[2025-08-01T03:47:10.086+0000] CardTable entry size: 512
[2025-08-01T03:47:10.086+0000] Using G1
[2025-08-01T03:47:10.124+0000] Version: 21.0.8+9-Ubuntu-0ubuntu124.04.1 (release)
[2025-08-01T03:47:10.124+0000] CPUs: 8 total, 8 available
[2025-08-01T03:47:10.124+0000] Memory: 7940M
[2025-08-01T03:47:10.124+0000] Large Page Support: Disabled
[2025-08-01T03:47:10.124+0000] NUMA Support: Disabled
[2025-08-01T03:47:10.124+0000] Compressed Oops: Enabled (Zero based)
[2025-08-01T03:47:10.124+0000] Heap Region Size: 2M
[2025-08-01T03:47:10.124+0000] Heap Min Capacity: 4G
[2025-08-01T03:47:10.124+0000] Heap Initial Capacity: 4G
[2025-08-01T03:47:10.124+0000] Heap Max Capacity: 4G
[2025-08-01T03:47:10.124+0000] Pre-touch: Disabled
[2025-08-01T03:47:10.124+0000] Parallel Workers: 8
[2025-08-01T03:47:10.124+0000] Concurrent Workers: 2
[2025-08-01T03:47:10.124+0000] Concurrent Refinement Workers: 8
[2025-08-01T03:47:10.124+0000] Periodic GC: Disabled
[2025-08-01T03:47:10.145+0000] CDS archive(s) mapped at: [0x000078423b000000-0x000078423bca0000-0x000078423bca0000), size 13238272, SharedBaseAddress: 0x000078423b000000, ArchiveRelocationMode: 1.
[2025-08-01T03:47:10.145+0000] Compressed class space mapped at: 0x000078423c000000-0x000078427c000000, reserved size: 1073741824
[2025-08-01T03:47:10.145+0000] Narrow klass base: 0x000078423b000000, Narrow klass shift: 0, Narrow klass range: 0x100000000
[2025-08-01T03:47:11.759+0000] GC(0) Pause Young (Normal) (G1 Evacuation Pause)
[2025-08-01T03:47:11.762+0000] GC(0) Using 8 workers of 8 for evacuation
[2025-08-01T03:47:11.855+0000] GC(0)   Pre Evacuate Collection Set: 0.7ms
[2025-08-01T03:47:11.855+0000] GC(0)   Merge Heap Roots: 0.3ms
[2025-08-01T03:47:11.855+0000] GC(0)   Evacuate Collection Set: 90.6ms
[2025-08-01T03:47:11.855+0000] GC(0)   Post Evacuate Collection Set: 1.2ms
[2025-08-01T03:47:11.855+0000] GC(0)   Other: 2.7ms
[2025-08-01T03:47:11.855+0000] GC(0) Eden regions: 102->0(89)
[2025-08-01T03:47:11.855+0000] GC(0) Survivor regions: 0->13(13)
[2025-08-01T03:47:11.855+0000] GC(0) Old regions: 1->77
[2025-08-01T03:47:11.855+0000] GC(0) Humongous regions: 0->0
[2025-08-01T03:47:11.855+0000] GC(0) Metaspace: 10610K(10816K)->10610K(10816K) NonClass: 9345K(9472K)->9345K(9472K) Class: 1265K(1344K)->1265K(1344K)
[2025-08-01T03:47:11.855+0000] GC(0) Pause Young (Normal) (G1 Evacuation Pause) 205M->179M(4096M) 95.751ms
[2025-08-01T03:47:11.855+0000] GC(0) User=0.25s Sys=0.37s Real=0.10s
[2025-08-01T03:47:11.876+0000] GC(1) Pause Young (Normal) (G1 Evacuation Pause)
[2025-08-01T03:47:11.876+0000] GC(1) Using 8 workers of 8 for evacuation
[2025-08-01T03:47:11.949+0000] GC(1)   Pre Evacuate Collection Set: 0.6ms
[2025-08-01T03:47:11.949+0000] GC(1)   Merge Heap Roots: 0.2ms
[2025-08-01T03:47:11.949+0000] GC(1)   Evacuate Collection Set: 70.8ms
[2025-08-01T03:47:11.949+0000] GC(1)   Post Evacuate Collection Set: 0.9ms
[2025-08-01T03:47:11.949+0000] GC(1)   Other: 0.1ms
[2025-08-01T03:47:11.949+0000] GC(1) Eden regions: 89->0(89)
[2025-08-01T03:47:11.949+0000] GC(1) Survivor regions: 13->13(13)
[2025-08-01T03:47:11.949+0000] GC(1) Old regions: 77->166
[2025-08-01T03:47:11.949+0000] GC(1) Humongous regions: 0->0
[2025-08-01T03:47:11.949+0000] GC(1) Metaspace: 10619K(10816K)->10619K(10816K) NonClass: 9354K(9472K)->9354K(9472K) Class: 1265K(1344K)->1265K(1344K)
[2025-08-01T03:47:11.949+0000] GC(1) Pause Young (Normal) (G1 Evacuation Pause) 357M->356M(4096M) 72.857ms
[2025-08-01T03:47:11.949+0000] GC(1) User=0.26s Sys=0.30s Real=0.07s
[2025-08-01T03:47:11.972+0000] GC(2) Pause Young (Normal) (G1 Evacuation Pause)
[2025-08-01T03:47:11.972+0000] GC(2) Using 8 workers of 8 for evacuation
[2025-08-01T03:47:12.042+0000] GC(2)   Pre Evacuate Collection Set: 1.0ms
[2025-08-01T03:47:12.042+0000] GC(2)   Merge Heap Roots: 0.1ms
[2025-08-01T03:47:12.042+0000] GC(2)   Evacuate Collection Set: 67.6ms
[2025-08-01T03:47:12.042+0000] GC(2)   Post Evacuate Collection Set: 0.6ms
[2025-08-01T03:47:12.042+0000] GC(2)   Other: 0.1ms
[2025-08-01T03:47:12.042+0000] GC(2) Eden regions: 89->0(89)
[2025-08-01T03:47:12.042+0000] GC(2) Survivor regions: 13->13(13)
[2025-08-01T03:47:12.042+0000] GC(2) Old regions: 166->256
[2025-08-01T03:47:12.042+0000] GC(2) Humongous regions: 0->0
[2025-08-01T03:47:12.042+0000] GC(2) Metaspace: 10619K(10816K)->10619K(10816K) NonClass: 9354K(9472K)->9354K(9472K) Class: 1265K(1344K)->1265K(1344K)
[2025-08-01T03:47:12.042+0000] GC(2) Pause Young (Normal) (G1 Evacuation Pause) 534M->537M(4096M) 69.760ms
[2025-08-01T03:47:12.042+0000] GC(2) User=0.22s Sys=0.32s Real=0.07s
[2025-08-01T03:47:12.065+0000] GC(3) Pause Young (Normal) (G1 Evacuation Pause)
[2025-08-01T03:47:12.065+0000] GC(3) Using 8 workers of 8 for evacuation
[2025-08-01T03:47:12.147+0000] GC(3)   Pre Evacuate Collection Set: 0.7ms
[2025-08-01T03:47:12.147+0000] GC(3)   Merge Heap Roots: 0.2ms
[2025-08-01T03:47:12.147+0000] GC(3)   Evacuate Collection Set: 80.5ms
[2025-08-01T03:47:12.147+0000] GC(3)   Post Evacuate Collection Set: 0.8ms
[2025-08-01T03:47:12.147+0000] GC(3)   Other: 0.1ms
[2025-08-01T03:47:12.147+0000] GC(3) Eden regions: 89->0(89)
[2025-08-01T03:47:12.147+0000] GC(3) Survivor regions: 13->13(13)
[2025-08-01T03:47:12.147+0000] GC(3) Old regions: 256->347
[2025-08-01T03:47:12.147+0000] GC(3) Humongous regions: 0->0
[2025-08-01T03:47:12.147+0000] GC(3) Metaspace: 10619K(10816K)->10619K(10816K) NonClass: 9354K(9472K)->9354K(9472K) Class: 1265K(1344K)->1265K(1344K)
[2025-08-01T03:47:12.147+0000] GC(3) Pause Young (Normal) (G1 Evacuation Pause) 715M->718M(4096M) 82.576ms
[2025-08-01T03:47:12.147+0000] GC(3) User=0.25s Sys=0.39s Real=0.08s
[2025-08-01T03:47:12.168+0000] GC(4) Pause Young (Normal) (G1 Evacuation Pause)
[2025-08-01T03:47:12.168+0000] GC(4) Using 8 workers of 8 for evacuation
[2025-08-01T03:47:12.228+0000] GC(4)   Pre Evacuate Collection Set: 0.5ms
[2025-08-01T03:47:12.228+0000] GC(4)   Merge Heap Roots: 0.1ms
[2025-08-01T03:47:12.228+0000] GC(4)   Evacuate Collection Set: 58.0ms
[2025-08-01T03:47:12.228+0000] GC(4)   Post Evacuate Collection Set: 0.9ms
[2025-08-01T03:47:12.228+0000] GC(4)   Other: 0.1ms
[2025-08-01T03:47:12.228+0000] GC(4) Eden regions: 89->0(89)
[2025-08-01T03:47:12.228+0000] GC(4) Survivor regions: 13->13(13)
[2025-08-01T03:47:12.228+0000] GC(4) Old regions: 347->437
[2025-08-01T03:47:12.228+0000] GC(4) Humongous regions: 0->0
[2025-08-01T03:47:12.228+0000] GC(4) Metaspace: 10619K(10816K)->10619K(10816K) NonClass: 9354K(9472K)->9354K(9472K) Class: 1265K(1344K)->1265K(1344K)
[2025-08-01T03:47:12.228+0000] GC(4) Pause Young (Normal) (G1 Evacuation Pause) 896M->898M(4096M) 59.881ms
[2025-08-01T03:47:12.228+0000] GC(4) User=0.18s Sys=0.28s Real=0.06s
[2025-08-01T03:47:12.247+0000] GC(5) Pause Young (Normal) (G1 Evacuation Pause)
[2025-08-01T03:47:12.247+0000] GC(5) Using 8 workers of 8 for evacuation
[2025-08-01T03:47:12.313+0000] GC(5)   Pre Evacuate Collection Set: 0.5ms
[2025-08-01T03:47:12.313+0000] GC(5)   Merge Heap Roots: 0.2ms
[2025-08-01T03:47:12.313+0000] GC(5)   Evacuate Collection Set: 64.1ms
[2025-08-01T03:47:12.313+0000] GC(5)   Post Evacuate Collection Set: 0.6ms
[2025-08-01T03:47:12.313+0000] GC(5)   Other: 0.1ms
[2025-08-01T03:47:12.313+0000] GC(5) Eden regions: 89->0(89)
[2025-08-01T03:47:12.313+0000] GC(5) Survivor regions: 13->13(13)
[2025-08-01T03:47:12.313+0000] GC(5) Old regions: 437->528
[2025-08-01T03:47:12.313+0000] GC(5) Humongous regions: 0->0
[2025-08-01T03:47:12.313+0000] GC(5) Metaspace: 10619K(10816K)->10619K(10816K) NonClass: 9354K(9472K)->9354K(9472K) Class: 1265K(1344K)->1265K(1344K)
[2025-08-01T03:47:12.313+0000] GC(5) Pause Young (Normal) (G1 Evacuation Pause) 1076M->1080M(4096M) 65.871ms
[2025-08-01T03:47:12.313+0000] GC(5) User=0.21s Sys=0.30s Real=0.07s
[2025-08-01T03:47:12.332+0000] GC(6) Pause Young (Normal) (G1 Evacuation Pause)
[2025-08-01T03:47:12.332+0000] GC(6) Using 8 workers of 8 for evacuation
[2025-08-01T03:47:12.403+0000] GC(6)   Pre Evacuate Collection Set: 0.8ms
[2025-08-01T03:47:12.403+0000] GC(6)   Merge Heap Roots: 0.2ms
[2025-08-01T03:47:12.403+0000] GC(6)   Evacuate Collection Set: 68.3ms
[2025-08-01T03:47:12.403+0000] GC(6)   Post Evacuate Collection Set: 1.2ms
[2025-08-01T03:47:12.403+0000] GC(6)   Other: 0.1ms
[2025-08-01T03:47:12.403+0000] GC(6) Eden regions: 89->0(89)
[2025-08-01T03:47:12.403+0000] GC(6) Survivor regions: 13->13(13)
[2025-08-01T03:47:12.403+0000] GC(6) Old regions: 528->619
[2025-08-01T03:47:12.403+0000] GC(6) Humongous regions: 0->0
[2025-08-01T03:47:12.403+0000] GC(6) Metaspace: 10619K(10816K)->10619K(10816K) NonClass: 9354K(9472K)->9354K(9472K) Class: 1265K(1344K)->1265K(1344K)
[2025-08-01T03:47:12.403+0000] GC(6) Pause Young (Normal) (G1 Evacuation Pause) 1258M->1262M(4096M) 70.901ms
[2025-08-01T03:47:12.403+0000] GC(6) User=0.23s Sys=0.32s Real=0.08s
[2025-08-01T03:47:12.420+0000] GC(7) Pause Young (Normal) (G1 Evacuation Pause)
[2025-08-01T03:47:12.420+0000] GC(7) Using 8 workers of 8 for evacuation
[2025-08-01T03:47:12.492+0000] GC(7)   Pre Evacuate Collection Set: 0.7ms
[2025-08-01T03:47:12.493+0000] GC(7)   Merge Heap Roots: 0.2ms
[2025-08-01T03:47:12.493+0000] GC(7)   Evacuate Collection Set: 70.5ms
[2025-08-01T03:47:12.493+0000] GC(7)   Post Evacuate Collection Set: 0.9ms
[2025-08-01T03:47:12.493+0000] GC(7)   Other: 0.1ms
[2025-08-01T03:47:12.493+0000] GC(7) Eden regions: 89->0(89)
[2025-08-01T03:47:12.493+0000] GC(7) Survivor regions: 13->13(13)
[2025-08-01T03:47:12.493+0000] GC(7) Old regions: 619->709
[2025-08-01T03:47:12.493+0000] GC(7) Humongous regions: 0->0
[2025-08-01T03:47:12.493+0000] GC(7) Metaspace: 10619K(10816K)->10619K(10816K) NonClass: 9354K(9472K)->9354K(9472K) Class: 1265K(1344K)->1265K(1344K)
[2025-08-01T03:47:12.493+0000] GC(7) Pause Young (Normal) (G1 Evacuation Pause) 1440M->1443M(4096M) 72.591ms
[2025-08-01T03:47:12.493+0000] GC(7) User=0.26s Sys=0.30s Real=0.07s
[2025-08-01T03:47:12.512+0000] GC(8) Pause Young (Normal) (G1 Evacuation Pause)
[2025-08-01T03:47:12.512+0000] GC(8) Using 8 workers of 8 for evacuation
[2025-08-01T03:47:12.575+0000] GC(8)   Pre Evacuate Collection Set: 0.5ms
[2025-08-01T03:47:12.575+0000] GC(8)   Merge Heap Roots: 0.1ms
[2025-08-01T03:47:12.575+0000] GC(8)   Evacuate Collection Set: 61.7ms
[2025-08-01T03:47:12.575+0000] GC(8)   Post Evacuate Collection Set: 0.8ms
[2025-08-01T03:47:12.575+0000] GC(8)   Other: 0.1ms
[2025-08-01T03:47:12.575+0000] GC(8) Eden regions: 89->0(89)
[2025-08-01T03:47:12.575+0000] GC(8) Survivor regions: 13->13(13)
[2025-08-01T03:47:12.575+0000] GC(8) Old regions: 709->799
[2025-08-01T03:47:12.575+0000] GC(8) Humongous regions: 0->0
[2025-08-01T03:47:12.575+0000] GC(8) Metaspace: 10619K(10816K)->10619K(10816K) NonClass: 9354K(9472K)->9354K(9472K) Class: 1265K(1344K)->1265K(1344K)
[2025-08-01T03:47:12.575+0000] GC(8) Pause Young (Normal) (G1 Evacuation Pause) 1621M->1623M(4096M) 63.487ms
[2025-08-01T03:47:12.575+0000] GC(8) User=0.20s Sys=0.29s Real=0.07s
[2025-08-01T03:47:12.594+0000] GC(9) Pause Young (Normal) (G1 Evacuation Pause)
[2025-08-01T03:47:12.594+0000] GC(9) Using 8 workers of 8 for evacuation
[2025-08-01T03:47:12.645+0000] GC(9)   Pre Evacuate Collection Set: 0.5ms
[2025-08-01T03:47:12.645+0000] GC(9)   Merge Heap Roots: 0.1ms
[2025-08-01T03:47:12.645+0000] GC(9)   Evacuate Collection Set: 49.5ms
[2025-08-01T03:47:12.645+0000] GC(9)   Post Evacuate Collection Set: 0.7ms
[2025-08-01T03:47:12.645+0000] GC(9)   Other: 0.1ms
[2025-08-01T03:47:12.645+0000] GC(9) Eden regions: 89->0(89)
[2025-08-01T03:47:12.645+0000] GC(9) Survivor regions: 13->13(13)
[2025-08-01T03:47:12.645+0000] GC(9) Old regions: 799->867
[2025-08-01T03:47:12.645+0000] GC(9) Humongous regions: 0->0
[2025-08-01T03:47:12.645+0000] GC(9) Metaspace: 10619K(10816K)->10619K(10816K) NonClass: 9354K(9472K)->9354K(9472K) Class: 1265K(1344K)->1265K(1344K)
[2025-08-01T03:47:12.645+0000] GC(9) Pause Young (Normal) (G1 Evacuation Pause) 1801M->1759M(4096M) 51.226ms
[2025-08-01T03:47:12.645+0000] GC(9) User=0.16s Sys=0.22s Real=0.05s
[2025-08-01T03:47:12.662+0000] GC(10) Pause Young (Normal) (G1 Evacuation Pause)
[2025-08-01T03:47:12.662+0000] GC(10) Using 8 workers of 8 for evacuation
[2025-08-01T03:47:12.727+0000] GC(10)   Pre Evacuate Collection Set: 0.7ms
[2025-08-01T03:47:12.727+0000] GC(10)   Merge Heap Roots: 0.3ms
[2025-08-01T03:47:12.727+0000] GC(10)   Evacuate Collection Set: 63.3ms
[2025-08-01T03:47:12.727+0000] GC(10)   Post Evacuate Collection Set: 1.1ms
[2025-08-01T03:47:12.727+0000] GC(10)   Other: 0.2ms
[2025-08-01T03:47:12.727+0000] GC(10) Eden regions: 89->0(89)
[2025-08-01T03:47:12.728+0000] GC(10) Survivor regions: 13->13(13)
[2025-08-01T03:47:12.728+0000] GC(10) Old regions: 867->933
[2025-08-01T03:47:12.728+0000] GC(10) Humongous regions: 0->0
[2025-08-01T03:47:12.728+0000] GC(10) Metaspace: 10619K(10816K)->10619K(10816K) NonClass: 9354K(9472K)->9354K(9472K) Class: 1265K(1344K)->1265K(1344K)
[2025-08-01T03:47:12.728+0000] GC(10) Pause Young (Normal) (G1 Evacuation Pause) 1937M->1890M(4096M) 65.859ms
[2025-08-01T03:47:12.728+0000] GC(10) User=0.20s Sys=0.30s Real=0.07s
[2025-08-01T03:47:12.744+0000] GC(11) Pause Young (Concurrent Start) (G1 Evacuation Pause)
[2025-08-01T03:47:12.744+0000] GC(11) Using 8 workers of 8 for evacuation
[2025-08-01T03:47:12.832+0000] GC(11)   Pre Evacuate Collection Set: 0.6ms
[2025-08-01T03:47:12.832+0000] GC(11)   Merge Heap Roots: 0.2ms
[2025-08-01T03:47:12.832+0000] GC(11)   Evacuate Collection Set: 86.1ms
[2025-08-01T03:47:12.832+0000] GC(11)   Post Evacuate Collection Set: 0.8ms
[2025-08-01T03:47:12.832+0000] GC(11)   Other: 0.3ms
[2025-08-01T03:47:12.832+0000] GC(11) Eden regions: 89->0(89)
[2025-08-01T03:47:12.832+0000] GC(11) Survivor regions: 13->13(13)
[2025-08-01T03:47:12.832+0000] GC(11) Old regions: 933->1023
[2025-08-01T03:47:12.832+0000] GC(11) Humongous regions: 0->0
[2025-08-01T03:47:12.832+0000] GC(11) Metaspace: 10619K(10816K)->10619K(10816K) NonClass: 9354K(9472K)->9354K(9472K) Class: 1265K(1344K)->1265K(1344K)
[2025-08-01T03:47:12.832+0000] GC(11) Pause Young (Concurrent Start) (G1 Evacuation Pause) 2068M->2071M(4096M) 88.235ms
[2025-08-01T03:47:12.832+0000] GC(11) User=0.27s Sys=0.41s Real=0.08s
[2025-08-01T03:47:12.832+0000] GC(12) Concurrent Mark Cycle
[2025-08-01T03:47:12.832+0000] GC(12) Concurrent Scan Root Regions
[2025-08-01T03:47:12.852+0000] GC(13) Pause Young (Normal) (G1 Evacuation Pause)
[2025-08-01T03:47:12.852+0000] GC(13) Using 8 workers of 8 for evacuation
[2025-08-01T03:47:12.861+0000] GC(12) Concurrent Scan Root Regions 28.973ms
[2025-08-01T03:47:12.861+0000] GC(12) Concurrent Mark
[2025-08-01T03:47:12.861+0000] GC(12) Concurrent Mark From Roots
[2025-08-01T03:47:12.861+0000] GC(12) Using 2 workers of 2 for marking
[2025-08-01T03:47:12.937+0000] GC(13)   Pre Evacuate Collection Set: 0.6ms
[2025-08-01T03:47:12.937+0000] GC(13)   Merge Heap Roots: 0.2ms
[2025-08-01T03:47:12.937+0000] GC(13)   Evacuate Collection Set: 74.2ms
[2025-08-01T03:47:12.937+0000] GC(13)   Post Evacuate Collection Set: 0.9ms
[2025-08-01T03:47:12.937+0000] GC(13)   Other: 0.1ms
[2025-08-01T03:47:12.937+0000] GC(13) Eden regions: 89->0(94)
[2025-08-01T03:47:12.937+0000] GC(13) Survivor regions: 13->13(13)
[2025-08-01T03:47:12.937+0000] GC(13) Old regions: 1023->1114
[2025-08-01T03:47:12.937+0000] GC(13) Humongous regions: 0->0
[2025-08-01T03:47:12.937+0000] GC(13) Metaspace: 10619K(10816K)->10619K(10816K) NonClass: 9354K(9472K)->9354K(9472K) Class: 1265K(1344K)->1265K(1344K)
[2025-08-01T03:47:12.938+0000] GC(13) Pause Young (Normal) (G1 Evacuation Pause) 2249M->2252M(4096M) 86.002ms
[2025-08-01T03:47:12.938+0000] GC(13) User=0.22s Sys=0.39s Real=0.09s
[2025-08-01T03:47:12.964+0000] GC(14) Pause Young (Normal) (G1 Evacuation Pause)
[2025-08-01T03:47:12.964+0000] GC(14) Using 8 workers of 8 for evacuation
[2025-08-01T03:47:13.052+0000] GC(14)   Pre Evacuate Collection Set: 1.0ms
[2025-08-01T03:47:13.052+0000] GC(14)   Merge Heap Roots: 0.1ms
[2025-08-01T03:47:13.052+0000] GC(14)   Evacuate Collection Set: 85.6ms
[2025-08-01T03:47:13.052+0000] GC(14)   Post Evacuate Collection Set: 0.9ms
[2025-08-01T03:47:13.052+0000] GC(14)   Other: 0.1ms
[2025-08-01T03:47:13.052+0000] GC(14) Eden regions: 94->0(106)
[2025-08-01T03:47:13.052+0000] GC(14) Survivor regions: 13->14(14)
[2025-08-01T03:47:13.052+0000] GC(14) Old regions: 1114->1208
[2025-08-01T03:47:13.052+0000] GC(14) Humongous regions: 0->0
[2025-08-01T03:47:13.052+0000] GC(14) Metaspace: 10619K(10816K)->10619K(10816K) NonClass: 9354K(9472K)->9354K(9472K) Class: 1265K(1344K)->1265K(1344K)
[2025-08-01T03:47:13.052+0000] GC(14) Pause Young (Normal) (G1 Evacuation Pause) 2440M->2443M(4096M) 87.987ms
[2025-08-01T03:47:13.052+0000] GC(14) User=0.26s Sys=0.42s Real=0.08s
[2025-08-01T03:47:13.078+0000] GC(15) Pause Young (Normal) (G1 Evacuation Pause)
[2025-08-01T03:47:13.078+0000] GC(15) Using 8 workers of 8 for evacuation
[2025-08-01T03:47:13.182+0000] GC(15)   Pre Evacuate Collection Set: 0.6ms
[2025-08-01T03:47:13.182+0000] GC(15)   Merge Heap Roots: 0.2ms
[2025-08-01T03:47:13.182+0000] GC(15)   Evacuate Collection Set: 101.9ms
[2025-08-01T03:47:13.182+0000] GC(15)   Post Evacuate Collection Set: 0.7ms
[2025-08-01T03:47:13.182+0000] GC(15)   Other: 0.1ms
[2025-08-01T03:47:13.182+0000] GC(15) Eden regions: 106->0(115)
[2025-08-01T03:47:13.182+0000] GC(15) Survivor regions: 14->15(15)
[2025-08-01T03:47:13.182+0000] GC(15) Old regions: 1208->1315
[2025-08-01T03:47:13.182+0000] GC(15) Humongous regions: 0->0
[2025-08-01T03:47:13.182+0000] GC(15) Metaspace: 10619K(10816K)->10619K(10816K) NonClass: 9354K(9472K)->9354K(9472K) Class: 1265K(1344K)->1265K(1344K)
[2025-08-01T03:47:13.182+0000] GC(15) Pause Young (Normal) (G1 Evacuation Pause) 2655M->2658M(4096M) 103.790ms
[2025-08-01T03:47:13.182+0000] GC(15) User=0.31s Sys=0.50s Real=0.10s
[2025-08-01T03:47:13.196+0000] GC(12) Concurrent Mark From Roots 334.990ms
[2025-08-01T03:47:13.197+0000] GC(12) Concurrent Preclean
[2025-08-01T03:47:13.197+0000] GC(12) Concurrent Preclean 0.043ms
[2025-08-01T03:47:13.197+0000] GC(12) Pause Remark
[2025-08-01T03:47:13.200+0000] GC(12) Pause Remark 2804M->1100M(4096M) 2.352ms
[2025-08-01T03:47:13.200+0000] GC(12) User=0.01s Sys=0.01s Real=0.00s
[2025-08-01T03:47:13.200+0000] GC(12) Concurrent Mark 338.262ms
[2025-08-01T03:47:13.200+0000] GC(12) Concurrent Rebuild Remembered Sets and Scrub Regions
[2025-08-01T03:47:13.240+0000] GC(16) Pause Young (Normal) (G1 Evacuation Pause)
[2025-08-01T03:47:13.240+0000] GC(16) Using 8 workers of 8 for evacuation
[2025-08-01T03:47:13.299+0000] GC(16)   Pre Evacuate Collection Set: 0.6ms
[2025-08-01T03:47:13.299+0000] GC(16)   Merge Heap Roots: 0.1ms
[2025-08-01T03:47:13.299+0000] GC(16)   Evacuate Collection Set: 56.2ms
[2025-08-01T03:47:13.299+0000] GC(16)   Post Evacuate Collection Set: 0.9ms
[2025-08-01T03:47:13.299+0000] GC(16)   Other: 0.3ms
[2025-08-01T03:47:13.299+0000] GC(16) Eden regions: 115->0(136)
[2025-08-01T03:47:13.299+0000] GC(16) Survivor regions: 15->17(17)
[2025-08-01T03:47:13.299+0000] GC(16) Old regions: 463->577
[2025-08-01T03:47:13.299+0000] GC(16) Humongous regions: 0->0
[2025-08-01T03:47:13.299+0000] GC(16) Metaspace: 10619K(10816K)->10619K(10816K) NonClass: 9354K(9472K)->9354K(9472K) Class: 1265K(1344K)->1265K(1344K)
[2025-08-01T03:47:13.299+0000] GC(16) Pause Young (Normal) (G1 Evacuation Pause) 1184M->1187M(4096M) 58.397ms
[2025-08-01T03:47:13.299+0000] GC(16) User=0.33s Sys=0.11s Real=0.06s
[2025-08-01T03:47:13.328+0000] GC(17) Pause Young (Normal) (G1 Evacuation Pause)
[2025-08-01T03:47:13.328+0000] GC(17) Using 8 workers of 8 for evacuation
[2025-08-01T03:47:13.391+0000] GC(17)   Pre Evacuate Collection Set: 0.6ms
[2025-08-01T03:47:13.391+0000] GC(17)   Merge Heap Roots: 0.2ms
[2025-08-01T03:47:13.391+0000] GC(17)   Evacuate Collection Set: 62.1ms
[2025-08-01T03:47:13.391+0000] GC(17)   Post Evacuate Collection Set: 0.6ms
[2025-08-01T03:47:13.391+0000] GC(17)   Other: 0.1ms
[2025-08-01T03:47:13.391+0000] GC(17) Eden regions: 136->0(158)
[2025-08-01T03:47:13.391+0000] GC(17) Survivor regions: 17->20(20)
[2025-08-01T03:47:13.391+0000] GC(17) Old regions: 577->712
[2025-08-01T03:47:13.392+0000] GC(17) Humongous regions: 0->0
[2025-08-01T03:47:13.392+0000] GC(17) Metaspace: 10619K(10816K)->10619K(10816K) NonClass: 9354K(9472K)->9354K(9472K) Class: 1265K(1344K)->1265K(1344K)
[2025-08-01T03:47:13.392+0000] GC(17) Pause Young (Normal) (G1 Evacuation Pause) 1459M->1462M(4096M) 64.020ms
[2025-08-01T03:47:13.392+0000] GC(17) User=0.35s Sys=0.15s Real=0.06s
[2025-08-01T03:47:13.424+0000] GC(12) Concurrent Rebuild Remembered Sets and Scrub Regions 224.486ms
[2025-08-01T03:47:13.424+0000] GC(12) Pause Cleanup
[2025-08-01T03:47:13.425+0000] GC(12) Pause Cleanup 1530M->1530M(4096M) 1.012ms
[2025-08-01T03:47:13.425+0000] GC(12) User=0.00s Sys=0.00s Real=0.00s
[2025-08-01T03:47:13.426+0000] GC(12) Concurrent Clear Claimed Marks
[2025-08-01T03:47:13.426+0000] GC(12) Concurrent Clear Claimed Marks 0.046ms
[2025-08-01T03:47:13.426+0000] GC(12) Concurrent Cleanup for Next Mark
[2025-08-01T03:47:13.482+0000] GC(18) Pause Young (Prepare Mixed) (G1 Evacuation Pause)
[2025-08-01T03:47:13.482+0000] GC(18) Using 8 workers of 8 for evacuation
[2025-08-01T03:47:13.559+0000] GC(18)   Pre Evacuate Collection Set: 0.8ms
[2025-08-01T03:47:13.560+0000] GC(18)   Merge Heap Roots: 0.3ms
[2025-08-01T03:47:13.560+0000] GC(18)   Evacuate Collection Set: 75.0ms
[2025-08-01T03:47:13.560+0000] GC(18)   Post Evacuate Collection Set: 0.9ms
[2025-08-01T03:47:13.560+0000] GC(18)   Other: 0.2ms
[2025-08-01T03:47:13.560+0000] GC(18) Eden regions: 158->0(179)
[2025-08-01T03:47:13.560+0000] GC(18) Survivor regions: 20->23(23)
[2025-08-01T03:47:13.560+0000] GC(18) Old regions: 712->868
[2025-08-01T03:47:13.560+0000] GC(18) Humongous regions: 0->0
[2025-08-01T03:47:13.560+0000] GC(18) Metaspace: 10619K(10816K)->10619K(10816K) NonClass: 9354K(9472K)->9354K(9472K) Class: 1265K(1344K)->1265K(1344K)
[2025-08-01T03:47:13.560+0000] GC(18) Pause Young (Prepare Mixed) (G1 Evacuation Pause) 1778M->1781M(4096M) 77.416ms
[2025-08-01T03:47:13.560+0000] GC(18) User=0.44s Sys=0.14s Real=0.08s
[2025-08-01T03:47:13.652+0000] GC(19) Pause Young (Mixed) (G1 Evacuation Pause)
[2025-08-01T03:47:13.653+0000] GC(19) Using 8 workers of 8 for evacuation
[2025-08-01T03:47:13.730+0000] GC(19)   Pre Evacuate Collection Set: 0.7ms
[2025-08-01T03:47:13.730+0000] GC(19)   Merge Heap Roots: 0.2ms
[2025-08-01T03:47:13.730+0000] GC(19)   Evacuate Collection Set: 75.1ms
[2025-08-01T03:47:13.731+0000] GC(19)   Post Evacuate Collection Set: 1.7ms
[2025-08-01T03:47:13.731+0000] GC(19)   Other: 0.1ms
[2025-08-01T03:47:13.731+0000] GC(19) Eden regions: 179->0(709)
[2025-08-01T03:47:13.731+0000] GC(19) Survivor regions: 23->26(26)
[2025-08-01T03:47:13.731+0000] GC(19) Old regions: 868->963
[2025-08-01T03:47:13.731+0000] GC(19) Humongous regions: 0->0
[2025-08-01T03:47:13.731+0000] GC(19) Metaspace: 10619K(10816K)->10619K(10816K) NonClass: 9354K(9472K)->9354K(9472K) Class: 1265K(1344K)->1265K(1344K)
[2025-08-01T03:47:13.731+0000] GC(19) Pause Young (Mixed) (G1 Evacuation Pause) 2139M->1976M(4096M) 78.133ms
[2025-08-01T03:47:13.731+0000] GC(19) User=0.32s Sys=0.23s Real=0.08s
[2025-08-01T03:47:14.000+0000] GC(12) Concurrent Cleanup for Next Mark 574.421ms
[2025-08-01T03:47:14.000+0000] GC(12) Concurrent Mark Cycle 1167.913ms
[2025-08-01T03:47:14.482+0000] GC(20) Pause Young (Normal) (G1 Evacuation Pause)
[2025-08-01T03:47:14.482+0000] GC(20) Using 8 workers of 8 for evacuation
[2025-08-01T03:47:14.717+0000] GC(20) MMU target violated: 201.0ms (200.0ms/201.0ms)
[2025-08-01T03:47:14.717+0000] GC(20)   Pre Evacuate Collection Set: 0.8ms
[2025-08-01T03:47:14.717+0000] GC(20)   Merge Heap Roots: 0.3ms
[2025-08-01T03:47:14.717+0000] GC(20)   Evacuate Collection Set: 191.9ms
[2025-08-01T03:47:14.717+0000] GC(20)   Post Evacuate Collection Set: 41.7ms
[2025-08-01T03:47:14.717+0000] GC(20)   Other: 0.4ms
[2025-08-01T03:47:14.717+0000] GC(20) Eden regions: 709->0(10)
[2025-08-01T03:47:14.717+0000] GC(20) Survivor regions: 26->92(92)
[2025-08-01T03:47:14.717+0000] GC(20) Old regions: 963->1763
[2025-08-01T03:47:14.717+0000] GC(20) Humongous regions: 0->0
[2025-08-01T03:47:14.717+0000] GC(20) Metaspace: 10619K(10816K)->10619K(10816K) NonClass: 9354K(9472K)->9354K(9472K) Class: 1265K(1344K)->1265K(1344K)
[2025-08-01T03:47:14.717+0000] GC(20) Pause Young (Normal) (G1 Evacuation Pause) (Evacuation Failure) 3394M->3709M(4096M) 235.366ms
[2025-08-01T03:47:14.718+0000] GC(20) User=1.58s Sys=0.25s Real=0.24s
[2025-08-01T03:47:14.720+0000] GC(21) Pause Young (Concurrent Start) (G1 Evacuation Pause)
[2025-08-01T03:47:14.720+0000] GC(21) Using 8 workers of 8 for evacuation
[2025-08-01T03:47:14.757+0000] GC(21)   Pre Evacuate Collection Set: 1.9ms
[2025-08-01T03:47:14.757+0000] GC(21)   Merge Heap Roots: 0.2ms
[2025-08-01T03:47:14.757+0000] GC(21)   Evacuate Collection Set: 33.3ms
[2025-08-01T03:47:14.757+0000] GC(21)   Post Evacuate Collection Set: 1.4ms
[2025-08-01T03:47:14.757+0000] GC(21)   Other: 0.3ms
[2025-08-01T03:47:14.757+0000] GC(21) Eden regions: 10->0(91)
[2025-08-01T03:47:14.757+0000] GC(21) Survivor regions: 92->11(13)
[2025-08-01T03:47:14.757+0000] GC(21) Old regions: 1763->1857
[2025-08-01T03:47:14.757+0000] GC(21) Humongous regions: 0->0
[2025-08-01T03:47:14.757+0000] GC(21) Metaspace: 10619K(10816K)->10619K(10816K) NonClass: 9354K(9472K)->9354K(9472K) Class: 1265K(1344K)->1265K(1344K)
[2025-08-01T03:47:14.757+0000] GC(21) Pause Young (Concurrent Start) (G1 Evacuation Pause) 3729M->3735M(4096M) 37.378ms
[2025-08-01T03:47:14.757+0000] GC(21) User=0.23s Sys=0.00s Real=0.04s
[2025-08-01T03:47:14.757+0000] GC(22) Concurrent Mark Cycle
[2025-08-01T03:47:14.757+0000] GC(22) Concurrent Scan Root Regions
[2025-08-01T03:47:14.777+0000] GC(22) Concurrent Scan Root Regions 19.560ms
[2025-08-01T03:47:14.777+0000] GC(22) Concurrent Mark
[2025-08-01T03:47:14.777+0000] GC(22) Concurrent Mark From Roots
[2025-08-01T03:47:14.777+0000] GC(22) Using 2 workers of 2 for marking
[2025-08-01T03:47:14.826+0000] GC(23) Pause Young (Normal) (G1 Evacuation Pause)
[2025-08-01T03:47:14.827+0000] GC(23) Using 8 workers of 8 for evacuation
[2025-08-01T03:47:14.837+0000] GC(23)   Pre Evacuate Collection Set: 0.8ms
[2025-08-01T03:47:14.838+0000] GC(23)   Merge Heap Roots: 0.2ms
[2025-08-01T03:47:14.838+0000] GC(23)   Evacuate Collection Set: 8.9ms
[2025-08-01T03:47:14.838+0000] GC(23)   Post Evacuate Collection Set: 0.8ms
[2025-08-01T03:47:14.838+0000] GC(23)   Other: 0.1ms
[2025-08-01T03:47:14.838+0000] GC(23) Eden regions: 91->0(89)
[2025-08-01T03:47:14.838+0000] GC(23) Survivor regions: 11->13(13)
[2025-08-01T03:47:14.838+0000] GC(23) Old regions: 1857->1876
[2025-08-01T03:47:14.838+0000] GC(23) Humongous regions: 0->0
[2025-08-01T03:47:14.838+0000] GC(23) Metaspace: 10619K(10816K)->10619K(10816K) NonClass: 9354K(9472K)->9354K(9472K) Class: 1265K(1344K)->1265K(1344K)
[2025-08-01T03:47:14.838+0000] GC(23) Pause Young (Normal) (G1 Evacuation Pause) 3917M->3777M(4096M) 11.176ms
[2025-08-01T03:47:14.838+0000] GC(23) User=0.07s Sys=0.00s Real=0.01s
[2025-08-01T03:47:14.855+0000] GC(24) Pause Young (Normal) (G1 Evacuation Pause)
[2025-08-01T03:47:14.855+0000] GC(24) Using 8 workers of 8 for evacuation
[2025-08-01T03:47:14.891+0000] GC(24)   Pre Evacuate Collection Set: 0.6ms
[2025-08-01T03:47:14.891+0000] GC(24)   Merge Heap Roots: 0.1ms
[2025-08-01T03:47:14.891+0000] GC(24)   Evacuate Collection Set: 26.3ms
[2025-08-01T03:47:14.891+0000] GC(24)   Post Evacuate Collection Set: 8.2ms
[2025-08-01T03:47:14.891+0000] GC(24)   Other: 0.1ms
[2025-08-01T03:47:14.891+0000] GC(24) Eden regions: 89->0(13)
[2025-08-01T03:47:14.891+0000] GC(24) Survivor regions: 13->13(13)
[2025-08-01T03:47:14.891+0000] GC(24) Old regions: 1876->2009
[2025-08-01T03:47:14.891+0000] GC(24) Humongous regions: 0->0
[2025-08-01T03:47:14.891+0000] GC(24) Metaspace: 10619K(10816K)->10619K(10816K) NonClass: 9354K(9472K)->9354K(9472K) Class: 1265K(1344K)->1265K(1344K)
[2025-08-01T03:47:14.891+0000] GC(24) Pause Young (Normal) (G1 Evacuation Pause) (Evacuation Failure) 3955M->4043M(4096M) 35.682ms
[2025-08-01T03:47:14.891+0000] GC(24) User=0.25s Sys=0.01s Real=0.03s
[2025-08-01T03:47:14.894+0000] GC(25) Pause Young (Normal) (G1 Evacuation Pause)
[2025-08-01T03:47:14.894+0000] GC(25) Using 8 workers of 8 for evacuation
[2025-08-01T03:47:14.903+0000] GC(25)   Pre Evacuate Collection Set: 0.6ms
[2025-08-01T03:47:14.903+0000] GC(25)   Merge Heap Roots: 0.2ms
[2025-08-01T03:47:14.903+0000] GC(25)   Evacuate Collection Set: 6.0ms
[2025-08-01T03:47:14.903+0000] GC(25)   Post Evacuate Collection Set: 2.7ms
[2025-08-01T03:47:14.904+0000] GC(25)   Other: 0.1ms
[2025-08-01T03:47:14.904+0000] GC(25) Eden regions: 13->0(0)
[2025-08-01T03:47:14.904+0000] GC(25) Survivor regions: 13->4(4)
[2025-08-01T03:47:14.904+0000] GC(25) Old regions: 2009->2042
[2025-08-01T03:47:14.904+0000] GC(25) Humongous regions: 0->0
[2025-08-01T03:47:14.904+0000] GC(25) Metaspace: 10619K(10816K)->10619K(10816K) NonClass: 9354K(9472K)->9354K(9472K) Class: 1265K(1344K)->1265K(1344K)
[2025-08-01T03:47:14.904+0000] GC(25) Pause Young (Normal) (G1 Evacuation Pause) (Evacuation Failure) 4069M->4091M(4096M) 9.927ms
[2025-08-01T03:47:14.904+0000] GC(25) User=0.06s Sys=0.00s Real=0.01s
[2025-08-01T03:47:14.904+0000] Attempting full compaction
[2025-08-01T03:47:14.904+0000] GC(26) Pause Full (G1 Compaction Pause)
[2025-08-01T03:47:14.904+0000] GC(26) Using 8 workers of 8 for full compaction
[2025-08-01T03:47:14.909+0000] GC(26) Phase 1: Mark live objects
[2025-08-01T03:47:14.927+0000] GC(26) Phase 1: Mark live objects 17.787ms
[2025-08-01T03:47:14.927+0000] GC(26) Phase 2: Prepare compaction
[2025-08-01T03:47:14.935+0000] GC(26) Phase 2: Prepare compaction 7.626ms
[2025-08-01T03:47:14.935+0000] GC(26) Phase 3: Adjust pointers
[2025-08-01T03:47:14.950+0000] GC(26) Phase 3: Adjust pointers 15.703ms
[2025-08-01T03:47:14.950+0000] GC(26) Phase 4: Compact heap
[2025-08-01T03:47:14.969+0000] GC(26) Phase 4: Compact heap 18.895ms
[2025-08-01T03:47:14.969+0000] GC(26) Phase 5: Reset Metadata
[2025-08-01T03:47:14.981+0000] GC(26) Phase 5: Reset Metadata 11.932ms
[2025-08-01T03:47:14.990+0000] GC(26) Eden regions: 0->0(339)
[2025-08-01T03:47:14.990+0000] GC(26) Survivor regions: 4->0(4)
[2025-08-01T03:47:14.990+0000] GC(26) Old regions: 2042->138
[2025-08-01T03:47:14.990+0000] GC(26) Humongous regions: 0->0
[2025-08-01T03:47:14.990+0000] GC(26) Metaspace: 10619K(10816K)->10593K(10816K) NonClass: 9354K(9472K)->9335K(9472K) Class: 1265K(1344K)->1258K(1344K)
[2025-08-01T03:47:14.990+0000] GC(26) Pause Full (G1 Compaction Pause) 4091M->269M(4096M) 85.954ms
[2025-08-01T03:47:14.990+0000] GC(26) User=0.55s Sys=0.01s Real=0.08s
[2025-08-01T03:47:14.990+0000] GC(22) Concurrent Mark From Roots 213.072ms
[2025-08-01T03:47:14.990+0000] GC(22) Concurrent Mark Abort
[2025-08-01T03:47:14.990+0000] GC(22) Concurrent Mark Cycle 232.918ms
[2025-08-01T03:47:15.154+0000] GC(27) Pause Young (Normal) (G1 Evacuation Pause)
[2025-08-01T03:47:15.154+0000] GC(27) Using 8 workers of 8 for evacuation
[2025-08-01T03:47:15.339+0000] GC(27)   Pre Evacuate Collection Set: 2.1ms
[2025-08-01T03:47:15.339+0000] GC(27)   Merge Heap Roots: 0.2ms
[2025-08-01T03:47:15.339+0000] GC(27)   Evacuate Collection Set: 181.4ms
[2025-08-01T03:47:15.339+0000] GC(27)   Post Evacuate Collection Set: 1.0ms
[2025-08-01T03:47:15.339+0000] GC(27)   Other: 0.1ms
[2025-08-01T03:47:15.339+0000] GC(27) Eden regions: 324->0(302)
[2025-08-01T03:47:15.339+0000] GC(27) Survivor regions: 0->41(41)
[2025-08-01T03:47:15.339+0000] GC(27) Old regions: 138->416
[2025-08-01T03:47:15.339+0000] GC(27) Humongous regions: 0->0
[2025-08-01T03:47:15.339+0000] GC(27) Metaspace: 10593K(10816K)->10593K(10816K) NonClass: 9335K(9472K)->9335K(9472K) Class: 1258K(1344K)->1258K(1344K)
[2025-08-01T03:47:15.339+0000] GC(27) Pause Young (Normal) (G1 Evacuation Pause) 917M->907M(4096M) 185.208ms
[2025-08-01T03:47:15.339+0000] GC(27) User=1.24s Sys=0.15s Real=0.18s
[2025-08-01T03:47:15.494+0000] GC(28) Pause Young (Normal) (G1 Evacuation Pause)
[2025-08-01T03:47:15.494+0000] GC(28) Using 8 workers of 8 for evacuation
[2025-08-01T03:47:15.659+0000] GC(28)   Pre Evacuate Collection Set: 1.3ms
[2025-08-01T03:47:15.659+0000] GC(28)   Merge Heap Roots: 0.2ms
[2025-08-01T03:47:15.659+0000] GC(28)   Evacuate Collection Set: 162.3ms
[2025-08-01T03:47:15.659+0000] GC(28)   Post Evacuate Collection Set: 1.3ms
[2025-08-01T03:47:15.659+0000] GC(28)   Other: 0.1ms
[2025-08-01T03:47:15.659+0000] GC(28) Eden regions: 296->0(258)
[2025-08-01T03:47:15.659+0000] GC(28) Survivor regions: 41->43(43)
[2025-08-01T03:47:15.659+0000] GC(28) Old regions: 416->712
[2025-08-01T03:47:15.659+0000] GC(28) Humongous regions: 0->0
[2025-08-01T03:47:15.659+0000] GC(28) Metaspace: 10593K(10816K)->10593K(10816K) NonClass: 9335K(9472K)->9335K(9472K) Class: 1258K(1344K)->1258K(1344K)
[2025-08-01T03:47:15.659+0000] GC(28) Pause Young (Normal) (G1 Evacuation Pause) 1499M->1502M(4096M) 165.679ms
[2025-08-01T03:47:15.659+0000] GC(28) User=1.15s Sys=0.12s Real=0.16s
[2025-08-01T03:47:15.760+0000] GC(29) Pause Young (Normal) (G1 Evacuation Pause)
[2025-08-01T03:47:15.760+0000] GC(29) Using 8 workers of 8 for evacuation
[2025-08-01T03:47:15.820+0000] GC(29)   Pre Evacuate Collection Set: 1.2ms
[2025-08-01T03:47:15.820+0000] GC(29)   Merge Heap Roots: 0.8ms
[2025-08-01T03:47:15.820+0000] GC(29)   Evacuate Collection Set: 56.9ms
[2025-08-01T03:47:15.820+0000] GC(29)   Post Evacuate Collection Set: 1.3ms
[2025-08-01T03:47:15.821+0000] GC(29)   Other: 0.1ms
[2025-08-01T03:47:15.821+0000] GC(29) Eden regions: 264->0(313)
[2025-08-01T03:47:15.821+0000] GC(29) Survivor regions: 43->39(39)
[2025-08-01T03:47:15.821+0000] GC(29) Old regions: 712->780
[2025-08-01T03:47:15.821+0000] GC(29) Humongous regions: 0->0
[2025-08-01T03:47:15.821+0000] GC(29) Metaspace: 10593K(10816K)->10593K(10816K) NonClass: 9335K(9472K)->9335K(9472K) Class: 1258K(1344K)->1258K(1344K)
[2025-08-01T03:47:15.821+0000] GC(29) Pause Young (Normal) (G1 Evacuation Pause) 2030M->1631M(4096M) 60.644ms
[2025-08-01T03:47:15.821+0000] GC(29) User=0.35s Sys=0.07s Real=0.06s
[2025-08-01T03:47:15.976+0000] GC(30) Pause Young (Normal) (G1 Evacuation Pause)
[2025-08-01T03:47:15.976+0000] GC(30) Using 8 workers of 8 for evacuation
[2025-08-01T03:47:16.138+0000] GC(30)   Pre Evacuate Collection Set: 1.1ms
[2025-08-01T03:47:16.138+0000] GC(30)   Merge Heap Roots: 0.3ms
[2025-08-01T03:47:16.138+0000] GC(30)   Evacuate Collection Set: 159.5ms
[2025-08-01T03:47:16.138+0000] GC(30)   Post Evacuate Collection Set: 1.1ms
[2025-08-01T03:47:16.138+0000] GC(30)   Other: 0.1ms
[2025-08-01T03:47:16.138+0000] GC(30) Eden regions: 311->0(299)
[2025-08-01T03:47:16.138+0000] GC(30) Survivor regions: 39->44(44)
[2025-08-01T03:47:16.138+0000] GC(30) Old regions: 780->1088
[2025-08-01T03:47:16.138+0000] GC(30) Humongous regions: 0->0
[2025-08-01T03:47:16.138+0000] GC(30) Metaspace: 10593K(10816K)->10593K(10816K) NonClass: 9335K(9472K)->9335K(9472K) Class: 1258K(1344K)->1258K(1344K)
[2025-08-01T03:47:16.138+0000] GC(30) Pause Young (Normal) (G1 Evacuation Pause) 2253M->2256M(4096M) 162.414ms
[2025-08-01T03:47:16.138+0000] GC(30) User=1.08s Sys=0.15s Real=0.16s
[2025-08-01T03:47:16.239+0000] GC(31) Pause Young (Concurrent Start) (G1 Evacuation Pause)
[2025-08-01T03:47:16.239+0000] GC(31) Using 8 workers of 8 for evacuation
[2025-08-01T03:47:16.365+0000] GC(31)   Pre Evacuate Collection Set: 1.3ms
[2025-08-01T03:47:16.365+0000] GC(31)   Merge Heap Roots: 0.2ms
[2025-08-01T03:47:16.365+0000] GC(31)   Evacuate Collection Set: 123.1ms
[2025-08-01T03:47:16.365+0000] GC(31)   Post Evacuate Collection Set: 1.1ms
[2025-08-01T03:47:16.365+0000] GC(31)   Other: 0.3ms
[2025-08-01T03:47:16.365+0000] GC(31) Eden regions: 299->0(193)
[2025-08-01T03:47:16.365+0000] GC(31) Survivor regions: 44->43(43)
[2025-08-01T03:47:16.365+0000] GC(31) Old regions: 1088->1389
[2025-08-01T03:47:16.365+0000] GC(31) Humongous regions: 0->0
[2025-08-01T03:47:16.365+0000] GC(31) Metaspace: 10593K(10816K)->10593K(10816K) NonClass: 9335K(9472K)->9335K(9472K) Class: 1258K(1344K)->1258K(1344K)
[2025-08-01T03:47:16.365+0000] GC(31) Pause Young (Concurrent Start) (G1 Evacuation Pause) 2854M->2857M(4096M) 126.231ms
[2025-08-01T03:47:16.365+0000] GC(31) User=0.92s Sys=0.07s Real=0.13s
[2025-08-01T03:47:16.365+0000] GC(32) Concurrent Mark Cycle
[2025-08-01T03:47:16.365+0000] GC(32) Concurrent Scan Root Regions
[2025-08-01T03:47:16.435+0000] GC(32) Concurrent Scan Root Regions 70.219ms
[2025-08-01T03:47:16.435+0000] GC(32) Concurrent Mark
[2025-08-01T03:47:16.435+0000] GC(32) Concurrent Mark From Roots
[2025-08-01T03:47:16.435+0000] GC(32) Using 2 workers of 2 for marking
[2025-08-01T03:47:16.446+0000] GC(33) Pause Young (Normal) (G1 Evacuation Pause)
[2025-08-01T03:47:16.446+0000] GC(33) Using 8 workers of 8 for evacuation
[2025-08-01T03:47:16.499+0000] GC(33)   Pre Evacuate Collection Set: 0.7ms
[2025-08-01T03:47:16.499+0000] GC(33)   Merge Heap Roots: 0.2ms
[2025-08-01T03:47:16.499+0000] GC(33)   Evacuate Collection Set: 51.0ms
[2025-08-01T03:47:16.499+0000] GC(33)   Post Evacuate Collection Set: 1.0ms
[2025-08-01T03:47:16.499+0000] GC(33)   Other: 0.2ms
[2025-08-01T03:47:16.499+0000] GC(33) Eden regions: 193->0(174)
[2025-08-01T03:47:16.499+0000] GC(33) Survivor regions: 43->30(30)
[2025-08-01T03:47:16.499+0000] GC(33) Old regions: 1389->1490
[2025-08-01T03:47:16.499+0000] GC(33) Humongous regions: 0->0
[2025-08-01T03:47:16.499+0000] GC(33) Metaspace: 10593K(10816K)->10593K(10816K) NonClass: 9335K(9472K)->9335K(9472K) Class: 1258K(1344K)->1258K(1344K)
[2025-08-01T03:47:16.499+0000] GC(33) Pause Young (Normal) (G1 Evacuation Pause) 3243M->3033M(4096M) 53.474ms
[2025-08-01T03:47:16.499+0000] GC(33) User=0.37s Sys=0.03s Real=0.05s
[2025-08-01T03:47:16.577+0000] GC(34) Pause Young (Normal) (G1 Evacuation Pause)
[2025-08-01T03:47:16.577+0000] GC(34) Using 8 workers of 8 for evacuation
[2025-08-01T03:47:16.654+0000] GC(34)   Pre Evacuate Collection Set: 0.9ms
[2025-08-01T03:47:16.654+0000] GC(34)   Merge Heap Roots: 0.1ms
[2025-08-01T03:47:16.654+0000] GC(34)   Evacuate Collection Set: 74.0ms
[2025-08-01T03:47:16.654+0000] GC(34)   Post Evacuate Collection Set: 1.0ms
[2025-08-01T03:47:16.654+0000] GC(34)   Other: 0.2ms
[2025-08-01T03:47:16.654+0000] GC(34) Eden regions: 174->0(118)
[2025-08-01T03:47:16.654+0000] GC(34) Survivor regions: 30->26(26)
[2025-08-01T03:47:16.654+0000] GC(34) Old regions: 1490->1644
[2025-08-01T03:47:16.654+0000] GC(34) Humongous regions: 0->0
[2025-08-01T03:47:16.654+0000] GC(34) Metaspace: 10593K(10816K)->10593K(10816K) NonClass: 9335K(9472K)->9335K(9472K) Class: 1258K(1344K)->1258K(1344K)
[2025-08-01T03:47:16.654+0000] GC(34) Pause Young (Normal) (G1 Evacuation Pause) 3381M->3333M(4096M) 76.514ms
[2025-08-01T03:47:16.654+0000] GC(34) User=0.50s Sys=0.07s Real=0.08s
[2025-08-01T03:47:16.690+0000] GC(35) Pause Young (Normal) (G1 Evacuation Pause)
[2025-08-01T03:47:16.690+0000] GC(35) Using 8 workers of 8 for evacuation
[2025-08-01T03:47:16.734+0000] GC(35)   Pre Evacuate Collection Set: 0.7ms
[2025-08-01T03:47:16.734+0000] GC(35)   Merge Heap Roots: 0.1ms
[2025-08-01T03:47:16.734+0000] GC(35)   Evacuate Collection Set: 41.3ms
[2025-08-01T03:47:16.734+0000] GC(35)   Post Evacuate Collection Set: 1.4ms
[2025-08-01T03:47:16.734+0000] GC(35)   Other: 0.1ms
[2025-08-01T03:47:16.734+0000] GC(35) Eden regions: 118->0(84)
[2025-08-01T03:47:16.734+0000] GC(35) Survivor regions: 26->18(18)
[2025-08-01T03:47:16.734+0000] GC(35) Old regions: 1644->1772
[2025-08-01T03:47:16.734+0000] GC(35) Humongous regions: 0->0
[2025-08-01T03:47:16.734+0000] GC(35) Metaspace: 10593K(10816K)->10593K(10816K) NonClass: 9335K(9472K)->9335K(9472K) Class: 1258K(1344K)->1258K(1344K)
[2025-08-01T03:47:16.734+0000] GC(35) Pause Young (Normal) (G1 Evacuation Pause) 3569M->3572M(4096M) 43.887ms
[2025-08-01T03:47:16.734+0000] GC(35) User=0.33s Sys=0.00s Real=0.05s
[2025-08-01T03:47:16.763+0000] GC(32) Concurrent Mark From Roots 327.643ms
[2025-08-01T03:47:16.763+0000] GC(32) Concurrent Preclean
[2025-08-01T03:47:16.763+0000] GC(32) Concurrent Preclean 0.047ms
[2025-08-01T03:47:16.763+0000] GC(32) Pause Remark
[2025-08-01T03:47:16.767+0000] GC(32) Pause Remark 3704M->2329M(4096M) 3.990ms
[2025-08-01T03:47:16.767+0000] GC(32) User=0.01s Sys=0.00s Real=0.00s
[2025-08-01T03:47:16.767+0000] GC(32) Concurrent Mark 332.129ms
[2025-08-01T03:47:16.767+0000] GC(32) Concurrent Rebuild Remembered Sets and Scrub Regions
[2025-08-01T03:47:16.797+0000] GC(36) Pause Young (Normal) (G1 Evacuation Pause)
[2025-08-01T03:47:16.797+0000] GC(36) Using 8 workers of 8 for evacuation
[2025-08-01T03:47:16.838+0000] GC(36)   Pre Evacuate Collection Set: 0.9ms
[2025-08-01T03:47:16.838+0000] GC(36)   Merge Heap Roots: 0.3ms
[2025-08-01T03:47:16.838+0000] GC(36)   Evacuate Collection Set: 39.5ms
[2025-08-01T03:47:16.838+0000] GC(36)   Post Evacuate Collection Set: 0.7ms
[2025-08-01T03:47:16.838+0000] GC(36)   Other: 0.1ms
[2025-08-01T03:47:16.838+0000] GC(36) Eden regions: 84->0(276)
[2025-08-01T03:47:16.838+0000] GC(36) Survivor regions: 18->13(13)
[2025-08-01T03:47:16.838+0000] GC(36) Old regions: 1082->1173
[2025-08-01T03:47:16.838+0000] GC(36) Humongous regions: 0->0
[2025-08-01T03:47:16.838+0000] GC(36) Metaspace: 10593K(10816K)->10593K(10816K) NonClass: 9335K(9472K)->9335K(9472K) Class: 1258K(1344K)->1258K(1344K)
[2025-08-01T03:47:16.838+0000] GC(36) Pause Young (Normal) (G1 Evacuation Pause) 2365M->2370M(4096M) 41.906ms
[2025-08-01T03:47:16.838+0000] GC(36) User=0.30s Sys=0.01s Real=0.04s
[2025-08-01T03:47:16.956+0000] GC(37) Pause Young (Normal) (G1 Evacuation Pause)
[2025-08-01T03:47:16.956+0000] GC(37) Using 8 workers of 8 for evacuation
[2025-08-01T03:47:17.056+0000] GC(37)   Pre Evacuate Collection Set: 0.7ms
[2025-08-01T03:47:17.056+0000] GC(37)   Merge Heap Roots: 0.2ms
[2025-08-01T03:47:17.056+0000] GC(37)   Evacuate Collection Set: 96.1ms
[2025-08-01T03:47:17.056+0000] GC(37)   Post Evacuate Collection Set: 2.8ms
[2025-08-01T03:47:17.056+0000] GC(37)   Other: 0.2ms
[2025-08-01T03:47:17.056+0000] GC(37) Eden regions: 276->0(183)
[2025-08-01T03:47:17.057+0000] GC(37) Survivor regions: 13->37(37)
[2025-08-01T03:47:17.057+0000] GC(37) Old regions: 1173->1427
[2025-08-01T03:47:17.057+0000] GC(37) Humongous regions: 0->0
[2025-08-01T03:47:17.057+0000] GC(37) Metaspace: 10593K(10816K)->10593K(10816K) NonClass: 9335K(9472K)->9335K(9472K) Class: 1258K(1344K)->1258K(1344K)
[2025-08-01T03:47:17.057+0000] GC(37) Pause Young (Normal) (G1 Evacuation Pause) 2922M->2926M(4096M) 100.853ms
[2025-08-01T03:47:17.057+0000] GC(37) User=0.76s Sys=0.01s Real=0.10s
[2025-08-01T03:47:17.148+0000] GC(38) Pause Young (Normal) (G1 Evacuation Pause)
[2025-08-01T03:47:17.148+0000] GC(38) Using 8 workers of 8 for evacuation
[2025-08-01T03:47:17.220+0000] GC(38)   Pre Evacuate Collection Set: 1.1ms
[2025-08-01T03:47:17.220+0000] GC(38)   Merge Heap Roots: 0.3ms
[2025-08-01T03:47:17.220+0000] GC(38)   Evacuate Collection Set: 69.0ms
[2025-08-01T03:47:17.220+0000] GC(38)   Post Evacuate Collection Set: 0.9ms
[2025-08-01T03:47:17.220+0000] GC(38)   Other: 0.1ms
[2025-08-01T03:47:17.220+0000] GC(38) Eden regions: 183->0(124)
[2025-08-01T03:47:17.220+0000] GC(38) Survivor regions: 37->28(28)
[2025-08-01T03:47:17.220+0000] GC(38) Old regions: 1427->1621
[2025-08-01T03:47:17.220+0000] GC(38) Humongous regions: 0->0
[2025-08-01T03:47:17.220+0000] GC(38) Metaspace: 10593K(10816K)->10593K(10816K) NonClass: 9335K(9472K)->9335K(9472K) Class: 1258K(1344K)->1258K(1344K)
[2025-08-01T03:47:17.220+0000] GC(38) Pause Young (Normal) (G1 Evacuation Pause) 3292M->3295M(4096M) 71.814ms
[2025-08-01T03:47:17.220+0000] GC(38) User=0.55s Sys=0.00s Real=0.07s
[2025-08-01T03:47:17.242+0000] GC(32) Concurrent Rebuild Remembered Sets and Scrub Regions 474.560ms
[2025-08-01T03:47:17.242+0000] GC(32) Pause Cleanup
[2025-08-01T03:47:17.243+0000] GC(32) Pause Cleanup 3426M->3426M(4096M) 0.640ms
[2025-08-01T03:47:17.243+0000] GC(32) User=0.01s Sys=0.00s Real=0.01s
[2025-08-01T03:47:17.243+0000] GC(32) Concurrent Clear Claimed Marks
[2025-08-01T03:47:17.243+0000] GC(32) Concurrent Clear Claimed Marks 0.049ms
[2025-08-01T03:47:17.243+0000] GC(32) Concurrent Cleanup for Next Mark
[2025-08-01T03:47:17.252+0000] GC(32) Concurrent Cleanup for Next Mark 8.548ms
[2025-08-01T03:47:17.252+0000] GC(32) Concurrent Mark Cycle 886.799ms
[2025-08-01T03:47:17.289+0000] GC(39) Pause Young (Prepare Mixed) (G1 Evacuation Pause)
[2025-08-01T03:47:17.289+0000] GC(39) Using 8 workers of 8 for evacuation
[2025-08-01T03:47:17.323+0000] GC(39)   Pre Evacuate Collection Set: 0.6ms
[2025-08-01T03:47:17.323+0000] GC(39)   Merge Heap Roots: 0.2ms
[2025-08-01T03:47:17.323+0000] GC(39)   Evacuate Collection Set: 31.8ms
[2025-08-01T03:47:17.323+0000] GC(39)   Post Evacuate Collection Set: 1.0ms
[2025-08-01T03:47:17.323+0000] GC(39)   Other: 0.1ms
[2025-08-01T03:47:17.323+0000] GC(39) Eden regions: 124->0(117)
[2025-08-01T03:47:17.323+0000] GC(39) Survivor regions: 28->19(19)
[2025-08-01T03:47:17.323+0000] GC(39) Old regions: 1621->1663
[2025-08-01T03:47:17.323+0000] GC(39) Humongous regions: 0->0
[2025-08-01T03:47:17.323+0000] GC(39) Metaspace: 10593K(10816K)->10593K(10816K) NonClass: 9335K(9472K)->9335K(9472K) Class: 1258K(1344K)->1258K(1344K)
[2025-08-01T03:47:17.323+0000] GC(39) Pause Young (Prepare Mixed) (G1 Evacuation Pause) 3543M->3362M(4096M) 34.066ms
[2025-08-01T03:47:17.323+0000] GC(39) User=0.21s Sys=0.04s Real=0.04s
[2025-08-01T03:47:17.350+0000] GC(40) Pause Young (Mixed) (G1 Evacuation Pause)
[2025-08-01T03:47:17.350+0000] GC(40) Using 8 workers of 8 for evacuation
[2025-08-01T03:47:17.414+0000] GC(40)   Pre Evacuate Collection Set: 0.8ms
[2025-08-01T03:47:17.414+0000] GC(40)   Merge Heap Roots: 0.1ms
[2025-08-01T03:47:17.414+0000] GC(40)   Evacuate Collection Set: 61.3ms
[2025-08-01T03:47:17.414+0000] GC(40)   Post Evacuate Collection Set: 2.2ms
[2025-08-01T03:47:17.414+0000] GC(40)   Other: 0.1ms
[2025-08-01T03:47:17.414+0000] GC(40) Eden regions: 117->0(85)
[2025-08-01T03:47:17.414+0000] GC(40) Survivor regions: 19->17(17)
[2025-08-01T03:47:17.414+0000] GC(40) Old regions: 1663->1779
[2025-08-01T03:47:17.414+0000] GC(40) Humongous regions: 0->0
[2025-08-01T03:47:17.414+0000] GC(40) Metaspace: 10593K(10816K)->10593K(10816K) NonClass: 9335K(9472K)->9335K(9472K) Class: 1258K(1344K)->1258K(1344K)
[2025-08-01T03:47:17.415+0000] GC(40) Pause Young (Mixed) (G1 Evacuation Pause) 3596M->3590M(4096M) 64.871ms
[2025-08-01T03:47:17.415+0000] GC(40) User=0.41s Sys=0.06s Real=0.07s
[2025-08-01T03:47:17.476+0000] GC(41) Pause Young (Concurrent Start) (G1 Evacuation Pause)
[2025-08-01T03:47:17.476+0000] GC(41) Using 8 workers of 8 for evacuation
[2025-08-01T03:47:17.528+0000] GC(41)   Pre Evacuate Collection Set: 1.2ms
[2025-08-01T03:47:17.528+0000] GC(41)   Merge Heap Roots: 0.2ms
[2025-08-01T03:47:17.528+0000] GC(41)   Evacuate Collection Set: 49.6ms
[2025-08-01T03:47:17.528+0000] GC(41)   Post Evacuate Collection Set: 0.7ms
[2025-08-01T03:47:17.528+0000] GC(41)   Other: 0.2ms
[2025-08-01T03:47:17.528+0000] GC(41) Eden regions: 85->0(89)
[2025-08-01T03:47:17.528+0000] GC(41) Survivor regions: 17->13(13)
[2025-08-01T03:47:17.528+0000] GC(41) Old regions: 1779->1870
[2025-08-01T03:47:17.528+0000] GC(41) Humongous regions: 0->0
[2025-08-01T03:47:17.528+0000] GC(41) Metaspace: 10593K(10816K)->10593K(10816K) NonClass: 9335K(9472K)->9335K(9472K) Class: 1258K(1344K)->1258K(1344K)
[2025-08-01T03:47:17.528+0000] GC(41) Pause Young (Concurrent Start) (G1 Evacuation Pause) 3760M->3764M(4096M) 52.200ms
[2025-08-01T03:47:17.528+0000] GC(41) User=0.30s Sys=0.06s Real=0.05s
[2025-08-01T03:47:17.528+0000] GC(42) Concurrent Mark Cycle
[2025-08-01T03:47:17.528+0000] GC(42) Concurrent Scan Root Regions
[2025-08-01T03:47:17.551+0000] GC(43) Pause Young (Normal) (G1 Evacuation Pause)
[2025-08-01T03:47:17.551+0000] GC(43) Using 8 workers of 8 for evacuation
[2025-08-01T03:47:17.560+0000] GC(42) Concurrent Scan Root Regions 31.397ms
[2025-08-01T03:47:17.560+0000] GC(42) Concurrent Mark
[2025-08-01T03:47:17.560+0000] GC(42) Concurrent Mark From Roots
[2025-08-01T03:47:17.560+0000] GC(42) Using 2 workers of 2 for marking
[2025-08-01T03:47:17.608+0000] GC(43)   Pre Evacuate Collection Set: 1.4ms
[2025-08-01T03:47:17.609+0000] GC(43)   Merge Heap Roots: 0.2ms
[2025-08-01T03:47:17.609+0000] GC(43)   Evacuate Collection Set: 39.6ms
[2025-08-01T03:47:17.609+0000] GC(43)   Post Evacuate Collection Set: 7.5ms
[2025-08-01T03:47:17.609+0000] GC(43)   Other: 0.1ms
[2025-08-01T03:47:17.609+0000] GC(43) Eden regions: 89->0(33)
[2025-08-01T03:47:17.609+0000] GC(43) Survivor regions: 13->13(13)
[2025-08-01T03:47:17.609+0000] GC(43) Old regions: 1870->1989
[2025-08-01T03:47:17.609+0000] GC(43) Humongous regions: 0->0
[2025-08-01T03:47:17.609+0000] GC(43) Metaspace: 10593K(10816K)->10593K(10816K) NonClass: 9335K(9472K)->9335K(9472K) Class: 1258K(1344K)->1258K(1344K)
[2025-08-01T03:47:17.609+0000] GC(43) Pause Young (Normal) (G1 Evacuation Pause) (Evacuation Failure) 3942M->4002M(4096M) 57.645ms
[2025-08-01T03:47:17.609+0000] GC(43) User=0.33s Sys=0.04s Real=0.06s
[2025-08-01T03:47:17.616+0000] GC(44) Pause Young (Normal) (G1 Evacuation Pause)
[2025-08-01T03:47:17.616+0000] GC(44) Using 8 workers of 8 for evacuation
[2025-08-01T03:47:17.636+0000] GC(44)   Pre Evacuate Collection Set: 1.1ms
[2025-08-01T03:47:17.637+0000] GC(44)   Merge Heap Roots: 0.3ms
[2025-08-01T03:47:17.637+0000] GC(44)   Evacuate Collection Set: 12.3ms
[2025-08-01T03:47:17.637+0000] GC(44)   Post Evacuate Collection Set: 6.1ms
[2025-08-01T03:47:17.637+0000] GC(44)   Other: 0.1ms
[2025-08-01T03:47:17.637+0000] GC(44) Eden regions: 33->0(0)
[2025-08-01T03:47:17.637+0000] GC(44) Survivor regions: 13->5(6)
[2025-08-01T03:47:17.637+0000] GC(44) Old regions: 1989->2041
[2025-08-01T03:47:17.637+0000] GC(44) Humongous regions: 0->0
[2025-08-01T03:47:17.637+0000] GC(44) Metaspace: 10593K(10816K)->10593K(10816K) NonClass: 9335K(9472K)->9335K(9472K) Class: 1258K(1344K)->1258K(1344K)
[2025-08-01T03:47:17.637+0000] GC(44) Pause Young (Normal) (G1 Evacuation Pause) (Evacuation Failure) 4068M->4090M(4096M) 20.293ms
[2025-08-01T03:47:17.637+0000] GC(44) User=0.11s Sys=0.01s Real=0.02s
[2025-08-01T03:47:17.637+0000] Attempting full compaction
[2025-08-01T03:47:17.637+0000] GC(45) Pause Full (G1 Compaction Pause)
[2025-08-01T03:47:17.637+0000] GC(45) Using 8 workers of 8 for full compaction
[2025-08-01T03:47:17.644+0000] GC(45) Phase 1: Mark live objects
[2025-08-01T03:47:17.695+0000] GC(45) Phase 1: Mark live objects 51.146ms
[2025-08-01T03:47:17.695+0000] GC(45) Phase 2: Prepare compaction
[2025-08-01T03:47:17.705+0000] GC(45) Phase 2: Prepare compaction 9.836ms
[2025-08-01T03:47:17.705+0000] GC(45) Phase 3: Adjust pointers
[2025-08-01T03:47:17.734+0000] GC(45) Phase 3: Adjust pointers 28.391ms
[2025-08-01T03:47:17.734+0000] GC(45) Phase 4: Compact heap
[2025-08-01T03:47:17.752+0000] GC(45) Phase 4: Compact heap 18.492ms
[2025-08-01T03:47:17.752+0000] GC(45) Phase 5: Reset Metadata
[2025-08-01T03:47:17.785+0000] GC(45) Phase 5: Reset Metadata 32.551ms
[2025-08-01T03:47:17.792+0000] GC(45) Eden regions: 0->0(468)
[2025-08-01T03:47:17.792+0000] GC(45) Survivor regions: 5->0(6)
[2025-08-01T03:47:17.792+0000] GC(45) Old regions: 2041->390
[2025-08-01T03:47:17.792+0000] GC(45) Humongous regions: 0->0
[2025-08-01T03:47:17.792+0000] GC(45) Metaspace: 10593K(10816K)->10593K(10816K) NonClass: 9335K(9472K)->9335K(9472K) Class: 1258K(1344K)->1258K(1344K)
[2025-08-01T03:47:17.792+0000] GC(45) Pause Full (G1 Compaction Pause) 4090M->771M(4096M) 155.332ms
[2025-08-01T03:47:17.792+0000] GC(45) User=1.07s Sys=0.02s Real=0.15s
[2025-08-01T03:47:17.793+0000] GC(42) Concurrent Mark From Roots 233.365ms
[2025-08-01T03:47:17.793+0000] GC(42) Concurrent Mark Abort
[2025-08-01T03:47:17.793+0000] GC(42) Concurrent Mark Cycle 264.952ms
[2025-08-01T03:47:18.033+0000] GC(46) Pause Young (Normal) (G1 Evacuation Pause)
[2025-08-01T03:47:18.033+0000] GC(46) Using 8 workers of 8 for evacuation
[2025-08-01T03:47:18.178+0000] GC(46)   Pre Evacuate Collection Set: 0.8ms
[2025-08-01T03:47:18.178+0000] GC(46)   Merge Heap Roots: 0.3ms
[2025-08-01T03:47:18.178+0000] GC(46)   Evacuate Collection Set: 142.0ms
[2025-08-01T03:47:18.178+0000] GC(46)   Post Evacuate Collection Set: 1.3ms
[2025-08-01T03:47:18.178+0000] GC(46)   Other: 0.1ms
[2025-08-01T03:47:18.178+0000] GC(46) Eden regions: 465->0(426)
[2025-08-01T03:47:18.178+0000] GC(46) Survivor regions: 0->59(59)
[2025-08-01T03:47:18.178+0000] GC(46) Old regions: 390->691
[2025-08-01T03:47:18.178+0000] GC(46) Humongous regions: 0->0
[2025-08-01T03:47:18.178+0000] GC(46) Metaspace: 10593K(10816K)->10593K(10816K) NonClass: 9335K(9472K)->9335K(9472K) Class: 1258K(1344K)->1258K(1344K)
[2025-08-01T03:47:18.178+0000] GC(46) Pause Young (Normal) (G1 Evacuation Pause) 1701M->1490M(4096M) 144.879ms
[2025-08-01T03:47:18.178+0000] GC(46) User=1.04s Sys=0.07s Real=0.14s
[2025-08-01T03:47:18.372+0000] GC(47) Pause Young (Normal) (G1 Evacuation Pause)
[2025-08-01T03:47:18.372+0000] GC(47) Using 8 workers of 8 for evacuation
[2025-08-01T03:47:18.599+0000] GC(47) MMU target violated: 201.0ms (200.0ms/201.0ms)
[2025-08-01T03:47:18.599+0000] GC(47)   Pre Evacuate Collection Set: 1.4ms
[2025-08-01T03:47:18.599+0000] GC(47)   Merge Heap Roots: 0.6ms
[2025-08-01T03:47:18.599+0000] GC(47)   Evacuate Collection Set: 223.7ms
[2025-08-01T03:47:18.599+0000] GC(47)   Post Evacuate Collection Set: 1.3ms
[2025-08-01T03:47:18.599+0000] GC(47)   Other: 0.3ms
[2025-08-01T03:47:18.599+0000] GC(47) Eden regions: 426->0(315)
[2025-08-01T03:47:18.599+0000] GC(47) Survivor regions: 59->61(61)
[2025-08-01T03:47:18.599+0000] GC(47) Old regions: 691->991
[2025-08-01T03:47:18.599+0000] GC(47) Humongous regions: 0->0
[2025-08-01T03:47:18.599+0000] GC(47) Metaspace: 10593K(10816K)->10593K(10816K) NonClass: 9335K(9472K)->9335K(9472K) Class: 1258K(1344K)->1258K(1344K)
[2025-08-01T03:47:18.599+0000] GC(47) Pause Young (Normal) (G1 Evacuation Pause) 2342M->2095M(4096M) 227.564ms
[2025-08-01T03:47:18.599+0000] GC(47) User=1.66s Sys=0.09s Real=0.23s
[2025-08-01T03:47:18.769+0000] GC(48) Pause Young (Concurrent Start) (G1 Evacuation Pause)
[2025-08-01T03:47:18.769+0000] GC(48) Using 8 workers of 8 for evacuation
[2025-08-01T03:47:18.946+0000] GC(48)   Pre Evacuate Collection Set: 0.7ms
[2025-08-01T03:47:18.946+0000] GC(48)   Merge Heap Roots: 0.2ms
[2025-08-01T03:47:18.946+0000] GC(48)   Evacuate Collection Set: 175.0ms
[2025-08-01T03:47:18.946+0000] GC(48)   Post Evacuate Collection Set: 0.7ms
[2025-08-01T03:47:18.946+0000] GC(48)   Other: 0.4ms
[2025-08-01T03:47:18.946+0000] GC(48) Eden regions: 315->0(211)
[2025-08-01T03:47:18.946+0000] GC(48) Survivor regions: 61->47(47)
[2025-08-01T03:47:18.946+0000] GC(48) Old regions: 991->1322
[2025-08-01T03:47:18.946+0000] GC(48) Humongous regions: 0->0
[2025-08-01T03:47:18.946+0000] GC(48) Metaspace: 10593K(10816K)->10593K(10816K) NonClass: 9335K(9472K)->9335K(9472K) Class: 1258K(1344K)->1258K(1344K)
[2025-08-01T03:47:18.946+0000] GC(48) Pause Young (Concurrent Start) (G1 Evacuation Pause) 2725M->2729M(4096M) 177.228ms
[2025-08-01T03:47:18.946+0000] GC(48) User=1.29s Sys=0.06s Real=0.18s
[2025-08-01T03:47:18.946+0000] GC(49) Concurrent Mark Cycle
[2025-08-01T03:47:18.946+0000] GC(49) Concurrent Scan Root Regions
[2025-08-01T03:47:19.025+0000] GC(49) Concurrent Scan Root Regions 78.973ms
[2025-08-01T03:47:19.025+0000] GC(49) Concurrent Mark
[2025-08-01T03:47:19.025+0000] GC(49) Concurrent Mark From Roots
[2025-08-01T03:47:19.025+0000] GC(49) Using 2 workers of 2 for marking
[2025-08-01T03:47:19.040+0000] GC(50) Pause Young (Normal) (G1 Evacuation Pause)
[2025-08-01T03:47:19.040+0000] GC(50) Using 8 workers of 8 for evacuation
[2025-08-01T03:47:19.125+0000] GC(50)   Pre Evacuate Collection Set: 0.7ms
[2025-08-01T03:47:19.125+0000] GC(50)   Merge Heap Roots: 0.2ms
[2025-08-01T03:47:19.125+0000] GC(50)   Evacuate Collection Set: 83.1ms
[2025-08-01T03:47:19.125+0000] GC(50)   Post Evacuate Collection Set: 0.9ms
[2025-08-01T03:47:19.125+0000] GC(50)   Other: 0.1ms
[2025-08-01T03:47:19.125+0000] GC(50) Eden regions: 211->0(156)
[2025-08-01T03:47:19.125+0000] GC(50) Survivor regions: 47->33(33)
[2025-08-01T03:47:19.125+0000] GC(50) Old regions: 1322->1515
[2025-08-01T03:47:19.125+0000] GC(50) Humongous regions: 0->0
[2025-08-01T03:47:19.125+0000] GC(50) Metaspace: 10593K(10816K)->10593K(10816K) NonClass: 9335K(9472K)->9335K(9472K) Class: 1258K(1344K)->1258K(1344K)
[2025-08-01T03:47:19.125+0000] GC(50) Pause Young (Normal) (G1 Evacuation Pause) 3151M->3086M(4096M) 85.287ms
[2025-08-01T03:47:19.125+0000] GC(50) User=0.62s Sys=0.02s Real=0.09s
[2025-08-01T03:47:19.204+0000] GC(51) Pause Young (Normal) (G1 Evacuation Pause)
[2025-08-01T03:47:19.204+0000] GC(51) Using 8 workers of 8 for evacuation
[2025-08-01T03:47:19.244+0000] GC(51)   Pre Evacuate Collection Set: 1.3ms
[2025-08-01T03:47:19.244+0000] GC(51)   Merge Heap Roots: 0.2ms
[2025-08-01T03:47:19.244+0000] GC(51)   Evacuate Collection Set: 37.2ms
[2025-08-01T03:47:19.244+0000] GC(51)   Post Evacuate Collection Set: 1.0ms
[2025-08-01T03:47:19.244+0000] GC(51)   Other: 0.1ms
[2025-08-01T03:47:19.244+0000] GC(51) Eden regions: 156->0(131)
[2025-08-01T03:47:19.244+0000] GC(51) Survivor regions: 33->24(24)
[2025-08-01T03:47:19.244+0000] GC(51) Old regions: 1515->1611
[2025-08-01T03:47:19.244+0000] GC(51) Humongous regions: 0->0
[2025-08-01T03:47:19.244+0000] GC(51) Metaspace: 10593K(10816K)->10593K(10816K) NonClass: 9335K(9472K)->9335K(9472K) Class: 1258K(1344K)->1258K(1344K)
[2025-08-01T03:47:19.244+0000] GC(51) Pause Young (Normal) (G1 Evacuation Pause) 3398M->3260M(4096M) 40.171ms
[2025-08-01T03:47:19.244+0000] GC(51) User=0.29s Sys=0.00s Real=0.04s
[2025-08-01T03:47:19.279+0000] GC(49) Concurrent Mark From Roots 253.903ms
[2025-08-01T03:47:19.279+0000] GC(49) Concurrent Preclean
[2025-08-01T03:47:19.279+0000] GC(49) Concurrent Preclean 0.028ms
[2025-08-01T03:47:19.279+0000] GC(49) Pause Remark
[2025-08-01T03:47:19.283+0000] GC(49) Pause Remark 3430M->2125M(4096M) 4.272ms
[2025-08-01T03:47:19.283+0000] GC(49) User=0.02s Sys=0.00s Real=0.01s
[2025-08-01T03:47:19.283+0000] GC(49) Concurrent Mark 258.527ms
[2025-08-01T03:47:19.284+0000] GC(49) Concurrent Rebuild Remembered Sets and Scrub Regions
[2025-08-01T03:47:19.317+0000] GC(52) Pause Young (Normal) (G1 Evacuation Pause)
[2025-08-01T03:47:19.317+0000] GC(52) Using 8 workers of 8 for evacuation
[2025-08-01T03:47:19.366+0000] GC(52)   Pre Evacuate Collection Set: 0.8ms
[2025-08-01T03:47:19.366+0000] GC(52)   Merge Heap Roots: 0.3ms
[2025-08-01T03:47:19.366+0000] GC(52)   Evacuate Collection Set: 46.3ms
[2025-08-01T03:47:19.366+0000] GC(52)   Post Evacuate Collection Set: 1.0ms
[2025-08-01T03:47:19.366+0000] GC(52)   Other: 0.1ms
[2025-08-01T03:47:19.366+0000] GC(52) Eden regions: 131->0(297)
[2025-08-01T03:47:19.366+0000] GC(52) Survivor regions: 24->20(20)
[2025-08-01T03:47:19.366+0000] GC(52) Old regions: 954->1091
[2025-08-01T03:47:19.366+0000] GC(52) Humongous regions: 0->0
[2025-08-01T03:47:19.366+0000] GC(52) Metaspace: 10593K(10816K)->10593K(10816K) NonClass: 9335K(9472K)->9335K(9472K) Class: 1258K(1344K)->1258K(1344K)
[2025-08-01T03:47:19.366+0000] GC(52) Pause Young (Normal) (G1 Evacuation Pause) 2216M->2221M(4096M) 48.802ms
[2025-08-01T03:47:19.366+0000] GC(52) User=0.34s Sys=0.00s Real=0.05s
[2025-08-01T03:47:19.471+0000] GC(53) Pause Young (Normal) (G1 Evacuation Pause)
[2025-08-01T03:47:19.471+0000] GC(53) Using 8 workers of 8 for evacuation
[2025-08-01T03:47:19.584+0000] GC(53)   Pre Evacuate Collection Set: 1.2ms
[2025-08-01T03:47:19.584+0000] GC(53)   Merge Heap Roots: 0.3ms
[2025-08-01T03:47:19.584+0000] GC(53)   Evacuate Collection Set: 109.7ms
[2025-08-01T03:47:19.584+0000] GC(53)   Post Evacuate Collection Set: 1.2ms
[2025-08-01T03:47:19.584+0000] GC(53)   Other: 0.1ms
[2025-08-01T03:47:19.584+0000] GC(53) Eden regions: 297->0(200)
[2025-08-01T03:47:19.584+0000] GC(53) Survivor regions: 20->40(40)
[2025-08-01T03:47:19.584+0000] GC(53) Old regions: 1091->1370
[2025-08-01T03:47:19.584+0000] GC(53) Humongous regions: 0->0
[2025-08-01T03:47:19.584+0000] GC(53) Metaspace: 10593K(10816K)->10593K(10816K) NonClass: 9335K(9472K)->9335K(9472K) Class: 1258K(1344K)->1258K(1344K)
[2025-08-01T03:47:19.584+0000] GC(53) Pause Young (Normal) (G1 Evacuation Pause) 2815M->2819M(4096M) 112.694ms
[2025-08-01T03:47:19.584+0000] GC(53) User=0.86s Sys=0.01s Real=0.12s
[2025-08-01T03:47:19.670+0000] GC(54) Pause Young (Normal) (G1 Evacuation Pause)
[2025-08-01T03:47:19.670+0000] GC(54) Using 8 workers of 8 for evacuation
[2025-08-01T03:47:19.732+0000] GC(54)   Pre Evacuate Collection Set: 1.0ms
[2025-08-01T03:47:19.732+0000] GC(54)   Merge Heap Roots: 0.5ms
[2025-08-01T03:47:19.732+0000] GC(54)   Evacuate Collection Set: 59.0ms
[2025-08-01T03:47:19.732+0000] GC(54)   Post Evacuate Collection Set: 1.3ms
[2025-08-01T03:47:19.732+0000] GC(54)   Other: 0.1ms
[2025-08-01T03:47:19.732+0000] GC(54) Eden regions: 200->0(159)
[2025-08-01T03:47:19.732+0000] GC(54) Survivor regions: 40->30(30)
[2025-08-01T03:47:19.732+0000] GC(54) Old regions: 1370->1518
[2025-08-01T03:47:19.732+0000] GC(54) Humongous regions: 0->0
[2025-08-01T03:47:19.732+0000] GC(54) Metaspace: 10593K(10816K)->10593K(10816K) NonClass: 9335K(9472K)->9335K(9472K) Class: 1258K(1344K)->1258K(1344K)
[2025-08-01T03:47:19.732+0000] GC(54) Pause Young (Normal) (G1 Evacuation Pause) 3219M->3094M(4096M) 62.397ms
[2025-08-01T03:47:19.732+0000] GC(54) User=0.45s Sys=0.02s Real=0.06s
[2025-08-01T03:47:19.749+0000] GC(49) Concurrent Rebuild Remembered Sets and Scrub Regions 464.979ms
[2025-08-01T03:47:19.749+0000] GC(49) Pause Cleanup
[2025-08-01T03:47:19.751+0000] GC(49) Pause Cleanup 3214M->3214M(4096M) 1.151ms
[2025-08-01T03:47:19.751+0000] GC(49) User=0.00s Sys=0.00s Real=0.00s
[2025-08-01T03:47:19.751+0000] GC(49) Concurrent Clear Claimed Marks
[2025-08-01T03:47:19.751+0000] GC(49) Concurrent Clear Claimed Marks 0.132ms
[2025-08-01T03:47:19.751+0000] GC(49) Concurrent Cleanup for Next Mark
[2025-08-01T03:47:19.762+0000] GC(49) Concurrent Cleanup for Next Mark 10.943ms
[2025-08-01T03:47:19.762+0000] GC(49) Concurrent Mark Cycle 816.168ms
[2025-08-01T03:47:19.807+0000] GC(55) Pause Young (Prepare Mixed) (G1 Evacuation Pause)
[2025-08-01T03:47:19.807+0000] GC(55) Using 8 workers of 8 for evacuation
[2025-08-01T03:47:19.871+0000] GC(55)   Pre Evacuate Collection Set: 0.9ms
[2025-08-01T03:47:19.872+0000] GC(55)   Merge Heap Roots: 0.2ms
[2025-08-01T03:47:19.872+0000] GC(55)   Evacuate Collection Set: 61.6ms
[2025-08-01T03:47:19.872+0000] GC(55)   Post Evacuate Collection Set: 1.6ms
[2025-08-01T03:47:19.872+0000] GC(55)   Other: 0.1ms
[2025-08-01T03:47:19.872+0000] GC(55) Eden regions: 159->0(123)
[2025-08-01T03:47:19.872+0000] GC(55) Survivor regions: 30->24(24)
[2025-08-01T03:47:19.872+0000] GC(55) Old regions: 1518->1634
[2025-08-01T03:47:19.872+0000] GC(55) Humongous regions: 0->0
[2025-08-01T03:47:19.872+0000] GC(55) Metaspace: 10593K(10816K)->10593K(10816K) NonClass: 9335K(9472K)->9335K(9472K) Class: 1258K(1344K)->1258K(1344K)
[2025-08-01T03:47:19.872+0000] GC(55) Pause Young (Prepare Mixed) (G1 Evacuation Pause) 3412M->3315M(4096M) 64.616ms
[2025-08-01T03:47:19.872+0000] GC(55) User=0.42s Sys=0.06s Real=0.06s
[2025-08-01T03:47:19.930+0000] GC(56) Pause Young (Mixed) (G1 Evacuation Pause)
[2025-08-01T03:47:19.930+0000] GC(56) Using 8 workers of 8 for evacuation
[2025-08-01T03:47:19.987+0000] GC(56)   Pre Evacuate Collection Set: 1.1ms
[2025-08-01T03:47:19.987+0000] GC(56)   Merge Heap Roots: 0.2ms
[2025-08-01T03:47:19.987+0000] GC(56)   Evacuate Collection Set: 53.9ms
[2025-08-01T03:47:19.987+0000] GC(56)   Post Evacuate Collection Set: 1.3ms
[2025-08-01T03:47:19.987+0000] GC(56)   Other: 0.1ms
[2025-08-01T03:47:19.987+0000] GC(56) Eden regions: 123->0(97)
[2025-08-01T03:47:19.987+0000] GC(56) Survivor regions: 24->19(19)
[2025-08-01T03:47:19.987+0000] GC(56) Old regions: 1634->1721
[2025-08-01T03:47:19.987+0000] GC(56) Humongous regions: 0->0
[2025-08-01T03:47:19.987+0000] GC(56) Metaspace: 10593K(10816K)->10593K(10816K) NonClass: 9335K(9472K)->9335K(9472K) Class: 1258K(1344K)->1258K(1344K)
[2025-08-01T03:47:19.987+0000] GC(56) Pause Young (Mixed) (G1 Evacuation Pause) 3561M->3479M(4096M) 56.818ms
[2025-08-01T03:47:19.987+0000] GC(56) User=0.38s Sys=0.01s Real=0.06s
[2025-08-01T03:47:20.010+0000] GC(57) Pause Young (Concurrent Start) (G1 Evacuation Pause)
[2025-08-01T03:47:20.010+0000] GC(57) Using 8 workers of 8 for evacuation
[2025-08-01T03:47:20.059+0000] GC(57)   Pre Evacuate Collection Set: 0.8ms
[2025-08-01T03:47:20.059+0000] GC(57)   Merge Heap Roots: 0.2ms
[2025-08-01T03:47:20.059+0000] GC(57)   Evacuate Collection Set: 46.6ms
[2025-08-01T03:47:20.059+0000] GC(57)   Post Evacuate Collection Set: 0.8ms
[2025-08-01T03:47:20.059+0000] GC(57)   Other: 0.4ms
[2025-08-01T03:47:20.059+0000] GC(57) Eden regions: 97->0(87)
[2025-08-01T03:47:20.059+0000] GC(57) Survivor regions: 19->15(15)
[2025-08-01T03:47:20.059+0000] GC(57) Old regions: 1721->1824
[2025-08-01T03:47:20.059+0000] GC(57) Humongous regions: 0->0
[2025-08-01T03:47:20.059+0000] GC(57) Metaspace: 10593K(10816K)->10593K(10816K) NonClass: 9335K(9472K)->9335K(9472K) Class: 1258K(1344K)->1258K(1344K)
[2025-08-01T03:47:20.059+0000] GC(57) Pause Young (Concurrent Start) (G1 Evacuation Pause) 3673M->3677M(4096M) 49.093ms
[2025-08-01T03:47:20.059+0000] GC(57) User=0.33s Sys=0.03s Real=0.05s
[2025-08-01T03:47:20.059+0000] GC(58) Concurrent Mark Cycle
[2025-08-01T03:47:20.059+0000] GC(58) Concurrent Scan Root Regions
[2025-08-01T03:47:20.087+0000] GC(58) Concurrent Scan Root Regions 27.361ms
[2025-08-01T03:47:20.087+0000] GC(58) Concurrent Mark
[2025-08-01T03:47:20.087+0000] GC(58) Concurrent Mark From Roots
[2025-08-01T03:47:20.087+0000] GC(58) Using 2 workers of 2 for marking
[2025-08-01T03:47:20.128+0000] GC(59) Pause Young (Normal) (G1 Evacuation Pause)
[2025-08-01T03:47:20.128+0000] GC(59) Using 8 workers of 8 for evacuation
[2025-08-01T03:47:20.172+0000] GC(59)   Pre Evacuate Collection Set: 1.0ms
[2025-08-01T03:47:20.173+0000] GC(59)   Merge Heap Roots: 0.3ms
[2025-08-01T03:47:20.173+0000] GC(59)   Evacuate Collection Set: 42.2ms
[2025-08-01T03:47:20.173+0000] GC(59)   Post Evacuate Collection Set: 0.7ms
[2025-08-01T03:47:20.173+0000] GC(59)   Other: 0.1ms
[2025-08-01T03:47:20.173+0000] GC(59) Eden regions: 87->0(89)
[2025-08-01T03:47:20.173+0000] GC(59) Survivor regions: 15->13(13)
[2025-08-01T03:47:20.173+0000] GC(59) Old regions: 1824->1915
[2025-08-01T03:47:20.173+0000] GC(59) Humongous regions: 0->0
[2025-08-01T03:47:20.173+0000] GC(59) Metaspace: 10593K(10816K)->10593K(10816K) NonClass: 9335K(9472K)->9335K(9472K) Class: 1258K(1344K)->1258K(1344K)
[2025-08-01T03:47:20.173+0000] GC(59) Pause Young (Normal) (G1 Evacuation Pause) 3851M->3855M(4096M) 44.632ms
[2025-08-01T03:47:20.173+0000] GC(59) User=0.31s Sys=0.02s Real=0.04s
[2025-08-01T03:47:20.192+0000] GC(60) Pause Young (Normal) (G1 Evacuation Pause)
[2025-08-01T03:47:20.192+0000] GC(60) Using 8 workers of 8 for evacuation
[2025-08-01T03:47:20.217+0000] GC(60)   Pre Evacuate Collection Set: 0.6ms
[2025-08-01T03:47:20.217+0000] GC(60)   Merge Heap Roots: 0.1ms
[2025-08-01T03:47:20.217+0000] GC(60)   Evacuate Collection Set: 17.9ms
[2025-08-01T03:47:20.217+0000] GC(60)   Post Evacuate Collection Set: 5.7ms
[2025-08-01T03:47:20.217+0000] GC(60)   Other: 0.1ms
[2025-08-01T03:47:20.217+0000] GC(60) Eden regions: 89->0(0)
[2025-08-01T03:47:20.217+0000] GC(60) Survivor regions: 13->13(13)
[2025-08-01T03:47:20.217+0000] GC(60) Old regions: 1915->2031
[2025-08-01T03:47:20.217+0000] GC(60) Humongous regions: 0->0
[2025-08-01T03:47:20.217+0000] GC(60) Metaspace: 10593K(10816K)->10593K(10816K) NonClass: 9335K(9472K)->9335K(9472K) Class: 1258K(1344K)->1258K(1344K)
[2025-08-01T03:47:20.217+0000] GC(60) Pause Young (Normal) (G1 Evacuation Pause) (Evacuation Failure) 4033M->4087M(4096M) 24.700ms
[2025-08-01T03:47:20.217+0000] GC(60) User=0.18s Sys=0.00s Real=0.03s
[2025-08-01T03:47:20.217+0000] Attempting full compaction
[2025-08-01T03:47:20.217+0000] GC(61) Pause Full (G1 Compaction Pause)
[2025-08-01T03:47:20.217+0000] GC(61) Using 8 workers of 8 for full compaction
[2025-08-01T03:47:20.223+0000] GC(61) Phase 1: Mark live objects
[2025-08-01T03:47:20.258+0000] GC(61) Phase 1: Mark live objects 35.139ms
[2025-08-01T03:47:20.258+0000] GC(61) Phase 2: Prepare compaction
[2025-08-01T03:47:20.269+0000] GC(61) Phase 2: Prepare compaction 10.989ms
[2025-08-01T03:47:20.269+0000] GC(61) Phase 3: Adjust pointers
[2025-08-01T03:47:20.304+0000] GC(61) Phase 3: Adjust pointers 35.624ms
[2025-08-01T03:47:20.305+0000] GC(61) Phase 4: Compact heap
[2025-08-01T03:47:20.336+0000] GC(61) Phase 4: Compact heap 31.379ms
[2025-08-01T03:47:20.336+0000] GC(61) Phase 5: Reset Metadata
[2025-08-01T03:47:20.371+0000] GC(61) Phase 5: Reset Metadata 35.304ms
[2025-08-01T03:47:20.379+0000] GC(61) Eden regions: 0->0(530)
[2025-08-01T03:47:20.379+0000] GC(61) Survivor regions: 13->0(13)
[2025-08-01T03:47:20.379+0000] GC(61) Old regions: 2031->426
[2025-08-01T03:47:20.379+0000] GC(61) Humongous regions: 0->0
[2025-08-01T03:47:20.379+0000] GC(61) Metaspace: 10593K(10816K)->10593K(10816K) NonClass: 9335K(9472K)->9335K(9472K) Class: 1258K(1344K)->1258K(1344K)
[2025-08-01T03:47:20.379+0000] GC(61) Pause Full (G1 Compaction Pause) 4087M->846M(4096M) 161.545ms
[2025-08-01T03:47:20.379+0000] GC(61) User=1.13s Sys=0.00s Real=0.16s
[2025-08-01T03:47:20.379+0000] GC(58) Concurrent Mark From Roots 292.275ms
[2025-08-01T03:47:20.379+0000] GC(58) Concurrent Mark Abort
[2025-08-01T03:47:20.379+0000] GC(58) Concurrent Mark Cycle 319.806ms
[2025-08-01T03:47:20.615+0000] GC(62) Pause Young (Normal) (G1 Evacuation Pause)
[2025-08-01T03:47:20.615+0000] GC(62) Using 8 workers of 8 for evacuation
[2025-08-01T03:47:20.724+0000] GC(62)   Pre Evacuate Collection Set: 0.7ms
[2025-08-01T03:47:20.724+0000] GC(62)   Merge Heap Roots: 0.3ms
[2025-08-01T03:47:20.725+0000] GC(62)   Evacuate Collection Set: 106.3ms
[2025-08-01T03:47:20.725+0000] GC(62)   Post Evacuate Collection Set: 1.8ms
[2025-08-01T03:47:20.725+0000] GC(62)   Other: 0.1ms
[2025-08-01T03:47:20.725+0000] GC(62) Eden regions: 530->0(501)
[2025-08-01T03:47:20.725+0000] GC(62) Survivor regions: 0->67(67)
[2025-08-01T03:47:20.725+0000] GC(62) Old regions: 426->562
[2025-08-01T03:47:20.725+0000] GC(62) Humongous regions: 0->0
[2025-08-01T03:47:20.725+0000] GC(62) Metaspace: 10593K(10816K)->10593K(10816K) NonClass: 9335K(9472K)->9335K(9472K) Class: 1258K(1344K)->1258K(1344K)
[2025-08-01T03:47:20.725+0000] GC(62) Pause Young (Normal) (G1 Evacuation Pause) 1906M->1251M(4096M) 109.532ms
[2025-08-01T03:47:20.725+0000] GC(62) User=0.78s Sys=0.04s Real=0.11s
[2025-08-01T03:47:20.983+0000] GC(63) Pause Young (Concurrent Start) (G1 Evacuation Pause)
[2025-08-01T03:47:20.983+0000] GC(63) Using 8 workers of 8 for evacuation
[2025-08-01T03:47:21.208+0000] GC(63) MMU target violated: 201.0ms (200.0ms/201.0ms)
[2025-08-01T03:47:21.208+0000] GC(63)   Pre Evacuate Collection Set: 1.0ms
[2025-08-01T03:47:21.208+0000] GC(63)   Merge Heap Roots: 0.4ms
[2025-08-01T03:47:21.208+0000] GC(63)   Evacuate Collection Set: 222.0ms
[2025-08-01T03:47:21.208+0000] GC(63)   Post Evacuate Collection Set: 1.1ms
[2025-08-01T03:47:21.208+0000] GC(63)   Other: 0.5ms
[2025-08-01T03:47:21.208+0000] GC(63) Eden regions: 501->0(314)
[2025-08-01T03:47:21.208+0000] GC(63) Survivor regions: 67->71(71)
[2025-08-01T03:47:21.208+0000] GC(63) Old regions: 562->1011
[2025-08-01T03:47:21.208+0000] GC(63) Humongous regions: 0->0
[2025-08-01T03:47:21.208+0000] GC(63) Metaspace: 10593K(10816K)->10593K(10816K) NonClass: 9335K(9472K)->9335K(9472K) Class: 1258K(1344K)->1258K(1344K)
[2025-08-01T03:47:21.208+0000] GC(63) Pause Young (Concurrent Start) (G1 Evacuation Pause) 2253M->2157M(4096M) 225.170ms
[2025-08-01T03:47:21.208+0000] GC(63) User=1.62s Sys=0.06s Real=0.22s
[2025-08-01T03:47:21.208+0000] GC(64) Concurrent Mark Cycle
[2025-08-01T03:47:21.208+0000] GC(64) Concurrent Scan Root Regions
[2025-08-01T03:47:21.326+0000] GC(65) Pause Young (Normal) (G1 Evacuation Pause)
[2025-08-01T03:47:21.326+0000] GC(65) Using 8 workers of 8 for evacuation
[2025-08-01T03:47:21.328+0000] GC(64) Concurrent Scan Root Regions 119.835ms
[2025-08-01T03:47:21.328+0000] GC(64) Concurrent Mark
[2025-08-01T03:47:21.328+0000] GC(64) Concurrent Mark From Roots
[2025-08-01T03:47:21.328+0000] GC(64) Using 2 workers of 2 for marking
[2025-08-01T03:47:21.438+0000] GC(65)   Pre Evacuate Collection Set: 0.8ms
[2025-08-01T03:47:21.438+0000] GC(65)   Merge Heap Roots: 0.2ms
[2025-08-01T03:47:21.438+0000] GC(65)   Evacuate Collection Set: 107.3ms
[2025-08-01T03:47:21.438+0000] GC(65)   Post Evacuate Collection Set: 1.0ms
[2025-08-01T03:47:21.438+0000] GC(65)   Other: 0.1ms
[2025-08-01T03:47:21.438+0000] GC(65) Eden regions: 314->0(229)
[2025-08-01T03:47:21.438+0000] GC(65) Survivor regions: 71->49(49)
[2025-08-01T03:47:21.438+0000] GC(65) Old regions: 1011->1283
[2025-08-01T03:47:21.438+0000] GC(65) Humongous regions: 0->0
[2025-08-01T03:47:21.438+0000] GC(65) Metaspace: 10593K(10816K)->10593K(10816K) NonClass: 9335K(9472K)->9335K(9472K) Class: 1258K(1344K)->1258K(1344K)
[2025-08-01T03:47:21.438+0000] GC(65) Pause Young (Normal) (G1 Evacuation Pause) 2785M->2657M(4096M) 111.676ms
[2025-08-01T03:47:21.438+0000] GC(65) User=0.83s Sys=0.02s Real=0.11s
[2025-08-01T03:47:21.460+0000] GC(64) Concurrent Mark From Roots 131.935ms
[2025-08-01T03:47:21.460+0000] GC(64) Concurrent Preclean
[2025-08-01T03:47:21.460+0000] GC(64) Concurrent Preclean 0.025ms
[2025-08-01T03:47:21.460+0000] GC(64) Pause Remark
[2025-08-01T03:47:21.464+0000] GC(64) Pause Remark 2748M->1789M(4096M) 3.961ms
[2025-08-01T03:47:21.464+0000] GC(64) User=0.01s Sys=0.00s Real=0.01s
[2025-08-01T03:47:21.465+0000] GC(64) Concurrent Mark 136.319ms
[2025-08-01T03:47:21.465+0000] GC(64) Concurrent Rebuild Remembered Sets and Scrub Regions
[2025-08-01T03:47:21.578+0000] GC(66) Pause Young (Normal) (G1 Evacuation Pause)
[2025-08-01T03:47:21.578+0000] GC(66) Using 8 workers of 8 for evacuation
[2025-08-01T03:47:21.643+0000] GC(66)   Pre Evacuate Collection Set: 0.9ms
[2025-08-01T03:47:21.643+0000] GC(66)   Merge Heap Roots: 0.3ms
[2025-08-01T03:47:21.643+0000] GC(66)   Evacuate Collection Set: 62.8ms
[2025-08-01T03:47:21.643+0000] GC(66)   Post Evacuate Collection Set: 0.9ms
[2025-08-01T03:47:21.643+0000] GC(66)   Other: 0.1ms
[2025-08-01T03:47:21.643+0000] GC(66) Eden regions: 229->0(357)
[2025-08-01T03:47:21.643+0000] GC(66) Survivor regions: 49->35(35)
[2025-08-01T03:47:21.643+0000] GC(66) Old regions: 801->939
[2025-08-01T03:47:21.643+0000] GC(66) Humongous regions: 0->0
[2025-08-01T03:47:21.643+0000] GC(66) Metaspace: 10593K(10816K)->10593K(10816K) NonClass: 9335K(9472K)->9335K(9472K) Class: 1258K(1344K)->1258K(1344K)
[2025-08-01T03:47:21.643+0000] GC(66) Pause Young (Normal) (G1 Evacuation Pause) 2156M->1947M(4096M) 65.296ms
[2025-08-01T03:47:21.643+0000] GC(66) User=0.47s Sys=0.02s Real=0.07s
[2025-08-01T03:47:21.714+0000] GC(64) Concurrent Rebuild Remembered Sets and Scrub Regions 249.278ms
[2025-08-01T03:47:21.714+0000] GC(64) Pause Cleanup
[2025-08-01T03:47:21.715+0000] GC(64) Pause Cleanup 2307M->2307M(4096M) 0.889ms
[2025-08-01T03:47:21.715+0000] GC(64) User=0.00s Sys=0.00s Real=0.00s
[2025-08-01T03:47:21.715+0000] GC(64) Concurrent Clear Claimed Marks
[2025-08-01T03:47:21.715+0000] GC(64) Concurrent Clear Claimed Marks 0.061ms
[2025-08-01T03:47:21.715+0000] GC(64) Concurrent Cleanup for Next Mark
[2025-08-01T03:47:21.723+0000] GC(64) Concurrent Cleanup for Next Mark 7.819ms
[2025-08-01T03:47:21.723+0000] GC(64) Concurrent Mark Cycle 515.081ms
[2025-08-01T03:47:21.760+0000] GC(67) Pause Young (Prepare Mixed) (G1 Evacuation Pause)
[2025-08-01T03:47:21.760+0000] GC(67) Using 8 workers of 8 for evacuation
[2025-08-01T03:47:21.889+0000] GC(67)   Pre Evacuate Collection Set: 1.2ms
[2025-08-01T03:47:21.889+0000] GC(67)   Merge Heap Roots: 0.2ms
[2025-08-01T03:47:21.889+0000] GC(67)   Evacuate Collection Set: 125.7ms
[2025-08-01T03:47:21.889+0000] GC(67)   Post Evacuate Collection Set: 1.8ms
[2025-08-01T03:47:21.889+0000] GC(67)   Other: 0.2ms
[2025-08-01T03:47:21.889+0000] GC(67) Eden regions: 357->0(214)
[2025-08-01T03:47:21.889+0000] GC(67) Survivor regions: 35->49(49)
[2025-08-01T03:47:21.889+0000] GC(67) Old regions: 939->1284
[2025-08-01T03:47:21.889+0000] GC(67) Humongous regions: 0->0
[2025-08-01T03:47:21.889+0000] GC(67) Metaspace: 10593K(10816K)->10593K(10816K) NonClass: 9335K(9472K)->9335K(9472K) Class: 1258K(1344K)->1258K(1344K)
[2025-08-01T03:47:21.889+0000] GC(67) Pause Young (Prepare Mixed) (G1 Evacuation Pause) 2661M->2664M(4096M) 129.347ms
[2025-08-01T03:47:21.889+0000] GC(67) User=0.99s Sys=0.01s Real=0.13s
[2025-08-01T03:47:21.981+0000] GC(68) Pause Young (Mixed) (G1 Evacuation Pause)
[2025-08-01T03:47:21.982+0000] GC(68) Using 8 workers of 8 for evacuation
[2025-08-01T03:47:22.065+0000] GC(68)   Pre Evacuate Collection Set: 1.0ms
[2025-08-01T03:47:22.065+0000] GC(68)   Merge Heap Roots: 0.6ms
[2025-08-01T03:47:22.065+0000] GC(68)   Evacuate Collection Set: 80.5ms
[2025-08-01T03:47:22.065+0000] GC(68)   Post Evacuate Collection Set: 1.2ms
[2025-08-01T03:47:22.065+0000] GC(68)   Other: 0.1ms
[2025-08-01T03:47:22.065+0000] GC(68) Eden regions: 215->0(178)
[2025-08-01T03:47:22.065+0000] GC(68) Survivor regions: 49->33(33)
[2025-08-01T03:47:22.065+0000] GC(68) Old regions: 1284->1448
[2025-08-01T03:47:22.065+0000] GC(68) Humongous regions: 0->0
[2025-08-01T03:47:22.065+0000] GC(68) Metaspace: 10593K(10816K)->10593K(10816K) NonClass: 9335K(9472K)->9335K(9472K) Class: 1258K(1344K)->1258K(1344K)
[2025-08-01T03:47:22.065+0000] GC(68) Pause Young (Mixed) (G1 Evacuation Pause) 3094M->2961M(4096M) 83.657ms
[2025-08-01T03:47:22.065+0000] GC(68) User=0.61s Sys=0.03s Real=0.09s
[2025-08-01T03:47:22.134+0000] GC(69) Pause Young (Mixed) (G1 Evacuation Pause)
[2025-08-01T03:47:22.134+0000] GC(69) Using 8 workers of 8 for evacuation
[2025-08-01T03:47:22.176+0000] GC(69)   Pre Evacuate Collection Set: 0.8ms
[2025-08-01T03:47:22.176+0000] GC(69)   Merge Heap Roots: 0.1ms
[2025-08-01T03:47:22.176+0000] GC(69)   Evacuate Collection Set: 39.1ms
[2025-08-01T03:47:22.176+0000] GC(69)   Post Evacuate Collection Set: 1.2ms
[2025-08-01T03:47:22.176+0000] GC(69)   Other: 0.2ms
[2025-08-01T03:47:22.176+0000] GC(69) Eden regions: 178->0(163)
[2025-08-01T03:47:22.176+0000] GC(69) Survivor regions: 33->27(27)
[2025-08-01T03:47:22.176+0000] GC(69) Old regions: 1448->1523
[2025-08-01T03:47:22.176+0000] GC(69) Humongous regions: 0->0
[2025-08-01T03:47:22.176+0000] GC(69) Metaspace: 10593K(10816K)->10593K(10816K) NonClass: 9335K(9472K)->9335K(9472K) Class: 1258K(1344K)->1258K(1344K)
[2025-08-01T03:47:22.176+0000] GC(69) Pause Young (Mixed) (G1 Evacuation Pause) 3317M->3098M(4096M) 41.726ms
[2025-08-01T03:47:22.176+0000] GC(69) User=0.31s Sys=0.01s Real=0.04s
[2025-08-01T03:47:22.242+0000] GC(70) Pause Young (Concurrent Start) (G1 Evacuation Pause)
[2025-08-01T03:47:22.242+0000] GC(70) Using 8 workers of 8 for evacuation
[2025-08-01T03:47:22.295+0000] GC(70)   Pre Evacuate Collection Set: 0.7ms
[2025-08-01T03:47:22.295+0000] GC(70)   Merge Heap Roots: 0.1ms
[2025-08-01T03:47:22.295+0000] GC(70)   Evacuate Collection Set: 50.1ms
[2025-08-01T03:47:22.295+0000] GC(70)   Post Evacuate Collection Set: 1.2ms
[2025-08-01T03:47:22.295+0000] GC(70)   Other: 0.2ms
[2025-08-01T03:47:22.295+0000] GC(70) Eden regions: 163->0(130)
[2025-08-01T03:47:22.295+0000] GC(70) Survivor regions: 27->24(24)
[2025-08-01T03:47:22.295+0000] GC(70) Old regions: 1523->1635
[2025-08-01T03:47:22.295+0000] GC(70) Humongous regions: 0->0
[2025-08-01T03:47:22.295+0000] GC(70) Metaspace: 10593K(10816K)->10593K(10816K) NonClass: 9335K(9472K)->9335K(9472K) Class: 1258K(1344K)->1258K(1344K)
[2025-08-01T03:47:22.295+0000] GC(70) Pause Young (Concurrent Start) (G1 Evacuation Pause) 3424M->3317M(4096M) 52.592ms
[2025-08-01T03:47:22.295+0000] GC(70) User=0.38s Sys=0.01s Real=0.06s
[2025-08-01T03:47:22.295+0000] GC(71) Concurrent Mark Cycle
[2025-08-01T03:47:22.295+0000] GC(71) Concurrent Scan Root Regions
[2025-08-01T03:47:22.326+0000] GC(72) Pause Young (Normal) (G1 Evacuation Pause)
[2025-08-01T03:47:22.326+0000] GC(72) Using 8 workers of 8 for evacuation
[2025-08-01T03:47:22.334+0000] GC(71) Concurrent Scan Root Regions 38.409ms
[2025-08-01T03:47:22.334+0000] GC(71) Concurrent Mark
[2025-08-01T03:47:22.334+0000] GC(71) Concurrent Mark From Roots
[2025-08-01T03:47:22.334+0000] GC(71) Using 2 workers of 2 for marking
[2025-08-01T03:47:22.387+0000] GC(72)   Pre Evacuate Collection Set: 0.7ms
[2025-08-01T03:47:22.387+0000] GC(72)   Merge Heap Roots: 0.6ms
[2025-08-01T03:47:22.387+0000] GC(72)   Evacuate Collection Set: 49.9ms
[2025-08-01T03:47:22.387+0000] GC(72)   Post Evacuate Collection Set: 1.4ms
[2025-08-01T03:47:22.387+0000] GC(72)   Other: 0.1ms
[2025-08-01T03:47:22.387+0000] GC(72) Eden regions: 130->0(82)
[2025-08-01T03:47:22.387+0000] GC(72) Survivor regions: 24->20(20)
[2025-08-01T03:47:22.387+0000] GC(72) Old regions: 1635->1771
[2025-08-01T03:47:22.387+0000] GC(72) Humongous regions: 0->0
[2025-08-01T03:47:22.387+0000] GC(72) Metaspace: 10593K(10816K)->10593K(10816K) NonClass: 9335K(9472K)->9335K(9472K) Class: 1258K(1344K)->1258K(1344K)
[2025-08-01T03:47:22.387+0000] GC(72) Pause Young (Normal) (G1 Evacuation Pause) 3577M->3580M(4096M) 60.801ms
[2025-08-01T03:47:22.387+0000] GC(72) User=0.41s Sys=0.00s Real=0.06s
[2025-08-01T03:47:22.424+0000] GC(71) Concurrent Mark From Roots 90.069ms
[2025-08-01T03:47:22.424+0000] GC(71) Concurrent Preclean
[2025-08-01T03:47:22.424+0000] GC(71) Concurrent Preclean 0.050ms
[2025-08-01T03:47:22.424+0000] GC(71) Pause Remark
[2025-08-01T03:47:22.427+0000] GC(71) Pause Remark 3666M->874M(4096M) 2.720ms
[2025-08-01T03:47:22.427+0000] GC(71) User=0.01s Sys=0.00s Real=0.00s
[2025-08-01T03:47:22.427+0000] GC(71) Concurrent Mark 93.275ms
[2025-08-01T03:47:22.427+0000] GC(71) Concurrent Rebuild Remembered Sets and Scrub Regions
[2025-08-01T03:47:22.451+0000] GC(73) Pause Young (Normal) (G1 Evacuation Pause)
[2025-08-01T03:47:22.451+0000] GC(73) Using 8 workers of 8 for evacuation
[2025-08-01T03:47:22.486+0000] GC(73)   Pre Evacuate Collection Set: 1.0ms
[2025-08-01T03:47:22.487+0000] GC(73)   Merge Heap Roots: 0.2ms
[2025-08-01T03:47:22.487+0000] GC(73)   Evacuate Collection Set: 33.5ms
[2025-08-01T03:47:22.487+0000] GC(73)   Post Evacuate Collection Set: 0.7ms
[2025-08-01T03:47:22.487+0000] GC(73)   Other: 0.1ms
[2025-08-01T03:47:22.487+0000] GC(73) Eden regions: 82->0(501)
[2025-08-01T03:47:22.487+0000] GC(73) Survivor regions: 20->13(13)
[2025-08-01T03:47:22.487+0000] GC(73) Old regions: 375->465
[2025-08-01T03:47:22.487+0000] GC(73) Humongous regions: 0->0
[2025-08-01T03:47:22.487+0000] GC(73) Metaspace: 10593K(10816K)->10593K(10816K) NonClass: 9335K(9472K)->9335K(9472K) Class: 1258K(1344K)->1258K(1344K)
[2025-08-01T03:47:22.487+0000] GC(73) Pause Young (Normal) (G1 Evacuation Pause) 952M->955M(4096M) 35.930ms
[2025-08-01T03:47:22.487+0000] GC(73) User=0.26s Sys=0.00s Real=0.04s
[2025-08-01T03:47:22.540+0000] GC(71) Concurrent Rebuild Remembered Sets and Scrub Regions 112.871ms
[2025-08-01T03:47:22.540+0000] GC(71) Pause Cleanup
[2025-08-01T03:47:22.541+0000] GC(71) Pause Cleanup 1236M->1236M(4096M) 1.030ms
[2025-08-01T03:47:22.541+0000] GC(71) User=0.00s Sys=0.00s Real=0.00s
[2025-08-01T03:47:22.542+0000] GC(71) Concurrent Clear Claimed Marks
[2025-08-01T03:47:22.542+0000] GC(71) Concurrent Clear Claimed Marks 0.031ms
[2025-08-01T03:47:22.542+0000] GC(71) Concurrent Cleanup for Next Mark
[2025-08-01T03:47:22.550+0000] GC(71) Concurrent Cleanup for Next Mark 8.247ms
[2025-08-01T03:47:22.550+0000] GC(71) Concurrent Mark Cycle 254.750ms
[2025-08-01T03:47:22.673+0000] GC(74) Pause Young (Prepare Mixed) (G1 Evacuation Pause)
[2025-08-01T03:47:22.673+0000] GC(74) Using 8 workers of 8 for evacuation
[2025-08-01T03:47:22.736+0000] GC(74)   Pre Evacuate Collection Set: 0.7ms
[2025-08-01T03:47:22.736+0000] GC(74)   Merge Heap Roots: 0.2ms
[2025-08-01T03:47:22.736+0000] GC(74)   Evacuate Collection Set: 60.8ms
[2025-08-01T03:47:22.736+0000] GC(74)   Post Evacuate Collection Set: 1.1ms
[2025-08-01T03:47:22.736+0000] GC(74)   Other: 0.1ms
[2025-08-01T03:47:22.736+0000] GC(74) Eden regions: 501->0(409)
[2025-08-01T03:47:22.736+0000] GC(74) Survivor regions: 13->65(65)
[2025-08-01T03:47:22.736+0000] GC(74) Old regions: 465->582
[2025-08-01T03:47:22.736+0000] GC(74) Humongous regions: 0->0
[2025-08-01T03:47:22.736+0000] GC(74) Metaspace: 10593K(10816K)->10593K(10816K) NonClass: 9335K(9472K)->9335K(9472K) Class: 1258K(1344K)->1258K(1344K)
[2025-08-01T03:47:22.736+0000] GC(74) Pause Young (Prepare Mixed) (G1 Evacuation Pause) 1957M->1293M(4096M) 63.239ms
[2025-08-01T03:47:22.736+0000] GC(74) User=0.48s Sys=0.00s Real=0.07s
[2025-08-01T03:47:22.900+0000] GC(75) Pause Young (Mixed) (G1 Evacuation Pause)
[2025-08-01T03:47:22.900+0000] GC(75) Using 8 workers of 8 for evacuation
[2025-08-01T03:47:23.017+0000] GC(75)   Pre Evacuate Collection Set: 0.7ms
[2025-08-01T03:47:23.017+0000] GC(75)   Merge Heap Roots: 0.4ms
[2025-08-01T03:47:23.017+0000] GC(75)   Evacuate Collection Set: 115.2ms
[2025-08-01T03:47:23.017+0000] GC(75)   Post Evacuate Collection Set: 0.9ms
[2025-08-01T03:47:23.017+0000] GC(75)   Other: 0.1ms
[2025-08-01T03:47:23.017+0000] GC(75) Eden regions: 407->0(358)
[2025-08-01T03:47:23.017+0000] GC(75) Survivor regions: 65->59(59)
[2025-08-01T03:47:23.017+0000] GC(75) Old regions: 582->905
[2025-08-01T03:47:23.017+0000] GC(75) Humongous regions: 0->0
[2025-08-01T03:47:23.017+0000] GC(75) Metaspace: 10593K(10816K)->10593K(10816K) NonClass: 9335K(9472K)->9335K(9472K) Class: 1258K(1344K)->1258K(1344K)
[2025-08-01T03:47:23.018+0000] GC(75) Pause Young (Mixed) (G1 Evacuation Pause) 2107M->1927M(4096M) 117.831ms
[2025-08-01T03:47:23.018+0000] GC(75) User=0.92s Sys=0.00s Real=0.12s
[2025-08-01T03:47:23.182+0000] GC(76) Pause Young (Mixed) (G1 Evacuation Pause)
[2025-08-01T03:47:23.182+0000] GC(76) Using 8 workers of 8 for evacuation
[2025-08-01T03:47:23.368+0000] GC(76)   Pre Evacuate Collection Set: 0.9ms
[2025-08-01T03:47:23.368+0000] GC(76)   Merge Heap Roots: 0.4ms
[2025-08-01T03:47:23.368+0000] GC(76)   Evacuate Collection Set: 183.2ms
[2025-08-01T03:47:23.368+0000] GC(76)   Post Evacuate Collection Set: 1.1ms
[2025-08-01T03:47:23.368+0000] GC(76)   Other: 0.1ms
[2025-08-01T03:47:23.368+0000] GC(76) Eden regions: 358->0(270)
[2025-08-01T03:47:23.368+0000] GC(76) Survivor regions: 59->53(53)
[2025-08-01T03:47:23.368+0000] GC(76) Old regions: 905->1181
[2025-08-01T03:47:23.368+0000] GC(76) Humongous regions: 0->0
[2025-08-01T03:47:23.368+0000] GC(76) Metaspace: 10593K(10816K)->10593K(10816K) NonClass: 9335K(9472K)->9335K(9472K) Class: 1258K(1344K)->1258K(1344K)
[2025-08-01T03:47:23.368+0000] GC(76) Pause Young (Mixed) (G1 Evacuation Pause) 2643M->2467M(4096M) 186.006ms
[2025-08-01T03:47:23.368+0000] GC(76) User=1.44s Sys=0.00s Real=0.19s
[2025-08-01T03:47:23.466+0000] GC(77) Pause Young (Concurrent Start) (G1 Evacuation Pause)
[2025-08-01T03:47:23.466+0000] GC(77) Using 8 workers of 8 for evacuation
[2025-08-01T03:47:23.597+0000] GC(77)   Pre Evacuate Collection Set: 1.1ms
[2025-08-01T03:47:23.597+0000] GC(77)   Merge Heap Roots: 0.3ms
[2025-08-01T03:47:23.597+0000] GC(77)   Evacuate Collection Set: 126.8ms
[2025-08-01T03:47:23.597+0000] GC(77)   Post Evacuate Collection Set: 2.2ms
[2025-08-01T03:47:23.598+0000] GC(77)   Other: 0.5ms
[2025-08-01T03:47:23.598+0000] GC(77) Eden regions: 270->0(212)
[2025-08-01T03:47:23.598+0000] GC(77) Survivor regions: 53->41(41)
[2025-08-01T03:47:23.598+0000] GC(77) Old regions: 1181->1358
[2025-08-01T03:47:23.598+0000] GC(77) Humongous regions: 0->0
[2025-08-01T03:47:23.598+0000] GC(77) Metaspace: 10593K(10816K)->10593K(10816K) NonClass: 9335K(9472K)->9335K(9472K) Class: 1258K(1344K)->1258K(1344K)
[2025-08-01T03:47:23.598+0000] GC(77) Pause Young (Concurrent Start) (G1 Evacuation Pause) 3007M->2796M(4096M) 131.290ms
[2025-08-01T03:47:23.598+0000] GC(77) User=0.88s Sys=0.07s Real=0.13s
[2025-08-01T03:47:23.598+0000] GC(78) Concurrent Mark Cycle
[2025-08-01T03:47:23.598+0000] GC(78) Concurrent Scan Root Regions
[2025-08-01T03:47:23.642+0000] GC(78) Concurrent Scan Root Regions 43.793ms
[2025-08-01T03:47:23.642+0000] GC(78) Concurrent Mark
[2025-08-01T03:47:23.642+0000] GC(78) Concurrent Mark From Roots
[2025-08-01T03:47:23.642+0000] GC(78) Using 2 workers of 2 for marking
[2025-08-01T03:47:23.695+0000] GC(79) Pause Young (Normal) (G1 Evacuation Pause)
[2025-08-01T03:47:23.696+0000] GC(79) Using 8 workers of 8 for evacuation
[2025-08-01T03:47:23.767+0000] GC(79)   Pre Evacuate Collection Set: 0.8ms
[2025-08-01T03:47:23.767+0000] GC(79)   Merge Heap Roots: 0.2ms
[2025-08-01T03:47:23.767+0000] GC(79)   Evacuate Collection Set: 69.0ms
[2025-08-01T03:47:23.767+0000] GC(79)   Post Evacuate Collection Set: 1.2ms
[2025-08-01T03:47:23.767+0000] GC(79)   Other: 0.4ms
[2025-08-01T03:47:23.767+0000] GC(79) Eden regions: 212->0(146)
[2025-08-01T03:47:23.767+0000] GC(79) Survivor regions: 41->32(32)
[2025-08-01T03:47:23.767+0000] GC(79) Old regions: 1358->1549
[2025-08-01T03:47:23.767+0000] GC(79) Humongous regions: 0->0
[2025-08-01T03:47:23.767+0000] GC(79) Metaspace: 10593K(10816K)->10593K(10816K) NonClass: 9335K(9472K)->9335K(9472K) Class: 1258K(1344K)->1258K(1344K)
[2025-08-01T03:47:23.767+0000] GC(79) Pause Young (Normal) (G1 Evacuation Pause) 3220M->3161M(4096M) 71.810ms
[2025-08-01T03:47:23.767+0000] GC(79) User=0.55s Sys=0.00s Real=0.07s
[2025-08-01T03:47:23.792+0000] GC(78) Concurrent Mark From Roots 149.767ms
[2025-08-01T03:47:23.792+0000] GC(78) Concurrent Preclean
[2025-08-01T03:47:23.792+0000] GC(78) Concurrent Preclean 0.023ms
[2025-08-01T03:47:23.792+0000] GC(78) Pause Remark
[2025-08-01T03:47:23.796+0000] GC(78) Pause Remark 3291M->1429M(4096M) 3.322ms
[2025-08-01T03:47:23.796+0000] GC(78) User=0.01s Sys=0.00s Real=0.01s
[2025-08-01T03:47:23.796+0000] GC(78) Concurrent Mark 153.521ms
[2025-08-01T03:47:23.796+0000] GC(78) Concurrent Rebuild Remembered Sets and Scrub Regions
[2025-08-01T03:47:23.848+0000] GC(80) Pause Young (Normal) (G1 Evacuation Pause)
[2025-08-01T03:47:23.848+0000] GC(80) Using 8 workers of 8 for evacuation
[2025-08-01T03:47:23.922+0000] GC(80)   Pre Evacuate Collection Set: 0.7ms
[2025-08-01T03:47:23.922+0000] GC(80)   Merge Heap Roots: 0.2ms
[2025-08-01T03:47:23.922+0000] GC(80)   Evacuate Collection Set: 72.3ms
[2025-08-01T03:47:23.922+0000] GC(80)   Post Evacuate Collection Set: 0.8ms
[2025-08-01T03:47:23.922+0000] GC(80)   Other: 0.1ms
[2025-08-01T03:47:23.922+0000] GC(80) Eden regions: 146->0(425)
[2025-08-01T03:47:23.922+0000] GC(80) Survivor regions: 32->23(23)
[2025-08-01T03:47:23.922+0000] GC(80) Old regions: 618->775
[2025-08-01T03:47:23.922+0000] GC(80) Humongous regions: 0->0
[2025-08-01T03:47:23.922+0000] GC(80) Metaspace: 10593K(10816K)->10593K(10816K) NonClass: 9335K(9472K)->9335K(9472K) Class: 1258K(1344K)->1258K(1344K)
[2025-08-01T03:47:23.922+0000] GC(80) Pause Young (Normal) (G1 Evacuation Pause) 1591M->1594M(4096M) 74.255ms
[2025-08-01T03:47:23.922+0000] GC(80) User=0.52s Sys=0.04s Real=0.07s
[2025-08-01T03:47:24.005+0000] GC(78) Concurrent Rebuild Remembered Sets and Scrub Regions 208.802ms
[2025-08-01T03:47:24.005+0000] GC(78) Pause Cleanup
[2025-08-01T03:47:24.006+0000] GC(78) Pause Cleanup 1968M->1968M(4096M) 0.934ms
[2025-08-01T03:47:24.006+0000] GC(78) User=0.00s Sys=0.00s Real=0.00s
[2025-08-01T03:47:24.006+0000] GC(78) Concurrent Clear Claimed Marks
[2025-08-01T03:47:24.006+0000] GC(78) Concurrent Clear Claimed Marks 0.052ms
[2025-08-01T03:47:24.006+0000] GC(78) Concurrent Cleanup for Next Mark
[2025-08-01T03:47:24.023+0000] GC(78) Concurrent Cleanup for Next Mark 16.544ms
[2025-08-01T03:47:24.023+0000] GC(78) Concurrent Mark Cycle 424.739ms
[2025-08-01T03:47:24.106+0000] GC(81) Pause Young (Prepare Mixed) (G1 Evacuation Pause)
[2025-08-01T03:47:24.106+0000] GC(81) Using 8 workers of 8 for evacuation
[2025-08-01T03:47:24.182+0000] GC(81)   Pre Evacuate Collection Set: 1.5ms
[2025-08-01T03:47:24.182+0000] GC(81)   Merge Heap Roots: 0.7ms
[2025-08-01T03:47:24.182+0000] GC(81)   Evacuate Collection Set: 73.0ms
[2025-08-01T03:47:24.182+0000] GC(81)   Post Evacuate Collection Set: 1.1ms
[2025-08-01T03:47:24.182+0000] GC(81)   Other: 0.1ms
[2025-08-01T03:47:24.182+0000] GC(81) Eden regions: 425->0(399)
[2025-08-01T03:47:24.182+0000] GC(81) Survivor regions: 23->56(56)
[2025-08-01T03:47:24.182+0000] GC(81) Old regions: 775->888
[2025-08-01T03:47:24.182+0000] GC(81) Humongous regions: 0->0
[2025-08-01T03:47:24.182+0000] GC(81) Metaspace: 10593K(10816K)->10593K(10816K) NonClass: 9335K(9472K)->9335K(9472K) Class: 1258K(1344K)->1258K(1344K)
[2025-08-01T03:47:24.182+0000] GC(81) Pause Young (Prepare Mixed) (G1 Evacuation Pause) 2444M->1886M(4096M) 76.493ms
[2025-08-01T03:47:24.182+0000] GC(81) User=0.46s Sys=0.05s Real=0.07s
[2025-08-01T03:47:24.359+0000] GC(82) Pause Young (Mixed) (G1 Evacuation Pause)
[2025-08-01T03:47:24.359+0000] GC(82) Using 8 workers of 8 for evacuation
[2025-08-01T03:47:24.587+0000] GC(82) MMU target violated: 201.0ms (200.0ms/201.0ms)
[2025-08-01T03:47:24.587+0000] GC(82)   Pre Evacuate Collection Set: 1.0ms
[2025-08-01T03:47:24.587+0000] GC(82)   Merge Heap Roots: 0.4ms
[2025-08-01T03:47:24.587+0000] GC(82)   Evacuate Collection Set: 225.2ms
[2025-08-01T03:47:24.587+0000] GC(82)   Post Evacuate Collection Set: 1.4ms
[2025-08-01T03:47:24.587+0000] GC(82)   Other: 0.2ms
[2025-08-01T03:47:24.587+0000] GC(82) Eden regions: 399->0(277)
[2025-08-01T03:47:24.587+0000] GC(82) Survivor regions: 56->57(57)
[2025-08-01T03:47:24.587+0000] GC(82) Old regions: 888->1178
[2025-08-01T03:47:24.587+0000] GC(82) Humongous regions: 0->0
[2025-08-01T03:47:24.587+0000] GC(82) Metaspace: 10593K(10816K)->10593K(10816K) NonClass: 9335K(9472K)->9335K(9472K) Class: 1258K(1344K)->1258K(1344K)
[2025-08-01T03:47:24.587+0000] GC(82) Pause Young (Mixed) (G1 Evacuation Pause) 2684M->2468M(4096M) 228.465ms
[2025-08-01T03:47:24.587+0000] GC(82) User=1.64s Sys=0.13s Real=0.23s
[2025-08-01T03:47:24.724+0000] GC(83) Pause Young (Concurrent Start) (G1 Evacuation Pause)
[2025-08-01T03:47:24.724+0000] GC(83) Using 8 workers of 8 for evacuation
[2025-08-01T03:47:24.867+0000] GC(83)   Pre Evacuate Collection Set: 2.1ms
[2025-08-01T03:47:24.867+0000] GC(83)   Merge Heap Roots: 1.5ms
[2025-08-01T03:47:24.867+0000] GC(83)   Evacuate Collection Set: 137.5ms
[2025-08-01T03:47:24.867+0000] GC(83)   Post Evacuate Collection Set: 1.9ms
[2025-08-01T03:47:24.867+0000] GC(83)   Other: 0.3ms
[2025-08-01T03:47:24.867+0000] GC(83) Eden regions: 277->0(213)
[2025-08-01T03:47:24.867+0000] GC(83) Survivor regions: 57->42(42)
[2025-08-01T03:47:24.867+0000] GC(83) Old regions: 1178->1367
[2025-08-01T03:47:24.867+0000] GC(83) Humongous regions: 0->0
[2025-08-01T03:47:24.867+0000] GC(83) Metaspace: 10593K(10816K)->10593K(10816K) NonClass: 9335K(9472K)->9335K(9472K) Class: 1258K(1344K)->1258K(1344K)
[2025-08-01T03:47:24.867+0000] GC(83) Pause Young (Concurrent Start) (G1 Evacuation Pause) 3022M->2816M(4096M) 143.727ms
[2025-08-01T03:47:24.867+0000] GC(83) User=1.01s Sys=0.07s Real=0.14s
[2025-08-01T03:47:24.868+0000] GC(84) Concurrent Mark Cycle
[2025-08-01T03:47:24.868+0000] GC(84) Concurrent Scan Root Regions
[2025-08-01T03:47:24.934+0000] GC(84) Concurrent Scan Root Regions 66.229ms
[2025-08-01T03:47:24.934+0000] GC(84) Concurrent Mark
[2025-08-01T03:47:24.934+0000] GC(84) Concurrent Mark From Roots
[2025-08-01T03:47:24.934+0000] GC(84) Using 2 workers of 2 for marking
[2025-08-01T03:47:24.973+0000] GC(85) Pause Young (Normal) (G1 Evacuation Pause)
[2025-08-01T03:47:24.973+0000] GC(85) Using 8 workers of 8 for evacuation
[2025-08-01T03:47:25.019+0000] GC(85)   Pre Evacuate Collection Set: 0.6ms
[2025-08-01T03:47:25.019+0000] GC(85)   Merge Heap Roots: 0.2ms
[2025-08-01T03:47:25.019+0000] GC(85)   Evacuate Collection Set: 43.3ms
[2025-08-01T03:47:25.019+0000] GC(85)   Post Evacuate Collection Set: 1.0ms
[2025-08-01T03:47:25.019+0000] GC(85)   Other: 0.1ms
[2025-08-01T03:47:25.019+0000] GC(85) Eden regions: 213->0(187)
[2025-08-01T03:47:25.019+0000] GC(85) Survivor regions: 42->32(32)
[2025-08-01T03:47:25.019+0000] GC(85) Old regions: 1367->1459
[2025-08-01T03:47:25.019+0000] GC(85) Humongous regions: 0->0
[2025-08-01T03:47:25.019+0000] GC(85) Metaspace: 10593K(10816K)->10593K(10816K) NonClass: 9335K(9472K)->9335K(9472K) Class: 1258K(1344K)->1258K(1344K)
[2025-08-01T03:47:25.019+0000] GC(85) Pause Young (Normal) (G1 Evacuation Pause) 3242M->2981M(4096M) 45.560ms
[2025-08-01T03:47:25.019+0000] GC(85) User=0.34s Sys=0.01s Real=0.04s
[2025-08-01T03:47:25.077+0000] GC(84) Concurrent Mark From Roots 142.781ms
[2025-08-01T03:47:25.077+0000] GC(84) Concurrent Preclean
[2025-08-01T03:47:25.077+0000] GC(84) Concurrent Preclean 0.023ms
[2025-08-01T03:47:25.077+0000] GC(84) Pause Remark
[2025-08-01T03:47:25.081+0000] GC(84) Pause Remark 3268M->1558M(4096M) 4.016ms
[2025-08-01T03:47:25.081+0000] GC(84) User=0.01s Sys=0.01s Real=0.00s
[2025-08-01T03:47:25.081+0000] GC(84) Concurrent Mark 147.263ms
[2025-08-01T03:47:25.081+0000] GC(84) Concurrent Rebuild Remembered Sets and Scrub Regions
[2025-08-01T03:47:25.112+0000] GC(86) Pause Young (Normal) (G1 Evacuation Pause)
[2025-08-01T03:47:25.112+0000] GC(86) Using 8 workers of 8 for evacuation
[2025-08-01T03:47:25.193+0000] GC(86)   Pre Evacuate Collection Set: 0.9ms
[2025-08-01T03:47:25.193+0000] GC(86)   Merge Heap Roots: 0.3ms
[2025-08-01T03:47:25.193+0000] GC(86)   Evacuate Collection Set: 79.5ms
[2025-08-01T03:47:25.193+0000] GC(86)   Post Evacuate Collection Set: 0.7ms
[2025-08-01T03:47:25.193+0000] GC(86)   Other: 0.1ms
[2025-08-01T03:47:25.193+0000] GC(86) Eden regions: 187->0(437)
[2025-08-01T03:47:25.193+0000] GC(86) Survivor regions: 32->28(28)
[2025-08-01T03:47:25.193+0000] GC(86) Old regions: 604->797
[2025-08-01T03:47:25.193+0000] GC(86) Humongous regions: 0->0
[2025-08-01T03:47:25.193+0000] GC(86) Metaspace: 10593K(10816K)->10593K(10816K) NonClass: 9335K(9472K)->9335K(9472K) Class: 1258K(1344K)->1258K(1344K)
[2025-08-01T03:47:25.193+0000] GC(86) Pause Young (Normal) (G1 Evacuation Pause) 1645M->1649M(4096M) 81.772ms
[2025-08-01T03:47:25.193+0000] GC(86) User=0.60s Sys=0.03s Real=0.09s
[2025-08-01T03:47:25.317+0000] GC(84) Concurrent Rebuild Remembered Sets and Scrub Regions 235.453ms
[2025-08-01T03:47:25.317+0000] GC(84) Pause Cleanup
[2025-08-01T03:47:25.318+0000] GC(84) Pause Cleanup 2284M->2284M(4096M) 0.771ms
[2025-08-01T03:47:25.318+0000] GC(84) User=0.00s Sys=0.00s Real=0.00s
[2025-08-01T03:47:25.318+0000] GC(84) Concurrent Clear Claimed Marks
[2025-08-01T03:47:25.318+0000] GC(84) Concurrent Clear Claimed Marks 0.041ms
[2025-08-01T03:47:25.318+0000] GC(84) Concurrent Cleanup for Next Mark
[2025-08-01T03:47:25.327+0000] GC(84) Concurrent Cleanup for Next Mark 8.679ms
[2025-08-01T03:47:25.327+0000] GC(84) Concurrent Mark Cycle 459.286ms
[2025-08-01T03:47:25.385+0000] GC(87) Pause Young (Prepare Mixed) (G1 Evacuation Pause)
[2025-08-01T03:47:25.386+0000] GC(87) Using 8 workers of 8 for evacuation
[2025-08-01T03:47:25.531+0000] GC(87)   Pre Evacuate Collection Set: 0.7ms
[2025-08-01T03:47:25.531+0000] GC(87)   Merge Heap Roots: 0.3ms
[2025-08-01T03:47:25.531+0000] GC(87)   Evacuate Collection Set: 143.0ms
[2025-08-01T03:47:25.531+0000] GC(87)   Post Evacuate Collection Set: 1.3ms
[2025-08-01T03:47:25.531+0000] GC(87)   Other: 0.1ms
[2025-08-01T03:47:25.531+0000] GC(87) Eden regions: 437->0(270)
[2025-08-01T03:47:25.531+0000] GC(87) Survivor regions: 28->59(59)
[2025-08-01T03:47:25.531+0000] GC(87) Old regions: 797->1154
[2025-08-01T03:47:25.531+0000] GC(87) Humongous regions: 0->0
[2025-08-01T03:47:25.531+0000] GC(87) Metaspace: 10593K(10816K)->10593K(10816K) NonClass: 9335K(9472K)->9335K(9472K) Class: 1258K(1344K)->1258K(1344K)
[2025-08-01T03:47:25.531+0000] GC(87) Pause Young (Prepare Mixed) (G1 Evacuation Pause) 2523M->2425M(4096M) 145.724ms
[2025-08-01T03:47:25.531+0000] GC(87) User=1.10s Sys=0.04s Real=0.14s
[2025-08-01T03:47:25.682+0000] GC(88) Pause Young (Mixed) (G1 Evacuation Pause)
[2025-08-01T03:47:25.683+0000] GC(88) Using 8 workers of 8 for evacuation
[2025-08-01T03:47:25.793+0000] GC(88)   Pre Evacuate Collection Set: 0.8ms
[2025-08-01T03:47:25.793+0000] GC(88)   Merge Heap Roots: 0.3ms
[2025-08-01T03:47:25.793+0000] GC(88)   Evacuate Collection Set: 108.4ms
[2025-08-01T03:47:25.794+0000] GC(88)   Post Evacuate Collection Set: 1.2ms
[2025-08-01T03:47:25.794+0000] GC(88)   Other: 0.1ms
[2025-08-01T03:47:25.794+0000] GC(88) Eden regions: 270->0(250)
[2025-08-01T03:47:25.794+0000] GC(88) Survivor regions: 59->42(42)
[2025-08-01T03:47:25.794+0000] GC(88) Old regions: 1154->1270
[2025-08-01T03:47:25.794+0000] GC(88) Humongous regions: 0->0
[2025-08-01T03:47:25.794+0000] GC(88) Metaspace: 10593K(10816K)->10593K(10816K) NonClass: 9335K(9472K)->9335K(9472K) Class: 1258K(1344K)->1258K(1344K)
[2025-08-01T03:47:25.794+0000] GC(88) Pause Young (Mixed) (G1 Evacuation Pause) 2965M->2622M(4096M) 111.204ms
[2025-08-01T03:47:25.794+0000] GC(88) User=0.81s Sys=0.04s Real=0.12s
[2025-08-01T03:47:25.888+0000] GC(89) Pause Young (Concurrent Start) (G1 Evacuation Pause)
[2025-08-01T03:47:25.888+0000] GC(89) Using 8 workers of 8 for evacuation
[2025-08-01T03:47:25.979+0000] GC(89)   Pre Evacuate Collection Set: 0.9ms
[2025-08-01T03:47:25.979+0000] GC(89)   Merge Heap Roots: 0.2ms
[2025-08-01T03:47:25.979+0000] GC(89)   Evacuate Collection Set: 88.7ms
[2025-08-01T03:47:25.979+0000] GC(89)   Post Evacuate Collection Set: 1.4ms
[2025-08-01T03:47:25.979+0000] GC(89)   Other: 0.2ms
[2025-08-01T03:47:25.979+0000] GC(89) Eden regions: 250->0(154)
[2025-08-01T03:47:25.980+0000] GC(89) Survivor regions: 42->37(37)
[2025-08-01T03:47:25.980+0000] GC(89) Old regions: 1270->1526
[2025-08-01T03:47:25.980+0000] GC(89) Humongous regions: 0->0
[2025-08-01T03:47:25.980+0000] GC(89) Metaspace: 10593K(10816K)->10593K(10816K) NonClass: 9335K(9472K)->9335K(9472K) Class: 1258K(1344K)->1258K(1344K)
[2025-08-01T03:47:25.980+0000] GC(89) Pause Young (Concurrent Start) (G1 Evacuation Pause) 3122M->3124M(4096M) 91.764ms
[2025-08-01T03:47:25.980+0000] GC(89) User=0.72s Sys=0.00s Real=0.09s
[2025-08-01T03:47:25.980+0000] GC(90) Concurrent Mark Cycle
[2025-08-01T03:47:25.980+0000] GC(90) Concurrent Scan Root Regions
[2025-08-01T03:47:26.036+0000] GC(90) Concurrent Scan Root Regions 55.882ms
[2025-08-01T03:47:26.036+0000] GC(90) Concurrent Mark
[2025-08-01T03:47:26.036+0000] GC(90) Concurrent Mark From Roots
[2025-08-01T03:47:26.036+0000] GC(90) Using 2 workers of 2 for marking
[2025-08-01T03:47:26.058+0000] GC(91) Pause Young (Normal) (G1 Evacuation Pause)
[2025-08-01T03:47:26.058+0000] GC(91) Using 8 workers of 8 for evacuation
[2025-08-01T03:47:26.118+0000] GC(91)   Pre Evacuate Collection Set: 0.6ms
[2025-08-01T03:47:26.118+0000] GC(91)   Merge Heap Roots: 0.3ms
[2025-08-01T03:47:26.118+0000] GC(91)   Evacuate Collection Set: 57.7ms
[2025-08-01T03:47:26.118+0000] GC(91)   Post Evacuate Collection Set: 0.9ms
[2025-08-01T03:47:26.118+0000] GC(91)   Other: 0.1ms
[2025-08-01T03:47:26.118+0000] GC(91) Eden regions: 154->0(113)
[2025-08-01T03:47:26.118+0000] GC(91) Survivor regions: 37->24(24)
[2025-08-01T03:47:26.118+0000] GC(91) Old regions: 1526->1669
[2025-08-01T03:47:26.118+0000] GC(91) Humongous regions: 0->0
[2025-08-01T03:47:26.118+0000] GC(91) Metaspace: 10593K(10816K)->10593K(10816K) NonClass: 9335K(9472K)->9335K(9472K) Class: 1258K(1344K)->1258K(1344K)
[2025-08-01T03:47:26.118+0000] GC(91) Pause Young (Normal) (G1 Evacuation Pause) 3432M->3384M(4096M) 60.037ms
[2025-08-01T03:47:26.118+0000] GC(91) User=0.44s Sys=0.01s Real=0.06s
[2025-08-01T03:47:26.175+0000] GC(90) Concurrent Mark From Roots 138.821ms
[2025-08-01T03:47:26.175+0000] GC(90) Concurrent Preclean
[2025-08-01T03:47:26.175+0000] GC(90) Concurrent Preclean 0.023ms
[2025-08-01T03:47:26.175+0000] GC(90) Pause Remark
[2025-08-01T03:47:26.179+0000] GC(90) Pause Remark 3604M->1500M(4096M) 4.258ms
[2025-08-01T03:47:26.179+0000] GC(90) User=0.01s Sys=0.00s Real=0.00s
[2025-08-01T03:47:26.179+0000] GC(90) Concurrent Mark 143.573ms
[2025-08-01T03:47:26.179+0000] GC(90) Concurrent Rebuild Remembered Sets and Scrub Regions
[2025-08-01T03:47:26.182+0000] GC(92) Pause Young (Normal) (G1 Evacuation Pause)
[2025-08-01T03:47:26.182+0000] GC(92) Using 8 workers of 8 for evacuation
[2025-08-01T03:47:26.236+0000] GC(92)   Pre Evacuate Collection Set: 0.8ms
[2025-08-01T03:47:26.236+0000] GC(92)   Merge Heap Roots: 0.2ms
[2025-08-01T03:47:26.236+0000] GC(92)   Evacuate Collection Set: 51.9ms
[2025-08-01T03:47:26.236+0000] GC(92)   Post Evacuate Collection Set: 1.0ms
[2025-08-01T03:47:26.236+0000] GC(92)   Other: 0.1ms
[2025-08-01T03:47:26.236+0000] GC(92) Eden regions: 113->0(424)
[2025-08-01T03:47:26.236+0000] GC(92) Survivor regions: 24->18(18)
[2025-08-01T03:47:26.236+0000] GC(92) Old regions: 617->738
[2025-08-01T03:47:26.236+0000] GC(92) Humongous regions: 0->0
[2025-08-01T03:47:26.236+0000] GC(92) Metaspace: 10593K(10816K)->10593K(10816K) NonClass: 9335K(9472K)->9335K(9472K) Class: 1258K(1344K)->1258K(1344K)
[2025-08-01T03:47:26.236+0000] GC(92) Pause Young (Normal) (G1 Evacuation Pause) 1506M->1510M(4096M) 54.338ms
[2025-08-01T03:47:26.236+0000] GC(92) User=0.38s Sys=0.02s Real=0.06s
[2025-08-01T03:47:26.390+0000] GC(90) Concurrent Rebuild Remembered Sets and Scrub Regions 211.156ms
[2025-08-01T03:47:26.391+0000] GC(90) Pause Cleanup
[2025-08-01T03:47:26.392+0000] GC(90) Pause Cleanup 2227M->2227M(4096M) 1.043ms
[2025-08-01T03:47:26.392+0000] GC(90) User=0.01s Sys=0.00s Real=0.00s
[2025-08-01T03:47:26.392+0000] GC(90) Concurrent Clear Claimed Marks
[2025-08-01T03:47:26.392+0000] GC(90) Concurrent Clear Claimed Marks 0.049ms
[2025-08-01T03:47:26.392+0000] GC(90) Concurrent Cleanup for Next Mark
[2025-08-01T03:47:26.399+0000] GC(90) Concurrent Cleanup for Next Mark 7.167ms
[2025-08-01T03:47:26.399+0000] GC(90) Concurrent Mark Cycle 419.529ms
[2025-08-01T03:47:26.417+0000] GC(93) Pause Young (Prepare Mixed) (G1 Evacuation Pause)
[2025-08-01T03:47:26.417+0000] GC(93) Using 8 workers of 8 for evacuation
[2025-08-01T03:47:26.495+0000] GC(93)   Pre Evacuate Collection Set: 0.5ms
[2025-08-01T03:47:26.495+0000] GC(93)   Merge Heap Roots: 0.2ms
[2025-08-01T03:47:26.495+0000] GC(93)   Evacuate Collection Set: 76.5ms
[2025-08-01T03:47:26.495+0000] GC(93)   Post Evacuate Collection Set: 1.0ms
[2025-08-01T03:47:26.495+0000] GC(93)   Other: 0.1ms
[2025-08-01T03:47:26.495+0000] GC(93) Eden regions: 424->0(339)
[2025-08-01T03:47:26.495+0000] GC(93) Survivor regions: 18->56(56)
[2025-08-01T03:47:26.495+0000] GC(93) Old regions: 738->886
[2025-08-01T03:47:26.495+0000] GC(93) Humongous regions: 0->0
[2025-08-01T03:47:26.495+0000] GC(93) Metaspace: 10593K(10816K)->10593K(10816K) NonClass: 9335K(9472K)->9335K(9472K) Class: 1258K(1344K)->1258K(1344K)
[2025-08-01T03:47:26.496+0000] GC(93) Pause Young (Prepare Mixed) (G1 Evacuation Pause) 2358M->1883M(4096M) 78.674ms
[2025-08-01T03:47:26.496+0000] GC(93) User=0.60s Sys=0.01s Real=0.08s
[2025-08-01T03:47:26.663+0000] GC(94) Pause Young (Mixed) (G1 Evacuation Pause)
[2025-08-01T03:47:26.663+0000] GC(94) Using 8 workers of 8 for evacuation
[2025-08-01T03:47:26.780+0000] GC(94)   Pre Evacuate Collection Set: 1.3ms
[2025-08-01T03:47:26.780+0000] GC(94)   Merge Heap Roots: 0.8ms
[2025-08-01T03:47:26.780+0000] GC(94)   Evacuate Collection Set: 113.3ms
[2025-08-01T03:47:26.781+0000] GC(94)   Post Evacuate Collection Set: 1.7ms
[2025-08-01T03:47:26.781+0000] GC(94)   Other: 0.1ms
[2025-08-01T03:47:26.781+0000] GC(94) Eden regions: 338->0(291)
[2025-08-01T03:47:26.781+0000] GC(94) Survivor regions: 56->50(50)
[2025-08-01T03:47:26.781+0000] GC(94) Old regions: 886->1140
[2025-08-01T03:47:26.781+0000] GC(94) Humongous regions: 0->0
[2025-08-01T03:47:26.781+0000] GC(94) Metaspace: 10593K(10816K)->10593K(10816K) NonClass: 9335K(9472K)->9335K(9472K) Class: 1258K(1344K)->1258K(1344K)
[2025-08-01T03:47:26.781+0000] GC(94) Pause Young (Mixed) (G1 Evacuation Pause) 2559M->2379M(4096M) 117.457ms
[2025-08-01T03:47:26.781+0000] GC(94) User=0.86s Sys=0.03s Real=0.11s
[2025-08-01T03:47:26.887+0000] GC(95) Pause Young (Concurrent Start) (G1 Evacuation Pause)
[2025-08-01T03:47:26.887+0000] GC(95) Using 8 workers of 8 for evacuation
[2025-08-01T03:47:27.021+0000] GC(95)   Pre Evacuate Collection Set: 1.0ms
[2025-08-01T03:47:27.021+0000] GC(95)   Merge Heap Roots: 0.3ms
[2025-08-01T03:47:27.021+0000] GC(95)   Evacuate Collection Set: 131.6ms
[2025-08-01T03:47:27.021+0000] GC(95)   Post Evacuate Collection Set: 1.3ms
[2025-08-01T03:47:27.021+0000] GC(95)   Other: 0.2ms
[2025-08-01T03:47:27.021+0000] GC(95) Eden regions: 291->0(180)
[2025-08-01T03:47:27.021+0000] GC(95) Survivor regions: 50->43(43)
[2025-08-01T03:47:27.021+0000] GC(95) Old regions: 1140->1440
[2025-08-01T03:47:27.021+0000] GC(95) Humongous regions: 0->0
[2025-08-01T03:47:27.021+0000] GC(95) Metaspace: 10593K(10816K)->10593K(10816K) NonClass: 9335K(9472K)->9335K(9472K) Class: 1258K(1344K)->1258K(1344K)
[2025-08-01T03:47:27.022+0000] GC(95) Pause Young (Concurrent Start) (G1 Evacuation Pause) 2961M->2965M(4096M) 134.656ms
[2025-08-01T03:47:27.022+0000] GC(95) User=1.00s Sys=0.04s Real=0.13s
[2025-08-01T03:47:27.022+0000] GC(96) Concurrent Mark Cycle
[2025-08-01T03:47:27.022+0000] GC(96) Concurrent Scan Root Regions
[2025-08-01T03:47:27.078+0000] GC(96) Concurrent Scan Root Regions 55.944ms
[2025-08-01T03:47:27.078+0000] GC(96) Concurrent Mark
[2025-08-01T03:47:27.078+0000] GC(96) Concurrent Mark From Roots
[2025-08-01T03:47:27.078+0000] GC(96) Using 2 workers of 2 for marking
[2025-08-01T03:47:27.111+0000] GC(97) Pause Young (Normal) (G1 Evacuation Pause)
[2025-08-01T03:47:27.111+0000] GC(97) Using 8 workers of 8 for evacuation
[2025-08-01T03:47:27.169+0000] GC(97)   Pre Evacuate Collection Set: 1.3ms
[2025-08-01T03:47:27.169+0000] GC(97)   Merge Heap Roots: 0.2ms
[2025-08-01T03:47:27.169+0000] GC(97)   Evacuate Collection Set: 55.8ms
[2025-08-01T03:47:27.169+0000] GC(97)   Post Evacuate Collection Set: 1.0ms
[2025-08-01T03:47:27.169+0000] GC(97)   Other: 0.1ms
[2025-08-01T03:47:27.169+0000] GC(97) Eden regions: 180->0(153)
[2025-08-01T03:47:27.169+0000] GC(97) Survivor regions: 43->28(28)
[2025-08-01T03:47:27.169+0000] GC(97) Old regions: 1440->1548
[2025-08-01T03:47:27.169+0000] GC(97) Humongous regions: 0->0
[2025-08-01T03:47:27.169+0000] GC(97) Metaspace: 10593K(10816K)->10593K(10816K) NonClass: 9335K(9472K)->9335K(9472K) Class: 1258K(1344K)->1258K(1344K)
[2025-08-01T03:47:27.169+0000] GC(97) Pause Young (Normal) (G1 Evacuation Pause) 3325M->3150M(4096M) 58.747ms
[2025-08-01T03:47:27.169+0000] GC(97) User=0.39s Sys=0.04s Real=0.06s
[2025-08-01T03:47:27.250+0000] GC(98) Pause Young (Normal) (G1 Evacuation Pause)
[2025-08-01T03:47:27.250+0000] GC(98) Using 8 workers of 8 for evacuation
[2025-08-01T03:47:27.309+0000] GC(98)   Pre Evacuate Collection Set: 1.1ms
[2025-08-01T03:47:27.309+0000] GC(98)   Merge Heap Roots: 0.2ms
[2025-08-01T03:47:27.309+0000] GC(98)   Evacuate Collection Set: 56.2ms
[2025-08-01T03:47:27.309+0000] GC(98)   Post Evacuate Collection Set: 0.9ms
[2025-08-01T03:47:27.309+0000] GC(98)   Other: 0.1ms
[2025-08-01T03:47:27.309+0000] GC(98) Eden regions: 153->0(106)
[2025-08-01T03:47:27.309+0000] GC(98) Survivor regions: 28->23(23)
[2025-08-01T03:47:27.309+0000] GC(98) Old regions: 1548->1685
[2025-08-01T03:47:27.309+0000] GC(98) Humongous regions: 0->0
[2025-08-01T03:47:27.309+0000] GC(98) Metaspace: 10593K(10816K)->10593K(10816K) NonClass: 9335K(9472K)->9335K(9472K) Class: 1258K(1344K)->1258K(1344K)
[2025-08-01T03:47:27.309+0000] GC(98) Pause Young (Normal) (G1 Evacuation Pause) 3456M->3414M(4096M) 58.752ms
[2025-08-01T03:47:27.309+0000] GC(98) User=0.40s Sys=0.02s Real=0.06s
[2025-08-01T03:47:27.329+0000] GC(96) Concurrent Mark From Roots 251.701ms
[2025-08-01T03:47:27.330+0000] GC(96) Concurrent Preclean
[2025-08-01T03:47:27.330+0000] GC(96) Concurrent Preclean 0.027ms
[2025-08-01T03:47:27.330+0000] GC(96) Pause Remark
[2025-08-01T03:47:27.332+0000] GC(96) Pause Remark 3587M->2047M(4096M) 2.551ms
[2025-08-01T03:47:27.333+0000] GC(96) User=0.01s Sys=0.00s Real=0.00s
[2025-08-01T03:47:27.333+0000] GC(96) Concurrent Mark 254.891ms
[2025-08-01T03:47:27.333+0000] GC(96) Concurrent Rebuild Remembered Sets and Scrub Regions
[2025-08-01T03:47:27.374+0000] GC(99) Pause Young (Normal) (G1 Evacuation Pause)
[2025-08-01T03:47:27.374+0000] GC(99) Using 8 workers of 8 for evacuation
[2025-08-01T03:47:27.433+0000] GC(99)   Pre Evacuate Collection Set: 0.8ms
[2025-08-01T03:47:27.433+0000] GC(99)   Merge Heap Roots: 0.4ms
[2025-08-01T03:47:27.433+0000] GC(99)   Evacuate Collection Set: 56.4ms
[2025-08-01T03:47:27.433+0000] GC(99)   Post Evacuate Collection Set: 1.2ms
[2025-08-01T03:47:27.433+0000] GC(99)   Other: 0.2ms
[2025-08-01T03:47:27.433+0000] GC(99) Eden regions: 106->0(326)
[2025-08-01T03:47:27.433+0000] GC(99) Survivor regions: 23->17(17)
[2025-08-01T03:47:27.433+0000] GC(99) Old regions: 915->1028
[2025-08-01T03:47:27.433+0000] GC(99) Humongous regions: 0->0
[2025-08-01T03:47:27.433+0000] GC(99) Metaspace: 10593K(10816K)->10593K(10816K) NonClass: 9335K(9472K)->9335K(9472K) Class: 1258K(1344K)->1258K(1344K)
[2025-08-01T03:47:27.433+0000] GC(99) Pause Young (Normal) (G1 Evacuation Pause) 2086M->2088M(4096M) 59.213ms
[2025-08-01T03:47:27.433+0000] GC(99) User=0.42s Sys=0.02s Real=0.06s
[2025-08-01T03:47:27.562+0000] GC(100) Pause Young (Normal) (G1 Evacuation Pause)
[2025-08-01T03:47:27.562+0000] GC(100) Using 8 workers of 8 for evacuation
[2025-08-01T03:47:27.680+0000] GC(100)   Pre Evacuate Collection Set: 0.8ms
[2025-08-01T03:47:27.680+0000] GC(100)   Merge Heap Roots: 0.1ms
[2025-08-01T03:47:27.680+0000] GC(100)   Evacuate Collection Set: 116.0ms
[2025-08-01T03:47:27.680+0000] GC(100)   Post Evacuate Collection Set: 1.4ms
[2025-08-01T03:47:27.680+0000] GC(100)   Other: 0.1ms
[2025-08-01T03:47:27.680+0000] GC(100) Eden regions: 326->0(230)
[2025-08-01T03:47:27.680+0000] GC(100) Survivor regions: 17->43(43)
[2025-08-01T03:47:27.680+0000] GC(100) Old regions: 1028->1284
[2025-08-01T03:47:27.680+0000] GC(100) Humongous regions: 0->0
[2025-08-01T03:47:27.680+0000] GC(100) Metaspace: 10593K(10816K)->10593K(10816K) NonClass: 9335K(9472K)->9335K(9472K) Class: 1258K(1344K)->1258K(1344K)
[2025-08-01T03:47:27.680+0000] GC(100) Pause Young (Normal) (G1 Evacuation Pause) 2740M->2652M(4096M) 118.724ms
[2025-08-01T03:47:27.680+0000] GC(100) User=0.86s Sys=0.05s Real=0.12s
[2025-08-01T03:47:27.731+0000] GC(96) Concurrent Rebuild Remembered Sets and Scrub Regions 398.367ms
[2025-08-01T03:47:27.731+0000] GC(96) Pause Cleanup
[2025-08-01T03:47:27.732+0000] GC(96) Pause Cleanup 2716M->2716M(4096M) 0.862ms
[2025-08-01T03:47:27.732+0000] GC(96) User=0.00s Sys=0.00s Real=0.00s
[2025-08-01T03:47:27.732+0000] GC(96) Concurrent Clear Claimed Marks
[2025-08-01T03:47:27.732+0000] GC(96) Concurrent Clear Claimed Marks 0.040ms
[2025-08-01T03:47:27.732+0000] GC(96) Concurrent Cleanup for Next Mark
[2025-08-01T03:47:27.743+0000] GC(96) Concurrent Cleanup for Next Mark 10.636ms
[2025-08-01T03:47:27.743+0000] GC(96) Concurrent Mark Cycle 721.667ms
[2025-08-01T03:47:27.827+0000] GC(101) Pause Young (Prepare Mixed) (G1 Evacuation Pause)
[2025-08-01T03:47:27.827+0000] GC(101) Using 8 workers of 8 for evacuation
[2025-08-01T03:47:27.898+0000] GC(101)   Pre Evacuate Collection Set: 0.9ms
[2025-08-01T03:47:27.898+0000] GC(101)   Merge Heap Roots: 0.2ms
[2025-08-01T03:47:27.898+0000] GC(101)   Evacuate Collection Set: 67.1ms
[2025-08-01T03:47:27.898+0000] GC(101)   Post Evacuate Collection Set: 2.3ms
[2025-08-01T03:47:27.898+0000] GC(101)   Other: 0.2ms
[2025-08-01T03:47:27.898+0000] GC(101) Eden regions: 230->0(213)
[2025-08-01T03:47:27.898+0000] GC(101) Survivor regions: 43->35(35)
[2025-08-01T03:47:27.898+0000] GC(101) Old regions: 1284->1377
[2025-08-01T03:47:27.898+0000] GC(101) Humongous regions: 0->0
[2025-08-01T03:47:27.898+0000] GC(101) Metaspace: 10593K(10816K)->10593K(10816K) NonClass: 9335K(9472K)->9335K(9472K) Class: 1258K(1344K)->1258K(1344K)
[2025-08-01T03:47:27.898+0000] GC(101) Pause Young (Prepare Mixed) (G1 Evacuation Pause) 3112M->2823M(4096M) 71.112ms
[2025-08-01T03:47:27.898+0000] GC(101) User=0.49s Sys=0.05s Real=0.07s
[2025-08-01T03:47:27.992+0000] GC(102) Pause Young (Mixed) (G1 Evacuation Pause)
[2025-08-01T03:47:27.992+0000] GC(102) Using 8 workers of 8 for evacuation
[2025-08-01T03:47:28.086+0000] GC(102)   Pre Evacuate Collection Set: 1.1ms
[2025-08-01T03:47:28.086+0000] GC(102)   Merge Heap Roots: 0.3ms
[2025-08-01T03:47:28.086+0000] GC(102)   Evacuate Collection Set: 91.4ms
[2025-08-01T03:47:28.086+0000] GC(102)   Post Evacuate Collection Set: 1.4ms
[2025-08-01T03:47:28.086+0000] GC(102)   Other: 0.1ms
[2025-08-01T03:47:28.086+0000] GC(102) Eden regions: 213->0(156)
[2025-08-01T03:47:28.086+0000] GC(102) Survivor regions: 35->31(31)
[2025-08-01T03:47:28.086+0000] GC(102) Old regions: 1377->1540
[2025-08-01T03:47:28.086+0000] GC(102) Humongous regions: 0->0
[2025-08-01T03:47:28.086+0000] GC(102) Metaspace: 10593K(10816K)->10593K(10816K) NonClass: 9335K(9472K)->9335K(9472K) Class: 1258K(1344K)->1258K(1344K)
[2025-08-01T03:47:28.086+0000] GC(102) Pause Young (Mixed) (G1 Evacuation Pause) 3249M->3140M(4096M) 94.533ms
[2025-08-01T03:47:28.086+0000] GC(102) User=0.69s Sys=0.01s Real=0.10s
[2025-08-01T03:47:28.164+0000] GC(103) Pause Young (Concurrent Start) (G1 Evacuation Pause)
[2025-08-01T03:47:28.164+0000] GC(103) Using 8 workers of 8 for evacuation
[2025-08-01T03:47:28.226+0000] GC(103)   Pre Evacuate Collection Set: 1.0ms
[2025-08-01T03:47:28.226+0000] GC(103)   Merge Heap Roots: 0.2ms
[2025-08-01T03:47:28.226+0000] GC(103)   Evacuate Collection Set: 59.3ms
[2025-08-01T03:47:28.226+0000] GC(103)   Post Evacuate Collection Set: 1.2ms
[2025-08-01T03:47:28.226+0000] GC(103)   Other: 0.3ms
[2025-08-01T03:47:28.226+0000] GC(103) Eden regions: 156->0(100)
[2025-08-01T03:47:28.226+0000] GC(103) Survivor regions: 31->24(24)
[2025-08-01T03:47:28.226+0000] GC(103) Old regions: 1540->1704
[2025-08-01T03:47:28.226+0000] GC(103) Humongous regions: 0->0
[2025-08-01T03:47:28.226+0000] GC(103) Metaspace: 10593K(10816K)->10593K(10816K) NonClass: 9335K(9472K)->9335K(9472K) Class: 1258K(1344K)->1258K(1344K)
[2025-08-01T03:47:28.226+0000] GC(103) Pause Young (Concurrent Start) (G1 Evacuation Pause) 3452M->3454M(4096M) 62.296ms
[2025-08-01T03:47:28.226+0000] GC(103) User=0.47s Sys=0.01s Real=0.06s
[2025-08-01T03:47:28.226+0000] GC(104) Concurrent Mark Cycle
[2025-08-01T03:47:28.226+0000] GC(104) Concurrent Scan Root Regions
[2025-08-01T03:47:28.248+0000] GC(105) Pause Young (Normal) (G1 Evacuation Pause)
[2025-08-01T03:47:28.248+0000] GC(105) Using 8 workers of 8 for evacuation
[2025-08-01T03:47:28.267+0000] GC(104) Concurrent Scan Root Regions 40.685ms
[2025-08-01T03:47:28.267+0000] GC(104) Concurrent Mark
[2025-08-01T03:47:28.267+0000] GC(104) Concurrent Mark From Roots
[2025-08-01T03:47:28.267+0000] GC(104) Using 2 workers of 2 for marking
[2025-08-01T03:47:28.306+0000] GC(105)   Pre Evacuate Collection Set: 0.6ms
[2025-08-01T03:47:28.306+0000] GC(105)   Merge Heap Roots: 0.5ms
[2025-08-01T03:47:28.306+0000] GC(105)   Evacuate Collection Set: 36.6ms
[2025-08-01T03:47:28.306+0000] GC(105)   Post Evacuate Collection Set: 0.7ms
[2025-08-01T03:47:28.306+0000] GC(105)   Other: 0.2ms
[2025-08-01T03:47:28.306+0000] GC(105) Eden regions: 100->0(86)
[2025-08-01T03:47:28.306+0000] GC(105) Survivor regions: 24->16(16)
[2025-08-01T03:47:28.306+0000] GC(105) Old regions: 1704->1813
[2025-08-01T03:47:28.306+0000] GC(105) Humongous regions: 0->0
[2025-08-01T03:47:28.306+0000] GC(105) Metaspace: 10593K(10816K)->10593K(10816K) NonClass: 9335K(9472K)->9335K(9472K) Class: 1258K(1344K)->1258K(1344K)
[2025-08-01T03:47:28.306+0000] GC(105) Pause Young (Normal) (G1 Evacuation Pause) 3654M->3657M(4096M) 58.235ms
[2025-08-01T03:47:28.306+0000] GC(105) User=0.34s Sys=0.00s Real=0.06s
[2025-08-01T03:47:28.371+0000] GC(106) Pause Young (Normal) (G1 Evacuation Pause)
[2025-08-01T03:47:28.372+0000] GC(106) Using 8 workers of 8 for evacuation
[2025-08-01T03:47:28.401+0000] GC(106)   Pre Evacuate Collection Set: 0.6ms
[2025-08-01T03:47:28.402+0000] GC(106)   Merge Heap Roots: 0.2ms
[2025-08-01T03:47:28.402+0000] GC(106)   Evacuate Collection Set: 28.2ms
[2025-08-01T03:47:28.402+0000] GC(106)   Post Evacuate Collection Set: 0.8ms
[2025-08-01T03:47:28.402+0000] GC(106)   Other: 0.1ms
[2025-08-01T03:47:28.402+0000] GC(106) Eden regions: 86->0(89)
[2025-08-01T03:47:28.402+0000] GC(106) Survivor regions: 16->13(13)
[2025-08-01T03:47:28.402+0000] GC(106) Old regions: 1813->1881
[2025-08-01T03:47:28.402+0000] GC(106) Humongous regions: 0->0
[2025-08-01T03:47:28.402+0000] GC(106) Metaspace: 10593K(10816K)->10593K(10816K) NonClass: 9335K(9472K)->9335K(9472K) Class: 1258K(1344K)->1258K(1344K)
[2025-08-01T03:47:28.402+0000] GC(106) Pause Young (Normal) (G1 Evacuation Pause) 3829M->3786M(4096M) 30.219ms
[2025-08-01T03:47:28.402+0000] GC(106) User=0.22s Sys=0.01s Real=0.03s
[2025-08-01T03:47:28.420+0000] GC(107) Pause Young (Normal) (G1 Evacuation Pause)
[2025-08-01T03:47:28.420+0000] GC(107) Using 8 workers of 8 for evacuation
[2025-08-01T03:47:28.457+0000] GC(107)   Pre Evacuate Collection Set: 0.9ms
[2025-08-01T03:47:28.457+0000] GC(107)   Merge Heap Roots: 0.2ms
[2025-08-01T03:47:28.457+0000] GC(107)   Evacuate Collection Set: 30.0ms
[2025-08-01T03:47:28.457+0000] GC(107)   Post Evacuate Collection Set: 5.5ms
[2025-08-01T03:47:28.457+0000] GC(107)   Other: 0.1ms
[2025-08-01T03:47:28.457+0000] GC(107) Eden regions: 89->0(15)
[2025-08-01T03:47:28.457+0000] GC(107) Survivor regions: 13->13(13)
[2025-08-01T03:47:28.457+0000] GC(107) Old regions: 1881->2007
[2025-08-01T03:47:28.457+0000] GC(107) Humongous regions: 0->0
[2025-08-01T03:47:28.457+0000] GC(107) Metaspace: 10593K(10816K)->10593K(10816K) NonClass: 9335K(9472K)->9335K(9472K) Class: 1258K(1344K)->1258K(1344K)
[2025-08-01T03:47:28.457+0000] GC(107) Pause Young (Normal) (G1 Evacuation Pause) (Evacuation Failure) 3964M->4039M(4096M) 37.168ms
[2025-08-01T03:47:28.457+0000] GC(107) User=0.26s Sys=0.01s Real=0.04s
[2025-08-01T03:47:28.461+0000] GC(108) Pause Young (Normal) (G1 Evacuation Pause)
[2025-08-01T03:47:28.461+0000] GC(108) Using 8 workers of 8 for evacuation
[2025-08-01T03:47:28.470+0000] GC(108)   Pre Evacuate Collection Set: 0.9ms
[2025-08-01T03:47:28.470+0000] GC(108)   Merge Heap Roots: 0.2ms
[2025-08-01T03:47:28.470+0000] GC(108)   Evacuate Collection Set: 6.4ms
[2025-08-01T03:47:28.470+0000] GC(108)   Post Evacuate Collection Set: 1.9ms
[2025-08-01T03:47:28.470+0000] GC(108)   Other: 0.1ms
[2025-08-01T03:47:28.470+0000] GC(108) Eden regions: 15->0(0)
[2025-08-01T03:47:28.470+0000] GC(108) Survivor regions: 13->4(4)
[2025-08-01T03:47:28.470+0000] GC(108) Old regions: 2007->2040
[2025-08-01T03:47:28.470+0000] GC(108) Humongous regions: 0->0
[2025-08-01T03:47:28.470+0000] GC(108) Metaspace: 10593K(10816K)->10593K(10816K) NonClass: 9335K(9472K)->9335K(9472K) Class: 1258K(1344K)->1258K(1344K)
[2025-08-01T03:47:28.470+0000] GC(108) Pause Young (Normal) (G1 Evacuation Pause) (Evacuation Failure) 4069M->4087M(4096M) 9.716ms
[2025-08-01T03:47:28.470+0000] GC(108) User=0.05s Sys=0.00s Real=0.01s
[2025-08-01T03:47:28.470+0000] Attempting full compaction
[2025-08-01T03:47:28.470+0000] GC(109) Pause Full (G1 Compaction Pause)
[2025-08-01T03:47:28.470+0000] GC(109) Using 8 workers of 8 for full compaction
[2025-08-01T03:47:28.476+0000] GC(109) Phase 1: Mark live objects
[2025-08-01T03:47:28.525+0000] GC(109) Phase 1: Mark live objects 48.705ms
[2025-08-01T03:47:28.525+0000] GC(109) Phase 2: Prepare compaction
[2025-08-01T03:47:28.543+0000] GC(109) Phase 2: Prepare compaction 18.077ms
[2025-08-01T03:47:28.543+0000] GC(109) Phase 3: Adjust pointers
[2025-08-01T03:47:28.580+0000] GC(109) Phase 3: Adjust pointers 36.732ms
[2025-08-01T03:47:28.580+0000] GC(109) Phase 4: Compact heap
[2025-08-01T03:47:28.627+0000] GC(109) Phase 4: Compact heap 47.116ms
[2025-08-01T03:47:28.627+0000] GC(109) Phase 5: Reset Metadata
[2025-08-01T03:47:28.658+0000] GC(109) Phase 5: Reset Metadata 30.740ms
[2025-08-01T03:47:28.665+0000] GC(109) Eden regions: 0->0(495)
[2025-08-01T03:47:28.665+0000] GC(109) Survivor regions: 4->0(4)
[2025-08-01T03:47:28.665+0000] GC(109) Old regions: 2040->504
[2025-08-01T03:47:28.665+0000] GC(109) Humongous regions: 0->0
[2025-08-01T03:47:28.665+0000] GC(109) Metaspace: 10593K(10816K)->10593K(10816K) NonClass: 9335K(9472K)->9335K(9472K) Class: 1258K(1344K)->1258K(1344K)
[2025-08-01T03:47:28.665+0000] GC(109) Pause Full (G1 Compaction Pause) 4087M->1000M(4096M) 195.182ms
[2025-08-01T03:47:28.665+0000] GC(109) User=1.42s Sys=0.00s Real=0.20s
[2025-08-01T03:47:28.666+0000] GC(104) Concurrent Mark From Roots 398.770ms
[2025-08-01T03:47:28.666+0000] GC(104) Concurrent Mark Abort
[2025-08-01T03:47:28.666+0000] GC(104) Concurrent Mark Cycle 439.628ms
[2025-08-01T03:47:28.905+0000] GC(110) Pause Young (Normal) (G1 Evacuation Pause)
[2025-08-01T03:47:28.906+0000] GC(110) Using 8 workers of 8 for evacuation
[2025-08-01T03:47:29.020+0000] GC(110)   Pre Evacuate Collection Set: 0.9ms
[2025-08-01T03:47:29.020+0000] GC(110)   Merge Heap Roots: 0.6ms
[2025-08-01T03:47:29.020+0000] GC(110)   Evacuate Collection Set: 111.1ms
[2025-08-01T03:47:29.020+0000] GC(110)   Post Evacuate Collection Set: 1.3ms
[2025-08-01T03:47:29.020+0000] GC(110)   Other: 0.1ms
[2025-08-01T03:47:29.020+0000] GC(110) Eden regions: 495->0(423)
[2025-08-01T03:47:29.020+0000] GC(110) Survivor regions: 0->62(62)
[2025-08-01T03:47:29.020+0000] GC(110) Old regions: 504->722
[2025-08-01T03:47:29.020+0000] GC(110) Humongous regions: 0->0
[2025-08-01T03:47:29.020+0000] GC(110) Metaspace: 10593K(10816K)->10593K(10816K) NonClass: 9335K(9472K)->9335K(9472K) Class: 1258K(1344K)->1258K(1344K)
[2025-08-01T03:47:29.020+0000] GC(110) Pause Young (Normal) (G1 Evacuation Pause) 1990M->1559M(4096M) 114.552ms
[2025-08-01T03:47:29.020+0000] GC(110) User=0.85s Sys=0.02s Real=0.11s
[2025-08-01T03:47:29.197+0000] GC(111) Pause Young (Concurrent Start) (G1 Evacuation Pause)
[2025-08-01T03:47:29.197+0000] GC(111) Using 8 workers of 8 for evacuation
[2025-08-01T03:47:29.327+0000] GC(111)   Pre Evacuate Collection Set: 1.0ms
[2025-08-01T03:47:29.327+0000] GC(111)   Merge Heap Roots: 0.3ms
[2025-08-01T03:47:29.327+0000] GC(111)   Evacuate Collection Set: 126.5ms
[2025-08-01T03:47:29.327+0000] GC(111)   Post Evacuate Collection Set: 1.5ms
[2025-08-01T03:47:29.327+0000] GC(111)   Other: 0.3ms
[2025-08-01T03:47:29.327+0000] GC(111) Eden regions: 423->0(306)
[2025-08-01T03:47:29.327+0000] GC(111) Survivor regions: 62->61(61)
[2025-08-01T03:47:29.327+0000] GC(111) Old regions: 722->1058
[2025-08-01T03:47:29.327+0000] GC(111) Humongous regions: 0->0
[2025-08-01T03:47:29.327+0000] GC(111) Metaspace: 10593K(10816K)->10593K(10816K) NonClass: 9335K(9472K)->9335K(9472K) Class: 1258K(1344K)->1258K(1344K)
[2025-08-01T03:47:29.327+0000] GC(111) Pause Young (Concurrent Start) (G1 Evacuation Pause) 2405M->2229M(4096M) 129.869ms
[2025-08-01T03:47:29.327+0000] GC(111) User=0.98s Sys=0.00s Real=0.13s
[2025-08-01T03:47:29.327+0000] GC(112) Concurrent Mark Cycle
[2025-08-01T03:47:29.327+0000] GC(112) Concurrent Scan Root Regions
[2025-08-01T03:47:29.411+0000] GC(112) Concurrent Scan Root Regions 84.290ms
[2025-08-01T03:47:29.411+0000] GC(112) Concurrent Mark
[2025-08-01T03:47:29.411+0000] GC(112) Concurrent Mark From Roots
[2025-08-01T03:47:29.411+0000] GC(112) Using 2 workers of 2 for marking
[2025-08-01T03:47:29.463+0000] GC(112) Concurrent Mark From Roots 51.838ms
[2025-08-01T03:47:29.463+0000] GC(112) Concurrent Preclean
[2025-08-01T03:47:29.463+0000] GC(112) Concurrent Preclean 0.024ms
[2025-08-01T03:47:29.463+0000] GC(112) Pause Remark
[2025-08-01T03:47:29.467+0000] GC(112) Pause Remark 2763M->1699M(4096M) 3.148ms
[2025-08-01T03:47:29.467+0000] GC(112) User=0.01s Sys=0.00s Real=0.00s
[2025-08-01T03:47:29.467+0000] GC(112) Concurrent Mark 55.426ms
[2025-08-01T03:47:29.467+0000] GC(112) Concurrent Rebuild Remembered Sets and Scrub Regions
[2025-08-01T03:47:29.486+0000] GC(113) Pause Young (Normal) (G1 Evacuation Pause)
[2025-08-01T03:47:29.486+0000] GC(113) Using 8 workers of 8 for evacuation
[2025-08-01T03:47:29.574+0000] GC(113)   Pre Evacuate Collection Set: 0.5ms
[2025-08-01T03:47:29.574+0000] GC(113)   Merge Heap Roots: 0.2ms
[2025-08-01T03:47:29.574+0000] GC(113)   Evacuate Collection Set: 86.2ms
[2025-08-01T03:47:29.574+0000] GC(113)   Post Evacuate Collection Set: 1.1ms
[2025-08-01T03:47:29.574+0000] GC(113)   Other: 0.1ms
[2025-08-01T03:47:29.574+0000] GC(113) Eden regions: 306->0(428)
[2025-08-01T03:47:29.574+0000] GC(113) Survivor regions: 61->46(46)
[2025-08-01T03:47:29.574+0000] GC(113) Old regions: 523->740
[2025-08-01T03:47:29.574+0000] GC(113) Humongous regions: 0->0
[2025-08-01T03:47:29.574+0000] GC(113) Metaspace: 10593K(10816K)->10593K(10816K) NonClass: 9335K(9472K)->9335K(9472K) Class: 1258K(1344K)->1258K(1344K)
[2025-08-01T03:47:29.574+0000] GC(113) Pause Young (Normal) (G1 Evacuation Pause) 1777M->1570M(4096M) 88.403ms
[2025-08-01T03:47:29.574+0000] GC(113) User=0.67s Sys=0.01s Real=0.09s
[2025-08-01T03:47:29.683+0000] GC(112) Concurrent Rebuild Remembered Sets and Scrub Regions 216.377ms
[2025-08-01T03:47:29.684+0000] GC(112) Pause Cleanup
[2025-08-01T03:47:29.684+0000] GC(112) Pause Cleanup 2146M->2146M(4096M) 0.815ms
[2025-08-01T03:47:29.684+0000] GC(112) User=0.00s Sys=0.00s Real=0.00s
[2025-08-01T03:47:29.685+0000] GC(112) Concurrent Clear Claimed Marks
[2025-08-01T03:47:29.685+0000] GC(112) Concurrent Clear Claimed Marks 0.048ms
[2025-08-01T03:47:29.685+0000] GC(112) Concurrent Cleanup for Next Mark
[2025-08-01T03:47:29.697+0000] GC(112) Concurrent Cleanup for Next Mark 12.356ms
[2025-08-01T03:47:29.697+0000] GC(112) Concurrent Mark Cycle 370.126ms
[2025-08-01T03:47:29.762+0000] GC(114) Pause Young (Prepare Mixed) (G1 Evacuation Pause)
[2025-08-01T03:47:29.762+0000] GC(114) Using 8 workers of 8 for evacuation
[2025-08-01T03:47:29.896+0000] GC(114)   Pre Evacuate Collection Set: 2.4ms
[2025-08-01T03:47:29.896+0000] GC(114)   Merge Heap Roots: 0.3ms
[2025-08-01T03:47:29.896+0000] GC(114)   Evacuate Collection Set: 129.5ms
[2025-08-01T03:47:29.896+0000] GC(114)   Post Evacuate Collection Set: 1.1ms
[2025-08-01T03:47:29.896+0000] GC(114)   Other: 0.1ms
[2025-08-01T03:47:29.896+0000] GC(114) Eden regions: 428->0(287)
[2025-08-01T03:47:29.896+0000] GC(114) Survivor regions: 46->60(60)
[2025-08-01T03:47:29.896+0000] GC(114) Old regions: 740->1096
[2025-08-01T03:47:29.896+0000] GC(114) Humongous regions: 0->0
[2025-08-01T03:47:29.896+0000] GC(114) Metaspace: 10593K(10816K)->10593K(10816K) NonClass: 9335K(9472K)->9335K(9472K) Class: 1258K(1344K)->1258K(1344K)
[2025-08-01T03:47:29.896+0000] GC(114) Pause Young (Prepare Mixed) (G1 Evacuation Pause) 2426M->2309M(4096M) 133.908ms
[2025-08-01T03:47:29.896+0000] GC(114) User=1.03s Sys=0.01s Real=0.14s
[2025-08-01T03:47:30.040+0000] GC(115) Pause Young (Mixed) (G1 Evacuation Pause)
[2025-08-01T03:47:30.040+0000] GC(115) Using 8 workers of 8 for evacuation
[2025-08-01T03:47:30.132+0000] GC(115)   Pre Evacuate Collection Set: 0.7ms
[2025-08-01T03:47:30.132+0000] GC(115)   Merge Heap Roots: 0.2ms
[2025-08-01T03:47:30.132+0000] GC(115)   Evacuate Collection Set: 89.0ms
[2025-08-01T03:47:30.132+0000] GC(115)   Post Evacuate Collection Set: 1.3ms
[2025-08-01T03:47:30.132+0000] GC(115)   Other: 0.1ms
[2025-08-01T03:47:30.132+0000] GC(115) Eden regions: 287->0(244)
[2025-08-01T03:47:30.132+0000] GC(115) Survivor regions: 60->44(44)
[2025-08-01T03:47:30.132+0000] GC(115) Old regions: 1096->1260
[2025-08-01T03:47:30.132+0000] GC(115) Humongous regions: 0->0
[2025-08-01T03:47:30.132+0000] GC(115) Metaspace: 10593K(10816K)->10593K(10816K) NonClass: 9335K(9472K)->9335K(9472K) Class: 1258K(1344K)->1258K(1344K)
[2025-08-01T03:47:30.132+0000] GC(115) Pause Young (Mixed) (G1 Evacuation Pause) 2883M->2606M(4096M) 91.707ms
[2025-08-01T03:47:30.132+0000] GC(115) User=0.68s Sys=0.03s Real=0.09s
[2025-08-01T03:47:30.224+0000] GC(116) Pause Young (Concurrent Start) (G1 Evacuation Pause)
[2025-08-01T03:47:30.224+0000] GC(116) Using 8 workers of 8 for evacuation
[2025-08-01T03:47:30.336+0000] GC(116)   Pre Evacuate Collection Set: 0.8ms
[2025-08-01T03:47:30.336+0000] GC(116)   Merge Heap Roots: 0.3ms
[2025-08-01T03:47:30.336+0000] GC(116)   Evacuate Collection Set: 109.3ms
[2025-08-01T03:47:30.336+0000] GC(116)   Post Evacuate Collection Set: 1.0ms
[2025-08-01T03:47:30.336+0000] GC(116)   Other: 0.6ms
[2025-08-01T03:47:30.336+0000] GC(116) Eden regions: 244->0(162)
[2025-08-01T03:47:30.336+0000] GC(116) Survivor regions: 44->36(36)
[2025-08-01T03:47:30.336+0000] GC(116) Old regions: 1260->1498
[2025-08-01T03:47:30.336+0000] GC(116) Humongous regions: 0->0
[2025-08-01T03:47:30.336+0000] GC(116) Metaspace: 10593K(10816K)->10593K(10816K) NonClass: 9335K(9472K)->9335K(9472K) Class: 1258K(1344K)->1258K(1344K)
[2025-08-01T03:47:30.336+0000] GC(116) Pause Young (Concurrent Start) (G1 Evacuation Pause) 3094M->3067M(4096M) 112.377ms
[2025-08-01T03:47:30.336+0000] GC(116) User=0.84s Sys=0.02s Real=0.11s
[2025-08-01T03:47:30.336+0000] GC(117) Concurrent Mark Cycle
[2025-08-01T03:47:30.336+0000] GC(117) Concurrent Scan Root Regions
[2025-08-01T03:47:30.393+0000] GC(117) Concurrent Scan Root Regions 56.806ms
[2025-08-01T03:47:30.393+0000] GC(117) Concurrent Mark
[2025-08-01T03:47:30.393+0000] GC(117) Concurrent Mark From Roots
[2025-08-01T03:47:30.393+0000] GC(117) Using 2 workers of 2 for marking
[2025-08-01T03:47:30.416+0000] GC(118) Pause Young (Normal) (G1 Evacuation Pause)
[2025-08-01T03:47:30.416+0000] GC(118) Using 8 workers of 8 for evacuation
[2025-08-01T03:47:30.475+0000] GC(118)   Pre Evacuate Collection Set: 1.0ms
[2025-08-01T03:47:30.476+0000] GC(118)   Merge Heap Roots: 0.1ms
[2025-08-01T03:47:30.476+0000] GC(118)   Evacuate Collection Set: 56.7ms
[2025-08-01T03:47:30.476+0000] GC(118)   Post Evacuate Collection Set: 1.1ms
[2025-08-01T03:47:30.476+0000] GC(118)   Other: 0.1ms
[2025-08-01T03:47:30.476+0000] GC(118) Eden regions: 162->0(121)
[2025-08-01T03:47:30.476+0000] GC(118) Survivor regions: 36->25(25)
[2025-08-01T03:47:30.476+0000] GC(118) Old regions: 1498->1643
[2025-08-01T03:47:30.476+0000] GC(118) Humongous regions: 0->0
[2025-08-01T03:47:30.476+0000] GC(118) Metaspace: 10593K(10816K)->10593K(10816K) NonClass: 9335K(9472K)->9335K(9472K) Class: 1258K(1344K)->1258K(1344K)
[2025-08-01T03:47:30.476+0000] GC(118) Pause Young (Normal) (G1 Evacuation Pause) 3391M->3334M(4096M) 59.465ms
[2025-08-01T03:47:30.476+0000] GC(118) User=0.45s Sys=0.00s Real=0.06s
[2025-08-01T03:47:30.499+0000] GC(119) Pause Young (Normal) (G1 Evacuation Pause)
[2025-08-01T03:47:30.499+0000] GC(119) Using 8 workers of 8 for evacuation
[2025-08-01T03:47:30.545+0000] GC(119)   Pre Evacuate Collection Set: 0.4ms
[2025-08-01T03:47:30.545+0000] GC(119)   Merge Heap Roots: 0.1ms
[2025-08-01T03:47:30.545+0000] GC(119)   Evacuate Collection Set: 44.8ms
[2025-08-01T03:47:30.545+0000] GC(119)   Post Evacuate Collection Set: 0.9ms
[2025-08-01T03:47:30.545+0000] GC(119)   Other: 0.1ms
[2025-08-01T03:47:30.545+0000] GC(119) Eden regions: 121->0(83)
[2025-08-01T03:47:30.545+0000] GC(119) Survivor regions: 25->19(19)
[2025-08-01T03:47:30.545+0000] GC(119) Old regions: 1643->1771
[2025-08-01T03:47:30.545+0000] GC(119) Humongous regions: 0->0
[2025-08-01T03:47:30.545+0000] GC(119) Metaspace: 10593K(10816K)->10593K(10816K) NonClass: 9335K(9472K)->9335K(9472K) Class: 1258K(1344K)->1258K(1344K)
[2025-08-01T03:47:30.545+0000] GC(119) Pause Young (Normal) (G1 Evacuation Pause) 3576M->3579M(4096M) 46.703ms
[2025-08-01T03:47:30.545+0000] GC(119) User=0.35s Sys=0.00s Real=0.05s
[2025-08-01T03:47:30.569+0000] GC(117) Concurrent Mark From Roots 175.919ms
[2025-08-01T03:47:30.569+0000] GC(117) Concurrent Preclean
[2025-08-01T03:47:30.569+0000] GC(117) Concurrent Preclean 0.025ms
[2025-08-01T03:47:30.569+0000] GC(117) Pause Remark
[2025-08-01T03:47:30.572+0000] GC(117) Pause Remark 3639M->1621M(4096M) 2.906ms
[2025-08-01T03:47:30.572+0000] GC(117) User=0.01s Sys=0.00s Real=0.00s
[2025-08-01T03:47:30.572+0000] GC(117) Concurrent Mark 179.306ms
[2025-08-01T03:47:30.572+0000] GC(117) Concurrent Rebuild Remembered Sets and Scrub Regions
[2025-08-01T03:47:30.611+0000] GC(120) Pause Young (Normal) (G1 Evacuation Pause)
[2025-08-01T03:47:30.611+0000] GC(120) Using 8 workers of 8 for evacuation
[2025-08-01T03:47:30.649+0000] GC(120)   Pre Evacuate Collection Set: 0.7ms
[2025-08-01T03:47:30.649+0000] GC(120)   Merge Heap Roots: 0.3ms
[2025-08-01T03:47:30.649+0000] GC(120)   Evacuate Collection Set: 36.2ms
[2025-08-01T03:47:30.649+0000] GC(120)   Post Evacuate Collection Set: 0.9ms
[2025-08-01T03:47:30.649+0000] GC(120)   Other: 0.1ms
[2025-08-01T03:47:30.649+0000] GC(120) Eden regions: 83->0(400)
[2025-08-01T03:47:30.649+0000] GC(120) Survivor regions: 19->13(13)
[2025-08-01T03:47:30.649+0000] GC(120) Old regions: 762->853
[2025-08-01T03:47:30.649+0000] GC(120) Humongous regions: 0->0
[2025-08-01T03:47:30.649+0000] GC(120) Metaspace: 10593K(10816K)->10593K(10816K) NonClass: 9335K(9472K)->9335K(9472K) Class: 1258K(1344K)->1258K(1344K)
[2025-08-01T03:47:30.649+0000] GC(120) Pause Young (Normal) (G1 Evacuation Pause) 1727M->1731M(4096M) 38.571ms
[2025-08-01T03:47:30.649+0000] GC(120) User=0.27s Sys=0.01s Real=0.04s
[2025-08-01T03:47:30.775+0000] GC(117) Concurrent Rebuild Remembered Sets and Scrub Regions 202.681ms
[2025-08-01T03:47:30.775+0000] GC(117) Pause Cleanup
[2025-08-01T03:47:30.776+0000] GC(117) Pause Cleanup 2346M->2346M(4096M) 1.075ms
[2025-08-01T03:47:30.776+0000] GC(117) User=0.00s Sys=0.00s Real=0.00s
[2025-08-01T03:47:30.777+0000] GC(117) Concurrent Clear Claimed Marks
[2025-08-01T03:47:30.777+0000] GC(117) Concurrent Clear Claimed Marks 0.035ms
[2025-08-01T03:47:30.777+0000] GC(117) Concurrent Cleanup for Next Mark
[2025-08-01T03:47:30.785+0000] GC(117) Concurrent Cleanup for Next Mark 8.354ms
[2025-08-01T03:47:30.785+0000] GC(117) Concurrent Mark Cycle 448.916ms
[2025-08-01T03:47:30.823+0000] GC(121) Pause Young (Prepare Mixed) (G1 Evacuation Pause)
[2025-08-01T03:47:30.823+0000] GC(121) Using 8 workers of 8 for evacuation
[2025-08-01T03:47:30.914+0000] GC(121)   Pre Evacuate Collection Set: 0.5ms
[2025-08-01T03:47:30.914+0000] GC(121)   Merge Heap Roots: 0.2ms
[2025-08-01T03:47:30.914+0000] GC(121)   Evacuate Collection Set: 89.1ms
[2025-08-01T03:47:30.914+0000] GC(121)   Post Evacuate Collection Set: 1.0ms
[2025-08-01T03:47:30.914+0000] GC(121)   Other: 0.2ms
[2025-08-01T03:47:30.914+0000] GC(121) Eden regions: 400->0(340)
[2025-08-01T03:47:30.914+0000] GC(121) Survivor regions: 13->52(52)
[2025-08-01T03:47:30.914+0000] GC(121) Old regions: 853->1021
[2025-08-01T03:47:30.914+0000] GC(121) Humongous regions: 0->0
[2025-08-01T03:47:30.914+0000] GC(121) Metaspace: 10593K(10816K)->10593K(10816K) NonClass: 9335K(9472K)->9335K(9472K) Class: 1258K(1344K)->1258K(1344K)
[2025-08-01T03:47:30.914+0000] GC(121) Pause Young (Prepare Mixed) (G1 Evacuation Pause) 2531M->2144M(4096M) 91.418ms
[2025-08-01T03:47:30.914+0000] GC(121) User=0.66s Sys=0.03s Real=0.10s
[2025-08-01T03:47:31.076+0000] GC(122) Pause Young (Mixed) (G1 Evacuation Pause)
[2025-08-01T03:47:31.076+0000] GC(122) Using 8 workers of 8 for evacuation
[2025-08-01T03:47:31.202+0000] GC(122)   Pre Evacuate Collection Set: 1.0ms
[2025-08-01T03:47:31.202+0000] GC(122)   Merge Heap Roots: 0.3ms
[2025-08-01T03:47:31.202+0000] GC(122)   Evacuate Collection Set: 123.1ms
[2025-08-01T03:47:31.202+0000] GC(122)   Post Evacuate Collection Set: 1.6ms
[2025-08-01T03:47:31.202+0000] GC(122)   Other: 0.1ms
[2025-08-01T03:47:31.202+0000] GC(122) Eden regions: 340->0(240)
[2025-08-01T03:47:31.202+0000] GC(122) Survivor regions: 52->49(49)
[2025-08-01T03:47:31.202+0000] GC(122) Old regions: 1021->1277
[2025-08-01T03:47:31.202+0000] GC(122) Humongous regions: 0->0
[2025-08-01T03:47:31.203+0000] GC(122) Metaspace: 10593K(10816K)->10593K(10816K) NonClass: 9335K(9472K)->9335K(9472K) Class: 1258K(1344K)->1258K(1344K)
[2025-08-01T03:47:31.203+0000] GC(122) Pause Young (Mixed) (G1 Evacuation Pause) 2824M->2650M(4096M) 126.419ms
[2025-08-01T03:47:31.203+0000] GC(122) User=0.94s Sys=0.03s Real=0.12s
[2025-08-01T03:47:31.299+0000] GC(123) Pause Young (Concurrent Start) (G1 Evacuation Pause)
[2025-08-01T03:47:31.299+0000] GC(123) Using 8 workers of 8 for evacuation
[2025-08-01T03:47:31.484+0000] GC(123)   Pre Evacuate Collection Set: 0.9ms
[2025-08-01T03:47:31.484+0000] GC(123)   Merge Heap Roots: 0.3ms
[2025-08-01T03:47:31.484+0000] GC(123)   Evacuate Collection Set: 182.2ms
[2025-08-01T03:47:31.484+0000] GC(123)   Post Evacuate Collection Set: 1.2ms
[2025-08-01T03:47:31.484+0000] GC(123)   Other: 0.5ms
[2025-08-01T03:47:31.484+0000] GC(123) Eden regions: 240->0(152)
[2025-08-01T03:47:31.484+0000] GC(123) Survivor regions: 49->37(37)
[2025-08-01T03:47:31.484+0000] GC(123) Old regions: 1277->1530
[2025-08-01T03:47:31.484+0000] GC(123) Humongous regions: 0->0
[2025-08-01T03:47:31.484+0000] GC(123) Metaspace: 10593K(10816K)->10593K(10816K) NonClass: 9335K(9472K)->9335K(9472K) Class: 1258K(1344K)->1258K(1344K)
[2025-08-01T03:47:31.484+0000] GC(123) Pause Young (Concurrent Start) (G1 Evacuation Pause) 3130M->3132M(4096M) 185.357ms
[2025-08-01T03:47:31.484+0000] GC(123) User=1.27s Sys=0.06s Real=0.19s
[2025-08-01T03:47:31.484+0000] GC(124) Concurrent Mark Cycle
[2025-08-01T03:47:31.484+0000] GC(124) Concurrent Scan Root Regions
[2025-08-01T03:47:31.541+0000] GC(124) Concurrent Scan Root Regions 56.826ms
[2025-08-01T03:47:31.541+0000] GC(124) Concurrent Mark
[2025-08-01T03:47:31.541+0000] GC(124) Concurrent Mark From Roots
[2025-08-01T03:47:31.541+0000] GC(124) Using 2 workers of 2 for marking
[2025-08-01T03:47:31.560+0000] GC(125) Pause Young (Normal) (G1 Evacuation Pause)
[2025-08-01T03:47:31.560+0000] GC(125) Using 8 workers of 8 for evacuation
[2025-08-01T03:47:31.598+0000] GC(125)   Pre Evacuate Collection Set: 1.1ms
[2025-08-01T03:47:31.598+0000] GC(125)   Merge Heap Roots: 0.3ms
[2025-08-01T03:47:31.598+0000] GC(125)   Evacuate Collection Set: 35.3ms
[2025-08-01T03:47:31.598+0000] GC(125)   Post Evacuate Collection Set: 1.0ms
[2025-08-01T03:47:31.598+0000] GC(125)   Other: 0.1ms
[2025-08-01T03:47:31.598+0000] GC(125) Eden regions: 152->0(140)
[2025-08-01T03:47:31.598+0000] GC(125) Survivor regions: 37->24(24)
[2025-08-01T03:47:31.598+0000] GC(125) Old regions: 1530->1595
[2025-08-01T03:47:31.598+0000] GC(125) Humongous regions: 0->0
[2025-08-01T03:47:31.598+0000] GC(125) Metaspace: 10593K(10816K)->10593K(10816K) NonClass: 9335K(9472K)->9335K(9472K) Class: 1258K(1344K)->1258K(1344K)
[2025-08-01T03:47:31.598+0000] GC(125) Pause Young (Normal) (G1 Evacuation Pause) 3436M->3237M(4096M) 38.130ms
[2025-08-01T03:47:31.598+0000] GC(125) User=0.24s Sys=0.01s Real=0.04s
[2025-08-01T03:47:31.667+0000] GC(126) Pause Young (Normal) (G1 Evacuation Pause)
[2025-08-01T03:47:31.667+0000] GC(126) Using 8 workers of 8 for evacuation
[2025-08-01T03:47:31.716+0000] GC(126)   Pre Evacuate Collection Set: 0.5ms
[2025-08-01T03:47:31.716+0000] GC(126)   Merge Heap Roots: 0.2ms
[2025-08-01T03:47:31.716+0000] GC(126)   Evacuate Collection Set: 46.7ms
[2025-08-01T03:47:31.716+0000] GC(126)   Post Evacuate Collection Set: 1.1ms
[2025-08-01T03:47:31.716+0000] GC(126)   Other: 0.2ms
[2025-08-01T03:47:31.716+0000] GC(126) Eden regions: 140->0(106)
[2025-08-01T03:47:31.716+0000] GC(126) Survivor regions: 24->21(21)
[2025-08-01T03:47:31.716+0000] GC(126) Old regions: 1595->1699
[2025-08-01T03:47:31.716+0000] GC(126) Humongous regions: 0->0
[2025-08-01T03:47:31.716+0000] GC(126) Metaspace: 10593K(10816K)->10593K(10816K) NonClass: 9335K(9472K)->9335K(9472K) Class: 1258K(1344K)->1258K(1344K)
[2025-08-01T03:47:31.716+0000] GC(126) Pause Young (Normal) (G1 Evacuation Pause) 3517M->3439M(4096M) 48.985ms
[2025-08-01T03:47:31.716+0000] GC(126) User=0.36s Sys=0.01s Real=0.05s
[2025-08-01T03:47:31.740+0000] GC(127) Pause Young (Normal) (G1 Evacuation Pause)
[2025-08-01T03:47:31.740+0000] GC(127) Using 8 workers of 8 for evacuation
[2025-08-01T03:47:31.783+0000] GC(127)   Pre Evacuate Collection Set: 0.6ms
[2025-08-01T03:47:31.783+0000] GC(127)   Merge Heap Roots: 0.3ms
[2025-08-01T03:47:31.783+0000] GC(127)   Evacuate Collection Set: 41.0ms
[2025-08-01T03:47:31.783+0000] GC(127)   Post Evacuate Collection Set: 0.8ms
[2025-08-01T03:47:31.783+0000] GC(127)   Other: 0.4ms
[2025-08-01T03:47:31.783+0000] GC(127) Eden regions: 106->0(86)
[2025-08-01T03:47:31.783+0000] GC(127) Survivor regions: 21->16(16)
[2025-08-01T03:47:31.783+0000] GC(127) Old regions: 1699->1812
[2025-08-01T03:47:31.783+0000] GC(127) Humongous regions: 0->0
[2025-08-01T03:47:31.783+0000] GC(127) Metaspace: 10593K(10816K)->10593K(10816K) NonClass: 9335K(9472K)->9335K(9472K) Class: 1258K(1344K)->1258K(1344K)
[2025-08-01T03:47:31.783+0000] GC(127) Pause Young (Normal) (G1 Evacuation Pause) 3651M->3655M(4096M) 43.538ms
[2025-08-01T03:47:31.783+0000] GC(127) User=0.33s Sys=0.00s Real=0.05s
[2025-08-01T03:47:31.805+0000] GC(124) Concurrent Mark From Roots 263.250ms
[2025-08-01T03:47:31.805+0000] GC(124) Concurrent Preclean
[2025-08-01T03:47:31.805+0000] GC(124) Concurrent Preclean 0.023ms
[2025-08-01T03:47:31.805+0000] GC(124) Pause Remark
[2025-08-01T03:47:31.808+0000] GC(124) Pause Remark 3779M->2037M(4096M) 3.002ms
[2025-08-01T03:47:31.808+0000] GC(124) User=0.01s Sys=0.00s Real=0.00s
[2025-08-01T03:47:31.808+0000] GC(124) Concurrent Mark 266.723ms
[2025-08-01T03:47:31.808+0000] GC(124) Concurrent Rebuild Remembered Sets and Scrub Regions
[2025-08-01T03:47:31.851+0000] GC(128) Pause Young (Normal) (G1 Evacuation Pause)
[2025-08-01T03:47:31.852+0000] GC(128) Using 8 workers of 8 for evacuation
[2025-08-01T03:47:31.893+0000] GC(128)   Pre Evacuate Collection Set: 0.7ms
[2025-08-01T03:47:31.893+0000] GC(128)   Merge Heap Roots: 0.2ms
[2025-08-01T03:47:31.893+0000] GC(128)   Evacuate Collection Set: 39.3ms
[2025-08-01T03:47:31.893+0000] GC(128)   Post Evacuate Collection Set: 0.9ms
[2025-08-01T03:47:31.893+0000] GC(128)   Other: 0.1ms
[2025-08-01T03:47:31.893+0000] GC(128) Eden regions: 86->0(330)
[2025-08-01T03:47:31.893+0000] GC(128) Survivor regions: 16->13(13)
[2025-08-01T03:47:31.893+0000] GC(128) Old regions: 941->1032
[2025-08-01T03:47:31.893+0000] GC(128) Humongous regions: 0->0
[2025-08-01T03:47:31.893+0000] GC(128) Metaspace: 10593K(10816K)->10593K(10816K) NonClass: 9335K(9472K)->9335K(9472K) Class: 1258K(1344K)->1258K(1344K)
[2025-08-01T03:47:31.893+0000] GC(128) Pause Young (Normal) (G1 Evacuation Pause) 2085M->2089M(4096M) 41.583ms
[2025-08-01T03:47:31.893+0000] GC(128) User=0.29s Sys=0.01s Real=0.05s
[2025-08-01T03:47:32.002+0000] GC(129) Pause Young (Normal) (G1 Evacuation Pause)
[2025-08-01T03:47:32.002+0000] GC(129) Using 8 workers of 8 for evacuation
[2025-08-01T03:47:32.114+0000] GC(129)   Pre Evacuate Collection Set: 0.7ms
[2025-08-01T03:47:32.115+0000] GC(129)   Merge Heap Roots: 0.2ms
[2025-08-01T03:47:32.115+0000] GC(129)   Evacuate Collection Set: 110.1ms
[2025-08-01T03:47:32.115+0000] GC(129)   Post Evacuate Collection Set: 1.1ms
[2025-08-01T03:47:32.115+0000] GC(129)   Other: 0.1ms
[2025-08-01T03:47:32.115+0000] GC(129) Eden regions: 330->0(226)
[2025-08-01T03:47:32.115+0000] GC(129) Survivor regions: 13->43(43)
[2025-08-01T03:47:32.115+0000] GC(129) Old regions: 1032->1296
[2025-08-01T03:47:32.115+0000] GC(129) Humongous regions: 0->0
[2025-08-01T03:47:32.115+0000] GC(129) Metaspace: 10593K(10816K)->10593K(10816K) NonClass: 9335K(9472K)->9335K(9472K) Class: 1258K(1344K)->1258K(1344K)
[2025-08-01T03:47:32.115+0000] GC(129) Pause Young (Normal) (G1 Evacuation Pause) 2749M->2677M(4096M) 112.658ms
[2025-08-01T03:47:32.115+0000] GC(129) User=0.83s Sys=0.02s Real=0.12s
[2025-08-01T03:47:32.159+0000] GC(124) Concurrent Rebuild Remembered Sets and Scrub Regions 351.358ms
[2025-08-01T03:47:32.160+0000] GC(124) Pause Cleanup
[2025-08-01T03:47:32.160+0000] GC(124) Pause Cleanup 2692M->2692M(4096M) 0.739ms
[2025-08-01T03:47:32.160+0000] GC(124) User=0.00s Sys=0.00s Real=0.00s
[2025-08-01T03:47:32.160+0000] GC(124) Concurrent Clear Claimed Marks
[2025-08-01T03:47:32.160+0000] GC(124) Concurrent Clear Claimed Marks 0.036ms
[2025-08-01T03:47:32.160+0000] GC(124) Concurrent Cleanup for Next Mark
[2025-08-01T03:47:32.172+0000] GC(124) Concurrent Cleanup for Next Mark 11.565ms
[2025-08-01T03:47:32.172+0000] GC(124) Concurrent Mark Cycle 687.849ms
[2025-08-01T03:47:32.257+0000] GC(130) Pause Young (Prepare Mixed) (G1 Evacuation Pause)
[2025-08-01T03:47:32.257+0000] GC(130) Using 8 workers of 8 for evacuation
[2025-08-01T03:47:32.331+0000] GC(130)   Pre Evacuate Collection Set: 1.1ms
[2025-08-01T03:47:32.331+0000] GC(130)   Merge Heap Roots: 0.2ms
[2025-08-01T03:47:32.331+0000] GC(130)   Evacuate Collection Set: 71.7ms
[2025-08-01T03:47:32.331+0000] GC(130)   Post Evacuate Collection Set: 1.5ms
[2025-08-01T03:47:32.331+0000] GC(130)   Other: 0.1ms
[2025-08-01T03:47:32.331+0000] GC(130) Eden regions: 226->0(193)
[2025-08-01T03:47:32.331+0000] GC(130) Survivor regions: 43->34(34)
[2025-08-01T03:47:32.331+0000] GC(130) Old regions: 1296->1427
[2025-08-01T03:47:32.331+0000] GC(130) Humongous regions: 0->0
[2025-08-01T03:47:32.331+0000] GC(130) Metaspace: 10593K(10816K)->10593K(10816K) NonClass: 9335K(9472K)->9335K(9472K) Class: 1258K(1344K)->1258K(1344K)
[2025-08-01T03:47:32.331+0000] GC(130) Pause Young (Prepare Mixed) (G1 Evacuation Pause) 3129M->2921M(4096M) 74.954ms
[2025-08-01T03:47:32.332+0000] GC(130) User=0.48s Sys=0.02s Real=0.07s
[2025-08-01T03:47:32.416+0000] GC(131) Pause Young (Mixed) (G1 Evacuation Pause)
[2025-08-01T03:47:32.417+0000] GC(131) Using 8 workers of 8 for evacuation
[2025-08-01T03:47:32.517+0000] GC(131)   Pre Evacuate Collection Set: 1.8ms
[2025-08-01T03:47:32.517+0000] GC(131)   Merge Heap Roots: 0.5ms
[2025-08-01T03:47:32.517+0000] GC(131)   Evacuate Collection Set: 97.7ms
[2025-08-01T03:47:32.517+0000] GC(131)   Post Evacuate Collection Set: 0.8ms
[2025-08-01T03:47:32.518+0000] GC(131)   Other: 0.1ms
[2025-08-01T03:47:32.518+0000] GC(131) Eden regions: 193->0(147)
[2025-08-01T03:47:32.518+0000] GC(131) Survivor regions: 34->29(29)
[2025-08-01T03:47:32.518+0000] GC(131) Old regions: 1427->1568
[2025-08-01T03:47:32.518+0000] GC(131) Humongous regions: 0->0
[2025-08-01T03:47:32.518+0000] GC(131) Metaspace: 10593K(10816K)->10593K(10816K) NonClass: 9335K(9472K)->9335K(9472K) Class: 1258K(1344K)->1258K(1344K)
[2025-08-01T03:47:32.518+0000] GC(131) Pause Young (Mixed) (G1 Evacuation Pause) 3307M->3193M(4096M) 101.084ms
[2025-08-01T03:47:32.518+0000] GC(131) User=0.61s Sys=0.05s Real=0.10s
[2025-08-01T03:47:32.591+0000] GC(132) Pause Young (Concurrent Start) (G1 Evacuation Pause)
[2025-08-01T03:47:32.591+0000] GC(132) Using 8 workers of 8 for evacuation
[2025-08-01T03:47:32.665+0000] GC(132)   Pre Evacuate Collection Set: 1.0ms
[2025-08-01T03:47:32.665+0000] GC(132)   Merge Heap Roots: 0.2ms
[2025-08-01T03:47:32.665+0000] GC(132)   Evacuate Collection Set: 71.3ms
[2025-08-01T03:47:32.665+0000] GC(132)   Post Evacuate Collection Set: 1.0ms
[2025-08-01T03:47:32.665+0000] GC(132)   Other: 0.2ms
[2025-08-01T03:47:32.665+0000] GC(132) Eden regions: 147->0(94)
[2025-08-01T03:47:32.665+0000] GC(132) Survivor regions: 29->22(22)
[2025-08-01T03:47:32.665+0000] GC(132) Old regions: 1568->1724
[2025-08-01T03:47:32.665+0000] GC(132) Humongous regions: 0->0
[2025-08-01T03:47:32.665+0000] GC(132) Metaspace: 10593K(10816K)->10593K(10816K) NonClass: 9335K(9472K)->9335K(9472K) Class: 1258K(1344K)->1258K(1344K)
[2025-08-01T03:47:32.665+0000] GC(132) Pause Young (Concurrent Start) (G1 Evacuation Pause) 3487M->3490M(4096M) 74.014ms
[2025-08-01T03:47:32.665+0000] GC(132) User=0.53s Sys=0.04s Real=0.08s
[2025-08-01T03:47:32.665+0000] GC(133) Concurrent Mark Cycle
[2025-08-01T03:47:32.665+0000] GC(133) Concurrent Scan Root Regions
[2025-08-01T03:47:32.689+0000] GC(134) Pause Young (Normal) (G1 Evacuation Pause)
[2025-08-01T03:47:32.689+0000] GC(134) Using 8 workers of 8 for evacuation
[2025-08-01T03:47:32.706+0000] GC(133) Concurrent Scan Root Regions 40.807ms
[2025-08-01T03:47:32.706+0000] GC(133) Concurrent Mark
[2025-08-01T03:47:32.706+0000] GC(133) Concurrent Mark From Roots
[2025-08-01T03:47:32.706+0000] GC(133) Using 2 workers of 2 for marking
[2025-08-01T03:47:32.754+0000] GC(134)   Pre Evacuate Collection Set: 1.5ms
[2025-08-01T03:47:32.754+0000] GC(134)   Merge Heap Roots: 0.2ms
[2025-08-01T03:47:32.754+0000] GC(134)   Evacuate Collection Set: 44.9ms
[2025-08-01T03:47:32.754+0000] GC(134)   Post Evacuate Collection Set: 0.8ms
[2025-08-01T03:47:32.754+0000] GC(134)   Other: 0.1ms
[2025-08-01T03:47:32.754+0000] GC(134) Eden regions: 94->0(87)
[2025-08-01T03:47:32.754+0000] GC(134) Survivor regions: 22->15(15)
[2025-08-01T03:47:32.754+0000] GC(134) Old regions: 1724->1827
[2025-08-01T03:47:32.754+0000] GC(134) Humongous regions: 0->0
[2025-08-01T03:47:32.754+0000] GC(134) Metaspace: 10593K(10816K)->10593K(10816K) NonClass: 9335K(9472K)->9335K(9472K) Class: 1258K(1344K)->1258K(1344K)
[2025-08-01T03:47:32.754+0000] GC(134) Pause Young (Normal) (G1 Evacuation Pause) 3678M->3682M(4096M) 64.635ms
[2025-08-01T03:47:32.754+0000] GC(134) User=0.36s Sys=0.01s Real=0.07s
[2025-08-01T03:47:32.821+0000] GC(135) Pause Young (Normal) (G1 Evacuation Pause)
[2025-08-01T03:47:32.821+0000] GC(135) Using 8 workers of 8 for evacuation
[2025-08-01T03:47:32.863+0000] GC(135)   Pre Evacuate Collection Set: 0.8ms
[2025-08-01T03:47:32.863+0000] GC(135)   Merge Heap Roots: 0.2ms
[2025-08-01T03:47:32.863+0000] GC(135)   Evacuate Collection Set: 39.8ms
[2025-08-01T03:47:32.863+0000] GC(135)   Post Evacuate Collection Set: 1.6ms
[2025-08-01T03:47:32.863+0000] GC(135)   Other: 0.1ms
[2025-08-01T03:47:32.863+0000] GC(135) Eden regions: 87->0(89)
[2025-08-01T03:47:32.863+0000] GC(135) Survivor regions: 15->13(13)
[2025-08-01T03:47:32.863+0000] GC(135) Old regions: 1827->1889
[2025-08-01T03:47:32.863+0000] GC(135) Humongous regions: 0->0
[2025-08-01T03:47:32.863+0000] GC(135) Metaspace: 10593K(10816K)->10593K(10816K) NonClass: 9335K(9472K)->9335K(9472K) Class: 1258K(1344K)->1258K(1344K)
[2025-08-01T03:47:32.863+0000] GC(135) Pause Young (Normal) (G1 Evacuation Pause) 3856M->3802M(4096M) 42.900ms
[2025-08-01T03:47:32.863+0000] GC(135) User=0.30s Sys=0.01s Real=0.05s
[2025-08-01T03:47:32.894+0000] GC(136) Pause Young (Normal) (G1 Evacuation Pause)
[2025-08-01T03:47:32.894+0000] GC(136) Using 8 workers of 8 for evacuation
[2025-08-01T03:47:32.930+0000] GC(136)   Pre Evacuate Collection Set: 1.6ms
[2025-08-01T03:47:32.930+0000] GC(136)   Merge Heap Roots: 0.3ms
[2025-08-01T03:47:32.930+0000] GC(136)   Evacuate Collection Set: 27.9ms
[2025-08-01T03:47:32.930+0000] GC(136)   Post Evacuate Collection Set: 6.3ms
[2025-08-01T03:47:32.930+0000] GC(136)   Other: 0.1ms
[2025-08-01T03:47:32.930+0000] GC(136) Eden regions: 89->0(7)
[2025-08-01T03:47:32.930+0000] GC(136) Survivor regions: 13->13(13)
[2025-08-01T03:47:32.930+0000] GC(136) Old regions: 1889->2015
[2025-08-01T03:47:32.930+0000] GC(136) Humongous regions: 0->0
[2025-08-01T03:47:32.930+0000] GC(136) Metaspace: 10593K(10816K)->10593K(10816K) NonClass: 9335K(9472K)->9335K(9472K) Class: 1258K(1344K)->1258K(1344K)
[2025-08-01T03:47:32.930+0000] GC(136) Pause Young (Normal) (G1 Evacuation Pause) (Evacuation Failure) 3980M->4055M(4096M) 36.722ms
[2025-08-01T03:47:32.930+0000] GC(136) User=0.25s Sys=0.01s Real=0.03s
[2025-08-01T03:47:32.932+0000] GC(137) Pause Young (Normal) (G1 Evacuation Pause)
[2025-08-01T03:47:32.932+0000] GC(137) Using 8 workers of 8 for evacuation
[2025-08-01T03:47:32.940+0000] GC(137)   Pre Evacuate Collection Set: 0.7ms
[2025-08-01T03:47:32.940+0000] GC(137)   Merge Heap Roots: 0.1ms
[2025-08-01T03:47:32.940+0000] GC(137)   Evacuate Collection Set: 5.4ms
[2025-08-01T03:47:32.940+0000] GC(137)   Post Evacuate Collection Set: 1.5ms
[2025-08-01T03:47:32.940+0000] GC(137)   Other: 0.1ms
[2025-08-01T03:47:32.940+0000] GC(137) Eden regions: 7->0(0)
[2025-08-01T03:47:32.940+0000] GC(137) Survivor regions: 13->3(3)
[2025-08-01T03:47:32.940+0000] GC(137) Old regions: 2015->2042
[2025-08-01T03:47:32.940+0000] GC(137) Humongous regions: 0->0
[2025-08-01T03:47:32.940+0000] GC(137) Metaspace: 10593K(10816K)->10593K(10816K) NonClass: 9335K(9472K)->9335K(9472K) Class: 1258K(1344K)->1258K(1344K)
[2025-08-01T03:47:32.940+0000] GC(137) Pause Young (Normal) (G1 Evacuation Pause) (Evacuation Failure) 4069M->4089M(4096M) 8.023ms
[2025-08-01T03:47:32.940+0000] GC(137) User=0.05s Sys=0.01s Real=0.01s
[2025-08-01T03:47:32.940+0000] Attempting full compaction
[2025-08-01T03:47:32.940+0000] GC(138) Pause Full (G1 Compaction Pause)
[2025-08-01T03:47:32.940+0000] GC(138) Using 8 workers of 8 for full compaction
[2025-08-01T03:47:32.946+0000] GC(138) Phase 1: Mark live objects
[2025-08-01T03:47:32.987+0000] GC(138) Phase 1: Mark live objects 40.809ms
[2025-08-01T03:47:32.987+0000] GC(138) Phase 2: Prepare compaction
[2025-08-01T03:47:33.011+0000] GC(138) Phase 2: Prepare compaction 24.349ms
[2025-08-01T03:47:33.011+0000] GC(138) Phase 3: Adjust pointers
[2025-08-01T03:47:33.048+0000] GC(138) Phase 3: Adjust pointers 36.671ms
[2025-08-01T03:47:33.048+0000] GC(138) Phase 4: Compact heap
[2025-08-01T03:47:33.113+0000] GC(138) Phase 4: Compact heap 64.616ms
[2025-08-01T03:47:33.113+0000] GC(138) Phase 5: Reset Metadata
[2025-08-01T03:47:33.143+0000] GC(138) Phase 5: Reset Metadata 29.705ms
[2025-08-01T03:47:33.150+0000] GC(138) Eden regions: 0->0(475)
[2025-08-01T03:47:33.150+0000] GC(138) Survivor regions: 3->0(3)
[2025-08-01T03:47:33.150+0000] GC(138) Old regions: 2042->482
[2025-08-01T03:47:33.150+0000] GC(138) Humongous regions: 0->0
[2025-08-01T03:47:33.150+0000] GC(138) Metaspace: 10593K(10816K)->10593K(10816K) NonClass: 9335K(9472K)->9335K(9472K) Class: 1258K(1344K)->1258K(1344K)
[2025-08-01T03:47:33.151+0000] GC(138) Pause Full (G1 Compaction Pause) 4089M->957M(4096M) 210.272ms
[2025-08-01T03:47:33.151+0000] GC(138) User=1.46s Sys=0.02s Real=0.21s
[2025-08-01T03:47:33.151+0000] GC(133) Concurrent Mark From Roots 444.576ms
[2025-08-01T03:47:33.151+0000] GC(133) Concurrent Mark Abort
[2025-08-01T03:47:33.151+0000] GC(133) Concurrent Mark Cycle 485.639ms
[2025-08-01T03:47:33.381+0000] GC(139) Pause Young (Normal) (G1 Evacuation Pause)
[2025-08-01T03:47:33.381+0000] GC(139) Using 8 workers of 8 for evacuation
[2025-08-01T03:47:33.486+0000] GC(139)   Pre Evacuate Collection Set: 1.0ms
[2025-08-01T03:47:33.486+0000] GC(139)   Merge Heap Roots: 0.6ms
[2025-08-01T03:47:33.486+0000] GC(139)   Evacuate Collection Set: 101.2ms
[2025-08-01T03:47:33.486+0000] GC(139)   Post Evacuate Collection Set: 1.4ms
[2025-08-01T03:47:33.486+0000] GC(139)   Other: 0.1ms
[2025-08-01T03:47:33.486+0000] GC(139) Eden regions: 472->0(472)
[2025-08-01T03:47:33.486+0000] GC(139) Survivor regions: 0->59(59)
[2025-08-01T03:47:33.486+0000] GC(139) Old regions: 482->658
[2025-08-01T03:47:33.486+0000] GC(139) Humongous regions: 0->0
[2025-08-01T03:47:33.486+0000] GC(139) Metaspace: 10593K(10816K)->10593K(10816K) NonClass: 9335K(9472K)->9335K(9472K) Class: 1258K(1344K)->1258K(1344K)
[2025-08-01T03:47:33.486+0000] GC(139) Pause Young (Normal) (G1 Evacuation Pause) 1901M->1426M(4096M) 104.674ms
[2025-08-01T03:47:33.486+0000] GC(139) User=0.75s Sys=0.05s Real=0.11s
[2025-08-01T03:47:33.666+0000] GC(140) Pause Young (Concurrent Start) (G1 Evacuation Pause)
[2025-08-01T03:47:33.666+0000] GC(140) Using 8 workers of 8 for evacuation
[2025-08-01T03:47:33.890+0000] GC(140) MMU target violated: 201.0ms (200.0ms/201.0ms)
[2025-08-01T03:47:33.890+0000] GC(140)   Pre Evacuate Collection Set: 1.2ms
[2025-08-01T03:47:33.890+0000] GC(140)   Merge Heap Roots: 0.6ms
[2025-08-01T03:47:33.890+0000] GC(140)   Evacuate Collection Set: 220.9ms
[2025-08-01T03:47:33.890+0000] GC(140)   Post Evacuate Collection Set: 1.1ms
[2025-08-01T03:47:33.890+0000] GC(140)   Other: 0.4ms
[2025-08-01T03:47:33.890+0000] GC(140) Eden regions: 472->0(328)
[2025-08-01T03:47:33.890+0000] GC(140) Survivor regions: 59->67(67)
[2025-08-01T03:47:33.890+0000] GC(140) Old regions: 658->1007
[2025-08-01T03:47:33.890+0000] GC(140) Humongous regions: 0->0
[2025-08-01T03:47:33.890+0000] GC(140) Metaspace: 10593K(10816K)->10593K(10816K) NonClass: 9335K(9472K)->9335K(9472K) Class: 1258K(1344K)->1258K(1344K)
[2025-08-01T03:47:33.890+0000] GC(140) Pause Young (Concurrent Start) (G1 Evacuation Pause) 2370M->2140M(4096M) 224.447ms
[2025-08-01T03:47:33.890+0000] GC(140) User=1.67s Sys=0.06s Real=0.22s
[2025-08-01T03:47:33.890+0000] GC(141) Concurrent Mark Cycle
[2025-08-01T03:47:33.890+0000] GC(141) Concurrent Scan Root Regions
[2025-08-01T03:47:33.978+0000] GC(141) Concurrent Scan Root Regions 87.659ms
[2025-08-01T03:47:33.978+0000] GC(141) Concurrent Mark
[2025-08-01T03:47:33.978+0000] GC(141) Concurrent Mark From Roots
[2025-08-01T03:47:33.978+0000] GC(141) Using 2 workers of 2 for marking
[2025-08-01T03:47:34.024+0000] GC(141) Concurrent Mark From Roots 45.497ms
[2025-08-01T03:47:34.024+0000] GC(141) Concurrent Preclean
[2025-08-01T03:47:34.024+0000] GC(141) Concurrent Preclean 0.028ms
[2025-08-01T03:47:34.024+0000] GC(141) Pause Remark
[2025-08-01T03:47:34.028+0000] GC(141) Pause Remark 2672M->1692M(4096M) 4.180ms
[2025-08-01T03:47:34.028+0000] GC(141) User=0.01s Sys=0.00s Real=0.00s
[2025-08-01T03:47:34.028+0000] GC(141) Concurrent Mark 50.123ms
[2025-08-01T03:47:34.028+0000] GC(141) Concurrent Rebuild Remembered Sets and Scrub Regions
[2025-08-01T03:47:34.056+0000] GC(142) Pause Young (Normal) (G1 Evacuation Pause)
[2025-08-01T03:47:34.056+0000] GC(142) Using 8 workers of 8 for evacuation
[2025-08-01T03:47:34.155+0000] GC(142)   Pre Evacuate Collection Set: 0.9ms
[2025-08-01T03:47:34.155+0000] GC(142)   Merge Heap Roots: 0.3ms
[2025-08-01T03:47:34.155+0000] GC(142)   Evacuate Collection Set: 96.4ms
[2025-08-01T03:47:34.155+0000] GC(142)   Post Evacuate Collection Set: 1.1ms
[2025-08-01T03:47:34.155+0000] GC(142)   Other: 0.1ms
[2025-08-01T03:47:34.155+0000] GC(142) Eden regions: 328->0(442)
[2025-08-01T03:47:34.155+0000] GC(142) Survivor regions: 67->50(50)
[2025-08-01T03:47:34.155+0000] GC(142) Old regions: 514->735
[2025-08-01T03:47:34.155+0000] GC(142) Humongous regions: 0->0
[2025-08-01T03:47:34.155+0000] GC(142) Metaspace: 10593K(10816K)->10593K(10816K) NonClass: 9335K(9472K)->9335K(9472K) Class: 1258K(1344K)->1258K(1344K)
[2025-08-01T03:47:34.155+0000] GC(142) Pause Young (Normal) (G1 Evacuation Pause) 1816M->1569M(4096M) 99.209ms
[2025-08-01T03:47:34.156+0000] GC(142) User=0.73s Sys=0.04s Real=0.10s
[2025-08-01T03:47:34.232+0000] GC(141) Concurrent Rebuild Remembered Sets and Scrub Regions 203.765ms
[2025-08-01T03:47:34.233+0000] GC(141) Pause Cleanup
[2025-08-01T03:47:34.234+0000] GC(141) Pause Cleanup 1859M->1859M(4096M) 0.912ms
[2025-08-01T03:47:34.234+0000] GC(141) User=0.00s Sys=0.00s Real=0.00s
[2025-08-01T03:47:34.234+0000] GC(141) Concurrent Clear Claimed Marks
[2025-08-01T03:47:34.234+0000] GC(141) Concurrent Clear Claimed Marks 0.046ms
[2025-08-01T03:47:34.234+0000] GC(141) Concurrent Cleanup for Next Mark
[2025-08-01T03:47:34.253+0000] GC(141) Concurrent Cleanup for Next Mark 18.136ms
[2025-08-01T03:47:34.253+0000] GC(141) Concurrent Mark Cycle 362.372ms
[2025-08-01T03:47:34.347+0000] GC(143) Pause Young (Prepare Mixed) (G1 Evacuation Pause)
[2025-08-01T03:47:34.347+0000] GC(143) Using 8 workers of 8 for evacuation
[2025-08-01T03:47:34.460+0000] GC(143)   Pre Evacuate Collection Set: 1.0ms
[2025-08-01T03:47:34.460+0000] GC(143)   Merge Heap Roots: 0.6ms
[2025-08-01T03:47:34.460+0000] GC(143)   Evacuate Collection Set: 110.0ms
[2025-08-01T03:47:34.460+0000] GC(143)   Post Evacuate Collection Set: 1.1ms
[2025-08-01T03:47:34.460+0000] GC(143)   Other: 0.1ms
[2025-08-01T03:47:34.460+0000] GC(143) Eden regions: 442->0(332)
[2025-08-01T03:47:34.460+0000] GC(143) Survivor regions: 50->62(62)
[2025-08-01T03:47:34.460+0000] GC(143) Old regions: 735->1019
[2025-08-01T03:47:34.460+0000] GC(143) Humongous regions: 0->0
[2025-08-01T03:47:34.460+0000] GC(143) Metaspace: 10593K(10816K)->10593K(10816K) NonClass: 9335K(9472K)->9335K(9472K) Class: 1258K(1344K)->1258K(1344K)
[2025-08-01T03:47:34.460+0000] GC(143) Pause Young (Prepare Mixed) (G1 Evacuation Pause) 2453M->2160M(4096M) 113.091ms
[2025-08-01T03:47:34.460+0000] GC(143) User=0.83s Sys=0.01s Real=0.11s
[2025-08-01T03:47:34.612+0000] GC(144) Pause Young (Mixed) (G1 Evacuation Pause)
[2025-08-01T03:47:34.612+0000] GC(144) Using 8 workers of 8 for evacuation
[2025-08-01T03:47:34.733+0000] GC(144)   Pre Evacuate Collection Set: 0.8ms
[2025-08-01T03:47:34.733+0000] GC(144)   Merge Heap Roots: 0.2ms
[2025-08-01T03:47:34.733+0000] GC(144)   Evacuate Collection Set: 118.7ms
[2025-08-01T03:47:34.733+0000] GC(144)   Post Evacuate Collection Set: 1.5ms
[2025-08-01T03:47:34.734+0000] GC(144)   Other: 0.1ms
[2025-08-01T03:47:34.734+0000] GC(144) Eden regions: 332->0(233)
[2025-08-01T03:47:34.734+0000] GC(144) Survivor regions: 62->50(50)
[2025-08-01T03:47:34.734+0000] GC(144) Old regions: 1019->1295
[2025-08-01T03:47:34.734+0000] GC(144) Humongous regions: 0->0
[2025-08-01T03:47:34.734+0000] GC(144) Metaspace: 10593K(10816K)->10593K(10816K) NonClass: 9335K(9472K)->9335K(9472K) Class: 1258K(1344K)->1258K(1344K)
[2025-08-01T03:47:34.734+0000] GC(144) Pause Young (Mixed) (G1 Evacuation Pause) 2824M->2688M(4096M) 121.469ms
[2025-08-01T03:47:34.734+0000] GC(144) User=0.93s Sys=0.01s Real=0.13s
[2025-08-01T03:47:34.824+0000] GC(145) Pause Young (Concurrent Start) (G1 Evacuation Pause)
[2025-08-01T03:47:34.824+0000] GC(145) Using 8 workers of 8 for evacuation
[2025-08-01T03:47:34.916+0000] GC(145)   Pre Evacuate Collection Set: 1.0ms
[2025-08-01T03:47:34.916+0000] GC(145)   Merge Heap Roots: 0.2ms
[2025-08-01T03:47:34.916+0000] GC(145)   Evacuate Collection Set: 89.4ms
[2025-08-01T03:47:34.916+0000] GC(145)   Post Evacuate Collection Set: 1.1ms
[2025-08-01T03:47:34.916+0000] GC(145)   Other: 0.3ms
[2025-08-01T03:47:34.916+0000] GC(145) Eden regions: 233->0(162)
[2025-08-01T03:47:34.916+0000] GC(145) Survivor regions: 50->36(36)
[2025-08-01T03:47:34.916+0000] GC(145) Old regions: 1295->1503
[2025-08-01T03:47:34.916+0000] GC(145) Humongous regions: 0->0
[2025-08-01T03:47:34.916+0000] GC(145) Metaspace: 10593K(10816K)->10593K(10816K) NonClass: 9335K(9472K)->9335K(9472K) Class: 1258K(1344K)->1258K(1344K)
[2025-08-01T03:47:34.917+0000] GC(145) Pause Young (Concurrent Start) (G1 Evacuation Pause) 3154M->3077M(4096M) 92.229ms
[2025-08-01T03:47:34.917+0000] GC(145) User=0.71s Sys=0.01s Real=0.09s
[2025-08-01T03:47:34.917+0000] GC(146) Concurrent Mark Cycle
[2025-08-01T03:47:34.917+0000] GC(146) Concurrent Scan Root Regions
[2025-08-01T03:47:34.966+0000] GC(146) Concurrent Scan Root Regions 49.145ms
[2025-08-01T03:47:34.966+0000] GC(146) Concurrent Mark
[2025-08-01T03:47:34.966+0000] GC(146) Concurrent Mark From Roots
[2025-08-01T03:47:34.966+0000] GC(146) Using 2 workers of 2 for marking
[2025-08-01T03:47:34.997+0000] GC(147) Pause Young (Normal) (G1 Evacuation Pause)
[2025-08-01T03:47:34.997+0000] GC(147) Using 8 workers of 8 for evacuation
[2025-08-01T03:47:35.051+0000] GC(147)   Pre Evacuate Collection Set: 1.2ms
[2025-08-01T03:47:35.051+0000] GC(147)   Merge Heap Roots: 0.3ms
[2025-08-01T03:47:35.051+0000] GC(147)   Evacuate Collection Set: 51.3ms
[2025-08-01T03:47:35.051+0000] GC(147)   Post Evacuate Collection Set: 0.9ms
[2025-08-01T03:47:35.051+0000] GC(147)   Other: 0.1ms
[2025-08-01T03:47:35.051+0000] GC(147) Eden regions: 162->0(118)
[2025-08-01T03:47:35.051+0000] GC(147) Survivor regions: 36->25(25)
[2025-08-01T03:47:35.051+0000] GC(147) Old regions: 1503->1646
[2025-08-01T03:47:35.051+0000] GC(147) Humongous regions: 0->0
[2025-08-01T03:47:35.051+0000] GC(147) Metaspace: 10593K(10816K)->10593K(10816K) NonClass: 9335K(9472K)->9335K(9472K) Class: 1258K(1344K)->1258K(1344K)
[2025-08-01T03:47:35.051+0000] GC(147) Pause Young (Normal) (G1 Evacuation Pause) 3401M->3341M(4096M) 54.114ms
[2025-08-01T03:47:35.051+0000] GC(147) User=0.41s Sys=0.00s Real=0.05s
[2025-08-01T03:47:35.079+0000] GC(148) Pause Young (Normal) (G1 Evacuation Pause)
[2025-08-01T03:47:35.079+0000] GC(148) Using 8 workers of 8 for evacuation
[2025-08-01T03:47:35.113+0000] GC(148)   Pre Evacuate Collection Set: 0.6ms
[2025-08-01T03:47:35.113+0000] GC(148)   Merge Heap Roots: 0.2ms
[2025-08-01T03:47:35.113+0000] GC(148)   Evacuate Collection Set: 32.4ms
[2025-08-01T03:47:35.113+0000] GC(148)   Post Evacuate Collection Set: 1.0ms
[2025-08-01T03:47:35.113+0000] GC(148)   Other: 0.2ms
[2025-08-01T03:47:35.113+0000] GC(148) Eden regions: 118->0(93)
[2025-08-01T03:47:35.113+0000] GC(148) Survivor regions: 25->18(18)
[2025-08-01T03:47:35.113+0000] GC(148) Old regions: 1646->1735
[2025-08-01T03:47:35.113+0000] GC(148) Humongous regions: 0->0
[2025-08-01T03:47:35.113+0000] GC(148) Metaspace: 10593K(10816K)->10593K(10816K) NonClass: 9335K(9472K)->9335K(9472K) Class: 1258K(1344K)->1258K(1344K)
[2025-08-01T03:47:35.113+0000] GC(148) Pause Young (Normal) (G1 Evacuation Pause) 3577M->3505M(4096M) 34.646ms
[2025-08-01T03:47:35.114+0000] GC(148) User=0.25s Sys=0.01s Real=0.04s
[2025-08-01T03:47:35.142+0000] GC(149) Pause Young (Normal) (G1 Evacuation Pause)
[2025-08-01T03:47:35.142+0000] GC(149) Using 8 workers of 8 for evacuation
[2025-08-01T03:47:35.176+0000] GC(149)   Pre Evacuate Collection Set: 0.7ms
[2025-08-01T03:47:35.176+0000] GC(149)   Merge Heap Roots: 0.2ms
[2025-08-01T03:47:35.176+0000] GC(149)   Evacuate Collection Set: 32.7ms
[2025-08-01T03:47:35.176+0000] GC(149)   Post Evacuate Collection Set: 0.9ms
[2025-08-01T03:47:35.176+0000] GC(149)   Other: 0.1ms
[2025-08-01T03:47:35.176+0000] GC(149) Eden regions: 93->0(88)
[2025-08-01T03:47:35.176+0000] GC(149) Survivor regions: 18->14(14)
[2025-08-01T03:47:35.177+0000] GC(149) Old regions: 1735->1833
[2025-08-01T03:47:35.177+0000] GC(149) Humongous regions: 0->0
[2025-08-01T03:47:35.177+0000] GC(149) Metaspace: 10593K(10816K)->10593K(10816K) NonClass: 9335K(9472K)->9335K(9472K) Class: 1258K(1344K)->1258K(1344K)
[2025-08-01T03:47:35.177+0000] GC(149) Pause Young (Normal) (G1 Evacuation Pause) 3691M->3693M(4096M) 34.991ms
[2025-08-01T03:47:35.177+0000] GC(149) User=0.26s Sys=0.00s Real=0.04s
[2025-08-01T03:47:35.198+0000] GC(150) Pause Young (Normal) (G1 Evacuation Pause)
[2025-08-01T03:47:35.198+0000] GC(150) Using 8 workers of 8 for evacuation
[2025-08-01T03:47:35.230+0000] GC(150)   Pre Evacuate Collection Set: 0.5ms
[2025-08-01T03:47:35.230+0000] GC(150)   Merge Heap Roots: 0.1ms
[2025-08-01T03:47:35.230+0000] GC(150)   Evacuate Collection Set: 29.8ms
[2025-08-01T03:47:35.230+0000] GC(150)   Post Evacuate Collection Set: 0.9ms
[2025-08-01T03:47:35.230+0000] GC(150)   Other: 0.1ms
[2025-08-01T03:47:35.230+0000] GC(150) Eden regions: 88->0(89)
[2025-08-01T03:47:35.230+0000] GC(150) Survivor regions: 14->13(13)
[2025-08-01T03:47:35.230+0000] GC(150) Old regions: 1833->1924
[2025-08-01T03:47:35.230+0000] GC(150) Humongous regions: 0->0
[2025-08-01T03:47:35.230+0000] GC(150) Metaspace: 10593K(10816K)->10593K(10816K) NonClass: 9335K(9472K)->9335K(9472K) Class: 1258K(1344K)->1258K(1344K)
[2025-08-01T03:47:35.230+0000] GC(150) Pause Young (Normal) (G1 Evacuation Pause) 3869M->3872M(4096M) 31.643ms
[2025-08-01T03:47:35.230+0000] GC(150) User=0.24s Sys=0.00s Real=0.03s
[2025-08-01T03:47:35.236+0000] GC(146) Concurrent Mark From Roots 270.349ms
[2025-08-01T03:47:35.236+0000] GC(146) Concurrent Preclean
[2025-08-01T03:47:35.236+0000] GC(146) Concurrent Preclean 0.051ms
[2025-08-01T03:47:35.237+0000] GC(146) Pause Remark
[2025-08-01T03:47:35.239+0000] GC(146) Pause Remark 3916M->2032M(4096M) 2.641ms
[2025-08-01T03:47:35.239+0000] GC(146) User=0.01s Sys=0.00s Real=0.00s
[2025-08-01T03:47:35.239+0000] GC(146) Concurrent Mark 273.570ms
[2025-08-01T03:47:35.239+0000] GC(146) Concurrent Rebuild Remembered Sets and Scrub Regions
[2025-08-01T03:47:35.256+0000] GC(151) Pause Young (Normal) (G1 Evacuation Pause)
[2025-08-01T03:47:35.256+0000] GC(151) Using 8 workers of 8 for evacuation
[2025-08-01T03:47:35.286+0000] GC(151)   Pre Evacuate Collection Set: 0.7ms
[2025-08-01T03:47:35.286+0000] GC(151)   Merge Heap Roots: 0.3ms
[2025-08-01T03:47:35.286+0000] GC(151)   Evacuate Collection Set: 26.5ms
[2025-08-01T03:47:35.286+0000] GC(151)   Post Evacuate Collection Set: 2.3ms
[2025-08-01T03:47:35.286+0000] GC(151)   Other: 0.1ms
[2025-08-01T03:47:35.286+0000] GC(151) Eden regions: 89->0(321)
[2025-08-01T03:47:35.286+0000] GC(151) Survivor regions: 13->13(13)
[2025-08-01T03:47:35.287+0000] GC(151) Old regions: 982->1061
[2025-08-01T03:47:35.287+0000] GC(151) Humongous regions: 0->0
[2025-08-01T03:47:35.287+0000] GC(151) Metaspace: 10593K(10816K)->10593K(10816K) NonClass: 9335K(9472K)->9335K(9472K) Class: 1258K(1344K)->1258K(1344K)
[2025-08-01T03:47:35.287+0000] GC(151) Pause Young (Normal) (G1 Evacuation Pause) 2166M->2147M(4096M) 30.251ms
[2025-08-01T03:47:35.287+0000] GC(151) User=0.22s Sys=0.00s Real=0.03s
[2025-08-01T03:47:35.438+0000] GC(152) Pause Young (Normal) (G1 Evacuation Pause)
[2025-08-01T03:47:35.438+0000] GC(152) Using 8 workers of 8 for evacuation
[2025-08-01T03:47:35.531+0000] GC(152)   Pre Evacuate Collection Set: 1.1ms
[2025-08-01T03:47:35.531+0000] GC(152)   Merge Heap Roots: 0.2ms
[2025-08-01T03:47:35.531+0000] GC(152)   Evacuate Collection Set: 89.7ms
[2025-08-01T03:47:35.531+0000] GC(152)   Post Evacuate Collection Set: 1.2ms
[2025-08-01T03:47:35.531+0000] GC(152)   Other: 0.1ms
[2025-08-01T03:47:35.531+0000] GC(152) Eden regions: 321->0(233)
[2025-08-01T03:47:35.531+0000] GC(152) Survivor regions: 13->42(42)
[2025-08-01T03:47:35.531+0000] GC(152) Old regions: 1061->1301
[2025-08-01T03:47:35.531+0000] GC(152) Humongous regions: 0->0
[2025-08-01T03:47:35.531+0000] GC(152) Metaspace: 10593K(10816K)->10593K(10816K) NonClass: 9335K(9472K)->9335K(9472K) Class: 1258K(1344K)->1258K(1344K)
[2025-08-01T03:47:35.531+0000] GC(152) Pause Young (Normal) (G1 Evacuation Pause) 2789M->2685M(4096M) 92.740ms
[2025-08-01T03:47:35.531+0000] GC(152) User=0.72s Sys=0.00s Real=0.09s
[2025-08-01T03:47:35.587+0000] GC(146) Concurrent Rebuild Remembered Sets and Scrub Regions 347.241ms
[2025-08-01T03:47:35.587+0000] GC(146) Pause Cleanup
[2025-08-01T03:47:35.588+0000] GC(146) Pause Cleanup 2967M->2967M(4096M) 1.271ms
[2025-08-01T03:47:35.588+0000] GC(146) User=0.01s Sys=0.00s Real=0.00s
[2025-08-01T03:47:35.589+0000] GC(146) Concurrent Clear Claimed Marks
[2025-08-01T03:47:35.589+0000] GC(146) Concurrent Clear Claimed Marks 0.031ms
[2025-08-01T03:47:35.589+0000] GC(146) Concurrent Cleanup for Next Mark
[2025-08-01T03:47:35.597+0000] GC(146) Concurrent Cleanup for Next Mark 8.128ms
[2025-08-01T03:47:35.597+0000] GC(146) Concurrent Mark Cycle 680.260ms
[2025-08-01T03:47:35.621+0000] GC(153) Pause Young (Prepare Mixed) (G1 Evacuation Pause)
[2025-08-01T03:47:35.621+0000] GC(153) Using 8 workers of 8 for evacuation
[2025-08-01T03:47:35.709+0000] GC(153)   Pre Evacuate Collection Set: 0.6ms
[2025-08-01T03:47:35.709+0000] GC(153)   Merge Heap Roots: 0.6ms
[2025-08-01T03:47:35.709+0000] GC(153)   Evacuate Collection Set: 85.9ms
[2025-08-01T03:47:35.709+0000] GC(153)   Post Evacuate Collection Set: 1.2ms
[2025-08-01T03:47:35.709+0000] GC(153)   Other: 0.1ms
[2025-08-01T03:47:35.709+0000] GC(153) Eden regions: 233->0(165)
[2025-08-01T03:47:35.709+0000] GC(153) Survivor regions: 42->35(35)
[2025-08-01T03:47:35.710+0000] GC(153) Old regions: 1301->1498
[2025-08-01T03:47:35.710+0000] GC(153) Humongous regions: 0->0
[2025-08-01T03:47:35.710+0000] GC(153) Metaspace: 10593K(10816K)->10593K(10816K) NonClass: 9335K(9472K)->9335K(9472K) Class: 1258K(1344K)->1258K(1344K)
[2025-08-01T03:47:35.710+0000] GC(153) Pause Young (Prepare Mixed) (G1 Evacuation Pause) 3151M->3064M(4096M) 88.845ms
[2025-08-01T03:47:35.710+0000] GC(153) User=0.66s Sys=0.02s Real=0.09s
[2025-08-01T03:47:35.788+0000] GC(154) Pause Young (Mixed) (G1 Evacuation Pause)
[2025-08-01T03:47:35.789+0000] GC(154) Using 8 workers of 8 for evacuation
[2025-08-01T03:47:35.856+0000] GC(154)   Pre Evacuate Collection Set: 0.8ms
[2025-08-01T03:47:35.856+0000] GC(154)   Merge Heap Roots: 0.2ms
[2025-08-01T03:47:35.856+0000] GC(154)   Evacuate Collection Set: 65.4ms
[2025-08-01T03:47:35.856+0000] GC(154)   Post Evacuate Collection Set: 1.0ms
[2025-08-01T03:47:35.856+0000] GC(154)   Other: 0.2ms
[2025-08-01T03:47:35.856+0000] GC(154) Eden regions: 165->0(134)
[2025-08-01T03:47:35.856+0000] GC(154) Survivor regions: 35->25(25)
[2025-08-01T03:47:35.856+0000] GC(154) Old regions: 1498->1601
[2025-08-01T03:47:35.856+0000] GC(154) Humongous regions: 0->0
[2025-08-01T03:47:35.856+0000] GC(154) Metaspace: 10593K(10816K)->10593K(10816K) NonClass: 9335K(9472K)->9335K(9472K) Class: 1258K(1344K)->1258K(1344K)
[2025-08-01T03:47:35.856+0000] GC(154) Pause Young (Mixed) (G1 Evacuation Pause) 3394M->3251M(4096M) 67.872ms
[2025-08-01T03:47:35.856+0000] GC(154) User=0.48s Sys=0.02s Real=0.07s
[2025-08-01T03:47:35.883+0000] GC(155) Pause Young (Concurrent Start) (G1 Evacuation Pause)
[2025-08-01T03:47:35.883+0000] GC(155) Using 8 workers of 8 for evacuation
[2025-08-01T03:47:35.953+0000] GC(155)   Pre Evacuate Collection Set: 1.0ms
[2025-08-01T03:47:35.953+0000] GC(155)   Merge Heap Roots: 0.2ms
[2025-08-01T03:47:35.953+0000] GC(155)   Evacuate Collection Set: 67.6ms
[2025-08-01T03:47:35.953+0000] GC(155)   Post Evacuate Collection Set: 0.9ms
[2025-08-01T03:47:35.953+0000] GC(155)   Other: 0.2ms
[2025-08-01T03:47:35.953+0000] GC(155) Eden regions: 134->0(88)
[2025-08-01T03:47:35.953+0000] GC(155) Survivor regions: 25->20(20)
[2025-08-01T03:47:35.953+0000] GC(155) Old regions: 1601->1742
[2025-08-01T03:47:35.953+0000] GC(155) Humongous regions: 0->0
[2025-08-01T03:47:35.953+0000] GC(155) Metaspace: 10593K(10816K)->10593K(10816K) NonClass: 9335K(9472K)->9335K(9472K) Class: 1258K(1344K)->1258K(1344K)
[2025-08-01T03:47:35.953+0000] GC(155) Pause Young (Concurrent Start) (G1 Evacuation Pause) 3519M->3522M(4096M) 70.094ms
[2025-08-01T03:47:35.953+0000] GC(155) User=0.50s Sys=0.04s Real=0.08s
[2025-08-01T03:47:35.953+0000] GC(156) Concurrent Mark Cycle
[2025-08-01T03:47:35.953+0000] GC(156) Concurrent Scan Root Regions
[2025-08-01T03:47:35.983+0000] GC(156) Concurrent Scan Root Regions 30.060ms
[2025-08-01T03:47:35.983+0000] GC(156) Concurrent Mark
[2025-08-01T03:47:35.983+0000] GC(156) Concurrent Mark From Roots
[2025-08-01T03:47:35.983+0000] GC(156) Using 2 workers of 2 for marking
[2025-08-01T03:47:36.014+0000] GC(157) Pause Young (Normal) (G1 Evacuation Pause)
[2025-08-01T03:47:36.014+0000] GC(157) Using 8 workers of 8 for evacuation
[2025-08-01T03:47:36.056+0000] GC(157)   Pre Evacuate Collection Set: 0.6ms
[2025-08-01T03:47:36.056+0000] GC(157)   Merge Heap Roots: 0.1ms
[2025-08-01T03:47:36.056+0000] GC(157)   Evacuate Collection Set: 40.2ms
[2025-08-01T03:47:36.056+0000] GC(157)   Post Evacuate Collection Set: 0.8ms
[2025-08-01T03:47:36.056+0000] GC(157)   Other: 0.1ms
[2025-08-01T03:47:36.056+0000] GC(157) Eden regions: 88->0(88)
[2025-08-01T03:47:36.056+0000] GC(157) Survivor regions: 20->14(14)
[2025-08-01T03:47:36.056+0000] GC(157) Old regions: 1742->1831
[2025-08-01T03:47:36.056+0000] GC(157) Humongous regions: 0->0
[2025-08-01T03:47:36.056+0000] GC(157) Metaspace: 10593K(10816K)->10593K(10816K) NonClass: 9335K(9472K)->9335K(9472K) Class: 1258K(1344K)->1258K(1344K)
[2025-08-01T03:47:36.056+0000] GC(157) Pause Young (Normal) (G1 Evacuation Pause) 3698M->3689M(4096M) 42.189ms
[2025-08-01T03:47:36.056+0000] GC(157) User=0.28s Sys=0.02s Real=0.04s
[2025-08-01T03:47:36.079+0000] GC(158) Pause Young (Normal) (G1 Evacuation Pause)
[2025-08-01T03:47:36.079+0000] GC(158) Using 8 workers of 8 for evacuation
[2025-08-01T03:47:36.119+0000] GC(158)   Pre Evacuate Collection Set: 0.8ms
[2025-08-01T03:47:36.119+0000] GC(158)   Merge Heap Roots: 0.2ms
[2025-08-01T03:47:36.119+0000] GC(158)   Evacuate Collection Set: 37.7ms
[2025-08-01T03:47:36.119+0000] GC(158)   Post Evacuate Collection Set: 0.9ms
[2025-08-01T03:47:36.119+0000] GC(158)   Other: 0.1ms
[2025-08-01T03:47:36.119+0000] GC(158) Eden regions: 88->0(89)
[2025-08-01T03:47:36.119+0000] GC(158) Survivor regions: 14->13(13)
[2025-08-01T03:47:36.119+0000] GC(158) Old regions: 1831->1922
[2025-08-01T03:47:36.119+0000] GC(158) Humongous regions: 0->0
[2025-08-01T03:47:36.119+0000] GC(158) Metaspace: 10593K(10816K)->10593K(10816K) NonClass: 9335K(9472K)->9335K(9472K) Class: 1258K(1344K)->1258K(1344K)
[2025-08-01T03:47:36.119+0000] GC(158) Pause Young (Normal) (G1 Evacuation Pause) 3865M->3869M(4096M) 40.185ms
[2025-08-01T03:47:36.119+0000] GC(158) User=0.29s Sys=0.01s Real=0.04s
[2025-08-01T03:47:36.187+0000] GC(159) Pause Young (Normal) (G1 Evacuation Pause)
[2025-08-01T03:47:36.187+0000] GC(159) Using 8 workers of 8 for evacuation
[2025-08-01T03:47:36.207+0000] GC(159)   Pre Evacuate Collection Set: 0.3ms
[2025-08-01T03:47:36.207+0000] GC(159)   Merge Heap Roots: 0.1ms
[2025-08-01T03:47:36.207+0000] GC(159)   Evacuate Collection Set: 12.8ms
[2025-08-01T03:47:36.207+0000] GC(159)   Post Evacuate Collection Set: 6.4ms
[2025-08-01T03:47:36.207+0000] GC(159)   Other: 0.1ms
[2025-08-01T03:47:36.207+0000] GC(159) Eden regions: 89->0(0)
[2025-08-01T03:47:36.207+0000] GC(159) Survivor regions: 13->13(13)
[2025-08-01T03:47:36.207+0000] GC(159) Old regions: 1922->2028
[2025-08-01T03:47:36.207+0000] GC(159) Humongous regions: 0->0
[2025-08-01T03:47:36.207+0000] GC(159) Metaspace: 10593K(10816K)->10593K(10816K) NonClass: 9335K(9472K)->9335K(9472K) Class: 1258K(1344K)->1258K(1344K)
[2025-08-01T03:47:36.207+0000] GC(159) Pause Young (Normal) (G1 Evacuation Pause) (Evacuation Failure) 4047M->4081M(4096M) 20.049ms
[2025-08-01T03:47:36.207+0000] GC(159) User=0.14s Sys=0.00s Real=0.02s
[2025-08-01T03:47:36.207+0000] Attempting full compaction
[2025-08-01T03:47:36.207+0000] GC(160) Pause Full (G1 Compaction Pause)
[2025-08-01T03:47:36.207+0000] GC(160) Using 8 workers of 8 for full compaction
[2025-08-01T03:47:36.212+0000] GC(160) Phase 1: Mark live objects
[2025-08-01T03:47:36.243+0000] GC(160) Phase 1: Mark live objects 30.526ms
[2025-08-01T03:47:36.243+0000] GC(160) Phase 2: Prepare compaction
[2025-08-01T03:47:36.258+0000] GC(160) Phase 2: Prepare compaction 15.465ms
[2025-08-01T03:47:36.258+0000] GC(160) Phase 3: Adjust pointers
[2025-08-01T03:47:36.287+0000] GC(160) Phase 3: Adjust pointers 28.275ms
[2025-08-01T03:47:36.287+0000] GC(160) Phase 4: Compact heap
[2025-08-01T03:47:36.343+0000] GC(160) Phase 4: Compact heap 56.094ms
[2025-08-01T03:47:36.343+0000] GC(160) Phase 5: Reset Metadata
[2025-08-01T03:47:36.362+0000] GC(160) Phase 5: Reset Metadata 19.411ms
[2025-08-01T03:47:36.370+0000] GC(160) Eden regions: 0->0(563)
[2025-08-01T03:47:36.370+0000] GC(160) Survivor regions: 13->0(13)
[2025-08-01T03:47:36.370+0000] GC(160) Old regions: 2028->349
[2025-08-01T03:47:36.370+0000] GC(160) Humongous regions: 0->0
[2025-08-01T03:47:36.370+0000] GC(160) Metaspace: 10593K(10816K)->10593K(10816K) NonClass: 9335K(9472K)->9335K(9472K) Class: 1258K(1344K)->1258K(1344K)
[2025-08-01T03:47:36.371+0000] GC(160) Pause Full (G1 Compaction Pause) 4081M->690M(4096M) 163.570ms
[2025-08-01T03:47:36.371+0000] GC(160) User=1.18s Sys=0.01s Real=0.16s
[2025-08-01T03:47:36.371+0000] GC(156) Concurrent Mark From Roots 387.762ms
[2025-08-01T03:47:36.371+0000] GC(156) Concurrent Mark Abort
[2025-08-01T03:47:36.371+0000] GC(156) Concurrent Mark Cycle 417.977ms
[2025-08-01T03:47:36.634+0000] GC(161) Pause Young (Normal) (G1 Evacuation Pause)
[2025-08-01T03:47:36.634+0000] GC(161) Using 8 workers of 8 for evacuation
[2025-08-01T03:47:36.789+0000] GC(161)   Pre Evacuate Collection Set: 0.8ms
[2025-08-01T03:47:36.789+0000] GC(161)   Merge Heap Roots: 0.6ms
[2025-08-01T03:47:36.789+0000] GC(161)   Evacuate Collection Set: 152.2ms
[2025-08-01T03:47:36.789+0000] GC(161)   Post Evacuate Collection Set: 1.4ms
[2025-08-01T03:47:36.789+0000] GC(161)   Other: 0.2ms
[2025-08-01T03:47:36.789+0000] GC(161) Eden regions: 563->0(441)
[2025-08-01T03:47:36.789+0000] GC(161) Survivor regions: 0->71(71)
[2025-08-01T03:47:36.789+0000] GC(161) Old regions: 349->667
[2025-08-01T03:47:36.789+0000] GC(161) Humongous regions: 0->0
[2025-08-01T03:47:36.789+0000] GC(161) Metaspace: 10593K(10816K)->10593K(10816K) NonClass: 9335K(9472K)->9335K(9472K) Class: 1258K(1344K)->1258K(1344K)
[2025-08-01T03:47:36.789+0000] GC(161) Pause Young (Normal) (G1 Evacuation Pause) 1816M->1467M(4096M) 155.487ms
[2025-08-01T03:47:36.789+0000] GC(161) User=1.18s Sys=0.02s Real=0.15s
[2025-08-01T03:47:36.978+0000] GC(162) Pause Young (Concurrent Start) (G1 Evacuation Pause)
[2025-08-01T03:47:36.978+0000] GC(162) Using 8 workers of 8 for evacuation
[2025-08-01T03:47:37.197+0000] GC(162) MMU target violated: 201.0ms (200.0ms/201.0ms)
[2025-08-01T03:47:37.197+0000] GC(162)   Pre Evacuate Collection Set: 1.9ms
[2025-08-01T03:47:37.197+0000] GC(162)   Merge Heap Roots: 0.4ms
[2025-08-01T03:47:37.197+0000] GC(162)   Evacuate Collection Set: 215.0ms
[2025-08-01T03:47:37.197+0000] GC(162)   Post Evacuate Collection Set: 1.3ms
[2025-08-01T03:47:37.197+0000] GC(162)   Other: 0.3ms
[2025-08-01T03:47:37.197+0000] GC(162) Eden regions: 441->0(335)
[2025-08-01T03:47:37.197+0000] GC(162) Survivor regions: 71->64(64)
[2025-08-01T03:47:37.197+0000] GC(162) Old regions: 667->970
[2025-08-01T03:47:37.197+0000] GC(162) Humongous regions: 0->0
[2025-08-01T03:47:37.197+0000] GC(162) Metaspace: 10593K(10816K)->10593K(10816K) NonClass: 9335K(9472K)->9335K(9472K) Class: 1258K(1344K)->1258K(1344K)
[2025-08-01T03:47:37.197+0000] GC(162) Pause Young (Concurrent Start) (G1 Evacuation Pause) 2349M->2060M(4096M) 219.157ms
[2025-08-01T03:47:37.197+0000] GC(162) User=1.64s Sys=0.07s Real=0.22s
[2025-08-01T03:47:37.197+0000] GC(163) Concurrent Mark Cycle
[2025-08-01T03:47:37.197+0000] GC(163) Concurrent Scan Root Regions
[2025-08-01T03:47:37.258+0000] GC(163) Concurrent Scan Root Regions 60.912ms
[2025-08-01T03:47:37.258+0000] GC(163) Concurrent Mark
[2025-08-01T03:47:37.258+0000] GC(163) Concurrent Mark From Roots
[2025-08-01T03:47:37.258+0000] GC(163) Using 2 workers of 2 for marking
[2025-08-01T03:47:37.301+0000] GC(163) Concurrent Mark From Roots 43.006ms
[2025-08-01T03:47:37.301+0000] GC(163) Concurrent Preclean
[2025-08-01T03:47:37.301+0000] GC(163) Concurrent Preclean 0.026ms
[2025-08-01T03:47:37.301+0000] GC(163) Pause Remark
[2025-08-01T03:47:37.306+0000] GC(163) Pause Remark 2542M->1569M(4096M) 4.796ms
[2025-08-01T03:47:37.306+0000] GC(163) User=0.02s Sys=0.01s Real=0.01s
[2025-08-01T03:47:37.306+0000] GC(163) Concurrent Mark 48.182ms
[2025-08-01T03:47:37.306+0000] GC(163) Concurrent Rebuild Remembered Sets and Scrub Regions
[2025-08-01T03:47:37.356+0000] GC(164) Pause Young (Normal) (G1 Evacuation Pause)
[2025-08-01T03:47:37.356+0000] GC(164) Using 8 workers of 8 for evacuation
[2025-08-01T03:47:37.484+0000] GC(164)   Pre Evacuate Collection Set: 0.6ms
[2025-08-01T03:47:37.484+0000] GC(164)   Merge Heap Roots: 0.5ms
[2025-08-01T03:47:37.484+0000] GC(164)   Evacuate Collection Set: 125.6ms
[2025-08-01T03:47:37.484+0000] GC(164)   Post Evacuate Collection Set: 1.4ms
[2025-08-01T03:47:37.484+0000] GC(164)   Other: 0.2ms
[2025-08-01T03:47:37.484+0000] GC(164) Eden regions: 335->0(394)
[2025-08-01T03:47:37.484+0000] GC(164) Survivor regions: 64->50(50)
[2025-08-01T03:47:37.484+0000] GC(164) Old regions: 480->797
[2025-08-01T03:47:37.484+0000] GC(164) Humongous regions: 0->0
[2025-08-01T03:47:37.484+0000] GC(164) Metaspace: 10593K(10816K)->10593K(10816K) NonClass: 9335K(9472K)->9335K(9472K) Class: 1258K(1344K)->1258K(1344K)
[2025-08-01T03:47:37.484+0000] GC(164) Pause Young (Normal) (G1 Evacuation Pause) 1757M->1692M(4096M) 128.581ms
[2025-08-01T03:47:37.484+0000] GC(164) User=1.00s Sys=0.01s Real=0.13s
[2025-08-01T03:47:37.535+0000] GC(163) Concurrent Rebuild Remembered Sets and Scrub Regions 228.272ms
[2025-08-01T03:47:37.535+0000] GC(163) Pause Cleanup
[2025-08-01T03:47:37.536+0000] GC(163) Pause Cleanup 1865M->1865M(4096M) 0.682ms
[2025-08-01T03:47:37.536+0000] GC(163) User=0.00s Sys=0.00s Real=0.00s
[2025-08-01T03:47:37.536+0000] GC(163) Concurrent Clear Claimed Marks
[2025-08-01T03:47:37.536+0000] GC(163) Concurrent Clear Claimed Marks 0.045ms
[2025-08-01T03:47:37.536+0000] GC(163) Concurrent Cleanup for Next Mark
[2025-08-01T03:47:37.544+0000] GC(163) Concurrent Cleanup for Next Mark 8.463ms
[2025-08-01T03:47:37.544+0000] GC(163) Concurrent Mark Cycle 347.279ms
[2025-08-01T03:47:37.661+0000] GC(165) Pause Young (Prepare Mixed) (G1 Evacuation Pause)
[2025-08-01T03:47:37.661+0000] GC(165) Using 8 workers of 8 for evacuation
[2025-08-01T03:47:37.804+0000] GC(165)   Pre Evacuate Collection Set: 0.9ms
[2025-08-01T03:47:37.804+0000] GC(165)   Merge Heap Roots: 0.3ms
[2025-08-01T03:47:37.804+0000] GC(165)   Evacuate Collection Set: 140.2ms
[2025-08-01T03:47:37.804+0000] GC(165)   Post Evacuate Collection Set: 1.4ms
[2025-08-01T03:47:37.804+0000] GC(165)   Other: 0.1ms
[2025-08-01T03:47:37.804+0000] GC(165) Eden regions: 394->0(299)
[2025-08-01T03:47:37.804+0000] GC(165) Survivor regions: 50->56(56)
[2025-08-01T03:47:37.804+0000] GC(165) Old regions: 797->1064
[2025-08-01T03:47:37.804+0000] GC(165) Humongous regions: 0->0
[2025-08-01T03:47:37.804+0000] GC(165) Metaspace: 10593K(10816K)->10593K(10816K) NonClass: 9335K(9472K)->9335K(9472K) Class: 1258K(1344K)->1258K(1344K)
[2025-08-01T03:47:37.805+0000] GC(165) Pause Young (Prepare Mixed) (G1 Evacuation Pause) 2480M->2239M(4096M) 143.180ms
[2025-08-01T03:47:37.805+0000] GC(165) User=1.06s Sys=0.05s Real=0.15s
[2025-08-01T03:47:37.958+0000] GC(166) Pause Young (Mixed) (G1 Evacuation Pause)
[2025-08-01T03:47:37.958+0000] GC(166) Using 8 workers of 8 for evacuation
[2025-08-01T03:47:38.122+0000] GC(166)   Pre Evacuate Collection Set: 1.3ms
[2025-08-01T03:47:38.122+0000] GC(166)   Merge Heap Roots: 0.3ms
[2025-08-01T03:47:38.122+0000] GC(166)   Evacuate Collection Set: 160.6ms
[2025-08-01T03:47:38.122+0000] GC(166)   Post Evacuate Collection Set: 1.8ms
[2025-08-01T03:47:38.122+0000] GC(166)   Other: 0.2ms
[2025-08-01T03:47:38.122+0000] GC(166) Eden regions: 299->0(245)
[2025-08-01T03:47:38.122+0000] GC(166) Survivor regions: 56->45(45)
[2025-08-01T03:47:38.122+0000] GC(166) Old regions: 1064->1243
[2025-08-01T03:47:38.122+0000] GC(166) Humongous regions: 0->0
[2025-08-01T03:47:38.122+0000] GC(166) Metaspace: 10593K(10816K)->10593K(10816K) NonClass: 9335K(9472K)->9335K(9472K) Class: 1258K(1344K)->1258K(1344K)
[2025-08-01T03:47:38.122+0000] GC(166) Pause Young (Mixed) (G1 Evacuation Pause) 2837M->2575M(4096M) 164.625ms
[2025-08-01T03:47:38.122+0000] GC(166) User=1.20s Sys=0.05s Real=0.16s
[2025-08-01T03:47:38.215+0000] GC(167) Pause Young (Concurrent Start) (G1 Evacuation Pause)
[2025-08-01T03:47:38.216+0000] GC(167) Using 8 workers of 8 for evacuation
[2025-08-01T03:47:38.320+0000] GC(167)   Pre Evacuate Collection Set: 0.8ms
[2025-08-01T03:47:38.320+0000] GC(167)   Merge Heap Roots: 0.2ms
[2025-08-01T03:47:38.320+0000] GC(167)   Evacuate Collection Set: 102.1ms
[2025-08-01T03:47:38.320+0000] GC(167)   Post Evacuate Collection Set: 1.3ms
[2025-08-01T03:47:38.320+0000] GC(167)   Other: 0.2ms
[2025-08-01T03:47:38.320+0000] GC(167) Eden regions: 245->0(161)
[2025-08-01T03:47:38.320+0000] GC(167) Survivor regions: 45->37(37)
[2025-08-01T03:47:38.320+0000] GC(167) Old regions: 1243->1498
[2025-08-01T03:47:38.320+0000] GC(167) Humongous regions: 0->0
[2025-08-01T03:47:38.320+0000] GC(167) Metaspace: 10593K(10816K)->10593K(10816K) NonClass: 9335K(9472K)->9335K(9472K) Class: 1258K(1344K)->1258K(1344K)
[2025-08-01T03:47:38.320+0000] GC(167) Pause Young (Concurrent Start) (G1 Evacuation Pause) 3065M->3068M(4096M) 104.876ms
[2025-08-01T03:47:38.320+0000] GC(167) User=0.78s Sys=0.04s Real=0.10s
[2025-08-01T03:47:38.320+0000] GC(168) Concurrent Mark Cycle
[2025-08-01T03:47:38.321+0000] GC(168) Concurrent Scan Root Regions
[2025-08-01T03:47:38.378+0000] GC(168) Concurrent Scan Root Regions 57.503ms
[2025-08-01T03:47:38.378+0000] GC(168) Concurrent Mark
[2025-08-01T03:47:38.378+0000] GC(168) Concurrent Mark From Roots
[2025-08-01T03:47:38.378+0000] GC(168) Using 2 workers of 2 for marking
[2025-08-01T03:47:38.403+0000] GC(169) Pause Young (Normal) (G1 Evacuation Pause)
[2025-08-01T03:47:38.403+0000] GC(169) Using 8 workers of 8 for evacuation
[2025-08-01T03:47:38.465+0000] GC(169)   Pre Evacuate Collection Set: 0.9ms
[2025-08-01T03:47:38.465+0000] GC(169)   Merge Heap Roots: 0.2ms
[2025-08-01T03:47:38.465+0000] GC(169)   Evacuate Collection Set: 59.0ms
[2025-08-01T03:47:38.465+0000] GC(169)   Post Evacuate Collection Set: 0.9ms
[2025-08-01T03:47:38.465+0000] GC(169)   Other: 0.1ms
[2025-08-01T03:47:38.465+0000] GC(169) Eden regions: 161->0(114)
[2025-08-01T03:47:38.465+0000] GC(169) Survivor regions: 37->25(25)
[2025-08-01T03:47:38.465+0000] GC(169) Old regions: 1498->1654
[2025-08-01T03:47:38.465+0000] GC(169) Humongous regions: 0->0
[2025-08-01T03:47:38.465+0000] GC(169) Metaspace: 10593K(10816K)->10593K(10816K) NonClass: 9335K(9472K)->9335K(9472K) Class: 1258K(1344K)->1258K(1344K)
[2025-08-01T03:47:38.465+0000] GC(169) Pause Young (Normal) (G1 Evacuation Pause) 3390M->3356M(4096M) 61.503ms
[2025-08-01T03:47:38.465+0000] GC(169) User=0.47s Sys=0.01s Real=0.06s
[2025-08-01T03:47:38.536+0000] GC(170) Pause Young (Normal) (G1 Evacuation Pause)
[2025-08-01T03:47:38.536+0000] GC(170) Using 8 workers of 8 for evacuation
[2025-08-01T03:47:38.574+0000] GC(170)   Pre Evacuate Collection Set: 0.8ms
[2025-08-01T03:47:38.574+0000] GC(170)   Merge Heap Roots: 0.2ms
[2025-08-01T03:47:38.574+0000] GC(170)   Evacuate Collection Set: 36.1ms
[2025-08-01T03:47:38.574+0000] GC(170)   Post Evacuate Collection Set: 1.1ms
[2025-08-01T03:47:38.574+0000] GC(170)   Other: 0.1ms
[2025-08-01T03:47:38.574+0000] GC(170) Eden regions: 114->0(85)
[2025-08-01T03:47:38.574+0000] GC(170) Survivor regions: 25->18(18)
[2025-08-01T03:47:38.574+0000] GC(170) Old regions: 1654->1757
[2025-08-01T03:47:38.574+0000] GC(170) Humongous regions: 0->0
[2025-08-01T03:47:38.574+0000] GC(170) Metaspace: 10593K(10816K)->10593K(10816K) NonClass: 9335K(9472K)->9335K(9472K) Class: 1258K(1344K)->1258K(1344K)
[2025-08-01T03:47:38.574+0000] GC(170) Pause Young (Normal) (G1 Evacuation Pause) 3584M->3549M(4096M) 38.539ms
[2025-08-01T03:47:38.574+0000] GC(170) User=0.28s Sys=0.00s Real=0.04s
[2025-08-01T03:47:38.590+0000] GC(171) Pause Young (Normal) (G1 Evacuation Pause)
[2025-08-01T03:47:38.590+0000] GC(171) Using 8 workers of 8 for evacuation
[2025-08-01T03:47:38.622+0000] GC(171)   Pre Evacuate Collection Set: 0.6ms
[2025-08-01T03:47:38.622+0000] GC(171)   Merge Heap Roots: 0.1ms
[2025-08-01T03:47:38.622+0000] GC(171)   Evacuate Collection Set: 30.3ms
[2025-08-01T03:47:38.622+0000] GC(171)   Post Evacuate Collection Set: 0.8ms
[2025-08-01T03:47:38.622+0000] GC(171)   Other: 0.1ms
[2025-08-01T03:47:38.622+0000] GC(171) Eden regions: 85->0(89)
[2025-08-01T03:47:38.622+0000] GC(171) Survivor regions: 18->13(13)
[2025-08-01T03:47:38.622+0000] GC(171) Old regions: 1757->1849
[2025-08-01T03:47:38.622+0000] GC(171) Humongous regions: 0->0
[2025-08-01T03:47:38.622+0000] GC(171) Metaspace: 10593K(10816K)->10593K(10816K) NonClass: 9335K(9472K)->9335K(9472K) Class: 1258K(1344K)->1258K(1344K)
[2025-08-01T03:47:38.622+0000] GC(171) Pause Young (Normal) (G1 Evacuation Pause) 3719M->3722M(4096M) 32.276ms
[2025-08-01T03:47:38.622+0000] GC(171) User=0.24s Sys=0.00s Real=0.03s
[2025-08-01T03:47:38.637+0000] GC(168) Concurrent Mark From Roots 259.237ms
[2025-08-01T03:47:38.637+0000] GC(168) Concurrent Preclean
[2025-08-01T03:47:38.637+0000] GC(168) Concurrent Preclean 0.026ms
[2025-08-01T03:47:38.638+0000] GC(168) Pause Remark
[2025-08-01T03:47:38.640+0000] GC(168) Pause Remark 3828M->2106M(4096M) 2.561ms
[2025-08-01T03:47:38.640+0000] GC(168) User=0.00s Sys=0.00s Real=0.00s
[2025-08-01T03:47:38.640+0000] GC(168) Concurrent Mark 262.173ms
[2025-08-01T03:47:38.640+0000] GC(168) Concurrent Rebuild Remembered Sets and Scrub Regions
[2025-08-01T03:47:38.687+0000] GC(172) Pause Young (Normal) (G1 Evacuation Pause)
[2025-08-01T03:47:38.687+0000] GC(172) Using 8 workers of 8 for evacuation
[2025-08-01T03:47:38.719+0000] GC(172)   Pre Evacuate Collection Set: 0.7ms
[2025-08-01T03:47:38.719+0000] GC(172)   Merge Heap Roots: 0.2ms
[2025-08-01T03:47:38.719+0000] GC(172)   Evacuate Collection Set: 30.0ms
[2025-08-01T03:47:38.719+0000] GC(172)   Post Evacuate Collection Set: 0.8ms
[2025-08-01T03:47:38.719+0000] GC(172)   Other: 0.1ms
[2025-08-01T03:47:38.719+0000] GC(172) Eden regions: 89->0(309)
[2025-08-01T03:47:38.719+0000] GC(172) Survivor regions: 13->13(13)
[2025-08-01T03:47:38.719+0000] GC(172) Old regions: 988->1069
[2025-08-01T03:47:38.719+0000] GC(172) Humongous regions: 0->0
[2025-08-01T03:47:38.719+0000] GC(172) Metaspace: 10593K(10816K)->10593K(10816K) NonClass: 9335K(9472K)->9335K(9472K) Class: 1258K(1344K)->1258K(1344K)
[2025-08-01T03:47:38.719+0000] GC(172) Pause Young (Normal) (G1 Evacuation Pause) 2178M->2162M(4096M) 32.248ms
[2025-08-01T03:47:38.719+0000] GC(172) User=0.24s Sys=0.00s Real=0.03s
[2025-08-01T03:47:38.825+0000] GC(173) Pause Young (Normal) (G1 Evacuation Pause)
[2025-08-01T03:47:38.826+0000] GC(173) Using 8 workers of 8 for evacuation
[2025-08-01T03:47:38.918+0000] GC(173)   Pre Evacuate Collection Set: 1.0ms
[2025-08-01T03:47:38.918+0000] GC(173)   Merge Heap Roots: 0.7ms
[2025-08-01T03:47:38.918+0000] GC(173)   Evacuate Collection Set: 89.8ms
[2025-08-01T03:47:38.918+0000] GC(173)   Post Evacuate Collection Set: 1.2ms
[2025-08-01T03:47:38.918+0000] GC(173)   Other: 0.1ms
[2025-08-01T03:47:38.919+0000] GC(173) Eden regions: 309->0(222)
[2025-08-01T03:47:38.919+0000] GC(173) Survivor regions: 13->41(41)
[2025-08-01T03:47:38.919+0000] GC(173) Old regions: 1069->1309
[2025-08-01T03:47:38.919+0000] GC(173) Humongous regions: 0->0
[2025-08-01T03:47:38.919+0000] GC(173) Metaspace: 10593K(10816K)->10593K(10816K) NonClass: 9335K(9472K)->9335K(9472K) Class: 1258K(1344K)->1258K(1344K)
[2025-08-01T03:47:38.919+0000] GC(173) Pause Young (Normal) (G1 Evacuation Pause) 2780M->2699M(4096M) 93.150ms
[2025-08-01T03:47:38.919+0000] GC(173) User=0.71s Sys=0.02s Real=0.09s
[2025-08-01T03:47:38.991+0000] GC(168) Concurrent Rebuild Remembered Sets and Scrub Regions 350.751ms
[2025-08-01T03:47:38.991+0000] GC(168) Pause Cleanup
[2025-08-01T03:47:38.992+0000] GC(168) Pause Cleanup 3009M->3009M(4096M) 0.971ms
[2025-08-01T03:47:38.992+0000] GC(168) User=0.00s Sys=0.00s Real=0.00s
[2025-08-01T03:47:38.993+0000] GC(168) Concurrent Clear Claimed Marks
[2025-08-01T03:47:38.993+0000] GC(168) Concurrent Clear Claimed Marks 0.039ms
[2025-08-01T03:47:38.993+0000] GC(168) Concurrent Cleanup for Next Mark
[2025-08-01T03:47:39.006+0000] GC(168) Concurrent Cleanup for Next Mark 13.350ms
[2025-08-01T03:47:39.006+0000] GC(168) Concurrent Mark Cycle 685.530ms
[2025-08-01T03:47:39.009+0000] GC(174) Pause Young (Prepare Mixed) (G1 Evacuation Pause)
[2025-08-01T03:47:39.009+0000] GC(174) Using 8 workers of 8 for evacuation
[2025-08-01T03:47:39.092+0000] GC(174)   Pre Evacuate Collection Set: 0.6ms
[2025-08-01T03:47:39.092+0000] GC(174)   Merge Heap Roots: 0.2ms
[2025-08-01T03:47:39.092+0000] GC(174)   Evacuate Collection Set: 80.8ms
[2025-08-01T03:47:39.092+0000] GC(174)   Post Evacuate Collection Set: 1.1ms
[2025-08-01T03:47:39.092+0000] GC(174)   Other: 0.1ms
[2025-08-01T03:47:39.092+0000] GC(174) Eden regions: 222->0(164)
[2025-08-01T03:47:39.092+0000] GC(174) Survivor regions: 41->33(33)
[2025-08-01T03:47:39.092+0000] GC(174) Old regions: 1309->1489
[2025-08-01T03:47:39.092+0000] GC(174) Humongous regions: 0->0
[2025-08-01T03:47:39.092+0000] GC(174) Metaspace: 10593K(10816K)->10593K(10816K) NonClass: 9335K(9472K)->9335K(9472K) Class: 1258K(1344K)->1258K(1344K)
[2025-08-01T03:47:39.092+0000] GC(174) Pause Young (Prepare Mixed) (G1 Evacuation Pause) 3143M->3043M(4096M) 83.144ms
[2025-08-01T03:47:39.092+0000] GC(174) User=0.62s Sys=0.02s Real=0.08s
[2025-08-01T03:47:39.160+0000] GC(175) Pause Young (Mixed) (G1 Evacuation Pause)
[2025-08-01T03:47:39.160+0000] GC(175) Using 8 workers of 8 for evacuation
[2025-08-01T03:47:39.220+0000] GC(175)   Pre Evacuate Collection Set: 1.1ms
[2025-08-01T03:47:39.220+0000] GC(175)   Merge Heap Roots: 0.2ms
[2025-08-01T03:47:39.220+0000] GC(175)   Evacuate Collection Set: 54.7ms
[2025-08-01T03:47:39.220+0000] GC(175)   Post Evacuate Collection Set: 3.2ms
[2025-08-01T03:47:39.220+0000] GC(175)   Other: 0.1ms
[2025-08-01T03:47:39.220+0000] GC(175) Eden regions: 164->0(140)
[2025-08-01T03:47:39.220+0000] GC(175) Survivor regions: 33->25(25)
[2025-08-01T03:47:39.220+0000] GC(175) Old regions: 1489->1582
[2025-08-01T03:47:39.220+0000] GC(175) Humongous regions: 0->0
[2025-08-01T03:47:39.220+0000] GC(175) Metaspace: 10593K(10816K)->10593K(10816K) NonClass: 9335K(9472K)->9335K(9472K) Class: 1258K(1344K)->1258K(1344K)
[2025-08-01T03:47:39.220+0000] GC(175) Pause Young (Mixed) (G1 Evacuation Pause) 3371M->3213M(4096M) 59.662ms
[2025-08-01T03:47:39.220+0000] GC(175) User=0.43s Sys=0.01s Real=0.06s
[2025-08-01T03:47:39.244+0000] GC(176) Pause Young (Concurrent Start) (G1 Evacuation Pause)
[2025-08-01T03:47:39.244+0000] GC(176) Using 8 workers of 8 for evacuation
[2025-08-01T03:47:39.310+0000] GC(176)   Pre Evacuate Collection Set: 1.0ms
[2025-08-01T03:47:39.310+0000] GC(176)   Merge Heap Roots: 0.3ms
[2025-08-01T03:47:39.310+0000] GC(176)   Evacuate Collection Set: 63.5ms
[2025-08-01T03:47:39.310+0000] GC(176)   Post Evacuate Collection Set: 1.0ms
[2025-08-01T03:47:39.310+0000] GC(176)   Other: 0.2ms
[2025-08-01T03:47:39.310+0000] GC(176) Eden regions: 140->0(93)
[2025-08-01T03:47:39.310+0000] GC(176) Survivor regions: 25->21(21)
[2025-08-01T03:47:39.310+0000] GC(176) Old regions: 1582->1729
[2025-08-01T03:47:39.310+0000] GC(176) Humongous regions: 0->0
[2025-08-01T03:47:39.310+0000] GC(176) Metaspace: 10593K(10816K)->10593K(10816K) NonClass: 9335K(9472K)->9335K(9472K) Class: 1258K(1344K)->1258K(1344K)
[2025-08-01T03:47:39.310+0000] GC(176) Pause Young (Concurrent Start) (G1 Evacuation Pause) 3493M->3498M(4096M) 66.226ms
[2025-08-01T03:47:39.310+0000] GC(177) Concurrent Mark Cycle
[2025-08-01T03:47:39.310+0000] GC(177) Concurrent Scan Root Regions
[2025-08-01T03:47:39.310+0000] GC(176) User=0.48s Sys=0.02s Real=0.06s
[2025-08-01T03:47:39.344+0000] GC(177) Concurrent Scan Root Regions 34.024ms
[2025-08-01T03:47:39.344+0000] GC(177) Concurrent Mark
[2025-08-01T03:47:39.344+0000] GC(177) Concurrent Mark From Roots
[2025-08-01T03:47:39.344+0000] GC(177) Using 2 workers of 2 for marking
[2025-08-01T03:47:39.377+0000] GC(178) Pause Young (Normal) (G1 Evacuation Pause)
[2025-08-01T03:47:39.377+0000] GC(178) Using 8 workers of 8 for evacuation
[2025-08-01T03:47:39.417+0000] GC(178)   Pre Evacuate Collection Set: 0.7ms
[2025-08-01T03:47:39.417+0000] GC(178)   Merge Heap Roots: 0.2ms
[2025-08-01T03:47:39.417+0000] GC(178)   Evacuate Collection Set: 38.4ms
[2025-08-01T03:47:39.417+0000] GC(178)   Post Evacuate Collection Set: 0.7ms
[2025-08-01T03:47:39.417+0000] GC(178)   Other: 0.1ms
[2025-08-01T03:47:39.417+0000] GC(178) Eden regions: 93->0(87)
[2025-08-01T03:47:39.417+0000] GC(178) Survivor regions: 21->15(15)
[2025-08-01T03:47:39.417+0000] GC(178) Old regions: 1729->1818
[2025-08-01T03:47:39.417+0000] GC(178) Humongous regions: 0->0
[2025-08-01T03:47:39.417+0000] GC(178) Metaspace: 10593K(10816K)->10593K(10816K) NonClass: 9335K(9472K)->9335K(9472K) Class: 1258K(1344K)->1258K(1344K)
[2025-08-01T03:47:39.417+0000] GC(178) Pause Young (Normal) (G1 Evacuation Pause) 3684M->3665M(4096M) 40.545ms
[2025-08-01T03:47:39.417+0000] GC(178) User=0.27s Sys=0.02s Real=0.04s
[2025-08-01T03:47:39.434+0000] GC(179) Pause Young (Normal) (G1 Evacuation Pause)
[2025-08-01T03:47:39.434+0000] GC(179) Using 8 workers of 8 for evacuation
[2025-08-01T03:47:39.475+0000] GC(179)   Pre Evacuate Collection Set: 0.8ms
[2025-08-01T03:47:39.475+0000] GC(179)   Merge Heap Roots: 0.2ms
[2025-08-01T03:47:39.475+0000] GC(179)   Evacuate Collection Set: 38.8ms
[2025-08-01T03:47:39.475+0000] GC(179)   Post Evacuate Collection Set: 1.0ms
[2025-08-01T03:47:39.475+0000] GC(179)   Other: 0.1ms
[2025-08-01T03:47:39.475+0000] GC(179) Eden regions: 87->0(89)
[2025-08-01T03:47:39.475+0000] GC(179) Survivor regions: 15->13(13)
[2025-08-01T03:47:39.475+0000] GC(179) Old regions: 1818->1909
[2025-08-01T03:47:39.475+0000] GC(179) Humongous regions: 0->0
[2025-08-01T03:47:39.475+0000] GC(179) Metaspace: 10593K(10816K)->10593K(10816K) NonClass: 9335K(9472K)->9335K(9472K) Class: 1258K(1344K)->1258K(1344K)
[2025-08-01T03:47:39.475+0000] GC(179) Pause Young (Normal) (G1 Evacuation Pause) 3839M->3842M(4096M) 41.226ms
[2025-08-01T03:47:39.475+0000] GC(179) User=0.30s Sys=0.01s Real=0.04s
[2025-08-01T03:47:39.533+0000] GC(180) Pause Young (Normal) (G1 Evacuation Pause)
[2025-08-01T03:47:39.534+0000] GC(180) Using 8 workers of 8 for evacuation
[2025-08-01T03:47:39.560+0000] GC(180)   Pre Evacuate Collection Set: 0.6ms
[2025-08-01T03:47:39.560+0000] GC(180)   Merge Heap Roots: 0.2ms
[2025-08-01T03:47:39.560+0000] GC(180)   Evacuate Collection Set: 20.8ms
[2025-08-01T03:47:39.560+0000] GC(180)   Post Evacuate Collection Set: 4.7ms
[2025-08-01T03:47:39.560+0000] GC(180)   Other: 0.1ms
[2025-08-01T03:47:39.560+0000] GC(180) Eden regions: 89->0(17)
[2025-08-01T03:47:39.560+0000] GC(180) Survivor regions: 13->13(13)
[2025-08-01T03:47:39.560+0000] GC(180) Old regions: 1909->2005
[2025-08-01T03:47:39.560+0000] GC(180) Humongous regions: 0->0
[2025-08-01T03:47:39.560+0000] GC(180) Metaspace: 10593K(10816K)->10593K(10816K) NonClass: 9335K(9472K)->9335K(9472K) Class: 1258K(1344K)->1258K(1344K)
[2025-08-01T03:47:39.560+0000] GC(180) Pause Young (Normal) (G1 Evacuation Pause) (Evacuation Failure) 4020M->4035M(4096M) 26.808ms
[2025-08-01T03:47:39.560+0000] GC(180) User=0.18s Sys=0.01s Real=0.02s
[2025-08-01T03:47:39.563+0000] GC(181) Pause Young (Normal) (G1 Evacuation Pause)
[2025-08-01T03:47:39.564+0000] GC(181) Using 8 workers of 8 for evacuation
[2025-08-01T03:47:39.574+0000] GC(181)   Pre Evacuate Collection Set: 0.6ms
[2025-08-01T03:47:39.574+0000] GC(181)   Merge Heap Roots: 0.1ms
[2025-08-01T03:47:39.574+0000] GC(181)   Evacuate Collection Set: 6.2ms
[2025-08-01T03:47:39.574+0000] GC(181)   Post Evacuate Collection Set: 3.5ms
[2025-08-01T03:47:39.574+0000] GC(181)   Other: 0.1ms
[2025-08-01T03:47:39.574+0000] GC(181) Eden regions: 17->0(0)
[2025-08-01T03:47:39.574+0000] GC(181) Survivor regions: 13->4(4)
[2025-08-01T03:47:39.574+0000] GC(181) Old regions: 2005->2041
[2025-08-01T03:47:39.574+0000] GC(181) Humongous regions: 0->0
[2025-08-01T03:47:39.574+0000] GC(181) Metaspace: 10593K(10816K)->10593K(10816K) NonClass: 9335K(9472K)->9335K(9472K) Class: 1258K(1344K)->1258K(1344K)
[2025-08-01T03:47:39.574+0000] GC(181) Pause Young (Normal) (G1 Evacuation Pause) (Evacuation Failure) 4069M->4089M(4096M) 10.680ms
[2025-08-01T03:47:39.574+0000] GC(181) User=0.05s Sys=0.00s Real=0.01s
[2025-08-01T03:47:39.574+0000] Attempting full compaction
[2025-08-01T03:47:39.574+0000] GC(182) Pause Full (G1 Compaction Pause)
[2025-08-01T03:47:39.574+0000] GC(182) Using 8 workers of 8 for full compaction
[2025-08-01T03:47:39.580+0000] GC(182) Phase 1: Mark live objects
[2025-08-01T03:47:39.613+0000] GC(182) Phase 1: Mark live objects 32.522ms
[2025-08-01T03:47:39.613+0000] GC(182) Phase 2: Prepare compaction
[2025-08-01T03:47:39.629+0000] GC(182) Phase 2: Prepare compaction 16.609ms
[2025-08-01T03:47:39.629+0000] GC(182) Phase 3: Adjust pointers
[2025-08-01T03:47:39.664+0000] GC(182) Phase 3: Adjust pointers 34.292ms
[2025-08-01T03:47:39.664+0000] GC(182) Phase 4: Compact heap
[2025-08-01T03:47:39.705+0000] GC(182) Phase 4: Compact heap 41.739ms
[2025-08-01T03:47:39.705+0000] GC(182) Phase 5: Reset Metadata
[2025-08-01T03:47:39.722+0000] GC(182) Phase 5: Reset Metadata 16.462ms
[2025-08-01T03:47:39.729+0000] GC(182) Eden regions: 0->0(567)
[2025-08-01T03:47:39.729+0000] GC(182) Survivor regions: 4->0(4)
[2025-08-01T03:47:39.730+0000] GC(182) Old regions: 2041->351
[2025-08-01T03:47:39.730+0000] GC(182) Humongous regions: 0->0
[2025-08-01T03:47:39.730+0000] GC(182) Metaspace: 10593K(10816K)->10593K(10816K) NonClass: 9335K(9472K)->9335K(9472K) Class: 1258K(1344K)->1258K(1344K)
[2025-08-01T03:47:39.730+0000] GC(182) Pause Full (G1 Compaction Pause) 4089M->694M(4096M) 155.385ms
[2025-08-01T03:47:39.730+0000] GC(182) User=1.07s Sys=0.01s Real=0.15s
[2025-08-01T03:47:39.731+0000] GC(177) Concurrent Mark From Roots 387.128ms
[2025-08-01T03:47:39.731+0000] GC(177) Concurrent Mark Abort
[2025-08-01T03:47:39.731+0000] GC(177) Concurrent Mark Cycle 421.447ms
[2025-08-01T03:47:39.975+0000] GC(183) Pause Young (Normal) (G1 Evacuation Pause)
[2025-08-01T03:47:39.975+0000] GC(183) Using 8 workers of 8 for evacuation
[2025-08-01T03:47:40.189+0000] GC(183) MMU target violated: 201.0ms (200.0ms/201.0ms)
[2025-08-01T03:47:40.189+0000] GC(183)   Pre Evacuate Collection Set: 1.5ms
[2025-08-01T03:47:40.189+0000] GC(183)   Merge Heap Roots: 0.7ms
[2025-08-01T03:47:40.189+0000] GC(183)   Evacuate Collection Set: 210.8ms
[2025-08-01T03:47:40.189+0000] GC(183)   Post Evacuate Collection Set: 0.9ms
[2025-08-01T03:47:40.189+0000] GC(183)   Other: 0.2ms
[2025-08-01T03:47:40.189+0000] GC(183) Eden regions: 567->0(435)
[2025-08-01T03:47:40.189+0000] GC(183) Survivor regions: 0->71(71)
[2025-08-01T03:47:40.189+0000] GC(183) Old regions: 351->675
[2025-08-01T03:47:40.189+0000] GC(183) Humongous regions: 0->0
[2025-08-01T03:47:40.189+0000] GC(183) Metaspace: 10593K(10816K)->10593K(10816K) NonClass: 9335K(9472K)->9335K(9472K) Class: 1258K(1344K)->1258K(1344K)
[2025-08-01T03:47:40.189+0000] GC(183) Pause Young (Normal) (G1 Evacuation Pause) 1828M->1484M(4096M) 214.223ms
[2025-08-01T03:47:40.189+0000] GC(183) User=1.59s Sys=0.07s Real=0.21s
[2025-08-01T03:47:40.355+0000] GC(184) Pause Young (Concurrent Start) (G1 Evacuation Pause)
[2025-08-01T03:47:40.355+0000] GC(184) Using 8 workers of 8 for evacuation
[2025-08-01T03:47:40.514+0000] GC(184)   Pre Evacuate Collection Set: 1.8ms
[2025-08-01T03:47:40.514+0000] GC(184)   Merge Heap Roots: 0.3ms
[2025-08-01T03:47:40.514+0000] GC(184)   Evacuate Collection Set: 154.9ms
[2025-08-01T03:47:40.514+0000] GC(184)   Post Evacuate Collection Set: 1.3ms
[2025-08-01T03:47:40.514+0000] GC(184)   Other: 0.2ms
[2025-08-01T03:47:40.514+0000] GC(184) Eden regions: 435->0(344)
[2025-08-01T03:47:40.514+0000] GC(184) Survivor regions: 71->64(64)
[2025-08-01T03:47:40.514+0000] GC(184) Old regions: 675->950
[2025-08-01T03:47:40.514+0000] GC(184) Humongous regions: 0->0
[2025-08-01T03:47:40.514+0000] GC(184) Metaspace: 10593K(10816K)->10593K(10816K) NonClass: 9335K(9472K)->9335K(9472K) Class: 1258K(1344K)->1258K(1344K)
[2025-08-01T03:47:40.514+0000] GC(184) Pause Young (Concurrent Start) (G1 Evacuation Pause) 2354M->2019M(4096M) 158.838ms
[2025-08-01T03:47:40.514+0000] GC(184) User=1.16s Sys=0.05s Real=0.16s
[2025-08-01T03:47:40.514+0000] GC(185) Concurrent Mark Cycle
[2025-08-01T03:47:40.520+0000] GC(185) Concurrent Scan Root Regions
[2025-08-01T03:47:40.592+0000] GC(185) Concurrent Scan Root Regions 72.050ms
[2025-08-01T03:47:40.592+0000] GC(185) Concurrent Mark
[2025-08-01T03:47:40.592+0000] GC(185) Concurrent Mark From Roots
[2025-08-01T03:47:40.592+0000] GC(185) Using 2 workers of 2 for marking
[2025-08-01T03:47:40.643+0000] GC(185) Concurrent Mark From Roots 51.041ms
[2025-08-01T03:47:40.643+0000] GC(185) Concurrent Preclean
[2025-08-01T03:47:40.643+0000] GC(185) Concurrent Preclean 0.026ms
[2025-08-01T03:47:40.643+0000] GC(185) Pause Remark
[2025-08-01T03:47:40.646+0000] GC(185) Pause Remark 2606M->1686M(4096M) 3.063ms
[2025-08-01T03:47:40.646+0000] GC(185) User=0.01s Sys=0.00s Real=0.00s
[2025-08-01T03:47:40.646+0000] GC(185) Concurrent Mark 54.503ms
[2025-08-01T03:47:40.646+0000] GC(185) Concurrent Rebuild Remembered Sets and Scrub Regions
[2025-08-01T03:47:40.679+0000] GC(186) Pause Young (Normal) (G1 Evacuation Pause)
[2025-08-01T03:47:40.679+0000] GC(186) Using 8 workers of 8 for evacuation
[2025-08-01T03:47:40.770+0000] GC(186)   Pre Evacuate Collection Set: 0.6ms
[2025-08-01T03:47:40.770+0000] GC(186)   Merge Heap Roots: 0.8ms
[2025-08-01T03:47:40.770+0000] GC(186)   Evacuate Collection Set: 89.2ms
[2025-08-01T03:47:40.770+0000] GC(186)   Post Evacuate Collection Set: 0.7ms
[2025-08-01T03:47:40.770+0000] GC(186)   Other: 0.1ms
[2025-08-01T03:47:40.770+0000] GC(186) Eden regions: 344->0(453)
[2025-08-01T03:47:40.770+0000] GC(186) Survivor regions: 64->51(51)
[2025-08-01T03:47:40.770+0000] GC(186) Old regions: 487->692
[2025-08-01T03:47:40.770+0000] GC(186) Humongous regions: 0->0
[2025-08-01T03:47:40.770+0000] GC(186) Metaspace: 10593K(10816K)->10593K(10816K) NonClass: 9335K(9472K)->9335K(9472K) Class: 1258K(1344K)->1258K(1344K)
[2025-08-01T03:47:40.771+0000] GC(186) Pause Young (Normal) (G1 Evacuation Pause) 1787M->1483M(4096M) 91.674ms
[2025-08-01T03:47:40.771+0000] GC(186) User=0.65s Sys=0.02s Real=0.09s
[2025-08-01T03:47:40.833+0000] GC(185) Concurrent Rebuild Remembered Sets and Scrub Regions 186.234ms
[2025-08-01T03:47:40.833+0000] GC(185) Pause Cleanup
[2025-08-01T03:47:40.834+0000] GC(185) Pause Cleanup 1743M->1743M(4096M) 1.008ms
[2025-08-01T03:47:40.834+0000] GC(185) User=0.00s Sys=0.00s Real=0.00s
[2025-08-01T03:47:40.834+0000] GC(185) Concurrent Clear Claimed Marks
[2025-08-01T03:47:40.834+0000] GC(185) Concurrent Clear Claimed Marks 0.041ms
[2025-08-01T03:47:40.834+0000] GC(185) Concurrent Cleanup for Next Mark
[2025-08-01T03:47:40.846+0000] GC(185) Concurrent Cleanup for Next Mark 12.121ms
[2025-08-01T03:47:40.846+0000] GC(185) Concurrent Mark Cycle 332.355ms
[2025-08-01T03:47:40.949+0000] GC(187) Pause Young (Prepare Mixed) (G1 Evacuation Pause)
[2025-08-01T03:47:40.949+0000] GC(187) Using 8 workers of 8 for evacuation
[2025-08-01T03:47:41.149+0000] GC(187) MMU target violated: 200.5ms (200.0ms/201.0ms)
[2025-08-01T03:47:41.149+0000] GC(187)   Pre Evacuate Collection Set: 0.9ms
[2025-08-01T03:47:41.149+0000] GC(187)   Merge Heap Roots: 0.2ms
[2025-08-01T03:47:41.149+0000] GC(187)   Evacuate Collection Set: 198.1ms
[2025-08-01T03:47:41.149+0000] GC(187)   Post Evacuate Collection Set: 1.1ms
[2025-08-01T03:47:41.149+0000] GC(187)   Other: 0.2ms
[2025-08-01T03:47:41.149+0000] GC(187) Eden regions: 453->0(313)
[2025-08-01T03:47:41.149+0000] GC(187) Survivor regions: 51->63(63)
[2025-08-01T03:47:41.149+0000] GC(187) Old regions: 692->1039
[2025-08-01T03:47:41.149+0000] GC(187) Humongous regions: 0->0
[2025-08-01T03:47:41.149+0000] GC(187) Metaspace: 10593K(10816K)->10593K(10816K) NonClass: 9335K(9472K)->9335K(9472K) Class: 1258K(1344K)->1258K(1344K)
[2025-08-01T03:47:41.150+0000] GC(187) Pause Young (Prepare Mixed) (G1 Evacuation Pause) 2389M->2201M(4096M) 200.871ms
[2025-08-01T03:47:41.150+0000] GC(187) User=1.42s Sys=0.08s Real=0.20s
[2025-08-01T03:47:41.306+0000] GC(188) Pause Young (Mixed) (G1 Evacuation Pause)
[2025-08-01T03:47:41.307+0000] GC(188) Using 8 workers of 8 for evacuation
[2025-08-01T03:47:41.485+0000] GC(188)   Pre Evacuate Collection Set: 1.5ms
[2025-08-01T03:47:41.485+0000] GC(188)   Merge Heap Roots: 0.2ms
[2025-08-01T03:47:41.486+0000] GC(188)   Evacuate Collection Set: 175.2ms
[2025-08-01T03:47:41.486+0000] GC(188)   Post Evacuate Collection Set: 1.8ms
[2025-08-01T03:47:41.486+0000] GC(188)   Other: 0.2ms
[2025-08-01T03:47:41.486+0000] GC(188) Eden regions: 313->0(237)
[2025-08-01T03:47:41.486+0000] GC(188) Survivor regions: 63->47(47)
[2025-08-01T03:47:41.486+0000] GC(188) Old regions: 1039->1269
[2025-08-01T03:47:41.486+0000] GC(188) Humongous regions: 0->0
[2025-08-01T03:47:41.486+0000] GC(188) Metaspace: 10593K(10816K)->10593K(10816K) NonClass: 9335K(9472K)->9335K(9472K) Class: 1258K(1344K)->1258K(1344K)
[2025-08-01T03:47:41.486+0000] GC(188) Pause Young (Mixed) (G1 Evacuation Pause) 2827M->2631M(4096M) 179.258ms
[2025-08-01T03:47:41.486+0000] GC(188) User=1.30s Sys=0.08s Real=0.18s
[2025-08-01T03:47:41.574+0000] GC(189) Pause Young (Concurrent Start) (G1 Evacuation Pause)
[2025-08-01T03:47:41.574+0000] GC(189) Using 8 workers of 8 for evacuation
[2025-08-01T03:47:41.683+0000] GC(189)   Pre Evacuate Collection Set: 0.6ms
[2025-08-01T03:47:41.683+0000] GC(189)   Merge Heap Roots: 0.2ms
[2025-08-01T03:47:41.683+0000] GC(189)   Evacuate Collection Set: 107.0ms
[2025-08-01T03:47:41.683+0000] GC(189)   Post Evacuate Collection Set: 0.7ms
[2025-08-01T03:47:41.683+0000] GC(189)   Other: 0.4ms
[2025-08-01T03:47:41.683+0000] GC(189) Eden regions: 237->0(161)
[2025-08-01T03:47:41.683+0000] GC(189) Survivor regions: 47->36(36)
[2025-08-01T03:47:41.683+0000] GC(189) Old regions: 1269->1497
[2025-08-01T03:47:41.683+0000] GC(189) Humongous regions: 0->0
[2025-08-01T03:47:41.683+0000] GC(189) Metaspace: 10593K(10816K)->10593K(10816K) NonClass: 9335K(9472K)->9335K(9472K) Class: 1258K(1344K)->1258K(1344K)
[2025-08-01T03:47:41.683+0000] GC(189) Pause Young (Concurrent Start) (G1 Evacuation Pause) 3105M->3064M(4096M) 109.144ms
[2025-08-01T03:47:41.683+0000] GC(189) User=0.79s Sys=0.04s Real=0.11s
[2025-08-01T03:47:41.683+0000] GC(190) Concurrent Mark Cycle
[2025-08-01T03:47:41.683+0000] GC(190) Concurrent Scan Root Regions
[2025-08-01T03:47:41.731+0000] GC(190) Concurrent Scan Root Regions 47.835ms
[2025-08-01T03:47:41.731+0000] GC(190) Concurrent Mark
[2025-08-01T03:47:41.731+0000] GC(190) Concurrent Mark From Roots
[2025-08-01T03:47:41.731+0000] GC(190) Using 2 workers of 2 for marking
[2025-08-01T03:47:41.757+0000] GC(191) Pause Young (Normal) (G1 Evacuation Pause)
[2025-08-01T03:47:41.757+0000] GC(191) Using 8 workers of 8 for evacuation
[2025-08-01T03:47:41.824+0000] GC(191)   Pre Evacuate Collection Set: 0.6ms
[2025-08-01T03:47:41.824+0000] GC(191)   Merge Heap Roots: 0.1ms
[2025-08-01T03:47:41.824+0000] GC(191)   Evacuate Collection Set: 64.4ms
[2025-08-01T03:47:41.824+0000] GC(191)   Post Evacuate Collection Set: 1.1ms
[2025-08-01T03:47:41.824+0000] GC(191)   Other: 0.1ms
[2025-08-01T03:47:41.824+0000] GC(191) Eden regions: 161->0(109)
[2025-08-01T03:47:41.824+0000] GC(191) Survivor regions: 36->25(25)
[2025-08-01T03:47:41.824+0000] GC(191) Old regions: 1497->1671
[2025-08-01T03:47:41.824+0000] GC(191) Humongous regions: 0->0
[2025-08-01T03:47:41.824+0000] GC(191) Metaspace: 10593K(10816K)->10593K(10816K) NonClass: 9335K(9472K)->9335K(9472K) Class: 1258K(1344K)->1258K(1344K)
[2025-08-01T03:47:41.824+0000] GC(191) Pause Young (Normal) (G1 Evacuation Pause) 3386M->3390M(4096M) 66.529ms
[2025-08-01T03:47:41.824+0000] GC(191) User=0.47s Sys=0.02s Real=0.07s
[2025-08-01T03:47:41.869+0000] GC(190) Concurrent Mark From Roots 137.437ms
[2025-08-01T03:47:41.869+0000] GC(190) Concurrent Preclean
[2025-08-01T03:47:41.869+0000] GC(190) Concurrent Preclean 0.026ms
[2025-08-01T03:47:41.869+0000] GC(190) Pause Remark
[2025-08-01T03:47:41.872+0000] GC(190) Pause Remark 3582M->1570M(4096M) 3.454ms
[2025-08-01T03:47:41.872+0000] GC(190) User=0.01s Sys=0.01s Real=0.00s
[2025-08-01T03:47:41.873+0000] GC(190) Concurrent Mark 141.499ms
[2025-08-01T03:47:41.873+0000] GC(190) Concurrent Rebuild Remembered Sets and Scrub Regions
[2025-08-01T03:47:41.887+0000] GC(192) Pause Young (Normal) (G1 Evacuation Pause)
[2025-08-01T03:47:41.887+0000] GC(192) Using 8 workers of 8 for evacuation
[2025-08-01T03:47:41.935+0000] GC(192)   Pre Evacuate Collection Set: 0.9ms
[2025-08-01T03:47:41.935+0000] GC(192)   Merge Heap Roots: 0.2ms
[2025-08-01T03:47:41.935+0000] GC(192)   Evacuate Collection Set: 45.2ms
[2025-08-01T03:47:41.935+0000] GC(192)   Post Evacuate Collection Set: 0.9ms
[2025-08-01T03:47:41.935+0000] GC(192)   Other: 0.2ms
[2025-08-01T03:47:41.935+0000] GC(192) Eden regions: 109->0(417)
[2025-08-01T03:47:41.935+0000] GC(192) Survivor regions: 25->17(17)
[2025-08-01T03:47:41.935+0000] GC(192) Old regions: 665->762
[2025-08-01T03:47:41.935+0000] GC(192) Humongous regions: 0->0
[2025-08-01T03:47:41.935+0000] GC(192) Metaspace: 10593K(10816K)->10593K(10816K) NonClass: 9335K(9472K)->9335K(9472K) Class: 1258K(1344K)->1258K(1344K)
[2025-08-01T03:47:41.935+0000] GC(192) Pause Young (Normal) (G1 Evacuation Pause) 1596M->1557M(4096M) 47.666ms
[2025-08-01T03:47:41.935+0000] GC(192) User=0.34s Sys=0.01s Real=0.05s
[2025-08-01T03:47:42.066+0000] GC(190) Concurrent Rebuild Remembered Sets and Scrub Regions 193.429ms
[2025-08-01T03:47:42.066+0000] GC(190) Pause Cleanup
[2025-08-01T03:47:42.067+0000] GC(190) Pause Cleanup 2255M->2255M(4096M) 1.011ms
[2025-08-01T03:47:42.067+0000] GC(190) User=0.00s Sys=0.00s Real=0.00s
[2025-08-01T03:47:42.067+0000] GC(190) Concurrent Clear Claimed Marks
[2025-08-01T03:47:42.067+0000] GC(190) Concurrent Clear Claimed Marks 0.038ms
[2025-08-01T03:47:42.067+0000] GC(190) Concurrent Cleanup for Next Mark
[2025-08-01T03:47:42.075+0000] GC(190) Concurrent Cleanup for Next Mark 7.788ms
[2025-08-01T03:47:42.075+0000] GC(190) Concurrent Mark Cycle 392.177ms
[2025-08-01T03:47:42.105+0000] GC(193) Pause Young (Prepare Mixed) (G1 Evacuation Pause)
[2025-08-01T03:47:42.105+0000] GC(193) Using 8 workers of 8 for evacuation
[2025-08-01T03:47:42.233+0000] GC(193)   Pre Evacuate Collection Set: 0.5ms
[2025-08-01T03:47:42.233+0000] GC(193)   Merge Heap Roots: 1.0ms
[2025-08-01T03:47:42.233+0000] GC(193)   Evacuate Collection Set: 125.7ms
[2025-08-01T03:47:42.233+0000] GC(193)   Post Evacuate Collection Set: 0.8ms
[2025-08-01T03:47:42.233+0000] GC(193)   Other: 0.1ms
[2025-08-01T03:47:42.233+0000] GC(193) Eden regions: 417->0(309)
[2025-08-01T03:47:42.233+0000] GC(193) Survivor regions: 17->55(55)
[2025-08-01T03:47:42.233+0000] GC(193) Old regions: 762->1042
[2025-08-01T03:47:42.233+0000] GC(193) Humongous regions: 0->0
[2025-08-01T03:47:42.233+0000] GC(193) Metaspace: 10593K(10816K)->10593K(10816K) NonClass: 9335K(9472K)->9335K(9472K) Class: 1258K(1344K)->1258K(1344K)
[2025-08-01T03:47:42.233+0000] GC(193) Pause Young (Prepare Mixed) (G1 Evacuation Pause) 2391M->2193M(4096M) 128.454ms
[2025-08-01T03:47:42.233+0000] GC(193) User=0.94s Sys=0.02s Real=0.13s
[2025-08-01T03:47:42.369+0000] GC(194) Pause Young (Mixed) (G1 Evacuation Pause)
[2025-08-01T03:47:42.369+0000] GC(194) Using 8 workers of 8 for evacuation
[2025-08-01T03:47:42.512+0000] GC(194)   Pre Evacuate Collection Set: 1.1ms
[2025-08-01T03:47:42.513+0000] GC(194)   Merge Heap Roots: 0.3ms
[2025-08-01T03:47:42.513+0000] GC(194)   Evacuate Collection Set: 140.8ms
[2025-08-01T03:47:42.513+0000] GC(194)   Post Evacuate Collection Set: 1.2ms
[2025-08-01T03:47:42.513+0000] GC(194)   Other: 0.1ms
[2025-08-01T03:47:42.513+0000] GC(194) Eden regions: 309->0(215)
[2025-08-01T03:47:42.513+0000] GC(194) Survivor regions: 55->46(46)
[2025-08-01T03:47:42.513+0000] GC(194) Old regions: 1042->1314
[2025-08-01T03:47:42.513+0000] GC(194) Humongous regions: 0->0
[2025-08-01T03:47:42.513+0000] GC(194) Metaspace: 10593K(10816K)->10593K(10816K) NonClass: 9335K(9472K)->9335K(9472K) Class: 1258K(1344K)->1258K(1344K)
[2025-08-01T03:47:42.513+0000] GC(194) Pause Young (Mixed) (G1 Evacuation Pause) 2811M->2719M(4096M) 143.871ms
[2025-08-01T03:47:42.513+0000] GC(194) User=1.06s Sys=0.05s Real=0.14s
[2025-08-01T03:47:42.597+0000] GC(195) Pause Young (Concurrent Start) (G1 Evacuation Pause)
[2025-08-01T03:47:42.597+0000] GC(195) Using 8 workers of 8 for evacuation
[2025-08-01T03:47:42.731+0000] GC(195)   Pre Evacuate Collection Set: 0.9ms
[2025-08-01T03:47:42.731+0000] GC(195)   Merge Heap Roots: 0.2ms
[2025-08-01T03:47:42.731+0000] GC(195)   Evacuate Collection Set: 129.7ms
[2025-08-01T03:47:42.731+0000] GC(195)   Post Evacuate Collection Set: 2.4ms
[2025-08-01T03:47:42.731+0000] GC(195)   Other: 0.7ms
[2025-08-01T03:47:42.731+0000] GC(195) Eden regions: 215->0(163)
[2025-08-01T03:47:42.731+0000] GC(195) Survivor regions: 46->33(33)
[2025-08-01T03:47:42.731+0000] GC(195) Old regions: 1314->1499
[2025-08-01T03:47:42.731+0000] GC(195) Humongous regions: 0->0
[2025-08-01T03:47:42.731+0000] GC(195) Metaspace: 10593K(10816K)->10593K(10816K) NonClass: 9335K(9472K)->9335K(9472K) Class: 1258K(1344K)->1258K(1344K)
[2025-08-01T03:47:42.731+0000] GC(195) Pause Young (Concurrent Start) (G1 Evacuation Pause) 3149M->3063M(4096M) 134.326ms
[2025-08-01T03:47:42.731+0000] GC(195) User=0.98s Sys=0.04s Real=0.13s
[2025-08-01T03:47:42.731+0000] GC(196) Concurrent Mark Cycle
[2025-08-01T03:47:42.732+0000] GC(196) Concurrent Scan Root Regions
[2025-08-01T03:47:42.796+0000] GC(196) Concurrent Scan Root Regions 64.302ms
[2025-08-01T03:47:42.796+0000] GC(196) Concurrent Mark
[2025-08-01T03:47:42.796+0000] GC(196) Concurrent Mark From Roots
[2025-08-01T03:47:42.796+0000] GC(196) Using 2 workers of 2 for marking
[2025-08-01T03:47:42.812+0000] GC(197) Pause Young (Normal) (G1 Evacuation Pause)
[2025-08-01T03:47:42.812+0000] GC(197) Using 8 workers of 8 for evacuation
[2025-08-01T03:47:42.845+0000] GC(197)   Pre Evacuate Collection Set: 0.7ms
[2025-08-01T03:47:42.845+0000] GC(197)   Merge Heap Roots: 0.3ms
[2025-08-01T03:47:42.845+0000] GC(197)   Evacuate Collection Set: 31.1ms
[2025-08-01T03:47:42.845+0000] GC(197)   Post Evacuate Collection Set: 1.2ms
[2025-08-01T03:47:42.845+0000] GC(197)   Other: 0.2ms
[2025-08-01T03:47:42.845+0000] GC(197) Eden regions: 163->0(150)
[2025-08-01T03:47:42.845+0000] GC(197) Survivor regions: 33->25(25)
[2025-08-01T03:47:42.845+0000] GC(197) Old regions: 1499->1567
[2025-08-01T03:47:42.845+0000] GC(197) Humongous regions: 0->0
[2025-08-01T03:47:42.845+0000] GC(197) Metaspace: 10593K(10816K)->10593K(10816K) NonClass: 9335K(9472K)->9335K(9472K) Class: 1258K(1344K)->1258K(1344K)
[2025-08-01T03:47:42.845+0000] GC(197) Pause Young (Normal) (G1 Evacuation Pause) 3389M->3182M(4096M) 33.696ms
[2025-08-01T03:47:42.845+0000] GC(197) User=0.23s Sys=0.01s Real=0.04s
[2025-08-01T03:47:42.888+0000] GC(198) Pause Young (Normal) (G1 Evacuation Pause)
[2025-08-01T03:47:42.888+0000] GC(198) Using 8 workers of 8 for evacuation
[2025-08-01T03:47:42.949+0000] GC(198)   Pre Evacuate Collection Set: 0.9ms
[2025-08-01T03:47:42.949+0000] GC(198)   Merge Heap Roots: 0.2ms
[2025-08-01T03:47:42.949+0000] GC(198)   Evacuate Collection Set: 59.4ms
[2025-08-01T03:47:42.949+0000] GC(198)   Post Evacuate Collection Set: 1.0ms
[2025-08-01T03:47:42.950+0000] GC(198)   Other: 0.1ms
[2025-08-01T03:47:42.950+0000] GC(198) Eden regions: 150->0(97)
[2025-08-01T03:47:42.950+0000] GC(198) Survivor regions: 25->22(22)
[2025-08-01T03:47:42.950+0000] GC(198) Old regions: 1567->1720
[2025-08-01T03:47:42.950+0000] GC(198) Humongous regions: 0->0
[2025-08-01T03:47:42.950+0000] GC(198) Metaspace: 10593K(10816K)->10593K(10816K) NonClass: 9335K(9472K)->9335K(9472K) Class: 1258K(1344K)->1258K(1344K)
[2025-08-01T03:47:42.950+0000] GC(198) Pause Young (Normal) (G1 Evacuation Pause) 3482M->3483M(4096M) 61.866ms
[2025-08-01T03:47:42.950+0000] GC(198) User=0.45s Sys=0.01s Real=0.06s
[2025-08-01T03:47:42.968+0000] GC(199) Pause Young (Normal) (G1 Evacuation Pause)
[2025-08-01T03:47:42.968+0000] GC(199) Using 8 workers of 8 for evacuation
[2025-08-01T03:47:43.010+0000] GC(199)   Pre Evacuate Collection Set: 0.9ms
[2025-08-01T03:47:43.011+0000] GC(199)   Merge Heap Roots: 0.3ms
[2025-08-01T03:47:43.011+0000] GC(199)   Evacuate Collection Set: 40.6ms
[2025-08-01T03:47:43.011+0000] GC(199)   Post Evacuate Collection Set: 0.9ms
[2025-08-01T03:47:43.011+0000] GC(199)   Other: 0.1ms
[2025-08-01T03:47:43.011+0000] GC(199) Eden regions: 97->0(87)
[2025-08-01T03:47:43.011+0000] GC(199) Survivor regions: 22->15(15)
[2025-08-01T03:47:43.011+0000] GC(199) Old regions: 1720->1826
[2025-08-01T03:47:43.011+0000] GC(199) Humongous regions: 0->0
[2025-08-01T03:47:43.011+0000] GC(199) Metaspace: 10593K(10816K)->10593K(10816K) NonClass: 9335K(9472K)->9335K(9472K) Class: 1258K(1344K)->1258K(1344K)
[2025-08-01T03:47:43.011+0000] GC(199) Pause Young (Normal) (G1 Evacuation Pause) 3677M->3681M(4096M) 43.097ms
[2025-08-01T03:47:43.011+0000] GC(199) User=0.31s Sys=0.01s Real=0.04s
[2025-08-01T03:47:43.052+0000] GC(196) Concurrent Mark From Roots 256.551ms
[2025-08-01T03:47:43.053+0000] GC(196) Concurrent Preclean
[2025-08-01T03:47:43.053+0000] GC(196) Concurrent Preclean 0.025ms
[2025-08-01T03:47:43.053+0000] GC(196) Pause Remark
[2025-08-01T03:47:43.057+0000] GC(196) Pause Remark 3851M->2109M(4096M) 4.593ms
[2025-08-01T03:47:43.057+0000] GC(196) User=0.02s Sys=0.00s Real=0.01s
[2025-08-01T03:47:43.057+0000] GC(196) Concurrent Mark 261.568ms
[2025-08-01T03:47:43.057+0000] GC(196) Concurrent Rebuild Remembered Sets and Scrub Regions
[2025-08-01T03:47:43.077+0000] GC(200) Pause Young (Normal) (G1 Evacuation Pause)
[2025-08-01T03:47:43.077+0000] GC(200) Using 8 workers of 8 for evacuation
[2025-08-01T03:47:43.116+0000] GC(200)   Pre Evacuate Collection Set: 0.8ms
[2025-08-01T03:47:43.116+0000] GC(200)   Merge Heap Roots: 0.2ms
[2025-08-01T03:47:43.116+0000] GC(200)   Evacuate Collection Set: 36.8ms
[2025-08-01T03:47:43.116+0000] GC(200)   Post Evacuate Collection Set: 1.2ms
[2025-08-01T03:47:43.116+0000] GC(200)   Other: 0.1ms
[2025-08-01T03:47:43.116+0000] GC(200) Eden regions: 87->0(340)
[2025-08-01T03:47:43.117+0000] GC(200) Survivor regions: 15->13(13)
[2025-08-01T03:47:43.117+0000] GC(200) Old regions: 955->1022
[2025-08-01T03:47:43.117+0000] GC(200) Humongous regions: 0->0
[2025-08-01T03:47:43.117+0000] GC(200) Metaspace: 10593K(10816K)->10593K(10816K) NonClass: 9335K(9472K)->9335K(9472K) Class: 1258K(1344K)->1258K(1344K)
[2025-08-01T03:47:43.117+0000] GC(200) Pause Young (Normal) (G1 Evacuation Pause) 2113M->2068M(4096M) 39.490ms
[2025-08-01T03:47:43.117+0000] GC(200) User=0.24s Sys=0.02s Real=0.04s
[2025-08-01T03:47:43.227+0000] GC(201) Pause Young (Normal) (G1 Evacuation Pause)
[2025-08-01T03:47:43.227+0000] GC(201) Using 8 workers of 8 for evacuation
[2025-08-01T03:47:43.345+0000] GC(201)   Pre Evacuate Collection Set: 0.7ms
[2025-08-01T03:47:43.345+0000] GC(201)   Merge Heap Roots: 0.3ms
[2025-08-01T03:47:43.345+0000] GC(201)   Evacuate Collection Set: 115.6ms
[2025-08-01T03:47:43.345+0000] GC(201)   Post Evacuate Collection Set: 1.0ms
[2025-08-01T03:47:43.345+0000] GC(201)   Other: 0.1ms
[2025-08-01T03:47:43.345+0000] GC(201) Eden regions: 340->0(211)
[2025-08-01T03:47:43.345+0000] GC(201) Survivor regions: 13->45(45)
[2025-08-01T03:47:43.345+0000] GC(201) Old regions: 1022->1332
[2025-08-01T03:47:43.345+0000] GC(201) Humongous regions: 0->0
[2025-08-01T03:47:43.345+0000] GC(201) Metaspace: 10593K(10816K)->10593K(10816K) NonClass: 9335K(9472K)->9335K(9472K) Class: 1258K(1344K)->1258K(1344K)
[2025-08-01T03:47:43.345+0000] GC(201) Pause Young (Normal) (G1 Evacuation Pause) 2748M->2752M(4096M) 118.033ms
[2025-08-01T03:47:43.345+0000] GC(201) User=0.91s Sys=0.01s Real=0.12s
[2025-08-01T03:47:43.413+0000] GC(196) Concurrent Rebuild Remembered Sets and Scrub Regions 355.423ms
[2025-08-01T03:47:43.413+0000] GC(196) Pause Cleanup
[2025-08-01T03:47:43.414+0000] GC(196) Pause Cleanup 3018M->3018M(4096M) 1.224ms
[2025-08-01T03:47:43.415+0000] GC(196) User=0.00s Sys=0.00s Real=0.00s
[2025-08-01T03:47:43.415+0000] GC(196) Concurrent Clear Claimed Marks
[2025-08-01T03:47:43.415+0000] GC(196) Concurrent Clear Claimed Marks 0.035ms
[2025-08-01T03:47:43.415+0000] GC(196) Concurrent Cleanup for Next Mark
[2025-08-01T03:47:43.429+0000] GC(196) Concurrent Cleanup for Next Mark 13.988ms
[2025-08-01T03:47:43.429+0000] GC(196) Concurrent Mark Cycle 697.278ms
[2025-08-01T03:47:43.432+0000] GC(202) Pause Young (Prepare Mixed) (G1 Evacuation Pause)
[2025-08-01T03:47:43.432+0000] GC(202) Using 8 workers of 8 for evacuation
[2025-08-01T03:47:43.510+0000] GC(202)   Pre Evacuate Collection Set: 1.2ms
[2025-08-01T03:47:43.510+0000] GC(202)   Merge Heap Roots: 0.2ms
[2025-08-01T03:47:43.510+0000] GC(202)   Evacuate Collection Set: 75.6ms
[2025-08-01T03:47:43.510+0000] GC(202)   Post Evacuate Collection Set: 1.1ms
[2025-08-01T03:47:43.510+0000] GC(202)   Other: 0.1ms
[2025-08-01T03:47:43.510+0000] GC(202) Eden regions: 211->0(151)
[2025-08-01T03:47:43.510+0000] GC(202) Survivor regions: 45->32(32)
[2025-08-01T03:47:43.510+0000] GC(202) Old regions: 1332->1531
[2025-08-01T03:47:43.510+0000] GC(202) Humongous regions: 0->0
[2025-08-01T03:47:43.511+0000] GC(202) Metaspace: 10593K(10816K)->10593K(10816K) NonClass: 9335K(9472K)->9335K(9472K) Class: 1258K(1344K)->1258K(1344K)
[2025-08-01T03:47:43.511+0000] GC(202) Pause Young (Prepare Mixed) (G1 Evacuation Pause) 3174M->3124M(4096M) 78.414ms
[2025-08-01T03:47:43.511+0000] GC(202) User=0.59s Sys=0.00s Real=0.08s
[2025-08-01T03:47:43.580+0000] GC(203) Pause Young (Mixed) (G1 Evacuation Pause)
[2025-08-01T03:47:43.580+0000] GC(203) Using 8 workers of 8 for evacuation
[2025-08-01T03:47:43.656+0000] GC(203)   Pre Evacuate Collection Set: 1.3ms
[2025-08-01T03:47:43.656+0000] GC(203)   Merge Heap Roots: 0.6ms
[2025-08-01T03:47:43.656+0000] GC(203)   Evacuate Collection Set: 71.8ms
[2025-08-01T03:47:43.656+0000] GC(203)   Post Evacuate Collection Set: 1.3ms
[2025-08-01T03:47:43.656+0000] GC(203)   Other: 0.1ms
[2025-08-01T03:47:43.656+0000] GC(203) Eden regions: 151->0(125)
[2025-08-01T03:47:43.656+0000] GC(203) Survivor regions: 32->23(23)
[2025-08-01T03:47:43.656+0000] GC(203) Old regions: 1531->1623
[2025-08-01T03:47:43.656+0000] GC(203) Humongous regions: 0->0
[2025-08-01T03:47:43.656+0000] GC(203) Metaspace: 10593K(10816K)->10593K(10816K) NonClass: 9335K(9472K)->9335K(9472K) Class: 1258K(1344K)->1258K(1344K)
[2025-08-01T03:47:43.656+0000] GC(203) Pause Young (Mixed) (G1 Evacuation Pause) 3426M->3290M(4096M) 75.370ms
[2025-08-01T03:47:43.656+0000] GC(203) User=0.56s Sys=0.02s Real=0.08s
[2025-08-01T03:47:43.718+0000] GC(204) Pause Young (Concurrent Start) (G1 Evacuation Pause)
[2025-08-01T03:47:43.718+0000] GC(204) Using 8 workers of 8 for evacuation
[2025-08-01T03:47:43.777+0000] GC(204)   Pre Evacuate Collection Set: 1.2ms
[2025-08-01T03:47:43.777+0000] GC(204)   Merge Heap Roots: 0.1ms
[2025-08-01T03:47:43.777+0000] GC(204)   Evacuate Collection Set: 56.7ms
[2025-08-01T03:47:43.777+0000] GC(204)   Post Evacuate Collection Set: 0.8ms
[2025-08-01T03:47:43.777+0000] GC(204)   Other: 0.2ms
[2025-08-01T03:47:43.777+0000] GC(204) Eden regions: 125->0(99)
[2025-08-01T03:47:43.777+0000] GC(204) Survivor regions: 23->19(19)
[2025-08-01T03:47:43.777+0000] GC(204) Old regions: 1623->1717
[2025-08-01T03:47:43.777+0000] GC(204) Humongous regions: 0->0
[2025-08-01T03:47:43.777+0000] GC(204) Metaspace: 10593K(10816K)->10593K(10816K) NonClass: 9335K(9472K)->9335K(9472K) Class: 1258K(1344K)->1258K(1344K)
[2025-08-01T03:47:43.777+0000] GC(204) Pause Young (Concurrent Start) (G1 Evacuation Pause) 3540M->3471M(4096M) 59.186ms
[2025-08-01T03:47:43.777+0000] GC(204) User=0.40s Sys=0.03s Real=0.06s
[2025-08-01T03:47:43.777+0000] GC(205) Concurrent Mark Cycle
[2025-08-01T03:47:43.778+0000] GC(205) Concurrent Scan Root Regions
[2025-08-01T03:47:43.805+0000] GC(206) Pause Young (Normal) (G1 Evacuation Pause)
[2025-08-01T03:47:43.806+0000] GC(206) Using 8 workers of 8 for evacuation
[2025-08-01T03:47:43.811+0000] GC(205) Concurrent Scan Root Regions 33.913ms
[2025-08-01T03:47:43.812+0000] GC(205) Concurrent Mark
[2025-08-01T03:47:43.812+0000] GC(205) Concurrent Mark From Roots
[2025-08-01T03:47:43.812+0000] GC(205) Using 2 workers of 2 for marking
[2025-08-01T03:47:43.861+0000] GC(206)   Pre Evacuate Collection Set: 0.6ms
[2025-08-01T03:47:43.861+0000] GC(206)   Merge Heap Roots: 0.2ms
[2025-08-01T03:47:43.861+0000] GC(206)   Evacuate Collection Set: 48.2ms
[2025-08-01T03:47:43.861+0000] GC(206)   Post Evacuate Collection Set: 0.8ms
[2025-08-01T03:47:43.862+0000] GC(206)   Other: 0.1ms
[2025-08-01T03:47:43.862+0000] GC(206) Eden regions: 99->0(87)
[2025-08-01T03:47:43.862+0000] GC(206) Survivor regions: 19->15(15)
[2025-08-01T03:47:43.862+0000] GC(206) Old regions: 1717->1821
[2025-08-01T03:47:43.862+0000] GC(206) Humongous regions: 0->0
[2025-08-01T03:47:43.862+0000] GC(206) Metaspace: 10593K(10816K)->10593K(10816K) NonClass: 9335K(9472K)->9335K(9472K) Class: 1258K(1344K)->1258K(1344K)
[2025-08-01T03:47:43.862+0000] GC(206) Pause Young (Normal) (G1 Evacuation Pause) 3669M->3671M(4096M) 56.207ms
[2025-08-01T03:47:43.862+0000] GC(206) User=0.36s Sys=0.02s Real=0.05s
[2025-08-01T03:47:43.925+0000] GC(205) Concurrent Mark From Roots 113.758ms
[2025-08-01T03:47:43.925+0000] GC(205) Concurrent Preclean
[2025-08-01T03:47:43.925+0000] GC(205) Concurrent Preclean 0.033ms
[2025-08-01T03:47:43.926+0000] GC(205) Pause Remark
[2025-08-01T03:47:43.930+0000] GC(205) Pause Remark 3843M->983M(4096M) 4.807ms
[2025-08-01T03:47:43.930+0000] GC(205) User=0.01s Sys=0.00s Real=0.00s
[2025-08-01T03:47:43.931+0000] GC(205) Concurrent Mark 119.200ms
[2025-08-01T03:47:43.931+0000] GC(205) Concurrent Rebuild Remembered Sets and Scrub Regions
[2025-08-01T03:47:43.932+0000] GC(207) Pause Young (Normal) (G1 Evacuation Pause)
[2025-08-01T03:47:43.932+0000] GC(207) Using 8 workers of 8 for evacuation
[2025-08-01T03:47:43.965+0000] GC(207)   Pre Evacuate Collection Set: 0.5ms
[2025-08-01T03:47:43.965+0000] GC(207)   Merge Heap Roots: 0.1ms
[2025-08-01T03:47:43.965+0000] GC(207)   Evacuate Collection Set: 31.3ms
[2025-08-01T03:47:43.965+0000] GC(207)   Post Evacuate Collection Set: 0.9ms
[2025-08-01T03:47:43.965+0000] GC(207)   Other: 0.1ms
[2025-08-01T03:47:43.965+0000] GC(207) Eden regions: 87->0(531)
[2025-08-01T03:47:43.965+0000] GC(207) Survivor regions: 15->13(13)
[2025-08-01T03:47:43.965+0000] GC(207) Old regions: 391->482
[2025-08-01T03:47:43.965+0000] GC(207) Humongous regions: 0->0
[2025-08-01T03:47:43.965+0000] GC(207) Metaspace: 10593K(10816K)->10593K(10816K) NonClass: 9335K(9472K)->9335K(9472K) Class: 1258K(1344K)->1258K(1344K)
[2025-08-01T03:47:43.965+0000] GC(207) Pause Young (Normal) (G1 Evacuation Pause) 985M->989M(4096M) 33.222ms
[2025-08-01T03:47:43.965+0000] GC(207) User=0.24s Sys=0.00s Real=0.04s
[2025-08-01T03:47:44.055+0000] GC(205) Concurrent Rebuild Remembered Sets and Scrub Regions 124.702ms
[2025-08-01T03:47:44.056+0000] GC(205) Pause Cleanup
[2025-08-01T03:47:44.057+0000] GC(205) Pause Cleanup 1427M->1427M(4096M) 0.862ms
[2025-08-01T03:47:44.057+0000] GC(205) User=0.00s Sys=0.00s Real=0.00s
[2025-08-01T03:47:44.057+0000] GC(205) Concurrent Clear Claimed Marks
[2025-08-01T03:47:44.057+0000] GC(205) Concurrent Clear Claimed Marks 0.039ms
[2025-08-01T03:47:44.057+0000] GC(205) Concurrent Cleanup for Next Mark
[2025-08-01T03:47:44.078+0000] GC(205) Concurrent Cleanup for Next Mark 20.500ms
[2025-08-01T03:47:44.078+0000] GC(205) Concurrent Mark Cycle 300.804ms
[2025-08-01T03:47:44.224+0000] GC(208) Pause Young (Prepare Mixed) (G1 Evacuation Pause)
[2025-08-01T03:47:44.224+0000] GC(208) Using 8 workers of 8 for evacuation
[2025-08-01T03:47:44.330+0000] GC(208)   Pre Evacuate Collection Set: 1.0ms
[2025-08-01T03:47:44.330+0000] GC(208)   Merge Heap Roots: 0.5ms
[2025-08-01T03:47:44.330+0000] GC(208)   Evacuate Collection Set: 102.7ms
[2025-08-01T03:47:44.330+0000] GC(208)   Post Evacuate Collection Set: 2.0ms
[2025-08-01T03:47:44.330+0000] GC(208)   Other: 0.1ms
[2025-08-01T03:47:44.331+0000] GC(208) Eden regions: 531->0(411)
[2025-08-01T03:47:44.331+0000] GC(208) Survivor regions: 13->68(68)
[2025-08-01T03:47:44.331+0000] GC(208) Old regions: 482->657
[2025-08-01T03:47:44.331+0000] GC(208) Humongous regions: 0->0
[2025-08-01T03:47:44.331+0000] GC(208) Metaspace: 10593K(10816K)->10593K(10816K) NonClass: 9335K(9472K)->9335K(9472K) Class: 1258K(1344K)->1258K(1344K)
[2025-08-01T03:47:44.331+0000] GC(208) Pause Young (Prepare Mixed) (G1 Evacuation Pause) 2051M->1448M(4096M) 106.597ms
[2025-08-01T03:47:44.331+0000] GC(208) User=0.77s Sys=0.05s Real=0.10s
[2025-08-01T03:47:44.505+0000] GC(209) Pause Young (Mixed) (G1 Evacuation Pause)
[2025-08-01T03:47:44.505+0000] GC(209) Using 8 workers of 8 for evacuation
[2025-08-01T03:47:44.716+0000] GC(209) MMU target violated: 201.0ms (200.0ms/201.0ms)
[2025-08-01T03:47:44.716+0000] GC(209)   Pre Evacuate Collection Set: 1.1ms
[2025-08-01T03:47:44.716+0000] GC(209)   Merge Heap Roots: 0.3ms
[2025-08-01T03:47:44.716+0000] GC(209)   Evacuate Collection Set: 207.7ms
[2025-08-01T03:47:44.716+0000] GC(209)   Post Evacuate Collection Set: 1.6ms
[2025-08-01T03:47:44.716+0000] GC(209)   Other: 0.4ms
[2025-08-01T03:47:44.716+0000] GC(209) Eden regions: 409->0(335)
[2025-08-01T03:47:44.716+0000] GC(209) Survivor regions: 68->60(60)
[2025-08-01T03:47:44.716+0000] GC(209) Old regions: 657->980
[2025-08-01T03:47:44.716+0000] GC(209) Humongous regions: 0->0
[2025-08-01T03:47:44.716+0000] GC(209) Metaspace: 10593K(10816K)->10593K(10816K) NonClass: 9335K(9472K)->9335K(9472K) Class: 1258K(1344K)->1258K(1344K)
[2025-08-01T03:47:44.716+0000] GC(209) Pause Young (Mixed) (G1 Evacuation Pause) 2266M->2079M(4096M) 211.386ms
[2025-08-01T03:47:44.716+0000] GC(209) User=1.59s Sys=0.06s Real=0.21s
[2025-08-01T03:47:44.875+0000] GC(210) Pause Young (Mixed) (G1 Evacuation Pause)
[2025-08-01T03:47:44.875+0000] GC(210) Using 8 workers of 8 for evacuation
[2025-08-01T03:47:44.999+0000] GC(210)   Pre Evacuate Collection Set: 0.7ms
[2025-08-01T03:47:44.999+0000] GC(210)   Merge Heap Roots: 0.3ms
[2025-08-01T03:47:44.999+0000] GC(210)   Evacuate Collection Set: 120.9ms
[2025-08-01T03:47:44.999+0000] GC(210)   Post Evacuate Collection Set: 1.2ms
[2025-08-01T03:47:44.999+0000] GC(210)   Other: 0.1ms
[2025-08-01T03:47:44.999+0000] GC(210) Eden regions: 335->0(233)
[2025-08-01T03:47:44.999+0000] GC(210) Survivor regions: 60->50(50)
[2025-08-01T03:47:44.999+0000] GC(210) Old regions: 980->1262
[2025-08-01T03:47:44.999+0000] GC(210) Humongous regions: 0->0
[2025-08-01T03:47:44.999+0000] GC(210) Metaspace: 10593K(10816K)->10593K(10816K) NonClass: 9335K(9472K)->9335K(9472K) Class: 1258K(1344K)->1258K(1344K)
[2025-08-01T03:47:44.999+0000] GC(210) Pause Young (Mixed) (G1 Evacuation Pause) 2749M->2622M(4096M) 123.502ms
[2025-08-01T03:47:44.999+0000] GC(210) User=0.87s Sys=0.05s Real=0.12s
[2025-08-01T03:47:45.088+0000] GC(211) Pause Young (Concurrent Start) (G1 Evacuation Pause)
[2025-08-01T03:47:45.088+0000] GC(211) Using 8 workers of 8 for evacuation
[2025-08-01T03:47:45.159+0000] GC(211)   Pre Evacuate Collection Set: 1.0ms
[2025-08-01T03:47:45.159+0000] GC(211)   Merge Heap Roots: 0.2ms
[2025-08-01T03:47:45.159+0000] GC(211)   Evacuate Collection Set: 68.2ms
[2025-08-01T03:47:45.159+0000] GC(211)   Post Evacuate Collection Set: 1.2ms
[2025-08-01T03:47:45.159+0000] GC(211)   Other: 0.2ms
[2025-08-01T03:47:45.159+0000] GC(211) Eden regions: 233->0(188)
[2025-08-01T03:47:45.159+0000] GC(211) Survivor regions: 50->36(36)
[2025-08-01T03:47:45.159+0000] GC(211) Old regions: 1262->1428
[2025-08-01T03:47:45.159+0000] GC(211) Humongous regions: 0->0
[2025-08-01T03:47:45.159+0000] GC(211) Metaspace: 10593K(10816K)->10593K(10816K) NonClass: 9335K(9472K)->9335K(9472K) Class: 1258K(1344K)->1258K(1344K)
[2025-08-01T03:47:45.159+0000] GC(211) Pause Young (Concurrent Start) (G1 Evacuation Pause) 3088M->2926M(4096M) 71.049ms
[2025-08-01T03:47:45.159+0000] GC(211) User=0.53s Sys=0.00s Real=0.07s
[2025-08-01T03:47:45.159+0000] GC(212) Concurrent Mark Cycle
[2025-08-01T03:47:45.159+0000] GC(212) Concurrent Scan Root Regions
[2025-08-01T03:47:45.198+0000] GC(212) Concurrent Scan Root Regions 38.719ms
[2025-08-01T03:47:45.198+0000] GC(212) Concurrent Mark
[2025-08-01T03:47:45.198+0000] GC(212) Concurrent Mark From Roots
[2025-08-01T03:47:45.198+0000] GC(212) Using 2 workers of 2 for marking
[2025-08-01T03:47:45.244+0000] GC(213) Pause Young (Normal) (G1 Evacuation Pause)
[2025-08-01T03:47:45.245+0000] GC(213) Using 8 workers of 8 for evacuation
[2025-08-01T03:47:45.315+0000] GC(213)   Pre Evacuate Collection Set: 0.7ms
[2025-08-01T03:47:45.315+0000] GC(213)   Merge Heap Roots: 0.2ms
[2025-08-01T03:47:45.315+0000] GC(213)   Evacuate Collection Set: 68.5ms
[2025-08-01T03:47:45.315+0000] GC(213)   Post Evacuate Collection Set: 0.9ms
[2025-08-01T03:47:45.315+0000] GC(213)   Other: 0.2ms
[2025-08-01T03:47:45.315+0000] GC(213) Eden regions: 188->0(140)
[2025-08-01T03:47:45.315+0000] GC(213) Survivor regions: 36->28(28)
[2025-08-01T03:47:45.315+0000] GC(213) Old regions: 1428->1581
[2025-08-01T03:47:45.315+0000] GC(213) Humongous regions: 0->0
[2025-08-01T03:47:45.315+0000] GC(213) Metaspace: 10593K(10816K)->10593K(10816K) NonClass: 9335K(9472K)->9335K(9472K) Class: 1258K(1344K)->1258K(1344K)
[2025-08-01T03:47:45.315+0000] GC(213) Pause Young (Normal) (G1 Evacuation Pause) 3302M->3216M(4096M) 70.747ms
[2025-08-01T03:47:45.315+0000] GC(213) User=0.50s Sys=0.03s Real=0.07s
[2025-08-01T03:47:45.347+0000] GC(212) Concurrent Mark From Roots 148.232ms
[2025-08-01T03:47:45.347+0000] GC(212) Concurrent Preclean
[2025-08-01T03:47:45.347+0000] GC(212) Concurrent Preclean 0.026ms
[2025-08-01T03:47:45.347+0000] GC(212) Pause Remark
[2025-08-01T03:47:45.350+0000] GC(212) Pause Remark 3403M->1435M(4096M) 3.371ms
[2025-08-01T03:47:45.350+0000] GC(212) User=0.02s Sys=0.00s Real=0.00s
[2025-08-01T03:47:45.350+0000] GC(212) Concurrent Mark 152.135ms
[2025-08-01T03:47:45.350+0000] GC(212) Concurrent Rebuild Remembered Sets and Scrub Regions
[2025-08-01T03:47:45.388+0000] GC(214) Pause Young (Normal) (G1 Evacuation Pause)
[2025-08-01T03:47:45.388+0000] GC(214) Using 8 workers of 8 for evacuation
[2025-08-01T03:47:45.442+0000] GC(214)   Pre Evacuate Collection Set: 0.9ms
[2025-08-01T03:47:45.442+0000] GC(214)   Merge Heap Roots: 0.2ms
[2025-08-01T03:47:45.442+0000] GC(214)   Evacuate Collection Set: 51.8ms
[2025-08-01T03:47:45.442+0000] GC(214)   Post Evacuate Collection Set: 0.9ms
[2025-08-01T03:47:45.442+0000] GC(214)   Other: 0.1ms
[2025-08-01T03:47:45.443+0000] GC(214) Eden regions: 140->0(453)
[2025-08-01T03:47:45.443+0000] GC(214) Survivor regions: 28->21(21)
[2025-08-01T03:47:45.443+0000] GC(214) Old regions: 597->746
[2025-08-01T03:47:45.443+0000] GC(214) Humongous regions: 0->0
[2025-08-01T03:47:45.443+0000] GC(214) Metaspace: 10593K(10816K)->10593K(10816K) NonClass: 9335K(9472K)->9335K(9472K) Class: 1258K(1344K)->1258K(1344K)
[2025-08-01T03:47:45.443+0000] GC(214) Pause Young (Normal) (G1 Evacuation Pause) 1528M->1533M(4096M) 54.258ms
[2025-08-01T03:47:45.443+0000] GC(214) User=0.40s Sys=0.00s Real=0.05s
[2025-08-01T03:47:45.521+0000] GC(212) Concurrent Rebuild Remembered Sets and Scrub Regions 170.172ms
[2025-08-01T03:47:45.522+0000] GC(212) Pause Cleanup
[2025-08-01T03:47:45.523+0000] GC(212) Pause Cleanup 1891M->1891M(4096M) 1.039ms
[2025-08-01T03:47:45.523+0000] GC(212) User=0.01s Sys=0.00s Real=0.00s
[2025-08-01T03:47:45.523+0000] GC(212) Concurrent Clear Claimed Marks
[2025-08-01T03:47:45.523+0000] GC(212) Concurrent Clear Claimed Marks 0.240ms
[2025-08-01T03:47:45.523+0000] GC(212) Concurrent Cleanup for Next Mark
[2025-08-01T03:47:45.540+0000] GC(212) Concurrent Cleanup for Next Mark 16.510ms
[2025-08-01T03:47:45.542+0000] GC(212) Concurrent Mark Cycle 382.470ms
[2025-08-01T03:47:45.631+0000] GC(215) Pause Young (Prepare Mixed) (G1 Evacuation Pause)
[2025-08-01T03:47:45.632+0000] GC(215) Using 8 workers of 8 for evacuation
[2025-08-01T03:47:45.757+0000] GC(215)   Pre Evacuate Collection Set: 1.1ms
[2025-08-01T03:47:45.757+0000] GC(215)   Merge Heap Roots: 0.6ms
[2025-08-01T03:47:45.757+0000] GC(215)   Evacuate Collection Set: 122.1ms
[2025-08-01T03:47:45.757+0000] GC(215)   Post Evacuate Collection Set: 1.1ms
[2025-08-01T03:47:45.757+0000] GC(215)   Other: 0.1ms
[2025-08-01T03:47:45.757+0000] GC(215) Eden regions: 453->0(333)
[2025-08-01T03:47:45.757+0000] GC(215) Survivor regions: 21->60(60)
[2025-08-01T03:47:45.757+0000] GC(215) Old regions: 746->1008
[2025-08-01T03:47:45.757+0000] GC(215) Humongous regions: 0->0
[2025-08-01T03:47:45.757+0000] GC(215) Metaspace: 10593K(10816K)->10593K(10816K) NonClass: 9335K(9472K)->9335K(9472K) Class: 1258K(1344K)->1258K(1344K)
[2025-08-01T03:47:45.757+0000] GC(215) Pause Young (Prepare Mixed) (G1 Evacuation Pause) 2439M->2134M(4096M) 125.376ms
[2025-08-01T03:47:45.757+0000] GC(215) User=0.93s Sys=0.03s Real=0.13s
[2025-08-01T03:47:45.918+0000] GC(216) Pause Young (Mixed) (G1 Evacuation Pause)
[2025-08-01T03:47:45.918+0000] GC(216) Using 8 workers of 8 for evacuation
[2025-08-01T03:47:46.036+0000] GC(216)   Pre Evacuate Collection Set: 0.8ms
[2025-08-01T03:47:46.036+0000] GC(216)   Merge Heap Roots: 0.4ms
[2025-08-01T03:47:46.036+0000] GC(216)   Evacuate Collection Set: 115.6ms
[2025-08-01T03:47:46.036+0000] GC(216)   Post Evacuate Collection Set: 1.2ms
[2025-08-01T03:47:46.036+0000] GC(216)   Other: 0.1ms
[2025-08-01T03:47:46.036+0000] GC(216) Eden regions: 333->0(260)
[2025-08-01T03:47:46.036+0000] GC(216) Survivor regions: 60->50(50)
[2025-08-01T03:47:46.036+0000] GC(216) Old regions: 1008->1207
[2025-08-01T03:47:46.036+0000] GC(216) Humongous regions: 0->0
[2025-08-01T03:47:46.036+0000] GC(216) Metaspace: 10593K(10816K)->10593K(10816K) NonClass: 9335K(9472K)->9335K(9472K) Class: 1258K(1344K)->1258K(1344K)
[2025-08-01T03:47:46.036+0000] GC(216) Pause Young (Mixed) (G1 Evacuation Pause) 2800M->2513M(4096M) 118.373ms
[2025-08-01T03:47:46.036+0000] GC(216) User=0.86s Sys=0.04s Real=0.12s
[2025-08-01T03:47:46.136+0000] GC(217) Pause Young (Concurrent Start) (G1 Evacuation Pause)
[2025-08-01T03:47:46.136+0000] GC(217) Using 8 workers of 8 for evacuation
[2025-08-01T03:47:46.224+0000] GC(217)   Pre Evacuate Collection Set: 1.1ms
[2025-08-01T03:47:46.224+0000] GC(217)   Merge Heap Roots: 0.3ms
[2025-08-01T03:47:46.224+0000] GC(217)   Evacuate Collection Set: 84.5ms
[2025-08-01T03:47:46.224+0000] GC(217)   Post Evacuate Collection Set: 1.0ms
[2025-08-01T03:47:46.224+0000] GC(217)   Other: 0.3ms
[2025-08-01T03:47:46.224+0000] GC(217) Eden regions: 260->0(206)
[2025-08-01T03:47:46.224+0000] GC(217) Survivor regions: 50->39(39)
[2025-08-01T03:47:46.224+0000] GC(217) Old regions: 1207->1384
[2025-08-01T03:47:46.224+0000] GC(217) Humongous regions: 0->0
[2025-08-01T03:47:46.224+0000] GC(217) Metaspace: 10593K(10816K)->10593K(10816K) NonClass: 9335K(9472K)->9335K(9472K) Class: 1258K(1344K)->1258K(1344K)
[2025-08-01T03:47:46.224+0000] GC(217) Pause Young (Concurrent Start) (G1 Evacuation Pause) 3033M->2845M(4096M) 87.554ms
[2025-08-01T03:47:46.224+0000] GC(218) Concurrent Mark Cycle
[2025-08-01T03:47:46.224+0000] GC(218) Concurrent Scan Root Regions
[2025-08-01T03:47:46.224+0000] GC(217) User=0.64s Sys=0.02s Real=0.09s
[2025-08-01T03:47:46.268+0000] GC(218) Concurrent Scan Root Regions 43.713ms
[2025-08-01T03:47:46.268+0000] GC(218) Concurrent Mark
[2025-08-01T03:47:46.268+0000] GC(218) Concurrent Mark From Roots
[2025-08-01T03:47:46.268+0000] GC(218) Using 2 workers of 2 for marking
[2025-08-01T03:47:46.316+0000] GC(219) Pause Young (Normal) (G1 Evacuation Pause)
[2025-08-01T03:47:46.316+0000] GC(219) Using 8 workers of 8 for evacuation
[2025-08-01T03:47:46.402+0000] GC(219)   Pre Evacuate Collection Set: 1.1ms
[2025-08-01T03:47:46.402+0000] GC(219)   Merge Heap Roots: 0.4ms
[2025-08-01T03:47:46.402+0000] GC(219)   Evacuate Collection Set: 81.8ms
[2025-08-01T03:47:46.402+0000] GC(219)   Post Evacuate Collection Set: 1.8ms
[2025-08-01T03:47:46.402+0000] GC(219)   Other: 0.1ms
[2025-08-01T03:47:46.402+0000] GC(219) Eden regions: 206->0(132)
[2025-08-01T03:47:46.402+0000] GC(219) Survivor regions: 39->31(31)
[2025-08-01T03:47:46.402+0000] GC(219) Old regions: 1384->1599
[2025-08-01T03:47:46.402+0000] GC(219) Humongous regions: 0->0
[2025-08-01T03:47:46.402+0000] GC(219) Metaspace: 10593K(10816K)->10593K(10816K) NonClass: 9335K(9472K)->9335K(9472K) Class: 1258K(1344K)->1258K(1344K)
[2025-08-01T03:47:46.402+0000] GC(219) Pause Young (Normal) (G1 Evacuation Pause) 3257M->3259M(4096M) 85.415ms
[2025-08-01T03:47:46.402+0000] GC(219) User=0.64s Sys=0.01s Real=0.08s
[2025-08-01T03:47:46.436+0000] GC(218) Concurrent Mark From Roots 168.469ms
[2025-08-01T03:47:46.436+0000] GC(218) Concurrent Preclean
[2025-08-01T03:47:46.436+0000] GC(218) Concurrent Preclean 0.024ms
[2025-08-01T03:47:46.436+0000] GC(218) Pause Remark
[2025-08-01T03:47:46.441+0000] GC(218) Pause Remark 3374M->1374M(4096M) 4.283ms
[2025-08-01T03:47:46.441+0000] GC(218) User=0.01s Sys=0.00s Real=0.00s
[2025-08-01T03:47:46.441+0000] GC(218) Concurrent Mark 173.212ms
[2025-08-01T03:47:46.441+0000] GC(218) Concurrent Rebuild Remembered Sets and Scrub Regions
[2025-08-01T03:47:46.475+0000] GC(220) Pause Young (Normal) (G1 Evacuation Pause)
[2025-08-01T03:47:46.475+0000] GC(220) Using 8 workers of 8 for evacuation
[2025-08-01T03:47:46.530+0000] GC(220)   Pre Evacuate Collection Set: 1.1ms
[2025-08-01T03:47:46.530+0000] GC(220)   Merge Heap Roots: 0.3ms
[2025-08-01T03:47:46.530+0000] GC(220)   Evacuate Collection Set: 52.7ms
[2025-08-01T03:47:46.530+0000] GC(220)   Post Evacuate Collection Set: 0.8ms
[2025-08-01T03:47:46.530+0000] GC(220)   Other: 0.1ms
[2025-08-01T03:47:46.531+0000] GC(220) Eden regions: 132->0(458)
[2025-08-01T03:47:46.531+0000] GC(220) Survivor regions: 31->21(21)
[2025-08-01T03:47:46.531+0000] GC(220) Old regions: 599->732
[2025-08-01T03:47:46.531+0000] GC(220) Humongous regions: 0->0
[2025-08-01T03:47:46.531+0000] GC(220) Metaspace: 10593K(10816K)->10593K(10816K) NonClass: 9335K(9472K)->9335K(9472K) Class: 1258K(1344K)->1258K(1344K)
[2025-08-01T03:47:46.531+0000] GC(220) Pause Young (Normal) (G1 Evacuation Pause) 1523M->1505M(4096M) 55.262ms
[2025-08-01T03:47:46.531+0000] GC(220) User=0.42s Sys=0.01s Real=0.05s
[2025-08-01T03:47:46.641+0000] GC(218) Concurrent Rebuild Remembered Sets and Scrub Regions 199.875ms
[2025-08-01T03:47:46.641+0000] GC(218) Pause Cleanup
[2025-08-01T03:47:46.643+0000] GC(218) Pause Cleanup 2078M->2078M(4096M) 2.141ms
[2025-08-01T03:47:46.643+0000] GC(218) User=0.01s Sys=0.00s Real=0.01s
[2025-08-01T03:47:46.643+0000] GC(218) Concurrent Clear Claimed Marks
[2025-08-01T03:47:46.643+0000] GC(218) Concurrent Clear Claimed Marks 0.037ms
[2025-08-01T03:47:46.643+0000] GC(218) Concurrent Cleanup for Next Mark
[2025-08-01T03:47:46.652+0000] GC(218) Concurrent Cleanup for Next Mark 8.059ms
[2025-08-01T03:47:46.652+0000] GC(218) Concurrent Mark Cycle 427.607ms
[2025-08-01T03:47:46.713+0000] GC(221) Pause Young (Prepare Mixed) (G1 Evacuation Pause)
[2025-08-01T03:47:46.713+0000] GC(221) Using 8 workers of 8 for evacuation
[2025-08-01T03:47:46.833+0000] GC(221)   Pre Evacuate Collection Set: 0.8ms
[2025-08-01T03:47:46.833+0000] GC(221)   Merge Heap Roots: 0.3ms
[2025-08-01T03:47:46.833+0000] GC(221)   Evacuate Collection Set: 117.2ms
[2025-08-01T03:47:46.833+0000] GC(221)   Post Evacuate Collection Set: 1.2ms
[2025-08-01T03:47:46.833+0000] GC(221)   Other: 0.1ms
[2025-08-01T03:47:46.833+0000] GC(221) Eden regions: 458->0(308)
[2025-08-01T03:47:46.833+0000] GC(221) Survivor regions: 21->60(60)
[2025-08-01T03:47:46.833+0000] GC(221) Old regions: 732->1052
[2025-08-01T03:47:46.833+0000] GC(221) Humongous regions: 0->0
[2025-08-01T03:47:46.833+0000] GC(221) Metaspace: 10593K(10816K)->10593K(10816K) NonClass: 9335K(9472K)->9335K(9472K) Class: 1258K(1344K)->1258K(1344K)
[2025-08-01T03:47:46.833+0000] GC(221) Pause Young (Prepare Mixed) (G1 Evacuation Pause) 2421M->2223M(4096M) 120.007ms
[2025-08-01T03:47:46.833+0000] GC(221) User=0.94s Sys=0.01s Real=0.12s
[2025-08-01T03:47:46.968+0000] GC(222) Pause Young (Mixed) (G1 Evacuation Pause)
[2025-08-01T03:47:46.968+0000] GC(222) Using 8 workers of 8 for evacuation
[2025-08-01T03:47:47.139+0000] GC(222)   Pre Evacuate Collection Set: 1.0ms
[2025-08-01T03:47:47.139+0000] GC(222)   Merge Heap Roots: 0.1ms
[2025-08-01T03:47:47.139+0000] GC(222)   Evacuate Collection Set: 168.4ms
[2025-08-01T03:47:47.139+0000] GC(222)   Post Evacuate Collection Set: 1.6ms
[2025-08-01T03:47:47.139+0000] GC(222)   Other: 0.1ms
[2025-08-01T03:47:47.139+0000] GC(222) Eden regions: 308->0(203)
[2025-08-01T03:47:47.139+0000] GC(222) Survivor regions: 60->46(46)
[2025-08-01T03:47:47.139+0000] GC(222) Old regions: 1052->1352
[2025-08-01T03:47:47.139+0000] GC(222) Humongous regions: 0->0
[2025-08-01T03:47:47.139+0000] GC(222) Metaspace: 10593K(10816K)->10593K(10816K) NonClass: 9335K(9472K)->9335K(9472K) Class: 1258K(1344K)->1258K(1344K)
[2025-08-01T03:47:47.139+0000] GC(222) Pause Young (Mixed) (G1 Evacuation Pause) 2839M->2794M(4096M) 171.463ms
[2025-08-01T03:47:47.139+0000] GC(222) User=1.18s Sys=0.09s Real=0.17s
[2025-08-01T03:47:47.225+0000] GC(223) Pause Young (Concurrent Start) (G1 Evacuation Pause)
[2025-08-01T03:47:47.225+0000] GC(223) Using 8 workers of 8 for evacuation
[2025-08-01T03:47:47.292+0000] GC(223)   Pre Evacuate Collection Set: 0.7ms
[2025-08-01T03:47:47.292+0000] GC(223)   Merge Heap Roots: 0.4ms
[2025-08-01T03:47:47.292+0000] GC(223)   Evacuate Collection Set: 64.0ms
[2025-08-01T03:47:47.292+0000] GC(223)   Post Evacuate Collection Set: 1.6ms
[2025-08-01T03:47:47.292+0000] GC(223)   Other: 0.3ms
[2025-08-01T03:47:47.292+0000] GC(223) Eden regions: 203->0(179)
[2025-08-01T03:47:47.292+0000] GC(223) Survivor regions: 46->32(32)
[2025-08-01T03:47:47.292+0000] GC(223) Old regions: 1352->1460
[2025-08-01T03:47:47.292+0000] GC(223) Humongous regions: 0->0
[2025-08-01T03:47:47.292+0000] GC(223) Metaspace: 10593K(10816K)->10593K(10816K) NonClass: 9335K(9472K)->9335K(9472K) Class: 1258K(1344K)->1258K(1344K)
[2025-08-01T03:47:47.292+0000] GC(223) Pause Young (Concurrent Start) (G1 Evacuation Pause) 3200M->2982M(4096M) 67.450ms
[2025-08-01T03:47:47.292+0000] GC(223) User=0.46s Sys=0.03s Real=0.06s
[2025-08-01T03:47:47.292+0000] GC(224) Concurrent Mark Cycle
[2025-08-01T03:47:47.292+0000] GC(224) Concurrent Scan Root Regions
[2025-08-01T03:47:47.333+0000] GC(224) Concurrent Scan Root Regions 40.453ms
[2025-08-01T03:47:47.333+0000] GC(224) Concurrent Mark
[2025-08-01T03:47:47.333+0000] GC(224) Concurrent Mark From Roots
[2025-08-01T03:47:47.333+0000] GC(224) Using 2 workers of 2 for marking
[2025-08-01T03:47:47.381+0000] GC(225) Pause Young (Normal) (G1 Evacuation Pause)
[2025-08-01T03:47:47.381+0000] GC(225) Using 8 workers of 8 for evacuation
[2025-08-01T03:47:47.456+0000] GC(225)   Pre Evacuate Collection Set: 0.8ms
[2025-08-01T03:47:47.456+0000] GC(225)   Merge Heap Roots: 0.1ms
[2025-08-01T03:47:47.456+0000] GC(225)   Evacuate Collection Set: 72.9ms
[2025-08-01T03:47:47.456+0000] GC(225)   Post Evacuate Collection Set: 1.4ms
[2025-08-01T03:47:47.456+0000] GC(225)   Other: 0.1ms
[2025-08-01T03:47:47.456+0000] GC(225) Eden regions: 179->0(140)
[2025-08-01T03:47:47.456+0000] GC(225) Survivor regions: 32->27(27)
[2025-08-01T03:47:47.456+0000] GC(225) Old regions: 1460->1590
[2025-08-01T03:47:47.456+0000] GC(225) Humongous regions: 0->0
[2025-08-01T03:47:47.456+0000] GC(225) Metaspace: 10593K(10816K)->10593K(10816K) NonClass: 9335K(9472K)->9335K(9472K) Class: 1258K(1344K)->1258K(1344K)
[2025-08-01T03:47:47.456+0000] GC(225) Pause Young (Normal) (G1 Evacuation Pause) 3340M->3232M(4096M) 75.575ms
[2025-08-01T03:47:47.456+0000] GC(225) User=0.55s Sys=0.02s Real=0.08s
[2025-08-01T03:47:47.503+0000] GC(224) Concurrent Mark From Roots 170.052ms
[2025-08-01T03:47:47.503+0000] GC(224) Concurrent Preclean
[2025-08-01T03:47:47.503+0000] GC(224) Concurrent Preclean 0.026ms
[2025-08-01T03:47:47.503+0000] GC(224) Pause Remark
[2025-08-01T03:47:47.510+0000] GC(224) Pause Remark 3498M->1424M(4096M) 6.463ms
[2025-08-01T03:47:47.510+0000] GC(224) User=0.01s Sys=0.01s Real=0.00s
[2025-08-01T03:47:47.510+0000] GC(224) Concurrent Mark 177.074ms
[2025-08-01T03:47:47.510+0000] GC(224) Concurrent Rebuild Remembered Sets and Scrub Regions
[2025-08-01T03:47:47.525+0000] GC(226) Pause Young (Normal) (G1 Evacuation Pause)
[2025-08-01T03:47:47.525+0000] GC(226) Using 8 workers of 8 for evacuation
[2025-08-01T03:47:47.596+0000] GC(226)   Pre Evacuate Collection Set: 0.9ms
[2025-08-01T03:47:47.596+0000] GC(226)   Merge Heap Roots: 0.3ms
[2025-08-01T03:47:47.596+0000] GC(226)   Evacuate Collection Set: 68.4ms
[2025-08-01T03:47:47.596+0000] GC(226)   Post Evacuate Collection Set: 0.8ms
[2025-08-01T03:47:47.596+0000] GC(226)   Other: 0.1ms
[2025-08-01T03:47:47.596+0000] GC(226) Eden regions: 140->0(474)
[2025-08-01T03:47:47.596+0000] GC(226) Survivor regions: 27->21(21)
[2025-08-01T03:47:47.596+0000] GC(226) Old regions: 553->700
[2025-08-01T03:47:47.596+0000] GC(226) Humongous regions: 0->0
[2025-08-01T03:47:47.596+0000] GC(226) Metaspace: 10593K(10816K)->10593K(10816K) NonClass: 9335K(9472K)->9335K(9472K) Class: 1258K(1344K)->1258K(1344K)
[2025-08-01T03:47:47.596+0000] GC(226) Pause Young (Normal) (G1 Evacuation Pause) 1438M->1440M(4096M) 70.780ms
[2025-08-01T03:47:47.596+0000] GC(226) User=0.48s Sys=0.02s Real=0.07s
[2025-08-01T03:47:47.698+0000] GC(224) Concurrent Rebuild Remembered Sets and Scrub Regions 188.205ms
[2025-08-01T03:47:47.699+0000] GC(224) Pause Cleanup
[2025-08-01T03:47:47.700+0000] GC(224) Pause Cleanup 1984M->1984M(4096M) 1.233ms
[2025-08-01T03:47:47.700+0000] GC(224) User=0.00s Sys=0.00s Real=0.00s
[2025-08-01T03:47:47.701+0000] GC(224) Concurrent Clear Claimed Marks
[2025-08-01T03:47:47.701+0000] GC(224) Concurrent Clear Claimed Marks 0.134ms
[2025-08-01T03:47:47.701+0000] GC(224) Concurrent Cleanup for Next Mark
[2025-08-01T03:47:47.716+0000] GC(224) Concurrent Cleanup for Next Mark 15.566ms
[2025-08-01T03:47:47.716+0000] GC(224) Concurrent Mark Cycle 424.223ms
[2025-08-01T03:47:47.789+0000] GC(227) Pause Young (Prepare Mixed) (G1 Evacuation Pause)
[2025-08-01T03:47:47.789+0000] GC(227) Using 8 workers of 8 for evacuation
[2025-08-01T03:47:47.900+0000] GC(227)   Pre Evacuate Collection Set: 0.6ms
[2025-08-01T03:47:47.900+0000] GC(227)   Merge Heap Roots: 0.5ms
[2025-08-01T03:47:47.900+0000] GC(227)   Evacuate Collection Set: 108.4ms
[2025-08-01T03:47:47.900+0000] GC(227)   Post Evacuate Collection Set: 1.1ms
[2025-08-01T03:47:47.900+0000] GC(227)   Other: 0.1ms
[2025-08-01T03:47:47.900+0000] GC(227) Eden regions: 474->0(360)
[2025-08-01T03:47:47.900+0000] GC(227) Survivor regions: 21->62(62)
[2025-08-01T03:47:47.900+0000] GC(227) Old regions: 700->952
[2025-08-01T03:47:47.900+0000] GC(227) Humongous regions: 0->0
[2025-08-01T03:47:47.900+0000] GC(227) Metaspace: 10593K(10816K)->10593K(10816K) NonClass: 9335K(9472K)->9335K(9472K) Class: 1258K(1344K)->1258K(1344K)
[2025-08-01T03:47:47.900+0000] GC(227) Pause Young (Prepare Mixed) (G1 Evacuation Pause) 2388M->2026M(4096M) 111.111ms
[2025-08-01T03:47:47.900+0000] GC(227) User=0.85s Sys=0.03s Real=0.11s
[2025-08-01T03:47:48.066+0000] GC(228) Pause Young (Mixed) (G1 Evacuation Pause)
[2025-08-01T03:47:48.066+0000] GC(228) Using 8 workers of 8 for evacuation
[2025-08-01T03:47:48.213+0000] GC(228)   Pre Evacuate Collection Set: 0.8ms
[2025-08-01T03:47:48.213+0000] GC(228)   Merge Heap Roots: 0.1ms
[2025-08-01T03:47:48.213+0000] GC(228)   Evacuate Collection Set: 144.9ms
[2025-08-01T03:47:48.213+0000] GC(228)   Post Evacuate Collection Set: 0.7ms
[2025-08-01T03:47:48.213+0000] GC(228)   Other: 0.1ms
[2025-08-01T03:47:48.213+0000] GC(228) Eden regions: 360->0(265)
[2025-08-01T03:47:48.213+0000] GC(228) Survivor regions: 62->53(53)
[2025-08-01T03:47:48.213+0000] GC(228) Old regions: 952->1192
[2025-08-01T03:47:48.213+0000] GC(228) Humongous regions: 0->0
[2025-08-01T03:47:48.213+0000] GC(228) Metaspace: 10593K(10816K)->10593K(10816K) NonClass: 9335K(9472K)->9335K(9472K) Class: 1258K(1344K)->1258K(1344K)
[2025-08-01T03:47:48.213+0000] GC(228) Pause Young (Mixed) (G1 Evacuation Pause) 2746M->2489M(4096M) 146.854ms
[2025-08-01T03:47:48.213+0000] GC(228) User=1.08s Sys=0.03s Real=0.15s
[2025-08-01T03:47:48.314+0000] GC(229) Pause Young (Concurrent Start) (G1 Evacuation Pause)
[2025-08-01T03:47:48.314+0000] GC(229) Using 8 workers of 8 for evacuation
[2025-08-01T03:47:48.479+0000] GC(229)   Pre Evacuate Collection Set: 1.0ms
[2025-08-01T03:47:48.480+0000] GC(229)   Merge Heap Roots: 0.3ms
[2025-08-01T03:47:48.480+0000] GC(229)   Evacuate Collection Set: 162.6ms
[2025-08-01T03:47:48.480+0000] GC(229)   Post Evacuate Collection Set: 1.1ms
[2025-08-01T03:47:48.480+0000] GC(229)   Other: 0.2ms
[2025-08-01T03:47:48.480+0000] GC(229) Eden regions: 265->0(168)
[2025-08-01T03:47:48.480+0000] GC(229) Survivor regions: 53->40(40)
[2025-08-01T03:47:48.480+0000] GC(229) Old regions: 1192->1472
[2025-08-01T03:47:48.480+0000] GC(229) Humongous regions: 0->0
[2025-08-01T03:47:48.480+0000] GC(229) Metaspace: 10593K(10816K)->10593K(10816K) NonClass: 9335K(9472K)->9335K(9472K) Class: 1258K(1344K)->1258K(1344K)
[2025-08-01T03:47:48.480+0000] GC(229) Pause Young (Concurrent Start) (G1 Evacuation Pause) 3019M->3023M(4096M) 165.442ms
[2025-08-01T03:47:48.480+0000] GC(229) User=1.21s Sys=0.06s Real=0.16s
[2025-08-01T03:47:48.480+0000] GC(230) Concurrent Mark Cycle
[2025-08-01T03:47:48.480+0000] GC(230) Concurrent Scan Root Regions
[2025-08-01T03:47:48.539+0000] GC(230) Concurrent Scan Root Regions 59.452ms
[2025-08-01T03:47:48.539+0000] GC(230) Concurrent Mark
[2025-08-01T03:47:48.539+0000] GC(230) Concurrent Mark From Roots
[2025-08-01T03:47:48.539+0000] GC(230) Using 2 workers of 2 for marking
[2025-08-01T03:47:48.559+0000] GC(231) Pause Young (Normal) (G1 Evacuation Pause)
[2025-08-01T03:47:48.559+0000] GC(231) Using 8 workers of 8 for evacuation
[2025-08-01T03:47:48.625+0000] GC(231)   Pre Evacuate Collection Set: 0.7ms
[2025-08-01T03:47:48.626+0000] GC(231)   Merge Heap Roots: 0.3ms
[2025-08-01T03:47:48.626+0000] GC(231)   Evacuate Collection Set: 64.5ms
[2025-08-01T03:47:48.626+0000] GC(231)   Post Evacuate Collection Set: 1.0ms
[2025-08-01T03:47:48.626+0000] GC(231)   Other: 0.1ms
[2025-08-01T03:47:48.626+0000] GC(231) Eden regions: 168->0(122)
[2025-08-01T03:47:48.626+0000] GC(231) Survivor regions: 40->26(26)
[2025-08-01T03:47:48.626+0000] GC(231) Old regions: 1472->1630
[2025-08-01T03:47:48.626+0000] GC(231) Humongous regions: 0->0
[2025-08-01T03:47:48.626+0000] GC(231) Metaspace: 10593K(10816K)->10593K(10816K) NonClass: 9335K(9472K)->9335K(9472K) Class: 1258K(1344K)->1258K(1344K)
[2025-08-01T03:47:48.626+0000] GC(231) Pause Young (Normal) (G1 Evacuation Pause) 3359M->3311M(4096M) 66.937ms
[2025-08-01T03:47:48.626+0000] GC(231) User=0.50s Sys=0.01s Real=0.07s
[2025-08-01T03:47:48.694+0000] GC(232) Pause Young (Normal) (G1 Evacuation Pause)
[2025-08-01T03:47:48.694+0000] GC(232) Using 8 workers of 8 for evacuation
[2025-08-01T03:47:48.739+0000] GC(232)   Pre Evacuate Collection Set: 0.9ms
[2025-08-01T03:47:48.739+0000] GC(232)   Merge Heap Roots: 0.1ms
[2025-08-01T03:47:48.739+0000] GC(232)   Evacuate Collection Set: 43.2ms
[2025-08-01T03:47:48.739+0000] GC(232)   Post Evacuate Collection Set: 0.7ms
[2025-08-01T03:47:48.739+0000] GC(232)   Other: 0.1ms
[2025-08-01T03:47:48.739+0000] GC(232) Eden regions: 122->0(93)
[2025-08-01T03:47:48.739+0000] GC(232) Survivor regions: 26->19(19)
[2025-08-01T03:47:48.739+0000] GC(232) Old regions: 1630->1730
[2025-08-01T03:47:48.739+0000] GC(232) Humongous regions: 0->0
[2025-08-01T03:47:48.739+0000] GC(232) Metaspace: 10593K(10816K)->10593K(10816K) NonClass: 9335K(9472K)->9335K(9472K) Class: 1258K(1344K)->1258K(1344K)
[2025-08-01T03:47:48.739+0000] GC(232) Pause Young (Normal) (G1 Evacuation Pause) 3555M->3496M(4096M) 45.245ms
[2025-08-01T03:47:48.739+0000] GC(232) User=0.31s Sys=0.00s Real=0.04s
[2025-08-01T03:47:48.760+0000] GC(233) Pause Young (Normal) (G1 Evacuation Pause)
[2025-08-01T03:47:48.760+0000] GC(233) Using 8 workers of 8 for evacuation
[2025-08-01T03:47:48.789+0000] GC(233)   Pre Evacuate Collection Set: 0.6ms
[2025-08-01T03:47:48.789+0000] GC(233)   Merge Heap Roots: 0.2ms
[2025-08-01T03:47:48.789+0000] GC(233)   Evacuate Collection Set: 27.6ms
[2025-08-01T03:47:48.789+0000] GC(233)   Post Evacuate Collection Set: 0.8ms
[2025-08-01T03:47:48.789+0000] GC(233)   Other: 0.1ms
[2025-08-01T03:47:48.789+0000] GC(233) Eden regions: 93->0(88)
[2025-08-01T03:47:48.789+0000] GC(233) Survivor regions: 19->14(14)
[2025-08-01T03:47:48.789+0000] GC(233) Old regions: 1730->1801
[2025-08-01T03:47:48.789+0000] GC(233) Humongous regions: 0->0
[2025-08-01T03:47:48.789+0000] GC(233) Metaspace: 10593K(10816K)->10593K(10816K) NonClass: 9335K(9472K)->9335K(9472K) Class: 1258K(1344K)->1258K(1344K)
[2025-08-01T03:47:48.789+0000] GC(233) Pause Young (Normal) (G1 Evacuation Pause) 3682M->3628M(4096M) 29.702ms
[2025-08-01T03:47:48.789+0000] GC(233) User=0.22s Sys=0.01s Real=0.03s
[2025-08-01T03:47:48.807+0000] GC(230) Concurrent Mark From Roots 267.666ms
[2025-08-01T03:47:48.807+0000] GC(230) Concurrent Preclean
[2025-08-01T03:47:48.807+0000] GC(230) Concurrent Preclean 0.026ms
[2025-08-01T03:47:48.808+0000] GC(230) Pause Remark
[2025-08-01T03:47:48.812+0000] GC(230) Pause Remark 3734M->2038M(4096M) 3.939ms
[2025-08-01T03:47:48.812+0000] GC(230) User=0.01s Sys=0.00s Real=0.00s
[2025-08-01T03:47:48.812+0000] GC(230) Concurrent Mark 272.882ms
[2025-08-01T03:47:48.812+0000] GC(230) Concurrent Rebuild Remembered Sets and Scrub Regions
[2025-08-01T03:47:48.828+0000] GC(234) Pause Young (Normal) (G1 Evacuation Pause)
[2025-08-01T03:47:48.828+0000] GC(234) Using 8 workers of 8 for evacuation
[2025-08-01T03:47:48.853+0000] GC(234)   Pre Evacuate Collection Set: 0.7ms
[2025-08-01T03:47:48.853+0000] GC(234)   Merge Heap Roots: 0.1ms
[2025-08-01T03:47:48.853+0000] GC(234)   Evacuate Collection Set: 23.7ms
[2025-08-01T03:47:48.853+0000] GC(234)   Post Evacuate Collection Set: 0.8ms
[2025-08-01T03:47:48.853+0000] GC(234)   Other: 0.1ms
[2025-08-01T03:47:48.853+0000] GC(234) Eden regions: 88->0(335)
[2025-08-01T03:47:48.853+0000] GC(234) Survivor regions: 14->13(13)
[2025-08-01T03:47:48.853+0000] GC(234) Old regions: 953->1019
[2025-08-01T03:47:48.853+0000] GC(234) Humongous regions: 0->0
[2025-08-01T03:47:48.853+0000] GC(234) Metaspace: 10593K(10816K)->10593K(10816K) NonClass: 9335K(9472K)->9335K(9472K) Class: 1258K(1344K)->1258K(1344K)
[2025-08-01T03:47:48.853+0000] GC(234) Pause Young (Normal) (G1 Evacuation Pause) 2108M->2063M(4096M) 25.636ms
[2025-08-01T03:47:48.853+0000] GC(234) User=0.18s Sys=0.00s Real=0.03s
[2025-08-01T03:47:48.982+0000] GC(235) Pause Young (Normal) (G1 Evacuation Pause)
[2025-08-01T03:47:48.982+0000] GC(235) Using 8 workers of 8 for evacuation
[2025-08-01T03:47:49.104+0000] GC(235)   Pre Evacuate Collection Set: 0.8ms
[2025-08-01T03:47:49.104+0000] GC(235)   Merge Heap Roots: 0.3ms
[2025-08-01T03:47:49.104+0000] GC(235)   Evacuate Collection Set: 119.1ms
[2025-08-01T03:47:49.104+0000] GC(235)   Post Evacuate Collection Set: 1.5ms
[2025-08-01T03:47:49.104+0000] GC(235)   Other: 0.1ms
[2025-08-01T03:47:49.104+0000] GC(235) Eden regions: 335->0(215)
[2025-08-01T03:47:49.104+0000] GC(235) Survivor regions: 13->44(44)
[2025-08-01T03:47:49.104+0000] GC(235) Old regions: 1019->1324
[2025-08-01T03:47:49.104+0000] GC(235) Humongous regions: 0->0
[2025-08-01T03:47:49.104+0000] GC(235) Metaspace: 10593K(10816K)->10593K(10816K) NonClass: 9335K(9472K)->9335K(9472K) Class: 1258K(1344K)->1258K(1344K)
[2025-08-01T03:47:49.104+0000] GC(235) Pause Young (Normal) (G1 Evacuation Pause) 2733M->2735M(4096M) 122.128ms
[2025-08-01T03:47:49.104+0000] GC(235) User=0.94s Sys=0.02s Real=0.13s
[2025-08-01T03:47:49.175+0000] GC(230) Concurrent Rebuild Remembered Sets and Scrub Regions 362.946ms
[2025-08-01T03:47:49.176+0000] GC(230) Pause Cleanup
[2025-08-01T03:47:49.176+0000] GC(230) Pause Cleanup 3073M->3073M(4096M) 0.892ms
[2025-08-01T03:47:49.176+0000] GC(230) User=0.00s Sys=0.00s Real=0.00s
[2025-08-01T03:47:49.177+0000] GC(230) Concurrent Clear Claimed Marks
[2025-08-01T03:47:49.177+0000] GC(230) Concurrent Clear Claimed Marks 0.042ms
[2025-08-01T03:47:49.177+0000] GC(230) Concurrent Cleanup for Next Mark
[2025-08-01T03:47:49.188+0000] GC(230) Concurrent Cleanup for Next Mark 11.182ms
[2025-08-01T03:47:49.188+0000] GC(230) Concurrent Mark Cycle 708.192ms
[2025-08-01T03:47:49.192+0000] GC(236) Pause Young (Prepare Mixed) (G1 Evacuation Pause)
[2025-08-01T03:47:49.192+0000] GC(236) Using 8 workers of 8 for evacuation
[2025-08-01T03:47:49.267+0000] GC(236)   Pre Evacuate Collection Set: 0.6ms
[2025-08-01T03:47:49.267+0000] GC(236)   Merge Heap Roots: 0.1ms
[2025-08-01T03:47:49.267+0000] GC(236)   Evacuate Collection Set: 73.5ms
[2025-08-01T03:47:49.267+0000] GC(236)   Post Evacuate Collection Set: 1.0ms
[2025-08-01T03:47:49.267+0000] GC(236)   Other: 0.1ms
[2025-08-01T03:47:49.267+0000] GC(236) Eden regions: 215->0(165)
[2025-08-01T03:47:49.267+0000] GC(236) Survivor regions: 44->33(33)
[2025-08-01T03:47:49.267+0000] GC(236) Old regions: 1324->1502
[2025-08-01T03:47:49.267+0000] GC(236) Humongous regions: 0->0
[2025-08-01T03:47:49.267+0000] GC(236) Metaspace: 10593K(10816K)->10593K(10816K) NonClass: 9335K(9472K)->9335K(9472K) Class: 1258K(1344K)->1258K(1344K)
[2025-08-01T03:47:49.267+0000] GC(236) Pause Young (Prepare Mixed) (G1 Evacuation Pause) 3165M->3069M(4096M) 75.589ms
[2025-08-01T03:47:49.267+0000] GC(236) User=0.53s Sys=0.02s Real=0.08s
[2025-08-01T03:47:49.345+0000] GC(237) Pause Young (Mixed) (G1 Evacuation Pause)
[2025-08-01T03:47:49.345+0000] GC(237) Using 8 workers of 8 for evacuation
[2025-08-01T03:47:49.433+0000] GC(237)   Pre Evacuate Collection Set: 1.2ms
[2025-08-01T03:47:49.433+0000] GC(237)   Merge Heap Roots: 0.4ms
[2025-08-01T03:47:49.433+0000] GC(237)   Evacuate Collection Set: 84.0ms
[2025-08-01T03:47:49.433+0000] GC(237)   Post Evacuate Collection Set: 1.7ms
[2025-08-01T03:47:49.433+0000] GC(237)   Other: 0.1ms
[2025-08-01T03:47:49.433+0000] GC(237) Eden regions: 165->0(129)
[2025-08-01T03:47:49.433+0000] GC(237) Survivor regions: 33->25(25)
[2025-08-01T03:47:49.433+0000] GC(237) Old regions: 1502->1627
[2025-08-01T03:47:49.434+0000] GC(237) Humongous regions: 0->0
[2025-08-01T03:47:49.434+0000] GC(237) Metaspace: 10593K(10816K)->10593K(10816K) NonClass: 9335K(9472K)->9335K(9472K) Class: 1258K(1344K)->1258K(1344K)
[2025-08-01T03:47:49.434+0000] GC(237) Pause Young (Mixed) (G1 Evacuation Pause) 3399M->3302M(4096M) 88.524ms
[2025-08-01T03:47:49.434+0000] GC(237) User=0.62s Sys=0.02s Real=0.09s
[2025-08-01T03:47:49.456+0000] GC(238) Pause Young (Concurrent Start) (G1 Evacuation Pause)
[2025-08-01T03:47:49.456+0000] GC(238) Using 8 workers of 8 for evacuation
[2025-08-01T03:47:49.517+0000] GC(238)   Pre Evacuate Collection Set: 1.1ms
[2025-08-01T03:47:49.517+0000] GC(238)   Merge Heap Roots: 0.3ms
[2025-08-01T03:47:49.517+0000] GC(238)   Evacuate Collection Set: 57.8ms
[2025-08-01T03:47:49.517+0000] GC(238)   Post Evacuate Collection Set: 1.0ms
[2025-08-01T03:47:49.517+0000] GC(238)   Other: 0.2ms
[2025-08-01T03:47:49.517+0000] GC(238) Eden regions: 129->0(83)
[2025-08-01T03:47:49.517+0000] GC(238) Survivor regions: 25->20(20)
[2025-08-01T03:47:49.517+0000] GC(238) Old regions: 1627->1763
[2025-08-01T03:47:49.517+0000] GC(238) Humongous regions: 0->0
[2025-08-01T03:47:49.517+0000] GC(238) Metaspace: 10593K(10816K)->10593K(10816K) NonClass: 9335K(9472K)->9335K(9472K) Class: 1258K(1344K)->1258K(1344K)
[2025-08-01T03:47:49.517+0000] GC(238) Pause Young (Concurrent Start) (G1 Evacuation Pause) 3560M->3564M(4096M) 60.717ms
[2025-08-01T03:47:49.517+0000] GC(238) User=0.43s Sys=0.03s Real=0.06s
[2025-08-01T03:47:49.517+0000] GC(239) Concurrent Mark Cycle
[2025-08-01T03:47:49.517+0000] GC(239) Concurrent Scan Root Regions
[2025-08-01T03:47:49.545+0000] GC(239) Concurrent Scan Root Regions 27.647ms
[2025-08-01T03:47:49.545+0000] GC(239) Concurrent Mark
[2025-08-01T03:47:49.545+0000] GC(239) Concurrent Mark From Roots
[2025-08-01T03:47:49.545+0000] GC(239) Using 2 workers of 2 for marking
[2025-08-01T03:47:49.583+0000] GC(240) Pause Young (Normal) (G1 Evacuation Pause)
[2025-08-01T03:47:49.583+0000] GC(240) Using 8 workers of 8 for evacuation
[2025-08-01T03:47:49.613+0000] GC(240)   Pre Evacuate Collection Set: 1.0ms
[2025-08-01T03:47:49.613+0000] GC(240)   Merge Heap Roots: 0.1ms
[2025-08-01T03:47:49.613+0000] GC(240)   Evacuate Collection Set: 27.4ms
[2025-08-01T03:47:49.613+0000] GC(240)   Post Evacuate Collection Set: 0.6ms
[2025-08-01T03:47:49.613+0000] GC(240)   Other: 0.1ms
[2025-08-01T03:47:49.613+0000] GC(240) Eden regions: 83->0(89)
[2025-08-01T03:47:49.613+0000] GC(240) Survivor regions: 20->13(13)
[2025-08-01T03:47:49.613+0000] GC(240) Old regions: 1763->1834
[2025-08-01T03:47:49.613+0000] GC(240) Humongous regions: 0->0
[2025-08-01T03:47:49.613+0000] GC(240) Metaspace: 10593K(10816K)->10593K(10816K) NonClass: 9335K(9472K)->9335K(9472K) Class: 1258K(1344K)->1258K(1344K)
[2025-08-01T03:47:49.613+0000] GC(240) Pause Young (Normal) (G1 Evacuation Pause) 3730M->3693M(4096M) 29.660ms
[2025-08-01T03:47:49.613+0000] GC(240) User=0.21s Sys=0.01s Real=0.03s
[2025-08-01T03:47:49.629+0000] GC(241) Pause Young (Normal) (G1 Evacuation Pause)
[2025-08-01T03:47:49.629+0000] GC(241) Using 8 workers of 8 for evacuation
[2025-08-01T03:47:49.663+0000] GC(241)   Pre Evacuate Collection Set: 0.8ms
[2025-08-01T03:47:49.663+0000] GC(241)   Merge Heap Roots: 0.1ms
[2025-08-01T03:47:49.663+0000] GC(241)   Evacuate Collection Set: 32.4ms
[2025-08-01T03:47:49.663+0000] GC(241)   Post Evacuate Collection Set: 0.8ms
[2025-08-01T03:47:49.663+0000] GC(241)   Other: 0.1ms
[2025-08-01T03:47:49.663+0000] GC(241) Eden regions: 89->0(89)
[2025-08-01T03:47:49.663+0000] GC(241) Survivor regions: 13->13(13)
[2025-08-01T03:47:49.663+0000] GC(241) Old regions: 1834->1925
[2025-08-01T03:47:49.664+0000] GC(241) Humongous regions: 0->0
[2025-08-01T03:47:49.664+0000] GC(241) Metaspace: 10593K(10816K)->10593K(10816K) NonClass: 9335K(9472K)->9335K(9472K) Class: 1258K(1344K)->1258K(1344K)
[2025-08-01T03:47:49.664+0000] GC(241) Pause Young (Normal) (G1 Evacuation Pause) 3871M->3874M(4096M) 34.469ms
[2025-08-01T03:47:49.664+0000] GC(241) User=0.26s Sys=0.00s Real=0.04s
[2025-08-01T03:47:49.722+0000] GC(242) Pause Young (Normal) (G1 Evacuation Pause)
[2025-08-01T03:47:49.722+0000] GC(242) Using 8 workers of 8 for evacuation
[2025-08-01T03:47:49.755+0000] GC(242)   Pre Evacuate Collection Set: 0.8ms
[2025-08-01T03:47:49.755+0000] GC(242)   Merge Heap Roots: 0.1ms
[2025-08-01T03:47:49.755+0000] GC(242)   Evacuate Collection Set: 21.4ms
[2025-08-01T03:47:49.755+0000] GC(242)   Post Evacuate Collection Set: 9.8ms
[2025-08-01T03:47:49.755+0000] GC(242)   Other: 0.1ms
[2025-08-01T03:47:49.755+0000] GC(242) Eden regions: 89->0(0)
[2025-08-01T03:47:49.755+0000] GC(242) Survivor regions: 13->12(13)
[2025-08-01T03:47:49.755+0000] GC(242) Old regions: 1925->2028
[2025-08-01T03:47:49.755+0000] GC(242) Humongous regions: 0->0
[2025-08-01T03:47:49.755+0000] GC(242) Metaspace: 10593K(10816K)->10593K(10816K) NonClass: 9335K(9472K)->9335K(9472K) Class: 1258K(1344K)->1258K(1344K)
[2025-08-01T03:47:49.755+0000] GC(242) Pause Young (Normal) (G1 Evacuation Pause) (Evacuation Failure) 4052M->4079M(4096M) 32.529ms
[2025-08-01T03:47:49.755+0000] GC(242) User=0.23s Sys=0.01s Real=0.04s
[2025-08-01T03:47:49.755+0000] Attempting full compaction
[2025-08-01T03:47:49.755+0000] GC(243) Pause Full (G1 Compaction Pause)
[2025-08-01T03:47:49.755+0000] GC(243) Using 8 workers of 8 for full compaction
[2025-08-01T03:47:49.761+0000] GC(243) Phase 1: Mark live objects
[2025-08-01T03:47:49.804+0000] GC(243) Phase 1: Mark live objects 42.941ms
[2025-08-01T03:47:49.804+0000] GC(243) Phase 2: Prepare compaction
[2025-08-01T03:47:49.818+0000] GC(243) Phase 2: Prepare compaction 14.734ms
[2025-08-01T03:47:49.819+0000] GC(243) Phase 3: Adjust pointers
[2025-08-01T03:47:49.854+0000] GC(243) Phase 3: Adjust pointers 35.948ms
[2025-08-01T03:47:49.855+0000] GC(243) Phase 4: Compact heap
[2025-08-01T03:47:49.901+0000] GC(243) Phase 4: Compact heap 46.517ms
[2025-08-01T03:47:49.901+0000] GC(243) Phase 5: Reset Metadata
[2025-08-01T03:47:49.933+0000] GC(243) Phase 5: Reset Metadata 31.713ms
[2025-08-01T03:47:49.940+0000] GC(243) Eden regions: 0->0(554)
[2025-08-01T03:47:49.940+0000] GC(243) Survivor regions: 12->0(13)
[2025-08-01T03:47:49.940+0000] GC(243) Old regions: 2028->386
[2025-08-01T03:47:49.940+0000] GC(243) Humongous regions: 0->0
[2025-08-01T03:47:49.941+0000] GC(243) Metaspace: 10593K(10816K)->10593K(10816K) NonClass: 9335K(9472K)->9335K(9472K) Class: 1258K(1344K)->1258K(1344K)
[2025-08-01T03:47:49.941+0000] GC(243) Pause Full (G1 Compaction Pause) 4079M->764M(4096M) 185.721ms
[2025-08-01T03:47:49.941+0000] GC(243) User=1.28s Sys=0.03s Real=0.18s
[2025-08-01T03:47:49.941+0000] GC(239) Concurrent Mark From Roots 395.987ms
[2025-08-01T03:47:49.941+0000] GC(239) Concurrent Mark Abort
[2025-08-01T03:47:49.941+0000] GC(239) Concurrent Mark Cycle 423.976ms
[2025-08-01T03:47:50.185+0000] GC(244) Pause Young (Normal) (G1 Evacuation Pause)
[2025-08-01T03:47:50.185+0000] GC(244) Using 8 workers of 8 for evacuation
[2025-08-01T03:47:50.395+0000] GC(244) MMU target violated: 201.0ms (200.0ms/201.0ms)
[2025-08-01T03:47:50.395+0000] GC(244)   Pre Evacuate Collection Set: 1.1ms
[2025-08-01T03:47:50.395+0000] GC(244)   Merge Heap Roots: 0.9ms
[2025-08-01T03:47:50.395+0000] GC(244)   Evacuate Collection Set: 205.8ms
[2025-08-01T03:47:50.395+0000] GC(244)   Post Evacuate Collection Set: 1.3ms
[2025-08-01T03:47:50.395+0000] GC(244)   Other: 0.2ms
[2025-08-01T03:47:50.395+0000] GC(244) Eden regions: 554->0(431)
[2025-08-01T03:47:50.395+0000] GC(244) Survivor regions: 0->70(70)
[2025-08-01T03:47:50.395+0000] GC(244) Old regions: 386->694
[2025-08-01T03:47:50.395+0000] GC(244) Humongous regions: 0->0
[2025-08-01T03:47:50.395+0000] GC(244) Metaspace: 10593K(10816K)->10593K(10816K) NonClass: 9335K(9472K)->9335K(9472K) Class: 1258K(1344K)->1258K(1344K)
[2025-08-01T03:47:50.395+0000] GC(244) Pause Young (Normal) (G1 Evacuation Pause) 1872M->1520M(4096M) 209.477ms
[2025-08-01T03:47:50.395+0000] GC(244) User=1.51s Sys=0.07s Real=0.21s
[2025-08-01T03:47:50.572+0000] GC(245) Pause Young (Concurrent Start) (G1 Evacuation Pause)
[2025-08-01T03:47:50.573+0000] GC(245) Using 8 workers of 8 for evacuation
[2025-08-01T03:47:50.747+0000] GC(245)   Pre Evacuate Collection Set: 1.5ms
[2025-08-01T03:47:50.747+0000] GC(245)   Merge Heap Roots: 0.3ms
[2025-08-01T03:47:50.747+0000] GC(245)   Evacuate Collection Set: 171.3ms
[2025-08-01T03:47:50.747+0000] GC(245)   Post Evacuate Collection Set: 1.3ms
[2025-08-01T03:47:50.747+0000] GC(245)   Other: 0.3ms
[2025-08-01T03:47:50.747+0000] GC(245) Eden regions: 431->0(303)
[2025-08-01T03:47:50.747+0000] GC(245) Survivor regions: 70->63(63)
[2025-08-01T03:47:50.747+0000] GC(245) Old regions: 694->1038
[2025-08-01T03:47:50.747+0000] GC(245) Humongous regions: 0->0
[2025-08-01T03:47:50.747+0000] GC(245) Metaspace: 10593K(10816K)->10593K(10816K) NonClass: 9335K(9472K)->9335K(9472K) Class: 1258K(1344K)->1258K(1344K)
[2025-08-01T03:47:50.747+0000] GC(245) Pause Young (Concurrent Start) (G1 Evacuation Pause) 2382M->2194M(4096M) 174.935ms
[2025-08-01T03:47:50.747+0000] GC(245) User=1.29s Sys=0.04s Real=0.18s
[2025-08-01T03:47:50.747+0000] GC(246) Concurrent Mark Cycle
[2025-08-01T03:47:50.748+0000] GC(246) Concurrent Scan Root Regions
[2025-08-01T03:47:50.836+0000] GC(246) Concurrent Scan Root Regions 88.716ms
[2025-08-01T03:47:50.837+0000] GC(246) Concurrent Mark
[2025-08-01T03:47:50.837+0000] GC(246) Concurrent Mark From Roots
[2025-08-01T03:47:50.837+0000] GC(246) Using 2 workers of 2 for marking
[2025-08-01T03:47:50.879+0000] GC(246) Concurrent Mark From Roots 42.920ms
[2025-08-01T03:47:50.880+0000] GC(246) Concurrent Preclean
[2025-08-01T03:47:50.880+0000] GC(246) Concurrent Preclean 0.023ms
[2025-08-01T03:47:50.880+0000] GC(246) Pause Remark
[2025-08-01T03:47:50.883+0000] GC(246) Pause Remark 2732M->1611M(4096M) 3.344ms
[2025-08-01T03:47:50.883+0000] GC(246) User=0.01s Sys=0.01s Real=0.01s
[2025-08-01T03:47:50.883+0000] GC(246) Concurrent Mark 46.664ms
[2025-08-01T03:47:50.883+0000] GC(246) Concurrent Rebuild Remembered Sets and Scrub Regions
[2025-08-01T03:47:50.918+0000] GC(247) Pause Young (Normal) (G1 Evacuation Pause)
[2025-08-01T03:47:50.919+0000] GC(247) Using 8 workers of 8 for evacuation
[2025-08-01T03:47:51.002+0000] GC(247)   Pre Evacuate Collection Set: 0.8ms
[2025-08-01T03:47:51.002+0000] GC(247)   Merge Heap Roots: 0.3ms
[2025-08-01T03:47:51.002+0000] GC(247)   Evacuate Collection Set: 81.4ms
[2025-08-01T03:47:51.002+0000] GC(247)   Post Evacuate Collection Set: 1.2ms
[2025-08-01T03:47:51.002+0000] GC(247)   Other: 0.1ms
[2025-08-01T03:47:51.002+0000] GC(247) Eden regions: 303->0(476)
[2025-08-01T03:47:51.002+0000] GC(247) Survivor regions: 63->46(46)
[2025-08-01T03:47:51.002+0000] GC(247) Old regions: 474->640
[2025-08-01T03:47:51.002+0000] GC(247) Humongous regions: 0->0
[2025-08-01T03:47:51.002+0000] GC(247) Metaspace: 10593K(10816K)->10593K(10816K) NonClass: 9335K(9472K)->9335K(9472K) Class: 1258K(1344K)->1258K(1344K)
[2025-08-01T03:47:51.003+0000] GC(247) Pause Young (Normal) (G1 Evacuation Pause) 1679M->1371M(4096M) 84.057ms
[2025-08-01T03:47:51.003+0000] GC(247) User=0.63s Sys=0.02s Real=0.08s
[2025-08-01T03:47:51.066+0000] GC(246) Concurrent Rebuild Remembered Sets and Scrub Regions 182.991ms
[2025-08-01T03:47:51.066+0000] GC(246) Pause Cleanup
[2025-08-01T03:47:51.068+0000] GC(246) Pause Cleanup 1666M->1666M(4096M) 1.157ms
[2025-08-01T03:47:51.068+0000] GC(246) User=0.01s Sys=0.00s Real=0.00s
[2025-08-01T03:47:51.068+0000] GC(246) Concurrent Clear Claimed Marks
[2025-08-01T03:47:51.068+0000] GC(246) Concurrent Clear Claimed Marks 0.176ms
[2025-08-01T03:47:51.068+0000] GC(246) Concurrent Cleanup for Next Mark
[2025-08-01T03:47:51.077+0000] GC(246) Concurrent Cleanup for Next Mark 8.792ms
[2025-08-01T03:47:51.077+0000] GC(246) Concurrent Mark Cycle 329.357ms
[2025-08-01T03:47:51.185+0000] GC(248) Pause Young (Prepare Mixed) (G1 Evacuation Pause)
[2025-08-01T03:47:51.185+0000] GC(248) Using 8 workers of 8 for evacuation
[2025-08-01T03:47:51.296+0000] GC(248)   Pre Evacuate Collection Set: 0.5ms
[2025-08-01T03:47:51.296+0000] GC(248)   Merge Heap Roots: 0.2ms
[2025-08-01T03:47:51.296+0000] GC(248)   Evacuate Collection Set: 107.6ms
[2025-08-01T03:47:51.296+0000] GC(248)   Post Evacuate Collection Set: 1.5ms
[2025-08-01T03:47:51.296+0000] GC(248)   Other: 0.7ms
[2025-08-01T03:47:51.296+0000] GC(248) Eden regions: 476->0(375)
[2025-08-01T03:47:51.296+0000] GC(248) Survivor regions: 46->66(66)
[2025-08-01T03:47:51.296+0000] GC(248) Old regions: 640->904
[2025-08-01T03:47:51.296+0000] GC(248) Humongous regions: 0->0
[2025-08-01T03:47:51.296+0000] GC(248) Metaspace: 10593K(10816K)->10593K(10816K) NonClass: 9335K(9472K)->9335K(9472K) Class: 1258K(1344K)->1258K(1344K)
[2025-08-01T03:47:51.296+0000] GC(248) Pause Young (Prepare Mixed) (G1 Evacuation Pause) 2323M->1938M(4096M) 110.920ms
[2025-08-01T03:47:51.296+0000] GC(248) User=0.85s Sys=0.01s Real=0.11s
[2025-08-01T03:47:51.452+0000] GC(249) Pause Young (Mixed) (G1 Evacuation Pause)
[2025-08-01T03:47:51.452+0000] GC(249) Using 8 workers of 8 for evacuation
[2025-08-01T03:47:51.608+0000] GC(249)   Pre Evacuate Collection Set: 0.9ms
[2025-08-01T03:47:51.608+0000] GC(249)   Merge Heap Roots: 0.2ms
[2025-08-01T03:47:51.608+0000] GC(249)   Evacuate Collection Set: 153.1ms
[2025-08-01T03:47:51.608+0000] GC(249)   Post Evacuate Collection Set: 1.2ms
[2025-08-01T03:47:51.608+0000] GC(249)   Other: 0.2ms
[2025-08-01T03:47:51.608+0000] GC(249) Eden regions: 375->0(266)
[2025-08-01T03:47:51.608+0000] GC(249) Survivor regions: 66->56(56)
[2025-08-01T03:47:51.608+0000] GC(249) Old regions: 904->1186
[2025-08-01T03:47:51.608+0000] GC(249) Humongous regions: 0->0
[2025-08-01T03:47:51.608+0000] GC(249) Metaspace: 10593K(10816K)->10593K(10816K) NonClass: 9335K(9472K)->9335K(9472K) Class: 1258K(1344K)->1258K(1344K)
[2025-08-01T03:47:51.608+0000] GC(249) Pause Young (Mixed) (G1 Evacuation Pause) 2688M->2483M(4096M) 155.926ms
[2025-08-01T03:47:51.608+0000] GC(249) User=1.17s Sys=0.05s Real=0.16s
[2025-08-01T03:47:51.745+0000] GC(250) Pause Young (Concurrent Start) (G1 Evacuation Pause)
[2025-08-01T03:47:51.745+0000] GC(250) Using 8 workers of 8 for evacuation
[2025-08-01T03:47:51.943+0000] GC(250)   Pre Evacuate Collection Set: 2.2ms
[2025-08-01T03:47:51.943+0000] GC(250)   Merge Heap Roots: 0.4ms
[2025-08-01T03:47:51.943+0000] GC(250)   Evacuate Collection Set: 193.4ms
[2025-08-01T03:47:51.943+0000] GC(250)   Post Evacuate Collection Set: 1.3ms
[2025-08-01T03:47:51.943+0000] GC(250)   Other: 0.2ms
[2025-08-01T03:47:51.943+0000] GC(250) Eden regions: 266->0(171)
[2025-08-01T03:47:51.943+0000] GC(250) Survivor regions: 56->41(41)
[2025-08-01T03:47:51.943+0000] GC(250) Old regions: 1186->1466
[2025-08-01T03:47:51.943+0000] GC(250) Humongous regions: 0->0
[2025-08-01T03:47:51.943+0000] GC(250) Metaspace: 10593K(10816K)->10593K(10816K) NonClass: 9335K(9472K)->9335K(9472K) Class: 1258K(1344K)->1258K(1344K)
[2025-08-01T03:47:51.943+0000] GC(250) Pause Young (Concurrent Start) (G1 Evacuation Pause) 3015M->3013M(4096M) 197.834ms
[2025-08-01T03:47:51.943+0000] GC(250) User=1.47s Sys=0.06s Real=0.20s
[2025-08-01T03:47:51.943+0000] GC(251) Concurrent Mark Cycle
[2025-08-01T03:47:51.943+0000] GC(251) Concurrent Scan Root Regions
[2025-08-01T03:47:52.006+0000] GC(251) Concurrent Scan Root Regions 62.507ms
[2025-08-01T03:47:52.006+0000] GC(251) Concurrent Mark
[2025-08-01T03:47:52.006+0000] GC(251) Concurrent Mark From Roots
[2025-08-01T03:47:52.006+0000] GC(251) Using 2 workers of 2 for marking
[2025-08-01T03:47:52.016+0000] GC(252) Pause Young (Normal) (G1 Evacuation Pause)
[2025-08-01T03:47:52.016+0000] GC(252) Using 8 workers of 8 for evacuation
[2025-08-01T03:47:52.052+0000] GC(252)   Pre Evacuate Collection Set: 0.8ms
[2025-08-01T03:47:52.052+0000] GC(252)   Merge Heap Roots: 0.2ms
[2025-08-01T03:47:52.052+0000] GC(252)   Evacuate Collection Set: 33.7ms
[2025-08-01T03:47:52.052+0000] GC(252)   Post Evacuate Collection Set: 1.0ms
[2025-08-01T03:47:52.052+0000] GC(252)   Other: 0.1ms
[2025-08-01T03:47:52.052+0000] GC(252) Eden regions: 171->0(162)
[2025-08-01T03:47:52.052+0000] GC(252) Survivor regions: 41->27(27)
[2025-08-01T03:47:52.052+0000] GC(252) Old regions: 1466->1532
[2025-08-01T03:47:52.052+0000] GC(252) Humongous regions: 0->0
[2025-08-01T03:47:52.052+0000] GC(252) Metaspace: 10593K(10816K)->10593K(10816K) NonClass: 9335K(9472K)->9335K(9472K) Class: 1258K(1344K)->1258K(1344K)
[2025-08-01T03:47:52.052+0000] GC(252) Pause Young (Normal) (G1 Evacuation Pause) 3355M->3116M(4096M) 36.136ms
[2025-08-01T03:47:52.052+0000] GC(252) User=0.26s Sys=0.01s Real=0.03s
[2025-08-01T03:47:52.082+0000] GC(253) Pause Young (Normal) (G1 Evacuation Pause)
[2025-08-01T03:47:52.082+0000] GC(253) Using 8 workers of 8 for evacuation
[2025-08-01T03:47:52.149+0000] GC(253)   Pre Evacuate Collection Set: 0.8ms
[2025-08-01T03:47:52.149+0000] GC(253)   Merge Heap Roots: 1.8ms
[2025-08-01T03:47:52.149+0000] GC(253)   Evacuate Collection Set: 64.0ms
[2025-08-01T03:47:52.149+0000] GC(253)   Post Evacuate Collection Set: 0.6ms
[2025-08-01T03:47:52.149+0000] GC(253)   Other: 0.1ms
[2025-08-01T03:47:52.149+0000] GC(253) Eden regions: 162->0(102)
[2025-08-01T03:47:52.149+0000] GC(253) Survivor regions: 27->24(24)
[2025-08-01T03:47:52.149+0000] GC(253) Old regions: 1532->1698
[2025-08-01T03:47:52.149+0000] GC(253) Humongous regions: 0->0
[2025-08-01T03:47:52.149+0000] GC(253) Metaspace: 10593K(10816K)->10593K(10816K) NonClass: 9335K(9472K)->9335K(9472K) Class: 1258K(1344K)->1258K(1344K)
[2025-08-01T03:47:52.149+0000] GC(253) Pause Young (Normal) (G1 Evacuation Pause) 3440M->3442M(4096M) 67.638ms
[2025-08-01T03:47:52.149+0000] GC(253) User=0.50s Sys=0.01s Real=0.07s
[2025-08-01T03:47:52.195+0000] GC(251) Concurrent Mark From Roots 189.332ms
[2025-08-01T03:47:52.195+0000] GC(251) Concurrent Preclean
[2025-08-01T03:47:52.195+0000] GC(251) Concurrent Preclean 0.014ms
[2025-08-01T03:47:52.195+0000] GC(251) Pause Remark
[2025-08-01T03:47:52.198+0000] GC(251) Pause Remark 3551M->1857M(4096M) 2.742ms
[2025-08-01T03:47:52.198+0000] GC(251) User=0.01s Sys=0.00s Real=0.00s
[2025-08-01T03:47:52.198+0000] GC(251) Concurrent Mark 192.399ms
[2025-08-01T03:47:52.198+0000] GC(251) Concurrent Rebuild Remembered Sets and Scrub Regions
[2025-08-01T03:47:52.210+0000] GC(254) Pause Young (Normal) (G1 Evacuation Pause)
[2025-08-01T03:47:52.210+0000] GC(254) Using 8 workers of 8 for evacuation
[2025-08-01T03:47:52.263+0000] GC(254)   Pre Evacuate Collection Set: 0.7ms
[2025-08-01T03:47:52.263+0000] GC(254)   Merge Heap Roots: 0.5ms
[2025-08-01T03:47:52.263+0000] GC(254)   Evacuate Collection Set: 51.1ms
[2025-08-01T03:47:52.263+0000] GC(254)   Post Evacuate Collection Set: 0.8ms
[2025-08-01T03:47:52.263+0000] GC(254)   Other: 0.1ms
[2025-08-01T03:47:52.263+0000] GC(254) Eden regions: 102->0(362)
[2025-08-01T03:47:52.263+0000] GC(254) Survivor regions: 24->16(16)
[2025-08-01T03:47:52.263+0000] GC(254) Old regions: 851->962
[2025-08-01T03:47:52.263+0000] GC(254) Humongous regions: 0->0
[2025-08-01T03:47:52.263+0000] GC(254) Metaspace: 10593K(10816K)->10593K(10816K) NonClass: 9335K(9472K)->9335K(9472K) Class: 1258K(1344K)->1258K(1344K)
[2025-08-01T03:47:52.263+0000] GC(254) Pause Young (Normal) (G1 Evacuation Pause) 1952M->1955M(4096M) 53.552ms
[2025-08-01T03:47:52.263+0000] GC(254) User=0.38s Sys=0.02s Real=0.06s
[2025-08-01T03:47:52.431+0000] GC(255) Pause Young (Normal) (G1 Evacuation Pause)
[2025-08-01T03:47:52.431+0000] GC(255) Using 8 workers of 8 for evacuation
[2025-08-01T03:47:52.545+0000] GC(255)   Pre Evacuate Collection Set: 0.7ms
[2025-08-01T03:47:52.545+0000] GC(255)   Merge Heap Roots: 0.2ms
[2025-08-01T03:47:52.545+0000] GC(255)   Evacuate Collection Set: 111.4ms
[2025-08-01T03:47:52.545+0000] GC(255)   Post Evacuate Collection Set: 1.3ms
[2025-08-01T03:47:52.545+0000] GC(255)   Other: 0.1ms
[2025-08-01T03:47:52.545+0000] GC(255) Eden regions: 362->0(250)
[2025-08-01T03:47:52.545+0000] GC(255) Survivor regions: 16->48(48)
[2025-08-01T03:47:52.545+0000] GC(255) Old regions: 962->1211
[2025-08-01T03:47:52.545+0000] GC(255) Humongous regions: 0->0
[2025-08-01T03:47:52.545+0000] GC(255) Metaspace: 10593K(10816K)->10593K(10816K) NonClass: 9335K(9472K)->9335K(9472K) Class: 1258K(1344K)->1258K(1344K)
[2025-08-01T03:47:52.545+0000] GC(255) Pause Young (Normal) (G1 Evacuation Pause) 2679M->2516M(4096M) 114.009ms
[2025-08-01T03:47:52.545+0000] GC(255) User=0.84s Sys=0.03s Real=0.12s
[2025-08-01T03:47:52.548+0000] GC(251) Concurrent Rebuild Remembered Sets and Scrub Regions 350.230ms
[2025-08-01T03:47:52.549+0000] GC(251) Pause Cleanup
[2025-08-01T03:47:52.550+0000] GC(251) Pause Cleanup 2550M->2550M(4096M) 1.222ms
[2025-08-01T03:47:52.550+0000] GC(251) User=0.00s Sys=0.00s Real=0.00s
[2025-08-01T03:47:52.550+0000] GC(251) Concurrent Clear Claimed Marks
[2025-08-01T03:47:52.550+0000] GC(251) Concurrent Clear Claimed Marks 0.059ms
[2025-08-01T03:47:52.550+0000] GC(251) Concurrent Cleanup for Next Mark
[2025-08-01T03:47:52.565+0000] GC(251) Concurrent Cleanup for Next Mark 14.772ms
[2025-08-01T03:47:52.565+0000] GC(251) Concurrent Mark Cycle 622.300ms
[2025-08-01T03:47:52.641+0000] GC(256) Pause Young (Prepare Mixed) (G1 Evacuation Pause)
[2025-08-01T03:47:52.641+0000] GC(256) Using 8 workers of 8 for evacuation
[2025-08-01T03:47:52.827+0000] GC(256)   Pre Evacuate Collection Set: 0.9ms
[2025-08-01T03:47:52.827+0000] GC(256)   Merge Heap Roots: 0.2ms
[2025-08-01T03:47:52.827+0000] GC(256)   Evacuate Collection Set: 183.2ms
[2025-08-01T03:47:52.827+0000] GC(256)   Post Evacuate Collection Set: 0.8ms
[2025-08-01T03:47:52.827+0000] GC(256)   Other: 0.1ms
[2025-08-01T03:47:52.827+0000] GC(256) Eden regions: 250->0(167)
[2025-08-01T03:47:52.827+0000] GC(256) Survivor regions: 48->38(38)
[2025-08-01T03:47:52.827+0000] GC(256) Old regions: 1211->1472
[2025-08-01T03:47:52.827+0000] GC(256) Humongous regions: 0->0
[2025-08-01T03:47:52.827+0000] GC(256) Metaspace: 10593K(10816K)->10593K(10816K) NonClass: 9335K(9472K)->9335K(9472K) Class: 1258K(1344K)->1258K(1344K)
[2025-08-01T03:47:52.827+0000] GC(256) Pause Young (Prepare Mixed) (G1 Evacuation Pause) 3016M->3018M(4096M) 185.517ms
[2025-08-01T03:47:52.827+0000] GC(256) User=1.38s Sys=0.07s Real=0.19s
[2025-08-01T03:47:52.903+0000] GC(257) Pause Young (Mixed) (G1 Evacuation Pause)
[2025-08-01T03:47:52.903+0000] GC(257) Using 8 workers of 8 for evacuation
[2025-08-01T03:47:52.967+0000] GC(257)   Pre Evacuate Collection Set: 1.5ms
[2025-08-01T03:47:52.967+0000] GC(257)   Merge Heap Roots: 0.3ms
[2025-08-01T03:47:52.967+0000] GC(257)   Evacuate Collection Set: 60.0ms
[2025-08-01T03:47:52.967+0000] GC(257)   Post Evacuate Collection Set: 2.0ms
[2025-08-01T03:47:52.967+0000] GC(257)   Other: 0.1ms
[2025-08-01T03:47:52.967+0000] GC(257) Eden regions: 167->0(147)
[2025-08-01T03:47:52.967+0000] GC(257) Survivor regions: 38->26(26)
[2025-08-01T03:47:52.967+0000] GC(257) Old regions: 1472->1556
[2025-08-01T03:47:52.968+0000] GC(257) Humongous regions: 0->0
[2025-08-01T03:47:52.968+0000] GC(257) Metaspace: 10593K(10816K)->10593K(10816K) NonClass: 9335K(9472K)->9335K(9472K) Class: 1258K(1344K)->1258K(1344K)
[2025-08-01T03:47:52.968+0000] GC(257) Pause Young (Mixed) (G1 Evacuation Pause) 3352M->3163M(4096M) 64.290ms
[2025-08-01T03:47:52.968+0000] GC(257) User=0.46s Sys=0.03s Real=0.06s
[2025-08-01T03:47:53.040+0000] GC(258) Pause Young (Concurrent Start) (G1 Evacuation Pause)
[2025-08-01T03:47:53.040+0000] GC(258) Using 8 workers of 8 for evacuation
[2025-08-01T03:47:53.110+0000] GC(258)   Pre Evacuate Collection Set: 1.0ms
[2025-08-01T03:47:53.110+0000] GC(258)   Merge Heap Roots: 1.0ms
[2025-08-01T03:47:53.110+0000] GC(258)   Evacuate Collection Set: 66.5ms
[2025-08-01T03:47:53.110+0000] GC(258)   Post Evacuate Collection Set: 1.0ms
[2025-08-01T03:47:53.110+0000] GC(258)   Other: 0.9ms
[2025-08-01T03:47:53.110+0000] GC(258) Eden regions: 147->0(98)
[2025-08-01T03:47:53.110+0000] GC(258) Survivor regions: 26->22(22)
[2025-08-01T03:47:53.110+0000] GC(258) Old regions: 1556->1710
[2025-08-01T03:47:53.110+0000] GC(258) Humongous regions: 0->0
[2025-08-01T03:47:53.110+0000] GC(258) Metaspace: 10593K(10816K)->10593K(10816K) NonClass: 9335K(9472K)->9335K(9472K) Class: 1258K(1344K)->1258K(1344K)
[2025-08-01T03:47:53.110+0000] GC(258) Pause Young (Concurrent Start) (G1 Evacuation Pause) 3457M->3462M(4096M) 70.710ms
[2025-08-01T03:47:53.110+0000] GC(258) User=0.51s Sys=0.02s Real=0.07s
[2025-08-01T03:47:53.110+0000] GC(259) Concurrent Mark Cycle
[2025-08-01T03:47:53.111+0000] GC(259) Concurrent Scan Root Regions
[2025-08-01T03:47:53.132+0000] GC(260) Pause Young (Normal) (G1 Evacuation Pause)
[2025-08-01T03:47:53.132+0000] GC(260) Using 8 workers of 8 for evacuation
[2025-08-01T03:47:53.145+0000] GC(259) Concurrent Scan Root Regions 34.219ms
[2025-08-01T03:47:53.145+0000] GC(259) Concurrent Mark
[2025-08-01T03:47:53.145+0000] GC(259) Concurrent Mark From Roots
[2025-08-01T03:47:53.145+0000] GC(259) Using 2 workers of 2 for marking
[2025-08-01T03:47:53.183+0000] GC(260)   Pre Evacuate Collection Set: 0.6ms
[2025-08-01T03:47:53.183+0000] GC(260)   Merge Heap Roots: 0.1ms
[2025-08-01T03:47:53.183+0000] GC(260)   Evacuate Collection Set: 37.1ms
[2025-08-01T03:47:53.183+0000] GC(260)   Post Evacuate Collection Set: 0.6ms
[2025-08-01T03:47:53.183+0000] GC(260)   Other: 0.2ms
[2025-08-01T03:47:53.183+0000] GC(260) Eden regions: 98->0(87)
[2025-08-01T03:47:53.183+0000] GC(260) Survivor regions: 22->15(15)
[2025-08-01T03:47:53.183+0000] GC(260) Old regions: 1710->1804
[2025-08-01T03:47:53.183+0000] GC(260) Humongous regions: 0->0
[2025-08-01T03:47:53.183+0000] GC(260) Metaspace: 10593K(10816K)->10593K(10816K) NonClass: 9335K(9472K)->9335K(9472K) Class: 1258K(1344K)->1258K(1344K)
[2025-08-01T03:47:53.183+0000] GC(260) Pause Young (Normal) (G1 Evacuation Pause) 3658M->3637M(4096M) 51.821ms
[2025-08-01T03:47:53.184+0000] GC(260) User=0.31s Sys=0.01s Real=0.06s
[2025-08-01T03:47:53.204+0000] GC(261) Pause Young (Normal) (G1 Evacuation Pause)
[2025-08-01T03:47:53.204+0000] GC(261) Using 8 workers of 8 for evacuation
[2025-08-01T03:47:53.231+0000] GC(261)   Pre Evacuate Collection Set: 0.5ms
[2025-08-01T03:47:53.232+0000] GC(261)   Merge Heap Roots: 0.1ms
[2025-08-01T03:47:53.232+0000] GC(261)   Evacuate Collection Set: 26.2ms
[2025-08-01T03:47:53.232+0000] GC(261)   Post Evacuate Collection Set: 0.6ms
[2025-08-01T03:47:53.232+0000] GC(261)   Other: 0.1ms
[2025-08-01T03:47:53.232+0000] GC(261) Eden regions: 87->0(89)
[2025-08-01T03:47:53.232+0000] GC(261) Survivor regions: 15->13(13)
[2025-08-01T03:47:53.232+0000] GC(261) Old regions: 1804->1881
[2025-08-01T03:47:53.232+0000] GC(261) Humongous regions: 0->0
[2025-08-01T03:47:53.232+0000] GC(261) Metaspace: 10593K(10816K)->10593K(10816K) NonClass: 9335K(9472K)->9335K(9472K) Class: 1258K(1344K)->1258K(1344K)
[2025-08-01T03:47:53.232+0000] GC(261) Pause Young (Normal) (G1 Evacuation Pause) 3811M->3786M(4096M) 27.696ms
[2025-08-01T03:47:53.232+0000] GC(261) User=0.20s Sys=0.01s Real=0.02s
[2025-08-01T03:47:53.258+0000] GC(262) Pause Young (Normal) (G1 Evacuation Pause)
[2025-08-01T03:47:53.258+0000] GC(262) Using 8 workers of 8 for evacuation
[2025-08-01T03:47:53.287+0000] GC(262)   Pre Evacuate Collection Set: 0.6ms
[2025-08-01T03:47:53.287+0000] GC(262)   Merge Heap Roots: 0.2ms
[2025-08-01T03:47:53.287+0000] GC(262)   Evacuate Collection Set: 24.2ms
[2025-08-01T03:47:53.287+0000] GC(262)   Post Evacuate Collection Set: 3.8ms
[2025-08-01T03:47:53.287+0000] GC(262)   Other: 0.2ms
[2025-08-01T03:47:53.287+0000] GC(262) Eden regions: 89->0(17)
[2025-08-01T03:47:53.287+0000] GC(262) Survivor regions: 13->13(13)
[2025-08-01T03:47:53.287+0000] GC(262) Old regions: 1881->2005
[2025-08-01T03:47:53.287+0000] GC(262) Humongous regions: 0->0
[2025-08-01T03:47:53.287+0000] GC(262) Metaspace: 10593K(10816K)->10593K(10816K) NonClass: 9335K(9472K)->9335K(9472K) Class: 1258K(1344K)->1258K(1344K)
[2025-08-01T03:47:53.287+0000] GC(262) Pause Young (Normal) (G1 Evacuation Pause) (Evacuation Failure) 3964M->4035M(4096M) 29.352ms
[2025-08-01T03:47:53.287+0000] GC(262) User=0.22s Sys=0.00s Real=0.03s
[2025-08-01T03:47:53.291+0000] GC(263) Pause Young (Normal) (G1 Evacuation Pause)
[2025-08-01T03:47:53.291+0000] GC(263) Using 8 workers of 8 for evacuation
[2025-08-01T03:47:53.299+0000] GC(263)   Pre Evacuate Collection Set: 0.4ms
[2025-08-01T03:47:53.299+0000] GC(263)   Merge Heap Roots: 0.1ms
[2025-08-01T03:47:53.299+0000] GC(263)   Evacuate Collection Set: 5.7ms
[2025-08-01T03:47:53.299+0000] GC(263)   Post Evacuate Collection Set: 1.3ms
[2025-08-01T03:47:53.299+0000] GC(263)   Other: 0.1ms
[2025-08-01T03:47:53.299+0000] GC(263) Eden regions: 17->0(1)
[2025-08-01T03:47:53.299+0000] GC(263) Survivor regions: 13->4(4)
[2025-08-01T03:47:53.299+0000] GC(263) Old regions: 2005->2039
[2025-08-01T03:47:53.299+0000] GC(263) Humongous regions: 0->0
[2025-08-01T03:47:53.299+0000] GC(263) Metaspace: 10593K(10816K)->10593K(10816K) NonClass: 9335K(9472K)->9335K(9472K) Class: 1258K(1344K)->1258K(1344K)
[2025-08-01T03:47:53.299+0000] GC(263) Pause Young (Normal) (G1 Evacuation Pause) (Evacuation Failure) 4069M->4085M(4096M) 8.017ms
[2025-08-01T03:47:53.299+0000] GC(263) User=0.05s Sys=0.00s Real=0.01s
[2025-08-01T03:47:53.300+0000] GC(264) Pause Young (Normal) (G1 Evacuation Pause)
[2025-08-01T03:47:53.300+0000] GC(264) Using 8 workers of 8 for evacuation
[2025-08-01T03:47:53.303+0000] GC(264)   Pre Evacuate Collection Set: 0.4ms
[2025-08-01T03:47:53.303+0000] GC(264)   Merge Heap Roots: 0.1ms
[2025-08-01T03:47:53.303+0000] GC(264)   Evacuate Collection Set: 1.6ms
[2025-08-01T03:47:53.303+0000] GC(264)   Post Evacuate Collection Set: 0.9ms
[2025-08-01T03:47:53.303+0000] GC(264)   Other: 0.1ms
[2025-08-01T03:47:53.303+0000] GC(264) Eden regions: 1->0(0)
[2025-08-01T03:47:53.303+0000] GC(264) Survivor regions: 4->1(1)
[2025-08-01T03:47:53.303+0000] GC(264) Old regions: 2039->2046
[2025-08-01T03:47:53.303+0000] GC(264) Humongous regions: 0->0
[2025-08-01T03:47:53.303+0000] GC(264) Metaspace: 10593K(10816K)->10593K(10816K) NonClass: 9335K(9472K)->9335K(9472K) Class: 1258K(1344K)->1258K(1344K)
[2025-08-01T03:47:53.303+0000] GC(264) Pause Young (Normal) (G1 Evacuation Pause) (Evacuation Failure) 4087M->4093M(4096M) 3.543ms
[2025-08-01T03:47:53.303+0000] GC(264) User=0.01s Sys=0.01s Real=0.01s
[2025-08-01T03:47:53.303+0000] Attempting full compaction
[2025-08-01T03:47:53.303+0000] GC(265) Pause Full (G1 Compaction Pause)
[2025-08-01T03:47:53.303+0000] GC(265) Using 8 workers of 8 for full compaction
[2025-08-01T03:47:53.308+0000] GC(265) Phase 1: Mark live objects
[2025-08-01T03:47:53.339+0000] GC(265) Phase 1: Mark live objects 31.075ms
[2025-08-01T03:47:53.340+0000] GC(265) Phase 2: Prepare compaction
[2025-08-01T03:47:53.359+0000] GC(265) Phase 2: Prepare compaction 19.691ms
[2025-08-01T03:47:53.359+0000] GC(265) Phase 3: Adjust pointers
[2025-08-01T03:47:53.395+0000] GC(265) Phase 3: Adjust pointers 35.911ms
[2025-08-01T03:47:53.395+0000] GC(265) Phase 4: Compact heap
[2025-08-01T03:47:53.457+0000] GC(265) Phase 4: Compact heap 61.356ms
[2025-08-01T03:47:53.457+0000] GC(265) Phase 5: Reset Metadata
[2025-08-01T03:47:53.477+0000] GC(265) Phase 5: Reset Metadata 20.183ms
[2025-08-01T03:47:53.484+0000] GC(265) Eden regions: 0->0(501)
[2025-08-01T03:47:53.484+0000] GC(265) Survivor regions: 1->0(1)
[2025-08-01T03:47:53.484+0000] GC(265) Old regions: 2046->374
[2025-08-01T03:47:53.484+0000] GC(265) Humongous regions: 0->0
[2025-08-01T03:47:53.484+0000] GC(265) Metaspace: 10593K(10816K)->10593K(10816K) NonClass: 9335K(9472K)->9335K(9472K) Class: 1258K(1344K)->1258K(1344K)
[2025-08-01T03:47:53.484+0000] GC(265) Pause Full (G1 Compaction Pause) 4093M->736M(4096M) 180.382ms
[2025-08-01T03:47:53.484+0000] GC(265) User=1.22s Sys=0.03s Real=0.18s
[2025-08-01T03:47:53.484+0000] GC(259) Concurrent Mark From Roots 339.160ms
[2025-08-01T03:47:53.484+0000] GC(259) Concurrent Mark Abort
[2025-08-01T03:47:53.484+0000] GC(259) Concurrent Mark Cycle 373.750ms
[2025-08-01T03:47:53.697+0000] GC(266) Pause Young (Normal) (G1 Evacuation Pause)
[2025-08-01T03:47:53.697+0000] GC(266) Using 8 workers of 8 for evacuation
[2025-08-01T03:47:53.807+0000] GC(266)   Pre Evacuate Collection Set: 0.6ms
[2025-08-01T03:47:53.807+0000] GC(266)   Merge Heap Roots: 0.8ms
[2025-08-01T03:47:53.807+0000] GC(266)   Evacuate Collection Set: 107.5ms
[2025-08-01T03:47:53.807+0000] GC(266)   Post Evacuate Collection Set: 1.3ms
[2025-08-01T03:47:53.807+0000] GC(266)   Other: 0.1ms
[2025-08-01T03:47:53.807+0000] GC(266) Eden regions: 497->0(469)
[2025-08-01T03:47:53.807+0000] GC(266) Survivor regions: 0->63(63)
[2025-08-01T03:47:53.807+0000] GC(266) Old regions: 374->601
[2025-08-01T03:47:53.808+0000] GC(266) Humongous regions: 0->0
[2025-08-01T03:47:53.808+0000] GC(266) Metaspace: 10593K(10816K)->10593K(10816K) NonClass: 9335K(9472K)->9335K(9472K) Class: 1258K(1344K)->1258K(1344K)
[2025-08-01T03:47:53.808+0000] GC(266) Pause Young (Normal) (G1 Evacuation Pause) 1730M->1316M(4096M) 110.581ms
[2025-08-01T03:47:53.808+0000] GC(266) User=0.81s Sys=0.02s Real=0.11s
[2025-08-01T03:47:53.982+0000] GC(267) Pause Young (Concurrent Start) (G1 Evacuation Pause)
[2025-08-01T03:47:53.982+0000] GC(267) Using 8 workers of 8 for evacuation
[2025-08-01T03:47:54.132+0000] GC(267)   Pre Evacuate Collection Set: 0.8ms
[2025-08-01T03:47:54.132+0000] GC(267)   Merge Heap Roots: 0.3ms
[2025-08-01T03:47:54.132+0000] GC(267)   Evacuate Collection Set: 147.9ms
[2025-08-01T03:47:54.132+0000] GC(267)   Post Evacuate Collection Set: 1.1ms
[2025-08-01T03:47:54.133+0000] GC(267)   Other: 0.3ms
[2025-08-01T03:47:54.133+0000] GC(267) Eden regions: 469->0(352)
[2025-08-01T03:47:54.133+0000] GC(267) Survivor regions: 63->67(67)
[2025-08-01T03:47:54.133+0000] GC(267) Old regions: 601->919
[2025-08-01T03:47:54.133+0000] GC(267) Humongous regions: 0->0
[2025-08-01T03:47:54.133+0000] GC(267) Metaspace: 10593K(10816K)->10593K(10816K) NonClass: 9335K(9472K)->9335K(9472K) Class: 1258K(1344K)->1258K(1344K)
[2025-08-01T03:47:54.133+0000] GC(267) Pause Young (Concurrent Start) (G1 Evacuation Pause) 2254M->1959M(4096M) 150.674ms
[2025-08-01T03:47:54.133+0000] GC(267) User=1.14s Sys=0.05s Real=0.15s
[2025-08-01T03:47:54.133+0000] GC(268) Concurrent Mark Cycle
[2025-08-01T03:47:54.133+0000] GC(268) Concurrent Scan Root Regions
[2025-08-01T03:47:54.204+0000] GC(268) Concurrent Scan Root Regions 71.241ms
[2025-08-01T03:47:54.204+0000] GC(268) Concurrent Mark
[2025-08-01T03:47:54.204+0000] GC(268) Concurrent Mark From Roots
[2025-08-01T03:47:54.204+0000] GC(268) Using 2 workers of 2 for marking
[2025-08-01T03:47:54.228+0000] GC(268) Concurrent Mark From Roots 24.019ms
[2025-08-01T03:47:54.228+0000] GC(268) Concurrent Preclean
[2025-08-01T03:47:54.228+0000] GC(268) Concurrent Preclean 0.027ms
[2025-08-01T03:47:54.228+0000] GC(268) Pause Remark
[2025-08-01T03:47:54.233+0000] GC(268) Pause Remark 2495M->1486M(4096M) 5.040ms
[2025-08-01T03:47:54.234+0000] GC(268) User=0.01s Sys=0.00s Real=0.01s
[2025-08-01T03:47:54.234+0000] GC(268) Concurrent Mark 29.534ms
[2025-08-01T03:47:54.234+0000] GC(268) Concurrent Rebuild Remembered Sets and Scrub Regions
[2025-08-01T03:47:54.289+0000] GC(269) Pause Young (Normal) (G1 Evacuation Pause)
[2025-08-01T03:47:54.289+0000] GC(269) Using 8 workers of 8 for evacuation
[2025-08-01T03:47:54.419+0000] GC(269)   Pre Evacuate Collection Set: 0.8ms
[2025-08-01T03:47:54.420+0000] GC(269)   Merge Heap Roots: 0.3ms
[2025-08-01T03:47:54.420+0000] GC(269)   Evacuate Collection Set: 127.5ms
[2025-08-01T03:47:54.420+0000] GC(269)   Post Evacuate Collection Set: 1.3ms
[2025-08-01T03:47:54.420+0000] GC(269)   Other: 0.1ms
[2025-08-01T03:47:54.420+0000] GC(269) Eden regions: 352->0(427)
[2025-08-01T03:47:54.420+0000] GC(269) Survivor regions: 67->53(53)
[2025-08-01T03:47:54.420+0000] GC(269) Old regions: 409->719
[2025-08-01T03:47:54.420+0000] GC(269) Humongous regions: 0->0
[2025-08-01T03:47:54.420+0000] GC(269) Metaspace: 10593K(10816K)->10593K(10816K) NonClass: 9335K(9472K)->9335K(9472K) Class: 1258K(1344K)->1258K(1344K)
[2025-08-01T03:47:54.420+0000] GC(269) Pause Young (Normal) (G1 Evacuation Pause) 1654M->1543M(4096M) 130.432ms
[2025-08-01T03:47:54.420+0000] GC(269) User=0.99s Sys=0.02s Real=0.13s
[2025-08-01T03:47:54.449+0000] GC(268) Concurrent Rebuild Remembered Sets and Scrub Regions 215.666ms
[2025-08-01T03:47:54.449+0000] GC(268) Pause Cleanup
[2025-08-01T03:47:54.450+0000] GC(268) Pause Cleanup 1760M->1760M(4096M) 0.876ms
[2025-08-01T03:47:54.450+0000] GC(268) User=0.00s Sys=0.00s Real=0.00s
[2025-08-01T03:47:54.450+0000] GC(268) Concurrent Clear Claimed Marks
[2025-08-01T03:47:54.450+0000] GC(268) Concurrent Clear Claimed Marks 0.029ms
[2025-08-01T03:47:54.450+0000] GC(268) Concurrent Cleanup for Next Mark
[2025-08-01T03:47:54.459+0000] GC(268) Concurrent Cleanup for Next Mark 8.064ms
[2025-08-01T03:47:54.459+0000] GC(268) Concurrent Mark Cycle 325.857ms
[2025-08-01T03:47:54.586+0000] GC(270) Pause Young (Prepare Mixed) (G1 Evacuation Pause)
[2025-08-01T03:47:54.586+0000] GC(270) Using 8 workers of 8 for evacuation
[2025-08-01T03:47:54.763+0000] GC(270)   Pre Evacuate Collection Set: 0.8ms
[2025-08-01T03:47:54.763+0000] GC(270)   Merge Heap Roots: 0.2ms
[2025-08-01T03:47:54.763+0000] GC(270)   Evacuate Collection Set: 174.3ms
[2025-08-01T03:47:54.763+0000] GC(270)   Post Evacuate Collection Set: 1.8ms
[2025-08-01T03:47:54.763+0000] GC(270)   Other: 0.2ms
[2025-08-01T03:47:54.763+0000] GC(270) Eden regions: 427->0(365)
[2025-08-01T03:47:54.763+0000] GC(270) Survivor regions: 53->60(60)
[2025-08-01T03:47:54.763+0000] GC(270) Old regions: 719->923
[2025-08-01T03:47:54.763+0000] GC(270) Humongous regions: 0->0
[2025-08-01T03:47:54.763+0000] GC(270) Metaspace: 10593K(10816K)->10593K(10816K) NonClass: 9335K(9472K)->9335K(9472K) Class: 1258K(1344K)->1258K(1344K)
[2025-08-01T03:47:54.764+0000] GC(270) Pause Young (Prepare Mixed) (G1 Evacuation Pause) 2397M->1965M(4096M) 177.605ms
[2025-08-01T03:47:54.764+0000] GC(270) User=1.33s Sys=0.05s Real=0.18s
[2025-08-01T03:47:54.921+0000] GC(271) Pause Young (Mixed) (G1 Evacuation Pause)
[2025-08-01T03:47:54.921+0000] GC(271) Using 8 workers of 8 for evacuation
[2025-08-01T03:47:55.061+0000] GC(271)   Pre Evacuate Collection Set: 0.9ms
[2025-08-01T03:47:55.061+0000] GC(271)   Merge Heap Roots: 0.2ms
[2025-08-01T03:47:55.061+0000] GC(271)   Evacuate Collection Set: 138.1ms
[2025-08-01T03:47:55.061+0000] GC(271)   Post Evacuate Collection Set: 1.1ms
[2025-08-01T03:47:55.061+0000] GC(271)   Other: 0.1ms
[2025-08-01T03:47:55.061+0000] GC(271) Eden regions: 365->0(263)
[2025-08-01T03:47:55.061+0000] GC(271) Survivor regions: 60->54(54)
[2025-08-01T03:47:55.061+0000] GC(271) Old regions: 923->1193
[2025-08-01T03:47:55.061+0000] GC(271) Humongous regions: 0->0
[2025-08-01T03:47:55.061+0000] GC(271) Metaspace: 10593K(10816K)->10593K(10816K) NonClass: 9335K(9472K)->9335K(9472K) Class: 1258K(1344K)->1258K(1344K)
[2025-08-01T03:47:55.062+0000] GC(271) Pause Young (Mixed) (G1 Evacuation Pause) 2695M->2493M(4096M) 140.808ms
[2025-08-01T03:47:55.062+0000] GC(271) User=1.05s Sys=0.05s Real=0.14s
[2025-08-01T03:47:55.155+0000] GC(272) Pause Young (Concurrent Start) (G1 Evacuation Pause)
[2025-08-01T03:47:55.155+0000] GC(272) Using 8 workers of 8 for evacuation
[2025-08-01T03:47:55.339+0000] GC(272)   Pre Evacuate Collection Set: 1.4ms
[2025-08-01T03:47:55.339+0000] GC(272)   Merge Heap Roots: 0.2ms
[2025-08-01T03:47:55.339+0000] GC(272)   Evacuate Collection Set: 181.0ms
[2025-08-01T03:47:55.339+0000] GC(272)   Post Evacuate Collection Set: 1.2ms
[2025-08-01T03:47:55.339+0000] GC(272)   Other: 0.2ms
[2025-08-01T03:47:55.339+0000] GC(272) Eden regions: 263->0(169)
[2025-08-01T03:47:55.339+0000] GC(272) Survivor regions: 54->40(40)
[2025-08-01T03:47:55.339+0000] GC(272) Old regions: 1193->1472
[2025-08-01T03:47:55.339+0000] GC(272) Humongous regions: 0->0
[2025-08-01T03:47:55.339+0000] GC(272) Metaspace: 10593K(10816K)->10593K(10816K) NonClass: 9335K(9472K)->9335K(9472K) Class: 1258K(1344K)->1258K(1344K)
[2025-08-01T03:47:55.339+0000] GC(272) Pause Young (Concurrent Start) (G1 Evacuation Pause) 3019M->3022M(4096M) 184.264ms
[2025-08-01T03:47:55.339+0000] GC(272) User=1.36s Sys=0.05s Real=0.18s
[2025-08-01T03:47:55.339+0000] GC(273) Concurrent Mark Cycle
[2025-08-01T03:47:55.339+0000] GC(273) Concurrent Scan Root Regions
[2025-08-01T03:47:55.398+0000] GC(273) Concurrent Scan Root Regions 59.002ms
[2025-08-01T03:47:55.398+0000] GC(273) Concurrent Mark
[2025-08-01T03:47:55.398+0000] GC(273) Concurrent Mark From Roots
[2025-08-01T03:47:55.398+0000] GC(273) Using 2 workers of 2 for marking
[2025-08-01T03:47:55.420+0000] GC(274) Pause Young (Normal) (G1 Evacuation Pause)
[2025-08-01T03:47:55.420+0000] GC(274) Using 8 workers of 8 for evacuation
[2025-08-01T03:47:55.461+0000] GC(274)   Pre Evacuate Collection Set: 0.6ms
[2025-08-01T03:47:55.461+0000] GC(274)   Merge Heap Roots: 0.2ms
[2025-08-01T03:47:55.461+0000] GC(274)   Evacuate Collection Set: 39.4ms
[2025-08-01T03:47:55.461+0000] GC(274)   Post Evacuate Collection Set: 1.5ms
[2025-08-01T03:47:55.461+0000] GC(274)   Other: 0.1ms
[2025-08-01T03:47:55.462+0000] GC(274) Eden regions: 169->0(155)
[2025-08-01T03:47:55.462+0000] GC(274) Survivor regions: 40->27(27)
[2025-08-01T03:47:55.462+0000] GC(274) Old regions: 1472->1547
[2025-08-01T03:47:55.462+0000] GC(274) Humongous regions: 0->0
[2025-08-01T03:47:55.462+0000] GC(274) Metaspace: 10593K(10816K)->10593K(10816K) NonClass: 9335K(9472K)->9335K(9472K) Class: 1258K(1344K)->1258K(1344K)
[2025-08-01T03:47:55.462+0000] GC(274) Pause Young (Normal) (G1 Evacuation Pause) 3360M->3147M(4096M) 42.062ms
[2025-08-01T03:47:55.462+0000] GC(274) User=0.29s Sys=0.01s Real=0.04s
[2025-08-01T03:47:55.537+0000] GC(275) Pause Young (Normal) (G1 Evacuation Pause)
[2025-08-01T03:47:55.538+0000] GC(275) Using 8 workers of 8 for evacuation
[2025-08-01T03:47:55.599+0000] GC(275)   Pre Evacuate Collection Set: 0.6ms
[2025-08-01T03:47:55.599+0000] GC(275)   Merge Heap Roots: 0.2ms
[2025-08-01T03:47:55.599+0000] GC(275)   Evacuate Collection Set: 59.5ms
[2025-08-01T03:47:55.599+0000] GC(275)   Post Evacuate Collection Set: 0.9ms
[2025-08-01T03:47:55.599+0000] GC(275)   Other: 0.2ms
[2025-08-01T03:47:55.599+0000] GC(275) Eden regions: 155->0(98)
[2025-08-01T03:47:55.599+0000] GC(275) Survivor regions: 27->23(23)
[2025-08-01T03:47:55.599+0000] GC(275) Old regions: 1547->1708
[2025-08-01T03:47:55.599+0000] GC(275) Humongous regions: 0->0
[2025-08-01T03:47:55.599+0000] GC(275) Metaspace: 10593K(10816K)->10593K(10816K) NonClass: 9335K(9472K)->9335K(9472K) Class: 1258K(1344K)->1258K(1344K)
[2025-08-01T03:47:55.599+0000] GC(275) Pause Young (Normal) (G1 Evacuation Pause) 3457M->3461M(4096M) 61.780ms
[2025-08-01T03:47:55.599+0000] GC(275) User=0.45s Sys=0.01s Real=0.06s
[2025-08-01T03:47:55.617+0000] GC(276) Pause Young (Normal) (G1 Evacuation Pause)
[2025-08-01T03:47:55.617+0000] GC(276) Using 8 workers of 8 for evacuation
[2025-08-01T03:47:55.656+0000] GC(276)   Pre Evacuate Collection Set: 0.8ms
[2025-08-01T03:47:55.656+0000] GC(276)   Merge Heap Roots: 0.2ms
[2025-08-01T03:47:55.656+0000] GC(276)   Evacuate Collection Set: 36.9ms
[2025-08-01T03:47:55.656+0000] GC(276)   Post Evacuate Collection Set: 0.8ms
[2025-08-01T03:47:55.656+0000] GC(276)   Other: 0.2ms
[2025-08-01T03:47:55.656+0000] GC(276) Eden regions: 98->0(86)
[2025-08-01T03:47:55.656+0000] GC(276) Survivor regions: 23->16(16)
[2025-08-01T03:47:55.656+0000] GC(276) Old regions: 1708->1815
[2025-08-01T03:47:55.656+0000] GC(276) Humongous regions: 0->0
[2025-08-01T03:47:55.656+0000] GC(276) Metaspace: 10593K(10816K)->10593K(10816K) NonClass: 9335K(9472K)->9335K(9472K) Class: 1258K(1344K)->1258K(1344K)
[2025-08-01T03:47:55.656+0000] GC(276) Pause Young (Normal) (G1 Evacuation Pause) 3657M->3660M(4096M) 39.177ms
[2025-08-01T03:47:55.656+0000] GC(276) User=0.29s Sys=0.00s Real=0.04s
[2025-08-01T03:47:55.682+0000] GC(273) Concurrent Mark From Roots 284.046ms
[2025-08-01T03:47:55.682+0000] GC(273) Concurrent Preclean
[2025-08-01T03:47:55.682+0000] GC(273) Concurrent Preclean 0.026ms
[2025-08-01T03:47:55.682+0000] GC(273) Pause Remark
[2025-08-01T03:47:55.686+0000] GC(273) Pause Remark 3725M->2241M(4096M) 3.641ms
[2025-08-01T03:47:55.686+0000] GC(273) User=0.01s Sys=0.00s Real=0.01s
[2025-08-01T03:47:55.686+0000] GC(273) Concurrent Mark 288.008ms
[2025-08-01T03:47:55.686+0000] GC(273) Concurrent Rebuild Remembered Sets and Scrub Regions
[2025-08-01T03:47:55.721+0000] GC(277) Pause Young (Normal) (G1 Evacuation Pause)
[2025-08-01T03:47:55.721+0000] GC(277) Using 8 workers of 8 for evacuation
[2025-08-01T03:47:55.759+0000] GC(277)   Pre Evacuate Collection Set: 0.8ms
[2025-08-01T03:47:55.759+0000] GC(277)   Merge Heap Roots: 0.1ms
[2025-08-01T03:47:55.759+0000] GC(277)   Evacuate Collection Set: 35.5ms
[2025-08-01T03:47:55.759+0000] GC(277)   Post Evacuate Collection Set: 1.0ms
[2025-08-01T03:47:55.759+0000] GC(277)   Other: 0.1ms
[2025-08-01T03:47:55.759+0000] GC(277) Eden regions: 86->0(280)
[2025-08-01T03:47:55.759+0000] GC(277) Survivor regions: 16->13(13)
[2025-08-01T03:47:55.759+0000] GC(277) Old regions: 1073->1164
[2025-08-01T03:47:55.759+0000] GC(277) Humongous regions: 0->0
[2025-08-01T03:47:55.759+0000] GC(277) Metaspace: 10593K(10816K)->10593K(10816K) NonClass: 9335K(9472K)->9335K(9472K) Class: 1258K(1344K)->1258K(1344K)
[2025-08-01T03:47:55.759+0000] GC(277) Pause Young (Normal) (G1 Evacuation Pause) 2348M->2353M(4096M) 37.938ms
[2025-08-01T03:47:55.759+0000] GC(277) User=0.28s Sys=0.01s Real=0.04s
[2025-08-01T03:47:55.857+0000] GC(278) Pause Young (Normal) (G1 Evacuation Pause)
[2025-08-01T03:47:55.857+0000] GC(278) Using 8 workers of 8 for evacuation
[2025-08-01T03:47:55.949+0000] GC(278)   Pre Evacuate Collection Set: 0.8ms
[2025-08-01T03:47:55.949+0000] GC(278)   Merge Heap Roots: 1.4ms
[2025-08-01T03:47:55.949+0000] GC(278)   Evacuate Collection Set: 88.3ms
[2025-08-01T03:47:55.949+0000] GC(278)   Post Evacuate Collection Set: 1.1ms
[2025-08-01T03:47:55.949+0000] GC(278)   Other: 0.2ms
[2025-08-01T03:47:55.949+0000] GC(278) Eden regions: 280->0(194)
[2025-08-01T03:47:55.949+0000] GC(278) Survivor regions: 13->37(37)
[2025-08-01T03:47:55.949+0000] GC(278) Old regions: 1164->1393
[2025-08-01T03:47:55.949+0000] GC(278) Humongous regions: 0->0
[2025-08-01T03:47:55.949+0000] GC(278) Metaspace: 10593K(10816K)->10593K(10816K) NonClass: 9335K(9472K)->9335K(9472K) Class: 1258K(1344K)->1258K(1344K)
[2025-08-01T03:47:55.949+0000] GC(278) Pause Young (Normal) (G1 Evacuation Pause) 2913M->2859M(4096M) 92.110ms
[2025-08-01T03:47:55.949+0000] GC(278) User=0.69s Sys=0.01s Real=0.09s
[2025-08-01T03:47:56.032+0000] GC(279) Pause Young (Normal) (G1 Evacuation Pause)
[2025-08-01T03:47:56.032+0000] GC(279) Using 8 workers of 8 for evacuation
[2025-08-01T03:47:56.096+0000] GC(279)   Pre Evacuate Collection Set: 0.5ms
[2025-08-01T03:47:56.096+0000] GC(279)   Merge Heap Roots: 0.4ms
[2025-08-01T03:47:56.096+0000] GC(279)   Evacuate Collection Set: 62.2ms
[2025-08-01T03:47:56.096+0000] GC(279)   Post Evacuate Collection Set: 1.1ms
[2025-08-01T03:47:56.096+0000] GC(279)   Other: 0.1ms
[2025-08-01T03:47:56.096+0000] GC(279) Eden regions: 194->0(155)
[2025-08-01T03:47:56.096+0000] GC(279) Survivor regions: 37->29(29)
[2025-08-01T03:47:56.096+0000] GC(279) Old regions: 1393->1532
[2025-08-01T03:47:56.096+0000] GC(279) Humongous regions: 0->0
[2025-08-01T03:47:56.097+0000] GC(279) Metaspace: 10593K(10816K)->10593K(10816K) NonClass: 9335K(9472K)->9335K(9472K) Class: 1258K(1344K)->1258K(1344K)
[2025-08-01T03:47:56.097+0000] GC(279) Pause Young (Normal) (G1 Evacuation Pause) 3247M->3121M(4096M) 64.544ms
[2025-08-01T03:47:56.097+0000] GC(279) User=0.47s Sys=0.02s Real=0.07s
[2025-08-01T03:47:56.128+0000] GC(273) Concurrent Rebuild Remembered Sets and Scrub Regions 441.589ms
[2025-08-01T03:47:56.128+0000] GC(273) Pause Cleanup
[2025-08-01T03:47:56.129+0000] GC(273) Pause Cleanup 3332M->3332M(4096M) 0.866ms
[2025-08-01T03:47:56.129+0000] GC(273) User=0.00s Sys=0.00s Real=0.00s
[2025-08-01T03:47:56.129+0000] GC(273) Concurrent Clear Claimed Marks
[2025-08-01T03:47:56.129+0000] GC(273) Concurrent Clear Claimed Marks 0.028ms
[2025-08-01T03:47:56.129+0000] GC(273) Concurrent Cleanup for Next Mark
[2025-08-01T03:47:56.137+0000] GC(273) Concurrent Cleanup for Next Mark 8.196ms
[2025-08-01T03:47:56.137+0000] GC(273) Concurrent Mark Cycle 798.242ms
[2025-08-01T03:47:56.169+0000] GC(280) Pause Young (Prepare Mixed) (G1 Evacuation Pause)
[2025-08-01T03:47:56.169+0000] GC(280) Using 8 workers of 8 for evacuation
[2025-08-01T03:47:56.227+0000] GC(280)   Pre Evacuate Collection Set: 0.7ms
[2025-08-01T03:47:56.227+0000] GC(280)   Merge Heap Roots: 0.2ms
[2025-08-01T03:47:56.227+0000] GC(280)   Evacuate Collection Set: 56.7ms
[2025-08-01T03:47:56.227+0000] GC(280)   Post Evacuate Collection Set: 0.6ms
[2025-08-01T03:47:56.227+0000] GC(280)   Other: 0.1ms
[2025-08-01T03:47:56.227+0000] GC(280) Eden regions: 155->0(120)
[2025-08-01T03:47:56.227+0000] GC(280) Survivor regions: 29->23(23)
[2025-08-01T03:47:56.227+0000] GC(280) Old regions: 1532->1649
[2025-08-01T03:47:56.227+0000] GC(280) Humongous regions: 0->0
[2025-08-01T03:47:56.227+0000] GC(280) Metaspace: 10593K(10816K)->10593K(10816K) NonClass: 9335K(9472K)->9335K(9472K) Class: 1258K(1344K)->1258K(1344K)
[2025-08-01T03:47:56.227+0000] GC(280) Pause Young (Prepare Mixed) (G1 Evacuation Pause) 3431M->3343M(4096M) 58.630ms
[2025-08-01T03:47:56.227+0000] GC(280) User=0.42s Sys=0.01s Real=0.06s
[2025-08-01T03:47:56.251+0000] GC(281) Pause Young (Mixed) (G1 Evacuation Pause)
[2025-08-01T03:47:56.251+0000] GC(281) Using 8 workers of 8 for evacuation
[2025-08-01T03:47:56.306+0000] GC(281)   Pre Evacuate Collection Set: 0.5ms
[2025-08-01T03:47:56.306+0000] GC(281)   Merge Heap Roots: 0.2ms
[2025-08-01T03:47:56.306+0000] GC(281)   Evacuate Collection Set: 52.7ms
[2025-08-01T03:47:56.306+0000] GC(281)   Post Evacuate Collection Set: 0.9ms
[2025-08-01T03:47:56.306+0000] GC(281)   Other: 0.2ms
[2025-08-01T03:47:56.306+0000] GC(281) Eden regions: 120->0(84)
[2025-08-01T03:47:56.306+0000] GC(281) Survivor regions: 23->18(18)
[2025-08-01T03:47:56.306+0000] GC(281) Old regions: 1649->1758
[2025-08-01T03:47:56.306+0000] GC(281) Humongous regions: 0->0
[2025-08-01T03:47:56.306+0000] GC(281) Metaspace: 10593K(10816K)->10593K(10816K) NonClass: 9335K(9472K)->9335K(9472K) Class: 1258K(1344K)->1258K(1344K)
[2025-08-01T03:47:56.306+0000] GC(281) Pause Young (Mixed) (G1 Evacuation Pause) 3583M->3551M(4096M) 54.809ms
[2025-08-01T03:47:56.306+0000] GC(281) User=0.41s Sys=0.01s Real=0.06s
[2025-08-01T03:47:56.324+0000] GC(282) Pause Young (Concurrent Start) (G1 Evacuation Pause)
[2025-08-01T03:47:56.324+0000] GC(282) Using 8 workers of 8 for evacuation
[2025-08-01T03:47:56.359+0000] GC(282)   Pre Evacuate Collection Set: 0.9ms
[2025-08-01T03:47:56.359+0000] GC(282)   Merge Heap Roots: 0.2ms
[2025-08-01T03:47:56.359+0000] GC(282)   Evacuate Collection Set: 32.6ms
[2025-08-01T03:47:56.359+0000] GC(282)   Post Evacuate Collection Set: 0.8ms
[2025-08-01T03:47:56.359+0000] GC(282)   Other: 0.2ms
[2025-08-01T03:47:56.359+0000] GC(282) Eden regions: 84->0(89)
[2025-08-01T03:47:56.359+0000] GC(282) Survivor regions: 18->13(13)
[2025-08-01T03:47:56.359+0000] GC(282) Old regions: 1758->1849
[2025-08-01T03:47:56.359+0000] GC(282) Humongous regions: 0->0
[2025-08-01T03:47:56.359+0000] GC(282) Metaspace: 10593K(10816K)->10593K(10816K) NonClass: 9335K(9472K)->9335K(9472K) Class: 1258K(1344K)->1258K(1344K)
[2025-08-01T03:47:56.359+0000] GC(282) Pause Young (Concurrent Start) (G1 Evacuation Pause) 3719M->3723M(4096M) 35.038ms
[2025-08-01T03:47:56.359+0000] GC(282) User=0.25s Sys=0.01s Real=0.03s
[2025-08-01T03:47:56.359+0000] GC(283) Concurrent Mark Cycle
[2025-08-01T03:47:56.360+0000] GC(283) Concurrent Scan Root Regions
[2025-08-01T03:47:56.381+0000] GC(284) Pause Young (Normal) (G1 Evacuation Pause)
[2025-08-01T03:47:56.381+0000] GC(284) Using 8 workers of 8 for evacuation
[2025-08-01T03:47:56.381+0000] GC(283) Concurrent Scan Root Regions 21.803ms
[2025-08-01T03:47:56.381+0000] GC(283) Concurrent Mark
[2025-08-01T03:47:56.381+0000] GC(283) Concurrent Mark From Roots
[2025-08-01T03:47:56.381+0000] GC(283) Using 2 workers of 2 for marking
[2025-08-01T03:47:56.418+0000] GC(284)   Pre Evacuate Collection Set: 0.8ms
[2025-08-01T03:47:56.418+0000] GC(284)   Merge Heap Roots: 0.2ms
[2025-08-01T03:47:56.418+0000] GC(284)   Evacuate Collection Set: 34.3ms
[2025-08-01T03:47:56.418+0000] GC(284)   Post Evacuate Collection Set: 1.2ms
[2025-08-01T03:47:56.418+0000] GC(284)   Other: 0.1ms
[2025-08-01T03:47:56.418+0000] GC(284) Eden regions: 89->0(72)
[2025-08-01T03:47:56.418+0000] GC(284) Survivor regions: 13->13(13)
[2025-08-01T03:47:56.418+0000] GC(284) Old regions: 1849->1950
[2025-08-01T03:47:56.418+0000] GC(284) Humongous regions: 0->0
[2025-08-01T03:47:56.418+0000] GC(284) Metaspace: 10593K(10816K)->10593K(10816K) NonClass: 9335K(9472K)->9335K(9472K) Class: 1258K(1344K)->1258K(1344K)
[2025-08-01T03:47:56.418+0000] GC(284) Pause Young (Normal) (G1 Evacuation Pause) (Evacuation Failure) 3901M->3925M(4096M) 37.467ms
[2025-08-01T03:47:56.418+0000] GC(284) User=0.27s Sys=0.00s Real=0.04s
[2025-08-01T03:47:56.436+0000] GC(285) Pause Young (Normal) (G1 Evacuation Pause)
[2025-08-01T03:47:56.437+0000] GC(285) Using 8 workers of 8 for evacuation
[2025-08-01T03:47:56.458+0000] GC(285)   Pre Evacuate Collection Set: 0.8ms
[2025-08-01T03:47:56.458+0000] GC(285)   Merge Heap Roots: 0.2ms
[2025-08-01T03:47:56.458+0000] GC(285)   Evacuate Collection Set: 14.2ms
[2025-08-01T03:47:56.458+0000] GC(285)   Post Evacuate Collection Set: 6.0ms
[2025-08-01T03:47:56.458+0000] GC(285)   Other: 0.2ms
[2025-08-01T03:47:56.458+0000] GC(285) Eden regions: 72->0(0)
[2025-08-01T03:47:56.458+0000] GC(285) Survivor regions: 13->8(11)
[2025-08-01T03:47:56.458+0000] GC(285) Old regions: 1950->2036
[2025-08-01T03:47:56.458+0000] GC(285) Humongous regions: 0->0
[2025-08-01T03:47:56.458+0000] GC(285) Metaspace: 10593K(10816K)->10593K(10816K) NonClass: 9335K(9472K)->9335K(9472K) Class: 1258K(1344K)->1258K(1344K)
[2025-08-01T03:47:56.458+0000] GC(285) Pause Young (Normal) (G1 Evacuation Pause) (Evacuation Failure) 4069M->4087M(4096M) 21.613ms
[2025-08-01T03:47:56.458+0000] GC(285) User=0.14s Sys=0.00s Real=0.02s
[2025-08-01T03:47:56.458+0000] Attempting full compaction
[2025-08-01T03:47:56.458+0000] GC(286) Pause Full (G1 Compaction Pause)
[2025-08-01T03:47:56.458+0000] GC(286) Using 8 workers of 8 for full compaction
[2025-08-01T03:47:56.463+0000] GC(286) Phase 1: Mark live objects
[2025-08-01T03:47:56.499+0000] GC(286) Phase 1: Mark live objects 35.637ms
[2025-08-01T03:47:56.499+0000] GC(286) Phase 2: Prepare compaction
[2025-08-01T03:47:56.513+0000] GC(286) Phase 2: Prepare compaction 14.605ms
[2025-08-01T03:47:56.514+0000] GC(286) Phase 3: Adjust pointers
[2025-08-01T03:47:56.547+0000] GC(286) Phase 3: Adjust pointers 33.372ms
[2025-08-01T03:47:56.547+0000] GC(286) Phase 4: Compact heap
[2025-08-01T03:47:56.593+0000] GC(286) Phase 4: Compact heap 45.634ms
[2025-08-01T03:47:56.593+0000] GC(286) Phase 5: Reset Metadata
[2025-08-01T03:47:56.618+0000] GC(286) Phase 5: Reset Metadata 24.803ms
[2025-08-01T03:47:56.627+0000] GC(286) Eden regions: 0->0(531)
[2025-08-01T03:47:56.627+0000] GC(286) Survivor regions: 8->0(11)
[2025-08-01T03:47:56.627+0000] GC(286) Old regions: 2036->378
[2025-08-01T03:47:56.627+0000] GC(286) Humongous regions: 0->0
[2025-08-01T03:47:56.627+0000] GC(286) Metaspace: 10593K(10816K)->10593K(10816K) NonClass: 9335K(9472K)->9335K(9472K) Class: 1258K(1344K)->1258K(1344K)
[2025-08-01T03:47:56.627+0000] GC(286) Pause Full (G1 Compaction Pause) 4087M->749M(4096M) 168.563ms
[2025-08-01T03:47:56.627+0000] GC(286) User=1.10s Sys=0.06s Real=0.17s
[2025-08-01T03:47:56.627+0000] GC(283) Concurrent Mark From Roots 245.713ms
[2025-08-01T03:47:56.627+0000] GC(283) Concurrent Mark Abort
[2025-08-01T03:47:56.627+0000] GC(283) Concurrent Mark Cycle 267.670ms
[2025-08-01T03:47:56.855+0000] GC(287) Pause Young (Normal) (G1 Evacuation Pause)
[2025-08-01T03:47:56.855+0000] GC(287) Using 8 workers of 8 for evacuation
[2025-08-01T03:47:56.975+0000] GC(287)   Pre Evacuate Collection Set: 0.8ms
[2025-08-01T03:47:56.975+0000] GC(287)   Merge Heap Roots: 0.2ms
[2025-08-01T03:47:56.975+0000] GC(287)   Evacuate Collection Set: 116.8ms
[2025-08-01T03:47:56.975+0000] GC(287)   Post Evacuate Collection Set: 1.6ms
[2025-08-01T03:47:56.975+0000] GC(287)   Other: 0.2ms
[2025-08-01T03:47:56.975+0000] GC(287) Eden regions: 531->0(492)
[2025-08-01T03:47:56.975+0000] GC(287) Survivor regions: 0->67(67)
[2025-08-01T03:47:56.975+0000] GC(287) Old regions: 378->529
[2025-08-01T03:47:56.975+0000] GC(287) Humongous regions: 0->0
[2025-08-01T03:47:56.975+0000] GC(287) Metaspace: 10593K(10816K)->10593K(10816K) NonClass: 9335K(9472K)->9335K(9472K) Class: 1258K(1344K)->1258K(1344K)
[2025-08-01T03:47:56.975+0000] GC(287) Pause Young (Normal) (G1 Evacuation Pause) 1811M->1185M(4096M) 119.951ms
[2025-08-01T03:47:56.975+0000] GC(287) User=0.89s Sys=0.04s Real=0.12s
[2025-08-01T03:47:57.164+0000] GC(288) Pause Young (Concurrent Start) (G1 Evacuation Pause)
[2025-08-01T03:47:57.164+0000] GC(288) Using 8 workers of 8 for evacuation
[2025-08-01T03:47:57.407+0000] GC(288) MMU target violated: 201.0ms (200.0ms/201.0ms)
[2025-08-01T03:47:57.407+0000] GC(288)   Pre Evacuate Collection Set: 1.3ms
[2025-08-01T03:47:57.407+0000] GC(288)   Merge Heap Roots: 0.6ms
[2025-08-01T03:47:57.408+0000] GC(288)   Evacuate Collection Set: 239.4ms
[2025-08-01T03:47:57.408+0000] GC(288)   Post Evacuate Collection Set: 1.2ms
[2025-08-01T03:47:57.408+0000] GC(288)   Other: 0.6ms
[2025-08-01T03:47:57.408+0000] GC(288) Eden regions: 492->0(356)
[2025-08-01T03:47:57.408+0000] GC(288) Survivor regions: 67->70(70)
[2025-08-01T03:47:57.408+0000] GC(288) Old regions: 529->899
[2025-08-01T03:47:57.408+0000] GC(288) Humongous regions: 0->0
[2025-08-01T03:47:57.408+0000] GC(288) Metaspace: 10593K(10816K)->10593K(10816K) NonClass: 9335K(9472K)->9335K(9472K) Class: 1258K(1344K)->1258K(1344K)
[2025-08-01T03:47:57.408+0000] GC(288) Pause Young (Concurrent Start) (G1 Evacuation Pause) 2169M->1930M(4096M) 243.287ms
[2025-08-01T03:47:57.408+0000] GC(288) User=1.83s Sys=0.05s Real=0.24s
[2025-08-01T03:47:57.408+0000] GC(289) Concurrent Mark Cycle
[2025-08-01T03:47:57.408+0000] GC(289) Concurrent Scan Root Regions
[2025-08-01T03:47:57.495+0000] GC(289) Concurrent Scan Root Regions 86.500ms
[2025-08-01T03:47:57.495+0000] GC(289) Concurrent Mark
[2025-08-01T03:47:57.495+0000] GC(289) Concurrent Mark From Roots
[2025-08-01T03:47:57.495+0000] GC(289) Using 2 workers of 2 for marking
[2025-08-01T03:47:57.522+0000] GC(289) Concurrent Mark From Roots 27.149ms
[2025-08-01T03:47:57.522+0000] GC(289) Concurrent Preclean
[2025-08-01T03:47:57.522+0000] GC(289) Concurrent Preclean 0.025ms
[2025-08-01T03:47:57.522+0000] GC(289) Pause Remark
[2025-08-01T03:47:57.526+0000] GC(289) Pause Remark 2412M->1587M(4096M) 3.706ms
[2025-08-01T03:47:57.526+0000] GC(289) User=0.01s Sys=0.01s Real=0.01s
[2025-08-01T03:47:57.526+0000] GC(289) Concurrent Mark 31.412ms
[2025-08-01T03:47:57.526+0000] GC(289) Concurrent Rebuild Remembered Sets and Scrub Regions
[2025-08-01T03:47:57.565+0000] GC(290) Pause Young (Normal) (G1 Evacuation Pause)
[2025-08-01T03:47:57.566+0000] GC(290) Using 8 workers of 8 for evacuation
[2025-08-01T03:47:57.654+0000] GC(290)   Pre Evacuate Collection Set: 0.7ms
[2025-08-01T03:47:57.654+0000] GC(290)   Merge Heap Roots: 0.3ms
[2025-08-01T03:47:57.654+0000] GC(290)   Evacuate Collection Set: 85.3ms
[2025-08-01T03:47:57.654+0000] GC(290)   Post Evacuate Collection Set: 2.1ms
[2025-08-01T03:47:57.654+0000] GC(290)   Other: 0.2ms
[2025-08-01T03:47:57.654+0000] GC(290) Eden regions: 356->0(448)
[2025-08-01T03:47:57.654+0000] GC(290) Survivor regions: 70->54(54)
[2025-08-01T03:47:57.654+0000] GC(290) Old regions: 484->694
[2025-08-01T03:47:57.654+0000] GC(290) Humongous regions: 0->0
[2025-08-01T03:47:57.654+0000] GC(290) Metaspace: 10593K(10816K)->10593K(10816K) NonClass: 9335K(9472K)->9335K(9472K) Class: 1258K(1344K)->1258K(1344K)
[2025-08-01T03:47:57.654+0000] GC(290) Pause Young (Normal) (G1 Evacuation Pause) 1817M->1493M(4096M) 88.936ms
[2025-08-01T03:47:57.654+0000] GC(290) User=0.60s Sys=0.01s Real=0.09s
[2025-08-01T03:47:57.726+0000] GC(289) Concurrent Rebuild Remembered Sets and Scrub Regions 200.000ms
[2025-08-01T03:47:57.726+0000] GC(289) Pause Cleanup
[2025-08-01T03:47:57.728+0000] GC(289) Pause Cleanup 1765M->1765M(4096M) 1.104ms
[2025-08-01T03:47:57.728+0000] GC(289) User=0.00s Sys=0.00s Real=0.00s
[2025-08-01T03:47:57.728+0000] GC(289) Concurrent Clear Claimed Marks
[2025-08-01T03:47:57.728+0000] GC(289) Concurrent Clear Claimed Marks 0.127ms
[2025-08-01T03:47:57.728+0000] GC(289) Concurrent Cleanup for Next Mark
[2025-08-01T03:47:57.741+0000] GC(289) Concurrent Cleanup for Next Mark 13.101ms
[2025-08-01T03:47:57.741+0000] GC(289) Concurrent Mark Cycle 333.400ms
[2025-08-01T03:47:57.879+0000] GC(291) Pause Young (Prepare Mixed) (G1 Evacuation Pause)
[2025-08-01T03:47:57.879+0000] GC(291) Using 8 workers of 8 for evacuation
[2025-08-01T03:47:58.147+0000] GC(291) MMU target violated: 201.0ms (200.0ms/201.0ms)
[2025-08-01T03:47:58.147+0000] GC(291)   Pre Evacuate Collection Set: 1.0ms
[2025-08-01T03:47:58.147+0000] GC(291)   Merge Heap Roots: 1.3ms
[2025-08-01T03:47:58.147+0000] GC(291)   Evacuate Collection Set: 261.9ms
[2025-08-01T03:47:58.147+0000] GC(291)   Post Evacuate Collection Set: 3.2ms
[2025-08-01T03:47:58.147+0000] GC(291)   Other: 0.4ms
[2025-08-01T03:47:58.147+0000] GC(291) Eden regions: 448->0(335)
[2025-08-01T03:47:58.147+0000] GC(291) Survivor regions: 54->63(63)
[2025-08-01T03:47:58.147+0000] GC(291) Old regions: 694->996
[2025-08-01T03:47:58.147+0000] GC(291) Humongous regions: 0->0
[2025-08-01T03:47:58.147+0000] GC(291) Metaspace: 10593K(10816K)->10593K(10816K) NonClass: 9335K(9472K)->9335K(9472K) Class: 1258K(1344K)->1258K(1344K)
[2025-08-01T03:47:58.147+0000] GC(291) Pause Young (Prepare Mixed) (G1 Evacuation Pause) 2389M->2115M(4096M) 268.159ms
[2025-08-01T03:47:58.148+0000] GC(291) User=1.95s Sys=0.09s Real=0.27s
[2025-08-01T03:47:58.254+0000] GC(292) Pause Young (Mixed) (G1 Evacuation Pause)
[2025-08-01T03:47:58.254+0000] GC(292) Using 8 workers of 8 for evacuation
[2025-08-01T03:47:58.386+0000] GC(292)   Pre Evacuate Collection Set: 0.9ms
[2025-08-01T03:47:58.386+0000] GC(292)   Merge Heap Roots: 0.2ms
[2025-08-01T03:47:58.386+0000] GC(292)   Evacuate Collection Set: 129.3ms
[2025-08-01T03:47:58.386+0000] GC(292)   Post Evacuate Collection Set: 1.2ms
[2025-08-01T03:47:58.386+0000] GC(292)   Other: 0.1ms
[2025-08-01T03:47:58.386+0000] GC(292) Eden regions: 335->0(258)
[2025-08-01T03:47:58.386+0000] GC(292) Survivor regions: 63->50(50)
[2025-08-01T03:47:58.386+0000] GC(292) Old regions: 996->1226
[2025-08-01T03:47:58.386+0000] GC(292) Humongous regions: 0->0
[2025-08-01T03:47:58.386+0000] GC(292) Metaspace: 10593K(10816K)->10593K(10816K) NonClass: 9335K(9472K)->9335K(9472K) Class: 1258K(1344K)->1258K(1344K)
[2025-08-01T03:47:58.386+0000] GC(292) Pause Young (Mixed) (G1 Evacuation Pause) 2785M->2550M(4096M) 132.064ms
[2025-08-01T03:47:58.386+0000] GC(292) User=0.97s Sys=0.05s Real=0.13s
[2025-08-01T03:47:58.482+0000] GC(293) Pause Young (Concurrent Start) (G1 Evacuation Pause)
[2025-08-01T03:47:58.482+0000] GC(293) Using 8 workers of 8 for evacuation
[2025-08-01T03:47:58.584+0000] GC(293)   Pre Evacuate Collection Set: 1.2ms
[2025-08-01T03:47:58.585+0000] GC(293)   Merge Heap Roots: 0.5ms
[2025-08-01T03:47:58.585+0000] GC(293)   Evacuate Collection Set: 99.8ms
[2025-08-01T03:47:58.585+0000] GC(293)   Post Evacuate Collection Set: 1.1ms
[2025-08-01T03:47:58.585+0000] GC(293)   Other: 0.3ms
[2025-08-01T03:47:58.585+0000] GC(293) Eden regions: 258->0(195)
[2025-08-01T03:47:58.585+0000] GC(293) Survivor regions: 50->39(39)
[2025-08-01T03:47:58.585+0000] GC(293) Old regions: 1226->1426
[2025-08-01T03:47:58.585+0000] GC(293) Humongous regions: 0->0
[2025-08-01T03:47:58.585+0000] GC(293) Metaspace: 10593K(10816K)->10593K(10816K) NonClass: 9335K(9472K)->9335K(9472K) Class: 1258K(1344K)->1258K(1344K)
[2025-08-01T03:47:58.585+0000] GC(293) Pause Young (Concurrent Start) (G1 Evacuation Pause) 3066M->2929M(4096M) 103.133ms
[2025-08-01T03:47:58.585+0000] GC(293) User=0.75s Sys=0.03s Real=0.11s
[2025-08-01T03:47:58.585+0000] GC(294) Concurrent Mark Cycle
[2025-08-01T03:47:58.585+0000] GC(294) Concurrent Scan Root Regions
[2025-08-01T03:47:58.630+0000] GC(294) Concurrent Scan Root Regions 45.225ms
[2025-08-01T03:47:58.630+0000] GC(294) Concurrent Mark
[2025-08-01T03:47:58.630+0000] GC(294) Concurrent Mark From Roots
[2025-08-01T03:47:58.630+0000] GC(294) Using 2 workers of 2 for marking
[2025-08-01T03:47:58.668+0000] GC(295) Pause Young (Normal) (G1 Evacuation Pause)
[2025-08-01T03:47:58.668+0000] GC(295) Using 8 workers of 8 for evacuation
[2025-08-01T03:47:58.752+0000] GC(295)   Pre Evacuate Collection Set: 0.9ms
[2025-08-01T03:47:58.752+0000] GC(295)   Merge Heap Roots: 0.2ms
[2025-08-01T03:47:58.752+0000] GC(295)   Evacuate Collection Set: 82.4ms
[2025-08-01T03:47:58.752+0000] GC(295)   Post Evacuate Collection Set: 0.8ms
[2025-08-01T03:47:58.752+0000] GC(295)   Other: 0.1ms
[2025-08-01T03:47:58.752+0000] GC(295) Eden regions: 195->0(123)
[2025-08-01T03:47:58.752+0000] GC(295) Survivor regions: 39->30(30)
[2025-08-01T03:47:58.752+0000] GC(295) Old regions: 1426->1631
[2025-08-01T03:47:58.752+0000] GC(295) Humongous regions: 0->0
[2025-08-01T03:47:58.752+0000] GC(295) Metaspace: 10593K(10816K)->10593K(10816K) NonClass: 9335K(9472K)->9335K(9472K) Class: 1258K(1344K)->1258K(1344K)
[2025-08-01T03:47:58.752+0000] GC(295) Pause Young (Normal) (G1 Evacuation Pause) 3319M->3321M(4096M) 84.548ms
[2025-08-01T03:47:58.752+0000] GC(295) User=0.59s Sys=0.03s Real=0.08s
[2025-08-01T03:47:58.760+0000] GC(294) Concurrent Mark From Roots 129.825ms
[2025-08-01T03:47:58.760+0000] GC(294) Concurrent Preclean
[2025-08-01T03:47:58.760+0000] GC(294) Concurrent Preclean 0.028ms
[2025-08-01T03:47:58.760+0000] GC(294) Pause Remark
[2025-08-01T03:47:58.764+0000] GC(294) Pause Remark 3381M->1207M(4096M) 3.508ms
[2025-08-01T03:47:58.764+0000] GC(294) User=0.01s Sys=0.00s Real=0.01s
[2025-08-01T03:47:58.764+0000] GC(294) Concurrent Mark 133.902ms
[2025-08-01T03:47:58.764+0000] GC(294) Concurrent Rebuild Remembered Sets and Scrub Regions
[2025-08-01T03:47:58.816+0000] GC(296) Pause Young (Normal) (G1 Evacuation Pause)
[2025-08-01T03:47:58.816+0000] GC(296) Using 8 workers of 8 for evacuation
[2025-08-01T03:47:58.881+0000] GC(296)   Pre Evacuate Collection Set: 1.0ms
[2025-08-01T03:47:58.881+0000] GC(296)   Merge Heap Roots: 0.5ms
[2025-08-01T03:47:58.881+0000] GC(296)   Evacuate Collection Set: 62.6ms
[2025-08-01T03:47:58.881+0000] GC(296)   Post Evacuate Collection Set: 1.1ms
[2025-08-01T03:47:58.881+0000] GC(296)   Other: 0.1ms
[2025-08-01T03:47:58.881+0000] GC(296) Eden regions: 123->0(443)
[2025-08-01T03:47:58.881+0000] GC(296) Survivor regions: 30->20(20)
[2025-08-01T03:47:58.881+0000] GC(296) Old regions: 544->660
[2025-08-01T03:47:58.881+0000] GC(296) Humongous regions: 0->0
[2025-08-01T03:47:58.881+0000] GC(296) Metaspace: 10593K(10816K)->10593K(10816K) NonClass: 9335K(9472K)->9335K(9472K) Class: 1258K(1344K)->1258K(1344K)
[2025-08-01T03:47:58.882+0000] GC(296) Pause Young (Normal) (G1 Evacuation Pause) 1393M->1358M(4096M) 65.625ms
[2025-08-01T03:47:58.882+0000] GC(296) User=0.47s Sys=0.02s Real=0.06s
[2025-08-01T03:47:58.947+0000] GC(294) Concurrent Rebuild Remembered Sets and Scrub Regions 182.491ms
[2025-08-01T03:47:58.947+0000] GC(294) Pause Cleanup
[2025-08-01T03:47:58.948+0000] GC(294) Pause Cleanup 1666M->1666M(4096M) 1.129ms
[2025-08-01T03:47:58.948+0000] GC(294) User=0.01s Sys=0.00s Real=0.00s
[2025-08-01T03:47:58.949+0000] GC(294) Concurrent Clear Claimed Marks
[2025-08-01T03:47:58.949+0000] GC(294) Concurrent Clear Claimed Marks 0.061ms
[2025-08-01T03:47:58.949+0000] GC(294) Concurrent Cleanup for Next Mark
[2025-08-01T03:47:58.958+0000] GC(294) Concurrent Cleanup for Next Mark 8.801ms
[2025-08-01T03:47:58.958+0000] GC(294) Concurrent Mark Cycle 372.960ms
[2025-08-01T03:47:59.054+0000] GC(297) Pause Young (Prepare Mixed) (G1 Evacuation Pause)
[2025-08-01T03:47:59.054+0000] GC(297) Using 8 workers of 8 for evacuation
[2025-08-01T03:47:59.174+0000] GC(297)   Pre Evacuate Collection Set: 1.0ms
[2025-08-01T03:47:59.174+0000] GC(297)   Merge Heap Roots: 0.3ms
[2025-08-01T03:47:59.174+0000] GC(297)   Evacuate Collection Set: 117.1ms
[2025-08-01T03:47:59.174+0000] GC(297)   Post Evacuate Collection Set: 1.7ms
[2025-08-01T03:47:59.174+0000] GC(297)   Other: 0.1ms
[2025-08-01T03:47:59.174+0000] GC(297) Eden regions: 442->0(381)
[2025-08-01T03:47:59.174+0000] GC(297) Survivor regions: 20->58(58)
[2025-08-01T03:47:59.174+0000] GC(297) Old regions: 660->896
[2025-08-01T03:47:59.174+0000] GC(297) Humongous regions: 0->0
[2025-08-01T03:47:59.174+0000] GC(297) Metaspace: 10593K(10816K)->10593K(10816K) NonClass: 9335K(9472K)->9335K(9472K) Class: 1258K(1344K)->1258K(1344K)
[2025-08-01T03:47:59.174+0000] GC(297) Pause Young (Prepare Mixed) (G1 Evacuation Pause) 2242M->1906M(4096M) 120.711ms
[2025-08-01T03:47:59.174+0000] GC(297) User=0.88s Sys=0.04s Real=0.12s
[2025-08-01T03:47:59.341+0000] GC(298) Pause Young (Mixed) (G1 Evacuation Pause)
[2025-08-01T03:47:59.341+0000] GC(298) Using 8 workers of 8 for evacuation
[2025-08-01T03:47:59.520+0000] GC(298)   Pre Evacuate Collection Set: 0.9ms
[2025-08-01T03:47:59.520+0000] GC(298)   Merge Heap Roots: 0.3ms
[2025-08-01T03:47:59.520+0000] GC(298)   Evacuate Collection Set: 177.2ms
[2025-08-01T03:47:59.520+0000] GC(298)   Post Evacuate Collection Set: 1.0ms
[2025-08-01T03:47:59.521+0000] GC(298)   Other: 0.1ms
[2025-08-01T03:47:59.521+0000] GC(298) Eden regions: 381->0(249)
[2025-08-01T03:47:59.521+0000] GC(298) Survivor regions: 58->55(55)
[2025-08-01T03:47:59.521+0000] GC(298) Old regions: 896->1212
[2025-08-01T03:47:59.521+0000] GC(298) Humongous regions: 0->0
[2025-08-01T03:47:59.521+0000] GC(298) Metaspace: 10593K(10816K)->10593K(10816K) NonClass: 9335K(9472K)->9335K(9472K) Class: 1258K(1344K)->1258K(1344K)
[2025-08-01T03:47:59.521+0000] GC(298) Pause Young (Mixed) (G1 Evacuation Pause) 2668M->2533M(4096M) 179.748ms
[2025-08-01T03:47:59.521+0000] GC(298) User=1.33s Sys=0.06s Real=0.18s
[2025-08-01T03:47:59.611+0000] GC(299) Pause Young (Concurrent Start) (G1 Evacuation Pause)
[2025-08-01T03:47:59.611+0000] GC(299) Using 8 workers of 8 for evacuation
[2025-08-01T03:47:59.737+0000] GC(299)   Pre Evacuate Collection Set: 0.9ms
[2025-08-01T03:47:59.737+0000] GC(299)   Merge Heap Roots: 0.2ms
[2025-08-01T03:47:59.737+0000] GC(299)   Evacuate Collection Set: 123.9ms
[2025-08-01T03:47:59.737+0000] GC(299)   Post Evacuate Collection Set: 0.8ms
[2025-08-01T03:47:59.737+0000] GC(299)   Other: 0.2ms
[2025-08-01T03:47:59.737+0000] GC(299) Eden regions: 249->0(168)
[2025-08-01T03:47:59.737+0000] GC(299) Survivor regions: 55->38(38)
[2025-08-01T03:47:59.737+0000] GC(299) Old regions: 1212->1472
[2025-08-01T03:47:59.737+0000] GC(299) Humongous regions: 0->0
[2025-08-01T03:47:59.737+0000] GC(299) Metaspace: 10593K(10816K)->10593K(10816K) NonClass: 9335K(9472K)->9335K(9472K) Class: 1258K(1344K)->1258K(1344K)
[2025-08-01T03:47:59.737+0000] GC(299) Pause Young (Concurrent Start) (G1 Evacuation Pause) 3031M->3019M(4096M) 126.202ms
[2025-08-01T03:47:59.738+0000] GC(299) User=0.94s Sys=0.03s Real=0.13s
[2025-08-01T03:47:59.738+0000] GC(300) Concurrent Mark Cycle
[2025-08-01T03:47:59.738+0000] GC(300) Concurrent Scan Root Regions
[2025-08-01T03:47:59.795+0000] GC(300) Concurrent Scan Root Regions 57.458ms
[2025-08-01T03:47:59.795+0000] GC(300) Concurrent Mark
[2025-08-01T03:47:59.795+0000] GC(300) Concurrent Mark From Roots
[2025-08-01T03:47:59.795+0000] GC(300) Using 2 workers of 2 for marking
[2025-08-01T03:47:59.815+0000] GC(301) Pause Young (Normal) (G1 Evacuation Pause)
[2025-08-01T03:47:59.815+0000] GC(301) Using 8 workers of 8 for evacuation
[2025-08-01T03:47:59.855+0000] GC(301)   Pre Evacuate Collection Set: 0.6ms
[2025-08-01T03:47:59.855+0000] GC(301)   Merge Heap Roots: 0.2ms
[2025-08-01T03:47:59.855+0000] GC(301)   Evacuate Collection Set: 37.3ms
[2025-08-01T03:47:59.855+0000] GC(301)   Post Evacuate Collection Set: 1.0ms
[2025-08-01T03:47:59.855+0000] GC(301)   Other: 0.1ms
[2025-08-01T03:47:59.855+0000] GC(301) Eden regions: 168->0(149)
[2025-08-01T03:47:59.855+0000] GC(301) Survivor regions: 38->26(26)
[2025-08-01T03:47:59.855+0000] GC(301) Old regions: 1472->1559
[2025-08-01T03:47:59.855+0000] GC(301) Humongous regions: 0->0
[2025-08-01T03:47:59.855+0000] GC(301) Metaspace: 10593K(10816K)->10593K(10816K) NonClass: 9335K(9472K)->9335K(9472K) Class: 1258K(1344K)->1258K(1344K)
[2025-08-01T03:47:59.855+0000] GC(301) Pause Young (Normal) (G1 Evacuation Pause) 3355M->3169M(4096M) 39.613ms
[2025-08-01T03:47:59.855+0000] GC(301) User=0.29s Sys=0.01s Real=0.04s
[2025-08-01T03:47:59.924+0000] GC(302) Pause Young (Normal) (G1 Evacuation Pause)
[2025-08-01T03:47:59.924+0000] GC(302) Using 8 workers of 8 for evacuation
[2025-08-01T03:47:59.984+0000] GC(302)   Pre Evacuate Collection Set: 0.5ms
[2025-08-01T03:47:59.985+0000] GC(302)   Merge Heap Roots: 0.1ms
[2025-08-01T03:47:59.985+0000] GC(302)   Evacuate Collection Set: 58.9ms
[2025-08-01T03:47:59.985+0000] GC(302)   Post Evacuate Collection Set: 1.0ms
[2025-08-01T03:47:59.985+0000] GC(302)   Other: 0.1ms
[2025-08-01T03:47:59.985+0000] GC(302) Eden regions: 149->0(97)
[2025-08-01T03:47:59.985+0000] GC(302) Survivor regions: 26->22(22)
[2025-08-01T03:47:59.985+0000] GC(302) Old regions: 1559->1714
[2025-08-01T03:47:59.985+0000] GC(302) Humongous regions: 0->0
[2025-08-01T03:47:59.985+0000] GC(302) Metaspace: 10593K(10816K)->10593K(10816K) NonClass: 9335K(9472K)->9335K(9472K) Class: 1258K(1344K)->1258K(1344K)
[2025-08-01T03:47:59.985+0000] GC(302) Pause Young (Normal) (G1 Evacuation Pause) 3467M->3471M(4096M) 61.052ms
[2025-08-01T03:47:59.985+0000] GC(302) User=0.44s Sys=0.01s Real=0.06s
[2025-08-01T03:48:00.005+0000] GC(300) Concurrent Mark From Roots 209.499ms
[2025-08-01T03:48:00.005+0000] GC(300) Concurrent Preclean
[2025-08-01T03:48:00.005+0000] GC(303) Pause Young (Normal) (G1 Evacuation Pause)
[2025-08-01T03:48:00.005+0000] GC(303) Using 8 workers of 8 for evacuation
[2025-08-01T03:48:00.043+0000] GC(303)   Pre Evacuate Collection Set: 0.7ms
[2025-08-01T03:48:00.043+0000] GC(303)   Merge Heap Roots: 0.1ms
[2025-08-01T03:48:00.043+0000] GC(303)   Evacuate Collection Set: 36.6ms
[2025-08-01T03:48:00.043+0000] GC(303)   Post Evacuate Collection Set: 0.7ms
[2025-08-01T03:48:00.043+0000] GC(303)   Other: 0.1ms
[2025-08-01T03:48:00.043+0000] GC(303) Eden regions: 97->0(87)
[2025-08-01T03:48:00.043+0000] GC(303) Survivor regions: 22->15(15)
[2025-08-01T03:48:00.043+0000] GC(303) Old regions: 1714->1788
[2025-08-01T03:48:00.043+0000] GC(303) Humongous regions: 0->0
[2025-08-01T03:48:00.043+0000] GC(303) Metaspace: 10593K(10816K)->10593K(10816K) NonClass: 9335K(9472K)->9335K(9472K) Class: 1258K(1344K)->1258K(1344K)
[2025-08-01T03:48:00.043+0000] GC(303) Pause Young (Normal) (G1 Evacuation Pause) 3665M->3605M(4096M) 38.465ms
[2025-08-01T03:48:00.043+0000] GC(303) User=0.27s Sys=0.00s Real=0.04s
[2025-08-01T03:48:00.043+0000] GC(300) Concurrent Preclean 38.626ms
[2025-08-01T03:48:00.047+0000] GC(300) Pause Remark
[2025-08-01T03:48:00.051+0000] GC(300) Pause Remark 3647M->1983M(4096M) 3.822ms
[2025-08-01T03:48:00.051+0000] GC(300) User=0.01s Sys=0.01s Real=0.00s
[2025-08-01T03:48:00.051+0000] GC(300) Concurrent Mark 256.282ms
[2025-08-01T03:48:00.051+0000] GC(300) Concurrent Rebuild Remembered Sets and Scrub Regions
[2025-08-01T03:48:00.066+0000] GC(304) Pause Young (Normal) (G1 Evacuation Pause)
[2025-08-01T03:48:00.066+0000] GC(304) Using 8 workers of 8 for evacuation
[2025-08-01T03:48:00.097+0000] GC(304)   Pre Evacuate Collection Set: 0.5ms
[2025-08-01T03:48:00.097+0000] GC(304)   Merge Heap Roots: 0.2ms
[2025-08-01T03:48:00.097+0000] GC(304)   Evacuate Collection Set: 29.9ms
[2025-08-01T03:48:00.097+0000] GC(304)   Post Evacuate Collection Set: 0.8ms
[2025-08-01T03:48:00.097+0000] GC(304)   Other: 0.2ms
[2025-08-01T03:48:00.097+0000] GC(304) Eden regions: 87->0(318)
[2025-08-01T03:48:00.097+0000] GC(304) Survivor regions: 15->13(13)
[2025-08-01T03:48:00.097+0000] GC(304) Old regions: 956->1046
[2025-08-01T03:48:00.098+0000] GC(304) Humongous regions: 0->0
[2025-08-01T03:48:00.098+0000] GC(304) Metaspace: 10593K(10816K)->10593K(10816K) NonClass: 9335K(9472K)->9335K(9472K) Class: 1258K(1344K)->1258K(1344K)
[2025-08-01T03:48:00.098+0000] GC(304) Pause Young (Normal) (G1 Evacuation Pause) 2115M->2116M(4096M) 31.926ms
[2025-08-01T03:48:00.098+0000] GC(304) User=0.23s Sys=0.00s Real=0.03s
[2025-08-01T03:48:00.207+0000] GC(305) Pause Young (Normal) (G1 Evacuation Pause)
[2025-08-01T03:48:00.207+0000] GC(305) Using 8 workers of 8 for evacuation
[2025-08-01T03:48:00.296+0000] GC(305)   Pre Evacuate Collection Set: 0.5ms
[2025-08-01T03:48:00.296+0000] GC(305)   Merge Heap Roots: 0.3ms
[2025-08-01T03:48:00.296+0000] GC(305)   Evacuate Collection Set: 86.4ms
[2025-08-01T03:48:00.296+0000] GC(305)   Post Evacuate Collection Set: 1.1ms
[2025-08-01T03:48:00.296+0000] GC(305)   Other: 0.1ms
[2025-08-01T03:48:00.296+0000] GC(305) Eden regions: 318->0(225)
[2025-08-01T03:48:00.296+0000] GC(305) Survivor regions: 13->42(42)
[2025-08-01T03:48:00.296+0000] GC(305) Old regions: 1046->1290
[2025-08-01T03:48:00.296+0000] GC(305) Humongous regions: 0->0
[2025-08-01T03:48:00.296+0000] GC(305) Metaspace: 10593K(10816K)->10593K(10816K) NonClass: 9335K(9472K)->9335K(9472K) Class: 1258K(1344K)->1258K(1344K)
[2025-08-01T03:48:00.296+0000] GC(305) Pause Young (Normal) (G1 Evacuation Pause) 2752M->2662M(4096M) 88.708ms
[2025-08-01T03:48:00.296+0000] GC(305) User=0.66s Sys=0.00s Real=0.09s
[2025-08-01T03:48:00.384+0000] GC(300) Concurrent Rebuild Remembered Sets and Scrub Regions 332.878ms
[2025-08-01T03:48:00.385+0000] GC(300) Pause Cleanup
[2025-08-01T03:48:00.386+0000] GC(300) Pause Cleanup 3106M->3106M(4096M) 1.088ms
[2025-08-01T03:48:00.386+0000] GC(300) User=0.00s Sys=0.00s Real=0.00s
[2025-08-01T03:48:00.386+0000] GC(300) Concurrent Clear Claimed Marks
[2025-08-01T03:48:00.386+0000] GC(300) Concurrent Clear Claimed Marks 0.062ms
[2025-08-01T03:48:00.386+0000] GC(300) Concurrent Cleanup for Next Mark
[2025-08-01T03:48:00.387+0000] GC(306) Pause Young (Prepare Mixed) (G1 Evacuation Pause)
[2025-08-01T03:48:00.387+0000] GC(306) Using 8 workers of 8 for evacuation
[2025-08-01T03:48:00.492+0000] GC(306)   Pre Evacuate Collection Set: 1.3ms
[2025-08-01T03:48:00.492+0000] GC(306)   Merge Heap Roots: 0.4ms
[2025-08-01T03:48:00.492+0000] GC(306)   Evacuate Collection Set: 103.0ms
[2025-08-01T03:48:00.492+0000] GC(306)   Post Evacuate Collection Set: 1.0ms
[2025-08-01T03:48:00.492+0000] GC(306)   Other: 0.1ms
[2025-08-01T03:48:00.492+0000] GC(306) Eden regions: 225->0(152)
[2025-08-01T03:48:00.492+0000] GC(306) Survivor regions: 42->34(34)
[2025-08-01T03:48:00.492+0000] GC(306) Old regions: 1290->1524
[2025-08-01T03:48:00.492+0000] GC(306) Humongous regions: 0->0
[2025-08-01T03:48:00.492+0000] GC(306) Metaspace: 10593K(10816K)->10593K(10816K) NonClass: 9335K(9472K)->9335K(9472K) Class: 1258K(1344K)->1258K(1344K)
[2025-08-01T03:48:00.493+0000] GC(306) Pause Young (Prepare Mixed) (G1 Evacuation Pause) 3112M->3115M(4096M) 105.893ms
[2025-08-01T03:48:00.493+0000] GC(306) User=0.79s Sys=0.01s Real=0.10s
[2025-08-01T03:48:00.503+0000] GC(300) Concurrent Cleanup for Next Mark 117.119ms
[2025-08-01T03:48:00.503+0000] GC(300) Concurrent Mark Cycle 765.687ms
[2025-08-01T03:48:00.567+0000] GC(307) Pause Young (Mixed) (G1 Evacuation Pause)
[2025-08-01T03:48:00.567+0000] GC(307) Using 8 workers of 8 for evacuation
[2025-08-01T03:48:00.690+0000] GC(307)   Pre Evacuate Collection Set: 3.0ms
[2025-08-01T03:48:00.690+0000] GC(307)   Merge Heap Roots: 0.9ms
[2025-08-01T03:48:00.690+0000] GC(307)   Evacuate Collection Set: 116.7ms
[2025-08-01T03:48:00.690+0000] GC(307)   Post Evacuate Collection Set: 2.0ms
[2025-08-01T03:48:00.690+0000] GC(307)   Other: 0.1ms
[2025-08-01T03:48:00.690+0000] GC(307) Eden regions: 152->0(113)
[2025-08-01T03:48:00.690+0000] GC(307) Survivor regions: 34->24(24)
[2025-08-01T03:48:00.690+0000] GC(307) Old regions: 1524->1658
[2025-08-01T03:48:00.690+0000] GC(307) Humongous regions: 0->0
[2025-08-01T03:48:00.690+0000] GC(307) Metaspace: 10593K(10816K)->10593K(10816K) NonClass: 9335K(9472K)->9335K(9472K) Class: 1258K(1344K)->1258K(1344K)
[2025-08-01T03:48:00.690+0000] GC(307) Pause Young (Mixed) (G1 Evacuation Pause) 3419M->3362M(4096M) 122.980ms
[2025-08-01T03:48:00.690+0000] GC(307) User=0.87s Sys=0.04s Real=0.12s
[2025-08-01T03:48:00.750+0000] GC(308) Pause Young (Concurrent Start) (G1 Evacuation Pause)
[2025-08-01T03:48:00.751+0000] GC(308) Using 8 workers of 8 for evacuation
[2025-08-01T03:48:00.802+0000] GC(308)   Pre Evacuate Collection Set: 1.4ms
[2025-08-01T03:48:00.802+0000] GC(308)   Merge Heap Roots: 0.3ms
[2025-08-01T03:48:00.802+0000] GC(308)   Evacuate Collection Set: 46.0ms
[2025-08-01T03:48:00.802+0000] GC(308)   Post Evacuate Collection Set: 3.6ms
[2025-08-01T03:48:00.802+0000] GC(308)   Other: 0.3ms
[2025-08-01T03:48:00.802+0000] GC(308) Eden regions: 113->0(94)
[2025-08-01T03:48:00.802+0000] GC(308) Survivor regions: 24->18(18)
[2025-08-01T03:48:00.802+0000] GC(308) Old regions: 1658->1736
[2025-08-01T03:48:00.802+0000] GC(308) Humongous regions: 0->0
[2025-08-01T03:48:00.802+0000] GC(308) Metaspace: 10593K(10816K)->10593K(10816K) NonClass: 9335K(9472K)->9335K(9472K) Class: 1258K(1344K)->1258K(1344K)
[2025-08-01T03:48:00.802+0000] GC(308) Pause Young (Concurrent Start) (G1 Evacuation Pause) 3588M->3506M(4096M) 51.774ms
[2025-08-01T03:48:00.802+0000] GC(308) User=0.31s Sys=0.03s Real=0.05s
[2025-08-01T03:48:00.802+0000] GC(309) Concurrent Mark Cycle
[2025-08-01T03:48:00.802+0000] GC(309) Concurrent Scan Root Regions
[2025-08-01T03:48:00.824+0000] GC(310) Pause Young (Normal) (G1 Evacuation Pause)
[2025-08-01T03:48:00.824+0000] GC(310) Using 8 workers of 8 for evacuation
[2025-08-01T03:48:00.830+0000] GC(309) Concurrent Scan Root Regions 27.295ms
[2025-08-01T03:48:00.830+0000] GC(309) Concurrent Mark
[2025-08-01T03:48:00.830+0000] GC(309) Concurrent Mark From Roots
[2025-08-01T03:48:00.830+0000] GC(309) Using 2 workers of 2 for marking
[2025-08-01T03:48:00.868+0000] GC(310)   Pre Evacuate Collection Set: 0.8ms
[2025-08-01T03:48:00.868+0000] GC(310)   Merge Heap Roots: 0.2ms
[2025-08-01T03:48:00.868+0000] GC(310)   Evacuate Collection Set: 36.2ms
[2025-08-01T03:48:00.868+0000] GC(310)   Post Evacuate Collection Set: 0.7ms
[2025-08-01T03:48:00.868+0000] GC(310)   Other: 0.1ms
[2025-08-01T03:48:00.868+0000] GC(310) Eden regions: 94->0(88)
[2025-08-01T03:48:00.868+0000] GC(310) Survivor regions: 18->14(14)
[2025-08-01T03:48:00.868+0000] GC(310) Old regions: 1736->1836
[2025-08-01T03:48:00.868+0000] GC(310) Humongous regions: 0->0
[2025-08-01T03:48:00.868+0000] GC(310) Metaspace: 10593K(10816K)->10593K(10816K) NonClass: 9335K(9472K)->9335K(9472K) Class: 1258K(1344K)->1258K(1344K)
[2025-08-01T03:48:00.868+0000] GC(310) Pause Young (Normal) (G1 Evacuation Pause) 3694M->3698M(4096M) 44.356ms
[2025-08-01T03:48:00.868+0000] GC(310) User=0.27s Sys=0.00s Real=0.04s
[2025-08-01T03:48:00.934+0000] GC(311) Pause Young (Normal) (G1 Evacuation Pause)
[2025-08-01T03:48:00.934+0000] GC(311) Using 8 workers of 8 for evacuation
[2025-08-01T03:48:00.973+0000] GC(311)   Pre Evacuate Collection Set: 1.1ms
[2025-08-01T03:48:00.973+0000] GC(311)   Merge Heap Roots: 0.2ms
[2025-08-01T03:48:00.973+0000] GC(311)   Evacuate Collection Set: 35.9ms
[2025-08-01T03:48:00.973+0000] GC(311)   Post Evacuate Collection Set: 1.3ms
[2025-08-01T03:48:00.973+0000] GC(311)   Other: 0.2ms
[2025-08-01T03:48:00.973+0000] GC(311) Eden regions: 88->0(89)
[2025-08-01T03:48:00.973+0000] GC(311) Survivor regions: 14->13(13)
[2025-08-01T03:48:00.973+0000] GC(311) Old regions: 1836->1903
[2025-08-01T03:48:00.973+0000] GC(311) Humongous regions: 0->0
[2025-08-01T03:48:00.973+0000] GC(311) Metaspace: 10593K(10816K)->10593K(10816K) NonClass: 9335K(9472K)->9335K(9472K) Class: 1258K(1344K)->1258K(1344K)
[2025-08-01T03:48:00.973+0000] GC(311) Pause Young (Normal) (G1 Evacuation Pause) 3874M->3830M(4096M) 38.995ms
[2025-08-01T03:48:00.973+0000] GC(311) User=0.28s Sys=0.01s Real=0.04s
[2025-08-01T03:48:00.989+0000] GC(312) Pause Young (Normal) (G1 Evacuation Pause)
[2025-08-01T03:48:00.989+0000] GC(312) Using 8 workers of 8 for evacuation
[2025-08-01T03:48:01.022+0000] GC(312)   Pre Evacuate Collection Set: 0.6ms
[2025-08-01T03:48:01.022+0000] GC(312)   Merge Heap Roots: 0.2ms
[2025-08-01T03:48:01.022+0000] GC(312)   Evacuate Collection Set: 22.3ms
[2025-08-01T03:48:01.022+0000] GC(312)   Post Evacuate Collection Set: 8.9ms
[2025-08-01T03:48:01.022+0000] GC(312)   Other: 0.1ms
[2025-08-01T03:48:01.022+0000] GC(312) Eden regions: 89->0(0)
[2025-08-01T03:48:01.022+0000] GC(312) Survivor regions: 13->13(13)
[2025-08-01T03:48:01.022+0000] GC(312) Old regions: 1903->2022
[2025-08-01T03:48:01.022+0000] GC(312) Humongous regions: 0->0
[2025-08-01T03:48:01.022+0000] GC(312) Metaspace: 10593K(10816K)->10593K(10816K) NonClass: 9335K(9472K)->9335K(9472K) Class: 1258K(1344K)->1258K(1344K)
[2025-08-01T03:48:01.022+0000] GC(312) Pause Young (Normal) (G1 Evacuation Pause) (Evacuation Failure) 4008M->4069M(4096M) 32.396ms
[2025-08-01T03:48:01.022+0000] GC(312) User=0.21s Sys=0.01s Real=0.03s
[2025-08-01T03:48:01.022+0000] Attempting full compaction
[2025-08-01T03:48:01.022+0000] GC(313) Pause Full (G1 Compaction Pause)
[2025-08-01T03:48:01.022+0000] GC(313) Using 8 workers of 8 for full compaction
[2025-08-01T03:48:01.027+0000] GC(313) Phase 1: Mark live objects
[2025-08-01T03:48:01.057+0000] GC(313) Phase 1: Mark live objects 29.025ms
[2025-08-01T03:48:01.057+0000] GC(313) Phase 2: Prepare compaction
[2025-08-01T03:48:01.074+0000] GC(313) Phase 2: Prepare compaction 17.768ms
[2025-08-01T03:48:01.074+0000] GC(313) Phase 3: Adjust pointers
[2025-08-01T03:48:01.108+0000] GC(313) Phase 3: Adjust pointers 33.959ms
[2025-08-01T03:48:01.109+0000] GC(313) Phase 4: Compact heap
[2025-08-01T03:48:01.152+0000] GC(313) Phase 4: Compact heap 43.379ms
[2025-08-01T03:48:01.152+0000] GC(313) Phase 5: Reset Metadata
[2025-08-01T03:48:01.174+0000] GC(313) Phase 5: Reset Metadata 21.958ms
[2025-08-01T03:48:01.181+0000] GC(313) Eden regions: 0->0(546)
[2025-08-01T03:48:01.181+0000] GC(313) Survivor regions: 13->0(13)
[2025-08-01T03:48:01.181+0000] GC(313) Old regions: 2022->340
[2025-08-01T03:48:01.181+0000] GC(313) Humongous regions: 0->0
[2025-08-01T03:48:01.181+0000] GC(313) Metaspace: 10593K(10816K)->10593K(10816K) NonClass: 9335K(9472K)->9335K(9472K) Class: 1258K(1344K)->1258K(1344K)
[2025-08-01T03:48:01.181+0000] GC(313) Pause Full (G1 Compaction Pause) 4069M->669M(4096M) 159.312ms
[2025-08-01T03:48:01.181+0000] GC(313) User=1.10s Sys=0.01s Real=0.16s
[2025-08-01T03:48:01.181+0000] GC(309) Concurrent Mark From Roots 351.600ms
[2025-08-01T03:48:01.181+0000] GC(309) Concurrent Mark Abort
[2025-08-01T03:48:01.181+0000] GC(309) Concurrent Mark Cycle 379.121ms
[2025-08-01T03:48:01.435+0000] GC(314) Pause Young (Normal) (G1 Evacuation Pause)
[2025-08-01T03:48:01.435+0000] GC(314) Using 8 workers of 8 for evacuation
[2025-08-01T03:48:01.606+0000] GC(314)   Pre Evacuate Collection Set: 1.1ms
[2025-08-01T03:48:01.606+0000] GC(314)   Merge Heap Roots: 0.6ms
[2025-08-01T03:48:01.606+0000] GC(314)   Evacuate Collection Set: 168.1ms
[2025-08-01T03:48:01.606+0000] GC(314)   Post Evacuate Collection Set: 1.2ms
[2025-08-01T03:48:01.606+0000] GC(314)   Other: 0.1ms
[2025-08-01T03:48:01.606+0000] GC(314) Eden regions: 544->0(486)
[2025-08-01T03:48:01.606+0000] GC(314) Survivor regions: 0->68(68)
[2025-08-01T03:48:01.606+0000] GC(314) Old regions: 340->604
[2025-08-01T03:48:01.606+0000] GC(314) Humongous regions: 0->0
[2025-08-01T03:48:01.606+0000] GC(314) Metaspace: 10593K(10816K)->10593K(10816K) NonClass: 9335K(9472K)->9335K(9472K) Class: 1258K(1344K)->1258K(1344K)
[2025-08-01T03:48:01.606+0000] GC(314) Pause Young (Normal) (G1 Evacuation Pause) 1757M->1333M(4096M) 171.451ms
[2025-08-01T03:48:01.606+0000] GC(314) User=1.26s Sys=0.07s Real=0.17s
[2025-08-01T03:48:01.845+0000] GC(315) Pause Young (Concurrent Start) (G1 Evacuation Pause)
[2025-08-01T03:48:01.845+0000] GC(315) Using 8 workers of 8 for evacuation
[2025-08-01T03:48:02.090+0000] GC(315) MMU target violated: 201.0ms (200.0ms/201.0ms)
[2025-08-01T03:48:02.090+0000] GC(315)   Pre Evacuate Collection Set: 3.1ms
[2025-08-01T03:48:02.090+0000] GC(315)   Merge Heap Roots: 0.2ms
[2025-08-01T03:48:02.090+0000] GC(315)   Evacuate Collection Set: 239.7ms
[2025-08-01T03:48:02.090+0000] GC(315)   Post Evacuate Collection Set: 1.0ms
[2025-08-01T03:48:02.090+0000] GC(315)   Other: 0.3ms
[2025-08-01T03:48:02.090+0000] GC(315) Eden regions: 486->0(344)
[2025-08-01T03:48:02.090+0000] GC(315) Survivor regions: 68->70(70)
[2025-08-01T03:48:02.090+0000] GC(315) Old regions: 604->952
[2025-08-01T03:48:02.090+0000] GC(315) Humongous regions: 0->0
[2025-08-01T03:48:02.090+0000] GC(315) Metaspace: 10593K(10816K)->10593K(10816K) NonClass: 9335K(9472K)->9335K(9472K) Class: 1258K(1344K)->1258K(1344K)
[2025-08-01T03:48:02.090+0000] GC(315) Pause Young (Concurrent Start) (G1 Evacuation Pause) 2305M->2032M(4096M) 244.645ms
[2025-08-01T03:48:02.090+0000] GC(315) User=1.79s Sys=0.09s Real=0.24s
[2025-08-01T03:48:02.090+0000] GC(316) Concurrent Mark Cycle
[2025-08-01T03:48:02.090+0000] GC(316) Concurrent Scan Root Regions
[2025-08-01T03:48:02.173+0000] GC(316) Concurrent Scan Root Regions 82.908ms
[2025-08-01T03:48:02.173+0000] GC(316) Concurrent Mark
[2025-08-01T03:48:02.173+0000] GC(316) Concurrent Mark From Roots
[2025-08-01T03:48:02.173+0000] GC(316) Using 2 workers of 2 for marking
[2025-08-01T03:48:02.202+0000] GC(316) Concurrent Mark From Roots 29.322ms
[2025-08-01T03:48:02.203+0000] GC(316) Concurrent Preclean
[2025-08-01T03:48:02.203+0000] GC(316) Concurrent Preclean 0.043ms
[2025-08-01T03:48:02.203+0000] GC(316) Pause Remark
[2025-08-01T03:48:02.205+0000] GC(316) Pause Remark 2667M->1681M(4096M) 2.359ms
[2025-08-01T03:48:02.205+0000] GC(316) User=0.01s Sys=0.00s Real=0.01s
[2025-08-01T03:48:02.205+0000] GC(316) Concurrent Mark 32.163ms
[2025-08-01T03:48:02.205+0000] GC(316) Concurrent Rebuild Remembered Sets and Scrub Regions
[2025-08-01T03:48:02.250+0000] GC(317) Pause Young (Normal) (G1 Evacuation Pause)
[2025-08-01T03:48:02.250+0000] GC(317) Using 8 workers of 8 for evacuation
[2025-08-01T03:48:02.323+0000] GC(317)   Pre Evacuate Collection Set: 0.6ms
[2025-08-01T03:48:02.324+0000] GC(317)   Merge Heap Roots: 0.3ms
[2025-08-01T03:48:02.324+0000] GC(317)   Evacuate Collection Set: 70.9ms
[2025-08-01T03:48:02.324+0000] GC(317)   Post Evacuate Collection Set: 1.2ms
[2025-08-01T03:48:02.324+0000] GC(317)   Other: 0.1ms
[2025-08-01T03:48:02.324+0000] GC(317) Eden regions: 344->0(472)
[2025-08-01T03:48:02.324+0000] GC(317) Survivor regions: 70->52(52)
[2025-08-01T03:48:02.324+0000] GC(317) Old regions: 454->650
[2025-08-01T03:48:02.324+0000] GC(317) Humongous regions: 0->0
[2025-08-01T03:48:02.324+0000] GC(317) Metaspace: 10593K(10816K)->10593K(10816K) NonClass: 9335K(9472K)->9335K(9472K) Class: 1258K(1344K)->1258K(1344K)
[2025-08-01T03:48:02.324+0000] GC(317) Pause Young (Normal) (G1 Evacuation Pause) 1734M->1403M(4096M) 73.398ms
[2025-08-01T03:48:02.324+0000] GC(317) User=0.56s Sys=0.00s Real=0.08s
[2025-08-01T03:48:02.371+0000] GC(316) Concurrent Rebuild Remembered Sets and Scrub Regions 165.976ms
[2025-08-01T03:48:02.371+0000] GC(316) Pause Cleanup
[2025-08-01T03:48:02.372+0000] GC(316) Pause Cleanup 1711M->1711M(4096M) 0.811ms
[2025-08-01T03:48:02.372+0000] GC(316) User=0.00s Sys=0.00s Real=0.00s
[2025-08-01T03:48:02.372+0000] GC(316) Concurrent Clear Claimed Marks
[2025-08-01T03:48:02.372+0000] GC(316) Concurrent Clear Claimed Marks 0.038ms
[2025-08-01T03:48:02.372+0000] GC(316) Concurrent Cleanup for Next Mark
[2025-08-01T03:48:02.380+0000] GC(316) Concurrent Cleanup for Next Mark 7.826ms
[2025-08-01T03:48:02.380+0000] GC(316) Concurrent Mark Cycle 290.287ms
[2025-08-01T03:48:02.502+0000] GC(318) Pause Young (Prepare Mixed) (G1 Evacuation Pause)
[2025-08-01T03:48:02.502+0000] GC(318) Using 8 workers of 8 for evacuation
[2025-08-01T03:48:02.730+0000] GC(318) MMU target violated: 201.0ms (200.0ms/201.0ms)
[2025-08-01T03:48:02.730+0000] GC(318)   Pre Evacuate Collection Set: 1.3ms
[2025-08-01T03:48:02.730+0000] GC(318)   Merge Heap Roots: 0.3ms
[2025-08-01T03:48:02.730+0000] GC(318)   Evacuate Collection Set: 224.5ms
[2025-08-01T03:48:02.730+0000] GC(318)   Post Evacuate Collection Set: 1.1ms
[2025-08-01T03:48:02.730+0000] GC(318)   Other: 0.2ms
[2025-08-01T03:48:02.730+0000] GC(318) Eden regions: 472->0(353)
[2025-08-01T03:48:02.730+0000] GC(318) Survivor regions: 52->66(66)
[2025-08-01T03:48:02.730+0000] GC(318) Old regions: 650->949
[2025-08-01T03:48:02.730+0000] GC(318) Humongous regions: 0->0
[2025-08-01T03:48:02.730+0000] GC(318) Metaspace: 10593K(10816K)->10593K(10816K) NonClass: 9335K(9472K)->9335K(9472K) Class: 1258K(1344K)->1258K(1344K)
[2025-08-01T03:48:02.730+0000] GC(318) Pause Young (Prepare Mixed) (G1 Evacuation Pause) 2347M->2029M(4096M) 227.629ms
[2025-08-01T03:48:02.730+0000] GC(318) User=1.70s Sys=0.09s Real=0.23s
[2025-08-01T03:48:02.899+0000] GC(319) Pause Young (Mixed) (G1 Evacuation Pause)
[2025-08-01T03:48:02.899+0000] GC(319) Using 8 workers of 8 for evacuation
[2025-08-01T03:48:03.127+0000] GC(319) MMU target violated: 201.0ms (200.0ms/201.0ms)
[2025-08-01T03:48:03.127+0000] GC(319)   Pre Evacuate Collection Set: 1.0ms
[2025-08-01T03:48:03.127+0000] GC(319)   Merge Heap Roots: 1.1ms
[2025-08-01T03:48:03.127+0000] GC(319)   Evacuate Collection Set: 224.4ms
[2025-08-01T03:48:03.127+0000] GC(319)   Post Evacuate Collection Set: 1.2ms
[2025-08-01T03:48:03.128+0000] GC(319)   Other: 0.2ms
[2025-08-01T03:48:03.128+0000] GC(319) Eden regions: 353->0(219)
[2025-08-01T03:48:03.128+0000] GC(319) Survivor regions: 66->53(53)
[2025-08-01T03:48:03.128+0000] GC(319) Old regions: 949->1304
[2025-08-01T03:48:03.128+0000] GC(319) Humongous regions: 0->0
[2025-08-01T03:48:03.128+0000] GC(319) Metaspace: 10593K(10816K)->10593K(10816K) NonClass: 9335K(9472K)->9335K(9472K) Class: 1258K(1344K)->1258K(1344K)
[2025-08-01T03:48:03.128+0000] GC(319) Pause Young (Mixed) (G1 Evacuation Pause) 2735M->2713M(4096M) 228.298ms
[2025-08-01T03:48:03.128+0000] GC(319) User=1.72s Sys=0.06s Real=0.23s
[2025-08-01T03:48:03.213+0000] GC(320) Pause Young (Concurrent Start) (G1 Evacuation Pause)
[2025-08-01T03:48:03.213+0000] GC(320) Using 8 workers of 8 for evacuation
[2025-08-01T03:48:03.283+0000] GC(320)   Pre Evacuate Collection Set: 1.5ms
[2025-08-01T03:48:03.283+0000] GC(320)   Merge Heap Roots: 0.2ms
[2025-08-01T03:48:03.283+0000] GC(320)   Evacuate Collection Set: 67.3ms
[2025-08-01T03:48:03.283+0000] GC(320)   Post Evacuate Collection Set: 0.9ms
[2025-08-01T03:48:03.283+0000] GC(320)   Other: 0.2ms
[2025-08-01T03:48:03.283+0000] GC(320) Eden regions: 219->0(183)
[2025-08-01T03:48:03.283+0000] GC(320) Survivor regions: 53->34(34)
[2025-08-01T03:48:03.283+0000] GC(320) Old regions: 1304->1451
[2025-08-01T03:48:03.283+0000] GC(320) Humongous regions: 0->0
[2025-08-01T03:48:03.283+0000] GC(320) Metaspace: 10593K(10816K)->10593K(10816K) NonClass: 9335K(9472K)->9335K(9472K) Class: 1258K(1344K)->1258K(1344K)
[2025-08-01T03:48:03.283+0000] GC(320) Pause Young (Concurrent Start) (G1 Evacuation Pause) 3151M->2969M(4096M) 70.379ms
[2025-08-01T03:48:03.283+0000] GC(320) User=0.51s Sys=0.02s Real=0.07s
[2025-08-01T03:48:03.284+0000] GC(321) Concurrent Mark Cycle
[2025-08-01T03:48:03.284+0000] GC(321) Concurrent Scan Root Regions
[2025-08-01T03:48:03.320+0000] GC(321) Concurrent Scan Root Regions 36.648ms
[2025-08-01T03:48:03.320+0000] GC(321) Concurrent Mark
[2025-08-01T03:48:03.320+0000] GC(321) Concurrent Mark From Roots
[2025-08-01T03:48:03.320+0000] GC(321) Using 2 workers of 2 for marking
[2025-08-01T03:48:03.365+0000] GC(322) Pause Young (Normal) (G1 Evacuation Pause)
[2025-08-01T03:48:03.365+0000] GC(322) Using 8 workers of 8 for evacuation
[2025-08-01T03:48:03.446+0000] GC(322)   Pre Evacuate Collection Set: 0.8ms
[2025-08-01T03:48:03.447+0000] GC(322)   Merge Heap Roots: 0.3ms
[2025-08-01T03:48:03.447+0000] GC(322)   Evacuate Collection Set: 78.9ms
[2025-08-01T03:48:03.447+0000] GC(322)   Post Evacuate Collection Set: 1.2ms
[2025-08-01T03:48:03.447+0000] GC(322)   Other: 0.1ms
[2025-08-01T03:48:03.447+0000] GC(322) Eden regions: 183->0(117)
[2025-08-01T03:48:03.447+0000] GC(322) Survivor regions: 34->28(28)
[2025-08-01T03:48:03.447+0000] GC(322) Old regions: 1451->1642
[2025-08-01T03:48:03.447+0000] GC(322) Humongous regions: 0->0
[2025-08-01T03:48:03.447+0000] GC(322) Metaspace: 10593K(10816K)->10593K(10816K) NonClass: 9335K(9472K)->9335K(9472K) Class: 1258K(1344K)->1258K(1344K)
[2025-08-01T03:48:03.447+0000] GC(322) Pause Young (Normal) (G1 Evacuation Pause) 3335M->3338M(4096M) 81.619ms
[2025-08-01T03:48:03.447+0000] GC(322) User=0.61s Sys=0.02s Real=0.08s
[2025-08-01T03:48:03.449+0000] GC(321) Concurrent Mark From Roots 128.612ms
[2025-08-01T03:48:03.449+0000] GC(321) Concurrent Preclean
[2025-08-01T03:48:03.449+0000] GC(321) Concurrent Preclean 0.029ms
[2025-08-01T03:48:03.450+0000] GC(321) Pause Remark
[2025-08-01T03:48:03.453+0000] GC(321) Pause Remark 3362M->1146M(4096M) 3.515ms
[2025-08-01T03:48:03.453+0000] GC(321) User=0.01s Sys=0.00s Real=0.01s
[2025-08-01T03:48:03.454+0000] GC(321) Concurrent Mark 133.127ms
[2025-08-01T03:48:03.454+0000] GC(321) Concurrent Rebuild Remembered Sets and Scrub Regions
[2025-08-01T03:48:03.521+0000] GC(323) Pause Young (Normal) (G1 Evacuation Pause)
[2025-08-01T03:48:03.521+0000] GC(323) Using 8 workers of 8 for evacuation
[2025-08-01T03:48:03.578+0000] GC(323)   Pre Evacuate Collection Set: 0.9ms
[2025-08-01T03:48:03.578+0000] GC(323)   Merge Heap Roots: 0.2ms
[2025-08-01T03:48:03.578+0000] GC(323)   Evacuate Collection Set: 55.1ms
[2025-08-01T03:48:03.578+0000] GC(323)   Post Evacuate Collection Set: 1.1ms
[2025-08-01T03:48:03.578+0000] GC(323)   Other: 0.1ms
[2025-08-01T03:48:03.578+0000] GC(323) Eden regions: 117->0(499)
[2025-08-01T03:48:03.578+0000] GC(323) Survivor regions: 28->19(19)
[2025-08-01T03:48:03.578+0000] GC(323) Old regions: 534->655
[2025-08-01T03:48:03.578+0000] GC(323) Humongous regions: 0->0
[2025-08-01T03:48:03.578+0000] GC(323) Metaspace: 10593K(10816K)->10593K(10816K) NonClass: 9335K(9472K)->9335K(9472K) Class: 1258K(1344K)->1258K(1344K)
[2025-08-01T03:48:03.578+0000] GC(323) Pause Young (Normal) (G1 Evacuation Pause) 1356M->1347M(4096M) 57.727ms
[2025-08-01T03:48:03.578+0000] GC(323) User=0.42s Sys=0.02s Real=0.06s
[2025-08-01T03:48:03.609+0000] GC(321) Concurrent Rebuild Remembered Sets and Scrub Regions 155.860ms
[2025-08-01T03:48:03.610+0000] GC(321) Pause Cleanup
[2025-08-01T03:48:03.611+0000] GC(321) Pause Cleanup 1586M->1586M(4096M) 1.280ms
[2025-08-01T03:48:03.611+0000] GC(321) User=0.01s Sys=0.00s Real=0.00s
[2025-08-01T03:48:03.611+0000] GC(321) Concurrent Clear Claimed Marks
[2025-08-01T03:48:03.611+0000] GC(321) Concurrent Clear Claimed Marks 0.046ms
[2025-08-01T03:48:03.611+0000] GC(321) Concurrent Cleanup for Next Mark
[2025-08-01T03:48:03.619+0000] GC(321) Concurrent Cleanup for Next Mark 7.836ms
[2025-08-01T03:48:03.619+0000] GC(321) Concurrent Mark Cycle 335.751ms
[2025-08-01T03:48:03.791+0000] GC(324) Pause Young (Prepare Mixed) (G1 Evacuation Pause)
[2025-08-01T03:48:03.791+0000] GC(324) Using 8 workers of 8 for evacuation
[2025-08-01T03:48:03.854+0000] GC(324)   Pre Evacuate Collection Set: 1.0ms
[2025-08-01T03:48:03.854+0000] GC(324)   Merge Heap Roots: 0.8ms
[2025-08-01T03:48:03.854+0000] GC(324)   Evacuate Collection Set: 60.2ms
[2025-08-01T03:48:03.854+0000] GC(324)   Post Evacuate Collection Set: 1.6ms
[2025-08-01T03:48:03.855+0000] GC(324)   Other: 0.1ms
[2025-08-01T03:48:03.855+0000] GC(324) Eden regions: 499->0(420)
[2025-08-01T03:48:03.855+0000] GC(324) Survivor regions: 19->65(65)
[2025-08-01T03:48:03.855+0000] GC(324) Old regions: 655->724
[2025-08-01T03:48:03.855+0000] GC(324) Humongous regions: 0->0
[2025-08-01T03:48:03.855+0000] GC(324) Metaspace: 10593K(10816K)->10593K(10816K) NonClass: 9335K(9472K)->9335K(9472K) Class: 1258K(1344K)->1258K(1344K)
[2025-08-01T03:48:03.855+0000] GC(324) Pause Young (Prepare Mixed) (G1 Evacuation Pause) 2345M->1576M(4096M) 64.012ms
[2025-08-01T03:48:03.855+0000] GC(324) User=0.43s Sys=0.03s Real=0.07s
[2025-08-01T03:48:04.024+0000] GC(325) Pause Young (Mixed) (G1 Evacuation Pause)
[2025-08-01T03:48:04.024+0000] GC(325) Using 8 workers of 8 for evacuation
[2025-08-01T03:48:04.250+0000] GC(325) MMU target violated: 201.0ms (200.0ms/201.0ms)
[2025-08-01T03:48:04.250+0000] GC(325)   Pre Evacuate Collection Set: 1.2ms
[2025-08-01T03:48:04.250+0000] GC(325)   Merge Heap Roots: 0.5ms
[2025-08-01T03:48:04.250+0000] GC(325)   Evacuate Collection Set: 222.4ms
[2025-08-01T03:48:04.250+0000] GC(325)   Post Evacuate Collection Set: 1.2ms
[2025-08-01T03:48:04.250+0000] GC(325)   Other: 0.2ms
[2025-08-01T03:48:04.250+0000] GC(325) Eden regions: 418->0(341)
[2025-08-01T03:48:04.250+0000] GC(325) Survivor regions: 65->61(61)
[2025-08-01T03:48:04.250+0000] GC(325) Old regions: 724->1007
[2025-08-01T03:48:04.250+0000] GC(325) Humongous regions: 0->0
[2025-08-01T03:48:04.250+0000] GC(325) Metaspace: 10593K(10816K)->10593K(10816K) NonClass: 9335K(9472K)->9335K(9472K) Class: 1258K(1344K)->1258K(1344K)
[2025-08-01T03:48:04.250+0000] GC(325) Pause Young (Mixed) (G1 Evacuation Pause) 2412M->2134M(4096M) 225.687ms
[2025-08-01T03:48:04.250+0000] GC(325) User=1.72s Sys=0.04s Real=0.22s
[2025-08-01T03:48:04.400+0000] GC(326) Pause Young (Mixed) (G1 Evacuation Pause)
[2025-08-01T03:48:04.400+0000] GC(326) Using 8 workers of 8 for evacuation
[2025-08-01T03:48:04.601+0000] GC(326) MMU target violated: 200.6ms (200.0ms/201.0ms)
[2025-08-01T03:48:04.601+0000] GC(326)   Pre Evacuate Collection Set: 0.8ms
[2025-08-01T03:48:04.601+0000] GC(326)   Merge Heap Roots: 0.2ms
[2025-08-01T03:48:04.601+0000] GC(326)   Evacuate Collection Set: 197.7ms
[2025-08-01T03:48:04.601+0000] GC(326)   Post Evacuate Collection Set: 1.7ms
[2025-08-01T03:48:04.601+0000] GC(326)   Other: 0.2ms
[2025-08-01T03:48:04.601+0000] GC(326) Eden regions: 341->0(207)
[2025-08-01T03:48:04.601+0000] GC(326) Survivor regions: 61->51(51)
[2025-08-01T03:48:04.601+0000] GC(326) Old regions: 1007->1341
[2025-08-01T03:48:04.601+0000] GC(326) Humongous regions: 0->0
[2025-08-01T03:48:04.601+0000] GC(326) Metaspace: 10593K(10816K)->10593K(10816K) NonClass: 9335K(9472K)->9335K(9472K) Class: 1258K(1344K)->1258K(1344K)
[2025-08-01T03:48:04.601+0000] GC(326) Pause Young (Mixed) (G1 Evacuation Pause) 2816M->2782M(4096M) 200.944ms
[2025-08-01T03:48:04.601+0000] GC(326) User=1.48s Sys=0.06s Real=0.20s
[2025-08-01T03:48:04.686+0000] GC(327) Pause Young (Concurrent Start) (G1 Evacuation Pause)
[2025-08-01T03:48:04.686+0000] GC(327) Using 8 workers of 8 for evacuation
[2025-08-01T03:48:04.780+0000] GC(327)   Pre Evacuate Collection Set: 0.8ms
[2025-08-01T03:48:04.780+0000] GC(327)   Merge Heap Roots: 0.3ms
[2025-08-01T03:48:04.780+0000] GC(327)   Evacuate Collection Set: 90.6ms
[2025-08-01T03:48:04.780+0000] GC(327)   Post Evacuate Collection Set: 2.5ms
[2025-08-01T03:48:04.780+0000] GC(327)   Other: 0.2ms
[2025-08-01T03:48:04.780+0000] GC(327) Eden regions: 207->0(193)
[2025-08-01T03:48:04.780+0000] GC(327) Survivor regions: 51->33(33)
[2025-08-01T03:48:04.780+0000] GC(327) Old regions: 1341->1441
[2025-08-01T03:48:04.780+0000] GC(327) Humongous regions: 0->0
[2025-08-01T03:48:04.780+0000] GC(327) Metaspace: 10593K(10816K)->10593K(10816K) NonClass: 9335K(9472K)->9335K(9472K) Class: 1258K(1344K)->1258K(1344K)
[2025-08-01T03:48:04.780+0000] GC(327) Pause Young (Concurrent Start) (G1 Evacuation Pause) 3196M->2946M(4096M) 94.790ms
[2025-08-01T03:48:04.780+0000] GC(327) User=0.70s Sys=0.03s Real=0.09s
[2025-08-01T03:48:04.781+0000] GC(328) Concurrent Mark Cycle
[2025-08-01T03:48:04.781+0000] GC(328) Concurrent Scan Root Regions
[2025-08-01T03:48:04.824+0000] GC(328) Concurrent Scan Root Regions 42.835ms
[2025-08-01T03:48:04.824+0000] GC(328) Concurrent Mark
[2025-08-01T03:48:04.824+0000] GC(328) Concurrent Mark From Roots
[2025-08-01T03:48:04.824+0000] GC(328) Using 2 workers of 2 for marking
[2025-08-01T03:48:04.882+0000] GC(329) Pause Young (Normal) (G1 Evacuation Pause)
[2025-08-01T03:48:04.882+0000] GC(329) Using 8 workers of 8 for evacuation
[2025-08-01T03:48:04.954+0000] GC(329)   Pre Evacuate Collection Set: 0.9ms
[2025-08-01T03:48:04.954+0000] GC(329)   Merge Heap Roots: 0.8ms
[2025-08-01T03:48:04.954+0000] GC(329)   Evacuate Collection Set: 68.9ms
[2025-08-01T03:48:04.954+0000] GC(329)   Post Evacuate Collection Set: 1.3ms
[2025-08-01T03:48:04.954+0000] GC(329)   Other: 0.1ms
[2025-08-01T03:48:04.954+0000] GC(329) Eden regions: 193->0(143)
[2025-08-01T03:48:04.954+0000] GC(329) Survivor regions: 33->29(29)
[2025-08-01T03:48:04.954+0000] GC(329) Old regions: 1441->1588
[2025-08-01T03:48:04.954+0000] GC(329) Humongous regions: 0->0
[2025-08-01T03:48:04.954+0000] GC(329) Metaspace: 10593K(10816K)->10593K(10816K) NonClass: 9335K(9472K)->9335K(9472K) Class: 1258K(1344K)->1258K(1344K)
[2025-08-01T03:48:04.954+0000] GC(329) Pause Young (Normal) (G1 Evacuation Pause) 3332M->3233M(4096M) 72.353ms
[2025-08-01T03:48:04.954+0000] GC(329) User=0.49s Sys=0.04s Real=0.08s
[2025-08-01T03:48:04.969+0000] GC(328) Concurrent Mark From Roots 144.404ms
[2025-08-01T03:48:04.969+0000] GC(328) Concurrent Preclean
[2025-08-01T03:48:04.969+0000] GC(328) Concurrent Preclean 0.025ms
[2025-08-01T03:48:04.969+0000] GC(328) Pause Remark
[2025-08-01T03:48:04.972+0000] GC(328) Pause Remark 3369M->1075M(4096M) 2.736ms
[2025-08-01T03:48:04.972+0000] GC(328) User=0.01s Sys=0.00s Real=0.00s
[2025-08-01T03:48:04.972+0000] GC(328) Concurrent Mark 147.944ms
[2025-08-01T03:48:04.972+0000] GC(328) Concurrent Rebuild Remembered Sets and Scrub Regions
[2025-08-01T03:48:05.017+0000] GC(330) Pause Young (Normal) (G1 Evacuation Pause)
[2025-08-01T03:48:05.017+0000] GC(330) Using 8 workers of 8 for evacuation
[2025-08-01T03:48:05.079+0000] GC(330)   Pre Evacuate Collection Set: 0.7ms
[2025-08-01T03:48:05.079+0000] GC(330)   Merge Heap Roots: 0.3ms
[2025-08-01T03:48:05.079+0000] GC(330)   Evacuate Collection Set: 60.0ms
[2025-08-01T03:48:05.079+0000] GC(330)   Post Evacuate Collection Set: 1.0ms
[2025-08-01T03:48:05.079+0000] GC(330)   Other: 0.1ms
[2025-08-01T03:48:05.080+0000] GC(330) Eden regions: 143->0(556)
[2025-08-01T03:48:05.080+0000] GC(330) Survivor regions: 29->22(22)
[2025-08-01T03:48:05.080+0000] GC(330) Old regions: 441->592
[2025-08-01T03:48:05.080+0000] GC(330) Humongous regions: 0->0
[2025-08-01T03:48:05.080+0000] GC(330) Metaspace: 10593K(10816K)->10593K(10816K) NonClass: 9335K(9472K)->9335K(9472K) Class: 1258K(1344K)->1258K(1344K)
[2025-08-01T03:48:05.080+0000] GC(330) Pause Young (Normal) (G1 Evacuation Pause) 1225M->1226M(4096M) 62.442ms
[2025-08-01T03:48:05.080+0000] GC(330) User=0.46s Sys=0.01s Real=0.06s
[2025-08-01T03:48:05.124+0000] GC(328) Concurrent Rebuild Remembered Sets and Scrub Regions 152.061ms
[2025-08-01T03:48:05.124+0000] GC(328) Pause Cleanup
[2025-08-01T03:48:05.125+0000] GC(328) Pause Cleanup 1572M->1572M(4096M) 0.913ms
[2025-08-01T03:48:05.125+0000] GC(328) User=0.01s Sys=0.00s Real=0.00s
[2025-08-01T03:48:05.125+0000] GC(328) Concurrent Clear Claimed Marks
[2025-08-01T03:48:05.125+0000] GC(328) Concurrent Clear Claimed Marks 0.030ms
[2025-08-01T03:48:05.125+0000] GC(328) Concurrent Cleanup for Next Mark
[2025-08-01T03:48:05.134+0000] GC(328) Concurrent Cleanup for Next Mark 8.719ms
[2025-08-01T03:48:05.134+0000] GC(328) Concurrent Mark Cycle 353.139ms
[2025-08-01T03:48:05.316+0000] GC(331) Pause Young (Prepare Mixed) (G1 Evacuation Pause)
[2025-08-01T03:48:05.316+0000] GC(331) Using 8 workers of 8 for evacuation
[2025-08-01T03:48:05.432+0000] GC(331)   Pre Evacuate Collection Set: 1.5ms
[2025-08-01T03:48:05.432+0000] GC(331)   Merge Heap Roots: 0.3ms
[2025-08-01T03:48:05.432+0000] GC(331)   Evacuate Collection Set: 112.9ms
[2025-08-01T03:48:05.432+0000] GC(331)   Post Evacuate Collection Set: 1.5ms
[2025-08-01T03:48:05.432+0000] GC(331)   Other: 0.2ms
[2025-08-01T03:48:05.432+0000] GC(331) Eden regions: 546->0(417)
[2025-08-01T03:48:05.432+0000] GC(331) Survivor regions: 22->71(71)
[2025-08-01T03:48:05.432+0000] GC(331) Old regions: 592->676
[2025-08-01T03:48:05.432+0000] GC(331) Humongous regions: 0->0
[2025-08-01T03:48:05.433+0000] GC(331) Metaspace: 10593K(10816K)->10593K(10816K) NonClass: 9335K(9472K)->9335K(9472K) Class: 1258K(1344K)->1258K(1344K)
[2025-08-01T03:48:05.433+0000] GC(331) Pause Young (Prepare Mixed) (G1 Evacuation Pause) 2318M->1492M(4096M) 116.689ms
[2025-08-01T03:48:05.433+0000] GC(331) User=0.82s Sys=0.05s Real=0.11s
[2025-08-01T03:48:05.608+0000] GC(332) Pause Young (Mixed) (G1 Evacuation Pause)
[2025-08-01T03:48:05.608+0000] GC(332) Using 8 workers of 8 for evacuation
[2025-08-01T03:48:05.808+0000] GC(332)   Pre Evacuate Collection Set: 1.1ms
[2025-08-01T03:48:05.808+0000] GC(332)   Merge Heap Roots: 0.2ms
[2025-08-01T03:48:05.808+0000] GC(332)   Evacuate Collection Set: 197.5ms
[2025-08-01T03:48:05.808+0000] GC(332)   Post Evacuate Collection Set: 1.0ms
[2025-08-01T03:48:05.808+0000] GC(332)   Other: 0.1ms
[2025-08-01T03:48:05.808+0000] GC(332) Eden regions: 417->0(349)
[2025-08-01T03:48:05.808+0000] GC(332) Survivor regions: 71->61(61)
[2025-08-01T03:48:05.809+0000] GC(332) Old regions: 676->992
[2025-08-01T03:48:05.809+0000] GC(332) Humongous regions: 0->0
[2025-08-01T03:48:05.809+0000] GC(332) Metaspace: 10593K(10816K)->10593K(10816K) NonClass: 9335K(9472K)->9335K(9472K) Class: 1258K(1344K)->1258K(1344K)
[2025-08-01T03:48:05.809+0000] GC(332) Pause Young (Mixed) (G1 Evacuation Pause) 2326M->2104M(4096M) 200.303ms
[2025-08-01T03:48:05.809+0000] GC(332) User=1.51s Sys=0.06s Real=0.20s
[2025-08-01T03:48:05.959+0000] GC(333) Pause Young (Mixed) (G1 Evacuation Pause)
[2025-08-01T03:48:05.959+0000] GC(333) Using 8 workers of 8 for evacuation
[2025-08-01T03:48:06.175+0000] GC(333) MMU target violated: 201.0ms (200.0ms/201.0ms)
[2025-08-01T03:48:06.176+0000] GC(333)   Pre Evacuate Collection Set: 1.6ms
[2025-08-01T03:48:06.176+0000] GC(333)   Merge Heap Roots: 0.4ms
[2025-08-01T03:48:06.176+0000] GC(333)   Evacuate Collection Set: 213.1ms
[2025-08-01T03:48:06.176+0000] GC(333)   Post Evacuate Collection Set: 1.1ms
[2025-08-01T03:48:06.176+0000] GC(333)   Other: 0.5ms
[2025-08-01T03:48:06.176+0000] GC(333) Eden regions: 349->0(256)
[2025-08-01T03:48:06.176+0000] GC(333) Survivor regions: 61->52(52)
[2025-08-01T03:48:06.176+0000] GC(333) Old regions: 992->1242
[2025-08-01T03:48:06.176+0000] GC(333) Humongous regions: 0->0
[2025-08-01T03:48:06.176+0000] GC(333) Metaspace: 10593K(10816K)->10593K(10816K) NonClass: 9335K(9472K)->9335K(9472K) Class: 1258K(1344K)->1258K(1344K)
[2025-08-01T03:48:06.176+0000] GC(333) Pause Young (Mixed) (G1 Evacuation Pause) 2802M->2586M(4096M) 217.050ms
[2025-08-01T03:48:06.176+0000] GC(333) User=1.49s Sys=0.11s Real=0.22s
[2025-08-01T03:48:06.269+0000] GC(334) Pause Young (Concurrent Start) (G1 Evacuation Pause)
[2025-08-01T03:48:06.269+0000] GC(334) Using 8 workers of 8 for evacuation
[2025-08-01T03:48:06.350+0000] GC(334)   Pre Evacuate Collection Set: 0.8ms
[2025-08-01T03:48:06.350+0000] GC(334)   Merge Heap Roots: 0.2ms
[2025-08-01T03:48:06.350+0000] GC(334)   Evacuate Collection Set: 78.7ms
[2025-08-01T03:48:06.350+0000] GC(334)   Post Evacuate Collection Set: 1.4ms
[2025-08-01T03:48:06.350+0000] GC(334)   Other: 0.2ms
[2025-08-01T03:48:06.350+0000] GC(334) Eden regions: 256->0(198)
[2025-08-01T03:48:06.350+0000] GC(334) Survivor regions: 52->39(39)
[2025-08-01T03:48:06.350+0000] GC(334) Old regions: 1242->1416
[2025-08-01T03:48:06.350+0000] GC(334) Humongous regions: 0->0
[2025-08-01T03:48:06.350+0000] GC(334) Metaspace: 10593K(10816K)->10593K(10816K) NonClass: 9335K(9472K)->9335K(9472K) Class: 1258K(1344K)->1258K(1344K)
[2025-08-01T03:48:06.350+0000] GC(334) Pause Young (Concurrent Start) (G1 Evacuation Pause) 3098M->2908M(4096M) 81.784ms
[2025-08-01T03:48:06.351+0000] GC(334) User=0.62s Sys=0.01s Real=0.08s
[2025-08-01T03:48:06.351+0000] GC(335) Concurrent Mark Cycle
[2025-08-01T03:48:06.351+0000] GC(335) Concurrent Scan Root Regions
[2025-08-01T03:48:06.398+0000] GC(335) Concurrent Scan Root Regions 47.413ms
[2025-08-01T03:48:06.398+0000] GC(335) Concurrent Mark
[2025-08-01T03:48:06.398+0000] GC(335) Concurrent Mark From Roots
[2025-08-01T03:48:06.398+0000] GC(335) Using 2 workers of 2 for marking
[2025-08-01T03:48:06.443+0000] GC(336) Pause Young (Normal) (G1 Evacuation Pause)
[2025-08-01T03:48:06.443+0000] GC(336) Using 8 workers of 8 for evacuation
[2025-08-01T03:48:06.525+0000] GC(336)   Pre Evacuate Collection Set: 0.9ms
[2025-08-01T03:48:06.525+0000] GC(336)   Merge Heap Roots: 0.2ms
[2025-08-01T03:48:06.525+0000] GC(336)   Evacuate Collection Set: 79.0ms
[2025-08-01T03:48:06.525+0000] GC(336)   Post Evacuate Collection Set: 1.1ms
[2025-08-01T03:48:06.525+0000] GC(336)   Other: 0.1ms
[2025-08-01T03:48:06.525+0000] GC(336) Eden regions: 198->0(131)
[2025-08-01T03:48:06.525+0000] GC(336) Survivor regions: 39->30(30)
[2025-08-01T03:48:06.525+0000] GC(336) Old regions: 1416->1606
[2025-08-01T03:48:06.525+0000] GC(336) Humongous regions: 0->0
[2025-08-01T03:48:06.525+0000] GC(336) Metaspace: 10593K(10816K)->10593K(10816K) NonClass: 9335K(9472K)->9335K(9472K) Class: 1258K(1344K)->1258K(1344K)
[2025-08-01T03:48:06.525+0000] GC(336) Pause Young (Normal) (G1 Evacuation Pause) 3304M->3270M(4096M) 81.719ms
[2025-08-01T03:48:06.525+0000] GC(336) User=0.61s Sys=0.02s Real=0.08s
[2025-08-01T03:48:06.540+0000] GC(335) Concurrent Mark From Roots 141.680ms
[2025-08-01T03:48:06.540+0000] GC(335) Concurrent Preclean
[2025-08-01T03:48:06.540+0000] GC(335) Concurrent Preclean 0.022ms
[2025-08-01T03:48:06.540+0000] GC(335) Pause Remark
[2025-08-01T03:48:06.543+0000] GC(335) Pause Remark 3414M->1356M(4096M) 2.878ms
[2025-08-01T03:48:06.543+0000] GC(335) User=0.01s Sys=0.00s Real=0.01s
[2025-08-01T03:48:06.543+0000] GC(335) Concurrent Mark 145.014ms
[2025-08-01T03:48:06.543+0000] GC(335) Concurrent Rebuild Remembered Sets and Scrub Regions
[2025-08-01T03:48:06.597+0000] GC(337) Pause Young (Normal) (G1 Evacuation Pause)
[2025-08-01T03:48:06.597+0000] GC(337) Using 8 workers of 8 for evacuation
[2025-08-01T03:48:06.655+0000] GC(337)   Pre Evacuate Collection Set: 0.6ms
[2025-08-01T03:48:06.655+0000] GC(337)   Merge Heap Roots: 0.2ms
[2025-08-01T03:48:06.655+0000] GC(337)   Evacuate Collection Set: 55.8ms
[2025-08-01T03:48:06.655+0000] GC(337)   Post Evacuate Collection Set: 1.3ms
[2025-08-01T03:48:06.655+0000] GC(337)   Other: 0.1ms
[2025-08-01T03:48:06.655+0000] GC(337) Eden regions: 131->0(483)
[2025-08-01T03:48:06.655+0000] GC(337) Survivor regions: 30->21(21)
[2025-08-01T03:48:06.655+0000] GC(337) Old regions: 577->719
[2025-08-01T03:48:06.655+0000] GC(337) Humongous regions: 0->0
[2025-08-01T03:48:06.655+0000] GC(337) Metaspace: 10593K(10816K)->10593K(10816K) NonClass: 9335K(9472K)->9335K(9472K) Class: 1258K(1344K)->1258K(1344K)
[2025-08-01T03:48:06.655+0000] GC(337) Pause Young (Normal) (G1 Evacuation Pause) 1474M->1478M(4096M) 58.422ms
[2025-08-01T03:48:06.655+0000] GC(337) User=0.44s Sys=0.01s Real=0.06s
[2025-08-01T03:48:06.712+0000] GC(335) Concurrent Rebuild Remembered Sets and Scrub Regions 169.239ms
[2025-08-01T03:48:06.713+0000] GC(335) Pause Cleanup
[2025-08-01T03:48:06.714+0000] GC(335) Pause Cleanup 1734M->1734M(4096M) 0.978ms
[2025-08-01T03:48:06.714+0000] GC(335) User=0.00s Sys=0.00s Real=0.01s
[2025-08-01T03:48:06.714+0000] GC(335) Concurrent Clear Claimed Marks
[2025-08-01T03:48:06.714+0000] GC(335) Concurrent Clear Claimed Marks 0.077ms
[2025-08-01T03:48:06.714+0000] GC(335) Concurrent Cleanup for Next Mark
[2025-08-01T03:48:06.722+0000] GC(335) Concurrent Cleanup for Next Mark 8.470ms
[2025-08-01T03:48:06.722+0000] GC(335) Concurrent Mark Cycle 371.809ms
[2025-08-01T03:48:06.837+0000] GC(338) Pause Young (Prepare Mixed) (G1 Evacuation Pause)
[2025-08-01T03:48:06.837+0000] GC(338) Using 8 workers of 8 for evacuation
[2025-08-01T03:48:07.009+0000] GC(338)   Pre Evacuate Collection Set: 0.7ms
[2025-08-01T03:48:07.009+0000] GC(338)   Merge Heap Roots: 0.5ms
[2025-08-01T03:48:07.009+0000] GC(338)   Evacuate Collection Set: 169.2ms
[2025-08-01T03:48:07.009+0000] GC(338)   Post Evacuate Collection Set: 1.2ms
[2025-08-01T03:48:07.009+0000] GC(338)   Other: 0.1ms
[2025-08-01T03:48:07.009+0000] GC(338) Eden regions: 483->0(318)
[2025-08-01T03:48:07.009+0000] GC(338) Survivor regions: 21->63(63)
[2025-08-01T03:48:07.009+0000] GC(338) Old regions: 719->957
[2025-08-01T03:48:07.009+0000] GC(338) Humongous regions: 0->0
[2025-08-01T03:48:07.009+0000] GC(338) Metaspace: 10593K(10816K)->10593K(10816K) NonClass: 9335K(9472K)->9335K(9472K) Class: 1258K(1344K)->1258K(1344K)
[2025-08-01T03:48:07.009+0000] GC(338) Pause Young (Prepare Mixed) (G1 Evacuation Pause) 2444M->2039M(4096M) 172.257ms
[2025-08-01T03:48:07.009+0000] GC(338) User=1.28s Sys=0.05s Real=0.17s
[2025-08-01T03:48:07.114+0000] GC(339) Pause Young (Mixed) (G1 Evacuation Pause)
[2025-08-01T03:48:07.114+0000] GC(339) Using 8 workers of 8 for evacuation
[2025-08-01T03:48:07.219+0000] GC(339)   Pre Evacuate Collection Set: 0.9ms
[2025-08-01T03:48:07.219+0000] GC(339)   Merge Heap Roots: 0.2ms
[2025-08-01T03:48:07.219+0000] GC(339)   Evacuate Collection Set: 102.5ms
[2025-08-01T03:48:07.219+0000] GC(339)   Post Evacuate Collection Set: 1.1ms
[2025-08-01T03:48:07.219+0000] GC(339)   Other: 0.1ms
[2025-08-01T03:48:07.219+0000] GC(339) Eden regions: 320->0(268)
[2025-08-01T03:48:07.219+0000] GC(339) Survivor regions: 63->48(48)
[2025-08-01T03:48:07.219+0000] GC(339) Old regions: 957->1195
[2025-08-01T03:48:07.219+0000] GC(339) Humongous regions: 0->0
[2025-08-01T03:48:07.219+0000] GC(339) Metaspace: 10593K(10816K)->10593K(10816K) NonClass: 9335K(9472K)->9335K(9472K) Class: 1258K(1344K)->1258K(1344K)
[2025-08-01T03:48:07.219+0000] GC(339) Pause Young (Mixed) (G1 Evacuation Pause) 2679M->2485M(4096M) 105.084ms
[2025-08-01T03:48:07.219+0000] GC(339) User=0.73s Sys=0.05s Real=0.10s
[2025-08-01T03:48:07.313+0000] GC(340) Pause Young (Mixed) (G1 Evacuation Pause)
[2025-08-01T03:48:07.313+0000] GC(340) Using 8 workers of 8 for evacuation
[2025-08-01T03:48:07.436+0000] GC(340)   Pre Evacuate Collection Set: 0.8ms
[2025-08-01T03:48:07.436+0000] GC(340)   Merge Heap Roots: 0.3ms
[2025-08-01T03:48:07.436+0000] GC(340)   Evacuate Collection Set: 120.5ms
[2025-08-01T03:48:07.436+0000] GC(340)   Post Evacuate Collection Set: 1.1ms
[2025-08-01T03:48:07.436+0000] GC(340)   Other: 0.2ms
[2025-08-01T03:48:07.436+0000] GC(340) Eden regions: 268->0(172)
[2025-08-01T03:48:07.436+0000] GC(340) Survivor regions: 48->40(40)
[2025-08-01T03:48:07.436+0000] GC(340) Old regions: 1195->1455
[2025-08-01T03:48:07.436+0000] GC(340) Humongous regions: 0->0
[2025-08-01T03:48:07.436+0000] GC(340) Metaspace: 10593K(10816K)->10593K(10816K) NonClass: 9335K(9472K)->9335K(9472K) Class: 1258K(1344K)->1258K(1344K)
[2025-08-01T03:48:07.436+0000] GC(340) Pause Young (Mixed) (G1 Evacuation Pause) 3021M->2989M(4096M) 123.155ms
[2025-08-01T03:48:07.436+0000] GC(340) User=0.94s Sys=0.02s Real=0.12s
[2025-08-01T03:48:07.515+0000] GC(341) Pause Young (Concurrent Start) (G1 Evacuation Pause)
[2025-08-01T03:48:07.515+0000] GC(341) Using 8 workers of 8 for evacuation
[2025-08-01T03:48:07.597+0000] GC(341)   Pre Evacuate Collection Set: 1.5ms
[2025-08-01T03:48:07.597+0000] GC(341)   Merge Heap Roots: 0.4ms
[2025-08-01T03:48:07.597+0000] GC(341)   Evacuate Collection Set: 78.2ms
[2025-08-01T03:48:07.597+0000] GC(341)   Post Evacuate Collection Set: 1.3ms
[2025-08-01T03:48:07.597+0000] GC(341)   Other: 0.3ms
[2025-08-01T03:48:07.597+0000] GC(341) Eden regions: 172->0(126)
[2025-08-01T03:48:07.597+0000] GC(341) Survivor regions: 40->27(27)
[2025-08-01T03:48:07.597+0000] GC(341) Old regions: 1455->1616
[2025-08-01T03:48:07.597+0000] GC(341) Humongous regions: 0->0
[2025-08-01T03:48:07.597+0000] GC(341) Metaspace: 10593K(10816K)->10593K(10816K) NonClass: 9335K(9472K)->9335K(9472K) Class: 1258K(1344K)->1258K(1344K)
[2025-08-01T03:48:07.597+0000] GC(341) Pause Young (Concurrent Start) (G1 Evacuation Pause) 3333M->3285M(4096M) 81.901ms
[2025-08-01T03:48:07.597+0000] GC(342) Concurrent Mark Cycle
[2025-08-01T03:48:07.597+0000] GC(342) Concurrent Scan Root Regions
[2025-08-01T03:48:07.597+0000] GC(341) User=0.59s Sys=0.03s Real=0.08s
[2025-08-01T03:48:07.637+0000] GC(342) Concurrent Scan Root Regions 39.914ms
[2025-08-01T03:48:07.637+0000] GC(342) Concurrent Mark
[2025-08-01T03:48:07.637+0000] GC(342) Concurrent Mark From Roots
[2025-08-01T03:48:07.637+0000] GC(342) Using 2 workers of 2 for marking
[2025-08-01T03:48:07.669+0000] GC(343) Pause Young (Normal) (G1 Evacuation Pause)
[2025-08-01T03:48:07.669+0000] GC(343) Using 8 workers of 8 for evacuation
[2025-08-01T03:48:07.719+0000] GC(343)   Pre Evacuate Collection Set: 0.6ms
[2025-08-01T03:48:07.719+0000] GC(343)   Merge Heap Roots: 0.1ms
[2025-08-01T03:48:07.719+0000] GC(343)   Evacuate Collection Set: 49.1ms
[2025-08-01T03:48:07.719+0000] GC(343)   Post Evacuate Collection Set: 0.9ms
[2025-08-01T03:48:07.720+0000] GC(343)   Other: 0.1ms
[2025-08-01T03:48:07.720+0000] GC(343) Eden regions: 126->0(102)
[2025-08-01T03:48:07.720+0000] GC(343) Survivor regions: 27->20(20)
[2025-08-01T03:48:07.720+0000] GC(343) Old regions: 1616->1706
[2025-08-01T03:48:07.720+0000] GC(343) Humongous regions: 0->0
[2025-08-01T03:48:07.720+0000] GC(343) Metaspace: 10593K(10816K)->10593K(10816K) NonClass: 9335K(9472K)->9335K(9472K) Class: 1258K(1344K)->1258K(1344K)
[2025-08-01T03:48:07.720+0000] GC(343) Pause Young (Normal) (G1 Evacuation Pause) 3537M->3451M(4096M) 51.012ms
[2025-08-01T03:48:07.720+0000] GC(343) User=0.37s Sys=0.02s Real=0.05s
[2025-08-01T03:48:07.740+0000] GC(344) Pause Young (Normal) (G1 Evacuation Pause)
[2025-08-01T03:48:07.740+0000] GC(344) Using 8 workers of 8 for evacuation
[2025-08-01T03:48:07.784+0000] GC(344)   Pre Evacuate Collection Set: 0.6ms
[2025-08-01T03:48:07.784+0000] GC(344)   Merge Heap Roots: 0.1ms
[2025-08-01T03:48:07.784+0000] GC(344)   Evacuate Collection Set: 42.1ms
[2025-08-01T03:48:07.784+0000] GC(344)   Post Evacuate Collection Set: 1.0ms
[2025-08-01T03:48:07.784+0000] GC(344)   Other: 0.1ms
[2025-08-01T03:48:07.784+0000] GC(344) Eden regions: 102->0(86)
[2025-08-01T03:48:07.784+0000] GC(344) Survivor regions: 20->16(16)
[2025-08-01T03:48:07.785+0000] GC(344) Old regions: 1706->1814
[2025-08-01T03:48:07.785+0000] GC(344) Humongous regions: 0->0
[2025-08-01T03:48:07.785+0000] GC(344) Metaspace: 10593K(10816K)->10593K(10816K) NonClass: 9335K(9472K)->9335K(9472K) Class: 1258K(1344K)->1258K(1344K)
[2025-08-01T03:48:07.785+0000] GC(344) Pause Young (Normal) (G1 Evacuation Pause) 3655M->3658M(4096M) 44.307ms
[2025-08-01T03:48:07.785+0000] GC(344) User=0.32s Sys=0.01s Real=0.05s
[2025-08-01T03:48:07.850+0000] GC(345) Pause Young (Normal) (G1 Evacuation Pause)
[2025-08-01T03:48:07.850+0000] GC(345) Using 8 workers of 8 for evacuation
[2025-08-01T03:48:07.882+0000] GC(345)   Pre Evacuate Collection Set: 1.0ms
[2025-08-01T03:48:07.882+0000] GC(345)   Merge Heap Roots: 0.5ms
[2025-08-01T03:48:07.882+0000] GC(345)   Evacuate Collection Set: 29.5ms
[2025-08-01T03:48:07.882+0000] GC(345)   Post Evacuate Collection Set: 1.0ms
[2025-08-01T03:48:07.882+0000] GC(345)   Other: 0.1ms
[2025-08-01T03:48:07.882+0000] GC(345) Eden regions: 86->0(89)
[2025-08-01T03:48:07.882+0000] GC(345) Survivor regions: 16->13(13)
[2025-08-01T03:48:07.882+0000] GC(345) Old regions: 1814->1869
[2025-08-01T03:48:07.882+0000] GC(345) Humongous regions: 0->0
[2025-08-01T03:48:07.882+0000] GC(345) Metaspace: 10593K(10816K)->10593K(10816K) NonClass: 9335K(9472K)->9335K(9472K) Class: 1258K(1344K)->1258K(1344K)
[2025-08-01T03:48:07.882+0000] GC(345) Pause Young (Normal) (G1 Evacuation Pause) 3830M->3762M(4096M) 32.276ms
[2025-08-01T03:48:07.882+0000] GC(345) User=0.22s Sys=0.02s Real=0.03s
[2025-08-01T03:48:07.898+0000] GC(346) Pause Young (Normal) (G1 Evacuation Pause)
[2025-08-01T03:48:07.898+0000] GC(346) Using 8 workers of 8 for evacuation
[2025-08-01T03:48:07.936+0000] GC(346)   Pre Evacuate Collection Set: 0.6ms
[2025-08-01T03:48:07.936+0000] GC(346)   Merge Heap Roots: 0.2ms
[2025-08-01T03:48:07.936+0000] GC(346)   Evacuate Collection Set: 31.2ms
[2025-08-01T03:48:07.936+0000] GC(346)   Post Evacuate Collection Set: 5.2ms
[2025-08-01T03:48:07.936+0000] GC(346)   Other: 0.1ms
[2025-08-01T03:48:07.936+0000] GC(346) Eden regions: 89->0(34)
[2025-08-01T03:48:07.936+0000] GC(346) Survivor regions: 13->13(13)
[2025-08-01T03:48:07.936+0000] GC(346) Old regions: 1869->1988
[2025-08-01T03:48:07.936+0000] GC(346) Humongous regions: 0->0
[2025-08-01T03:48:07.936+0000] GC(346) Metaspace: 10593K(10816K)->10593K(10816K) NonClass: 9335K(9472K)->9335K(9472K) Class: 1258K(1344K)->1258K(1344K)
[2025-08-01T03:48:07.936+0000] GC(346) Pause Young (Normal) (G1 Evacuation Pause) (Evacuation Failure) 3940M->4001M(4096M) 37.554ms
[2025-08-01T03:48:07.936+0000] GC(346) User=0.25s Sys=0.00s Real=0.04s
[2025-08-01T03:48:07.942+0000] GC(342) Concurrent Mark From Roots 305.083ms
[2025-08-01T03:48:07.942+0000] GC(342) Concurrent Preclean
[2025-08-01T03:48:07.942+0000] GC(347) Pause Young (Normal) (G1 Evacuation Pause)
[2025-08-01T03:48:07.943+0000] GC(347) Using 8 workers of 8 for evacuation
[2025-08-01T03:48:07.960+0000] GC(347)   Pre Evacuate Collection Set: 0.9ms
[2025-08-01T03:48:07.960+0000] GC(347)   Merge Heap Roots: 0.1ms
[2025-08-01T03:48:07.960+0000] GC(347)   Evacuate Collection Set: 13.3ms
[2025-08-01T03:48:07.961+0000] GC(347)   Post Evacuate Collection Set: 3.4ms
[2025-08-01T03:48:07.961+0000] GC(347)   Other: 0.1ms
[2025-08-01T03:48:07.961+0000] GC(347) Eden regions: 34->0(0)
[2025-08-01T03:48:07.961+0000] GC(347) Survivor regions: 13->6(6)
[2025-08-01T03:48:07.961+0000] GC(347) Old regions: 1988->2042
[2025-08-01T03:48:07.961+0000] GC(347) Humongous regions: 0->0
[2025-08-01T03:48:07.961+0000] GC(347) Metaspace: 10593K(10816K)->10593K(10816K) NonClass: 9335K(9472K)->9335K(9472K) Class: 1258K(1344K)->1258K(1344K)
[2025-08-01T03:48:07.961+0000] GC(347) Pause Young (Normal) (G1 Evacuation Pause) (Evacuation Failure) 4069M->4095M(4096M) 18.139ms
[2025-08-01T03:48:07.961+0000] GC(347) User=0.11s Sys=0.01s Real=0.02s
[2025-08-01T03:48:07.961+0000] Attempting full compaction
[2025-08-01T03:48:07.961+0000] GC(348) Pause Full (G1 Compaction Pause)
[2025-08-01T03:48:07.961+0000] GC(348) Using 8 workers of 8 for full compaction
[2025-08-01T03:48:07.966+0000] GC(348) Phase 1: Mark live objects
[2025-08-01T03:48:08.001+0000] GC(348) Phase 1: Mark live objects 34.789ms
[2025-08-01T03:48:08.001+0000] GC(348) Phase 2: Prepare compaction
[2025-08-01T03:48:08.016+0000] GC(348) Phase 2: Prepare compaction 15.077ms
[2025-08-01T03:48:08.016+0000] GC(348) Phase 3: Adjust pointers
[2025-08-01T03:48:08.039+0000] GC(348) Phase 3: Adjust pointers 23.035ms
[2025-08-01T03:48:08.039+0000] GC(348) Phase 4: Compact heap
[2025-08-01T03:48:08.084+0000] GC(348) Phase 4: Compact heap 44.733ms
[2025-08-01T03:48:08.084+0000] GC(348) Phase 5: Reset Metadata
[2025-08-01T03:48:08.100+0000] GC(348) Phase 5: Reset Metadata 16.108ms
[2025-08-01T03:48:08.110+0000] GC(348) Eden regions: 0->0(630)
[2025-08-01T03:48:08.110+0000] GC(348) Survivor regions: 6->0(6)
[2025-08-01T03:48:08.110+0000] GC(348) Old regions: 2042->298
[2025-08-01T03:48:08.110+0000] GC(348) Humongous regions: 0->0
[2025-08-01T03:48:08.110+0000] GC(348) Metaspace: 10593K(10816K)->10593K(10816K) NonClass: 9335K(9472K)->9335K(9472K) Class: 1258K(1344K)->1258K(1344K)
[2025-08-01T03:48:08.110+0000] GC(348) Pause Full (G1 Compaction Pause) 4095M->589M(4096M) 149.278ms
[2025-08-01T03:48:08.110+0000] GC(348) User=1.04s Sys=0.02s Real=0.15s
[2025-08-01T03:48:08.110+0000] GC(342) Concurrent Preclean 167.754ms
[2025-08-01T03:48:08.110+0000] GC(342) Concurrent Mark Abort
[2025-08-01T03:48:08.110+0000] GC(342) Concurrent Mark Cycle 513.025ms
[2025-08-01T03:48:08.402+0000] GC(349) Pause Young (Normal) (G1 Evacuation Pause)
[2025-08-01T03:48:08.402+0000] GC(349) Using 8 workers of 8 for evacuation
[2025-08-01T03:48:08.639+0000] GC(349) MMU target violated: 201.0ms (200.0ms/201.0ms)
[2025-08-01T03:48:08.640+0000] GC(349)   Pre Evacuate Collection Set: 1.0ms
[2025-08-01T03:48:08.640+0000] GC(349)   Merge Heap Roots: 0.5ms
[2025-08-01T03:48:08.640+0000] GC(349)   Evacuate Collection Set: 234.3ms
[2025-08-01T03:48:08.640+0000] GC(349)   Post Evacuate Collection Set: 1.2ms
[2025-08-01T03:48:08.640+0000] GC(349)   Other: 0.2ms
[2025-08-01T03:48:08.640+0000] GC(349) Eden regions: 624->0(493)
[2025-08-01T03:48:08.640+0000] GC(349) Survivor regions: 0->78(78)
[2025-08-01T03:48:08.640+0000] GC(349) Old regions: 298->604
[2025-08-01T03:48:08.640+0000] GC(349) Humongous regions: 0->0
[2025-08-01T03:48:08.640+0000] GC(349) Metaspace: 10593K(10816K)->10593K(10816K) NonClass: 9335K(9472K)->9335K(9472K) Class: 1258K(1344K)->1258K(1344K)
[2025-08-01T03:48:08.640+0000] GC(349) Pause Young (Normal) (G1 Evacuation Pause) 1837M->1356M(4096M) 237.412ms
[2025-08-01T03:48:08.640+0000] GC(349) User=1.80s Sys=0.06s Real=0.24s
[2025-08-01T03:48:08.824+0000] GC(350) Pause Young (Concurrent Start) (G1 Evacuation Pause)
[2025-08-01T03:48:08.825+0000] GC(350) Using 8 workers of 8 for evacuation
[2025-08-01T03:48:09.011+0000] GC(350)   Pre Evacuate Collection Set: 0.9ms
[2025-08-01T03:48:09.011+0000] GC(350)   Merge Heap Roots: 0.4ms
[2025-08-01T03:48:09.011+0000] GC(350)   Evacuate Collection Set: 183.4ms
[2025-08-01T03:48:09.011+0000] GC(350)   Post Evacuate Collection Set: 1.2ms
[2025-08-01T03:48:09.011+0000] GC(350)   Other: 0.3ms
[2025-08-01T03:48:09.011+0000] GC(350) Eden regions: 493->0(331)
[2025-08-01T03:48:09.011+0000] GC(350) Survivor regions: 78->72(72)
[2025-08-01T03:48:09.011+0000] GC(350) Old regions: 604->978
[2025-08-01T03:48:09.011+0000] GC(350) Humongous regions: 0->0
[2025-08-01T03:48:09.011+0000] GC(350) Metaspace: 10593K(10816K)->10593K(10816K) NonClass: 9335K(9472K)->9335K(9472K) Class: 1258K(1344K)->1258K(1344K)
[2025-08-01T03:48:09.011+0000] GC(350) Pause Young (Concurrent Start) (G1 Evacuation Pause) 2342M->2093M(4096M) 186.466ms
[2025-08-01T03:48:09.011+0000] GC(350) User=1.45s Sys=0.01s Real=0.18s
[2025-08-01T03:48:09.011+0000] GC(351) Concurrent Mark Cycle
[2025-08-01T03:48:09.011+0000] GC(351) Concurrent Scan Root Regions
[2025-08-01T03:48:09.102+0000] GC(351) Concurrent Scan Root Regions 90.778ms
[2025-08-01T03:48:09.102+0000] GC(351) Concurrent Mark
[2025-08-01T03:48:09.102+0000] GC(351) Concurrent Mark From Roots
[2025-08-01T03:48:09.102+0000] GC(351) Using 2 workers of 2 for marking
[2025-08-01T03:48:09.129+0000] GC(351) Concurrent Mark From Roots 26.532ms
[2025-08-01T03:48:09.129+0000] GC(351) Concurrent Preclean
[2025-08-01T03:48:09.129+0000] GC(351) Concurrent Preclean 0.023ms
[2025-08-01T03:48:09.129+0000] GC(351) Pause Remark
[2025-08-01T03:48:09.133+0000] GC(351) Pause Remark 2555M->1584M(4096M) 4.055ms
[2025-08-01T03:48:09.133+0000] GC(351) User=0.02s Sys=0.00s Real=0.01s
[2025-08-01T03:48:09.133+0000] GC(351) Concurrent Mark 31.049ms
[2025-08-01T03:48:09.133+0000] GC(351) Concurrent Rebuild Remembered Sets and Scrub Regions
[2025-08-01T03:48:09.174+0000] GC(352) Pause Young (Normal) (G1 Evacuation Pause)
[2025-08-01T03:48:09.174+0000] GC(352) Using 8 workers of 8 for evacuation
[2025-08-01T03:48:09.299+0000] GC(352)   Pre Evacuate Collection Set: 0.8ms
[2025-08-01T03:48:09.299+0000] GC(352)   Merge Heap Roots: 0.3ms
[2025-08-01T03:48:09.299+0000] GC(352)   Evacuate Collection Set: 122.1ms
[2025-08-01T03:48:09.299+0000] GC(352)   Post Evacuate Collection Set: 1.2ms
[2025-08-01T03:48:09.299+0000] GC(352)   Other: 0.1ms
[2025-08-01T03:48:09.299+0000] GC(352) Eden regions: 331->0(387)
[2025-08-01T03:48:09.299+0000] GC(352) Survivor regions: 72->51(51)
[2025-08-01T03:48:09.299+0000] GC(352) Old regions: 489->832
[2025-08-01T03:48:09.299+0000] GC(352) Humongous regions: 0->0
[2025-08-01T03:48:09.299+0000] GC(352) Metaspace: 10593K(10816K)->10593K(10816K) NonClass: 9335K(9472K)->9335K(9472K) Class: 1258K(1344K)->1258K(1344K)
[2025-08-01T03:48:09.299+0000] GC(352) Pause Young (Normal) (G1 Evacuation Pause) 1783M->1764M(4096M) 124.775ms
[2025-08-01T03:48:09.299+0000] GC(352) User=0.94s Sys=0.00s Real=0.12s
[2025-08-01T03:48:09.368+0000] GC(351) Concurrent Rebuild Remembered Sets and Scrub Regions 235.222ms
[2025-08-01T03:48:09.369+0000] GC(351) Pause Cleanup
[2025-08-01T03:48:09.370+0000] GC(351) Pause Cleanup 1990M->1990M(4096M) 0.937ms
[2025-08-01T03:48:09.370+0000] GC(351) User=0.00s Sys=0.00s Real=0.00s
[2025-08-01T03:48:09.370+0000] GC(351) Concurrent Clear Claimed Marks
[2025-08-01T03:48:09.370+0000] GC(351) Concurrent Clear Claimed Marks 0.060ms
[2025-08-01T03:48:09.370+0000] GC(351) Concurrent Cleanup for Next Mark
[2025-08-01T03:48:09.384+0000] GC(351) Concurrent Cleanup for Next Mark 14.218ms
[2025-08-01T03:48:09.384+0000] GC(351) Concurrent Mark Cycle 373.370ms
[2025-08-01T03:48:09.468+0000] GC(353) Pause Young (Prepare Mixed) (G1 Evacuation Pause)
[2025-08-01T03:48:09.468+0000] GC(353) Using 8 workers of 8 for evacuation
[2025-08-01T03:48:09.630+0000] GC(353)   Pre Evacuate Collection Set: 0.7ms
[2025-08-01T03:48:09.630+0000] GC(353)   Merge Heap Roots: 0.2ms
[2025-08-01T03:48:09.630+0000] GC(353)   Evacuate Collection Set: 159.0ms
[2025-08-01T03:48:09.630+0000] GC(353)   Post Evacuate Collection Set: 2.2ms
[2025-08-01T03:48:09.630+0000] GC(353)   Other: 0.2ms
[2025-08-01T03:48:09.630+0000] GC(353) Eden regions: 387->0(321)
[2025-08-01T03:48:09.630+0000] GC(353) Survivor regions: 51->55(55)
[2025-08-01T03:48:09.630+0000] GC(353) Old regions: 832->1021
[2025-08-01T03:48:09.630+0000] GC(353) Humongous regions: 0->0
[2025-08-01T03:48:09.630+0000] GC(353) Metaspace: 10593K(10816K)->10593K(10816K) NonClass: 9335K(9472K)->9335K(9472K) Class: 1258K(1344K)->1258K(1344K)
[2025-08-01T03:48:09.630+0000] GC(353) Pause Young (Prepare Mixed) (G1 Evacuation Pause) 2538M->2150M(4096M) 162.789ms
[2025-08-01T03:48:09.630+0000] GC(353) User=1.22s Sys=0.04s Real=0.16s
[2025-08-01T03:48:09.791+0000] GC(354) Pause Young (Mixed) (G1 Evacuation Pause)
[2025-08-01T03:48:09.791+0000] GC(354) Using 8 workers of 8 for evacuation
[2025-08-01T03:48:10.018+0000] GC(354) MMU target violated: 201.0ms (200.0ms/201.0ms)
[2025-08-01T03:48:10.018+0000] GC(354)   Pre Evacuate Collection Set: 1.0ms
[2025-08-01T03:48:10.018+0000] GC(354)   Merge Heap Roots: 0.4ms
[2025-08-01T03:48:10.018+0000] GC(354)   Evacuate Collection Set: 222.7ms
[2025-08-01T03:48:10.018+0000] GC(354)   Post Evacuate Collection Set: 2.3ms
[2025-08-01T03:48:10.018+0000] GC(354)   Other: 0.3ms
[2025-08-01T03:48:10.018+0000] GC(354) Eden regions: 321->0(230)
[2025-08-01T03:48:10.018+0000] GC(354) Survivor regions: 55->47(47)
[2025-08-01T03:48:10.018+0000] GC(354) Old regions: 1021->1284
[2025-08-01T03:48:10.018+0000] GC(354) Humongous regions: 0->0
[2025-08-01T03:48:10.018+0000] GC(354) Metaspace: 10593K(10816K)->10593K(10816K) NonClass: 9335K(9472K)->9335K(9472K) Class: 1258K(1344K)->1258K(1344K)
[2025-08-01T03:48:10.018+0000] GC(354) Pause Young (Mixed) (G1 Evacuation Pause) 2792M->2661M(4096M) 226.982ms
[2025-08-01T03:48:10.018+0000] GC(354) User=1.69s Sys=0.05s Real=0.23s
[2025-08-01T03:48:10.114+0000] GC(355) Pause Young (Concurrent Start) (G1 Evacuation Pause)
[2025-08-01T03:48:10.114+0000] GC(355) Using 8 workers of 8 for evacuation
[2025-08-01T03:48:10.269+0000] GC(355)   Pre Evacuate Collection Set: 0.7ms
[2025-08-01T03:48:10.269+0000] GC(355)   Merge Heap Roots: 0.2ms
[2025-08-01T03:48:10.269+0000] GC(355)   Evacuate Collection Set: 151.3ms
[2025-08-01T03:48:10.269+0000] GC(355)   Post Evacuate Collection Set: 2.2ms
[2025-08-01T03:48:10.269+0000] GC(355)   Other: 0.2ms
[2025-08-01T03:48:10.269+0000] GC(355) Eden regions: 230->0(150)
[2025-08-01T03:48:10.269+0000] GC(355) Survivor regions: 47->35(35)
[2025-08-01T03:48:10.269+0000] GC(355) Old regions: 1284->1529
[2025-08-01T03:48:10.269+0000] GC(355) Humongous regions: 0->0
[2025-08-01T03:48:10.269+0000] GC(355) Metaspace: 10593K(10816K)->10593K(10816K) NonClass: 9335K(9472K)->9335K(9472K) Class: 1258K(1344K)->1258K(1344K)
[2025-08-01T03:48:10.269+0000] GC(355) Pause Young (Concurrent Start) (G1 Evacuation Pause) 3121M->3126M(4096M) 155.260ms
[2025-08-01T03:48:10.269+0000] GC(355) User=1.16s Sys=0.03s Real=0.15s
[2025-08-01T03:48:10.270+0000] GC(356) Concurrent Mark Cycle
[2025-08-01T03:48:10.270+0000] GC(356) Concurrent Scan Root Regions
[2025-08-01T03:48:10.332+0000] GC(356) Concurrent Scan Root Regions 62.698ms
[2025-08-01T03:48:10.332+0000] GC(356) Concurrent Mark
[2025-08-01T03:48:10.332+0000] GC(356) Concurrent Mark From Roots
[2025-08-01T03:48:10.332+0000] GC(356) Using 2 workers of 2 for marking
[2025-08-01T03:48:10.359+0000] GC(357) Pause Young (Normal) (G1 Evacuation Pause)
[2025-08-01T03:48:10.359+0000] GC(357) Using 8 workers of 8 for evacuation
[2025-08-01T03:48:10.414+0000] GC(357)   Pre Evacuate Collection Set: 0.7ms
[2025-08-01T03:48:10.414+0000] GC(357)   Merge Heap Roots: 0.2ms
[2025-08-01T03:48:10.414+0000] GC(357)   Evacuate Collection Set: 52.9ms
[2025-08-01T03:48:10.414+0000] GC(357)   Post Evacuate Collection Set: 0.9ms
[2025-08-01T03:48:10.414+0000] GC(357)   Other: 0.2ms
[2025-08-01T03:48:10.414+0000] GC(357) Eden regions: 150->0(118)
[2025-08-01T03:48:10.414+0000] GC(357) Survivor regions: 35->24(24)
[2025-08-01T03:48:10.414+0000] GC(357) Old regions: 1529->1648
[2025-08-01T03:48:10.414+0000] GC(357) Humongous regions: 0->0
[2025-08-01T03:48:10.414+0000] GC(357) Metaspace: 10593K(10816K)->10593K(10816K) NonClass: 9335K(9472K)->9335K(9472K) Class: 1258K(1344K)->1258K(1344K)
[2025-08-01T03:48:10.414+0000] GC(357) Pause Young (Normal) (G1 Evacuation Pause) 3426M->3343M(4096M) 55.106ms
[2025-08-01T03:48:10.414+0000] GC(357) User=0.40s Sys=0.01s Real=0.06s
[2025-08-01T03:48:10.437+0000] GC(358) Pause Young (Normal) (G1 Evacuation Pause)
[2025-08-01T03:48:10.437+0000] GC(358) Using 8 workers of 8 for evacuation
[2025-08-01T03:48:10.486+0000] GC(358)   Pre Evacuate Collection Set: 0.7ms
[2025-08-01T03:48:10.486+0000] GC(358)   Merge Heap Roots: 0.2ms
[2025-08-01T03:48:10.486+0000] GC(358)   Evacuate Collection Set: 46.7ms
[2025-08-01T03:48:10.486+0000] GC(358)   Post Evacuate Collection Set: 0.8ms
[2025-08-01T03:48:10.486+0000] GC(358)   Other: 0.1ms
[2025-08-01T03:48:10.486+0000] GC(358) Eden regions: 118->0(84)
[2025-08-01T03:48:10.486+0000] GC(358) Survivor regions: 24->18(18)
[2025-08-01T03:48:10.486+0000] GC(358) Old regions: 1648->1759
[2025-08-01T03:48:10.486+0000] GC(358) Humongous regions: 0->0
[2025-08-01T03:48:10.486+0000] GC(358) Metaspace: 10593K(10816K)->10593K(10816K) NonClass: 9335K(9472K)->9335K(9472K) Class: 1258K(1344K)->1258K(1344K)
[2025-08-01T03:48:10.486+0000] GC(358) Pause Young (Normal) (G1 Evacuation Pause) 3579M->3553M(4096M) 48.921ms
[2025-08-01T03:48:10.486+0000] GC(358) User=0.37s Sys=0.00s Real=0.05s
[2025-08-01T03:48:10.504+0000] GC(359) Pause Young (Normal) (G1 Evacuation Pause)
[2025-08-01T03:48:10.505+0000] GC(359) Using 8 workers of 8 for evacuation
[2025-08-01T03:48:10.539+0000] GC(359)   Pre Evacuate Collection Set: 0.7ms
[2025-08-01T03:48:10.539+0000] GC(359)   Merge Heap Roots: 0.2ms
[2025-08-01T03:48:10.539+0000] GC(359)   Evacuate Collection Set: 32.9ms
[2025-08-01T03:48:10.539+0000] GC(359)   Post Evacuate Collection Set: 0.7ms
[2025-08-01T03:48:10.539+0000] GC(359)   Other: 0.2ms
[2025-08-01T03:48:10.539+0000] GC(359) Eden regions: 84->0(89)
[2025-08-01T03:48:10.539+0000] GC(359) Survivor regions: 18->13(13)
[2025-08-01T03:48:10.539+0000] GC(359) Old regions: 1759->1844
[2025-08-01T03:48:10.539+0000] GC(359) Humongous regions: 0->0
[2025-08-01T03:48:10.539+0000] GC(359) Metaspace: 10593K(10816K)->10593K(10816K) NonClass: 9335K(9472K)->9335K(9472K) Class: 1258K(1344K)->1258K(1344K)
[2025-08-01T03:48:10.540+0000] GC(359) Pause Young (Normal) (G1 Evacuation Pause) 3721M->3712M(4096M) 35.060ms
[2025-08-01T03:48:10.540+0000] GC(359) User=0.25s Sys=0.02s Real=0.03s
[2025-08-01T03:48:10.561+0000] GC(360) Pause Young (Normal) (G1 Evacuation Pause)
[2025-08-01T03:48:10.561+0000] GC(360) Using 8 workers of 8 for evacuation
[2025-08-01T03:48:10.586+0000] GC(360)   Pre Evacuate Collection Set: 0.6ms
[2025-08-01T03:48:10.586+0000] GC(360)   Merge Heap Roots: 0.1ms
[2025-08-01T03:48:10.586+0000] GC(360)   Evacuate Collection Set: 23.5ms
[2025-08-01T03:48:10.586+0000] GC(360)   Post Evacuate Collection Set: 0.8ms
[2025-08-01T03:48:10.586+0000] GC(360)   Other: 0.1ms
[2025-08-01T03:48:10.586+0000] GC(360) Eden regions: 89->0(89)
[2025-08-01T03:48:10.586+0000] GC(360) Survivor regions: 13->13(13)
[2025-08-01T03:48:10.586+0000] GC(360) Old regions: 1844->1914
[2025-08-01T03:48:10.586+0000] GC(360) Humongous regions: 0->0
[2025-08-01T03:48:10.586+0000] GC(360) Metaspace: 10593K(10816K)->10593K(10816K) NonClass: 9335K(9472K)->9335K(9472K) Class: 1258K(1344K)->1258K(1344K)
[2025-08-01T03:48:10.586+0000] GC(360) Pause Young (Normal) (G1 Evacuation Pause) 3890M->3853M(4096M) 25.417ms
[2025-08-01T03:48:10.586+0000] GC(360) User=0.19s Sys=0.00s Real=0.03s
[2025-08-01T03:48:10.620+0000] GC(361) Pause Young (Normal) (G1 Evacuation Pause)
[2025-08-01T03:48:10.621+0000] GC(361) Using 8 workers of 8 for evacuation
[2025-08-01T03:48:10.654+0000] GC(361)   Pre Evacuate Collection Set: 0.7ms
[2025-08-01T03:48:10.654+0000] GC(361)   Merge Heap Roots: 0.1ms
[2025-08-01T03:48:10.654+0000] GC(361)   Evacuate Collection Set: 25.9ms
[2025-08-01T03:48:10.654+0000] GC(361)   Post Evacuate Collection Set: 6.4ms
[2025-08-01T03:48:10.654+0000] GC(361)   Other: 0.1ms
[2025-08-01T03:48:10.654+0000] GC(361) Eden regions: 89->0(0)
[2025-08-01T03:48:10.654+0000] GC(361) Survivor regions: 13->13(13)
[2025-08-01T03:48:10.654+0000] GC(361) Old regions: 1914->2033
[2025-08-01T03:48:10.654+0000] GC(361) Humongous regions: 0->0
[2025-08-01T03:48:10.654+0000] GC(361) Metaspace: 10593K(10816K)->10593K(10816K) NonClass: 9335K(9472K)->9335K(9472K) Class: 1258K(1344K)->1258K(1344K)
[2025-08-01T03:48:10.654+0000] GC(361) Pause Young (Normal) (G1 Evacuation Pause) (Evacuation Failure) 4031M->4091M(4096M) 33.604ms
[2025-08-01T03:48:10.654+0000] GC(361) User=0.24s Sys=0.01s Real=0.04s
[2025-08-01T03:48:10.654+0000] Attempting full compaction
[2025-08-01T03:48:10.654+0000] GC(362) Pause Full (G1 Compaction Pause)
[2025-08-01T03:48:10.654+0000] GC(362) Using 8 workers of 8 for full compaction
[2025-08-01T03:48:10.660+0000] GC(362) Phase 1: Mark live objects
[2025-08-01T03:48:10.694+0000] GC(362) Phase 1: Mark live objects 34.233ms
[2025-08-01T03:48:10.694+0000] GC(362) Phase 2: Prepare compaction
[2025-08-01T03:48:10.712+0000] GC(362) Phase 2: Prepare compaction 18.156ms
[2025-08-01T03:48:10.712+0000] GC(362) Phase 3: Adjust pointers
[2025-08-01T03:48:10.738+0000] GC(362) Phase 3: Adjust pointers 25.704ms
[2025-08-01T03:48:10.738+0000] GC(362) Phase 4: Compact heap
[2025-08-01T03:48:10.785+0000] GC(362) Phase 4: Compact heap 46.769ms
[2025-08-01T03:48:10.785+0000] GC(362) Phase 5: Reset Metadata
[2025-08-01T03:48:10.803+0000] GC(362) Phase 5: Reset Metadata 18.265ms
[2025-08-01T03:48:10.812+0000] GC(362) Eden regions: 0->0(555)
[2025-08-01T03:48:10.812+0000] GC(362) Survivor regions: 13->0(13)
[2025-08-01T03:48:10.812+0000] GC(362) Old regions: 2033->270
[2025-08-01T03:48:10.812+0000] GC(362) Humongous regions: 0->0
[2025-08-01T03:48:10.812+0000] GC(362) Metaspace: 10593K(10816K)->10593K(10816K) NonClass: 9335K(9472K)->9335K(9472K) Class: 1258K(1344K)->1258K(1344K)
[2025-08-01T03:48:10.812+0000] GC(362) Pause Full (G1 Compaction Pause) 4091M->532M(4096M) 157.608ms
[2025-08-01T03:48:10.812+0000] GC(362) User=1.05s Sys=0.02s Real=0.15s
[2025-08-01T03:48:10.812+0000] GC(356) Concurrent Mark From Roots 479.817ms
[2025-08-01T03:48:10.812+0000] GC(356) Concurrent Mark Abort
[2025-08-01T03:48:10.812+0000] GC(356) Concurrent Mark Cycle 542.684ms
[2025-08-01T03:48:11.049+0000] GC(363) Pause Young (Normal) (G1 Evacuation Pause)
[2025-08-01T03:48:11.049+0000] GC(363) Using 8 workers of 8 for evacuation
[2025-08-01T03:48:11.234+0000] GC(363)   Pre Evacuate Collection Set: 1.2ms
[2025-08-01T03:48:11.234+0000] GC(363)   Merge Heap Roots: 0.2ms
[2025-08-01T03:48:11.234+0000] GC(363)   Evacuate Collection Set: 182.2ms
[2025-08-01T03:48:11.234+0000] GC(363)   Post Evacuate Collection Set: 1.2ms
[2025-08-01T03:48:11.234+0000] GC(363)   Other: 0.1ms
[2025-08-01T03:48:11.234+0000] GC(363) Eden regions: 551->0(453)
[2025-08-01T03:48:11.234+0000] GC(363) Survivor regions: 0->69(69)
[2025-08-01T03:48:11.234+0000] GC(363) Old regions: 270->639
[2025-08-01T03:48:11.234+0000] GC(363) Humongous regions: 0->0
[2025-08-01T03:48:11.234+0000] GC(363) Metaspace: 10593K(10816K)->10593K(10816K) NonClass: 9335K(9472K)->9335K(9472K) Class: 1258K(1344K)->1258K(1344K)
[2025-08-01T03:48:11.234+0000] GC(363) Pause Young (Normal) (G1 Evacuation Pause) 1634M->1407M(4096M) 185.326ms
[2025-08-01T03:48:11.234+0000] GC(363) User=1.37s Sys=0.05s Real=0.19s
[2025-08-01T03:48:11.416+0000] GC(364) Pause Young (Concurrent Start) (G1 Evacuation Pause)
[2025-08-01T03:48:11.417+0000] GC(364) Using 8 workers of 8 for evacuation
[2025-08-01T03:48:11.553+0000] GC(364)   Pre Evacuate Collection Set: 1.0ms
[2025-08-01T03:48:11.553+0000] GC(364)   Merge Heap Roots: 0.8ms
[2025-08-01T03:48:11.553+0000] GC(364)   Evacuate Collection Set: 133.0ms
[2025-08-01T03:48:11.553+0000] GC(364)   Post Evacuate Collection Set: 1.1ms
[2025-08-01T03:48:11.553+0000] GC(364)   Other: 0.2ms
[2025-08-01T03:48:11.553+0000] GC(364) Eden regions: 453->0(344)
[2025-08-01T03:48:11.553+0000] GC(364) Survivor regions: 69->66(66)
[2025-08-01T03:48:11.553+0000] GC(364) Old regions: 639->926
[2025-08-01T03:48:11.553+0000] GC(364) Humongous regions: 0->0
[2025-08-01T03:48:11.553+0000] GC(364) Metaspace: 10593K(10816K)->10593K(10816K) NonClass: 9335K(9472K)->9335K(9472K) Class: 1258K(1344K)->1258K(1344K)
[2025-08-01T03:48:11.553+0000] GC(364) Pause Young (Concurrent Start) (G1 Evacuation Pause) 2313M->1975M(4096M) 136.488ms
[2025-08-01T03:48:11.553+0000] GC(364) User=1.01s Sys=0.03s Real=0.14s
[2025-08-01T03:48:11.553+0000] GC(365) Concurrent Mark Cycle
[2025-08-01T03:48:11.553+0000] GC(365) Concurrent Scan Root Regions
[2025-08-01T03:48:11.622+0000] GC(365) Concurrent Scan Root Regions 68.765ms
[2025-08-01T03:48:11.622+0000] GC(365) Concurrent Mark
[2025-08-01T03:48:11.622+0000] GC(365) Concurrent Mark From Roots
[2025-08-01T03:48:11.622+0000] GC(365) Using 2 workers of 2 for marking
[2025-08-01T03:48:11.639+0000] GC(365) Concurrent Mark From Roots 17.309ms
[2025-08-01T03:48:11.640+0000] GC(365) Concurrent Preclean
[2025-08-01T03:48:11.640+0000] GC(365) Concurrent Preclean 0.026ms
[2025-08-01T03:48:11.640+0000] GC(365) Pause Remark
[2025-08-01T03:48:11.644+0000] GC(365) Pause Remark 2411M->1208M(4096M) 3.711ms
[2025-08-01T03:48:11.644+0000] GC(365) User=0.01s Sys=0.00s Real=0.01s
[2025-08-01T03:48:11.644+0000] GC(365) Concurrent Mark 21.767ms
[2025-08-01T03:48:11.644+0000] GC(365) Concurrent Rebuild Remembered Sets and Scrub Regions
[2025-08-01T03:48:11.690+0000] GC(366) Pause Young (Normal) (G1 Evacuation Pause)
[2025-08-01T03:48:11.690+0000] GC(366) Using 8 workers of 8 for evacuation
[2025-08-01T03:48:11.787+0000] GC(366)   Pre Evacuate Collection Set: 1.3ms
[2025-08-01T03:48:11.787+0000] GC(366)   Merge Heap Roots: 0.5ms
[2025-08-01T03:48:11.788+0000] GC(366)   Evacuate Collection Set: 94.3ms
[2025-08-01T03:48:11.788+0000] GC(366)   Post Evacuate Collection Set: 1.3ms
[2025-08-01T03:48:11.788+0000] GC(366)   Other: 0.1ms
[2025-08-01T03:48:11.788+0000] GC(366) Eden regions: 344->0(494)
[2025-08-01T03:48:11.788+0000] GC(366) Survivor regions: 66->52(52)
[2025-08-01T03:48:11.788+0000] GC(366) Old regions: 321->580
[2025-08-01T03:48:11.788+0000] GC(366) Humongous regions: 0->0
[2025-08-01T03:48:11.788+0000] GC(366) Metaspace: 10593K(10816K)->10593K(10816K) NonClass: 9335K(9472K)->9335K(9472K) Class: 1258K(1344K)->1258K(1344K)
[2025-08-01T03:48:11.788+0000] GC(366) Pause Young (Normal) (G1 Evacuation Pause) 1460M->1263M(4096M) 97.924ms
[2025-08-01T03:48:11.788+0000] GC(366) User=0.71s Sys=0.00s Real=0.10s
[2025-08-01T03:48:11.827+0000] GC(365) Concurrent Rebuild Remembered Sets and Scrub Regions 182.738ms
[2025-08-01T03:48:11.827+0000] GC(365) Pause Cleanup
[2025-08-01T03:48:11.828+0000] GC(365) Pause Cleanup 1585M->1585M(4096M) 0.819ms
[2025-08-01T03:48:11.828+0000] GC(365) User=0.00s Sys=0.00s Real=0.00s
[2025-08-01T03:48:11.828+0000] GC(365) Concurrent Clear Claimed Marks
[2025-08-01T03:48:11.828+0000] GC(365) Concurrent Clear Claimed Marks 0.045ms
[2025-08-01T03:48:11.828+0000] GC(365) Concurrent Cleanup for Next Mark
[2025-08-01T03:48:11.837+0000] GC(365) Concurrent Cleanup for Next Mark 8.767ms
[2025-08-01T03:48:11.837+0000] GC(365) Concurrent Mark Cycle 283.592ms
[2025-08-01T03:48:11.972+0000] GC(367) Pause Young (Prepare Mixed) (G1 Evacuation Pause)
[2025-08-01T03:48:11.972+0000] GC(367) Using 8 workers of 8 for evacuation
[2025-08-01T03:48:12.138+0000] GC(367)   Pre Evacuate Collection Set: 1.2ms
[2025-08-01T03:48:12.138+0000] GC(367)   Merge Heap Roots: 0.9ms
[2025-08-01T03:48:12.138+0000] GC(367)   Evacuate Collection Set: 161.4ms
[2025-08-01T03:48:12.138+0000] GC(367)   Post Evacuate Collection Set: 1.4ms
[2025-08-01T03:48:12.138+0000] GC(367)   Other: 0.1ms
[2025-08-01T03:48:12.138+0000] GC(367) Eden regions: 494->0(331)
[2025-08-01T03:48:12.138+0000] GC(367) Survivor regions: 52->69(69)
[2025-08-01T03:48:12.138+0000] GC(367) Old regions: 580->802
[2025-08-01T03:48:12.138+0000] GC(367) Humongous regions: 0->0
[2025-08-01T03:48:12.138+0000] GC(367) Metaspace: 10593K(10816K)->10593K(10816K) NonClass: 9335K(9472K)->9335K(9472K) Class: 1258K(1344K)->1258K(1344K)
[2025-08-01T03:48:12.138+0000] GC(367) Pause Young (Prepare Mixed) (G1 Evacuation Pause) 2251M->1741M(4096M) 165.355ms
[2025-08-01T03:48:12.138+0000] GC(367) User=1.22s Sys=0.05s Real=0.17s
[2025-08-01T03:48:12.292+0000] GC(368) Pause Young (Mixed) (G1 Evacuation Pause)
[2025-08-01T03:48:12.292+0000] GC(368) Using 8 workers of 8 for evacuation
[2025-08-01T03:48:12.490+0000] GC(368)   Pre Evacuate Collection Set: 0.8ms
[2025-08-01T03:48:12.490+0000] GC(368)   Merge Heap Roots: 0.2ms
[2025-08-01T03:48:12.490+0000] GC(368)   Evacuate Collection Set: 196.5ms
[2025-08-01T03:48:12.490+0000] GC(368)   Post Evacuate Collection Set: 1.1ms
[2025-08-01T03:48:12.490+0000] GC(368)   Other: 0.1ms
[2025-08-01T03:48:12.490+0000] GC(368) Eden regions: 333->0(268)
[2025-08-01T03:48:12.490+0000] GC(368) Survivor regions: 69->51(51)
[2025-08-01T03:48:12.490+0000] GC(368) Old regions: 802->1154
[2025-08-01T03:48:12.490+0000] GC(368) Humongous regions: 0->0
[2025-08-01T03:48:12.491+0000] GC(368) Metaspace: 10593K(10816K)->10593K(10816K) NonClass: 9335K(9472K)->9335K(9472K) Class: 1258K(1344K)->1258K(1344K)
[2025-08-01T03:48:12.491+0000] GC(368) Pause Young (Mixed) (G1 Evacuation Pause) 2407M->2409M(4096M) 198.982ms
[2025-08-01T03:48:12.491+0000] GC(368) User=1.42s Sys=0.08s Real=0.20s
[2025-08-01T03:48:12.588+0000] GC(369) Pause Young (Mixed) (G1 Evacuation Pause)
[2025-08-01T03:48:12.588+0000] GC(369) Using 8 workers of 8 for evacuation
[2025-08-01T03:48:12.763+0000] GC(369)   Pre Evacuate Collection Set: 0.8ms
[2025-08-01T03:48:12.763+0000] GC(369)   Merge Heap Roots: 0.2ms
[2025-08-01T03:48:12.763+0000] GC(369)   Evacuate Collection Set: 172.3ms
[2025-08-01T03:48:12.763+0000] GC(369)   Post Evacuate Collection Set: 1.2ms
[2025-08-01T03:48:12.763+0000] GC(369)   Other: 0.1ms
[2025-08-01T03:48:12.763+0000] GC(369) Eden regions: 268->0(188)
[2025-08-01T03:48:12.763+0000] GC(369) Survivor regions: 51->40(40)
[2025-08-01T03:48:12.763+0000] GC(369) Old regions: 1154->1404
[2025-08-01T03:48:12.763+0000] GC(369) Humongous regions: 0->0
[2025-08-01T03:48:12.763+0000] GC(369) Metaspace: 10593K(10816K)->10593K(10816K) NonClass: 9335K(9472K)->9335K(9472K) Class: 1258K(1344K)->1258K(1344K)
[2025-08-01T03:48:12.763+0000] GC(369) Pause Young (Mixed) (G1 Evacuation Pause) 2945M->2887M(4096M) 174.885ms
[2025-08-01T03:48:12.763+0000] GC(369) User=1.33s Sys=0.04s Real=0.17s
[2025-08-01T03:48:12.842+0000] GC(370) Pause Young (Concurrent Start) (G1 Evacuation Pause)
[2025-08-01T03:48:12.842+0000] GC(370) Using 8 workers of 8 for evacuation
[2025-08-01T03:48:12.950+0000] GC(370)   Pre Evacuate Collection Set: 1.4ms
[2025-08-01T03:48:12.951+0000] GC(370)   Merge Heap Roots: 0.2ms
[2025-08-01T03:48:12.951+0000] GC(370)   Evacuate Collection Set: 104.7ms
[2025-08-01T03:48:12.951+0000] GC(370)   Post Evacuate Collection Set: 1.1ms
[2025-08-01T03:48:12.951+0000] GC(370)   Other: 0.7ms
[2025-08-01T03:48:12.951+0000] GC(370) Eden regions: 188->0(140)
[2025-08-01T03:48:12.951+0000] GC(370) Survivor regions: 40->29(29)
[2025-08-01T03:48:12.951+0000] GC(370) Old regions: 1404->1566
[2025-08-01T03:48:12.951+0000] GC(370) Humongous regions: 0->0
[2025-08-01T03:48:12.951+0000] GC(370) Metaspace: 10593K(10816K)->10593K(10816K) NonClass: 9335K(9472K)->9335K(9472K) Class: 1258K(1344K)->1258K(1344K)
[2025-08-01T03:48:12.951+0000] GC(370) Pause Young (Concurrent Start) (G1 Evacuation Pause) 3263M->3188M(4096M) 108.509ms
[2025-08-01T03:48:12.951+0000] GC(370) User=0.76s Sys=0.03s Real=0.11s
[2025-08-01T03:48:12.951+0000] GC(371) Concurrent Mark Cycle
[2025-08-01T03:48:12.951+0000] GC(371) Concurrent Scan Root Regions
[2025-08-01T03:48:12.987+0000] GC(371) Concurrent Scan Root Regions 35.804ms
[2025-08-01T03:48:12.987+0000] GC(371) Concurrent Mark
[2025-08-01T03:48:12.987+0000] GC(371) Concurrent Mark From Roots
[2025-08-01T03:48:12.987+0000] GC(371) Using 2 workers of 2 for marking
[2025-08-01T03:48:13.025+0000] GC(372) Pause Young (Normal) (G1 Evacuation Pause)
[2025-08-01T03:48:13.025+0000] GC(372) Using 8 workers of 8 for evacuation
[2025-08-01T03:48:13.088+0000] GC(372)   Pre Evacuate Collection Set: 0.9ms
[2025-08-01T03:48:13.088+0000] GC(372)   Merge Heap Roots: 0.6ms
[2025-08-01T03:48:13.088+0000] GC(372)   Evacuate Collection Set: 60.5ms
[2025-08-01T03:48:13.088+0000] GC(372)   Post Evacuate Collection Set: 0.9ms
[2025-08-01T03:48:13.088+0000] GC(372)   Other: 0.1ms
[2025-08-01T03:48:13.088+0000] GC(372) Eden regions: 140->0(98)
[2025-08-01T03:48:13.088+0000] GC(372) Survivor regions: 29->22(22)
[2025-08-01T03:48:13.088+0000] GC(372) Old regions: 1566->1710
[2025-08-01T03:48:13.088+0000] GC(372) Humongous regions: 0->0
[2025-08-01T03:48:13.088+0000] GC(372) Metaspace: 10593K(10816K)->10593K(10816K) NonClass: 9335K(9472K)->9335K(9472K) Class: 1258K(1344K)->1258K(1344K)
[2025-08-01T03:48:13.088+0000] GC(372) Pause Young (Normal) (G1 Evacuation Pause) 3468M->3463M(4096M) 63.363ms
[2025-08-01T03:48:13.088+0000] GC(372) User=0.45s Sys=0.02s Real=0.06s
[2025-08-01T03:48:13.140+0000] GC(371) Concurrent Mark From Roots 153.205ms
[2025-08-01T03:48:13.140+0000] GC(371) Concurrent Preclean
[2025-08-01T03:48:13.140+0000] GC(371) Concurrent Preclean 0.025ms
[2025-08-01T03:48:13.140+0000] GC(371) Pause Remark
[2025-08-01T03:48:13.145+0000] GC(371) Pause Remark 3652M->1626M(4096M) 4.799ms
[2025-08-01T03:48:13.145+0000] GC(371) User=0.01s Sys=0.00s Real=0.01s
[2025-08-01T03:48:13.145+0000] GC(371) Concurrent Mark 158.574ms
[2025-08-01T03:48:13.145+0000] GC(371) Concurrent Rebuild Remembered Sets and Scrub Regions
[2025-08-01T03:48:13.151+0000] GC(373) Pause Young (Normal) (G1 Evacuation Pause)
[2025-08-01T03:48:13.151+0000] GC(373) Using 8 workers of 8 for evacuation
[2025-08-01T03:48:13.195+0000] GC(373)   Pre Evacuate Collection Set: 0.9ms
[2025-08-01T03:48:13.195+0000] GC(373)   Merge Heap Roots: 0.3ms
[2025-08-01T03:48:13.195+0000] GC(373)   Evacuate Collection Set: 41.9ms
[2025-08-01T03:48:13.195+0000] GC(373)   Post Evacuate Collection Set: 0.6ms
[2025-08-01T03:48:13.195+0000] GC(373)   Other: 0.1ms
[2025-08-01T03:48:13.195+0000] GC(373) Eden regions: 98->0(431)
[2025-08-01T03:48:13.195+0000] GC(373) Survivor regions: 22->15(15)
[2025-08-01T03:48:13.195+0000] GC(373) Old regions: 697->803
[2025-08-01T03:48:13.195+0000] GC(373) Humongous regions: 0->0
[2025-08-01T03:48:13.195+0000] GC(373) Metaspace: 10593K(10816K)->10593K(10816K) NonClass: 9335K(9472K)->9335K(9472K) Class: 1258K(1344K)->1258K(1344K)
[2025-08-01T03:48:13.195+0000] GC(373) Pause Young (Normal) (G1 Evacuation Pause) 1633M->1635M(4096M) 44.039ms
[2025-08-01T03:48:13.195+0000] GC(373) User=0.29s Sys=0.01s Real=0.05s
[2025-08-01T03:48:13.323+0000] GC(371) Concurrent Rebuild Remembered Sets and Scrub Regions 177.256ms
[2025-08-01T03:48:13.323+0000] GC(371) Pause Cleanup
[2025-08-01T03:48:13.324+0000] GC(371) Pause Cleanup 2352M->2352M(4096M) 1.312ms
[2025-08-01T03:48:13.324+0000] GC(371) User=0.00s Sys=0.00s Real=0.01s
[2025-08-01T03:48:13.325+0000] GC(371) Concurrent Clear Claimed Marks
[2025-08-01T03:48:13.326+0000] GC(371) Concurrent Clear Claimed Marks 0.089ms
[2025-08-01T03:48:13.326+0000] GC(371) Concurrent Cleanup for Next Mark
[2025-08-01T03:48:13.333+0000] GC(371) Concurrent Cleanup for Next Mark 7.728ms
[2025-08-01T03:48:13.333+0000] GC(371) Concurrent Mark Cycle 382.619ms
[2025-08-01T03:48:13.375+0000] GC(374) Pause Young (Prepare Mixed) (G1 Evacuation Pause)
[2025-08-01T03:48:13.375+0000] GC(374) Using 8 workers of 8 for evacuation
[2025-08-01T03:48:13.530+0000] GC(374)   Pre Evacuate Collection Set: 0.7ms
[2025-08-01T03:48:13.530+0000] GC(374)   Merge Heap Roots: 0.2ms
[2025-08-01T03:48:13.530+0000] GC(374)   Evacuate Collection Set: 152.7ms
[2025-08-01T03:48:13.530+0000] GC(374)   Post Evacuate Collection Set: 0.7ms
[2025-08-01T03:48:13.530+0000] GC(374)   Other: 0.1ms
[2025-08-01T03:48:13.530+0000] GC(374) Eden regions: 431->0(268)
[2025-08-01T03:48:13.530+0000] GC(374) Survivor regions: 15->56(56)
[2025-08-01T03:48:13.530+0000] GC(374) Old regions: 803->1149
[2025-08-01T03:48:13.530+0000] GC(374) Humongous regions: 0->0
[2025-08-01T03:48:13.530+0000] GC(374) Metaspace: 10593K(10816K)->10593K(10816K) NonClass: 9335K(9472K)->9335K(9472K) Class: 1258K(1344K)->1258K(1344K)
[2025-08-01T03:48:13.530+0000] GC(374) Pause Young (Prepare Mixed) (G1 Evacuation Pause) 2497M->2409M(4096M) 154.660ms
[2025-08-01T03:48:13.530+0000] GC(374) User=1.10s Sys=0.05s Real=0.15s
[2025-08-01T03:48:13.626+0000] GC(375) Pause Young (Mixed) (G1 Evacuation Pause)
[2025-08-01T03:48:13.626+0000] GC(375) Using 8 workers of 8 for evacuation
[2025-08-01T03:48:13.716+0000] GC(375)   Pre Evacuate Collection Set: 0.6ms
[2025-08-01T03:48:13.716+0000] GC(375)   Merge Heap Roots: 0.7ms
[2025-08-01T03:48:13.716+0000] GC(375)   Evacuate Collection Set: 87.3ms
[2025-08-01T03:48:13.716+0000] GC(375)   Merge Optional Heap Roots: 0.2ms
[2025-08-01T03:48:13.716+0000] GC(375)   Evacuate Optional Collection Set: 0.3ms
[2025-08-01T03:48:13.716+0000] GC(375)   Post Evacuate Collection Set: 1.1ms
[2025-08-01T03:48:13.716+0000] GC(375)   Other: 0.1ms
[2025-08-01T03:48:13.716+0000] GC(375) Eden regions: 268->0(227)
[2025-08-01T03:48:13.716+0000] GC(375) Survivor regions: 56->41(41)
[2025-08-01T03:48:13.716+0000] GC(375) Old regions: 1149->1296
[2025-08-01T03:48:13.716+0000] GC(375) Humongous regions: 0->0
[2025-08-01T03:48:13.717+0000] GC(375) Metaspace: 10593K(10816K)->10593K(10816K) NonClass: 9335K(9472K)->9335K(9472K) Class: 1258K(1344K)->1258K(1344K)
[2025-08-01T03:48:13.717+0000] GC(375) Pause Young (Mixed) (G1 Evacuation Pause) 2945M->2672M(4096M) 90.657ms
[2025-08-01T03:48:13.717+0000] GC(375) User=0.68s Sys=0.01s Real=0.09s
[2025-08-01T03:48:13.803+0000] GC(376) Pause Young (Mixed) (G1 Evacuation Pause)
[2025-08-01T03:48:13.803+0000] GC(376) Using 8 workers of 8 for evacuation
[2025-08-01T03:48:13.909+0000] GC(376)   Pre Evacuate Collection Set: 1.8ms
[2025-08-01T03:48:13.909+0000] GC(376)   Merge Heap Roots: 0.6ms
[2025-08-01T03:48:13.909+0000] GC(376)   Evacuate Collection Set: 102.3ms
[2025-08-01T03:48:13.909+0000] GC(376)   Post Evacuate Collection Set: 1.4ms
[2025-08-01T03:48:13.909+0000] GC(376)   Other: 0.1ms
[2025-08-01T03:48:13.909+0000] GC(376) Eden regions: 227->0(166)
[2025-08-01T03:48:13.909+0000] GC(376) Survivor regions: 41->34(34)
[2025-08-01T03:48:13.909+0000] GC(376) Old regions: 1296->1480
[2025-08-01T03:48:13.909+0000] GC(376) Humongous regions: 0->0
[2025-08-01T03:48:13.909+0000] GC(376) Metaspace: 10593K(10816K)->10593K(10816K) NonClass: 9335K(9472K)->9335K(9472K) Class: 1258K(1344K)->1258K(1344K)
[2025-08-01T03:48:13.909+0000] GC(376) Pause Young (Mixed) (G1 Evacuation Pause) 3126M->3027M(4096M) 106.424ms
[2025-08-01T03:48:13.909+0000] GC(376) User=0.78s Sys=0.03s Real=0.11s
[2025-08-01T03:48:13.979+0000] GC(377) Pause Young (Concurrent Start) (G1 Evacuation Pause)
[2025-08-01T03:48:13.979+0000] GC(377) Using 8 workers of 8 for evacuation
[2025-08-01T03:48:14.082+0000] GC(377)   Pre Evacuate Collection Set: 0.8ms
[2025-08-01T03:48:14.082+0000] GC(377)   Merge Heap Roots: 0.2ms
[2025-08-01T03:48:14.082+0000] GC(377)   Evacuate Collection Set: 100.5ms
[2025-08-01T03:48:14.082+0000] GC(377)   Post Evacuate Collection Set: 1.7ms
[2025-08-01T03:48:14.082+0000] GC(377)   Other: 0.2ms
[2025-08-01T03:48:14.082+0000] GC(377) Eden regions: 166->0(130)
[2025-08-01T03:48:14.082+0000] GC(377) Survivor regions: 34->25(25)
[2025-08-01T03:48:14.083+0000] GC(377) Old regions: 1480->1611
[2025-08-01T03:48:14.083+0000] GC(377) Humongous regions: 0->0
[2025-08-01T03:48:14.083+0000] GC(377) Metaspace: 10593K(10816K)->10593K(10816K) NonClass: 9335K(9472K)->9335K(9472K) Class: 1258K(1344K)->1258K(1344K)
[2025-08-01T03:48:14.083+0000] GC(377) Pause Young (Concurrent Start) (G1 Evacuation Pause) 3359M->3270M(4096M) 103.962ms
[2025-08-01T03:48:14.083+0000] GC(377) User=0.75s Sys=0.05s Real=0.10s
[2025-08-01T03:48:14.083+0000] GC(378) Concurrent Mark Cycle
[2025-08-01T03:48:14.083+0000] GC(378) Concurrent Scan Root Regions
[2025-08-01T03:48:14.136+0000] GC(378) Concurrent Scan Root Regions 53.099ms
[2025-08-01T03:48:14.136+0000] GC(378) Concurrent Mark
[2025-08-01T03:48:14.136+0000] GC(378) Concurrent Mark From Roots
[2025-08-01T03:48:14.136+0000] GC(378) Using 2 workers of 2 for marking
[2025-08-01T03:48:14.145+0000] GC(379) Pause Young (Normal) (G1 Evacuation Pause)
[2025-08-01T03:48:14.145+0000] GC(379) Using 8 workers of 8 for evacuation
[2025-08-01T03:48:14.209+0000] GC(379)   Pre Evacuate Collection Set: 1.0ms
[2025-08-01T03:48:14.209+0000] GC(379)   Merge Heap Roots: 0.6ms
[2025-08-01T03:48:14.209+0000] GC(379)   Evacuate Collection Set: 61.2ms
[2025-08-01T03:48:14.209+0000] GC(379)   Post Evacuate Collection Set: 0.9ms
[2025-08-01T03:48:14.209+0000] GC(379)   Other: 0.1ms
[2025-08-01T03:48:14.209+0000] GC(379) Eden regions: 130->0(87)
[2025-08-01T03:48:14.209+0000] GC(379) Survivor regions: 25->20(20)
[2025-08-01T03:48:14.209+0000] GC(379) Old regions: 1611->1747
[2025-08-01T03:48:14.209+0000] GC(379) Humongous regions: 0->0
[2025-08-01T03:48:14.209+0000] GC(379) Metaspace: 10593K(10816K)->10593K(10816K) NonClass: 9335K(9472K)->9335K(9472K) Class: 1258K(1344K)->1258K(1344K)
[2025-08-01T03:48:14.209+0000] GC(379) Pause Young (Normal) (G1 Evacuation Pause) 3530M->3533M(4096M) 64.212ms
[2025-08-01T03:48:14.209+0000] GC(379) User=0.46s Sys=0.02s Real=0.06s
[2025-08-01T03:48:14.225+0000] GC(380) Pause Young (Normal) (G1 Evacuation Pause)
[2025-08-01T03:48:14.225+0000] GC(380) Using 8 workers of 8 for evacuation
[2025-08-01T03:48:14.257+0000] GC(380)   Pre Evacuate Collection Set: 0.6ms
[2025-08-01T03:48:14.257+0000] GC(380)   Merge Heap Roots: 0.6ms
[2025-08-01T03:48:14.257+0000] GC(380)   Evacuate Collection Set: 30.2ms
[2025-08-01T03:48:14.257+0000] GC(380)   Post Evacuate Collection Set: 0.9ms
[2025-08-01T03:48:14.257+0000] GC(380)   Other: 0.2ms
[2025-08-01T03:48:14.257+0000] GC(380) Eden regions: 87->0(88)
[2025-08-01T03:48:14.257+0000] GC(380) Survivor regions: 20->14(14)
[2025-08-01T03:48:14.258+0000] GC(380) Old regions: 1747->1843
[2025-08-01T03:48:14.258+0000] GC(380) Humongous regions: 0->0
[2025-08-01T03:48:14.258+0000] GC(380) Metaspace: 10593K(10816K)->10593K(10816K) NonClass: 9335K(9472K)->9335K(9472K) Class: 1258K(1344K)->1258K(1344K)
[2025-08-01T03:48:14.258+0000] GC(380) Pause Young (Normal) (G1 Evacuation Pause) 3707M->3712M(4096M) 32.843ms
[2025-08-01T03:48:14.258+0000] GC(380) User=0.24s Sys=0.00s Real=0.03s
[2025-08-01T03:48:14.274+0000] GC(381) Pause Young (Normal) (G1 Evacuation Pause)
[2025-08-01T03:48:14.274+0000] GC(381) Using 8 workers of 8 for evacuation
[2025-08-01T03:48:14.307+0000] GC(381)   Pre Evacuate Collection Set: 0.5ms
[2025-08-01T03:48:14.307+0000] GC(381)   Merge Heap Roots: 0.1ms
[2025-08-01T03:48:14.307+0000] GC(381)   Evacuate Collection Set: 31.9ms
[2025-08-01T03:48:14.307+0000] GC(381)   Post Evacuate Collection Set: 0.9ms
[2025-08-01T03:48:14.307+0000] GC(381)   Other: 0.1ms
[2025-08-01T03:48:14.307+0000] GC(381) Eden regions: 88->0(89)
[2025-08-01T03:48:14.307+0000] GC(381) Survivor regions: 14->13(13)
[2025-08-01T03:48:14.307+0000] GC(381) Old regions: 1843->1933
[2025-08-01T03:48:14.307+0000] GC(381) Humongous regions: 0->0
[2025-08-01T03:48:14.307+0000] GC(381) Metaspace: 10593K(10816K)->10593K(10816K) NonClass: 9335K(9472K)->9335K(9472K) Class: 1258K(1344K)->1258K(1344K)
[2025-08-01T03:48:14.307+0000] GC(381) Pause Young (Normal) (G1 Evacuation Pause) 3888M->3891M(4096M) 33.832ms
[2025-08-01T03:48:14.307+0000] GC(381) User=0.26s Sys=0.00s Real=0.03s
[2025-08-01T03:48:14.369+0000] GC(382) Pause Young (Normal) (G1 Evacuation Pause)
[2025-08-01T03:48:14.369+0000] GC(382) Using 8 workers of 8 for evacuation
[2025-08-01T03:48:14.386+0000] GC(382)   Pre Evacuate Collection Set: 0.7ms
[2025-08-01T03:48:14.386+0000] GC(382)   Merge Heap Roots: 0.1ms
[2025-08-01T03:48:14.386+0000] GC(382)   Evacuate Collection Set: 9.5ms
[2025-08-01T03:48:14.386+0000] GC(382)   Post Evacuate Collection Set: 6.8ms
[2025-08-01T03:48:14.386+0000] GC(382)   Other: 0.1ms
[2025-08-01T03:48:14.386+0000] GC(382) Eden regions: 89->0(39)
[2025-08-01T03:48:14.387+0000] GC(382) Survivor regions: 13->8(13)
[2025-08-01T03:48:14.387+0000] GC(382) Old regions: 1933->1993
[2025-08-01T03:48:14.387+0000] GC(382) Humongous regions: 0->0
[2025-08-01T03:48:14.387+0000] GC(382) Metaspace: 10593K(10816K)->10593K(10816K) NonClass: 9335K(9472K)->9335K(9472K) Class: 1258K(1344K)->1258K(1344K)
[2025-08-01T03:48:14.387+0000] GC(382) Pause Young (Normal) (G1 Evacuation Pause) (Evacuation Failure) 4069M->4001M(4096M) 17.544ms
[2025-08-01T03:48:14.387+0000] GC(382) User=0.12s Sys=0.01s Real=0.02s
[2025-08-01T03:48:14.393+0000] GC(378) Concurrent Mark From Roots 256.702ms
[2025-08-01T03:48:14.393+0000] GC(378) Concurrent Preclean
[2025-08-01T03:48:14.393+0000] GC(378) Concurrent Preclean 0.027ms
[2025-08-01T03:48:14.393+0000] GC(378) Pause Remark
[2025-08-01T03:48:14.398+0000] GC(378) Pause Remark 4053M->1785M(4096M) 4.613ms
[2025-08-01T03:48:14.398+0000] GC(378) User=0.01s Sys=0.01s Real=0.00s
[2025-08-01T03:48:14.398+0000] GC(378) Concurrent Mark 261.941ms
[2025-08-01T03:48:14.398+0000] GC(378) Concurrent Rebuild Remembered Sets and Scrub Regions
[2025-08-01T03:48:14.401+0000] GC(383) Pause Young (Normal) (G1 Evacuation Pause)
[2025-08-01T03:48:14.401+0000] GC(383) Using 8 workers of 8 for evacuation
[2025-08-01T03:48:14.418+0000] GC(383)   Pre Evacuate Collection Set: 0.6ms
[2025-08-01T03:48:14.418+0000] GC(383)   Merge Heap Roots: 0.2ms
[2025-08-01T03:48:14.418+0000] GC(383)   Evacuate Collection Set: 15.0ms
[2025-08-01T03:48:14.418+0000] GC(383)   Post Evacuate Collection Set: 0.7ms
[2025-08-01T03:48:14.418+0000] GC(383)   Other: 0.1ms
[2025-08-01T03:48:14.418+0000] GC(383) Eden regions: 39->0(371)
[2025-08-01T03:48:14.418+0000] GC(383) Survivor regions: 8->6(6)
[2025-08-01T03:48:14.418+0000] GC(383) Old regions: 859->903
[2025-08-01T03:48:14.418+0000] GC(383) Humongous regions: 0->0
[2025-08-01T03:48:14.418+0000] GC(383) Metaspace: 10593K(10816K)->10593K(10816K) NonClass: 9335K(9472K)->9335K(9472K) Class: 1258K(1344K)->1258K(1344K)
[2025-08-01T03:48:14.418+0000] GC(383) Pause Young (Normal) (G1 Evacuation Pause) 1811M->1816M(4096M) 16.844ms
[2025-08-01T03:48:14.418+0000] GC(383) User=0.11s Sys=0.00s Real=0.02s
[2025-08-01T03:48:14.584+0000] GC(384) Pause Young (Normal) (G1 Evacuation Pause)
[2025-08-01T03:48:14.584+0000] GC(384) Using 8 workers of 8 for evacuation
[2025-08-01T03:48:14.708+0000] GC(384)   Pre Evacuate Collection Set: 1.0ms
[2025-08-01T03:48:14.709+0000] GC(384)   Merge Heap Roots: 0.2ms
[2025-08-01T03:48:14.709+0000] GC(384)   Evacuate Collection Set: 121.9ms
[2025-08-01T03:48:14.709+0000] GC(384)   Post Evacuate Collection Set: 1.0ms
[2025-08-01T03:48:14.709+0000] GC(384)   Other: 0.1ms
[2025-08-01T03:48:14.709+0000] GC(384) Eden regions: 371->0(247)
[2025-08-01T03:48:14.709+0000] GC(384) Survivor regions: 6->48(48)
[2025-08-01T03:48:14.709+0000] GC(384) Old regions: 903->1211
[2025-08-01T03:48:14.709+0000] GC(384) Humongous regions: 0->0
[2025-08-01T03:48:14.709+0000] GC(384) Metaspace: 10593K(10816K)->10593K(10816K) NonClass: 9335K(9472K)->9335K(9472K) Class: 1258K(1344K)->1258K(1344K)
[2025-08-01T03:48:14.709+0000] GC(384) Pause Young (Normal) (G1 Evacuation Pause) 2558M->2517M(4096M) 124.442ms
[2025-08-01T03:48:14.709+0000] GC(384) User=0.95s Sys=0.02s Real=0.12s
[2025-08-01T03:48:14.721+0000] GC(378) Concurrent Rebuild Remembered Sets and Scrub Regions 322.475ms
[2025-08-01T03:48:14.721+0000] GC(378) Pause Cleanup
[2025-08-01T03:48:14.722+0000] GC(378) Pause Cleanup 2647M->2647M(4096M) 1.125ms
[2025-08-01T03:48:14.722+0000] GC(378) User=0.00s Sys=0.00s Real=0.00s
[2025-08-01T03:48:14.723+0000] GC(378) Concurrent Clear Claimed Marks
[2025-08-01T03:48:14.723+0000] GC(378) Concurrent Clear Claimed Marks 0.070ms
[2025-08-01T03:48:14.723+0000] GC(378) Concurrent Cleanup for Next Mark
[2025-08-01T03:48:14.732+0000] GC(378) Concurrent Cleanup for Next Mark 8.965ms
[2025-08-01T03:48:14.732+0000] GC(378) Concurrent Mark Cycle 648.691ms
[2025-08-01T03:48:14.803+0000] GC(385) Pause Young (Prepare Mixed) (G1 Evacuation Pause)
[2025-08-01T03:48:14.803+0000] GC(385) Using 8 workers of 8 for evacuation
[2025-08-01T03:48:14.909+0000] GC(385)   Pre Evacuate Collection Set: 1.9ms
[2025-08-01T03:48:14.909+0000] GC(385)   Merge Heap Roots: 0.1ms
[2025-08-01T03:48:14.909+0000] GC(385)   Evacuate Collection Set: 102.1ms
[2025-08-01T03:48:14.909+0000] GC(385)   Post Evacuate Collection Set: 1.5ms
[2025-08-01T03:48:14.909+0000] GC(385)   Other: 0.1ms
[2025-08-01T03:48:14.909+0000] GC(385) Eden regions: 247->0(179)
[2025-08-01T03:48:14.909+0000] GC(385) Survivor regions: 48->37(37)
[2025-08-01T03:48:14.909+0000] GC(385) Old regions: 1211->1437
[2025-08-01T03:48:14.909+0000] GC(385) Humongous regions: 0->0
[2025-08-01T03:48:14.909+0000] GC(385) Metaspace: 10593K(10816K)->10593K(10816K) NonClass: 9335K(9472K)->9335K(9472K) Class: 1258K(1344K)->1258K(1344K)
[2025-08-01T03:48:14.909+0000] GC(385) Pause Young (Prepare Mixed) (G1 Evacuation Pause) 3011M->2946M(4096M) 106.086ms
[2025-08-01T03:48:14.909+0000] GC(385) User=0.77s Sys=0.02s Real=0.10s
[2025-08-01T03:48:14.984+0000] GC(386) Pause Young (Mixed) (G1 Evacuation Pause)
[2025-08-01T03:48:14.984+0000] GC(386) Using 8 workers of 8 for evacuation
[2025-08-01T03:48:15.052+0000] GC(386)   Pre Evacuate Collection Set: 0.8ms
[2025-08-01T03:48:15.052+0000] GC(386)   Merge Heap Roots: 0.2ms
[2025-08-01T03:48:15.052+0000] GC(386)   Evacuate Collection Set: 65.2ms
[2025-08-01T03:48:15.052+0000] GC(386)   Post Evacuate Collection Set: 1.3ms
[2025-08-01T03:48:15.052+0000] GC(386)   Other: 0.2ms
[2025-08-01T03:48:15.052+0000] GC(386) Eden regions: 179->0(151)
[2025-08-01T03:48:15.052+0000] GC(386) Survivor regions: 37->27(27)
[2025-08-01T03:48:15.052+0000] GC(386) Old regions: 1437->1547
[2025-08-01T03:48:15.052+0000] GC(386) Humongous regions: 0->0
[2025-08-01T03:48:15.052+0000] GC(386) Metaspace: 10593K(10816K)->10593K(10816K) NonClass: 9335K(9472K)->9335K(9472K) Class: 1258K(1344K)->1258K(1344K)
[2025-08-01T03:48:15.052+0000] GC(386) Pause Young (Mixed) (G1 Evacuation Pause) 3304M->3147M(4096M) 67.993ms
[2025-08-01T03:48:15.052+0000] GC(386) User=0.50s Sys=0.02s Real=0.06s
[2025-08-01T03:48:15.119+0000] GC(387) Pause Young (Concurrent Start) (G1 Evacuation Pause)
[2025-08-01T03:48:15.119+0000] GC(387) Using 8 workers of 8 for evacuation
[2025-08-01T03:48:15.159+0000] GC(387)   Pre Evacuate Collection Set: 1.5ms
[2025-08-01T03:48:15.159+0000] GC(387)   Merge Heap Roots: 0.3ms
[2025-08-01T03:48:15.159+0000] GC(387)   Evacuate Collection Set: 36.6ms
[2025-08-01T03:48:15.159+0000] GC(387)   Post Evacuate Collection Set: 0.8ms
[2025-08-01T03:48:15.159+0000] GC(387)   Other: 0.3ms
[2025-08-01T03:48:15.159+0000] GC(387) Eden regions: 151->0(134)
[2025-08-01T03:48:15.159+0000] GC(387) Survivor regions: 27->23(23)
[2025-08-01T03:48:15.159+0000] GC(387) Old regions: 1547->1624
[2025-08-01T03:48:15.159+0000] GC(387) Humongous regions: 0->0
[2025-08-01T03:48:15.159+0000] GC(387) Metaspace: 10593K(10816K)->10593K(10816K) NonClass: 9335K(9472K)->9335K(9472K) Class: 1258K(1344K)->1258K(1344K)
[2025-08-01T03:48:15.159+0000] GC(387) Pause Young (Concurrent Start) (G1 Evacuation Pause) 3449M->3292M(4096M) 39.882ms
[2025-08-01T03:48:15.159+0000] GC(387) User=0.28s Sys=0.00s Real=0.04s
[2025-08-01T03:48:15.159+0000] GC(388) Concurrent Mark Cycle
[2025-08-01T03:48:15.159+0000] GC(388) Concurrent Scan Root Regions
[2025-08-01T03:48:15.185+0000] GC(388) Concurrent Scan Root Regions 26.106ms
[2025-08-01T03:48:15.185+0000] GC(388) Concurrent Mark
[2025-08-01T03:48:15.185+0000] GC(388) Concurrent Mark From Roots
[2025-08-01T03:48:15.185+0000] GC(388) Using 2 workers of 2 for marking
[2025-08-01T03:48:15.188+0000] GC(389) Pause Young (Normal) (G1 Evacuation Pause)
[2025-08-01T03:48:15.188+0000] GC(389) Using 8 workers of 8 for evacuation
[2025-08-01T03:48:15.242+0000] GC(389)   Pre Evacuate Collection Set: 0.4ms
[2025-08-01T03:48:15.242+0000] GC(389)   Merge Heap Roots: 0.2ms
[2025-08-01T03:48:15.242+0000] GC(389)   Evacuate Collection Set: 52.8ms
[2025-08-01T03:48:15.242+0000] GC(389)   Post Evacuate Collection Set: 1.1ms
[2025-08-01T03:48:15.242+0000] GC(389)   Other: 0.1ms
[2025-08-01T03:48:15.242+0000] GC(389) Eden regions: 134->0(84)
[2025-08-01T03:48:15.242+0000] GC(389) Survivor regions: 23->20(20)
[2025-08-01T03:48:15.242+0000] GC(389) Old regions: 1624->1762
[2025-08-01T03:48:15.242+0000] GC(389) Humongous regions: 0->0
[2025-08-01T03:48:15.242+0000] GC(389) Metaspace: 10593K(10816K)->10593K(10816K) NonClass: 9335K(9472K)->9335K(9472K) Class: 1258K(1344K)->1258K(1344K)
[2025-08-01T03:48:15.242+0000] GC(389) Pause Young (Normal) (G1 Evacuation Pause) 3560M->3563M(4096M) 54.840ms
[2025-08-01T03:48:15.242+0000] GC(389) User=0.42s Sys=0.01s Real=0.05s
[2025-08-01T03:48:15.285+0000] GC(388) Concurrent Mark From Roots 99.343ms
[2025-08-01T03:48:15.285+0000] GC(388) Concurrent Preclean
[2025-08-01T03:48:15.285+0000] GC(388) Concurrent Preclean 0.024ms
[2025-08-01T03:48:15.285+0000] GC(388) Pause Remark
[2025-08-01T03:48:15.288+0000] GC(388) Pause Remark 3683M->897M(4096M) 3.408ms
[2025-08-01T03:48:15.288+0000] GC(388) User=0.01s Sys=0.00s Real=0.00s
[2025-08-01T03:48:15.289+0000] GC(388) Concurrent Mark 103.234ms
[2025-08-01T03:48:15.289+0000] GC(388) Concurrent Rebuild Remembered Sets and Scrub Regions
[2025-08-01T03:48:15.301+0000] GC(390) Pause Young (Normal) (G1 Evacuation Pause)
[2025-08-01T03:48:15.301+0000] GC(390) Using 8 workers of 8 for evacuation
[2025-08-01T03:48:15.336+0000] GC(390)   Pre Evacuate Collection Set: 0.7ms
[2025-08-01T03:48:15.337+0000] GC(390)   Merge Heap Roots: 0.2ms
[2025-08-01T03:48:15.337+0000] GC(390)   Evacuate Collection Set: 32.9ms
[2025-08-01T03:48:15.337+0000] GC(390)   Post Evacuate Collection Set: 1.0ms
[2025-08-01T03:48:15.337+0000] GC(390)   Other: 0.1ms
[2025-08-01T03:48:15.337+0000] GC(390) Eden regions: 84->0(560)
[2025-08-01T03:48:15.337+0000] GC(390) Survivor regions: 20->13(13)
[2025-08-01T03:48:15.337+0000] GC(390) Old regions: 369->462
[2025-08-01T03:48:15.337+0000] GC(390) Humongous regions: 0->0
[2025-08-01T03:48:15.337+0000] GC(390) Metaspace: 10593K(10816K)->10593K(10816K) NonClass: 9335K(9472K)->9335K(9472K) Class: 1258K(1344K)->1258K(1344K)
[2025-08-01T03:48:15.337+0000] GC(390) Pause Young (Normal) (G1 Evacuation Pause) 945M->948M(4096M) 35.300ms
[2025-08-01T03:48:15.337+0000] GC(390) User=0.27s Sys=0.00s Real=0.04s
[2025-08-01T03:48:15.400+0000] GC(388) Concurrent Rebuild Remembered Sets and Scrub Regions 111.628ms
[2025-08-01T03:48:15.400+0000] GC(388) Pause Cleanup
[2025-08-01T03:48:15.401+0000] GC(388) Pause Cleanup 1261M->1261M(4096M) 0.647ms
[2025-08-01T03:48:15.401+0000] GC(388) User=0.00s Sys=0.00s Real=0.00s
[2025-08-01T03:48:15.401+0000] GC(388) Concurrent Clear Claimed Marks
[2025-08-01T03:48:15.401+0000] GC(388) Concurrent Clear Claimed Marks 0.039ms
[2025-08-01T03:48:15.401+0000] GC(388) Concurrent Cleanup for Next Mark
[2025-08-01T03:48:15.410+0000] GC(388) Concurrent Cleanup for Next Mark 8.609ms
[2025-08-01T03:48:15.410+0000] GC(388) Concurrent Mark Cycle 250.729ms
[2025-08-01T03:48:15.584+0000] GC(391) Pause Young (Prepare Mixed) (G1 Evacuation Pause)
[2025-08-01T03:48:15.584+0000] GC(391) Using 8 workers of 8 for evacuation
[2025-08-01T03:48:15.803+0000] GC(391) MMU target violated: 201.0ms (200.0ms/201.0ms)
[2025-08-01T03:48:15.804+0000] GC(391)   Pre Evacuate Collection Set: 1.9ms
[2025-08-01T03:48:15.804+0000] GC(391)   Merge Heap Roots: 0.9ms
[2025-08-01T03:48:15.804+0000] GC(391)   Evacuate Collection Set: 214.9ms
[2025-08-01T03:48:15.804+0000] GC(391)   Post Evacuate Collection Set: 1.4ms
[2025-08-01T03:48:15.804+0000] GC(391)   Other: 0.2ms
[2025-08-01T03:48:15.804+0000] GC(391) Eden regions: 560->0(405)
[2025-08-01T03:48:15.804+0000] GC(391) Survivor regions: 13->72(72)
[2025-08-01T03:48:15.804+0000] GC(391) Old regions: 462->781
[2025-08-01T03:48:15.804+0000] GC(391) Humongous regions: 0->0
[2025-08-01T03:48:15.804+0000] GC(391) Metaspace: 10593K(10816K)->10593K(10816K) NonClass: 9335K(9472K)->9335K(9472K) Class: 1258K(1344K)->1258K(1344K)
[2025-08-01T03:48:15.804+0000] GC(391) Pause Young (Prepare Mixed) (G1 Evacuation Pause) 2068M->1704M(4096M) 219.699ms
[2025-08-01T03:48:15.804+0000] GC(391) User=1.61s Sys=0.06s Real=0.22s
[2025-08-01T03:48:15.969+0000] GC(392) Pause Young (Mixed) (G1 Evacuation Pause)
[2025-08-01T03:48:15.969+0000] GC(392) Using 8 workers of 8 for evacuation
[2025-08-01T03:48:16.169+0000] GC(392)   Pre Evacuate Collection Set: 1.0ms
[2025-08-01T03:48:16.169+0000] GC(392)   Merge Heap Roots: 0.3ms
[2025-08-01T03:48:16.169+0000] GC(392)   Evacuate Collection Set: 197.0ms
[2025-08-01T03:48:16.169+0000] GC(392)   Post Evacuate Collection Set: 0.9ms
[2025-08-01T03:48:16.169+0000] GC(392)   Other: 0.1ms
[2025-08-01T03:48:16.169+0000] GC(392) Eden regions: 403->0(289)
[2025-08-01T03:48:16.169+0000] GC(392) Survivor regions: 72->60(60)
[2025-08-01T03:48:16.169+0000] GC(392) Old regions: 781->1101
[2025-08-01T03:48:16.169+0000] GC(392) Humongous regions: 0->0
[2025-08-01T03:48:16.169+0000] GC(392) Metaspace: 10593K(10816K)->10593K(10816K) NonClass: 9335K(9472K)->9335K(9472K) Class: 1258K(1344K)->1258K(1344K)
[2025-08-01T03:48:16.169+0000] GC(392) Pause Young (Mixed) (G1 Evacuation Pause) 2510M->2320M(4096M) 199.635ms
[2025-08-01T03:48:16.169+0000] GC(392) User=1.50s Sys=0.04s Real=0.20s
[2025-08-01T03:48:16.312+0000] GC(393) Pause Young (Mixed) (G1 Evacuation Pause)
[2025-08-01T03:48:16.312+0000] GC(393) Using 8 workers of 8 for evacuation
[2025-08-01T03:48:16.534+0000] GC(393) MMU target violated: 201.0ms (200.0ms/201.0ms)
[2025-08-01T03:48:16.534+0000] GC(393)   Pre Evacuate Collection Set: 1.4ms
[2025-08-01T03:48:16.534+0000] GC(393)   Merge Heap Roots: 0.3ms
[2025-08-01T03:48:16.534+0000] GC(393)   Evacuate Collection Set: 217.1ms
[2025-08-01T03:48:16.534+0000] GC(393)   Post Evacuate Collection Set: 2.2ms
[2025-08-01T03:48:16.534+0000] GC(393)   Other: 0.3ms
[2025-08-01T03:48:16.534+0000] GC(393) Eden regions: 289->0(208)
[2025-08-01T03:48:16.534+0000] GC(393) Survivor regions: 60->44(44)
[2025-08-01T03:48:16.534+0000] GC(393) Old regions: 1101->1343
[2025-08-01T03:48:16.534+0000] GC(393) Humongous regions: 0->0
[2025-08-01T03:48:16.534+0000] GC(393) Metaspace: 10593K(10816K)->10593K(10816K) NonClass: 9335K(9472K)->9335K(9472K) Class: 1258K(1344K)->1258K(1344K)
[2025-08-01T03:48:16.534+0000] GC(393) Pause Young (Mixed) (G1 Evacuation Pause) 2898M->2773M(4096M) 221.641ms
[2025-08-01T03:48:16.534+0000] GC(393) User=1.64s Sys=0.07s Real=0.23s
[2025-08-01T03:48:16.627+0000] GC(394) Pause Young (Concurrent Start) (G1 Evacuation Pause)
[2025-08-01T03:48:16.627+0000] GC(394) Using 8 workers of 8 for evacuation
[2025-08-01T03:48:16.765+0000] GC(394)   Pre Evacuate Collection Set: 1.3ms
[2025-08-01T03:48:16.765+0000] GC(394)   Merge Heap Roots: 0.4ms
[2025-08-01T03:48:16.765+0000] GC(394)   Evacuate Collection Set: 134.1ms
[2025-08-01T03:48:16.765+0000] GC(394)   Post Evacuate Collection Set: 2.0ms
[2025-08-01T03:48:16.765+0000] GC(394)   Other: 0.6ms
[2025-08-01T03:48:16.765+0000] GC(394) Eden regions: 208->0(160)
[2025-08-01T03:48:16.765+0000] GC(394) Survivor regions: 44->32(32)
[2025-08-01T03:48:16.765+0000] GC(394) Old regions: 1343->1516
[2025-08-01T03:48:16.765+0000] GC(394) Humongous regions: 0->0
[2025-08-01T03:48:16.765+0000] GC(394) Metaspace: 10593K(10816K)->10593K(10816K) NonClass: 9335K(9472K)->9335K(9472K) Class: 1258K(1344K)->1258K(1344K)
[2025-08-01T03:48:16.766+0000] GC(394) Pause Young (Concurrent Start) (G1 Evacuation Pause) 3189M->3095M(4096M) 138.726ms
[2025-08-01T03:48:16.766+0000] GC(394) User=1.01s Sys=0.04s Real=0.14s
[2025-08-01T03:48:16.766+0000] GC(395) Concurrent Mark Cycle
[2025-08-01T03:48:16.766+0000] GC(395) Concurrent Scan Root Regions
[2025-08-01T03:48:16.813+0000] GC(395) Concurrent Scan Root Regions 47.677ms
[2025-08-01T03:48:16.813+0000] GC(395) Concurrent Mark
[2025-08-01T03:48:16.813+0000] GC(395) Concurrent Mark From Roots
[2025-08-01T03:48:16.813+0000] GC(395) Using 2 workers of 2 for marking
[2025-08-01T03:48:16.843+0000] GC(396) Pause Young (Normal) (G1 Evacuation Pause)
[2025-08-01T03:48:16.843+0000] GC(396) Using 8 workers of 8 for evacuation
[2025-08-01T03:48:16.886+0000] GC(396)   Pre Evacuate Collection Set: 0.5ms
[2025-08-01T03:48:16.886+0000] GC(396)   Merge Heap Roots: 0.2ms
[2025-08-01T03:48:16.886+0000] GC(396)   Evacuate Collection Set: 40.4ms
[2025-08-01T03:48:16.886+0000] GC(396)   Post Evacuate Collection Set: 2.2ms
[2025-08-01T03:48:16.886+0000] GC(396)   Other: 0.1ms
[2025-08-01T03:48:16.886+0000] GC(396) Eden regions: 160->0(139)
[2025-08-01T03:48:16.886+0000] GC(396) Survivor regions: 32->24(24)
[2025-08-01T03:48:16.886+0000] GC(396) Old regions: 1516->1600
[2025-08-01T03:48:16.886+0000] GC(396) Humongous regions: 0->0
[2025-08-01T03:48:16.886+0000] GC(396) Metaspace: 10593K(10816K)->10593K(10816K) NonClass: 9335K(9472K)->9335K(9472K) Class: 1258K(1344K)->1258K(1344K)
[2025-08-01T03:48:16.887+0000] GC(396) Pause Young (Normal) (G1 Evacuation Pause) 3415M->3247M(4096M) 43.614ms
[2025-08-01T03:48:16.887+0000] GC(396) User=0.30s Sys=0.01s Real=0.04s
[2025-08-01T03:48:16.912+0000] GC(397) Pause Young (Normal) (G1 Evacuation Pause)
[2025-08-01T03:48:16.913+0000] GC(397) Using 8 workers of 8 for evacuation
[2025-08-01T03:48:16.972+0000] GC(397)   Pre Evacuate Collection Set: 0.7ms
[2025-08-01T03:48:16.972+0000] GC(397)   Merge Heap Roots: 0.1ms
[2025-08-01T03:48:16.972+0000] GC(397)   Evacuate Collection Set: 57.9ms
[2025-08-01T03:48:16.972+0000] GC(397)   Post Evacuate Collection Set: 1.1ms
[2025-08-01T03:48:16.972+0000] GC(397)   Other: 0.1ms
[2025-08-01T03:48:16.973+0000] GC(397) Eden regions: 139->0(88)
[2025-08-01T03:48:16.973+0000] GC(397) Survivor regions: 24->21(21)
[2025-08-01T03:48:16.973+0000] GC(397) Old regions: 1600->1744
[2025-08-01T03:48:16.973+0000] GC(397) Humongous regions: 0->0
[2025-08-01T03:48:16.973+0000] GC(397) Metaspace: 10593K(10816K)->10593K(10816K) NonClass: 9335K(9472K)->9335K(9472K) Class: 1258K(1344K)->1258K(1344K)
[2025-08-01T03:48:16.973+0000] GC(397) Pause Young (Normal) (G1 Evacuation Pause) 3525M->3529M(4096M) 60.189ms
[2025-08-01T03:48:16.973+0000] GC(397) User=0.45s Sys=0.02s Real=0.06s
[2025-08-01T03:48:17.032+0000] GC(398) Pause Young (Normal) (G1 Evacuation Pause)
[2025-08-01T03:48:17.032+0000] GC(398) Using 8 workers of 8 for evacuation
[2025-08-01T03:48:17.075+0000] GC(398)   Pre Evacuate Collection Set: 0.7ms
[2025-08-01T03:48:17.075+0000] GC(398)   Merge Heap Roots: 0.1ms
[2025-08-01T03:48:17.075+0000] GC(398)   Evacuate Collection Set: 42.0ms
[2025-08-01T03:48:17.075+0000] GC(398)   Post Evacuate Collection Set: 0.6ms
[2025-08-01T03:48:17.075+0000] GC(398)   Other: 0.1ms
[2025-08-01T03:48:17.075+0000] GC(398) Eden regions: 88->0(88)
[2025-08-01T03:48:17.075+0000] GC(398) Survivor regions: 21->14(14)
[2025-08-01T03:48:17.075+0000] GC(398) Old regions: 1744->1841
[2025-08-01T03:48:17.075+0000] GC(398) Humongous regions: 0->0
[2025-08-01T03:48:17.075+0000] GC(398) Metaspace: 10593K(10816K)->10593K(10816K) NonClass: 9335K(9472K)->9335K(9472K) Class: 1258K(1344K)->1258K(1344K)
[2025-08-01T03:48:17.075+0000] GC(398) Pause Young (Normal) (G1 Evacuation Pause) 3705M->3708M(4096M) 43.769ms
[2025-08-01T03:48:17.075+0000] GC(398) User=0.32s Sys=0.01s Real=0.05s
[2025-08-01T03:48:17.076+0000] GC(395) Concurrent Mark From Roots 263.003ms
[2025-08-01T03:48:17.077+0000] GC(395) Concurrent Preclean
[2025-08-01T03:48:17.077+0000] GC(395) Concurrent Preclean 0.028ms
[2025-08-01T03:48:17.077+0000] GC(395) Pause Remark
[2025-08-01T03:48:17.080+0000] GC(395) Pause Remark 3722M->1914M(4096M) 2.943ms
[2025-08-01T03:48:17.080+0000] GC(395) User=0.01s Sys=0.01s Real=0.00s
[2025-08-01T03:48:17.080+0000] GC(395) Concurrent Mark 266.460ms
[2025-08-01T03:48:17.080+0000] GC(395) Concurrent Rebuild Remembered Sets and Scrub Regions
[2025-08-01T03:48:17.097+0000] GC(399) Pause Young (Normal) (G1 Evacuation Pause)
[2025-08-01T03:48:17.097+0000] GC(399) Using 8 workers of 8 for evacuation
[2025-08-01T03:48:17.130+0000] GC(399)   Pre Evacuate Collection Set: 0.8ms
[2025-08-01T03:48:17.130+0000] GC(399)   Merge Heap Roots: 0.2ms
[2025-08-01T03:48:17.130+0000] GC(399)   Evacuate Collection Set: 31.4ms
[2025-08-01T03:48:17.130+0000] GC(399)   Post Evacuate Collection Set: 0.8ms
[2025-08-01T03:48:17.130+0000] GC(399)   Other: 0.1ms
[2025-08-01T03:48:17.130+0000] GC(399) Eden regions: 88->0(327)
[2025-08-01T03:48:17.130+0000] GC(399) Survivor regions: 14->13(13)
[2025-08-01T03:48:17.130+0000] GC(399) Old regions: 937->1027
[2025-08-01T03:48:17.130+0000] GC(399) Humongous regions: 0->0
[2025-08-01T03:48:17.130+0000] GC(399) Metaspace: 10593K(10816K)->10593K(10816K) NonClass: 9335K(9472K)->9335K(9472K) Class: 1258K(1344K)->1258K(1344K)
[2025-08-01T03:48:17.130+0000] GC(399) Pause Young (Normal) (G1 Evacuation Pause) 2076M->2079M(4096M) 33.628ms
[2025-08-01T03:48:17.130+0000] GC(399) User=0.25s Sys=0.00s Real=0.03s
[2025-08-01T03:48:17.282+0000] GC(400) Pause Young (Normal) (G1 Evacuation Pause)
[2025-08-01T03:48:17.282+0000] GC(400) Using 8 workers of 8 for evacuation
[2025-08-01T03:48:17.383+0000] GC(400)   Pre Evacuate Collection Set: 0.9ms
[2025-08-01T03:48:17.383+0000] GC(400)   Merge Heap Roots: 0.3ms
[2025-08-01T03:48:17.383+0000] GC(400)   Evacuate Collection Set: 99.1ms
[2025-08-01T03:48:17.383+0000] GC(400)   Post Evacuate Collection Set: 1.1ms
[2025-08-01T03:48:17.383+0000] GC(400)   Other: 0.1ms
[2025-08-01T03:48:17.383+0000] GC(400) Eden regions: 327->0(222)
[2025-08-01T03:48:17.383+0000] GC(400) Survivor regions: 13->43(43)
[2025-08-01T03:48:17.383+0000] GC(400) Old regions: 1027->1300
[2025-08-01T03:48:17.383+0000] GC(400) Humongous regions: 0->0
[2025-08-01T03:48:17.383+0000] GC(400) Metaspace: 10593K(10816K)->10593K(10816K) NonClass: 9335K(9472K)->9335K(9472K) Class: 1258K(1344K)->1258K(1344K)
[2025-08-01T03:48:17.383+0000] GC(400) Pause Young (Normal) (G1 Evacuation Pause) 2733M->2685M(4096M) 101.843ms
[2025-08-01T03:48:17.383+0000] GC(400) User=0.79s Sys=0.00s Real=0.11s
[2025-08-01T03:48:17.412+0000] GC(395) Concurrent Rebuild Remembered Sets and Scrub Regions 332.398ms
[2025-08-01T03:48:17.412+0000] GC(395) Pause Cleanup
[2025-08-01T03:48:17.415+0000] GC(395) Pause Cleanup 2904M->2904M(4096M) 2.289ms
[2025-08-01T03:48:17.415+0000] GC(395) User=0.00s Sys=0.00s Real=0.01s
[2025-08-01T03:48:17.415+0000] GC(395) Concurrent Clear Claimed Marks
[2025-08-01T03:48:17.415+0000] GC(395) Concurrent Clear Claimed Marks 0.045ms
[2025-08-01T03:48:17.415+0000] GC(395) Concurrent Cleanup for Next Mark
[2025-08-01T03:48:17.422+0000] GC(395) Concurrent Cleanup for Next Mark 7.125ms
[2025-08-01T03:48:17.422+0000] GC(395) Concurrent Mark Cycle 656.707ms
[2025-08-01T03:48:17.469+0000] GC(401) Pause Young (Prepare Mixed) (G1 Evacuation Pause)
[2025-08-01T03:48:17.469+0000] GC(401) Using 8 workers of 8 for evacuation
[2025-08-01T03:48:17.548+0000] GC(401)   Pre Evacuate Collection Set: 1.0ms
[2025-08-01T03:48:17.548+0000] GC(401)   Merge Heap Roots: 0.3ms
[2025-08-01T03:48:17.548+0000] GC(401)   Evacuate Collection Set: 76.0ms
[2025-08-01T03:48:17.548+0000] GC(401)   Post Evacuate Collection Set: 1.3ms
[2025-08-01T03:48:17.548+0000] GC(401)   Other: 0.1ms
[2025-08-01T03:48:17.548+0000] GC(401) Eden regions: 222->0(171)
[2025-08-01T03:48:17.548+0000] GC(401) Survivor regions: 43->34(34)
[2025-08-01T03:48:17.548+0000] GC(401) Old regions: 1300->1474
[2025-08-01T03:48:17.548+0000] GC(401) Humongous regions: 0->0
[2025-08-01T03:48:17.548+0000] GC(401) Metaspace: 10593K(10816K)->10593K(10816K) NonClass: 9335K(9472K)->9335K(9472K) Class: 1258K(1344K)->1258K(1344K)
[2025-08-01T03:48:17.548+0000] GC(401) Pause Young (Prepare Mixed) (G1 Evacuation Pause) 3129M->3014M(4096M) 79.142ms
[2025-08-01T03:48:17.548+0000] GC(401) User=0.59s Sys=0.01s Real=0.08s
[2025-08-01T03:48:17.625+0000] GC(402) Pause Young (Mixed) (G1 Evacuation Pause)
[2025-08-01T03:48:17.625+0000] GC(402) Using 8 workers of 8 for evacuation
[2025-08-01T03:48:17.715+0000] GC(402)   Pre Evacuate Collection Set: 1.2ms
[2025-08-01T03:48:17.715+0000] GC(402)   Merge Heap Roots: 0.4ms
[2025-08-01T03:48:17.715+0000] GC(402)   Evacuate Collection Set: 86.9ms
[2025-08-01T03:48:17.715+0000] GC(402)   Post Evacuate Collection Set: 1.2ms
[2025-08-01T03:48:17.715+0000] GC(402)   Other: 0.1ms
[2025-08-01T03:48:17.715+0000] GC(402) Eden regions: 171->0(146)
[2025-08-01T03:48:17.715+0000] GC(402) Survivor regions: 34->26(26)
[2025-08-01T03:48:17.715+0000] GC(402) Old regions: 1474->1562
[2025-08-01T03:48:17.715+0000] GC(402) Humongous regions: 0->0
[2025-08-01T03:48:17.715+0000] GC(402) Metaspace: 10593K(10816K)->10593K(10816K) NonClass: 9335K(9472K)->9335K(9472K) Class: 1258K(1344K)->1258K(1344K)
[2025-08-01T03:48:17.716+0000] GC(402) Pause Young (Mixed) (G1 Evacuation Pause) 3356M->3174M(4096M) 90.130ms
[2025-08-01T03:48:17.716+0000] GC(402) User=0.65s Sys=0.03s Real=0.09s
[2025-08-01T03:48:17.789+0000] GC(403) Pause Young (Concurrent Start) (G1 Evacuation Pause)
[2025-08-01T03:48:17.789+0000] GC(403) Using 8 workers of 8 for evacuation
[2025-08-01T03:48:17.888+0000] GC(403)   Pre Evacuate Collection Set: 2.6ms
[2025-08-01T03:48:17.888+0000] GC(403)   Merge Heap Roots: 0.2ms
[2025-08-01T03:48:17.888+0000] GC(403)   Evacuate Collection Set: 94.2ms
[2025-08-01T03:48:17.888+0000] GC(403)   Post Evacuate Collection Set: 1.5ms
[2025-08-01T03:48:17.888+0000] GC(403)   Other: 0.3ms
[2025-08-01T03:48:17.888+0000] GC(403) Eden regions: 146->0(97)
[2025-08-01T03:48:17.888+0000] GC(403) Survivor regions: 26->22(22)
[2025-08-01T03:48:17.888+0000] GC(403) Old regions: 1562->1714
[2025-08-01T03:48:17.888+0000] GC(403) Humongous regions: 0->0
[2025-08-01T03:48:17.888+0000] GC(403) Metaspace: 10593K(10816K)->10593K(10816K) NonClass: 9335K(9472K)->9335K(9472K) Class: 1258K(1344K)->1258K(1344K)
[2025-08-01T03:48:17.888+0000] GC(403) Pause Young (Concurrent Start) (G1 Evacuation Pause) 3466M->3470M(4096M) 99.182ms
[2025-08-01T03:48:17.889+0000] GC(403) User=0.70s Sys=0.04s Real=0.10s
[2025-08-01T03:48:17.889+0000] GC(404) Concurrent Mark Cycle
[2025-08-01T03:48:17.889+0000] GC(404) Concurrent Scan Root Regions
[2025-08-01T03:48:17.927+0000] GC(405) Pause Young (Normal) (G1 Evacuation Pause)
[2025-08-01T03:48:17.927+0000] GC(405) Using 8 workers of 8 for evacuation
[2025-08-01T03:48:17.944+0000] GC(404) Concurrent Scan Root Regions 55.127ms
[2025-08-01T03:48:17.944+0000] GC(404) Concurrent Mark
[2025-08-01T03:48:17.944+0000] GC(404) Concurrent Mark From Roots
[2025-08-01T03:48:17.944+0000] GC(404) Using 2 workers of 2 for marking
[2025-08-01T03:48:17.995+0000] GC(405)   Pre Evacuate Collection Set: 0.7ms
[2025-08-01T03:48:17.995+0000] GC(405)   Merge Heap Roots: 0.3ms
[2025-08-01T03:48:17.995+0000] GC(405)   Evacuate Collection Set: 49.5ms
[2025-08-01T03:48:17.995+0000] GC(405)   Post Evacuate Collection Set: 0.7ms
[2025-08-01T03:48:17.995+0000] GC(405)   Other: 0.1ms
[2025-08-01T03:48:17.995+0000] GC(405) Eden regions: 97->0(87)
[2025-08-01T03:48:17.995+0000] GC(405) Survivor regions: 22->15(15)
[2025-08-01T03:48:17.995+0000] GC(405) Old regions: 1714->1819
[2025-08-01T03:48:17.995+0000] GC(405) Humongous regions: 0->0
[2025-08-01T03:48:17.995+0000] GC(405) Metaspace: 10593K(10816K)->10593K(10816K) NonClass: 9335K(9472K)->9335K(9472K) Class: 1258K(1344K)->1258K(1344K)
[2025-08-01T03:48:17.995+0000] GC(405) Pause Young (Normal) (G1 Evacuation Pause) 3664M->3667M(4096M) 68.250ms
[2025-08-01T03:48:17.996+0000] GC(405) User=0.40s Sys=0.01s Real=0.07s
[2025-08-01T03:48:18.060+0000] GC(406) Pause Young (Normal) (G1 Evacuation Pause)
[2025-08-01T03:48:18.060+0000] GC(406) Using 8 workers of 8 for evacuation
[2025-08-01T03:48:18.094+0000] GC(406)   Pre Evacuate Collection Set: 1.3ms
[2025-08-01T03:48:18.094+0000] GC(406)   Merge Heap Roots: 0.3ms
[2025-08-01T03:48:18.094+0000] GC(406)   Evacuate Collection Set: 30.5ms
[2025-08-01T03:48:18.094+0000] GC(406)   Post Evacuate Collection Set: 1.0ms
[2025-08-01T03:48:18.094+0000] GC(406)   Other: 0.1ms
[2025-08-01T03:48:18.094+0000] GC(406) Eden regions: 87->0(89)
[2025-08-01T03:48:18.094+0000] GC(406) Survivor regions: 15->13(13)
[2025-08-01T03:48:18.094+0000] GC(406) Old regions: 1819->1895
[2025-08-01T03:48:18.094+0000] GC(406) Humongous regions: 0->0
[2025-08-01T03:48:18.094+0000] GC(406) Metaspace: 10593K(10816K)->10593K(10816K) NonClass: 9335K(9472K)->9335K(9472K) Class: 1258K(1344K)->1258K(1344K)
[2025-08-01T03:48:18.094+0000] GC(406) Pause Young (Normal) (G1 Evacuation Pause) 3841M->3814M(4096M) 33.624ms
[2025-08-01T03:48:18.094+0000] GC(406) User=0.23s Sys=0.00s Real=0.04s
[2025-08-01T03:48:18.111+0000] GC(407) Pause Young (Normal) (G1 Evacuation Pause)
[2025-08-01T03:48:18.111+0000] GC(407) Using 8 workers of 8 for evacuation
[2025-08-01T03:48:18.141+0000] GC(407)   Pre Evacuate Collection Set: 0.7ms
[2025-08-01T03:48:18.141+0000] GC(407)   Merge Heap Roots: 0.1ms
[2025-08-01T03:48:18.141+0000] GC(407)   Evacuate Collection Set: 24.6ms
[2025-08-01T03:48:18.141+0000] GC(407)   Post Evacuate Collection Set: 5.1ms
[2025-08-01T03:48:18.141+0000] GC(407)   Other: 0.1ms
[2025-08-01T03:48:18.141+0000] GC(407) Eden regions: 89->0(0)
[2025-08-01T03:48:18.141+0000] GC(407) Survivor regions: 13->13(13)
[2025-08-01T03:48:18.141+0000] GC(407) Old regions: 1895->2022
[2025-08-01T03:48:18.141+0000] GC(407) Humongous regions: 0->0
[2025-08-01T03:48:18.141+0000] GC(407) Metaspace: 10593K(10816K)->10593K(10816K) NonClass: 9335K(9472K)->9335K(9472K) Class: 1258K(1344K)->1258K(1344K)
[2025-08-01T03:48:18.141+0000] GC(407) Pause Young (Normal) (G1 Evacuation Pause) (Evacuation Failure) 3992M->4069M(4096M) 30.873ms
[2025-08-01T03:48:18.141+0000] GC(407) User=0.23s Sys=0.00s Real=0.03s
[2025-08-01T03:48:18.142+0000] Attempting full compaction
[2025-08-01T03:48:18.142+0000] GC(408) Pause Full (G1 Compaction Pause)
[2025-08-01T03:48:18.142+0000] GC(408) Using 8 workers of 8 for full compaction
[2025-08-01T03:48:18.149+0000] GC(408) Phase 1: Mark live objects
[2025-08-01T03:48:18.194+0000] GC(408) Phase 1: Mark live objects 45.129ms
[2025-08-01T03:48:18.194+0000] GC(408) Phase 2: Prepare compaction
[2025-08-01T03:48:18.208+0000] GC(408) Phase 2: Prepare compaction 14.155ms
[2025-08-01T03:48:18.208+0000] GC(408) Phase 3: Adjust pointers
[2025-08-01T03:48:18.244+0000] GC(408) Phase 3: Adjust pointers 36.435ms
[2025-08-01T03:48:18.244+0000] GC(408) Phase 4: Compact heap
[2025-08-01T03:48:18.300+0000] GC(408) Phase 4: Compact heap 55.273ms
[2025-08-01T03:48:18.300+0000] GC(408) Phase 5: Reset Metadata
[2025-08-01T03:48:18.332+0000] GC(408) Phase 5: Reset Metadata 32.325ms
[2025-08-01T03:48:18.340+0000] GC(408) Eden regions: 0->0(482)
[2025-08-01T03:48:18.340+0000] GC(408) Survivor regions: 13->0(13)
[2025-08-01T03:48:18.340+0000] GC(408) Old regions: 2022->535
[2025-08-01T03:48:18.340+0000] GC(408) Humongous regions: 0->0
[2025-08-01T03:48:18.341+0000] GC(408) Metaspace: 10593K(10816K)->10593K(10816K) NonClass: 9335K(9472K)->9335K(9472K) Class: 1258K(1344K)->1258K(1344K)
[2025-08-01T03:48:18.341+0000] GC(408) Pause Full (G1 Compaction Pause) 4069M->1062M(4096M) 199.021ms
[2025-08-01T03:48:18.341+0000] GC(408) User=1.48s Sys=0.00s Real=0.20s
[2025-08-01T03:48:18.341+0000] GC(404) Concurrent Mark From Roots 397.174ms
[2025-08-01T03:48:18.341+0000] GC(404) Concurrent Mark Abort
[2025-08-01T03:48:18.341+0000] GC(404) Concurrent Mark Cycle 452.580ms
[2025-08-01T03:48:18.579+0000] GC(409) Pause Young (Normal) (G1 Evacuation Pause)
[2025-08-01T03:48:18.579+0000] GC(409) Using 8 workers of 8 for evacuation
[2025-08-01T03:48:18.816+0000] GC(409) MMU target violated: 201.0ms (200.0ms/201.0ms)
[2025-08-01T03:48:18.816+0000] GC(409)   Pre Evacuate Collection Set: 1.1ms
[2025-08-01T03:48:18.816+0000] GC(409)   Merge Heap Roots: 0.4ms
[2025-08-01T03:48:18.816+0000] GC(409)   Evacuate Collection Set: 232.7ms
[2025-08-01T03:48:18.816+0000] GC(409)   Post Evacuate Collection Set: 2.4ms
[2025-08-01T03:48:18.816+0000] GC(409)   Other: 0.3ms
[2025-08-01T03:48:18.816+0000] GC(409) Eden regions: 482->0(350)
[2025-08-01T03:48:18.816+0000] GC(409) Survivor regions: 0->61(61)
[2025-08-01T03:48:18.816+0000] GC(409) Old regions: 535->764
[2025-08-01T03:48:18.816+0000] GC(409) Humongous regions: 0->0
[2025-08-01T03:48:18.816+0000] GC(409) Metaspace: 10593K(10816K)->10593K(10816K) NonClass: 9335K(9472K)->9335K(9472K) Class: 1258K(1344K)->1258K(1344K)
[2025-08-01T03:48:18.817+0000] GC(409) Pause Young (Normal) (G1 Evacuation Pause) 2026M->1642M(4096M) 237.265ms
[2025-08-01T03:48:18.817+0000] GC(409) User=1.61s Sys=0.11s Real=0.24s
[2025-08-01T03:48:18.979+0000] GC(410) Pause Young (Concurrent Start) (G1 Evacuation Pause)
[2025-08-01T03:48:18.979+0000] GC(410) Using 8 workers of 8 for evacuation
[2025-08-01T03:48:19.150+0000] GC(410)   Pre Evacuate Collection Set: 1.0ms
[2025-08-01T03:48:19.150+0000] GC(410)   Merge Heap Roots: 0.4ms
[2025-08-01T03:48:19.150+0000] GC(410)   Evacuate Collection Set: 169.0ms
[2025-08-01T03:48:19.150+0000] GC(410)   Post Evacuate Collection Set: 1.0ms
[2025-08-01T03:48:19.150+0000] GC(410)   Other: 0.2ms
[2025-08-01T03:48:19.150+0000] GC(410) Eden regions: 348->0(308)
[2025-08-01T03:48:19.150+0000] GC(410) Survivor regions: 61->52(52)
[2025-08-01T03:48:19.150+0000] GC(410) Old regions: 764->1031
[2025-08-01T03:48:19.150+0000] GC(410) Humongous regions: 0->0
[2025-08-01T03:48:19.150+0000] GC(410) Metaspace: 10593K(10816K)->10593K(10816K) NonClass: 9335K(9472K)->9335K(9472K) Class: 1258K(1344K)->1258K(1344K)
[2025-08-01T03:48:19.150+0000] GC(410) Pause Young (Concurrent Start) (G1 Evacuation Pause) 2338M->2157M(4096M) 171.930ms
[2025-08-01T03:48:19.150+0000] GC(410) User=1.26s Sys=0.06s Real=0.17s
[2025-08-01T03:48:19.151+0000] GC(411) Concurrent Mark Cycle
[2025-08-01T03:48:19.151+0000] GC(411) Concurrent Scan Root Regions
[2025-08-01T03:48:19.210+0000] GC(411) Concurrent Scan Root Regions 59.186ms
[2025-08-01T03:48:19.210+0000] GC(411) Concurrent Mark
[2025-08-01T03:48:19.210+0000] GC(411) Concurrent Mark From Roots
[2025-08-01T03:48:19.210+0000] GC(411) Using 2 workers of 2 for marking
[2025-08-01T03:48:19.258+0000] GC(412) Pause Young (Normal) (G1 Evacuation Pause)
[2025-08-01T03:48:19.258+0000] GC(412) Using 8 workers of 8 for evacuation
[2025-08-01T03:48:19.333+0000] GC(412)   Pre Evacuate Collection Set: 0.9ms
[2025-08-01T03:48:19.333+0000] GC(412)   Merge Heap Roots: 0.2ms
[2025-08-01T03:48:19.333+0000] GC(412)   Evacuate Collection Set: 72.5ms
[2025-08-01T03:48:19.333+0000] GC(412)   Post Evacuate Collection Set: 0.9ms
[2025-08-01T03:48:19.333+0000] GC(412)   Other: 0.2ms
[2025-08-01T03:48:19.333+0000] GC(412) Eden regions: 307->0(272)
[2025-08-01T03:48:19.333+0000] GC(412) Survivor regions: 52->45(45)
[2025-08-01T03:48:19.333+0000] GC(412) Old regions: 1031->1201
[2025-08-01T03:48:19.333+0000] GC(412) Humongous regions: 0->0
[2025-08-01T03:48:19.333+0000] GC(412) Metaspace: 10593K(10816K)->10593K(10816K) NonClass: 9335K(9472K)->9335K(9472K) Class: 1258K(1344K)->1258K(1344K)
[2025-08-01T03:48:19.333+0000] GC(412) Pause Young (Normal) (G1 Evacuation Pause) 2771M->2484M(4096M) 74.853ms
[2025-08-01T03:48:19.333+0000] GC(412) User=0.57s Sys=0.01s Real=0.08s
[2025-08-01T03:48:19.352+0000] GC(411) Concurrent Mark From Roots 141.810ms
[2025-08-01T03:48:19.352+0000] GC(411) Concurrent Preclean
[2025-08-01T03:48:19.352+0000] GC(411) Concurrent Preclean 0.029ms
[2025-08-01T03:48:19.353+0000] GC(411) Pause Remark
[2025-08-01T03:48:19.356+0000] GC(411) Pause Remark 2592M->1511M(4096M) 3.023ms
[2025-08-01T03:48:19.356+0000] GC(411) User=0.01s Sys=0.01s Real=0.00s
[2025-08-01T03:48:19.356+0000] GC(411) Concurrent Mark 146.275ms
[2025-08-01T03:48:19.356+0000] GC(411) Concurrent Rebuild Remembered Sets and Scrub Regions
[2025-08-01T03:48:19.469+0000] GC(413) Pause Young (Normal) (G1 Evacuation Pause)
[2025-08-01T03:48:19.469+0000] GC(413) Using 8 workers of 8 for evacuation
[2025-08-01T03:48:19.561+0000] GC(413)   Pre Evacuate Collection Set: 0.8ms
[2025-08-01T03:48:19.561+0000] GC(413)   Merge Heap Roots: 0.3ms
[2025-08-01T03:48:19.561+0000] GC(413)   Evacuate Collection Set: 89.3ms
[2025-08-01T03:48:19.561+0000] GC(413)   Post Evacuate Collection Set: 1.2ms
[2025-08-01T03:48:19.561+0000] GC(413)   Other: 0.1ms
[2025-08-01T03:48:19.561+0000] GC(413) Eden regions: 272->0(387)
[2025-08-01T03:48:19.561+0000] GC(413) Survivor regions: 45->40(40)
[2025-08-01T03:48:19.561+0000] GC(413) Old regions: 657->863
[2025-08-01T03:48:19.561+0000] GC(413) Humongous regions: 0->0
[2025-08-01T03:48:19.561+0000] GC(413) Metaspace: 10593K(10816K)->10593K(10816K) NonClass: 9335K(9472K)->9335K(9472K) Class: 1258K(1344K)->1258K(1344K)
[2025-08-01T03:48:19.561+0000] GC(413) Pause Young (Normal) (G1 Evacuation Pause) 1947M->1805M(4096M) 91.990ms
[2025-08-01T03:48:19.561+0000] GC(413) User=0.66s Sys=0.01s Real=0.09s
[2025-08-01T03:48:19.587+0000] GC(411) Concurrent Rebuild Remembered Sets and Scrub Regions 230.495ms
[2025-08-01T03:48:19.587+0000] GC(411) Pause Cleanup
[2025-08-01T03:48:19.588+0000] GC(411) Pause Cleanup 2077M->2077M(4096M) 0.850ms
[2025-08-01T03:48:19.588+0000] GC(411) User=0.00s Sys=0.00s Real=0.00s
[2025-08-01T03:48:19.588+0000] GC(411) Concurrent Clear Claimed Marks
[2025-08-01T03:48:19.588+0000] GC(411) Concurrent Clear Claimed Marks 0.042ms
[2025-08-01T03:48:19.588+0000] GC(411) Concurrent Cleanup for Next Mark
[2025-08-01T03:48:19.597+0000] GC(411) Concurrent Cleanup for Next Mark 8.529ms
[2025-08-01T03:48:19.597+0000] GC(411) Concurrent Mark Cycle 446.263ms
[2025-08-01T03:48:19.727+0000] GC(414) Pause Young (Prepare Mixed) (G1 Evacuation Pause)
[2025-08-01T03:48:19.728+0000] GC(414) Using 8 workers of 8 for evacuation
[2025-08-01T03:48:19.864+0000] GC(414)   Pre Evacuate Collection Set: 0.7ms
[2025-08-01T03:48:19.864+0000] GC(414)   Merge Heap Roots: 0.3ms
[2025-08-01T03:48:19.864+0000] GC(414)   Evacuate Collection Set: 134.3ms
[2025-08-01T03:48:19.864+0000] GC(414)   Post Evacuate Collection Set: 1.3ms
[2025-08-01T03:48:19.864+0000] GC(414)   Other: 0.1ms
[2025-08-01T03:48:19.864+0000] GC(414) Eden regions: 387->0(278)
[2025-08-01T03:48:19.864+0000] GC(414) Survivor regions: 40->54(54)
[2025-08-01T03:48:19.864+0000] GC(414) Old regions: 863->1159
[2025-08-01T03:48:19.864+0000] GC(414) Humongous regions: 0->0
[2025-08-01T03:48:19.864+0000] GC(414) Metaspace: 10593K(10816K)->10593K(10816K) NonClass: 9335K(9472K)->9335K(9472K) Class: 1258K(1344K)->1258K(1344K)
[2025-08-01T03:48:19.864+0000] GC(414) Pause Young (Prepare Mixed) (G1 Evacuation Pause) 2579M->2424M(4096M) 136.998ms
[2025-08-01T03:48:19.864+0000] GC(414) User=0.97s Sys=0.05s Real=0.14s
[2025-08-01T03:48:19.960+0000] GC(415) Pause Young (Mixed) (G1 Evacuation Pause)
[2025-08-01T03:48:19.960+0000] GC(415) Using 8 workers of 8 for evacuation
[2025-08-01T03:48:20.114+0000] GC(415)   Pre Evacuate Collection Set: 0.9ms
[2025-08-01T03:48:20.115+0000] GC(415)   Merge Heap Roots: 0.3ms
[2025-08-01T03:48:20.115+0000] GC(415)   Evacuate Collection Set: 152.0ms
[2025-08-01T03:48:20.115+0000] GC(415)   Post Evacuate Collection Set: 1.1ms
[2025-08-01T03:48:20.115+0000] GC(415)   Other: 0.1ms
[2025-08-01T03:48:20.115+0000] GC(415) Eden regions: 278->0(214)
[2025-08-01T03:48:20.115+0000] GC(415) Survivor regions: 54->42(42)
[2025-08-01T03:48:20.115+0000] GC(415) Old regions: 1159->1357
[2025-08-01T03:48:20.115+0000] GC(415) Humongous regions: 0->0
[2025-08-01T03:48:20.115+0000] GC(415) Metaspace: 10593K(10816K)->10593K(10816K) NonClass: 9335K(9472K)->9335K(9472K) Class: 1258K(1344K)->1258K(1344K)
[2025-08-01T03:48:20.115+0000] GC(415) Pause Young (Mixed) (G1 Evacuation Pause) 2980M->2797M(4096M) 154.737ms
[2025-08-01T03:48:20.115+0000] GC(415) User=1.16s Sys=0.04s Real=0.16s
[2025-08-01T03:48:20.196+0000] GC(416) Pause Young (Concurrent Start) (G1 Evacuation Pause)
[2025-08-01T03:48:20.196+0000] GC(416) Using 8 workers of 8 for evacuation
[2025-08-01T03:48:20.276+0000] GC(416)   Pre Evacuate Collection Set: 0.6ms
[2025-08-01T03:48:20.277+0000] GC(416)   Merge Heap Roots: 0.2ms
[2025-08-01T03:48:20.277+0000] GC(416)   Evacuate Collection Set: 78.3ms
[2025-08-01T03:48:20.277+0000] GC(416)   Post Evacuate Collection Set: 1.2ms
[2025-08-01T03:48:20.277+0000] GC(416)   Other: 0.2ms
[2025-08-01T03:48:20.277+0000] GC(416) Eden regions: 214->0(135)
[2025-08-01T03:48:20.277+0000] GC(416) Survivor regions: 42->32(32)
[2025-08-01T03:48:20.277+0000] GC(416) Old regions: 1357->1583
[2025-08-01T03:48:20.277+0000] GC(416) Humongous regions: 0->0
[2025-08-01T03:48:20.277+0000] GC(416) Metaspace: 10593K(10816K)->10593K(10816K) NonClass: 9335K(9472K)->9335K(9472K) Class: 1258K(1344K)->1258K(1344K)
[2025-08-01T03:48:20.277+0000] GC(416) Pause Young (Concurrent Start) (G1 Evacuation Pause) 3225M->3228M(4096M) 80.751ms
[2025-08-01T03:48:20.277+0000] GC(416) User=0.60s Sys=0.01s Real=0.08s
[2025-08-01T03:48:20.277+0000] GC(417) Concurrent Mark Cycle
[2025-08-01T03:48:20.277+0000] GC(417) Concurrent Scan Root Regions
[2025-08-01T03:48:20.329+0000] GC(417) Concurrent Scan Root Regions 52.277ms
[2025-08-01T03:48:20.329+0000] GC(417) Concurrent Mark
[2025-08-01T03:48:20.329+0000] GC(417) Concurrent Mark From Roots
[2025-08-01T03:48:20.329+0000] GC(417) Using 2 workers of 2 for marking
[2025-08-01T03:48:20.346+0000] GC(418) Pause Young (Normal) (G1 Evacuation Pause)
[2025-08-01T03:48:20.346+0000] GC(418) Using 8 workers of 8 for evacuation
[2025-08-01T03:48:20.405+0000] GC(418)   Pre Evacuate Collection Set: 0.9ms
[2025-08-01T03:48:20.405+0000] GC(418)   Merge Heap Roots: 0.2ms
[2025-08-01T03:48:20.405+0000] GC(418)   Evacuate Collection Set: 57.7ms
[2025-08-01T03:48:20.405+0000] GC(418)   Post Evacuate Collection Set: 0.6ms
[2025-08-01T03:48:20.405+0000] GC(418)   Other: 0.1ms
[2025-08-01T03:48:20.405+0000] GC(418) Eden regions: 135->0(98)
[2025-08-01T03:48:20.405+0000] GC(418) Survivor regions: 32->21(21)
[2025-08-01T03:48:20.406+0000] GC(418) Old regions: 1583->1709
[2025-08-01T03:48:20.406+0000] GC(418) Humongous regions: 0->0
[2025-08-01T03:48:20.406+0000] GC(418) Metaspace: 10593K(10816K)->10593K(10816K) NonClass: 9335K(9472K)->9335K(9472K) Class: 1258K(1344K)->1258K(1344K)
[2025-08-01T03:48:20.406+0000] GC(418) Pause Young (Normal) (G1 Evacuation Pause) 3498M->3459M(4096M) 59.737ms
[2025-08-01T03:48:20.406+0000] GC(418) User=0.43s Sys=0.02s Real=0.06s
[2025-08-01T03:48:20.426+0000] GC(419) Pause Young (Normal) (G1 Evacuation Pause)
[2025-08-01T03:48:20.427+0000] GC(419) Using 8 workers of 8 for evacuation
[2025-08-01T03:48:20.469+0000] GC(419)   Pre Evacuate Collection Set: 0.9ms
[2025-08-01T03:48:20.470+0000] GC(419)   Merge Heap Roots: 0.2ms
[2025-08-01T03:48:20.470+0000] GC(419)   Evacuate Collection Set: 40.6ms
[2025-08-01T03:48:20.470+0000] GC(419)   Post Evacuate Collection Set: 1.0ms
[2025-08-01T03:48:20.470+0000] GC(419)   Other: 0.2ms
[2025-08-01T03:48:20.470+0000] GC(419) Eden regions: 98->0(87)
[2025-08-01T03:48:20.470+0000] GC(419) Survivor regions: 21->15(15)
[2025-08-01T03:48:20.470+0000] GC(419) Old regions: 1709->1815
[2025-08-01T03:48:20.470+0000] GC(419) Humongous regions: 0->0
[2025-08-01T03:48:20.470+0000] GC(419) Metaspace: 10593K(10816K)->10593K(10816K) NonClass: 9335K(9472K)->9335K(9472K) Class: 1258K(1344K)->1258K(1344K)
[2025-08-01T03:48:20.470+0000] GC(419) Pause Young (Normal) (G1 Evacuation Pause) 3655M->3659M(4096M) 43.259ms
[2025-08-01T03:48:20.470+0000] GC(419) User=0.31s Sys=0.01s Real=0.04s
[2025-08-01T03:48:20.529+0000] GC(420) Pause Young (Normal) (G1 Evacuation Pause)
[2025-08-01T03:48:20.529+0000] GC(420) Using 8 workers of 8 for evacuation
[2025-08-01T03:48:20.564+0000] GC(420)   Pre Evacuate Collection Set: 0.7ms
[2025-08-01T03:48:20.564+0000] GC(420)   Merge Heap Roots: 0.3ms
[2025-08-01T03:48:20.564+0000] GC(420)   Evacuate Collection Set: 33.0ms
[2025-08-01T03:48:20.564+0000] GC(420)   Post Evacuate Collection Set: 0.9ms
[2025-08-01T03:48:20.564+0000] GC(420)   Other: 0.1ms
[2025-08-01T03:48:20.564+0000] GC(420) Eden regions: 87->0(89)
[2025-08-01T03:48:20.564+0000] GC(420) Survivor regions: 15->13(13)
[2025-08-01T03:48:20.564+0000] GC(420) Old regions: 1815->1892
[2025-08-01T03:48:20.564+0000] GC(420) Humongous regions: 0->0
[2025-08-01T03:48:20.564+0000] GC(420) Metaspace: 10593K(10816K)->10593K(10816K) NonClass: 9335K(9472K)->9335K(9472K) Class: 1258K(1344K)->1258K(1344K)
[2025-08-01T03:48:20.564+0000] GC(420) Pause Young (Normal) (G1 Evacuation Pause) 3833M->3809M(4096M) 35.322ms
[2025-08-01T03:48:20.564+0000] GC(420) User=0.26s Sys=0.00s Real=0.04s
[2025-08-01T03:48:20.581+0000] GC(421) Pause Young (Normal) (G1 Evacuation Pause)
[2025-08-01T03:48:20.581+0000] GC(421) Using 8 workers of 8 for evacuation
[2025-08-01T03:48:20.608+0000] GC(421)   Pre Evacuate Collection Set: 1.0ms
[2025-08-01T03:48:20.608+0000] GC(421)   Merge Heap Roots: 0.2ms
[2025-08-01T03:48:20.608+0000] GC(421)   Evacuate Collection Set: 21.5ms
[2025-08-01T03:48:20.608+0000] GC(421)   Post Evacuate Collection Set: 4.4ms
[2025-08-01T03:48:20.608+0000] GC(421)   Other: 0.1ms
[2025-08-01T03:48:20.608+0000] GC(421) Eden regions: 89->0(1)
[2025-08-01T03:48:20.608+0000] GC(421) Survivor regions: 13->13(13)
[2025-08-01T03:48:20.608+0000] GC(421) Old regions: 1892->2021
[2025-08-01T03:48:20.608+0000] GC(421) Humongous regions: 0->0
[2025-08-01T03:48:20.608+0000] GC(421) Metaspace: 10593K(10816K)->10593K(10816K) NonClass: 9335K(9472K)->9335K(9472K) Class: 1258K(1344K)->1258K(1344K)
[2025-08-01T03:48:20.608+0000] GC(421) Pause Young (Normal) (G1 Evacuation Pause) (Evacuation Failure) 3987M->4067M(4096M) 27.568ms
[2025-08-01T03:48:20.608+0000] GC(421) User=0.20s Sys=0.00s Real=0.03s
[2025-08-01T03:48:20.609+0000] GC(422) Pause Young (Normal) (G1 Evacuation Pause)
[2025-08-01T03:48:20.609+0000] GC(422) Using 8 workers of 8 for evacuation
[2025-08-01T03:48:20.616+0000] GC(422)   Pre Evacuate Collection Set: 0.5ms
[2025-08-01T03:48:20.616+0000] GC(422)   Merge Heap Roots: 0.2ms
[2025-08-01T03:48:20.616+0000] GC(422)   Evacuate Collection Set: 4.7ms
[2025-08-01T03:48:20.616+0000] GC(422)   Post Evacuate Collection Set: 1.0ms
[2025-08-01T03:48:20.616+0000] GC(422)   Other: 0.1ms
[2025-08-01T03:48:20.616+0000] GC(422) Eden regions: 1->0(3)
[2025-08-01T03:48:20.616+0000] GC(422) Survivor regions: 13->2(2)
[2025-08-01T03:48:20.616+0000] GC(422) Old regions: 2021->2041
[2025-08-01T03:48:20.616+0000] GC(422) Humongous regions: 0->0
[2025-08-01T03:48:20.616+0000] GC(422) Metaspace: 10593K(10816K)->10593K(10816K) NonClass: 9335K(9472K)->9335K(9472K) Class: 1258K(1344K)->1258K(1344K)
[2025-08-01T03:48:20.616+0000] GC(422) Pause Young (Normal) (G1 Evacuation Pause) (Evacuation Failure) 4069M->4085M(4096M) 6.951ms
[2025-08-01T03:48:20.616+0000] GC(422) User=0.04s Sys=0.00s Real=0.01s
[2025-08-01T03:48:20.617+0000] GC(423) Pause Young (Normal) (G1 Evacuation Pause)
[2025-08-01T03:48:20.617+0000] GC(423) Using 8 workers of 8 for evacuation
[2025-08-01T03:48:20.622+0000] GC(423)   Pre Evacuate Collection Set: 0.7ms
[2025-08-01T03:48:20.622+0000] GC(423)   Merge Heap Roots: 0.5ms
[2025-08-01T03:48:20.622+0000] GC(423)   Evacuate Collection Set: 2.4ms
[2025-08-01T03:48:20.622+0000] GC(423)   Post Evacuate Collection Set: 1.0ms
[2025-08-01T03:48:20.622+0000] GC(423)   Other: 0.1ms
[2025-08-01T03:48:20.622+0000] GC(423) Eden regions: 3->0(0)
[2025-08-01T03:48:20.622+0000] GC(423) Survivor regions: 2->1(1)
[2025-08-01T03:48:20.622+0000] GC(423) Old regions: 2041->2047
[2025-08-01T03:48:20.622+0000] GC(423) Humongous regions: 0->0
[2025-08-01T03:48:20.622+0000] GC(423) Metaspace: 10593K(10816K)->10593K(10816K) NonClass: 9335K(9472K)->9335K(9472K) Class: 1258K(1344K)->1258K(1344K)
[2025-08-01T03:48:20.622+0000] GC(423) Pause Young (Normal) (G1 Evacuation Pause) (Evacuation Failure) 4091M->4095M(4096M) 5.036ms
[2025-08-01T03:48:20.622+0000] GC(423) User=0.01s Sys=0.01s Real=0.00s
[2025-08-01T03:48:20.622+0000] Attempting full compaction
[2025-08-01T03:48:20.622+0000] GC(424) Pause Full (G1 Compaction Pause)
[2025-08-01T03:48:20.622+0000] GC(424) Using 8 workers of 8 for full compaction
[2025-08-01T03:48:20.627+0000] GC(424) Phase 1: Mark live objects
[2025-08-01T03:48:20.679+0000] GC(424) Phase 1: Mark live objects 52.371ms
[2025-08-01T03:48:20.679+0000] GC(424) Phase 2: Prepare compaction
[2025-08-01T03:48:20.699+0000] GC(424) Phase 2: Prepare compaction 19.709ms
[2025-08-01T03:48:20.699+0000] GC(424) Phase 3: Adjust pointers
[2025-08-01T03:48:20.742+0000] GC(424) Phase 3: Adjust pointers 42.634ms
[2025-08-01T03:48:20.742+0000] GC(424) Phase 4: Compact heap
[2025-08-01T03:48:20.804+0000] GC(424) Phase 4: Compact heap 62.306ms
[2025-08-01T03:48:20.804+0000] GC(424) Phase 5: Reset Metadata
[2025-08-01T03:48:20.833+0000] GC(424) Phase 5: Reset Metadata 28.974ms
[2025-08-01T03:48:20.842+0000] GC(424) Eden regions: 0->0(495)
[2025-08-01T03:48:20.842+0000] GC(424) Survivor regions: 1->0(1)
[2025-08-01T03:48:20.842+0000] GC(424) Old regions: 2047->520
[2025-08-01T03:48:20.842+0000] GC(424) Humongous regions: 0->0
[2025-08-01T03:48:20.842+0000] GC(424) Metaspace: 10593K(10816K)->10593K(10816K) NonClass: 9335K(9472K)->9335K(9472K) Class: 1258K(1344K)->1258K(1344K)
[2025-08-01T03:48:20.842+0000] GC(424) Pause Full (G1 Compaction Pause) 4095M->1033M(4096M) 220.026ms
[2025-08-01T03:48:20.842+0000] GC(424) User=1.59s Sys=0.01s Real=0.22s
[2025-08-01T03:48:20.843+0000] GC(417) Concurrent Mark From Roots 513.710ms
[2025-08-01T03:48:20.843+0000] GC(417) Concurrent Mark Abort
[2025-08-01T03:48:20.843+0000] GC(417) Concurrent Mark Cycle 566.158ms
[2025-08-01T03:48:21.088+0000] GC(425) Pause Young (Normal) (G1 Evacuation Pause)
[2025-08-01T03:48:21.088+0000] GC(425) Using 8 workers of 8 for evacuation
[2025-08-01T03:48:21.256+0000] GC(425)   Pre Evacuate Collection Set: 1.1ms
[2025-08-01T03:48:21.256+0000] GC(425)   Merge Heap Roots: 0.2ms
[2025-08-01T03:48:21.256+0000] GC(425)   Evacuate Collection Set: 164.6ms
[2025-08-01T03:48:21.256+0000] GC(425)   Post Evacuate Collection Set: 1.7ms
[2025-08-01T03:48:21.256+0000] GC(425)   Other: 0.1ms
[2025-08-01T03:48:21.256+0000] GC(425) Eden regions: 495->0(354)
[2025-08-01T03:48:21.256+0000] GC(425) Survivor regions: 0->62(62)
[2025-08-01T03:48:21.256+0000] GC(425) Old regions: 520->886
[2025-08-01T03:48:21.256+0000] GC(425) Humongous regions: 0->0
[2025-08-01T03:48:21.256+0000] GC(425) Metaspace: 10593K(10816K)->10593K(10816K) NonClass: 9335K(9472K)->9335K(9472K) Class: 1258K(1344K)->1258K(1344K)
[2025-08-01T03:48:21.256+0000] GC(425) Pause Young (Normal) (G1 Evacuation Pause) 2023M->1888M(4096M) 168.008ms
[2025-08-01T03:48:21.256+0000] GC(425) User=1.29s Sys=0.03s Real=0.17s
[2025-08-01T03:48:21.401+0000] GC(426) Pause Young (Concurrent Start) (G1 Evacuation Pause)
[2025-08-01T03:48:21.401+0000] GC(426) Using 8 workers of 8 for evacuation
[2025-08-01T03:48:21.547+0000] GC(426)   Pre Evacuate Collection Set: 2.1ms
[2025-08-01T03:48:21.547+0000] GC(426)   Merge Heap Roots: 0.4ms
[2025-08-01T03:48:21.547+0000] GC(426)   Evacuate Collection Set: 141.5ms
[2025-08-01T03:48:21.547+0000] GC(426)   Post Evacuate Collection Set: 1.1ms
[2025-08-01T03:48:21.547+0000] GC(426)   Other: 0.5ms
[2025-08-01T03:48:21.547+0000] GC(426) Eden regions: 354->0(289)
[2025-08-01T03:48:21.547+0000] GC(426) Survivor regions: 62->52(52)
[2025-08-01T03:48:21.547+0000] GC(426) Old regions: 886->1117
[2025-08-01T03:48:21.547+0000] GC(426) Humongous regions: 0->0
[2025-08-01T03:48:21.547+0000] GC(426) Metaspace: 10593K(10816K)->10593K(10816K) NonClass: 9335K(9472K)->9335K(9472K) Class: 1258K(1344K)->1258K(1344K)
[2025-08-01T03:48:21.547+0000] GC(426) Pause Young (Concurrent Start) (G1 Evacuation Pause) 2596M->2331M(4096M) 145.874ms
[2025-08-01T03:48:21.547+0000] GC(426) User=1.07s Sys=0.05s Real=0.15s
[2025-08-01T03:48:21.547+0000] GC(427) Concurrent Mark Cycle
[2025-08-01T03:48:21.547+0000] GC(427) Concurrent Scan Root Regions
[2025-08-01T03:48:21.607+0000] GC(427) Concurrent Scan Root Regions 59.358ms
[2025-08-01T03:48:21.607+0000] GC(427) Concurrent Mark
[2025-08-01T03:48:21.607+0000] GC(427) Concurrent Mark From Roots
[2025-08-01T03:48:21.607+0000] GC(427) Using 2 workers of 2 for marking
[2025-08-01T03:48:21.649+0000] GC(428) Pause Young (Normal) (G1 Evacuation Pause)
[2025-08-01T03:48:21.649+0000] GC(428) Using 8 workers of 8 for evacuation
[2025-08-01T03:48:21.735+0000] GC(428)   Pre Evacuate Collection Set: 1.2ms
[2025-08-01T03:48:21.735+0000] GC(428)   Merge Heap Roots: 0.3ms
[2025-08-01T03:48:21.735+0000] GC(428)   Evacuate Collection Set: 82.0ms
[2025-08-01T03:48:21.735+0000] GC(428)   Post Evacuate Collection Set: 1.7ms
[2025-08-01T03:48:21.735+0000] GC(428)   Other: 0.1ms
[2025-08-01T03:48:21.735+0000] GC(428) Eden regions: 289->0(234)
[2025-08-01T03:48:21.735+0000] GC(428) Survivor regions: 52->43(43)
[2025-08-01T03:48:21.735+0000] GC(428) Old regions: 1117->1297
[2025-08-01T03:48:21.735+0000] GC(428) Humongous regions: 0->0
[2025-08-01T03:48:21.735+0000] GC(428) Metaspace: 10593K(10816K)->10593K(10816K) NonClass: 9335K(9472K)->9335K(9472K) Class: 1258K(1344K)->1258K(1344K)
[2025-08-01T03:48:21.735+0000] GC(428) Pause Young (Normal) (G1 Evacuation Pause) 2909M->2673M(4096M) 85.615ms
[2025-08-01T03:48:21.735+0000] GC(428) User=0.63s Sys=0.01s Real=0.09s
[2025-08-01T03:48:21.760+0000] GC(427) Concurrent Mark From Roots 153.309ms
[2025-08-01T03:48:21.760+0000] GC(427) Concurrent Preclean
[2025-08-01T03:48:21.760+0000] GC(427) Concurrent Preclean 0.023ms
[2025-08-01T03:48:21.760+0000] GC(427) Pause Remark
[2025-08-01T03:48:21.764+0000] GC(427) Pause Remark 2872M->1620M(4096M) 3.404ms
[2025-08-01T03:48:21.764+0000] GC(427) User=0.01s Sys=0.00s Real=0.01s
[2025-08-01T03:48:21.764+0000] GC(427) Concurrent Mark 157.149ms
[2025-08-01T03:48:21.764+0000] GC(427) Concurrent Rebuild Remembered Sets and Scrub Regions
[2025-08-01T03:48:21.825+0000] GC(429) Pause Young (Normal) (G1 Evacuation Pause)
[2025-08-01T03:48:21.826+0000] GC(429) Using 8 workers of 8 for evacuation
[2025-08-01T03:48:21.922+0000] GC(429)   Pre Evacuate Collection Set: 0.7ms
[2025-08-01T03:48:21.922+0000] GC(429)   Merge Heap Roots: 0.1ms
[2025-08-01T03:48:21.922+0000] GC(429)   Evacuate Collection Set: 95.2ms
[2025-08-01T03:48:21.923+0000] GC(429)   Post Evacuate Collection Set: 0.8ms
[2025-08-01T03:48:21.923+0000] GC(429)   Other: 0.1ms
[2025-08-01T03:48:21.923+0000] GC(429) Eden regions: 234->0(361)
[2025-08-01T03:48:21.923+0000] GC(429) Survivor regions: 43->35(35)
[2025-08-01T03:48:21.923+0000] GC(429) Old regions: 668->912
[2025-08-01T03:48:21.923+0000] GC(429) Humongous regions: 0->0
[2025-08-01T03:48:21.923+0000] GC(429) Metaspace: 10593K(10816K)->10593K(10816K) NonClass: 9335K(9472K)->9335K(9472K) Class: 1258K(1344K)->1258K(1344K)
[2025-08-01T03:48:21.923+0000] GC(429) Pause Young (Normal) (G1 Evacuation Pause) 1889M->1893M(4096M) 97.210ms
[2025-08-01T03:48:21.923+0000] GC(429) User=0.70s Sys=0.03s Real=0.09s
[2025-08-01T03:48:22.008+0000] GC(427) Concurrent Rebuild Remembered Sets and Scrub Regions 244.294ms
[2025-08-01T03:48:22.008+0000] GC(427) Pause Cleanup
[2025-08-01T03:48:22.009+0000] GC(427) Pause Cleanup 2314M->2314M(4096M) 0.957ms
[2025-08-01T03:48:22.009+0000] GC(427) User=0.00s Sys=0.00s Real=0.00s
[2025-08-01T03:48:22.010+0000] GC(427) Concurrent Clear Claimed Marks
[2025-08-01T03:48:22.010+0000] GC(427) Concurrent Clear Claimed Marks 0.041ms
[2025-08-01T03:48:22.010+0000] GC(427) Concurrent Cleanup for Next Mark
[2025-08-01T03:48:22.018+0000] GC(427) Concurrent Cleanup for Next Mark 8.787ms
[2025-08-01T03:48:22.019+0000] GC(427) Concurrent Mark Cycle 471.370ms
[2025-08-01T03:48:22.093+0000] GC(430) Pause Young (Prepare Mixed) (G1 Evacuation Pause)
[2025-08-01T03:48:22.093+0000] GC(430) Using 8 workers of 8 for evacuation
[2025-08-01T03:48:22.318+0000] GC(430) MMU target violated: 201.0ms (200.0ms/201.0ms)
[2025-08-01T03:48:22.318+0000] GC(430)   Pre Evacuate Collection Set: 1.1ms
[2025-08-01T03:48:22.318+0000] GC(430)   Merge Heap Roots: 0.5ms
[2025-08-01T03:48:22.318+0000] GC(430)   Evacuate Collection Set: 220.8ms
[2025-08-01T03:48:22.318+0000] GC(430)   Post Evacuate Collection Set: 2.2ms
[2025-08-01T03:48:22.318+0000] GC(430)   Other: 0.3ms
[2025-08-01T03:48:22.318+0000] GC(430) Eden regions: 361->0(244)
[2025-08-01T03:48:22.318+0000] GC(430) Survivor regions: 35->50(50)
[2025-08-01T03:48:22.318+0000] GC(430) Old regions: 912->1220
[2025-08-01T03:48:22.318+0000] GC(430) Humongous regions: 0->0
[2025-08-01T03:48:22.318+0000] GC(430) Metaspace: 10593K(10816K)->10593K(10816K) NonClass: 9335K(9472K)->9335K(9472K) Class: 1258K(1344K)->1258K(1344K)
[2025-08-01T03:48:22.318+0000] GC(430) Pause Young (Prepare Mixed) (G1 Evacuation Pause) 2615M->2539M(4096M) 225.636ms
[2025-08-01T03:48:22.318+0000] GC(430) User=1.72s Sys=0.04s Real=0.23s
[2025-08-01T03:48:22.462+0000] GC(431) Pause Young (Mixed) (G1 Evacuation Pause)
[2025-08-01T03:48:22.462+0000] GC(431) Using 8 workers of 8 for evacuation
[2025-08-01T03:48:22.591+0000] GC(431)   Pre Evacuate Collection Set: 1.3ms
[2025-08-01T03:48:22.591+0000] GC(431)   Merge Heap Roots: 0.4ms
[2025-08-01T03:48:22.591+0000] GC(431)   Evacuate Collection Set: 124.3ms
[2025-08-01T03:48:22.591+0000] GC(431)   Post Evacuate Collection Set: 2.0ms
[2025-08-01T03:48:22.591+0000] GC(431)   Other: 0.2ms
[2025-08-01T03:48:22.591+0000] GC(431) Eden regions: 244->0(232)
[2025-08-01T03:48:22.591+0000] GC(431) Survivor regions: 50->37(37)
[2025-08-01T03:48:22.591+0000] GC(431) Old regions: 1220->1306
[2025-08-01T03:48:22.591+0000] GC(431) Humongous regions: 0->0
[2025-08-01T03:48:22.591+0000] GC(431) Metaspace: 10593K(10816K)->10593K(10816K) NonClass: 9335K(9472K)->9335K(9472K) Class: 1258K(1344K)->1258K(1344K)
[2025-08-01T03:48:22.591+0000] GC(431) Pause Young (Mixed) (G1 Evacuation Pause) 3027M->2685M(4096M) 128.549ms
[2025-08-01T03:48:22.591+0000] GC(431) User=0.90s Sys=0.05s Real=0.13s
[2025-08-01T03:48:22.689+0000] GC(432) Pause Young (Concurrent Start) (G1 Evacuation Pause)
[2025-08-01T03:48:22.689+0000] GC(432) Using 8 workers of 8 for evacuation
[2025-08-01T03:48:22.844+0000] GC(432)   Pre Evacuate Collection Set: 1.0ms
[2025-08-01T03:48:22.844+0000] GC(432)   Merge Heap Roots: 0.3ms
[2025-08-01T03:48:22.844+0000] GC(432)   Evacuate Collection Set: 151.9ms
[2025-08-01T03:48:22.844+0000] GC(432)   Post Evacuate Collection Set: 1.1ms
[2025-08-01T03:48:22.844+0000] GC(432)   Other: 0.2ms
[2025-08-01T03:48:22.844+0000] GC(432) Eden regions: 232->0(149)
[2025-08-01T03:48:22.844+0000] GC(432) Survivor regions: 37->34(34)
[2025-08-01T03:48:22.844+0000] GC(432) Old regions: 1306->1542
[2025-08-01T03:48:22.844+0000] GC(432) Humongous regions: 0->0
[2025-08-01T03:48:22.844+0000] GC(432) Metaspace: 10593K(10816K)->10593K(10816K) NonClass: 9335K(9472K)->9335K(9472K) Class: 1258K(1344K)->1258K(1344K)
[2025-08-01T03:48:22.844+0000] GC(432) Pause Young (Concurrent Start) (G1 Evacuation Pause) 3149M->3151M(4096M) 154.839ms
[2025-08-01T03:48:22.844+0000] GC(432) User=1.13s Sys=0.04s Real=0.16s
[2025-08-01T03:48:22.844+0000] GC(433) Concurrent Mark Cycle
[2025-08-01T03:48:22.844+0000] GC(433) Concurrent Scan Root Regions
[2025-08-01T03:48:22.896+0000] GC(433) Concurrent Scan Root Regions 51.854ms
[2025-08-01T03:48:22.896+0000] GC(433) Concurrent Mark
[2025-08-01T03:48:22.896+0000] GC(433) Concurrent Mark From Roots
[2025-08-01T03:48:22.896+0000] GC(433) Using 2 workers of 2 for marking
[2025-08-01T03:48:22.915+0000] GC(434) Pause Young (Normal) (G1 Evacuation Pause)
[2025-08-01T03:48:22.916+0000] GC(434) Using 8 workers of 8 for evacuation
[2025-08-01T03:48:22.958+0000] GC(434)   Pre Evacuate Collection Set: 1.6ms
[2025-08-01T03:48:22.958+0000] GC(434)   Merge Heap Roots: 0.3ms
[2025-08-01T03:48:22.958+0000] GC(434)   Evacuate Collection Set: 39.0ms
[2025-08-01T03:48:22.958+0000] GC(434)   Post Evacuate Collection Set: 0.9ms
[2025-08-01T03:48:22.958+0000] GC(434)   Other: 0.1ms
[2025-08-01T03:48:22.958+0000] GC(434) Eden regions: 149->0(123)
[2025-08-01T03:48:22.958+0000] GC(434) Survivor regions: 34->23(23)
[2025-08-01T03:48:22.958+0000] GC(434) Old regions: 1542->1645
[2025-08-01T03:48:22.958+0000] GC(434) Humongous regions: 0->0
[2025-08-01T03:48:22.958+0000] GC(434) Metaspace: 10593K(10816K)->10593K(10816K) NonClass: 9335K(9472K)->9335K(9472K) Class: 1258K(1344K)->1258K(1344K)
[2025-08-01T03:48:22.958+0000] GC(434) Pause Young (Normal) (G1 Evacuation Pause) 3449M->3334M(4096M) 42.228ms
[2025-08-01T03:48:22.958+0000] GC(434) User=0.27s Sys=0.01s Real=0.04s
[2025-08-01T03:48:22.982+0000] GC(435) Pause Young (Normal) (G1 Evacuation Pause)
[2025-08-01T03:48:22.983+0000] GC(435) Using 8 workers of 8 for evacuation
[2025-08-01T03:48:23.027+0000] GC(435)   Pre Evacuate Collection Set: 0.6ms
[2025-08-01T03:48:23.027+0000] GC(435)   Merge Heap Roots: 0.2ms
[2025-08-01T03:48:23.027+0000] GC(435)   Evacuate Collection Set: 42.4ms
[2025-08-01T03:48:23.027+0000] GC(435)   Post Evacuate Collection Set: 1.0ms
[2025-08-01T03:48:23.027+0000] GC(435)   Other: 0.1ms
[2025-08-01T03:48:23.027+0000] GC(435) Eden regions: 123->0(83)
[2025-08-01T03:48:23.027+0000] GC(435) Survivor regions: 23->19(19)
[2025-08-01T03:48:23.027+0000] GC(435) Old regions: 1645->1774
[2025-08-01T03:48:23.027+0000] GC(435) Humongous regions: 0->0
[2025-08-01T03:48:23.027+0000] GC(435) Metaspace: 10593K(10816K)->10593K(10816K) NonClass: 9335K(9472K)->9335K(9472K) Class: 1258K(1344K)->1258K(1344K)
[2025-08-01T03:48:23.027+0000] GC(435) Pause Young (Normal) (G1 Evacuation Pause) 3580M->3584M(4096M) 44.581ms
[2025-08-01T03:48:23.027+0000] GC(435) User=0.34s Sys=0.00s Real=0.05s
[2025-08-01T03:48:23.060+0000] GC(433) Concurrent Mark From Roots 163.803ms
[2025-08-01T03:48:23.060+0000] GC(433) Concurrent Preclean
[2025-08-01T03:48:23.060+0000] GC(433) Concurrent Preclean 0.022ms
[2025-08-01T03:48:23.060+0000] GC(433) Pause Remark
[2025-08-01T03:48:23.065+0000] GC(433) Pause Remark 3720M->1600M(4096M) 4.760ms
[2025-08-01T03:48:23.065+0000] GC(433) User=0.02s Sys=0.00s Real=0.01s
[2025-08-01T03:48:23.065+0000] GC(433) Concurrent Mark 168.954ms
[2025-08-01T03:48:23.065+0000] GC(433) Concurrent Rebuild Remembered Sets and Scrub Regions
[2025-08-01T03:48:23.090+0000] GC(436) Pause Young (Normal) (G1 Evacuation Pause)
[2025-08-01T03:48:23.090+0000] GC(436) Using 8 workers of 8 for evacuation
[2025-08-01T03:48:23.126+0000] GC(436)   Pre Evacuate Collection Set: 0.8ms
[2025-08-01T03:48:23.126+0000] GC(436)   Merge Heap Roots: 0.1ms
[2025-08-01T03:48:23.126+0000] GC(436)   Evacuate Collection Set: 33.4ms
[2025-08-01T03:48:23.126+0000] GC(436)   Post Evacuate Collection Set: 1.1ms
[2025-08-01T03:48:23.126+0000] GC(436)   Other: 0.1ms
[2025-08-01T03:48:23.126+0000] GC(436) Eden regions: 83->0(395)
[2025-08-01T03:48:23.126+0000] GC(436) Survivor regions: 19->13(13)
[2025-08-01T03:48:23.126+0000] GC(436) Old regions: 714->804
[2025-08-01T03:48:23.126+0000] GC(436) Humongous regions: 0->0
[2025-08-01T03:48:23.126+0000] GC(436) Metaspace: 10593K(10816K)->10593K(10816K) NonClass: 9335K(9472K)->9335K(9472K) Class: 1258K(1344K)->1258K(1344K)
[2025-08-01T03:48:23.126+0000] GC(436) Pause Young (Normal) (G1 Evacuation Pause) 1630M->1632M(4096M) 35.770ms
[2025-08-01T03:48:23.126+0000] GC(436) User=0.25s Sys=0.01s Real=0.04s
[2025-08-01T03:48:23.248+0000] GC(433) Concurrent Rebuild Remembered Sets and Scrub Regions 182.691ms
[2025-08-01T03:48:23.248+0000] GC(433) Pause Cleanup
[2025-08-01T03:48:23.250+0000] GC(433) Pause Cleanup 2327M->2327M(4096M) 1.615ms
[2025-08-01T03:48:23.250+0000] GC(433) User=0.01s Sys=0.00s Real=0.00s
[2025-08-01T03:48:23.250+0000] GC(433) Concurrent Clear Claimed Marks
[2025-08-01T03:48:23.250+0000] GC(433) Concurrent Clear Claimed Marks 0.048ms
[2025-08-01T03:48:23.250+0000] GC(433) Concurrent Cleanup for Next Mark
[2025-08-01T03:48:23.258+0000] GC(433) Concurrent Cleanup for Next Mark 8.226ms
[2025-08-01T03:48:23.258+0000] GC(433) Concurrent Mark Cycle 414.112ms
[2025-08-01T03:48:23.288+0000] GC(437) Pause Young (Prepare Mixed) (G1 Evacuation Pause)
[2025-08-01T03:48:23.288+0000] GC(437) Using 8 workers of 8 for evacuation
[2025-08-01T03:48:23.455+0000] GC(437)   Pre Evacuate Collection Set: 0.8ms
[2025-08-01T03:48:23.455+0000] GC(437)   Merge Heap Roots: 0.2ms
[2025-08-01T03:48:23.455+0000] GC(437)   Evacuate Collection Set: 163.3ms
[2025-08-01T03:48:23.455+0000] GC(437)   Post Evacuate Collection Set: 2.2ms
[2025-08-01T03:48:23.455+0000] GC(437)   Other: 0.2ms
[2025-08-01T03:48:23.455+0000] GC(437) Eden regions: 395->0(255)
[2025-08-01T03:48:23.455+0000] GC(437) Survivor regions: 13->51(51)
[2025-08-01T03:48:23.455+0000] GC(437) Old regions: 804->987
[2025-08-01T03:48:23.455+0000] GC(437) Humongous regions: 0->0
[2025-08-01T03:48:23.455+0000] GC(437) Metaspace: 10593K(10816K)->10593K(10816K) NonClass: 9335K(9472K)->9335K(9472K) Class: 1258K(1344K)->1258K(1344K)
[2025-08-01T03:48:23.455+0000] GC(437) Pause Young (Prepare Mixed) (G1 Evacuation Pause) 2422M->2075M(4096M) 167.079ms
[2025-08-01T03:48:23.455+0000] GC(437) User=1.19s Sys=0.06s Real=0.17s
[2025-08-01T03:48:23.560+0000] GC(438) Pause Young (Mixed) (G1 Evacuation Pause)
[2025-08-01T03:48:23.560+0000] GC(438) Using 8 workers of 8 for evacuation
[2025-08-01T03:48:23.745+0000] GC(438)   Pre Evacuate Collection Set: 1.3ms
[2025-08-01T03:48:23.745+0000] GC(438)   Merge Heap Roots: 0.5ms
[2025-08-01T03:48:23.745+0000] GC(438)   Evacuate Collection Set: 182.0ms
[2025-08-01T03:48:23.745+0000] GC(438)   Post Evacuate Collection Set: 1.1ms
[2025-08-01T03:48:23.745+0000] GC(438)   Other: 0.1ms
[2025-08-01T03:48:23.745+0000] GC(438) Eden regions: 254->0(244)
[2025-08-01T03:48:23.745+0000] GC(438) Survivor regions: 51->39(39)
[2025-08-01T03:48:23.745+0000] GC(438) Old regions: 987->1238
[2025-08-01T03:48:23.745+0000] GC(438) Humongous regions: 0->0
[2025-08-01T03:48:23.745+0000] GC(438) Metaspace: 10593K(10816K)->10593K(10816K) NonClass: 9335K(9472K)->9335K(9472K) Class: 1258K(1344K)->1258K(1344K)
[2025-08-01T03:48:23.745+0000] GC(438) Pause Young (Mixed) (G1 Evacuation Pause) 2583M->2552M(4096M) 185.380ms
[2025-08-01T03:48:23.745+0000] GC(438) User=1.39s Sys=0.07s Real=0.19s
[2025-08-01T03:48:23.835+0000] GC(439) Pause Young (Concurrent Start) (G1 Evacuation Pause)
[2025-08-01T03:48:23.835+0000] GC(439) Using 8 workers of 8 for evacuation
[2025-08-01T03:48:23.945+0000] GC(439)   Pre Evacuate Collection Set: 1.3ms
[2025-08-01T03:48:23.945+0000] GC(439)   Merge Heap Roots: 0.3ms
[2025-08-01T03:48:23.945+0000] GC(439)   Evacuate Collection Set: 107.3ms
[2025-08-01T03:48:23.945+0000] GC(439)   Post Evacuate Collection Set: 0.9ms
[2025-08-01T03:48:23.945+0000] GC(439)   Other: 0.2ms
[2025-08-01T03:48:23.945+0000] GC(439) Eden regions: 244->0(171)
[2025-08-01T03:48:23.945+0000] GC(439) Survivor regions: 39->36(36)
[2025-08-01T03:48:23.945+0000] GC(439) Old regions: 1238->1465
[2025-08-01T03:48:23.945+0000] GC(439) Humongous regions: 0->0
[2025-08-01T03:48:23.945+0000] GC(439) Metaspace: 10593K(10816K)->10593K(10816K) NonClass: 9335K(9472K)->9335K(9472K) Class: 1258K(1344K)->1258K(1344K)
[2025-08-01T03:48:23.945+0000] GC(439) Pause Young (Concurrent Start) (G1 Evacuation Pause) 3040M->3000M(4096M) 110.320ms
[2025-08-01T03:48:23.946+0000] GC(439) User=0.82s Sys=0.04s Real=0.11s
[2025-08-01T03:48:23.946+0000] GC(440) Concurrent Mark Cycle
[2025-08-01T03:48:23.946+0000] GC(440) Concurrent Scan Root Regions
[2025-08-01T03:48:23.993+0000] GC(440) Concurrent Scan Root Regions 47.147ms
[2025-08-01T03:48:23.993+0000] GC(440) Concurrent Mark
[2025-08-01T03:48:23.993+0000] GC(440) Concurrent Mark From Roots
[2025-08-01T03:48:23.993+0000] GC(440) Using 2 workers of 2 for marking
[2025-08-01T03:48:24.029+0000] GC(441) Pause Young (Normal) (G1 Evacuation Pause)
[2025-08-01T03:48:24.029+0000] GC(441) Using 8 workers of 8 for evacuation
[2025-08-01T03:48:24.101+0000] GC(441)   Pre Evacuate Collection Set: 0.8ms
[2025-08-01T03:48:24.101+0000] GC(441)   Merge Heap Roots: 0.3ms
[2025-08-01T03:48:24.101+0000] GC(441)   Evacuate Collection Set: 70.4ms
[2025-08-01T03:48:24.101+0000] GC(441)   Post Evacuate Collection Set: 0.7ms
[2025-08-01T03:48:24.101+0000] GC(441)   Other: 0.1ms
[2025-08-01T03:48:24.101+0000] GC(441) Eden regions: 171->0(116)
[2025-08-01T03:48:24.101+0000] GC(441) Survivor regions: 36->26(26)
[2025-08-01T03:48:24.101+0000] GC(441) Old regions: 1465->1648
[2025-08-01T03:48:24.101+0000] GC(441) Humongous regions: 0->0
[2025-08-01T03:48:24.101+0000] GC(441) Metaspace: 10593K(10816K)->10593K(10816K) NonClass: 9335K(9472K)->9335K(9472K) Class: 1258K(1344K)->1258K(1344K)
[2025-08-01T03:48:24.101+0000] GC(441) Pause Young (Normal) (G1 Evacuation Pause) 3342M->3346M(4096M) 72.576ms
[2025-08-01T03:48:24.101+0000] GC(441) User=0.55s Sys=0.02s Real=0.07s
[2025-08-01T03:48:24.173+0000] GC(442) Pause Young (Normal) (G1 Evacuation Pause)
[2025-08-01T03:48:24.173+0000] GC(442) Using 8 workers of 8 for evacuation
[2025-08-01T03:48:24.204+0000] GC(442)   Pre Evacuate Collection Set: 0.7ms
[2025-08-01T03:48:24.204+0000] GC(442)   Merge Heap Roots: 0.2ms
[2025-08-01T03:48:24.204+0000] GC(442)   Evacuate Collection Set: 28.4ms
[2025-08-01T03:48:24.204+0000] GC(442)   Post Evacuate Collection Set: 0.8ms
[2025-08-01T03:48:24.204+0000] GC(442)   Other: 0.1ms
[2025-08-01T03:48:24.204+0000] GC(442) Eden regions: 116->0(97)
[2025-08-01T03:48:24.204+0000] GC(442) Survivor regions: 26->18(18)
[2025-08-01T03:48:24.204+0000] GC(442) Old regions: 1648->1719
[2025-08-01T03:48:24.204+0000] GC(442) Humongous regions: 0->0
[2025-08-01T03:48:24.204+0000] GC(442) Metaspace: 10593K(10816K)->10593K(10816K) NonClass: 9335K(9472K)->9335K(9472K) Class: 1258K(1344K)->1258K(1344K)
[2025-08-01T03:48:24.204+0000] GC(442) Pause Young (Normal) (G1 Evacuation Pause) 3578M->3472M(4096M) 30.519ms
[2025-08-01T03:48:24.204+0000] GC(442) User=0.23s Sys=0.01s Real=0.03s
[2025-08-01T03:48:24.221+0000] GC(440) Concurrent Mark From Roots 228.192ms
[2025-08-01T03:48:24.221+0000] GC(440) Concurrent Preclean
[2025-08-01T03:48:24.221+0000] GC(440) Concurrent Preclean 0.030ms
[2025-08-01T03:48:24.222+0000] GC(440) Pause Remark
[2025-08-01T03:48:24.224+0000] GC(440) Pause Remark 3642M->1980M(4096M) 2.659ms
[2025-08-01T03:48:24.224+0000] GC(440) User=0.01s Sys=0.00s Real=0.01s
[2025-08-01T03:48:24.224+0000] GC(440) Concurrent Mark 231.518ms
[2025-08-01T03:48:24.224+0000] GC(440) Concurrent Rebuild Remembered Sets and Scrub Regions
[2025-08-01T03:48:24.227+0000] GC(443) Pause Young (Normal) (G1 Evacuation Pause)
[2025-08-01T03:48:24.227+0000] GC(443) Using 8 workers of 8 for evacuation
[2025-08-01T03:48:24.262+0000] GC(443)   Pre Evacuate Collection Set: 0.5ms
[2025-08-01T03:48:24.262+0000] GC(443)   Merge Heap Roots: 0.2ms
[2025-08-01T03:48:24.262+0000] GC(443)   Evacuate Collection Set: 33.6ms
[2025-08-01T03:48:24.262+0000] GC(443)   Post Evacuate Collection Set: 0.9ms
[2025-08-01T03:48:24.262+0000] GC(443)   Other: 0.1ms
[2025-08-01T03:48:24.262+0000] GC(443) Eden regions: 97->0(335)
[2025-08-01T03:48:24.262+0000] GC(443) Survivor regions: 18->15(15)
[2025-08-01T03:48:24.262+0000] GC(443) Old regions: 888->989
[2025-08-01T03:48:24.262+0000] GC(443) Humongous regions: 0->0
[2025-08-01T03:48:24.262+0000] GC(443) Metaspace: 10593K(10816K)->10593K(10816K) NonClass: 9335K(9472K)->9335K(9472K) Class: 1258K(1344K)->1258K(1344K)
[2025-08-01T03:48:24.262+0000] GC(443) Pause Young (Normal) (G1 Evacuation Pause) 2004M->2007M(4096M) 35.723ms
[2025-08-01T03:48:24.263+0000] GC(443) User=0.27s Sys=0.00s Real=0.03s
[2025-08-01T03:48:24.403+0000] GC(444) Pause Young (Normal) (G1 Evacuation Pause)
[2025-08-01T03:48:24.403+0000] GC(444) Using 8 workers of 8 for evacuation
[2025-08-01T03:48:24.538+0000] GC(444)   Pre Evacuate Collection Set: 0.6ms
[2025-08-01T03:48:24.538+0000] GC(444)   Merge Heap Roots: 0.3ms
[2025-08-01T03:48:24.538+0000] GC(444)   Evacuate Collection Set: 132.5ms
[2025-08-01T03:48:24.538+0000] GC(444)   Post Evacuate Collection Set: 1.6ms
[2025-08-01T03:48:24.538+0000] GC(444)   Other: 0.1ms
[2025-08-01T03:48:24.538+0000] GC(444) Eden regions: 335->0(221)
[2025-08-01T03:48:24.538+0000] GC(444) Survivor regions: 15->44(44)
[2025-08-01T03:48:24.538+0000] GC(444) Old regions: 989->1296
[2025-08-01T03:48:24.538+0000] GC(444) Humongous regions: 0->0
[2025-08-01T03:48:24.538+0000] GC(444) Metaspace: 10593K(10816K)->10593K(10816K) NonClass: 9335K(9472K)->9335K(9472K) Class: 1258K(1344K)->1258K(1344K)
[2025-08-01T03:48:24.538+0000] GC(444) Pause Young (Normal) (G1 Evacuation Pause) 2677M->2679M(4096M) 135.474ms
[2025-08-01T03:48:24.538+0000] GC(444) User=1.03s Sys=0.03s Real=0.14s
[2025-08-01T03:48:24.589+0000] GC(440) Concurrent Rebuild Remembered Sets and Scrub Regions 364.380ms
[2025-08-01T03:48:24.589+0000] GC(440) Pause Cleanup
[2025-08-01T03:48:24.590+0000] GC(440) Pause Cleanup 2955M->2955M(4096M) 1.234ms
[2025-08-01T03:48:24.590+0000] GC(440) User=0.00s Sys=0.00s Real=0.00s
[2025-08-01T03:48:24.590+0000] GC(440) Concurrent Clear Claimed Marks
[2025-08-01T03:48:24.590+0000] GC(440) Concurrent Clear Claimed Marks 0.035ms
[2025-08-01T03:48:24.590+0000] GC(440) Concurrent Cleanup for Next Mark
[2025-08-01T03:48:24.599+0000] GC(440) Concurrent Cleanup for Next Mark 8.371ms
[2025-08-01T03:48:24.599+0000] GC(440) Concurrent Mark Cycle 653.237ms
[2025-08-01T03:48:24.622+0000] GC(445) Pause Young (Prepare Mixed) (G1 Evacuation Pause)
[2025-08-01T03:48:24.622+0000] GC(445) Using 8 workers of 8 for evacuation
[2025-08-01T03:48:24.722+0000] GC(445)   Pre Evacuate Collection Set: 0.7ms
[2025-08-01T03:48:24.722+0000] GC(445)   Merge Heap Roots: 0.4ms
[2025-08-01T03:48:24.722+0000] GC(445)   Evacuate Collection Set: 97.6ms
[2025-08-01T03:48:24.722+0000] GC(445)   Post Evacuate Collection Set: 1.2ms
[2025-08-01T03:48:24.722+0000] GC(445)   Other: 0.1ms
[2025-08-01T03:48:24.722+0000] GC(445) Eden regions: 221->0(165)
[2025-08-01T03:48:24.722+0000] GC(445) Survivor regions: 44->34(34)
[2025-08-01T03:48:24.722+0000] GC(445) Old regions: 1296->1487
[2025-08-01T03:48:24.722+0000] GC(445) Humongous regions: 0->0
[2025-08-01T03:48:24.722+0000] GC(445) Metaspace: 10593K(10816K)->10593K(10816K) NonClass: 9335K(9472K)->9335K(9472K) Class: 1258K(1344K)->1258K(1344K)
[2025-08-01T03:48:24.722+0000] GC(445) Pause Young (Prepare Mixed) (G1 Evacuation Pause) 3121M->3040M(4096M) 100.584ms
[2025-08-01T03:48:24.722+0000] GC(445) User=0.73s Sys=0.04s Real=0.10s
[2025-08-01T03:48:24.797+0000] GC(446) Pause Young (Mixed) (G1 Evacuation Pause)
[2025-08-01T03:48:24.797+0000] GC(446) Using 8 workers of 8 for evacuation
[2025-08-01T03:48:24.820+0000] GC(446)   Pre Evacuate Collection Set: 0.8ms
[2025-08-01T03:48:24.820+0000] GC(446)   Merge Heap Roots: 0.1ms
[2025-08-01T03:48:24.820+0000] GC(446)   Evacuate Collection Set: 21.3ms
[2025-08-01T03:48:24.820+0000] GC(446)   Post Evacuate Collection Set: 1.0ms
[2025-08-01T03:48:24.820+0000] GC(446)   Other: 0.1ms
[2025-08-01T03:48:24.820+0000] GC(446) Eden regions: 165->0(175)
[2025-08-01T03:48:24.820+0000] GC(446) Survivor regions: 34->25(25)
[2025-08-01T03:48:24.821+0000] GC(446) Old regions: 1487->1499
[2025-08-01T03:48:24.821+0000] GC(446) Humongous regions: 0->0
[2025-08-01T03:48:24.821+0000] GC(446) Metaspace: 10593K(10816K)->10593K(10816K) NonClass: 9335K(9472K)->9335K(9472K) Class: 1258K(1344K)->1258K(1344K)
[2025-08-01T03:48:24.821+0000] GC(446) Pause Young (Mixed) (G1 Evacuation Pause) 3370M->3046M(4096M) 23.725ms
[2025-08-01T03:48:24.821+0000] GC(446) User=0.17s Sys=0.00s Real=0.02s
[2025-08-01T03:48:24.894+0000] GC(447) Pause Young (Concurrent Start) (G1 Evacuation Pause)
[2025-08-01T03:48:24.894+0000] GC(447) Using 8 workers of 8 for evacuation
[2025-08-01T03:48:24.992+0000] GC(447)   Pre Evacuate Collection Set: 0.8ms
[2025-08-01T03:48:24.992+0000] GC(447)   Merge Heap Roots: 0.3ms
[2025-08-01T03:48:24.992+0000] GC(447)   Evacuate Collection Set: 95.8ms
[2025-08-01T03:48:24.992+0000] GC(447)   Post Evacuate Collection Set: 1.1ms
[2025-08-01T03:48:24.992+0000] GC(447)   Other: 0.3ms
[2025-08-01T03:48:24.992+0000] GC(447) Eden regions: 175->0(110)
[2025-08-01T03:48:24.992+0000] GC(447) Survivor regions: 25->25(25)
[2025-08-01T03:48:24.992+0000] GC(447) Old regions: 1499->1674
[2025-08-01T03:48:24.992+0000] GC(447) Humongous regions: 0->0
[2025-08-01T03:48:24.992+0000] GC(447) Metaspace: 10593K(10816K)->10593K(10816K) NonClass: 9335K(9472K)->9335K(9472K) Class: 1258K(1344K)->1258K(1344K)
[2025-08-01T03:48:24.992+0000] GC(447) Pause Young (Concurrent Start) (G1 Evacuation Pause) 3396M->3397M(4096M) 98.458ms
[2025-08-01T03:48:24.992+0000] GC(447) User=0.71s Sys=0.03s Real=0.09s
[2025-08-01T03:48:24.992+0000] GC(448) Concurrent Mark Cycle
[2025-08-01T03:48:24.992+0000] GC(448) Concurrent Scan Root Regions
[2025-08-01T03:48:25.015+0000] GC(449) Pause Young (Normal) (G1 Evacuation Pause)
[2025-08-01T03:48:25.015+0000] GC(449) Using 8 workers of 8 for evacuation
[2025-08-01T03:48:25.032+0000] GC(448) Concurrent Scan Root Regions 39.438ms
[2025-08-01T03:48:25.032+0000] GC(448) Concurrent Mark
[2025-08-01T03:48:25.032+0000] GC(448) Concurrent Mark From Roots
[2025-08-01T03:48:25.032+0000] GC(448) Using 2 workers of 2 for marking
[2025-08-01T03:48:25.076+0000] GC(449)   Pre Evacuate Collection Set: 0.7ms
[2025-08-01T03:48:25.076+0000] GC(449)   Merge Heap Roots: 0.1ms
[2025-08-01T03:48:25.076+0000] GC(449)   Evacuate Collection Set: 42.7ms
[2025-08-01T03:48:25.076+0000] GC(449)   Post Evacuate Collection Set: 1.1ms
[2025-08-01T03:48:25.076+0000] GC(449)   Other: 0.1ms
[2025-08-01T03:48:25.076+0000] GC(449) Eden regions: 110->0(85)
[2025-08-01T03:48:25.076+0000] GC(449) Survivor regions: 25->17(17)
[2025-08-01T03:48:25.076+0000] GC(449) Old regions: 1674->1793
[2025-08-01T03:48:25.077+0000] GC(449) Humongous regions: 0->0
[2025-08-01T03:48:25.077+0000] GC(449) Metaspace: 10593K(10816K)->10593K(10816K) NonClass: 9335K(9472K)->9335K(9472K) Class: 1258K(1344K)->1258K(1344K)
[2025-08-01T03:48:25.077+0000] GC(449) Pause Young (Normal) (G1 Evacuation Pause) 3617M->3619M(4096M) 61.908ms
[2025-08-01T03:48:25.077+0000] GC(449) User=0.37s Sys=0.00s Real=0.06s
[2025-08-01T03:48:25.112+0000] GC(448) Concurrent Mark From Roots 79.869ms
[2025-08-01T03:48:25.112+0000] GC(448) Concurrent Preclean
[2025-08-01T03:48:25.112+0000] GC(448) Concurrent Preclean 0.025ms
[2025-08-01T03:48:25.112+0000] GC(448) Pause Remark
[2025-08-01T03:48:25.115+0000] GC(448) Pause Remark 3733M->875M(4096M) 3.413ms
[2025-08-01T03:48:25.115+0000] GC(448) User=0.01s Sys=0.00s Real=0.01s
[2025-08-01T03:48:25.115+0000] GC(448) Concurrent Mark 83.819ms
[2025-08-01T03:48:25.115+0000] GC(448) Concurrent Rebuild Remembered Sets and Scrub Regions
[2025-08-01T03:48:25.140+0000] GC(450) Pause Young (Normal) (G1 Evacuation Pause)
[2025-08-01T03:48:25.141+0000] GC(450) Using 8 workers of 8 for evacuation
[2025-08-01T03:48:25.186+0000] GC(450)   Pre Evacuate Collection Set: 0.7ms
[2025-08-01T03:48:25.186+0000] GC(450)   Merge Heap Roots: 0.2ms
[2025-08-01T03:48:25.186+0000] GC(450)   Evacuate Collection Set: 43.8ms
[2025-08-01T03:48:25.186+0000] GC(450)   Post Evacuate Collection Set: 0.8ms
[2025-08-01T03:48:25.186+0000] GC(450)   Other: 0.1ms
[2025-08-01T03:48:25.186+0000] GC(450) Eden regions: 85->0(458)
[2025-08-01T03:48:25.186+0000] GC(450) Survivor regions: 17->13(13)
[2025-08-01T03:48:25.186+0000] GC(450) Old regions: 364->455
[2025-08-01T03:48:25.186+0000] GC(450) Humongous regions: 0->0
[2025-08-01T03:48:25.186+0000] GC(450) Metaspace: 10593K(10816K)->10593K(10816K) NonClass: 9335K(9472K)->9335K(9472K) Class: 1258K(1344K)->1258K(1344K)
[2025-08-01T03:48:25.186+0000] GC(450) Pause Young (Normal) (G1 Evacuation Pause) 931M->935M(4096M) 45.859ms
[2025-08-01T03:48:25.186+0000] GC(450) User=0.33s Sys=0.02s Real=0.05s
[2025-08-01T03:48:25.243+0000] GC(448) Concurrent Rebuild Remembered Sets and Scrub Regions 127.088ms
[2025-08-01T03:48:25.243+0000] GC(448) Pause Cleanup
[2025-08-01T03:48:25.244+0000] GC(448) Pause Cleanup 1239M->1239M(4096M) 0.969ms
[2025-08-01T03:48:25.244+0000] GC(448) User=0.01s Sys=0.00s Real=0.01s
[2025-08-01T03:48:25.244+0000] GC(448) Concurrent Clear Claimed Marks
[2025-08-01T03:48:25.244+0000] GC(448) Concurrent Clear Claimed Marks 0.031ms
[2025-08-01T03:48:25.244+0000] GC(448) Concurrent Cleanup for Next Mark
[2025-08-01T03:48:25.252+0000] GC(448) Concurrent Cleanup for Next Mark 8.068ms
[2025-08-01T03:48:25.252+0000] GC(448) Concurrent Mark Cycle 260.020ms
[2025-08-01T03:48:25.362+0000] GC(451) Pause Young (Prepare Mixed) (G1 Evacuation Pause)
[2025-08-01T03:48:25.362+0000] GC(451) Using 8 workers of 8 for evacuation
[2025-08-01T03:48:25.590+0000] GC(451) MMU target violated: 201.0ms (200.0ms/201.0ms)
[2025-08-01T03:48:25.590+0000] GC(451)   Pre Evacuate Collection Set: 0.8ms
[2025-08-01T03:48:25.590+0000] GC(451)   Merge Heap Roots: 0.3ms
[2025-08-01T03:48:25.590+0000] GC(451)   Evacuate Collection Set: 224.8ms
[2025-08-01T03:48:25.590+0000] GC(451)   Post Evacuate Collection Set: 1.2ms
[2025-08-01T03:48:25.590+0000] GC(451)   Other: 0.2ms
[2025-08-01T03:48:25.590+0000] GC(451) Eden regions: 455->0(271)
[2025-08-01T03:48:25.590+0000] GC(451) Survivor regions: 13->59(59)
[2025-08-01T03:48:25.590+0000] GC(451) Old regions: 455->793
[2025-08-01T03:48:25.590+0000] GC(451) Humongous regions: 0->0
[2025-08-01T03:48:25.590+0000] GC(451) Metaspace: 10593K(10816K)->10593K(10816K) NonClass: 9335K(9472K)->9335K(9472K) Class: 1258K(1344K)->1258K(1344K)
[2025-08-01T03:48:25.590+0000] GC(451) Pause Young (Prepare Mixed) (G1 Evacuation Pause) 1845M->1703M(4096M) 227.688ms
[2025-08-01T03:48:25.590+0000] GC(451) User=1.72s Sys=0.06s Real=0.23s
[2025-08-01T03:48:25.732+0000] GC(452) Pause Young (Mixed) (G1 Evacuation Pause)
[2025-08-01T03:48:25.732+0000] GC(452) Using 8 workers of 8 for evacuation
[2025-08-01T03:48:25.844+0000] GC(452)   Pre Evacuate Collection Set: 0.9ms
[2025-08-01T03:48:25.844+0000] GC(452)   Merge Heap Roots: 0.3ms
[2025-08-01T03:48:25.844+0000] GC(452)   Evacuate Collection Set: 109.0ms
[2025-08-01T03:48:25.844+0000] GC(452)   Post Evacuate Collection Set: 1.4ms
[2025-08-01T03:48:25.844+0000] GC(452)   Other: 0.1ms
[2025-08-01T03:48:25.844+0000] GC(452) Eden regions: 270->0(332)
[2025-08-01T03:48:25.844+0000] GC(452) Survivor regions: 59->42(42)
[2025-08-01T03:48:25.844+0000] GC(452) Old regions: 793->970
[2025-08-01T03:48:25.844+0000] GC(452) Humongous regions: 0->0
[2025-08-01T03:48:25.844+0000] GC(452) Metaspace: 10593K(10816K)->10593K(10816K) NonClass: 9335K(9472K)->9335K(9472K) Class: 1258K(1344K)->1258K(1344K)
[2025-08-01T03:48:25.844+0000] GC(452) Pause Young (Mixed) (G1 Evacuation Pause) 2243M->2023M(4096M) 111.970ms
[2025-08-01T03:48:25.844+0000] GC(452) User=0.81s Sys=0.03s Real=0.12s
[2025-08-01T03:48:25.984+0000] GC(453) Pause Young (Concurrent Start) (G1 Evacuation Pause)
[2025-08-01T03:48:25.984+0000] GC(453) Using 8 workers of 8 for evacuation
[2025-08-01T03:48:26.138+0000] GC(453)   Pre Evacuate Collection Set: 1.4ms
[2025-08-01T03:48:26.138+0000] GC(453)   Merge Heap Roots: 0.4ms
[2025-08-01T03:48:26.138+0000] GC(453)   Evacuate Collection Set: 150.3ms
[2025-08-01T03:48:26.138+0000] GC(453)   Post Evacuate Collection Set: 0.9ms
[2025-08-01T03:48:26.138+0000] GC(453)   Other: 0.3ms
[2025-08-01T03:48:26.138+0000] GC(453) Eden regions: 332->0(219)
[2025-08-01T03:48:26.138+0000] GC(453) Survivor regions: 42->47(47)
[2025-08-01T03:48:26.138+0000] GC(453) Old regions: 970->1298
[2025-08-01T03:48:26.138+0000] GC(453) Humongous regions: 0->0
[2025-08-01T03:48:26.138+0000] GC(453) Metaspace: 10593K(10816K)->10593K(10816K) NonClass: 9335K(9472K)->9335K(9472K) Class: 1258K(1344K)->1258K(1344K)
[2025-08-01T03:48:26.138+0000] GC(453) Pause Young (Concurrent Start) (G1 Evacuation Pause) 2687M->2689M(4096M) 153.660ms
[2025-08-01T03:48:26.138+0000] GC(453) User=0.98s Sys=0.05s Real=0.15s
[2025-08-01T03:48:26.138+0000] GC(454) Concurrent Mark Cycle
[2025-08-01T03:48:26.138+0000] GC(454) Concurrent Scan Root Regions
[2025-08-01T03:48:26.208+0000] GC(454) Concurrent Scan Root Regions 69.493ms
[2025-08-01T03:48:26.208+0000] GC(454) Concurrent Mark
[2025-08-01T03:48:26.208+0000] GC(454) Concurrent Mark From Roots
[2025-08-01T03:48:26.208+0000] GC(454) Using 2 workers of 2 for marking
[2025-08-01T03:48:26.229+0000] GC(455) Pause Young (Normal) (G1 Evacuation Pause)
[2025-08-01T03:48:26.229+0000] GC(455) Using 8 workers of 8 for evacuation
[2025-08-01T03:48:26.301+0000] GC(455)   Pre Evacuate Collection Set: 0.6ms
[2025-08-01T03:48:26.301+0000] GC(455)   Merge Heap Roots: 0.2ms
[2025-08-01T03:48:26.301+0000] GC(455)   Evacuate Collection Set: 70.2ms
[2025-08-01T03:48:26.301+0000] GC(455)   Post Evacuate Collection Set: 0.9ms
[2025-08-01T03:48:26.301+0000] GC(455)   Other: 0.1ms
[2025-08-01T03:48:26.301+0000] GC(455) Eden regions: 219->0(177)
[2025-08-01T03:48:26.301+0000] GC(455) Survivor regions: 47->34(34)
[2025-08-01T03:48:26.301+0000] GC(455) Old regions: 1298->1454
[2025-08-01T03:48:26.301+0000] GC(455) Humongous regions: 0->0
[2025-08-01T03:48:26.301+0000] GC(455) Metaspace: 10593K(10816K)->10593K(10816K) NonClass: 9335K(9472K)->9335K(9472K) Class: 1258K(1344K)->1258K(1344K)
[2025-08-01T03:48:26.301+0000] GC(455) Pause Young (Normal) (G1 Evacuation Pause) 3127M->2975M(4096M) 72.264ms
[2025-08-01T03:48:26.302+0000] GC(455) User=0.53s Sys=0.02s Real=0.07s
[2025-08-01T03:48:26.369+0000] GC(454) Concurrent Mark From Roots 161.620ms
[2025-08-01T03:48:26.369+0000] GC(454) Concurrent Preclean
[2025-08-01T03:48:26.369+0000] GC(454) Concurrent Preclean 0.021ms
[2025-08-01T03:48:26.369+0000] GC(454) Pause Remark
[2025-08-01T03:48:26.373+0000] GC(454) Pause Remark 3259M->1871M(4096M) 3.507ms
[2025-08-01T03:48:26.373+0000] GC(454) User=0.01s Sys=0.00s Real=0.01s
[2025-08-01T03:48:26.373+0000] GC(454) Concurrent Mark 165.489ms
[2025-08-01T03:48:26.373+0000] GC(454) Concurrent Rebuild Remembered Sets and Scrub Regions
[2025-08-01T03:48:26.387+0000] GC(456) Pause Young (Normal) (G1 Evacuation Pause)
[2025-08-01T03:48:26.387+0000] GC(456) Using 8 workers of 8 for evacuation
[2025-08-01T03:48:26.422+0000] GC(456)   Pre Evacuate Collection Set: 0.9ms
[2025-08-01T03:48:26.422+0000] GC(456)   Merge Heap Roots: 0.2ms
[2025-08-01T03:48:26.422+0000] GC(456)   Evacuate Collection Set: 32.5ms
[2025-08-01T03:48:26.422+0000] GC(456)   Post Evacuate Collection Set: 1.0ms
[2025-08-01T03:48:26.422+0000] GC(456)   Other: 0.1ms
[2025-08-01T03:48:26.422+0000] GC(456) Eden regions: 177->0(392)
[2025-08-01T03:48:26.422+0000] GC(456) Survivor regions: 34->27(27)
[2025-08-01T03:48:26.422+0000] GC(456) Old regions: 760->816
[2025-08-01T03:48:26.422+0000] GC(456) Humongous regions: 0->0
[2025-08-01T03:48:26.422+0000] GC(456) Metaspace: 10593K(10816K)->10593K(10816K) NonClass: 9335K(9472K)->9335K(9472K) Class: 1258K(1344K)->1258K(1344K)
[2025-08-01T03:48:26.422+0000] GC(456) Pause Young (Normal) (G1 Evacuation Pause) 1941M->1685M(4096M) 34.855ms
[2025-08-01T03:48:26.422+0000] GC(456) User=0.24s Sys=0.01s Real=0.03s
[2025-08-01T03:48:26.585+0000] GC(454) Concurrent Rebuild Remembered Sets and Scrub Regions 211.979ms
[2025-08-01T03:48:26.585+0000] GC(454) Pause Cleanup
[2025-08-01T03:48:26.587+0000] GC(454) Pause Cleanup 2388M->2388M(4096M) 1.216ms
[2025-08-01T03:48:26.587+0000] GC(454) User=0.00s Sys=0.00s Real=0.00s
[2025-08-01T03:48:26.587+0000] GC(454) Concurrent Clear Claimed Marks
[2025-08-01T03:48:26.587+0000] GC(454) Concurrent Clear Claimed Marks 0.060ms
[2025-08-01T03:48:26.587+0000] GC(454) Concurrent Cleanup for Next Mark
[2025-08-01T03:48:26.599+0000] GC(457) Pause Young (Prepare Mixed) (G1 Evacuation Pause)
[2025-08-01T03:48:26.599+0000] GC(457) Using 8 workers of 8 for evacuation
[2025-08-01T03:48:26.751+0000] GC(457)   Pre Evacuate Collection Set: 0.7ms
[2025-08-01T03:48:26.751+0000] GC(457)   Merge Heap Roots: 0.2ms
[2025-08-01T03:48:26.752+0000] GC(457)   Evacuate Collection Set: 150.0ms
[2025-08-01T03:48:26.752+0000] GC(457)   Post Evacuate Collection Set: 1.0ms
[2025-08-01T03:48:26.752+0000] GC(457)   Other: 0.1ms
[2025-08-01T03:48:26.752+0000] GC(457) Eden regions: 392->0(258)
[2025-08-01T03:48:26.752+0000] GC(457) Survivor regions: 27->53(53)
[2025-08-01T03:48:26.752+0000] GC(457) Old regions: 816->1184
[2025-08-01T03:48:26.752+0000] GC(457) Humongous regions: 0->0
[2025-08-01T03:48:26.752+0000] GC(457) Metaspace: 10593K(10816K)->10593K(10816K) NonClass: 9335K(9472K)->9335K(9472K) Class: 1258K(1344K)->1258K(1344K)
[2025-08-01T03:48:26.752+0000] GC(457) Pause Young (Prepare Mixed) (G1 Evacuation Pause) 2469M->2473M(4096M) 152.313ms
[2025-08-01T03:48:26.752+0000] GC(457) User=1.16s Sys=0.02s Real=0.15s
[2025-08-01T03:48:26.754+0000] GC(454) Concurrent Cleanup for Next Mark 166.668ms
[2025-08-01T03:48:26.754+0000] GC(454) Concurrent Mark Cycle 615.939ms
[2025-08-01T03:48:26.844+0000] GC(458) Pause Young (Mixed) (G1 Evacuation Pause)
[2025-08-01T03:48:26.844+0000] GC(458) Using 8 workers of 8 for evacuation
[2025-08-01T03:48:26.947+0000] GC(458)   Pre Evacuate Collection Set: 0.5ms
[2025-08-01T03:48:26.947+0000] GC(458)   Merge Heap Roots: 0.2ms
[2025-08-01T03:48:26.947+0000] GC(458)   Evacuate Collection Set: 101.1ms
[2025-08-01T03:48:26.947+0000] GC(458)   Post Evacuate Collection Set: 1.5ms
[2025-08-01T03:48:26.947+0000] GC(458)   Other: 0.1ms
[2025-08-01T03:48:26.947+0000] GC(458) Eden regions: 258->0(176)
[2025-08-01T03:48:26.947+0000] GC(458) Survivor regions: 53->39(39)
[2025-08-01T03:48:26.947+0000] GC(458) Old regions: 1184->1446
[2025-08-01T03:48:26.947+0000] GC(458) Humongous regions: 0->0
[2025-08-01T03:48:26.947+0000] GC(458) Metaspace: 10593K(10816K)->10593K(10816K) NonClass: 9335K(9472K)->9335K(9472K) Class: 1258K(1344K)->1258K(1344K)
[2025-08-01T03:48:26.947+0000] GC(458) Pause Young (Mixed) (G1 Evacuation Pause) 2989M->2968M(4096M) 103.693ms
[2025-08-01T03:48:26.947+0000] GC(458) User=0.79s Sys=0.01s Real=0.10s
[2025-08-01T03:48:27.024+0000] GC(459) Pause Young (Concurrent Start) (G1 Evacuation Pause)
[2025-08-01T03:48:27.024+0000] GC(459) Using 8 workers of 8 for evacuation
[2025-08-01T03:48:27.073+0000] GC(459)   Pre Evacuate Collection Set: 1.0ms
[2025-08-01T03:48:27.073+0000] GC(459)   Merge Heap Roots: 0.2ms
[2025-08-01T03:48:27.073+0000] GC(459)   Evacuate Collection Set: 46.7ms
[2025-08-01T03:48:27.073+0000] GC(459)   Post Evacuate Collection Set: 1.5ms
[2025-08-01T03:48:27.073+0000] GC(459)   Other: 0.3ms
[2025-08-01T03:48:27.073+0000] GC(459) Eden regions: 176->0(158)
[2025-08-01T03:48:27.073+0000] GC(459) Survivor regions: 39->27(27)
[2025-08-01T03:48:27.073+0000] GC(459) Old regions: 1446->1535
[2025-08-01T03:48:27.073+0000] GC(459) Humongous regions: 0->0
[2025-08-01T03:48:27.073+0000] GC(459) Metaspace: 10593K(10816K)->10593K(10816K) NonClass: 9335K(9472K)->9335K(9472K) Class: 1258K(1344K)->1258K(1344K)
[2025-08-01T03:48:27.073+0000] GC(459) Pause Young (Concurrent Start) (G1 Evacuation Pause) 3320M->3123M(4096M) 49.945ms
[2025-08-01T03:48:27.074+0000] GC(459) User=0.36s Sys=0.01s Real=0.05s
[2025-08-01T03:48:27.074+0000] GC(460) Concurrent Mark Cycle
[2025-08-01T03:48:27.074+0000] GC(460) Concurrent Scan Root Regions
[2025-08-01T03:48:27.101+0000] GC(460) Concurrent Scan Root Regions 27.311ms
[2025-08-01T03:48:27.101+0000] GC(460) Concurrent Mark
[2025-08-01T03:48:27.101+0000] GC(460) Concurrent Mark From Roots
[2025-08-01T03:48:27.101+0000] GC(460) Using 2 workers of 2 for marking
[2025-08-01T03:48:27.159+0000] GC(461) Pause Young (Normal) (G1 Evacuation Pause)
[2025-08-01T03:48:27.159+0000] GC(461) Using 8 workers of 8 for evacuation
[2025-08-01T03:48:27.216+0000] GC(461)   Pre Evacuate Collection Set: 0.8ms
[2025-08-01T03:48:27.216+0000] GC(461)   Merge Heap Roots: 0.1ms
[2025-08-01T03:48:27.216+0000] GC(461)   Evacuate Collection Set: 54.8ms
[2025-08-01T03:48:27.216+0000] GC(461)   Post Evacuate Collection Set: 0.8ms
[2025-08-01T03:48:27.216+0000] GC(461)   Other: 0.1ms
[2025-08-01T03:48:27.216+0000] GC(461) Eden regions: 158->0(117)
[2025-08-01T03:48:27.216+0000] GC(461) Survivor regions: 27->24(24)
[2025-08-01T03:48:27.216+0000] GC(461) Old regions: 1535->1655
[2025-08-01T03:48:27.216+0000] GC(461) Humongous regions: 0->0
[2025-08-01T03:48:27.216+0000] GC(461) Metaspace: 10593K(10816K)->10593K(10816K) NonClass: 9335K(9472K)->9335K(9472K) Class: 1258K(1344K)->1258K(1344K)
[2025-08-01T03:48:27.216+0000] GC(461) Pause Young (Normal) (G1 Evacuation Pause) 3439M->3357M(4096M) 56.920ms
[2025-08-01T03:48:27.216+0000] GC(461) User=0.39s Sys=0.02s Real=0.06s
[2025-08-01T03:48:27.281+0000] GC(462) Pause Young (Normal) (G1 Evacuation Pause)
[2025-08-01T03:48:27.281+0000] GC(462) Using 8 workers of 8 for evacuation
[2025-08-01T03:48:27.341+0000] GC(462)   Pre Evacuate Collection Set: 0.6ms
[2025-08-01T03:48:27.341+0000] GC(462)   Merge Heap Roots: 0.3ms
[2025-08-01T03:48:27.341+0000] GC(462)   Evacuate Collection Set: 58.2ms
[2025-08-01T03:48:27.341+0000] GC(462)   Post Evacuate Collection Set: 0.7ms
[2025-08-01T03:48:27.341+0000] GC(462)   Other: 0.2ms
[2025-08-01T03:48:27.341+0000] GC(462) Eden regions: 117->0(84)
[2025-08-01T03:48:27.341+0000] GC(462) Survivor regions: 24->18(18)
[2025-08-01T03:48:27.341+0000] GC(462) Old regions: 1655->1780
[2025-08-01T03:48:27.341+0000] GC(462) Humongous regions: 0->0
[2025-08-01T03:48:27.341+0000] GC(462) Metaspace: 10593K(10816K)->10593K(10816K) NonClass: 9335K(9472K)->9335K(9472K) Class: 1258K(1344K)->1258K(1344K)
[2025-08-01T03:48:27.341+0000] GC(462) Pause Young (Normal) (G1 Evacuation Pause) 3591M->3595M(4096M) 60.182ms
[2025-08-01T03:48:27.341+0000] GC(462) User=0.45s Sys=0.01s Real=0.06s
[2025-08-01T03:48:27.355+0000] GC(460) Concurrent Mark From Roots 254.094ms
[2025-08-01T03:48:27.355+0000] GC(460) Concurrent Preclean
[2025-08-01T03:48:27.355+0000] GC(460) Concurrent Preclean 0.030ms
[2025-08-01T03:48:27.356+0000] GC(460) Pause Remark
[2025-08-01T03:48:27.360+0000] GC(460) Pause Remark 3753M->1945M(4096M) 4.273ms
[2025-08-01T03:48:27.360+0000] GC(460) User=0.02s Sys=0.00s Real=0.00s
[2025-08-01T03:48:27.360+0000] GC(460) Concurrent Mark 258.983ms
[2025-08-01T03:48:27.360+0000] GC(460) Concurrent Rebuild Remembered Sets and Scrub Regions
[2025-08-01T03:48:27.361+0000] GC(463) Pause Young (Normal) (G1 Evacuation Pause)
[2025-08-01T03:48:27.361+0000] GC(463) Using 8 workers of 8 for evacuation
[2025-08-01T03:48:27.396+0000] GC(463)   Pre Evacuate Collection Set: 0.6ms
[2025-08-01T03:48:27.396+0000] GC(463)   Merge Heap Roots: 0.2ms
[2025-08-01T03:48:27.396+0000] GC(463)   Evacuate Collection Set: 33.1ms
[2025-08-01T03:48:27.397+0000] GC(463)   Post Evacuate Collection Set: 1.0ms
[2025-08-01T03:48:27.397+0000] GC(463)   Other: 0.1ms
[2025-08-01T03:48:27.397+0000] GC(463) Eden regions: 84->0(350)
[2025-08-01T03:48:27.397+0000] GC(463) Survivor regions: 18->13(13)
[2025-08-01T03:48:27.397+0000] GC(463) Old regions: 876->967
[2025-08-01T03:48:27.397+0000] GC(463) Humongous regions: 0->0
[2025-08-01T03:48:27.397+0000] GC(463) Metaspace: 10593K(10816K)->10593K(10816K) NonClass: 9335K(9472K)->9335K(9472K) Class: 1258K(1344K)->1258K(1344K)
[2025-08-01T03:48:27.397+0000] GC(463) Pause Young (Normal) (G1 Evacuation Pause) 1955M->1958M(4096M) 35.238ms
[2025-08-01T03:48:27.397+0000] GC(463) User=0.26s Sys=0.01s Real=0.04s
[2025-08-01T03:48:27.556+0000] GC(464) Pause Young (Normal) (G1 Evacuation Pause)
[2025-08-01T03:48:27.557+0000] GC(464) Using 8 workers of 8 for evacuation
[2025-08-01T03:48:27.683+0000] GC(464)   Pre Evacuate Collection Set: 0.8ms
[2025-08-01T03:48:27.683+0000] GC(464)   Merge Heap Roots: 0.3ms
[2025-08-01T03:48:27.683+0000] GC(464)   Evacuate Collection Set: 124.0ms
[2025-08-01T03:48:27.683+0000] GC(464)   Post Evacuate Collection Set: 1.0ms
[2025-08-01T03:48:27.683+0000] GC(464)   Other: 0.3ms
[2025-08-01T03:48:27.683+0000] GC(464) Eden regions: 350->0(227)
[2025-08-01T03:48:27.683+0000] GC(464) Survivor regions: 13->46(46)
[2025-08-01T03:48:27.683+0000] GC(464) Old regions: 967->1286
[2025-08-01T03:48:27.683+0000] GC(464) Humongous regions: 0->0
[2025-08-01T03:48:27.683+0000] GC(464) Metaspace: 10593K(10816K)->10593K(10816K) NonClass: 9335K(9472K)->9335K(9472K) Class: 1258K(1344K)->1258K(1344K)
[2025-08-01T03:48:27.683+0000] GC(464) Pause Young (Normal) (G1 Evacuation Pause) 2658M->2662M(4096M) 126.648ms
[2025-08-01T03:48:27.683+0000] GC(464) User=0.97s Sys=0.02s Real=0.13s
[2025-08-01T03:48:27.702+0000] GC(460) Concurrent Rebuild Remembered Sets and Scrub Regions 341.750ms
[2025-08-01T03:48:27.703+0000] GC(460) Pause Cleanup
[2025-08-01T03:48:27.704+0000] GC(460) Pause Cleanup 2856M->2856M(4096M) 1.486ms
[2025-08-01T03:48:27.704+0000] GC(460) User=0.00s Sys=0.00s Real=0.01s
[2025-08-01T03:48:27.704+0000] GC(460) Concurrent Clear Claimed Marks
[2025-08-01T03:48:27.704+0000] GC(460) Concurrent Clear Claimed Marks 0.039ms
[2025-08-01T03:48:27.704+0000] GC(460) Concurrent Cleanup for Next Mark
[2025-08-01T03:48:27.713+0000] GC(460) Concurrent Cleanup for Next Mark 8.468ms
[2025-08-01T03:48:27.713+0000] GC(460) Concurrent Mark Cycle 639.210ms
[2025-08-01T03:48:27.770+0000] GC(465) Pause Young (Prepare Mixed) (G1 Evacuation Pause)
[2025-08-01T03:48:27.770+0000] GC(465) Using 8 workers of 8 for evacuation
[2025-08-01T03:48:27.844+0000] GC(465)   Pre Evacuate Collection Set: 0.7ms
[2025-08-01T03:48:27.844+0000] GC(465)   Merge Heap Roots: 0.2ms
[2025-08-01T03:48:27.844+0000] GC(465)   Evacuate Collection Set: 71.5ms
[2025-08-01T03:48:27.844+0000] GC(465)   Post Evacuate Collection Set: 1.4ms
[2025-08-01T03:48:27.844+0000] GC(465)   Other: 0.1ms
[2025-08-01T03:48:27.844+0000] GC(465) Eden regions: 227->0(183)
[2025-08-01T03:48:27.844+0000] GC(465) Survivor regions: 46->35(35)
[2025-08-01T03:48:27.844+0000] GC(465) Old regions: 1286->1448
[2025-08-01T03:48:27.844+0000] GC(465) Humongous regions: 0->0
[2025-08-01T03:48:27.844+0000] GC(465) Metaspace: 10593K(10816K)->10593K(10816K) NonClass: 9335K(9472K)->9335K(9472K) Class: 1258K(1344K)->1258K(1344K)
[2025-08-01T03:48:27.844+0000] GC(465) Pause Young (Prepare Mixed) (G1 Evacuation Pause) 3116M->2965M(4096M) 74.276ms
[2025-08-01T03:48:27.844+0000] GC(465) User=0.55s Sys=0.02s Real=0.08s
[2025-08-01T03:48:27.923+0000] GC(466) Pause Young (Mixed) (G1 Evacuation Pause)
[2025-08-01T03:48:27.924+0000] GC(466) Using 8 workers of 8 for evacuation
[2025-08-01T03:48:27.991+0000] GC(466)   Pre Evacuate Collection Set: 0.7ms
[2025-08-01T03:48:27.991+0000] GC(466)   Merge Heap Roots: 0.3ms
[2025-08-01T03:48:27.991+0000] GC(466)   Evacuate Collection Set: 65.6ms
[2025-08-01T03:48:27.991+0000] GC(466)   Post Evacuate Collection Set: 1.1ms
[2025-08-01T03:48:27.991+0000] GC(466)   Other: 0.1ms
[2025-08-01T03:48:27.991+0000] GC(466) Eden regions: 183->0(179)
[2025-08-01T03:48:27.991+0000] GC(466) Survivor regions: 35->28(28)
[2025-08-01T03:48:27.991+0000] GC(466) Old regions: 1448->1464
[2025-08-01T03:48:27.992+0000] GC(466) Humongous regions: 0->0
[2025-08-01T03:48:27.992+0000] GC(466) Metaspace: 10593K(10816K)->10593K(10816K) NonClass: 9335K(9472K)->9335K(9472K) Class: 1258K(1344K)->1258K(1344K)
[2025-08-01T03:48:27.992+0000] GC(466) Pause Young (Mixed) (G1 Evacuation Pause) 3331M->2982M(4096M) 68.128ms
[2025-08-01T03:48:27.992+0000] GC(466) User=0.50s Sys=0.02s Real=0.06s
[2025-08-01T03:48:28.069+0000] GC(467) Pause Young (Concurrent Start) (G1 Evacuation Pause)
[2025-08-01T03:48:28.069+0000] GC(467) Using 8 workers of 8 for evacuation
[2025-08-01T03:48:28.190+0000] GC(467)   Pre Evacuate Collection Set: 1.0ms
[2025-08-01T03:48:28.190+0000] GC(467)   Merge Heap Roots: 0.4ms
[2025-08-01T03:48:28.190+0000] GC(467)   Evacuate Collection Set: 118.7ms
[2025-08-01T03:48:28.190+0000] GC(467)   Post Evacuate Collection Set: 0.6ms
[2025-08-01T03:48:28.190+0000] GC(467)   Other: 0.2ms
[2025-08-01T03:48:28.190+0000] GC(467) Eden regions: 179->0(116)
[2025-08-01T03:48:28.190+0000] GC(467) Survivor regions: 28->26(26)
[2025-08-01T03:48:28.190+0000] GC(467) Old regions: 1464->1647
[2025-08-01T03:48:28.190+0000] GC(467) Humongous regions: 0->0
[2025-08-01T03:48:28.190+0000] GC(467) Metaspace: 10593K(10816K)->10593K(10816K) NonClass: 9335K(9472K)->9335K(9472K) Class: 1258K(1344K)->1258K(1344K)
[2025-08-01T03:48:28.191+0000] GC(467) Pause Young (Concurrent Start) (G1 Evacuation Pause) 3340M->3344M(4096M) 121.168ms
[2025-08-01T03:48:28.191+0000] GC(467) User=0.87s Sys=0.05s Real=0.12s
[2025-08-01T03:48:28.191+0000] GC(468) Concurrent Mark Cycle
[2025-08-01T03:48:28.191+0000] GC(468) Concurrent Scan Root Regions
[2025-08-01T03:48:28.229+0000] GC(468) Concurrent Scan Root Regions 38.244ms
[2025-08-01T03:48:28.229+0000] GC(468) Concurrent Mark
[2025-08-01T03:48:28.229+0000] GC(468) Concurrent Mark From Roots
[2025-08-01T03:48:28.229+0000] GC(468) Using 2 workers of 2 for marking
[2025-08-01T03:48:28.258+0000] GC(469) Pause Young (Normal) (G1 Evacuation Pause)
[2025-08-01T03:48:28.258+0000] GC(469) Using 8 workers of 8 for evacuation
[2025-08-01T03:48:28.315+0000] GC(469)   Pre Evacuate Collection Set: 1.2ms
[2025-08-01T03:48:28.315+0000] GC(469)   Merge Heap Roots: 0.2ms
[2025-08-01T03:48:28.315+0000] GC(469)   Evacuate Collection Set: 54.4ms
[2025-08-01T03:48:28.315+0000] GC(469)   Post Evacuate Collection Set: 1.0ms
[2025-08-01T03:48:28.315+0000] GC(469)   Other: 0.1ms
[2025-08-01T03:48:28.315+0000] GC(469) Eden regions: 116->0(84)
[2025-08-01T03:48:28.315+0000] GC(469) Survivor regions: 26->18(18)
[2025-08-01T03:48:28.315+0000] GC(469) Old regions: 1647->1773
[2025-08-01T03:48:28.315+0000] GC(469) Humongous regions: 0->0
[2025-08-01T03:48:28.315+0000] GC(469) Metaspace: 10593K(10816K)->10593K(10816K) NonClass: 9335K(9472K)->9335K(9472K) Class: 1258K(1344K)->1258K(1344K)
[2025-08-01T03:48:28.315+0000] GC(469) Pause Young (Normal) (G1 Evacuation Pause) 3576M->3581M(4096M) 57.119ms
[2025-08-01T03:48:28.315+0000] GC(469) User=0.40s Sys=0.01s Real=0.06s
[2025-08-01T03:48:28.337+0000] GC(470) Pause Young (Normal) (G1 Evacuation Pause)
[2025-08-01T03:48:28.337+0000] GC(470) Using 8 workers of 8 for evacuation
[2025-08-01T03:48:28.374+0000] GC(470)   Pre Evacuate Collection Set: 1.0ms
[2025-08-01T03:48:28.374+0000] GC(470)   Merge Heap Roots: 0.2ms
[2025-08-01T03:48:28.374+0000] GC(470)   Evacuate Collection Set: 34.7ms
[2025-08-01T03:48:28.374+0000] GC(470)   Post Evacuate Collection Set: 0.8ms
[2025-08-01T03:48:28.374+0000] GC(470)   Other: 0.1ms
[2025-08-01T03:48:28.374+0000] GC(470) Eden regions: 84->0(89)
[2025-08-01T03:48:28.374+0000] GC(470) Survivor regions: 18->13(13)
[2025-08-01T03:48:28.374+0000] GC(470) Old regions: 1773->1864
[2025-08-01T03:48:28.374+0000] GC(470) Humongous regions: 0->0
[2025-08-01T03:48:28.374+0000] GC(470) Metaspace: 10593K(10816K)->10593K(10816K) NonClass: 9335K(9472K)->9335K(9472K) Class: 1258K(1344K)->1258K(1344K)
[2025-08-01T03:48:28.374+0000] GC(470) Pause Young (Normal) (G1 Evacuation Pause) 3749M->3752M(4096M) 37.256ms
[2025-08-01T03:48:28.374+0000] GC(470) User=0.27s Sys=0.00s Real=0.04s
[2025-08-01T03:48:28.416+0000] GC(468) Concurrent Mark From Roots 186.533ms
[2025-08-01T03:48:28.416+0000] GC(468) Concurrent Preclean
[2025-08-01T03:48:28.416+0000] GC(468) Concurrent Preclean 0.031ms
[2025-08-01T03:48:28.416+0000] GC(468) Pause Remark
[2025-08-01T03:48:28.420+0000] GC(468) Pause Remark 3916M->1486M(4096M) 3.909ms
[2025-08-01T03:48:28.420+0000] GC(468) User=0.01s Sys=0.00s Real=0.00s
[2025-08-01T03:48:28.420+0000] GC(468) Concurrent Mark 190.787ms
[2025-08-01T03:48:28.420+0000] GC(468) Concurrent Rebuild Remembered Sets and Scrub Regions
[2025-08-01T03:48:28.438+0000] GC(471) Pause Young (Normal) (G1 Evacuation Pause)
[2025-08-01T03:48:28.438+0000] GC(471) Using 8 workers of 8 for evacuation
[2025-08-01T03:48:28.477+0000] GC(471)   Pre Evacuate Collection Set: 1.0ms
[2025-08-01T03:48:28.477+0000] GC(471)   Merge Heap Roots: 0.3ms
[2025-08-01T03:48:28.477+0000] GC(471)   Evacuate Collection Set: 36.8ms
[2025-08-01T03:48:28.477+0000] GC(471)   Post Evacuate Collection Set: 0.9ms
[2025-08-01T03:48:28.477+0000] GC(471)   Other: 0.1ms
[2025-08-01T03:48:28.477+0000] GC(471) Eden regions: 89->0(409)
[2025-08-01T03:48:28.477+0000] GC(471) Survivor regions: 13->13(13)
[2025-08-01T03:48:28.477+0000] GC(471) Old regions: 649->739
[2025-08-01T03:48:28.477+0000] GC(471) Humongous regions: 0->0
[2025-08-01T03:48:28.477+0000] GC(471) Metaspace: 10593K(10816K)->10593K(10816K) NonClass: 9335K(9472K)->9335K(9472K) Class: 1258K(1344K)->1258K(1344K)
[2025-08-01T03:48:28.477+0000] GC(471) Pause Young (Normal) (G1 Evacuation Pause) 1500M->1503M(4096M) 39.362ms
[2025-08-01T03:48:28.478+0000] GC(471) User=0.24s Sys=0.02s Real=0.04s
[2025-08-01T03:48:28.627+0000] GC(468) Concurrent Rebuild Remembered Sets and Scrub Regions 207.194ms
[2025-08-01T03:48:28.627+0000] GC(468) Pause Cleanup
[2025-08-01T03:48:28.628+0000] GC(468) Pause Cleanup 2212M->2212M(4096M) 1.022ms
[2025-08-01T03:48:28.628+0000] GC(468) User=0.01s Sys=0.00s Real=0.00s
[2025-08-01T03:48:28.628+0000] GC(468) Concurrent Clear Claimed Marks
[2025-08-01T03:48:28.628+0000] GC(468) Concurrent Clear Claimed Marks 0.031ms
[2025-08-01T03:48:28.628+0000] GC(468) Concurrent Cleanup for Next Mark
[2025-08-01T03:48:28.636+0000] GC(468) Concurrent Cleanup for Next Mark 7.287ms
[2025-08-01T03:48:28.636+0000] GC(468) Concurrent Mark Cycle 445.001ms
[2025-08-01T03:48:28.667+0000] GC(472) Pause Young (Prepare Mixed) (G1 Evacuation Pause)
[2025-08-01T03:48:28.667+0000] GC(472) Using 8 workers of 8 for evacuation
[2025-08-01T03:48:28.784+0000] GC(472)   Pre Evacuate Collection Set: 0.5ms
[2025-08-01T03:48:28.784+0000] GC(472)   Merge Heap Roots: 0.3ms
[2025-08-01T03:48:28.784+0000] GC(472)   Evacuate Collection Set: 114.5ms
[2025-08-01T03:48:28.784+0000] GC(472)   Post Evacuate Collection Set: 1.4ms
[2025-08-01T03:48:28.784+0000] GC(472)   Other: 0.2ms
[2025-08-01T03:48:28.784+0000] GC(472) Eden regions: 409->0(367)
[2025-08-01T03:48:28.784+0000] GC(472) Survivor regions: 13->53(53)
[2025-08-01T03:48:28.784+0000] GC(472) Old regions: 739->879
[2025-08-01T03:48:28.784+0000] GC(472) Humongous regions: 0->0
[2025-08-01T03:48:28.784+0000] GC(472) Metaspace: 10593K(10816K)->10593K(10816K) NonClass: 9335K(9472K)->9335K(9472K) Class: 1258K(1344K)->1258K(1344K)
[2025-08-01T03:48:28.784+0000] GC(472) Pause Young (Prepare Mixed) (G1 Evacuation Pause) 2321M->1863M(4096M) 117.176ms
[2025-08-01T03:48:28.784+0000] GC(472) User=0.87s Sys=0.03s Real=0.12s
[2025-08-01T03:48:28.938+0000] GC(473) Pause Young (Mixed) (G1 Evacuation Pause)
[2025-08-01T03:48:28.939+0000] GC(473) Using 8 workers of 8 for evacuation
[2025-08-01T03:48:29.182+0000] GC(473) MMU target violated: 201.0ms (200.0ms/201.0ms)
[2025-08-01T03:48:29.183+0000] GC(473)   Pre Evacuate Collection Set: 0.8ms
[2025-08-01T03:48:29.183+0000] GC(473)   Merge Heap Roots: 0.3ms
[2025-08-01T03:48:29.183+0000] GC(473)   Evacuate Collection Set: 241.3ms
[2025-08-01T03:48:29.183+0000] GC(473)   Post Evacuate Collection Set: 1.3ms
[2025-08-01T03:48:29.183+0000] GC(473)   Other: 0.2ms
[2025-08-01T03:48:29.183+0000] GC(473) Eden regions: 367->0(239)
[2025-08-01T03:48:29.183+0000] GC(473) Survivor regions: 53->53(53)
[2025-08-01T03:48:29.183+0000] GC(473) Old regions: 879->1237
[2025-08-01T03:48:29.183+0000] GC(473) Humongous regions: 0->0
[2025-08-01T03:48:29.183+0000] GC(473) Metaspace: 10593K(10816K)->10593K(10816K) NonClass: 9335K(9472K)->9335K(9472K) Class: 1258K(1344K)->1258K(1344K)
[2025-08-01T03:48:29.183+0000] GC(473) Pause Young (Mixed) (G1 Evacuation Pause) 2597M->2578M(4096M) 244.155ms
[2025-08-01T03:48:29.183+0000] GC(473) User=1.82s Sys=0.08s Real=0.24s
[2025-08-01T03:48:29.272+0000] GC(474) Pause Young (Concurrent Start) (G1 Evacuation Pause)
[2025-08-01T03:48:29.272+0000] GC(474) Using 8 workers of 8 for evacuation
[2025-08-01T03:48:29.356+0000] GC(474)   Pre Evacuate Collection Set: 1.6ms
[2025-08-01T03:48:29.356+0000] GC(474)   Merge Heap Roots: 0.2ms
[2025-08-01T03:48:29.356+0000] GC(474)   Evacuate Collection Set: 80.2ms
[2025-08-01T03:48:29.356+0000] GC(474)   Post Evacuate Collection Set: 1.1ms
[2025-08-01T03:48:29.356+0000] GC(474)   Other: 0.3ms
[2025-08-01T03:48:29.356+0000] GC(474) Eden regions: 239->0(183)
[2025-08-01T03:48:29.356+0000] GC(474) Survivor regions: 53->37(37)
[2025-08-01T03:48:29.356+0000] GC(474) Old regions: 1237->1434
[2025-08-01T03:48:29.356+0000] GC(474) Humongous regions: 0->0
[2025-08-01T03:48:29.356+0000] GC(474) Metaspace: 10593K(10816K)->10593K(10816K) NonClass: 9335K(9472K)->9335K(9472K) Class: 1258K(1344K)->1258K(1344K)
[2025-08-01T03:48:29.356+0000] GC(474) Pause Young (Concurrent Start) (G1 Evacuation Pause) 3056M->2941M(4096M) 83.708ms
[2025-08-01T03:48:29.356+0000] GC(474) User=0.63s Sys=0.01s Real=0.09s
[2025-08-01T03:48:29.356+0000] GC(475) Concurrent Mark Cycle
[2025-08-01T03:48:29.356+0000] GC(475) Concurrent Scan Root Regions
[2025-08-01T03:48:29.405+0000] GC(475) Concurrent Scan Root Regions 48.679ms
[2025-08-01T03:48:29.405+0000] GC(475) Concurrent Mark
[2025-08-01T03:48:29.405+0000] GC(475) Concurrent Mark From Roots
[2025-08-01T03:48:29.405+0000] GC(475) Using 2 workers of 2 for marking
[2025-08-01T03:48:29.448+0000] GC(476) Pause Young (Normal) (G1 Evacuation Pause)
[2025-08-01T03:48:29.448+0000] GC(476) Using 8 workers of 8 for evacuation
[2025-08-01T03:48:29.503+0000] GC(476)   Pre Evacuate Collection Set: 0.9ms
[2025-08-01T03:48:29.503+0000] GC(476)   Merge Heap Roots: 0.2ms
[2025-08-01T03:48:29.503+0000] GC(476)   Evacuate Collection Set: 52.5ms
[2025-08-01T03:48:29.503+0000] GC(476)   Post Evacuate Collection Set: 1.0ms
[2025-08-01T03:48:29.503+0000] GC(476)   Other: 0.1ms
[2025-08-01T03:48:29.503+0000] GC(476) Eden regions: 183->0(151)
[2025-08-01T03:48:29.503+0000] GC(476) Survivor regions: 37->28(28)
[2025-08-01T03:48:29.503+0000] GC(476) Old regions: 1434->1551
[2025-08-01T03:48:29.503+0000] GC(476) Humongous regions: 0->0
[2025-08-01T03:48:29.503+0000] GC(476) Metaspace: 10593K(10816K)->10593K(10816K) NonClass: 9335K(9472K)->9335K(9472K) Class: 1258K(1344K)->1258K(1344K)
[2025-08-01T03:48:29.503+0000] GC(476) Pause Young (Normal) (G1 Evacuation Pause) 3307M->3157M(4096M) 54.919ms
[2025-08-01T03:48:29.503+0000] GC(476) User=0.40s Sys=0.01s Real=0.05s
[2025-08-01T03:48:29.581+0000] GC(477) Pause Young (Normal) (G1 Evacuation Pause)
[2025-08-01T03:48:29.581+0000] GC(477) Using 8 workers of 8 for evacuation
[2025-08-01T03:48:29.640+0000] GC(477)   Pre Evacuate Collection Set: 0.5ms
[2025-08-01T03:48:29.640+0000] GC(477)   Merge Heap Roots: 0.1ms
[2025-08-01T03:48:29.640+0000] GC(477)   Evacuate Collection Set: 56.7ms
[2025-08-01T03:48:29.640+0000] GC(477)   Post Evacuate Collection Set: 1.2ms
[2025-08-01T03:48:29.640+0000] GC(477)   Other: 0.1ms
[2025-08-01T03:48:29.640+0000] GC(477) Eden regions: 151->0(112)
[2025-08-01T03:48:29.640+0000] GC(477) Survivor regions: 28->23(23)
[2025-08-01T03:48:29.640+0000] GC(477) Old regions: 1551->1673
[2025-08-01T03:48:29.640+0000] GC(477) Humongous regions: 0->0
[2025-08-01T03:48:29.640+0000] GC(477) Metaspace: 10593K(10816K)->10593K(10816K) NonClass: 9335K(9472K)->9335K(9472K) Class: 1258K(1344K)->1258K(1344K)
[2025-08-01T03:48:29.641+0000] GC(477) Pause Young (Normal) (G1 Evacuation Pause) 3459M->3391M(4096M) 58.882ms
[2025-08-01T03:48:29.641+0000] GC(477) User=0.44s Sys=0.01s Real=0.06s
[2025-08-01T03:48:29.673+0000] GC(478) Pause Young (Normal) (G1 Evacuation Pause)
[2025-08-01T03:48:29.673+0000] GC(478) Using 8 workers of 8 for evacuation
[2025-08-01T03:48:29.722+0000] GC(478)   Pre Evacuate Collection Set: 1.5ms
[2025-08-01T03:48:29.722+0000] GC(478)   Merge Heap Roots: 0.6ms
[2025-08-01T03:48:29.722+0000] GC(478)   Evacuate Collection Set: 45.1ms
[2025-08-01T03:48:29.722+0000] GC(478)   Post Evacuate Collection Set: 1.2ms
[2025-08-01T03:48:29.722+0000] GC(478)   Other: 0.1ms
[2025-08-01T03:48:29.722+0000] GC(478) Eden regions: 112->0(85)
[2025-08-01T03:48:29.722+0000] GC(478) Survivor regions: 23->17(17)
[2025-08-01T03:48:29.722+0000] GC(478) Old regions: 1673->1793
[2025-08-01T03:48:29.722+0000] GC(478) Humongous regions: 0->0
[2025-08-01T03:48:29.722+0000] GC(478) Metaspace: 10593K(10816K)->10593K(10816K) NonClass: 9335K(9472K)->9335K(9472K) Class: 1258K(1344K)->1258K(1344K)
[2025-08-01T03:48:29.722+0000] GC(478) Pause Young (Normal) (G1 Evacuation Pause) 3615M->3619M(4096M) 49.040ms
[2025-08-01T03:48:29.722+0000] GC(478) User=0.35s Sys=0.00s Real=0.04s
[2025-08-01T03:48:29.726+0000] GC(475) Concurrent Mark From Roots 320.601ms
[2025-08-01T03:48:29.726+0000] GC(475) Concurrent Preclean
[2025-08-01T03:48:29.726+0000] GC(475) Concurrent Preclean 0.027ms
[2025-08-01T03:48:29.726+0000] GC(475) Pause Remark
[2025-08-01T03:48:29.730+0000] GC(475) Pause Remark 3645M->2125M(4096M) 3.760ms
[2025-08-01T03:48:29.730+0000] GC(475) User=0.01s Sys=0.00s Real=0.00s
[2025-08-01T03:48:29.730+0000] GC(475) Concurrent Mark 325.318ms
[2025-08-01T03:48:29.730+0000] GC(475) Concurrent Rebuild Remembered Sets and Scrub Regions
[2025-08-01T03:48:29.785+0000] GC(479) Pause Young (Normal) (G1 Evacuation Pause)
[2025-08-01T03:48:29.785+0000] GC(479) Using 8 workers of 8 for evacuation
[2025-08-01T03:48:29.823+0000] GC(479)   Pre Evacuate Collection Set: 0.8ms
[2025-08-01T03:48:29.823+0000] GC(479)   Merge Heap Roots: 0.2ms
[2025-08-01T03:48:29.824+0000] GC(479)   Evacuate Collection Set: 35.4ms
[2025-08-01T03:48:29.824+0000] GC(479)   Post Evacuate Collection Set: 1.5ms
[2025-08-01T03:48:29.824+0000] GC(479)   Other: 0.1ms
[2025-08-01T03:48:29.824+0000] GC(479) Eden regions: 85->0(299)
[2025-08-01T03:48:29.824+0000] GC(479) Survivor regions: 17->13(13)
[2025-08-01T03:48:29.824+0000] GC(479) Old regions: 1033->1124
[2025-08-01T03:48:29.824+0000] GC(479) Humongous regions: 0->0
[2025-08-01T03:48:29.824+0000] GC(479) Metaspace: 10593K(10816K)->10593K(10816K) NonClass: 9335K(9472K)->9335K(9472K) Class: 1258K(1344K)->1258K(1344K)
[2025-08-01T03:48:29.824+0000] GC(479) Pause Young (Normal) (G1 Evacuation Pause) 2269M->2272M(4096M) 38.296ms
[2025-08-01T03:48:29.824+0000] GC(479) User=0.28s Sys=0.00s Real=0.04s
[2025-08-01T03:48:29.930+0000] GC(480) Pause Young (Normal) (G1 Evacuation Pause)
[2025-08-01T03:48:29.930+0000] GC(480) Using 8 workers of 8 for evacuation
[2025-08-01T03:48:30.010+0000] GC(480)   Pre Evacuate Collection Set: 0.9ms
[2025-08-01T03:48:30.010+0000] GC(480)   Merge Heap Roots: 0.2ms
[2025-08-01T03:48:30.010+0000] GC(480)   Evacuate Collection Set: 77.7ms
[2025-08-01T03:48:30.010+0000] GC(480)   Post Evacuate Collection Set: 1.2ms
[2025-08-01T03:48:30.010+0000] GC(480)   Other: 0.1ms
[2025-08-01T03:48:30.010+0000] GC(480) Eden regions: 299->0(225)
[2025-08-01T03:48:30.010+0000] GC(480) Survivor regions: 13->39(39)
[2025-08-01T03:48:30.010+0000] GC(480) Old regions: 1124->1325
[2025-08-01T03:48:30.010+0000] GC(480) Humongous regions: 0->0
[2025-08-01T03:48:30.011+0000] GC(480) Metaspace: 10593K(10816K)->10593K(10816K) NonClass: 9335K(9472K)->9335K(9472K) Class: 1258K(1344K)->1258K(1344K)
[2025-08-01T03:48:30.011+0000] GC(480) Pause Young (Normal) (G1 Evacuation Pause) 2870M->2726M(4096M) 80.452ms
[2025-08-01T03:48:30.011+0000] GC(480) User=0.60s Sys=0.01s Real=0.08s
[2025-08-01T03:48:30.080+0000] GC(475) Concurrent Rebuild Remembered Sets and Scrub Regions 349.326ms
[2025-08-01T03:48:30.081+0000] GC(475) Pause Cleanup
[2025-08-01T03:48:30.082+0000] GC(475) Pause Cleanup 2970M->2970M(4096M) 1.123ms
[2025-08-01T03:48:30.082+0000] GC(475) User=0.00s Sys=0.00s Real=0.00s
[2025-08-01T03:48:30.082+0000] GC(475) Concurrent Clear Claimed Marks
[2025-08-01T03:48:30.082+0000] GC(475) Concurrent Clear Claimed Marks 0.045ms
[2025-08-01T03:48:30.082+0000] GC(475) Concurrent Cleanup for Next Mark
[2025-08-01T03:48:30.097+0000] GC(475) Concurrent Cleanup for Next Mark 14.991ms
[2025-08-01T03:48:30.098+0000] GC(475) Concurrent Mark Cycle 741.835ms
[2025-08-01T03:48:30.108+0000] GC(481) Pause Young (Prepare Mixed) (G1 Evacuation Pause)
[2025-08-01T03:48:30.108+0000] GC(481) Using 8 workers of 8 for evacuation
[2025-08-01T03:48:30.193+0000] GC(481)   Pre Evacuate Collection Set: 1.5ms
[2025-08-01T03:48:30.193+0000] GC(481)   Merge Heap Roots: 1.2ms
[2025-08-01T03:48:30.193+0000] GC(481)   Evacuate Collection Set: 81.2ms
[2025-08-01T03:48:30.193+0000] GC(481)   Post Evacuate Collection Set: 1.1ms
[2025-08-01T03:48:30.193+0000] GC(481)   Other: 0.1ms
[2025-08-01T03:48:30.193+0000] GC(481) Eden regions: 225->0(157)
[2025-08-01T03:48:30.193+0000] GC(481) Survivor regions: 39->33(33)
[2025-08-01T03:48:30.194+0000] GC(481) Old regions: 1325->1522
[2025-08-01T03:48:30.194+0000] GC(481) Humongous regions: 0->0
[2025-08-01T03:48:30.194+0000] GC(481) Metaspace: 10593K(10816K)->10593K(10816K) NonClass: 9335K(9472K)->9335K(9472K) Class: 1258K(1344K)->1258K(1344K)
[2025-08-01T03:48:30.194+0000] GC(481) Pause Young (Prepare Mixed) (G1 Evacuation Pause) 3176M->3109M(4096M) 85.415ms
[2025-08-01T03:48:30.194+0000] GC(481) User=0.61s Sys=0.03s Real=0.09s
[2025-08-01T03:48:30.275+0000] GC(482) Pause Young (Mixed) (G1 Evacuation Pause)
[2025-08-01T03:48:30.275+0000] GC(482) Using 8 workers of 8 for evacuation
[2025-08-01T03:48:30.391+0000] GC(482)   Pre Evacuate Collection Set: 0.8ms
[2025-08-01T03:48:30.391+0000] GC(482)   Merge Heap Roots: 0.3ms
[2025-08-01T03:48:30.391+0000] GC(482)   Evacuate Collection Set: 113.6ms
[2025-08-01T03:48:30.391+0000] GC(482)   Post Evacuate Collection Set: 1.0ms
[2025-08-01T03:48:30.391+0000] GC(482)   Other: 0.2ms
[2025-08-01T03:48:30.391+0000] GC(482) Eden regions: 157->0(116)
[2025-08-01T03:48:30.391+0000] GC(482) Survivor regions: 33->24(24)
[2025-08-01T03:48:30.391+0000] GC(482) Old regions: 1522->1651
[2025-08-01T03:48:30.391+0000] GC(482) Humongous regions: 0->0
[2025-08-01T03:48:30.391+0000] GC(482) Metaspace: 10593K(10816K)->10593K(10816K) NonClass: 9335K(9472K)->9335K(9472K) Class: 1258K(1344K)->1258K(1344K)
[2025-08-01T03:48:30.392+0000] GC(482) Pause Young (Mixed) (G1 Evacuation Pause) 3423M->3349M(4096M) 116.176ms
[2025-08-01T03:48:30.392+0000] GC(482) User=0.85s Sys=0.04s Real=0.11s
[2025-08-01T03:48:30.462+0000] GC(483) Pause Young (Concurrent Start) (G1 Evacuation Pause)
[2025-08-01T03:48:30.462+0000] GC(483) Using 8 workers of 8 for evacuation
[2025-08-01T03:48:30.525+0000] GC(483)   Pre Evacuate Collection Set: 1.1ms
[2025-08-01T03:48:30.525+0000] GC(483)   Merge Heap Roots: 0.3ms
[2025-08-01T03:48:30.525+0000] GC(483)   Evacuate Collection Set: 59.1ms
[2025-08-01T03:48:30.525+0000] GC(483)   Post Evacuate Collection Set: 2.3ms
[2025-08-01T03:48:30.525+0000] GC(483)   Other: 0.3ms
[2025-08-01T03:48:30.525+0000] GC(483) Eden regions: 116->0(87)
[2025-08-01T03:48:30.525+0000] GC(483) Survivor regions: 24->18(18)
[2025-08-01T03:48:30.525+0000] GC(483) Old regions: 1651->1753
[2025-08-01T03:48:30.525+0000] GC(483) Humongous regions: 0->0
[2025-08-01T03:48:30.525+0000] GC(483) Metaspace: 10593K(10816K)->10593K(10816K) NonClass: 9335K(9472K)->9335K(9472K) Class: 1258K(1344K)->1258K(1344K)
[2025-08-01T03:48:30.525+0000] GC(483) Pause Young (Concurrent Start) (G1 Evacuation Pause) 3581M->3541M(4096M) 63.670ms
[2025-08-01T03:48:30.525+0000] GC(483) User=0.45s Sys=0.01s Real=0.07s
[2025-08-01T03:48:30.525+0000] GC(484) Concurrent Mark Cycle
[2025-08-01T03:48:30.525+0000] GC(484) Concurrent Scan Root Regions
[2025-08-01T03:48:30.562+0000] GC(485) Pause Young (Normal) (G1 Evacuation Pause)
[2025-08-01T03:48:30.562+0000] GC(485) Using 8 workers of 8 for evacuation
[2025-08-01T03:48:30.562+0000] GC(484) Concurrent Scan Root Regions 36.687ms
[2025-08-01T03:48:30.562+0000] GC(484) Concurrent Mark
[2025-08-01T03:48:30.562+0000] GC(484) Concurrent Mark From Roots
[2025-08-01T03:48:30.562+0000] GC(484) Using 2 workers of 2 for marking
[2025-08-01T03:48:30.605+0000] GC(485)   Pre Evacuate Collection Set: 1.5ms
[2025-08-01T03:48:30.605+0000] GC(485)   Merge Heap Roots: 0.1ms
[2025-08-01T03:48:30.605+0000] GC(485)   Evacuate Collection Set: 39.9ms
[2025-08-01T03:48:30.605+0000] GC(485)   Post Evacuate Collection Set: 0.7ms
[2025-08-01T03:48:30.605+0000] GC(485)   Other: 0.3ms
[2025-08-01T03:48:30.605+0000] GC(485) Eden regions: 87->0(88)
[2025-08-01T03:48:30.605+0000] GC(485) Survivor regions: 18->14(14)
[2025-08-01T03:48:30.605+0000] GC(485) Old regions: 1753->1845
[2025-08-01T03:48:30.605+0000] GC(485) Humongous regions: 0->0
[2025-08-01T03:48:30.605+0000] GC(485) Metaspace: 10593K(10816K)->10593K(10816K) NonClass: 9335K(9472K)->9335K(9472K) Class: 1258K(1344K)->1258K(1344K)
[2025-08-01T03:48:30.605+0000] GC(485) Pause Young (Normal) (G1 Evacuation Pause) 3715M->3717M(4096M) 43.143ms
[2025-08-01T03:48:30.605+0000] GC(485) User=0.32s Sys=0.00s Real=0.05s
[2025-08-01T03:48:30.637+0000] GC(486) Pause Young (Normal) (G1 Evacuation Pause)
[2025-08-01T03:48:30.637+0000] GC(486) Using 8 workers of 8 for evacuation
[2025-08-01T03:48:30.673+0000] GC(486)   Pre Evacuate Collection Set: 0.6ms
[2025-08-01T03:48:30.673+0000] GC(486)   Merge Heap Roots: 0.3ms
[2025-08-01T03:48:30.673+0000] GC(486)   Evacuate Collection Set: 34.6ms
[2025-08-01T03:48:30.673+0000] GC(486)   Post Evacuate Collection Set: 0.8ms
[2025-08-01T03:48:30.673+0000] GC(486)   Other: 0.1ms
[2025-08-01T03:48:30.673+0000] GC(486) Eden regions: 88->0(85)
[2025-08-01T03:48:30.674+0000] GC(486) Survivor regions: 14->13(13)
[2025-08-01T03:48:30.674+0000] GC(486) Old regions: 1845->1937
[2025-08-01T03:48:30.674+0000] GC(486) Humongous regions: 0->0
[2025-08-01T03:48:30.674+0000] GC(486) Metaspace: 10593K(10816K)->10593K(10816K) NonClass: 9335K(9472K)->9335K(9472K) Class: 1258K(1344K)->1258K(1344K)
[2025-08-01T03:48:30.674+0000] GC(486) Pause Young (Normal) (G1 Evacuation Pause) (Evacuation Failure) 3893M->3899M(4096M) 36.571ms
[2025-08-01T03:48:30.674+0000] GC(486) User=0.26s Sys=0.02s Real=0.04s
[2025-08-01T03:48:30.697+0000] GC(487) Pause Young (Normal) (G1 Evacuation Pause)
[2025-08-01T03:48:30.698+0000] GC(487) Using 8 workers of 8 for evacuation
[2025-08-01T03:48:30.724+0000] GC(487)   Pre Evacuate Collection Set: 0.8ms
[2025-08-01T03:48:30.724+0000] GC(487)   Merge Heap Roots: 0.3ms
[2025-08-01T03:48:30.724+0000] GC(487)   Evacuate Collection Set: 17.8ms
[2025-08-01T03:48:30.724+0000] GC(487)   Post Evacuate Collection Set: 7.2ms
[2025-08-01T03:48:30.724+0000] GC(487)   Other: 0.1ms
[2025-08-01T03:48:30.724+0000] GC(487) Eden regions: 85->0(0)
[2025-08-01T03:48:30.724+0000] GC(487) Survivor regions: 13->7(13)
[2025-08-01T03:48:30.724+0000] GC(487) Old regions: 1937->2038
[2025-08-01T03:48:30.724+0000] GC(487) Humongous regions: 0->0
[2025-08-01T03:48:30.724+0000] GC(487) Metaspace: 10593K(10816K)->10593K(10816K) NonClass: 9335K(9472K)->9335K(9472K) Class: 1258K(1344K)->1258K(1344K)
[2025-08-01T03:48:30.724+0000] GC(487) Pause Young (Normal) (G1 Evacuation Pause) (Evacuation Failure) 4069M->4089M(4096M) 26.631ms
[2025-08-01T03:48:30.724+0000] GC(487) User=0.17s Sys=0.01s Real=0.03s
[2025-08-01T03:48:30.724+0000] Attempting full compaction
[2025-08-01T03:48:30.724+0000] GC(488) Pause Full (G1 Compaction Pause)
[2025-08-01T03:48:30.724+0000] GC(488) Using 8 workers of 8 for full compaction
[2025-08-01T03:48:30.729+0000] GC(488) Phase 1: Mark live objects
[2025-08-01T03:48:30.784+0000] GC(488) Phase 1: Mark live objects 54.562ms
[2025-08-01T03:48:30.784+0000] GC(488) Phase 2: Prepare compaction
[2025-08-01T03:48:30.794+0000] GC(488) Phase 2: Prepare compaction 9.969ms
[2025-08-01T03:48:30.794+0000] GC(488) Phase 3: Adjust pointers
[2025-08-01T03:48:30.845+0000] GC(488) Phase 3: Adjust pointers 51.393ms
[2025-08-01T03:48:30.845+0000] GC(488) Phase 4: Compact heap
[2025-08-01T03:48:30.880+0000] GC(488) Phase 4: Compact heap 34.943ms
[2025-08-01T03:48:30.880+0000] GC(488) Phase 5: Reset Metadata
[2025-08-01T03:48:30.925+0000] GC(488) Phase 5: Reset Metadata 44.126ms
[2025-08-01T03:48:30.933+0000] GC(488) Eden regions: 0->0(539)
[2025-08-01T03:48:30.933+0000] GC(488) Survivor regions: 7->0(13)
[2025-08-01T03:48:30.933+0000] GC(488) Old regions: 2038->588
[2025-08-01T03:48:30.933+0000] GC(488) Humongous regions: 0->0
[2025-08-01T03:48:30.933+0000] GC(488) Metaspace: 10593K(10816K)->10593K(10816K) NonClass: 9335K(9472K)->9335K(9472K) Class: 1258K(1344K)->1258K(1344K)
[2025-08-01T03:48:30.933+0000] GC(488) Pause Full (G1 Compaction Pause) 4089M->1169M(4096M) 208.749ms
[2025-08-01T03:48:30.933+0000] GC(488) User=1.58s Sys=0.00s Real=0.21s
[2025-08-01T03:48:30.934+0000] GC(484) Concurrent Mark From Roots 371.230ms
[2025-08-01T03:48:30.934+0000] GC(484) Concurrent Mark Abort
[2025-08-01T03:48:30.934+0000] GC(484) Concurrent Mark Cycle 408.134ms
[2025-08-01T03:48:31.196+0000] GC(489) Pause Young (Normal) (G1 Evacuation Pause)
[2025-08-01T03:48:31.196+0000] GC(489) Using 8 workers of 8 for evacuation
[2025-08-01T03:48:31.387+0000] GC(489)   Pre Evacuate Collection Set: 0.7ms
[2025-08-01T03:48:31.388+0000] GC(489)   Merge Heap Roots: 0.8ms
[2025-08-01T03:48:31.388+0000] GC(489)   Evacuate Collection Set: 189.1ms
[2025-08-01T03:48:31.388+0000] GC(489)   Post Evacuate Collection Set: 0.9ms
[2025-08-01T03:48:31.388+0000] GC(489)   Other: 0.1ms
[2025-08-01T03:48:31.388+0000] GC(489) Eden regions: 539->0(384)
[2025-08-01T03:48:31.388+0000] GC(489) Survivor regions: 0->68(68)
[2025-08-01T03:48:31.388+0000] GC(489) Old regions: 588->880
[2025-08-01T03:48:31.388+0000] GC(489) Humongous regions: 0->0
[2025-08-01T03:48:31.388+0000] GC(489) Metaspace: 10593K(10816K)->10593K(10816K) NonClass: 9335K(9472K)->9335K(9472K) Class: 1258K(1344K)->1258K(1344K)
[2025-08-01T03:48:31.388+0000] GC(489) Pause Young (Normal) (G1 Evacuation Pause) 2247M->1889M(4096M) 191.775ms
[2025-08-01T03:48:31.388+0000] GC(489) User=1.33s Sys=0.09s Real=0.19s
[2025-08-01T03:48:31.565+0000] GC(490) Pause Young (Concurrent Start) (G1 Evacuation Pause)
[2025-08-01T03:48:31.565+0000] GC(490) Using 8 workers of 8 for evacuation
[2025-08-01T03:48:31.758+0000] GC(490)   Pre Evacuate Collection Set: 0.9ms
[2025-08-01T03:48:31.758+0000] GC(490)   Merge Heap Roots: 0.2ms
[2025-08-01T03:48:31.758+0000] GC(490)   Evacuate Collection Set: 190.2ms
[2025-08-01T03:48:31.758+0000] GC(490)   Post Evacuate Collection Set: 1.3ms
[2025-08-01T03:48:31.758+0000] GC(490)   Other: 0.6ms
[2025-08-01T03:48:31.758+0000] GC(490) Eden regions: 384->0(238)
[2025-08-01T03:48:31.758+0000] GC(490) Survivor regions: 68->57(57)
[2025-08-01T03:48:31.758+0000] GC(490) Old regions: 880->1234
[2025-08-01T03:48:31.758+0000] GC(490) Humongous regions: 0->0
[2025-08-01T03:48:31.758+0000] GC(490) Metaspace: 10593K(10816K)->10593K(10816K) NonClass: 9335K(9472K)->9335K(9472K) Class: 1258K(1344K)->1258K(1344K)
[2025-08-01T03:48:31.758+0000] GC(490) Pause Young (Concurrent Start) (G1 Evacuation Pause) 2657M->2575M(4096M) 193.639ms
[2025-08-01T03:48:31.758+0000] GC(490) User=1.45s Sys=0.04s Real=0.19s
[2025-08-01T03:48:31.758+0000] GC(491) Concurrent Mark Cycle
[2025-08-01T03:48:31.759+0000] GC(491) Concurrent Scan Root Regions
[2025-08-01T03:48:31.850+0000] GC(491) Concurrent Scan Root Regions 91.620ms
[2025-08-01T03:48:31.850+0000] GC(491) Concurrent Mark
[2025-08-01T03:48:31.851+0000] GC(491) Concurrent Mark From Roots
[2025-08-01T03:48:31.851+0000] GC(491) Using 2 workers of 2 for marking
[2025-08-01T03:48:31.866+0000] GC(492) Pause Young (Normal) (G1 Evacuation Pause)
[2025-08-01T03:48:31.866+0000] GC(492) Using 8 workers of 8 for evacuation
[2025-08-01T03:48:31.943+0000] GC(492)   Pre Evacuate Collection Set: 1.5ms
[2025-08-01T03:48:31.943+0000] GC(492)   Merge Heap Roots: 0.2ms
[2025-08-01T03:48:31.943+0000] GC(492)   Evacuate Collection Set: 73.6ms
[2025-08-01T03:48:31.943+0000] GC(492)   Post Evacuate Collection Set: 1.4ms
[2025-08-01T03:48:31.943+0000] GC(492)   Other: 0.1ms
[2025-08-01T03:48:31.943+0000] GC(492) Eden regions: 238->0(197)
[2025-08-01T03:48:31.943+0000] GC(492) Survivor regions: 57->37(37)
[2025-08-01T03:48:31.943+0000] GC(492) Old regions: 1234->1406
[2025-08-01T03:48:31.943+0000] GC(492) Humongous regions: 0->0
[2025-08-01T03:48:31.943+0000] GC(492) Metaspace: 10593K(10816K)->10593K(10816K) NonClass: 9335K(9472K)->9335K(9472K) Class: 1258K(1344K)->1258K(1344K)
[2025-08-01T03:48:31.943+0000] GC(492) Pause Young (Normal) (G1 Evacuation Pause) 3051M->2878M(4096M) 77.077ms
[2025-08-01T03:48:31.943+0000] GC(492) User=0.57s Sys=0.02s Real=0.08s
[2025-08-01T03:48:32.013+0000] GC(491) Concurrent Mark From Roots 162.501ms
[2025-08-01T03:48:32.013+0000] GC(491) Concurrent Preclean
[2025-08-01T03:48:32.013+0000] GC(491) Concurrent Preclean 0.064ms
[2025-08-01T03:48:32.014+0000] GC(491) Pause Remark
[2025-08-01T03:48:32.017+0000] GC(491) Pause Remark 3130M->1948M(4096M) 3.502ms
[2025-08-01T03:48:32.017+0000] GC(491) User=0.02s Sys=0.00s Real=0.00s
[2025-08-01T03:48:32.017+0000] GC(491) Concurrent Mark 166.899ms
[2025-08-01T03:48:32.017+0000] GC(491) Concurrent Rebuild Remembered Sets and Scrub Regions
[2025-08-01T03:48:32.036+0000] GC(493) Pause Young (Normal) (G1 Evacuation Pause)
[2025-08-01T03:48:32.036+0000] GC(493) Using 8 workers of 8 for evacuation
[2025-08-01T03:48:32.114+0000] GC(493)   Pre Evacuate Collection Set: 1.3ms
[2025-08-01T03:48:32.114+0000] GC(493)   Merge Heap Roots: 0.2ms
[2025-08-01T03:48:32.114+0000] GC(493)   Evacuate Collection Set: 74.6ms
[2025-08-01T03:48:32.114+0000] GC(493)   Post Evacuate Collection Set: 1.7ms
[2025-08-01T03:48:32.114+0000] GC(493)   Other: 0.1ms
[2025-08-01T03:48:32.114+0000] GC(493) Eden regions: 197->0(338)
[2025-08-01T03:48:32.114+0000] GC(493) Survivor regions: 37->30(30)
[2025-08-01T03:48:32.114+0000] GC(493) Old regions: 812->1008
[2025-08-01T03:48:32.114+0000] GC(493) Humongous regions: 0->0
[2025-08-01T03:48:32.114+0000] GC(493) Metaspace: 10593K(10816K)->10593K(10816K) NonClass: 9335K(9472K)->9335K(9472K) Class: 1258K(1344K)->1258K(1344K)
[2025-08-01T03:48:32.114+0000] GC(493) Pause Young (Normal) (G1 Evacuation Pause) 2090M->2075M(4096M) 78.166ms
[2025-08-01T03:48:32.114+0000] GC(493) User=0.54s Sys=0.01s Real=0.08s
[2025-08-01T03:48:32.282+0000] GC(494) Pause Young (Normal) (G1 Evacuation Pause)
[2025-08-01T03:48:32.282+0000] GC(494) Using 8 workers of 8 for evacuation
[2025-08-01T03:48:32.384+0000] GC(494)   Pre Evacuate Collection Set: 0.7ms
[2025-08-01T03:48:32.384+0000] GC(494)   Merge Heap Roots: 0.2ms
[2025-08-01T03:48:32.384+0000] GC(494)   Evacuate Collection Set: 100.3ms
[2025-08-01T03:48:32.384+0000] GC(494)   Post Evacuate Collection Set: 1.3ms
[2025-08-01T03:48:32.384+0000] GC(494)   Other: 0.1ms
[2025-08-01T03:48:32.384+0000] GC(494) Eden regions: 338->0(232)
[2025-08-01T03:48:32.384+0000] GC(494) Survivor regions: 30->46(46)
[2025-08-01T03:48:32.384+0000] GC(494) Old regions: 1008->1280
[2025-08-01T03:48:32.385+0000] GC(494) Humongous regions: 0->0
[2025-08-01T03:48:32.385+0000] GC(494) Metaspace: 10593K(10816K)->10593K(10816K) NonClass: 9335K(9472K)->9335K(9472K) Class: 1258K(1344K)->1258K(1344K)
[2025-08-01T03:48:32.385+0000] GC(494) Pause Young (Normal) (G1 Evacuation Pause) 2751M->2650M(4096M) 102.894ms
[2025-08-01T03:48:32.385+0000] GC(494) User=0.79s Sys=0.02s Real=0.11s
[2025-08-01T03:48:32.398+0000] GC(491) Concurrent Rebuild Remembered Sets and Scrub Regions 380.674ms
[2025-08-01T03:48:32.399+0000] GC(491) Pause Cleanup
[2025-08-01T03:48:32.400+0000] GC(491) Pause Cleanup 2758M->2758M(4096M) 0.831ms
[2025-08-01T03:48:32.400+0000] GC(491) User=0.00s Sys=0.00s Real=0.00s
[2025-08-01T03:48:32.400+0000] GC(491) Concurrent Clear Claimed Marks
[2025-08-01T03:48:32.400+0000] GC(491) Concurrent Clear Claimed Marks 0.040ms
[2025-08-01T03:48:32.400+0000] GC(491) Concurrent Cleanup for Next Mark
[2025-08-01T03:48:32.410+0000] GC(491) Concurrent Cleanup for Next Mark 10.389ms
[2025-08-01T03:48:32.411+0000] GC(491) Concurrent Mark Cycle 652.040ms
[2025-08-01T03:48:32.484+0000] GC(495) Pause Young (Prepare Mixed) (G1 Evacuation Pause)
[2025-08-01T03:48:32.484+0000] GC(495) Using 8 workers of 8 for evacuation
[2025-08-01T03:48:32.593+0000] GC(495)   Pre Evacuate Collection Set: 1.0ms
[2025-08-01T03:48:32.593+0000] GC(495)   Merge Heap Roots: 0.4ms
[2025-08-01T03:48:32.593+0000] GC(495)   Evacuate Collection Set: 106.0ms
[2025-08-01T03:48:32.593+0000] GC(495)   Post Evacuate Collection Set: 1.4ms
[2025-08-01T03:48:32.593+0000] GC(495)   Other: 0.4ms
[2025-08-01T03:48:32.593+0000] GC(495) Eden regions: 232->0(152)
[2025-08-01T03:48:32.593+0000] GC(495) Survivor regions: 46->35(35)
[2025-08-01T03:48:32.593+0000] GC(495) Old regions: 1280->1524
[2025-08-01T03:48:32.593+0000] GC(495) Humongous regions: 0->0
[2025-08-01T03:48:32.593+0000] GC(495) Metaspace: 10593K(10816K)->10593K(10816K) NonClass: 9335K(9472K)->9335K(9472K) Class: 1258K(1344K)->1258K(1344K)
[2025-08-01T03:48:32.593+0000] GC(495) Pause Young (Prepare Mixed) (G1 Evacuation Pause) 3114M->3117M(4096M) 109.588ms
[2025-08-01T03:48:32.593+0000] GC(495) User=0.78s Sys=0.04s Real=0.11s
[2025-08-01T03:48:32.682+0000] GC(496) Pause Young (Mixed) (G1 Evacuation Pause)
[2025-08-01T03:48:32.682+0000] GC(496) Using 8 workers of 8 for evacuation
[2025-08-01T03:48:32.736+0000] GC(496)   Pre Evacuate Collection Set: 2.1ms
[2025-08-01T03:48:32.736+0000] GC(496)   Merge Heap Roots: 0.3ms
[2025-08-01T03:48:32.736+0000] GC(496)   Evacuate Collection Set: 50.2ms
[2025-08-01T03:48:32.736+0000] GC(496)   Post Evacuate Collection Set: 1.7ms
[2025-08-01T03:48:32.736+0000] GC(496)   Other: 0.1ms
[2025-08-01T03:48:32.737+0000] GC(496) Eden regions: 152->0(126)
[2025-08-01T03:48:32.737+0000] GC(496) Survivor regions: 35->24(24)
[2025-08-01T03:48:32.737+0000] GC(496) Old regions: 1524->1621
[2025-08-01T03:48:32.737+0000] GC(496) Humongous regions: 0->0
[2025-08-01T03:48:32.737+0000] GC(496) Metaspace: 10593K(10816K)->10593K(10816K) NonClass: 9335K(9472K)->9335K(9472K) Class: 1258K(1344K)->1258K(1344K)
[2025-08-01T03:48:32.737+0000] GC(496) Pause Young (Mixed) (G1 Evacuation Pause) 3421M->3289M(4096M) 54.652ms
[2025-08-01T03:48:32.737+0000] GC(496) User=0.38s Sys=0.01s Real=0.06s
[2025-08-01T03:48:32.810+0000] GC(497) Pause Young (Concurrent Start) (G1 Evacuation Pause)
[2025-08-01T03:48:32.810+0000] GC(497) Using 8 workers of 8 for evacuation
[2025-08-01T03:48:32.914+0000] GC(497)   Pre Evacuate Collection Set: 6.4ms
[2025-08-01T03:48:32.914+0000] GC(497)   Merge Heap Roots: 0.3ms
[2025-08-01T03:48:32.914+0000] GC(497)   Evacuate Collection Set: 95.3ms
[2025-08-01T03:48:32.914+0000] GC(497)   Post Evacuate Collection Set: 1.6ms
[2025-08-01T03:48:32.914+0000] GC(497)   Other: 0.3ms
[2025-08-01T03:48:32.914+0000] GC(497) Eden regions: 126->0(92)
[2025-08-01T03:48:32.914+0000] GC(497) Survivor regions: 24->19(19)
[2025-08-01T03:48:32.914+0000] GC(497) Old regions: 1621->1733
[2025-08-01T03:48:32.914+0000] GC(497) Humongous regions: 0->0
[2025-08-01T03:48:32.914+0000] GC(497) Metaspace: 10593K(10816K)->10593K(10816K) NonClass: 9335K(9472K)->9335K(9472K) Class: 1258K(1344K)->1258K(1344K)
[2025-08-01T03:48:32.914+0000] GC(497) Pause Young (Concurrent Start) (G1 Evacuation Pause) 3541M->3503M(4096M) 104.425ms
[2025-08-01T03:48:32.914+0000] GC(497) User=0.74s Sys=0.04s Real=0.11s
[2025-08-01T03:48:32.914+0000] GC(498) Concurrent Mark Cycle
[2025-08-01T03:48:32.914+0000] GC(498) Concurrent Scan Root Regions
[2025-08-01T03:48:32.950+0000] GC(499) Pause Young (Normal) (G1 Evacuation Pause)
[2025-08-01T03:48:32.950+0000] GC(499) Using 8 workers of 8 for evacuation
[2025-08-01T03:48:32.961+0000] GC(498) Concurrent Scan Root Regions 47.117ms
[2025-08-01T03:48:32.962+0000] GC(498) Concurrent Mark
[2025-08-01T03:48:32.962+0000] GC(498) Concurrent Mark From Roots
[2025-08-01T03:48:32.962+0000] GC(498) Using 2 workers of 2 for marking
[2025-08-01T03:48:33.034+0000] GC(499)   Pre Evacuate Collection Set: 1.0ms
[2025-08-01T03:48:33.034+0000] GC(499)   Merge Heap Roots: 0.7ms
[2025-08-01T03:48:33.034+0000] GC(499)   Evacuate Collection Set: 70.2ms
[2025-08-01T03:48:33.034+0000] GC(499)   Post Evacuate Collection Set: 0.9ms
[2025-08-01T03:48:33.034+0000] GC(499)   Other: 0.2ms
[2025-08-01T03:48:33.034+0000] GC(499) Eden regions: 92->0(88)
[2025-08-01T03:48:33.034+0000] GC(499) Survivor regions: 19->14(14)
[2025-08-01T03:48:33.035+0000] GC(499) Old regions: 1733->1831
[2025-08-01T03:48:33.035+0000] GC(499) Humongous regions: 0->0
[2025-08-01T03:48:33.035+0000] GC(499) Metaspace: 10593K(10816K)->10593K(10816K) NonClass: 9335K(9472K)->9335K(9472K) Class: 1258K(1344K)->1258K(1344K)
[2025-08-01T03:48:33.035+0000] GC(499) Pause Young (Normal) (G1 Evacuation Pause) 3687M->3689M(4096M) 84.955ms
[2025-08-01T03:48:33.035+0000] GC(499) User=0.55s Sys=0.02s Real=0.09s
[2025-08-01T03:48:33.096+0000] GC(500) Pause Young (Normal) (G1 Evacuation Pause)
[2025-08-01T03:48:33.096+0000] GC(500) Using 8 workers of 8 for evacuation
[2025-08-01T03:48:33.144+0000] GC(500)   Pre Evacuate Collection Set: 1.0ms
[2025-08-01T03:48:33.144+0000] GC(500)   Merge Heap Roots: 0.2ms
[2025-08-01T03:48:33.144+0000] GC(500)   Evacuate Collection Set: 44.6ms
[2025-08-01T03:48:33.144+0000] GC(500)   Post Evacuate Collection Set: 1.4ms
[2025-08-01T03:48:33.144+0000] GC(500)   Other: 0.1ms
[2025-08-01T03:48:33.144+0000] GC(500) Eden regions: 88->0(89)
[2025-08-01T03:48:33.144+0000] GC(500) Survivor regions: 14->13(13)
[2025-08-01T03:48:33.144+0000] GC(500) Old regions: 1831->1922
[2025-08-01T03:48:33.144+0000] GC(500) Humongous regions: 0->0
[2025-08-01T03:48:33.144+0000] GC(500) Metaspace: 10593K(10816K)->10593K(10816K) NonClass: 9335K(9472K)->9335K(9472K) Class: 1258K(1344K)->1258K(1344K)
[2025-08-01T03:48:33.144+0000] GC(500) Pause Young (Normal) (G1 Evacuation Pause) 3865M->3869M(4096M) 47.757ms
[2025-08-01T03:48:33.144+0000] GC(500) User=0.33s Sys=0.02s Real=0.05s
[2025-08-01T03:48:33.164+0000] GC(498) Concurrent Mark From Roots 202.507ms
[2025-08-01T03:48:33.164+0000] GC(498) Concurrent Preclean
[2025-08-01T03:48:33.165+0000] GC(501) Pause Young (Normal) (G1 Evacuation Pause)
[2025-08-01T03:48:33.165+0000] GC(501) Using 8 workers of 8 for evacuation
[2025-08-01T03:48:33.190+0000] GC(501)   Pre Evacuate Collection Set: 1.4ms
[2025-08-01T03:48:33.190+0000] GC(501)   Merge Heap Roots: 0.1ms
[2025-08-01T03:48:33.190+0000] GC(501)   Evacuate Collection Set: 17.0ms
[2025-08-01T03:48:33.190+0000] GC(501)   Post Evacuate Collection Set: 5.9ms
[2025-08-01T03:48:33.190+0000] GC(501)   Other: 0.1ms
[2025-08-01T03:48:33.190+0000] GC(501) Eden regions: 89->0(0)
[2025-08-01T03:48:33.190+0000] GC(501) Survivor regions: 13->13(13)
[2025-08-01T03:48:33.190+0000] GC(501) Old regions: 1922->2031
[2025-08-01T03:48:33.190+0000] GC(501) Humongous regions: 0->0
[2025-08-01T03:48:33.190+0000] GC(501) Metaspace: 10593K(10816K)->10593K(10816K) NonClass: 9335K(9472K)->9335K(9472K) Class: 1258K(1344K)->1258K(1344K)
[2025-08-01T03:48:33.190+0000] GC(501) Pause Young (Normal) (G1 Evacuation Pause) (Evacuation Failure) 4047M->4087M(4096M) 24.678ms
[2025-08-01T03:48:33.190+0000] GC(501) User=0.17s Sys=0.00s Real=0.02s
[2025-08-01T03:48:33.190+0000] Attempting full compaction
[2025-08-01T03:48:33.190+0000] GC(502) Pause Full (G1 Compaction Pause)
[2025-08-01T03:48:33.190+0000] GC(502) Using 8 workers of 8 for full compaction
[2025-08-01T03:48:33.195+0000] GC(502) Phase 1: Mark live objects
[2025-08-01T03:48:33.246+0000] GC(502) Phase 1: Mark live objects 50.775ms
[2025-08-01T03:48:33.246+0000] GC(502) Phase 2: Prepare compaction
[2025-08-01T03:48:33.263+0000] GC(502) Phase 2: Prepare compaction 16.934ms
[2025-08-01T03:48:33.263+0000] GC(502) Phase 3: Adjust pointers
[2025-08-01T03:48:33.309+0000] GC(502) Phase 3: Adjust pointers 45.785ms
[2025-08-01T03:48:33.309+0000] GC(502) Phase 4: Compact heap
[2025-08-01T03:48:33.367+0000] GC(502) Phase 4: Compact heap 57.546ms
[2025-08-01T03:48:33.367+0000] GC(502) Phase 5: Reset Metadata
[2025-08-01T03:48:33.417+0000] GC(502) Phase 5: Reset Metadata 50.470ms
[2025-08-01T03:48:33.425+0000] GC(502) Eden regions: 0->0(404)
[2025-08-01T03:48:33.425+0000] GC(502) Survivor regions: 13->0(13)
[2025-08-01T03:48:33.425+0000] GC(502) Old regions: 2031->573
[2025-08-01T03:48:33.425+0000] GC(502) Humongous regions: 0->0
[2025-08-01T03:48:33.425+0000] GC(502) Metaspace: 10593K(10816K)->10593K(10816K) NonClass: 9335K(9472K)->9335K(9472K) Class: 1258K(1344K)->1258K(1344K)
[2025-08-01T03:48:33.425+0000] GC(502) Pause Full (G1 Compaction Pause) 4087M->1138M(4096M) 235.728ms
[2025-08-01T03:48:33.425+0000] GC(502) User=1.66s Sys=0.03s Real=0.24s
[2025-08-01T03:48:33.426+0000] GC(498) Concurrent Preclean 261.758ms
[2025-08-01T03:48:33.426+0000] GC(498) Concurrent Mark Abort
[2025-08-01T03:48:33.426+0000] GC(498) Concurrent Mark Cycle 511.676ms
[2025-08-01T03:48:33.604+0000] GC(503) Pause Young (Normal) (G1 Evacuation Pause)
[2025-08-01T03:48:33.604+0000] GC(503) Using 8 workers of 8 for evacuation
[2025-08-01T03:48:33.743+0000] GC(503)   Pre Evacuate Collection Set: 0.9ms
[2025-08-01T03:48:33.743+0000] GC(503)   Merge Heap Roots: 0.2ms
[2025-08-01T03:48:33.743+0000] GC(503)   Evacuate Collection Set: 136.2ms
[2025-08-01T03:48:33.743+0000] GC(503)   Post Evacuate Collection Set: 1.3ms
[2025-08-01T03:48:33.743+0000] GC(503)   Other: 0.1ms
[2025-08-01T03:48:33.743+0000] GC(503) Eden regions: 403->0(397)
[2025-08-01T03:48:33.743+0000] GC(503) Survivor regions: 0->51(51)
[2025-08-01T03:48:33.743+0000] GC(503) Old regions: 573->837
[2025-08-01T03:48:33.743+0000] GC(503) Humongous regions: 0->0
[2025-08-01T03:48:33.743+0000] GC(503) Metaspace: 10593K(10816K)->10593K(10816K) NonClass: 9335K(9472K)->9335K(9472K) Class: 1258K(1344K)->1258K(1344K)
[2025-08-01T03:48:33.743+0000] GC(503) Pause Young (Normal) (G1 Evacuation Pause) 1944M->1768M(4096M) 139.135ms
[2025-08-01T03:48:33.743+0000] GC(503) User=1.02s Sys=0.03s Real=0.14s
[2025-08-01T03:48:33.964+0000] GC(504) Pause Young (Concurrent Start) (G1 Evacuation Pause)
[2025-08-01T03:48:33.964+0000] GC(504) Using 8 workers of 8 for evacuation
[2025-08-01T03:48:34.186+0000] GC(504) MMU target violated: 201.0ms (200.0ms/201.0ms)
[2025-08-01T03:48:34.186+0000] GC(504)   Pre Evacuate Collection Set: 1.1ms
[2025-08-01T03:48:34.186+0000] GC(504)   Merge Heap Roots: 0.2ms
[2025-08-01T03:48:34.186+0000] GC(504)   Evacuate Collection Set: 219.5ms
[2025-08-01T03:48:34.186+0000] GC(504)   Post Evacuate Collection Set: 1.2ms
[2025-08-01T03:48:34.186+0000] GC(504)   Other: 0.3ms
[2025-08-01T03:48:34.186+0000] GC(504) Eden regions: 397->0(275)
[2025-08-01T03:48:34.186+0000] GC(504) Survivor regions: 51->56(56)
[2025-08-01T03:48:34.186+0000] GC(504) Old regions: 837->1147
[2025-08-01T03:48:34.186+0000] GC(504) Humongous regions: 0->0
[2025-08-01T03:48:34.186+0000] GC(504) Metaspace: 10593K(10816K)->10593K(10816K) NonClass: 9335K(9472K)->9335K(9472K) Class: 1258K(1344K)->1258K(1344K)
[2025-08-01T03:48:34.187+0000] GC(504) Pause Young (Concurrent Start) (G1 Evacuation Pause) 2562M->2398M(4096M) 222.544ms
[2025-08-01T03:48:34.187+0000] GC(504) User=1.69s Sys=0.07s Real=0.22s
[2025-08-01T03:48:34.187+0000] GC(505) Concurrent Mark Cycle
[2025-08-01T03:48:34.187+0000] GC(505) Concurrent Scan Root Regions
[2025-08-01T03:48:34.261+0000] GC(505) Concurrent Scan Root Regions 73.808ms
[2025-08-01T03:48:34.261+0000] GC(505) Concurrent Mark
[2025-08-01T03:48:34.261+0000] GC(505) Concurrent Mark From Roots
[2025-08-01T03:48:34.261+0000] GC(505) Using 2 workers of 2 for marking
[2025-08-01T03:48:34.293+0000] GC(506) Pause Young (Normal) (G1 Evacuation Pause)
[2025-08-01T03:48:34.293+0000] GC(506) Using 8 workers of 8 for evacuation
[2025-08-01T03:48:34.397+0000] GC(506)   Pre Evacuate Collection Set: 0.7ms
[2025-08-01T03:48:34.397+0000] GC(506)   Merge Heap Roots: 0.2ms
[2025-08-01T03:48:34.397+0000] GC(506)   Evacuate Collection Set: 101.8ms
[2025-08-01T03:48:34.397+0000] GC(506)   Post Evacuate Collection Set: 1.1ms
[2025-08-01T03:48:34.397+0000] GC(506)   Other: 0.1ms
[2025-08-01T03:48:34.397+0000] GC(506) Eden regions: 275->0(197)
[2025-08-01T03:48:34.397+0000] GC(506) Survivor regions: 56->42(42)
[2025-08-01T03:48:34.397+0000] GC(506) Old regions: 1147->1390
[2025-08-01T03:48:34.397+0000] GC(506) Humongous regions: 0->0
[2025-08-01T03:48:34.397+0000] GC(506) Metaspace: 10593K(10816K)->10593K(10816K) NonClass: 9335K(9472K)->9335K(9472K) Class: 1258K(1344K)->1258K(1344K)
[2025-08-01T03:48:34.397+0000] GC(506) Pause Young (Normal) (G1 Evacuation Pause) 2948M->2856M(4096M) 104.233ms
[2025-08-01T03:48:34.397+0000] GC(506) User=0.77s Sys=0.03s Real=0.10s
[2025-08-01T03:48:34.425+0000] GC(505) Concurrent Mark From Roots 164.083ms
[2025-08-01T03:48:34.425+0000] GC(505) Concurrent Preclean
[2025-08-01T03:48:34.425+0000] GC(505) Concurrent Preclean 0.033ms
[2025-08-01T03:48:34.425+0000] GC(505) Pause Remark
[2025-08-01T03:48:34.428+0000] GC(505) Pause Remark 3025M->1714M(4096M) 3.035ms
[2025-08-01T03:48:34.428+0000] GC(505) User=0.01s Sys=0.00s Real=0.00s
[2025-08-01T03:48:34.428+0000] GC(505) Concurrent Mark 167.564ms
[2025-08-01T03:48:34.428+0000] GC(505) Concurrent Rebuild Remembered Sets and Scrub Regions
[2025-08-01T03:48:34.495+0000] GC(507) Pause Young (Normal) (G1 Evacuation Pause)
[2025-08-01T03:48:34.495+0000] GC(507) Using 8 workers of 8 for evacuation
[2025-08-01T03:48:34.569+0000] GC(507)   Pre Evacuate Collection Set: 0.7ms
[2025-08-01T03:48:34.569+0000] GC(507)   Merge Heap Roots: 0.4ms
[2025-08-01T03:48:34.569+0000] GC(507)   Evacuate Collection Set: 71.5ms
[2025-08-01T03:48:34.569+0000] GC(507)   Post Evacuate Collection Set: 1.1ms
[2025-08-01T03:48:34.569+0000] GC(507)   Other: 0.1ms
[2025-08-01T03:48:34.569+0000] GC(507) Eden regions: 197->0(376)
[2025-08-01T03:48:34.569+0000] GC(507) Survivor regions: 42->30(30)
[2025-08-01T03:48:34.569+0000] GC(507) Old regions: 731->900
[2025-08-01T03:48:34.569+0000] GC(507) Humongous regions: 0->0
[2025-08-01T03:48:34.569+0000] GC(507) Metaspace: 10593K(10816K)->10593K(10816K) NonClass: 9335K(9472K)->9335K(9472K) Class: 1258K(1344K)->1258K(1344K)
[2025-08-01T03:48:34.569+0000] GC(507) Pause Young (Normal) (G1 Evacuation Pause) 1939M->1858M(4096M) 74.094ms
[2025-08-01T03:48:34.569+0000] GC(507) User=0.54s Sys=0.02s Real=0.07s
[2025-08-01T03:48:34.674+0000] GC(505) Concurrent Rebuild Remembered Sets and Scrub Regions 245.514ms
[2025-08-01T03:48:34.674+0000] GC(505) Pause Cleanup
[2025-08-01T03:48:34.675+0000] GC(505) Pause Cleanup 2357M->2357M(4096M) 0.790ms
[2025-08-01T03:48:34.675+0000] GC(505) User=0.00s Sys=0.00s Real=0.00s
[2025-08-01T03:48:34.675+0000] GC(505) Concurrent Clear Claimed Marks
[2025-08-01T03:48:34.675+0000] GC(505) Concurrent Clear Claimed Marks 0.046ms
[2025-08-01T03:48:34.675+0000] GC(505) Concurrent Cleanup for Next Mark
[2025-08-01T03:48:34.683+0000] GC(505) Concurrent Cleanup for Next Mark 7.983ms
[2025-08-01T03:48:34.683+0000] GC(505) Concurrent Mark Cycle 496.491ms
[2025-08-01T03:48:34.735+0000] GC(508) Pause Young (Prepare Mixed) (G1 Evacuation Pause)
[2025-08-01T03:48:34.735+0000] GC(508) Using 8 workers of 8 for evacuation
[2025-08-01T03:48:34.858+0000] GC(508)   Pre Evacuate Collection Set: 1.1ms
[2025-08-01T03:48:34.858+0000] GC(508)   Merge Heap Roots: 0.3ms
[2025-08-01T03:48:34.858+0000] GC(508)   Evacuate Collection Set: 119.8ms
[2025-08-01T03:48:34.858+0000] GC(508)   Post Evacuate Collection Set: 1.7ms
[2025-08-01T03:48:34.858+0000] GC(508)   Other: 0.1ms
[2025-08-01T03:48:34.858+0000] GC(508) Eden regions: 376->0(268)
[2025-08-01T03:48:34.858+0000] GC(508) Survivor regions: 30->51(51)
[2025-08-01T03:48:34.858+0000] GC(508) Old regions: 900->1175
[2025-08-01T03:48:34.858+0000] GC(508) Humongous regions: 0->0
[2025-08-01T03:48:34.858+0000] GC(508) Metaspace: 10593K(10816K)->10593K(10816K) NonClass: 9335K(9472K)->9335K(9472K) Class: 1258K(1344K)->1258K(1344K)
[2025-08-01T03:48:34.858+0000] GC(508) Pause Young (Prepare Mixed) (G1 Evacuation Pause) 2610M->2451M(4096M) 123.327ms
[2025-08-01T03:48:34.858+0000] GC(508) User=0.91s Sys=0.02s Real=0.12s
[2025-08-01T03:48:35.007+0000] GC(509) Pause Young (Mixed) (G1 Evacuation Pause)
[2025-08-01T03:48:35.007+0000] GC(509) Using 8 workers of 8 for evacuation
[2025-08-01T03:48:35.105+0000] GC(509)   Pre Evacuate Collection Set: 1.2ms
[2025-08-01T03:48:35.105+0000] GC(509)   Merge Heap Roots: 0.5ms
[2025-08-01T03:48:35.105+0000] GC(509)   Evacuate Collection Set: 94.5ms
[2025-08-01T03:48:35.105+0000] GC(509)   Post Evacuate Collection Set: 1.3ms
[2025-08-01T03:48:35.105+0000] GC(509)   Other: 0.1ms
[2025-08-01T03:48:35.105+0000] GC(509) Eden regions: 268->0(212)
[2025-08-01T03:48:35.105+0000] GC(509) Survivor regions: 51->40(40)
[2025-08-01T03:48:35.105+0000] GC(509) Old regions: 1175->1352
[2025-08-01T03:48:35.105+0000] GC(509) Humongous regions: 0->0
[2025-08-01T03:48:35.105+0000] GC(509) Metaspace: 10593K(10816K)->10593K(10816K) NonClass: 9335K(9472K)->9335K(9472K) Class: 1258K(1344K)->1258K(1344K)
[2025-08-01T03:48:35.105+0000] GC(509) Pause Young (Mixed) (G1 Evacuation Pause) 2987M->2782M(4096M) 97.927ms
[2025-08-01T03:48:35.105+0000] GC(509) User=0.72s Sys=0.03s Real=0.10s
[2025-08-01T03:48:35.193+0000] GC(510) Pause Young (Concurrent Start) (G1 Evacuation Pause)
[2025-08-01T03:48:35.193+0000] GC(510) Using 8 workers of 8 for evacuation
[2025-08-01T03:48:35.259+0000] GC(510)   Pre Evacuate Collection Set: 0.7ms
[2025-08-01T03:48:35.259+0000] GC(510)   Merge Heap Roots: 0.1ms
[2025-08-01T03:48:35.260+0000] GC(510)   Evacuate Collection Set: 64.0ms
[2025-08-01T03:48:35.260+0000] GC(510)   Post Evacuate Collection Set: 1.1ms
[2025-08-01T03:48:35.260+0000] GC(510)   Other: 0.2ms
[2025-08-01T03:48:35.260+0000] GC(510) Eden regions: 212->0(163)
[2025-08-01T03:48:35.260+0000] GC(510) Survivor regions: 40->32(32)
[2025-08-01T03:48:35.260+0000] GC(510) Old regions: 1352->1507
[2025-08-01T03:48:35.260+0000] GC(510) Humongous regions: 0->0
[2025-08-01T03:48:35.260+0000] GC(510) Metaspace: 10593K(10816K)->10593K(10816K) NonClass: 9335K(9472K)->9335K(9472K) Class: 1258K(1344K)->1258K(1344K)
[2025-08-01T03:48:35.260+0000] GC(510) Pause Young (Concurrent Start) (G1 Evacuation Pause) 3206M->3077M(4096M) 66.398ms
[2025-08-01T03:48:35.260+0000] GC(510) User=0.49s Sys=0.02s Real=0.06s
[2025-08-01T03:48:35.260+0000] GC(511) Concurrent Mark Cycle
[2025-08-01T03:48:35.260+0000] GC(511) Concurrent Scan Root Regions
[2025-08-01T03:48:35.303+0000] GC(511) Concurrent Scan Root Regions 43.351ms
[2025-08-01T03:48:35.303+0000] GC(511) Concurrent Mark
[2025-08-01T03:48:35.303+0000] GC(511) Concurrent Mark From Roots
[2025-08-01T03:48:35.303+0000] GC(511) Using 2 workers of 2 for marking
[2025-08-01T03:48:35.341+0000] GC(512) Pause Young (Normal) (G1 Evacuation Pause)
[2025-08-01T03:48:35.341+0000] GC(512) Using 8 workers of 8 for evacuation
[2025-08-01T03:48:35.387+0000] GC(512)   Pre Evacuate Collection Set: 0.6ms
[2025-08-01T03:48:35.387+0000] GC(512)   Merge Heap Roots: 0.1ms
[2025-08-01T03:48:35.387+0000] GC(512)   Evacuate Collection Set: 44.2ms
[2025-08-01T03:48:35.387+0000] GC(512)   Post Evacuate Collection Set: 1.2ms
[2025-08-01T03:48:35.387+0000] GC(512)   Other: 0.1ms
[2025-08-01T03:48:35.387+0000] GC(512) Eden regions: 163->0(122)
[2025-08-01T03:48:35.387+0000] GC(512) Survivor regions: 32->25(25)
[2025-08-01T03:48:35.387+0000] GC(512) Old regions: 1507->1642
[2025-08-01T03:48:35.387+0000] GC(512) Humongous regions: 0->0
[2025-08-01T03:48:35.387+0000] GC(512) Metaspace: 10593K(10816K)->10593K(10816K) NonClass: 9335K(9472K)->9335K(9472K) Class: 1258K(1344K)->1258K(1344K)
[2025-08-01T03:48:35.387+0000] GC(512) Pause Young (Normal) (G1 Evacuation Pause) 3403M->3333M(4096M) 46.433ms
[2025-08-01T03:48:35.387+0000] GC(512) User=0.36s Sys=0.00s Real=0.05s
[2025-08-01T03:48:35.412+0000] GC(513) Pause Young (Normal) (G1 Evacuation Pause)
[2025-08-01T03:48:35.412+0000] GC(513) Using 8 workers of 8 for evacuation
[2025-08-01T03:48:35.444+0000] GC(513)   Pre Evacuate Collection Set: 0.6ms
[2025-08-01T03:48:35.444+0000] GC(513)   Merge Heap Roots: 0.2ms
[2025-08-01T03:48:35.444+0000] GC(513)   Evacuate Collection Set: 29.8ms
[2025-08-01T03:48:35.444+0000] GC(513)   Post Evacuate Collection Set: 0.9ms
[2025-08-01T03:48:35.444+0000] GC(513)   Other: 0.1ms
[2025-08-01T03:48:35.444+0000] GC(513) Eden regions: 122->0(96)
[2025-08-01T03:48:35.444+0000] GC(513) Survivor regions: 25->19(19)
[2025-08-01T03:48:35.444+0000] GC(513) Old regions: 1642->1731
[2025-08-01T03:48:35.444+0000] GC(513) Humongous regions: 0->0
[2025-08-01T03:48:35.444+0000] GC(513) Metaspace: 10593K(10816K)->10593K(10816K) NonClass: 9335K(9472K)->9335K(9472K) Class: 1258K(1344K)->1258K(1344K)
[2025-08-01T03:48:35.444+0000] GC(513) Pause Young (Normal) (G1 Evacuation Pause) 3577M->3499M(4096M) 32.000ms
[2025-08-01T03:48:35.444+0000] GC(513) User=0.24s Sys=0.00s Real=0.04s
[2025-08-01T03:48:35.481+0000] GC(514) Pause Young (Normal) (G1 Evacuation Pause)
[2025-08-01T03:48:35.481+0000] GC(514) Using 8 workers of 8 for evacuation
[2025-08-01T03:48:35.524+0000] GC(514)   Pre Evacuate Collection Set: 0.9ms
[2025-08-01T03:48:35.524+0000] GC(514)   Merge Heap Roots: 0.1ms
[2025-08-01T03:48:35.524+0000] GC(514)   Evacuate Collection Set: 40.9ms
[2025-08-01T03:48:35.524+0000] GC(514)   Post Evacuate Collection Set: 0.8ms
[2025-08-01T03:48:35.524+0000] GC(514)   Other: 0.1ms
[2025-08-01T03:48:35.524+0000] GC(514) Eden regions: 96->0(87)
[2025-08-01T03:48:35.524+0000] GC(514) Survivor regions: 19->15(15)
[2025-08-01T03:48:35.524+0000] GC(514) Old regions: 1731->1833
[2025-08-01T03:48:35.524+0000] GC(514) Humongous regions: 0->0
[2025-08-01T03:48:35.524+0000] GC(514) Metaspace: 10593K(10816K)->10593K(10816K) NonClass: 9335K(9472K)->9335K(9472K) Class: 1258K(1344K)->1258K(1344K)
[2025-08-01T03:48:35.524+0000] GC(514) Pause Young (Normal) (G1 Evacuation Pause) 3691M->3694M(4096M) 43.282ms
[2025-08-01T03:48:35.524+0000] GC(514) User=0.30s Sys=0.01s Real=0.05s
[2025-08-01T03:48:35.530+0000] GC(511) Concurrent Mark From Roots 226.473ms
[2025-08-01T03:48:35.530+0000] GC(511) Concurrent Preclean
[2025-08-01T03:48:35.530+0000] GC(511) Concurrent Preclean 0.085ms
[2025-08-01T03:48:35.530+0000] GC(511) Pause Remark
[2025-08-01T03:48:35.533+0000] GC(511) Pause Remark 3754M->1776M(4096M) 3.101ms
[2025-08-01T03:48:35.533+0000] GC(511) User=0.01s Sys=0.00s Real=0.01s
[2025-08-01T03:48:35.533+0000] GC(511) Concurrent Mark 230.092ms
[2025-08-01T03:48:35.533+0000] GC(511) Concurrent Rebuild Remembered Sets and Scrub Regions
[2025-08-01T03:48:35.549+0000] GC(515) Pause Young (Normal) (G1 Evacuation Pause)
[2025-08-01T03:48:35.549+0000] GC(515) Using 8 workers of 8 for evacuation
[2025-08-01T03:48:35.584+0000] GC(515)   Pre Evacuate Collection Set: 0.7ms
[2025-08-01T03:48:35.584+0000] GC(515)   Merge Heap Roots: 0.3ms
[2025-08-01T03:48:35.584+0000] GC(515)   Evacuate Collection Set: 32.9ms
[2025-08-01T03:48:35.584+0000] GC(515)   Post Evacuate Collection Set: 0.7ms
[2025-08-01T03:48:35.584+0000] GC(515)   Other: 0.1ms
[2025-08-01T03:48:35.584+0000] GC(515) Eden regions: 87->0(361)
[2025-08-01T03:48:35.584+0000] GC(515) Survivor regions: 15->13(13)
[2025-08-01T03:48:35.584+0000] GC(515) Old regions: 844->935
[2025-08-01T03:48:35.584+0000] GC(515) Humongous regions: 0->0
[2025-08-01T03:48:35.584+0000] GC(515) Metaspace: 10593K(10816K)->10593K(10816K) NonClass: 9335K(9472K)->9335K(9472K) Class: 1258K(1344K)->1258K(1344K)
[2025-08-01T03:48:35.584+0000] GC(515) Pause Young (Normal) (G1 Evacuation Pause) 1890M->1894M(4096M) 34.926ms
[2025-08-01T03:48:35.584+0000] GC(515) User=0.25s Sys=0.01s Real=0.04s
[2025-08-01T03:48:35.730+0000] GC(516) Pause Young (Normal) (G1 Evacuation Pause)
[2025-08-01T03:48:35.730+0000] GC(516) Using 8 workers of 8 for evacuation
[2025-08-01T03:48:35.807+0000] GC(516)   Pre Evacuate Collection Set: 0.7ms
[2025-08-01T03:48:35.807+0000] GC(516)   Merge Heap Roots: 0.5ms
[2025-08-01T03:48:35.807+0000] GC(516)   Evacuate Collection Set: 75.2ms
[2025-08-01T03:48:35.807+0000] GC(516)   Post Evacuate Collection Set: 1.0ms
[2025-08-01T03:48:35.807+0000] GC(516)   Other: 0.1ms
[2025-08-01T03:48:35.808+0000] GC(516) Eden regions: 361->0(300)
[2025-08-01T03:48:35.808+0000] GC(516) Survivor regions: 13->47(47)
[2025-08-01T03:48:35.808+0000] GC(516) Old regions: 935->1119
[2025-08-01T03:48:35.808+0000] GC(516) Humongous regions: 0->0
[2025-08-01T03:48:35.808+0000] GC(516) Metaspace: 10593K(10816K)->10593K(10816K) NonClass: 9335K(9472K)->9335K(9472K) Class: 1258K(1344K)->1258K(1344K)
[2025-08-01T03:48:35.808+0000] GC(516) Pause Young (Normal) (G1 Evacuation Pause) 2616M->2330M(4096M) 77.926ms
[2025-08-01T03:48:35.808+0000] GC(516) User=0.59s Sys=0.01s Real=0.08s
[2025-08-01T03:48:35.821+0000] GC(511) Concurrent Rebuild Remembered Sets and Scrub Regions 287.710ms
[2025-08-01T03:48:35.823+0000] GC(511) Pause Cleanup
[2025-08-01T03:48:35.824+0000] GC(511) Pause Cleanup 2442M->2442M(4096M) 0.987ms
[2025-08-01T03:48:35.824+0000] GC(511) User=0.01s Sys=0.00s Real=0.00s
[2025-08-01T03:48:35.824+0000] GC(511) Concurrent Clear Claimed Marks
[2025-08-01T03:48:35.824+0000] GC(511) Concurrent Clear Claimed Marks 0.070ms
[2025-08-01T03:48:35.824+0000] GC(511) Concurrent Cleanup for Next Mark
[2025-08-01T03:48:35.835+0000] GC(511) Concurrent Cleanup for Next Mark 11.038ms
[2025-08-01T03:48:35.835+0000] GC(511) Concurrent Mark Cycle 575.452ms
[2025-08-01T03:48:35.937+0000] GC(517) Pause Young (Prepare Mixed) (G1 Evacuation Pause)
[2025-08-01T03:48:35.937+0000] GC(517) Using 8 workers of 8 for evacuation
[2025-08-01T03:48:36.036+0000] GC(517)   Pre Evacuate Collection Set: 1.8ms
[2025-08-01T03:48:36.036+0000] GC(517)   Merge Heap Roots: 0.1ms
[2025-08-01T03:48:36.036+0000] GC(517)   Evacuate Collection Set: 96.4ms
[2025-08-01T03:48:36.036+0000] GC(517)   Post Evacuate Collection Set: 0.8ms
[2025-08-01T03:48:36.036+0000] GC(517)   Other: 0.1ms
[2025-08-01T03:48:36.036+0000] GC(517) Eden regions: 300->0(270)
[2025-08-01T03:48:36.036+0000] GC(517) Survivor regions: 47->44(44)
[2025-08-01T03:48:36.036+0000] GC(517) Old regions: 1119->1242
[2025-08-01T03:48:36.036+0000] GC(517) Humongous regions: 0->0
[2025-08-01T03:48:36.036+0000] GC(517) Metaspace: 10593K(10816K)->10593K(10816K) NonClass: 9335K(9472K)->9335K(9472K) Class: 1258K(1344K)->1258K(1344K)
[2025-08-01T03:48:36.036+0000] GC(517) Pause Young (Prepare Mixed) (G1 Evacuation Pause) 2930M->2571M(4096M) 99.452ms
[2025-08-01T03:48:36.036+0000] GC(517) User=0.72s Sys=0.03s Real=0.10s
[2025-08-01T03:48:36.132+0000] GC(518) Pause Young (Mixed) (G1 Evacuation Pause)
[2025-08-01T03:48:36.132+0000] GC(518) Using 8 workers of 8 for evacuation
[2025-08-01T03:48:36.257+0000] GC(518)   Pre Evacuate Collection Set: 1.3ms
[2025-08-01T03:48:36.257+0000] GC(518)   Merge Heap Roots: 0.3ms
[2025-08-01T03:48:36.257+0000] GC(518)   Evacuate Collection Set: 121.8ms
[2025-08-01T03:48:36.257+0000] GC(518)   Post Evacuate Collection Set: 1.1ms
[2025-08-01T03:48:36.257+0000] GC(518)   Other: 0.1ms
[2025-08-01T03:48:36.257+0000] GC(518) Eden regions: 270->0(169)
[2025-08-01T03:48:36.257+0000] GC(518) Survivor regions: 44->40(40)
[2025-08-01T03:48:36.257+0000] GC(518) Old regions: 1242->1490
[2025-08-01T03:48:36.257+0000] GC(518) Humongous regions: 0->0
[2025-08-01T03:48:36.257+0000] GC(518) Metaspace: 10593K(10816K)->10593K(10816K) NonClass: 9335K(9472K)->9335K(9472K) Class: 1258K(1344K)->1258K(1344K)
[2025-08-01T03:48:36.257+0000] GC(518) Pause Young (Mixed) (G1 Evacuation Pause) 3111M->3059M(4096M) 124.891ms
[2025-08-01T03:48:36.257+0000] GC(518) User=0.93s Sys=0.02s Real=0.13s
[2025-08-01T03:48:36.341+0000] GC(519) Pause Young (Concurrent Start) (G1 Evacuation Pause)
[2025-08-01T03:48:36.341+0000] GC(519) Using 8 workers of 8 for evacuation
[2025-08-01T03:48:36.449+0000] GC(519)   Pre Evacuate Collection Set: 1.1ms
[2025-08-01T03:48:36.449+0000] GC(519)   Merge Heap Roots: 0.8ms
[2025-08-01T03:48:36.449+0000] GC(519)   Evacuate Collection Set: 104.5ms
[2025-08-01T03:48:36.449+0000] GC(519)   Post Evacuate Collection Set: 1.2ms
[2025-08-01T03:48:36.449+0000] GC(519)   Other: 0.5ms
[2025-08-01T03:48:36.449+0000] GC(519) Eden regions: 169->0(108)
[2025-08-01T03:48:36.449+0000] GC(519) Survivor regions: 40->27(27)
[2025-08-01T03:48:36.449+0000] GC(519) Old regions: 1490->1674
[2025-08-01T03:48:36.449+0000] GC(519) Humongous regions: 0->0
[2025-08-01T03:48:36.449+0000] GC(519) Metaspace: 10593K(10816K)->10593K(10816K) NonClass: 9335K(9472K)->9335K(9472K) Class: 1258K(1344K)->1258K(1344K)
[2025-08-01T03:48:36.449+0000] GC(519) Pause Young (Concurrent Start) (G1 Evacuation Pause) 3397M->3401M(4096M) 108.382ms
[2025-08-01T03:48:36.449+0000] GC(519) User=0.76s Sys=0.04s Real=0.11s
[2025-08-01T03:48:36.449+0000] GC(520) Concurrent Mark Cycle
[2025-08-01T03:48:36.450+0000] GC(520) Concurrent Scan Root Regions
[2025-08-01T03:48:36.493+0000] GC(520) Concurrent Scan Root Regions 43.020ms
[2025-08-01T03:48:36.493+0000] GC(520) Concurrent Mark
[2025-08-01T03:48:36.493+0000] GC(520) Concurrent Mark From Roots
[2025-08-01T03:48:36.493+0000] GC(520) Using 2 workers of 2 for marking
[2025-08-01T03:48:36.520+0000] GC(521) Pause Young (Normal) (G1 Evacuation Pause)
[2025-08-01T03:48:36.521+0000] GC(521) Using 8 workers of 8 for evacuation
[2025-08-01T03:48:36.560+0000] GC(521)   Pre Evacuate Collection Set: 1.8ms
[2025-08-01T03:48:36.561+0000] GC(521)   Merge Heap Roots: 0.2ms
[2025-08-01T03:48:36.561+0000] GC(521)   Evacuate Collection Set: 36.8ms
[2025-08-01T03:48:36.561+0000] GC(521)   Post Evacuate Collection Set: 1.0ms
[2025-08-01T03:48:36.561+0000] GC(521)   Other: 0.1ms
[2025-08-01T03:48:36.561+0000] GC(521) Eden regions: 108->0(91)
[2025-08-01T03:48:36.561+0000] GC(521) Survivor regions: 27->17(17)
[2025-08-01T03:48:36.561+0000] GC(521) Old regions: 1674->1748
[2025-08-01T03:48:36.561+0000] GC(521) Humongous regions: 0->0
[2025-08-01T03:48:36.561+0000] GC(521) Metaspace: 10593K(10816K)->10593K(10816K) NonClass: 9335K(9472K)->9335K(9472K) Class: 1258K(1344K)->1258K(1344K)
[2025-08-01T03:48:36.561+0000] GC(521) Pause Young (Normal) (G1 Evacuation Pause) 3617M->3528M(4096M) 40.212ms
[2025-08-01T03:48:36.561+0000] GC(521) User=0.27s Sys=0.01s Real=0.04s
[2025-08-01T03:48:36.579+0000] GC(522) Pause Young (Normal) (G1 Evacuation Pause)
[2025-08-01T03:48:36.579+0000] GC(522) Using 8 workers of 8 for evacuation
[2025-08-01T03:48:36.623+0000] GC(522)   Pre Evacuate Collection Set: 0.7ms
[2025-08-01T03:48:36.623+0000] GC(522)   Merge Heap Roots: 0.2ms
[2025-08-01T03:48:36.623+0000] GC(522)   Evacuate Collection Set: 42.5ms
[2025-08-01T03:48:36.623+0000] GC(522)   Post Evacuate Collection Set: 0.6ms
[2025-08-01T03:48:36.623+0000] GC(522)   Other: 0.1ms
[2025-08-01T03:48:36.623+0000] GC(522) Eden regions: 91->0(88)
[2025-08-01T03:48:36.623+0000] GC(522) Survivor regions: 17->14(14)
[2025-08-01T03:48:36.623+0000] GC(522) Old regions: 1748->1843
[2025-08-01T03:48:36.623+0000] GC(522) Humongous regions: 0->0
[2025-08-01T03:48:36.623+0000] GC(522) Metaspace: 10593K(10816K)->10593K(10816K) NonClass: 9335K(9472K)->9335K(9472K) Class: 1258K(1344K)->1258K(1344K)
[2025-08-01T03:48:36.623+0000] GC(522) Pause Young (Normal) (G1 Evacuation Pause) 3710M->3712M(4096M) 44.429ms
[2025-08-01T03:48:36.623+0000] GC(522) User=0.32s Sys=0.01s Real=0.05s
[2025-08-01T03:48:36.687+0000] GC(523) Pause Young (Normal) (G1 Evacuation Pause)
[2025-08-01T03:48:36.687+0000] GC(523) Using 8 workers of 8 for evacuation
[2025-08-01T03:48:36.729+0000] GC(523)   Pre Evacuate Collection Set: 0.8ms
[2025-08-01T03:48:36.729+0000] GC(523)   Merge Heap Roots: 0.2ms
[2025-08-01T03:48:36.729+0000] GC(523)   Evacuate Collection Set: 38.8ms
[2025-08-01T03:48:36.729+0000] GC(523)   Post Evacuate Collection Set: 1.6ms
[2025-08-01T03:48:36.729+0000] GC(523)   Other: 0.1ms
[2025-08-01T03:48:36.729+0000] GC(523) Eden regions: 88->0(89)
[2025-08-01T03:48:36.729+0000] GC(523) Survivor regions: 14->13(13)
[2025-08-01T03:48:36.729+0000] GC(523) Old regions: 1843->1933
[2025-08-01T03:48:36.729+0000] GC(523) Humongous regions: 0->0
[2025-08-01T03:48:36.729+0000] GC(523) Metaspace: 10593K(10816K)->10593K(10816K) NonClass: 9335K(9472K)->9335K(9472K) Class: 1258K(1344K)->1258K(1344K)
[2025-08-01T03:48:36.729+0000] GC(523) Pause Young (Normal) (G1 Evacuation Pause) 3888M->3891M(4096M) 41.912ms
[2025-08-01T03:48:36.729+0000] GC(523) User=0.30s Sys=0.01s Real=0.04s
[2025-08-01T03:48:36.745+0000] GC(524) Pause Young (Normal) (G1 Evacuation Pause)
[2025-08-01T03:48:36.746+0000] GC(524) Using 8 workers of 8 for evacuation
[2025-08-01T03:48:36.767+0000] GC(524)   Pre Evacuate Collection Set: 0.7ms
[2025-08-01T03:48:36.767+0000] GC(524)   Merge Heap Roots: 0.1ms
[2025-08-01T03:48:36.767+0000] GC(524)   Evacuate Collection Set: 13.3ms
[2025-08-01T03:48:36.767+0000] GC(524)   Post Evacuate Collection Set: 7.6ms
[2025-08-01T03:48:36.767+0000] GC(524)   Other: 0.1ms
[2025-08-01T03:48:36.768+0000] GC(524) Eden regions: 89->0(0)
[2025-08-01T03:48:36.768+0000] GC(524) Survivor regions: 13->8(13)
[2025-08-01T03:48:36.768+0000] GC(524) Old regions: 1933->2040
[2025-08-01T03:48:36.768+0000] GC(524) Humongous regions: 0->0
[2025-08-01T03:48:36.768+0000] GC(524) Metaspace: 10593K(10816K)->10593K(10816K) NonClass: 9335K(9472K)->9335K(9472K) Class: 1258K(1344K)->1258K(1344K)
[2025-08-01T03:48:36.768+0000] GC(524) Pause Young (Normal) (G1 Evacuation Pause) (Evacuation Failure) 4069M->4095M(4096M) 22.110ms
[2025-08-01T03:48:36.768+0000] GC(524) User=0.16s Sys=0.00s Real=0.02s
[2025-08-01T03:48:36.768+0000] Attempting full compaction
[2025-08-01T03:48:36.768+0000] GC(525) Pause Full (G1 Compaction Pause)
[2025-08-01T03:48:36.768+0000] GC(525) Using 8 workers of 8 for full compaction
[2025-08-01T03:48:36.773+0000] GC(525) Phase 1: Mark live objects
[2025-08-01T03:48:36.827+0000] GC(525) Phase 1: Mark live objects 53.668ms
[2025-08-01T03:48:36.827+0000] GC(525) Phase 2: Prepare compaction
[2025-08-01T03:48:36.841+0000] GC(525) Phase 2: Prepare compaction 14.261ms
[2025-08-01T03:48:36.841+0000] GC(525) Phase 3: Adjust pointers
[2025-08-01T03:48:36.888+0000] GC(525) Phase 3: Adjust pointers 46.558ms
[2025-08-01T03:48:36.888+0000] GC(525) Phase 4: Compact heap
[2025-08-01T03:48:36.931+0000] GC(525) Phase 4: Compact heap 43.531ms
[2025-08-01T03:48:36.931+0000] GC(525) Phase 5: Reset Metadata
[2025-08-01T03:48:36.979+0000] GC(525) Phase 5: Reset Metadata 47.628ms
[2025-08-01T03:48:36.985+0000] GC(525) Eden regions: 0->0(496)
[2025-08-01T03:48:36.985+0000] GC(525) Survivor regions: 8->0(13)
[2025-08-01T03:48:36.985+0000] GC(525) Old regions: 2040->573
[2025-08-01T03:48:36.985+0000] GC(525) Humongous regions: 0->0
[2025-08-01T03:48:36.985+0000] GC(525) Metaspace: 10593K(10816K)->10593K(10816K) NonClass: 9335K(9472K)->9335K(9472K) Class: 1258K(1344K)->1258K(1344K)
[2025-08-01T03:48:36.985+0000] GC(525) Pause Full (G1 Compaction Pause) 4095M->1138M(4096M) 217.716ms
[2025-08-01T03:48:36.985+0000] GC(525) User=1.60s Sys=0.04s Real=0.22s
[2025-08-01T03:48:36.986+0000] GC(520) Concurrent Mark From Roots 493.843ms
[2025-08-01T03:48:36.986+0000] GC(520) Concurrent Mark Abort
[2025-08-01T03:48:36.987+0000] GC(520) Concurrent Mark Cycle 537.064ms
[2025-08-01T03:48:37.221+0000] GC(526) Pause Young (Normal) (G1 Evacuation Pause)
[2025-08-01T03:48:37.221+0000] GC(526) Using 8 workers of 8 for evacuation
[2025-08-01T03:48:37.444+0000] GC(526) MMU target violated: 201.0ms (200.0ms/201.0ms)
[2025-08-01T03:48:37.444+0000] GC(526)   Pre Evacuate Collection Set: 1.2ms
[2025-08-01T03:48:37.444+0000] GC(526)   Merge Heap Roots: 0.3ms
[2025-08-01T03:48:37.444+0000] GC(526)   Evacuate Collection Set: 219.8ms
[2025-08-01T03:48:37.444+0000] GC(526)   Post Evacuate Collection Set: 1.1ms
[2025-08-01T03:48:37.444+0000] GC(526)   Other: 0.3ms
[2025-08-01T03:48:37.444+0000] GC(526) Eden regions: 496->0(324)
[2025-08-01T03:48:37.444+0000] GC(526) Survivor regions: 0->62(62)
[2025-08-01T03:48:37.444+0000] GC(526) Old regions: 573->970
[2025-08-01T03:48:37.444+0000] GC(526) Humongous regions: 0->0
[2025-08-01T03:48:37.444+0000] GC(526) Metaspace: 10593K(10816K)->10593K(10816K) NonClass: 9335K(9472K)->9335K(9472K) Class: 1258K(1344K)->1258K(1344K)
[2025-08-01T03:48:37.444+0000] GC(526) Pause Young (Normal) (G1 Evacuation Pause) 2130M->2055M(4096M) 223.029ms
[2025-08-01T03:48:37.444+0000] GC(526) User=1.70s Sys=0.03s Real=0.23s
[2025-08-01T03:48:37.551+0000] GC(527) Pause Young (Concurrent Start) (G1 Evacuation Pause)
[2025-08-01T03:48:37.551+0000] GC(527) Using 8 workers of 8 for evacuation
[2025-08-01T03:48:37.652+0000] GC(527)   Pre Evacuate Collection Set: 0.8ms
[2025-08-01T03:48:37.652+0000] GC(527)   Merge Heap Roots: 0.2ms
[2025-08-01T03:48:37.652+0000] GC(527)   Evacuate Collection Set: 99.3ms
[2025-08-01T03:48:37.652+0000] GC(527)   Post Evacuate Collection Set: 0.8ms
[2025-08-01T03:48:37.652+0000] GC(527)   Other: 0.2ms
[2025-08-01T03:48:37.652+0000] GC(527) Eden regions: 324->0(258)
[2025-08-01T03:48:37.652+0000] GC(527) Survivor regions: 62->49(49)
[2025-08-01T03:48:37.652+0000] GC(527) Old regions: 970->1193
[2025-08-01T03:48:37.652+0000] GC(527) Humongous regions: 0->0
[2025-08-01T03:48:37.653+0000] GC(527) Metaspace: 10593K(10816K)->10593K(10816K) NonClass: 9335K(9472K)->9335K(9472K) Class: 1258K(1344K)->1258K(1344K)
[2025-08-01T03:48:37.653+0000] GC(527) Pause Young (Concurrent Start) (G1 Evacuation Pause) 2703M->2476M(4096M) 101.537ms
[2025-08-01T03:48:37.653+0000] GC(527) User=0.77s Sys=0.03s Real=0.10s
[2025-08-01T03:48:37.653+0000] GC(528) Concurrent Mark Cycle
[2025-08-01T03:48:37.653+0000] GC(528) Concurrent Scan Root Regions
[2025-08-01T03:48:37.699+0000] GC(528) Concurrent Scan Root Regions 46.446ms
[2025-08-01T03:48:37.699+0000] GC(528) Concurrent Mark
[2025-08-01T03:48:37.699+0000] GC(528) Concurrent Mark From Roots
[2025-08-01T03:48:37.699+0000] GC(528) Using 2 workers of 2 for marking
[2025-08-01T03:48:37.787+0000] GC(528) Concurrent Mark From Roots 87.850ms
[2025-08-01T03:48:37.787+0000] GC(528) Concurrent Preclean
[2025-08-01T03:48:37.787+0000] GC(528) Concurrent Preclean 0.037ms
[2025-08-01T03:48:37.787+0000] GC(528) Pause Remark
[2025-08-01T03:48:37.791+0000] GC(528) Pause Remark 2892M->1641M(4096M) 3.720ms
[2025-08-01T03:48:37.791+0000] GC(528) User=0.01s Sys=0.00s Real=0.00s
[2025-08-01T03:48:37.792+0000] GC(528) Concurrent Mark 92.411ms
[2025-08-01T03:48:37.792+0000] GC(528) Concurrent Rebuild Remembered Sets and Scrub Regions
[2025-08-01T03:48:37.800+0000] GC(529) Pause Young (Normal) (G1 Evacuation Pause)
[2025-08-01T03:48:37.801+0000] GC(529) Using 8 workers of 8 for evacuation
[2025-08-01T03:48:37.883+0000] GC(529)   Pre Evacuate Collection Set: 0.9ms
[2025-08-01T03:48:37.883+0000] GC(529)   Merge Heap Roots: 0.6ms
[2025-08-01T03:48:37.883+0000] GC(529)   Evacuate Collection Set: 80.2ms
[2025-08-01T03:48:37.883+0000] GC(529)   Post Evacuate Collection Set: 1.1ms
[2025-08-01T03:48:37.883+0000] GC(529)   Other: 0.1ms
[2025-08-01T03:48:37.884+0000] GC(529) Eden regions: 258->0(411)
[2025-08-01T03:48:37.884+0000] GC(529) Survivor regions: 49->39(39)
[2025-08-01T03:48:37.884+0000] GC(529) Old regions: 564->751
[2025-08-01T03:48:37.884+0000] GC(529) Humongous regions: 0->0
[2025-08-01T03:48:37.884+0000] GC(529) Metaspace: 10593K(10816K)->10593K(10816K) NonClass: 9335K(9472K)->9335K(9472K) Class: 1258K(1344K)->1258K(1344K)
[2025-08-01T03:48:37.884+0000] GC(529) Pause Young (Normal) (G1 Evacuation Pause) 1741M->1579M(4096M) 83.127ms
[2025-08-01T03:48:37.884+0000] GC(529) User=0.61s Sys=0.02s Real=0.09s
[2025-08-01T03:48:37.991+0000] GC(528) Concurrent Rebuild Remembered Sets and Scrub Regions 199.641ms
[2025-08-01T03:48:37.991+0000] GC(528) Pause Cleanup
[2025-08-01T03:48:37.992+0000] GC(528) Pause Cleanup 2197M->2197M(4096M) 0.795ms
[2025-08-01T03:48:37.992+0000] GC(528) User=0.00s Sys=0.00s Real=0.00s
[2025-08-01T03:48:37.992+0000] GC(528) Concurrent Clear Claimed Marks
[2025-08-01T03:48:37.992+0000] GC(528) Concurrent Clear Claimed Marks 0.039ms
[2025-08-01T03:48:37.993+0000] GC(528) Concurrent Cleanup for Next Mark
[2025-08-01T03:48:38.000+0000] GC(528) Concurrent Cleanup for Next Mark 7.731ms
[2025-08-01T03:48:38.000+0000] GC(528) Concurrent Mark Cycle 347.811ms
[2025-08-01T03:48:38.059+0000] GC(530) Pause Young (Prepare Mixed) (G1 Evacuation Pause)
[2025-08-01T03:48:38.059+0000] GC(530) Using 8 workers of 8 for evacuation
[2025-08-01T03:48:38.282+0000] GC(530) MMU target violated: 201.0ms (200.0ms/201.0ms)
[2025-08-01T03:48:38.282+0000] GC(530)   Pre Evacuate Collection Set: 1.2ms
[2025-08-01T03:48:38.282+0000] GC(530)   Merge Heap Roots: 0.7ms
[2025-08-01T03:48:38.282+0000] GC(530)   Evacuate Collection Set: 219.2ms
[2025-08-01T03:48:38.282+0000] GC(530)   Post Evacuate Collection Set: 1.3ms
[2025-08-01T03:48:38.282+0000] GC(530)   Other: 0.2ms
[2025-08-01T03:48:38.282+0000] GC(530) Eden regions: 411->0(269)
[2025-08-01T03:48:38.282+0000] GC(530) Survivor regions: 39->57(57)
[2025-08-01T03:48:38.282+0000] GC(530) Old regions: 751->1146
[2025-08-01T03:48:38.282+0000] GC(530) Humongous regions: 0->0
[2025-08-01T03:48:38.282+0000] GC(530) Metaspace: 10593K(10816K)->10593K(10816K) NonClass: 9335K(9472K)->9335K(9472K) Class: 1258K(1344K)->1258K(1344K)
[2025-08-01T03:48:38.282+0000] GC(530) Pause Young (Prepare Mixed) (G1 Evacuation Pause) 2401M->2404M(4096M) 222.953ms
[2025-08-01T03:48:38.282+0000] GC(530) User=1.72s Sys=0.03s Real=0.22s
[2025-08-01T03:48:38.426+0000] GC(531) Pause Young (Mixed) (G1 Evacuation Pause)
[2025-08-01T03:48:38.427+0000] GC(531) Using 8 workers of 8 for evacuation
[2025-08-01T03:48:38.543+0000] GC(531)   Pre Evacuate Collection Set: 1.0ms
[2025-08-01T03:48:38.543+0000] GC(531)   Merge Heap Roots: 0.5ms
[2025-08-01T03:48:38.543+0000] GC(531)   Evacuate Collection Set: 113.0ms
[2025-08-01T03:48:38.543+0000] GC(531)   Post Evacuate Collection Set: 1.3ms
[2025-08-01T03:48:38.543+0000] GC(531)   Other: 0.1ms
[2025-08-01T03:48:38.543+0000] GC(531) Eden regions: 269->0(250)
[2025-08-01T03:48:38.543+0000] GC(531) Survivor regions: 57->41(41)
[2025-08-01T03:48:38.543+0000] GC(531) Old regions: 1146->1245
[2025-08-01T03:48:38.543+0000] GC(531) Humongous regions: 0->0
[2025-08-01T03:48:38.543+0000] GC(531) Metaspace: 10593K(10816K)->10593K(10816K) NonClass: 9335K(9472K)->9335K(9472K) Class: 1258K(1344K)->1258K(1344K)
[2025-08-01T03:48:38.543+0000] GC(531) Pause Young (Mixed) (G1 Evacuation Pause) 2942M->2570M(4096M) 116.283ms
[2025-08-01T03:48:38.543+0000] GC(531) User=0.81s Sys=0.05s Real=0.11s
[2025-08-01T03:48:38.644+0000] GC(532) Pause Young (Concurrent Start) (G1 Evacuation Pause)
[2025-08-01T03:48:38.644+0000] GC(532) Using 8 workers of 8 for evacuation
[2025-08-01T03:48:38.770+0000] GC(532)   Pre Evacuate Collection Set: 1.1ms
[2025-08-01T03:48:38.770+0000] GC(532)   Merge Heap Roots: 0.2ms
[2025-08-01T03:48:38.770+0000] GC(532)   Evacuate Collection Set: 121.1ms
[2025-08-01T03:48:38.770+0000] GC(532)   Post Evacuate Collection Set: 3.7ms
[2025-08-01T03:48:38.770+0000] GC(532)   Other: 0.2ms
[2025-08-01T03:48:38.770+0000] GC(532) Eden regions: 250->0(180)
[2025-08-01T03:48:38.770+0000] GC(532) Survivor regions: 41->37(37)
[2025-08-01T03:48:38.770+0000] GC(532) Old regions: 1245->1452
[2025-08-01T03:48:38.771+0000] GC(532) Humongous regions: 0->0
[2025-08-01T03:48:38.771+0000] GC(532) Metaspace: 10593K(10816K)->10593K(10816K) NonClass: 9335K(9472K)->9335K(9472K) Class: 1258K(1344K)->1258K(1344K)
[2025-08-01T03:48:38.771+0000] GC(532) Pause Young (Concurrent Start) (G1 Evacuation Pause) 3070M->2976M(4096M) 126.527ms
[2025-08-01T03:48:38.771+0000] GC(532) User=0.92s Sys=0.05s Real=0.12s
[2025-08-01T03:48:38.771+0000] GC(533) Concurrent Mark Cycle
[2025-08-01T03:48:38.771+0000] GC(533) Concurrent Scan Root Regions
[2025-08-01T03:48:38.822+0000] GC(533) Concurrent Scan Root Regions 51.072ms
[2025-08-01T03:48:38.822+0000] GC(533) Concurrent Mark
[2025-08-01T03:48:38.822+0000] GC(533) Concurrent Mark From Roots
[2025-08-01T03:48:38.822+0000] GC(533) Using 2 workers of 2 for marking
[2025-08-01T03:48:38.857+0000] GC(534) Pause Young (Normal) (G1 Evacuation Pause)
[2025-08-01T03:48:38.857+0000] GC(534) Using 8 workers of 8 for evacuation
[2025-08-01T03:48:38.937+0000] GC(534)   Pre Evacuate Collection Set: 0.9ms
[2025-08-01T03:48:38.938+0000] GC(534)   Merge Heap Roots: 0.2ms
[2025-08-01T03:48:38.938+0000] GC(534)   Evacuate Collection Set: 77.3ms
[2025-08-01T03:48:38.938+0000] GC(534)   Post Evacuate Collection Set: 1.5ms
[2025-08-01T03:48:38.938+0000] GC(534)   Other: 0.1ms
[2025-08-01T03:48:38.938+0000] GC(534) Eden regions: 180->0(119)
[2025-08-01T03:48:38.938+0000] GC(534) Survivor regions: 37->28(28)
[2025-08-01T03:48:38.938+0000] GC(534) Old regions: 1452->1642
[2025-08-01T03:48:38.938+0000] GC(534) Humongous regions: 0->0
[2025-08-01T03:48:38.938+0000] GC(534) Metaspace: 10593K(10816K)->10593K(10816K) NonClass: 9335K(9472K)->9335K(9472K) Class: 1258K(1344K)->1258K(1344K)
[2025-08-01T03:48:38.938+0000] GC(534) Pause Young (Normal) (G1 Evacuation Pause) 3336M->3339M(4096M) 80.343ms
[2025-08-01T03:48:38.938+0000] GC(534) User=0.59s Sys=0.02s Real=0.08s
[2025-08-01T03:48:38.948+0000] GC(533) Concurrent Mark From Roots 125.627ms
[2025-08-01T03:48:38.948+0000] GC(533) Concurrent Preclean
[2025-08-01T03:48:38.948+0000] GC(533) Concurrent Preclean 0.030ms
[2025-08-01T03:48:38.948+0000] GC(533) Pause Remark
[2025-08-01T03:48:38.953+0000] GC(533) Pause Remark 3415M->1165M(4096M) 4.076ms
[2025-08-01T03:48:38.953+0000] GC(533) User=0.01s Sys=0.00s Real=0.00s
[2025-08-01T03:48:38.953+0000] GC(533) Concurrent Mark 130.877ms
[2025-08-01T03:48:38.953+0000] GC(533) Concurrent Rebuild Remembered Sets and Scrub Regions
[2025-08-01T03:48:39.014+0000] GC(535) Pause Young (Normal) (G1 Evacuation Pause)
[2025-08-01T03:48:39.014+0000] GC(535) Using 8 workers of 8 for evacuation
[2025-08-01T03:48:39.067+0000] GC(535)   Pre Evacuate Collection Set: 0.7ms
[2025-08-01T03:48:39.067+0000] GC(535)   Merge Heap Roots: 0.2ms
[2025-08-01T03:48:39.067+0000] GC(535)   Evacuate Collection Set: 50.5ms
[2025-08-01T03:48:39.067+0000] GC(535)   Post Evacuate Collection Set: 1.0ms
[2025-08-01T03:48:39.067+0000] GC(535)   Other: 0.1ms
[2025-08-01T03:48:39.067+0000] GC(535) Eden regions: 119->0(441)
[2025-08-01T03:48:39.067+0000] GC(535) Survivor regions: 28->19(19)
[2025-08-01T03:48:39.067+0000] GC(535) Old regions: 517->646
[2025-08-01T03:48:39.067+0000] GC(535) Humongous regions: 0->0
[2025-08-01T03:48:39.067+0000] GC(535) Metaspace: 10593K(10816K)->10593K(10816K) NonClass: 9335K(9472K)->9335K(9472K) Class: 1258K(1344K)->1258K(1344K)
[2025-08-01T03:48:39.067+0000] GC(535) Pause Young (Normal) (G1 Evacuation Pause) 1327M->1329M(4096M) 52.924ms
[2025-08-01T03:48:39.067+0000] GC(535) User=0.39s Sys=0.01s Real=0.05s
[2025-08-01T03:48:39.117+0000] GC(533) Concurrent Rebuild Remembered Sets and Scrub Regions 164.446ms
[2025-08-01T03:48:39.118+0000] GC(533) Pause Cleanup
[2025-08-01T03:48:39.119+0000] GC(533) Pause Cleanup 1664M->1664M(4096M) 0.926ms
[2025-08-01T03:48:39.119+0000] GC(533) User=0.00s Sys=0.00s Real=0.00s
[2025-08-01T03:48:39.119+0000] GC(533) Concurrent Clear Claimed Marks
[2025-08-01T03:48:39.119+0000] GC(533) Concurrent Clear Claimed Marks 0.031ms
[2025-08-01T03:48:39.119+0000] GC(533) Concurrent Cleanup for Next Mark
[2025-08-01T03:48:39.127+0000] GC(533) Concurrent Cleanup for Next Mark 7.846ms
[2025-08-01T03:48:39.127+0000] GC(533) Concurrent Mark Cycle 355.828ms
[2025-08-01T03:48:39.251+0000] GC(536) Pause Young (Prepare Mixed) (G1 Evacuation Pause)
[2025-08-01T03:48:39.251+0000] GC(536) Using 8 workers of 8 for evacuation
[2025-08-01T03:48:39.445+0000] GC(536)   Pre Evacuate Collection Set: 1.8ms
[2025-08-01T03:48:39.445+0000] GC(536)   Merge Heap Roots: 0.3ms
[2025-08-01T03:48:39.445+0000] GC(536)   Evacuate Collection Set: 191.5ms
[2025-08-01T03:48:39.445+0000] GC(536)   Post Evacuate Collection Set: 0.8ms
[2025-08-01T03:48:39.445+0000] GC(536)   Other: 0.1ms
[2025-08-01T03:48:39.445+0000] GC(536) Eden regions: 441->0(341)
[2025-08-01T03:48:39.445+0000] GC(536) Survivor regions: 19->58(58)
[2025-08-01T03:48:39.445+0000] GC(536) Old regions: 646->866
[2025-08-01T03:48:39.445+0000] GC(536) Humongous regions: 0->0
[2025-08-01T03:48:39.445+0000] GC(536) Metaspace: 10593K(10816K)->10593K(10816K) NonClass: 9335K(9472K)->9335K(9472K) Class: 1258K(1344K)->1258K(1344K)
[2025-08-01T03:48:39.445+0000] GC(536) Pause Young (Prepare Mixed) (G1 Evacuation Pause) 2211M->1846M(4096M) 194.845ms
[2025-08-01T03:48:39.446+0000] GC(536) User=1.45s Sys=0.06s Real=0.20s
[2025-08-01T03:48:39.605+0000] GC(537) Pause Young (Mixed) (G1 Evacuation Pause)
[2025-08-01T03:48:39.605+0000] GC(537) Using 8 workers of 8 for evacuation
[2025-08-01T03:48:39.734+0000] GC(537)   Pre Evacuate Collection Set: 1.6ms
[2025-08-01T03:48:39.734+0000] GC(537)   Merge Heap Roots: 1.4ms
[2025-08-01T03:48:39.734+0000] GC(537)   Evacuate Collection Set: 123.9ms
[2025-08-01T03:48:39.734+0000] GC(537)   Post Evacuate Collection Set: 1.4ms
[2025-08-01T03:48:39.734+0000] GC(537)   Other: 0.1ms
[2025-08-01T03:48:39.734+0000] GC(537) Eden regions: 340->0(263)
[2025-08-01T03:48:39.734+0000] GC(537) Survivor regions: 58->50(50)
[2025-08-01T03:48:39.734+0000] GC(537) Old regions: 866->1170
[2025-08-01T03:48:39.734+0000] GC(537) Humongous regions: 0->0
[2025-08-01T03:48:39.734+0000] GC(537) Metaspace: 10593K(10816K)->10593K(10816K) NonClass: 9335K(9472K)->9335K(9472K) Class: 1258K(1344K)->1258K(1344K)
[2025-08-01T03:48:39.734+0000] GC(537) Pause Young (Mixed) (G1 Evacuation Pause) 2526M->2438M(4096M) 128.788ms
[2025-08-01T03:48:39.734+0000] GC(537) User=0.94s Sys=0.01s Real=0.13s
[2025-08-01T03:48:39.834+0000] GC(538) Pause Young (Concurrent Start) (G1 Evacuation Pause)
[2025-08-01T03:48:39.834+0000] GC(538) Using 8 workers of 8 for evacuation
[2025-08-01T03:48:40.036+0000] GC(538) MMU target violated: 201.0ms (200.0ms/201.0ms)
[2025-08-01T03:48:40.036+0000] GC(538)   Pre Evacuate Collection Set: 0.8ms
[2025-08-01T03:48:40.036+0000] GC(538)   Merge Heap Roots: 0.3ms
[2025-08-01T03:48:40.036+0000] GC(538)   Evacuate Collection Set: 199.3ms
[2025-08-01T03:48:40.036+0000] GC(538)   Post Evacuate Collection Set: 1.1ms
[2025-08-01T03:48:40.036+0000] GC(538)   Other: 0.4ms
[2025-08-01T03:48:40.036+0000] GC(538) Eden regions: 263->0(175)
[2025-08-01T03:48:40.036+0000] GC(538) Survivor regions: 50->40(40)
[2025-08-01T03:48:40.036+0000] GC(538) Old regions: 1170->1445
[2025-08-01T03:48:40.036+0000] GC(538) Humongous regions: 0->0
[2025-08-01T03:48:40.036+0000] GC(538) Metaspace: 10593K(10816K)->10593K(10816K) NonClass: 9335K(9472K)->9335K(9472K) Class: 1258K(1344K)->1258K(1344K)
[2025-08-01T03:48:40.036+0000] GC(538) Pause Young (Concurrent Start) (G1 Evacuation Pause) 2964M->2968M(4096M) 202.258ms
[2025-08-01T03:48:40.036+0000] GC(538) User=1.51s Sys=0.05s Real=0.20s
[2025-08-01T03:48:40.036+0000] GC(539) Concurrent Mark Cycle
[2025-08-01T03:48:40.036+0000] GC(539) Concurrent Scan Root Regions
[2025-08-01T03:48:40.097+0000] GC(539) Concurrent Scan Root Regions 60.677ms
[2025-08-01T03:48:40.097+0000] GC(539) Concurrent Mark
[2025-08-01T03:48:40.097+0000] GC(539) Concurrent Mark From Roots
[2025-08-01T03:48:40.097+0000] GC(539) Using 2 workers of 2 for marking
[2025-08-01T03:48:40.124+0000] GC(540) Pause Young (Normal) (G1 Evacuation Pause)
[2025-08-01T03:48:40.125+0000] GC(540) Using 8 workers of 8 for evacuation
[2025-08-01T03:48:40.178+0000] GC(540)   Pre Evacuate Collection Set: 0.8ms
[2025-08-01T03:48:40.178+0000] GC(540)   Merge Heap Roots: 0.6ms
[2025-08-01T03:48:40.178+0000] GC(540)   Evacuate Collection Set: 50.7ms
[2025-08-01T03:48:40.178+0000] GC(540)   Post Evacuate Collection Set: 1.2ms
[2025-08-01T03:48:40.178+0000] GC(540)   Other: 0.2ms
[2025-08-01T03:48:40.178+0000] GC(540) Eden regions: 175->0(149)
[2025-08-01T03:48:40.178+0000] GC(540) Survivor regions: 40->27(27)
[2025-08-01T03:48:40.178+0000] GC(540) Old regions: 1445->1546
[2025-08-01T03:48:40.178+0000] GC(540) Humongous regions: 0->0
[2025-08-01T03:48:40.178+0000] GC(540) Metaspace: 10593K(10816K)->10593K(10816K) NonClass: 9335K(9472K)->9335K(9472K) Class: 1258K(1344K)->1258K(1344K)
[2025-08-01T03:48:40.178+0000] GC(540) Pause Young (Normal) (G1 Evacuation Pause) 3318M->3145M(4096M) 53.844ms
[2025-08-01T03:48:40.178+0000] GC(540) User=0.37s Sys=0.02s Real=0.05s
[2025-08-01T03:48:40.258+0000] GC(541) Pause Young (Normal) (G1 Evacuation Pause)
[2025-08-01T03:48:40.258+0000] GC(541) Using 8 workers of 8 for evacuation
[2025-08-01T03:48:40.320+0000] GC(541)   Pre Evacuate Collection Set: 0.7ms
[2025-08-01T03:48:40.320+0000] GC(541)   Merge Heap Roots: 0.2ms
[2025-08-01T03:48:40.320+0000] GC(541)   Evacuate Collection Set: 60.7ms
[2025-08-01T03:48:40.320+0000] GC(541)   Post Evacuate Collection Set: 1.0ms
[2025-08-01T03:48:40.320+0000] GC(541)   Other: 0.1ms
[2025-08-01T03:48:40.320+0000] GC(541) Eden regions: 149->0(100)
[2025-08-01T03:48:40.320+0000] GC(541) Survivor regions: 27->22(22)
[2025-08-01T03:48:40.320+0000] GC(541) Old regions: 1546->1703
[2025-08-01T03:48:40.320+0000] GC(541) Humongous regions: 0->0
[2025-08-01T03:48:40.321+0000] GC(541) Metaspace: 10593K(10816K)->10593K(10816K) NonClass: 9335K(9472K)->9335K(9472K) Class: 1258K(1344K)->1258K(1344K)
[2025-08-01T03:48:40.321+0000] GC(541) Pause Young (Normal) (G1 Evacuation Pause) 3443M->3448M(4096M) 63.032ms
[2025-08-01T03:48:40.321+0000] GC(541) User=0.47s Sys=0.01s Real=0.06s
[2025-08-01T03:48:40.343+0000] GC(542) Pause Young (Normal) (G1 Evacuation Pause)
[2025-08-01T03:48:40.343+0000] GC(542) Using 8 workers of 8 for evacuation
[2025-08-01T03:48:40.379+0000] GC(542)   Pre Evacuate Collection Set: 0.7ms
[2025-08-01T03:48:40.379+0000] GC(542)   Merge Heap Roots: 0.1ms
[2025-08-01T03:48:40.379+0000] GC(542)   Evacuate Collection Set: 34.3ms
[2025-08-01T03:48:40.379+0000] GC(542)   Post Evacuate Collection Set: 1.2ms
[2025-08-01T03:48:40.379+0000] GC(542)   Other: 0.1ms
[2025-08-01T03:48:40.379+0000] GC(542) Eden regions: 100->0(86)
[2025-08-01T03:48:40.379+0000] GC(542) Survivor regions: 22->16(16)
[2025-08-01T03:48:40.379+0000] GC(542) Old regions: 1703->1811
[2025-08-01T03:48:40.379+0000] GC(542) Humongous regions: 0->0
[2025-08-01T03:48:40.379+0000] GC(542) Metaspace: 10593K(10816K)->10593K(10816K) NonClass: 9335K(9472K)->9335K(9472K) Class: 1258K(1344K)->1258K(1344K)
[2025-08-01T03:48:40.379+0000] GC(542) Pause Young (Normal) (G1 Evacuation Pause) 3648M->3653M(4096M) 36.713ms
[2025-08-01T03:48:40.379+0000] GC(542) User=0.27s Sys=0.00s Real=0.04s
[2025-08-01T03:48:40.424+0000] GC(539) Concurrent Mark From Roots 327.306ms
[2025-08-01T03:48:40.424+0000] GC(539) Concurrent Preclean
[2025-08-01T03:48:40.424+0000] GC(539) Concurrent Preclean 0.014ms
[2025-08-01T03:48:40.425+0000] GC(539) Pause Remark
[2025-08-01T03:48:40.428+0000] GC(539) Pause Remark 3762M->2428M(4096M) 3.077ms
[2025-08-01T03:48:40.428+0000] GC(539) User=0.00s Sys=0.00s Real=0.00s
[2025-08-01T03:48:40.428+0000] GC(539) Concurrent Mark 330.901ms
[2025-08-01T03:48:40.428+0000] GC(539) Concurrent Rebuild Remembered Sets and Scrub Regions
[2025-08-01T03:48:40.438+0000] GC(543) Pause Young (Normal) (G1 Evacuation Pause)
[2025-08-01T03:48:40.438+0000] GC(543) Using 8 workers of 8 for evacuation
[2025-08-01T03:48:40.471+0000] GC(543)   Pre Evacuate Collection Set: 1.1ms
[2025-08-01T03:48:40.471+0000] GC(543)   Merge Heap Roots: 0.2ms
[2025-08-01T03:48:40.471+0000] GC(543)   Evacuate Collection Set: 30.0ms
[2025-08-01T03:48:40.471+0000] GC(543)   Post Evacuate Collection Set: 0.8ms
[2025-08-01T03:48:40.471+0000] GC(543)   Other: 0.1ms
[2025-08-01T03:48:40.471+0000] GC(543) Eden regions: 86->0(254)
[2025-08-01T03:48:40.471+0000] GC(543) Survivor regions: 16->13(13)
[2025-08-01T03:48:40.471+0000] GC(543) Old regions: 1144->1230
[2025-08-01T03:48:40.471+0000] GC(543) Humongous regions: 0->0
[2025-08-01T03:48:40.471+0000] GC(543) Metaspace: 10593K(10816K)->10593K(10816K) NonClass: 9335K(9472K)->9335K(9472K) Class: 1258K(1344K)->1258K(1344K)
[2025-08-01T03:48:40.471+0000] GC(543) Pause Young (Normal) (G1 Evacuation Pause) 2491M->2485M(4096M) 32.541ms
[2025-08-01T03:48:40.471+0000] GC(543) User=0.24s Sys=0.00s Real=0.03s
[2025-08-01T03:48:40.571+0000] GC(544) Pause Young (Normal) (G1 Evacuation Pause)
[2025-08-01T03:48:40.571+0000] GC(544) Using 8 workers of 8 for evacuation
[2025-08-01T03:48:40.665+0000] GC(544)   Pre Evacuate Collection Set: 0.7ms
[2025-08-01T03:48:40.665+0000] GC(544)   Merge Heap Roots: 0.2ms
[2025-08-01T03:48:40.665+0000] GC(544)   Evacuate Collection Set: 92.1ms
[2025-08-01T03:48:40.665+0000] GC(544)   Post Evacuate Collection Set: 0.9ms
[2025-08-01T03:48:40.665+0000] GC(544)   Other: 0.1ms
[2025-08-01T03:48:40.665+0000] GC(544) Eden regions: 254->0(171)
[2025-08-01T03:48:40.665+0000] GC(544) Survivor regions: 13->34(34)
[2025-08-01T03:48:40.665+0000] GC(544) Old regions: 1230->1465
[2025-08-01T03:48:40.665+0000] GC(544) Humongous regions: 0->0
[2025-08-01T03:48:40.665+0000] GC(544) Metaspace: 10593K(10816K)->10593K(10816K) NonClass: 9335K(9472K)->9335K(9472K) Class: 1258K(1344K)->1258K(1344K)
[2025-08-01T03:48:40.665+0000] GC(544) Pause Young (Normal) (G1 Evacuation Pause) 2993M->2996M(4096M) 94.159ms
[2025-08-01T03:48:40.665+0000] GC(544) User=0.66s Sys=0.03s Real=0.10s
[2025-08-01T03:48:40.749+0000] GC(545) Pause Young (Normal) (G1 Evacuation Pause)
[2025-08-01T03:48:40.749+0000] GC(545) Using 8 workers of 8 for evacuation
[2025-08-01T03:48:40.816+0000] GC(545)   Pre Evacuate Collection Set: 1.4ms
[2025-08-01T03:48:40.816+0000] GC(545)   Merge Heap Roots: 0.3ms
[2025-08-01T03:48:40.816+0000] GC(545)   Evacuate Collection Set: 63.9ms
[2025-08-01T03:48:40.816+0000] GC(545)   Post Evacuate Collection Set: 1.1ms
[2025-08-01T03:48:40.816+0000] GC(545)   Other: 0.1ms
[2025-08-01T03:48:40.816+0000] GC(545) Eden regions: 171->0(130)
[2025-08-01T03:48:40.816+0000] GC(545) Survivor regions: 34->26(26)
[2025-08-01T03:48:40.816+0000] GC(545) Old regions: 1465->1605
[2025-08-01T03:48:40.816+0000] GC(545) Humongous regions: 0->0
[2025-08-01T03:48:40.816+0000] GC(545) Metaspace: 10593K(10816K)->10593K(10816K) NonClass: 9335K(9472K)->9335K(9472K) Class: 1258K(1344K)->1258K(1344K)
[2025-08-01T03:48:40.816+0000] GC(545) Pause Young (Normal) (G1 Evacuation Pause) 3338M->3260M(4096M) 67.132ms
[2025-08-01T03:48:40.816+0000] GC(545) User=0.48s Sys=0.02s Real=0.07s
[2025-08-01T03:48:40.889+0000] GC(546) Pause Young (Normal) (G1 Evacuation Pause)
[2025-08-01T03:48:40.889+0000] GC(546) Using 8 workers of 8 for evacuation
[2025-08-01T03:48:40.930+0000] GC(546)   Pre Evacuate Collection Set: 1.1ms
[2025-08-01T03:48:40.930+0000] GC(546)   Merge Heap Roots: 0.2ms
[2025-08-01T03:48:40.930+0000] GC(546)   Evacuate Collection Set: 37.8ms
[2025-08-01T03:48:40.930+0000] GC(546)   Post Evacuate Collection Set: 1.3ms
[2025-08-01T03:48:40.930+0000] GC(546)   Other: 0.1ms
[2025-08-01T03:48:40.930+0000] GC(546) Eden regions: 130->0(104)
[2025-08-01T03:48:40.930+0000] GC(546) Survivor regions: 26->20(20)
[2025-08-01T03:48:40.930+0000] GC(546) Old regions: 1605->1696
[2025-08-01T03:48:40.930+0000] GC(546) Humongous regions: 0->0
[2025-08-01T03:48:40.930+0000] GC(546) Metaspace: 10593K(10816K)->10593K(10816K) NonClass: 9335K(9472K)->9335K(9472K) Class: 1258K(1344K)->1258K(1344K)
[2025-08-01T03:48:40.930+0000] GC(546) Pause Young (Normal) (G1 Evacuation Pause) 3520M->3430M(4096M) 40.869ms
[2025-08-01T03:48:40.930+0000] GC(546) User=0.28s Sys=0.01s Real=0.04s
[2025-08-01T03:48:40.940+0000] GC(539) Concurrent Rebuild Remembered Sets and Scrub Regions 511.943ms
[2025-08-01T03:48:40.941+0000] GC(539) Pause Cleanup
[2025-08-01T03:48:40.942+0000] GC(539) Pause Cleanup 3522M->3522M(4096M) 0.766ms
[2025-08-01T03:48:40.942+0000] GC(539) User=0.00s Sys=0.01s Real=0.00s
[2025-08-01T03:48:40.942+0000] GC(539) Concurrent Clear Claimed Marks
[2025-08-01T03:48:40.942+0000] GC(539) Concurrent Clear Claimed Marks 0.044ms
[2025-08-01T03:48:40.942+0000] GC(539) Concurrent Cleanup for Next Mark
[2025-08-01T03:48:40.956+0000] GC(539) Concurrent Cleanup for Next Mark 13.041ms
[2025-08-01T03:48:40.956+0000] GC(539) Concurrent Mark Cycle 919.539ms
[2025-08-01T03:48:40.957+0000] GC(547) Pause Young (Prepare Mixed) (G1 Evacuation Pause)
[2025-08-01T03:48:40.957+0000] GC(547) Using 8 workers of 8 for evacuation
[2025-08-01T03:48:41.006+0000] GC(547)   Pre Evacuate Collection Set: 1.2ms
[2025-08-01T03:48:41.006+0000] GC(547)   Merge Heap Roots: 0.4ms
[2025-08-01T03:48:41.006+0000] GC(547)   Evacuate Collection Set: 45.8ms
[2025-08-01T03:48:41.006+0000] GC(547)   Post Evacuate Collection Set: 0.8ms
[2025-08-01T03:48:41.006+0000] GC(547)   Other: 0.1ms
[2025-08-01T03:48:41.006+0000] GC(547) Eden regions: 104->0(86)
[2025-08-01T03:48:41.006+0000] GC(547) Survivor regions: 20->16(16)
[2025-08-01T03:48:41.006+0000] GC(547) Old regions: 1696->1805
[2025-08-01T03:48:41.006+0000] GC(547) Humongous regions: 0->0
[2025-08-01T03:48:41.006+0000] GC(547) Metaspace: 10593K(10816K)->10593K(10816K) NonClass: 9335K(9472K)->9335K(9472K) Class: 1258K(1344K)->1258K(1344K)
[2025-08-01T03:48:41.006+0000] GC(547) Pause Young (Prepare Mixed) (G1 Evacuation Pause) 3638M->3640M(4096M) 48.655ms
[2025-08-01T03:48:41.006+0000] GC(547) User=0.34s Sys=0.01s Real=0.05s
[2025-08-01T03:48:41.066+0000] GC(548) Pause Young (Mixed) (G1 Evacuation Pause)
[2025-08-01T03:48:41.066+0000] GC(548) Using 8 workers of 8 for evacuation
[2025-08-01T03:48:41.105+0000] GC(548)   Pre Evacuate Collection Set: 1.0ms
[2025-08-01T03:48:41.105+0000] GC(548)   Merge Heap Roots: 0.3ms
[2025-08-01T03:48:41.105+0000] GC(548)   Evacuate Collection Set: 37.0ms
[2025-08-01T03:48:41.105+0000] GC(548)   Post Evacuate Collection Set: 0.6ms
[2025-08-01T03:48:41.105+0000] GC(548)   Other: 0.1ms
[2025-08-01T03:48:41.105+0000] GC(548) Eden regions: 86->0(89)
[2025-08-01T03:48:41.105+0000] GC(548) Survivor regions: 16->13(13)
[2025-08-01T03:48:41.105+0000] GC(548) Old regions: 1805->1882
[2025-08-01T03:48:41.105+0000] GC(548) Humongous regions: 0->0
[2025-08-01T03:48:41.105+0000] GC(548) Metaspace: 10593K(10816K)->10593K(10816K) NonClass: 9335K(9472K)->9335K(9472K) Class: 1258K(1344K)->1258K(1344K)
[2025-08-01T03:48:41.105+0000] GC(548) Pause Young (Mixed) (G1 Evacuation Pause) 3812M->3789M(4096M) 39.196ms
[2025-08-01T03:48:41.106+0000] GC(548) User=0.29s Sys=0.01s Real=0.04s
[2025-08-01T03:48:41.121+0000] GC(549) Pause Young (Concurrent Start) (G1 Evacuation Pause)
[2025-08-01T03:48:41.121+0000] GC(549) Using 8 workers of 8 for evacuation
[2025-08-01T03:48:41.156+0000] GC(549)   Pre Evacuate Collection Set: 0.8ms
[2025-08-01T03:48:41.156+0000] GC(549)   Merge Heap Roots: 0.1ms
[2025-08-01T03:48:41.156+0000] GC(549)   Evacuate Collection Set: 26.0ms
[2025-08-01T03:48:41.156+0000] GC(549)   Post Evacuate Collection Set: 7.1ms
[2025-08-01T03:48:41.156+0000] GC(549)   Other: 0.2ms
[2025-08-01T03:48:41.156+0000] GC(549) Eden regions: 89->0(11)
[2025-08-01T03:48:41.156+0000] GC(549) Survivor regions: 13->13(13)
[2025-08-01T03:48:41.156+0000] GC(549) Old regions: 1882->2011
[2025-08-01T03:48:41.156+0000] GC(549) Humongous regions: 0->0
[2025-08-01T03:48:41.156+0000] GC(549) Metaspace: 10593K(10816K)->10593K(10816K) NonClass: 9335K(9472K)->9335K(9472K) Class: 1258K(1344K)->1258K(1344K)
[2025-08-01T03:48:41.156+0000] GC(549) Pause Young (Concurrent Start) (G1 Evacuation Pause) (Evacuation Failure) 3967M->4047M(4096M) 34.429ms
[2025-08-01T03:48:41.156+0000] GC(549) User=0.25s Sys=0.00s Real=0.04s
[2025-08-01T03:48:41.156+0000] GC(550) Concurrent Mark Cycle
[2025-08-01T03:48:41.156+0000] GC(550) Concurrent Scan Root Regions
[2025-08-01T03:48:41.158+0000] GC(551) Pause Young (Normal) (G1 Evacuation Pause)
[2025-08-01T03:48:41.158+0000] GC(551) Using 8 workers of 8 for evacuation
[2025-08-01T03:48:41.170+0000] GC(550) Concurrent Scan Root Regions 14.563ms
[2025-08-01T03:48:41.170+0000] GC(550) Concurrent Mark
[2025-08-01T03:48:41.170+0000] GC(550) Concurrent Mark From Roots
[2025-08-01T03:48:41.171+0000] GC(550) Using 2 workers of 2 for marking
[2025-08-01T03:48:41.179+0000] GC(551)   Pre Evacuate Collection Set: 1.0ms
[2025-08-01T03:48:41.179+0000] GC(551)   Merge Heap Roots: 0.1ms
[2025-08-01T03:48:41.179+0000] GC(551)   Evacuate Collection Set: 5.5ms
[2025-08-01T03:48:41.179+0000] GC(551)   Post Evacuate Collection Set: 1.8ms
[2025-08-01T03:48:41.179+0000] GC(551)   Other: 0.1ms
[2025-08-01T03:48:41.179+0000] GC(551) Eden regions: 11->0(1)
[2025-08-01T03:48:41.179+0000] GC(551) Survivor regions: 13->3(3)
[2025-08-01T03:48:41.179+0000] GC(551) Old regions: 2011->2041
[2025-08-01T03:48:41.179+0000] GC(551) Humongous regions: 0->0
[2025-08-01T03:48:41.179+0000] GC(551) Metaspace: 10593K(10816K)->10593K(10816K) NonClass: 9335K(9472K)->9335K(9472K) Class: 1258K(1344K)->1258K(1344K)
[2025-08-01T03:48:41.179+0000] GC(551) Pause Young (Normal) (G1 Evacuation Pause) (Evacuation Failure) 4069M->4087M(4096M) 21.027ms
[2025-08-01T03:48:41.179+0000] GC(551) User=0.07s Sys=0.01s Real=0.02s
[2025-08-01T03:48:41.180+0000] GC(552) Pause Young (Normal) (G1 Evacuation Pause)
[2025-08-01T03:48:41.180+0000] GC(552) Using 8 workers of 8 for evacuation
[2025-08-01T03:48:41.184+0000] GC(552)   Pre Evacuate Collection Set: 0.7ms
[2025-08-01T03:48:41.184+0000] GC(552)   Merge Heap Roots: 0.1ms
[2025-08-01T03:48:41.184+0000] GC(552)   Evacuate Collection Set: 1.8ms
[2025-08-01T03:48:41.184+0000] GC(552)   Post Evacuate Collection Set: 1.7ms
[2025-08-01T03:48:41.184+0000] GC(552)   Other: 0.1ms
[2025-08-01T03:48:41.184+0000] GC(552) Eden regions: 1->0(0)
[2025-08-01T03:48:41.184+0000] GC(552) Survivor regions: 3->1(1)
[2025-08-01T03:48:41.184+0000] GC(552) Old regions: 2041->2047
[2025-08-01T03:48:41.184+0000] GC(552) Humongous regions: 0->0
[2025-08-01T03:48:41.184+0000] GC(552) Metaspace: 10593K(10816K)->10593K(10816K) NonClass: 9335K(9472K)->9335K(9472K) Class: 1258K(1344K)->1258K(1344K)
[2025-08-01T03:48:41.184+0000] GC(552) Pause Young (Normal) (G1 Evacuation Pause) (Evacuation Failure) 4089M->4095M(4096M) 4.588ms
[2025-08-01T03:48:41.184+0000] GC(552) User=0.01s Sys=0.00s Real=0.01s
[2025-08-01T03:48:41.184+0000] Attempting full compaction
[2025-08-01T03:48:41.184+0000] GC(553) Pause Full (G1 Compaction Pause)
[2025-08-01T03:48:41.184+0000] GC(553) Using 8 workers of 8 for full compaction
[2025-08-01T03:48:41.189+0000] GC(553) Phase 1: Mark live objects
[2025-08-01T03:48:41.228+0000] GC(553) Phase 1: Mark live objects 38.194ms
[2025-08-01T03:48:41.228+0000] GC(553) Phase 2: Prepare compaction
[2025-08-01T03:48:41.243+0000] GC(553) Phase 2: Prepare compaction 14.894ms
[2025-08-01T03:48:41.243+0000] GC(553) Phase 3: Adjust pointers
[2025-08-01T03:48:41.282+0000] GC(553) Phase 3: Adjust pointers 39.860ms
[2025-08-01T03:48:41.283+0000] GC(553) Phase 4: Compact heap
[2025-08-01T03:48:41.340+0000] GC(553) Phase 4: Compact heap 57.328ms
[2025-08-01T03:48:41.340+0000] GC(553) Phase 5: Reset Metadata
[2025-08-01T03:48:41.372+0000] GC(553) Phase 5: Reset Metadata 32.442ms
[2025-08-01T03:48:41.382+0000] GC(553) Eden regions: 0->0(477)
[2025-08-01T03:48:41.382+0000] GC(553) Survivor regions: 1->0(1)
[2025-08-01T03:48:41.382+0000] GC(553) Old regions: 2047->529
[2025-08-01T03:48:41.382+0000] GC(553) Humongous regions: 0->0
[2025-08-01T03:48:41.382+0000] GC(553) Metaspace: 10593K(10816K)->10593K(10816K) NonClass: 9335K(9472K)->9335K(9472K) Class: 1258K(1344K)->1258K(1344K)
[2025-08-01T03:48:41.382+0000] GC(553) Pause Full (G1 Compaction Pause) 4095M->1052M(4096M) 197.893ms
[2025-08-01T03:48:41.382+0000] GC(553) User=1.40s Sys=0.01s Real=0.19s
[2025-08-01T03:48:41.383+0000] GC(550) Concurrent Mark From Roots 212.362ms
[2025-08-01T03:48:41.383+0000] GC(550) Concurrent Mark Abort
[2025-08-01T03:48:41.383+0000] GC(550) Concurrent Mark Cycle 227.112ms
[2025-08-01T03:48:41.625+0000] GC(554) Pause Young (Normal) (G1 Evacuation Pause)
[2025-08-01T03:48:41.626+0000] GC(554) Using 8 workers of 8 for evacuation
[2025-08-01T03:48:41.725+0000] GC(554)   Pre Evacuate Collection Set: 0.8ms
[2025-08-01T03:48:41.725+0000] GC(554)   Merge Heap Roots: 0.2ms
[2025-08-01T03:48:41.725+0000] GC(554)   Evacuate Collection Set: 96.0ms
[2025-08-01T03:48:41.725+0000] GC(554)   Post Evacuate Collection Set: 1.9ms
[2025-08-01T03:48:41.725+0000] GC(554)   Other: 0.2ms
[2025-08-01T03:48:41.725+0000] GC(554) Eden regions: 477->0(429)
[2025-08-01T03:48:41.725+0000] GC(554) Survivor regions: 0->60(60)
[2025-08-01T03:48:41.725+0000] GC(554) Old regions: 529->690
[2025-08-01T03:48:41.725+0000] GC(554) Humongous regions: 0->0
[2025-08-01T03:48:41.725+0000] GC(554) Metaspace: 10593K(10816K)->10593K(10816K) NonClass: 9335K(9472K)->9335K(9472K) Class: 1258K(1344K)->1258K(1344K)
[2025-08-01T03:48:41.725+0000] GC(554) Pause Young (Normal) (G1 Evacuation Pause) 2006M->1494M(4096M) 99.687ms
[2025-08-01T03:48:41.725+0000] GC(554) User=0.68s Sys=0.04s Real=0.10s
[2025-08-01T03:48:41.924+0000] GC(555) Pause Young (Concurrent Start) (G1 Evacuation Pause)
[2025-08-01T03:48:41.924+0000] GC(555) Using 8 workers of 8 for evacuation
[2025-08-01T03:48:42.151+0000] GC(555) MMU target violated: 201.0ms (200.0ms/201.0ms)
[2025-08-01T03:48:42.152+0000] GC(555)   Pre Evacuate Collection Set: 1.2ms
[2025-08-01T03:48:42.152+0000] GC(555)   Merge Heap Roots: 1.3ms
[2025-08-01T03:48:42.152+0000] GC(555)   Evacuate Collection Set: 223.6ms
[2025-08-01T03:48:42.152+0000] GC(555)   Post Evacuate Collection Set: 1.2ms
[2025-08-01T03:48:42.152+0000] GC(555)   Other: 0.5ms
[2025-08-01T03:48:42.152+0000] GC(555) Eden regions: 429->0(294)
[2025-08-01T03:48:42.152+0000] GC(555) Survivor regions: 60->62(62)
[2025-08-01T03:48:42.152+0000] GC(555) Old regions: 690->1066
[2025-08-01T03:48:42.152+0000] GC(555) Humongous regions: 0->0
[2025-08-01T03:48:42.152+0000] GC(555) Metaspace: 10593K(10816K)->10593K(10816K) NonClass: 9335K(9472K)->9335K(9472K) Class: 1258K(1344K)->1258K(1344K)
[2025-08-01T03:48:42.152+0000] GC(555) Pause Young (Concurrent Start) (G1 Evacuation Pause) 2352M->2249M(4096M) 228.156ms
[2025-08-01T03:48:42.152+0000] GC(555) User=1.71s Sys=0.05s Real=0.22s
[2025-08-01T03:48:42.152+0000] GC(556) Concurrent Mark Cycle
[2025-08-01T03:48:42.152+0000] GC(556) Concurrent Scan Root Regions
[2025-08-01T03:48:42.258+0000] GC(556) Concurrent Scan Root Regions 105.953ms
[2025-08-01T03:48:42.258+0000] GC(556) Concurrent Mark
[2025-08-01T03:48:42.258+0000] GC(556) Concurrent Mark From Roots
[2025-08-01T03:48:42.258+0000] GC(556) Using 2 workers of 2 for marking
[2025-08-01T03:48:42.296+0000] GC(556) Concurrent Mark From Roots 38.271ms
[2025-08-01T03:48:42.296+0000] GC(556) Concurrent Preclean
[2025-08-01T03:48:42.296+0000] GC(556) Concurrent Preclean 0.026ms
[2025-08-01T03:48:42.297+0000] GC(556) Pause Remark
[2025-08-01T03:48:42.302+0000] GC(556) Pause Remark 2803M->1701M(4096M) 5.730ms
[2025-08-01T03:48:42.302+0000] GC(556) User=0.02s Sys=0.00s Real=0.00s
[2025-08-01T03:48:42.303+0000] GC(556) Concurrent Mark 44.469ms
[2025-08-01T03:48:42.303+0000] GC(556) Concurrent Rebuild Remembered Sets and Scrub Regions
[2025-08-01T03:48:42.318+0000] GC(557) Pause Young (Normal) (G1 Evacuation Pause)
[2025-08-01T03:48:42.318+0000] GC(557) Using 8 workers of 8 for evacuation
[2025-08-01T03:48:42.435+0000] GC(557)   Pre Evacuate Collection Set: 0.7ms
[2025-08-01T03:48:42.435+0000] GC(557)   Merge Heap Roots: 0.3ms
[2025-08-01T03:48:42.435+0000] GC(557)   Evacuate Collection Set: 114.3ms
[2025-08-01T03:48:42.435+0000] GC(557)   Post Evacuate Collection Set: 1.3ms
[2025-08-01T03:48:42.435+0000] GC(557)   Other: 0.2ms
[2025-08-01T03:48:42.435+0000] GC(557) Eden regions: 294->0(388)
[2025-08-01T03:48:42.435+0000] GC(557) Survivor regions: 62->45(45)
[2025-08-01T03:48:42.435+0000] GC(557) Old regions: 512->798
[2025-08-01T03:48:42.435+0000] GC(557) Humongous regions: 0->0
[2025-08-01T03:48:42.435+0000] GC(557) Metaspace: 10593K(10816K)->10593K(10816K) NonClass: 9335K(9472K)->9335K(9472K) Class: 1258K(1344K)->1258K(1344K)
[2025-08-01T03:48:42.435+0000] GC(557) Pause Young (Normal) (G1 Evacuation Pause) 1734M->1684M(4096M) 117.191ms
[2025-08-01T03:48:42.435+0000] GC(557) User=0.89s Sys=0.02s Real=0.12s
[2025-08-01T03:48:42.548+0000] GC(556) Concurrent Rebuild Remembered Sets and Scrub Regions 245.822ms
[2025-08-01T03:48:42.549+0000] GC(556) Pause Cleanup
[2025-08-01T03:48:42.550+0000] GC(556) Pause Cleanup 2326M->2326M(4096M) 0.956ms
[2025-08-01T03:48:42.550+0000] GC(556) User=0.00s Sys=0.00s Real=0.00s
[2025-08-01T03:48:42.550+0000] GC(556) Concurrent Clear Claimed Marks
[2025-08-01T03:48:42.550+0000] GC(556) Concurrent Clear Claimed Marks 0.075ms
[2025-08-01T03:48:42.550+0000] GC(556) Concurrent Cleanup for Next Mark
[2025-08-01T03:48:42.561+0000] GC(556) Concurrent Cleanup for Next Mark 10.443ms
[2025-08-01T03:48:42.561+0000] GC(556) Concurrent Mark Cycle 408.669ms
[2025-08-01T03:48:42.605+0000] GC(558) Pause Young (Prepare Mixed) (G1 Evacuation Pause)
[2025-08-01T03:48:42.606+0000] GC(558) Using 8 workers of 8 for evacuation
[2025-08-01T03:48:42.706+0000] GC(558)   Pre Evacuate Collection Set: 0.7ms
[2025-08-01T03:48:42.706+0000] GC(558)   Merge Heap Roots: 0.3ms
[2025-08-01T03:48:42.706+0000] GC(558)   Evacuate Collection Set: 98.0ms
[2025-08-01T03:48:42.706+0000] GC(558)   Post Evacuate Collection Set: 1.2ms
[2025-08-01T03:48:42.706+0000] GC(558)   Other: 0.2ms
[2025-08-01T03:48:42.706+0000] GC(558) Eden regions: 388->0(332)
[2025-08-01T03:48:42.706+0000] GC(558) Survivor regions: 45->55(55)
[2025-08-01T03:48:42.706+0000] GC(558) Old regions: 798->1000
[2025-08-01T03:48:42.706+0000] GC(558) Humongous regions: 0->0
[2025-08-01T03:48:42.706+0000] GC(558) Metaspace: 10593K(10816K)->10593K(10816K) NonClass: 9335K(9472K)->9335K(9472K) Class: 1258K(1344K)->1258K(1344K)
[2025-08-01T03:48:42.706+0000] GC(558) Pause Young (Prepare Mixed) (G1 Evacuation Pause) 2460M->2108M(4096M) 100.730ms
[2025-08-01T03:48:42.706+0000] GC(558) User=0.73s Sys=0.03s Real=0.10s
[2025-08-01T03:48:42.836+0000] GC(559) Pause Young (Mixed) (G1 Evacuation Pause)
[2025-08-01T03:48:42.836+0000] GC(559) Using 8 workers of 8 for evacuation
[2025-08-01T03:48:42.945+0000] GC(559)   Pre Evacuate Collection Set: 1.1ms
[2025-08-01T03:48:42.945+0000] GC(559)   Merge Heap Roots: 0.2ms
[2025-08-01T03:48:42.945+0000] GC(559)   Evacuate Collection Set: 105.6ms
[2025-08-01T03:48:42.945+0000] GC(559)   Post Evacuate Collection Set: 1.3ms
[2025-08-01T03:48:42.945+0000] GC(559)   Other: 0.1ms
[2025-08-01T03:48:42.945+0000] GC(559) Eden regions: 332->0(252)
[2025-08-01T03:48:42.945+0000] GC(559) Survivor regions: 55->49(49)
[2025-08-01T03:48:42.945+0000] GC(559) Old regions: 1000->1234
[2025-08-01T03:48:42.945+0000] GC(559) Humongous regions: 0->0
[2025-08-01T03:48:42.945+0000] GC(559) Metaspace: 10593K(10816K)->10593K(10816K) NonClass: 9335K(9472K)->9335K(9472K) Class: 1258K(1344K)->1258K(1344K)
[2025-08-01T03:48:42.945+0000] GC(559) Pause Young (Mixed) (G1 Evacuation Pause) 2772M->2565M(4096M) 108.623ms
[2025-08-01T03:48:42.945+0000] GC(559) User=0.81s Sys=0.02s Real=0.11s
[2025-08-01T03:48:43.037+0000] GC(560) Pause Young (Concurrent Start) (G1 Evacuation Pause)
[2025-08-01T03:48:43.037+0000] GC(560) Using 8 workers of 8 for evacuation
[2025-08-01T03:48:43.194+0000] GC(560)   Pre Evacuate Collection Set: 1.1ms
[2025-08-01T03:48:43.194+0000] GC(560)   Merge Heap Roots: 0.3ms
[2025-08-01T03:48:43.194+0000] GC(560)   Evacuate Collection Set: 154.7ms
[2025-08-01T03:48:43.194+0000] GC(560)   Post Evacuate Collection Set: 0.9ms
[2025-08-01T03:48:43.194+0000] GC(560)   Other: 0.2ms
[2025-08-01T03:48:43.194+0000] GC(560) Eden regions: 252->0(162)
[2025-08-01T03:48:43.194+0000] GC(560) Survivor regions: 49->38(38)
[2025-08-01T03:48:43.194+0000] GC(560) Old regions: 1234->1499
[2025-08-01T03:48:43.194+0000] GC(560) Humongous regions: 0->0
[2025-08-01T03:48:43.194+0000] GC(560) Metaspace: 10593K(10816K)->10593K(10816K) NonClass: 9335K(9472K)->9335K(9472K) Class: 1258K(1344K)->1258K(1344K)
[2025-08-01T03:48:43.194+0000] GC(560) Pause Young (Concurrent Start) (G1 Evacuation Pause) 3069M->3072M(4096M) 157.584ms
[2025-08-01T03:48:43.194+0000] GC(560) User=1.14s Sys=0.04s Real=0.16s
[2025-08-01T03:48:43.194+0000] GC(561) Concurrent Mark Cycle
[2025-08-01T03:48:43.195+0000] GC(561) Concurrent Scan Root Regions
[2025-08-01T03:48:43.251+0000] GC(561) Concurrent Scan Root Regions 56.772ms
[2025-08-01T03:48:43.251+0000] GC(561) Concurrent Mark
[2025-08-01T03:48:43.251+0000] GC(561) Concurrent Mark From Roots
[2025-08-01T03:48:43.251+0000] GC(561) Using 2 workers of 2 for marking
[2025-08-01T03:48:43.279+0000] GC(562) Pause Young (Normal) (G1 Evacuation Pause)
[2025-08-01T03:48:43.279+0000] GC(562) Using 8 workers of 8 for evacuation
[2025-08-01T03:48:43.334+0000] GC(562)   Pre Evacuate Collection Set: 0.8ms
[2025-08-01T03:48:43.334+0000] GC(562)   Merge Heap Roots: 0.2ms
[2025-08-01T03:48:43.334+0000] GC(562)   Evacuate Collection Set: 52.6ms
[2025-08-01T03:48:43.334+0000] GC(562)   Post Evacuate Collection Set: 0.9ms
[2025-08-01T03:48:43.334+0000] GC(562)   Other: 0.1ms
[2025-08-01T03:48:43.334+0000] GC(562) Eden regions: 162->0(126)
[2025-08-01T03:48:43.334+0000] GC(562) Survivor regions: 38->25(25)
[2025-08-01T03:48:43.334+0000] GC(562) Old regions: 1499->1632
[2025-08-01T03:48:43.334+0000] GC(562) Humongous regions: 0->0
[2025-08-01T03:48:43.334+0000] GC(562) Metaspace: 10593K(10816K)->10593K(10816K) NonClass: 9335K(9472K)->9335K(9472K) Class: 1258K(1344K)->1258K(1344K)
[2025-08-01T03:48:43.334+0000] GC(562) Pause Young (Normal) (G1 Evacuation Pause) 3396M->3312M(4096M) 54.899ms
[2025-08-01T03:48:43.334+0000] GC(562) User=0.39s Sys=0.01s Real=0.06s
[2025-08-01T03:48:43.395+0000] GC(563) Pause Young (Normal) (G1 Evacuation Pause)
[2025-08-01T03:48:43.395+0000] GC(563) Using 8 workers of 8 for evacuation
[2025-08-01T03:48:43.442+0000] GC(563)   Pre Evacuate Collection Set: 0.8ms
[2025-08-01T03:48:43.442+0000] GC(563)   Merge Heap Roots: 0.2ms
[2025-08-01T03:48:43.442+0000] GC(563)   Evacuate Collection Set: 44.8ms
[2025-08-01T03:48:43.442+0000] GC(563)   Post Evacuate Collection Set: 0.9ms
[2025-08-01T03:48:43.442+0000] GC(563)   Other: 0.1ms
[2025-08-01T03:48:43.442+0000] GC(563) Eden regions: 126->0(100)
[2025-08-01T03:48:43.442+0000] GC(563) Survivor regions: 25->19(19)
[2025-08-01T03:48:43.442+0000] GC(563) Old regions: 1632->1723
[2025-08-01T03:48:43.442+0000] GC(563) Humongous regions: 0->0
[2025-08-01T03:48:43.442+0000] GC(563) Metaspace: 10593K(10816K)->10593K(10816K) NonClass: 9335K(9472K)->9335K(9472K) Class: 1258K(1344K)->1258K(1344K)
[2025-08-01T03:48:43.442+0000] GC(563) Pause Young (Normal) (G1 Evacuation Pause) 3564M->3482M(4096M) 47.041ms
[2025-08-01T03:48:43.442+0000] GC(563) User=0.33s Sys=0.02s Real=0.04s
[2025-08-01T03:48:43.465+0000] GC(564) Pause Young (Normal) (G1 Evacuation Pause)
[2025-08-01T03:48:43.465+0000] GC(564) Using 8 workers of 8 for evacuation
[2025-08-01T03:48:43.513+0000] GC(564)   Pre Evacuate Collection Set: 1.1ms
[2025-08-01T03:48:43.513+0000] GC(564)   Merge Heap Roots: 0.3ms
[2025-08-01T03:48:43.513+0000] GC(564)   Evacuate Collection Set: 45.4ms
[2025-08-01T03:48:43.513+0000] GC(564)   Post Evacuate Collection Set: 0.9ms
[2025-08-01T03:48:43.513+0000] GC(564)   Other: 0.2ms
[2025-08-01T03:48:43.513+0000] GC(564) Eden regions: 100->0(87)
[2025-08-01T03:48:43.513+0000] GC(564) Survivor regions: 19->15(15)
[2025-08-01T03:48:43.513+0000] GC(564) Old regions: 1723->1829
[2025-08-01T03:48:43.513+0000] GC(564) Humongous regions: 0->0
[2025-08-01T03:48:43.513+0000] GC(564) Metaspace: 10593K(10816K)->10593K(10816K) NonClass: 9335K(9472K)->9335K(9472K) Class: 1258K(1344K)->1258K(1344K)
[2025-08-01T03:48:43.513+0000] GC(564) Pause Young (Normal) (G1 Evacuation Pause) 3682M->3686M(4096M) 48.265ms
[2025-08-01T03:48:43.513+0000] GC(564) User=0.35s Sys=0.02s Real=0.04s
[2025-08-01T03:48:43.550+0000] GC(561) Concurrent Mark From Roots 298.743ms
[2025-08-01T03:48:43.550+0000] GC(561) Concurrent Preclean
[2025-08-01T03:48:43.550+0000] GC(561) Concurrent Preclean 0.022ms
[2025-08-01T03:48:43.550+0000] GC(561) Pause Remark
[2025-08-01T03:48:43.555+0000] GC(561) Pause Remark 3827M->2185M(4096M) 4.597ms
[2025-08-01T03:48:43.555+0000] GC(561) User=0.01s Sys=0.01s Real=0.01s
[2025-08-01T03:48:43.555+0000] GC(561) Concurrent Mark 303.899ms
[2025-08-01T03:48:43.555+0000] GC(561) Concurrent Rebuild Remembered Sets and Scrub Regions
[2025-08-01T03:48:43.579+0000] GC(565) Pause Young (Normal) (G1 Evacuation Pause)
[2025-08-01T03:48:43.579+0000] GC(565) Using 8 workers of 8 for evacuation
[2025-08-01T03:48:43.615+0000] GC(565)   Pre Evacuate Collection Set: 0.6ms
[2025-08-01T03:48:43.615+0000] GC(565)   Merge Heap Roots: 0.3ms
[2025-08-01T03:48:43.615+0000] GC(565)   Evacuate Collection Set: 34.2ms
[2025-08-01T03:48:43.615+0000] GC(565)   Post Evacuate Collection Set: 0.8ms
[2025-08-01T03:48:43.615+0000] GC(565)   Other: 0.1ms
[2025-08-01T03:48:43.615+0000] GC(565) Eden regions: 87->0(302)
[2025-08-01T03:48:43.615+0000] GC(565) Survivor regions: 15->13(13)
[2025-08-01T03:48:43.615+0000] GC(565) Old regions: 1008->1099
[2025-08-01T03:48:43.615+0000] GC(565) Humongous regions: 0->0
[2025-08-01T03:48:43.615+0000] GC(565) Metaspace: 10593K(10816K)->10593K(10816K) NonClass: 9335K(9472K)->9335K(9472K) Class: 1258K(1344K)->1258K(1344K)
[2025-08-01T03:48:43.615+0000] GC(565) Pause Young (Normal) (G1 Evacuation Pause) 2218M->2222M(4096M) 36.255ms
[2025-08-01T03:48:43.615+0000] GC(565) User=0.26s Sys=0.01s Real=0.04s
[2025-08-01T03:48:43.731+0000] GC(566) Pause Young (Normal) (G1 Evacuation Pause)
[2025-08-01T03:48:43.731+0000] GC(566) Using 8 workers of 8 for evacuation
[2025-08-01T03:48:43.829+0000] GC(566)   Pre Evacuate Collection Set: 0.5ms
[2025-08-01T03:48:43.829+0000] GC(566)   Merge Heap Roots: 0.2ms
[2025-08-01T03:48:43.829+0000] GC(566)   Evacuate Collection Set: 96.2ms
[2025-08-01T03:48:43.829+0000] GC(566)   Post Evacuate Collection Set: 1.2ms
[2025-08-01T03:48:43.829+0000] GC(566)   Other: 0.1ms
[2025-08-01T03:48:43.829+0000] GC(566) Eden regions: 302->0(218)
[2025-08-01T03:48:43.829+0000] GC(566) Survivor regions: 13->40(40)
[2025-08-01T03:48:43.829+0000] GC(566) Old regions: 1099->1326
[2025-08-01T03:48:43.829+0000] GC(566) Humongous regions: 0->0
[2025-08-01T03:48:43.829+0000] GC(566) Metaspace: 10593K(10816K)->10593K(10816K) NonClass: 9335K(9472K)->9335K(9472K) Class: 1258K(1344K)->1258K(1344K)
[2025-08-01T03:48:43.829+0000] GC(566) Pause Young (Normal) (G1 Evacuation Pause) 2826M->2730M(4096M) 98.580ms
[2025-08-01T03:48:43.830+0000] GC(566) User=0.67s Sys=0.05s Real=0.10s
[2025-08-01T03:48:43.920+0000] GC(567) Pause Young (Normal) (G1 Evacuation Pause)
[2025-08-01T03:48:43.920+0000] GC(567) Using 8 workers of 8 for evacuation
[2025-08-01T03:48:43.985+0000] GC(567)   Pre Evacuate Collection Set: 1.0ms
[2025-08-01T03:48:43.985+0000] GC(567)   Merge Heap Roots: 0.2ms
[2025-08-01T03:48:43.985+0000] GC(567)   Evacuate Collection Set: 62.4ms
[2025-08-01T03:48:43.985+0000] GC(567)   Post Evacuate Collection Set: 1.6ms
[2025-08-01T03:48:43.985+0000] GC(567)   Other: 0.1ms
[2025-08-01T03:48:43.985+0000] GC(567) Eden regions: 218->0(168)
[2025-08-01T03:48:43.985+0000] GC(567) Survivor regions: 40->33(33)
[2025-08-01T03:48:43.985+0000] GC(567) Old regions: 1326->1496
[2025-08-01T03:48:43.985+0000] GC(567) Humongous regions: 0->0
[2025-08-01T03:48:43.986+0000] GC(567) Metaspace: 10593K(10816K)->10593K(10816K) NonClass: 9335K(9472K)->9335K(9472K) Class: 1258K(1344K)->1258K(1344K)
[2025-08-01T03:48:43.986+0000] GC(567) Pause Young (Normal) (G1 Evacuation Pause) 3166M->3056M(4096M) 65.798ms
[2025-08-01T03:48:43.986+0000] GC(567) User=0.49s Sys=0.01s Real=0.07s
[2025-08-01T03:48:44.007+0000] GC(561) Concurrent Rebuild Remembered Sets and Scrub Regions 451.419ms
[2025-08-01T03:48:44.007+0000] GC(561) Pause Cleanup
[2025-08-01T03:48:44.008+0000] GC(561) Pause Cleanup 3158M->3158M(4096M) 0.869ms
[2025-08-01T03:48:44.008+0000] GC(561) User=0.00s Sys=0.00s Real=0.00s
[2025-08-01T03:48:44.008+0000] GC(561) Concurrent Clear Claimed Marks
[2025-08-01T03:48:44.008+0000] GC(561) Concurrent Clear Claimed Marks 0.039ms
[2025-08-01T03:48:44.008+0000] GC(561) Concurrent Cleanup for Next Mark
[2025-08-01T03:48:44.016+0000] GC(561) Concurrent Cleanup for Next Mark 7.630ms
[2025-08-01T03:48:44.016+0000] GC(561) Concurrent Mark Cycle 821.338ms
[2025-08-01T03:48:44.063+0000] GC(568) Pause Young (Prepare Mixed) (G1 Evacuation Pause)
[2025-08-01T03:48:44.063+0000] GC(568) Using 8 workers of 8 for evacuation
[2025-08-01T03:48:44.145+0000] GC(568)   Pre Evacuate Collection Set: 1.0ms
[2025-08-01T03:48:44.145+0000] GC(568)   Merge Heap Roots: 0.1ms
[2025-08-01T03:48:44.145+0000] GC(568)   Evacuate Collection Set: 79.8ms
[2025-08-01T03:48:44.145+0000] GC(568)   Post Evacuate Collection Set: 1.1ms
[2025-08-01T03:48:44.145+0000] GC(568)   Other: 0.1ms
[2025-08-01T03:48:44.145+0000] GC(568) Eden regions: 168->0(113)
[2025-08-01T03:48:44.145+0000] GC(568) Survivor regions: 33->26(26)
[2025-08-01T03:48:44.145+0000] GC(568) Old regions: 1496->1656
[2025-08-01T03:48:44.145+0000] GC(568) Humongous regions: 0->0
[2025-08-01T03:48:44.145+0000] GC(568) Metaspace: 10593K(10816K)->10593K(10816K) NonClass: 9335K(9472K)->9335K(9472K) Class: 1258K(1344K)->1258K(1344K)
[2025-08-01T03:48:44.145+0000] GC(568) Pause Young (Prepare Mixed) (G1 Evacuation Pause) 3392M->3363M(4096M) 82.396ms
[2025-08-01T03:48:44.145+0000] GC(568) User=0.56s Sys=0.02s Real=0.08s
[2025-08-01T03:48:44.213+0000] GC(569) Pause Young (Mixed) (G1 Evacuation Pause)
[2025-08-01T03:48:44.213+0000] GC(569) Using 8 workers of 8 for evacuation
[2025-08-01T03:48:44.283+0000] GC(569)   Pre Evacuate Collection Set: 0.4ms
[2025-08-01T03:48:44.283+0000] GC(569)   Merge Heap Roots: 0.1ms
[2025-08-01T03:48:44.283+0000] GC(569)   Evacuate Collection Set: 67.2ms
[2025-08-01T03:48:44.283+0000] GC(569)   Post Evacuate Collection Set: 1.5ms
[2025-08-01T03:48:44.283+0000] GC(569)   Other: 0.2ms
[2025-08-01T03:48:44.283+0000] GC(569) Eden regions: 113->0(88)
[2025-08-01T03:48:44.283+0000] GC(569) Survivor regions: 26->18(18)
[2025-08-01T03:48:44.283+0000] GC(569) Old regions: 1656->1746
[2025-08-01T03:48:44.283+0000] GC(569) Humongous regions: 0->0
[2025-08-01T03:48:44.283+0000] GC(569) Metaspace: 10593K(10816K)->10593K(10816K) NonClass: 9335K(9472K)->9335K(9472K) Class: 1258K(1344K)->1258K(1344K)
[2025-08-01T03:48:44.283+0000] GC(569) Pause Young (Mixed) (G1 Evacuation Pause) 3589M->3527M(4096M) 69.745ms
[2025-08-01T03:48:44.283+0000] GC(569) User=0.51s Sys=0.02s Real=0.07s
[2025-08-01T03:48:44.306+0000] GC(570) Pause Young (Concurrent Start) (G1 Evacuation Pause)
[2025-08-01T03:48:44.306+0000] GC(570) Using 8 workers of 8 for evacuation
[2025-08-01T03:48:44.388+0000] GC(570)   Pre Evacuate Collection Set: 1.2ms
[2025-08-01T03:48:44.388+0000] GC(570)   Merge Heap Roots: 0.1ms
[2025-08-01T03:48:44.388+0000] GC(570)   Evacuate Collection Set: 78.6ms
[2025-08-01T03:48:44.388+0000] GC(570)   Post Evacuate Collection Set: 0.9ms
[2025-08-01T03:48:44.388+0000] GC(570)   Other: 0.4ms
[2025-08-01T03:48:44.388+0000] GC(570) Eden regions: 88->0(88)
[2025-08-01T03:48:44.388+0000] GC(570) Survivor regions: 18->14(14)
[2025-08-01T03:48:44.388+0000] GC(570) Old regions: 1746->1839
[2025-08-01T03:48:44.388+0000] GC(570) Humongous regions: 0->0
[2025-08-01T03:48:44.388+0000] GC(570) Metaspace: 10593K(10816K)->10593K(10816K) NonClass: 9335K(9472K)->9335K(9472K) Class: 1258K(1344K)->1258K(1344K)
[2025-08-01T03:48:44.388+0000] GC(570) Pause Young (Concurrent Start) (G1 Evacuation Pause) 3703M->3705M(4096M) 81.668ms
[2025-08-01T03:48:44.388+0000] GC(570) User=0.59s Sys=0.02s Real=0.08s
[2025-08-01T03:48:44.388+0000] GC(571) Concurrent Mark Cycle
[2025-08-01T03:48:44.388+0000] GC(571) Concurrent Scan Root Regions
[2025-08-01T03:48:44.414+0000] GC(571) Concurrent Scan Root Regions 26.362ms
[2025-08-01T03:48:44.415+0000] GC(571) Concurrent Mark
[2025-08-01T03:48:44.415+0000] GC(571) Concurrent Mark From Roots
[2025-08-01T03:48:44.415+0000] GC(571) Using 2 workers of 2 for marking
[2025-08-01T03:48:44.415+0000] GC(572) Pause Young (Normal) (G1 Evacuation Pause)
[2025-08-01T03:48:44.416+0000] GC(572) Using 8 workers of 8 for evacuation
[2025-08-01T03:48:44.455+0000] GC(572)   Pre Evacuate Collection Set: 0.7ms
[2025-08-01T03:48:44.455+0000] GC(572)   Merge Heap Roots: 0.2ms
[2025-08-01T03:48:44.455+0000] GC(572)   Evacuate Collection Set: 38.4ms
[2025-08-01T03:48:44.455+0000] GC(572)   Post Evacuate Collection Set: 0.5ms
[2025-08-01T03:48:44.456+0000] GC(572)   Other: 0.1ms
[2025-08-01T03:48:44.456+0000] GC(572) Eden regions: 88->0(89)
[2025-08-01T03:48:44.456+0000] GC(572) Survivor regions: 14->13(13)
[2025-08-01T03:48:44.456+0000] GC(572) Old regions: 1839->1930
[2025-08-01T03:48:44.456+0000] GC(572) Humongous regions: 0->0
[2025-08-01T03:48:44.456+0000] GC(572) Metaspace: 10593K(10816K)->10593K(10816K) NonClass: 9335K(9472K)->9335K(9472K) Class: 1258K(1344K)->1258K(1344K)
[2025-08-01T03:48:44.456+0000] GC(572) Pause Young (Normal) (G1 Evacuation Pause) 3881M->3884M(4096M) 40.096ms
[2025-08-01T03:48:44.456+0000] GC(572) User=0.28s Sys=0.02s Real=0.04s
[2025-08-01T03:48:44.477+0000] GC(573) Pause Young (Normal) (G1 Evacuation Pause)
[2025-08-01T03:48:44.477+0000] GC(573) Using 8 workers of 8 for evacuation
[2025-08-01T03:48:44.515+0000] GC(573)   Pre Evacuate Collection Set: 0.6ms
[2025-08-01T03:48:44.515+0000] GC(573)   Merge Heap Roots: 0.2ms
[2025-08-01T03:48:44.515+0000] GC(573)   Evacuate Collection Set: 25.1ms
[2025-08-01T03:48:44.515+0000] GC(573)   Post Evacuate Collection Set: 12.3ms
[2025-08-01T03:48:44.515+0000] GC(573)   Other: 0.1ms
[2025-08-01T03:48:44.515+0000] GC(573) Eden regions: 89->0(0)
[2025-08-01T03:48:44.515+0000] GC(573) Survivor regions: 13->10(13)
[2025-08-01T03:48:44.516+0000] GC(573) Old regions: 1930->2036
[2025-08-01T03:48:44.516+0000] GC(573) Humongous regions: 0->0
[2025-08-01T03:48:44.516+0000] GC(573) Metaspace: 10593K(10816K)->10593K(10816K) NonClass: 9335K(9472K)->9335K(9472K) Class: 1258K(1344K)->1258K(1344K)
[2025-08-01T03:48:44.516+0000] GC(573) Pause Young (Normal) (G1 Evacuation Pause) (Evacuation Failure) 4062M->4091M(4096M) 38.652ms
[2025-08-01T03:48:44.516+0000] GC(573) User=0.26s Sys=0.01s Real=0.04s
[2025-08-01T03:48:44.516+0000] Attempting full compaction
[2025-08-01T03:48:44.516+0000] GC(574) Pause Full (G1 Compaction Pause)
[2025-08-01T03:48:44.516+0000] GC(574) Using 8 workers of 8 for full compaction
[2025-08-01T03:48:44.521+0000] GC(574) Phase 1: Mark live objects
[2025-08-01T03:48:44.558+0000] GC(574) Phase 1: Mark live objects 36.852ms
[2025-08-01T03:48:44.558+0000] GC(574) Phase 2: Prepare compaction
[2025-08-01T03:48:44.575+0000] GC(574) Phase 2: Prepare compaction 17.235ms
[2025-08-01T03:48:44.575+0000] GC(574) Phase 3: Adjust pointers
[2025-08-01T03:48:44.603+0000] GC(574) Phase 3: Adjust pointers 27.448ms
[2025-08-01T03:48:44.603+0000] GC(574) Phase 4: Compact heap
[2025-08-01T03:48:44.658+0000] GC(574) Phase 4: Compact heap 55.346ms
[2025-08-01T03:48:44.658+0000] GC(574) Phase 5: Reset Metadata
[2025-08-01T03:48:44.675+0000] GC(574) Phase 5: Reset Metadata 16.705ms
[2025-08-01T03:48:44.683+0000] GC(574) Eden regions: 0->0(398)
[2025-08-01T03:48:44.683+0000] GC(574) Survivor regions: 10->0(13)
[2025-08-01T03:48:44.683+0000] GC(574) Old regions: 2036->373
[2025-08-01T03:48:44.683+0000] GC(574) Humongous regions: 0->0
[2025-08-01T03:48:44.683+0000] GC(574) Metaspace: 10593K(10816K)->10593K(10816K) NonClass: 9335K(9472K)->9335K(9472K) Class: 1258K(1344K)->1258K(1344K)
[2025-08-01T03:48:44.683+0000] GC(574) Pause Full (G1 Compaction Pause) 4091M->739M(4096M) 167.470ms
[2025-08-01T03:48:44.683+0000] GC(574) User=1.18s Sys=0.01s Real=0.17s
[2025-08-01T03:48:44.684+0000] GC(571) Concurrent Mark From Roots 269.059ms
[2025-08-01T03:48:44.684+0000] GC(571) Concurrent Mark Abort
[2025-08-01T03:48:44.684+0000] GC(571) Concurrent Mark Cycle 295.600ms
[2025-08-01T03:48:44.878+0000] GC(575) Pause Young (Normal) (G1 Evacuation Pause)
[2025-08-01T03:48:44.878+0000] GC(575) Using 8 workers of 8 for evacuation
[2025-08-01T03:48:45.084+0000] GC(575) MMU target violated: 201.0ms (200.0ms/201.0ms)
[2025-08-01T03:48:45.084+0000] GC(575)   Pre Evacuate Collection Set: 2.3ms
[2025-08-01T03:48:45.084+0000] GC(575)   Merge Heap Roots: 0.8ms
[2025-08-01T03:48:45.084+0000] GC(575)   Evacuate Collection Set: 201.1ms
[2025-08-01T03:48:45.084+0000] GC(575)   Post Evacuate Collection Set: 1.5ms
[2025-08-01T03:48:45.084+0000] GC(575)   Other: 0.2ms
[2025-08-01T03:48:45.084+0000] GC(575) Eden regions: 396->0(366)
[2025-08-01T03:48:45.084+0000] GC(575) Survivor regions: 0->50(50)
[2025-08-01T03:48:45.084+0000] GC(575) Old regions: 373->660
[2025-08-01T03:48:45.084+0000] GC(575) Humongous regions: 0->0
[2025-08-01T03:48:45.084+0000] GC(575) Metaspace: 10593K(10816K)->10593K(10816K) NonClass: 9335K(9472K)->9335K(9472K) Class: 1258K(1344K)->1258K(1344K)
[2025-08-01T03:48:45.084+0000] GC(575) Pause Young (Normal) (G1 Evacuation Pause) 1531M->1412M(4096M) 206.265ms
[2025-08-01T03:48:45.084+0000] GC(575) User=1.43s Sys=0.07s Real=0.21s
[2025-08-01T03:48:45.260+0000] GC(576) Pause Young (Concurrent Start) (G1 Evacuation Pause)
[2025-08-01T03:48:45.260+0000] GC(576) Using 8 workers of 8 for evacuation
[2025-08-01T03:48:45.454+0000] GC(576)   Pre Evacuate Collection Set: 0.9ms
[2025-08-01T03:48:45.454+0000] GC(576)   Merge Heap Roots: 0.3ms
[2025-08-01T03:48:45.454+0000] GC(576)   Evacuate Collection Set: 190.9ms
[2025-08-01T03:48:45.454+0000] GC(576)   Post Evacuate Collection Set: 1.3ms
[2025-08-01T03:48:45.454+0000] GC(576)   Other: 0.5ms
[2025-08-01T03:48:45.454+0000] GC(576) Eden regions: 361->0(301)
[2025-08-01T03:48:45.454+0000] GC(576) Survivor regions: 50->52(52)
[2025-08-01T03:48:45.454+0000] GC(576) Old regions: 660->930
[2025-08-01T03:48:45.454+0000] GC(576) Humongous regions: 0->0
[2025-08-01T03:48:45.454+0000] GC(576) Metaspace: 10593K(10816K)->10593K(10816K) NonClass: 9335K(9472K)->9335K(9472K) Class: 1258K(1344K)->1258K(1344K)
[2025-08-01T03:48:45.454+0000] GC(576) Pause Young (Concurrent Start) (G1 Evacuation Pause) 2134M->1957M(4096M) 194.201ms
[2025-08-01T03:48:45.454+0000] GC(576) User=1.45s Sys=0.06s Real=0.20s
[2025-08-01T03:48:45.454+0000] GC(577) Concurrent Mark Cycle
[2025-08-01T03:48:45.454+0000] GC(577) Concurrent Scan Root Regions
[2025-08-01T03:48:45.518+0000] GC(577) Concurrent Scan Root Regions 63.755ms
[2025-08-01T03:48:45.518+0000] GC(577) Concurrent Mark
[2025-08-01T03:48:45.518+0000] GC(577) Concurrent Mark From Roots
[2025-08-01T03:48:45.518+0000] GC(577) Using 2 workers of 2 for marking
[2025-08-01T03:48:45.580+0000] GC(577) Concurrent Mark From Roots 62.173ms
[2025-08-01T03:48:45.580+0000] GC(577) Concurrent Preclean
[2025-08-01T03:48:45.580+0000] GC(577) Concurrent Preclean 0.026ms
[2025-08-01T03:48:45.581+0000] GC(577) Pause Remark
[2025-08-01T03:48:45.586+0000] GC(577) Pause Remark 2444M->1549M(4096M) 5.535ms
[2025-08-01T03:48:45.586+0000] GC(577) User=0.02s Sys=0.01s Real=0.01s
[2025-08-01T03:48:45.586+0000] GC(577) Concurrent Mark 68.191ms
[2025-08-01T03:48:45.586+0000] GC(577) Concurrent Rebuild Remembered Sets and Scrub Regions
[2025-08-01T03:48:45.614+0000] GC(578) Pause Young (Normal) (G1 Evacuation Pause)
[2025-08-01T03:48:45.615+0000] GC(578) Using 8 workers of 8 for evacuation
[2025-08-01T03:48:45.720+0000] GC(578)   Pre Evacuate Collection Set: 0.5ms
[2025-08-01T03:48:45.720+0000] GC(578)   Merge Heap Roots: 0.2ms
[2025-08-01T03:48:45.720+0000] GC(578)   Evacuate Collection Set: 103.1ms
[2025-08-01T03:48:45.720+0000] GC(578)   Post Evacuate Collection Set: 1.3ms
[2025-08-01T03:48:45.720+0000] GC(578)   Other: 0.1ms
[2025-08-01T03:48:45.720+0000] GC(578) Eden regions: 299->0(345)
[2025-08-01T03:48:45.720+0000] GC(578) Survivor regions: 52->44(44)
[2025-08-01T03:48:45.720+0000] GC(578) Old regions: 480->740
[2025-08-01T03:48:45.720+0000] GC(578) Humongous regions: 0->0
[2025-08-01T03:48:45.720+0000] GC(578) Metaspace: 10593K(10816K)->10593K(10816K) NonClass: 9335K(9472K)->9335K(9472K) Class: 1258K(1344K)->1258K(1344K)
[2025-08-01T03:48:45.720+0000] GC(578) Pause Young (Normal) (G1 Evacuation Pause) 1660M->1565M(4096M) 105.573ms
[2025-08-01T03:48:45.720+0000] GC(578) User=0.80s Sys=0.02s Real=0.10s
[2025-08-01T03:48:45.794+0000] GC(577) Concurrent Rebuild Remembered Sets and Scrub Regions 208.057ms
[2025-08-01T03:48:45.796+0000] GC(577) Pause Cleanup
[2025-08-01T03:48:45.797+0000] GC(577) Pause Cleanup 1823M->1823M(4096M) 0.908ms
[2025-08-01T03:48:45.797+0000] GC(577) User=0.00s Sys=0.00s Real=0.00s
[2025-08-01T03:48:45.797+0000] GC(577) Concurrent Clear Claimed Marks
[2025-08-01T03:48:45.797+0000] GC(577) Concurrent Clear Claimed Marks 0.033ms
[2025-08-01T03:48:45.797+0000] GC(577) Concurrent Cleanup for Next Mark
[2025-08-01T03:48:45.813+0000] GC(577) Concurrent Cleanup for Next Mark 16.431ms
[2025-08-01T03:48:45.813+0000] GC(577) Concurrent Mark Cycle 359.026ms
[2025-08-01T03:48:45.888+0000] GC(579) Pause Young (Prepare Mixed) (G1 Evacuation Pause)
[2025-08-01T03:48:45.888+0000] GC(579) Using 8 workers of 8 for evacuation
[2025-08-01T03:48:46.024+0000] GC(579)   Pre Evacuate Collection Set: 0.7ms
[2025-08-01T03:48:46.024+0000] GC(579)   Merge Heap Roots: 0.2ms
[2025-08-01T03:48:46.024+0000] GC(579)   Evacuate Collection Set: 132.1ms
[2025-08-01T03:48:46.024+0000] GC(579)   Post Evacuate Collection Set: 2.7ms
[2025-08-01T03:48:46.025+0000] GC(579)   Other: 0.2ms
[2025-08-01T03:48:46.025+0000] GC(579) Eden regions: 344->0(345)
[2025-08-01T03:48:46.025+0000] GC(579) Survivor regions: 44->49(49)
[2025-08-01T03:48:46.025+0000] GC(579) Old regions: 740->951
[2025-08-01T03:48:46.025+0000] GC(579) Humongous regions: 0->0
[2025-08-01T03:48:46.025+0000] GC(579) Metaspace: 10593K(10816K)->10593K(10816K) NonClass: 9335K(9472K)->9335K(9472K) Class: 1258K(1344K)->1258K(1344K)
[2025-08-01T03:48:46.025+0000] GC(579) Pause Young (Prepare Mixed) (G1 Evacuation Pause) 2253M->1997M(4096M) 136.327ms
[2025-08-01T03:48:46.025+0000] GC(579) User=1.00s Sys=0.03s Real=0.14s
[2025-08-01T03:48:46.186+0000] GC(580) Pause Young (Mixed) (G1 Evacuation Pause)
[2025-08-01T03:48:46.186+0000] GC(580) Using 8 workers of 8 for evacuation
[2025-08-01T03:48:46.332+0000] GC(580)   Pre Evacuate Collection Set: 0.6ms
[2025-08-01T03:48:46.332+0000] GC(580)   Merge Heap Roots: 0.1ms
[2025-08-01T03:48:46.332+0000] GC(580)   Evacuate Collection Set: 143.4ms
[2025-08-01T03:48:46.332+0000] GC(580)   Post Evacuate Collection Set: 1.7ms
[2025-08-01T03:48:46.332+0000] GC(580)   Other: 0.3ms
[2025-08-01T03:48:46.332+0000] GC(580) Eden regions: 345->0(288)
[2025-08-01T03:48:46.332+0000] GC(580) Survivor regions: 49->50(50)
[2025-08-01T03:48:46.332+0000] GC(580) Old regions: 951->1134
[2025-08-01T03:48:46.332+0000] GC(580) Humongous regions: 0->0
[2025-08-01T03:48:46.332+0000] GC(580) Metaspace: 10593K(10816K)->10593K(10816K) NonClass: 9335K(9472K)->9335K(9472K) Class: 1258K(1344K)->1258K(1344K)
[2025-08-01T03:48:46.332+0000] GC(580) Pause Young (Mixed) (G1 Evacuation Pause) 2687M->2367M(4096M) 146.519ms
[2025-08-01T03:48:46.332+0000] GC(580) User=1.11s Sys=0.03s Real=0.14s
[2025-08-01T03:48:46.449+0000] GC(581) Pause Young (Concurrent Start) (G1 Evacuation Pause)
[2025-08-01T03:48:46.449+0000] GC(581) Using 8 workers of 8 for evacuation
[2025-08-01T03:48:46.646+0000] GC(581)   Pre Evacuate Collection Set: 1.8ms
[2025-08-01T03:48:46.646+0000] GC(581)   Merge Heap Roots: 0.3ms
[2025-08-01T03:48:46.646+0000] GC(581)   Evacuate Collection Set: 192.9ms
[2025-08-01T03:48:46.646+0000] GC(581)   Post Evacuate Collection Set: 1.1ms
[2025-08-01T03:48:46.646+0000] GC(581)   Other: 0.2ms
[2025-08-01T03:48:46.646+0000] GC(581) Eden regions: 288->0(180)
[2025-08-01T03:48:46.646+0000] GC(581) Survivor regions: 50->43(43)
[2025-08-01T03:48:46.646+0000] GC(581) Old regions: 1134->1432
[2025-08-01T03:48:46.646+0000] GC(581) Humongous regions: 0->0
[2025-08-01T03:48:46.646+0000] GC(581) Metaspace: 10593K(10816K)->10593K(10816K) NonClass: 9335K(9472K)->9335K(9472K) Class: 1258K(1344K)->1258K(1344K)
[2025-08-01T03:48:46.646+0000] GC(581) Pause Young (Concurrent Start) (G1 Evacuation Pause) 2943M->2948M(4096M) 196.568ms
[2025-08-01T03:48:46.646+0000] GC(581) User=1.48s Sys=0.04s Real=0.20s
[2025-08-01T03:48:46.646+0000] GC(582) Concurrent Mark Cycle
[2025-08-01T03:48:46.646+0000] GC(582) Concurrent Scan Root Regions
[2025-08-01T03:48:46.708+0000] GC(582) Concurrent Scan Root Regions 62.381ms
[2025-08-01T03:48:46.709+0000] GC(582) Concurrent Mark
[2025-08-01T03:48:46.709+0000] GC(582) Concurrent Mark From Roots
[2025-08-01T03:48:46.709+0000] GC(582) Using 2 workers of 2 for marking
[2025-08-01T03:48:46.731+0000] GC(583) Pause Young (Normal) (G1 Evacuation Pause)
[2025-08-01T03:48:46.731+0000] GC(583) Using 8 workers of 8 for evacuation
[2025-08-01T03:48:46.796+0000] GC(583)   Pre Evacuate Collection Set: 0.8ms
[2025-08-01T03:48:46.796+0000] GC(583)   Merge Heap Roots: 0.2ms
[2025-08-01T03:48:46.796+0000] GC(583)   Evacuate Collection Set: 63.0ms
[2025-08-01T03:48:46.796+0000] GC(583)   Post Evacuate Collection Set: 1.1ms
[2025-08-01T03:48:46.796+0000] GC(583)   Other: 0.1ms
[2025-08-01T03:48:46.796+0000] GC(583) Eden regions: 180->0(134)
[2025-08-01T03:48:46.796+0000] GC(583) Survivor regions: 43->28(28)
[2025-08-01T03:48:46.796+0000] GC(583) Old regions: 1432->1590
[2025-08-01T03:48:46.796+0000] GC(583) Humongous regions: 0->0
[2025-08-01T03:48:46.796+0000] GC(583) Metaspace: 10593K(10816K)->10593K(10816K) NonClass: 9335K(9472K)->9335K(9472K) Class: 1258K(1344K)->1258K(1344K)
[2025-08-01T03:48:46.796+0000] GC(583) Pause Young (Normal) (G1 Evacuation Pause) 3308M->3235M(4096M) 65.445ms
[2025-08-01T03:48:46.796+0000] GC(583) User=0.48s Sys=0.02s Real=0.07s
[2025-08-01T03:48:46.873+0000] GC(584) Pause Young (Normal) (G1 Evacuation Pause)
[2025-08-01T03:48:46.873+0000] GC(584) Using 8 workers of 8 for evacuation
[2025-08-01T03:48:46.921+0000] GC(584)   Pre Evacuate Collection Set: 0.7ms
[2025-08-01T03:48:46.921+0000] GC(584)   Merge Heap Roots: 0.2ms
[2025-08-01T03:48:46.921+0000] GC(584)   Evacuate Collection Set: 45.3ms
[2025-08-01T03:48:46.921+0000] GC(584)   Post Evacuate Collection Set: 0.9ms
[2025-08-01T03:48:46.921+0000] GC(584)   Other: 0.1ms
[2025-08-01T03:48:46.921+0000] GC(584) Eden regions: 134->0(94)
[2025-08-01T03:48:46.921+0000] GC(584) Survivor regions: 28->21(21)
[2025-08-01T03:48:46.921+0000] GC(584) Old regions: 1590->1722
[2025-08-01T03:48:46.921+0000] GC(584) Humongous regions: 0->0
[2025-08-01T03:48:46.921+0000] GC(584) Metaspace: 10593K(10816K)->10593K(10816K) NonClass: 9335K(9472K)->9335K(9472K) Class: 1258K(1344K)->1258K(1344K)
[2025-08-01T03:48:46.921+0000] GC(584) Pause Young (Normal) (G1 Evacuation Pause) 3503M->3484M(4096M) 47.493ms
[2025-08-01T03:48:46.921+0000] GC(584) User=0.36s Sys=0.00s Real=0.04s
[2025-08-01T03:48:46.935+0000] GC(582) Concurrent Mark From Roots 226.179ms
[2025-08-01T03:48:46.935+0000] GC(582) Concurrent Preclean
[2025-08-01T03:48:46.935+0000] GC(582) Concurrent Preclean 0.120ms
[2025-08-01T03:48:46.935+0000] GC(582) Pause Remark
[2025-08-01T03:48:46.939+0000] GC(582) Pause Remark 3632M->2006M(4096M) 3.360ms
[2025-08-01T03:48:46.939+0000] GC(582) User=0.01s Sys=0.00s Real=0.00s
[2025-08-01T03:48:46.939+0000] GC(582) Concurrent Mark 230.218ms
[2025-08-01T03:48:46.939+0000] GC(582) Concurrent Rebuild Remembered Sets and Scrub Regions
[2025-08-01T03:48:46.944+0000] GC(585) Pause Young (Normal) (G1 Evacuation Pause)
[2025-08-01T03:48:46.944+0000] GC(585) Using 8 workers of 8 for evacuation
[2025-08-01T03:48:46.982+0000] GC(585)   Pre Evacuate Collection Set: 0.9ms
[2025-08-01T03:48:46.982+0000] GC(585)   Merge Heap Roots: 0.2ms
[2025-08-01T03:48:46.982+0000] GC(585)   Evacuate Collection Set: 36.1ms
[2025-08-01T03:48:46.982+0000] GC(585)   Post Evacuate Collection Set: 0.8ms
[2025-08-01T03:48:46.982+0000] GC(585)   Other: 0.1ms
[2025-08-01T03:48:46.982+0000] GC(585) Eden regions: 94->0(331)
[2025-08-01T03:48:46.982+0000] GC(585) Survivor regions: 21->15(15)
[2025-08-01T03:48:46.982+0000] GC(585) Old regions: 909->1011
[2025-08-01T03:48:46.982+0000] GC(585) Humongous regions: 0->0
[2025-08-01T03:48:46.982+0000] GC(585) Metaspace: 10593K(10816K)->10593K(10816K) NonClass: 9335K(9472K)->9335K(9472K) Class: 1258K(1344K)->1258K(1344K)
[2025-08-01T03:48:46.983+0000] GC(585) Pause Young (Normal) (G1 Evacuation Pause) 2046M->2050M(4096M) 38.419ms
[2025-08-01T03:48:46.983+0000] GC(585) User=0.28s Sys=0.01s Real=0.03s
[2025-08-01T03:48:47.131+0000] GC(586) Pause Young (Normal) (G1 Evacuation Pause)
[2025-08-01T03:48:47.131+0000] GC(586) Using 8 workers of 8 for evacuation
[2025-08-01T03:48:47.227+0000] GC(586)   Pre Evacuate Collection Set: 1.1ms
[2025-08-01T03:48:47.227+0000] GC(586)   Merge Heap Roots: 0.3ms
[2025-08-01T03:48:47.227+0000] GC(586)   Evacuate Collection Set: 94.0ms
[2025-08-01T03:48:47.227+0000] GC(586)   Post Evacuate Collection Set: 0.8ms
[2025-08-01T03:48:47.227+0000] GC(586)   Other: 0.1ms
[2025-08-01T03:48:47.227+0000] GC(586) Eden regions: 331->0(234)
[2025-08-01T03:48:47.227+0000] GC(586) Survivor regions: 15->44(44)
[2025-08-01T03:48:47.227+0000] GC(586) Old regions: 1011->1257
[2025-08-01T03:48:47.227+0000] GC(586) Humongous regions: 0->0
[2025-08-01T03:48:47.227+0000] GC(586) Metaspace: 10593K(10816K)->10593K(10816K) NonClass: 9335K(9472K)->9335K(9472K) Class: 1258K(1344K)->1258K(1344K)
[2025-08-01T03:48:47.228+0000] GC(586) Pause Young (Normal) (G1 Evacuation Pause) 2712M->2600M(4096M) 96.539ms
[2025-08-01T03:48:47.228+0000] GC(586) User=0.73s Sys=0.01s Real=0.10s
[2025-08-01T03:48:47.274+0000] GC(582) Concurrent Rebuild Remembered Sets and Scrub Regions 335.535ms
[2025-08-01T03:48:47.275+0000] GC(582) Pause Cleanup
[2025-08-01T03:48:47.275+0000] GC(582) Pause Cleanup 2852M->2852M(4096M) 0.854ms
[2025-08-01T03:48:47.275+0000] GC(582) User=0.00s Sys=0.00s Real=0.00s
[2025-08-01T03:48:47.276+0000] GC(582) Concurrent Clear Claimed Marks
[2025-08-01T03:48:47.276+0000] GC(582) Concurrent Clear Claimed Marks 0.039ms
[2025-08-01T03:48:47.276+0000] GC(582) Concurrent Cleanup for Next Mark
[2025-08-01T03:48:47.284+0000] GC(582) Concurrent Cleanup for Next Mark 7.939ms
[2025-08-01T03:48:47.284+0000] GC(582) Concurrent Mark Cycle 637.745ms
[2025-08-01T03:48:47.319+0000] GC(587) Pause Young (Prepare Mixed) (G1 Evacuation Pause)
[2025-08-01T03:48:47.319+0000] GC(587) Using 8 workers of 8 for evacuation
[2025-08-01T03:48:47.414+0000] GC(587)   Pre Evacuate Collection Set: 0.7ms
[2025-08-01T03:48:47.414+0000] GC(587)   Merge Heap Roots: 0.2ms
[2025-08-01T03:48:47.414+0000] GC(587)   Evacuate Collection Set: 92.7ms
[2025-08-01T03:48:47.414+0000] GC(587)   Post Evacuate Collection Set: 1.2ms
[2025-08-01T03:48:47.414+0000] GC(587)   Other: 0.1ms
[2025-08-01T03:48:47.414+0000] GC(587) Eden regions: 234->0(159)
[2025-08-01T03:48:47.414+0000] GC(587) Survivor regions: 44->35(35)
[2025-08-01T03:48:47.414+0000] GC(587) Old regions: 1257->1502
[2025-08-01T03:48:47.414+0000] GC(587) Humongous regions: 0->0
[2025-08-01T03:48:47.415+0000] GC(587) Metaspace: 10593K(10816K)->10593K(10816K) NonClass: 9335K(9472K)->9335K(9472K) Class: 1258K(1344K)->1258K(1344K)
[2025-08-01T03:48:47.415+0000] GC(587) Pause Young (Prepare Mixed) (G1 Evacuation Pause) 3068M->3072M(4096M) 95.214ms
[2025-08-01T03:48:47.415+0000] GC(587) User=0.73s Sys=0.01s Real=0.10s
[2025-08-01T03:48:47.496+0000] GC(588) Pause Young (Mixed) (G1 Evacuation Pause)
[2025-08-01T03:48:47.496+0000] GC(588) Using 8 workers of 8 for evacuation
[2025-08-01T03:48:47.570+0000] GC(588)   Pre Evacuate Collection Set: 1.1ms
[2025-08-01T03:48:47.570+0000] GC(588)   Merge Heap Roots: 0.5ms
[2025-08-01T03:48:47.570+0000] GC(588)   Evacuate Collection Set: 71.1ms
[2025-08-01T03:48:47.570+0000] GC(588)   Post Evacuate Collection Set: 1.1ms
[2025-08-01T03:48:47.570+0000] GC(588)   Other: 0.1ms
[2025-08-01T03:48:47.570+0000] GC(588) Eden regions: 159->0(137)
[2025-08-01T03:48:47.570+0000] GC(588) Survivor regions: 35->25(25)
[2025-08-01T03:48:47.570+0000] GC(588) Old regions: 1502->1590
[2025-08-01T03:48:47.570+0000] GC(588) Humongous regions: 0->0
[2025-08-01T03:48:47.570+0000] GC(588) Metaspace: 10593K(10816K)->10593K(10816K) NonClass: 9335K(9472K)->9335K(9472K) Class: 1258K(1344K)->1258K(1344K)
[2025-08-01T03:48:47.570+0000] GC(588) Pause Young (Mixed) (G1 Evacuation Pause) 3390M->3229M(4096M) 74.346ms
[2025-08-01T03:48:47.570+0000] GC(588) User=0.52s Sys=0.03s Real=0.07s
[2025-08-01T03:48:47.639+0000] GC(589) Pause Young (Concurrent Start) (G1 Evacuation Pause)
[2025-08-01T03:48:47.639+0000] GC(589) Using 8 workers of 8 for evacuation
[2025-08-01T03:48:47.701+0000] GC(589)   Pre Evacuate Collection Set: 0.8ms
[2025-08-01T03:48:47.701+0000] GC(589)   Merge Heap Roots: 0.2ms
[2025-08-01T03:48:47.701+0000] GC(589)   Evacuate Collection Set: 59.9ms
[2025-08-01T03:48:47.701+0000] GC(589)   Post Evacuate Collection Set: 0.9ms
[2025-08-01T03:48:47.701+0000] GC(589)   Other: 0.2ms
[2025-08-01T03:48:47.701+0000] GC(589) Eden regions: 137->0(91)
[2025-08-01T03:48:47.701+0000] GC(589) Survivor regions: 25->21(21)
[2025-08-01T03:48:47.701+0000] GC(589) Old regions: 1590->1733
[2025-08-01T03:48:47.701+0000] GC(589) Humongous regions: 0->0
[2025-08-01T03:48:47.701+0000] GC(589) Metaspace: 10593K(10816K)->10593K(10816K) NonClass: 9335K(9472K)->9335K(9472K) Class: 1258K(1344K)->1258K(1344K)
[2025-08-01T03:48:47.701+0000] GC(589) Pause Young (Concurrent Start) (G1 Evacuation Pause) 3503M->3506M(4096M) 62.286ms
[2025-08-01T03:48:47.701+0000] GC(589) User=0.46s Sys=0.01s Real=0.06s
[2025-08-01T03:48:47.701+0000] GC(590) Concurrent Mark Cycle
[2025-08-01T03:48:47.701+0000] GC(590) Concurrent Scan Root Regions
[2025-08-01T03:48:47.722+0000] GC(591) Pause Young (Normal) (G1 Evacuation Pause)
[2025-08-01T03:48:47.722+0000] GC(591) Using 8 workers of 8 for evacuation
[2025-08-01T03:48:47.738+0000] GC(590) Concurrent Scan Root Regions 36.847ms
[2025-08-01T03:48:47.738+0000] GC(590) Concurrent Mark
[2025-08-01T03:48:47.738+0000] GC(590) Concurrent Mark From Roots
[2025-08-01T03:48:47.738+0000] GC(590) Using 2 workers of 2 for marking
[2025-08-01T03:48:47.767+0000] GC(591)   Pre Evacuate Collection Set: 1.0ms
[2025-08-01T03:48:47.767+0000] GC(591)   Merge Heap Roots: 0.2ms
[2025-08-01T03:48:47.767+0000] GC(591)   Evacuate Collection Set: 26.5ms
[2025-08-01T03:48:47.767+0000] GC(591)   Post Evacuate Collection Set: 1.0ms
[2025-08-01T03:48:47.767+0000] GC(591)   Other: 0.1ms
[2025-08-01T03:48:47.767+0000] GC(591) Eden regions: 91->0(88)
[2025-08-01T03:48:47.767+0000] GC(591) Survivor regions: 21->14(14)
[2025-08-01T03:48:47.767+0000] GC(591) Old regions: 1733->1806
[2025-08-01T03:48:47.767+0000] GC(591) Humongous regions: 0->0
[2025-08-01T03:48:47.767+0000] GC(591) Metaspace: 10593K(10816K)->10593K(10816K) NonClass: 9335K(9472K)->9335K(9472K) Class: 1258K(1344K)->1258K(1344K)
[2025-08-01T03:48:47.767+0000] GC(591) Pause Young (Normal) (G1 Evacuation Pause) 3688M->3639M(4096M) 45.256ms
[2025-08-01T03:48:47.767+0000] GC(591) User=0.25s Sys=0.00s Real=0.05s
[2025-08-01T03:48:47.792+0000] GC(592) Pause Young (Normal) (G1 Evacuation Pause)
[2025-08-01T03:48:47.792+0000] GC(592) Using 8 workers of 8 for evacuation
[2025-08-01T03:48:47.817+0000] GC(592)   Pre Evacuate Collection Set: 0.5ms
[2025-08-01T03:48:47.817+0000] GC(592)   Merge Heap Roots: 0.1ms
[2025-08-01T03:48:47.817+0000] GC(592)   Evacuate Collection Set: 22.7ms
[2025-08-01T03:48:47.817+0000] GC(592)   Post Evacuate Collection Set: 0.8ms
[2025-08-01T03:48:47.817+0000] GC(592)   Other: 0.1ms
[2025-08-01T03:48:47.817+0000] GC(592) Eden regions: 88->0(89)
[2025-08-01T03:48:47.817+0000] GC(592) Survivor regions: 14->13(13)
[2025-08-01T03:48:47.817+0000] GC(592) Old regions: 1806->1875
[2025-08-01T03:48:47.817+0000] GC(592) Humongous regions: 0->0
[2025-08-01T03:48:47.817+0000] GC(592) Metaspace: 10593K(10816K)->10593K(10816K) NonClass: 9335K(9472K)->9335K(9472K) Class: 1258K(1344K)->1258K(1344K)
[2025-08-01T03:48:47.817+0000] GC(592) Pause Young (Normal) (G1 Evacuation Pause) 3815M->3774M(4096M) 24.490ms
[2025-08-01T03:48:47.817+0000] GC(592) User=0.18s Sys=0.00s Real=0.03s
[2025-08-01T03:48:47.847+0000] GC(593) Pause Young (Normal) (G1 Evacuation Pause)
[2025-08-01T03:48:47.847+0000] GC(593) Using 8 workers of 8 for evacuation
[2025-08-01T03:48:47.877+0000] GC(593)   Pre Evacuate Collection Set: 0.5ms
[2025-08-01T03:48:47.877+0000] GC(593)   Merge Heap Roots: 0.2ms
[2025-08-01T03:48:47.877+0000] GC(593)   Evacuate Collection Set: 25.8ms
[2025-08-01T03:48:47.877+0000] GC(593)   Post Evacuate Collection Set: 3.8ms
[2025-08-01T03:48:47.877+0000] GC(593)   Other: 0.1ms
[2025-08-01T03:48:47.877+0000] GC(593) Eden regions: 89->0(37)
[2025-08-01T03:48:47.877+0000] GC(593) Survivor regions: 13->13(13)
[2025-08-01T03:48:47.877+0000] GC(593) Old regions: 1875->1985
[2025-08-01T03:48:47.877+0000] GC(593) Humongous regions: 0->0
[2025-08-01T03:48:47.877+0000] GC(593) Metaspace: 10593K(10816K)->10593K(10816K) NonClass: 9335K(9472K)->9335K(9472K) Class: 1258K(1344K)->1258K(1344K)
[2025-08-01T03:48:47.877+0000] GC(593) Pause Young (Normal) (G1 Evacuation Pause) (Evacuation Failure) 3952M->3995M(4096M) 30.760ms
[2025-08-01T03:48:47.877+0000] GC(593) User=0.23s Sys=0.00s Real=0.03s
[2025-08-01T03:48:47.887+0000] GC(594) Pause Young (Normal) (G1 Evacuation Pause)
[2025-08-01T03:48:47.888+0000] GC(594) Using 8 workers of 8 for evacuation
[2025-08-01T03:48:47.901+0000] GC(594)   Pre Evacuate Collection Set: 0.6ms
[2025-08-01T03:48:47.901+0000] GC(594)   Merge Heap Roots: 0.1ms
[2025-08-01T03:48:47.901+0000] GC(594)   Evacuate Collection Set: 9.1ms
[2025-08-01T03:48:47.901+0000] GC(594)   Post Evacuate Collection Set: 3.4ms
[2025-08-01T03:48:47.901+0000] GC(594)   Other: 0.1ms
[2025-08-01T03:48:47.901+0000] GC(594) Eden regions: 37->0(0)
[2025-08-01T03:48:47.901+0000] GC(594) Survivor regions: 13->7(7)
[2025-08-01T03:48:47.901+0000] GC(594) Old regions: 1985->2041
[2025-08-01T03:48:47.901+0000] GC(594) Humongous regions: 0->0
[2025-08-01T03:48:47.901+0000] GC(594) Metaspace: 10593K(10816K)->10593K(10816K) NonClass: 9335K(9472K)->9335K(9472K) Class: 1258K(1344K)->1258K(1344K)
[2025-08-01T03:48:47.901+0000] GC(594) Pause Young (Normal) (G1 Evacuation Pause) (Evacuation Failure) 4069M->4095M(4096M) 13.626ms
[2025-08-01T03:48:47.901+0000] GC(594) User=0.09s Sys=0.00s Real=0.01s
[2025-08-01T03:48:47.901+0000] Attempting full compaction
[2025-08-01T03:48:47.901+0000] GC(595) Pause Full (G1 Compaction Pause)
[2025-08-01T03:48:47.901+0000] GC(595) Using 8 workers of 8 for full compaction
[2025-08-01T03:48:47.906+0000] GC(595) Phase 1: Mark live objects
[2025-08-01T03:48:47.941+0000] GC(595) Phase 1: Mark live objects 34.477ms
[2025-08-01T03:48:47.941+0000] GC(595) Phase 2: Prepare compaction
[2025-08-01T03:48:47.957+0000] GC(595) Phase 2: Prepare compaction 15.800ms
[2025-08-01T03:48:47.957+0000] GC(595) Phase 3: Adjust pointers
[2025-08-01T03:48:47.988+0000] GC(595) Phase 3: Adjust pointers 30.817ms
[2025-08-01T03:48:47.988+0000] GC(595) Phase 4: Compact heap
[2025-08-01T03:48:48.040+0000] GC(595) Phase 4: Compact heap 51.715ms
[2025-08-01T03:48:48.040+0000] GC(595) Phase 5: Reset Metadata
[2025-08-01T03:48:48.065+0000] GC(595) Phase 5: Reset Metadata 25.429ms
[2025-08-01T03:48:48.073+0000] GC(595) Eden regions: 0->0(536)
[2025-08-01T03:48:48.073+0000] GC(595) Survivor regions: 7->0(7)
[2025-08-01T03:48:48.073+0000] GC(595) Old regions: 2041->362
[2025-08-01T03:48:48.073+0000] GC(595) Humongous regions: 0->0
[2025-08-01T03:48:48.073+0000] GC(595) Metaspace: 10593K(10816K)->10593K(10816K) NonClass: 9335K(9472K)->9335K(9472K) Class: 1258K(1344K)->1258K(1344K)
[2025-08-01T03:48:48.073+0000] GC(595) Pause Full (G1 Compaction Pause) 4095M->715M(4096M) 172.209ms
[2025-08-01T03:48:48.073+0000] GC(595) User=1.21s Sys=0.03s Real=0.18s
[2025-08-01T03:48:48.074+0000] GC(590) Concurrent Mark From Roots 335.535ms
[2025-08-01T03:48:48.074+0000] GC(590) Concurrent Mark Abort
[2025-08-01T03:48:48.074+0000] GC(590) Concurrent Mark Cycle 372.555ms
[2025-08-01T03:48:48.312+0000] GC(596) Pause Young (Normal) (G1 Evacuation Pause)
[2025-08-01T03:48:48.312+0000] GC(596) Using 8 workers of 8 for evacuation
[2025-08-01T03:48:48.520+0000] GC(596) MMU target violated: 201.0ms (200.0ms/201.0ms)
[2025-08-01T03:48:48.520+0000] GC(596)   Pre Evacuate Collection Set: 1.0ms
[2025-08-01T03:48:48.520+0000] GC(596)   Merge Heap Roots: 0.6ms
[2025-08-01T03:48:48.520+0000] GC(596)   Evacuate Collection Set: 204.9ms
[2025-08-01T03:48:48.520+0000] GC(596)   Post Evacuate Collection Set: 1.0ms
[2025-08-01T03:48:48.520+0000] GC(596)   Other: 0.2ms
[2025-08-01T03:48:48.520+0000] GC(596) Eden regions: 536->0(440)
[2025-08-01T03:48:48.520+0000] GC(596) Survivor regions: 0->67(67)
[2025-08-01T03:48:48.520+0000] GC(596) Old regions: 362->637
[2025-08-01T03:48:48.520+0000] GC(596) Humongous regions: 0->0
[2025-08-01T03:48:48.520+0000] GC(596) Metaspace: 10593K(10816K)->10593K(10816K) NonClass: 9335K(9472K)->9335K(9472K) Class: 1258K(1344K)->1258K(1344K)
[2025-08-01T03:48:48.520+0000] GC(596) Pause Young (Normal) (G1 Evacuation Pause) 1787M->1399M(4096M) 208.162ms
[2025-08-01T03:48:48.520+0000] GC(596) User=1.56s Sys=0.06s Real=0.21s
[2025-08-01T03:48:48.696+0000] GC(597) Pause Young (Concurrent Start) (G1 Evacuation Pause)
[2025-08-01T03:48:48.697+0000] GC(597) Using 8 workers of 8 for evacuation
[2025-08-01T03:48:48.880+0000] GC(597)   Pre Evacuate Collection Set: 1.3ms
[2025-08-01T03:48:48.880+0000] GC(597)   Merge Heap Roots: 0.4ms
[2025-08-01T03:48:48.880+0000] GC(597)   Evacuate Collection Set: 180.2ms
[2025-08-01T03:48:48.880+0000] GC(597)   Post Evacuate Collection Set: 1.1ms
[2025-08-01T03:48:48.880+0000] GC(597)   Other: 0.6ms
[2025-08-01T03:48:48.880+0000] GC(597) Eden regions: 440->0(338)
[2025-08-01T03:48:48.880+0000] GC(597) Survivor regions: 67->64(64)
[2025-08-01T03:48:48.880+0000] GC(597) Old regions: 637->948
[2025-08-01T03:48:48.880+0000] GC(597) Humongous regions: 0->0
[2025-08-01T03:48:48.880+0000] GC(597) Metaspace: 10593K(10816K)->10593K(10816K) NonClass: 9335K(9472K)->9335K(9472K) Class: 1258K(1344K)->1258K(1344K)
[2025-08-01T03:48:48.880+0000] GC(597) Pause Young (Concurrent Start) (G1 Evacuation Pause) 2279M->2015M(4096M) 183.787ms
[2025-08-01T03:48:48.880+0000] GC(597) User=1.39s Sys=0.03s Real=0.18s
[2025-08-01T03:48:48.880+0000] GC(598) Concurrent Mark Cycle
[2025-08-01T03:48:48.880+0000] GC(598) Concurrent Scan Root Regions
[2025-08-01T03:48:48.958+0000] GC(598) Concurrent Scan Root Regions 77.946ms
[2025-08-01T03:48:48.959+0000] GC(598) Concurrent Mark
[2025-08-01T03:48:48.959+0000] GC(598) Concurrent Mark From Roots
[2025-08-01T03:48:48.959+0000] GC(598) Using 2 workers of 2 for marking
[2025-08-01T03:48:48.997+0000] GC(598) Concurrent Mark From Roots 38.124ms
[2025-08-01T03:48:48.997+0000] GC(598) Concurrent Preclean
[2025-08-01T03:48:48.997+0000] GC(598) Concurrent Preclean 0.030ms
[2025-08-01T03:48:48.997+0000] GC(598) Pause Remark
[2025-08-01T03:48:49.001+0000] GC(598) Pause Remark 2543M->1529M(4096M) 4.029ms
[2025-08-01T03:48:49.001+0000] GC(598) User=0.01s Sys=0.00s Real=0.00s
[2025-08-01T03:48:49.001+0000] GC(598) Concurrent Mark 42.531ms
[2025-08-01T03:48:49.001+0000] GC(598) Concurrent Rebuild Remembered Sets and Scrub Regions
[2025-08-01T03:48:49.043+0000] GC(599) Pause Young (Normal) (G1 Evacuation Pause)
[2025-08-01T03:48:49.044+0000] GC(599) Using 8 workers of 8 for evacuation
[2025-08-01T03:48:49.131+0000] GC(599)   Pre Evacuate Collection Set: 0.9ms
[2025-08-01T03:48:49.131+0000] GC(599)   Merge Heap Roots: 0.2ms
[2025-08-01T03:48:49.131+0000] GC(599)   Evacuate Collection Set: 81.0ms
[2025-08-01T03:48:49.131+0000] GC(599)   Post Evacuate Collection Set: 4.8ms
[2025-08-01T03:48:49.131+0000] GC(599)   Other: 0.1ms
[2025-08-01T03:48:49.131+0000] GC(599) Eden regions: 338->0(451)
[2025-08-01T03:48:49.131+0000] GC(599) Survivor regions: 64->51(51)
[2025-08-01T03:48:49.131+0000] GC(599) Old regions: 437->602
[2025-08-01T03:48:49.131+0000] GC(599) Humongous regions: 0->0
[2025-08-01T03:48:49.131+0000] GC(599) Metaspace: 10593K(10816K)->10593K(10816K) NonClass: 9335K(9472K)->9335K(9472K) Class: 1258K(1344K)->1258K(1344K)
[2025-08-01T03:48:49.131+0000] GC(599) Pause Young (Normal) (G1 Evacuation Pause) 1677M->1305M(4096M) 87.383ms
[2025-08-01T03:48:49.131+0000] GC(599) User=0.60s Sys=0.02s Real=0.08s
[2025-08-01T03:48:49.189+0000] GC(598) Concurrent Rebuild Remembered Sets and Scrub Regions 187.493ms
[2025-08-01T03:48:49.189+0000] GC(598) Pause Cleanup
[2025-08-01T03:48:49.190+0000] GC(598) Pause Cleanup 1520M->1520M(4096M) 0.929ms
[2025-08-01T03:48:49.190+0000] GC(598) User=0.01s Sys=0.00s Real=0.00s
[2025-08-01T03:48:49.190+0000] GC(598) Concurrent Clear Claimed Marks
[2025-08-01T03:48:49.190+0000] GC(598) Concurrent Clear Claimed Marks 0.158ms
[2025-08-01T03:48:49.190+0000] GC(598) Concurrent Cleanup for Next Mark
[2025-08-01T03:48:49.198+0000] GC(598) Concurrent Cleanup for Next Mark 8.050ms
[2025-08-01T03:48:49.198+0000] GC(598) Concurrent Mark Cycle 317.806ms
[2025-08-01T03:48:49.313+0000] GC(600) Pause Young (Prepare Mixed) (G1 Evacuation Pause)
[2025-08-01T03:48:49.314+0000] GC(600) Using 8 workers of 8 for evacuation
[2025-08-01T03:48:49.454+0000] GC(600)   Pre Evacuate Collection Set: 1.1ms
[2025-08-01T03:48:49.454+0000] GC(600)   Merge Heap Roots: 0.5ms
[2025-08-01T03:48:49.454+0000] GC(600)   Evacuate Collection Set: 137.8ms
[2025-08-01T03:48:49.454+0000] GC(600)   Post Evacuate Collection Set: 0.9ms
[2025-08-01T03:48:49.454+0000] GC(600)   Other: 0.1ms
[2025-08-01T03:48:49.454+0000] GC(600) Eden regions: 452->0(377)
[2025-08-01T03:48:49.454+0000] GC(600) Survivor regions: 51->63(63)
[2025-08-01T03:48:49.454+0000] GC(600) Old regions: 602->837
[2025-08-01T03:48:49.454+0000] GC(600) Humongous regions: 0->0
[2025-08-01T03:48:49.454+0000] GC(600) Metaspace: 10593K(10816K)->10593K(10816K) NonClass: 9335K(9472K)->9335K(9472K) Class: 1258K(1344K)->1258K(1344K)
[2025-08-01T03:48:49.454+0000] GC(600) Pause Young (Prepare Mixed) (G1 Evacuation Pause) 2209M->1799M(4096M) 140.737ms
[2025-08-01T03:48:49.454+0000] GC(600) User=1.04s Sys=0.05s Real=0.14s
[2025-08-01T03:48:49.617+0000] GC(601) Pause Young (Mixed) (G1 Evacuation Pause)
[2025-08-01T03:48:49.617+0000] GC(601) Using 8 workers of 8 for evacuation
[2025-08-01T03:48:49.825+0000] GC(601) MMU target violated: 201.0ms (200.0ms/201.0ms)
[2025-08-01T03:48:49.826+0000] GC(601)   Pre Evacuate Collection Set: 0.8ms
[2025-08-01T03:48:49.826+0000] GC(601)   Merge Heap Roots: 0.2ms
[2025-08-01T03:48:49.826+0000] GC(601)   Evacuate Collection Set: 205.9ms
[2025-08-01T03:48:49.826+0000] GC(601)   Post Evacuate Collection Set: 1.1ms
[2025-08-01T03:48:49.826+0000] GC(601)   Other: 0.2ms
[2025-08-01T03:48:49.826+0000] GC(601) Eden regions: 376->0(253)
[2025-08-01T03:48:49.826+0000] GC(601) Survivor regions: 63->55(55)
[2025-08-01T03:48:49.826+0000] GC(601) Old regions: 837->1209
[2025-08-01T03:48:49.826+0000] GC(601) Humongous regions: 0->0
[2025-08-01T03:48:49.826+0000] GC(601) Metaspace: 10593K(10816K)->10593K(10816K) NonClass: 9335K(9472K)->9335K(9472K) Class: 1258K(1344K)->1258K(1344K)
[2025-08-01T03:48:49.826+0000] GC(601) Pause Young (Mixed) (G1 Evacuation Pause) 2551M->2527M(4096M) 208.363ms
[2025-08-01T03:48:49.826+0000] GC(601) User=1.58s Sys=0.06s Real=0.21s
[2025-08-01T03:48:49.970+0000] GC(602) Pause Young (Concurrent Start) (G1 Evacuation Pause)
[2025-08-01T03:48:49.970+0000] GC(602) Using 8 workers of 8 for evacuation
[2025-08-01T03:48:50.131+0000] GC(602)   Pre Evacuate Collection Set: 1.0ms
[2025-08-01T03:48:50.131+0000] GC(602)   Merge Heap Roots: 0.2ms
[2025-08-01T03:48:50.131+0000] GC(602)   Evacuate Collection Set: 157.6ms
[2025-08-01T03:48:50.131+0000] GC(602)   Post Evacuate Collection Set: 2.3ms
[2025-08-01T03:48:50.132+0000] GC(602)   Other: 0.2ms
[2025-08-01T03:48:50.132+0000] GC(602) Eden regions: 253->0(187)
[2025-08-01T03:48:50.132+0000] GC(602) Survivor regions: 55->39(39)
[2025-08-01T03:48:50.132+0000] GC(602) Old regions: 1209->1410
[2025-08-01T03:48:50.132+0000] GC(602) Humongous regions: 0->0
[2025-08-01T03:48:50.132+0000] GC(602) Metaspace: 10593K(10816K)->10593K(10816K) NonClass: 9335K(9472K)->9335K(9472K) Class: 1258K(1344K)->1258K(1344K)
[2025-08-01T03:48:50.132+0000] GC(602) Pause Young (Concurrent Start) (G1 Evacuation Pause) 3033M->2897M(4096M) 161.687ms
[2025-08-01T03:48:50.132+0000] GC(602) User=1.18s Sys=0.05s Real=0.16s
[2025-08-01T03:48:50.132+0000] GC(603) Concurrent Mark Cycle
[2025-08-01T03:48:50.132+0000] GC(603) Concurrent Scan Root Regions
[2025-08-01T03:48:50.193+0000] GC(603) Concurrent Scan Root Regions 60.803ms
[2025-08-01T03:48:50.193+0000] GC(603) Concurrent Mark
[2025-08-01T03:48:50.193+0000] GC(603) Concurrent Mark From Roots
[2025-08-01T03:48:50.193+0000] GC(603) Using 2 workers of 2 for marking
[2025-08-01T03:48:50.230+0000] GC(604) Pause Young (Normal) (G1 Evacuation Pause)
[2025-08-01T03:48:50.230+0000] GC(604) Using 8 workers of 8 for evacuation
[2025-08-01T03:48:50.274+0000] GC(604)   Pre Evacuate Collection Set: 0.7ms
[2025-08-01T03:48:50.274+0000] GC(604)   Merge Heap Roots: 0.2ms
[2025-08-01T03:48:50.274+0000] GC(604)   Evacuate Collection Set: 42.1ms
[2025-08-01T03:48:50.274+0000] GC(604)   Post Evacuate Collection Set: 1.1ms
[2025-08-01T03:48:50.274+0000] GC(604)   Other: 0.1ms
[2025-08-01T03:48:50.274+0000] GC(604) Eden regions: 187->0(163)
[2025-08-01T03:48:50.274+0000] GC(604) Survivor regions: 39->29(29)
[2025-08-01T03:48:50.274+0000] GC(604) Old regions: 1410->1521
[2025-08-01T03:48:50.274+0000] GC(604) Humongous regions: 0->0
[2025-08-01T03:48:50.274+0000] GC(604) Metaspace: 10593K(10816K)->10593K(10816K) NonClass: 9335K(9472K)->9335K(9472K) Class: 1258K(1344K)->1258K(1344K)
[2025-08-01T03:48:50.274+0000] GC(604) Pause Young (Normal) (G1 Evacuation Pause) 3271M->3098M(4096M) 44.507ms
[2025-08-01T03:48:50.275+0000] GC(604) User=0.34s Sys=0.00s Real=0.05s
[2025-08-01T03:48:50.341+0000] GC(603) Concurrent Mark From Roots 147.398ms
[2025-08-01T03:48:50.341+0000] GC(603) Concurrent Preclean
[2025-08-01T03:48:50.341+0000] GC(603) Concurrent Preclean 0.017ms
[2025-08-01T03:48:50.341+0000] GC(603) Pause Remark
[2025-08-01T03:48:50.344+0000] GC(603) Pause Remark 3399M->1619M(4096M) 2.749ms
[2025-08-01T03:48:50.344+0000] GC(603) User=0.01s Sys=0.00s Real=0.01s
[2025-08-01T03:48:50.344+0000] GC(603) Concurrent Mark 150.520ms
[2025-08-01T03:48:50.344+0000] GC(603) Concurrent Rebuild Remembered Sets and Scrub Regions
[2025-08-01T03:48:50.351+0000] GC(605) Pause Young (Normal) (G1 Evacuation Pause)
[2025-08-01T03:48:50.351+0000] GC(605) Using 8 workers of 8 for evacuation
[2025-08-01T03:48:50.424+0000] GC(605)   Pre Evacuate Collection Set: 0.7ms
[2025-08-01T03:48:50.424+0000] GC(605)   Merge Heap Roots: 0.3ms
[2025-08-01T03:48:50.424+0000] GC(605)   Evacuate Collection Set: 71.1ms
[2025-08-01T03:48:50.424+0000] GC(605)   Post Evacuate Collection Set: 1.1ms
[2025-08-01T03:48:50.424+0000] GC(605)   Other: 0.1ms
[2025-08-01T03:48:50.424+0000] GC(605) Eden regions: 163->0(415)
[2025-08-01T03:48:50.424+0000] GC(605) Survivor regions: 29->24(24)
[2025-08-01T03:48:50.424+0000] GC(605) Old regions: 631->800
[2025-08-01T03:48:50.424+0000] GC(605) Humongous regions: 0->0
[2025-08-01T03:48:50.424+0000] GC(605) Metaspace: 10593K(10816K)->10593K(10816K) NonClass: 9335K(9472K)->9335K(9472K) Class: 1258K(1344K)->1258K(1344K)
[2025-08-01T03:48:50.425+0000] GC(605) Pause Young (Normal) (G1 Evacuation Pause) 1644M->1647M(4096M) 73.557ms
[2025-08-01T03:48:50.425+0000] GC(605) User=0.53s Sys=0.02s Real=0.08s
[2025-08-01T03:48:50.569+0000] GC(603) Concurrent Rebuild Remembered Sets and Scrub Regions 225.215ms
[2025-08-01T03:48:50.569+0000] GC(603) Pause Cleanup
[2025-08-01T03:48:50.572+0000] GC(603) Pause Cleanup 2345M->2345M(4096M) 2.539ms
[2025-08-01T03:48:50.572+0000] GC(603) User=0.00s Sys=0.00s Real=0.00s
[2025-08-01T03:48:50.572+0000] GC(603) Concurrent Clear Claimed Marks
[2025-08-01T03:48:50.572+0000] GC(603) Concurrent Clear Claimed Marks 0.044ms
[2025-08-01T03:48:50.572+0000] GC(603) Concurrent Cleanup for Next Mark
[2025-08-01T03:48:50.580+0000] GC(603) Concurrent Cleanup for Next Mark 8.117ms
[2025-08-01T03:48:50.580+0000] GC(603) Concurrent Mark Cycle 448.212ms
[2025-08-01T03:48:50.604+0000] GC(606) Pause Young (Prepare Mixed) (G1 Evacuation Pause)
[2025-08-01T03:48:50.604+0000] GC(606) Using 8 workers of 8 for evacuation
[2025-08-01T03:48:50.686+0000] GC(606)   Pre Evacuate Collection Set: 0.7ms
[2025-08-01T03:48:50.686+0000] GC(606)   Merge Heap Roots: 0.2ms
[2025-08-01T03:48:50.686+0000] GC(606)   Evacuate Collection Set: 79.5ms
[2025-08-01T03:48:50.686+0000] GC(606)   Post Evacuate Collection Set: 1.2ms
[2025-08-01T03:48:50.686+0000] GC(606)   Other: 0.1ms
[2025-08-01T03:48:50.686+0000] GC(606) Eden regions: 415->0(345)
[2025-08-01T03:48:50.686+0000] GC(606) Survivor regions: 24->55(55)
[2025-08-01T03:48:50.686+0000] GC(606) Old regions: 800->996
[2025-08-01T03:48:50.686+0000] GC(606) Humongous regions: 0->0
[2025-08-01T03:48:50.686+0000] GC(606) Metaspace: 10593K(10816K)->10593K(10816K) NonClass: 9335K(9472K)->9335K(9472K) Class: 1258K(1344K)->1258K(1344K)
[2025-08-01T03:48:50.686+0000] GC(606) Pause Young (Prepare Mixed) (G1 Evacuation Pause) 2477M->2101M(4096M) 82.021ms
[2025-08-01T03:48:50.686+0000] GC(606) User=0.61s Sys=0.01s Real=0.08s
[2025-08-01T03:48:50.845+0000] GC(607) Pause Young (Mixed) (G1 Evacuation Pause)
[2025-08-01T03:48:50.845+0000] GC(607) Using 8 workers of 8 for evacuation
[2025-08-01T03:48:50.972+0000] GC(607)   Pre Evacuate Collection Set: 1.7ms
[2025-08-01T03:48:50.972+0000] GC(607)   Merge Heap Roots: 0.2ms
[2025-08-01T03:48:50.972+0000] GC(607)   Evacuate Collection Set: 123.1ms
[2025-08-01T03:48:50.972+0000] GC(607)   Post Evacuate Collection Set: 1.5ms
[2025-08-01T03:48:50.972+0000] GC(607)   Other: 0.1ms
[2025-08-01T03:48:50.972+0000] GC(607) Eden regions: 345->0(301)
[2025-08-01T03:48:50.972+0000] GC(607) Survivor regions: 55->50(50)
[2025-08-01T03:48:50.972+0000] GC(607) Old regions: 996->1151
[2025-08-01T03:48:50.972+0000] GC(607) Humongous regions: 0->0
[2025-08-01T03:48:50.972+0000] GC(607) Metaspace: 10593K(10816K)->10593K(10816K) NonClass: 9335K(9472K)->9335K(9472K) Class: 1258K(1344K)->1258K(1344K)
[2025-08-01T03:48:50.972+0000] GC(607) Pause Young (Mixed) (G1 Evacuation Pause) 2791M->2401M(4096M) 127.044ms
[2025-08-01T03:48:50.972+0000] GC(607) User=0.91s Sys=0.05s Real=0.12s
[2025-08-01T03:48:51.074+0000] GC(608) Pause Young (Concurrent Start) (G1 Evacuation Pause)
[2025-08-01T03:48:51.074+0000] GC(608) Using 8 workers of 8 for evacuation
[2025-08-01T03:48:51.203+0000] GC(608)   Pre Evacuate Collection Set: 0.7ms
[2025-08-01T03:48:51.203+0000] GC(608)   Merge Heap Roots: 0.1ms
[2025-08-01T03:48:51.203+0000] GC(608)   Evacuate Collection Set: 127.4ms
[2025-08-01T03:48:51.203+0000] GC(608)   Post Evacuate Collection Set: 0.9ms
[2025-08-01T03:48:51.203+0000] GC(608)   Other: 0.2ms
[2025-08-01T03:48:51.203+0000] GC(608) Eden regions: 301->0(177)
[2025-08-01T03:48:51.203+0000] GC(608) Survivor regions: 50->44(44)
[2025-08-01T03:48:51.203+0000] GC(608) Old regions: 1151->1460
[2025-08-01T03:48:51.203+0000] GC(608) Humongous regions: 0->0
[2025-08-01T03:48:51.203+0000] GC(608) Metaspace: 10593K(10816K)->10593K(10816K) NonClass: 9335K(9472K)->9335K(9472K) Class: 1258K(1344K)->1258K(1344K)
[2025-08-01T03:48:51.203+0000] GC(608) Pause Young (Concurrent Start) (G1 Evacuation Pause) 3003M->3007M(4096M) 129.644ms
[2025-08-01T03:48:51.204+0000] GC(608) User=0.98s Sys=0.04s Real=0.13s
[2025-08-01T03:48:51.204+0000] GC(609) Concurrent Mark Cycle
[2025-08-01T03:48:51.204+0000] GC(609) Concurrent Scan Root Regions
[2025-08-01T03:48:51.268+0000] GC(609) Concurrent Scan Root Regions 63.983ms
[2025-08-01T03:48:51.268+0000] GC(609) Concurrent Mark
[2025-08-01T03:48:51.268+0000] GC(609) Concurrent Mark From Roots
[2025-08-01T03:48:51.268+0000] GC(609) Using 2 workers of 2 for marking
[2025-08-01T03:48:51.288+0000] GC(610) Pause Young (Normal) (G1 Evacuation Pause)
[2025-08-01T03:48:51.288+0000] GC(610) Using 8 workers of 8 for evacuation
[2025-08-01T03:48:51.346+0000] GC(610)   Pre Evacuate Collection Set: 0.8ms
[2025-08-01T03:48:51.346+0000] GC(610)   Merge Heap Roots: 0.2ms
[2025-08-01T03:48:51.346+0000] GC(610)   Evacuate Collection Set: 55.6ms
[2025-08-01T03:48:51.346+0000] GC(610)   Post Evacuate Collection Set: 1.1ms
[2025-08-01T03:48:51.346+0000] GC(610)   Other: 0.2ms
[2025-08-01T03:48:51.346+0000] GC(610) Eden regions: 177->0(134)
[2025-08-01T03:48:51.346+0000] GC(610) Survivor regions: 44->28(28)
[2025-08-01T03:48:51.346+0000] GC(610) Old regions: 1460->1601
[2025-08-01T03:48:51.346+0000] GC(610) Humongous regions: 0->0
[2025-08-01T03:48:51.346+0000] GC(610) Metaspace: 10593K(10816K)->10593K(10816K) NonClass: 9335K(9472K)->9335K(9472K) Class: 1258K(1344K)->1258K(1344K)
[2025-08-01T03:48:51.346+0000] GC(610) Pause Young (Normal) (G1 Evacuation Pause) 3361M->3256M(4096M) 58.221ms
[2025-08-01T03:48:51.346+0000] GC(610) User=0.44s Sys=0.00s Real=0.06s
[2025-08-01T03:48:51.423+0000] GC(609) Concurrent Mark From Roots 154.999ms
[2025-08-01T03:48:51.423+0000] GC(609) Concurrent Preclean
[2025-08-01T03:48:51.423+0000] GC(609) Concurrent Preclean 0.030ms
[2025-08-01T03:48:51.424+0000] GC(609) Pause Remark
[2025-08-01T03:48:51.429+0000] GC(609) Pause Remark 3517M->1717M(4096M) 5.179ms
[2025-08-01T03:48:51.429+0000] GC(609) User=0.01s Sys=0.01s Real=0.00s
[2025-08-01T03:48:51.430+0000] GC(609) Concurrent Mark 161.711ms
[2025-08-01T03:48:51.430+0000] GC(609) Concurrent Rebuild Remembered Sets and Scrub Regions
[2025-08-01T03:48:51.431+0000] GC(611) Pause Young (Normal) (G1 Evacuation Pause)
[2025-08-01T03:48:51.431+0000] GC(611) Using 8 workers of 8 for evacuation
[2025-08-01T03:48:51.496+0000] GC(611)   Pre Evacuate Collection Set: 0.9ms
[2025-08-01T03:48:51.496+0000] GC(611)   Merge Heap Roots: 0.3ms
[2025-08-01T03:48:51.496+0000] GC(611)   Evacuate Collection Set: 62.2ms
[2025-08-01T03:48:51.496+0000] GC(611)   Post Evacuate Collection Set: 1.0ms
[2025-08-01T03:48:51.496+0000] GC(611)   Other: 0.1ms
[2025-08-01T03:48:51.496+0000] GC(611) Eden regions: 134->0(401)
[2025-08-01T03:48:51.496+0000] GC(611) Survivor regions: 28->21(21)
[2025-08-01T03:48:51.496+0000] GC(611) Old regions: 701->832
[2025-08-01T03:48:51.496+0000] GC(611) Humongous regions: 0->0
[2025-08-01T03:48:51.496+0000] GC(611) Metaspace: 10593K(10816K)->10593K(10816K) NonClass: 9335K(9472K)->9335K(9472K) Class: 1258K(1344K)->1258K(1344K)
[2025-08-01T03:48:51.496+0000] GC(611) Pause Young (Normal) (G1 Evacuation Pause) 1724M->1704M(4096M) 64.815ms
[2025-08-01T03:48:51.496+0000] GC(611) User=0.46s Sys=0.02s Real=0.07s
[2025-08-01T03:48:51.654+0000] GC(609) Concurrent Rebuild Remembered Sets and Scrub Regions 223.842ms
[2025-08-01T03:48:51.654+0000] GC(609) Pause Cleanup
[2025-08-01T03:48:51.655+0000] GC(609) Pause Cleanup 2279M->2279M(4096M) 1.183ms
[2025-08-01T03:48:51.655+0000] GC(609) User=0.00s Sys=0.00s Real=0.00s
[2025-08-01T03:48:51.655+0000] GC(609) Concurrent Clear Claimed Marks
[2025-08-01T03:48:51.655+0000] GC(609) Concurrent Clear Claimed Marks 0.038ms
[2025-08-01T03:48:51.655+0000] GC(609) Concurrent Cleanup for Next Mark
[2025-08-01T03:48:51.668+0000] GC(609) Concurrent Cleanup for Next Mark 12.951ms
[2025-08-01T03:48:51.668+0000] GC(609) Concurrent Mark Cycle 464.802ms
[2025-08-01T03:48:51.681+0000] GC(612) Pause Young (Prepare Mixed) (G1 Evacuation Pause)
[2025-08-01T03:48:51.681+0000] GC(612) Using 8 workers of 8 for evacuation
[2025-08-01T03:48:51.780+0000] GC(612)   Pre Evacuate Collection Set: 0.5ms
[2025-08-01T03:48:51.780+0000] GC(612)   Merge Heap Roots: 0.1ms
[2025-08-01T03:48:51.780+0000] GC(612)   Evacuate Collection Set: 96.8ms
[2025-08-01T03:48:51.780+0000] GC(612)   Post Evacuate Collection Set: 1.7ms
[2025-08-01T03:48:51.780+0000] GC(612)   Other: 0.1ms
[2025-08-01T03:48:51.780+0000] GC(612) Eden regions: 401->0(324)
[2025-08-01T03:48:51.780+0000] GC(612) Survivor regions: 21->53(53)
[2025-08-01T03:48:51.780+0000] GC(612) Old regions: 832->1050
[2025-08-01T03:48:51.780+0000] GC(612) Humongous regions: 0->0
[2025-08-01T03:48:51.780+0000] GC(612) Metaspace: 10593K(10816K)->10593K(10816K) NonClass: 9335K(9472K)->9335K(9472K) Class: 1258K(1344K)->1258K(1344K)
[2025-08-01T03:48:51.780+0000] GC(612) Pause Young (Prepare Mixed) (G1 Evacuation Pause) 2506M->2205M(4096M) 99.546ms
[2025-08-01T03:48:51.780+0000] GC(612) User=0.76s Sys=0.02s Real=0.10s
[2025-08-01T03:48:51.939+0000] GC(613) Pause Young (Mixed) (G1 Evacuation Pause)
[2025-08-01T03:48:51.939+0000] GC(613) Using 8 workers of 8 for evacuation
[2025-08-01T03:48:52.043+0000] GC(613)   Pre Evacuate Collection Set: 1.2ms
[2025-08-01T03:48:52.043+0000] GC(613)   Merge Heap Roots: 0.3ms
[2025-08-01T03:48:52.043+0000] GC(613)   Evacuate Collection Set: 100.9ms
[2025-08-01T03:48:52.043+0000] GC(613)   Post Evacuate Collection Set: 1.5ms
[2025-08-01T03:48:52.043+0000] GC(613)   Other: 0.1ms
[2025-08-01T03:48:52.043+0000] GC(613) Eden regions: 324->0(234)
[2025-08-01T03:48:52.043+0000] GC(613) Survivor regions: 53->48(48)
[2025-08-01T03:48:52.043+0000] GC(613) Old regions: 1050->1300
[2025-08-01T03:48:52.043+0000] GC(613) Humongous regions: 0->0
[2025-08-01T03:48:52.043+0000] GC(613) Metaspace: 10593K(10816K)->10593K(10816K) NonClass: 9335K(9472K)->9335K(9472K) Class: 1258K(1344K)->1258K(1344K)
[2025-08-01T03:48:52.043+0000] GC(613) Pause Young (Mixed) (G1 Evacuation Pause) 2853M->2694M(4096M) 104.274ms
[2025-08-01T03:48:52.043+0000] GC(613) User=0.80s Sys=0.00s Real=0.11s
[2025-08-01T03:48:52.135+0000] GC(614) Pause Young (Concurrent Start) (G1 Evacuation Pause)
[2025-08-01T03:48:52.135+0000] GC(614) Using 8 workers of 8 for evacuation
[2025-08-01T03:48:52.204+0000] GC(614)   Pre Evacuate Collection Set: 1.1ms
[2025-08-01T03:48:52.204+0000] GC(614)   Merge Heap Roots: 0.2ms
[2025-08-01T03:48:52.204+0000] GC(614)   Evacuate Collection Set: 66.6ms
[2025-08-01T03:48:52.204+0000] GC(614)   Post Evacuate Collection Set: 0.9ms
[2025-08-01T03:48:52.204+0000] GC(614)   Other: 0.2ms
[2025-08-01T03:48:52.204+0000] GC(614) Eden regions: 234->0(168)
[2025-08-01T03:48:52.204+0000] GC(614) Survivor regions: 48->36(36)
[2025-08-01T03:48:52.204+0000] GC(614) Old regions: 1300->1494
[2025-08-01T03:48:52.204+0000] GC(614) Humongous regions: 0->0
[2025-08-01T03:48:52.204+0000] GC(614) Metaspace: 10593K(10816K)->10593K(10816K) NonClass: 9335K(9472K)->9335K(9472K) Class: 1258K(1344K)->1258K(1344K)
[2025-08-01T03:48:52.204+0000] GC(614) Pause Young (Concurrent Start) (G1 Evacuation Pause) 3162M->3059M(4096M) 69.243ms
[2025-08-01T03:48:52.205+0000] GC(614) User=0.53s Sys=0.00s Real=0.07s
[2025-08-01T03:48:52.205+0000] GC(615) Concurrent Mark Cycle
[2025-08-01T03:48:52.205+0000] GC(615) Concurrent Scan Root Regions
[2025-08-01T03:48:52.241+0000] GC(615) Concurrent Scan Root Regions 36.323ms
[2025-08-01T03:48:52.241+0000] GC(615) Concurrent Mark
[2025-08-01T03:48:52.241+0000] GC(615) Concurrent Mark From Roots
[2025-08-01T03:48:52.241+0000] GC(615) Using 2 workers of 2 for marking
[2025-08-01T03:48:52.285+0000] GC(616) Pause Young (Normal) (G1 Evacuation Pause)
[2025-08-01T03:48:52.286+0000] GC(616) Using 8 workers of 8 for evacuation
[2025-08-01T03:48:52.332+0000] GC(616)   Pre Evacuate Collection Set: 0.8ms
[2025-08-01T03:48:52.332+0000] GC(616)   Merge Heap Roots: 0.2ms
[2025-08-01T03:48:52.332+0000] GC(616)   Evacuate Collection Set: 43.9ms
[2025-08-01T03:48:52.332+0000] GC(616)   Post Evacuate Collection Set: 1.4ms
[2025-08-01T03:48:52.332+0000] GC(616)   Other: 0.1ms
[2025-08-01T03:48:52.332+0000] GC(616) Eden regions: 168->0(130)
[2025-08-01T03:48:52.332+0000] GC(616) Survivor regions: 36->26(26)
[2025-08-01T03:48:52.332+0000] GC(616) Old regions: 1494->1616
[2025-08-01T03:48:52.332+0000] GC(616) Humongous regions: 0->0
[2025-08-01T03:48:52.332+0000] GC(616) Metaspace: 10593K(10816K)->10593K(10816K) NonClass: 9335K(9472K)->9335K(9472K) Class: 1258K(1344K)->1258K(1344K)
[2025-08-01T03:48:52.332+0000] GC(616) Pause Young (Normal) (G1 Evacuation Pause) 3395M->3283M(4096M) 46.957ms
[2025-08-01T03:48:52.332+0000] GC(616) User=0.36s Sys=0.00s Real=0.04s
[2025-08-01T03:48:52.385+0000] GC(615) Concurrent Mark From Roots 143.437ms
[2025-08-01T03:48:52.385+0000] GC(615) Concurrent Preclean
[2025-08-01T03:48:52.385+0000] GC(615) Concurrent Preclean 0.035ms
[2025-08-01T03:48:52.385+0000] GC(615) Pause Remark
[2025-08-01T03:48:52.389+0000] GC(615) Pause Remark 3503M->1595M(4096M) 4.052ms
[2025-08-01T03:48:52.389+0000] GC(615) User=0.01s Sys=0.00s Real=0.00s
[2025-08-01T03:48:52.389+0000] GC(615) Concurrent Mark 148.081ms
[2025-08-01T03:48:52.389+0000] GC(615) Concurrent Rebuild Remembered Sets and Scrub Regions
[2025-08-01T03:48:52.403+0000] GC(617) Pause Young (Normal) (G1 Evacuation Pause)
[2025-08-01T03:48:52.403+0000] GC(617) Using 8 workers of 8 for evacuation
[2025-08-01T03:48:52.447+0000] GC(617)   Pre Evacuate Collection Set: 0.5ms
[2025-08-01T03:48:52.447+0000] GC(617)   Merge Heap Roots: 0.2ms
[2025-08-01T03:48:52.447+0000] GC(617)   Evacuate Collection Set: 41.7ms
[2025-08-01T03:48:52.447+0000] GC(617)   Post Evacuate Collection Set: 1.0ms
[2025-08-01T03:48:52.447+0000] GC(617)   Other: 0.1ms
[2025-08-01T03:48:52.447+0000] GC(617) Eden regions: 130->0(417)
[2025-08-01T03:48:52.447+0000] GC(617) Survivor regions: 26->20(20)
[2025-08-01T03:48:52.447+0000] GC(617) Old regions: 662->775
[2025-08-01T03:48:52.447+0000] GC(617) Humongous regions: 0->0
[2025-08-01T03:48:52.447+0000] GC(617) Metaspace: 10593K(10816K)->10593K(10816K) NonClass: 9335K(9472K)->9335K(9472K) Class: 1258K(1344K)->1258K(1344K)
[2025-08-01T03:48:52.447+0000] GC(617) Pause Young (Normal) (G1 Evacuation Pause) 1635M->1589M(4096M) 43.826ms
[2025-08-01T03:48:52.447+0000] GC(617) User=0.31s Sys=0.01s Real=0.04s
[2025-08-01T03:48:52.574+0000] GC(615) Concurrent Rebuild Remembered Sets and Scrub Regions 184.717ms
[2025-08-01T03:48:52.574+0000] GC(615) Pause Cleanup
[2025-08-01T03:48:52.576+0000] GC(615) Pause Cleanup 2272M->2272M(4096M) 1.553ms
[2025-08-01T03:48:52.576+0000] GC(615) User=0.00s Sys=0.00s Real=0.00s
[2025-08-01T03:48:52.576+0000] GC(615) Concurrent Clear Claimed Marks
[2025-08-01T03:48:52.576+0000] GC(615) Concurrent Clear Claimed Marks 0.050ms
[2025-08-01T03:48:52.576+0000] GC(615) Concurrent Cleanup for Next Mark
[2025-08-01T03:48:52.583+0000] GC(615) Concurrent Cleanup for Next Mark 7.377ms
[2025-08-01T03:48:52.583+0000] GC(615) Concurrent Mark Cycle 378.799ms
[2025-08-01T03:48:52.625+0000] GC(618) Pause Young (Prepare Mixed) (G1 Evacuation Pause)
[2025-08-01T03:48:52.625+0000] GC(618) Using 8 workers of 8 for evacuation
[2025-08-01T03:48:52.752+0000] GC(618)   Pre Evacuate Collection Set: 0.8ms
[2025-08-01T03:48:52.752+0000] GC(618)   Merge Heap Roots: 0.3ms
[2025-08-01T03:48:52.752+0000] GC(618)   Evacuate Collection Set: 123.8ms
[2025-08-01T03:48:52.752+0000] GC(618)   Post Evacuate Collection Set: 1.4ms
[2025-08-01T03:48:52.752+0000] GC(618)   Other: 0.1ms
[2025-08-01T03:48:52.752+0000] GC(618) Eden regions: 417->0(303)
[2025-08-01T03:48:52.752+0000] GC(618) Survivor regions: 20->55(55)
[2025-08-01T03:48:52.752+0000] GC(618) Old regions: 775->1078
[2025-08-01T03:48:52.752+0000] GC(618) Humongous regions: 0->0
[2025-08-01T03:48:52.752+0000] GC(618) Metaspace: 10593K(10816K)->10593K(10816K) NonClass: 9335K(9472K)->9335K(9472K) Class: 1258K(1344K)->1258K(1344K)
[2025-08-01T03:48:52.752+0000] GC(618) Pause Young (Prepare Mixed) (G1 Evacuation Pause) 2423M->2264M(4096M) 126.697ms
[2025-08-01T03:48:52.752+0000] GC(618) User=0.96s Sys=0.01s Real=0.12s
[2025-08-01T03:48:52.898+0000] GC(619) Pause Young (Mixed) (G1 Evacuation Pause)
[2025-08-01T03:48:52.898+0000] GC(619) Using 8 workers of 8 for evacuation
[2025-08-01T03:48:53.071+0000] GC(619)   Pre Evacuate Collection Set: 1.0ms
[2025-08-01T03:48:53.071+0000] GC(619)   Merge Heap Roots: 0.2ms
[2025-08-01T03:48:53.071+0000] GC(619)   Evacuate Collection Set: 169.0ms
[2025-08-01T03:48:53.071+0000] GC(619)   Post Evacuate Collection Set: 1.9ms
[2025-08-01T03:48:53.071+0000] GC(619)   Other: 0.1ms
[2025-08-01T03:48:53.071+0000] GC(619) Eden regions: 303->0(254)
[2025-08-01T03:48:53.071+0000] GC(619) Survivor regions: 55->45(45)
[2025-08-01T03:48:53.071+0000] GC(619) Old regions: 1078->1247
[2025-08-01T03:48:53.071+0000] GC(619) Humongous regions: 0->0
[2025-08-01T03:48:53.071+0000] GC(619) Metaspace: 10593K(10816K)->10593K(10816K) NonClass: 9335K(9472K)->9335K(9472K) Class: 1258K(1344K)->1258K(1344K)
[2025-08-01T03:48:53.071+0000] GC(619) Pause Young (Mixed) (G1 Evacuation Pause) 2870M->2583M(4096M) 172.765ms
[2025-08-01T03:48:53.071+0000] GC(619) User=1.29s Sys=0.05s Real=0.17s
[2025-08-01T03:48:53.181+0000] GC(620) Pause Young (Concurrent Start) (G1 Evacuation Pause)
[2025-08-01T03:48:53.181+0000] GC(620) Using 8 workers of 8 for evacuation
[2025-08-01T03:48:53.326+0000] GC(620)   Pre Evacuate Collection Set: 0.7ms
[2025-08-01T03:48:53.327+0000] GC(620)   Merge Heap Roots: 0.1ms
[2025-08-01T03:48:53.327+0000] GC(620)   Evacuate Collection Set: 142.6ms
[2025-08-01T03:48:53.327+0000] GC(620)   Post Evacuate Collection Set: 2.0ms
[2025-08-01T03:48:53.327+0000] GC(620)   Other: 0.2ms
[2025-08-01T03:48:53.327+0000] GC(620) Eden regions: 254->0(179)
[2025-08-01T03:48:53.327+0000] GC(620) Survivor regions: 45->38(38)
[2025-08-01T03:48:53.327+0000] GC(620) Old regions: 1247->1464
[2025-08-01T03:48:53.327+0000] GC(620) Humongous regions: 0->0
[2025-08-01T03:48:53.327+0000] GC(620) Metaspace: 10593K(10816K)->10593K(10816K) NonClass: 9335K(9472K)->9335K(9472K) Class: 1258K(1344K)->1258K(1344K)
[2025-08-01T03:48:53.327+0000] GC(620) Pause Young (Concurrent Start) (G1 Evacuation Pause) 3091M->3003M(4096M) 146.138ms
[2025-08-01T03:48:53.327+0000] GC(620) User=1.03s Sys=0.04s Real=0.15s
[2025-08-01T03:48:53.327+0000] GC(621) Concurrent Mark Cycle
[2025-08-01T03:48:53.327+0000] GC(621) Concurrent Scan Root Regions
[2025-08-01T03:48:53.380+0000] GC(621) Concurrent Scan Root Regions 52.345ms
[2025-08-01T03:48:53.380+0000] GC(621) Concurrent Mark
[2025-08-01T03:48:53.380+0000] GC(621) Concurrent Mark From Roots
[2025-08-01T03:48:53.380+0000] GC(621) Using 2 workers of 2 for marking
[2025-08-01T03:48:53.413+0000] GC(622) Pause Young (Normal) (G1 Evacuation Pause)
[2025-08-01T03:48:53.413+0000] GC(622) Using 8 workers of 8 for evacuation
[2025-08-01T03:48:53.489+0000] GC(622)   Pre Evacuate Collection Set: 0.8ms
[2025-08-01T03:48:53.489+0000] GC(622)   Merge Heap Roots: 0.2ms
[2025-08-01T03:48:53.489+0000] GC(622)   Evacuate Collection Set: 73.7ms
[2025-08-01T03:48:53.489+0000] GC(622)   Post Evacuate Collection Set: 1.0ms
[2025-08-01T03:48:53.489+0000] GC(622)   Other: 0.1ms
[2025-08-01T03:48:53.489+0000] GC(622) Eden regions: 179->0(115)
[2025-08-01T03:48:53.489+0000] GC(622) Survivor regions: 38->28(28)
[2025-08-01T03:48:53.489+0000] GC(622) Old regions: 1464->1655
[2025-08-01T03:48:53.489+0000] GC(622) Humongous regions: 0->0
[2025-08-01T03:48:53.489+0000] GC(622) Metaspace: 10593K(10816K)->10593K(10816K) NonClass: 9335K(9472K)->9335K(9472K) Class: 1258K(1344K)->1258K(1344K)
[2025-08-01T03:48:53.490+0000] GC(622) Pause Young (Normal) (G1 Evacuation Pause) 3361M->3364M(4096M) 76.127ms
[2025-08-01T03:48:53.490+0000] GC(622) User=0.58s Sys=0.01s Real=0.07s
[2025-08-01T03:48:53.520+0000] GC(621) Concurrent Mark From Roots 140.592ms
[2025-08-01T03:48:53.520+0000] GC(621) Concurrent Preclean
[2025-08-01T03:48:53.520+0000] GC(621) Concurrent Preclean 0.025ms
[2025-08-01T03:48:53.521+0000] GC(621) Pause Remark
[2025-08-01T03:48:53.524+0000] GC(621) Pause Remark 3548M->1480M(4096M) 3.625ms
[2025-08-01T03:48:53.524+0000] GC(621) User=0.01s Sys=0.00s Real=0.01s
[2025-08-01T03:48:53.524+0000] GC(621) Concurrent Mark 144.715ms
[2025-08-01T03:48:53.524+0000] GC(621) Concurrent Rebuild Remembered Sets and Scrub Regions
[2025-08-01T03:48:53.551+0000] GC(623) Pause Young (Normal) (G1 Evacuation Pause)
[2025-08-01T03:48:53.551+0000] GC(623) Using 8 workers of 8 for evacuation
[2025-08-01T03:48:53.592+0000] GC(623)   Pre Evacuate Collection Set: 0.8ms
[2025-08-01T03:48:53.592+0000] GC(623)   Merge Heap Roots: 0.3ms
[2025-08-01T03:48:53.592+0000] GC(623)   Evacuate Collection Set: 38.5ms
[2025-08-01T03:48:53.592+0000] GC(623)   Post Evacuate Collection Set: 1.2ms
[2025-08-01T03:48:53.592+0000] GC(623)   Other: 0.1ms
[2025-08-01T03:48:53.592+0000] GC(623) Eden regions: 115->0(429)
[2025-08-01T03:48:53.592+0000] GC(623) Survivor regions: 28->18(18)
[2025-08-01T03:48:53.592+0000] GC(623) Old regions: 621->720
[2025-08-01T03:48:53.592+0000] GC(623) Humongous regions: 0->0
[2025-08-01T03:48:53.592+0000] GC(623) Metaspace: 10593K(10816K)->10593K(10816K) NonClass: 9335K(9472K)->9335K(9472K) Class: 1258K(1344K)->1258K(1344K)
[2025-08-01T03:48:53.592+0000] GC(623) Pause Young (Normal) (G1 Evacuation Pause) 1526M->1475M(4096M) 41.208ms
[2025-08-01T03:48:53.592+0000] GC(623) User=0.31s Sys=0.00s Real=0.04s
[2025-08-01T03:48:53.695+0000] GC(621) Concurrent Rebuild Remembered Sets and Scrub Regions 170.957ms
[2025-08-01T03:48:53.696+0000] GC(621) Pause Cleanup
[2025-08-01T03:48:53.698+0000] GC(621) Pause Cleanup 1973M->1973M(4096M) 1.091ms
[2025-08-01T03:48:53.698+0000] GC(621) User=0.00s Sys=0.00s Real=0.00s
[2025-08-01T03:48:53.698+0000] GC(621) Concurrent Clear Claimed Marks
[2025-08-01T03:48:53.698+0000] GC(621) Concurrent Clear Claimed Marks 0.133ms
[2025-08-01T03:48:53.698+0000] GC(621) Concurrent Cleanup for Next Mark
[2025-08-01T03:48:53.714+0000] GC(621) Concurrent Cleanup for Next Mark 15.270ms
[2025-08-01T03:48:53.714+0000] GC(621) Concurrent Mark Cycle 386.508ms
[2025-08-01T03:48:53.784+0000] GC(624) Pause Young (Prepare Mixed) (G1 Evacuation Pause)
[2025-08-01T03:48:53.784+0000] GC(624) Using 8 workers of 8 for evacuation
[2025-08-01T03:48:53.899+0000] GC(624)   Pre Evacuate Collection Set: 1.0ms
[2025-08-01T03:48:53.899+0000] GC(624)   Merge Heap Roots: 0.2ms
[2025-08-01T03:48:53.900+0000] GC(624)   Evacuate Collection Set: 112.6ms
[2025-08-01T03:48:53.900+0000] GC(624)   Post Evacuate Collection Set: 1.2ms
[2025-08-01T03:48:53.900+0000] GC(624)   Other: 0.1ms
[2025-08-01T03:48:53.900+0000] GC(624) Eden regions: 429->0(306)
[2025-08-01T03:48:53.900+0000] GC(624) Survivor regions: 18->56(56)
[2025-08-01T03:48:53.900+0000] GC(624) Old regions: 720->987
[2025-08-01T03:48:53.900+0000] GC(624) Humongous regions: 0->0
[2025-08-01T03:48:53.900+0000] GC(624) Metaspace: 10593K(10816K)->10593K(10816K) NonClass: 9335K(9472K)->9335K(9472K) Class: 1258K(1344K)->1258K(1344K)
[2025-08-01T03:48:53.900+0000] GC(624) Pause Young (Prepare Mixed) (G1 Evacuation Pause) 2333M->2085M(4096M) 115.456ms
[2025-08-01T03:48:53.900+0000] GC(624) User=0.86s Sys=0.02s Real=0.11s
[2025-08-01T03:48:54.012+0000] GC(625) Pause Young (Mixed) (G1 Evacuation Pause)
[2025-08-01T03:48:54.012+0000] GC(625) Using 8 workers of 8 for evacuation
[2025-08-01T03:48:54.132+0000] GC(625)   Pre Evacuate Collection Set: 0.9ms
[2025-08-01T03:48:54.132+0000] GC(625)   Merge Heap Roots: 0.2ms
[2025-08-01T03:48:54.132+0000] GC(625)   Evacuate Collection Set: 116.5ms
[2025-08-01T03:48:54.132+0000] GC(625)   Post Evacuate Collection Set: 2.0ms
[2025-08-01T03:48:54.132+0000] GC(625)   Other: 0.3ms
[2025-08-01T03:48:54.132+0000] GC(625) Eden regions: 306->0(244)
[2025-08-01T03:48:54.132+0000] GC(625) Survivor regions: 56->46(46)
[2025-08-01T03:48:54.132+0000] GC(625) Old regions: 987->1244
[2025-08-01T03:48:54.132+0000] GC(625) Humongous regions: 0->0
[2025-08-01T03:48:54.132+0000] GC(625) Metaspace: 10593K(10816K)->10593K(10816K) NonClass: 9335K(9472K)->9335K(9472K) Class: 1258K(1344K)->1258K(1344K)
[2025-08-01T03:48:54.132+0000] GC(625) Pause Young (Mixed) (G1 Evacuation Pause) 2697M->2578M(4096M) 120.285ms
[2025-08-01T03:48:54.132+0000] GC(625) User=0.90s Sys=0.02s Real=0.12s
[2025-08-01T03:48:54.265+0000] GC(626) Pause Young (Concurrent Start) (G1 Evacuation Pause)
[2025-08-01T03:48:54.265+0000] GC(626) Using 8 workers of 8 for evacuation
[2025-08-01T03:48:54.322+0000] GC(626)   Pre Evacuate Collection Set: 0.8ms
[2025-08-01T03:48:54.322+0000] GC(626)   Merge Heap Roots: 0.1ms
[2025-08-01T03:48:54.322+0000] GC(626)   Evacuate Collection Set: 54.4ms
[2025-08-01T03:48:54.322+0000] GC(626)   Post Evacuate Collection Set: 1.4ms
[2025-08-01T03:48:54.322+0000] GC(626)   Other: 0.2ms
[2025-08-01T03:48:54.322+0000] GC(626) Eden regions: 244->0(215)
[2025-08-01T03:48:54.322+0000] GC(626) Survivor regions: 46->37(37)
[2025-08-01T03:48:54.322+0000] GC(626) Old regions: 1244->1363
[2025-08-01T03:48:54.322+0000] GC(626) Humongous regions: 0->0
[2025-08-01T03:48:54.322+0000] GC(626) Metaspace: 10593K(10816K)->10593K(10816K) NonClass: 9335K(9472K)->9335K(9472K) Class: 1258K(1344K)->1258K(1344K)
[2025-08-01T03:48:54.322+0000] GC(626) Pause Young (Concurrent Start) (G1 Evacuation Pause) 3066M->2799M(4096M) 57.280ms
[2025-08-01T03:48:54.322+0000] GC(626) User=0.42s Sys=0.01s Real=0.05s
[2025-08-01T03:48:54.322+0000] GC(627) Concurrent Mark Cycle
[2025-08-01T03:48:54.322+0000] GC(627) Concurrent Scan Root Regions
[2025-08-01T03:48:54.361+0000] GC(627) Concurrent Scan Root Regions 38.388ms
[2025-08-01T03:48:54.361+0000] GC(627) Concurrent Mark
[2025-08-01T03:48:54.361+0000] GC(627) Concurrent Mark From Roots
[2025-08-01T03:48:54.361+0000] GC(627) Using 2 workers of 2 for marking
[2025-08-01T03:48:54.416+0000] GC(628) Pause Young (Normal) (G1 Evacuation Pause)
[2025-08-01T03:48:54.416+0000] GC(628) Using 8 workers of 8 for evacuation
[2025-08-01T03:48:54.518+0000] GC(628)   Pre Evacuate Collection Set: 1.1ms
[2025-08-01T03:48:54.518+0000] GC(628)   Merge Heap Roots: 0.2ms
[2025-08-01T03:48:54.518+0000] GC(628)   Evacuate Collection Set: 99.3ms
[2025-08-01T03:48:54.518+0000] GC(628)   Post Evacuate Collection Set: 1.2ms
[2025-08-01T03:48:54.518+0000] GC(628)   Other: 0.1ms
[2025-08-01T03:48:54.518+0000] GC(628) Eden regions: 215->0(137)
[2025-08-01T03:48:54.518+0000] GC(628) Survivor regions: 37->32(32)
[2025-08-01T03:48:54.518+0000] GC(628) Old regions: 1363->1585
[2025-08-01T03:48:54.518+0000] GC(628) Humongous regions: 0->0
[2025-08-01T03:48:54.518+0000] GC(628) Metaspace: 10593K(10816K)->10593K(10816K) NonClass: 9335K(9472K)->9335K(9472K) Class: 1258K(1344K)->1258K(1344K)
[2025-08-01T03:48:54.518+0000] GC(628) Pause Young (Normal) (G1 Evacuation Pause) 3229M->3233M(4096M) 102.269ms
[2025-08-01T03:48:54.518+0000] GC(628) User=0.76s Sys=0.03s Real=0.10s
[2025-08-01T03:48:54.530+0000] GC(627) Concurrent Mark From Roots 169.370ms
[2025-08-01T03:48:54.530+0000] GC(627) Concurrent Preclean
[2025-08-01T03:48:54.530+0000] GC(627) Concurrent Preclean 0.045ms
[2025-08-01T03:48:54.531+0000] GC(627) Pause Remark
[2025-08-01T03:48:54.534+0000] GC(627) Pause Remark 3371M->1379M(4096M) 3.388ms
[2025-08-01T03:48:54.534+0000] GC(627) User=0.00s Sys=0.01s Real=0.01s
[2025-08-01T03:48:54.534+0000] GC(627) Concurrent Mark 173.400ms
[2025-08-01T03:48:54.534+0000] GC(627) Concurrent Rebuild Remembered Sets and Scrub Regions
[2025-08-01T03:48:54.551+0000] GC(629) Pause Young (Normal) (G1 Evacuation Pause)
[2025-08-01T03:48:54.551+0000] GC(629) Using 8 workers of 8 for evacuation
[2025-08-01T03:48:54.584+0000] GC(629)   Pre Evacuate Collection Set: 1.0ms
[2025-08-01T03:48:54.584+0000] GC(629)   Merge Heap Roots: 0.2ms
[2025-08-01T03:48:54.584+0000] GC(629)   Evacuate Collection Set: 30.0ms
[2025-08-01T03:48:54.584+0000] GC(629)   Post Evacuate Collection Set: 1.0ms
[2025-08-01T03:48:54.584+0000] GC(629)   Other: 0.1ms
[2025-08-01T03:48:54.584+0000] GC(629) Eden regions: 137->0(470)
[2025-08-01T03:48:54.584+0000] GC(629) Survivor regions: 32->22(22)
[2025-08-01T03:48:54.584+0000] GC(629) Old regions: 589->667
[2025-08-01T03:48:54.584+0000] GC(629) Humongous regions: 0->0
[2025-08-01T03:48:54.584+0000] GC(629) Metaspace: 10593K(10816K)->10593K(10816K) NonClass: 9335K(9472K)->9335K(9472K) Class: 1258K(1344K)->1258K(1344K)
[2025-08-01T03:48:54.584+0000] GC(629) Pause Young (Normal) (G1 Evacuation Pause) 1515M->1376M(4096M) 32.667ms
[2025-08-01T03:48:54.584+0000] GC(629) User=0.23s Sys=0.01s Real=0.04s
[2025-08-01T03:48:54.684+0000] GC(627) Concurrent Rebuild Remembered Sets and Scrub Regions 149.780ms
[2025-08-01T03:48:54.684+0000] GC(627) Pause Cleanup
[2025-08-01T03:48:54.685+0000] GC(627) Pause Cleanup 1874M->1874M(4096M) 0.949ms
[2025-08-01T03:48:54.685+0000] GC(627) User=0.00s Sys=0.00s Real=0.00s
[2025-08-01T03:48:54.686+0000] GC(627) Concurrent Clear Claimed Marks
[2025-08-01T03:48:54.686+0000] GC(627) Concurrent Clear Claimed Marks 0.059ms
[2025-08-01T03:48:54.686+0000] GC(627) Concurrent Cleanup for Next Mark
[2025-08-01T03:48:54.698+0000] GC(627) Concurrent Cleanup for Next Mark 12.555ms
[2025-08-01T03:48:54.698+0000] GC(627) Concurrent Mark Cycle 375.963ms
[2025-08-01T03:48:54.774+0000] GC(630) Pause Young (Prepare Mixed) (G1 Evacuation Pause)
[2025-08-01T03:48:54.774+0000] GC(630) Using 8 workers of 8 for evacuation
[2025-08-01T03:48:54.934+0000] GC(630)   Pre Evacuate Collection Set: 0.8ms
[2025-08-01T03:48:54.934+0000] GC(630)   Merge Heap Roots: 0.2ms
[2025-08-01T03:48:54.934+0000] GC(630)   Evacuate Collection Set: 158.2ms
[2025-08-01T03:48:54.934+0000] GC(630)   Post Evacuate Collection Set: 1.4ms
[2025-08-01T03:48:54.935+0000] GC(630)   Other: 0.1ms
[2025-08-01T03:48:54.935+0000] GC(630) Eden regions: 470->0(285)
[2025-08-01T03:48:54.935+0000] GC(630) Survivor regions: 22->62(62)
[2025-08-01T03:48:54.935+0000] GC(630) Old regions: 667->1098
[2025-08-01T03:48:54.935+0000] GC(630) Humongous regions: 0->0
[2025-08-01T03:48:54.935+0000] GC(630) Metaspace: 10593K(10816K)->10593K(10816K) NonClass: 9335K(9472K)->9335K(9472K) Class: 1258K(1344K)->1258K(1344K)
[2025-08-01T03:48:54.935+0000] GC(630) Pause Young (Prepare Mixed) (G1 Evacuation Pause) 2316M->2319M(4096M) 161.066ms
[2025-08-01T03:48:54.935+0000] GC(630) User=1.24s Sys=0.02s Real=0.16s
[2025-08-01T03:48:55.073+0000] GC(631) Pause Young (Mixed) (G1 Evacuation Pause)
[2025-08-01T03:48:55.073+0000] GC(631) Using 8 workers of 8 for evacuation
[2025-08-01T03:48:55.198+0000] GC(631)   Pre Evacuate Collection Set: 0.8ms
[2025-08-01T03:48:55.198+0000] GC(631)   Merge Heap Roots: 0.3ms
[2025-08-01T03:48:55.198+0000] GC(631)   Evacuate Collection Set: 122.4ms
[2025-08-01T03:48:55.198+0000] GC(631)   Post Evacuate Collection Set: 1.4ms
[2025-08-01T03:48:55.198+0000] GC(631)   Other: 0.2ms
[2025-08-01T03:48:55.198+0000] GC(631) Eden regions: 285->0(223)
[2025-08-01T03:48:55.198+0000] GC(631) Survivor regions: 62->44(44)
[2025-08-01T03:48:55.198+0000] GC(631) Old regions: 1098->1296
[2025-08-01T03:48:55.198+0000] GC(631) Humongous regions: 0->0
[2025-08-01T03:48:55.198+0000] GC(631) Metaspace: 10593K(10816K)->10593K(10816K) NonClass: 9335K(9472K)->9335K(9472K) Class: 1258K(1344K)->1258K(1344K)
[2025-08-01T03:48:55.198+0000] GC(631) Pause Young (Mixed) (G1 Evacuation Pause) 2889M->2678M(4096M) 125.353ms
[2025-08-01T03:48:55.199+0000] GC(631) User=0.96s Sys=0.01s Real=0.12s
[2025-08-01T03:48:55.285+0000] GC(632) Pause Young (Concurrent Start) (G1 Evacuation Pause)
[2025-08-01T03:48:55.285+0000] GC(632) Using 8 workers of 8 for evacuation
[2025-08-01T03:48:55.354+0000] GC(632)   Pre Evacuate Collection Set: 1.5ms
[2025-08-01T03:48:55.354+0000] GC(632)   Merge Heap Roots: 0.3ms
[2025-08-01T03:48:55.354+0000] GC(632)   Evacuate Collection Set: 66.1ms
[2025-08-01T03:48:55.354+0000] GC(632)   Post Evacuate Collection Set: 1.1ms
[2025-08-01T03:48:55.354+0000] GC(632)   Other: 0.4ms
[2025-08-01T03:48:55.354+0000] GC(632) Eden regions: 223->0(191)
[2025-08-01T03:48:55.354+0000] GC(632) Survivor regions: 44->34(34)
[2025-08-01T03:48:55.354+0000] GC(632) Old regions: 1296->1426
[2025-08-01T03:48:55.354+0000] GC(632) Humongous regions: 0->0
[2025-08-01T03:48:55.354+0000] GC(632) Metaspace: 10593K(10816K)->10593K(10816K) NonClass: 9335K(9472K)->9335K(9472K) Class: 1258K(1344K)->1258K(1344K)
[2025-08-01T03:48:55.355+0000] GC(632) Pause Young (Concurrent Start) (G1 Evacuation Pause) 3124M->2918M(4096M) 69.677ms
[2025-08-01T03:48:55.355+0000] GC(632) User=0.52s Sys=0.02s Real=0.07s
[2025-08-01T03:48:55.355+0000] GC(633) Concurrent Mark Cycle
[2025-08-01T03:48:55.355+0000] GC(633) Concurrent Scan Root Regions
[2025-08-01T03:48:55.389+0000] GC(633) Concurrent Scan Root Regions 34.820ms
[2025-08-01T03:48:55.390+0000] GC(633) Concurrent Mark
[2025-08-01T03:48:55.390+0000] GC(633) Concurrent Mark From Roots
[2025-08-01T03:48:55.390+0000] GC(633) Using 2 workers of 2 for marking
[2025-08-01T03:48:55.437+0000] GC(634) Pause Young (Normal) (G1 Evacuation Pause)
[2025-08-01T03:48:55.437+0000] GC(634) Using 8 workers of 8 for evacuation
[2025-08-01T03:48:55.513+0000] GC(634)   Pre Evacuate Collection Set: 1.0ms
[2025-08-01T03:48:55.513+0000] GC(634)   Merge Heap Roots: 0.3ms
[2025-08-01T03:48:55.513+0000] GC(634)   Evacuate Collection Set: 74.1ms
[2025-08-01T03:48:55.513+0000] GC(634)   Post Evacuate Collection Set: 1.0ms
[2025-08-01T03:48:55.513+0000] GC(634)   Other: 0.2ms
[2025-08-01T03:48:55.513+0000] GC(634) Eden regions: 191->0(124)
[2025-08-01T03:48:55.513+0000] GC(634) Survivor regions: 34->29(29)
[2025-08-01T03:48:55.513+0000] GC(634) Old regions: 1426->1624
[2025-08-01T03:48:55.513+0000] GC(634) Humongous regions: 0->0
[2025-08-01T03:48:55.514+0000] GC(634) Metaspace: 10593K(10816K)->10593K(10816K) NonClass: 9335K(9472K)->9335K(9472K) Class: 1258K(1344K)->1258K(1344K)
[2025-08-01T03:48:55.514+0000] GC(634) Pause Young (Normal) (G1 Evacuation Pause) 3300M->3305M(4096M) 76.888ms
[2025-08-01T03:48:55.514+0000] GC(634) User=0.58s Sys=0.01s Real=0.08s
[2025-08-01T03:48:55.520+0000] GC(633) Concurrent Mark From Roots 130.446ms
[2025-08-01T03:48:55.520+0000] GC(633) Concurrent Preclean
[2025-08-01T03:48:55.520+0000] GC(633) Concurrent Preclean 0.028ms
[2025-08-01T03:48:55.520+0000] GC(633) Pause Remark
[2025-08-01T03:48:55.523+0000] GC(633) Pause Remark 3367M->1125M(4096M) 3.090ms
[2025-08-01T03:48:55.523+0000] GC(633) User=0.01s Sys=0.00s Real=0.01s
[2025-08-01T03:48:55.524+0000] GC(633) Concurrent Mark 134.034ms
[2025-08-01T03:48:55.524+0000] GC(633) Concurrent Rebuild Remembered Sets and Scrub Regions
[2025-08-01T03:48:55.577+0000] GC(635) Pause Young (Normal) (G1 Evacuation Pause)
[2025-08-01T03:48:55.577+0000] GC(635) Using 8 workers of 8 for evacuation
[2025-08-01T03:48:55.628+0000] GC(635)   Pre Evacuate Collection Set: 1.3ms
[2025-08-01T03:48:55.628+0000] GC(635)   Merge Heap Roots: 0.2ms
[2025-08-01T03:48:55.628+0000] GC(635)   Evacuate Collection Set: 47.2ms
[2025-08-01T03:48:55.628+0000] GC(635)   Post Evacuate Collection Set: 1.5ms
[2025-08-01T03:48:55.628+0000] GC(635)   Other: 0.2ms
[2025-08-01T03:48:55.628+0000] GC(635) Eden regions: 124->0(472)
[2025-08-01T03:48:55.628+0000] GC(635) Survivor regions: 29->20(20)
[2025-08-01T03:48:55.628+0000] GC(635) Old regions: 503->638
[2025-08-01T03:48:55.628+0000] GC(635) Humongous regions: 0->0
[2025-08-01T03:48:55.628+0000] GC(635) Metaspace: 10593K(10816K)->10593K(10816K) NonClass: 9335K(9472K)->9335K(9472K) Class: 1258K(1344K)->1258K(1344K)
[2025-08-01T03:48:55.628+0000] GC(635) Pause Young (Normal) (G1 Evacuation Pause) 1311M->1315M(4096M) 50.741ms
[2025-08-01T03:48:55.628+0000] GC(635) User=0.37s Sys=0.00s Real=0.05s
[2025-08-01T03:48:55.676+0000] GC(633) Concurrent Rebuild Remembered Sets and Scrub Regions 152.775ms
[2025-08-01T03:48:55.677+0000] GC(633) Pause Cleanup
[2025-08-01T03:48:55.677+0000] GC(633) Pause Cleanup 1629M->1629M(4096M) 0.806ms
[2025-08-01T03:48:55.677+0000] GC(633) User=0.00s Sys=0.00s Real=0.00s
[2025-08-01T03:48:55.677+0000] GC(633) Concurrent Clear Claimed Marks
[2025-08-01T03:48:55.677+0000] GC(633) Concurrent Clear Claimed Marks 0.024ms
[2025-08-01T03:48:55.677+0000] GC(633) Concurrent Cleanup for Next Mark
[2025-08-01T03:48:55.685+0000] GC(633) Concurrent Cleanup for Next Mark 7.760ms
[2025-08-01T03:48:55.685+0000] GC(633) Concurrent Mark Cycle 330.693ms
[2025-08-01T03:48:55.818+0000] GC(636) Pause Young (Prepare Mixed) (G1 Evacuation Pause)
[2025-08-01T03:48:55.819+0000] GC(636) Using 8 workers of 8 for evacuation
[2025-08-01T03:48:56.006+0000] GC(636)   Pre Evacuate Collection Set: 1.4ms
[2025-08-01T03:48:56.006+0000] GC(636)   Merge Heap Roots: 0.3ms
[2025-08-01T03:48:56.006+0000] GC(636)   Evacuate Collection Set: 184.5ms
[2025-08-01T03:48:56.006+0000] GC(636)   Post Evacuate Collection Set: 0.9ms
[2025-08-01T03:48:56.006+0000] GC(636)   Other: 0.1ms
[2025-08-01T03:48:56.006+0000] GC(636) Eden regions: 472->0(316)
[2025-08-01T03:48:56.006+0000] GC(636) Survivor regions: 20->62(62)
[2025-08-01T03:48:56.006+0000] GC(636) Old regions: 638->999
[2025-08-01T03:48:56.006+0000] GC(636) Humongous regions: 0->0
[2025-08-01T03:48:56.006+0000] GC(636) Metaspace: 10593K(10816K)->10593K(10816K) NonClass: 9335K(9472K)->9335K(9472K) Class: 1258K(1344K)->1258K(1344K)
[2025-08-01T03:48:56.006+0000] GC(636) Pause Young (Prepare Mixed) (G1 Evacuation Pause) 2259M->2120M(4096M) 187.612ms
[2025-08-01T03:48:56.006+0000] GC(636) User=1.42s Sys=0.04s Real=0.19s
[2025-08-01T03:48:56.156+0000] GC(637) Pause Young (Mixed) (G1 Evacuation Pause)
[2025-08-01T03:48:56.156+0000] GC(637) Using 8 workers of 8 for evacuation
[2025-08-01T03:48:56.254+0000] GC(637)   Pre Evacuate Collection Set: 0.6ms
[2025-08-01T03:48:56.254+0000] GC(637)   Merge Heap Roots: 0.3ms
[2025-08-01T03:48:56.254+0000] GC(637)   Evacuate Collection Set: 95.1ms
[2025-08-01T03:48:56.254+0000] GC(637)   Post Evacuate Collection Set: 1.4ms
[2025-08-01T03:48:56.254+0000] GC(637)   Other: 0.3ms
[2025-08-01T03:48:56.254+0000] GC(637) Eden regions: 316->0(235)
[2025-08-01T03:48:56.254+0000] GC(637) Survivor regions: 62->48(48)
[2025-08-01T03:48:56.254+0000] GC(637) Old regions: 999->1246
[2025-08-01T03:48:56.254+0000] GC(637) Humongous regions: 0->0
[2025-08-01T03:48:56.254+0000] GC(637) Metaspace: 10593K(10816K)->10593K(10816K) NonClass: 9335K(9472K)->9335K(9472K) Class: 1258K(1344K)->1258K(1344K)
[2025-08-01T03:48:56.254+0000] GC(637) Pause Young (Mixed) (G1 Evacuation Pause) 2752M->2586M(4096M) 98.076ms
[2025-08-01T03:48:56.254+0000] GC(637) User=0.76s Sys=0.01s Real=0.10s
[2025-08-01T03:48:56.345+0000] GC(638) Pause Young (Concurrent Start) (G1 Evacuation Pause)
[2025-08-01T03:48:56.345+0000] GC(638) Using 8 workers of 8 for evacuation
[2025-08-01T03:48:56.473+0000] GC(638)   Pre Evacuate Collection Set: 1.3ms
[2025-08-01T03:48:56.473+0000] GC(638)   Merge Heap Roots: 0.3ms
[2025-08-01T03:48:56.473+0000] GC(638)   Evacuate Collection Set: 124.4ms
[2025-08-01T03:48:56.473+0000] GC(638)   Post Evacuate Collection Set: 1.5ms
[2025-08-01T03:48:56.473+0000] GC(638)   Other: 0.3ms
[2025-08-01T03:48:56.473+0000] GC(638) Eden regions: 235->0(181)
[2025-08-01T03:48:56.473+0000] GC(638) Survivor regions: 48->36(36)
[2025-08-01T03:48:56.473+0000] GC(638) Old regions: 1246->1437
[2025-08-01T03:48:56.473+0000] GC(638) Humongous regions: 0->0
[2025-08-01T03:48:56.473+0000] GC(638) Metaspace: 10593K(10816K)->10593K(10816K) NonClass: 9335K(9472K)->9335K(9472K) Class: 1258K(1344K)->1258K(1344K)
[2025-08-01T03:48:56.473+0000] GC(638) Pause Young (Concurrent Start) (G1 Evacuation Pause) 3056M->2945M(4096M) 127.976ms
[2025-08-01T03:48:56.473+0000] GC(638) User=0.89s Sys=0.03s Real=0.12s
[2025-08-01T03:48:56.473+0000] GC(639) Concurrent Mark Cycle
[2025-08-01T03:48:56.473+0000] GC(639) Concurrent Scan Root Regions
[2025-08-01T03:48:56.520+0000] GC(639) Concurrent Scan Root Regions 47.750ms
[2025-08-01T03:48:56.521+0000] GC(639) Concurrent Mark
[2025-08-01T03:48:56.521+0000] GC(639) Concurrent Mark From Roots
[2025-08-01T03:48:56.521+0000] GC(639) Using 2 workers of 2 for marking
[2025-08-01T03:48:56.558+0000] GC(640) Pause Young (Normal) (G1 Evacuation Pause)
[2025-08-01T03:48:56.558+0000] GC(640) Using 8 workers of 8 for evacuation
[2025-08-01T03:48:56.632+0000] GC(640)   Pre Evacuate Collection Set: 0.7ms
[2025-08-01T03:48:56.632+0000] GC(640)   Merge Heap Roots: 0.2ms
[2025-08-01T03:48:56.632+0000] GC(640)   Evacuate Collection Set: 71.5ms
[2025-08-01T03:48:56.632+0000] GC(640)   Post Evacuate Collection Set: 1.5ms
[2025-08-01T03:48:56.632+0000] GC(640)   Other: 0.1ms
[2025-08-01T03:48:56.632+0000] GC(640) Eden regions: 181->0(131)
[2025-08-01T03:48:56.632+0000] GC(640) Survivor regions: 36->28(28)
[2025-08-01T03:48:56.632+0000] GC(640) Old regions: 1437->1605
[2025-08-01T03:48:56.632+0000] GC(640) Humongous regions: 0->0
[2025-08-01T03:48:56.632+0000] GC(640) Metaspace: 10593K(10816K)->10593K(10816K) NonClass: 9335K(9472K)->9335K(9472K) Class: 1258K(1344K)->1258K(1344K)
[2025-08-01T03:48:56.632+0000] GC(640) Pause Young (Normal) (G1 Evacuation Pause) 3307M->3264M(4096M) 74.340ms
[2025-08-01T03:48:56.632+0000] GC(640) User=0.55s Sys=0.02s Real=0.07s
[2025-08-01T03:48:56.701+0000] GC(639) Concurrent Mark From Roots 180.552ms
[2025-08-01T03:48:56.701+0000] GC(639) Concurrent Preclean
[2025-08-01T03:48:56.701+0000] GC(639) Concurrent Preclean 0.028ms
[2025-08-01T03:48:56.702+0000] GC(641) Pause Young (Normal) (G1 Evacuation Pause)
[2025-08-01T03:48:56.702+0000] GC(641) Using 8 workers of 8 for evacuation
[2025-08-01T03:48:56.752+0000] GC(641)   Pre Evacuate Collection Set: 0.6ms
[2025-08-01T03:48:56.752+0000] GC(641)   Merge Heap Roots: 0.2ms
[2025-08-01T03:48:56.752+0000] GC(641)   Evacuate Collection Set: 48.5ms
[2025-08-01T03:48:56.752+0000] GC(641)   Post Evacuate Collection Set: 1.2ms
[2025-08-01T03:48:56.752+0000] GC(641)   Other: 0.1ms
[2025-08-01T03:48:56.752+0000] GC(641) Eden regions: 131->0(87)
[2025-08-01T03:48:56.752+0000] GC(641) Survivor regions: 28->20(20)
[2025-08-01T03:48:56.752+0000] GC(641) Old regions: 1605->1746
[2025-08-01T03:48:56.752+0000] GC(641) Humongous regions: 0->0
[2025-08-01T03:48:56.752+0000] GC(641) Metaspace: 10593K(10816K)->10593K(10816K) NonClass: 9335K(9472K)->9335K(9472K) Class: 1258K(1344K)->1258K(1344K)
[2025-08-01T03:48:56.752+0000] GC(641) Pause Young (Normal) (G1 Evacuation Pause) 3526M->3530M(4096M) 50.893ms
[2025-08-01T03:48:56.752+0000] GC(641) User=0.38s Sys=0.00s Real=0.05s
[2025-08-01T03:48:56.753+0000] GC(639) Pause Remark
[2025-08-01T03:48:56.757+0000] GC(639) Pause Remark 3534M->1830M(4096M) 3.444ms
[2025-08-01T03:48:56.757+0000] GC(639) User=0.01s Sys=0.00s Real=0.00s
[2025-08-01T03:48:56.757+0000] GC(639) Concurrent Mark 236.545ms
[2025-08-01T03:48:56.757+0000] GC(639) Concurrent Rebuild Remembered Sets and Scrub Regions
[2025-08-01T03:48:56.774+0000] GC(642) Pause Young (Normal) (G1 Evacuation Pause)
[2025-08-01T03:48:56.774+0000] GC(642) Using 8 workers of 8 for evacuation
[2025-08-01T03:48:56.807+0000] GC(642)   Pre Evacuate Collection Set: 0.6ms
[2025-08-01T03:48:56.807+0000] GC(642)   Merge Heap Roots: 0.2ms
[2025-08-01T03:48:56.807+0000] GC(642)   Evacuate Collection Set: 31.0ms
[2025-08-01T03:48:56.807+0000] GC(642)   Post Evacuate Collection Set: 0.8ms
[2025-08-01T03:48:56.807+0000] GC(642)   Other: 0.2ms
[2025-08-01T03:48:56.807+0000] GC(642) Eden regions: 87->0(341)
[2025-08-01T03:48:56.807+0000] GC(642) Survivor regions: 20->14(14)
[2025-08-01T03:48:56.807+0000] GC(642) Old regions: 894->975
[2025-08-01T03:48:56.807+0000] GC(642) Humongous regions: 0->0
[2025-08-01T03:48:56.807+0000] GC(642) Metaspace: 10593K(10816K)->10593K(10816K) NonClass: 9335K(9472K)->9335K(9472K) Class: 1258K(1344K)->1258K(1344K)
[2025-08-01T03:48:56.807+0000] GC(642) Pause Young (Normal) (G1 Evacuation Pause) 2000M->1976M(4096M) 33.080ms
[2025-08-01T03:48:56.807+0000] GC(642) User=0.24s Sys=0.00s Real=0.03s
[2025-08-01T03:48:56.969+0000] GC(643) Pause Young (Normal) (G1 Evacuation Pause)
[2025-08-01T03:48:56.969+0000] GC(643) Using 8 workers of 8 for evacuation
[2025-08-01T03:48:57.091+0000] GC(643)   Pre Evacuate Collection Set: 0.9ms
[2025-08-01T03:48:57.091+0000] GC(643)   Merge Heap Roots: 0.2ms
[2025-08-01T03:48:57.091+0000] GC(643)   Evacuate Collection Set: 119.3ms
[2025-08-01T03:48:57.091+0000] GC(643)   Post Evacuate Collection Set: 1.3ms
[2025-08-01T03:48:57.091+0000] GC(643)   Other: 0.1ms
[2025-08-01T03:48:57.091+0000] GC(643) Eden regions: 341->0(231)
[2025-08-01T03:48:57.091+0000] GC(643) Survivor regions: 14->45(45)
[2025-08-01T03:48:57.091+0000] GC(643) Old regions: 975->1268
[2025-08-01T03:48:57.091+0000] GC(643) Humongous regions: 0->0
[2025-08-01T03:48:57.091+0000] GC(643) Metaspace: 10593K(10816K)->10593K(10816K) NonClass: 9335K(9472K)->9335K(9472K) Class: 1258K(1344K)->1258K(1344K)
[2025-08-01T03:48:57.091+0000] GC(643) Pause Young (Normal) (G1 Evacuation Pause) 2658M->2625M(4096M) 122.123ms
[2025-08-01T03:48:57.091+0000] GC(643) User=0.92s Sys=0.02s Real=0.12s
[2025-08-01T03:48:57.113+0000] GC(639) Concurrent Rebuild Remembered Sets and Scrub Regions 355.422ms
[2025-08-01T03:48:57.113+0000] GC(639) Pause Cleanup
[2025-08-01T03:48:57.114+0000] GC(639) Pause Cleanup 2823M->2823M(4096M) 1.187ms
[2025-08-01T03:48:57.114+0000] GC(639) User=0.01s Sys=0.00s Real=0.00s
[2025-08-01T03:48:57.114+0000] GC(639) Concurrent Clear Claimed Marks
[2025-08-01T03:48:57.114+0000] GC(639) Concurrent Clear Claimed Marks 0.055ms
[2025-08-01T03:48:57.114+0000] GC(639) Concurrent Cleanup for Next Mark
[2025-08-01T03:48:57.124+0000] GC(639) Concurrent Cleanup for Next Mark 9.372ms
[2025-08-01T03:48:57.124+0000] GC(639) Concurrent Mark Cycle 651.222ms
[2025-08-01T03:48:57.181+0000] GC(644) Pause Young (Prepare Mixed) (G1 Evacuation Pause)
[2025-08-01T03:48:57.181+0000] GC(644) Using 8 workers of 8 for evacuation
[2025-08-01T03:48:57.259+0000] GC(644)   Pre Evacuate Collection Set: 0.7ms
[2025-08-01T03:48:57.259+0000] GC(644)   Merge Heap Roots: 0.2ms
[2025-08-01T03:48:57.259+0000] GC(644)   Evacuate Collection Set: 75.5ms
[2025-08-01T03:48:57.259+0000] GC(644)   Post Evacuate Collection Set: 0.8ms
[2025-08-01T03:48:57.259+0000] GC(644)   Other: 0.1ms
[2025-08-01T03:48:57.259+0000] GC(644) Eden regions: 231->0(163)
[2025-08-01T03:48:57.259+0000] GC(644) Survivor regions: 45->35(35)
[2025-08-01T03:48:57.259+0000] GC(644) Old regions: 1268->1487
[2025-08-01T03:48:57.259+0000] GC(644) Humongous regions: 0->0
[2025-08-01T03:48:57.259+0000] GC(644) Metaspace: 10593K(10816K)->10593K(10816K) NonClass: 9335K(9472K)->9335K(9472K) Class: 1258K(1344K)->1258K(1344K)
[2025-08-01T03:48:57.259+0000] GC(644) Pause Young (Prepare Mixed) (G1 Evacuation Pause) 3087M->3043M(4096M) 77.380ms
[2025-08-01T03:48:57.259+0000] GC(644) User=0.58s Sys=0.00s Real=0.08s
[2025-08-01T03:48:57.336+0000] GC(645) Pause Young (Mixed) (G1 Evacuation Pause)
[2025-08-01T03:48:57.336+0000] GC(645) Using 8 workers of 8 for evacuation
[2025-08-01T03:48:57.444+0000] GC(645)   Pre Evacuate Collection Set: 1.0ms
[2025-08-01T03:48:57.444+0000] GC(645)   Merge Heap Roots: 0.3ms
[2025-08-01T03:48:57.444+0000] GC(645)   Evacuate Collection Set: 103.7ms
[2025-08-01T03:48:57.444+0000] GC(645)   Post Evacuate Collection Set: 2.0ms
[2025-08-01T03:48:57.444+0000] GC(645)   Other: 0.1ms
[2025-08-01T03:48:57.444+0000] GC(645) Eden regions: 163->0(138)
[2025-08-01T03:48:57.444+0000] GC(645) Survivor regions: 35->25(25)
[2025-08-01T03:48:57.444+0000] GC(645) Old regions: 1487->1579
[2025-08-01T03:48:57.444+0000] GC(645) Humongous regions: 0->0
[2025-08-01T03:48:57.444+0000] GC(645) Metaspace: 10593K(10816K)->10593K(10816K) NonClass: 9335K(9472K)->9335K(9472K) Class: 1258K(1344K)->1258K(1344K)
[2025-08-01T03:48:57.444+0000] GC(645) Pause Young (Mixed) (G1 Evacuation Pause) 3369M->3206M(4096M) 107.695ms
[2025-08-01T03:48:57.444+0000] GC(645) User=0.77s Sys=0.03s Real=0.11s
[2025-08-01T03:48:57.516+0000] GC(646) Pause Young (Concurrent Start) (G1 Evacuation Pause)
[2025-08-01T03:48:57.516+0000] GC(646) Using 8 workers of 8 for evacuation
[2025-08-01T03:48:57.573+0000] GC(646)   Pre Evacuate Collection Set: 1.1ms
[2025-08-01T03:48:57.573+0000] GC(646)   Merge Heap Roots: 0.5ms
[2025-08-01T03:48:57.573+0000] GC(646)   Evacuate Collection Set: 53.7ms
[2025-08-01T03:48:57.573+0000] GC(646)   Post Evacuate Collection Set: 0.7ms
[2025-08-01T03:48:57.573+0000] GC(646)   Other: 0.2ms
[2025-08-01T03:48:57.573+0000] GC(646) Eden regions: 138->0(113)
[2025-08-01T03:48:57.573+0000] GC(646) Survivor regions: 25->21(21)
[2025-08-01T03:48:57.573+0000] GC(646) Old regions: 1579->1669
[2025-08-01T03:48:57.573+0000] GC(646) Humongous regions: 0->0
[2025-08-01T03:48:57.573+0000] GC(646) Metaspace: 10593K(10816K)->10593K(10816K) NonClass: 9335K(9472K)->9335K(9472K) Class: 1258K(1344K)->1258K(1344K)
[2025-08-01T03:48:57.573+0000] GC(646) Pause Young (Concurrent Start) (G1 Evacuation Pause) 3482M->3379M(4096M) 56.499ms
[2025-08-01T03:48:57.573+0000] GC(646) User=0.40s Sys=0.02s Real=0.05s
[2025-08-01T03:48:57.573+0000] GC(647) Concurrent Mark Cycle
[2025-08-01T03:48:57.573+0000] GC(647) Concurrent Scan Root Regions
[2025-08-01T03:48:57.599+0000] GC(648) Pause Young (Normal) (G1 Evacuation Pause)
[2025-08-01T03:48:57.599+0000] GC(648) Using 8 workers of 8 for evacuation
[2025-08-01T03:48:57.603+0000] GC(647) Concurrent Scan Root Regions 29.733ms
[2025-08-01T03:48:57.603+0000] GC(647) Concurrent Mark
[2025-08-01T03:48:57.603+0000] GC(647) Concurrent Mark From Roots
[2025-08-01T03:48:57.603+0000] GC(647) Using 2 workers of 2 for marking
[2025-08-01T03:48:57.657+0000] GC(648)   Pre Evacuate Collection Set: 0.8ms
[2025-08-01T03:48:57.657+0000] GC(648)   Merge Heap Roots: 0.1ms
[2025-08-01T03:48:57.657+0000] GC(648)   Evacuate Collection Set: 52.2ms
[2025-08-01T03:48:57.657+0000] GC(648)   Post Evacuate Collection Set: 1.0ms
[2025-08-01T03:48:57.657+0000] GC(648)   Other: 0.1ms
[2025-08-01T03:48:57.657+0000] GC(648) Eden regions: 113->0(85)
[2025-08-01T03:48:57.657+0000] GC(648) Survivor regions: 21->17(17)
[2025-08-01T03:48:57.657+0000] GC(648) Old regions: 1669->1788
[2025-08-01T03:48:57.657+0000] GC(648) Humongous regions: 0->0
[2025-08-01T03:48:57.657+0000] GC(648) Metaspace: 10593K(10816K)->10593K(10816K) NonClass: 9335K(9472K)->9335K(9472K) Class: 1258K(1344K)->1258K(1344K)
[2025-08-01T03:48:57.657+0000] GC(648) Pause Young (Normal) (G1 Evacuation Pause) 3605M->3609M(4096M) 58.110ms
[2025-08-01T03:48:57.657+0000] GC(648) User=0.39s Sys=0.01s Real=0.06s
[2025-08-01T03:48:57.724+0000] GC(649) Pause Young (Normal) (G1 Evacuation Pause)
[2025-08-01T03:48:57.724+0000] GC(649) Using 8 workers of 8 for evacuation
[2025-08-01T03:48:57.756+0000] GC(649)   Pre Evacuate Collection Set: 0.7ms
[2025-08-01T03:48:57.756+0000] GC(649)   Merge Heap Roots: 0.3ms
[2025-08-01T03:48:57.756+0000] GC(649)   Evacuate Collection Set: 30.2ms
[2025-08-01T03:48:57.756+0000] GC(649)   Post Evacuate Collection Set: 0.7ms
[2025-08-01T03:48:57.756+0000] GC(649)   Other: 0.1ms
[2025-08-01T03:48:57.756+0000] GC(649) Eden regions: 85->0(89)
[2025-08-01T03:48:57.756+0000] GC(649) Survivor regions: 17->13(13)
[2025-08-01T03:48:57.757+0000] GC(649) Old regions: 1788->1861
[2025-08-01T03:48:57.757+0000] GC(649) Humongous regions: 0->0
[2025-08-01T03:48:57.757+0000] GC(649) Metaspace: 10593K(10816K)->10593K(10816K) NonClass: 9335K(9472K)->9335K(9472K) Class: 1258K(1344K)->1258K(1344K)
[2025-08-01T03:48:57.757+0000] GC(649) Pause Young (Normal) (G1 Evacuation Pause) 3779M->3746M(4096M) 32.311ms
[2025-08-01T03:48:57.757+0000] GC(649) User=0.23s Sys=0.01s Real=0.03s
[2025-08-01T03:48:57.776+0000] GC(650) Pause Young (Normal) (G1 Evacuation Pause)
[2025-08-01T03:48:57.776+0000] GC(650) Using 8 workers of 8 for evacuation
[2025-08-01T03:48:57.809+0000] GC(650)   Pre Evacuate Collection Set: 0.6ms
[2025-08-01T03:48:57.809+0000] GC(650)   Merge Heap Roots: 0.2ms
[2025-08-01T03:48:57.809+0000] GC(650)   Evacuate Collection Set: 29.7ms
[2025-08-01T03:48:57.809+0000] GC(650)   Post Evacuate Collection Set: 2.6ms
[2025-08-01T03:48:57.809+0000] GC(650)   Other: 0.1ms
[2025-08-01T03:48:57.809+0000] GC(650) Eden regions: 89->0(44)
[2025-08-01T03:48:57.809+0000] GC(650) Survivor regions: 13->13(13)
[2025-08-01T03:48:57.809+0000] GC(650) Old regions: 1861->1978
[2025-08-01T03:48:57.809+0000] GC(650) Humongous regions: 0->0
[2025-08-01T03:48:57.809+0000] GC(650) Metaspace: 10593K(10816K)->10593K(10816K) NonClass: 9335K(9472K)->9335K(9472K) Class: 1258K(1344K)->1258K(1344K)
[2025-08-01T03:48:57.809+0000] GC(650) Pause Young (Normal) (G1 Evacuation Pause) (Evacuation Failure) 3924M->3981M(4096M) 33.479ms
[2025-08-01T03:48:57.809+0000] GC(650) User=0.24s Sys=0.01s Real=0.03s
[2025-08-01T03:48:57.820+0000] GC(651) Pause Young (Normal) (G1 Evacuation Pause)
[2025-08-01T03:48:57.820+0000] GC(651) Using 8 workers of 8 for evacuation
[2025-08-01T03:48:57.837+0000] GC(651)   Pre Evacuate Collection Set: 0.8ms
[2025-08-01T03:48:57.837+0000] GC(651)   Merge Heap Roots: 0.1ms
[2025-08-01T03:48:57.838+0000] GC(651)   Evacuate Collection Set: 12.3ms
[2025-08-01T03:48:57.838+0000] GC(651)   Post Evacuate Collection Set: 3.7ms
[2025-08-01T03:48:57.838+0000] GC(651)   Other: 0.1ms
[2025-08-01T03:48:57.838+0000] GC(651) Eden regions: 44->0(0)
[2025-08-01T03:48:57.838+0000] GC(651) Survivor regions: 13->6(8)
[2025-08-01T03:48:57.838+0000] GC(651) Old regions: 1978->2040
[2025-08-01T03:48:57.838+0000] GC(651) Humongous regions: 0->0
[2025-08-01T03:48:57.838+0000] GC(651) Metaspace: 10593K(10816K)->10593K(10816K) NonClass: 9335K(9472K)->9335K(9472K) Class: 1258K(1344K)->1258K(1344K)
[2025-08-01T03:48:57.838+0000] GC(651) Pause Young (Normal) (G1 Evacuation Pause) (Evacuation Failure) 4069M->4091M(4096M) 17.471ms
[2025-08-01T03:48:57.838+0000] GC(651) User=0.12s Sys=0.00s Real=0.02s
[2025-08-01T03:48:57.838+0000] Attempting full compaction
[2025-08-01T03:48:57.838+0000] GC(652) Pause Full (G1 Compaction Pause)
[2025-08-01T03:48:57.838+0000] GC(652) Using 8 workers of 8 for full compaction
[2025-08-01T03:48:57.843+0000] GC(652) Phase 1: Mark live objects
[2025-08-01T03:48:57.892+0000] GC(652) Phase 1: Mark live objects 48.759ms
[2025-08-01T03:48:57.892+0000] GC(652) Phase 2: Prepare compaction
[2025-08-01T03:48:57.910+0000] GC(652) Phase 2: Prepare compaction 17.859ms
[2025-08-01T03:48:57.910+0000] GC(652) Phase 3: Adjust pointers
[2025-08-01T03:48:57.956+0000] GC(652) Phase 3: Adjust pointers 46.472ms
[2025-08-01T03:48:57.956+0000] GC(652) Phase 4: Compact heap
[2025-08-01T03:48:58.010+0000] GC(652) Phase 4: Compact heap 53.329ms
[2025-08-01T03:48:58.010+0000] GC(652) Phase 5: Reset Metadata
[2025-08-01T03:48:58.039+0000] GC(652) Phase 5: Reset Metadata 29.420ms
[2025-08-01T03:48:58.047+0000] GC(652) Eden regions: 0->0(554)
[2025-08-01T03:48:58.047+0000] GC(652) Survivor regions: 6->0(8)
[2025-08-01T03:48:58.047+0000] GC(652) Old regions: 2040->496
[2025-08-01T03:48:58.047+0000] GC(652) Humongous regions: 0->0
[2025-08-01T03:48:58.047+0000] GC(652) Metaspace: 10593K(10816K)->10593K(10816K) NonClass: 9335K(9472K)->9335K(9472K) Class: 1258K(1344K)->1258K(1344K)
[2025-08-01T03:48:58.047+0000] GC(652) Pause Full (G1 Compaction Pause) 4091M->984M(4096M) 209.420ms
[2025-08-01T03:48:58.047+0000] GC(652) User=1.52s Sys=0.03s Real=0.21s
[2025-08-01T03:48:58.048+0000] GC(647) Concurrent Mark From Roots 444.972ms
[2025-08-01T03:48:58.048+0000] GC(647) Concurrent Mark Abort
[2025-08-01T03:48:58.048+0000] GC(647) Concurrent Mark Cycle 474.854ms
[2025-08-01T03:48:58.305+0000] GC(653) Pause Young (Normal) (G1 Evacuation Pause)
[2025-08-01T03:48:58.305+0000] GC(653) Using 8 workers of 8 for evacuation
[2025-08-01T03:48:58.582+0000] GC(653) MMU target violated: 201.0ms (200.0ms/201.0ms)
[2025-08-01T03:48:58.582+0000] GC(653)   Pre Evacuate Collection Set: 4.4ms
[2025-08-01T03:48:58.582+0000] GC(653)   Merge Heap Roots: 1.2ms
[2025-08-01T03:48:58.582+0000] GC(653)   Evacuate Collection Set: 269.0ms
[2025-08-01T03:48:58.582+0000] GC(653)   Post Evacuate Collection Set: 2.7ms
[2025-08-01T03:48:58.582+0000] GC(653)   Other: 0.2ms
[2025-08-01T03:48:58.582+0000] GC(653) Eden regions: 554->0(367)
[2025-08-01T03:48:58.582+0000] GC(653) Survivor regions: 0->70(70)
[2025-08-01T03:48:58.582+0000] GC(653) Old regions: 496->879
[2025-08-01T03:48:58.582+0000] GC(653) Humongous regions: 0->0
[2025-08-01T03:48:58.582+0000] GC(653) Metaspace: 10593K(10816K)->10593K(10816K) NonClass: 9335K(9472K)->9335K(9472K) Class: 1258K(1344K)->1258K(1344K)
[2025-08-01T03:48:58.582+0000] GC(653) Pause Young (Normal) (G1 Evacuation Pause) 2092M->1889M(4096M) 277.623ms
[2025-08-01T03:48:58.582+0000] GC(653) User=1.94s Sys=0.09s Real=0.27s
[2025-08-01T03:48:58.747+0000] GC(654) Pause Young (Concurrent Start) (G1 Evacuation Pause)
[2025-08-01T03:48:58.747+0000] GC(654) Using 8 workers of 8 for evacuation
[2025-08-01T03:48:58.903+0000] GC(654)   Pre Evacuate Collection Set: 1.6ms
[2025-08-01T03:48:58.904+0000] GC(654)   Merge Heap Roots: 0.3ms
[2025-08-01T03:48:58.904+0000] GC(654)   Evacuate Collection Set: 151.3ms
[2025-08-01T03:48:58.904+0000] GC(654)   Post Evacuate Collection Set: 2.6ms
[2025-08-01T03:48:58.904+0000] GC(654)   Other: 0.2ms
[2025-08-01T03:48:58.904+0000] GC(654) Eden regions: 367->0(264)
[2025-08-01T03:48:58.904+0000] GC(654) Survivor regions: 70->55(55)
[2025-08-01T03:48:58.904+0000] GC(654) Old regions: 879->1174
[2025-08-01T03:48:58.904+0000] GC(654) Humongous regions: 0->0
[2025-08-01T03:48:58.904+0000] GC(654) Metaspace: 10593K(10816K)->10593K(10816K) NonClass: 9335K(9472K)->9335K(9472K) Class: 1258K(1344K)->1258K(1344K)
[2025-08-01T03:48:58.904+0000] GC(654) Pause Young (Concurrent Start) (G1 Evacuation Pause) 2623M->2449M(4096M) 156.333ms
[2025-08-01T03:48:58.904+0000] GC(654) User=1.14s Sys=0.06s Real=0.16s
[2025-08-01T03:48:58.904+0000] GC(655) Concurrent Mark Cycle
[2025-08-01T03:48:58.904+0000] GC(655) Concurrent Scan Root Regions
[2025-08-01T03:48:58.965+0000] GC(655) Concurrent Scan Root Regions 61.272ms
[2025-08-01T03:48:58.965+0000] GC(655) Concurrent Mark
[2025-08-01T03:48:58.965+0000] GC(655) Concurrent Mark From Roots
[2025-08-01T03:48:58.965+0000] GC(655) Using 2 workers of 2 for marking
[2025-08-01T03:48:59.040+0000] GC(655) Concurrent Mark From Roots 75.203ms
[2025-08-01T03:48:59.040+0000] GC(655) Concurrent Preclean
[2025-08-01T03:48:59.041+0000] GC(655) Concurrent Preclean 0.024ms
[2025-08-01T03:48:59.041+0000] GC(655) Pause Remark
[2025-08-01T03:48:59.044+0000] GC(655) Pause Remark 2916M->1719M(4096M) 3.365ms
[2025-08-01T03:48:59.044+0000] GC(655) User=0.01s Sys=0.00s Real=0.01s
[2025-08-01T03:48:59.044+0000] GC(655) Concurrent Mark 79.066ms
[2025-08-01T03:48:59.044+0000] GC(655) Concurrent Rebuild Remembered Sets and Scrub Regions
[2025-08-01T03:48:59.058+0000] GC(656) Pause Young (Normal) (G1 Evacuation Pause)
[2025-08-01T03:48:59.058+0000] GC(656) Using 8 workers of 8 for evacuation
[2025-08-01T03:48:59.139+0000] GC(656)   Pre Evacuate Collection Set: 0.7ms
[2025-08-01T03:48:59.140+0000] GC(656)   Merge Heap Roots: 0.3ms
[2025-08-01T03:48:59.140+0000] GC(656)   Evacuate Collection Set: 79.3ms
[2025-08-01T03:48:59.140+0000] GC(656)   Post Evacuate Collection Set: 1.1ms
[2025-08-01T03:48:59.140+0000] GC(656)   Other: 0.1ms
[2025-08-01T03:48:59.140+0000] GC(656) Eden regions: 264->0(426)
[2025-08-01T03:48:59.140+0000] GC(656) Survivor regions: 55->40(40)
[2025-08-01T03:48:59.140+0000] GC(656) Old regions: 572->757
[2025-08-01T03:48:59.140+0000] GC(656) Humongous regions: 0->0
[2025-08-01T03:48:59.140+0000] GC(656) Metaspace: 10593K(10816K)->10593K(10816K) NonClass: 9335K(9472K)->9335K(9472K) Class: 1258K(1344K)->1258K(1344K)
[2025-08-01T03:48:59.140+0000] GC(656) Pause Young (Normal) (G1 Evacuation Pause) 1780M->1593M(4096M) 81.808ms
[2025-08-01T03:48:59.140+0000] GC(656) User=0.60s Sys=0.01s Real=0.08s
[2025-08-01T03:48:59.241+0000] GC(655) Concurrent Rebuild Remembered Sets and Scrub Regions 197.072ms
[2025-08-01T03:48:59.242+0000] GC(655) Pause Cleanup
[2025-08-01T03:48:59.243+0000] GC(655) Pause Cleanup 2121M->2121M(4096M) 1.168ms
[2025-08-01T03:48:59.243+0000] GC(655) User=0.00s Sys=0.00s Real=0.01s
[2025-08-01T03:48:59.243+0000] GC(655) Concurrent Clear Claimed Marks
[2025-08-01T03:48:59.243+0000] GC(655) Concurrent Clear Claimed Marks 0.052ms
[2025-08-01T03:48:59.243+0000] GC(655) Concurrent Cleanup for Next Mark
[2025-08-01T03:48:59.258+0000] GC(655) Concurrent Cleanup for Next Mark 14.498ms
[2025-08-01T03:48:59.258+0000] GC(655) Concurrent Mark Cycle 354.109ms
[2025-08-01T03:48:59.329+0000] GC(657) Pause Young (Prepare Mixed) (G1 Evacuation Pause)
[2025-08-01T03:48:59.329+0000] GC(657) Using 8 workers of 8 for evacuation
[2025-08-01T03:48:59.493+0000] GC(657)   Pre Evacuate Collection Set: 1.9ms
[2025-08-01T03:48:59.493+0000] GC(657)   Merge Heap Roots: 0.9ms
[2025-08-01T03:48:59.493+0000] GC(657)   Evacuate Collection Set: 159.1ms
[2025-08-01T03:48:59.493+0000] GC(657)   Post Evacuate Collection Set: 1.4ms
[2025-08-01T03:48:59.493+0000] GC(657)   Other: 0.1ms
[2025-08-01T03:48:59.493+0000] GC(657) Eden regions: 426->0(297)
[2025-08-01T03:48:59.493+0000] GC(657) Survivor regions: 40->59(59)
[2025-08-01T03:48:59.493+0000] GC(657) Old regions: 757->1089
[2025-08-01T03:48:59.493+0000] GC(657) Humongous regions: 0->0
[2025-08-01T03:48:59.493+0000] GC(657) Metaspace: 10593K(10816K)->10593K(10816K) NonClass: 9335K(9472K)->9335K(9472K) Class: 1258K(1344K)->1258K(1344K)
[2025-08-01T03:48:59.493+0000] GC(657) Pause Young (Prepare Mixed) (G1 Evacuation Pause) 2445M->2295M(4096M) 163.790ms
[2025-08-01T03:48:59.493+0000] GC(657) User=1.21s Sys=0.04s Real=0.16s
[2025-08-01T03:48:59.646+0000] GC(658) Pause Young (Mixed) (G1 Evacuation Pause)
[2025-08-01T03:48:59.646+0000] GC(658) Using 8 workers of 8 for evacuation
[2025-08-01T03:48:59.766+0000] GC(658)   Pre Evacuate Collection Set: 0.8ms
[2025-08-01T03:48:59.767+0000] GC(658)   Merge Heap Roots: 0.2ms
[2025-08-01T03:48:59.767+0000] GC(658)   Evacuate Collection Set: 117.7ms
[2025-08-01T03:48:59.767+0000] GC(658)   Post Evacuate Collection Set: 1.4ms
[2025-08-01T03:48:59.767+0000] GC(658)   Other: 0.1ms
[2025-08-01T03:48:59.767+0000] GC(658) Eden regions: 297->0(240)
[2025-08-01T03:48:59.767+0000] GC(658) Survivor regions: 59->45(45)
[2025-08-01T03:48:59.767+0000] GC(658) Old regions: 1089->1276
[2025-08-01T03:48:59.767+0000] GC(658) Humongous regions: 0->0
[2025-08-01T03:48:59.767+0000] GC(658) Metaspace: 10593K(10816K)->10593K(10816K) NonClass: 9335K(9472K)->9335K(9472K) Class: 1258K(1344K)->1258K(1344K)
[2025-08-01T03:48:59.767+0000] GC(658) Pause Young (Mixed) (G1 Evacuation Pause) 2889M->2640M(4096M) 120.480ms
[2025-08-01T03:48:59.767+0000] GC(658) User=0.90s Sys=0.03s Real=0.12s
[2025-08-01T03:48:59.863+0000] GC(659) Pause Young (Concurrent Start) (G1 Evacuation Pause)
[2025-08-01T03:48:59.863+0000] GC(659) Using 8 workers of 8 for evacuation
[2025-08-01T03:49:00.035+0000] GC(659)   Pre Evacuate Collection Set: 4.8ms
[2025-08-01T03:49:00.035+0000] GC(659)   Merge Heap Roots: 0.2ms
[2025-08-01T03:49:00.035+0000] GC(659)   Evacuate Collection Set: 164.4ms
[2025-08-01T03:49:00.035+0000] GC(659)   Post Evacuate Collection Set: 2.1ms
[2025-08-01T03:49:00.035+0000] GC(659)   Other: 0.8ms
[2025-08-01T03:49:00.035+0000] GC(659) Eden regions: 240->0(171)
[2025-08-01T03:49:00.035+0000] GC(659) Survivor regions: 45->36(36)
[2025-08-01T03:49:00.035+0000] GC(659) Old regions: 1276->1485
[2025-08-01T03:49:00.035+0000] GC(659) Humongous regions: 0->0
[2025-08-01T03:49:00.035+0000] GC(659) Metaspace: 10593K(10816K)->10593K(10816K) NonClass: 9335K(9472K)->9335K(9472K) Class: 1258K(1344K)->1258K(1344K)
[2025-08-01T03:49:00.035+0000] GC(659) Pause Young (Concurrent Start) (G1 Evacuation Pause) 3120M->3040M(4096M) 172.783ms
[2025-08-01T03:49:00.036+0000] GC(659) User=1.29s Sys=0.03s Real=0.18s
[2025-08-01T03:49:00.036+0000] GC(660) Concurrent Mark Cycle
[2025-08-01T03:49:00.036+0000] GC(660) Concurrent Scan Root Regions
[2025-08-01T03:49:00.109+0000] GC(660) Concurrent Scan Root Regions 72.849ms
[2025-08-01T03:49:00.109+0000] GC(660) Concurrent Mark
[2025-08-01T03:49:00.109+0000] GC(660) Concurrent Mark From Roots
[2025-08-01T03:49:00.109+0000] GC(660) Using 2 workers of 2 for marking
[2025-08-01T03:49:00.137+0000] GC(661) Pause Young (Normal) (G1 Evacuation Pause)
[2025-08-01T03:49:00.138+0000] GC(661) Using 8 workers of 8 for evacuation
[2025-08-01T03:49:00.206+0000] GC(661)   Pre Evacuate Collection Set: 0.7ms
[2025-08-01T03:49:00.206+0000] GC(661)   Merge Heap Roots: 0.2ms
[2025-08-01T03:49:00.206+0000] GC(661)   Evacuate Collection Set: 67.0ms
[2025-08-01T03:49:00.206+0000] GC(661)   Post Evacuate Collection Set: 0.7ms
[2025-08-01T03:49:00.206+0000] GC(661)   Other: 0.1ms
[2025-08-01T03:49:00.206+0000] GC(661) Eden regions: 171->0(110)
[2025-08-01T03:49:00.206+0000] GC(661) Survivor regions: 36->26(26)
[2025-08-01T03:49:00.206+0000] GC(661) Old regions: 1485->1668
[2025-08-01T03:49:00.206+0000] GC(661) Humongous regions: 0->0
[2025-08-01T03:49:00.206+0000] GC(661) Metaspace: 10593K(10816K)->10593K(10816K) NonClass: 9335K(9472K)->9335K(9472K) Class: 1258K(1344K)->1258K(1344K)
[2025-08-01T03:49:00.206+0000] GC(661) Pause Young (Normal) (G1 Evacuation Pause) 3382M->3386M(4096M) 68.937ms
[2025-08-01T03:49:00.206+0000] GC(661) User=0.50s Sys=0.01s Real=0.07s
[2025-08-01T03:49:00.227+0000] GC(662) Pause Young (Normal) (G1 Evacuation Pause)
[2025-08-01T03:49:00.227+0000] GC(662) Using 8 workers of 8 for evacuation
[2025-08-01T03:49:00.270+0000] GC(662)   Pre Evacuate Collection Set: 0.6ms
[2025-08-01T03:49:00.270+0000] GC(662)   Merge Heap Roots: 0.5ms
[2025-08-01T03:49:00.270+0000] GC(662)   Evacuate Collection Set: 41.5ms
[2025-08-01T03:49:00.270+0000] GC(662)   Post Evacuate Collection Set: 0.8ms
[2025-08-01T03:49:00.271+0000] GC(662)   Other: 0.1ms
[2025-08-01T03:49:00.271+0000] GC(662) Eden regions: 110->0(85)
[2025-08-01T03:49:00.271+0000] GC(662) Survivor regions: 26->17(17)
[2025-08-01T03:49:00.271+0000] GC(662) Old regions: 1668->1788
[2025-08-01T03:49:00.271+0000] GC(662) Humongous regions: 0->0
[2025-08-01T03:49:00.271+0000] GC(662) Metaspace: 10593K(10816K)->10593K(10816K) NonClass: 9335K(9472K)->9335K(9472K) Class: 1258K(1344K)->1258K(1344K)
[2025-08-01T03:49:00.271+0000] GC(662) Pause Young (Normal) (G1 Evacuation Pause) 3606M->3609M(4096M) 43.779ms
[2025-08-01T03:49:00.271+0000] GC(662) User=0.33s Sys=0.00s Real=0.04s
[2025-08-01T03:49:00.286+0000] GC(660) Concurrent Mark From Roots 177.416ms
[2025-08-01T03:49:00.286+0000] GC(660) Concurrent Preclean
[2025-08-01T03:49:00.286+0000] GC(660) Concurrent Preclean 0.032ms
[2025-08-01T03:49:00.286+0000] GC(660) Pause Remark
[2025-08-01T03:49:00.289+0000] GC(660) Pause Remark 3682M->1588M(4096M) 2.450ms
[2025-08-01T03:49:00.289+0000] GC(660) User=0.00s Sys=0.00s Real=0.00s
[2025-08-01T03:49:00.289+0000] GC(660) Concurrent Mark 180.216ms
[2025-08-01T03:49:00.289+0000] GC(660) Concurrent Rebuild Remembered Sets and Scrub Regions
[2025-08-01T03:49:00.338+0000] GC(663) Pause Young (Normal) (G1 Evacuation Pause)
[2025-08-01T03:49:00.338+0000] GC(663) Using 8 workers of 8 for evacuation
[2025-08-01T03:49:00.382+0000] GC(663)   Pre Evacuate Collection Set: 0.8ms
[2025-08-01T03:49:00.382+0000] GC(663)   Merge Heap Roots: 0.3ms
[2025-08-01T03:49:00.382+0000] GC(663)   Evacuate Collection Set: 42.2ms
[2025-08-01T03:49:00.382+0000] GC(663)   Post Evacuate Collection Set: 0.9ms
[2025-08-01T03:49:00.382+0000] GC(663)   Other: 0.2ms
[2025-08-01T03:49:00.382+0000] GC(663) Eden regions: 85->0(398)
[2025-08-01T03:49:00.382+0000] GC(663) Survivor regions: 17->13(13)
[2025-08-01T03:49:00.382+0000] GC(663) Old regions: 741->823
[2025-08-01T03:49:00.382+0000] GC(663) Humongous regions: 0->0
[2025-08-01T03:49:00.382+0000] GC(663) Metaspace: 10593K(10816K)->10593K(10816K) NonClass: 9335K(9472K)->9335K(9472K) Class: 1258K(1344K)->1258K(1344K)
[2025-08-01T03:49:00.382+0000] GC(663) Pause Young (Normal) (G1 Evacuation Pause) 1685M->1670M(4096M) 44.659ms
[2025-08-01T03:49:00.382+0000] GC(663) User=0.31s Sys=0.02s Real=0.04s
[2025-08-01T03:49:00.510+0000] GC(660) Concurrent Rebuild Remembered Sets and Scrub Regions 220.686ms
[2025-08-01T03:49:00.510+0000] GC(660) Pause Cleanup
[2025-08-01T03:49:00.511+0000] GC(660) Pause Cleanup 2296M->2296M(4096M) 1.170ms
[2025-08-01T03:49:00.511+0000] GC(660) User=0.00s Sys=0.00s Real=0.00s
[2025-08-01T03:49:00.511+0000] GC(660) Concurrent Clear Claimed Marks
[2025-08-01T03:49:00.511+0000] GC(660) Concurrent Clear Claimed Marks 0.033ms
[2025-08-01T03:49:00.511+0000] GC(660) Concurrent Cleanup for Next Mark
[2025-08-01T03:49:00.520+0000] GC(660) Concurrent Cleanup for Next Mark 8.731ms
[2025-08-01T03:49:00.520+0000] GC(660) Concurrent Mark Cycle 484.333ms
[2025-08-01T03:49:00.571+0000] GC(664) Pause Young (Prepare Mixed) (G1 Evacuation Pause)
[2025-08-01T03:49:00.571+0000] GC(664) Using 8 workers of 8 for evacuation
[2025-08-01T03:49:00.689+0000] GC(664)   Pre Evacuate Collection Set: 1.2ms
[2025-08-01T03:49:00.689+0000] GC(664)   Merge Heap Roots: 0.3ms
[2025-08-01T03:49:00.689+0000] GC(664)   Evacuate Collection Set: 115.2ms
[2025-08-01T03:49:00.689+0000] GC(664)   Post Evacuate Collection Set: 1.2ms
[2025-08-01T03:49:00.689+0000] GC(664)   Other: 0.2ms
[2025-08-01T03:49:00.689+0000] GC(664) Eden regions: 398->0(283)
[2025-08-01T03:49:00.689+0000] GC(664) Survivor regions: 13->52(52)
[2025-08-01T03:49:00.689+0000] GC(664) Old regions: 823->1111
[2025-08-01T03:49:00.689+0000] GC(664) Humongous regions: 0->0
[2025-08-01T03:49:00.689+0000] GC(664) Metaspace: 10593K(10816K)->10593K(10816K) NonClass: 9335K(9472K)->9335K(9472K) Class: 1258K(1344K)->1258K(1344K)
[2025-08-01T03:49:00.689+0000] GC(664) Pause Young (Prepare Mixed) (G1 Evacuation Pause) 2466M->2324M(4096M) 118.455ms
[2025-08-01T03:49:00.689+0000] GC(664) User=0.85s Sys=0.02s Real=0.12s
[2025-08-01T03:49:00.835+0000] GC(665) Pause Young (Mixed) (G1 Evacuation Pause)
[2025-08-01T03:49:00.835+0000] GC(665) Using 8 workers of 8 for evacuation
[2025-08-01T03:49:00.959+0000] GC(665)   Pre Evacuate Collection Set: 1.0ms
[2025-08-01T03:49:00.959+0000] GC(665)   Merge Heap Roots: 0.8ms
[2025-08-01T03:49:00.959+0000] GC(665)   Evacuate Collection Set: 121.0ms
[2025-08-01T03:49:00.959+0000] GC(665)   Post Evacuate Collection Set: 1.1ms
[2025-08-01T03:49:00.959+0000] GC(665)   Other: 0.1ms
[2025-08-01T03:49:00.959+0000] GC(665) Eden regions: 283->0(207)
[2025-08-01T03:49:00.959+0000] GC(665) Survivor regions: 52->42(42)
[2025-08-01T03:49:00.959+0000] GC(665) Old regions: 1111->1346
[2025-08-01T03:49:00.959+0000] GC(665) Humongous regions: 0->0
[2025-08-01T03:49:00.959+0000] GC(665) Metaspace: 10593K(10816K)->10593K(10816K) NonClass: 9335K(9472K)->9335K(9472K) Class: 1258K(1344K)->1258K(1344K)
[2025-08-01T03:49:00.959+0000] GC(665) Pause Young (Mixed) (G1 Evacuation Pause) 2890M->2774M(4096M) 124.250ms
[2025-08-01T03:49:00.959+0000] GC(665) User=0.90s Sys=0.02s Real=0.12s
[2025-08-01T03:49:01.049+0000] GC(666) Pause Young (Concurrent Start) (G1 Evacuation Pause)
[2025-08-01T03:49:01.049+0000] GC(666) Using 8 workers of 8 for evacuation
[2025-08-01T03:49:01.133+0000] GC(666)   Pre Evacuate Collection Set: 1.1ms
[2025-08-01T03:49:01.133+0000] GC(666)   Merge Heap Roots: 0.2ms
[2025-08-01T03:49:01.133+0000] GC(666)   Evacuate Collection Set: 81.6ms
[2025-08-01T03:49:01.133+0000] GC(666)   Post Evacuate Collection Set: 1.2ms
[2025-08-01T03:49:01.133+0000] GC(666)   Other: 0.2ms
[2025-08-01T03:49:01.133+0000] GC(666) Eden regions: 207->0(154)
[2025-08-01T03:49:01.133+0000] GC(666) Survivor regions: 42->32(32)
[2025-08-01T03:49:01.133+0000] GC(666) Old regions: 1346->1526
[2025-08-01T03:49:01.133+0000] GC(666) Humongous regions: 0->0
[2025-08-01T03:49:01.133+0000] GC(666) Metaspace: 10593K(10816K)->10593K(10816K) NonClass: 9335K(9472K)->9335K(9472K) Class: 1258K(1344K)->1258K(1344K)
[2025-08-01T03:49:01.134+0000] GC(666) Pause Young (Concurrent Start) (G1 Evacuation Pause) 3188M->3114M(4096M) 84.591ms
[2025-08-01T03:49:01.134+0000] GC(666) User=0.64s Sys=0.02s Real=0.09s
[2025-08-01T03:49:01.134+0000] GC(667) Concurrent Mark Cycle
[2025-08-01T03:49:01.134+0000] GC(667) Concurrent Scan Root Regions
[2025-08-01T03:49:01.184+0000] GC(667) Concurrent Scan Root Regions 50.020ms
[2025-08-01T03:49:01.184+0000] GC(667) Concurrent Mark
[2025-08-01T03:49:01.184+0000] GC(667) Concurrent Mark From Roots
[2025-08-01T03:49:01.184+0000] GC(667) Using 2 workers of 2 for marking
[2025-08-01T03:49:01.216+0000] GC(668) Pause Young (Normal) (G1 Evacuation Pause)
[2025-08-01T03:49:01.216+0000] GC(668) Using 8 workers of 8 for evacuation
[2025-08-01T03:49:01.251+0000] GC(668)   Pre Evacuate Collection Set: 0.8ms
[2025-08-01T03:49:01.251+0000] GC(668)   Merge Heap Roots: 0.5ms
[2025-08-01T03:49:01.251+0000] GC(668)   Evacuate Collection Set: 32.8ms
[2025-08-01T03:49:01.251+0000] GC(668)   Post Evacuate Collection Set: 0.9ms
[2025-08-01T03:49:01.251+0000] GC(668)   Other: 0.1ms
[2025-08-01T03:49:01.251+0000] GC(668) Eden regions: 154->0(136)
[2025-08-01T03:49:01.251+0000] GC(668) Survivor regions: 32->24(24)
[2025-08-01T03:49:01.251+0000] GC(668) Old regions: 1526->1606
[2025-08-01T03:49:01.251+0000] GC(668) Humongous regions: 0->0
[2025-08-01T03:49:01.251+0000] GC(668) Metaspace: 10593K(10816K)->10593K(10816K) NonClass: 9335K(9472K)->9335K(9472K) Class: 1258K(1344K)->1258K(1344K)
[2025-08-01T03:49:01.251+0000] GC(668) Pause Young (Normal) (G1 Evacuation Pause) 3422M->3258M(4096M) 35.528ms
[2025-08-01T03:49:01.251+0000] GC(668) User=0.27s Sys=0.00s Real=0.03s
[2025-08-01T03:49:01.279+0000] GC(669) Pause Young (Normal) (G1 Evacuation Pause)
[2025-08-01T03:49:01.279+0000] GC(669) Using 8 workers of 8 for evacuation
[2025-08-01T03:49:01.330+0000] GC(669)   Pre Evacuate Collection Set: 0.6ms
[2025-08-01T03:49:01.330+0000] GC(669)   Merge Heap Roots: 0.2ms
[2025-08-01T03:49:01.330+0000] GC(669)   Evacuate Collection Set: 48.1ms
[2025-08-01T03:49:01.330+0000] GC(669)   Post Evacuate Collection Set: 1.3ms
[2025-08-01T03:49:01.330+0000] GC(669)   Other: 0.1ms
[2025-08-01T03:49:01.330+0000] GC(669) Eden regions: 136->0(88)
[2025-08-01T03:49:01.330+0000] GC(669) Survivor regions: 24->20(20)
[2025-08-01T03:49:01.330+0000] GC(669) Old regions: 1606->1748
[2025-08-01T03:49:01.330+0000] GC(669) Humongous regions: 0->0
[2025-08-01T03:49:01.330+0000] GC(669) Metaspace: 10593K(10816K)->10593K(10816K) NonClass: 9335K(9472K)->9335K(9472K) Class: 1258K(1344K)->1258K(1344K)
[2025-08-01T03:49:01.330+0000] GC(669) Pause Young (Normal) (G1 Evacuation Pause) 3530M->3534M(4096M) 50.571ms
[2025-08-01T03:49:01.330+0000] GC(669) User=0.39s Sys=0.00s Real=0.05s
[2025-08-01T03:49:01.380+0000] GC(667) Concurrent Mark From Roots 196.028ms
[2025-08-01T03:49:01.380+0000] GC(667) Concurrent Preclean
[2025-08-01T03:49:01.380+0000] GC(667) Concurrent Preclean 0.032ms
[2025-08-01T03:49:01.380+0000] GC(667) Pause Remark
[2025-08-01T03:49:01.384+0000] GC(667) Pause Remark 3618M->1794M(4096M) 3.591ms
[2025-08-01T03:49:01.384+0000] GC(667) User=0.01s Sys=0.00s Real=0.01s
[2025-08-01T03:49:01.384+0000] GC(667) Concurrent Mark 200.081ms
[2025-08-01T03:49:01.384+0000] GC(667) Concurrent Rebuild Remembered Sets and Scrub Regions
[2025-08-01T03:49:01.397+0000] GC(670) Pause Young (Normal) (G1 Evacuation Pause)
[2025-08-01T03:49:01.397+0000] GC(670) Using 8 workers of 8 for evacuation
[2025-08-01T03:49:01.434+0000] GC(670)   Pre Evacuate Collection Set: 0.6ms
[2025-08-01T03:49:01.434+0000] GC(670)   Merge Heap Roots: 0.1ms
[2025-08-01T03:49:01.434+0000] GC(670)   Evacuate Collection Set: 34.9ms
[2025-08-01T03:49:01.434+0000] GC(670)   Post Evacuate Collection Set: 0.9ms
[2025-08-01T03:49:01.434+0000] GC(670)   Other: 0.1ms
[2025-08-01T03:49:01.434+0000] GC(670) Eden regions: 88->0(374)
[2025-08-01T03:49:01.434+0000] GC(670) Survivor regions: 20->14(14)
[2025-08-01T03:49:01.434+0000] GC(670) Old regions: 836->932
[2025-08-01T03:49:01.434+0000] GC(670) Humongous regions: 0->0
[2025-08-01T03:49:01.434+0000] GC(670) Metaspace: 10593K(10816K)->10593K(10816K) NonClass: 9335K(9472K)->9335K(9472K) Class: 1258K(1344K)->1258K(1344K)
[2025-08-01T03:49:01.434+0000] GC(670) Pause Young (Normal) (G1 Evacuation Pause) 1886M->1890M(4096M) 36.988ms
[2025-08-01T03:49:01.434+0000] GC(670) User=0.26s Sys=0.00s Real=0.04s
[2025-08-01T03:49:01.591+0000] GC(667) Concurrent Rebuild Remembered Sets and Scrub Regions 207.673ms
[2025-08-01T03:49:01.592+0000] GC(667) Pause Cleanup
[2025-08-01T03:49:01.593+0000] GC(667) Pause Cleanup 2519M->2519M(4096M) 1.420ms
[2025-08-01T03:49:01.593+0000] GC(667) User=0.00s Sys=0.00s Real=0.01s
[2025-08-01T03:49:01.593+0000] GC(667) Concurrent Clear Claimed Marks
[2025-08-01T03:49:01.593+0000] GC(667) Concurrent Clear Claimed Marks 0.032ms
[2025-08-01T03:49:01.593+0000] GC(667) Concurrent Cleanup for Next Mark
[2025-08-01T03:49:01.603+0000] GC(667) Concurrent Cleanup for Next Mark 9.449ms
[2025-08-01T03:49:01.603+0000] GC(667) Concurrent Mark Cycle 469.359ms
[2025-08-01T03:49:01.610+0000] GC(671) Pause Young (Prepare Mixed) (G1 Evacuation Pause)
[2025-08-01T03:49:01.610+0000] GC(671) Using 8 workers of 8 for evacuation
[2025-08-01T03:49:01.722+0000] GC(671)   Pre Evacuate Collection Set: 1.0ms
[2025-08-01T03:49:01.722+0000] GC(671)   Merge Heap Roots: 0.3ms
[2025-08-01T03:49:01.722+0000] GC(671)   Evacuate Collection Set: 109.4ms
[2025-08-01T03:49:01.722+0000] GC(671)   Post Evacuate Collection Set: 1.2ms
[2025-08-01T03:49:01.722+0000] GC(671)   Other: 0.1ms
[2025-08-01T03:49:01.722+0000] GC(671) Eden regions: 374->0(243)
[2025-08-01T03:49:01.722+0000] GC(671) Survivor regions: 14->49(49)
[2025-08-01T03:49:01.722+0000] GC(671) Old regions: 932->1233
[2025-08-01T03:49:01.722+0000] GC(671) Humongous regions: 0->0
[2025-08-01T03:49:01.722+0000] GC(671) Metaspace: 10593K(10816K)->10593K(10816K) NonClass: 9335K(9472K)->9335K(9472K) Class: 1258K(1344K)->1258K(1344K)
[2025-08-01T03:49:01.722+0000] GC(671) Pause Young (Prepare Mixed) (G1 Evacuation Pause) 2638M->2563M(4096M) 112.287ms
[2025-08-01T03:49:01.722+0000] GC(671) User=0.81s Sys=0.02s Real=0.11s
[2025-08-01T03:49:01.820+0000] GC(672) Pause Young (Mixed) (G1 Evacuation Pause)
[2025-08-01T03:49:01.820+0000] GC(672) Using 8 workers of 8 for evacuation
[2025-08-01T03:49:01.909+0000] GC(672)   Pre Evacuate Collection Set: 0.9ms
[2025-08-01T03:49:01.909+0000] GC(672)   Merge Heap Roots: 0.2ms
[2025-08-01T03:49:01.909+0000] GC(672)   Evacuate Collection Set: 85.3ms
[2025-08-01T03:49:01.909+0000] GC(672)   Post Evacuate Collection Set: 1.4ms
[2025-08-01T03:49:01.909+0000] GC(672)   Other: 0.2ms
[2025-08-01T03:49:01.909+0000] GC(672) Eden regions: 243->0(186)
[2025-08-01T03:49:01.909+0000] GC(672) Survivor regions: 49->37(37)
[2025-08-01T03:49:01.909+0000] GC(672) Old regions: 1233->1415
[2025-08-01T03:49:01.909+0000] GC(672) Humongous regions: 0->0
[2025-08-01T03:49:01.909+0000] GC(672) Metaspace: 10593K(10816K)->10593K(10816K) NonClass: 9335K(9472K)->9335K(9472K) Class: 1258K(1344K)->1258K(1344K)
[2025-08-01T03:49:01.909+0000] GC(672) Pause Young (Mixed) (G1 Evacuation Pause) 3049M->2902M(4096M) 88.415ms
[2025-08-01T03:49:01.909+0000] GC(672) User=0.66s Sys=0.01s Real=0.09s
[2025-08-01T03:49:01.991+0000] GC(673) Pause Young (Concurrent Start) (G1 Evacuation Pause)
[2025-08-01T03:49:01.991+0000] GC(673) Using 8 workers of 8 for evacuation
[2025-08-01T03:49:02.055+0000] GC(673)   Pre Evacuate Collection Set: 1.1ms
[2025-08-01T03:49:02.055+0000] GC(673)   Merge Heap Roots: 0.2ms
[2025-08-01T03:49:02.055+0000] GC(673)   Evacuate Collection Set: 62.1ms
[2025-08-01T03:49:02.056+0000] GC(673)   Post Evacuate Collection Set: 0.8ms
[2025-08-01T03:49:02.056+0000] GC(673)   Other: 0.2ms
[2025-08-01T03:49:02.056+0000] GC(673) Eden regions: 186->0(139)
[2025-08-01T03:49:02.056+0000] GC(673) Survivor regions: 37->28(28)
[2025-08-01T03:49:02.056+0000] GC(673) Old regions: 1415->1573
[2025-08-01T03:49:02.056+0000] GC(673) Humongous regions: 0->0
[2025-08-01T03:49:02.056+0000] GC(673) Metaspace: 10593K(10816K)->10593K(10816K) NonClass: 9335K(9472K)->9335K(9472K) Class: 1258K(1344K)->1258K(1344K)
[2025-08-01T03:49:02.056+0000] GC(673) Pause Young (Concurrent Start) (G1 Evacuation Pause) 3274M->3201M(4096M) 64.524ms
[2025-08-01T03:49:02.056+0000] GC(673) User=0.48s Sys=0.01s Real=0.07s
[2025-08-01T03:49:02.056+0000] GC(674) Concurrent Mark Cycle
[2025-08-01T03:49:02.056+0000] GC(674) Concurrent Scan Root Regions
[2025-08-01T03:49:02.095+0000] GC(674) Concurrent Scan Root Regions 39.395ms
[2025-08-01T03:49:02.095+0000] GC(674) Concurrent Mark
[2025-08-01T03:49:02.095+0000] GC(674) Concurrent Mark From Roots
[2025-08-01T03:49:02.095+0000] GC(674) Using 2 workers of 2 for marking
[2025-08-01T03:49:02.131+0000] GC(675) Pause Young (Normal) (G1 Evacuation Pause)
[2025-08-01T03:49:02.131+0000] GC(675) Using 8 workers of 8 for evacuation
[2025-08-01T03:49:02.187+0000] GC(675)   Pre Evacuate Collection Set: 1.0ms
[2025-08-01T03:49:02.188+0000] GC(675)   Merge Heap Roots: 0.2ms
[2025-08-01T03:49:02.188+0000] GC(675)   Evacuate Collection Set: 53.7ms
[2025-08-01T03:49:02.188+0000] GC(675)   Post Evacuate Collection Set: 1.0ms
[2025-08-01T03:49:02.188+0000] GC(675)   Other: 0.1ms
[2025-08-01T03:49:02.188+0000] GC(675) Eden regions: 139->0(94)
[2025-08-01T03:49:02.188+0000] GC(675) Survivor regions: 28->21(21)
[2025-08-01T03:49:02.188+0000] GC(675) Old regions: 1573->1721
[2025-08-01T03:49:02.188+0000] GC(675) Humongous regions: 0->0
[2025-08-01T03:49:02.188+0000] GC(675) Metaspace: 10593K(10816K)->10593K(10816K) NonClass: 9335K(9472K)->9335K(9472K) Class: 1258K(1344K)->1258K(1344K)
[2025-08-01T03:49:02.188+0000] GC(675) Pause Young (Normal) (G1 Evacuation Pause) 3479M->3483M(4096M) 56.312ms
[2025-08-01T03:49:02.188+0000] GC(675) User=0.42s Sys=0.00s Real=0.06s
[2025-08-01T03:49:02.207+0000] GC(676) Pause Young (Normal) (G1 Evacuation Pause)
[2025-08-01T03:49:02.207+0000] GC(676) Using 8 workers of 8 for evacuation
[2025-08-01T03:49:02.243+0000] GC(676)   Pre Evacuate Collection Set: 0.8ms
[2025-08-01T03:49:02.243+0000] GC(676)   Merge Heap Roots: 0.2ms
[2025-08-01T03:49:02.243+0000] GC(676)   Evacuate Collection Set: 33.8ms
[2025-08-01T03:49:02.243+0000] GC(676)   Post Evacuate Collection Set: 1.1ms
[2025-08-01T03:49:02.243+0000] GC(676)   Other: 0.1ms
[2025-08-01T03:49:02.243+0000] GC(676) Eden regions: 94->0(87)
[2025-08-01T03:49:02.243+0000] GC(676) Survivor regions: 21->15(15)
[2025-08-01T03:49:02.243+0000] GC(676) Old regions: 1721->1822
[2025-08-01T03:49:02.243+0000] GC(676) Humongous regions: 0->0
[2025-08-01T03:49:02.243+0000] GC(676) Metaspace: 10593K(10816K)->10593K(10816K) NonClass: 9335K(9472K)->9335K(9472K) Class: 1258K(1344K)->1258K(1344K)
[2025-08-01T03:49:02.243+0000] GC(676) Pause Young (Normal) (G1 Evacuation Pause) 3671M->3673M(4096M) 36.218ms
[2025-08-01T03:49:02.244+0000] GC(676) User=0.26s Sys=0.01s Real=0.04s
[2025-08-01T03:49:02.251+0000] GC(674) Concurrent Mark From Roots 155.415ms
[2025-08-01T03:49:02.251+0000] GC(674) Concurrent Preclean
[2025-08-01T03:49:02.251+0000] GC(674) Concurrent Preclean 0.018ms
[2025-08-01T03:49:02.251+0000] GC(674) Pause Remark
[2025-08-01T03:49:02.256+0000] GC(674) Pause Remark 3709M->1389M(4096M) 4.822ms
[2025-08-01T03:49:02.256+0000] GC(674) User=0.02s Sys=0.00s Real=0.01s
[2025-08-01T03:49:02.256+0000] GC(674) Concurrent Mark 161.199ms
[2025-08-01T03:49:02.256+0000] GC(674) Concurrent Rebuild Remembered Sets and Scrub Regions
[2025-08-01T03:49:02.307+0000] GC(677) Pause Young (Normal) (G1 Evacuation Pause)
[2025-08-01T03:49:02.307+0000] GC(677) Using 8 workers of 8 for evacuation
[2025-08-01T03:49:02.339+0000] GC(677)   Pre Evacuate Collection Set: 0.7ms
[2025-08-01T03:49:02.339+0000] GC(677)   Merge Heap Roots: 0.2ms
[2025-08-01T03:49:02.339+0000] GC(677)   Evacuate Collection Set: 29.7ms
[2025-08-01T03:49:02.339+0000] GC(677)   Post Evacuate Collection Set: 1.0ms
[2025-08-01T03:49:02.339+0000] GC(677)   Other: 0.1ms
[2025-08-01T03:49:02.339+0000] GC(677) Eden regions: 87->0(478)
[2025-08-01T03:49:02.339+0000] GC(677) Survivor regions: 15->13(13)
[2025-08-01T03:49:02.339+0000] GC(677) Old regions: 662->744
[2025-08-01T03:49:02.339+0000] GC(677) Humongous regions: 0->0
[2025-08-01T03:49:02.339+0000] GC(677) Metaspace: 10593K(10816K)->10593K(10816K) NonClass: 9335K(9472K)->9335K(9472K) Class: 1258K(1344K)->1258K(1344K)
[2025-08-01T03:49:02.339+0000] GC(677) Pause Young (Normal) (G1 Evacuation Pause) 1527M->1512M(4096M) 32.132ms
[2025-08-01T03:49:02.339+0000] GC(677) User=0.23s Sys=0.01s Real=0.03s
[2025-08-01T03:49:02.409+0000] GC(674) Concurrent Rebuild Remembered Sets and Scrub Regions 152.615ms
[2025-08-01T03:49:02.409+0000] GC(674) Pause Cleanup
[2025-08-01T03:49:02.411+0000] GC(674) Pause Cleanup 1826M->1826M(4096M) 1.450ms
[2025-08-01T03:49:02.411+0000] GC(674) User=0.01s Sys=0.00s Real=0.00s
[2025-08-01T03:49:02.411+0000] GC(674) Concurrent Clear Claimed Marks
[2025-08-01T03:49:02.411+0000] GC(674) Concurrent Clear Claimed Marks 0.048ms
[2025-08-01T03:49:02.411+0000] GC(674) Concurrent Cleanup for Next Mark
[2025-08-01T03:49:02.422+0000] GC(674) Concurrent Cleanup for Next Mark 10.993ms
[2025-08-01T03:49:02.422+0000] GC(674) Concurrent Mark Cycle 366.420ms
[2025-08-01T03:49:02.520+0000] GC(678) Pause Young (Prepare Mixed) (G1 Evacuation Pause)
[2025-08-01T03:49:02.520+0000] GC(678) Using 8 workers of 8 for evacuation
[2025-08-01T03:49:02.655+0000] GC(678)   Pre Evacuate Collection Set: 0.6ms
[2025-08-01T03:49:02.655+0000] GC(678)   Merge Heap Roots: 0.5ms
[2025-08-01T03:49:02.655+0000] GC(678)   Evacuate Collection Set: 132.0ms
[2025-08-01T03:49:02.655+0000] GC(678)   Post Evacuate Collection Set: 1.7ms
[2025-08-01T03:49:02.655+0000] GC(678)   Other: 0.3ms
[2025-08-01T03:49:02.655+0000] GC(678) Eden regions: 478->0(340)
[2025-08-01T03:49:02.655+0000] GC(678) Survivor regions: 13->62(62)
[2025-08-01T03:49:02.655+0000] GC(678) Old regions: 744->1006
[2025-08-01T03:49:02.655+0000] GC(678) Humongous regions: 0->0
[2025-08-01T03:49:02.655+0000] GC(678) Metaspace: 10593K(10816K)->10593K(10816K) NonClass: 9335K(9472K)->9335K(9472K) Class: 1258K(1344K)->1258K(1344K)
[2025-08-01T03:49:02.655+0000] GC(678) Pause Young (Prepare Mixed) (G1 Evacuation Pause) 2468M->2135M(4096M) 135.477ms
[2025-08-01T03:49:02.655+0000] GC(678) User=0.99s Sys=0.04s Real=0.14s
[2025-08-01T03:49:02.800+0000] GC(679) Pause Young (Mixed) (G1 Evacuation Pause)
[2025-08-01T03:49:02.800+0000] GC(679) Using 8 workers of 8 for evacuation
[2025-08-01T03:49:02.970+0000] GC(679)   Pre Evacuate Collection Set: 0.7ms
[2025-08-01T03:49:02.970+0000] GC(679)   Merge Heap Roots: 0.2ms
[2025-08-01T03:49:02.970+0000] GC(679)   Evacuate Collection Set: 167.4ms
[2025-08-01T03:49:02.970+0000] GC(679)   Post Evacuate Collection Set: 1.1ms
[2025-08-01T03:49:02.970+0000] GC(679)   Other: 0.1ms
[2025-08-01T03:49:02.970+0000] GC(679) Eden regions: 340->0(268)
[2025-08-01T03:49:02.970+0000] GC(679) Survivor regions: 62->51(51)
[2025-08-01T03:49:02.970+0000] GC(679) Old regions: 1006->1197
[2025-08-01T03:49:02.970+0000] GC(679) Humongous regions: 0->0
[2025-08-01T03:49:02.970+0000] GC(679) Metaspace: 10593K(10816K)->10593K(10816K) NonClass: 9335K(9472K)->9335K(9472K) Class: 1258K(1344K)->1258K(1344K)
[2025-08-01T03:49:02.970+0000] GC(679) Pause Young (Mixed) (G1 Evacuation Pause) 2815M->2494M(4096M) 169.774ms
[2025-08-01T03:49:02.970+0000] GC(679) User=1.25s Sys=0.04s Real=0.17s
[2025-08-01T03:49:03.063+0000] GC(680) Pause Young (Concurrent Start) (G1 Evacuation Pause)
[2025-08-01T03:49:03.063+0000] GC(680) Using 8 workers of 8 for evacuation
[2025-08-01T03:49:03.189+0000] GC(680)   Pre Evacuate Collection Set: 1.1ms
[2025-08-01T03:49:03.189+0000] GC(680)   Merge Heap Roots: 0.4ms
[2025-08-01T03:49:03.189+0000] GC(680)   Evacuate Collection Set: 123.9ms
[2025-08-01T03:49:03.189+0000] GC(680)   Post Evacuate Collection Set: 0.8ms
[2025-08-01T03:49:03.189+0000] GC(680)   Other: 0.2ms
[2025-08-01T03:49:03.189+0000] GC(680) Eden regions: 268->0(168)
[2025-08-01T03:49:03.189+0000] GC(680) Survivor regions: 51->40(40)
[2025-08-01T03:49:03.189+0000] GC(680) Old regions: 1197->1478
[2025-08-01T03:49:03.189+0000] GC(680) Humongous regions: 0->0
[2025-08-01T03:49:03.189+0000] GC(680) Metaspace: 10593K(10816K)->10593K(10816K) NonClass: 9335K(9472K)->9335K(9472K) Class: 1258K(1344K)->1258K(1344K)
[2025-08-01T03:49:03.189+0000] GC(680) Pause Young (Concurrent Start) (G1 Evacuation Pause) 3030M->3034M(4096M) 126.566ms
[2025-08-01T03:49:03.189+0000] GC(680) User=0.93s Sys=0.03s Real=0.13s
[2025-08-01T03:49:03.189+0000] GC(681) Concurrent Mark Cycle
[2025-08-01T03:49:03.189+0000] GC(681) Concurrent Scan Root Regions
[2025-08-01T03:49:03.244+0000] GC(681) Concurrent Scan Root Regions 54.730ms
[2025-08-01T03:49:03.244+0000] GC(681) Concurrent Mark
[2025-08-01T03:49:03.244+0000] GC(681) Concurrent Mark From Roots
[2025-08-01T03:49:03.244+0000] GC(681) Using 2 workers of 2 for marking
[2025-08-01T03:49:03.267+0000] GC(682) Pause Young (Normal) (G1 Evacuation Pause)
[2025-08-01T03:49:03.267+0000] GC(682) Using 8 workers of 8 for evacuation
[2025-08-01T03:49:03.331+0000] GC(682)   Pre Evacuate Collection Set: 1.1ms
[2025-08-01T03:49:03.332+0000] GC(682)   Merge Heap Roots: 0.3ms
[2025-08-01T03:49:03.332+0000] GC(682)   Evacuate Collection Set: 61.9ms
[2025-08-01T03:49:03.332+0000] GC(682)   Post Evacuate Collection Set: 1.0ms
[2025-08-01T03:49:03.332+0000] GC(682)   Other: 0.1ms
[2025-08-01T03:49:03.332+0000] GC(682) Eden regions: 168->0(119)
[2025-08-01T03:49:03.332+0000] GC(682) Survivor regions: 40->26(26)
[2025-08-01T03:49:03.332+0000] GC(682) Old regions: 1478->1640
[2025-08-01T03:49:03.332+0000] GC(682) Humongous regions: 0->0
[2025-08-01T03:49:03.332+0000] GC(682) Metaspace: 10593K(10816K)->10593K(10816K) NonClass: 9335K(9472K)->9335K(9472K) Class: 1258K(1344K)->1258K(1344K)
[2025-08-01T03:49:03.332+0000] GC(682) Pause Young (Normal) (G1 Evacuation Pause) 3370M->3330M(4096M) 64.693ms
[2025-08-01T03:49:03.332+0000] GC(682) User=0.48s Sys=0.01s Real=0.06s
[2025-08-01T03:49:03.403+0000] GC(683) Pause Young (Normal) (G1 Evacuation Pause)
[2025-08-01T03:49:03.403+0000] GC(683) Using 8 workers of 8 for evacuation
[2025-08-01T03:49:03.428+0000] GC(683)   Pre Evacuate Collection Set: 1.0ms
[2025-08-01T03:49:03.428+0000] GC(683)   Merge Heap Roots: 0.2ms
[2025-08-01T03:49:03.428+0000] GC(683)   Evacuate Collection Set: 23.0ms
[2025-08-01T03:49:03.428+0000] GC(683)   Post Evacuate Collection Set: 1.0ms
[2025-08-01T03:49:03.428+0000] GC(683)   Other: 0.2ms
[2025-08-01T03:49:03.428+0000] GC(683) Eden regions: 119->0(110)
[2025-08-01T03:49:03.428+0000] GC(683) Survivor regions: 26->19(19)
[2025-08-01T03:49:03.428+0000] GC(683) Old regions: 1640->1691
[2025-08-01T03:49:03.428+0000] GC(683) Humongous regions: 0->0
[2025-08-01T03:49:03.428+0000] GC(683) Metaspace: 10593K(10816K)->10593K(10816K) NonClass: 9335K(9472K)->9335K(9472K) Class: 1258K(1344K)->1258K(1344K)
[2025-08-01T03:49:03.428+0000] GC(683) Pause Young (Normal) (G1 Evacuation Pause) 3568M->3418M(4096M) 25.577ms
[2025-08-01T03:49:03.428+0000] GC(683) User=0.17s Sys=0.01s Real=0.03s
[2025-08-01T03:49:03.448+0000] GC(681) Concurrent Mark From Roots 203.882ms
[2025-08-01T03:49:03.448+0000] GC(681) Concurrent Preclean
[2025-08-01T03:49:03.448+0000] GC(681) Concurrent Preclean 0.029ms
[2025-08-01T03:49:03.448+0000] GC(681) Pause Remark
[2025-08-01T03:49:03.452+0000] GC(681) Pause Remark 3620M->1900M(4096M) 3.995ms
[2025-08-01T03:49:03.452+0000] GC(681) User=0.01s Sys=0.01s Real=0.00s
[2025-08-01T03:49:03.453+0000] GC(681) Concurrent Mark 208.513ms
[2025-08-01T03:49:03.453+0000] GC(681) Concurrent Rebuild Remembered Sets and Scrub Regions
[2025-08-01T03:49:03.455+0000] GC(684) Pause Young (Normal) (G1 Evacuation Pause)
[2025-08-01T03:49:03.455+0000] GC(684) Using 8 workers of 8 for evacuation
[2025-08-01T03:49:03.508+0000] GC(684)   Pre Evacuate Collection Set: 0.9ms
[2025-08-01T03:49:03.508+0000] GC(684)   Merge Heap Roots: 0.3ms
[2025-08-01T03:49:03.508+0000] GC(684)   Evacuate Collection Set: 50.7ms
[2025-08-01T03:49:03.508+0000] GC(684)   Post Evacuate Collection Set: 1.1ms
[2025-08-01T03:49:03.508+0000] GC(684)   Other: 0.1ms
[2025-08-01T03:49:03.508+0000] GC(684) Eden regions: 110->0(360)
[2025-08-01T03:49:03.508+0000] GC(684) Survivor regions: 19->17(17)
[2025-08-01T03:49:03.508+0000] GC(684) Old regions: 831->945
[2025-08-01T03:49:03.508+0000] GC(684) Humongous regions: 0->0
[2025-08-01T03:49:03.508+0000] GC(684) Metaspace: 10593K(10816K)->10593K(10816K) NonClass: 9335K(9472K)->9335K(9472K) Class: 1258K(1344K)->1258K(1344K)
[2025-08-01T03:49:03.508+0000] GC(684) Pause Young (Normal) (G1 Evacuation Pause) 1918M->1922M(4096M) 53.447ms
[2025-08-01T03:49:03.508+0000] GC(684) User=0.38s Sys=0.02s Real=0.05s
[2025-08-01T03:49:03.673+0000] GC(685) Pause Young (Normal) (G1 Evacuation Pause)
[2025-08-01T03:49:03.673+0000] GC(685) Using 8 workers of 8 for evacuation
[2025-08-01T03:49:03.780+0000] GC(685)   Pre Evacuate Collection Set: 0.9ms
[2025-08-01T03:49:03.780+0000] GC(685)   Merge Heap Roots: 0.3ms
[2025-08-01T03:49:03.780+0000] GC(685)   Evacuate Collection Set: 104.9ms
[2025-08-01T03:49:03.780+0000] GC(685)   Post Evacuate Collection Set: 0.9ms
[2025-08-01T03:49:03.780+0000] GC(685)   Other: 0.1ms
[2025-08-01T03:49:03.780+0000] GC(685) Eden regions: 360->0(252)
[2025-08-01T03:49:03.780+0000] GC(685) Survivor regions: 17->48(48)
[2025-08-01T03:49:03.780+0000] GC(685) Old regions: 945->1216
[2025-08-01T03:49:03.780+0000] GC(685) Humongous regions: 0->0
[2025-08-01T03:49:03.780+0000] GC(685) Metaspace: 10593K(10816K)->10593K(10816K) NonClass: 9335K(9472K)->9335K(9472K) Class: 1258K(1344K)->1258K(1344K)
[2025-08-01T03:49:03.780+0000] GC(685) Pause Young (Normal) (G1 Evacuation Pause) 2642M->2526M(4096M) 107.435ms
[2025-08-01T03:49:03.780+0000] GC(685) User=0.78s Sys=0.01s Real=0.10s
[2025-08-01T03:49:03.801+0000] GC(681) Concurrent Rebuild Remembered Sets and Scrub Regions 348.450ms
[2025-08-01T03:49:03.801+0000] GC(681) Pause Cleanup
[2025-08-01T03:49:03.803+0000] GC(681) Pause Cleanup 2648M->2648M(4096M) 1.166ms
[2025-08-01T03:49:03.803+0000] GC(681) User=0.01s Sys=0.00s Real=0.00s
[2025-08-01T03:49:03.803+0000] GC(681) Concurrent Clear Claimed Marks
[2025-08-01T03:49:03.803+0000] GC(681) Concurrent Clear Claimed Marks 0.037ms
[2025-08-01T03:49:03.803+0000] GC(681) Concurrent Cleanup for Next Mark
[2025-08-01T03:49:03.811+0000] GC(681) Concurrent Cleanup for Next Mark 8.498ms
[2025-08-01T03:49:03.811+0000] GC(681) Concurrent Mark Cycle 622.049ms
[2025-08-01T03:49:03.923+0000] GC(686) Pause Young (Prepare Mixed) (G1 Evacuation Pause)
[2025-08-01T03:49:03.923+0000] GC(686) Using 8 workers of 8 for evacuation
[2025-08-01T03:49:04.055+0000] GC(686)   Pre Evacuate Collection Set: 2.1ms
[2025-08-01T03:49:04.055+0000] GC(686)   Merge Heap Roots: 0.1ms
[2025-08-01T03:49:04.055+0000] GC(686)   Evacuate Collection Set: 128.7ms
[2025-08-01T03:49:04.055+0000] GC(686)   Post Evacuate Collection Set: 1.1ms
[2025-08-01T03:49:04.055+0000] GC(686)   Other: 0.2ms
[2025-08-01T03:49:04.056+0000] GC(686) Eden regions: 252->0(198)
[2025-08-01T03:49:04.056+0000] GC(686) Survivor regions: 48->38(38)
[2025-08-01T03:49:04.056+0000] GC(686) Old regions: 1216->1401
[2025-08-01T03:49:04.056+0000] GC(686) Humongous regions: 0->0
[2025-08-01T03:49:04.056+0000] GC(686) Metaspace: 10593K(10816K)->10593K(10816K) NonClass: 9335K(9472K)->9335K(9472K) Class: 1258K(1344K)->1258K(1344K)
[2025-08-01T03:49:04.056+0000] GC(686) Pause Young (Prepare Mixed) (G1 Evacuation Pause) 3030M->2877M(4096M) 132.459ms
[2025-08-01T03:49:04.056+0000] GC(686) User=0.96s Sys=0.05s Real=0.13s
[2025-08-01T03:49:04.137+0000] GC(687) Pause Young (Mixed) (G1 Evacuation Pause)
[2025-08-01T03:49:04.138+0000] GC(687) Using 8 workers of 8 for evacuation
[2025-08-01T03:49:04.210+0000] GC(687)   Pre Evacuate Collection Set: 0.8ms
[2025-08-01T03:49:04.210+0000] GC(687)   Merge Heap Roots: 0.4ms
[2025-08-01T03:49:04.210+0000] GC(687)   Evacuate Collection Set: 70.6ms
[2025-08-01T03:49:04.210+0000] GC(687)   Post Evacuate Collection Set: 0.9ms
[2025-08-01T03:49:04.210+0000] GC(687)   Other: 0.1ms
[2025-08-01T03:49:04.210+0000] GC(687) Eden regions: 198->0(170)
[2025-08-01T03:49:04.210+0000] GC(687) Survivor regions: 38->30(30)
[2025-08-01T03:49:04.210+0000] GC(687) Old regions: 1401->1512
[2025-08-01T03:49:04.210+0000] GC(687) Humongous regions: 0->0
[2025-08-01T03:49:04.210+0000] GC(687) Metaspace: 10593K(10816K)->10593K(10816K) NonClass: 9335K(9472K)->9335K(9472K) Class: 1258K(1344K)->1258K(1344K)
[2025-08-01T03:49:04.211+0000] GC(687) Pause Young (Mixed) (G1 Evacuation Pause) 3273M->3082M(4096M) 73.152ms
[2025-08-01T03:49:04.211+0000] GC(687) User=0.48s Sys=0.02s Real=0.07s
[2025-08-01T03:49:04.283+0000] GC(688) Pause Young (Concurrent Start) (G1 Evacuation Pause)
[2025-08-01T03:49:04.283+0000] GC(688) Using 8 workers of 8 for evacuation
[2025-08-01T03:49:04.365+0000] GC(688)   Pre Evacuate Collection Set: 0.8ms
[2025-08-01T03:49:04.365+0000] GC(688)   Merge Heap Roots: 0.2ms
[2025-08-01T03:49:04.366+0000] GC(688)   Evacuate Collection Set: 79.7ms
[2025-08-01T03:49:04.366+0000] GC(688)   Post Evacuate Collection Set: 1.3ms
[2025-08-01T03:49:04.366+0000] GC(688)   Other: 0.3ms
[2025-08-01T03:49:04.366+0000] GC(688) Eden regions: 170->0(106)
[2025-08-01T03:49:04.366+0000] GC(688) Survivor regions: 30->25(25)
[2025-08-01T03:49:04.366+0000] GC(688) Old regions: 1512->1688
[2025-08-01T03:49:04.366+0000] GC(688) Humongous regions: 0->0
[2025-08-01T03:49:04.366+0000] GC(688) Metaspace: 10593K(10816K)->10593K(10816K) NonClass: 9335K(9472K)->9335K(9472K) Class: 1258K(1344K)->1258K(1344K)
[2025-08-01T03:49:04.366+0000] GC(688) Pause Young (Concurrent Start) (G1 Evacuation Pause) 3422M->3425M(4096M) 82.580ms
[2025-08-01T03:49:04.366+0000] GC(688) User=0.60s Sys=0.02s Real=0.08s
[2025-08-01T03:49:04.366+0000] GC(689) Concurrent Mark Cycle
[2025-08-01T03:49:04.366+0000] GC(689) Concurrent Scan Root Regions
[2025-08-01T03:49:04.388+0000] GC(690) Pause Young (Normal) (G1 Evacuation Pause)
[2025-08-01T03:49:04.388+0000] GC(690) Using 8 workers of 8 for evacuation
[2025-08-01T03:49:04.412+0000] GC(689) Concurrent Scan Root Regions 45.686ms
[2025-08-01T03:49:04.412+0000] GC(689) Concurrent Mark
[2025-08-01T03:49:04.412+0000] GC(689) Concurrent Mark From Roots
[2025-08-01T03:49:04.412+0000] GC(689) Using 2 workers of 2 for marking
[2025-08-01T03:49:04.456+0000] GC(690)   Pre Evacuate Collection Set: 0.8ms
[2025-08-01T03:49:04.456+0000] GC(690)   Merge Heap Roots: 0.2ms
[2025-08-01T03:49:04.456+0000] GC(690)   Evacuate Collection Set: 42.5ms
[2025-08-01T03:49:04.456+0000] GC(690)   Post Evacuate Collection Set: 0.8ms
[2025-08-01T03:49:04.456+0000] GC(690)   Other: 0.1ms
[2025-08-01T03:49:04.456+0000] GC(690) Eden regions: 106->0(85)
[2025-08-01T03:49:04.456+0000] GC(690) Survivor regions: 25->17(17)
[2025-08-01T03:49:04.456+0000] GC(690) Old regions: 1688->1804
[2025-08-01T03:49:04.456+0000] GC(690) Humongous regions: 0->0
[2025-08-01T03:49:04.456+0000] GC(690) Metaspace: 10593K(10816K)->10593K(10816K) NonClass: 9335K(9472K)->9335K(9472K) Class: 1258K(1344K)->1258K(1344K)
[2025-08-01T03:49:04.456+0000] GC(690) Pause Young (Normal) (G1 Evacuation Pause) 3637M->3640M(4096M) 68.173ms
[2025-08-01T03:49:04.456+0000] GC(690) User=0.38s Sys=0.01s Real=0.07s
[2025-08-01T03:49:04.473+0000] GC(691) Pause Young (Normal) (G1 Evacuation Pause)
[2025-08-01T03:49:04.474+0000] GC(691) Using 8 workers of 8 for evacuation
[2025-08-01T03:49:04.505+0000] GC(691)   Pre Evacuate Collection Set: 0.7ms
[2025-08-01T03:49:04.505+0000] GC(691)   Merge Heap Roots: 0.2ms
[2025-08-01T03:49:04.505+0000] GC(691)   Evacuate Collection Set: 29.2ms
[2025-08-01T03:49:04.505+0000] GC(691)   Post Evacuate Collection Set: 1.1ms
[2025-08-01T03:49:04.505+0000] GC(691)   Other: 0.1ms
[2025-08-01T03:49:04.505+0000] GC(691) Eden regions: 85->0(89)
[2025-08-01T03:49:04.505+0000] GC(691) Survivor regions: 17->13(13)
[2025-08-01T03:49:04.505+0000] GC(691) Old regions: 1804->1893
[2025-08-01T03:49:04.505+0000] GC(691) Humongous regions: 0->0
[2025-08-01T03:49:04.505+0000] GC(691) Metaspace: 10593K(10816K)->10593K(10816K) NonClass: 9335K(9472K)->9335K(9472K) Class: 1258K(1344K)->1258K(1344K)
[2025-08-01T03:49:04.505+0000] GC(691) Pause Young (Normal) (G1 Evacuation Pause) 3810M->3811M(4096M) 31.771ms
[2025-08-01T03:49:04.505+0000] GC(691) User=0.24s Sys=0.00s Real=0.03s
[2025-08-01T03:49:04.533+0000] GC(692) Pause Young (Normal) (G1 Evacuation Pause)
[2025-08-01T03:49:04.533+0000] GC(692) Using 8 workers of 8 for evacuation
[2025-08-01T03:49:04.565+0000] GC(692)   Pre Evacuate Collection Set: 0.5ms
[2025-08-01T03:49:04.565+0000] GC(692)   Merge Heap Roots: 0.3ms
[2025-08-01T03:49:04.565+0000] GC(692)   Evacuate Collection Set: 26.5ms
[2025-08-01T03:49:04.565+0000] GC(692)   Post Evacuate Collection Set: 4.3ms
[2025-08-01T03:49:04.565+0000] GC(692)   Other: 0.3ms
[2025-08-01T03:49:04.565+0000] GC(692) Eden regions: 89->0(25)
[2025-08-01T03:49:04.565+0000] GC(692) Survivor regions: 13->13(13)
[2025-08-01T03:49:04.565+0000] GC(692) Old regions: 1893->1997
[2025-08-01T03:49:04.565+0000] GC(692) Humongous regions: 0->0
[2025-08-01T03:49:04.565+0000] GC(692) Metaspace: 10593K(10816K)->10593K(10816K) NonClass: 9335K(9472K)->9335K(9472K) Class: 1258K(1344K)->1258K(1344K)
[2025-08-01T03:49:04.565+0000] GC(692) Pause Young (Normal) (G1 Evacuation Pause) (Evacuation Failure) 3989M->4019M(4096M) 32.215ms
[2025-08-01T03:49:04.565+0000] GC(692) User=0.22s Sys=0.00s Real=0.03s
[2025-08-01T03:49:04.570+0000] GC(693) Pause Young (Normal) (G1 Evacuation Pause)
[2025-08-01T03:49:04.571+0000] GC(693) Using 8 workers of 8 for evacuation
[2025-08-01T03:49:04.583+0000] GC(693)   Pre Evacuate Collection Set: 0.7ms
[2025-08-01T03:49:04.583+0000] GC(693)   Merge Heap Roots: 0.2ms
[2025-08-01T03:49:04.583+0000] GC(693)   Evacuate Collection Set: 8.7ms
[2025-08-01T03:49:04.583+0000] GC(693)   Post Evacuate Collection Set: 2.8ms
[2025-08-01T03:49:04.583+0000] GC(693)   Other: 0.1ms
[2025-08-01T03:49:04.583+0000] GC(693) Eden regions: 25->0(3)
[2025-08-01T03:49:04.583+0000] GC(693) Survivor regions: 13->3(5)
[2025-08-01T03:49:04.583+0000] GC(693) Old regions: 1997->2039
[2025-08-01T03:49:04.583+0000] GC(693) Humongous regions: 0->0
[2025-08-01T03:49:04.583+0000] GC(693) Metaspace: 10593K(10816K)->10593K(10816K) NonClass: 9335K(9472K)->9335K(9472K) Class: 1258K(1344K)->1258K(1344K)
[2025-08-01T03:49:04.583+0000] GC(693) Pause Young (Normal) (G1 Evacuation Pause) (Evacuation Failure) 4069M->4083M(4096M) 12.851ms
[2025-08-01T03:49:04.583+0000] GC(693) User=0.06s Sys=0.01s Real=0.02s
[2025-08-01T03:49:04.584+0000] GC(694) Pause Young (Normal) (G1 Evacuation Pause)
[2025-08-01T03:49:04.584+0000] GC(694) Using 8 workers of 8 for evacuation
[2025-08-01T03:49:04.588+0000] GC(694)   Pre Evacuate Collection Set: 0.6ms
[2025-08-01T03:49:04.588+0000] GC(694)   Merge Heap Roots: 0.2ms
[2025-08-01T03:49:04.588+0000] GC(694)   Evacuate Collection Set: 1.8ms
[2025-08-01T03:49:04.588+0000] GC(694)   Post Evacuate Collection Set: 1.0ms
[2025-08-01T03:49:04.588+0000] GC(694)   Other: 0.1ms
[2025-08-01T03:49:04.588+0000] GC(694) Eden regions: 3->0(0)
[2025-08-01T03:49:04.588+0000] GC(694) Survivor regions: 3->1(1)
[2025-08-01T03:49:04.588+0000] GC(694) Old regions: 2039->2047
[2025-08-01T03:49:04.588+0000] GC(694) Humongous regions: 0->0
[2025-08-01T03:49:04.588+0000] GC(694) Metaspace: 10593K(10816K)->10593K(10816K) NonClass: 9335K(9472K)->9335K(9472K) Class: 1258K(1344K)->1258K(1344K)
[2025-08-01T03:49:04.588+0000] GC(694) Pause Young (Normal) (G1 Evacuation Pause) (Evacuation Failure) 4089M->4095M(4096M) 4.026ms
[2025-08-01T03:49:04.588+0000] GC(694) User=0.02s Sys=0.00s Real=0.00s
[2025-08-01T03:49:04.588+0000] Attempting full compaction
[2025-08-01T03:49:04.588+0000] GC(695) Pause Full (G1 Compaction Pause)
[2025-08-01T03:49:04.588+0000] GC(695) Using 8 workers of 8 for full compaction
[2025-08-01T03:49:04.593+0000] GC(695) Phase 1: Mark live objects
[2025-08-01T03:49:04.633+0000] GC(695) Phase 1: Mark live objects 39.488ms
[2025-08-01T03:49:04.633+0000] GC(695) Phase 2: Prepare compaction
[2025-08-01T03:49:04.648+0000] GC(695) Phase 2: Prepare compaction 15.541ms
[2025-08-01T03:49:04.649+0000] GC(695) Phase 3: Adjust pointers
[2025-08-01T03:49:04.682+0000] GC(695) Phase 3: Adjust pointers 33.778ms
[2025-08-01T03:49:04.682+0000] GC(695) Phase 4: Compact heap
[2025-08-01T03:49:04.733+0000] GC(695) Phase 4: Compact heap 50.235ms
[2025-08-01T03:49:04.733+0000] GC(695) Phase 5: Reset Metadata
[2025-08-01T03:49:04.760+0000] GC(695) Phase 5: Reset Metadata 27.410ms
[2025-08-01T03:49:04.768+0000] GC(695) Eden regions: 0->0(508)
[2025-08-01T03:49:04.768+0000] GC(695) Survivor regions: 1->0(1)
[2025-08-01T03:49:04.768+0000] GC(695) Old regions: 2047->474
[2025-08-01T03:49:04.768+0000] GC(695) Humongous regions: 0->0
[2025-08-01T03:49:04.768+0000] GC(695) Metaspace: 10593K(10816K)->10593K(10816K) NonClass: 9335K(9472K)->9335K(9472K) Class: 1258K(1344K)->1258K(1344K)
[2025-08-01T03:49:04.768+0000] GC(695) Pause Full (G1 Compaction Pause) 4095M->940M(4096M) 180.151ms
[2025-08-01T03:49:04.769+0000] GC(695) User=1.32s Sys=0.00s Real=0.18s
[2025-08-01T03:49:04.769+0000] GC(689) Concurrent Mark From Roots 357.020ms
[2025-08-01T03:49:04.769+0000] GC(689) Concurrent Mark Abort
[2025-08-01T03:49:04.769+0000] GC(689) Concurrent Mark Cycle 403.147ms
[2025-08-01T03:49:04.969+0000] GC(696) Pause Young (Normal) (G1 Evacuation Pause)
[2025-08-01T03:49:04.970+0000] GC(696) Using 8 workers of 8 for evacuation
[2025-08-01T03:49:05.100+0000] GC(696)   Pre Evacuate Collection Set: 0.5ms
[2025-08-01T03:49:05.100+0000] GC(696)   Merge Heap Roots: 0.3ms
[2025-08-01T03:49:05.100+0000] GC(696)   Evacuate Collection Set: 128.3ms
[2025-08-01T03:49:05.100+0000] GC(696)   Post Evacuate Collection Set: 1.3ms
[2025-08-01T03:49:05.100+0000] GC(696)   Other: 0.1ms
[2025-08-01T03:49:05.100+0000] GC(696) Eden regions: 508->0(449)
[2025-08-01T03:49:05.100+0000] GC(696) Survivor regions: 0->64(64)
[2025-08-01T03:49:05.100+0000] GC(696) Old regions: 474->660
[2025-08-01T03:49:05.100+0000] GC(696) Humongous regions: 0->0
[2025-08-01T03:49:05.100+0000] GC(696) Metaspace: 10593K(10816K)->10593K(10816K) NonClass: 9335K(9472K)->9335K(9472K) Class: 1258K(1344K)->1258K(1344K)
[2025-08-01T03:49:05.100+0000] GC(696) Pause Young (Normal) (G1 Evacuation Pause) 1956M->1440M(4096M) 130.851ms
[2025-08-01T03:49:05.100+0000] GC(696) User=0.96s Sys=0.04s Real=0.13s
[2025-08-01T03:49:05.270+0000] GC(697) Pause Young (Concurrent Start) (G1 Evacuation Pause)
[2025-08-01T03:49:05.270+0000] GC(697) Using 8 workers of 8 for evacuation
[2025-08-01T03:49:05.439+0000] GC(697)   Pre Evacuate Collection Set: 1.7ms
[2025-08-01T03:49:05.440+0000] GC(697)   Merge Heap Roots: 0.3ms
[2025-08-01T03:49:05.440+0000] GC(697)   Evacuate Collection Set: 166.0ms
[2025-08-01T03:49:05.440+0000] GC(697)   Post Evacuate Collection Set: 1.4ms
[2025-08-01T03:49:05.440+0000] GC(697)   Other: 0.3ms
[2025-08-01T03:49:05.440+0000] GC(697) Eden regions: 449->0(334)
[2025-08-01T03:49:05.440+0000] GC(697) Survivor regions: 64->65(65)
[2025-08-01T03:49:05.440+0000] GC(697) Old regions: 660->992
[2025-08-01T03:49:05.440+0000] GC(697) Humongous regions: 0->0
[2025-08-01T03:49:05.440+0000] GC(697) Metaspace: 10593K(10816K)->10593K(10816K) NonClass: 9335K(9472K)->9335K(9472K) Class: 1258K(1344K)->1258K(1344K)
[2025-08-01T03:49:05.440+0000] GC(697) Pause Young (Concurrent Start) (G1 Evacuation Pause) 2338M->2105M(4096M) 170.040ms
[2025-08-01T03:49:05.440+0000] GC(697) User=1.28s Sys=0.03s Real=0.17s
[2025-08-01T03:49:05.440+0000] GC(698) Concurrent Mark Cycle
[2025-08-01T03:49:05.440+0000] GC(698) Concurrent Scan Root Regions
[2025-08-01T03:49:05.524+0000] GC(698) Concurrent Scan Root Regions 84.309ms
[2025-08-01T03:49:05.524+0000] GC(698) Concurrent Mark
[2025-08-01T03:49:05.524+0000] GC(698) Concurrent Mark From Roots
[2025-08-01T03:49:05.524+0000] GC(698) Using 2 workers of 2 for marking
[2025-08-01T03:49:05.566+0000] GC(698) Concurrent Mark From Roots 41.896ms
[2025-08-01T03:49:05.566+0000] GC(698) Concurrent Preclean
[2025-08-01T03:49:05.566+0000] GC(698) Concurrent Preclean 0.024ms
[2025-08-01T03:49:05.567+0000] GC(698) Pause Remark
[2025-08-01T03:49:05.570+0000] GC(698) Pause Remark 2680M->1708M(4096M) 3.938ms
[2025-08-01T03:49:05.571+0000] GC(698) User=0.01s Sys=0.00s Real=0.00s
[2025-08-01T03:49:05.571+0000] GC(698) Concurrent Mark 46.272ms
[2025-08-01T03:49:05.571+0000] GC(698) Concurrent Rebuild Remembered Sets and Scrub Regions
[2025-08-01T03:49:05.585+0000] GC(699) Pause Young (Normal) (G1 Evacuation Pause)
[2025-08-01T03:49:05.585+0000] GC(699) Using 8 workers of 8 for evacuation
[2025-08-01T03:49:05.637+0000] GC(699)   Pre Evacuate Collection Set: 0.7ms
[2025-08-01T03:49:05.637+0000] GC(699)   Merge Heap Roots: 0.3ms
[2025-08-01T03:49:05.637+0000] GC(699)   Evacuate Collection Set: 50.0ms
[2025-08-01T03:49:05.637+0000] GC(699)   Post Evacuate Collection Set: 1.1ms
[2025-08-01T03:49:05.637+0000] GC(699)   Other: 0.1ms
[2025-08-01T03:49:05.637+0000] GC(699) Eden regions: 334->0(493)
[2025-08-01T03:49:05.637+0000] GC(699) Survivor regions: 65->50(50)
[2025-08-01T03:49:05.637+0000] GC(699) Old regions: 504->593
[2025-08-01T03:49:05.637+0000] GC(699) Humongous regions: 0->0
[2025-08-01T03:49:05.637+0000] GC(699) Metaspace: 10593K(10816K)->10593K(10816K) NonClass: 9335K(9472K)->9335K(9472K) Class: 1258K(1344K)->1258K(1344K)
[2025-08-01T03:49:05.637+0000] GC(699) Pause Young (Normal) (G1 Evacuation Pause) 1801M->1282M(4096M) 52.442ms
[2025-08-01T03:49:05.638+0000] GC(699) User=0.37s Sys=0.01s Real=0.05s
[2025-08-01T03:49:05.742+0000] GC(698) Concurrent Rebuild Remembered Sets and Scrub Regions 171.139ms
[2025-08-01T03:49:05.742+0000] GC(698) Pause Cleanup
[2025-08-01T03:49:05.746+0000] GC(698) Pause Cleanup 1844M->1844M(4096M) 3.281ms
[2025-08-01T03:49:05.746+0000] GC(698) User=0.01s Sys=0.01s Real=0.01s
[2025-08-01T03:49:05.746+0000] GC(698) Concurrent Clear Claimed Marks
[2025-08-01T03:49:05.746+0000] GC(698) Concurrent Clear Claimed Marks 0.054ms
[2025-08-01T03:49:05.746+0000] GC(698) Concurrent Cleanup for Next Mark
[2025-08-01T03:49:05.757+0000] GC(698) Concurrent Cleanup for Next Mark 10.822ms
[2025-08-01T03:49:05.757+0000] GC(698) Concurrent Mark Cycle 317.149ms
[2025-08-01T03:49:05.839+0000] GC(700) Pause Young (Prepare Mixed) (G1 Evacuation Pause)
[2025-08-01T03:49:05.839+0000] GC(700) Using 8 workers of 8 for evacuation
[2025-08-01T03:49:06.090+0000] GC(700) MMU target violated: 201.0ms (200.0ms/201.0ms)
[2025-08-01T03:49:06.090+0000] GC(700)   Pre Evacuate Collection Set: 0.6ms
[2025-08-01T03:49:06.090+0000] GC(700)   Merge Heap Roots: 0.7ms
[2025-08-01T03:49:06.090+0000] GC(700)   Evacuate Collection Set: 248.8ms
[2025-08-01T03:49:06.090+0000] GC(700)   Post Evacuate Collection Set: 1.1ms
[2025-08-01T03:49:06.090+0000] GC(700)   Other: 0.2ms
[2025-08-01T03:49:06.090+0000] GC(700) Eden regions: 493->0(301)
[2025-08-01T03:49:06.091+0000] GC(700) Survivor regions: 50->68(68)
[2025-08-01T03:49:06.091+0000] GC(700) Old regions: 593->1069
[2025-08-01T03:49:06.091+0000] GC(700) Humongous regions: 0->0
[2025-08-01T03:49:06.091+0000] GC(700) Metaspace: 10593K(10816K)->10593K(10816K) NonClass: 9335K(9472K)->9335K(9472K) Class: 1258K(1344K)->1258K(1344K)
[2025-08-01T03:49:06.091+0000] GC(700) Pause Young (Prepare Mixed) (G1 Evacuation Pause) 2268M->2269M(4096M) 251.584ms
[2025-08-01T03:49:06.091+0000] GC(700) User=1.89s Sys=0.06s Real=0.25s
[2025-08-01T03:49:06.193+0000] GC(701) Pause Young (Mixed) (G1 Evacuation Pause)
[2025-08-01T03:49:06.193+0000] GC(701) Using 8 workers of 8 for evacuation
[2025-08-01T03:49:06.382+0000] GC(701)   Pre Evacuate Collection Set: 0.9ms
[2025-08-01T03:49:06.382+0000] GC(701)   Merge Heap Roots: 0.2ms
[2025-08-01T03:49:06.383+0000] GC(701)   Evacuate Collection Set: 187.4ms
[2025-08-01T03:49:06.383+0000] GC(701)   Post Evacuate Collection Set: 1.0ms
[2025-08-01T03:49:06.383+0000] GC(701)   Other: 0.1ms
[2025-08-01T03:49:06.383+0000] GC(701) Eden regions: 301->0(203)
[2025-08-01T03:49:06.383+0000] GC(701) Survivor regions: 68->47(47)
[2025-08-01T03:49:06.383+0000] GC(701) Old regions: 1069->1360
[2025-08-01T03:49:06.383+0000] GC(701) Humongous regions: 0->0
[2025-08-01T03:49:06.383+0000] GC(701) Metaspace: 10593K(10816K)->10593K(10816K) NonClass: 9335K(9472K)->9335K(9472K) Class: 1258K(1344K)->1258K(1344K)
[2025-08-01T03:49:06.383+0000] GC(701) Pause Young (Mixed) (G1 Evacuation Pause) 2871M->2812M(4096M) 189.896ms
[2025-08-01T03:49:06.383+0000] GC(701) User=1.42s Sys=0.04s Real=0.19s
[2025-08-01T03:49:06.468+0000] GC(702) Pause Young (Concurrent Start) (G1 Evacuation Pause)
[2025-08-01T03:49:06.468+0000] GC(702) Using 8 workers of 8 for evacuation
[2025-08-01T03:49:06.555+0000] GC(702)   Pre Evacuate Collection Set: 1.2ms
[2025-08-01T03:49:06.556+0000] GC(702)   Merge Heap Roots: 0.2ms
[2025-08-01T03:49:06.556+0000] GC(702)   Evacuate Collection Set: 84.9ms
[2025-08-01T03:49:06.556+0000] GC(702)   Post Evacuate Collection Set: 1.0ms
[2025-08-01T03:49:06.556+0000] GC(702)   Other: 0.2ms
[2025-08-01T03:49:06.556+0000] GC(702) Eden regions: 203->0(152)
[2025-08-01T03:49:06.556+0000] GC(702) Survivor regions: 47->32(32)
[2025-08-01T03:49:06.556+0000] GC(702) Old regions: 1360->1526
[2025-08-01T03:49:06.556+0000] GC(702) Humongous regions: 0->0
[2025-08-01T03:49:06.556+0000] GC(702) Metaspace: 10593K(10816K)->10593K(10816K) NonClass: 9335K(9472K)->9335K(9472K) Class: 1258K(1344K)->1258K(1344K)
[2025-08-01T03:49:06.556+0000] GC(702) Pause Young (Concurrent Start) (G1 Evacuation Pause) 3218M->3114M(4096M) 87.875ms
[2025-08-01T03:49:06.556+0000] GC(702) User=0.65s Sys=0.03s Real=0.09s
[2025-08-01T03:49:06.556+0000] GC(703) Concurrent Mark Cycle
[2025-08-01T03:49:06.556+0000] GC(703) Concurrent Scan Root Regions
[2025-08-01T03:49:06.593+0000] GC(703) Concurrent Scan Root Regions 37.110ms
[2025-08-01T03:49:06.593+0000] GC(703) Concurrent Mark
[2025-08-01T03:49:06.593+0000] GC(703) Concurrent Mark From Roots
[2025-08-01T03:49:06.593+0000] GC(703) Using 2 workers of 2 for marking
[2025-08-01T03:49:06.625+0000] GC(703) Concurrent Mark From Roots 31.585ms
[2025-08-01T03:49:06.625+0000] GC(703) Concurrent Preclean
[2025-08-01T03:49:06.625+0000] GC(703) Concurrent Preclean 0.147ms
[2025-08-01T03:49:06.626+0000] GC(703) Pause Remark
[2025-08-01T03:49:06.631+0000] GC(703) Pause Remark 3362M->820M(4096M) 5.094ms
[2025-08-01T03:49:06.631+0000] GC(703) User=0.02s Sys=0.00s Real=0.00s
[2025-08-01T03:49:06.631+0000] GC(703) Concurrent Mark 38.212ms
[2025-08-01T03:49:06.631+0000] GC(703) Concurrent Rebuild Remembered Sets and Scrub Regions
[2025-08-01T03:49:06.638+0000] GC(704) Pause Young (Normal) (G1 Evacuation Pause)
[2025-08-01T03:49:06.638+0000] GC(704) Using 8 workers of 8 for evacuation
[2025-08-01T03:49:06.709+0000] GC(704)   Pre Evacuate Collection Set: 0.6ms
[2025-08-01T03:49:06.709+0000] GC(704)   Merge Heap Roots: 0.1ms
[2025-08-01T03:49:06.709+0000] GC(704)   Evacuate Collection Set: 68.9ms
[2025-08-01T03:49:06.709+0000] GC(704)   Post Evacuate Collection Set: 1.1ms
[2025-08-01T03:49:06.709+0000] GC(704)   Other: 0.1ms
[2025-08-01T03:49:06.709+0000] GC(704) Eden regions: 152->0(523)
[2025-08-01T03:49:06.709+0000] GC(704) Survivor regions: 32->23(23)
[2025-08-01T03:49:06.709+0000] GC(704) Old regions: 255->417
[2025-08-01T03:49:06.709+0000] GC(704) Humongous regions: 0->0
[2025-08-01T03:49:06.709+0000] GC(704) Metaspace: 10593K(10816K)->10593K(10816K) NonClass: 9335K(9472K)->9335K(9472K) Class: 1258K(1344K)->1258K(1344K)
[2025-08-01T03:49:06.709+0000] GC(704) Pause Young (Normal) (G1 Evacuation Pause) 876M->879M(4096M) 71.126ms
[2025-08-01T03:49:06.709+0000] GC(704) User=0.51s Sys=0.02s Real=0.07s
[2025-08-01T03:49:06.758+0000] GC(703) Concurrent Rebuild Remembered Sets and Scrub Regions 127.157ms
[2025-08-01T03:49:06.759+0000] GC(703) Pause Cleanup
[2025-08-01T03:49:06.760+0000] GC(703) Pause Cleanup 1021M->1021M(4096M) 0.829ms
[2025-08-01T03:49:06.760+0000] GC(703) User=0.00s Sys=0.00s Real=0.00s
[2025-08-01T03:49:06.760+0000] GC(703) Concurrent Clear Claimed Marks
[2025-08-01T03:49:06.760+0000] GC(703) Concurrent Clear Claimed Marks 0.036ms
[2025-08-01T03:49:06.760+0000] GC(703) Concurrent Cleanup for Next Mark
[2025-08-01T03:49:06.768+0000] GC(703) Concurrent Cleanup for Next Mark 7.714ms
[2025-08-01T03:49:06.768+0000] GC(703) Concurrent Mark Cycle 211.974ms
[2025-08-01T03:49:06.970+0000] GC(705) Pause Young (Prepare Mixed) (G1 Evacuation Pause)
[2025-08-01T03:49:06.970+0000] GC(705) Using 8 workers of 8 for evacuation
[2025-08-01T03:49:07.151+0000] GC(705)   Pre Evacuate Collection Set: 0.9ms
[2025-08-01T03:49:07.151+0000] GC(705)   Merge Heap Roots: 0.4ms
[2025-08-01T03:49:07.151+0000] GC(705)   Evacuate Collection Set: 178.2ms
[2025-08-01T03:49:07.151+0000] GC(705)   Post Evacuate Collection Set: 1.2ms
[2025-08-01T03:49:07.151+0000] GC(705)   Other: 0.1ms
[2025-08-01T03:49:07.151+0000] GC(705) Eden regions: 522->0(356)
[2025-08-01T03:49:07.151+0000] GC(705) Survivor regions: 23->69(69)
[2025-08-01T03:49:07.151+0000] GC(705) Old regions: 417->819
[2025-08-01T03:49:07.151+0000] GC(705) Humongous regions: 0->0
[2025-08-01T03:49:07.151+0000] GC(705) Metaspace: 10593K(10816K)->10593K(10816K) NonClass: 9335K(9472K)->9335K(9472K) Class: 1258K(1344K)->1258K(1344K)
[2025-08-01T03:49:07.151+0000] GC(705) Pause Young (Prepare Mixed) (G1 Evacuation Pause) 1923M->1774M(4096M) 181.045ms
[2025-08-01T03:49:07.151+0000] GC(705) User=1.38s Sys=0.03s Real=0.18s
[2025-08-01T03:49:07.325+0000] GC(706) Pause Young (Mixed) (G1 Evacuation Pause)
[2025-08-01T03:49:07.325+0000] GC(706) Using 8 workers of 8 for evacuation
[2025-08-01T03:49:07.451+0000] GC(706)   Pre Evacuate Collection Set: 0.8ms
[2025-08-01T03:49:07.451+0000] GC(706)   Merge Heap Roots: 0.4ms
[2025-08-01T03:49:07.451+0000] GC(706)   Evacuate Collection Set: 121.9ms
[2025-08-01T03:49:07.451+0000] GC(706)   Merge Optional Heap Roots: 0.1ms
[2025-08-01T03:49:07.451+0000] GC(706)   Evacuate Optional Collection Set: 1.3ms
[2025-08-01T03:49:07.451+0000] GC(706)   Post Evacuate Collection Set: 1.0ms
[2025-08-01T03:49:07.451+0000] GC(706)   Other: 0.1ms
[2025-08-01T03:49:07.451+0000] GC(706) Eden regions: 355->0(301)
[2025-08-01T03:49:07.451+0000] GC(706) Survivor regions: 69->53(53)
[2025-08-01T03:49:07.451+0000] GC(706) Old regions: 819->1061
[2025-08-01T03:49:07.451+0000] GC(706) Humongous regions: 0->0
[2025-08-01T03:49:07.451+0000] GC(706) Metaspace: 10593K(10816K)->10593K(10816K) NonClass: 9335K(9472K)->9335K(9472K) Class: 1258K(1344K)->1258K(1344K)
[2025-08-01T03:49:07.451+0000] GC(706) Pause Young (Mixed) (G1 Evacuation Pause) 2484M->2226M(4096M) 125.941ms
[2025-08-01T03:49:07.451+0000] GC(706) User=0.93s Sys=0.03s Real=0.12s
[2025-08-01T03:49:07.609+0000] GC(707) Pause Young (Mixed) (G1 Evacuation Pause)
[2025-08-01T03:49:07.609+0000] GC(707) Using 8 workers of 8 for evacuation
[2025-08-01T03:49:07.768+0000] GC(707)   Pre Evacuate Collection Set: 0.9ms
[2025-08-01T03:49:07.768+0000] GC(707)   Merge Heap Roots: 0.5ms
[2025-08-01T03:49:07.768+0000] GC(707)   Evacuate Collection Set: 156.0ms
[2025-08-01T03:49:07.768+0000] GC(707)   Post Evacuate Collection Set: 1.8ms
[2025-08-01T03:49:07.768+0000] GC(707)   Other: 0.1ms
[2025-08-01T03:49:07.768+0000] GC(707) Eden regions: 301->0(235)
[2025-08-01T03:49:07.768+0000] GC(707) Survivor regions: 53->45(45)
[2025-08-01T03:49:07.768+0000] GC(707) Old regions: 1061->1264
[2025-08-01T03:49:07.768+0000] GC(707) Humongous regions: 0->0
[2025-08-01T03:49:07.768+0000] GC(707) Metaspace: 10593K(10816K)->10593K(10816K) NonClass: 9335K(9472K)->9335K(9472K) Class: 1258K(1344K)->1258K(1344K)
[2025-08-01T03:49:07.768+0000] GC(707) Pause Young (Mixed) (G1 Evacuation Pause) 2828M->2616M(4096M) 159.625ms
[2025-08-01T03:49:07.768+0000] GC(707) User=1.19s Sys=0.03s Real=0.16s
[2025-08-01T03:49:07.862+0000] GC(708) Pause Young (Concurrent Start) (G1 Evacuation Pause)
[2025-08-01T03:49:07.862+0000] GC(708) Using 8 workers of 8 for evacuation
[2025-08-01T03:49:07.976+0000] GC(708)   Pre Evacuate Collection Set: 1.6ms
[2025-08-01T03:49:07.976+0000] GC(708)   Merge Heap Roots: 0.3ms
[2025-08-01T03:49:07.976+0000] GC(708)   Evacuate Collection Set: 110.6ms
[2025-08-01T03:49:07.976+0000] GC(708)   Post Evacuate Collection Set: 1.2ms
[2025-08-01T03:49:07.976+0000] GC(708)   Other: 0.3ms
[2025-08-01T03:49:07.976+0000] GC(708) Eden regions: 235->0(156)
[2025-08-01T03:49:07.976+0000] GC(708) Survivor regions: 45->35(35)
[2025-08-01T03:49:07.976+0000] GC(708) Old regions: 1264->1511
[2025-08-01T03:49:07.976+0000] GC(708) Humongous regions: 0->0
[2025-08-01T03:49:07.976+0000] GC(708) Metaspace: 10593K(10816K)->10593K(10816K) NonClass: 9335K(9472K)->9335K(9472K) Class: 1258K(1344K)->1258K(1344K)
[2025-08-01T03:49:07.976+0000] GC(708) Pause Young (Concurrent Start) (G1 Evacuation Pause) 3086M->3091M(4096M) 114.344ms
[2025-08-01T03:49:07.976+0000] GC(708) User=0.75s Sys=0.05s Real=0.12s
[2025-08-01T03:49:07.976+0000] GC(709) Concurrent Mark Cycle
[2025-08-01T03:49:07.976+0000] GC(709) Concurrent Scan Root Regions
[2025-08-01T03:49:08.038+0000] GC(709) Concurrent Scan Root Regions 61.076ms
[2025-08-01T03:49:08.038+0000] GC(709) Concurrent Mark
[2025-08-01T03:49:08.038+0000] GC(709) Concurrent Mark From Roots
[2025-08-01T03:49:08.038+0000] GC(709) Using 2 workers of 2 for marking
[2025-08-01T03:49:08.056+0000] GC(710) Pause Young (Normal) (G1 Evacuation Pause)
[2025-08-01T03:49:08.056+0000] GC(710) Using 8 workers of 8 for evacuation
[2025-08-01T03:49:08.092+0000] GC(710)   Pre Evacuate Collection Set: 0.9ms
[2025-08-01T03:49:08.092+0000] GC(710)   Merge Heap Roots: 0.4ms
[2025-08-01T03:49:08.092+0000] GC(710)   Evacuate Collection Set: 33.5ms
[2025-08-01T03:49:08.092+0000] GC(710)   Post Evacuate Collection Set: 0.9ms
[2025-08-01T03:49:08.092+0000] GC(710)   Other: 0.1ms
[2025-08-01T03:49:08.092+0000] GC(710) Eden regions: 156->0(143)
[2025-08-01T03:49:08.092+0000] GC(710) Survivor regions: 35->24(24)
[2025-08-01T03:49:08.092+0000] GC(710) Old regions: 1511->1583
[2025-08-01T03:49:08.092+0000] GC(710) Humongous regions: 0->0
[2025-08-01T03:49:08.092+0000] GC(710) Metaspace: 10593K(10816K)->10593K(10816K) NonClass: 9335K(9472K)->9335K(9472K) Class: 1258K(1344K)->1258K(1344K)
[2025-08-01T03:49:08.092+0000] GC(710) Pause Young (Normal) (G1 Evacuation Pause) 3403M->3212M(4096M) 36.295ms
[2025-08-01T03:49:08.092+0000] GC(710) User=0.25s Sys=0.01s Real=0.03s
[2025-08-01T03:49:08.166+0000] GC(711) Pause Young (Normal) (G1 Evacuation Pause)
[2025-08-01T03:49:08.166+0000] GC(711) Using 8 workers of 8 for evacuation
[2025-08-01T03:49:08.226+0000] GC(711)   Pre Evacuate Collection Set: 1.6ms
[2025-08-01T03:49:08.226+0000] GC(711)   Merge Heap Roots: 0.2ms
[2025-08-01T03:49:08.226+0000] GC(711)   Evacuate Collection Set: 57.7ms
[2025-08-01T03:49:08.226+0000] GC(711)   Post Evacuate Collection Set: 0.7ms
[2025-08-01T03:49:08.226+0000] GC(711)   Other: 0.1ms
[2025-08-01T03:49:08.226+0000] GC(711) Eden regions: 143->0(93)
[2025-08-01T03:49:08.226+0000] GC(711) Survivor regions: 24->21(21)
[2025-08-01T03:49:08.226+0000] GC(711) Old regions: 1583->1730
[2025-08-01T03:49:08.226+0000] GC(711) Humongous regions: 0->0
[2025-08-01T03:49:08.226+0000] GC(711) Metaspace: 10593K(10816K)->10593K(10816K) NonClass: 9335K(9472K)->9335K(9472K) Class: 1258K(1344K)->1258K(1344K)
[2025-08-01T03:49:08.226+0000] GC(711) Pause Young (Normal) (G1 Evacuation Pause) 3498M->3500M(4096M) 60.507ms
[2025-08-01T03:49:08.226+0000] GC(711) User=0.45s Sys=0.01s Real=0.06s
[2025-08-01T03:49:08.244+0000] GC(712) Pause Young (Normal) (G1 Evacuation Pause)
[2025-08-01T03:49:08.245+0000] GC(712) Using 8 workers of 8 for evacuation
[2025-08-01T03:49:08.281+0000] GC(712)   Pre Evacuate Collection Set: 0.7ms
[2025-08-01T03:49:08.281+0000] GC(712)   Merge Heap Roots: 0.1ms
[2025-08-01T03:49:08.281+0000] GC(712)   Evacuate Collection Set: 35.0ms
[2025-08-01T03:49:08.281+0000] GC(712)   Post Evacuate Collection Set: 0.8ms
[2025-08-01T03:49:08.281+0000] GC(712)   Other: 0.1ms
[2025-08-01T03:49:08.281+0000] GC(712) Eden regions: 93->0(87)
[2025-08-01T03:49:08.281+0000] GC(712) Survivor regions: 21->15(15)
[2025-08-01T03:49:08.281+0000] GC(712) Old regions: 1730->1831
[2025-08-01T03:49:08.281+0000] GC(712) Humongous regions: 0->0
[2025-08-01T03:49:08.281+0000] GC(712) Metaspace: 10593K(10816K)->10593K(10816K) NonClass: 9335K(9472K)->9335K(9472K) Class: 1258K(1344K)->1258K(1344K)
[2025-08-01T03:49:08.282+0000] GC(712) Pause Young (Normal) (G1 Evacuation Pause) 3686M->3691M(4096M) 37.131ms
[2025-08-01T03:49:08.282+0000] GC(712) User=0.28s Sys=0.00s Real=0.03s
[2025-08-01T03:49:08.332+0000] GC(709) Concurrent Mark From Roots 294.372ms
[2025-08-01T03:49:08.332+0000] GC(709) Concurrent Preclean
[2025-08-01T03:49:08.332+0000] GC(709) Concurrent Preclean 0.025ms
[2025-08-01T03:49:08.332+0000] GC(709) Pause Remark
[2025-08-01T03:49:08.335+0000] GC(709) Pause Remark 3835M->2187M(4096M) 2.647ms
[2025-08-01T03:49:08.335+0000] GC(709) User=0.01s Sys=0.00s Real=0.01s
[2025-08-01T03:49:08.335+0000] GC(709) Concurrent Mark 297.415ms
[2025-08-01T03:49:08.335+0000] GC(709) Concurrent Rebuild Remembered Sets and Scrub Regions
[2025-08-01T03:49:08.346+0000] GC(713) Pause Young (Normal) (G1 Evacuation Pause)
[2025-08-01T03:49:08.347+0000] GC(713) Using 8 workers of 8 for evacuation
[2025-08-01T03:49:08.388+0000] GC(713)   Pre Evacuate Collection Set: 0.7ms
[2025-08-01T03:49:08.388+0000] GC(713)   Merge Heap Roots: 0.1ms
[2025-08-01T03:49:08.388+0000] GC(713)   Evacuate Collection Set: 39.5ms
[2025-08-01T03:49:08.388+0000] GC(713)   Post Evacuate Collection Set: 0.8ms
[2025-08-01T03:49:08.388+0000] GC(713)   Other: 0.1ms
[2025-08-01T03:49:08.388+0000] GC(713) Eden regions: 87->0(299)
[2025-08-01T03:49:08.388+0000] GC(713) Survivor regions: 15->13(13)
[2025-08-01T03:49:08.388+0000] GC(713) Old regions: 1007->1098
[2025-08-01T03:49:08.388+0000] GC(713) Humongous regions: 0->0
[2025-08-01T03:49:08.388+0000] GC(713) Metaspace: 10593K(10816K)->10593K(10816K) NonClass: 9335K(9472K)->9335K(9472K) Class: 1258K(1344K)->1258K(1344K)
[2025-08-01T03:49:08.388+0000] GC(713) Pause Young (Normal) (G1 Evacuation Pause) 2217M->2221M(4096M) 41.571ms
[2025-08-01T03:49:08.388+0000] GC(713) User=0.30s Sys=0.01s Real=0.04s
[2025-08-01T03:49:08.495+0000] GC(714) Pause Young (Normal) (G1 Evacuation Pause)
[2025-08-01T03:49:08.495+0000] GC(714) Using 8 workers of 8 for evacuation
[2025-08-01T03:49:08.601+0000] GC(714)   Pre Evacuate Collection Set: 1.0ms
[2025-08-01T03:49:08.602+0000] GC(714)   Merge Heap Roots: 0.3ms
[2025-08-01T03:49:08.602+0000] GC(714)   Evacuate Collection Set: 103.7ms
[2025-08-01T03:49:08.602+0000] GC(714)   Post Evacuate Collection Set: 1.1ms
[2025-08-01T03:49:08.602+0000] GC(714)   Other: 0.1ms
[2025-08-01T03:49:08.602+0000] GC(714) Eden regions: 299->0(210)
[2025-08-01T03:49:08.602+0000] GC(714) Survivor regions: 13->39(39)
[2025-08-01T03:49:08.602+0000] GC(714) Old regions: 1098->1337
[2025-08-01T03:49:08.602+0000] GC(714) Humongous regions: 0->0
[2025-08-01T03:49:08.602+0000] GC(714) Metaspace: 10593K(10816K)->10593K(10816K) NonClass: 9335K(9472K)->9335K(9472K) Class: 1258K(1344K)->1258K(1344K)
[2025-08-01T03:49:08.602+0000] GC(714) Pause Young (Normal) (G1 Evacuation Pause) 2819M->2751M(4096M) 106.530ms
[2025-08-01T03:49:08.602+0000] GC(714) User=0.81s Sys=0.02s Real=0.10s
[2025-08-01T03:49:08.690+0000] GC(715) Pause Young (Normal) (G1 Evacuation Pause)
[2025-08-01T03:49:08.690+0000] GC(715) Using 8 workers of 8 for evacuation
[2025-08-01T03:49:08.770+0000] GC(715)   Pre Evacuate Collection Set: 0.9ms
[2025-08-01T03:49:08.770+0000] GC(715)   Merge Heap Roots: 0.3ms
[2025-08-01T03:49:08.770+0000] GC(715)   Evacuate Collection Set: 77.6ms
[2025-08-01T03:49:08.770+0000] GC(715)   Post Evacuate Collection Set: 1.3ms
[2025-08-01T03:49:08.770+0000] GC(715)   Other: 0.1ms
[2025-08-01T03:49:08.770+0000] GC(715) Eden regions: 210->0(142)
[2025-08-01T03:49:08.770+0000] GC(715) Survivor regions: 39->32(32)
[2025-08-01T03:49:08.770+0000] GC(715) Old regions: 1337->1557
[2025-08-01T03:49:08.770+0000] GC(715) Humongous regions: 0->0
[2025-08-01T03:49:08.770+0000] GC(715) Metaspace: 10593K(10816K)->10593K(10816K) NonClass: 9335K(9472K)->9335K(9472K) Class: 1258K(1344K)->1258K(1344K)
[2025-08-01T03:49:08.770+0000] GC(715) Pause Young (Normal) (G1 Evacuation Pause) 3171M->3177M(4096M) 80.537ms
[2025-08-01T03:49:08.770+0000] GC(715) User=0.61s Sys=0.00s Real=0.08s
[2025-08-01T03:49:08.814+0000] GC(709) Concurrent Rebuild Remembered Sets and Scrub Regions 478.949ms
[2025-08-01T03:49:08.814+0000] GC(709) Pause Cleanup
[2025-08-01T03:49:08.815+0000] GC(709) Pause Cleanup 3306M->3306M(4096M) 1.084ms
[2025-08-01T03:49:08.815+0000] GC(709) User=0.00s Sys=0.00s Real=0.00s
[2025-08-01T03:49:08.815+0000] GC(709) Concurrent Clear Claimed Marks
[2025-08-01T03:49:08.815+0000] GC(709) Concurrent Clear Claimed Marks 0.052ms
[2025-08-01T03:49:08.816+0000] GC(709) Concurrent Cleanup for Next Mark
[2025-08-01T03:49:08.824+0000] GC(709) Concurrent Cleanup for Next Mark 8.167ms
[2025-08-01T03:49:08.824+0000] GC(709) Concurrent Mark Cycle 847.382ms
[2025-08-01T03:49:08.847+0000] GC(716) Pause Young (Prepare Mixed) (G1 Evacuation Pause)
[2025-08-01T03:49:08.847+0000] GC(716) Using 8 workers of 8 for evacuation
[2025-08-01T03:49:08.896+0000] GC(716)   Pre Evacuate Collection Set: 1.6ms
[2025-08-01T03:49:08.896+0000] GC(716)   Merge Heap Roots: 0.2ms
[2025-08-01T03:49:08.896+0000] GC(716)   Evacuate Collection Set: 46.2ms
[2025-08-01T03:49:08.896+0000] GC(716)   Post Evacuate Collection Set: 0.9ms
[2025-08-01T03:49:08.896+0000] GC(716)   Other: 0.1ms
[2025-08-01T03:49:08.896+0000] GC(716) Eden regions: 142->0(119)
[2025-08-01T03:49:08.896+0000] GC(716) Survivor regions: 32->22(22)
[2025-08-01T03:49:08.896+0000] GC(716) Old regions: 1557->1647
[2025-08-01T03:49:08.896+0000] GC(716) Humongous regions: 0->0
[2025-08-01T03:49:08.896+0000] GC(716) Metaspace: 10593K(10816K)->10593K(10816K) NonClass: 9335K(9472K)->9335K(9472K) Class: 1258K(1344K)->1258K(1344K)
[2025-08-01T03:49:08.896+0000] GC(716) Pause Young (Prepare Mixed) (G1 Evacuation Pause) 3461M->3336M(4096M) 49.209ms
[2025-08-01T03:49:08.896+0000] GC(716) User=0.34s Sys=0.01s Real=0.05s
[2025-08-01T03:49:08.966+0000] GC(717) Pause Young (Mixed) (G1 Evacuation Pause)
[2025-08-01T03:49:08.967+0000] GC(717) Using 8 workers of 8 for evacuation
[2025-08-01T03:49:09.036+0000] GC(717)   Pre Evacuate Collection Set: 1.5ms
[2025-08-01T03:49:09.036+0000] GC(717)   Merge Heap Roots: 0.1ms
[2025-08-01T03:49:09.036+0000] GC(717)   Evacuate Collection Set: 66.9ms
[2025-08-01T03:49:09.036+0000] GC(717)   Post Evacuate Collection Set: 0.7ms
[2025-08-01T03:49:09.036+0000] GC(717)   Other: 0.1ms
[2025-08-01T03:49:09.036+0000] GC(717) Eden regions: 119->0(84)
[2025-08-01T03:49:09.036+0000] GC(717) Survivor regions: 22->18(18)
[2025-08-01T03:49:09.036+0000] GC(717) Old regions: 1647->1762
[2025-08-01T03:49:09.036+0000] GC(717) Humongous regions: 0->0
[2025-08-01T03:49:09.036+0000] GC(717) Metaspace: 10593K(10816K)->10593K(10816K) NonClass: 9335K(9472K)->9335K(9472K) Class: 1258K(1344K)->1258K(1344K)
[2025-08-01T03:49:09.036+0000] GC(717) Pause Young (Mixed) (G1 Evacuation Pause) 3574M->3558M(4096M) 69.724ms
[2025-08-01T03:49:09.036+0000] GC(717) User=0.47s Sys=0.04s Real=0.07s
[2025-08-01T03:49:09.052+0000] GC(718) Pause Young (Concurrent Start) (G1 Evacuation Pause)
[2025-08-01T03:49:09.052+0000] GC(718) Using 8 workers of 8 for evacuation
[2025-08-01T03:49:09.092+0000] GC(718)   Pre Evacuate Collection Set: 1.0ms
[2025-08-01T03:49:09.092+0000] GC(718)   Merge Heap Roots: 0.2ms
[2025-08-01T03:49:09.092+0000] GC(718)   Evacuate Collection Set: 37.5ms
[2025-08-01T03:49:09.092+0000] GC(718)   Post Evacuate Collection Set: 1.0ms
[2025-08-01T03:49:09.092+0000] GC(718)   Other: 0.2ms
[2025-08-01T03:49:09.092+0000] GC(718) Eden regions: 84->0(89)
[2025-08-01T03:49:09.092+0000] GC(718) Survivor regions: 18->13(13)
[2025-08-01T03:49:09.092+0000] GC(718) Old regions: 1762->1853
[2025-08-01T03:49:09.092+0000] GC(718) Humongous regions: 0->0
[2025-08-01T03:49:09.092+0000] GC(718) Metaspace: 10593K(10816K)->10593K(10816K) NonClass: 9335K(9472K)->9335K(9472K) Class: 1258K(1344K)->1258K(1344K)
[2025-08-01T03:49:09.092+0000] GC(718) Pause Young (Concurrent Start) (G1 Evacuation Pause) 3726M->3730M(4096M) 40.285ms
[2025-08-01T03:49:09.092+0000] GC(718) User=0.29s Sys=0.01s Real=0.04s
[2025-08-01T03:49:09.092+0000] GC(719) Concurrent Mark Cycle
[2025-08-01T03:49:09.092+0000] GC(719) Concurrent Scan Root Regions
[2025-08-01T03:49:09.119+0000] GC(719) Concurrent Scan Root Regions 27.073ms
[2025-08-01T03:49:09.119+0000] GC(719) Concurrent Mark
[2025-08-01T03:49:09.119+0000] GC(719) Concurrent Mark From Roots
[2025-08-01T03:49:09.119+0000] GC(719) Using 2 workers of 2 for marking
[2025-08-01T03:49:09.166+0000] GC(720) Pause Young (Normal) (G1 Evacuation Pause)
[2025-08-01T03:49:09.166+0000] GC(720) Using 8 workers of 8 for evacuation
[2025-08-01T03:49:09.190+0000] GC(720)   Pre Evacuate Collection Set: 1.0ms
[2025-08-01T03:49:09.190+0000] GC(720)   Merge Heap Roots: 0.3ms
[2025-08-01T03:49:09.190+0000] GC(720)   Evacuate Collection Set: 22.3ms
[2025-08-01T03:49:09.190+0000] GC(720)   Post Evacuate Collection Set: 0.8ms
[2025-08-01T03:49:09.190+0000] GC(720)   Other: 0.1ms
[2025-08-01T03:49:09.190+0000] GC(720) Eden regions: 89->0(89)
[2025-08-01T03:49:09.190+0000] GC(720) Survivor regions: 13->13(13)
[2025-08-01T03:49:09.190+0000] GC(720) Old regions: 1853->1916
[2025-08-01T03:49:09.190+0000] GC(720) Humongous regions: 0->0
[2025-08-01T03:49:09.190+0000] GC(720) Metaspace: 10593K(10816K)->10593K(10816K) NonClass: 9335K(9472K)->9335K(9472K) Class: 1258K(1344K)->1258K(1344K)
[2025-08-01T03:49:09.190+0000] GC(720) Pause Young (Normal) (G1 Evacuation Pause) 3908M->3857M(4096M) 24.883ms
[2025-08-01T03:49:09.190+0000] GC(720) User=0.16s Sys=0.00s Real=0.02s
[2025-08-01T03:49:09.209+0000] GC(721) Pause Young (Normal) (G1 Evacuation Pause)
[2025-08-01T03:49:09.209+0000] GC(721) Using 8 workers of 8 for evacuation
[2025-08-01T03:49:09.231+0000] GC(721)   Pre Evacuate Collection Set: 0.6ms
[2025-08-01T03:49:09.231+0000] GC(721)   Merge Heap Roots: 0.1ms
[2025-08-01T03:49:09.231+0000] GC(721)   Evacuate Collection Set: 16.2ms
[2025-08-01T03:49:09.232+0000] GC(721)   Post Evacuate Collection Set: 5.9ms
[2025-08-01T03:49:09.232+0000] GC(721)   Other: 0.1ms
[2025-08-01T03:49:09.232+0000] GC(721) Eden regions: 89->0(0)
[2025-08-01T03:49:09.232+0000] GC(721) Survivor regions: 13->13(13)
[2025-08-01T03:49:09.232+0000] GC(721) Old regions: 1916->2030
[2025-08-01T03:49:09.232+0000] GC(721) Humongous regions: 0->0
[2025-08-01T03:49:09.232+0000] GC(721) Metaspace: 10593K(10816K)->10593K(10816K) NonClass: 9335K(9472K)->9335K(9472K) Class: 1258K(1344K)->1258K(1344K)
[2025-08-01T03:49:09.232+0000] GC(721) Pause Young (Normal) (G1 Evacuation Pause) (Evacuation Failure) 4035M->4085M(4096M) 23.153ms
[2025-08-01T03:49:09.232+0000] GC(721) User=0.17s Sys=0.00s Real=0.02s
[2025-08-01T03:49:09.232+0000] Attempting full compaction
[2025-08-01T03:49:09.232+0000] GC(722) Pause Full (G1 Compaction Pause)
[2025-08-01T03:49:09.232+0000] GC(722) Using 8 workers of 8 for full compaction
[2025-08-01T03:49:09.238+0000] GC(722) Phase 1: Mark live objects
[2025-08-01T03:49:09.271+0000] GC(722) Phase 1: Mark live objects 33.682ms
[2025-08-01T03:49:09.271+0000] GC(722) Phase 2: Prepare compaction
[2025-08-01T03:49:09.288+0000] GC(722) Phase 2: Prepare compaction 16.186ms
[2025-08-01T03:49:09.288+0000] GC(722) Phase 3: Adjust pointers
[2025-08-01T03:49:09.319+0000] GC(722) Phase 3: Adjust pointers 31.002ms
[2025-08-01T03:49:09.319+0000] GC(722) Phase 4: Compact heap
[2025-08-01T03:49:09.367+0000] GC(722) Phase 4: Compact heap 48.417ms
[2025-08-01T03:49:09.367+0000] GC(722) Phase 5: Reset Metadata
[2025-08-01T03:49:09.388+0000] GC(722) Phase 5: Reset Metadata 20.810ms
[2025-08-01T03:49:09.396+0000] GC(722) Eden regions: 0->0(556)
[2025-08-01T03:49:09.396+0000] GC(722) Survivor regions: 13->0(13)
[2025-08-01T03:49:09.396+0000] GC(722) Old regions: 2030->387
[2025-08-01T03:49:09.396+0000] GC(722) Humongous regions: 0->0
[2025-08-01T03:49:09.396+0000] GC(722) Metaspace: 10593K(10816K)->10593K(10816K) NonClass: 9335K(9472K)->9335K(9472K) Class: 1258K(1344K)->1258K(1344K)
[2025-08-01T03:49:09.396+0000] GC(722) Pause Full (G1 Compaction Pause) 4085M->763M(4096M) 164.349ms
[2025-08-01T03:49:09.396+0000] GC(722) User=1.19s Sys=0.00s Real=0.17s
[2025-08-01T03:49:09.396+0000] GC(719) Concurrent Mark From Roots 276.986ms
[2025-08-01T03:49:09.396+0000] GC(719) Concurrent Mark Abort
[2025-08-01T03:49:09.397+0000] GC(719) Concurrent Mark Cycle 304.403ms
[2025-08-01T03:49:09.651+0000] GC(723) Pause Young (Normal) (G1 Evacuation Pause)
[2025-08-01T03:49:09.651+0000] GC(723) Using 8 workers of 8 for evacuation
[2025-08-01T03:49:09.786+0000] GC(723)   Pre Evacuate Collection Set: 0.8ms
[2025-08-01T03:49:09.787+0000] GC(723)   Merge Heap Roots: 0.2ms
[2025-08-01T03:49:09.787+0000] GC(723)   Evacuate Collection Set: 131.0ms
[2025-08-01T03:49:09.787+0000] GC(723)   Post Evacuate Collection Set: 3.0ms
[2025-08-01T03:49:09.787+0000] GC(723)   Other: 0.2ms
[2025-08-01T03:49:09.787+0000] GC(723) Eden regions: 556->0(518)
[2025-08-01T03:49:09.787+0000] GC(723) Survivor regions: 0->70(70)
[2025-08-01T03:49:09.787+0000] GC(723) Old regions: 387->541
[2025-08-01T03:49:09.787+0000] GC(723) Humongous regions: 0->0
[2025-08-01T03:49:09.787+0000] GC(723) Metaspace: 10593K(10816K)->10593K(10816K) NonClass: 9335K(9472K)->9335K(9472K) Class: 1258K(1344K)->1258K(1344K)
[2025-08-01T03:49:09.787+0000] GC(723) Pause Young (Normal) (G1 Evacuation Pause) 1875M->1210M(4096M) 135.632ms
[2025-08-01T03:49:09.787+0000] GC(723) User=1.00s Sys=0.04s Real=0.14s
[2025-08-01T03:49:10.041+0000] GC(724) Pause Young (Concurrent Start) (G1 Evacuation Pause)
[2025-08-01T03:49:10.042+0000] GC(724) Using 8 workers of 8 for evacuation
[2025-08-01T03:49:10.236+0000] GC(724)   Pre Evacuate Collection Set: 0.9ms
[2025-08-01T03:49:10.236+0000] GC(724)   Merge Heap Roots: 0.5ms
[2025-08-01T03:49:10.236+0000] GC(724)   Evacuate Collection Set: 191.7ms
[2025-08-01T03:49:10.236+0000] GC(724)   Post Evacuate Collection Set: 1.0ms
[2025-08-01T03:49:10.236+0000] GC(724)   Other: 0.2ms
[2025-08-01T03:49:10.236+0000] GC(724) Eden regions: 518->0(333)
[2025-08-01T03:49:10.236+0000] GC(724) Survivor regions: 70->74(74)
[2025-08-01T03:49:10.236+0000] GC(724) Old regions: 541->973
[2025-08-01T03:49:10.236+0000] GC(724) Humongous regions: 0->0
[2025-08-01T03:49:10.236+0000] GC(724) Metaspace: 10593K(10816K)->10593K(10816K) NonClass: 9335K(9472K)->9335K(9472K) Class: 1258K(1344K)->1258K(1344K)
[2025-08-01T03:49:10.236+0000] GC(724) Pause Young (Concurrent Start) (G1 Evacuation Pause) 2246M->2083M(4096M) 194.537ms
[2025-08-01T03:49:10.236+0000] GC(724) User=1.47s Sys=0.05s Real=0.20s
[2025-08-01T03:49:10.236+0000] GC(725) Concurrent Mark Cycle
[2025-08-01T03:49:10.236+0000] GC(725) Concurrent Scan Root Regions
[2025-08-01T03:49:10.357+0000] GC(725) Concurrent Scan Root Regions 120.738ms
[2025-08-01T03:49:10.357+0000] GC(725) Concurrent Mark
[2025-08-01T03:49:10.357+0000] GC(725) Concurrent Mark From Roots
[2025-08-01T03:49:10.357+0000] GC(725) Using 2 workers of 2 for marking
[2025-08-01T03:49:10.381+0000] GC(725) Concurrent Mark From Roots 23.763ms
[2025-08-01T03:49:10.381+0000] GC(725) Concurrent Preclean
[2025-08-01T03:49:10.381+0000] GC(725) Concurrent Preclean 0.032ms
[2025-08-01T03:49:10.381+0000] GC(725) Pause Remark
[2025-08-01T03:49:10.385+0000] GC(725) Pause Remark 2729M->1858M(4096M) 3.679ms
[2025-08-01T03:49:10.385+0000] GC(725) User=0.01s Sys=0.00s Real=0.01s
[2025-08-01T03:49:10.385+0000] GC(725) Concurrent Mark 27.976ms
[2025-08-01T03:49:10.385+0000] GC(725) Concurrent Rebuild Remembered Sets and Scrub Regions
[2025-08-01T03:49:10.406+0000] GC(726) Pause Young (Normal) (G1 Evacuation Pause)
[2025-08-01T03:49:10.406+0000] GC(726) Using 8 workers of 8 for evacuation
[2025-08-01T03:49:10.494+0000] GC(726)   Pre Evacuate Collection Set: 0.9ms
[2025-08-01T03:49:10.494+0000] GC(726)   Merge Heap Roots: 0.4ms
[2025-08-01T03:49:10.494+0000] GC(726)   Evacuate Collection Set: 85.4ms
[2025-08-01T03:49:10.494+0000] GC(726)   Post Evacuate Collection Set: 1.5ms
[2025-08-01T03:49:10.494+0000] GC(726)   Other: 0.1ms
[2025-08-01T03:49:10.494+0000] GC(726) Eden regions: 333->0(476)
[2025-08-01T03:49:10.494+0000] GC(726) Survivor regions: 74->51(51)
[2025-08-01T03:49:10.494+0000] GC(726) Old regions: 533->670
[2025-08-01T03:49:10.494+0000] GC(726) Humongous regions: 0->0
[2025-08-01T03:49:10.494+0000] GC(726) Metaspace: 10593K(10816K)->10593K(10816K) NonClass: 9335K(9472K)->9335K(9472K) Class: 1258K(1344K)->1258K(1344K)
[2025-08-01T03:49:10.495+0000] GC(726) Pause Young (Normal) (G1 Evacuation Pause) 1878M->1439M(4096M) 88.631ms
[2025-08-01T03:49:10.495+0000] GC(726) User=0.58s Sys=0.03s Real=0.09s
[2025-08-01T03:49:10.594+0000] GC(725) Concurrent Rebuild Remembered Sets and Scrub Regions 208.872ms
[2025-08-01T03:49:10.595+0000] GC(725) Pause Cleanup
[2025-08-01T03:49:10.596+0000] GC(725) Pause Cleanup 1997M->1997M(4096M) 0.983ms
[2025-08-01T03:49:10.596+0000] GC(725) User=0.01s Sys=0.00s Real=0.00s
[2025-08-01T03:49:10.597+0000] GC(725) Concurrent Clear Claimed Marks
[2025-08-01T03:49:10.597+0000] GC(725) Concurrent Clear Claimed Marks 0.116ms
[2025-08-01T03:49:10.597+0000] GC(725) Concurrent Cleanup for Next Mark
[2025-08-01T03:49:10.609+0000] GC(725) Concurrent Cleanup for Next Mark 12.761ms
[2025-08-01T03:49:10.610+0000] GC(725) Concurrent Mark Cycle 373.556ms
[2025-08-01T03:49:10.681+0000] GC(727) Pause Young (Prepare Mixed) (G1 Evacuation Pause)
[2025-08-01T03:49:10.681+0000] GC(727) Using 8 workers of 8 for evacuation
[2025-08-01T03:49:10.812+0000] GC(727)   Pre Evacuate Collection Set: 1.7ms
[2025-08-01T03:49:10.812+0000] GC(727)   Merge Heap Roots: 0.4ms
[2025-08-01T03:49:10.812+0000] GC(727)   Evacuate Collection Set: 127.7ms
[2025-08-01T03:49:10.812+0000] GC(727)   Post Evacuate Collection Set: 1.2ms
[2025-08-01T03:49:10.812+0000] GC(727)   Other: 0.1ms
[2025-08-01T03:49:10.812+0000] GC(727) Eden regions: 477->0(331)
[2025-08-01T03:49:10.812+0000] GC(727) Survivor regions: 51->66(66)
[2025-08-01T03:49:10.812+0000] GC(727) Old regions: 670->1017
[2025-08-01T03:49:10.812+0000] GC(727) Humongous regions: 0->0
[2025-08-01T03:49:10.812+0000] GC(727) Metaspace: 10593K(10816K)->10593K(10816K) NonClass: 9335K(9472K)->9335K(9472K) Class: 1258K(1344K)->1258K(1344K)
[2025-08-01T03:49:10.812+0000] GC(727) Pause Young (Prepare Mixed) (G1 Evacuation Pause) 2393M->2163M(4096M) 131.409ms
[2025-08-01T03:49:10.812+0000] GC(727) User=1.02s Sys=0.00s Real=0.13s
[2025-08-01T03:49:10.968+0000] GC(728) Pause Young (Mixed) (G1 Evacuation Pause)
[2025-08-01T03:49:10.968+0000] GC(728) Using 8 workers of 8 for evacuation
[2025-08-01T03:49:11.217+0000] GC(728) MMU target violated: 201.0ms (200.0ms/201.0ms)
[2025-08-01T03:49:11.217+0000] GC(728)   Pre Evacuate Collection Set: 2.7ms
[2025-08-01T03:49:11.217+0000] GC(728)   Merge Heap Roots: 0.4ms
[2025-08-01T03:49:11.217+0000] GC(728)   Evacuate Collection Set: 243.4ms
[2025-08-01T03:49:11.217+0000] GC(728)   Post Evacuate Collection Set: 1.8ms
[2025-08-01T03:49:11.217+0000] GC(728)   Other: 0.3ms
[2025-08-01T03:49:11.217+0000] GC(728) Eden regions: 331->0(237)
[2025-08-01T03:49:11.217+0000] GC(728) Survivor regions: 66->50(50)
[2025-08-01T03:49:11.217+0000] GC(728) Old regions: 1017->1282
[2025-08-01T03:49:11.217+0000] GC(728) Humongous regions: 0->0
[2025-08-01T03:49:11.217+0000] GC(728) Metaspace: 10593K(10816K)->10593K(10816K) NonClass: 9335K(9472K)->9335K(9472K) Class: 1258K(1344K)->1258K(1344K)
[2025-08-01T03:49:11.217+0000] GC(728) Pause Young (Mixed) (G1 Evacuation Pause) 2825M->2663M(4096M) 249.118ms
[2025-08-01T03:49:11.217+0000] GC(728) User=1.65s Sys=0.09s Real=0.25s
[2025-08-01T03:49:11.313+0000] GC(729) Pause Young (Concurrent Start) (G1 Evacuation Pause)
[2025-08-01T03:49:11.313+0000] GC(729) Using 8 workers of 8 for evacuation
[2025-08-01T03:49:11.386+0000] GC(729)   Pre Evacuate Collection Set: 1.8ms
[2025-08-01T03:49:11.386+0000] GC(729)   Merge Heap Roots: 0.3ms
[2025-08-01T03:49:11.386+0000] GC(729)   Evacuate Collection Set: 67.4ms
[2025-08-01T03:49:11.386+0000] GC(729)   Post Evacuate Collection Set: 2.8ms
[2025-08-01T03:49:11.386+0000] GC(729)   Other: 0.8ms
[2025-08-01T03:49:11.386+0000] GC(729) Eden regions: 237->0(193)
[2025-08-01T03:49:11.386+0000] GC(729) Survivor regions: 50->36(36)
[2025-08-01T03:49:11.386+0000] GC(729) Old regions: 1282->1426
[2025-08-01T03:49:11.387+0000] GC(729) Humongous regions: 0->0
[2025-08-01T03:49:11.387+0000] GC(729) Metaspace: 10593K(10816K)->10593K(10816K) NonClass: 9335K(9472K)->9335K(9472K) Class: 1258K(1344K)->1258K(1344K)
[2025-08-01T03:49:11.387+0000] GC(729) Pause Young (Concurrent Start) (G1 Evacuation Pause) 3137M->2923M(4096M) 73.310ms
[2025-08-01T03:49:11.387+0000] GC(729) User=0.53s Sys=0.01s Real=0.07s
[2025-08-01T03:49:11.387+0000] GC(730) Concurrent Mark Cycle
[2025-08-01T03:49:11.387+0000] GC(730) Concurrent Scan Root Regions
[2025-08-01T03:49:11.422+0000] GC(730) Concurrent Scan Root Regions 35.546ms
[2025-08-01T03:49:11.422+0000] GC(730) Concurrent Mark
[2025-08-01T03:49:11.422+0000] GC(730) Concurrent Mark From Roots
[2025-08-01T03:49:11.422+0000] GC(730) Using 2 workers of 2 for marking
[2025-08-01T03:49:11.478+0000] GC(731) Pause Young (Normal) (G1 Evacuation Pause)
[2025-08-01T03:49:11.478+0000] GC(731) Using 8 workers of 8 for evacuation
[2025-08-01T03:49:11.562+0000] GC(731)   Pre Evacuate Collection Set: 0.9ms
[2025-08-01T03:49:11.562+0000] GC(731)   Merge Heap Roots: 0.3ms
[2025-08-01T03:49:11.562+0000] GC(731)   Evacuate Collection Set: 82.4ms
[2025-08-01T03:49:11.562+0000] GC(731)   Post Evacuate Collection Set: 0.9ms
[2025-08-01T03:49:11.563+0000] GC(731)   Other: 0.1ms
[2025-08-01T03:49:11.563+0000] GC(731) Eden regions: 193->0(130)
[2025-08-01T03:49:11.563+0000] GC(731) Survivor regions: 36->29(29)
[2025-08-01T03:49:11.563+0000] GC(731) Old regions: 1426->1607
[2025-08-01T03:49:11.563+0000] GC(731) Humongous regions: 0->0
[2025-08-01T03:49:11.563+0000] GC(731) Metaspace: 10593K(10816K)->10593K(10816K) NonClass: 9335K(9472K)->9335K(9472K) Class: 1258K(1344K)->1258K(1344K)
[2025-08-01T03:49:11.563+0000] GC(731) Pause Young (Normal) (G1 Evacuation Pause) 3309M->3270M(4096M) 84.916ms
[2025-08-01T03:49:11.563+0000] GC(731) User=0.62s Sys=0.02s Real=0.08s
[2025-08-01T03:49:11.586+0000] GC(730) Concurrent Mark From Roots 163.697ms
[2025-08-01T03:49:11.586+0000] GC(730) Concurrent Preclean
[2025-08-01T03:49:11.586+0000] GC(730) Concurrent Preclean 0.023ms
[2025-08-01T03:49:11.586+0000] GC(730) Pause Remark
[2025-08-01T03:49:11.591+0000] GC(730) Pause Remark 3396M->1390M(4096M) 4.195ms
[2025-08-01T03:49:11.591+0000] GC(730) User=0.01s Sys=0.00s Real=0.00s
[2025-08-01T03:49:11.591+0000] GC(730) Concurrent Mark 168.315ms
[2025-08-01T03:49:11.591+0000] GC(730) Concurrent Rebuild Remembered Sets and Scrub Regions
[2025-08-01T03:49:11.632+0000] GC(732) Pause Young (Normal) (G1 Evacuation Pause)
[2025-08-01T03:49:11.632+0000] GC(732) Using 8 workers of 8 for evacuation
[2025-08-01T03:49:11.687+0000] GC(732)   Pre Evacuate Collection Set: 0.9ms
[2025-08-01T03:49:11.687+0000] GC(732)   Merge Heap Roots: 0.4ms
[2025-08-01T03:49:11.687+0000] GC(732)   Evacuate Collection Set: 52.7ms
[2025-08-01T03:49:11.687+0000] GC(732)   Post Evacuate Collection Set: 1.3ms
[2025-08-01T03:49:11.687+0000] GC(732)   Other: 0.1ms
[2025-08-01T03:49:11.687+0000] GC(732) Eden regions: 130->0(453)
[2025-08-01T03:49:11.687+0000] GC(732) Survivor regions: 29->20(20)
[2025-08-01T03:49:11.687+0000] GC(732) Old regions: 604->744
[2025-08-01T03:49:11.687+0000] GC(732) Humongous regions: 0->0
[2025-08-01T03:49:11.687+0000] GC(732) Metaspace: 10593K(10816K)->10593K(10816K) NonClass: 9335K(9472K)->9335K(9472K) Class: 1258K(1344K)->1258K(1344K)
[2025-08-01T03:49:11.687+0000] GC(732) Pause Young (Normal) (G1 Evacuation Pause) 1524M->1527M(4096M) 55.669ms
[2025-08-01T03:49:11.687+0000] GC(732) User=0.36s Sys=0.02s Real=0.06s
[2025-08-01T03:49:11.761+0000] GC(730) Concurrent Rebuild Remembered Sets and Scrub Regions 170.160ms
[2025-08-01T03:49:11.762+0000] GC(730) Pause Cleanup
[2025-08-01T03:49:11.763+0000] GC(730) Pause Cleanup 1843M->1843M(4096M) 1.126ms
[2025-08-01T03:49:11.763+0000] GC(730) User=0.00s Sys=0.00s Real=0.01s
[2025-08-01T03:49:11.763+0000] GC(730) Concurrent Clear Claimed Marks
[2025-08-01T03:49:11.763+0000] GC(730) Concurrent Clear Claimed Marks 0.039ms
[2025-08-01T03:49:11.763+0000] GC(730) Concurrent Cleanup for Next Mark
[2025-08-01T03:49:11.777+0000] GC(730) Concurrent Cleanup for Next Mark 13.561ms
[2025-08-01T03:49:11.777+0000] GC(730) Concurrent Mark Cycle 390.277ms
[2025-08-01T03:49:11.868+0000] GC(733) Pause Young (Prepare Mixed) (G1 Evacuation Pause)
[2025-08-01T03:49:11.868+0000] GC(733) Using 8 workers of 8 for evacuation
[2025-08-01T03:49:12.055+0000] GC(733)   Pre Evacuate Collection Set: 0.9ms
[2025-08-01T03:49:12.055+0000] GC(733)   Merge Heap Roots: 0.4ms
[2025-08-01T03:49:12.055+0000] GC(733)   Evacuate Collection Set: 184.2ms
[2025-08-01T03:49:12.055+0000] GC(733)   Post Evacuate Collection Set: 1.2ms
[2025-08-01T03:49:12.055+0000] GC(733)   Other: 0.1ms
[2025-08-01T03:49:12.055+0000] GC(733) Eden regions: 453->0(304)
[2025-08-01T03:49:12.055+0000] GC(733) Survivor regions: 20->60(60)
[2025-08-01T03:49:12.055+0000] GC(733) Old regions: 744->975
[2025-08-01T03:49:12.055+0000] GC(733) Humongous regions: 0->0
[2025-08-01T03:49:12.055+0000] GC(733) Metaspace: 10593K(10816K)->10593K(10816K) NonClass: 9335K(9472K)->9335K(9472K) Class: 1258K(1344K)->1258K(1344K)
[2025-08-01T03:49:12.055+0000] GC(733) Pause Young (Prepare Mixed) (G1 Evacuation Pause) 2433M->2068M(4096M) 187.375ms
[2025-08-01T03:49:12.055+0000] GC(733) User=1.41s Sys=0.04s Real=0.19s
[2025-08-01T03:49:12.206+0000] GC(734) Pause Young (Mixed) (G1 Evacuation Pause)
[2025-08-01T03:49:12.206+0000] GC(734) Using 8 workers of 8 for evacuation
[2025-08-01T03:49:12.373+0000] GC(734)   Pre Evacuate Collection Set: 1.8ms
[2025-08-01T03:49:12.373+0000] GC(734)   Merge Heap Roots: 0.2ms
[2025-08-01T03:49:12.373+0000] GC(734)   Evacuate Collection Set: 162.9ms
[2025-08-01T03:49:12.373+0000] GC(734)   Merge Optional Heap Roots: 0.1ms
[2025-08-01T03:49:12.373+0000] GC(734)   Evacuate Optional Collection Set: 0.4ms
[2025-08-01T03:49:12.373+0000] GC(734)   Post Evacuate Collection Set: 1.3ms
[2025-08-01T03:49:12.373+0000] GC(734)   Other: 0.1ms
[2025-08-01T03:49:12.373+0000] GC(734) Eden regions: 304->0(277)
[2025-08-01T03:49:12.373+0000] GC(734) Survivor regions: 60->46(46)
[2025-08-01T03:49:12.373+0000] GC(734) Old regions: 975->1187
[2025-08-01T03:49:12.373+0000] GC(734) Humongous regions: 0->0
[2025-08-01T03:49:12.373+0000] GC(734) Metaspace: 10593K(10816K)->10593K(10816K) NonClass: 9335K(9472K)->9335K(9472K) Class: 1258K(1344K)->1258K(1344K)
[2025-08-01T03:49:12.373+0000] GC(734) Pause Young (Mixed) (G1 Evacuation Pause) 2676M->2465M(4096M) 167.209ms
[2025-08-01T03:49:12.373+0000] GC(734) User=1.13s Sys=0.08s Real=0.17s
[2025-08-01T03:49:12.473+0000] GC(735) Pause Young (Mixed) (G1 Evacuation Pause)
[2025-08-01T03:49:12.473+0000] GC(735) Using 8 workers of 8 for evacuation
[2025-08-01T03:49:12.579+0000] GC(735)   Pre Evacuate Collection Set: 0.8ms
[2025-08-01T03:49:12.579+0000] GC(735)   Merge Heap Roots: 0.3ms
[2025-08-01T03:49:12.579+0000] GC(735)   Evacuate Collection Set: 103.8ms
[2025-08-01T03:49:12.579+0000] GC(735)   Post Evacuate Collection Set: 1.2ms
[2025-08-01T03:49:12.579+0000] GC(735)   Other: 0.2ms
[2025-08-01T03:49:12.580+0000] GC(735) Eden regions: 277->0(175)
[2025-08-01T03:49:12.580+0000] GC(735) Survivor regions: 46->41(41)
[2025-08-01T03:49:12.580+0000] GC(735) Old regions: 1187->1456
[2025-08-01T03:49:12.580+0000] GC(735) Humongous regions: 0->0
[2025-08-01T03:49:12.580+0000] GC(735) Metaspace: 10593K(10816K)->10593K(10816K) NonClass: 9335K(9472K)->9335K(9472K) Class: 1258K(1344K)->1258K(1344K)
[2025-08-01T03:49:12.580+0000] GC(735) Pause Young (Mixed) (G1 Evacuation Pause) 3019M->2992M(4096M) 106.650ms
[2025-08-01T03:49:12.580+0000] GC(735) User=0.82s Sys=0.01s Real=0.10s
[2025-08-01T03:49:12.654+0000] GC(736) Pause Young (Concurrent Start) (G1 Evacuation Pause)
[2025-08-01T03:49:12.654+0000] GC(736) Using 8 workers of 8 for evacuation
[2025-08-01T03:49:12.703+0000] GC(736)   Pre Evacuate Collection Set: 0.7ms
[2025-08-01T03:49:12.703+0000] GC(736)   Merge Heap Roots: 0.2ms
[2025-08-01T03:49:12.703+0000] GC(736)   Evacuate Collection Set: 46.4ms
[2025-08-01T03:49:12.703+0000] GC(736)   Post Evacuate Collection Set: 1.2ms
[2025-08-01T03:49:12.703+0000] GC(736)   Other: 0.2ms
[2025-08-01T03:49:12.703+0000] GC(736) Eden regions: 175->0(148)
[2025-08-01T03:49:12.703+0000] GC(736) Survivor regions: 41->27(27)
[2025-08-01T03:49:12.703+0000] GC(736) Old regions: 1456->1561
[2025-08-01T03:49:12.703+0000] GC(736) Humongous regions: 0->0
[2025-08-01T03:49:12.703+0000] GC(736) Metaspace: 10593K(10816K)->10593K(10816K) NonClass: 9335K(9472K)->9335K(9472K) Class: 1258K(1344K)->1258K(1344K)
[2025-08-01T03:49:12.703+0000] GC(736) Pause Young (Concurrent Start) (G1 Evacuation Pause) 3342M->3175M(4096M) 49.075ms
[2025-08-01T03:49:12.703+0000] GC(736) User=0.36s Sys=0.01s Real=0.05s
[2025-08-01T03:49:12.703+0000] GC(737) Concurrent Mark Cycle
[2025-08-01T03:49:12.703+0000] GC(737) Concurrent Scan Root Regions
[2025-08-01T03:49:12.737+0000] GC(737) Concurrent Scan Root Regions 33.321ms
[2025-08-01T03:49:12.737+0000] GC(737) Concurrent Mark
[2025-08-01T03:49:12.737+0000] GC(737) Concurrent Mark From Roots
[2025-08-01T03:49:12.737+0000] GC(737) Using 2 workers of 2 for marking
[2025-08-01T03:49:12.776+0000] GC(738) Pause Young (Normal) (G1 Evacuation Pause)
[2025-08-01T03:49:12.776+0000] GC(738) Using 8 workers of 8 for evacuation
[2025-08-01T03:49:12.824+0000] GC(738)   Pre Evacuate Collection Set: 0.4ms
[2025-08-01T03:49:12.824+0000] GC(738)   Merge Heap Roots: 0.6ms
[2025-08-01T03:49:12.824+0000] GC(738)   Evacuate Collection Set: 45.6ms
[2025-08-01T03:49:12.824+0000] GC(738)   Post Evacuate Collection Set: 0.9ms
[2025-08-01T03:49:12.824+0000] GC(738)   Other: 0.1ms
[2025-08-01T03:49:12.824+0000] GC(738) Eden regions: 148->0(108)
[2025-08-01T03:49:12.824+0000] GC(738) Survivor regions: 27->22(22)
[2025-08-01T03:49:12.824+0000] GC(738) Old regions: 1561->1687
[2025-08-01T03:49:12.824+0000] GC(738) Humongous regions: 0->0
[2025-08-01T03:49:12.824+0000] GC(738) Metaspace: 10593K(10816K)->10593K(10816K) NonClass: 9335K(9472K)->9335K(9472K) Class: 1258K(1344K)->1258K(1344K)
[2025-08-01T03:49:12.824+0000] GC(738) Pause Young (Normal) (G1 Evacuation Pause) 3471M->3417M(4096M) 48.000ms
[2025-08-01T03:49:12.824+0000] GC(738) User=0.35s Sys=0.01s Real=0.05s
[2025-08-01T03:49:12.848+0000] GC(739) Pause Young (Normal) (G1 Evacuation Pause)
[2025-08-01T03:49:12.848+0000] GC(739) Using 8 workers of 8 for evacuation
[2025-08-01T03:49:12.892+0000] GC(739)   Pre Evacuate Collection Set: 0.5ms
[2025-08-01T03:49:12.892+0000] GC(739)   Merge Heap Roots: 0.2ms
[2025-08-01T03:49:12.892+0000] GC(739)   Evacuate Collection Set: 42.9ms
[2025-08-01T03:49:12.892+0000] GC(739)   Post Evacuate Collection Set: 0.9ms
[2025-08-01T03:49:12.893+0000] GC(739)   Other: 0.1ms
[2025-08-01T03:49:12.893+0000] GC(739) Eden regions: 108->0(85)
[2025-08-01T03:49:12.893+0000] GC(739) Survivor regions: 22->17(17)
[2025-08-01T03:49:12.893+0000] GC(739) Old regions: 1687->1802
[2025-08-01T03:49:12.893+0000] GC(739) Humongous regions: 0->0
[2025-08-01T03:49:12.893+0000] GC(739) Metaspace: 10593K(10816K)->10593K(10816K) NonClass: 9335K(9472K)->9335K(9472K) Class: 1258K(1344K)->1258K(1344K)
[2025-08-01T03:49:12.893+0000] GC(739) Pause Young (Normal) (G1 Evacuation Pause) 3633M->3636M(4096M) 44.948ms
[2025-08-01T03:49:12.893+0000] GC(739) User=0.34s Sys=0.01s Real=0.04s
[2025-08-01T03:49:12.960+0000] GC(740) Pause Young (Normal) (G1 Evacuation Pause)
[2025-08-01T03:49:12.961+0000] GC(740) Using 8 workers of 8 for evacuation
[2025-08-01T03:49:12.982+0000] GC(740)   Pre Evacuate Collection Set: 0.7ms
[2025-08-01T03:49:12.982+0000] GC(740)   Merge Heap Roots: 0.1ms
[2025-08-01T03:49:12.982+0000] GC(740)   Evacuate Collection Set: 18.8ms
[2025-08-01T03:49:12.982+0000] GC(740)   Post Evacuate Collection Set: 1.3ms
[2025-08-01T03:49:12.982+0000] GC(740)   Other: 0.1ms
[2025-08-01T03:49:12.982+0000] GC(740) Eden regions: 85->0(89)
[2025-08-01T03:49:12.982+0000] GC(740) Survivor regions: 17->13(13)
[2025-08-01T03:49:12.982+0000] GC(740) Old regions: 1802->1856
[2025-08-01T03:49:12.982+0000] GC(740) Humongous regions: 0->0
[2025-08-01T03:49:12.982+0000] GC(740) Metaspace: 10593K(10816K)->10593K(10816K) NonClass: 9335K(9472K)->9335K(9472K) Class: 1258K(1344K)->1258K(1344K)
[2025-08-01T03:49:12.982+0000] GC(740) Pause Young (Normal) (G1 Evacuation Pause) 3806M->3736M(4096M) 21.306ms
[2025-08-01T03:49:12.982+0000] GC(740) User=0.15s Sys=0.00s Real=0.02s
[2025-08-01T03:49:13.001+0000] GC(741) Pause Young (Normal) (G1 Evacuation Pause)
[2025-08-01T03:49:13.001+0000] GC(741) Using 8 workers of 8 for evacuation
[2025-08-01T03:49:13.033+0000] GC(741)   Pre Evacuate Collection Set: 0.6ms
[2025-08-01T03:49:13.033+0000] GC(741)   Merge Heap Roots: 0.1ms
[2025-08-01T03:49:13.033+0000] GC(741)   Evacuate Collection Set: 29.0ms
[2025-08-01T03:49:13.033+0000] GC(741)   Post Evacuate Collection Set: 1.2ms
[2025-08-01T03:49:13.033+0000] GC(741)   Other: 0.1ms
[2025-08-01T03:49:13.033+0000] GC(741) Eden regions: 89->0(54)
[2025-08-01T03:49:13.033+0000] GC(741) Survivor regions: 13->13(13)
[2025-08-01T03:49:13.033+0000] GC(741) Old regions: 1856->1968
[2025-08-01T03:49:13.033+0000] GC(741) Humongous regions: 0->0
[2025-08-01T03:49:13.033+0000] GC(741) Metaspace: 10593K(10816K)->10593K(10816K) NonClass: 9335K(9472K)->9335K(9472K) Class: 1258K(1344K)->1258K(1344K)
[2025-08-01T03:49:13.033+0000] GC(741) Pause Young (Normal) (G1 Evacuation Pause) (Evacuation Failure) 3914M->3961M(4096M) 31.330ms
[2025-08-01T03:49:13.033+0000] GC(741) User=0.24s Sys=0.00s Real=0.03s
[2025-08-01T03:49:13.044+0000] GC(737) Concurrent Mark From Roots 307.707ms
[2025-08-01T03:49:13.044+0000] GC(737) Concurrent Preclean
[2025-08-01T03:49:13.044+0000] GC(737) Concurrent Preclean 0.026ms
[2025-08-01T03:49:13.046+0000] GC(737) Pause Remark
[2025-08-01T03:49:13.050+0000] GC(737) Pause Remark 4069M->2103M(4096M) 4.466ms
[2025-08-01T03:49:13.050+0000] GC(737) User=0.01s Sys=0.00s Real=0.00s
[2025-08-01T03:49:13.050+0000] GC(737) Concurrent Mark 313.627ms
[2025-08-01T03:49:13.050+0000] GC(737) Concurrent Rebuild Remembered Sets and Scrub Regions
[2025-08-01T03:49:13.050+0000] GC(742) Pause Young (Normal) (G1 Evacuation Pause)
[2025-08-01T03:49:13.050+0000] GC(742) Using 8 workers of 8 for evacuation
[2025-08-01T03:49:13.072+0000] GC(742)   Pre Evacuate Collection Set: 0.6ms
[2025-08-01T03:49:13.072+0000] GC(742)   Merge Heap Roots: 0.1ms
[2025-08-01T03:49:13.072+0000] GC(742)   Evacuate Collection Set: 19.5ms
[2025-08-01T03:49:13.072+0000] GC(742)   Post Evacuate Collection Set: 1.1ms
[2025-08-01T03:49:13.072+0000] GC(742)   Other: 0.1ms
[2025-08-01T03:49:13.072+0000] GC(742) Eden regions: 54->0(348)
[2025-08-01T03:49:13.072+0000] GC(742) Survivor regions: 13->9(9)
[2025-08-01T03:49:13.072+0000] GC(742) Old regions: 985->1045
[2025-08-01T03:49:13.072+0000] GC(742) Humongous regions: 0->0
[2025-08-01T03:49:13.072+0000] GC(742) Metaspace: 10593K(10816K)->10593K(10816K) NonClass: 9335K(9472K)->9335K(9472K) Class: 1258K(1344K)->1258K(1344K)
[2025-08-01T03:49:13.072+0000] GC(742) Pause Young (Normal) (G1 Evacuation Pause) 2103M->2107M(4096M) 21.772ms
[2025-08-01T03:49:13.072+0000] GC(742) User=0.16s Sys=0.00s Real=0.02s
[2025-08-01T03:49:13.219+0000] GC(743) Pause Young (Normal) (G1 Evacuation Pause)
[2025-08-01T03:49:13.219+0000] GC(743) Using 8 workers of 8 for evacuation
[2025-08-01T03:49:13.333+0000] GC(743)   Pre Evacuate Collection Set: 0.8ms
[2025-08-01T03:49:13.333+0000] GC(743)   Merge Heap Roots: 0.2ms
[2025-08-01T03:49:13.333+0000] GC(743)   Evacuate Collection Set: 111.8ms
[2025-08-01T03:49:13.333+0000] GC(743)   Post Evacuate Collection Set: 0.9ms
[2025-08-01T03:49:13.333+0000] GC(743)   Other: 0.1ms
[2025-08-01T03:49:13.333+0000] GC(743) Eden regions: 348->0(206)
[2025-08-01T03:49:13.333+0000] GC(743) Survivor regions: 9->45(45)
[2025-08-01T03:49:13.333+0000] GC(743) Old regions: 1045->1358
[2025-08-01T03:49:13.333+0000] GC(743) Humongous regions: 0->0
[2025-08-01T03:49:13.333+0000] GC(743) Metaspace: 10593K(10816K)->10593K(10816K) NonClass: 9335K(9472K)->9335K(9472K) Class: 1258K(1344K)->1258K(1344K)
[2025-08-01T03:49:13.333+0000] GC(743) Pause Young (Normal) (G1 Evacuation Pause) 2803M->2804M(4096M) 114.155ms
[2025-08-01T03:49:13.333+0000] GC(743) User=0.86s Sys=0.00s Real=0.12s
[2025-08-01T03:49:13.393+0000] GC(737) Concurrent Rebuild Remembered Sets and Scrub Regions 342.264ms
[2025-08-01T03:49:13.393+0000] GC(737) Pause Cleanup
[2025-08-01T03:49:13.394+0000] GC(737) Pause Cleanup 3042M->3042M(4096M) 1.289ms
[2025-08-01T03:49:13.394+0000] GC(737) User=0.01s Sys=0.01s Real=0.00s
[2025-08-01T03:49:13.394+0000] GC(737) Concurrent Clear Claimed Marks
[2025-08-01T03:49:13.394+0000] GC(737) Concurrent Clear Claimed Marks 0.045ms
[2025-08-01T03:49:13.394+0000] GC(737) Concurrent Cleanup for Next Mark
[2025-08-01T03:49:13.406+0000] GC(737) Concurrent Cleanup for Next Mark 11.282ms
[2025-08-01T03:49:13.406+0000] GC(737) Concurrent Mark Cycle 702.777ms
[2025-08-01T03:49:13.419+0000] GC(744) Pause Young (Prepare Mixed) (G1 Evacuation Pause)
[2025-08-01T03:49:13.419+0000] GC(744) Using 8 workers of 8 for evacuation
[2025-08-01T03:49:13.485+0000] GC(744)   Pre Evacuate Collection Set: 0.6ms
[2025-08-01T03:49:13.485+0000] GC(744)   Merge Heap Roots: 0.2ms
[2025-08-01T03:49:13.485+0000] GC(744)   Evacuate Collection Set: 64.7ms
[2025-08-01T03:49:13.485+0000] GC(744)   Post Evacuate Collection Set: 0.7ms
[2025-08-01T03:49:13.485+0000] GC(744)   Other: 0.1ms
[2025-08-01T03:49:13.485+0000] GC(744) Eden regions: 206->0(165)
[2025-08-01T03:49:13.485+0000] GC(744) Survivor regions: 45->32(32)
[2025-08-01T03:49:13.485+0000] GC(744) Old regions: 1358->1505
[2025-08-01T03:49:13.485+0000] GC(744) Humongous regions: 0->0
[2025-08-01T03:49:13.485+0000] GC(744) Metaspace: 10593K(10816K)->10593K(10816K) NonClass: 9335K(9472K)->9335K(9472K) Class: 1258K(1344K)->1258K(1344K)
[2025-08-01T03:49:13.485+0000] GC(744) Pause Young (Prepare Mixed) (G1 Evacuation Pause) 3216M->3073M(4096M) 66.689ms
[2025-08-01T03:49:13.485+0000] GC(744) User=0.50s Sys=0.01s Real=0.07s
[2025-08-01T03:49:13.560+0000] GC(745) Pause Young (Mixed) (G1 Evacuation Pause)
[2025-08-01T03:49:13.560+0000] GC(745) Using 8 workers of 8 for evacuation
[2025-08-01T03:49:13.639+0000] GC(745)   Pre Evacuate Collection Set: 1.4ms
[2025-08-01T03:49:13.639+0000] GC(745)   Merge Heap Roots: 0.7ms
[2025-08-01T03:49:13.639+0000] GC(745)   Evacuate Collection Set: 74.6ms
[2025-08-01T03:49:13.639+0000] GC(745)   Post Evacuate Collection Set: 1.6ms
[2025-08-01T03:49:13.639+0000] GC(745)   Other: 0.1ms
[2025-08-01T03:49:13.639+0000] GC(745) Eden regions: 165->0(136)
[2025-08-01T03:49:13.639+0000] GC(745) Survivor regions: 32->25(25)
[2025-08-01T03:49:13.639+0000] GC(745) Old regions: 1505->1606
[2025-08-01T03:49:13.639+0000] GC(745) Humongous regions: 0->0
[2025-08-01T03:49:13.639+0000] GC(745) Metaspace: 10593K(10816K)->10593K(10816K) NonClass: 9335K(9472K)->9335K(9472K) Class: 1258K(1344K)->1258K(1344K)
[2025-08-01T03:49:13.639+0000] GC(745) Pause Young (Mixed) (G1 Evacuation Pause) 3403M->3260M(4096M) 78.965ms
[2025-08-01T03:49:13.639+0000] GC(745) User=0.55s Sys=0.02s Real=0.08s
[2025-08-01T03:49:13.709+0000] GC(746) Pause Young (Concurrent Start) (G1 Evacuation Pause)
[2025-08-01T03:49:13.709+0000] GC(746) Using 8 workers of 8 for evacuation
[2025-08-01T03:49:13.806+0000] GC(746)   Pre Evacuate Collection Set: 0.8ms
[2025-08-01T03:49:13.806+0000] GC(746)   Merge Heap Roots: 0.1ms
[2025-08-01T03:49:13.806+0000] GC(746)   Evacuate Collection Set: 94.1ms
[2025-08-01T03:49:13.806+0000] GC(746)   Post Evacuate Collection Set: 1.8ms
[2025-08-01T03:49:13.806+0000] GC(746)   Other: 0.2ms
[2025-08-01T03:49:13.806+0000] GC(746) Eden regions: 136->0(90)
[2025-08-01T03:49:13.806+0000] GC(746) Survivor regions: 25->21(21)
[2025-08-01T03:49:13.806+0000] GC(746) Old regions: 1606->1737
[2025-08-01T03:49:13.806+0000] GC(746) Humongous regions: 0->0
[2025-08-01T03:49:13.806+0000] GC(746) Metaspace: 10593K(10816K)->10593K(10816K) NonClass: 9335K(9472K)->9335K(9472K) Class: 1258K(1344K)->1258K(1344K)
[2025-08-01T03:49:13.806+0000] GC(746) Pause Young (Concurrent Start) (G1 Evacuation Pause) 3532M->3515M(4096M) 97.386ms
[2025-08-01T03:49:13.806+0000] GC(746) User=0.72s Sys=0.02s Real=0.10s
[2025-08-01T03:49:13.806+0000] GC(747) Concurrent Mark Cycle
[2025-08-01T03:49:13.806+0000] GC(747) Concurrent Scan Root Regions
[2025-08-01T03:49:13.840+0000] GC(748) Pause Young (Normal) (G1 Evacuation Pause)
[2025-08-01T03:49:13.840+0000] GC(748) Using 8 workers of 8 for evacuation
[2025-08-01T03:49:13.849+0000] GC(747) Concurrent Scan Root Regions 42.285ms
[2025-08-01T03:49:13.849+0000] GC(747) Concurrent Mark
[2025-08-01T03:49:13.849+0000] GC(747) Concurrent Mark From Roots
[2025-08-01T03:49:13.849+0000] GC(747) Using 2 workers of 2 for marking
[2025-08-01T03:49:13.884+0000] GC(748)   Pre Evacuate Collection Set: 0.5ms
[2025-08-01T03:49:13.884+0000] GC(748)   Merge Heap Roots: 0.2ms
[2025-08-01T03:49:13.884+0000] GC(748)   Evacuate Collection Set: 33.1ms
[2025-08-01T03:49:13.884+0000] GC(748)   Post Evacuate Collection Set: 0.9ms
[2025-08-01T03:49:13.884+0000] GC(748)   Other: 0.1ms
[2025-08-01T03:49:13.884+0000] GC(748) Eden regions: 90->0(88)
[2025-08-01T03:49:13.884+0000] GC(748) Survivor regions: 21->14(14)
[2025-08-01T03:49:13.884+0000] GC(748) Old regions: 1737->1835
[2025-08-01T03:49:13.884+0000] GC(748) Humongous regions: 0->0
[2025-08-01T03:49:13.884+0000] GC(748) Metaspace: 10593K(10816K)->10593K(10816K) NonClass: 9335K(9472K)->9335K(9472K) Class: 1258K(1344K)->1258K(1344K)
[2025-08-01T03:49:13.884+0000] GC(748) Pause Young (Normal) (G1 Evacuation Pause) 3695M->3697M(4096M) 44.197ms
[2025-08-01T03:49:13.884+0000] GC(748) User=0.29s Sys=0.00s Real=0.05s
[2025-08-01T03:49:13.908+0000] GC(749) Pause Young (Normal) (G1 Evacuation Pause)
[2025-08-01T03:49:13.908+0000] GC(749) Using 8 workers of 8 for evacuation
[2025-08-01T03:49:13.939+0000] GC(749)   Pre Evacuate Collection Set: 0.6ms
[2025-08-01T03:49:13.939+0000] GC(749)   Merge Heap Roots: 0.2ms
[2025-08-01T03:49:13.940+0000] GC(749)   Evacuate Collection Set: 28.8ms
[2025-08-01T03:49:13.940+0000] GC(749)   Post Evacuate Collection Set: 1.3ms
[2025-08-01T03:49:13.940+0000] GC(749)   Other: 0.1ms
[2025-08-01T03:49:13.940+0000] GC(749) Eden regions: 88->0(89)
[2025-08-01T03:49:13.940+0000] GC(749) Survivor regions: 14->13(13)
[2025-08-01T03:49:13.940+0000] GC(749) Old regions: 1835->1926
[2025-08-01T03:49:13.940+0000] GC(749) Humongous regions: 0->0
[2025-08-01T03:49:13.940+0000] GC(749) Metaspace: 10593K(10816K)->10593K(10816K) NonClass: 9335K(9472K)->9335K(9472K) Class: 1258K(1344K)->1258K(1344K)
[2025-08-01T03:49:13.940+0000] GC(749) Pause Young (Normal) (G1 Evacuation Pause) 3873M->3876M(4096M) 31.346ms
[2025-08-01T03:49:13.940+0000] GC(749) User=0.22s Sys=0.00s Real=0.03s
[2025-08-01T03:49:13.968+0000] GC(750) Pause Young (Normal) (G1 Evacuation Pause)
[2025-08-01T03:49:13.968+0000] GC(750) Using 8 workers of 8 for evacuation
[2025-08-01T03:49:13.996+0000] GC(750)   Pre Evacuate Collection Set: 0.7ms
[2025-08-01T03:49:13.996+0000] GC(750)   Merge Heap Roots: 0.1ms
[2025-08-01T03:49:13.996+0000] GC(750)   Evacuate Collection Set: 18.0ms
[2025-08-01T03:49:13.996+0000] GC(750)   Post Evacuate Collection Set: 9.0ms
[2025-08-01T03:49:13.996+0000] GC(750)   Other: 0.1ms
[2025-08-01T03:49:13.996+0000] GC(750) Eden regions: 89->0(0)
[2025-08-01T03:49:13.996+0000] GC(750) Survivor regions: 13->10(13)
[2025-08-01T03:49:13.996+0000] GC(750) Old regions: 1926->2028
[2025-08-01T03:49:13.996+0000] GC(750) Humongous regions: 0->0
[2025-08-01T03:49:13.996+0000] GC(750) Metaspace: 10593K(10816K)->10593K(10816K) NonClass: 9335K(9472K)->9335K(9472K) Class: 1258K(1344K)->1258K(1344K)
[2025-08-01T03:49:13.996+0000] GC(750) Pause Young (Normal) (G1 Evacuation Pause) (Evacuation Failure) 4054M->4075M(4096M) 28.290ms
[2025-08-01T03:49:13.996+0000] GC(750) User=0.18s Sys=0.01s Real=0.03s
[2025-08-01T03:49:13.996+0000] Attempting full compaction
[2025-08-01T03:49:13.996+0000] GC(751) Pause Full (G1 Compaction Pause)
[2025-08-01T03:49:13.996+0000] GC(751) Using 8 workers of 8 for full compaction
[2025-08-01T03:49:14.001+0000] GC(751) Phase 1: Mark live objects
[2025-08-01T03:49:14.054+0000] GC(751) Phase 1: Mark live objects 52.513ms
[2025-08-01T03:49:14.054+0000] GC(751) Phase 2: Prepare compaction
[2025-08-01T03:49:14.065+0000] GC(751) Phase 2: Prepare compaction 11.044ms
[2025-08-01T03:49:14.065+0000] GC(751) Phase 3: Adjust pointers
[2025-08-01T03:49:14.117+0000] GC(751) Phase 3: Adjust pointers 52.544ms
[2025-08-01T03:49:14.117+0000] GC(751) Phase 4: Compact heap
[2025-08-01T03:49:14.146+0000] GC(751) Phase 4: Compact heap 28.149ms
[2025-08-01T03:49:14.146+0000] GC(751) Phase 5: Reset Metadata
[2025-08-01T03:49:14.183+0000] GC(751) Phase 5: Reset Metadata 37.384ms
[2025-08-01T03:49:14.189+0000] GC(751) Eden regions: 0->0(515)
[2025-08-01T03:49:14.189+0000] GC(751) Survivor regions: 10->0(13)
[2025-08-01T03:49:14.189+0000] GC(751) Old regions: 2028->545
[2025-08-01T03:49:14.189+0000] GC(751) Humongous regions: 0->0
[2025-08-01T03:49:14.189+0000] GC(751) Metaspace: 10593K(10816K)->10593K(10816K) NonClass: 9335K(9472K)->9335K(9472K) Class: 1258K(1344K)->1258K(1344K)
[2025-08-01T03:49:14.189+0000] GC(751) Pause Full (G1 Compaction Pause) 4075M->1083M(4096M) 193.420ms
[2025-08-01T03:49:14.189+0000] GC(751) User=1.43s Sys=0.02s Real=0.19s
[2025-08-01T03:49:14.190+0000] GC(747) Concurrent Mark From Roots 341.059ms
[2025-08-01T03:49:14.190+0000] GC(747) Concurrent Mark Abort
[2025-08-01T03:49:14.190+0000] GC(747) Concurrent Mark Cycle 383.548ms
[2025-08-01T03:49:14.451+0000] GC(752) Pause Young (Normal) (G1 Evacuation Pause)
[2025-08-01T03:49:14.451+0000] GC(752) Using 8 workers of 8 for evacuation
[2025-08-01T03:49:14.633+0000] GC(752)   Pre Evacuate Collection Set: 0.8ms
[2025-08-01T03:49:14.633+0000] GC(752)   Merge Heap Roots: 0.4ms
[2025-08-01T03:49:14.633+0000] GC(752)   Evacuate Collection Set: 179.1ms
[2025-08-01T03:49:14.633+0000] GC(752)   Post Evacuate Collection Set: 1.5ms
[2025-08-01T03:49:14.633+0000] GC(752)   Other: 0.2ms
[2025-08-01T03:49:14.633+0000] GC(752) Eden regions: 515->0(425)
[2025-08-01T03:49:14.633+0000] GC(752) Survivor regions: 0->65(65)
[2025-08-01T03:49:14.633+0000] GC(752) Old regions: 545->765
[2025-08-01T03:49:14.633+0000] GC(752) Humongous regions: 0->0
[2025-08-01T03:49:14.633+0000] GC(752) Metaspace: 10593K(10816K)->10593K(10816K) NonClass: 9335K(9472K)->9335K(9472K) Class: 1258K(1344K)->1258K(1344K)
[2025-08-01T03:49:14.633+0000] GC(752) Pause Young (Normal) (G1 Evacuation Pause) 2113M->1652M(4096M) 182.297ms
[2025-08-01T03:49:14.633+0000] GC(752) User=1.34s Sys=0.06s Real=0.19s
[2025-08-01T03:49:14.803+0000] GC(753) Pause Young (Concurrent Start) (G1 Evacuation Pause)
[2025-08-01T03:49:14.803+0000] GC(753) Using 8 workers of 8 for evacuation
[2025-08-01T03:49:15.090+0000] GC(753) MMU target violated: 201.0ms (200.0ms/201.0ms)
[2025-08-01T03:49:15.090+0000] GC(753)   Pre Evacuate Collection Set: 6.2ms
[2025-08-01T03:49:15.090+0000] GC(753)   Merge Heap Roots: 0.3ms
[2025-08-01T03:49:15.090+0000] GC(753)   Evacuate Collection Set: 278.1ms
[2025-08-01T03:49:15.090+0000] GC(753)   Post Evacuate Collection Set: 1.2ms
[2025-08-01T03:49:15.090+0000] GC(753)   Other: 0.6ms
[2025-08-01T03:49:15.090+0000] GC(753) Eden regions: 425->0(266)
[2025-08-01T03:49:15.090+0000] GC(753) Survivor regions: 65->62(62)
[2025-08-01T03:49:15.090+0000] GC(753) Old regions: 765->1158
[2025-08-01T03:49:15.090+0000] GC(753) Humongous regions: 0->0
[2025-08-01T03:49:15.090+0000] GC(753) Metaspace: 10593K(10816K)->10593K(10816K) NonClass: 9335K(9472K)->9335K(9472K) Class: 1258K(1344K)->1258K(1344K)
[2025-08-01T03:49:15.090+0000] GC(753) Pause Young (Concurrent Start) (G1 Evacuation Pause) 2502M->2433M(4096M) 286.675ms
[2025-08-01T03:49:15.090+0000] GC(753) User=2.14s Sys=0.07s Real=0.28s
[2025-08-01T03:49:15.090+0000] GC(754) Concurrent Mark Cycle
[2025-08-01T03:49:15.090+0000] GC(754) Concurrent Scan Root Regions
[2025-08-01T03:49:15.192+0000] GC(754) Concurrent Scan Root Regions 101.859ms
[2025-08-01T03:49:15.192+0000] GC(754) Concurrent Mark
[2025-08-01T03:49:15.192+0000] GC(754) Concurrent Mark From Roots
[2025-08-01T03:49:15.192+0000] GC(754) Using 2 workers of 2 for marking
[2025-08-01T03:49:15.194+0000] GC(755) Pause Young (Normal) (G1 Evacuation Pause)
[2025-08-01T03:49:15.194+0000] GC(755) Using 8 workers of 8 for evacuation
[2025-08-01T03:49:15.256+0000] GC(755)   Pre Evacuate Collection Set: 0.6ms
[2025-08-01T03:49:15.256+0000] GC(755)   Merge Heap Roots: 0.2ms
[2025-08-01T03:49:15.256+0000] GC(755)   Evacuate Collection Set: 59.2ms
[2025-08-01T03:49:15.256+0000] GC(755)   Post Evacuate Collection Set: 1.1ms
[2025-08-01T03:49:15.256+0000] GC(755)   Other: 0.1ms
[2025-08-01T03:49:15.256+0000] GC(755) Eden regions: 266->0(224)
[2025-08-01T03:49:15.256+0000] GC(755) Survivor regions: 62->41(41)
[2025-08-01T03:49:15.256+0000] GC(755) Old regions: 1158->1328
[2025-08-01T03:49:15.256+0000] GC(755) Humongous regions: 0->0
[2025-08-01T03:49:15.256+0000] GC(755) Metaspace: 10593K(10816K)->10593K(10816K) NonClass: 9335K(9472K)->9335K(9472K) Class: 1258K(1344K)->1258K(1344K)
[2025-08-01T03:49:15.256+0000] GC(755) Pause Young (Normal) (G1 Evacuation Pause) 2965M->2731M(4096M) 61.458ms
[2025-08-01T03:49:15.256+0000] GC(755) User=0.47s Sys=0.00s Real=0.06s
[2025-08-01T03:49:15.308+0000] GC(754) Concurrent Mark From Roots 116.089ms
[2025-08-01T03:49:15.308+0000] GC(754) Concurrent Preclean
[2025-08-01T03:49:15.308+0000] GC(754) Concurrent Preclean 0.027ms
[2025-08-01T03:49:15.308+0000] GC(754) Pause Remark
[2025-08-01T03:49:15.314+0000] GC(754) Pause Remark 2886M->1780M(4096M) 5.402ms
[2025-08-01T03:49:15.314+0000] GC(754) User=0.02s Sys=0.01s Real=0.01s
[2025-08-01T03:49:15.314+0000] GC(754) Concurrent Mark 122.387ms
[2025-08-01T03:49:15.314+0000] GC(754) Concurrent Rebuild Remembered Sets and Scrub Regions
[2025-08-01T03:49:15.350+0000] GC(756) Pause Young (Normal) (G1 Evacuation Pause)
[2025-08-01T03:49:15.350+0000] GC(756) Using 8 workers of 8 for evacuation
[2025-08-01T03:49:15.415+0000] GC(756)   Pre Evacuate Collection Set: 0.5ms
[2025-08-01T03:49:15.415+0000] GC(756)   Merge Heap Roots: 0.2ms
[2025-08-01T03:49:15.415+0000] GC(756)   Evacuate Collection Set: 63.3ms
[2025-08-01T03:49:15.415+0000] GC(756)   Post Evacuate Collection Set: 0.7ms
[2025-08-01T03:49:15.415+0000] GC(756)   Other: 0.1ms
[2025-08-01T03:49:15.415+0000] GC(756) Eden regions: 224->0(358)
[2025-08-01T03:49:15.415+0000] GC(756) Survivor regions: 41->34(34)
[2025-08-01T03:49:15.415+0000] GC(756) Old regions: 772->949
[2025-08-01T03:49:15.415+0000] GC(756) Humongous regions: 0->0
[2025-08-01T03:49:15.415+0000] GC(756) Metaspace: 10593K(10816K)->10593K(10816K) NonClass: 9335K(9472K)->9335K(9472K) Class: 1258K(1344K)->1258K(1344K)
[2025-08-01T03:49:15.415+0000] GC(756) Pause Young (Normal) (G1 Evacuation Pause) 2073M->1964M(4096M) 65.081ms
[2025-08-01T03:49:15.415+0000] GC(756) User=0.49s Sys=0.00s Real=0.07s
[2025-08-01T03:49:15.563+0000] GC(754) Concurrent Rebuild Remembered Sets and Scrub Regions 248.003ms
[2025-08-01T03:49:15.563+0000] GC(754) Pause Cleanup
[2025-08-01T03:49:15.564+0000] GC(754) Pause Cleanup 2680M->2680M(4096M) 0.848ms
[2025-08-01T03:49:15.564+0000] GC(754) User=0.01s Sys=0.00s Real=0.00s
[2025-08-01T03:49:15.564+0000] GC(754) Concurrent Clear Claimed Marks
[2025-08-01T03:49:15.564+0000] GC(754) Concurrent Clear Claimed Marks 0.063ms
[2025-08-01T03:49:15.564+0000] GC(754) Concurrent Cleanup for Next Mark
[2025-08-01T03:49:15.564+0000] GC(757) Pause Young (Prepare Mixed) (G1 Evacuation Pause)
[2025-08-01T03:49:15.564+0000] GC(757) Using 8 workers of 8 for evacuation
[2025-08-01T03:49:15.687+0000] GC(757)   Pre Evacuate Collection Set: 0.6ms
[2025-08-01T03:49:15.687+0000] GC(757)   Merge Heap Roots: 0.2ms
[2025-08-01T03:49:15.687+0000] GC(757)   Evacuate Collection Set: 119.9ms
[2025-08-01T03:49:15.687+0000] GC(757)   Post Evacuate Collection Set: 1.5ms
[2025-08-01T03:49:15.687+0000] GC(757)   Other: 0.1ms
[2025-08-01T03:49:15.687+0000] GC(757) Eden regions: 358->0(236)
[2025-08-01T03:49:15.687+0000] GC(757) Survivor regions: 34->49(49)
[2025-08-01T03:49:15.687+0000] GC(757) Old regions: 949->1264
[2025-08-01T03:49:15.687+0000] GC(757) Humongous regions: 0->0
[2025-08-01T03:49:15.687+0000] GC(757) Metaspace: 10593K(10816K)->10593K(10816K) NonClass: 9335K(9472K)->9335K(9472K) Class: 1258K(1344K)->1258K(1344K)
[2025-08-01T03:49:15.687+0000] GC(757) Pause Young (Prepare Mixed) (G1 Evacuation Pause) 2680M->2625M(4096M) 122.600ms
[2025-08-01T03:49:15.687+0000] GC(757) User=0.94s Sys=0.01s Real=0.12s
[2025-08-01T03:49:15.702+0000] GC(754) Concurrent Cleanup for Next Mark 138.004ms
[2025-08-01T03:49:15.702+0000] GC(754) Concurrent Mark Cycle 612.269ms
[2025-08-01T03:49:15.784+0000] GC(758) Pause Young (Mixed) (G1 Evacuation Pause)
[2025-08-01T03:49:15.785+0000] GC(758) Using 8 workers of 8 for evacuation
[2025-08-01T03:49:15.910+0000] GC(758)   Pre Evacuate Collection Set: 0.7ms
[2025-08-01T03:49:15.910+0000] GC(758)   Merge Heap Roots: 0.2ms
[2025-08-01T03:49:15.910+0000] GC(758)   Evacuate Collection Set: 121.6ms
[2025-08-01T03:49:15.910+0000] GC(758)   Post Evacuate Collection Set: 2.3ms
[2025-08-01T03:49:15.910+0000] GC(758)   Other: 0.2ms
[2025-08-01T03:49:15.910+0000] GC(758) Eden regions: 236->0(188)
[2025-08-01T03:49:15.910+0000] GC(758) Survivor regions: 49->36(36)
[2025-08-01T03:49:15.910+0000] GC(758) Old regions: 1264->1430
[2025-08-01T03:49:15.910+0000] GC(758) Humongous regions: 0->0
[2025-08-01T03:49:15.910+0000] GC(758) Metaspace: 10593K(10816K)->10593K(10816K) NonClass: 9335K(9472K)->9335K(9472K) Class: 1258K(1344K)->1258K(1344K)
[2025-08-01T03:49:15.910+0000] GC(758) Pause Young (Mixed) (G1 Evacuation Pause) 3097M->2931M(4096M) 125.606ms
[2025-08-01T03:49:15.910+0000] GC(758) User=0.94s Sys=0.02s Real=0.12s
[2025-08-01T03:49:16.003+0000] GC(759) Pause Young (Concurrent Start) (G1 Evacuation Pause)
[2025-08-01T03:49:16.004+0000] GC(759) Using 8 workers of 8 for evacuation
[2025-08-01T03:49:16.068+0000] GC(759)   Pre Evacuate Collection Set: 0.9ms
[2025-08-01T03:49:16.068+0000] GC(759)   Merge Heap Roots: 0.1ms
[2025-08-01T03:49:16.068+0000] GC(759)   Evacuate Collection Set: 62.0ms
[2025-08-01T03:49:16.068+0000] GC(759)   Post Evacuate Collection Set: 1.2ms
[2025-08-01T03:49:16.068+0000] GC(759)   Other: 0.2ms
[2025-08-01T03:49:16.068+0000] GC(759) Eden regions: 188->0(140)
[2025-08-01T03:49:16.068+0000] GC(759) Survivor regions: 36->28(28)
[2025-08-01T03:49:16.068+0000] GC(759) Old regions: 1430->1580
[2025-08-01T03:49:16.068+0000] GC(759) Humongous regions: 0->0
[2025-08-01T03:49:16.068+0000] GC(759) Metaspace: 10593K(10816K)->10593K(10816K) NonClass: 9335K(9472K)->9335K(9472K) Class: 1258K(1344K)->1258K(1344K)
[2025-08-01T03:49:16.068+0000] GC(759) Pause Young (Concurrent Start) (G1 Evacuation Pause) 3307M->3214M(4096M) 64.699ms
[2025-08-01T03:49:16.068+0000] GC(759) User=0.48s Sys=0.02s Real=0.06s
[2025-08-01T03:49:16.068+0000] GC(760) Concurrent Mark Cycle
[2025-08-01T03:49:16.068+0000] GC(760) Concurrent Scan Root Regions
[2025-08-01T03:49:16.108+0000] GC(760) Concurrent Scan Root Regions 39.547ms
[2025-08-01T03:49:16.108+0000] GC(760) Concurrent Mark
[2025-08-01T03:49:16.108+0000] GC(760) Concurrent Mark From Roots
[2025-08-01T03:49:16.108+0000] GC(760) Using 2 workers of 2 for marking
[2025-08-01T03:49:16.135+0000] GC(761) Pause Young (Normal) (G1 Evacuation Pause)
[2025-08-01T03:49:16.135+0000] GC(761) Using 8 workers of 8 for evacuation
[2025-08-01T03:49:16.177+0000] GC(761)   Pre Evacuate Collection Set: 0.6ms
[2025-08-01T03:49:16.178+0000] GC(761)   Merge Heap Roots: 0.3ms
[2025-08-01T03:49:16.178+0000] GC(761)   Evacuate Collection Set: 40.5ms
[2025-08-01T03:49:16.178+0000] GC(761)   Post Evacuate Collection Set: 1.0ms
[2025-08-01T03:49:16.178+0000] GC(761)   Other: 0.2ms
[2025-08-01T03:49:16.178+0000] GC(761) Eden regions: 140->0(129)
[2025-08-01T03:49:16.178+0000] GC(761) Survivor regions: 28->21(21)
[2025-08-01T03:49:16.178+0000] GC(761) Old regions: 1580->1642
[2025-08-01T03:49:16.178+0000] GC(761) Humongous regions: 0->0
[2025-08-01T03:49:16.178+0000] GC(761) Metaspace: 10593K(10816K)->10593K(10816K) NonClass: 9335K(9472K)->9335K(9472K) Class: 1258K(1344K)->1258K(1344K)
[2025-08-01T03:49:16.178+0000] GC(761) Pause Young (Normal) (G1 Evacuation Pause) 3494M->3324M(4096M) 42.802ms
[2025-08-01T03:49:16.178+0000] GC(761) User=0.30s Sys=0.01s Real=0.04s
[2025-08-01T03:49:16.206+0000] GC(762) Pause Young (Normal) (G1 Evacuation Pause)
[2025-08-01T03:49:16.206+0000] GC(762) Using 8 workers of 8 for evacuation
[2025-08-01T03:49:16.251+0000] GC(762)   Pre Evacuate Collection Set: 0.3ms
[2025-08-01T03:49:16.251+0000] GC(762)   Merge Heap Roots: 0.1ms
[2025-08-01T03:49:16.251+0000] GC(762)   Evacuate Collection Set: 42.9ms
[2025-08-01T03:49:16.251+0000] GC(762)   Post Evacuate Collection Set: 0.9ms
[2025-08-01T03:49:16.251+0000] GC(762)   Other: 0.1ms
[2025-08-01T03:49:16.251+0000] GC(762) Eden regions: 129->0(83)
[2025-08-01T03:49:16.251+0000] GC(762) Survivor regions: 21->19(19)
[2025-08-01T03:49:16.251+0000] GC(762) Old regions: 1642->1775
[2025-08-01T03:49:16.251+0000] GC(762) Humongous regions: 0->0
[2025-08-01T03:49:16.251+0000] GC(762) Metaspace: 10593K(10816K)->10593K(10816K) NonClass: 9335K(9472K)->9335K(9472K) Class: 1258K(1344K)->1258K(1344K)
[2025-08-01T03:49:16.251+0000] GC(762) Pause Young (Normal) (G1 Evacuation Pause) 3582M->3586M(4096M) 44.701ms
[2025-08-01T03:49:16.251+0000] GC(762) User=0.34s Sys=0.00s Real=0.04s
[2025-08-01T03:49:16.312+0000] GC(763) Pause Young (Normal) (G1 Evacuation Pause)
[2025-08-01T03:49:16.312+0000] GC(763) Using 8 workers of 8 for evacuation
[2025-08-01T03:49:16.352+0000] GC(763)   Pre Evacuate Collection Set: 0.8ms
[2025-08-01T03:49:16.352+0000] GC(763)   Merge Heap Roots: 0.2ms
[2025-08-01T03:49:16.352+0000] GC(763)   Evacuate Collection Set: 37.2ms
[2025-08-01T03:49:16.352+0000] GC(763)   Post Evacuate Collection Set: 1.0ms
[2025-08-01T03:49:16.352+0000] GC(763)   Other: 0.1ms
[2025-08-01T03:49:16.352+0000] GC(763) Eden regions: 83->0(89)
[2025-08-01T03:49:16.352+0000] GC(763) Survivor regions: 19->13(13)
[2025-08-01T03:49:16.352+0000] GC(763) Old regions: 1775->1866
[2025-08-01T03:49:16.352+0000] GC(763) Humongous regions: 0->0
[2025-08-01T03:49:16.352+0000] GC(763) Metaspace: 10593K(10816K)->10593K(10816K) NonClass: 9335K(9472K)->9335K(9472K) Class: 1258K(1344K)->1258K(1344K)
[2025-08-01T03:49:16.352+0000] GC(763) Pause Young (Normal) (G1 Evacuation Pause) 3752M->3756M(4096M) 39.665ms
[2025-08-01T03:49:16.352+0000] GC(763) User=0.30s Sys=0.00s Real=0.04s
[2025-08-01T03:49:16.361+0000] GC(760) Concurrent Mark From Roots 252.585ms
[2025-08-01T03:49:16.361+0000] GC(760) Concurrent Preclean
[2025-08-01T03:49:16.361+0000] GC(760) Concurrent Preclean 0.028ms
[2025-08-01T03:49:16.361+0000] GC(760) Pause Remark
[2025-08-01T03:49:16.366+0000] GC(760) Pause Remark 3842M->1874M(4096M) 4.808ms
[2025-08-01T03:49:16.366+0000] GC(760) User=0.02s Sys=0.00s Real=0.01s
[2025-08-01T03:49:16.366+0000] GC(760) Concurrent Mark 258.129ms
[2025-08-01T03:49:16.366+0000] GC(760) Concurrent Rebuild Remembered Sets and Scrub Regions
[2025-08-01T03:49:16.379+0000] GC(764) Pause Young (Normal) (G1 Evacuation Pause)
[2025-08-01T03:49:16.379+0000] GC(764) Using 8 workers of 8 for evacuation
[2025-08-01T03:49:16.411+0000] GC(764)   Pre Evacuate Collection Set: 1.0ms
[2025-08-01T03:49:16.411+0000] GC(764)   Merge Heap Roots: 0.3ms
[2025-08-01T03:49:16.411+0000] GC(764)   Evacuate Collection Set: 29.8ms
[2025-08-01T03:49:16.411+0000] GC(764)   Post Evacuate Collection Set: 0.9ms
[2025-08-01T03:49:16.411+0000] GC(764)   Other: 0.1ms
[2025-08-01T03:49:16.411+0000] GC(764) Eden regions: 89->0(339)
[2025-08-01T03:49:16.411+0000] GC(764) Survivor regions: 13->13(13)
[2025-08-01T03:49:16.411+0000] GC(764) Old regions: 882->973
[2025-08-01T03:49:16.411+0000] GC(764) Humongous regions: 0->0
[2025-08-01T03:49:16.411+0000] GC(764) Metaspace: 10593K(10816K)->10593K(10816K) NonClass: 9335K(9472K)->9335K(9472K) Class: 1258K(1344K)->1258K(1344K)
[2025-08-01T03:49:16.411+0000] GC(764) Pause Young (Normal) (G1 Evacuation Pause) 1966M->1970M(4096M) 32.361ms
[2025-08-01T03:49:16.411+0000] GC(764) User=0.24s Sys=0.00s Real=0.03s
[2025-08-01T03:49:16.580+0000] GC(765) Pause Young (Normal) (G1 Evacuation Pause)
[2025-08-01T03:49:16.580+0000] GC(765) Using 8 workers of 8 for evacuation
[2025-08-01T03:49:16.676+0000] GC(765)   Pre Evacuate Collection Set: 0.9ms
[2025-08-01T03:49:16.676+0000] GC(765)   Merge Heap Roots: 0.3ms
[2025-08-01T03:49:16.676+0000] GC(765)   Evacuate Collection Set: 93.7ms
[2025-08-01T03:49:16.676+0000] GC(765)   Post Evacuate Collection Set: 1.3ms
[2025-08-01T03:49:16.676+0000] GC(765)   Other: 0.1ms
[2025-08-01T03:49:16.676+0000] GC(765) Eden regions: 339->0(284)
[2025-08-01T03:49:16.676+0000] GC(765) Survivor regions: 13->44(44)
[2025-08-01T03:49:16.676+0000] GC(765) Old regions: 973->1151
[2025-08-01T03:49:16.676+0000] GC(765) Humongous regions: 0->0
[2025-08-01T03:49:16.676+0000] GC(765) Metaspace: 10593K(10816K)->10593K(10816K) NonClass: 9335K(9472K)->9335K(9472K) Class: 1258K(1344K)->1258K(1344K)
[2025-08-01T03:49:16.677+0000] GC(765) Pause Young (Normal) (G1 Evacuation Pause) 2648M->2388M(4096M) 96.725ms
[2025-08-01T03:49:16.677+0000] GC(765) User=0.70s Sys=0.03s Real=0.10s
[2025-08-01T03:49:16.697+0000] GC(760) Concurrent Rebuild Remembered Sets and Scrub Regions 331.000ms
[2025-08-01T03:49:16.698+0000] GC(760) Pause Cleanup
[2025-08-01T03:49:16.699+0000] GC(760) Pause Cleanup 2572M->2572M(4096M) 1.123ms
[2025-08-01T03:49:16.699+0000] GC(760) User=0.00s Sys=0.00s Real=0.00s
[2025-08-01T03:49:16.699+0000] GC(760) Concurrent Clear Claimed Marks
[2025-08-01T03:49:16.699+0000] GC(760) Concurrent Clear Claimed Marks 0.056ms
[2025-08-01T03:49:16.699+0000] GC(760) Concurrent Cleanup for Next Mark
[2025-08-01T03:49:16.708+0000] GC(760) Concurrent Cleanup for Next Mark 8.702ms
[2025-08-01T03:49:16.708+0000] GC(760) Concurrent Mark Cycle 639.434ms
[2025-08-01T03:49:16.812+0000] GC(766) Pause Young (Prepare Mixed) (G1 Evacuation Pause)
[2025-08-01T03:49:16.812+0000] GC(766) Using 8 workers of 8 for evacuation
[2025-08-01T03:49:16.879+0000] GC(766)   Pre Evacuate Collection Set: 0.8ms
[2025-08-01T03:49:16.879+0000] GC(766)   Merge Heap Roots: 0.2ms
[2025-08-01T03:49:16.879+0000] GC(766)   Evacuate Collection Set: 64.3ms
[2025-08-01T03:49:16.879+0000] GC(766)   Post Evacuate Collection Set: 1.3ms
[2025-08-01T03:49:16.879+0000] GC(766)   Other: 0.1ms
[2025-08-01T03:49:16.879+0000] GC(766) Eden regions: 284->0(262)
[2025-08-01T03:49:16.879+0000] GC(766) Survivor regions: 44->41(41)
[2025-08-01T03:49:16.879+0000] GC(766) Old regions: 1151->1253
[2025-08-01T03:49:16.879+0000] GC(766) Humongous regions: 0->0
[2025-08-01T03:49:16.879+0000] GC(766) Metaspace: 10593K(10816K)->10593K(10816K) NonClass: 9335K(9472K)->9335K(9472K) Class: 1258K(1344K)->1258K(1344K)
[2025-08-01T03:49:16.879+0000] GC(766) Pause Young (Prepare Mixed) (G1 Evacuation Pause) 2956M->2587M(4096M) 67.007ms
[2025-08-01T03:49:16.879+0000] GC(766) User=0.48s Sys=0.02s Real=0.07s
[2025-08-01T03:49:16.986+0000] GC(767) Pause Young (Mixed) (G1 Evacuation Pause)
[2025-08-01T03:49:16.986+0000] GC(767) Using 8 workers of 8 for evacuation
[2025-08-01T03:49:17.112+0000] GC(767)   Pre Evacuate Collection Set: 1.4ms
[2025-08-01T03:49:17.112+0000] GC(767)   Merge Heap Roots: 0.4ms
[2025-08-01T03:49:17.112+0000] GC(767)   Evacuate Collection Set: 122.0ms
[2025-08-01T03:49:17.112+0000] GC(767)   Post Evacuate Collection Set: 1.7ms
[2025-08-01T03:49:17.112+0000] GC(767)   Other: 0.1ms
[2025-08-01T03:49:17.112+0000] GC(767) Eden regions: 262->0(167)
[2025-08-01T03:49:17.112+0000] GC(767) Survivor regions: 41->38(38)
[2025-08-01T03:49:17.112+0000] GC(767) Old regions: 1253->1491
[2025-08-01T03:49:17.112+0000] GC(767) Humongous regions: 0->0
[2025-08-01T03:49:17.112+0000] GC(767) Metaspace: 10593K(10816K)->10593K(10816K) NonClass: 9335K(9472K)->9335K(9472K) Class: 1258K(1344K)->1258K(1344K)
[2025-08-01T03:49:17.112+0000] GC(767) Pause Young (Mixed) (G1 Evacuation Pause) 3111M->3056M(4096M) 125.912ms
[2025-08-01T03:49:17.112+0000] GC(767) User=0.94s Sys=0.02s Real=0.12s
[2025-08-01T03:49:17.190+0000] GC(768) Pause Young (Concurrent Start) (G1 Evacuation Pause)
[2025-08-01T03:49:17.190+0000] GC(768) Using 8 workers of 8 for evacuation
[2025-08-01T03:49:17.310+0000] GC(768)   Pre Evacuate Collection Set: 0.4ms
[2025-08-01T03:49:17.310+0000] GC(768)   Merge Heap Roots: 0.1ms
[2025-08-01T03:49:17.310+0000] GC(768)   Evacuate Collection Set: 117.6ms
[2025-08-01T03:49:17.310+0000] GC(768)   Post Evacuate Collection Set: 1.9ms
[2025-08-01T03:49:17.310+0000] GC(768)   Other: 0.1ms
[2025-08-01T03:49:17.310+0000] GC(768) Eden regions: 167->0(109)
[2025-08-01T03:49:17.310+0000] GC(768) Survivor regions: 38->26(26)
[2025-08-01T03:49:17.310+0000] GC(768) Old regions: 1491->1672
[2025-08-01T03:49:17.310+0000] GC(768) Humongous regions: 0->0
[2025-08-01T03:49:17.310+0000] GC(768) Metaspace: 10593K(10816K)->10593K(10816K) NonClass: 9335K(9472K)->9335K(9472K) Class: 1258K(1344K)->1258K(1344K)
[2025-08-01T03:49:17.310+0000] GC(768) Pause Young (Concurrent Start) (G1 Evacuation Pause) 3390M->3395M(4096M) 120.590ms
[2025-08-01T03:49:17.310+0000] GC(768) User=0.90s Sys=0.04s Real=0.12s
[2025-08-01T03:49:17.311+0000] GC(769) Concurrent Mark Cycle
[2025-08-01T03:49:17.311+0000] GC(769) Concurrent Scan Root Regions
[2025-08-01T03:49:17.337+0000] GC(770) Pause Young (Normal) (G1 Evacuation Pause)
[2025-08-01T03:49:17.337+0000] GC(770) Using 8 workers of 8 for evacuation
[2025-08-01T03:49:17.357+0000] GC(769) Concurrent Scan Root Regions 46.567ms
[2025-08-01T03:49:17.357+0000] GC(769) Concurrent Mark
[2025-08-01T03:49:17.357+0000] GC(769) Concurrent Mark From Roots
[2025-08-01T03:49:17.357+0000] GC(769) Using 2 workers of 2 for marking
[2025-08-01T03:49:17.400+0000] GC(770)   Pre Evacuate Collection Set: 0.5ms
[2025-08-01T03:49:17.400+0000] GC(770)   Merge Heap Roots: 0.2ms
[2025-08-01T03:49:17.400+0000] GC(770)   Evacuate Collection Set: 41.0ms
[2025-08-01T03:49:17.400+0000] GC(770)   Post Evacuate Collection Set: 0.8ms
[2025-08-01T03:49:17.400+0000] GC(770)   Other: 0.1ms
[2025-08-01T03:49:17.400+0000] GC(770) Eden regions: 109->0(85)
[2025-08-01T03:49:17.400+0000] GC(770) Survivor regions: 26->17(17)
[2025-08-01T03:49:17.400+0000] GC(770) Old regions: 1672->1778
[2025-08-01T03:49:17.400+0000] GC(770) Humongous regions: 0->0
[2025-08-01T03:49:17.400+0000] GC(770) Metaspace: 10593K(10816K)->10593K(10816K) NonClass: 9335K(9472K)->9335K(9472K) Class: 1258K(1344K)->1258K(1344K)
[2025-08-01T03:49:17.400+0000] GC(770) Pause Young (Normal) (G1 Evacuation Pause) 3613M->3589M(4096M) 63.000ms
[2025-08-01T03:49:17.400+0000] GC(770) User=0.35s Sys=0.02s Real=0.06s
[2025-08-01T03:49:17.460+0000] GC(771) Pause Young (Normal) (G1 Evacuation Pause)
[2025-08-01T03:49:17.460+0000] GC(771) Using 8 workers of 8 for evacuation
[2025-08-01T03:49:17.500+0000] GC(771)   Pre Evacuate Collection Set: 1.1ms
[2025-08-01T03:49:17.500+0000] GC(771)   Merge Heap Roots: 0.7ms
[2025-08-01T03:49:17.500+0000] GC(771)   Evacuate Collection Set: 37.0ms
[2025-08-01T03:49:17.500+0000] GC(771)   Post Evacuate Collection Set: 0.8ms
[2025-08-01T03:49:17.500+0000] GC(771)   Other: 0.1ms
[2025-08-01T03:49:17.500+0000] GC(771) Eden regions: 85->0(89)
[2025-08-01T03:49:17.500+0000] GC(771) Survivor regions: 17->13(13)
[2025-08-01T03:49:17.500+0000] GC(771) Old regions: 1778->1868
[2025-08-01T03:49:17.500+0000] GC(771) Humongous regions: 0->0
[2025-08-01T03:49:17.500+0000] GC(771) Metaspace: 10593K(10816K)->10593K(10816K) NonClass: 9335K(9472K)->9335K(9472K) Class: 1258K(1344K)->1258K(1344K)
[2025-08-01T03:49:17.500+0000] GC(771) Pause Young (Normal) (G1 Evacuation Pause) 3759M->3761M(4096M) 39.841ms
[2025-08-01T03:49:17.500+0000] GC(771) User=0.24s Sys=0.02s Real=0.04s
[2025-08-01T03:49:17.517+0000] GC(772) Pause Young (Normal) (G1 Evacuation Pause)
[2025-08-01T03:49:17.517+0000] GC(772) Using 8 workers of 8 for evacuation
[2025-08-01T03:49:17.554+0000] GC(772)   Pre Evacuate Collection Set: 0.7ms
[2025-08-01T03:49:17.554+0000] GC(772)   Merge Heap Roots: 0.1ms
[2025-08-01T03:49:17.554+0000] GC(772)   Evacuate Collection Set: 32.1ms
[2025-08-01T03:49:17.554+0000] GC(772)   Post Evacuate Collection Set: 3.6ms
[2025-08-01T03:49:17.554+0000] GC(772)   Other: 0.1ms
[2025-08-01T03:49:17.554+0000] GC(772) Eden regions: 89->0(33)
[2025-08-01T03:49:17.554+0000] GC(772) Survivor regions: 13->13(13)
[2025-08-01T03:49:17.554+0000] GC(772) Old regions: 1868->1989
[2025-08-01T03:49:17.554+0000] GC(772) Humongous regions: 0->0
[2025-08-01T03:49:17.554+0000] GC(772) Metaspace: 10593K(10816K)->10593K(10816K) NonClass: 9335K(9472K)->9335K(9472K) Class: 1258K(1344K)->1258K(1344K)
[2025-08-01T03:49:17.554+0000] GC(772) Pause Young (Normal) (G1 Evacuation Pause) (Evacuation Failure) 3939M->4003M(4096M) 36.965ms
[2025-08-01T03:49:17.554+0000] GC(772) User=0.27s Sys=0.01s Real=0.04s
[2025-08-01T03:49:17.561+0000] GC(773) Pause Young (Normal) (G1 Evacuation Pause)
[2025-08-01T03:49:17.561+0000] GC(773) Using 8 workers of 8 for evacuation
[2025-08-01T03:49:17.573+0000] GC(773)   Pre Evacuate Collection Set: 0.7ms
[2025-08-01T03:49:17.574+0000] GC(773)   Merge Heap Roots: 0.1ms
[2025-08-01T03:49:17.574+0000] GC(773)   Evacuate Collection Set: 8.0ms
[2025-08-01T03:49:17.574+0000] GC(773)   Post Evacuate Collection Set: 3.3ms
[2025-08-01T03:49:17.574+0000] GC(773)   Other: 0.1ms
[2025-08-01T03:49:17.574+0000] GC(773) Eden regions: 33->0(0)
[2025-08-01T03:49:17.574+0000] GC(773) Survivor regions: 13->6(6)
[2025-08-01T03:49:17.574+0000] GC(773) Old regions: 1989->2040
[2025-08-01T03:49:17.574+0000] GC(773) Humongous regions: 0->0
[2025-08-01T03:49:17.574+0000] GC(773) Metaspace: 10593K(10816K)->10593K(10816K) NonClass: 9335K(9472K)->9335K(9472K) Class: 1258K(1344K)->1258K(1344K)
[2025-08-01T03:49:17.574+0000] GC(773) Pause Young (Normal) (G1 Evacuation Pause) (Evacuation Failure) 4069M->4091M(4096M) 12.623ms
[2025-08-01T03:49:17.574+0000] GC(773) User=0.08s Sys=0.00s Real=0.02s
[2025-08-01T03:49:17.574+0000] Attempting full compaction
[2025-08-01T03:49:17.574+0000] GC(774) Pause Full (G1 Compaction Pause)
[2025-08-01T03:49:17.574+0000] GC(774) Using 8 workers of 8 for full compaction
[2025-08-01T03:49:17.579+0000] GC(774) Phase 1: Mark live objects
[2025-08-01T03:49:17.619+0000] GC(774) Phase 1: Mark live objects 39.934ms
[2025-08-01T03:49:17.619+0000] GC(774) Phase 2: Prepare compaction
[2025-08-01T03:49:17.634+0000] GC(774) Phase 2: Prepare compaction 14.921ms
[2025-08-01T03:49:17.634+0000] GC(774) Phase 3: Adjust pointers
[2025-08-01T03:49:17.674+0000] GC(774) Phase 3: Adjust pointers 39.855ms
[2025-08-01T03:49:17.674+0000] GC(774) Phase 4: Compact heap
[2025-08-01T03:49:17.726+0000] GC(774) Phase 4: Compact heap 52.473ms
[2025-08-01T03:49:17.726+0000] GC(774) Phase 5: Reset Metadata
[2025-08-01T03:49:17.758+0000] GC(774) Phase 5: Reset Metadata 31.409ms
[2025-08-01T03:49:17.766+0000] GC(774) Eden regions: 0->0(504)
[2025-08-01T03:49:17.766+0000] GC(774) Survivor regions: 6->0(6)
[2025-08-01T03:49:17.766+0000] GC(774) Old regions: 2040->494
[2025-08-01T03:49:17.766+0000] GC(774) Humongous regions: 0->0
[2025-08-01T03:49:17.766+0000] GC(774) Metaspace: 10593K(10816K)->10593K(10816K) NonClass: 9335K(9472K)->9335K(9472K) Class: 1258K(1344K)->1258K(1344K)
[2025-08-01T03:49:17.766+0000] GC(774) Pause Full (G1 Compaction Pause) 4091M->978M(4096M) 192.131ms
[2025-08-01T03:49:17.766+0000] GC(774) User=1.35s Sys=0.02s Real=0.19s
[2025-08-01T03:49:17.766+0000] GC(769) Concurrent Mark From Roots 408.834ms
[2025-08-01T03:49:17.766+0000] GC(769) Concurrent Mark Abort
[2025-08-01T03:49:17.766+0000] GC(769) Concurrent Mark Cycle 455.581ms
[2025-08-01T03:49:18.008+0000] GC(775) Pause Young (Normal) (G1 Evacuation Pause)
[2025-08-01T03:49:18.008+0000] GC(775) Using 8 workers of 8 for evacuation
[2025-08-01T03:49:18.195+0000] GC(775)   Pre Evacuate Collection Set: 1.1ms
[2025-08-01T03:49:18.196+0000] GC(775)   Merge Heap Roots: 0.2ms
[2025-08-01T03:49:18.196+0000] GC(775)   Evacuate Collection Set: 185.0ms
[2025-08-01T03:49:18.196+0000] GC(775)   Post Evacuate Collection Set: 0.7ms
[2025-08-01T03:49:18.196+0000] GC(775)   Other: 0.1ms
[2025-08-01T03:49:18.196+0000] GC(775) Eden regions: 502->0(370)
[2025-08-01T03:49:18.196+0000] GC(775) Survivor regions: 0->63(63)
[2025-08-01T03:49:18.196+0000] GC(775) Old regions: 494->836
[2025-08-01T03:49:18.196+0000] GC(775) Humongous regions: 0->0
[2025-08-01T03:49:18.196+0000] GC(775) Metaspace: 10593K(10816K)->10593K(10816K) NonClass: 9335K(9472K)->9335K(9472K) Class: 1258K(1344K)->1258K(1344K)
[2025-08-01T03:49:18.196+0000] GC(775) Pause Young (Normal) (G1 Evacuation Pause) 1982M->1788M(4096M) 187.424ms
[2025-08-01T03:49:18.196+0000] GC(775) User=1.39s Sys=0.04s Real=0.19s
[2025-08-01T03:49:18.359+0000] GC(776) Pause Young (Concurrent Start) (G1 Evacuation Pause)
[2025-08-01T03:49:18.359+0000] GC(776) Using 8 workers of 8 for evacuation
[2025-08-01T03:49:18.533+0000] GC(776)   Pre Evacuate Collection Set: 1.2ms
[2025-08-01T03:49:18.533+0000] GC(776)   Merge Heap Roots: 1.0ms
[2025-08-01T03:49:18.533+0000] GC(776)   Evacuate Collection Set: 170.5ms
[2025-08-01T03:49:18.533+0000] GC(776)   Post Evacuate Collection Set: 0.9ms
[2025-08-01T03:49:18.533+0000] GC(776)   Other: 0.3ms
[2025-08-01T03:49:18.533+0000] GC(776) Eden regions: 370->0(289)
[2025-08-01T03:49:18.533+0000] GC(776) Survivor regions: 63->55(55)
[2025-08-01T03:49:18.533+0000] GC(776) Old regions: 836->1084
[2025-08-01T03:49:18.533+0000] GC(776) Humongous regions: 0->0
[2025-08-01T03:49:18.533+0000] GC(776) Metaspace: 10593K(10816K)->10593K(10816K) NonClass: 9335K(9472K)->9335K(9472K) Class: 1258K(1344K)->1258K(1344K)
[2025-08-01T03:49:18.533+0000] GC(776) Pause Young (Concurrent Start) (G1 Evacuation Pause) 2528M->2267M(4096M) 174.150ms
[2025-08-01T03:49:18.533+0000] GC(776) User=1.26s Sys=0.05s Real=0.18s
[2025-08-01T03:49:18.533+0000] GC(777) Concurrent Mark Cycle
[2025-08-01T03:49:18.533+0000] GC(777) Concurrent Scan Root Regions
[2025-08-01T03:49:18.590+0000] GC(777) Concurrent Scan Root Regions 56.754ms
[2025-08-01T03:49:18.590+0000] GC(777) Concurrent Mark
[2025-08-01T03:49:18.590+0000] GC(777) Concurrent Mark From Roots
[2025-08-01T03:49:18.590+0000] GC(777) Using 2 workers of 2 for marking
[2025-08-01T03:49:18.657+0000] GC(777) Concurrent Mark From Roots 66.721ms
[2025-08-01T03:49:18.657+0000] GC(777) Concurrent Preclean
[2025-08-01T03:49:18.657+0000] GC(777) Concurrent Preclean 0.026ms
[2025-08-01T03:49:18.657+0000] GC(777) Pause Remark
[2025-08-01T03:49:18.660+0000] GC(777) Pause Remark 2748M->1638M(4096M) 2.502ms
[2025-08-01T03:49:18.660+0000] GC(777) User=0.01s Sys=0.00s Real=0.00s
[2025-08-01T03:49:18.660+0000] GC(777) Concurrent Mark 69.691ms
[2025-08-01T03:49:18.660+0000] GC(777) Concurrent Rebuild Remembered Sets and Scrub Regions
[2025-08-01T03:49:18.684+0000] GC(778) Pause Young (Normal) (G1 Evacuation Pause)
[2025-08-01T03:49:18.684+0000] GC(778) Using 8 workers of 8 for evacuation
[2025-08-01T03:49:18.761+0000] GC(778)   Pre Evacuate Collection Set: 0.9ms
[2025-08-01T03:49:18.761+0000] GC(778)   Merge Heap Roots: 0.3ms
[2025-08-01T03:49:18.761+0000] GC(778)   Evacuate Collection Set: 74.9ms
[2025-08-01T03:49:18.761+0000] GC(778)   Post Evacuate Collection Set: 1.0ms
[2025-08-01T03:49:18.761+0000] GC(778)   Other: 0.1ms
[2025-08-01T03:49:18.761+0000] GC(778) Eden regions: 289->0(451)
[2025-08-01T03:49:18.761+0000] GC(778) Survivor regions: 55->43(43)
[2025-08-01T03:49:18.762+0000] GC(778) Old regions: 524->696
[2025-08-01T03:49:18.762+0000] GC(778) Humongous regions: 0->0
[2025-08-01T03:49:18.762+0000] GC(778) Metaspace: 10593K(10816K)->10593K(10816K) NonClass: 9335K(9472K)->9335K(9472K) Class: 1258K(1344K)->1258K(1344K)
[2025-08-01T03:49:18.762+0000] GC(778) Pause Young (Normal) (G1 Evacuation Pause) 1734M->1476M(4096M) 77.553ms
[2025-08-01T03:49:18.762+0000] GC(778) User=0.57s Sys=0.00s Real=0.07s
[2025-08-01T03:49:18.835+0000] GC(777) Concurrent Rebuild Remembered Sets and Scrub Regions 175.014ms
[2025-08-01T03:49:18.836+0000] GC(777) Pause Cleanup
[2025-08-01T03:49:18.836+0000] GC(777) Pause Cleanup 1778M->1778M(4096M) 0.715ms
[2025-08-01T03:49:18.836+0000] GC(777) User=0.00s Sys=0.01s Real=0.00s
[2025-08-01T03:49:18.837+0000] GC(777) Concurrent Clear Claimed Marks
[2025-08-01T03:49:18.837+0000] GC(777) Concurrent Clear Claimed Marks 0.042ms
[2025-08-01T03:49:18.837+0000] GC(777) Concurrent Cleanup for Next Mark
[2025-08-01T03:49:18.851+0000] GC(777) Concurrent Cleanup for Next Mark 14.315ms
[2025-08-01T03:49:18.851+0000] GC(777) Concurrent Mark Cycle 317.746ms
[2025-08-01T03:49:18.940+0000] GC(779) Pause Young (Prepare Mixed) (G1 Evacuation Pause)
[2025-08-01T03:49:18.940+0000] GC(779) Using 8 workers of 8 for evacuation
[2025-08-01T03:49:19.087+0000] GC(779)   Pre Evacuate Collection Set: 0.7ms
[2025-08-01T03:49:19.087+0000] GC(779)   Merge Heap Roots: 0.3ms
[2025-08-01T03:49:19.087+0000] GC(779)   Evacuate Collection Set: 144.5ms
[2025-08-01T03:49:19.087+0000] GC(779)   Post Evacuate Collection Set: 1.4ms
[2025-08-01T03:49:19.087+0000] GC(779)   Other: 0.1ms
[2025-08-01T03:49:19.087+0000] GC(779) Eden regions: 451->0(313)
[2025-08-01T03:49:19.087+0000] GC(779) Survivor regions: 43->62(62)
[2025-08-01T03:49:19.087+0000] GC(779) Old regions: 696->1039
[2025-08-01T03:49:19.087+0000] GC(779) Humongous regions: 0->0
[2025-08-01T03:49:19.087+0000] GC(779) Metaspace: 10593K(10816K)->10593K(10816K) NonClass: 9335K(9472K)->9335K(9472K) Class: 1258K(1344K)->1258K(1344K)
[2025-08-01T03:49:19.087+0000] GC(779) Pause Young (Prepare Mixed) (G1 Evacuation Pause) 2378M->2201M(4096M) 147.375ms
[2025-08-01T03:49:19.087+0000] GC(779) User=1.12s Sys=0.02s Real=0.15s
[2025-08-01T03:49:19.239+0000] GC(780) Pause Young (Mixed) (G1 Evacuation Pause)
[2025-08-01T03:49:19.239+0000] GC(780) Using 8 workers of 8 for evacuation
[2025-08-01T03:49:19.383+0000] GC(780)   Pre Evacuate Collection Set: 1.7ms
[2025-08-01T03:49:19.384+0000] GC(780)   Merge Heap Roots: 0.8ms
[2025-08-01T03:49:19.384+0000] GC(780)   Evacuate Collection Set: 140.7ms
[2025-08-01T03:49:19.384+0000] GC(780)   Post Evacuate Collection Set: 1.4ms
[2025-08-01T03:49:19.384+0000] GC(780)   Other: 0.1ms
[2025-08-01T03:49:19.384+0000] GC(780) Eden regions: 313->0(264)
[2025-08-01T03:49:19.384+0000] GC(780) Survivor regions: 62->47(47)
[2025-08-01T03:49:19.384+0000] GC(780) Old regions: 1039->1208
[2025-08-01T03:49:19.384+0000] GC(780) Humongous regions: 0->0
[2025-08-01T03:49:19.384+0000] GC(780) Metaspace: 10593K(10816K)->10593K(10816K) NonClass: 9335K(9472K)->9335K(9472K) Class: 1258K(1344K)->1258K(1344K)
[2025-08-01T03:49:19.384+0000] GC(780) Pause Young (Mixed) (G1 Evacuation Pause) 2827M->2509M(4096M) 145.028ms
[2025-08-01T03:49:19.384+0000] GC(780) User=1.03s Sys=0.04s Real=0.15s
[2025-08-01T03:49:19.479+0000] GC(781) Pause Young (Concurrent Start) (G1 Evacuation Pause)
[2025-08-01T03:49:19.479+0000] GC(781) Using 8 workers of 8 for evacuation
[2025-08-01T03:49:19.593+0000] GC(781)   Pre Evacuate Collection Set: 0.9ms
[2025-08-01T03:49:19.593+0000] GC(781)   Merge Heap Roots: 0.2ms
[2025-08-01T03:49:19.593+0000] GC(781)   Evacuate Collection Set: 111.1ms
[2025-08-01T03:49:19.593+0000] GC(781)   Post Evacuate Collection Set: 1.5ms
[2025-08-01T03:49:19.593+0000] GC(781)   Other: 0.3ms
[2025-08-01T03:49:19.593+0000] GC(781) Eden regions: 264->0(184)
[2025-08-01T03:49:19.593+0000] GC(781) Survivor regions: 47->39(39)
[2025-08-01T03:49:19.593+0000] GC(781) Old regions: 1208->1434
[2025-08-01T03:49:19.593+0000] GC(781) Humongous regions: 0->0
[2025-08-01T03:49:19.593+0000] GC(781) Metaspace: 10593K(10816K)->10593K(10816K) NonClass: 9335K(9472K)->9335K(9472K) Class: 1258K(1344K)->1258K(1344K)
[2025-08-01T03:49:19.593+0000] GC(781) Pause Young (Concurrent Start) (G1 Evacuation Pause) 3037M->2944M(4096M) 114.281ms
[2025-08-01T03:49:19.593+0000] GC(781) User=0.81s Sys=0.03s Real=0.12s
[2025-08-01T03:49:19.593+0000] GC(782) Concurrent Mark Cycle
[2025-08-01T03:49:19.593+0000] GC(782) Concurrent Scan Root Regions
[2025-08-01T03:49:19.647+0000] GC(782) Concurrent Scan Root Regions 53.154ms
[2025-08-01T03:49:19.647+0000] GC(782) Concurrent Mark
[2025-08-01T03:49:19.647+0000] GC(782) Concurrent Mark From Roots
[2025-08-01T03:49:19.647+0000] GC(782) Using 2 workers of 2 for marking
[2025-08-01T03:49:19.674+0000] GC(783) Pause Young (Normal) (G1 Evacuation Pause)
[2025-08-01T03:49:19.674+0000] GC(783) Using 8 workers of 8 for evacuation
[2025-08-01T03:49:19.735+0000] GC(783)   Pre Evacuate Collection Set: 0.9ms
[2025-08-01T03:49:19.735+0000] GC(783)   Merge Heap Roots: 0.3ms
[2025-08-01T03:49:19.735+0000] GC(783)   Evacuate Collection Set: 58.6ms
[2025-08-01T03:49:19.735+0000] GC(783)   Post Evacuate Collection Set: 1.2ms
[2025-08-01T03:49:19.735+0000] GC(783)   Other: 0.1ms
[2025-08-01T03:49:19.735+0000] GC(783) Eden regions: 184->0(144)
[2025-08-01T03:49:19.735+0000] GC(783) Survivor regions: 39->28(28)
[2025-08-01T03:49:19.735+0000] GC(783) Old regions: 1434->1574
[2025-08-01T03:49:19.735+0000] GC(783) Humongous regions: 0->0
[2025-08-01T03:49:19.735+0000] GC(783) Metaspace: 10593K(10816K)->10593K(10816K) NonClass: 9335K(9472K)->9335K(9472K) Class: 1258K(1344K)->1258K(1344K)
[2025-08-01T03:49:19.735+0000] GC(783) Pause Young (Normal) (G1 Evacuation Pause) 3312M->3203M(4096M) 61.380ms
[2025-08-01T03:49:19.735+0000] GC(783) User=0.45s Sys=0.01s Real=0.06s
[2025-08-01T03:49:19.776+0000] GC(782) Concurrent Mark From Roots 129.638ms
[2025-08-01T03:49:19.776+0000] GC(782) Concurrent Preclean
[2025-08-01T03:49:19.777+0000] GC(782) Concurrent Preclean 0.025ms
[2025-08-01T03:49:19.777+0000] GC(782) Pause Remark
[2025-08-01T03:49:19.780+0000] GC(782) Pause Remark 3395M->1391M(4096M) 2.973ms
[2025-08-01T03:49:19.780+0000] GC(782) User=0.01s Sys=0.01s Real=0.00s
[2025-08-01T03:49:19.780+0000] GC(782) Concurrent Mark 133.081ms
[2025-08-01T03:49:19.780+0000] GC(782) Concurrent Rebuild Remembered Sets and Scrub Regions
[2025-08-01T03:49:19.806+0000] GC(784) Pause Young (Normal) (G1 Evacuation Pause)
[2025-08-01T03:49:19.806+0000] GC(784) Using 8 workers of 8 for evacuation
[2025-08-01T03:49:19.874+0000] GC(784)   Pre Evacuate Collection Set: 0.7ms
[2025-08-01T03:49:19.874+0000] GC(784)   Merge Heap Roots: 0.2ms
[2025-08-01T03:49:19.874+0000] GC(784)   Evacuate Collection Set: 64.8ms
[2025-08-01T03:49:19.874+0000] GC(784)   Post Evacuate Collection Set: 1.5ms
[2025-08-01T03:49:19.874+0000] GC(784)   Other: 0.1ms
[2025-08-01T03:49:19.874+0000] GC(784) Eden regions: 144->0(431)
[2025-08-01T03:49:19.874+0000] GC(784) Survivor regions: 28->22(22)
[2025-08-01T03:49:19.874+0000] GC(784) Old regions: 572->725
[2025-08-01T03:49:19.874+0000] GC(784) Humongous regions: 0->0
[2025-08-01T03:49:19.874+0000] GC(784) Metaspace: 10593K(10816K)->10593K(10816K) NonClass: 9335K(9472K)->9335K(9472K) Class: 1258K(1344K)->1258K(1344K)
[2025-08-01T03:49:19.874+0000] GC(784) Pause Young (Normal) (G1 Evacuation Pause) 1487M->1492M(4096M) 67.502ms
[2025-08-01T03:49:19.874+0000] GC(784) User=0.48s Sys=0.01s Real=0.07s
[2025-08-01T03:49:19.971+0000] GC(782) Concurrent Rebuild Remembered Sets and Scrub Regions 191.546ms
[2025-08-01T03:49:19.972+0000] GC(782) Pause Cleanup
[2025-08-01T03:49:19.973+0000] GC(782) Pause Cleanup 2020M->2020M(4096M) 1.026ms
[2025-08-01T03:49:19.973+0000] GC(782) User=0.00s Sys=0.01s Real=0.00s
[2025-08-01T03:49:19.973+0000] GC(782) Concurrent Clear Claimed Marks
[2025-08-01T03:49:19.973+0000] GC(782) Concurrent Clear Claimed Marks 0.059ms
[2025-08-01T03:49:19.973+0000] GC(782) Concurrent Cleanup for Next Mark
[2025-08-01T03:49:19.983+0000] GC(782) Concurrent Cleanup for Next Mark 10.279ms
[2025-08-01T03:49:19.984+0000] GC(782) Concurrent Mark Cycle 390.099ms
[2025-08-01T03:49:20.048+0000] GC(785) Pause Young (Prepare Mixed) (G1 Evacuation Pause)
[2025-08-01T03:49:20.048+0000] GC(785) Using 8 workers of 8 for evacuation
[2025-08-01T03:49:20.161+0000] GC(785)   Pre Evacuate Collection Set: 1.2ms
[2025-08-01T03:49:20.161+0000] GC(785)   Merge Heap Roots: 1.0ms
[2025-08-01T03:49:20.161+0000] GC(785)   Evacuate Collection Set: 109.1ms
[2025-08-01T03:49:20.161+0000] GC(785)   Post Evacuate Collection Set: 0.9ms
[2025-08-01T03:49:20.161+0000] GC(785)   Other: 0.1ms
[2025-08-01T03:49:20.161+0000] GC(785) Eden regions: 431->0(372)
[2025-08-01T03:49:20.161+0000] GC(785) Survivor regions: 22->57(57)
[2025-08-01T03:49:20.161+0000] GC(785) Old regions: 725->881
[2025-08-01T03:49:20.161+0000] GC(785) Humongous regions: 0->0
[2025-08-01T03:49:20.161+0000] GC(785) Metaspace: 10593K(10816K)->10593K(10816K) NonClass: 9335K(9472K)->9335K(9472K) Class: 1258K(1344K)->1258K(1344K)
[2025-08-01T03:49:20.161+0000] GC(785) Pause Young (Prepare Mixed) (G1 Evacuation Pause) 2354M->1875M(4096M) 112.494ms
[2025-08-01T03:49:20.161+0000] GC(785) User=0.81s Sys=0.04s Real=0.11s
[2025-08-01T03:49:20.312+0000] GC(786) Pause Young (Mixed) (G1 Evacuation Pause)
[2025-08-01T03:49:20.312+0000] GC(786) Using 8 workers of 8 for evacuation
[2025-08-01T03:49:20.441+0000] GC(786)   Pre Evacuate Collection Set: 1.2ms
[2025-08-01T03:49:20.441+0000] GC(786)   Merge Heap Roots: 0.5ms
[2025-08-01T03:49:20.441+0000] GC(786)   Evacuate Collection Set: 125.7ms
[2025-08-01T03:49:20.441+0000] GC(786)   Post Evacuate Collection Set: 1.3ms
[2025-08-01T03:49:20.441+0000] GC(786)   Other: 0.1ms
[2025-08-01T03:49:20.441+0000] GC(786) Eden regions: 371->0(279)
[2025-08-01T03:49:20.441+0000] GC(786) Survivor regions: 57->54(54)
[2025-08-01T03:49:20.441+0000] GC(786) Old regions: 881->1160
[2025-08-01T03:49:20.441+0000] GC(786) Humongous regions: 0->0
[2025-08-01T03:49:20.441+0000] GC(786) Metaspace: 10593K(10816K)->10593K(10816K) NonClass: 9335K(9472K)->9335K(9472K) Class: 1258K(1344K)->1258K(1344K)
[2025-08-01T03:49:20.441+0000] GC(786) Pause Young (Mixed) (G1 Evacuation Pause) 2617M->2426M(4096M) 129.266ms
[2025-08-01T03:49:20.441+0000] GC(786) User=0.98s Sys=0.03s Real=0.13s
[2025-08-01T03:49:20.535+0000] GC(787) Pause Young (Concurrent Start) (G1 Evacuation Pause)
[2025-08-01T03:49:20.535+0000] GC(787) Using 8 workers of 8 for evacuation
[2025-08-01T03:49:20.700+0000] GC(787)   Pre Evacuate Collection Set: 0.9ms
[2025-08-01T03:49:20.700+0000] GC(787)   Merge Heap Roots: 0.1ms
[2025-08-01T03:49:20.700+0000] GC(787)   Evacuate Collection Set: 163.0ms
[2025-08-01T03:49:20.700+0000] GC(787)   Post Evacuate Collection Set: 1.0ms
[2025-08-01T03:49:20.700+0000] GC(787)   Other: 0.4ms
[2025-08-01T03:49:20.700+0000] GC(787) Eden regions: 279->0(175)
[2025-08-01T03:49:20.700+0000] GC(787) Survivor regions: 54->42(42)
[2025-08-01T03:49:20.700+0000] GC(787) Old regions: 1160->1452
[2025-08-01T03:49:20.700+0000] GC(787) Humongous regions: 0->0
[2025-08-01T03:49:20.700+0000] GC(787) Metaspace: 10593K(10816K)->10593K(10816K) NonClass: 9335K(9472K)->9335K(9472K) Class: 1258K(1344K)->1258K(1344K)
[2025-08-01T03:49:20.700+0000] GC(787) Pause Young (Concurrent Start) (G1 Evacuation Pause) 2984M->2987M(4096M) 165.665ms
[2025-08-01T03:49:20.700+0000] GC(787) User=1.16s Sys=0.08s Real=0.16s
[2025-08-01T03:49:20.700+0000] GC(788) Concurrent Mark Cycle
[2025-08-01T03:49:20.700+0000] GC(788) Concurrent Scan Root Regions
[2025-08-01T03:49:20.764+0000] GC(788) Concurrent Scan Root Regions 63.827ms
[2025-08-01T03:49:20.764+0000] GC(788) Concurrent Mark
[2025-08-01T03:49:20.764+0000] GC(788) Concurrent Mark From Roots
[2025-08-01T03:49:20.764+0000] GC(788) Using 2 workers of 2 for marking
[2025-08-01T03:49:20.780+0000] GC(789) Pause Young (Normal) (G1 Evacuation Pause)
[2025-08-01T03:49:20.780+0000] GC(789) Using 8 workers of 8 for evacuation
[2025-08-01T03:49:20.846+0000] GC(789)   Pre Evacuate Collection Set: 0.7ms
[2025-08-01T03:49:20.846+0000] GC(789)   Merge Heap Roots: 0.2ms
[2025-08-01T03:49:20.846+0000] GC(789)   Evacuate Collection Set: 63.3ms
[2025-08-01T03:49:20.846+0000] GC(789)   Post Evacuate Collection Set: 1.0ms
[2025-08-01T03:49:20.846+0000] GC(789)   Other: 0.1ms
[2025-08-01T03:49:20.846+0000] GC(789) Eden regions: 175->0(130)
[2025-08-01T03:49:20.846+0000] GC(789) Survivor regions: 42->28(28)
[2025-08-01T03:49:20.846+0000] GC(789) Old regions: 1452->1608
[2025-08-01T03:49:20.846+0000] GC(789) Humongous regions: 0->0
[2025-08-01T03:49:20.846+0000] GC(789) Metaspace: 10593K(10816K)->10593K(10816K) NonClass: 9335K(9472K)->9335K(9472K) Class: 1258K(1344K)->1258K(1344K)
[2025-08-01T03:49:20.846+0000] GC(789) Pause Young (Normal) (G1 Evacuation Pause) 3337M->3271M(4096M) 65.752ms
[2025-08-01T03:49:20.846+0000] GC(789) User=0.49s Sys=0.01s Real=0.07s
[2025-08-01T03:49:20.916+0000] GC(790) Pause Young (Normal) (G1 Evacuation Pause)
[2025-08-01T03:49:20.916+0000] GC(790) Using 8 workers of 8 for evacuation
[2025-08-01T03:49:20.970+0000] GC(790)   Pre Evacuate Collection Set: 1.1ms
[2025-08-01T03:49:20.970+0000] GC(790)   Merge Heap Roots: 0.1ms
[2025-08-01T03:49:20.970+0000] GC(790)   Evacuate Collection Set: 52.0ms
[2025-08-01T03:49:20.970+0000] GC(790)   Post Evacuate Collection Set: 0.9ms
[2025-08-01T03:49:20.970+0000] GC(790)   Other: 0.1ms
[2025-08-01T03:49:20.971+0000] GC(790) Eden regions: 130->0(91)
[2025-08-01T03:49:20.971+0000] GC(790) Survivor regions: 28->20(20)
[2025-08-01T03:49:20.971+0000] GC(790) Old regions: 1608->1734
[2025-08-01T03:49:20.971+0000] GC(790) Humongous regions: 0->0
[2025-08-01T03:49:20.971+0000] GC(790) Metaspace: 10593K(10816K)->10593K(10816K) NonClass: 9335K(9472K)->9335K(9472K) Class: 1258K(1344K)->1258K(1344K)
[2025-08-01T03:49:20.971+0000] GC(790) Pause Young (Normal) (G1 Evacuation Pause) 3531M->3507M(4096M) 54.484ms
[2025-08-01T03:49:20.971+0000] GC(790) User=0.39s Sys=0.01s Real=0.05s
[2025-08-01T03:49:20.990+0000] GC(791) Pause Young (Normal) (G1 Evacuation Pause)
[2025-08-01T03:49:20.990+0000] GC(791) Using 8 workers of 8 for evacuation
[2025-08-01T03:49:21.027+0000] GC(791)   Pre Evacuate Collection Set: 0.7ms
[2025-08-01T03:49:21.027+0000] GC(791)   Merge Heap Roots: 0.2ms
[2025-08-01T03:49:21.027+0000] GC(791)   Evacuate Collection Set: 35.3ms
[2025-08-01T03:49:21.027+0000] GC(791)   Post Evacuate Collection Set: 1.1ms
[2025-08-01T03:49:21.027+0000] GC(791)   Other: 0.1ms
[2025-08-01T03:49:21.027+0000] GC(791) Eden regions: 91->0(88)
[2025-08-01T03:49:21.028+0000] GC(791) Survivor regions: 20->14(14)
[2025-08-01T03:49:21.028+0000] GC(791) Old regions: 1734->1832
[2025-08-01T03:49:21.028+0000] GC(791) Humongous regions: 0->0
[2025-08-01T03:49:21.028+0000] GC(791) Metaspace: 10593K(10816K)->10593K(10816K) NonClass: 9335K(9472K)->9335K(9472K) Class: 1258K(1344K)->1258K(1344K)
[2025-08-01T03:49:21.028+0000] GC(791) Pause Young (Normal) (G1 Evacuation Pause) 3689M->3691M(4096M) 37.681ms
[2025-08-01T03:49:21.028+0000] GC(791) User=0.29s Sys=0.01s Real=0.04s
[2025-08-01T03:49:21.051+0000] GC(792) Pause Young (Normal) (G1 Evacuation Pause)
[2025-08-01T03:49:21.051+0000] GC(792) Using 8 workers of 8 for evacuation
[2025-08-01T03:49:21.078+0000] GC(792)   Pre Evacuate Collection Set: 0.5ms
[2025-08-01T03:49:21.079+0000] GC(792)   Merge Heap Roots: 0.3ms
[2025-08-01T03:49:21.079+0000] GC(792)   Evacuate Collection Set: 25.5ms
[2025-08-01T03:49:21.079+0000] GC(792)   Post Evacuate Collection Set: 0.9ms
[2025-08-01T03:49:21.079+0000] GC(792)   Other: 0.1ms
[2025-08-01T03:49:21.079+0000] GC(792) Eden regions: 88->0(89)
[2025-08-01T03:49:21.079+0000] GC(792) Survivor regions: 14->13(13)
[2025-08-01T03:49:21.079+0000] GC(792) Old regions: 1832->1893
[2025-08-01T03:49:21.079+0000] GC(792) Humongous regions: 0->0
[2025-08-01T03:49:21.079+0000] GC(792) Metaspace: 10593K(10816K)->10593K(10816K) NonClass: 9335K(9472K)->9335K(9472K) Class: 1258K(1344K)->1258K(1344K)
[2025-08-01T03:49:21.079+0000] GC(792) Pause Young (Normal) (G1 Evacuation Pause) 3867M->3810M(4096M) 27.654ms
[2025-08-01T03:49:21.079+0000] GC(792) User=0.19s Sys=0.01s Real=0.03s
[2025-08-01T03:49:21.088+0000] GC(788) Concurrent Mark From Roots 323.706ms
[2025-08-01T03:49:21.088+0000] GC(788) Concurrent Preclean
[2025-08-01T03:49:21.088+0000] GC(788) Concurrent Preclean 0.028ms
[2025-08-01T03:49:21.088+0000] GC(788) Pause Remark
[2025-08-01T03:49:21.092+0000] GC(788) Pause Remark 3852M->2382M(4096M) 3.251ms
[2025-08-01T03:49:21.092+0000] GC(788) User=0.01s Sys=0.01s Real=0.00s
[2025-08-01T03:49:21.092+0000] GC(788) Concurrent Mark 327.382ms
[2025-08-01T03:49:21.092+0000] GC(788) Concurrent Rebuild Remembered Sets and Scrub Regions
[2025-08-01T03:49:21.106+0000] GC(793) Pause Young (Normal) (G1 Evacuation Pause)
[2025-08-01T03:49:21.106+0000] GC(793) Using 8 workers of 8 for evacuation
[2025-08-01T03:49:21.142+0000] GC(793)   Pre Evacuate Collection Set: 0.6ms
[2025-08-01T03:49:21.142+0000] GC(793)   Merge Heap Roots: 0.3ms
[2025-08-01T03:49:21.142+0000] GC(793)   Evacuate Collection Set: 33.8ms
[2025-08-01T03:49:21.142+0000] GC(793)   Post Evacuate Collection Set: 0.8ms
[2025-08-01T03:49:21.142+0000] GC(793)   Other: 0.1ms
[2025-08-01T03:49:21.142+0000] GC(793) Eden regions: 89->0(256)
[2025-08-01T03:49:21.142+0000] GC(793) Survivor regions: 13->13(13)
[2025-08-01T03:49:21.142+0000] GC(793) Old regions: 1158->1248
[2025-08-01T03:49:21.142+0000] GC(793) Humongous regions: 0->0
[2025-08-01T03:49:21.142+0000] GC(793) Metaspace: 10593K(10816K)->10593K(10816K) NonClass: 9335K(9472K)->9335K(9472K) Class: 1258K(1344K)->1258K(1344K)
[2025-08-01T03:49:21.142+0000] GC(793) Pause Young (Normal) (G1 Evacuation Pause) 2518M->2520M(4096M) 35.989ms
[2025-08-01T03:49:21.142+0000] GC(793) User=0.26s Sys=0.00s Real=0.03s
[2025-08-01T03:49:21.235+0000] GC(794) Pause Young (Normal) (G1 Evacuation Pause)
[2025-08-01T03:49:21.235+0000] GC(794) Using 8 workers of 8 for evacuation
[2025-08-01T03:49:21.338+0000] GC(794)   Pre Evacuate Collection Set: 0.9ms
[2025-08-01T03:49:21.338+0000] GC(794)   Merge Heap Roots: 0.2ms
[2025-08-01T03:49:21.338+0000] GC(794)   Evacuate Collection Set: 100.7ms
[2025-08-01T03:49:21.338+0000] GC(794)   Post Evacuate Collection Set: 1.2ms
[2025-08-01T03:49:21.339+0000] GC(794)   Other: 0.1ms
[2025-08-01T03:49:21.339+0000] GC(794) Eden regions: 256->0(167)
[2025-08-01T03:49:21.339+0000] GC(794) Survivor regions: 13->34(34)
[2025-08-01T03:49:21.339+0000] GC(794) Old regions: 1248->1485
[2025-08-01T03:49:21.339+0000] GC(794) Humongous regions: 0->0
[2025-08-01T03:49:21.339+0000] GC(794) Metaspace: 10593K(10816K)->10593K(10816K) NonClass: 9335K(9472K)->9335K(9472K) Class: 1258K(1344K)->1258K(1344K)
[2025-08-01T03:49:21.339+0000] GC(794) Pause Young (Normal) (G1 Evacuation Pause) 3032M->3036M(4096M) 103.372ms
[2025-08-01T03:49:21.339+0000] GC(794) User=0.78s Sys=0.02s Real=0.10s
[2025-08-01T03:49:21.417+0000] GC(795) Pause Young (Normal) (G1 Evacuation Pause)
[2025-08-01T03:49:21.417+0000] GC(795) Using 8 workers of 8 for evacuation
[2025-08-01T03:49:21.490+0000] GC(795)   Pre Evacuate Collection Set: 0.6ms
[2025-08-01T03:49:21.490+0000] GC(795)   Merge Heap Roots: 0.6ms
[2025-08-01T03:49:21.490+0000] GC(795)   Evacuate Collection Set: 70.9ms
[2025-08-01T03:49:21.490+0000] GC(795)   Post Evacuate Collection Set: 1.2ms
[2025-08-01T03:49:21.490+0000] GC(795)   Other: 0.1ms
[2025-08-01T03:49:21.490+0000] GC(795) Eden regions: 167->0(111)
[2025-08-01T03:49:21.490+0000] GC(795) Survivor regions: 34->26(26)
[2025-08-01T03:49:21.491+0000] GC(795) Old regions: 1485->1662
[2025-08-01T03:49:21.491+0000] GC(795) Humongous regions: 0->0
[2025-08-01T03:49:21.491+0000] GC(795) Metaspace: 10593K(10816K)->10593K(10816K) NonClass: 9335K(9472K)->9335K(9472K) Class: 1258K(1344K)->1258K(1344K)
[2025-08-01T03:49:21.491+0000] GC(795) Pause Young (Normal) (G1 Evacuation Pause) 3370M->3375M(4096M) 73.815ms
[2025-08-01T03:49:21.491+0000] GC(795) User=0.54s Sys=0.02s Real=0.07s
[2025-08-01T03:49:21.558+0000] GC(796) Pause Young (Normal) (G1 Evacuation Pause)
[2025-08-01T03:49:21.558+0000] GC(796) Using 8 workers of 8 for evacuation
[2025-08-01T03:49:21.599+0000] GC(796)   Pre Evacuate Collection Set: 0.9ms
[2025-08-01T03:49:21.599+0000] GC(796)   Merge Heap Roots: 0.2ms
[2025-08-01T03:49:21.599+0000] GC(796)   Evacuate Collection Set: 38.8ms
[2025-08-01T03:49:21.599+0000] GC(796)   Post Evacuate Collection Set: 0.5ms
[2025-08-01T03:49:21.599+0000] GC(796)   Other: 0.1ms
[2025-08-01T03:49:21.599+0000] GC(796) Eden regions: 111->0(92)
[2025-08-01T03:49:21.599+0000] GC(796) Survivor regions: 26->18(18)
[2025-08-01T03:49:21.599+0000] GC(796) Old regions: 1662->1737
[2025-08-01T03:49:21.599+0000] GC(796) Humongous regions: 0->0
[2025-08-01T03:49:21.599+0000] GC(796) Metaspace: 10593K(10816K)->10593K(10816K) NonClass: 9335K(9472K)->9335K(9472K) Class: 1258K(1344K)->1258K(1344K)
[2025-08-01T03:49:21.599+0000] GC(796) Pause Young (Normal) (G1 Evacuation Pause) 3597M->3508M(4096M) 40.808ms
[2025-08-01T03:49:21.599+0000] GC(796) User=0.29s Sys=0.01s Real=0.04s
[2025-08-01T03:49:21.600+0000] GC(788) Concurrent Rebuild Remembered Sets and Scrub Regions 508.284ms
[2025-08-01T03:49:21.600+0000] GC(788) Pause Cleanup
[2025-08-01T03:49:21.602+0000] GC(788) Pause Cleanup 3526M->3526M(4096M) 1.184ms
[2025-08-01T03:49:21.602+0000] GC(788) User=0.01s Sys=0.00s Real=0.00s
[2025-08-01T03:49:21.602+0000] GC(788) Concurrent Clear Claimed Marks
[2025-08-01T03:49:21.602+0000] GC(788) Concurrent Clear Claimed Marks 0.097ms
[2025-08-01T03:49:21.602+0000] GC(788) Concurrent Cleanup for Next Mark
[2025-08-01T03:49:21.616+0000] GC(788) Concurrent Cleanup for Next Mark 14.062ms
[2025-08-01T03:49:21.616+0000] GC(788) Concurrent Mark Cycle 915.691ms
[2025-08-01T03:49:21.620+0000] GC(797) Pause Young (Prepare Mixed) (G1 Evacuation Pause)
[2025-08-01T03:49:21.620+0000] GC(797) Using 8 workers of 8 for evacuation
[2025-08-01T03:49:21.652+0000] GC(797)   Pre Evacuate Collection Set: 0.6ms
[2025-08-01T03:49:21.653+0000] GC(797)   Merge Heap Roots: 0.1ms
[2025-08-01T03:49:21.653+0000] GC(797)   Evacuate Collection Set: 30.8ms
[2025-08-01T03:49:21.653+0000] GC(797)   Post Evacuate Collection Set: 1.0ms
[2025-08-01T03:49:21.653+0000] GC(797)   Other: 0.1ms
[2025-08-01T03:49:21.653+0000] GC(797) Eden regions: 92->0(88)
[2025-08-01T03:49:21.653+0000] GC(797) Survivor regions: 18->14(14)
[2025-08-01T03:49:21.653+0000] GC(797) Old regions: 1737->1835
[2025-08-01T03:49:21.653+0000] GC(797) Humongous regions: 0->0
[2025-08-01T03:49:21.653+0000] GC(797) Metaspace: 10593K(10816K)->10593K(10816K) NonClass: 9335K(9472K)->9335K(9472K) Class: 1258K(1344K)->1258K(1344K)
[2025-08-01T03:49:21.653+0000] GC(797) Pause Young (Prepare Mixed) (G1 Evacuation Pause) 3692M->3696M(4096M) 32.845ms
[2025-08-01T03:49:21.653+0000] GC(797) User=0.25s Sys=0.00s Real=0.03s
[2025-08-01T03:49:21.710+0000] GC(798) Pause Young (Mixed) (G1 Evacuation Pause)
[2025-08-01T03:49:21.710+0000] GC(798) Using 8 workers of 8 for evacuation
[2025-08-01T03:49:21.745+0000] GC(798)   Pre Evacuate Collection Set: 0.7ms
[2025-08-01T03:49:21.745+0000] GC(798)   Merge Heap Roots: 0.2ms
[2025-08-01T03:49:21.745+0000] GC(798)   Evacuate Collection Set: 32.1ms
[2025-08-01T03:49:21.745+0000] GC(798)   Post Evacuate Collection Set: 1.4ms
[2025-08-01T03:49:21.745+0000] GC(798)   Other: 0.1ms
[2025-08-01T03:49:21.745+0000] GC(798) Eden regions: 88->0(89)
[2025-08-01T03:49:21.745+0000] GC(798) Survivor regions: 14->13(13)
[2025-08-01T03:49:21.745+0000] GC(798) Old regions: 1835->1913
[2025-08-01T03:49:21.745+0000] GC(798) Humongous regions: 0->0
[2025-08-01T03:49:21.745+0000] GC(798) Metaspace: 10593K(10816K)->10593K(10816K) NonClass: 9335K(9472K)->9335K(9472K) Class: 1258K(1344K)->1258K(1344K)
[2025-08-01T03:49:21.745+0000] GC(798) Pause Young (Mixed) (G1 Evacuation Pause) 3872M->3850M(4096M) 34.659ms
[2025-08-01T03:49:21.745+0000] GC(798) User=0.23s Sys=0.01s Real=0.04s
[2025-08-01T03:49:21.760+0000] GC(799) Pause Young (Concurrent Start) (G1 Evacuation Pause)
[2025-08-01T03:49:21.760+0000] GC(799) Using 8 workers of 8 for evacuation
[2025-08-01T03:49:21.787+0000] GC(799)   Pre Evacuate Collection Set: 1.1ms
[2025-08-01T03:49:21.787+0000] GC(799)   Merge Heap Roots: 1.8ms
[2025-08-01T03:49:21.787+0000] GC(799)   Evacuate Collection Set: 18.3ms
[2025-08-01T03:49:21.787+0000] GC(799)   Post Evacuate Collection Set: 5.4ms
[2025-08-01T03:49:21.787+0000] GC(799)   Other: 0.2ms
[2025-08-01T03:49:21.787+0000] GC(799) Eden regions: 89->0(0)
[2025-08-01T03:49:21.787+0000] GC(799) Survivor regions: 13->13(13)
[2025-08-01T03:49:21.787+0000] GC(799) Old regions: 1913->2028
[2025-08-01T03:49:21.787+0000] GC(799) Humongous regions: 0->0
[2025-08-01T03:49:21.787+0000] GC(799) Metaspace: 10593K(10816K)->10593K(10816K) NonClass: 9335K(9472K)->9335K(9472K) Class: 1258K(1344K)->1258K(1344K)
[2025-08-01T03:49:21.787+0000] GC(799) Pause Young (Concurrent Start) (G1 Evacuation Pause) (Evacuation Failure) 4028M->4081M(4096M) 27.046ms
[2025-08-01T03:49:21.787+0000] GC(799) User=0.19s Sys=0.00s Real=0.03s
[2025-08-01T03:49:21.787+0000] Attempting full compaction
[2025-08-01T03:49:21.787+0000] GC(801) Concurrent Mark Cycle
[2025-08-01T03:49:21.788+0000] GC(801) Concurrent Scan Root Regions
[2025-08-01T03:49:21.787+0000] GC(800) Pause Full (G1 Compaction Pause)
[2025-08-01T03:49:21.788+0000] GC(800) Using 8 workers of 8 for full compaction
[2025-08-01T03:49:21.788+0000] GC(801) Concurrent Scan Root Regions 0.526ms
[2025-08-01T03:49:21.788+0000] GC(801) Concurrent Mark
[2025-08-01T03:49:21.788+0000] GC(801) Concurrent Mark From Roots
[2025-08-01T03:49:21.788+0000] GC(801) Using 2 workers of 2 for marking
[2025-08-01T03:49:21.793+0000] GC(800) Phase 1: Mark live objects
[2025-08-01T03:49:21.834+0000] GC(800) Phase 1: Mark live objects 40.228ms
[2025-08-01T03:49:21.834+0000] GC(800) Phase 2: Prepare compaction
[2025-08-01T03:49:21.846+0000] GC(800) Phase 2: Prepare compaction 12.260ms
[2025-08-01T03:49:21.846+0000] GC(800) Phase 3: Adjust pointers
[2025-08-01T03:49:21.889+0000] GC(800) Phase 3: Adjust pointers 42.622ms
[2025-08-01T03:49:21.889+0000] GC(800) Phase 4: Compact heap
[2025-08-01T03:49:21.929+0000] GC(800) Phase 4: Compact heap 40.440ms
[2025-08-01T03:49:21.929+0000] GC(800) Phase 5: Reset Metadata
[2025-08-01T03:49:21.961+0000] GC(800) Phase 5: Reset Metadata 31.990ms
[2025-08-01T03:49:21.969+0000] GC(800) Eden regions: 0->0(549)
[2025-08-01T03:49:21.969+0000] GC(800) Survivor regions: 13->0(13)
[2025-08-01T03:49:21.969+0000] GC(800) Old regions: 2028->487
[2025-08-01T03:49:21.969+0000] GC(800) Humongous regions: 0->0
[2025-08-01T03:49:21.969+0000] GC(800) Metaspace: 10593K(10816K)->10593K(10816K) NonClass: 9335K(9472K)->9335K(9472K) Class: 1258K(1344K)->1258K(1344K)
[2025-08-01T03:49:21.970+0000] GC(800) Pause Full (G1 Compaction Pause) 4081M->967M(4096M) 182.019ms
[2025-08-01T03:49:21.970+0000] GC(800) User=1.32s Sys=0.00s Real=0.18s
[2025-08-01T03:49:21.970+0000] GC(801) Concurrent Mark From Roots 181.970ms
[2025-08-01T03:49:21.970+0000] GC(801) Concurrent Mark Abort
[2025-08-01T03:49:21.970+0000] GC(801) Concurrent Mark Cycle 182.629ms
[2025-08-01T03:49:22.217+0000] GC(802) Pause Young (Normal) (G1 Evacuation Pause)
[2025-08-01T03:49:22.217+0000] GC(802) Using 8 workers of 8 for evacuation
[2025-08-01T03:49:22.403+0000] GC(802)   Pre Evacuate Collection Set: 1.0ms
[2025-08-01T03:49:22.403+0000] GC(802)   Merge Heap Roots: 0.4ms
[2025-08-01T03:49:22.403+0000] GC(802)   Evacuate Collection Set: 182.8ms
[2025-08-01T03:49:22.403+0000] GC(802)   Post Evacuate Collection Set: 1.5ms
[2025-08-01T03:49:22.403+0000] GC(802)   Other: 0.2ms
[2025-08-01T03:49:22.403+0000] GC(802) Eden regions: 549->0(388)
[2025-08-01T03:49:22.403+0000] GC(802) Survivor regions: 0->69(69)
[2025-08-01T03:49:22.403+0000] GC(802) Old regions: 487->841
[2025-08-01T03:49:22.403+0000] GC(802) Humongous regions: 0->0
[2025-08-01T03:49:22.403+0000] GC(802) Metaspace: 10593K(10816K)->10593K(10816K) NonClass: 9335K(9472K)->9335K(9472K) Class: 1258K(1344K)->1258K(1344K)
[2025-08-01T03:49:22.403+0000] GC(802) Pause Young (Normal) (G1 Evacuation Pause) 2065M->1813M(4096M) 186.258ms
[2025-08-01T03:49:22.403+0000] GC(802) User=1.42s Sys=0.03s Real=0.19s
[2025-08-01T03:49:22.572+0000] GC(803) Pause Young (Concurrent Start) (G1 Evacuation Pause)
[2025-08-01T03:49:22.572+0000] GC(803) Using 8 workers of 8 for evacuation
[2025-08-01T03:49:22.677+0000] GC(803)   Pre Evacuate Collection Set: 0.9ms
[2025-08-01T03:49:22.677+0000] GC(803)   Merge Heap Roots: 0.3ms
[2025-08-01T03:49:22.677+0000] GC(803)   Evacuate Collection Set: 102.0ms
[2025-08-01T03:49:22.677+0000] GC(803)   Post Evacuate Collection Set: 1.2ms
[2025-08-01T03:49:22.677+0000] GC(803)   Other: 0.3ms
[2025-08-01T03:49:22.677+0000] GC(803) Eden regions: 388->0(323)
[2025-08-01T03:49:22.677+0000] GC(803) Survivor regions: 69->58(58)
[2025-08-01T03:49:22.677+0000] GC(803) Old regions: 841->1046
[2025-08-01T03:49:22.677+0000] GC(803) Humongous regions: 0->0
[2025-08-01T03:49:22.677+0000] GC(803) Metaspace: 10593K(10816K)->10593K(10816K) NonClass: 9335K(9472K)->9335K(9472K) Class: 1258K(1344K)->1258K(1344K)
[2025-08-01T03:49:22.677+0000] GC(803) Pause Young (Concurrent Start) (G1 Evacuation Pause) 2589M->2201M(4096M) 104.907ms
[2025-08-01T03:49:22.677+0000] GC(803) User=0.79s Sys=0.02s Real=0.11s
[2025-08-01T03:49:22.677+0000] GC(804) Concurrent Mark Cycle
[2025-08-01T03:49:22.677+0000] GC(804) Concurrent Scan Root Regions
[2025-08-01T03:49:22.724+0000] GC(804) Concurrent Scan Root Regions 47.098ms
[2025-08-01T03:49:22.724+0000] GC(804) Concurrent Mark
[2025-08-01T03:49:22.725+0000] GC(804) Concurrent Mark From Roots
[2025-08-01T03:49:22.725+0000] GC(804) Using 2 workers of 2 for marking
[2025-08-01T03:49:22.749+0000] GC(804) Concurrent Mark From Roots 24.904ms
[2025-08-01T03:49:22.749+0000] GC(804) Concurrent Preclean
[2025-08-01T03:49:22.750+0000] GC(804) Concurrent Preclean 0.023ms
[2025-08-01T03:49:22.750+0000] GC(804) Pause Remark
[2025-08-01T03:49:22.755+0000] GC(804) Pause Remark 2494M->962M(4096M) 4.891ms
[2025-08-01T03:49:22.755+0000] GC(804) User=0.01s Sys=0.00s Real=0.01s
[2025-08-01T03:49:22.755+0000] GC(804) Concurrent Mark 30.298ms
[2025-08-01T03:49:22.755+0000] GC(804) Concurrent Rebuild Remembered Sets and Scrub Regions
[2025-08-01T03:49:22.816+0000] GC(804) Concurrent Rebuild Remembered Sets and Scrub Regions 61.340ms
[2025-08-01T03:49:22.816+0000] GC(804) Pause Cleanup
[2025-08-01T03:49:22.817+0000] GC(804) Pause Cleanup 1207M->1207M(4096M) 0.707ms
[2025-08-01T03:49:22.817+0000] GC(804) User=0.00s Sys=0.00s Real=0.00s
[2025-08-01T03:49:22.817+0000] GC(804) Concurrent Clear Claimed Marks
[2025-08-01T03:49:22.817+0000] GC(804) Concurrent Clear Claimed Marks 0.040ms
[2025-08-01T03:49:22.817+0000] GC(804) Concurrent Cleanup for Next Mark
[2025-08-01T03:49:22.826+0000] GC(804) Concurrent Cleanup for Next Mark 8.359ms
[2025-08-01T03:49:22.826+0000] GC(804) Concurrent Mark Cycle 148.756ms
[2025-08-01T03:49:22.835+0000] GC(805) Pause Young (Prepare Mixed) (G1 Evacuation Pause)
[2025-08-01T03:49:22.835+0000] GC(805) Using 8 workers of 8 for evacuation
[2025-08-01T03:49:22.957+0000] GC(805)   Pre Evacuate Collection Set: 0.7ms
[2025-08-01T03:49:22.957+0000] GC(805)   Merge Heap Roots: 0.5ms
[2025-08-01T03:49:22.957+0000] GC(805)   Evacuate Collection Set: 119.5ms
[2025-08-01T03:49:22.957+0000] GC(805)   Post Evacuate Collection Set: 1.0ms
[2025-08-01T03:49:22.957+0000] GC(805)   Other: 0.1ms
[2025-08-01T03:49:22.957+0000] GC(805) Eden regions: 323->0(418)
[2025-08-01T03:49:22.957+0000] GC(805) Survivor regions: 58->48(48)
[2025-08-01T03:49:22.957+0000] GC(805) Old regions: 277->612
[2025-08-01T03:49:22.957+0000] GC(805) Humongous regions: 0->0
[2025-08-01T03:49:22.957+0000] GC(805) Metaspace: 10593K(10816K)->10593K(10816K) NonClass: 9335K(9472K)->9335K(9472K) Class: 1258K(1344K)->1258K(1344K)
[2025-08-01T03:49:22.957+0000] GC(805) Pause Young (Prepare Mixed) (G1 Evacuation Pause) 1315M->1319M(4096M) 122.173ms
[2025-08-01T03:49:22.957+0000] GC(805) User=0.95s Sys=0.00s Real=0.12s
[2025-08-01T03:49:23.130+0000] GC(806) Pause Young (Mixed) (G1 Evacuation Pause)
[2025-08-01T03:49:23.130+0000] GC(806) Using 8 workers of 8 for evacuation
[2025-08-01T03:49:23.319+0000] GC(806)   Pre Evacuate Collection Set: 0.7ms
[2025-08-01T03:49:23.320+0000] GC(806)   Merge Heap Roots: 0.2ms
[2025-08-01T03:49:23.320+0000] GC(806)   Evacuate Collection Set: 187.8ms
[2025-08-01T03:49:23.320+0000] GC(806)   Post Evacuate Collection Set: 1.0ms
[2025-08-01T03:49:23.320+0000] GC(806)   Other: 0.1ms
[2025-08-01T03:49:23.320+0000] GC(806) Eden regions: 417->0(335)
[2025-08-01T03:49:23.320+0000] GC(806) Survivor regions: 48->59(59)
[2025-08-01T03:49:23.320+0000] GC(806) Old regions: 612->820
[2025-08-01T03:49:23.320+0000] GC(806) Humongous regions: 0->0
[2025-08-01T03:49:23.320+0000] GC(806) Metaspace: 10593K(10816K)->10593K(10816K) NonClass: 9335K(9472K)->9335K(9472K) Class: 1258K(1344K)->1258K(1344K)
[2025-08-01T03:49:23.320+0000] GC(806) Pause Young (Mixed) (G1 Evacuation Pause) 2153M->1757M(4096M) 190.077ms
[2025-08-01T03:49:23.320+0000] GC(806) User=1.44s Sys=0.04s Real=0.19s
[2025-08-01T03:49:23.479+0000] GC(807) Pause Young (Mixed) (G1 Evacuation Pause)
[2025-08-01T03:49:23.479+0000] GC(807) Using 8 workers of 8 for evacuation
[2025-08-01T03:49:23.737+0000] GC(807) MMU target violated: 201.0ms (200.0ms/201.0ms)
[2025-08-01T03:49:23.737+0000] GC(807)   Pre Evacuate Collection Set: 1.6ms
[2025-08-01T03:49:23.737+0000] GC(807)   Merge Heap Roots: 0.4ms
[2025-08-01T03:49:23.737+0000] GC(807)   Evacuate Collection Set: 254.0ms
[2025-08-01T03:49:23.737+0000] GC(807)   Post Evacuate Collection Set: 1.5ms
[2025-08-01T03:49:23.737+0000] GC(807)   Other: 0.2ms
[2025-08-01T03:49:23.737+0000] GC(807) Eden regions: 334->0(277)
[2025-08-01T03:49:23.737+0000] GC(807) Survivor regions: 59->50(50)
[2025-08-01T03:49:23.737+0000] GC(807) Old regions: 820->1136
[2025-08-01T03:49:23.737+0000] GC(807) Humongous regions: 0->0
[2025-08-01T03:49:23.737+0000] GC(807) Metaspace: 10593K(10816K)->10593K(10816K) NonClass: 9335K(9472K)->9335K(9472K) Class: 1258K(1344K)->1258K(1344K)
[2025-08-01T03:49:23.737+0000] GC(807) Pause Young (Mixed) (G1 Evacuation Pause) 2425M->2371M(4096M) 258.209ms
[2025-08-01T03:49:23.737+0000] GC(807) User=1.94s Sys=0.08s Real=0.26s
[2025-08-01T03:49:23.834+0000] GC(808) Pause Young (Concurrent Start) (G1 Evacuation Pause)
[2025-08-01T03:49:23.835+0000] GC(808) Using 8 workers of 8 for evacuation
[2025-08-01T03:49:23.935+0000] GC(808)   Pre Evacuate Collection Set: 1.1ms
[2025-08-01T03:49:23.935+0000] GC(808)   Merge Heap Roots: 0.3ms
[2025-08-01T03:49:23.935+0000] GC(808)   Evacuate Collection Set: 97.6ms
[2025-08-01T03:49:23.935+0000] GC(808)   Post Evacuate Collection Set: 1.2ms
[2025-08-01T03:49:23.935+0000] GC(808)   Other: 0.3ms
[2025-08-01T03:49:23.935+0000] GC(808) Eden regions: 277->0(210)
[2025-08-01T03:49:23.935+0000] GC(808) Survivor regions: 50->41(41)
[2025-08-01T03:49:23.935+0000] GC(808) Old regions: 1136->1356
[2025-08-01T03:49:23.935+0000] GC(808) Humongous regions: 0->0
[2025-08-01T03:49:23.935+0000] GC(808) Metaspace: 10593K(10816K)->10593K(10816K) NonClass: 9335K(9472K)->9335K(9472K) Class: 1258K(1344K)->1258K(1344K)
[2025-08-01T03:49:23.935+0000] GC(808) Pause Young (Concurrent Start) (G1 Evacuation Pause) 2925M->2792M(4096M) 100.836ms
[2025-08-01T03:49:23.935+0000] GC(808) User=0.75s Sys=0.02s Real=0.10s
[2025-08-01T03:49:23.935+0000] GC(809) Concurrent Mark Cycle
[2025-08-01T03:49:23.935+0000] GC(809) Concurrent Scan Root Regions
[2025-08-01T03:49:23.983+0000] GC(809) Concurrent Scan Root Regions 48.056ms
[2025-08-01T03:49:23.984+0000] GC(809) Concurrent Mark
[2025-08-01T03:49:23.984+0000] GC(809) Concurrent Mark From Roots
[2025-08-01T03:49:23.984+0000] GC(809) Using 2 workers of 2 for marking
[2025-08-01T03:49:24.019+0000] GC(810) Pause Young (Normal) (G1 Evacuation Pause)
[2025-08-01T03:49:24.019+0000] GC(810) Using 8 workers of 8 for evacuation
[2025-08-01T03:49:24.055+0000] GC(810)   Pre Evacuate Collection Set: 1.0ms
[2025-08-01T03:49:24.056+0000] GC(810)   Merge Heap Roots: 0.2ms
[2025-08-01T03:49:24.056+0000] GC(810)   Evacuate Collection Set: 33.6ms
[2025-08-01T03:49:24.056+0000] GC(810)   Post Evacuate Collection Set: 1.1ms
[2025-08-01T03:49:24.056+0000] GC(810)   Other: 0.1ms
[2025-08-01T03:49:24.056+0000] GC(810) Eden regions: 210->0(190)
[2025-08-01T03:49:24.056+0000] GC(810) Survivor regions: 41->32(32)
[2025-08-01T03:49:24.056+0000] GC(810) Old regions: 1356->1444
[2025-08-01T03:49:24.056+0000] GC(810) Humongous regions: 0->0
[2025-08-01T03:49:24.056+0000] GC(810) Metaspace: 10593K(10816K)->10593K(10816K) NonClass: 9335K(9472K)->9335K(9472K) Class: 1258K(1344K)->1258K(1344K)
[2025-08-01T03:49:24.056+0000] GC(810) Pause Young (Normal) (G1 Evacuation Pause) 3212M->2950M(4096M) 36.371ms
[2025-08-01T03:49:24.056+0000] GC(810) User=0.27s Sys=0.00s Real=0.04s
[2025-08-01T03:49:24.123+0000] GC(809) Concurrent Mark From Roots 139.722ms
[2025-08-01T03:49:24.123+0000] GC(809) Concurrent Preclean
[2025-08-01T03:49:24.123+0000] GC(809) Concurrent Preclean 0.031ms
[2025-08-01T03:49:24.124+0000] GC(809) Pause Remark
[2025-08-01T03:49:24.129+0000] GC(809) Pause Remark 3259M->1771M(4096M) 5.182ms
[2025-08-01T03:49:24.129+0000] GC(809) User=0.00s Sys=0.01s Real=0.00s
[2025-08-01T03:49:24.129+0000] GC(809) Concurrent Mark 145.770ms
[2025-08-01T03:49:24.129+0000] GC(809) Concurrent Rebuild Remembered Sets and Scrub Regions
[2025-08-01T03:49:24.140+0000] GC(811) Pause Young (Normal) (G1 Evacuation Pause)
[2025-08-01T03:49:24.140+0000] GC(811) Using 8 workers of 8 for evacuation
[2025-08-01T03:49:24.209+0000] GC(811)   Pre Evacuate Collection Set: 1.3ms
[2025-08-01T03:49:24.209+0000] GC(811)   Merge Heap Roots: 0.4ms
[2025-08-01T03:49:24.209+0000] GC(811)   Evacuate Collection Set: 66.3ms
[2025-08-01T03:49:24.209+0000] GC(811)   Post Evacuate Collection Set: 1.0ms
[2025-08-01T03:49:24.209+0000] GC(811)   Other: 0.1ms
[2025-08-01T03:49:24.209+0000] GC(811) Eden regions: 190->0(388)
[2025-08-01T03:49:24.209+0000] GC(811) Survivor regions: 32->28(28)
[2025-08-01T03:49:24.209+0000] GC(811) Old regions: 700->853
[2025-08-01T03:49:24.209+0000] GC(811) Humongous regions: 0->0
[2025-08-01T03:49:24.209+0000] GC(811) Metaspace: 10593K(10816K)->10593K(10816K) NonClass: 9335K(9472K)->9335K(9472K) Class: 1258K(1344K)->1258K(1344K)
[2025-08-01T03:49:24.209+0000] GC(811) Pause Young (Normal) (G1 Evacuation Pause) 1842M->1760M(4096M) 69.238ms
[2025-08-01T03:49:24.209+0000] GC(811) User=0.46s Sys=0.01s Real=0.07s
[2025-08-01T03:49:24.338+0000] GC(809) Concurrent Rebuild Remembered Sets and Scrub Regions 208.757ms
[2025-08-01T03:49:24.338+0000] GC(809) Pause Cleanup
[2025-08-01T03:49:24.341+0000] GC(809) Pause Cleanup 2411M->2411M(4096M) 2.198ms
[2025-08-01T03:49:24.341+0000] GC(809) User=0.01s Sys=0.00s Real=0.00s
[2025-08-01T03:49:24.341+0000] GC(809) Concurrent Clear Claimed Marks
[2025-08-01T03:49:24.341+0000] GC(809) Concurrent Clear Claimed Marks 0.036ms
[2025-08-01T03:49:24.341+0000] GC(809) Concurrent Cleanup for Next Mark
[2025-08-01T03:49:24.349+0000] GC(809) Concurrent Cleanup for Next Mark 8.429ms
[2025-08-01T03:49:24.349+0000] GC(809) Concurrent Mark Cycle 413.894ms
[2025-08-01T03:49:24.371+0000] GC(812) Pause Young (Prepare Mixed) (G1 Evacuation Pause)
[2025-08-01T03:49:24.371+0000] GC(812) Using 8 workers of 8 for evacuation
[2025-08-01T03:49:24.548+0000] GC(812)   Pre Evacuate Collection Set: 0.7ms
[2025-08-01T03:49:24.548+0000] GC(812)   Merge Heap Roots: 0.4ms
[2025-08-01T03:49:24.548+0000] GC(812)   Evacuate Collection Set: 173.8ms
[2025-08-01T03:49:24.548+0000] GC(812)   Post Evacuate Collection Set: 1.5ms
[2025-08-01T03:49:24.548+0000] GC(812)   Other: 0.1ms
[2025-08-01T03:49:24.548+0000] GC(812) Eden regions: 388->0(247)
[2025-08-01T03:49:24.548+0000] GC(812) Survivor regions: 28->52(52)
[2025-08-01T03:49:24.548+0000] GC(812) Old regions: 853->1218
[2025-08-01T03:49:24.548+0000] GC(812) Humongous regions: 0->0
[2025-08-01T03:49:24.548+0000] GC(812) Metaspace: 10593K(10816K)->10593K(10816K) NonClass: 9335K(9472K)->9335K(9472K) Class: 1258K(1344K)->1258K(1344K)
[2025-08-01T03:49:24.548+0000] GC(812) Pause Young (Prepare Mixed) (G1 Evacuation Pause) 2536M->2539M(4096M) 176.819ms
[2025-08-01T03:49:24.548+0000] GC(812) User=1.35s Sys=0.04s Real=0.18s
[2025-08-01T03:49:24.642+0000] GC(813) Pause Young (Mixed) (G1 Evacuation Pause)
[2025-08-01T03:49:24.643+0000] GC(813) Using 8 workers of 8 for evacuation
[2025-08-01T03:49:24.749+0000] GC(813)   Pre Evacuate Collection Set: 1.1ms
[2025-08-01T03:49:24.750+0000] GC(813)   Merge Heap Roots: 0.5ms
[2025-08-01T03:49:24.750+0000] GC(813)   Evacuate Collection Set: 103.9ms
[2025-08-01T03:49:24.750+0000] GC(813)   Post Evacuate Collection Set: 1.3ms
[2025-08-01T03:49:24.750+0000] GC(813)   Other: 0.1ms
[2025-08-01T03:49:24.750+0000] GC(813) Eden regions: 247->0(190)
[2025-08-01T03:49:24.750+0000] GC(813) Survivor regions: 52->38(38)
[2025-08-01T03:49:24.750+0000] GC(813) Old regions: 1218->1408
[2025-08-01T03:49:24.750+0000] GC(813) Humongous regions: 0->0
[2025-08-01T03:49:24.750+0000] GC(813) Metaspace: 10593K(10816K)->10593K(10816K) NonClass: 9335K(9472K)->9335K(9472K) Class: 1258K(1344K)->1258K(1344K)
[2025-08-01T03:49:24.750+0000] GC(813) Pause Young (Mixed) (G1 Evacuation Pause) 3033M->2891M(4096M) 107.270ms
[2025-08-01T03:49:24.750+0000] GC(813) User=0.79s Sys=0.02s Real=0.11s
[2025-08-01T03:49:24.831+0000] GC(814) Pause Young (Concurrent Start) (G1 Evacuation Pause)
[2025-08-01T03:49:24.831+0000] GC(814) Using 8 workers of 8 for evacuation
[2025-08-01T03:49:24.888+0000] GC(814)   Pre Evacuate Collection Set: 1.5ms
[2025-08-01T03:49:24.888+0000] GC(814)   Merge Heap Roots: 0.2ms
[2025-08-01T03:49:24.888+0000] GC(814)   Evacuate Collection Set: 52.5ms
[2025-08-01T03:49:24.888+0000] GC(814)   Post Evacuate Collection Set: 1.8ms
[2025-08-01T03:49:24.888+0000] GC(814)   Other: 0.4ms
[2025-08-01T03:49:24.888+0000] GC(814) Eden regions: 190->0(175)
[2025-08-01T03:49:24.888+0000] GC(814) Survivor regions: 38->29(29)
[2025-08-01T03:49:24.888+0000] GC(814) Old regions: 1408->1486
[2025-08-01T03:49:24.888+0000] GC(814) Humongous regions: 0->0
[2025-08-01T03:49:24.888+0000] GC(814) Metaspace: 10593K(10816K)->10593K(10816K) NonClass: 9335K(9472K)->9335K(9472K) Class: 1258K(1344K)->1258K(1344K)
[2025-08-01T03:49:24.888+0000] GC(814) Pause Young (Concurrent Start) (G1 Evacuation Pause) 3271M->3029M(4096M) 56.668ms
[2025-08-01T03:49:24.888+0000] GC(814) User=0.40s Sys=0.02s Real=0.06s
[2025-08-01T03:49:24.888+0000] GC(815) Concurrent Mark Cycle
[2025-08-01T03:49:24.888+0000] GC(815) Concurrent Scan Root Regions
[2025-08-01T03:49:24.912+0000] GC(815) Concurrent Scan Root Regions 24.212ms
[2025-08-01T03:49:24.912+0000] GC(815) Concurrent Mark
[2025-08-01T03:49:24.912+0000] GC(815) Concurrent Mark From Roots
[2025-08-01T03:49:24.912+0000] GC(815) Using 2 workers of 2 for marking
[2025-08-01T03:49:24.942+0000] GC(815) Concurrent Mark From Roots 29.276ms
[2025-08-01T03:49:24.942+0000] GC(815) Concurrent Preclean
[2025-08-01T03:49:24.942+0000] GC(815) Concurrent Preclean 0.022ms
[2025-08-01T03:49:24.942+0000] GC(815) Pause Remark
[2025-08-01T03:49:24.947+0000] GC(815) Pause Remark 3206M->622M(4096M) 5.167ms
[2025-08-01T03:49:24.947+0000] GC(815) User=0.01s Sys=0.00s Real=0.01s
[2025-08-01T03:49:24.947+0000] GC(815) Concurrent Mark 34.884ms
[2025-08-01T03:49:24.947+0000] GC(815) Concurrent Rebuild Remembered Sets and Scrub Regions
[2025-08-01T03:49:24.972+0000] GC(816) Pause Young (Normal) (G1 Evacuation Pause)
[2025-08-01T03:49:24.972+0000] GC(816) Using 8 workers of 8 for evacuation
[2025-08-01T03:49:25.043+0000] GC(816)   Pre Evacuate Collection Set: 0.6ms
[2025-08-01T03:49:25.043+0000] GC(816)   Merge Heap Roots: 0.3ms
[2025-08-01T03:49:25.043+0000] GC(816)   Evacuate Collection Set: 69.0ms
[2025-08-01T03:49:25.043+0000] GC(816)   Post Evacuate Collection Set: 0.9ms
[2025-08-01T03:49:25.043+0000] GC(816)   Other: 0.1ms
[2025-08-01T03:49:25.043+0000] GC(816) Eden regions: 175->0(538)
[2025-08-01T03:49:25.043+0000] GC(816) Survivor regions: 29->26(26)
[2025-08-01T03:49:25.043+0000] GC(816) Old regions: 194->374
[2025-08-01T03:49:25.043+0000] GC(816) Humongous regions: 0->0
[2025-08-01T03:49:25.043+0000] GC(816) Metaspace: 10593K(10816K)->10593K(10816K) NonClass: 9335K(9472K)->9335K(9472K) Class: 1258K(1344K)->1258K(1344K)
[2025-08-01T03:49:25.043+0000] GC(816) Pause Young (Normal) (G1 Evacuation Pause) 795M->798M(4096M) 71.187ms
[2025-08-01T03:49:25.043+0000] GC(816) User=0.52s Sys=0.01s Real=0.08s
[2025-08-01T03:49:25.063+0000] GC(815) Concurrent Rebuild Remembered Sets and Scrub Regions 116.225ms
[2025-08-01T03:49:25.065+0000] GC(815) Pause Cleanup
[2025-08-01T03:49:25.066+0000] GC(815) Pause Cleanup 974M->974M(4096M) 0.960ms
[2025-08-01T03:49:25.066+0000] GC(815) User=0.01s Sys=0.00s Real=0.00s
[2025-08-01T03:49:25.066+0000] GC(815) Concurrent Clear Claimed Marks
[2025-08-01T03:49:25.066+0000] GC(815) Concurrent Clear Claimed Marks 0.032ms
[2025-08-01T03:49:25.066+0000] GC(815) Concurrent Cleanup for Next Mark
[2025-08-01T03:49:25.075+0000] GC(815) Concurrent Cleanup for Next Mark 8.632ms
[2025-08-01T03:49:25.075+0000] GC(815) Concurrent Mark Cycle 186.937ms
[2025-08-01T03:49:25.277+0000] GC(817) Pause Young (Prepare Mixed) (G1 Evacuation Pause)
[2025-08-01T03:49:25.277+0000] GC(817) Using 8 workers of 8 for evacuation
[2025-08-01T03:49:25.540+0000] GC(817) MMU target violated: 201.0ms (200.0ms/201.0ms)
[2025-08-01T03:49:25.540+0000] GC(817)   Pre Evacuate Collection Set: 1.1ms
[2025-08-01T03:49:25.540+0000] GC(817)   Merge Heap Roots: 0.3ms
[2025-08-01T03:49:25.540+0000] GC(817)   Evacuate Collection Set: 260.0ms
[2025-08-01T03:49:25.540+0000] GC(817)   Post Evacuate Collection Set: 1.1ms
[2025-08-01T03:49:25.540+0000] GC(817)   Other: 0.3ms
[2025-08-01T03:49:25.540+0000] GC(817) Eden regions: 534->0(307)
[2025-08-01T03:49:25.540+0000] GC(817) Survivor regions: 26->70(70)
[2025-08-01T03:49:25.540+0000] GC(817) Old regions: 374->766
[2025-08-01T03:49:25.540+0000] GC(817) Humongous regions: 0->0
[2025-08-01T03:49:25.540+0000] GC(817) Metaspace: 10593K(10816K)->10593K(10816K) NonClass: 9335K(9472K)->9335K(9472K) Class: 1258K(1344K)->1258K(1344K)
[2025-08-01T03:49:25.540+0000] GC(817) Pause Young (Prepare Mixed) (G1 Evacuation Pause) 1866M->1671M(4096M) 263.034ms
[2025-08-01T03:49:25.540+0000] GC(817) User=2.00s Sys=0.07s Real=0.26s
[2025-08-01T03:49:25.645+0000] GC(818) Pause Young (Mixed) (G1 Evacuation Pause)
[2025-08-01T03:49:25.645+0000] GC(818) Using 8 workers of 8 for evacuation
[2025-08-01T03:49:25.724+0000] GC(818)   Pre Evacuate Collection Set: 1.2ms
[2025-08-01T03:49:25.724+0000] GC(818)   Merge Heap Roots: 0.2ms
[2025-08-01T03:49:25.724+0000] GC(818)   Evacuate Collection Set: 75.0ms
[2025-08-01T03:49:25.724+0000] GC(818)   Post Evacuate Collection Set: 2.1ms
[2025-08-01T03:49:25.724+0000] GC(818)   Other: 0.2ms
[2025-08-01T03:49:25.724+0000] GC(818) Eden regions: 306->0(370)
[2025-08-01T03:49:25.724+0000] GC(818) Survivor regions: 70->47(47)
[2025-08-01T03:49:25.724+0000] GC(818) Old regions: 766->921
[2025-08-01T03:49:25.724+0000] GC(818) Humongous regions: 0->0
[2025-08-01T03:49:25.724+0000] GC(818) Metaspace: 10593K(10816K)->10593K(10816K) NonClass: 9335K(9472K)->9335K(9472K) Class: 1258K(1344K)->1258K(1344K)
[2025-08-01T03:49:25.724+0000] GC(818) Pause Young (Mixed) (G1 Evacuation Pause) 2283M->1935M(4096M) 78.970ms
[2025-08-01T03:49:25.724+0000] GC(818) User=0.59s Sys=0.01s Real=0.08s
[2025-08-01T03:49:25.900+0000] GC(819) Pause Young (Concurrent Start) (G1 Evacuation Pause)
[2025-08-01T03:49:25.900+0000] GC(819) Using 8 workers of 8 for evacuation
[2025-08-01T03:49:26.136+0000] GC(819) MMU target violated: 201.0ms (200.0ms/201.0ms)
[2025-08-01T03:49:26.136+0000] GC(819)   Pre Evacuate Collection Set: 1.6ms
[2025-08-01T03:49:26.136+0000] GC(819)   Merge Heap Roots: 0.4ms
[2025-08-01T03:49:26.136+0000] GC(819)   Evacuate Collection Set: 232.7ms
[2025-08-01T03:49:26.136+0000] GC(819)   Post Evacuate Collection Set: 1.2ms
[2025-08-01T03:49:26.136+0000] GC(819)   Other: 0.4ms
[2025-08-01T03:49:26.137+0000] GC(819) Eden regions: 370->0(226)
[2025-08-01T03:49:26.137+0000] GC(819) Survivor regions: 47->53(53)
[2025-08-01T03:49:26.137+0000] GC(819) Old regions: 921->1286
[2025-08-01T03:49:26.137+0000] GC(819) Humongous regions: 0->0
[2025-08-01T03:49:26.137+0000] GC(819) Metaspace: 10593K(10816K)->10593K(10816K) NonClass: 9335K(9472K)->9335K(9472K) Class: 1258K(1344K)->1258K(1344K)
[2025-08-01T03:49:26.137+0000] GC(819) Pause Young (Concurrent Start) (G1 Evacuation Pause) 2675M->2677M(4096M) 236.555ms
[2025-08-01T03:49:26.137+0000] GC(819) User=1.75s Sys=0.07s Real=0.24s
[2025-08-01T03:49:26.137+0000] GC(820) Concurrent Mark Cycle
[2025-08-01T03:49:26.137+0000] GC(820) Concurrent Scan Root Regions
[2025-08-01T03:49:26.222+0000] GC(820) Concurrent Scan Root Regions 85.033ms
[2025-08-01T03:49:26.222+0000] GC(820) Concurrent Mark
[2025-08-01T03:49:26.222+0000] GC(820) Concurrent Mark From Roots
[2025-08-01T03:49:26.222+0000] GC(820) Using 2 workers of 2 for marking
[2025-08-01T03:49:26.229+0000] GC(821) Pause Young (Normal) (G1 Evacuation Pause)
[2025-08-01T03:49:26.229+0000] GC(821) Using 8 workers of 8 for evacuation
[2025-08-01T03:49:26.326+0000] GC(821)   Pre Evacuate Collection Set: 0.5ms
[2025-08-01T03:49:26.326+0000] GC(821)   Merge Heap Roots: 0.9ms
[2025-08-01T03:49:26.326+0000] GC(821)   Evacuate Collection Set: 94.7ms
[2025-08-01T03:49:26.326+0000] GC(821)   Post Evacuate Collection Set: 1.0ms
[2025-08-01T03:49:26.326+0000] GC(821)   Other: 0.1ms
[2025-08-01T03:49:26.326+0000] GC(821) Eden regions: 226->0(154)
[2025-08-01T03:49:26.326+0000] GC(821) Survivor regions: 53->35(35)
[2025-08-01T03:49:26.327+0000] GC(821) Old regions: 1286->1517
[2025-08-01T03:49:26.327+0000] GC(821) Humongous regions: 0->0
[2025-08-01T03:49:26.327+0000] GC(821) Metaspace: 10593K(10816K)->10593K(10816K) NonClass: 9335K(9472K)->9335K(9472K) Class: 1258K(1344K)->1258K(1344K)
[2025-08-01T03:49:26.327+0000] GC(821) Pause Young (Normal) (G1 Evacuation Pause) 3129M->3103M(4096M) 97.535ms
[2025-08-01T03:49:26.327+0000] GC(821) User=0.73s Sys=0.02s Real=0.10s
[2025-08-01T03:49:26.401+0000] GC(822) Pause Young (Normal) (G1 Evacuation Pause)
[2025-08-01T03:49:26.401+0000] GC(822) Using 8 workers of 8 for evacuation
[2025-08-01T03:49:26.446+0000] GC(822)   Pre Evacuate Collection Set: 0.8ms
[2025-08-01T03:49:26.446+0000] GC(822)   Merge Heap Roots: 0.2ms
[2025-08-01T03:49:26.446+0000] GC(822)   Evacuate Collection Set: 42.5ms
[2025-08-01T03:49:26.446+0000] GC(822)   Post Evacuate Collection Set: 1.0ms
[2025-08-01T03:49:26.446+0000] GC(822)   Other: 0.1ms
[2025-08-01T03:49:26.446+0000] GC(822) Eden regions: 154->0(125)
[2025-08-01T03:49:26.446+0000] GC(822) Survivor regions: 35->24(24)
[2025-08-01T03:49:26.446+0000] GC(822) Old regions: 1517->1628
[2025-08-01T03:49:26.446+0000] GC(822) Humongous regions: 0->0
[2025-08-01T03:49:26.446+0000] GC(822) Metaspace: 10593K(10816K)->10593K(10816K) NonClass: 9335K(9472K)->9335K(9472K) Class: 1258K(1344K)->1258K(1344K)
[2025-08-01T03:49:26.446+0000] GC(822) Pause Young (Normal) (G1 Evacuation Pause) 3411M->3302M(4096M) 45.051ms
[2025-08-01T03:49:26.446+0000] GC(822) User=0.33s Sys=0.01s Real=0.05s
[2025-08-01T03:49:26.453+0000] GC(820) Concurrent Mark From Roots 231.066ms
[2025-08-01T03:49:26.453+0000] GC(820) Concurrent Preclean
[2025-08-01T03:49:26.453+0000] GC(820) Concurrent Preclean 0.035ms
[2025-08-01T03:49:26.454+0000] GC(820) Pause Remark
[2025-08-01T03:49:26.457+0000] GC(820) Pause Remark 3386M->2142M(4096M) 3.055ms
[2025-08-01T03:49:26.457+0000] GC(820) User=0.01s Sys=0.00s Real=0.00s
[2025-08-01T03:49:26.457+0000] GC(820) Concurrent Mark 235.137ms
[2025-08-01T03:49:26.457+0000] GC(820) Concurrent Rebuild Remembered Sets and Scrub Regions
[2025-08-01T03:49:26.518+0000] GC(823) Pause Young (Normal) (G1 Evacuation Pause)
[2025-08-01T03:49:26.518+0000] GC(823) Using 8 workers of 8 for evacuation
[2025-08-01T03:49:26.568+0000] GC(823)   Pre Evacuate Collection Set: 0.7ms
[2025-08-01T03:49:26.568+0000] GC(823)   Merge Heap Roots: 0.4ms
[2025-08-01T03:49:26.568+0000] GC(823)   Evacuate Collection Set: 47.9ms
[2025-08-01T03:49:26.568+0000] GC(823)   Post Evacuate Collection Set: 1.2ms
[2025-08-01T03:49:26.568+0000] GC(823)   Other: 0.1ms
[2025-08-01T03:49:26.568+0000] GC(823) Eden regions: 125->0(301)
[2025-08-01T03:49:26.568+0000] GC(823) Survivor regions: 24->19(19)
[2025-08-01T03:49:26.568+0000] GC(823) Old regions: 1006->1115
[2025-08-01T03:49:26.568+0000] GC(823) Humongous regions: 0->0
[2025-08-01T03:49:26.568+0000] GC(823) Metaspace: 10593K(10816K)->10593K(10816K) NonClass: 9335K(9472K)->9335K(9472K) Class: 1258K(1344K)->1258K(1344K)
[2025-08-01T03:49:26.568+0000] GC(823) Pause Young (Normal) (G1 Evacuation Pause) 2308M->2266M(4096M) 50.482ms
[2025-08-01T03:49:26.569+0000] GC(823) User=0.37s Sys=0.02s Real=0.05s
[2025-08-01T03:49:26.674+0000] GC(824) Pause Young (Normal) (G1 Evacuation Pause)
[2025-08-01T03:49:26.674+0000] GC(824) Using 8 workers of 8 for evacuation
[2025-08-01T03:49:26.772+0000] GC(824)   Pre Evacuate Collection Set: 0.5ms
[2025-08-01T03:49:26.773+0000] GC(824)   Merge Heap Roots: 0.3ms
[2025-08-01T03:49:26.773+0000] GC(824)   Evacuate Collection Set: 96.1ms
[2025-08-01T03:49:26.773+0000] GC(824)   Post Evacuate Collection Set: 1.3ms
[2025-08-01T03:49:26.773+0000] GC(824)   Other: 0.1ms
[2025-08-01T03:49:26.773+0000] GC(824) Eden regions: 301->0(192)
[2025-08-01T03:49:26.773+0000] GC(824) Survivor regions: 19->40(40)
[2025-08-01T03:49:26.773+0000] GC(824) Old regions: 1115->1396
[2025-08-01T03:49:26.773+0000] GC(824) Humongous regions: 0->0
[2025-08-01T03:49:26.773+0000] GC(824) Metaspace: 10593K(10816K)->10593K(10816K) NonClass: 9335K(9472K)->9335K(9472K) Class: 1258K(1344K)->1258K(1344K)
[2025-08-01T03:49:26.773+0000] GC(824) Pause Young (Normal) (G1 Evacuation Pause) 2868M->2871M(4096M) 98.632ms
[2025-08-01T03:49:26.773+0000] GC(824) User=0.76s Sys=0.00s Real=0.09s
[2025-08-01T03:49:26.829+0000] GC(820) Concurrent Rebuild Remembered Sets and Scrub Regions 371.735ms
[2025-08-01T03:49:26.829+0000] GC(820) Pause Cleanup
[2025-08-01T03:49:26.830+0000] GC(820) Pause Cleanup 3023M->3023M(4096M) 1.281ms
[2025-08-01T03:49:26.830+0000] GC(820) User=0.00s Sys=0.00s Real=0.00s
[2025-08-01T03:49:26.831+0000] GC(820) Concurrent Clear Claimed Marks
[2025-08-01T03:49:26.831+0000] GC(820) Concurrent Clear Claimed Marks 0.040ms
[2025-08-01T03:49:26.831+0000] GC(820) Concurrent Cleanup for Next Mark
[2025-08-01T03:49:26.844+0000] GC(820) Concurrent Cleanup for Next Mark 13.301ms
[2025-08-01T03:49:26.844+0000] GC(820) Concurrent Mark Cycle 707.381ms
[2025-08-01T03:49:26.860+0000] GC(825) Pause Young (Prepare Mixed) (G1 Evacuation Pause)
[2025-08-01T03:49:26.860+0000] GC(825) Using 8 workers of 8 for evacuation
[2025-08-01T03:49:26.948+0000] GC(825)   Pre Evacuate Collection Set: 1.2ms
[2025-08-01T03:49:26.949+0000] GC(825)   Merge Heap Roots: 0.1ms
[2025-08-01T03:49:26.949+0000] GC(825)   Evacuate Collection Set: 85.2ms
[2025-08-01T03:49:26.949+0000] GC(825)   Post Evacuate Collection Set: 1.4ms
[2025-08-01T03:49:26.949+0000] GC(825)   Other: 0.1ms
[2025-08-01T03:49:26.949+0000] GC(825) Eden regions: 192->0(130)
[2025-08-01T03:49:26.949+0000] GC(825) Survivor regions: 40->29(29)
[2025-08-01T03:49:26.949+0000] GC(825) Old regions: 1396->1601
[2025-08-01T03:49:26.949+0000] GC(825) Humongous regions: 0->0
[2025-08-01T03:49:26.949+0000] GC(825) Metaspace: 10593K(10816K)->10593K(10816K) NonClass: 9335K(9472K)->9335K(9472K) Class: 1258K(1344K)->1258K(1344K)
[2025-08-01T03:49:26.949+0000] GC(825) Pause Young (Prepare Mixed) (G1 Evacuation Pause) 3255M->3259M(4096M) 88.345ms
[2025-08-01T03:49:26.949+0000] GC(825) User=0.64s Sys=0.02s Real=0.09s
[2025-08-01T03:49:27.020+0000] GC(826) Pause Young (Mixed) (G1 Evacuation Pause)
[2025-08-01T03:49:27.020+0000] GC(826) Using 8 workers of 8 for evacuation
[2025-08-01T03:49:27.068+0000] GC(826)   Pre Evacuate Collection Set: 0.5ms
[2025-08-01T03:49:27.068+0000] GC(826)   Merge Heap Roots: 0.5ms
[2025-08-01T03:49:27.068+0000] GC(826)   Evacuate Collection Set: 46.0ms
[2025-08-01T03:49:27.068+0000] GC(826)   Post Evacuate Collection Set: 0.8ms
[2025-08-01T03:49:27.068+0000] GC(826)   Other: 0.1ms
[2025-08-01T03:49:27.068+0000] GC(826) Eden regions: 130->0(111)
[2025-08-01T03:49:27.068+0000] GC(826) Survivor regions: 29->20(20)
[2025-08-01T03:49:27.068+0000] GC(826) Old regions: 1601->1677
[2025-08-01T03:49:27.068+0000] GC(826) Humongous regions: 0->0
[2025-08-01T03:49:27.068+0000] GC(826) Metaspace: 10593K(10816K)->10593K(10816K) NonClass: 9335K(9472K)->9335K(9472K) Class: 1258K(1344K)->1258K(1344K)
[2025-08-01T03:49:27.068+0000] GC(826) Pause Young (Mixed) (G1 Evacuation Pause) 3519M->3392M(4096M) 48.259ms
[2025-08-01T03:49:27.068+0000] GC(826) User=0.33s Sys=0.02s Real=0.05s
[2025-08-01T03:49:27.129+0000] GC(827) Pause Young (Concurrent Start) (G1 Evacuation Pause)
[2025-08-01T03:49:27.129+0000] GC(827) Using 8 workers of 8 for evacuation
[2025-08-01T03:49:27.190+0000] GC(827)   Pre Evacuate Collection Set: 0.9ms
[2025-08-01T03:49:27.190+0000] GC(827)   Merge Heap Roots: 0.1ms
[2025-08-01T03:49:27.190+0000] GC(827)   Evacuate Collection Set: 58.1ms
[2025-08-01T03:49:27.190+0000] GC(827)   Post Evacuate Collection Set: 1.1ms
[2025-08-01T03:49:27.190+0000] GC(827)   Other: 0.2ms
[2025-08-01T03:49:27.190+0000] GC(827) Eden regions: 111->0(85)
[2025-08-01T03:49:27.190+0000] GC(827) Survivor regions: 20->17(17)
[2025-08-01T03:49:27.190+0000] GC(827) Old regions: 1677->1774
[2025-08-01T03:49:27.190+0000] GC(827) Humongous regions: 0->0
[2025-08-01T03:49:27.190+0000] GC(827) Metaspace: 10593K(10816K)->10593K(10816K) NonClass: 9335K(9472K)->9335K(9472K) Class: 1258K(1344K)->1258K(1344K)
[2025-08-01T03:49:27.190+0000] GC(827) Pause Young (Concurrent Start) (G1 Evacuation Pause) 3614M->3581M(4096M) 60.779ms
[2025-08-01T03:49:27.190+0000] GC(827) User=0.44s Sys=0.02s Real=0.06s
[2025-08-01T03:49:27.190+0000] GC(828) Concurrent Mark Cycle
[2025-08-01T03:49:27.190+0000] GC(828) Concurrent Scan Root Regions
[2025-08-01T03:49:27.218+0000] GC(829) Pause Young (Normal) (G1 Evacuation Pause)
[2025-08-01T03:49:27.219+0000] GC(829) Using 8 workers of 8 for evacuation
[2025-08-01T03:49:27.227+0000] GC(828) Concurrent Scan Root Regions 37.248ms
[2025-08-01T03:49:27.227+0000] GC(828) Concurrent Mark
[2025-08-01T03:49:27.227+0000] GC(828) Concurrent Mark From Roots
[2025-08-01T03:49:27.228+0000] GC(828) Using 2 workers of 2 for marking
[2025-08-01T03:49:27.288+0000] GC(829)   Pre Evacuate Collection Set: 1.2ms
[2025-08-01T03:49:27.288+0000] GC(829)   Merge Heap Roots: 0.2ms
[2025-08-01T03:49:27.289+0000] GC(829)   Evacuate Collection Set: 57.6ms
[2025-08-01T03:49:27.289+0000] GC(829)   Post Evacuate Collection Set: 1.7ms
[2025-08-01T03:49:27.289+0000] GC(829)   Other: 0.2ms
[2025-08-01T03:49:27.289+0000] GC(829) Eden regions: 85->0(89)
[2025-08-01T03:49:27.289+0000] GC(829) Survivor regions: 17->13(13)
[2025-08-01T03:49:27.289+0000] GC(829) Old regions: 1774->1865
[2025-08-01T03:49:27.289+0000] GC(829) Humongous regions: 0->0
[2025-08-01T03:49:27.289+0000] GC(829) Metaspace: 10593K(10816K)->10593K(10816K) NonClass: 9335K(9472K)->9335K(9472K) Class: 1258K(1344K)->1258K(1344K)
[2025-08-01T03:49:27.289+0000] GC(829) Pause Young (Normal) (G1 Evacuation Pause) 3751M->3755M(4096M) 70.279ms
[2025-08-01T03:49:27.289+0000] GC(829) User=0.45s Sys=0.01s Real=0.07s
[2025-08-01T03:49:27.312+0000] GC(830) Pause Young (Normal) (G1 Evacuation Pause)
[2025-08-01T03:49:27.312+0000] GC(830) Using 8 workers of 8 for evacuation
[2025-08-01T03:49:27.342+0000] GC(830)   Pre Evacuate Collection Set: 0.5ms
[2025-08-01T03:49:27.343+0000] GC(830)   Merge Heap Roots: 0.1ms
[2025-08-01T03:49:27.343+0000] GC(830)   Evacuate Collection Set: 26.8ms
[2025-08-01T03:49:27.343+0000] GC(830)   Post Evacuate Collection Set: 3.1ms
[2025-08-01T03:49:27.343+0000] GC(830)   Other: 0.1ms
[2025-08-01T03:49:27.343+0000] GC(830) Eden regions: 89->0(48)
[2025-08-01T03:49:27.343+0000] GC(830) Survivor regions: 13->13(13)
[2025-08-01T03:49:27.343+0000] GC(830) Old regions: 1865->1974
[2025-08-01T03:49:27.343+0000] GC(830) Humongous regions: 0->0
[2025-08-01T03:49:27.343+0000] GC(830) Metaspace: 10593K(10816K)->10593K(10816K) NonClass: 9335K(9472K)->9335K(9472K) Class: 1258K(1344K)->1258K(1344K)
[2025-08-01T03:49:27.343+0000] GC(830) Pause Young (Normal) (G1 Evacuation Pause) (Evacuation Failure) 3933M->3973M(4096M) 30.910ms
[2025-08-01T03:49:27.343+0000] GC(830) User=0.22s Sys=0.00s Real=0.03s
[2025-08-01T03:49:27.367+0000] GC(831) Pause Young (Normal) (G1 Evacuation Pause)
[2025-08-01T03:49:27.367+0000] GC(831) Using 8 workers of 8 for evacuation
[2025-08-01T03:49:27.383+0000] GC(831)   Pre Evacuate Collection Set: 0.8ms
[2025-08-01T03:49:27.383+0000] GC(831)   Merge Heap Roots: 0.1ms
[2025-08-01T03:49:27.383+0000] GC(831)   Evacuate Collection Set: 11.1ms
[2025-08-01T03:49:27.383+0000] GC(831)   Post Evacuate Collection Set: 4.1ms
[2025-08-01T03:49:27.383+0000] GC(831)   Other: 0.1ms
[2025-08-01T03:49:27.383+0000] GC(831) Eden regions: 48->0(2)
[2025-08-01T03:49:27.383+0000] GC(831) Survivor regions: 13->8(8)
[2025-08-01T03:49:27.383+0000] GC(831) Old regions: 1974->2030
[2025-08-01T03:49:27.383+0000] GC(831) Humongous regions: 0->0
[2025-08-01T03:49:27.383+0000] GC(831) Metaspace: 10593K(10816K)->10593K(10816K) NonClass: 9335K(9472K)->9335K(9472K) Class: 1258K(1344K)->1258K(1344K)
[2025-08-01T03:49:27.383+0000] GC(831) Pause Young (Normal) (G1 Evacuation Pause) (Evacuation Failure) 4069M->4075M(4096M) 16.391ms
[2025-08-01T03:49:27.383+0000] GC(831) User=0.10s Sys=0.00s Real=0.02s
[2025-08-01T03:49:27.385+0000] GC(832) Pause Young (Normal) (G1 Evacuation Pause)
[2025-08-01T03:49:27.385+0000] GC(832) Using 8 workers of 8 for evacuation
[2025-08-01T03:49:27.390+0000] GC(832)   Pre Evacuate Collection Set: 0.7ms
[2025-08-01T03:49:27.390+0000] GC(832)   Merge Heap Roots: 0.3ms
[2025-08-01T03:49:27.390+0000] GC(832)   Evacuate Collection Set: 3.3ms
[2025-08-01T03:49:27.390+0000] GC(832)   Post Evacuate Collection Set: 0.8ms
[2025-08-01T03:49:27.390+0000] GC(832)   Other: 0.1ms
[2025-08-01T03:49:27.390+0000] GC(832) Eden regions: 2->0(0)
[2025-08-01T03:49:27.390+0000] GC(832) Survivor regions: 8->2(2)
[2025-08-01T03:49:27.390+0000] GC(832) Old regions: 2030->2044
[2025-08-01T03:49:27.390+0000] GC(832) Humongous regions: 0->0
[2025-08-01T03:49:27.390+0000] GC(832) Metaspace: 10593K(10816K)->10593K(10816K) NonClass: 9335K(9472K)->9335K(9472K) Class: 1258K(1344K)->1258K(1344K)
[2025-08-01T03:49:27.390+0000] GC(832) Pause Young (Normal) (G1 Evacuation Pause) (Evacuation Failure) 4079M->4091M(4096M) 5.579ms
[2025-08-01T03:49:27.390+0000] GC(832) User=0.03s Sys=0.01s Real=0.00s
[2025-08-01T03:49:27.390+0000] Attempting full compaction
[2025-08-01T03:49:27.390+0000] GC(833) Pause Full (G1 Compaction Pause)
[2025-08-01T03:49:27.390+0000] GC(833) Using 8 workers of 8 for full compaction
[2025-08-01T03:49:27.396+0000] GC(833) Phase 1: Mark live objects
[2025-08-01T03:49:27.432+0000] GC(833) Phase 1: Mark live objects 35.716ms
[2025-08-01T03:49:27.432+0000] GC(833) Phase 2: Prepare compaction
[2025-08-01T03:49:27.454+0000] GC(833) Phase 2: Prepare compaction 21.391ms
[2025-08-01T03:49:27.454+0000] GC(833) Phase 3: Adjust pointers
[2025-08-01T03:49:27.486+0000] GC(833) Phase 3: Adjust pointers 32.074ms
[2025-08-01T03:49:27.486+0000] GC(833) Phase 4: Compact heap
[2025-08-01T03:49:27.537+0000] GC(833) Phase 4: Compact heap 50.701ms
[2025-08-01T03:49:27.537+0000] GC(833) Phase 5: Reset Metadata
[2025-08-01T03:49:27.553+0000] GC(833) Phase 5: Reset Metadata 16.413ms
[2025-08-01T03:49:27.560+0000] GC(833) Eden regions: 0->0(449)
[2025-08-01T03:49:27.561+0000] GC(833) Survivor regions: 2->0(2)
[2025-08-01T03:49:27.561+0000] GC(833) Old regions: 2044->292
[2025-08-01T03:49:27.561+0000] GC(833) Humongous regions: 0->0
[2025-08-01T03:49:27.561+0000] GC(833) Metaspace: 10593K(10816K)->10593K(10816K) NonClass: 9335K(9472K)->9335K(9472K) Class: 1258K(1344K)->1258K(1344K)
[2025-08-01T03:49:27.561+0000] GC(833) Pause Full (G1 Compaction Pause) 4091M->577M(4096M) 170.193ms
[2025-08-01T03:49:27.561+0000] GC(833) User=1.11s Sys=0.02s Real=0.17s
[2025-08-01T03:49:27.561+0000] GC(828) Concurrent Mark From Roots 333.618ms
[2025-08-01T03:49:27.561+0000] GC(828) Concurrent Mark Abort
[2025-08-01T03:49:27.561+0000] GC(828) Concurrent Mark Cycle 371.095ms
[2025-08-01T03:49:27.748+0000] GC(834) Pause Young (Normal) (G1 Evacuation Pause)
[2025-08-01T03:49:27.748+0000] GC(834) Using 8 workers of 8 for evacuation
[2025-08-01T03:49:27.934+0000] GC(834)   Pre Evacuate Collection Set: 1.1ms
[2025-08-01T03:49:27.934+0000] GC(834)   Merge Heap Roots: 0.1ms
[2025-08-01T03:49:27.934+0000] GC(834)   Evacuate Collection Set: 183.7ms
[2025-08-01T03:49:27.934+0000] GC(834)   Post Evacuate Collection Set: 1.0ms
[2025-08-01T03:49:27.934+0000] GC(834)   Other: 0.1ms
[2025-08-01T03:49:27.934+0000] GC(834) Eden regions: 448->0(428)
[2025-08-01T03:49:27.934+0000] GC(834) Survivor regions: 0->56(56)
[2025-08-01T03:49:27.934+0000] GC(834) Old regions: 292->669
[2025-08-01T03:49:27.934+0000] GC(834) Humongous regions: 0->0
[2025-08-01T03:49:27.934+0000] GC(834) Metaspace: 10593K(10816K)->10593K(10816K) NonClass: 9335K(9472K)->9335K(9472K) Class: 1258K(1344K)->1258K(1344K)
[2025-08-01T03:49:27.935+0000] GC(834) Pause Young (Normal) (G1 Evacuation Pause) 1473M->1442M(4096M) 186.416ms
[2025-08-01T03:49:27.935+0000] GC(834) User=1.35s Sys=0.06s Real=0.19s
[2025-08-01T03:49:28.138+0000] GC(835) Pause Young (Concurrent Start) (G1 Evacuation Pause)
[2025-08-01T03:49:28.138+0000] GC(835) Using 8 workers of 8 for evacuation
[2025-08-01T03:49:28.288+0000] GC(835)   Pre Evacuate Collection Set: 1.3ms
[2025-08-01T03:49:28.288+0000] GC(835)   Merge Heap Roots: 0.3ms
[2025-08-01T03:49:28.288+0000] GC(835)   Evacuate Collection Set: 145.5ms
[2025-08-01T03:49:28.288+0000] GC(835)   Post Evacuate Collection Set: 2.0ms
[2025-08-01T03:49:28.288+0000] GC(835)   Other: 0.6ms
[2025-08-01T03:49:28.288+0000] GC(835) Eden regions: 428->0(388)
[2025-08-01T03:49:28.288+0000] GC(835) Survivor regions: 56->61(61)
[2025-08-01T03:49:28.288+0000] GC(835) Old regions: 669->839
[2025-08-01T03:49:28.288+0000] GC(835) Humongous regions: 0->0
[2025-08-01T03:49:28.288+0000] GC(835) Metaspace: 10593K(10816K)->10593K(10816K) NonClass: 9335K(9472K)->9335K(9472K) Class: 1258K(1344K)->1258K(1344K)
[2025-08-01T03:49:28.288+0000] GC(835) Pause Young (Concurrent Start) (G1 Evacuation Pause) 2298M->1792M(4096M) 150.059ms
[2025-08-01T03:49:28.288+0000] GC(835) User=1.12s Sys=0.04s Real=0.15s
[2025-08-01T03:49:28.288+0000] GC(836) Concurrent Mark Cycle
[2025-08-01T03:49:28.288+0000] GC(836) Concurrent Scan Root Regions
[2025-08-01T03:49:28.343+0000] GC(836) Concurrent Scan Root Regions 55.141ms
[2025-08-01T03:49:28.343+0000] GC(836) Concurrent Mark
[2025-08-01T03:49:28.343+0000] GC(836) Concurrent Mark From Roots
[2025-08-01T03:49:28.343+0000] GC(836) Using 2 workers of 2 for marking
[2025-08-01T03:49:28.358+0000] GC(836) Concurrent Mark From Roots 14.410ms
[2025-08-01T03:49:28.358+0000] GC(836) Concurrent Preclean
[2025-08-01T03:49:28.358+0000] GC(836) Concurrent Preclean 0.029ms
[2025-08-01T03:49:28.358+0000] GC(836) Pause Remark
[2025-08-01T03:49:28.362+0000] GC(836) Pause Remark 2150M->892M(4096M) 3.939ms
[2025-08-01T03:49:28.362+0000] GC(836) User=0.01s Sys=0.00s Real=0.00s
[2025-08-01T03:49:28.362+0000] GC(836) Concurrent Mark 18.925ms
[2025-08-01T03:49:28.362+0000] GC(836) Concurrent Rebuild Remembered Sets and Scrub Regions
[2025-08-01T03:49:28.413+0000] GC(836) Concurrent Rebuild Remembered Sets and Scrub Regions 50.381ms
[2025-08-01T03:49:28.413+0000] GC(836) Pause Cleanup
[2025-08-01T03:49:28.413+0000] GC(836) Pause Cleanup 1253M->1253M(4096M) 0.465ms
[2025-08-01T03:49:28.413+0000] GC(836) User=0.00s Sys=0.00s Real=0.00s
[2025-08-01T03:49:28.413+0000] GC(836) Concurrent Clear Claimed Marks
[2025-08-01T03:49:28.413+0000] GC(836) Concurrent Clear Claimed Marks 0.029ms
[2025-08-01T03:49:28.413+0000] GC(836) Concurrent Cleanup for Next Mark
[2025-08-01T03:49:28.422+0000] GC(836) Concurrent Cleanup for Next Mark 8.763ms
[2025-08-01T03:49:28.422+0000] GC(836) Concurrent Mark Cycle 134.358ms
[2025-08-01T03:49:28.462+0000] GC(837) Pause Young (Prepare Mixed) (G1 Evacuation Pause)
[2025-08-01T03:49:28.462+0000] GC(837) Using 8 workers of 8 for evacuation
[2025-08-01T03:49:28.708+0000] GC(837) MMU target violated: 201.0ms (200.0ms/201.0ms)
[2025-08-01T03:49:28.709+0000] GC(837)   Pre Evacuate Collection Set: 1.0ms
[2025-08-01T03:49:28.709+0000] GC(837)   Merge Heap Roots: 0.4ms
[2025-08-01T03:49:28.709+0000] GC(837)   Evacuate Collection Set: 243.6ms
[2025-08-01T03:49:28.709+0000] GC(837)   Post Evacuate Collection Set: 1.3ms
[2025-08-01T03:49:28.709+0000] GC(837)   Other: 0.2ms
[2025-08-01T03:49:28.709+0000] GC(837) Eden regions: 388->0(381)
[2025-08-01T03:49:28.709+0000] GC(837) Survivor regions: 61->57(57)
[2025-08-01T03:49:28.709+0000] GC(837) Old regions: 207->600
[2025-08-01T03:49:28.709+0000] GC(837) Humongous regions: 0->0
[2025-08-01T03:49:28.709+0000] GC(837) Metaspace: 10593K(10816K)->10593K(10816K) NonClass: 9335K(9472K)->9335K(9472K) Class: 1258K(1344K)->1258K(1344K)
[2025-08-01T03:49:28.709+0000] GC(837) Pause Young (Prepare Mixed) (G1 Evacuation Pause) 1310M->1312M(4096M) 247.140ms
[2025-08-01T03:49:28.709+0000] GC(837) User=1.86s Sys=0.07s Real=0.25s
[2025-08-01T03:49:28.876+0000] GC(838) Pause Young (Mixed) (G1 Evacuation Pause)
[2025-08-01T03:49:28.876+0000] GC(838) Using 8 workers of 8 for evacuation
[2025-08-01T03:49:29.076+0000] GC(838)   Pre Evacuate Collection Set: 1.6ms
[2025-08-01T03:49:29.077+0000] GC(838)   Merge Heap Roots: 0.5ms
[2025-08-01T03:49:29.077+0000] GC(838)   Evacuate Collection Set: 196.2ms
[2025-08-01T03:49:29.077+0000] GC(838)   Post Evacuate Collection Set: 1.7ms
[2025-08-01T03:49:29.077+0000] GC(838)   Other: 0.2ms
[2025-08-01T03:49:29.077+0000] GC(838) Eden regions: 379->0(361)
[2025-08-01T03:49:29.077+0000] GC(838) Survivor regions: 57->55(55)
[2025-08-01T03:49:29.077+0000] GC(838) Old regions: 600->776
[2025-08-01T03:49:29.077+0000] GC(838) Humongous regions: 0->0
[2025-08-01T03:49:29.077+0000] GC(838) Metaspace: 10593K(10816K)->10593K(10816K) NonClass: 9335K(9472K)->9335K(9472K) Class: 1258K(1344K)->1258K(1344K)
[2025-08-01T03:49:29.077+0000] GC(838) Pause Young (Mixed) (G1 Evacuation Pause) 2070M->1660M(4096M) 200.808ms
[2025-08-01T03:49:29.077+0000] GC(838) User=1.32s Sys=0.09s Real=0.20s
[2025-08-01T03:49:29.240+0000] GC(839) Pause Young (Concurrent Start) (G1 Evacuation Pause)
[2025-08-01T03:49:29.240+0000] GC(839) Using 8 workers of 8 for evacuation
[2025-08-01T03:49:29.417+0000] GC(839)   Pre Evacuate Collection Set: 1.8ms
[2025-08-01T03:49:29.418+0000] GC(839)   Merge Heap Roots: 0.3ms
[2025-08-01T03:49:29.418+0000] GC(839)   Evacuate Collection Set: 173.9ms
[2025-08-01T03:49:29.418+0000] GC(839)   Post Evacuate Collection Set: 1.1ms
[2025-08-01T03:49:29.418+0000] GC(839)   Other: 0.5ms
[2025-08-01T03:49:29.418+0000] GC(839) Eden regions: 360->0(283)
[2025-08-01T03:49:29.418+0000] GC(839) Survivor regions: 55->52(52)
[2025-08-01T03:49:29.418+0000] GC(839) Old regions: 776->1110
[2025-08-01T03:49:29.418+0000] GC(839) Humongous regions: 0->0
[2025-08-01T03:49:29.418+0000] GC(839) Metaspace: 10593K(10816K)->10593K(10816K) NonClass: 9335K(9472K)->9335K(9472K) Class: 1258K(1344K)->1258K(1344K)
[2025-08-01T03:49:29.418+0000] GC(839) Pause Young (Concurrent Start) (G1 Evacuation Pause) 2380M->2322M(4096M) 177.998ms
[2025-08-01T03:49:29.418+0000] GC(839) User=1.35s Sys=0.04s Real=0.18s
[2025-08-01T03:49:29.418+0000] GC(840) Concurrent Mark Cycle
[2025-08-01T03:49:29.418+0000] GC(840) Concurrent Scan Root Regions
[2025-08-01T03:49:29.496+0000] GC(840) Concurrent Scan Root Regions 78.596ms
[2025-08-01T03:49:29.497+0000] GC(840) Concurrent Mark
[2025-08-01T03:49:29.497+0000] GC(840) Concurrent Mark From Roots
[2025-08-01T03:49:29.497+0000] GC(840) Using 2 workers of 2 for marking
[2025-08-01T03:49:29.517+0000] GC(841) Pause Young (Normal) (G1 Evacuation Pause)
[2025-08-01T03:49:29.517+0000] GC(841) Using 8 workers of 8 for evacuation
[2025-08-01T03:49:29.633+0000] GC(841)   Pre Evacuate Collection Set: 0.7ms
[2025-08-01T03:49:29.633+0000] GC(841)   Merge Heap Roots: 0.2ms
[2025-08-01T03:49:29.633+0000] GC(841)   Evacuate Collection Set: 113.1ms
[2025-08-01T03:49:29.633+0000] GC(841)   Post Evacuate Collection Set: 2.0ms
[2025-08-01T03:49:29.633+0000] GC(841)   Other: 0.1ms
[2025-08-01T03:49:29.633+0000] GC(841) Eden regions: 283->0(187)
[2025-08-01T03:49:29.633+0000] GC(841) Survivor regions: 52->42(42)
[2025-08-01T03:49:29.633+0000] GC(841) Old regions: 1110->1404
[2025-08-01T03:49:29.633+0000] GC(841) Humongous regions: 0->0
[2025-08-01T03:49:29.633+0000] GC(841) Metaspace: 10593K(10816K)->10593K(10816K) NonClass: 9335K(9472K)->9335K(9472K) Class: 1258K(1344K)->1258K(1344K)
[2025-08-01T03:49:29.633+0000] GC(841) Pause Young (Normal) (G1 Evacuation Pause) 2888M->2891M(4096M) 116.435ms
[2025-08-01T03:49:29.633+0000] GC(841) User=0.86s Sys=0.02s Real=0.11s
[2025-08-01T03:49:29.659+0000] GC(840) Concurrent Mark From Roots 162.908ms
[2025-08-01T03:49:29.660+0000] GC(840) Concurrent Preclean
[2025-08-01T03:49:29.660+0000] GC(840) Concurrent Preclean 0.028ms
[2025-08-01T03:49:29.660+0000] GC(840) Pause Remark
[2025-08-01T03:49:29.662+0000] GC(840) Pause Remark 3050M->1790M(4096M) 2.434ms
[2025-08-01T03:49:29.662+0000] GC(840) User=0.01s Sys=0.00s Real=0.00s
[2025-08-01T03:49:29.662+0000] GC(840) Concurrent Mark 165.884ms
[2025-08-01T03:49:29.662+0000] GC(840) Concurrent Rebuild Remembered Sets and Scrub Regions
[2025-08-01T03:49:29.712+0000] GC(842) Pause Young (Normal) (G1 Evacuation Pause)
[2025-08-01T03:49:29.712+0000] GC(842) Using 8 workers of 8 for evacuation
[2025-08-01T03:49:29.745+0000] GC(842)   Pre Evacuate Collection Set: 0.6ms
[2025-08-01T03:49:29.745+0000] GC(842)   Merge Heap Roots: 0.3ms
[2025-08-01T03:49:29.745+0000] GC(842)   Evacuate Collection Set: 30.4ms
[2025-08-01T03:49:29.745+0000] GC(842)   Post Evacuate Collection Set: 1.4ms
[2025-08-01T03:49:29.745+0000] GC(842)   Other: 0.1ms
[2025-08-01T03:49:29.745+0000] GC(842) Eden regions: 187->0(386)
[2025-08-01T03:49:29.745+0000] GC(842) Survivor regions: 42->29(29)
[2025-08-01T03:49:29.745+0000] GC(842) Old regions: 774->856
[2025-08-01T03:49:29.745+0000] GC(842) Humongous regions: 0->0
[2025-08-01T03:49:29.745+0000] GC(842) Metaspace: 10593K(10816K)->10593K(10816K) NonClass: 9335K(9472K)->9335K(9472K) Class: 1258K(1344K)->1258K(1344K)
[2025-08-01T03:49:29.745+0000] GC(842) Pause Young (Normal) (G1 Evacuation Pause) 2005M->1769M(4096M) 33.102ms
[2025-08-01T03:49:29.745+0000] GC(842) User=0.25s Sys=0.00s Real=0.04s
[2025-08-01T03:49:29.869+0000] GC(840) Concurrent Rebuild Remembered Sets and Scrub Regions 206.668ms
[2025-08-01T03:49:29.869+0000] GC(840) Pause Cleanup
[2025-08-01T03:49:29.870+0000] GC(840) Pause Cleanup 2367M->2367M(4096M) 1.050ms
[2025-08-01T03:49:29.870+0000] GC(840) User=0.01s Sys=0.00s Real=0.00s
[2025-08-01T03:49:29.871+0000] GC(840) Concurrent Clear Claimed Marks
[2025-08-01T03:49:29.871+0000] GC(840) Concurrent Clear Claimed Marks 0.039ms
[2025-08-01T03:49:29.871+0000] GC(840) Concurrent Cleanup for Next Mark
[2025-08-01T03:49:29.880+0000] GC(840) Concurrent Cleanup for Next Mark 9.219ms
[2025-08-01T03:49:29.880+0000] GC(840) Concurrent Mark Cycle 462.208ms
[2025-08-01T03:49:29.904+0000] GC(843) Pause Young (Prepare Mixed) (G1 Evacuation Pause)
[2025-08-01T03:49:29.904+0000] GC(843) Using 8 workers of 8 for evacuation
[2025-08-01T03:49:30.029+0000] GC(843)   Pre Evacuate Collection Set: 1.0ms
[2025-08-01T03:49:30.029+0000] GC(843)   Merge Heap Roots: 0.2ms
[2025-08-01T03:49:30.029+0000] GC(843)   Evacuate Collection Set: 122.8ms
[2025-08-01T03:49:30.029+0000] GC(843)   Post Evacuate Collection Set: 1.1ms
[2025-08-01T03:49:30.029+0000] GC(843)   Other: 0.1ms
[2025-08-01T03:49:30.029+0000] GC(843) Eden regions: 386->0(260)
[2025-08-01T03:49:30.029+0000] GC(843) Survivor regions: 29->52(52)
[2025-08-01T03:49:30.029+0000] GC(843) Old regions: 856->1170
[2025-08-01T03:49:30.029+0000] GC(843) Humongous regions: 0->0
[2025-08-01T03:49:30.029+0000] GC(843) Metaspace: 10593K(10816K)->10593K(10816K) NonClass: 9335K(9472K)->9335K(9472K) Class: 1258K(1344K)->1258K(1344K)
[2025-08-01T03:49:30.030+0000] GC(843) Pause Young (Prepare Mixed) (G1 Evacuation Pause) 2541M->2443M(4096M) 125.721ms
[2025-08-01T03:49:30.030+0000] GC(843) User=0.95s Sys=0.02s Real=0.12s
[2025-08-01T03:49:30.120+0000] GC(844) Pause Young (Mixed) (G1 Evacuation Pause)
[2025-08-01T03:49:30.121+0000] GC(844) Using 8 workers of 8 for evacuation
[2025-08-01T03:49:30.220+0000] GC(844)   Pre Evacuate Collection Set: 0.6ms
[2025-08-01T03:49:30.221+0000] GC(844)   Merge Heap Roots: 0.2ms
[2025-08-01T03:49:30.221+0000] GC(844)   Evacuate Collection Set: 98.2ms
[2025-08-01T03:49:30.221+0000] GC(844)   Post Evacuate Collection Set: 0.8ms
[2025-08-01T03:49:30.221+0000] GC(844)   Other: 0.1ms
[2025-08-01T03:49:30.221+0000] GC(844) Eden regions: 260->0(180)
[2025-08-01T03:49:30.221+0000] GC(844) Survivor regions: 52->39(39)
[2025-08-01T03:49:30.221+0000] GC(844) Old regions: 1170->1430
[2025-08-01T03:49:30.221+0000] GC(844) Humongous regions: 0->0
[2025-08-01T03:49:30.221+0000] GC(844) Metaspace: 10593K(10816K)->10593K(10816K) NonClass: 9335K(9472K)->9335K(9472K) Class: 1258K(1344K)->1258K(1344K)
[2025-08-01T03:49:30.221+0000] GC(844) Pause Young (Mixed) (G1 Evacuation Pause) 2963M->2937M(4096M) 100.161ms
[2025-08-01T03:49:30.221+0000] GC(844) User=0.78s Sys=0.01s Real=0.10s
[2025-08-01T03:49:30.297+0000] GC(845) Pause Young (Concurrent Start) (G1 Evacuation Pause)
[2025-08-01T03:49:30.297+0000] GC(845) Using 8 workers of 8 for evacuation
[2025-08-01T03:49:30.375+0000] GC(845)   Pre Evacuate Collection Set: 0.9ms
[2025-08-01T03:49:30.375+0000] GC(845)   Merge Heap Roots: 0.2ms
[2025-08-01T03:49:30.375+0000] GC(845)   Evacuate Collection Set: 75.5ms
[2025-08-01T03:49:30.375+0000] GC(845)   Post Evacuate Collection Set: 1.1ms
[2025-08-01T03:49:30.375+0000] GC(845)   Other: 0.3ms
[2025-08-01T03:49:30.375+0000] GC(845) Eden regions: 180->0(140)
[2025-08-01T03:49:30.376+0000] GC(845) Survivor regions: 39->28(28)
[2025-08-01T03:49:30.376+0000] GC(845) Old regions: 1430->1573
[2025-08-01T03:49:30.376+0000] GC(845) Humongous regions: 0->0
[2025-08-01T03:49:30.376+0000] GC(845) Metaspace: 10593K(10816K)->10593K(10816K) NonClass: 9335K(9472K)->9335K(9472K) Class: 1258K(1344K)->1258K(1344K)
[2025-08-01T03:49:30.376+0000] GC(845) Pause Young (Concurrent Start) (G1 Evacuation Pause) 3297M->3201M(4096M) 78.235ms
[2025-08-01T03:49:30.376+0000] GC(845) User=0.57s Sys=0.02s Real=0.08s
[2025-08-01T03:49:30.376+0000] GC(846) Concurrent Mark Cycle
[2025-08-01T03:49:30.376+0000] GC(846) Concurrent Scan Root Regions
[2025-08-01T03:49:30.408+0000] GC(846) Concurrent Scan Root Regions 31.688ms
[2025-08-01T03:49:30.408+0000] GC(846) Concurrent Mark
[2025-08-01T03:49:30.408+0000] GC(846) Concurrent Mark From Roots
[2025-08-01T03:49:30.408+0000] GC(846) Using 2 workers of 2 for marking
[2025-08-01T03:49:30.452+0000] GC(847) Pause Young (Normal) (G1 Evacuation Pause)
[2025-08-01T03:49:30.452+0000] GC(847) Using 8 workers of 8 for evacuation
[2025-08-01T03:49:30.497+0000] GC(847)   Pre Evacuate Collection Set: 1.2ms
[2025-08-01T03:49:30.497+0000] GC(847)   Merge Heap Roots: 0.1ms
[2025-08-01T03:49:30.497+0000] GC(847)   Evacuate Collection Set: 42.4ms
[2025-08-01T03:49:30.497+0000] GC(847)   Post Evacuate Collection Set: 1.0ms
[2025-08-01T03:49:30.497+0000] GC(847)   Other: 0.1ms
[2025-08-01T03:49:30.497+0000] GC(847) Eden regions: 140->0(108)
[2025-08-01T03:49:30.497+0000] GC(847) Survivor regions: 28->21(21)
[2025-08-01T03:49:30.497+0000] GC(847) Old regions: 1573->1682
[2025-08-01T03:49:30.497+0000] GC(847) Humongous regions: 0->0
[2025-08-01T03:49:30.497+0000] GC(847) Metaspace: 10593K(10816K)->10593K(10816K) NonClass: 9335K(9472K)->9335K(9472K) Class: 1258K(1344K)->1258K(1344K)
[2025-08-01T03:49:30.497+0000] GC(847) Pause Young (Normal) (G1 Evacuation Pause) 3481M->3405M(4096M) 45.128ms
[2025-08-01T03:49:30.497+0000] GC(847) User=0.33s Sys=0.01s Real=0.05s
[2025-08-01T03:49:30.562+0000] GC(848) Pause Young (Normal) (G1 Evacuation Pause)
[2025-08-01T03:49:30.562+0000] GC(848) Using 8 workers of 8 for evacuation
[2025-08-01T03:49:30.598+0000] GC(848)   Pre Evacuate Collection Set: 0.7ms
[2025-08-01T03:49:30.598+0000] GC(848)   Merge Heap Roots: 0.2ms
[2025-08-01T03:49:30.598+0000] GC(848)   Evacuate Collection Set: 33.7ms
[2025-08-01T03:49:30.598+0000] GC(848)   Post Evacuate Collection Set: 0.9ms
[2025-08-01T03:49:30.598+0000] GC(848)   Other: 0.1ms
[2025-08-01T03:49:30.598+0000] GC(848) Eden regions: 108->0(85)
[2025-08-01T03:49:30.598+0000] GC(848) Survivor regions: 21->17(17)
[2025-08-01T03:49:30.598+0000] GC(848) Old regions: 1682->1782
[2025-08-01T03:49:30.598+0000] GC(848) Humongous regions: 0->0
[2025-08-01T03:49:30.598+0000] GC(848) Metaspace: 10593K(10816K)->10593K(10816K) NonClass: 9335K(9472K)->9335K(9472K) Class: 1258K(1344K)->1258K(1344K)
[2025-08-01T03:49:30.598+0000] GC(848) Pause Young (Normal) (G1 Evacuation Pause) 3621M->3597M(4096M) 35.896ms
[2025-08-01T03:49:30.598+0000] GC(848) User=0.26s Sys=0.00s Real=0.04s
[2025-08-01T03:49:30.614+0000] GC(849) Pause Young (Normal) (G1 Evacuation Pause)
[2025-08-01T03:49:30.614+0000] GC(849) Using 8 workers of 8 for evacuation
[2025-08-01T03:49:30.652+0000] GC(849)   Pre Evacuate Collection Set: 0.7ms
[2025-08-01T03:49:30.652+0000] GC(849)   Merge Heap Roots: 0.1ms
[2025-08-01T03:49:30.652+0000] GC(849)   Evacuate Collection Set: 35.9ms
[2025-08-01T03:49:30.652+0000] GC(849)   Post Evacuate Collection Set: 1.0ms
[2025-08-01T03:49:30.652+0000] GC(849)   Other: 0.1ms
[2025-08-01T03:49:30.652+0000] GC(849) Eden regions: 85->0(89)
[2025-08-01T03:49:30.652+0000] GC(849) Survivor regions: 17->13(13)
[2025-08-01T03:49:30.652+0000] GC(849) Old regions: 1782->1873
[2025-08-01T03:49:30.652+0000] GC(849) Humongous regions: 0->0
[2025-08-01T03:49:30.652+0000] GC(849) Metaspace: 10593K(10816K)->10593K(10816K) NonClass: 9335K(9472K)->9335K(9472K) Class: 1258K(1344K)->1258K(1344K)
[2025-08-01T03:49:30.652+0000] GC(849) Pause Young (Normal) (G1 Evacuation Pause) 3767M->3770M(4096M) 38.111ms
[2025-08-01T03:49:30.653+0000] GC(849) User=0.28s Sys=0.01s Real=0.03s
[2025-08-01T03:49:30.673+0000] GC(850) Pause Young (Normal) (G1 Evacuation Pause)
[2025-08-01T03:49:30.674+0000] GC(850) Using 8 workers of 8 for evacuation
[2025-08-01T03:49:30.706+0000] GC(850)   Pre Evacuate Collection Set: 0.7ms
[2025-08-01T03:49:30.706+0000] GC(850)   Merge Heap Roots: 0.2ms
[2025-08-01T03:49:30.706+0000] GC(850)   Evacuate Collection Set: 26.6ms
[2025-08-01T03:49:30.706+0000] GC(850)   Post Evacuate Collection Set: 4.4ms
[2025-08-01T03:49:30.706+0000] GC(850)   Other: 0.1ms
[2025-08-01T03:49:30.706+0000] GC(850) Eden regions: 89->0(27)
[2025-08-01T03:49:30.706+0000] GC(850) Survivor regions: 13->13(13)
[2025-08-01T03:49:30.706+0000] GC(850) Old regions: 1873->1995
[2025-08-01T03:49:30.706+0000] GC(850) Humongous regions: 0->0
[2025-08-01T03:49:30.706+0000] GC(850) Metaspace: 10593K(10816K)->10593K(10816K) NonClass: 9335K(9472K)->9335K(9472K) Class: 1258K(1344K)->1258K(1344K)
[2025-08-01T03:49:30.706+0000] GC(850) Pause Young (Normal) (G1 Evacuation Pause) (Evacuation Failure) 3948M->4015M(4096M) 32.262ms
[2025-08-01T03:49:30.706+0000] GC(850) User=0.24s Sys=0.00s Real=0.03s
[2025-08-01T03:49:30.723+0000] GC(851) Pause Young (Normal) (G1 Evacuation Pause)
[2025-08-01T03:49:30.723+0000] GC(851) Using 8 workers of 8 for evacuation
[2025-08-01T03:49:30.738+0000] GC(851)   Pre Evacuate Collection Set: 0.9ms
[2025-08-01T03:49:30.739+0000] GC(851)   Merge Heap Roots: 0.2ms
[2025-08-01T03:49:30.739+0000] GC(851)   Evacuate Collection Set: 9.6ms
[2025-08-01T03:49:30.739+0000] GC(851)   Post Evacuate Collection Set: 4.3ms
[2025-08-01T03:49:30.739+0000] GC(851)   Other: 0.1ms
[2025-08-01T03:49:30.739+0000] GC(851) Eden regions: 27->0(0)
[2025-08-01T03:49:30.739+0000] GC(851) Survivor regions: 13->5(5)
[2025-08-01T03:49:30.739+0000] GC(851) Old regions: 1995->2041
[2025-08-01T03:49:30.739+0000] GC(851) Humongous regions: 0->0
[2025-08-01T03:49:30.739+0000] GC(851) Metaspace: 10593K(10816K)->10593K(10816K) NonClass: 9335K(9472K)->9335K(9472K) Class: 1258K(1344K)->1258K(1344K)
[2025-08-01T03:49:30.739+0000] GC(851) Pause Young (Normal) (G1 Evacuation Pause) (Evacuation Failure) 4069M->4091M(4096M) 15.310ms
[2025-08-01T03:49:30.739+0000] GC(851) User=0.10s Sys=0.00s Real=0.01s
[2025-08-01T03:49:30.739+0000] Attempting full compaction
[2025-08-01T03:49:30.739+0000] GC(852) Pause Full (G1 Compaction Pause)
[2025-08-01T03:49:30.739+0000] GC(852) Using 8 workers of 8 for full compaction
[2025-08-01T03:49:30.744+0000] GC(852) Phase 1: Mark live objects
[2025-08-01T03:49:30.785+0000] GC(852) Phase 1: Mark live objects 40.625ms
[2025-08-01T03:49:30.785+0000] GC(852) Phase 2: Prepare compaction
[2025-08-01T03:49:30.796+0000] GC(852) Phase 2: Prepare compaction 10.653ms
[2025-08-01T03:49:30.796+0000] GC(852) Phase 3: Adjust pointers
[2025-08-01T03:49:30.828+0000] GC(852) Phase 3: Adjust pointers 31.730ms
[2025-08-01T03:49:30.828+0000] GC(852) Phase 4: Compact heap
[2025-08-01T03:49:30.861+0000] GC(852) Phase 4: Compact heap 33.628ms
[2025-08-01T03:49:30.862+0000] GC(852) Phase 5: Reset Metadata
[2025-08-01T03:49:30.893+0000] GC(852) Phase 5: Reset Metadata 31.945ms
[2025-08-01T03:49:30.902+0000] GC(852) Eden regions: 0->0(531)
[2025-08-01T03:49:30.902+0000] GC(852) Survivor regions: 5->0(5)
[2025-08-01T03:49:30.902+0000] GC(852) Old regions: 2041->408
[2025-08-01T03:49:30.902+0000] GC(852) Humongous regions: 0->0
[2025-08-01T03:49:30.902+0000] GC(852) Metaspace: 10593K(10816K)->10593K(10816K) NonClass: 9335K(9472K)->9335K(9472K) Class: 1258K(1344K)->1258K(1344K)
[2025-08-01T03:49:30.902+0000] GC(852) Pause Full (G1 Compaction Pause) 4091M->806M(4096M) 162.974ms
[2025-08-01T03:49:30.902+0000] GC(852) User=1.16s Sys=0.01s Real=0.16s
[2025-08-01T03:49:30.902+0000] GC(846) Concurrent Mark From Roots 494.347ms
[2025-08-01T03:49:30.902+0000] GC(846) Concurrent Mark Abort
[2025-08-01T03:49:30.902+0000] GC(846) Concurrent Mark Cycle 526.532ms
[2025-08-01T03:49:31.132+0000] GC(853) Pause Young (Normal) (G1 Evacuation Pause)
[2025-08-01T03:49:31.132+0000] GC(853) Using 8 workers of 8 for evacuation
[2025-08-01T03:49:31.198+0000] GC(853)   Pre Evacuate Collection Set: 0.8ms
[2025-08-01T03:49:31.198+0000] GC(853)   Merge Heap Roots: 0.2ms
[2025-08-01T03:49:31.198+0000] GC(853)   Evacuate Collection Set: 63.0ms
[2025-08-01T03:49:31.198+0000] GC(853)   Post Evacuate Collection Set: 1.1ms
[2025-08-01T03:49:31.198+0000] GC(853)   Other: 0.1ms
[2025-08-01T03:49:31.198+0000] GC(853) Eden regions: 531->0(513)
[2025-08-01T03:49:31.198+0000] GC(853) Survivor regions: 0->67(67)
[2025-08-01T03:49:31.198+0000] GC(853) Old regions: 408->517
[2025-08-01T03:49:31.198+0000] GC(853) Humongous regions: 0->0
[2025-08-01T03:49:31.198+0000] GC(853) Metaspace: 10593K(10816K)->10593K(10816K) NonClass: 9335K(9472K)->9335K(9472K) Class: 1258K(1344K)->1258K(1344K)
[2025-08-01T03:49:31.198+0000] GC(853) Pause Young (Normal) (G1 Evacuation Pause) 1868M->1158M(4096M) 65.619ms
[2025-08-01T03:49:31.198+0000] GC(853) User=0.50s Sys=0.02s Real=0.07s
[2025-08-01T03:49:31.385+0000] GC(854) Pause Young (Concurrent Start) (G1 Evacuation Pause)
[2025-08-01T03:49:31.385+0000] GC(854) Using 8 workers of 8 for evacuation
[2025-08-01T03:49:31.537+0000] GC(854)   Pre Evacuate Collection Set: 1.5ms
[2025-08-01T03:49:31.537+0000] GC(854)   Merge Heap Roots: 0.3ms
[2025-08-01T03:49:31.537+0000] GC(854)   Evacuate Collection Set: 148.9ms
[2025-08-01T03:49:31.537+0000] GC(854)   Post Evacuate Collection Set: 1.1ms
[2025-08-01T03:49:31.537+0000] GC(854)   Other: 0.3ms
[2025-08-01T03:49:31.537+0000] GC(854) Eden regions: 513->0(334)
[2025-08-01T03:49:31.537+0000] GC(854) Survivor regions: 67->73(73)
[2025-08-01T03:49:31.537+0000] GC(854) Old regions: 517->951
[2025-08-01T03:49:31.538+0000] GC(854) Humongous regions: 0->0
[2025-08-01T03:49:31.538+0000] GC(854) Metaspace: 10593K(10816K)->10593K(10816K) NonClass: 9335K(9472K)->9335K(9472K) Class: 1258K(1344K)->1258K(1344K)
[2025-08-01T03:49:31.538+0000] GC(854) Pause Young (Concurrent Start) (G1 Evacuation Pause) 2184M->2038M(4096M) 152.336ms
[2025-08-01T03:49:31.538+0000] GC(854) User=1.19s Sys=0.00s Real=0.15s
[2025-08-01T03:49:31.538+0000] GC(855) Concurrent Mark Cycle
[2025-08-01T03:49:31.538+0000] GC(855) Concurrent Scan Root Regions
[2025-08-01T03:49:31.639+0000] GC(855) Concurrent Scan Root Regions 101.425ms
[2025-08-01T03:49:31.639+0000] GC(855) Concurrent Mark
[2025-08-01T03:49:31.639+0000] GC(855) Concurrent Mark From Roots
[2025-08-01T03:49:31.639+0000] GC(855) Using 2 workers of 2 for marking
[2025-08-01T03:49:31.659+0000] GC(855) Concurrent Mark From Roots 19.242ms
[2025-08-01T03:49:31.659+0000] GC(855) Concurrent Preclean
[2025-08-01T03:49:31.659+0000] GC(855) Concurrent Preclean 0.032ms
[2025-08-01T03:49:31.659+0000] GC(855) Pause Remark
[2025-08-01T03:49:31.662+0000] GC(855) Pause Remark 2446M->1546M(4096M) 3.139ms
[2025-08-01T03:49:31.662+0000] GC(855) User=0.01s Sys=0.00s Real=0.00s
[2025-08-01T03:49:31.662+0000] GC(855) Concurrent Mark 22.837ms
[2025-08-01T03:49:31.662+0000] GC(855) Concurrent Rebuild Remembered Sets and Scrub Regions
[2025-08-01T03:49:31.698+0000] GC(856) Pause Young (Normal) (G1 Evacuation Pause)
[2025-08-01T03:49:31.698+0000] GC(856) Using 8 workers of 8 for evacuation
[2025-08-01T03:49:31.817+0000] GC(856)   Pre Evacuate Collection Set: 1.2ms
[2025-08-01T03:49:31.817+0000] GC(856)   Merge Heap Roots: 0.4ms
[2025-08-01T03:49:31.818+0000] GC(856)   Evacuate Collection Set: 116.4ms
[2025-08-01T03:49:31.818+0000] GC(856)   Post Evacuate Collection Set: 1.3ms
[2025-08-01T03:49:31.818+0000] GC(856)   Other: 0.1ms
[2025-08-01T03:49:31.818+0000] GC(856) Eden regions: 334->0(391)
[2025-08-01T03:49:31.818+0000] GC(856) Survivor regions: 73->51(51)
[2025-08-01T03:49:31.818+0000] GC(856) Old regions: 496->804
[2025-08-01T03:49:31.818+0000] GC(856) Humongous regions: 0->0
[2025-08-01T03:49:31.818+0000] GC(856) Metaspace: 10593K(10816K)->10593K(10816K) NonClass: 9335K(9472K)->9335K(9472K) Class: 1258K(1344K)->1258K(1344K)
[2025-08-01T03:49:31.818+0000] GC(856) Pause Young (Normal) (G1 Evacuation Pause) 1805M->1708M(4096M) 119.701ms
[2025-08-01T03:49:31.818+0000] GC(856) User=0.93s Sys=0.00s Real=0.12s
[2025-08-01T03:49:31.906+0000] GC(855) Concurrent Rebuild Remembered Sets and Scrub Regions 243.211ms
[2025-08-01T03:49:31.906+0000] GC(855) Pause Cleanup
[2025-08-01T03:49:31.907+0000] GC(855) Pause Cleanup 2074M->2074M(4096M) 0.744ms
[2025-08-01T03:49:31.907+0000] GC(855) User=0.00s Sys=0.00s Real=0.00s
[2025-08-01T03:49:31.907+0000] GC(855) Concurrent Clear Claimed Marks
[2025-08-01T03:49:31.907+0000] GC(855) Concurrent Clear Claimed Marks 0.033ms
[2025-08-01T03:49:31.907+0000] GC(855) Concurrent Cleanup for Next Mark
[2025-08-01T03:49:31.919+0000] GC(855) Concurrent Cleanup for Next Mark 12.481ms
[2025-08-01T03:49:31.919+0000] GC(855) Concurrent Mark Cycle 381.737ms
[2025-08-01T03:49:31.995+0000] GC(857) Pause Young (Prepare Mixed) (G1 Evacuation Pause)
[2025-08-01T03:49:31.995+0000] GC(857) Using 8 workers of 8 for evacuation
[2025-08-01T03:49:32.106+0000] GC(857)   Pre Evacuate Collection Set: 1.4ms
[2025-08-01T03:49:32.106+0000] GC(857)   Merge Heap Roots: 0.3ms
[2025-08-01T03:49:32.106+0000] GC(857)   Evacuate Collection Set: 107.7ms
[2025-08-01T03:49:32.106+0000] GC(857)   Post Evacuate Collection Set: 1.3ms
[2025-08-01T03:49:32.106+0000] GC(857)   Other: 0.1ms
[2025-08-01T03:49:32.106+0000] GC(857) Eden regions: 391->0(292)
[2025-08-01T03:49:32.106+0000] GC(857) Survivor regions: 51->56(56)
[2025-08-01T03:49:32.106+0000] GC(857) Old regions: 804->1082
[2025-08-01T03:49:32.106+0000] GC(857) Humongous regions: 0->0
[2025-08-01T03:49:32.106+0000] GC(857) Metaspace: 10593K(10816K)->10593K(10816K) NonClass: 9335K(9472K)->9335K(9472K) Class: 1258K(1344K)->1258K(1344K)
[2025-08-01T03:49:32.106+0000] GC(857) Pause Young (Prepare Mixed) (G1 Evacuation Pause) 2490M->2275M(4096M) 111.143ms
[2025-08-01T03:49:32.106+0000] GC(857) User=0.84s Sys=0.01s Real=0.11s
[2025-08-01T03:49:32.246+0000] GC(858) Pause Young (Mixed) (G1 Evacuation Pause)
[2025-08-01T03:49:32.247+0000] GC(858) Using 8 workers of 8 for evacuation
[2025-08-01T03:49:32.465+0000] GC(858) MMU target violated: 201.0ms (200.0ms/201.0ms)
[2025-08-01T03:49:32.465+0000] GC(858)   Pre Evacuate Collection Set: 0.6ms
[2025-08-01T03:49:32.465+0000] GC(858)   Merge Heap Roots: 0.3ms
[2025-08-01T03:49:32.465+0000] GC(858)   Evacuate Collection Set: 216.0ms
[2025-08-01T03:49:32.465+0000] GC(858)   Post Evacuate Collection Set: 1.0ms
[2025-08-01T03:49:32.465+0000] GC(858)   Other: 0.4ms
[2025-08-01T03:49:32.465+0000] GC(858) Eden regions: 292->0(194)
[2025-08-01T03:49:32.465+0000] GC(858) Survivor regions: 56->44(44)
[2025-08-01T03:49:32.465+0000] GC(858) Old regions: 1082->1383
[2025-08-01T03:49:32.465+0000] GC(858) Humongous regions: 0->0
[2025-08-01T03:49:32.465+0000] GC(858) Metaspace: 10593K(10816K)->10593K(10816K) NonClass: 9335K(9472K)->9335K(9472K) Class: 1258K(1344K)->1258K(1344K)
[2025-08-01T03:49:32.465+0000] GC(858) Pause Young (Mixed) (G1 Evacuation Pause) 2859M->2852M(4096M) 218.778ms
[2025-08-01T03:49:32.465+0000] GC(858) User=1.66s Sys=0.06s Real=0.22s
[2025-08-01T03:49:32.542+0000] GC(859) Pause Young (Concurrent Start) (G1 Evacuation Pause)
[2025-08-01T03:49:32.542+0000] GC(859) Using 8 workers of 8 for evacuation
[2025-08-01T03:49:32.615+0000] GC(859)   Pre Evacuate Collection Set: 0.9ms
[2025-08-01T03:49:32.615+0000] GC(859)   Merge Heap Roots: 0.2ms
[2025-08-01T03:49:32.615+0000] GC(859)   Evacuate Collection Set: 70.2ms
[2025-08-01T03:49:32.615+0000] GC(859)   Post Evacuate Collection Set: 1.1ms
[2025-08-01T03:49:32.615+0000] GC(859)   Other: 0.2ms
[2025-08-01T03:49:32.615+0000] GC(859) Eden regions: 194->0(147)
[2025-08-01T03:49:32.615+0000] GC(859) Survivor regions: 44->30(30)
[2025-08-01T03:49:32.615+0000] GC(859) Old regions: 1383->1543
[2025-08-01T03:49:32.615+0000] GC(859) Humongous regions: 0->0
[2025-08-01T03:49:32.615+0000] GC(859) Metaspace: 10593K(10816K)->10593K(10816K) NonClass: 9335K(9472K)->9335K(9472K) Class: 1258K(1344K)->1258K(1344K)
[2025-08-01T03:49:32.615+0000] GC(859) Pause Young (Concurrent Start) (G1 Evacuation Pause) 3240M->3145M(4096M) 72.962ms
[2025-08-01T03:49:32.615+0000] GC(859) User=0.54s Sys=0.02s Real=0.08s
[2025-08-01T03:49:32.615+0000] GC(860) Concurrent Mark Cycle
[2025-08-01T03:49:32.615+0000] GC(860) Concurrent Scan Root Regions
[2025-08-01T03:49:32.655+0000] GC(860) Concurrent Scan Root Regions 39.475ms
[2025-08-01T03:49:32.655+0000] GC(860) Concurrent Mark
[2025-08-01T03:49:32.655+0000] GC(860) Concurrent Mark From Roots
[2025-08-01T03:49:32.655+0000] GC(860) Using 2 workers of 2 for marking
[2025-08-01T03:49:32.676+0000] GC(861) Pause Young (Normal) (G1 Evacuation Pause)
[2025-08-01T03:49:32.676+0000] GC(861) Using 8 workers of 8 for evacuation
[2025-08-01T03:49:32.693+0000] GC(861)   Pre Evacuate Collection Set: 0.9ms
[2025-08-01T03:49:32.693+0000] GC(861)   Merge Heap Roots: 0.2ms
[2025-08-01T03:49:32.693+0000] GC(861)   Evacuate Collection Set: 15.0ms
[2025-08-01T03:49:32.693+0000] GC(861)   Post Evacuate Collection Set: 0.9ms
[2025-08-01T03:49:32.693+0000] GC(861)   Other: 0.1ms
[2025-08-01T03:49:32.693+0000] GC(861) Eden regions: 147->0(156)
[2025-08-01T03:49:32.693+0000] GC(861) Survivor regions: 30->23(23)
[2025-08-01T03:49:32.694+0000] GC(861) Old regions: 1543->1551
[2025-08-01T03:49:32.694+0000] GC(861) Humongous regions: 0->0
[2025-08-01T03:49:32.694+0000] GC(861) Metaspace: 10593K(10816K)->10593K(10816K) NonClass: 9335K(9472K)->9335K(9472K) Class: 1258K(1344K)->1258K(1344K)
[2025-08-01T03:49:32.694+0000] GC(861) Pause Young (Normal) (G1 Evacuation Pause) 3439M->3146M(4096M) 17.386ms
[2025-08-01T03:49:32.694+0000] GC(861) User=0.10s Sys=0.01s Real=0.02s
[2025-08-01T03:49:32.728+0000] GC(862) Pause Young (Normal) (G1 Evacuation Pause)
[2025-08-01T03:49:32.728+0000] GC(862) Using 8 workers of 8 for evacuation
[2025-08-01T03:49:32.791+0000] GC(862)   Pre Evacuate Collection Set: 0.6ms
[2025-08-01T03:49:32.791+0000] GC(862)   Merge Heap Roots: 0.2ms
[2025-08-01T03:49:32.791+0000] GC(862)   Evacuate Collection Set: 61.3ms
[2025-08-01T03:49:32.791+0000] GC(862)   Post Evacuate Collection Set: 1.1ms
[2025-08-01T03:49:32.791+0000] GC(862)   Other: 0.1ms
[2025-08-01T03:49:32.791+0000] GC(862) Eden regions: 156->0(100)
[2025-08-01T03:49:32.791+0000] GC(862) Survivor regions: 23->23(23)
[2025-08-01T03:49:32.791+0000] GC(862) Old regions: 1551->1707
[2025-08-01T03:49:32.791+0000] GC(862) Humongous regions: 0->0
[2025-08-01T03:49:32.791+0000] GC(862) Metaspace: 10593K(10816K)->10593K(10816K) NonClass: 9335K(9472K)->9335K(9472K) Class: 1258K(1344K)->1258K(1344K)
[2025-08-01T03:49:32.791+0000] GC(862) Pause Young (Normal) (G1 Evacuation Pause) 3458M->3459M(4096M) 63.582ms
[2025-08-01T03:49:32.791+0000] GC(862) User=0.48s Sys=0.01s Real=0.06s
[2025-08-01T03:49:32.815+0000] GC(863) Pause Young (Normal) (G1 Evacuation Pause)
[2025-08-01T03:49:32.815+0000] GC(863) Using 8 workers of 8 for evacuation
[2025-08-01T03:49:32.853+0000] GC(863)   Pre Evacuate Collection Set: 0.7ms
[2025-08-01T03:49:32.853+0000] GC(863)   Merge Heap Roots: 0.2ms
[2025-08-01T03:49:32.853+0000] GC(863)   Evacuate Collection Set: 36.0ms
[2025-08-01T03:49:32.853+0000] GC(863)   Post Evacuate Collection Set: 0.9ms
[2025-08-01T03:49:32.853+0000] GC(863)   Other: 0.1ms
[2025-08-01T03:49:32.853+0000] GC(863) Eden regions: 100->0(86)
[2025-08-01T03:49:32.853+0000] GC(863) Survivor regions: 23->16(16)
[2025-08-01T03:49:32.853+0000] GC(863) Old regions: 1707->1815
[2025-08-01T03:49:32.853+0000] GC(863) Humongous regions: 0->0
[2025-08-01T03:49:32.853+0000] GC(863) Metaspace: 10593K(10816K)->10593K(10816K) NonClass: 9335K(9472K)->9335K(9472K) Class: 1258K(1344K)->1258K(1344K)
[2025-08-01T03:49:32.853+0000] GC(863) Pause Young (Normal) (G1 Evacuation Pause) 3659M->3661M(4096M) 38.251ms
[2025-08-01T03:49:32.854+0000] GC(863) User=0.28s Sys=0.00s Real=0.04s
[2025-08-01T03:49:32.917+0000] GC(864) Pause Young (Normal) (G1 Evacuation Pause)
[2025-08-01T03:49:32.917+0000] GC(864) Using 8 workers of 8 for evacuation
[2025-08-01T03:49:32.957+0000] GC(864)   Pre Evacuate Collection Set: 0.7ms
[2025-08-01T03:49:32.958+0000] GC(864)   Merge Heap Roots: 0.2ms
[2025-08-01T03:49:32.958+0000] GC(864)   Evacuate Collection Set: 38.1ms
[2025-08-01T03:49:32.958+0000] GC(864)   Post Evacuate Collection Set: 1.3ms
[2025-08-01T03:49:32.958+0000] GC(864)   Other: 0.1ms
[2025-08-01T03:49:32.958+0000] GC(864) Eden regions: 86->0(89)
[2025-08-01T03:49:32.958+0000] GC(864) Survivor regions: 16->13(13)
[2025-08-01T03:49:32.958+0000] GC(864) Old regions: 1815->1906
[2025-08-01T03:49:32.958+0000] GC(864) Humongous regions: 0->0
[2025-08-01T03:49:32.958+0000] GC(864) Metaspace: 10593K(10816K)->10593K(10816K) NonClass: 9335K(9472K)->9335K(9472K) Class: 1258K(1344K)->1258K(1344K)
[2025-08-01T03:49:32.958+0000] GC(864) Pause Young (Normal) (G1 Evacuation Pause) 3833M->3836M(4096M) 40.722ms
[2025-08-01T03:49:32.958+0000] GC(864) User=0.28s Sys=0.01s Real=0.04s
[2025-08-01T03:49:32.975+0000] GC(865) Pause Young (Normal) (G1 Evacuation Pause)
[2025-08-01T03:49:32.975+0000] GC(865) Using 8 workers of 8 for evacuation
[2025-08-01T03:49:33.009+0000] GC(865)   Pre Evacuate Collection Set: 0.8ms
[2025-08-01T03:49:33.009+0000] GC(865)   Merge Heap Roots: 0.2ms
[2025-08-01T03:49:33.009+0000] GC(865)   Evacuate Collection Set: 24.2ms
[2025-08-01T03:49:33.009+0000] GC(865)   Post Evacuate Collection Set: 8.1ms
[2025-08-01T03:49:33.009+0000] GC(865)   Other: 0.1ms
[2025-08-01T03:49:33.009+0000] GC(865) Eden regions: 89->0(0)
[2025-08-01T03:49:33.009+0000] GC(865) Survivor regions: 13->13(13)
[2025-08-01T03:49:33.009+0000] GC(865) Old regions: 1906->2029
[2025-08-01T03:49:33.009+0000] GC(865) Humongous regions: 0->0
[2025-08-01T03:49:33.009+0000] GC(865) Metaspace: 10593K(10816K)->10593K(10816K) NonClass: 9335K(9472K)->9335K(9472K) Class: 1258K(1344K)->1258K(1344K)
[2025-08-01T03:49:33.009+0000] GC(865) Pause Young (Normal) (G1 Evacuation Pause) (Evacuation Failure) 4014M->4083M(4096M) 33.731ms
[2025-08-01T03:49:33.009+0000] GC(865) User=0.23s Sys=0.01s Real=0.03s
[2025-08-01T03:49:33.009+0000] Attempting full compaction
[2025-08-01T03:49:33.009+0000] GC(866) Pause Full (G1 Compaction Pause)
[2025-08-01T03:49:33.009+0000] GC(866) Using 8 workers of 8 for full compaction
[2025-08-01T03:49:33.016+0000] GC(866) Phase 1: Mark live objects
[2025-08-01T03:49:33.069+0000] GC(866) Phase 1: Mark live objects 53.417ms
[2025-08-01T03:49:33.069+0000] GC(866) Phase 2: Prepare compaction
[2025-08-01T03:49:33.079+0000] GC(866) Phase 2: Prepare compaction 10.061ms
[2025-08-01T03:49:33.079+0000] GC(866) Phase 3: Adjust pointers
[2025-08-01T03:49:33.127+0000] GC(866) Phase 3: Adjust pointers 47.705ms
[2025-08-01T03:49:33.127+0000] GC(866) Phase 4: Compact heap
[2025-08-01T03:49:33.163+0000] GC(866) Phase 4: Compact heap 35.517ms
[2025-08-01T03:49:33.163+0000] GC(866) Phase 5: Reset Metadata
[2025-08-01T03:49:33.194+0000] GC(866) Phase 5: Reset Metadata 31.624ms
[2025-08-01T03:49:33.202+0000] GC(866) Eden regions: 0->0(505)
[2025-08-01T03:49:33.202+0000] GC(866) Survivor regions: 13->0(13)
[2025-08-01T03:49:33.202+0000] GC(866) Old regions: 2029->517
[2025-08-01T03:49:33.202+0000] GC(866) Humongous regions: 0->0
[2025-08-01T03:49:33.202+0000] GC(866) Metaspace: 10593K(10816K)->10593K(10816K) NonClass: 9335K(9472K)->9335K(9472K) Class: 1258K(1344K)->1258K(1344K)
[2025-08-01T03:49:33.202+0000] GC(866) Pause Full (G1 Compaction Pause) 4083M->1026M(4096M) 192.990ms
[2025-08-01T03:49:33.202+0000] GC(866) User=1.34s Sys=0.04s Real=0.19s
[2025-08-01T03:49:33.203+0000] GC(860) Concurrent Mark From Roots 548.052ms
[2025-08-01T03:49:33.203+0000] GC(860) Concurrent Mark Abort
[2025-08-01T03:49:33.203+0000] GC(860) Concurrent Mark Cycle 587.834ms
[2025-08-01T03:49:33.439+0000] GC(867) Pause Young (Normal) (G1 Evacuation Pause)
[2025-08-01T03:49:33.440+0000] GC(867) Using 8 workers of 8 for evacuation
[2025-08-01T03:49:33.501+0000] GC(867)   Pre Evacuate Collection Set: 0.8ms
[2025-08-01T03:49:33.501+0000] GC(867)   Merge Heap Roots: 0.2ms
[2025-08-01T03:49:33.501+0000] GC(867)   Evacuate Collection Set: 58.8ms
[2025-08-01T03:49:33.501+0000] GC(867)   Post Evacuate Collection Set: 1.0ms
[2025-08-01T03:49:33.501+0000] GC(867)   Other: 0.2ms
[2025-08-01T03:49:33.501+0000] GC(867) Eden regions: 505->0(521)
[2025-08-01T03:49:33.501+0000] GC(867) Survivor regions: 0->64(64)
[2025-08-01T03:49:33.501+0000] GC(867) Old regions: 517->553
[2025-08-01T03:49:33.501+0000] GC(867) Humongous regions: 0->0
[2025-08-01T03:49:33.501+0000] GC(867) Metaspace: 10593K(10816K)->10593K(10816K) NonClass: 9335K(9472K)->9335K(9472K) Class: 1258K(1344K)->1258K(1344K)
[2025-08-01T03:49:33.501+0000] GC(867) Pause Young (Normal) (G1 Evacuation Pause) 2036M->1226M(4096M) 61.373ms
[2025-08-01T03:49:33.501+0000] GC(867) User=0.44s Sys=0.01s Real=0.06s
[2025-08-01T03:49:33.750+0000] GC(868) Pause Young (Concurrent Start) (G1 Evacuation Pause)
[2025-08-01T03:49:33.750+0000] GC(868) Using 8 workers of 8 for evacuation
[2025-08-01T03:49:34.065+0000] GC(868) MMU target violated: 201.0ms (200.0ms/201.0ms)
[2025-08-01T03:49:34.065+0000] GC(868)   Pre Evacuate Collection Set: 1.9ms
[2025-08-01T03:49:34.065+0000] GC(868)   Merge Heap Roots: 0.4ms
[2025-08-01T03:49:34.065+0000] GC(868)   Evacuate Collection Set: 311.3ms
[2025-08-01T03:49:34.065+0000] GC(868)   Post Evacuate Collection Set: 1.2ms
[2025-08-01T03:49:34.065+0000] GC(868)   Other: 0.7ms
[2025-08-01T03:49:34.065+0000] GC(868) Eden regions: 521->0(294)
[2025-08-01T03:49:34.065+0000] GC(868) Survivor regions: 64->74(74)
[2025-08-01T03:49:34.065+0000] GC(868) Old regions: 553->1066
[2025-08-01T03:49:34.065+0000] GC(868) Humongous regions: 0->0
[2025-08-01T03:49:34.065+0000] GC(868) Metaspace: 10593K(10816K)->10593K(10816K) NonClass: 9335K(9472K)->9335K(9472K) Class: 1258K(1344K)->1258K(1344K)
[2025-08-01T03:49:34.065+0000] GC(868) Pause Young (Concurrent Start) (G1 Evacuation Pause) 2268M->2271M(4096M) 315.856ms
[2025-08-01T03:49:34.065+0000] GC(868) User=2.37s Sys=0.07s Real=0.32s
[2025-08-01T03:49:34.065+0000] GC(869) Concurrent Mark Cycle
[2025-08-01T03:49:34.066+0000] GC(869) Concurrent Scan Root Regions
[2025-08-01T03:49:34.166+0000] GC(870) Pause Young (Normal) (G1 Evacuation Pause)
[2025-08-01T03:49:34.166+0000] GC(870) Using 8 workers of 8 for evacuation
[2025-08-01T03:49:34.183+0000] GC(869) Concurrent Scan Root Regions 117.610ms
[2025-08-01T03:49:34.183+0000] GC(869) Concurrent Mark
[2025-08-01T03:49:34.183+0000] GC(869) Concurrent Mark From Roots
[2025-08-01T03:49:34.183+0000] GC(869) Using 2 workers of 2 for marking
[2025-08-01T03:49:34.254+0000] GC(870)   Pre Evacuate Collection Set: 1.2ms
[2025-08-01T03:49:34.254+0000] GC(870)   Merge Heap Roots: 0.7ms
[2025-08-01T03:49:34.254+0000] GC(870)   Evacuate Collection Set: 67.4ms
[2025-08-01T03:49:34.254+0000] GC(870)   Post Evacuate Collection Set: 0.9ms
[2025-08-01T03:49:34.254+0000] GC(870)   Other: 0.1ms
[2025-08-01T03:49:34.254+0000] GC(870) Eden regions: 294->0(260)
[2025-08-01T03:49:34.254+0000] GC(870) Survivor regions: 74->46(46)
[2025-08-01T03:49:34.254+0000] GC(870) Old regions: 1066->1226
[2025-08-01T03:49:34.254+0000] GC(870) Humongous regions: 0->0
[2025-08-01T03:49:34.254+0000] GC(870) Metaspace: 10593K(10816K)->10593K(10816K) NonClass: 9335K(9472K)->9335K(9472K) Class: 1258K(1344K)->1258K(1344K)
[2025-08-01T03:49:34.254+0000] GC(870) Pause Young (Normal) (G1 Evacuation Pause) 2859M->2535M(4096M) 87.757ms
[2025-08-01T03:49:34.254+0000] GC(870) User=0.51s Sys=0.02s Real=0.09s
[2025-08-01T03:49:34.282+0000] GC(869) Concurrent Mark From Roots 98.682ms
[2025-08-01T03:49:34.282+0000] GC(869) Concurrent Preclean
[2025-08-01T03:49:34.282+0000] GC(869) Concurrent Preclean 0.024ms
[2025-08-01T03:49:34.282+0000] GC(869) Pause Remark
[2025-08-01T03:49:34.285+0000] GC(869) Pause Remark 2701M->1736M(4096M) 2.486ms
[2025-08-01T03:49:34.285+0000] GC(869) User=0.01s Sys=0.00s Real=0.01s
[2025-08-01T03:49:34.285+0000] GC(869) Concurrent Mark 101.508ms
[2025-08-01T03:49:34.285+0000] GC(869) Concurrent Rebuild Remembered Sets and Scrub Regions
[2025-08-01T03:49:34.351+0000] GC(871) Pause Young (Normal) (G1 Evacuation Pause)
[2025-08-01T03:49:34.351+0000] GC(871) Using 8 workers of 8 for evacuation
[2025-08-01T03:49:34.440+0000] GC(871)   Pre Evacuate Collection Set: 0.8ms
[2025-08-01T03:49:34.440+0000] GC(871)   Merge Heap Roots: 0.3ms
[2025-08-01T03:49:34.440+0000] GC(871)   Evacuate Collection Set: 86.9ms
[2025-08-01T03:49:34.440+0000] GC(871)   Post Evacuate Collection Set: 0.8ms
[2025-08-01T03:49:34.440+0000] GC(871)   Other: 0.1ms
[2025-08-01T03:49:34.440+0000] GC(871) Eden regions: 260->0(350)
[2025-08-01T03:49:34.440+0000] GC(871) Survivor regions: 46->39(39)
[2025-08-01T03:49:34.440+0000] GC(871) Old regions: 740->954
[2025-08-01T03:49:34.440+0000] GC(871) Humongous regions: 0->0
[2025-08-01T03:49:34.440+0000] GC(871) Metaspace: 10593K(10816K)->10593K(10816K) NonClass: 9335K(9472K)->9335K(9472K) Class: 1258K(1344K)->1258K(1344K)
[2025-08-01T03:49:34.440+0000] GC(871) Pause Young (Normal) (G1 Evacuation Pause) 2090M->1984M(4096M) 89.154ms
[2025-08-01T03:49:34.440+0000] GC(871) User=0.64s Sys=0.02s Real=0.09s
[2025-08-01T03:49:34.546+0000] GC(869) Concurrent Rebuild Remembered Sets and Scrub Regions 260.762ms
[2025-08-01T03:49:34.546+0000] GC(869) Pause Cleanup
[2025-08-01T03:49:34.546+0000] GC(869) Pause Cleanup 2622M->2622M(4096M) 0.751ms
[2025-08-01T03:49:34.547+0000] GC(869) User=0.01s Sys=0.00s Real=0.00s
[2025-08-01T03:49:34.547+0000] GC(869) Concurrent Clear Claimed Marks
[2025-08-01T03:49:34.547+0000] GC(869) Concurrent Clear Claimed Marks 0.038ms
[2025-08-01T03:49:34.547+0000] GC(869) Concurrent Cleanup for Next Mark
[2025-08-01T03:49:34.556+0000] GC(869) Concurrent Cleanup for Next Mark 8.939ms
[2025-08-01T03:49:34.556+0000] GC(869) Concurrent Mark Cycle 490.311ms
[2025-08-01T03:49:34.574+0000] GC(872) Pause Young (Prepare Mixed) (G1 Evacuation Pause)
[2025-08-01T03:49:34.574+0000] GC(872) Using 8 workers of 8 for evacuation
[2025-08-01T03:49:34.717+0000] GC(872)   Pre Evacuate Collection Set: 0.9ms
[2025-08-01T03:49:34.717+0000] GC(872)   Merge Heap Roots: 0.2ms
[2025-08-01T03:49:34.717+0000] GC(872)   Evacuate Collection Set: 140.5ms
[2025-08-01T03:49:34.717+0000] GC(872)   Post Evacuate Collection Set: 1.4ms
[2025-08-01T03:49:34.717+0000] GC(872)   Other: 0.1ms
[2025-08-01T03:49:34.717+0000] GC(872) Eden regions: 350->0(222)
[2025-08-01T03:49:34.717+0000] GC(872) Survivor regions: 39->49(49)
[2025-08-01T03:49:34.717+0000] GC(872) Old regions: 954->1295
[2025-08-01T03:49:34.717+0000] GC(872) Humongous regions: 0->0
[2025-08-01T03:49:34.717+0000] GC(872) Metaspace: 10593K(10816K)->10593K(10816K) NonClass: 9335K(9472K)->9335K(9472K) Class: 1258K(1344K)->1258K(1344K)
[2025-08-01T03:49:34.717+0000] GC(872) Pause Young (Prepare Mixed) (G1 Evacuation Pause) 2684M->2687M(4096M) 143.490ms
[2025-08-01T03:49:34.717+0000] GC(872) User=1.08s Sys=0.03s Real=0.14s
[2025-08-01T03:49:34.806+0000] GC(873) Pause Young (Mixed) (G1 Evacuation Pause)
[2025-08-01T03:49:34.806+0000] GC(873) Using 8 workers of 8 for evacuation
[2025-08-01T03:49:34.876+0000] GC(873)   Pre Evacuate Collection Set: 1.8ms
[2025-08-01T03:49:34.876+0000] GC(873)   Merge Heap Roots: 0.3ms
[2025-08-01T03:49:34.876+0000] GC(873)   Evacuate Collection Set: 67.0ms
[2025-08-01T03:49:34.876+0000] GC(873)   Post Evacuate Collection Set: 1.1ms
[2025-08-01T03:49:34.876+0000] GC(873)   Other: 0.1ms
[2025-08-01T03:49:34.876+0000] GC(873) Eden regions: 222->0(210)
[2025-08-01T03:49:34.876+0000] GC(873) Survivor regions: 49->34(34)
[2025-08-01T03:49:34.876+0000] GC(873) Old regions: 1295->1380
[2025-08-01T03:49:34.876+0000] GC(873) Humongous regions: 0->0
[2025-08-01T03:49:34.876+0000] GC(873) Metaspace: 10593K(10816K)->10593K(10816K) NonClass: 9335K(9472K)->9335K(9472K) Class: 1258K(1344K)->1258K(1344K)
[2025-08-01T03:49:34.876+0000] GC(873) Pause Young (Mixed) (G1 Evacuation Pause) 3131M->2826M(4096M) 70.541ms
[2025-08-01T03:49:34.876+0000] GC(873) User=0.50s Sys=0.01s Real=0.07s
[2025-08-01T03:49:34.970+0000] GC(874) Pause Young (Concurrent Start) (G1 Evacuation Pause)
[2025-08-01T03:49:34.970+0000] GC(874) Using 8 workers of 8 for evacuation
[2025-08-01T03:49:35.029+0000] GC(874)   Pre Evacuate Collection Set: 0.9ms
[2025-08-01T03:49:35.029+0000] GC(874)   Merge Heap Roots: 0.3ms
[2025-08-01T03:49:35.029+0000] GC(874)   Evacuate Collection Set: 56.8ms
[2025-08-01T03:49:35.029+0000] GC(874)   Post Evacuate Collection Set: 0.7ms
[2025-08-01T03:49:35.029+0000] GC(874)   Other: 0.2ms
[2025-08-01T03:49:35.029+0000] GC(874) Eden regions: 210->0(176)
[2025-08-01T03:49:35.029+0000] GC(874) Survivor regions: 34->31(31)
[2025-08-01T03:49:35.029+0000] GC(874) Old regions: 1380->1494
[2025-08-01T03:49:35.029+0000] GC(874) Humongous regions: 0->0
[2025-08-01T03:49:35.029+0000] GC(874) Metaspace: 10593K(10816K)->10593K(10816K) NonClass: 9335K(9472K)->9335K(9472K) Class: 1258K(1344K)->1258K(1344K)
[2025-08-01T03:49:35.029+0000] GC(874) Pause Young (Concurrent Start) (G1 Evacuation Pause) 3246M->3048M(4096M) 59.160ms
[2025-08-01T03:49:35.029+0000] GC(874) User=0.42s Sys=0.02s Real=0.06s
[2025-08-01T03:49:35.029+0000] GC(875) Concurrent Mark Cycle
[2025-08-01T03:49:35.029+0000] GC(875) Concurrent Scan Root Regions
[2025-08-01T03:49:35.062+0000] GC(875) Concurrent Scan Root Regions 32.296ms
[2025-08-01T03:49:35.062+0000] GC(875) Concurrent Mark
[2025-08-01T03:49:35.062+0000] GC(875) Concurrent Mark From Roots
[2025-08-01T03:49:35.062+0000] GC(875) Using 2 workers of 2 for marking
[2025-08-01T03:49:35.080+0000] GC(875) Concurrent Mark From Roots 18.569ms
[2025-08-01T03:49:35.080+0000] GC(875) Concurrent Preclean
[2025-08-01T03:49:35.080+0000] GC(875) Concurrent Preclean 0.026ms
[2025-08-01T03:49:35.080+0000] GC(875) Pause Remark
[2025-08-01T03:49:35.084+0000] GC(875) Pause Remark 3302M->630M(4096M) 3.570ms
[2025-08-01T03:49:35.084+0000] GC(875) User=0.01s Sys=0.00s Real=0.01s
[2025-08-01T03:49:35.084+0000] GC(875) Concurrent Mark 22.797ms
[2025-08-01T03:49:35.084+0000] GC(875) Concurrent Rebuild Remembered Sets and Scrub Regions
[2025-08-01T03:49:35.111+0000] GC(876) Pause Young (Normal) (G1 Evacuation Pause)
[2025-08-01T03:49:35.111+0000] GC(876) Using 8 workers of 8 for evacuation
[2025-08-01T03:49:35.186+0000] GC(876)   Pre Evacuate Collection Set: 0.5ms
[2025-08-01T03:49:35.186+0000] GC(876)   Merge Heap Roots: 0.2ms
[2025-08-01T03:49:35.186+0000] GC(876)   Evacuate Collection Set: 73.0ms
[2025-08-01T03:49:35.186+0000] GC(876)   Post Evacuate Collection Set: 1.1ms
[2025-08-01T03:49:35.186+0000] GC(876)   Other: 0.1ms
[2025-08-01T03:49:35.186+0000] GC(876) Eden regions: 176->0(491)
[2025-08-01T03:49:35.186+0000] GC(876) Survivor regions: 31->26(26)
[2025-08-01T03:49:35.186+0000] GC(876) Old regions: 158->340
[2025-08-01T03:49:35.186+0000] GC(876) Humongous regions: 0->0
[2025-08-01T03:49:35.186+0000] GC(876) Metaspace: 10593K(10816K)->10593K(10816K) NonClass: 9335K(9472K)->9335K(9472K) Class: 1258K(1344K)->1258K(1344K)
[2025-08-01T03:49:35.186+0000] GC(876) Pause Young (Normal) (G1 Evacuation Pause) 728M->731M(4096M) 75.026ms
[2025-08-01T03:49:35.186+0000] GC(876) User=0.57s Sys=0.01s Real=0.08s
[2025-08-01T03:49:35.201+0000] GC(875) Concurrent Rebuild Remembered Sets and Scrub Regions 117.081ms
[2025-08-01T03:49:35.202+0000] GC(875) Pause Cleanup
[2025-08-01T03:49:35.203+0000] GC(875) Pause Cleanup 901M->901M(4096M) 0.671ms
[2025-08-01T03:49:35.203+0000] GC(875) User=0.00s Sys=0.00s Real=0.00s
[2025-08-01T03:49:35.203+0000] GC(875) Concurrent Clear Claimed Marks
[2025-08-01T03:49:35.203+0000] GC(875) Concurrent Clear Claimed Marks 0.061ms
[2025-08-01T03:49:35.203+0000] GC(875) Concurrent Cleanup for Next Mark
[2025-08-01T03:49:35.215+0000] GC(875) Concurrent Cleanup for Next Mark 12.248ms
[2025-08-01T03:49:35.215+0000] GC(875) Concurrent Mark Cycle 185.933ms
[2025-08-01T03:49:35.375+0000] GC(877) Pause Young (Prepare Mixed) (G1 Evacuation Pause)
[2025-08-01T03:49:35.375+0000] GC(877) Using 8 workers of 8 for evacuation
[2025-08-01T03:49:35.563+0000] GC(877)   Pre Evacuate Collection Set: 0.6ms
[2025-08-01T03:49:35.563+0000] GC(877)   Merge Heap Roots: 2.2ms
[2025-08-01T03:49:35.563+0000] GC(877)   Evacuate Collection Set: 181.8ms
[2025-08-01T03:49:35.563+0000] GC(877)   Post Evacuate Collection Set: 3.0ms
[2025-08-01T03:49:35.563+0000] GC(877)   Other: 0.2ms
[2025-08-01T03:49:35.563+0000] GC(877) Eden regions: 490->0(327)
[2025-08-01T03:49:35.563+0000] GC(877) Survivor regions: 26->65(65)
[2025-08-01T03:49:35.563+0000] GC(877) Old regions: 340->539
[2025-08-01T03:49:35.563+0000] GC(877) Humongous regions: 0->0
[2025-08-01T03:49:35.563+0000] GC(877) Metaspace: 10593K(10816K)->10593K(10816K) NonClass: 9335K(9472K)->9335K(9472K) Class: 1258K(1344K)->1258K(1344K)
[2025-08-01T03:49:35.563+0000] GC(877) Pause Young (Prepare Mixed) (G1 Evacuation Pause) 1711M->1207M(4096M) 188.640ms
[2025-08-01T03:49:35.563+0000] GC(877) User=1.39s Sys=0.05s Real=0.19s
[2025-08-01T03:49:35.689+0000] GC(878) Pause Young (Mixed) (G1 Evacuation Pause)
[2025-08-01T03:49:35.689+0000] GC(878) Using 8 workers of 8 for evacuation
[2025-08-01T03:49:35.840+0000] GC(878)   Pre Evacuate Collection Set: 1.3ms
[2025-08-01T03:49:35.840+0000] GC(878)   Merge Heap Roots: 0.4ms
[2025-08-01T03:49:35.840+0000] GC(878)   Evacuate Collection Set: 147.7ms
[2025-08-01T03:49:35.840+0000] GC(878)   Post Evacuate Collection Set: 2.0ms
[2025-08-01T03:49:35.840+0000] GC(878)   Other: 0.1ms
[2025-08-01T03:49:35.840+0000] GC(878) Eden regions: 327->0(377)
[2025-08-01T03:49:35.840+0000] GC(878) Survivor regions: 65->49(49)
[2025-08-01T03:49:35.840+0000] GC(878) Old regions: 539->720
[2025-08-01T03:49:35.841+0000] GC(878) Humongous regions: 0->0
[2025-08-01T03:49:35.841+0000] GC(878) Metaspace: 10593K(10816K)->10593K(10816K) NonClass: 9335K(9472K)->9335K(9472K) Class: 1258K(1344K)->1258K(1344K)
[2025-08-01T03:49:35.841+0000] GC(878) Pause Young (Mixed) (G1 Evacuation Pause) 1861M->1537M(4096M) 151.899ms
[2025-08-01T03:49:35.841+0000] GC(878) User=1.11s Sys=0.04s Real=0.15s
[2025-08-01T03:49:36.006+0000] GC(879) Pause Young (Concurrent Start) (G1 Evacuation Pause)
[2025-08-01T03:49:36.006+0000] GC(879) Using 8 workers of 8 for evacuation
[2025-08-01T03:49:36.253+0000] GC(879) MMU target violated: 201.0ms (200.0ms/201.0ms)
[2025-08-01T03:49:36.254+0000] GC(879)   Pre Evacuate Collection Set: 0.9ms
[2025-08-01T03:49:36.254+0000] GC(879)   Merge Heap Roots: 0.5ms
[2025-08-01T03:49:36.254+0000] GC(879)   Evacuate Collection Set: 244.5ms
[2025-08-01T03:49:36.254+0000] GC(879)   Post Evacuate Collection Set: 0.7ms
[2025-08-01T03:49:36.254+0000] GC(879)   Other: 0.6ms
[2025-08-01T03:49:36.254+0000] GC(879) Eden regions: 376->0(290)
[2025-08-01T03:49:36.254+0000] GC(879) Survivor regions: 49->54(54)
[2025-08-01T03:49:36.254+0000] GC(879) Old regions: 720->1093
[2025-08-01T03:49:36.254+0000] GC(879) Humongous regions: 0->0
[2025-08-01T03:49:36.254+0000] GC(879) Metaspace: 10593K(10816K)->10593K(10816K) NonClass: 9335K(9472K)->9335K(9472K) Class: 1258K(1344K)->1258K(1344K)
[2025-08-01T03:49:36.254+0000] GC(879) Pause Young (Concurrent Start) (G1 Evacuation Pause) 2289M->2292M(4096M) 247.379ms
[2025-08-01T03:49:36.254+0000] GC(879) User=1.82s Sys=0.08s Real=0.25s
[2025-08-01T03:49:36.254+0000] GC(880) Concurrent Mark Cycle
[2025-08-01T03:49:36.254+0000] GC(880) Concurrent Scan Root Regions
[2025-08-01T03:49:36.341+0000] GC(880) Concurrent Scan Root Regions 87.160ms
[2025-08-01T03:49:36.341+0000] GC(880) Concurrent Mark
[2025-08-01T03:49:36.341+0000] GC(880) Concurrent Mark From Roots
[2025-08-01T03:49:36.341+0000] GC(880) Using 2 workers of 2 for marking
[2025-08-01T03:49:36.359+0000] GC(881) Pause Young (Normal) (G1 Evacuation Pause)
[2025-08-01T03:49:36.359+0000] GC(881) Using 8 workers of 8 for evacuation
[2025-08-01T03:49:36.449+0000] GC(881)   Pre Evacuate Collection Set: 0.4ms
[2025-08-01T03:49:36.449+0000] GC(881)   Merge Heap Roots: 0.1ms
[2025-08-01T03:49:36.449+0000] GC(881)   Evacuate Collection Set: 88.4ms
[2025-08-01T03:49:36.449+0000] GC(881)   Post Evacuate Collection Set: 0.9ms
[2025-08-01T03:49:36.449+0000] GC(881)   Other: 0.1ms
[2025-08-01T03:49:36.449+0000] GC(881) Eden regions: 290->0(226)
[2025-08-01T03:49:36.449+0000] GC(881) Survivor regions: 54->43(43)
[2025-08-01T03:49:36.449+0000] GC(881) Old regions: 1093->1307
[2025-08-01T03:49:36.449+0000] GC(881) Humongous regions: 0->0
[2025-08-01T03:49:36.449+0000] GC(881) Metaspace: 10593K(10816K)->10593K(10816K) NonClass: 9335K(9472K)->9335K(9472K) Class: 1258K(1344K)->1258K(1344K)
[2025-08-01T03:49:36.450+0000] GC(881) Pause Young (Normal) (G1 Evacuation Pause) 2872M->2698M(4096M) 90.270ms
[2025-08-01T03:49:36.450+0000] GC(881) User=0.68s Sys=0.01s Real=0.09s
[2025-08-01T03:49:36.511+0000] GC(880) Concurrent Mark From Roots 169.711ms
[2025-08-01T03:49:36.511+0000] GC(880) Concurrent Preclean
[2025-08-01T03:49:36.511+0000] GC(880) Concurrent Preclean 0.032ms
[2025-08-01T03:49:36.511+0000] GC(880) Pause Remark
[2025-08-01T03:49:36.516+0000] GC(880) Pause Remark 2840M->1848M(4096M) 4.501ms
[2025-08-01T03:49:36.516+0000] GC(880) User=0.01s Sys=0.00s Real=0.01s
[2025-08-01T03:49:36.516+0000] GC(880) Concurrent Mark 175.087ms
[2025-08-01T03:49:36.516+0000] GC(880) Concurrent Rebuild Remembered Sets and Scrub Regions
[2025-08-01T03:49:36.549+0000] GC(882) Pause Young (Normal) (G1 Evacuation Pause)
[2025-08-01T03:49:36.549+0000] GC(882) Using 8 workers of 8 for evacuation
[2025-08-01T03:49:36.635+0000] GC(882)   Pre Evacuate Collection Set: 0.6ms
[2025-08-01T03:49:36.635+0000] GC(882)   Merge Heap Roots: 0.2ms
[2025-08-01T03:49:36.635+0000] GC(882)   Evacuate Collection Set: 84.1ms
[2025-08-01T03:49:36.635+0000] GC(882)   Post Evacuate Collection Set: 1.3ms
[2025-08-01T03:49:36.635+0000] GC(882)   Other: 0.1ms
[2025-08-01T03:49:36.635+0000] GC(882) Eden regions: 226->0(325)
[2025-08-01T03:49:36.635+0000] GC(882) Survivor regions: 43->34(34)
[2025-08-01T03:49:36.635+0000] GC(882) Old regions: 811->1020
[2025-08-01T03:49:36.635+0000] GC(882) Humongous regions: 0->0
[2025-08-01T03:49:36.635+0000] GC(882) Metaspace: 10593K(10816K)->10593K(10816K) NonClass: 9335K(9472K)->9335K(9472K) Class: 1258K(1344K)->1258K(1344K)
[2025-08-01T03:49:36.635+0000] GC(882) Pause Young (Normal) (G1 Evacuation Pause) 2158M->2106M(4096M) 86.532ms
[2025-08-01T03:49:36.635+0000] GC(882) User=0.59s Sys=0.03s Real=0.09s
[2025-08-01T03:49:36.777+0000] GC(883) Pause Young (Normal) (G1 Evacuation Pause)
[2025-08-01T03:49:36.777+0000] GC(883) Using 8 workers of 8 for evacuation
[2025-08-01T03:49:36.891+0000] GC(883)   Pre Evacuate Collection Set: 0.7ms
[2025-08-01T03:49:36.891+0000] GC(883)   Merge Heap Roots: 0.2ms
[2025-08-01T03:49:36.891+0000] GC(883)   Evacuate Collection Set: 111.8ms
[2025-08-01T03:49:36.892+0000] GC(883)   Post Evacuate Collection Set: 1.2ms
[2025-08-01T03:49:36.892+0000] GC(883)   Other: 0.1ms
[2025-08-01T03:49:36.892+0000] GC(883) Eden regions: 325->0(212)
[2025-08-01T03:49:36.892+0000] GC(883) Survivor regions: 34->45(45)
[2025-08-01T03:49:36.892+0000] GC(883) Old regions: 1020->1328
[2025-08-01T03:49:36.892+0000] GC(883) Humongous regions: 0->0
[2025-08-01T03:49:36.892+0000] GC(883) Metaspace: 10593K(10816K)->10593K(10816K) NonClass: 9335K(9472K)->9335K(9472K) Class: 1258K(1344K)->1258K(1344K)
[2025-08-01T03:49:36.892+0000] GC(883) Pause Young (Normal) (G1 Evacuation Pause) 2756M->2745M(4096M) 114.468ms
[2025-08-01T03:49:36.892+0000] GC(883) User=0.89s Sys=0.01s Real=0.11s
[2025-08-01T03:49:36.918+0000] GC(880) Concurrent Rebuild Remembered Sets and Scrub Regions 402.022ms
[2025-08-01T03:49:36.920+0000] GC(880) Pause Cleanup
[2025-08-01T03:49:36.920+0000] GC(880) Pause Cleanup 3007M->3007M(4096M) 0.804ms
[2025-08-01T03:49:36.920+0000] GC(880) User=0.00s Sys=0.00s Real=0.00s
[2025-08-01T03:49:36.921+0000] GC(880) Concurrent Clear Claimed Marks
[2025-08-01T03:49:36.921+0000] GC(880) Concurrent Clear Claimed Marks 0.039ms
[2025-08-01T03:49:36.921+0000] GC(880) Concurrent Cleanup for Next Mark
[2025-08-01T03:49:36.929+0000] GC(880) Concurrent Cleanup for Next Mark 8.052ms
[2025-08-01T03:49:36.929+0000] GC(880) Concurrent Mark Cycle 675.163ms
[2025-08-01T03:49:36.974+0000] GC(884) Pause Young (Prepare Mixed) (G1 Evacuation Pause)
[2025-08-01T03:49:36.974+0000] GC(884) Using 8 workers of 8 for evacuation
[2025-08-01T03:49:37.019+0000] GC(884)   Pre Evacuate Collection Set: 0.9ms
[2025-08-01T03:49:37.020+0000] GC(884)   Merge Heap Roots: 0.3ms
[2025-08-01T03:49:37.020+0000] GC(884)   Evacuate Collection Set: 43.2ms
[2025-08-01T03:49:37.020+0000] GC(884)   Post Evacuate Collection Set: 1.1ms
[2025-08-01T03:49:37.020+0000] GC(884)   Other: 0.2ms
[2025-08-01T03:49:37.020+0000] GC(884) Eden regions: 212->0(193)
[2025-08-01T03:49:37.020+0000] GC(884) Survivor regions: 45->33(33)
[2025-08-01T03:49:37.020+0000] GC(884) Old regions: 1328->1425
[2025-08-01T03:49:37.020+0000] GC(884) Humongous regions: 0->0
[2025-08-01T03:49:37.020+0000] GC(884) Metaspace: 10593K(10816K)->10593K(10816K) NonClass: 9335K(9472K)->9335K(9472K) Class: 1258K(1344K)->1258K(1344K)
[2025-08-01T03:49:37.020+0000] GC(884) Pause Young (Prepare Mixed) (G1 Evacuation Pause) 3169M->2914M(4096M) 45.936ms
[2025-08-01T03:49:37.020+0000] GC(884) User=0.32s Sys=0.01s Real=0.04s
[2025-08-01T03:49:37.101+0000] GC(885) Pause Young (Mixed) (G1 Evacuation Pause)
[2025-08-01T03:49:37.101+0000] GC(885) Using 8 workers of 8 for evacuation
[2025-08-01T03:49:37.197+0000] GC(885)   Pre Evacuate Collection Set: 0.9ms
[2025-08-01T03:49:37.197+0000] GC(885)   Merge Heap Roots: 0.2ms
[2025-08-01T03:49:37.197+0000] GC(885)   Evacuate Collection Set: 91.7ms
[2025-08-01T03:49:37.197+0000] GC(885)   Post Evacuate Collection Set: 2.9ms
[2025-08-01T03:49:37.197+0000] GC(885)   Other: 0.1ms
[2025-08-01T03:49:37.197+0000] GC(885) Eden regions: 193->0(146)
[2025-08-01T03:49:37.197+0000] GC(885) Survivor regions: 33->29(29)
[2025-08-01T03:49:37.197+0000] GC(885) Old regions: 1425->1567
[2025-08-01T03:49:37.197+0000] GC(885) Humongous regions: 0->0
[2025-08-01T03:49:37.197+0000] GC(885) Metaspace: 10593K(10816K)->10593K(10816K) NonClass: 9335K(9472K)->9335K(9472K) Class: 1258K(1344K)->1258K(1344K)
[2025-08-01T03:49:37.197+0000] GC(885) Pause Young (Mixed) (G1 Evacuation Pause) 3300M->3190M(4096M) 96.139ms
[2025-08-01T03:49:37.197+0000] GC(885) User=0.71s Sys=0.03s Real=0.10s
[2025-08-01T03:49:37.273+0000] GC(886) Pause Young (Concurrent Start) (G1 Evacuation Pause)
[2025-08-01T03:49:37.273+0000] GC(886) Using 8 workers of 8 for evacuation
[2025-08-01T03:49:37.373+0000] GC(886)   Pre Evacuate Collection Set: 2.9ms
[2025-08-01T03:49:37.373+0000] GC(886)   Merge Heap Roots: 0.1ms
[2025-08-01T03:49:37.374+0000] GC(886)   Evacuate Collection Set: 95.6ms
[2025-08-01T03:49:37.374+0000] GC(886)   Post Evacuate Collection Set: 1.1ms
[2025-08-01T03:49:37.374+0000] GC(886)   Other: 0.2ms
[2025-08-01T03:49:37.374+0000] GC(886) Eden regions: 146->0(95)
[2025-08-01T03:49:37.374+0000] GC(886) Survivor regions: 29->22(22)
[2025-08-01T03:49:37.374+0000] GC(886) Old regions: 1567->1721
[2025-08-01T03:49:37.374+0000] GC(886) Humongous regions: 0->0
[2025-08-01T03:49:37.374+0000] GC(886) Metaspace: 10593K(10816K)->10593K(10816K) NonClass: 9335K(9472K)->9335K(9472K) Class: 1258K(1344K)->1258K(1344K)
[2025-08-01T03:49:37.374+0000] GC(886) Pause Young (Concurrent Start) (G1 Evacuation Pause) 3482M->3485M(4096M) 100.226ms
[2025-08-01T03:49:37.374+0000] GC(886) User=0.68s Sys=0.05s Real=0.10s
[2025-08-01T03:49:37.374+0000] GC(887) Concurrent Mark Cycle
[2025-08-01T03:49:37.374+0000] GC(887) Concurrent Scan Root Regions
[2025-08-01T03:49:37.392+0000] GC(888) Pause Young (Normal) (G1 Evacuation Pause)
[2025-08-01T03:49:37.392+0000] GC(888) Using 8 workers of 8 for evacuation
[2025-08-01T03:49:37.411+0000] GC(887) Concurrent Scan Root Regions 37.388ms
[2025-08-01T03:49:37.411+0000] GC(887) Concurrent Mark
[2025-08-01T03:49:37.411+0000] GC(887) Concurrent Mark From Roots
[2025-08-01T03:49:37.411+0000] GC(887) Using 2 workers of 2 for marking
[2025-08-01T03:49:37.450+0000] GC(888)   Pre Evacuate Collection Set: 0.6ms
[2025-08-01T03:49:37.450+0000] GC(888)   Merge Heap Roots: 0.3ms
[2025-08-01T03:49:37.450+0000] GC(888)   Evacuate Collection Set: 37.2ms
[2025-08-01T03:49:37.450+0000] GC(888)   Post Evacuate Collection Set: 0.9ms
[2025-08-01T03:49:37.450+0000] GC(888)   Other: 0.1ms
[2025-08-01T03:49:37.450+0000] GC(888) Eden regions: 95->0(87)
[2025-08-01T03:49:37.450+0000] GC(888) Survivor regions: 22->15(15)
[2025-08-01T03:49:37.450+0000] GC(888) Old regions: 1721->1824
[2025-08-01T03:49:37.450+0000] GC(888) Humongous regions: 0->0
[2025-08-01T03:49:37.450+0000] GC(888) Metaspace: 10593K(10816K)->10593K(10816K) NonClass: 9335K(9472K)->9335K(9472K) Class: 1258K(1344K)->1258K(1344K)
[2025-08-01T03:49:37.450+0000] GC(888) Pause Young (Normal) (G1 Evacuation Pause) 3675M->3677M(4096M) 58.721ms
[2025-08-01T03:49:37.450+0000] GC(888) User=0.32s Sys=0.01s Real=0.06s
[2025-08-01T03:49:37.524+0000] GC(889) Pause Young (Normal) (G1 Evacuation Pause)
[2025-08-01T03:49:37.524+0000] GC(889) Using 8 workers of 8 for evacuation
[2025-08-01T03:49:37.551+0000] GC(889)   Pre Evacuate Collection Set: 0.6ms
[2025-08-01T03:49:37.551+0000] GC(889)   Merge Heap Roots: 0.2ms
[2025-08-01T03:49:37.551+0000] GC(889)   Evacuate Collection Set: 24.8ms
[2025-08-01T03:49:37.551+0000] GC(889)   Post Evacuate Collection Set: 1.4ms
[2025-08-01T03:49:37.551+0000] GC(889)   Other: 0.1ms
[2025-08-01T03:49:37.551+0000] GC(889) Eden regions: 87->0(89)
[2025-08-01T03:49:37.551+0000] GC(889) Survivor regions: 15->13(13)
[2025-08-01T03:49:37.551+0000] GC(889) Old regions: 1824->1898
[2025-08-01T03:49:37.551+0000] GC(889) Humongous regions: 0->0
[2025-08-01T03:49:37.551+0000] GC(889) Metaspace: 10593K(10816K)->10593K(10816K) NonClass: 9335K(9472K)->9335K(9472K) Class: 1258K(1344K)->1258K(1344K)
[2025-08-01T03:49:37.551+0000] GC(889) Pause Young (Normal) (G1 Evacuation Pause) 3851M->3821M(4096M) 27.553ms
[2025-08-01T03:49:37.551+0000] GC(889) User=0.20s Sys=0.00s Real=0.02s
[2025-08-01T03:49:37.567+0000] GC(890) Pause Young (Normal) (G1 Evacuation Pause)
[2025-08-01T03:49:37.567+0000] GC(890) Using 8 workers of 8 for evacuation
[2025-08-01T03:49:37.595+0000] GC(890)   Pre Evacuate Collection Set: 0.5ms
[2025-08-01T03:49:37.595+0000] GC(890)   Merge Heap Roots: 0.2ms
[2025-08-01T03:49:37.595+0000] GC(890)   Evacuate Collection Set: 21.3ms
[2025-08-01T03:49:37.595+0000] GC(890)   Post Evacuate Collection Set: 6.0ms
[2025-08-01T03:49:37.595+0000] GC(890)   Other: 0.1ms
[2025-08-01T03:49:37.595+0000] GC(890) Eden regions: 89->0(0)
[2025-08-01T03:49:37.595+0000] GC(890) Survivor regions: 13->13(13)
[2025-08-01T03:49:37.595+0000] GC(890) Old regions: 1898->2023
[2025-08-01T03:49:37.595+0000] GC(890) Humongous regions: 0->0
[2025-08-01T03:49:37.595+0000] GC(890) Metaspace: 10593K(10816K)->10593K(10816K) NonClass: 9335K(9472K)->9335K(9472K) Class: 1258K(1344K)->1258K(1344K)
[2025-08-01T03:49:37.596+0000] GC(890) Pause Young (Normal) (G1 Evacuation Pause) (Evacuation Failure) 3999M->4071M(4096M) 28.362ms
[2025-08-01T03:49:37.596+0000] GC(890) User=0.20s Sys=0.00s Real=0.03s
[2025-08-01T03:49:37.596+0000] Attempting full compaction
[2025-08-01T03:49:37.596+0000] GC(891) Pause Full (G1 Compaction Pause)
[2025-08-01T03:49:37.596+0000] GC(891) Using 8 workers of 8 for full compaction
[2025-08-01T03:49:37.602+0000] GC(891) Phase 1: Mark live objects
[2025-08-01T03:49:37.646+0000] GC(891) Phase 1: Mark live objects 44.661ms
[2025-08-01T03:49:37.646+0000] GC(891) Phase 2: Prepare compaction
[2025-08-01T03:49:37.664+0000] GC(891) Phase 2: Prepare compaction 17.330ms
[2025-08-01T03:49:37.664+0000] GC(891) Phase 3: Adjust pointers
[2025-08-01T03:49:37.702+0000] GC(891) Phase 3: Adjust pointers 38.277ms
[2025-08-01T03:49:37.702+0000] GC(891) Phase 4: Compact heap
[2025-08-01T03:49:37.750+0000] GC(891) Phase 4: Compact heap 48.053ms
[2025-08-01T03:49:37.750+0000] GC(891) Phase 5: Reset Metadata
[2025-08-01T03:49:37.780+0000] GC(891) Phase 5: Reset Metadata 30.004ms
[2025-08-01T03:49:37.788+0000] GC(891) Eden regions: 0->0(510)
[2025-08-01T03:49:37.788+0000] GC(891) Survivor regions: 13->0(13)
[2025-08-01T03:49:37.788+0000] GC(891) Old regions: 2023->482
[2025-08-01T03:49:37.788+0000] GC(891) Humongous regions: 0->0
[2025-08-01T03:49:37.788+0000] GC(891) Metaspace: 10593K(10816K)->10593K(10816K) NonClass: 9335K(9472K)->9335K(9472K) Class: 1258K(1344K)->1258K(1344K)
[2025-08-01T03:49:37.788+0000] GC(891) Pause Full (G1 Compaction Pause) 4071M->956M(4096M) 192.323ms
[2025-08-01T03:49:37.788+0000] GC(891) User=1.36s Sys=0.02s Real=0.19s
[2025-08-01T03:49:37.788+0000] GC(887) Concurrent Mark From Roots 377.036ms
[2025-08-01T03:49:37.788+0000] GC(887) Concurrent Mark Abort
[2025-08-01T03:49:37.788+0000] GC(887) Concurrent Mark Cycle 414.633ms
[2025-08-01T03:49:38.035+0000] GC(892) Pause Young (Normal) (G1 Evacuation Pause)
[2025-08-01T03:49:38.035+0000] GC(892) Using 8 workers of 8 for evacuation
[2025-08-01T03:49:38.162+0000] GC(892)   Pre Evacuate Collection Set: 0.9ms
[2025-08-01T03:49:38.162+0000] GC(892)   Merge Heap Roots: 0.6ms
[2025-08-01T03:49:38.162+0000] GC(892)   Evacuate Collection Set: 123.6ms
[2025-08-01T03:49:38.162+0000] GC(892)   Post Evacuate Collection Set: 1.6ms
[2025-08-01T03:49:38.162+0000] GC(892)   Other: 0.3ms
[2025-08-01T03:49:38.162+0000] GC(892) Eden regions: 510->0(442)
[2025-08-01T03:49:38.162+0000] GC(892) Survivor regions: 0->64(64)
[2025-08-01T03:49:38.162+0000] GC(892) Old regions: 482->687
[2025-08-01T03:49:38.162+0000] GC(892) Humongous regions: 0->0
[2025-08-01T03:49:38.162+0000] GC(892) Metaspace: 10593K(10816K)->10593K(10816K) NonClass: 9335K(9472K)->9335K(9472K) Class: 1258K(1344K)->1258K(1344K)
[2025-08-01T03:49:38.162+0000] GC(892) Pause Young (Normal) (G1 Evacuation Pause) 1976M->1493M(4096M) 127.395ms
[2025-08-01T03:49:38.162+0000] GC(892) User=0.91s Sys=0.05s Real=0.12s
[2025-08-01T03:49:38.334+0000] GC(893) Pause Young (Concurrent Start) (G1 Evacuation Pause)
[2025-08-01T03:49:38.335+0000] GC(893) Using 8 workers of 8 for evacuation
[2025-08-01T03:49:38.485+0000] GC(893)   Pre Evacuate Collection Set: 0.9ms
[2025-08-01T03:49:38.485+0000] GC(893)   Merge Heap Roots: 0.8ms
[2025-08-01T03:49:38.485+0000] GC(893)   Evacuate Collection Set: 146.7ms
[2025-08-01T03:49:38.485+0000] GC(893)   Post Evacuate Collection Set: 1.4ms
[2025-08-01T03:49:38.485+0000] GC(893)   Other: 0.2ms
[2025-08-01T03:49:38.485+0000] GC(893) Eden regions: 442->0(311)
[2025-08-01T03:49:38.485+0000] GC(893) Survivor regions: 64->64(64)
[2025-08-01T03:49:38.485+0000] GC(893) Old regions: 687->1039
[2025-08-01T03:49:38.485+0000] GC(893) Humongous regions: 0->0
[2025-08-01T03:49:38.485+0000] GC(893) Metaspace: 10593K(10816K)->10593K(10816K) NonClass: 9335K(9472K)->9335K(9472K) Class: 1258K(1344K)->1258K(1344K)
[2025-08-01T03:49:38.485+0000] GC(893) Pause Young (Concurrent Start) (G1 Evacuation Pause) 2377M->2197M(4096M) 150.447ms
[2025-08-01T03:49:38.485+0000] GC(893) User=1.09s Sys=0.03s Real=0.15s
[2025-08-01T03:49:38.485+0000] GC(894) Concurrent Mark Cycle
[2025-08-01T03:49:38.485+0000] GC(894) Concurrent Scan Root Regions
[2025-08-01T03:49:38.569+0000] GC(894) Concurrent Scan Root Regions 83.327ms
[2025-08-01T03:49:38.569+0000] GC(894) Concurrent Mark
[2025-08-01T03:49:38.569+0000] GC(894) Concurrent Mark From Roots
[2025-08-01T03:49:38.569+0000] GC(894) Using 2 workers of 2 for marking
[2025-08-01T03:49:38.613+0000] GC(894) Concurrent Mark From Roots 44.417ms
[2025-08-01T03:49:38.613+0000] GC(894) Concurrent Preclean
[2025-08-01T03:49:38.613+0000] GC(894) Concurrent Preclean 0.026ms
[2025-08-01T03:49:38.613+0000] GC(894) Pause Remark
[2025-08-01T03:49:38.618+0000] GC(894) Pause Remark 2716M->1715M(4096M) 4.535ms
[2025-08-01T03:49:38.618+0000] GC(894) User=0.02s Sys=0.00s Real=0.00s
[2025-08-01T03:49:38.618+0000] GC(894) Concurrent Mark 49.443ms
[2025-08-01T03:49:38.618+0000] GC(894) Concurrent Rebuild Remembered Sets and Scrub Regions
[2025-08-01T03:49:38.635+0000] GC(895) Pause Young (Normal) (G1 Evacuation Pause)
[2025-08-01T03:49:38.635+0000] GC(895) Using 8 workers of 8 for evacuation
[2025-08-01T03:49:38.677+0000] GC(895)   Pre Evacuate Collection Set: 0.7ms
[2025-08-01T03:49:38.677+0000] GC(895)   Merge Heap Roots: 0.5ms
[2025-08-01T03:49:38.677+0000] GC(895)   Evacuate Collection Set: 38.9ms
[2025-08-01T03:49:38.677+0000] GC(895)   Post Evacuate Collection Set: 1.7ms
[2025-08-01T03:49:38.677+0000] GC(895)   Other: 0.1ms
[2025-08-01T03:49:38.677+0000] GC(895) Eden regions: 311->0(493)
[2025-08-01T03:49:38.677+0000] GC(895) Survivor regions: 64->47(47)
[2025-08-01T03:49:38.677+0000] GC(895) Old regions: 535->621
[2025-08-01T03:49:38.677+0000] GC(895) Humongous regions: 0->0
[2025-08-01T03:49:38.677+0000] GC(895) Metaspace: 10593K(10816K)->10593K(10816K) NonClass: 9335K(9472K)->9335K(9472K) Class: 1258K(1344K)->1258K(1344K)
[2025-08-01T03:49:38.677+0000] GC(895) Pause Young (Normal) (G1 Evacuation Pause) 1818M->1335M(4096M) 42.186ms
[2025-08-01T03:49:38.677+0000] GC(895) User=0.31s Sys=0.01s Real=0.04s
[2025-08-01T03:49:38.774+0000] GC(894) Concurrent Rebuild Remembered Sets and Scrub Regions 155.930ms
[2025-08-01T03:49:38.775+0000] GC(894) Pause Cleanup
[2025-08-01T03:49:38.775+0000] GC(894) Pause Cleanup 1857M->1857M(4096M) 0.762ms
[2025-08-01T03:49:38.775+0000] GC(894) User=0.00s Sys=0.00s Real=0.00s
[2025-08-01T03:49:38.775+0000] GC(894) Concurrent Clear Claimed Marks
[2025-08-01T03:49:38.776+0000] GC(894) Concurrent Clear Claimed Marks 0.039ms
[2025-08-01T03:49:38.776+0000] GC(894) Concurrent Cleanup for Next Mark
[2025-08-01T03:49:38.788+0000] GC(894) Concurrent Cleanup for Next Mark 12.531ms
[2025-08-01T03:49:38.788+0000] GC(894) Concurrent Mark Cycle 303.137ms
[2025-08-01T03:49:38.914+0000] GC(896) Pause Young (Prepare Mixed) (G1 Evacuation Pause)
[2025-08-01T03:49:38.914+0000] GC(896) Using 8 workers of 8 for evacuation
[2025-08-01T03:49:39.037+0000] GC(896)   Pre Evacuate Collection Set: 1.2ms
[2025-08-01T03:49:39.037+0000] GC(896)   Merge Heap Roots: 0.4ms
[2025-08-01T03:49:39.037+0000] GC(896)   Evacuate Collection Set: 119.6ms
[2025-08-01T03:49:39.037+0000] GC(896)   Post Evacuate Collection Set: 1.4ms
[2025-08-01T03:49:39.037+0000] GC(896)   Other: 0.1ms
[2025-08-01T03:49:39.037+0000] GC(896) Eden regions: 493->0(326)
[2025-08-01T03:49:39.037+0000] GC(896) Survivor regions: 47->68(68)
[2025-08-01T03:49:39.037+0000] GC(896) Old regions: 621->948
[2025-08-01T03:49:39.037+0000] GC(896) Humongous regions: 0->0
[2025-08-01T03:49:39.037+0000] GC(896) Metaspace: 10593K(10816K)->10593K(10816K) NonClass: 9335K(9472K)->9335K(9472K) Class: 1258K(1344K)->1258K(1344K)
[2025-08-01T03:49:39.037+0000] GC(896) Pause Young (Prepare Mixed) (G1 Evacuation Pause) 2321M->2030M(4096M) 123.089ms
[2025-08-01T03:49:39.037+0000] GC(896) User=0.96s Sys=0.00s Real=0.12s
[2025-08-01T03:49:39.144+0000] GC(897) Pause Young (Mixed) (G1 Evacuation Pause)
[2025-08-01T03:49:39.144+0000] GC(897) Using 8 workers of 8 for evacuation
[2025-08-01T03:49:39.334+0000] GC(897)   Pre Evacuate Collection Set: 0.5ms
[2025-08-01T03:49:39.334+0000] GC(897)   Merge Heap Roots: 0.1ms
[2025-08-01T03:49:39.334+0000] GC(897)   Evacuate Collection Set: 187.6ms
[2025-08-01T03:49:39.334+0000] GC(897)   Post Evacuate Collection Set: 1.2ms
[2025-08-01T03:49:39.334+0000] GC(897)   Other: 0.1ms
[2025-08-01T03:49:39.334+0000] GC(897) Eden regions: 325->0(234)
[2025-08-01T03:49:39.334+0000] GC(897) Survivor regions: 68->50(50)
[2025-08-01T03:49:39.334+0000] GC(897) Old regions: 948->1278
[2025-08-01T03:49:39.334+0000] GC(897) Humongous regions: 0->0
[2025-08-01T03:49:39.334+0000] GC(897) Metaspace: 10593K(10816K)->10593K(10816K) NonClass: 9335K(9472K)->9335K(9472K) Class: 1258K(1344K)->1258K(1344K)
[2025-08-01T03:49:39.334+0000] GC(897) Pause Young (Mixed) (G1 Evacuation Pause) 2680M->2654M(4096M) 189.917ms
[2025-08-01T03:49:39.334+0000] GC(897) User=1.48s Sys=0.03s Real=0.19s
[2025-08-01T03:49:39.475+0000] GC(898) Pause Young (Concurrent Start) (G1 Evacuation Pause)
[2025-08-01T03:49:39.475+0000] GC(898) Using 8 workers of 8 for evacuation
[2025-08-01T03:49:39.591+0000] GC(898)   Pre Evacuate Collection Set: 0.8ms
[2025-08-01T03:49:39.591+0000] GC(898)   Merge Heap Roots: 0.2ms
[2025-08-01T03:49:39.591+0000] GC(898)   Evacuate Collection Set: 113.3ms
[2025-08-01T03:49:39.591+0000] GC(898)   Post Evacuate Collection Set: 1.2ms
[2025-08-01T03:49:39.591+0000] GC(898)   Other: 0.2ms
[2025-08-01T03:49:39.591+0000] GC(898) Eden regions: 234->0(173)
[2025-08-01T03:49:39.591+0000] GC(898) Survivor regions: 50->36(36)
[2025-08-01T03:49:39.591+0000] GC(898) Old regions: 1278->1461
[2025-08-01T03:49:39.591+0000] GC(898) Humongous regions: 0->0
[2025-08-01T03:49:39.591+0000] GC(898) Metaspace: 10593K(10816K)->10593K(10816K) NonClass: 9335K(9472K)->9335K(9472K) Class: 1258K(1344K)->1258K(1344K)
[2025-08-01T03:49:39.591+0000] GC(898) Pause Young (Concurrent Start) (G1 Evacuation Pause) 3122M->2993M(4096M) 116.071ms
[2025-08-01T03:49:39.591+0000] GC(898) User=0.85s Sys=0.04s Real=0.11s
[2025-08-01T03:49:39.592+0000] GC(899) Concurrent Mark Cycle
[2025-08-01T03:49:39.592+0000] GC(899) Concurrent Scan Root Regions
[2025-08-01T03:49:39.638+0000] GC(899) Concurrent Scan Root Regions 46.163ms
[2025-08-01T03:49:39.638+0000] GC(899) Concurrent Mark
[2025-08-01T03:49:39.638+0000] GC(899) Concurrent Mark From Roots
[2025-08-01T03:49:39.638+0000] GC(899) Using 2 workers of 2 for marking
[2025-08-01T03:49:39.671+0000] GC(900) Pause Young (Normal) (G1 Evacuation Pause)
[2025-08-01T03:49:39.672+0000] GC(900) Using 8 workers of 8 for evacuation
[2025-08-01T03:49:39.746+0000] GC(900)   Pre Evacuate Collection Set: 0.7ms
[2025-08-01T03:49:39.746+0000] GC(900)   Merge Heap Roots: 0.2ms
[2025-08-01T03:49:39.746+0000] GC(900)   Evacuate Collection Set: 72.1ms
[2025-08-01T03:49:39.746+0000] GC(900)   Post Evacuate Collection Set: 1.1ms
[2025-08-01T03:49:39.746+0000] GC(900)   Other: 0.1ms
[2025-08-01T03:49:39.746+0000] GC(900) Eden regions: 173->0(116)
[2025-08-01T03:49:39.746+0000] GC(900) Survivor regions: 36->27(27)
[2025-08-01T03:49:39.746+0000] GC(900) Old regions: 1461->1645
[2025-08-01T03:49:39.746+0000] GC(900) Humongous regions: 0->0
[2025-08-01T03:49:39.746+0000] GC(900) Metaspace: 10593K(10816K)->10593K(10816K) NonClass: 9335K(9472K)->9335K(9472K) Class: 1258K(1344K)->1258K(1344K)
[2025-08-01T03:49:39.746+0000] GC(900) Pause Young (Normal) (G1 Evacuation Pause) 3339M->3343M(4096M) 74.449ms
[2025-08-01T03:49:39.746+0000] GC(900) User=0.57s Sys=0.01s Real=0.08s
[2025-08-01T03:49:39.761+0000] GC(899) Concurrent Mark From Roots 123.259ms
[2025-08-01T03:49:39.761+0000] GC(899) Concurrent Preclean
[2025-08-01T03:49:39.761+0000] GC(899) Concurrent Preclean 0.031ms
[2025-08-01T03:49:39.762+0000] GC(899) Pause Remark
[2025-08-01T03:49:39.766+0000] GC(899) Pause Remark 3475M->1227M(4096M) 4.183ms
[2025-08-01T03:49:39.766+0000] GC(899) User=0.01s Sys=0.01s Real=0.01s
[2025-08-01T03:49:39.766+0000] GC(899) Concurrent Mark 128.534ms
[2025-08-01T03:49:39.766+0000] GC(899) Concurrent Rebuild Remembered Sets and Scrub Regions
[2025-08-01T03:49:39.776+0000] GC(901) Pause Young (Normal) (G1 Evacuation Pause)
[2025-08-01T03:49:39.776+0000] GC(901) Using 8 workers of 8 for evacuation
[2025-08-01T03:49:39.820+0000] GC(901)   Pre Evacuate Collection Set: 0.6ms
[2025-08-01T03:49:39.820+0000] GC(901)   Merge Heap Roots: 0.2ms
[2025-08-01T03:49:39.820+0000] GC(901)   Evacuate Collection Set: 41.2ms
[2025-08-01T03:49:39.820+0000] GC(901)   Post Evacuate Collection Set: 1.0ms
[2025-08-01T03:49:39.820+0000] GC(901)   Other: 0.1ms
[2025-08-01T03:49:39.820+0000] GC(901) Eden regions: 116->0(492)
[2025-08-01T03:49:39.820+0000] GC(901) Survivor regions: 27->18(18)
[2025-08-01T03:49:39.820+0000] GC(901) Old regions: 521->649
[2025-08-01T03:49:39.820+0000] GC(901) Humongous regions: 0->0
[2025-08-01T03:49:39.820+0000] GC(901) Metaspace: 10593K(10816K)->10593K(10816K) NonClass: 9335K(9472K)->9335K(9472K) Class: 1258K(1344K)->1258K(1344K)
[2025-08-01T03:49:39.820+0000] GC(901) Pause Young (Normal) (G1 Evacuation Pause) 1327M->1332M(4096M) 43.374ms
[2025-08-01T03:49:39.820+0000] GC(901) User=0.34s Sys=0.00s Real=0.04s
[2025-08-01T03:49:39.929+0000] GC(899) Concurrent Rebuild Remembered Sets and Scrub Regions 162.502ms
[2025-08-01T03:49:39.929+0000] GC(899) Pause Cleanup
[2025-08-01T03:49:39.930+0000] GC(899) Pause Cleanup 1799M->1799M(4096M) 0.960ms
[2025-08-01T03:49:39.930+0000] GC(899) User=0.00s Sys=0.00s Real=0.00s
[2025-08-01T03:49:39.930+0000] GC(899) Concurrent Clear Claimed Marks
[2025-08-01T03:49:39.930+0000] GC(899) Concurrent Clear Claimed Marks 0.054ms
[2025-08-01T03:49:39.930+0000] GC(899) Concurrent Cleanup for Next Mark
[2025-08-01T03:49:39.939+0000] GC(899) Concurrent Cleanup for Next Mark 8.138ms
[2025-08-01T03:49:39.939+0000] GC(899) Concurrent Mark Cycle 346.967ms
[2025-08-01T03:49:40.062+0000] GC(902) Pause Young (Prepare Mixed) (G1 Evacuation Pause)
[2025-08-01T03:49:40.062+0000] GC(902) Using 8 workers of 8 for evacuation
[2025-08-01T03:49:40.158+0000] GC(902)   Pre Evacuate Collection Set: 0.9ms
[2025-08-01T03:49:40.158+0000] GC(902)   Merge Heap Roots: 0.3ms
[2025-08-01T03:49:40.158+0000] GC(902)   Evacuate Collection Set: 93.2ms
[2025-08-01T03:49:40.158+0000] GC(902)   Post Evacuate Collection Set: 1.3ms
[2025-08-01T03:49:40.158+0000] GC(902)   Other: 0.1ms
[2025-08-01T03:49:40.158+0000] GC(902) Eden regions: 492->0(382)
[2025-08-01T03:49:40.158+0000] GC(902) Survivor regions: 18->64(64)
[2025-08-01T03:49:40.158+0000] GC(902) Old regions: 649->756
[2025-08-01T03:49:40.158+0000] GC(902) Humongous regions: 0->0
[2025-08-01T03:49:40.158+0000] GC(902) Metaspace: 10593K(10816K)->10593K(10816K) NonClass: 9335K(9472K)->9335K(9472K) Class: 1258K(1344K)->1258K(1344K)
[2025-08-01T03:49:40.158+0000] GC(902) Pause Young (Prepare Mixed) (G1 Evacuation Pause) 2316M->1638M(4096M) 96.051ms
[2025-08-01T03:49:40.158+0000] GC(902) User=0.71s Sys=0.03s Real=0.10s
[2025-08-01T03:49:40.342+0000] GC(903) Pause Young (Mixed) (G1 Evacuation Pause)
[2025-08-01T03:49:40.342+0000] GC(903) Using 8 workers of 8 for evacuation
[2025-08-01T03:49:40.530+0000] GC(903)   Pre Evacuate Collection Set: 1.1ms
[2025-08-01T03:49:40.530+0000] GC(903)   Merge Heap Roots: 0.5ms
[2025-08-01T03:49:40.530+0000] GC(903)   Evacuate Collection Set: 185.2ms
[2025-08-01T03:49:40.530+0000] GC(903)   Post Evacuate Collection Set: 1.1ms
[2025-08-01T03:49:40.530+0000] GC(903)   Other: 0.1ms
[2025-08-01T03:49:40.530+0000] GC(903) Eden regions: 381->0(281)
[2025-08-01T03:49:40.530+0000] GC(903) Survivor regions: 64->56(56)
[2025-08-01T03:49:40.530+0000] GC(903) Old regions: 756->1132
[2025-08-01T03:49:40.530+0000] GC(903) Humongous regions: 0->0
[2025-08-01T03:49:40.530+0000] GC(903) Metaspace: 10593K(10816K)->10593K(10816K) NonClass: 9335K(9472K)->9335K(9472K) Class: 1258K(1344K)->1258K(1344K)
[2025-08-01T03:49:40.530+0000] GC(903) Pause Young (Mixed) (G1 Evacuation Pause) 2400M->2374M(4096M) 188.265ms
[2025-08-01T03:49:40.530+0000] GC(903) User=1.37s Sys=0.04s Real=0.19s
[2025-08-01T03:49:40.688+0000] GC(904) Pause Young (Concurrent Start) (G1 Evacuation Pause)
[2025-08-01T03:49:40.688+0000] GC(904) Using 8 workers of 8 for evacuation
[2025-08-01T03:49:40.899+0000] GC(904) MMU target violated: 201.0ms (200.0ms/201.0ms)
[2025-08-01T03:49:40.900+0000] GC(904)   Pre Evacuate Collection Set: 1.4ms
[2025-08-01T03:49:40.900+0000] GC(904)   Merge Heap Roots: 0.9ms
[2025-08-01T03:49:40.900+0000] GC(904)   Evacuate Collection Set: 206.2ms
[2025-08-01T03:49:40.900+0000] GC(904)   Post Evacuate Collection Set: 2.6ms
[2025-08-01T03:49:40.900+0000] GC(904)   Other: 0.4ms
[2025-08-01T03:49:40.900+0000] GC(904) Eden regions: 281->0(201)
[2025-08-01T03:49:40.900+0000] GC(904) Survivor regions: 56->43(43)
[2025-08-01T03:49:40.900+0000] GC(904) Old regions: 1132->1362
[2025-08-01T03:49:40.900+0000] GC(904) Humongous regions: 0->0
[2025-08-01T03:49:40.900+0000] GC(904) Metaspace: 10593K(10816K)->10593K(10816K) NonClass: 9335K(9472K)->9335K(9472K) Class: 1258K(1344K)->1258K(1344K)
[2025-08-01T03:49:40.900+0000] GC(904) Pause Young (Concurrent Start) (G1 Evacuation Pause) 2936M->2809M(4096M) 211.960ms
[2025-08-01T03:49:40.900+0000] GC(904) User=1.55s Sys=0.06s Real=0.21s
[2025-08-01T03:49:40.900+0000] GC(905) Concurrent Mark Cycle
[2025-08-01T03:49:40.900+0000] GC(905) Concurrent Scan Root Regions
[2025-08-01T03:49:40.977+0000] GC(905) Concurrent Scan Root Regions 76.468ms
[2025-08-01T03:49:40.977+0000] GC(905) Concurrent Mark
[2025-08-01T03:49:40.977+0000] GC(905) Concurrent Mark From Roots
[2025-08-01T03:49:40.977+0000] GC(905) Using 2 workers of 2 for marking
[2025-08-01T03:49:41.009+0000] GC(906) Pause Young (Normal) (G1 Evacuation Pause)
[2025-08-01T03:49:41.009+0000] GC(906) Using 8 workers of 8 for evacuation
[2025-08-01T03:49:41.042+0000] GC(906)   Pre Evacuate Collection Set: 1.0ms
[2025-08-01T03:49:41.042+0000] GC(906)   Merge Heap Roots: 0.2ms
[2025-08-01T03:49:41.042+0000] GC(906)   Evacuate Collection Set: 30.2ms
[2025-08-01T03:49:41.042+0000] GC(906)   Post Evacuate Collection Set: 1.1ms
[2025-08-01T03:49:41.042+0000] GC(906)   Other: 0.1ms
[2025-08-01T03:49:41.042+0000] GC(906) Eden regions: 201->0(191)
[2025-08-01T03:49:41.042+0000] GC(906) Survivor regions: 43->31(31)
[2025-08-01T03:49:41.042+0000] GC(906) Old regions: 1362->1442
[2025-08-01T03:49:41.042+0000] GC(906) Humongous regions: 0->0
[2025-08-01T03:49:41.042+0000] GC(906) Metaspace: 10593K(10816K)->10593K(10816K) NonClass: 9335K(9472K)->9335K(9472K) Class: 1258K(1344K)->1258K(1344K)
[2025-08-01T03:49:41.042+0000] GC(906) Pause Young (Normal) (G1 Evacuation Pause) 3211M->2944M(4096M) 32.896ms
[2025-08-01T03:49:41.042+0000] GC(906) User=0.24s Sys=0.00s Real=0.03s
[2025-08-01T03:49:41.129+0000] GC(907) Pause Young (Normal) (G1 Evacuation Pause)
[2025-08-01T03:49:41.129+0000] GC(907) Using 8 workers of 8 for evacuation
[2025-08-01T03:49:41.204+0000] GC(907)   Pre Evacuate Collection Set: 0.9ms
[2025-08-01T03:49:41.204+0000] GC(907)   Merge Heap Roots: 0.2ms
[2025-08-01T03:49:41.204+0000] GC(907)   Evacuate Collection Set: 72.8ms
[2025-08-01T03:49:41.204+0000] GC(907)   Post Evacuate Collection Set: 1.2ms
[2025-08-01T03:49:41.204+0000] GC(907)   Other: 0.1ms
[2025-08-01T03:49:41.204+0000] GC(907) Eden regions: 191->0(120)
[2025-08-01T03:49:41.204+0000] GC(907) Survivor regions: 31->28(28)
[2025-08-01T03:49:41.204+0000] GC(907) Old regions: 1442->1638
[2025-08-01T03:49:41.204+0000] GC(907) Humongous regions: 0->0
[2025-08-01T03:49:41.204+0000] GC(907) Metaspace: 10593K(10816K)->10593K(10816K) NonClass: 9335K(9472K)->9335K(9472K) Class: 1258K(1344K)->1258K(1344K)
[2025-08-01T03:49:41.204+0000] GC(907) Pause Young (Normal) (G1 Evacuation Pause) 3326M->3331M(4096M) 75.467ms
[2025-08-01T03:49:41.204+0000] GC(907) User=0.57s Sys=0.01s Real=0.08s
[2025-08-01T03:49:41.223+0000] GC(905) Concurrent Mark From Roots 246.468ms
[2025-08-01T03:49:41.223+0000] GC(905) Concurrent Preclean
[2025-08-01T03:49:41.223+0000] GC(905) Concurrent Preclean 0.023ms
[2025-08-01T03:49:41.224+0000] GC(905) Pause Remark
[2025-08-01T03:49:41.227+0000] GC(905) Pause Remark 3501M->2127M(4096M) 2.557ms
[2025-08-01T03:49:41.227+0000] GC(905) User=0.00s Sys=0.00s Real=0.00s
[2025-08-01T03:49:41.227+0000] GC(905) Concurrent Mark 250.453ms
[2025-08-01T03:49:41.227+0000] GC(905) Concurrent Rebuild Remembered Sets and Scrub Regions
[2025-08-01T03:49:41.234+0000] GC(908) Pause Young (Normal) (G1 Evacuation Pause)
[2025-08-01T03:49:41.234+0000] GC(908) Using 8 workers of 8 for evacuation
[2025-08-01T03:49:41.280+0000] GC(908)   Pre Evacuate Collection Set: 0.6ms
[2025-08-01T03:49:41.280+0000] GC(908)   Merge Heap Roots: 0.2ms
[2025-08-01T03:49:41.280+0000] GC(908)   Evacuate Collection Set: 44.0ms
[2025-08-01T03:49:41.280+0000] GC(908)   Post Evacuate Collection Set: 0.9ms
[2025-08-01T03:49:41.280+0000] GC(908)   Other: 0.1ms
[2025-08-01T03:49:41.280+0000] GC(908) Eden regions: 120->0(309)
[2025-08-01T03:49:41.280+0000] GC(908) Survivor regions: 28->19(19)
[2025-08-01T03:49:41.280+0000] GC(908) Old regions: 951->1082
[2025-08-01T03:49:41.280+0000] GC(908) Humongous regions: 0->0
[2025-08-01T03:49:41.280+0000] GC(908) Metaspace: 10593K(10816K)->10593K(10816K) NonClass: 9335K(9472K)->9335K(9472K) Class: 1258K(1344K)->1258K(1344K)
[2025-08-01T03:49:41.280+0000] GC(908) Pause Young (Normal) (G1 Evacuation Pause) 2197M->2201M(4096M) 46.219ms
[2025-08-01T03:49:41.280+0000] GC(908) User=0.35s Sys=0.00s Real=0.04s
[2025-08-01T03:49:41.442+0000] GC(909) Pause Young (Normal) (G1 Evacuation Pause)
[2025-08-01T03:49:41.443+0000] GC(909) Using 8 workers of 8 for evacuation
[2025-08-01T03:49:41.537+0000] GC(909)   Pre Evacuate Collection Set: 0.5ms
[2025-08-01T03:49:41.537+0000] GC(909)   Merge Heap Roots: 0.1ms
[2025-08-01T03:49:41.537+0000] GC(909)   Evacuate Collection Set: 92.1ms
[2025-08-01T03:49:41.537+0000] GC(909)   Post Evacuate Collection Set: 1.0ms
[2025-08-01T03:49:41.537+0000] GC(909)   Other: 0.2ms
[2025-08-01T03:49:41.537+0000] GC(909) Eden regions: 309->0(220)
[2025-08-01T03:49:41.537+0000] GC(909) Survivor regions: 19->41(41)
[2025-08-01T03:49:41.537+0000] GC(909) Old regions: 1082->1323
[2025-08-01T03:49:41.537+0000] GC(909) Humongous regions: 0->0
[2025-08-01T03:49:41.537+0000] GC(909) Metaspace: 10593K(10816K)->10593K(10816K) NonClass: 9335K(9472K)->9335K(9472K) Class: 1258K(1344K)->1258K(1344K)
[2025-08-01T03:49:41.537+0000] GC(909) Pause Young (Normal) (G1 Evacuation Pause) 2819M->2727M(4096M) 94.197ms
[2025-08-01T03:49:41.537+0000] GC(909) User=0.70s Sys=0.02s Real=0.10s
[2025-08-01T03:49:41.578+0000] GC(905) Concurrent Rebuild Remembered Sets and Scrub Regions 351.156ms
[2025-08-01T03:49:41.579+0000] GC(905) Pause Cleanup
[2025-08-01T03:49:41.580+0000] GC(905) Pause Cleanup 2862M->2862M(4096M) 0.976ms
[2025-08-01T03:49:41.580+0000] GC(905) User=0.00s Sys=0.00s Real=0.00s
[2025-08-01T03:49:41.580+0000] GC(905) Concurrent Clear Claimed Marks
[2025-08-01T03:49:41.580+0000] GC(905) Concurrent Clear Claimed Marks 0.039ms
[2025-08-01T03:49:41.580+0000] GC(905) Concurrent Cleanup for Next Mark
[2025-08-01T03:49:41.589+0000] GC(905) Concurrent Cleanup for Next Mark 9.054ms
[2025-08-01T03:49:41.589+0000] GC(905) Concurrent Mark Cycle 688.860ms
[2025-08-01T03:49:41.629+0000] GC(910) Pause Young (Prepare Mixed) (G1 Evacuation Pause)
[2025-08-01T03:49:41.629+0000] GC(910) Using 8 workers of 8 for evacuation
[2025-08-01T03:49:41.719+0000] GC(910)   Pre Evacuate Collection Set: 0.8ms
[2025-08-01T03:49:41.719+0000] GC(910)   Merge Heap Roots: 0.2ms
[2025-08-01T03:49:41.719+0000] GC(910)   Evacuate Collection Set: 86.9ms
[2025-08-01T03:49:41.719+0000] GC(910)   Post Evacuate Collection Set: 1.3ms
[2025-08-01T03:49:41.719+0000] GC(910)   Other: 0.3ms
[2025-08-01T03:49:41.719+0000] GC(910) Eden regions: 220->0(144)
[2025-08-01T03:49:41.719+0000] GC(910) Survivor regions: 41->33(33)
[2025-08-01T03:49:41.719+0000] GC(910) Old regions: 1323->1553
[2025-08-01T03:49:41.719+0000] GC(910) Humongous regions: 0->0
[2025-08-01T03:49:41.719+0000] GC(910) Metaspace: 10593K(10816K)->10593K(10816K) NonClass: 9335K(9472K)->9335K(9472K) Class: 1258K(1344K)->1258K(1344K)
[2025-08-01T03:49:41.719+0000] GC(910) Pause Young (Prepare Mixed) (G1 Evacuation Pause) 3167M->3170M(4096M) 89.764ms
[2025-08-01T03:49:41.719+0000] GC(910) User=0.67s Sys=0.01s Real=0.09s
[2025-08-01T03:49:41.803+0000] GC(911) Pause Young (Mixed) (G1 Evacuation Pause)
[2025-08-01T03:49:41.804+0000] GC(911) Using 8 workers of 8 for evacuation
[2025-08-01T03:49:41.876+0000] GC(911)   Pre Evacuate Collection Set: 1.0ms
[2025-08-01T03:49:41.876+0000] GC(911)   Merge Heap Roots: 0.2ms
[2025-08-01T03:49:41.876+0000] GC(911)   Evacuate Collection Set: 70.1ms
[2025-08-01T03:49:41.876+0000] GC(911)   Post Evacuate Collection Set: 1.1ms
[2025-08-01T03:49:41.876+0000] GC(911)   Other: 0.1ms
[2025-08-01T03:49:41.876+0000] GC(911) Eden regions: 144->0(120)
[2025-08-01T03:49:41.876+0000] GC(911) Survivor regions: 33->23(23)
[2025-08-01T03:49:41.876+0000] GC(911) Old regions: 1553->1640
[2025-08-01T03:49:41.876+0000] GC(911) Humongous regions: 0->0
[2025-08-01T03:49:41.876+0000] GC(911) Metaspace: 10593K(10816K)->10593K(10816K) NonClass: 9335K(9472K)->9335K(9472K) Class: 1258K(1344K)->1258K(1344K)
[2025-08-01T03:49:41.876+0000] GC(911) Pause Young (Mixed) (G1 Evacuation Pause) 3458M->3324M(4096M) 72.711ms
[2025-08-01T03:49:41.876+0000] GC(911) User=0.49s Sys=0.03s Real=0.07s
[2025-08-01T03:49:41.952+0000] GC(912) Pause Young (Concurrent Start) (G1 Evacuation Pause)
[2025-08-01T03:49:41.952+0000] GC(912) Using 8 workers of 8 for evacuation
[2025-08-01T03:49:42.045+0000] GC(912)   Pre Evacuate Collection Set: 1.1ms
[2025-08-01T03:49:42.045+0000] GC(912)   Merge Heap Roots: 0.2ms
[2025-08-01T03:49:42.045+0000] GC(912)   Evacuate Collection Set: 89.9ms
[2025-08-01T03:49:42.045+0000] GC(912)   Post Evacuate Collection Set: 1.7ms
[2025-08-01T03:49:42.045+0000] GC(912)   Other: 0.3ms
[2025-08-01T03:49:42.045+0000] GC(912) Eden regions: 120->0(84)
[2025-08-01T03:49:42.045+0000] GC(912) Survivor regions: 23->18(18)
[2025-08-01T03:49:42.045+0000] GC(912) Old regions: 1640->1767
[2025-08-01T03:49:42.045+0000] GC(912) Humongous regions: 0->0
[2025-08-01T03:49:42.045+0000] GC(912) Metaspace: 10593K(10816K)->10593K(10816K) NonClass: 9335K(9472K)->9335K(9472K) Class: 1258K(1344K)->1258K(1344K)
[2025-08-01T03:49:42.046+0000] GC(912) Pause Young (Concurrent Start) (G1 Evacuation Pause) 3564M->3569M(4096M) 93.634ms
[2025-08-01T03:49:42.046+0000] GC(912) User=0.66s Sys=0.04s Real=0.10s
[2025-08-01T03:49:42.046+0000] GC(913) Concurrent Mark Cycle
[2025-08-01T03:49:42.046+0000] GC(913) Concurrent Scan Root Regions
[2025-08-01T03:49:42.078+0000] GC(914) Pause Young (Normal) (G1 Evacuation Pause)
[2025-08-01T03:49:42.078+0000] GC(914) Using 8 workers of 8 for evacuation
[2025-08-01T03:49:42.096+0000] GC(913) Concurrent Scan Root Regions 49.449ms
[2025-08-01T03:49:42.096+0000] GC(913) Concurrent Mark
[2025-08-01T03:49:42.096+0000] GC(913) Concurrent Mark From Roots
[2025-08-01T03:49:42.096+0000] GC(913) Using 2 workers of 2 for marking
[2025-08-01T03:49:42.141+0000] GC(914)   Pre Evacuate Collection Set: 1.2ms
[2025-08-01T03:49:42.141+0000] GC(914)   Merge Heap Roots: 0.2ms
[2025-08-01T03:49:42.141+0000] GC(914)   Evacuate Collection Set: 43.1ms
[2025-08-01T03:49:42.141+0000] GC(914)   Post Evacuate Collection Set: 0.8ms
[2025-08-01T03:49:42.141+0000] GC(914)   Other: 0.1ms
[2025-08-01T03:49:42.141+0000] GC(914) Eden regions: 84->0(89)
[2025-08-01T03:49:42.141+0000] GC(914) Survivor regions: 18->13(13)
[2025-08-01T03:49:42.141+0000] GC(914) Old regions: 1767->1858
[2025-08-01T03:49:42.141+0000] GC(914) Humongous regions: 0->0
[2025-08-01T03:49:42.141+0000] GC(914) Metaspace: 10593K(10816K)->10593K(10816K) NonClass: 9335K(9472K)->9335K(9472K) Class: 1258K(1344K)->1258K(1344K)
[2025-08-01T03:49:42.141+0000] GC(914) Pause Young (Normal) (G1 Evacuation Pause) 3737M->3740M(4096M) 63.034ms
[2025-08-01T03:49:42.141+0000] GC(914) User=0.36s Sys=0.01s Real=0.06s
[2025-08-01T03:49:42.205+0000] GC(915) Pause Young (Normal) (G1 Evacuation Pause)
[2025-08-01T03:49:42.205+0000] GC(915) Using 8 workers of 8 for evacuation
[2025-08-01T03:49:42.234+0000] GC(915)   Pre Evacuate Collection Set: 0.6ms
[2025-08-01T03:49:42.234+0000] GC(915)   Merge Heap Roots: 0.1ms
[2025-08-01T03:49:42.234+0000] GC(915)   Evacuate Collection Set: 25.8ms
[2025-08-01T03:49:42.234+0000] GC(915)   Post Evacuate Collection Set: 2.3ms
[2025-08-01T03:49:42.234+0000] GC(915)   Other: 0.2ms
[2025-08-01T03:49:42.234+0000] GC(915) Eden regions: 89->0(57)
[2025-08-01T03:49:42.234+0000] GC(915) Survivor regions: 13->13(13)
[2025-08-01T03:49:42.234+0000] GC(915) Old regions: 1858->1965
[2025-08-01T03:49:42.234+0000] GC(915) Humongous regions: 0->0
[2025-08-01T03:49:42.234+0000] GC(915) Metaspace: 10593K(10816K)->10593K(10816K) NonClass: 9335K(9472K)->9335K(9472K) Class: 1258K(1344K)->1258K(1344K)
[2025-08-01T03:49:42.234+0000] GC(915) Pause Young (Normal) (G1 Evacuation Pause) (Evacuation Failure) 3918M->3955M(4096M) 29.337ms
[2025-08-01T03:49:42.234+0000] GC(915) User=0.21s Sys=0.00s Real=0.03s
[2025-08-01T03:49:42.246+0000] GC(916) Pause Young (Normal) (G1 Evacuation Pause)
[2025-08-01T03:49:42.246+0000] GC(916) Using 8 workers of 8 for evacuation
[2025-08-01T03:49:42.263+0000] GC(916)   Pre Evacuate Collection Set: 0.4ms
[2025-08-01T03:49:42.263+0000] GC(916)   Merge Heap Roots: 0.2ms
[2025-08-01T03:49:42.263+0000] GC(916)   Evacuate Collection Set: 10.6ms
[2025-08-01T03:49:42.263+0000] GC(916)   Post Evacuate Collection Set: 5.6ms
[2025-08-01T03:49:42.263+0000] GC(916)   Other: 0.4ms
[2025-08-01T03:49:42.263+0000] GC(916) Eden regions: 57->0(0)
[2025-08-01T03:49:42.263+0000] GC(916) Survivor regions: 13->7(9)
[2025-08-01T03:49:42.263+0000] GC(916) Old regions: 1965->2041
[2025-08-01T03:49:42.263+0000] GC(916) Humongous regions: 0->0
[2025-08-01T03:49:42.263+0000] GC(916) Metaspace: 10593K(10816K)->10593K(10816K) NonClass: 9335K(9472K)->9335K(9472K) Class: 1258K(1344K)->1258K(1344K)
[2025-08-01T03:49:42.263+0000] GC(916) Pause Young (Normal) (G1 Evacuation Pause) (Evacuation Failure) 4069M->4095M(4096M) 17.457ms
[2025-08-01T03:49:42.263+0000] GC(916) User=0.12s Sys=0.01s Real=0.02s
[2025-08-01T03:49:42.263+0000] Attempting full compaction
[2025-08-01T03:49:42.263+0000] GC(917) Pause Full (G1 Compaction Pause)
[2025-08-01T03:49:42.263+0000] GC(917) Using 8 workers of 8 for full compaction
[2025-08-01T03:49:42.268+0000] GC(917) Phase 1: Mark live objects
[2025-08-01T03:49:42.315+0000] GC(917) Phase 1: Mark live objects 46.069ms
[2025-08-01T03:49:42.315+0000] GC(917) Phase 2: Prepare compaction
[2025-08-01T03:49:42.327+0000] GC(917) Phase 2: Prepare compaction 12.299ms
[2025-08-01T03:49:42.327+0000] GC(917) Phase 3: Adjust pointers
[2025-08-01T03:49:42.377+0000] GC(917) Phase 3: Adjust pointers 49.748ms
[2025-08-01T03:49:42.377+0000] GC(917) Phase 4: Compact heap
[2025-08-01T03:49:42.418+0000] GC(917) Phase 4: Compact heap 41.494ms
[2025-08-01T03:49:42.418+0000] GC(917) Phase 5: Reset Metadata
[2025-08-01T03:49:42.460+0000] GC(917) Phase 5: Reset Metadata 41.181ms
[2025-08-01T03:49:42.467+0000] GC(917) Eden regions: 0->0(423)
[2025-08-01T03:49:42.467+0000] GC(917) Survivor regions: 7->0(9)
[2025-08-01T03:49:42.467+0000] GC(917) Old regions: 2041->576
[2025-08-01T03:49:42.467+0000] GC(917) Humongous regions: 0->0
[2025-08-01T03:49:42.467+0000] GC(917) Metaspace: 10593K(10816K)->10593K(10816K) NonClass: 9335K(9472K)->9335K(9472K) Class: 1258K(1344K)->1258K(1344K)
[2025-08-01T03:49:42.467+0000] GC(917) Pause Full (G1 Compaction Pause) 4095M->1145M(4096M) 203.496ms
[2025-08-01T03:49:42.467+0000] GC(917) User=1.51s Sys=0.00s Real=0.20s
[2025-08-01T03:49:42.467+0000] GC(913) Concurrent Mark From Roots 371.634ms
[2025-08-01T03:49:42.467+0000] GC(913) Concurrent Mark Abort
[2025-08-01T03:49:42.467+0000] GC(913) Concurrent Mark Cycle 421.328ms
[2025-08-01T03:49:42.639+0000] GC(918) Pause Young (Normal) (G1 Evacuation Pause)
[2025-08-01T03:49:42.639+0000] GC(918) Using 8 workers of 8 for evacuation
[2025-08-01T03:49:42.751+0000] GC(918)   Pre Evacuate Collection Set: 0.8ms
[2025-08-01T03:49:42.751+0000] GC(918)   Merge Heap Roots: 0.2ms
[2025-08-01T03:49:42.751+0000] GC(918)   Evacuate Collection Set: 108.9ms
[2025-08-01T03:49:42.751+0000] GC(918)   Post Evacuate Collection Set: 2.2ms
[2025-08-01T03:49:42.751+0000] GC(918)   Other: 0.1ms
[2025-08-01T03:49:42.751+0000] GC(918) Eden regions: 421->0(377)
[2025-08-01T03:49:42.751+0000] GC(918) Survivor regions: 0->53(53)
[2025-08-01T03:49:42.751+0000] GC(918) Old regions: 576->828
[2025-08-01T03:49:42.751+0000] GC(918) Humongous regions: 0->0
[2025-08-01T03:49:42.751+0000] GC(918) Metaspace: 10593K(10816K)->10593K(10816K) NonClass: 9335K(9472K)->9335K(9472K) Class: 1258K(1344K)->1258K(1344K)
[2025-08-01T03:49:42.751+0000] GC(918) Pause Young (Normal) (G1 Evacuation Pause) 1987M->1755M(4096M) 112.650ms
[2025-08-01T03:49:42.751+0000] GC(918) User=0.84s Sys=0.02s Real=0.11s
[2025-08-01T03:49:42.916+0000] GC(919) Pause Young (Concurrent Start) (G1 Evacuation Pause)
[2025-08-01T03:49:42.916+0000] GC(919) Using 8 workers of 8 for evacuation
[2025-08-01T03:49:43.076+0000] GC(919)   Pre Evacuate Collection Set: 0.8ms
[2025-08-01T03:49:43.076+0000] GC(919)   Merge Heap Roots: 0.4ms
[2025-08-01T03:49:43.076+0000] GC(919)   Evacuate Collection Set: 156.1ms
[2025-08-01T03:49:43.076+0000] GC(919)   Post Evacuate Collection Set: 1.3ms
[2025-08-01T03:49:43.076+0000] GC(919)   Other: 0.9ms
[2025-08-01T03:49:43.076+0000] GC(919) Eden regions: 377->0(266)
[2025-08-01T03:49:43.076+0000] GC(919) Survivor regions: 53->54(54)
[2025-08-01T03:49:43.076+0000] GC(919) Old regions: 828->1148
[2025-08-01T03:49:43.076+0000] GC(919) Humongous regions: 0->0
[2025-08-01T03:49:43.076+0000] GC(919) Metaspace: 10593K(10816K)->10593K(10816K) NonClass: 9335K(9472K)->9335K(9472K) Class: 1258K(1344K)->1258K(1344K)
[2025-08-01T03:49:43.076+0000] GC(919) Pause Young (Concurrent Start) (G1 Evacuation Pause) 2509M->2397M(4096M) 159.815ms
[2025-08-01T03:49:43.076+0000] GC(919) User=1.20s Sys=0.04s Real=0.16s
[2025-08-01T03:49:43.076+0000] GC(920) Concurrent Mark Cycle
[2025-08-01T03:49:43.076+0000] GC(920) Concurrent Scan Root Regions
[2025-08-01T03:49:43.155+0000] GC(920) Concurrent Scan Root Regions 79.167ms
[2025-08-01T03:49:43.155+0000] GC(920) Concurrent Mark
[2025-08-01T03:49:43.155+0000] GC(920) Concurrent Mark From Roots
[2025-08-01T03:49:43.155+0000] GC(920) Using 2 workers of 2 for marking
[2025-08-01T03:49:43.175+0000] GC(921) Pause Young (Normal) (G1 Evacuation Pause)
[2025-08-01T03:49:43.175+0000] GC(921) Using 8 workers of 8 for evacuation
[2025-08-01T03:49:43.258+0000] GC(921)   Pre Evacuate Collection Set: 0.6ms
[2025-08-01T03:49:43.258+0000] GC(921)   Merge Heap Roots: 0.2ms
[2025-08-01T03:49:43.258+0000] GC(921)   Evacuate Collection Set: 81.5ms
[2025-08-01T03:49:43.258+0000] GC(921)   Post Evacuate Collection Set: 0.9ms
[2025-08-01T03:49:43.258+0000] GC(921)   Other: 0.1ms
[2025-08-01T03:49:43.258+0000] GC(921) Eden regions: 266->0(196)
[2025-08-01T03:49:43.258+0000] GC(921) Survivor regions: 54->40(40)
[2025-08-01T03:49:43.258+0000] GC(921) Old regions: 1148->1385
[2025-08-01T03:49:43.258+0000] GC(921) Humongous regions: 0->0
[2025-08-01T03:49:43.258+0000] GC(921) Metaspace: 10593K(10816K)->10593K(10816K) NonClass: 9335K(9472K)->9335K(9472K) Class: 1258K(1344K)->1258K(1344K)
[2025-08-01T03:49:43.258+0000] GC(921) Pause Young (Normal) (G1 Evacuation Pause) 2929M->2842M(4096M) 83.692ms
[2025-08-01T03:49:43.258+0000] GC(921) User=0.65s Sys=0.00s Real=0.08s
[2025-08-01T03:49:43.294+0000] GC(920) Concurrent Mark From Roots 138.076ms
[2025-08-01T03:49:43.294+0000] GC(920) Concurrent Preclean
[2025-08-01T03:49:43.294+0000] GC(920) Concurrent Preclean 0.024ms
[2025-08-01T03:49:43.294+0000] GC(920) Pause Remark
[2025-08-01T03:49:43.297+0000] GC(920) Pause Remark 3136M->1848M(4096M) 3.642ms
[2025-08-01T03:49:43.297+0000] GC(920) User=0.01s Sys=0.01s Real=0.00s
[2025-08-01T03:49:43.298+0000] GC(920) Concurrent Mark 142.217ms
[2025-08-01T03:49:43.298+0000] GC(920) Concurrent Rebuild Remembered Sets and Scrub Regions
[2025-08-01T03:49:43.340+0000] GC(922) Pause Young (Normal) (G1 Evacuation Pause)
[2025-08-01T03:49:43.340+0000] GC(922) Using 8 workers of 8 for evacuation
[2025-08-01T03:49:43.403+0000] GC(922)   Pre Evacuate Collection Set: 0.7ms
[2025-08-01T03:49:43.403+0000] GC(922)   Merge Heap Roots: 0.3ms
[2025-08-01T03:49:43.403+0000] GC(922)   Evacuate Collection Set: 61.1ms
[2025-08-01T03:49:43.403+0000] GC(922)   Post Evacuate Collection Set: 1.2ms
[2025-08-01T03:49:43.404+0000] GC(922)   Other: 0.1ms
[2025-08-01T03:49:43.404+0000] GC(922) Eden regions: 196->0(360)
[2025-08-01T03:49:43.404+0000] GC(922) Survivor regions: 40->30(30)
[2025-08-01T03:49:43.404+0000] GC(922) Old regions: 738->900
[2025-08-01T03:49:43.404+0000] GC(922) Humongous regions: 0->0
[2025-08-01T03:49:43.404+0000] GC(922) Metaspace: 10593K(10816K)->10593K(10816K) NonClass: 9335K(9472K)->9335K(9472K) Class: 1258K(1344K)->1258K(1344K)
[2025-08-01T03:49:43.404+0000] GC(922) Pause Young (Normal) (G1 Evacuation Pause) 1946M->1859M(4096M) 63.641ms
[2025-08-01T03:49:43.404+0000] GC(922) User=0.49s Sys=0.01s Real=0.07s
[2025-08-01T03:49:43.531+0000] GC(920) Concurrent Rebuild Remembered Sets and Scrub Regions 233.571ms
[2025-08-01T03:49:43.531+0000] GC(920) Pause Cleanup
[2025-08-01T03:49:43.532+0000] GC(920) Pause Cleanup 2573M->2573M(4096M) 0.948ms
[2025-08-01T03:49:43.532+0000] GC(920) User=0.00s Sys=0.00s Real=0.00s
[2025-08-01T03:49:43.533+0000] GC(920) Concurrent Clear Claimed Marks
[2025-08-01T03:49:43.533+0000] GC(920) Concurrent Clear Claimed Marks 0.038ms
[2025-08-01T03:49:43.533+0000] GC(920) Concurrent Cleanup for Next Mark
[2025-08-01T03:49:43.540+0000] GC(920) Concurrent Cleanup for Next Mark 7.370ms
[2025-08-01T03:49:43.540+0000] GC(920) Concurrent Mark Cycle 464.004ms
[2025-08-01T03:49:43.577+0000] GC(923) Pause Young (Prepare Mixed) (G1 Evacuation Pause)
[2025-08-01T03:49:43.577+0000] GC(923) Using 8 workers of 8 for evacuation
[2025-08-01T03:49:43.697+0000] GC(923)   Pre Evacuate Collection Set: 2.1ms
[2025-08-01T03:49:43.698+0000] GC(923)   Merge Heap Roots: 0.2ms
[2025-08-01T03:49:43.698+0000] GC(923)   Evacuate Collection Set: 116.8ms
[2025-08-01T03:49:43.698+0000] GC(923)   Post Evacuate Collection Set: 1.0ms
[2025-08-01T03:49:43.698+0000] GC(923)   Other: 0.1ms
[2025-08-01T03:49:43.698+0000] GC(923) Eden regions: 360->0(280)
[2025-08-01T03:49:43.698+0000] GC(923) Survivor regions: 30->49(49)
[2025-08-01T03:49:43.698+0000] GC(923) Old regions: 900->1133
[2025-08-01T03:49:43.698+0000] GC(923) Humongous regions: 0->0
[2025-08-01T03:49:43.698+0000] GC(923) Metaspace: 10593K(10816K)->10593K(10816K) NonClass: 9335K(9472K)->9335K(9472K) Class: 1258K(1344K)->1258K(1344K)
[2025-08-01T03:49:43.698+0000] GC(923) Pause Young (Prepare Mixed) (G1 Evacuation Pause) 2579M->2363M(4096M) 120.553ms
[2025-08-01T03:49:43.698+0000] GC(923) User=0.81s Sys=0.05s Real=0.12s
[2025-08-01T03:49:43.802+0000] GC(924) Pause Young (Mixed) (G1 Evacuation Pause)
[2025-08-01T03:49:43.802+0000] GC(924) Using 8 workers of 8 for evacuation
[2025-08-01T03:49:43.956+0000] GC(924)   Pre Evacuate Collection Set: 1.2ms
[2025-08-01T03:49:43.956+0000] GC(924)   Merge Heap Roots: 0.3ms
[2025-08-01T03:49:43.956+0000] GC(924)   Evacuate Collection Set: 151.3ms
[2025-08-01T03:49:43.956+0000] GC(924)   Post Evacuate Collection Set: 1.3ms
[2025-08-01T03:49:43.956+0000] GC(924)   Other: 0.1ms
[2025-08-01T03:49:43.956+0000] GC(924) Eden regions: 280->0(208)
[2025-08-01T03:49:43.956+0000] GC(924) Survivor regions: 49->42(42)
[2025-08-01T03:49:43.956+0000] GC(924) Old regions: 1133->1358
[2025-08-01T03:49:43.957+0000] GC(924) Humongous regions: 0->0
[2025-08-01T03:49:43.957+0000] GC(924) Metaspace: 10593K(10816K)->10593K(10816K) NonClass: 9335K(9472K)->9335K(9472K) Class: 1258K(1344K)->1258K(1344K)
[2025-08-01T03:49:43.957+0000] GC(924) Pause Young (Mixed) (G1 Evacuation Pause) 2923M->2799M(4096M) 154.479ms
[2025-08-01T03:49:43.957+0000] GC(924) User=1.15s Sys=0.04s Real=0.16s
[2025-08-01T03:49:44.044+0000] GC(925) Pause Young (Concurrent Start) (G1 Evacuation Pause)
[2025-08-01T03:49:44.044+0000] GC(925) Using 8 workers of 8 for evacuation
[2025-08-01T03:49:44.149+0000] GC(925)   Pre Evacuate Collection Set: 0.8ms
[2025-08-01T03:49:44.149+0000] GC(925)   Merge Heap Roots: 0.2ms
[2025-08-01T03:49:44.149+0000] GC(925)   Evacuate Collection Set: 102.5ms
[2025-08-01T03:49:44.149+0000] GC(925)   Post Evacuate Collection Set: 1.0ms
[2025-08-01T03:49:44.149+0000] GC(925)   Other: 0.3ms
[2025-08-01T03:49:44.149+0000] GC(925) Eden regions: 208->0(136)
[2025-08-01T03:49:44.149+0000] GC(925) Survivor regions: 42->32(32)
[2025-08-01T03:49:44.149+0000] GC(925) Old regions: 1358->1578
[2025-08-01T03:49:44.149+0000] GC(925) Humongous regions: 0->0
[2025-08-01T03:49:44.149+0000] GC(925) Metaspace: 10593K(10816K)->10593K(10816K) NonClass: 9335K(9472K)->9335K(9472K) Class: 1258K(1344K)->1258K(1344K)
[2025-08-01T03:49:44.149+0000] GC(925) Pause Young (Concurrent Start) (G1 Evacuation Pause) 3215M->3218M(4096M) 105.148ms
[2025-08-01T03:49:44.149+0000] GC(925) User=0.78s Sys=0.03s Real=0.10s
[2025-08-01T03:49:44.149+0000] GC(926) Concurrent Mark Cycle
[2025-08-01T03:49:44.149+0000] GC(926) Concurrent Scan Root Regions
[2025-08-01T03:49:44.190+0000] GC(926) Concurrent Scan Root Regions 40.798ms
[2025-08-01T03:49:44.190+0000] GC(926) Concurrent Mark
[2025-08-01T03:49:44.190+0000] GC(926) Concurrent Mark From Roots
[2025-08-01T03:49:44.190+0000] GC(926) Using 2 workers of 2 for marking
[2025-08-01T03:49:44.226+0000] GC(927) Pause Young (Normal) (G1 Evacuation Pause)
[2025-08-01T03:49:44.227+0000] GC(927) Using 8 workers of 8 for evacuation
[2025-08-01T03:49:44.275+0000] GC(927)   Pre Evacuate Collection Set: 1.1ms
[2025-08-01T03:49:44.275+0000] GC(927)   Merge Heap Roots: 0.2ms
[2025-08-01T03:49:44.275+0000] GC(927)   Evacuate Collection Set: 45.9ms
[2025-08-01T03:49:44.275+0000] GC(927)   Post Evacuate Collection Set: 1.4ms
[2025-08-01T03:49:44.275+0000] GC(927)   Other: 0.1ms
[2025-08-01T03:49:44.275+0000] GC(927) Eden regions: 136->0(100)
[2025-08-01T03:49:44.275+0000] GC(927) Survivor regions: 32->21(21)
[2025-08-01T03:49:44.275+0000] GC(927) Old regions: 1578->1706
[2025-08-01T03:49:44.275+0000] GC(927) Humongous regions: 0->0
[2025-08-01T03:49:44.275+0000] GC(927) Metaspace: 10593K(10816K)->10593K(10816K) NonClass: 9335K(9472K)->9335K(9472K) Class: 1258K(1344K)->1258K(1344K)
[2025-08-01T03:49:44.275+0000] GC(927) Pause Young (Normal) (G1 Evacuation Pause) 3490M->3452M(4096M) 48.863ms
[2025-08-01T03:49:44.275+0000] GC(927) User=0.36s Sys=0.00s Real=0.05s
[2025-08-01T03:49:44.340+0000] GC(928) Pause Young (Normal) (G1 Evacuation Pause)
[2025-08-01T03:49:44.340+0000] GC(928) Using 8 workers of 8 for evacuation
[2025-08-01T03:49:44.367+0000] GC(928)   Pre Evacuate Collection Set: 0.5ms
[2025-08-01T03:49:44.367+0000] GC(928)   Merge Heap Roots: 0.2ms
[2025-08-01T03:49:44.367+0000] GC(928)   Evacuate Collection Set: 24.5ms
[2025-08-01T03:49:44.367+0000] GC(928)   Post Evacuate Collection Set: 1.6ms
[2025-08-01T03:49:44.367+0000] GC(928)   Other: 0.1ms
[2025-08-01T03:49:44.367+0000] GC(928) Eden regions: 100->0(86)
[2025-08-01T03:49:44.367+0000] GC(928) Survivor regions: 21->16(16)
[2025-08-01T03:49:44.367+0000] GC(928) Old regions: 1706->1762
[2025-08-01T03:49:44.367+0000] GC(928) Humongous regions: 0->0
[2025-08-01T03:49:44.367+0000] GC(928) Metaspace: 10593K(10816K)->10593K(10816K) NonClass: 9335K(9472K)->9335K(9472K) Class: 1258K(1344K)->1258K(1344K)
[2025-08-01T03:49:44.367+0000] GC(928) Pause Young (Normal) (G1 Evacuation Pause) 3652M->3555M(4096M) 27.212ms
[2025-08-01T03:49:44.367+0000] GC(928) User=0.19s Sys=0.01s Real=0.03s
[2025-08-01T03:49:44.385+0000] GC(929) Pause Young (Normal) (G1 Evacuation Pause)
[2025-08-01T03:49:44.385+0000] GC(929) Using 8 workers of 8 for evacuation
[2025-08-01T03:49:44.423+0000] GC(929)   Pre Evacuate Collection Set: 0.6ms
[2025-08-01T03:49:44.423+0000] GC(929)   Merge Heap Roots: 0.1ms
[2025-08-01T03:49:44.423+0000] GC(929)   Evacuate Collection Set: 36.5ms
[2025-08-01T03:49:44.423+0000] GC(929)   Post Evacuate Collection Set: 0.7ms
[2025-08-01T03:49:44.423+0000] GC(929)   Other: 0.1ms
[2025-08-01T03:49:44.423+0000] GC(929) Eden regions: 86->0(89)
[2025-08-01T03:49:44.423+0000] GC(929) Survivor regions: 16->13(13)
[2025-08-01T03:49:44.423+0000] GC(929) Old regions: 1762->1853
[2025-08-01T03:49:44.423+0000] GC(929) Humongous regions: 0->0
[2025-08-01T03:49:44.423+0000] GC(929) Metaspace: 10593K(10816K)->10593K(10816K) NonClass: 9335K(9472K)->9335K(9472K) Class: 1258K(1344K)->1258K(1344K)
[2025-08-01T03:49:44.423+0000] GC(929) Pause Young (Normal) (G1 Evacuation Pause) 3727M->3730M(4096M) 38.308ms
[2025-08-01T03:49:44.423+0000] GC(929) User=0.27s Sys=0.01s Real=0.04s
[2025-08-01T03:49:44.441+0000] GC(930) Pause Young (Normal) (G1 Evacuation Pause)
[2025-08-01T03:49:44.441+0000] GC(930) Using 8 workers of 8 for evacuation
[2025-08-01T03:49:44.477+0000] GC(930)   Pre Evacuate Collection Set: 0.8ms
[2025-08-01T03:49:44.477+0000] GC(930)   Merge Heap Roots: 0.2ms
[2025-08-01T03:49:44.477+0000] GC(930)   Evacuate Collection Set: 33.1ms
[2025-08-01T03:49:44.477+0000] GC(930)   Post Evacuate Collection Set: 1.7ms
[2025-08-01T03:49:44.477+0000] GC(930)   Other: 0.1ms
[2025-08-01T03:49:44.477+0000] GC(930) Eden regions: 89->0(61)
[2025-08-01T03:49:44.477+0000] GC(930) Survivor regions: 13->13(13)
[2025-08-01T03:49:44.477+0000] GC(930) Old regions: 1853->1961
[2025-08-01T03:49:44.477+0000] GC(930) Humongous regions: 0->0
[2025-08-01T03:49:44.477+0000] GC(930) Metaspace: 10593K(10816K)->10593K(10816K) NonClass: 9335K(9472K)->9335K(9472K) Class: 1258K(1344K)->1258K(1344K)
[2025-08-01T03:49:44.478+0000] GC(930) Pause Young (Normal) (G1 Evacuation Pause) (Evacuation Failure) 3908M->3947M(4096M) 36.179ms
[2025-08-01T03:49:44.478+0000] GC(930) User=0.27s Sys=0.00s Real=0.04s
[2025-08-01T03:49:44.503+0000] GC(926) Concurrent Mark From Roots 312.779ms
[2025-08-01T03:49:44.503+0000] GC(926) Concurrent Preclean
[2025-08-01T03:49:44.503+0000] GC(926) Concurrent Preclean 0.041ms
[2025-08-01T03:49:44.503+0000] GC(926) Pause Remark
[2025-08-01T03:49:44.507+0000] GC(926) Pause Remark 4017M->2247M(4096M) 4.216ms
[2025-08-01T03:49:44.507+0000] GC(926) User=0.01s Sys=0.00s Real=0.00s
[2025-08-01T03:49:44.508+0000] GC(926) Concurrent Mark 317.531ms
[2025-08-01T03:49:44.508+0000] GC(926) Concurrent Rebuild Remembered Sets and Scrub Regions
[2025-08-01T03:49:44.532+0000] GC(931) Pause Young (Normal) (G1 Evacuation Pause)
[2025-08-01T03:49:44.532+0000] GC(931) Using 8 workers of 8 for evacuation
[2025-08-01T03:49:44.559+0000] GC(931)   Pre Evacuate Collection Set: 0.5ms
[2025-08-01T03:49:44.559+0000] GC(931)   Merge Heap Roots: 0.1ms
[2025-08-01T03:49:44.559+0000] GC(931)   Evacuate Collection Set: 25.0ms
[2025-08-01T03:49:44.559+0000] GC(931)   Post Evacuate Collection Set: 1.5ms
[2025-08-01T03:49:44.559+0000] GC(931)   Other: 0.1ms
[2025-08-01T03:49:44.559+0000] GC(931) Eden regions: 61->0(287)
[2025-08-01T03:49:44.559+0000] GC(931) Survivor regions: 13->10(10)
[2025-08-01T03:49:44.559+0000] GC(931) Old regions: 1076->1143
[2025-08-01T03:49:44.559+0000] GC(931) Humongous regions: 0->0
[2025-08-01T03:49:44.559+0000] GC(931) Metaspace: 10593K(10816K)->10593K(10816K) NonClass: 9335K(9472K)->9335K(9472K) Class: 1258K(1344K)->1258K(1344K)
[2025-08-01T03:49:44.559+0000] GC(931) Pause Young (Normal) (G1 Evacuation Pause) 2299M->2304M(4096M) 27.630ms
[2025-08-01T03:49:44.560+0000] GC(931) User=0.19s Sys=0.00s Real=0.03s
[2025-08-01T03:49:44.668+0000] GC(932) Pause Young (Normal) (G1 Evacuation Pause)
[2025-08-01T03:49:44.668+0000] GC(932) Using 8 workers of 8 for evacuation
[2025-08-01T03:49:44.754+0000] GC(932)   Pre Evacuate Collection Set: 0.8ms
[2025-08-01T03:49:44.754+0000] GC(932)   Merge Heap Roots: 0.2ms
[2025-08-01T03:49:44.754+0000] GC(932)   Evacuate Collection Set: 83.1ms
[2025-08-01T03:49:44.754+0000] GC(932)   Post Evacuate Collection Set: 1.2ms
[2025-08-01T03:49:44.754+0000] GC(932)   Other: 0.1ms
[2025-08-01T03:49:44.754+0000] GC(932) Eden regions: 287->0(207)
[2025-08-01T03:49:44.754+0000] GC(932) Survivor regions: 10->38(38)
[2025-08-01T03:49:44.754+0000] GC(932) Old regions: 1143->1361
[2025-08-01T03:49:44.754+0000] GC(932) Humongous regions: 0->0
[2025-08-01T03:49:44.754+0000] GC(932) Metaspace: 10593K(10816K)->10593K(10816K) NonClass: 9335K(9472K)->9335K(9472K) Class: 1258K(1344K)->1258K(1344K)
[2025-08-01T03:49:44.754+0000] GC(932) Pause Young (Normal) (G1 Evacuation Pause) 2878M->2797M(4096M) 85.739ms
[2025-08-01T03:49:44.754+0000] GC(932) User=0.61s Sys=0.02s Real=0.09s
[2025-08-01T03:49:44.845+0000] GC(933) Pause Young (Normal) (G1 Evacuation Pause)
[2025-08-01T03:49:44.845+0000] GC(933) Using 8 workers of 8 for evacuation
[2025-08-01T03:49:44.922+0000] GC(933)   Pre Evacuate Collection Set: 0.6ms
[2025-08-01T03:49:44.922+0000] GC(933)   Merge Heap Roots: 0.2ms
[2025-08-01T03:49:44.922+0000] GC(933)   Evacuate Collection Set: 75.0ms
[2025-08-01T03:49:44.922+0000] GC(933)   Post Evacuate Collection Set: 1.1ms
[2025-08-01T03:49:44.922+0000] GC(933)   Other: 0.2ms
[2025-08-01T03:49:44.922+0000] GC(933) Eden regions: 207->0(137)
[2025-08-01T03:49:44.922+0000] GC(933) Survivor regions: 38->31(31)
[2025-08-01T03:49:44.922+0000] GC(933) Old regions: 1361->1577
[2025-08-01T03:49:44.922+0000] GC(933) Humongous regions: 0->0
[2025-08-01T03:49:44.922+0000] GC(933) Metaspace: 10593K(10816K)->10593K(10816K) NonClass: 9335K(9472K)->9335K(9472K) Class: 1258K(1344K)->1258K(1344K)
[2025-08-01T03:49:44.922+0000] GC(933) Pause Young (Normal) (G1 Evacuation Pause) 3211M->3214M(4096M) 77.294ms
[2025-08-01T03:49:44.922+0000] GC(933) User=0.60s Sys=0.01s Real=0.07s
[2025-08-01T03:49:44.939+0000] GC(926) Concurrent Rebuild Remembered Sets and Scrub Regions 431.427ms
[2025-08-01T03:49:44.939+0000] GC(926) Pause Cleanup
[2025-08-01T03:49:44.941+0000] GC(926) Pause Cleanup 3285M->3285M(4096M) 1.531ms
[2025-08-01T03:49:44.941+0000] GC(926) User=0.01s Sys=0.00s Real=0.00s
[2025-08-01T03:49:44.941+0000] GC(926) Concurrent Clear Claimed Marks
[2025-08-01T03:49:44.941+0000] GC(926) Concurrent Clear Claimed Marks 0.042ms
[2025-08-01T03:49:44.941+0000] GC(926) Concurrent Cleanup for Next Mark
[2025-08-01T03:49:44.950+0000] GC(926) Concurrent Cleanup for Next Mark 8.599ms
[2025-08-01T03:49:44.950+0000] GC(926) Concurrent Mark Cycle 800.614ms
[2025-08-01T03:49:44.996+0000] GC(934) Pause Young (Prepare Mixed) (G1 Evacuation Pause)
[2025-08-01T03:49:44.997+0000] GC(934) Using 8 workers of 8 for evacuation
[2025-08-01T03:49:45.041+0000] GC(934)   Pre Evacuate Collection Set: 1.1ms
[2025-08-01T03:49:45.041+0000] GC(934)   Merge Heap Roots: 0.2ms
[2025-08-01T03:49:45.041+0000] GC(934)   Evacuate Collection Set: 41.7ms
[2025-08-01T03:49:45.041+0000] GC(934)   Post Evacuate Collection Set: 1.0ms
[2025-08-01T03:49:45.041+0000] GC(934)   Other: 0.1ms
[2025-08-01T03:49:45.041+0000] GC(934) Eden regions: 137->0(108)
[2025-08-01T03:49:45.041+0000] GC(934) Survivor regions: 31->21(21)
[2025-08-01T03:49:45.041+0000] GC(934) Old regions: 1577->1679
[2025-08-01T03:49:45.041+0000] GC(934) Humongous regions: 0->0
[2025-08-01T03:49:45.041+0000] GC(934) Metaspace: 10593K(10816K)->10593K(10816K) NonClass: 9335K(9472K)->9335K(9472K) Class: 1258K(1344K)->1258K(1344K)
[2025-08-01T03:49:45.041+0000] GC(934) Pause Young (Prepare Mixed) (G1 Evacuation Pause) 3488M->3398M(4096M) 44.494ms
[2025-08-01T03:49:45.041+0000] GC(934) User=0.32s Sys=0.01s Real=0.04s
[2025-08-01T03:49:45.111+0000] GC(935) Pause Young (Mixed) (G1 Evacuation Pause)
[2025-08-01T03:49:45.111+0000] GC(935) Using 8 workers of 8 for evacuation
[2025-08-01T03:49:45.146+0000] GC(935)   Pre Evacuate Collection Set: 1.3ms
[2025-08-01T03:49:45.146+0000] GC(935)   Merge Heap Roots: 0.2ms
[2025-08-01T03:49:45.146+0000] GC(935)   Evacuate Collection Set: 32.2ms
[2025-08-01T03:49:45.146+0000] GC(935)   Post Evacuate Collection Set: 1.2ms
[2025-08-01T03:49:45.146+0000] GC(935)   Other: 0.2ms
[2025-08-01T03:49:45.146+0000] GC(935) Eden regions: 108->0(88)
[2025-08-01T03:49:45.146+0000] GC(935) Survivor regions: 21->17(17)
[2025-08-01T03:49:45.146+0000] GC(935) Old regions: 1679->1749
[2025-08-01T03:49:45.146+0000] GC(935) Humongous regions: 0->0
[2025-08-01T03:49:45.146+0000] GC(935) Metaspace: 10593K(10816K)->10593K(10816K) NonClass: 9335K(9472K)->9335K(9472K) Class: 1258K(1344K)->1258K(1344K)
[2025-08-01T03:49:45.146+0000] GC(935) Pause Young (Mixed) (G1 Evacuation Pause) 3614M->3531M(4096M) 35.477ms
[2025-08-01T03:49:45.146+0000] GC(935) User=0.25s Sys=0.00s Real=0.04s
[2025-08-01T03:49:45.163+0000] GC(936) Pause Young (Concurrent Start) (G1 Evacuation Pause)
[2025-08-01T03:49:45.163+0000] GC(936) Using 8 workers of 8 for evacuation
[2025-08-01T03:49:45.200+0000] GC(936)   Pre Evacuate Collection Set: 1.1ms
[2025-08-01T03:49:45.200+0000] GC(936)   Merge Heap Roots: 0.2ms
[2025-08-01T03:49:45.200+0000] GC(936)   Evacuate Collection Set: 34.6ms
[2025-08-01T03:49:45.200+0000] GC(936)   Post Evacuate Collection Set: 1.0ms
[2025-08-01T03:49:45.200+0000] GC(936)   Other: 0.2ms
[2025-08-01T03:49:45.200+0000] GC(936) Eden regions: 88->0(88)
[2025-08-01T03:49:45.200+0000] GC(936) Survivor regions: 17->14(14)
[2025-08-01T03:49:45.200+0000] GC(936) Old regions: 1749->1842
[2025-08-01T03:49:45.200+0000] GC(936) Humongous regions: 0->0
[2025-08-01T03:49:45.200+0000] GC(936) Metaspace: 10593K(10816K)->10593K(10816K) NonClass: 9335K(9472K)->9335K(9472K) Class: 1258K(1344K)->1258K(1344K)
[2025-08-01T03:49:45.200+0000] GC(936) Pause Young (Concurrent Start) (G1 Evacuation Pause) 3707M->3710M(4096M) 37.199ms
[2025-08-01T03:49:45.200+0000] GC(936) User=0.26s Sys=0.02s Real=0.03s
[2025-08-01T03:49:45.201+0000] GC(937) Concurrent Mark Cycle
[2025-08-01T03:49:45.201+0000] GC(937) Concurrent Scan Root Regions
[2025-08-01T03:49:45.221+0000] GC(937) Concurrent Scan Root Regions 20.356ms
[2025-08-01T03:49:45.221+0000] GC(937) Concurrent Mark
[2025-08-01T03:49:45.221+0000] GC(937) Concurrent Mark From Roots
[2025-08-01T03:49:45.221+0000] GC(937) Using 2 workers of 2 for marking
[2025-08-01T03:49:45.268+0000] GC(938) Pause Young (Normal) (G1 Evacuation Pause)
[2025-08-01T03:49:45.268+0000] GC(938) Using 8 workers of 8 for evacuation
[2025-08-01T03:49:45.304+0000] GC(938)   Pre Evacuate Collection Set: 1.0ms
[2025-08-01T03:49:45.304+0000] GC(938)   Merge Heap Roots: 0.2ms
[2025-08-01T03:49:45.304+0000] GC(938)   Evacuate Collection Set: 34.3ms
[2025-08-01T03:49:45.304+0000] GC(938)   Post Evacuate Collection Set: 0.8ms
[2025-08-01T03:49:45.304+0000] GC(938)   Other: 0.1ms
[2025-08-01T03:49:45.304+0000] GC(938) Eden regions: 88->0(89)
[2025-08-01T03:49:45.305+0000] GC(938) Survivor regions: 14->13(13)
[2025-08-01T03:49:45.305+0000] GC(938) Old regions: 1842->1933
[2025-08-01T03:49:45.305+0000] GC(938) Humongous regions: 0->0
[2025-08-01T03:49:45.305+0000] GC(938) Metaspace: 10593K(10816K)->10593K(10816K) NonClass: 9335K(9472K)->9335K(9472K) Class: 1258K(1344K)->1258K(1344K)
[2025-08-01T03:49:45.305+0000] GC(938) Pause Young (Normal) (G1 Evacuation Pause) 3886M->3890M(4096M) 36.733ms
[2025-08-01T03:49:45.305+0000] GC(938) User=0.26s Sys=0.00s Real=0.04s
[2025-08-01T03:49:45.322+0000] GC(939) Pause Young (Normal) (G1 Evacuation Pause)
[2025-08-01T03:49:45.322+0000] GC(939) Using 8 workers of 8 for evacuation
[2025-08-01T03:49:45.349+0000] GC(939)   Pre Evacuate Collection Set: 0.8ms
[2025-08-01T03:49:45.349+0000] GC(939)   Merge Heap Roots: 0.2ms
[2025-08-01T03:49:45.349+0000] GC(939)   Evacuate Collection Set: 17.8ms
[2025-08-01T03:49:45.349+0000] GC(939)   Post Evacuate Collection Set: 7.9ms
[2025-08-01T03:49:45.349+0000] GC(939)   Other: 0.1ms
[2025-08-01T03:49:45.349+0000] GC(939) Eden regions: 89->0(0)
[2025-08-01T03:49:45.349+0000] GC(939) Survivor regions: 13->8(13)
[2025-08-01T03:49:45.349+0000] GC(939) Old regions: 1933->2040
[2025-08-01T03:49:45.349+0000] GC(939) Humongous regions: 0->0
[2025-08-01T03:49:45.349+0000] GC(939) Metaspace: 10593K(10816K)->10593K(10816K) NonClass: 9335K(9472K)->9335K(9472K) Class: 1258K(1344K)->1258K(1344K)
[2025-08-01T03:49:45.349+0000] GC(939) Pause Young (Normal) (G1 Evacuation Pause) (Evacuation Failure) 4068M->4095M(4096M) 27.092ms
[2025-08-01T03:49:45.349+0000] GC(939) User=0.19s Sys=0.01s Real=0.03s
[2025-08-01T03:49:45.349+0000] Attempting full compaction
[2025-08-01T03:49:45.349+0000] GC(940) Pause Full (G1 Compaction Pause)
[2025-08-01T03:49:45.350+0000] GC(940) Using 8 workers of 8 for full compaction
[2025-08-01T03:49:45.355+0000] GC(940) Phase 1: Mark live objects
[2025-08-01T03:49:45.402+0000] GC(940) Phase 1: Mark live objects 46.711ms
[2025-08-01T03:49:45.402+0000] GC(940) Phase 2: Prepare compaction
[2025-08-01T03:49:45.417+0000] GC(940) Phase 2: Prepare compaction 15.630ms
[2025-08-01T03:49:45.417+0000] GC(940) Phase 3: Adjust pointers
[2025-08-01T03:49:45.460+0000] GC(940) Phase 3: Adjust pointers 42.524ms
[2025-08-01T03:49:45.460+0000] GC(940) Phase 4: Compact heap
[2025-08-01T03:49:45.506+0000] GC(940) Phase 4: Compact heap 46.129ms
[2025-08-01T03:49:45.506+0000] GC(940) Phase 5: Reset Metadata
[2025-08-01T03:49:45.540+0000] GC(940) Phase 5: Reset Metadata 34.253ms
[2025-08-01T03:49:45.549+0000] GC(940) Eden regions: 0->0(499)
[2025-08-01T03:49:45.549+0000] GC(940) Survivor regions: 8->0(13)
[2025-08-01T03:49:45.549+0000] GC(940) Old regions: 2040->539
[2025-08-01T03:49:45.549+0000] GC(940) Humongous regions: 0->0
[2025-08-01T03:49:45.549+0000] GC(940) Metaspace: 10593K(10816K)->10593K(10816K) NonClass: 9335K(9472K)->9335K(9472K) Class: 1258K(1344K)->1258K(1344K)
[2025-08-01T03:49:45.549+0000] GC(940) Pause Full (G1 Compaction Pause) 4095M->1069M(4096M) 199.218ms
[2025-08-01T03:49:45.549+0000] GC(940) User=1.44s Sys=0.02s Real=0.20s
[2025-08-01T03:49:45.549+0000] GC(937) Concurrent Mark From Roots 328.206ms
[2025-08-01T03:49:45.549+0000] GC(937) Concurrent Mark Abort
[2025-08-01T03:49:45.549+0000] GC(937) Concurrent Mark Cycle 348.801ms
[2025-08-01T03:49:45.816+0000] GC(941) Pause Young (Normal) (G1 Evacuation Pause)
[2025-08-01T03:49:45.816+0000] GC(941) Using 8 workers of 8 for evacuation
[2025-08-01T03:49:45.971+0000] GC(941)   Pre Evacuate Collection Set: 0.6ms
[2025-08-01T03:49:45.972+0000] GC(941)   Merge Heap Roots: 0.3ms
[2025-08-01T03:49:45.972+0000] GC(941)   Evacuate Collection Set: 153.5ms
[2025-08-01T03:49:45.972+0000] GC(941)   Post Evacuate Collection Set: 1.0ms
[2025-08-01T03:49:45.972+0000] GC(941)   Other: 0.1ms
[2025-08-01T03:49:45.972+0000] GC(941) Eden regions: 499->0(434)
[2025-08-01T03:49:45.972+0000] GC(941) Survivor regions: 0->63(63)
[2025-08-01T03:49:45.972+0000] GC(941) Old regions: 539->735
[2025-08-01T03:49:45.972+0000] GC(941) Humongous regions: 0->0
[2025-08-01T03:49:45.972+0000] GC(941) Metaspace: 10593K(10816K)->10593K(10816K) NonClass: 9335K(9472K)->9335K(9472K) Class: 1258K(1344K)->1258K(1344K)
[2025-08-01T03:49:45.972+0000] GC(941) Pause Young (Normal) (G1 Evacuation Pause) 2067M->1587M(4096M) 155.807ms
[2025-08-01T03:49:45.972+0000] GC(941) User=1.18s Sys=0.05s Real=0.15s
[2025-08-01T03:49:46.146+0000] GC(942) Pause Young (Concurrent Start) (G1 Evacuation Pause)
[2025-08-01T03:49:46.146+0000] GC(942) Using 8 workers of 8 for evacuation
[2025-08-01T03:49:46.412+0000] GC(942) MMU target violated: 201.0ms (200.0ms/201.0ms)
[2025-08-01T03:49:46.412+0000] GC(942)   Pre Evacuate Collection Set: 1.0ms
[2025-08-01T03:49:46.412+0000] GC(942)   Merge Heap Roots: 0.3ms
[2025-08-01T03:49:46.412+0000] GC(942)   Evacuate Collection Set: 262.2ms
[2025-08-01T03:49:46.412+0000] GC(942)   Post Evacuate Collection Set: 1.4ms
[2025-08-01T03:49:46.412+0000] GC(942)   Other: 0.7ms
[2025-08-01T03:49:46.412+0000] GC(942) Eden regions: 434->0(273)
[2025-08-01T03:49:46.412+0000] GC(942) Survivor regions: 63->63(63)
[2025-08-01T03:49:46.412+0000] GC(942) Old regions: 735->1142
[2025-08-01T03:49:46.412+0000] GC(942) Humongous regions: 0->0
[2025-08-01T03:49:46.412+0000] GC(942) Metaspace: 10593K(10816K)->10593K(10816K) NonClass: 9335K(9472K)->9335K(9472K) Class: 1258K(1344K)->1258K(1344K)
[2025-08-01T03:49:46.412+0000] GC(942) Pause Young (Concurrent Start) (G1 Evacuation Pause) 2455M->2401M(4096M) 265.848ms
[2025-08-01T03:49:46.412+0000] GC(942) User=2.00s Sys=0.07s Real=0.26s
[2025-08-01T03:49:46.412+0000] GC(943) Concurrent Mark Cycle
[2025-08-01T03:49:46.412+0000] GC(943) Concurrent Scan Root Regions
[2025-08-01T03:49:46.508+0000] GC(943) Concurrent Scan Root Regions 96.268ms
[2025-08-01T03:49:46.509+0000] GC(943) Concurrent Mark
[2025-08-01T03:49:46.509+0000] GC(943) Concurrent Mark From Roots
[2025-08-01T03:49:46.509+0000] GC(943) Using 2 workers of 2 for marking
[2025-08-01T03:49:46.547+0000] GC(943) Concurrent Mark From Roots 38.930ms
[2025-08-01T03:49:46.548+0000] GC(943) Concurrent Preclean
[2025-08-01T03:49:46.548+0000] GC(943) Concurrent Preclean 0.024ms
[2025-08-01T03:49:46.548+0000] GC(943) Pause Remark
[2025-08-01T03:49:46.551+0000] GC(943) Pause Remark 2944M->1837M(4096M) 3.516ms
[2025-08-01T03:49:46.551+0000] GC(943) User=0.01s Sys=0.00s Real=0.00s
[2025-08-01T03:49:46.551+0000] GC(943) Concurrent Mark 42.876ms
[2025-08-01T03:49:46.551+0000] GC(943) Concurrent Rebuild Remembered Sets and Scrub Regions
[2025-08-01T03:49:46.552+0000] GC(944) Pause Young (Normal) (G1 Evacuation Pause)
[2025-08-01T03:49:46.553+0000] GC(944) Using 8 workers of 8 for evacuation
[2025-08-01T03:49:46.649+0000] GC(944)   Pre Evacuate Collection Set: 0.8ms
[2025-08-01T03:49:46.649+0000] GC(944)   Merge Heap Roots: 0.3ms
[2025-08-01T03:49:46.649+0000] GC(944)   Evacuate Collection Set: 94.3ms
[2025-08-01T03:49:46.649+0000] GC(944)   Post Evacuate Collection Set: 1.0ms
[2025-08-01T03:49:46.649+0000] GC(944)   Other: 0.1ms
[2025-08-01T03:49:46.649+0000] GC(944) Eden regions: 273->0(380)
[2025-08-01T03:49:46.649+0000] GC(944) Survivor regions: 63->42(42)
[2025-08-01T03:49:46.649+0000] GC(944) Old regions: 584->829
[2025-08-01T03:49:46.649+0000] GC(944) Humongous regions: 0->0
[2025-08-01T03:49:46.649+0000] GC(944) Metaspace: 10593K(10816K)->10593K(10816K) NonClass: 9335K(9472K)->9335K(9472K) Class: 1258K(1344K)->1258K(1344K)
[2025-08-01T03:49:46.649+0000] GC(944) Pause Young (Normal) (G1 Evacuation Pause) 1839M->1741M(4096M) 96.848ms
[2025-08-01T03:49:46.649+0000] GC(944) User=0.74s Sys=0.01s Real=0.10s
[2025-08-01T03:49:46.791+0000] GC(943) Concurrent Rebuild Remembered Sets and Scrub Regions 239.785ms
[2025-08-01T03:49:46.791+0000] GC(943) Pause Cleanup
[2025-08-01T03:49:46.792+0000] GC(943) Pause Cleanup 2461M->2461M(4096M) 0.655ms
[2025-08-01T03:49:46.792+0000] GC(943) User=0.00s Sys=0.00s Real=0.00s
[2025-08-01T03:49:46.792+0000] GC(943) Concurrent Clear Claimed Marks
[2025-08-01T03:49:46.792+0000] GC(943) Concurrent Clear Claimed Marks 0.026ms
[2025-08-01T03:49:46.792+0000] GC(943) Concurrent Cleanup for Next Mark
[2025-08-01T03:49:46.799+0000] GC(943) Concurrent Cleanup for Next Mark 6.888ms
[2025-08-01T03:49:46.799+0000] GC(943) Concurrent Mark Cycle 386.972ms
[2025-08-01T03:49:46.828+0000] GC(945) Pause Young (Prepare Mixed) (G1 Evacuation Pause)
[2025-08-01T03:49:46.829+0000] GC(945) Using 8 workers of 8 for evacuation
[2025-08-01T03:49:46.926+0000] GC(945)   Pre Evacuate Collection Set: 0.8ms
[2025-08-01T03:49:46.926+0000] GC(945)   Merge Heap Roots: 0.5ms
[2025-08-01T03:49:46.926+0000] GC(945)   Evacuate Collection Set: 94.6ms
[2025-08-01T03:49:46.926+0000] GC(945)   Post Evacuate Collection Set: 1.0ms
[2025-08-01T03:49:46.926+0000] GC(945)   Other: 0.2ms
[2025-08-01T03:49:46.926+0000] GC(945) Eden regions: 380->0(318)
[2025-08-01T03:49:46.926+0000] GC(945) Survivor regions: 42->53(53)
[2025-08-01T03:49:46.926+0000] GC(945) Old regions: 829->1031
[2025-08-01T03:49:46.926+0000] GC(945) Humongous regions: 0->0
[2025-08-01T03:49:46.926+0000] GC(945) Metaspace: 10593K(10816K)->10593K(10816K) NonClass: 9335K(9472K)->9335K(9472K) Class: 1258K(1344K)->1258K(1344K)
[2025-08-01T03:49:46.926+0000] GC(945) Pause Young (Prepare Mixed) (G1 Evacuation Pause) 2501M->2166M(4096M) 97.299ms
[2025-08-01T03:49:46.926+0000] GC(945) User=0.72s Sys=0.02s Real=0.10s
[2025-08-01T03:49:47.035+0000] GC(946) Pause Young (Mixed) (G1 Evacuation Pause)
[2025-08-01T03:49:47.035+0000] GC(946) Using 8 workers of 8 for evacuation
[2025-08-01T03:49:47.211+0000] GC(946)   Pre Evacuate Collection Set: 1.3ms
[2025-08-01T03:49:47.211+0000] GC(946)   Merge Heap Roots: 0.2ms
[2025-08-01T03:49:47.211+0000] GC(946)   Evacuate Collection Set: 173.0ms
[2025-08-01T03:49:47.211+0000] GC(946)   Post Evacuate Collection Set: 0.9ms
[2025-08-01T03:49:47.211+0000] GC(946)   Other: 0.1ms
[2025-08-01T03:49:47.211+0000] GC(946) Eden regions: 318->0(206)
[2025-08-01T03:49:47.211+0000] GC(946) Survivor regions: 53->47(47)
[2025-08-01T03:49:47.211+0000] GC(946) Old regions: 1031->1339
[2025-08-01T03:49:47.211+0000] GC(946) Humongous regions: 0->0
[2025-08-01T03:49:47.211+0000] GC(946) Metaspace: 10593K(10816K)->10593K(10816K) NonClass: 9335K(9472K)->9335K(9472K) Class: 1258K(1344K)->1258K(1344K)
[2025-08-01T03:49:47.211+0000] GC(946) Pause Young (Mixed) (G1 Evacuation Pause) 2802M->2771M(4096M) 175.750ms
[2025-08-01T03:49:47.211+0000] GC(946) User=1.30s Sys=0.04s Real=0.17s
[2025-08-01T03:49:47.295+0000] GC(947) Pause Young (Concurrent Start) (G1 Evacuation Pause)
[2025-08-01T03:49:47.295+0000] GC(947) Using 8 workers of 8 for evacuation
[2025-08-01T03:49:47.465+0000] GC(947)   Pre Evacuate Collection Set: 1.0ms
[2025-08-01T03:49:47.465+0000] GC(947)   Merge Heap Roots: 0.1ms
[2025-08-01T03:49:47.465+0000] GC(947)   Evacuate Collection Set: 166.8ms
[2025-08-01T03:49:47.465+0000] GC(947)   Post Evacuate Collection Set: 1.6ms
[2025-08-01T03:49:47.465+0000] GC(947)   Other: 0.3ms
[2025-08-01T03:49:47.465+0000] GC(947) Eden regions: 206->0(143)
[2025-08-01T03:49:47.465+0000] GC(947) Survivor regions: 47->32(32)
[2025-08-01T03:49:47.465+0000] GC(947) Old regions: 1339->1555
[2025-08-01T03:49:47.465+0000] GC(947) Humongous regions: 0->0
[2025-08-01T03:49:47.465+0000] GC(947) Metaspace: 10593K(10816K)->10593K(10816K) NonClass: 9335K(9472K)->9335K(9472K) Class: 1258K(1344K)->1258K(1344K)
[2025-08-01T03:49:47.465+0000] GC(947) Pause Young (Concurrent Start) (G1 Evacuation Pause) 3183M->3172M(4096M) 170.218ms
[2025-08-01T03:49:47.465+0000] GC(947) User=1.28s Sys=0.04s Real=0.17s
[2025-08-01T03:49:47.465+0000] GC(948) Concurrent Mark Cycle
[2025-08-01T03:49:47.465+0000] GC(948) Concurrent Scan Root Regions
[2025-08-01T03:49:47.520+0000] GC(948) Concurrent Scan Root Regions 54.969ms
[2025-08-01T03:49:47.520+0000] GC(948) Concurrent Mark
[2025-08-01T03:49:47.520+0000] GC(948) Concurrent Mark From Roots
[2025-08-01T03:49:47.520+0000] GC(948) Using 2 workers of 2 for marking
[2025-08-01T03:49:47.550+0000] GC(949) Pause Young (Normal) (G1 Evacuation Pause)
[2025-08-01T03:49:47.550+0000] GC(949) Using 8 workers of 8 for evacuation
[2025-08-01T03:49:47.613+0000] GC(949)   Pre Evacuate Collection Set: 0.8ms
[2025-08-01T03:49:47.613+0000] GC(949)   Merge Heap Roots: 0.2ms
[2025-08-01T03:49:47.613+0000] GC(949)   Evacuate Collection Set: 60.7ms
[2025-08-01T03:49:47.613+0000] GC(949)   Post Evacuate Collection Set: 1.1ms
[2025-08-01T03:49:47.613+0000] GC(949)   Other: 0.1ms
[2025-08-01T03:49:47.613+0000] GC(949) Eden regions: 143->0(107)
[2025-08-01T03:49:47.614+0000] GC(949) Survivor regions: 32->22(22)
[2025-08-01T03:49:47.614+0000] GC(949) Old regions: 1555->1681
[2025-08-01T03:49:47.614+0000] GC(949) Humongous regions: 0->0
[2025-08-01T03:49:47.614+0000] GC(949) Metaspace: 10593K(10816K)->10593K(10816K) NonClass: 9335K(9472K)->9335K(9472K) Class: 1258K(1344K)->1258K(1344K)
[2025-08-01T03:49:47.614+0000] GC(949) Pause Young (Normal) (G1 Evacuation Pause) 3458M->3404M(4096M) 63.193ms
[2025-08-01T03:49:47.614+0000] GC(949) User=0.47s Sys=0.02s Real=0.07s
[2025-08-01T03:49:47.684+0000] GC(950) Pause Young (Normal) (G1 Evacuation Pause)
[2025-08-01T03:49:47.684+0000] GC(950) Using 8 workers of 8 for evacuation
[2025-08-01T03:49:47.714+0000] GC(950)   Pre Evacuate Collection Set: 0.5ms
[2025-08-01T03:49:47.714+0000] GC(950)   Merge Heap Roots: 0.4ms
[2025-08-01T03:49:47.714+0000] GC(950)   Evacuate Collection Set: 27.9ms
[2025-08-01T03:49:47.714+0000] GC(950)   Post Evacuate Collection Set: 1.4ms
[2025-08-01T03:49:47.714+0000] GC(950)   Other: 0.1ms
[2025-08-01T03:49:47.714+0000] GC(950) Eden regions: 107->0(92)
[2025-08-01T03:49:47.714+0000] GC(950) Survivor regions: 22->17(17)
[2025-08-01T03:49:47.714+0000] GC(950) Old regions: 1681->1739
[2025-08-01T03:49:47.714+0000] GC(950) Humongous regions: 0->0
[2025-08-01T03:49:47.714+0000] GC(950) Metaspace: 10593K(10816K)->10593K(10816K) NonClass: 9335K(9472K)->9335K(9472K) Class: 1258K(1344K)->1258K(1344K)
[2025-08-01T03:49:47.715+0000] GC(950) Pause Young (Normal) (G1 Evacuation Pause) 3618M->3510M(4096M) 30.563ms
[2025-08-01T03:49:47.715+0000] GC(950) User=0.21s Sys=0.01s Real=0.03s
[2025-08-01T03:49:47.735+0000] GC(951) Pause Young (Normal) (G1 Evacuation Pause)
[2025-08-01T03:49:47.735+0000] GC(951) Using 8 workers of 8 for evacuation
[2025-08-01T03:49:47.777+0000] GC(951)   Pre Evacuate Collection Set: 1.3ms
[2025-08-01T03:49:47.777+0000] GC(951)   Merge Heap Roots: 0.2ms
[2025-08-01T03:49:47.777+0000] GC(951)   Evacuate Collection Set: 39.8ms
[2025-08-01T03:49:47.777+0000] GC(951)   Post Evacuate Collection Set: 0.6ms
[2025-08-01T03:49:47.777+0000] GC(951)   Other: 0.1ms
[2025-08-01T03:49:47.777+0000] GC(951) Eden regions: 92->0(88)
[2025-08-01T03:49:47.777+0000] GC(951) Survivor regions: 17->14(14)
[2025-08-01T03:49:47.777+0000] GC(951) Old regions: 1739->1835
[2025-08-01T03:49:47.777+0000] GC(951) Humongous regions: 0->0
[2025-08-01T03:49:47.777+0000] GC(951) Metaspace: 10593K(10816K)->10593K(10816K) NonClass: 9335K(9472K)->9335K(9472K) Class: 1258K(1344K)->1258K(1344K)
[2025-08-01T03:49:47.777+0000] GC(951) Pause Young (Normal) (G1 Evacuation Pause) 3694M->3697M(4096M) 42.264ms
[2025-08-01T03:49:47.777+0000] GC(951) User=0.31s Sys=0.01s Real=0.04s
[2025-08-01T03:49:47.813+0000] GC(948) Concurrent Mark From Roots 292.182ms
[2025-08-01T03:49:47.813+0000] GC(948) Concurrent Preclean
[2025-08-01T03:49:47.813+0000] GC(948) Concurrent Preclean 0.054ms
[2025-08-01T03:49:47.813+0000] GC(948) Pause Remark
[2025-08-01T03:49:47.815+0000] GC(948) Pause Remark 3826M->2130M(4096M) 2.580ms
[2025-08-01T03:49:47.815+0000] GC(948) User=0.01s Sys=0.00s Real=0.01s
[2025-08-01T03:49:47.816+0000] GC(948) Concurrent Mark 295.200ms
[2025-08-01T03:49:47.816+0000] GC(948) Concurrent Rebuild Remembered Sets and Scrub Regions
[2025-08-01T03:49:47.840+0000] GC(952) Pause Young (Normal) (G1 Evacuation Pause)
[2025-08-01T03:49:47.840+0000] GC(952) Using 8 workers of 8 for evacuation
[2025-08-01T03:49:47.875+0000] GC(952)   Pre Evacuate Collection Set: 0.6ms
[2025-08-01T03:49:47.875+0000] GC(952)   Merge Heap Roots: 0.2ms
[2025-08-01T03:49:47.875+0000] GC(952)   Evacuate Collection Set: 33.6ms
[2025-08-01T03:49:47.875+0000] GC(952)   Post Evacuate Collection Set: 1.1ms
[2025-08-01T03:49:47.875+0000] GC(952)   Other: 0.1ms
[2025-08-01T03:49:47.875+0000] GC(952) Eden regions: 88->0(304)
[2025-08-01T03:49:47.875+0000] GC(952) Survivor regions: 14->13(13)
[2025-08-01T03:49:47.876+0000] GC(952) Old regions: 987->1077
[2025-08-01T03:49:47.876+0000] GC(952) Humongous regions: 0->0
[2025-08-01T03:49:47.876+0000] GC(952) Metaspace: 10593K(10816K)->10593K(10816K) NonClass: 9335K(9472K)->9335K(9472K) Class: 1258K(1344K)->1258K(1344K)
[2025-08-01T03:49:47.876+0000] GC(952) Pause Young (Normal) (G1 Evacuation Pause) 2177M->2179M(4096M) 35.843ms
[2025-08-01T03:49:47.876+0000] GC(952) User=0.26s Sys=0.01s Real=0.04s
[2025-08-01T03:49:47.982+0000] GC(953) Pause Young (Normal) (G1 Evacuation Pause)
[2025-08-01T03:49:47.983+0000] GC(953) Using 8 workers of 8 for evacuation
[2025-08-01T03:49:48.072+0000] GC(953)   Pre Evacuate Collection Set: 0.8ms
[2025-08-01T03:49:48.072+0000] GC(953)   Merge Heap Roots: 0.5ms
[2025-08-01T03:49:48.072+0000] GC(953)   Evacuate Collection Set: 87.3ms
[2025-08-01T03:49:48.072+0000] GC(953)   Post Evacuate Collection Set: 0.9ms
[2025-08-01T03:49:48.072+0000] GC(953)   Other: 0.2ms
[2025-08-01T03:49:48.072+0000] GC(953) Eden regions: 304->0(232)
[2025-08-01T03:49:48.072+0000] GC(953) Survivor regions: 13->40(40)
[2025-08-01T03:49:48.072+0000] GC(953) Old regions: 1077->1285
[2025-08-01T03:49:48.072+0000] GC(953) Humongous regions: 0->0
[2025-08-01T03:49:48.072+0000] GC(953) Metaspace: 10593K(10816K)->10593K(10816K) NonClass: 9335K(9472K)->9335K(9472K) Class: 1258K(1344K)->1258K(1344K)
[2025-08-01T03:49:48.072+0000] GC(953) Pause Young (Normal) (G1 Evacuation Pause) 2787M->2648M(4096M) 89.966ms
[2025-08-01T03:49:48.072+0000] GC(953) User=0.68s Sys=0.02s Real=0.09s
[2025-08-01T03:49:48.153+0000] GC(948) Concurrent Rebuild Remembered Sets and Scrub Regions 337.748ms
[2025-08-01T03:49:48.154+0000] GC(948) Pause Cleanup
[2025-08-01T03:49:48.155+0000] GC(948) Pause Cleanup 3014M->3014M(4096M) 1.420ms
[2025-08-01T03:49:48.155+0000] GC(948) User=0.00s Sys=0.00s Real=0.00s
[2025-08-01T03:49:48.155+0000] GC(948) Concurrent Clear Claimed Marks
[2025-08-01T03:49:48.155+0000] GC(948) Concurrent Clear Claimed Marks 0.035ms
[2025-08-01T03:49:48.155+0000] GC(948) Concurrent Cleanup for Next Mark
[2025-08-01T03:49:48.168+0000] GC(954) Pause Young (Prepare Mixed) (G1 Evacuation Pause)
[2025-08-01T03:49:48.168+0000] GC(954) Using 8 workers of 8 for evacuation
[2025-08-01T03:49:48.232+0000] GC(954)   Pre Evacuate Collection Set: 0.8ms
[2025-08-01T03:49:48.232+0000] GC(954)   Merge Heap Roots: 0.2ms
[2025-08-01T03:49:48.232+0000] GC(954)   Evacuate Collection Set: 61.9ms
[2025-08-01T03:49:48.232+0000] GC(954)   Post Evacuate Collection Set: 0.7ms
[2025-08-01T03:49:48.232+0000] GC(954)   Other: 0.1ms
[2025-08-01T03:49:48.232+0000] GC(954) Eden regions: 232->0(183)
[2025-08-01T03:49:48.232+0000] GC(954) Survivor regions: 40->34(34)
[2025-08-01T03:49:48.232+0000] GC(954) Old regions: 1285->1454
[2025-08-01T03:49:48.232+0000] GC(954) Humongous regions: 0->0
[2025-08-01T03:49:48.232+0000] GC(954) Metaspace: 10593K(10816K)->10593K(10816K) NonClass: 9335K(9472K)->9335K(9472K) Class: 1258K(1344K)->1258K(1344K)
[2025-08-01T03:49:48.232+0000] GC(954) Pause Young (Prepare Mixed) (G1 Evacuation Pause) 3112M->2974M(4096M) 64.040ms
[2025-08-01T03:49:48.232+0000] GC(954) User=0.49s Sys=0.00s Real=0.06s
[2025-08-01T03:49:48.234+0000] GC(948) Concurrent Cleanup for Next Mark 79.153ms
[2025-08-01T03:49:48.235+0000] GC(948) Concurrent Mark Cycle 769.366ms
[2025-08-01T03:49:48.308+0000] GC(955) Pause Young (Mixed) (G1 Evacuation Pause)
[2025-08-01T03:49:48.308+0000] GC(955) Using 8 workers of 8 for evacuation
[2025-08-01T03:49:48.392+0000] GC(955)   Pre Evacuate Collection Set: 0.8ms
[2025-08-01T03:49:48.392+0000] GC(955)   Merge Heap Roots: 0.6ms
[2025-08-01T03:49:48.392+0000] GC(955)   Evacuate Collection Set: 81.6ms
[2025-08-01T03:49:48.392+0000] GC(955)   Post Evacuate Collection Set: 1.4ms
[2025-08-01T03:49:48.392+0000] GC(955)   Other: 0.1ms
[2025-08-01T03:49:48.392+0000] GC(955) Eden regions: 183->0(156)
[2025-08-01T03:49:48.393+0000] GC(955) Survivor regions: 34->28(28)
[2025-08-01T03:49:48.393+0000] GC(955) Old regions: 1454->1550
[2025-08-01T03:49:48.393+0000] GC(955) Humongous regions: 0->0
[2025-08-01T03:49:48.393+0000] GC(955) Metaspace: 10593K(10816K)->10593K(10816K) NonClass: 9335K(9472K)->9335K(9472K) Class: 1258K(1344K)->1258K(1344K)
[2025-08-01T03:49:48.393+0000] GC(955) Pause Young (Mixed) (G1 Evacuation Pause) 3340M->3154M(4096M) 84.868ms
[2025-08-01T03:49:48.393+0000] GC(955) User=0.62s Sys=0.02s Real=0.08s
[2025-08-01T03:49:48.459+0000] GC(956) Pause Young (Concurrent Start) (G1 Evacuation Pause)
[2025-08-01T03:49:48.460+0000] GC(956) Using 8 workers of 8 for evacuation
[2025-08-01T03:49:48.533+0000] GC(956)   Pre Evacuate Collection Set: 1.0ms
[2025-08-01T03:49:48.533+0000] GC(956)   Merge Heap Roots: 0.3ms
[2025-08-01T03:49:48.533+0000] GC(956)   Evacuate Collection Set: 71.3ms
[2025-08-01T03:49:48.533+0000] GC(956)   Post Evacuate Collection Set: 0.8ms
[2025-08-01T03:49:48.533+0000] GC(956)   Other: 0.3ms
[2025-08-01T03:49:48.533+0000] GC(956) Eden regions: 156->0(103)
[2025-08-01T03:49:48.533+0000] GC(956) Survivor regions: 28->23(23)
[2025-08-01T03:49:48.533+0000] GC(956) Old regions: 1550->1699
[2025-08-01T03:49:48.533+0000] GC(956) Humongous regions: 0->0
[2025-08-01T03:49:48.533+0000] GC(956) Metaspace: 10593K(10816K)->10593K(10816K) NonClass: 9335K(9472K)->9335K(9472K) Class: 1258K(1344K)->1258K(1344K)
[2025-08-01T03:49:48.534+0000] GC(956) Pause Young (Concurrent Start) (G1 Evacuation Pause) 3466M->3443M(4096M) 74.037ms
[2025-08-01T03:49:48.534+0000] GC(956) User=0.53s Sys=0.02s Real=0.08s
[2025-08-01T03:49:48.534+0000] GC(957) Concurrent Mark Cycle
[2025-08-01T03:49:48.534+0000] GC(957) Concurrent Scan Root Regions
[2025-08-01T03:49:48.555+0000] GC(958) Pause Young (Normal) (G1 Evacuation Pause)
[2025-08-01T03:49:48.555+0000] GC(958) Using 8 workers of 8 for evacuation
[2025-08-01T03:49:48.571+0000] GC(957) Concurrent Scan Root Regions 37.025ms
[2025-08-01T03:49:48.571+0000] GC(957) Concurrent Mark
[2025-08-01T03:49:48.571+0000] GC(957) Concurrent Mark From Roots
[2025-08-01T03:49:48.571+0000] GC(957) Using 2 workers of 2 for marking
[2025-08-01T03:49:48.614+0000] GC(958)   Pre Evacuate Collection Set: 0.8ms
[2025-08-01T03:49:48.614+0000] GC(958)   Merge Heap Roots: 0.2ms
[2025-08-01T03:49:48.614+0000] GC(958)   Evacuate Collection Set: 41.5ms
[2025-08-01T03:49:48.614+0000] GC(958)   Post Evacuate Collection Set: 0.9ms
[2025-08-01T03:49:48.614+0000] GC(958)   Other: 0.1ms
[2025-08-01T03:49:48.614+0000] GC(958) Eden regions: 103->0(86)
[2025-08-01T03:49:48.614+0000] GC(958) Survivor regions: 23->16(16)
[2025-08-01T03:49:48.614+0000] GC(958) Old regions: 1699->1811
[2025-08-01T03:49:48.614+0000] GC(958) Humongous regions: 0->0
[2025-08-01T03:49:48.615+0000] GC(958) Metaspace: 10593K(10816K)->10593K(10816K) NonClass: 9335K(9472K)->9335K(9472K) Class: 1258K(1344K)->1258K(1344K)
[2025-08-01T03:49:48.615+0000] GC(958) Pause Young (Normal) (G1 Evacuation Pause) 3649M->3652M(4096M) 59.208ms
[2025-08-01T03:49:48.615+0000] GC(958) User=0.35s Sys=0.01s Real=0.06s
[2025-08-01T03:49:48.671+0000] GC(959) Pause Young (Normal) (G1 Evacuation Pause)
[2025-08-01T03:49:48.671+0000] GC(959) Using 8 workers of 8 for evacuation
[2025-08-01T03:49:48.701+0000] GC(959)   Pre Evacuate Collection Set: 0.7ms
[2025-08-01T03:49:48.701+0000] GC(959)   Merge Heap Roots: 0.2ms
[2025-08-01T03:49:48.701+0000] GC(959)   Evacuate Collection Set: 28.5ms
[2025-08-01T03:49:48.701+0000] GC(959)   Post Evacuate Collection Set: 0.7ms
[2025-08-01T03:49:48.701+0000] GC(959)   Other: 0.3ms
[2025-08-01T03:49:48.701+0000] GC(959) Eden regions: 86->0(89)
[2025-08-01T03:49:48.701+0000] GC(959) Survivor regions: 16->13(13)
[2025-08-01T03:49:48.701+0000] GC(959) Old regions: 1811->1901
[2025-08-01T03:49:48.701+0000] GC(959) Humongous regions: 0->0
[2025-08-01T03:49:48.701+0000] GC(959) Metaspace: 10593K(10816K)->10593K(10816K) NonClass: 9335K(9472K)->9335K(9472K) Class: 1258K(1344K)->1258K(1344K)
[2025-08-01T03:49:48.701+0000] GC(959) Pause Young (Normal) (G1 Evacuation Pause) 3824M->3826M(4096M) 30.826ms
[2025-08-01T03:49:48.701+0000] GC(959) User=0.22s Sys=0.01s Real=0.03s
[2025-08-01T03:49:48.719+0000] GC(960) Pause Young (Normal) (G1 Evacuation Pause)
[2025-08-01T03:49:48.720+0000] GC(960) Using 8 workers of 8 for evacuation
[2025-08-01T03:49:48.746+0000] GC(960)   Pre Evacuate Collection Set: 1.3ms
[2025-08-01T03:49:48.746+0000] GC(960)   Merge Heap Roots: 0.2ms
[2025-08-01T03:49:48.746+0000] GC(960)   Evacuate Collection Set: 19.9ms
[2025-08-01T03:49:48.746+0000] GC(960)   Post Evacuate Collection Set: 5.0ms
[2025-08-01T03:49:48.746+0000] GC(960)   Other: 0.1ms
[2025-08-01T03:49:48.746+0000] GC(960) Eden regions: 89->0(0)
[2025-08-01T03:49:48.746+0000] GC(960) Survivor regions: 13->13(13)
[2025-08-01T03:49:48.746+0000] GC(960) Old regions: 1901->2027
[2025-08-01T03:49:48.746+0000] GC(960) Humongous regions: 0->0
[2025-08-01T03:49:48.746+0000] GC(960) Metaspace: 10593K(10816K)->10593K(10816K) NonClass: 9335K(9472K)->9335K(9472K) Class: 1258K(1344K)->1258K(1344K)
[2025-08-01T03:49:48.746+0000] GC(960) Pause Young (Normal) (G1 Evacuation Pause) (Evacuation Failure) 4004M->4079M(4096M) 26.835ms
[2025-08-01T03:49:48.746+0000] GC(960) User=0.19s Sys=0.00s Real=0.03s
[2025-08-01T03:49:48.746+0000] Attempting full compaction
[2025-08-01T03:49:48.746+0000] GC(961) Pause Full (G1 Compaction Pause)
[2025-08-01T03:49:48.746+0000] GC(961) Using 8 workers of 8 for full compaction
[2025-08-01T03:49:48.751+0000] GC(961) Phase 1: Mark live objects
[2025-08-01T03:49:48.799+0000] GC(961) Phase 1: Mark live objects 47.124ms
[2025-08-01T03:49:48.799+0000] GC(961) Phase 2: Prepare compaction
[2025-08-01T03:49:48.815+0000] GC(961) Phase 2: Prepare compaction 16.215ms
[2025-08-01T03:49:48.815+0000] GC(961) Phase 3: Adjust pointers
[2025-08-01T03:49:48.860+0000] GC(961) Phase 3: Adjust pointers 45.501ms
[2025-08-01T03:49:48.861+0000] GC(961) Phase 4: Compact heap
[2025-08-01T03:49:48.909+0000] GC(961) Phase 4: Compact heap 48.938ms
[2025-08-01T03:49:48.910+0000] GC(961) Phase 5: Reset Metadata
[2025-08-01T03:49:48.955+0000] GC(961) Phase 5: Reset Metadata 45.638ms
[2025-08-01T03:49:48.963+0000] GC(961) Eden regions: 0->0(473)
[2025-08-01T03:49:48.963+0000] GC(961) Survivor regions: 13->0(13)
[2025-08-01T03:49:48.963+0000] GC(961) Old regions: 2027->607
[2025-08-01T03:49:48.963+0000] GC(961) Humongous regions: 0->0
[2025-08-01T03:49:48.963+0000] GC(961) Metaspace: 10593K(10816K)->10593K(10816K) NonClass: 9335K(9472K)->9335K(9472K) Class: 1258K(1344K)->1258K(1344K)
[2025-08-01T03:49:48.963+0000] GC(961) Pause Full (G1 Compaction Pause) 4079M->1207M(4096M) 216.421ms
[2025-08-01T03:49:48.963+0000] GC(961) User=1.54s Sys=0.02s Real=0.22s
[2025-08-01T03:49:48.963+0000] GC(957) Concurrent Mark From Roots 392.372ms
[2025-08-01T03:49:48.967+0000] GC(957) Concurrent Mark Abort
[2025-08-01T03:49:48.967+0000] GC(957) Concurrent Mark Cycle 433.374ms
[2025-08-01T03:49:49.198+0000] GC(962) Pause Young (Normal) (G1 Evacuation Pause)
[2025-08-01T03:49:49.198+0000] GC(962) Using 8 workers of 8 for evacuation
[2025-08-01T03:49:49.319+0000] GC(962)   Pre Evacuate Collection Set: 1.3ms
[2025-08-01T03:49:49.319+0000] GC(962)   Merge Heap Roots: 0.5ms
[2025-08-01T03:49:49.319+0000] GC(962)   Evacuate Collection Set: 117.4ms
[2025-08-01T03:49:49.319+0000] GC(962)   Post Evacuate Collection Set: 1.8ms
[2025-08-01T03:49:49.319+0000] GC(962)   Other: 0.3ms
[2025-08-01T03:49:49.319+0000] GC(962) Eden regions: 473->0(444)
[2025-08-01T03:49:49.319+0000] GC(962) Survivor regions: 0->60(60)
[2025-08-01T03:49:49.319+0000] GC(962) Old regions: 607->703
[2025-08-01T03:49:49.319+0000] GC(962) Humongous regions: 0->0
[2025-08-01T03:49:49.319+0000] GC(962) Metaspace: 10593K(10816K)->10593K(10816K) NonClass: 9335K(9472K)->9335K(9472K) Class: 1258K(1344K)->1258K(1344K)
[2025-08-01T03:49:49.319+0000] GC(962) Pause Young (Normal) (G1 Evacuation Pause) 2153M->1518M(4096M) 121.812ms
[2025-08-01T03:49:49.319+0000] GC(962) User=0.81s Sys=0.03s Real=0.12s
[2025-08-01T03:49:49.513+0000] GC(963) Pause Young (Concurrent Start) (G1 Evacuation Pause)
[2025-08-01T03:49:49.513+0000] GC(963) Using 8 workers of 8 for evacuation
[2025-08-01T03:49:49.746+0000] GC(963) MMU target violated: 201.0ms (200.0ms/201.0ms)
[2025-08-01T03:49:49.746+0000] GC(963)   Pre Evacuate Collection Set: 0.8ms
[2025-08-01T03:49:49.746+0000] GC(963)   Merge Heap Roots: 0.6ms
[2025-08-01T03:49:49.746+0000] GC(963)   Evacuate Collection Set: 229.5ms
[2025-08-01T03:49:49.746+0000] GC(963)   Post Evacuate Collection Set: 1.7ms
[2025-08-01T03:49:49.746+0000] GC(963)   Other: 0.4ms
[2025-08-01T03:49:49.746+0000] GC(963) Eden regions: 442->0(274)
[2025-08-01T03:49:49.746+0000] GC(963) Survivor regions: 60->63(63)
[2025-08-01T03:49:49.746+0000] GC(963) Old regions: 703->1143
[2025-08-01T03:49:49.746+0000] GC(963) Humongous regions: 0->0
[2025-08-01T03:49:49.746+0000] GC(963) Metaspace: 10593K(10816K)->10593K(10816K) NonClass: 9335K(9472K)->9335K(9472K) Class: 1258K(1344K)->1258K(1344K)
[2025-08-01T03:49:49.746+0000] GC(963) Pause Young (Concurrent Start) (G1 Evacuation Pause) 2402M->2405M(4096M) 233.227ms
[2025-08-01T03:49:49.746+0000] GC(964) Concurrent Mark Cycle
[2025-08-01T03:49:49.746+0000] GC(964) Concurrent Scan Root Regions
[2025-08-01T03:49:49.747+0000] GC(963) User=1.77s Sys=0.04s Real=0.23s
[2025-08-01T03:49:49.880+0000] GC(964) Concurrent Scan Root Regions 133.927ms
[2025-08-01T03:49:49.880+0000] GC(964) Concurrent Mark
[2025-08-01T03:49:49.880+0000] GC(964) Concurrent Mark From Roots
[2025-08-01T03:49:49.880+0000] GC(964) Using 2 workers of 2 for marking
[2025-08-01T03:49:49.915+0000] GC(965) Pause Young (Normal) (G1 Evacuation Pause)
[2025-08-01T03:49:49.916+0000] GC(965) Using 8 workers of 8 for evacuation
[2025-08-01T03:49:49.999+0000] GC(965)   Pre Evacuate Collection Set: 0.8ms
[2025-08-01T03:49:49.999+0000] GC(965)   Merge Heap Roots: 0.3ms
[2025-08-01T03:49:49.999+0000] GC(965)   Evacuate Collection Set: 80.9ms
[2025-08-01T03:49:49.999+0000] GC(965)   Post Evacuate Collection Set: 1.1ms
[2025-08-01T03:49:49.999+0000] GC(965)   Other: 0.1ms
[2025-08-01T03:49:49.999+0000] GC(965) Eden regions: 274->0(225)
[2025-08-01T03:49:49.999+0000] GC(965) Survivor regions: 63->43(43)
[2025-08-01T03:49:49.999+0000] GC(965) Old regions: 1143->1327
[2025-08-01T03:49:49.999+0000] GC(965) Humongous regions: 0->0
[2025-08-01T03:49:49.999+0000] GC(965) Metaspace: 10593K(10816K)->10593K(10816K) NonClass: 9335K(9472K)->9335K(9472K) Class: 1258K(1344K)->1258K(1344K)
[2025-08-01T03:49:49.999+0000] GC(965) Pause Young (Normal) (G1 Evacuation Pause) 2953M->2732M(4096M) 83.692ms
[2025-08-01T03:49:49.999+0000] GC(965) User=0.62s Sys=0.02s Real=0.08s
[2025-08-01T03:49:50.010+0000] GC(964) Concurrent Mark From Roots 129.887ms
[2025-08-01T03:49:50.010+0000] GC(964) Concurrent Preclean
[2025-08-01T03:49:50.010+0000] GC(964) Concurrent Preclean 0.029ms
[2025-08-01T03:49:50.011+0000] GC(964) Pause Remark
[2025-08-01T03:49:50.015+0000] GC(964) Pause Remark 2852M->1754M(4096M) 4.543ms
[2025-08-01T03:49:50.015+0000] GC(964) User=0.01s Sys=0.00s Real=0.01s
[2025-08-01T03:49:50.015+0000] GC(964) Concurrent Mark 134.993ms
[2025-08-01T03:49:50.015+0000] GC(964) Concurrent Rebuild Remembered Sets and Scrub Regions
[2025-08-01T03:49:50.094+0000] GC(966) Pause Young (Normal) (G1 Evacuation Pause)
[2025-08-01T03:49:50.094+0000] GC(966) Using 8 workers of 8 for evacuation
[2025-08-01T03:49:50.151+0000] GC(966)   Pre Evacuate Collection Set: 0.7ms
[2025-08-01T03:49:50.151+0000] GC(966)   Merge Heap Roots: 0.3ms
[2025-08-01T03:49:50.151+0000] GC(966)   Evacuate Collection Set: 54.7ms
[2025-08-01T03:49:50.151+0000] GC(966)   Post Evacuate Collection Set: 1.2ms
[2025-08-01T03:49:50.151+0000] GC(966)   Other: 0.1ms
[2025-08-01T03:49:50.151+0000] GC(966) Eden regions: 225->0(373)
[2025-08-01T03:49:50.151+0000] GC(966) Survivor regions: 43->34(34)
[2025-08-01T03:49:50.151+0000] GC(966) Old regions: 775->920
[2025-08-01T03:49:50.151+0000] GC(966) Humongous regions: 0->0
[2025-08-01T03:49:50.151+0000] GC(966) Metaspace: 10593K(10816K)->10593K(10816K) NonClass: 9335K(9472K)->9335K(9472K) Class: 1258K(1344K)->1258K(1344K)
[2025-08-01T03:49:50.151+0000] GC(966) Pause Young (Normal) (G1 Evacuation Pause) 2084M->1906M(4096M) 57.376ms
[2025-08-01T03:49:50.151+0000] GC(966) User=0.43s Sys=0.01s Real=0.05s
[2025-08-01T03:49:50.246+0000] GC(964) Concurrent Rebuild Remembered Sets and Scrub Regions 230.929ms
[2025-08-01T03:49:50.247+0000] GC(964) Pause Cleanup
[2025-08-01T03:49:50.248+0000] GC(964) Pause Cleanup 2390M->2390M(4096M) 0.775ms
[2025-08-01T03:49:50.248+0000] GC(964) User=0.01s Sys=0.00s Real=0.00s
[2025-08-01T03:49:50.248+0000] GC(964) Concurrent Clear Claimed Marks
[2025-08-01T03:49:50.248+0000] GC(964) Concurrent Clear Claimed Marks 0.051ms
[2025-08-01T03:49:50.248+0000] GC(964) Concurrent Cleanup for Next Mark
[2025-08-01T03:49:50.260+0000] GC(964) Concurrent Cleanup for Next Mark 12.116ms
[2025-08-01T03:49:50.260+0000] GC(964) Concurrent Mark Cycle 513.862ms
[2025-08-01T03:49:50.319+0000] GC(967) Pause Young (Prepare Mixed) (G1 Evacuation Pause)
[2025-08-01T03:49:50.319+0000] GC(967) Using 8 workers of 8 for evacuation
[2025-08-01T03:49:50.517+0000] GC(967)   Pre Evacuate Collection Set: 0.9ms
[2025-08-01T03:49:50.517+0000] GC(967)   Merge Heap Roots: 0.7ms
[2025-08-01T03:49:50.517+0000] GC(967)   Evacuate Collection Set: 195.2ms
[2025-08-01T03:49:50.517+0000] GC(967)   Post Evacuate Collection Set: 1.0ms
[2025-08-01T03:49:50.517+0000] GC(967)   Other: 0.1ms
[2025-08-01T03:49:50.517+0000] GC(967) Eden regions: 373->0(234)
[2025-08-01T03:49:50.517+0000] GC(967) Survivor regions: 34->51(51)
[2025-08-01T03:49:50.517+0000] GC(967) Old regions: 920->1277
[2025-08-01T03:49:50.517+0000] GC(967) Humongous regions: 0->0
[2025-08-01T03:49:50.517+0000] GC(967) Metaspace: 10593K(10816K)->10593K(10816K) NonClass: 9335K(9472K)->9335K(9472K) Class: 1258K(1344K)->1258K(1344K)
[2025-08-01T03:49:50.517+0000] GC(967) Pause Young (Prepare Mixed) (G1 Evacuation Pause) 2652M->2655M(4096M) 198.214ms
[2025-08-01T03:49:50.517+0000] GC(967) User=1.49s Sys=0.04s Real=0.20s
[2025-08-01T03:49:50.614+0000] GC(968) Pause Young (Mixed) (G1 Evacuation Pause)
[2025-08-01T03:49:50.614+0000] GC(968) Using 8 workers of 8 for evacuation
[2025-08-01T03:49:50.756+0000] GC(968)   Pre Evacuate Collection Set: 1.2ms
[2025-08-01T03:49:50.756+0000] GC(968)   Merge Heap Roots: 0.3ms
[2025-08-01T03:49:50.756+0000] GC(968)   Evacuate Collection Set: 139.3ms
[2025-08-01T03:49:50.756+0000] GC(968)   Post Evacuate Collection Set: 1.1ms
[2025-08-01T03:49:50.756+0000] GC(968)   Other: 0.1ms
[2025-08-01T03:49:50.756+0000] GC(968) Eden regions: 234->0(182)
[2025-08-01T03:49:50.756+0000] GC(968) Survivor regions: 51->36(36)
[2025-08-01T03:49:50.756+0000] GC(968) Old regions: 1277->1449
[2025-08-01T03:49:50.756+0000] GC(968) Humongous regions: 0->0
[2025-08-01T03:49:50.756+0000] GC(968) Metaspace: 10593K(10816K)->10593K(10816K) NonClass: 9335K(9472K)->9335K(9472K) Class: 1258K(1344K)->1258K(1344K)
[2025-08-01T03:49:50.756+0000] GC(968) Pause Young (Mixed) (G1 Evacuation Pause) 3123M->2968M(4096M) 142.331ms
[2025-08-01T03:49:50.756+0000] GC(968) User=1.05s Sys=0.06s Real=0.14s
[2025-08-01T03:49:50.837+0000] GC(969) Pause Young (Concurrent Start) (G1 Evacuation Pause)
[2025-08-01T03:49:50.837+0000] GC(969) Using 8 workers of 8 for evacuation
[2025-08-01T03:49:50.933+0000] GC(969)   Pre Evacuate Collection Set: 1.1ms
[2025-08-01T03:49:50.933+0000] GC(969)   Merge Heap Roots: 0.4ms
[2025-08-01T03:49:50.933+0000] GC(969)   Evacuate Collection Set: 92.6ms
[2025-08-01T03:49:50.933+0000] GC(969)   Post Evacuate Collection Set: 1.2ms
[2025-08-01T03:49:50.933+0000] GC(969)   Other: 0.4ms
[2025-08-01T03:49:50.933+0000] GC(969) Eden regions: 182->0(144)
[2025-08-01T03:49:50.933+0000] GC(969) Survivor regions: 36->28(28)
[2025-08-01T03:49:50.933+0000] GC(969) Old regions: 1449->1583
[2025-08-01T03:49:50.933+0000] GC(969) Humongous regions: 0->0
[2025-08-01T03:49:50.933+0000] GC(969) Metaspace: 10593K(10816K)->10593K(10816K) NonClass: 9335K(9472K)->9335K(9472K) Class: 1258K(1344K)->1258K(1344K)
[2025-08-01T03:49:50.933+0000] GC(969) Pause Young (Concurrent Start) (G1 Evacuation Pause) 3332M->3221M(4096M) 96.009ms
[2025-08-01T03:49:50.933+0000] GC(969) User=0.66s Sys=0.03s Real=0.10s
[2025-08-01T03:49:50.934+0000] GC(970) Concurrent Mark Cycle
[2025-08-01T03:49:50.934+0000] GC(970) Concurrent Scan Root Regions
[2025-08-01T03:49:50.973+0000] GC(970) Concurrent Scan Root Regions 39.086ms
[2025-08-01T03:49:50.973+0000] GC(970) Concurrent Mark
[2025-08-01T03:49:50.973+0000] GC(970) Concurrent Mark From Roots
[2025-08-01T03:49:50.973+0000] GC(970) Using 2 workers of 2 for marking
[2025-08-01T03:49:51.015+0000] GC(971) Pause Young (Normal) (G1 Evacuation Pause)
[2025-08-01T03:49:51.015+0000] GC(971) Using 8 workers of 8 for evacuation
[2025-08-01T03:49:51.075+0000] GC(971)   Pre Evacuate Collection Set: 0.8ms
[2025-08-01T03:49:51.075+0000] GC(971)   Merge Heap Roots: 0.2ms
[2025-08-01T03:49:51.075+0000] GC(971)   Evacuate Collection Set: 57.9ms
[2025-08-01T03:49:51.075+0000] GC(971)   Post Evacuate Collection Set: 1.1ms
[2025-08-01T03:49:51.075+0000] GC(971)   Other: 0.1ms
[2025-08-01T03:49:51.075+0000] GC(971) Eden regions: 144->0(102)
[2025-08-01T03:49:51.075+0000] GC(971) Survivor regions: 28->22(22)
[2025-08-01T03:49:51.076+0000] GC(971) Old regions: 1583->1706
[2025-08-01T03:49:51.076+0000] GC(971) Humongous regions: 0->0
[2025-08-01T03:49:51.076+0000] GC(971) Metaspace: 10593K(10816K)->10593K(10816K) NonClass: 9335K(9472K)->9335K(9472K) Class: 1258K(1344K)->1258K(1344K)
[2025-08-01T03:49:51.076+0000] GC(971) Pause Young (Normal) (G1 Evacuation Pause) 3509M->3455M(4096M) 60.351ms
[2025-08-01T03:49:51.076+0000] GC(971) User=0.40s Sys=0.01s Real=0.06s
[2025-08-01T03:49:51.098+0000] GC(972) Pause Young (Normal) (G1 Evacuation Pause)
[2025-08-01T03:49:51.099+0000] GC(972) Using 8 workers of 8 for evacuation
[2025-08-01T03:49:51.146+0000] GC(972)   Pre Evacuate Collection Set: 0.5ms
[2025-08-01T03:49:51.146+0000] GC(972)   Merge Heap Roots: 0.2ms
[2025-08-01T03:49:51.146+0000] GC(972)   Evacuate Collection Set: 45.6ms
[2025-08-01T03:49:51.146+0000] GC(972)   Post Evacuate Collection Set: 0.8ms
[2025-08-01T03:49:51.146+0000] GC(972)   Other: 0.3ms
[2025-08-01T03:49:51.146+0000] GC(972) Eden regions: 102->0(86)
[2025-08-01T03:49:51.146+0000] GC(972) Survivor regions: 22->16(16)
[2025-08-01T03:49:51.146+0000] GC(972) Old regions: 1706->1816
[2025-08-01T03:49:51.146+0000] GC(972) Humongous regions: 0->0
[2025-08-01T03:49:51.146+0000] GC(972) Metaspace: 10593K(10816K)->10593K(10816K) NonClass: 9335K(9472K)->9335K(9472K) Class: 1258K(1344K)->1258K(1344K)
[2025-08-01T03:49:51.146+0000] GC(972) Pause Young (Normal) (G1 Evacuation Pause) 3659M->3662M(4096M) 47.832ms
[2025-08-01T03:49:51.146+0000] GC(972) User=0.36s Sys=0.01s Real=0.05s
[2025-08-01T03:49:51.158+0000] GC(970) Concurrent Mark From Roots 185.456ms
[2025-08-01T03:49:51.158+0000] GC(970) Concurrent Preclean
[2025-08-01T03:49:51.158+0000] GC(970) Concurrent Preclean 0.027ms
[2025-08-01T03:49:51.158+0000] GC(970) Pause Remark
[2025-08-01T03:49:51.162+0000] GC(970) Pause Remark 3732M->1460M(4096M) 3.519ms
[2025-08-01T03:49:51.162+0000] GC(970) User=0.01s Sys=0.00s Real=0.00s
[2025-08-01T03:49:51.162+0000] GC(970) Concurrent Mark 189.478ms
[2025-08-01T03:49:51.162+0000] GC(970) Concurrent Rebuild Remembered Sets and Scrub Regions
[2025-08-01T03:49:51.213+0000] GC(973) Pause Young (Normal) (G1 Evacuation Pause)
[2025-08-01T03:49:51.213+0000] GC(973) Using 8 workers of 8 for evacuation
[2025-08-01T03:49:51.252+0000] GC(973)   Pre Evacuate Collection Set: 0.6ms
[2025-08-01T03:49:51.252+0000] GC(973)   Merge Heap Roots: 0.2ms
[2025-08-01T03:49:51.252+0000] GC(973)   Evacuate Collection Set: 37.0ms
[2025-08-01T03:49:51.252+0000] GC(973)   Post Evacuate Collection Set: 1.3ms
[2025-08-01T03:49:51.253+0000] GC(973)   Other: 0.1ms
[2025-08-01T03:49:51.253+0000] GC(973) Eden regions: 86->0(429)
[2025-08-01T03:49:51.253+0000] GC(973) Survivor regions: 16->13(13)
[2025-08-01T03:49:51.253+0000] GC(973) Old regions: 680->770
[2025-08-01T03:49:51.253+0000] GC(973) Humongous regions: 0->0
[2025-08-01T03:49:51.253+0000] GC(973) Metaspace: 10593K(10816K)->10593K(10816K) NonClass: 9335K(9472K)->9335K(9472K) Class: 1258K(1344K)->1258K(1344K)
[2025-08-01T03:49:51.253+0000] GC(973) Pause Young (Normal) (G1 Evacuation Pause) 1562M->1564M(4096M) 39.419ms
[2025-08-01T03:49:51.253+0000] GC(973) User=0.27s Sys=0.01s Real=0.03s
[2025-08-01T03:49:51.321+0000] GC(970) Concurrent Rebuild Remembered Sets and Scrub Regions 158.884ms
[2025-08-01T03:49:51.321+0000] GC(970) Pause Cleanup
[2025-08-01T03:49:51.323+0000] GC(970) Pause Cleanup 1834M->1834M(4096M) 1.587ms
[2025-08-01T03:49:51.323+0000] GC(970) User=0.00s Sys=0.00s Real=0.01s
[2025-08-01T03:49:51.323+0000] GC(970) Concurrent Clear Claimed Marks
[2025-08-01T03:49:51.323+0000] GC(970) Concurrent Clear Claimed Marks 0.049ms
[2025-08-01T03:49:51.323+0000] GC(970) Concurrent Cleanup for Next Mark
[2025-08-01T03:49:51.337+0000] GC(970) Concurrent Cleanup for Next Mark 13.993ms
[2025-08-01T03:49:51.337+0000] GC(970) Concurrent Mark Cycle 403.822ms
[2025-08-01T03:49:51.443+0000] GC(974) Pause Young (Prepare Mixed) (G1 Evacuation Pause)
[2025-08-01T03:49:51.443+0000] GC(974) Using 8 workers of 8 for evacuation
[2025-08-01T03:49:51.591+0000] GC(974)   Pre Evacuate Collection Set: 1.0ms
[2025-08-01T03:49:51.591+0000] GC(974)   Merge Heap Roots: 0.9ms
[2025-08-01T03:49:51.591+0000] GC(974)   Evacuate Collection Set: 144.4ms
[2025-08-01T03:49:51.591+0000] GC(974)   Post Evacuate Collection Set: 2.0ms
[2025-08-01T03:49:51.591+0000] GC(974)   Other: 0.1ms
[2025-08-01T03:49:51.591+0000] GC(974) Eden regions: 429->0(306)
[2025-08-01T03:49:51.591+0000] GC(974) Survivor regions: 13->56(56)
[2025-08-01T03:49:51.591+0000] GC(974) Old regions: 770->1078
[2025-08-01T03:49:51.591+0000] GC(974) Humongous regions: 0->0
[2025-08-01T03:49:51.591+0000] GC(974) Metaspace: 10593K(10816K)->10593K(10816K) NonClass: 9335K(9472K)->9335K(9472K) Class: 1258K(1344K)->1258K(1344K)
[2025-08-01T03:49:51.591+0000] GC(974) Pause Young (Prepare Mixed) (G1 Evacuation Pause) 2422M->2266M(4096M) 148.733ms
[2025-08-01T03:49:51.591+0000] GC(974) User=1.12s Sys=0.02s Real=0.15s
[2025-08-01T03:49:51.752+0000] GC(975) Pause Young (Mixed) (G1 Evacuation Pause)
[2025-08-01T03:49:51.752+0000] GC(975) Using 8 workers of 8 for evacuation
[2025-08-01T03:49:51.828+0000] GC(975)   Pre Evacuate Collection Set: 0.8ms
[2025-08-01T03:49:51.828+0000] GC(975)   Merge Heap Roots: 0.1ms
[2025-08-01T03:49:51.828+0000] GC(975)   Evacuate Collection Set: 72.2ms
[2025-08-01T03:49:51.828+0000] GC(975)   Post Evacuate Collection Set: 1.9ms
[2025-08-01T03:49:51.828+0000] GC(975)   Other: 0.1ms
[2025-08-01T03:49:51.828+0000] GC(975) Eden regions: 306->0(269)
[2025-08-01T03:49:51.828+0000] GC(975) Survivor regions: 56->46(46)
[2025-08-01T03:49:51.828+0000] GC(975) Old regions: 1078->1206
[2025-08-01T03:49:51.828+0000] GC(975) Humongous regions: 0->0
[2025-08-01T03:49:51.828+0000] GC(975) Metaspace: 10593K(10816K)->10593K(10816K) NonClass: 9335K(9472K)->9335K(9472K) Class: 1258K(1344K)->1258K(1344K)
[2025-08-01T03:49:51.828+0000] GC(975) Pause Young (Mixed) (G1 Evacuation Pause) 2878M->2503M(4096M) 75.556ms
[2025-08-01T03:49:51.828+0000] GC(975) User=0.58s Sys=0.01s Real=0.08s
[2025-08-01T03:49:51.931+0000] GC(976) Pause Young (Concurrent Start) (G1 Evacuation Pause)
[2025-08-01T03:49:51.931+0000] GC(976) Using 8 workers of 8 for evacuation
[2025-08-01T03:49:52.094+0000] GC(976)   Pre Evacuate Collection Set: 1.1ms
[2025-08-01T03:49:52.094+0000] GC(976)   Merge Heap Roots: 0.5ms
[2025-08-01T03:49:52.094+0000] GC(976)   Evacuate Collection Set: 159.5ms
[2025-08-01T03:49:52.094+0000] GC(976)   Post Evacuate Collection Set: 1.6ms
[2025-08-01T03:49:52.094+0000] GC(976)   Other: 0.2ms
[2025-08-01T03:49:52.094+0000] GC(976) Eden regions: 269->0(167)
[2025-08-01T03:49:52.094+0000] GC(976) Survivor regions: 46->40(40)
[2025-08-01T03:49:52.094+0000] GC(976) Old regions: 1206->1483
[2025-08-01T03:49:52.094+0000] GC(976) Humongous regions: 0->0
[2025-08-01T03:49:52.094+0000] GC(976) Metaspace: 10593K(10816K)->10593K(10816K) NonClass: 9335K(9472K)->9335K(9472K) Class: 1258K(1344K)->1258K(1344K)
[2025-08-01T03:49:52.094+0000] GC(976) Pause Young (Concurrent Start) (G1 Evacuation Pause) 3041M->3044M(4096M) 163.060ms
[2025-08-01T03:49:52.094+0000] GC(976) User=1.14s Sys=0.05s Real=0.17s
[2025-08-01T03:49:52.095+0000] GC(977) Concurrent Mark Cycle
[2025-08-01T03:49:52.095+0000] GC(977) Concurrent Scan Root Regions
[2025-08-01T03:49:52.150+0000] GC(977) Concurrent Scan Root Regions 55.742ms
[2025-08-01T03:49:52.150+0000] GC(977) Concurrent Mark
[2025-08-01T03:49:52.150+0000] GC(977) Concurrent Mark From Roots
[2025-08-01T03:49:52.150+0000] GC(977) Using 2 workers of 2 for marking
[2025-08-01T03:49:52.182+0000] GC(978) Pause Young (Normal) (G1 Evacuation Pause)
[2025-08-01T03:49:52.183+0000] GC(978) Using 8 workers of 8 for evacuation
[2025-08-01T03:49:52.260+0000] GC(978)   Pre Evacuate Collection Set: 0.7ms
[2025-08-01T03:49:52.260+0000] GC(978)   Merge Heap Roots: 0.2ms
[2025-08-01T03:49:52.260+0000] GC(978)   Evacuate Collection Set: 75.8ms
[2025-08-01T03:49:52.260+0000] GC(978)   Post Evacuate Collection Set: 1.0ms
[2025-08-01T03:49:52.260+0000] GC(978)   Other: 0.1ms
[2025-08-01T03:49:52.260+0000] GC(978) Eden regions: 167->0(110)
[2025-08-01T03:49:52.261+0000] GC(978) Survivor regions: 40->26(26)
[2025-08-01T03:49:52.261+0000] GC(978) Old regions: 1483->1666
[2025-08-01T03:49:52.261+0000] GC(978) Humongous regions: 0->0
[2025-08-01T03:49:52.261+0000] GC(978) Metaspace: 10593K(10816K)->10593K(10816K) NonClass: 9335K(9472K)->9335K(9472K) Class: 1258K(1344K)->1258K(1344K)
[2025-08-01T03:49:52.261+0000] GC(978) Pause Young (Normal) (G1 Evacuation Pause) 3378M->3382M(4096M) 78.110ms
[2025-08-01T03:49:52.261+0000] GC(978) User=0.55s Sys=0.02s Real=0.08s
[2025-08-01T03:49:52.330+0000] GC(977) Concurrent Mark From Roots 179.643ms
[2025-08-01T03:49:52.330+0000] GC(977) Concurrent Preclean
[2025-08-01T03:49:52.330+0000] GC(977) Concurrent Preclean 0.032ms
[2025-08-01T03:49:52.330+0000] GC(977) Pause Remark
[2025-08-01T03:49:52.334+0000] GC(977) Pause Remark 3576M->1642M(4096M) 3.952ms
[2025-08-01T03:49:52.335+0000] GC(977) User=0.01s Sys=0.01s Real=0.01s
[2025-08-01T03:49:52.335+0000] GC(977) Concurrent Mark 184.228ms
[2025-08-01T03:49:52.335+0000] GC(977) Concurrent Rebuild Remembered Sets and Scrub Regions
[2025-08-01T03:49:52.338+0000] GC(979) Pause Young (Normal) (G1 Evacuation Pause)
[2025-08-01T03:49:52.338+0000] GC(979) Using 8 workers of 8 for evacuation
[2025-08-01T03:49:52.385+0000] GC(979)   Pre Evacuate Collection Set: 0.6ms
[2025-08-01T03:49:52.385+0000] GC(979)   Merge Heap Roots: 0.2ms
[2025-08-01T03:49:52.385+0000] GC(979)   Evacuate Collection Set: 45.6ms
[2025-08-01T03:49:52.385+0000] GC(979)   Post Evacuate Collection Set: 0.8ms
[2025-08-01T03:49:52.385+0000] GC(979)   Other: 0.1ms
[2025-08-01T03:49:52.385+0000] GC(979) Eden regions: 110->0(401)
[2025-08-01T03:49:52.385+0000] GC(979) Survivor regions: 26->17(17)
[2025-08-01T03:49:52.385+0000] GC(979) Old regions: 699->795
[2025-08-01T03:49:52.385+0000] GC(979) Humongous regions: 0->0
[2025-08-01T03:49:52.385+0000] GC(979) Metaspace: 10593K(10816K)->10593K(10816K) NonClass: 9335K(9472K)->9335K(9472K) Class: 1258K(1344K)->1258K(1344K)
[2025-08-01T03:49:52.386+0000] GC(979) Pause Young (Normal) (G1 Evacuation Pause) 1668M->1622M(4096M) 47.565ms
[2025-08-01T03:49:52.386+0000] GC(979) User=0.34s Sys=0.01s Real=0.05s
[2025-08-01T03:49:52.570+0000] GC(977) Concurrent Rebuild Remembered Sets and Scrub Regions 235.664ms
[2025-08-01T03:49:52.571+0000] GC(980) Pause Young (Normal) (G1 Evacuation Pause)
[2025-08-01T03:49:52.571+0000] GC(980) Using 8 workers of 8 for evacuation
[2025-08-01T03:49:52.666+0000] GC(980)   Pre Evacuate Collection Set: 0.9ms
[2025-08-01T03:49:52.667+0000] GC(980)   Merge Heap Roots: 0.3ms
[2025-08-01T03:49:52.667+0000] GC(980)   Evacuate Collection Set: 93.3ms
[2025-08-01T03:49:52.667+0000] GC(980)   Post Evacuate Collection Set: 1.2ms
[2025-08-01T03:49:52.667+0000] GC(980)   Other: 0.1ms
[2025-08-01T03:49:52.667+0000] GC(980) Eden regions: 401->0(324)
[2025-08-01T03:49:52.667+0000] GC(980) Survivor regions: 17->53(53)
[2025-08-01T03:49:52.667+0000] GC(980) Old regions: 795->1012
[2025-08-01T03:49:52.667+0000] GC(980) Humongous regions: 0->0
[2025-08-01T03:49:52.667+0000] GC(980) Metaspace: 10593K(10816K)->10593K(10816K) NonClass: 9335K(9472K)->9335K(9472K) Class: 1258K(1344K)->1258K(1344K)
[2025-08-01T03:49:52.667+0000] GC(980) Pause Young (Normal) (G1 Evacuation Pause) 2424M->2129M(4096M) 96.022ms
[2025-08-01T03:49:52.667+0000] GC(980) User=0.73s Sys=0.02s Real=0.10s
[2025-08-01T03:49:52.671+0000] GC(977) Pause Cleanup
[2025-08-01T03:49:52.672+0000] GC(977) Pause Cleanup 2133M->2133M(4096M) 0.617ms
[2025-08-01T03:49:52.672+0000] GC(977) User=0.00s Sys=0.00s Real=0.00s
[2025-08-01T03:49:52.672+0000] GC(977) Concurrent Clear Claimed Marks
[2025-08-01T03:49:52.672+0000] GC(977) Concurrent Clear Claimed Marks 0.046ms
[2025-08-01T03:49:52.672+0000] GC(977) Concurrent Cleanup for Next Mark
[2025-08-01T03:49:52.687+0000] GC(977) Concurrent Cleanup for Next Mark 15.136ms
[2025-08-01T03:49:52.687+0000] GC(977) Concurrent Mark Cycle 592.717ms
[2025-08-01T03:49:52.835+0000] GC(981) Pause Young (Prepare Mixed) (G1 Evacuation Pause)
[2025-08-01T03:49:52.835+0000] GC(981) Using 8 workers of 8 for evacuation
[2025-08-01T03:49:53.005+0000] GC(981)   Pre Evacuate Collection Set: 1.5ms
[2025-08-01T03:49:53.005+0000] GC(981)   Merge Heap Roots: 0.8ms
[2025-08-01T03:49:53.005+0000] GC(981)   Evacuate Collection Set: 166.7ms
[2025-08-01T03:49:53.005+0000] GC(981)   Post Evacuate Collection Set: 0.9ms
[2025-08-01T03:49:53.005+0000] GC(981)   Other: 0.1ms
[2025-08-01T03:49:53.005+0000] GC(981) Eden regions: 324->0(207)
[2025-08-01T03:49:53.005+0000] GC(981) Survivor regions: 53->48(48)
[2025-08-01T03:49:53.005+0000] GC(981) Old regions: 1012->1343
[2025-08-01T03:49:53.005+0000] GC(981) Humongous regions: 0->0
[2025-08-01T03:49:53.005+0000] GC(981) Metaspace: 10593K(10816K)->10593K(10816K) NonClass: 9335K(9472K)->9335K(9472K) Class: 1258K(1344K)->1258K(1344K)
[2025-08-01T03:49:53.005+0000] GC(981) Pause Young (Prepare Mixed) (G1 Evacuation Pause) 2777M->2781M(4096M) 170.306ms
[2025-08-01T03:49:53.005+0000] GC(981) User=1.20s Sys=0.04s Real=0.17s
[2025-08-01T03:49:53.086+0000] GC(982) Pause Young (Mixed) (G1 Evacuation Pause)
[2025-08-01T03:49:53.086+0000] GC(982) Using 8 workers of 8 for evacuation
[2025-08-01T03:49:53.204+0000] GC(982)   Pre Evacuate Collection Set: 0.7ms
[2025-08-01T03:49:53.204+0000] GC(982)   Merge Heap Roots: 0.2ms
[2025-08-01T03:49:53.204+0000] GC(982)   Evacuate Collection Set: 115.6ms
[2025-08-01T03:49:53.204+0000] GC(982)   Post Evacuate Collection Set: 0.9ms
[2025-08-01T03:49:53.204+0000] GC(982)   Other: 0.1ms
[2025-08-01T03:49:53.204+0000] GC(982) Eden regions: 207->0(144)
[2025-08-01T03:49:53.204+0000] GC(982) Survivor regions: 48->32(32)
[2025-08-01T03:49:53.204+0000] GC(982) Old regions: 1343->1551
[2025-08-01T03:49:53.204+0000] GC(982) Humongous regions: 0->0
[2025-08-01T03:49:53.204+0000] GC(982) Metaspace: 10593K(10816K)->10593K(10816K) NonClass: 9335K(9472K)->9335K(9472K) Class: 1258K(1344K)->1258K(1344K)
[2025-08-01T03:49:53.204+0000] GC(982) Pause Young (Mixed) (G1 Evacuation Pause) 3195M->3165M(4096M) 117.674ms
[2025-08-01T03:49:53.204+0000] GC(982) User=0.79s Sys=0.05s Real=0.12s
[2025-08-01T03:49:53.278+0000] GC(983) Pause Young (Concurrent Start) (G1 Evacuation Pause)
[2025-08-01T03:49:53.278+0000] GC(983) Using 8 workers of 8 for evacuation
[2025-08-01T03:49:53.315+0000] GC(983)   Pre Evacuate Collection Set: 0.6ms
[2025-08-01T03:49:53.315+0000] GC(983)   Merge Heap Roots: 0.3ms
[2025-08-01T03:49:53.315+0000] GC(983)   Evacuate Collection Set: 35.3ms
[2025-08-01T03:49:53.315+0000] GC(983)   Post Evacuate Collection Set: 1.4ms
[2025-08-01T03:49:53.315+0000] GC(983)   Other: 0.2ms
[2025-08-01T03:49:53.315+0000] GC(983) Eden regions: 144->0(126)
[2025-08-01T03:49:53.316+0000] GC(983) Survivor regions: 32->22(22)
[2025-08-01T03:49:53.316+0000] GC(983) Old regions: 1551->1633
[2025-08-01T03:49:53.316+0000] GC(983) Humongous regions: 0->0
[2025-08-01T03:49:53.316+0000] GC(983) Metaspace: 10593K(10816K)->10593K(10816K) NonClass: 9335K(9472K)->9335K(9472K) Class: 1258K(1344K)->1258K(1344K)
[2025-08-01T03:49:53.316+0000] GC(983) Pause Young (Concurrent Start) (G1 Evacuation Pause) 3453M->3308M(4096M) 38.105ms
[2025-08-01T03:49:53.316+0000] GC(983) User=0.27s Sys=0.00s Real=0.04s
[2025-08-01T03:49:53.316+0000] GC(984) Concurrent Mark Cycle
[2025-08-01T03:49:53.316+0000] GC(984) Concurrent Scan Root Regions
[2025-08-01T03:49:53.343+0000] GC(985) Pause Young (Normal) (G1 Evacuation Pause)
[2025-08-01T03:49:53.343+0000] GC(985) Using 8 workers of 8 for evacuation
[2025-08-01T03:49:53.345+0000] GC(984) Concurrent Scan Root Regions 29.507ms
[2025-08-01T03:49:53.346+0000] GC(984) Concurrent Mark
[2025-08-01T03:49:53.346+0000] GC(984) Concurrent Mark From Roots
[2025-08-01T03:49:53.346+0000] GC(984) Using 2 workers of 2 for marking
[2025-08-01T03:49:53.397+0000] GC(985)   Pre Evacuate Collection Set: 0.9ms
[2025-08-01T03:49:53.397+0000] GC(985)   Merge Heap Roots: 0.2ms
[2025-08-01T03:49:53.397+0000] GC(985)   Evacuate Collection Set: 49.5ms
[2025-08-01T03:49:53.397+0000] GC(985)   Post Evacuate Collection Set: 0.9ms
[2025-08-01T03:49:53.397+0000] GC(985)   Other: 0.1ms
[2025-08-01T03:49:53.397+0000] GC(985) Eden regions: 126->0(83)
[2025-08-01T03:49:53.397+0000] GC(985) Survivor regions: 22->19(19)
[2025-08-01T03:49:53.397+0000] GC(985) Old regions: 1633->1763
[2025-08-01T03:49:53.397+0000] GC(985) Humongous regions: 0->0
[2025-08-01T03:49:53.397+0000] GC(985) Metaspace: 10593K(10816K)->10593K(10816K) NonClass: 9335K(9472K)->9335K(9472K) Class: 1258K(1344K)->1258K(1344K)
[2025-08-01T03:49:53.397+0000] GC(985) Pause Young (Normal) (G1 Evacuation Pause) 3560M->3563M(4096M) 54.443ms
[2025-08-01T03:49:53.397+0000] GC(985) User=0.39s Sys=0.01s Real=0.05s
[2025-08-01T03:49:53.467+0000] GC(986) Pause Young (Normal) (G1 Evacuation Pause)
[2025-08-01T03:49:53.467+0000] GC(986) Using 8 workers of 8 for evacuation
[2025-08-01T03:49:53.503+0000] GC(986)   Pre Evacuate Collection Set: 0.9ms
[2025-08-01T03:49:53.503+0000] GC(986)   Merge Heap Roots: 0.3ms
[2025-08-01T03:49:53.503+0000] GC(986)   Evacuate Collection Set: 33.4ms
[2025-08-01T03:49:53.503+0000] GC(986)   Post Evacuate Collection Set: 0.8ms
[2025-08-01T03:49:53.503+0000] GC(986)   Other: 0.1ms
[2025-08-01T03:49:53.503+0000] GC(986) Eden regions: 83->0(89)
[2025-08-01T03:49:53.503+0000] GC(986) Survivor regions: 19->13(13)
[2025-08-01T03:49:53.503+0000] GC(986) Old regions: 1763->1837
[2025-08-01T03:49:53.503+0000] GC(986) Humongous regions: 0->0
[2025-08-01T03:49:53.503+0000] GC(986) Metaspace: 10593K(10816K)->10593K(10816K) NonClass: 9335K(9472K)->9335K(9472K) Class: 1258K(1344K)->1258K(1344K)
[2025-08-01T03:49:53.503+0000] GC(986) Pause Young (Normal) (G1 Evacuation Pause) 3729M->3699M(4096M) 35.767ms
[2025-08-01T03:49:53.503+0000] GC(986) User=0.24s Sys=0.02s Real=0.03s
[2025-08-01T03:49:53.523+0000] GC(987) Pause Young (Normal) (G1 Evacuation Pause)
[2025-08-01T03:49:53.523+0000] GC(987) Using 8 workers of 8 for evacuation
[2025-08-01T03:49:53.561+0000] GC(987)   Pre Evacuate Collection Set: 0.8ms
[2025-08-01T03:49:53.561+0000] GC(987)   Merge Heap Roots: 0.2ms
[2025-08-01T03:49:53.561+0000] GC(987)   Evacuate Collection Set: 36.3ms
[2025-08-01T03:49:53.561+0000] GC(987)   Post Evacuate Collection Set: 1.0ms
[2025-08-01T03:49:53.562+0000] GC(987)   Other: 0.1ms
[2025-08-01T03:49:53.562+0000] GC(987) Eden regions: 89->0(89)
[2025-08-01T03:49:53.562+0000] GC(987) Survivor regions: 13->13(13)
[2025-08-01T03:49:53.562+0000] GC(987) Old regions: 1837->1928
[2025-08-01T03:49:53.562+0000] GC(987) Humongous regions: 0->0
[2025-08-01T03:49:53.562+0000] GC(987) Metaspace: 10593K(10816K)->10593K(10816K) NonClass: 9335K(9472K)->9335K(9472K) Class: 1258K(1344K)->1258K(1344K)
[2025-08-01T03:49:53.562+0000] GC(987) Pause Young (Normal) (G1 Evacuation Pause) 3877M->3880M(4096M) 38.624ms
[2025-08-01T03:49:53.562+0000] GC(987) User=0.26s Sys=0.00s Real=0.03s
[2025-08-01T03:49:53.567+0000] GC(984) Concurrent Mark From Roots 221.039ms
[2025-08-01T03:49:53.567+0000] GC(984) Concurrent Preclean
[2025-08-01T03:49:53.567+0000] GC(984) Concurrent Preclean 0.030ms
[2025-08-01T03:49:53.567+0000] GC(984) Pause Remark
[2025-08-01T03:49:53.572+0000] GC(984) Pause Remark 3932M->1572M(4096M) 4.353ms
[2025-08-01T03:49:53.572+0000] GC(984) User=0.01s Sys=0.00s Real=0.00s
[2025-08-01T03:49:53.572+0000] GC(984) Concurrent Mark 226.307ms
[2025-08-01T03:49:53.572+0000] GC(984) Concurrent Rebuild Remembered Sets and Scrub Regions
[2025-08-01T03:49:53.633+0000] GC(988) Pause Young (Normal) (G1 Evacuation Pause)
[2025-08-01T03:49:53.634+0000] GC(988) Using 8 workers of 8 for evacuation
[2025-08-01T03:49:53.676+0000] GC(988)   Pre Evacuate Collection Set: 0.6ms
[2025-08-01T03:49:53.676+0000] GC(988)   Merge Heap Roots: 0.1ms
[2025-08-01T03:49:53.676+0000] GC(988)   Evacuate Collection Set: 40.3ms
[2025-08-01T03:49:53.676+0000] GC(988)   Post Evacuate Collection Set: 1.1ms
[2025-08-01T03:49:53.676+0000] GC(988)   Other: 0.1ms
[2025-08-01T03:49:53.676+0000] GC(988) Eden regions: 89->0(378)
[2025-08-01T03:49:53.676+0000] GC(988) Survivor regions: 13->13(13)
[2025-08-01T03:49:53.676+0000] GC(988) Old regions: 748->839
[2025-08-01T03:49:53.676+0000] GC(988) Humongous regions: 0->0
[2025-08-01T03:49:53.676+0000] GC(988) Metaspace: 10593K(10816K)->10593K(10816K) NonClass: 9335K(9472K)->9335K(9472K) Class: 1258K(1344K)->1258K(1344K)
[2025-08-01T03:49:53.676+0000] GC(988) Pause Young (Normal) (G1 Evacuation Pause) 1698M->1702M(4096M) 42.503ms
[2025-08-01T03:49:53.676+0000] GC(988) User=0.30s Sys=0.02s Real=0.04s
[2025-08-01T03:49:53.755+0000] GC(984) Concurrent Rebuild Remembered Sets and Scrub Regions 182.899ms
[2025-08-01T03:49:53.755+0000] GC(984) Pause Cleanup
[2025-08-01T03:49:53.756+0000] GC(984) Pause Cleanup 2012M->2012M(4096M) 1.246ms
[2025-08-01T03:49:53.756+0000] GC(984) User=0.01s Sys=0.00s Real=0.00s
[2025-08-01T03:49:53.757+0000] GC(984) Concurrent Clear Claimed Marks
[2025-08-01T03:49:53.757+0000] GC(984) Concurrent Clear Claimed Marks 0.040ms
[2025-08-01T03:49:53.757+0000] GC(984) Concurrent Cleanup for Next Mark
[2025-08-01T03:49:53.775+0000] GC(984) Concurrent Cleanup for Next Mark 18.763ms
[2025-08-01T03:49:53.776+0000] GC(984) Concurrent Mark Cycle 459.597ms
[2025-08-01T03:49:53.856+0000] GC(989) Pause Young (Prepare Mixed) (G1 Evacuation Pause)
[2025-08-01T03:49:53.856+0000] GC(989) Using 8 workers of 8 for evacuation
[2025-08-01T03:49:53.985+0000] GC(989)   Pre Evacuate Collection Set: 0.8ms
[2025-08-01T03:49:53.985+0000] GC(989)   Merge Heap Roots: 0.4ms
[2025-08-01T03:49:53.985+0000] GC(989)   Evacuate Collection Set: 126.7ms
[2025-08-01T03:49:53.985+0000] GC(989)   Post Evacuate Collection Set: 1.2ms
[2025-08-01T03:49:53.985+0000] GC(989)   Other: 0.1ms
[2025-08-01T03:49:53.985+0000] GC(989) Eden regions: 378->0(270)
[2025-08-01T03:49:53.985+0000] GC(989) Survivor regions: 13->49(49)
[2025-08-01T03:49:53.985+0000] GC(989) Old regions: 839->1140
[2025-08-01T03:49:53.985+0000] GC(989) Humongous regions: 0->0
[2025-08-01T03:49:53.986+0000] GC(989) Metaspace: 10593K(10816K)->10593K(10816K) NonClass: 9335K(9472K)->9335K(9472K) Class: 1258K(1344K)->1258K(1344K)
[2025-08-01T03:49:53.986+0000] GC(989) Pause Young (Prepare Mixed) (G1 Evacuation Pause) 2458M->2376M(4096M) 129.437ms
[2025-08-01T03:49:53.986+0000] GC(989) User=0.96s Sys=0.03s Real=0.13s
[2025-08-01T03:49:54.091+0000] GC(990) Pause Young (Mixed) (G1 Evacuation Pause)
[2025-08-01T03:49:54.091+0000] GC(990) Using 8 workers of 8 for evacuation
[2025-08-01T03:49:54.161+0000] GC(990)   Pre Evacuate Collection Set: 0.9ms
[2025-08-01T03:49:54.161+0000] GC(990)   Merge Heap Roots: 0.3ms
[2025-08-01T03:49:54.161+0000] GC(990)   Evacuate Collection Set: 68.1ms
[2025-08-01T03:49:54.161+0000] GC(990)   Post Evacuate Collection Set: 1.2ms
[2025-08-01T03:49:54.161+0000] GC(990)   Other: 0.1ms
[2025-08-01T03:49:54.161+0000] GC(990) Eden regions: 270->0(282)
[2025-08-01T03:49:54.161+0000] GC(990) Survivor regions: 49->40(40)
[2025-08-01T03:49:54.161+0000] GC(990) Old regions: 1140->1155
[2025-08-01T03:49:54.161+0000] GC(990) Humongous regions: 0->0
[2025-08-01T03:49:54.161+0000] GC(990) Metaspace: 10593K(10816K)->10593K(10816K) NonClass: 9335K(9472K)->9335K(9472K) Class: 1258K(1344K)->1258K(1344K)
[2025-08-01T03:49:54.161+0000] GC(990) Pause Young (Mixed) (G1 Evacuation Pause) 2916M->2388M(4096M) 70.871ms
[2025-08-01T03:49:54.161+0000] GC(990) User=0.52s Sys=0.02s Real=0.07s
[2025-08-01T03:49:54.300+0000] GC(991) Pause Young (Concurrent Start) (G1 Evacuation Pause)
[2025-08-01T03:49:54.300+0000] GC(991) Using 8 workers of 8 for evacuation
[2025-08-01T03:49:54.440+0000] GC(991)   Pre Evacuate Collection Set: 1.0ms
[2025-08-01T03:49:54.440+0000] GC(991)   Merge Heap Roots: 0.3ms
[2025-08-01T03:49:54.440+0000] GC(991)   Evacuate Collection Set: 136.9ms
[2025-08-01T03:49:54.440+0000] GC(991)   Post Evacuate Collection Set: 1.5ms
[2025-08-01T03:49:54.440+0000] GC(991)   Other: 0.2ms
[2025-08-01T03:49:54.440+0000] GC(991) Eden regions: 282->0(179)
[2025-08-01T03:49:54.440+0000] GC(991) Survivor regions: 40->41(41)
[2025-08-01T03:49:54.440+0000] GC(991) Old regions: 1155->1437
[2025-08-01T03:49:54.440+0000] GC(991) Humongous regions: 0->0
[2025-08-01T03:49:54.440+0000] GC(991) Metaspace: 10593K(10816K)->10593K(10816K) NonClass: 9335K(9472K)->9335K(9472K) Class: 1258K(1344K)->1258K(1344K)
[2025-08-01T03:49:54.440+0000] GC(991) Pause Young (Concurrent Start) (G1 Evacuation Pause) 2952M->2954M(4096M) 140.249ms
[2025-08-01T03:49:54.441+0000] GC(991) User=1.04s Sys=0.03s Real=0.14s
[2025-08-01T03:49:54.441+0000] GC(992) Concurrent Mark Cycle
[2025-08-01T03:49:54.441+0000] GC(992) Concurrent Scan Root Regions
[2025-08-01T03:49:54.514+0000] GC(992) Concurrent Scan Root Regions 73.195ms
[2025-08-01T03:49:54.514+0000] GC(992) Concurrent Mark
[2025-08-01T03:49:54.514+0000] GC(992) Concurrent Mark From Roots
[2025-08-01T03:49:54.514+0000] GC(992) Using 2 workers of 2 for marking
[2025-08-01T03:49:54.531+0000] GC(993) Pause Young (Normal) (G1 Evacuation Pause)
[2025-08-01T03:49:54.531+0000] GC(993) Using 8 workers of 8 for evacuation
[2025-08-01T03:49:54.616+0000] GC(993)   Pre Evacuate Collection Set: 0.8ms
[2025-08-01T03:49:54.617+0000] GC(993)   Merge Heap Roots: 0.2ms
[2025-08-01T03:49:54.617+0000] GC(993)   Evacuate Collection Set: 83.0ms
[2025-08-01T03:49:54.617+0000] GC(993)   Post Evacuate Collection Set: 1.0ms
[2025-08-01T03:49:54.617+0000] GC(993)   Other: 0.1ms
[2025-08-01T03:49:54.617+0000] GC(993) Eden regions: 179->0(138)
[2025-08-01T03:49:54.617+0000] GC(993) Survivor regions: 41->28(28)
[2025-08-01T03:49:54.617+0000] GC(993) Old regions: 1437->1587
[2025-08-01T03:49:54.617+0000] GC(993) Humongous regions: 0->0
[2025-08-01T03:49:54.617+0000] GC(993) Metaspace: 10593K(10816K)->10593K(10816K) NonClass: 9335K(9472K)->9335K(9472K) Class: 1258K(1344K)->1258K(1344K)
[2025-08-01T03:49:54.617+0000] GC(993) Pause Young (Normal) (G1 Evacuation Pause) 3312M->3229M(4096M) 85.469ms
[2025-08-01T03:49:54.617+0000] GC(993) User=0.60s Sys=0.02s Real=0.09s
[2025-08-01T03:49:54.655+0000] GC(994) Pause Young (Normal) (G1 Evacuation Pause)
[2025-08-01T03:49:54.656+0000] GC(994) Using 8 workers of 8 for evacuation
[2025-08-01T03:49:54.721+0000] GC(994)   Pre Evacuate Collection Set: 1.3ms
[2025-08-01T03:49:54.721+0000] GC(994)   Merge Heap Roots: 0.2ms
[2025-08-01T03:49:54.721+0000] GC(994)   Evacuate Collection Set: 62.9ms
[2025-08-01T03:49:54.721+0000] GC(994)   Post Evacuate Collection Set: 1.1ms
[2025-08-01T03:49:54.721+0000] GC(994)   Other: 0.1ms
[2025-08-01T03:49:54.721+0000] GC(994) Eden regions: 138->0(91)
[2025-08-01T03:49:54.721+0000] GC(994) Survivor regions: 28->21(21)
[2025-08-01T03:49:54.721+0000] GC(994) Old regions: 1587->1734
[2025-08-01T03:49:54.721+0000] GC(994) Humongous regions: 0->0
[2025-08-01T03:49:54.721+0000] GC(994) Metaspace: 10593K(10816K)->10593K(10816K) NonClass: 9335K(9472K)->9335K(9472K) Class: 1258K(1344K)->1258K(1344K)
[2025-08-01T03:49:54.721+0000] GC(994) Pause Young (Normal) (G1 Evacuation Pause) 3505M->3508M(4096M) 65.887ms
[2025-08-01T03:49:54.721+0000] GC(994) User=0.48s Sys=0.02s Real=0.06s
[2025-08-01T03:49:54.740+0000] GC(992) Concurrent Mark From Roots 225.729ms
[2025-08-01T03:49:54.740+0000] GC(992) Concurrent Preclean
[2025-08-01T03:49:54.740+0000] GC(992) Concurrent Preclean 0.026ms
[2025-08-01T03:49:54.740+0000] GC(992) Pause Remark
[2025-08-01T03:49:54.744+0000] GC(992) Pause Remark 3682M->1826M(4096M) 4.190ms
[2025-08-01T03:49:54.744+0000] GC(992) User=0.01s Sys=0.01s Real=0.01s
[2025-08-01T03:49:54.744+0000] GC(992) Concurrent Mark 230.473ms
[2025-08-01T03:49:54.744+0000] GC(992) Concurrent Rebuild Remembered Sets and Scrub Regions
[2025-08-01T03:49:54.746+0000] GC(995) Pause Young (Normal) (G1 Evacuation Pause)
[2025-08-01T03:49:54.746+0000] GC(995) Using 8 workers of 8 for evacuation
[2025-08-01T03:49:54.793+0000] GC(995)   Pre Evacuate Collection Set: 0.7ms
[2025-08-01T03:49:54.793+0000] GC(995)   Merge Heap Roots: 0.4ms
[2025-08-01T03:49:54.793+0000] GC(995)   Evacuate Collection Set: 44.6ms
[2025-08-01T03:49:54.793+0000] GC(995)   Post Evacuate Collection Set: 0.9ms
[2025-08-01T03:49:54.793+0000] GC(995)   Other: 0.1ms
[2025-08-01T03:49:54.793+0000] GC(995) Eden regions: 91->0(360)
[2025-08-01T03:49:54.793+0000] GC(995) Survivor regions: 21->14(14)
[2025-08-01T03:49:54.793+0000] GC(995) Old regions: 806->905
[2025-08-01T03:49:54.793+0000] GC(995) Humongous regions: 0->0
[2025-08-01T03:49:54.793+0000] GC(995) Metaspace: 10593K(10816K)->10593K(10816K) NonClass: 9335K(9472K)->9335K(9472K) Class: 1258K(1344K)->1258K(1344K)
[2025-08-01T03:49:54.793+0000] GC(995) Pause Young (Normal) (G1 Evacuation Pause) 1834M->1837M(4096M) 47.017ms
[2025-08-01T03:49:54.793+0000] GC(995) User=0.33s Sys=0.01s Real=0.04s
[2025-08-01T03:49:54.948+0000] GC(996) Pause Young (Normal) (G1 Evacuation Pause)
[2025-08-01T03:49:54.948+0000] GC(996) Using 8 workers of 8 for evacuation
[2025-08-01T03:49:55.052+0000] GC(996)   Pre Evacuate Collection Set: 0.7ms
[2025-08-01T03:49:55.052+0000] GC(996)   Merge Heap Roots: 0.3ms
[2025-08-01T03:49:55.052+0000] GC(996)   Evacuate Collection Set: 102.1ms
[2025-08-01T03:49:55.052+0000] GC(996)   Post Evacuate Collection Set: 1.2ms
[2025-08-01T03:49:55.052+0000] GC(996)   Other: 0.1ms
[2025-08-01T03:49:55.052+0000] GC(996) Eden regions: 360->0(283)
[2025-08-01T03:49:55.052+0000] GC(996) Survivor regions: 14->47(47)
[2025-08-01T03:49:55.052+0000] GC(996) Old regions: 905->1118
[2025-08-01T03:49:55.052+0000] GC(996) Humongous regions: 0->0
[2025-08-01T03:49:55.052+0000] GC(996) Metaspace: 10593K(10816K)->10593K(10816K) NonClass: 9335K(9472K)->9335K(9472K) Class: 1258K(1344K)->1258K(1344K)
[2025-08-01T03:49:55.052+0000] GC(996) Pause Young (Normal) (G1 Evacuation Pause) 2557M->2328M(4096M) 104.598ms
[2025-08-01T03:49:55.052+0000] GC(996) User=0.76s Sys=0.03s Real=0.10s
[2025-08-01T03:49:55.080+0000] GC(992) Concurrent Rebuild Remembered Sets and Scrub Regions 335.552ms
[2025-08-01T03:49:55.080+0000] GC(992) Pause Cleanup
[2025-08-01T03:49:55.082+0000] GC(992) Pause Cleanup 2572M->2572M(4096M) 2.067ms
[2025-08-01T03:49:55.082+0000] GC(992) User=0.00s Sys=0.00s Real=0.00s
[2025-08-01T03:49:55.082+0000] GC(992) Concurrent Clear Claimed Marks
[2025-08-01T03:49:55.082+0000] GC(992) Concurrent Clear Claimed Marks 0.034ms
[2025-08-01T03:49:55.082+0000] GC(992) Concurrent Cleanup for Next Mark
[2025-08-01T03:49:55.090+0000] GC(992) Concurrent Cleanup for Next Mark 7.276ms
[2025-08-01T03:49:55.090+0000] GC(992) Concurrent Mark Cycle 649.315ms
[2025-08-01T03:49:55.150+0000] GC(997) Pause Young (Prepare Mixed) (G1 Evacuation Pause)
[2025-08-01T03:49:55.150+0000] GC(997) Using 8 workers of 8 for evacuation
[2025-08-01T03:49:55.269+0000] GC(997)   Pre Evacuate Collection Set: 1.1ms
[2025-08-01T03:49:55.269+0000] GC(997)   Merge Heap Roots: 0.3ms
[2025-08-01T03:49:55.269+0000] GC(997)   Evacuate Collection Set: 116.0ms
[2025-08-01T03:49:55.269+0000] GC(997)   Post Evacuate Collection Set: 1.0ms
[2025-08-01T03:49:55.269+0000] GC(997)   Other: 0.1ms
[2025-08-01T03:49:55.269+0000] GC(997) Eden regions: 283->0(186)
[2025-08-01T03:49:55.269+0000] GC(997) Survivor regions: 47->42(42)
[2025-08-01T03:49:55.269+0000] GC(997) Old regions: 1118->1407
[2025-08-01T03:49:55.269+0000] GC(997) Humongous regions: 0->0
[2025-08-01T03:49:55.269+0000] GC(997) Metaspace: 10593K(10816K)->10593K(10816K) NonClass: 9335K(9472K)->9335K(9472K) Class: 1258K(1344K)->1258K(1344K)
[2025-08-01T03:49:55.269+0000] GC(997) Pause Young (Prepare Mixed) (G1 Evacuation Pause) 2894M->2897M(4096M) 118.685ms
[2025-08-01T03:49:55.269+0000] GC(997) User=0.84s Sys=0.04s Real=0.12s
[2025-08-01T03:49:55.348+0000] GC(998) Pause Young (Mixed) (G1 Evacuation Pause)
[2025-08-01T03:49:55.348+0000] GC(998) Using 8 workers of 8 for evacuation
[2025-08-01T03:49:55.476+0000] GC(998)   Pre Evacuate Collection Set: 1.4ms
[2025-08-01T03:49:55.476+0000] GC(998)   Merge Heap Roots: 0.3ms
[2025-08-01T03:49:55.476+0000] GC(998)   Evacuate Collection Set: 123.6ms
[2025-08-01T03:49:55.476+0000] GC(998)   Post Evacuate Collection Set: 1.7ms
[2025-08-01T03:49:55.476+0000] GC(998)   Other: 0.2ms
[2025-08-01T03:49:55.476+0000] GC(998) Eden regions: 186->0(137)
[2025-08-01T03:49:55.476+0000] GC(998) Survivor regions: 42->29(29)
[2025-08-01T03:49:55.476+0000] GC(998) Old regions: 1407->1578
[2025-08-01T03:49:55.476+0000] GC(998) Humongous regions: 0->0
[2025-08-01T03:49:55.476+0000] GC(998) Metaspace: 10593K(10816K)->10593K(10816K) NonClass: 9335K(9472K)->9335K(9472K) Class: 1258K(1344K)->1258K(1344K)
[2025-08-01T03:49:55.476+0000] GC(998) Pause Young (Mixed) (G1 Evacuation Pause) 3269M->3213M(4096M) 127.665ms
[2025-08-01T03:49:55.476+0000] GC(998) User=0.91s Sys=0.03s Real=0.13s
[2025-08-01T03:49:55.556+0000] GC(999) Pause Young (Concurrent Start) (G1 Evacuation Pause)
[2025-08-01T03:49:55.556+0000] GC(999) Using 8 workers of 8 for evacuation
[2025-08-01T03:49:55.598+0000] GC(999)   Pre Evacuate Collection Set: 1.0ms
[2025-08-01T03:49:55.598+0000] GC(999)   Merge Heap Roots: 0.3ms
[2025-08-01T03:49:55.598+0000] GC(999)   Evacuate Collection Set: 39.2ms
[2025-08-01T03:49:55.598+0000] GC(999)   Post Evacuate Collection Set: 1.0ms
[2025-08-01T03:49:55.598+0000] GC(999)   Other: 0.2ms
[2025-08-01T03:49:55.598+0000] GC(999) Eden regions: 137->0(125)
[2025-08-01T03:49:55.598+0000] GC(999) Survivor regions: 29->21(21)
[2025-08-01T03:49:55.598+0000] GC(999) Old regions: 1578->1639
[2025-08-01T03:49:55.598+0000] GC(999) Humongous regions: 0->0
[2025-08-01T03:49:55.598+0000] GC(999) Metaspace: 10593K(10816K)->10593K(10816K) NonClass: 9335K(9472K)->9335K(9472K) Class: 1258K(1344K)->1258K(1344K)
[2025-08-01T03:49:55.598+0000] GC(999) Pause Young (Concurrent Start) (G1 Evacuation Pause) 3487M->3318M(4096M) 42.170ms
[2025-08-01T03:49:55.598+0000] GC(999) User=0.28s Sys=0.03s Real=0.04s
[2025-08-01T03:49:55.598+0000] GC(1000) Concurrent Mark Cycle
[2025-08-01T03:49:55.598+0000] GC(1000) Concurrent Scan Root Regions
[2025-08-01T03:49:55.616+0000] GC(1000) Concurrent Scan Root Regions 18.049ms
[2025-08-01T03:49:55.616+0000] GC(1000) Concurrent Mark
[2025-08-01T03:49:55.616+0000] GC(1000) Concurrent Mark From Roots
[2025-08-01T03:49:55.616+0000] GC(1000) Using 2 workers of 2 for marking
[2025-08-01T03:49:55.626+0000] GC(1001) Pause Young (Normal) (G1 Evacuation Pause)
[2025-08-01T03:49:55.626+0000] GC(1001) Using 8 workers of 8 for evacuation
[2025-08-01T03:49:55.672+0000] GC(1001)   Pre Evacuate Collection Set: 2.7ms
[2025-08-01T03:49:55.672+0000] GC(1001)   Merge Heap Roots: 0.3ms
[2025-08-01T03:49:55.672+0000] GC(1001)   Evacuate Collection Set: 41.8ms
[2025-08-01T03:49:55.672+0000] GC(1001)   Post Evacuate Collection Set: 1.1ms
[2025-08-01T03:49:55.673+0000] GC(1001)   Other: 0.2ms
[2025-08-01T03:49:55.673+0000] GC(1001) Eden regions: 125->0(95)
[2025-08-01T03:49:55.673+0000] GC(1001) Survivor regions: 21->19(19)
[2025-08-01T03:49:55.673+0000] GC(1001) Old regions: 1639->1732
[2025-08-01T03:49:55.673+0000] GC(1001) Humongous regions: 0->0
[2025-08-01T03:49:55.673+0000] GC(1001) Metaspace: 10593K(10816K)->10593K(10816K) NonClass: 9335K(9472K)->9335K(9472K) Class: 1258K(1344K)->1258K(1344K)
[2025-08-01T03:49:55.673+0000] GC(1001) Pause Young (Normal) (G1 Evacuation Pause) 3568M->3500M(4096M) 46.257ms
[2025-08-01T03:49:55.673+0000] GC(1001) User=0.33s Sys=0.02s Real=0.04s
[2025-08-01T03:49:55.734+0000] GC(1002) Pause Young (Normal) (G1 Evacuation Pause)
[2025-08-01T03:49:55.734+0000] GC(1002) Using 8 workers of 8 for evacuation
[2025-08-01T03:49:55.781+0000] GC(1002)   Pre Evacuate Collection Set: 0.7ms
[2025-08-01T03:49:55.781+0000] GC(1002)   Merge Heap Roots: 0.4ms
[2025-08-01T03:49:55.782+0000] GC(1002)   Evacuate Collection Set: 44.9ms
[2025-08-01T03:49:55.782+0000] GC(1002)   Post Evacuate Collection Set: 1.1ms
[2025-08-01T03:49:55.782+0000] GC(1002)   Other: 0.3ms
[2025-08-01T03:49:55.782+0000] GC(1002) Eden regions: 95->0(87)
[2025-08-01T03:49:55.782+0000] GC(1002) Survivor regions: 19->15(15)
[2025-08-01T03:49:55.782+0000] GC(1002) Old regions: 1732->1832
[2025-08-01T03:49:55.782+0000] GC(1002) Humongous regions: 0->0
[2025-08-01T03:49:55.782+0000] GC(1002) Metaspace: 10593K(10816K)->10593K(10816K) NonClass: 9335K(9472K)->9335K(9472K) Class: 1258K(1344K)->1258K(1344K)
[2025-08-01T03:49:55.782+0000] GC(1002) Pause Young (Normal) (G1 Evacuation Pause) 3690M->3693M(4096M) 47.611ms
[2025-08-01T03:49:55.782+0000] GC(1002) User=0.33s Sys=0.02s Real=0.04s
[2025-08-01T03:49:55.796+0000] GC(1000) Concurrent Mark From Roots 179.558ms
[2025-08-01T03:49:55.796+0000] GC(1000) Concurrent Preclean
[2025-08-01T03:49:55.796+0000] GC(1000) Concurrent Preclean 0.038ms
[2025-08-01T03:49:55.796+0000] GC(1000) Pause Remark
[2025-08-01T03:49:55.800+0000] GC(1000) Pause Remark 3849M->1485M(4096M) 4.031ms
[2025-08-01T03:49:55.800+0000] GC(1000) User=0.01s Sys=0.00s Real=0.00s
[2025-08-01T03:49:55.800+0000] GC(1000) Concurrent Mark 184.340ms
[2025-08-01T03:49:55.800+0000] GC(1000) Concurrent Rebuild Remembered Sets and Scrub Regions
[2025-08-01T03:49:55.802+0000] GC(1003) Pause Young (Normal) (G1 Evacuation Pause)
[2025-08-01T03:49:55.802+0000] GC(1003) Using 8 workers of 8 for evacuation
[2025-08-01T03:49:55.843+0000] GC(1003)   Pre Evacuate Collection Set: 0.9ms
[2025-08-01T03:49:55.843+0000] GC(1003)   Merge Heap Roots: 0.2ms
[2025-08-01T03:49:55.843+0000] GC(1003)   Evacuate Collection Set: 38.3ms
[2025-08-01T03:49:55.843+0000] GC(1003)   Post Evacuate Collection Set: 0.8ms
[2025-08-01T03:49:55.843+0000] GC(1003)   Other: 0.1ms
[2025-08-01T03:49:55.843+0000] GC(1003) Eden regions: 87->0(430)
[2025-08-01T03:49:55.843+0000] GC(1003) Survivor regions: 15->13(13)
[2025-08-01T03:49:55.843+0000] GC(1003) Old regions: 650->741
[2025-08-01T03:49:55.843+0000] GC(1003) Humongous regions: 0->0
[2025-08-01T03:49:55.843+0000] GC(1003) Metaspace: 10593K(10816K)->10593K(10816K) NonClass: 9335K(9472K)->9335K(9472K) Class: 1258K(1344K)->1258K(1344K)
[2025-08-01T03:49:55.843+0000] GC(1003) Pause Young (Normal) (G1 Evacuation Pause) 1503M->1506M(4096M) 40.616ms
[2025-08-01T03:49:55.843+0000] GC(1003) User=0.30s Sys=0.01s Real=0.05s
[2025-08-01T03:49:55.949+0000] GC(1000) Concurrent Rebuild Remembered Sets and Scrub Regions 148.613ms
[2025-08-01T03:49:55.949+0000] GC(1000) Pause Cleanup
[2025-08-01T03:49:55.950+0000] GC(1000) Pause Cleanup 2005M->2005M(4096M) 1.120ms
[2025-08-01T03:49:55.950+0000] GC(1000) User=0.00s Sys=0.00s Real=0.00s
[2025-08-01T03:49:55.951+0000] GC(1000) Concurrent Clear Claimed Marks
[2025-08-01T03:49:55.951+0000] GC(1000) Concurrent Clear Claimed Marks 0.039ms
[2025-08-01T03:49:55.951+0000] GC(1000) Concurrent Cleanup for Next Mark
[2025-08-01T03:49:55.959+0000] GC(1000) Concurrent Cleanup for Next Mark 8.443ms
[2025-08-01T03:49:55.959+0000] GC(1000) Concurrent Mark Cycle 361.215ms
[2025-08-01T03:49:56.060+0000] GC(1004) Pause Young (Prepare Mixed) (G1 Evacuation Pause)
[2025-08-01T03:49:56.060+0000] GC(1004) Using 8 workers of 8 for evacuation
[2025-08-01T03:49:56.191+0000] GC(1004)   Pre Evacuate Collection Set: 0.7ms
[2025-08-01T03:49:56.191+0000] GC(1004)   Merge Heap Roots: 0.2ms
[2025-08-01T03:49:56.191+0000] GC(1004)   Evacuate Collection Set: 127.9ms
[2025-08-01T03:49:56.191+0000] GC(1004)   Post Evacuate Collection Set: 1.2ms
[2025-08-01T03:49:56.191+0000] GC(1004)   Other: 0.1ms
[2025-08-01T03:49:56.191+0000] GC(1004) Eden regions: 430->0(326)
[2025-08-01T03:49:56.191+0000] GC(1004) Survivor regions: 13->56(56)
[2025-08-01T03:49:56.191+0000] GC(1004) Old regions: 741->1018
[2025-08-01T03:49:56.191+0000] GC(1004) Humongous regions: 0->0
[2025-08-01T03:49:56.191+0000] GC(1004) Metaspace: 10593K(10816K)->10593K(10816K) NonClass: 9335K(9472K)->9335K(9472K) Class: 1258K(1344K)->1258K(1344K)
[2025-08-01T03:49:56.191+0000] GC(1004) Pause Young (Prepare Mixed) (G1 Evacuation Pause) 2366M->2147M(4096M) 130.561ms
[2025-08-01T03:49:56.191+0000] GC(1004) User=0.99s Sys=0.03s Real=0.13s
[2025-08-01T03:49:56.311+0000] GC(1005) Pause Young (Mixed) (G1 Evacuation Pause)
[2025-08-01T03:49:56.311+0000] GC(1005) Using 8 workers of 8 for evacuation
[2025-08-01T03:49:56.444+0000] GC(1005)   Pre Evacuate Collection Set: 1.2ms
[2025-08-01T03:49:56.444+0000] GC(1005)   Merge Heap Roots: 0.2ms
[2025-08-01T03:49:56.444+0000] GC(1005)   Evacuate Collection Set: 128.0ms
[2025-08-01T03:49:56.444+0000] GC(1005)   Merge Optional Heap Roots: 0.2ms
[2025-08-01T03:49:56.444+0000] GC(1005)   Evacuate Optional Collection Set: 1.0ms
[2025-08-01T03:49:56.444+0000] GC(1005)   Post Evacuate Collection Set: 2.0ms
[2025-08-01T03:49:56.444+0000] GC(1005)   Other: 0.2ms
[2025-08-01T03:49:56.444+0000] GC(1005) Eden regions: 326->0(323)
[2025-08-01T03:49:56.444+0000] GC(1005) Survivor regions: 56->48(48)
[2025-08-01T03:49:56.445+0000] GC(1005) Old regions: 1018->1067
[2025-08-01T03:49:56.445+0000] GC(1005) Humongous regions: 0->0
[2025-08-01T03:49:56.445+0000] GC(1005) Metaspace: 10593K(10816K)->10593K(10816K) NonClass: 9335K(9472K)->9335K(9472K) Class: 1258K(1344K)->1258K(1344K)
[2025-08-01T03:49:56.445+0000] GC(1005) Pause Young (Mixed) (G1 Evacuation Pause) 2799M->2228M(4096M) 133.785ms
[2025-08-01T03:49:56.445+0000] GC(1005) User=0.95s Sys=0.06s Real=0.14s
[2025-08-01T03:49:56.599+0000] GC(1006) Pause Young (Mixed) (G1 Evacuation Pause)
[2025-08-01T03:49:56.600+0000] GC(1006) Using 8 workers of 8 for evacuation
[2025-08-01T03:49:56.833+0000] GC(1006) MMU target violated: 201.0ms (200.0ms/201.0ms)
[2025-08-01T03:49:56.833+0000] GC(1006)   Pre Evacuate Collection Set: 0.9ms
[2025-08-01T03:49:56.833+0000] GC(1006)   Merge Heap Roots: 0.2ms
[2025-08-01T03:49:56.833+0000] GC(1006)   Evacuate Collection Set: 230.9ms
[2025-08-01T03:49:56.833+0000] GC(1006)   Post Evacuate Collection Set: 1.1ms
[2025-08-01T03:49:56.833+0000] GC(1006)   Other: 0.2ms
[2025-08-01T03:49:56.833+0000] GC(1006) Eden regions: 323->0(202)
[2025-08-01T03:49:56.833+0000] GC(1006) Survivor regions: 48->47(47)
[2025-08-01T03:49:56.833+0000] GC(1006) Old regions: 1067->1367
[2025-08-01T03:49:56.833+0000] GC(1006) Humongous regions: 0->0
[2025-08-01T03:49:56.833+0000] GC(1006) Metaspace: 10593K(10816K)->10593K(10816K) NonClass: 9335K(9472K)->9335K(9472K) Class: 1258K(1344K)->1258K(1344K)
[2025-08-01T03:49:56.833+0000] GC(1006) Pause Young (Mixed) (G1 Evacuation Pause) 2874M->2826M(4096M) 233.503ms
[2025-08-01T03:49:56.833+0000] GC(1006) User=1.75s Sys=0.07s Real=0.23s
[2025-08-01T03:49:56.917+0000] GC(1007) Pause Young (Mixed) (G1 Evacuation Pause)
[2025-08-01T03:49:56.917+0000] GC(1007) Using 8 workers of 8 for evacuation
[2025-08-01T03:49:57.024+0000] GC(1007)   Pre Evacuate Collection Set: 1.2ms
[2025-08-01T03:49:57.024+0000] GC(1007)   Merge Heap Roots: 0.2ms
[2025-08-01T03:49:57.024+0000] GC(1007)   Evacuate Collection Set: 104.7ms
[2025-08-01T03:49:57.024+0000] GC(1007)   Post Evacuate Collection Set: 1.1ms
[2025-08-01T03:49:57.024+0000] GC(1007)   Other: 0.1ms
[2025-08-01T03:49:57.024+0000] GC(1007) Eden regions: 202->0(137)
[2025-08-01T03:49:57.024+0000] GC(1007) Survivor regions: 47->32(32)
[2025-08-01T03:49:57.024+0000] GC(1007) Old regions: 1367->1574
[2025-08-01T03:49:57.024+0000] GC(1007) Humongous regions: 0->0
[2025-08-01T03:49:57.024+0000] GC(1007) Metaspace: 10593K(10816K)->10593K(10816K) NonClass: 9335K(9472K)->9335K(9472K) Class: 1258K(1344K)->1258K(1344K)
[2025-08-01T03:49:57.024+0000] GC(1007) Pause Young (Mixed) (G1 Evacuation Pause) 3230M->3210M(4096M) 107.627ms
[2025-08-01T03:49:57.024+0000] GC(1007) User=0.80s Sys=0.04s Real=0.11s
[2025-08-01T03:49:57.096+0000] GC(1008) Pause Young (Concurrent Start) (G1 Evacuation Pause)
[2025-08-01T03:49:57.097+0000] GC(1008) Using 8 workers of 8 for evacuation
[2025-08-01T03:49:57.168+0000] GC(1008)   Pre Evacuate Collection Set: 0.8ms
[2025-08-01T03:49:57.168+0000] GC(1008)   Merge Heap Roots: 0.2ms
[2025-08-01T03:49:57.168+0000] GC(1008)   Evacuate Collection Set: 68.7ms
[2025-08-01T03:49:57.168+0000] GC(1008)   Post Evacuate Collection Set: 1.5ms
[2025-08-01T03:49:57.168+0000] GC(1008)   Other: 0.2ms
[2025-08-01T03:49:57.168+0000] GC(1008) Eden regions: 137->0(109)
[2025-08-01T03:49:57.168+0000] GC(1008) Survivor regions: 32->22(22)
[2025-08-01T03:49:57.168+0000] GC(1008) Old regions: 1574->1679
[2025-08-01T03:49:57.168+0000] GC(1008) Humongous regions: 0->0
[2025-08-01T03:49:57.168+0000] GC(1008) Metaspace: 10593K(10816K)->10593K(10816K) NonClass: 9335K(9472K)->9335K(9472K) Class: 1258K(1344K)->1258K(1344K)
[2025-08-01T03:49:57.168+0000] GC(1008) Pause Young (Concurrent Start) (G1 Evacuation Pause) 3484M->3401M(4096M) 71.777ms
[2025-08-01T03:49:57.168+0000] GC(1008) User=0.51s Sys=0.02s Real=0.07s
[2025-08-01T03:49:57.169+0000] GC(1009) Concurrent Mark Cycle
[2025-08-01T03:49:57.169+0000] GC(1009) Concurrent Scan Root Regions
[2025-08-01T03:49:57.209+0000] GC(1009) Concurrent Scan Root Regions 40.182ms
[2025-08-01T03:49:57.209+0000] GC(1009) Concurrent Mark
[2025-08-01T03:49:57.209+0000] GC(1009) Concurrent Mark From Roots
[2025-08-01T03:49:57.209+0000] GC(1009) Using 2 workers of 2 for marking
[2025-08-01T03:49:57.246+0000] GC(1010) Pause Young (Normal) (G1 Evacuation Pause)
[2025-08-01T03:49:57.246+0000] GC(1010) Using 8 workers of 8 for evacuation
[2025-08-01T03:49:57.267+0000] GC(1010)   Pre Evacuate Collection Set: 1.9ms
[2025-08-01T03:49:57.267+0000] GC(1010)   Merge Heap Roots: 0.2ms
[2025-08-01T03:49:57.267+0000] GC(1010)   Evacuate Collection Set: 17.2ms
[2025-08-01T03:49:57.267+0000] GC(1010)   Post Evacuate Collection Set: 1.0ms
[2025-08-01T03:49:57.267+0000] GC(1010)   Other: 0.1ms
[2025-08-01T03:49:57.267+0000] GC(1010) Eden regions: 109->0(103)
[2025-08-01T03:49:57.267+0000] GC(1010) Survivor regions: 22->17(17)
[2025-08-01T03:49:57.267+0000] GC(1010) Old regions: 1679->1716
[2025-08-01T03:49:57.267+0000] GC(1010) Humongous regions: 0->0
[2025-08-01T03:49:57.267+0000] GC(1010) Metaspace: 10593K(10816K)->10593K(10816K) NonClass: 9335K(9472K)->9335K(9472K) Class: 1258K(1344K)->1258K(1344K)
[2025-08-01T03:49:57.267+0000] GC(1010) Pause Young (Normal) (G1 Evacuation Pause) 3619M->3464M(4096M) 20.672ms
[2025-08-01T03:49:57.267+0000] GC(1010) User=0.14s Sys=0.00s Real=0.02s
[2025-08-01T03:49:57.310+0000] GC(1011) Pause Young (Normal) (G1 Evacuation Pause)
[2025-08-01T03:49:57.310+0000] GC(1011) Using 8 workers of 8 for evacuation
[2025-08-01T03:49:57.358+0000] GC(1011)   Pre Evacuate Collection Set: 1.0ms
[2025-08-01T03:49:57.358+0000] GC(1011)   Merge Heap Roots: 0.3ms
[2025-08-01T03:49:57.358+0000] GC(1011)   Evacuate Collection Set: 44.9ms
[2025-08-01T03:49:57.358+0000] GC(1011)   Post Evacuate Collection Set: 1.0ms
[2025-08-01T03:49:57.358+0000] GC(1011)   Other: 0.1ms
[2025-08-01T03:49:57.358+0000] GC(1011) Eden regions: 103->0(87)
[2025-08-01T03:49:57.358+0000] GC(1011) Survivor regions: 17->15(15)
[2025-08-01T03:49:57.358+0000] GC(1011) Old regions: 1716->1822
[2025-08-01T03:49:57.358+0000] GC(1011) Humongous regions: 0->0
[2025-08-01T03:49:57.358+0000] GC(1011) Metaspace: 10593K(10816K)->10593K(10816K) NonClass: 9335K(9472K)->9335K(9472K) Class: 1258K(1344K)->1258K(1344K)
[2025-08-01T03:49:57.358+0000] GC(1011) Pause Young (Normal) (G1 Evacuation Pause) 3670M->3673M(4096M) 47.780ms
[2025-08-01T03:49:57.358+0000] GC(1011) User=0.34s Sys=0.00s Real=0.05s
[2025-08-01T03:49:57.417+0000] GC(1012) Pause Young (Normal) (G1 Evacuation Pause)
[2025-08-01T03:49:57.417+0000] GC(1012) Using 8 workers of 8 for evacuation
[2025-08-01T03:49:57.455+0000] GC(1012)   Pre Evacuate Collection Set: 0.8ms
[2025-08-01T03:49:57.455+0000] GC(1012)   Merge Heap Roots: 0.2ms
[2025-08-01T03:49:57.455+0000] GC(1012)   Evacuate Collection Set: 35.2ms
[2025-08-01T03:49:57.455+0000] GC(1012)   Post Evacuate Collection Set: 1.0ms
[2025-08-01T03:49:57.455+0000] GC(1012)   Other: 0.1ms
[2025-08-01T03:49:57.455+0000] GC(1012) Eden regions: 87->0(89)
[2025-08-01T03:49:57.455+0000] GC(1012) Survivor regions: 15->13(13)
[2025-08-01T03:49:57.455+0000] GC(1012) Old regions: 1822->1913
[2025-08-01T03:49:57.455+0000] GC(1012) Humongous regions: 0->0
[2025-08-01T03:49:57.455+0000] GC(1012) Metaspace: 10593K(10816K)->10593K(10816K) NonClass: 9335K(9472K)->9335K(9472K) Class: 1258K(1344K)->1258K(1344K)
[2025-08-01T03:49:57.455+0000] GC(1012) Pause Young (Normal) (G1 Evacuation Pause) 3847M->3850M(4096M) 37.630ms
[2025-08-01T03:49:57.455+0000] GC(1012) User=0.27s Sys=0.01s Real=0.04s
[2025-08-01T03:49:57.471+0000] GC(1013) Pause Young (Normal) (G1 Evacuation Pause)
[2025-08-01T03:49:57.471+0000] GC(1013) Using 8 workers of 8 for evacuation
[2025-08-01T03:49:57.506+0000] GC(1013)   Pre Evacuate Collection Set: 0.6ms
[2025-08-01T03:49:57.506+0000] GC(1013)   Merge Heap Roots: 0.2ms
[2025-08-01T03:49:57.506+0000] GC(1013)   Evacuate Collection Set: 26.0ms
[2025-08-01T03:49:57.506+0000] GC(1013)   Post Evacuate Collection Set: 7.9ms
[2025-08-01T03:49:57.506+0000] GC(1013)   Other: 0.1ms
[2025-08-01T03:49:57.506+0000] GC(1013) Eden regions: 89->0(0)
[2025-08-01T03:49:57.506+0000] GC(1013) Survivor regions: 13->13(13)
[2025-08-01T03:49:57.506+0000] GC(1013) Old regions: 1913->2033
[2025-08-01T03:49:57.506+0000] GC(1013) Humongous regions: 0->0
[2025-08-01T03:49:57.506+0000] GC(1013) Metaspace: 10593K(10816K)->10593K(10816K) NonClass: 9335K(9472K)->9335K(9472K) Class: 1258K(1344K)->1258K(1344K)
[2025-08-01T03:49:57.506+0000] GC(1013) Pause Young (Normal) (G1 Evacuation Pause) (Evacuation Failure) 4028M->4091M(4096M) 35.218ms
[2025-08-01T03:49:57.506+0000] GC(1013) User=0.24s Sys=0.01s Real=0.04s
[2025-08-01T03:49:57.506+0000] Attempting full compaction
[2025-08-01T03:49:57.506+0000] GC(1014) Pause Full (G1 Compaction Pause)
[2025-08-01T03:49:57.506+0000] GC(1014) Using 8 workers of 8 for full compaction
[2025-08-01T03:49:57.512+0000] GC(1014) Phase 1: Mark live objects
[2025-08-01T03:49:57.553+0000] GC(1014) Phase 1: Mark live objects 40.693ms
[2025-08-01T03:49:57.553+0000] GC(1014) Phase 2: Prepare compaction
[2025-08-01T03:49:57.560+0000] GC(1014) Phase 2: Prepare compaction 7.773ms
[2025-08-01T03:49:57.561+0000] GC(1014) Phase 3: Adjust pointers
[2025-08-01T03:49:57.595+0000] GC(1014) Phase 3: Adjust pointers 34.665ms
[2025-08-01T03:49:57.595+0000] GC(1014) Phase 4: Compact heap
[2025-08-01T03:49:57.620+0000] GC(1014) Phase 4: Compact heap 24.194ms
[2025-08-01T03:49:57.620+0000] GC(1014) Phase 5: Reset Metadata
[2025-08-01T03:49:57.652+0000] GC(1014) Phase 5: Reset Metadata 32.426ms
[2025-08-01T03:49:57.661+0000] GC(1014) Eden regions: 0->0(608)
[2025-08-01T03:49:57.661+0000] GC(1014) Survivor regions: 13->0(13)
[2025-08-01T03:49:57.661+0000] GC(1014) Old regions: 2033->358
[2025-08-01T03:49:57.661+0000] GC(1014) Humongous regions: 0->0
[2025-08-01T03:49:57.661+0000] GC(1014) Metaspace: 10593K(10816K)->10593K(10816K) NonClass: 9335K(9472K)->9335K(9472K) Class: 1258K(1344K)->1258K(1344K)
[2025-08-01T03:49:57.661+0000] GC(1014) Pause Full (G1 Compaction Pause) 4091M->707M(4096M) 154.860ms
[2025-08-01T03:49:57.661+0000] GC(1014) User=1.10s Sys=0.02s Real=0.15s
[2025-08-01T03:49:57.661+0000] GC(1009) Concurrent Mark From Roots 452.332ms
[2025-08-01T03:49:57.661+0000] GC(1009) Concurrent Mark Abort
[2025-08-01T03:49:57.661+0000] GC(1009) Concurrent Mark Cycle 492.746ms
[2025-08-01T03:49:57.910+0000] GC(1015) Pause Young (Normal) (G1 Evacuation Pause)
[2025-08-01T03:49:57.911+0000] GC(1015) Using 8 workers of 8 for evacuation
[2025-08-01T03:49:58.052+0000] GC(1015)   Pre Evacuate Collection Set: 0.9ms
[2025-08-01T03:49:58.052+0000] GC(1015)   Merge Heap Roots: 0.2ms
[2025-08-01T03:49:58.052+0000] GC(1015)   Evacuate Collection Set: 138.8ms
[2025-08-01T03:49:58.052+0000] GC(1015)   Post Evacuate Collection Set: 1.1ms
[2025-08-01T03:49:58.052+0000] GC(1015)   Other: 0.2ms
[2025-08-01T03:49:58.052+0000] GC(1015) Eden regions: 608->0(489)
[2025-08-01T03:49:58.052+0000] GC(1015) Survivor regions: 0->76(76)
[2025-08-01T03:49:58.052+0000] GC(1015) Old regions: 358->637
[2025-08-01T03:49:58.052+0000] GC(1015) Humongous regions: 0->0
[2025-08-01T03:49:58.052+0000] GC(1015) Metaspace: 10593K(10816K)->10593K(10816K) NonClass: 9335K(9472K)->9335K(9472K) Class: 1258K(1344K)->1258K(1344K)
[2025-08-01T03:49:58.052+0000] GC(1015) Pause Young (Normal) (G1 Evacuation Pause) 1923M->1417M(4096M) 141.611ms
[2025-08-01T03:49:58.052+0000] GC(1015) User=1.07s Sys=0.04s Real=0.14s
[2025-08-01T03:49:58.267+0000] GC(1016) Pause Young (Concurrent Start) (G1 Evacuation Pause)
[2025-08-01T03:49:58.267+0000] GC(1016) Using 8 workers of 8 for evacuation
[2025-08-01T03:49:58.500+0000] GC(1016) MMU target violated: 201.0ms (200.0ms/201.0ms)
[2025-08-01T03:49:58.500+0000] GC(1016)   Pre Evacuate Collection Set: 1.0ms
[2025-08-01T03:49:58.500+0000] GC(1016)   Merge Heap Roots: 0.4ms
[2025-08-01T03:49:58.500+0000] GC(1016)   Evacuate Collection Set: 229.4ms
[2025-08-01T03:49:58.500+0000] GC(1016)   Post Evacuate Collection Set: 1.6ms
[2025-08-01T03:49:58.500+0000] GC(1016)   Other: 0.4ms
[2025-08-01T03:49:58.500+0000] GC(1016) Eden regions: 489->0(292)
[2025-08-01T03:49:58.500+0000] GC(1016) Survivor regions: 76->71(71)
[2025-08-01T03:49:58.500+0000] GC(1016) Old regions: 637->1087
[2025-08-01T03:49:58.500+0000] GC(1016) Humongous regions: 0->0
[2025-08-01T03:49:58.500+0000] GC(1016) Metaspace: 10593K(10816K)->10593K(10816K) NonClass: 9335K(9472K)->9335K(9472K) Class: 1258K(1344K)->1258K(1344K)
[2025-08-01T03:49:58.500+0000] GC(1016) Pause Young (Concurrent Start) (G1 Evacuation Pause) 2395M->2306M(4096M) 232.998ms
[2025-08-01T03:49:58.500+0000] GC(1016) User=1.69s Sys=0.06s Real=0.23s
[2025-08-01T03:49:58.501+0000] GC(1017) Concurrent Mark Cycle
[2025-08-01T03:49:58.501+0000] GC(1017) Concurrent Scan Root Regions
[2025-08-01T03:49:58.612+0000] GC(1018) Pause Young (Normal) (G1 Evacuation Pause)
[2025-08-01T03:49:58.612+0000] GC(1018) Using 8 workers of 8 for evacuation
[2025-08-01T03:49:58.612+0000] GC(1017) Concurrent Scan Root Regions 111.772ms
[2025-08-01T03:49:58.612+0000] GC(1017) Concurrent Mark
[2025-08-01T03:49:58.612+0000] GC(1017) Concurrent Mark From Roots
[2025-08-01T03:49:58.612+0000] GC(1017) Using 2 workers of 2 for marking
[2025-08-01T03:49:58.730+0000] GC(1018)   Pre Evacuate Collection Set: 1.3ms
[2025-08-01T03:49:58.731+0000] GC(1018)   Merge Heap Roots: 0.5ms
[2025-08-01T03:49:58.731+0000] GC(1018)   Evacuate Collection Set: 115.0ms
[2025-08-01T03:49:58.731+0000] GC(1018)   Post Evacuate Collection Set: 1.2ms
[2025-08-01T03:49:58.731+0000] GC(1018)   Other: 0.1ms
[2025-08-01T03:49:58.731+0000] GC(1018) Eden regions: 292->0(208)
[2025-08-01T03:49:58.731+0000] GC(1018) Survivor regions: 71->46(46)
[2025-08-01T03:49:58.731+0000] GC(1018) Old regions: 1087->1357
[2025-08-01T03:49:58.731+0000] GC(1018) Humongous regions: 0->0
[2025-08-01T03:49:58.731+0000] GC(1018) Metaspace: 10593K(10816K)->10593K(10816K) NonClass: 9335K(9472K)->9335K(9472K) Class: 1258K(1344K)->1258K(1344K)
[2025-08-01T03:49:58.731+0000] GC(1018) Pause Young (Normal) (G1 Evacuation Pause) 2890M->2796M(4096M) 118.892ms
[2025-08-01T03:49:58.731+0000] GC(1018) User=0.88s Sys=0.03s Real=0.12s
[2025-08-01T03:49:58.753+0000] GC(1017) Concurrent Mark From Roots 140.538ms
[2025-08-01T03:49:58.753+0000] GC(1017) Concurrent Preclean
[2025-08-01T03:49:58.753+0000] GC(1017) Concurrent Preclean 0.021ms
[2025-08-01T03:49:58.753+0000] GC(1017) Pause Remark
[2025-08-01T03:49:58.758+0000] GC(1017) Pause Remark 2969M->1809M(4096M) 4.423ms
[2025-08-01T03:49:58.758+0000] GC(1017) User=0.01s Sys=0.00s Real=0.00s
[2025-08-01T03:49:58.758+0000] GC(1017) Concurrent Mark 145.527ms
[2025-08-01T03:49:58.758+0000] GC(1017) Concurrent Rebuild Remembered Sets and Scrub Regions
[2025-08-01T03:49:58.814+0000] GC(1019) Pause Young (Normal) (G1 Evacuation Pause)
[2025-08-01T03:49:58.814+0000] GC(1019) Using 8 workers of 8 for evacuation
[2025-08-01T03:49:58.883+0000] GC(1019)   Pre Evacuate Collection Set: 1.0ms
[2025-08-01T03:49:58.883+0000] GC(1019)   Merge Heap Roots: 0.2ms
[2025-08-01T03:49:58.883+0000] GC(1019)   Evacuate Collection Set: 65.7ms
[2025-08-01T03:49:58.883+0000] GC(1019)   Post Evacuate Collection Set: 1.1ms
[2025-08-01T03:49:58.883+0000] GC(1019)   Other: 0.2ms
[2025-08-01T03:49:58.883+0000] GC(1019) Eden regions: 208->0(366)
[2025-08-01T03:49:58.883+0000] GC(1019) Survivor regions: 46->32(32)
[2025-08-01T03:49:58.883+0000] GC(1019) Old regions: 773->941
[2025-08-01T03:49:58.883+0000] GC(1019) Humongous regions: 0->0
[2025-08-01T03:49:58.883+0000] GC(1019) Metaspace: 10593K(10816K)->10593K(10816K) NonClass: 9335K(9472K)->9335K(9472K) Class: 1258K(1344K)->1258K(1344K)
[2025-08-01T03:49:58.883+0000] GC(1019) Pause Young (Normal) (G1 Evacuation Pause) 2052M->1945M(4096M) 68.488ms
[2025-08-01T03:49:58.883+0000] GC(1019) User=0.50s Sys=0.02s Real=0.06s
[2025-08-01T03:49:58.997+0000] GC(1017) Concurrent Rebuild Remembered Sets and Scrub Regions 238.608ms
[2025-08-01T03:49:58.997+0000] GC(1017) Pause Cleanup
[2025-08-01T03:49:58.998+0000] GC(1017) Pause Cleanup 2424M->2424M(4096M) 0.903ms
[2025-08-01T03:49:58.998+0000] GC(1017) User=0.00s Sys=0.00s Real=0.00s
[2025-08-01T03:49:58.998+0000] GC(1017) Concurrent Clear Claimed Marks
[2025-08-01T03:49:58.998+0000] GC(1017) Concurrent Clear Claimed Marks 0.048ms
[2025-08-01T03:49:58.998+0000] GC(1017) Concurrent Cleanup for Next Mark
[2025-08-01T03:49:59.006+0000] GC(1017) Concurrent Cleanup for Next Mark 8.055ms
[2025-08-01T03:49:59.006+0000] GC(1017) Concurrent Mark Cycle 505.591ms
[2025-08-01T03:49:59.038+0000] GC(1020) Pause Young (Prepare Mixed) (G1 Evacuation Pause)
[2025-08-01T03:49:59.038+0000] GC(1020) Using 8 workers of 8 for evacuation
[2025-08-01T03:49:59.171+0000] GC(1020)   Pre Evacuate Collection Set: 0.7ms
[2025-08-01T03:49:59.171+0000] GC(1020)   Merge Heap Roots: 0.3ms
[2025-08-01T03:49:59.171+0000] GC(1020)   Evacuate Collection Set: 129.8ms
[2025-08-01T03:49:59.171+0000] GC(1020)   Post Evacuate Collection Set: 1.4ms
[2025-08-01T03:49:59.171+0000] GC(1020)   Other: 0.1ms
[2025-08-01T03:49:59.171+0000] GC(1020) Eden regions: 366->0(236)
[2025-08-01T03:49:59.171+0000] GC(1020) Survivor regions: 32->50(50)
[2025-08-01T03:49:59.171+0000] GC(1020) Old regions: 941->1263
[2025-08-01T03:49:59.171+0000] GC(1020) Humongous regions: 0->0
[2025-08-01T03:49:59.171+0000] GC(1020) Metaspace: 10593K(10816K)->10593K(10816K) NonClass: 9335K(9472K)->9335K(9472K) Class: 1258K(1344K)->1258K(1344K)
[2025-08-01T03:49:59.171+0000] GC(1020) Pause Young (Prepare Mixed) (G1 Evacuation Pause) 2677M->2625M(4096M) 132.747ms
[2025-08-01T03:49:59.171+0000] GC(1020) User=1.01s Sys=0.02s Real=0.13s
[2025-08-01T03:49:59.300+0000] GC(1021) Pause Young (Mixed) (G1 Evacuation Pause)
[2025-08-01T03:49:59.300+0000] GC(1021) Using 8 workers of 8 for evacuation
[2025-08-01T03:49:59.405+0000] GC(1021)   Pre Evacuate Collection Set: 0.7ms
[2025-08-01T03:49:59.405+0000] GC(1021)   Merge Heap Roots: 0.2ms
[2025-08-01T03:49:59.405+0000] GC(1021)   Evacuate Collection Set: 103.2ms
[2025-08-01T03:49:59.405+0000] GC(1021)   Post Evacuate Collection Set: 1.0ms
[2025-08-01T03:49:59.405+0000] GC(1021)   Other: 0.1ms
[2025-08-01T03:49:59.405+0000] GC(1021) Eden regions: 236->0(185)
[2025-08-01T03:49:59.405+0000] GC(1021) Survivor regions: 50->36(36)
[2025-08-01T03:49:59.405+0000] GC(1021) Old regions: 1263->1442
[2025-08-01T03:49:59.405+0000] GC(1021) Humongous regions: 0->0
[2025-08-01T03:49:59.405+0000] GC(1021) Metaspace: 10593K(10816K)->10593K(10816K) NonClass: 9335K(9472K)->9335K(9472K) Class: 1258K(1344K)->1258K(1344K)
[2025-08-01T03:49:59.405+0000] GC(1021) Pause Young (Mixed) (G1 Evacuation Pause) 3097M->2955M(4096M) 105.489ms
[2025-08-01T03:49:59.405+0000] GC(1021) User=0.78s Sys=0.03s Real=0.11s
[2025-08-01T03:49:59.484+0000] GC(1022) Pause Young (Concurrent Start) (G1 Evacuation Pause)
[2025-08-01T03:49:59.484+0000] GC(1022) Using 8 workers of 8 for evacuation
[2025-08-01T03:49:59.536+0000] GC(1022)   Pre Evacuate Collection Set: 1.1ms
[2025-08-01T03:49:59.536+0000] GC(1022)   Merge Heap Roots: 0.1ms
[2025-08-01T03:49:59.536+0000] GC(1022)   Evacuate Collection Set: 48.0ms
[2025-08-01T03:49:59.536+0000] GC(1022)   Post Evacuate Collection Set: 1.9ms
[2025-08-01T03:49:59.536+0000] GC(1022)   Other: 0.2ms
[2025-08-01T03:49:59.536+0000] GC(1022) Eden regions: 185->0(169)
[2025-08-01T03:49:59.536+0000] GC(1022) Survivor regions: 36->28(28)
[2025-08-01T03:49:59.536+0000] GC(1022) Old regions: 1442->1521
[2025-08-01T03:49:59.536+0000] GC(1022) Humongous regions: 0->0
[2025-08-01T03:49:59.536+0000] GC(1022) Metaspace: 10593K(10816K)->10593K(10816K) NonClass: 9335K(9472K)->9335K(9472K) Class: 1258K(1344K)->1258K(1344K)
[2025-08-01T03:49:59.536+0000] GC(1022) Pause Young (Concurrent Start) (G1 Evacuation Pause) 3325M->3097M(4096M) 51.676ms
[2025-08-01T03:49:59.536+0000] GC(1022) User=0.34s Sys=0.02s Real=0.05s
[2025-08-01T03:49:59.536+0000] GC(1023) Concurrent Mark Cycle
[2025-08-01T03:49:59.536+0000] GC(1023) Concurrent Scan Root Regions
[2025-08-01T03:49:59.566+0000] GC(1023) Concurrent Scan Root Regions 30.487ms
[2025-08-01T03:49:59.567+0000] GC(1023) Concurrent Mark
[2025-08-01T03:49:59.567+0000] GC(1023) Concurrent Mark From Roots
[2025-08-01T03:49:59.567+0000] GC(1023) Using 2 workers of 2 for marking
[2025-08-01T03:49:59.567+0000] GC(1024) Pause Young (Normal) (G1 Evacuation Pause)
[2025-08-01T03:49:59.568+0000] GC(1024) Using 8 workers of 8 for evacuation
[2025-08-01T03:49:59.637+0000] GC(1024)   Pre Evacuate Collection Set: 0.7ms
[2025-08-01T03:49:59.637+0000] GC(1024)   Merge Heap Roots: 0.2ms
[2025-08-01T03:49:59.637+0000] GC(1024)   Evacuate Collection Set: 68.0ms
[2025-08-01T03:49:59.637+0000] GC(1024)   Post Evacuate Collection Set: 0.7ms
[2025-08-01T03:49:59.637+0000] GC(1024)   Other: 0.1ms
[2025-08-01T03:49:59.637+0000] GC(1024) Eden regions: 169->0(104)
[2025-08-01T03:49:59.637+0000] GC(1024) Survivor regions: 28->25(25)
[2025-08-01T03:49:59.637+0000] GC(1024) Old regions: 1521->1694
[2025-08-01T03:49:59.637+0000] GC(1024) Humongous regions: 0->0
[2025-08-01T03:49:59.637+0000] GC(1024) Metaspace: 10593K(10816K)->10593K(10816K) NonClass: 9335K(9472K)->9335K(9472K) Class: 1258K(1344K)->1258K(1344K)
[2025-08-01T03:49:59.637+0000] GC(1024) Pause Young (Normal) (G1 Evacuation Pause) 3435M->3437M(4096M) 69.965ms
[2025-08-01T03:49:59.637+0000] GC(1024) User=0.51s Sys=0.01s Real=0.07s
[2025-08-01T03:49:59.693+0000] GC(1025) Pause Young (Normal) (G1 Evacuation Pause)
[2025-08-01T03:49:59.693+0000] GC(1025) Using 8 workers of 8 for evacuation
[2025-08-01T03:49:59.747+0000] GC(1025)   Pre Evacuate Collection Set: 1.0ms
[2025-08-01T03:49:59.747+0000] GC(1025)   Merge Heap Roots: 0.1ms
[2025-08-01T03:49:59.747+0000] GC(1025)   Evacuate Collection Set: 51.7ms
[2025-08-01T03:49:59.747+0000] GC(1025)   Post Evacuate Collection Set: 0.9ms
[2025-08-01T03:49:59.747+0000] GC(1025)   Other: 0.1ms
[2025-08-01T03:49:59.747+0000] GC(1025) Eden regions: 104->0(85)
[2025-08-01T03:49:59.747+0000] GC(1025) Survivor regions: 25->17(17)
[2025-08-01T03:49:59.747+0000] GC(1025) Old regions: 1694->1806
[2025-08-01T03:49:59.747+0000] GC(1025) Humongous regions: 0->0
[2025-08-01T03:49:59.747+0000] GC(1025) Metaspace: 10593K(10816K)->10593K(10816K) NonClass: 9335K(9472K)->9335K(9472K) Class: 1258K(1344K)->1258K(1344K)
[2025-08-01T03:49:59.747+0000] GC(1025) Pause Young (Normal) (G1 Evacuation Pause) 3645M->3644M(4096M) 54.107ms
[2025-08-01T03:49:59.747+0000] GC(1025) User=0.40s Sys=0.01s Real=0.05s
[2025-08-01T03:49:59.759+0000] GC(1023) Concurrent Mark From Roots 191.947ms
[2025-08-01T03:49:59.759+0000] GC(1023) Concurrent Preclean
[2025-08-01T03:49:59.759+0000] GC(1023) Concurrent Preclean 0.040ms
[2025-08-01T03:49:59.759+0000] GC(1023) Pause Remark
[2025-08-01T03:49:59.763+0000] GC(1023) Pause Remark 3766M->1390M(4096M) 3.856ms
[2025-08-01T03:49:59.763+0000] GC(1023) User=0.01s Sys=0.00s Real=0.01s
[2025-08-01T03:49:59.763+0000] GC(1023) Concurrent Mark 196.560ms
[2025-08-01T03:49:59.763+0000] GC(1023) Concurrent Rebuild Remembered Sets and Scrub Regions
[2025-08-01T03:49:59.768+0000] GC(1026) Pause Young (Normal) (G1 Evacuation Pause)
[2025-08-01T03:49:59.768+0000] GC(1026) Using 8 workers of 8 for evacuation
[2025-08-01T03:49:59.807+0000] GC(1026)   Pre Evacuate Collection Set: 0.8ms
[2025-08-01T03:49:59.807+0000] GC(1026)   Merge Heap Roots: 0.1ms
[2025-08-01T03:49:59.807+0000] GC(1026)   Evacuate Collection Set: 37.4ms
[2025-08-01T03:49:59.807+0000] GC(1026)   Post Evacuate Collection Set: 1.0ms
[2025-08-01T03:49:59.807+0000] GC(1026)   Other: 0.1ms
[2025-08-01T03:49:59.807+0000] GC(1026) Eden regions: 85->0(450)
[2025-08-01T03:49:59.807+0000] GC(1026) Survivor regions: 17->13(13)
[2025-08-01T03:49:59.807+0000] GC(1026) Old regions: 618->709
[2025-08-01T03:49:59.807+0000] GC(1026) Humongous regions: 0->0
[2025-08-01T03:49:59.807+0000] GC(1026) Metaspace: 10593K(10816K)->10593K(10816K) NonClass: 9335K(9472K)->9335K(9472K) Class: 1258K(1344K)->1258K(1344K)
[2025-08-01T03:49:59.807+0000] GC(1026) Pause Young (Normal) (G1 Evacuation Pause) 1438M->1443M(4096M) 39.699ms
[2025-08-01T03:49:59.807+0000] GC(1026) User=0.28s Sys=0.01s Real=0.04s
[2025-08-01T03:49:59.929+0000] GC(1023) Concurrent Rebuild Remembered Sets and Scrub Regions 166.256ms
[2025-08-01T03:49:59.930+0000] GC(1023) Pause Cleanup
[2025-08-01T03:49:59.931+0000] GC(1023) Pause Cleanup 1988M->1988M(4096M) 1.128ms
[2025-08-01T03:49:59.931+0000] GC(1023) User=0.00s Sys=0.00s Real=0.00s
[2025-08-01T03:49:59.931+0000] GC(1023) Concurrent Clear Claimed Marks
[2025-08-01T03:49:59.931+0000] GC(1023) Concurrent Clear Claimed Marks 0.037ms
[2025-08-01T03:49:59.931+0000] GC(1023) Concurrent Cleanup for Next Mark
[2025-08-01T03:49:59.938+0000] GC(1023) Concurrent Cleanup for Next Mark 7.045ms
[2025-08-01T03:49:59.938+0000] GC(1023) Concurrent Mark Cycle 402.243ms
[2025-08-01T03:49:59.988+0000] GC(1027) Pause Young (Prepare Mixed) (G1 Evacuation Pause)
[2025-08-01T03:49:59.988+0000] GC(1027) Using 8 workers of 8 for evacuation
[2025-08-01T03:50:00.085+0000] GC(1027)   Pre Evacuate Collection Set: 0.7ms
[2025-08-01T03:50:00.085+0000] GC(1027)   Merge Heap Roots: 0.1ms
[2025-08-01T03:50:00.085+0000] GC(1027)   Evacuate Collection Set: 95.3ms
[2025-08-01T03:50:00.085+0000] GC(1027)   Post Evacuate Collection Set: 1.3ms
[2025-08-01T03:50:00.085+0000] GC(1027)   Other: 0.1ms
[2025-08-01T03:50:00.085+0000] GC(1027) Eden regions: 450->0(375)
[2025-08-01T03:50:00.085+0000] GC(1027) Survivor regions: 13->58(58)
[2025-08-01T03:50:00.085+0000] GC(1027) Old regions: 709->884
[2025-08-01T03:50:00.085+0000] GC(1027) Humongous regions: 0->0
[2025-08-01T03:50:00.085+0000] GC(1027) Metaspace: 10593K(10816K)->10593K(10816K) NonClass: 9335K(9472K)->9335K(9472K) Class: 1258K(1344K)->1258K(1344K)
[2025-08-01T03:50:00.085+0000] GC(1027) Pause Young (Prepare Mixed) (G1 Evacuation Pause) 2343M->1882M(4096M) 97.888ms
[2025-08-01T03:50:00.085+0000] GC(1027) User=0.72s Sys=0.02s Real=0.10s
[2025-08-01T03:50:00.239+0000] GC(1028) Pause Young (Mixed) (G1 Evacuation Pause)
[2025-08-01T03:50:00.240+0000] GC(1028) Using 8 workers of 8 for evacuation
[2025-08-01T03:50:00.398+0000] GC(1028)   Pre Evacuate Collection Set: 1.1ms
[2025-08-01T03:50:00.398+0000] GC(1028)   Merge Heap Roots: 0.3ms
[2025-08-01T03:50:00.398+0000] GC(1028)   Evacuate Collection Set: 156.1ms
[2025-08-01T03:50:00.398+0000] GC(1028)   Post Evacuate Collection Set: 1.2ms
[2025-08-01T03:50:00.398+0000] GC(1028)   Other: 0.1ms
[2025-08-01T03:50:00.398+0000] GC(1028) Eden regions: 375->0(248)
[2025-08-01T03:50:00.398+0000] GC(1028) Survivor regions: 58->55(55)
[2025-08-01T03:50:00.398+0000] GC(1028) Old regions: 884->1232
[2025-08-01T03:50:00.399+0000] GC(1028) Humongous regions: 0->0
[2025-08-01T03:50:00.399+0000] GC(1028) Metaspace: 10593K(10816K)->10593K(10816K) NonClass: 9335K(9472K)->9335K(9472K) Class: 1258K(1344K)->1258K(1344K)
[2025-08-01T03:50:00.399+0000] GC(1028) Pause Young (Mixed) (G1 Evacuation Pause) 2632M->2572M(4096M) 159.119ms
[2025-08-01T03:50:00.399+0000] GC(1028) User=1.19s Sys=0.05s Real=0.16s
[2025-08-01T03:50:00.493+0000] GC(1029) Pause Young (Mixed) (G1 Evacuation Pause)
[2025-08-01T03:50:00.493+0000] GC(1029) Using 8 workers of 8 for evacuation
[2025-08-01T03:50:00.598+0000] GC(1029)   Pre Evacuate Collection Set: 0.7ms
[2025-08-01T03:50:00.598+0000] GC(1029)   Merge Heap Roots: 0.9ms
[2025-08-01T03:50:00.598+0000] GC(1029)   Evacuate Collection Set: 102.2ms
[2025-08-01T03:50:00.598+0000] GC(1029)   Post Evacuate Collection Set: 1.2ms
[2025-08-01T03:50:00.598+0000] GC(1029)   Other: 0.1ms
[2025-08-01T03:50:00.598+0000] GC(1029) Eden regions: 248->0(168)
[2025-08-01T03:50:00.598+0000] GC(1029) Survivor regions: 55->38(38)
[2025-08-01T03:50:00.598+0000] GC(1029) Old regions: 1232->1474
[2025-08-01T03:50:00.598+0000] GC(1029) Humongous regions: 0->0
[2025-08-01T03:50:00.598+0000] GC(1029) Metaspace: 10593K(10816K)->10593K(10816K) NonClass: 9335K(9472K)->9335K(9472K) Class: 1258K(1344K)->1258K(1344K)
[2025-08-01T03:50:00.598+0000] GC(1029) Pause Young (Mixed) (G1 Evacuation Pause) 3068M->3023M(4096M) 105.330ms
[2025-08-01T03:50:00.598+0000] GC(1029) User=0.79s Sys=0.03s Real=0.10s
[2025-08-01T03:50:00.671+0000] GC(1030) Pause Young (Concurrent Start) (G1 Evacuation Pause)
[2025-08-01T03:50:00.671+0000] GC(1030) Using 8 workers of 8 for evacuation
[2025-08-01T03:50:00.759+0000] GC(1030)   Pre Evacuate Collection Set: 1.2ms
[2025-08-01T03:50:00.759+0000] GC(1030)   Merge Heap Roots: 0.5ms
[2025-08-01T03:50:00.759+0000] GC(1030)   Evacuate Collection Set: 83.9ms
[2025-08-01T03:50:00.759+0000] GC(1030)   Post Evacuate Collection Set: 1.6ms
[2025-08-01T03:50:00.759+0000] GC(1030)   Other: 0.2ms
[2025-08-01T03:50:00.759+0000] GC(1030) Eden regions: 168->0(114)
[2025-08-01T03:50:00.759+0000] GC(1030) Survivor regions: 38->26(26)
[2025-08-01T03:50:00.759+0000] GC(1030) Old regions: 1474->1655
[2025-08-01T03:50:00.759+0000] GC(1030) Humongous regions: 0->0
[2025-08-01T03:50:00.759+0000] GC(1030) Metaspace: 10593K(10816K)->10593K(10816K) NonClass: 9335K(9472K)->9335K(9472K) Class: 1258K(1344K)->1258K(1344K)
[2025-08-01T03:50:00.759+0000] GC(1030) Pause Young (Concurrent Start) (G1 Evacuation Pause) 3359M->3361M(4096M) 87.708ms
[2025-08-01T03:50:00.759+0000] GC(1030) User=0.63s Sys=0.02s Real=0.09s
[2025-08-01T03:50:00.759+0000] GC(1031) Concurrent Mark Cycle
[2025-08-01T03:50:00.759+0000] GC(1031) Concurrent Scan Root Regions
[2025-08-01T03:50:00.786+0000] GC(1032) Pause Young (Normal) (G1 Evacuation Pause)
[2025-08-01T03:50:00.786+0000] GC(1032) Using 8 workers of 8 for evacuation
[2025-08-01T03:50:00.804+0000] GC(1031) Concurrent Scan Root Regions 44.498ms
[2025-08-01T03:50:00.804+0000] GC(1031) Concurrent Mark
[2025-08-01T03:50:00.804+0000] GC(1031) Concurrent Mark From Roots
[2025-08-01T03:50:00.804+0000] GC(1031) Using 2 workers of 2 for marking
[2025-08-01T03:50:00.827+0000] GC(1032)   Pre Evacuate Collection Set: 0.7ms
[2025-08-01T03:50:00.828+0000] GC(1032)   Merge Heap Roots: 0.4ms
[2025-08-01T03:50:00.828+0000] GC(1032)   Evacuate Collection Set: 21.4ms
[2025-08-01T03:50:00.828+0000] GC(1032)   Post Evacuate Collection Set: 0.9ms
[2025-08-01T03:50:00.828+0000] GC(1032)   Other: 0.1ms
[2025-08-01T03:50:00.828+0000] GC(1032) Eden regions: 114->0(108)
[2025-08-01T03:50:00.828+0000] GC(1032) Survivor regions: 26->18(18)
[2025-08-01T03:50:00.828+0000] GC(1032) Old regions: 1655->1698
[2025-08-01T03:50:00.828+0000] GC(1032) Humongous regions: 0->0
[2025-08-01T03:50:00.828+0000] GC(1032) Metaspace: 10593K(10816K)->10593K(10816K) NonClass: 9335K(9472K)->9335K(9472K) Class: 1258K(1344K)->1258K(1344K)
[2025-08-01T03:50:00.828+0000] GC(1032) Pause Young (Normal) (G1 Evacuation Pause) 3589M->3430M(4096M) 41.412ms
[2025-08-01T03:50:00.828+0000] GC(1032) User=0.20s Sys=0.00s Real=0.04s
[2025-08-01T03:50:00.883+0000] GC(1033) Pause Young (Normal) (G1 Evacuation Pause)
[2025-08-01T03:50:00.883+0000] GC(1033) Using 8 workers of 8 for evacuation
[2025-08-01T03:50:00.926+0000] GC(1033)   Pre Evacuate Collection Set: 0.8ms
[2025-08-01T03:50:00.927+0000] GC(1033)   Merge Heap Roots: 0.3ms
[2025-08-01T03:50:00.927+0000] GC(1033)   Evacuate Collection Set: 41.4ms
[2025-08-01T03:50:00.927+0000] GC(1033)   Post Evacuate Collection Set: 1.0ms
[2025-08-01T03:50:00.927+0000] GC(1033)   Other: 0.1ms
[2025-08-01T03:50:00.927+0000] GC(1033) Eden regions: 108->0(86)
[2025-08-01T03:50:00.927+0000] GC(1033) Survivor regions: 18->16(16)
[2025-08-01T03:50:00.927+0000] GC(1033) Old regions: 1698->1804
[2025-08-01T03:50:00.927+0000] GC(1033) Humongous regions: 0->0
[2025-08-01T03:50:00.927+0000] GC(1033) Metaspace: 10593K(10816K)->10593K(10816K) NonClass: 9335K(9472K)->9335K(9472K) Class: 1258K(1344K)->1258K(1344K)
[2025-08-01T03:50:00.927+0000] GC(1033) Pause Young (Normal) (G1 Evacuation Pause) 3646M->3639M(4096M) 43.909ms
[2025-08-01T03:50:00.927+0000] GC(1033) User=0.30s Sys=0.00s Real=0.05s
[2025-08-01T03:50:00.943+0000] GC(1034) Pause Young (Normal) (G1 Evacuation Pause)
[2025-08-01T03:50:00.943+0000] GC(1034) Using 8 workers of 8 for evacuation
[2025-08-01T03:50:00.978+0000] GC(1034)   Pre Evacuate Collection Set: 0.7ms
[2025-08-01T03:50:00.978+0000] GC(1034)   Merge Heap Roots: 0.1ms
[2025-08-01T03:50:00.978+0000] GC(1034)   Evacuate Collection Set: 33.3ms
[2025-08-01T03:50:00.978+0000] GC(1034)   Post Evacuate Collection Set: 0.8ms
[2025-08-01T03:50:00.978+0000] GC(1034)   Other: 0.1ms
[2025-08-01T03:50:00.978+0000] GC(1034) Eden regions: 86->0(89)
[2025-08-01T03:50:00.978+0000] GC(1034) Survivor regions: 16->13(13)
[2025-08-01T03:50:00.978+0000] GC(1034) Old regions: 1804->1894
[2025-08-01T03:50:00.978+0000] GC(1034) Humongous regions: 0->0
[2025-08-01T03:50:00.978+0000] GC(1034) Metaspace: 10593K(10816K)->10593K(10816K) NonClass: 9335K(9472K)->9335K(9472K) Class: 1258K(1344K)->1258K(1344K)
[2025-08-01T03:50:00.978+0000] GC(1034) Pause Young (Normal) (G1 Evacuation Pause) 3811M->3813M(4096M) 35.435ms
[2025-08-01T03:50:00.978+0000] GC(1034) User=0.23s Sys=0.01s Real=0.04s
[2025-08-01T03:50:01.039+0000] GC(1035) Pause Young (Normal) (G1 Evacuation Pause)
[2025-08-01T03:50:01.039+0000] GC(1035) Using 8 workers of 8 for evacuation
[2025-08-01T03:50:01.068+0000] GC(1035)   Pre Evacuate Collection Set: 0.8ms
[2025-08-01T03:50:01.068+0000] GC(1035)   Merge Heap Roots: 0.1ms
[2025-08-01T03:50:01.068+0000] GC(1035)   Evacuate Collection Set: 22.9ms
[2025-08-01T03:50:01.068+0000] GC(1035)   Post Evacuate Collection Set: 4.9ms
[2025-08-01T03:50:01.068+0000] GC(1035)   Other: 0.1ms
[2025-08-01T03:50:01.068+0000] GC(1035) Eden regions: 89->0(1)
[2025-08-01T03:50:01.068+0000] GC(1035) Survivor regions: 13->13(13)
[2025-08-01T03:50:01.068+0000] GC(1035) Old regions: 1894->2021
[2025-08-01T03:50:01.068+0000] GC(1035) Humongous regions: 0->0
[2025-08-01T03:50:01.068+0000] GC(1035) Metaspace: 10593K(10816K)->10593K(10816K) NonClass: 9335K(9472K)->9335K(9472K) Class: 1258K(1344K)->1258K(1344K)
[2025-08-01T03:50:01.068+0000] GC(1035) Pause Young (Normal) (G1 Evacuation Pause) (Evacuation Failure) 3991M->4067M(4096M) 29.050ms
[2025-08-01T03:50:01.068+0000] GC(1035) User=0.20s Sys=0.01s Real=0.03s
[2025-08-01T03:50:01.069+0000] GC(1036) Pause Young (Normal) (G1 Evacuation Pause)
[2025-08-01T03:50:01.069+0000] GC(1036) Using 8 workers of 8 for evacuation
[2025-08-01T03:50:01.075+0000] GC(1036)   Pre Evacuate Collection Set: 0.6ms
[2025-08-01T03:50:01.075+0000] GC(1036)   Merge Heap Roots: 0.3ms
[2025-08-01T03:50:01.075+0000] GC(1036)   Evacuate Collection Set: 4.0ms
[2025-08-01T03:50:01.075+0000] GC(1036)   Post Evacuate Collection Set: 1.0ms
[2025-08-01T03:50:01.075+0000] GC(1036)   Other: 0.1ms
[2025-08-01T03:50:01.075+0000] GC(1036) Eden regions: 1->0(1)
[2025-08-01T03:50:01.075+0000] GC(1036) Survivor regions: 13->2(2)
[2025-08-01T03:50:01.075+0000] GC(1036) Old regions: 2021->2043
[2025-08-01T03:50:01.075+0000] GC(1036) Humongous regions: 0->0
[2025-08-01T03:50:01.075+0000] GC(1036) Metaspace: 10593K(10816K)->10593K(10816K) NonClass: 9335K(9472K)->9335K(9472K) Class: 1258K(1344K)->1258K(1344K)
[2025-08-01T03:50:01.075+0000] GC(1036) Pause Young (Normal) (G1 Evacuation Pause) (Evacuation Failure) 4069M->4089M(4096M) 6.276ms
[2025-08-01T03:50:01.075+0000] GC(1036) User=0.03s Sys=0.00s Real=0.01s
[2025-08-01T03:50:01.076+0000] GC(1037) Pause Young (Normal) (G1 Evacuation Pause)
[2025-08-01T03:50:01.076+0000] GC(1037) Using 8 workers of 8 for evacuation
[2025-08-01T03:50:01.078+0000] GC(1037)   Pre Evacuate Collection Set: 0.8ms
[2025-08-01T03:50:01.079+0000] GC(1037)   Merge Heap Roots: 0.1ms
[2025-08-01T03:50:01.079+0000] GC(1037)   Evacuate Collection Set: 0.8ms
[2025-08-01T03:50:01.079+0000] GC(1037)   Post Evacuate Collection Set: 0.6ms
[2025-08-01T03:50:01.079+0000] GC(1037)   Other: 0.1ms
[2025-08-01T03:50:01.079+0000] GC(1037) Eden regions: 1->0(0)
[2025-08-01T03:50:01.079+0000] GC(1037) Survivor regions: 2->1(1)
[2025-08-01T03:50:01.079+0000] GC(1037) Old regions: 2043->2047
[2025-08-01T03:50:01.079+0000] GC(1037) Humongous regions: 0->0
[2025-08-01T03:50:01.079+0000] GC(1037) Metaspace: 10593K(10816K)->10593K(10816K) NonClass: 9335K(9472K)->9335K(9472K) Class: 1258K(1344K)->1258K(1344K)
[2025-08-01T03:50:01.079+0000] GC(1037) Pause Young (Normal) (G1 Evacuation Pause) (Evacuation Failure) 4091M->4095M(4096M) 2.744ms
[2025-08-01T03:50:01.079+0000] GC(1037) User=0.01s Sys=0.00s Real=0.00s
[2025-08-01T03:50:01.079+0000] Attempting full compaction
[2025-08-01T03:50:01.079+0000] GC(1038) Pause Full (G1 Compaction Pause)
[2025-08-01T03:50:01.079+0000] GC(1038) Using 8 workers of 8 for full compaction
[2025-08-01T03:50:01.085+0000] GC(1038) Phase 1: Mark live objects
[2025-08-01T03:50:01.124+0000] GC(1038) Phase 1: Mark live objects 38.701ms
[2025-08-01T03:50:01.124+0000] GC(1038) Phase 2: Prepare compaction
[2025-08-01T03:50:01.138+0000] GC(1038) Phase 2: Prepare compaction 13.568ms
[2025-08-01T03:50:01.138+0000] GC(1038) Phase 3: Adjust pointers
[2025-08-01T03:50:01.180+0000] GC(1038) Phase 3: Adjust pointers 42.006ms
[2025-08-01T03:50:01.180+0000] GC(1038) Phase 4: Compact heap
[2025-08-01T03:50:01.217+0000] GC(1038) Phase 4: Compact heap 37.463ms
[2025-08-01T03:50:01.217+0000] GC(1038) Phase 5: Reset Metadata
[2025-08-01T03:50:01.241+0000] GC(1038) Phase 5: Reset Metadata 23.941ms
[2025-08-01T03:50:01.248+0000] GC(1038) Eden regions: 0->0(527)
[2025-08-01T03:50:01.248+0000] GC(1038) Survivor regions: 1->0(1)
[2025-08-01T03:50:01.248+0000] GC(1038) Old regions: 2047->436
[2025-08-01T03:50:01.248+0000] GC(1038) Humongous regions: 0->0
[2025-08-01T03:50:01.248+0000] GC(1038) Metaspace: 10593K(10816K)->10593K(10816K) NonClass: 9335K(9472K)->9335K(9472K) Class: 1258K(1344K)->1258K(1344K)
[2025-08-01T03:50:01.248+0000] GC(1038) Pause Full (G1 Compaction Pause) 4095M->866M(4096M) 169.415ms
[2025-08-01T03:50:01.248+0000] GC(1038) User=1.24s Sys=0.03s Real=0.17s
[2025-08-01T03:50:01.249+0000] GC(1031) Concurrent Mark From Roots 444.634ms
[2025-08-01T03:50:01.249+0000] GC(1031) Concurrent Mark Abort
[2025-08-01T03:50:01.249+0000] GC(1031) Concurrent Mark Cycle 489.597ms
[2025-08-01T03:50:01.449+0000] GC(1039) Pause Young (Normal) (G1 Evacuation Pause)
[2025-08-01T03:50:01.449+0000] GC(1039) Using 8 workers of 8 for evacuation
[2025-08-01T03:50:01.607+0000] GC(1039)   Pre Evacuate Collection Set: 0.8ms
[2025-08-01T03:50:01.607+0000] GC(1039)   Merge Heap Roots: 0.2ms
[2025-08-01T03:50:01.607+0000] GC(1039)   Evacuate Collection Set: 156.1ms
[2025-08-01T03:50:01.607+0000] GC(1039)   Post Evacuate Collection Set: 1.5ms
[2025-08-01T03:50:01.607+0000] GC(1039)   Other: 0.1ms
[2025-08-01T03:50:01.607+0000] GC(1039) Eden regions: 527->0(434)
[2025-08-01T03:50:01.607+0000] GC(1039) Survivor regions: 0->66(66)
[2025-08-01T03:50:01.608+0000] GC(1039) Old regions: 436->693
[2025-08-01T03:50:01.608+0000] GC(1039) Humongous regions: 0->0
[2025-08-01T03:50:01.608+0000] GC(1039) Metaspace: 10593K(10816K)->10593K(10816K) NonClass: 9335K(9472K)->9335K(9472K) Class: 1258K(1344K)->1258K(1344K)
[2025-08-01T03:50:01.608+0000] GC(1039) Pause Young (Normal) (G1 Evacuation Pause) 1920M->1511M(4096M) 158.982ms
[2025-08-01T03:50:01.608+0000] GC(1039) User=1.09s Sys=0.08s Real=0.16s
[2025-08-01T03:50:01.778+0000] GC(1040) Pause Young (Concurrent Start) (G1 Evacuation Pause)
[2025-08-01T03:50:01.778+0000] GC(1040) Using 8 workers of 8 for evacuation
[2025-08-01T03:50:01.997+0000] GC(1040) MMU target violated: 201.0ms (200.0ms/201.0ms)
[2025-08-01T03:50:01.997+0000] GC(1040)   Pre Evacuate Collection Set: 1.0ms
[2025-08-01T03:50:01.997+0000] GC(1040)   Merge Heap Roots: 0.3ms
[2025-08-01T03:50:01.997+0000] GC(1040)   Evacuate Collection Set: 216.0ms
[2025-08-01T03:50:01.998+0000] GC(1040)   Post Evacuate Collection Set: 1.2ms
[2025-08-01T03:50:01.998+0000] GC(1040)   Other: 1.0ms
[2025-08-01T03:50:01.998+0000] GC(1040) Eden regions: 434->0(314)
[2025-08-01T03:50:01.998+0000] GC(1040) Survivor regions: 66->63(63)
[2025-08-01T03:50:01.998+0000] GC(1040) Old regions: 693->1024
[2025-08-01T03:50:01.998+0000] GC(1040) Humongous regions: 0->0
[2025-08-01T03:50:01.998+0000] GC(1040) Metaspace: 10593K(10816K)->10593K(10816K) NonClass: 9335K(9472K)->9335K(9472K) Class: 1258K(1344K)->1258K(1344K)
[2025-08-01T03:50:01.998+0000] GC(1040) Pause Young (Concurrent Start) (G1 Evacuation Pause) 2379M->2167M(4096M) 219.857ms
[2025-08-01T03:50:01.998+0000] GC(1040) User=1.65s Sys=0.06s Real=0.22s
[2025-08-01T03:50:01.998+0000] GC(1041) Concurrent Mark Cycle
[2025-08-01T03:50:01.998+0000] GC(1041) Concurrent Scan Root Regions
[2025-08-01T03:50:02.075+0000] GC(1041) Concurrent Scan Root Regions 77.034ms
[2025-08-01T03:50:02.075+0000] GC(1041) Concurrent Mark
[2025-08-01T03:50:02.075+0000] GC(1041) Concurrent Mark From Roots
[2025-08-01T03:50:02.075+0000] GC(1041) Using 2 workers of 2 for marking
[2025-08-01T03:50:02.106+0000] GC(1042) Pause Young (Normal) (G1 Evacuation Pause)
[2025-08-01T03:50:02.106+0000] GC(1042) Using 8 workers of 8 for evacuation
[2025-08-01T03:50:02.206+0000] GC(1042)   Pre Evacuate Collection Set: 1.0ms
[2025-08-01T03:50:02.206+0000] GC(1042)   Merge Heap Roots: 0.2ms
[2025-08-01T03:50:02.206+0000] GC(1042)   Evacuate Collection Set: 97.5ms
[2025-08-01T03:50:02.206+0000] GC(1042)   Post Evacuate Collection Set: 0.7ms
[2025-08-01T03:50:02.206+0000] GC(1042)   Other: 0.1ms
[2025-08-01T03:50:02.206+0000] GC(1042) Eden regions: 314->0(226)
[2025-08-01T03:50:02.206+0000] GC(1042) Survivor regions: 63->48(48)
[2025-08-01T03:50:02.206+0000] GC(1042) Old regions: 1024->1289
[2025-08-01T03:50:02.206+0000] GC(1042) Humongous regions: 0->0
[2025-08-01T03:50:02.206+0000] GC(1042) Metaspace: 10593K(10816K)->10593K(10816K) NonClass: 9335K(9472K)->9335K(9472K) Class: 1258K(1344K)->1258K(1344K)
[2025-08-01T03:50:02.206+0000] GC(1042) Pause Young (Normal) (G1 Evacuation Pause) 2795M->2667M(4096M) 99.738ms
[2025-08-01T03:50:02.206+0000] GC(1042) User=0.77s Sys=0.01s Real=0.10s
[2025-08-01T03:50:02.217+0000] GC(1041) Concurrent Mark From Roots 141.760ms
[2025-08-01T03:50:02.217+0000] GC(1041) Concurrent Preclean
[2025-08-01T03:50:02.217+0000] GC(1041) Concurrent Preclean 0.018ms
[2025-08-01T03:50:02.217+0000] GC(1041) Pause Remark
[2025-08-01T03:50:02.219+0000] GC(1041) Pause Remark 2773M->1643M(4096M) 2.337ms
[2025-08-01T03:50:02.220+0000] GC(1041) User=0.01s Sys=0.00s Real=0.00s
[2025-08-01T03:50:02.220+0000] GC(1041) Concurrent Mark 144.478ms
[2025-08-01T03:50:02.220+0000] GC(1041) Concurrent Rebuild Remembered Sets and Scrub Regions
[2025-08-01T03:50:02.292+0000] GC(1043) Pause Young (Normal) (G1 Evacuation Pause)
[2025-08-01T03:50:02.292+0000] GC(1043) Using 8 workers of 8 for evacuation
[2025-08-01T03:50:02.366+0000] GC(1043)   Pre Evacuate Collection Set: 1.0ms
[2025-08-01T03:50:02.366+0000] GC(1043)   Merge Heap Roots: 0.2ms
[2025-08-01T03:50:02.366+0000] GC(1043)   Evacuate Collection Set: 71.7ms
[2025-08-01T03:50:02.366+0000] GC(1043)   Post Evacuate Collection Set: 1.0ms
[2025-08-01T03:50:02.366+0000] GC(1043)   Other: 0.1ms
[2025-08-01T03:50:02.366+0000] GC(1043) Eden regions: 226->0(388)
[2025-08-01T03:50:02.366+0000] GC(1043) Survivor regions: 48->35(35)
[2025-08-01T03:50:02.366+0000] GC(1043) Old regions: 722->857
[2025-08-01T03:50:02.366+0000] GC(1043) Humongous regions: 0->0
[2025-08-01T03:50:02.366+0000] GC(1043) Metaspace: 10593K(10816K)->10593K(10816K) NonClass: 9335K(9472K)->9335K(9472K) Class: 1258K(1344K)->1258K(1344K)
[2025-08-01T03:50:02.367+0000] GC(1043) Pause Young (Normal) (G1 Evacuation Pause) 1989M->1781M(4096M) 74.347ms
[2025-08-01T03:50:02.367+0000] GC(1043) User=0.51s Sys=0.03s Real=0.08s
[2025-08-01T03:50:02.459+0000] GC(1041) Concurrent Rebuild Remembered Sets and Scrub Regions 239.245ms
[2025-08-01T03:50:02.459+0000] GC(1041) Pause Cleanup
[2025-08-01T03:50:02.461+0000] GC(1041) Pause Cleanup 2280M->2280M(4096M) 1.552ms
[2025-08-01T03:50:02.461+0000] GC(1041) User=0.01s Sys=0.00s Real=0.00s
[2025-08-01T03:50:02.461+0000] GC(1041) Concurrent Clear Claimed Marks
[2025-08-01T03:50:02.461+0000] GC(1041) Concurrent Clear Claimed Marks 0.066ms
[2025-08-01T03:50:02.461+0000] GC(1041) Concurrent Cleanup for Next Mark
[2025-08-01T03:50:02.474+0000] GC(1041) Concurrent Cleanup for Next Mark 12.093ms
[2025-08-01T03:50:02.474+0000] GC(1041) Concurrent Mark Cycle 475.926ms
[2025-08-01T03:50:02.537+0000] GC(1044) Pause Young (Prepare Mixed) (G1 Evacuation Pause)
[2025-08-01T03:50:02.537+0000] GC(1044) Using 8 workers of 8 for evacuation
[2025-08-01T03:50:02.753+0000] GC(1044) MMU target violated: 201.0ms (200.0ms/201.0ms)
[2025-08-01T03:50:02.753+0000] GC(1044)   Pre Evacuate Collection Set: 1.1ms
[2025-08-01T03:50:02.753+0000] GC(1044)   Merge Heap Roots: 0.7ms
[2025-08-01T03:50:02.753+0000] GC(1044)   Evacuate Collection Set: 213.9ms
[2025-08-01T03:50:02.753+0000] GC(1044)   Post Evacuate Collection Set: 0.9ms
[2025-08-01T03:50:02.753+0000] GC(1044)   Other: 0.2ms
[2025-08-01T03:50:02.753+0000] GC(1044) Eden regions: 388->0(264)
[2025-08-01T03:50:02.753+0000] GC(1044) Survivor regions: 35->53(53)
[2025-08-01T03:50:02.753+0000] GC(1044) Old regions: 857->1176
[2025-08-01T03:50:02.754+0000] GC(1044) Humongous regions: 0->0
[2025-08-01T03:50:02.754+0000] GC(1044) Metaspace: 10593K(10816K)->10593K(10816K) NonClass: 9335K(9472K)->9335K(9472K) Class: 1258K(1344K)->1258K(1344K)
[2025-08-01T03:50:02.754+0000] GC(1044) Pause Young (Prepare Mixed) (G1 Evacuation Pause) 2557M->2456M(4096M) 216.984ms
[2025-08-01T03:50:02.754+0000] GC(1044) User=1.43s Sys=0.10s Real=0.22s
[2025-08-01T03:50:02.850+0000] GC(1045) Pause Young (Mixed) (G1 Evacuation Pause)
[2025-08-01T03:50:02.850+0000] GC(1045) Using 8 workers of 8 for evacuation
[2025-08-01T03:50:02.962+0000] GC(1045)   Pre Evacuate Collection Set: 1.0ms
[2025-08-01T03:50:02.962+0000] GC(1045)   Merge Heap Roots: 0.3ms
[2025-08-01T03:50:02.962+0000] GC(1045)   Evacuate Collection Set: 109.6ms
[2025-08-01T03:50:02.962+0000] GC(1045)   Post Evacuate Collection Set: 1.0ms
[2025-08-01T03:50:02.962+0000] GC(1045)   Other: 0.1ms
[2025-08-01T03:50:02.962+0000] GC(1045) Eden regions: 264->0(201)
[2025-08-01T03:50:02.962+0000] GC(1045) Survivor regions: 53->40(40)
[2025-08-01T03:50:02.962+0000] GC(1045) Old regions: 1176->1379
[2025-08-01T03:50:02.962+0000] GC(1045) Humongous regions: 0->0
[2025-08-01T03:50:02.962+0000] GC(1045) Metaspace: 10593K(10816K)->10593K(10816K) NonClass: 9335K(9472K)->9335K(9472K) Class: 1258K(1344K)->1258K(1344K)
[2025-08-01T03:50:02.962+0000] GC(1045) Pause Young (Mixed) (G1 Evacuation Pause) 2984M->2836M(4096M) 112.311ms
[2025-08-01T03:50:02.962+0000] GC(1045) User=0.82s Sys=0.03s Real=0.11s
[2025-08-01T03:50:03.044+0000] GC(1046) Pause Young (Concurrent Start) (G1 Evacuation Pause)
[2025-08-01T03:50:03.044+0000] GC(1046) Using 8 workers of 8 for evacuation
[2025-08-01T03:50:03.112+0000] GC(1046)   Pre Evacuate Collection Set: 1.2ms
[2025-08-01T03:50:03.112+0000] GC(1046)   Merge Heap Roots: 0.2ms
[2025-08-01T03:50:03.112+0000] GC(1046)   Evacuate Collection Set: 64.8ms
[2025-08-01T03:50:03.112+0000] GC(1046)   Post Evacuate Collection Set: 1.3ms
[2025-08-01T03:50:03.112+0000] GC(1046)   Other: 0.4ms
[2025-08-01T03:50:03.112+0000] GC(1046) Eden regions: 201->0(176)
[2025-08-01T03:50:03.112+0000] GC(1046) Survivor regions: 40->31(31)
[2025-08-01T03:50:03.112+0000] GC(1046) Old regions: 1379->1482
[2025-08-01T03:50:03.112+0000] GC(1046) Humongous regions: 0->0
[2025-08-01T03:50:03.112+0000] GC(1046) Metaspace: 10593K(10816K)->10593K(10816K) NonClass: 9335K(9472K)->9335K(9472K) Class: 1258K(1344K)->1258K(1344K)
[2025-08-01T03:50:03.112+0000] GC(1046) Pause Young (Concurrent Start) (G1 Evacuation Pause) 3238M->3025M(4096M) 68.298ms
[2025-08-01T03:50:03.113+0000] GC(1046) User=0.46s Sys=0.02s Real=0.06s
[2025-08-01T03:50:03.113+0000] GC(1047) Concurrent Mark Cycle
[2025-08-01T03:50:03.113+0000] GC(1047) Concurrent Scan Root Regions
[2025-08-01T03:50:03.151+0000] GC(1047) Concurrent Scan Root Regions 38.033ms
[2025-08-01T03:50:03.151+0000] GC(1047) Concurrent Mark
[2025-08-01T03:50:03.151+0000] GC(1047) Concurrent Mark From Roots
[2025-08-01T03:50:03.151+0000] GC(1047) Using 2 workers of 2 for marking
[2025-08-01T03:50:03.193+0000] GC(1048) Pause Young (Normal) (G1 Evacuation Pause)
[2025-08-01T03:50:03.193+0000] GC(1048) Using 8 workers of 8 for evacuation
[2025-08-01T03:50:03.261+0000] GC(1048)   Pre Evacuate Collection Set: 0.4ms
[2025-08-01T03:50:03.261+0000] GC(1048)   Merge Heap Roots: 0.1ms
[2025-08-01T03:50:03.261+0000] GC(1048)   Evacuate Collection Set: 66.4ms
[2025-08-01T03:50:03.261+0000] GC(1048)   Post Evacuate Collection Set: 1.2ms
[2025-08-01T03:50:03.261+0000] GC(1048)   Other: 0.1ms
[2025-08-01T03:50:03.261+0000] GC(1048) Eden regions: 176->0(111)
[2025-08-01T03:50:03.261+0000] GC(1048) Survivor regions: 31->26(26)
[2025-08-01T03:50:03.261+0000] GC(1048) Old regions: 1482->1665
[2025-08-01T03:50:03.262+0000] GC(1048) Humongous regions: 0->0
[2025-08-01T03:50:03.262+0000] GC(1048) Metaspace: 10593K(10816K)->10593K(10816K) NonClass: 9335K(9472K)->9335K(9472K) Class: 1258K(1344K)->1258K(1344K)
[2025-08-01T03:50:03.262+0000] GC(1048) Pause Young (Normal) (G1 Evacuation Pause) 3377M->3381M(4096M) 68.475ms
[2025-08-01T03:50:03.262+0000] GC(1048) User=0.51s Sys=0.00s Real=0.06s
[2025-08-01T03:50:03.282+0000] GC(1047) Concurrent Mark From Roots 130.711ms
[2025-08-01T03:50:03.282+0000] GC(1047) Concurrent Preclean
[2025-08-01T03:50:03.282+0000] GC(1047) Concurrent Preclean 0.030ms
[2025-08-01T03:50:03.282+0000] GC(1047) Pause Remark
[2025-08-01T03:50:03.285+0000] GC(1047) Pause Remark 3559M->1337M(4096M) 2.660ms
[2025-08-01T03:50:03.285+0000] GC(1047) User=0.01s Sys=0.00s Real=0.01s
[2025-08-01T03:50:03.285+0000] GC(1047) Concurrent Mark 134.516ms
[2025-08-01T03:50:03.285+0000] GC(1047) Concurrent Rebuild Remembered Sets and Scrub Regions
[2025-08-01T03:50:03.319+0000] GC(1049) Pause Young (Normal) (G1 Evacuation Pause)
[2025-08-01T03:50:03.319+0000] GC(1049) Using 8 workers of 8 for evacuation
[2025-08-01T03:50:03.368+0000] GC(1049)   Pre Evacuate Collection Set: 0.9ms
[2025-08-01T03:50:03.368+0000] GC(1049)   Merge Heap Roots: 0.3ms
[2025-08-01T03:50:03.368+0000] GC(1049)   Evacuate Collection Set: 46.2ms
[2025-08-01T03:50:03.368+0000] GC(1049)   Post Evacuate Collection Set: 0.9ms
[2025-08-01T03:50:03.368+0000] GC(1049)   Other: 0.1ms
[2025-08-01T03:50:03.368+0000] GC(1049) Eden regions: 111->0(447)
[2025-08-01T03:50:03.368+0000] GC(1049) Survivor regions: 26->18(18)
[2025-08-01T03:50:03.368+0000] GC(1049) Old regions: 554->668
[2025-08-01T03:50:03.368+0000] GC(1049) Humongous regions: 0->0
[2025-08-01T03:50:03.368+0000] GC(1049) Metaspace: 10593K(10816K)->10593K(10816K) NonClass: 9335K(9472K)->9335K(9472K) Class: 1258K(1344K)->1258K(1344K)
[2025-08-01T03:50:03.368+0000] GC(1049) Pause Young (Normal) (G1 Evacuation Pause) 1381M->1370M(4096M) 48.642ms
[2025-08-01T03:50:03.368+0000] GC(1049) User=0.35s Sys=0.01s Real=0.05s
[2025-08-01T03:50:03.438+0000] GC(1047) Concurrent Rebuild Remembered Sets and Scrub Regions 152.873ms
[2025-08-01T03:50:03.439+0000] GC(1047) Pause Cleanup
[2025-08-01T03:50:03.440+0000] GC(1047) Pause Cleanup 1732M->1732M(4096M) 1.410ms
[2025-08-01T03:50:03.440+0000] GC(1047) User=0.00s Sys=0.00s Real=0.00s
[2025-08-01T03:50:03.440+0000] GC(1047) Concurrent Clear Claimed Marks
[2025-08-01T03:50:03.440+0000] GC(1047) Concurrent Clear Claimed Marks 0.051ms
[2025-08-01T03:50:03.440+0000] GC(1047) Concurrent Cleanup for Next Mark
[2025-08-01T03:50:03.449+0000] GC(1047) Concurrent Cleanup for Next Mark 8.290ms
[2025-08-01T03:50:03.449+0000] GC(1047) Concurrent Mark Cycle 335.976ms
[2025-08-01T03:50:03.547+0000] GC(1050) Pause Young (Prepare Mixed) (G1 Evacuation Pause)
[2025-08-01T03:50:03.547+0000] GC(1050) Using 8 workers of 8 for evacuation
[2025-08-01T03:50:03.723+0000] GC(1050)   Pre Evacuate Collection Set: 1.1ms
[2025-08-01T03:50:03.723+0000] GC(1050)   Merge Heap Roots: 0.9ms
[2025-08-01T03:50:03.723+0000] GC(1050)   Evacuate Collection Set: 172.0ms
[2025-08-01T03:50:03.723+0000] GC(1050)   Post Evacuate Collection Set: 1.2ms
[2025-08-01T03:50:03.723+0000] GC(1050)   Other: 0.1ms
[2025-08-01T03:50:03.723+0000] GC(1050) Eden regions: 447->0(329)
[2025-08-01T03:50:03.723+0000] GC(1050) Survivor regions: 18->59(59)
[2025-08-01T03:50:03.723+0000] GC(1050) Old regions: 668->985
[2025-08-01T03:50:03.723+0000] GC(1050) Humongous regions: 0->0
[2025-08-01T03:50:03.723+0000] GC(1050) Metaspace: 10593K(10816K)->10593K(10816K) NonClass: 9335K(9472K)->9335K(9472K) Class: 1258K(1344K)->1258K(1344K)
[2025-08-01T03:50:03.723+0000] GC(1050) Pause Young (Prepare Mixed) (G1 Evacuation Pause) 2264M->2087M(4096M) 175.792ms
[2025-08-01T03:50:03.723+0000] GC(1050) User=1.32s Sys=0.04s Real=0.18s
[2025-08-01T03:50:03.877+0000] GC(1051) Pause Young (Mixed) (G1 Evacuation Pause)
[2025-08-01T03:50:03.878+0000] GC(1051) Using 8 workers of 8 for evacuation
[2025-08-01T03:50:04.057+0000] GC(1051)   Pre Evacuate Collection Set: 1.0ms
[2025-08-01T03:50:04.057+0000] GC(1051)   Merge Heap Roots: 0.4ms
[2025-08-01T03:50:04.057+0000] GC(1051)   Evacuate Collection Set: 177.0ms
[2025-08-01T03:50:04.057+0000] GC(1051)   Post Evacuate Collection Set: 1.3ms
[2025-08-01T03:50:04.058+0000] GC(1051)   Other: 0.1ms
[2025-08-01T03:50:04.058+0000] GC(1051) Eden regions: 329->0(248)
[2025-08-01T03:50:04.058+0000] GC(1051) Survivor regions: 59->49(49)
[2025-08-01T03:50:04.058+0000] GC(1051) Old regions: 985->1216
[2025-08-01T03:50:04.058+0000] GC(1051) Humongous regions: 0->0
[2025-08-01T03:50:04.058+0000] GC(1051) Metaspace: 10593K(10816K)->10593K(10816K) NonClass: 9335K(9472K)->9335K(9472K) Class: 1258K(1344K)->1258K(1344K)
[2025-08-01T03:50:04.058+0000] GC(1051) Pause Young (Mixed) (G1 Evacuation Pause) 2745M->2529M(4096M) 180.137ms
[2025-08-01T03:50:04.058+0000] GC(1051) User=1.34s Sys=0.06s Real=0.18s
[2025-08-01T03:50:04.150+0000] GC(1052) Pause Young (Concurrent Start) (G1 Evacuation Pause)
[2025-08-01T03:50:04.150+0000] GC(1052) Using 8 workers of 8 for evacuation
[2025-08-01T03:50:04.258+0000] GC(1052)   Pre Evacuate Collection Set: 1.0ms
[2025-08-01T03:50:04.258+0000] GC(1052)   Merge Heap Roots: 0.2ms
[2025-08-01T03:50:04.258+0000] GC(1052)   Evacuate Collection Set: 106.1ms
[2025-08-01T03:50:04.258+0000] GC(1052)   Post Evacuate Collection Set: 1.2ms
[2025-08-01T03:50:04.258+0000] GC(1052)   Other: 0.2ms
[2025-08-01T03:50:04.258+0000] GC(1052) Eden regions: 248->0(178)
[2025-08-01T03:50:04.258+0000] GC(1052) Survivor regions: 49->38(38)
[2025-08-01T03:50:04.258+0000] GC(1052) Old regions: 1216->1447
[2025-08-01T03:50:04.258+0000] GC(1052) Humongous regions: 0->0
[2025-08-01T03:50:04.258+0000] GC(1052) Metaspace: 10593K(10816K)->10593K(10816K) NonClass: 9335K(9472K)->9335K(9472K) Class: 1258K(1344K)->1258K(1344K)
[2025-08-01T03:50:04.259+0000] GC(1052) Pause Young (Concurrent Start) (G1 Evacuation Pause) 3025M->2968M(4096M) 108.946ms
[2025-08-01T03:50:04.259+0000] GC(1052) User=0.83s Sys=0.02s Real=0.11s
[2025-08-01T03:50:04.259+0000] GC(1053) Concurrent Mark Cycle
[2025-08-01T03:50:04.259+0000] GC(1053) Concurrent Scan Root Regions
[2025-08-01T03:50:04.306+0000] GC(1053) Concurrent Scan Root Regions 47.331ms
[2025-08-01T03:50:04.306+0000] GC(1053) Concurrent Mark
[2025-08-01T03:50:04.306+0000] GC(1053) Concurrent Mark From Roots
[2025-08-01T03:50:04.306+0000] GC(1053) Using 2 workers of 2 for marking
[2025-08-01T03:50:04.344+0000] GC(1054) Pause Young (Normal) (G1 Evacuation Pause)
[2025-08-01T03:50:04.344+0000] GC(1054) Using 8 workers of 8 for evacuation
[2025-08-01T03:50:04.435+0000] GC(1054)   Pre Evacuate Collection Set: 0.9ms
[2025-08-01T03:50:04.435+0000] GC(1054)   Merge Heap Roots: 0.6ms
[2025-08-01T03:50:04.435+0000] GC(1054)   Evacuate Collection Set: 88.6ms
[2025-08-01T03:50:04.435+0000] GC(1054)   Post Evacuate Collection Set: 0.8ms
[2025-08-01T03:50:04.435+0000] GC(1054)   Other: 0.1ms
[2025-08-01T03:50:04.435+0000] GC(1054) Eden regions: 178->0(119)
[2025-08-01T03:50:04.435+0000] GC(1054) Survivor regions: 38->27(27)
[2025-08-01T03:50:04.435+0000] GC(1054) Old regions: 1447->1638
[2025-08-01T03:50:04.435+0000] GC(1054) Humongous regions: 0->0
[2025-08-01T03:50:04.435+0000] GC(1054) Metaspace: 10593K(10816K)->10593K(10816K) NonClass: 9335K(9472K)->9335K(9472K) Class: 1258K(1344K)->1258K(1344K)
[2025-08-01T03:50:04.435+0000] GC(1054) Pause Young (Normal) (G1 Evacuation Pause) 3324M->3328M(4096M) 91.273ms
[2025-08-01T03:50:04.435+0000] GC(1054) User=0.65s Sys=0.02s Real=0.09s
[2025-08-01T03:50:04.477+0000] GC(1053) Concurrent Mark From Roots 171.388ms
[2025-08-01T03:50:04.478+0000] GC(1053) Concurrent Preclean
[2025-08-01T03:50:04.478+0000] GC(1053) Concurrent Preclean 0.024ms
[2025-08-01T03:50:04.478+0000] GC(1053) Pause Remark
[2025-08-01T03:50:04.483+0000] GC(1053) Pause Remark 3455M->1515M(4096M) 4.750ms
[2025-08-01T03:50:04.483+0000] GC(1053) User=0.02s Sys=0.00s Real=0.00s
[2025-08-01T03:50:04.483+0000] GC(1053) Concurrent Mark 176.689ms
[2025-08-01T03:50:04.483+0000] GC(1053) Concurrent Rebuild Remembered Sets and Scrub Regions
[2025-08-01T03:50:04.505+0000] GC(1055) Pause Young (Normal) (G1 Evacuation Pause)
[2025-08-01T03:50:04.505+0000] GC(1055) Using 8 workers of 8 for evacuation
[2025-08-01T03:50:04.547+0000] GC(1055)   Pre Evacuate Collection Set: 0.8ms
[2025-08-01T03:50:04.547+0000] GC(1055)   Merge Heap Roots: 0.2ms
[2025-08-01T03:50:04.547+0000] GC(1055)   Evacuate Collection Set: 39.2ms
[2025-08-01T03:50:04.547+0000] GC(1055)   Post Evacuate Collection Set: 0.9ms
[2025-08-01T03:50:04.547+0000] GC(1055)   Other: 0.2ms
[2025-08-01T03:50:04.547+0000] GC(1055) Eden regions: 119->0(409)
[2025-08-01T03:50:04.547+0000] GC(1055) Survivor regions: 27->19(19)
[2025-08-01T03:50:04.547+0000] GC(1055) Old regions: 668->762
[2025-08-01T03:50:04.547+0000] GC(1055) Humongous regions: 0->0
[2025-08-01T03:50:04.547+0000] GC(1055) Metaspace: 10593K(10816K)->10593K(10816K) NonClass: 9335K(9472K)->9335K(9472K) Class: 1258K(1344K)->1258K(1344K)
[2025-08-01T03:50:04.547+0000] GC(1055) Pause Young (Normal) (G1 Evacuation Pause) 1626M->1561M(4096M) 41.694ms
[2025-08-01T03:50:04.547+0000] GC(1055) User=0.31s Sys=0.01s Real=0.04s
[2025-08-01T03:50:04.679+0000] GC(1053) Concurrent Rebuild Remembered Sets and Scrub Regions 196.220ms
[2025-08-01T03:50:04.679+0000] GC(1053) Pause Cleanup
[2025-08-01T03:50:04.681+0000] GC(1053) Pause Cleanup 2173M->2173M(4096M) 1.391ms
[2025-08-01T03:50:04.681+0000] GC(1053) User=0.00s Sys=0.00s Real=0.00s
[2025-08-01T03:50:04.681+0000] GC(1053) Concurrent Clear Claimed Marks
[2025-08-01T03:50:04.681+0000] GC(1053) Concurrent Clear Claimed Marks 0.038ms
[2025-08-01T03:50:04.681+0000] GC(1053) Concurrent Cleanup for Next Mark
[2025-08-01T03:50:04.689+0000] GC(1053) Concurrent Cleanup for Next Mark 8.452ms
[2025-08-01T03:50:04.689+0000] GC(1053) Concurrent Mark Cycle 430.820ms
[2025-08-01T03:50:04.716+0000] GC(1056) Pause Young (Prepare Mixed) (G1 Evacuation Pause)
[2025-08-01T03:50:04.716+0000] GC(1056) Using 8 workers of 8 for evacuation
[2025-08-01T03:50:04.842+0000] GC(1056)   Pre Evacuate Collection Set: 1.1ms
[2025-08-01T03:50:04.842+0000] GC(1056)   Merge Heap Roots: 0.3ms
[2025-08-01T03:50:04.842+0000] GC(1056)   Evacuate Collection Set: 123.1ms
[2025-08-01T03:50:04.842+0000] GC(1056)   Post Evacuate Collection Set: 1.8ms
[2025-08-01T03:50:04.842+0000] GC(1056)   Other: 0.1ms
[2025-08-01T03:50:04.842+0000] GC(1056) Eden regions: 409->0(287)
[2025-08-01T03:50:04.842+0000] GC(1056) Survivor regions: 19->54(54)
[2025-08-01T03:50:04.842+0000] GC(1056) Old regions: 762->1081
[2025-08-01T03:50:04.842+0000] GC(1056) Humongous regions: 0->0
[2025-08-01T03:50:04.842+0000] GC(1056) Metaspace: 10593K(10816K)->10593K(10816K) NonClass: 9335K(9472K)->9335K(9472K) Class: 1258K(1344K)->1258K(1344K)
[2025-08-01T03:50:04.842+0000] GC(1056) Pause Young (Prepare Mixed) (G1 Evacuation Pause) 2379M->2269M(4096M) 126.784ms
[2025-08-01T03:50:04.843+0000] GC(1056) User=0.92s Sys=0.03s Real=0.12s
[2025-08-01T03:50:04.984+0000] GC(1057) Pause Young (Mixed) (G1 Evacuation Pause)
[2025-08-01T03:50:04.984+0000] GC(1057) Using 8 workers of 8 for evacuation
[2025-08-01T03:50:05.189+0000] GC(1057) MMU target violated: 201.0ms (200.0ms/201.0ms)
[2025-08-01T03:50:05.189+0000] GC(1057)   Pre Evacuate Collection Set: 2.0ms
[2025-08-01T03:50:05.189+0000] GC(1057)   Merge Heap Roots: 0.2ms
[2025-08-01T03:50:05.189+0000] GC(1057)   Evacuate Collection Set: 201.3ms
[2025-08-01T03:50:05.189+0000] GC(1057)   Post Evacuate Collection Set: 0.8ms
[2025-08-01T03:50:05.189+0000] GC(1057)   Other: 0.2ms
[2025-08-01T03:50:05.189+0000] GC(1057) Eden regions: 287->0(208)
[2025-08-01T03:50:05.189+0000] GC(1057) Survivor regions: 54->43(43)
[2025-08-01T03:50:05.189+0000] GC(1057) Old regions: 1081->1335
[2025-08-01T03:50:05.189+0000] GC(1057) Humongous regions: 0->0
[2025-08-01T03:50:05.189+0000] GC(1057) Metaspace: 10593K(10816K)->10593K(10816K) NonClass: 9335K(9472K)->9335K(9472K) Class: 1258K(1344K)->1258K(1344K)
[2025-08-01T03:50:05.189+0000] GC(1057) Pause Young (Mixed) (G1 Evacuation Pause) 2843M->2755M(4096M) 204.771ms
[2025-08-01T03:50:05.189+0000] GC(1057) User=1.52s Sys=0.07s Real=0.20s
[2025-08-01T03:50:05.275+0000] GC(1058) Pause Young (Concurrent Start) (G1 Evacuation Pause)
[2025-08-01T03:50:05.276+0000] GC(1058) Using 8 workers of 8 for evacuation
[2025-08-01T03:50:05.353+0000] GC(1058)   Pre Evacuate Collection Set: 0.7ms
[2025-08-01T03:50:05.353+0000] GC(1058)   Merge Heap Roots: 0.2ms
[2025-08-01T03:50:05.353+0000] GC(1058)   Evacuate Collection Set: 75.3ms
[2025-08-01T03:50:05.353+0000] GC(1058)   Post Evacuate Collection Set: 1.1ms
[2025-08-01T03:50:05.353+0000] GC(1058)   Other: 0.2ms
[2025-08-01T03:50:05.353+0000] GC(1058) Eden regions: 208->0(161)
[2025-08-01T03:50:05.353+0000] GC(1058) Survivor regions: 43->32(32)
[2025-08-01T03:50:05.353+0000] GC(1058) Old regions: 1335->1508
[2025-08-01T03:50:05.353+0000] GC(1058) Humongous regions: 0->0
[2025-08-01T03:50:05.353+0000] GC(1058) Metaspace: 10593K(10816K)->10593K(10816K) NonClass: 9335K(9472K)->9335K(9472K) Class: 1258K(1344K)->1258K(1344K)
[2025-08-01T03:50:05.353+0000] GC(1058) Pause Young (Concurrent Start) (G1 Evacuation Pause) 3171M->3079M(4096M) 77.912ms
[2025-08-01T03:50:05.353+0000] GC(1058) User=0.58s Sys=0.02s Real=0.08s
[2025-08-01T03:50:05.354+0000] GC(1059) Concurrent Mark Cycle
[2025-08-01T03:50:05.354+0000] GC(1059) Concurrent Scan Root Regions
[2025-08-01T03:50:05.398+0000] GC(1059) Concurrent Scan Root Regions 44.374ms
[2025-08-01T03:50:05.398+0000] GC(1059) Concurrent Mark
[2025-08-01T03:50:05.398+0000] GC(1059) Concurrent Mark From Roots
[2025-08-01T03:50:05.398+0000] GC(1059) Using 2 workers of 2 for marking
[2025-08-01T03:50:05.437+0000] GC(1060) Pause Young (Normal) (G1 Evacuation Pause)
[2025-08-01T03:50:05.437+0000] GC(1060) Using 8 workers of 8 for evacuation
[2025-08-01T03:50:05.488+0000] GC(1060)   Pre Evacuate Collection Set: 0.8ms
[2025-08-01T03:50:05.488+0000] GC(1060)   Merge Heap Roots: 0.2ms
[2025-08-01T03:50:05.488+0000] GC(1060)   Evacuate Collection Set: 48.6ms
[2025-08-01T03:50:05.488+0000] GC(1060)   Post Evacuate Collection Set: 0.9ms
[2025-08-01T03:50:05.488+0000] GC(1060)   Other: 0.1ms
[2025-08-01T03:50:05.488+0000] GC(1060) Eden regions: 161->0(139)
[2025-08-01T03:50:05.488+0000] GC(1060) Survivor regions: 32->25(25)
[2025-08-01T03:50:05.488+0000] GC(1060) Old regions: 1508->1597
[2025-08-01T03:50:05.488+0000] GC(1060) Humongous regions: 0->0
[2025-08-01T03:50:05.488+0000] GC(1060) Metaspace: 10593K(10816K)->10593K(10816K) NonClass: 9335K(9472K)->9335K(9472K) Class: 1258K(1344K)->1258K(1344K)
[2025-08-01T03:50:05.488+0000] GC(1060) Pause Young (Normal) (G1 Evacuation Pause) 3401M->3242M(4096M) 50.870ms
[2025-08-01T03:50:05.488+0000] GC(1060) User=0.36s Sys=0.02s Real=0.05s
[2025-08-01T03:50:05.518+0000] GC(1061) Pause Young (Normal) (G1 Evacuation Pause)
[2025-08-01T03:50:05.518+0000] GC(1061) Using 8 workers of 8 for evacuation
[2025-08-01T03:50:05.584+0000] GC(1061)   Pre Evacuate Collection Set: 0.8ms
[2025-08-01T03:50:05.584+0000] GC(1061)   Merge Heap Roots: 0.2ms
[2025-08-01T03:50:05.584+0000] GC(1061)   Evacuate Collection Set: 64.1ms
[2025-08-01T03:50:05.584+0000] GC(1061)   Post Evacuate Collection Set: 0.9ms
[2025-08-01T03:50:05.584+0000] GC(1061)   Other: 0.1ms
[2025-08-01T03:50:05.584+0000] GC(1061) Eden regions: 139->0(90)
[2025-08-01T03:50:05.584+0000] GC(1061) Survivor regions: 25->21(21)
[2025-08-01T03:50:05.584+0000] GC(1061) Old regions: 1597->1740
[2025-08-01T03:50:05.584+0000] GC(1061) Humongous regions: 0->0
[2025-08-01T03:50:05.584+0000] GC(1061) Metaspace: 10593K(10816K)->10593K(10816K) NonClass: 9335K(9472K)->9335K(9472K) Class: 1258K(1344K)->1258K(1344K)
[2025-08-01T03:50:05.584+0000] GC(1061) Pause Young (Normal) (G1 Evacuation Pause) 3520M->3520M(4096M) 66.331ms
[2025-08-01T03:50:05.585+0000] GC(1061) User=0.49s Sys=0.01s Real=0.07s
[2025-08-01T03:50:05.606+0000] GC(1062) Pause Young (Normal) (G1 Evacuation Pause)
[2025-08-01T03:50:05.606+0000] GC(1062) Using 8 workers of 8 for evacuation
[2025-08-01T03:50:05.649+0000] GC(1062)   Pre Evacuate Collection Set: 0.6ms
[2025-08-01T03:50:05.649+0000] GC(1062)   Merge Heap Roots: 0.2ms
[2025-08-01T03:50:05.649+0000] GC(1062)   Evacuate Collection Set: 41.0ms
[2025-08-01T03:50:05.649+0000] GC(1062)   Post Evacuate Collection Set: 0.5ms
[2025-08-01T03:50:05.649+0000] GC(1062)   Other: 0.1ms
[2025-08-01T03:50:05.649+0000] GC(1062) Eden regions: 90->0(88)
[2025-08-01T03:50:05.649+0000] GC(1062) Survivor regions: 21->14(14)
[2025-08-01T03:50:05.649+0000] GC(1062) Old regions: 1740->1839
[2025-08-01T03:50:05.649+0000] GC(1062) Humongous regions: 0->0
[2025-08-01T03:50:05.649+0000] GC(1062) Metaspace: 10593K(10816K)->10593K(10816K) NonClass: 9335K(9472K)->9335K(9472K) Class: 1258K(1344K)->1258K(1344K)
[2025-08-01T03:50:05.649+0000] GC(1062) Pause Young (Normal) (G1 Evacuation Pause) 3700M->3704M(4096M) 42.608ms
[2025-08-01T03:50:05.649+0000] GC(1062) User=0.30s Sys=0.01s Real=0.04s
[2025-08-01T03:50:05.672+0000] GC(1063) Pause Young (Normal) (G1 Evacuation Pause)
[2025-08-01T03:50:05.672+0000] GC(1063) Using 8 workers of 8 for evacuation
[2025-08-01T03:50:05.712+0000] GC(1063)   Pre Evacuate Collection Set: 0.7ms
[2025-08-01T03:50:05.712+0000] GC(1063)   Merge Heap Roots: 0.3ms
[2025-08-01T03:50:05.712+0000] GC(1063)   Evacuate Collection Set: 37.8ms
[2025-08-01T03:50:05.712+0000] GC(1063)   Post Evacuate Collection Set: 1.1ms
[2025-08-01T03:50:05.712+0000] GC(1063)   Other: 0.1ms
[2025-08-01T03:50:05.712+0000] GC(1063) Eden regions: 88->0(89)
[2025-08-01T03:50:05.712+0000] GC(1063) Survivor regions: 14->13(13)
[2025-08-01T03:50:05.712+0000] GC(1063) Old regions: 1839->1923
[2025-08-01T03:50:05.712+0000] GC(1063) Humongous regions: 0->0
[2025-08-01T03:50:05.712+0000] GC(1063) Metaspace: 10593K(10816K)->10593K(10816K) NonClass: 9335K(9472K)->9335K(9472K) Class: 1258K(1344K)->1258K(1344K)
[2025-08-01T03:50:05.712+0000] GC(1063) Pause Young (Normal) (G1 Evacuation Pause) 3880M->3870M(4096M) 40.210ms
[2025-08-01T03:50:05.712+0000] GC(1063) User=0.28s Sys=0.01s Real=0.04s
[2025-08-01T03:50:05.736+0000] GC(1064) Pause Young (Normal) (G1 Evacuation Pause)
[2025-08-01T03:50:05.737+0000] GC(1064) Using 8 workers of 8 for evacuation
[2025-08-01T03:50:05.765+0000] GC(1064)   Pre Evacuate Collection Set: 0.8ms
[2025-08-01T03:50:05.765+0000] GC(1064)   Merge Heap Roots: 0.2ms
[2025-08-01T03:50:05.765+0000] GC(1064)   Evacuate Collection Set: 20.0ms
[2025-08-01T03:50:05.765+0000] GC(1064)   Post Evacuate Collection Set: 7.8ms
[2025-08-01T03:50:05.766+0000] GC(1064)   Other: 0.1ms
[2025-08-01T03:50:05.766+0000] GC(1064) Eden regions: 89->0(0)
[2025-08-01T03:50:05.766+0000] GC(1064) Survivor regions: 13->13(13)
[2025-08-01T03:50:05.766+0000] GC(1064) Old regions: 1923->2028
[2025-08-01T03:50:05.766+0000] GC(1064) Humongous regions: 0->0
[2025-08-01T03:50:05.766+0000] GC(1064) Metaspace: 10593K(10816K)->10593K(10816K) NonClass: 9335K(9472K)->9335K(9472K) Class: 1258K(1344K)->1258K(1344K)
[2025-08-01T03:50:05.766+0000] GC(1064) Pause Young (Normal) (G1 Evacuation Pause) (Evacuation Failure) 4048M->4081M(4096M) 29.205ms
[2025-08-01T03:50:05.766+0000] GC(1064) User=0.21s Sys=0.01s Real=0.03s
[2025-08-01T03:50:05.766+0000] Attempting full compaction
[2025-08-01T03:50:05.766+0000] GC(1065) Pause Full (G1 Compaction Pause)
[2025-08-01T03:50:05.766+0000] GC(1065) Using 8 workers of 8 for full compaction
[2025-08-01T03:50:05.772+0000] GC(1065) Phase 1: Mark live objects
[2025-08-01T03:50:05.809+0000] GC(1065) Phase 1: Mark live objects 36.700ms
[2025-08-01T03:50:05.809+0000] GC(1065) Phase 2: Prepare compaction
[2025-08-01T03:50:05.826+0000] GC(1065) Phase 2: Prepare compaction 16.827ms
[2025-08-01T03:50:05.826+0000] GC(1065) Phase 3: Adjust pointers
[2025-08-01T03:50:05.862+0000] GC(1065) Phase 3: Adjust pointers 36.119ms
[2025-08-01T03:50:05.862+0000] GC(1065) Phase 4: Compact heap
[2025-08-01T03:50:05.895+0000] GC(1065) Phase 4: Compact heap 32.647ms
[2025-08-01T03:50:05.895+0000] GC(1065) Phase 5: Reset Metadata
[2025-08-01T03:50:05.923+0000] GC(1065) Phase 5: Reset Metadata 28.400ms
[2025-08-01T03:50:05.935+0000] GC(1065) Eden regions: 0->0(553)
[2025-08-01T03:50:05.935+0000] GC(1065) Survivor regions: 13->0(13)
[2025-08-01T03:50:05.935+0000] GC(1065) Old regions: 2028->418
[2025-08-01T03:50:05.935+0000] GC(1065) Humongous regions: 0->0
[2025-08-01T03:50:05.935+0000] GC(1065) Metaspace: 10593K(10816K)->10593K(10816K) NonClass: 9335K(9472K)->9335K(9472K) Class: 1258K(1344K)->1258K(1344K)
[2025-08-01T03:50:05.935+0000] GC(1065) Pause Full (G1 Compaction Pause) 4081M->828M(4096M) 169.085ms
[2025-08-01T03:50:05.935+0000] GC(1065) User=1.16s Sys=0.02s Real=0.17s
[2025-08-01T03:50:05.938+0000] GC(1059) Concurrent Mark From Roots 539.821ms
[2025-08-01T03:50:05.938+0000] GC(1059) Concurrent Mark Abort
[2025-08-01T03:50:05.938+0000] GC(1059) Concurrent Mark Cycle 584.456ms
[2025-08-01T03:50:06.172+0000] GC(1066) Pause Young (Normal) (G1 Evacuation Pause)
[2025-08-01T03:50:06.172+0000] GC(1066) Using 8 workers of 8 for evacuation
[2025-08-01T03:50:06.277+0000] GC(1066)   Pre Evacuate Collection Set: 0.7ms
[2025-08-01T03:50:06.277+0000] GC(1066)   Merge Heap Roots: 0.3ms
[2025-08-01T03:50:06.277+0000] GC(1066)   Evacuate Collection Set: 102.1ms
[2025-08-01T03:50:06.277+0000] GC(1066)   Post Evacuate Collection Set: 1.6ms
[2025-08-01T03:50:06.277+0000] GC(1066)   Other: 0.2ms
[2025-08-01T03:50:06.277+0000] GC(1066) Eden regions: 553->0(503)
[2025-08-01T03:50:06.277+0000] GC(1066) Survivor regions: 0->70(70)
[2025-08-01T03:50:06.277+0000] GC(1066) Old regions: 418->579
[2025-08-01T03:50:06.277+0000] GC(1066) Humongous regions: 0->0
[2025-08-01T03:50:06.277+0000] GC(1066) Metaspace: 10593K(10816K)->10593K(10816K) NonClass: 9335K(9472K)->9335K(9472K) Class: 1258K(1344K)->1258K(1344K)
[2025-08-01T03:50:06.277+0000] GC(1066) Pause Young (Normal) (G1 Evacuation Pause) 1934M->1289M(4096M) 105.376ms
[2025-08-01T03:50:06.277+0000] GC(1066) User=0.79s Sys=0.02s Real=0.11s
[2025-08-01T03:50:06.505+0000] GC(1067) Pause Young (Concurrent Start) (G1 Evacuation Pause)
[2025-08-01T03:50:06.505+0000] GC(1067) Using 8 workers of 8 for evacuation
[2025-08-01T03:50:06.706+0000] GC(1067) MMU target violated: 201.0ms (200.0ms/201.0ms)
[2025-08-01T03:50:06.706+0000] GC(1067)   Pre Evacuate Collection Set: 1.3ms
[2025-08-01T03:50:06.706+0000] GC(1067)   Merge Heap Roots: 0.5ms
[2025-08-01T03:50:06.707+0000] GC(1067)   Evacuate Collection Set: 197.9ms
[2025-08-01T03:50:06.707+0000] GC(1067)   Post Evacuate Collection Set: 1.0ms
[2025-08-01T03:50:06.707+0000] GC(1067)   Other: 0.4ms
[2025-08-01T03:50:06.707+0000] GC(1067) Eden regions: 503->0(322)
[2025-08-01T03:50:06.707+0000] GC(1067) Survivor regions: 70->72(72)
[2025-08-01T03:50:06.707+0000] GC(1067) Old regions: 579->1010
[2025-08-01T03:50:06.707+0000] GC(1067) Humongous regions: 0->0
[2025-08-01T03:50:06.707+0000] GC(1067) Metaspace: 10593K(10816K)->10593K(10816K) NonClass: 9335K(9472K)->9335K(9472K) Class: 1258K(1344K)->1258K(1344K)
[2025-08-01T03:50:06.707+0000] GC(1067) Pause Young (Concurrent Start) (G1 Evacuation Pause) 2295M->2155M(4096M) 201.346ms
[2025-08-01T03:50:06.707+0000] GC(1067) User=1.54s Sys=0.03s Real=0.20s
[2025-08-01T03:50:06.707+0000] GC(1068) Concurrent Mark Cycle
[2025-08-01T03:50:06.707+0000] GC(1068) Concurrent Scan Root Regions
[2025-08-01T03:50:06.811+0000] GC(1068) Concurrent Scan Root Regions 103.838ms
[2025-08-01T03:50:06.811+0000] GC(1068) Concurrent Mark
[2025-08-01T03:50:06.811+0000] GC(1068) Concurrent Mark From Roots
[2025-08-01T03:50:06.811+0000] GC(1068) Using 2 workers of 2 for marking
[2025-08-01T03:50:06.835+0000] GC(1069) Pause Young (Normal) (G1 Evacuation Pause)
[2025-08-01T03:50:06.835+0000] GC(1069) Using 8 workers of 8 for evacuation
[2025-08-01T03:50:06.900+0000] GC(1069)   Pre Evacuate Collection Set: 0.8ms
[2025-08-01T03:50:06.900+0000] GC(1069)   Merge Heap Roots: 0.3ms
[2025-08-01T03:50:06.900+0000] GC(1069)   Evacuate Collection Set: 62.5ms
[2025-08-01T03:50:06.900+0000] GC(1069)   Post Evacuate Collection Set: 1.0ms
[2025-08-01T03:50:06.900+0000] GC(1069)   Other: 0.1ms
[2025-08-01T03:50:06.900+0000] GC(1069) Eden regions: 322->0(319)
[2025-08-01T03:50:06.900+0000] GC(1069) Survivor regions: 72->50(50)
[2025-08-01T03:50:06.900+0000] GC(1069) Old regions: 1010->1100
[2025-08-01T03:50:06.900+0000] GC(1069) Humongous regions: 0->0
[2025-08-01T03:50:06.900+0000] GC(1069) Metaspace: 10593K(10816K)->10593K(10816K) NonClass: 9335K(9472K)->9335K(9472K) Class: 1258K(1344K)->1258K(1344K)
[2025-08-01T03:50:06.900+0000] GC(1069) Pause Young (Normal) (G1 Evacuation Pause) 2799M->2292M(4096M) 65.122ms
[2025-08-01T03:50:06.900+0000] GC(1069) User=0.44s Sys=0.02s Real=0.06s
[2025-08-01T03:50:06.911+0000] GC(1068) Concurrent Mark From Roots 100.130ms
[2025-08-01T03:50:06.911+0000] GC(1068) Concurrent Preclean
[2025-08-01T03:50:06.911+0000] GC(1068) Concurrent Preclean 0.028ms
[2025-08-01T03:50:06.912+0000] GC(1068) Pause Remark
[2025-08-01T03:50:06.919+0000] GC(1068) Pause Remark 2391M->1468M(4096M) 6.242ms
[2025-08-01T03:50:06.919+0000] GC(1068) User=0.01s Sys=0.00s Real=0.01s
[2025-08-01T03:50:06.919+0000] GC(1068) Concurrent Mark 107.934ms
[2025-08-01T03:50:06.919+0000] GC(1068) Concurrent Rebuild Remembered Sets and Scrub Regions
[2025-08-01T03:50:07.020+0000] GC(1070) Pause Young (Normal) (G1 Evacuation Pause)
[2025-08-01T03:50:07.021+0000] GC(1070) Using 8 workers of 8 for evacuation
[2025-08-01T03:50:07.153+0000] GC(1070)   Pre Evacuate Collection Set: 0.9ms
[2025-08-01T03:50:07.153+0000] GC(1070)   Merge Heap Roots: 0.4ms
[2025-08-01T03:50:07.153+0000] GC(1070)   Evacuate Collection Set: 129.7ms
[2025-08-01T03:50:07.153+0000] GC(1070)   Post Evacuate Collection Set: 1.0ms
[2025-08-01T03:50:07.153+0000] GC(1070)   Other: 0.1ms
[2025-08-01T03:50:07.153+0000] GC(1070) Eden regions: 319->0(349)
[2025-08-01T03:50:07.153+0000] GC(1070) Survivor regions: 50->47(47)
[2025-08-01T03:50:07.153+0000] GC(1070) Old regions: 635->958
[2025-08-01T03:50:07.153+0000] GC(1070) Humongous regions: 0->0
[2025-08-01T03:50:07.153+0000] GC(1070) Metaspace: 10593K(10816K)->10593K(10816K) NonClass: 9335K(9472K)->9335K(9472K) Class: 1258K(1344K)->1258K(1344K)
[2025-08-01T03:50:07.153+0000] GC(1070) Pause Young (Normal) (G1 Evacuation Pause) 2007M->2009M(4096M) 132.537ms
[2025-08-01T03:50:07.153+0000] GC(1070) User=1.00s Sys=0.01s Real=0.14s
[2025-08-01T03:50:07.194+0000] GC(1068) Concurrent Rebuild Remembered Sets and Scrub Regions 275.331ms
[2025-08-01T03:50:07.194+0000] GC(1068) Pause Cleanup
[2025-08-01T03:50:07.195+0000] GC(1068) Pause Cleanup 2170M->2170M(4096M) 0.537ms
[2025-08-01T03:50:07.195+0000] GC(1068) User=0.00s Sys=0.00s Real=0.00s
[2025-08-01T03:50:07.195+0000] GC(1068) Concurrent Clear Claimed Marks
[2025-08-01T03:50:07.195+0000] GC(1068) Concurrent Clear Claimed Marks 0.037ms
[2025-08-01T03:50:07.195+0000] GC(1068) Concurrent Cleanup for Next Mark
[2025-08-01T03:50:07.202+0000] GC(1068) Concurrent Cleanup for Next Mark 6.665ms
[2025-08-01T03:50:07.202+0000] GC(1068) Concurrent Mark Cycle 494.884ms
[2025-08-01T03:50:07.301+0000] GC(1071) Pause Young (Prepare Mixed) (G1 Evacuation Pause)
[2025-08-01T03:50:07.301+0000] GC(1071) Using 8 workers of 8 for evacuation
[2025-08-01T03:50:07.528+0000] GC(1071) MMU target violated: 201.0ms (200.0ms/201.0ms)
[2025-08-01T03:50:07.528+0000] GC(1071)   Pre Evacuate Collection Set: 0.9ms
[2025-08-01T03:50:07.528+0000] GC(1071)   Merge Heap Roots: 0.4ms
[2025-08-01T03:50:07.528+0000] GC(1071)   Evacuate Collection Set: 224.8ms
[2025-08-01T03:50:07.529+0000] GC(1071)   Post Evacuate Collection Set: 1.1ms
[2025-08-01T03:50:07.529+0000] GC(1071)   Other: 0.2ms
[2025-08-01T03:50:07.529+0000] GC(1071) Eden regions: 349->0(225)
[2025-08-01T03:50:07.529+0000] GC(1071) Survivor regions: 47->50(50)
[2025-08-01T03:50:07.529+0000] GC(1071) Old regions: 958->1280
[2025-08-01T03:50:07.529+0000] GC(1071) Humongous regions: 0->0
[2025-08-01T03:50:07.529+0000] GC(1071) Metaspace: 10593K(10816K)->10593K(10816K) NonClass: 9335K(9472K)->9335K(9472K) Class: 1258K(1344K)->1258K(1344K)
[2025-08-01T03:50:07.529+0000] GC(1071) Pause Young (Prepare Mixed) (G1 Evacuation Pause) 2707M->2658M(4096M) 227.632ms
[2025-08-01T03:50:07.529+0000] GC(1071) User=1.73s Sys=0.06s Real=0.23s
[2025-08-01T03:50:07.612+0000] GC(1072) Pause Young (Mixed) (G1 Evacuation Pause)
[2025-08-01T03:50:07.612+0000] GC(1072) Using 8 workers of 8 for evacuation
[2025-08-01T03:50:07.709+0000] GC(1072)   Pre Evacuate Collection Set: 1.0ms
[2025-08-01T03:50:07.709+0000] GC(1072)   Merge Heap Roots: 0.1ms
[2025-08-01T03:50:07.709+0000] GC(1072)   Evacuate Collection Set: 94.5ms
[2025-08-01T03:50:07.709+0000] GC(1072)   Post Evacuate Collection Set: 1.0ms
[2025-08-01T03:50:07.709+0000] GC(1072)   Other: 0.1ms
[2025-08-01T03:50:07.709+0000] GC(1072) Eden regions: 225->0(188)
[2025-08-01T03:50:07.709+0000] GC(1072) Survivor regions: 50->35(35)
[2025-08-01T03:50:07.709+0000] GC(1072) Old regions: 1280->1429
[2025-08-01T03:50:07.709+0000] GC(1072) Humongous regions: 0->0
[2025-08-01T03:50:07.709+0000] GC(1072) Metaspace: 10593K(10816K)->10593K(10816K) NonClass: 9335K(9472K)->9335K(9472K) Class: 1258K(1344K)->1258K(1344K)
[2025-08-01T03:50:07.709+0000] GC(1072) Pause Young (Mixed) (G1 Evacuation Pause) 3108M->2926M(4096M) 96.956ms
[2025-08-01T03:50:07.709+0000] GC(1072) User=0.73s Sys=0.03s Real=0.10s
[2025-08-01T03:50:07.786+0000] GC(1073) Pause Young (Concurrent Start) (G1 Evacuation Pause)
[2025-08-01T03:50:07.786+0000] GC(1073) Using 8 workers of 8 for evacuation
[2025-08-01T03:50:07.927+0000] GC(1073)   Pre Evacuate Collection Set: 1.6ms
[2025-08-01T03:50:07.927+0000] GC(1073)   Merge Heap Roots: 0.2ms
[2025-08-01T03:50:07.927+0000] GC(1073)   Evacuate Collection Set: 136.2ms
[2025-08-01T03:50:07.927+0000] GC(1073)   Post Evacuate Collection Set: 1.9ms
[2025-08-01T03:50:07.927+0000] GC(1073)   Other: 0.3ms
[2025-08-01T03:50:07.927+0000] GC(1073) Eden regions: 188->0(124)
[2025-08-01T03:50:07.927+0000] GC(1073) Survivor regions: 35->28(28)
[2025-08-01T03:50:07.927+0000] GC(1073) Old regions: 1429->1618
[2025-08-01T03:50:07.927+0000] GC(1073) Humongous regions: 0->0
[2025-08-01T03:50:07.927+0000] GC(1073) Metaspace: 10593K(10816K)->10593K(10816K) NonClass: 9335K(9472K)->9335K(9472K) Class: 1258K(1344K)->1258K(1344K)
[2025-08-01T03:50:07.927+0000] GC(1073) Pause Young (Concurrent Start) (G1 Evacuation Pause) 3302M->3290M(4096M) 140.867ms
[2025-08-01T03:50:07.927+0000] GC(1073) User=1.03s Sys=0.05s Real=0.14s
[2025-08-01T03:50:07.927+0000] GC(1074) Concurrent Mark Cycle
[2025-08-01T03:50:07.927+0000] GC(1074) Concurrent Scan Root Regions
[2025-08-01T03:50:07.977+0000] GC(1075) Pause Young (Normal) (G1 Evacuation Pause)
[2025-08-01T03:50:07.977+0000] GC(1075) Using 8 workers of 8 for evacuation
[2025-08-01T03:50:07.992+0000] GC(1074) Concurrent Scan Root Regions 64.650ms
[2025-08-01T03:50:07.992+0000] GC(1074) Concurrent Mark
[2025-08-01T03:50:07.992+0000] GC(1074) Concurrent Mark From Roots
[2025-08-01T03:50:07.992+0000] GC(1074) Using 2 workers of 2 for marking
[2025-08-01T03:50:08.040+0000] GC(1075)   Pre Evacuate Collection Set: 0.7ms
[2025-08-01T03:50:08.040+0000] GC(1075)   Merge Heap Roots: 0.2ms
[2025-08-01T03:50:08.040+0000] GC(1075)   Evacuate Collection Set: 45.6ms
[2025-08-01T03:50:08.040+0000] GC(1075)   Post Evacuate Collection Set: 1.0ms
[2025-08-01T03:50:08.040+0000] GC(1075)   Other: 0.1ms
[2025-08-01T03:50:08.040+0000] GC(1075) Eden regions: 124->0(85)
[2025-08-01T03:50:08.040+0000] GC(1075) Survivor regions: 28->19(19)
[2025-08-01T03:50:08.040+0000] GC(1075) Old regions: 1618->1752
[2025-08-01T03:50:08.040+0000] GC(1075) Humongous regions: 0->0
[2025-08-01T03:50:08.040+0000] GC(1075) Metaspace: 10593K(10816K)->10593K(10816K) NonClass: 9335K(9472K)->9335K(9472K) Class: 1258K(1344K)->1258K(1344K)
[2025-08-01T03:50:08.040+0000] GC(1075) Pause Young (Normal) (G1 Evacuation Pause) 3538M->3540M(4096M) 62.792ms
[2025-08-01T03:50:08.040+0000] GC(1075) User=0.40s Sys=0.00s Real=0.06s
[2025-08-01T03:50:08.060+0000] GC(1076) Pause Young (Normal) (G1 Evacuation Pause)
[2025-08-01T03:50:08.060+0000] GC(1076) Using 8 workers of 8 for evacuation
[2025-08-01T03:50:08.091+0000] GC(1076)   Pre Evacuate Collection Set: 0.4ms
[2025-08-01T03:50:08.091+0000] GC(1076)   Merge Heap Roots: 0.1ms
[2025-08-01T03:50:08.091+0000] GC(1076)   Evacuate Collection Set: 29.7ms
[2025-08-01T03:50:08.091+0000] GC(1076)   Post Evacuate Collection Set: 0.8ms
[2025-08-01T03:50:08.091+0000] GC(1076)   Other: 0.1ms
[2025-08-01T03:50:08.091+0000] GC(1076) Eden regions: 85->0(89)
[2025-08-01T03:50:08.091+0000] GC(1076) Survivor regions: 19->13(13)
[2025-08-01T03:50:08.091+0000] GC(1076) Old regions: 1752->1840
[2025-08-01T03:50:08.091+0000] GC(1076) Humongous regions: 0->0
[2025-08-01T03:50:08.091+0000] GC(1076) Metaspace: 10593K(10816K)->10593K(10816K) NonClass: 9335K(9472K)->9335K(9472K) Class: 1258K(1344K)->1258K(1344K)
[2025-08-01T03:50:08.091+0000] GC(1076) Pause Young (Normal) (G1 Evacuation Pause) 3710M->3705M(4096M) 31.311ms
[2025-08-01T03:50:08.091+0000] GC(1076) User=0.23s Sys=0.01s Real=0.03s
[2025-08-01T03:50:08.113+0000] GC(1077) Pause Young (Normal) (G1 Evacuation Pause)
[2025-08-01T03:50:08.113+0000] GC(1077) Using 8 workers of 8 for evacuation
[2025-08-01T03:50:08.147+0000] GC(1077)   Pre Evacuate Collection Set: 0.9ms
[2025-08-01T03:50:08.147+0000] GC(1077)   Merge Heap Roots: 0.2ms
[2025-08-01T03:50:08.147+0000] GC(1077)   Evacuate Collection Set: 31.6ms
[2025-08-01T03:50:08.147+0000] GC(1077)   Post Evacuate Collection Set: 0.7ms
[2025-08-01T03:50:08.147+0000] GC(1077)   Other: 0.1ms
[2025-08-01T03:50:08.147+0000] GC(1077) Eden regions: 89->0(89)
[2025-08-01T03:50:08.147+0000] GC(1077) Survivor regions: 13->13(13)
[2025-08-01T03:50:08.147+0000] GC(1077) Old regions: 1840->1931
[2025-08-01T03:50:08.147+0000] GC(1077) Humongous regions: 0->0
[2025-08-01T03:50:08.147+0000] GC(1077) Metaspace: 10593K(10816K)->10593K(10816K) NonClass: 9335K(9472K)->9335K(9472K) Class: 1258K(1344K)->1258K(1344K)
[2025-08-01T03:50:08.147+0000] GC(1077) Pause Young (Normal) (G1 Evacuation Pause) 3883M->3887M(4096M) 33.840ms
[2025-08-01T03:50:08.147+0000] GC(1077) User=0.24s Sys=0.01s Real=0.03s
[2025-08-01T03:50:08.166+0000] GC(1078) Pause Young (Normal) (G1 Evacuation Pause)
[2025-08-01T03:50:08.166+0000] GC(1078) Using 8 workers of 8 for evacuation
[2025-08-01T03:50:08.189+0000] GC(1078)   Pre Evacuate Collection Set: 0.6ms
[2025-08-01T03:50:08.189+0000] GC(1078)   Merge Heap Roots: 0.2ms
[2025-08-01T03:50:08.189+0000] GC(1078)   Evacuate Collection Set: 16.4ms
[2025-08-01T03:50:08.189+0000] GC(1078)   Post Evacuate Collection Set: 6.3ms
[2025-08-01T03:50:08.189+0000] GC(1078)   Other: 0.1ms
[2025-08-01T03:50:08.189+0000] GC(1078) Eden regions: 89->0(0)
[2025-08-01T03:50:08.189+0000] GC(1078) Survivor regions: 13->7(13)
[2025-08-01T03:50:08.189+0000] GC(1078) Old regions: 1931->2039
[2025-08-01T03:50:08.189+0000] GC(1078) Humongous regions: 0->0
[2025-08-01T03:50:08.189+0000] GC(1078) Metaspace: 10593K(10816K)->10593K(10816K) NonClass: 9335K(9472K)->9335K(9472K) Class: 1258K(1344K)->1258K(1344K)
[2025-08-01T03:50:08.189+0000] GC(1078) Pause Young (Normal) (G1 Evacuation Pause) (Evacuation Failure) 4065M->4091M(4096M) 23.764ms
[2025-08-01T03:50:08.189+0000] GC(1078) User=0.17s Sys=0.00s Real=0.02s
[2025-08-01T03:50:08.189+0000] Attempting full compaction
[2025-08-01T03:50:08.189+0000] GC(1079) Pause Full (G1 Compaction Pause)
[2025-08-01T03:50:08.189+0000] GC(1079) Using 8 workers of 8 for full compaction
[2025-08-01T03:50:08.195+0000] GC(1079) Phase 1: Mark live objects
[2025-08-01T03:50:08.239+0000] GC(1079) Phase 1: Mark live objects 43.527ms
[2025-08-01T03:50:08.239+0000] GC(1079) Phase 2: Prepare compaction
[2025-08-01T03:50:08.252+0000] GC(1079) Phase 2: Prepare compaction 13.203ms
[2025-08-01T03:50:08.252+0000] GC(1079) Phase 3: Adjust pointers
[2025-08-01T03:50:08.299+0000] GC(1079) Phase 3: Adjust pointers 46.449ms
[2025-08-01T03:50:08.299+0000] GC(1079) Phase 4: Compact heap
[2025-08-01T03:50:08.343+0000] GC(1079) Phase 4: Compact heap 43.887ms
[2025-08-01T03:50:08.343+0000] GC(1079) Phase 5: Reset Metadata
[2025-08-01T03:50:08.384+0000] GC(1079) Phase 5: Reset Metadata 41.542ms
[2025-08-01T03:50:08.391+0000] GC(1079) Eden regions: 0->0(519)
[2025-08-01T03:50:08.391+0000] GC(1079) Survivor regions: 7->0(13)
[2025-08-01T03:50:08.391+0000] GC(1079) Old regions: 2039->545
[2025-08-01T03:50:08.391+0000] GC(1079) Humongous regions: 0->0
[2025-08-01T03:50:08.391+0000] GC(1079) Metaspace: 10593K(10816K)->10593K(10816K) NonClass: 9335K(9472K)->9335K(9472K) Class: 1258K(1344K)->1258K(1344K)
[2025-08-01T03:50:08.391+0000] GC(1079) Pause Full (G1 Compaction Pause) 4091M->1085M(4096M) 201.847ms
[2025-08-01T03:50:08.391+0000] GC(1079) User=1.51s Sys=0.01s Real=0.20s
[2025-08-01T03:50:08.392+0000] GC(1074) Concurrent Mark From Roots 399.427ms
[2025-08-01T03:50:08.392+0000] GC(1074) Concurrent Mark Abort
[2025-08-01T03:50:08.392+0000] GC(1074) Concurrent Mark Cycle 464.306ms
[2025-08-01T03:50:08.613+0000] GC(1080) Pause Young (Normal) (G1 Evacuation Pause)
[2025-08-01T03:50:08.613+0000] GC(1080) Using 8 workers of 8 for evacuation
[2025-08-01T03:50:08.799+0000] GC(1080)   Pre Evacuate Collection Set: 1.6ms
[2025-08-01T03:50:08.799+0000] GC(1080)   Merge Heap Roots: 0.2ms
[2025-08-01T03:50:08.799+0000] GC(1080)   Evacuate Collection Set: 182.4ms
[2025-08-01T03:50:08.799+0000] GC(1080)   Post Evacuate Collection Set: 2.1ms
[2025-08-01T03:50:08.799+0000] GC(1080)   Other: 0.2ms
[2025-08-01T03:50:08.799+0000] GC(1080) Eden regions: 519->0(413)
[2025-08-01T03:50:08.799+0000] GC(1080) Survivor regions: 0->65(65)
[2025-08-01T03:50:08.799+0000] GC(1080) Old regions: 545->797
[2025-08-01T03:50:08.799+0000] GC(1080) Humongous regions: 0->0
[2025-08-01T03:50:08.799+0000] GC(1080) Metaspace: 10593K(10816K)->10593K(10816K) NonClass: 9335K(9472K)->9335K(9472K) Class: 1258K(1344K)->1258K(1344K)
[2025-08-01T03:50:08.800+0000] GC(1080) Pause Young (Normal) (G1 Evacuation Pause) 2123M->1719M(4096M) 186.822ms
[2025-08-01T03:50:08.800+0000] GC(1080) User=1.41s Sys=0.03s Real=0.19s
[2025-08-01T03:50:08.960+0000] GC(1081) Pause Young (Concurrent Start) (G1 Evacuation Pause)
[2025-08-01T03:50:08.961+0000] GC(1081) Using 8 workers of 8 for evacuation
[2025-08-01T03:50:09.177+0000] GC(1081) MMU target violated: 201.0ms (200.0ms/201.0ms)
[2025-08-01T03:50:09.177+0000] GC(1081)   Pre Evacuate Collection Set: 1.3ms
[2025-08-01T03:50:09.177+0000] GC(1081)   Merge Heap Roots: 0.5ms
[2025-08-01T03:50:09.177+0000] GC(1081)   Evacuate Collection Set: 212.9ms
[2025-08-01T03:50:09.177+0000] GC(1081)   Post Evacuate Collection Set: 1.1ms
[2025-08-01T03:50:09.177+0000] GC(1081)   Other: 0.7ms
[2025-08-01T03:50:09.177+0000] GC(1081) Eden regions: 413->0(268)
[2025-08-01T03:50:09.177+0000] GC(1081) Survivor regions: 65->60(60)
[2025-08-01T03:50:09.177+0000] GC(1081) Old regions: 797->1143
[2025-08-01T03:50:09.177+0000] GC(1081) Humongous regions: 0->0
[2025-08-01T03:50:09.177+0000] GC(1081) Metaspace: 10593K(10816K)->10593K(10816K) NonClass: 9335K(9472K)->9335K(9472K) Class: 1258K(1344K)->1258K(1344K)
[2025-08-01T03:50:09.177+0000] GC(1081) Pause Young (Concurrent Start) (G1 Evacuation Pause) 2545M->2400M(4096M) 216.797ms
[2025-08-01T03:50:09.177+0000] GC(1081) User=1.42s Sys=0.09s Real=0.22s
[2025-08-01T03:50:09.177+0000] GC(1082) Concurrent Mark Cycle
[2025-08-01T03:50:09.177+0000] GC(1082) Concurrent Scan Root Regions
[2025-08-01T03:50:09.257+0000] GC(1082) Concurrent Scan Root Regions 79.559ms
[2025-08-01T03:50:09.257+0000] GC(1082) Concurrent Mark
[2025-08-01T03:50:09.257+0000] GC(1082) Concurrent Mark From Roots
[2025-08-01T03:50:09.257+0000] GC(1082) Using 2 workers of 2 for marking
[2025-08-01T03:50:09.274+0000] GC(1083) Pause Young (Normal) (G1 Evacuation Pause)
[2025-08-01T03:50:09.274+0000] GC(1083) Using 8 workers of 8 for evacuation
[2025-08-01T03:50:09.361+0000] GC(1083)   Pre Evacuate Collection Set: 1.1ms
[2025-08-01T03:50:09.361+0000] GC(1083)   Merge Heap Roots: 0.2ms
[2025-08-01T03:50:09.361+0000] GC(1083)   Evacuate Collection Set: 84.5ms
[2025-08-01T03:50:09.361+0000] GC(1083)   Post Evacuate Collection Set: 1.2ms
[2025-08-01T03:50:09.361+0000] GC(1083)   Other: 0.1ms
[2025-08-01T03:50:09.361+0000] GC(1083) Eden regions: 268->0(196)
[2025-08-01T03:50:09.361+0000] GC(1083) Survivor regions: 60->41(41)
[2025-08-01T03:50:09.361+0000] GC(1083) Old regions: 1143->1387
[2025-08-01T03:50:09.361+0000] GC(1083) Humongous regions: 0->0
[2025-08-01T03:50:09.361+0000] GC(1083) Metaspace: 10593K(10816K)->10593K(10816K) NonClass: 9335K(9472K)->9335K(9472K) Class: 1258K(1344K)->1258K(1344K)
[2025-08-01T03:50:09.362+0000] GC(1083) Pause Young (Normal) (G1 Evacuation Pause) 2936M->2850M(4096M) 87.383ms
[2025-08-01T03:50:09.362+0000] GC(1083) User=0.68s Sys=0.00s Real=0.08s
[2025-08-01T03:50:09.411+0000] GC(1082) Concurrent Mark From Roots 154.289ms
[2025-08-01T03:50:09.411+0000] GC(1082) Concurrent Preclean
[2025-08-01T03:50:09.411+0000] GC(1082) Concurrent Preclean 0.034ms
[2025-08-01T03:50:09.412+0000] GC(1082) Pause Remark
[2025-08-01T03:50:09.415+0000] GC(1082) Pause Remark 2937M->1845M(4096M) 3.541ms
[2025-08-01T03:50:09.415+0000] GC(1082) User=0.02s Sys=0.00s Real=0.01s
[2025-08-01T03:50:09.417+0000] GC(1082) Concurrent Mark 159.946ms
[2025-08-01T03:50:09.417+0000] GC(1082) Concurrent Rebuild Remembered Sets and Scrub Regions
[2025-08-01T03:50:09.445+0000] GC(1084) Pause Young (Normal) (G1 Evacuation Pause)
[2025-08-01T03:50:09.445+0000] GC(1084) Using 8 workers of 8 for evacuation
[2025-08-01T03:50:09.509+0000] GC(1084)   Pre Evacuate Collection Set: 0.5ms
[2025-08-01T03:50:09.509+0000] GC(1084)   Merge Heap Roots: 0.5ms
[2025-08-01T03:50:09.509+0000] GC(1084)   Evacuate Collection Set: 62.5ms
[2025-08-01T03:50:09.509+0000] GC(1084)   Post Evacuate Collection Set: 0.9ms
[2025-08-01T03:50:09.509+0000] GC(1084)   Other: 0.1ms
[2025-08-01T03:50:09.510+0000] GC(1084) Eden regions: 196->0(333)
[2025-08-01T03:50:09.510+0000] GC(1084) Survivor regions: 41->30(30)
[2025-08-01T03:50:09.510+0000] GC(1084) Old regions: 839->1014
[2025-08-01T03:50:09.510+0000] GC(1084) Humongous regions: 0->0
[2025-08-01T03:50:09.510+0000] GC(1084) Metaspace: 10593K(10816K)->10593K(10816K) NonClass: 9335K(9472K)->9335K(9472K) Class: 1258K(1344K)->1258K(1344K)
[2025-08-01T03:50:09.510+0000] GC(1084) Pause Young (Normal) (G1 Evacuation Pause) 2150M->2086M(4096M) 64.708ms
[2025-08-01T03:50:09.510+0000] GC(1084) User=0.50s Sys=0.00s Real=0.06s
[2025-08-01T03:50:09.665+0000] GC(1085) Pause Young (Normal) (G1 Evacuation Pause)
[2025-08-01T03:50:09.665+0000] GC(1085) Using 8 workers of 8 for evacuation
[2025-08-01T03:50:09.774+0000] GC(1085)   Pre Evacuate Collection Set: 1.2ms
[2025-08-01T03:50:09.774+0000] GC(1085)   Merge Heap Roots: 0.2ms
[2025-08-01T03:50:09.774+0000] GC(1085)   Evacuate Collection Set: 106.3ms
[2025-08-01T03:50:09.774+0000] GC(1085)   Post Evacuate Collection Set: 1.2ms
[2025-08-01T03:50:09.774+0000] GC(1085)   Other: 0.1ms
[2025-08-01T03:50:09.774+0000] GC(1085) Eden regions: 333->0(233)
[2025-08-01T03:50:09.774+0000] GC(1085) Survivor regions: 30->46(46)
[2025-08-01T03:50:09.774+0000] GC(1085) Old regions: 1014->1276
[2025-08-01T03:50:09.774+0000] GC(1085) Humongous regions: 0->0
[2025-08-01T03:50:09.774+0000] GC(1085) Metaspace: 10593K(10816K)->10593K(10816K) NonClass: 9335K(9472K)->9335K(9472K) Class: 1258K(1344K)->1258K(1344K)
[2025-08-01T03:50:09.774+0000] GC(1085) Pause Young (Normal) (G1 Evacuation Pause) 2752M->2642M(4096M) 109.441ms
[2025-08-01T03:50:09.774+0000] GC(1085) User=0.84s Sys=0.01s Real=0.11s
[2025-08-01T03:50:09.794+0000] GC(1082) Concurrent Rebuild Remembered Sets and Scrub Regions 376.835ms
[2025-08-01T03:50:09.794+0000] GC(1082) Pause Cleanup
[2025-08-01T03:50:09.795+0000] GC(1082) Pause Cleanup 2755M->2755M(4096M) 0.794ms
[2025-08-01T03:50:09.795+0000] GC(1082) User=0.00s Sys=0.00s Real=0.00s
[2025-08-01T03:50:09.795+0000] GC(1082) Concurrent Clear Claimed Marks
[2025-08-01T03:50:09.795+0000] GC(1082) Concurrent Clear Claimed Marks 0.039ms
[2025-08-01T03:50:09.795+0000] GC(1082) Concurrent Cleanup for Next Mark
[2025-08-01T03:50:09.803+0000] GC(1082) Concurrent Cleanup for Next Mark 8.087ms
[2025-08-01T03:50:09.803+0000] GC(1082) Concurrent Mark Cycle 626.038ms
[2025-08-01T03:50:09.870+0000] GC(1086) Pause Young (Prepare Mixed) (G1 Evacuation Pause)
[2025-08-01T03:50:09.870+0000] GC(1086) Using 8 workers of 8 for evacuation
[2025-08-01T03:50:09.979+0000] GC(1086)   Pre Evacuate Collection Set: 1.1ms
[2025-08-01T03:50:09.979+0000] GC(1086)   Merge Heap Roots: 0.2ms
[2025-08-01T03:50:09.979+0000] GC(1086)   Evacuate Collection Set: 106.5ms
[2025-08-01T03:50:09.979+0000] GC(1086)   Post Evacuate Collection Set: 1.1ms
[2025-08-01T03:50:09.979+0000] GC(1086)   Other: 0.1ms
[2025-08-01T03:50:09.979+0000] GC(1086) Eden regions: 233->0(153)
[2025-08-01T03:50:09.979+0000] GC(1086) Survivor regions: 46->35(35)
[2025-08-01T03:50:09.979+0000] GC(1086) Old regions: 1276->1521
[2025-08-01T03:50:09.979+0000] GC(1086) Humongous regions: 0->0
[2025-08-01T03:50:09.979+0000] GC(1086) Metaspace: 10593K(10816K)->10593K(10816K) NonClass: 9335K(9472K)->9335K(9472K) Class: 1258K(1344K)->1258K(1344K)
[2025-08-01T03:50:09.979+0000] GC(1086) Pause Young (Prepare Mixed) (G1 Evacuation Pause) 3108M->3111M(4096M) 109.366ms
[2025-08-01T03:50:09.979+0000] GC(1086) User=0.82s Sys=0.02s Real=0.11s
[2025-08-01T03:50:10.046+0000] GC(1087) Pause Young (Mixed) (G1 Evacuation Pause)
[2025-08-01T03:50:10.046+0000] GC(1087) Using 8 workers of 8 for evacuation
[2025-08-01T03:50:10.081+0000] GC(1087)   Pre Evacuate Collection Set: 0.7ms
[2025-08-01T03:50:10.081+0000] GC(1087)   Merge Heap Roots: 0.2ms
[2025-08-01T03:50:10.081+0000] GC(1087)   Evacuate Collection Set: 33.5ms
[2025-08-01T03:50:10.081+0000] GC(1087)   Post Evacuate Collection Set: 0.9ms
[2025-08-01T03:50:10.081+0000] GC(1087)   Other: 0.1ms
[2025-08-01T03:50:10.081+0000] GC(1087) Eden regions: 153->0(157)
[2025-08-01T03:50:10.081+0000] GC(1087) Survivor regions: 35->24(24)
[2025-08-01T03:50:10.081+0000] GC(1087) Old regions: 1521->1542
[2025-08-01T03:50:10.081+0000] GC(1087) Humongous regions: 0->0
[2025-08-01T03:50:10.081+0000] GC(1087) Metaspace: 10593K(10816K)->10593K(10816K) NonClass: 9335K(9472K)->9335K(9472K) Class: 1258K(1344K)->1258K(1344K)
[2025-08-01T03:50:10.081+0000] GC(1087) Pause Young (Mixed) (G1 Evacuation Pause) 3417M->3130M(4096M) 35.687ms
[2025-08-01T03:50:10.081+0000] GC(1087) User=0.23s Sys=0.01s Real=0.03s
[2025-08-01T03:50:10.156+0000] GC(1088) Pause Young (Concurrent Start) (G1 Evacuation Pause)
[2025-08-01T03:50:10.156+0000] GC(1088) Using 8 workers of 8 for evacuation
[2025-08-01T03:50:10.240+0000] GC(1088)   Pre Evacuate Collection Set: 1.2ms
[2025-08-01T03:50:10.240+0000] GC(1088)   Merge Heap Roots: 0.2ms
[2025-08-01T03:50:10.240+0000] GC(1088)   Evacuate Collection Set: 81.6ms
[2025-08-01T03:50:10.240+0000] GC(1088)   Post Evacuate Collection Set: 1.1ms
[2025-08-01T03:50:10.240+0000] GC(1088)   Other: 0.3ms
[2025-08-01T03:50:10.240+0000] GC(1088) Eden regions: 157->0(101)
[2025-08-01T03:50:10.240+0000] GC(1088) Survivor regions: 24->23(23)
[2025-08-01T03:50:10.240+0000] GC(1088) Old regions: 1542->1701
[2025-08-01T03:50:10.240+0000] GC(1088) Humongous regions: 0->0
[2025-08-01T03:50:10.240+0000] GC(1088) Metaspace: 10593K(10816K)->10593K(10816K) NonClass: 9335K(9472K)->9335K(9472K) Class: 1258K(1344K)->1258K(1344K)
[2025-08-01T03:50:10.240+0000] GC(1088) Pause Young (Concurrent Start) (G1 Evacuation Pause) 3444M->3446M(4096M) 84.883ms
[2025-08-01T03:50:10.241+0000] GC(1088) User=0.59s Sys=0.02s Real=0.08s
[2025-08-01T03:50:10.241+0000] GC(1089) Concurrent Mark Cycle
[2025-08-01T03:50:10.241+0000] GC(1089) Concurrent Scan Root Regions
[2025-08-01T03:50:10.262+0000] GC(1090) Pause Young (Normal) (G1 Evacuation Pause)
[2025-08-01T03:50:10.262+0000] GC(1090) Using 8 workers of 8 for evacuation
[2025-08-01T03:50:10.278+0000] GC(1089) Concurrent Scan Root Regions 37.472ms
[2025-08-01T03:50:10.278+0000] GC(1089) Concurrent Mark
[2025-08-01T03:50:10.278+0000] GC(1089) Concurrent Mark From Roots
[2025-08-01T03:50:10.278+0000] GC(1089) Using 2 workers of 2 for marking
[2025-08-01T03:50:10.328+0000] GC(1090)   Pre Evacuate Collection Set: 0.8ms
[2025-08-01T03:50:10.328+0000] GC(1090)   Merge Heap Roots: 0.1ms
[2025-08-01T03:50:10.328+0000] GC(1090)   Evacuate Collection Set: 47.2ms
[2025-08-01T03:50:10.328+0000] GC(1090)   Post Evacuate Collection Set: 1.0ms
[2025-08-01T03:50:10.328+0000] GC(1090)   Other: 0.1ms
[2025-08-01T03:50:10.328+0000] GC(1090) Eden regions: 101->0(86)
[2025-08-01T03:50:10.328+0000] GC(1090) Survivor regions: 23->16(16)
[2025-08-01T03:50:10.328+0000] GC(1090) Old regions: 1701->1811
[2025-08-01T03:50:10.328+0000] GC(1090) Humongous regions: 0->0
[2025-08-01T03:50:10.328+0000] GC(1090) Metaspace: 10593K(10816K)->10593K(10816K) NonClass: 9335K(9472K)->9335K(9472K) Class: 1258K(1344K)->1258K(1344K)
[2025-08-01T03:50:10.328+0000] GC(1090) Pause Young (Normal) (G1 Evacuation Pause) 3648M->3652M(4096M) 65.447ms
[2025-08-01T03:50:10.328+0000] GC(1090) User=0.39s Sys=0.02s Real=0.07s
[2025-08-01T03:50:10.388+0000] GC(1089) Concurrent Mark From Roots 109.207ms
[2025-08-01T03:50:10.388+0000] GC(1089) Concurrent Preclean
[2025-08-01T03:50:10.388+0000] GC(1089) Concurrent Preclean 0.025ms
[2025-08-01T03:50:10.388+0000] GC(1089) Pause Remark
[2025-08-01T03:50:10.392+0000] GC(1089) Pause Remark 3798M->1184M(4096M) 4.220ms
[2025-08-01T03:50:10.392+0000] GC(1089) User=0.02s Sys=0.00s Real=0.00s
[2025-08-01T03:50:10.393+0000] GC(1089) Concurrent Mark 114.197ms
[2025-08-01T03:50:10.393+0000] GC(1089) Concurrent Rebuild Remembered Sets and Scrub Regions
[2025-08-01T03:50:10.395+0000] GC(1091) Pause Young (Normal) (G1 Evacuation Pause)
[2025-08-01T03:50:10.395+0000] GC(1091) Using 8 workers of 8 for evacuation
[2025-08-01T03:50:10.441+0000] GC(1091)   Pre Evacuate Collection Set: 1.0ms
[2025-08-01T03:50:10.441+0000] GC(1091)   Merge Heap Roots: 0.2ms
[2025-08-01T03:50:10.441+0000] GC(1091)   Evacuate Collection Set: 43.7ms
[2025-08-01T03:50:10.441+0000] GC(1091)   Post Evacuate Collection Set: 0.9ms
[2025-08-01T03:50:10.441+0000] GC(1091)   Other: 0.1ms
[2025-08-01T03:50:10.441+0000] GC(1091) Eden regions: 86->0(459)
[2025-08-01T03:50:10.441+0000] GC(1091) Survivor regions: 16->13(13)
[2025-08-01T03:50:10.441+0000] GC(1091) Old regions: 504->595
[2025-08-01T03:50:10.441+0000] GC(1091) Humongous regions: 0->0
[2025-08-01T03:50:10.441+0000] GC(1091) Metaspace: 10593K(10816K)->10593K(10816K) NonClass: 9335K(9472K)->9335K(9472K) Class: 1258K(1344K)->1258K(1344K)
[2025-08-01T03:50:10.441+0000] GC(1091) Pause Young (Normal) (G1 Evacuation Pause) 1210M->1214M(4096M) 46.233ms
[2025-08-01T03:50:10.441+0000] GC(1091) User=0.32s Sys=0.01s Real=0.04s
[2025-08-01T03:50:10.554+0000] GC(1089) Concurrent Rebuild Remembered Sets and Scrub Regions 161.019ms
[2025-08-01T03:50:10.554+0000] GC(1089) Pause Cleanup
[2025-08-01T03:50:10.555+0000] GC(1089) Pause Cleanup 1830M->1830M(4096M) 0.933ms
[2025-08-01T03:50:10.555+0000] GC(1089) User=0.00s Sys=0.00s Real=0.00s
[2025-08-01T03:50:10.555+0000] GC(1089) Concurrent Clear Claimed Marks
[2025-08-01T03:50:10.555+0000] GC(1089) Concurrent Clear Claimed Marks 0.072ms
[2025-08-01T03:50:10.555+0000] GC(1089) Concurrent Cleanup for Next Mark
[2025-08-01T03:50:10.565+0000] GC(1089) Concurrent Cleanup for Next Mark 9.570ms
[2025-08-01T03:50:10.565+0000] GC(1089) Concurrent Mark Cycle 324.189ms
[2025-08-01T03:50:10.634+0000] GC(1092) Pause Young (Prepare Mixed) (G1 Evacuation Pause)
[2025-08-01T03:50:10.634+0000] GC(1092) Using 8 workers of 8 for evacuation
[2025-08-01T03:50:10.884+0000] GC(1092) MMU target violated: 201.0ms (200.0ms/201.0ms)
[2025-08-01T03:50:10.884+0000] GC(1092)   Pre Evacuate Collection Set: 1.1ms
[2025-08-01T03:50:10.884+0000] GC(1092)   Merge Heap Roots: 0.2ms
[2025-08-01T03:50:10.884+0000] GC(1092)   Evacuate Collection Set: 247.6ms
[2025-08-01T03:50:10.884+0000] GC(1092)   Post Evacuate Collection Set: 1.1ms
[2025-08-01T03:50:10.884+0000] GC(1092)   Other: 0.2ms
[2025-08-01T03:50:10.884+0000] GC(1092) Eden regions: 459->0(309)
[2025-08-01T03:50:10.884+0000] GC(1092) Survivor regions: 13->59(59)
[2025-08-01T03:50:10.884+0000] GC(1092) Old regions: 595->980
[2025-08-01T03:50:10.884+0000] GC(1092) Humongous regions: 0->0
[2025-08-01T03:50:10.884+0000] GC(1092) Metaspace: 10593K(10816K)->10593K(10816K) NonClass: 9335K(9472K)->9335K(9472K) Class: 1258K(1344K)->1258K(1344K)
[2025-08-01T03:50:10.884+0000] GC(1092) Pause Young (Prepare Mixed) (G1 Evacuation Pause) 2132M->2077M(4096M) 250.484ms
[2025-08-01T03:50:10.884+0000] GC(1092) User=1.86s Sys=0.07s Real=0.25s
[2025-08-01T03:50:11.036+0000] GC(1093) Pause Young (Mixed) (G1 Evacuation Pause)
[2025-08-01T03:50:11.036+0000] GC(1093) Using 8 workers of 8 for evacuation
[2025-08-01T03:50:11.177+0000] GC(1093)   Pre Evacuate Collection Set: 1.8ms
[2025-08-01T03:50:11.177+0000] GC(1093)   Merge Heap Roots: 0.2ms
[2025-08-01T03:50:11.177+0000] GC(1093)   Evacuate Collection Set: 137.8ms
[2025-08-01T03:50:11.177+0000] GC(1093)   Post Evacuate Collection Set: 1.2ms
[2025-08-01T03:50:11.177+0000] GC(1093)   Other: 0.1ms
[2025-08-01T03:50:11.177+0000] GC(1093) Eden regions: 310->0(247)
[2025-08-01T03:50:11.177+0000] GC(1093) Survivor regions: 59->47(47)
[2025-08-01T03:50:11.178+0000] GC(1093) Old regions: 980->1209
[2025-08-01T03:50:11.178+0000] GC(1093) Humongous regions: 0->0
[2025-08-01T03:50:11.178+0000] GC(1093) Metaspace: 10593K(10816K)->10593K(10816K) NonClass: 9335K(9472K)->9335K(9472K) Class: 1258K(1344K)->1258K(1344K)
[2025-08-01T03:50:11.178+0000] GC(1093) Pause Young (Mixed) (G1 Evacuation Pause) 2697M->2510M(4096M) 141.465ms
[2025-08-01T03:50:11.178+0000] GC(1093) User=1.00s Sys=0.03s Real=0.14s
[2025-08-01T03:50:11.271+0000] GC(1094) Pause Young (Mixed) (G1 Evacuation Pause)
[2025-08-01T03:50:11.271+0000] GC(1094) Using 8 workers of 8 for evacuation
[2025-08-01T03:50:11.425+0000] GC(1094)   Pre Evacuate Collection Set: 1.2ms
[2025-08-01T03:50:11.425+0000] GC(1094)   Merge Heap Roots: 0.2ms
[2025-08-01T03:50:11.425+0000] GC(1094)   Evacuate Collection Set: 150.4ms
[2025-08-01T03:50:11.425+0000] GC(1094)   Post Evacuate Collection Set: 1.6ms
[2025-08-01T03:50:11.425+0000] GC(1094)   Other: 0.1ms
[2025-08-01T03:50:11.425+0000] GC(1094) Eden regions: 247->0(196)
[2025-08-01T03:50:11.425+0000] GC(1094) Survivor regions: 47->37(37)
[2025-08-01T03:50:11.425+0000] GC(1094) Old regions: 1209->1389
[2025-08-01T03:50:11.425+0000] GC(1094) Humongous regions: 0->0
[2025-08-01T03:50:11.425+0000] GC(1094) Metaspace: 10593K(10816K)->10593K(10816K) NonClass: 9335K(9472K)->9335K(9472K) Class: 1258K(1344K)->1258K(1344K)
[2025-08-01T03:50:11.425+0000] GC(1094) Pause Young (Mixed) (G1 Evacuation Pause) 3004M->2850M(4096M) 154.115ms
[2025-08-01T03:50:11.425+0000] GC(1094) User=1.13s Sys=0.05s Real=0.16s
[2025-08-01T03:50:11.515+0000] GC(1095) Pause Young (Concurrent Start) (G1 Evacuation Pause)
[2025-08-01T03:50:11.515+0000] GC(1095) Using 8 workers of 8 for evacuation
[2025-08-01T03:50:11.666+0000] GC(1095)   Pre Evacuate Collection Set: 0.8ms
[2025-08-01T03:50:11.667+0000] GC(1095)   Merge Heap Roots: 0.3ms
[2025-08-01T03:50:11.667+0000] GC(1095)   Evacuate Collection Set: 148.6ms
[2025-08-01T03:50:11.667+0000] GC(1095)   Post Evacuate Collection Set: 1.8ms
[2025-08-01T03:50:11.667+0000] GC(1095)   Other: 0.3ms
[2025-08-01T03:50:11.667+0000] GC(1095) Eden regions: 196->0(132)
[2025-08-01T03:50:11.667+0000] GC(1095) Survivor regions: 37->30(30)
[2025-08-01T03:50:11.667+0000] GC(1095) Old regions: 1389->1593
[2025-08-01T03:50:11.667+0000] GC(1095) Humongous regions: 0->0
[2025-08-01T03:50:11.667+0000] GC(1095) Metaspace: 10593K(10816K)->10593K(10816K) NonClass: 9335K(9472K)->9335K(9472K) Class: 1258K(1344K)->1258K(1344K)
[2025-08-01T03:50:11.667+0000] GC(1095) Pause Young (Concurrent Start) (G1 Evacuation Pause) 3242M->3245M(4096M) 152.209ms
[2025-08-01T03:50:11.667+0000] GC(1095) User=1.13s Sys=0.04s Real=0.15s
[2025-08-01T03:50:11.667+0000] GC(1096) Concurrent Mark Cycle
[2025-08-01T03:50:11.667+0000] GC(1096) Concurrent Scan Root Regions
[2025-08-01T03:50:11.718+0000] GC(1096) Concurrent Scan Root Regions 50.672ms
[2025-08-01T03:50:11.718+0000] GC(1096) Concurrent Mark
[2025-08-01T03:50:11.718+0000] GC(1096) Concurrent Mark From Roots
[2025-08-01T03:50:11.718+0000] GC(1096) Using 2 workers of 2 for marking
[2025-08-01T03:50:11.731+0000] GC(1097) Pause Young (Normal) (G1 Evacuation Pause)
[2025-08-01T03:50:11.731+0000] GC(1097) Using 8 workers of 8 for evacuation
[2025-08-01T03:50:11.771+0000] GC(1097)   Pre Evacuate Collection Set: 0.9ms
[2025-08-01T03:50:11.771+0000] GC(1097)   Merge Heap Roots: 0.2ms
[2025-08-01T03:50:11.771+0000] GC(1097)   Evacuate Collection Set: 37.8ms
[2025-08-01T03:50:11.771+0000] GC(1097)   Post Evacuate Collection Set: 0.8ms
[2025-08-01T03:50:11.771+0000] GC(1097)   Other: 0.1ms
[2025-08-01T03:50:11.771+0000] GC(1097) Eden regions: 132->0(106)
[2025-08-01T03:50:11.771+0000] GC(1097) Survivor regions: 30->21(21)
[2025-08-01T03:50:11.771+0000] GC(1097) Old regions: 1593->1690
[2025-08-01T03:50:11.771+0000] GC(1097) Humongous regions: 0->0
[2025-08-01T03:50:11.771+0000] GC(1097) Metaspace: 10593K(10816K)->10593K(10816K) NonClass: 9335K(9472K)->9335K(9472K) Class: 1258K(1344K)->1258K(1344K)
[2025-08-01T03:50:11.771+0000] GC(1097) Pause Young (Normal) (G1 Evacuation Pause) 3509M->3420M(4096M) 40.110ms
[2025-08-01T03:50:11.772+0000] GC(1097) User=0.29s Sys=0.01s Real=0.04s
[2025-08-01T03:50:11.793+0000] GC(1098) Pause Young (Normal) (G1 Evacuation Pause)
[2025-08-01T03:50:11.793+0000] GC(1098) Using 8 workers of 8 for evacuation
[2025-08-01T03:50:11.826+0000] GC(1098)   Pre Evacuate Collection Set: 0.6ms
[2025-08-01T03:50:11.826+0000] GC(1098)   Merge Heap Roots: 0.3ms
[2025-08-01T03:50:11.826+0000] GC(1098)   Evacuate Collection Set: 31.2ms
[2025-08-01T03:50:11.826+0000] GC(1098)   Post Evacuate Collection Set: 1.1ms
[2025-08-01T03:50:11.826+0000] GC(1098)   Other: 0.1ms
[2025-08-01T03:50:11.826+0000] GC(1098) Eden regions: 106->0(86)
[2025-08-01T03:50:11.826+0000] GC(1098) Survivor regions: 21->16(16)
[2025-08-01T03:50:11.826+0000] GC(1098) Old regions: 1690->1785
[2025-08-01T03:50:11.826+0000] GC(1098) Humongous regions: 0->0
[2025-08-01T03:50:11.826+0000] GC(1098) Metaspace: 10593K(10816K)->10593K(10816K) NonClass: 9335K(9472K)->9335K(9472K) Class: 1258K(1344K)->1258K(1344K)
[2025-08-01T03:50:11.827+0000] GC(1098) Pause Young (Normal) (G1 Evacuation Pause) 3632M->3600M(4096M) 33.497ms
[2025-08-01T03:50:11.827+0000] GC(1098) User=0.25s Sys=0.00s Real=0.03s
[2025-08-01T03:50:11.858+0000] GC(1099) Pause Young (Normal) (G1 Evacuation Pause)
[2025-08-01T03:50:11.858+0000] GC(1099) Using 8 workers of 8 for evacuation
[2025-08-01T03:50:11.893+0000] GC(1099)   Pre Evacuate Collection Set: 0.5ms
[2025-08-01T03:50:11.893+0000] GC(1099)   Merge Heap Roots: 0.2ms
[2025-08-01T03:50:11.893+0000] GC(1099)   Evacuate Collection Set: 32.9ms
[2025-08-01T03:50:11.893+0000] GC(1099)   Post Evacuate Collection Set: 0.6ms
[2025-08-01T03:50:11.893+0000] GC(1099)   Other: 0.1ms
[2025-08-01T03:50:11.893+0000] GC(1099) Eden regions: 86->0(89)
[2025-08-01T03:50:11.893+0000] GC(1099) Survivor regions: 16->13(13)
[2025-08-01T03:50:11.893+0000] GC(1099) Old regions: 1785->1844
[2025-08-01T03:50:11.893+0000] GC(1099) Humongous regions: 0->0
[2025-08-01T03:50:11.893+0000] GC(1099) Metaspace: 10593K(10816K)->10593K(10816K) NonClass: 9335K(9472K)->9335K(9472K) Class: 1258K(1344K)->1258K(1344K)
[2025-08-01T03:50:11.893+0000] GC(1099) Pause Young (Normal) (G1 Evacuation Pause) 3772M->3712M(4096M) 34.651ms
[2025-08-01T03:50:11.893+0000] GC(1099) User=0.24s Sys=0.00s Real=0.03s
[2025-08-01T03:50:11.913+0000] GC(1100) Pause Young (Normal) (G1 Evacuation Pause)
[2025-08-01T03:50:11.913+0000] GC(1100) Using 8 workers of 8 for evacuation
[2025-08-01T03:50:11.955+0000] GC(1100)   Pre Evacuate Collection Set: 0.6ms
[2025-08-01T03:50:11.956+0000] GC(1100)   Merge Heap Roots: 0.1ms
[2025-08-01T03:50:11.956+0000] GC(1100)   Evacuate Collection Set: 40.3ms
[2025-08-01T03:50:11.956+0000] GC(1100)   Post Evacuate Collection Set: 1.2ms
[2025-08-01T03:50:11.956+0000] GC(1100)   Other: 0.1ms
[2025-08-01T03:50:11.956+0000] GC(1100) Eden regions: 89->0(84)
[2025-08-01T03:50:11.956+0000] GC(1100) Survivor regions: 13->13(13)
[2025-08-01T03:50:11.956+0000] GC(1100) Old regions: 1844->1938
[2025-08-01T03:50:11.956+0000] GC(1100) Humongous regions: 0->0
[2025-08-01T03:50:11.956+0000] GC(1100) Metaspace: 10593K(10816K)->10593K(10816K) NonClass: 9335K(9472K)->9335K(9472K) Class: 1258K(1344K)->1258K(1344K)
[2025-08-01T03:50:11.956+0000] GC(1100) Pause Young (Normal) (G1 Evacuation Pause) (Evacuation Failure) 3890M->3901M(4096M) 42.826ms
[2025-08-01T03:50:11.956+0000] GC(1100) User=0.28s Sys=0.00s Real=0.04s
[2025-08-01T03:50:11.974+0000] GC(1101) Pause Young (Normal) (G1 Evacuation Pause)
[2025-08-01T03:50:11.974+0000] GC(1101) Using 8 workers of 8 for evacuation
[2025-08-01T03:50:11.999+0000] GC(1101)   Pre Evacuate Collection Set: 0.8ms
[2025-08-01T03:50:11.999+0000] GC(1101)   Merge Heap Roots: 0.2ms
[2025-08-01T03:50:11.999+0000] GC(1101)   Evacuate Collection Set: 16.9ms
[2025-08-01T03:50:11.999+0000] GC(1101)   Post Evacuate Collection Set: 7.0ms
[2025-08-01T03:50:11.999+0000] GC(1101)   Other: 0.1ms
[2025-08-01T03:50:11.999+0000] GC(1101) Eden regions: 84->0(0)
[2025-08-01T03:50:11.999+0000] GC(1101) Survivor regions: 13->7(13)
[2025-08-01T03:50:11.999+0000] GC(1101) Old regions: 1938->2041
[2025-08-01T03:50:11.999+0000] GC(1101) Humongous regions: 0->0
[2025-08-01T03:50:11.999+0000] GC(1101) Metaspace: 10593K(10816K)->10593K(10816K) NonClass: 9335K(9472K)->9335K(9472K) Class: 1258K(1344K)->1258K(1344K)
[2025-08-01T03:50:11.999+0000] GC(1101) Pause Young (Normal) (G1 Evacuation Pause) (Evacuation Failure) 4069M->4095M(4096M) 25.387ms
[2025-08-01T03:50:11.999+0000] GC(1101) User=0.17s Sys=0.01s Real=0.02s
[2025-08-01T03:50:12.000+0000] Attempting full compaction
[2025-08-01T03:50:12.000+0000] GC(1102) Pause Full (G1 Compaction Pause)
[2025-08-01T03:50:12.000+0000] GC(1102) Using 8 workers of 8 for full compaction
[2025-08-01T03:50:12.005+0000] GC(1102) Phase 1: Mark live objects
[2025-08-01T03:50:12.047+0000] GC(1102) Phase 1: Mark live objects 42.429ms
[2025-08-01T03:50:12.047+0000] GC(1102) Phase 2: Prepare compaction
[2025-08-01T03:50:12.059+0000] GC(1102) Phase 2: Prepare compaction 12.042ms
[2025-08-01T03:50:12.059+0000] GC(1102) Phase 3: Adjust pointers
[2025-08-01T03:50:12.098+0000] GC(1102) Phase 3: Adjust pointers 39.360ms
[2025-08-01T03:50:12.099+0000] GC(1102) Phase 4: Compact heap
[2025-08-01T03:50:12.144+0000] GC(1102) Phase 4: Compact heap 45.356ms
[2025-08-01T03:50:12.144+0000] GC(1102) Phase 5: Reset Metadata
[2025-08-01T03:50:12.176+0000] GC(1102) Phase 5: Reset Metadata 32.202ms
[2025-08-01T03:50:12.187+0000] GC(1102) Eden regions: 0->0(452)
[2025-08-01T03:50:12.187+0000] GC(1102) Survivor regions: 7->0(13)
[2025-08-01T03:50:12.187+0000] GC(1102) Old regions: 2041->416
[2025-08-01T03:50:12.187+0000] GC(1102) Humongous regions: 0->0
[2025-08-01T03:50:12.187+0000] GC(1102) Metaspace: 10593K(10816K)->10593K(10816K) NonClass: 9335K(9472K)->9335K(9472K) Class: 1258K(1344K)->1258K(1344K)
[2025-08-01T03:50:12.187+0000] GC(1102) Pause Full (G1 Compaction Pause) 4095M->821M(4096M) 187.129ms
[2025-08-01T03:50:12.187+0000] GC(1102) User=1.32s Sys=0.03s Real=0.19s
[2025-08-01T03:50:12.187+0000] GC(1096) Concurrent Mark From Roots 468.953ms
[2025-08-01T03:50:12.187+0000] GC(1096) Concurrent Mark Abort
[2025-08-01T03:50:12.187+0000] GC(1096) Concurrent Mark Cycle 519.855ms
[2025-08-01T03:50:12.357+0000] GC(1103) Pause Young (Normal) (G1 Evacuation Pause)
[2025-08-01T03:50:12.357+0000] GC(1103) Using 8 workers of 8 for evacuation
[2025-08-01T03:50:12.497+0000] GC(1103)   Pre Evacuate Collection Set: 0.9ms
[2025-08-01T03:50:12.497+0000] GC(1103)   Merge Heap Roots: 0.2ms
[2025-08-01T03:50:12.497+0000] GC(1103)   Evacuate Collection Set: 137.0ms
[2025-08-01T03:50:12.497+0000] GC(1103)   Post Evacuate Collection Set: 1.2ms
[2025-08-01T03:50:12.497+0000] GC(1103)   Other: 0.1ms
[2025-08-01T03:50:12.497+0000] GC(1103) Eden regions: 449->0(395)
[2025-08-01T03:50:12.497+0000] GC(1103) Survivor regions: 0->57(57)
[2025-08-01T03:50:12.497+0000] GC(1103) Old regions: 416->759
[2025-08-01T03:50:12.497+0000] GC(1103) Humongous regions: 0->0
[2025-08-01T03:50:12.497+0000] GC(1103) Metaspace: 10593K(10816K)->10593K(10816K) NonClass: 9335K(9472K)->9335K(9472K) Class: 1258K(1344K)->1258K(1344K)
[2025-08-01T03:50:12.497+0000] GC(1103) Pause Young (Normal) (G1 Evacuation Pause) 1719M->1621M(4096M) 139.779ms
[2025-08-01T03:50:12.497+0000] GC(1103) User=1.07s Sys=0.03s Real=0.14s
[2025-08-01T03:50:12.665+0000] GC(1104) Pause Young (Concurrent Start) (G1 Evacuation Pause)
[2025-08-01T03:50:12.665+0000] GC(1104) Using 8 workers of 8 for evacuation
[2025-08-01T03:50:12.861+0000] GC(1104)   Pre Evacuate Collection Set: 1.0ms
[2025-08-01T03:50:12.861+0000] GC(1104)   Merge Heap Roots: 1.4ms
[2025-08-01T03:50:12.861+0000] GC(1104)   Evacuate Collection Set: 192.1ms
[2025-08-01T03:50:12.861+0000] GC(1104)   Post Evacuate Collection Set: 1.2ms
[2025-08-01T03:50:12.862+0000] GC(1104)   Other: 0.4ms
[2025-08-01T03:50:12.862+0000] GC(1104) Eden regions: 395->0(324)
[2025-08-01T03:50:12.862+0000] GC(1104) Survivor regions: 57->57(57)
[2025-08-01T03:50:12.862+0000] GC(1104) Old regions: 759->989
[2025-08-01T03:50:12.862+0000] GC(1104) Humongous regions: 0->0
[2025-08-01T03:50:12.862+0000] GC(1104) Metaspace: 10593K(10816K)->10593K(10816K) NonClass: 9335K(9472K)->9335K(9472K) Class: 1258K(1344K)->1258K(1344K)
[2025-08-01T03:50:12.862+0000] GC(1104) Pause Young (Concurrent Start) (G1 Evacuation Pause) 2411M->2081M(4096M) 196.455ms
[2025-08-01T03:50:12.862+0000] GC(1104) User=1.45s Sys=0.06s Real=0.19s
[2025-08-01T03:50:12.862+0000] GC(1105) Concurrent Mark Cycle
[2025-08-01T03:50:12.862+0000] GC(1105) Concurrent Scan Root Regions
[2025-08-01T03:50:12.918+0000] GC(1105) Concurrent Scan Root Regions 56.331ms
[2025-08-01T03:50:12.918+0000] GC(1105) Concurrent Mark
[2025-08-01T03:50:12.918+0000] GC(1105) Concurrent Mark From Roots
[2025-08-01T03:50:12.918+0000] GC(1105) Using 2 workers of 2 for marking
[2025-08-01T03:50:12.958+0000] GC(1105) Concurrent Mark From Roots 39.876ms
[2025-08-01T03:50:12.958+0000] GC(1105) Concurrent Preclean
[2025-08-01T03:50:12.958+0000] GC(1105) Concurrent Preclean 0.028ms
[2025-08-01T03:50:12.959+0000] GC(1105) Pause Remark
[2025-08-01T03:50:12.965+0000] GC(1105) Pause Remark 2597M->1331M(4096M) 5.211ms
[2025-08-01T03:50:12.965+0000] GC(1105) User=0.02s Sys=0.01s Real=0.01s
[2025-08-01T03:50:12.965+0000] GC(1105) Concurrent Mark 46.625ms
[2025-08-01T03:50:12.965+0000] GC(1105) Concurrent Rebuild Remembered Sets and Scrub Regions
[2025-08-01T03:50:13.020+0000] GC(1106) Pause Young (Normal) (G1 Evacuation Pause)
[2025-08-01T03:50:13.020+0000] GC(1106) Using 8 workers of 8 for evacuation
[2025-08-01T03:50:13.133+0000] GC(1106)   Pre Evacuate Collection Set: 0.8ms
[2025-08-01T03:50:13.133+0000] GC(1106)   Merge Heap Roots: 0.3ms
[2025-08-01T03:50:13.133+0000] GC(1106)   Evacuate Collection Set: 110.6ms
[2025-08-01T03:50:13.133+0000] GC(1106)   Post Evacuate Collection Set: 1.1ms
[2025-08-01T03:50:13.133+0000] GC(1106)   Other: 0.1ms
[2025-08-01T03:50:13.133+0000] GC(1106) Eden regions: 324->0(382)
[2025-08-01T03:50:13.133+0000] GC(1106) Survivor regions: 57->48(48)
[2025-08-01T03:50:13.133+0000] GC(1106) Old regions: 351->619
[2025-08-01T03:50:13.133+0000] GC(1106) Humongous regions: 0->0
[2025-08-01T03:50:13.133+0000] GC(1106) Metaspace: 10593K(10816K)->10593K(10816K) NonClass: 9335K(9472K)->9335K(9472K) Class: 1258K(1344K)->1258K(1344K)
[2025-08-01T03:50:13.133+0000] GC(1106) Pause Young (Normal) (G1 Evacuation Pause) 1463M->1333M(4096M) 113.256ms
[2025-08-01T03:50:13.133+0000] GC(1106) User=0.84s Sys=0.04s Real=0.11s
[2025-08-01T03:50:13.158+0000] GC(1105) Concurrent Rebuild Remembered Sets and Scrub Regions 192.936ms
[2025-08-01T03:50:13.158+0000] GC(1105) Pause Cleanup
[2025-08-01T03:50:13.159+0000] GC(1105) Pause Cleanup 1566M->1566M(4096M) 0.749ms
[2025-08-01T03:50:13.159+0000] GC(1105) User=0.00s Sys=0.00s Real=0.00s
[2025-08-01T03:50:13.159+0000] GC(1105) Concurrent Clear Claimed Marks
[2025-08-01T03:50:13.159+0000] GC(1105) Concurrent Clear Claimed Marks 0.032ms
[2025-08-01T03:50:13.159+0000] GC(1105) Concurrent Cleanup for Next Mark
[2025-08-01T03:50:13.168+0000] GC(1105) Concurrent Cleanup for Next Mark 8.652ms
[2025-08-01T03:50:13.168+0000] GC(1105) Concurrent Mark Cycle 306.041ms
[2025-08-01T03:50:13.291+0000] GC(1107) Pause Young (Prepare Mixed) (G1 Evacuation Pause)
[2025-08-01T03:50:13.292+0000] GC(1107) Using 8 workers of 8 for evacuation
[2025-08-01T03:50:13.389+0000] GC(1107)   Pre Evacuate Collection Set: 2.0ms
[2025-08-01T03:50:13.389+0000] GC(1107)   Merge Heap Roots: 1.3ms
[2025-08-01T03:50:13.389+0000] GC(1107)   Evacuate Collection Set: 92.4ms
[2025-08-01T03:50:13.389+0000] GC(1107)   Post Evacuate Collection Set: 1.4ms
[2025-08-01T03:50:13.389+0000] GC(1107)   Other: 0.1ms
[2025-08-01T03:50:13.389+0000] GC(1107) Eden regions: 381->0(342)
[2025-08-01T03:50:13.389+0000] GC(1107) Survivor regions: 48->54(54)
[2025-08-01T03:50:13.389+0000] GC(1107) Old regions: 619->813
[2025-08-01T03:50:13.389+0000] GC(1107) Humongous regions: 0->0
[2025-08-01T03:50:13.389+0000] GC(1107) Metaspace: 10593K(10816K)->10593K(10816K) NonClass: 9335K(9472K)->9335K(9472K) Class: 1258K(1344K)->1258K(1344K)
[2025-08-01T03:50:13.389+0000] GC(1107) Pause Young (Prepare Mixed) (G1 Evacuation Pause) 2095M->1733M(4096M) 97.603ms
[2025-08-01T03:50:13.389+0000] GC(1107) User=0.71s Sys=0.03s Real=0.10s
[2025-08-01T03:50:13.554+0000] GC(1108) Pause Young (Mixed) (G1 Evacuation Pause)
[2025-08-01T03:50:13.554+0000] GC(1108) Using 8 workers of 8 for evacuation
[2025-08-01T03:50:13.746+0000] GC(1108)   Pre Evacuate Collection Set: 1.1ms
[2025-08-01T03:50:13.747+0000] GC(1108)   Merge Heap Roots: 0.5ms
[2025-08-01T03:50:13.747+0000] GC(1108)   Evacuate Collection Set: 189.7ms
[2025-08-01T03:50:13.747+0000] GC(1108)   Post Evacuate Collection Set: 1.3ms
[2025-08-01T03:50:13.747+0000] GC(1108)   Other: 0.2ms
[2025-08-01T03:50:13.747+0000] GC(1108) Eden regions: 341->0(287)
[2025-08-01T03:50:13.747+0000] GC(1108) Survivor regions: 54->50(50)
[2025-08-01T03:50:13.747+0000] GC(1108) Old regions: 813->1116
[2025-08-01T03:50:13.747+0000] GC(1108) Humongous regions: 0->0
[2025-08-01T03:50:13.747+0000] GC(1108) Metaspace: 10593K(10816K)->10593K(10816K) NonClass: 9335K(9472K)->9335K(9472K) Class: 1258K(1344K)->1258K(1344K)
[2025-08-01T03:50:13.747+0000] GC(1108) Pause Young (Mixed) (G1 Evacuation Pause) 2415M->2331M(4096M) 193.125ms
[2025-08-01T03:50:13.747+0000] GC(1108) User=1.44s Sys=0.06s Real=0.19s
[2025-08-01T03:50:13.852+0000] GC(1109) Pause Young (Concurrent Start) (G1 Evacuation Pause)
[2025-08-01T03:50:13.852+0000] GC(1109) Using 8 workers of 8 for evacuation
[2025-08-01T03:50:13.983+0000] GC(1109)   Pre Evacuate Collection Set: 1.4ms
[2025-08-01T03:50:13.983+0000] GC(1109)   Merge Heap Roots: 0.5ms
[2025-08-01T03:50:13.983+0000] GC(1109)   Evacuate Collection Set: 127.0ms
[2025-08-01T03:50:13.983+0000] GC(1109)   Post Evacuate Collection Set: 1.1ms
[2025-08-01T03:50:13.983+0000] GC(1109)   Other: 0.3ms
[2025-08-01T03:50:13.983+0000] GC(1109) Eden regions: 287->0(215)
[2025-08-01T03:50:13.983+0000] GC(1109) Survivor regions: 50->43(43)
[2025-08-01T03:50:13.983+0000] GC(1109) Old regions: 1116->1332
[2025-08-01T03:50:13.983+0000] GC(1109) Humongous regions: 0->0
[2025-08-01T03:50:13.983+0000] GC(1109) Metaspace: 10593K(10816K)->10593K(10816K) NonClass: 9335K(9472K)->9335K(9472K) Class: 1258K(1344K)->1258K(1344K)
[2025-08-01T03:50:13.983+0000] GC(1109) Pause Young (Concurrent Start) (G1 Evacuation Pause) 2905M->2748M(4096M) 130.576ms
[2025-08-01T03:50:13.983+0000] GC(1109) User=0.95s Sys=0.04s Real=0.13s
[2025-08-01T03:50:13.983+0000] GC(1110) Concurrent Mark Cycle
[2025-08-01T03:50:13.983+0000] GC(1110) Concurrent Scan Root Regions
[2025-08-01T03:50:14.033+0000] GC(1110) Concurrent Scan Root Regions 49.619ms
[2025-08-01T03:50:14.033+0000] GC(1110) Concurrent Mark
[2025-08-01T03:50:14.033+0000] GC(1110) Concurrent Mark From Roots
[2025-08-01T03:50:14.033+0000] GC(1110) Using 2 workers of 2 for marking
[2025-08-01T03:50:14.073+0000] GC(1111) Pause Young (Normal) (G1 Evacuation Pause)
[2025-08-01T03:50:14.073+0000] GC(1111) Using 8 workers of 8 for evacuation
[2025-08-01T03:50:14.150+0000] GC(1111)   Pre Evacuate Collection Set: 1.0ms
[2025-08-01T03:50:14.150+0000] GC(1111)   Merge Heap Roots: 0.3ms
[2025-08-01T03:50:14.150+0000] GC(1111)   Evacuate Collection Set: 74.9ms
[2025-08-01T03:50:14.150+0000] GC(1111)   Post Evacuate Collection Set: 1.2ms
[2025-08-01T03:50:14.150+0000] GC(1111)   Other: 0.1ms
[2025-08-01T03:50:14.151+0000] GC(1111) Eden regions: 215->0(153)
[2025-08-01T03:50:14.151+0000] GC(1111) Survivor regions: 43->33(33)
[2025-08-01T03:50:14.151+0000] GC(1111) Old regions: 1332->1525
[2025-08-01T03:50:14.151+0000] GC(1111) Humongous regions: 0->0
[2025-08-01T03:50:14.151+0000] GC(1111) Metaspace: 10593K(10816K)->10593K(10816K) NonClass: 9335K(9472K)->9335K(9472K) Class: 1258K(1344K)->1258K(1344K)
[2025-08-01T03:50:14.151+0000] GC(1111) Pause Young (Normal) (G1 Evacuation Pause) 3178M->3114M(4096M) 77.726ms
[2025-08-01T03:50:14.151+0000] GC(1111) User=0.58s Sys=0.02s Real=0.07s
[2025-08-01T03:50:14.223+0000] GC(1110) Concurrent Mark From Roots 190.139ms
[2025-08-01T03:50:14.223+0000] GC(1110) Concurrent Preclean
[2025-08-01T03:50:14.223+0000] GC(1110) Concurrent Preclean 0.030ms
[2025-08-01T03:50:14.224+0000] GC(1110) Pause Remark
[2025-08-01T03:50:14.227+0000] GC(1110) Pause Remark 3378M->1932M(4096M) 3.066ms
[2025-08-01T03:50:14.227+0000] GC(1110) User=0.01s Sys=0.00s Real=0.00s
[2025-08-01T03:50:14.227+0000] GC(1110) Concurrent Mark 193.999ms
[2025-08-01T03:50:14.227+0000] GC(1110) Concurrent Rebuild Remembered Sets and Scrub Regions
[2025-08-01T03:50:14.231+0000] GC(1112) Pause Young (Normal) (G1 Evacuation Pause)
[2025-08-01T03:50:14.231+0000] GC(1112) Using 8 workers of 8 for evacuation
[2025-08-01T03:50:14.283+0000] GC(1112)   Pre Evacuate Collection Set: 0.7ms
[2025-08-01T03:50:14.283+0000] GC(1112)   Merge Heap Roots: 0.2ms
[2025-08-01T03:50:14.283+0000] GC(1112)   Evacuate Collection Set: 49.7ms
[2025-08-01T03:50:14.283+0000] GC(1112)   Post Evacuate Collection Set: 1.0ms
[2025-08-01T03:50:14.283+0000] GC(1112)   Other: 0.1ms
[2025-08-01T03:50:14.283+0000] GC(1112) Eden regions: 153->0(354)
[2025-08-01T03:50:14.283+0000] GC(1112) Survivor regions: 33->24(24)
[2025-08-01T03:50:14.283+0000] GC(1112) Old regions: 802->940
[2025-08-01T03:50:14.283+0000] GC(1112) Humongous regions: 0->0
[2025-08-01T03:50:14.283+0000] GC(1112) Metaspace: 10593K(10816K)->10593K(10816K) NonClass: 9335K(9472K)->9335K(9472K) Class: 1258K(1344K)->1258K(1344K)
[2025-08-01T03:50:14.283+0000] GC(1112) Pause Young (Normal) (G1 Evacuation Pause) 1974M->1926M(4096M) 52.070ms
[2025-08-01T03:50:14.283+0000] GC(1112) User=0.38s Sys=0.00s Real=0.06s
[2025-08-01T03:50:14.452+0000] GC(1113) Pause Young (Normal) (G1 Evacuation Pause)
[2025-08-01T03:50:14.452+0000] GC(1113) Using 8 workers of 8 for evacuation
[2025-08-01T03:50:14.585+0000] GC(1113)   Pre Evacuate Collection Set: 0.9ms
[2025-08-01T03:50:14.585+0000] GC(1113)   Merge Heap Roots: 0.4ms
[2025-08-01T03:50:14.585+0000] GC(1113)   Evacuate Collection Set: 130.3ms
[2025-08-01T03:50:14.585+0000] GC(1113)   Post Evacuate Collection Set: 1.0ms
[2025-08-01T03:50:14.585+0000] GC(1113)   Other: 0.3ms
[2025-08-01T03:50:14.585+0000] GC(1113) Eden regions: 354->0(235)
[2025-08-01T03:50:14.585+0000] GC(1113) Survivor regions: 24->48(48)
[2025-08-01T03:50:14.585+0000] GC(1113) Old regions: 940->1253
[2025-08-01T03:50:14.585+0000] GC(1113) Humongous regions: 0->0
[2025-08-01T03:50:14.585+0000] GC(1113) Metaspace: 10593K(10816K)->10593K(10816K) NonClass: 9335K(9472K)->9335K(9472K) Class: 1258K(1344K)->1258K(1344K)
[2025-08-01T03:50:14.585+0000] GC(1113) Pause Young (Normal) (G1 Evacuation Pause) 2634M->2601M(4096M) 133.124ms
[2025-08-01T03:50:14.585+0000] GC(1113) User=1.00s Sys=0.03s Real=0.14s
[2025-08-01T03:50:14.601+0000] GC(1110) Concurrent Rebuild Remembered Sets and Scrub Regions 374.352ms
[2025-08-01T03:50:14.602+0000] GC(1110) Pause Cleanup
[2025-08-01T03:50:14.602+0000] GC(1110) Pause Cleanup 2716M->2716M(4096M) 0.940ms
[2025-08-01T03:50:14.603+0000] GC(1110) User=0.00s Sys=0.00s Real=0.00s
[2025-08-01T03:50:14.603+0000] GC(1110) Concurrent Clear Claimed Marks
[2025-08-01T03:50:14.603+0000] GC(1110) Concurrent Clear Claimed Marks 0.040ms
[2025-08-01T03:50:14.603+0000] GC(1110) Concurrent Cleanup for Next Mark
[2025-08-01T03:50:14.611+0000] GC(1110) Concurrent Cleanup for Next Mark 7.717ms
[2025-08-01T03:50:14.611+0000] GC(1110) Concurrent Mark Cycle 627.630ms
[2025-08-01T03:50:14.679+0000] GC(1114) Pause Young (Prepare Mixed) (G1 Evacuation Pause)
[2025-08-01T03:50:14.679+0000] GC(1114) Using 8 workers of 8 for evacuation
[2025-08-01T03:50:14.756+0000] GC(1114)   Pre Evacuate Collection Set: 1.0ms
[2025-08-01T03:50:14.756+0000] GC(1114)   Merge Heap Roots: 0.2ms
[2025-08-01T03:50:14.756+0000] GC(1114)   Evacuate Collection Set: 73.5ms
[2025-08-01T03:50:14.756+0000] GC(1114)   Post Evacuate Collection Set: 1.5ms
[2025-08-01T03:50:14.756+0000] GC(1114)   Other: 0.1ms
[2025-08-01T03:50:14.756+0000] GC(1114) Eden regions: 235->0(191)
[2025-08-01T03:50:14.756+0000] GC(1114) Survivor regions: 48->36(36)
[2025-08-01T03:50:14.756+0000] GC(1114) Old regions: 1253->1415
[2025-08-01T03:50:14.756+0000] GC(1114) Humongous regions: 0->0
[2025-08-01T03:50:14.756+0000] GC(1114) Metaspace: 10593K(10816K)->10593K(10816K) NonClass: 9335K(9472K)->9335K(9472K) Class: 1258K(1344K)->1258K(1344K)
[2025-08-01T03:50:14.756+0000] GC(1114) Pause Young (Prepare Mixed) (G1 Evacuation Pause) 3071M->2901M(4096M) 76.742ms
[2025-08-01T03:50:14.756+0000] GC(1114) User=0.57s Sys=0.02s Real=0.08s
[2025-08-01T03:50:14.840+0000] GC(1115) Pause Young (Mixed) (G1 Evacuation Pause)
[2025-08-01T03:50:14.840+0000] GC(1115) Using 8 workers of 8 for evacuation
[2025-08-01T03:50:14.905+0000] GC(1115)   Pre Evacuate Collection Set: 1.6ms
[2025-08-01T03:50:14.905+0000] GC(1115)   Merge Heap Roots: 0.4ms
[2025-08-01T03:50:14.905+0000] GC(1115)   Evacuate Collection Set: 61.7ms
[2025-08-01T03:50:14.905+0000] GC(1115)   Post Evacuate Collection Set: 1.1ms
[2025-08-01T03:50:14.905+0000] GC(1115)   Other: 0.1ms
[2025-08-01T03:50:14.905+0000] GC(1115) Eden regions: 191->0(157)
[2025-08-01T03:50:14.905+0000] GC(1115) Survivor regions: 36->29(29)
[2025-08-01T03:50:14.905+0000] GC(1115) Old regions: 1415->1529
[2025-08-01T03:50:14.905+0000] GC(1115) Humongous regions: 0->0
[2025-08-01T03:50:14.905+0000] GC(1115) Metaspace: 10593K(10816K)->10593K(10816K) NonClass: 9335K(9472K)->9335K(9472K) Class: 1258K(1344K)->1258K(1344K)
[2025-08-01T03:50:14.905+0000] GC(1115) Pause Young (Mixed) (G1 Evacuation Pause) 3283M->3115M(4096M) 65.200ms
[2025-08-01T03:50:14.905+0000] GC(1115) User=0.46s Sys=0.02s Real=0.07s
[2025-08-01T03:50:14.933+0000] GC(1116) Pause Young (Concurrent Start) (G1 Evacuation Pause)
[2025-08-01T03:50:14.933+0000] GC(1116) Using 8 workers of 8 for evacuation
[2025-08-01T03:50:15.001+0000] GC(1116)   Pre Evacuate Collection Set: 1.3ms
[2025-08-01T03:50:15.001+0000] GC(1116)   Merge Heap Roots: 0.1ms
[2025-08-01T03:50:15.001+0000] GC(1116)   Evacuate Collection Set: 64.4ms
[2025-08-01T03:50:15.001+0000] GC(1116)   Post Evacuate Collection Set: 1.2ms
[2025-08-01T03:50:15.001+0000] GC(1116)   Other: 0.2ms
[2025-08-01T03:50:15.001+0000] GC(1116) Eden regions: 157->0(103)
[2025-08-01T03:50:15.001+0000] GC(1116) Survivor regions: 29->24(24)
[2025-08-01T03:50:15.001+0000] GC(1116) Old regions: 1529->1694
[2025-08-01T03:50:15.001+0000] GC(1116) Humongous regions: 0->0
[2025-08-01T03:50:15.001+0000] GC(1116) Metaspace: 10593K(10816K)->10593K(10816K) NonClass: 9335K(9472K)->9335K(9472K) Class: 1258K(1344K)->1258K(1344K)
[2025-08-01T03:50:15.001+0000] GC(1116) Pause Young (Concurrent Start) (G1 Evacuation Pause) 3429M->3434M(4096M) 67.556ms
[2025-08-01T03:50:15.001+0000] GC(1116) User=0.50s Sys=0.02s Real=0.06s
[2025-08-01T03:50:15.001+0000] GC(1117) Concurrent Mark Cycle
[2025-08-01T03:50:15.001+0000] GC(1117) Concurrent Scan Root Regions
[2025-08-01T03:50:15.035+0000] GC(1117) Concurrent Scan Root Regions 34.143ms
[2025-08-01T03:50:15.035+0000] GC(1117) Concurrent Mark
[2025-08-01T03:50:15.035+0000] GC(1117) Concurrent Mark From Roots
[2025-08-01T03:50:15.035+0000] GC(1117) Using 2 workers of 2 for marking
[2025-08-01T03:50:15.070+0000] GC(1118) Pause Young (Normal) (G1 Evacuation Pause)
[2025-08-01T03:50:15.070+0000] GC(1118) Using 8 workers of 8 for evacuation
[2025-08-01T03:50:15.113+0000] GC(1118)   Pre Evacuate Collection Set: 0.5ms
[2025-08-01T03:50:15.113+0000] GC(1118)   Merge Heap Roots: 0.3ms
[2025-08-01T03:50:15.113+0000] GC(1118)   Evacuate Collection Set: 41.1ms
[2025-08-01T03:50:15.113+0000] GC(1118)   Post Evacuate Collection Set: 0.6ms
[2025-08-01T03:50:15.113+0000] GC(1118)   Other: 0.1ms
[2025-08-01T03:50:15.113+0000] GC(1118) Eden regions: 103->0(86)
[2025-08-01T03:50:15.113+0000] GC(1118) Survivor regions: 24->16(16)
[2025-08-01T03:50:15.113+0000] GC(1118) Old regions: 1694->1800
[2025-08-01T03:50:15.113+0000] GC(1118) Humongous regions: 0->0
[2025-08-01T03:50:15.113+0000] GC(1118) Metaspace: 10593K(10816K)->10593K(10816K) NonClass: 9335K(9472K)->9335K(9472K) Class: 1258K(1344K)->1258K(1344K)
[2025-08-01T03:50:15.113+0000] GC(1118) Pause Young (Normal) (G1 Evacuation Pause) 3640M->3631M(4096M) 42.993ms
[2025-08-01T03:50:15.113+0000] GC(1118) User=0.32s Sys=0.01s Real=0.05s
[2025-08-01T03:50:15.129+0000] GC(1119) Pause Young (Normal) (G1 Evacuation Pause)
[2025-08-01T03:50:15.129+0000] GC(1119) Using 8 workers of 8 for evacuation
[2025-08-01T03:50:15.163+0000] GC(1119)   Pre Evacuate Collection Set: 0.6ms
[2025-08-01T03:50:15.163+0000] GC(1119)   Merge Heap Roots: 0.2ms
[2025-08-01T03:50:15.163+0000] GC(1119)   Evacuate Collection Set: 32.1ms
[2025-08-01T03:50:15.163+0000] GC(1119)   Post Evacuate Collection Set: 0.8ms
[2025-08-01T03:50:15.163+0000] GC(1119)   Other: 0.1ms
[2025-08-01T03:50:15.163+0000] GC(1119) Eden regions: 86->0(89)
[2025-08-01T03:50:15.163+0000] GC(1119) Survivor regions: 16->13(13)
[2025-08-01T03:50:15.163+0000] GC(1119) Old regions: 1800->1891
[2025-08-01T03:50:15.163+0000] GC(1119) Humongous regions: 0->0
[2025-08-01T03:50:15.163+0000] GC(1119) Metaspace: 10593K(10816K)->10593K(10816K) NonClass: 9335K(9472K)->9335K(9472K) Class: 1258K(1344K)->1258K(1344K)
[2025-08-01T03:50:15.163+0000] GC(1119) Pause Young (Normal) (G1 Evacuation Pause) 3803M->3806M(4096M) 34.238ms
[2025-08-01T03:50:15.163+0000] GC(1119) User=0.25s Sys=0.00s Real=0.04s
[2025-08-01T03:50:15.221+0000] GC(1120) Pause Young (Normal) (G1 Evacuation Pause)
[2025-08-01T03:50:15.222+0000] GC(1120) Using 8 workers of 8 for evacuation
[2025-08-01T03:50:15.252+0000] GC(1120)   Pre Evacuate Collection Set: 0.7ms
[2025-08-01T03:50:15.252+0000] GC(1120)   Merge Heap Roots: 0.2ms
[2025-08-01T03:50:15.252+0000] GC(1120)   Evacuate Collection Set: 22.7ms
[2025-08-01T03:50:15.252+0000] GC(1120)   Post Evacuate Collection Set: 6.2ms
[2025-08-01T03:50:15.252+0000] GC(1120)   Other: 0.1ms
[2025-08-01T03:50:15.252+0000] GC(1120) Eden regions: 89->0(18)
[2025-08-01T03:50:15.252+0000] GC(1120) Survivor regions: 13->13(13)
[2025-08-01T03:50:15.252+0000] GC(1120) Old regions: 1891->2004
[2025-08-01T03:50:15.252+0000] GC(1120) Humongous regions: 0->0
[2025-08-01T03:50:15.252+0000] GC(1120) Metaspace: 10593K(10816K)->10593K(10816K) NonClass: 9335K(9472K)->9335K(9472K) Class: 1258K(1344K)->1258K(1344K)
[2025-08-01T03:50:15.252+0000] GC(1120) Pause Young (Normal) (G1 Evacuation Pause) (Evacuation Failure) 3984M->4033M(4096M) 30.249ms
[2025-08-01T03:50:15.252+0000] GC(1120) User=0.22s Sys=0.00s Real=0.03s
[2025-08-01T03:50:15.255+0000] GC(1121) Pause Young (Normal) (G1 Evacuation Pause)
[2025-08-01T03:50:15.255+0000] GC(1121) Using 8 workers of 8 for evacuation
[2025-08-01T03:50:15.266+0000] GC(1121)   Pre Evacuate Collection Set: 0.9ms
[2025-08-01T03:50:15.266+0000] GC(1121)   Merge Heap Roots: 0.2ms
[2025-08-01T03:50:15.266+0000] GC(1121)   Evacuate Collection Set: 7.5ms
[2025-08-01T03:50:15.266+0000] GC(1121)   Post Evacuate Collection Set: 1.9ms
[2025-08-01T03:50:15.266+0000] GC(1121)   Other: 0.1ms
[2025-08-01T03:50:15.266+0000] GC(1121) Eden regions: 18->0(0)
[2025-08-01T03:50:15.266+0000] GC(1121) Survivor regions: 13->4(4)
[2025-08-01T03:50:15.266+0000] GC(1121) Old regions: 2004->2040
[2025-08-01T03:50:15.266+0000] GC(1121) Humongous regions: 0->0
[2025-08-01T03:50:15.266+0000] GC(1121) Metaspace: 10593K(10816K)->10593K(10816K) NonClass: 9335K(9472K)->9335K(9472K) Class: 1258K(1344K)->1258K(1344K)
[2025-08-01T03:50:15.266+0000] GC(1121) Pause Young (Normal) (G1 Evacuation Pause) (Evacuation Failure) 4069M->4087M(4096M) 10.918ms
[2025-08-01T03:50:15.266+0000] GC(1121) User=0.06s Sys=0.00s Real=0.01s
[2025-08-01T03:50:15.266+0000] Attempting full compaction
[2025-08-01T03:50:15.266+0000] GC(1122) Pause Full (G1 Compaction Pause)
[2025-08-01T03:50:15.266+0000] GC(1122) Using 8 workers of 8 for full compaction
[2025-08-01T03:50:15.272+0000] GC(1122) Phase 1: Mark live objects
[2025-08-01T03:50:15.329+0000] GC(1122) Phase 1: Mark live objects 57.881ms
[2025-08-01T03:50:15.330+0000] GC(1122) Phase 2: Prepare compaction
[2025-08-01T03:50:15.342+0000] GC(1122) Phase 2: Prepare compaction 12.577ms
[2025-08-01T03:50:15.342+0000] GC(1122) Phase 3: Adjust pointers
[2025-08-01T03:50:15.390+0000] GC(1122) Phase 3: Adjust pointers 47.452ms
[2025-08-01T03:50:15.390+0000] GC(1122) Phase 4: Compact heap
[2025-08-01T03:50:15.434+0000] GC(1122) Phase 4: Compact heap 44.066ms
[2025-08-01T03:50:15.434+0000] GC(1122) Phase 5: Reset Metadata
[2025-08-01T03:50:15.480+0000] GC(1122) Phase 5: Reset Metadata 46.385ms
[2025-08-01T03:50:15.488+0000] GC(1122) Eden regions: 0->0(470)
[2025-08-01T03:50:15.489+0000] GC(1122) Survivor regions: 4->0(4)
[2025-08-01T03:50:15.489+0000] GC(1122) Old regions: 2040->574
[2025-08-01T03:50:15.489+0000] GC(1122) Humongous regions: 0->0
[2025-08-01T03:50:15.489+0000] GC(1122) Metaspace: 10593K(10816K)->10593K(10816K) NonClass: 9335K(9472K)->9335K(9472K) Class: 1258K(1344K)->1258K(1344K)
[2025-08-01T03:50:15.489+0000] GC(1122) Pause Full (G1 Compaction Pause) 4087M->1138M(4096M) 222.386ms
[2025-08-01T03:50:15.489+0000] GC(1122) User=1.61s Sys=0.03s Real=0.22s
[2025-08-01T03:50:15.489+0000] GC(1117) Concurrent Mark From Roots 453.661ms
[2025-08-01T03:50:15.489+0000] GC(1117) Concurrent Mark Abort
[2025-08-01T03:50:15.489+0000] GC(1117) Concurrent Mark Cycle 487.962ms
[2025-08-01T03:50:15.692+0000] GC(1123) Pause Young (Normal) (G1 Evacuation Pause)
[2025-08-01T03:50:15.692+0000] GC(1123) Using 8 workers of 8 for evacuation
[2025-08-01T03:50:15.821+0000] GC(1123)   Pre Evacuate Collection Set: 0.9ms
[2025-08-01T03:50:15.821+0000] GC(1123)   Merge Heap Roots: 0.4ms
[2025-08-01T03:50:15.821+0000] GC(1123)   Evacuate Collection Set: 125.9ms
[2025-08-01T03:50:15.821+0000] GC(1123)   Post Evacuate Collection Set: 1.4ms
[2025-08-01T03:50:15.821+0000] GC(1123)   Other: 0.2ms
[2025-08-01T03:50:15.821+0000] GC(1123) Eden regions: 470->0(397)
[2025-08-01T03:50:15.821+0000] GC(1123) Survivor regions: 0->59(59)
[2025-08-01T03:50:15.821+0000] GC(1123) Old regions: 574->791
[2025-08-01T03:50:15.822+0000] GC(1123) Humongous regions: 0->0
[2025-08-01T03:50:15.822+0000] GC(1123) Metaspace: 10593K(10816K)->10593K(10816K) NonClass: 9335K(9472K)->9335K(9472K) Class: 1258K(1344K)->1258K(1344K)
[2025-08-01T03:50:15.822+0000] GC(1123) Pause Young (Normal) (G1 Evacuation Pause) 2078M->1690M(4096M) 129.240ms
[2025-08-01T03:50:15.822+0000] GC(1123) User=0.97s Sys=0.03s Real=0.13s
[2025-08-01T03:50:15.985+0000] GC(1124) Pause Young (Concurrent Start) (G1 Evacuation Pause)
[2025-08-01T03:50:15.985+0000] GC(1124) Using 8 workers of 8 for evacuation
[2025-08-01T03:50:16.161+0000] GC(1124)   Pre Evacuate Collection Set: 1.3ms
[2025-08-01T03:50:16.161+0000] GC(1124)   Merge Heap Roots: 0.4ms
[2025-08-01T03:50:16.161+0000] GC(1124)   Evacuate Collection Set: 172.6ms
[2025-08-01T03:50:16.161+0000] GC(1124)   Post Evacuate Collection Set: 1.0ms
[2025-08-01T03:50:16.161+0000] GC(1124)   Other: 0.5ms
[2025-08-01T03:50:16.161+0000] GC(1124) Eden regions: 397->0(282)
[2025-08-01T03:50:16.161+0000] GC(1124) Survivor regions: 59->57(57)
[2025-08-01T03:50:16.161+0000] GC(1124) Old regions: 791->1124
[2025-08-01T03:50:16.161+0000] GC(1124) Humongous regions: 0->0
[2025-08-01T03:50:16.161+0000] GC(1124) Metaspace: 10593K(10816K)->10593K(10816K) NonClass: 9335K(9472K)->9335K(9472K) Class: 1258K(1344K)->1258K(1344K)
[2025-08-01T03:50:16.161+0000] GC(1124) Pause Young (Concurrent Start) (G1 Evacuation Pause) 2484M->2352M(4096M) 176.121ms
[2025-08-01T03:50:16.161+0000] GC(1124) User=1.31s Sys=0.06s Real=0.17s
[2025-08-01T03:50:16.161+0000] GC(1125) Concurrent Mark Cycle
[2025-08-01T03:50:16.161+0000] GC(1125) Concurrent Scan Root Regions
[2025-08-01T03:50:16.227+0000] GC(1125) Concurrent Scan Root Regions 65.437ms
[2025-08-01T03:50:16.227+0000] GC(1125) Concurrent Mark
[2025-08-01T03:50:16.227+0000] GC(1125) Concurrent Mark From Roots
[2025-08-01T03:50:16.227+0000] GC(1125) Using 2 workers of 2 for marking
[2025-08-01T03:50:16.286+0000] GC(1125) Concurrent Mark From Roots 58.708ms
[2025-08-01T03:50:16.286+0000] GC(1125) Concurrent Preclean
[2025-08-01T03:50:16.286+0000] GC(1125) Concurrent Preclean 0.025ms
[2025-08-01T03:50:16.287+0000] GC(1125) Pause Remark
[2025-08-01T03:50:16.291+0000] GC(1125) Pause Remark 2880M->1753M(4096M) 4.368ms
[2025-08-01T03:50:16.291+0000] GC(1125) User=0.02s Sys=0.00s Real=0.00s
[2025-08-01T03:50:16.291+0000] GC(1125) Concurrent Mark 64.280ms
[2025-08-01T03:50:16.291+0000] GC(1125) Concurrent Rebuild Remembered Sets and Scrub Regions
[2025-08-01T03:50:16.299+0000] GC(1126) Pause Young (Normal) (G1 Evacuation Pause)
[2025-08-01T03:50:16.299+0000] GC(1126) Using 8 workers of 8 for evacuation
[2025-08-01T03:50:16.380+0000] GC(1126)   Pre Evacuate Collection Set: 0.9ms
[2025-08-01T03:50:16.380+0000] GC(1126)   Merge Heap Roots: 0.5ms
[2025-08-01T03:50:16.380+0000] GC(1126)   Evacuate Collection Set: 78.4ms
[2025-08-01T03:50:16.380+0000] GC(1126)   Post Evacuate Collection Set: 1.4ms
[2025-08-01T03:50:16.380+0000] GC(1126)   Other: 0.1ms
[2025-08-01T03:50:16.380+0000] GC(1126) Eden regions: 282->0(423)
[2025-08-01T03:50:16.380+0000] GC(1126) Survivor regions: 57->43(43)
[2025-08-01T03:50:16.380+0000] GC(1126) Old regions: 556->739
[2025-08-01T03:50:16.380+0000] GC(1126) Humongous regions: 0->0
[2025-08-01T03:50:16.380+0000] GC(1126) Metaspace: 10593K(10816K)->10593K(10816K) NonClass: 9335K(9472K)->9335K(9472K) Class: 1258K(1344K)->1258K(1344K)
[2025-08-01T03:50:16.380+0000] GC(1126) Pause Young (Normal) (G1 Evacuation Pause) 1789M->1562M(4096M) 81.549ms
[2025-08-01T03:50:16.380+0000] GC(1126) User=0.53s Sys=0.01s Real=0.08s
[2025-08-01T03:50:16.510+0000] GC(1125) Concurrent Rebuild Remembered Sets and Scrub Regions 219.112ms
[2025-08-01T03:50:16.511+0000] GC(1125) Pause Cleanup
[2025-08-01T03:50:16.511+0000] GC(1125) Pause Cleanup 2250M->2250M(4096M) 0.708ms
[2025-08-01T03:50:16.511+0000] GC(1125) User=0.00s Sys=0.00s Real=0.00s
[2025-08-01T03:50:16.511+0000] GC(1125) Concurrent Clear Claimed Marks
[2025-08-01T03:50:16.512+0000] GC(1125) Concurrent Clear Claimed Marks 0.046ms
[2025-08-01T03:50:16.512+0000] GC(1125) Concurrent Cleanup for Next Mark
[2025-08-01T03:50:16.520+0000] GC(1125) Concurrent Cleanup for Next Mark 8.567ms
[2025-08-01T03:50:16.520+0000] GC(1125) Concurrent Mark Cycle 358.779ms
[2025-08-01T03:50:16.561+0000] GC(1127) Pause Young (Prepare Mixed) (G1 Evacuation Pause)
[2025-08-01T03:50:16.561+0000] GC(1127) Using 8 workers of 8 for evacuation
[2025-08-01T03:50:16.717+0000] GC(1127)   Pre Evacuate Collection Set: 0.9ms
[2025-08-01T03:50:16.717+0000] GC(1127)   Merge Heap Roots: 0.2ms
[2025-08-01T03:50:16.717+0000] GC(1127)   Evacuate Collection Set: 153.9ms
[2025-08-01T03:50:16.717+0000] GC(1127)   Post Evacuate Collection Set: 1.0ms
[2025-08-01T03:50:16.717+0000] GC(1127)   Other: 0.1ms
[2025-08-01T03:50:16.717+0000] GC(1127) Eden regions: 423->0(292)
[2025-08-01T03:50:16.717+0000] GC(1127) Survivor regions: 43->59(59)
[2025-08-01T03:50:16.717+0000] GC(1127) Old regions: 739->1089
[2025-08-01T03:50:16.717+0000] GC(1127) Humongous regions: 0->0
[2025-08-01T03:50:16.717+0000] GC(1127) Metaspace: 10593K(10816K)->10593K(10816K) NonClass: 9335K(9472K)->9335K(9472K) Class: 1258K(1344K)->1258K(1344K)
[2025-08-01T03:50:16.717+0000] GC(1127) Pause Young (Prepare Mixed) (G1 Evacuation Pause) 2408M->2294M(4096M) 156.296ms
[2025-08-01T03:50:16.717+0000] GC(1127) User=1.18s Sys=0.04s Real=0.16s
[2025-08-01T03:50:16.858+0000] GC(1128) Pause Young (Mixed) (G1 Evacuation Pause)
[2025-08-01T03:50:16.858+0000] GC(1128) Using 8 workers of 8 for evacuation
[2025-08-01T03:50:17.019+0000] GC(1128)   Pre Evacuate Collection Set: 1.2ms
[2025-08-01T03:50:17.019+0000] GC(1128)   Merge Heap Roots: 2.6ms
[2025-08-01T03:50:17.019+0000] GC(1128)   Evacuate Collection Set: 155.0ms
[2025-08-01T03:50:17.019+0000] GC(1128)   Post Evacuate Collection Set: 1.7ms
[2025-08-01T03:50:17.019+0000] GC(1128)   Other: 0.2ms
[2025-08-01T03:50:17.019+0000] GC(1128) Eden regions: 292->0(253)
[2025-08-01T03:50:17.019+0000] GC(1128) Survivor regions: 59->44(44)
[2025-08-01T03:50:17.019+0000] GC(1128) Old regions: 1089->1243
[2025-08-01T03:50:17.019+0000] GC(1128) Humongous regions: 0->0
[2025-08-01T03:50:17.019+0000] GC(1128) Metaspace: 10593K(10816K)->10593K(10816K) NonClass: 9335K(9472K)->9335K(9472K) Class: 1258K(1344K)->1258K(1344K)
[2025-08-01T03:50:17.019+0000] GC(1128) Pause Young (Mixed) (G1 Evacuation Pause) 2878M->2572M(4096M) 161.191ms
[2025-08-01T03:50:17.019+0000] GC(1128) User=1.11s Sys=0.06s Real=0.16s
[2025-08-01T03:50:17.130+0000] GC(1129) Pause Young (Concurrent Start) (G1 Evacuation Pause)
[2025-08-01T03:50:17.130+0000] GC(1129) Using 8 workers of 8 for evacuation
[2025-08-01T03:50:17.214+0000] GC(1129)   Pre Evacuate Collection Set: 1.2ms
[2025-08-01T03:50:17.214+0000] GC(1129)   Merge Heap Roots: 0.3ms
[2025-08-01T03:50:17.214+0000] GC(1129)   Evacuate Collection Set: 82.2ms
[2025-08-01T03:50:17.214+0000] GC(1129)   Post Evacuate Collection Set: 0.9ms
[2025-08-01T03:50:17.215+0000] GC(1129)   Other: 0.3ms
[2025-08-01T03:50:17.215+0000] GC(1129) Eden regions: 253->0(180)
[2025-08-01T03:50:17.215+0000] GC(1129) Survivor regions: 44->38(38)
[2025-08-01T03:50:17.215+0000] GC(1129) Old regions: 1243->1447
[2025-08-01T03:50:17.215+0000] GC(1129) Humongous regions: 0->0
[2025-08-01T03:50:17.215+0000] GC(1129) Metaspace: 10593K(10816K)->10593K(10816K) NonClass: 9335K(9472K)->9335K(9472K) Class: 1258K(1344K)->1258K(1344K)
[2025-08-01T03:50:17.215+0000] GC(1129) Pause Young (Concurrent Start) (G1 Evacuation Pause) 3078M->2968M(4096M) 85.101ms
[2025-08-01T03:50:17.215+0000] GC(1129) User=0.64s Sys=0.02s Real=0.09s
[2025-08-01T03:50:17.215+0000] GC(1130) Concurrent Mark Cycle
[2025-08-01T03:50:17.215+0000] GC(1130) Concurrent Scan Root Regions
[2025-08-01T03:50:17.260+0000] GC(1130) Concurrent Scan Root Regions 45.658ms
[2025-08-01T03:50:17.260+0000] GC(1130) Concurrent Mark
[2025-08-01T03:50:17.260+0000] GC(1130) Concurrent Mark From Roots
[2025-08-01T03:50:17.260+0000] GC(1130) Using 2 workers of 2 for marking
[2025-08-01T03:50:17.293+0000] GC(1131) Pause Young (Normal) (G1 Evacuation Pause)
[2025-08-01T03:50:17.293+0000] GC(1131) Using 8 workers of 8 for evacuation
[2025-08-01T03:50:17.382+0000] GC(1131)   Pre Evacuate Collection Set: 0.8ms
[2025-08-01T03:50:17.382+0000] GC(1131)   Merge Heap Roots: 0.3ms
[2025-08-01T03:50:17.382+0000] GC(1131)   Evacuate Collection Set: 86.8ms
[2025-08-01T03:50:17.382+0000] GC(1131)   Post Evacuate Collection Set: 1.1ms
[2025-08-01T03:50:17.382+0000] GC(1131)   Other: 0.2ms
[2025-08-01T03:50:17.382+0000] GC(1131) Eden regions: 180->0(130)
[2025-08-01T03:50:17.382+0000] GC(1131) Survivor regions: 38->28(28)
[2025-08-01T03:50:17.382+0000] GC(1131) Old regions: 1447->1608
[2025-08-01T03:50:17.382+0000] GC(1131) Humongous regions: 0->0
[2025-08-01T03:50:17.382+0000] GC(1131) Metaspace: 10593K(10816K)->10593K(10816K) NonClass: 9335K(9472K)->9335K(9472K) Class: 1258K(1344K)->1258K(1344K)
[2025-08-01T03:50:17.382+0000] GC(1131) Pause Young (Normal) (G1 Evacuation Pause) 3328M->3271M(4096M) 89.439ms
[2025-08-01T03:50:17.382+0000] GC(1131) User=0.61s Sys=0.04s Real=0.09s
[2025-08-01T03:50:17.434+0000] GC(1130) Concurrent Mark From Roots 173.061ms
[2025-08-01T03:50:17.434+0000] GC(1130) Concurrent Preclean
[2025-08-01T03:50:17.434+0000] GC(1130) Concurrent Preclean 0.027ms
[2025-08-01T03:50:17.434+0000] GC(1130) Pause Remark
[2025-08-01T03:50:17.438+0000] GC(1130) Pause Remark 3475M->1529M(4096M) 3.981ms
[2025-08-01T03:50:17.438+0000] GC(1130) User=0.01s Sys=0.00s Real=0.00s
[2025-08-01T03:50:17.438+0000] GC(1130) Concurrent Mark 177.753ms
[2025-08-01T03:50:17.438+0000] GC(1130) Concurrent Rebuild Remembered Sets and Scrub Regions
[2025-08-01T03:50:17.451+0000] GC(1132) Pause Young (Normal) (G1 Evacuation Pause)
[2025-08-01T03:50:17.452+0000] GC(1132) Using 8 workers of 8 for evacuation
[2025-08-01T03:50:17.516+0000] GC(1132)   Pre Evacuate Collection Set: 1.0ms
[2025-08-01T03:50:17.516+0000] GC(1132)   Merge Heap Roots: 0.2ms
[2025-08-01T03:50:17.516+0000] GC(1132)   Evacuate Collection Set: 62.2ms
[2025-08-01T03:50:17.516+0000] GC(1132)   Post Evacuate Collection Set: 0.8ms
[2025-08-01T03:50:17.516+0000] GC(1132)   Other: 0.1ms
[2025-08-01T03:50:17.516+0000] GC(1132) Eden regions: 130->0(430)
[2025-08-01T03:50:17.516+0000] GC(1132) Survivor regions: 28->20(20)
[2025-08-01T03:50:17.516+0000] GC(1132) Old regions: 635->775
[2025-08-01T03:50:17.516+0000] GC(1132) Humongous regions: 0->0
[2025-08-01T03:50:17.516+0000] GC(1132) Metaspace: 10593K(10816K)->10593K(10816K) NonClass: 9335K(9472K)->9335K(9472K) Class: 1258K(1344K)->1258K(1344K)
[2025-08-01T03:50:17.516+0000] GC(1132) Pause Young (Normal) (G1 Evacuation Pause) 1585M->1589M(4096M) 64.611ms
[2025-08-01T03:50:17.516+0000] GC(1132) User=0.48s Sys=0.02s Real=0.07s
[2025-08-01T03:50:17.650+0000] GC(1130) Concurrent Rebuild Remembered Sets and Scrub Regions 212.093ms
[2025-08-01T03:50:17.651+0000] GC(1130) Pause Cleanup
[2025-08-01T03:50:17.653+0000] GC(1130) Pause Cleanup 2267M->2267M(4096M) 1.165ms
[2025-08-01T03:50:17.653+0000] GC(1130) User=0.00s Sys=0.00s Real=0.00s
[2025-08-01T03:50:17.653+0000] GC(1130) Concurrent Clear Claimed Marks
[2025-08-01T03:50:17.653+0000] GC(1130) Concurrent Clear Claimed Marks 0.055ms
[2025-08-01T03:50:17.653+0000] GC(1130) Concurrent Cleanup for Next Mark
[2025-08-01T03:50:17.662+0000] GC(1130) Concurrent Cleanup for Next Mark 9.362ms
[2025-08-01T03:50:17.662+0000] GC(1130) Concurrent Mark Cycle 447.685ms
[2025-08-01T03:50:17.686+0000] GC(1133) Pause Young (Prepare Mixed) (G1 Evacuation Pause)
[2025-08-01T03:50:17.686+0000] GC(1133) Using 8 workers of 8 for evacuation
[2025-08-01T03:50:17.762+0000] GC(1133)   Pre Evacuate Collection Set: 1.2ms
[2025-08-01T03:50:17.762+0000] GC(1133)   Merge Heap Roots: 0.3ms
[2025-08-01T03:50:17.762+0000] GC(1133)   Evacuate Collection Set: 72.9ms
[2025-08-01T03:50:17.762+0000] GC(1133)   Post Evacuate Collection Set: 1.1ms
[2025-08-01T03:50:17.762+0000] GC(1133)   Other: 0.1ms
[2025-08-01T03:50:17.762+0000] GC(1133) Eden regions: 430->0(335)
[2025-08-01T03:50:17.762+0000] GC(1133) Survivor regions: 20->57(57)
[2025-08-01T03:50:17.762+0000] GC(1133) Old regions: 775->923
[2025-08-01T03:50:17.762+0000] GC(1133) Humongous regions: 0->0
[2025-08-01T03:50:17.762+0000] GC(1133) Metaspace: 10593K(10816K)->10593K(10816K) NonClass: 9335K(9472K)->9335K(9472K) Class: 1258K(1344K)->1258K(1344K)
[2025-08-01T03:50:17.762+0000] GC(1133) Pause Young (Prepare Mixed) (G1 Evacuation Pause) 2449M->1959M(4096M) 75.961ms
[2025-08-01T03:50:17.762+0000] GC(1133) User=0.56s Sys=0.01s Real=0.07s
[2025-08-01T03:50:17.930+0000] GC(1134) Pause Young (Mixed) (G1 Evacuation Pause)
[2025-08-01T03:50:17.930+0000] GC(1134) Using 8 workers of 8 for evacuation
[2025-08-01T03:50:18.055+0000] GC(1134)   Pre Evacuate Collection Set: 1.1ms
[2025-08-01T03:50:18.055+0000] GC(1134)   Merge Heap Roots: 0.1ms
[2025-08-01T03:50:18.055+0000] GC(1134)   Evacuate Collection Set: 122.4ms
[2025-08-01T03:50:18.055+0000] GC(1134)   Post Evacuate Collection Set: 1.0ms
[2025-08-01T03:50:18.055+0000] GC(1134)   Other: 0.1ms
[2025-08-01T03:50:18.055+0000] GC(1134) Eden regions: 333->0(298)
[2025-08-01T03:50:18.055+0000] GC(1134) Survivor regions: 57->49(49)
[2025-08-01T03:50:18.055+0000] GC(1134) Old regions: 923->1139
[2025-08-01T03:50:18.055+0000] GC(1134) Humongous regions: 0->0
[2025-08-01T03:50:18.055+0000] GC(1134) Metaspace: 10593K(10816K)->10593K(10816K) NonClass: 9335K(9472K)->9335K(9472K) Class: 1258K(1344K)->1258K(1344K)
[2025-08-01T03:50:18.055+0000] GC(1134) Pause Young (Mixed) (G1 Evacuation Pause) 2625M->2375M(4096M) 124.976ms
[2025-08-01T03:50:18.055+0000] GC(1134) User=0.92s Sys=0.03s Real=0.13s
[2025-08-01T03:50:18.161+0000] GC(1135) Pause Young (Concurrent Start) (G1 Evacuation Pause)
[2025-08-01T03:50:18.161+0000] GC(1135) Using 8 workers of 8 for evacuation
[2025-08-01T03:50:18.302+0000] GC(1135)   Pre Evacuate Collection Set: 1.3ms
[2025-08-01T03:50:18.302+0000] GC(1135)   Merge Heap Roots: 0.2ms
[2025-08-01T03:50:18.302+0000] GC(1135)   Evacuate Collection Set: 138.5ms
[2025-08-01T03:50:18.302+0000] GC(1135)   Post Evacuate Collection Set: 1.3ms
[2025-08-01T03:50:18.302+0000] GC(1135)   Other: 0.2ms
[2025-08-01T03:50:18.302+0000] GC(1135) Eden regions: 298->0(179)
[2025-08-01T03:50:18.302+0000] GC(1135) Survivor regions: 49->44(44)
[2025-08-01T03:50:18.302+0000] GC(1135) Old regions: 1139->1443
[2025-08-01T03:50:18.302+0000] GC(1135) Humongous regions: 0->0
[2025-08-01T03:50:18.302+0000] GC(1135) Metaspace: 10593K(10816K)->10593K(10816K) NonClass: 9335K(9472K)->9335K(9472K) Class: 1258K(1344K)->1258K(1344K)
[2025-08-01T03:50:18.302+0000] GC(1135) Pause Young (Concurrent Start) (G1 Evacuation Pause) 2971M->2973M(4096M) 141.840ms
[2025-08-01T03:50:18.303+0000] GC(1135) User=1.09s Sys=0.02s Real=0.14s
[2025-08-01T03:50:18.303+0000] GC(1136) Concurrent Mark Cycle
[2025-08-01T03:50:18.303+0000] GC(1136) Concurrent Scan Root Regions
[2025-08-01T03:50:18.378+0000] GC(1136) Concurrent Scan Root Regions 75.838ms
[2025-08-01T03:50:18.379+0000] GC(1136) Concurrent Mark
[2025-08-01T03:50:18.379+0000] GC(1136) Concurrent Mark From Roots
[2025-08-01T03:50:18.379+0000] GC(1136) Using 2 workers of 2 for marking
[2025-08-01T03:50:18.387+0000] GC(1137) Pause Young (Normal) (G1 Evacuation Pause)
[2025-08-01T03:50:18.387+0000] GC(1137) Using 8 workers of 8 for evacuation
[2025-08-01T03:50:18.464+0000] GC(1137)   Pre Evacuate Collection Set: 0.5ms
[2025-08-01T03:50:18.464+0000] GC(1137)   Merge Heap Roots: 0.2ms
[2025-08-01T03:50:18.464+0000] GC(1137)   Evacuate Collection Set: 75.8ms
[2025-08-01T03:50:18.464+0000] GC(1137)   Post Evacuate Collection Set: 1.1ms
[2025-08-01T03:50:18.464+0000] GC(1137)   Other: 0.1ms
[2025-08-01T03:50:18.464+0000] GC(1137) Eden regions: 179->0(128)
[2025-08-01T03:50:18.464+0000] GC(1137) Survivor regions: 44->28(28)
[2025-08-01T03:50:18.464+0000] GC(1137) Old regions: 1443->1610
[2025-08-01T03:50:18.464+0000] GC(1137) Humongous regions: 0->0
[2025-08-01T03:50:18.464+0000] GC(1137) Metaspace: 10593K(10816K)->10593K(10816K) NonClass: 9335K(9472K)->9335K(9472K) Class: 1258K(1344K)->1258K(1344K)
[2025-08-01T03:50:18.464+0000] GC(1137) Pause Young (Normal) (G1 Evacuation Pause) 3331M->3275M(4096M) 77.843ms
[2025-08-01T03:50:18.465+0000] GC(1137) User=0.51s Sys=0.05s Real=0.08s
[2025-08-01T03:50:18.533+0000] GC(1138) Pause Young (Normal) (G1 Evacuation Pause)
[2025-08-01T03:50:18.533+0000] GC(1138) Using 8 workers of 8 for evacuation
[2025-08-01T03:50:18.570+0000] GC(1138)   Pre Evacuate Collection Set: 0.6ms
[2025-08-01T03:50:18.570+0000] GC(1138)   Merge Heap Roots: 0.7ms
[2025-08-01T03:50:18.570+0000] GC(1138)   Evacuate Collection Set: 35.0ms
[2025-08-01T03:50:18.570+0000] GC(1138)   Post Evacuate Collection Set: 0.8ms
[2025-08-01T03:50:18.570+0000] GC(1138)   Other: 0.1ms
[2025-08-01T03:50:18.570+0000] GC(1138) Eden regions: 128->0(104)
[2025-08-01T03:50:18.570+0000] GC(1138) Survivor regions: 28->20(20)
[2025-08-01T03:50:18.570+0000] GC(1138) Old regions: 1610->1701
[2025-08-01T03:50:18.570+0000] GC(1138) Humongous regions: 0->0
[2025-08-01T03:50:18.570+0000] GC(1138) Metaspace: 10593K(10816K)->10593K(10816K) NonClass: 9335K(9472K)->9335K(9472K) Class: 1258K(1344K)->1258K(1344K)
[2025-08-01T03:50:18.570+0000] GC(1138) Pause Young (Normal) (G1 Evacuation Pause) 3531M->3440M(4096M) 37.590ms
[2025-08-01T03:50:18.570+0000] GC(1138) User=0.27s Sys=0.01s Real=0.03s
[2025-08-01T03:50:18.591+0000] GC(1139) Pause Young (Normal) (G1 Evacuation Pause)
[2025-08-01T03:50:18.592+0000] GC(1139) Using 8 workers of 8 for evacuation
[2025-08-01T03:50:18.629+0000] GC(1139)   Pre Evacuate Collection Set: 0.7ms
[2025-08-01T03:50:18.629+0000] GC(1139)   Merge Heap Roots: 0.2ms
[2025-08-01T03:50:18.629+0000] GC(1139)   Evacuate Collection Set: 35.9ms
[2025-08-01T03:50:18.629+0000] GC(1139)   Post Evacuate Collection Set: 1.0ms
[2025-08-01T03:50:18.629+0000] GC(1139)   Other: 0.1ms
[2025-08-01T03:50:18.629+0000] GC(1139) Eden regions: 104->0(86)
[2025-08-01T03:50:18.629+0000] GC(1139) Survivor regions: 20->16(16)
[2025-08-01T03:50:18.630+0000] GC(1139) Old regions: 1701->1811
[2025-08-01T03:50:18.630+0000] GC(1139) Humongous regions: 0->0
[2025-08-01T03:50:18.630+0000] GC(1139) Metaspace: 10593K(10816K)->10593K(10816K) NonClass: 9335K(9472K)->9335K(9472K) Class: 1258K(1344K)->1258K(1344K)
[2025-08-01T03:50:18.630+0000] GC(1139) Pause Young (Normal) (G1 Evacuation Pause) 3648M->3652M(4096M) 38.125ms
[2025-08-01T03:50:18.630+0000] GC(1139) User=0.28s Sys=0.00s Real=0.04s
[2025-08-01T03:50:18.655+0000] GC(1136) Concurrent Mark From Roots 276.751ms
[2025-08-01T03:50:18.655+0000] GC(1136) Concurrent Preclean
[2025-08-01T03:50:18.655+0000] GC(1136) Concurrent Preclean 0.022ms
[2025-08-01T03:50:18.656+0000] GC(1136) Pause Remark
[2025-08-01T03:50:18.658+0000] GC(1136) Pause Remark 3724M->2212M(4096M) 2.481ms
[2025-08-01T03:50:18.658+0000] GC(1136) User=0.00s Sys=0.00s Real=0.00s
[2025-08-01T03:50:18.658+0000] GC(1136) Concurrent Mark 279.608ms
[2025-08-01T03:50:18.658+0000] GC(1136) Concurrent Rebuild Remembered Sets and Scrub Regions
[2025-08-01T03:50:18.694+0000] GC(1140) Pause Young (Normal) (G1 Evacuation Pause)
[2025-08-01T03:50:18.694+0000] GC(1140) Using 8 workers of 8 for evacuation
[2025-08-01T03:50:18.725+0000] GC(1140)   Pre Evacuate Collection Set: 0.6ms
[2025-08-01T03:50:18.725+0000] GC(1140)   Merge Heap Roots: 0.2ms
[2025-08-01T03:50:18.725+0000] GC(1140)   Evacuate Collection Set: 28.6ms
[2025-08-01T03:50:18.725+0000] GC(1140)   Post Evacuate Collection Set: 0.7ms
[2025-08-01T03:50:18.725+0000] GC(1140)   Other: 0.1ms
[2025-08-01T03:50:18.725+0000] GC(1140) Eden regions: 86->0(297)
[2025-08-01T03:50:18.725+0000] GC(1140) Survivor regions: 16->13(13)
[2025-08-01T03:50:18.725+0000] GC(1140) Old regions: 1055->1129
[2025-08-01T03:50:18.725+0000] GC(1140) Humongous regions: 0->0
[2025-08-01T03:50:18.725+0000] GC(1140) Metaspace: 10593K(10816K)->10593K(10816K) NonClass: 9335K(9472K)->9335K(9472K) Class: 1258K(1344K)->1258K(1344K)
[2025-08-01T03:50:18.725+0000] GC(1140) Pause Young (Normal) (G1 Evacuation Pause) 2312M->2282M(4096M) 30.428ms
[2025-08-01T03:50:18.725+0000] GC(1140) User=0.21s Sys=0.00s Real=0.03s
[2025-08-01T03:50:18.828+0000] GC(1141) Pause Young (Normal) (G1 Evacuation Pause)
[2025-08-01T03:50:18.829+0000] GC(1141) Using 8 workers of 8 for evacuation
[2025-08-01T03:50:18.943+0000] GC(1141)   Pre Evacuate Collection Set: 1.1ms
[2025-08-01T03:50:18.943+0000] GC(1141)   Merge Heap Roots: 0.3ms
[2025-08-01T03:50:18.943+0000] GC(1141)   Evacuate Collection Set: 111.5ms
[2025-08-01T03:50:18.943+0000] GC(1141)   Post Evacuate Collection Set: 1.1ms
[2025-08-01T03:50:18.943+0000] GC(1141)   Other: 0.5ms
[2025-08-01T03:50:18.943+0000] GC(1141) Eden regions: 297->0(191)
[2025-08-01T03:50:18.943+0000] GC(1141) Survivor regions: 13->39(39)
[2025-08-01T03:50:18.943+0000] GC(1141) Old regions: 1129->1401
[2025-08-01T03:50:18.943+0000] GC(1141) Humongous regions: 0->0
[2025-08-01T03:50:18.943+0000] GC(1141) Metaspace: 10593K(10816K)->10593K(10816K) NonClass: 9335K(9472K)->9335K(9472K) Class: 1258K(1344K)->1258K(1344K)
[2025-08-01T03:50:18.943+0000] GC(1141) Pause Young (Normal) (G1 Evacuation Pause) 2876M->2879M(4096M) 114.780ms
[2025-08-01T03:50:18.943+0000] GC(1141) User=0.87s Sys=0.02s Real=0.12s
[2025-08-01T03:50:19.026+0000] GC(1142) Pause Young (Normal) (G1 Evacuation Pause)
[2025-08-01T03:50:19.026+0000] GC(1142) Using 8 workers of 8 for evacuation
[2025-08-01T03:50:19.099+0000] GC(1142)   Pre Evacuate Collection Set: 1.3ms
[2025-08-01T03:50:19.099+0000] GC(1142)   Merge Heap Roots: 0.3ms
[2025-08-01T03:50:19.099+0000] GC(1142)   Evacuate Collection Set: 70.6ms
[2025-08-01T03:50:19.099+0000] GC(1142)   Post Evacuate Collection Set: 0.8ms
[2025-08-01T03:50:19.100+0000] GC(1142)   Other: 0.1ms
[2025-08-01T03:50:19.100+0000] GC(1142) Eden regions: 191->0(146)
[2025-08-01T03:50:19.100+0000] GC(1142) Survivor regions: 39->29(29)
[2025-08-01T03:50:19.100+0000] GC(1142) Old regions: 1401->1554
[2025-08-01T03:50:19.100+0000] GC(1142) Humongous regions: 0->0
[2025-08-01T03:50:19.100+0000] GC(1142) Metaspace: 10593K(10816K)->10593K(10816K) NonClass: 9335K(9472K)->9335K(9472K) Class: 1258K(1344K)->1258K(1344K)
[2025-08-01T03:50:19.100+0000] GC(1142) Pause Young (Normal) (G1 Evacuation Pause) 3261M->3165M(4096M) 73.294ms
[2025-08-01T03:50:19.100+0000] GC(1142) User=0.55s Sys=0.01s Real=0.07s
[2025-08-01T03:50:19.130+0000] GC(1136) Concurrent Rebuild Remembered Sets and Scrub Regions 472.206ms
[2025-08-01T03:50:19.131+0000] GC(1136) Pause Cleanup
[2025-08-01T03:50:19.132+0000] GC(1136) Pause Cleanup 3355M->3355M(4096M) 0.994ms
[2025-08-01T03:50:19.132+0000] GC(1136) User=0.01s Sys=0.00s Real=0.00s
[2025-08-01T03:50:19.132+0000] GC(1136) Concurrent Clear Claimed Marks
[2025-08-01T03:50:19.132+0000] GC(1136) Concurrent Clear Claimed Marks 0.040ms
[2025-08-01T03:50:19.132+0000] GC(1136) Concurrent Cleanup for Next Mark
[2025-08-01T03:50:19.140+0000] GC(1136) Concurrent Cleanup for Next Mark 8.439ms
[2025-08-01T03:50:19.140+0000] GC(1136) Concurrent Mark Cycle 837.818ms
[2025-08-01T03:50:19.171+0000] GC(1143) Pause Young (Prepare Mixed) (G1 Evacuation Pause)
[2025-08-01T03:50:19.171+0000] GC(1143) Using 8 workers of 8 for evacuation
[2025-08-01T03:50:19.215+0000] GC(1143)   Pre Evacuate Collection Set: 0.7ms
[2025-08-01T03:50:19.215+0000] GC(1143)   Merge Heap Roots: 0.4ms
[2025-08-01T03:50:19.215+0000] GC(1143)   Evacuate Collection Set: 42.3ms
[2025-08-01T03:50:19.215+0000] GC(1143)   Post Evacuate Collection Set: 0.7ms
[2025-08-01T03:50:19.215+0000] GC(1143)   Other: 0.1ms
[2025-08-01T03:50:19.215+0000] GC(1143) Eden regions: 146->0(118)
[2025-08-01T03:50:19.215+0000] GC(1143) Survivor regions: 29->22(22)
[2025-08-01T03:50:19.215+0000] GC(1143) Old regions: 1554->1658
[2025-08-01T03:50:19.215+0000] GC(1143) Humongous regions: 0->0
[2025-08-01T03:50:19.215+0000] GC(1143) Metaspace: 10593K(10816K)->10593K(10816K) NonClass: 9335K(9472K)->9335K(9472K) Class: 1258K(1344K)->1258K(1344K)
[2025-08-01T03:50:19.215+0000] GC(1143) Pause Young (Prepare Mixed) (G1 Evacuation Pause) 3457M->3359M(4096M) 44.494ms
[2025-08-01T03:50:19.215+0000] GC(1143) User=0.33s Sys=0.01s Real=0.05s
[2025-08-01T03:50:19.240+0000] GC(1144) Pause Young (Mixed) (G1 Evacuation Pause)
[2025-08-01T03:50:19.240+0000] GC(1144) Using 8 workers of 8 for evacuation
[2025-08-01T03:50:19.276+0000] GC(1144)   Pre Evacuate Collection Set: 0.7ms
[2025-08-01T03:50:19.276+0000] GC(1144)   Merge Heap Roots: 0.3ms
[2025-08-01T03:50:19.276+0000] GC(1144)   Evacuate Collection Set: 34.3ms
[2025-08-01T03:50:19.276+0000] GC(1144)   Post Evacuate Collection Set: 0.9ms
[2025-08-01T03:50:19.276+0000] GC(1144)   Other: 0.1ms
[2025-08-01T03:50:19.276+0000] GC(1144) Eden regions: 118->0(92)
[2025-08-01T03:50:19.276+0000] GC(1144) Survivor regions: 22->18(18)
[2025-08-01T03:50:19.276+0000] GC(1144) Old regions: 1658->1744
[2025-08-01T03:50:19.276+0000] GC(1144) Humongous regions: 0->0
[2025-08-01T03:50:19.276+0000] GC(1144) Metaspace: 10593K(10816K)->10593K(10816K) NonClass: 9335K(9472K)->9335K(9472K) Class: 1258K(1344K)->1258K(1344K)
[2025-08-01T03:50:19.276+0000] GC(1144) Pause Young (Mixed) (G1 Evacuation Pause) 3595M->3523M(4096M) 36.676ms
[2025-08-01T03:50:19.276+0000] GC(1144) User=0.27s Sys=0.00s Real=0.04s
[2025-08-01T03:50:19.304+0000] GC(1145) Pause Young (Concurrent Start) (G1 Evacuation Pause)
[2025-08-01T03:50:19.304+0000] GC(1145) Using 8 workers of 8 for evacuation
[2025-08-01T03:50:19.338+0000] GC(1145)   Pre Evacuate Collection Set: 0.7ms
[2025-08-01T03:50:19.338+0000] GC(1145)   Merge Heap Roots: 0.1ms
[2025-08-01T03:50:19.338+0000] GC(1145)   Evacuate Collection Set: 32.6ms
[2025-08-01T03:50:19.338+0000] GC(1145)   Post Evacuate Collection Set: 0.8ms
[2025-08-01T03:50:19.338+0000] GC(1145)   Other: 0.1ms
[2025-08-01T03:50:19.338+0000] GC(1145) Eden regions: 92->0(88)
[2025-08-01T03:50:19.338+0000] GC(1145) Survivor regions: 18->14(14)
[2025-08-01T03:50:19.338+0000] GC(1145) Old regions: 1744->1841
[2025-08-01T03:50:19.338+0000] GC(1145) Humongous regions: 0->0
[2025-08-01T03:50:19.338+0000] GC(1145) Metaspace: 10593K(10816K)->10593K(10816K) NonClass: 9335K(9472K)->9335K(9472K) Class: 1258K(1344K)->1258K(1344K)
[2025-08-01T03:50:19.338+0000] GC(1145) Pause Young (Concurrent Start) (G1 Evacuation Pause) 3707M->3708M(4096M) 34.630ms
[2025-08-01T03:50:19.338+0000] GC(1145) User=0.26s Sys=0.00s Real=0.03s
[2025-08-01T03:50:19.338+0000] GC(1146) Concurrent Mark Cycle
[2025-08-01T03:50:19.338+0000] GC(1146) Concurrent Scan Root Regions
[2025-08-01T03:50:19.362+0000] GC(1146) Concurrent Scan Root Regions 24.020ms
[2025-08-01T03:50:19.363+0000] GC(1146) Concurrent Mark
[2025-08-01T03:50:19.363+0000] GC(1146) Concurrent Mark From Roots
[2025-08-01T03:50:19.363+0000] GC(1146) Using 2 workers of 2 for marking
[2025-08-01T03:50:19.363+0000] GC(1147) Pause Young (Normal) (G1 Evacuation Pause)
[2025-08-01T03:50:19.363+0000] GC(1147) Using 8 workers of 8 for evacuation
[2025-08-01T03:50:19.393+0000] GC(1147)   Pre Evacuate Collection Set: 0.6ms
[2025-08-01T03:50:19.393+0000] GC(1147)   Merge Heap Roots: 0.2ms
[2025-08-01T03:50:19.393+0000] GC(1147)   Evacuate Collection Set: 28.2ms
[2025-08-01T03:50:19.393+0000] GC(1147)   Post Evacuate Collection Set: 0.9ms
[2025-08-01T03:50:19.393+0000] GC(1147)   Other: 0.1ms
[2025-08-01T03:50:19.393+0000] GC(1147) Eden regions: 88->0(89)
[2025-08-01T03:50:19.393+0000] GC(1147) Survivor regions: 14->13(13)
[2025-08-01T03:50:19.393+0000] GC(1147) Old regions: 1841->1925
[2025-08-01T03:50:19.393+0000] GC(1147) Humongous regions: 0->0
[2025-08-01T03:50:19.393+0000] GC(1147) Metaspace: 10593K(10816K)->10593K(10816K) NonClass: 9335K(9472K)->9335K(9472K) Class: 1258K(1344K)->1258K(1344K)
[2025-08-01T03:50:19.393+0000] GC(1147) Pause Young (Normal) (G1 Evacuation Pause) 3884M->3875M(4096M) 30.436ms
[2025-08-01T03:50:19.393+0000] GC(1147) User=0.22s Sys=0.00s Real=0.03s
[2025-08-01T03:50:19.415+0000] GC(1148) Pause Young (Normal) (G1 Evacuation Pause)
[2025-08-01T03:50:19.415+0000] GC(1148) Using 8 workers of 8 for evacuation
[2025-08-01T03:50:19.439+0000] GC(1148)   Pre Evacuate Collection Set: 0.7ms
[2025-08-01T03:50:19.439+0000] GC(1148)   Merge Heap Roots: 0.1ms
[2025-08-01T03:50:19.439+0000] GC(1148)   Evacuate Collection Set: 15.5ms
[2025-08-01T03:50:19.439+0000] GC(1148)   Post Evacuate Collection Set: 7.3ms
[2025-08-01T03:50:19.439+0000] GC(1148)   Other: 0.2ms
[2025-08-01T03:50:19.439+0000] GC(1148) Eden regions: 89->0(0)
[2025-08-01T03:50:19.439+0000] GC(1148) Survivor regions: 13->12(13)
[2025-08-01T03:50:19.439+0000] GC(1148) Old regions: 1925->2031
[2025-08-01T03:50:19.439+0000] GC(1148) Humongous regions: 0->0
[2025-08-01T03:50:19.439+0000] GC(1148) Metaspace: 10593K(10816K)->10593K(10816K) NonClass: 9335K(9472K)->9335K(9472K) Class: 1258K(1344K)->1258K(1344K)
[2025-08-01T03:50:19.439+0000] GC(1148) Pause Young (Normal) (G1 Evacuation Pause) (Evacuation Failure) 4053M->4085M(4096M) 24.191ms
[2025-08-01T03:50:19.439+0000] GC(1148) User=0.17s Sys=0.00s Real=0.02s
[2025-08-01T03:50:19.439+0000] Attempting full compaction
[2025-08-01T03:50:19.439+0000] GC(1149) Pause Full (G1 Compaction Pause)
[2025-08-01T03:50:19.439+0000] GC(1149) Using 8 workers of 8 for full compaction
[2025-08-01T03:50:19.445+0000] GC(1149) Phase 1: Mark live objects
[2025-08-01T03:50:19.483+0000] GC(1149) Phase 1: Mark live objects 38.305ms
[2025-08-01T03:50:19.483+0000] GC(1149) Phase 2: Prepare compaction
[2025-08-01T03:50:19.494+0000] GC(1149) Phase 2: Prepare compaction 10.972ms
[2025-08-01T03:50:19.494+0000] GC(1149) Phase 3: Adjust pointers
[2025-08-01T03:50:19.520+0000] GC(1149) Phase 3: Adjust pointers 26.292ms
[2025-08-01T03:50:19.521+0000] GC(1149) Phase 4: Compact heap
[2025-08-01T03:50:19.559+0000] GC(1149) Phase 4: Compact heap 38.221ms
[2025-08-01T03:50:19.559+0000] GC(1149) Phase 5: Reset Metadata
[2025-08-01T03:50:19.580+0000] GC(1149) Phase 5: Reset Metadata 20.555ms
[2025-08-01T03:50:19.587+0000] GC(1149) Eden regions: 0->0(558)
[2025-08-01T03:50:19.587+0000] GC(1149) Survivor regions: 12->0(13)
[2025-08-01T03:50:19.587+0000] GC(1149) Old regions: 2031->370
[2025-08-01T03:50:19.587+0000] GC(1149) Humongous regions: 0->0
[2025-08-01T03:50:19.587+0000] GC(1149) Metaspace: 10593K(10816K)->10593K(10816K) NonClass: 9335K(9472K)->9335K(9472K) Class: 1258K(1344K)->1258K(1344K)
[2025-08-01T03:50:19.587+0000] GC(1149) Pause Full (G1 Compaction Pause) 4085M->730M(4096M) 148.047ms
[2025-08-01T03:50:19.587+0000] GC(1149) User=1.04s Sys=0.01s Real=0.15s
[2025-08-01T03:50:19.587+0000] GC(1146) Concurrent Mark From Roots 224.851ms
[2025-08-01T03:50:19.587+0000] GC(1146) Concurrent Mark Abort
[2025-08-01T03:50:19.587+0000] GC(1146) Concurrent Mark Cycle 249.212ms
[2025-08-01T03:50:19.824+0000] GC(1150) Pause Young (Normal) (G1 Evacuation Pause)
[2025-08-01T03:50:19.824+0000] GC(1150) Using 8 workers of 8 for evacuation
[2025-08-01T03:50:19.957+0000] GC(1150)   Pre Evacuate Collection Set: 1.1ms
[2025-08-01T03:50:19.957+0000] GC(1150)   Merge Heap Roots: 0.3ms
[2025-08-01T03:50:19.957+0000] GC(1150)   Evacuate Collection Set: 129.8ms
[2025-08-01T03:50:19.957+0000] GC(1150)   Post Evacuate Collection Set: 2.1ms
[2025-08-01T03:50:19.958+0000] GC(1150)   Other: 0.2ms
[2025-08-01T03:50:19.958+0000] GC(1150) Eden regions: 558->0(478)
[2025-08-01T03:50:19.958+0000] GC(1150) Survivor regions: 0->70(70)
[2025-08-01T03:50:19.958+0000] GC(1150) Old regions: 370->489
[2025-08-01T03:50:19.958+0000] GC(1150) Humongous regions: 0->0
[2025-08-01T03:50:19.958+0000] GC(1150) Metaspace: 10593K(10816K)->10593K(10816K) NonClass: 9335K(9472K)->9335K(9472K) Class: 1258K(1344K)->1258K(1344K)
[2025-08-01T03:50:19.958+0000] GC(1150) Pause Young (Normal) (G1 Evacuation Pause) 1846M->1108M(4096M) 133.858ms
[2025-08-01T03:50:19.958+0000] GC(1150) User=0.96s Sys=0.05s Real=0.13s
[2025-08-01T03:50:20.147+0000] GC(1151) Pause Young (Concurrent Start) (G1 Evacuation Pause)
[2025-08-01T03:50:20.147+0000] GC(1151) Using 8 workers of 8 for evacuation
[2025-08-01T03:50:20.321+0000] GC(1151)   Pre Evacuate Collection Set: 1.0ms
[2025-08-01T03:50:20.321+0000] GC(1151)   Merge Heap Roots: 0.3ms
[2025-08-01T03:50:20.321+0000] GC(1151)   Evacuate Collection Set: 170.2ms
[2025-08-01T03:50:20.321+0000] GC(1151)   Post Evacuate Collection Set: 1.8ms
[2025-08-01T03:50:20.321+0000] GC(1151)   Other: 0.3ms
[2025-08-01T03:50:20.321+0000] GC(1151) Eden regions: 477->0(373)
[2025-08-01T03:50:20.321+0000] GC(1151) Survivor regions: 70->69(69)
[2025-08-01T03:50:20.321+0000] GC(1151) Old regions: 489->880
[2025-08-01T03:50:20.321+0000] GC(1151) Humongous regions: 0->0
[2025-08-01T03:50:20.321+0000] GC(1151) Metaspace: 10593K(10816K)->10593K(10816K) NonClass: 9335K(9472K)->9335K(9472K) Class: 1258K(1344K)->1258K(1344K)
[2025-08-01T03:50:20.321+0000] GC(1151) Pause Young (Concurrent Start) (G1 Evacuation Pause) 2062M->1887M(4096M) 173.947ms
[2025-08-01T03:50:20.321+0000] GC(1151) User=1.32s Sys=0.02s Real=0.17s
[2025-08-01T03:50:20.321+0000] GC(1152) Concurrent Mark Cycle
[2025-08-01T03:50:20.321+0000] GC(1152) Concurrent Scan Root Regions
[2025-08-01T03:50:20.418+0000] GC(1152) Concurrent Scan Root Regions 96.403ms
[2025-08-01T03:50:20.418+0000] GC(1152) Concurrent Mark
[2025-08-01T03:50:20.418+0000] GC(1152) Concurrent Mark From Roots
[2025-08-01T03:50:20.418+0000] GC(1152) Using 2 workers of 2 for marking
[2025-08-01T03:50:20.439+0000] GC(1152) Concurrent Mark From Roots 20.651ms
[2025-08-01T03:50:20.439+0000] GC(1152) Concurrent Preclean
[2025-08-01T03:50:20.439+0000] GC(1152) Concurrent Preclean 0.015ms
[2025-08-01T03:50:20.439+0000] GC(1152) Pause Remark
[2025-08-01T03:50:20.443+0000] GC(1152) Pause Remark 2386M->1590M(4096M) 3.967ms
[2025-08-01T03:50:20.443+0000] GC(1152) User=0.01s Sys=0.00s Real=0.00s
[2025-08-01T03:50:20.443+0000] GC(1152) Concurrent Mark 25.020ms
[2025-08-01T03:50:20.443+0000] GC(1152) Concurrent Rebuild Remembered Sets and Scrub Regions
[2025-08-01T03:50:20.481+0000] GC(1153) Pause Young (Normal) (G1 Evacuation Pause)
[2025-08-01T03:50:20.481+0000] GC(1153) Using 8 workers of 8 for evacuation
[2025-08-01T03:50:20.639+0000] GC(1153)   Pre Evacuate Collection Set: 0.9ms
[2025-08-01T03:50:20.639+0000] GC(1153)   Merge Heap Roots: 0.4ms
[2025-08-01T03:50:20.639+0000] GC(1153)   Evacuate Collection Set: 154.7ms
[2025-08-01T03:50:20.639+0000] GC(1153)   Post Evacuate Collection Set: 1.1ms
[2025-08-01T03:50:20.639+0000] GC(1153)   Other: 0.1ms
[2025-08-01T03:50:20.639+0000] GC(1153) Eden regions: 373->0(391)
[2025-08-01T03:50:20.639+0000] GC(1153) Survivor regions: 69->56(56)
[2025-08-01T03:50:20.639+0000] GC(1153) Old regions: 477->814
[2025-08-01T03:50:20.639+0000] GC(1153) Humongous regions: 0->0
[2025-08-01T03:50:20.639+0000] GC(1153) Metaspace: 10593K(10816K)->10593K(10816K) NonClass: 9335K(9472K)->9335K(9472K) Class: 1258K(1344K)->1258K(1344K)
[2025-08-01T03:50:20.639+0000] GC(1153) Pause Young (Normal) (G1 Evacuation Pause) 1836M->1738M(4096M) 157.459ms
[2025-08-01T03:50:20.639+0000] GC(1153) User=1.10s Sys=0.07s Real=0.16s
[2025-08-01T03:50:20.718+0000] GC(1152) Concurrent Rebuild Remembered Sets and Scrub Regions 275.430ms
[2025-08-01T03:50:20.719+0000] GC(1152) Pause Cleanup
[2025-08-01T03:50:20.720+0000] GC(1152) Pause Cleanup 2056M->2056M(4096M) 0.692ms
[2025-08-01T03:50:20.720+0000] GC(1152) User=0.00s Sys=0.00s Real=0.00s
[2025-08-01T03:50:20.720+0000] GC(1152) Concurrent Clear Claimed Marks
[2025-08-01T03:50:20.720+0000] GC(1152) Concurrent Clear Claimed Marks 0.054ms
[2025-08-01T03:50:20.720+0000] GC(1152) Concurrent Cleanup for Next Mark
[2025-08-01T03:50:20.733+0000] GC(1152) Concurrent Cleanup for Next Mark 13.265ms
[2025-08-01T03:50:20.734+0000] GC(1152) Concurrent Mark Cycle 412.134ms
[2025-08-01T03:50:20.810+0000] GC(1154) Pause Young (Prepare Mixed) (G1 Evacuation Pause)
[2025-08-01T03:50:20.810+0000] GC(1154) Using 8 workers of 8 for evacuation
[2025-08-01T03:50:20.999+0000] GC(1154)   Pre Evacuate Collection Set: 1.7ms
[2025-08-01T03:50:20.999+0000] GC(1154)   Merge Heap Roots: 0.2ms
[2025-08-01T03:50:20.999+0000] GC(1154)   Evacuate Collection Set: 186.0ms
[2025-08-01T03:50:20.999+0000] GC(1154)   Post Evacuate Collection Set: 1.1ms
[2025-08-01T03:50:20.999+0000] GC(1154)   Other: 0.1ms
[2025-08-01T03:50:20.999+0000] GC(1154) Eden regions: 391->0(295)
[2025-08-01T03:50:20.999+0000] GC(1154) Survivor regions: 56->56(56)
[2025-08-01T03:50:20.999+0000] GC(1154) Old regions: 814->1088
[2025-08-01T03:50:20.999+0000] GC(1154) Humongous regions: 0->0
[2025-08-01T03:50:20.999+0000] GC(1154) Metaspace: 10593K(10816K)->10593K(10816K) NonClass: 9335K(9472K)->9335K(9472K) Class: 1258K(1344K)->1258K(1344K)
[2025-08-01T03:50:20.999+0000] GC(1154) Pause Young (Prepare Mixed) (G1 Evacuation Pause) 2520M->2287M(4096M) 189.446ms
[2025-08-01T03:50:20.999+0000] GC(1154) User=1.41s Sys=0.06s Real=0.19s
[2025-08-01T03:50:21.163+0000] GC(1155) Pause Young (Mixed) (G1 Evacuation Pause)
[2025-08-01T03:50:21.163+0000] GC(1155) Using 8 workers of 8 for evacuation
[2025-08-01T03:50:21.371+0000] GC(1155) MMU target violated: 201.0ms (200.0ms/201.0ms)
[2025-08-01T03:50:21.371+0000] GC(1155)   Pre Evacuate Collection Set: 1.8ms
[2025-08-01T03:50:21.371+0000] GC(1155)   Merge Heap Roots: 0.3ms
[2025-08-01T03:50:21.371+0000] GC(1155)   Evacuate Collection Set: 203.7ms
[2025-08-01T03:50:21.371+0000] GC(1155)   Post Evacuate Collection Set: 2.0ms
[2025-08-01T03:50:21.371+0000] GC(1155)   Other: 0.5ms
[2025-08-01T03:50:21.371+0000] GC(1155) Eden regions: 295->0(230)
[2025-08-01T03:50:21.371+0000] GC(1155) Survivor regions: 56->44(44)
[2025-08-01T03:50:21.371+0000] GC(1155) Old regions: 1088->1297
[2025-08-01T03:50:21.371+0000] GC(1155) Humongous regions: 0->0
[2025-08-01T03:50:21.371+0000] GC(1155) Metaspace: 10593K(10816K)->10593K(10816K) NonClass: 9335K(9472K)->9335K(9472K) Class: 1258K(1344K)->1258K(1344K)
[2025-08-01T03:50:21.371+0000] GC(1155) Pause Young (Mixed) (G1 Evacuation Pause) 2877M->2681M(4096M) 208.665ms
[2025-08-01T03:50:21.371+0000] GC(1155) User=1.56s Sys=0.05s Real=0.21s
[2025-08-01T03:50:21.480+0000] GC(1156) Pause Young (Concurrent Start) (G1 Evacuation Pause)
[2025-08-01T03:50:21.480+0000] GC(1156) Using 8 workers of 8 for evacuation
[2025-08-01T03:50:21.584+0000] GC(1156)   Pre Evacuate Collection Set: 1.8ms
[2025-08-01T03:50:21.584+0000] GC(1156)   Merge Heap Roots: 0.2ms
[2025-08-01T03:50:21.584+0000] GC(1156)   Evacuate Collection Set: 98.7ms
[2025-08-01T03:50:21.584+0000] GC(1156)   Post Evacuate Collection Set: 1.5ms
[2025-08-01T03:50:21.584+0000] GC(1156)   Other: 1.1ms
[2025-08-01T03:50:21.584+0000] GC(1156) Eden regions: 230->0(149)
[2025-08-01T03:50:21.584+0000] GC(1156) Survivor regions: 44->35(35)
[2025-08-01T03:50:21.584+0000] GC(1156) Old regions: 1297->1538
[2025-08-01T03:50:21.584+0000] GC(1156) Humongous regions: 0->0
[2025-08-01T03:50:21.584+0000] GC(1156) Metaspace: 10593K(10816K)->10593K(10816K) NonClass: 9335K(9472K)->9335K(9472K) Class: 1258K(1344K)->1258K(1344K)
[2025-08-01T03:50:21.584+0000] GC(1156) Pause Young (Concurrent Start) (G1 Evacuation Pause) 3141M->3145M(4096M) 103.613ms
[2025-08-01T03:50:21.584+0000] GC(1156) User=0.73s Sys=0.02s Real=0.11s
[2025-08-01T03:50:21.584+0000] GC(1157) Concurrent Mark Cycle
[2025-08-01T03:50:21.584+0000] GC(1157) Concurrent Scan Root Regions
[2025-08-01T03:50:21.630+0000] GC(1157) Concurrent Scan Root Regions 46.352ms
[2025-08-01T03:50:21.630+0000] GC(1157) Concurrent Mark
[2025-08-01T03:50:21.630+0000] GC(1157) Concurrent Mark From Roots
[2025-08-01T03:50:21.631+0000] GC(1157) Using 2 workers of 2 for marking
[2025-08-01T03:50:21.662+0000] GC(1158) Pause Young (Normal) (G1 Evacuation Pause)
[2025-08-01T03:50:21.662+0000] GC(1158) Using 8 workers of 8 for evacuation
[2025-08-01T03:50:21.711+0000] GC(1158)   Pre Evacuate Collection Set: 0.5ms
[2025-08-01T03:50:21.711+0000] GC(1158)   Merge Heap Roots: 0.7ms
[2025-08-01T03:50:21.711+0000] GC(1158)   Evacuate Collection Set: 46.6ms
[2025-08-01T03:50:21.711+0000] GC(1158)   Post Evacuate Collection Set: 0.7ms
[2025-08-01T03:50:21.711+0000] GC(1158)   Other: 0.1ms
[2025-08-01T03:50:21.711+0000] GC(1158) Eden regions: 149->0(125)
[2025-08-01T03:50:21.711+0000] GC(1158) Survivor regions: 35->23(23)
[2025-08-01T03:50:21.711+0000] GC(1158) Old regions: 1538->1637
[2025-08-01T03:50:21.711+0000] GC(1158) Humongous regions: 0->0
[2025-08-01T03:50:21.711+0000] GC(1158) Metaspace: 10593K(10816K)->10593K(10816K) NonClass: 9335K(9472K)->9335K(9472K) Class: 1258K(1344K)->1258K(1344K)
[2025-08-01T03:50:21.711+0000] GC(1158) Pause Young (Normal) (G1 Evacuation Pause) 3443M->3318M(4096M) 48.811ms
[2025-08-01T03:50:21.711+0000] GC(1158) User=0.35s Sys=0.01s Real=0.05s
[2025-08-01T03:50:21.782+0000] GC(1159) Pause Young (Normal) (G1 Evacuation Pause)
[2025-08-01T03:50:21.782+0000] GC(1159) Using 8 workers of 8 for evacuation
[2025-08-01T03:50:21.821+0000] GC(1159)   Pre Evacuate Collection Set: 0.5ms
[2025-08-01T03:50:21.821+0000] GC(1159)   Merge Heap Roots: 0.2ms
[2025-08-01T03:50:21.822+0000] GC(1159)   Evacuate Collection Set: 37.9ms
[2025-08-01T03:50:21.822+0000] GC(1159)   Post Evacuate Collection Set: 1.0ms
[2025-08-01T03:50:21.822+0000] GC(1159)   Other: 0.1ms
[2025-08-01T03:50:21.822+0000] GC(1159) Eden regions: 125->0(98)
[2025-08-01T03:50:21.822+0000] GC(1159) Survivor regions: 23->19(19)
[2025-08-01T03:50:21.822+0000] GC(1159) Old regions: 1637->1727
[2025-08-01T03:50:21.822+0000] GC(1159) Humongous regions: 0->0
[2025-08-01T03:50:21.822+0000] GC(1159) Metaspace: 10593K(10816K)->10593K(10816K) NonClass: 9335K(9472K)->9335K(9472K) Class: 1258K(1344K)->1258K(1344K)
[2025-08-01T03:50:21.822+0000] GC(1159) Pause Young (Normal) (G1 Evacuation Pause) 3568M->3490M(4096M) 40.050ms
[2025-08-01T03:50:21.822+0000] GC(1159) User=0.29s Sys=0.01s Real=0.04s
[2025-08-01T03:50:21.841+0000] GC(1160) Pause Young (Normal) (G1 Evacuation Pause)
[2025-08-01T03:50:21.841+0000] GC(1160) Using 8 workers of 8 for evacuation
[2025-08-01T03:50:21.879+0000] GC(1160)   Pre Evacuate Collection Set: 0.9ms
[2025-08-01T03:50:21.879+0000] GC(1160)   Merge Heap Roots: 0.2ms
[2025-08-01T03:50:21.879+0000] GC(1160)   Evacuate Collection Set: 35.3ms
[2025-08-01T03:50:21.879+0000] GC(1160)   Post Evacuate Collection Set: 0.9ms
[2025-08-01T03:50:21.879+0000] GC(1160)   Other: 0.2ms
[2025-08-01T03:50:21.879+0000] GC(1160) Eden regions: 98->0(87)
[2025-08-01T03:50:21.879+0000] GC(1160) Survivor regions: 19->15(15)
[2025-08-01T03:50:21.879+0000] GC(1160) Old regions: 1727->1830
[2025-08-01T03:50:21.879+0000] GC(1160) Humongous regions: 0->0
[2025-08-01T03:50:21.879+0000] GC(1160) Metaspace: 10593K(10816K)->10593K(10816K) NonClass: 9335K(9472K)->9335K(9472K) Class: 1258K(1344K)->1258K(1344K)
[2025-08-01T03:50:21.879+0000] GC(1160) Pause Young (Normal) (G1 Evacuation Pause) 3686M->3688M(4096M) 37.865ms
[2025-08-01T03:50:21.879+0000] GC(1160) User=0.29s Sys=0.00s Real=0.04s
[2025-08-01T03:50:21.910+0000] GC(1157) Concurrent Mark From Roots 279.064ms
[2025-08-01T03:50:21.910+0000] GC(1157) Concurrent Preclean
[2025-08-01T03:50:21.910+0000] GC(1157) Concurrent Preclean 0.037ms
[2025-08-01T03:50:21.910+0000] GC(1157) Pause Remark
[2025-08-01T03:50:21.914+0000] GC(1157) Pause Remark 3849M->2203M(4096M) 3.918ms
[2025-08-01T03:50:21.914+0000] GC(1157) User=0.01s Sys=0.01s Real=0.01s
[2025-08-01T03:50:21.914+0000] GC(1157) Concurrent Mark 283.621ms
[2025-08-01T03:50:21.914+0000] GC(1157) Concurrent Rebuild Remembered Sets and Scrub Regions
[2025-08-01T03:50:21.945+0000] GC(1161) Pause Young (Normal) (G1 Evacuation Pause)
[2025-08-01T03:50:21.945+0000] GC(1161) Using 8 workers of 8 for evacuation
[2025-08-01T03:50:21.979+0000] GC(1161)   Pre Evacuate Collection Set: 0.6ms
[2025-08-01T03:50:21.979+0000] GC(1161)   Merge Heap Roots: 0.2ms
[2025-08-01T03:50:21.979+0000] GC(1161)   Evacuate Collection Set: 30.7ms
[2025-08-01T03:50:21.979+0000] GC(1161)   Post Evacuate Collection Set: 1.6ms
[2025-08-01T03:50:21.979+0000] GC(1161)   Other: 0.1ms
[2025-08-01T03:50:21.979+0000] GC(1161) Eden regions: 87->0(303)
[2025-08-01T03:50:21.979+0000] GC(1161) Survivor regions: 15->13(13)
[2025-08-01T03:50:21.979+0000] GC(1161) Old regions: 1007->1098
[2025-08-01T03:50:21.979+0000] GC(1161) Humongous regions: 0->0
[2025-08-01T03:50:21.979+0000] GC(1161) Metaspace: 10593K(10816K)->10593K(10816K) NonClass: 9335K(9472K)->9335K(9472K) Class: 1258K(1344K)->1258K(1344K)
[2025-08-01T03:50:21.979+0000] GC(1161) Pause Young (Normal) (G1 Evacuation Pause) 2216M->2221M(4096M) 33.507ms
[2025-08-01T03:50:21.979+0000] GC(1161) User=0.24s Sys=0.00s Real=0.03s
[2025-08-01T03:50:22.081+0000] GC(1162) Pause Young (Normal) (G1 Evacuation Pause)
[2025-08-01T03:50:22.081+0000] GC(1162) Using 8 workers of 8 for evacuation
[2025-08-01T03:50:22.176+0000] GC(1162)   Pre Evacuate Collection Set: 1.3ms
[2025-08-01T03:50:22.176+0000] GC(1162)   Merge Heap Roots: 0.3ms
[2025-08-01T03:50:22.176+0000] GC(1162)   Evacuate Collection Set: 91.6ms
[2025-08-01T03:50:22.176+0000] GC(1162)   Post Evacuate Collection Set: 1.5ms
[2025-08-01T03:50:22.176+0000] GC(1162)   Other: 0.1ms
[2025-08-01T03:50:22.176+0000] GC(1162) Eden regions: 303->0(215)
[2025-08-01T03:50:22.176+0000] GC(1162) Survivor regions: 13->40(40)
[2025-08-01T03:50:22.176+0000] GC(1162) Old regions: 1098->1334
[2025-08-01T03:50:22.176+0000] GC(1162) Humongous regions: 0->0
[2025-08-01T03:50:22.176+0000] GC(1162) Metaspace: 10593K(10816K)->10593K(10816K) NonClass: 9335K(9472K)->9335K(9472K) Class: 1258K(1344K)->1258K(1344K)
[2025-08-01T03:50:22.176+0000] GC(1162) Pause Young (Normal) (G1 Evacuation Pause) 2827M->2746M(4096M) 95.088ms
[2025-08-01T03:50:22.176+0000] GC(1162) User=0.71s Sys=0.01s Real=0.10s
[2025-08-01T03:50:22.277+0000] GC(1163) Pause Young (Normal) (G1 Evacuation Pause)
[2025-08-01T03:50:22.277+0000] GC(1163) Using 8 workers of 8 for evacuation
[2025-08-01T03:50:22.381+0000] GC(1163)   Pre Evacuate Collection Set: 0.8ms
[2025-08-01T03:50:22.381+0000] GC(1163)   Merge Heap Roots: 0.3ms
[2025-08-01T03:50:22.381+0000] GC(1163)   Evacuate Collection Set: 102.0ms
[2025-08-01T03:50:22.381+0000] GC(1163)   Post Evacuate Collection Set: 1.0ms
[2025-08-01T03:50:22.381+0000] GC(1163)   Other: 0.1ms
[2025-08-01T03:50:22.381+0000] GC(1163) Eden regions: 215->0(143)
[2025-08-01T03:50:22.381+0000] GC(1163) Survivor regions: 40->32(32)
[2025-08-01T03:50:22.381+0000] GC(1163) Old regions: 1334->1558
[2025-08-01T03:50:22.381+0000] GC(1163) Humongous regions: 0->0
[2025-08-01T03:50:22.381+0000] GC(1163) Metaspace: 10593K(10816K)->10593K(10816K) NonClass: 9335K(9472K)->9335K(9472K) Class: 1258K(1344K)->1258K(1344K)
[2025-08-01T03:50:22.382+0000] GC(1163) Pause Young (Normal) (G1 Evacuation Pause) 3176M->3178M(4096M) 104.453ms
[2025-08-01T03:50:22.382+0000] GC(1163) User=0.76s Sys=0.03s Real=0.10s
[2025-08-01T03:50:22.383+0000] GC(1157) Concurrent Rebuild Remembered Sets and Scrub Regions 469.007ms
[2025-08-01T03:50:22.384+0000] GC(1157) Pause Cleanup
[2025-08-01T03:50:22.386+0000] GC(1157) Pause Cleanup 3194M->3194M(4096M) 1.457ms
[2025-08-01T03:50:22.386+0000] GC(1157) User=0.00s Sys=0.00s Real=0.00s
[2025-08-01T03:50:22.386+0000] GC(1157) Concurrent Clear Claimed Marks
[2025-08-01T03:50:22.386+0000] GC(1157) Concurrent Clear Claimed Marks 0.073ms
[2025-08-01T03:50:22.386+0000] GC(1157) Concurrent Cleanup for Next Mark
[2025-08-01T03:50:22.396+0000] GC(1157) Concurrent Cleanup for Next Mark 10.395ms
[2025-08-01T03:50:22.396+0000] GC(1157) Concurrent Mark Cycle 812.282ms
[2025-08-01T03:50:22.453+0000] GC(1164) Pause Young (Prepare Mixed) (G1 Evacuation Pause)
[2025-08-01T03:50:22.453+0000] GC(1164) Using 8 workers of 8 for evacuation
[2025-08-01T03:50:22.514+0000] GC(1164)   Pre Evacuate Collection Set: 0.8ms
[2025-08-01T03:50:22.514+0000] GC(1164)   Merge Heap Roots: 0.2ms
[2025-08-01T03:50:22.514+0000] GC(1164)   Evacuate Collection Set: 58.8ms
[2025-08-01T03:50:22.514+0000] GC(1164)   Post Evacuate Collection Set: 1.0ms
[2025-08-01T03:50:22.514+0000] GC(1164)   Other: 0.1ms
[2025-08-01T03:50:22.514+0000] GC(1164) Eden regions: 143->0(102)
[2025-08-01T03:50:22.514+0000] GC(1164) Survivor regions: 32->22(22)
[2025-08-01T03:50:22.514+0000] GC(1164) Old regions: 1558->1696
[2025-08-01T03:50:22.514+0000] GC(1164) Humongous regions: 0->0
[2025-08-01T03:50:22.514+0000] GC(1164) Metaspace: 10593K(10816K)->10593K(10816K) NonClass: 9335K(9472K)->9335K(9472K) Class: 1258K(1344K)->1258K(1344K)
[2025-08-01T03:50:22.514+0000] GC(1164) Pause Young (Prepare Mixed) (G1 Evacuation Pause) 3464M->3435M(4096M) 61.250ms
[2025-08-01T03:50:22.514+0000] GC(1164) User=0.45s Sys=0.02s Real=0.06s
[2025-08-01T03:50:22.571+0000] GC(1165) Pause Young (Mixed) (G1 Evacuation Pause)
[2025-08-01T03:50:22.571+0000] GC(1165) Using 8 workers of 8 for evacuation
[2025-08-01T03:50:22.633+0000] GC(1165)   Pre Evacuate Collection Set: 1.0ms
[2025-08-01T03:50:22.633+0000] GC(1165)   Merge Heap Roots: 0.1ms
[2025-08-01T03:50:22.633+0000] GC(1165)   Evacuate Collection Set: 59.7ms
[2025-08-01T03:50:22.633+0000] GC(1165)   Post Evacuate Collection Set: 0.9ms
[2025-08-01T03:50:22.633+0000] GC(1165)   Other: 0.1ms
[2025-08-01T03:50:22.633+0000] GC(1165) Eden regions: 102->0(86)
[2025-08-01T03:50:22.633+0000] GC(1165) Survivor regions: 22->16(16)
[2025-08-01T03:50:22.633+0000] GC(1165) Old regions: 1696->1759
[2025-08-01T03:50:22.633+0000] GC(1165) Humongous regions: 0->0
[2025-08-01T03:50:22.633+0000] GC(1165) Metaspace: 10593K(10816K)->10593K(10816K) NonClass: 9335K(9472K)->9335K(9472K) Class: 1258K(1344K)->1258K(1344K)
[2025-08-01T03:50:22.633+0000] GC(1165) Pause Young (Mixed) (G1 Evacuation Pause) 3639M->3548M(4096M) 62.187ms
[2025-08-01T03:50:22.633+0000] GC(1165) User=0.43s Sys=0.02s Real=0.07s
[2025-08-01T03:50:22.673+0000] GC(1166) Pause Young (Concurrent Start) (G1 Evacuation Pause)
[2025-08-01T03:50:22.673+0000] GC(1166) Using 8 workers of 8 for evacuation
[2025-08-01T03:50:22.738+0000] GC(1166)   Pre Evacuate Collection Set: 0.9ms
[2025-08-01T03:50:22.739+0000] GC(1166)   Merge Heap Roots: 1.3ms
[2025-08-01T03:50:22.739+0000] GC(1166)   Evacuate Collection Set: 61.0ms
[2025-08-01T03:50:22.739+0000] GC(1166)   Post Evacuate Collection Set: 1.8ms
[2025-08-01T03:50:22.739+0000] GC(1166)   Other: 0.7ms
[2025-08-01T03:50:22.739+0000] GC(1166) Eden regions: 86->0(89)
[2025-08-01T03:50:22.739+0000] GC(1166) Survivor regions: 16->13(13)
[2025-08-01T03:50:22.739+0000] GC(1166) Old regions: 1759->1850
[2025-08-01T03:50:22.739+0000] GC(1166) Humongous regions: 0->0
[2025-08-01T03:50:22.739+0000] GC(1166) Metaspace: 10593K(10816K)->10593K(10816K) NonClass: 9335K(9472K)->9335K(9472K) Class: 1258K(1344K)->1258K(1344K)
[2025-08-01T03:50:22.739+0000] GC(1166) Pause Young (Concurrent Start) (G1 Evacuation Pause) 3720M->3724M(4096M) 66.132ms
[2025-08-01T03:50:22.739+0000] GC(1166) User=0.45s Sys=0.01s Real=0.07s
[2025-08-01T03:50:22.741+0000] GC(1167) Concurrent Mark Cycle
[2025-08-01T03:50:22.741+0000] GC(1167) Concurrent Scan Root Regions
[2025-08-01T03:50:22.767+0000] GC(1168) Pause Young (Normal) (G1 Evacuation Pause)
[2025-08-01T03:50:22.767+0000] GC(1168) Using 8 workers of 8 for evacuation
[2025-08-01T03:50:22.773+0000] GC(1167) Concurrent Scan Root Regions 32.529ms
[2025-08-01T03:50:22.773+0000] GC(1167) Concurrent Mark
[2025-08-01T03:50:22.773+0000] GC(1167) Concurrent Mark From Roots
[2025-08-01T03:50:22.773+0000] GC(1167) Using 2 workers of 2 for marking
[2025-08-01T03:50:22.805+0000] GC(1168)   Pre Evacuate Collection Set: 0.7ms
[2025-08-01T03:50:22.805+0000] GC(1168)   Merge Heap Roots: 0.1ms
[2025-08-01T03:50:22.805+0000] GC(1168)   Evacuate Collection Set: 29.3ms
[2025-08-01T03:50:22.805+0000] GC(1168)   Post Evacuate Collection Set: 1.7ms
[2025-08-01T03:50:22.805+0000] GC(1168)   Other: 0.1ms
[2025-08-01T03:50:22.805+0000] GC(1168) Eden regions: 89->0(66)
[2025-08-01T03:50:22.805+0000] GC(1168) Survivor regions: 13->13(13)
[2025-08-01T03:50:22.805+0000] GC(1168) Old regions: 1850->1956
[2025-08-01T03:50:22.805+0000] GC(1168) Humongous regions: 0->0
[2025-08-01T03:50:22.805+0000] GC(1168) Metaspace: 10593K(10816K)->10593K(10816K) NonClass: 9335K(9472K)->9335K(9472K) Class: 1258K(1344K)->1258K(1344K)
[2025-08-01T03:50:22.805+0000] GC(1168) Pause Young (Normal) (G1 Evacuation Pause) (Evacuation Failure) 3902M->3937M(4096M) 38.567ms
[2025-08-01T03:50:22.805+0000] GC(1168) User=0.26s Sys=0.00s Real=0.04s
[2025-08-01T03:50:22.861+0000] GC(1169) Pause Young (Normal) (G1 Evacuation Pause)
[2025-08-01T03:50:22.861+0000] GC(1169) Using 8 workers of 8 for evacuation
[2025-08-01T03:50:22.900+0000] GC(1169)   Pre Evacuate Collection Set: 0.8ms
[2025-08-01T03:50:22.900+0000] GC(1169)   Merge Heap Roots: 0.1ms
[2025-08-01T03:50:22.900+0000] GC(1169)   Evacuate Collection Set: 24.4ms
[2025-08-01T03:50:22.900+0000] GC(1169)   Post Evacuate Collection Set: 13.5ms
[2025-08-01T03:50:22.900+0000] GC(1169)   Other: 0.1ms
[2025-08-01T03:50:22.900+0000] GC(1169) Eden regions: 66->0(0)
[2025-08-01T03:50:22.900+0000] GC(1169) Survivor regions: 13->7(10)
[2025-08-01T03:50:22.900+0000] GC(1169) Old regions: 1956->2039
[2025-08-01T03:50:22.900+0000] GC(1169) Humongous regions: 0->0
[2025-08-01T03:50:22.900+0000] GC(1169) Metaspace: 10593K(10816K)->10593K(10816K) NonClass: 9335K(9472K)->9335K(9472K) Class: 1258K(1344K)->1258K(1344K)
[2025-08-01T03:50:22.900+0000] GC(1169) Pause Young (Normal) (G1 Evacuation Pause) (Evacuation Failure) 4069M->4091M(4096M) 39.414ms
[2025-08-01T03:50:22.900+0000] GC(1169) User=0.27s Sys=0.02s Real=0.04s
[2025-08-01T03:50:22.900+0000] Attempting full compaction
[2025-08-01T03:50:22.900+0000] GC(1170) Pause Full (G1 Compaction Pause)
[2025-08-01T03:50:22.900+0000] GC(1170) Using 8 workers of 8 for full compaction
[2025-08-01T03:50:22.906+0000] GC(1170) Phase 1: Mark live objects
[2025-08-01T03:50:22.941+0000] GC(1170) Phase 1: Mark live objects 35.262ms
[2025-08-01T03:50:22.941+0000] GC(1170) Phase 2: Prepare compaction
[2025-08-01T03:50:22.963+0000] GC(1170) Phase 2: Prepare compaction 21.643ms
[2025-08-01T03:50:22.963+0000] GC(1170) Phase 3: Adjust pointers
[2025-08-01T03:50:22.988+0000] GC(1170) Phase 3: Adjust pointers 25.186ms
[2025-08-01T03:50:22.988+0000] GC(1170) Phase 4: Compact heap
[2025-08-01T03:50:23.036+0000] GC(1170) Phase 4: Compact heap 47.870ms
[2025-08-01T03:50:23.036+0000] GC(1170) Phase 5: Reset Metadata
[2025-08-01T03:50:23.052+0000] GC(1170) Phase 5: Reset Metadata 15.612ms
[2025-08-01T03:50:23.059+0000] GC(1170) Eden regions: 0->0(458)
[2025-08-01T03:50:23.059+0000] GC(1170) Survivor regions: 7->0(10)
[2025-08-01T03:50:23.059+0000] GC(1170) Old regions: 2039->310
[2025-08-01T03:50:23.059+0000] GC(1170) Humongous regions: 0->0
[2025-08-01T03:50:23.059+0000] GC(1170) Metaspace: 10593K(10816K)->10593K(10816K) NonClass: 9335K(9472K)->9335K(9472K) Class: 1258K(1344K)->1258K(1344K)
[2025-08-01T03:50:23.059+0000] GC(1170) Pause Full (G1 Compaction Pause) 4091M->612M(4096M) 158.923ms
[2025-08-01T03:50:23.059+0000] GC(1170) User=1.04s Sys=0.03s Real=0.16s
[2025-08-01T03:50:23.059+0000] GC(1167) Concurrent Mark From Roots 285.884ms
[2025-08-01T03:50:23.059+0000] GC(1167) Concurrent Mark Abort
[2025-08-01T03:50:23.059+0000] GC(1167) Concurrent Mark Cycle 318.707ms
[2025-08-01T03:50:23.253+0000] GC(1171) Pause Young (Normal) (G1 Evacuation Pause)
[2025-08-01T03:50:23.253+0000] GC(1171) Using 8 workers of 8 for evacuation
[2025-08-01T03:50:23.427+0000] GC(1171)   Pre Evacuate Collection Set: 0.8ms
[2025-08-01T03:50:23.427+0000] GC(1171)   Merge Heap Roots: 0.2ms
[2025-08-01T03:50:23.427+0000] GC(1171)   Evacuate Collection Set: 172.2ms
[2025-08-01T03:50:23.427+0000] GC(1171)   Post Evacuate Collection Set: 1.1ms
[2025-08-01T03:50:23.427+0000] GC(1171)   Other: 0.1ms
[2025-08-01T03:50:23.427+0000] GC(1171) Eden regions: 456->0(454)
[2025-08-01T03:50:23.427+0000] GC(1171) Survivor regions: 0->57(57)
[2025-08-01T03:50:23.427+0000] GC(1171) Old regions: 310->615
[2025-08-01T03:50:23.427+0000] GC(1171) Humongous regions: 0->0
[2025-08-01T03:50:23.427+0000] GC(1171) Metaspace: 10593K(10816K)->10593K(10816K) NonClass: 9335K(9472K)->9335K(9472K) Class: 1258K(1344K)->1258K(1344K)
[2025-08-01T03:50:23.428+0000] GC(1171) Pause Young (Normal) (G1 Evacuation Pause) 1524M->1336M(4096M) 174.636ms
[2025-08-01T03:50:23.428+0000] GC(1171) User=1.30s Sys=0.05s Real=0.17s
[2025-08-01T03:50:23.662+0000] GC(1172) Pause Young (Concurrent Start) (G1 Evacuation Pause)
[2025-08-01T03:50:23.662+0000] GC(1172) Using 8 workers of 8 for evacuation
[2025-08-01T03:50:23.769+0000] GC(1172)   Pre Evacuate Collection Set: 0.9ms
[2025-08-01T03:50:23.769+0000] GC(1172)   Merge Heap Roots: 0.2ms
[2025-08-01T03:50:23.769+0000] GC(1172)   Evacuate Collection Set: 103.5ms
[2025-08-01T03:50:23.769+0000] GC(1172)   Post Evacuate Collection Set: 1.3ms
[2025-08-01T03:50:23.769+0000] GC(1172)   Other: 0.2ms
[2025-08-01T03:50:23.769+0000] GC(1172) Eden regions: 452->0(393)
[2025-08-01T03:50:23.769+0000] GC(1172) Survivor regions: 57->64(64)
[2025-08-01T03:50:23.769+0000] GC(1172) Old regions: 615->832
[2025-08-01T03:50:23.769+0000] GC(1172) Humongous regions: 0->0
[2025-08-01T03:50:23.769+0000] GC(1172) Metaspace: 10593K(10816K)->10593K(10816K) NonClass: 9335K(9472K)->9335K(9472K) Class: 1258K(1344K)->1258K(1344K)
[2025-08-01T03:50:23.769+0000] GC(1172) Pause Young (Concurrent Start) (G1 Evacuation Pause) 2240M->1783M(4096M) 106.440ms
[2025-08-01T03:50:23.769+0000] GC(1172) User=0.73s Sys=0.02s Real=0.11s
[2025-08-01T03:50:23.769+0000] GC(1173) Concurrent Mark Cycle
[2025-08-01T03:50:23.769+0000] GC(1173) Concurrent Scan Root Regions
[2025-08-01T03:50:23.832+0000] GC(1173) Concurrent Scan Root Regions 63.124ms
[2025-08-01T03:50:23.832+0000] GC(1173) Concurrent Mark
[2025-08-01T03:50:23.832+0000] GC(1173) Concurrent Mark From Roots
[2025-08-01T03:50:23.832+0000] GC(1173) Using 2 workers of 2 for marking
[2025-08-01T03:50:23.850+0000] GC(1173) Concurrent Mark From Roots 17.899ms
[2025-08-01T03:50:23.850+0000] GC(1173) Concurrent Preclean
[2025-08-01T03:50:23.850+0000] GC(1173) Concurrent Preclean 0.027ms
[2025-08-01T03:50:23.850+0000] GC(1173) Pause Remark
[2025-08-01T03:50:23.854+0000] GC(1173) Pause Remark 2131M->1038M(4096M) 3.911ms
[2025-08-01T03:50:23.854+0000] GC(1173) User=0.01s Sys=0.01s Real=0.01s
[2025-08-01T03:50:23.855+0000] GC(1173) Concurrent Mark 22.492ms
[2025-08-01T03:50:23.855+0000] GC(1173) Concurrent Rebuild Remembered Sets and Scrub Regions
[2025-08-01T03:50:23.928+0000] GC(1173) Concurrent Rebuild Remembered Sets and Scrub Regions 73.779ms
[2025-08-01T03:50:23.929+0000] GC(1173) Pause Cleanup
[2025-08-01T03:50:23.929+0000] GC(1173) Pause Cleanup 1385M->1385M(4096M) 0.762ms
[2025-08-01T03:50:23.929+0000] GC(1173) User=0.00s Sys=0.00s Real=0.00s
[2025-08-01T03:50:23.930+0000] GC(1173) Concurrent Clear Claimed Marks
[2025-08-01T03:50:23.930+0000] GC(1173) Concurrent Clear Claimed Marks 0.038ms
[2025-08-01T03:50:23.930+0000] GC(1173) Concurrent Cleanup for Next Mark
[2025-08-01T03:50:23.938+0000] GC(1173) Concurrent Cleanup for Next Mark 8.310ms
[2025-08-01T03:50:23.938+0000] GC(1173) Concurrent Mark Cycle 169.119ms
[2025-08-01T03:50:23.953+0000] GC(1174) Pause Young (Prepare Mixed) (G1 Evacuation Pause)
[2025-08-01T03:50:23.953+0000] GC(1174) Using 8 workers of 8 for evacuation
[2025-08-01T03:50:24.088+0000] GC(1174)   Pre Evacuate Collection Set: 0.8ms
[2025-08-01T03:50:24.088+0000] GC(1174)   Merge Heap Roots: 0.5ms
[2025-08-01T03:50:24.088+0000] GC(1174)   Evacuate Collection Set: 131.5ms
[2025-08-01T03:50:24.088+0000] GC(1174)   Post Evacuate Collection Set: 1.3ms
[2025-08-01T03:50:24.088+0000] GC(1174)   Other: 0.1ms
[2025-08-01T03:50:24.088+0000] GC(1174) Eden regions: 393->0(294)
[2025-08-01T03:50:24.088+0000] GC(1174) Survivor regions: 64->58(58)
[2025-08-01T03:50:24.088+0000] GC(1174) Old regions: 282->592
[2025-08-01T03:50:24.088+0000] GC(1174) Humongous regions: 0->0
[2025-08-01T03:50:24.088+0000] GC(1174) Metaspace: 10593K(10816K)->10593K(10816K) NonClass: 9335K(9472K)->9335K(9472K) Class: 1258K(1344K)->1258K(1344K)
[2025-08-01T03:50:24.088+0000] GC(1174) Pause Young (Prepare Mixed) (G1 Evacuation Pause) 1476M->1299M(4096M) 134.730ms
[2025-08-01T03:50:24.088+0000] GC(1174) User=1.00s Sys=0.02s Real=0.13s
[2025-08-01T03:50:24.189+0000] GC(1175) Pause Young (Mixed) (G1 Evacuation Pause)
[2025-08-01T03:50:24.189+0000] GC(1175) Using 8 workers of 8 for evacuation
[2025-08-01T03:50:24.298+0000] GC(1175)   Pre Evacuate Collection Set: 0.7ms
[2025-08-01T03:50:24.298+0000] GC(1175)   Merge Heap Roots: 0.2ms
[2025-08-01T03:50:24.298+0000] GC(1175)   Evacuate Collection Set: 106.7ms
[2025-08-01T03:50:24.298+0000] GC(1175)   Post Evacuate Collection Set: 1.2ms
[2025-08-01T03:50:24.298+0000] GC(1175)   Other: 0.2ms
[2025-08-01T03:50:24.298+0000] GC(1175) Eden regions: 295->0(336)
[2025-08-01T03:50:24.298+0000] GC(1175) Survivor regions: 58->45(45)
[2025-08-01T03:50:24.298+0000] GC(1175) Old regions: 592->864
[2025-08-01T03:50:24.298+0000] GC(1175) Humongous regions: 0->0
[2025-08-01T03:50:24.298+0000] GC(1175) Metaspace: 10593K(10816K)->10593K(10816K) NonClass: 9335K(9472K)->9335K(9472K) Class: 1258K(1344K)->1258K(1344K)
[2025-08-01T03:50:24.298+0000] GC(1175) Pause Young (Mixed) (G1 Evacuation Pause) 1889M->1816M(4096M) 109.234ms
[2025-08-01T03:50:24.299+0000] GC(1175) User=0.83s Sys=0.02s Real=0.11s
[2025-08-01T03:50:24.458+0000] GC(1176) Pause Young (Mixed) (G1 Evacuation Pause)
[2025-08-01T03:50:24.458+0000] GC(1176) Using 8 workers of 8 for evacuation
[2025-08-01T03:50:24.630+0000] GC(1176)   Pre Evacuate Collection Set: 1.3ms
[2025-08-01T03:50:24.631+0000] GC(1176)   Merge Heap Roots: 0.5ms
[2025-08-01T03:50:24.631+0000] GC(1176)   Evacuate Collection Set: 169.4ms
[2025-08-01T03:50:24.631+0000] GC(1176)   Post Evacuate Collection Set: 1.3ms
[2025-08-01T03:50:24.631+0000] GC(1176)   Other: 0.1ms
[2025-08-01T03:50:24.631+0000] GC(1176) Eden regions: 334->0(280)
[2025-08-01T03:50:24.631+0000] GC(1176) Survivor regions: 45->48(48)
[2025-08-01T03:50:24.631+0000] GC(1176) Old regions: 864->1129
[2025-08-01T03:50:24.631+0000] GC(1176) Humongous regions: 0->0
[2025-08-01T03:50:24.631+0000] GC(1176) Metaspace: 10593K(10816K)->10593K(10816K) NonClass: 9335K(9472K)->9335K(9472K) Class: 1258K(1344K)->1258K(1344K)
[2025-08-01T03:50:24.631+0000] GC(1176) Pause Young (Mixed) (G1 Evacuation Pause) 2484M->2353M(4096M) 172.853ms
[2025-08-01T03:50:24.631+0000] GC(1176) User=1.27s Sys=0.06s Real=0.17s
[2025-08-01T03:50:24.784+0000] GC(1177) Pause Young (Concurrent Start) (G1 Evacuation Pause)
[2025-08-01T03:50:24.784+0000] GC(1177) Using 8 workers of 8 for evacuation
[2025-08-01T03:50:24.960+0000] GC(1177)   Pre Evacuate Collection Set: 1.0ms
[2025-08-01T03:50:24.960+0000] GC(1177)   Merge Heap Roots: 0.2ms
[2025-08-01T03:50:24.960+0000] GC(1177)   Evacuate Collection Set: 173.2ms
[2025-08-01T03:50:24.960+0000] GC(1177)   Post Evacuate Collection Set: 1.5ms
[2025-08-01T03:50:24.960+0000] GC(1177)   Other: 0.2ms
[2025-08-01T03:50:24.960+0000] GC(1177) Eden regions: 280->0(210)
[2025-08-01T03:50:24.960+0000] GC(1177) Survivor regions: 48->41(41)
[2025-08-01T03:50:24.960+0000] GC(1177) Old regions: 1129->1352
[2025-08-01T03:50:24.960+0000] GC(1177) Humongous regions: 0->0
[2025-08-01T03:50:24.960+0000] GC(1177) Metaspace: 10593K(10816K)->10593K(10816K) NonClass: 9335K(9472K)->9335K(9472K) Class: 1258K(1344K)->1258K(1344K)
[2025-08-01T03:50:24.960+0000] GC(1177) Pause Young (Concurrent Start) (G1 Evacuation Pause) 2913M->2784M(4096M) 176.438ms
[2025-08-01T03:50:24.961+0000] GC(1177) User=1.29s Sys=0.06s Real=0.17s
[2025-08-01T03:50:24.961+0000] GC(1178) Concurrent Mark Cycle
[2025-08-01T03:50:24.961+0000] GC(1178) Concurrent Scan Root Regions
[2025-08-01T03:50:25.033+0000] GC(1178) Concurrent Scan Root Regions 71.792ms
[2025-08-01T03:50:25.033+0000] GC(1178) Concurrent Mark
[2025-08-01T03:50:25.033+0000] GC(1178) Concurrent Mark From Roots
[2025-08-01T03:50:25.033+0000] GC(1178) Using 2 workers of 2 for marking
[2025-08-01T03:50:25.060+0000] GC(1179) Pause Young (Normal) (G1 Evacuation Pause)
[2025-08-01T03:50:25.060+0000] GC(1179) Using 8 workers of 8 for evacuation
[2025-08-01T03:50:25.119+0000] GC(1179)   Pre Evacuate Collection Set: 0.8ms
[2025-08-01T03:50:25.119+0000] GC(1179)   Merge Heap Roots: 0.2ms
[2025-08-01T03:50:25.119+0000] GC(1179)   Evacuate Collection Set: 56.3ms
[2025-08-01T03:50:25.119+0000] GC(1179)   Post Evacuate Collection Set: 0.9ms
[2025-08-01T03:50:25.119+0000] GC(1179)   Other: 0.2ms
[2025-08-01T03:50:25.119+0000] GC(1179) Eden regions: 210->0(169)
[2025-08-01T03:50:25.119+0000] GC(1179) Survivor regions: 41->32(32)
[2025-08-01T03:50:25.119+0000] GC(1179) Old regions: 1352->1492
[2025-08-01T03:50:25.119+0000] GC(1179) Humongous regions: 0->0
[2025-08-01T03:50:25.119+0000] GC(1179) Metaspace: 10593K(10816K)->10593K(10816K) NonClass: 9335K(9472K)->9335K(9472K) Class: 1258K(1344K)->1258K(1344K)
[2025-08-01T03:50:25.119+0000] GC(1179) Pause Young (Normal) (G1 Evacuation Pause) 3204M->3047M(4096M) 58.678ms
[2025-08-01T03:50:25.119+0000] GC(1179) User=0.45s Sys=0.01s Real=0.06s
[2025-08-01T03:50:25.181+0000] GC(1178) Concurrent Mark From Roots 148.178ms
[2025-08-01T03:50:25.181+0000] GC(1178) Concurrent Preclean
[2025-08-01T03:50:25.181+0000] GC(1178) Concurrent Preclean 0.025ms
[2025-08-01T03:50:25.181+0000] GC(1178) Pause Remark
[2025-08-01T03:50:25.188+0000] GC(1178) Pause Remark 3341M->1751M(4096M) 6.833ms
[2025-08-01T03:50:25.188+0000] GC(1178) User=0.02s Sys=0.00s Real=0.01s
[2025-08-01T03:50:25.188+0000] GC(1178) Concurrent Mark 155.536ms
[2025-08-01T03:50:25.188+0000] GC(1178) Concurrent Rebuild Remembered Sets and Scrub Regions
[2025-08-01T03:50:25.200+0000] GC(1180) Pause Young (Normal) (G1 Evacuation Pause)
[2025-08-01T03:50:25.200+0000] GC(1180) Using 8 workers of 8 for evacuation
[2025-08-01T03:50:25.249+0000] GC(1180)   Pre Evacuate Collection Set: 0.8ms
[2025-08-01T03:50:25.249+0000] GC(1180)   Merge Heap Roots: 0.2ms
[2025-08-01T03:50:25.249+0000] GC(1180)   Evacuate Collection Set: 46.6ms
[2025-08-01T03:50:25.249+0000] GC(1180)   Post Evacuate Collection Set: 1.2ms
[2025-08-01T03:50:25.249+0000] GC(1180)   Other: 0.1ms
[2025-08-01T03:50:25.249+0000] GC(1180) Eden regions: 169->0(417)
[2025-08-01T03:50:25.250+0000] GC(1180) Survivor regions: 32->26(26)
[2025-08-01T03:50:25.250+0000] GC(1180) Old regions: 697->787
[2025-08-01T03:50:25.250+0000] GC(1180) Humongous regions: 0->0
[2025-08-01T03:50:25.250+0000] GC(1180) Metaspace: 10593K(10816K)->10593K(10816K) NonClass: 9335K(9472K)->9335K(9472K) Class: 1258K(1344K)->1258K(1344K)
[2025-08-01T03:50:25.250+0000] GC(1180) Pause Young (Normal) (G1 Evacuation Pause) 1795M->1624M(4096M) 49.228ms
[2025-08-01T03:50:25.250+0000] GC(1180) User=0.31s Sys=0.01s Real=0.05s
[2025-08-01T03:50:25.403+0000] GC(1178) Concurrent Rebuild Remembered Sets and Scrub Regions 214.975ms
[2025-08-01T03:50:25.404+0000] GC(1178) Pause Cleanup
[2025-08-01T03:50:25.405+0000] GC(1178) Pause Cleanup 2303M->2303M(4096M) 1.142ms
[2025-08-01T03:50:25.405+0000] GC(1178) User=0.00s Sys=0.00s Real=0.00s
[2025-08-01T03:50:25.405+0000] GC(1178) Concurrent Clear Claimed Marks
[2025-08-01T03:50:25.405+0000] GC(1178) Concurrent Clear Claimed Marks 0.050ms
[2025-08-01T03:50:25.405+0000] GC(1178) Concurrent Cleanup for Next Mark
[2025-08-01T03:50:25.414+0000] GC(1178) Concurrent Cleanup for Next Mark 9.039ms
[2025-08-01T03:50:25.414+0000] GC(1178) Concurrent Mark Cycle 453.279ms
[2025-08-01T03:50:25.435+0000] GC(1181) Pause Young (Prepare Mixed) (G1 Evacuation Pause)
[2025-08-01T03:50:25.436+0000] GC(1181) Using 8 workers of 8 for evacuation
[2025-08-01T03:50:25.606+0000] GC(1181)   Pre Evacuate Collection Set: 1.0ms
[2025-08-01T03:50:25.606+0000] GC(1181)   Merge Heap Roots: 2.3ms
[2025-08-01T03:50:25.606+0000] GC(1181)   Evacuate Collection Set: 165.8ms
[2025-08-01T03:50:25.606+0000] GC(1181)   Post Evacuate Collection Set: 1.0ms
[2025-08-01T03:50:25.606+0000] GC(1181)   Other: 0.1ms
[2025-08-01T03:50:25.606+0000] GC(1181) Eden regions: 417->0(263)
[2025-08-01T03:50:25.606+0000] GC(1181) Survivor regions: 26->56(56)
[2025-08-01T03:50:25.606+0000] GC(1181) Old regions: 787->1175
[2025-08-01T03:50:25.606+0000] GC(1181) Humongous regions: 0->0
[2025-08-01T03:50:25.606+0000] GC(1181) Metaspace: 10593K(10816K)->10593K(10816K) NonClass: 9335K(9472K)->9335K(9472K) Class: 1258K(1344K)->1258K(1344K)
[2025-08-01T03:50:25.606+0000] GC(1181) Pause Young (Prepare Mixed) (G1 Evacuation Pause) 2458M->2461M(4096M) 170.667ms
[2025-08-01T03:50:25.606+0000] GC(1181) User=1.26s Sys=0.05s Real=0.17s
[2025-08-01T03:50:25.706+0000] GC(1182) Pause Young (Mixed) (G1 Evacuation Pause)
[2025-08-01T03:50:25.706+0000] GC(1182) Using 8 workers of 8 for evacuation
[2025-08-01T03:50:25.840+0000] GC(1182)   Pre Evacuate Collection Set: 1.2ms
[2025-08-01T03:50:25.840+0000] GC(1182)   Merge Heap Roots: 0.4ms
[2025-08-01T03:50:25.840+0000] GC(1182)   Evacuate Collection Set: 131.8ms
[2025-08-01T03:50:25.840+0000] GC(1182)   Post Evacuate Collection Set: 1.1ms
[2025-08-01T03:50:25.840+0000] GC(1182)   Other: 0.1ms
[2025-08-01T03:50:25.841+0000] GC(1182) Eden regions: 263->0(208)
[2025-08-01T03:50:25.841+0000] GC(1182) Survivor regions: 56->40(40)
[2025-08-01T03:50:25.841+0000] GC(1182) Old regions: 1175->1356
[2025-08-01T03:50:25.841+0000] GC(1182) Humongous regions: 0->0
[2025-08-01T03:50:25.841+0000] GC(1182) Metaspace: 10593K(10816K)->10593K(10816K) NonClass: 9335K(9472K)->9335K(9472K) Class: 1258K(1344K)->1258K(1344K)
[2025-08-01T03:50:25.841+0000] GC(1182) Pause Young (Mixed) (G1 Evacuation Pause) 2987M->2790M(4096M) 135.045ms
[2025-08-01T03:50:25.841+0000] GC(1182) User=0.96s Sys=0.04s Real=0.13s
[2025-08-01T03:50:25.932+0000] GC(1183) Pause Young (Concurrent Start) (G1 Evacuation Pause)
[2025-08-01T03:50:25.932+0000] GC(1183) Using 8 workers of 8 for evacuation
[2025-08-01T03:50:26.008+0000] GC(1183)   Pre Evacuate Collection Set: 0.9ms
[2025-08-01T03:50:26.008+0000] GC(1183)   Merge Heap Roots: 0.3ms
[2025-08-01T03:50:26.008+0000] GC(1183)   Evacuate Collection Set: 73.7ms
[2025-08-01T03:50:26.009+0000] GC(1183)   Post Evacuate Collection Set: 1.1ms
[2025-08-01T03:50:26.009+0000] GC(1183)   Other: 0.3ms
[2025-08-01T03:50:26.009+0000] GC(1183) Eden regions: 208->0(151)
[2025-08-01T03:50:26.009+0000] GC(1183) Survivor regions: 40->31(31)
[2025-08-01T03:50:26.009+0000] GC(1183) Old regions: 1356->1537
[2025-08-01T03:50:26.009+0000] GC(1183) Humongous regions: 0->0
[2025-08-01T03:50:26.009+0000] GC(1183) Metaspace: 10593K(10816K)->10593K(10816K) NonClass: 9335K(9472K)->9335K(9472K) Class: 1258K(1344K)->1258K(1344K)
[2025-08-01T03:50:26.009+0000] GC(1183) Pause Young (Concurrent Start) (G1 Evacuation Pause) 3206M->3134M(4096M) 76.546ms
[2025-08-01T03:50:26.009+0000] GC(1183) User=0.56s Sys=0.01s Real=0.08s
[2025-08-01T03:50:26.009+0000] GC(1184) Concurrent Mark Cycle
[2025-08-01T03:50:26.009+0000] GC(1184) Concurrent Scan Root Regions
[2025-08-01T03:50:26.048+0000] GC(1184) Concurrent Scan Root Regions 38.901ms
[2025-08-01T03:50:26.048+0000] GC(1184) Concurrent Mark
[2025-08-01T03:50:26.048+0000] GC(1184) Concurrent Mark From Roots
[2025-08-01T03:50:26.048+0000] GC(1184) Using 2 workers of 2 for marking
[2025-08-01T03:50:26.089+0000] GC(1185) Pause Young (Normal) (G1 Evacuation Pause)
[2025-08-01T03:50:26.089+0000] GC(1185) Using 8 workers of 8 for evacuation
[2025-08-01T03:50:26.154+0000] GC(1185)   Pre Evacuate Collection Set: 0.9ms
[2025-08-01T03:50:26.154+0000] GC(1185)   Merge Heap Roots: 0.2ms
[2025-08-01T03:50:26.154+0000] GC(1185)   Evacuate Collection Set: 63.0ms
[2025-08-01T03:50:26.154+0000] GC(1185)   Post Evacuate Collection Set: 1.1ms
[2025-08-01T03:50:26.154+0000] GC(1185)   Other: 0.1ms
[2025-08-01T03:50:26.154+0000] GC(1185) Eden regions: 151->0(103)
[2025-08-01T03:50:26.154+0000] GC(1185) Survivor regions: 31->23(23)
[2025-08-01T03:50:26.154+0000] GC(1185) Old regions: 1537->1692
[2025-08-01T03:50:26.154+0000] GC(1185) Humongous regions: 0->0
[2025-08-01T03:50:26.154+0000] GC(1185) Metaspace: 10593K(10816K)->10593K(10816K) NonClass: 9335K(9472K)->9335K(9472K) Class: 1258K(1344K)->1258K(1344K)
[2025-08-01T03:50:26.154+0000] GC(1185) Pause Young (Normal) (G1 Evacuation Pause) 3436M->3429M(4096M) 65.534ms
[2025-08-01T03:50:26.154+0000] GC(1185) User=0.48s Sys=0.02s Real=0.07s
[2025-08-01T03:50:26.190+0000] GC(1184) Concurrent Mark From Roots 141.952ms
[2025-08-01T03:50:26.190+0000] GC(1184) Concurrent Preclean
[2025-08-01T03:50:26.190+0000] GC(1184) Concurrent Preclean 0.016ms
[2025-08-01T03:50:26.190+0000] GC(1184) Pause Remark
[2025-08-01T03:50:26.194+0000] GC(1184) Pause Remark 3567M->1415M(4096M) 3.616ms
[2025-08-01T03:50:26.194+0000] GC(1184) User=0.02s Sys=0.00s Real=0.01s
[2025-08-01T03:50:26.194+0000] GC(1184) Concurrent Mark 145.893ms
[2025-08-01T03:50:26.194+0000] GC(1184) Concurrent Rebuild Remembered Sets and Scrub Regions
[2025-08-01T03:50:26.222+0000] GC(1186) Pause Young (Normal) (G1 Evacuation Pause)
[2025-08-01T03:50:26.222+0000] GC(1186) Using 8 workers of 8 for evacuation
[2025-08-01T03:50:26.261+0000] GC(1186)   Pre Evacuate Collection Set: 0.5ms
[2025-08-01T03:50:26.261+0000] GC(1186)   Merge Heap Roots: 0.1ms
[2025-08-01T03:50:26.261+0000] GC(1186)   Evacuate Collection Set: 37.6ms
[2025-08-01T03:50:26.261+0000] GC(1186)   Post Evacuate Collection Set: 0.9ms
[2025-08-01T03:50:26.262+0000] GC(1186)   Other: 0.1ms
[2025-08-01T03:50:26.262+0000] GC(1186) Eden regions: 103->0(437)
[2025-08-01T03:50:26.262+0000] GC(1186) Survivor regions: 23->16(16)
[2025-08-01T03:50:26.262+0000] GC(1186) Old regions: 616->728
[2025-08-01T03:50:26.262+0000] GC(1186) Humongous regions: 0->0
[2025-08-01T03:50:26.262+0000] GC(1186) Metaspace: 10593K(10816K)->10593K(10816K) NonClass: 9335K(9472K)->9335K(9472K) Class: 1258K(1344K)->1258K(1344K)
[2025-08-01T03:50:26.262+0000] GC(1186) Pause Young (Normal) (G1 Evacuation Pause) 1483M->1486M(4096M) 39.560ms
[2025-08-01T03:50:26.262+0000] GC(1186) User=0.29s Sys=0.01s Real=0.04s
[2025-08-01T03:50:26.362+0000] GC(1184) Concurrent Rebuild Remembered Sets and Scrub Regions 168.414ms
[2025-08-01T03:50:26.362+0000] GC(1184) Pause Cleanup
[2025-08-01T03:50:26.364+0000] GC(1184) Pause Cleanup 1994M->1994M(4096M) 1.341ms
[2025-08-01T03:50:26.364+0000] GC(1184) User=0.00s Sys=0.00s Real=0.01s
[2025-08-01T03:50:26.364+0000] GC(1184) Concurrent Clear Claimed Marks
[2025-08-01T03:50:26.364+0000] GC(1184) Concurrent Clear Claimed Marks 0.055ms
[2025-08-01T03:50:26.364+0000] GC(1184) Concurrent Cleanup for Next Mark
[2025-08-01T03:50:26.378+0000] GC(1184) Concurrent Cleanup for Next Mark 14.373ms
[2025-08-01T03:50:26.378+0000] GC(1184) Concurrent Mark Cycle 369.748ms
[2025-08-01T03:50:26.449+0000] GC(1187) Pause Young (Prepare Mixed) (G1 Evacuation Pause)
[2025-08-01T03:50:26.449+0000] GC(1187) Using 8 workers of 8 for evacuation
[2025-08-01T03:50:26.596+0000] GC(1187)   Pre Evacuate Collection Set: 0.8ms
[2025-08-01T03:50:26.596+0000] GC(1187)   Merge Heap Roots: 0.6ms
[2025-08-01T03:50:26.596+0000] GC(1187)   Evacuate Collection Set: 143.9ms
[2025-08-01T03:50:26.596+0000] GC(1187)   Post Evacuate Collection Set: 1.2ms
[2025-08-01T03:50:26.596+0000] GC(1187)   Other: 0.1ms
[2025-08-01T03:50:26.596+0000] GC(1187) Eden regions: 437->0(311)
[2025-08-01T03:50:26.596+0000] GC(1187) Survivor regions: 16->57(57)
[2025-08-01T03:50:26.596+0000] GC(1187) Old regions: 728->1048
[2025-08-01T03:50:26.596+0000] GC(1187) Humongous regions: 0->0
[2025-08-01T03:50:26.596+0000] GC(1187) Metaspace: 10593K(10816K)->10593K(10816K) NonClass: 9335K(9472K)->9335K(9472K) Class: 1258K(1344K)->1258K(1344K)
[2025-08-01T03:50:26.596+0000] GC(1187) Pause Young (Prepare Mixed) (G1 Evacuation Pause) 2360M->2209M(4096M) 147.102ms
[2025-08-01T03:50:26.596+0000] GC(1187) User=1.09s Sys=0.03s Real=0.15s
[2025-08-01T03:50:26.757+0000] GC(1188) Pause Young (Mixed) (G1 Evacuation Pause)
[2025-08-01T03:50:26.757+0000] GC(1188) Using 8 workers of 8 for evacuation
[2025-08-01T03:50:26.851+0000] GC(1188)   Pre Evacuate Collection Set: 1.2ms
[2025-08-01T03:50:26.851+0000] GC(1188)   Merge Heap Roots: 0.3ms
[2025-08-01T03:50:26.851+0000] GC(1188)   Evacuate Collection Set: 90.6ms
[2025-08-01T03:50:26.851+0000] GC(1188)   Post Evacuate Collection Set: 1.6ms
[2025-08-01T03:50:26.851+0000] GC(1188)   Other: 0.2ms
[2025-08-01T03:50:26.851+0000] GC(1188) Eden regions: 311->0(273)
[2025-08-01T03:50:26.851+0000] GC(1188) Survivor regions: 57->46(46)
[2025-08-01T03:50:26.851+0000] GC(1188) Old regions: 1048->1188
[2025-08-01T03:50:26.851+0000] GC(1188) Humongous regions: 0->0
[2025-08-01T03:50:26.851+0000] GC(1188) Metaspace: 10593K(10816K)->10593K(10816K) NonClass: 9335K(9472K)->9335K(9472K) Class: 1258K(1344K)->1258K(1344K)
[2025-08-01T03:50:26.851+0000] GC(1188) Pause Young (Mixed) (G1 Evacuation Pause) 2831M->2466M(4096M) 94.068ms
[2025-08-01T03:50:26.851+0000] GC(1188) User=0.70s Sys=0.02s Real=0.09s
[2025-08-01T03:50:26.955+0000] GC(1189) Pause Young (Concurrent Start) (G1 Evacuation Pause)
[2025-08-01T03:50:26.955+0000] GC(1189) Using 8 workers of 8 for evacuation
[2025-08-01T03:50:27.171+0000] GC(1189) MMU target violated: 201.0ms (200.0ms/201.0ms)
[2025-08-01T03:50:27.171+0000] GC(1189)   Pre Evacuate Collection Set: 1.3ms
[2025-08-01T03:50:27.171+0000] GC(1189)   Merge Heap Roots: 0.3ms
[2025-08-01T03:50:27.171+0000] GC(1189)   Evacuate Collection Set: 213.4ms
[2025-08-01T03:50:27.171+0000] GC(1189)   Post Evacuate Collection Set: 1.0ms
[2025-08-01T03:50:27.171+0000] GC(1189)   Other: 0.3ms
[2025-08-01T03:50:27.171+0000] GC(1189) Eden regions: 273->0(169)
[2025-08-01T03:50:27.171+0000] GC(1189) Survivor regions: 46->40(40)
[2025-08-01T03:50:27.171+0000] GC(1189) Old regions: 1188->1469
[2025-08-01T03:50:27.171+0000] GC(1189) Humongous regions: 0->0
[2025-08-01T03:50:27.171+0000] GC(1189) Metaspace: 10593K(10816K)->10593K(10816K) NonClass: 9335K(9472K)->9335K(9472K) Class: 1258K(1344K)->1258K(1344K)
[2025-08-01T03:50:27.171+0000] GC(1189) Pause Young (Concurrent Start) (G1 Evacuation Pause) 3012M->3017M(4096M) 216.515ms
[2025-08-01T03:50:27.171+0000] GC(1189) User=1.63s Sys=0.06s Real=0.21s
[2025-08-01T03:50:27.172+0000] GC(1190) Concurrent Mark Cycle
[2025-08-01T03:50:27.172+0000] GC(1190) Concurrent Scan Root Regions
[2025-08-01T03:50:27.223+0000] GC(1190) Concurrent Scan Root Regions 51.441ms
[2025-08-01T03:50:27.223+0000] GC(1190) Concurrent Mark
[2025-08-01T03:50:27.223+0000] GC(1190) Concurrent Mark From Roots
[2025-08-01T03:50:27.223+0000] GC(1190) Using 2 workers of 2 for marking
[2025-08-01T03:50:27.262+0000] GC(1191) Pause Young (Normal) (G1 Evacuation Pause)
[2025-08-01T03:50:27.262+0000] GC(1191) Using 8 workers of 8 for evacuation
[2025-08-01T03:50:27.330+0000] GC(1191)   Pre Evacuate Collection Set: 1.0ms
[2025-08-01T03:50:27.331+0000] GC(1191)   Merge Heap Roots: 0.2ms
[2025-08-01T03:50:27.331+0000] GC(1191)   Evacuate Collection Set: 66.3ms
[2025-08-01T03:50:27.331+0000] GC(1191)   Post Evacuate Collection Set: 1.0ms
[2025-08-01T03:50:27.331+0000] GC(1191)   Other: 0.1ms
[2025-08-01T03:50:27.331+0000] GC(1191) Eden regions: 169->0(127)
[2025-08-01T03:50:27.331+0000] GC(1191) Survivor regions: 40->27(27)
[2025-08-01T03:50:27.331+0000] GC(1191) Old regions: 1469->1614
[2025-08-01T03:50:27.331+0000] GC(1191) Humongous regions: 0->0
[2025-08-01T03:50:27.331+0000] GC(1191) Metaspace: 10593K(10816K)->10593K(10816K) NonClass: 9335K(9472K)->9335K(9472K) Class: 1258K(1344K)->1258K(1344K)
[2025-08-01T03:50:27.331+0000] GC(1191) Pause Young (Normal) (G1 Evacuation Pause) 3355M->3280M(4096M) 68.934ms
[2025-08-01T03:50:27.331+0000] GC(1191) User=0.50s Sys=0.01s Real=0.07s
[2025-08-01T03:50:27.388+0000] GC(1190) Concurrent Mark From Roots 164.811ms
[2025-08-01T03:50:27.388+0000] GC(1190) Concurrent Preclean
[2025-08-01T03:50:27.388+0000] GC(1190) Concurrent Preclean 0.024ms
[2025-08-01T03:50:27.388+0000] GC(1190) Pause Remark
[2025-08-01T03:50:27.392+0000] GC(1190) Pause Remark 3453M->1631M(4096M) 4.045ms
[2025-08-01T03:50:27.392+0000] GC(1190) User=0.01s Sys=0.00s Real=0.00s
[2025-08-01T03:50:27.392+0000] GC(1190) Concurrent Mark 169.294ms
[2025-08-01T03:50:27.392+0000] GC(1190) Concurrent Rebuild Remembered Sets and Scrub Regions
[2025-08-01T03:50:27.410+0000] GC(1192) Pause Young (Normal) (G1 Evacuation Pause)
[2025-08-01T03:50:27.410+0000] GC(1192) Using 8 workers of 8 for evacuation
[2025-08-01T03:50:27.468+0000] GC(1192)   Pre Evacuate Collection Set: 1.2ms
[2025-08-01T03:50:27.468+0000] GC(1192)   Merge Heap Roots: 0.4ms
[2025-08-01T03:50:27.468+0000] GC(1192)   Evacuate Collection Set: 54.5ms
[2025-08-01T03:50:27.468+0000] GC(1192)   Post Evacuate Collection Set: 1.0ms
[2025-08-01T03:50:27.468+0000] GC(1192)   Other: 0.1ms
[2025-08-01T03:50:27.468+0000] GC(1192) Eden regions: 127->0(386)
[2025-08-01T03:50:27.468+0000] GC(1192) Survivor regions: 27->20(20)
[2025-08-01T03:50:27.468+0000] GC(1192) Old regions: 703->839
[2025-08-01T03:50:27.468+0000] GC(1192) Humongous regions: 0->0
[2025-08-01T03:50:27.468+0000] GC(1192) Metaspace: 10593K(10816K)->10593K(10816K) NonClass: 9335K(9472K)->9335K(9472K) Class: 1258K(1344K)->1258K(1344K)
[2025-08-01T03:50:27.468+0000] GC(1192) Pause Young (Normal) (G1 Evacuation Pause) 1712M->1716M(4096M) 57.469ms
[2025-08-01T03:50:27.468+0000] GC(1192) User=0.42s Sys=0.01s Real=0.06s
[2025-08-01T03:50:27.633+0000] GC(1190) Concurrent Rebuild Remembered Sets and Scrub Regions 240.857ms
[2025-08-01T03:50:27.634+0000] GC(1190) Pause Cleanup
[2025-08-01T03:50:27.635+0000] GC(1190) Pause Cleanup 2386M->2386M(4096M) 1.101ms
[2025-08-01T03:50:27.635+0000] GC(1190) User=0.00s Sys=0.00s Real=0.00s
[2025-08-01T03:50:27.635+0000] GC(1190) Concurrent Clear Claimed Marks
[2025-08-01T03:50:27.635+0000] GC(1190) Concurrent Clear Claimed Marks 0.161ms
[2025-08-01T03:50:27.635+0000] GC(1190) Concurrent Cleanup for Next Mark
[2025-08-01T03:50:27.651+0000] GC(1193) Pause Young (Prepare Mixed) (G1 Evacuation Pause)
[2025-08-01T03:50:27.651+0000] GC(1193) Using 8 workers of 8 for evacuation
[2025-08-01T03:50:27.750+0000] GC(1193)   Pre Evacuate Collection Set: 0.8ms
[2025-08-01T03:50:27.750+0000] GC(1193)   Merge Heap Roots: 0.2ms
[2025-08-01T03:50:27.750+0000] GC(1193)   Evacuate Collection Set: 95.2ms
[2025-08-01T03:50:27.750+0000] GC(1193)   Post Evacuate Collection Set: 2.0ms
[2025-08-01T03:50:27.750+0000] GC(1193)   Other: 0.1ms
[2025-08-01T03:50:27.750+0000] GC(1193) Eden regions: 386->0(324)
[2025-08-01T03:50:27.750+0000] GC(1193) Survivor regions: 20->51(51)
[2025-08-01T03:50:27.750+0000] GC(1193) Old regions: 839->1031
[2025-08-01T03:50:27.750+0000] GC(1193) Humongous regions: 0->0
[2025-08-01T03:50:27.750+0000] GC(1193) Metaspace: 10593K(10816K)->10593K(10816K) NonClass: 9335K(9472K)->9335K(9472K) Class: 1258K(1344K)->1258K(1344K)
[2025-08-01T03:50:27.750+0000] GC(1193) Pause Young (Prepare Mixed) (G1 Evacuation Pause) 2488M->2163M(4096M) 98.691ms
[2025-08-01T03:50:27.750+0000] GC(1193) User=0.74s Sys=0.02s Real=0.10s
[2025-08-01T03:50:27.751+0000] GC(1190) Concurrent Cleanup for Next Mark 116.076ms
[2025-08-01T03:50:27.751+0000] GC(1190) Concurrent Mark Cycle 579.567ms
[2025-08-01T03:50:27.899+0000] GC(1194) Pause Young (Mixed) (G1 Evacuation Pause)
[2025-08-01T03:50:27.899+0000] GC(1194) Using 8 workers of 8 for evacuation
[2025-08-01T03:50:28.095+0000] GC(1194)   Pre Evacuate Collection Set: 0.9ms
[2025-08-01T03:50:28.095+0000] GC(1194)   Merge Heap Roots: 0.2ms
[2025-08-01T03:50:28.095+0000] GC(1194)   Evacuate Collection Set: 192.6ms
[2025-08-01T03:50:28.095+0000] GC(1194)   Post Evacuate Collection Set: 1.7ms
[2025-08-01T03:50:28.095+0000] GC(1194)   Other: 0.3ms
[2025-08-01T03:50:28.095+0000] GC(1194) Eden regions: 324->0(252)
[2025-08-01T03:50:28.095+0000] GC(1194) Survivor regions: 51->47(47)
[2025-08-01T03:50:28.095+0000] GC(1194) Old regions: 1031->1233
[2025-08-01T03:50:28.095+0000] GC(1194) Humongous regions: 0->0
[2025-08-01T03:50:28.095+0000] GC(1194) Metaspace: 10593K(10816K)->10593K(10816K) NonClass: 9335K(9472K)->9335K(9472K) Class: 1258K(1344K)->1258K(1344K)
[2025-08-01T03:50:28.095+0000] GC(1194) Pause Young (Mixed) (G1 Evacuation Pause) 2811M->2559M(4096M) 196.153ms
[2025-08-01T03:50:28.095+0000] GC(1194) User=1.36s Sys=0.10s Real=0.20s
[2025-08-01T03:50:28.191+0000] GC(1195) Pause Young (Concurrent Start) (G1 Evacuation Pause)
[2025-08-01T03:50:28.191+0000] GC(1195) Using 8 workers of 8 for evacuation
[2025-08-01T03:50:28.378+0000] GC(1195)   Pre Evacuate Collection Set: 0.6ms
[2025-08-01T03:50:28.378+0000] GC(1195)   Merge Heap Roots: 0.2ms
[2025-08-01T03:50:28.378+0000] GC(1195)   Evacuate Collection Set: 184.5ms
[2025-08-01T03:50:28.379+0000] GC(1195)   Post Evacuate Collection Set: 2.0ms
[2025-08-01T03:50:28.379+0000] GC(1195)   Other: 0.2ms
[2025-08-01T03:50:28.379+0000] GC(1195) Eden regions: 252->0(162)
[2025-08-01T03:50:28.379+0000] GC(1195) Survivor regions: 47->38(38)
[2025-08-01T03:50:28.379+0000] GC(1195) Old regions: 1233->1495
[2025-08-01T03:50:28.379+0000] GC(1195) Humongous regions: 0->0
[2025-08-01T03:50:28.379+0000] GC(1195) Metaspace: 10593K(10816K)->10593K(10816K) NonClass: 9335K(9472K)->9335K(9472K) Class: 1258K(1344K)->1258K(1344K)
[2025-08-01T03:50:28.379+0000] GC(1195) Pause Young (Concurrent Start) (G1 Evacuation Pause) 3063M->3065M(4096M) 187.839ms
[2025-08-01T03:50:28.379+0000] GC(1195) User=1.39s Sys=0.04s Real=0.19s
[2025-08-01T03:50:28.379+0000] GC(1196) Concurrent Mark Cycle
[2025-08-01T03:50:28.379+0000] GC(1196) Concurrent Scan Root Regions
[2025-08-01T03:50:28.444+0000] GC(1196) Concurrent Scan Root Regions 65.300ms
[2025-08-01T03:50:28.444+0000] GC(1196) Concurrent Mark
[2025-08-01T03:50:28.444+0000] GC(1196) Concurrent Mark From Roots
[2025-08-01T03:50:28.444+0000] GC(1196) Using 2 workers of 2 for marking
[2025-08-01T03:50:28.461+0000] GC(1197) Pause Young (Normal) (G1 Evacuation Pause)
[2025-08-01T03:50:28.462+0000] GC(1197) Using 8 workers of 8 for evacuation
[2025-08-01T03:50:28.494+0000] GC(1197)   Pre Evacuate Collection Set: 0.9ms
[2025-08-01T03:50:28.494+0000] GC(1197)   Merge Heap Roots: 0.2ms
[2025-08-01T03:50:28.494+0000] GC(1197)   Evacuate Collection Set: 30.5ms
[2025-08-01T03:50:28.494+0000] GC(1197)   Post Evacuate Collection Set: 0.9ms
[2025-08-01T03:50:28.494+0000] GC(1197)   Other: 0.1ms
[2025-08-01T03:50:28.494+0000] GC(1197) Eden regions: 162->0(160)
[2025-08-01T03:50:28.494+0000] GC(1197) Survivor regions: 38->25(25)
[2025-08-01T03:50:28.494+0000] GC(1197) Old regions: 1495->1543
[2025-08-01T03:50:28.494+0000] GC(1197) Humongous regions: 0->0
[2025-08-01T03:50:28.494+0000] GC(1197) Metaspace: 10593K(10816K)->10593K(10816K) NonClass: 9335K(9472K)->9335K(9472K) Class: 1258K(1344K)->1258K(1344K)
[2025-08-01T03:50:28.494+0000] GC(1197) Pause Young (Normal) (G1 Evacuation Pause) 3389M->3135M(4096M) 32.890ms
[2025-08-01T03:50:28.494+0000] GC(1197) User=0.23s Sys=0.02s Real=0.04s
[2025-08-01T03:50:28.570+0000] GC(1198) Pause Young (Normal) (G1 Evacuation Pause)
[2025-08-01T03:50:28.570+0000] GC(1198) Using 8 workers of 8 for evacuation
[2025-08-01T03:50:28.646+0000] GC(1198)   Pre Evacuate Collection Set: 1.2ms
[2025-08-01T03:50:28.646+0000] GC(1198)   Merge Heap Roots: 0.2ms
[2025-08-01T03:50:28.646+0000] GC(1198)   Evacuate Collection Set: 72.0ms
[2025-08-01T03:50:28.646+0000] GC(1198)   Post Evacuate Collection Set: 1.6ms
[2025-08-01T03:50:28.646+0000] GC(1198)   Other: 0.1ms
[2025-08-01T03:50:28.646+0000] GC(1198) Eden regions: 160->0(100)
[2025-08-01T03:50:28.646+0000] GC(1198) Survivor regions: 25->24(24)
[2025-08-01T03:50:28.646+0000] GC(1198) Old regions: 1543->1706
[2025-08-01T03:50:28.646+0000] GC(1198) Humongous regions: 0->0
[2025-08-01T03:50:28.646+0000] GC(1198) Metaspace: 10593K(10816K)->10593K(10816K) NonClass: 9335K(9472K)->9335K(9472K) Class: 1258K(1344K)->1258K(1344K)
[2025-08-01T03:50:28.646+0000] GC(1198) Pause Young (Normal) (G1 Evacuation Pause) 3455M->3459M(4096M) 75.481ms
[2025-08-01T03:50:28.646+0000] GC(1198) User=0.55s Sys=0.02s Real=0.08s
[2025-08-01T03:50:28.667+0000] GC(1199) Pause Young (Normal) (G1 Evacuation Pause)
[2025-08-01T03:50:28.667+0000] GC(1199) Using 8 workers of 8 for evacuation
[2025-08-01T03:50:28.715+0000] GC(1199)   Pre Evacuate Collection Set: 0.7ms
[2025-08-01T03:50:28.715+0000] GC(1199)   Merge Heap Roots: 0.2ms
[2025-08-01T03:50:28.715+0000] GC(1199)   Evacuate Collection Set: 45.9ms
[2025-08-01T03:50:28.715+0000] GC(1199)   Post Evacuate Collection Set: 1.0ms
[2025-08-01T03:50:28.715+0000] GC(1199)   Other: 0.1ms
[2025-08-01T03:50:28.715+0000] GC(1199) Eden regions: 100->0(86)
[2025-08-01T03:50:28.715+0000] GC(1199) Survivor regions: 24->16(16)
[2025-08-01T03:50:28.715+0000] GC(1199) Old regions: 1706->1816
[2025-08-01T03:50:28.715+0000] GC(1199) Humongous regions: 0->0
[2025-08-01T03:50:28.715+0000] GC(1199) Metaspace: 10593K(10816K)->10593K(10816K) NonClass: 9335K(9472K)->9335K(9472K) Class: 1258K(1344K)->1258K(1344K)
[2025-08-01T03:50:28.715+0000] GC(1199) Pause Young (Normal) (G1 Evacuation Pause) 3659M->3662M(4096M) 48.172ms
[2025-08-01T03:50:28.715+0000] GC(1199) User=0.35s Sys=0.02s Real=0.05s
[2025-08-01T03:50:28.745+0000] GC(1196) Concurrent Mark From Roots 300.724ms
[2025-08-01T03:50:28.745+0000] GC(1196) Concurrent Preclean
[2025-08-01T03:50:28.745+0000] GC(1196) Concurrent Preclean 0.022ms
[2025-08-01T03:50:28.745+0000] GC(1196) Pause Remark
[2025-08-01T03:50:28.750+0000] GC(1196) Pause Remark 3796M->2172M(4096M) 4.915ms
[2025-08-01T03:50:28.750+0000] GC(1196) User=0.02s Sys=0.00s Real=0.00s
[2025-08-01T03:50:28.750+0000] GC(1196) Concurrent Mark 306.055ms
[2025-08-01T03:50:28.750+0000] GC(1196) Concurrent Rebuild Remembered Sets and Scrub Regions
[2025-08-01T03:50:28.780+0000] GC(1200) Pause Young (Normal) (G1 Evacuation Pause)
[2025-08-01T03:50:28.780+0000] GC(1200) Using 8 workers of 8 for evacuation
[2025-08-01T03:50:28.818+0000] GC(1200)   Pre Evacuate Collection Set: 1.3ms
[2025-08-01T03:50:28.818+0000] GC(1200)   Merge Heap Roots: 0.3ms
[2025-08-01T03:50:28.818+0000] GC(1200)   Evacuate Collection Set: 34.9ms
[2025-08-01T03:50:28.818+0000] GC(1200)   Post Evacuate Collection Set: 0.8ms
[2025-08-01T03:50:28.818+0000] GC(1200)   Other: 0.1ms
[2025-08-01T03:50:28.818+0000] GC(1200) Eden regions: 86->0(303)
[2025-08-01T03:50:28.818+0000] GC(1200) Survivor regions: 16->13(13)
[2025-08-01T03:50:28.818+0000] GC(1200) Old regions: 1004->1094
[2025-08-01T03:50:28.818+0000] GC(1200) Humongous regions: 0->0
[2025-08-01T03:50:28.818+0000] GC(1200) Metaspace: 10593K(10816K)->10593K(10816K) NonClass: 9335K(9472K)->9335K(9472K) Class: 1258K(1344K)->1258K(1344K)
[2025-08-01T03:50:28.818+0000] GC(1200) Pause Young (Normal) (G1 Evacuation Pause) 2210M->2213M(4096M) 37.819ms
[2025-08-01T03:50:28.818+0000] GC(1200) User=0.26s Sys=0.01s Real=0.04s
[2025-08-01T03:50:28.923+0000] GC(1201) Pause Young (Normal) (G1 Evacuation Pause)
[2025-08-01T03:50:28.923+0000] GC(1201) Using 8 workers of 8 for evacuation
[2025-08-01T03:50:29.027+0000] GC(1201)   Pre Evacuate Collection Set: 0.8ms
[2025-08-01T03:50:29.027+0000] GC(1201)   Merge Heap Roots: 0.3ms
[2025-08-01T03:50:29.027+0000] GC(1201)   Evacuate Collection Set: 101.4ms
[2025-08-01T03:50:29.027+0000] GC(1201)   Post Evacuate Collection Set: 0.8ms
[2025-08-01T03:50:29.027+0000] GC(1201)   Other: 0.1ms
[2025-08-01T03:50:29.027+0000] GC(1201) Eden regions: 303->0(211)
[2025-08-01T03:50:29.027+0000] GC(1201) Survivor regions: 13->40(40)
[2025-08-01T03:50:29.027+0000] GC(1201) Old regions: 1094->1336
[2025-08-01T03:50:29.027+0000] GC(1201) Humongous regions: 0->0
[2025-08-01T03:50:29.027+0000] GC(1201) Metaspace: 10593K(10816K)->10593K(10816K) NonClass: 9335K(9472K)->9335K(9472K) Class: 1258K(1344K)->1258K(1344K)
[2025-08-01T03:50:29.027+0000] GC(1201) Pause Young (Normal) (G1 Evacuation Pause) 2819M->2751M(4096M) 103.634ms
[2025-08-01T03:50:29.027+0000] GC(1201) User=0.75s Sys=0.01s Real=0.10s
[2025-08-01T03:50:29.111+0000] GC(1202) Pause Young (Normal) (G1 Evacuation Pause)
[2025-08-01T03:50:29.111+0000] GC(1202) Using 8 workers of 8 for evacuation
[2025-08-01T03:50:29.170+0000] GC(1202)   Pre Evacuate Collection Set: 0.8ms
[2025-08-01T03:50:29.170+0000] GC(1202)   Merge Heap Roots: 0.2ms
[2025-08-01T03:50:29.170+0000] GC(1202)   Evacuate Collection Set: 56.3ms
[2025-08-01T03:50:29.170+0000] GC(1202)   Post Evacuate Collection Set: 1.1ms
[2025-08-01T03:50:29.170+0000] GC(1202)   Other: 0.1ms
[2025-08-01T03:50:29.170+0000] GC(1202) Eden regions: 211->0(169)
[2025-08-01T03:50:29.170+0000] GC(1202) Survivor regions: 40->32(32)
[2025-08-01T03:50:29.170+0000] GC(1202) Old regions: 1336->1486
[2025-08-01T03:50:29.170+0000] GC(1202) Humongous regions: 0->0
[2025-08-01T03:50:29.170+0000] GC(1202) Metaspace: 10593K(10816K)->10593K(10816K) NonClass: 9335K(9472K)->9335K(9472K) Class: 1258K(1344K)->1258K(1344K)
[2025-08-01T03:50:29.170+0000] GC(1202) Pause Young (Normal) (G1 Evacuation Pause) 3173M->3034M(4096M) 58.714ms
[2025-08-01T03:50:29.170+0000] GC(1202) User=0.45s Sys=0.00s Real=0.06s
[2025-08-01T03:50:29.181+0000] GC(1196) Concurrent Rebuild Remembered Sets and Scrub Regions 430.923ms
[2025-08-01T03:50:29.182+0000] GC(1196) Pause Cleanup
[2025-08-01T03:50:29.183+0000] GC(1196) Pause Cleanup 3156M->3156M(4096M) 0.711ms
[2025-08-01T03:50:29.183+0000] GC(1196) User=0.00s Sys=0.00s Real=0.00s
[2025-08-01T03:50:29.183+0000] GC(1196) Concurrent Clear Claimed Marks
[2025-08-01T03:50:29.183+0000] GC(1196) Concurrent Clear Claimed Marks 0.035ms
[2025-08-01T03:50:29.183+0000] GC(1196) Concurrent Cleanup for Next Mark
[2025-08-01T03:50:29.193+0000] GC(1196) Concurrent Cleanup for Next Mark 9.549ms
[2025-08-01T03:50:29.193+0000] GC(1196) Concurrent Mark Cycle 813.808ms
[2025-08-01T03:50:29.244+0000] GC(1203) Pause Young (Prepare Mixed) (G1 Evacuation Pause)
[2025-08-01T03:50:29.244+0000] GC(1203) Using 8 workers of 8 for evacuation
[2025-08-01T03:50:29.295+0000] GC(1203)   Pre Evacuate Collection Set: 0.7ms
[2025-08-01T03:50:29.295+0000] GC(1203)   Merge Heap Roots: 0.2ms
[2025-08-01T03:50:29.295+0000] GC(1203)   Evacuate Collection Set: 48.7ms
[2025-08-01T03:50:29.295+0000] GC(1203)   Post Evacuate Collection Set: 1.2ms
[2025-08-01T03:50:29.295+0000] GC(1203)   Other: 0.2ms
[2025-08-01T03:50:29.295+0000] GC(1203) Eden regions: 169->0(124)
[2025-08-01T03:50:29.295+0000] GC(1203) Survivor regions: 32->26(26)
[2025-08-01T03:50:29.295+0000] GC(1203) Old regions: 1486->1629
[2025-08-01T03:50:29.295+0000] GC(1203) Humongous regions: 0->0
[2025-08-01T03:50:29.295+0000] GC(1203) Metaspace: 10593K(10816K)->10593K(10816K) NonClass: 9335K(9472K)->9335K(9472K) Class: 1258K(1344K)->1258K(1344K)
[2025-08-01T03:50:29.295+0000] GC(1203) Pause Young (Prepare Mixed) (G1 Evacuation Pause) 3372M->3308M(4096M) 51.391ms
[2025-08-01T03:50:29.295+0000] GC(1203) User=0.40s Sys=0.00s Real=0.05s
[2025-08-01T03:50:29.356+0000] GC(1204) Pause Young (Mixed) (G1 Evacuation Pause)
[2025-08-01T03:50:29.357+0000] GC(1204) Using 8 workers of 8 for evacuation
[2025-08-01T03:50:29.409+0000] GC(1204)   Pre Evacuate Collection Set: 0.9ms
[2025-08-01T03:50:29.409+0000] GC(1204)   Merge Heap Roots: 0.2ms
[2025-08-01T03:50:29.409+0000] GC(1204)   Evacuate Collection Set: 50.2ms
[2025-08-01T03:50:29.409+0000] GC(1204)   Post Evacuate Collection Set: 1.3ms
[2025-08-01T03:50:29.409+0000] GC(1204)   Other: 0.1ms
[2025-08-01T03:50:29.409+0000] GC(1204) Eden regions: 124->0(87)
[2025-08-01T03:50:29.409+0000] GC(1204) Survivor regions: 26->19(19)
[2025-08-01T03:50:29.409+0000] GC(1204) Old regions: 1629->1748
[2025-08-01T03:50:29.409+0000] GC(1204) Humongous regions: 0->0
[2025-08-01T03:50:29.409+0000] GC(1204) Metaspace: 10593K(10816K)->10593K(10816K) NonClass: 9335K(9472K)->9335K(9472K) Class: 1258K(1344K)->1258K(1344K)
[2025-08-01T03:50:29.409+0000] GC(1204) Pause Young (Mixed) (G1 Evacuation Pause) 3556M->3533M(4096M) 52.965ms
[2025-08-01T03:50:29.409+0000] GC(1204) User=0.40s Sys=0.01s Real=0.05s
[2025-08-01T03:50:29.425+0000] GC(1205) Pause Young (Concurrent Start) (G1 Evacuation Pause)
[2025-08-01T03:50:29.425+0000] GC(1205) Using 8 workers of 8 for evacuation
[2025-08-01T03:50:29.468+0000] GC(1205)   Pre Evacuate Collection Set: 1.7ms
[2025-08-01T03:50:29.468+0000] GC(1205)   Merge Heap Roots: 0.2ms
[2025-08-01T03:50:29.468+0000] GC(1205)   Evacuate Collection Set: 39.1ms
[2025-08-01T03:50:29.468+0000] GC(1205)   Post Evacuate Collection Set: 1.0ms
[2025-08-01T03:50:29.468+0000] GC(1205)   Other: 0.4ms
[2025-08-01T03:50:29.468+0000] GC(1205) Eden regions: 87->0(88)
[2025-08-01T03:50:29.468+0000] GC(1205) Survivor regions: 19->14(14)
[2025-08-01T03:50:29.468+0000] GC(1205) Old regions: 1748->1842
[2025-08-01T03:50:29.468+0000] GC(1205) Humongous regions: 0->0
[2025-08-01T03:50:29.468+0000] GC(1205) Metaspace: 10593K(10816K)->10593K(10816K) NonClass: 9335K(9472K)->9335K(9472K) Class: 1258K(1344K)->1258K(1344K)
[2025-08-01T03:50:29.468+0000] GC(1205) Pause Young (Concurrent Start) (G1 Evacuation Pause) 3707M->3710M(4096M) 42.659ms
[2025-08-01T03:50:29.468+0000] GC(1205) User=0.31s Sys=0.00s Real=0.04s
[2025-08-01T03:50:29.468+0000] GC(1206) Concurrent Mark Cycle
[2025-08-01T03:50:29.468+0000] GC(1206) Concurrent Scan Root Regions
[2025-08-01T03:50:29.492+0000] GC(1206) Concurrent Scan Root Regions 23.512ms
[2025-08-01T03:50:29.492+0000] GC(1206) Concurrent Mark
[2025-08-01T03:50:29.492+0000] GC(1206) Concurrent Mark From Roots
[2025-08-01T03:50:29.492+0000] GC(1206) Using 2 workers of 2 for marking
[2025-08-01T03:50:29.530+0000] GC(1207) Pause Young (Normal) (G1 Evacuation Pause)
[2025-08-01T03:50:29.530+0000] GC(1207) Using 8 workers of 8 for evacuation
[2025-08-01T03:50:29.567+0000] GC(1207)   Pre Evacuate Collection Set: 2.1ms
[2025-08-01T03:50:29.567+0000] GC(1207)   Merge Heap Roots: 0.2ms
[2025-08-01T03:50:29.567+0000] GC(1207)   Evacuate Collection Set: 33.1ms
[2025-08-01T03:50:29.567+0000] GC(1207)   Post Evacuate Collection Set: 1.6ms
[2025-08-01T03:50:29.567+0000] GC(1207)   Other: 0.1ms
[2025-08-01T03:50:29.567+0000] GC(1207) Eden regions: 88->0(89)
[2025-08-01T03:50:29.567+0000] GC(1207) Survivor regions: 14->13(13)
[2025-08-01T03:50:29.567+0000] GC(1207) Old regions: 1842->1909
[2025-08-01T03:50:29.567+0000] GC(1207) Humongous regions: 0->0
[2025-08-01T03:50:29.567+0000] GC(1207) Metaspace: 10593K(10816K)->10593K(10816K) NonClass: 9335K(9472K)->9335K(9472K) Class: 1258K(1344K)->1258K(1344K)
[2025-08-01T03:50:29.567+0000] GC(1207) Pause Young (Normal) (G1 Evacuation Pause) 3886M->3842M(4096M) 37.372ms
[2025-08-01T03:50:29.567+0000] GC(1207) User=0.25s Sys=0.01s Real=0.04s
[2025-08-01T03:50:29.587+0000] GC(1208) Pause Young (Normal) (G1 Evacuation Pause)
[2025-08-01T03:50:29.587+0000] GC(1208) Using 8 workers of 8 for evacuation
[2025-08-01T03:50:29.622+0000] GC(1208)   Pre Evacuate Collection Set: 1.0ms
[2025-08-01T03:50:29.622+0000] GC(1208)   Merge Heap Roots: 0.3ms
[2025-08-01T03:50:29.622+0000] GC(1208)   Evacuate Collection Set: 27.5ms
[2025-08-01T03:50:29.622+0000] GC(1208)   Post Evacuate Collection Set: 5.8ms
[2025-08-01T03:50:29.622+0000] GC(1208)   Other: 0.1ms
[2025-08-01T03:50:29.622+0000] GC(1208) Eden regions: 89->0(0)
[2025-08-01T03:50:29.622+0000] GC(1208) Survivor regions: 13->13(13)
[2025-08-01T03:50:29.622+0000] GC(1208) Old regions: 1909->2025
[2025-08-01T03:50:29.622+0000] GC(1208) Humongous regions: 0->0
[2025-08-01T03:50:29.622+0000] GC(1208) Metaspace: 10593K(10816K)->10593K(10816K) NonClass: 9335K(9472K)->9335K(9472K) Class: 1258K(1344K)->1258K(1344K)
[2025-08-01T03:50:29.622+0000] GC(1208) Pause Young (Normal) (G1 Evacuation Pause) (Evacuation Failure) 4020M->4075M(4096M) 35.156ms
[2025-08-01T03:50:29.622+0000] GC(1208) User=0.24s Sys=0.01s Real=0.03s
[2025-08-01T03:50:29.622+0000] Attempting full compaction
[2025-08-01T03:50:29.622+0000] GC(1209) Pause Full (G1 Compaction Pause)
[2025-08-01T03:50:29.622+0000] GC(1209) Using 8 workers of 8 for full compaction
[2025-08-01T03:50:29.628+0000] GC(1209) Phase 1: Mark live objects
[2025-08-01T03:50:29.665+0000] GC(1209) Phase 1: Mark live objects 36.242ms
[2025-08-01T03:50:29.665+0000] GC(1209) Phase 2: Prepare compaction
[2025-08-01T03:50:29.679+0000] GC(1209) Phase 2: Prepare compaction 14.866ms
[2025-08-01T03:50:29.680+0000] GC(1209) Phase 3: Adjust pointers
[2025-08-01T03:50:29.719+0000] GC(1209) Phase 3: Adjust pointers 39.134ms
[2025-08-01T03:50:29.719+0000] GC(1209) Phase 4: Compact heap
[2025-08-01T03:50:29.759+0000] GC(1209) Phase 4: Compact heap 40.216ms
[2025-08-01T03:50:29.759+0000] GC(1209) Phase 5: Reset Metadata
[2025-08-01T03:50:29.788+0000] GC(1209) Phase 5: Reset Metadata 28.590ms
[2025-08-01T03:50:29.796+0000] GC(1209) Eden regions: 0->0(535)
[2025-08-01T03:50:29.796+0000] GC(1209) Survivor regions: 13->0(13)
[2025-08-01T03:50:29.796+0000] GC(1209) Old regions: 2025->434
[2025-08-01T03:50:29.796+0000] GC(1209) Humongous regions: 0->0
[2025-08-01T03:50:29.796+0000] GC(1209) Metaspace: 10593K(10816K)->10593K(10816K) NonClass: 9335K(9472K)->9335K(9472K) Class: 1258K(1344K)->1258K(1344K)
[2025-08-01T03:50:29.796+0000] GC(1209) Pause Full (G1 Compaction Pause) 4075M->862M(4096M) 173.867ms
[2025-08-01T03:50:29.796+0000] GC(1209) User=1.29s Sys=0.01s Real=0.18s
[2025-08-01T03:50:29.796+0000] GC(1206) Concurrent Mark From Roots 304.754ms
[2025-08-01T03:50:29.796+0000] GC(1206) Concurrent Mark Abort
[2025-08-01T03:50:29.796+0000] GC(1206) Concurrent Mark Cycle 328.437ms
[2025-08-01T03:50:30.044+0000] GC(1210) Pause Young (Normal) (G1 Evacuation Pause)
[2025-08-01T03:50:30.044+0000] GC(1210) Using 8 workers of 8 for evacuation
[2025-08-01T03:50:30.166+0000] GC(1210)   Pre Evacuate Collection Set: 1.1ms
[2025-08-01T03:50:30.166+0000] GC(1210)   Merge Heap Roots: 0.2ms
[2025-08-01T03:50:30.166+0000] GC(1210)   Evacuate Collection Set: 118.7ms
[2025-08-01T03:50:30.166+0000] GC(1210)   Post Evacuate Collection Set: 1.3ms
[2025-08-01T03:50:30.166+0000] GC(1210)   Other: 0.1ms
[2025-08-01T03:50:30.166+0000] GC(1210) Eden regions: 535->0(482)
[2025-08-01T03:50:30.166+0000] GC(1210) Survivor regions: 0->67(67)
[2025-08-01T03:50:30.166+0000] GC(1210) Old regions: 434->609
[2025-08-01T03:50:30.166+0000] GC(1210) Humongous regions: 0->0
[2025-08-01T03:50:30.166+0000] GC(1210) Metaspace: 10593K(10816K)->10593K(10816K) NonClass: 9335K(9472K)->9335K(9472K) Class: 1258K(1344K)->1258K(1344K)
[2025-08-01T03:50:30.166+0000] GC(1210) Pause Young (Normal) (G1 Evacuation Pause) 1932M->1346M(4096M) 121.743ms
[2025-08-01T03:50:30.166+0000] GC(1210) User=0.81s Sys=0.08s Real=0.12s
[2025-08-01T03:50:30.398+0000] GC(1211) Pause Young (Concurrent Start) (G1 Evacuation Pause)
[2025-08-01T03:50:30.398+0000] GC(1211) Using 8 workers of 8 for evacuation
[2025-08-01T03:50:30.628+0000] GC(1211) MMU target violated: 201.0ms (200.0ms/201.0ms)
[2025-08-01T03:50:30.628+0000] GC(1211)   Pre Evacuate Collection Set: 2.4ms
[2025-08-01T03:50:30.628+0000] GC(1211)   Merge Heap Roots: 0.4ms
[2025-08-01T03:50:30.628+0000] GC(1211)   Evacuate Collection Set: 225.2ms
[2025-08-01T03:50:30.628+0000] GC(1211)   Post Evacuate Collection Set: 1.5ms
[2025-08-01T03:50:30.628+0000] GC(1211)   Other: 0.5ms
[2025-08-01T03:50:30.628+0000] GC(1211) Eden regions: 482->0(325)
[2025-08-01T03:50:30.628+0000] GC(1211) Survivor regions: 67->69(69)
[2025-08-01T03:50:30.628+0000] GC(1211) Old regions: 609->995
[2025-08-01T03:50:30.628+0000] GC(1211) Humongous regions: 0->0
[2025-08-01T03:50:30.628+0000] GC(1211) Metaspace: 10593K(10816K)->10593K(10816K) NonClass: 9335K(9472K)->9335K(9472K) Class: 1258K(1344K)->1258K(1344K)
[2025-08-01T03:50:30.628+0000] GC(1211) Pause Young (Concurrent Start) (G1 Evacuation Pause) 2310M->2122M(4096M) 230.187ms
[2025-08-01T03:50:30.628+0000] GC(1211) User=1.74s Sys=0.06s Real=0.23s
[2025-08-01T03:50:30.628+0000] GC(1212) Concurrent Mark Cycle
[2025-08-01T03:50:30.628+0000] GC(1212) Concurrent Scan Root Regions
[2025-08-01T03:50:30.725+0000] GC(1212) Concurrent Scan Root Regions 96.862ms
[2025-08-01T03:50:30.725+0000] GC(1212) Concurrent Mark
[2025-08-01T03:50:30.725+0000] GC(1212) Concurrent Mark From Roots
[2025-08-01T03:50:30.725+0000] GC(1212) Using 2 workers of 2 for marking
[2025-08-01T03:50:30.741+0000] GC(1213) Pause Young (Normal) (G1 Evacuation Pause)
[2025-08-01T03:50:30.741+0000] GC(1213) Using 8 workers of 8 for evacuation
[2025-08-01T03:50:30.848+0000] GC(1213)   Pre Evacuate Collection Set: 0.6ms
[2025-08-01T03:50:30.848+0000] GC(1213)   Merge Heap Roots: 0.1ms
[2025-08-01T03:50:30.848+0000] GC(1213)   Evacuate Collection Set: 104.7ms
[2025-08-01T03:50:30.848+0000] GC(1213)   Post Evacuate Collection Set: 1.4ms
[2025-08-01T03:50:30.848+0000] GC(1213)   Other: 0.1ms
[2025-08-01T03:50:30.848+0000] GC(1213) Eden regions: 325->0(223)
[2025-08-01T03:50:30.848+0000] GC(1213) Survivor regions: 69->50(50)
[2025-08-01T03:50:30.848+0000] GC(1213) Old regions: 995->1291
[2025-08-01T03:50:30.848+0000] GC(1213) Humongous regions: 0->0
[2025-08-01T03:50:30.848+0000] GC(1213) Metaspace: 10593K(10816K)->10593K(10816K) NonClass: 9335K(9472K)->9335K(9472K) Class: 1258K(1344K)->1258K(1344K)
[2025-08-01T03:50:30.848+0000] GC(1213) Pause Young (Normal) (G1 Evacuation Pause) 2772M->2675M(4096M) 107.168ms
[2025-08-01T03:50:30.849+0000] GC(1213) User=0.83s Sys=0.00s Real=0.11s
[2025-08-01T03:50:30.879+0000] GC(1212) Concurrent Mark From Roots 153.212ms
[2025-08-01T03:50:30.879+0000] GC(1212) Concurrent Preclean
[2025-08-01T03:50:30.879+0000] GC(1212) Concurrent Preclean 0.026ms
[2025-08-01T03:50:30.879+0000] GC(1212) Pause Remark
[2025-08-01T03:50:30.883+0000] GC(1212) Pause Remark 2882M->1980M(4096M) 3.729ms
[2025-08-01T03:50:30.883+0000] GC(1212) User=0.01s Sys=0.01s Real=0.00s
[2025-08-01T03:50:30.883+0000] GC(1212) Concurrent Mark 157.560ms
[2025-08-01T03:50:30.883+0000] GC(1212) Concurrent Rebuild Remembered Sets and Scrub Regions
[2025-08-01T03:50:30.931+0000] GC(1214) Pause Young (Normal) (G1 Evacuation Pause)
[2025-08-01T03:50:30.931+0000] GC(1214) Using 8 workers of 8 for evacuation
[2025-08-01T03:50:31.006+0000] GC(1214)   Pre Evacuate Collection Set: 0.8ms
[2025-08-01T03:50:31.006+0000] GC(1214)   Merge Heap Roots: 0.3ms
[2025-08-01T03:50:31.006+0000] GC(1214)   Evacuate Collection Set: 72.8ms
[2025-08-01T03:50:31.006+0000] GC(1214)   Post Evacuate Collection Set: 1.0ms
[2025-08-01T03:50:31.006+0000] GC(1214)   Other: 0.1ms
[2025-08-01T03:50:31.006+0000] GC(1214) Eden regions: 223->0(322)
[2025-08-01T03:50:31.006+0000] GC(1214) Survivor regions: 50->35(35)
[2025-08-01T03:50:31.007+0000] GC(1214) Old regions: 838->1026
[2025-08-01T03:50:31.007+0000] GC(1214) Humongous regions: 0->0
[2025-08-01T03:50:31.007+0000] GC(1214) Metaspace: 10593K(10816K)->10593K(10816K) NonClass: 9335K(9472K)->9335K(9472K) Class: 1258K(1344K)->1258K(1344K)
[2025-08-01T03:50:31.007+0000] GC(1214) Pause Young (Normal) (G1 Evacuation Pause) 2219M->2119M(4096M) 75.260ms
[2025-08-01T03:50:31.007+0000] GC(1214) User=0.58s Sys=0.01s Real=0.08s
[2025-08-01T03:50:31.138+0000] GC(1212) Concurrent Rebuild Remembered Sets and Scrub Regions 254.736ms
[2025-08-01T03:50:31.138+0000] GC(1212) Pause Cleanup
[2025-08-01T03:50:31.139+0000] GC(1212) Pause Cleanup 2731M->2731M(4096M) 0.900ms
[2025-08-01T03:50:31.139+0000] GC(1212) User=0.00s Sys=0.00s Real=0.00s
[2025-08-01T03:50:31.139+0000] GC(1212) Concurrent Clear Claimed Marks
[2025-08-01T03:50:31.139+0000] GC(1212) Concurrent Clear Claimed Marks 0.053ms
[2025-08-01T03:50:31.139+0000] GC(1212) Concurrent Cleanup for Next Mark
[2025-08-01T03:50:31.149+0000] GC(1212) Concurrent Cleanup for Next Mark 9.883ms
[2025-08-01T03:50:31.149+0000] GC(1212) Concurrent Mark Cycle 520.775ms
[2025-08-01T03:50:31.150+0000] GC(1215) Pause Young (Prepare Mixed) (G1 Evacuation Pause)
[2025-08-01T03:50:31.150+0000] GC(1215) Using 8 workers of 8 for evacuation
[2025-08-01T03:50:31.250+0000] GC(1215)   Pre Evacuate Collection Set: 0.5ms
[2025-08-01T03:50:31.250+0000] GC(1215)   Merge Heap Roots: 0.2ms
[2025-08-01T03:50:31.250+0000] GC(1215)   Evacuate Collection Set: 97.4ms
[2025-08-01T03:50:31.250+0000] GC(1215)   Post Evacuate Collection Set: 1.5ms
[2025-08-01T03:50:31.250+0000] GC(1215)   Other: 0.1ms
[2025-08-01T03:50:31.250+0000] GC(1215) Eden regions: 322->0(220)
[2025-08-01T03:50:31.250+0000] GC(1215) Survivor regions: 35->45(45)
[2025-08-01T03:50:31.250+0000] GC(1215) Old regions: 1026->1300
[2025-08-01T03:50:31.250+0000] GC(1215) Humongous regions: 0->0
[2025-08-01T03:50:31.250+0000] GC(1215) Metaspace: 10593K(10816K)->10593K(10816K) NonClass: 9335K(9472K)->9335K(9472K) Class: 1258K(1344K)->1258K(1344K)
[2025-08-01T03:50:31.250+0000] GC(1215) Pause Young (Prepare Mixed) (G1 Evacuation Pause) 2763M->2688M(4096M) 99.958ms
[2025-08-01T03:50:31.250+0000] GC(1215) User=0.73s Sys=0.02s Real=0.10s
[2025-08-01T03:50:31.336+0000] GC(1216) Pause Young (Mixed) (G1 Evacuation Pause)
[2025-08-01T03:50:31.336+0000] GC(1216) Using 8 workers of 8 for evacuation
[2025-08-01T03:50:31.415+0000] GC(1216)   Pre Evacuate Collection Set: 1.4ms
[2025-08-01T03:50:31.415+0000] GC(1216)   Merge Heap Roots: 0.3ms
[2025-08-01T03:50:31.415+0000] GC(1216)   Evacuate Collection Set: 75.6ms
[2025-08-01T03:50:31.415+0000] GC(1216)   Post Evacuate Collection Set: 1.6ms
[2025-08-01T03:50:31.415+0000] GC(1216)   Other: 0.1ms
[2025-08-01T03:50:31.416+0000] GC(1216) Eden regions: 220->0(172)
[2025-08-01T03:50:31.416+0000] GC(1216) Survivor regions: 45->34(34)
[2025-08-01T03:50:31.416+0000] GC(1216) Old regions: 1300->1470
[2025-08-01T03:50:31.416+0000] GC(1216) Humongous regions: 0->0
[2025-08-01T03:50:31.416+0000] GC(1216) Metaspace: 10593K(10816K)->10593K(10816K) NonClass: 9335K(9472K)->9335K(9472K) Class: 1258K(1344K)->1258K(1344K)
[2025-08-01T03:50:31.416+0000] GC(1216) Pause Young (Mixed) (G1 Evacuation Pause) 3128M->3006M(4096M) 79.230ms
[2025-08-01T03:50:31.416+0000] GC(1216) User=0.58s Sys=0.02s Real=0.08s
[2025-08-01T03:50:31.498+0000] GC(1217) Pause Young (Concurrent Start) (G1 Evacuation Pause)
[2025-08-01T03:50:31.498+0000] GC(1217) Using 8 workers of 8 for evacuation
[2025-08-01T03:50:31.550+0000] GC(1217)   Pre Evacuate Collection Set: 1.4ms
[2025-08-01T03:50:31.550+0000] GC(1217)   Merge Heap Roots: 0.7ms
[2025-08-01T03:50:31.550+0000] GC(1217)   Evacuate Collection Set: 48.7ms
[2025-08-01T03:50:31.550+0000] GC(1217)   Post Evacuate Collection Set: 1.5ms
[2025-08-01T03:50:31.551+0000] GC(1217)   Other: 0.3ms
[2025-08-01T03:50:31.551+0000] GC(1217) Eden regions: 172->0(157)
[2025-08-01T03:50:31.551+0000] GC(1217) Survivor regions: 34->26(26)
[2025-08-01T03:50:31.551+0000] GC(1217) Old regions: 1470->1544
[2025-08-01T03:50:31.551+0000] GC(1217) Humongous regions: 0->0
[2025-08-01T03:50:31.551+0000] GC(1217) Metaspace: 10593K(10816K)->10593K(10816K) NonClass: 9335K(9472K)->9335K(9472K) Class: 1258K(1344K)->1258K(1344K)
[2025-08-01T03:50:31.551+0000] GC(1217) Pause Young (Concurrent Start) (G1 Evacuation Pause) 3350M->3139M(4096M) 52.873ms
[2025-08-01T03:50:31.551+0000] GC(1217) User=0.34s Sys=0.02s Real=0.05s
[2025-08-01T03:50:31.551+0000] GC(1218) Concurrent Mark Cycle
[2025-08-01T03:50:31.551+0000] GC(1218) Concurrent Scan Root Regions
[2025-08-01T03:50:31.577+0000] GC(1218) Concurrent Scan Root Regions 26.478ms
[2025-08-01T03:50:31.577+0000] GC(1218) Concurrent Mark
[2025-08-01T03:50:31.577+0000] GC(1218) Concurrent Mark From Roots
[2025-08-01T03:50:31.577+0000] GC(1218) Using 2 workers of 2 for marking
[2025-08-01T03:50:31.585+0000] GC(1219) Pause Young (Normal) (G1 Evacuation Pause)
[2025-08-01T03:50:31.585+0000] GC(1219) Using 8 workers of 8 for evacuation
[2025-08-01T03:50:31.657+0000] GC(1219)   Pre Evacuate Collection Set: 1.1ms
[2025-08-01T03:50:31.657+0000] GC(1219)   Merge Heap Roots: 0.5ms
[2025-08-01T03:50:31.658+0000] GC(1219)   Evacuate Collection Set: 70.0ms
[2025-08-01T03:50:31.658+0000] GC(1219)   Post Evacuate Collection Set: 1.1ms
[2025-08-01T03:50:31.658+0000] GC(1219)   Other: 0.1ms
[2025-08-01T03:50:31.658+0000] GC(1219) Eden regions: 157->0(100)
[2025-08-01T03:50:31.658+0000] GC(1219) Survivor regions: 26->23(23)
[2025-08-01T03:50:31.658+0000] GC(1219) Old regions: 1544->1706
[2025-08-01T03:50:31.658+0000] GC(1219) Humongous regions: 0->0
[2025-08-01T03:50:31.658+0000] GC(1219) Metaspace: 10593K(10816K)->10593K(10816K) NonClass: 9335K(9472K)->9335K(9472K) Class: 1258K(1344K)->1258K(1344K)
[2025-08-01T03:50:31.658+0000] GC(1219) Pause Young (Normal) (G1 Evacuation Pause) 3453M->3456M(4096M) 73.091ms
[2025-08-01T03:50:31.658+0000] GC(1219) User=0.53s Sys=0.02s Real=0.07s
[2025-08-01T03:50:31.682+0000] GC(1220) Pause Young (Normal) (G1 Evacuation Pause)
[2025-08-01T03:50:31.682+0000] GC(1220) Using 8 workers of 8 for evacuation
[2025-08-01T03:50:31.726+0000] GC(1220)   Pre Evacuate Collection Set: 0.6ms
[2025-08-01T03:50:31.726+0000] GC(1220)   Merge Heap Roots: 0.2ms
[2025-08-01T03:50:31.726+0000] GC(1220)   Evacuate Collection Set: 41.7ms
[2025-08-01T03:50:31.726+0000] GC(1220)   Post Evacuate Collection Set: 1.2ms
[2025-08-01T03:50:31.726+0000] GC(1220)   Other: 0.2ms
[2025-08-01T03:50:31.726+0000] GC(1220) Eden regions: 100->0(86)
[2025-08-01T03:50:31.726+0000] GC(1220) Survivor regions: 23->16(16)
[2025-08-01T03:50:31.726+0000] GC(1220) Old regions: 1706->1815
[2025-08-01T03:50:31.726+0000] GC(1220) Humongous regions: 0->0
[2025-08-01T03:50:31.726+0000] GC(1220) Metaspace: 10593K(10816K)->10593K(10816K) NonClass: 9335K(9472K)->9335K(9472K) Class: 1258K(1344K)->1258K(1344K)
[2025-08-01T03:50:31.726+0000] GC(1220) Pause Young (Normal) (G1 Evacuation Pause) 3656M->3661M(4096M) 44.181ms
[2025-08-01T03:50:31.726+0000] GC(1220) User=0.32s Sys=0.01s Real=0.05s
[2025-08-01T03:50:31.758+0000] GC(1218) Concurrent Mark From Roots 180.709ms
[2025-08-01T03:50:31.758+0000] GC(1218) Concurrent Preclean
[2025-08-01T03:50:31.758+0000] GC(1218) Concurrent Preclean 0.023ms
[2025-08-01T03:50:31.758+0000] GC(1218) Pause Remark
[2025-08-01T03:50:31.761+0000] GC(1218) Pause Remark 3832M->1322M(4096M) 3.130ms
[2025-08-01T03:50:31.762+0000] GC(1218) User=0.01s Sys=0.00s Real=0.00s
[2025-08-01T03:50:31.762+0000] GC(1218) Concurrent Mark 184.326ms
[2025-08-01T03:50:31.762+0000] GC(1218) Concurrent Rebuild Remembered Sets and Scrub Regions
[2025-08-01T03:50:31.786+0000] GC(1221) Pause Young (Normal) (G1 Evacuation Pause)
[2025-08-01T03:50:31.787+0000] GC(1221) Using 8 workers of 8 for evacuation
[2025-08-01T03:50:31.814+0000] GC(1221)   Pre Evacuate Collection Set: 0.6ms
[2025-08-01T03:50:31.814+0000] GC(1221)   Merge Heap Roots: 0.3ms
[2025-08-01T03:50:31.814+0000] GC(1221)   Evacuate Collection Set: 25.4ms
[2025-08-01T03:50:31.814+0000] GC(1221)   Post Evacuate Collection Set: 0.8ms
[2025-08-01T03:50:31.814+0000] GC(1221)   Other: 0.1ms
[2025-08-01T03:50:31.814+0000] GC(1221) Eden regions: 86->0(504)
[2025-08-01T03:50:31.814+0000] GC(1221) Survivor regions: 16->13(13)
[2025-08-01T03:50:31.814+0000] GC(1221) Old regions: 560->631
[2025-08-01T03:50:31.814+0000] GC(1221) Humongous regions: 0->0
[2025-08-01T03:50:31.814+0000] GC(1221) Metaspace: 10593K(10816K)->10593K(10816K) NonClass: 9335K(9472K)->9335K(9472K) Class: 1258K(1344K)->1258K(1344K)
[2025-08-01T03:50:31.814+0000] GC(1221) Pause Young (Normal) (G1 Evacuation Pause) 1323M->1286M(4096M) 27.594ms
[2025-08-01T03:50:31.814+0000] GC(1221) User=0.20s Sys=0.01s Real=0.03s
[2025-08-01T03:50:31.896+0000] GC(1218) Concurrent Rebuild Remembered Sets and Scrub Regions 134.691ms
[2025-08-01T03:50:31.898+0000] GC(1218) Pause Cleanup
[2025-08-01T03:50:31.899+0000] GC(1218) Pause Cleanup 1654M->1654M(4096M) 1.189ms
[2025-08-01T03:50:31.899+0000] GC(1218) User=0.01s Sys=0.00s Real=0.00s
[2025-08-01T03:50:31.899+0000] GC(1218) Concurrent Clear Claimed Marks
[2025-08-01T03:50:31.899+0000] GC(1218) Concurrent Clear Claimed Marks 0.070ms
[2025-08-01T03:50:31.899+0000] GC(1218) Concurrent Cleanup for Next Mark
[2025-08-01T03:50:31.913+0000] GC(1218) Concurrent Cleanup for Next Mark 13.872ms
[2025-08-01T03:50:31.913+0000] GC(1218) Concurrent Mark Cycle 362.290ms
[2025-08-01T03:50:32.005+0000] GC(1222) Pause Young (Prepare Mixed) (G1 Evacuation Pause)
[2025-08-01T03:50:32.005+0000] GC(1222) Using 8 workers of 8 for evacuation
[2025-08-01T03:50:32.240+0000] GC(1222) MMU target violated: 201.0ms (200.0ms/201.0ms)
[2025-08-01T03:50:32.240+0000] GC(1222)   Pre Evacuate Collection Set: 1.4ms
[2025-08-01T03:50:32.240+0000] GC(1222)   Merge Heap Roots: 0.4ms
[2025-08-01T03:50:32.240+0000] GC(1222)   Evacuate Collection Set: 231.7ms
[2025-08-01T03:50:32.240+0000] GC(1222)   Post Evacuate Collection Set: 1.1ms
[2025-08-01T03:50:32.240+0000] GC(1222)   Other: 0.2ms
[2025-08-01T03:50:32.240+0000] GC(1222) Eden regions: 504->0(334)
[2025-08-01T03:50:32.240+0000] GC(1222) Survivor regions: 13->65(65)
[2025-08-01T03:50:32.240+0000] GC(1222) Old regions: 631->991
[2025-08-01T03:50:32.240+0000] GC(1222) Humongous regions: 0->0
[2025-08-01T03:50:32.240+0000] GC(1222) Metaspace: 10593K(10816K)->10593K(10816K) NonClass: 9335K(9472K)->9335K(9472K) Class: 1258K(1344K)->1258K(1344K)
[2025-08-01T03:50:32.240+0000] GC(1222) Pause Young (Prepare Mixed) (G1 Evacuation Pause) 2294M->2111M(4096M) 235.031ms
[2025-08-01T03:50:32.240+0000] GC(1222) User=1.73s Sys=0.08s Real=0.23s
[2025-08-01T03:50:32.399+0000] GC(1223) Pause Young (Mixed) (G1 Evacuation Pause)
[2025-08-01T03:50:32.399+0000] GC(1223) Using 8 workers of 8 for evacuation
[2025-08-01T03:50:32.607+0000] GC(1223) MMU target violated: 201.0ms (200.0ms/201.0ms)
[2025-08-01T03:50:32.607+0000] GC(1223)   Pre Evacuate Collection Set: 0.8ms
[2025-08-01T03:50:32.607+0000] GC(1223)   Merge Heap Roots: 0.3ms
[2025-08-01T03:50:32.607+0000] GC(1223)   Evacuate Collection Set: 206.2ms
[2025-08-01T03:50:32.608+0000] GC(1223)   Post Evacuate Collection Set: 1.1ms
[2025-08-01T03:50:32.608+0000] GC(1223)   Other: 0.2ms
[2025-08-01T03:50:32.608+0000] GC(1223) Eden regions: 334->0(229)
[2025-08-01T03:50:32.608+0000] GC(1223) Survivor regions: 65->50(50)
[2025-08-01T03:50:32.608+0000] GC(1223) Old regions: 991->1272
[2025-08-01T03:50:32.608+0000] GC(1223) Humongous regions: 0->0
[2025-08-01T03:50:32.608+0000] GC(1223) Metaspace: 10593K(10816K)->10593K(10816K) NonClass: 9335K(9472K)->9335K(9472K) Class: 1258K(1344K)->1258K(1344K)
[2025-08-01T03:50:32.608+0000] GC(1223) Pause Young (Mixed) (G1 Evacuation Pause) 2779M->2642M(4096M) 208.861ms
[2025-08-01T03:50:32.608+0000] GC(1223) User=1.57s Sys=0.07s Real=0.21s
[2025-08-01T03:50:32.701+0000] GC(1224) Pause Young (Concurrent Start) (G1 Evacuation Pause)
[2025-08-01T03:50:32.701+0000] GC(1224) Using 8 workers of 8 for evacuation
[2025-08-01T03:50:32.794+0000] GC(1224)   Pre Evacuate Collection Set: 1.1ms
[2025-08-01T03:50:32.794+0000] GC(1224)   Merge Heap Roots: 0.2ms
[2025-08-01T03:50:32.794+0000] GC(1224)   Evacuate Collection Set: 87.9ms
[2025-08-01T03:50:32.794+0000] GC(1224)   Post Evacuate Collection Set: 3.3ms
[2025-08-01T03:50:32.794+0000] GC(1224)   Other: 0.4ms
[2025-08-01T03:50:32.794+0000] GC(1224) Eden regions: 229->0(159)
[2025-08-01T03:50:32.794+0000] GC(1224) Survivor regions: 50->35(35)
[2025-08-01T03:50:32.794+0000] GC(1224) Old regions: 1272->1500
[2025-08-01T03:50:32.794+0000] GC(1224) Humongous regions: 0->0
[2025-08-01T03:50:32.794+0000] GC(1224) Metaspace: 10593K(10816K)->10593K(10816K) NonClass: 9335K(9472K)->9335K(9472K) Class: 1258K(1344K)->1258K(1344K)
[2025-08-01T03:50:32.794+0000] GC(1224) Pause Young (Concurrent Start) (G1 Evacuation Pause) 3100M->3069M(4096M) 93.305ms
[2025-08-01T03:50:32.794+0000] GC(1224) User=0.68s Sys=0.01s Real=0.10s
[2025-08-01T03:50:32.794+0000] GC(1225) Concurrent Mark Cycle
[2025-08-01T03:50:32.794+0000] GC(1225) Concurrent Scan Root Regions
[2025-08-01T03:50:32.840+0000] GC(1225) Concurrent Scan Root Regions 45.228ms
[2025-08-01T03:50:32.840+0000] GC(1225) Concurrent Mark
[2025-08-01T03:50:32.840+0000] GC(1225) Concurrent Mark From Roots
[2025-08-01T03:50:32.840+0000] GC(1225) Using 2 workers of 2 for marking
[2025-08-01T03:50:32.884+0000] GC(1226) Pause Young (Normal) (G1 Evacuation Pause)
[2025-08-01T03:50:32.884+0000] GC(1226) Using 8 workers of 8 for evacuation
[2025-08-01T03:50:32.956+0000] GC(1226)   Pre Evacuate Collection Set: 1.0ms
[2025-08-01T03:50:32.956+0000] GC(1226)   Merge Heap Roots: 0.6ms
[2025-08-01T03:50:32.956+0000] GC(1226)   Evacuate Collection Set: 68.5ms
[2025-08-01T03:50:32.956+0000] GC(1226)   Post Evacuate Collection Set: 1.1ms
[2025-08-01T03:50:32.956+0000] GC(1226)   Other: 0.1ms
[2025-08-01T03:50:32.956+0000] GC(1226) Eden regions: 159->0(109)
[2025-08-01T03:50:32.956+0000] GC(1226) Survivor regions: 35->25(25)
[2025-08-01T03:50:32.956+0000] GC(1226) Old regions: 1500->1671
[2025-08-01T03:50:32.956+0000] GC(1226) Humongous regions: 0->0
[2025-08-01T03:50:32.956+0000] GC(1226) Metaspace: 10593K(10816K)->10593K(10816K) NonClass: 9335K(9472K)->9335K(9472K) Class: 1258K(1344K)->1258K(1344K)
[2025-08-01T03:50:32.956+0000] GC(1226) Pause Young (Normal) (G1 Evacuation Pause) 3387M->3390M(4096M) 71.595ms
[2025-08-01T03:50:32.956+0000] GC(1226) User=0.51s Sys=0.01s Real=0.07s
[2025-08-01T03:50:33.016+0000] GC(1225) Concurrent Mark From Roots 175.792ms
[2025-08-01T03:50:33.016+0000] GC(1225) Concurrent Preclean
[2025-08-01T03:50:33.016+0000] GC(1225) Concurrent Preclean 0.028ms
[2025-08-01T03:50:33.017+0000] GC(1225) Pause Remark
[2025-08-01T03:50:33.021+0000] GC(1225) Pause Remark 3540M->1632M(4096M) 3.688ms
[2025-08-01T03:50:33.021+0000] GC(1225) User=0.01s Sys=0.00s Real=0.00s
[2025-08-01T03:50:33.021+0000] GC(1225) Concurrent Mark 181.178ms
[2025-08-01T03:50:33.021+0000] GC(1225) Concurrent Rebuild Remembered Sets and Scrub Regions
[2025-08-01T03:50:33.031+0000] GC(1227) Pause Young (Normal) (G1 Evacuation Pause)
[2025-08-01T03:50:33.032+0000] GC(1227) Using 8 workers of 8 for evacuation
[2025-08-01T03:50:33.080+0000] GC(1227)   Pre Evacuate Collection Set: 0.7ms
[2025-08-01T03:50:33.080+0000] GC(1227)   Merge Heap Roots: 0.1ms
[2025-08-01T03:50:33.080+0000] GC(1227)   Evacuate Collection Set: 46.8ms
[2025-08-01T03:50:33.080+0000] GC(1227)   Post Evacuate Collection Set: 0.8ms
[2025-08-01T03:50:33.080+0000] GC(1227)   Other: 0.1ms
[2025-08-01T03:50:33.080+0000] GC(1227) Eden regions: 109->0(394)
[2025-08-01T03:50:33.080+0000] GC(1227) Survivor regions: 25->17(17)
[2025-08-01T03:50:33.080+0000] GC(1227) Old regions: 717->816
[2025-08-01T03:50:33.080+0000] GC(1227) Humongous regions: 0->0
[2025-08-01T03:50:33.080+0000] GC(1227) Metaspace: 10593K(10816K)->10593K(10816K) NonClass: 9335K(9472K)->9335K(9472K) Class: 1258K(1344K)->1258K(1344K)
[2025-08-01T03:50:33.080+0000] GC(1227) Pause Young (Normal) (G1 Evacuation Pause) 1700M->1664M(4096M) 48.829ms
[2025-08-01T03:50:33.080+0000] GC(1227) User=0.35s Sys=0.01s Real=0.05s
[2025-08-01T03:50:33.215+0000] GC(1225) Concurrent Rebuild Remembered Sets and Scrub Regions 193.955ms
[2025-08-01T03:50:33.215+0000] GC(1225) Pause Cleanup
[2025-08-01T03:50:33.218+0000] GC(1225) Pause Cleanup 2250M->2250M(4096M) 2.772ms
[2025-08-01T03:50:33.218+0000] GC(1225) User=0.01s Sys=0.00s Real=0.00s
[2025-08-01T03:50:33.218+0000] GC(1225) Concurrent Clear Claimed Marks
[2025-08-01T03:50:33.218+0000] GC(1225) Concurrent Clear Claimed Marks 0.042ms
[2025-08-01T03:50:33.218+0000] GC(1225) Concurrent Cleanup for Next Mark
[2025-08-01T03:50:33.227+0000] GC(1225) Concurrent Cleanup for Next Mark 9.240ms
[2025-08-01T03:50:33.228+0000] GC(1225) Concurrent Mark Cycle 433.138ms
[2025-08-01T03:50:33.246+0000] GC(1228) Pause Young (Prepare Mixed) (G1 Evacuation Pause)
[2025-08-01T03:50:33.246+0000] GC(1228) Using 8 workers of 8 for evacuation
[2025-08-01T03:50:33.359+0000] GC(1228)   Pre Evacuate Collection Set: 0.7ms
[2025-08-01T03:50:33.359+0000] GC(1228)   Merge Heap Roots: 0.2ms
[2025-08-01T03:50:33.359+0000] GC(1228)   Evacuate Collection Set: 111.7ms
[2025-08-01T03:50:33.359+0000] GC(1228)   Post Evacuate Collection Set: 0.9ms
[2025-08-01T03:50:33.359+0000] GC(1228)   Other: 0.1ms
[2025-08-01T03:50:33.359+0000] GC(1228) Eden regions: 394->0(284)
[2025-08-01T03:50:33.359+0000] GC(1228) Survivor regions: 17->52(52)
[2025-08-01T03:50:33.360+0000] GC(1228) Old regions: 816->1093
[2025-08-01T03:50:33.360+0000] GC(1228) Humongous regions: 0->0
[2025-08-01T03:50:33.360+0000] GC(1228) Metaspace: 10593K(10816K)->10593K(10816K) NonClass: 9335K(9472K)->9335K(9472K) Class: 1258K(1344K)->1258K(1344K)
[2025-08-01T03:50:33.360+0000] GC(1228) Pause Young (Prepare Mixed) (G1 Evacuation Pause) 2452M->2289M(4096M) 113.948ms
[2025-08-01T03:50:33.360+0000] GC(1228) User=0.83s Sys=0.03s Real=0.11s
[2025-08-01T03:50:33.498+0000] GC(1229) Pause Young (Mixed) (G1 Evacuation Pause)
[2025-08-01T03:50:33.498+0000] GC(1229) Using 8 workers of 8 for evacuation
[2025-08-01T03:50:33.677+0000] GC(1229)   Pre Evacuate Collection Set: 0.8ms
[2025-08-01T03:50:33.677+0000] GC(1229)   Merge Heap Roots: 0.2ms
[2025-08-01T03:50:33.677+0000] GC(1229)   Evacuate Collection Set: 177.1ms
[2025-08-01T03:50:33.677+0000] GC(1229)   Post Evacuate Collection Set: 1.1ms
[2025-08-01T03:50:33.677+0000] GC(1229)   Other: 0.1ms
[2025-08-01T03:50:33.677+0000] GC(1229) Eden regions: 284->0(207)
[2025-08-01T03:50:33.677+0000] GC(1229) Survivor regions: 52->42(42)
[2025-08-01T03:50:33.677+0000] GC(1229) Old regions: 1093->1342
[2025-08-01T03:50:33.677+0000] GC(1229) Humongous regions: 0->0
[2025-08-01T03:50:33.677+0000] GC(1229) Metaspace: 10593K(10816K)->10593K(10816K) NonClass: 9335K(9472K)->9335K(9472K) Class: 1258K(1344K)->1258K(1344K)
[2025-08-01T03:50:33.677+0000] GC(1229) Pause Young (Mixed) (G1 Evacuation Pause) 2857M->2767M(4096M) 179.607ms
[2025-08-01T03:50:33.677+0000] GC(1229) User=1.35s Sys=0.05s Real=0.18s
[2025-08-01T03:50:33.758+0000] GC(1230) Pause Young (Concurrent Start) (G1 Evacuation Pause)
[2025-08-01T03:50:33.758+0000] GC(1230) Using 8 workers of 8 for evacuation
[2025-08-01T03:50:33.845+0000] GC(1230)   Pre Evacuate Collection Set: 0.8ms
[2025-08-01T03:50:33.845+0000] GC(1230)   Merge Heap Roots: 0.3ms
[2025-08-01T03:50:33.845+0000] GC(1230)   Evacuate Collection Set: 83.9ms
[2025-08-01T03:50:33.845+0000] GC(1230)   Post Evacuate Collection Set: 1.5ms
[2025-08-01T03:50:33.845+0000] GC(1230)   Other: 0.2ms
[2025-08-01T03:50:33.845+0000] GC(1230) Eden regions: 207->0(157)
[2025-08-01T03:50:33.845+0000] GC(1230) Survivor regions: 42->32(32)
[2025-08-01T03:50:33.845+0000] GC(1230) Old regions: 1342->1516
[2025-08-01T03:50:33.845+0000] GC(1230) Humongous regions: 0->0
[2025-08-01T03:50:33.845+0000] GC(1230) Metaspace: 10593K(10816K)->10593K(10816K) NonClass: 9335K(9472K)->9335K(9472K) Class: 1258K(1344K)->1258K(1344K)
[2025-08-01T03:50:33.845+0000] GC(1230) Pause Young (Concurrent Start) (G1 Evacuation Pause) 3181M->3094M(4096M) 86.990ms
[2025-08-01T03:50:33.845+0000] GC(1230) User=0.63s Sys=0.02s Real=0.09s
[2025-08-01T03:50:33.845+0000] GC(1231) Concurrent Mark Cycle
[2025-08-01T03:50:33.846+0000] GC(1231) Concurrent Scan Root Regions
[2025-08-01T03:50:33.886+0000] GC(1231) Concurrent Scan Root Regions 40.061ms
[2025-08-01T03:50:33.886+0000] GC(1231) Concurrent Mark
[2025-08-01T03:50:33.886+0000] GC(1231) Concurrent Mark From Roots
[2025-08-01T03:50:33.886+0000] GC(1231) Using 2 workers of 2 for marking
[2025-08-01T03:50:33.913+0000] GC(1232) Pause Young (Normal) (G1 Evacuation Pause)
[2025-08-01T03:50:33.913+0000] GC(1232) Using 8 workers of 8 for evacuation
[2025-08-01T03:50:33.939+0000] GC(1232)   Pre Evacuate Collection Set: 0.6ms
[2025-08-01T03:50:33.939+0000] GC(1232)   Merge Heap Roots: 0.2ms
[2025-08-01T03:50:33.939+0000] GC(1232)   Evacuate Collection Set: 24.3ms
[2025-08-01T03:50:33.939+0000] GC(1232)   Post Evacuate Collection Set: 0.8ms
[2025-08-01T03:50:33.939+0000] GC(1232)   Other: 0.1ms
[2025-08-01T03:50:33.939+0000] GC(1232) Eden regions: 157->0(149)
[2025-08-01T03:50:33.939+0000] GC(1232) Survivor regions: 32->24(24)
[2025-08-01T03:50:33.939+0000] GC(1232) Old regions: 1516->1572
[2025-08-01T03:50:33.939+0000] GC(1232) Humongous regions: 0->0
[2025-08-01T03:50:33.939+0000] GC(1232) Metaspace: 10593K(10816K)->10593K(10816K) NonClass: 9335K(9472K)->9335K(9472K) Class: 1258K(1344K)->1258K(1344K)
[2025-08-01T03:50:33.939+0000] GC(1232) Pause Young (Normal) (G1 Evacuation Pause) 3408M->3190M(4096M) 26.256ms
[2025-08-01T03:50:33.939+0000] GC(1232) User=0.19s Sys=0.00s Real=0.02s
[2025-08-01T03:50:33.967+0000] GC(1233) Pause Young (Normal) (G1 Evacuation Pause)
[2025-08-01T03:50:33.967+0000] GC(1233) Using 8 workers of 8 for evacuation
[2025-08-01T03:50:34.019+0000] GC(1233)   Pre Evacuate Collection Set: 1.0ms
[2025-08-01T03:50:34.019+0000] GC(1233)   Merge Heap Roots: 0.1ms
[2025-08-01T03:50:34.019+0000] GC(1233)   Evacuate Collection Set: 49.2ms
[2025-08-01T03:50:34.019+0000] GC(1233)   Post Evacuate Collection Set: 1.0ms
[2025-08-01T03:50:34.019+0000] GC(1233)   Other: 0.1ms
[2025-08-01T03:50:34.019+0000] GC(1233) Eden regions: 149->0(95)
[2025-08-01T03:50:34.019+0000] GC(1233) Survivor regions: 24->22(22)
[2025-08-01T03:50:34.019+0000] GC(1233) Old regions: 1572->1724
[2025-08-01T03:50:34.019+0000] GC(1233) Humongous regions: 0->0
[2025-08-01T03:50:34.019+0000] GC(1233) Metaspace: 10593K(10816K)->10593K(10816K) NonClass: 9335K(9472K)->9335K(9472K) Class: 1258K(1344K)->1258K(1344K)
[2025-08-01T03:50:34.019+0000] GC(1233) Pause Young (Normal) (G1 Evacuation Pause) 3488M->3491M(4096M) 51.662ms
[2025-08-01T03:50:34.019+0000] GC(1233) User=0.38s Sys=0.00s Real=0.05s
[2025-08-01T03:50:34.080+0000] GC(1234) Pause Young (Normal) (G1 Evacuation Pause)
[2025-08-01T03:50:34.080+0000] GC(1234) Using 8 workers of 8 for evacuation
[2025-08-01T03:50:34.102+0000] GC(1234)   Pre Evacuate Collection Set: 0.6ms
[2025-08-01T03:50:34.102+0000] GC(1234)   Merge Heap Roots: 0.2ms
[2025-08-01T03:50:34.102+0000] GC(1234)   Evacuate Collection Set: 20.2ms
[2025-08-01T03:50:34.102+0000] GC(1234)   Post Evacuate Collection Set: 1.3ms
[2025-08-01T03:50:34.102+0000] GC(1234)   Other: 0.1ms
[2025-08-01T03:50:34.102+0000] GC(1234) Eden regions: 95->0(87)
[2025-08-01T03:50:34.102+0000] GC(1234) Survivor regions: 22->15(15)
[2025-08-01T03:50:34.102+0000] GC(1234) Old regions: 1724->1780
[2025-08-01T03:50:34.102+0000] GC(1234) Humongous regions: 0->0
[2025-08-01T03:50:34.102+0000] GC(1234) Metaspace: 10593K(10816K)->10593K(10816K) NonClass: 9335K(9472K)->9335K(9472K) Class: 1258K(1344K)->1258K(1344K)
[2025-08-01T03:50:34.102+0000] GC(1234) Pause Young (Normal) (G1 Evacuation Pause) 3681M->3589M(4096M) 22.729ms
[2025-08-01T03:50:34.102+0000] GC(1234) User=0.16s Sys=0.00s Real=0.02s
[2025-08-01T03:50:34.111+0000] GC(1231) Concurrent Mark From Roots 225.222ms
[2025-08-01T03:50:34.111+0000] GC(1231) Concurrent Preclean
[2025-08-01T03:50:34.111+0000] GC(1231) Concurrent Preclean 0.032ms
[2025-08-01T03:50:34.111+0000] GC(1231) Pause Remark
[2025-08-01T03:50:34.114+0000] GC(1231) Pause Remark 3661M->1947M(4096M) 2.969ms
[2025-08-01T03:50:34.114+0000] GC(1231) User=0.01s Sys=0.00s Real=0.01s
[2025-08-01T03:50:34.115+0000] GC(1231) Concurrent Mark 228.871ms
[2025-08-01T03:50:34.115+0000] GC(1231) Concurrent Rebuild Remembered Sets and Scrub Regions
[2025-08-01T03:50:34.124+0000] GC(1235) Pause Young (Normal) (G1 Evacuation Pause)
[2025-08-01T03:50:34.124+0000] GC(1235) Using 8 workers of 8 for evacuation
[2025-08-01T03:50:34.156+0000] GC(1235)   Pre Evacuate Collection Set: 0.7ms
[2025-08-01T03:50:34.156+0000] GC(1235)   Merge Heap Roots: 0.3ms
[2025-08-01T03:50:34.156+0000] GC(1235)   Evacuate Collection Set: 29.3ms
[2025-08-01T03:50:34.156+0000] GC(1235)   Post Evacuate Collection Set: 1.6ms
[2025-08-01T03:50:34.156+0000] GC(1235)   Other: 0.1ms
[2025-08-01T03:50:34.156+0000] GC(1235) Eden regions: 87->0(328)
[2025-08-01T03:50:34.156+0000] GC(1235) Survivor regions: 15->13(13)
[2025-08-01T03:50:34.156+0000] GC(1235) Old regions: 923->1014
[2025-08-01T03:50:34.156+0000] GC(1235) Humongous regions: 0->0
[2025-08-01T03:50:34.156+0000] GC(1235) Metaspace: 10593K(10816K)->10593K(10816K) NonClass: 9335K(9472K)->9335K(9472K) Class: 1258K(1344K)->1258K(1344K)
[2025-08-01T03:50:34.156+0000] GC(1235) Pause Young (Normal) (G1 Evacuation Pause) 2049M->2052M(4096M) 32.130ms
[2025-08-01T03:50:34.156+0000] GC(1235) User=0.23s Sys=0.00s Real=0.03s
[2025-08-01T03:50:34.312+0000] GC(1236) Pause Young (Normal) (G1 Evacuation Pause)
[2025-08-01T03:50:34.312+0000] GC(1236) Using 8 workers of 8 for evacuation
[2025-08-01T03:50:34.437+0000] GC(1236)   Pre Evacuate Collection Set: 0.8ms
[2025-08-01T03:50:34.438+0000] GC(1236)   Merge Heap Roots: 0.8ms
[2025-08-01T03:50:34.438+0000] GC(1236)   Evacuate Collection Set: 122.6ms
[2025-08-01T03:50:34.438+0000] GC(1236)   Post Evacuate Collection Set: 1.2ms
[2025-08-01T03:50:34.438+0000] GC(1236)   Other: 0.1ms
[2025-08-01T03:50:34.438+0000] GC(1236) Eden regions: 328->0(217)
[2025-08-01T03:50:34.438+0000] GC(1236) Survivor regions: 13->43(43)
[2025-08-01T03:50:34.438+0000] GC(1236) Old regions: 1014->1314
[2025-08-01T03:50:34.438+0000] GC(1236) Humongous regions: 0->0
[2025-08-01T03:50:34.438+0000] GC(1236) Metaspace: 10593K(10816K)->10593K(10816K) NonClass: 9335K(9472K)->9335K(9472K) Class: 1258K(1344K)->1258K(1344K)
[2025-08-01T03:50:34.438+0000] GC(1236) Pause Young (Normal) (G1 Evacuation Pause) 2708M->2712M(4096M) 125.958ms
[2025-08-01T03:50:34.438+0000] GC(1236) User=0.88s Sys=0.03s Real=0.13s
[2025-08-01T03:50:34.454+0000] GC(1231) Concurrent Rebuild Remembered Sets and Scrub Regions 339.786ms
[2025-08-01T03:50:34.455+0000] GC(1231) Pause Cleanup
[2025-08-01T03:50:34.456+0000] GC(1231) Pause Cleanup 2874M->2874M(4096M) 1.331ms
[2025-08-01T03:50:34.456+0000] GC(1231) User=0.00s Sys=0.00s Real=0.00s
[2025-08-01T03:50:34.456+0000] GC(1231) Concurrent Clear Claimed Marks
[2025-08-01T03:50:34.456+0000] GC(1231) Concurrent Clear Claimed Marks 0.050ms
[2025-08-01T03:50:34.456+0000] GC(1231) Concurrent Cleanup for Next Mark
[2025-08-01T03:50:34.465+0000] GC(1231) Concurrent Cleanup for Next Mark 8.423ms
[2025-08-01T03:50:34.465+0000] GC(1231) Concurrent Mark Cycle 619.455ms
[2025-08-01T03:50:34.527+0000] GC(1237) Pause Young (Prepare Mixed) (G1 Evacuation Pause)
[2025-08-01T03:50:34.528+0000] GC(1237) Using 8 workers of 8 for evacuation
[2025-08-01T03:50:34.621+0000] GC(1237)   Pre Evacuate Collection Set: 0.9ms
[2025-08-01T03:50:34.621+0000] GC(1237)   Merge Heap Roots: 0.4ms
[2025-08-01T03:50:34.621+0000] GC(1237)   Evacuate Collection Set: 91.0ms
[2025-08-01T03:50:34.621+0000] GC(1237)   Post Evacuate Collection Set: 1.0ms
[2025-08-01T03:50:34.621+0000] GC(1237)   Other: 0.1ms
[2025-08-01T03:50:34.621+0000] GC(1237) Eden regions: 217->0(158)
[2025-08-01T03:50:34.621+0000] GC(1237) Survivor regions: 43->33(33)
[2025-08-01T03:50:34.621+0000] GC(1237) Old regions: 1314->1510
[2025-08-01T03:50:34.621+0000] GC(1237) Humongous regions: 0->0
[2025-08-01T03:50:34.621+0000] GC(1237) Metaspace: 10593K(10816K)->10593K(10816K) NonClass: 9335K(9472K)->9335K(9472K) Class: 1258K(1344K)->1258K(1344K)
[2025-08-01T03:50:34.621+0000] GC(1237) Pause Young (Prepare Mixed) (G1 Evacuation Pause) 3146M->3084M(4096M) 93.661ms
[2025-08-01T03:50:34.621+0000] GC(1237) User=0.71s Sys=0.02s Real=0.09s
[2025-08-01T03:50:34.696+0000] GC(1238) Pause Young (Mixed) (G1 Evacuation Pause)
[2025-08-01T03:50:34.696+0000] GC(1238) Using 8 workers of 8 for evacuation
[2025-08-01T03:50:34.756+0000] GC(1238)   Pre Evacuate Collection Set: 1.9ms
[2025-08-01T03:50:34.756+0000] GC(1238)   Merge Heap Roots: 0.3ms
[2025-08-01T03:50:34.756+0000] GC(1238)   Evacuate Collection Set: 56.1ms
[2025-08-01T03:50:34.756+0000] GC(1238)   Post Evacuate Collection Set: 1.0ms
[2025-08-01T03:50:34.756+0000] GC(1238)   Other: 0.1ms
[2025-08-01T03:50:34.756+0000] GC(1238) Eden regions: 158->0(149)
[2025-08-01T03:50:34.756+0000] GC(1238) Survivor regions: 33->24(24)
[2025-08-01T03:50:34.756+0000] GC(1238) Old regions: 1510->1550
[2025-08-01T03:50:34.756+0000] GC(1238) Humongous regions: 0->0
[2025-08-01T03:50:34.756+0000] GC(1238) Metaspace: 10593K(10816K)->10593K(10816K) NonClass: 9335K(9472K)->9335K(9472K) Class: 1258K(1344K)->1258K(1344K)
[2025-08-01T03:50:34.756+0000] GC(1238) Pause Young (Mixed) (G1 Evacuation Pause) 3400M->3147M(4096M) 59.834ms
[2025-08-01T03:50:34.756+0000] GC(1238) User=0.45s Sys=0.01s Real=0.06s
[2025-08-01T03:50:34.839+0000] GC(1239) Pause Young (Concurrent Start) (G1 Evacuation Pause)
[2025-08-01T03:50:34.839+0000] GC(1239) Using 8 workers of 8 for evacuation
[2025-08-01T03:50:34.893+0000] GC(1239)   Pre Evacuate Collection Set: 1.1ms
[2025-08-01T03:50:34.893+0000] GC(1239)   Merge Heap Roots: 0.2ms
[2025-08-01T03:50:34.893+0000] GC(1239)   Evacuate Collection Set: 51.0ms
[2025-08-01T03:50:34.893+0000] GC(1239)   Post Evacuate Collection Set: 1.1ms
[2025-08-01T03:50:34.893+0000] GC(1239)   Other: 0.3ms
[2025-08-01T03:50:34.893+0000] GC(1239) Eden regions: 149->0(110)
[2025-08-01T03:50:34.893+0000] GC(1239) Survivor regions: 24->22(22)
[2025-08-01T03:50:34.893+0000] GC(1239) Old regions: 1550->1672
[2025-08-01T03:50:34.893+0000] GC(1239) Humongous regions: 0->0
[2025-08-01T03:50:34.893+0000] GC(1239) Metaspace: 10593K(10816K)->10593K(10816K) NonClass: 9335K(9472K)->9335K(9472K) Class: 1258K(1344K)->1258K(1344K)
[2025-08-01T03:50:34.893+0000] GC(1239) Pause Young (Concurrent Start) (G1 Evacuation Pause) 3445M->3387M(4096M) 54.004ms
[2025-08-01T03:50:34.893+0000] GC(1239) User=0.40s Sys=0.01s Real=0.05s
[2025-08-01T03:50:34.893+0000] GC(1240) Concurrent Mark Cycle
[2025-08-01T03:50:34.893+0000] GC(1240) Concurrent Scan Root Regions
[2025-08-01T03:50:34.923+0000] GC(1240) Concurrent Scan Root Regions 30.492ms
[2025-08-01T03:50:34.923+0000] GC(1240) Concurrent Mark
[2025-08-01T03:50:34.923+0000] GC(1240) Concurrent Mark From Roots
[2025-08-01T03:50:34.923+0000] GC(1240) Using 2 workers of 2 for marking
[2025-08-01T03:50:34.966+0000] GC(1241) Pause Young (Normal) (G1 Evacuation Pause)
[2025-08-01T03:50:34.966+0000] GC(1241) Using 8 workers of 8 for evacuation
[2025-08-01T03:50:35.035+0000] GC(1241)   Pre Evacuate Collection Set: 0.8ms
[2025-08-01T03:50:35.035+0000] GC(1241)   Merge Heap Roots: 0.2ms
[2025-08-01T03:50:35.035+0000] GC(1241)   Evacuate Collection Set: 65.8ms
[2025-08-01T03:50:35.035+0000] GC(1241)   Post Evacuate Collection Set: 1.9ms
[2025-08-01T03:50:35.035+0000] GC(1241)   Other: 0.1ms
[2025-08-01T03:50:35.035+0000] GC(1241) Eden regions: 110->0(85)
[2025-08-01T03:50:35.035+0000] GC(1241) Survivor regions: 22->17(17)
[2025-08-01T03:50:35.035+0000] GC(1241) Old regions: 1672->1788
[2025-08-01T03:50:35.035+0000] GC(1241) Humongous regions: 0->0
[2025-08-01T03:50:35.035+0000] GC(1241) Metaspace: 10593K(10816K)->10593K(10816K) NonClass: 9335K(9472K)->9335K(9472K) Class: 1258K(1344K)->1258K(1344K)
[2025-08-01T03:50:35.035+0000] GC(1241) Pause Young (Normal) (G1 Evacuation Pause) 3607M->3609M(4096M) 69.002ms
[2025-08-01T03:50:35.035+0000] GC(1241) User=0.48s Sys=0.02s Real=0.07s
[2025-08-01T03:50:35.055+0000] GC(1240) Concurrent Mark From Roots 131.548ms
[2025-08-01T03:50:35.055+0000] GC(1240) Concurrent Preclean
[2025-08-01T03:50:35.055+0000] GC(1240) Concurrent Preclean 0.026ms
[2025-08-01T03:50:35.055+0000] GC(1240) Pause Remark
[2025-08-01T03:50:35.060+0000] GC(1240) Pause Remark 3757M->1051M(4096M) 4.879ms
[2025-08-01T03:50:35.060+0000] GC(1240) User=0.02s Sys=0.00s Real=0.00s
[2025-08-01T03:50:35.060+0000] GC(1240) Concurrent Mark 136.995ms
[2025-08-01T03:50:35.060+0000] GC(1240) Concurrent Rebuild Remembered Sets and Scrub Regions
[2025-08-01T03:50:35.063+0000] GC(1242) Pause Young (Normal) (G1 Evacuation Pause)
[2025-08-01T03:50:35.063+0000] GC(1242) Using 8 workers of 8 for evacuation
[2025-08-01T03:50:35.100+0000] GC(1242)   Pre Evacuate Collection Set: 0.7ms
[2025-08-01T03:50:35.100+0000] GC(1242)   Merge Heap Roots: 0.2ms
[2025-08-01T03:50:35.100+0000] GC(1242)   Evacuate Collection Set: 35.2ms
[2025-08-01T03:50:35.100+0000] GC(1242)   Post Evacuate Collection Set: 0.8ms
[2025-08-01T03:50:35.100+0000] GC(1242)   Other: 0.1ms
[2025-08-01T03:50:35.100+0000] GC(1242) Eden regions: 85->0(522)
[2025-08-01T03:50:35.100+0000] GC(1242) Survivor regions: 17->13(13)
[2025-08-01T03:50:35.100+0000] GC(1242) Old regions: 435->527
[2025-08-01T03:50:35.100+0000] GC(1242) Humongous regions: 0->0
[2025-08-01T03:50:35.100+0000] GC(1242) Metaspace: 10593K(10816K)->10593K(10816K) NonClass: 9335K(9472K)->9335K(9472K) Class: 1258K(1344K)->1258K(1344K)
[2025-08-01T03:50:35.100+0000] GC(1242) Pause Young (Normal) (G1 Evacuation Pause) 1073M->1078M(4096M) 37.490ms
[2025-08-01T03:50:35.100+0000] GC(1242) User=0.27s Sys=0.01s Real=0.04s
[2025-08-01T03:50:35.196+0000] GC(1240) Concurrent Rebuild Remembered Sets and Scrub Regions 135.376ms
[2025-08-01T03:50:35.196+0000] GC(1240) Pause Cleanup
[2025-08-01T03:50:35.197+0000] GC(1240) Pause Cleanup 1569M->1569M(4096M) 0.498ms
[2025-08-01T03:50:35.197+0000] GC(1240) User=0.00s Sys=0.00s Real=0.00s
[2025-08-01T03:50:35.197+0000] GC(1240) Concurrent Clear Claimed Marks
[2025-08-01T03:50:35.197+0000] GC(1240) Concurrent Clear Claimed Marks 0.022ms
[2025-08-01T03:50:35.197+0000] GC(1240) Concurrent Cleanup for Next Mark
[2025-08-01T03:50:35.206+0000] GC(1240) Concurrent Cleanup for Next Mark 9.080ms
[2025-08-01T03:50:35.206+0000] GC(1240) Concurrent Mark Cycle 312.929ms
[2025-08-01T03:50:35.340+0000] GC(1243) Pause Young (Prepare Mixed) (G1 Evacuation Pause)
[2025-08-01T03:50:35.340+0000] GC(1243) Using 8 workers of 8 for evacuation
[2025-08-01T03:50:35.505+0000] GC(1243)   Pre Evacuate Collection Set: 0.8ms
[2025-08-01T03:50:35.505+0000] GC(1243)   Merge Heap Roots: 0.4ms
[2025-08-01T03:50:35.505+0000] GC(1243)   Evacuate Collection Set: 161.4ms
[2025-08-01T03:50:35.505+0000] GC(1243)   Post Evacuate Collection Set: 2.5ms
[2025-08-01T03:50:35.505+0000] GC(1243)   Other: 0.2ms
[2025-08-01T03:50:35.505+0000] GC(1243) Eden regions: 522->0(400)
[2025-08-01T03:50:35.505+0000] GC(1243) Survivor regions: 13->67(67)
[2025-08-01T03:50:35.505+0000] GC(1243) Old regions: 527->692
[2025-08-01T03:50:35.505+0000] GC(1243) Humongous regions: 0->0
[2025-08-01T03:50:35.505+0000] GC(1243) Metaspace: 10593K(10816K)->10593K(10816K) NonClass: 9335K(9472K)->9335K(9472K) Class: 1258K(1344K)->1258K(1344K)
[2025-08-01T03:50:35.505+0000] GC(1243) Pause Young (Prepare Mixed) (G1 Evacuation Pause) 2122M->1517M(4096M) 165.751ms
[2025-08-01T03:50:35.505+0000] GC(1243) User=1.12s Sys=0.08s Real=0.17s
[2025-08-01T03:50:35.671+0000] GC(1244) Pause Young (Mixed) (G1 Evacuation Pause)
[2025-08-01T03:50:35.671+0000] GC(1244) Using 8 workers of 8 for evacuation
[2025-08-01T03:50:35.892+0000] GC(1244) MMU target violated: 201.0ms (200.0ms/201.0ms)
[2025-08-01T03:50:35.892+0000] GC(1244)   Pre Evacuate Collection Set: 1.1ms
[2025-08-01T03:50:35.892+0000] GC(1244)   Merge Heap Roots: 0.3ms
[2025-08-01T03:50:35.892+0000] GC(1244)   Evacuate Collection Set: 218.4ms
[2025-08-01T03:50:35.892+0000] GC(1244)   Post Evacuate Collection Set: 1.3ms
[2025-08-01T03:50:35.892+0000] GC(1244)   Other: 0.2ms
[2025-08-01T03:50:35.892+0000] GC(1244) Eden regions: 396->0(308)
[2025-08-01T03:50:35.892+0000] GC(1244) Survivor regions: 67->58(58)
[2025-08-01T03:50:35.892+0000] GC(1244) Old regions: 692->1054
[2025-08-01T03:50:35.892+0000] GC(1244) Humongous regions: 0->0
[2025-08-01T03:50:35.892+0000] GC(1244) Metaspace: 10593K(10816K)->10593K(10816K) NonClass: 9335K(9472K)->9335K(9472K) Class: 1258K(1344K)->1258K(1344K)
[2025-08-01T03:50:35.892+0000] GC(1244) Pause Young (Mixed) (G1 Evacuation Pause) 2309M->2222M(4096M) 221.568ms
[2025-08-01T03:50:35.892+0000] GC(1244) User=1.70s Sys=0.04s Real=0.22s
[2025-08-01T03:50:36.038+0000] GC(1245) Pause Young (Mixed) (G1 Evacuation Pause)
[2025-08-01T03:50:36.038+0000] GC(1245) Using 8 workers of 8 for evacuation
[2025-08-01T03:50:36.152+0000] GC(1245)   Pre Evacuate Collection Set: 1.0ms
[2025-08-01T03:50:36.152+0000] GC(1245)   Merge Heap Roots: 0.2ms
[2025-08-01T03:50:36.152+0000] GC(1245)   Evacuate Collection Set: 110.1ms
[2025-08-01T03:50:36.152+0000] GC(1245)   Post Evacuate Collection Set: 2.6ms
[2025-08-01T03:50:36.152+0000] GC(1245)   Other: 0.2ms
[2025-08-01T03:50:36.152+0000] GC(1245) Eden regions: 308->0(276)
[2025-08-01T03:50:36.152+0000] GC(1245) Survivor regions: 58->46(46)
[2025-08-01T03:50:36.152+0000] GC(1245) Old regions: 1054->1191
[2025-08-01T03:50:36.152+0000] GC(1245) Humongous regions: 0->0
[2025-08-01T03:50:36.152+0000] GC(1245) Metaspace: 10593K(10816K)->10593K(10816K) NonClass: 9335K(9472K)->9335K(9472K) Class: 1258K(1344K)->1258K(1344K)
[2025-08-01T03:50:36.152+0000] GC(1245) Pause Young (Mixed) (G1 Evacuation Pause) 2838M->2473M(4096M) 114.487ms
[2025-08-01T03:50:36.152+0000] GC(1245) User=0.82s Sys=0.04s Real=0.11s
[2025-08-01T03:50:36.252+0000] GC(1246) Pause Young (Concurrent Start) (G1 Evacuation Pause)
[2025-08-01T03:50:36.252+0000] GC(1246) Using 8 workers of 8 for evacuation
[2025-08-01T03:50:36.421+0000] GC(1246)   Pre Evacuate Collection Set: 1.1ms
[2025-08-01T03:50:36.421+0000] GC(1246)   Merge Heap Roots: 0.2ms
[2025-08-01T03:50:36.421+0000] GC(1246)   Evacuate Collection Set: 165.8ms
[2025-08-01T03:50:36.421+0000] GC(1246)   Post Evacuate Collection Set: 1.1ms
[2025-08-01T03:50:36.421+0000] GC(1246)   Other: 0.2ms
[2025-08-01T03:50:36.421+0000] GC(1246) Eden regions: 276->0(188)
[2025-08-01T03:50:36.421+0000] GC(1246) Survivor regions: 46->41(41)
[2025-08-01T03:50:36.421+0000] GC(1246) Old regions: 1191->1427
[2025-08-01T03:50:36.421+0000] GC(1246) Humongous regions: 0->0
[2025-08-01T03:50:36.421+0000] GC(1246) Metaspace: 10593K(10816K)->10593K(10816K) NonClass: 9335K(9472K)->9335K(9472K) Class: 1258K(1344K)->1258K(1344K)
[2025-08-01T03:50:36.421+0000] GC(1246) Pause Young (Concurrent Start) (G1 Evacuation Pause) 3025M->2934M(4096M) 168.679ms
[2025-08-01T03:50:36.421+0000] GC(1246) User=1.27s Sys=0.04s Real=0.17s
[2025-08-01T03:50:36.421+0000] GC(1247) Concurrent Mark Cycle
[2025-08-01T03:50:36.421+0000] GC(1247) Concurrent Scan Root Regions
[2025-08-01T03:50:36.476+0000] GC(1247) Concurrent Scan Root Regions 54.342ms
[2025-08-01T03:50:36.476+0000] GC(1247) Concurrent Mark
[2025-08-01T03:50:36.476+0000] GC(1247) Concurrent Mark From Roots
[2025-08-01T03:50:36.476+0000] GC(1247) Using 2 workers of 2 for marking
[2025-08-01T03:50:36.507+0000] GC(1248) Pause Young (Normal) (G1 Evacuation Pause)
[2025-08-01T03:50:36.507+0000] GC(1248) Using 8 workers of 8 for evacuation
[2025-08-01T03:50:36.588+0000] GC(1248)   Pre Evacuate Collection Set: 0.9ms
[2025-08-01T03:50:36.588+0000] GC(1248)   Merge Heap Roots: 0.2ms
[2025-08-01T03:50:36.588+0000] GC(1248)   Evacuate Collection Set: 78.8ms
[2025-08-01T03:50:36.588+0000] GC(1248)   Post Evacuate Collection Set: 1.0ms
[2025-08-01T03:50:36.588+0000] GC(1248)   Other: 0.1ms
[2025-08-01T03:50:36.588+0000] GC(1248) Eden regions: 188->0(126)
[2025-08-01T03:50:36.588+0000] GC(1248) Survivor regions: 41->29(29)
[2025-08-01T03:50:36.588+0000] GC(1248) Old regions: 1427->1615
[2025-08-01T03:50:36.588+0000] GC(1248) Humongous regions: 0->0
[2025-08-01T03:50:36.588+0000] GC(1248) Metaspace: 10593K(10816K)->10593K(10816K) NonClass: 9335K(9472K)->9335K(9472K) Class: 1258K(1344K)->1258K(1344K)
[2025-08-01T03:50:36.588+0000] GC(1248) Pause Young (Normal) (G1 Evacuation Pause) 3310M->3286M(4096M) 81.185ms
[2025-08-01T03:50:36.588+0000] GC(1248) User=0.54s Sys=0.03s Real=0.08s
[2025-08-01T03:50:36.620+0000] GC(1247) Concurrent Mark From Roots 144.166ms
[2025-08-01T03:50:36.620+0000] GC(1247) Concurrent Preclean
[2025-08-01T03:50:36.620+0000] GC(1247) Concurrent Preclean 0.017ms
[2025-08-01T03:50:36.621+0000] GC(1247) Pause Remark
[2025-08-01T03:50:36.625+0000] GC(1247) Pause Remark 3427M->1471M(4096M) 3.504ms
[2025-08-01T03:50:36.625+0000] GC(1247) User=0.02s Sys=0.00s Real=0.01s
[2025-08-01T03:50:36.625+0000] GC(1247) Concurrent Mark 149.401ms
[2025-08-01T03:50:36.625+0000] GC(1247) Concurrent Rebuild Remembered Sets and Scrub Regions
[2025-08-01T03:50:36.662+0000] GC(1249) Pause Young (Normal) (G1 Evacuation Pause)
[2025-08-01T03:50:36.662+0000] GC(1249) Using 8 workers of 8 for evacuation
[2025-08-01T03:50:36.720+0000] GC(1249)   Pre Evacuate Collection Set: 0.8ms
[2025-08-01T03:50:36.720+0000] GC(1249)   Merge Heap Roots: 0.1ms
[2025-08-01T03:50:36.720+0000] GC(1249)   Evacuate Collection Set: 55.7ms
[2025-08-01T03:50:36.720+0000] GC(1249)   Post Evacuate Collection Set: 1.2ms
[2025-08-01T03:50:36.720+0000] GC(1249)   Other: 0.1ms
[2025-08-01T03:50:36.720+0000] GC(1249) Eden regions: 126->0(446)
[2025-08-01T03:50:36.720+0000] GC(1249) Survivor regions: 29->20(20)
[2025-08-01T03:50:36.720+0000] GC(1249) Old regions: 637->773
[2025-08-01T03:50:36.720+0000] GC(1249) Humongous regions: 0->0
[2025-08-01T03:50:36.720+0000] GC(1249) Metaspace: 10593K(10816K)->10593K(10816K) NonClass: 9335K(9472K)->9335K(9472K) Class: 1258K(1344K)->1258K(1344K)
[2025-08-01T03:50:36.720+0000] GC(1249) Pause Young (Normal) (G1 Evacuation Pause) 1582M->1585M(4096M) 58.268ms
[2025-08-01T03:50:36.720+0000] GC(1249) User=0.42s Sys=0.01s Real=0.06s
[2025-08-01T03:50:36.826+0000] GC(1247) Concurrent Rebuild Remembered Sets and Scrub Regions 201.203ms
[2025-08-01T03:50:36.827+0000] GC(1247) Pause Cleanup
[2025-08-01T03:50:36.828+0000] GC(1247) Pause Cleanup 2197M->2197M(4096M) 0.900ms
[2025-08-01T03:50:36.828+0000] GC(1247) User=0.00s Sys=0.00s Real=0.00s
[2025-08-01T03:50:36.828+0000] GC(1247) Concurrent Clear Claimed Marks
[2025-08-01T03:50:36.828+0000] GC(1247) Concurrent Clear Claimed Marks 0.041ms
[2025-08-01T03:50:36.828+0000] GC(1247) Concurrent Cleanup for Next Mark
[2025-08-01T03:50:36.837+0000] GC(1247) Concurrent Cleanup for Next Mark 9.002ms
[2025-08-01T03:50:36.837+0000] GC(1247) Concurrent Mark Cycle 415.835ms
[2025-08-01T03:50:36.901+0000] GC(1250) Pause Young (Prepare Mixed) (G1 Evacuation Pause)
[2025-08-01T03:50:36.901+0000] GC(1250) Using 8 workers of 8 for evacuation
[2025-08-01T03:50:37.084+0000] GC(1250)   Pre Evacuate Collection Set: 2.5ms
[2025-08-01T03:50:37.084+0000] GC(1250)   Merge Heap Roots: 2.8ms
[2025-08-01T03:50:37.084+0000] GC(1250)   Evacuate Collection Set: 176.2ms
[2025-08-01T03:50:37.084+0000] GC(1250)   Post Evacuate Collection Set: 1.8ms
[2025-08-01T03:50:37.084+0000] GC(1250)   Other: 0.1ms
[2025-08-01T03:50:37.084+0000] GC(1250) Eden regions: 446->0(340)
[2025-08-01T03:50:37.085+0000] GC(1250) Survivor regions: 20->59(59)
[2025-08-01T03:50:37.085+0000] GC(1250) Old regions: 773->1014
[2025-08-01T03:50:37.085+0000] GC(1250) Humongous regions: 0->0
[2025-08-01T03:50:37.085+0000] GC(1250) Metaspace: 10593K(10816K)->10593K(10816K) NonClass: 9335K(9472K)->9335K(9472K) Class: 1258K(1344K)->1258K(1344K)
[2025-08-01T03:50:37.085+0000] GC(1250) Pause Young (Prepare Mixed) (G1 Evacuation Pause) 2477M->2145M(4096M) 183.679ms
[2025-08-01T03:50:37.085+0000] GC(1250) User=1.35s Sys=0.06s Real=0.19s
[2025-08-01T03:50:37.242+0000] GC(1251) Pause Young (Mixed) (G1 Evacuation Pause)
[2025-08-01T03:50:37.242+0000] GC(1251) Using 8 workers of 8 for evacuation
[2025-08-01T03:50:37.363+0000] GC(1251)   Pre Evacuate Collection Set: 0.8ms
[2025-08-01T03:50:37.363+0000] GC(1251)   Merge Heap Roots: 0.3ms
[2025-08-01T03:50:37.363+0000] GC(1251)   Evacuate Collection Set: 117.8ms
[2025-08-01T03:50:37.363+0000] GC(1251)   Post Evacuate Collection Set: 1.2ms
[2025-08-01T03:50:37.363+0000] GC(1251)   Other: 0.1ms
[2025-08-01T03:50:37.363+0000] GC(1251) Eden regions: 340->0(244)
[2025-08-01T03:50:37.363+0000] GC(1251) Survivor regions: 59->50(50)
[2025-08-01T03:50:37.363+0000] GC(1251) Old regions: 1014->1258
[2025-08-01T03:50:37.363+0000] GC(1251) Humongous regions: 0->0
[2025-08-01T03:50:37.363+0000] GC(1251) Metaspace: 10593K(10816K)->10593K(10816K) NonClass: 9335K(9472K)->9335K(9472K) Class: 1258K(1344K)->1258K(1344K)
[2025-08-01T03:50:37.363+0000] GC(1251) Pause Young (Mixed) (G1 Evacuation Pause) 2825M->2614M(4096M) 120.594ms
[2025-08-01T03:50:37.363+0000] GC(1251) User=0.92s Sys=0.01s Real=0.13s
[2025-08-01T03:50:37.498+0000] GC(1252) Pause Young (Concurrent Start) (G1 Evacuation Pause)
[2025-08-01T03:50:37.498+0000] GC(1252) Using 8 workers of 8 for evacuation
[2025-08-01T03:50:37.634+0000] GC(1252)   Pre Evacuate Collection Set: 1.1ms
[2025-08-01T03:50:37.634+0000] GC(1252)   Merge Heap Roots: 0.5ms
[2025-08-01T03:50:37.634+0000] GC(1252)   Evacuate Collection Set: 131.4ms
[2025-08-01T03:50:37.634+0000] GC(1252)   Post Evacuate Collection Set: 1.0ms
[2025-08-01T03:50:37.635+0000] GC(1252)   Other: 2.2ms
[2025-08-01T03:50:37.635+0000] GC(1252) Eden regions: 244->0(154)
[2025-08-01T03:50:37.635+0000] GC(1252) Survivor regions: 50->37(37)
[2025-08-01T03:50:37.635+0000] GC(1252) Old regions: 1258->1516
[2025-08-01T03:50:37.635+0000] GC(1252) Humongous regions: 0->0
[2025-08-01T03:50:37.635+0000] GC(1252) Metaspace: 10593K(10816K)->10593K(10816K) NonClass: 9335K(9472K)->9335K(9472K) Class: 1258K(1344K)->1258K(1344K)
[2025-08-01T03:50:37.635+0000] GC(1252) Pause Young (Concurrent Start) (G1 Evacuation Pause) 3102M->3105M(4096M) 136.535ms
[2025-08-01T03:50:37.635+0000] GC(1252) User=0.95s Sys=0.04s Real=0.14s
[2025-08-01T03:50:37.635+0000] GC(1253) Concurrent Mark Cycle
[2025-08-01T03:50:37.636+0000] GC(1253) Concurrent Scan Root Regions
[2025-08-01T03:50:37.669+0000] GC(1254) Pause Young (Normal) (G1 Evacuation Pause)
[2025-08-01T03:50:37.669+0000] GC(1254) Using 8 workers of 8 for evacuation
[2025-08-01T03:50:37.701+0000] GC(1253) Concurrent Scan Root Regions 65.639ms
[2025-08-01T03:50:37.701+0000] GC(1253) Concurrent Mark
[2025-08-01T03:50:37.701+0000] GC(1253) Concurrent Mark From Roots
[2025-08-01T03:50:37.702+0000] GC(1253) Using 2 workers of 2 for marking
[2025-08-01T03:50:37.763+0000] GC(1254)   Pre Evacuate Collection Set: 0.6ms
[2025-08-01T03:50:37.763+0000] GC(1254)   Merge Heap Roots: 0.2ms
[2025-08-01T03:50:37.763+0000] GC(1254)   Evacuate Collection Set: 59.3ms
[2025-08-01T03:50:37.763+0000] GC(1254)   Post Evacuate Collection Set: 1.3ms
[2025-08-01T03:50:37.763+0000] GC(1254)   Other: 0.2ms
[2025-08-01T03:50:37.763+0000] GC(1254) Eden regions: 154->0(105)
[2025-08-01T03:50:37.763+0000] GC(1254) Survivor regions: 37->24(24)
[2025-08-01T03:50:37.763+0000] GC(1254) Old regions: 1516->1684
[2025-08-01T03:50:37.763+0000] GC(1254) Humongous regions: 0->0
[2025-08-01T03:50:37.763+0000] GC(1254) Metaspace: 10593K(10816K)->10593K(10816K) NonClass: 9335K(9472K)->9335K(9472K) Class: 1258K(1344K)->1258K(1344K)
[2025-08-01T03:50:37.763+0000] GC(1254) Pause Young (Normal) (G1 Evacuation Pause) 3413M->3415M(4096M) 94.540ms
[2025-08-01T03:50:37.763+0000] GC(1254) User=0.53s Sys=0.01s Real=0.10s
[2025-08-01T03:50:37.826+0000] GC(1255) Pause Young (Normal) (G1 Evacuation Pause)
[2025-08-01T03:50:37.827+0000] GC(1255) Using 8 workers of 8 for evacuation
[2025-08-01T03:50:37.865+0000] GC(1255)   Pre Evacuate Collection Set: 0.6ms
[2025-08-01T03:50:37.866+0000] GC(1255)   Merge Heap Roots: 0.2ms
[2025-08-01T03:50:37.866+0000] GC(1255)   Evacuate Collection Set: 37.2ms
[2025-08-01T03:50:37.866+0000] GC(1255)   Post Evacuate Collection Set: 1.0ms
[2025-08-01T03:50:37.866+0000] GC(1255)   Other: 0.1ms
[2025-08-01T03:50:37.866+0000] GC(1255) Eden regions: 105->0(85)
[2025-08-01T03:50:37.866+0000] GC(1255) Survivor regions: 24->17(17)
[2025-08-01T03:50:37.866+0000] GC(1255) Old regions: 1684->1772
[2025-08-01T03:50:37.866+0000] GC(1255) Humongous regions: 0->0
[2025-08-01T03:50:37.866+0000] GC(1255) Metaspace: 10593K(10816K)->10593K(10816K) NonClass: 9335K(9472K)->9335K(9472K) Class: 1258K(1344K)->1258K(1344K)
[2025-08-01T03:50:37.866+0000] GC(1255) Pause Young (Normal) (G1 Evacuation Pause) 3625M->3577M(4096M) 39.262ms
[2025-08-01T03:50:37.866+0000] GC(1255) User=0.29s Sys=0.00s Real=0.04s
[2025-08-01T03:50:37.884+0000] GC(1256) Pause Young (Normal) (G1 Evacuation Pause)
[2025-08-01T03:50:37.884+0000] GC(1256) Using 8 workers of 8 for evacuation
[2025-08-01T03:50:37.922+0000] GC(1256)   Pre Evacuate Collection Set: 0.8ms
[2025-08-01T03:50:37.922+0000] GC(1256)   Merge Heap Roots: 0.2ms
[2025-08-01T03:50:37.922+0000] GC(1256)   Evacuate Collection Set: 35.7ms
[2025-08-01T03:50:37.922+0000] GC(1256)   Post Evacuate Collection Set: 0.6ms
[2025-08-01T03:50:37.922+0000] GC(1256)   Other: 0.1ms
[2025-08-01T03:50:37.922+0000] GC(1256) Eden regions: 85->0(89)
[2025-08-01T03:50:37.922+0000] GC(1256) Survivor regions: 17->13(13)
[2025-08-01T03:50:37.922+0000] GC(1256) Old regions: 1772->1863
[2025-08-01T03:50:37.922+0000] GC(1256) Humongous regions: 0->0
[2025-08-01T03:50:37.922+0000] GC(1256) Metaspace: 10593K(10816K)->10593K(10816K) NonClass: 9335K(9472K)->9335K(9472K) Class: 1258K(1344K)->1258K(1344K)
[2025-08-01T03:50:37.922+0000] GC(1256) Pause Young (Normal) (G1 Evacuation Pause) 3747M->3750M(4096M) 37.773ms
[2025-08-01T03:50:37.922+0000] GC(1256) User=0.27s Sys=0.01s Real=0.03s
[2025-08-01T03:50:37.958+0000] GC(1253) Concurrent Mark From Roots 256.861ms
[2025-08-01T03:50:37.958+0000] GC(1253) Concurrent Preclean
[2025-08-01T03:50:37.958+0000] GC(1253) Concurrent Preclean 0.024ms
[2025-08-01T03:50:37.959+0000] GC(1253) Pause Remark
[2025-08-01T03:50:37.964+0000] GC(1253) Pause Remark 3874M->2100M(4096M) 5.019ms
[2025-08-01T03:50:37.964+0000] GC(1253) User=0.01s Sys=0.00s Real=0.01s
[2025-08-01T03:50:37.964+0000] GC(1253) Concurrent Mark 262.476ms
[2025-08-01T03:50:37.964+0000] GC(1253) Concurrent Rebuild Remembered Sets and Scrub Regions
[2025-08-01T03:50:37.990+0000] GC(1257) Pause Young (Normal) (G1 Evacuation Pause)
[2025-08-01T03:50:37.990+0000] GC(1257) Using 8 workers of 8 for evacuation
[2025-08-01T03:50:38.014+0000] GC(1257)   Pre Evacuate Collection Set: 0.8ms
[2025-08-01T03:50:38.014+0000] GC(1257)   Merge Heap Roots: 0.3ms
[2025-08-01T03:50:38.014+0000] GC(1257)   Evacuate Collection Set: 22.1ms
[2025-08-01T03:50:38.014+0000] GC(1257)   Post Evacuate Collection Set: 1.0ms
[2025-08-01T03:50:38.014+0000] GC(1257)   Other: 0.1ms
[2025-08-01T03:50:38.014+0000] GC(1257) Eden regions: 89->0(331)
[2025-08-01T03:50:38.014+0000] GC(1257) Survivor regions: 13->13(13)
[2025-08-01T03:50:38.014+0000] GC(1257) Old regions: 976->1027
[2025-08-01T03:50:38.014+0000] GC(1257) Humongous regions: 0->0
[2025-08-01T03:50:38.014+0000] GC(1257) Metaspace: 10593K(10816K)->10593K(10816K) NonClass: 9335K(9472K)->9335K(9472K) Class: 1258K(1344K)->1258K(1344K)
[2025-08-01T03:50:38.014+0000] GC(1257) Pause Young (Normal) (G1 Evacuation Pause) 2154M->2078M(4096M) 24.586ms
[2025-08-01T03:50:38.014+0000] GC(1257) User=0.15s Sys=0.01s Real=0.03s
[2025-08-01T03:50:38.126+0000] GC(1258) Pause Young (Normal) (G1 Evacuation Pause)
[2025-08-01T03:50:38.126+0000] GC(1258) Using 8 workers of 8 for evacuation
[2025-08-01T03:50:38.226+0000] GC(1258)   Pre Evacuate Collection Set: 1.1ms
[2025-08-01T03:50:38.226+0000] GC(1258)   Merge Heap Roots: 0.4ms
[2025-08-01T03:50:38.226+0000] GC(1258)   Evacuate Collection Set: 97.4ms
[2025-08-01T03:50:38.226+0000] GC(1258)   Post Evacuate Collection Set: 0.8ms
[2025-08-01T03:50:38.226+0000] GC(1258)   Other: 0.1ms
[2025-08-01T03:50:38.226+0000] GC(1258) Eden regions: 331->0(213)
[2025-08-01T03:50:38.226+0000] GC(1258) Survivor regions: 13->43(43)
[2025-08-01T03:50:38.226+0000] GC(1258) Old regions: 1027->1329
[2025-08-01T03:50:38.226+0000] GC(1258) Humongous regions: 0->0
[2025-08-01T03:50:38.226+0000] GC(1258) Metaspace: 10593K(10816K)->10593K(10816K) NonClass: 9335K(9472K)->9335K(9472K) Class: 1258K(1344K)->1258K(1344K)
[2025-08-01T03:50:38.226+0000] GC(1258) Pause Young (Normal) (G1 Evacuation Pause) 2740M->2742M(4096M) 100.081ms
[2025-08-01T03:50:38.226+0000] GC(1258) User=0.71s Sys=0.00s Real=0.10s
[2025-08-01T03:50:38.310+0000] GC(1259) Pause Young (Normal) (G1 Evacuation Pause)
[2025-08-01T03:50:38.310+0000] GC(1259) Using 8 workers of 8 for evacuation
[2025-08-01T03:50:38.412+0000] GC(1259)   Pre Evacuate Collection Set: 0.6ms
[2025-08-01T03:50:38.412+0000] GC(1259)   Merge Heap Roots: 0.1ms
[2025-08-01T03:50:38.412+0000] GC(1259)   Evacuate Collection Set: 99.9ms
[2025-08-01T03:50:38.412+0000] GC(1259)   Post Evacuate Collection Set: 1.2ms
[2025-08-01T03:50:38.412+0000] GC(1259)   Other: 0.1ms
[2025-08-01T03:50:38.412+0000] GC(1259) Eden regions: 213->0(143)
[2025-08-01T03:50:38.412+0000] GC(1259) Survivor regions: 43->32(32)
[2025-08-01T03:50:38.412+0000] GC(1259) Old regions: 1329->1555
[2025-08-01T03:50:38.412+0000] GC(1259) Humongous regions: 0->0
[2025-08-01T03:50:38.412+0000] GC(1259) Metaspace: 10593K(10816K)->10593K(10816K) NonClass: 9335K(9472K)->9335K(9472K) Class: 1258K(1344K)->1258K(1344K)
[2025-08-01T03:50:38.412+0000] GC(1259) Pause Young (Normal) (G1 Evacuation Pause) 3168M->3173M(4096M) 102.318ms
[2025-08-01T03:50:38.412+0000] GC(1259) User=0.78s Sys=0.01s Real=0.10s
[2025-08-01T03:50:38.424+0000] GC(1253) Concurrent Rebuild Remembered Sets and Scrub Regions 460.217ms
[2025-08-01T03:50:38.425+0000] GC(1253) Pause Cleanup
[2025-08-01T03:50:38.426+0000] GC(1253) Pause Cleanup 3311M->3311M(4096M) 1.019ms
[2025-08-01T03:50:38.426+0000] GC(1253) User=0.01s Sys=0.00s Real=0.00s
[2025-08-01T03:50:38.426+0000] GC(1253) Concurrent Clear Claimed Marks
[2025-08-01T03:50:38.426+0000] GC(1253) Concurrent Clear Claimed Marks 0.074ms
[2025-08-01T03:50:38.426+0000] GC(1253) Concurrent Cleanup for Next Mark
[2025-08-01T03:50:38.440+0000] GC(1253) Concurrent Cleanup for Next Mark 14.033ms
[2025-08-01T03:50:38.440+0000] GC(1253) Concurrent Mark Cycle 805.411ms
[2025-08-01T03:50:38.442+0000] GC(1260) Pause Young (Prepare Mixed) (G1 Evacuation Pause)
[2025-08-01T03:50:38.443+0000] GC(1260) Using 8 workers of 8 for evacuation
[2025-08-01T03:50:38.489+0000] GC(1260)   Pre Evacuate Collection Set: 0.6ms
[2025-08-01T03:50:38.489+0000] GC(1260)   Merge Heap Roots: 0.1ms
[2025-08-01T03:50:38.489+0000] GC(1260)   Evacuate Collection Set: 45.0ms
[2025-08-01T03:50:38.489+0000] GC(1260)   Post Evacuate Collection Set: 1.0ms
[2025-08-01T03:50:38.489+0000] GC(1260)   Other: 0.1ms
[2025-08-01T03:50:38.489+0000] GC(1260) Eden regions: 143->0(112)
[2025-08-01T03:50:38.490+0000] GC(1260) Survivor regions: 32->22(22)
[2025-08-01T03:50:38.490+0000] GC(1260) Old regions: 1555->1672
[2025-08-01T03:50:38.490+0000] GC(1260) Humongous regions: 0->0
[2025-08-01T03:50:38.490+0000] GC(1260) Metaspace: 10593K(10816K)->10593K(10816K) NonClass: 9335K(9472K)->9335K(9472K) Class: 1258K(1344K)->1258K(1344K)
[2025-08-01T03:50:38.490+0000] GC(1260) Pause Young (Prepare Mixed) (G1 Evacuation Pause) 3459M->3386M(4096M) 47.085ms
[2025-08-01T03:50:38.490+0000] GC(1260) User=0.33s Sys=0.01s Real=0.05s
[2025-08-01T03:50:38.512+0000] GC(1261) Pause Young (Mixed) (G1 Evacuation Pause)
[2025-08-01T03:50:38.513+0000] GC(1261) Using 8 workers of 8 for evacuation
[2025-08-01T03:50:38.556+0000] GC(1261)   Pre Evacuate Collection Set: 0.9ms
[2025-08-01T03:50:38.556+0000] GC(1261)   Merge Heap Roots: 0.2ms
[2025-08-01T03:50:38.556+0000] GC(1261)   Evacuate Collection Set: 41.3ms
[2025-08-01T03:50:38.556+0000] GC(1261)   Post Evacuate Collection Set: 0.7ms
[2025-08-01T03:50:38.556+0000] GC(1261)   Other: 0.1ms
[2025-08-01T03:50:38.556+0000] GC(1261) Eden regions: 112->0(85)
[2025-08-01T03:50:38.556+0000] GC(1261) Survivor regions: 22->17(17)
[2025-08-01T03:50:38.556+0000] GC(1261) Old regions: 1672->1766
[2025-08-01T03:50:38.556+0000] GC(1261) Humongous regions: 0->0
[2025-08-01T03:50:38.556+0000] GC(1261) Metaspace: 10593K(10816K)->10593K(10816K) NonClass: 9335K(9472K)->9335K(9472K) Class: 1258K(1344K)->1258K(1344K)
[2025-08-01T03:50:38.556+0000] GC(1261) Pause Young (Mixed) (G1 Evacuation Pause) 3610M->3564M(4096M) 43.500ms
[2025-08-01T03:50:38.556+0000] GC(1261) User=0.31s Sys=0.02s Real=0.05s
[2025-08-01T03:50:38.616+0000] GC(1262) Pause Young (Concurrent Start) (G1 Evacuation Pause)
[2025-08-01T03:50:38.616+0000] GC(1262) Using 8 workers of 8 for evacuation
[2025-08-01T03:50:38.649+0000] GC(1262)   Pre Evacuate Collection Set: 0.9ms
[2025-08-01T03:50:38.649+0000] GC(1262)   Merge Heap Roots: 0.2ms
[2025-08-01T03:50:38.649+0000] GC(1262)   Evacuate Collection Set: 29.9ms
[2025-08-01T03:50:38.649+0000] GC(1262)   Post Evacuate Collection Set: 1.9ms
[2025-08-01T03:50:38.649+0000] GC(1262)   Other: 0.3ms
[2025-08-01T03:50:38.649+0000] GC(1262) Eden regions: 85->0(89)
[2025-08-01T03:50:38.649+0000] GC(1262) Survivor regions: 17->13(13)
[2025-08-01T03:50:38.649+0000] GC(1262) Old regions: 1766->1824
[2025-08-01T03:50:38.649+0000] GC(1262) Humongous regions: 0->0
[2025-08-01T03:50:38.649+0000] GC(1262) Metaspace: 10593K(10816K)->10593K(10816K) NonClass: 9335K(9472K)->9335K(9472K) Class: 1258K(1344K)->1258K(1344K)
[2025-08-01T03:50:38.649+0000] GC(1262) Pause Young (Concurrent Start) (G1 Evacuation Pause) 3734M->3673M(4096M) 33.376ms
[2025-08-01T03:50:38.649+0000] GC(1262) User=0.23s Sys=0.01s Real=0.03s
[2025-08-01T03:50:38.650+0000] GC(1263) Concurrent Mark Cycle
[2025-08-01T03:50:38.650+0000] GC(1263) Concurrent Scan Root Regions
[2025-08-01T03:50:38.674+0000] GC(1264) Pause Young (Normal) (G1 Evacuation Pause)
[2025-08-01T03:50:38.674+0000] GC(1264) Using 8 workers of 8 for evacuation
[2025-08-01T03:50:38.675+0000] GC(1263) Concurrent Scan Root Regions 25.570ms
[2025-08-01T03:50:38.675+0000] GC(1263) Concurrent Mark
[2025-08-01T03:50:38.675+0000] GC(1263) Concurrent Mark From Roots
[2025-08-01T03:50:38.675+0000] GC(1263) Using 2 workers of 2 for marking
[2025-08-01T03:50:38.718+0000] GC(1264)   Pre Evacuate Collection Set: 1.3ms
[2025-08-01T03:50:38.718+0000] GC(1264)   Merge Heap Roots: 0.4ms
[2025-08-01T03:50:38.718+0000] GC(1264)   Evacuate Collection Set: 40.4ms
[2025-08-01T03:50:38.718+0000] GC(1264)   Post Evacuate Collection Set: 0.8ms
[2025-08-01T03:50:38.718+0000] GC(1264)   Other: 0.1ms
[2025-08-01T03:50:38.718+0000] GC(1264) Eden regions: 89->0(89)
[2025-08-01T03:50:38.718+0000] GC(1264) Survivor regions: 13->13(13)
[2025-08-01T03:50:38.718+0000] GC(1264) Old regions: 1824->1915
[2025-08-01T03:50:38.718+0000] GC(1264) Humongous regions: 0->0
[2025-08-01T03:50:38.718+0000] GC(1264) Metaspace: 10593K(10816K)->10593K(10816K) NonClass: 9335K(9472K)->9335K(9472K) Class: 1258K(1344K)->1258K(1344K)
[2025-08-01T03:50:38.718+0000] GC(1264) Pause Young (Normal) (G1 Evacuation Pause) 3851M->3854M(4096M) 44.043ms
[2025-08-01T03:50:38.718+0000] GC(1264) User=0.25s Sys=0.02s Real=0.04s
[2025-08-01T03:50:38.752+0000] GC(1263) Concurrent Mark From Roots 77.173ms
[2025-08-01T03:50:38.752+0000] GC(1263) Concurrent Preclean
[2025-08-01T03:50:38.752+0000] GC(1263) Concurrent Preclean 0.025ms
[2025-08-01T03:50:38.753+0000] GC(1263) Pause Remark
[2025-08-01T03:50:38.756+0000] GC(1263) Pause Remark 4027M->713M(4096M) 3.772ms
[2025-08-01T03:50:38.756+0000] GC(1263) User=0.01s Sys=0.01s Real=0.01s
[2025-08-01T03:50:38.757+0000] GC(1263) Concurrent Mark 81.390ms
[2025-08-01T03:50:38.757+0000] GC(1263) Concurrent Rebuild Remembered Sets and Scrub Regions
[2025-08-01T03:50:38.782+0000] GC(1265) Pause Young (Normal) (G1 Evacuation Pause)
[2025-08-01T03:50:38.782+0000] GC(1265) Using 8 workers of 8 for evacuation
[2025-08-01T03:50:38.819+0000] GC(1265)   Pre Evacuate Collection Set: 0.6ms
[2025-08-01T03:50:38.819+0000] GC(1265)   Merge Heap Roots: 0.2ms
[2025-08-01T03:50:38.819+0000] GC(1265)   Evacuate Collection Set: 34.8ms
[2025-08-01T03:50:38.819+0000] GC(1265)   Post Evacuate Collection Set: 0.9ms
[2025-08-01T03:50:38.819+0000] GC(1265)   Other: 0.2ms
[2025-08-01T03:50:38.819+0000] GC(1265) Eden regions: 89->0(534)
[2025-08-01T03:50:38.819+0000] GC(1265) Survivor regions: 13->13(13)
[2025-08-01T03:50:38.819+0000] GC(1265) Old regions: 258->348
[2025-08-01T03:50:38.819+0000] GC(1265) Humongous regions: 0->0
[2025-08-01T03:50:38.819+0000] GC(1265) Metaspace: 10593K(10816K)->10593K(10816K) NonClass: 9335K(9472K)->9335K(9472K) Class: 1258K(1344K)->1258K(1344K)
[2025-08-01T03:50:38.819+0000] GC(1265) Pause Young (Normal) (G1 Evacuation Pause) 718M->720M(4096M) 36.878ms
[2025-08-01T03:50:38.819+0000] GC(1265) User=0.27s Sys=0.00s Real=0.04s
[2025-08-01T03:50:38.843+0000] GC(1263) Concurrent Rebuild Remembered Sets and Scrub Regions 86.423ms
[2025-08-01T03:50:38.843+0000] GC(1263) Pause Cleanup
[2025-08-01T03:50:38.844+0000] GC(1263) Pause Cleanup 980M->980M(4096M) 0.933ms
[2025-08-01T03:50:38.844+0000] GC(1263) User=0.00s Sys=0.00s Real=0.00s
[2025-08-01T03:50:38.844+0000] GC(1263) Concurrent Clear Claimed Marks
[2025-08-01T03:50:38.844+0000] GC(1263) Concurrent Clear Claimed Marks 0.045ms
[2025-08-01T03:50:38.844+0000] GC(1263) Concurrent Cleanup for Next Mark
[2025-08-01T03:50:38.857+0000] GC(1263) Concurrent Cleanup for Next Mark 12.010ms
[2025-08-01T03:50:38.857+0000] GC(1263) Concurrent Mark Cycle 207.084ms
[2025-08-01T03:50:39.020+0000] GC(1266) Pause Young (Prepare Mixed) (G1 Evacuation Pause)
[2025-08-01T03:50:39.020+0000] GC(1266) Using 8 workers of 8 for evacuation
[2025-08-01T03:50:39.247+0000] GC(1266) MMU target violated: 201.0ms (200.0ms/201.0ms)
[2025-08-01T03:50:39.247+0000] GC(1266)   Pre Evacuate Collection Set: 0.9ms
[2025-08-01T03:50:39.247+0000] GC(1266)   Merge Heap Roots: 0.9ms
[2025-08-01T03:50:39.247+0000] GC(1266)   Evacuate Collection Set: 223.6ms
[2025-08-01T03:50:39.247+0000] GC(1266)   Post Evacuate Collection Set: 1.9ms
[2025-08-01T03:50:39.247+0000] GC(1266)   Other: 0.2ms
[2025-08-01T03:50:39.247+0000] GC(1266) Eden regions: 529->0(348)
[2025-08-01T03:50:39.247+0000] GC(1266) Survivor regions: 13->68(68)
[2025-08-01T03:50:39.247+0000] GC(1266) Old regions: 348->823
[2025-08-01T03:50:39.247+0000] GC(1266) Humongous regions: 0->0
[2025-08-01T03:50:39.247+0000] GC(1266) Metaspace: 10593K(10816K)->10593K(10816K) NonClass: 9335K(9472K)->9335K(9472K) Class: 1258K(1344K)->1258K(1344K)
[2025-08-01T03:50:39.247+0000] GC(1266) Pause Young (Prepare Mixed) (G1 Evacuation Pause) 1778M->1781M(4096M) 227.757ms
[2025-08-01T03:50:39.248+0000] GC(1266) User=1.70s Sys=0.03s Real=0.23s
[2025-08-01T03:50:39.402+0000] GC(1267) Pause Young (Mixed) (G1 Evacuation Pause)
[2025-08-01T03:50:39.403+0000] GC(1267) Using 8 workers of 8 for evacuation
[2025-08-01T03:50:39.555+0000] GC(1267)   Pre Evacuate Collection Set: 2.3ms
[2025-08-01T03:50:39.555+0000] GC(1267)   Merge Heap Roots: 0.4ms
[2025-08-01T03:50:39.555+0000] GC(1267)   Evacuate Collection Set: 148.0ms
[2025-08-01T03:50:39.555+0000] GC(1267)   Post Evacuate Collection Set: 1.5ms
[2025-08-01T03:50:39.555+0000] GC(1267)   Other: 0.1ms
[2025-08-01T03:50:39.555+0000] GC(1267) Eden regions: 348->0(311)
[2025-08-01T03:50:39.555+0000] GC(1267) Survivor regions: 68->52(52)
[2025-08-01T03:50:39.555+0000] GC(1267) Old regions: 823->1018
[2025-08-01T03:50:39.555+0000] GC(1267) Humongous regions: 0->0
[2025-08-01T03:50:39.555+0000] GC(1267) Metaspace: 10593K(10816K)->10593K(10816K) NonClass: 9335K(9472K)->9335K(9472K) Class: 1258K(1344K)->1258K(1344K)
[2025-08-01T03:50:39.555+0000] GC(1267) Pause Young (Mixed) (G1 Evacuation Pause) 2477M->2139M(4096M) 152.697ms
[2025-08-01T03:50:39.555+0000] GC(1267) User=1.14s Sys=0.03s Real=0.16s
[2025-08-01T03:50:39.715+0000] GC(1268) Pause Young (Mixed) (G1 Evacuation Pause)
[2025-08-01T03:50:39.715+0000] GC(1268) Using 8 workers of 8 for evacuation
[2025-08-01T03:50:39.903+0000] GC(1268)   Pre Evacuate Collection Set: 2.0ms
[2025-08-01T03:50:39.903+0000] GC(1268)   Merge Heap Roots: 0.3ms
[2025-08-01T03:50:39.903+0000] GC(1268)   Evacuate Collection Set: 184.0ms
[2025-08-01T03:50:39.903+0000] GC(1268)   Post Evacuate Collection Set: 1.2ms
[2025-08-01T03:50:39.903+0000] GC(1268)   Other: 0.1ms
[2025-08-01T03:50:39.903+0000] GC(1268) Eden regions: 311->0(210)
[2025-08-01T03:50:39.903+0000] GC(1268) Survivor regions: 52->46(46)
[2025-08-01T03:50:39.903+0000] GC(1268) Old regions: 1018->1327
[2025-08-01T03:50:39.903+0000] GC(1268) Humongous regions: 0->0
[2025-08-01T03:50:39.903+0000] GC(1268) Metaspace: 10593K(10816K)->10593K(10816K) NonClass: 9335K(9472K)->9335K(9472K) Class: 1258K(1344K)->1258K(1344K)
[2025-08-01T03:50:39.903+0000] GC(1268) Pause Young (Mixed) (G1 Evacuation Pause) 2761M->2745M(4096M) 187.932ms
[2025-08-01T03:50:39.903+0000] GC(1268) User=1.39s Sys=0.03s Real=0.19s
[2025-08-01T03:50:39.991+0000] GC(1269) Pause Young (Concurrent Start) (G1 Evacuation Pause)
[2025-08-01T03:50:39.991+0000] GC(1269) Using 8 workers of 8 for evacuation
[2025-08-01T03:50:40.149+0000] GC(1269)   Pre Evacuate Collection Set: 1.5ms
[2025-08-01T03:50:40.150+0000] GC(1269)   Merge Heap Roots: 0.4ms
[2025-08-01T03:50:40.150+0000] GC(1269)   Evacuate Collection Set: 155.2ms
[2025-08-01T03:50:40.150+0000] GC(1269)   Post Evacuate Collection Set: 1.0ms
[2025-08-01T03:50:40.150+0000] GC(1269)   Other: 0.4ms
[2025-08-01T03:50:40.150+0000] GC(1269) Eden regions: 210->0(144)
[2025-08-01T03:50:40.150+0000] GC(1269) Survivor regions: 46->32(32)
[2025-08-01T03:50:40.150+0000] GC(1269) Old regions: 1327->1553
[2025-08-01T03:50:40.150+0000] GC(1269) Humongous regions: 0->0
[2025-08-01T03:50:40.150+0000] GC(1269) Metaspace: 10593K(10816K)->10593K(10816K) NonClass: 9335K(9472K)->9335K(9472K) Class: 1258K(1344K)->1258K(1344K)
[2025-08-01T03:50:40.150+0000] GC(1269) Pause Young (Concurrent Start) (G1 Evacuation Pause) 3165M->3169M(4096M) 158.776ms
[2025-08-01T03:50:40.150+0000] GC(1269) User=1.16s Sys=0.04s Real=0.16s
[2025-08-01T03:50:40.150+0000] GC(1270) Concurrent Mark Cycle
[2025-08-01T03:50:40.150+0000] GC(1270) Concurrent Scan Root Regions
[2025-08-01T03:50:40.196+0000] GC(1270) Concurrent Scan Root Regions 46.276ms
[2025-08-01T03:50:40.196+0000] GC(1270) Concurrent Mark
[2025-08-01T03:50:40.196+0000] GC(1270) Concurrent Mark From Roots
[2025-08-01T03:50:40.196+0000] GC(1270) Using 2 workers of 2 for marking
[2025-08-01T03:50:40.226+0000] GC(1271) Pause Young (Normal) (G1 Evacuation Pause)
[2025-08-01T03:50:40.226+0000] GC(1271) Using 8 workers of 8 for evacuation
[2025-08-01T03:50:40.254+0000] GC(1271)   Pre Evacuate Collection Set: 0.6ms
[2025-08-01T03:50:40.254+0000] GC(1271)   Merge Heap Roots: 0.5ms
[2025-08-01T03:50:40.254+0000] GC(1271)   Evacuate Collection Set: 26.1ms
[2025-08-01T03:50:40.254+0000] GC(1271)   Post Evacuate Collection Set: 1.0ms
[2025-08-01T03:50:40.254+0000] GC(1271)   Other: 0.1ms
[2025-08-01T03:50:40.254+0000] GC(1271) Eden regions: 144->0(131)
[2025-08-01T03:50:40.254+0000] GC(1271) Survivor regions: 32->22(22)
[2025-08-01T03:50:40.254+0000] GC(1271) Old regions: 1553->1615
[2025-08-01T03:50:40.254+0000] GC(1271) Humongous regions: 0->0
[2025-08-01T03:50:40.254+0000] GC(1271) Metaspace: 10593K(10816K)->10593K(10816K) NonClass: 9335K(9472K)->9335K(9472K) Class: 1258K(1344K)->1258K(1344K)
[2025-08-01T03:50:40.255+0000] GC(1271) Pause Young (Normal) (G1 Evacuation Pause) 3457M->3273M(4096M) 28.657ms
[2025-08-01T03:50:40.255+0000] GC(1271) User=0.20s Sys=0.00s Real=0.03s
[2025-08-01T03:50:40.325+0000] GC(1272) Pause Young (Normal) (G1 Evacuation Pause)
[2025-08-01T03:50:40.325+0000] GC(1272) Using 8 workers of 8 for evacuation
[2025-08-01T03:50:40.367+0000] GC(1272)   Pre Evacuate Collection Set: 1.1ms
[2025-08-01T03:50:40.367+0000] GC(1272)   Merge Heap Roots: 0.2ms
[2025-08-01T03:50:40.367+0000] GC(1272)   Evacuate Collection Set: 39.4ms
[2025-08-01T03:50:40.367+0000] GC(1272)   Post Evacuate Collection Set: 0.7ms
[2025-08-01T03:50:40.367+0000] GC(1272)   Other: 0.1ms
[2025-08-01T03:50:40.367+0000] GC(1272) Eden regions: 131->0(100)
[2025-08-01T03:50:40.367+0000] GC(1272) Survivor regions: 22->20(20)
[2025-08-01T03:50:40.367+0000] GC(1272) Old regions: 1615->1715
[2025-08-01T03:50:40.367+0000] GC(1272) Humongous regions: 0->0
[2025-08-01T03:50:40.367+0000] GC(1272) Metaspace: 10593K(10816K)->10593K(10816K) NonClass: 9335K(9472K)->9335K(9472K) Class: 1258K(1344K)->1258K(1344K)
[2025-08-01T03:50:40.367+0000] GC(1272) Pause Young (Normal) (G1 Evacuation Pause) 3535M->3468M(4096M) 41.702ms
[2025-08-01T03:50:40.367+0000] GC(1272) User=0.31s Sys=0.00s Real=0.04s
[2025-08-01T03:50:40.385+0000] GC(1273) Pause Young (Normal) (G1 Evacuation Pause)
[2025-08-01T03:50:40.385+0000] GC(1273) Using 8 workers of 8 for evacuation
[2025-08-01T03:50:40.425+0000] GC(1273)   Pre Evacuate Collection Set: 0.6ms
[2025-08-01T03:50:40.425+0000] GC(1273)   Merge Heap Roots: 0.2ms
[2025-08-01T03:50:40.425+0000] GC(1273)   Evacuate Collection Set: 38.4ms
[2025-08-01T03:50:40.425+0000] GC(1273)   Post Evacuate Collection Set: 0.9ms
[2025-08-01T03:50:40.425+0000] GC(1273)   Other: 0.2ms
[2025-08-01T03:50:40.425+0000] GC(1273) Eden regions: 100->0(87)
[2025-08-01T03:50:40.425+0000] GC(1273) Survivor regions: 20->15(15)
[2025-08-01T03:50:40.425+0000] GC(1273) Old regions: 1715->1821
[2025-08-01T03:50:40.425+0000] GC(1273) Humongous regions: 0->0
[2025-08-01T03:50:40.425+0000] GC(1273) Metaspace: 10593K(10816K)->10593K(10816K) NonClass: 9335K(9472K)->9335K(9472K) Class: 1258K(1344K)->1258K(1344K)
[2025-08-01T03:50:40.425+0000] GC(1273) Pause Young (Normal) (G1 Evacuation Pause) 3668M->3671M(4096M) 40.548ms
[2025-08-01T03:50:40.425+0000] GC(1273) User=0.29s Sys=0.01s Real=0.04s
[2025-08-01T03:50:40.491+0000] GC(1274) Pause Young (Normal) (G1 Evacuation Pause)
[2025-08-01T03:50:40.491+0000] GC(1274) Using 8 workers of 8 for evacuation
[2025-08-01T03:50:40.528+0000] GC(1274)   Pre Evacuate Collection Set: 0.7ms
[2025-08-01T03:50:40.528+0000] GC(1274)   Merge Heap Roots: 0.2ms
[2025-08-01T03:50:40.528+0000] GC(1274)   Evacuate Collection Set: 35.0ms
[2025-08-01T03:50:40.528+0000] GC(1274)   Post Evacuate Collection Set: 0.9ms
[2025-08-01T03:50:40.528+0000] GC(1274)   Other: 0.2ms
[2025-08-01T03:50:40.529+0000] GC(1274) Eden regions: 87->0(89)
[2025-08-01T03:50:40.529+0000] GC(1274) Survivor regions: 15->13(13)
[2025-08-01T03:50:40.529+0000] GC(1274) Old regions: 1821->1912
[2025-08-01T03:50:40.529+0000] GC(1274) Humongous regions: 0->0
[2025-08-01T03:50:40.529+0000] GC(1274) Metaspace: 10593K(10816K)->10593K(10816K) NonClass: 9335K(9472K)->9335K(9472K) Class: 1258K(1344K)->1258K(1344K)
[2025-08-01T03:50:40.529+0000] GC(1274) Pause Young (Normal) (G1 Evacuation Pause) 3845M->3849M(4096M) 37.216ms
[2025-08-01T03:50:40.529+0000] GC(1274) User=0.27s Sys=0.00s Real=0.04s
[2025-08-01T03:50:40.538+0000] GC(1270) Concurrent Mark From Roots 341.893ms
[2025-08-01T03:50:40.538+0000] GC(1270) Concurrent Preclean
[2025-08-01T03:50:40.538+0000] GC(1270) Concurrent Preclean 0.031ms
[2025-08-01T03:50:40.538+0000] GC(1270) Pause Remark
[2025-08-01T03:50:40.541+0000] GC(1270) Pause Remark 3951M->2427M(4096M) 2.989ms
[2025-08-01T03:50:40.541+0000] GC(1270) User=0.01s Sys=0.00s Real=0.00s
[2025-08-01T03:50:40.542+0000] GC(1270) Concurrent Mark 345.431ms
[2025-08-01T03:50:40.542+0000] GC(1270) Concurrent Rebuild Remembered Sets and Scrub Regions
[2025-08-01T03:50:40.548+0000] GC(1275) Pause Young (Normal) (G1 Evacuation Pause)
[2025-08-01T03:50:40.548+0000] GC(1275) Using 8 workers of 8 for evacuation
[2025-08-01T03:50:40.581+0000] GC(1275)   Pre Evacuate Collection Set: 0.8ms
[2025-08-01T03:50:40.581+0000] GC(1275)   Merge Heap Roots: 0.2ms
[2025-08-01T03:50:40.581+0000] GC(1275)   Evacuate Collection Set: 31.2ms
[2025-08-01T03:50:40.582+0000] GC(1275)   Post Evacuate Collection Set: 0.6ms
[2025-08-01T03:50:40.582+0000] GC(1275)   Other: 0.1ms
[2025-08-01T03:50:40.582+0000] GC(1275) Eden regions: 89->0(250)
[2025-08-01T03:50:40.582+0000] GC(1275) Survivor regions: 13->13(13)
[2025-08-01T03:50:40.582+0000] GC(1275) Old regions: 1150->1241
[2025-08-01T03:50:40.582+0000] GC(1275) Humongous regions: 0->0
[2025-08-01T03:50:40.582+0000] GC(1275) Metaspace: 10593K(10816K)->10593K(10816K) NonClass: 9335K(9472K)->9335K(9472K) Class: 1258K(1344K)->1258K(1344K)
[2025-08-01T03:50:40.582+0000] GC(1275) Pause Young (Normal) (G1 Evacuation Pause) 2503M->2506M(4096M) 33.272ms
[2025-08-01T03:50:40.582+0000] GC(1275) User=0.24s Sys=0.00s Real=0.03s
[2025-08-01T03:50:40.694+0000] GC(1276) Pause Young (Normal) (G1 Evacuation Pause)
[2025-08-01T03:50:40.694+0000] GC(1276) Using 8 workers of 8 for evacuation
[2025-08-01T03:50:40.780+0000] GC(1276)   Pre Evacuate Collection Set: 1.1ms
[2025-08-01T03:50:40.780+0000] GC(1276)   Merge Heap Roots: 0.2ms
[2025-08-01T03:50:40.780+0000] GC(1276)   Evacuate Collection Set: 82.8ms
[2025-08-01T03:50:40.780+0000] GC(1276)   Post Evacuate Collection Set: 1.2ms
[2025-08-01T03:50:40.780+0000] GC(1276)   Other: 0.1ms
[2025-08-01T03:50:40.780+0000] GC(1276) Eden regions: 250->0(169)
[2025-08-01T03:50:40.780+0000] GC(1276) Survivor regions: 13->33(33)
[2025-08-01T03:50:40.780+0000] GC(1276) Old regions: 1241->1472
[2025-08-01T03:50:40.780+0000] GC(1276) Humongous regions: 0->0
[2025-08-01T03:50:40.780+0000] GC(1276) Metaspace: 10593K(10816K)->10593K(10816K) NonClass: 9335K(9472K)->9335K(9472K) Class: 1258K(1344K)->1258K(1344K)
[2025-08-01T03:50:40.780+0000] GC(1276) Pause Young (Normal) (G1 Evacuation Pause) 3006M->3008M(4096M) 85.922ms
[2025-08-01T03:50:40.780+0000] GC(1276) User=0.65s Sys=0.01s Real=0.08s
[2025-08-01T03:50:40.851+0000] GC(1277) Pause Young (Normal) (G1 Evacuation Pause)
[2025-08-01T03:50:40.851+0000] GC(1277) Using 8 workers of 8 for evacuation
[2025-08-01T03:50:40.891+0000] GC(1277)   Pre Evacuate Collection Set: 0.7ms
[2025-08-01T03:50:40.891+0000] GC(1277)   Merge Heap Roots: 0.3ms
[2025-08-01T03:50:40.891+0000] GC(1277)   Evacuate Collection Set: 38.1ms
[2025-08-01T03:50:40.891+0000] GC(1277)   Post Evacuate Collection Set: 0.8ms
[2025-08-01T03:50:40.891+0000] GC(1277)   Other: 0.1ms
[2025-08-01T03:50:40.891+0000] GC(1277) Eden regions: 169->0(155)
[2025-08-01T03:50:40.891+0000] GC(1277) Survivor regions: 33->26(26)
[2025-08-01T03:50:40.891+0000] GC(1277) Old regions: 1472->1550
[2025-08-01T03:50:40.891+0000] GC(1277) Humongous regions: 0->0
[2025-08-01T03:50:40.891+0000] GC(1277) Metaspace: 10593K(10816K)->10593K(10816K) NonClass: 9335K(9472K)->9335K(9472K) Class: 1258K(1344K)->1258K(1344K)
[2025-08-01T03:50:40.891+0000] GC(1277) Pause Young (Normal) (G1 Evacuation Pause) 3346M->3150M(4096M) 40.336ms
[2025-08-01T03:50:40.891+0000] GC(1277) User=0.29s Sys=0.00s Real=0.04s
[2025-08-01T03:50:40.922+0000] GC(1278) Pause Young (Normal) (G1 Evacuation Pause)
[2025-08-01T03:50:40.922+0000] GC(1278) Using 8 workers of 8 for evacuation
[2025-08-01T03:50:40.969+0000] GC(1278)   Pre Evacuate Collection Set: 0.8ms
[2025-08-01T03:50:40.969+0000] GC(1278)   Merge Heap Roots: 0.1ms
[2025-08-01T03:50:40.969+0000] GC(1278)   Evacuate Collection Set: 45.2ms
[2025-08-01T03:50:40.969+0000] GC(1278)   Post Evacuate Collection Set: 1.0ms
[2025-08-01T03:50:40.969+0000] GC(1278)   Other: 0.1ms
[2025-08-01T03:50:40.969+0000] GC(1278) Eden regions: 155->0(114)
[2025-08-01T03:50:40.969+0000] GC(1278) Survivor regions: 26->23(23)
[2025-08-01T03:50:40.969+0000] GC(1278) Old regions: 1550->1672
[2025-08-01T03:50:40.969+0000] GC(1278) Humongous regions: 0->0
[2025-08-01T03:50:40.969+0000] GC(1278) Metaspace: 10593K(10816K)->10593K(10816K) NonClass: 9335K(9472K)->9335K(9472K) Class: 1258K(1344K)->1258K(1344K)
[2025-08-01T03:50:40.969+0000] GC(1278) Pause Young (Normal) (G1 Evacuation Pause) 3460M->3388M(4096M) 47.473ms
[2025-08-01T03:50:40.970+0000] GC(1278) User=0.35s Sys=0.00s Real=0.05s
[2025-08-01T03:50:41.037+0000] GC(1279) Pause Young (Normal) (G1 Evacuation Pause)
[2025-08-01T03:50:41.037+0000] GC(1279) Using 8 workers of 8 for evacuation
[2025-08-01T03:50:41.082+0000] GC(1279)   Pre Evacuate Collection Set: 1.2ms
[2025-08-01T03:50:41.082+0000] GC(1279)   Merge Heap Roots: 0.2ms
[2025-08-01T03:50:41.082+0000] GC(1279)   Evacuate Collection Set: 42.8ms
[2025-08-01T03:50:41.082+0000] GC(1279)   Post Evacuate Collection Set: 0.9ms
[2025-08-01T03:50:41.082+0000] GC(1279)   Other: 0.1ms
[2025-08-01T03:50:41.082+0000] GC(1279) Eden regions: 114->0(84)
[2025-08-01T03:50:41.082+0000] GC(1279) Survivor regions: 23->18(18)
[2025-08-01T03:50:41.082+0000] GC(1279) Old regions: 1672->1788
[2025-08-01T03:50:41.082+0000] GC(1279) Humongous regions: 0->0
[2025-08-01T03:50:41.082+0000] GC(1279) Metaspace: 10593K(10816K)->10593K(10816K) NonClass: 9335K(9472K)->9335K(9472K) Class: 1258K(1344K)->1258K(1344K)
[2025-08-01T03:50:41.082+0000] GC(1279) Pause Young (Normal) (G1 Evacuation Pause) 3616M->3610M(4096M) 45.536ms
[2025-08-01T03:50:41.082+0000] GC(1279) User=0.33s Sys=0.01s Real=0.04s
[2025-08-01T03:50:41.093+0000] GC(1270) Concurrent Rebuild Remembered Sets and Scrub Regions 551.435ms
[2025-08-01T03:50:41.093+0000] GC(1270) Pause Cleanup
[2025-08-01T03:50:41.094+0000] GC(1270) Pause Cleanup 3738M->3738M(4096M) 0.960ms
[2025-08-01T03:50:41.094+0000] GC(1270) User=0.01s Sys=0.00s Real=0.00s
[2025-08-01T03:50:41.094+0000] GC(1270) Concurrent Clear Claimed Marks
[2025-08-01T03:50:41.095+0000] GC(1270) Concurrent Clear Claimed Marks 0.058ms
[2025-08-01T03:50:41.095+0000] GC(1270) Concurrent Cleanup for Next Mark
[2025-08-01T03:50:41.099+0000] GC(1280) Pause Young (Prepare Mixed) (G1 Evacuation Pause)
[2025-08-01T03:50:41.099+0000] GC(1280) Using 8 workers of 8 for evacuation
[2025-08-01T03:50:41.136+0000] GC(1280)   Pre Evacuate Collection Set: 0.6ms
[2025-08-01T03:50:41.136+0000] GC(1280)   Merge Heap Roots: 0.4ms
[2025-08-01T03:50:41.136+0000] GC(1280)   Evacuate Collection Set: 35.3ms
[2025-08-01T03:50:41.136+0000] GC(1280)   Post Evacuate Collection Set: 0.9ms
[2025-08-01T03:50:41.136+0000] GC(1280)   Other: 0.1ms
[2025-08-01T03:50:41.136+0000] GC(1280) Eden regions: 84->0(89)
[2025-08-01T03:50:41.136+0000] GC(1280) Survivor regions: 18->13(13)
[2025-08-01T03:50:41.136+0000] GC(1280) Old regions: 1788->1879
[2025-08-01T03:50:41.136+0000] GC(1280) Humongous regions: 0->0
[2025-08-01T03:50:41.136+0000] GC(1280) Metaspace: 10593K(10816K)->10593K(10816K) NonClass: 9335K(9472K)->9335K(9472K) Class: 1258K(1344K)->1258K(1344K)
[2025-08-01T03:50:41.136+0000] GC(1280) Pause Young (Prepare Mixed) (G1 Evacuation Pause) 3778M->3782M(4096M) 37.631ms
[2025-08-01T03:50:41.137+0000] GC(1280) User=0.28s Sys=0.01s Real=0.04s
[2025-08-01T03:50:41.144+0000] GC(1270) Concurrent Cleanup for Next Mark 49.491ms
[2025-08-01T03:50:41.144+0000] GC(1270) Concurrent Mark Cycle 994.440ms
[2025-08-01T03:50:41.199+0000] GC(1281) Pause Young (Mixed) (G1 Evacuation Pause)
[2025-08-01T03:50:41.199+0000] GC(1281) Using 8 workers of 8 for evacuation
[2025-08-01T03:50:41.238+0000] GC(1281)   Pre Evacuate Collection Set: 0.7ms
[2025-08-01T03:50:41.238+0000] GC(1281)   Merge Heap Roots: 0.1ms
[2025-08-01T03:50:41.238+0000] GC(1281)   Evacuate Collection Set: 33.9ms
[2025-08-01T03:50:41.238+0000] GC(1281)   Post Evacuate Collection Set: 3.8ms
[2025-08-01T03:50:41.238+0000] GC(1281)   Other: 0.1ms
[2025-08-01T03:50:41.238+0000] GC(1281) Eden regions: 89->0(37)
[2025-08-01T03:50:41.238+0000] GC(1281) Survivor regions: 13->13(13)
[2025-08-01T03:50:41.238+0000] GC(1281) Old regions: 1879->1985
[2025-08-01T03:50:41.238+0000] GC(1281) Humongous regions: 0->0
[2025-08-01T03:50:41.238+0000] GC(1281) Metaspace: 10593K(10816K)->10593K(10816K) NonClass: 9335K(9472K)->9335K(9472K) Class: 1258K(1344K)->1258K(1344K)
[2025-08-01T03:50:41.238+0000] GC(1281) Pause Young (Mixed) (G1 Evacuation Pause) (Evacuation Failure) 3960M->3995M(4096M) 38.915ms
[2025-08-01T03:50:41.238+0000] GC(1281) User=0.27s Sys=0.01s Real=0.04s
[2025-08-01T03:50:41.246+0000] GC(1282) Pause Young (Concurrent Start) (G1 Evacuation Pause)
[2025-08-01T03:50:41.246+0000] GC(1282) Using 8 workers of 8 for evacuation
[2025-08-01T03:50:41.260+0000] GC(1282)   Pre Evacuate Collection Set: 1.0ms
[2025-08-01T03:50:41.260+0000] GC(1282)   Merge Heap Roots: 0.1ms
[2025-08-01T03:50:41.260+0000] GC(1282)   Evacuate Collection Set: 9.1ms
[2025-08-01T03:50:41.260+0000] GC(1282)   Post Evacuate Collection Set: 3.1ms
[2025-08-01T03:50:41.260+0000] GC(1282)   Other: 0.3ms
[2025-08-01T03:50:41.260+0000] GC(1282) Eden regions: 37->0(0)
[2025-08-01T03:50:41.260+0000] GC(1282) Survivor regions: 13->6(7)
[2025-08-01T03:50:41.260+0000] GC(1282) Old regions: 1985->2041
[2025-08-01T03:50:41.260+0000] GC(1282) Humongous regions: 0->0
[2025-08-01T03:50:41.260+0000] GC(1282) Metaspace: 10593K(10816K)->10593K(10816K) NonClass: 9335K(9472K)->9335K(9472K) Class: 1258K(1344K)->1258K(1344K)
[2025-08-01T03:50:41.260+0000] GC(1282) Pause Young (Concurrent Start) (G1 Evacuation Pause) (Evacuation Failure) 4069M->4093M(4096M) 13.943ms
[2025-08-01T03:50:41.260+0000] GC(1283) Concurrent Mark Cycle
[2025-08-01T03:50:41.260+0000] GC(1283) Concurrent Scan Root Regions
[2025-08-01T03:50:41.260+0000] GC(1282) User=0.08s Sys=0.00s Real=0.01s
[2025-08-01T03:50:41.260+0000] Attempting full compaction
[2025-08-01T03:50:41.260+0000] GC(1284) Pause Full (G1 Compaction Pause)
[2025-08-01T03:50:41.260+0000] GC(1284) Using 8 workers of 8 for full compaction
[2025-08-01T03:50:41.261+0000] GC(1283) Concurrent Scan Root Regions 0.506ms
[2025-08-01T03:50:41.261+0000] GC(1283) Concurrent Mark
[2025-08-01T03:50:41.261+0000] GC(1283) Concurrent Mark From Roots
[2025-08-01T03:50:41.261+0000] GC(1283) Using 2 workers of 2 for marking
[2025-08-01T03:50:41.266+0000] GC(1284) Phase 1: Mark live objects
[2025-08-01T03:50:41.300+0000] GC(1284) Phase 1: Mark live objects 34.266ms
[2025-08-01T03:50:41.300+0000] GC(1284) Phase 2: Prepare compaction
[2025-08-01T03:50:41.311+0000] GC(1284) Phase 2: Prepare compaction 10.320ms
[2025-08-01T03:50:41.311+0000] GC(1284) Phase 3: Adjust pointers
[2025-08-01T03:50:41.348+0000] GC(1284) Phase 3: Adjust pointers 37.216ms
[2025-08-01T03:50:41.348+0000] GC(1284) Phase 4: Compact heap
[2025-08-01T03:50:41.378+0000] GC(1284) Phase 4: Compact heap 29.491ms
[2025-08-01T03:50:41.378+0000] GC(1284) Phase 5: Reset Metadata
[2025-08-01T03:50:41.418+0000] GC(1284) Phase 5: Reset Metadata 40.232ms
[2025-08-01T03:50:41.425+0000] GC(1284) Eden regions: 0->0(555)
[2025-08-01T03:50:41.425+0000] GC(1284) Survivor regions: 6->0(7)
[2025-08-01T03:50:41.425+0000] GC(1284) Old regions: 2041->433
[2025-08-01T03:50:41.425+0000] GC(1284) Humongous regions: 0->0
[2025-08-01T03:50:41.425+0000] GC(1284) Metaspace: 10593K(10816K)->10593K(10816K) NonClass: 9335K(9472K)->9335K(9472K) Class: 1258K(1344K)->1258K(1344K)
[2025-08-01T03:50:41.425+0000] GC(1284) Pause Full (G1 Compaction Pause) 4093M->855M(4096M) 164.541ms
[2025-08-01T03:50:41.425+0000] GC(1284) User=1.19s Sys=0.01s Real=0.17s
[2025-08-01T03:50:41.425+0000] GC(1283) Concurrent Mark From Roots 164.470ms
[2025-08-01T03:50:41.425+0000] GC(1283) Concurrent Mark Abort
[2025-08-01T03:50:41.425+0000] GC(1283) Concurrent Mark Cycle 165.083ms
[2025-08-01T03:50:41.682+0000] GC(1285) Pause Young (Normal) (G1 Evacuation Pause)
[2025-08-01T03:50:41.682+0000] GC(1285) Using 8 workers of 8 for evacuation
[2025-08-01T03:50:41.845+0000] GC(1285)   Pre Evacuate Collection Set: 1.4ms
[2025-08-01T03:50:41.845+0000] GC(1285)   Merge Heap Roots: 1.0ms
[2025-08-01T03:50:41.845+0000] GC(1285)   Evacuate Collection Set: 157.7ms
[2025-08-01T03:50:41.845+0000] GC(1285)   Post Evacuate Collection Set: 2.0ms
[2025-08-01T03:50:41.845+0000] GC(1285)   Other: 0.3ms
[2025-08-01T03:50:41.845+0000] GC(1285) Eden regions: 555->0(476)
[2025-08-01T03:50:41.845+0000] GC(1285) Survivor regions: 0->70(70)
[2025-08-01T03:50:41.845+0000] GC(1285) Old regions: 433->579
[2025-08-01T03:50:41.845+0000] GC(1285) Humongous regions: 0->0
[2025-08-01T03:50:41.845+0000] GC(1285) Metaspace: 10593K(10816K)->10593K(10816K) NonClass: 9335K(9472K)->9335K(9472K) Class: 1258K(1344K)->1258K(1344K)
[2025-08-01T03:50:41.845+0000] GC(1285) Pause Young (Normal) (G1 Evacuation Pause) 1965M->1287M(4096M) 162.785ms
[2025-08-01T03:50:41.845+0000] GC(1285) User=1.15s Sys=0.05s Real=0.17s
[2025-08-01T03:50:42.079+0000] GC(1286) Pause Young (Concurrent Start) (G1 Evacuation Pause)
[2025-08-01T03:50:42.080+0000] GC(1286) Using 8 workers of 8 for evacuation
[2025-08-01T03:50:42.324+0000] GC(1286) MMU target violated: 201.0ms (200.0ms/201.0ms)
[2025-08-01T03:50:42.324+0000] GC(1286)   Pre Evacuate Collection Set: 1.7ms
[2025-08-01T03:50:42.324+0000] GC(1286)   Merge Heap Roots: 0.3ms
[2025-08-01T03:50:42.324+0000] GC(1286)   Evacuate Collection Set: 240.4ms
[2025-08-01T03:50:42.324+0000] GC(1286)   Post Evacuate Collection Set: 1.5ms
[2025-08-01T03:50:42.324+0000] GC(1286)   Other: 0.3ms
[2025-08-01T03:50:42.324+0000] GC(1286) Eden regions: 474->0(322)
[2025-08-01T03:50:42.324+0000] GC(1286) Survivor regions: 70->68(68)
[2025-08-01T03:50:42.324+0000] GC(1286) Old regions: 579->1012
[2025-08-01T03:50:42.324+0000] GC(1286) Humongous regions: 0->0
[2025-08-01T03:50:42.324+0000] GC(1286) Metaspace: 10593K(10816K)->10593K(10816K) NonClass: 9335K(9472K)->9335K(9472K) Class: 1258K(1344K)->1258K(1344K)
[2025-08-01T03:50:42.324+0000] GC(1286) Pause Young (Concurrent Start) (G1 Evacuation Pause) 2235M->2149M(4096M) 244.587ms
[2025-08-01T03:50:42.324+0000] GC(1286) User=1.86s Sys=0.05s Real=0.25s
[2025-08-01T03:50:42.324+0000] GC(1287) Concurrent Mark Cycle
[2025-08-01T03:50:42.324+0000] GC(1287) Concurrent Scan Root Regions
[2025-08-01T03:50:42.434+0000] GC(1288) Pause Young (Normal) (G1 Evacuation Pause)
[2025-08-01T03:50:42.434+0000] GC(1288) Using 8 workers of 8 for evacuation
[2025-08-01T03:50:42.435+0000] GC(1287) Concurrent Scan Root Regions 110.418ms
[2025-08-01T03:50:42.435+0000] GC(1287) Concurrent Mark
[2025-08-01T03:50:42.435+0000] GC(1287) Concurrent Mark From Roots
[2025-08-01T03:50:42.435+0000] GC(1287) Using 2 workers of 2 for marking
[2025-08-01T03:50:42.550+0000] GC(1288)   Pre Evacuate Collection Set: 0.9ms
[2025-08-01T03:50:42.550+0000] GC(1288)   Merge Heap Roots: 0.8ms
[2025-08-01T03:50:42.550+0000] GC(1288)   Evacuate Collection Set: 112.3ms
[2025-08-01T03:50:42.550+0000] GC(1288)   Post Evacuate Collection Set: 1.0ms
[2025-08-01T03:50:42.550+0000] GC(1288)   Other: 0.1ms
[2025-08-01T03:50:42.550+0000] GC(1288) Eden regions: 322->0(233)
[2025-08-01T03:50:42.550+0000] GC(1288) Survivor regions: 68->49(49)
[2025-08-01T03:50:42.550+0000] GC(1288) Old regions: 1012->1291
[2025-08-01T03:50:42.550+0000] GC(1288) Humongous regions: 0->0
[2025-08-01T03:50:42.550+0000] GC(1288) Metaspace: 10593K(10816K)->10593K(10816K) NonClass: 9335K(9472K)->9335K(9472K) Class: 1258K(1344K)->1258K(1344K)
[2025-08-01T03:50:42.550+0000] GC(1288) Pause Young (Normal) (G1 Evacuation Pause) 2793M->2669M(4096M) 116.093ms
[2025-08-01T03:50:42.550+0000] GC(1288) User=0.88s Sys=0.02s Real=0.11s
[2025-08-01T03:50:42.576+0000] GC(1287) Concurrent Mark From Roots 141.025ms
[2025-08-01T03:50:42.576+0000] GC(1287) Concurrent Preclean
[2025-08-01T03:50:42.576+0000] GC(1287) Concurrent Preclean 0.035ms
[2025-08-01T03:50:42.576+0000] GC(1287) Pause Remark
[2025-08-01T03:50:42.579+0000] GC(1287) Pause Remark 2784M->1824M(4096M) 2.995ms
[2025-08-01T03:50:42.579+0000] GC(1287) User=0.01s Sys=0.01s Real=0.00s
[2025-08-01T03:50:42.579+0000] GC(1287) Concurrent Mark 144.462ms
[2025-08-01T03:50:42.579+0000] GC(1287) Concurrent Rebuild Remembered Sets and Scrub Regions
[2025-08-01T03:50:42.646+0000] GC(1289) Pause Young (Normal) (G1 Evacuation Pause)
[2025-08-01T03:50:42.646+0000] GC(1289) Using 8 workers of 8 for evacuation
[2025-08-01T03:50:42.710+0000] GC(1289)   Pre Evacuate Collection Set: 0.6ms
[2025-08-01T03:50:42.710+0000] GC(1289)   Merge Heap Roots: 0.7ms
[2025-08-01T03:50:42.710+0000] GC(1289)   Evacuate Collection Set: 61.1ms
[2025-08-01T03:50:42.710+0000] GC(1289)   Post Evacuate Collection Set: 1.2ms
[2025-08-01T03:50:42.710+0000] GC(1289)   Other: 0.1ms
[2025-08-01T03:50:42.710+0000] GC(1289) Eden regions: 233->0(357)
[2025-08-01T03:50:42.710+0000] GC(1289) Survivor regions: 49->36(36)
[2025-08-01T03:50:42.710+0000] GC(1289) Old regions: 806->948
[2025-08-01T03:50:42.710+0000] GC(1289) Humongous regions: 0->0
[2025-08-01T03:50:42.710+0000] GC(1289) Metaspace: 10593K(10816K)->10593K(10816K) NonClass: 9335K(9472K)->9335K(9472K) Class: 1258K(1344K)->1258K(1344K)
[2025-08-01T03:50:42.710+0000] GC(1289) Pause Young (Normal) (G1 Evacuation Pause) 2175M->1967M(4096M) 64.148ms
[2025-08-01T03:50:42.710+0000] GC(1289) User=0.48s Sys=0.01s Real=0.06s
[2025-08-01T03:50:42.843+0000] GC(1287) Concurrent Rebuild Remembered Sets and Scrub Regions 263.411ms
[2025-08-01T03:50:42.843+0000] GC(1287) Pause Cleanup
[2025-08-01T03:50:42.843+0000] GC(1287) Pause Cleanup 2620M->2620M(4096M) 0.647ms
[2025-08-01T03:50:42.844+0000] GC(1287) User=0.01s Sys=0.00s Real=0.00s
[2025-08-01T03:50:42.844+0000] GC(1287) Concurrent Clear Claimed Marks
[2025-08-01T03:50:42.844+0000] GC(1287) Concurrent Clear Claimed Marks 0.030ms
[2025-08-01T03:50:42.844+0000] GC(1287) Concurrent Cleanup for Next Mark
[2025-08-01T03:50:42.853+0000] GC(1287) Concurrent Cleanup for Next Mark 8.942ms
[2025-08-01T03:50:42.853+0000] GC(1287) Concurrent Mark Cycle 528.580ms
[2025-08-01T03:50:42.858+0000] GC(1290) Pause Young (Prepare Mixed) (G1 Evacuation Pause)
[2025-08-01T03:50:42.858+0000] GC(1290) Using 8 workers of 8 for evacuation
[2025-08-01T03:50:43.007+0000] GC(1290)   Pre Evacuate Collection Set: 0.9ms
[2025-08-01T03:50:43.007+0000] GC(1290)   Merge Heap Roots: 0.2ms
[2025-08-01T03:50:43.007+0000] GC(1290)   Evacuate Collection Set: 145.9ms
[2025-08-01T03:50:43.007+0000] GC(1290)   Post Evacuate Collection Set: 1.0ms
[2025-08-01T03:50:43.007+0000] GC(1290)   Other: 0.2ms
[2025-08-01T03:50:43.007+0000] GC(1290) Eden regions: 357->0(226)
[2025-08-01T03:50:43.007+0000] GC(1290) Survivor regions: 36->50(50)
[2025-08-01T03:50:43.007+0000] GC(1290) Old regions: 948->1293
[2025-08-01T03:50:43.007+0000] GC(1290) Humongous regions: 0->0
[2025-08-01T03:50:43.007+0000] GC(1290) Metaspace: 10593K(10816K)->10593K(10816K) NonClass: 9335K(9472K)->9335K(9472K) Class: 1258K(1344K)->1258K(1344K)
[2025-08-01T03:50:43.007+0000] GC(1290) Pause Young (Prepare Mixed) (G1 Evacuation Pause) 2681M->2684M(4096M) 148.488ms
[2025-08-01T03:50:43.007+0000] GC(1290) User=1.03s Sys=0.05s Real=0.15s
[2025-08-01T03:50:43.093+0000] GC(1291) Pause Young (Mixed) (G1 Evacuation Pause)
[2025-08-01T03:50:43.094+0000] GC(1291) Using 8 workers of 8 for evacuation
[2025-08-01T03:50:43.195+0000] GC(1291)   Pre Evacuate Collection Set: 1.1ms
[2025-08-01T03:50:43.195+0000] GC(1291)   Merge Heap Roots: 0.4ms
[2025-08-01T03:50:43.195+0000] GC(1291)   Evacuate Collection Set: 97.7ms
[2025-08-01T03:50:43.195+0000] GC(1291)   Post Evacuate Collection Set: 1.7ms
[2025-08-01T03:50:43.195+0000] GC(1291)   Other: 0.1ms
[2025-08-01T03:50:43.195+0000] GC(1291) Eden regions: 226->0(182)
[2025-08-01T03:50:43.195+0000] GC(1291) Survivor regions: 50->35(35)
[2025-08-01T03:50:43.195+0000] GC(1291) Old regions: 1293->1448
[2025-08-01T03:50:43.195+0000] GC(1291) Humongous regions: 0->0
[2025-08-01T03:50:43.195+0000] GC(1291) Metaspace: 10593K(10816K)->10593K(10816K) NonClass: 9335K(9472K)->9335K(9472K) Class: 1258K(1344K)->1258K(1344K)
[2025-08-01T03:50:43.195+0000] GC(1291) Pause Young (Mixed) (G1 Evacuation Pause) 3136M->2964M(4096M) 101.260ms
[2025-08-01T03:50:43.195+0000] GC(1291) User=0.73s Sys=0.03s Real=0.10s
[2025-08-01T03:50:43.277+0000] GC(1292) Pause Young (Concurrent Start) (G1 Evacuation Pause)
[2025-08-01T03:50:43.277+0000] GC(1292) Using 8 workers of 8 for evacuation
[2025-08-01T03:50:43.319+0000] GC(1292)   Pre Evacuate Collection Set: 0.9ms
[2025-08-01T03:50:43.319+0000] GC(1292)   Merge Heap Roots: 0.3ms
[2025-08-01T03:50:43.319+0000] GC(1292)   Evacuate Collection Set: 39.8ms
[2025-08-01T03:50:43.319+0000] GC(1292)   Post Evacuate Collection Set: 1.1ms
[2025-08-01T03:50:43.320+0000] GC(1292)   Other: 0.2ms
[2025-08-01T03:50:43.320+0000] GC(1292) Eden regions: 182->0(163)
[2025-08-01T03:50:43.320+0000] GC(1292) Survivor regions: 35->28(28)
[2025-08-01T03:50:43.320+0000] GC(1292) Old regions: 1448->1535
[2025-08-01T03:50:43.320+0000] GC(1292) Humongous regions: 0->0
[2025-08-01T03:50:43.320+0000] GC(1292) Metaspace: 10593K(10816K)->10593K(10816K) NonClass: 9335K(9472K)->9335K(9472K) Class: 1258K(1344K)->1258K(1344K)
[2025-08-01T03:50:43.320+0000] GC(1292) Pause Young (Concurrent Start) (G1 Evacuation Pause) 3328M->3125M(4096M) 42.636ms
[2025-08-01T03:50:43.320+0000] GC(1292) User=0.32s Sys=0.00s Real=0.04s
[2025-08-01T03:50:43.320+0000] GC(1293) Concurrent Mark Cycle
[2025-08-01T03:50:43.320+0000] GC(1293) Concurrent Scan Root Regions
[2025-08-01T03:50:43.356+0000] GC(1293) Concurrent Scan Root Regions 35.492ms
[2025-08-01T03:50:43.356+0000] GC(1293) Concurrent Mark
[2025-08-01T03:50:43.356+0000] GC(1293) Concurrent Mark From Roots
[2025-08-01T03:50:43.356+0000] GC(1293) Using 2 workers of 2 for marking
[2025-08-01T03:50:43.407+0000] GC(1294) Pause Young (Normal) (G1 Evacuation Pause)
[2025-08-01T03:50:43.407+0000] GC(1294) Using 8 workers of 8 for evacuation
[2025-08-01T03:50:43.466+0000] GC(1294)   Pre Evacuate Collection Set: 0.7ms
[2025-08-01T03:50:43.466+0000] GC(1294)   Merge Heap Roots: 0.1ms
[2025-08-01T03:50:43.466+0000] GC(1294)   Evacuate Collection Set: 56.7ms
[2025-08-01T03:50:43.466+0000] GC(1294)   Post Evacuate Collection Set: 1.1ms
[2025-08-01T03:50:43.466+0000] GC(1294)   Other: 0.2ms
[2025-08-01T03:50:43.466+0000] GC(1294) Eden regions: 163->0(123)
[2025-08-01T03:50:43.466+0000] GC(1294) Survivor regions: 28->24(24)
[2025-08-01T03:50:43.466+0000] GC(1294) Old regions: 1535->1654
[2025-08-01T03:50:43.466+0000] GC(1294) Humongous regions: 0->0
[2025-08-01T03:50:43.466+0000] GC(1294) Metaspace: 10593K(10816K)->10593K(10816K) NonClass: 9335K(9472K)->9335K(9472K) Class: 1258K(1344K)->1258K(1344K)
[2025-08-01T03:50:43.466+0000] GC(1294) Pause Young (Normal) (G1 Evacuation Pause) 3451M->3354M(4096M) 59.162ms
[2025-08-01T03:50:43.466+0000] GC(1294) User=0.43s Sys=0.02s Real=0.06s
[2025-08-01T03:50:43.495+0000] GC(1295) Pause Young (Normal) (G1 Evacuation Pause)
[2025-08-01T03:50:43.495+0000] GC(1295) Using 8 workers of 8 for evacuation
[2025-08-01T03:50:43.550+0000] GC(1295)   Pre Evacuate Collection Set: 0.6ms
[2025-08-01T03:50:43.550+0000] GC(1295)   Merge Heap Roots: 0.2ms
[2025-08-01T03:50:43.550+0000] GC(1295)   Evacuate Collection Set: 53.1ms
[2025-08-01T03:50:43.550+0000] GC(1295)   Post Evacuate Collection Set: 0.9ms
[2025-08-01T03:50:43.550+0000] GC(1295)   Other: 0.1ms
[2025-08-01T03:50:43.550+0000] GC(1295) Eden regions: 123->0(83)
[2025-08-01T03:50:43.550+0000] GC(1295) Survivor regions: 24->19(19)
[2025-08-01T03:50:43.550+0000] GC(1295) Old regions: 1654->1783
[2025-08-01T03:50:43.550+0000] GC(1295) Humongous regions: 0->0
[2025-08-01T03:50:43.550+0000] GC(1295) Metaspace: 10593K(10816K)->10593K(10816K) NonClass: 9335K(9472K)->9335K(9472K) Class: 1258K(1344K)->1258K(1344K)
[2025-08-01T03:50:43.550+0000] GC(1295) Pause Young (Normal) (G1 Evacuation Pause) 3600M->3603M(4096M) 55.066ms
[2025-08-01T03:50:43.550+0000] GC(1295) User=0.41s Sys=0.01s Real=0.05s
[2025-08-01T03:50:43.550+0000] GC(1293) Concurrent Mark From Roots 194.777ms
[2025-08-01T03:50:43.550+0000] GC(1293) Concurrent Preclean
[2025-08-01T03:50:43.551+0000] GC(1293) Concurrent Preclean 0.019ms
[2025-08-01T03:50:43.551+0000] GC(1293) Pause Remark
[2025-08-01T03:50:43.554+0000] GC(1293) Pause Remark 3604M->1318M(4096M) 2.875ms
[2025-08-01T03:50:43.554+0000] GC(1293) User=0.01s Sys=0.00s Real=0.01s
[2025-08-01T03:50:43.554+0000] GC(1293) Concurrent Mark 198.309ms
[2025-08-01T03:50:43.554+0000] GC(1293) Concurrent Rebuild Remembered Sets and Scrub Regions
[2025-08-01T03:50:43.620+0000] GC(1296) Pause Young (Normal) (G1 Evacuation Pause)
[2025-08-01T03:50:43.620+0000] GC(1296) Using 8 workers of 8 for evacuation
[2025-08-01T03:50:43.659+0000] GC(1296)   Pre Evacuate Collection Set: 0.6ms
[2025-08-01T03:50:43.659+0000] GC(1296)   Merge Heap Roots: 0.1ms
[2025-08-01T03:50:43.659+0000] GC(1296)   Evacuate Collection Set: 36.5ms
[2025-08-01T03:50:43.659+0000] GC(1296)   Post Evacuate Collection Set: 1.4ms
[2025-08-01T03:50:43.659+0000] GC(1296)   Other: 0.1ms
[2025-08-01T03:50:43.659+0000] GC(1296) Eden regions: 83->0(439)
[2025-08-01T03:50:43.659+0000] GC(1296) Survivor regions: 19->13(13)
[2025-08-01T03:50:43.659+0000] GC(1296) Old regions: 640->732
[2025-08-01T03:50:43.659+0000] GC(1296) Humongous regions: 0->0
[2025-08-01T03:50:43.659+0000] GC(1296) Metaspace: 10593K(10816K)->10593K(10816K) NonClass: 9335K(9472K)->9335K(9472K) Class: 1258K(1344K)->1258K(1344K)
[2025-08-01T03:50:43.659+0000] GC(1296) Pause Young (Normal) (G1 Evacuation Pause) 1483M->1488M(4096M) 39.098ms
[2025-08-01T03:50:43.659+0000] GC(1296) User=0.27s Sys=0.01s Real=0.04s
[2025-08-01T03:50:43.716+0000] GC(1293) Concurrent Rebuild Remembered Sets and Scrub Regions 162.203ms
[2025-08-01T03:50:43.716+0000] GC(1293) Pause Cleanup
[2025-08-01T03:50:43.718+0000] GC(1293) Pause Cleanup 1765M->1765M(4096M) 1.296ms
[2025-08-01T03:50:43.718+0000] GC(1293) User=0.00s Sys=0.00s Real=0.00s
[2025-08-01T03:50:43.718+0000] GC(1293) Concurrent Clear Claimed Marks
[2025-08-01T03:50:43.718+0000] GC(1293) Concurrent Clear Claimed Marks 0.124ms
[2025-08-01T03:50:43.718+0000] GC(1293) Concurrent Cleanup for Next Mark
[2025-08-01T03:50:43.726+0000] GC(1293) Concurrent Cleanup for Next Mark 7.967ms
[2025-08-01T03:50:43.726+0000] GC(1293) Concurrent Mark Cycle 405.974ms
[2025-08-01T03:50:43.833+0000] GC(1297) Pause Young (Prepare Mixed) (G1 Evacuation Pause)
[2025-08-01T03:50:43.833+0000] GC(1297) Using 8 workers of 8 for evacuation
[2025-08-01T03:50:43.944+0000] GC(1297)   Pre Evacuate Collection Set: 1.0ms
[2025-08-01T03:50:43.944+0000] GC(1297)   Merge Heap Roots: 0.4ms
[2025-08-01T03:50:43.944+0000] GC(1297)   Evacuate Collection Set: 108.0ms
[2025-08-01T03:50:43.944+0000] GC(1297)   Post Evacuate Collection Set: 1.1ms
[2025-08-01T03:50:43.944+0000] GC(1297)   Other: 0.1ms
[2025-08-01T03:50:43.944+0000] GC(1297) Eden regions: 439->0(373)
[2025-08-01T03:50:43.944+0000] GC(1297) Survivor regions: 13->57(57)
[2025-08-01T03:50:43.944+0000] GC(1297) Old regions: 732->924
[2025-08-01T03:50:43.944+0000] GC(1297) Humongous regions: 0->0
[2025-08-01T03:50:43.944+0000] GC(1297) Metaspace: 10593K(10816K)->10593K(10816K) NonClass: 9335K(9472K)->9335K(9472K) Class: 1258K(1344K)->1258K(1344K)
[2025-08-01T03:50:43.944+0000] GC(1297) Pause Young (Prepare Mixed) (G1 Evacuation Pause) 2366M->1960M(4096M) 110.924ms
[2025-08-01T03:50:43.944+0000] GC(1297) User=0.83s Sys=0.03s Real=0.11s
[2025-08-01T03:50:44.118+0000] GC(1298) Pause Young (Mixed) (G1 Evacuation Pause)
[2025-08-01T03:50:44.118+0000] GC(1298) Using 8 workers of 8 for evacuation
[2025-08-01T03:50:44.225+0000] GC(1298)   Pre Evacuate Collection Set: 1.0ms
[2025-08-01T03:50:44.226+0000] GC(1298)   Merge Heap Roots: 0.4ms
[2025-08-01T03:50:44.226+0000] GC(1298)   Evacuate Collection Set: 104.7ms
[2025-08-01T03:50:44.226+0000] GC(1298)   Post Evacuate Collection Set: 1.4ms
[2025-08-01T03:50:44.226+0000] GC(1298)   Other: 0.1ms
[2025-08-01T03:50:44.226+0000] GC(1298) Eden regions: 373->0(292)
[2025-08-01T03:50:44.226+0000] GC(1298) Survivor regions: 57->54(54)
[2025-08-01T03:50:44.226+0000] GC(1298) Old regions: 924->1133
[2025-08-01T03:50:44.226+0000] GC(1298) Humongous regions: 0->0
[2025-08-01T03:50:44.226+0000] GC(1298) Metaspace: 10593K(10816K)->10593K(10816K) NonClass: 9335K(9472K)->9335K(9472K) Class: 1258K(1344K)->1258K(1344K)
[2025-08-01T03:50:44.226+0000] GC(1298) Pause Young (Mixed) (G1 Evacuation Pause) 2706M->2373M(4096M) 107.810ms
[2025-08-01T03:50:44.226+0000] GC(1298) User=0.81s Sys=0.02s Real=0.11s
[2025-08-01T03:50:44.377+0000] GC(1299) Pause Young (Concurrent Start) (G1 Evacuation Pause)
[2025-08-01T03:50:44.377+0000] GC(1299) Using 8 workers of 8 for evacuation
[2025-08-01T03:50:44.530+0000] GC(1299)   Pre Evacuate Collection Set: 1.5ms
[2025-08-01T03:50:44.530+0000] GC(1299)   Merge Heap Roots: 0.5ms
[2025-08-01T03:50:44.530+0000] GC(1299)   Evacuate Collection Set: 149.5ms
[2025-08-01T03:50:44.530+0000] GC(1299)   Post Evacuate Collection Set: 1.7ms
[2025-08-01T03:50:44.530+0000] GC(1299)   Other: 0.3ms
[2025-08-01T03:50:44.531+0000] GC(1299) Eden regions: 292->0(181)
[2025-08-01T03:50:44.531+0000] GC(1299) Survivor regions: 54->44(44)
[2025-08-01T03:50:44.531+0000] GC(1299) Old regions: 1133->1436
[2025-08-01T03:50:44.531+0000] GC(1299) Humongous regions: 0->0
[2025-08-01T03:50:44.531+0000] GC(1299) Metaspace: 10593K(10816K)->10593K(10816K) NonClass: 9335K(9472K)->9335K(9472K) Class: 1258K(1344K)->1258K(1344K)
[2025-08-01T03:50:44.531+0000] GC(1299) Pause Young (Concurrent Start) (G1 Evacuation Pause) 2957M->2958M(4096M) 153.716ms
[2025-08-01T03:50:44.531+0000] GC(1299) User=1.13s Sys=0.04s Real=0.15s
[2025-08-01T03:50:44.531+0000] GC(1300) Concurrent Mark Cycle
[2025-08-01T03:50:44.531+0000] GC(1300) Concurrent Scan Root Regions
[2025-08-01T03:50:44.605+0000] GC(1300) Concurrent Scan Root Regions 74.452ms
[2025-08-01T03:50:44.605+0000] GC(1300) Concurrent Mark
[2025-08-01T03:50:44.605+0000] GC(1300) Concurrent Mark From Roots
[2025-08-01T03:50:44.605+0000] GC(1300) Using 2 workers of 2 for marking
[2025-08-01T03:50:44.616+0000] GC(1301) Pause Young (Normal) (G1 Evacuation Pause)
[2025-08-01T03:50:44.616+0000] GC(1301) Using 8 workers of 8 for evacuation
[2025-08-01T03:50:44.662+0000] GC(1301)   Pre Evacuate Collection Set: 0.9ms
[2025-08-01T03:50:44.662+0000] GC(1301)   Merge Heap Roots: 0.2ms
[2025-08-01T03:50:44.662+0000] GC(1301)   Evacuate Collection Set: 44.0ms
[2025-08-01T03:50:44.662+0000] GC(1301)   Post Evacuate Collection Set: 0.9ms
[2025-08-01T03:50:44.662+0000] GC(1301)   Other: 0.1ms
[2025-08-01T03:50:44.662+0000] GC(1301) Eden regions: 181->0(171)
[2025-08-01T03:50:44.662+0000] GC(1301) Survivor regions: 44->29(29)
[2025-08-01T03:50:44.662+0000] GC(1301) Old regions: 1436->1508
[2025-08-01T03:50:44.662+0000] GC(1301) Humongous regions: 0->0
[2025-08-01T03:50:44.662+0000] GC(1301) Metaspace: 10593K(10816K)->10593K(10816K) NonClass: 9335K(9472K)->9335K(9472K) Class: 1258K(1344K)->1258K(1344K)
[2025-08-01T03:50:44.662+0000] GC(1301) Pause Young (Normal) (G1 Evacuation Pause) 3320M->3072M(4096M) 46.427ms
[2025-08-01T03:50:44.662+0000] GC(1301) User=0.32s Sys=0.02s Real=0.04s
[2025-08-01T03:50:44.741+0000] GC(1302) Pause Young (Normal) (G1 Evacuation Pause)
[2025-08-01T03:50:44.741+0000] GC(1302) Using 8 workers of 8 for evacuation
[2025-08-01T03:50:44.795+0000] GC(1302)   Pre Evacuate Collection Set: 1.0ms
[2025-08-01T03:50:44.795+0000] GC(1302)   Merge Heap Roots: 0.2ms
[2025-08-01T03:50:44.795+0000] GC(1302)   Evacuate Collection Set: 52.3ms
[2025-08-01T03:50:44.795+0000] GC(1302)   Post Evacuate Collection Set: 0.9ms
[2025-08-01T03:50:44.795+0000] GC(1302)   Other: 0.1ms
[2025-08-01T03:50:44.795+0000] GC(1302) Eden regions: 171->0(125)
[2025-08-01T03:50:44.795+0000] GC(1302) Survivor regions: 29->25(25)
[2025-08-01T03:50:44.795+0000] GC(1302) Old regions: 1508->1641
[2025-08-01T03:50:44.795+0000] GC(1302) Humongous regions: 0->0
[2025-08-01T03:50:44.795+0000] GC(1302) Metaspace: 10593K(10816K)->10593K(10816K) NonClass: 9335K(9472K)->9335K(9472K) Class: 1258K(1344K)->1258K(1344K)
[2025-08-01T03:50:44.795+0000] GC(1302) Pause Young (Normal) (G1 Evacuation Pause) 3414M->3331M(4096M) 54.878ms
[2025-08-01T03:50:44.795+0000] GC(1302) User=0.41s Sys=0.01s Real=0.06s
[2025-08-01T03:50:44.817+0000] GC(1303) Pause Young (Normal) (G1 Evacuation Pause)
[2025-08-01T03:50:44.817+0000] GC(1303) Using 8 workers of 8 for evacuation
[2025-08-01T03:50:44.863+0000] GC(1303)   Pre Evacuate Collection Set: 0.9ms
[2025-08-01T03:50:44.863+0000] GC(1303)   Merge Heap Roots: 0.2ms
[2025-08-01T03:50:44.863+0000] GC(1303)   Evacuate Collection Set: 44.1ms
[2025-08-01T03:50:44.863+0000] GC(1303)   Post Evacuate Collection Set: 0.9ms
[2025-08-01T03:50:44.863+0000] GC(1303)   Other: 0.1ms
[2025-08-01T03:50:44.863+0000] GC(1303) Eden regions: 125->0(83)
[2025-08-01T03:50:44.863+0000] GC(1303) Survivor regions: 25->19(19)
[2025-08-01T03:50:44.863+0000] GC(1303) Old regions: 1641->1773
[2025-08-01T03:50:44.863+0000] GC(1303) Humongous regions: 0->0
[2025-08-01T03:50:44.864+0000] GC(1303) Metaspace: 10593K(10816K)->10593K(10816K) NonClass: 9335K(9472K)->9335K(9472K) Class: 1258K(1344K)->1258K(1344K)
[2025-08-01T03:50:44.864+0000] GC(1303) Pause Young (Normal) (G1 Evacuation Pause) 3581M->3583M(4096M) 46.509ms
[2025-08-01T03:50:44.864+0000] GC(1303) User=0.35s Sys=0.00s Real=0.05s
[2025-08-01T03:50:44.870+0000] GC(1300) Concurrent Mark From Roots 264.203ms
[2025-08-01T03:50:44.870+0000] GC(1300) Concurrent Preclean
[2025-08-01T03:50:44.870+0000] GC(1300) Concurrent Preclean 0.030ms
[2025-08-01T03:50:44.870+0000] GC(1300) Pause Remark
[2025-08-01T03:50:44.875+0000] GC(1300) Pause Remark 3641M->2009M(4096M) 5.247ms
[2025-08-01T03:50:44.875+0000] GC(1300) User=0.01s Sys=0.00s Real=0.01s
[2025-08-01T03:50:44.875+0000] GC(1300) Concurrent Mark 270.177ms
[2025-08-01T03:50:44.875+0000] GC(1300) Concurrent Rebuild Remembered Sets and Scrub Regions
[2025-08-01T03:50:44.932+0000] GC(1304) Pause Young (Normal) (G1 Evacuation Pause)
[2025-08-01T03:50:44.932+0000] GC(1304) Using 8 workers of 8 for evacuation
[2025-08-01T03:50:44.966+0000] GC(1304)   Pre Evacuate Collection Set: 0.8ms
[2025-08-01T03:50:44.966+0000] GC(1304)   Merge Heap Roots: 0.2ms
[2025-08-01T03:50:44.966+0000] GC(1304)   Evacuate Collection Set: 32.7ms
[2025-08-01T03:50:44.966+0000] GC(1304)   Post Evacuate Collection Set: 0.9ms
[2025-08-01T03:50:44.966+0000] GC(1304)   Other: 0.1ms
[2025-08-01T03:50:44.966+0000] GC(1304) Eden regions: 83->0(335)
[2025-08-01T03:50:44.966+0000] GC(1304) Survivor regions: 19->13(13)
[2025-08-01T03:50:44.966+0000] GC(1304) Old regions: 957->1021
[2025-08-01T03:50:44.966+0000] GC(1304) Humongous regions: 0->0
[2025-08-01T03:50:44.967+0000] GC(1304) Metaspace: 10593K(10816K)->10593K(10816K) NonClass: 9335K(9472K)->9335K(9472K) Class: 1258K(1344K)->1258K(1344K)
[2025-08-01T03:50:44.967+0000] GC(1304) Pause Young (Normal) (G1 Evacuation Pause) 2117M->2066M(4096M) 35.012ms
[2025-08-01T03:50:44.967+0000] GC(1304) User=0.25s Sys=0.02s Real=0.04s
[2025-08-01T03:50:45.105+0000] GC(1305) Pause Young (Normal) (G1 Evacuation Pause)
[2025-08-01T03:50:45.105+0000] GC(1305) Using 8 workers of 8 for evacuation
[2025-08-01T03:50:45.218+0000] GC(1305)   Pre Evacuate Collection Set: 0.9ms
[2025-08-01T03:50:45.218+0000] GC(1305)   Merge Heap Roots: 0.2ms
[2025-08-01T03:50:45.218+0000] GC(1305)   Evacuate Collection Set: 110.1ms
[2025-08-01T03:50:45.218+0000] GC(1305)   Post Evacuate Collection Set: 1.0ms
[2025-08-01T03:50:45.218+0000] GC(1305)   Other: 0.1ms
[2025-08-01T03:50:45.218+0000] GC(1305) Eden regions: 335->0(215)
[2025-08-01T03:50:45.218+0000] GC(1305) Survivor regions: 13->44(44)
[2025-08-01T03:50:45.218+0000] GC(1305) Old regions: 1021->1326
[2025-08-01T03:50:45.218+0000] GC(1305) Humongous regions: 0->0
[2025-08-01T03:50:45.218+0000] GC(1305) Metaspace: 10593K(10816K)->10593K(10816K) NonClass: 9335K(9472K)->9335K(9472K) Class: 1258K(1344K)->1258K(1344K)
[2025-08-01T03:50:45.218+0000] GC(1305) Pause Young (Normal) (G1 Evacuation Pause) 2736M->2738M(4096M) 112.559ms
[2025-08-01T03:50:45.218+0000] GC(1305) User=0.82s Sys=0.01s Real=0.11s
[2025-08-01T03:50:45.262+0000] GC(1300) Concurrent Rebuild Remembered Sets and Scrub Regions 386.835ms
[2025-08-01T03:50:45.263+0000] GC(1300) Pause Cleanup
[2025-08-01T03:50:45.263+0000] GC(1300) Pause Cleanup 3088M->3088M(4096M) 0.715ms
[2025-08-01T03:50:45.263+0000] GC(1300) User=0.00s Sys=0.01s Real=0.01s
[2025-08-01T03:50:45.263+0000] GC(1300) Concurrent Clear Claimed Marks
[2025-08-01T03:50:45.263+0000] GC(1300) Concurrent Clear Claimed Marks 0.041ms
[2025-08-01T03:50:45.263+0000] GC(1300) Concurrent Cleanup for Next Mark
[2025-08-01T03:50:45.272+0000] GC(1300) Concurrent Cleanup for Next Mark 9.022ms
[2025-08-01T03:50:45.273+0000] GC(1300) Concurrent Mark Cycle 741.773ms
[2025-08-01T03:50:45.306+0000] GC(1306) Pause Young (Prepare Mixed) (G1 Evacuation Pause)
[2025-08-01T03:50:45.306+0000] GC(1306) Using 8 workers of 8 for evacuation
[2025-08-01T03:50:45.366+0000] GC(1306)   Pre Evacuate Collection Set: 1.0ms
[2025-08-01T03:50:45.366+0000] GC(1306)   Merge Heap Roots: 0.1ms
[2025-08-01T03:50:45.366+0000] GC(1306)   Evacuate Collection Set: 56.7ms
[2025-08-01T03:50:45.366+0000] GC(1306)   Post Evacuate Collection Set: 1.1ms
[2025-08-01T03:50:45.366+0000] GC(1306)   Other: 0.1ms
[2025-08-01T03:50:45.366+0000] GC(1306) Eden regions: 215->0(185)
[2025-08-01T03:50:45.366+0000] GC(1306) Survivor regions: 44->33(33)
[2025-08-01T03:50:45.366+0000] GC(1306) Old regions: 1326->1454
[2025-08-01T03:50:45.366+0000] GC(1306) Humongous regions: 0->0
[2025-08-01T03:50:45.366+0000] GC(1306) Metaspace: 10593K(10816K)->10593K(10816K) NonClass: 9335K(9472K)->9335K(9472K) Class: 1258K(1344K)->1258K(1344K)
[2025-08-01T03:50:45.366+0000] GC(1306) Pause Young (Prepare Mixed) (G1 Evacuation Pause) 3168M->2972M(4096M) 59.469ms
[2025-08-01T03:50:45.366+0000] GC(1306) User=0.43s Sys=0.01s Real=0.06s
[2025-08-01T03:50:45.450+0000] GC(1307) Pause Young (Mixed) (G1 Evacuation Pause)
[2025-08-01T03:50:45.450+0000] GC(1307) Using 8 workers of 8 for evacuation
[2025-08-01T03:50:45.531+0000] GC(1307)   Pre Evacuate Collection Set: 0.5ms
[2025-08-01T03:50:45.531+0000] GC(1307)   Merge Heap Roots: 0.2ms
[2025-08-01T03:50:45.531+0000] GC(1307)   Evacuate Collection Set: 78.7ms
[2025-08-01T03:50:45.531+0000] GC(1307)   Post Evacuate Collection Set: 1.0ms
[2025-08-01T03:50:45.531+0000] GC(1307)   Other: 0.1ms
[2025-08-01T03:50:45.531+0000] GC(1307) Eden regions: 185->0(135)
[2025-08-01T03:50:45.531+0000] GC(1307) Survivor regions: 33->28(28)
[2025-08-01T03:50:45.531+0000] GC(1307) Old regions: 1454->1604
[2025-08-01T03:50:45.531+0000] GC(1307) Humongous regions: 0->0
[2025-08-01T03:50:45.531+0000] GC(1307) Metaspace: 10593K(10816K)->10593K(10816K) NonClass: 9335K(9472K)->9335K(9472K) Class: 1258K(1344K)->1258K(1344K)
[2025-08-01T03:50:45.531+0000] GC(1307) Pause Young (Mixed) (G1 Evacuation Pause) 3342M->3262M(4096M) 81.021ms
[2025-08-01T03:50:45.531+0000] GC(1307) User=0.59s Sys=0.02s Real=0.08s
[2025-08-01T03:50:45.557+0000] GC(1308) Pause Young (Concurrent Start) (G1 Evacuation Pause)
[2025-08-01T03:50:45.557+0000] GC(1308) Using 8 workers of 8 for evacuation
[2025-08-01T03:50:45.611+0000] GC(1308)   Pre Evacuate Collection Set: 0.7ms
[2025-08-01T03:50:45.611+0000] GC(1308)   Merge Heap Roots: 0.1ms
[2025-08-01T03:50:45.611+0000] GC(1308)   Evacuate Collection Set: 52.1ms
[2025-08-01T03:50:45.611+0000] GC(1308)   Post Evacuate Collection Set: 1.0ms
[2025-08-01T03:50:45.611+0000] GC(1308)   Other: 0.5ms
[2025-08-01T03:50:45.611+0000] GC(1308) Eden regions: 135->0(87)
[2025-08-01T03:50:45.611+0000] GC(1308) Survivor regions: 28->21(21)
[2025-08-01T03:50:45.612+0000] GC(1308) Old regions: 1604->1747
[2025-08-01T03:50:45.612+0000] GC(1308) Humongous regions: 0->0
[2025-08-01T03:50:45.612+0000] GC(1308) Metaspace: 10593K(10816K)->10593K(10816K) NonClass: 9335K(9472K)->9335K(9472K) Class: 1258K(1344K)->1258K(1344K)
[2025-08-01T03:50:45.612+0000] GC(1308) Pause Young (Concurrent Start) (G1 Evacuation Pause) 3532M->3535M(4096M) 54.652ms
[2025-08-01T03:50:45.612+0000] GC(1308) User=0.41s Sys=0.00s Real=0.05s
[2025-08-01T03:50:45.612+0000] GC(1309) Concurrent Mark Cycle
[2025-08-01T03:50:45.612+0000] GC(1309) Concurrent Scan Root Regions
[2025-08-01T03:50:45.634+0000] GC(1310) Pause Young (Normal) (G1 Evacuation Pause)
[2025-08-01T03:50:45.634+0000] GC(1310) Using 8 workers of 8 for evacuation
[2025-08-01T03:50:45.648+0000] GC(1309) Concurrent Scan Root Regions 35.790ms
[2025-08-01T03:50:45.648+0000] GC(1309) Concurrent Mark
[2025-08-01T03:50:45.648+0000] GC(1309) Concurrent Mark From Roots
[2025-08-01T03:50:45.648+0000] GC(1309) Using 2 workers of 2 for marking
[2025-08-01T03:50:45.685+0000] GC(1310)   Pre Evacuate Collection Set: 0.7ms
[2025-08-01T03:50:45.685+0000] GC(1310)   Merge Heap Roots: 0.2ms
[2025-08-01T03:50:45.685+0000] GC(1310)   Evacuate Collection Set: 35.5ms
[2025-08-01T03:50:45.685+0000] GC(1310)   Post Evacuate Collection Set: 0.7ms
[2025-08-01T03:50:45.685+0000] GC(1310)   Other: 0.1ms
[2025-08-01T03:50:45.685+0000] GC(1310) Eden regions: 87->0(88)
[2025-08-01T03:50:45.685+0000] GC(1310) Survivor regions: 21->14(14)
[2025-08-01T03:50:45.685+0000] GC(1310) Old regions: 1747->1837
[2025-08-01T03:50:45.685+0000] GC(1310) Humongous regions: 0->0
[2025-08-01T03:50:45.685+0000] GC(1310) Metaspace: 10593K(10816K)->10593K(10816K) NonClass: 9335K(9472K)->9335K(9472K) Class: 1258K(1344K)->1258K(1344K)
[2025-08-01T03:50:45.685+0000] GC(1310) Pause Young (Normal) (G1 Evacuation Pause) 3709M->3700M(4096M) 50.901ms
[2025-08-01T03:50:45.685+0000] GC(1310) User=0.29s Sys=0.01s Real=0.05s
[2025-08-01T03:50:45.708+0000] GC(1311) Pause Young (Normal) (G1 Evacuation Pause)
[2025-08-01T03:50:45.708+0000] GC(1311) Using 8 workers of 8 for evacuation
[2025-08-01T03:50:45.739+0000] GC(1311)   Pre Evacuate Collection Set: 0.8ms
[2025-08-01T03:50:45.739+0000] GC(1311)   Merge Heap Roots: 0.2ms
[2025-08-01T03:50:45.739+0000] GC(1311)   Evacuate Collection Set: 29.1ms
[2025-08-01T03:50:45.739+0000] GC(1311)   Post Evacuate Collection Set: 1.1ms
[2025-08-01T03:50:45.739+0000] GC(1311)   Other: 0.1ms
[2025-08-01T03:50:45.740+0000] GC(1311) Eden regions: 88->0(89)
[2025-08-01T03:50:45.740+0000] GC(1311) Survivor regions: 14->13(13)
[2025-08-01T03:50:45.740+0000] GC(1311) Old regions: 1837->1927
[2025-08-01T03:50:45.740+0000] GC(1311) Humongous regions: 0->0
[2025-08-01T03:50:45.740+0000] GC(1311) Metaspace: 10593K(10816K)->10593K(10816K) NonClass: 9335K(9472K)->9335K(9472K) Class: 1258K(1344K)->1258K(1344K)
[2025-08-01T03:50:45.740+0000] GC(1311) Pause Young (Normal) (G1 Evacuation Pause) 3876M->3879M(4096M) 31.573ms
[2025-08-01T03:50:45.740+0000] GC(1311) User=0.23s Sys=0.00s Real=0.03s
[2025-08-01T03:50:45.765+0000] GC(1312) Pause Young (Normal) (G1 Evacuation Pause)
[2025-08-01T03:50:45.765+0000] GC(1312) Using 8 workers of 8 for evacuation
[2025-08-01T03:50:45.790+0000] GC(1312)   Pre Evacuate Collection Set: 0.6ms
[2025-08-01T03:50:45.790+0000] GC(1312)   Merge Heap Roots: 0.4ms
[2025-08-01T03:50:45.790+0000] GC(1312)   Evacuate Collection Set: 15.8ms
[2025-08-01T03:50:45.790+0000] GC(1312)   Post Evacuate Collection Set: 7.6ms
[2025-08-01T03:50:45.790+0000] GC(1312)   Other: 0.1ms
[2025-08-01T03:50:45.790+0000] GC(1312) Eden regions: 89->0(0)
[2025-08-01T03:50:45.790+0000] GC(1312) Survivor regions: 13->13(13)
[2025-08-01T03:50:45.790+0000] GC(1312) Old regions: 1927->2035
[2025-08-01T03:50:45.790+0000] GC(1312) Humongous regions: 0->0
[2025-08-01T03:50:45.790+0000] GC(1312) Metaspace: 10593K(10816K)->10593K(10816K) NonClass: 9335K(9472K)->9335K(9472K) Class: 1258K(1344K)->1258K(1344K)
[2025-08-01T03:50:45.790+0000] GC(1312) Pause Young (Normal) (G1 Evacuation Pause) (Evacuation Failure) 4057M->4095M(4096M) 24.712ms
[2025-08-01T03:50:45.790+0000] GC(1312) User=0.18s Sys=0.00s Real=0.02s
[2025-08-01T03:50:45.790+0000] Attempting full compaction
[2025-08-01T03:50:45.790+0000] GC(1313) Pause Full (G1 Compaction Pause)
[2025-08-01T03:50:45.790+0000] GC(1313) Using 8 workers of 8 for full compaction
[2025-08-01T03:50:45.796+0000] GC(1313) Phase 1: Mark live objects
[2025-08-01T03:50:45.842+0000] GC(1313) Phase 1: Mark live objects 46.155ms
[2025-08-01T03:50:45.842+0000] GC(1313) Phase 2: Prepare compaction
[2025-08-01T03:50:45.856+0000] GC(1313) Phase 2: Prepare compaction 13.937ms
[2025-08-01T03:50:45.857+0000] GC(1313) Phase 3: Adjust pointers
[2025-08-01T03:50:45.900+0000] GC(1313) Phase 3: Adjust pointers 43.910ms
[2025-08-01T03:50:45.900+0000] GC(1313) Phase 4: Compact heap
[2025-08-01T03:50:45.949+0000] GC(1313) Phase 4: Compact heap 48.697ms
[2025-08-01T03:50:45.949+0000] GC(1313) Phase 5: Reset Metadata
[2025-08-01T03:50:45.987+0000] GC(1313) Phase 5: Reset Metadata 37.866ms
[2025-08-01T03:50:45.996+0000] GC(1313) Eden regions: 0->0(490)
[2025-08-01T03:50:45.996+0000] GC(1313) Survivor regions: 13->0(13)
[2025-08-01T03:50:45.996+0000] GC(1313) Old regions: 2035->513
[2025-08-01T03:50:45.996+0000] GC(1313) Humongous regions: 0->0
[2025-08-01T03:50:45.996+0000] GC(1313) Metaspace: 10593K(10816K)->10593K(10816K) NonClass: 9335K(9472K)->9335K(9472K) Class: 1258K(1344K)->1258K(1344K)
[2025-08-01T03:50:45.996+0000] GC(1313) Pause Full (G1 Compaction Pause) 4095M->1018M(4096M) 205.977ms
[2025-08-01T03:50:45.996+0000] GC(1313) User=1.45s Sys=0.02s Real=0.21s
[2025-08-01T03:50:45.998+0000] GC(1309) Concurrent Mark From Roots 350.362ms
[2025-08-01T03:50:45.998+0000] GC(1309) Concurrent Mark Abort
[2025-08-01T03:50:45.998+0000] GC(1309) Concurrent Mark Cycle 386.432ms
[2025-08-01T03:50:46.229+0000] GC(1314) Pause Young (Normal) (G1 Evacuation Pause)
[2025-08-01T03:50:46.229+0000] GC(1314) Using 8 workers of 8 for evacuation
[2025-08-01T03:50:46.330+0000] GC(1314)   Pre Evacuate Collection Set: 1.5ms
[2025-08-01T03:50:46.330+0000] GC(1314)   Merge Heap Roots: 0.3ms
[2025-08-01T03:50:46.330+0000] GC(1314)   Evacuate Collection Set: 97.4ms
[2025-08-01T03:50:46.330+0000] GC(1314)   Post Evacuate Collection Set: 1.4ms
[2025-08-01T03:50:46.330+0000] GC(1314)   Other: 0.2ms
[2025-08-01T03:50:46.330+0000] GC(1314) Eden regions: 490->0(427)
[2025-08-01T03:50:46.330+0000] GC(1314) Survivor regions: 0->62(62)
[2025-08-01T03:50:46.330+0000] GC(1314) Old regions: 513->706
[2025-08-01T03:50:46.330+0000] GC(1314) Humongous regions: 0->0
[2025-08-01T03:50:46.330+0000] GC(1314) Metaspace: 10593K(10816K)->10593K(10816K) NonClass: 9335K(9472K)->9335K(9472K) Class: 1258K(1344K)->1258K(1344K)
[2025-08-01T03:50:46.330+0000] GC(1314) Pause Young (Normal) (G1 Evacuation Pause) 1998M->1528M(4096M) 101.219ms
[2025-08-01T03:50:46.330+0000] GC(1314) User=0.76s Sys=0.02s Real=0.10s
[2025-08-01T03:50:46.512+0000] GC(1315) Pause Young (Concurrent Start) (G1 Evacuation Pause)
[2025-08-01T03:50:46.512+0000] GC(1315) Using 8 workers of 8 for evacuation
[2025-08-01T03:50:46.681+0000] GC(1315)   Pre Evacuate Collection Set: 1.0ms
[2025-08-01T03:50:46.681+0000] GC(1315)   Merge Heap Roots: 0.2ms
[2025-08-01T03:50:46.681+0000] GC(1315)   Evacuate Collection Set: 165.7ms
[2025-08-01T03:50:46.681+0000] GC(1315)   Post Evacuate Collection Set: 1.3ms
[2025-08-01T03:50:46.681+0000] GC(1315)   Other: 0.2ms
[2025-08-01T03:50:46.681+0000] GC(1315) Eden regions: 427->0(301)
[2025-08-01T03:50:46.681+0000] GC(1315) Survivor regions: 62->62(62)
[2025-08-01T03:50:46.681+0000] GC(1315) Old regions: 706->1050
[2025-08-01T03:50:46.681+0000] GC(1315) Humongous regions: 0->0
[2025-08-01T03:50:46.681+0000] GC(1315) Metaspace: 10593K(10816K)->10593K(10816K) NonClass: 9335K(9472K)->9335K(9472K) Class: 1258K(1344K)->1258K(1344K)
[2025-08-01T03:50:46.681+0000] GC(1315) Pause Young (Concurrent Start) (G1 Evacuation Pause) 2382M->2215M(4096M) 168.746ms
[2025-08-01T03:50:46.681+0000] GC(1315) User=1.24s Sys=0.04s Real=0.17s
[2025-08-01T03:50:46.681+0000] GC(1316) Concurrent Mark Cycle
[2025-08-01T03:50:46.681+0000] GC(1316) Concurrent Scan Root Regions
[2025-08-01T03:50:46.759+0000] GC(1316) Concurrent Scan Root Regions 77.615ms
[2025-08-01T03:50:46.759+0000] GC(1316) Concurrent Mark
[2025-08-01T03:50:46.759+0000] GC(1316) Concurrent Mark From Roots
[2025-08-01T03:50:46.759+0000] GC(1316) Using 2 workers of 2 for marking
[2025-08-01T03:50:46.816+0000] GC(1316) Concurrent Mark From Roots 57.121ms
[2025-08-01T03:50:46.816+0000] GC(1316) Concurrent Preclean
[2025-08-01T03:50:46.816+0000] GC(1316) Concurrent Preclean 0.038ms
[2025-08-01T03:50:46.816+0000] GC(1316) Pause Remark
[2025-08-01T03:50:46.821+0000] GC(1316) Pause Remark 2753M->1699M(4096M) 4.555ms
[2025-08-01T03:50:46.821+0000] GC(1316) User=0.01s Sys=0.00s Real=0.00s
[2025-08-01T03:50:46.821+0000] GC(1316) Concurrent Mark 62.159ms
[2025-08-01T03:50:46.821+0000] GC(1316) Concurrent Rebuild Remembered Sets and Scrub Regions
[2025-08-01T03:50:46.834+0000] GC(1317) Pause Young (Normal) (G1 Evacuation Pause)
[2025-08-01T03:50:46.834+0000] GC(1317) Using 8 workers of 8 for evacuation
[2025-08-01T03:50:46.928+0000] GC(1317)   Pre Evacuate Collection Set: 1.1ms
[2025-08-01T03:50:46.928+0000] GC(1317)   Merge Heap Roots: 0.6ms
[2025-08-01T03:50:46.928+0000] GC(1317)   Evacuate Collection Set: 91.1ms
[2025-08-01T03:50:46.928+0000] GC(1317)   Post Evacuate Collection Set: 1.1ms
[2025-08-01T03:50:46.928+0000] GC(1317)   Other: 0.1ms
[2025-08-01T03:50:46.928+0000] GC(1317) Eden regions: 301->0(446)
[2025-08-01T03:50:46.928+0000] GC(1317) Survivor regions: 62->46(46)
[2025-08-01T03:50:46.928+0000] GC(1317) Old regions: 519->692
[2025-08-01T03:50:46.928+0000] GC(1317) Humongous regions: 0->0
[2025-08-01T03:50:46.928+0000] GC(1317) Metaspace: 10593K(10816K)->10593K(10816K) NonClass: 9335K(9472K)->9335K(9472K) Class: 1258K(1344K)->1258K(1344K)
[2025-08-01T03:50:46.929+0000] GC(1317) Pause Young (Normal) (G1 Evacuation Pause) 1762M->1474M(4096M) 94.264ms
[2025-08-01T03:50:46.929+0000] GC(1317) User=0.70s Sys=0.02s Real=0.09s
[2025-08-01T03:50:47.040+0000] GC(1316) Concurrent Rebuild Remembered Sets and Scrub Regions 219.177ms
[2025-08-01T03:50:47.041+0000] GC(1316) Pause Cleanup
[2025-08-01T03:50:47.042+0000] GC(1316) Pause Cleanup 2090M->2090M(4096M) 1.153ms
[2025-08-01T03:50:47.042+0000] GC(1316) User=0.01s Sys=0.00s Real=0.00s
[2025-08-01T03:50:47.042+0000] GC(1316) Concurrent Clear Claimed Marks
[2025-08-01T03:50:47.042+0000] GC(1316) Concurrent Clear Claimed Marks 0.042ms
[2025-08-01T03:50:47.042+0000] GC(1316) Concurrent Cleanup for Next Mark
[2025-08-01T03:50:47.053+0000] GC(1316) Concurrent Cleanup for Next Mark 10.761ms
[2025-08-01T03:50:47.053+0000] GC(1316) Concurrent Mark Cycle 371.906ms
[2025-08-01T03:50:47.114+0000] GC(1318) Pause Young (Prepare Mixed) (G1 Evacuation Pause)
[2025-08-01T03:50:47.114+0000] GC(1318) Using 8 workers of 8 for evacuation
[2025-08-01T03:50:47.257+0000] GC(1318)   Pre Evacuate Collection Set: 0.9ms
[2025-08-01T03:50:47.257+0000] GC(1318)   Merge Heap Roots: 0.8ms
[2025-08-01T03:50:47.257+0000] GC(1318)   Evacuate Collection Set: 140.6ms
[2025-08-01T03:50:47.257+0000] GC(1318)   Post Evacuate Collection Set: 1.1ms
[2025-08-01T03:50:47.257+0000] GC(1318)   Other: 0.2ms
[2025-08-01T03:50:47.257+0000] GC(1318) Eden regions: 446->0(341)
[2025-08-01T03:50:47.257+0000] GC(1318) Survivor regions: 46->62(62)
[2025-08-01T03:50:47.257+0000] GC(1318) Old regions: 692->972
[2025-08-01T03:50:47.257+0000] GC(1318) Humongous regions: 0->0
[2025-08-01T03:50:47.257+0000] GC(1318) Metaspace: 10593K(10816K)->10593K(10816K) NonClass: 9335K(9472K)->9335K(9472K) Class: 1258K(1344K)->1258K(1344K)
[2025-08-01T03:50:47.258+0000] GC(1318) Pause Young (Prepare Mixed) (G1 Evacuation Pause) 2366M->2067M(4096M) 143.910ms
[2025-08-01T03:50:47.258+0000] GC(1318) User=0.97s Sys=0.04s Real=0.14s
[2025-08-01T03:50:47.418+0000] GC(1319) Pause Young (Mixed) (G1 Evacuation Pause)
[2025-08-01T03:50:47.418+0000] GC(1319) Using 8 workers of 8 for evacuation
[2025-08-01T03:50:47.589+0000] GC(1319)   Pre Evacuate Collection Set: 1.0ms
[2025-08-01T03:50:47.589+0000] GC(1319)   Merge Heap Roots: 0.2ms
[2025-08-01T03:50:47.589+0000] GC(1319)   Evacuate Collection Set: 168.5ms
[2025-08-01T03:50:47.589+0000] GC(1319)   Post Evacuate Collection Set: 1.0ms
[2025-08-01T03:50:47.589+0000] GC(1319)   Other: 0.1ms
[2025-08-01T03:50:47.589+0000] GC(1319) Eden regions: 341->0(218)
[2025-08-01T03:50:47.589+0000] GC(1319) Survivor regions: 62->51(51)
[2025-08-01T03:50:47.589+0000] GC(1319) Old regions: 972->1312
[2025-08-01T03:50:47.589+0000] GC(1319) Humongous regions: 0->0
[2025-08-01T03:50:47.589+0000] GC(1319) Metaspace: 10593K(10816K)->10593K(10816K) NonClass: 9335K(9472K)->9335K(9472K) Class: 1258K(1344K)->1258K(1344K)
[2025-08-01T03:50:47.589+0000] GC(1319) Pause Young (Mixed) (G1 Evacuation Pause) 2749M->2724M(4096M) 171.045ms
[2025-08-01T03:50:47.589+0000] GC(1319) User=1.27s Sys=0.05s Real=0.17s
[2025-08-01T03:50:47.672+0000] GC(1320) Pause Young (Concurrent Start) (G1 Evacuation Pause)
[2025-08-01T03:50:47.672+0000] GC(1320) Using 8 workers of 8 for evacuation
[2025-08-01T03:50:47.724+0000] GC(1320)   Pre Evacuate Collection Set: 1.2ms
[2025-08-01T03:50:47.724+0000] GC(1320)   Merge Heap Roots: 0.2ms
[2025-08-01T03:50:47.724+0000] GC(1320)   Evacuate Collection Set: 48.8ms
[2025-08-01T03:50:47.724+0000] GC(1320)   Post Evacuate Collection Set: 1.4ms
[2025-08-01T03:50:47.724+0000] GC(1320)   Other: 0.3ms
[2025-08-01T03:50:47.724+0000] GC(1320) Eden regions: 218->0(203)
[2025-08-01T03:50:47.724+0000] GC(1320) Survivor regions: 51->34(34)
[2025-08-01T03:50:47.724+0000] GC(1320) Old regions: 1312->1405
[2025-08-01T03:50:47.724+0000] GC(1320) Humongous regions: 0->0
[2025-08-01T03:50:47.724+0000] GC(1320) Metaspace: 10593K(10816K)->10593K(10816K) NonClass: 9335K(9472K)->9335K(9472K) Class: 1258K(1344K)->1258K(1344K)
[2025-08-01T03:50:47.724+0000] GC(1320) Pause Young (Concurrent Start) (G1 Evacuation Pause) 3160M->2877M(4096M) 52.245ms
[2025-08-01T03:50:47.724+0000] GC(1320) User=0.36s Sys=0.01s Real=0.06s
[2025-08-01T03:50:47.724+0000] GC(1321) Concurrent Mark Cycle
[2025-08-01T03:50:47.724+0000] GC(1321) Concurrent Scan Root Regions
[2025-08-01T03:50:47.758+0000] GC(1321) Concurrent Scan Root Regions 33.208ms
[2025-08-01T03:50:47.758+0000] GC(1321) Concurrent Mark
[2025-08-01T03:50:47.758+0000] GC(1321) Concurrent Mark From Roots
[2025-08-01T03:50:47.758+0000] GC(1321) Using 2 workers of 2 for marking
[2025-08-01T03:50:47.819+0000] GC(1321) Concurrent Mark From Roots 61.771ms
[2025-08-01T03:50:47.820+0000] GC(1321) Concurrent Preclean
[2025-08-01T03:50:47.820+0000] GC(1321) Concurrent Preclean 0.029ms
[2025-08-01T03:50:47.820+0000] GC(1321) Pause Remark
[2025-08-01T03:50:47.825+0000] GC(1321) Pause Remark 3275M->1099M(4096M) 4.921ms
[2025-08-01T03:50:47.825+0000] GC(1321) User=0.01s Sys=0.01s Real=0.01s
[2025-08-01T03:50:47.825+0000] GC(1321) Concurrent Mark 67.593ms
[2025-08-01T03:50:47.825+0000] GC(1321) Concurrent Rebuild Remembered Sets and Scrub Regions
[2025-08-01T03:50:47.827+0000] GC(1322) Pause Young (Normal) (G1 Evacuation Pause)
[2025-08-01T03:50:47.827+0000] GC(1322) Using 8 workers of 8 for evacuation
[2025-08-01T03:50:47.922+0000] GC(1322)   Pre Evacuate Collection Set: 0.8ms
[2025-08-01T03:50:47.922+0000] GC(1322)   Merge Heap Roots: 0.2ms
[2025-08-01T03:50:47.922+0000] GC(1322)   Evacuate Collection Set: 92.2ms
[2025-08-01T03:50:47.922+0000] GC(1322)   Post Evacuate Collection Set: 0.9ms
[2025-08-01T03:50:47.922+0000] GC(1322)   Other: 0.1ms
[2025-08-01T03:50:47.922+0000] GC(1322) Eden regions: 203->0(547)
[2025-08-01T03:50:47.922+0000] GC(1322) Survivor regions: 34->30(30)
[2025-08-01T03:50:47.922+0000] GC(1322) Old regions: 317->526
[2025-08-01T03:50:47.922+0000] GC(1322) Humongous regions: 0->0
[2025-08-01T03:50:47.922+0000] GC(1322) Metaspace: 10593K(10816K)->10593K(10816K) NonClass: 9335K(9472K)->9335K(9472K) Class: 1258K(1344K)->1258K(1344K)
[2025-08-01T03:50:47.922+0000] GC(1322) Pause Young (Normal) (G1 Evacuation Pause) 1107M->1111M(4096M) 94.477ms
[2025-08-01T03:50:47.922+0000] GC(1322) User=0.69s Sys=0.02s Real=0.09s
[2025-08-01T03:50:47.981+0000] GC(1321) Concurrent Rebuild Remembered Sets and Scrub Regions 155.512ms
[2025-08-01T03:50:47.981+0000] GC(1321) Pause Cleanup
[2025-08-01T03:50:47.982+0000] GC(1321) Pause Cleanup 1346M->1346M(4096M) 0.616ms
[2025-08-01T03:50:47.982+0000] GC(1321) User=0.00s Sys=0.00s Real=0.00s
[2025-08-01T03:50:47.982+0000] GC(1321) Concurrent Clear Claimed Marks
[2025-08-01T03:50:47.982+0000] GC(1321) Concurrent Clear Claimed Marks 0.170ms
[2025-08-01T03:50:47.982+0000] GC(1321) Concurrent Cleanup for Next Mark
[2025-08-01T03:50:47.991+0000] GC(1321) Concurrent Cleanup for Next Mark 8.601ms
[2025-08-01T03:50:47.991+0000] GC(1321) Concurrent Mark Cycle 266.271ms
[2025-08-01T03:50:48.178+0000] GC(1323) Pause Young (Prepare Mixed) (G1 Evacuation Pause)
[2025-08-01T03:50:48.178+0000] GC(1323) Using 8 workers of 8 for evacuation
[2025-08-01T03:50:48.443+0000] GC(1323) MMU target violated: 201.0ms (200.0ms/201.0ms)
[2025-08-01T03:50:48.443+0000] GC(1323)   Pre Evacuate Collection Set: 2.4ms
[2025-08-01T03:50:48.443+0000] GC(1323)   Merge Heap Roots: 1.1ms
[2025-08-01T03:50:48.443+0000] GC(1323)   Evacuate Collection Set: 259.5ms
[2025-08-01T03:50:48.443+0000] GC(1323)   Post Evacuate Collection Set: 1.1ms
[2025-08-01T03:50:48.443+0000] GC(1323)   Other: 0.2ms
[2025-08-01T03:50:48.443+0000] GC(1323) Eden regions: 547->0(373)
[2025-08-01T03:50:48.443+0000] GC(1323) Survivor regions: 30->73(73)
[2025-08-01T03:50:48.443+0000] GC(1323) Old regions: 526->879
[2025-08-01T03:50:48.443+0000] GC(1323) Humongous regions: 0->0
[2025-08-01T03:50:48.443+0000] GC(1323) Metaspace: 10593K(10816K)->10593K(10816K) NonClass: 9335K(9472K)->9335K(9472K) Class: 1258K(1344K)->1258K(1344K)
[2025-08-01T03:50:48.443+0000] GC(1323) Pause Young (Prepare Mixed) (G1 Evacuation Pause) 2205M->1903M(4096M) 264.617ms
[2025-08-01T03:50:48.443+0000] GC(1323) User=1.79s Sys=0.08s Real=0.26s
[2025-08-01T03:50:48.604+0000] GC(1324) Pause Young (Mixed) (G1 Evacuation Pause)
[2025-08-01T03:50:48.604+0000] GC(1324) Using 8 workers of 8 for evacuation
[2025-08-01T03:50:48.762+0000] GC(1324)   Pre Evacuate Collection Set: 1.2ms
[2025-08-01T03:50:48.762+0000] GC(1324)   Merge Heap Roots: 0.3ms
[2025-08-01T03:50:48.762+0000] GC(1324)   Evacuate Collection Set: 154.5ms
[2025-08-01T03:50:48.762+0000] GC(1324)   Post Evacuate Collection Set: 1.7ms
[2025-08-01T03:50:48.762+0000] GC(1324)   Other: 0.1ms
[2025-08-01T03:50:48.762+0000] GC(1324) Eden regions: 373->0(263)
[2025-08-01T03:50:48.762+0000] GC(1324) Survivor regions: 73->56(56)
[2025-08-01T03:50:48.762+0000] GC(1324) Old regions: 879->1167
[2025-08-01T03:50:48.762+0000] GC(1324) Humongous regions: 0->0
[2025-08-01T03:50:48.762+0000] GC(1324) Metaspace: 10593K(10816K)->10593K(10816K) NonClass: 9335K(9472K)->9335K(9472K) Class: 1258K(1344K)->1258K(1344K)
[2025-08-01T03:50:48.762+0000] GC(1324) Pause Young (Mixed) (G1 Evacuation Pause) 2649M->2444M(4096M) 158.145ms
[2025-08-01T03:50:48.762+0000] GC(1324) User=1.18s Sys=0.04s Real=0.15s
[2025-08-01T03:50:48.861+0000] GC(1325) Pause Young (Concurrent Start) (G1 Evacuation Pause)
[2025-08-01T03:50:48.861+0000] GC(1325) Using 8 workers of 8 for evacuation
[2025-08-01T03:50:49.041+0000] GC(1325)   Pre Evacuate Collection Set: 1.0ms
[2025-08-01T03:50:49.041+0000] GC(1325)   Merge Heap Roots: 0.6ms
[2025-08-01T03:50:49.041+0000] GC(1325)   Evacuate Collection Set: 176.6ms
[2025-08-01T03:50:49.041+0000] GC(1325)   Post Evacuate Collection Set: 1.1ms
[2025-08-01T03:50:49.041+0000] GC(1325)   Other: 0.7ms
[2025-08-01T03:50:49.041+0000] GC(1325) Eden regions: 263->0(190)
[2025-08-01T03:50:49.041+0000] GC(1325) Survivor regions: 56->40(40)
[2025-08-01T03:50:49.041+0000] GC(1325) Old regions: 1167->1409
[2025-08-01T03:50:49.041+0000] GC(1325) Humongous regions: 0->0
[2025-08-01T03:50:49.041+0000] GC(1325) Metaspace: 10593K(10816K)->10593K(10816K) NonClass: 9335K(9472K)->9335K(9472K) Class: 1258K(1344K)->1258K(1344K)
[2025-08-01T03:50:49.041+0000] GC(1325) Pause Young (Concurrent Start) (G1 Evacuation Pause) 2970M->2897M(4096M) 180.381ms
[2025-08-01T03:50:49.041+0000] GC(1325) User=1.33s Sys=0.07s Real=0.18s
[2025-08-01T03:50:49.041+0000] GC(1326) Concurrent Mark Cycle
[2025-08-01T03:50:49.041+0000] GC(1326) Concurrent Scan Root Regions
[2025-08-01T03:50:49.094+0000] GC(1326) Concurrent Scan Root Regions 52.752ms
[2025-08-01T03:50:49.094+0000] GC(1326) Concurrent Mark
[2025-08-01T03:50:49.094+0000] GC(1326) Concurrent Mark From Roots
[2025-08-01T03:50:49.094+0000] GC(1326) Using 2 workers of 2 for marking
[2025-08-01T03:50:49.132+0000] GC(1327) Pause Young (Normal) (G1 Evacuation Pause)
[2025-08-01T03:50:49.132+0000] GC(1327) Using 8 workers of 8 for evacuation
[2025-08-01T03:50:49.219+0000] GC(1327)   Pre Evacuate Collection Set: 1.1ms
[2025-08-01T03:50:49.219+0000] GC(1327)   Merge Heap Roots: 0.4ms
[2025-08-01T03:50:49.219+0000] GC(1327)   Evacuate Collection Set: 83.3ms
[2025-08-01T03:50:49.219+0000] GC(1327)   Post Evacuate Collection Set: 2.0ms
[2025-08-01T03:50:49.219+0000] GC(1327)   Other: 0.1ms
[2025-08-01T03:50:49.219+0000] GC(1327) Eden regions: 190->0(126)
[2025-08-01T03:50:49.219+0000] GC(1327) Survivor regions: 40->29(29)
[2025-08-01T03:50:49.219+0000] GC(1327) Old regions: 1409->1613
[2025-08-01T03:50:49.219+0000] GC(1327) Humongous regions: 0->0
[2025-08-01T03:50:49.219+0000] GC(1327) Metaspace: 10593K(10816K)->10593K(10816K) NonClass: 9335K(9472K)->9335K(9472K) Class: 1258K(1344K)->1258K(1344K)
[2025-08-01T03:50:49.219+0000] GC(1327) Pause Young (Normal) (G1 Evacuation Pause) 3277M->3282M(4096M) 87.196ms
[2025-08-01T03:50:49.219+0000] GC(1327) User=0.64s Sys=0.02s Real=0.09s
[2025-08-01T03:50:49.278+0000] GC(1326) Concurrent Mark From Roots 183.890ms
[2025-08-01T03:50:49.278+0000] GC(1326) Concurrent Preclean
[2025-08-01T03:50:49.278+0000] GC(1326) Concurrent Preclean 0.027ms
[2025-08-01T03:50:49.278+0000] GC(1326) Pause Remark
[2025-08-01T03:50:49.286+0000] GC(1326) Pause Remark 3398M->1710M(4096M) 8.008ms
[2025-08-01T03:50:49.286+0000] GC(1326) User=0.03s Sys=0.01s Real=0.01s
[2025-08-01T03:50:49.286+0000] GC(1326) Concurrent Mark 192.367ms
[2025-08-01T03:50:49.286+0000] GC(1326) Concurrent Rebuild Remembered Sets and Scrub Regions
[2025-08-01T03:50:49.301+0000] GC(1328) Pause Young (Normal) (G1 Evacuation Pause)
[2025-08-01T03:50:49.301+0000] GC(1328) Using 8 workers of 8 for evacuation
[2025-08-01T03:50:49.355+0000] GC(1328)   Pre Evacuate Collection Set: 0.5ms
[2025-08-01T03:50:49.355+0000] GC(1328)   Merge Heap Roots: 0.1ms
[2025-08-01T03:50:49.355+0000] GC(1328)   Evacuate Collection Set: 52.4ms
[2025-08-01T03:50:49.355+0000] GC(1328)   Post Evacuate Collection Set: 0.9ms
[2025-08-01T03:50:49.355+0000] GC(1328)   Other: 0.1ms
[2025-08-01T03:50:49.355+0000] GC(1328) Eden regions: 126->0(375)
[2025-08-01T03:50:49.355+0000] GC(1328) Survivor regions: 29->20(20)
[2025-08-01T03:50:49.355+0000] GC(1328) Old regions: 769->877
[2025-08-01T03:50:49.356+0000] GC(1328) Humongous regions: 0->0
[2025-08-01T03:50:49.356+0000] GC(1328) Metaspace: 10593K(10816K)->10593K(10816K) NonClass: 9335K(9472K)->9335K(9472K) Class: 1258K(1344K)->1258K(1344K)
[2025-08-01T03:50:49.356+0000] GC(1328) Pause Young (Normal) (G1 Evacuation Pause) 1846M->1793M(4096M) 54.306ms
[2025-08-01T03:50:49.356+0000] GC(1328) User=0.39s Sys=0.01s Real=0.06s
[2025-08-01T03:50:49.519+0000] GC(1326) Concurrent Rebuild Remembered Sets and Scrub Regions 232.767ms
[2025-08-01T03:50:49.521+0000] GC(1326) Pause Cleanup
[2025-08-01T03:50:49.522+0000] GC(1326) Pause Cleanup 2404M->2404M(4096M) 1.472ms
[2025-08-01T03:50:49.522+0000] GC(1326) User=0.00s Sys=0.00s Real=0.00s
[2025-08-01T03:50:49.522+0000] GC(1326) Concurrent Clear Claimed Marks
[2025-08-01T03:50:49.523+0000] GC(1326) Concurrent Clear Claimed Marks 0.065ms
[2025-08-01T03:50:49.523+0000] GC(1326) Concurrent Cleanup for Next Mark
[2025-08-01T03:50:49.539+0000] GC(1326) Concurrent Cleanup for Next Mark 16.474ms
[2025-08-01T03:50:49.539+0000] GC(1326) Concurrent Mark Cycle 498.040ms
[2025-08-01T03:50:49.542+0000] GC(1329) Pause Young (Prepare Mixed) (G1 Evacuation Pause)
[2025-08-01T03:50:49.542+0000] GC(1329) Using 8 workers of 8 for evacuation
[2025-08-01T03:50:49.661+0000] GC(1329)   Pre Evacuate Collection Set: 0.8ms
[2025-08-01T03:50:49.661+0000] GC(1329)   Merge Heap Roots: 0.6ms
[2025-08-01T03:50:49.661+0000] GC(1329)   Evacuate Collection Set: 116.0ms
[2025-08-01T03:50:49.661+0000] GC(1329)   Post Evacuate Collection Set: 1.1ms
[2025-08-01T03:50:49.661+0000] GC(1329)   Other: 0.1ms
[2025-08-01T03:50:49.661+0000] GC(1329) Eden regions: 375->0(254)
[2025-08-01T03:50:49.661+0000] GC(1329) Survivor regions: 20->50(50)
[2025-08-01T03:50:49.661+0000] GC(1329) Old regions: 877->1189
[2025-08-01T03:50:49.661+0000] GC(1329) Humongous regions: 0->0
[2025-08-01T03:50:49.661+0000] GC(1329) Metaspace: 10593K(10816K)->10593K(10816K) NonClass: 9335K(9472K)->9335K(9472K) Class: 1258K(1344K)->1258K(1344K)
[2025-08-01T03:50:49.661+0000] GC(1329) Pause Young (Prepare Mixed) (G1 Evacuation Pause) 2543M->2477M(4096M) 118.940ms
[2025-08-01T03:50:49.661+0000] GC(1329) User=0.87s Sys=0.00s Real=0.12s
[2025-08-01T03:50:49.756+0000] GC(1330) Pause Young (Mixed) (G1 Evacuation Pause)
[2025-08-01T03:50:49.756+0000] GC(1330) Using 8 workers of 8 for evacuation
[2025-08-01T03:50:49.842+0000] GC(1330)   Pre Evacuate Collection Set: 0.6ms
[2025-08-01T03:50:49.842+0000] GC(1330)   Merge Heap Roots: 0.2ms
[2025-08-01T03:50:49.842+0000] GC(1330)   Evacuate Collection Set: 83.8ms
[2025-08-01T03:50:49.842+0000] GC(1330)   Post Evacuate Collection Set: 1.3ms
[2025-08-01T03:50:49.842+0000] GC(1330)   Other: 0.2ms
[2025-08-01T03:50:49.842+0000] GC(1330) Eden regions: 254->0(194)
[2025-08-01T03:50:49.842+0000] GC(1330) Survivor regions: 50->38(38)
[2025-08-01T03:50:49.842+0000] GC(1330) Old regions: 1189->1394
[2025-08-01T03:50:49.842+0000] GC(1330) Humongous regions: 0->0
[2025-08-01T03:50:49.842+0000] GC(1330) Metaspace: 10593K(10816K)->10593K(10816K) NonClass: 9335K(9472K)->9335K(9472K) Class: 1258K(1344K)->1258K(1344K)
[2025-08-01T03:50:49.842+0000] GC(1330) Pause Young (Mixed) (G1 Evacuation Pause) 2985M->2863M(4096M) 86.465ms
[2025-08-01T03:50:49.842+0000] GC(1330) User=0.67s Sys=0.00s Real=0.08s
[2025-08-01T03:50:49.922+0000] GC(1331) Pause Young (Concurrent Start) (G1 Evacuation Pause)
[2025-08-01T03:50:49.922+0000] GC(1331) Using 8 workers of 8 for evacuation
[2025-08-01T03:50:50.006+0000] GC(1331)   Pre Evacuate Collection Set: 0.9ms
[2025-08-01T03:50:50.006+0000] GC(1331)   Merge Heap Roots: 0.1ms
[2025-08-01T03:50:50.006+0000] GC(1331)   Evacuate Collection Set: 81.6ms
[2025-08-01T03:50:50.006+0000] GC(1331)   Post Evacuate Collection Set: 1.2ms
[2025-08-01T03:50:50.007+0000] GC(1331)   Other: 0.2ms
[2025-08-01T03:50:50.007+0000] GC(1331) Eden regions: 194->0(148)
[2025-08-01T03:50:50.007+0000] GC(1331) Survivor regions: 38->29(29)
[2025-08-01T03:50:50.007+0000] GC(1331) Old regions: 1394->1554
[2025-08-01T03:50:50.007+0000] GC(1331) Humongous regions: 0->0
[2025-08-01T03:50:50.007+0000] GC(1331) Metaspace: 10593K(10816K)->10593K(10816K) NonClass: 9335K(9472K)->9335K(9472K) Class: 1258K(1344K)->1258K(1344K)
[2025-08-01T03:50:50.007+0000] GC(1331) Pause Young (Concurrent Start) (G1 Evacuation Pause) 3251M->3164M(4096M) 84.459ms
[2025-08-01T03:50:50.007+0000] GC(1331) User=0.63s Sys=0.02s Real=0.09s
[2025-08-01T03:50:50.007+0000] GC(1332) Concurrent Mark Cycle
[2025-08-01T03:50:50.007+0000] GC(1332) Concurrent Scan Root Regions
[2025-08-01T03:50:50.053+0000] GC(1332) Concurrent Scan Root Regions 45.811ms
[2025-08-01T03:50:50.053+0000] GC(1332) Concurrent Mark
[2025-08-01T03:50:50.053+0000] GC(1332) Concurrent Mark From Roots
[2025-08-01T03:50:50.053+0000] GC(1332) Using 2 workers of 2 for marking
[2025-08-01T03:50:50.081+0000] GC(1333) Pause Young (Normal) (G1 Evacuation Pause)
[2025-08-01T03:50:50.081+0000] GC(1333) Using 8 workers of 8 for evacuation
[2025-08-01T03:50:50.129+0000] GC(1333)   Pre Evacuate Collection Set: 0.7ms
[2025-08-01T03:50:50.129+0000] GC(1333)   Merge Heap Roots: 0.3ms
[2025-08-01T03:50:50.129+0000] GC(1333)   Evacuate Collection Set: 45.7ms
[2025-08-01T03:50:50.129+0000] GC(1333)   Post Evacuate Collection Set: 1.0ms
[2025-08-01T03:50:50.129+0000] GC(1333)   Other: 0.1ms
[2025-08-01T03:50:50.129+0000] GC(1333) Eden regions: 148->0(122)
[2025-08-01T03:50:50.129+0000] GC(1333) Survivor regions: 29->23(23)
[2025-08-01T03:50:50.129+0000] GC(1333) Old regions: 1554->1649
[2025-08-01T03:50:50.129+0000] GC(1333) Humongous regions: 0->0
[2025-08-01T03:50:50.129+0000] GC(1333) Metaspace: 10593K(10816K)->10593K(10816K) NonClass: 9335K(9472K)->9335K(9472K) Class: 1258K(1344K)->1258K(1344K)
[2025-08-01T03:50:50.129+0000] GC(1333) Pause Young (Normal) (G1 Evacuation Pause) 3460M->3342M(4096M) 48.170ms
[2025-08-01T03:50:50.129+0000] GC(1333) User=0.34s Sys=0.01s Real=0.05s
[2025-08-01T03:50:50.157+0000] GC(1334) Pause Young (Normal) (G1 Evacuation Pause)
[2025-08-01T03:50:50.157+0000] GC(1334) Using 8 workers of 8 for evacuation
[2025-08-01T03:50:50.207+0000] GC(1334)   Pre Evacuate Collection Set: 1.1ms
[2025-08-01T03:50:50.208+0000] GC(1334)   Merge Heap Roots: 0.2ms
[2025-08-01T03:50:50.208+0000] GC(1334)   Evacuate Collection Set: 48.7ms
[2025-08-01T03:50:50.208+0000] GC(1334)   Post Evacuate Collection Set: 0.7ms
[2025-08-01T03:50:50.208+0000] GC(1334)   Other: 0.1ms
[2025-08-01T03:50:50.208+0000] GC(1334) Eden regions: 122->0(83)
[2025-08-01T03:50:50.208+0000] GC(1334) Survivor regions: 23->19(19)
[2025-08-01T03:50:50.208+0000] GC(1334) Old regions: 1649->1777
[2025-08-01T03:50:50.208+0000] GC(1334) Humongous regions: 0->0
[2025-08-01T03:50:50.208+0000] GC(1334) Metaspace: 10593K(10816K)->10593K(10816K) NonClass: 9335K(9472K)->9335K(9472K) Class: 1258K(1344K)->1258K(1344K)
[2025-08-01T03:50:50.208+0000] GC(1334) Pause Young (Normal) (G1 Evacuation Pause) 3586M->3590M(4096M) 51.009ms
[2025-08-01T03:50:50.208+0000] GC(1334) User=0.37s Sys=0.01s Real=0.05s
[2025-08-01T03:50:50.229+0000] GC(1335) Pause Young (Normal) (G1 Evacuation Pause)
[2025-08-01T03:50:50.229+0000] GC(1335) Using 8 workers of 8 for evacuation
[2025-08-01T03:50:50.263+0000] GC(1335)   Pre Evacuate Collection Set: 0.6ms
[2025-08-01T03:50:50.263+0000] GC(1335)   Merge Heap Roots: 0.1ms
[2025-08-01T03:50:50.263+0000] GC(1335)   Evacuate Collection Set: 32.4ms
[2025-08-01T03:50:50.263+0000] GC(1335)   Post Evacuate Collection Set: 0.8ms
[2025-08-01T03:50:50.263+0000] GC(1335)   Other: 0.2ms
[2025-08-01T03:50:50.263+0000] GC(1335) Eden regions: 83->0(89)
[2025-08-01T03:50:50.263+0000] GC(1335) Survivor regions: 19->13(13)
[2025-08-01T03:50:50.263+0000] GC(1335) Old regions: 1777->1867
[2025-08-01T03:50:50.263+0000] GC(1335) Humongous regions: 0->0
[2025-08-01T03:50:50.263+0000] GC(1335) Metaspace: 10593K(10816K)->10593K(10816K) NonClass: 9335K(9472K)->9335K(9472K) Class: 1258K(1344K)->1258K(1344K)
[2025-08-01T03:50:50.264+0000] GC(1335) Pause Young (Normal) (G1 Evacuation Pause) 3756M->3758M(4096M) 34.321ms
[2025-08-01T03:50:50.264+0000] GC(1335) User=0.24s Sys=0.00s Real=0.04s
[2025-08-01T03:50:50.284+0000] GC(1336) Pause Young (Normal) (G1 Evacuation Pause)
[2025-08-01T03:50:50.284+0000] GC(1336) Using 8 workers of 8 for evacuation
[2025-08-01T03:50:50.319+0000] GC(1336)   Pre Evacuate Collection Set: 0.6ms
[2025-08-01T03:50:50.319+0000] GC(1336)   Merge Heap Roots: 0.2ms
[2025-08-01T03:50:50.319+0000] GC(1336)   Evacuate Collection Set: 30.6ms
[2025-08-01T03:50:50.319+0000] GC(1336)   Post Evacuate Collection Set: 3.7ms
[2025-08-01T03:50:50.319+0000] GC(1336)   Other: 0.1ms
[2025-08-01T03:50:50.319+0000] GC(1336) Eden regions: 89->0(36)
[2025-08-01T03:50:50.319+0000] GC(1336) Survivor regions: 13->13(13)
[2025-08-01T03:50:50.319+0000] GC(1336) Old regions: 1867->1986
[2025-08-01T03:50:50.319+0000] GC(1336) Humongous regions: 0->0
[2025-08-01T03:50:50.319+0000] GC(1336) Metaspace: 10593K(10816K)->10593K(10816K) NonClass: 9335K(9472K)->9335K(9472K) Class: 1258K(1344K)->1258K(1344K)
[2025-08-01T03:50:50.319+0000] GC(1336) Pause Young (Normal) (G1 Evacuation Pause) (Evacuation Failure) 3936M->3997M(4096M) 35.409ms
[2025-08-01T03:50:50.319+0000] GC(1336) User=0.25s Sys=0.01s Real=0.03s
[2025-08-01T03:50:50.330+0000] GC(1337) Pause Young (Normal) (G1 Evacuation Pause)
[2025-08-01T03:50:50.330+0000] GC(1337) Using 8 workers of 8 for evacuation
[2025-08-01T03:50:50.345+0000] GC(1337)   Pre Evacuate Collection Set: 0.7ms
[2025-08-01T03:50:50.346+0000] GC(1337)   Merge Heap Roots: 0.2ms
[2025-08-01T03:50:50.346+0000] GC(1337)   Evacuate Collection Set: 10.7ms
[2025-08-01T03:50:50.346+0000] GC(1337)   Post Evacuate Collection Set: 4.1ms
[2025-08-01T03:50:50.346+0000] GC(1337)   Other: 0.1ms
[2025-08-01T03:50:50.346+0000] GC(1337) Eden regions: 36->0(0)
[2025-08-01T03:50:50.346+0000] GC(1337) Survivor regions: 13->7(7)
[2025-08-01T03:50:50.346+0000] GC(1337) Old regions: 1986->2041
[2025-08-01T03:50:50.346+0000] GC(1337) Humongous regions: 0->0
[2025-08-01T03:50:50.346+0000] GC(1337) Metaspace: 10593K(10816K)->10593K(10816K) NonClass: 9335K(9472K)->9335K(9472K) Class: 1258K(1344K)->1258K(1344K)
[2025-08-01T03:50:50.346+0000] GC(1337) Pause Young (Normal) (G1 Evacuation Pause) (Evacuation Failure) 4069M->4095M(4096M) 16.183ms
[2025-08-01T03:50:50.346+0000] GC(1337) User=0.10s Sys=0.00s Real=0.02s
[2025-08-01T03:50:50.346+0000] Attempting full compaction
[2025-08-01T03:50:50.346+0000] GC(1338) Pause Full (G1 Compaction Pause)
[2025-08-01T03:50:50.346+0000] GC(1338) Using 8 workers of 8 for full compaction
[2025-08-01T03:50:50.351+0000] GC(1338) Phase 1: Mark live objects
[2025-08-01T03:50:50.404+0000] GC(1338) Phase 1: Mark live objects 53.457ms
[2025-08-01T03:50:50.404+0000] GC(1338) Phase 2: Prepare compaction
[2025-08-01T03:50:50.415+0000] GC(1338) Phase 2: Prepare compaction 10.339ms
[2025-08-01T03:50:50.415+0000] GC(1338) Phase 3: Adjust pointers
[2025-08-01T03:50:50.464+0000] GC(1338) Phase 3: Adjust pointers 48.966ms
[2025-08-01T03:50:50.464+0000] GC(1338) Phase 4: Compact heap
[2025-08-01T03:50:50.499+0000] GC(1338) Phase 4: Compact heap 34.932ms
[2025-08-01T03:50:50.499+0000] GC(1338) Phase 5: Reset Metadata
[2025-08-01T03:50:50.538+0000] GC(1338) Phase 5: Reset Metadata 39.500ms
[2025-08-01T03:50:50.545+0000] GC(1338) Eden regions: 0->0(487)
[2025-08-01T03:50:50.545+0000] GC(1338) Survivor regions: 7->0(7)
[2025-08-01T03:50:50.545+0000] GC(1338) Old regions: 2041->539
[2025-08-01T03:50:50.545+0000] GC(1338) Humongous regions: 0->0
[2025-08-01T03:50:50.545+0000] GC(1338) Metaspace: 10593K(10816K)->10593K(10816K) NonClass: 9335K(9472K)->9335K(9472K) Class: 1258K(1344K)->1258K(1344K)
[2025-08-01T03:50:50.546+0000] GC(1338) Pause Full (G1 Compaction Pause) 4095M->1069M(4096M) 199.768ms
[2025-08-01T03:50:50.546+0000] GC(1338) User=1.38s Sys=0.05s Real=0.20s
[2025-08-01T03:50:50.546+0000] GC(1332) Concurrent Mark From Roots 492.804ms
[2025-08-01T03:50:50.546+0000] GC(1332) Concurrent Mark Abort
[2025-08-01T03:50:50.546+0000] GC(1332) Concurrent Mark Cycle 539.205ms
[2025-08-01T03:50:50.741+0000] GC(1339) Pause Young (Normal) (G1 Evacuation Pause)
[2025-08-01T03:50:50.741+0000] GC(1339) Using 8 workers of 8 for evacuation
[2025-08-01T03:50:50.809+0000] GC(1339)   Pre Evacuate Collection Set: 0.9ms
[2025-08-01T03:50:50.809+0000] GC(1339)   Merge Heap Roots: 0.9ms
[2025-08-01T03:50:50.809+0000] GC(1339)   Evacuate Collection Set: 64.3ms
[2025-08-01T03:50:50.809+0000] GC(1339)   Post Evacuate Collection Set: 2.0ms
[2025-08-01T03:50:50.809+0000] GC(1339)   Other: 0.2ms
[2025-08-01T03:50:50.809+0000] GC(1339) Eden regions: 487->0(463)
[2025-08-01T03:50:50.809+0000] GC(1339) Survivor regions: 0->61(61)
[2025-08-01T03:50:50.809+0000] GC(1339) Old regions: 539->573
[2025-08-01T03:50:50.809+0000] GC(1339) Humongous regions: 0->0
[2025-08-01T03:50:50.809+0000] GC(1339) Metaspace: 10593K(10816K)->10593K(10816K) NonClass: 9335K(9472K)->9335K(9472K) Class: 1258K(1344K)->1258K(1344K)
[2025-08-01T03:50:50.809+0000] GC(1339) Pause Young (Normal) (G1 Evacuation Pause) 2043M->1258M(4096M) 68.745ms
[2025-08-01T03:50:50.809+0000] GC(1339) User=0.47s Sys=0.02s Real=0.07s
[2025-08-01T03:50:51.000+0000] GC(1340) Pause Young (Concurrent Start) (G1 Evacuation Pause)
[2025-08-01T03:50:51.000+0000] GC(1340) Using 8 workers of 8 for evacuation
[2025-08-01T03:50:51.212+0000] GC(1340) MMU target violated: 201.0ms (200.0ms/201.0ms)
[2025-08-01T03:50:51.212+0000] GC(1340)   Pre Evacuate Collection Set: 1.0ms
[2025-08-01T03:50:51.212+0000] GC(1340)   Merge Heap Roots: 0.3ms
[2025-08-01T03:50:51.212+0000] GC(1340)   Evacuate Collection Set: 209.2ms
[2025-08-01T03:50:51.212+0000] GC(1340)   Post Evacuate Collection Set: 1.3ms
[2025-08-01T03:50:51.212+0000] GC(1340)   Other: 0.8ms
[2025-08-01T03:50:51.212+0000] GC(1340) Eden regions: 462->0(312)
[2025-08-01T03:50:51.212+0000] GC(1340) Survivor regions: 61->66(66)
[2025-08-01T03:50:51.212+0000] GC(1340) Old regions: 573->1032
[2025-08-01T03:50:51.212+0000] GC(1340) Humongous regions: 0->0
[2025-08-01T03:50:51.212+0000] GC(1340) Metaspace: 10593K(10816K)->10593K(10816K) NonClass: 9335K(9472K)->9335K(9472K) Class: 1258K(1344K)->1258K(1344K)
[2025-08-01T03:50:51.213+0000] GC(1340) Pause Young (Concurrent Start) (G1 Evacuation Pause) 2182M->2186M(4096M) 212.923ms
[2025-08-01T03:50:51.213+0000] GC(1340) User=1.60s Sys=0.04s Real=0.21s
[2025-08-01T03:50:51.213+0000] GC(1341) Concurrent Mark Cycle
[2025-08-01T03:50:51.213+0000] GC(1341) Concurrent Scan Root Regions
[2025-08-01T03:50:51.325+0000] GC(1341) Concurrent Scan Root Regions 112.124ms
[2025-08-01T03:50:51.325+0000] GC(1341) Concurrent Mark
[2025-08-01T03:50:51.325+0000] GC(1341) Concurrent Mark From Roots
[2025-08-01T03:50:51.325+0000] GC(1341) Using 2 workers of 2 for marking
[2025-08-01T03:50:51.351+0000] GC(1341) Concurrent Mark From Roots 26.479ms
[2025-08-01T03:50:51.351+0000] GC(1341) Concurrent Preclean
[2025-08-01T03:50:51.351+0000] GC(1341) Concurrent Preclean 0.024ms
[2025-08-01T03:50:51.352+0000] GC(1341) Pause Remark
[2025-08-01T03:50:51.355+0000] GC(1341) Pause Remark 2706M->1738M(4096M) 3.596ms
[2025-08-01T03:50:51.355+0000] GC(1341) User=0.01s Sys=0.00s Real=0.01s
[2025-08-01T03:50:51.355+0000] GC(1341) Concurrent Mark 30.539ms
[2025-08-01T03:50:51.355+0000] GC(1341) Concurrent Rebuild Remembered Sets and Scrub Regions
[2025-08-01T03:50:51.379+0000] GC(1342) Pause Young (Normal) (G1 Evacuation Pause)
[2025-08-01T03:50:51.379+0000] GC(1342) Using 8 workers of 8 for evacuation
[2025-08-01T03:50:51.492+0000] GC(1342)   Pre Evacuate Collection Set: 1.1ms
[2025-08-01T03:50:51.492+0000] GC(1342)   Merge Heap Roots: 0.2ms
[2025-08-01T03:50:51.492+0000] GC(1342)   Evacuate Collection Set: 110.3ms
[2025-08-01T03:50:51.492+0000] GC(1342)   Post Evacuate Collection Set: 1.1ms
[2025-08-01T03:50:51.492+0000] GC(1342)   Other: 0.1ms
[2025-08-01T03:50:51.492+0000] GC(1342) Eden regions: 312->0(367)
[2025-08-01T03:50:51.492+0000] GC(1342) Survivor regions: 66->48(48)
[2025-08-01T03:50:51.492+0000] GC(1342) Old regions: 544->859
[2025-08-01T03:50:51.492+0000] GC(1342) Humongous regions: 0->0
[2025-08-01T03:50:51.492+0000] GC(1342) Metaspace: 10593K(10816K)->10593K(10816K) NonClass: 9335K(9472K)->9335K(9472K) Class: 1258K(1344K)->1258K(1344K)
[2025-08-01T03:50:51.492+0000] GC(1342) Pause Young (Normal) (G1 Evacuation Pause) 1842M->1812M(4096M) 113.144ms
[2025-08-01T03:50:51.492+0000] GC(1342) User=0.87s Sys=0.01s Real=0.11s
[2025-08-01T03:50:51.613+0000] GC(1341) Concurrent Rebuild Remembered Sets and Scrub Regions 257.460ms
[2025-08-01T03:50:51.613+0000] GC(1341) Pause Cleanup
[2025-08-01T03:50:51.614+0000] GC(1341) Pause Cleanup 2429M->2429M(4096M) 0.669ms
[2025-08-01T03:50:51.614+0000] GC(1341) User=0.00s Sys=0.00s Real=0.00s
[2025-08-01T03:50:51.614+0000] GC(1341) Concurrent Clear Claimed Marks
[2025-08-01T03:50:51.614+0000] GC(1341) Concurrent Clear Claimed Marks 0.036ms
[2025-08-01T03:50:51.614+0000] GC(1341) Concurrent Cleanup for Next Mark
[2025-08-01T03:50:51.622+0000] GC(1341) Concurrent Cleanup for Next Mark 7.929ms
[2025-08-01T03:50:51.622+0000] GC(1341) Concurrent Mark Cycle 409.329ms
[2025-08-01T03:50:51.664+0000] GC(1343) Pause Young (Prepare Mixed) (G1 Evacuation Pause)
[2025-08-01T03:50:51.664+0000] GC(1343) Using 8 workers of 8 for evacuation
[2025-08-01T03:50:51.785+0000] GC(1343)   Pre Evacuate Collection Set: 1.0ms
[2025-08-01T03:50:51.785+0000] GC(1343)   Merge Heap Roots: 0.3ms
[2025-08-01T03:50:51.785+0000] GC(1343)   Evacuate Collection Set: 118.5ms
[2025-08-01T03:50:51.785+0000] GC(1343)   Post Evacuate Collection Set: 1.2ms
[2025-08-01T03:50:51.786+0000] GC(1343)   Other: 0.1ms
[2025-08-01T03:50:51.786+0000] GC(1343) Eden regions: 367->0(286)
[2025-08-01T03:50:51.786+0000] GC(1343) Survivor regions: 48->52(52)
[2025-08-01T03:50:51.786+0000] GC(1343) Old regions: 859->1097
[2025-08-01T03:50:51.786+0000] GC(1343) Humongous regions: 0->0
[2025-08-01T03:50:51.786+0000] GC(1343) Metaspace: 10593K(10816K)->10593K(10816K) NonClass: 9335K(9472K)->9335K(9472K) Class: 1258K(1344K)->1258K(1344K)
[2025-08-01T03:50:51.786+0000] GC(1343) Pause Young (Prepare Mixed) (G1 Evacuation Pause) 2546M->2296M(4096M) 121.445ms
[2025-08-01T03:50:51.786+0000] GC(1343) User=0.88s Sys=0.04s Real=0.12s
[2025-08-01T03:50:51.886+0000] GC(1344) Pause Young (Mixed) (G1 Evacuation Pause)
[2025-08-01T03:50:51.886+0000] GC(1344) Using 8 workers of 8 for evacuation
[2025-08-01T03:50:52.020+0000] GC(1344)   Pre Evacuate Collection Set: 0.7ms
[2025-08-01T03:50:52.020+0000] GC(1344)   Merge Heap Roots: 0.2ms
[2025-08-01T03:50:52.020+0000] GC(1344)   Evacuate Collection Set: 131.4ms
[2025-08-01T03:50:52.020+0000] GC(1344)   Post Evacuate Collection Set: 1.2ms
[2025-08-01T03:50:52.020+0000] GC(1344)   Other: 0.1ms
[2025-08-01T03:50:52.020+0000] GC(1344) Eden regions: 286->0(192)
[2025-08-01T03:50:52.020+0000] GC(1344) Survivor regions: 52->43(43)
[2025-08-01T03:50:52.020+0000] GC(1344) Old regions: 1097->1388
[2025-08-01T03:50:52.020+0000] GC(1344) Humongous regions: 0->0
[2025-08-01T03:50:52.020+0000] GC(1344) Metaspace: 10593K(10816K)->10593K(10816K) NonClass: 9335K(9472K)->9335K(9472K) Class: 1258K(1344K)->1258K(1344K)
[2025-08-01T03:50:52.020+0000] GC(1344) Pause Young (Mixed) (G1 Evacuation Pause) 2868M->2861M(4096M) 133.985ms
[2025-08-01T03:50:52.020+0000] GC(1344) User=1.00s Sys=0.03s Real=0.13s
[2025-08-01T03:50:52.097+0000] GC(1345) Pause Young (Concurrent Start) (G1 Evacuation Pause)
[2025-08-01T03:50:52.097+0000] GC(1345) Using 8 workers of 8 for evacuation
[2025-08-01T03:50:52.215+0000] GC(1345)   Pre Evacuate Collection Set: 1.4ms
[2025-08-01T03:50:52.215+0000] GC(1345)   Merge Heap Roots: 0.3ms
[2025-08-01T03:50:52.215+0000] GC(1345)   Evacuate Collection Set: 114.7ms
[2025-08-01T03:50:52.215+0000] GC(1345)   Post Evacuate Collection Set: 1.1ms
[2025-08-01T03:50:52.215+0000] GC(1345)   Other: 0.3ms
[2025-08-01T03:50:52.215+0000] GC(1345) Eden regions: 192->0(135)
[2025-08-01T03:50:52.215+0000] GC(1345) Survivor regions: 43->30(30)
[2025-08-01T03:50:52.215+0000] GC(1345) Old regions: 1388->1583
[2025-08-01T03:50:52.215+0000] GC(1345) Humongous regions: 0->0
[2025-08-01T03:50:52.215+0000] GC(1345) Metaspace: 10593K(10816K)->10593K(10816K) NonClass: 9335K(9472K)->9335K(9472K) Class: 1258K(1344K)->1258K(1344K)
[2025-08-01T03:50:52.216+0000] GC(1345) Pause Young (Concurrent Start) (G1 Evacuation Pause) 3245M->3224M(4096M) 118.229ms
[2025-08-01T03:50:52.216+0000] GC(1345) User=0.85s Sys=0.03s Real=0.12s
[2025-08-01T03:50:52.216+0000] GC(1346) Concurrent Mark Cycle
[2025-08-01T03:50:52.216+0000] GC(1346) Concurrent Scan Root Regions
[2025-08-01T03:50:52.266+0000] GC(1346) Concurrent Scan Root Regions 50.076ms
[2025-08-01T03:50:52.266+0000] GC(1346) Concurrent Mark
[2025-08-01T03:50:52.266+0000] GC(1346) Concurrent Mark From Roots
[2025-08-01T03:50:52.266+0000] GC(1346) Using 2 workers of 2 for marking
[2025-08-01T03:50:52.284+0000] GC(1347) Pause Young (Normal) (G1 Evacuation Pause)
[2025-08-01T03:50:52.284+0000] GC(1347) Using 8 workers of 8 for evacuation
[2025-08-01T03:50:52.311+0000] GC(1347)   Pre Evacuate Collection Set: 0.9ms
[2025-08-01T03:50:52.311+0000] GC(1347)   Merge Heap Roots: 0.1ms
[2025-08-01T03:50:52.311+0000] GC(1347)   Evacuate Collection Set: 24.8ms
[2025-08-01T03:50:52.311+0000] GC(1347)   Post Evacuate Collection Set: 1.0ms
[2025-08-01T03:50:52.311+0000] GC(1347)   Other: 0.1ms
[2025-08-01T03:50:52.311+0000] GC(1347) Eden regions: 135->0(127)
[2025-08-01T03:50:52.311+0000] GC(1347) Survivor regions: 30->21(21)
[2025-08-01T03:50:52.311+0000] GC(1347) Old regions: 1583->1637
[2025-08-01T03:50:52.311+0000] GC(1347) Humongous regions: 0->0
[2025-08-01T03:50:52.311+0000] GC(1347) Metaspace: 10593K(10816K)->10593K(10816K) NonClass: 9335K(9472K)->9335K(9472K) Class: 1258K(1344K)->1258K(1344K)
[2025-08-01T03:50:52.311+0000] GC(1347) Pause Young (Normal) (G1 Evacuation Pause) 3494M->3315M(4096M) 27.309ms
[2025-08-01T03:50:52.311+0000] GC(1347) User=0.19s Sys=0.00s Real=0.02s
[2025-08-01T03:50:52.340+0000] GC(1348) Pause Young (Normal) (G1 Evacuation Pause)
[2025-08-01T03:50:52.340+0000] GC(1348) Using 8 workers of 8 for evacuation
[2025-08-01T03:50:52.379+0000] GC(1348)   Pre Evacuate Collection Set: 0.5ms
[2025-08-01T03:50:52.379+0000] GC(1348)   Merge Heap Roots: 0.2ms
[2025-08-01T03:50:52.379+0000] GC(1348)   Evacuate Collection Set: 37.2ms
[2025-08-01T03:50:52.379+0000] GC(1348)   Post Evacuate Collection Set: 1.1ms
[2025-08-01T03:50:52.379+0000] GC(1348)   Other: 0.1ms
[2025-08-01T03:50:52.379+0000] GC(1348) Eden regions: 127->0(96)
[2025-08-01T03:50:52.379+0000] GC(1348) Survivor regions: 21->19(19)
[2025-08-01T03:50:52.379+0000] GC(1348) Old regions: 1637->1733
[2025-08-01T03:50:52.380+0000] GC(1348) Humongous regions: 0->0
[2025-08-01T03:50:52.380+0000] GC(1348) Metaspace: 10593K(10816K)->10593K(10816K) NonClass: 9335K(9472K)->9335K(9472K) Class: 1258K(1344K)->1258K(1344K)
[2025-08-01T03:50:52.380+0000] GC(1348) Pause Young (Normal) (G1 Evacuation Pause) 3569M->3503M(4096M) 39.257ms
[2025-08-01T03:50:52.380+0000] GC(1348) User=0.28s Sys=0.00s Real=0.04s
[2025-08-01T03:50:52.401+0000] GC(1349) Pause Young (Normal) (G1 Evacuation Pause)
[2025-08-01T03:50:52.401+0000] GC(1349) Using 8 workers of 8 for evacuation
[2025-08-01T03:50:52.435+0000] GC(1349)   Pre Evacuate Collection Set: 0.5ms
[2025-08-01T03:50:52.435+0000] GC(1349)   Merge Heap Roots: 0.2ms
[2025-08-01T03:50:52.435+0000] GC(1349)   Evacuate Collection Set: 32.4ms
[2025-08-01T03:50:52.435+0000] GC(1349)   Post Evacuate Collection Set: 0.9ms
[2025-08-01T03:50:52.435+0000] GC(1349)   Other: 0.1ms
[2025-08-01T03:50:52.435+0000] GC(1349) Eden regions: 96->0(87)
[2025-08-01T03:50:52.435+0000] GC(1349) Survivor regions: 19->15(15)
[2025-08-01T03:50:52.435+0000] GC(1349) Old regions: 1733->1835
[2025-08-01T03:50:52.435+0000] GC(1349) Humongous regions: 0->0
[2025-08-01T03:50:52.435+0000] GC(1349) Metaspace: 10593K(10816K)->10593K(10816K) NonClass: 9335K(9472K)->9335K(9472K) Class: 1258K(1344K)->1258K(1344K)
[2025-08-01T03:50:52.435+0000] GC(1349) Pause Young (Normal) (G1 Evacuation Pause) 3695M->3698M(4096M) 34.375ms
[2025-08-01T03:50:52.435+0000] GC(1349) User=0.25s Sys=0.00s Real=0.04s
[2025-08-01T03:50:52.453+0000] GC(1350) Pause Young (Normal) (G1 Evacuation Pause)
[2025-08-01T03:50:52.453+0000] GC(1350) Using 8 workers of 8 for evacuation
[2025-08-01T03:50:52.491+0000] GC(1350)   Pre Evacuate Collection Set: 0.7ms
[2025-08-01T03:50:52.491+0000] GC(1350)   Merge Heap Roots: 0.4ms
[2025-08-01T03:50:52.491+0000] GC(1350)   Evacuate Collection Set: 36.0ms
[2025-08-01T03:50:52.491+0000] GC(1350)   Post Evacuate Collection Set: 0.7ms
[2025-08-01T03:50:52.491+0000] GC(1350)   Other: 0.4ms
[2025-08-01T03:50:52.491+0000] GC(1350) Eden regions: 87->0(89)
[2025-08-01T03:50:52.491+0000] GC(1350) Survivor regions: 15->13(13)
[2025-08-01T03:50:52.491+0000] GC(1350) Old regions: 1835->1925
[2025-08-01T03:50:52.491+0000] GC(1350) Humongous regions: 0->0
[2025-08-01T03:50:52.491+0000] GC(1350) Metaspace: 10593K(10816K)->10593K(10816K) NonClass: 9335K(9472K)->9335K(9472K) Class: 1258K(1344K)->1258K(1344K)
[2025-08-01T03:50:52.491+0000] GC(1350) Pause Young (Normal) (G1 Evacuation Pause) 3872M->3875M(4096M) 38.429ms
[2025-08-01T03:50:52.491+0000] GC(1350) User=0.27s Sys=0.01s Real=0.03s
[2025-08-01T03:50:52.513+0000] GC(1351) Pause Young (Normal) (G1 Evacuation Pause)
[2025-08-01T03:50:52.513+0000] GC(1351) Using 8 workers of 8 for evacuation
[2025-08-01T03:50:52.539+0000] GC(1351)   Pre Evacuate Collection Set: 0.7ms
[2025-08-01T03:50:52.539+0000] GC(1351)   Merge Heap Roots: 0.2ms
[2025-08-01T03:50:52.539+0000] GC(1351)   Evacuate Collection Set: 17.3ms
[2025-08-01T03:50:52.539+0000] GC(1351)   Post Evacuate Collection Set: 7.0ms
[2025-08-01T03:50:52.539+0000] GC(1351)   Other: 0.1ms
[2025-08-01T03:50:52.539+0000] GC(1351) Eden regions: 89->0(0)
[2025-08-01T03:50:52.539+0000] GC(1351) Survivor regions: 13->12(13)
[2025-08-01T03:50:52.539+0000] GC(1351) Old regions: 1925->2035
[2025-08-01T03:50:52.539+0000] GC(1351) Humongous regions: 0->0
[2025-08-01T03:50:52.539+0000] GC(1351) Metaspace: 10593K(10816K)->10593K(10816K) NonClass: 9335K(9472K)->9335K(9472K) Class: 1258K(1344K)->1258K(1344K)
[2025-08-01T03:50:52.539+0000] GC(1351) Pause Young (Normal) (G1 Evacuation Pause) (Evacuation Failure) 4053M->4093M(4096M) 25.505ms
[2025-08-01T03:50:52.539+0000] GC(1351) User=0.16s Sys=0.01s Real=0.02s
[2025-08-01T03:50:52.539+0000] Attempting full compaction
[2025-08-01T03:50:52.539+0000] GC(1352) Pause Full (G1 Compaction Pause)
[2025-08-01T03:50:52.539+0000] GC(1352) Using 8 workers of 8 for full compaction
[2025-08-01T03:50:52.544+0000] GC(1352) Phase 1: Mark live objects
[2025-08-01T03:50:52.581+0000] GC(1352) Phase 1: Mark live objects 36.490ms
[2025-08-01T03:50:52.581+0000] GC(1352) Phase 2: Prepare compaction
[2025-08-01T03:50:52.591+0000] GC(1352) Phase 2: Prepare compaction 9.757ms
[2025-08-01T03:50:52.591+0000] GC(1352) Phase 3: Adjust pointers
[2025-08-01T03:50:52.630+0000] GC(1352) Phase 3: Adjust pointers 39.847ms
[2025-08-01T03:50:52.631+0000] GC(1352) Phase 4: Compact heap
[2025-08-01T03:50:52.656+0000] GC(1352) Phase 4: Compact heap 24.945ms
[2025-08-01T03:50:52.656+0000] GC(1352) Phase 5: Reset Metadata
[2025-08-01T03:50:52.692+0000] GC(1352) Phase 5: Reset Metadata 36.158ms
[2025-08-01T03:50:52.699+0000] GC(1352) Eden regions: 0->0(571)
[2025-08-01T03:50:52.699+0000] GC(1352) Survivor regions: 12->0(13)
[2025-08-01T03:50:52.699+0000] GC(1352) Old regions: 2035->462
[2025-08-01T03:50:52.699+0000] GC(1352) Humongous regions: 0->0
[2025-08-01T03:50:52.699+0000] GC(1352) Metaspace: 10593K(10816K)->10593K(10816K) NonClass: 9335K(9472K)->9335K(9472K) Class: 1258K(1344K)->1258K(1344K)
[2025-08-01T03:50:52.699+0000] GC(1352) Pause Full (G1 Compaction Pause) 4093M->915M(4096M) 159.757ms
[2025-08-01T03:50:52.699+0000] GC(1352) User=1.16s Sys=0.00s Real=0.16s
[2025-08-01T03:50:52.699+0000] GC(1346) Concurrent Mark From Roots 433.184ms
[2025-08-01T03:50:52.699+0000] GC(1346) Concurrent Mark Abort
[2025-08-01T03:50:52.699+0000] GC(1346) Concurrent Mark Cycle 483.462ms
[2025-08-01T03:50:52.933+0000] GC(1353) Pause Young (Normal) (G1 Evacuation Pause)
[2025-08-01T03:50:52.933+0000] GC(1353) Using 8 workers of 8 for evacuation
[2025-08-01T03:50:53.078+0000] GC(1353)   Pre Evacuate Collection Set: 1.1ms
[2025-08-01T03:50:53.078+0000] GC(1353)   Merge Heap Roots: 0.5ms
[2025-08-01T03:50:53.078+0000] GC(1353)   Evacuate Collection Set: 141.6ms
[2025-08-01T03:50:53.078+0000] GC(1353)   Post Evacuate Collection Set: 1.7ms
[2025-08-01T03:50:53.078+0000] GC(1353)   Other: 0.2ms
[2025-08-01T03:50:53.078+0000] GC(1353) Eden regions: 571->0(480)
[2025-08-01T03:50:53.078+0000] GC(1353) Survivor regions: 0->72(72)
[2025-08-01T03:50:53.078+0000] GC(1353) Old regions: 462->672
[2025-08-01T03:50:53.078+0000] GC(1353) Humongous regions: 0->0
[2025-08-01T03:50:53.079+0000] GC(1353) Metaspace: 10593K(10816K)->10593K(10816K) NonClass: 9335K(9472K)->9335K(9472K) Class: 1258K(1344K)->1258K(1344K)
[2025-08-01T03:50:53.079+0000] GC(1353) Pause Young (Normal) (G1 Evacuation Pause) 2057M->1479M(4096M) 145.399ms
[2025-08-01T03:50:53.079+0000] GC(1353) User=1.06s Sys=0.04s Real=0.14s
[2025-08-01T03:50:53.256+0000] GC(1354) Pause Young (Concurrent Start) (G1 Evacuation Pause)
[2025-08-01T03:50:53.256+0000] GC(1354) Using 8 workers of 8 for evacuation
[2025-08-01T03:50:53.433+0000] GC(1354)   Pre Evacuate Collection Set: 1.1ms
[2025-08-01T03:50:53.433+0000] GC(1354)   Merge Heap Roots: 0.3ms
[2025-08-01T03:50:53.433+0000] GC(1354)   Evacuate Collection Set: 174.0ms
[2025-08-01T03:50:53.433+0000] GC(1354)   Post Evacuate Collection Set: 1.4ms
[2025-08-01T03:50:53.433+0000] GC(1354)   Other: 0.5ms
[2025-08-01T03:50:53.433+0000] GC(1354) Eden regions: 480->0(295)
[2025-08-01T03:50:53.433+0000] GC(1354) Survivor regions: 72->69(69)
[2025-08-01T03:50:53.433+0000] GC(1354) Old regions: 672->1066
[2025-08-01T03:50:53.433+0000] GC(1354) Humongous regions: 0->0
[2025-08-01T03:50:53.433+0000] GC(1354) Metaspace: 10593K(10816K)->10593K(10816K) NonClass: 9335K(9472K)->9335K(9472K) Class: 1258K(1344K)->1258K(1344K)
[2025-08-01T03:50:53.433+0000] GC(1354) Pause Young (Concurrent Start) (G1 Evacuation Pause) 2439M->2261M(4096M) 177.523ms
[2025-08-01T03:50:53.433+0000] GC(1354) User=1.35s Sys=0.05s Real=0.18s
[2025-08-01T03:50:53.433+0000] GC(1355) Concurrent Mark Cycle
[2025-08-01T03:50:53.433+0000] GC(1355) Concurrent Scan Root Regions
[2025-08-01T03:50:53.524+0000] GC(1355) Concurrent Scan Root Regions 90.986ms
[2025-08-01T03:50:53.524+0000] GC(1355) Concurrent Mark
[2025-08-01T03:50:53.524+0000] GC(1355) Concurrent Mark From Roots
[2025-08-01T03:50:53.524+0000] GC(1355) Using 2 workers of 2 for marking
[2025-08-01T03:50:53.569+0000] GC(1356) Pause Young (Normal) (G1 Evacuation Pause)
[2025-08-01T03:50:53.569+0000] GC(1356) Using 8 workers of 8 for evacuation
[2025-08-01T03:50:53.626+0000] GC(1356)   Pre Evacuate Collection Set: 0.6ms
[2025-08-01T03:50:53.626+0000] GC(1356)   Merge Heap Roots: 0.2ms
[2025-08-01T03:50:53.626+0000] GC(1356)   Evacuate Collection Set: 53.6ms
[2025-08-01T03:50:53.626+0000] GC(1356)   Post Evacuate Collection Set: 1.9ms
[2025-08-01T03:50:53.626+0000] GC(1356)   Other: 0.1ms
[2025-08-01T03:50:53.626+0000] GC(1356) Eden regions: 295->0(282)
[2025-08-01T03:50:53.626+0000] GC(1356) Survivor regions: 69->46(46)
[2025-08-01T03:50:53.626+0000] GC(1356) Old regions: 1066->1184
[2025-08-01T03:50:53.626+0000] GC(1356) Humongous regions: 0->0
[2025-08-01T03:50:53.626+0000] GC(1356) Metaspace: 10593K(10816K)->10593K(10816K) NonClass: 9335K(9472K)->9335K(9472K) Class: 1258K(1344K)->1258K(1344K)
[2025-08-01T03:50:53.626+0000] GC(1356) Pause Young (Normal) (G1 Evacuation Pause) 2851M->2450M(4096M) 56.707ms
[2025-08-01T03:50:53.626+0000] GC(1356) User=0.39s Sys=0.00s Real=0.06s
[2025-08-01T03:50:53.641+0000] GC(1355) Concurrent Mark From Roots 116.632ms
[2025-08-01T03:50:53.641+0000] GC(1355) Concurrent Preclean
[2025-08-01T03:50:53.641+0000] GC(1355) Concurrent Preclean 0.033ms
[2025-08-01T03:50:53.641+0000] GC(1355) Pause Remark
[2025-08-01T03:50:53.644+0000] GC(1355) Pause Remark 2610M->1676M(4096M) 2.877ms
[2025-08-01T03:50:53.644+0000] GC(1355) User=0.01s Sys=0.00s Real=0.01s
[2025-08-01T03:50:53.644+0000] GC(1355) Concurrent Mark 120.188ms
[2025-08-01T03:50:53.645+0000] GC(1355) Concurrent Rebuild Remembered Sets and Scrub Regions
[2025-08-01T03:50:53.733+0000] GC(1357) Pause Young (Normal) (G1 Evacuation Pause)
[2025-08-01T03:50:53.733+0000] GC(1357) Using 8 workers of 8 for evacuation
[2025-08-01T03:50:53.845+0000] GC(1357)   Pre Evacuate Collection Set: 1.4ms
[2025-08-01T03:50:53.845+0000] GC(1357)   Merge Heap Roots: 0.2ms
[2025-08-01T03:50:53.845+0000] GC(1357)   Evacuate Collection Set: 109.3ms
[2025-08-01T03:50:53.845+0000] GC(1357)   Post Evacuate Collection Set: 1.2ms
[2025-08-01T03:50:53.845+0000] GC(1357)   Other: 0.2ms
[2025-08-01T03:50:53.845+0000] GC(1357) Eden regions: 282->0(330)
[2025-08-01T03:50:53.845+0000] GC(1357) Survivor regions: 46->41(41)
[2025-08-01T03:50:53.845+0000] GC(1357) Old regions: 713->1002
[2025-08-01T03:50:53.845+0000] GC(1357) Humongous regions: 0->0
[2025-08-01T03:50:53.845+0000] GC(1357) Metaspace: 10593K(10816K)->10593K(10816K) NonClass: 9335K(9472K)->9335K(9472K) Class: 1258K(1344K)->1258K(1344K)
[2025-08-01T03:50:53.845+0000] GC(1357) Pause Young (Normal) (G1 Evacuation Pause) 2080M->2084M(4096M) 112.611ms
[2025-08-01T03:50:53.845+0000] GC(1357) User=0.86s Sys=0.02s Real=0.12s
[2025-08-01T03:50:53.927+0000] GC(1355) Concurrent Rebuild Remembered Sets and Scrub Regions 282.042ms
[2025-08-01T03:50:53.928+0000] GC(1355) Pause Cleanup
[2025-08-01T03:50:53.931+0000] GC(1355) Pause Cleanup 2440M->2440M(4096M) 2.637ms
[2025-08-01T03:50:53.931+0000] GC(1355) User=0.00s Sys=0.00s Real=0.00s
[2025-08-01T03:50:53.931+0000] GC(1355) Concurrent Clear Claimed Marks
[2025-08-01T03:50:53.931+0000] GC(1355) Concurrent Clear Claimed Marks 0.368ms
[2025-08-01T03:50:53.931+0000] GC(1355) Concurrent Cleanup for Next Mark
[2025-08-01T03:50:53.949+0000] GC(1355) Concurrent Cleanup for Next Mark 18.090ms
[2025-08-01T03:50:53.950+0000] GC(1355) Concurrent Mark Cycle 516.323ms
[2025-08-01T03:50:54.013+0000] GC(1358) Pause Young (Prepare Mixed) (G1 Evacuation Pause)
[2025-08-01T03:50:54.013+0000] GC(1358) Using 8 workers of 8 for evacuation
[2025-08-01T03:50:54.130+0000] GC(1358)   Pre Evacuate Collection Set: 0.9ms
[2025-08-01T03:50:54.130+0000] GC(1358)   Merge Heap Roots: 0.2ms
[2025-08-01T03:50:54.130+0000] GC(1358)   Evacuate Collection Set: 115.2ms
[2025-08-01T03:50:54.130+0000] GC(1358)   Post Evacuate Collection Set: 1.1ms
[2025-08-01T03:50:54.130+0000] GC(1358)   Other: 0.1ms
[2025-08-01T03:50:54.130+0000] GC(1358) Eden regions: 330->0(262)
[2025-08-01T03:50:54.130+0000] GC(1358) Survivor regions: 41->47(47)
[2025-08-01T03:50:54.130+0000] GC(1358) Old regions: 1002->1210
[2025-08-01T03:50:54.130+0000] GC(1358) Humongous regions: 0->0
[2025-08-01T03:50:54.130+0000] GC(1358) Metaspace: 10593K(10816K)->10593K(10816K) NonClass: 9335K(9472K)->9335K(9472K) Class: 1258K(1344K)->1258K(1344K)
[2025-08-01T03:50:54.131+0000] GC(1358) Pause Young (Prepare Mixed) (G1 Evacuation Pause) 2744M->2512M(4096M) 117.687ms
[2025-08-01T03:50:54.131+0000] GC(1358) User=0.85s Sys=0.04s Real=0.11s
[2025-08-01T03:50:54.221+0000] GC(1359) Pause Young (Mixed) (G1 Evacuation Pause)
[2025-08-01T03:50:54.222+0000] GC(1359) Using 8 workers of 8 for evacuation
[2025-08-01T03:50:54.340+0000] GC(1359)   Pre Evacuate Collection Set: 0.7ms
[2025-08-01T03:50:54.340+0000] GC(1359)   Merge Heap Roots: 0.1ms
[2025-08-01T03:50:54.340+0000] GC(1359)   Evacuate Collection Set: 116.6ms
[2025-08-01T03:50:54.340+0000] GC(1359)   Post Evacuate Collection Set: 1.1ms
[2025-08-01T03:50:54.340+0000] GC(1359)   Other: 0.1ms
[2025-08-01T03:50:54.340+0000] GC(1359) Eden regions: 262->0(171)
[2025-08-01T03:50:54.340+0000] GC(1359) Survivor regions: 47->39(39)
[2025-08-01T03:50:54.340+0000] GC(1359) Old regions: 1210->1468
[2025-08-01T03:50:54.340+0000] GC(1359) Humongous regions: 0->0
[2025-08-01T03:50:54.340+0000] GC(1359) Metaspace: 10593K(10816K)->10593K(10816K) NonClass: 9335K(9472K)->9335K(9472K) Class: 1258K(1344K)->1258K(1344K)
[2025-08-01T03:50:54.340+0000] GC(1359) Pause Young (Mixed) (G1 Evacuation Pause) 3036M->3012M(4096M) 118.935ms
[2025-08-01T03:50:54.340+0000] GC(1359) User=0.89s Sys=0.02s Real=0.12s
[2025-08-01T03:50:54.419+0000] GC(1360) Pause Young (Concurrent Start) (G1 Evacuation Pause)
[2025-08-01T03:50:54.420+0000] GC(1360) Using 8 workers of 8 for evacuation
[2025-08-01T03:50:54.501+0000] GC(1360)   Pre Evacuate Collection Set: 1.1ms
[2025-08-01T03:50:54.501+0000] GC(1360)   Merge Heap Roots: 0.2ms
[2025-08-01T03:50:54.501+0000] GC(1360)   Evacuate Collection Set: 78.9ms
[2025-08-01T03:50:54.501+0000] GC(1360)   Post Evacuate Collection Set: 1.5ms
[2025-08-01T03:50:54.502+0000] GC(1360)   Other: 0.3ms
[2025-08-01T03:50:54.502+0000] GC(1360) Eden regions: 171->0(138)
[2025-08-01T03:50:54.502+0000] GC(1360) Survivor regions: 39->27(27)
[2025-08-01T03:50:54.502+0000] GC(1360) Old regions: 1468->1588
[2025-08-01T03:50:54.502+0000] GC(1360) Humongous regions: 0->0
[2025-08-01T03:50:54.502+0000] GC(1360) Metaspace: 10593K(10816K)->10593K(10816K) NonClass: 9335K(9472K)->9335K(9472K) Class: 1258K(1344K)->1258K(1344K)
[2025-08-01T03:50:54.502+0000] GC(1360) Pause Young (Concurrent Start) (G1 Evacuation Pause) 3354M->3228M(4096M) 82.157ms
[2025-08-01T03:50:54.502+0000] GC(1360) User=0.58s Sys=0.02s Real=0.08s
[2025-08-01T03:50:54.502+0000] GC(1361) Concurrent Mark Cycle
[2025-08-01T03:50:54.502+0000] GC(1361) Concurrent Scan Root Regions
[2025-08-01T03:50:54.537+0000] GC(1361) Concurrent Scan Root Regions 34.971ms
[2025-08-01T03:50:54.537+0000] GC(1361) Concurrent Mark
[2025-08-01T03:50:54.537+0000] GC(1361) Concurrent Mark From Roots
[2025-08-01T03:50:54.537+0000] GC(1361) Using 2 workers of 2 for marking
[2025-08-01T03:50:54.571+0000] GC(1362) Pause Young (Normal) (G1 Evacuation Pause)
[2025-08-01T03:50:54.571+0000] GC(1362) Using 8 workers of 8 for evacuation
[2025-08-01T03:50:54.609+0000] GC(1362)   Pre Evacuate Collection Set: 0.8ms
[2025-08-01T03:50:54.609+0000] GC(1362)   Merge Heap Roots: 0.1ms
[2025-08-01T03:50:54.609+0000] GC(1362)   Evacuate Collection Set: 35.7ms
[2025-08-01T03:50:54.609+0000] GC(1362)   Post Evacuate Collection Set: 0.9ms
[2025-08-01T03:50:54.609+0000] GC(1362)   Other: 0.1ms
[2025-08-01T03:50:54.609+0000] GC(1362) Eden regions: 138->0(112)
[2025-08-01T03:50:54.609+0000] GC(1362) Survivor regions: 27->21(21)
[2025-08-01T03:50:54.609+0000] GC(1362) Old regions: 1588->1684
[2025-08-01T03:50:54.609+0000] GC(1362) Humongous regions: 0->0
[2025-08-01T03:50:54.609+0000] GC(1362) Metaspace: 10593K(10816K)->10593K(10816K) NonClass: 9335K(9472K)->9335K(9472K) Class: 1258K(1344K)->1258K(1344K)
[2025-08-01T03:50:54.609+0000] GC(1362) Pause Young (Normal) (G1 Evacuation Pause) 3504M->3408M(4096M) 38.011ms
[2025-08-01T03:50:54.609+0000] GC(1362) User=0.26s Sys=0.01s Real=0.04s
[2025-08-01T03:50:54.631+0000] GC(1363) Pause Young (Normal) (G1 Evacuation Pause)
[2025-08-01T03:50:54.632+0000] GC(1363) Using 8 workers of 8 for evacuation
[2025-08-01T03:50:54.678+0000] GC(1363)   Pre Evacuate Collection Set: 0.6ms
[2025-08-01T03:50:54.679+0000] GC(1363)   Merge Heap Roots: 0.2ms
[2025-08-01T03:50:54.679+0000] GC(1363)   Evacuate Collection Set: 45.1ms
[2025-08-01T03:50:54.679+0000] GC(1363)   Post Evacuate Collection Set: 0.9ms
[2025-08-01T03:50:54.679+0000] GC(1363)   Other: 0.1ms
[2025-08-01T03:50:54.679+0000] GC(1363) Eden regions: 112->0(85)
[2025-08-01T03:50:54.679+0000] GC(1363) Survivor regions: 21->17(17)
[2025-08-01T03:50:54.679+0000] GC(1363) Old regions: 1684->1801
[2025-08-01T03:50:54.679+0000] GC(1363) Humongous regions: 0->0
[2025-08-01T03:50:54.679+0000] GC(1363) Metaspace: 10593K(10816K)->10593K(10816K) NonClass: 9335K(9472K)->9335K(9472K) Class: 1258K(1344K)->1258K(1344K)
[2025-08-01T03:50:54.679+0000] GC(1363) Pause Young (Normal) (G1 Evacuation Pause) 3632M->3634M(4096M) 47.247ms
[2025-08-01T03:50:54.679+0000] GC(1363) User=0.32s Sys=0.01s Real=0.05s
[2025-08-01T03:50:54.709+0000] GC(1361) Concurrent Mark From Roots 171.909ms
[2025-08-01T03:50:54.709+0000] GC(1361) Concurrent Preclean
[2025-08-01T03:50:54.709+0000] GC(1361) Concurrent Preclean 0.027ms
[2025-08-01T03:50:54.709+0000] GC(1361) Pause Remark
[2025-08-01T03:50:54.714+0000] GC(1361) Pause Remark 3727M->1445M(4096M) 4.816ms
[2025-08-01T03:50:54.714+0000] GC(1361) User=0.02s Sys=0.00s Real=0.01s
[2025-08-01T03:50:54.715+0000] GC(1361) Concurrent Mark 177.504ms
[2025-08-01T03:50:54.715+0000] GC(1361) Concurrent Rebuild Remembered Sets and Scrub Regions
[2025-08-01T03:50:54.742+0000] GC(1364) Pause Young (Normal) (G1 Evacuation Pause)
[2025-08-01T03:50:54.742+0000] GC(1364) Using 8 workers of 8 for evacuation
[2025-08-01T03:50:54.781+0000] GC(1364)   Pre Evacuate Collection Set: 1.2ms
[2025-08-01T03:50:54.781+0000] GC(1364)   Merge Heap Roots: 0.4ms
[2025-08-01T03:50:54.781+0000] GC(1364)   Evacuate Collection Set: 37.1ms
[2025-08-01T03:50:54.781+0000] GC(1364)   Post Evacuate Collection Set: 0.9ms
[2025-08-01T03:50:54.781+0000] GC(1364)   Other: 0.1ms
[2025-08-01T03:50:54.781+0000] GC(1364) Eden regions: 85->0(459)
[2025-08-01T03:50:54.781+0000] GC(1364) Survivor regions: 17->13(13)
[2025-08-01T03:50:54.781+0000] GC(1364) Old regions: 660->750
[2025-08-01T03:50:54.781+0000] GC(1364) Humongous regions: 0->0
[2025-08-01T03:50:54.781+0000] GC(1364) Metaspace: 10593K(10816K)->10593K(10816K) NonClass: 9335K(9472K)->9335K(9472K) Class: 1258K(1344K)->1258K(1344K)
[2025-08-01T03:50:54.782+0000] GC(1364) Pause Young (Normal) (G1 Evacuation Pause) 1522M->1525M(4096M) 40.042ms
[2025-08-01T03:50:54.782+0000] GC(1364) User=0.29s Sys=0.00s Real=0.04s
[2025-08-01T03:50:54.895+0000] GC(1361) Concurrent Rebuild Remembered Sets and Scrub Regions 180.610ms
[2025-08-01T03:50:54.895+0000] GC(1361) Pause Cleanup
[2025-08-01T03:50:54.896+0000] GC(1361) Pause Cleanup 2170M->2170M(4096M) 1.033ms
[2025-08-01T03:50:54.897+0000] GC(1361) User=0.01s Sys=0.00s Real=0.00s
[2025-08-01T03:50:54.897+0000] GC(1361) Concurrent Clear Claimed Marks
[2025-08-01T03:50:54.897+0000] GC(1361) Concurrent Clear Claimed Marks 0.034ms
[2025-08-01T03:50:54.897+0000] GC(1361) Concurrent Cleanup for Next Mark
[2025-08-01T03:50:54.904+0000] GC(1361) Concurrent Cleanup for Next Mark 7.316ms
[2025-08-01T03:50:54.904+0000] GC(1361) Concurrent Mark Cycle 402.458ms
[2025-08-01T03:50:54.959+0000] GC(1365) Pause Young (Prepare Mixed) (G1 Evacuation Pause)
[2025-08-01T03:50:54.959+0000] GC(1365) Using 8 workers of 8 for evacuation
[2025-08-01T03:50:55.069+0000] GC(1365)   Pre Evacuate Collection Set: 0.6ms
[2025-08-01T03:50:55.069+0000] GC(1365)   Merge Heap Roots: 0.1ms
[2025-08-01T03:50:55.069+0000] GC(1365)   Evacuate Collection Set: 108.5ms
[2025-08-01T03:50:55.069+0000] GC(1365)   Post Evacuate Collection Set: 1.2ms
[2025-08-01T03:50:55.069+0000] GC(1365)   Other: 0.1ms
[2025-08-01T03:50:55.069+0000] GC(1365) Eden regions: 459->0(343)
[2025-08-01T03:50:55.069+0000] GC(1365) Survivor regions: 13->59(59)
[2025-08-01T03:50:55.069+0000] GC(1365) Old regions: 750->995
[2025-08-01T03:50:55.069+0000] GC(1365) Humongous regions: 0->0
[2025-08-01T03:50:55.069+0000] GC(1365) Metaspace: 10593K(10816K)->10593K(10816K) NonClass: 9335K(9472K)->9335K(9472K) Class: 1258K(1344K)->1258K(1344K)
[2025-08-01T03:50:55.070+0000] GC(1365) Pause Young (Prepare Mixed) (G1 Evacuation Pause) 2443M->2106M(4096M) 110.846ms
[2025-08-01T03:50:55.070+0000] GC(1365) User=0.83s Sys=0.04s Real=0.11s
[2025-08-01T03:50:55.224+0000] GC(1366) Pause Young (Mixed) (G1 Evacuation Pause)
[2025-08-01T03:50:55.224+0000] GC(1366) Using 8 workers of 8 for evacuation
[2025-08-01T03:50:55.377+0000] GC(1366)   Pre Evacuate Collection Set: 1.0ms
[2025-08-01T03:50:55.377+0000] GC(1366)   Merge Heap Roots: 0.4ms
[2025-08-01T03:50:55.377+0000] GC(1366)   Evacuate Collection Set: 150.8ms
[2025-08-01T03:50:55.377+0000] GC(1366)   Post Evacuate Collection Set: 1.1ms
[2025-08-01T03:50:55.377+0000] GC(1366)   Other: 0.1ms
[2025-08-01T03:50:55.378+0000] GC(1366) Eden regions: 343->0(259)
[2025-08-01T03:50:55.378+0000] GC(1366) Survivor regions: 59->51(51)
[2025-08-01T03:50:55.378+0000] GC(1366) Old regions: 995->1214
[2025-08-01T03:50:55.378+0000] GC(1366) Humongous regions: 0->0
[2025-08-01T03:50:55.378+0000] GC(1366) Metaspace: 10593K(10816K)->10593K(10816K) NonClass: 9335K(9472K)->9335K(9472K) Class: 1258K(1344K)->1258K(1344K)
[2025-08-01T03:50:55.378+0000] GC(1366) Pause Young (Mixed) (G1 Evacuation Pause) 2792M->2528M(4096M) 153.590ms
[2025-08-01T03:50:55.378+0000] GC(1366) User=1.11s Sys=0.04s Real=0.15s
[2025-08-01T03:50:55.469+0000] GC(1367) Pause Young (Concurrent Start) (G1 Evacuation Pause)
[2025-08-01T03:50:55.469+0000] GC(1367) Using 8 workers of 8 for evacuation
[2025-08-01T03:50:55.593+0000] GC(1367)   Pre Evacuate Collection Set: 1.3ms
[2025-08-01T03:50:55.593+0000] GC(1367)   Merge Heap Roots: 0.3ms
[2025-08-01T03:50:55.593+0000] GC(1367)   Evacuate Collection Set: 121.2ms
[2025-08-01T03:50:55.593+0000] GC(1367)   Post Evacuate Collection Set: 1.0ms
[2025-08-01T03:50:55.594+0000] GC(1367)   Other: 0.2ms
[2025-08-01T03:50:55.594+0000] GC(1367) Eden regions: 259->0(163)
[2025-08-01T03:50:55.594+0000] GC(1367) Survivor regions: 51->39(39)
[2025-08-01T03:50:55.594+0000] GC(1367) Old regions: 1214->1487
[2025-08-01T03:50:55.594+0000] GC(1367) Humongous regions: 0->0
[2025-08-01T03:50:55.594+0000] GC(1367) Metaspace: 10593K(10816K)->10593K(10816K) NonClass: 9335K(9472K)->9335K(9472K) Class: 1258K(1344K)->1258K(1344K)
[2025-08-01T03:50:55.594+0000] GC(1367) Pause Young (Concurrent Start) (G1 Evacuation Pause) 3046M->3050M(4096M) 124.337ms
[2025-08-01T03:50:55.594+0000] GC(1367) User=0.92s Sys=0.04s Real=0.13s
[2025-08-01T03:50:55.594+0000] GC(1368) Concurrent Mark Cycle
[2025-08-01T03:50:55.594+0000] GC(1368) Concurrent Scan Root Regions
[2025-08-01T03:50:55.649+0000] GC(1368) Concurrent Scan Root Regions 55.413ms
[2025-08-01T03:50:55.649+0000] GC(1368) Concurrent Mark
[2025-08-01T03:50:55.649+0000] GC(1368) Concurrent Mark From Roots
[2025-08-01T03:50:55.649+0000] GC(1368) Using 2 workers of 2 for marking
[2025-08-01T03:50:55.673+0000] GC(1369) Pause Young (Normal) (G1 Evacuation Pause)
[2025-08-01T03:50:55.673+0000] GC(1369) Using 8 workers of 8 for evacuation
[2025-08-01T03:50:55.737+0000] GC(1369)   Pre Evacuate Collection Set: 0.8ms
[2025-08-01T03:50:55.737+0000] GC(1369)   Merge Heap Roots: 0.2ms
[2025-08-01T03:50:55.737+0000] GC(1369)   Evacuate Collection Set: 61.3ms
[2025-08-01T03:50:55.737+0000] GC(1369)   Post Evacuate Collection Set: 1.1ms
[2025-08-01T03:50:55.737+0000] GC(1369)   Other: 0.1ms
[2025-08-01T03:50:55.737+0000] GC(1369) Eden regions: 163->0(114)
[2025-08-01T03:50:55.737+0000] GC(1369) Survivor regions: 39->26(26)
[2025-08-01T03:50:55.737+0000] GC(1369) Old regions: 1487->1655
[2025-08-01T03:50:55.737+0000] GC(1369) Humongous regions: 0->0
[2025-08-01T03:50:55.737+0000] GC(1369) Metaspace: 10593K(10816K)->10593K(10816K) NonClass: 9335K(9472K)->9335K(9472K) Class: 1258K(1344K)->1258K(1344K)
[2025-08-01T03:50:55.737+0000] GC(1369) Pause Young (Normal) (G1 Evacuation Pause) 3376M->3360M(4096M) 63.795ms
[2025-08-01T03:50:55.737+0000] GC(1369) User=0.43s Sys=0.02s Real=0.06s
[2025-08-01T03:50:55.804+0000] GC(1370) Pause Young (Normal) (G1 Evacuation Pause)
[2025-08-01T03:50:55.804+0000] GC(1370) Using 8 workers of 8 for evacuation
[2025-08-01T03:50:55.853+0000] GC(1370)   Pre Evacuate Collection Set: 0.6ms
[2025-08-01T03:50:55.853+0000] GC(1370)   Merge Heap Roots: 0.1ms
[2025-08-01T03:50:55.853+0000] GC(1370)   Evacuate Collection Set: 47.1ms
[2025-08-01T03:50:55.853+0000] GC(1370)   Post Evacuate Collection Set: 0.8ms
[2025-08-01T03:50:55.853+0000] GC(1370)   Other: 0.1ms
[2025-08-01T03:50:55.853+0000] GC(1370) Eden regions: 114->0(85)
[2025-08-01T03:50:55.853+0000] GC(1370) Survivor regions: 26->18(18)
[2025-08-01T03:50:55.853+0000] GC(1370) Old regions: 1655->1757
[2025-08-01T03:50:55.853+0000] GC(1370) Humongous regions: 0->0
[2025-08-01T03:50:55.853+0000] GC(1370) Metaspace: 10593K(10816K)->10593K(10816K) NonClass: 9335K(9472K)->9335K(9472K) Class: 1258K(1344K)->1258K(1344K)
[2025-08-01T03:50:55.853+0000] GC(1370) Pause Young (Normal) (G1 Evacuation Pause) 3588M->3548M(4096M) 49.018ms
[2025-08-01T03:50:55.853+0000] GC(1370) User=0.36s Sys=0.02s Real=0.05s
[2025-08-01T03:50:55.873+0000] GC(1371) Pause Young (Normal) (G1 Evacuation Pause)
[2025-08-01T03:50:55.873+0000] GC(1371) Using 8 workers of 8 for evacuation
[2025-08-01T03:50:55.907+0000] GC(1371)   Pre Evacuate Collection Set: 0.7ms
[2025-08-01T03:50:55.907+0000] GC(1371)   Merge Heap Roots: 0.1ms
[2025-08-01T03:50:55.907+0000] GC(1371)   Evacuate Collection Set: 31.6ms
[2025-08-01T03:50:55.907+0000] GC(1371)   Post Evacuate Collection Set: 0.8ms
[2025-08-01T03:50:55.907+0000] GC(1371)   Other: 0.1ms
[2025-08-01T03:50:55.907+0000] GC(1371) Eden regions: 85->0(89)
[2025-08-01T03:50:55.907+0000] GC(1371) Survivor regions: 18->13(13)
[2025-08-01T03:50:55.907+0000] GC(1371) Old regions: 1757->1848
[2025-08-01T03:50:55.907+0000] GC(1371) Humongous regions: 0->0
[2025-08-01T03:50:55.907+0000] GC(1371) Metaspace: 10593K(10816K)->10593K(10816K) NonClass: 9335K(9472K)->9335K(9472K) Class: 1258K(1344K)->1258K(1344K)
[2025-08-01T03:50:55.907+0000] GC(1371) Pause Young (Normal) (G1 Evacuation Pause) 3718M->3721M(4096M) 33.652ms
[2025-08-01T03:50:55.907+0000] GC(1371) User=0.25s Sys=0.00s Real=0.03s
[2025-08-01T03:50:55.931+0000] GC(1368) Concurrent Mark From Roots 281.477ms
[2025-08-01T03:50:55.931+0000] GC(1368) Concurrent Preclean
[2025-08-01T03:50:55.931+0000] GC(1368) Concurrent Preclean 0.025ms
[2025-08-01T03:50:55.931+0000] GC(1368) Pause Remark
[2025-08-01T03:50:55.935+0000] GC(1368) Pause Remark 3872M->2186M(4096M) 4.263ms
[2025-08-01T03:50:55.935+0000] GC(1368) User=0.01s Sys=0.00s Real=0.01s
[2025-08-01T03:50:55.936+0000] GC(1368) Concurrent Mark 286.367ms
[2025-08-01T03:50:55.936+0000] GC(1368) Concurrent Rebuild Remembered Sets and Scrub Regions
[2025-08-01T03:50:55.969+0000] GC(1372) Pause Young (Normal) (G1 Evacuation Pause)
[2025-08-01T03:50:55.969+0000] GC(1372) Using 8 workers of 8 for evacuation
[2025-08-01T03:50:55.994+0000] GC(1372)   Pre Evacuate Collection Set: 0.5ms
[2025-08-01T03:50:55.994+0000] GC(1372)   Merge Heap Roots: 0.2ms
[2025-08-01T03:50:55.994+0000] GC(1372)   Evacuate Collection Set: 23.7ms
[2025-08-01T03:50:55.994+0000] GC(1372)   Post Evacuate Collection Set: 0.9ms
[2025-08-01T03:50:55.994+0000] GC(1372)   Other: 0.1ms
[2025-08-01T03:50:55.994+0000] GC(1372) Eden regions: 89->0(315)
[2025-08-01T03:50:55.994+0000] GC(1372) Survivor regions: 13->13(13)
[2025-08-01T03:50:55.994+0000] GC(1372) Old regions: 1005->1071
[2025-08-01T03:50:55.994+0000] GC(1372) Humongous regions: 0->0
[2025-08-01T03:50:55.994+0000] GC(1372) Metaspace: 10593K(10816K)->10593K(10816K) NonClass: 9335K(9472K)->9335K(9472K) Class: 1258K(1344K)->1258K(1344K)
[2025-08-01T03:50:55.995+0000] GC(1372) Pause Young (Normal) (G1 Evacuation Pause) 2213M->2166M(4096M) 25.827ms
[2025-08-01T03:50:55.995+0000] GC(1372) User=0.19s Sys=0.00s Real=0.03s
[2025-08-01T03:50:56.109+0000] GC(1373) Pause Young (Normal) (G1 Evacuation Pause)
[2025-08-01T03:50:56.109+0000] GC(1373) Using 8 workers of 8 for evacuation
[2025-08-01T03:50:56.217+0000] GC(1373)   Pre Evacuate Collection Set: 0.9ms
[2025-08-01T03:50:56.217+0000] GC(1373)   Merge Heap Roots: 0.4ms
[2025-08-01T03:50:56.217+0000] GC(1373)   Evacuate Collection Set: 104.7ms
[2025-08-01T03:50:56.217+0000] GC(1373)   Post Evacuate Collection Set: 0.9ms
[2025-08-01T03:50:56.217+0000] GC(1373)   Other: 0.3ms
[2025-08-01T03:50:56.217+0000] GC(1373) Eden regions: 315->0(204)
[2025-08-01T03:50:56.217+0000] GC(1373) Survivor regions: 13->41(41)
[2025-08-01T03:50:56.217+0000] GC(1373) Old regions: 1071->1359
[2025-08-01T03:50:56.217+0000] GC(1373) Humongous regions: 0->0
[2025-08-01T03:50:56.217+0000] GC(1373) Metaspace: 10593K(10816K)->10593K(10816K) NonClass: 9335K(9472K)->9335K(9472K) Class: 1258K(1344K)->1258K(1344K)
[2025-08-01T03:50:56.217+0000] GC(1373) Pause Young (Normal) (G1 Evacuation Pause) 2796M->2799M(4096M) 107.658ms
[2025-08-01T03:50:56.217+0000] GC(1373) User=0.78s Sys=0.01s Real=0.11s
[2025-08-01T03:50:56.303+0000] GC(1374) Pause Young (Normal) (G1 Evacuation Pause)
[2025-08-01T03:50:56.304+0000] GC(1374) Using 8 workers of 8 for evacuation
[2025-08-01T03:50:56.399+0000] GC(1374)   Pre Evacuate Collection Set: 0.6ms
[2025-08-01T03:50:56.400+0000] GC(1374)   Merge Heap Roots: 0.1ms
[2025-08-01T03:50:56.400+0000] GC(1374)   Evacuate Collection Set: 94.2ms
[2025-08-01T03:50:56.400+0000] GC(1374)   Post Evacuate Collection Set: 0.9ms
[2025-08-01T03:50:56.400+0000] GC(1374)   Other: 0.1ms
[2025-08-01T03:50:56.400+0000] GC(1374) Eden regions: 204->0(137)
[2025-08-01T03:50:56.400+0000] GC(1374) Survivor regions: 41->31(31)
[2025-08-01T03:50:56.400+0000] GC(1374) Old regions: 1359->1575
[2025-08-01T03:50:56.400+0000] GC(1374) Humongous regions: 0->0
[2025-08-01T03:50:56.400+0000] GC(1374) Metaspace: 10593K(10816K)->10593K(10816K) NonClass: 9335K(9472K)->9335K(9472K) Class: 1258K(1344K)->1258K(1344K)
[2025-08-01T03:50:56.400+0000] GC(1374) Pause Young (Normal) (G1 Evacuation Pause) 3207M->3211M(4096M) 96.359ms
[2025-08-01T03:50:56.400+0000] GC(1374) User=0.72s Sys=0.03s Real=0.09s
[2025-08-01T03:50:56.412+0000] GC(1368) Concurrent Rebuild Remembered Sets and Scrub Regions 476.450ms
[2025-08-01T03:50:56.413+0000] GC(1368) Pause Cleanup
[2025-08-01T03:50:56.414+0000] GC(1368) Pause Cleanup 3335M->3335M(4096M) 1.134ms
[2025-08-01T03:50:56.414+0000] GC(1368) User=0.00s Sys=0.00s Real=0.00s
[2025-08-01T03:50:56.415+0000] GC(1368) Concurrent Clear Claimed Marks
[2025-08-01T03:50:56.415+0000] GC(1368) Concurrent Clear Claimed Marks 0.058ms
[2025-08-01T03:50:56.415+0000] GC(1368) Concurrent Cleanup for Next Mark
[2025-08-01T03:50:56.425+0000] GC(1368) Concurrent Cleanup for Next Mark 10.541ms
[2025-08-01T03:50:56.425+0000] GC(1368) Concurrent Mark Cycle 831.522ms
[2025-08-01T03:50:56.473+0000] GC(1375) Pause Young (Prepare Mixed) (G1 Evacuation Pause)
[2025-08-01T03:50:56.473+0000] GC(1375) Using 8 workers of 8 for evacuation
[2025-08-01T03:50:56.510+0000] GC(1375)   Pre Evacuate Collection Set: 1.0ms
[2025-08-01T03:50:56.510+0000] GC(1375)   Merge Heap Roots: 0.2ms
[2025-08-01T03:50:56.510+0000] GC(1375)   Evacuate Collection Set: 34.7ms
[2025-08-01T03:50:56.510+0000] GC(1375)   Post Evacuate Collection Set: 1.1ms
[2025-08-01T03:50:56.510+0000] GC(1375)   Other: 0.4ms
[2025-08-01T03:50:56.510+0000] GC(1375) Eden regions: 137->0(117)
[2025-08-01T03:50:56.510+0000] GC(1375) Survivor regions: 31->21(21)
[2025-08-01T03:50:56.510+0000] GC(1375) Old regions: 1575->1664
[2025-08-01T03:50:56.510+0000] GC(1375) Humongous regions: 0->0
[2025-08-01T03:50:56.510+0000] GC(1375) Metaspace: 10593K(10816K)->10593K(10816K) NonClass: 9335K(9472K)->9335K(9472K) Class: 1258K(1344K)->1258K(1344K)
[2025-08-01T03:50:56.510+0000] GC(1375) Pause Young (Prepare Mixed) (G1 Evacuation Pause) 3485M->3368M(4096M) 37.721ms
[2025-08-01T03:50:56.510+0000] GC(1375) User=0.28s Sys=0.00s Real=0.04s
[2025-08-01T03:50:56.532+0000] GC(1376) Pause Young (Mixed) (G1 Evacuation Pause)
[2025-08-01T03:50:56.532+0000] GC(1376) Using 8 workers of 8 for evacuation
[2025-08-01T03:50:56.583+0000] GC(1376)   Pre Evacuate Collection Set: 0.6ms
[2025-08-01T03:50:56.583+0000] GC(1376)   Merge Heap Roots: 0.2ms
[2025-08-01T03:50:56.583+0000] GC(1376)   Evacuate Collection Set: 49.4ms
[2025-08-01T03:50:56.583+0000] GC(1376)   Post Evacuate Collection Set: 0.9ms
[2025-08-01T03:50:56.583+0000] GC(1376)   Other: 0.2ms
[2025-08-01T03:50:56.583+0000] GC(1376) Eden regions: 117->0(84)
[2025-08-01T03:50:56.583+0000] GC(1376) Survivor regions: 21->18(18)
[2025-08-01T03:50:56.583+0000] GC(1376) Old regions: 1664->1774
[2025-08-01T03:50:56.583+0000] GC(1376) Humongous regions: 0->0
[2025-08-01T03:50:56.583+0000] GC(1376) Metaspace: 10593K(10816K)->10593K(10816K) NonClass: 9335K(9472K)->9335K(9472K) Class: 1258K(1344K)->1258K(1344K)
[2025-08-01T03:50:56.583+0000] GC(1376) Pause Young (Mixed) (G1 Evacuation Pause) 3602M->3582M(4096M) 51.554ms
[2025-08-01T03:50:56.583+0000] GC(1376) User=0.38s Sys=0.01s Real=0.06s
[2025-08-01T03:50:56.640+0000] GC(1377) Pause Young (Concurrent Start) (G1 Evacuation Pause)
[2025-08-01T03:50:56.640+0000] GC(1377) Using 8 workers of 8 for evacuation
[2025-08-01T03:50:56.658+0000] GC(1377)   Pre Evacuate Collection Set: 1.6ms
[2025-08-01T03:50:56.658+0000] GC(1377)   Merge Heap Roots: 0.2ms
[2025-08-01T03:50:56.658+0000] GC(1377)   Evacuate Collection Set: 14.2ms
[2025-08-01T03:50:56.658+0000] GC(1377)   Post Evacuate Collection Set: 1.1ms
[2025-08-01T03:50:56.658+0000] GC(1377)   Other: 0.3ms
[2025-08-01T03:50:56.658+0000] GC(1377) Eden regions: 84->0(89)
[2025-08-01T03:50:56.658+0000] GC(1377) Survivor regions: 18->13(13)
[2025-08-01T03:50:56.658+0000] GC(1377) Old regions: 1774->1800
[2025-08-01T03:50:56.658+0000] GC(1377) Humongous regions: 0->0
[2025-08-01T03:50:56.658+0000] GC(1377) Metaspace: 10593K(10816K)->10593K(10816K) NonClass: 9335K(9472K)->9335K(9472K) Class: 1258K(1344K)->1258K(1344K)
[2025-08-01T03:50:56.658+0000] GC(1377) Pause Young (Concurrent Start) (G1 Evacuation Pause) 3750M->3624M(4096M) 17.785ms
[2025-08-01T03:50:56.658+0000] GC(1377) User=0.11s Sys=0.00s Real=0.02s
[2025-08-01T03:50:56.658+0000] GC(1378) Concurrent Mark Cycle
[2025-08-01T03:50:56.658+0000] GC(1378) Concurrent Scan Root Regions
[2025-08-01T03:50:56.678+0000] GC(1378) Concurrent Scan Root Regions 19.206ms
[2025-08-01T03:50:56.678+0000] GC(1378) Concurrent Mark
[2025-08-01T03:50:56.678+0000] GC(1378) Concurrent Mark From Roots
[2025-08-01T03:50:56.678+0000] GC(1378) Using 2 workers of 2 for marking
[2025-08-01T03:50:56.681+0000] GC(1379) Pause Young (Normal) (G1 Evacuation Pause)
[2025-08-01T03:50:56.681+0000] GC(1379) Using 8 workers of 8 for evacuation
[2025-08-01T03:50:56.723+0000] GC(1379)   Pre Evacuate Collection Set: 0.7ms
[2025-08-01T03:50:56.723+0000] GC(1379)   Merge Heap Roots: 0.6ms
[2025-08-01T03:50:56.723+0000] GC(1379)   Evacuate Collection Set: 38.9ms
[2025-08-01T03:50:56.723+0000] GC(1379)   Post Evacuate Collection Set: 1.4ms
[2025-08-01T03:50:56.723+0000] GC(1379)   Other: 0.1ms
[2025-08-01T03:50:56.723+0000] GC(1379) Eden regions: 89->0(89)
[2025-08-01T03:50:56.723+0000] GC(1379) Survivor regions: 13->13(13)
[2025-08-01T03:50:56.723+0000] GC(1379) Old regions: 1800->1892
[2025-08-01T03:50:56.723+0000] GC(1379) Humongous regions: 0->0
[2025-08-01T03:50:56.723+0000] GC(1379) Metaspace: 10593K(10816K)->10593K(10816K) NonClass: 9335K(9472K)->9335K(9472K) Class: 1258K(1344K)->1258K(1344K)
[2025-08-01T03:50:56.723+0000] GC(1379) Pause Young (Normal) (G1 Evacuation Pause) 3802M->3808M(4096M) 42.100ms
[2025-08-01T03:50:56.723+0000] GC(1379) User=0.28s Sys=0.01s Real=0.05s
[2025-08-01T03:50:56.769+0000] GC(1378) Concurrent Mark From Roots 90.935ms
[2025-08-01T03:50:56.769+0000] GC(1378) Concurrent Preclean
[2025-08-01T03:50:56.769+0000] GC(1378) Concurrent Preclean 0.037ms
[2025-08-01T03:50:56.769+0000] GC(1378) Pause Remark
[2025-08-01T03:50:56.773+0000] GC(1378) Pause Remark 3972M->742M(4096M) 4.301ms
[2025-08-01T03:50:56.773+0000] GC(1378) User=0.01s Sys=0.00s Real=0.01s
[2025-08-01T03:50:56.773+0000] GC(1378) Concurrent Mark 95.760ms
[2025-08-01T03:50:56.773+0000] GC(1378) Concurrent Rebuild Remembered Sets and Scrub Regions
[2025-08-01T03:50:56.789+0000] GC(1380) Pause Young (Normal) (G1 Evacuation Pause)
[2025-08-01T03:50:56.789+0000] GC(1380) Using 8 workers of 8 for evacuation
[2025-08-01T03:50:56.832+0000] GC(1380)   Pre Evacuate Collection Set: 0.7ms
[2025-08-01T03:50:56.832+0000] GC(1380)   Merge Heap Roots: 0.3ms
[2025-08-01T03:50:56.832+0000] GC(1380)   Evacuate Collection Set: 41.0ms
[2025-08-01T03:50:56.832+0000] GC(1380)   Post Evacuate Collection Set: 0.9ms
[2025-08-01T03:50:56.832+0000] GC(1380)   Other: 0.1ms
[2025-08-01T03:50:56.832+0000] GC(1380) Eden regions: 89->0(615)
[2025-08-01T03:50:56.832+0000] GC(1380) Survivor regions: 13->13(13)
[2025-08-01T03:50:56.832+0000] GC(1380) Old regions: 277->367
[2025-08-01T03:50:56.832+0000] GC(1380) Humongous regions: 0->0
[2025-08-01T03:50:56.832+0000] GC(1380) Metaspace: 10593K(10816K)->10593K(10816K) NonClass: 9335K(9472K)->9335K(9472K) Class: 1258K(1344K)->1258K(1344K)
[2025-08-01T03:50:56.832+0000] GC(1380) Pause Young (Normal) (G1 Evacuation Pause) 756M->758M(4096M) 43.276ms
[2025-08-01T03:50:56.832+0000] GC(1380) User=0.28s Sys=0.01s Real=0.04s
[2025-08-01T03:50:56.882+0000] GC(1378) Concurrent Rebuild Remembered Sets and Scrub Regions 108.674ms
[2025-08-01T03:50:56.882+0000] GC(1378) Pause Cleanup
[2025-08-01T03:50:56.883+0000] GC(1378) Pause Cleanup 1105M->1105M(4096M) 1.006ms
[2025-08-01T03:50:56.883+0000] GC(1378) User=0.00s Sys=0.00s Real=0.01s
[2025-08-01T03:50:56.883+0000] GC(1378) Concurrent Clear Claimed Marks
[2025-08-01T03:50:56.884+0000] GC(1378) Concurrent Clear Claimed Marks 0.062ms
[2025-08-01T03:50:56.884+0000] GC(1378) Concurrent Cleanup for Next Mark
[2025-08-01T03:50:56.891+0000] GC(1378) Concurrent Cleanup for Next Mark 7.470ms
[2025-08-01T03:50:56.891+0000] GC(1378) Concurrent Mark Cycle 233.118ms
[2025-08-01T03:50:57.106+0000] GC(1381) Pause Young (Prepare Mixed) (G1 Evacuation Pause)
[2025-08-01T03:50:57.106+0000] GC(1381) Using 8 workers of 8 for evacuation
[2025-08-01T03:50:57.269+0000] GC(1381)   Pre Evacuate Collection Set: 0.9ms
[2025-08-01T03:50:57.270+0000] GC(1381)   Merge Heap Roots: 0.5ms
[2025-08-01T03:50:57.270+0000] GC(1381)   Evacuate Collection Set: 160.9ms
[2025-08-01T03:50:57.270+0000] GC(1381)   Post Evacuate Collection Set: 1.0ms
[2025-08-01T03:50:57.270+0000] GC(1381)   Other: 0.1ms
[2025-08-01T03:50:57.270+0000] GC(1381) Eden regions: 615->0(487)
[2025-08-01T03:50:57.270+0000] GC(1381) Survivor regions: 13->79(79)
[2025-08-01T03:50:57.270+0000] GC(1381) Old regions: 367->650
[2025-08-01T03:50:57.270+0000] GC(1381) Humongous regions: 0->0
[2025-08-01T03:50:57.270+0000] GC(1381) Metaspace: 10593K(10816K)->10593K(10816K) NonClass: 9335K(9472K)->9335K(9472K) Class: 1258K(1344K)->1258K(1344K)
[2025-08-01T03:50:57.270+0000] GC(1381) Pause Young (Prepare Mixed) (G1 Evacuation Pause) 1988M->1456M(4096M) 163.654ms
[2025-08-01T03:50:57.270+0000] GC(1381) User=1.24s Sys=0.03s Real=0.16s
[2025-08-01T03:50:57.472+0000] GC(1382) Pause Young (Mixed) (G1 Evacuation Pause)
[2025-08-01T03:50:57.472+0000] GC(1382) Using 8 workers of 8 for evacuation
[2025-08-01T03:50:57.732+0000] GC(1382) MMU target violated: 201.0ms (200.0ms/201.0ms)
[2025-08-01T03:50:57.732+0000] GC(1382)   Pre Evacuate Collection Set: 1.3ms
[2025-08-01T03:50:57.732+0000] GC(1382)   Merge Heap Roots: 0.6ms
[2025-08-01T03:50:57.732+0000] GC(1382)   Evacuate Collection Set: 257.6ms
[2025-08-01T03:50:57.732+0000] GC(1382)   Post Evacuate Collection Set: 0.8ms
[2025-08-01T03:50:57.732+0000] GC(1382)   Other: 0.2ms
[2025-08-01T03:50:57.732+0000] GC(1382) Eden regions: 487->0(317)
[2025-08-01T03:50:57.732+0000] GC(1382) Survivor regions: 79->71(71)
[2025-08-01T03:50:57.732+0000] GC(1382) Old regions: 650->1019
[2025-08-01T03:50:57.732+0000] GC(1382) Humongous regions: 0->0
[2025-08-01T03:50:57.732+0000] GC(1382) Metaspace: 10593K(10816K)->10593K(10816K) NonClass: 9335K(9472K)->9335K(9472K) Class: 1258K(1344K)->1258K(1344K)
[2025-08-01T03:50:57.732+0000] GC(1382) Pause Young (Mixed) (G1 Evacuation Pause) 2430M->2178M(4096M) 260.740ms
[2025-08-01T03:50:57.732+0000] GC(1382) User=1.93s Sys=0.07s Real=0.26s
[2025-08-01T03:50:57.841+0000] GC(1383) Pause Young (Concurrent Start) (G1 Evacuation Pause)
[2025-08-01T03:50:57.841+0000] GC(1383) Using 8 workers of 8 for evacuation
[2025-08-01T03:50:58.015+0000] GC(1383)   Pre Evacuate Collection Set: 1.5ms
[2025-08-01T03:50:58.015+0000] GC(1383)   Merge Heap Roots: 0.5ms
[2025-08-01T03:50:58.015+0000] GC(1383)   Evacuate Collection Set: 170.2ms
[2025-08-01T03:50:58.015+0000] GC(1383)   Post Evacuate Collection Set: 1.1ms
[2025-08-01T03:50:58.015+0000] GC(1383)   Other: 0.5ms
[2025-08-01T03:50:58.015+0000] GC(1383) Eden regions: 317->0(240)
[2025-08-01T03:50:58.015+0000] GC(1383) Survivor regions: 71->49(49)
[2025-08-01T03:50:58.015+0000] GC(1383) Old regions: 1019->1267
[2025-08-01T03:50:58.015+0000] GC(1383) Humongous regions: 0->0
[2025-08-01T03:50:58.015+0000] GC(1383) Metaspace: 10593K(10816K)->10593K(10816K) NonClass: 9335K(9472K)->9335K(9472K) Class: 1258K(1344K)->1258K(1344K)
[2025-08-01T03:50:58.015+0000] GC(1383) Pause Young (Concurrent Start) (G1 Evacuation Pause) 2812M->2631M(4096M) 174.124ms
[2025-08-01T03:50:58.015+0000] GC(1383) User=1.31s Sys=0.03s Real=0.18s
[2025-08-01T03:50:58.015+0000] GC(1384) Concurrent Mark Cycle
[2025-08-01T03:50:58.015+0000] GC(1384) Concurrent Scan Root Regions
[2025-08-01T03:50:58.072+0000] GC(1384) Concurrent Scan Root Regions 56.986ms
[2025-08-01T03:50:58.072+0000] GC(1384) Concurrent Mark
[2025-08-01T03:50:58.072+0000] GC(1384) Concurrent Mark From Roots
[2025-08-01T03:50:58.072+0000] GC(1384) Using 2 workers of 2 for marking
[2025-08-01T03:50:58.113+0000] GC(1385) Pause Young (Normal) (G1 Evacuation Pause)
[2025-08-01T03:50:58.113+0000] GC(1385) Using 8 workers of 8 for evacuation
[2025-08-01T03:50:58.161+0000] GC(1385)   Pre Evacuate Collection Set: 2.2ms
[2025-08-01T03:50:58.161+0000] GC(1385)   Merge Heap Roots: 0.2ms
[2025-08-01T03:50:58.162+0000] GC(1385)   Evacuate Collection Set: 44.0ms
[2025-08-01T03:50:58.162+0000] GC(1385)   Post Evacuate Collection Set: 1.8ms
[2025-08-01T03:50:58.162+0000] GC(1385)   Other: 0.1ms
[2025-08-01T03:50:58.162+0000] GC(1385) Eden regions: 240->0(221)
[2025-08-01T03:50:58.162+0000] GC(1385) Survivor regions: 49->37(37)
[2025-08-01T03:50:58.162+0000] GC(1385) Old regions: 1267->1361
[2025-08-01T03:50:58.162+0000] GC(1385) Humongous regions: 0->0
[2025-08-01T03:50:58.162+0000] GC(1385) Metaspace: 10593K(10816K)->10593K(10816K) NonClass: 9335K(9472K)->9335K(9472K) Class: 1258K(1344K)->1258K(1344K)
[2025-08-01T03:50:58.162+0000] GC(1385) Pause Young (Normal) (G1 Evacuation Pause) 3111M->2794M(4096M) 48.690ms
[2025-08-01T03:50:58.162+0000] GC(1385) User=0.34s Sys=0.02s Real=0.04s
[2025-08-01T03:50:58.238+0000] GC(1384) Concurrent Mark From Roots 166.080ms
[2025-08-01T03:50:58.238+0000] GC(1384) Concurrent Preclean
[2025-08-01T03:50:58.238+0000] GC(1384) Concurrent Preclean 0.035ms
[2025-08-01T03:50:58.239+0000] GC(1384) Pause Remark
[2025-08-01T03:50:58.243+0000] GC(1384) Pause Remark 3171M->1915M(4096M) 4.040ms
[2025-08-01T03:50:58.243+0000] GC(1384) User=0.01s Sys=0.00s Real=0.00s
[2025-08-01T03:50:58.243+0000] GC(1384) Concurrent Mark 171.001ms
[2025-08-01T03:50:58.243+0000] GC(1384) Concurrent Rebuild Remembered Sets and Scrub Regions
[2025-08-01T03:50:58.250+0000] GC(1386) Pause Young (Normal) (G1 Evacuation Pause)
[2025-08-01T03:50:58.250+0000] GC(1386) Using 8 workers of 8 for evacuation
[2025-08-01T03:50:58.335+0000] GC(1386)   Pre Evacuate Collection Set: 0.8ms
[2025-08-01T03:50:58.336+0000] GC(1386)   Merge Heap Roots: 0.2ms
[2025-08-01T03:50:58.336+0000] GC(1386)   Evacuate Collection Set: 82.7ms
[2025-08-01T03:50:58.336+0000] GC(1386)   Post Evacuate Collection Set: 1.3ms
[2025-08-01T03:50:58.336+0000] GC(1386)   Other: 0.1ms
[2025-08-01T03:50:58.336+0000] GC(1386) Eden regions: 221->0(353)
[2025-08-01T03:50:58.336+0000] GC(1386) Survivor regions: 37->33(33)
[2025-08-01T03:50:58.336+0000] GC(1386) Old regions: 733->960
[2025-08-01T03:50:58.336+0000] GC(1386) Humongous regions: 0->0
[2025-08-01T03:50:58.336+0000] GC(1386) Metaspace: 10593K(10816K)->10593K(10816K) NonClass: 9335K(9472K)->9335K(9472K) Class: 1258K(1344K)->1258K(1344K)
[2025-08-01T03:50:58.336+0000] GC(1386) Pause Young (Normal) (G1 Evacuation Pause) 1980M->1984M(4096M) 85.460ms
[2025-08-01T03:50:58.336+0000] GC(1386) User=0.62s Sys=0.01s Real=0.09s
[2025-08-01T03:50:58.495+0000] GC(1384) Concurrent Rebuild Remembered Sets and Scrub Regions 251.818ms
[2025-08-01T03:50:58.495+0000] GC(1384) Pause Cleanup
[2025-08-01T03:50:58.496+0000] GC(1384) Pause Cleanup 2641M->2641M(4096M) 0.958ms
[2025-08-01T03:50:58.496+0000] GC(1384) User=0.01s Sys=0.00s Real=0.00s
[2025-08-01T03:50:58.496+0000] GC(1384) Concurrent Clear Claimed Marks
[2025-08-01T03:50:58.496+0000] GC(1384) Concurrent Clear Claimed Marks 0.036ms
[2025-08-01T03:50:58.496+0000] GC(1384) Concurrent Cleanup for Next Mark
[2025-08-01T03:50:58.506+0000] GC(1384) Concurrent Cleanup for Next Mark 9.702ms
[2025-08-01T03:50:58.506+0000] GC(1384) Concurrent Mark Cycle 491.093ms
[2025-08-01T03:50:58.509+0000] GC(1387) Pause Young (Prepare Mixed) (G1 Evacuation Pause)
[2025-08-01T03:50:58.509+0000] GC(1387) Using 8 workers of 8 for evacuation
[2025-08-01T03:50:58.613+0000] GC(1387)   Pre Evacuate Collection Set: 1.3ms
[2025-08-01T03:50:58.613+0000] GC(1387)   Merge Heap Roots: 0.4ms
[2025-08-01T03:50:58.613+0000] GC(1387)   Evacuate Collection Set: 101.0ms
[2025-08-01T03:50:58.613+0000] GC(1387)   Post Evacuate Collection Set: 1.1ms
[2025-08-01T03:50:58.613+0000] GC(1387)   Other: 0.1ms
[2025-08-01T03:50:58.613+0000] GC(1387) Eden regions: 353->0(263)
[2025-08-01T03:50:58.613+0000] GC(1387) Survivor regions: 33->49(49)
[2025-08-01T03:50:58.613+0000] GC(1387) Old regions: 960->1208
[2025-08-01T03:50:58.613+0000] GC(1387) Humongous regions: 0->0
[2025-08-01T03:50:58.613+0000] GC(1387) Metaspace: 10593K(10816K)->10593K(10816K) NonClass: 9335K(9472K)->9335K(9472K) Class: 1258K(1344K)->1258K(1344K)
[2025-08-01T03:50:58.613+0000] GC(1387) Pause Young (Prepare Mixed) (G1 Evacuation Pause) 2690M->2513M(4096M) 104.157ms
[2025-08-01T03:50:58.613+0000] GC(1387) User=0.77s Sys=0.02s Real=0.11s
[2025-08-01T03:50:58.719+0000] GC(1388) Pause Young (Mixed) (G1 Evacuation Pause)
[2025-08-01T03:50:58.719+0000] GC(1388) Using 8 workers of 8 for evacuation
[2025-08-01T03:50:58.829+0000] GC(1388)   Pre Evacuate Collection Set: 1.2ms
[2025-08-01T03:50:58.830+0000] GC(1388)   Merge Heap Roots: 0.3ms
[2025-08-01T03:50:58.830+0000] GC(1388)   Evacuate Collection Set: 106.7ms
[2025-08-01T03:50:58.830+0000] GC(1388)   Post Evacuate Collection Set: 1.8ms
[2025-08-01T03:50:58.830+0000] GC(1388)   Other: 0.1ms
[2025-08-01T03:50:58.830+0000] GC(1388) Eden regions: 263->0(191)
[2025-08-01T03:50:58.830+0000] GC(1388) Survivor regions: 49->39(39)
[2025-08-01T03:50:58.830+0000] GC(1388) Old regions: 1208->1419
[2025-08-01T03:50:58.830+0000] GC(1388) Humongous regions: 0->0
[2025-08-01T03:50:58.830+0000] GC(1388) Metaspace: 10593K(10816K)->10593K(10816K) NonClass: 9335K(9472K)->9335K(9472K) Class: 1258K(1344K)->1258K(1344K)
[2025-08-01T03:50:58.830+0000] GC(1388) Pause Young (Mixed) (G1 Evacuation Pause) 3039M->2915M(4096M) 110.357ms
[2025-08-01T03:50:58.830+0000] GC(1388) User=0.77s Sys=0.03s Real=0.11s
[2025-08-01T03:50:58.917+0000] GC(1389) Pause Young (Concurrent Start) (G1 Evacuation Pause)
[2025-08-01T03:50:58.917+0000] GC(1389) Using 8 workers of 8 for evacuation
[2025-08-01T03:50:59.003+0000] GC(1389)   Pre Evacuate Collection Set: 0.6ms
[2025-08-01T03:50:59.003+0000] GC(1389)   Merge Heap Roots: 0.2ms
[2025-08-01T03:50:59.003+0000] GC(1389)   Evacuate Collection Set: 83.3ms
[2025-08-01T03:50:59.003+0000] GC(1389)   Post Evacuate Collection Set: 1.4ms
[2025-08-01T03:50:59.003+0000] GC(1389)   Other: 0.2ms
[2025-08-01T03:50:59.003+0000] GC(1389) Eden regions: 191->0(146)
[2025-08-01T03:50:59.003+0000] GC(1389) Survivor regions: 39->29(29)
[2025-08-01T03:50:59.003+0000] GC(1389) Old regions: 1419->1565
[2025-08-01T03:50:59.003+0000] GC(1389) Humongous regions: 0->0
[2025-08-01T03:50:59.003+0000] GC(1389) Metaspace: 10593K(10816K)->10593K(10816K) NonClass: 9335K(9472K)->9335K(9472K) Class: 1258K(1344K)->1258K(1344K)
[2025-08-01T03:50:59.003+0000] GC(1389) Pause Young (Concurrent Start) (G1 Evacuation Pause) 3297M->3187M(4096M) 85.930ms
[2025-08-01T03:50:59.003+0000] GC(1390) Concurrent Mark Cycle
[2025-08-01T03:50:59.003+0000] GC(1390) Concurrent Scan Root Regions
[2025-08-01T03:50:59.003+0000] GC(1389) User=0.62s Sys=0.03s Real=0.08s
[2025-08-01T03:50:59.040+0000] GC(1390) Concurrent Scan Root Regions 37.304ms
[2025-08-01T03:50:59.040+0000] GC(1390) Concurrent Mark
[2025-08-01T03:50:59.040+0000] GC(1390) Concurrent Mark From Roots
[2025-08-01T03:50:59.040+0000] GC(1390) Using 2 workers of 2 for marking
[2025-08-01T03:50:59.086+0000] GC(1391) Pause Young (Normal) (G1 Evacuation Pause)
[2025-08-01T03:50:59.086+0000] GC(1391) Using 8 workers of 8 for evacuation
[2025-08-01T03:50:59.149+0000] GC(1391)   Pre Evacuate Collection Set: 0.8ms
[2025-08-01T03:50:59.149+0000] GC(1391)   Merge Heap Roots: 0.2ms
[2025-08-01T03:50:59.149+0000] GC(1391)   Evacuate Collection Set: 61.1ms
[2025-08-01T03:50:59.149+0000] GC(1391)   Post Evacuate Collection Set: 0.7ms
[2025-08-01T03:50:59.149+0000] GC(1391)   Other: 0.1ms
[2025-08-01T03:50:59.149+0000] GC(1391) Eden regions: 146->0(94)
[2025-08-01T03:50:59.149+0000] GC(1391) Survivor regions: 29->22(22)
[2025-08-01T03:50:59.149+0000] GC(1391) Old regions: 1565->1721
[2025-08-01T03:50:59.149+0000] GC(1391) Humongous regions: 0->0
[2025-08-01T03:50:59.149+0000] GC(1391) Metaspace: 10593K(10816K)->10593K(10816K) NonClass: 9335K(9472K)->9335K(9472K) Class: 1258K(1344K)->1258K(1344K)
[2025-08-01T03:50:59.149+0000] GC(1391) Pause Young (Normal) (G1 Evacuation Pause) 3479M->3484M(4096M) 63.080ms
[2025-08-01T03:50:59.149+0000] GC(1391) User=0.44s Sys=0.00s Real=0.06s
[2025-08-01T03:50:59.169+0000] GC(1390) Concurrent Mark From Roots 128.396ms
[2025-08-01T03:50:59.169+0000] GC(1390) Concurrent Preclean
[2025-08-01T03:50:59.169+0000] GC(1390) Concurrent Preclean 0.026ms
[2025-08-01T03:50:59.170+0000] GC(1390) Pause Remark
[2025-08-01T03:50:59.174+0000] GC(1390) Pause Remark 3662M->1178M(4096M) 4.164ms
[2025-08-01T03:50:59.174+0000] GC(1390) User=0.01s Sys=0.01s Real=0.01s
[2025-08-01T03:50:59.174+0000] GC(1390) Concurrent Mark 133.849ms
[2025-08-01T03:50:59.174+0000] GC(1390) Concurrent Rebuild Remembered Sets and Scrub Regions
[2025-08-01T03:50:59.177+0000] GC(1392) Pause Young (Normal) (G1 Evacuation Pause)
[2025-08-01T03:50:59.177+0000] GC(1392) Using 8 workers of 8 for evacuation
[2025-08-01T03:50:59.213+0000] GC(1392)   Pre Evacuate Collection Set: 0.8ms
[2025-08-01T03:50:59.213+0000] GC(1392)   Merge Heap Roots: 0.8ms
[2025-08-01T03:50:59.213+0000] GC(1392)   Evacuate Collection Set: 33.4ms
[2025-08-01T03:50:59.213+0000] GC(1392)   Post Evacuate Collection Set: 0.9ms
[2025-08-01T03:50:59.213+0000] GC(1392)   Other: 0.1ms
[2025-08-01T03:50:59.213+0000] GC(1392) Eden regions: 94->0(536)
[2025-08-01T03:50:59.213+0000] GC(1392) Survivor regions: 22->15(15)
[2025-08-01T03:50:59.213+0000] GC(1392) Old regions: 479->581
[2025-08-01T03:50:59.213+0000] GC(1392) Humongous regions: 0->0
[2025-08-01T03:50:59.213+0000] GC(1392) Metaspace: 10593K(10816K)->10593K(10816K) NonClass: 9335K(9472K)->9335K(9472K) Class: 1258K(1344K)->1258K(1344K)
[2025-08-01T03:50:59.213+0000] GC(1392) Pause Young (Normal) (G1 Evacuation Pause) 1188M->1191M(4096M) 36.329ms
[2025-08-01T03:50:59.213+0000] GC(1392) User=0.26s Sys=0.00s Real=0.04s
[2025-08-01T03:50:59.308+0000] GC(1390) Concurrent Rebuild Remembered Sets and Scrub Regions 134.061ms
[2025-08-01T03:50:59.309+0000] GC(1390) Pause Cleanup
[2025-08-01T03:50:59.309+0000] GC(1390) Pause Cleanup 1691M->1691M(4096M) 0.905ms
[2025-08-01T03:50:59.309+0000] GC(1390) User=0.00s Sys=0.00s Real=0.00s
[2025-08-01T03:50:59.310+0000] GC(1390) Concurrent Clear Claimed Marks
[2025-08-01T03:50:59.310+0000] GC(1390) Concurrent Clear Claimed Marks 0.051ms
[2025-08-01T03:50:59.310+0000] GC(1390) Concurrent Cleanup for Next Mark
[2025-08-01T03:50:59.324+0000] GC(1390) Concurrent Cleanup for Next Mark 14.739ms
[2025-08-01T03:50:59.325+0000] GC(1390) Concurrent Mark Cycle 321.707ms
[2025-08-01T03:50:59.417+0000] GC(1393) Pause Young (Prepare Mixed) (G1 Evacuation Pause)
[2025-08-01T03:50:59.417+0000] GC(1393) Using 8 workers of 8 for evacuation
[2025-08-01T03:50:59.479+0000] GC(1393)   Pre Evacuate Collection Set: 1.2ms
[2025-08-01T03:50:59.479+0000] GC(1393)   Merge Heap Roots: 0.2ms
[2025-08-01T03:50:59.479+0000] GC(1393)   Evacuate Collection Set: 59.1ms
[2025-08-01T03:50:59.480+0000] GC(1393)   Post Evacuate Collection Set: 1.8ms
[2025-08-01T03:50:59.480+0000] GC(1393)   Other: 0.1ms
[2025-08-01T03:50:59.480+0000] GC(1393) Eden regions: 536->0(529)
[2025-08-01T03:50:59.480+0000] GC(1393) Survivor regions: 15->69(69)
[2025-08-01T03:50:59.480+0000] GC(1393) Old regions: 581->639
[2025-08-01T03:50:59.480+0000] GC(1393) Humongous regions: 0->0
[2025-08-01T03:50:59.480+0000] GC(1393) Metaspace: 10593K(10816K)->10593K(10816K) NonClass: 9335K(9472K)->9335K(9472K) Class: 1258K(1344K)->1258K(1344K)
[2025-08-01T03:50:59.480+0000] GC(1393) Pause Young (Prepare Mixed) (G1 Evacuation Pause) 2263M->1414M(4096M) 62.740ms
[2025-08-01T03:50:59.480+0000] GC(1393) User=0.45s Sys=0.02s Real=0.06s
[2025-08-01T03:50:59.686+0000] GC(1394) Pause Young (Mixed) (G1 Evacuation Pause)
[2025-08-01T03:50:59.686+0000] GC(1394) Using 8 workers of 8 for evacuation
[2025-08-01T03:50:59.893+0000] GC(1394) MMU target violated: 201.0ms (200.0ms/201.0ms)
[2025-08-01T03:50:59.893+0000] GC(1394)   Pre Evacuate Collection Set: 1.3ms
[2025-08-01T03:50:59.893+0000] GC(1394)   Merge Heap Roots: 1.0ms
[2025-08-01T03:50:59.893+0000] GC(1394)   Evacuate Collection Set: 203.3ms
[2025-08-01T03:50:59.893+0000] GC(1394)   Post Evacuate Collection Set: 1.0ms
[2025-08-01T03:50:59.893+0000] GC(1394)   Other: 0.2ms
[2025-08-01T03:50:59.893+0000] GC(1394) Eden regions: 527->0(270)
[2025-08-01T03:50:59.893+0000] GC(1394) Survivor regions: 69->75(75)
[2025-08-01T03:50:59.893+0000] GC(1394) Old regions: 639->1146
[2025-08-01T03:50:59.893+0000] GC(1394) Humongous regions: 0->0
[2025-08-01T03:50:59.893+0000] GC(1394) Metaspace: 10593K(10816K)->10593K(10816K) NonClass: 9335K(9472K)->9335K(9472K) Class: 1258K(1344K)->1258K(1344K)
[2025-08-01T03:50:59.893+0000] GC(1394) Pause Young (Mixed) (G1 Evacuation Pause) 2468M->2440M(4096M) 207.028ms
[2025-08-01T03:50:59.893+0000] GC(1394) User=1.53s Sys=0.04s Real=0.21s
[2025-08-01T03:50:59.992+0000] GC(1395) Pause Young (Concurrent Start) (G1 Evacuation Pause)
[2025-08-01T03:50:59.993+0000] GC(1395) Using 8 workers of 8 for evacuation
[2025-08-01T03:51:00.112+0000] GC(1395)   Pre Evacuate Collection Set: 1.0ms
[2025-08-01T03:51:00.112+0000] GC(1395)   Merge Heap Roots: 0.3ms
[2025-08-01T03:51:00.112+0000] GC(1395)   Evacuate Collection Set: 117.0ms
[2025-08-01T03:51:00.112+0000] GC(1395)   Post Evacuate Collection Set: 1.0ms
[2025-08-01T03:51:00.112+0000] GC(1395)   Other: 0.4ms
[2025-08-01T03:51:00.112+0000] GC(1395) Eden regions: 270->0(222)
[2025-08-01T03:51:00.112+0000] GC(1395) Survivor regions: 75->44(44)
[2025-08-01T03:51:00.112+0000] GC(1395) Old regions: 1146->1322
[2025-08-01T03:51:00.112+0000] GC(1395) Humongous regions: 0->0
[2025-08-01T03:51:00.112+0000] GC(1395) Metaspace: 10593K(10816K)->10593K(10816K) NonClass: 9335K(9472K)->9335K(9472K) Class: 1258K(1344K)->1258K(1344K)
[2025-08-01T03:51:00.112+0000] GC(1395) Pause Young (Concurrent Start) (G1 Evacuation Pause) 2980M->2730M(4096M) 119.908ms
[2025-08-01T03:51:00.112+0000] GC(1395) User=0.89s Sys=0.03s Real=0.12s
[2025-08-01T03:51:00.112+0000] GC(1396) Concurrent Mark Cycle
[2025-08-01T03:51:00.113+0000] GC(1396) Concurrent Scan Root Regions
[2025-08-01T03:51:00.155+0000] GC(1396) Concurrent Scan Root Regions 42.773ms
[2025-08-01T03:51:00.155+0000] GC(1396) Concurrent Mark
[2025-08-01T03:51:00.155+0000] GC(1396) Concurrent Mark From Roots
[2025-08-01T03:51:00.155+0000] GC(1396) Using 2 workers of 2 for marking
[2025-08-01T03:51:00.203+0000] GC(1397) Pause Young (Normal) (G1 Evacuation Pause)
[2025-08-01T03:51:00.203+0000] GC(1397) Using 8 workers of 8 for evacuation
[2025-08-01T03:51:00.259+0000] GC(1397)   Pre Evacuate Collection Set: 0.4ms
[2025-08-01T03:51:00.259+0000] GC(1397)   Merge Heap Roots: 0.1ms
[2025-08-01T03:51:00.259+0000] GC(1397)   Evacuate Collection Set: 53.3ms
[2025-08-01T03:51:00.259+0000] GC(1397)   Post Evacuate Collection Set: 1.4ms
[2025-08-01T03:51:00.259+0000] GC(1397)   Other: 0.1ms
[2025-08-01T03:51:00.259+0000] GC(1397) Eden regions: 222->0(171)
[2025-08-01T03:51:00.259+0000] GC(1397) Survivor regions: 44->34(34)
[2025-08-01T03:51:00.259+0000] GC(1397) Old regions: 1322->1480
[2025-08-01T03:51:00.259+0000] GC(1397) Humongous regions: 0->0
[2025-08-01T03:51:00.259+0000] GC(1397) Metaspace: 10593K(10816K)->10593K(10816K) NonClass: 9335K(9472K)->9335K(9472K) Class: 1258K(1344K)->1258K(1344K)
[2025-08-01T03:51:00.259+0000] GC(1397) Pause Young (Normal) (G1 Evacuation Pause) 3174M->3027M(4096M) 55.533ms
[2025-08-01T03:51:00.259+0000] GC(1397) User=0.43s Sys=0.00s Real=0.05s
[2025-08-01T03:51:00.325+0000] GC(1396) Concurrent Mark From Roots 169.212ms
[2025-08-01T03:51:00.325+0000] GC(1396) Concurrent Preclean
[2025-08-01T03:51:00.325+0000] GC(1396) Concurrent Preclean 0.029ms
[2025-08-01T03:51:00.325+0000] GC(1396) Pause Remark
[2025-08-01T03:51:00.331+0000] GC(1396) Pause Remark 3237M->1671M(4096M) 5.305ms
[2025-08-01T03:51:00.331+0000] GC(1396) User=0.01s Sys=0.01s Real=0.00s
[2025-08-01T03:51:00.331+0000] GC(1396) Concurrent Mark 175.491ms
[2025-08-01T03:51:00.331+0000] GC(1396) Concurrent Rebuild Remembered Sets and Scrub Regions
[2025-08-01T03:51:00.346+0000] GC(1398) Pause Young (Normal) (G1 Evacuation Pause)
[2025-08-01T03:51:00.346+0000] GC(1398) Using 8 workers of 8 for evacuation
[2025-08-01T03:51:00.441+0000] GC(1398)   Pre Evacuate Collection Set: 1.5ms
[2025-08-01T03:51:00.441+0000] GC(1398)   Merge Heap Roots: 0.4ms
[2025-08-01T03:51:00.441+0000] GC(1398)   Evacuate Collection Set: 92.4ms
[2025-08-01T03:51:00.441+0000] GC(1398)   Post Evacuate Collection Set: 1.0ms
[2025-08-01T03:51:00.441+0000] GC(1398)   Other: 0.1ms
[2025-08-01T03:51:00.441+0000] GC(1398) Eden regions: 171->0(397)
[2025-08-01T03:51:00.441+0000] GC(1398) Survivor regions: 34->26(26)
[2025-08-01T03:51:00.441+0000] GC(1398) Old regions: 697->879
[2025-08-01T03:51:00.442+0000] GC(1398) Humongous regions: 0->0
[2025-08-01T03:51:00.442+0000] GC(1398) Metaspace: 10593K(10816K)->10593K(10816K) NonClass: 9335K(9472K)->9335K(9472K) Class: 1258K(1344K)->1258K(1344K)
[2025-08-01T03:51:00.442+0000] GC(1398) Pause Young (Normal) (G1 Evacuation Pause) 1803M->1808M(4096M) 95.645ms
[2025-08-01T03:51:00.442+0000] GC(1398) User=0.69s Sys=0.03s Real=0.09s
[2025-08-01T03:51:00.593+0000] GC(1396) Concurrent Rebuild Remembered Sets and Scrub Regions 262.214ms
[2025-08-01T03:51:00.593+0000] GC(1396) Pause Cleanup
[2025-08-01T03:51:00.595+0000] GC(1396) Pause Cleanup 2345M->2345M(4096M) 1.188ms
[2025-08-01T03:51:00.595+0000] GC(1396) User=0.00s Sys=0.00s Real=0.00s
[2025-08-01T03:51:00.595+0000] GC(1396) Concurrent Clear Claimed Marks
[2025-08-01T03:51:00.595+0000] GC(1396) Concurrent Clear Claimed Marks 0.052ms
[2025-08-01T03:51:00.595+0000] GC(1396) Concurrent Cleanup for Next Mark
[2025-08-01T03:51:00.612+0000] GC(1396) Concurrent Cleanup for Next Mark 16.656ms
[2025-08-01T03:51:00.612+0000] GC(1396) Concurrent Mark Cycle 499.533ms
[2025-08-01T03:51:00.628+0000] GC(1399) Pause Young (Prepare Mixed) (G1 Evacuation Pause)
[2025-08-01T03:51:00.628+0000] GC(1399) Using 8 workers of 8 for evacuation
[2025-08-01T03:51:00.757+0000] GC(1399)   Pre Evacuate Collection Set: 0.6ms
[2025-08-01T03:51:00.757+0000] GC(1399)   Merge Heap Roots: 0.2ms
[2025-08-01T03:51:00.757+0000] GC(1399)   Evacuate Collection Set: 127.1ms
[2025-08-01T03:51:00.757+0000] GC(1399)   Post Evacuate Collection Set: 1.0ms
[2025-08-01T03:51:00.757+0000] GC(1399)   Other: 0.1ms
[2025-08-01T03:51:00.757+0000] GC(1399) Eden regions: 397->0(274)
[2025-08-01T03:51:00.757+0000] GC(1399) Survivor regions: 26->53(53)
[2025-08-01T03:51:00.757+0000] GC(1399) Old regions: 879->1169
[2025-08-01T03:51:00.757+0000] GC(1399) Humongous regions: 0->0
[2025-08-01T03:51:00.757+0000] GC(1399) Metaspace: 10593K(10816K)->10593K(10816K) NonClass: 9335K(9472K)->9335K(9472K) Class: 1258K(1344K)->1258K(1344K)
[2025-08-01T03:51:00.758+0000] GC(1399) Pause Young (Prepare Mixed) (G1 Evacuation Pause) 2602M->2442M(4096M) 129.284ms
[2025-08-01T03:51:00.758+0000] GC(1399) User=0.96s Sys=0.02s Real=0.13s
[2025-08-01T03:51:00.905+0000] GC(1400) Pause Young (Mixed) (G1 Evacuation Pause)
[2025-08-01T03:51:00.905+0000] GC(1400) Using 8 workers of 8 for evacuation
[2025-08-01T03:51:00.984+0000] GC(1400)   Pre Evacuate Collection Set: 0.9ms
[2025-08-01T03:51:00.984+0000] GC(1400)   Merge Heap Roots: 0.2ms
[2025-08-01T03:51:00.984+0000] GC(1400)   Evacuate Collection Set: 76.2ms
[2025-08-01T03:51:00.984+0000] GC(1400)   Post Evacuate Collection Set: 1.0ms
[2025-08-01T03:51:00.984+0000] GC(1400)   Other: 0.1ms
[2025-08-01T03:51:00.984+0000] GC(1400) Eden regions: 274->0(254)
[2025-08-01T03:51:00.984+0000] GC(1400) Survivor regions: 53->41(41)
[2025-08-01T03:51:00.984+0000] GC(1400) Old regions: 1169->1265
[2025-08-01T03:51:00.984+0000] GC(1400) Humongous regions: 0->0
[2025-08-01T03:51:00.984+0000] GC(1400) Metaspace: 10593K(10816K)->10593K(10816K) NonClass: 9335K(9472K)->9335K(9472K) Class: 1258K(1344K)->1258K(1344K)
[2025-08-01T03:51:00.984+0000] GC(1400) Pause Young (Mixed) (G1 Evacuation Pause) 2990M->2611M(4096M) 78.629ms
[2025-08-01T03:51:00.984+0000] GC(1400) User=0.47s Sys=0.04s Real=0.08s
[2025-08-01T03:51:01.080+0000] GC(1401) Pause Young (Concurrent Start) (G1 Evacuation Pause)
[2025-08-01T03:51:01.080+0000] GC(1401) Using 8 workers of 8 for evacuation
[2025-08-01T03:51:01.226+0000] GC(1401)   Pre Evacuate Collection Set: 1.0ms
[2025-08-01T03:51:01.226+0000] GC(1401)   Merge Heap Roots: 0.2ms
[2025-08-01T03:51:01.226+0000] GC(1401)   Evacuate Collection Set: 143.5ms
[2025-08-01T03:51:01.226+0000] GC(1401)   Post Evacuate Collection Set: 0.9ms
[2025-08-01T03:51:01.226+0000] GC(1401)   Other: 0.2ms
[2025-08-01T03:51:01.226+0000] GC(1401) Eden regions: 254->0(153)
[2025-08-01T03:51:01.226+0000] GC(1401) Survivor regions: 41->37(37)
[2025-08-01T03:51:01.226+0000] GC(1401) Old regions: 1265->1525
[2025-08-01T03:51:01.226+0000] GC(1401) Humongous regions: 0->0
[2025-08-01T03:51:01.226+0000] GC(1401) Metaspace: 10593K(10816K)->10593K(10816K) NonClass: 9335K(9472K)->9335K(9472K) Class: 1258K(1344K)->1258K(1344K)
[2025-08-01T03:51:01.226+0000] GC(1401) Pause Young (Concurrent Start) (G1 Evacuation Pause) 3119M->3122M(4096M) 146.075ms
[2025-08-01T03:51:01.226+0000] GC(1401) User=1.06s Sys=0.04s Real=0.15s
[2025-08-01T03:51:01.226+0000] GC(1402) Concurrent Mark Cycle
[2025-08-01T03:51:01.226+0000] GC(1402) Concurrent Scan Root Regions
[2025-08-01T03:51:01.285+0000] GC(1402) Concurrent Scan Root Regions 58.357ms
[2025-08-01T03:51:01.285+0000] GC(1402) Concurrent Mark
[2025-08-01T03:51:01.285+0000] GC(1402) Concurrent Mark From Roots
[2025-08-01T03:51:01.285+0000] GC(1402) Using 2 workers of 2 for marking
[2025-08-01T03:51:01.304+0000] GC(1403) Pause Young (Normal) (G1 Evacuation Pause)
[2025-08-01T03:51:01.304+0000] GC(1403) Using 8 workers of 8 for evacuation
[2025-08-01T03:51:01.380+0000] GC(1403)   Pre Evacuate Collection Set: 1.0ms
[2025-08-01T03:51:01.380+0000] GC(1403)   Merge Heap Roots: 0.2ms
[2025-08-01T03:51:01.380+0000] GC(1403)   Evacuate Collection Set: 73.7ms
[2025-08-01T03:51:01.380+0000] GC(1403)   Post Evacuate Collection Set: 1.0ms
[2025-08-01T03:51:01.380+0000] GC(1403)   Other: 0.2ms
[2025-08-01T03:51:01.380+0000] GC(1403) Eden regions: 153->0(102)
[2025-08-01T03:51:01.380+0000] GC(1403) Survivor regions: 37->24(24)
[2025-08-01T03:51:01.380+0000] GC(1403) Old regions: 1525->1693
[2025-08-01T03:51:01.380+0000] GC(1403) Humongous regions: 0->0
[2025-08-01T03:51:01.380+0000] GC(1403) Metaspace: 10593K(10816K)->10593K(10816K) NonClass: 9335K(9472K)->9335K(9472K) Class: 1258K(1344K)->1258K(1344K)
[2025-08-01T03:51:01.380+0000] GC(1403) Pause Young (Normal) (G1 Evacuation Pause) 3428M->3432M(4096M) 76.492ms
[2025-08-01T03:51:01.380+0000] GC(1403) User=0.57s Sys=0.02s Real=0.07s
[2025-08-01T03:51:01.411+0000] GC(1404) Pause Young (Normal) (G1 Evacuation Pause)
[2025-08-01T03:51:01.411+0000] GC(1404) Using 8 workers of 8 for evacuation
[2025-08-01T03:51:01.454+0000] GC(1404)   Pre Evacuate Collection Set: 0.8ms
[2025-08-01T03:51:01.454+0000] GC(1404)   Merge Heap Roots: 0.2ms
[2025-08-01T03:51:01.454+0000] GC(1404)   Evacuate Collection Set: 41.6ms
[2025-08-01T03:51:01.454+0000] GC(1404)   Post Evacuate Collection Set: 1.1ms
[2025-08-01T03:51:01.455+0000] GC(1404)   Other: 0.1ms
[2025-08-01T03:51:01.455+0000] GC(1404) Eden regions: 102->0(86)
[2025-08-01T03:51:01.455+0000] GC(1404) Survivor regions: 24->16(16)
[2025-08-01T03:51:01.455+0000] GC(1404) Old regions: 1693->1804
[2025-08-01T03:51:01.455+0000] GC(1404) Humongous regions: 0->0
[2025-08-01T03:51:01.455+0000] GC(1404) Metaspace: 10593K(10816K)->10593K(10816K) NonClass: 9335K(9472K)->9335K(9472K) Class: 1258K(1344K)->1258K(1344K)
[2025-08-01T03:51:01.455+0000] GC(1404) Pause Young (Normal) (G1 Evacuation Pause) 3636M->3639M(4096M) 44.058ms
[2025-08-01T03:51:01.455+0000] GC(1404) User=0.33s Sys=0.00s Real=0.05s
[2025-08-01T03:51:01.479+0000] GC(1402) Concurrent Mark From Roots 194.061ms
[2025-08-01T03:51:01.479+0000] GC(1402) Concurrent Preclean
[2025-08-01T03:51:01.479+0000] GC(1402) Concurrent Preclean 0.023ms
[2025-08-01T03:51:01.479+0000] GC(1402) Pause Remark
[2025-08-01T03:51:01.484+0000] GC(1402) Pause Remark 3715M->1595M(4096M) 4.958ms
[2025-08-01T03:51:01.484+0000] GC(1402) User=0.02s Sys=0.00s Real=0.01s
[2025-08-01T03:51:01.484+0000] GC(1402) Concurrent Mark 199.422ms
[2025-08-01T03:51:01.484+0000] GC(1402) Concurrent Rebuild Remembered Sets and Scrub Regions
[2025-08-01T03:51:01.522+0000] GC(1405) Pause Young (Normal) (G1 Evacuation Pause)
[2025-08-01T03:51:01.522+0000] GC(1405) Using 8 workers of 8 for evacuation
[2025-08-01T03:51:01.553+0000] GC(1405)   Pre Evacuate Collection Set: 1.3ms
[2025-08-01T03:51:01.553+0000] GC(1405)   Merge Heap Roots: 0.2ms
[2025-08-01T03:51:01.553+0000] GC(1405)   Evacuate Collection Set: 28.4ms
[2025-08-01T03:51:01.553+0000] GC(1405)   Post Evacuate Collection Set: 1.1ms
[2025-08-01T03:51:01.554+0000] GC(1405)   Other: 0.1ms
[2025-08-01T03:51:01.554+0000] GC(1405) Eden regions: 86->0(408)
[2025-08-01T03:51:01.554+0000] GC(1405) Survivor regions: 16->13(13)
[2025-08-01T03:51:01.554+0000] GC(1405) Old regions: 744->799
[2025-08-01T03:51:01.554+0000] GC(1405) Humongous regions: 0->0
[2025-08-01T03:51:01.554+0000] GC(1405) Metaspace: 10593K(10816K)->10593K(10816K) NonClass: 9335K(9472K)->9335K(9472K) Class: 1258K(1344K)->1258K(1344K)
[2025-08-01T03:51:01.554+0000] GC(1405) Pause Young (Normal) (G1 Evacuation Pause) 1691M->1623M(4096M) 31.296ms
[2025-08-01T03:51:01.554+0000] GC(1405) User=0.22s Sys=0.01s Real=0.04s
[2025-08-01T03:51:01.700+0000] GC(1402) Concurrent Rebuild Remembered Sets and Scrub Regions 216.114ms
[2025-08-01T03:51:01.701+0000] GC(1402) Pause Cleanup
[2025-08-01T03:51:01.702+0000] GC(1402) Pause Cleanup 2248M->2248M(4096M) 0.928ms
[2025-08-01T03:51:01.702+0000] GC(1402) User=0.00s Sys=0.00s Real=0.00s
[2025-08-01T03:51:01.702+0000] GC(1402) Concurrent Clear Claimed Marks
[2025-08-01T03:51:01.702+0000] GC(1402) Concurrent Clear Claimed Marks 0.063ms
[2025-08-01T03:51:01.702+0000] GC(1402) Concurrent Cleanup for Next Mark
[2025-08-01T03:51:01.711+0000] GC(1402) Concurrent Cleanup for Next Mark 8.865ms
[2025-08-01T03:51:01.711+0000] GC(1402) Concurrent Mark Cycle 484.727ms
[2025-08-01T03:51:01.733+0000] GC(1406) Pause Young (Prepare Mixed) (G1 Evacuation Pause)
[2025-08-01T03:51:01.733+0000] GC(1406) Using 8 workers of 8 for evacuation
[2025-08-01T03:51:01.834+0000] GC(1406)   Pre Evacuate Collection Set: 0.9ms
[2025-08-01T03:51:01.834+0000] GC(1406)   Merge Heap Roots: 0.4ms
[2025-08-01T03:51:01.834+0000] GC(1406)   Evacuate Collection Set: 98.3ms
[2025-08-01T03:51:01.834+0000] GC(1406)   Post Evacuate Collection Set: 1.3ms
[2025-08-01T03:51:01.834+0000] GC(1406)   Other: 0.1ms
[2025-08-01T03:51:01.834+0000] GC(1406) Eden regions: 408->0(332)
[2025-08-01T03:51:01.834+0000] GC(1406) Survivor regions: 13->53(53)
[2025-08-01T03:51:01.834+0000] GC(1406) Old regions: 799->1014
[2025-08-01T03:51:01.834+0000] GC(1406) Humongous regions: 0->0
[2025-08-01T03:51:01.834+0000] GC(1406) Metaspace: 10593K(10816K)->10593K(10816K) NonClass: 9335K(9472K)->9335K(9472K) Class: 1258K(1344K)->1258K(1344K)
[2025-08-01T03:51:01.834+0000] GC(1406) Pause Young (Prepare Mixed) (G1 Evacuation Pause) 2439M->2133M(4096M) 101.285ms
[2025-08-01T03:51:01.834+0000] GC(1406) User=0.75s Sys=0.03s Real=0.10s
[2025-08-01T03:51:01.995+0000] GC(1407) Pause Young (Mixed) (G1 Evacuation Pause)
[2025-08-01T03:51:01.995+0000] GC(1407) Using 8 workers of 8 for evacuation
[2025-08-01T03:51:02.192+0000] GC(1407)   Pre Evacuate Collection Set: 1.8ms
[2025-08-01T03:51:02.192+0000] GC(1407)   Merge Heap Roots: 5.1ms
[2025-08-01T03:51:02.192+0000] GC(1407)   Evacuate Collection Set: 188.6ms
[2025-08-01T03:51:02.192+0000] GC(1407)   Post Evacuate Collection Set: 0.9ms
[2025-08-01T03:51:02.192+0000] GC(1407)   Other: 0.2ms
[2025-08-01T03:51:02.192+0000] GC(1407) Eden regions: 332->0(208)
[2025-08-01T03:51:02.192+0000] GC(1407) Survivor regions: 53->49(49)
[2025-08-01T03:51:02.192+0000] GC(1407) Old regions: 1014->1342
[2025-08-01T03:51:02.192+0000] GC(1407) Humongous regions: 0->0
[2025-08-01T03:51:02.192+0000] GC(1407) Metaspace: 10593K(10816K)->10593K(10816K) NonClass: 9335K(9472K)->9335K(9472K) Class: 1258K(1344K)->1258K(1344K)
[2025-08-01T03:51:02.192+0000] GC(1407) Pause Young (Mixed) (G1 Evacuation Pause) 2797M->2780M(4096M) 196.795ms
[2025-08-01T03:51:02.192+0000] GC(1407) User=1.25s Sys=0.09s Real=0.19s
[2025-08-01T03:51:02.279+0000] GC(1408) Pause Young (Concurrent Start) (G1 Evacuation Pause)
[2025-08-01T03:51:02.280+0000] GC(1408) Using 8 workers of 8 for evacuation
[2025-08-01T03:51:02.332+0000] GC(1408)   Pre Evacuate Collection Set: 0.9ms
[2025-08-01T03:51:02.332+0000] GC(1408)   Merge Heap Roots: 0.2ms
[2025-08-01T03:51:02.332+0000] GC(1408)   Evacuate Collection Set: 49.9ms
[2025-08-01T03:51:02.332+0000] GC(1408)   Post Evacuate Collection Set: 1.3ms
[2025-08-01T03:51:02.332+0000] GC(1408)   Other: 0.2ms
[2025-08-01T03:51:02.332+0000] GC(1408) Eden regions: 208->0(190)
[2025-08-01T03:51:02.332+0000] GC(1408) Survivor regions: 49->33(33)
[2025-08-01T03:51:02.332+0000] GC(1408) Old regions: 1342->1438
[2025-08-01T03:51:02.332+0000] GC(1408) Humongous regions: 0->0
[2025-08-01T03:51:02.333+0000] GC(1408) Metaspace: 10593K(10816K)->10593K(10816K) NonClass: 9335K(9472K)->9335K(9472K) Class: 1258K(1344K)->1258K(1344K)
[2025-08-01T03:51:02.333+0000] GC(1408) Pause Young (Concurrent Start) (G1 Evacuation Pause) 3196M->2941M(4096M) 53.153ms
[2025-08-01T03:51:02.333+0000] GC(1408) User=0.39s Sys=0.02s Real=0.05s
[2025-08-01T03:51:02.333+0000] GC(1409) Concurrent Mark Cycle
[2025-08-01T03:51:02.333+0000] GC(1409) Concurrent Scan Root Regions
[2025-08-01T03:51:02.365+0000] GC(1409) Concurrent Scan Root Regions 32.622ms
[2025-08-01T03:51:02.365+0000] GC(1409) Concurrent Mark
[2025-08-01T03:51:02.365+0000] GC(1409) Concurrent Mark From Roots
[2025-08-01T03:51:02.365+0000] GC(1409) Using 2 workers of 2 for marking
[2025-08-01T03:51:02.418+0000] GC(1410) Pause Young (Normal) (G1 Evacuation Pause)
[2025-08-01T03:51:02.418+0000] GC(1410) Using 8 workers of 8 for evacuation
[2025-08-01T03:51:02.482+0000] GC(1410)   Pre Evacuate Collection Set: 1.0ms
[2025-08-01T03:51:02.482+0000] GC(1410)   Merge Heap Roots: 0.4ms
[2025-08-01T03:51:02.482+0000] GC(1410)   Evacuate Collection Set: 62.3ms
[2025-08-01T03:51:02.482+0000] GC(1410)   Post Evacuate Collection Set: 0.9ms
[2025-08-01T03:51:02.482+0000] GC(1410)   Other: 0.1ms
[2025-08-01T03:51:02.482+0000] GC(1410) Eden regions: 190->0(145)
[2025-08-01T03:51:02.483+0000] GC(1410) Survivor regions: 33->28(28)
[2025-08-01T03:51:02.483+0000] GC(1410) Old regions: 1438->1577
[2025-08-01T03:51:02.483+0000] GC(1410) Humongous regions: 0->0
[2025-08-01T03:51:02.483+0000] GC(1410) Metaspace: 10593K(10816K)->10593K(10816K) NonClass: 9335K(9472K)->9335K(9472K) Class: 1258K(1344K)->1258K(1344K)
[2025-08-01T03:51:02.483+0000] GC(1410) Pause Young (Normal) (G1 Evacuation Pause) 3321M->3208M(4096M) 65.035ms
[2025-08-01T03:51:02.483+0000] GC(1410) User=0.47s Sys=0.03s Real=0.06s
[2025-08-01T03:51:02.532+0000] GC(1409) Concurrent Mark From Roots 166.380ms
[2025-08-01T03:51:02.532+0000] GC(1409) Concurrent Preclean
[2025-08-01T03:51:02.532+0000] GC(1409) Concurrent Preclean 0.026ms
[2025-08-01T03:51:02.532+0000] GC(1409) Pause Remark
[2025-08-01T03:51:02.536+0000] GC(1409) Pause Remark 3457M->1573M(4096M) 3.918ms
[2025-08-01T03:51:02.536+0000] GC(1409) User=0.01s Sys=0.00s Real=0.01s
[2025-08-01T03:51:02.536+0000] GC(1409) Concurrent Mark 170.758ms
[2025-08-01T03:51:02.536+0000] GC(1409) Concurrent Rebuild Remembered Sets and Scrub Regions
[2025-08-01T03:51:02.550+0000] GC(1411) Pause Young (Normal) (G1 Evacuation Pause)
[2025-08-01T03:51:02.550+0000] GC(1411) Using 8 workers of 8 for evacuation
[2025-08-01T03:51:02.607+0000] GC(1411)   Pre Evacuate Collection Set: 0.6ms
[2025-08-01T03:51:02.607+0000] GC(1411)   Merge Heap Roots: 0.2ms
[2025-08-01T03:51:02.607+0000] GC(1411)   Evacuate Collection Set: 54.4ms
[2025-08-01T03:51:02.607+0000] GC(1411)   Post Evacuate Collection Set: 1.0ms
[2025-08-01T03:51:02.607+0000] GC(1411)   Other: 0.1ms
[2025-08-01T03:51:02.607+0000] GC(1411) Eden regions: 145->0(439)
[2025-08-01T03:51:02.607+0000] GC(1411) Survivor regions: 28->22(22)
[2025-08-01T03:51:02.607+0000] GC(1411) Old regions: 635->761
[2025-08-01T03:51:02.607+0000] GC(1411) Humongous regions: 0->0
[2025-08-01T03:51:02.607+0000] GC(1411) Metaspace: 10593K(10816K)->10593K(10816K) NonClass: 9335K(9472K)->9335K(9472K) Class: 1258K(1344K)->1258K(1344K)
[2025-08-01T03:51:02.607+0000] GC(1411) Pause Young (Normal) (G1 Evacuation Pause) 1614M->1565M(4096M) 56.592ms
[2025-08-01T03:51:02.607+0000] GC(1411) User=0.41s Sys=0.02s Real=0.06s
[2025-08-01T03:51:02.724+0000] GC(1409) Concurrent Rebuild Remembered Sets and Scrub Regions 187.943ms
[2025-08-01T03:51:02.725+0000] GC(1409) Pause Cleanup
[2025-08-01T03:51:02.726+0000] GC(1409) Pause Cleanup 2238M->2238M(4096M) 1.575ms
[2025-08-01T03:51:02.726+0000] GC(1409) User=0.01s Sys=0.00s Real=0.00s
[2025-08-01T03:51:02.727+0000] GC(1409) Concurrent Clear Claimed Marks
[2025-08-01T03:51:02.727+0000] GC(1409) Concurrent Clear Claimed Marks 0.055ms
[2025-08-01T03:51:02.727+0000] GC(1409) Concurrent Cleanup for Next Mark
[2025-08-01T03:51:02.734+0000] GC(1409) Concurrent Cleanup for Next Mark 7.748ms
[2025-08-01T03:51:02.735+0000] GC(1409) Concurrent Mark Cycle 401.849ms
[2025-08-01T03:51:02.786+0000] GC(1412) Pause Young (Prepare Mixed) (G1 Evacuation Pause)
[2025-08-01T03:51:02.787+0000] GC(1412) Using 8 workers of 8 for evacuation
[2025-08-01T03:51:02.951+0000] GC(1412)   Pre Evacuate Collection Set: 1.4ms
[2025-08-01T03:51:02.951+0000] GC(1412)   Merge Heap Roots: 0.3ms
[2025-08-01T03:51:02.951+0000] GC(1412)   Evacuate Collection Set: 161.5ms
[2025-08-01T03:51:02.951+0000] GC(1412)   Post Evacuate Collection Set: 1.1ms
[2025-08-01T03:51:02.951+0000] GC(1412)   Other: 0.1ms
[2025-08-01T03:51:02.951+0000] GC(1412) Eden regions: 439->0(265)
[2025-08-01T03:51:02.951+0000] GC(1412) Survivor regions: 22->58(58)
[2025-08-01T03:51:02.951+0000] GC(1412) Old regions: 761->1166
[2025-08-01T03:51:02.951+0000] GC(1412) Humongous regions: 0->0
[2025-08-01T03:51:02.951+0000] GC(1412) Metaspace: 10593K(10816K)->10593K(10816K) NonClass: 9335K(9472K)->9335K(9472K) Class: 1258K(1344K)->1258K(1344K)
[2025-08-01T03:51:02.951+0000] GC(1412) Pause Young (Prepare Mixed) (G1 Evacuation Pause) 2443M->2446M(4096M) 164.797ms
[2025-08-01T03:51:02.951+0000] GC(1412) User=1.25s Sys=0.03s Real=0.16s
[2025-08-01T03:51:03.050+0000] GC(1413) Pause Young (Mixed) (G1 Evacuation Pause)
[2025-08-01T03:51:03.050+0000] GC(1413) Using 8 workers of 8 for evacuation
[2025-08-01T03:51:03.183+0000] GC(1413)   Pre Evacuate Collection Set: 1.0ms
[2025-08-01T03:51:03.183+0000] GC(1413)   Merge Heap Roots: 0.2ms
[2025-08-01T03:51:03.183+0000] GC(1413)   Evacuate Collection Set: 131.3ms
[2025-08-01T03:51:03.183+0000] GC(1413)   Post Evacuate Collection Set: 0.9ms
[2025-08-01T03:51:03.183+0000] GC(1413)   Other: 0.1ms
[2025-08-01T03:51:03.183+0000] GC(1413) Eden regions: 265->0(221)
[2025-08-01T03:51:03.183+0000] GC(1413) Survivor regions: 58->41(41)
[2025-08-01T03:51:03.183+0000] GC(1413) Old regions: 1166->1322
[2025-08-01T03:51:03.183+0000] GC(1413) Humongous regions: 0->0
[2025-08-01T03:51:03.183+0000] GC(1413) Metaspace: 10593K(10816K)->10593K(10816K) NonClass: 9335K(9472K)->9335K(9472K) Class: 1258K(1344K)->1258K(1344K)
[2025-08-01T03:51:03.183+0000] GC(1413) Pause Young (Mixed) (G1 Evacuation Pause) 2976M->2725M(4096M) 133.755ms
[2025-08-01T03:51:03.183+0000] GC(1413) User=0.93s Sys=0.06s Real=0.14s
[2025-08-01T03:51:03.278+0000] GC(1414) Pause Young (Concurrent Start) (G1 Evacuation Pause)
[2025-08-01T03:51:03.278+0000] GC(1414) Using 8 workers of 8 for evacuation
[2025-08-01T03:51:03.368+0000] GC(1414)   Pre Evacuate Collection Set: 1.7ms
[2025-08-01T03:51:03.368+0000] GC(1414)   Merge Heap Roots: 0.3ms
[2025-08-01T03:51:03.368+0000] GC(1414)   Evacuate Collection Set: 86.6ms
[2025-08-01T03:51:03.368+0000] GC(1414)   Post Evacuate Collection Set: 1.2ms
[2025-08-01T03:51:03.368+0000] GC(1414)   Other: 0.2ms
[2025-08-01T03:51:03.368+0000] GC(1414) Eden regions: 221->0(155)
[2025-08-01T03:51:03.368+0000] GC(1414) Survivor regions: 41->33(33)
[2025-08-01T03:51:03.368+0000] GC(1414) Old regions: 1322->1517
[2025-08-01T03:51:03.368+0000] GC(1414) Humongous regions: 0->0
[2025-08-01T03:51:03.368+0000] GC(1414) Metaspace: 10593K(10816K)->10593K(10816K) NonClass: 9335K(9472K)->9335K(9472K) Class: 1258K(1344K)->1258K(1344K)
[2025-08-01T03:51:03.368+0000] GC(1414) Pause Young (Concurrent Start) (G1 Evacuation Pause) 3167M->3098M(4096M) 90.240ms
[2025-08-01T03:51:03.368+0000] GC(1415) Concurrent Mark Cycle
[2025-08-01T03:51:03.368+0000] GC(1415) Concurrent Scan Root Regions
[2025-08-01T03:51:03.368+0000] GC(1414) User=0.66s Sys=0.02s Real=0.09s
[2025-08-01T03:51:03.410+0000] GC(1415) Concurrent Scan Root Regions 42.293ms
[2025-08-01T03:51:03.410+0000] GC(1415) Concurrent Mark
[2025-08-01T03:51:03.410+0000] GC(1415) Concurrent Mark From Roots
[2025-08-01T03:51:03.410+0000] GC(1415) Using 2 workers of 2 for marking
[2025-08-01T03:51:03.440+0000] GC(1416) Pause Young (Normal) (G1 Evacuation Pause)
[2025-08-01T03:51:03.440+0000] GC(1416) Using 8 workers of 8 for evacuation
[2025-08-01T03:51:03.519+0000] GC(1416)   Pre Evacuate Collection Set: 0.7ms
[2025-08-01T03:51:03.519+0000] GC(1416)   Merge Heap Roots: 0.2ms
[2025-08-01T03:51:03.519+0000] GC(1416)   Evacuate Collection Set: 77.0ms
[2025-08-01T03:51:03.519+0000] GC(1416)   Post Evacuate Collection Set: 0.8ms
[2025-08-01T03:51:03.519+0000] GC(1416)   Other: 0.1ms
[2025-08-01T03:51:03.519+0000] GC(1416) Eden regions: 155->0(106)
[2025-08-01T03:51:03.519+0000] GC(1416) Survivor regions: 33->24(24)
[2025-08-01T03:51:03.519+0000] GC(1416) Old regions: 1517->1682
[2025-08-01T03:51:03.519+0000] GC(1416) Humongous regions: 0->0
[2025-08-01T03:51:03.519+0000] GC(1416) Metaspace: 10593K(10816K)->10593K(10816K) NonClass: 9335K(9472K)->9335K(9472K) Class: 1258K(1344K)->1258K(1344K)
[2025-08-01T03:51:03.519+0000] GC(1416) Pause Young (Normal) (G1 Evacuation Pause) 3408M->3411M(4096M) 79.065ms
[2025-08-01T03:51:03.519+0000] GC(1416) User=0.58s Sys=0.03s Real=0.08s
[2025-08-01T03:51:03.531+0000] GC(1415) Concurrent Mark From Roots 120.658ms
[2025-08-01T03:51:03.531+0000] GC(1415) Concurrent Preclean
[2025-08-01T03:51:03.531+0000] GC(1415) Concurrent Preclean 0.026ms
[2025-08-01T03:51:03.531+0000] GC(1415) Pause Remark
[2025-08-01T03:51:03.536+0000] GC(1415) Pause Remark 3539M->1119M(4096M) 4.205ms
[2025-08-01T03:51:03.536+0000] GC(1415) User=0.01s Sys=0.00s Real=0.01s
[2025-08-01T03:51:03.536+0000] GC(1415) Concurrent Mark 125.460ms
[2025-08-01T03:51:03.536+0000] GC(1415) Concurrent Rebuild Remembered Sets and Scrub Regions
[2025-08-01T03:51:03.547+0000] GC(1417) Pause Young (Normal) (G1 Evacuation Pause)
[2025-08-01T03:51:03.547+0000] GC(1417) Using 8 workers of 8 for evacuation
[2025-08-01T03:51:03.593+0000] GC(1417)   Pre Evacuate Collection Set: 0.6ms
[2025-08-01T03:51:03.593+0000] GC(1417)   Merge Heap Roots: 0.1ms
[2025-08-01T03:51:03.593+0000] GC(1417)   Evacuate Collection Set: 44.1ms
[2025-08-01T03:51:03.593+0000] GC(1417)   Post Evacuate Collection Set: 0.9ms
[2025-08-01T03:51:03.593+0000] GC(1417)   Other: 0.1ms
[2025-08-01T03:51:03.593+0000] GC(1417) Eden regions: 106->0(497)
[2025-08-01T03:51:03.593+0000] GC(1417) Survivor regions: 24->17(17)
[2025-08-01T03:51:03.593+0000] GC(1417) Old regions: 472->586
[2025-08-01T03:51:03.593+0000] GC(1417) Humongous regions: 0->0
[2025-08-01T03:51:03.593+0000] GC(1417) Metaspace: 10593K(10816K)->10593K(10816K) NonClass: 9335K(9472K)->9335K(9472K) Class: 1258K(1344K)->1258K(1344K)
[2025-08-01T03:51:03.593+0000] GC(1417) Pause Young (Normal) (G1 Evacuation Pause) 1203M->1204M(4096M) 46.142ms
[2025-08-01T03:51:03.593+0000] GC(1417) User=0.34s Sys=0.01s Real=0.04s
[2025-08-01T03:51:03.688+0000] GC(1415) Concurrent Rebuild Remembered Sets and Scrub Regions 151.759ms
[2025-08-01T03:51:03.688+0000] GC(1415) Pause Cleanup
[2025-08-01T03:51:03.689+0000] GC(1415) Pause Cleanup 1708M->1708M(4096M) 1.094ms
[2025-08-01T03:51:03.689+0000] GC(1415) User=0.00s Sys=0.00s Real=0.00s
[2025-08-01T03:51:03.689+0000] GC(1415) Concurrent Clear Claimed Marks
[2025-08-01T03:51:03.689+0000] GC(1415) Concurrent Clear Claimed Marks 0.043ms
[2025-08-01T03:51:03.689+0000] GC(1415) Concurrent Cleanup for Next Mark
[2025-08-01T03:51:03.699+0000] GC(1415) Concurrent Cleanup for Next Mark 9.784ms
[2025-08-01T03:51:03.699+0000] GC(1415) Concurrent Mark Cycle 331.241ms
[2025-08-01T03:51:03.802+0000] GC(1418) Pause Young (Prepare Mixed) (G1 Evacuation Pause)
[2025-08-01T03:51:03.802+0000] GC(1418) Using 8 workers of 8 for evacuation
[2025-08-01T03:51:03.854+0000] GC(1418)   Pre Evacuate Collection Set: 0.9ms
[2025-08-01T03:51:03.854+0000] GC(1418)   Merge Heap Roots: 0.2ms
[2025-08-01T03:51:03.854+0000] GC(1418)   Evacuate Collection Set: 48.8ms
[2025-08-01T03:51:03.854+0000] GC(1418)   Post Evacuate Collection Set: 1.2ms
[2025-08-01T03:51:03.854+0000] GC(1418)   Other: 0.2ms
[2025-08-01T03:51:03.854+0000] GC(1418) Eden regions: 497->0(444)
[2025-08-01T03:51:03.854+0000] GC(1418) Survivor regions: 17->65(65)
[2025-08-01T03:51:03.854+0000] GC(1418) Old regions: 586->644
[2025-08-01T03:51:03.854+0000] GC(1418) Humongous regions: 0->0
[2025-08-01T03:51:03.854+0000] GC(1418) Metaspace: 10593K(10816K)->10593K(10816K) NonClass: 9335K(9472K)->9335K(9472K) Class: 1258K(1344K)->1258K(1344K)
[2025-08-01T03:51:03.854+0000] GC(1418) Pause Young (Prepare Mixed) (G1 Evacuation Pause) 2198M->1416M(4096M) 51.471ms
[2025-08-01T03:51:03.854+0000] GC(1418) User=0.38s Sys=0.01s Real=0.06s
[2025-08-01T03:51:04.036+0000] GC(1419) Pause Young (Mixed) (G1 Evacuation Pause)
[2025-08-01T03:51:04.036+0000] GC(1419) Using 8 workers of 8 for evacuation
[2025-08-01T03:51:04.244+0000] GC(1419) MMU target violated: 201.0ms (200.0ms/201.0ms)
[2025-08-01T03:51:04.244+0000] GC(1419)   Pre Evacuate Collection Set: 0.9ms
[2025-08-01T03:51:04.244+0000] GC(1419)   Merge Heap Roots: 0.2ms
[2025-08-01T03:51:04.244+0000] GC(1419)   Evacuate Collection Set: 205.8ms
[2025-08-01T03:51:04.244+0000] GC(1419)   Post Evacuate Collection Set: 0.9ms
[2025-08-01T03:51:04.244+0000] GC(1419)   Other: 0.2ms
[2025-08-01T03:51:04.244+0000] GC(1419) Eden regions: 444->0(295)
[2025-08-01T03:51:04.244+0000] GC(1419) Survivor regions: 65->64(64)
[2025-08-01T03:51:04.244+0000] GC(1419) Old regions: 644->1089
[2025-08-01T03:51:04.244+0000] GC(1419) Humongous regions: 0->0
[2025-08-01T03:51:04.244+0000] GC(1419) Metaspace: 10593K(10816K)->10593K(10816K) NonClass: 9335K(9472K)->9335K(9472K) Class: 1258K(1344K)->1258K(1344K)
[2025-08-01T03:51:04.244+0000] GC(1419) Pause Young (Mixed) (G1 Evacuation Pause) 2304M->2304M(4096M) 208.341ms
[2025-08-01T03:51:04.244+0000] GC(1419) User=1.53s Sys=0.06s Real=0.21s
[2025-08-01T03:51:04.391+0000] GC(1420) Pause Young (Mixed) (G1 Evacuation Pause)
[2025-08-01T03:51:04.391+0000] GC(1420) Using 8 workers of 8 for evacuation
[2025-08-01T03:51:04.541+0000] GC(1420)   Pre Evacuate Collection Set: 1.4ms
[2025-08-01T03:51:04.541+0000] GC(1420)   Merge Heap Roots: 0.3ms
[2025-08-01T03:51:04.541+0000] GC(1420)   Evacuate Collection Set: 145.8ms
[2025-08-01T03:51:04.541+0000] GC(1420)   Post Evacuate Collection Set: 2.0ms
[2025-08-01T03:51:04.541+0000] GC(1420)   Other: 0.2ms
[2025-08-01T03:51:04.541+0000] GC(1420) Eden regions: 295->0(258)
[2025-08-01T03:51:04.541+0000] GC(1420) Survivor regions: 64->45(45)
[2025-08-01T03:51:04.541+0000] GC(1420) Old regions: 1089->1246
[2025-08-01T03:51:04.541+0000] GC(1420) Humongous regions: 0->0
[2025-08-01T03:51:04.541+0000] GC(1420) Metaspace: 10593K(10816K)->10593K(10816K) NonClass: 9335K(9472K)->9335K(9472K) Class: 1258K(1344K)->1258K(1344K)
[2025-08-01T03:51:04.541+0000] GC(1420) Pause Young (Mixed) (G1 Evacuation Pause) 2894M->2581M(4096M) 150.037ms
[2025-08-01T03:51:04.541+0000] GC(1420) User=1.10s Sys=0.04s Real=0.15s
[2025-08-01T03:51:04.649+0000] GC(1421) Pause Young (Concurrent Start) (G1 Evacuation Pause)
[2025-08-01T03:51:04.650+0000] GC(1421) Using 8 workers of 8 for evacuation
[2025-08-01T03:51:04.726+0000] GC(1421)   Pre Evacuate Collection Set: 1.0ms
[2025-08-01T03:51:04.726+0000] GC(1421)   Merge Heap Roots: 0.6ms
[2025-08-01T03:51:04.726+0000] GC(1421)   Evacuate Collection Set: 72.5ms
[2025-08-01T03:51:04.726+0000] GC(1421)   Post Evacuate Collection Set: 2.0ms
[2025-08-01T03:51:04.726+0000] GC(1421)   Other: 0.2ms
[2025-08-01T03:51:04.726+0000] GC(1421) Eden regions: 258->0(203)
[2025-08-01T03:51:04.726+0000] GC(1421) Survivor regions: 45->38(38)
[2025-08-01T03:51:04.726+0000] GC(1421) Old regions: 1246->1407
[2025-08-01T03:51:04.726+0000] GC(1421) Humongous regions: 0->0
[2025-08-01T03:51:04.726+0000] GC(1421) Metaspace: 10593K(10816K)->10593K(10816K) NonClass: 9335K(9472K)->9335K(9472K) Class: 1258K(1344K)->1258K(1344K)
[2025-08-01T03:51:04.726+0000] GC(1421) Pause Young (Concurrent Start) (G1 Evacuation Pause) 3097M->2888M(4096M) 76.668ms
[2025-08-01T03:51:04.726+0000] GC(1421) User=0.55s Sys=0.02s Real=0.08s
[2025-08-01T03:51:04.726+0000] GC(1422) Concurrent Mark Cycle
[2025-08-01T03:51:04.726+0000] GC(1422) Concurrent Scan Root Regions
[2025-08-01T03:51:04.769+0000] GC(1422) Concurrent Scan Root Regions 42.519ms
[2025-08-01T03:51:04.769+0000] GC(1422) Concurrent Mark
[2025-08-01T03:51:04.769+0000] GC(1422) Concurrent Mark From Roots
[2025-08-01T03:51:04.769+0000] GC(1422) Using 2 workers of 2 for marking
[2025-08-01T03:51:04.797+0000] GC(1422) Concurrent Mark From Roots 28.082ms
[2025-08-01T03:51:04.797+0000] GC(1422) Concurrent Preclean
[2025-08-01T03:51:04.797+0000] GC(1422) Concurrent Preclean 0.027ms
[2025-08-01T03:51:04.797+0000] GC(1422) Pause Remark
[2025-08-01T03:51:04.801+0000] GC(1422) Pause Remark 3146M->820M(4096M) 3.255ms
[2025-08-01T03:51:04.801+0000] GC(1422) User=0.01s Sys=0.00s Real=0.00s
[2025-08-01T03:51:04.801+0000] GC(1422) Concurrent Mark 31.986ms
[2025-08-01T03:51:04.801+0000] GC(1422) Concurrent Rebuild Remembered Sets and Scrub Regions
[2025-08-01T03:51:04.814+0000] GC(1423) Pause Young (Normal) (G1 Evacuation Pause)
[2025-08-01T03:51:04.814+0000] GC(1423) Using 8 workers of 8 for evacuation
[2025-08-01T03:51:04.893+0000] GC(1423)   Pre Evacuate Collection Set: 0.8ms
[2025-08-01T03:51:04.893+0000] GC(1423)   Merge Heap Roots: 0.3ms
[2025-08-01T03:51:04.893+0000] GC(1423)   Evacuate Collection Set: 76.2ms
[2025-08-01T03:51:04.893+0000] GC(1423)   Post Evacuate Collection Set: 1.2ms
[2025-08-01T03:51:04.893+0000] GC(1423)   Other: 0.1ms
[2025-08-01T03:51:04.893+0000] GC(1423) Eden regions: 203->0(569)
[2025-08-01T03:51:04.893+0000] GC(1423) Survivor regions: 38->31(31)
[2025-08-01T03:51:04.893+0000] GC(1423) Old regions: 244->456
[2025-08-01T03:51:04.893+0000] GC(1423) Humongous regions: 0->0
[2025-08-01T03:51:04.893+0000] GC(1423) Metaspace: 10593K(10816K)->10593K(10816K) NonClass: 9335K(9472K)->9335K(9472K) Class: 1258K(1344K)->1258K(1344K)
[2025-08-01T03:51:04.893+0000] GC(1423) Pause Young (Normal) (G1 Evacuation Pause) 968M->972M(4096M) 78.892ms
[2025-08-01T03:51:04.893+0000] GC(1423) User=0.60s Sys=0.00s Real=0.08s
[2025-08-01T03:51:04.931+0000] GC(1422) Concurrent Rebuild Remembered Sets and Scrub Regions 130.327ms
[2025-08-01T03:51:04.932+0000] GC(1422) Pause Cleanup
[2025-08-01T03:51:04.932+0000] GC(1422) Pause Cleanup 1134M->1134M(4096M) 0.662ms
[2025-08-01T03:51:04.932+0000] GC(1422) User=0.00s Sys=0.00s Real=0.00s
[2025-08-01T03:51:04.932+0000] GC(1422) Concurrent Clear Claimed Marks
[2025-08-01T03:51:04.932+0000] GC(1422) Concurrent Clear Claimed Marks 0.038ms
[2025-08-01T03:51:04.932+0000] GC(1422) Concurrent Cleanup for Next Mark
[2025-08-01T03:51:04.941+0000] GC(1422) Concurrent Cleanup for Next Mark 8.384ms
[2025-08-01T03:51:04.941+0000] GC(1422) Concurrent Mark Cycle 214.555ms
[2025-08-01T03:51:05.145+0000] GC(1424) Pause Young (Prepare Mixed) (G1 Evacuation Pause)
[2025-08-01T03:51:05.145+0000] GC(1424) Using 8 workers of 8 for evacuation
[2025-08-01T03:51:05.268+0000] GC(1424)   Pre Evacuate Collection Set: 1.0ms
[2025-08-01T03:51:05.268+0000] GC(1424)   Merge Heap Roots: 0.2ms
[2025-08-01T03:51:05.268+0000] GC(1424)   Evacuate Collection Set: 120.5ms
[2025-08-01T03:51:05.268+0000] GC(1424)   Post Evacuate Collection Set: 1.6ms
[2025-08-01T03:51:05.268+0000] GC(1424)   Other: 0.3ms
[2025-08-01T03:51:05.268+0000] GC(1424) Eden regions: 569->0(354)
[2025-08-01T03:51:05.268+0000] GC(1424) Survivor regions: 31->75(75)
[2025-08-01T03:51:05.268+0000] GC(1424) Old regions: 456->645
[2025-08-01T03:51:05.269+0000] GC(1424) Humongous regions: 0->0
[2025-08-01T03:51:05.269+0000] GC(1424) Metaspace: 10593K(10816K)->10593K(10816K) NonClass: 9335K(9472K)->9335K(9472K) Class: 1258K(1344K)->1258K(1344K)
[2025-08-01T03:51:05.269+0000] GC(1424) Pause Young (Prepare Mixed) (G1 Evacuation Pause) 2110M->1438M(4096M) 123.881ms
[2025-08-01T03:51:05.269+0000] GC(1424) User=0.91s Sys=0.02s Real=0.12s
[2025-08-01T03:51:05.429+0000] GC(1425) Pause Young (Mixed) (G1 Evacuation Pause)
[2025-08-01T03:51:05.429+0000] GC(1425) Using 8 workers of 8 for evacuation
[2025-08-01T03:51:05.564+0000] GC(1425)   Pre Evacuate Collection Set: 1.0ms
[2025-08-01T03:51:05.564+0000] GC(1425)   Merge Heap Roots: 0.2ms
[2025-08-01T03:51:05.564+0000] GC(1425)   Evacuate Collection Set: 132.0ms
[2025-08-01T03:51:05.564+0000] GC(1425)   Post Evacuate Collection Set: 1.3ms
[2025-08-01T03:51:05.564+0000] GC(1425)   Other: 0.1ms
[2025-08-01T03:51:05.564+0000] GC(1425) Eden regions: 354->0(361)
[2025-08-01T03:51:05.564+0000] GC(1425) Survivor regions: 75->54(54)
[2025-08-01T03:51:05.564+0000] GC(1425) Old regions: 645->939
[2025-08-01T03:51:05.564+0000] GC(1425) Humongous regions: 0->0
[2025-08-01T03:51:05.564+0000] GC(1425) Metaspace: 10593K(10816K)->10593K(10816K) NonClass: 9335K(9472K)->9335K(9472K) Class: 1258K(1344K)->1258K(1344K)
[2025-08-01T03:51:05.564+0000] GC(1425) Pause Young (Mixed) (G1 Evacuation Pause) 2146M->1984M(4096M) 135.195ms
[2025-08-01T03:51:05.564+0000] GC(1425) User=0.99s Sys=0.03s Real=0.14s
[2025-08-01T03:51:05.719+0000] GC(1426) Pause Young (Concurrent Start) (G1 Evacuation Pause)
[2025-08-01T03:51:05.719+0000] GC(1426) Using 8 workers of 8 for evacuation
[2025-08-01T03:51:05.854+0000] GC(1426)   Pre Evacuate Collection Set: 1.1ms
[2025-08-01T03:51:05.855+0000] GC(1426)   Merge Heap Roots: 0.4ms
[2025-08-01T03:51:05.855+0000] GC(1426)   Evacuate Collection Set: 133.3ms
[2025-08-01T03:51:05.855+0000] GC(1426)   Post Evacuate Collection Set: 0.9ms
[2025-08-01T03:51:05.855+0000] GC(1426)   Other: 0.2ms
[2025-08-01T03:51:05.855+0000] GC(1426) Eden regions: 361->0(246)
[2025-08-01T03:51:05.855+0000] GC(1426) Survivor regions: 54->52(52)
[2025-08-01T03:51:05.855+0000] GC(1426) Old regions: 939->1242
[2025-08-01T03:51:05.855+0000] GC(1426) Humongous regions: 0->0
[2025-08-01T03:51:05.855+0000] GC(1426) Metaspace: 10593K(10816K)->10593K(10816K) NonClass: 9335K(9472K)->9335K(9472K) Class: 1258K(1344K)->1258K(1344K)
[2025-08-01T03:51:05.855+0000] GC(1426) Pause Young (Concurrent Start) (G1 Evacuation Pause) 2706M->2586M(4096M) 136.096ms
[2025-08-01T03:51:05.855+0000] GC(1426) User=1.04s Sys=0.03s Real=0.14s
[2025-08-01T03:51:05.855+0000] GC(1427) Concurrent Mark Cycle
[2025-08-01T03:51:05.855+0000] GC(1427) Concurrent Scan Root Regions
[2025-08-01T03:51:05.927+0000] GC(1427) Concurrent Scan Root Regions 72.116ms
[2025-08-01T03:51:05.927+0000] GC(1427) Concurrent Mark
[2025-08-01T03:51:05.927+0000] GC(1427) Concurrent Mark From Roots
[2025-08-01T03:51:05.927+0000] GC(1427) Using 2 workers of 2 for marking
[2025-08-01T03:51:05.948+0000] GC(1428) Pause Young (Normal) (G1 Evacuation Pause)
[2025-08-01T03:51:05.949+0000] GC(1428) Using 8 workers of 8 for evacuation
[2025-08-01T03:51:06.024+0000] GC(1428)   Pre Evacuate Collection Set: 0.8ms
[2025-08-01T03:51:06.024+0000] GC(1428)   Merge Heap Roots: 0.3ms
[2025-08-01T03:51:06.024+0000] GC(1428)   Evacuate Collection Set: 73.2ms
[2025-08-01T03:51:06.024+0000] GC(1428)   Post Evacuate Collection Set: 1.2ms
[2025-08-01T03:51:06.024+0000] GC(1428)   Other: 0.1ms
[2025-08-01T03:51:06.024+0000] GC(1428) Eden regions: 246->0(191)
[2025-08-01T03:51:06.024+0000] GC(1428) Survivor regions: 52->38(38)
[2025-08-01T03:51:06.024+0000] GC(1428) Old regions: 1242->1418
[2025-08-01T03:51:06.024+0000] GC(1428) Humongous regions: 0->0
[2025-08-01T03:51:06.024+0000] GC(1428) Metaspace: 10593K(10816K)->10593K(10816K) NonClass: 9335K(9472K)->9335K(9472K) Class: 1258K(1344K)->1258K(1344K)
[2025-08-01T03:51:06.024+0000] GC(1428) Pause Young (Normal) (G1 Evacuation Pause) 3078M->2910M(4096M) 75.889ms
[2025-08-01T03:51:06.024+0000] GC(1428) User=0.56s Sys=0.02s Real=0.08s
[2025-08-01T03:51:06.102+0000] GC(1427) Concurrent Mark From Roots 175.140ms
[2025-08-01T03:51:06.102+0000] GC(1427) Concurrent Preclean
[2025-08-01T03:51:06.102+0000] GC(1427) Concurrent Preclean 0.031ms
[2025-08-01T03:51:06.102+0000] GC(1427) Pause Remark
[2025-08-01T03:51:06.108+0000] GC(1427) Pause Remark 3268M->2070M(4096M) 5.053ms
[2025-08-01T03:51:06.108+0000] GC(1427) User=0.02s Sys=0.00s Real=0.01s
[2025-08-01T03:51:06.108+0000] GC(1427) Concurrent Mark 180.741ms
[2025-08-01T03:51:06.108+0000] GC(1427) Concurrent Rebuild Remembered Sets and Scrub Regions
[2025-08-01T03:51:06.112+0000] GC(1429) Pause Young (Normal) (G1 Evacuation Pause)
[2025-08-01T03:51:06.112+0000] GC(1429) Using 8 workers of 8 for evacuation
[2025-08-01T03:51:06.185+0000] GC(1429)   Pre Evacuate Collection Set: 0.8ms
[2025-08-01T03:51:06.185+0000] GC(1429)   Merge Heap Roots: 0.2ms
[2025-08-01T03:51:06.185+0000] GC(1429)   Evacuate Collection Set: 70.4ms
[2025-08-01T03:51:06.185+0000] GC(1429)   Post Evacuate Collection Set: 0.9ms
[2025-08-01T03:51:06.185+0000] GC(1429)   Other: 0.1ms
[2025-08-01T03:51:06.185+0000] GC(1429) Eden regions: 191->0(349)
[2025-08-01T03:51:06.185+0000] GC(1429) Survivor regions: 38->29(29)
[2025-08-01T03:51:06.185+0000] GC(1429) Old regions: 819->995
[2025-08-01T03:51:06.185+0000] GC(1429) Humongous regions: 0->0
[2025-08-01T03:51:06.185+0000] GC(1429) Metaspace: 10593K(10816K)->10593K(10816K) NonClass: 9335K(9472K)->9335K(9472K) Class: 1258K(1344K)->1258K(1344K)
[2025-08-01T03:51:06.185+0000] GC(1429) Pause Young (Normal) (G1 Evacuation Pause) 2094M->2046M(4096M) 72.665ms
[2025-08-01T03:51:06.185+0000] GC(1429) User=0.53s Sys=0.02s Real=0.08s
[2025-08-01T03:51:06.344+0000] GC(1430) Pause Young (Normal) (G1 Evacuation Pause)
[2025-08-01T03:51:06.344+0000] GC(1430) Using 8 workers of 8 for evacuation
[2025-08-01T03:51:06.462+0000] GC(1430)   Pre Evacuate Collection Set: 0.6ms
[2025-08-01T03:51:06.462+0000] GC(1430)   Merge Heap Roots: 0.3ms
[2025-08-01T03:51:06.462+0000] GC(1430)   Evacuate Collection Set: 115.8ms
[2025-08-01T03:51:06.462+0000] GC(1430)   Post Evacuate Collection Set: 1.2ms
[2025-08-01T03:51:06.462+0000] GC(1430)   Other: 0.2ms
[2025-08-01T03:51:06.462+0000] GC(1430) Eden regions: 349->0(251)
[2025-08-01T03:51:06.462+0000] GC(1430) Survivor regions: 29->48(48)
[2025-08-01T03:51:06.462+0000] GC(1430) Old regions: 995->1248
[2025-08-01T03:51:06.462+0000] GC(1430) Humongous regions: 0->0
[2025-08-01T03:51:06.462+0000] GC(1430) Metaspace: 10593K(10816K)->10593K(10816K) NonClass: 9335K(9472K)->9335K(9472K) Class: 1258K(1344K)->1258K(1344K)
[2025-08-01T03:51:06.462+0000] GC(1430) Pause Young (Normal) (G1 Evacuation Pause) 2744M->2591M(4096M) 118.515ms
[2025-08-01T03:51:06.462+0000] GC(1430) User=0.88s Sys=0.04s Real=0.11s
[2025-08-01T03:51:06.472+0000] GC(1427) Concurrent Rebuild Remembered Sets and Scrub Regions 364.452ms
[2025-08-01T03:51:06.472+0000] GC(1427) Pause Cleanup
[2025-08-01T03:51:06.474+0000] GC(1427) Pause Cleanup 2687M->2687M(4096M) 1.245ms
[2025-08-01T03:51:06.474+0000] GC(1427) User=0.01s Sys=0.00s Real=0.01s
[2025-08-01T03:51:06.474+0000] GC(1427) Concurrent Clear Claimed Marks
[2025-08-01T03:51:06.474+0000] GC(1427) Concurrent Clear Claimed Marks 0.049ms
[2025-08-01T03:51:06.474+0000] GC(1427) Concurrent Cleanup for Next Mark
[2025-08-01T03:51:06.485+0000] GC(1427) Concurrent Cleanup for Next Mark 10.957ms
[2025-08-01T03:51:06.485+0000] GC(1427) Concurrent Mark Cycle 630.281ms
[2025-08-01T03:51:06.559+0000] GC(1431) Pause Young (Prepare Mixed) (G1 Evacuation Pause)
[2025-08-01T03:51:06.559+0000] GC(1431) Using 8 workers of 8 for evacuation
[2025-08-01T03:51:06.693+0000] GC(1431)   Pre Evacuate Collection Set: 1.0ms
[2025-08-01T03:51:06.693+0000] GC(1431)   Merge Heap Roots: 0.6ms
[2025-08-01T03:51:06.693+0000] GC(1431)   Evacuate Collection Set: 130.9ms
[2025-08-01T03:51:06.693+0000] GC(1431)   Post Evacuate Collection Set: 0.9ms
[2025-08-01T03:51:06.693+0000] GC(1431)   Other: 0.3ms
[2025-08-01T03:51:06.693+0000] GC(1431) Eden regions: 251->0(183)
[2025-08-01T03:51:06.693+0000] GC(1431) Survivor regions: 48->38(38)
[2025-08-01T03:51:06.693+0000] GC(1431) Old regions: 1248->1452
[2025-08-01T03:51:06.693+0000] GC(1431) Humongous regions: 0->0
[2025-08-01T03:51:06.693+0000] GC(1431) Metaspace: 10593K(10816K)->10593K(10816K) NonClass: 9335K(9472K)->9335K(9472K) Class: 1258K(1344K)->1258K(1344K)
[2025-08-01T03:51:06.693+0000] GC(1431) Pause Young (Prepare Mixed) (G1 Evacuation Pause) 3093M->2978M(4096M) 134.128ms
[2025-08-01T03:51:06.693+0000] GC(1431) User=0.97s Sys=0.03s Real=0.13s
[2025-08-01T03:51:06.769+0000] GC(1432) Pause Young (Mixed) (G1 Evacuation Pause)
[2025-08-01T03:51:06.769+0000] GC(1432) Using 8 workers of 8 for evacuation
[2025-08-01T03:51:06.888+0000] GC(1432)   Pre Evacuate Collection Set: 1.3ms
[2025-08-01T03:51:06.888+0000] GC(1432)   Merge Heap Roots: 0.3ms
[2025-08-01T03:51:06.888+0000] GC(1432)   Evacuate Collection Set: 115.1ms
[2025-08-01T03:51:06.888+0000] GC(1432)   Post Evacuate Collection Set: 1.8ms
[2025-08-01T03:51:06.888+0000] GC(1432)   Other: 0.2ms
[2025-08-01T03:51:06.888+0000] GC(1432) Eden regions: 183->0(126)
[2025-08-01T03:51:06.888+0000] GC(1432) Survivor regions: 38->28(28)
[2025-08-01T03:51:06.888+0000] GC(1432) Old regions: 1452->1614
[2025-08-01T03:51:06.888+0000] GC(1432) Humongous regions: 0->0
[2025-08-01T03:51:06.888+0000] GC(1432) Metaspace: 10593K(10816K)->10593K(10816K) NonClass: 9335K(9472K)->9335K(9472K) Class: 1258K(1344K)->1258K(1344K)
[2025-08-01T03:51:06.888+0000] GC(1432) Pause Young (Mixed) (G1 Evacuation Pause) 3344M->3283M(4096M) 119.193ms
[2025-08-01T03:51:06.888+0000] GC(1432) User=0.86s Sys=0.03s Real=0.12s
[2025-08-01T03:51:06.951+0000] GC(1433) Pause Young (Concurrent Start) (G1 Evacuation Pause)
[2025-08-01T03:51:06.951+0000] GC(1433) Using 8 workers of 8 for evacuation
[2025-08-01T03:51:07.012+0000] GC(1433)   Pre Evacuate Collection Set: 1.4ms
[2025-08-01T03:51:07.013+0000] GC(1433)   Merge Heap Roots: 0.2ms
[2025-08-01T03:51:07.013+0000] GC(1433)   Evacuate Collection Set: 58.5ms
[2025-08-01T03:51:07.013+0000] GC(1433)   Post Evacuate Collection Set: 0.9ms
[2025-08-01T03:51:07.013+0000] GC(1433)   Other: 0.3ms
[2025-08-01T03:51:07.013+0000] GC(1433) Eden regions: 126->0(93)
[2025-08-01T03:51:07.013+0000] GC(1433) Survivor regions: 28->20(20)
[2025-08-01T03:51:07.013+0000] GC(1433) Old regions: 1614->1728
[2025-08-01T03:51:07.013+0000] GC(1433) Humongous regions: 0->0
[2025-08-01T03:51:07.013+0000] GC(1433) Metaspace: 10593K(10816K)->10593K(10816K) NonClass: 9335K(9472K)->9335K(9472K) Class: 1258K(1344K)->1258K(1344K)
[2025-08-01T03:51:07.013+0000] GC(1433) Pause Young (Concurrent Start) (G1 Evacuation Pause) 3535M->3495M(4096M) 61.497ms
[2025-08-01T03:51:07.013+0000] GC(1433) User=0.43s Sys=0.02s Real=0.06s
[2025-08-01T03:51:07.013+0000] GC(1434) Concurrent Mark Cycle
[2025-08-01T03:51:07.013+0000] GC(1434) Concurrent Scan Root Regions
[2025-08-01T03:51:07.031+0000] GC(1435) Pause Young (Normal) (G1 Evacuation Pause)
[2025-08-01T03:51:07.031+0000] GC(1435) Using 8 workers of 8 for evacuation
[2025-08-01T03:51:07.040+0000] GC(1434) Concurrent Scan Root Regions 27.481ms
[2025-08-01T03:51:07.040+0000] GC(1434) Concurrent Mark
[2025-08-01T03:51:07.040+0000] GC(1434) Concurrent Mark From Roots
[2025-08-01T03:51:07.040+0000] GC(1434) Using 2 workers of 2 for marking
[2025-08-01T03:51:07.087+0000] GC(1435)   Pre Evacuate Collection Set: 0.9ms
[2025-08-01T03:51:07.087+0000] GC(1435)   Merge Heap Roots: 0.2ms
[2025-08-01T03:51:07.087+0000] GC(1435)   Evacuate Collection Set: 44.9ms
[2025-08-01T03:51:07.087+0000] GC(1435)   Post Evacuate Collection Set: 0.9ms
[2025-08-01T03:51:07.087+0000] GC(1435)   Other: 0.1ms
[2025-08-01T03:51:07.087+0000] GC(1435) Eden regions: 93->0(87)
[2025-08-01T03:51:07.087+0000] GC(1435) Survivor regions: 20->15(15)
[2025-08-01T03:51:07.087+0000] GC(1435) Old regions: 1728->1829
[2025-08-01T03:51:07.087+0000] GC(1435) Humongous regions: 0->0
[2025-08-01T03:51:07.087+0000] GC(1435) Metaspace: 10593K(10816K)->10593K(10816K) NonClass: 9335K(9472K)->9335K(9472K) Class: 1258K(1344K)->1258K(1344K)
[2025-08-01T03:51:07.087+0000] GC(1435) Pause Young (Normal) (G1 Evacuation Pause) 3681M->3686M(4096M) 56.041ms
[2025-08-01T03:51:07.087+0000] GC(1435) User=0.32s Sys=0.01s Real=0.06s
[2025-08-01T03:51:07.149+0000] GC(1436) Pause Young (Normal) (G1 Evacuation Pause)
[2025-08-01T03:51:07.149+0000] GC(1436) Using 8 workers of 8 for evacuation
[2025-08-01T03:51:07.189+0000] GC(1436)   Pre Evacuate Collection Set: 1.1ms
[2025-08-01T03:51:07.189+0000] GC(1436)   Merge Heap Roots: 0.2ms
[2025-08-01T03:51:07.189+0000] GC(1436)   Evacuate Collection Set: 38.8ms
[2025-08-01T03:51:07.189+0000] GC(1436)   Post Evacuate Collection Set: 0.5ms
[2025-08-01T03:51:07.189+0000] GC(1436)   Other: 0.1ms
[2025-08-01T03:51:07.189+0000] GC(1436) Eden regions: 87->0(89)
[2025-08-01T03:51:07.189+0000] GC(1436) Survivor regions: 15->13(13)
[2025-08-01T03:51:07.189+0000] GC(1436) Old regions: 1829->1919
[2025-08-01T03:51:07.189+0000] GC(1436) Humongous regions: 0->0
[2025-08-01T03:51:07.189+0000] GC(1436) Metaspace: 10593K(10816K)->10593K(10816K) NonClass: 9335K(9472K)->9335K(9472K) Class: 1258K(1344K)->1258K(1344K)
[2025-08-01T03:51:07.190+0000] GC(1436) Pause Young (Normal) (G1 Evacuation Pause) 3860M->3863M(4096M) 40.945ms
[2025-08-01T03:51:07.190+0000] GC(1436) User=0.29s Sys=0.01s Real=0.04s
[2025-08-01T03:51:07.208+0000] GC(1437) Pause Young (Normal) (G1 Evacuation Pause)
[2025-08-01T03:51:07.208+0000] GC(1437) Using 8 workers of 8 for evacuation
[2025-08-01T03:51:07.232+0000] GC(1437)   Pre Evacuate Collection Set: 0.5ms
[2025-08-01T03:51:07.232+0000] GC(1437)   Merge Heap Roots: 0.1ms
[2025-08-01T03:51:07.232+0000] GC(1437)   Evacuate Collection Set: 17.9ms
[2025-08-01T03:51:07.232+0000] GC(1437)   Post Evacuate Collection Set: 5.7ms
[2025-08-01T03:51:07.232+0000] GC(1437)   Other: 0.1ms
[2025-08-01T03:51:07.232+0000] GC(1437) Eden regions: 89->0(0)
[2025-08-01T03:51:07.232+0000] GC(1437) Survivor regions: 13->13(13)
[2025-08-01T03:51:07.232+0000] GC(1437) Old regions: 1919->2032
[2025-08-01T03:51:07.232+0000] GC(1437) Humongous regions: 0->0
[2025-08-01T03:51:07.232+0000] GC(1437) Metaspace: 10593K(10816K)->10593K(10816K) NonClass: 9335K(9472K)->9335K(9472K) Class: 1258K(1344K)->1258K(1344K)
[2025-08-01T03:51:07.232+0000] GC(1437) Pause Young (Normal) (G1 Evacuation Pause) (Evacuation Failure) 4041M->4089M(4096M) 24.717ms
[2025-08-01T03:51:07.232+0000] GC(1437) User=0.16s Sys=0.00s Real=0.02s
[2025-08-01T03:51:07.232+0000] Attempting full compaction
[2025-08-01T03:51:07.232+0000] GC(1438) Pause Full (G1 Compaction Pause)
[2025-08-01T03:51:07.232+0000] GC(1438) Using 8 workers of 8 for full compaction
[2025-08-01T03:51:07.239+0000] GC(1438) Phase 1: Mark live objects
[2025-08-01T03:51:07.288+0000] GC(1438) Phase 1: Mark live objects 49.079ms
[2025-08-01T03:51:07.288+0000] GC(1438) Phase 2: Prepare compaction
[2025-08-01T03:51:07.302+0000] GC(1438) Phase 2: Prepare compaction 14.360ms
[2025-08-01T03:51:07.302+0000] GC(1438) Phase 3: Adjust pointers
[2025-08-01T03:51:07.352+0000] GC(1438) Phase 3: Adjust pointers 50.084ms
[2025-08-01T03:51:07.352+0000] GC(1438) Phase 4: Compact heap
[2025-08-01T03:51:07.388+0000] GC(1438) Phase 4: Compact heap 35.817ms
[2025-08-01T03:51:07.388+0000] GC(1438) Phase 5: Reset Metadata
[2025-08-01T03:51:07.435+0000] GC(1438) Phase 5: Reset Metadata 46.371ms
[2025-08-01T03:51:07.441+0000] GC(1438) Eden regions: 0->0(487)
[2025-08-01T03:51:07.441+0000] GC(1438) Survivor regions: 13->0(13)
[2025-08-01T03:51:07.442+0000] GC(1438) Old regions: 2032->631
[2025-08-01T03:51:07.442+0000] GC(1438) Humongous regions: 0->0
[2025-08-01T03:51:07.442+0000] GC(1438) Metaspace: 10593K(10816K)->10593K(10816K) NonClass: 9335K(9472K)->9335K(9472K) Class: 1258K(1344K)->1258K(1344K)
[2025-08-01T03:51:07.442+0000] GC(1438) Pause Full (G1 Compaction Pause) 4089M->1252M(4096M) 209.217ms
[2025-08-01T03:51:07.442+0000] GC(1438) User=1.49s Sys=0.02s Real=0.21s
[2025-08-01T03:51:07.442+0000] GC(1434) Concurrent Mark From Roots 401.864ms
[2025-08-01T03:51:07.442+0000] GC(1434) Concurrent Mark Abort
[2025-08-01T03:51:07.442+0000] GC(1434) Concurrent Mark Cycle 429.495ms
[2025-08-01T03:51:07.667+0000] GC(1439) Pause Young (Normal) (G1 Evacuation Pause)
[2025-08-01T03:51:07.667+0000] GC(1439) Using 8 workers of 8 for evacuation
[2025-08-01T03:51:07.805+0000] GC(1439)   Pre Evacuate Collection Set: 1.0ms
[2025-08-01T03:51:07.805+0000] GC(1439)   Merge Heap Roots: 0.5ms
[2025-08-01T03:51:07.805+0000] GC(1439)   Evacuate Collection Set: 134.9ms
[2025-08-01T03:51:07.805+0000] GC(1439)   Post Evacuate Collection Set: 1.2ms
[2025-08-01T03:51:07.805+0000] GC(1439)   Other: 0.1ms
[2025-08-01T03:51:07.805+0000] GC(1439) Eden regions: 487->0(357)
[2025-08-01T03:51:07.805+0000] GC(1439) Survivor regions: 0->61(61)
[2025-08-01T03:51:07.805+0000] GC(1439) Old regions: 631->918
[2025-08-01T03:51:07.805+0000] GC(1439) Humongous regions: 0->0
[2025-08-01T03:51:07.805+0000] GC(1439) Metaspace: 10593K(10816K)->10593K(10816K) NonClass: 9335K(9472K)->9335K(9472K) Class: 1258K(1344K)->1258K(1344K)
[2025-08-01T03:51:07.805+0000] GC(1439) Pause Young (Normal) (G1 Evacuation Pause) 2226M->1947M(4096M) 138.015ms
[2025-08-01T03:51:07.805+0000] GC(1439) User=1.04s Sys=0.03s Real=0.14s
[2025-08-01T03:51:07.945+0000] GC(1440) Pause Young (Concurrent Start) (G1 Evacuation Pause)
[2025-08-01T03:51:07.945+0000] GC(1440) Using 8 workers of 8 for evacuation
[2025-08-01T03:51:08.181+0000] GC(1440) MMU target violated: 201.0ms (200.0ms/201.0ms)
[2025-08-01T03:51:08.181+0000] GC(1440)   Pre Evacuate Collection Set: 1.3ms
[2025-08-01T03:51:08.181+0000] GC(1440)   Merge Heap Roots: 0.3ms
[2025-08-01T03:51:08.181+0000] GC(1440)   Evacuate Collection Set: 231.8ms
[2025-08-01T03:51:08.181+0000] GC(1440)   Post Evacuate Collection Set: 1.3ms
[2025-08-01T03:51:08.181+0000] GC(1440)   Other: 0.8ms
[2025-08-01T03:51:08.181+0000] GC(1440) Eden regions: 357->0(240)
[2025-08-01T03:51:08.181+0000] GC(1440) Survivor regions: 61->53(53)
[2025-08-01T03:51:08.181+0000] GC(1440) Old regions: 918->1230
[2025-08-01T03:51:08.181+0000] GC(1440) Humongous regions: 0->0
[2025-08-01T03:51:08.181+0000] GC(1440) Metaspace: 10593K(10816K)->10593K(10816K) NonClass: 9335K(9472K)->9335K(9472K) Class: 1258K(1344K)->1258K(1344K)
[2025-08-01T03:51:08.181+0000] GC(1440) Pause Young (Concurrent Start) (G1 Evacuation Pause) 2661M->2556M(4096M) 235.756ms
[2025-08-01T03:51:08.181+0000] GC(1440) User=1.75s Sys=0.08s Real=0.23s
[2025-08-01T03:51:08.181+0000] GC(1441) Concurrent Mark Cycle
[2025-08-01T03:51:08.181+0000] GC(1441) Concurrent Scan Root Regions
[2025-08-01T03:51:08.247+0000] GC(1441) Concurrent Scan Root Regions 65.584ms
[2025-08-01T03:51:08.247+0000] GC(1441) Concurrent Mark
[2025-08-01T03:51:08.247+0000] GC(1441) Concurrent Mark From Roots
[2025-08-01T03:51:08.247+0000] GC(1441) Using 2 workers of 2 for marking
[2025-08-01T03:51:08.269+0000] GC(1442) Pause Young (Normal) (G1 Evacuation Pause)
[2025-08-01T03:51:08.269+0000] GC(1442) Using 8 workers of 8 for evacuation
[2025-08-01T03:51:08.367+0000] GC(1442)   Pre Evacuate Collection Set: 1.1ms
[2025-08-01T03:51:08.367+0000] GC(1442)   Merge Heap Roots: 0.2ms
[2025-08-01T03:51:08.367+0000] GC(1442)   Evacuate Collection Set: 95.7ms
[2025-08-01T03:51:08.367+0000] GC(1442)   Post Evacuate Collection Set: 1.1ms
[2025-08-01T03:51:08.367+0000] GC(1442)   Other: 0.1ms
[2025-08-01T03:51:08.367+0000] GC(1442) Eden regions: 240->0(163)
[2025-08-01T03:51:08.367+0000] GC(1442) Survivor regions: 53->37(37)
[2025-08-01T03:51:08.367+0000] GC(1442) Old regions: 1230->1485
[2025-08-01T03:51:08.367+0000] GC(1442) Humongous regions: 0->0
[2025-08-01T03:51:08.367+0000] GC(1442) Metaspace: 10593K(10816K)->10593K(10816K) NonClass: 9335K(9472K)->9335K(9472K) Class: 1258K(1344K)->1258K(1344K)
[2025-08-01T03:51:08.367+0000] GC(1442) Pause Young (Normal) (G1 Evacuation Pause) 3036M->3033M(4096M) 98.488ms
[2025-08-01T03:51:08.367+0000] GC(1442) User=0.75s Sys=0.01s Real=0.10s
[2025-08-01T03:51:08.427+0000] GC(1441) Concurrent Mark From Roots 180.048ms
[2025-08-01T03:51:08.427+0000] GC(1441) Concurrent Preclean
[2025-08-01T03:51:08.427+0000] GC(1441) Concurrent Preclean 0.022ms
[2025-08-01T03:51:08.427+0000] GC(1441) Pause Remark
[2025-08-01T03:51:08.429+0000] GC(1441) Pause Remark 3281M->2057M(4096M) 1.853ms
[2025-08-01T03:51:08.429+0000] GC(1441) User=0.01s Sys=0.00s Real=0.00s
[2025-08-01T03:51:08.429+0000] GC(1441) Concurrent Mark 182.226ms
[2025-08-01T03:51:08.429+0000] GC(1441) Concurrent Rebuild Remembered Sets and Scrub Regions
[2025-08-01T03:51:08.445+0000] GC(1443) Pause Young (Normal) (G1 Evacuation Pause)
[2025-08-01T03:51:08.445+0000] GC(1443) Using 8 workers of 8 for evacuation
[2025-08-01T03:51:08.492+0000] GC(1443)   Pre Evacuate Collection Set: 0.7ms
[2025-08-01T03:51:08.493+0000] GC(1443)   Merge Heap Roots: 0.4ms
[2025-08-01T03:51:08.493+0000] GC(1443)   Evacuate Collection Set: 45.1ms
[2025-08-01T03:51:08.493+0000] GC(1443)   Post Evacuate Collection Set: 1.3ms
[2025-08-01T03:51:08.493+0000] GC(1443)   Other: 0.1ms
[2025-08-01T03:51:08.493+0000] GC(1443) Eden regions: 163->0(352)
[2025-08-01T03:51:08.493+0000] GC(1443) Survivor regions: 37->25(25)
[2025-08-01T03:51:08.493+0000] GC(1443) Old regions: 868->968
[2025-08-01T03:51:08.493+0000] GC(1443) Humongous regions: 0->0
[2025-08-01T03:51:08.493+0000] GC(1443) Metaspace: 10593K(10816K)->10593K(10816K) NonClass: 9335K(9472K)->9335K(9472K) Class: 1258K(1344K)->1258K(1344K)
[2025-08-01T03:51:08.493+0000] GC(1443) Pause Young (Normal) (G1 Evacuation Pause) 2134M->1984M(4096M) 47.964ms
[2025-08-01T03:51:08.493+0000] GC(1443) User=0.35s Sys=0.01s Real=0.04s
[2025-08-01T03:51:08.649+0000] GC(1444) Pause Young (Normal) (G1 Evacuation Pause)
[2025-08-01T03:51:08.649+0000] GC(1444) Using 8 workers of 8 for evacuation
[2025-08-01T03:51:08.758+0000] GC(1444)   Pre Evacuate Collection Set: 0.7ms
[2025-08-01T03:51:08.758+0000] GC(1444)   Merge Heap Roots: 1.1ms
[2025-08-01T03:51:08.758+0000] GC(1444)   Evacuate Collection Set: 106.1ms
[2025-08-01T03:51:08.758+0000] GC(1444)   Post Evacuate Collection Set: 1.0ms
[2025-08-01T03:51:08.758+0000] GC(1444)   Other: 0.1ms
[2025-08-01T03:51:08.758+0000] GC(1444) Eden regions: 352->0(258)
[2025-08-01T03:51:08.758+0000] GC(1444) Survivor regions: 25->48(48)
[2025-08-01T03:51:08.758+0000] GC(1444) Old regions: 968->1210
[2025-08-01T03:51:08.758+0000] GC(1444) Humongous regions: 0->0
[2025-08-01T03:51:08.758+0000] GC(1444) Metaspace: 10593K(10816K)->10593K(10816K) NonClass: 9335K(9472K)->9335K(9472K) Class: 1258K(1344K)->1258K(1344K)
[2025-08-01T03:51:08.758+0000] GC(1444) Pause Young (Normal) (G1 Evacuation Pause) 2688M->2514M(4096M) 109.697ms
[2025-08-01T03:51:08.758+0000] GC(1444) User=0.77s Sys=0.02s Real=0.11s
[2025-08-01T03:51:08.779+0000] GC(1441) Concurrent Rebuild Remembered Sets and Scrub Regions 349.905ms
[2025-08-01T03:51:08.779+0000] GC(1441) Pause Cleanup
[2025-08-01T03:51:08.780+0000] GC(1441) Pause Cleanup 2740M->2740M(4096M) 1.096ms
[2025-08-01T03:51:08.781+0000] GC(1441) User=0.00s Sys=0.00s Real=0.00s
[2025-08-01T03:51:08.781+0000] GC(1441) Concurrent Clear Claimed Marks
[2025-08-01T03:51:08.781+0000] GC(1441) Concurrent Clear Claimed Marks 0.042ms
[2025-08-01T03:51:08.781+0000] GC(1441) Concurrent Cleanup for Next Mark
[2025-08-01T03:51:08.791+0000] GC(1441) Concurrent Cleanup for Next Mark 10.540ms
[2025-08-01T03:51:08.791+0000] GC(1441) Concurrent Mark Cycle 610.182ms
[2025-08-01T03:51:08.854+0000] GC(1445) Pause Young (Prepare Mixed) (G1 Evacuation Pause)
[2025-08-01T03:51:08.854+0000] GC(1445) Using 8 workers of 8 for evacuation
[2025-08-01T03:51:08.969+0000] GC(1445)   Pre Evacuate Collection Set: 1.0ms
[2025-08-01T03:51:08.969+0000] GC(1445)   Merge Heap Roots: 0.5ms
[2025-08-01T03:51:08.969+0000] GC(1445)   Evacuate Collection Set: 112.2ms
[2025-08-01T03:51:08.969+0000] GC(1445)   Post Evacuate Collection Set: 1.1ms
[2025-08-01T03:51:08.969+0000] GC(1445)   Other: 0.1ms
[2025-08-01T03:51:08.969+0000] GC(1445) Eden regions: 258->0(200)
[2025-08-01T03:51:08.969+0000] GC(1445) Survivor regions: 48->39(39)
[2025-08-01T03:51:08.969+0000] GC(1445) Old regions: 1210->1391
[2025-08-01T03:51:08.969+0000] GC(1445) Humongous regions: 0->0
[2025-08-01T03:51:08.969+0000] GC(1445) Metaspace: 10593K(10816K)->10593K(10816K) NonClass: 9335K(9472K)->9335K(9472K) Class: 1258K(1344K)->1258K(1344K)
[2025-08-01T03:51:08.969+0000] GC(1445) Pause Young (Prepare Mixed) (G1 Evacuation Pause) 3030M->2858M(4096M) 115.224ms
[2025-08-01T03:51:08.969+0000] GC(1445) User=0.83s Sys=0.03s Real=0.11s
[2025-08-01T03:51:09.051+0000] GC(1446) Pause Young (Mixed) (G1 Evacuation Pause)
[2025-08-01T03:51:09.051+0000] GC(1446) Using 8 workers of 8 for evacuation
[2025-08-01T03:51:09.132+0000] GC(1446)   Pre Evacuate Collection Set: 0.9ms
[2025-08-01T03:51:09.132+0000] GC(1446)   Merge Heap Roots: 0.5ms
[2025-08-01T03:51:09.132+0000] GC(1446)   Evacuate Collection Set: 79.1ms
[2025-08-01T03:51:09.132+0000] GC(1446)   Post Evacuate Collection Set: 1.1ms
[2025-08-01T03:51:09.132+0000] GC(1446)   Other: 0.1ms
[2025-08-01T03:51:09.132+0000] GC(1446) Eden regions: 200->0(160)
[2025-08-01T03:51:09.132+0000] GC(1446) Survivor regions: 39->30(30)
[2025-08-01T03:51:09.132+0000] GC(1446) Old regions: 1391->1527
[2025-08-01T03:51:09.132+0000] GC(1446) Humongous regions: 0->0
[2025-08-01T03:51:09.132+0000] GC(1446) Metaspace: 10593K(10816K)->10593K(10816K) NonClass: 9335K(9472K)->9335K(9472K) Class: 1258K(1344K)->1258K(1344K)
[2025-08-01T03:51:09.132+0000] GC(1446) Pause Young (Mixed) (G1 Evacuation Pause) 3258M->3112M(4096M) 81.866ms
[2025-08-01T03:51:09.132+0000] GC(1446) User=0.59s Sys=0.02s Real=0.08s
[2025-08-01T03:51:09.205+0000] GC(1447) Pause Young (Concurrent Start) (G1 Evacuation Pause)
[2025-08-01T03:51:09.205+0000] GC(1447) Using 8 workers of 8 for evacuation
[2025-08-01T03:51:09.291+0000] GC(1447)   Pre Evacuate Collection Set: 0.8ms
[2025-08-01T03:51:09.291+0000] GC(1447)   Merge Heap Roots: 0.2ms
[2025-08-01T03:51:09.291+0000] GC(1447)   Evacuate Collection Set: 83.8ms
[2025-08-01T03:51:09.291+0000] GC(1447)   Post Evacuate Collection Set: 1.2ms
[2025-08-01T03:51:09.291+0000] GC(1447)   Other: 0.2ms
[2025-08-01T03:51:09.291+0000] GC(1447) Eden regions: 160->0(122)
[2025-08-01T03:51:09.291+0000] GC(1447) Survivor regions: 30->24(24)
[2025-08-01T03:51:09.292+0000] GC(1447) Old regions: 1527->1645
[2025-08-01T03:51:09.292+0000] GC(1447) Humongous regions: 0->0
[2025-08-01T03:51:09.292+0000] GC(1447) Metaspace: 10593K(10816K)->10593K(10816K) NonClass: 9335K(9472K)->9335K(9472K) Class: 1258K(1344K)->1258K(1344K)
[2025-08-01T03:51:09.292+0000] GC(1447) Pause Young (Concurrent Start) (G1 Evacuation Pause) 3432M->3337M(4096M) 86.518ms
[2025-08-01T03:51:09.292+0000] GC(1447) User=0.64s Sys=0.02s Real=0.08s
[2025-08-01T03:51:09.292+0000] GC(1448) Concurrent Mark Cycle
[2025-08-01T03:51:09.292+0000] GC(1448) Concurrent Scan Root Regions
[2025-08-01T03:51:09.339+0000] GC(1448) Concurrent Scan Root Regions 47.373ms
[2025-08-01T03:51:09.339+0000] GC(1448) Concurrent Mark
[2025-08-01T03:51:09.340+0000] GC(1448) Concurrent Mark From Roots
[2025-08-01T03:51:09.340+0000] GC(1448) Using 2 workers of 2 for marking
[2025-08-01T03:51:09.349+0000] GC(1449) Pause Young (Normal) (G1 Evacuation Pause)
[2025-08-01T03:51:09.349+0000] GC(1449) Using 8 workers of 8 for evacuation
[2025-08-01T03:51:09.408+0000] GC(1449)   Pre Evacuate Collection Set: 1.0ms
[2025-08-01T03:51:09.409+0000] GC(1449)   Merge Heap Roots: 0.3ms
[2025-08-01T03:51:09.409+0000] GC(1449)   Evacuate Collection Set: 56.8ms
[2025-08-01T03:51:09.409+0000] GC(1449)   Post Evacuate Collection Set: 1.0ms
[2025-08-01T03:51:09.409+0000] GC(1449)   Other: 0.1ms
[2025-08-01T03:51:09.409+0000] GC(1449) Eden regions: 122->0(83)
[2025-08-01T03:51:09.409+0000] GC(1449) Survivor regions: 24->19(19)
[2025-08-01T03:51:09.409+0000] GC(1449) Old regions: 1645->1773
[2025-08-01T03:51:09.409+0000] GC(1449) Humongous regions: 0->0
[2025-08-01T03:51:09.409+0000] GC(1449) Metaspace: 10593K(10816K)->10593K(10816K) NonClass: 9335K(9472K)->9335K(9472K) Class: 1258K(1344K)->1258K(1344K)
[2025-08-01T03:51:09.409+0000] GC(1449) Pause Young (Normal) (G1 Evacuation Pause) 3581M->3582M(4096M) 59.583ms
[2025-08-01T03:51:09.409+0000] GC(1449) User=0.42s Sys=0.02s Real=0.06s
[2025-08-01T03:51:09.435+0000] GC(1450) Pause Young (Normal) (G1 Evacuation Pause)
[2025-08-01T03:51:09.435+0000] GC(1450) Using 8 workers of 8 for evacuation
[2025-08-01T03:51:09.467+0000] GC(1450)   Pre Evacuate Collection Set: 0.4ms
[2025-08-01T03:51:09.467+0000] GC(1450)   Merge Heap Roots: 0.1ms
[2025-08-01T03:51:09.467+0000] GC(1450)   Evacuate Collection Set: 30.2ms
[2025-08-01T03:51:09.467+0000] GC(1450)   Post Evacuate Collection Set: 1.1ms
[2025-08-01T03:51:09.467+0000] GC(1450)   Other: 0.2ms
[2025-08-01T03:51:09.467+0000] GC(1450) Eden regions: 83->0(89)
[2025-08-01T03:51:09.467+0000] GC(1450) Survivor regions: 19->13(13)
[2025-08-01T03:51:09.467+0000] GC(1450) Old regions: 1773->1864
[2025-08-01T03:51:09.467+0000] GC(1450) Humongous regions: 0->0
[2025-08-01T03:51:09.467+0000] GC(1450) Metaspace: 10593K(10816K)->10593K(10816K) NonClass: 9335K(9472K)->9335K(9472K) Class: 1258K(1344K)->1258K(1344K)
[2025-08-01T03:51:09.467+0000] GC(1450) Pause Young (Normal) (G1 Evacuation Pause) 3748M->3752M(4096M) 32.401ms
[2025-08-01T03:51:09.467+0000] GC(1450) User=0.24s Sys=0.00s Real=0.03s
[2025-08-01T03:51:09.484+0000] GC(1451) Pause Young (Normal) (G1 Evacuation Pause)
[2025-08-01T03:51:09.484+0000] GC(1451) Using 8 workers of 8 for evacuation
[2025-08-01T03:51:09.515+0000] GC(1451)   Pre Evacuate Collection Set: 0.5ms
[2025-08-01T03:51:09.515+0000] GC(1451)   Merge Heap Roots: 0.2ms
[2025-08-01T03:51:09.515+0000] GC(1451)   Evacuate Collection Set: 27.7ms
[2025-08-01T03:51:09.515+0000] GC(1451)   Post Evacuate Collection Set: 2.2ms
[2025-08-01T03:51:09.515+0000] GC(1451)   Other: 0.1ms
[2025-08-01T03:51:09.515+0000] GC(1451) Eden regions: 89->0(55)
[2025-08-01T03:51:09.515+0000] GC(1451) Survivor regions: 13->13(13)
[2025-08-01T03:51:09.515+0000] GC(1451) Old regions: 1864->1967
[2025-08-01T03:51:09.515+0000] GC(1451) Humongous regions: 0->0
[2025-08-01T03:51:09.515+0000] GC(1451) Metaspace: 10593K(10816K)->10593K(10816K) NonClass: 9335K(9472K)->9335K(9472K) Class: 1258K(1344K)->1258K(1344K)
[2025-08-01T03:51:09.515+0000] GC(1451) Pause Young (Normal) (G1 Evacuation Pause) (Evacuation Failure) 3930M->3959M(4096M) 31.077ms
[2025-08-01T03:51:09.515+0000] GC(1451) User=0.23s Sys=0.00s Real=0.03s
[2025-08-01T03:51:09.557+0000] GC(1448) Concurrent Mark From Roots 217.603ms
[2025-08-01T03:51:09.557+0000] GC(1448) Concurrent Preclean
[2025-08-01T03:51:09.557+0000] GC(1448) Concurrent Preclean 0.025ms
[2025-08-01T03:51:09.557+0000] GC(1448) Pause Remark
[2025-08-01T03:51:09.563+0000] GC(1448) Pause Remark 4069M->1627M(4096M) 5.191ms
[2025-08-01T03:51:09.563+0000] GC(1448) User=0.02s Sys=0.00s Real=0.00s
[2025-08-01T03:51:09.563+0000] GC(1448) Concurrent Mark 223.141ms
[2025-08-01T03:51:09.563+0000] GC(1448) Concurrent Rebuild Remembered Sets and Scrub Regions
[2025-08-01T03:51:09.567+0000] GC(1452) Pause Young (Normal) (G1 Evacuation Pause)
[2025-08-01T03:51:09.567+0000] GC(1452) Using 8 workers of 8 for evacuation
[2025-08-01T03:51:09.590+0000] GC(1452)   Pre Evacuate Collection Set: 0.8ms
[2025-08-01T03:51:09.590+0000] GC(1452)   Merge Heap Roots: 0.2ms
[2025-08-01T03:51:09.590+0000] GC(1452)   Evacuate Collection Set: 20.6ms
[2025-08-01T03:51:09.590+0000] GC(1452)   Post Evacuate Collection Set: 1.2ms
[2025-08-01T03:51:09.590+0000] GC(1452)   Other: 0.1ms
[2025-08-01T03:51:09.590+0000] GC(1452) Eden regions: 55->0(412)
[2025-08-01T03:51:09.590+0000] GC(1452) Survivor regions: 13->9(9)
[2025-08-01T03:51:09.590+0000] GC(1452) Old regions: 746->800
[2025-08-01T03:51:09.590+0000] GC(1452) Humongous regions: 0->0
[2025-08-01T03:51:09.590+0000] GC(1452) Metaspace: 10593K(10816K)->10593K(10816K) NonClass: 9335K(9472K)->9335K(9472K) Class: 1258K(1344K)->1258K(1344K)
[2025-08-01T03:51:09.590+0000] GC(1452) Pause Young (Normal) (G1 Evacuation Pause) 1627M->1617M(4096M) 23.154ms
[2025-08-01T03:51:09.590+0000] GC(1452) User=0.15s Sys=0.00s Real=0.02s
[2025-08-01T03:51:09.740+0000] GC(1448) Concurrent Rebuild Remembered Sets and Scrub Regions 177.514ms
[2025-08-01T03:51:09.740+0000] GC(1448) Pause Cleanup
[2025-08-01T03:51:09.742+0000] GC(1448) Pause Cleanup 2341M->2341M(4096M) 1.213ms
[2025-08-01T03:51:09.742+0000] GC(1448) User=0.01s Sys=0.00s Real=0.00s
[2025-08-01T03:51:09.742+0000] GC(1448) Concurrent Clear Claimed Marks
[2025-08-01T03:51:09.742+0000] GC(1448) Concurrent Clear Claimed Marks 0.029ms
[2025-08-01T03:51:09.742+0000] GC(1448) Concurrent Cleanup for Next Mark
[2025-08-01T03:51:09.750+0000] GC(1448) Concurrent Cleanup for Next Mark 7.934ms
[2025-08-01T03:51:09.750+0000] GC(1448) Concurrent Mark Cycle 457.739ms
[2025-08-01T03:51:09.764+0000] GC(1453) Pause Young (Prepare Mixed) (G1 Evacuation Pause)
[2025-08-01T03:51:09.764+0000] GC(1453) Using 8 workers of 8 for evacuation
[2025-08-01T03:51:09.870+0000] GC(1453)   Pre Evacuate Collection Set: 0.7ms
[2025-08-01T03:51:09.870+0000] GC(1453)   Merge Heap Roots: 0.2ms
[2025-08-01T03:51:09.870+0000] GC(1453)   Evacuate Collection Set: 104.4ms
[2025-08-01T03:51:09.870+0000] GC(1453)   Post Evacuate Collection Set: 1.2ms
[2025-08-01T03:51:09.870+0000] GC(1453)   Other: 0.1ms
[2025-08-01T03:51:09.870+0000] GC(1453) Eden regions: 412->0(301)
[2025-08-01T03:51:09.871+0000] GC(1453) Survivor regions: 9->53(53)
[2025-08-01T03:51:09.871+0000] GC(1453) Old regions: 800->1072
[2025-08-01T03:51:09.871+0000] GC(1453) Humongous regions: 0->0
[2025-08-01T03:51:09.871+0000] GC(1453) Metaspace: 10593K(10816K)->10593K(10816K) NonClass: 9335K(9472K)->9335K(9472K) Class: 1258K(1344K)->1258K(1344K)
[2025-08-01T03:51:09.871+0000] GC(1453) Pause Young (Prepare Mixed) (G1 Evacuation Pause) 2441M->2249M(4096M) 106.955ms
[2025-08-01T03:51:09.871+0000] GC(1453) User=0.82s Sys=0.02s Real=0.10s
[2025-08-01T03:51:09.972+0000] GC(1454) Pause Young (Mixed) (G1 Evacuation Pause)
[2025-08-01T03:51:09.972+0000] GC(1454) Using 8 workers of 8 for evacuation
[2025-08-01T03:51:10.102+0000] GC(1454)   Pre Evacuate Collection Set: 0.7ms
[2025-08-01T03:51:10.102+0000] GC(1454)   Merge Heap Roots: 0.2ms
[2025-08-01T03:51:10.102+0000] GC(1454)   Evacuate Collection Set: 127.8ms
[2025-08-01T03:51:10.102+0000] GC(1454)   Post Evacuate Collection Set: 1.0ms
[2025-08-01T03:51:10.102+0000] GC(1454)   Other: 0.3ms
[2025-08-01T03:51:10.102+0000] GC(1454) Eden regions: 301->0(214)
[2025-08-01T03:51:10.102+0000] GC(1454) Survivor regions: 53->45(45)
[2025-08-01T03:51:10.102+0000] GC(1454) Old regions: 1072->1321
[2025-08-01T03:51:10.102+0000] GC(1454) Humongous regions: 0->0
[2025-08-01T03:51:10.102+0000] GC(1454) Metaspace: 10593K(10816K)->10593K(10816K) NonClass: 9335K(9472K)->9335K(9472K) Class: 1258K(1344K)->1258K(1344K)
[2025-08-01T03:51:10.102+0000] GC(1454) Pause Young (Mixed) (G1 Evacuation Pause) 2851M->2731M(4096M) 130.268ms
[2025-08-01T03:51:10.102+0000] GC(1454) User=0.96s Sys=0.02s Real=0.13s
[2025-08-01T03:51:10.185+0000] GC(1455) Pause Young (Concurrent Start) (G1 Evacuation Pause)
[2025-08-01T03:51:10.185+0000] GC(1455) Using 8 workers of 8 for evacuation
[2025-08-01T03:51:10.273+0000] GC(1455)   Pre Evacuate Collection Set: 1.0ms
[2025-08-01T03:51:10.274+0000] GC(1455)   Merge Heap Roots: 0.1ms
[2025-08-01T03:51:10.274+0000] GC(1455)   Evacuate Collection Set: 86.0ms
[2025-08-01T03:51:10.274+0000] GC(1455)   Post Evacuate Collection Set: 0.9ms
[2025-08-01T03:51:10.274+0000] GC(1455)   Other: 0.2ms
[2025-08-01T03:51:10.274+0000] GC(1455) Eden regions: 214->0(169)
[2025-08-01T03:51:10.274+0000] GC(1455) Survivor regions: 45->33(33)
[2025-08-01T03:51:10.274+0000] GC(1455) Old regions: 1321->1485
[2025-08-01T03:51:10.274+0000] GC(1455) Humongous regions: 0->0
[2025-08-01T03:51:10.274+0000] GC(1455) Metaspace: 10593K(10816K)->10593K(10816K) NonClass: 9335K(9472K)->9335K(9472K) Class: 1258K(1344K)->1258K(1344K)
[2025-08-01T03:51:10.274+0000] GC(1455) Pause Young (Concurrent Start) (G1 Evacuation Pause) 3159M->3035M(4096M) 88.486ms
[2025-08-01T03:51:10.274+0000] GC(1455) User=0.66s Sys=0.03s Real=0.09s
[2025-08-01T03:51:10.274+0000] GC(1456) Concurrent Mark Cycle
[2025-08-01T03:51:10.274+0000] GC(1456) Concurrent Scan Root Regions
[2025-08-01T03:51:10.318+0000] GC(1456) Concurrent Scan Root Regions 44.007ms
[2025-08-01T03:51:10.318+0000] GC(1456) Concurrent Mark
[2025-08-01T03:51:10.318+0000] GC(1456) Concurrent Mark From Roots
[2025-08-01T03:51:10.318+0000] GC(1456) Using 2 workers of 2 for marking
[2025-08-01T03:51:10.348+0000] GC(1457) Pause Young (Normal) (G1 Evacuation Pause)
[2025-08-01T03:51:10.348+0000] GC(1457) Using 8 workers of 8 for evacuation
[2025-08-01T03:51:10.390+0000] GC(1457)   Pre Evacuate Collection Set: 1.1ms
[2025-08-01T03:51:10.390+0000] GC(1457)   Merge Heap Roots: 0.3ms
[2025-08-01T03:51:10.391+0000] GC(1457)   Evacuate Collection Set: 39.8ms
[2025-08-01T03:51:10.391+0000] GC(1457)   Post Evacuate Collection Set: 1.2ms
[2025-08-01T03:51:10.391+0000] GC(1457)   Other: 0.1ms
[2025-08-01T03:51:10.391+0000] GC(1457) Eden regions: 169->0(151)
[2025-08-01T03:51:10.391+0000] GC(1457) Survivor regions: 33->26(26)
[2025-08-01T03:51:10.391+0000] GC(1457) Old regions: 1485->1568
[2025-08-01T03:51:10.391+0000] GC(1457) Humongous regions: 0->0
[2025-08-01T03:51:10.391+0000] GC(1457) Metaspace: 10593K(10816K)->10593K(10816K) NonClass: 9335K(9472K)->9335K(9472K) Class: 1258K(1344K)->1258K(1344K)
[2025-08-01T03:51:10.391+0000] GC(1457) Pause Young (Normal) (G1 Evacuation Pause) 3373M->3187M(4096M) 42.679ms
[2025-08-01T03:51:10.391+0000] GC(1457) User=0.29s Sys=0.02s Real=0.04s
[2025-08-01T03:51:10.419+0000] GC(1458) Pause Young (Normal) (G1 Evacuation Pause)
[2025-08-01T03:51:10.419+0000] GC(1458) Using 8 workers of 8 for evacuation
[2025-08-01T03:51:10.484+0000] GC(1458)   Pre Evacuate Collection Set: 1.3ms
[2025-08-01T03:51:10.484+0000] GC(1458)   Merge Heap Roots: 0.3ms
[2025-08-01T03:51:10.484+0000] GC(1458)   Evacuate Collection Set: 61.7ms
[2025-08-01T03:51:10.484+0000] GC(1458)   Post Evacuate Collection Set: 1.0ms
[2025-08-01T03:51:10.484+0000] GC(1458)   Other: 0.1ms
[2025-08-01T03:51:10.484+0000] GC(1458) Eden regions: 151->0(95)
[2025-08-01T03:51:10.484+0000] GC(1458) Survivor regions: 26->23(23)
[2025-08-01T03:51:10.484+0000] GC(1458) Old regions: 1568->1725
[2025-08-01T03:51:10.484+0000] GC(1458) Humongous regions: 0->0
[2025-08-01T03:51:10.484+0000] GC(1458) Metaspace: 10593K(10816K)->10593K(10816K) NonClass: 9335K(9472K)->9335K(9472K) Class: 1258K(1344K)->1258K(1344K)
[2025-08-01T03:51:10.484+0000] GC(1458) Pause Young (Normal) (G1 Evacuation Pause) 3489M->3494M(4096M) 64.767ms
[2025-08-01T03:51:10.484+0000] GC(1458) User=0.45s Sys=0.02s Real=0.07s
[2025-08-01T03:51:10.543+0000] GC(1456) Concurrent Mark From Roots 224.962ms
[2025-08-01T03:51:10.543+0000] GC(1456) Concurrent Preclean
[2025-08-01T03:51:10.543+0000] GC(1456) Concurrent Preclean 0.028ms
[2025-08-01T03:51:10.544+0000] GC(1456) Pause Remark
[2025-08-01T03:51:10.549+0000] GC(1456) Pause Remark 3658M->1898M(4096M) 5.794ms
[2025-08-01T03:51:10.549+0000] GC(1456) User=0.01s Sys=0.00s Real=0.00s
[2025-08-01T03:51:10.550+0000] GC(1456) Concurrent Mark 231.707ms
[2025-08-01T03:51:10.550+0000] GC(1456) Concurrent Rebuild Remembered Sets and Scrub Regions
[2025-08-01T03:51:10.554+0000] GC(1459) Pause Young (Normal) (G1 Evacuation Pause)
[2025-08-01T03:51:10.554+0000] GC(1459) Using 8 workers of 8 for evacuation
[2025-08-01T03:51:10.609+0000] GC(1459)   Pre Evacuate Collection Set: 1.2ms
[2025-08-01T03:51:10.609+0000] GC(1459)   Merge Heap Roots: 0.6ms
[2025-08-01T03:51:10.609+0000] GC(1459)   Evacuate Collection Set: 51.6ms
[2025-08-01T03:51:10.609+0000] GC(1459)   Post Evacuate Collection Set: 1.0ms
[2025-08-01T03:51:10.609+0000] GC(1459)   Other: 0.1ms
[2025-08-01T03:51:10.609+0000] GC(1459) Eden regions: 95->0(351)
[2025-08-01T03:51:10.609+0000] GC(1459) Survivor regions: 23->15(15)
[2025-08-01T03:51:10.609+0000] GC(1459) Old regions: 845->950
[2025-08-01T03:51:10.609+0000] GC(1459) Humongous regions: 0->0
[2025-08-01T03:51:10.609+0000] GC(1459) Metaspace: 10593K(10816K)->10593K(10816K) NonClass: 9335K(9472K)->9335K(9472K) Class: 1258K(1344K)->1258K(1344K)
[2025-08-01T03:51:10.609+0000] GC(1459) Pause Young (Normal) (G1 Evacuation Pause) 1924M->1928M(4096M) 54.867ms
[2025-08-01T03:51:10.609+0000] GC(1459) User=0.39s Sys=0.02s Real=0.05s
[2025-08-01T03:51:10.783+0000] GC(1460) Pause Young (Normal) (G1 Evacuation Pause)
[2025-08-01T03:51:10.783+0000] GC(1460) Using 8 workers of 8 for evacuation
[2025-08-01T03:51:10.902+0000] GC(1460)   Pre Evacuate Collection Set: 0.6ms
[2025-08-01T03:51:10.902+0000] GC(1460)   Merge Heap Roots: 0.2ms
[2025-08-01T03:51:10.902+0000] GC(1460)   Evacuate Collection Set: 116.5ms
[2025-08-01T03:51:10.902+0000] GC(1460)   Post Evacuate Collection Set: 1.5ms
[2025-08-01T03:51:10.902+0000] GC(1460)   Other: 0.1ms
[2025-08-01T03:51:10.902+0000] GC(1460) Eden regions: 351->0(241)
[2025-08-01T03:51:10.902+0000] GC(1460) Survivor regions: 15->46(46)
[2025-08-01T03:51:10.902+0000] GC(1460) Old regions: 950->1236
[2025-08-01T03:51:10.902+0000] GC(1460) Humongous regions: 0->0
[2025-08-01T03:51:10.902+0000] GC(1460) Metaspace: 10593K(10816K)->10593K(10816K) NonClass: 9335K(9472K)->9335K(9472K) Class: 1258K(1344K)->1258K(1344K)
[2025-08-01T03:51:10.902+0000] GC(1460) Pause Young (Normal) (G1 Evacuation Pause) 2630M->2563M(4096M) 119.305ms
[2025-08-01T03:51:10.902+0000] GC(1460) User=0.91s Sys=0.02s Real=0.12s
[2025-08-01T03:51:10.915+0000] GC(1456) Concurrent Rebuild Remembered Sets and Scrub Regions 365.211ms
[2025-08-01T03:51:10.915+0000] GC(1456) Pause Cleanup
[2025-08-01T03:51:10.916+0000] GC(1456) Pause Cleanup 2713M->2713M(4096M) 0.920ms
[2025-08-01T03:51:10.916+0000] GC(1456) User=0.00s Sys=0.00s Real=0.00s
[2025-08-01T03:51:10.916+0000] GC(1456) Concurrent Clear Claimed Marks
[2025-08-01T03:51:10.916+0000] GC(1456) Concurrent Clear Claimed Marks 0.039ms
[2025-08-01T03:51:10.916+0000] GC(1456) Concurrent Cleanup for Next Mark
[2025-08-01T03:51:10.930+0000] GC(1456) Concurrent Cleanup for Next Mark 13.275ms
[2025-08-01T03:51:10.930+0000] GC(1456) Concurrent Mark Cycle 655.990ms
[2025-08-01T03:51:10.996+0000] GC(1461) Pause Young (Prepare Mixed) (G1 Evacuation Pause)
[2025-08-01T03:51:10.996+0000] GC(1461) Using 8 workers of 8 for evacuation
[2025-08-01T03:51:11.074+0000] GC(1461)   Pre Evacuate Collection Set: 0.9ms
[2025-08-01T03:51:11.075+0000] GC(1461)   Merge Heap Roots: 0.3ms
[2025-08-01T03:51:11.075+0000] GC(1461)   Evacuate Collection Set: 75.8ms
[2025-08-01T03:51:11.075+0000] GC(1461)   Post Evacuate Collection Set: 1.0ms
[2025-08-01T03:51:11.075+0000] GC(1461)   Other: 0.1ms
[2025-08-01T03:51:11.075+0000] GC(1461) Eden regions: 241->0(203)
[2025-08-01T03:51:11.075+0000] GC(1461) Survivor regions: 46->36(36)
[2025-08-01T03:51:11.075+0000] GC(1461) Old regions: 1236->1387
[2025-08-01T03:51:11.075+0000] GC(1461) Humongous regions: 0->0
[2025-08-01T03:51:11.075+0000] GC(1461) Metaspace: 10593K(10816K)->10593K(10816K) NonClass: 9335K(9472K)->9335K(9472K) Class: 1258K(1344K)->1258K(1344K)
[2025-08-01T03:51:11.075+0000] GC(1461) Pause Young (Prepare Mixed) (G1 Evacuation Pause) 3045M->2845M(4096M) 78.403ms
[2025-08-01T03:51:11.075+0000] GC(1461) User=0.58s Sys=0.02s Real=0.08s
[2025-08-01T03:51:11.158+0000] GC(1462) Pause Young (Mixed) (G1 Evacuation Pause)
[2025-08-01T03:51:11.158+0000] GC(1462) Using 8 workers of 8 for evacuation
[2025-08-01T03:51:11.228+0000] GC(1462)   Pre Evacuate Collection Set: 1.7ms
[2025-08-01T03:51:11.228+0000] GC(1462)   Merge Heap Roots: 0.3ms
[2025-08-01T03:51:11.228+0000] GC(1462)   Evacuate Collection Set: 67.0ms
[2025-08-01T03:51:11.229+0000] GC(1462)   Post Evacuate Collection Set: 1.2ms
[2025-08-01T03:51:11.229+0000] GC(1462)   Other: 0.1ms
[2025-08-01T03:51:11.229+0000] GC(1462) Eden regions: 203->0(154)
[2025-08-01T03:51:11.229+0000] GC(1462) Survivor regions: 36->30(30)
[2025-08-01T03:51:11.229+0000] GC(1462) Old regions: 1387->1529
[2025-08-01T03:51:11.229+0000] GC(1462) Humongous regions: 0->0
[2025-08-01T03:51:11.229+0000] GC(1462) Metaspace: 10593K(10816K)->10593K(10816K) NonClass: 9335K(9472K)->9335K(9472K) Class: 1258K(1344K)->1258K(1344K)
[2025-08-01T03:51:11.229+0000] GC(1462) Pause Young (Mixed) (G1 Evacuation Pause) 3251M->3117M(4096M) 70.528ms
[2025-08-01T03:51:11.229+0000] GC(1462) User=0.53s Sys=0.01s Real=0.07s
[2025-08-01T03:51:11.303+0000] GC(1463) Pause Young (Concurrent Start) (G1 Evacuation Pause)
[2025-08-01T03:51:11.303+0000] GC(1463) Using 8 workers of 8 for evacuation
[2025-08-01T03:51:11.394+0000] GC(1463)   Pre Evacuate Collection Set: 1.6ms
[2025-08-01T03:51:11.394+0000] GC(1463)   Merge Heap Roots: 0.5ms
[2025-08-01T03:51:11.394+0000] GC(1463)   Evacuate Collection Set: 87.3ms
[2025-08-01T03:51:11.394+0000] GC(1463)   Post Evacuate Collection Set: 1.5ms
[2025-08-01T03:51:11.394+0000] GC(1463)   Other: 0.2ms
[2025-08-01T03:51:11.394+0000] GC(1463) Eden regions: 154->0(103)
[2025-08-01T03:51:11.394+0000] GC(1463) Survivor regions: 30->23(23)
[2025-08-01T03:51:11.394+0000] GC(1463) Old regions: 1529->1692
[2025-08-01T03:51:11.394+0000] GC(1463) Humongous regions: 0->0
[2025-08-01T03:51:11.394+0000] GC(1463) Metaspace: 10593K(10816K)->10593K(10816K) NonClass: 9335K(9472K)->9335K(9472K) Class: 1258K(1344K)->1258K(1344K)
[2025-08-01T03:51:11.394+0000] GC(1463) Pause Young (Concurrent Start) (G1 Evacuation Pause) 3425M->3429M(4096M) 91.326ms
[2025-08-01T03:51:11.394+0000] GC(1463) User=0.66s Sys=0.01s Real=0.09s
[2025-08-01T03:51:11.394+0000] GC(1464) Concurrent Mark Cycle
[2025-08-01T03:51:11.394+0000] GC(1464) Concurrent Scan Root Regions
[2025-08-01T03:51:11.422+0000] GC(1465) Pause Young (Normal) (G1 Evacuation Pause)
[2025-08-01T03:51:11.422+0000] GC(1465) Using 8 workers of 8 for evacuation
[2025-08-01T03:51:11.434+0000] GC(1464) Concurrent Scan Root Regions 40.016ms
[2025-08-01T03:51:11.434+0000] GC(1464) Concurrent Mark
[2025-08-01T03:51:11.434+0000] GC(1464) Concurrent Mark From Roots
[2025-08-01T03:51:11.434+0000] GC(1464) Using 2 workers of 2 for marking
[2025-08-01T03:51:11.478+0000] GC(1465)   Pre Evacuate Collection Set: 1.3ms
[2025-08-01T03:51:11.478+0000] GC(1465)   Merge Heap Roots: 0.3ms
[2025-08-01T03:51:11.478+0000] GC(1465)   Evacuate Collection Set: 40.5ms
[2025-08-01T03:51:11.478+0000] GC(1465)   Post Evacuate Collection Set: 1.0ms
[2025-08-01T03:51:11.478+0000] GC(1465)   Other: 0.1ms
[2025-08-01T03:51:11.478+0000] GC(1465) Eden regions: 103->0(86)
[2025-08-01T03:51:11.478+0000] GC(1465) Survivor regions: 23->16(16)
[2025-08-01T03:51:11.478+0000] GC(1465) Old regions: 1692->1804
[2025-08-01T03:51:11.478+0000] GC(1465) Humongous regions: 0->0
[2025-08-01T03:51:11.478+0000] GC(1465) Metaspace: 10593K(10816K)->10593K(10816K) NonClass: 9335K(9472K)->9335K(9472K) Class: 1258K(1344K)->1258K(1344K)
[2025-08-01T03:51:11.478+0000] GC(1465) Pause Young (Normal) (G1 Evacuation Pause) 3635M->3638M(4096M) 55.636ms
[2025-08-01T03:51:11.478+0000] GC(1465) User=0.34s Sys=0.01s Real=0.06s
[2025-08-01T03:51:11.509+0000] GC(1466) Pause Young (Normal) (G1 Evacuation Pause)
[2025-08-01T03:51:11.510+0000] GC(1466) Using 8 workers of 8 for evacuation
[2025-08-01T03:51:11.540+0000] GC(1466)   Pre Evacuate Collection Set: 0.5ms
[2025-08-01T03:51:11.540+0000] GC(1466)   Merge Heap Roots: 0.2ms
[2025-08-01T03:51:11.540+0000] GC(1466)   Evacuate Collection Set: 29.1ms
[2025-08-01T03:51:11.540+0000] GC(1466)   Post Evacuate Collection Set: 0.8ms
[2025-08-01T03:51:11.540+0000] GC(1466)   Other: 0.3ms
[2025-08-01T03:51:11.541+0000] GC(1466) Eden regions: 86->0(89)
[2025-08-01T03:51:11.541+0000] GC(1466) Survivor regions: 16->13(13)
[2025-08-01T03:51:11.541+0000] GC(1466) Old regions: 1804->1884
[2025-08-01T03:51:11.541+0000] GC(1466) Humongous regions: 0->0
[2025-08-01T03:51:11.541+0000] GC(1466) Metaspace: 10593K(10816K)->10593K(10816K) NonClass: 9335K(9472K)->9335K(9472K) Class: 1258K(1344K)->1258K(1344K)
[2025-08-01T03:51:11.541+0000] GC(1466) Pause Young (Normal) (G1 Evacuation Pause) 3810M->3793M(4096M) 31.177ms
[2025-08-01T03:51:11.541+0000] GC(1466) User=0.22s Sys=0.01s Real=0.03s
[2025-08-01T03:51:11.564+0000] GC(1467) Pause Young (Normal) (G1 Evacuation Pause)
[2025-08-01T03:51:11.565+0000] GC(1467) Using 8 workers of 8 for evacuation
[2025-08-01T03:51:11.594+0000] GC(1467)   Pre Evacuate Collection Set: 0.7ms
[2025-08-01T03:51:11.594+0000] GC(1467)   Merge Heap Roots: 0.1ms
[2025-08-01T03:51:11.594+0000] GC(1467)   Evacuate Collection Set: 24.9ms
[2025-08-01T03:51:11.594+0000] GC(1467)   Post Evacuate Collection Set: 3.8ms
[2025-08-01T03:51:11.594+0000] GC(1467)   Other: 0.1ms
[2025-08-01T03:51:11.594+0000] GC(1467) Eden regions: 89->0(22)
[2025-08-01T03:51:11.594+0000] GC(1467) Survivor regions: 13->13(13)
[2025-08-01T03:51:11.594+0000] GC(1467) Old regions: 1884->2000
[2025-08-01T03:51:11.594+0000] GC(1467) Humongous regions: 0->0
[2025-08-01T03:51:11.594+0000] GC(1467) Metaspace: 10593K(10816K)->10593K(10816K) NonClass: 9335K(9472K)->9335K(9472K) Class: 1258K(1344K)->1258K(1344K)
[2025-08-01T03:51:11.594+0000] GC(1467) Pause Young (Normal) (G1 Evacuation Pause) (Evacuation Failure) 3971M->4025M(4096M) 29.992ms
[2025-08-01T03:51:11.595+0000] GC(1467) User=0.22s Sys=0.00s Real=0.03s
[2025-08-01T03:51:11.599+0000] GC(1468) Pause Young (Normal) (G1 Evacuation Pause)
[2025-08-01T03:51:11.599+0000] GC(1468) Using 8 workers of 8 for evacuation
[2025-08-01T03:51:11.609+0000] GC(1468)   Pre Evacuate Collection Set: 0.5ms
[2025-08-01T03:51:11.609+0000] GC(1468)   Merge Heap Roots: 0.1ms
[2025-08-01T03:51:11.609+0000] GC(1468)   Evacuate Collection Set: 7.1ms
[2025-08-01T03:51:11.609+0000] GC(1468)   Post Evacuate Collection Set: 2.1ms
[2025-08-01T03:51:11.609+0000] GC(1468)   Other: 0.1ms
[2025-08-01T03:51:11.609+0000] GC(1468) Eden regions: 22->0(2)
[2025-08-01T03:51:11.609+0000] GC(1468) Survivor regions: 13->3(5)
[2025-08-01T03:51:11.609+0000] GC(1468) Old regions: 2000->2040
[2025-08-01T03:51:11.609+0000] GC(1468) Humongous regions: 0->0
[2025-08-01T03:51:11.609+0000] GC(1468) Metaspace: 10593K(10816K)->10593K(10816K) NonClass: 9335K(9472K)->9335K(9472K) Class: 1258K(1344K)->1258K(1344K)
[2025-08-01T03:51:11.609+0000] GC(1468) Pause Young (Normal) (G1 Evacuation Pause) (Evacuation Failure) 4069M->4085M(4096M) 10.188ms
[2025-08-01T03:51:11.609+0000] GC(1468) User=0.06s Sys=0.00s Real=0.01s
[2025-08-01T03:51:11.610+0000] GC(1469) Pause Young (Normal) (G1 Evacuation Pause)
[2025-08-01T03:51:11.610+0000] GC(1469) Using 8 workers of 8 for evacuation
[2025-08-01T03:51:11.613+0000] GC(1469)   Pre Evacuate Collection Set: 0.5ms
[2025-08-01T03:51:11.613+0000] GC(1469)   Merge Heap Roots: 0.1ms
[2025-08-01T03:51:11.613+0000] GC(1469)   Evacuate Collection Set: 1.2ms
[2025-08-01T03:51:11.613+0000] GC(1469)   Post Evacuate Collection Set: 1.0ms
[2025-08-01T03:51:11.613+0000] GC(1469)   Other: 0.1ms
[2025-08-01T03:51:11.613+0000] GC(1469) Eden regions: 2->0(0)
[2025-08-01T03:51:11.613+0000] GC(1469) Survivor regions: 3->1(1)
[2025-08-01T03:51:11.613+0000] GC(1469) Old regions: 2040->2047
[2025-08-01T03:51:11.613+0000] GC(1469) Humongous regions: 0->0
[2025-08-01T03:51:11.613+0000] GC(1469) Metaspace: 10593K(10816K)->10593K(10816K) NonClass: 9335K(9472K)->9335K(9472K) Class: 1258K(1344K)->1258K(1344K)
[2025-08-01T03:51:11.613+0000] GC(1469) Pause Young (Normal) (G1 Evacuation Pause) (Evacuation Failure) 4089M->4095M(4096M) 3.216ms
[2025-08-01T03:51:11.613+0000] GC(1469) User=0.01s Sys=0.00s Real=0.01s
[2025-08-01T03:51:11.613+0000] Attempting full compaction
[2025-08-01T03:51:11.613+0000] GC(1470) Pause Full (G1 Compaction Pause)
[2025-08-01T03:51:11.613+0000] GC(1470) Using 8 workers of 8 for full compaction
[2025-08-01T03:51:11.619+0000] GC(1470) Phase 1: Mark live objects
[2025-08-01T03:51:11.671+0000] GC(1470) Phase 1: Mark live objects 51.912ms
[2025-08-01T03:51:11.671+0000] GC(1470) Phase 2: Prepare compaction
[2025-08-01T03:51:11.688+0000] GC(1470) Phase 2: Prepare compaction 17.097ms
[2025-08-01T03:51:11.688+0000] GC(1470) Phase 3: Adjust pointers
[2025-08-01T03:51:11.742+0000] GC(1470) Phase 3: Adjust pointers 53.559ms
[2025-08-01T03:51:11.742+0000] GC(1470) Phase 4: Compact heap
[2025-08-01T03:51:11.787+0000] GC(1470) Phase 4: Compact heap 45.487ms
[2025-08-01T03:51:11.787+0000] GC(1470) Phase 5: Reset Metadata
[2025-08-01T03:51:11.836+0000] GC(1470) Phase 5: Reset Metadata 48.548ms
[2025-08-01T03:51:11.844+0000] GC(1470) Eden regions: 0->0(485)
[2025-08-01T03:51:11.844+0000] GC(1470) Survivor regions: 1->0(1)
[2025-08-01T03:51:11.844+0000] GC(1470) Old regions: 2047->584
[2025-08-01T03:51:11.844+0000] GC(1470) Humongous regions: 0->0
[2025-08-01T03:51:11.844+0000] GC(1470) Metaspace: 10593K(10816K)->10593K(10816K) NonClass: 9335K(9472K)->9335K(9472K) Class: 1258K(1344K)->1258K(1344K)
[2025-08-01T03:51:11.844+0000] GC(1470) Pause Full (G1 Compaction Pause) 4095M->1159M(4096M) 230.778ms
[2025-08-01T03:51:11.844+0000] GC(1470) User=1.68s Sys=0.04s Real=0.23s
[2025-08-01T03:51:11.844+0000] GC(1464) Concurrent Mark From Roots 409.742ms
[2025-08-01T03:51:11.844+0000] GC(1464) Concurrent Mark Abort
[2025-08-01T03:51:11.844+0000] GC(1464) Concurrent Mark Cycle 449.905ms
[2025-08-01T03:51:12.039+0000] GC(1471) Pause Young (Normal) (G1 Evacuation Pause)
[2025-08-01T03:51:12.039+0000] GC(1471) Using 8 workers of 8 for evacuation
[2025-08-01T03:51:12.201+0000] GC(1471)   Pre Evacuate Collection Set: 1.4ms
[2025-08-01T03:51:12.201+0000] GC(1471)   Merge Heap Roots: 0.3ms
[2025-08-01T03:51:12.201+0000] GC(1471)   Evacuate Collection Set: 159.5ms
[2025-08-01T03:51:12.201+0000] GC(1471)   Post Evacuate Collection Set: 1.1ms
[2025-08-01T03:51:12.201+0000] GC(1471)   Other: 0.2ms
[2025-08-01T03:51:12.201+0000] GC(1471) Eden regions: 485->0(390)
[2025-08-01T03:51:12.201+0000] GC(1471) Survivor regions: 0->61(61)
[2025-08-01T03:51:12.202+0000] GC(1471) Old regions: 584->818
[2025-08-01T03:51:12.202+0000] GC(1471) Humongous regions: 0->0
[2025-08-01T03:51:12.202+0000] GC(1471) Metaspace: 10593K(10816K)->10593K(10816K) NonClass: 9335K(9472K)->9335K(9472K) Class: 1258K(1344K)->1258K(1344K)
[2025-08-01T03:51:12.202+0000] GC(1471) Pause Young (Normal) (G1 Evacuation Pause) 2129M->1748M(4096M) 162.855ms
[2025-08-01T03:51:12.202+0000] GC(1471) User=1.22s Sys=0.04s Real=0.16s
[2025-08-01T03:51:12.364+0000] GC(1472) Pause Young (Concurrent Start) (G1 Evacuation Pause)
[2025-08-01T03:51:12.364+0000] GC(1472) Using 8 workers of 8 for evacuation
[2025-08-01T03:51:12.526+0000] GC(1472)   Pre Evacuate Collection Set: 3.7ms
[2025-08-01T03:51:12.526+0000] GC(1472)   Merge Heap Roots: 0.4ms
[2025-08-01T03:51:12.526+0000] GC(1472)   Evacuate Collection Set: 156.1ms
[2025-08-01T03:51:12.526+0000] GC(1472)   Post Evacuate Collection Set: 1.0ms
[2025-08-01T03:51:12.526+0000] GC(1472)   Other: 0.8ms
[2025-08-01T03:51:12.526+0000] GC(1472) Eden regions: 390->0(285)
[2025-08-01T03:51:12.526+0000] GC(1472) Survivor regions: 61->57(57)
[2025-08-01T03:51:12.526+0000] GC(1472) Old regions: 818->1114
[2025-08-01T03:51:12.526+0000] GC(1472) Humongous regions: 0->0
[2025-08-01T03:51:12.526+0000] GC(1472) Metaspace: 10593K(10816K)->10593K(10816K) NonClass: 9335K(9472K)->9335K(9472K) Class: 1258K(1344K)->1258K(1344K)
[2025-08-01T03:51:12.526+0000] GC(1472) Pause Young (Concurrent Start) (G1 Evacuation Pause) 2528M->2333M(4096M) 162.356ms
[2025-08-01T03:51:12.527+0000] GC(1472) User=1.15s Sys=0.05s Real=0.16s
[2025-08-01T03:51:12.527+0000] GC(1473) Concurrent Mark Cycle
[2025-08-01T03:51:12.527+0000] GC(1473) Concurrent Scan Root Regions
[2025-08-01T03:51:12.596+0000] GC(1473) Concurrent Scan Root Regions 69.191ms
[2025-08-01T03:51:12.596+0000] GC(1473) Concurrent Mark
[2025-08-01T03:51:12.596+0000] GC(1473) Concurrent Mark From Roots
[2025-08-01T03:51:12.596+0000] GC(1473) Using 2 workers of 2 for marking
[2025-08-01T03:51:12.663+0000] GC(1474) Pause Young (Normal) (G1 Evacuation Pause)
[2025-08-01T03:51:12.663+0000] GC(1474) Using 8 workers of 8 for evacuation
[2025-08-01T03:51:12.702+0000] GC(1474)   Pre Evacuate Collection Set: 0.5ms
[2025-08-01T03:51:12.702+0000] GC(1474)   Merge Heap Roots: 0.1ms
[2025-08-01T03:51:12.702+0000] GC(1474)   Evacuate Collection Set: 36.7ms
[2025-08-01T03:51:12.702+0000] GC(1474)   Post Evacuate Collection Set: 1.3ms
[2025-08-01T03:51:12.702+0000] GC(1474)   Other: 0.1ms
[2025-08-01T03:51:12.702+0000] GC(1474) Eden regions: 285->0(291)
[2025-08-01T03:51:12.702+0000] GC(1474) Survivor regions: 57->43(43)
[2025-08-01T03:51:12.702+0000] GC(1474) Old regions: 1114->1173
[2025-08-01T03:51:12.702+0000] GC(1474) Humongous regions: 0->0
[2025-08-01T03:51:12.702+0000] GC(1474) Metaspace: 10593K(10816K)->10593K(10816K) NonClass: 9335K(9472K)->9335K(9472K) Class: 1258K(1344K)->1258K(1344K)
[2025-08-01T03:51:12.702+0000] GC(1474) Pause Young (Normal) (G1 Evacuation Pause) 2903M->2423M(4096M) 39.084ms
[2025-08-01T03:51:12.702+0000] GC(1474) User=0.28s Sys=0.01s Real=0.03s
[2025-08-01T03:51:12.706+0000] GC(1473) Concurrent Mark From Roots 109.863ms
[2025-08-01T03:51:12.706+0000] GC(1473) Concurrent Preclean
[2025-08-01T03:51:12.706+0000] GC(1473) Concurrent Preclean 0.084ms
[2025-08-01T03:51:12.707+0000] GC(1473) Pause Remark
[2025-08-01T03:51:12.711+0000] GC(1473) Pause Remark 2469M->1351M(4096M) 4.165ms
[2025-08-01T03:51:12.711+0000] GC(1473) User=0.02s Sys=0.00s Real=0.00s
[2025-08-01T03:51:12.711+0000] GC(1473) Concurrent Mark 114.978ms
[2025-08-01T03:51:12.711+0000] GC(1473) Concurrent Rebuild Remembered Sets and Scrub Regions
[2025-08-01T03:51:12.807+0000] GC(1475) Pause Young (Normal) (G1 Evacuation Pause)
[2025-08-01T03:51:12.807+0000] GC(1475) Using 8 workers of 8 for evacuation
[2025-08-01T03:51:12.929+0000] GC(1475)   Pre Evacuate Collection Set: 0.6ms
[2025-08-01T03:51:12.929+0000] GC(1475)   Merge Heap Roots: 0.9ms
[2025-08-01T03:51:12.929+0000] GC(1475)   Evacuate Collection Set: 119.4ms
[2025-08-01T03:51:12.929+0000] GC(1475)   Post Evacuate Collection Set: 1.3ms
[2025-08-01T03:51:12.929+0000] GC(1475)   Other: 0.1ms
[2025-08-01T03:51:12.929+0000] GC(1475) Eden regions: 291->0(368)
[2025-08-01T03:51:12.929+0000] GC(1475) Survivor regions: 43->42(42)
[2025-08-01T03:51:12.929+0000] GC(1475) Old regions: 610->903
[2025-08-01T03:51:12.929+0000] GC(1475) Humongous regions: 0->0
[2025-08-01T03:51:12.929+0000] GC(1475) Metaspace: 10593K(10816K)->10593K(10816K) NonClass: 9335K(9472K)->9335K(9472K) Class: 1258K(1344K)->1258K(1344K)
[2025-08-01T03:51:12.930+0000] GC(1475) Pause Young (Normal) (G1 Evacuation Pause) 1887M->1889M(4096M) 122.769ms
[2025-08-01T03:51:12.930+0000] GC(1475) User=0.93s Sys=0.03s Real=0.12s
[2025-08-01T03:51:12.966+0000] GC(1473) Concurrent Rebuild Remembered Sets and Scrub Regions 255.087ms
[2025-08-01T03:51:12.966+0000] GC(1473) Pause Cleanup
[2025-08-01T03:51:12.967+0000] GC(1473) Pause Cleanup 2088M->2088M(4096M) 0.915ms
[2025-08-01T03:51:12.967+0000] GC(1473) User=0.00s Sys=0.00s Real=0.00s
[2025-08-01T03:51:12.968+0000] GC(1473) Concurrent Clear Claimed Marks
[2025-08-01T03:51:12.968+0000] GC(1473) Concurrent Clear Claimed Marks 0.037ms
[2025-08-01T03:51:12.968+0000] GC(1473) Concurrent Cleanup for Next Mark
[2025-08-01T03:51:12.976+0000] GC(1473) Concurrent Cleanup for Next Mark 8.375ms
[2025-08-01T03:51:12.976+0000] GC(1473) Concurrent Mark Cycle 449.277ms
[2025-08-01T03:51:13.085+0000] GC(1476) Pause Young (Prepare Mixed) (G1 Evacuation Pause)
[2025-08-01T03:51:13.085+0000] GC(1476) Using 8 workers of 8 for evacuation
[2025-08-01T03:51:13.238+0000] GC(1476)   Pre Evacuate Collection Set: 1.2ms
[2025-08-01T03:51:13.238+0000] GC(1476)   Merge Heap Roots: 0.2ms
[2025-08-01T03:51:13.238+0000] GC(1476)   Evacuate Collection Set: 150.1ms
[2025-08-01T03:51:13.238+0000] GC(1476)   Post Evacuate Collection Set: 1.4ms
[2025-08-01T03:51:13.238+0000] GC(1476)   Other: 0.1ms
[2025-08-01T03:51:13.238+0000] GC(1476) Eden regions: 368->0(268)
[2025-08-01T03:51:13.238+0000] GC(1476) Survivor regions: 42->52(52)
[2025-08-01T03:51:13.238+0000] GC(1476) Old regions: 903->1175
[2025-08-01T03:51:13.238+0000] GC(1476) Humongous regions: 0->0
[2025-08-01T03:51:13.238+0000] GC(1476) Metaspace: 10593K(10816K)->10593K(10816K) NonClass: 9335K(9472K)->9335K(9472K) Class: 1258K(1344K)->1258K(1344K)
[2025-08-01T03:51:13.238+0000] GC(1476) Pause Young (Prepare Mixed) (G1 Evacuation Pause) 2625M->2452M(4096M) 153.249ms
[2025-08-01T03:51:13.238+0000] GC(1476) User=1.17s Sys=0.03s Real=0.15s
[2025-08-01T03:51:13.335+0000] GC(1477) Pause Young (Mixed) (G1 Evacuation Pause)
[2025-08-01T03:51:13.335+0000] GC(1477) Using 8 workers of 8 for evacuation
[2025-08-01T03:51:13.402+0000] GC(1477)   Pre Evacuate Collection Set: 1.0ms
[2025-08-01T03:51:13.402+0000] GC(1477)   Merge Heap Roots: 0.7ms
[2025-08-01T03:51:13.402+0000] GC(1477)   Evacuate Collection Set: 63.7ms
[2025-08-01T03:51:13.402+0000] GC(1477)   Post Evacuate Collection Set: 1.5ms
[2025-08-01T03:51:13.402+0000] GC(1477)   Other: 0.1ms
[2025-08-01T03:51:13.402+0000] GC(1477) Eden regions: 268->0(267)
[2025-08-01T03:51:13.402+0000] GC(1477) Survivor regions: 52->40(40)
[2025-08-01T03:51:13.402+0000] GC(1477) Old regions: 1175->1247
[2025-08-01T03:51:13.402+0000] GC(1477) Humongous regions: 0->0
[2025-08-01T03:51:13.402+0000] GC(1477) Metaspace: 10593K(10816K)->10593K(10816K) NonClass: 9335K(9472K)->9335K(9472K) Class: 1258K(1344K)->1258K(1344K)
[2025-08-01T03:51:13.402+0000] GC(1477) Pause Young (Mixed) (G1 Evacuation Pause) 2988M->2573M(4096M) 67.369ms
[2025-08-01T03:51:13.402+0000] GC(1477) User=0.48s Sys=0.02s Real=0.06s
[2025-08-01T03:51:13.499+0000] GC(1478) Pause Young (Concurrent Start) (G1 Evacuation Pause)
[2025-08-01T03:51:13.499+0000] GC(1478) Using 8 workers of 8 for evacuation
[2025-08-01T03:51:13.630+0000] GC(1478)   Pre Evacuate Collection Set: 1.3ms
[2025-08-01T03:51:13.630+0000] GC(1478)   Merge Heap Roots: 0.4ms
[2025-08-01T03:51:13.630+0000] GC(1478)   Evacuate Collection Set: 128.0ms
[2025-08-01T03:51:13.630+0000] GC(1478)   Post Evacuate Collection Set: 0.8ms
[2025-08-01T03:51:13.630+0000] GC(1478)   Other: 0.3ms
[2025-08-01T03:51:13.630+0000] GC(1478) Eden regions: 267->0(159)
[2025-08-01T03:51:13.630+0000] GC(1478) Survivor regions: 40->39(39)
[2025-08-01T03:51:13.630+0000] GC(1478) Old regions: 1247->1517
[2025-08-01T03:51:13.630+0000] GC(1478) Humongous regions: 0->0
[2025-08-01T03:51:13.630+0000] GC(1478) Metaspace: 10593K(10816K)->10593K(10816K) NonClass: 9335K(9472K)->9335K(9472K) Class: 1258K(1344K)->1258K(1344K)
[2025-08-01T03:51:13.630+0000] GC(1478) Pause Young (Concurrent Start) (G1 Evacuation Pause) 3107M->3110M(4096M) 131.022ms
[2025-08-01T03:51:13.630+0000] GC(1478) User=0.91s Sys=0.05s Real=0.13s
[2025-08-01T03:51:13.630+0000] GC(1479) Concurrent Mark Cycle
[2025-08-01T03:51:13.630+0000] GC(1479) Concurrent Scan Root Regions
[2025-08-01T03:51:13.692+0000] GC(1479) Concurrent Scan Root Regions 61.792ms
[2025-08-01T03:51:13.692+0000] GC(1479) Concurrent Mark
[2025-08-01T03:51:13.692+0000] GC(1479) Concurrent Mark From Roots
[2025-08-01T03:51:13.692+0000] GC(1479) Using 2 workers of 2 for marking
[2025-08-01T03:51:13.706+0000] GC(1480) Pause Young (Normal) (G1 Evacuation Pause)
[2025-08-01T03:51:13.706+0000] GC(1480) Using 8 workers of 8 for evacuation
[2025-08-01T03:51:13.773+0000] GC(1480)   Pre Evacuate Collection Set: 1.1ms
[2025-08-01T03:51:13.773+0000] GC(1480)   Merge Heap Roots: 0.6ms
[2025-08-01T03:51:13.773+0000] GC(1480)   Evacuate Collection Set: 63.6ms
[2025-08-01T03:51:13.773+0000] GC(1480)   Post Evacuate Collection Set: 1.5ms
[2025-08-01T03:51:13.773+0000] GC(1480)   Other: 0.1ms
[2025-08-01T03:51:13.773+0000] GC(1480) Eden regions: 159->0(103)
[2025-08-01T03:51:13.773+0000] GC(1480) Survivor regions: 39->25(25)
[2025-08-01T03:51:13.773+0000] GC(1480) Old regions: 1517->1691
[2025-08-01T03:51:13.774+0000] GC(1480) Humongous regions: 0->0
[2025-08-01T03:51:13.774+0000] GC(1480) Metaspace: 10593K(10816K)->10593K(10816K) NonClass: 9335K(9472K)->9335K(9472K) Class: 1258K(1344K)->1258K(1344K)
[2025-08-01T03:51:13.774+0000] GC(1480) Pause Young (Normal) (G1 Evacuation Pause) 3428M->3431M(4096M) 67.272ms
[2025-08-01T03:51:13.774+0000] GC(1480) User=0.50s Sys=0.01s Real=0.07s
[2025-08-01T03:51:13.793+0000] GC(1481) Pause Young (Normal) (G1 Evacuation Pause)
[2025-08-01T03:51:13.793+0000] GC(1481) Using 8 workers of 8 for evacuation
[2025-08-01T03:51:13.835+0000] GC(1481)   Pre Evacuate Collection Set: 0.7ms
[2025-08-01T03:51:13.835+0000] GC(1481)   Merge Heap Roots: 0.2ms
[2025-08-01T03:51:13.835+0000] GC(1481)   Evacuate Collection Set: 40.0ms
[2025-08-01T03:51:13.835+0000] GC(1481)   Post Evacuate Collection Set: 0.9ms
[2025-08-01T03:51:13.835+0000] GC(1481)   Other: 0.1ms
[2025-08-01T03:51:13.835+0000] GC(1481) Eden regions: 103->0(86)
[2025-08-01T03:51:13.835+0000] GC(1481) Survivor regions: 25->16(16)
[2025-08-01T03:51:13.835+0000] GC(1481) Old regions: 1691->1804
[2025-08-01T03:51:13.835+0000] GC(1481) Humongous regions: 0->0
[2025-08-01T03:51:13.835+0000] GC(1481) Metaspace: 10593K(10816K)->10593K(10816K) NonClass: 9335K(9472K)->9335K(9472K) Class: 1258K(1344K)->1258K(1344K)
[2025-08-01T03:51:13.835+0000] GC(1481) Pause Young (Normal) (G1 Evacuation Pause) 3637M->3639M(4096M) 42.230ms
[2025-08-01T03:51:13.835+0000] GC(1481) User=0.31s Sys=0.00s Real=0.04s
[2025-08-01T03:51:13.859+0000] GC(1482) Pause Young (Normal) (G1 Evacuation Pause)
[2025-08-01T03:51:13.859+0000] GC(1482) Using 8 workers of 8 for evacuation
[2025-08-01T03:51:13.886+0000] GC(1482)   Pre Evacuate Collection Set: 0.6ms
[2025-08-01T03:51:13.886+0000] GC(1482)   Merge Heap Roots: 0.2ms
[2025-08-01T03:51:13.887+0000] GC(1482)   Evacuate Collection Set: 25.5ms
[2025-08-01T03:51:13.887+0000] GC(1482)   Post Evacuate Collection Set: 0.9ms
[2025-08-01T03:51:13.887+0000] GC(1482)   Other: 0.1ms
[2025-08-01T03:51:13.887+0000] GC(1482) Eden regions: 86->0(89)
[2025-08-01T03:51:13.887+0000] GC(1482) Survivor regions: 16->13(13)
[2025-08-01T03:51:13.887+0000] GC(1482) Old regions: 1804->1872
[2025-08-01T03:51:13.887+0000] GC(1482) Humongous regions: 0->0
[2025-08-01T03:51:13.887+0000] GC(1482) Metaspace: 10593K(10816K)->10593K(10816K) NonClass: 9335K(9472K)->9335K(9472K) Class: 1258K(1344K)->1258K(1344K)
[2025-08-01T03:51:13.887+0000] GC(1482) Pause Young (Normal) (G1 Evacuation Pause) 3811M->3768M(4096M) 27.627ms
[2025-08-01T03:51:13.887+0000] GC(1482) User=0.19s Sys=0.01s Real=0.03s
[2025-08-01T03:51:13.893+0000] GC(1479) Concurrent Mark From Roots 201.132ms
[2025-08-01T03:51:13.893+0000] GC(1479) Concurrent Preclean
[2025-08-01T03:51:13.893+0000] GC(1479) Concurrent Preclean 0.027ms
[2025-08-01T03:51:13.895+0000] GC(1479) Pause Remark
[2025-08-01T03:51:13.898+0000] GC(1479) Pause Remark 3830M->1622M(4096M) 3.083ms
[2025-08-01T03:51:13.898+0000] GC(1479) User=0.01s Sys=0.01s Real=0.00s
[2025-08-01T03:51:13.898+0000] GC(1479) Concurrent Mark 205.722ms
[2025-08-01T03:51:13.898+0000] GC(1479) Concurrent Rebuild Remembered Sets and Scrub Regions
[2025-08-01T03:51:13.913+0000] GC(1483) Pause Young (Normal) (G1 Evacuation Pause)
[2025-08-01T03:51:13.913+0000] GC(1483) Using 8 workers of 8 for evacuation
[2025-08-01T03:51:13.939+0000] GC(1483)   Pre Evacuate Collection Set: 0.6ms
[2025-08-01T03:51:13.940+0000] GC(1483)   Merge Heap Roots: 0.2ms
[2025-08-01T03:51:13.940+0000] GC(1483)   Evacuate Collection Set: 25.0ms
[2025-08-01T03:51:13.940+0000] GC(1483)   Post Evacuate Collection Set: 1.0ms
[2025-08-01T03:51:13.940+0000] GC(1483)   Other: 0.1ms
[2025-08-01T03:51:13.940+0000] GC(1483) Eden regions: 89->0(392)
[2025-08-01T03:51:13.940+0000] GC(1483) Survivor regions: 13->13(13)
[2025-08-01T03:51:13.940+0000] GC(1483) Old regions: 768->839
[2025-08-01T03:51:13.940+0000] GC(1483) Humongous regions: 0->0
[2025-08-01T03:51:13.940+0000] GC(1483) Metaspace: 10593K(10816K)->10593K(10816K) NonClass: 9335K(9472K)->9335K(9472K) Class: 1258K(1344K)->1258K(1344K)
[2025-08-01T03:51:13.940+0000] GC(1483) Pause Young (Normal) (G1 Evacuation Pause) 1738M->1703M(4096M) 27.133ms
[2025-08-01T03:51:13.940+0000] GC(1483) User=0.20s Sys=0.00s Real=0.03s
[2025-08-01T03:51:14.107+0000] GC(1484) Pause Young (Normal) (G1 Evacuation Pause)
[2025-08-01T03:51:14.107+0000] GC(1484) Using 8 workers of 8 for evacuation
[2025-08-01T03:51:14.198+0000] GC(1484)   Pre Evacuate Collection Set: 0.7ms
[2025-08-01T03:51:14.198+0000] GC(1484)   Merge Heap Roots: 0.4ms
[2025-08-01T03:51:14.198+0000] GC(1484)   Evacuate Collection Set: 88.6ms
[2025-08-01T03:51:14.198+0000] GC(1484)   Post Evacuate Collection Set: 1.0ms
[2025-08-01T03:51:14.198+0000] GC(1484)   Other: 0.1ms
[2025-08-01T03:51:14.198+0000] GC(1484) Eden regions: 392->0(297)
[2025-08-01T03:51:14.198+0000] GC(1484) Survivor regions: 13->51(51)
[2025-08-01T03:51:14.198+0000] GC(1484) Old regions: 839->1088
[2025-08-01T03:51:14.198+0000] GC(1484) Humongous regions: 0->0
[2025-08-01T03:51:14.198+0000] GC(1484) Metaspace: 10593K(10816K)->10593K(10816K) NonClass: 9335K(9472K)->9335K(9472K) Class: 1258K(1344K)->1258K(1344K)
[2025-08-01T03:51:14.198+0000] GC(1484) Pause Young (Normal) (G1 Evacuation Pause) 2487M->2276M(4096M) 91.104ms
[2025-08-01T03:51:14.198+0000] GC(1484) User=0.71s Sys=0.00s Real=0.09s
[2025-08-01T03:51:14.220+0000] GC(1479) Concurrent Rebuild Remembered Sets and Scrub Regions 322.408ms
[2025-08-01T03:51:14.221+0000] GC(1479) Pause Cleanup
[2025-08-01T03:51:14.222+0000] GC(1479) Pause Cleanup 2505M->2505M(4096M) 1.005ms
[2025-08-01T03:51:14.222+0000] GC(1479) User=0.00s Sys=0.00s Real=0.00s
[2025-08-01T03:51:14.223+0000] GC(1479) Concurrent Clear Claimed Marks
[2025-08-01T03:51:14.223+0000] GC(1479) Concurrent Clear Claimed Marks 0.030ms
[2025-08-01T03:51:14.223+0000] GC(1479) Concurrent Cleanup for Next Mark
[2025-08-01T03:51:14.231+0000] GC(1479) Concurrent Cleanup for Next Mark 8.573ms
[2025-08-01T03:51:14.231+0000] GC(1479) Concurrent Mark Cycle 601.127ms
[2025-08-01T03:51:14.299+0000] GC(1485) Pause Young (Prepare Mixed) (G1 Evacuation Pause)
[2025-08-01T03:51:14.299+0000] GC(1485) Using 8 workers of 8 for evacuation
[2025-08-01T03:51:14.433+0000] GC(1485)   Pre Evacuate Collection Set: 1.5ms
[2025-08-01T03:51:14.433+0000] GC(1485)   Merge Heap Roots: 0.2ms
[2025-08-01T03:51:14.433+0000] GC(1485)   Evacuate Collection Set: 130.9ms
[2025-08-01T03:51:14.433+0000] GC(1485)   Post Evacuate Collection Set: 1.0ms
[2025-08-01T03:51:14.433+0000] GC(1485)   Other: 0.2ms
[2025-08-01T03:51:14.433+0000] GC(1485) Eden regions: 297->0(190)
[2025-08-01T03:51:14.433+0000] GC(1485) Survivor regions: 51->44(44)
[2025-08-01T03:51:14.433+0000] GC(1485) Old regions: 1088->1393
[2025-08-01T03:51:14.433+0000] GC(1485) Humongous regions: 0->0
[2025-08-01T03:51:14.433+0000] GC(1485) Metaspace: 10593K(10816K)->10593K(10816K) NonClass: 9335K(9472K)->9335K(9472K) Class: 1258K(1344K)->1258K(1344K)
[2025-08-01T03:51:14.433+0000] GC(1485) Pause Young (Prepare Mixed) (G1 Evacuation Pause) 2870M->2872M(4096M) 134.048ms
[2025-08-01T03:51:14.433+0000] GC(1485) User=1.02s Sys=0.02s Real=0.14s
[2025-08-01T03:51:14.509+0000] GC(1486) Pause Young (Mixed) (G1 Evacuation Pause)
[2025-08-01T03:51:14.509+0000] GC(1486) Using 8 workers of 8 for evacuation
[2025-08-01T03:51:14.581+0000] GC(1486)   Pre Evacuate Collection Set: 2.4ms
[2025-08-01T03:51:14.582+0000] GC(1486)   Merge Heap Roots: 0.6ms
[2025-08-01T03:51:14.582+0000] GC(1486)   Evacuate Collection Set: 68.2ms
[2025-08-01T03:51:14.582+0000] GC(1486)   Post Evacuate Collection Set: 1.0ms
[2025-08-01T03:51:14.582+0000] GC(1486)   Other: 0.1ms
[2025-08-01T03:51:14.582+0000] GC(1486) Eden regions: 190->0(161)
[2025-08-01T03:51:14.582+0000] GC(1486) Survivor regions: 44->30(30)
[2025-08-01T03:51:14.582+0000] GC(1486) Old regions: 1393->1511
[2025-08-01T03:51:14.582+0000] GC(1486) Humongous regions: 0->0
[2025-08-01T03:51:14.582+0000] GC(1486) Metaspace: 10593K(10816K)->10593K(10816K) NonClass: 9335K(9472K)->9335K(9472K) Class: 1258K(1344K)->1258K(1344K)
[2025-08-01T03:51:14.582+0000] GC(1486) Pause Young (Mixed) (G1 Evacuation Pause) 3252M->3080M(4096M) 72.670ms
[2025-08-01T03:51:14.582+0000] GC(1486) User=0.51s Sys=0.03s Real=0.07s
[2025-08-01T03:51:14.657+0000] GC(1487) Pause Young (Concurrent Start) (G1 Evacuation Pause)
[2025-08-01T03:51:14.657+0000] GC(1487) Using 8 workers of 8 for evacuation
[2025-08-01T03:51:14.728+0000] GC(1487)   Pre Evacuate Collection Set: 0.6ms
[2025-08-01T03:51:14.728+0000] GC(1487)   Merge Heap Roots: 0.6ms
[2025-08-01T03:51:14.728+0000] GC(1487)   Evacuate Collection Set: 68.5ms
[2025-08-01T03:51:14.728+0000] GC(1487)   Post Evacuate Collection Set: 1.1ms
[2025-08-01T03:51:14.728+0000] GC(1487)   Other: 0.4ms
[2025-08-01T03:51:14.728+0000] GC(1487) Eden regions: 161->0(131)
[2025-08-01T03:51:14.728+0000] GC(1487) Survivor regions: 30->24(24)
[2025-08-01T03:51:14.728+0000] GC(1487) Old regions: 1511->1621
[2025-08-01T03:51:14.728+0000] GC(1487) Humongous regions: 0->0
[2025-08-01T03:51:14.728+0000] GC(1487) Metaspace: 10593K(10816K)->10593K(10816K) NonClass: 9335K(9472K)->9335K(9472K) Class: 1258K(1344K)->1258K(1344K)
[2025-08-01T03:51:14.728+0000] GC(1487) Pause Young (Concurrent Start) (G1 Evacuation Pause) 3402M->3288M(4096M) 71.570ms
[2025-08-01T03:51:14.729+0000] GC(1487) User=0.53s Sys=0.01s Real=0.07s
[2025-08-01T03:51:14.729+0000] GC(1488) Concurrent Mark Cycle
[2025-08-01T03:51:14.729+0000] GC(1488) Concurrent Scan Root Regions
[2025-08-01T03:51:14.782+0000] GC(1488) Concurrent Scan Root Regions 53.358ms
[2025-08-01T03:51:14.782+0000] GC(1488) Concurrent Mark
[2025-08-01T03:51:14.782+0000] GC(1488) Concurrent Mark From Roots
[2025-08-01T03:51:14.782+0000] GC(1488) Using 2 workers of 2 for marking
[2025-08-01T03:51:14.814+0000] GC(1489) Pause Young (Normal) (G1 Evacuation Pause)
[2025-08-01T03:51:14.814+0000] GC(1489) Using 8 workers of 8 for evacuation
[2025-08-01T03:51:14.859+0000] GC(1489)   Pre Evacuate Collection Set: 0.6ms
[2025-08-01T03:51:14.859+0000] GC(1489)   Merge Heap Roots: 0.1ms
[2025-08-01T03:51:14.859+0000] GC(1489)   Evacuate Collection Set: 43.0ms
[2025-08-01T03:51:14.859+0000] GC(1489)   Post Evacuate Collection Set: 1.0ms
[2025-08-01T03:51:14.859+0000] GC(1489)   Other: 0.3ms
[2025-08-01T03:51:14.859+0000] GC(1489) Eden regions: 131->0(88)
[2025-08-01T03:51:14.859+0000] GC(1489) Survivor regions: 24->20(20)
[2025-08-01T03:51:14.859+0000] GC(1489) Old regions: 1621->1745
[2025-08-01T03:51:14.859+0000] GC(1489) Humongous regions: 0->0
[2025-08-01T03:51:14.859+0000] GC(1489) Metaspace: 10593K(10816K)->10593K(10816K) NonClass: 9335K(9472K)->9335K(9472K) Class: 1258K(1344K)->1258K(1344K)
[2025-08-01T03:51:14.859+0000] GC(1489) Pause Young (Normal) (G1 Evacuation Pause) 3550M->3528M(4096M) 45.259ms
[2025-08-01T03:51:14.859+0000] GC(1489) User=0.34s Sys=0.00s Real=0.04s
[2025-08-01T03:51:14.877+0000] GC(1490) Pause Young (Normal) (G1 Evacuation Pause)
[2025-08-01T03:51:14.877+0000] GC(1490) Using 8 workers of 8 for evacuation
[2025-08-01T03:51:14.912+0000] GC(1490)   Pre Evacuate Collection Set: 0.6ms
[2025-08-01T03:51:14.912+0000] GC(1490)   Merge Heap Roots: 0.2ms
[2025-08-01T03:51:14.912+0000] GC(1490)   Evacuate Collection Set: 32.9ms
[2025-08-01T03:51:14.912+0000] GC(1490)   Post Evacuate Collection Set: 0.7ms
[2025-08-01T03:51:14.912+0000] GC(1490)   Other: 0.1ms
[2025-08-01T03:51:14.912+0000] GC(1490) Eden regions: 88->0(88)
[2025-08-01T03:51:14.912+0000] GC(1490) Survivor regions: 20->14(14)
[2025-08-01T03:51:14.912+0000] GC(1490) Old regions: 1745->1841
[2025-08-01T03:51:14.912+0000] GC(1490) Humongous regions: 0->0
[2025-08-01T03:51:14.912+0000] GC(1490) Metaspace: 10593K(10816K)->10593K(10816K) NonClass: 9335K(9472K)->9335K(9472K) Class: 1258K(1344K)->1258K(1344K)
[2025-08-01T03:51:14.912+0000] GC(1490) Pause Young (Normal) (G1 Evacuation Pause) 3704M->3709M(4096M) 34.994ms
[2025-08-01T03:51:14.912+0000] GC(1490) User=0.26s Sys=0.00s Real=0.03s
[2025-08-01T03:51:14.958+0000] GC(1488) Concurrent Mark From Roots 175.488ms
[2025-08-01T03:51:14.958+0000] GC(1488) Concurrent Preclean
[2025-08-01T03:51:14.958+0000] GC(1488) Concurrent Preclean 0.025ms
[2025-08-01T03:51:14.958+0000] GC(1488) Pause Remark
[2025-08-01T03:51:14.961+0000] GC(1488) Pause Remark 3867M->1501M(4096M) 3.112ms
[2025-08-01T03:51:14.961+0000] GC(1488) User=0.01s Sys=0.00s Real=0.00s
[2025-08-01T03:51:14.961+0000] GC(1488) Concurrent Mark 179.082ms
[2025-08-01T03:51:14.961+0000] GC(1488) Concurrent Rebuild Remembered Sets and Scrub Regions
[2025-08-01T03:51:14.979+0000] GC(1491) Pause Young (Normal) (G1 Evacuation Pause)
[2025-08-01T03:51:14.979+0000] GC(1491) Using 8 workers of 8 for evacuation
[2025-08-01T03:51:15.019+0000] GC(1491)   Pre Evacuate Collection Set: 0.7ms
[2025-08-01T03:51:15.019+0000] GC(1491)   Merge Heap Roots: 0.3ms
[2025-08-01T03:51:15.019+0000] GC(1491)   Evacuate Collection Set: 38.2ms
[2025-08-01T03:51:15.019+0000] GC(1491)   Post Evacuate Collection Set: 1.0ms
[2025-08-01T03:51:15.019+0000] GC(1491)   Other: 0.2ms
[2025-08-01T03:51:15.019+0000] GC(1491) Eden regions: 88->0(438)
[2025-08-01T03:51:15.019+0000] GC(1491) Survivor regions: 14->13(13)
[2025-08-01T03:51:15.019+0000] GC(1491) Old regions: 658->749
[2025-08-01T03:51:15.019+0000] GC(1491) Humongous regions: 0->0
[2025-08-01T03:51:15.019+0000] GC(1491) Metaspace: 10593K(10816K)->10593K(10816K) NonClass: 9335K(9472K)->9335K(9472K) Class: 1258K(1344K)->1258K(1344K)
[2025-08-01T03:51:15.019+0000] GC(1491) Pause Young (Normal) (G1 Evacuation Pause) 1519M->1523M(4096M) 40.604ms
[2025-08-01T03:51:15.019+0000] GC(1491) User=0.29s Sys=0.01s Real=0.04s
[2025-08-01T03:51:15.140+0000] GC(1488) Concurrent Rebuild Remembered Sets and Scrub Regions 179.081ms
[2025-08-01T03:51:15.142+0000] GC(1488) Pause Cleanup
[2025-08-01T03:51:15.142+0000] GC(1488) Pause Cleanup 2225M->2225M(4096M) 0.670ms
[2025-08-01T03:51:15.143+0000] GC(1488) User=0.00s Sys=0.00s Real=0.00s
[2025-08-01T03:51:15.143+0000] GC(1488) Concurrent Clear Claimed Marks
[2025-08-01T03:51:15.143+0000] GC(1488) Concurrent Clear Claimed Marks 0.050ms
[2025-08-01T03:51:15.143+0000] GC(1488) Concurrent Cleanup for Next Mark
[2025-08-01T03:51:15.151+0000] GC(1488) Concurrent Cleanup for Next Mark 7.948ms
[2025-08-01T03:51:15.151+0000] GC(1488) Concurrent Mark Cycle 422.066ms
[2025-08-01T03:51:15.201+0000] GC(1492) Pause Young (Prepare Mixed) (G1 Evacuation Pause)
[2025-08-01T03:51:15.201+0000] GC(1492) Using 8 workers of 8 for evacuation
[2025-08-01T03:51:15.338+0000] GC(1492)   Pre Evacuate Collection Set: 0.7ms
[2025-08-01T03:51:15.338+0000] GC(1492)   Merge Heap Roots: 0.2ms
[2025-08-01T03:51:15.338+0000] GC(1492)   Evacuate Collection Set: 134.2ms
[2025-08-01T03:51:15.338+0000] GC(1492)   Post Evacuate Collection Set: 1.1ms
[2025-08-01T03:51:15.338+0000] GC(1492)   Other: 0.1ms
[2025-08-01T03:51:15.338+0000] GC(1492) Eden regions: 438->0(317)
[2025-08-01T03:51:15.338+0000] GC(1492) Survivor regions: 13->57(57)
[2025-08-01T03:51:15.338+0000] GC(1492) Old regions: 749->1050
[2025-08-01T03:51:15.338+0000] GC(1492) Humongous regions: 0->0
[2025-08-01T03:51:15.338+0000] GC(1492) Metaspace: 10593K(10816K)->10593K(10816K) NonClass: 9335K(9472K)->9335K(9472K) Class: 1258K(1344K)->1258K(1344K)
[2025-08-01T03:51:15.338+0000] GC(1492) Pause Young (Prepare Mixed) (G1 Evacuation Pause) 2399M->2212M(4096M) 136.861ms
[2025-08-01T03:51:15.338+0000] GC(1492) User=1.05s Sys=0.03s Real=0.14s
[2025-08-01T03:51:15.489+0000] GC(1493) Pause Young (Mixed) (G1 Evacuation Pause)
[2025-08-01T03:51:15.490+0000] GC(1493) Using 8 workers of 8 for evacuation
[2025-08-01T03:51:15.636+0000] GC(1493)   Pre Evacuate Collection Set: 0.8ms
[2025-08-01T03:51:15.636+0000] GC(1493)   Merge Heap Roots: 0.7ms
[2025-08-01T03:51:15.636+0000] GC(1493)   Evacuate Collection Set: 143.1ms
[2025-08-01T03:51:15.636+0000] GC(1493)   Post Evacuate Collection Set: 2.0ms
[2025-08-01T03:51:15.636+0000] GC(1493)   Other: 0.2ms
[2025-08-01T03:51:15.636+0000] GC(1493) Eden regions: 317->0(276)
[2025-08-01T03:51:15.636+0000] GC(1493) Survivor regions: 57->47(47)
[2025-08-01T03:51:15.636+0000] GC(1493) Old regions: 1050->1186
[2025-08-01T03:51:15.636+0000] GC(1493) Humongous regions: 0->0
[2025-08-01T03:51:15.637+0000] GC(1493) Metaspace: 10593K(10816K)->10593K(10816K) NonClass: 9335K(9472K)->9335K(9472K) Class: 1258K(1344K)->1258K(1344K)
[2025-08-01T03:51:15.637+0000] GC(1493) Pause Young (Mixed) (G1 Evacuation Pause) 2846M->2464M(4096M) 147.104ms
[2025-08-01T03:51:15.637+0000] GC(1493) User=1.07s Sys=0.06s Real=0.15s
[2025-08-01T03:51:15.747+0000] GC(1494) Pause Young (Concurrent Start) (G1 Evacuation Pause)
[2025-08-01T03:51:15.747+0000] GC(1494) Using 8 workers of 8 for evacuation
[2025-08-01T03:51:15.856+0000] GC(1494)   Pre Evacuate Collection Set: 1.1ms
[2025-08-01T03:51:15.856+0000] GC(1494)   Merge Heap Roots: 0.2ms
[2025-08-01T03:51:15.856+0000] GC(1494)   Evacuate Collection Set: 106.1ms
[2025-08-01T03:51:15.856+0000] GC(1494)   Post Evacuate Collection Set: 1.2ms
[2025-08-01T03:51:15.856+0000] GC(1494)   Other: 0.4ms
[2025-08-01T03:51:15.856+0000] GC(1494) Eden regions: 276->0(172)
[2025-08-01T03:51:15.856+0000] GC(1494) Survivor regions: 47->41(41)
[2025-08-01T03:51:15.856+0000] GC(1494) Old regions: 1186->1469
[2025-08-01T03:51:15.857+0000] GC(1494) Humongous regions: 0->0
[2025-08-01T03:51:15.857+0000] GC(1494) Metaspace: 10593K(10816K)->10593K(10816K) NonClass: 9335K(9472K)->9335K(9472K) Class: 1258K(1344K)->1258K(1344K)
[2025-08-01T03:51:15.857+0000] GC(1494) Pause Young (Concurrent Start) (G1 Evacuation Pause) 3016M->3019M(4096M) 109.345ms
[2025-08-01T03:51:15.857+0000] GC(1494) User=0.83s Sys=0.01s Real=0.11s
[2025-08-01T03:51:15.857+0000] GC(1495) Concurrent Mark Cycle
[2025-08-01T03:51:15.857+0000] GC(1495) Concurrent Scan Root Regions
[2025-08-01T03:51:15.924+0000] GC(1495) Concurrent Scan Root Regions 66.232ms
[2025-08-01T03:51:15.924+0000] GC(1495) Concurrent Mark
[2025-08-01T03:51:15.924+0000] GC(1495) Concurrent Mark From Roots
[2025-08-01T03:51:15.924+0000] GC(1495) Using 2 workers of 2 for marking
[2025-08-01T03:51:15.936+0000] GC(1496) Pause Young (Normal) (G1 Evacuation Pause)
[2025-08-01T03:51:15.936+0000] GC(1496) Using 8 workers of 8 for evacuation
[2025-08-01T03:51:16.027+0000] GC(1496)   Pre Evacuate Collection Set: 2.4ms
[2025-08-01T03:51:16.027+0000] GC(1496)   Merge Heap Roots: 0.2ms
[2025-08-01T03:51:16.027+0000] GC(1496)   Evacuate Collection Set: 87.5ms
[2025-08-01T03:51:16.028+0000] GC(1496)   Post Evacuate Collection Set: 1.0ms
[2025-08-01T03:51:16.028+0000] GC(1496)   Other: 0.2ms
[2025-08-01T03:51:16.028+0000] GC(1496) Eden regions: 172->0(113)
[2025-08-01T03:51:16.028+0000] GC(1496) Survivor regions: 41->27(27)
[2025-08-01T03:51:16.028+0000] GC(1496) Old regions: 1469->1657
[2025-08-01T03:51:16.028+0000] GC(1496) Humongous regions: 0->0
[2025-08-01T03:51:16.028+0000] GC(1496) Metaspace: 10593K(10816K)->10593K(10816K) NonClass: 9335K(9472K)->9335K(9472K) Class: 1258K(1344K)->1258K(1344K)
[2025-08-01T03:51:16.028+0000] GC(1496) Pause Young (Normal) (G1 Evacuation Pause) 3363M->3367M(4096M) 91.547ms
[2025-08-01T03:51:16.028+0000] GC(1496) User=0.66s Sys=0.03s Real=0.09s
[2025-08-01T03:51:16.095+0000] GC(1497) Pause Young (Normal) (G1 Evacuation Pause)
[2025-08-01T03:51:16.095+0000] GC(1497) Using 8 workers of 8 for evacuation
[2025-08-01T03:51:16.126+0000] GC(1497)   Pre Evacuate Collection Set: 1.1ms
[2025-08-01T03:51:16.126+0000] GC(1497)   Merge Heap Roots: 0.1ms
[2025-08-01T03:51:16.126+0000] GC(1497)   Evacuate Collection Set: 28.6ms
[2025-08-01T03:51:16.126+0000] GC(1497)   Post Evacuate Collection Set: 0.9ms
[2025-08-01T03:51:16.126+0000] GC(1497)   Other: 0.2ms
[2025-08-01T03:51:16.126+0000] GC(1497) Eden regions: 113->0(107)
[2025-08-01T03:51:16.126+0000] GC(1497) Survivor regions: 27->18(18)
[2025-08-01T03:51:16.126+0000] GC(1497) Old regions: 1657->1701
[2025-08-01T03:51:16.126+0000] GC(1497) Humongous regions: 0->0
[2025-08-01T03:51:16.126+0000] GC(1497) Metaspace: 10593K(10816K)->10593K(10816K) NonClass: 9335K(9472K)->9335K(9472K) Class: 1258K(1344K)->1258K(1344K)
[2025-08-01T03:51:16.126+0000] GC(1497) Pause Young (Normal) (G1 Evacuation Pause) 3593M->3437M(4096M) 31.163ms
[2025-08-01T03:51:16.126+0000] GC(1497) User=0.21s Sys=0.02s Real=0.03s
[2025-08-01T03:51:16.140+0000] GC(1495) Concurrent Mark From Roots 215.903ms
[2025-08-01T03:51:16.140+0000] GC(1495) Concurrent Preclean
[2025-08-01T03:51:16.140+0000] GC(1495) Concurrent Preclean 0.056ms
[2025-08-01T03:51:16.140+0000] GC(1495) Pause Remark
[2025-08-01T03:51:16.144+0000] GC(1495) Pause Remark 3571M->1653M(4096M) 4.317ms
[2025-08-01T03:51:16.144+0000] GC(1495) User=0.02s Sys=0.00s Real=0.01s
[2025-08-01T03:51:16.144+0000] GC(1495) Concurrent Mark 220.858ms
[2025-08-01T03:51:16.144+0000] GC(1495) Concurrent Rebuild Remembered Sets and Scrub Regions
[2025-08-01T03:51:16.155+0000] GC(1498) Pause Young (Normal) (G1 Evacuation Pause)
[2025-08-01T03:51:16.155+0000] GC(1498) Using 8 workers of 8 for evacuation
[2025-08-01T03:51:16.205+0000] GC(1498)   Pre Evacuate Collection Set: 1.0ms
[2025-08-01T03:51:16.205+0000] GC(1498)   Merge Heap Roots: 0.2ms
[2025-08-01T03:51:16.205+0000] GC(1498)   Evacuate Collection Set: 47.3ms
[2025-08-01T03:51:16.205+0000] GC(1498)   Post Evacuate Collection Set: 0.5ms
[2025-08-01T03:51:16.205+0000] GC(1498)   Other: 0.1ms
[2025-08-01T03:51:16.205+0000] GC(1498) Eden regions: 107->0(383)
[2025-08-01T03:51:16.205+0000] GC(1498) Survivor regions: 18->16(16)
[2025-08-01T03:51:16.205+0000] GC(1498) Old regions: 742->853
[2025-08-01T03:51:16.205+0000] GC(1498) Humongous regions: 0->0
[2025-08-01T03:51:16.205+0000] GC(1498) Metaspace: 10593K(10816K)->10593K(10816K) NonClass: 9335K(9472K)->9335K(9472K) Class: 1258K(1344K)->1258K(1344K)
[2025-08-01T03:51:16.205+0000] GC(1498) Pause Young (Normal) (G1 Evacuation Pause) 1733M->1736M(4096M) 49.399ms
[2025-08-01T03:51:16.205+0000] GC(1498) User=0.35s Sys=0.01s Real=0.05s
[2025-08-01T03:51:16.374+0000] GC(1499) Pause Young (Normal) (G1 Evacuation Pause)
[2025-08-01T03:51:16.374+0000] GC(1499) Using 8 workers of 8 for evacuation
[2025-08-01T03:51:16.501+0000] GC(1499)   Pre Evacuate Collection Set: 0.7ms
[2025-08-01T03:51:16.502+0000] GC(1499)   Merge Heap Roots: 0.3ms
[2025-08-01T03:51:16.502+0000] GC(1499)   Evacuate Collection Set: 124.7ms
[2025-08-01T03:51:16.502+0000] GC(1499)   Post Evacuate Collection Set: 1.3ms
[2025-08-01T03:51:16.502+0000] GC(1499)   Other: 0.1ms
[2025-08-01T03:51:16.502+0000] GC(1499) Eden regions: 383->0(278)
[2025-08-01T03:51:16.502+0000] GC(1499) Survivor regions: 16->50(50)
[2025-08-01T03:51:16.502+0000] GC(1499) Old regions: 853->1134
[2025-08-01T03:51:16.502+0000] GC(1499) Humongous regions: 0->0
[2025-08-01T03:51:16.502+0000] GC(1499) Metaspace: 10593K(10816K)->10593K(10816K) NonClass: 9335K(9472K)->9335K(9472K) Class: 1258K(1344K)->1258K(1344K)
[2025-08-01T03:51:16.502+0000] GC(1499) Pause Young (Normal) (G1 Evacuation Pause) 2502M->2366M(4096M) 127.362ms
[2025-08-01T03:51:16.502+0000] GC(1499) User=0.97s Sys=0.02s Real=0.12s
[2025-08-01T03:51:16.505+0000] GC(1495) Concurrent Rebuild Remembered Sets and Scrub Regions 360.037ms
[2025-08-01T03:51:16.505+0000] GC(1495) Pause Cleanup
[2025-08-01T03:51:16.506+0000] GC(1495) Pause Cleanup 2400M->2400M(4096M) 0.815ms
[2025-08-01T03:51:16.506+0000] GC(1495) User=0.00s Sys=0.00s Real=0.00s
[2025-08-01T03:51:16.506+0000] GC(1495) Concurrent Clear Claimed Marks
[2025-08-01T03:51:16.506+0000] GC(1495) Concurrent Clear Claimed Marks 0.049ms
[2025-08-01T03:51:16.506+0000] GC(1495) Concurrent Cleanup for Next Mark
[2025-08-01T03:51:16.516+0000] GC(1495) Concurrent Cleanup for Next Mark 10.056ms
[2025-08-01T03:51:16.516+0000] GC(1495) Concurrent Mark Cycle 659.366ms
[2025-08-01T03:51:16.658+0000] GC(1500) Pause Young (Prepare Mixed) (G1 Evacuation Pause)
[2025-08-01T03:51:16.658+0000] GC(1500) Using 8 workers of 8 for evacuation
[2025-08-01T03:51:16.892+0000] GC(1500) MMU target violated: 201.0ms (200.0ms/201.0ms)
[2025-08-01T03:51:16.892+0000] GC(1500)   Pre Evacuate Collection Set: 1.8ms
[2025-08-01T03:51:16.892+0000] GC(1500)   Merge Heap Roots: 1.1ms
[2025-08-01T03:51:16.892+0000] GC(1500)   Evacuate Collection Set: 230.7ms
[2025-08-01T03:51:16.892+0000] GC(1500)   Post Evacuate Collection Set: 0.7ms
[2025-08-01T03:51:16.892+0000] GC(1500)   Other: 0.2ms
[2025-08-01T03:51:16.892+0000] GC(1500) Eden regions: 278->0(182)
[2025-08-01T03:51:16.892+0000] GC(1500) Survivor regions: 50->41(41)
[2025-08-01T03:51:16.892+0000] GC(1500) Old regions: 1134->1423
[2025-08-01T03:51:16.892+0000] GC(1500) Humongous regions: 0->0
[2025-08-01T03:51:16.892+0000] GC(1500) Metaspace: 10593K(10816K)->10593K(10816K) NonClass: 9335K(9472K)->9335K(9472K) Class: 1258K(1344K)->1258K(1344K)
[2025-08-01T03:51:16.892+0000] GC(1500) Pause Young (Prepare Mixed) (G1 Evacuation Pause) 2922M->2926M(4096M) 234.612ms
[2025-08-01T03:51:16.892+0000] GC(1500) User=1.53s Sys=0.12s Real=0.23s
[2025-08-01T03:51:16.976+0000] GC(1501) Pause Young (Mixed) (G1 Evacuation Pause)
[2025-08-01T03:51:16.976+0000] GC(1501) Using 8 workers of 8 for evacuation
[2025-08-01T03:51:17.027+0000] GC(1501)   Pre Evacuate Collection Set: 0.8ms
[2025-08-01T03:51:17.027+0000] GC(1501)   Merge Heap Roots: 0.2ms
[2025-08-01T03:51:17.027+0000] GC(1501)   Evacuate Collection Set: 49.6ms
[2025-08-01T03:51:17.027+0000] GC(1501)   Post Evacuate Collection Set: 1.1ms
[2025-08-01T03:51:17.027+0000] GC(1501)   Other: 0.1ms
[2025-08-01T03:51:17.028+0000] GC(1501) Eden regions: 182->0(156)
[2025-08-01T03:51:17.028+0000] GC(1501) Survivor regions: 41->28(28)
[2025-08-01T03:51:17.028+0000] GC(1501) Old regions: 1423->1534
[2025-08-01T03:51:17.028+0000] GC(1501) Humongous regions: 0->0
[2025-08-01T03:51:17.028+0000] GC(1501) Metaspace: 10593K(10816K)->10593K(10816K) NonClass: 9335K(9472K)->9335K(9472K) Class: 1258K(1344K)->1258K(1344K)
[2025-08-01T03:51:17.028+0000] GC(1501) Pause Young (Mixed) (G1 Evacuation Pause) 3290M->3122M(4096M) 52.053ms
[2025-08-01T03:51:17.028+0000] GC(1501) User=0.39s Sys=0.01s Real=0.05s
[2025-08-01T03:51:17.104+0000] GC(1502) Pause Young (Concurrent Start) (G1 Evacuation Pause)
[2025-08-01T03:51:17.105+0000] GC(1502) Using 8 workers of 8 for evacuation
[2025-08-01T03:51:17.193+0000] GC(1502)   Pre Evacuate Collection Set: 0.8ms
[2025-08-01T03:51:17.193+0000] GC(1502)   Merge Heap Roots: 0.2ms
[2025-08-01T03:51:17.193+0000] GC(1502)   Evacuate Collection Set: 86.4ms
[2025-08-01T03:51:17.193+0000] GC(1502)   Post Evacuate Collection Set: 1.0ms
[2025-08-01T03:51:17.193+0000] GC(1502)   Other: 0.3ms
[2025-08-01T03:51:17.194+0000] GC(1502) Eden regions: 156->0(112)
[2025-08-01T03:51:17.194+0000] GC(1502) Survivor regions: 28->23(23)
[2025-08-01T03:51:17.194+0000] GC(1502) Old regions: 1534->1673
[2025-08-01T03:51:17.194+0000] GC(1502) Humongous regions: 0->0
[2025-08-01T03:51:17.194+0000] GC(1502) Metaspace: 10593K(10816K)->10593K(10816K) NonClass: 9335K(9472K)->9335K(9472K) Class: 1258K(1344K)->1258K(1344K)
[2025-08-01T03:51:17.194+0000] GC(1502) Pause Young (Concurrent Start) (G1 Evacuation Pause) 3434M->3391M(4096M) 89.122ms
[2025-08-01T03:51:17.194+0000] GC(1502) User=0.66s Sys=0.02s Real=0.09s
[2025-08-01T03:51:17.194+0000] GC(1503) Concurrent Mark Cycle
[2025-08-01T03:51:17.194+0000] GC(1503) Concurrent Scan Root Regions
[2025-08-01T03:51:17.226+0000] GC(1504) Pause Young (Normal) (G1 Evacuation Pause)
[2025-08-01T03:51:17.226+0000] GC(1504) Using 8 workers of 8 for evacuation
[2025-08-01T03:51:17.239+0000] GC(1503) Concurrent Scan Root Regions 45.108ms
[2025-08-01T03:51:17.239+0000] GC(1503) Concurrent Mark
[2025-08-01T03:51:17.239+0000] GC(1503) Concurrent Mark From Roots
[2025-08-01T03:51:17.239+0000] GC(1503) Using 2 workers of 2 for marking
[2025-08-01T03:51:17.296+0000] GC(1504)   Pre Evacuate Collection Set: 0.9ms
[2025-08-01T03:51:17.296+0000] GC(1504)   Merge Heap Roots: 0.2ms
[2025-08-01T03:51:17.296+0000] GC(1504)   Evacuate Collection Set: 54.5ms
[2025-08-01T03:51:17.296+0000] GC(1504)   Post Evacuate Collection Set: 1.0ms
[2025-08-01T03:51:17.296+0000] GC(1504)   Other: 0.1ms
[2025-08-01T03:51:17.296+0000] GC(1504) Eden regions: 112->0(85)
[2025-08-01T03:51:17.296+0000] GC(1504) Survivor regions: 23->17(17)
[2025-08-01T03:51:17.296+0000] GC(1504) Old regions: 1673->1793
[2025-08-01T03:51:17.296+0000] GC(1504) Humongous regions: 0->0
[2025-08-01T03:51:17.296+0000] GC(1504) Metaspace: 10593K(10816K)->10593K(10816K) NonClass: 9335K(9472K)->9335K(9472K) Class: 1258K(1344K)->1258K(1344K)
[2025-08-01T03:51:17.296+0000] GC(1504) Pause Young (Normal) (G1 Evacuation Pause) 3615M->3618M(4096M) 69.634ms
[2025-08-01T03:51:17.296+0000] GC(1504) User=0.45s Sys=0.01s Real=0.07s
[2025-08-01T03:51:17.360+0000] GC(1505) Pause Young (Normal) (G1 Evacuation Pause)
[2025-08-01T03:51:17.360+0000] GC(1505) Using 8 workers of 8 for evacuation
[2025-08-01T03:51:17.387+0000] GC(1505)   Pre Evacuate Collection Set: 0.6ms
[2025-08-01T03:51:17.387+0000] GC(1505)   Merge Heap Roots: 0.2ms
[2025-08-01T03:51:17.387+0000] GC(1505)   Evacuate Collection Set: 25.0ms
[2025-08-01T03:51:17.387+0000] GC(1505)   Post Evacuate Collection Set: 1.1ms
[2025-08-01T03:51:17.387+0000] GC(1505)   Other: 0.4ms
[2025-08-01T03:51:17.387+0000] GC(1505) Eden regions: 85->0(89)
[2025-08-01T03:51:17.387+0000] GC(1505) Survivor regions: 17->13(13)
[2025-08-01T03:51:17.387+0000] GC(1505) Old regions: 1793->1866
[2025-08-01T03:51:17.387+0000] GC(1505) Humongous regions: 0->0
[2025-08-01T03:51:17.387+0000] GC(1505) Metaspace: 10593K(10816K)->10593K(10816K) NonClass: 9335K(9472K)->9335K(9472K) Class: 1258K(1344K)->1258K(1344K)
[2025-08-01T03:51:17.387+0000] GC(1505) Pause Young (Normal) (G1 Evacuation Pause) 3788M->3756M(4096M) 27.462ms
[2025-08-01T03:51:17.387+0000] GC(1505) User=0.20s Sys=0.00s Real=0.03s
[2025-08-01T03:51:17.396+0000] GC(1503) Concurrent Mark From Roots 156.756ms
[2025-08-01T03:51:17.396+0000] GC(1503) Concurrent Preclean
[2025-08-01T03:51:17.396+0000] GC(1503) Concurrent Preclean 0.035ms
[2025-08-01T03:51:17.397+0000] GC(1503) Pause Remark
[2025-08-01T03:51:17.401+0000] GC(1503) Pause Remark 3850M->1390M(4096M) 4.311ms
[2025-08-01T03:51:17.401+0000] GC(1503) User=0.02s Sys=0.00s Real=0.00s
[2025-08-01T03:51:17.401+0000] GC(1503) Concurrent Mark 162.291ms
[2025-08-01T03:51:17.401+0000] GC(1503) Concurrent Rebuild Remembered Sets and Scrub Regions
[2025-08-01T03:51:17.409+0000] GC(1506) Pause Young (Normal) (G1 Evacuation Pause)
[2025-08-01T03:51:17.409+0000] GC(1506) Using 8 workers of 8 for evacuation
[2025-08-01T03:51:17.444+0000] GC(1506)   Pre Evacuate Collection Set: 0.6ms
[2025-08-01T03:51:17.444+0000] GC(1506)   Merge Heap Roots: 0.1ms
[2025-08-01T03:51:17.444+0000] GC(1506)   Evacuate Collection Set: 33.6ms
[2025-08-01T03:51:17.444+0000] GC(1506)   Post Evacuate Collection Set: 0.9ms
[2025-08-01T03:51:17.444+0000] GC(1506)   Other: 0.1ms
[2025-08-01T03:51:17.444+0000] GC(1506) Eden regions: 89->0(415)
[2025-08-01T03:51:17.444+0000] GC(1506) Survivor regions: 13->13(13)
[2025-08-01T03:51:17.444+0000] GC(1506) Old regions: 636->726
[2025-08-01T03:51:17.444+0000] GC(1506) Humongous regions: 0->0
[2025-08-01T03:51:17.444+0000] GC(1506) Metaspace: 10593K(10816K)->10593K(10816K) NonClass: 9335K(9472K)->9335K(9472K) Class: 1258K(1344K)->1258K(1344K)
[2025-08-01T03:51:17.444+0000] GC(1506) Pause Young (Normal) (G1 Evacuation Pause) 1474M->1477M(4096M) 35.638ms
[2025-08-01T03:51:17.445+0000] GC(1506) User=0.26s Sys=0.01s Real=0.04s
[2025-08-01T03:51:17.569+0000] GC(1503) Concurrent Rebuild Remembered Sets and Scrub Regions 167.851ms
[2025-08-01T03:51:17.569+0000] GC(1503) Pause Cleanup
[2025-08-01T03:51:17.571+0000] GC(1503) Pause Cleanup 2007M->2007M(4096M) 1.494ms
[2025-08-01T03:51:17.571+0000] GC(1503) User=0.00s Sys=0.00s Real=0.00s
[2025-08-01T03:51:17.571+0000] GC(1503) Concurrent Clear Claimed Marks
[2025-08-01T03:51:17.571+0000] GC(1503) Concurrent Clear Claimed Marks 0.038ms
[2025-08-01T03:51:17.571+0000] GC(1503) Concurrent Cleanup for Next Mark
[2025-08-01T03:51:17.581+0000] GC(1503) Concurrent Cleanup for Next Mark 9.686ms
[2025-08-01T03:51:17.581+0000] GC(1503) Concurrent Mark Cycle 387.277ms
[2025-08-01T03:51:17.608+0000] GC(1507) Pause Young (Prepare Mixed) (G1 Evacuation Pause)
[2025-08-01T03:51:17.609+0000] GC(1507) Using 8 workers of 8 for evacuation
[2025-08-01T03:51:17.733+0000] GC(1507)   Pre Evacuate Collection Set: 0.8ms
[2025-08-01T03:51:17.733+0000] GC(1507)   Merge Heap Roots: 0.2ms
[2025-08-01T03:51:17.733+0000] GC(1507)   Evacuate Collection Set: 121.7ms
[2025-08-01T03:51:17.733+0000] GC(1507)   Post Evacuate Collection Set: 1.3ms
[2025-08-01T03:51:17.733+0000] GC(1507)   Other: 0.2ms
[2025-08-01T03:51:17.733+0000] GC(1507) Eden regions: 415->0(325)
[2025-08-01T03:51:17.733+0000] GC(1507) Survivor regions: 13->54(54)
[2025-08-01T03:51:17.733+0000] GC(1507) Old regions: 726->997
[2025-08-01T03:51:17.733+0000] GC(1507) Humongous regions: 0->0
[2025-08-01T03:51:17.733+0000] GC(1507) Metaspace: 10593K(10816K)->10593K(10816K) NonClass: 9335K(9472K)->9335K(9472K) Class: 1258K(1344K)->1258K(1344K)
[2025-08-01T03:51:17.733+0000] GC(1507) Pause Young (Prepare Mixed) (G1 Evacuation Pause) 2307M->2100M(4096M) 124.567ms
[2025-08-01T03:51:17.733+0000] GC(1507) User=0.91s Sys=0.03s Real=0.13s
[2025-08-01T03:51:17.862+0000] GC(1508) Pause Young (Mixed) (G1 Evacuation Pause)
[2025-08-01T03:51:17.862+0000] GC(1508) Using 8 workers of 8 for evacuation
[2025-08-01T03:51:17.956+0000] GC(1508)   Pre Evacuate Collection Set: 1.0ms
[2025-08-01T03:51:17.956+0000] GC(1508)   Merge Heap Roots: 0.3ms
[2025-08-01T03:51:17.956+0000] GC(1508)   Evacuate Collection Set: 91.1ms
[2025-08-01T03:51:17.956+0000] GC(1508)   Post Evacuate Collection Set: 1.7ms
[2025-08-01T03:51:17.956+0000] GC(1508)   Other: 0.1ms
[2025-08-01T03:51:17.956+0000] GC(1508) Eden regions: 325->0(294)
[2025-08-01T03:51:17.956+0000] GC(1508) Survivor regions: 54->48(48)
[2025-08-01T03:51:17.956+0000] GC(1508) Old regions: 997->1125
[2025-08-01T03:51:17.956+0000] GC(1508) Humongous regions: 0->0
[2025-08-01T03:51:17.957+0000] GC(1508) Metaspace: 10593K(10816K)->10593K(10816K) NonClass: 9335K(9472K)->9335K(9472K) Class: 1258K(1344K)->1258K(1344K)
[2025-08-01T03:51:17.957+0000] GC(1508) Pause Young (Mixed) (G1 Evacuation Pause) 2750M->2344M(4096M) 94.452ms
[2025-08-01T03:51:17.957+0000] GC(1508) User=0.59s Sys=0.06s Real=0.10s
[2025-08-01T03:51:18.057+0000] GC(1509) Pause Young (Concurrent Start) (G1 Evacuation Pause)
[2025-08-01T03:51:18.057+0000] GC(1509) Using 8 workers of 8 for evacuation
[2025-08-01T03:51:18.229+0000] GC(1509)   Pre Evacuate Collection Set: 1.3ms
[2025-08-01T03:51:18.229+0000] GC(1509)   Merge Heap Roots: 0.4ms
[2025-08-01T03:51:18.229+0000] GC(1509)   Evacuate Collection Set: 169.5ms
[2025-08-01T03:51:18.229+0000] GC(1509)   Post Evacuate Collection Set: 1.0ms
[2025-08-01T03:51:18.229+0000] GC(1509)   Other: 0.3ms
[2025-08-01T03:51:18.229+0000] GC(1509) Eden regions: 294->0(185)
[2025-08-01T03:51:18.229+0000] GC(1509) Survivor regions: 48->43(43)
[2025-08-01T03:51:18.229+0000] GC(1509) Old regions: 1125->1425
[2025-08-01T03:51:18.229+0000] GC(1509) Humongous regions: 0->0
[2025-08-01T03:51:18.229+0000] GC(1509) Metaspace: 10593K(10816K)->10593K(10816K) NonClass: 9335K(9472K)->9335K(9472K) Class: 1258K(1344K)->1258K(1344K)
[2025-08-01T03:51:18.230+0000] GC(1509) Pause Young (Concurrent Start) (G1 Evacuation Pause) 2932M->2935M(4096M) 172.898ms
[2025-08-01T03:51:18.230+0000] GC(1509) User=1.30s Sys=0.03s Real=0.17s
[2025-08-01T03:51:18.230+0000] GC(1510) Concurrent Mark Cycle
[2025-08-01T03:51:18.230+0000] GC(1510) Concurrent Scan Root Regions
[2025-08-01T03:51:18.299+0000] GC(1510) Concurrent Scan Root Regions 69.164ms
[2025-08-01T03:51:18.299+0000] GC(1510) Concurrent Mark
[2025-08-01T03:51:18.299+0000] GC(1510) Concurrent Mark From Roots
[2025-08-01T03:51:18.299+0000] GC(1510) Using 2 workers of 2 for marking
[2025-08-01T03:51:18.313+0000] GC(1511) Pause Young (Normal) (G1 Evacuation Pause)
[2025-08-01T03:51:18.313+0000] GC(1511) Using 8 workers of 8 for evacuation
[2025-08-01T03:51:18.397+0000] GC(1511)   Pre Evacuate Collection Set: 0.8ms
[2025-08-01T03:51:18.397+0000] GC(1511)   Merge Heap Roots: 0.3ms
[2025-08-01T03:51:18.397+0000] GC(1511)   Evacuate Collection Set: 82.0ms
[2025-08-01T03:51:18.397+0000] GC(1511)   Post Evacuate Collection Set: 1.1ms
[2025-08-01T03:51:18.397+0000] GC(1511)   Other: 0.1ms
[2025-08-01T03:51:18.397+0000] GC(1511) Eden regions: 185->0(123)
[2025-08-01T03:51:18.397+0000] GC(1511) Survivor regions: 43->29(29)
[2025-08-01T03:51:18.397+0000] GC(1511) Old regions: 1425->1627
[2025-08-01T03:51:18.397+0000] GC(1511) Humongous regions: 0->0
[2025-08-01T03:51:18.397+0000] GC(1511) Metaspace: 10593K(10816K)->10593K(10816K) NonClass: 9335K(9472K)->9335K(9472K) Class: 1258K(1344K)->1258K(1344K)
[2025-08-01T03:51:18.397+0000] GC(1511) Pause Young (Normal) (G1 Evacuation Pause) 3305M->3310M(4096M) 84.563ms
[2025-08-01T03:51:18.397+0000] GC(1511) User=0.64s Sys=0.02s Real=0.08s
[2025-08-01T03:51:18.459+0000] GC(1510) Concurrent Mark From Roots 159.667ms
[2025-08-01T03:51:18.459+0000] GC(1510) Concurrent Preclean
[2025-08-01T03:51:18.459+0000] GC(1510) Concurrent Preclean 0.036ms
[2025-08-01T03:51:18.459+0000] GC(1510) Pause Remark
[2025-08-01T03:51:18.463+0000] GC(1510) Pause Remark 3516M->1664M(4096M) 4.160ms
[2025-08-01T03:51:18.463+0000] GC(1510) User=0.01s Sys=0.00s Real=0.01s
[2025-08-01T03:51:18.463+0000] GC(1510) Concurrent Mark 164.467ms
[2025-08-01T03:51:18.463+0000] GC(1510) Concurrent Rebuild Remembered Sets and Scrub Regions
[2025-08-01T03:51:18.470+0000] GC(1512) Pause Young (Normal) (G1 Evacuation Pause)
[2025-08-01T03:51:18.470+0000] GC(1512) Using 8 workers of 8 for evacuation
[2025-08-01T03:51:18.511+0000] GC(1512)   Pre Evacuate Collection Set: 1.4ms
[2025-08-01T03:51:18.511+0000] GC(1512)   Merge Heap Roots: 0.2ms
[2025-08-01T03:51:18.511+0000] GC(1512)   Evacuate Collection Set: 38.7ms
[2025-08-01T03:51:18.511+0000] GC(1512)   Post Evacuate Collection Set: 0.9ms
[2025-08-01T03:51:18.511+0000] GC(1512)   Other: 0.1ms
[2025-08-01T03:51:18.511+0000] GC(1512) Eden regions: 123->0(409)
[2025-08-01T03:51:18.511+0000] GC(1512) Survivor regions: 29->19(19)
[2025-08-01T03:51:18.511+0000] GC(1512) Old regions: 701->765
[2025-08-01T03:51:18.511+0000] GC(1512) Humongous regions: 0->0
[2025-08-01T03:51:18.511+0000] GC(1512) Metaspace: 10593K(10816K)->10593K(10816K) NonClass: 9335K(9472K)->9335K(9472K) Class: 1258K(1344K)->1258K(1344K)
[2025-08-01T03:51:18.511+0000] GC(1512) Pause Young (Normal) (G1 Evacuation Pause) 1704M->1567M(4096M) 41.621ms
[2025-08-01T03:51:18.511+0000] GC(1512) User=0.29s Sys=0.01s Real=0.04s
[2025-08-01T03:51:18.673+0000] GC(1510) Concurrent Rebuild Remembered Sets and Scrub Regions 210.009ms
[2025-08-01T03:51:18.674+0000] GC(1510) Pause Cleanup
[2025-08-01T03:51:18.675+0000] GC(1510) Pause Cleanup 2269M->2269M(4096M) 0.993ms
[2025-08-01T03:51:18.675+0000] GC(1510) User=0.00s Sys=0.00s Real=0.00s
[2025-08-01T03:51:18.675+0000] GC(1510) Concurrent Clear Claimed Marks
[2025-08-01T03:51:18.675+0000] GC(1510) Concurrent Clear Claimed Marks 0.046ms
[2025-08-01T03:51:18.675+0000] GC(1510) Concurrent Cleanup for Next Mark
[2025-08-01T03:51:18.690+0000] GC(1513) Pause Young (Prepare Mixed) (G1 Evacuation Pause)
[2025-08-01T03:51:18.690+0000] GC(1513) Using 8 workers of 8 for evacuation
[2025-08-01T03:51:18.793+0000] GC(1513)   Pre Evacuate Collection Set: 1.0ms
[2025-08-01T03:51:18.793+0000] GC(1513)   Merge Heap Roots: 0.3ms
[2025-08-01T03:51:18.793+0000] GC(1513)   Evacuate Collection Set: 100.4ms
[2025-08-01T03:51:18.793+0000] GC(1513)   Post Evacuate Collection Set: 1.1ms
[2025-08-01T03:51:18.793+0000] GC(1513)   Other: 0.1ms
[2025-08-01T03:51:18.793+0000] GC(1513) Eden regions: 409->0(317)
[2025-08-01T03:51:18.793+0000] GC(1513) Survivor regions: 19->54(54)
[2025-08-01T03:51:18.793+0000] GC(1513) Old regions: 765->1022
[2025-08-01T03:51:18.793+0000] GC(1513) Humongous regions: 0->0
[2025-08-01T03:51:18.793+0000] GC(1513) Metaspace: 10593K(10816K)->10593K(10816K) NonClass: 9335K(9472K)->9335K(9472K) Class: 1258K(1344K)->1258K(1344K)
[2025-08-01T03:51:18.793+0000] GC(1513) Pause Young (Prepare Mixed) (G1 Evacuation Pause) 2385M->2151M(4096M) 103.130ms
[2025-08-01T03:51:18.793+0000] GC(1513) User=0.80s Sys=0.00s Real=0.10s
[2025-08-01T03:51:18.795+0000] GC(1510) Concurrent Cleanup for Next Mark 120.108ms
[2025-08-01T03:51:18.795+0000] GC(1510) Concurrent Mark Cycle 565.548ms
[2025-08-01T03:51:18.947+0000] GC(1514) Pause Young (Mixed) (G1 Evacuation Pause)
[2025-08-01T03:51:18.947+0000] GC(1514) Using 8 workers of 8 for evacuation
[2025-08-01T03:51:19.142+0000] GC(1514)   Pre Evacuate Collection Set: 1.1ms
[2025-08-01T03:51:19.142+0000] GC(1514)   Merge Heap Roots: 0.3ms
[2025-08-01T03:51:19.142+0000] GC(1514)   Evacuate Collection Set: 191.9ms
[2025-08-01T03:51:19.142+0000] GC(1514)   Post Evacuate Collection Set: 1.3ms
[2025-08-01T03:51:19.142+0000] GC(1514)   Other: 0.1ms
[2025-08-01T03:51:19.142+0000] GC(1514) Eden regions: 317->0(206)
[2025-08-01T03:51:19.142+0000] GC(1514) Survivor regions: 54->47(47)
[2025-08-01T03:51:19.142+0000] GC(1514) Old regions: 1022->1343
[2025-08-01T03:51:19.142+0000] GC(1514) Humongous regions: 0->0
[2025-08-01T03:51:19.142+0000] GC(1514) Metaspace: 10593K(10816K)->10593K(10816K) NonClass: 9335K(9472K)->9335K(9472K) Class: 1258K(1344K)->1258K(1344K)
[2025-08-01T03:51:19.142+0000] GC(1514) Pause Young (Mixed) (G1 Evacuation Pause) 2785M->2779M(4096M) 195.074ms
[2025-08-01T03:51:19.142+0000] GC(1514) User=1.35s Sys=0.08s Real=0.19s
[2025-08-01T03:51:19.228+0000] GC(1515) Pause Young (Concurrent Start) (G1 Evacuation Pause)
[2025-08-01T03:51:19.228+0000] GC(1515) Using 8 workers of 8 for evacuation
[2025-08-01T03:51:19.296+0000] GC(1515)   Pre Evacuate Collection Set: 0.9ms
[2025-08-01T03:51:19.296+0000] GC(1515)   Merge Heap Roots: 0.2ms
[2025-08-01T03:51:19.296+0000] GC(1515)   Evacuate Collection Set: 65.8ms
[2025-08-01T03:51:19.296+0000] GC(1515)   Post Evacuate Collection Set: 1.1ms
[2025-08-01T03:51:19.296+0000] GC(1515)   Other: 0.2ms
[2025-08-01T03:51:19.296+0000] GC(1515) Eden regions: 206->0(180)
[2025-08-01T03:51:19.296+0000] GC(1515) Survivor regions: 47->32(32)
[2025-08-01T03:51:19.296+0000] GC(1515) Old regions: 1343->1465
[2025-08-01T03:51:19.296+0000] GC(1515) Humongous regions: 0->0
[2025-08-01T03:51:19.296+0000] GC(1515) Metaspace: 10593K(10816K)->10593K(10816K) NonClass: 9335K(9472K)->9335K(9472K) Class: 1258K(1344K)->1258K(1344K)
[2025-08-01T03:51:19.296+0000] GC(1515) Pause Young (Concurrent Start) (G1 Evacuation Pause) 3191M->2992M(4096M) 68.484ms
[2025-08-01T03:51:19.296+0000] GC(1515) User=0.51s Sys=0.01s Real=0.07s
[2025-08-01T03:51:19.297+0000] GC(1516) Concurrent Mark Cycle
[2025-08-01T03:51:19.297+0000] GC(1516) Concurrent Scan Root Regions
[2025-08-01T03:51:19.333+0000] GC(1516) Concurrent Scan Root Regions 36.848ms
[2025-08-01T03:51:19.333+0000] GC(1516) Concurrent Mark
[2025-08-01T03:51:19.333+0000] GC(1516) Concurrent Mark From Roots
[2025-08-01T03:51:19.334+0000] GC(1516) Using 2 workers of 2 for marking
[2025-08-01T03:51:19.384+0000] GC(1517) Pause Young (Normal) (G1 Evacuation Pause)
[2025-08-01T03:51:19.384+0000] GC(1517) Using 8 workers of 8 for evacuation
[2025-08-01T03:51:19.448+0000] GC(1517)   Pre Evacuate Collection Set: 0.9ms
[2025-08-01T03:51:19.448+0000] GC(1517)   Merge Heap Roots: 0.2ms
[2025-08-01T03:51:19.448+0000] GC(1517)   Evacuate Collection Set: 61.2ms
[2025-08-01T03:51:19.448+0000] GC(1517)   Post Evacuate Collection Set: 1.2ms
[2025-08-01T03:51:19.448+0000] GC(1517)   Other: 0.1ms
[2025-08-01T03:51:19.448+0000] GC(1517) Eden regions: 180->0(128)
[2025-08-01T03:51:19.448+0000] GC(1517) Survivor regions: 32->27(27)
[2025-08-01T03:51:19.448+0000] GC(1517) Old regions: 1465->1618
[2025-08-01T03:51:19.448+0000] GC(1517) Humongous regions: 0->0
[2025-08-01T03:51:19.448+0000] GC(1517) Metaspace: 10593K(10816K)->10593K(10816K) NonClass: 9335K(9472K)->9335K(9472K) Class: 1258K(1344K)->1258K(1344K)
[2025-08-01T03:51:19.448+0000] GC(1517) Pause Young (Normal) (G1 Evacuation Pause) 3352M->3288M(4096M) 63.884ms
[2025-08-01T03:51:19.448+0000] GC(1517) User=0.48s Sys=0.01s Real=0.06s
[2025-08-01T03:51:19.494+0000] GC(1516) Concurrent Mark From Roots 160.083ms
[2025-08-01T03:51:19.494+0000] GC(1516) Concurrent Preclean
[2025-08-01T03:51:19.494+0000] GC(1516) Concurrent Preclean 0.025ms
[2025-08-01T03:51:19.494+0000] GC(1516) Pause Remark
[2025-08-01T03:51:19.497+0000] GC(1516) Pause Remark 3522M->1674M(4096M) 2.829ms
[2025-08-01T03:51:19.497+0000] GC(1516) User=0.00s Sys=0.00s Real=0.00s
[2025-08-01T03:51:19.497+0000] GC(1516) Concurrent Mark 163.429ms
[2025-08-01T03:51:19.497+0000] GC(1516) Concurrent Rebuild Remembered Sets and Scrub Regions
[2025-08-01T03:51:19.520+0000] GC(1518) Pause Young (Normal) (G1 Evacuation Pause)
[2025-08-01T03:51:19.520+0000] GC(1518) Using 8 workers of 8 for evacuation
[2025-08-01T03:51:19.566+0000] GC(1518)   Pre Evacuate Collection Set: 0.9ms
[2025-08-01T03:51:19.566+0000] GC(1518)   Merge Heap Roots: 0.3ms
[2025-08-01T03:51:19.566+0000] GC(1518)   Evacuate Collection Set: 43.6ms
[2025-08-01T03:51:19.566+0000] GC(1518)   Post Evacuate Collection Set: 1.2ms
[2025-08-01T03:51:19.566+0000] GC(1518)   Other: 0.1ms
[2025-08-01T03:51:19.566+0000] GC(1518) Eden regions: 128->0(394)
[2025-08-01T03:51:19.566+0000] GC(1518) Survivor regions: 27->20(20)
[2025-08-01T03:51:19.566+0000] GC(1518) Old regions: 694->805
[2025-08-01T03:51:19.566+0000] GC(1518) Humongous regions: 0->0
[2025-08-01T03:51:19.566+0000] GC(1518) Metaspace: 10593K(10816K)->10593K(10816K) NonClass: 9335K(9472K)->9335K(9472K) Class: 1258K(1344K)->1258K(1344K)
[2025-08-01T03:51:19.566+0000] GC(1518) Pause Young (Normal) (G1 Evacuation Pause) 1696M->1649M(4096M) 46.389ms
[2025-08-01T03:51:19.566+0000] GC(1518) User=0.33s Sys=0.01s Real=0.05s
[2025-08-01T03:51:19.677+0000] GC(1516) Concurrent Rebuild Remembered Sets and Scrub Regions 180.066ms
[2025-08-01T03:51:19.677+0000] GC(1516) Pause Cleanup
[2025-08-01T03:51:19.678+0000] GC(1516) Pause Cleanup 2349M->2349M(4096M) 1.150ms
[2025-08-01T03:51:19.678+0000] GC(1516) User=0.00s Sys=0.00s Real=0.00s
[2025-08-01T03:51:19.679+0000] GC(1516) Concurrent Clear Claimed Marks
[2025-08-01T03:51:19.679+0000] GC(1516) Concurrent Clear Claimed Marks 0.025ms
[2025-08-01T03:51:19.679+0000] GC(1516) Concurrent Cleanup for Next Mark
[2025-08-01T03:51:19.686+0000] GC(1516) Concurrent Cleanup for Next Mark 7.828ms
[2025-08-01T03:51:19.687+0000] GC(1516) Concurrent Mark Cycle 390.020ms
[2025-08-01T03:51:19.730+0000] GC(1519) Pause Young (Prepare Mixed) (G1 Evacuation Pause)
[2025-08-01T03:51:19.731+0000] GC(1519) Using 8 workers of 8 for evacuation
[2025-08-01T03:51:19.866+0000] GC(1519)   Pre Evacuate Collection Set: 1.3ms
[2025-08-01T03:51:19.866+0000] GC(1519)   Merge Heap Roots: 0.3ms
[2025-08-01T03:51:19.866+0000] GC(1519)   Evacuate Collection Set: 132.3ms
[2025-08-01T03:51:19.866+0000] GC(1519)   Post Evacuate Collection Set: 1.2ms
[2025-08-01T03:51:19.866+0000] GC(1519)   Other: 0.1ms
[2025-08-01T03:51:19.866+0000] GC(1519) Eden regions: 394->0(261)
[2025-08-01T03:51:19.866+0000] GC(1519) Survivor regions: 20->52(52)
[2025-08-01T03:51:19.866+0000] GC(1519) Old regions: 805->1169
[2025-08-01T03:51:19.866+0000] GC(1519) Humongous regions: 0->0
[2025-08-01T03:51:19.866+0000] GC(1519) Metaspace: 10593K(10816K)->10593K(10816K) NonClass: 9335K(9472K)->9335K(9472K) Class: 1258K(1344K)->1258K(1344K)
[2025-08-01T03:51:19.866+0000] GC(1519) Pause Young (Prepare Mixed) (G1 Evacuation Pause) 2437M->2440M(4096M) 135.531ms
[2025-08-01T03:51:19.866+0000] GC(1519) User=1.04s Sys=0.03s Real=0.14s
[2025-08-01T03:51:19.961+0000] GC(1520) Pause Young (Mixed) (G1 Evacuation Pause)
[2025-08-01T03:51:19.961+0000] GC(1520) Using 8 workers of 8 for evacuation
[2025-08-01T03:51:20.024+0000] GC(1520)   Pre Evacuate Collection Set: 1.4ms
[2025-08-01T03:51:20.024+0000] GC(1520)   Merge Heap Roots: 0.3ms
[2025-08-01T03:51:20.024+0000] GC(1520)   Evacuate Collection Set: 60.6ms
[2025-08-01T03:51:20.024+0000] GC(1520)   Post Evacuate Collection Set: 1.0ms
[2025-08-01T03:51:20.025+0000] GC(1520)   Other: 0.1ms
[2025-08-01T03:51:20.025+0000] GC(1520) Eden regions: 261->0(281)
[2025-08-01T03:51:20.025+0000] GC(1520) Survivor regions: 52->40(40)
[2025-08-01T03:51:20.025+0000] GC(1520) Old regions: 1169->1166
[2025-08-01T03:51:20.025+0000] GC(1520) Humongous regions: 0->0
[2025-08-01T03:51:20.025+0000] GC(1520) Metaspace: 10593K(10816K)->10593K(10816K) NonClass: 9335K(9472K)->9335K(9472K) Class: 1258K(1344K)->1258K(1344K)
[2025-08-01T03:51:20.025+0000] GC(1520) Pause Young (Mixed) (G1 Evacuation Pause) 2962M->2411M(4096M) 63.719ms
[2025-08-01T03:51:20.025+0000] GC(1520) User=0.46s Sys=0.02s Real=0.07s
[2025-08-01T03:51:20.137+0000] GC(1521) Pause Young (Concurrent Start) (G1 Evacuation Pause)
[2025-08-01T03:51:20.137+0000] GC(1521) Using 8 workers of 8 for evacuation
[2025-08-01T03:51:20.266+0000] GC(1521)   Pre Evacuate Collection Set: 0.6ms
[2025-08-01T03:51:20.266+0000] GC(1521)   Merge Heap Roots: 0.3ms
[2025-08-01T03:51:20.266+0000] GC(1521)   Evacuate Collection Set: 126.6ms
[2025-08-01T03:51:20.266+0000] GC(1521)   Post Evacuate Collection Set: 1.3ms
[2025-08-01T03:51:20.267+0000] GC(1521)   Other: 0.2ms
[2025-08-01T03:51:20.267+0000] GC(1521) Eden regions: 281->0(212)
[2025-08-01T03:51:20.267+0000] GC(1521) Survivor regions: 40->41(41)
[2025-08-01T03:51:20.267+0000] GC(1521) Old regions: 1166->1373
[2025-08-01T03:51:20.267+0000] GC(1521) Humongous regions: 0->0
[2025-08-01T03:51:20.267+0000] GC(1521) Metaspace: 10593K(10816K)->10593K(10816K) NonClass: 9335K(9472K)->9335K(9472K) Class: 1258K(1344K)->1258K(1344K)
[2025-08-01T03:51:20.267+0000] GC(1521) Pause Young (Concurrent Start) (G1 Evacuation Pause) 2973M->2827M(4096M) 129.286ms
[2025-08-01T03:51:20.267+0000] GC(1521) User=0.96s Sys=0.03s Real=0.13s
[2025-08-01T03:51:20.267+0000] GC(1522) Concurrent Mark Cycle
[2025-08-01T03:51:20.267+0000] GC(1522) Concurrent Scan Root Regions
[2025-08-01T03:51:20.324+0000] GC(1522) Concurrent Scan Root Regions 56.782ms
[2025-08-01T03:51:20.324+0000] GC(1522) Concurrent Mark
[2025-08-01T03:51:20.324+0000] GC(1522) Concurrent Mark From Roots
[2025-08-01T03:51:20.324+0000] GC(1522) Using 2 workers of 2 for marking
[2025-08-01T03:51:20.353+0000] GC(1523) Pause Young (Normal) (G1 Evacuation Pause)
[2025-08-01T03:51:20.353+0000] GC(1523) Using 8 workers of 8 for evacuation
[2025-08-01T03:51:20.447+0000] GC(1523)   Pre Evacuate Collection Set: 0.8ms
[2025-08-01T03:51:20.447+0000] GC(1523)   Merge Heap Roots: 0.4ms
[2025-08-01T03:51:20.447+0000] GC(1523)   Evacuate Collection Set: 91.5ms
[2025-08-01T03:51:20.447+0000] GC(1523)   Post Evacuate Collection Set: 1.2ms
[2025-08-01T03:51:20.447+0000] GC(1523)   Other: 0.1ms
[2025-08-01T03:51:20.447+0000] GC(1523) Eden regions: 212->0(134)
[2025-08-01T03:51:20.447+0000] GC(1523) Survivor regions: 41->32(32)
[2025-08-01T03:51:20.447+0000] GC(1523) Old regions: 1373->1596
[2025-08-01T03:51:20.447+0000] GC(1523) Humongous regions: 0->0
[2025-08-01T03:51:20.447+0000] GC(1523) Metaspace: 10593K(10816K)->10593K(10816K) NonClass: 9335K(9472K)->9335K(9472K) Class: 1258K(1344K)->1258K(1344K)
[2025-08-01T03:51:20.447+0000] GC(1523) Pause Young (Normal) (G1 Evacuation Pause) 3251M->3255M(4096M) 94.327ms
[2025-08-01T03:51:20.447+0000] GC(1523) User=0.71s Sys=0.02s Real=0.10s
[2025-08-01T03:51:20.452+0000] GC(1522) Concurrent Mark From Roots 127.896ms
[2025-08-01T03:51:20.452+0000] GC(1522) Concurrent Preclean
[2025-08-01T03:51:20.452+0000] GC(1522) Concurrent Preclean 0.028ms
[2025-08-01T03:51:20.452+0000] GC(1522) Pause Remark
[2025-08-01T03:51:20.456+0000] GC(1522) Pause Remark 3305M->1147M(4096M) 3.954ms
[2025-08-01T03:51:20.456+0000] GC(1522) User=0.01s Sys=0.00s Real=0.01s
[2025-08-01T03:51:20.456+0000] GC(1522) Concurrent Mark 132.813ms
[2025-08-01T03:51:20.456+0000] GC(1522) Concurrent Rebuild Remembered Sets and Scrub Regions
[2025-08-01T03:51:20.475+0000] GC(1524) Pause Young (Normal) (G1 Evacuation Pause)
[2025-08-01T03:51:20.475+0000] GC(1524) Using 8 workers of 8 for evacuation
[2025-08-01T03:51:20.533+0000] GC(1524)   Pre Evacuate Collection Set: 0.9ms
[2025-08-01T03:51:20.533+0000] GC(1524)   Merge Heap Roots: 0.2ms
[2025-08-01T03:51:20.533+0000] GC(1524)   Evacuate Collection Set: 55.6ms
[2025-08-01T03:51:20.533+0000] GC(1524)   Post Evacuate Collection Set: 1.0ms
[2025-08-01T03:51:20.533+0000] GC(1524)   Other: 0.1ms
[2025-08-01T03:51:20.533+0000] GC(1524) Eden regions: 134->0(443)
[2025-08-01T03:51:20.533+0000] GC(1524) Survivor regions: 32->21(21)
[2025-08-01T03:51:20.533+0000] GC(1524) Old regions: 517->664
[2025-08-01T03:51:20.533+0000] GC(1524) Humongous regions: 0->0
[2025-08-01T03:51:20.533+0000] GC(1524) Metaspace: 10593K(10816K)->10593K(10816K) NonClass: 9335K(9472K)->9335K(9472K) Class: 1258K(1344K)->1258K(1344K)
[2025-08-01T03:51:20.533+0000] GC(1524) Pause Young (Normal) (G1 Evacuation Pause) 1365M->1369M(4096M) 58.105ms
[2025-08-01T03:51:20.533+0000] GC(1524) User=0.43s Sys=0.01s Real=0.06s
[2025-08-01T03:51:20.634+0000] GC(1522) Concurrent Rebuild Remembered Sets and Scrub Regions 177.655ms
[2025-08-01T03:51:20.634+0000] GC(1522) Pause Cleanup
[2025-08-01T03:51:20.635+0000] GC(1522) Pause Cleanup 1855M->1855M(4096M) 1.084ms
[2025-08-01T03:51:20.635+0000] GC(1522) User=0.01s Sys=0.00s Real=0.00s
[2025-08-01T03:51:20.636+0000] GC(1522) Concurrent Clear Claimed Marks
[2025-08-01T03:51:20.636+0000] GC(1522) Concurrent Clear Claimed Marks 0.036ms
[2025-08-01T03:51:20.636+0000] GC(1522) Concurrent Cleanup for Next Mark
[2025-08-01T03:51:20.644+0000] GC(1522) Concurrent Cleanup for Next Mark 8.569ms
[2025-08-01T03:51:20.644+0000] GC(1522) Concurrent Mark Cycle 377.556ms
[2025-08-01T03:51:20.744+0000] GC(1525) Pause Young (Prepare Mixed) (G1 Evacuation Pause)
[2025-08-01T03:51:20.744+0000] GC(1525) Using 8 workers of 8 for evacuation
[2025-08-01T03:51:20.841+0000] GC(1525)   Pre Evacuate Collection Set: 0.9ms
[2025-08-01T03:51:20.841+0000] GC(1525)   Merge Heap Roots: 0.2ms
[2025-08-01T03:51:20.841+0000] GC(1525)   Evacuate Collection Set: 94.8ms
[2025-08-01T03:51:20.842+0000] GC(1525)   Post Evacuate Collection Set: 1.1ms
[2025-08-01T03:51:20.842+0000] GC(1525)   Other: 0.2ms
[2025-08-01T03:51:20.842+0000] GC(1525) Eden regions: 443->0(413)
[2025-08-01T03:51:20.842+0000] GC(1525) Survivor regions: 21->58(58)
[2025-08-01T03:51:20.842+0000] GC(1525) Old regions: 664->763
[2025-08-01T03:51:20.842+0000] GC(1525) Humongous regions: 0->0
[2025-08-01T03:51:20.842+0000] GC(1525) Metaspace: 10593K(10816K)->10593K(10816K) NonClass: 9335K(9472K)->9335K(9472K) Class: 1258K(1344K)->1258K(1344K)
[2025-08-01T03:51:20.842+0000] GC(1525) Pause Young (Prepare Mixed) (G1 Evacuation Pause) 2255M->1641M(4096M) 97.659ms
[2025-08-01T03:51:20.842+0000] GC(1525) User=0.73s Sys=0.02s Real=0.09s
[2025-08-01T03:51:21.015+0000] GC(1526) Pause Young (Mixed) (G1 Evacuation Pause)
[2025-08-01T03:51:21.016+0000] GC(1526) Using 8 workers of 8 for evacuation
[2025-08-01T03:51:21.243+0000] GC(1526) MMU target violated: 201.0ms (200.0ms/201.0ms)
[2025-08-01T03:51:21.243+0000] GC(1526)   Pre Evacuate Collection Set: 1.1ms
[2025-08-01T03:51:21.243+0000] GC(1526)   Merge Heap Roots: 0.5ms
[2025-08-01T03:51:21.243+0000] GC(1526)   Evacuate Collection Set: 224.8ms
[2025-08-01T03:51:21.243+0000] GC(1526)   Post Evacuate Collection Set: 1.0ms
[2025-08-01T03:51:21.243+0000] GC(1526)   Other: 0.2ms
[2025-08-01T03:51:21.243+0000] GC(1526) Eden regions: 412->0(260)
[2025-08-01T03:51:21.243+0000] GC(1526) Survivor regions: 58->59(59)
[2025-08-01T03:51:21.243+0000] GC(1526) Old regions: 763->1175
[2025-08-01T03:51:21.243+0000] GC(1526) Humongous regions: 0->0
[2025-08-01T03:51:21.243+0000] GC(1526) Metaspace: 10593K(10816K)->10593K(10816K) NonClass: 9335K(9472K)->9335K(9472K) Class: 1258K(1344K)->1258K(1344K)
[2025-08-01T03:51:21.243+0000] GC(1526) Pause Young (Mixed) (G1 Evacuation Pause) 2465M->2467M(4096M) 227.817ms
[2025-08-01T03:51:21.243+0000] GC(1526) User=1.64s Sys=0.10s Real=0.23s
[2025-08-01T03:51:21.341+0000] GC(1527) Pause Young (Mixed) (G1 Evacuation Pause)
[2025-08-01T03:51:21.341+0000] GC(1527) Using 8 workers of 8 for evacuation
[2025-08-01T03:51:21.474+0000] GC(1527)   Pre Evacuate Collection Set: 1.0ms
[2025-08-01T03:51:21.474+0000] GC(1527)   Merge Heap Roots: 0.3ms
[2025-08-01T03:51:21.474+0000] GC(1527)   Evacuate Collection Set: 130.6ms
[2025-08-01T03:51:21.474+0000] GC(1527)   Post Evacuate Collection Set: 1.1ms
[2025-08-01T03:51:21.474+0000] GC(1527)   Other: 0.1ms
[2025-08-01T03:51:21.474+0000] GC(1527) Eden regions: 260->0(174)
[2025-08-01T03:51:21.475+0000] GC(1527) Survivor regions: 59->40(40)
[2025-08-01T03:51:21.475+0000] GC(1527) Old regions: 1175->1449
[2025-08-01T03:51:21.475+0000] GC(1527) Humongous regions: 0->0
[2025-08-01T03:51:21.475+0000] GC(1527) Metaspace: 10593K(10816K)->10593K(10816K) NonClass: 9335K(9472K)->9335K(9472K) Class: 1258K(1344K)->1258K(1344K)
[2025-08-01T03:51:21.475+0000] GC(1527) Pause Young (Mixed) (G1 Evacuation Pause) 2987M->2977M(4096M) 133.397ms
[2025-08-01T03:51:21.475+0000] GC(1527) User=1.00s Sys=0.03s Real=0.14s
[2025-08-01T03:51:21.559+0000] GC(1528) Pause Young (Concurrent Start) (G1 Evacuation Pause)
[2025-08-01T03:51:21.559+0000] GC(1528) Using 8 workers of 8 for evacuation
[2025-08-01T03:51:21.640+0000] GC(1528)   Pre Evacuate Collection Set: 1.0ms
[2025-08-01T03:51:21.640+0000] GC(1528)   Merge Heap Roots: 0.1ms
[2025-08-01T03:51:21.640+0000] GC(1528)   Evacuate Collection Set: 78.4ms
[2025-08-01T03:51:21.640+0000] GC(1528)   Post Evacuate Collection Set: 1.1ms
[2025-08-01T03:51:21.640+0000] GC(1528)   Other: 0.3ms
[2025-08-01T03:51:21.640+0000] GC(1528) Eden regions: 174->0(138)
[2025-08-01T03:51:21.640+0000] GC(1528) Survivor regions: 40->27(27)
[2025-08-01T03:51:21.640+0000] GC(1528) Old regions: 1449->1576
[2025-08-01T03:51:21.640+0000] GC(1528) Humongous regions: 0->0
[2025-08-01T03:51:21.640+0000] GC(1528) Metaspace: 10593K(10816K)->10593K(10816K) NonClass: 9335K(9472K)->9335K(9472K) Class: 1258K(1344K)->1258K(1344K)
[2025-08-01T03:51:21.640+0000] GC(1528) Pause Young (Concurrent Start) (G1 Evacuation Pause) 3325M->3205M(4096M) 81.306ms
[2025-08-01T03:51:21.640+0000] GC(1528) User=0.58s Sys=0.02s Real=0.08s
[2025-08-01T03:51:21.640+0000] GC(1529) Concurrent Mark Cycle
[2025-08-01T03:51:21.640+0000] GC(1529) Concurrent Scan Root Regions
[2025-08-01T03:51:21.667+0000] GC(1529) Concurrent Scan Root Regions 26.589ms
[2025-08-01T03:51:21.667+0000] GC(1529) Concurrent Mark
[2025-08-01T03:51:21.667+0000] GC(1529) Concurrent Mark From Roots
[2025-08-01T03:51:21.667+0000] GC(1529) Using 2 workers of 2 for marking
[2025-08-01T03:51:21.720+0000] GC(1530) Pause Young (Normal) (G1 Evacuation Pause)
[2025-08-01T03:51:21.720+0000] GC(1530) Using 8 workers of 8 for evacuation
[2025-08-01T03:51:21.776+0000] GC(1530)   Pre Evacuate Collection Set: 1.8ms
[2025-08-01T03:51:21.776+0000] GC(1530)   Merge Heap Roots: 0.2ms
[2025-08-01T03:51:21.776+0000] GC(1530)   Evacuate Collection Set: 52.9ms
[2025-08-01T03:51:21.776+0000] GC(1530)   Post Evacuate Collection Set: 0.9ms
[2025-08-01T03:51:21.776+0000] GC(1530)   Other: 0.1ms
[2025-08-01T03:51:21.776+0000] GC(1530) Eden regions: 138->0(101)
[2025-08-01T03:51:21.776+0000] GC(1530) Survivor regions: 27->21(21)
[2025-08-01T03:51:21.776+0000] GC(1530) Old regions: 1576->1701
[2025-08-01T03:51:21.776+0000] GC(1530) Humongous regions: 0->0
[2025-08-01T03:51:21.776+0000] GC(1530) Metaspace: 10593K(10816K)->10593K(10816K) NonClass: 9335K(9472K)->9335K(9472K) Class: 1258K(1344K)->1258K(1344K)
[2025-08-01T03:51:21.776+0000] GC(1530) Pause Young (Normal) (G1 Evacuation Pause) 3481M->3442M(4096M) 56.221ms
[2025-08-01T03:51:21.776+0000] GC(1530) User=0.41s Sys=0.02s Real=0.06s
[2025-08-01T03:51:21.807+0000] GC(1529) Concurrent Mark From Roots 140.100ms
[2025-08-01T03:51:21.807+0000] GC(1529) Concurrent Preclean
[2025-08-01T03:51:21.807+0000] GC(1529) Concurrent Preclean 0.024ms
[2025-08-01T03:51:21.807+0000] GC(1529) Pause Remark
[2025-08-01T03:51:21.810+0000] GC(1529) Pause Remark 3605M->1403M(4096M) 2.651ms
[2025-08-01T03:51:21.810+0000] GC(1529) User=0.01s Sys=0.00s Real=0.00s
[2025-08-01T03:51:21.810+0000] GC(1529) Concurrent Mark 143.225ms
[2025-08-01T03:51:21.810+0000] GC(1529) Concurrent Rebuild Remembered Sets and Scrub Regions
[2025-08-01T03:51:21.843+0000] GC(1531) Pause Young (Normal) (G1 Evacuation Pause)
[2025-08-01T03:51:21.843+0000] GC(1531) Using 8 workers of 8 for evacuation
[2025-08-01T03:51:21.888+0000] GC(1531)   Pre Evacuate Collection Set: 0.8ms
[2025-08-01T03:51:21.888+0000] GC(1531)   Merge Heap Roots: 0.2ms
[2025-08-01T03:51:21.888+0000] GC(1531)   Evacuate Collection Set: 42.8ms
[2025-08-01T03:51:21.888+0000] GC(1531)   Post Evacuate Collection Set: 0.8ms
[2025-08-01T03:51:21.888+0000] GC(1531)   Other: 0.1ms
[2025-08-01T03:51:21.888+0000] GC(1531) Eden regions: 101->0(420)
[2025-08-01T03:51:21.888+0000] GC(1531) Survivor regions: 21->16(16)
[2025-08-01T03:51:21.888+0000] GC(1531) Old regions: 600->708
[2025-08-01T03:51:21.888+0000] GC(1531) Humongous regions: 0->0
[2025-08-01T03:51:21.888+0000] GC(1531) Metaspace: 10593K(10816K)->10593K(10816K) NonClass: 9335K(9472K)->9335K(9472K) Class: 1258K(1344K)->1258K(1344K)
[2025-08-01T03:51:21.888+0000] GC(1531) Pause Young (Normal) (G1 Evacuation Pause) 1442M->1447M(4096M) 45.097ms
[2025-08-01T03:51:21.888+0000] GC(1531) User=0.34s Sys=0.00s Real=0.04s
[2025-08-01T03:51:21.967+0000] GC(1529) Concurrent Rebuild Remembered Sets and Scrub Regions 156.952ms
[2025-08-01T03:51:21.967+0000] GC(1529) Pause Cleanup
[2025-08-01T03:51:21.969+0000] GC(1529) Pause Cleanup 1771M->1771M(4096M) 1.417ms
[2025-08-01T03:51:21.969+0000] GC(1529) User=0.00s Sys=0.00s Real=0.00s
[2025-08-01T03:51:21.969+0000] GC(1529) Concurrent Clear Claimed Marks
[2025-08-01T03:51:21.969+0000] GC(1529) Concurrent Clear Claimed Marks 0.053ms
[2025-08-01T03:51:21.969+0000] GC(1529) Concurrent Cleanup for Next Mark
[2025-08-01T03:51:21.984+0000] GC(1529) Concurrent Cleanup for Next Mark 14.518ms
[2025-08-01T03:51:21.984+0000] GC(1529) Concurrent Mark Cycle 344.006ms
[2025-08-01T03:51:22.067+0000] GC(1532) Pause Young (Prepare Mixed) (G1 Evacuation Pause)
[2025-08-01T03:51:22.067+0000] GC(1532) Using 8 workers of 8 for evacuation
[2025-08-01T03:51:22.293+0000] GC(1532) MMU target violated: 201.0ms (200.0ms/201.0ms)
[2025-08-01T03:51:22.293+0000] GC(1532)   Pre Evacuate Collection Set: 0.8ms
[2025-08-01T03:51:22.293+0000] GC(1532)   Merge Heap Roots: 0.3ms
[2025-08-01T03:51:22.293+0000] GC(1532)   Evacuate Collection Set: 223.5ms
[2025-08-01T03:51:22.293+0000] GC(1532)   Post Evacuate Collection Set: 1.4ms
[2025-08-01T03:51:22.293+0000] GC(1532)   Other: 0.2ms
[2025-08-01T03:51:22.294+0000] GC(1532) Eden regions: 420->0(282)
[2025-08-01T03:51:22.294+0000] GC(1532) Survivor regions: 16->55(55)
[2025-08-01T03:51:22.294+0000] GC(1532) Old regions: 708->1091
[2025-08-01T03:51:22.294+0000] GC(1532) Humongous regions: 0->0
[2025-08-01T03:51:22.294+0000] GC(1532) Metaspace: 10593K(10816K)->10593K(10816K) NonClass: 9335K(9472K)->9335K(9472K) Class: 1258K(1344K)->1258K(1344K)
[2025-08-01T03:51:22.294+0000] GC(1532) Pause Young (Prepare Mixed) (G1 Evacuation Pause) 2287M->2291M(4096M) 226.462ms
[2025-08-01T03:51:22.294+0000] GC(1532) User=1.67s Sys=0.07s Real=0.23s
[2025-08-01T03:51:22.393+0000] GC(1533) Pause Young (Mixed) (G1 Evacuation Pause)
[2025-08-01T03:51:22.393+0000] GC(1533) Using 8 workers of 8 for evacuation
[2025-08-01T03:51:22.481+0000] GC(1533)   Pre Evacuate Collection Set: 0.6ms
[2025-08-01T03:51:22.481+0000] GC(1533)   Merge Heap Roots: 0.2ms
[2025-08-01T03:51:22.481+0000] GC(1533)   Evacuate Collection Set: 82.4ms
[2025-08-01T03:51:22.481+0000] GC(1533)   Post Evacuate Collection Set: 3.8ms
[2025-08-01T03:51:22.481+0000] GC(1533)   Other: 0.2ms
[2025-08-01T03:51:22.481+0000] GC(1533) Eden regions: 282->0(289)
[2025-08-01T03:51:22.481+0000] GC(1533) Survivor regions: 55->43(43)
[2025-08-01T03:51:22.481+0000] GC(1533) Old regions: 1091->1121
[2025-08-01T03:51:22.481+0000] GC(1533) Humongous regions: 0->0
[2025-08-01T03:51:22.481+0000] GC(1533) Metaspace: 10593K(10816K)->10593K(10816K) NonClass: 9335K(9472K)->9335K(9472K) Class: 1258K(1344K)->1258K(1344K)
[2025-08-01T03:51:22.481+0000] GC(1533) Pause Young (Mixed) (G1 Evacuation Pause) 2855M->2326M(4096M) 87.595ms
[2025-08-01T03:51:22.481+0000] GC(1533) User=0.61s Sys=0.03s Real=0.08s
[2025-08-01T03:51:22.605+0000] GC(1534) Pause Young (Concurrent Start) (G1 Evacuation Pause)
[2025-08-01T03:51:22.605+0000] GC(1534) Using 8 workers of 8 for evacuation
[2025-08-01T03:51:22.751+0000] GC(1534)   Pre Evacuate Collection Set: 1.5ms
[2025-08-01T03:51:22.751+0000] GC(1534)   Merge Heap Roots: 0.2ms
[2025-08-01T03:51:22.751+0000] GC(1534)   Evacuate Collection Set: 143.3ms
[2025-08-01T03:51:22.751+0000] GC(1534)   Post Evacuate Collection Set: 1.2ms
[2025-08-01T03:51:22.751+0000] GC(1534)   Other: 0.2ms
[2025-08-01T03:51:22.751+0000] GC(1534) Eden regions: 289->0(186)
[2025-08-01T03:51:22.751+0000] GC(1534) Survivor regions: 43->42(42)
[2025-08-01T03:51:22.751+0000] GC(1534) Old regions: 1121->1413
[2025-08-01T03:51:22.751+0000] GC(1534) Humongous regions: 0->0
[2025-08-01T03:51:22.751+0000] GC(1534) Metaspace: 10593K(10816K)->10593K(10816K) NonClass: 9335K(9472K)->9335K(9472K) Class: 1258K(1344K)->1258K(1344K)
[2025-08-01T03:51:22.751+0000] GC(1534) Pause Young (Concurrent Start) (G1 Evacuation Pause) 2904M->2908M(4096M) 146.760ms
[2025-08-01T03:51:22.751+0000] GC(1534) User=1.09s Sys=0.04s Real=0.14s
[2025-08-01T03:51:22.751+0000] GC(1535) Concurrent Mark Cycle
[2025-08-01T03:51:22.751+0000] GC(1535) Concurrent Scan Root Regions
[2025-08-01T03:51:22.814+0000] GC(1535) Concurrent Scan Root Regions 62.714ms
[2025-08-01T03:51:22.814+0000] GC(1535) Concurrent Mark
[2025-08-01T03:51:22.814+0000] GC(1535) Concurrent Mark From Roots
[2025-08-01T03:51:22.814+0000] GC(1535) Using 2 workers of 2 for marking
[2025-08-01T03:51:22.839+0000] GC(1536) Pause Young (Normal) (G1 Evacuation Pause)
[2025-08-01T03:51:22.839+0000] GC(1536) Using 8 workers of 8 for evacuation
[2025-08-01T03:51:22.941+0000] GC(1536)   Pre Evacuate Collection Set: 0.9ms
[2025-08-01T03:51:22.941+0000] GC(1536)   Merge Heap Roots: 0.2ms
[2025-08-01T03:51:22.941+0000] GC(1536)   Evacuate Collection Set: 99.7ms
[2025-08-01T03:51:22.941+0000] GC(1536)   Post Evacuate Collection Set: 1.0ms
[2025-08-01T03:51:22.941+0000] GC(1536)   Other: 0.1ms
[2025-08-01T03:51:22.941+0000] GC(1536) Eden regions: 186->0(125)
[2025-08-01T03:51:22.941+0000] GC(1536) Survivor regions: 42->29(29)
[2025-08-01T03:51:22.941+0000] GC(1536) Old regions: 1413->1614
[2025-08-01T03:51:22.941+0000] GC(1536) Humongous regions: 0->0
[2025-08-01T03:51:22.941+0000] GC(1536) Metaspace: 10593K(10816K)->10593K(10816K) NonClass: 9335K(9472K)->9335K(9472K) Class: 1258K(1344K)->1258K(1344K)
[2025-08-01T03:51:22.941+0000] GC(1536) Pause Young (Normal) (G1 Evacuation Pause) 3280M->3285M(4096M) 102.231ms
[2025-08-01T03:51:22.941+0000] GC(1536) User=0.75s Sys=0.03s Real=0.10s
[2025-08-01T03:51:22.981+0000] GC(1535) Concurrent Mark From Roots 166.519ms
[2025-08-01T03:51:22.981+0000] GC(1535) Concurrent Preclean
[2025-08-01T03:51:22.981+0000] GC(1535) Concurrent Preclean 0.027ms
[2025-08-01T03:51:22.981+0000] GC(1535) Pause Remark
[2025-08-01T03:51:22.984+0000] GC(1535) Pause Remark 3422M->1444M(4096M) 3.156ms
[2025-08-01T03:51:22.984+0000] GC(1535) User=0.01s Sys=0.00s Real=0.01s
[2025-08-01T03:51:22.984+0000] GC(1535) Concurrent Mark 170.150ms
[2025-08-01T03:51:22.984+0000] GC(1535) Concurrent Rebuild Remembered Sets and Scrub Regions
[2025-08-01T03:51:23.013+0000] GC(1537) Pause Young (Normal) (G1 Evacuation Pause)
[2025-08-01T03:51:23.013+0000] GC(1537) Using 8 workers of 8 for evacuation
[2025-08-01T03:51:23.064+0000] GC(1537)   Pre Evacuate Collection Set: 0.9ms
[2025-08-01T03:51:23.064+0000] GC(1537)   Merge Heap Roots: 0.3ms
[2025-08-01T03:51:23.064+0000] GC(1537)   Evacuate Collection Set: 48.5ms
[2025-08-01T03:51:23.064+0000] GC(1537)   Post Evacuate Collection Set: 1.4ms
[2025-08-01T03:51:23.064+0000] GC(1537)   Other: 0.1ms
[2025-08-01T03:51:23.065+0000] GC(1537) Eden regions: 125->0(398)
[2025-08-01T03:51:23.065+0000] GC(1537) Survivor regions: 29->20(20)
[2025-08-01T03:51:23.065+0000] GC(1537) Old regions: 625->762
[2025-08-01T03:51:23.065+0000] GC(1537) Humongous regions: 0->0
[2025-08-01T03:51:23.065+0000] GC(1537) Metaspace: 10593K(10816K)->10593K(10816K) NonClass: 9335K(9472K)->9335K(9472K) Class: 1258K(1344K)->1258K(1344K)
[2025-08-01T03:51:23.065+0000] GC(1537) Pause Young (Normal) (G1 Evacuation Pause) 1557M->1562M(4096M) 51.497ms
[2025-08-01T03:51:23.065+0000] GC(1537) User=0.37s Sys=0.01s Real=0.05s
[2025-08-01T03:51:23.194+0000] GC(1535) Concurrent Rebuild Remembered Sets and Scrub Regions 209.912ms
[2025-08-01T03:51:23.194+0000] GC(1535) Pause Cleanup
[2025-08-01T03:51:23.195+0000] GC(1535) Pause Cleanup 2173M->2173M(4096M) 0.510ms
[2025-08-01T03:51:23.195+0000] GC(1535) User=0.00s Sys=0.00s Real=0.00s
[2025-08-01T03:51:23.195+0000] GC(1535) Concurrent Clear Claimed Marks
[2025-08-01T03:51:23.195+0000] GC(1535) Concurrent Clear Claimed Marks 0.031ms
[2025-08-01T03:51:23.195+0000] GC(1535) Concurrent Cleanup for Next Mark
[2025-08-01T03:51:23.201+0000] GC(1535) Concurrent Cleanup for Next Mark 6.149ms
[2025-08-01T03:51:23.201+0000] GC(1535) Concurrent Mark Cycle 449.881ms
[2025-08-01T03:51:23.240+0000] GC(1538) Pause Young (Prepare Mixed) (G1 Evacuation Pause)
[2025-08-01T03:51:23.240+0000] GC(1538) Using 8 workers of 8 for evacuation
[2025-08-01T03:51:23.323+0000] GC(1538)   Pre Evacuate Collection Set: 0.7ms
[2025-08-01T03:51:23.323+0000] GC(1538)   Merge Heap Roots: 0.1ms
[2025-08-01T03:51:23.323+0000] GC(1538)   Evacuate Collection Set: 79.9ms
[2025-08-01T03:51:23.323+0000] GC(1538)   Post Evacuate Collection Set: 1.7ms
[2025-08-01T03:51:23.323+0000] GC(1538)   Other: 0.1ms
[2025-08-01T03:51:23.323+0000] GC(1538) Eden regions: 398->0(344)
[2025-08-01T03:51:23.323+0000] GC(1538) Survivor regions: 20->53(53)
[2025-08-01T03:51:23.323+0000] GC(1538) Old regions: 762->940
[2025-08-01T03:51:23.323+0000] GC(1538) Humongous regions: 0->0
[2025-08-01T03:51:23.323+0000] GC(1538) Metaspace: 10593K(10816K)->10593K(10816K) NonClass: 9335K(9472K)->9335K(9472K) Class: 1258K(1344K)->1258K(1344K)
[2025-08-01T03:51:23.323+0000] GC(1538) Pause Young (Prepare Mixed) (G1 Evacuation Pause) 2358M->1984M(4096M) 82.748ms
[2025-08-01T03:51:23.323+0000] GC(1538) User=0.61s Sys=0.01s Real=0.09s
[2025-08-01T03:51:23.480+0000] GC(1539) Pause Young (Mixed) (G1 Evacuation Pause)
[2025-08-01T03:51:23.481+0000] GC(1539) Using 8 workers of 8 for evacuation
[2025-08-01T03:51:23.717+0000] GC(1539) MMU target violated: 201.0ms (200.0ms/201.0ms)
[2025-08-01T03:51:23.717+0000] GC(1539)   Pre Evacuate Collection Set: 0.9ms
[2025-08-01T03:51:23.717+0000] GC(1539)   Merge Heap Roots: 0.5ms
[2025-08-01T03:51:23.717+0000] GC(1539)   Evacuate Collection Set: 233.4ms
[2025-08-01T03:51:23.717+0000] GC(1539)   Post Evacuate Collection Set: 1.6ms
[2025-08-01T03:51:23.717+0000] GC(1539)   Other: 0.3ms
[2025-08-01T03:51:23.717+0000] GC(1539) Eden regions: 344->0(223)
[2025-08-01T03:51:23.717+0000] GC(1539) Survivor regions: 53->50(50)
[2025-08-01T03:51:23.717+0000] GC(1539) Old regions: 940->1285
[2025-08-01T03:51:23.717+0000] GC(1539) Humongous regions: 0->0
[2025-08-01T03:51:23.717+0000] GC(1539) Metaspace: 10593K(10816K)->10593K(10816K) NonClass: 9335K(9472K)->9335K(9472K) Class: 1258K(1344K)->1258K(1344K)
[2025-08-01T03:51:23.717+0000] GC(1539) Pause Young (Mixed) (G1 Evacuation Pause) 2672M->2669M(4096M) 237.009ms
[2025-08-01T03:51:23.718+0000] GC(1539) User=1.76s Sys=0.07s Real=0.24s
[2025-08-01T03:51:23.805+0000] GC(1540) Pause Young (Concurrent Start) (G1 Evacuation Pause)
[2025-08-01T03:51:23.805+0000] GC(1540) Using 8 workers of 8 for evacuation
[2025-08-01T03:51:23.909+0000] GC(1540)   Pre Evacuate Collection Set: 0.9ms
[2025-08-01T03:51:23.909+0000] GC(1540)   Merge Heap Roots: 0.2ms
[2025-08-01T03:51:23.909+0000] GC(1540)   Evacuate Collection Set: 101.3ms
[2025-08-01T03:51:23.909+0000] GC(1540)   Post Evacuate Collection Set: 1.0ms
[2025-08-01T03:51:23.909+0000] GC(1540)   Other: 0.4ms
[2025-08-01T03:51:23.909+0000] GC(1540) Eden regions: 223->0(151)
[2025-08-01T03:51:23.909+0000] GC(1540) Survivor regions: 50->35(35)
[2025-08-01T03:51:23.909+0000] GC(1540) Old regions: 1285->1525
[2025-08-01T03:51:23.909+0000] GC(1540) Humongous regions: 0->0
[2025-08-01T03:51:23.909+0000] GC(1540) Metaspace: 10593K(10816K)->10593K(10816K) NonClass: 9335K(9472K)->9335K(9472K) Class: 1258K(1344K)->1258K(1344K)
[2025-08-01T03:51:23.909+0000] GC(1540) Pause Young (Concurrent Start) (G1 Evacuation Pause) 3115M->3119M(4096M) 104.085ms
[2025-08-01T03:51:23.909+0000] GC(1540) User=0.78s Sys=0.02s Real=0.10s
[2025-08-01T03:51:23.909+0000] GC(1541) Concurrent Mark Cycle
[2025-08-01T03:51:23.910+0000] GC(1541) Concurrent Scan Root Regions
[2025-08-01T03:51:23.962+0000] GC(1541) Concurrent Scan Root Regions 52.291ms
[2025-08-01T03:51:23.962+0000] GC(1541) Concurrent Mark
[2025-08-01T03:51:23.962+0000] GC(1541) Concurrent Mark From Roots
[2025-08-01T03:51:23.962+0000] GC(1541) Using 2 workers of 2 for marking
[2025-08-01T03:51:23.992+0000] GC(1542) Pause Young (Normal) (G1 Evacuation Pause)
[2025-08-01T03:51:23.992+0000] GC(1542) Using 8 workers of 8 for evacuation
[2025-08-01T03:51:24.038+0000] GC(1542)   Pre Evacuate Collection Set: 0.8ms
[2025-08-01T03:51:24.038+0000] GC(1542)   Merge Heap Roots: 0.2ms
[2025-08-01T03:51:24.038+0000] GC(1542)   Evacuate Collection Set: 43.5ms
[2025-08-01T03:51:24.038+0000] GC(1542)   Post Evacuate Collection Set: 1.2ms
[2025-08-01T03:51:24.038+0000] GC(1542)   Other: 0.2ms
[2025-08-01T03:51:24.038+0000] GC(1542) Eden regions: 151->0(132)
[2025-08-01T03:51:24.038+0000] GC(1542) Survivor regions: 35->24(24)
[2025-08-01T03:51:24.038+0000] GC(1542) Old regions: 1525->1607
[2025-08-01T03:51:24.038+0000] GC(1542) Humongous regions: 0->0
[2025-08-01T03:51:24.038+0000] GC(1542) Metaspace: 10593K(10816K)->10593K(10816K) NonClass: 9335K(9472K)->9335K(9472K) Class: 1258K(1344K)->1258K(1344K)
[2025-08-01T03:51:24.038+0000] GC(1542) Pause Young (Normal) (G1 Evacuation Pause) 3421M->3261M(4096M) 46.141ms
[2025-08-01T03:51:24.038+0000] GC(1542) User=0.33s Sys=0.02s Real=0.05s
[2025-08-01T03:51:24.111+0000] GC(1543) Pause Young (Normal) (G1 Evacuation Pause)
[2025-08-01T03:51:24.111+0000] GC(1543) Using 8 workers of 8 for evacuation
[2025-08-01T03:51:24.163+0000] GC(1543)   Pre Evacuate Collection Set: 0.9ms
[2025-08-01T03:51:24.164+0000] GC(1543)   Merge Heap Roots: 0.1ms
[2025-08-01T03:51:24.164+0000] GC(1543)   Evacuate Collection Set: 50.8ms
[2025-08-01T03:51:24.164+0000] GC(1543)   Post Evacuate Collection Set: 0.9ms
[2025-08-01T03:51:24.164+0000] GC(1543)   Other: 0.1ms
[2025-08-01T03:51:24.164+0000] GC(1543) Eden regions: 132->0(94)
[2025-08-01T03:51:24.164+0000] GC(1543) Survivor regions: 24->20(20)
[2025-08-01T03:51:24.164+0000] GC(1543) Old regions: 1607->1725
[2025-08-01T03:51:24.164+0000] GC(1543) Humongous regions: 0->0
[2025-08-01T03:51:24.164+0000] GC(1543) Metaspace: 10593K(10816K)->10593K(10816K) NonClass: 9335K(9472K)->9335K(9472K) Class: 1258K(1344K)->1258K(1344K)
[2025-08-01T03:51:24.164+0000] GC(1543) Pause Young (Normal) (G1 Evacuation Pause) 3525M->3489M(4096M) 53.125ms
[2025-08-01T03:51:24.164+0000] GC(1543) User=0.38s Sys=0.01s Real=0.06s
[2025-08-01T03:51:24.181+0000] GC(1544) Pause Young (Normal) (G1 Evacuation Pause)
[2025-08-01T03:51:24.181+0000] GC(1544) Using 8 workers of 8 for evacuation
[2025-08-01T03:51:24.214+0000] GC(1544)   Pre Evacuate Collection Set: 0.8ms
[2025-08-01T03:51:24.214+0000] GC(1544)   Merge Heap Roots: 0.2ms
[2025-08-01T03:51:24.214+0000] GC(1544)   Evacuate Collection Set: 31.0ms
[2025-08-01T03:51:24.214+0000] GC(1544)   Post Evacuate Collection Set: 0.7ms
[2025-08-01T03:51:24.214+0000] GC(1544)   Other: 0.1ms
[2025-08-01T03:51:24.214+0000] GC(1544) Eden regions: 94->0(87)
[2025-08-01T03:51:24.214+0000] GC(1544) Survivor regions: 20->15(15)
[2025-08-01T03:51:24.214+0000] GC(1544) Old regions: 1725->1826
[2025-08-01T03:51:24.214+0000] GC(1544) Humongous regions: 0->0
[2025-08-01T03:51:24.214+0000] GC(1544) Metaspace: 10593K(10816K)->10593K(10816K) NonClass: 9335K(9472K)->9335K(9472K) Class: 1258K(1344K)->1258K(1344K)
[2025-08-01T03:51:24.214+0000] GC(1544) Pause Young (Normal) (G1 Evacuation Pause) 3677M->3680M(4096M) 33.039ms
[2025-08-01T03:51:24.214+0000] GC(1544) User=0.25s Sys=0.00s Real=0.04s
[2025-08-01T03:51:24.277+0000] GC(1545) Pause Young (Normal) (G1 Evacuation Pause)
[2025-08-01T03:51:24.277+0000] GC(1545) Using 8 workers of 8 for evacuation
[2025-08-01T03:51:24.319+0000] GC(1545)   Pre Evacuate Collection Set: 0.8ms
[2025-08-01T03:51:24.319+0000] GC(1545)   Merge Heap Roots: 0.2ms
[2025-08-01T03:51:24.319+0000] GC(1545)   Evacuate Collection Set: 40.3ms
[2025-08-01T03:51:24.319+0000] GC(1545)   Post Evacuate Collection Set: 0.8ms
[2025-08-01T03:51:24.319+0000] GC(1545)   Other: 0.1ms
[2025-08-01T03:51:24.319+0000] GC(1545) Eden regions: 87->0(89)
[2025-08-01T03:51:24.319+0000] GC(1545) Survivor regions: 15->13(13)
[2025-08-01T03:51:24.319+0000] GC(1545) Old regions: 1826->1917
[2025-08-01T03:51:24.319+0000] GC(1545) Humongous regions: 0->0
[2025-08-01T03:51:24.319+0000] GC(1545) Metaspace: 10593K(10816K)->10593K(10816K) NonClass: 9335K(9472K)->9335K(9472K) Class: 1258K(1344K)->1258K(1344K)
[2025-08-01T03:51:24.319+0000] GC(1545) Pause Young (Normal) (G1 Evacuation Pause) 3854M->3858M(4096M) 42.380ms
[2025-08-01T03:51:24.319+0000] GC(1545) User=0.31s Sys=0.02s Real=0.04s
[2025-08-01T03:51:24.338+0000] GC(1546) Pause Young (Normal) (G1 Evacuation Pause)
[2025-08-01T03:51:24.338+0000] GC(1546) Using 8 workers of 8 for evacuation
[2025-08-01T03:51:24.365+0000] GC(1546)   Pre Evacuate Collection Set: 0.9ms
[2025-08-01T03:51:24.365+0000] GC(1546)   Merge Heap Roots: 0.2ms
[2025-08-01T03:51:24.365+0000] GC(1546)   Evacuate Collection Set: 19.7ms
[2025-08-01T03:51:24.365+0000] GC(1546)   Post Evacuate Collection Set: 6.1ms
[2025-08-01T03:51:24.365+0000] GC(1546)   Other: 0.1ms
[2025-08-01T03:51:24.365+0000] GC(1546) Eden regions: 89->0(0)
[2025-08-01T03:51:24.365+0000] GC(1546) Survivor regions: 13->13(13)
[2025-08-01T03:51:24.365+0000] GC(1546) Old regions: 1917->2028
[2025-08-01T03:51:24.365+0000] GC(1546) Humongous regions: 0->0
[2025-08-01T03:51:24.365+0000] GC(1546) Metaspace: 10593K(10816K)->10593K(10816K) NonClass: 9335K(9472K)->9335K(9472K) Class: 1258K(1344K)->1258K(1344K)
[2025-08-01T03:51:24.365+0000] GC(1546) Pause Young (Normal) (G1 Evacuation Pause) (Evacuation Failure) 4036M->4081M(4096M) 27.294ms
[2025-08-01T03:51:24.365+0000] GC(1546) User=0.17s Sys=0.01s Real=0.03s
[2025-08-01T03:51:24.365+0000] Attempting full compaction
[2025-08-01T03:51:24.365+0000] GC(1547) Pause Full (G1 Compaction Pause)
[2025-08-01T03:51:24.365+0000] GC(1547) Using 8 workers of 8 for full compaction
[2025-08-01T03:51:24.371+0000] GC(1547) Phase 1: Mark live objects
[2025-08-01T03:51:24.413+0000] GC(1547) Phase 1: Mark live objects 42.787ms
[2025-08-01T03:51:24.413+0000] GC(1547) Phase 2: Prepare compaction
[2025-08-01T03:51:24.422+0000] GC(1547) Phase 2: Prepare compaction 8.220ms
[2025-08-01T03:51:24.422+0000] GC(1547) Phase 3: Adjust pointers
[2025-08-01T03:51:24.467+0000] GC(1547) Phase 3: Adjust pointers 45.620ms
[2025-08-01T03:51:24.467+0000] GC(1547) Phase 4: Compact heap
[2025-08-01T03:51:24.499+0000] GC(1547) Phase 4: Compact heap 31.976ms
[2025-08-01T03:51:24.500+0000] GC(1547) Phase 5: Reset Metadata
[2025-08-01T03:51:24.539+0000] GC(1547) Phase 5: Reset Metadata 39.941ms
[2025-08-01T03:51:24.548+0000] GC(1547) Eden regions: 0->0(506)
[2025-08-01T03:51:24.548+0000] GC(1547) Survivor regions: 13->0(13)
[2025-08-01T03:51:24.548+0000] GC(1547) Old regions: 2028->474
[2025-08-01T03:51:24.548+0000] GC(1547) Humongous regions: 0->0
[2025-08-01T03:51:24.548+0000] GC(1547) Metaspace: 10593K(10816K)->10593K(10816K) NonClass: 9335K(9472K)->9335K(9472K) Class: 1258K(1344K)->1258K(1344K)
[2025-08-01T03:51:24.548+0000] GC(1547) Pause Full (G1 Compaction Pause) 4081M->939M(4096M) 182.548ms
[2025-08-01T03:51:24.548+0000] GC(1547) User=1.28s Sys=0.01s Real=0.18s
[2025-08-01T03:51:24.548+0000] GC(1541) Concurrent Mark From Roots 586.294ms
[2025-08-01T03:51:24.548+0000] GC(1541) Concurrent Mark Abort
[2025-08-01T03:51:24.548+0000] GC(1541) Concurrent Mark Cycle 638.928ms
[2025-08-01T03:51:24.778+0000] GC(1548) Pause Young (Normal) (G1 Evacuation Pause)
[2025-08-01T03:51:24.778+0000] GC(1548) Using 8 workers of 8 for evacuation
[2025-08-01T03:51:24.903+0000] GC(1548)   Pre Evacuate Collection Set: 1.1ms
[2025-08-01T03:51:24.903+0000] GC(1548)   Merge Heap Roots: 1.4ms
[2025-08-01T03:51:24.903+0000] GC(1548)   Evacuate Collection Set: 120.7ms
[2025-08-01T03:51:24.903+0000] GC(1548)   Post Evacuate Collection Set: 1.1ms
[2025-08-01T03:51:24.903+0000] GC(1548)   Other: 0.1ms
[2025-08-01T03:51:24.903+0000] GC(1548) Eden regions: 506->0(459)
[2025-08-01T03:51:24.903+0000] GC(1548) Survivor regions: 0->64(64)
[2025-08-01T03:51:24.903+0000] GC(1548) Old regions: 474->603
[2025-08-01T03:51:24.903+0000] GC(1548) Humongous regions: 0->0
[2025-08-01T03:51:24.903+0000] GC(1548) Metaspace: 10593K(10816K)->10593K(10816K) NonClass: 9335K(9472K)->9335K(9472K) Class: 1258K(1344K)->1258K(1344K)
[2025-08-01T03:51:24.903+0000] GC(1548) Pause Young (Normal) (G1 Evacuation Pause) 1951M->1324M(4096M) 124.896ms
[2025-08-01T03:51:24.903+0000] GC(1548) User=0.92s Sys=0.05s Real=0.13s
[2025-08-01T03:51:25.075+0000] GC(1549) Pause Young (Concurrent Start) (G1 Evacuation Pause)
[2025-08-01T03:51:25.075+0000] GC(1549) Using 8 workers of 8 for evacuation
[2025-08-01T03:51:25.232+0000] GC(1549)   Pre Evacuate Collection Set: 1.2ms
[2025-08-01T03:51:25.232+0000] GC(1549)   Merge Heap Roots: 0.2ms
[2025-08-01T03:51:25.232+0000] GC(1549)   Evacuate Collection Set: 154.3ms
[2025-08-01T03:51:25.232+0000] GC(1549)   Post Evacuate Collection Set: 1.3ms
[2025-08-01T03:51:25.232+0000] GC(1549)   Other: 0.2ms
[2025-08-01T03:51:25.232+0000] GC(1549) Eden regions: 458->0(314)
[2025-08-01T03:51:25.232+0000] GC(1549) Survivor regions: 64->66(66)
[2025-08-01T03:51:25.232+0000] GC(1549) Old regions: 603->1007
[2025-08-01T03:51:25.232+0000] GC(1549) Humongous regions: 0->0
[2025-08-01T03:51:25.232+0000] GC(1549) Metaspace: 10593K(10816K)->10593K(10816K) NonClass: 9335K(9472K)->9335K(9472K) Class: 1258K(1344K)->1258K(1344K)
[2025-08-01T03:51:25.232+0000] GC(1549) Pause Young (Concurrent Start) (G1 Evacuation Pause) 2240M->2137M(4096M) 157.492ms
[2025-08-01T03:51:25.232+0000] GC(1549) User=1.20s Sys=0.01s Real=0.15s
[2025-08-01T03:51:25.232+0000] GC(1550) Concurrent Mark Cycle
[2025-08-01T03:51:25.232+0000] GC(1550) Concurrent Scan Root Regions
[2025-08-01T03:51:25.333+0000] GC(1550) Concurrent Scan Root Regions 100.613ms
[2025-08-01T03:51:25.333+0000] GC(1550) Concurrent Mark
[2025-08-01T03:51:25.333+0000] GC(1550) Concurrent Mark From Roots
[2025-08-01T03:51:25.333+0000] GC(1550) Using 2 workers of 2 for marking
[2025-08-01T03:51:25.362+0000] GC(1550) Concurrent Mark From Roots 28.629ms
[2025-08-01T03:51:25.362+0000] GC(1550) Concurrent Preclean
[2025-08-01T03:51:25.362+0000] GC(1550) Concurrent Preclean 0.018ms
[2025-08-01T03:51:25.362+0000] GC(1550) Pause Remark
[2025-08-01T03:51:25.366+0000] GC(1550) Pause Remark 2691M->1739M(4096M) 3.768ms
[2025-08-01T03:51:25.366+0000] GC(1550) User=0.01s Sys=0.00s Real=0.01s
[2025-08-01T03:51:25.366+0000] GC(1550) Concurrent Mark 33.025ms
[2025-08-01T03:51:25.366+0000] GC(1550) Concurrent Rebuild Remembered Sets and Scrub Regions
[2025-08-01T03:51:25.379+0000] GC(1551) Pause Young (Normal) (G1 Evacuation Pause)
[2025-08-01T03:51:25.380+0000] GC(1551) Using 8 workers of 8 for evacuation
[2025-08-01T03:51:25.479+0000] GC(1551)   Pre Evacuate Collection Set: 0.9ms
[2025-08-01T03:51:25.479+0000] GC(1551)   Merge Heap Roots: 0.9ms
[2025-08-01T03:51:25.479+0000] GC(1551)   Evacuate Collection Set: 96.1ms
[2025-08-01T03:51:25.479+0000] GC(1551)   Post Evacuate Collection Set: 1.4ms
[2025-08-01T03:51:25.479+0000] GC(1551)   Other: 0.1ms
[2025-08-01T03:51:25.479+0000] GC(1551) Eden regions: 314->0(397)
[2025-08-01T03:51:25.479+0000] GC(1551) Survivor regions: 66->48(48)
[2025-08-01T03:51:25.479+0000] GC(1551) Old regions: 527->788
[2025-08-01T03:51:25.479+0000] GC(1551) Humongous regions: 0->0
[2025-08-01T03:51:25.479+0000] GC(1551) Metaspace: 10593K(10816K)->10593K(10816K) NonClass: 9335K(9472K)->9335K(9472K) Class: 1258K(1344K)->1258K(1344K)
[2025-08-01T03:51:25.479+0000] GC(1551) Pause Young (Normal) (G1 Evacuation Pause) 1813M->1671M(4096M) 99.706ms
[2025-08-01T03:51:25.479+0000] GC(1551) User=0.73s Sys=0.02s Real=0.10s
[2025-08-01T03:51:25.589+0000] GC(1550) Concurrent Rebuild Remembered Sets and Scrub Regions 222.996ms
[2025-08-01T03:51:25.589+0000] GC(1550) Pause Cleanup
[2025-08-01T03:51:25.591+0000] GC(1550) Pause Cleanup 2297M->2297M(4096M) 1.492ms
[2025-08-01T03:51:25.591+0000] GC(1550) User=0.00s Sys=0.00s Real=0.00s
[2025-08-01T03:51:25.591+0000] GC(1550) Concurrent Clear Claimed Marks
[2025-08-01T03:51:25.591+0000] GC(1550) Concurrent Clear Claimed Marks 0.038ms
[2025-08-01T03:51:25.591+0000] GC(1550) Concurrent Cleanup for Next Mark
[2025-08-01T03:51:25.599+0000] GC(1550) Concurrent Cleanup for Next Mark 8.264ms
[2025-08-01T03:51:25.599+0000] GC(1550) Concurrent Mark Cycle 367.094ms
[2025-08-01T03:51:25.641+0000] GC(1552) Pause Young (Prepare Mixed) (G1 Evacuation Pause)
[2025-08-01T03:51:25.641+0000] GC(1552) Using 8 workers of 8 for evacuation
[2025-08-01T03:51:25.750+0000] GC(1552)   Pre Evacuate Collection Set: 0.6ms
[2025-08-01T03:51:25.750+0000] GC(1552)   Merge Heap Roots: 0.2ms
[2025-08-01T03:51:25.750+0000] GC(1552)   Evacuate Collection Set: 107.1ms
[2025-08-01T03:51:25.750+0000] GC(1552)   Post Evacuate Collection Set: 1.1ms
[2025-08-01T03:51:25.750+0000] GC(1552)   Other: 0.1ms
[2025-08-01T03:51:25.750+0000] GC(1552) Eden regions: 397->0(306)
[2025-08-01T03:51:25.750+0000] GC(1552) Survivor regions: 48->56(56)
[2025-08-01T03:51:25.750+0000] GC(1552) Old regions: 788->1044
[2025-08-01T03:51:25.750+0000] GC(1552) Humongous regions: 0->0
[2025-08-01T03:51:25.750+0000] GC(1552) Metaspace: 10593K(10816K)->10593K(10816K) NonClass: 9335K(9472K)->9335K(9472K) Class: 1258K(1344K)->1258K(1344K)
[2025-08-01T03:51:25.750+0000] GC(1552) Pause Young (Prepare Mixed) (G1 Evacuation Pause) 2465M->2198M(4096M) 109.415ms
[2025-08-01T03:51:25.750+0000] GC(1552) User=0.83s Sys=0.02s Real=0.11s
[2025-08-01T03:51:25.853+0000] GC(1553) Pause Young (Mixed) (G1 Evacuation Pause)
[2025-08-01T03:51:25.853+0000] GC(1553) Using 8 workers of 8 for evacuation
[2025-08-01T03:51:26.074+0000] GC(1553) MMU target violated: 201.0ms (200.0ms/201.0ms)
[2025-08-01T03:51:26.074+0000] GC(1553)   Pre Evacuate Collection Set: 1.4ms
[2025-08-01T03:51:26.074+0000] GC(1553)   Merge Heap Roots: 0.4ms
[2025-08-01T03:51:26.074+0000] GC(1553)   Evacuate Collection Set: 217.9ms
[2025-08-01T03:51:26.075+0000] GC(1553)   Post Evacuate Collection Set: 1.1ms
[2025-08-01T03:51:26.075+0000] GC(1553)   Other: 0.2ms
[2025-08-01T03:51:26.075+0000] GC(1553) Eden regions: 306->0(204)
[2025-08-01T03:51:26.075+0000] GC(1553) Survivor regions: 56->46(46)
[2025-08-01T03:51:26.075+0000] GC(1553) Old regions: 1044->1349
[2025-08-01T03:51:26.075+0000] GC(1553) Humongous regions: 0->0
[2025-08-01T03:51:26.075+0000] GC(1553) Metaspace: 10593K(10816K)->10593K(10816K) NonClass: 9335K(9472K)->9335K(9472K) Class: 1258K(1344K)->1258K(1344K)
[2025-08-01T03:51:26.075+0000] GC(1553) Pause Young (Mixed) (G1 Evacuation Pause) 2810M->2788M(4096M) 221.318ms
[2025-08-01T03:51:26.075+0000] GC(1553) User=1.66s Sys=0.07s Real=0.22s
[2025-08-01T03:51:26.153+0000] GC(1554) Pause Young (Concurrent Start) (G1 Evacuation Pause)
[2025-08-01T03:51:26.153+0000] GC(1554) Using 8 workers of 8 for evacuation
[2025-08-01T03:51:26.223+0000] GC(1554)   Pre Evacuate Collection Set: 1.1ms
[2025-08-01T03:51:26.223+0000] GC(1554)   Merge Heap Roots: 0.3ms
[2025-08-01T03:51:26.223+0000] GC(1554)   Evacuate Collection Set: 67.3ms
[2025-08-01T03:51:26.223+0000] GC(1554)   Post Evacuate Collection Set: 1.1ms
[2025-08-01T03:51:26.223+0000] GC(1554)   Other: 0.2ms
[2025-08-01T03:51:26.223+0000] GC(1554) Eden regions: 204->0(159)
[2025-08-01T03:51:26.223+0000] GC(1554) Survivor regions: 46->32(32)
[2025-08-01T03:51:26.223+0000] GC(1554) Old regions: 1349->1517
[2025-08-01T03:51:26.223+0000] GC(1554) Humongous regions: 0->0
[2025-08-01T03:51:26.223+0000] GC(1554) Metaspace: 10593K(10816K)->10593K(10816K) NonClass: 9335K(9472K)->9335K(9472K) Class: 1258K(1344K)->1258K(1344K)
[2025-08-01T03:51:26.223+0000] GC(1554) Pause Young (Concurrent Start) (G1 Evacuation Pause) 3196M->3096M(4096M) 70.192ms
[2025-08-01T03:51:26.223+0000] GC(1554) User=0.52s Sys=0.01s Real=0.07s
[2025-08-01T03:51:26.224+0000] GC(1555) Concurrent Mark Cycle
[2025-08-01T03:51:26.224+0000] GC(1555) Concurrent Scan Root Regions
[2025-08-01T03:51:26.259+0000] GC(1555) Concurrent Scan Root Regions 35.635ms
[2025-08-01T03:51:26.259+0000] GC(1555) Concurrent Mark
[2025-08-01T03:51:26.259+0000] GC(1555) Concurrent Mark From Roots
[2025-08-01T03:51:26.259+0000] GC(1555) Using 2 workers of 2 for marking
[2025-08-01T03:51:26.297+0000] GC(1556) Pause Young (Normal) (G1 Evacuation Pause)
[2025-08-01T03:51:26.297+0000] GC(1556) Using 8 workers of 8 for evacuation
[2025-08-01T03:51:26.353+0000] GC(1556)   Pre Evacuate Collection Set: 0.9ms
[2025-08-01T03:51:26.353+0000] GC(1556)   Merge Heap Roots: 0.4ms
[2025-08-01T03:51:26.353+0000] GC(1556)   Evacuate Collection Set: 53.1ms
[2025-08-01T03:51:26.353+0000] GC(1556)   Post Evacuate Collection Set: 1.0ms
[2025-08-01T03:51:26.353+0000] GC(1556)   Other: 0.1ms
[2025-08-01T03:51:26.353+0000] GC(1556) Eden regions: 159->0(129)
[2025-08-01T03:51:26.353+0000] GC(1556) Survivor regions: 32->24(24)
[2025-08-01T03:51:26.353+0000] GC(1556) Old regions: 1517->1626
[2025-08-01T03:51:26.353+0000] GC(1556) Humongous regions: 0->0
[2025-08-01T03:51:26.353+0000] GC(1556) Metaspace: 10593K(10816K)->10593K(10816K) NonClass: 9335K(9472K)->9335K(9472K) Class: 1258K(1344K)->1258K(1344K)
[2025-08-01T03:51:26.353+0000] GC(1556) Pause Young (Normal) (G1 Evacuation Pause) 3414M->3298M(4096M) 55.765ms
[2025-08-01T03:51:26.353+0000] GC(1556) User=0.41s Sys=0.01s Real=0.06s
[2025-08-01T03:51:26.418+0000] GC(1557) Pause Young (Normal) (G1 Evacuation Pause)
[2025-08-01T03:51:26.418+0000] GC(1557) Using 8 workers of 8 for evacuation
[2025-08-01T03:51:26.472+0000] GC(1557)   Pre Evacuate Collection Set: 1.0ms
[2025-08-01T03:51:26.472+0000] GC(1557)   Merge Heap Roots: 0.2ms
[2025-08-01T03:51:26.472+0000] GC(1557)   Evacuate Collection Set: 51.9ms
[2025-08-01T03:51:26.472+0000] GC(1557)   Post Evacuate Collection Set: 0.8ms
[2025-08-01T03:51:26.472+0000] GC(1557)   Other: 0.1ms
[2025-08-01T03:51:26.472+0000] GC(1557) Eden regions: 129->0(89)
[2025-08-01T03:51:26.472+0000] GC(1557) Survivor regions: 24->20(20)
[2025-08-01T03:51:26.472+0000] GC(1557) Old regions: 1626->1739
[2025-08-01T03:51:26.472+0000] GC(1557) Humongous regions: 0->0
[2025-08-01T03:51:26.472+0000] GC(1557) Metaspace: 10593K(10816K)->10593K(10816K) NonClass: 9335K(9472K)->9335K(9472K) Class: 1258K(1344K)->1258K(1344K)
[2025-08-01T03:51:26.472+0000] GC(1557) Pause Young (Normal) (G1 Evacuation Pause) 3556M->3517M(4096M) 54.341ms
[2025-08-01T03:51:26.472+0000] GC(1557) User=0.36s Sys=0.02s Real=0.05s
[2025-08-01T03:51:26.489+0000] GC(1558) Pause Young (Normal) (G1 Evacuation Pause)
[2025-08-01T03:51:26.489+0000] GC(1558) Using 8 workers of 8 for evacuation
[2025-08-01T03:51:26.526+0000] GC(1558)   Pre Evacuate Collection Set: 0.6ms
[2025-08-01T03:51:26.526+0000] GC(1558)   Merge Heap Roots: 0.2ms
[2025-08-01T03:51:26.526+0000] GC(1558)   Evacuate Collection Set: 34.7ms
[2025-08-01T03:51:26.526+0000] GC(1558)   Post Evacuate Collection Set: 0.8ms
[2025-08-01T03:51:26.526+0000] GC(1558)   Other: 0.1ms
[2025-08-01T03:51:26.526+0000] GC(1558) Eden regions: 89->0(88)
[2025-08-01T03:51:26.526+0000] GC(1558) Survivor regions: 20->14(14)
[2025-08-01T03:51:26.526+0000] GC(1558) Old regions: 1739->1837
[2025-08-01T03:51:26.526+0000] GC(1558) Humongous regions: 0->0
[2025-08-01T03:51:26.526+0000] GC(1558) Metaspace: 10593K(10816K)->10593K(10816K) NonClass: 9335K(9472K)->9335K(9472K) Class: 1258K(1344K)->1258K(1344K)
[2025-08-01T03:51:26.526+0000] GC(1558) Pause Young (Normal) (G1 Evacuation Pause) 3695M->3700M(4096M) 36.796ms
[2025-08-01T03:51:26.526+0000] GC(1558) User=0.27s Sys=0.01s Real=0.04s
[2025-08-01T03:51:26.564+0000] GC(1555) Concurrent Mark From Roots 305.175ms
[2025-08-01T03:51:26.564+0000] GC(1555) Concurrent Preclean
[2025-08-01T03:51:26.564+0000] GC(1555) Concurrent Preclean 0.022ms
[2025-08-01T03:51:26.565+0000] GC(1555) Pause Remark
[2025-08-01T03:51:26.568+0000] GC(1555) Pause Remark 3838M->2244M(4096M) 3.784ms
[2025-08-01T03:51:26.568+0000] GC(1555) User=0.01s Sys=0.00s Real=0.00s
[2025-08-01T03:51:26.569+0000] GC(1555) Concurrent Mark 309.337ms
[2025-08-01T03:51:26.569+0000] GC(1555) Concurrent Rebuild Remembered Sets and Scrub Regions
[2025-08-01T03:51:26.590+0000] GC(1559) Pause Young (Normal) (G1 Evacuation Pause)
[2025-08-01T03:51:26.591+0000] GC(1559) Using 8 workers of 8 for evacuation
[2025-08-01T03:51:26.628+0000] GC(1559)   Pre Evacuate Collection Set: 0.9ms
[2025-08-01T03:51:26.629+0000] GC(1559)   Merge Heap Roots: 0.2ms
[2025-08-01T03:51:26.629+0000] GC(1559)   Evacuate Collection Set: 35.9ms
[2025-08-01T03:51:26.629+0000] GC(1559)   Post Evacuate Collection Set: 0.8ms
[2025-08-01T03:51:26.629+0000] GC(1559)   Other: 0.1ms
[2025-08-01T03:51:26.629+0000] GC(1559) Eden regions: 88->0(299)
[2025-08-01T03:51:26.629+0000] GC(1559) Survivor regions: 14->13(13)
[2025-08-01T03:51:26.629+0000] GC(1559) Old regions: 1040->1130
[2025-08-01T03:51:26.629+0000] GC(1559) Humongous regions: 0->0
[2025-08-01T03:51:26.629+0000] GC(1559) Metaspace: 10593K(10816K)->10593K(10816K) NonClass: 9335K(9472K)->9335K(9472K) Class: 1258K(1344K)->1258K(1344K)
[2025-08-01T03:51:26.629+0000] GC(1559) Pause Young (Normal) (G1 Evacuation Pause) 2282M->2285M(4096M) 38.193ms
[2025-08-01T03:51:26.629+0000] GC(1559) User=0.29s Sys=0.00s Real=0.04s
[2025-08-01T03:51:26.740+0000] GC(1560) Pause Young (Normal) (G1 Evacuation Pause)
[2025-08-01T03:51:26.740+0000] GC(1560) Using 8 workers of 8 for evacuation
[2025-08-01T03:51:26.837+0000] GC(1560)   Pre Evacuate Collection Set: 0.5ms
[2025-08-01T03:51:26.837+0000] GC(1560)   Merge Heap Roots: 0.3ms
[2025-08-01T03:51:26.837+0000] GC(1560)   Evacuate Collection Set: 95.2ms
[2025-08-01T03:51:26.838+0000] GC(1560)   Post Evacuate Collection Set: 1.1ms
[2025-08-01T03:51:26.838+0000] GC(1560)   Other: 0.1ms
[2025-08-01T03:51:26.838+0000] GC(1560) Eden regions: 299->0(191)
[2025-08-01T03:51:26.838+0000] GC(1560) Survivor regions: 13->39(39)
[2025-08-01T03:51:26.838+0000] GC(1560) Old regions: 1130->1406
[2025-08-01T03:51:26.838+0000] GC(1560) Humongous regions: 0->0
[2025-08-01T03:51:26.838+0000] GC(1560) Metaspace: 10593K(10816K)->10593K(10816K) NonClass: 9335K(9472K)->9335K(9472K) Class: 1258K(1344K)->1258K(1344K)
[2025-08-01T03:51:26.838+0000] GC(1560) Pause Young (Normal) (G1 Evacuation Pause) 2883M->2888M(4096M) 97.534ms
[2025-08-01T03:51:26.838+0000] GC(1560) User=0.76s Sys=0.00s Real=0.10s
[2025-08-01T03:51:26.923+0000] GC(1561) Pause Young (Normal) (G1 Evacuation Pause)
[2025-08-01T03:51:26.923+0000] GC(1561) Using 8 workers of 8 for evacuation
[2025-08-01T03:51:27.003+0000] GC(1561)   Pre Evacuate Collection Set: 1.4ms
[2025-08-01T03:51:27.003+0000] GC(1561)   Merge Heap Roots: 0.2ms
[2025-08-01T03:51:27.003+0000] GC(1561)   Evacuate Collection Set: 76.0ms
[2025-08-01T03:51:27.003+0000] GC(1561)   Post Evacuate Collection Set: 1.5ms
[2025-08-01T03:51:27.003+0000] GC(1561)   Other: 0.1ms
[2025-08-01T03:51:27.003+0000] GC(1561) Eden regions: 191->0(134)
[2025-08-01T03:51:27.003+0000] GC(1561) Survivor regions: 39->29(29)
[2025-08-01T03:51:27.003+0000] GC(1561) Old regions: 1406->1588
[2025-08-01T03:51:27.003+0000] GC(1561) Humongous regions: 0->0
[2025-08-01T03:51:27.003+0000] GC(1561) Metaspace: 10593K(10816K)->10593K(10816K) NonClass: 9335K(9472K)->9335K(9472K) Class: 1258K(1344K)->1258K(1344K)
[2025-08-01T03:51:27.003+0000] GC(1561) Pause Young (Normal) (G1 Evacuation Pause) 3270M->3232M(4096M) 79.591ms
[2025-08-01T03:51:27.003+0000] GC(1561) User=0.59s Sys=0.02s Real=0.08s
[2025-08-01T03:51:27.015+0000] GC(1555) Concurrent Rebuild Remembered Sets and Scrub Regions 446.690ms
[2025-08-01T03:51:27.015+0000] GC(1555) Pause Cleanup
[2025-08-01T03:51:27.017+0000] GC(1555) Pause Cleanup 3299M->3299M(4096M) 1.209ms
[2025-08-01T03:51:27.017+0000] GC(1555) User=0.01s Sys=0.00s Real=0.00s
[2025-08-01T03:51:27.017+0000] GC(1555) Concurrent Clear Claimed Marks
[2025-08-01T03:51:27.017+0000] GC(1555) Concurrent Clear Claimed Marks 0.058ms
[2025-08-01T03:51:27.017+0000] GC(1555) Concurrent Cleanup for Next Mark
[2025-08-01T03:51:27.025+0000] GC(1555) Concurrent Cleanup for Next Mark 8.295ms
[2025-08-01T03:51:27.025+0000] GC(1555) Concurrent Mark Cycle 801.764ms
[2025-08-01T03:51:27.075+0000] GC(1562) Pause Young (Prepare Mixed) (G1 Evacuation Pause)
[2025-08-01T03:51:27.075+0000] GC(1562) Using 8 workers of 8 for evacuation
[2025-08-01T03:51:27.135+0000] GC(1562)   Pre Evacuate Collection Set: 0.5ms
[2025-08-01T03:51:27.135+0000] GC(1562)   Merge Heap Roots: 0.2ms
[2025-08-01T03:51:27.135+0000] GC(1562)   Evacuate Collection Set: 58.6ms
[2025-08-01T03:51:27.135+0000] GC(1562)   Post Evacuate Collection Set: 0.9ms
[2025-08-01T03:51:27.135+0000] GC(1562)   Other: 0.2ms
[2025-08-01T03:51:27.135+0000] GC(1562) Eden regions: 134->0(99)
[2025-08-01T03:51:27.135+0000] GC(1562) Survivor regions: 29->21(21)
[2025-08-01T03:51:27.135+0000] GC(1562) Old regions: 1588->1706
[2025-08-01T03:51:27.135+0000] GC(1562) Humongous regions: 0->0
[2025-08-01T03:51:27.135+0000] GC(1562) Metaspace: 10593K(10816K)->10593K(10816K) NonClass: 9335K(9472K)->9335K(9472K) Class: 1258K(1344K)->1258K(1344K)
[2025-08-01T03:51:27.135+0000] GC(1562) Pause Young (Prepare Mixed) (G1 Evacuation Pause) 3500M->3453M(4096M) 60.703ms
[2025-08-01T03:51:27.135+0000] GC(1562) User=0.44s Sys=0.03s Real=0.06s
[2025-08-01T03:51:27.200+0000] GC(1563) Pause Young (Mixed) (G1 Evacuation Pause)
[2025-08-01T03:51:27.200+0000] GC(1563) Using 8 workers of 8 for evacuation
[2025-08-01T03:51:27.246+0000] GC(1563)   Pre Evacuate Collection Set: 0.7ms
[2025-08-01T03:51:27.246+0000] GC(1563)   Merge Heap Roots: 0.2ms
[2025-08-01T03:51:27.246+0000] GC(1563)   Evacuate Collection Set: 42.4ms
[2025-08-01T03:51:27.246+0000] GC(1563)   Post Evacuate Collection Set: 1.9ms
[2025-08-01T03:51:27.246+0000] GC(1563)   Other: 0.2ms
[2025-08-01T03:51:27.246+0000] GC(1563) Eden regions: 99->0(92)
[2025-08-01T03:51:27.246+0000] GC(1563) Survivor regions: 21->15(15)
[2025-08-01T03:51:27.246+0000] GC(1563) Old regions: 1706->1739
[2025-08-01T03:51:27.246+0000] GC(1563) Humongous regions: 0->0
[2025-08-01T03:51:27.246+0000] GC(1563) Metaspace: 10593K(10816K)->10593K(10816K) NonClass: 9335K(9472K)->9335K(9472K) Class: 1258K(1344K)->1258K(1344K)
[2025-08-01T03:51:27.246+0000] GC(1563) Pause Young (Mixed) (G1 Evacuation Pause) 3651M->3506M(4096M) 46.087ms
[2025-08-01T03:51:27.246+0000] GC(1563) User=0.32s Sys=0.01s Real=0.05s
[2025-08-01T03:51:27.262+0000] GC(1564) Pause Young (Concurrent Start) (G1 Evacuation Pause)
[2025-08-01T03:51:27.262+0000] GC(1564) Using 8 workers of 8 for evacuation
[2025-08-01T03:51:27.326+0000] GC(1564)   Pre Evacuate Collection Set: 1.0ms
[2025-08-01T03:51:27.326+0000] GC(1564)   Merge Heap Roots: 0.1ms
[2025-08-01T03:51:27.326+0000] GC(1564)   Evacuate Collection Set: 61.2ms
[2025-08-01T03:51:27.326+0000] GC(1564)   Post Evacuate Collection Set: 0.8ms
[2025-08-01T03:51:27.326+0000] GC(1564)   Other: 0.2ms
[2025-08-01T03:51:27.326+0000] GC(1564) Eden regions: 92->0(88)
[2025-08-01T03:51:27.326+0000] GC(1564) Survivor regions: 15->14(14)
[2025-08-01T03:51:27.326+0000] GC(1564) Old regions: 1739->1833
[2025-08-01T03:51:27.326+0000] GC(1564) Humongous regions: 0->0
[2025-08-01T03:51:27.326+0000] GC(1564) Metaspace: 10593K(10816K)->10593K(10816K) NonClass: 9335K(9472K)->9335K(9472K) Class: 1258K(1344K)->1258K(1344K)
[2025-08-01T03:51:27.326+0000] GC(1564) Pause Young (Concurrent Start) (G1 Evacuation Pause) 3690M->3693M(4096M) 63.605ms
[2025-08-01T03:51:27.326+0000] GC(1564) User=0.48s Sys=0.01s Real=0.07s
[2025-08-01T03:51:27.326+0000] GC(1565) Concurrent Mark Cycle
[2025-08-01T03:51:27.326+0000] GC(1565) Concurrent Scan Root Regions
[2025-08-01T03:51:27.356+0000] GC(1565) Concurrent Scan Root Regions 29.762ms
[2025-08-01T03:51:27.356+0000] GC(1565) Concurrent Mark
[2025-08-01T03:51:27.356+0000] GC(1565) Concurrent Mark From Roots
[2025-08-01T03:51:27.356+0000] GC(1565) Using 2 workers of 2 for marking
[2025-08-01T03:51:27.398+0000] GC(1566) Pause Young (Normal) (G1 Evacuation Pause)
[2025-08-01T03:51:27.398+0000] GC(1566) Using 8 workers of 8 for evacuation
[2025-08-01T03:51:27.433+0000] GC(1566)   Pre Evacuate Collection Set: 0.7ms
[2025-08-01T03:51:27.433+0000] GC(1566)   Merge Heap Roots: 0.2ms
[2025-08-01T03:51:27.433+0000] GC(1566)   Evacuate Collection Set: 33.6ms
[2025-08-01T03:51:27.433+0000] GC(1566)   Post Evacuate Collection Set: 0.9ms
[2025-08-01T03:51:27.433+0000] GC(1566)   Other: 0.2ms
[2025-08-01T03:51:27.433+0000] GC(1566) Eden regions: 88->0(89)
[2025-08-01T03:51:27.433+0000] GC(1566) Survivor regions: 14->13(13)
[2025-08-01T03:51:27.433+0000] GC(1566) Old regions: 1833->1924
[2025-08-01T03:51:27.433+0000] GC(1566) Humongous regions: 0->0
[2025-08-01T03:51:27.433+0000] GC(1566) Metaspace: 10593K(10816K)->10593K(10816K) NonClass: 9335K(9472K)->9335K(9472K) Class: 1258K(1344K)->1258K(1344K)
[2025-08-01T03:51:27.433+0000] GC(1566) Pause Young (Normal) (G1 Evacuation Pause) 3869M->3873M(4096M) 35.858ms
[2025-08-01T03:51:27.433+0000] GC(1566) User=0.26s Sys=0.00s Real=0.04s
[2025-08-01T03:51:27.449+0000] GC(1567) Pause Young (Normal) (G1 Evacuation Pause)
[2025-08-01T03:51:27.449+0000] GC(1567) Using 8 workers of 8 for evacuation
[2025-08-01T03:51:27.472+0000] GC(1567)   Pre Evacuate Collection Set: 0.6ms
[2025-08-01T03:51:27.472+0000] GC(1567)   Merge Heap Roots: 0.2ms
[2025-08-01T03:51:27.472+0000] GC(1567)   Evacuate Collection Set: 15.8ms
[2025-08-01T03:51:27.472+0000] GC(1567)   Post Evacuate Collection Set: 6.6ms
[2025-08-01T03:51:27.472+0000] GC(1567)   Other: 0.1ms
[2025-08-01T03:51:27.472+0000] GC(1567) Eden regions: 89->0(0)
[2025-08-01T03:51:27.472+0000] GC(1567) Survivor regions: 13->13(13)
[2025-08-01T03:51:27.472+0000] GC(1567) Old regions: 1924->2034
[2025-08-01T03:51:27.473+0000] GC(1567) Humongous regions: 0->0
[2025-08-01T03:51:27.473+0000] GC(1567) Metaspace: 10593K(10816K)->10593K(10816K) NonClass: 9335K(9472K)->9335K(9472K) Class: 1258K(1344K)->1258K(1344K)
[2025-08-01T03:51:27.473+0000] GC(1567) Pause Young (Normal) (G1 Evacuation Pause) (Evacuation Failure) 4051M->4093M(4096M) 23.582ms
[2025-08-01T03:51:27.473+0000] GC(1567) User=0.15s Sys=0.00s Real=0.02s
[2025-08-01T03:51:27.473+0000] Attempting full compaction
[2025-08-01T03:51:27.473+0000] GC(1568) Pause Full (G1 Compaction Pause)
[2025-08-01T03:51:27.473+0000] GC(1568) Using 8 workers of 8 for full compaction
[2025-08-01T03:51:27.478+0000] GC(1568) Phase 1: Mark live objects
[2025-08-01T03:51:27.521+0000] GC(1568) Phase 1: Mark live objects 43.284ms
[2025-08-01T03:51:27.521+0000] GC(1568) Phase 2: Prepare compaction
[2025-08-01T03:51:27.531+0000] GC(1568) Phase 2: Prepare compaction 9.728ms
[2025-08-01T03:51:27.531+0000] GC(1568) Phase 3: Adjust pointers
[2025-08-01T03:51:27.572+0000] GC(1568) Phase 3: Adjust pointers 40.854ms
[2025-08-01T03:51:27.572+0000] GC(1568) Phase 4: Compact heap
[2025-08-01T03:51:27.612+0000] GC(1568) Phase 4: Compact heap 40.188ms
[2025-08-01T03:51:27.612+0000] GC(1568) Phase 5: Reset Metadata
[2025-08-01T03:51:27.652+0000] GC(1568) Phase 5: Reset Metadata 39.539ms
[2025-08-01T03:51:27.660+0000] GC(1568) Eden regions: 0->0(531)
[2025-08-01T03:51:27.660+0000] GC(1568) Survivor regions: 13->0(13)
[2025-08-01T03:51:27.660+0000] GC(1568) Old regions: 2034->498
[2025-08-01T03:51:27.660+0000] GC(1568) Humongous regions: 0->0
[2025-08-01T03:51:27.660+0000] GC(1568) Metaspace: 10593K(10816K)->10593K(10816K) NonClass: 9335K(9472K)->9335K(9472K) Class: 1258K(1344K)->1258K(1344K)
[2025-08-01T03:51:27.660+0000] GC(1568) Pause Full (G1 Compaction Pause) 4093M->987M(4096M) 187.727ms
[2025-08-01T03:51:27.660+0000] GC(1568) User=1.37s Sys=0.01s Real=0.19s
[2025-08-01T03:51:27.661+0000] GC(1565) Concurrent Mark From Roots 304.934ms
[2025-08-01T03:51:27.661+0000] GC(1565) Concurrent Mark Abort
[2025-08-01T03:51:27.661+0000] GC(1565) Concurrent Mark Cycle 334.929ms
[2025-08-01T03:51:27.897+0000] GC(1569) Pause Young (Normal) (G1 Evacuation Pause)
[2025-08-01T03:51:27.897+0000] GC(1569) Using 8 workers of 8 for evacuation
[2025-08-01T03:51:28.080+0000] GC(1569)   Pre Evacuate Collection Set: 1.0ms
[2025-08-01T03:51:28.080+0000] GC(1569)   Merge Heap Roots: 0.2ms
[2025-08-01T03:51:28.080+0000] GC(1569)   Evacuate Collection Set: 178.9ms
[2025-08-01T03:51:28.080+0000] GC(1569)   Post Evacuate Collection Set: 2.1ms
[2025-08-01T03:51:28.080+0000] GC(1569)   Other: 0.2ms
[2025-08-01T03:51:28.080+0000] GC(1569) Eden regions: 529->0(424)
[2025-08-01T03:51:28.080+0000] GC(1569) Survivor regions: 0->67(67)
[2025-08-01T03:51:28.080+0000] GC(1569) Old regions: 498->685
[2025-08-01T03:51:28.080+0000] GC(1569) Humongous regions: 0->0
[2025-08-01T03:51:28.080+0000] GC(1569) Metaspace: 10593K(10816K)->10593K(10816K) NonClass: 9335K(9472K)->9335K(9472K) Class: 1258K(1344K)->1258K(1344K)
[2025-08-01T03:51:28.080+0000] GC(1569) Pause Young (Normal) (G1 Evacuation Pause) 2045M->1494M(4096M) 182.780ms
[2025-08-01T03:51:28.080+0000] GC(1569) User=1.36s Sys=0.06s Real=0.18s
[2025-08-01T03:51:28.251+0000] GC(1570) Pause Young (Concurrent Start) (G1 Evacuation Pause)
[2025-08-01T03:51:28.251+0000] GC(1570) Using 8 workers of 8 for evacuation
[2025-08-01T03:51:28.491+0000] GC(1570) MMU target violated: 201.0ms (200.0ms/201.0ms)
[2025-08-01T03:51:28.491+0000] GC(1570)   Pre Evacuate Collection Set: 1.1ms
[2025-08-01T03:51:28.491+0000] GC(1570)   Merge Heap Roots: 0.4ms
[2025-08-01T03:51:28.491+0000] GC(1570)   Evacuate Collection Set: 235.5ms
[2025-08-01T03:51:28.491+0000] GC(1570)   Post Evacuate Collection Set: 1.2ms
[2025-08-01T03:51:28.491+0000] GC(1570)   Other: 2.2ms
[2025-08-01T03:51:28.491+0000] GC(1570) Eden regions: 424->0(297)
[2025-08-01T03:51:28.491+0000] GC(1570) Survivor regions: 67->62(62)
[2025-08-01T03:51:28.491+0000] GC(1570) Old regions: 685->1065
[2025-08-01T03:51:28.491+0000] GC(1570) Humongous regions: 0->0
[2025-08-01T03:51:28.491+0000] GC(1570) Metaspace: 10593K(10816K)->10593K(10816K) NonClass: 9335K(9472K)->9335K(9472K) Class: 1258K(1344K)->1258K(1344K)
[2025-08-01T03:51:28.491+0000] GC(1570) Pause Young (Concurrent Start) (G1 Evacuation Pause) 2342M->2245M(4096M) 240.700ms
[2025-08-01T03:51:28.491+0000] GC(1570) User=1.78s Sys=0.08s Real=0.24s
[2025-08-01T03:51:28.491+0000] GC(1571) Concurrent Mark Cycle
[2025-08-01T03:51:28.491+0000] GC(1571) Concurrent Scan Root Regions
[2025-08-01T03:51:28.579+0000] GC(1571) Concurrent Scan Root Regions 87.180ms
[2025-08-01T03:51:28.579+0000] GC(1571) Concurrent Mark
[2025-08-01T03:51:28.579+0000] GC(1571) Concurrent Mark From Roots
[2025-08-01T03:51:28.579+0000] GC(1571) Using 2 workers of 2 for marking
[2025-08-01T03:51:28.620+0000] GC(1571) Concurrent Mark From Roots 41.169ms
[2025-08-01T03:51:28.620+0000] GC(1571) Concurrent Preclean
[2025-08-01T03:51:28.620+0000] GC(1571) Concurrent Preclean 0.024ms
[2025-08-01T03:51:28.620+0000] GC(1571) Pause Remark
[2025-08-01T03:51:28.624+0000] GC(1571) Pause Remark 2751M->1759M(4096M) 3.858ms
[2025-08-01T03:51:28.624+0000] GC(1571) User=0.01s Sys=0.01s Real=0.01s
[2025-08-01T03:51:28.624+0000] GC(1571) Concurrent Mark 45.450ms
[2025-08-01T03:51:28.624+0000] GC(1571) Concurrent Rebuild Remembered Sets and Scrub Regions
[2025-08-01T03:51:28.636+0000] GC(1572) Pause Young (Normal) (G1 Evacuation Pause)
[2025-08-01T03:51:28.636+0000] GC(1572) Using 8 workers of 8 for evacuation
[2025-08-01T03:51:28.729+0000] GC(1572)   Pre Evacuate Collection Set: 1.8ms
[2025-08-01T03:51:28.730+0000] GC(1572)   Merge Heap Roots: 0.3ms
[2025-08-01T03:51:28.730+0000] GC(1572)   Evacuate Collection Set: 89.5ms
[2025-08-01T03:51:28.730+0000] GC(1572)   Post Evacuate Collection Set: 1.7ms
[2025-08-01T03:51:28.730+0000] GC(1572)   Other: 0.1ms
[2025-08-01T03:51:28.730+0000] GC(1572) Eden regions: 297->0(384)
[2025-08-01T03:51:28.730+0000] GC(1572) Survivor regions: 62->45(45)
[2025-08-01T03:51:28.730+0000] GC(1572) Old regions: 565->737
[2025-08-01T03:51:28.730+0000] GC(1572) Humongous regions: 0->0
[2025-08-01T03:51:28.730+0000] GC(1572) Metaspace: 10593K(10816K)->10593K(10816K) NonClass: 9335K(9472K)->9335K(9472K) Class: 1258K(1344K)->1258K(1344K)
[2025-08-01T03:51:28.730+0000] GC(1572) Pause Young (Normal) (G1 Evacuation Pause) 1847M->1562M(4096M) 93.911ms
[2025-08-01T03:51:28.730+0000] GC(1572) User=0.70s Sys=0.03s Real=0.09s
[2025-08-01T03:51:28.841+0000] GC(1571) Concurrent Rebuild Remembered Sets and Scrub Regions 216.458ms
[2025-08-01T03:51:28.841+0000] GC(1571) Pause Cleanup
[2025-08-01T03:51:28.842+0000] GC(1571) Pause Cleanup 2196M->2196M(4096M) 0.823ms
[2025-08-01T03:51:28.842+0000] GC(1571) User=0.00s Sys=0.00s Real=0.00s
[2025-08-01T03:51:28.842+0000] GC(1571) Concurrent Clear Claimed Marks
[2025-08-01T03:51:28.842+0000] GC(1571) Concurrent Clear Claimed Marks 0.095ms
[2025-08-01T03:51:28.842+0000] GC(1571) Concurrent Cleanup for Next Mark
[2025-08-01T03:51:28.850+0000] GC(1571) Concurrent Cleanup for Next Mark 8.153ms
[2025-08-01T03:51:28.850+0000] GC(1571) Concurrent Mark Cycle 358.613ms
[2025-08-01T03:51:28.893+0000] GC(1573) Pause Young (Prepare Mixed) (G1 Evacuation Pause)
[2025-08-01T03:51:28.893+0000] GC(1573) Using 8 workers of 8 for evacuation
[2025-08-01T03:51:29.014+0000] GC(1573)   Pre Evacuate Collection Set: 1.7ms
[2025-08-01T03:51:29.014+0000] GC(1573)   Merge Heap Roots: 0.3ms
[2025-08-01T03:51:29.014+0000] GC(1573)   Evacuate Collection Set: 117.0ms
[2025-08-01T03:51:29.014+0000] GC(1573)   Post Evacuate Collection Set: 1.1ms
[2025-08-01T03:51:29.014+0000] GC(1573)   Other: 0.1ms
[2025-08-01T03:51:29.014+0000] GC(1573) Eden regions: 384->0(346)
[2025-08-01T03:51:29.014+0000] GC(1573) Survivor regions: 45->54(54)
[2025-08-01T03:51:29.014+0000] GC(1573) Old regions: 737->977
[2025-08-01T03:51:29.014+0000] GC(1573) Humongous regions: 0->0
[2025-08-01T03:51:29.014+0000] GC(1573) Metaspace: 10593K(10816K)->10593K(10816K) NonClass: 9335K(9472K)->9335K(9472K) Class: 1258K(1344K)->1258K(1344K)
[2025-08-01T03:51:29.014+0000] GC(1573) Pause Young (Prepare Mixed) (G1 Evacuation Pause) 2330M->2061M(4096M) 120.518ms
[2025-08-01T03:51:29.014+0000] GC(1573) User=0.91s Sys=0.03s Real=0.12s
[2025-08-01T03:51:29.169+0000] GC(1574) Pause Young (Mixed) (G1 Evacuation Pause)
[2025-08-01T03:51:29.169+0000] GC(1574) Using 8 workers of 8 for evacuation
[2025-08-01T03:51:29.421+0000] GC(1574) MMU target violated: 201.0ms (200.0ms/201.0ms)
[2025-08-01T03:51:29.421+0000] GC(1574)   Pre Evacuate Collection Set: 1.2ms
[2025-08-01T03:51:29.421+0000] GC(1574)   Merge Heap Roots: 0.2ms
[2025-08-01T03:51:29.421+0000] GC(1574)   Evacuate Collection Set: 248.6ms
[2025-08-01T03:51:29.421+0000] GC(1574)   Post Evacuate Collection Set: 1.8ms
[2025-08-01T03:51:29.421+0000] GC(1574)   Other: 0.3ms
[2025-08-01T03:51:29.421+0000] GC(1574) Eden regions: 344->0(220)
[2025-08-01T03:51:29.421+0000] GC(1574) Survivor regions: 54->50(50)
[2025-08-01T03:51:29.421+0000] GC(1574) Old regions: 977->1308
[2025-08-01T03:51:29.421+0000] GC(1574) Humongous regions: 0->0
[2025-08-01T03:51:29.421+0000] GC(1574) Metaspace: 10593K(10816K)->10593K(10816K) NonClass: 9335K(9472K)->9335K(9472K) Class: 1258K(1344K)->1258K(1344K)
[2025-08-01T03:51:29.421+0000] GC(1574) Pause Young (Mixed) (G1 Evacuation Pause) 2749M->2715M(4096M) 252.567ms
[2025-08-01T03:51:29.421+0000] GC(1574) User=1.92s Sys=0.05s Real=0.25s
[2025-08-01T03:51:29.508+0000] GC(1575) Pause Young (Concurrent Start) (G1 Evacuation Pause)
[2025-08-01T03:51:29.508+0000] GC(1575) Using 8 workers of 8 for evacuation
[2025-08-01T03:51:29.588+0000] GC(1575)   Pre Evacuate Collection Set: 1.1ms
[2025-08-01T03:51:29.588+0000] GC(1575)   Merge Heap Roots: 0.3ms
[2025-08-01T03:51:29.588+0000] GC(1575)   Evacuate Collection Set: 77.7ms
[2025-08-01T03:51:29.588+0000] GC(1575)   Post Evacuate Collection Set: 0.8ms
[2025-08-01T03:51:29.588+0000] GC(1575)   Other: 0.2ms
[2025-08-01T03:51:29.588+0000] GC(1575) Eden regions: 220->0(177)
[2025-08-01T03:51:29.588+0000] GC(1575) Survivor regions: 50->34(34)
[2025-08-01T03:51:29.588+0000] GC(1575) Old regions: 1308->1474
[2025-08-01T03:51:29.588+0000] GC(1575) Humongous regions: 0->0
[2025-08-01T03:51:29.588+0000] GC(1575) Metaspace: 10593K(10816K)->10593K(10816K) NonClass: 9335K(9472K)->9335K(9472K) Class: 1258K(1344K)->1258K(1344K)
[2025-08-01T03:51:29.588+0000] GC(1575) Pause Young (Concurrent Start) (G1 Evacuation Pause) 3155M->3015M(4096M) 80.379ms
[2025-08-01T03:51:29.588+0000] GC(1575) User=0.54s Sys=0.02s Real=0.08s
[2025-08-01T03:51:29.588+0000] GC(1576) Concurrent Mark Cycle
[2025-08-01T03:51:29.588+0000] GC(1576) Concurrent Scan Root Regions
[2025-08-01T03:51:29.628+0000] GC(1576) Concurrent Scan Root Regions 39.896ms
[2025-08-01T03:51:29.628+0000] GC(1576) Concurrent Mark
[2025-08-01T03:51:29.628+0000] GC(1576) Concurrent Mark From Roots
[2025-08-01T03:51:29.628+0000] GC(1576) Using 2 workers of 2 for marking
[2025-08-01T03:51:29.669+0000] GC(1577) Pause Young (Normal) (G1 Evacuation Pause)
[2025-08-01T03:51:29.670+0000] GC(1577) Using 8 workers of 8 for evacuation
[2025-08-01T03:51:29.745+0000] GC(1577)   Pre Evacuate Collection Set: 1.1ms
[2025-08-01T03:51:29.745+0000] GC(1577)   Merge Heap Roots: 0.3ms
[2025-08-01T03:51:29.745+0000] GC(1577)   Evacuate Collection Set: 72.1ms
[2025-08-01T03:51:29.745+0000] GC(1577)   Post Evacuate Collection Set: 1.4ms
[2025-08-01T03:51:29.745+0000] GC(1577)   Other: 0.2ms
[2025-08-01T03:51:29.745+0000] GC(1577) Eden regions: 177->0(118)
[2025-08-01T03:51:29.745+0000] GC(1577) Survivor regions: 34->27(27)
[2025-08-01T03:51:29.745+0000] GC(1577) Old regions: 1474->1645
[2025-08-01T03:51:29.745+0000] GC(1577) Humongous regions: 0->0
[2025-08-01T03:51:29.745+0000] GC(1577) Metaspace: 10593K(10816K)->10593K(10816K) NonClass: 9335K(9472K)->9335K(9472K) Class: 1258K(1344K)->1258K(1344K)
[2025-08-01T03:51:29.745+0000] GC(1577) Pause Young (Normal) (G1 Evacuation Pause) 3369M->3343M(4096M) 75.468ms
[2025-08-01T03:51:29.745+0000] GC(1577) User=0.53s Sys=0.02s Real=0.08s
[2025-08-01T03:51:29.805+0000] GC(1576) Concurrent Mark From Roots 176.943ms
[2025-08-01T03:51:29.805+0000] GC(1576) Concurrent Preclean
[2025-08-01T03:51:29.805+0000] GC(1576) Concurrent Preclean 0.031ms
[2025-08-01T03:51:29.806+0000] GC(1576) Pause Remark
[2025-08-01T03:51:29.809+0000] GC(1576) Pause Remark 3539M->1663M(4096M) 2.819ms
[2025-08-01T03:51:29.809+0000] GC(1576) User=0.00s Sys=0.00s Real=0.00s
[2025-08-01T03:51:29.809+0000] GC(1576) Concurrent Mark 180.841ms
[2025-08-01T03:51:29.809+0000] GC(1576) Concurrent Rebuild Remembered Sets and Scrub Regions
[2025-08-01T03:51:29.815+0000] GC(1578) Pause Young (Normal) (G1 Evacuation Pause)
[2025-08-01T03:51:29.815+0000] GC(1578) Using 8 workers of 8 for evacuation
[2025-08-01T03:51:29.847+0000] GC(1578)   Pre Evacuate Collection Set: 0.8ms
[2025-08-01T03:51:29.847+0000] GC(1578)   Merge Heap Roots: 0.4ms
[2025-08-01T03:51:29.847+0000] GC(1578)   Evacuate Collection Set: 30.0ms
[2025-08-01T03:51:29.848+0000] GC(1578)   Post Evacuate Collection Set: 1.3ms
[2025-08-01T03:51:29.848+0000] GC(1578)   Other: 0.1ms
[2025-08-01T03:51:29.848+0000] GC(1578) Eden regions: 118->0(408)
[2025-08-01T03:51:29.848+0000] GC(1578) Survivor regions: 27->19(19)
[2025-08-01T03:51:29.848+0000] GC(1578) Old regions: 707->792
[2025-08-01T03:51:29.848+0000] GC(1578) Humongous regions: 0->0
[2025-08-01T03:51:29.848+0000] GC(1578) Metaspace: 10593K(10816K)->10593K(10816K) NonClass: 9335K(9472K)->9335K(9472K) Class: 1258K(1344K)->1258K(1344K)
[2025-08-01T03:51:29.848+0000] GC(1578) Pause Young (Normal) (G1 Evacuation Pause) 1703M->1620M(4096M) 33.057ms
[2025-08-01T03:51:29.848+0000] GC(1578) User=0.24s Sys=0.01s Real=0.03s
[2025-08-01T03:51:29.993+0000] GC(1576) Concurrent Rebuild Remembered Sets and Scrub Regions 183.608ms
[2025-08-01T03:51:29.993+0000] GC(1576) Pause Cleanup
[2025-08-01T03:51:29.995+0000] GC(1576) Pause Cleanup 2300M->2300M(4096M) 1.551ms
[2025-08-01T03:51:29.995+0000] GC(1576) User=0.00s Sys=0.00s Real=0.00s
[2025-08-01T03:51:29.995+0000] GC(1576) Concurrent Clear Claimed Marks
[2025-08-01T03:51:29.995+0000] GC(1576) Concurrent Clear Claimed Marks 0.050ms
[2025-08-01T03:51:29.995+0000] GC(1576) Concurrent Cleanup for Next Mark
[2025-08-01T03:51:30.004+0000] GC(1576) Concurrent Cleanup for Next Mark 9.390ms
[2025-08-01T03:51:30.004+0000] GC(1576) Concurrent Mark Cycle 416.049ms
[2025-08-01T03:51:30.019+0000] GC(1579) Pause Young (Prepare Mixed) (G1 Evacuation Pause)
[2025-08-01T03:51:30.019+0000] GC(1579) Using 8 workers of 8 for evacuation
[2025-08-01T03:51:30.179+0000] GC(1579)   Pre Evacuate Collection Set: 1.1ms
[2025-08-01T03:51:30.179+0000] GC(1579)   Merge Heap Roots: 0.3ms
[2025-08-01T03:51:30.179+0000] GC(1579)   Evacuate Collection Set: 157.5ms
[2025-08-01T03:51:30.179+0000] GC(1579)   Post Evacuate Collection Set: 1.2ms
[2025-08-01T03:51:30.179+0000] GC(1579)   Other: 0.1ms
[2025-08-01T03:51:30.179+0000] GC(1579) Eden regions: 408->0(262)
[2025-08-01T03:51:30.179+0000] GC(1579) Survivor regions: 19->54(54)
[2025-08-01T03:51:30.179+0000] GC(1579) Old regions: 792->1167
[2025-08-01T03:51:30.179+0000] GC(1579) Humongous regions: 0->0
[2025-08-01T03:51:30.179+0000] GC(1579) Metaspace: 10593K(10816K)->10593K(10816K) NonClass: 9335K(9472K)->9335K(9472K) Class: 1258K(1344K)->1258K(1344K)
[2025-08-01T03:51:30.179+0000] GC(1579) Pause Young (Prepare Mixed) (G1 Evacuation Pause) 2436M->2440M(4096M) 160.555ms
[2025-08-01T03:51:30.179+0000] GC(1579) User=1.20s Sys=0.02s Real=0.16s
[2025-08-01T03:51:30.272+0000] GC(1580) Pause Young (Mixed) (G1 Evacuation Pause)
[2025-08-01T03:51:30.272+0000] GC(1580) Using 8 workers of 8 for evacuation
[2025-08-01T03:51:30.345+0000] GC(1580)   Pre Evacuate Collection Set: 1.0ms
[2025-08-01T03:51:30.345+0000] GC(1580)   Merge Heap Roots: 0.3ms
[2025-08-01T03:51:30.345+0000] GC(1580)   Evacuate Collection Set: 70.6ms
[2025-08-01T03:51:30.345+0000] GC(1580)   Post Evacuate Collection Set: 0.8ms
[2025-08-01T03:51:30.345+0000] GC(1580)   Other: 0.1ms
[2025-08-01T03:51:30.345+0000] GC(1580) Eden regions: 262->0(250)
[2025-08-01T03:51:30.345+0000] GC(1580) Survivor regions: 54->40(40)
[2025-08-01T03:51:30.345+0000] GC(1580) Old regions: 1167->1258
[2025-08-01T03:51:30.345+0000] GC(1580) Humongous regions: 0->0
[2025-08-01T03:51:30.345+0000] GC(1580) Metaspace: 10593K(10816K)->10593K(10816K) NonClass: 9335K(9472K)->9335K(9472K) Class: 1258K(1344K)->1258K(1344K)
[2025-08-01T03:51:30.345+0000] GC(1580) Pause Young (Mixed) (G1 Evacuation Pause) 2964M->2594M(4096M) 72.949ms
[2025-08-01T03:51:30.345+0000] GC(1580) User=0.52s Sys=0.03s Real=0.08s
[2025-08-01T03:51:30.447+0000] GC(1581) Pause Young (Concurrent Start) (G1 Evacuation Pause)
[2025-08-01T03:51:30.448+0000] GC(1581) Using 8 workers of 8 for evacuation
[2025-08-01T03:51:30.542+0000] GC(1581)   Pre Evacuate Collection Set: 1.4ms
[2025-08-01T03:51:30.542+0000] GC(1581)   Merge Heap Roots: 0.2ms
[2025-08-01T03:51:30.542+0000] GC(1581)   Evacuate Collection Set: 91.0ms
[2025-08-01T03:51:30.542+0000] GC(1581)   Post Evacuate Collection Set: 1.2ms
[2025-08-01T03:51:30.542+0000] GC(1581)   Other: 0.2ms
[2025-08-01T03:51:30.542+0000] GC(1581) Eden regions: 250->0(190)
[2025-08-01T03:51:30.542+0000] GC(1581) Survivor regions: 40->37(37)
[2025-08-01T03:51:30.542+0000] GC(1581) Old regions: 1258->1436
[2025-08-01T03:51:30.542+0000] GC(1581) Humongous regions: 0->0
[2025-08-01T03:51:30.542+0000] GC(1581) Metaspace: 10593K(10816K)->10593K(10816K) NonClass: 9335K(9472K)->9335K(9472K) Class: 1258K(1344K)->1258K(1344K)
[2025-08-01T03:51:30.542+0000] GC(1581) Pause Young (Concurrent Start) (G1 Evacuation Pause) 3094M->2944M(4096M) 94.273ms
[2025-08-01T03:51:30.542+0000] GC(1581) User=0.68s Sys=0.03s Real=0.09s
[2025-08-01T03:51:30.542+0000] GC(1582) Concurrent Mark Cycle
[2025-08-01T03:51:30.542+0000] GC(1582) Concurrent Scan Root Regions
[2025-08-01T03:51:30.587+0000] GC(1582) Concurrent Scan Root Regions 44.712ms
[2025-08-01T03:51:30.587+0000] GC(1582) Concurrent Mark
[2025-08-01T03:51:30.587+0000] GC(1582) Concurrent Mark From Roots
[2025-08-01T03:51:30.587+0000] GC(1582) Using 2 workers of 2 for marking
[2025-08-01T03:51:30.623+0000] GC(1583) Pause Young (Normal) (G1 Evacuation Pause)
[2025-08-01T03:51:30.623+0000] GC(1583) Using 8 workers of 8 for evacuation
[2025-08-01T03:51:30.718+0000] GC(1583)   Pre Evacuate Collection Set: 0.6ms
[2025-08-01T03:51:30.718+0000] GC(1583)   Merge Heap Roots: 0.2ms
[2025-08-01T03:51:30.718+0000] GC(1583)   Evacuate Collection Set: 91.6ms
[2025-08-01T03:51:30.718+0000] GC(1583)   Post Evacuate Collection Set: 2.0ms
[2025-08-01T03:51:30.718+0000] GC(1583)   Other: 0.1ms
[2025-08-01T03:51:30.718+0000] GC(1583) Eden regions: 190->0(122)
[2025-08-01T03:51:30.718+0000] GC(1583) Survivor regions: 37->29(29)
[2025-08-01T03:51:30.718+0000] GC(1583) Old regions: 1436->1635
[2025-08-01T03:51:30.718+0000] GC(1583) Humongous regions: 0->0
[2025-08-01T03:51:30.718+0000] GC(1583) Metaspace: 10593K(10816K)->10593K(10816K) NonClass: 9335K(9472K)->9335K(9472K) Class: 1258K(1344K)->1258K(1344K)
[2025-08-01T03:51:30.718+0000] GC(1583) Pause Young (Normal) (G1 Evacuation Pause) 3324M->3327M(4096M) 94.786ms
[2025-08-01T03:51:30.718+0000] GC(1583) User=0.69s Sys=0.01s Real=0.09s
[2025-08-01T03:51:30.720+0000] GC(1582) Concurrent Mark From Roots 132.949ms
[2025-08-01T03:51:30.720+0000] GC(1582) Concurrent Preclean
[2025-08-01T03:51:30.720+0000] GC(1582) Concurrent Preclean 0.033ms
[2025-08-01T03:51:30.720+0000] GC(1582) Pause Remark
[2025-08-01T03:51:30.724+0000] GC(1582) Pause Remark 3335M->1059M(4096M) 4.095ms
[2025-08-01T03:51:30.724+0000] GC(1582) User=0.01s Sys=0.00s Real=0.01s
[2025-08-01T03:51:30.724+0000] GC(1582) Concurrent Mark 137.712ms
[2025-08-01T03:51:30.724+0000] GC(1582) Concurrent Rebuild Remembered Sets and Scrub Regions
[2025-08-01T03:51:30.747+0000] GC(1584) Pause Young (Normal) (G1 Evacuation Pause)
[2025-08-01T03:51:30.747+0000] GC(1584) Using 8 workers of 8 for evacuation
[2025-08-01T03:51:30.803+0000] GC(1584)   Pre Evacuate Collection Set: 0.9ms
[2025-08-01T03:51:30.803+0000] GC(1584)   Merge Heap Roots: 0.4ms
[2025-08-01T03:51:30.803+0000] GC(1584)   Evacuate Collection Set: 54.4ms
[2025-08-01T03:51:30.803+0000] GC(1584)   Post Evacuate Collection Set: 0.8ms
[2025-08-01T03:51:30.803+0000] GC(1584)   Other: 0.1ms
[2025-08-01T03:51:30.803+0000] GC(1584) Eden regions: 122->0(466)
[2025-08-01T03:51:30.803+0000] GC(1584) Survivor regions: 29->19(19)
[2025-08-01T03:51:30.803+0000] GC(1584) Old regions: 497->631
[2025-08-01T03:51:30.803+0000] GC(1584) Humongous regions: 0->0
[2025-08-01T03:51:30.803+0000] GC(1584) Metaspace: 10593K(10816K)->10593K(10816K) NonClass: 9335K(9472K)->9335K(9472K) Class: 1258K(1344K)->1258K(1344K)
[2025-08-01T03:51:30.803+0000] GC(1584) Pause Young (Normal) (G1 Evacuation Pause) 1295M->1298M(4096M) 56.937ms
[2025-08-01T03:51:30.803+0000] GC(1584) User=0.41s Sys=0.01s Real=0.06s
[2025-08-01T03:51:30.908+0000] GC(1582) Concurrent Rebuild Remembered Sets and Scrub Regions 183.681ms
[2025-08-01T03:51:30.908+0000] GC(1582) Pause Cleanup
[2025-08-01T03:51:30.910+0000] GC(1582) Pause Cleanup 1774M->1774M(4096M) 1.973ms
[2025-08-01T03:51:30.910+0000] GC(1582) User=0.00s Sys=0.00s Real=0.00s
[2025-08-01T03:51:30.911+0000] GC(1582) Concurrent Clear Claimed Marks
[2025-08-01T03:51:30.911+0000] GC(1582) Concurrent Clear Claimed Marks 0.034ms
[2025-08-01T03:51:30.911+0000] GC(1582) Concurrent Cleanup for Next Mark
[2025-08-01T03:51:30.919+0000] GC(1582) Concurrent Cleanup for Next Mark 8.799ms
[2025-08-01T03:51:30.919+0000] GC(1582) Concurrent Mark Cycle 377.594ms
[2025-08-01T03:51:31.043+0000] GC(1585) Pause Young (Prepare Mixed) (G1 Evacuation Pause)
[2025-08-01T03:51:31.043+0000] GC(1585) Using 8 workers of 8 for evacuation
[2025-08-01T03:51:31.212+0000] GC(1585)   Pre Evacuate Collection Set: 1.2ms
[2025-08-01T03:51:31.212+0000] GC(1585)   Merge Heap Roots: 0.4ms
[2025-08-01T03:51:31.212+0000] GC(1585)   Evacuate Collection Set: 165.8ms
[2025-08-01T03:51:31.212+0000] GC(1585)   Post Evacuate Collection Set: 1.3ms
[2025-08-01T03:51:31.212+0000] GC(1585)   Other: 0.1ms
[2025-08-01T03:51:31.212+0000] GC(1585) Eden regions: 466->0(327)
[2025-08-01T03:51:31.212+0000] GC(1585) Survivor regions: 19->61(61)
[2025-08-01T03:51:31.212+0000] GC(1585) Old regions: 631->864
[2025-08-01T03:51:31.212+0000] GC(1585) Humongous regions: 0->0
[2025-08-01T03:51:31.212+0000] GC(1585) Metaspace: 10593K(10816K)->10593K(10816K) NonClass: 9335K(9472K)->9335K(9472K) Class: 1258K(1344K)->1258K(1344K)
[2025-08-01T03:51:31.212+0000] GC(1585) Pause Young (Prepare Mixed) (G1 Evacuation Pause) 2230M->1848M(4096M) 169.171ms
[2025-08-01T03:51:31.212+0000] GC(1585) User=1.27s Sys=0.04s Real=0.17s
[2025-08-01T03:51:31.362+0000] GC(1586) Pause Young (Mixed) (G1 Evacuation Pause)
[2025-08-01T03:51:31.362+0000] GC(1586) Using 8 workers of 8 for evacuation
[2025-08-01T03:51:31.551+0000] GC(1586)   Pre Evacuate Collection Set: 1.1ms
[2025-08-01T03:51:31.551+0000] GC(1586)   Merge Heap Roots: 0.8ms
[2025-08-01T03:51:31.551+0000] GC(1586)   Evacuate Collection Set: 185.5ms
[2025-08-01T03:51:31.551+0000] GC(1586)   Post Evacuate Collection Set: 1.2ms
[2025-08-01T03:51:31.551+0000] GC(1586)   Other: 0.1ms
[2025-08-01T03:51:31.551+0000] GC(1586) Eden regions: 325->0(275)
[2025-08-01T03:51:31.551+0000] GC(1586) Survivor regions: 61->49(49)
[2025-08-01T03:51:31.551+0000] GC(1586) Old regions: 864->1145
[2025-08-01T03:51:31.551+0000] GC(1586) Humongous regions: 0->0
[2025-08-01T03:51:31.551+0000] GC(1586) Metaspace: 10593K(10816K)->10593K(10816K) NonClass: 9335K(9472K)->9335K(9472K) Class: 1258K(1344K)->1258K(1344K)
[2025-08-01T03:51:31.551+0000] GC(1586) Pause Young (Mixed) (G1 Evacuation Pause) 2498M->2387M(4096M) 189.068ms
[2025-08-01T03:51:31.551+0000] GC(1586) User=1.40s Sys=0.05s Real=0.19s
[2025-08-01T03:51:31.651+0000] GC(1587) Pause Young (Concurrent Start) (G1 Evacuation Pause)
[2025-08-01T03:51:31.651+0000] GC(1587) Using 8 workers of 8 for evacuation
[2025-08-01T03:51:31.761+0000] GC(1587)   Pre Evacuate Collection Set: 0.6ms
[2025-08-01T03:51:31.761+0000] GC(1587)   Merge Heap Roots: 0.1ms
[2025-08-01T03:51:31.761+0000] GC(1587)   Evacuate Collection Set: 107.1ms
[2025-08-01T03:51:31.761+0000] GC(1587)   Post Evacuate Collection Set: 1.2ms
[2025-08-01T03:51:31.761+0000] GC(1587)   Other: 0.2ms
[2025-08-01T03:51:31.761+0000] GC(1587) Eden regions: 275->0(179)
[2025-08-01T03:51:31.761+0000] GC(1587) Survivor regions: 49->41(41)
[2025-08-01T03:51:31.761+0000] GC(1587) Old regions: 1145->1430
[2025-08-01T03:51:31.761+0000] GC(1587) Humongous regions: 0->0
[2025-08-01T03:51:31.761+0000] GC(1587) Metaspace: 10593K(10816K)->10593K(10816K) NonClass: 9335K(9472K)->9335K(9472K) Class: 1258K(1344K)->1258K(1344K)
[2025-08-01T03:51:31.761+0000] GC(1587) Pause Young (Concurrent Start) (G1 Evacuation Pause) 2937M->2941M(4096M) 109.629ms
[2025-08-01T03:51:31.761+0000] GC(1587) User=0.84s Sys=0.02s Real=0.11s
[2025-08-01T03:51:31.761+0000] GC(1588) Concurrent Mark Cycle
[2025-08-01T03:51:31.761+0000] GC(1588) Concurrent Scan Root Regions
[2025-08-01T03:51:31.820+0000] GC(1588) Concurrent Scan Root Regions 58.960ms
[2025-08-01T03:51:31.820+0000] GC(1588) Concurrent Mark
[2025-08-01T03:51:31.820+0000] GC(1588) Concurrent Mark From Roots
[2025-08-01T03:51:31.820+0000] GC(1588) Using 2 workers of 2 for marking
[2025-08-01T03:51:31.843+0000] GC(1589) Pause Young (Normal) (G1 Evacuation Pause)
[2025-08-01T03:51:31.843+0000] GC(1589) Using 8 workers of 8 for evacuation
[2025-08-01T03:51:31.898+0000] GC(1589)   Pre Evacuate Collection Set: 0.7ms
[2025-08-01T03:51:31.898+0000] GC(1589)   Merge Heap Roots: 0.2ms
[2025-08-01T03:51:31.898+0000] GC(1589)   Evacuate Collection Set: 53.2ms
[2025-08-01T03:51:31.898+0000] GC(1589)   Post Evacuate Collection Set: 1.3ms
[2025-08-01T03:51:31.898+0000] GC(1589)   Other: 0.1ms
[2025-08-01T03:51:31.898+0000] GC(1589) Eden regions: 179->0(142)
[2025-08-01T03:51:31.898+0000] GC(1589) Survivor regions: 41->28(28)
[2025-08-01T03:51:31.898+0000] GC(1589) Old regions: 1430->1568
[2025-08-01T03:51:31.898+0000] GC(1589) Humongous regions: 0->0
[2025-08-01T03:51:31.898+0000] GC(1589) Metaspace: 10593K(10816K)->10593K(10816K) NonClass: 9335K(9472K)->9335K(9472K) Class: 1258K(1344K)->1258K(1344K)
[2025-08-01T03:51:31.898+0000] GC(1589) Pause Young (Normal) (G1 Evacuation Pause) 3299M->3190M(4096M) 55.824ms
[2025-08-01T03:51:31.898+0000] GC(1589) User=0.42s Sys=0.01s Real=0.06s
[2025-08-01T03:51:31.971+0000] GC(1590) Pause Young (Normal) (G1 Evacuation Pause)
[2025-08-01T03:51:31.971+0000] GC(1590) Using 8 workers of 8 for evacuation
[2025-08-01T03:51:32.039+0000] GC(1590)   Pre Evacuate Collection Set: 0.7ms
[2025-08-01T03:51:32.039+0000] GC(1590)   Merge Heap Roots: 0.1ms
[2025-08-01T03:51:32.039+0000] GC(1590)   Evacuate Collection Set: 65.6ms
[2025-08-01T03:51:32.039+0000] GC(1590)   Post Evacuate Collection Set: 0.9ms
[2025-08-01T03:51:32.039+0000] GC(1590)   Other: 0.1ms
[2025-08-01T03:51:32.039+0000] GC(1590) Eden regions: 142->0(95)
[2025-08-01T03:51:32.039+0000] GC(1590) Survivor regions: 28->22(22)
[2025-08-01T03:51:32.039+0000] GC(1590) Old regions: 1568->1718
[2025-08-01T03:51:32.039+0000] GC(1590) Humongous regions: 0->0
[2025-08-01T03:51:32.039+0000] GC(1590) Metaspace: 10593K(10816K)->10593K(10816K) NonClass: 9335K(9472K)->9335K(9472K) Class: 1258K(1344K)->1258K(1344K)
[2025-08-01T03:51:32.039+0000] GC(1590) Pause Young (Normal) (G1 Evacuation Pause) 3474M->3478M(4096M) 67.718ms
[2025-08-01T03:51:32.039+0000] GC(1590) User=0.50s Sys=0.02s Real=0.07s
[2025-08-01T03:51:32.057+0000] GC(1591) Pause Young (Normal) (G1 Evacuation Pause)
[2025-08-01T03:51:32.057+0000] GC(1591) Using 8 workers of 8 for evacuation
[2025-08-01T03:51:32.098+0000] GC(1591)   Pre Evacuate Collection Set: 0.5ms
[2025-08-01T03:51:32.098+0000] GC(1591)   Merge Heap Roots: 0.3ms
[2025-08-01T03:51:32.098+0000] GC(1591)   Evacuate Collection Set: 39.5ms
[2025-08-01T03:51:32.099+0000] GC(1591)   Post Evacuate Collection Set: 0.9ms
[2025-08-01T03:51:32.099+0000] GC(1591)   Other: 0.1ms
[2025-08-01T03:51:32.099+0000] GC(1591) Eden regions: 95->0(87)
[2025-08-01T03:51:32.099+0000] GC(1591) Survivor regions: 22->15(15)
[2025-08-01T03:51:32.099+0000] GC(1591) Old regions: 1718->1821
[2025-08-01T03:51:32.099+0000] GC(1591) Humongous regions: 0->0
[2025-08-01T03:51:32.099+0000] GC(1591) Metaspace: 10593K(10816K)->10593K(10816K) NonClass: 9335K(9472K)->9335K(9472K) Class: 1258K(1344K)->1258K(1344K)
[2025-08-01T03:51:32.099+0000] GC(1591) Pause Young (Normal) (G1 Evacuation Pause) 3668M->3671M(4096M) 41.695ms
[2025-08-01T03:51:32.099+0000] GC(1591) User=0.30s Sys=0.01s Real=0.04s
[2025-08-01T03:51:32.149+0000] GC(1588) Concurrent Mark From Roots 329.044ms
[2025-08-01T03:51:32.149+0000] GC(1588) Concurrent Preclean
[2025-08-01T03:51:32.149+0000] GC(1588) Concurrent Preclean 0.028ms
[2025-08-01T03:51:32.149+0000] GC(1588) Pause Remark
[2025-08-01T03:51:32.152+0000] GC(1588) Pause Remark 3805M->2523M(4096M) 2.859ms
[2025-08-01T03:51:32.152+0000] GC(1588) User=0.01s Sys=0.00s Real=0.00s
[2025-08-01T03:51:32.152+0000] GC(1588) Concurrent Mark 332.387ms
[2025-08-01T03:51:32.153+0000] GC(1588) Concurrent Rebuild Remembered Sets and Scrub Regions
[2025-08-01T03:51:32.159+0000] GC(1592) Pause Young (Normal) (G1 Evacuation Pause)
[2025-08-01T03:51:32.159+0000] GC(1592) Using 8 workers of 8 for evacuation
[2025-08-01T03:51:32.192+0000] GC(1592)   Pre Evacuate Collection Set: 0.8ms
[2025-08-01T03:51:32.192+0000] GC(1592)   Merge Heap Roots: 0.2ms
[2025-08-01T03:51:32.192+0000] GC(1592)   Evacuate Collection Set: 30.9ms
[2025-08-01T03:51:32.192+0000] GC(1592)   Post Evacuate Collection Set: 0.6ms
[2025-08-01T03:51:32.192+0000] GC(1592)   Other: 0.1ms
[2025-08-01T03:51:32.192+0000] GC(1592) Eden regions: 87->0(246)
[2025-08-01T03:51:32.192+0000] GC(1592) Survivor regions: 15->13(13)
[2025-08-01T03:51:32.192+0000] GC(1592) Old regions: 1180->1261
[2025-08-01T03:51:32.192+0000] GC(1592) Humongous regions: 0->0
[2025-08-01T03:51:32.192+0000] GC(1592) Metaspace: 10593K(10816K)->10593K(10816K) NonClass: 9335K(9472K)->9335K(9472K) Class: 1258K(1344K)->1258K(1344K)
[2025-08-01T03:51:32.192+0000] GC(1592) Pause Young (Normal) (G1 Evacuation Pause) 2563M->2546M(4096M) 32.832ms
[2025-08-01T03:51:32.192+0000] GC(1592) User=0.24s Sys=0.01s Real=0.03s
[2025-08-01T03:51:32.284+0000] GC(1593) Pause Young (Normal) (G1 Evacuation Pause)
[2025-08-01T03:51:32.284+0000] GC(1593) Using 8 workers of 8 for evacuation
[2025-08-01T03:51:32.367+0000] GC(1593)   Pre Evacuate Collection Set: 0.9ms
[2025-08-01T03:51:32.367+0000] GC(1593)   Merge Heap Roots: 0.1ms
[2025-08-01T03:51:32.367+0000] GC(1593)   Evacuate Collection Set: 80.3ms
[2025-08-01T03:51:32.367+0000] GC(1593)   Post Evacuate Collection Set: 1.1ms
[2025-08-01T03:51:32.367+0000] GC(1593)   Other: 0.1ms
[2025-08-01T03:51:32.367+0000] GC(1593) Eden regions: 246->0(164)
[2025-08-01T03:51:32.367+0000] GC(1593) Survivor regions: 13->33(33)
[2025-08-01T03:51:32.367+0000] GC(1593) Old regions: 1261->1489
[2025-08-01T03:51:32.367+0000] GC(1593) Humongous regions: 0->0
[2025-08-01T03:51:32.367+0000] GC(1593) Metaspace: 10593K(10816K)->10593K(10816K) NonClass: 9335K(9472K)->9335K(9472K) Class: 1258K(1344K)->1258K(1344K)
[2025-08-01T03:51:32.367+0000] GC(1593) Pause Young (Normal) (G1 Evacuation Pause) 3038M->3042M(4096M) 82.816ms
[2025-08-01T03:51:32.367+0000] GC(1593) User=0.64s Sys=0.00s Real=0.08s
[2025-08-01T03:51:32.449+0000] GC(1594) Pause Young (Normal) (G1 Evacuation Pause)
[2025-08-01T03:51:32.449+0000] GC(1594) Using 8 workers of 8 for evacuation
[2025-08-01T03:51:32.507+0000] GC(1594)   Pre Evacuate Collection Set: 1.0ms
[2025-08-01T03:51:32.508+0000] GC(1594)   Merge Heap Roots: 0.2ms
[2025-08-01T03:51:32.508+0000] GC(1594)   Evacuate Collection Set: 56.0ms
[2025-08-01T03:51:32.508+0000] GC(1594)   Post Evacuate Collection Set: 1.4ms
[2025-08-01T03:51:32.508+0000] GC(1594)   Other: 0.1ms
[2025-08-01T03:51:32.508+0000] GC(1594) Eden regions: 164->0(127)
[2025-08-01T03:51:32.508+0000] GC(1594) Survivor regions: 33->25(25)
[2025-08-01T03:51:32.508+0000] GC(1594) Old regions: 1489->1618
[2025-08-01T03:51:32.508+0000] GC(1594) Humongous regions: 0->0
[2025-08-01T03:51:32.508+0000] GC(1594) Metaspace: 10593K(10816K)->10593K(10816K) NonClass: 9335K(9472K)->9335K(9472K) Class: 1258K(1344K)->1258K(1344K)
[2025-08-01T03:51:32.508+0000] GC(1594) Pause Young (Normal) (G1 Evacuation Pause) 3370M->3284M(4096M) 59.010ms
[2025-08-01T03:51:32.508+0000] GC(1594) User=0.42s Sys=0.01s Real=0.06s
[2025-08-01T03:51:32.580+0000] GC(1595) Pause Young (Normal) (G1 Evacuation Pause)
[2025-08-01T03:51:32.580+0000] GC(1595) Using 8 workers of 8 for evacuation
[2025-08-01T03:51:32.621+0000] GC(1595)   Pre Evacuate Collection Set: 0.7ms
[2025-08-01T03:51:32.621+0000] GC(1595)   Merge Heap Roots: 0.2ms
[2025-08-01T03:51:32.621+0000] GC(1595)   Evacuate Collection Set: 39.5ms
[2025-08-01T03:51:32.621+0000] GC(1595)   Post Evacuate Collection Set: 0.7ms
[2025-08-01T03:51:32.621+0000] GC(1595)   Other: 0.2ms
[2025-08-01T03:51:32.621+0000] GC(1595) Eden regions: 127->0(107)
[2025-08-01T03:51:32.621+0000] GC(1595) Survivor regions: 25->19(19)
[2025-08-01T03:51:32.621+0000] GC(1595) Old regions: 1618->1698
[2025-08-01T03:51:32.621+0000] GC(1595) Humongous regions: 0->0
[2025-08-01T03:51:32.621+0000] GC(1595) Metaspace: 10593K(10816K)->10593K(10816K) NonClass: 9335K(9472K)->9335K(9472K) Class: 1258K(1344K)->1258K(1344K)
[2025-08-01T03:51:32.621+0000] GC(1595) Pause Young (Normal) (G1 Evacuation Pause) 3538M->3432M(4096M) 41.682ms
[2025-08-01T03:51:32.621+0000] GC(1595) User=0.29s Sys=0.02s Real=0.04s
[2025-08-01T03:51:32.644+0000] GC(1596) Pause Young (Normal) (G1 Evacuation Pause)
[2025-08-01T03:51:32.644+0000] GC(1596) Using 8 workers of 8 for evacuation
[2025-08-01T03:51:32.688+0000] GC(1596)   Pre Evacuate Collection Set: 1.6ms
[2025-08-01T03:51:32.688+0000] GC(1596)   Merge Heap Roots: 0.3ms
[2025-08-01T03:51:32.688+0000] GC(1596)   Evacuate Collection Set: 41.6ms
[2025-08-01T03:51:32.688+0000] GC(1596)   Post Evacuate Collection Set: 0.7ms
[2025-08-01T03:51:32.688+0000] GC(1596)   Other: 0.1ms
[2025-08-01T03:51:32.688+0000] GC(1596) Eden regions: 107->0(86)
[2025-08-01T03:51:32.688+0000] GC(1596) Survivor regions: 19->16(16)
[2025-08-01T03:51:32.688+0000] GC(1596) Old regions: 1698->1809
[2025-08-01T03:51:32.688+0000] GC(1596) Humongous regions: 0->0
[2025-08-01T03:51:32.688+0000] GC(1596) Metaspace: 10593K(10816K)->10593K(10816K) NonClass: 9335K(9472K)->9335K(9472K) Class: 1258K(1344K)->1258K(1344K)
[2025-08-01T03:51:32.688+0000] GC(1596) Pause Young (Normal) (G1 Evacuation Pause) 3646M->3649M(4096M) 44.594ms
[2025-08-01T03:51:32.688+0000] GC(1596) User=0.30s Sys=0.01s Real=0.04s
[2025-08-01T03:51:32.695+0000] GC(1588) Concurrent Rebuild Remembered Sets and Scrub Regions 542.917ms
[2025-08-01T03:51:32.696+0000] GC(1588) Pause Cleanup
[2025-08-01T03:51:32.697+0000] GC(1588) Pause Cleanup 3677M->3677M(4096M) 1.285ms
[2025-08-01T03:51:32.697+0000] GC(1588) User=0.00s Sys=0.00s Real=0.00s
[2025-08-01T03:51:32.698+0000] GC(1588) Concurrent Clear Claimed Marks
[2025-08-01T03:51:32.698+0000] GC(1588) Concurrent Clear Claimed Marks 0.044ms
[2025-08-01T03:51:32.698+0000] GC(1588) Concurrent Cleanup for Next Mark
[2025-08-01T03:51:32.710+0000] GC(1588) Concurrent Cleanup for Next Mark 11.971ms
[2025-08-01T03:51:32.710+0000] GC(1588) Concurrent Mark Cycle 948.799ms
[2025-08-01T03:51:32.761+0000] GC(1597) Pause Young (Prepare Mixed) (G1 Evacuation Pause)
[2025-08-01T03:51:32.761+0000] GC(1597) Using 8 workers of 8 for evacuation
[2025-08-01T03:51:32.805+0000] GC(1597)   Pre Evacuate Collection Set: 0.7ms
[2025-08-01T03:51:32.805+0000] GC(1597)   Merge Heap Roots: 0.3ms
[2025-08-01T03:51:32.805+0000] GC(1597)   Evacuate Collection Set: 42.1ms
[2025-08-01T03:51:32.805+0000] GC(1597)   Post Evacuate Collection Set: 0.6ms
[2025-08-01T03:51:32.805+0000] GC(1597)   Other: 0.1ms
[2025-08-01T03:51:32.805+0000] GC(1597) Eden regions: 86->0(89)
[2025-08-01T03:51:32.805+0000] GC(1597) Survivor regions: 16->13(13)
[2025-08-01T03:51:32.805+0000] GC(1597) Old regions: 1809->1899
[2025-08-01T03:51:32.805+0000] GC(1597) Humongous regions: 0->0
[2025-08-01T03:51:32.805+0000] GC(1597) Metaspace: 10593K(10816K)->10593K(10816K) NonClass: 9335K(9472K)->9335K(9472K) Class: 1258K(1344K)->1258K(1344K)
[2025-08-01T03:51:32.805+0000] GC(1597) Pause Young (Prepare Mixed) (G1 Evacuation Pause) 3821M->3823M(4096M) 44.241ms
[2025-08-01T03:51:32.805+0000] GC(1597) User=0.31s Sys=0.01s Real=0.05s
[2025-08-01T03:51:32.821+0000] GC(1598) Pause Young (Mixed) (G1 Evacuation Pause)
[2025-08-01T03:51:32.821+0000] GC(1598) Using 8 workers of 8 for evacuation
[2025-08-01T03:51:32.857+0000] GC(1598)   Pre Evacuate Collection Set: 0.6ms
[2025-08-01T03:51:32.857+0000] GC(1598)   Merge Heap Roots: 0.2ms
[2025-08-01T03:51:32.857+0000] GC(1598)   Evacuate Collection Set: 29.6ms
[2025-08-01T03:51:32.857+0000] GC(1598)   Post Evacuate Collection Set: 5.1ms
[2025-08-01T03:51:32.857+0000] GC(1598)   Other: 0.1ms
[2025-08-01T03:51:32.857+0000] GC(1598) Eden regions: 89->0(0)
[2025-08-01T03:51:32.857+0000] GC(1598) Survivor regions: 13->13(13)
[2025-08-01T03:51:32.857+0000] GC(1598) Old regions: 1899->2030
[2025-08-01T03:51:32.857+0000] GC(1598) Humongous regions: 0->0
[2025-08-01T03:51:32.857+0000] GC(1598) Metaspace: 10593K(10816K)->10593K(10816K) NonClass: 9335K(9472K)->9335K(9472K) Class: 1258K(1344K)->1258K(1344K)
[2025-08-01T03:51:32.857+0000] GC(1598) Pause Young (Mixed) (G1 Evacuation Pause) (Evacuation Failure) 4001M->4085M(4096M) 36.027ms
[2025-08-01T03:51:32.857+0000] GC(1598) User=0.26s Sys=0.00s Real=0.04s
[2025-08-01T03:51:32.857+0000] Attempting full compaction
[2025-08-01T03:51:32.857+0000] GC(1599) Pause Full (G1 Compaction Pause)
[2025-08-01T03:51:32.857+0000] GC(1599) Using 8 workers of 8 for full compaction
[2025-08-01T03:51:32.857+0000] GC(1599) Phase 1: Mark live objects
[2025-08-01T03:51:32.907+0000] GC(1599) Phase 1: Mark live objects 49.562ms
[2025-08-01T03:51:32.907+0000] GC(1599) Phase 2: Prepare compaction
[2025-08-01T03:51:32.922+0000] GC(1599) Phase 2: Prepare compaction 14.758ms
[2025-08-01T03:51:32.922+0000] GC(1599) Phase 3: Adjust pointers
[2025-08-01T03:51:32.979+0000] GC(1599) Phase 3: Adjust pointers 56.682ms
[2025-08-01T03:51:32.979+0000] GC(1599) Phase 4: Compact heap
[2025-08-01T03:51:33.031+0000] GC(1599) Phase 4: Compact heap 52.141ms
[2025-08-01T03:51:33.031+0000] GC(1599) Phase 5: Reset Metadata
[2025-08-01T03:51:33.078+0000] GC(1599) Phase 5: Reset Metadata 47.360ms
[2025-08-01T03:51:33.087+0000] GC(1599) Eden regions: 0->0(495)
[2025-08-01T03:51:33.087+0000] GC(1599) Survivor regions: 13->0(13)
[2025-08-01T03:51:33.087+0000] GC(1599) Old regions: 2030->507
[2025-08-01T03:51:33.087+0000] GC(1599) Humongous regions: 0->0
[2025-08-01T03:51:33.087+0000] GC(1599) Metaspace: 10593K(10816K)->10593K(10816K) NonClass: 9335K(9472K)->9335K(9472K) Class: 1258K(1344K)->1258K(1344K)
[2025-08-01T03:51:33.087+0000] GC(1599) Pause Full (G1 Compaction Pause) 4085M->1005M(4096M) 229.489ms
[2025-08-01T03:51:33.087+0000] GC(1599) User=1.59s Sys=0.05s Real=0.23s
[2025-08-01T03:51:33.320+0000] GC(1600) Pause Young (Concurrent Start) (G1 Evacuation Pause)
[2025-08-01T03:51:33.321+0000] GC(1600) Using 8 workers of 8 for evacuation
[2025-08-01T03:51:33.516+0000] GC(1600)   Pre Evacuate Collection Set: 1.6ms
[2025-08-01T03:51:33.516+0000] GC(1600)   Merge Heap Roots: 0.6ms
[2025-08-01T03:51:33.516+0000] GC(1600)   Evacuate Collection Set: 191.8ms
[2025-08-01T03:51:33.516+0000] GC(1600)   Post Evacuate Collection Set: 1.4ms
[2025-08-01T03:51:33.516+0000] GC(1600)   Other: 0.3ms
[2025-08-01T03:51:33.516+0000] GC(1600) Eden regions: 495->0(387)
[2025-08-01T03:51:33.516+0000] GC(1600) Survivor regions: 0->62(62)
[2025-08-01T03:51:33.516+0000] GC(1600) Old regions: 507->803
[2025-08-01T03:51:33.516+0000] GC(1600) Humongous regions: 0->0
[2025-08-01T03:51:33.516+0000] GC(1600) Metaspace: 10593K(10816K)->10593K(10816K) NonClass: 9335K(9472K)->9335K(9472K) Class: 1258K(1344K)->1258K(1344K)
[2025-08-01T03:51:33.516+0000] GC(1600) Pause Young (Concurrent Start) (G1 Evacuation Pause) 1995M->1720M(4096M) 195.953ms
[2025-08-01T03:51:33.516+0000] GC(1600) User=1.42s Sys=0.06s Real=0.20s
[2025-08-01T03:51:33.517+0000] GC(1601) Concurrent Mark Cycle
[2025-08-01T03:51:33.517+0000] GC(1601) Concurrent Scan Root Regions
[2025-08-01T03:51:33.584+0000] GC(1601) Concurrent Scan Root Regions 67.765ms
[2025-08-01T03:51:33.584+0000] GC(1601) Concurrent Mark
[2025-08-01T03:51:33.584+0000] GC(1601) Concurrent Mark From Roots
[2025-08-01T03:51:33.584+0000] GC(1601) Using 2 workers of 2 for marking
[2025-08-01T03:51:33.662+0000] GC(1601) Concurrent Mark From Roots 77.241ms
[2025-08-01T03:51:33.662+0000] GC(1601) Concurrent Preclean
[2025-08-01T03:51:33.662+0000] GC(1601) Concurrent Preclean 0.033ms
[2025-08-01T03:51:33.662+0000] GC(1601) Pause Remark
[2025-08-01T03:51:33.668+0000] GC(1601) Pause Remark 2312M->1952M(4096M) 6.030ms
[2025-08-01T03:51:33.668+0000] GC(1601) User=0.02s Sys=0.00s Real=0.01s
[2025-08-01T03:51:33.669+0000] GC(1601) Concurrent Mark 84.517ms
[2025-08-01T03:51:33.669+0000] GC(1601) Concurrent Rebuild Remembered Sets and Scrub Regions
[2025-08-01T03:51:33.691+0000] GC(1602) Pause Young (Normal) (G1 Evacuation Pause)
[2025-08-01T03:51:33.691+0000] GC(1602) Using 8 workers of 8 for evacuation
[2025-08-01T03:51:33.811+0000] GC(1602)   Pre Evacuate Collection Set: 0.6ms
[2025-08-01T03:51:33.811+0000] GC(1602)   Merge Heap Roots: 0.2ms
[2025-08-01T03:51:33.811+0000] GC(1602)   Evacuate Collection Set: 118.1ms
[2025-08-01T03:51:33.811+0000] GC(1602)   Post Evacuate Collection Set: 1.3ms
[2025-08-01T03:51:33.811+0000] GC(1602)   Other: 0.1ms
[2025-08-01T03:51:33.811+0000] GC(1602) Eden regions: 387->0(334)
[2025-08-01T03:51:33.811+0000] GC(1602) Survivor regions: 62->57(57)
[2025-08-01T03:51:33.811+0000] GC(1602) Old regions: 623->948
[2025-08-01T03:51:33.811+0000] GC(1602) Humongous regions: 0->0
[2025-08-01T03:51:33.811+0000] GC(1602) Metaspace: 10593K(10816K)->10593K(10816K) NonClass: 9335K(9472K)->9335K(9472K) Class: 1258K(1344K)->1258K(1344K)
[2025-08-01T03:51:33.811+0000] GC(1602) Pause Young (Normal) (G1 Evacuation Pause) 2134M->2000M(4096M) 120.559ms
[2025-08-01T03:51:33.811+0000] GC(1602) User=0.90s Sys=0.01s Real=0.12s
[2025-08-01T03:51:33.921+0000] GC(1601) Concurrent Rebuild Remembered Sets and Scrub Regions 252.171ms
[2025-08-01T03:51:33.921+0000] GC(1601) Pause Cleanup
[2025-08-01T03:51:33.923+0000] GC(1601) Pause Cleanup 2539M->2539M(4096M) 1.169ms
[2025-08-01T03:51:33.923+0000] GC(1601) User=0.00s Sys=0.00s Real=0.00s
[2025-08-01T03:51:33.923+0000] GC(1601) Concurrent Clear Claimed Marks
[2025-08-01T03:51:33.923+0000] GC(1601) Concurrent Clear Claimed Marks 0.052ms
[2025-08-01T03:51:33.923+0000] GC(1601) Concurrent Cleanup for Next Mark
[2025-08-01T03:51:33.931+0000] GC(1601) Concurrent Cleanup for Next Mark 8.524ms
[2025-08-01T03:51:33.931+0000] GC(1601) Concurrent Mark Cycle 414.796ms
[2025-08-01T03:51:33.968+0000] GC(1603) Pause Young (Prepare Mixed) (G1 Evacuation Pause)
[2025-08-01T03:51:33.968+0000] GC(1603) Using 8 workers of 8 for evacuation
[2025-08-01T03:51:34.111+0000] GC(1603)   Pre Evacuate Collection Set: 0.7ms
[2025-08-01T03:51:34.111+0000] GC(1603)   Merge Heap Roots: 0.4ms
[2025-08-01T03:51:34.111+0000] GC(1603)   Evacuate Collection Set: 140.0ms
[2025-08-01T03:51:34.111+0000] GC(1603)   Post Evacuate Collection Set: 2.1ms
[2025-08-01T03:51:34.111+0000] GC(1603)   Other: 0.2ms
[2025-08-01T03:51:34.111+0000] GC(1603) Eden regions: 334->0(236)
[2025-08-01T03:51:34.111+0000] GC(1603) Survivor regions: 57->49(49)
[2025-08-01T03:51:34.111+0000] GC(1603) Old regions: 948->1241
[2025-08-01T03:51:34.111+0000] GC(1603) Humongous regions: 0->0
[2025-08-01T03:51:34.111+0000] GC(1603) Metaspace: 10593K(10816K)->10593K(10816K) NonClass: 9335K(9472K)->9335K(9472K) Class: 1258K(1344K)->1258K(1344K)
[2025-08-01T03:51:34.111+0000] GC(1603) Pause Young (Prepare Mixed) (G1 Evacuation Pause) 2668M->2571M(4096M) 143.579ms
[2025-08-01T03:51:34.111+0000] GC(1603) User=1.06s Sys=0.04s Real=0.14s
[2025-08-01T03:51:34.199+0000] GC(1604) Pause Young (Mixed) (G1 Evacuation Pause)
[2025-08-01T03:51:34.199+0000] GC(1604) Using 8 workers of 8 for evacuation
[2025-08-01T03:51:34.350+0000] GC(1604)   Pre Evacuate Collection Set: 0.6ms
[2025-08-01T03:51:34.350+0000] GC(1604)   Merge Heap Roots: 0.1ms
[2025-08-01T03:51:34.350+0000] GC(1604)   Evacuate Collection Set: 147.3ms
[2025-08-01T03:51:34.350+0000] GC(1604)   Post Evacuate Collection Set: 2.0ms
[2025-08-01T03:51:34.350+0000] GC(1604)   Other: 0.1ms
[2025-08-01T03:51:34.350+0000] GC(1604) Eden regions: 236->0(190)
[2025-08-01T03:51:34.350+0000] GC(1604) Survivor regions: 49->36(36)
[2025-08-01T03:51:34.350+0000] GC(1604) Old regions: 1241->1408
[2025-08-01T03:51:34.350+0000] GC(1604) Humongous regions: 0->0
[2025-08-01T03:51:34.350+0000] GC(1604) Metaspace: 10593K(10816K)->10593K(10816K) NonClass: 9335K(9472K)->9335K(9472K) Class: 1258K(1344K)->1258K(1344K)
[2025-08-01T03:51:34.350+0000] GC(1604) Pause Young (Mixed) (G1 Evacuation Pause) 3043M->2880M(4096M) 150.597ms
[2025-08-01T03:51:34.350+0000] GC(1604) User=1.13s Sys=0.04s Real=0.15s
[2025-08-01T03:51:34.435+0000] GC(1605) Pause Young (Concurrent Start) (G1 Evacuation Pause)
[2025-08-01T03:51:34.435+0000] GC(1605) Using 8 workers of 8 for evacuation
[2025-08-01T03:51:34.573+0000] GC(1605)   Pre Evacuate Collection Set: 1.3ms
[2025-08-01T03:51:34.573+0000] GC(1605)   Merge Heap Roots: 0.2ms
[2025-08-01T03:51:34.573+0000] GC(1605)   Evacuate Collection Set: 132.1ms
[2025-08-01T03:51:34.573+0000] GC(1605)   Post Evacuate Collection Set: 3.6ms
[2025-08-01T03:51:34.573+0000] GC(1605)   Other: 0.3ms
[2025-08-01T03:51:34.573+0000] GC(1605) Eden regions: 190->0(139)
[2025-08-01T03:51:34.573+0000] GC(1605) Survivor regions: 36->29(29)
[2025-08-01T03:51:34.573+0000] GC(1605) Old regions: 1408->1573
[2025-08-01T03:51:34.573+0000] GC(1605) Humongous regions: 0->0
[2025-08-01T03:51:34.573+0000] GC(1605) Metaspace: 10593K(10816K)->10593K(10816K) NonClass: 9335K(9472K)->9335K(9472K) Class: 1258K(1344K)->1258K(1344K)
[2025-08-01T03:51:34.573+0000] GC(1605) Pause Young (Concurrent Start) (G1 Evacuation Pause) 3260M->3196M(4096M) 137.963ms
[2025-08-01T03:51:34.573+0000] GC(1606) Concurrent Mark Cycle
[2025-08-01T03:51:34.573+0000] GC(1606) Concurrent Scan Root Regions
[2025-08-01T03:51:34.573+0000] GC(1605) User=0.98s Sys=0.07s Real=0.14s
[2025-08-01T03:51:34.623+0000] GC(1606) Concurrent Scan Root Regions 49.555ms
[2025-08-01T03:51:34.623+0000] GC(1606) Concurrent Mark
[2025-08-01T03:51:34.623+0000] GC(1606) Concurrent Mark From Roots
[2025-08-01T03:51:34.623+0000] GC(1606) Using 2 workers of 2 for marking
[2025-08-01T03:51:34.652+0000] GC(1607) Pause Young (Normal) (G1 Evacuation Pause)
[2025-08-01T03:51:34.653+0000] GC(1607) Using 8 workers of 8 for evacuation
[2025-08-01T03:51:34.714+0000] GC(1607)   Pre Evacuate Collection Set: 0.7ms
[2025-08-01T03:51:34.714+0000] GC(1607)   Merge Heap Roots: 0.2ms
[2025-08-01T03:51:34.714+0000] GC(1607)   Evacuate Collection Set: 59.3ms
[2025-08-01T03:51:34.714+0000] GC(1607)   Post Evacuate Collection Set: 1.0ms
[2025-08-01T03:51:34.714+0000] GC(1607)   Other: 0.1ms
[2025-08-01T03:51:34.714+0000] GC(1607) Eden regions: 139->0(94)
[2025-08-01T03:51:34.714+0000] GC(1607) Survivor regions: 29->21(21)
[2025-08-01T03:51:34.714+0000] GC(1607) Old regions: 1573->1721
[2025-08-01T03:51:34.714+0000] GC(1607) Humongous regions: 0->0
[2025-08-01T03:51:34.714+0000] GC(1607) Metaspace: 10593K(10816K)->10593K(10816K) NonClass: 9335K(9472K)->9335K(9472K) Class: 1258K(1344K)->1258K(1344K)
[2025-08-01T03:51:34.714+0000] GC(1607) Pause Young (Normal) (G1 Evacuation Pause) 3474M->3477M(4096M) 61.610ms
[2025-08-01T03:51:34.714+0000] GC(1607) User=0.45s Sys=0.02s Real=0.07s
[2025-08-01T03:51:34.735+0000] GC(1608) Pause Young (Normal) (G1 Evacuation Pause)
[2025-08-01T03:51:34.735+0000] GC(1608) Using 8 workers of 8 for evacuation
[2025-08-01T03:51:34.781+0000] GC(1608)   Pre Evacuate Collection Set: 0.6ms
[2025-08-01T03:51:34.781+0000] GC(1608)   Merge Heap Roots: 0.1ms
[2025-08-01T03:51:34.781+0000] GC(1608)   Evacuate Collection Set: 44.3ms
[2025-08-01T03:51:34.781+0000] GC(1608)   Post Evacuate Collection Set: 0.9ms
[2025-08-01T03:51:34.781+0000] GC(1608)   Other: 0.1ms
[2025-08-01T03:51:34.781+0000] GC(1608) Eden regions: 94->0(87)
[2025-08-01T03:51:34.781+0000] GC(1608) Survivor regions: 21->15(15)
[2025-08-01T03:51:34.781+0000] GC(1608) Old regions: 1721->1823
[2025-08-01T03:51:34.781+0000] GC(1608) Humongous regions: 0->0
[2025-08-01T03:51:34.781+0000] GC(1608) Metaspace: 10593K(10816K)->10593K(10816K) NonClass: 9335K(9472K)->9335K(9472K) Class: 1258K(1344K)->1258K(1344K)
[2025-08-01T03:51:34.781+0000] GC(1608) Pause Young (Normal) (G1 Evacuation Pause) 3665M->3669M(4096M) 46.209ms
[2025-08-01T03:51:34.781+0000] GC(1608) User=0.30s Sys=0.02s Real=0.04s
[2025-08-01T03:51:34.801+0000] GC(1606) Concurrent Mark From Roots 178.082ms
[2025-08-01T03:51:34.801+0000] GC(1606) Concurrent Preclean
[2025-08-01T03:51:34.801+0000] GC(1606) Concurrent Preclean 0.022ms
[2025-08-01T03:51:34.801+0000] GC(1606) Pause Remark
[2025-08-01T03:51:34.804+0000] GC(1606) Pause Remark 3760M->1428M(4096M) 2.824ms
[2025-08-01T03:51:34.804+0000] GC(1606) User=0.01s Sys=0.00s Real=0.01s
[2025-08-01T03:51:34.804+0000] GC(1606) Concurrent Mark 181.238ms
[2025-08-01T03:51:34.804+0000] GC(1606) Concurrent Rebuild Remembered Sets and Scrub Regions
[2025-08-01T03:51:34.847+0000] GC(1609) Pause Young (Normal) (G1 Evacuation Pause)
[2025-08-01T03:51:34.847+0000] GC(1609) Using 8 workers of 8 for evacuation
[2025-08-01T03:51:34.900+0000] GC(1609)   Pre Evacuate Collection Set: 0.8ms
[2025-08-01T03:51:34.900+0000] GC(1609)   Merge Heap Roots: 0.2ms
[2025-08-01T03:51:34.900+0000] GC(1609)   Evacuate Collection Set: 50.1ms
[2025-08-01T03:51:34.900+0000] GC(1609)   Post Evacuate Collection Set: 1.1ms
[2025-08-01T03:51:34.900+0000] GC(1609)   Other: 0.1ms
[2025-08-01T03:51:34.900+0000] GC(1609) Eden regions: 87->0(409)
[2025-08-01T03:51:34.900+0000] GC(1609) Survivor regions: 15->13(13)
[2025-08-01T03:51:34.900+0000] GC(1609) Old regions: 654->740
[2025-08-01T03:51:34.900+0000] GC(1609) Humongous regions: 0->0
[2025-08-01T03:51:34.900+0000] GC(1609) Metaspace: 10593K(10816K)->10593K(10816K) NonClass: 9335K(9472K)->9335K(9472K) Class: 1258K(1344K)->1258K(1344K)
[2025-08-01T03:51:34.900+0000] GC(1609) Pause Young (Normal) (G1 Evacuation Pause) 1511M->1505M(4096M) 52.847ms
[2025-08-01T03:51:34.900+0000] GC(1609) User=0.34s Sys=0.02s Real=0.05s
[2025-08-01T03:51:34.996+0000] GC(1606) Concurrent Rebuild Remembered Sets and Scrub Regions 192.036ms
[2025-08-01T03:51:34.997+0000] GC(1606) Pause Cleanup
[2025-08-01T03:51:34.997+0000] GC(1606) Pause Cleanup 1965M->1965M(4096M) 0.934ms
[2025-08-01T03:51:34.998+0000] GC(1606) User=0.00s Sys=0.00s Real=0.00s
[2025-08-01T03:51:34.998+0000] GC(1606) Concurrent Clear Claimed Marks
[2025-08-01T03:51:34.998+0000] GC(1606) Concurrent Clear Claimed Marks 0.046ms
[2025-08-01T03:51:34.998+0000] GC(1606) Concurrent Cleanup for Next Mark
[2025-08-01T03:51:35.014+0000] GC(1606) Concurrent Cleanup for Next Mark 16.412ms
[2025-08-01T03:51:35.014+0000] GC(1606) Concurrent Mark Cycle 441.032ms
[2025-08-01T03:51:35.081+0000] GC(1610) Pause Young (Prepare Mixed) (G1 Evacuation Pause)
[2025-08-01T03:51:35.081+0000] GC(1610) Using 8 workers of 8 for evacuation
[2025-08-01T03:51:35.219+0000] GC(1610)   Pre Evacuate Collection Set: 1.5ms
[2025-08-01T03:51:35.219+0000] GC(1610)   Merge Heap Roots: 0.5ms
[2025-08-01T03:51:35.219+0000] GC(1610)   Evacuate Collection Set: 135.1ms
[2025-08-01T03:51:35.219+0000] GC(1610)   Post Evacuate Collection Set: 0.7ms
[2025-08-01T03:51:35.219+0000] GC(1610)   Other: 0.1ms
[2025-08-01T03:51:35.219+0000] GC(1610) Eden regions: 407->0(321)
[2025-08-01T03:51:35.219+0000] GC(1610) Survivor regions: 13->53(53)
[2025-08-01T03:51:35.219+0000] GC(1610) Old regions: 740->946
[2025-08-01T03:51:35.219+0000] GC(1610) Humongous regions: 0->0
[2025-08-01T03:51:35.219+0000] GC(1610) Metaspace: 10593K(10816K)->10593K(10816K) NonClass: 9335K(9472K)->9335K(9472K) Class: 1258K(1344K)->1258K(1344K)
[2025-08-01T03:51:35.219+0000] GC(1610) Pause Young (Prepare Mixed) (G1 Evacuation Pause) 2319M->1997M(4096M) 138.156ms
[2025-08-01T03:51:35.219+0000] GC(1610) User=1.02s Sys=0.04s Real=0.14s
[2025-08-01T03:51:35.375+0000] GC(1611) Pause Young (Mixed) (G1 Evacuation Pause)
[2025-08-01T03:51:35.376+0000] GC(1611) Using 8 workers of 8 for evacuation
[2025-08-01T03:51:35.600+0000] GC(1611) MMU target violated: 201.0ms (200.0ms/201.0ms)
[2025-08-01T03:51:35.600+0000] GC(1611)   Pre Evacuate Collection Set: 1.1ms
[2025-08-01T03:51:35.600+0000] GC(1611)   Merge Heap Roots: 0.9ms
[2025-08-01T03:51:35.600+0000] GC(1611)   Evacuate Collection Set: 221.0ms
[2025-08-01T03:51:35.600+0000] GC(1611)   Post Evacuate Collection Set: 1.0ms
[2025-08-01T03:51:35.600+0000] GC(1611)   Other: 0.3ms
[2025-08-01T03:51:35.600+0000] GC(1611) Eden regions: 320->0(256)
[2025-08-01T03:51:35.600+0000] GC(1611) Survivor regions: 53->47(47)
[2025-08-01T03:51:35.600+0000] GC(1611) Old regions: 946->1203
[2025-08-01T03:51:35.600+0000] GC(1611) Humongous regions: 0->0
[2025-08-01T03:51:35.600+0000] GC(1611) Metaspace: 10593K(10816K)->10593K(10816K) NonClass: 9335K(9472K)->9335K(9472K) Class: 1258K(1344K)->1258K(1344K)
[2025-08-01T03:51:35.600+0000] GC(1611) Pause Young (Mixed) (G1 Evacuation Pause) 2637M->2498M(4096M) 224.637ms
[2025-08-01T03:51:35.600+0000] GC(1611) User=1.67s Sys=0.08s Real=0.22s
[2025-08-01T03:51:35.697+0000] GC(1612) Pause Young (Concurrent Start) (G1 Evacuation Pause)
[2025-08-01T03:51:35.697+0000] GC(1612) Using 8 workers of 8 for evacuation
[2025-08-01T03:51:35.856+0000] GC(1612)   Pre Evacuate Collection Set: 1.1ms
[2025-08-01T03:51:35.856+0000] GC(1612)   Merge Heap Roots: 0.5ms
[2025-08-01T03:51:35.856+0000] GC(1612)   Evacuate Collection Set: 155.4ms
[2025-08-01T03:51:35.856+0000] GC(1612)   Post Evacuate Collection Set: 1.0ms
[2025-08-01T03:51:35.856+0000] GC(1612)   Other: 0.3ms
[2025-08-01T03:51:35.856+0000] GC(1612) Eden regions: 256->0(183)
[2025-08-01T03:51:35.856+0000] GC(1612) Survivor regions: 47->38(38)
[2025-08-01T03:51:35.856+0000] GC(1612) Old regions: 1203->1433
[2025-08-01T03:51:35.856+0000] GC(1612) Humongous regions: 0->0
[2025-08-01T03:51:35.856+0000] GC(1612) Metaspace: 10593K(10816K)->10593K(10816K) NonClass: 9335K(9472K)->9335K(9472K) Class: 1258K(1344K)->1258K(1344K)
[2025-08-01T03:51:35.856+0000] GC(1612) Pause Young (Concurrent Start) (G1 Evacuation Pause) 3010M->2941M(4096M) 158.621ms
[2025-08-01T03:51:35.856+0000] GC(1612) User=1.11s Sys=0.07s Real=0.16s
[2025-08-01T03:51:35.856+0000] GC(1613) Concurrent Mark Cycle
[2025-08-01T03:51:35.856+0000] GC(1613) Concurrent Scan Root Regions
[2025-08-01T03:51:35.905+0000] GC(1613) Concurrent Scan Root Regions 49.542ms
[2025-08-01T03:51:35.905+0000] GC(1613) Concurrent Mark
[2025-08-01T03:51:35.905+0000] GC(1613) Concurrent Mark From Roots
[2025-08-01T03:51:35.905+0000] GC(1613) Using 2 workers of 2 for marking
[2025-08-01T03:51:35.938+0000] GC(1614) Pause Young (Normal) (G1 Evacuation Pause)
[2025-08-01T03:51:35.939+0000] GC(1614) Using 8 workers of 8 for evacuation
[2025-08-01T03:51:36.015+0000] GC(1614)   Pre Evacuate Collection Set: 0.6ms
[2025-08-01T03:51:36.015+0000] GC(1614)   Merge Heap Roots: 0.2ms
[2025-08-01T03:51:36.015+0000] GC(1614)   Evacuate Collection Set: 74.7ms
[2025-08-01T03:51:36.015+0000] GC(1614)   Post Evacuate Collection Set: 0.9ms
[2025-08-01T03:51:36.015+0000] GC(1614)   Other: 0.1ms
[2025-08-01T03:51:36.015+0000] GC(1614) Eden regions: 183->0(121)
[2025-08-01T03:51:36.015+0000] GC(1614) Survivor regions: 38->28(28)
[2025-08-01T03:51:36.015+0000] GC(1614) Old regions: 1433->1628
[2025-08-01T03:51:36.015+0000] GC(1614) Humongous regions: 0->0
[2025-08-01T03:51:36.015+0000] GC(1614) Metaspace: 10593K(10816K)->10593K(10816K) NonClass: 9335K(9472K)->9335K(9472K) Class: 1258K(1344K)->1258K(1344K)
[2025-08-01T03:51:36.015+0000] GC(1614) Pause Young (Normal) (G1 Evacuation Pause) 3307M->3311M(4096M) 76.935ms
[2025-08-01T03:51:36.015+0000] GC(1614) User=0.57s Sys=0.01s Real=0.08s
[2025-08-01T03:51:36.083+0000] GC(1613) Concurrent Mark From Roots 177.984ms
[2025-08-01T03:51:36.083+0000] GC(1613) Concurrent Preclean
[2025-08-01T03:51:36.083+0000] GC(1613) Concurrent Preclean 0.030ms
[2025-08-01T03:51:36.084+0000] GC(1613) Pause Remark
[2025-08-01T03:51:36.087+0000] GC(1613) Pause Remark 3517M->1847M(4096M) 3.174ms
[2025-08-01T03:51:36.087+0000] GC(1613) User=0.00s Sys=0.00s Real=0.00s
[2025-08-01T03:51:36.087+0000] GC(1613) Concurrent Mark 181.919ms
[2025-08-01T03:51:36.087+0000] GC(1613) Concurrent Rebuild Remembered Sets and Scrub Regions
[2025-08-01T03:51:36.091+0000] GC(1615) Pause Young (Normal) (G1 Evacuation Pause)
[2025-08-01T03:51:36.091+0000] GC(1615) Using 8 workers of 8 for evacuation
[2025-08-01T03:51:36.125+0000] GC(1615)   Pre Evacuate Collection Set: 0.9ms
[2025-08-01T03:51:36.125+0000] GC(1615)   Merge Heap Roots: 0.3ms
[2025-08-01T03:51:36.125+0000] GC(1615)   Evacuate Collection Set: 32.3ms
[2025-08-01T03:51:36.125+0000] GC(1615)   Post Evacuate Collection Set: 0.8ms
[2025-08-01T03:51:36.125+0000] GC(1615)   Other: 0.1ms
[2025-08-01T03:51:36.125+0000] GC(1615) Eden regions: 121->0(387)
[2025-08-01T03:51:36.125+0000] GC(1615) Survivor regions: 28->19(19)
[2025-08-01T03:51:36.125+0000] GC(1615) Old regions: 793->877
[2025-08-01T03:51:36.125+0000] GC(1615) Humongous regions: 0->0
[2025-08-01T03:51:36.125+0000] GC(1615) Metaspace: 10593K(10816K)->10593K(10816K) NonClass: 9335K(9472K)->9335K(9472K) Class: 1258K(1344K)->1258K(1344K)
[2025-08-01T03:51:36.125+0000] GC(1615) Pause Young (Normal) (G1 Evacuation Pause) 1883M->1790M(4096M) 34.706ms
[2025-08-01T03:51:36.126+0000] GC(1615) User=0.26s Sys=0.00s Real=0.04s
[2025-08-01T03:51:36.292+0000] GC(1613) Concurrent Rebuild Remembered Sets and Scrub Regions 204.637ms
[2025-08-01T03:51:36.293+0000] GC(1613) Pause Cleanup
[2025-08-01T03:51:36.294+0000] GC(1613) Pause Cleanup 2546M->2546M(4096M) 1.009ms
[2025-08-01T03:51:36.294+0000] GC(1613) User=0.01s Sys=0.00s Real=0.01s
[2025-08-01T03:51:36.294+0000] GC(1613) Concurrent Clear Claimed Marks
[2025-08-01T03:51:36.294+0000] GC(1613) Concurrent Clear Claimed Marks 0.093ms
[2025-08-01T03:51:36.294+0000] GC(1613) Concurrent Cleanup for Next Mark
[2025-08-01T03:51:36.297+0000] GC(1616) Pause Young (Prepare Mixed) (G1 Evacuation Pause)
[2025-08-01T03:51:36.297+0000] GC(1616) Using 8 workers of 8 for evacuation
[2025-08-01T03:51:36.435+0000] GC(1616)   Pre Evacuate Collection Set: 1.0ms
[2025-08-01T03:51:36.435+0000] GC(1616)   Merge Heap Roots: 0.2ms
[2025-08-01T03:51:36.435+0000] GC(1616)   Evacuate Collection Set: 135.3ms
[2025-08-01T03:51:36.435+0000] GC(1616)   Post Evacuate Collection Set: 1.3ms
[2025-08-01T03:51:36.435+0000] GC(1616)   Other: 0.2ms
[2025-08-01T03:51:36.435+0000] GC(1616) Eden regions: 387->0(251)
[2025-08-01T03:51:36.435+0000] GC(1616) Survivor regions: 19->51(51)
[2025-08-01T03:51:36.435+0000] GC(1616) Old regions: 877->1199
[2025-08-01T03:51:36.435+0000] GC(1616) Humongous regions: 0->0
[2025-08-01T03:51:36.435+0000] GC(1616) Metaspace: 10593K(10816K)->10593K(10816K) NonClass: 9335K(9472K)->9335K(9472K) Class: 1258K(1344K)->1258K(1344K)
[2025-08-01T03:51:36.435+0000] GC(1616) Pause Young (Prepare Mixed) (G1 Evacuation Pause) 2564M->2499M(4096M) 138.297ms
[2025-08-01T03:51:36.435+0000] GC(1616) User=1.04s Sys=0.02s Real=0.14s
[2025-08-01T03:51:36.446+0000] GC(1613) Concurrent Cleanup for Next Mark 152.086ms
[2025-08-01T03:51:36.446+0000] GC(1613) Concurrent Mark Cycle 590.348ms
[2025-08-01T03:51:36.527+0000] GC(1617) Pause Young (Mixed) (G1 Evacuation Pause)
[2025-08-01T03:51:36.527+0000] GC(1617) Using 8 workers of 8 for evacuation
[2025-08-01T03:51:36.620+0000] GC(1617)   Pre Evacuate Collection Set: 0.7ms
[2025-08-01T03:51:36.620+0000] GC(1617)   Merge Heap Roots: 0.3ms
[2025-08-01T03:51:36.620+0000] GC(1617)   Evacuate Collection Set: 89.9ms
[2025-08-01T03:51:36.620+0000] GC(1617)   Post Evacuate Collection Set: 1.4ms
[2025-08-01T03:51:36.620+0000] GC(1617)   Other: 0.1ms
[2025-08-01T03:51:36.620+0000] GC(1617) Eden regions: 251->0(181)
[2025-08-01T03:51:36.620+0000] GC(1617) Survivor regions: 51->38(38)
[2025-08-01T03:51:36.620+0000] GC(1617) Old regions: 1199->1426
[2025-08-01T03:51:36.620+0000] GC(1617) Humongous regions: 0->0
[2025-08-01T03:51:36.620+0000] GC(1617) Metaspace: 10593K(10816K)->10593K(10816K) NonClass: 9335K(9472K)->9335K(9472K) Class: 1258K(1344K)->1258K(1344K)
[2025-08-01T03:51:36.620+0000] GC(1617) Pause Young (Mixed) (G1 Evacuation Pause) 3001M->2926M(4096M) 92.754ms
[2025-08-01T03:51:36.620+0000] GC(1617) User=0.71s Sys=0.02s Real=0.09s
[2025-08-01T03:51:36.695+0000] GC(1618) Pause Young (Concurrent Start) (G1 Evacuation Pause)
[2025-08-01T03:51:36.695+0000] GC(1618) Using 8 workers of 8 for evacuation
[2025-08-01T03:51:36.837+0000] GC(1618)   Pre Evacuate Collection Set: 1.0ms
[2025-08-01T03:51:36.837+0000] GC(1618)   Merge Heap Roots: 0.2ms
[2025-08-01T03:51:36.837+0000] GC(1618)   Evacuate Collection Set: 139.1ms
[2025-08-01T03:51:36.837+0000] GC(1618)   Post Evacuate Collection Set: 1.0ms
[2025-08-01T03:51:36.837+0000] GC(1618)   Other: 0.2ms
[2025-08-01T03:51:36.837+0000] GC(1618) Eden regions: 181->0(124)
[2025-08-01T03:51:36.837+0000] GC(1618) Survivor regions: 38->28(28)
[2025-08-01T03:51:36.837+0000] GC(1618) Old regions: 1426->1619
[2025-08-01T03:51:36.837+0000] GC(1618) Humongous regions: 0->0
[2025-08-01T03:51:36.837+0000] GC(1618) Metaspace: 10593K(10816K)->10593K(10816K) NonClass: 9335K(9472K)->9335K(9472K) Class: 1258K(1344K)->1258K(1344K)
[2025-08-01T03:51:36.837+0000] GC(1618) Pause Young (Concurrent Start) (G1 Evacuation Pause) 3288M->3292M(4096M) 141.886ms
[2025-08-01T03:51:36.837+0000] GC(1618) User=1.05s Sys=0.04s Real=0.14s
[2025-08-01T03:51:36.837+0000] GC(1619) Concurrent Mark Cycle
[2025-08-01T03:51:36.838+0000] GC(1619) Concurrent Scan Root Regions
[2025-08-01T03:51:36.878+0000] GC(1619) Concurrent Scan Root Regions 40.137ms
[2025-08-01T03:51:36.878+0000] GC(1619) Concurrent Mark
[2025-08-01T03:51:36.878+0000] GC(1619) Concurrent Mark From Roots
[2025-08-01T03:51:36.878+0000] GC(1619) Using 2 workers of 2 for marking
[2025-08-01T03:51:36.909+0000] GC(1620) Pause Young (Normal) (G1 Evacuation Pause)
[2025-08-01T03:51:36.909+0000] GC(1620) Using 8 workers of 8 for evacuation
[2025-08-01T03:51:36.959+0000] GC(1620)   Pre Evacuate Collection Set: 0.8ms
[2025-08-01T03:51:36.959+0000] GC(1620)   Merge Heap Roots: 0.2ms
[2025-08-01T03:51:36.959+0000] GC(1620)   Evacuate Collection Set: 47.2ms
[2025-08-01T03:51:36.959+0000] GC(1620)   Post Evacuate Collection Set: 1.0ms
[2025-08-01T03:51:36.959+0000] GC(1620)   Other: 0.1ms
[2025-08-01T03:51:36.959+0000] GC(1620) Eden regions: 124->0(93)
[2025-08-01T03:51:36.959+0000] GC(1620) Survivor regions: 28->19(19)
[2025-08-01T03:51:36.959+0000] GC(1620) Old regions: 1619->1729
[2025-08-01T03:51:36.959+0000] GC(1620) Humongous regions: 0->0
[2025-08-01T03:51:36.959+0000] GC(1620) Metaspace: 10593K(10816K)->10593K(10816K) NonClass: 9335K(9472K)->9335K(9472K) Class: 1258K(1344K)->1258K(1344K)
[2025-08-01T03:51:36.959+0000] GC(1620) Pause Young (Normal) (G1 Evacuation Pause) 3540M->3494M(4096M) 49.521ms
[2025-08-01T03:51:36.959+0000] GC(1620) User=0.37s Sys=0.00s Real=0.05s
[2025-08-01T03:51:36.976+0000] GC(1621) Pause Young (Normal) (G1 Evacuation Pause)
[2025-08-01T03:51:36.976+0000] GC(1621) Using 8 workers of 8 for evacuation
[2025-08-01T03:51:37.022+0000] GC(1621)   Pre Evacuate Collection Set: 0.6ms
[2025-08-01T03:51:37.023+0000] GC(1621)   Merge Heap Roots: 0.3ms
[2025-08-01T03:51:37.023+0000] GC(1621)   Evacuate Collection Set: 44.3ms
[2025-08-01T03:51:37.023+0000] GC(1621)   Post Evacuate Collection Set: 1.1ms
[2025-08-01T03:51:37.023+0000] GC(1621)   Other: 0.1ms
[2025-08-01T03:51:37.023+0000] GC(1621) Eden regions: 93->0(88)
[2025-08-01T03:51:37.023+0000] GC(1621) Survivor regions: 19->14(14)
[2025-08-01T03:51:37.023+0000] GC(1621) Old regions: 1729->1829
[2025-08-01T03:51:37.023+0000] GC(1621) Humongous regions: 0->0
[2025-08-01T03:51:37.023+0000] GC(1621) Metaspace: 10593K(10816K)->10593K(10816K) NonClass: 9335K(9472K)->9335K(9472K) Class: 1258K(1344K)->1258K(1344K)
[2025-08-01T03:51:37.023+0000] GC(1621) Pause Young (Normal) (G1 Evacuation Pause) 3680M->3684M(4096M) 46.734ms
[2025-08-01T03:51:37.023+0000] GC(1621) User=0.33s Sys=0.02s Real=0.04s
[2025-08-01T03:51:37.082+0000] GC(1622) Pause Young (Normal) (G1 Evacuation Pause)
[2025-08-01T03:51:37.082+0000] GC(1622) Using 8 workers of 8 for evacuation
[2025-08-01T03:51:37.116+0000] GC(1622)   Pre Evacuate Collection Set: 0.7ms
[2025-08-01T03:51:37.116+0000] GC(1622)   Merge Heap Roots: 0.1ms
[2025-08-01T03:51:37.116+0000] GC(1622)   Evacuate Collection Set: 32.0ms
[2025-08-01T03:51:37.116+0000] GC(1622)   Post Evacuate Collection Set: 0.9ms
[2025-08-01T03:51:37.116+0000] GC(1622)   Other: 0.1ms
[2025-08-01T03:51:37.116+0000] GC(1622) Eden regions: 88->0(89)
[2025-08-01T03:51:37.116+0000] GC(1622) Survivor regions: 14->13(13)
[2025-08-01T03:51:37.116+0000] GC(1622) Old regions: 1829->1907
[2025-08-01T03:51:37.116+0000] GC(1622) Humongous regions: 0->0
[2025-08-01T03:51:37.116+0000] GC(1622) Metaspace: 10593K(10816K)->10593K(10816K) NonClass: 9335K(9472K)->9335K(9472K) Class: 1258K(1344K)->1258K(1344K)
[2025-08-01T03:51:37.116+0000] GC(1622) Pause Young (Normal) (G1 Evacuation Pause) 3860M->3838M(4096M) 34.138ms
[2025-08-01T03:51:37.116+0000] GC(1622) User=0.24s Sys=0.01s Real=0.04s
[2025-08-01T03:51:37.136+0000] GC(1623) Pause Young (Normal) (G1 Evacuation Pause)
[2025-08-01T03:51:37.136+0000] GC(1623) Using 8 workers of 8 for evacuation
[2025-08-01T03:51:37.171+0000] GC(1623)   Pre Evacuate Collection Set: 0.9ms
[2025-08-01T03:51:37.171+0000] GC(1623)   Merge Heap Roots: 0.1ms
[2025-08-01T03:51:37.171+0000] GC(1623)   Evacuate Collection Set: 25.1ms
[2025-08-01T03:51:37.171+0000] GC(1623)   Post Evacuate Collection Set: 8.2ms
[2025-08-01T03:51:37.171+0000] GC(1623)   Other: 0.1ms
[2025-08-01T03:51:37.171+0000] GC(1623) Eden regions: 89->0(0)
[2025-08-01T03:51:37.171+0000] GC(1623) Survivor regions: 13->13(13)
[2025-08-01T03:51:37.171+0000] GC(1623) Old regions: 1907->2027
[2025-08-01T03:51:37.171+0000] GC(1623) Humongous regions: 0->0
[2025-08-01T03:51:37.171+0000] GC(1623) Metaspace: 10593K(10816K)->10593K(10816K) NonClass: 9335K(9472K)->9335K(9472K) Class: 1258K(1344K)->1258K(1344K)
[2025-08-01T03:51:37.171+0000] GC(1623) Pause Young (Normal) (G1 Evacuation Pause) (Evacuation Failure) 4016M->4079M(4096M) 34.725ms
[2025-08-01T03:51:37.171+0000] GC(1623) User=0.24s Sys=0.00s Real=0.03s
[2025-08-01T03:51:37.171+0000] Attempting full compaction
[2025-08-01T03:51:37.171+0000] GC(1624) Pause Full (G1 Compaction Pause)
[2025-08-01T03:51:37.171+0000] GC(1624) Using 8 workers of 8 for full compaction
[2025-08-01T03:51:37.177+0000] GC(1624) Phase 1: Mark live objects
[2025-08-01T03:51:37.233+0000] GC(1624) Phase 1: Mark live objects 56.136ms
[2025-08-01T03:51:37.233+0000] GC(1624) Phase 2: Prepare compaction
[2025-08-01T03:51:37.251+0000] GC(1624) Phase 2: Prepare compaction 18.425ms
[2025-08-01T03:51:37.251+0000] GC(1624) Phase 3: Adjust pointers
[2025-08-01T03:51:37.288+0000] GC(1624) Phase 3: Adjust pointers 36.541ms
[2025-08-01T03:51:37.288+0000] GC(1624) Phase 4: Compact heap
[2025-08-01T03:51:37.345+0000] GC(1624) Phase 4: Compact heap 57.241ms
[2025-08-01T03:51:37.345+0000] GC(1624) Phase 5: Reset Metadata
[2025-08-01T03:51:37.370+0000] GC(1624) Phase 5: Reset Metadata 24.942ms
[2025-08-01T03:51:37.377+0000] GC(1624) Eden regions: 0->0(472)
[2025-08-01T03:51:37.377+0000] GC(1624) Survivor regions: 13->0(13)
[2025-08-01T03:51:37.377+0000] GC(1624) Old regions: 2027->449
[2025-08-01T03:51:37.377+0000] GC(1624) Humongous regions: 0->0
[2025-08-01T03:51:37.377+0000] GC(1624) Metaspace: 10593K(10816K)->10593K(10816K) NonClass: 9335K(9472K)->9335K(9472K) Class: 1258K(1344K)->1258K(1344K)
[2025-08-01T03:51:37.377+0000] GC(1624) Pause Full (G1 Compaction Pause) 4079M->888M(4096M) 206.108ms
[2025-08-01T03:51:37.377+0000] GC(1624) User=1.52s Sys=0.01s Real=0.21s
[2025-08-01T03:51:37.377+0000] GC(1619) Concurrent Mark From Roots 499.775ms
[2025-08-01T03:51:37.378+0000] GC(1619) Concurrent Mark Abort
[2025-08-01T03:51:37.378+0000] GC(1619) Concurrent Mark Cycle 540.120ms
[2025-08-01T03:51:37.590+0000] GC(1625) Pause Young (Normal) (G1 Evacuation Pause)
[2025-08-01T03:51:37.590+0000] GC(1625) Using 8 workers of 8 for evacuation
[2025-08-01T03:51:37.849+0000] GC(1625) MMU target violated: 201.0ms (200.0ms/201.0ms)
[2025-08-01T03:51:37.849+0000] GC(1625)   Pre Evacuate Collection Set: 0.8ms
[2025-08-01T03:51:37.849+0000] GC(1625)   Merge Heap Roots: 0.3ms
[2025-08-01T03:51:37.849+0000] GC(1625)   Evacuate Collection Set: 255.2ms
[2025-08-01T03:51:37.849+0000] GC(1625)   Post Evacuate Collection Set: 2.0ms
[2025-08-01T03:51:37.849+0000] GC(1625)   Other: 0.4ms
[2025-08-01T03:51:37.849+0000] GC(1625) Eden regions: 469->0(359)
[2025-08-01T03:51:37.849+0000] GC(1625) Survivor regions: 0->59(59)
[2025-08-01T03:51:37.849+0000] GC(1625) Old regions: 449->727
[2025-08-01T03:51:37.849+0000] GC(1625) Humongous regions: 0->0
[2025-08-01T03:51:37.849+0000] GC(1625) Metaspace: 10593K(10816K)->10593K(10816K) NonClass: 9335K(9472K)->9335K(9472K) Class: 1258K(1344K)->1258K(1344K)
[2025-08-01T03:51:37.849+0000] GC(1625) Pause Young (Normal) (G1 Evacuation Pause) 1826M->1561M(4096M) 258.920ms
[2025-08-01T03:51:37.849+0000] GC(1625) User=1.91s Sys=0.08s Real=0.26s
[2025-08-01T03:51:37.997+0000] GC(1626) Pause Young (Concurrent Start) (G1 Evacuation Pause)
[2025-08-01T03:51:37.997+0000] GC(1626) Using 8 workers of 8 for evacuation
[2025-08-01T03:51:38.134+0000] GC(1626)   Pre Evacuate Collection Set: 1.0ms
[2025-08-01T03:51:38.134+0000] GC(1626)   Merge Heap Roots: 0.4ms
[2025-08-01T03:51:38.134+0000] GC(1626)   Evacuate Collection Set: 133.6ms
[2025-08-01T03:51:38.134+0000] GC(1626)   Post Evacuate Collection Set: 1.5ms
[2025-08-01T03:51:38.134+0000] GC(1626)   Other: 0.6ms
[2025-08-01T03:51:38.134+0000] GC(1626) Eden regions: 358->0(349)
[2025-08-01T03:51:38.134+0000] GC(1626) Survivor regions: 59->53(53)
[2025-08-01T03:51:38.134+0000] GC(1626) Old regions: 727->942
[2025-08-01T03:51:38.134+0000] GC(1626) Humongous regions: 0->0
[2025-08-01T03:51:38.134+0000] GC(1626) Metaspace: 10593K(10816K)->10593K(10816K) NonClass: 9335K(9472K)->9335K(9472K) Class: 1258K(1344K)->1258K(1344K)
[2025-08-01T03:51:38.134+0000] GC(1626) Pause Young (Concurrent Start) (G1 Evacuation Pause) 2277M->1979M(4096M) 137.453ms
[2025-08-01T03:51:38.134+0000] GC(1626) User=1.02s Sys=0.03s Real=0.14s
[2025-08-01T03:51:38.134+0000] GC(1627) Concurrent Mark Cycle
[2025-08-01T03:51:38.134+0000] GC(1627) Concurrent Scan Root Regions
[2025-08-01T03:51:38.187+0000] GC(1627) Concurrent Scan Root Regions 52.331ms
[2025-08-01T03:51:38.187+0000] GC(1627) Concurrent Mark
[2025-08-01T03:51:38.187+0000] GC(1627) Concurrent Mark From Roots
[2025-08-01T03:51:38.187+0000] GC(1627) Using 2 workers of 2 for marking
[2025-08-01T03:51:38.230+0000] GC(1627) Concurrent Mark From Roots 43.028ms
[2025-08-01T03:51:38.230+0000] GC(1627) Concurrent Preclean
[2025-08-01T03:51:38.230+0000] GC(1627) Concurrent Preclean 0.026ms
[2025-08-01T03:51:38.230+0000] GC(1627) Pause Remark
[2025-08-01T03:51:38.236+0000] GC(1627) Pause Remark 2495M->1462M(4096M) 5.275ms
[2025-08-01T03:51:38.236+0000] GC(1627) User=0.01s Sys=0.00s Real=0.01s
[2025-08-01T03:51:38.236+0000] GC(1627) Concurrent Mark 49.228ms
[2025-08-01T03:51:38.236+0000] GC(1627) Concurrent Rebuild Remembered Sets and Scrub Regions
[2025-08-01T03:51:38.278+0000] GC(1628) Pause Young (Normal) (G1 Evacuation Pause)
[2025-08-01T03:51:38.278+0000] GC(1628) Using 8 workers of 8 for evacuation
[2025-08-01T03:51:38.400+0000] GC(1628)   Pre Evacuate Collection Set: 0.8ms
[2025-08-01T03:51:38.400+0000] GC(1628)   Merge Heap Roots: 0.4ms
[2025-08-01T03:51:38.400+0000] GC(1628)   Evacuate Collection Set: 119.5ms
[2025-08-01T03:51:38.400+0000] GC(1628)   Post Evacuate Collection Set: 1.1ms
[2025-08-01T03:51:38.400+0000] GC(1628)   Other: 0.1ms
[2025-08-01T03:51:38.400+0000] GC(1628) Eden regions: 349->0(370)
[2025-08-01T03:51:38.400+0000] GC(1628) Survivor regions: 53->51(51)
[2025-08-01T03:51:38.400+0000] GC(1628) Old regions: 421->728
[2025-08-01T03:51:38.400+0000] GC(1628) Humongous regions: 0->0
[2025-08-01T03:51:38.400+0000] GC(1628) Metaspace: 10593K(10816K)->10593K(10816K) NonClass: 9335K(9472K)->9335K(9472K) Class: 1258K(1344K)->1258K(1344K)
[2025-08-01T03:51:38.400+0000] GC(1628) Pause Young (Normal) (G1 Evacuation Pause) 1644M->1556M(4096M) 122.343ms
[2025-08-01T03:51:38.400+0000] GC(1628) User=0.89s Sys=0.02s Real=0.12s
[2025-08-01T03:51:38.444+0000] GC(1627) Concurrent Rebuild Remembered Sets and Scrub Regions 207.447ms
[2025-08-01T03:51:38.444+0000] GC(1627) Pause Cleanup
[2025-08-01T03:51:38.445+0000] GC(1627) Pause Cleanup 1899M->1899M(4096M) 0.832ms
[2025-08-01T03:51:38.445+0000] GC(1627) User=0.00s Sys=0.00s Real=0.00s
[2025-08-01T03:51:38.445+0000] GC(1627) Concurrent Clear Claimed Marks
[2025-08-01T03:51:38.445+0000] GC(1627) Concurrent Clear Claimed Marks 0.023ms
[2025-08-01T03:51:38.445+0000] GC(1627) Concurrent Cleanup for Next Mark
[2025-08-01T03:51:38.453+0000] GC(1627) Concurrent Cleanup for Next Mark 8.456ms
[2025-08-01T03:51:38.453+0000] GC(1627) Concurrent Mark Cycle 318.857ms
[2025-08-01T03:51:38.563+0000] GC(1629) Pause Young (Prepare Mixed) (G1 Evacuation Pause)
[2025-08-01T03:51:38.563+0000] GC(1629) Using 8 workers of 8 for evacuation
[2025-08-01T03:51:38.755+0000] GC(1629)   Pre Evacuate Collection Set: 2.0ms
[2025-08-01T03:51:38.755+0000] GC(1629)   Merge Heap Roots: 0.6ms
[2025-08-01T03:51:38.755+0000] GC(1629)   Evacuate Collection Set: 186.6ms
[2025-08-01T03:51:38.755+0000] GC(1629)   Post Evacuate Collection Set: 1.9ms
[2025-08-01T03:51:38.755+0000] GC(1629)   Other: 0.2ms
[2025-08-01T03:51:38.755+0000] GC(1629) Eden regions: 370->0(334)
[2025-08-01T03:51:38.755+0000] GC(1629) Survivor regions: 51->53(53)
[2025-08-01T03:51:38.755+0000] GC(1629) Old regions: 728->951
[2025-08-01T03:51:38.755+0000] GC(1629) Humongous regions: 0->0
[2025-08-01T03:51:38.755+0000] GC(1629) Metaspace: 10593K(10816K)->10593K(10816K) NonClass: 9335K(9472K)->9335K(9472K) Class: 1258K(1344K)->1258K(1344K)
[2025-08-01T03:51:38.755+0000] GC(1629) Pause Young (Prepare Mixed) (G1 Evacuation Pause) 2296M->2007M(4096M) 191.765ms
[2025-08-01T03:51:38.755+0000] GC(1629) User=1.40s Sys=0.05s Real=0.19s
[2025-08-01T03:51:38.879+0000] GC(1630) Pause Young (Mixed) (G1 Evacuation Pause)
[2025-08-01T03:51:38.879+0000] GC(1630) Using 8 workers of 8 for evacuation
[2025-08-01T03:51:38.995+0000] GC(1630)   Pre Evacuate Collection Set: 0.8ms
[2025-08-01T03:51:38.996+0000] GC(1630)   Merge Heap Roots: 0.2ms
[2025-08-01T03:51:38.996+0000] GC(1630)   Evacuate Collection Set: 114.0ms
[2025-08-01T03:51:38.996+0000] GC(1630)   Post Evacuate Collection Set: 1.1ms
[2025-08-01T03:51:38.996+0000] GC(1630)   Other: 0.1ms
[2025-08-01T03:51:38.996+0000] GC(1630) Eden regions: 333->0(309)
[2025-08-01T03:51:38.996+0000] GC(1630) Survivor regions: 53->49(49)
[2025-08-01T03:51:38.996+0000] GC(1630) Old regions: 951->1104
[2025-08-01T03:51:38.996+0000] GC(1630) Humongous regions: 0->0
[2025-08-01T03:51:38.996+0000] GC(1630) Metaspace: 10593K(10816K)->10593K(10816K) NonClass: 9335K(9472K)->9335K(9472K) Class: 1258K(1344K)->1258K(1344K)
[2025-08-01T03:51:38.996+0000] GC(1630) Pause Young (Mixed) (G1 Evacuation Pause) 2673M->2304M(4096M) 116.498ms
[2025-08-01T03:51:38.996+0000] GC(1630) User=0.79s Sys=0.06s Real=0.12s
[2025-08-01T03:51:39.135+0000] GC(1631) Pause Young (Concurrent Start) (G1 Evacuation Pause)
[2025-08-01T03:51:39.135+0000] GC(1631) Using 8 workers of 8 for evacuation
[2025-08-01T03:51:39.350+0000] GC(1631) MMU target violated: 201.0ms (200.0ms/201.0ms)
[2025-08-01T03:51:39.350+0000] GC(1631)   Pre Evacuate Collection Set: 2.3ms
[2025-08-01T03:51:39.351+0000] GC(1631)   Merge Heap Roots: 0.8ms
[2025-08-01T03:51:39.351+0000] GC(1631)   Evacuate Collection Set: 211.4ms
[2025-08-01T03:51:39.351+0000] GC(1631)   Post Evacuate Collection Set: 1.1ms
[2025-08-01T03:51:39.351+0000] GC(1631)   Other: 0.2ms
[2025-08-01T03:51:39.351+0000] GC(1631) Eden regions: 309->0(186)
[2025-08-01T03:51:39.351+0000] GC(1631) Survivor regions: 49->45(45)
[2025-08-01T03:51:39.351+0000] GC(1631) Old regions: 1104->1419
[2025-08-01T03:51:39.351+0000] GC(1631) Humongous regions: 0->0
[2025-08-01T03:51:39.351+0000] GC(1631) Metaspace: 10593K(10816K)->10593K(10816K) NonClass: 9335K(9472K)->9335K(9472K) Class: 1258K(1344K)->1258K(1344K)
[2025-08-01T03:51:39.351+0000] GC(1631) Pause Young (Concurrent Start) (G1 Evacuation Pause) 2922M->2926M(4096M) 216.031ms
[2025-08-01T03:51:39.351+0000] GC(1631) User=1.60s Sys=0.05s Real=0.21s
[2025-08-01T03:51:39.351+0000] GC(1632) Concurrent Mark Cycle
[2025-08-01T03:51:39.351+0000] GC(1632) Concurrent Scan Root Regions
[2025-08-01T03:51:39.424+0000] GC(1632) Concurrent Scan Root Regions 73.574ms
[2025-08-01T03:51:39.424+0000] GC(1632) Concurrent Mark
[2025-08-01T03:51:39.424+0000] GC(1632) Concurrent Mark From Roots
[2025-08-01T03:51:39.424+0000] GC(1632) Using 2 workers of 2 for marking
[2025-08-01T03:51:39.435+0000] GC(1633) Pause Young (Normal) (G1 Evacuation Pause)
[2025-08-01T03:51:39.435+0000] GC(1633) Using 8 workers of 8 for evacuation
[2025-08-01T03:51:39.506+0000] GC(1633)   Pre Evacuate Collection Set: 1.0ms
[2025-08-01T03:51:39.506+0000] GC(1633)   Merge Heap Roots: 0.3ms
[2025-08-01T03:51:39.506+0000] GC(1633)   Evacuate Collection Set: 68.7ms
[2025-08-01T03:51:39.506+0000] GC(1633)   Post Evacuate Collection Set: 1.1ms
[2025-08-01T03:51:39.506+0000] GC(1633)   Other: 0.1ms
[2025-08-01T03:51:39.507+0000] GC(1633) Eden regions: 186->0(162)
[2025-08-01T03:51:39.507+0000] GC(1633) Survivor regions: 45->29(29)
[2025-08-01T03:51:39.507+0000] GC(1633) Old regions: 1419->1529
[2025-08-01T03:51:39.507+0000] GC(1633) Humongous regions: 0->0
[2025-08-01T03:51:39.507+0000] GC(1633) Metaspace: 10593K(10816K)->10593K(10816K) NonClass: 9335K(9472K)->9335K(9472K) Class: 1258K(1344K)->1258K(1344K)
[2025-08-01T03:51:39.507+0000] GC(1633) Pause Young (Normal) (G1 Evacuation Pause) 3298M->3115M(4096M) 71.507ms
[2025-08-01T03:51:39.507+0000] GC(1633) User=0.51s Sys=0.03s Real=0.07s
[2025-08-01T03:51:39.583+0000] GC(1634) Pause Young (Normal) (G1 Evacuation Pause)
[2025-08-01T03:51:39.583+0000] GC(1634) Using 8 workers of 8 for evacuation
[2025-08-01T03:51:39.644+0000] GC(1634)   Pre Evacuate Collection Set: 0.9ms
[2025-08-01T03:51:39.644+0000] GC(1634)   Merge Heap Roots: 0.2ms
[2025-08-01T03:51:39.644+0000] GC(1634)   Evacuate Collection Set: 57.9ms
[2025-08-01T03:51:39.644+0000] GC(1634)   Post Evacuate Collection Set: 1.1ms
[2025-08-01T03:51:39.644+0000] GC(1634)   Other: 0.1ms
[2025-08-01T03:51:39.644+0000] GC(1634) Eden regions: 162->0(103)
[2025-08-01T03:51:39.644+0000] GC(1634) Survivor regions: 29->24(24)
[2025-08-01T03:51:39.644+0000] GC(1634) Old regions: 1529->1698
[2025-08-01T03:51:39.644+0000] GC(1634) Humongous regions: 0->0
[2025-08-01T03:51:39.644+0000] GC(1634) Metaspace: 10593K(10816K)->10593K(10816K) NonClass: 9335K(9472K)->9335K(9472K) Class: 1258K(1344K)->1258K(1344K)
[2025-08-01T03:51:39.644+0000] GC(1634) Pause Young (Normal) (G1 Evacuation Pause) 3439M->3443M(4096M) 60.615ms
[2025-08-01T03:51:39.644+0000] GC(1634) User=0.45s Sys=0.00s Real=0.06s
[2025-08-01T03:51:39.659+0000] GC(1632) Concurrent Mark From Roots 234.711ms
[2025-08-01T03:51:39.659+0000] GC(1632) Concurrent Preclean
[2025-08-01T03:51:39.659+0000] GC(1632) Concurrent Preclean 0.032ms
[2025-08-01T03:51:39.660+0000] GC(1632) Pause Remark
[2025-08-01T03:51:39.663+0000] GC(1632) Pause Remark 3613M->2023M(4096M) 3.456ms
[2025-08-01T03:51:39.663+0000] GC(1632) User=0.02s Sys=0.00s Real=0.01s
[2025-08-01T03:51:39.663+0000] GC(1632) Concurrent Mark 238.851ms
[2025-08-01T03:51:39.663+0000] GC(1632) Concurrent Rebuild Remembered Sets and Scrub Regions
[2025-08-01T03:51:39.667+0000] GC(1635) Pause Young (Normal) (G1 Evacuation Pause)
[2025-08-01T03:51:39.667+0000] GC(1635) Using 8 workers of 8 for evacuation
[2025-08-01T03:51:39.707+0000] GC(1635)   Pre Evacuate Collection Set: 0.5ms
[2025-08-01T03:51:39.707+0000] GC(1635)   Merge Heap Roots: 0.2ms
[2025-08-01T03:51:39.707+0000] GC(1635)   Evacuate Collection Set: 38.3ms
[2025-08-01T03:51:39.707+0000] GC(1635)   Post Evacuate Collection Set: 1.1ms
[2025-08-01T03:51:39.707+0000] GC(1635)   Other: 0.3ms
[2025-08-01T03:51:39.707+0000] GC(1635) Eden regions: 103->0(333)
[2025-08-01T03:51:39.707+0000] GC(1635) Survivor regions: 24->16(16)
[2025-08-01T03:51:39.707+0000] GC(1635) Old regions: 903->1017
[2025-08-01T03:51:39.707+0000] GC(1635) Humongous regions: 0->0
[2025-08-01T03:51:39.707+0000] GC(1635) Metaspace: 10593K(10816K)->10593K(10816K) NonClass: 9335K(9472K)->9335K(9472K) Class: 1258K(1344K)->1258K(1344K)
[2025-08-01T03:51:39.707+0000] GC(1635) Pause Young (Normal) (G1 Evacuation Pause) 2059M->2064M(4096M) 40.611ms
[2025-08-01T03:51:39.707+0000] GC(1635) User=0.30s Sys=0.01s Real=0.04s
[2025-08-01T03:51:39.862+0000] GC(1636) Pause Young (Normal) (G1 Evacuation Pause)
[2025-08-01T03:51:39.862+0000] GC(1636) Using 8 workers of 8 for evacuation
[2025-08-01T03:51:39.955+0000] GC(1636)   Pre Evacuate Collection Set: 0.6ms
[2025-08-01T03:51:39.955+0000] GC(1636)   Merge Heap Roots: 0.5ms
[2025-08-01T03:51:39.955+0000] GC(1636)   Evacuate Collection Set: 91.0ms
[2025-08-01T03:51:39.955+0000] GC(1636)   Post Evacuate Collection Set: 1.1ms
[2025-08-01T03:51:39.955+0000] GC(1636)   Other: 0.1ms
[2025-08-01T03:51:39.955+0000] GC(1636) Eden regions: 333->0(227)
[2025-08-01T03:51:39.955+0000] GC(1636) Survivor regions: 16->44(44)
[2025-08-01T03:51:39.955+0000] GC(1636) Old regions: 1017->1281
[2025-08-01T03:51:39.955+0000] GC(1636) Humongous regions: 0->0
[2025-08-01T03:51:39.955+0000] GC(1636) Metaspace: 10593K(10816K)->10593K(10816K) NonClass: 9335K(9472K)->9335K(9472K) Class: 1258K(1344K)->1258K(1344K)
[2025-08-01T03:51:39.955+0000] GC(1636) Pause Young (Normal) (G1 Evacuation Pause) 2730M->2649M(4096M) 93.669ms
[2025-08-01T03:51:39.956+0000] GC(1636) User=0.71s Sys=0.00s Real=0.10s
[2025-08-01T03:51:39.993+0000] GC(1632) Concurrent Rebuild Remembered Sets and Scrub Regions 329.937ms
[2025-08-01T03:51:39.993+0000] GC(1632) Pause Cleanup
[2025-08-01T03:51:39.995+0000] GC(1632) Pause Cleanup 2834M->2834M(4096M) 1.151ms
[2025-08-01T03:51:39.995+0000] GC(1632) User=0.00s Sys=0.00s Real=0.00s
[2025-08-01T03:51:39.995+0000] GC(1632) Concurrent Clear Claimed Marks
[2025-08-01T03:51:39.995+0000] GC(1632) Concurrent Clear Claimed Marks 0.051ms
[2025-08-01T03:51:39.995+0000] GC(1632) Concurrent Cleanup for Next Mark
[2025-08-01T03:51:40.003+0000] GC(1632) Concurrent Cleanup for Next Mark 7.611ms
[2025-08-01T03:51:40.003+0000] GC(1632) Concurrent Mark Cycle 651.828ms
[2025-08-01T03:51:40.042+0000] GC(1637) Pause Young (Prepare Mixed) (G1 Evacuation Pause)
[2025-08-01T03:51:40.042+0000] GC(1637) Using 8 workers of 8 for evacuation
[2025-08-01T03:51:40.108+0000] GC(1637)   Pre Evacuate Collection Set: 0.6ms
[2025-08-01T03:51:40.108+0000] GC(1637)   Merge Heap Roots: 0.3ms
[2025-08-01T03:51:40.108+0000] GC(1637)   Evacuate Collection Set: 63.3ms
[2025-08-01T03:51:40.108+0000] GC(1637)   Post Evacuate Collection Set: 1.1ms
[2025-08-01T03:51:40.108+0000] GC(1637)   Other: 0.1ms
[2025-08-01T03:51:40.108+0000] GC(1637) Eden regions: 227->0(181)
[2025-08-01T03:51:40.108+0000] GC(1637) Survivor regions: 44->34(34)
[2025-08-01T03:51:40.108+0000] GC(1637) Old regions: 1281->1447
[2025-08-01T03:51:40.108+0000] GC(1637) Humongous regions: 0->0
[2025-08-01T03:51:40.108+0000] GC(1637) Metaspace: 10593K(10816K)->10593K(10816K) NonClass: 9335K(9472K)->9335K(9472K) Class: 1258K(1344K)->1258K(1344K)
[2025-08-01T03:51:40.108+0000] GC(1637) Pause Young (Prepare Mixed) (G1 Evacuation Pause) 3103M->2960M(4096M) 65.770ms
[2025-08-01T03:51:40.108+0000] GC(1637) User=0.51s Sys=0.00s Real=0.07s
[2025-08-01T03:51:40.184+0000] GC(1638) Pause Young (Mixed) (G1 Evacuation Pause)
[2025-08-01T03:51:40.185+0000] GC(1638) Using 8 workers of 8 for evacuation
[2025-08-01T03:51:40.249+0000] GC(1638)   Pre Evacuate Collection Set: 0.5ms
[2025-08-01T03:51:40.249+0000] GC(1638)   Merge Heap Roots: 0.2ms
[2025-08-01T03:51:40.249+0000] GC(1638)   Evacuate Collection Set: 62.4ms
[2025-08-01T03:51:40.249+0000] GC(1638)   Post Evacuate Collection Set: 1.4ms
[2025-08-01T03:51:40.249+0000] GC(1638)   Other: 0.1ms
[2025-08-01T03:51:40.249+0000] GC(1638) Eden regions: 181->0(134)
[2025-08-01T03:51:40.249+0000] GC(1638) Survivor regions: 34->27(27)
[2025-08-01T03:51:40.249+0000] GC(1638) Old regions: 1447->1596
[2025-08-01T03:51:40.249+0000] GC(1638) Humongous regions: 0->0
[2025-08-01T03:51:40.249+0000] GC(1638) Metaspace: 10593K(10816K)->10593K(10816K) NonClass: 9335K(9472K)->9335K(9472K) Class: 1258K(1344K)->1258K(1344K)
[2025-08-01T03:51:40.249+0000] GC(1638) Pause Young (Mixed) (G1 Evacuation Pause) 3322M->3244M(4096M) 64.932ms
[2025-08-01T03:51:40.249+0000] GC(1638) User=0.48s Sys=0.01s Real=0.06s
[2025-08-01T03:51:40.320+0000] GC(1639) Pause Young (Concurrent Start) (G1 Evacuation Pause)
[2025-08-01T03:51:40.320+0000] GC(1639) Using 8 workers of 8 for evacuation
[2025-08-01T03:51:40.385+0000] GC(1639)   Pre Evacuate Collection Set: 1.6ms
[2025-08-01T03:51:40.385+0000] GC(1639)   Merge Heap Roots: 0.2ms
[2025-08-01T03:51:40.385+0000] GC(1639)   Evacuate Collection Set: 61.7ms
[2025-08-01T03:51:40.385+0000] GC(1639)   Post Evacuate Collection Set: 1.1ms
[2025-08-01T03:51:40.385+0000] GC(1639)   Other: 0.3ms
[2025-08-01T03:51:40.385+0000] GC(1639) Eden regions: 134->0(89)
[2025-08-01T03:51:40.385+0000] GC(1639) Survivor regions: 27->21(21)
[2025-08-01T03:51:40.385+0000] GC(1639) Old regions: 1596->1738
[2025-08-01T03:51:40.385+0000] GC(1639) Humongous regions: 0->0
[2025-08-01T03:51:40.385+0000] GC(1639) Metaspace: 10593K(10816K)->10593K(10816K) NonClass: 9335K(9472K)->9335K(9472K) Class: 1258K(1344K)->1258K(1344K)
[2025-08-01T03:51:40.385+0000] GC(1639) Pause Young (Concurrent Start) (G1 Evacuation Pause) 3512M->3516M(4096M) 65.188ms
[2025-08-01T03:51:40.385+0000] GC(1639) User=0.47s Sys=0.01s Real=0.07s
[2025-08-01T03:51:40.385+0000] GC(1640) Concurrent Mark Cycle
[2025-08-01T03:51:40.385+0000] GC(1640) Concurrent Scan Root Regions
[2025-08-01T03:51:40.407+0000] GC(1641) Pause Young (Normal) (G1 Evacuation Pause)
[2025-08-01T03:51:40.407+0000] GC(1641) Using 8 workers of 8 for evacuation
[2025-08-01T03:51:40.418+0000] GC(1640) Concurrent Scan Root Regions 32.633ms
[2025-08-01T03:51:40.418+0000] GC(1640) Concurrent Mark
[2025-08-01T03:51:40.418+0000] GC(1640) Concurrent Mark From Roots
[2025-08-01T03:51:40.418+0000] GC(1640) Using 2 workers of 2 for marking
[2025-08-01T03:51:40.453+0000] GC(1641)   Pre Evacuate Collection Set: 0.8ms
[2025-08-01T03:51:40.453+0000] GC(1641)   Merge Heap Roots: 0.3ms
[2025-08-01T03:51:40.453+0000] GC(1641)   Evacuate Collection Set: 32.7ms
[2025-08-01T03:51:40.453+0000] GC(1641)   Post Evacuate Collection Set: 1.0ms
[2025-08-01T03:51:40.453+0000] GC(1641)   Other: 0.2ms
[2025-08-01T03:51:40.453+0000] GC(1641) Eden regions: 89->0(88)
[2025-08-01T03:51:40.453+0000] GC(1641) Survivor regions: 21->14(14)
[2025-08-01T03:51:40.453+0000] GC(1641) Old regions: 1738->1836
[2025-08-01T03:51:40.453+0000] GC(1641) Humongous regions: 0->0
[2025-08-01T03:51:40.453+0000] GC(1641) Metaspace: 10593K(10816K)->10593K(10816K) NonClass: 9335K(9472K)->9335K(9472K) Class: 1258K(1344K)->1258K(1344K)
[2025-08-01T03:51:40.453+0000] GC(1641) Pause Young (Normal) (G1 Evacuation Pause) 3694M->3698M(4096M) 45.722ms
[2025-08-01T03:51:40.453+0000] GC(1641) User=0.28s Sys=0.00s Real=0.05s
[2025-08-01T03:51:40.476+0000] GC(1642) Pause Young (Normal) (G1 Evacuation Pause)
[2025-08-01T03:51:40.476+0000] GC(1642) Using 8 workers of 8 for evacuation
[2025-08-01T03:51:40.498+0000] GC(1642)   Pre Evacuate Collection Set: 0.7ms
[2025-08-01T03:51:40.498+0000] GC(1642)   Merge Heap Roots: 0.2ms
[2025-08-01T03:51:40.498+0000] GC(1642)   Evacuate Collection Set: 20.1ms
[2025-08-01T03:51:40.498+0000] GC(1642)   Post Evacuate Collection Set: 0.9ms
[2025-08-01T03:51:40.498+0000] GC(1642)   Other: 0.1ms
[2025-08-01T03:51:40.498+0000] GC(1642) Eden regions: 88->0(89)
[2025-08-01T03:51:40.498+0000] GC(1642) Survivor regions: 14->13(13)
[2025-08-01T03:51:40.498+0000] GC(1642) Old regions: 1836->1893
[2025-08-01T03:51:40.498+0000] GC(1642) Humongous regions: 0->0
[2025-08-01T03:51:40.498+0000] GC(1642) Metaspace: 10593K(10816K)->10593K(10816K) NonClass: 9335K(9472K)->9335K(9472K) Class: 1258K(1344K)->1258K(1344K)
[2025-08-01T03:51:40.499+0000] GC(1642) Pause Young (Normal) (G1 Evacuation Pause) 3874M->3811M(4096M) 22.336ms
[2025-08-01T03:51:40.499+0000] GC(1642) User=0.16s Sys=0.00s Real=0.02s
[2025-08-01T03:51:40.533+0000] GC(1643) Pause Young (Normal) (G1 Evacuation Pause)
[2025-08-01T03:51:40.533+0000] GC(1643) Using 8 workers of 8 for evacuation
[2025-08-01T03:51:40.559+0000] GC(1643)   Pre Evacuate Collection Set: 0.6ms
[2025-08-01T03:51:40.559+0000] GC(1643)   Merge Heap Roots: 0.1ms
[2025-08-01T03:51:40.559+0000] GC(1643)   Evacuate Collection Set: 21.1ms
[2025-08-01T03:51:40.559+0000] GC(1643)   Post Evacuate Collection Set: 3.9ms
[2025-08-01T03:51:40.559+0000] GC(1643)   Other: 0.1ms
[2025-08-01T03:51:40.559+0000] GC(1643) Eden regions: 89->0(4)
[2025-08-01T03:51:40.559+0000] GC(1643) Survivor regions: 13->13(13)
[2025-08-01T03:51:40.559+0000] GC(1643) Old regions: 1893->2018
[2025-08-01T03:51:40.559+0000] GC(1643) Humongous regions: 0->0
[2025-08-01T03:51:40.559+0000] GC(1643) Metaspace: 10593K(10816K)->10593K(10816K) NonClass: 9335K(9472K)->9335K(9472K) Class: 1258K(1344K)->1258K(1344K)
[2025-08-01T03:51:40.559+0000] GC(1643) Pause Young (Normal) (G1 Evacuation Pause) (Evacuation Failure) 3989M->4061M(4096M) 26.040ms
[2025-08-01T03:51:40.559+0000] GC(1643) User=0.19s Sys=0.00s Real=0.02s
[2025-08-01T03:51:40.564+0000] GC(1644) Pause Young (Normal) (G1 Evacuation Pause)
[2025-08-01T03:51:40.564+0000] GC(1644) Using 8 workers of 8 for evacuation
[2025-08-01T03:51:40.572+0000] GC(1644)   Pre Evacuate Collection Set: 0.8ms
[2025-08-01T03:51:40.572+0000] GC(1644)   Merge Heap Roots: 0.2ms
[2025-08-01T03:51:40.572+0000] GC(1644)   Evacuate Collection Set: 5.6ms
[2025-08-01T03:51:40.572+0000] GC(1644)   Post Evacuate Collection Set: 1.0ms
[2025-08-01T03:51:40.572+0000] GC(1644)   Other: 0.1ms
[2025-08-01T03:51:40.572+0000] GC(1644) Eden regions: 4->0(3)
[2025-08-01T03:51:40.572+0000] GC(1644) Survivor regions: 13->3(3)
[2025-08-01T03:51:40.572+0000] GC(1644) Old regions: 2018->2039
[2025-08-01T03:51:40.572+0000] GC(1644) Humongous regions: 0->0
[2025-08-01T03:51:40.572+0000] GC(1644) Metaspace: 10593K(10816K)->10593K(10816K) NonClass: 9335K(9472K)->9335K(9472K) Class: 1258K(1344K)->1258K(1344K)
[2025-08-01T03:51:40.572+0000] GC(1644) Pause Young (Normal) (G1 Evacuation Pause) (Evacuation Failure) 4069M->4083M(4096M) 7.989ms
[2025-08-01T03:51:40.572+0000] GC(1644) User=0.05s Sys=0.00s Real=0.00s
[2025-08-01T03:51:40.573+0000] GC(1645) Pause Young (Normal) (G1 Evacuation Pause)
[2025-08-01T03:51:40.573+0000] GC(1645) Using 8 workers of 8 for evacuation
[2025-08-01T03:51:40.577+0000] GC(1645)   Pre Evacuate Collection Set: 0.7ms
[2025-08-01T03:51:40.577+0000] GC(1645)   Merge Heap Roots: 0.2ms
[2025-08-01T03:51:40.577+0000] GC(1645)   Evacuate Collection Set: 1.7ms
[2025-08-01T03:51:40.577+0000] GC(1645)   Post Evacuate Collection Set: 0.8ms
[2025-08-01T03:51:40.577+0000] GC(1645)   Other: 0.1ms
[2025-08-01T03:51:40.577+0000] GC(1645) Eden regions: 3->0(0)
[2025-08-01T03:51:40.577+0000] GC(1645) Survivor regions: 3->1(1)
[2025-08-01T03:51:40.577+0000] GC(1645) Old regions: 2039->2047
[2025-08-01T03:51:40.577+0000] GC(1645) Humongous regions: 0->0
[2025-08-01T03:51:40.577+0000] GC(1645) Metaspace: 10593K(10816K)->10593K(10816K) NonClass: 9335K(9472K)->9335K(9472K) Class: 1258K(1344K)->1258K(1344K)
[2025-08-01T03:51:40.577+0000] GC(1645) Pause Young (Normal) (G1 Evacuation Pause) (Evacuation Failure) 4089M->4095M(4096M) 3.754ms
[2025-08-01T03:51:40.577+0000] GC(1645) User=0.01s Sys=0.00s Real=0.00s
[2025-08-01T03:51:40.577+0000] Attempting full compaction
[2025-08-01T03:51:40.577+0000] GC(1646) Pause Full (G1 Compaction Pause)
[2025-08-01T03:51:40.577+0000] GC(1646) Using 8 workers of 8 for full compaction
[2025-08-01T03:51:40.582+0000] GC(1646) Phase 1: Mark live objects
[2025-08-01T03:51:40.614+0000] GC(1646) Phase 1: Mark live objects 32.416ms
[2025-08-01T03:51:40.614+0000] GC(1646) Phase 2: Prepare compaction
[2025-08-01T03:51:40.633+0000] GC(1646) Phase 2: Prepare compaction 18.287ms
[2025-08-01T03:51:40.633+0000] GC(1646) Phase 3: Adjust pointers
[2025-08-01T03:51:40.664+0000] GC(1646) Phase 3: Adjust pointers 30.736ms
[2025-08-01T03:51:40.664+0000] GC(1646) Phase 4: Compact heap
[2025-08-01T03:51:40.718+0000] GC(1646) Phase 4: Compact heap 53.820ms
[2025-08-01T03:51:40.718+0000] GC(1646) Phase 5: Reset Metadata
[2025-08-01T03:51:40.741+0000] GC(1646) Phase 5: Reset Metadata 22.956ms
[2025-08-01T03:51:40.748+0000] GC(1646) Eden regions: 0->0(528)
[2025-08-01T03:51:40.748+0000] GC(1646) Survivor regions: 1->0(1)
[2025-08-01T03:51:40.748+0000] GC(1646) Old regions: 2047->390
[2025-08-01T03:51:40.748+0000] GC(1646) Humongous regions: 0->0
[2025-08-01T03:51:40.748+0000] GC(1646) Metaspace: 10593K(10816K)->10593K(10816K) NonClass: 9335K(9472K)->9335K(9472K) Class: 1258K(1344K)->1258K(1344K)
[2025-08-01T03:51:40.749+0000] GC(1646) Pause Full (G1 Compaction Pause) 4095M->772M(4096M) 171.503ms
[2025-08-01T03:51:40.749+0000] GC(1646) User=1.26s Sys=0.01s Real=0.17s
[2025-08-01T03:51:40.749+0000] GC(1640) Concurrent Mark From Roots 331.135ms
[2025-08-01T03:51:40.749+0000] GC(1640) Concurrent Mark Abort
[2025-08-01T03:51:40.749+0000] GC(1640) Concurrent Mark Cycle 364.026ms
[2025-08-01T03:51:40.977+0000] GC(1647) Pause Young (Normal) (G1 Evacuation Pause)
[2025-08-01T03:51:40.977+0000] GC(1647) Using 8 workers of 8 for evacuation
[2025-08-01T03:51:41.176+0000] GC(1647)   Pre Evacuate Collection Set: 0.8ms
[2025-08-01T03:51:41.176+0000] GC(1647)   Merge Heap Roots: 0.9ms
[2025-08-01T03:51:41.176+0000] GC(1647)   Evacuate Collection Set: 194.6ms
[2025-08-01T03:51:41.176+0000] GC(1647)   Post Evacuate Collection Set: 1.5ms
[2025-08-01T03:51:41.176+0000] GC(1647)   Other: 0.4ms
[2025-08-01T03:51:41.176+0000] GC(1647) Eden regions: 528->0(425)
[2025-08-01T03:51:41.176+0000] GC(1647) Survivor regions: 0->66(66)
[2025-08-01T03:51:41.176+0000] GC(1647) Old regions: 390->679
[2025-08-01T03:51:41.176+0000] GC(1647) Humongous regions: 0->0
[2025-08-01T03:51:41.176+0000] GC(1647) Metaspace: 10593K(10816K)->10593K(10816K) NonClass: 9335K(9472K)->9335K(9472K) Class: 1258K(1344K)->1258K(1344K)
[2025-08-01T03:51:41.176+0000] GC(1647) Pause Young (Normal) (G1 Evacuation Pause) 1828M->1482M(4096M) 198.642ms
[2025-08-01T03:51:41.176+0000] GC(1647) User=1.35s Sys=0.10s Real=0.20s
[2025-08-01T03:51:41.344+0000] GC(1648) Pause Young (Concurrent Start) (G1 Evacuation Pause)
[2025-08-01T03:51:41.344+0000] GC(1648) Using 8 workers of 8 for evacuation
[2025-08-01T03:51:41.560+0000] GC(1648) MMU target violated: 201.0ms (200.0ms/201.0ms)
[2025-08-01T03:51:41.560+0000] GC(1648)   Pre Evacuate Collection Set: 1.2ms
[2025-08-01T03:51:41.560+0000] GC(1648)   Merge Heap Roots: 0.4ms
[2025-08-01T03:51:41.560+0000] GC(1648)   Evacuate Collection Set: 211.8ms
[2025-08-01T03:51:41.560+0000] GC(1648)   Post Evacuate Collection Set: 2.2ms
[2025-08-01T03:51:41.560+0000] GC(1648)   Other: 0.6ms
[2025-08-01T03:51:41.560+0000] GC(1648) Eden regions: 425->0(314)
[2025-08-01T03:51:41.560+0000] GC(1648) Survivor regions: 66->62(62)
[2025-08-01T03:51:41.560+0000] GC(1648) Old regions: 679->894
[2025-08-01T03:51:41.560+0000] GC(1648) Humongous regions: 0->0
[2025-08-01T03:51:41.560+0000] GC(1648) Metaspace: 10593K(10816K)->10593K(10816K) NonClass: 9335K(9472K)->9335K(9472K) Class: 1258K(1344K)->1258K(1344K)
[2025-08-01T03:51:41.560+0000] GC(1648) Pause Young (Concurrent Start) (G1 Evacuation Pause) 2332M->1903M(4096M) 216.516ms
[2025-08-01T03:51:41.560+0000] GC(1648) User=1.61s Sys=0.07s Real=0.21s
[2025-08-01T03:51:41.560+0000] GC(1649) Concurrent Mark Cycle
[2025-08-01T03:51:41.560+0000] GC(1649) Concurrent Scan Root Regions
[2025-08-01T03:51:41.622+0000] GC(1649) Concurrent Scan Root Regions 61.363ms
[2025-08-01T03:51:41.622+0000] GC(1649) Concurrent Mark
[2025-08-01T03:51:41.622+0000] GC(1649) Concurrent Mark From Roots
[2025-08-01T03:51:41.622+0000] GC(1649) Using 2 workers of 2 for marking
[2025-08-01T03:51:41.679+0000] GC(1649) Concurrent Mark From Roots 57.219ms
[2025-08-01T03:51:41.679+0000] GC(1649) Concurrent Preclean
[2025-08-01T03:51:41.679+0000] GC(1649) Concurrent Preclean 0.023ms
[2025-08-01T03:51:41.679+0000] GC(1649) Pause Remark
[2025-08-01T03:51:41.684+0000] GC(1649) Pause Remark 2497M->1640M(4096M) 4.285ms
[2025-08-01T03:51:41.684+0000] GC(1649) User=0.02s Sys=0.00s Real=0.01s
[2025-08-01T03:51:41.684+0000] GC(1649) Concurrent Mark 62.072ms
[2025-08-01T03:51:41.684+0000] GC(1649) Concurrent Rebuild Remembered Sets and Scrub Regions
[2025-08-01T03:51:41.713+0000] GC(1650) Pause Young (Normal) (G1 Evacuation Pause)
[2025-08-01T03:51:41.713+0000] GC(1650) Using 8 workers of 8 for evacuation
[2025-08-01T03:51:41.801+0000] GC(1650)   Pre Evacuate Collection Set: 0.8ms
[2025-08-01T03:51:41.801+0000] GC(1650)   Merge Heap Roots: 0.3ms
[2025-08-01T03:51:41.801+0000] GC(1650)   Evacuate Collection Set: 85.4ms
[2025-08-01T03:51:41.801+0000] GC(1650)   Post Evacuate Collection Set: 1.2ms
[2025-08-01T03:51:41.801+0000] GC(1650)   Other: 0.2ms
[2025-08-01T03:51:41.801+0000] GC(1650) Eden regions: 314->0(381)
[2025-08-01T03:51:41.801+0000] GC(1650) Survivor regions: 62->47(47)
[2025-08-01T03:51:41.801+0000] GC(1650) Old regions: 462->652
[2025-08-01T03:51:41.801+0000] GC(1650) Humongous regions: 0->0
[2025-08-01T03:51:41.801+0000] GC(1650) Metaspace: 10593K(10816K)->10593K(10816K) NonClass: 9335K(9472K)->9335K(9472K) Class: 1258K(1344K)->1258K(1344K)
[2025-08-01T03:51:41.801+0000] GC(1650) Pause Young (Normal) (G1 Evacuation Pause) 1674M->1396M(4096M) 88.174ms
[2025-08-01T03:51:41.801+0000] GC(1650) User=0.66s Sys=0.02s Real=0.08s
[2025-08-01T03:51:41.860+0000] GC(1649) Concurrent Rebuild Remembered Sets and Scrub Regions 175.852ms
[2025-08-01T03:51:41.860+0000] GC(1649) Pause Cleanup
[2025-08-01T03:51:41.861+0000] GC(1649) Pause Cleanup 1725M->1725M(4096M) 0.737ms
[2025-08-01T03:51:41.861+0000] GC(1649) User=0.01s Sys=0.00s Real=0.00s
[2025-08-01T03:51:41.861+0000] GC(1649) Concurrent Clear Claimed Marks
[2025-08-01T03:51:41.861+0000] GC(1649) Concurrent Clear Claimed Marks 0.051ms
[2025-08-01T03:51:41.861+0000] GC(1649) Concurrent Cleanup for Next Mark
[2025-08-01T03:51:41.869+0000] GC(1649) Concurrent Cleanup for Next Mark 7.589ms
[2025-08-01T03:51:41.869+0000] GC(1649) Concurrent Mark Cycle 308.574ms
[2025-08-01T03:51:41.958+0000] GC(1651) Pause Young (Prepare Mixed) (G1 Evacuation Pause)
[2025-08-01T03:51:41.958+0000] GC(1651) Using 8 workers of 8 for evacuation
[2025-08-01T03:51:42.148+0000] GC(1651)   Pre Evacuate Collection Set: 0.6ms
[2025-08-01T03:51:42.148+0000] GC(1651)   Merge Heap Roots: 0.2ms
[2025-08-01T03:51:42.148+0000] GC(1651)   Evacuate Collection Set: 188.0ms
[2025-08-01T03:51:42.148+0000] GC(1651)   Post Evacuate Collection Set: 1.6ms
[2025-08-01T03:51:42.148+0000] GC(1651)   Other: 0.2ms
[2025-08-01T03:51:42.148+0000] GC(1651) Eden regions: 381->0(313)
[2025-08-01T03:51:42.148+0000] GC(1651) Survivor regions: 47->54(54)
[2025-08-01T03:51:42.148+0000] GC(1651) Old regions: 652->1027
[2025-08-01T03:51:42.148+0000] GC(1651) Humongous regions: 0->0
[2025-08-01T03:51:42.148+0000] GC(1651) Metaspace: 10593K(10816K)->10593K(10816K) NonClass: 9335K(9472K)->9335K(9472K) Class: 1258K(1344K)->1258K(1344K)
[2025-08-01T03:51:42.149+0000] GC(1651) Pause Young (Prepare Mixed) (G1 Evacuation Pause) 2158M->2161M(4096M) 190.842ms
[2025-08-01T03:51:42.149+0000] GC(1651) User=1.42s Sys=0.05s Real=0.19s
[2025-08-01T03:51:42.249+0000] GC(1652) Pause Young (Mixed) (G1 Evacuation Pause)
[2025-08-01T03:51:42.250+0000] GC(1652) Using 8 workers of 8 for evacuation
[2025-08-01T03:51:42.369+0000] GC(1652)   Pre Evacuate Collection Set: 0.9ms
[2025-08-01T03:51:42.369+0000] GC(1652)   Merge Heap Roots: 0.2ms
[2025-08-01T03:51:42.369+0000] GC(1652)   Evacuate Collection Set: 116.3ms
[2025-08-01T03:51:42.369+0000] GC(1652)   Post Evacuate Collection Set: 1.9ms
[2025-08-01T03:51:42.369+0000] GC(1652)   Other: 0.1ms
[2025-08-01T03:51:42.369+0000] GC(1652) Eden regions: 313->0(244)
[2025-08-01T03:51:42.369+0000] GC(1652) Survivor regions: 54->46(46)
[2025-08-01T03:51:42.369+0000] GC(1652) Old regions: 1027->1243
[2025-08-01T03:51:42.369+0000] GC(1652) Humongous regions: 0->0
[2025-08-01T03:51:42.369+0000] GC(1652) Metaspace: 10593K(10816K)->10593K(10816K) NonClass: 9335K(9472K)->9335K(9472K) Class: 1258K(1344K)->1258K(1344K)
[2025-08-01T03:51:42.369+0000] GC(1652) Pause Young (Mixed) (G1 Evacuation Pause) 2787M->2577M(4096M) 119.831ms
[2025-08-01T03:51:42.369+0000] GC(1652) User=0.90s Sys=0.02s Real=0.12s
[2025-08-01T03:51:42.508+0000] GC(1653) Pause Young (Concurrent Start) (G1 Evacuation Pause)
[2025-08-01T03:51:42.509+0000] GC(1653) Using 8 workers of 8 for evacuation
[2025-08-01T03:51:42.686+0000] GC(1653)   Pre Evacuate Collection Set: 4.9ms
[2025-08-01T03:51:42.686+0000] GC(1653)   Merge Heap Roots: 0.7ms
[2025-08-01T03:51:42.686+0000] GC(1653)   Evacuate Collection Set: 168.8ms
[2025-08-01T03:51:42.686+0000] GC(1653)   Post Evacuate Collection Set: 1.7ms
[2025-08-01T03:51:42.686+0000] GC(1653)   Other: 0.8ms
[2025-08-01T03:51:42.686+0000] GC(1653) Eden regions: 244->0(190)
[2025-08-01T03:51:42.686+0000] GC(1653) Survivor regions: 46->37(37)
[2025-08-01T03:51:42.686+0000] GC(1653) Old regions: 1243->1424
[2025-08-01T03:51:42.686+0000] GC(1653) Humongous regions: 0->0
[2025-08-01T03:51:42.686+0000] GC(1653) Metaspace: 10593K(10816K)->10593K(10816K) NonClass: 9335K(9472K)->9335K(9472K) Class: 1258K(1344K)->1258K(1344K)
[2025-08-01T03:51:42.686+0000] GC(1653) Pause Young (Concurrent Start) (G1 Evacuation Pause) 3065M->2920M(4096M) 177.731ms
[2025-08-01T03:51:42.686+0000] GC(1653) User=1.28s Sys=0.05s Real=0.18s
[2025-08-01T03:51:42.686+0000] GC(1654) Concurrent Mark Cycle
[2025-08-01T03:51:42.686+0000] GC(1654) Concurrent Scan Root Regions
[2025-08-01T03:51:42.766+0000] GC(1654) Concurrent Scan Root Regions 80.157ms
[2025-08-01T03:51:42.766+0000] GC(1654) Concurrent Mark
[2025-08-01T03:51:42.766+0000] GC(1654) Concurrent Mark From Roots
[2025-08-01T03:51:42.766+0000] GC(1654) Using 2 workers of 2 for marking
[2025-08-01T03:51:42.801+0000] GC(1655) Pause Young (Normal) (G1 Evacuation Pause)
[2025-08-01T03:51:42.801+0000] GC(1655) Using 8 workers of 8 for evacuation
[2025-08-01T03:51:42.875+0000] GC(1655)   Pre Evacuate Collection Set: 0.8ms
[2025-08-01T03:51:42.875+0000] GC(1655)   Merge Heap Roots: 0.2ms
[2025-08-01T03:51:42.875+0000] GC(1655)   Evacuate Collection Set: 71.9ms
[2025-08-01T03:51:42.876+0000] GC(1655)   Post Evacuate Collection Set: 1.2ms
[2025-08-01T03:51:42.876+0000] GC(1655)   Other: 0.1ms
[2025-08-01T03:51:42.876+0000] GC(1655) Eden regions: 190->0(124)
[2025-08-01T03:51:42.876+0000] GC(1655) Survivor regions: 37->29(29)
[2025-08-01T03:51:42.876+0000] GC(1655) Old regions: 1424->1623
[2025-08-01T03:51:42.876+0000] GC(1655) Humongous regions: 0->0
[2025-08-01T03:51:42.876+0000] GC(1655) Metaspace: 10593K(10816K)->10593K(10816K) NonClass: 9335K(9472K)->9335K(9472K) Class: 1258K(1344K)->1258K(1344K)
[2025-08-01T03:51:42.876+0000] GC(1655) Pause Young (Normal) (G1 Evacuation Pause) 3300M->3303M(4096M) 74.554ms
[2025-08-01T03:51:42.876+0000] GC(1655) User=0.56s Sys=0.00s Real=0.08s
[2025-08-01T03:51:42.885+0000] GC(1654) Concurrent Mark From Roots 118.092ms
[2025-08-01T03:51:42.885+0000] GC(1654) Concurrent Preclean
[2025-08-01T03:51:42.885+0000] GC(1654) Concurrent Preclean 0.032ms
[2025-08-01T03:51:42.885+0000] GC(1654) Pause Remark
[2025-08-01T03:51:42.888+0000] GC(1654) Pause Remark 3399M->1253M(4096M) 3.226ms
[2025-08-01T03:51:42.888+0000] GC(1654) User=0.01s Sys=0.00s Real=0.00s
[2025-08-01T03:51:42.888+0000] GC(1654) Concurrent Mark 122.081ms
[2025-08-01T03:51:42.889+0000] GC(1654) Concurrent Rebuild Remembered Sets and Scrub Regions
[2025-08-01T03:51:42.902+0000] GC(1656) Pause Young (Normal) (G1 Evacuation Pause)
[2025-08-01T03:51:42.902+0000] GC(1656) Using 8 workers of 8 for evacuation
[2025-08-01T03:51:42.952+0000] GC(1656)   Pre Evacuate Collection Set: 0.5ms
[2025-08-01T03:51:42.952+0000] GC(1656)   Merge Heap Roots: 0.1ms
[2025-08-01T03:51:42.952+0000] GC(1656)   Evacuate Collection Set: 48.1ms
[2025-08-01T03:51:42.952+0000] GC(1656)   Post Evacuate Collection Set: 1.0ms
[2025-08-01T03:51:42.952+0000] GC(1656)   Other: 0.1ms
[2025-08-01T03:51:42.952+0000] GC(1656) Eden regions: 124->0(402)
[2025-08-01T03:51:42.952+0000] GC(1656) Survivor regions: 29->20(20)
[2025-08-01T03:51:42.952+0000] GC(1656) Old regions: 550->685
[2025-08-01T03:51:42.952+0000] GC(1656) Humongous regions: 0->0
[2025-08-01T03:51:42.952+0000] GC(1656) Metaspace: 10593K(10816K)->10593K(10816K) NonClass: 9335K(9472K)->9335K(9472K) Class: 1258K(1344K)->1258K(1344K)
[2025-08-01T03:51:42.953+0000] GC(1656) Pause Young (Normal) (G1 Evacuation Pause) 1405M->1408M(4096M) 50.180ms
[2025-08-01T03:51:42.953+0000] GC(1656) User=0.38s Sys=0.00s Real=0.05s
[2025-08-01T03:51:43.053+0000] GC(1654) Concurrent Rebuild Remembered Sets and Scrub Regions 164.719ms
[2025-08-01T03:51:43.053+0000] GC(1654) Pause Cleanup
[2025-08-01T03:51:43.054+0000] GC(1654) Pause Cleanup 1855M->1855M(4096M) 1.018ms
[2025-08-01T03:51:43.054+0000] GC(1654) User=0.00s Sys=0.00s Real=0.00s
[2025-08-01T03:51:43.055+0000] GC(1654) Concurrent Clear Claimed Marks
[2025-08-01T03:51:43.055+0000] GC(1654) Concurrent Clear Claimed Marks 0.032ms
[2025-08-01T03:51:43.055+0000] GC(1654) Concurrent Cleanup for Next Mark
[2025-08-01T03:51:43.063+0000] GC(1654) Concurrent Cleanup for Next Mark 8.840ms
[2025-08-01T03:51:43.063+0000] GC(1654) Concurrent Mark Cycle 377.335ms
[2025-08-01T03:51:43.124+0000] GC(1657) Pause Young (Prepare Mixed) (G1 Evacuation Pause)
[2025-08-01T03:51:43.124+0000] GC(1657) Using 8 workers of 8 for evacuation
[2025-08-01T03:51:43.212+0000] GC(1657)   Pre Evacuate Collection Set: 1.5ms
[2025-08-01T03:51:43.212+0000] GC(1657)   Merge Heap Roots: 0.4ms
[2025-08-01T03:51:43.212+0000] GC(1657)   Evacuate Collection Set: 84.7ms
[2025-08-01T03:51:43.212+0000] GC(1657)   Post Evacuate Collection Set: 1.0ms
[2025-08-01T03:51:43.212+0000] GC(1657)   Other: 0.1ms
[2025-08-01T03:51:43.212+0000] GC(1657) Eden regions: 400->0(393)
[2025-08-01T03:51:43.212+0000] GC(1657) Survivor regions: 20->53(53)
[2025-08-01T03:51:43.212+0000] GC(1657) Old regions: 685->860
[2025-08-01T03:51:43.212+0000] GC(1657) Humongous regions: 0->0
[2025-08-01T03:51:43.212+0000] GC(1657) Metaspace: 10593K(10816K)->10593K(10816K) NonClass: 9335K(9472K)->9335K(9472K) Class: 1258K(1344K)->1258K(1344K)
[2025-08-01T03:51:43.212+0000] GC(1657) Pause Young (Prepare Mixed) (G1 Evacuation Pause) 2208M->1825M(4096M) 87.970ms
[2025-08-01T03:51:43.212+0000] GC(1657) User=0.61s Sys=0.03s Real=0.08s
[2025-08-01T03:51:43.376+0000] GC(1658) Pause Young (Mixed) (G1 Evacuation Pause)
[2025-08-01T03:51:43.376+0000] GC(1658) Using 8 workers of 8 for evacuation
[2025-08-01T03:51:43.534+0000] GC(1658)   Pre Evacuate Collection Set: 0.7ms
[2025-08-01T03:51:43.534+0000] GC(1658)   Merge Heap Roots: 0.3ms
[2025-08-01T03:51:43.534+0000] GC(1658)   Evacuate Collection Set: 155.4ms
[2025-08-01T03:51:43.534+0000] GC(1658)   Post Evacuate Collection Set: 1.1ms
[2025-08-01T03:51:43.534+0000] GC(1658)   Other: 0.1ms
[2025-08-01T03:51:43.534+0000] GC(1658) Eden regions: 393->0(266)
[2025-08-01T03:51:43.534+0000] GC(1658) Survivor regions: 53->56(56)
[2025-08-01T03:51:43.534+0000] GC(1658) Old regions: 860->1165
[2025-08-01T03:51:43.534+0000] GC(1658) Humongous regions: 0->0
[2025-08-01T03:51:43.534+0000] GC(1658) Metaspace: 10593K(10816K)->10593K(10816K) NonClass: 9335K(9472K)->9335K(9472K) Class: 1258K(1344K)->1258K(1344K)
[2025-08-01T03:51:43.534+0000] GC(1658) Pause Young (Mixed) (G1 Evacuation Pause) 2611M->2440M(4096M) 157.872ms
[2025-08-01T03:51:43.534+0000] GC(1658) User=1.18s Sys=0.04s Real=0.16s
[2025-08-01T03:51:43.628+0000] GC(1659) Pause Young (Concurrent Start) (G1 Evacuation Pause)
[2025-08-01T03:51:43.628+0000] GC(1659) Using 8 workers of 8 for evacuation
[2025-08-01T03:51:43.723+0000] GC(1659)   Pre Evacuate Collection Set: 0.9ms
[2025-08-01T03:51:43.723+0000] GC(1659)   Merge Heap Roots: 0.2ms
[2025-08-01T03:51:43.723+0000] GC(1659)   Evacuate Collection Set: 92.3ms
[2025-08-01T03:51:43.723+0000] GC(1659)   Post Evacuate Collection Set: 1.6ms
[2025-08-01T03:51:43.723+0000] GC(1659)   Other: 0.2ms
[2025-08-01T03:51:43.723+0000] GC(1659) Eden regions: 266->0(187)
[2025-08-01T03:51:43.723+0000] GC(1659) Survivor regions: 56->41(41)
[2025-08-01T03:51:43.723+0000] GC(1659) Old regions: 1165->1412
[2025-08-01T03:51:43.723+0000] GC(1659) Humongous regions: 0->0
[2025-08-01T03:51:43.723+0000] GC(1659) Metaspace: 10593K(10816K)->10593K(10816K) NonClass: 9335K(9472K)->9335K(9472K) Class: 1258K(1344K)->1258K(1344K)
[2025-08-01T03:51:43.723+0000] GC(1659) Pause Young (Concurrent Start) (G1 Evacuation Pause) 2972M->2905M(4096M) 95.680ms
[2025-08-01T03:51:43.723+0000] GC(1659) User=0.73s Sys=0.01s Real=0.10s
[2025-08-01T03:51:43.724+0000] GC(1660) Concurrent Mark Cycle
[2025-08-01T03:51:43.724+0000] GC(1660) Concurrent Scan Root Regions
[2025-08-01T03:51:43.783+0000] GC(1660) Concurrent Scan Root Regions 59.412ms
[2025-08-01T03:51:43.783+0000] GC(1660) Concurrent Mark
[2025-08-01T03:51:43.783+0000] GC(1660) Concurrent Mark From Roots
[2025-08-01T03:51:43.783+0000] GC(1660) Using 2 workers of 2 for marking
[2025-08-01T03:51:43.812+0000] GC(1661) Pause Young (Normal) (G1 Evacuation Pause)
[2025-08-01T03:51:43.812+0000] GC(1661) Using 8 workers of 8 for evacuation
[2025-08-01T03:51:43.895+0000] GC(1661)   Pre Evacuate Collection Set: 0.5ms
[2025-08-01T03:51:43.895+0000] GC(1661)   Merge Heap Roots: 0.6ms
[2025-08-01T03:51:43.895+0000] GC(1661)   Evacuate Collection Set: 80.1ms
[2025-08-01T03:51:43.895+0000] GC(1661)   Post Evacuate Collection Set: 1.1ms
[2025-08-01T03:51:43.895+0000] GC(1661)   Other: 0.1ms
[2025-08-01T03:51:43.895+0000] GC(1661) Eden regions: 187->0(135)
[2025-08-01T03:51:43.895+0000] GC(1661) Survivor regions: 41->29(29)
[2025-08-01T03:51:43.895+0000] GC(1661) Old regions: 1412->1588
[2025-08-01T03:51:43.895+0000] GC(1661) Humongous regions: 0->0
[2025-08-01T03:51:43.895+0000] GC(1661) Metaspace: 10593K(10816K)->10593K(10816K) NonClass: 9335K(9472K)->9335K(9472K) Class: 1258K(1344K)->1258K(1344K)
[2025-08-01T03:51:43.895+0000] GC(1661) Pause Young (Normal) (G1 Evacuation Pause) 3279M->3232M(4096M) 82.692ms
[2025-08-01T03:51:43.895+0000] GC(1661) User=0.59s Sys=0.03s Real=0.09s
[2025-08-01T03:51:43.968+0000] GC(1662) Pause Young (Normal) (G1 Evacuation Pause)
[2025-08-01T03:51:43.969+0000] GC(1662) Using 8 workers of 8 for evacuation
[2025-08-01T03:51:44.022+0000] GC(1662)   Pre Evacuate Collection Set: 0.8ms
[2025-08-01T03:51:44.022+0000] GC(1662)   Merge Heap Roots: 0.2ms
[2025-08-01T03:51:44.022+0000] GC(1662)   Evacuate Collection Set: 51.2ms
[2025-08-01T03:51:44.022+0000] GC(1662)   Post Evacuate Collection Set: 0.9ms
[2025-08-01T03:51:44.022+0000] GC(1662)   Other: 0.1ms
[2025-08-01T03:51:44.022+0000] GC(1662) Eden regions: 135->0(96)
[2025-08-01T03:51:44.022+0000] GC(1662) Survivor regions: 29->21(21)
[2025-08-01T03:51:44.022+0000] GC(1662) Old regions: 1588->1717
[2025-08-01T03:51:44.022+0000] GC(1662) Humongous regions: 0->0
[2025-08-01T03:51:44.022+0000] GC(1662) Metaspace: 10593K(10816K)->10593K(10816K) NonClass: 9335K(9472K)->9335K(9472K) Class: 1258K(1344K)->1258K(1344K)
[2025-08-01T03:51:44.022+0000] GC(1662) Pause Young (Normal) (G1 Evacuation Pause) 3502M->3474M(4096M) 53.539ms
[2025-08-01T03:51:44.022+0000] GC(1662) User=0.41s Sys=0.01s Real=0.05s
[2025-08-01T03:51:44.031+0000] GC(1660) Concurrent Mark From Roots 247.633ms
[2025-08-01T03:51:44.031+0000] GC(1660) Concurrent Preclean
[2025-08-01T03:51:44.031+0000] GC(1660) Concurrent Preclean 0.052ms
[2025-08-01T03:51:44.031+0000] GC(1660) Pause Remark
[2025-08-01T03:51:44.034+0000] GC(1660) Pause Remark 3578M->1988M(4096M) 2.624ms
[2025-08-01T03:51:44.034+0000] GC(1660) User=0.01s Sys=0.00s Real=0.01s
[2025-08-01T03:51:44.034+0000] GC(1660) Concurrent Mark 250.918ms
[2025-08-01T03:51:44.034+0000] GC(1660) Concurrent Rebuild Remembered Sets and Scrub Regions
[2025-08-01T03:51:44.043+0000] GC(1663) Pause Young (Normal) (G1 Evacuation Pause)
[2025-08-01T03:51:44.043+0000] GC(1663) Using 8 workers of 8 for evacuation
[2025-08-01T03:51:44.080+0000] GC(1663)   Pre Evacuate Collection Set: 0.7ms
[2025-08-01T03:51:44.080+0000] GC(1663)   Merge Heap Roots: 0.2ms
[2025-08-01T03:51:44.080+0000] GC(1663)   Evacuate Collection Set: 34.9ms
[2025-08-01T03:51:44.080+0000] GC(1663)   Post Evacuate Collection Set: 0.8ms
[2025-08-01T03:51:44.080+0000] GC(1663)   Other: 0.1ms
[2025-08-01T03:51:44.080+0000] GC(1663) Eden regions: 96->0(341)
[2025-08-01T03:51:44.080+0000] GC(1663) Survivor regions: 21->15(15)
[2025-08-01T03:51:44.080+0000] GC(1663) Old regions: 922->999
[2025-08-01T03:51:44.080+0000] GC(1663) Humongous regions: 0->0
[2025-08-01T03:51:44.080+0000] GC(1663) Metaspace: 10593K(10816K)->10593K(10816K) NonClass: 9335K(9472K)->9335K(9472K) Class: 1258K(1344K)->1258K(1344K)
[2025-08-01T03:51:44.080+0000] GC(1663) Pause Young (Normal) (G1 Evacuation Pause) 2076M->2027M(4096M) 37.106ms
[2025-08-01T03:51:44.080+0000] GC(1663) User=0.26s Sys=0.01s Real=0.03s
[2025-08-01T03:51:44.212+0000] GC(1664) Pause Young (Normal) (G1 Evacuation Pause)
[2025-08-01T03:51:44.213+0000] GC(1664) Using 8 workers of 8 for evacuation
[2025-08-01T03:51:44.297+0000] GC(1664)   Pre Evacuate Collection Set: 0.5ms
[2025-08-01T03:51:44.298+0000] GC(1664)   Merge Heap Roots: 0.1ms
[2025-08-01T03:51:44.298+0000] GC(1664)   Evacuate Collection Set: 83.0ms
[2025-08-01T03:51:44.298+0000] GC(1664)   Post Evacuate Collection Set: 1.1ms
[2025-08-01T03:51:44.298+0000] GC(1664)   Other: 0.2ms
[2025-08-01T03:51:44.298+0000] GC(1664) Eden regions: 341->0(257)
[2025-08-01T03:51:44.298+0000] GC(1664) Survivor regions: 15->45(45)
[2025-08-01T03:51:44.298+0000] GC(1664) Old regions: 999->1220
[2025-08-01T03:51:44.298+0000] GC(1664) Humongous regions: 0->0
[2025-08-01T03:51:44.298+0000] GC(1664) Metaspace: 10593K(10816K)->10593K(10816K) NonClass: 9335K(9472K)->9335K(9472K) Class: 1258K(1344K)->1258K(1344K)
[2025-08-01T03:51:44.298+0000] GC(1664) Pause Young (Normal) (G1 Evacuation Pause) 2709M->2529M(4096M) 85.262ms
[2025-08-01T03:51:44.298+0000] GC(1664) User=0.63s Sys=0.00s Real=0.09s
[2025-08-01T03:51:44.362+0000] GC(1660) Concurrent Rebuild Remembered Sets and Scrub Regions 327.812ms
[2025-08-01T03:51:44.362+0000] GC(1660) Pause Cleanup
[2025-08-01T03:51:44.363+0000] GC(1660) Pause Cleanup 2866M->2866M(4096M) 0.765ms
[2025-08-01T03:51:44.363+0000] GC(1660) User=0.00s Sys=0.00s Real=0.00s
[2025-08-01T03:51:44.363+0000] GC(1660) Concurrent Clear Claimed Marks
[2025-08-01T03:51:44.363+0000] GC(1660) Concurrent Clear Claimed Marks 0.036ms
[2025-08-01T03:51:44.363+0000] GC(1660) Concurrent Cleanup for Next Mark
[2025-08-01T03:51:44.372+0000] GC(1660) Concurrent Cleanup for Next Mark 8.919ms
[2025-08-01T03:51:44.372+0000] GC(1660) Concurrent Mark Cycle 648.292ms
[2025-08-01T03:51:44.394+0000] GC(1665) Pause Young (Prepare Mixed) (G1 Evacuation Pause)
[2025-08-01T03:51:44.394+0000] GC(1665) Using 8 workers of 8 for evacuation
[2025-08-01T03:51:44.491+0000] GC(1665)   Pre Evacuate Collection Set: 1.4ms
[2025-08-01T03:51:44.491+0000] GC(1665)   Merge Heap Roots: 0.2ms
[2025-08-01T03:51:44.491+0000] GC(1665)   Evacuate Collection Set: 94.0ms
[2025-08-01T03:51:44.491+0000] GC(1665)   Post Evacuate Collection Set: 1.1ms
[2025-08-01T03:51:44.491+0000] GC(1665)   Other: 0.1ms
[2025-08-01T03:51:44.491+0000] GC(1665) Eden regions: 257->0(166)
[2025-08-01T03:51:44.491+0000] GC(1665) Survivor regions: 45->38(38)
[2025-08-01T03:51:44.491+0000] GC(1665) Old regions: 1220->1486
[2025-08-01T03:51:44.491+0000] GC(1665) Humongous regions: 0->0
[2025-08-01T03:51:44.491+0000] GC(1665) Metaspace: 10593K(10816K)->10593K(10816K) NonClass: 9335K(9472K)->9335K(9472K) Class: 1258K(1344K)->1258K(1344K)
[2025-08-01T03:51:44.491+0000] GC(1665) Pause Young (Prepare Mixed) (G1 Evacuation Pause) 3043M->3047M(4096M) 97.157ms
[2025-08-01T03:51:44.491+0000] GC(1665) User=0.74s Sys=0.01s Real=0.09s
[2025-08-01T03:51:44.568+0000] GC(1666) Pause Young (Mixed) (G1 Evacuation Pause)
[2025-08-01T03:51:44.568+0000] GC(1666) Using 8 workers of 8 for evacuation
[2025-08-01T03:51:44.635+0000] GC(1666)   Pre Evacuate Collection Set: 0.7ms
[2025-08-01T03:51:44.635+0000] GC(1666)   Merge Heap Roots: 0.2ms
[2025-08-01T03:51:44.635+0000] GC(1666)   Evacuate Collection Set: 64.5ms
[2025-08-01T03:51:44.635+0000] GC(1666)   Post Evacuate Collection Set: 1.1ms
[2025-08-01T03:51:44.635+0000] GC(1666)   Other: 0.1ms
[2025-08-01T03:51:44.635+0000] GC(1666) Eden regions: 166->0(137)
[2025-08-01T03:51:44.635+0000] GC(1666) Survivor regions: 38->26(26)
[2025-08-01T03:51:44.635+0000] GC(1666) Old regions: 1486->1595
[2025-08-01T03:51:44.635+0000] GC(1666) Humongous regions: 0->0
[2025-08-01T03:51:44.635+0000] GC(1666) Metaspace: 10593K(10816K)->10593K(10816K) NonClass: 9335K(9472K)->9335K(9472K) Class: 1258K(1344K)->1258K(1344K)
[2025-08-01T03:51:44.635+0000] GC(1666) Pause Young (Mixed) (G1 Evacuation Pause) 3379M->3240M(4096M) 67.056ms
[2025-08-01T03:51:44.635+0000] GC(1666) User=0.47s Sys=0.03s Real=0.07s
[2025-08-01T03:51:44.704+0000] GC(1667) Pause Young (Concurrent Start) (G1 Evacuation Pause)
[2025-08-01T03:51:44.704+0000] GC(1667) Using 8 workers of 8 for evacuation
[2025-08-01T03:51:44.768+0000] GC(1667)   Pre Evacuate Collection Set: 0.9ms
[2025-08-01T03:51:44.768+0000] GC(1667)   Merge Heap Roots: 0.9ms
[2025-08-01T03:51:44.768+0000] GC(1667)   Evacuate Collection Set: 60.1ms
[2025-08-01T03:51:44.768+0000] GC(1667)   Post Evacuate Collection Set: 1.1ms
[2025-08-01T03:51:44.768+0000] GC(1667)   Other: 1.0ms
[2025-08-01T03:51:44.768+0000] GC(1667) Eden regions: 137->0(103)
[2025-08-01T03:51:44.768+0000] GC(1667) Survivor regions: 26->21(21)
[2025-08-01T03:51:44.768+0000] GC(1667) Old regions: 1595->1707
[2025-08-01T03:51:44.768+0000] GC(1667) Humongous regions: 0->0
[2025-08-01T03:51:44.768+0000] GC(1667) Metaspace: 10593K(10816K)->10593K(10816K) NonClass: 9335K(9472K)->9335K(9472K) Class: 1258K(1344K)->1258K(1344K)
[2025-08-01T03:51:44.768+0000] GC(1667) Pause Young (Concurrent Start) (G1 Evacuation Pause) 3514M->3455M(4096M) 64.306ms
[2025-08-01T03:51:44.768+0000] GC(1667) User=0.44s Sys=0.02s Real=0.06s
[2025-08-01T03:51:44.768+0000] GC(1668) Concurrent Mark Cycle
[2025-08-01T03:51:44.768+0000] GC(1668) Concurrent Scan Root Regions
[2025-08-01T03:51:44.790+0000] GC(1669) Pause Young (Normal) (G1 Evacuation Pause)
[2025-08-01T03:51:44.790+0000] GC(1669) Using 8 workers of 8 for evacuation
[2025-08-01T03:51:44.798+0000] GC(1668) Concurrent Scan Root Regions 29.533ms
[2025-08-01T03:51:44.798+0000] GC(1668) Concurrent Mark
[2025-08-01T03:51:44.798+0000] GC(1668) Concurrent Mark From Roots
[2025-08-01T03:51:44.798+0000] GC(1668) Using 2 workers of 2 for marking
[2025-08-01T03:51:44.836+0000] GC(1669)   Pre Evacuate Collection Set: 0.6ms
[2025-08-01T03:51:44.836+0000] GC(1669)   Merge Heap Roots: 0.2ms
[2025-08-01T03:51:44.836+0000] GC(1669)   Evacuate Collection Set: 35.9ms
[2025-08-01T03:51:44.836+0000] GC(1669)   Post Evacuate Collection Set: 1.0ms
[2025-08-01T03:51:44.836+0000] GC(1669)   Other: 0.1ms
[2025-08-01T03:51:44.836+0000] GC(1669) Eden regions: 103->0(86)
[2025-08-01T03:51:44.836+0000] GC(1669) Survivor regions: 21->16(16)
[2025-08-01T03:51:44.836+0000] GC(1669) Old regions: 1707->1817
[2025-08-01T03:51:44.836+0000] GC(1669) Humongous regions: 0->0
[2025-08-01T03:51:44.836+0000] GC(1669) Metaspace: 10593K(10816K)->10593K(10816K) NonClass: 9335K(9472K)->9335K(9472K) Class: 1258K(1344K)->1258K(1344K)
[2025-08-01T03:51:44.836+0000] GC(1669) Pause Young (Normal) (G1 Evacuation Pause) 3661M->3664M(4096M) 46.119ms
[2025-08-01T03:51:44.836+0000] GC(1669) User=0.30s Sys=0.00s Real=0.05s
[2025-08-01T03:51:44.856+0000] GC(1670) Pause Young (Normal) (G1 Evacuation Pause)
[2025-08-01T03:51:44.856+0000] GC(1670) Using 8 workers of 8 for evacuation
[2025-08-01T03:51:44.894+0000] GC(1670)   Pre Evacuate Collection Set: 0.6ms
[2025-08-01T03:51:44.894+0000] GC(1670)   Merge Heap Roots: 0.2ms
[2025-08-01T03:51:44.894+0000] GC(1670)   Evacuate Collection Set: 34.6ms
[2025-08-01T03:51:44.894+0000] GC(1670)   Post Evacuate Collection Set: 1.7ms
[2025-08-01T03:51:44.894+0000] GC(1670)   Other: 0.2ms
[2025-08-01T03:51:44.894+0000] GC(1670) Eden regions: 86->0(89)
[2025-08-01T03:51:44.894+0000] GC(1670) Survivor regions: 16->13(13)
[2025-08-01T03:51:44.894+0000] GC(1670) Old regions: 1817->1907
[2025-08-01T03:51:44.894+0000] GC(1670) Humongous regions: 0->0
[2025-08-01T03:51:44.894+0000] GC(1670) Metaspace: 10593K(10816K)->10593K(10816K) NonClass: 9335K(9472K)->9335K(9472K) Class: 1258K(1344K)->1258K(1344K)
[2025-08-01T03:51:44.894+0000] GC(1670) Pause Young (Normal) (G1 Evacuation Pause) 3836M->3838M(4096M) 37.658ms
[2025-08-01T03:51:44.894+0000] GC(1670) User=0.27s Sys=0.02s Real=0.04s
[2025-08-01T03:51:44.916+0000] GC(1671) Pause Young (Normal) (G1 Evacuation Pause)
[2025-08-01T03:51:44.916+0000] GC(1671) Using 8 workers of 8 for evacuation
[2025-08-01T03:51:44.945+0000] GC(1671)   Pre Evacuate Collection Set: 0.6ms
[2025-08-01T03:51:44.946+0000] GC(1671)   Merge Heap Roots: 0.1ms
[2025-08-01T03:51:44.946+0000] GC(1671)   Evacuate Collection Set: 22.3ms
[2025-08-01T03:51:44.946+0000] GC(1671)   Post Evacuate Collection Set: 6.6ms
[2025-08-01T03:51:44.946+0000] GC(1671)   Other: 0.1ms
[2025-08-01T03:51:44.946+0000] GC(1671) Eden regions: 89->0(0)
[2025-08-01T03:51:44.946+0000] GC(1671) Survivor regions: 13->13(13)
[2025-08-01T03:51:44.946+0000] GC(1671) Old regions: 1907->2031
[2025-08-01T03:51:44.946+0000] GC(1671) Humongous regions: 0->0
[2025-08-01T03:51:44.946+0000] GC(1671) Metaspace: 10593K(10816K)->10593K(10816K) NonClass: 9335K(9472K)->9335K(9472K) Class: 1258K(1344K)->1258K(1344K)
[2025-08-01T03:51:44.946+0000] GC(1671) Pause Young (Normal) (G1 Evacuation Pause) (Evacuation Failure) 4016M->4087M(4096M) 30.052ms
[2025-08-01T03:51:44.946+0000] GC(1671) User=0.22s Sys=0.01s Real=0.03s
[2025-08-01T03:51:44.946+0000] Attempting full compaction
[2025-08-01T03:51:44.946+0000] GC(1672) Pause Full (G1 Compaction Pause)
[2025-08-01T03:51:44.946+0000] GC(1672) Using 8 workers of 8 for full compaction
[2025-08-01T03:51:44.951+0000] GC(1672) Phase 1: Mark live objects
[2025-08-01T03:51:44.999+0000] GC(1672) Phase 1: Mark live objects 47.354ms
[2025-08-01T03:51:44.999+0000] GC(1672) Phase 2: Prepare compaction
[2025-08-01T03:51:45.011+0000] GC(1672) Phase 2: Prepare compaction 12.041ms
[2025-08-01T03:51:45.011+0000] GC(1672) Phase 3: Adjust pointers
[2025-08-01T03:51:45.056+0000] GC(1672) Phase 3: Adjust pointers 44.943ms
[2025-08-01T03:51:45.056+0000] GC(1672) Phase 4: Compact heap
[2025-08-01T03:51:45.104+0000] GC(1672) Phase 4: Compact heap 48.478ms
[2025-08-01T03:51:45.104+0000] GC(1672) Phase 5: Reset Metadata
[2025-08-01T03:51:45.145+0000] GC(1672) Phase 5: Reset Metadata 40.412ms
[2025-08-01T03:51:45.152+0000] GC(1672) Eden regions: 0->0(475)
[2025-08-01T03:51:45.152+0000] GC(1672) Survivor regions: 13->0(13)
[2025-08-01T03:51:45.152+0000] GC(1672) Old regions: 2031->564
[2025-08-01T03:51:45.152+0000] GC(1672) Humongous regions: 0->0
[2025-08-01T03:51:45.152+0000] GC(1672) Metaspace: 10593K(10816K)->10593K(10816K) NonClass: 9335K(9472K)->9335K(9472K) Class: 1258K(1344K)->1258K(1344K)
[2025-08-01T03:51:45.152+0000] GC(1672) Pause Full (G1 Compaction Pause) 4087M->1119M(4096M) 206.529ms
[2025-08-01T03:51:45.152+0000] GC(1672) User=1.49s Sys=0.01s Real=0.20s
[2025-08-01T03:51:45.153+0000] GC(1668) Concurrent Mark From Roots 354.542ms
[2025-08-01T03:51:45.153+0000] GC(1668) Concurrent Mark Abort
[2025-08-01T03:51:45.153+0000] GC(1668) Concurrent Mark Cycle 384.253ms
[2025-08-01T03:51:45.395+0000] GC(1673) Pause Young (Normal) (G1 Evacuation Pause)
[2025-08-01T03:51:45.395+0000] GC(1673) Using 8 workers of 8 for evacuation
[2025-08-01T03:51:45.501+0000] GC(1673)   Pre Evacuate Collection Set: 0.7ms
[2025-08-01T03:51:45.501+0000] GC(1673)   Merge Heap Roots: 0.1ms
[2025-08-01T03:51:45.501+0000] GC(1673)   Evacuate Collection Set: 104.3ms
[2025-08-01T03:51:45.501+0000] GC(1673)   Post Evacuate Collection Set: 1.1ms
[2025-08-01T03:51:45.501+0000] GC(1673)   Other: 0.1ms
[2025-08-01T03:51:45.501+0000] GC(1673) Eden regions: 475->0(410)
[2025-08-01T03:51:45.501+0000] GC(1673) Survivor regions: 0->60(60)
[2025-08-01T03:51:45.501+0000] GC(1673) Old regions: 564->763
[2025-08-01T03:51:45.501+0000] GC(1673) Humongous regions: 0->0
[2025-08-01T03:51:45.501+0000] GC(1673) Metaspace: 10593K(10816K)->10593K(10816K) NonClass: 9335K(9472K)->9335K(9472K) Class: 1258K(1344K)->1258K(1344K)
[2025-08-01T03:51:45.501+0000] GC(1673) Pause Young (Normal) (G1 Evacuation Pause) 2069M->1636M(4096M) 106.571ms
[2025-08-01T03:51:45.501+0000] GC(1673) User=0.81s Sys=0.02s Real=0.10s
[2025-08-01T03:51:45.679+0000] GC(1674) Pause Young (Concurrent Start) (G1 Evacuation Pause)
[2025-08-01T03:51:45.679+0000] GC(1674) Using 8 workers of 8 for evacuation
[2025-08-01T03:51:45.925+0000] GC(1674) MMU target violated: 201.0ms (200.0ms/201.0ms)
[2025-08-01T03:51:45.925+0000] GC(1674)   Pre Evacuate Collection Set: 1.3ms
[2025-08-01T03:51:45.925+0000] GC(1674)   Merge Heap Roots: 0.3ms
[2025-08-01T03:51:45.925+0000] GC(1674)   Evacuate Collection Set: 243.1ms
[2025-08-01T03:51:45.925+0000] GC(1674)   Post Evacuate Collection Set: 1.1ms
[2025-08-01T03:51:45.925+0000] GC(1674)   Other: 0.4ms
[2025-08-01T03:51:45.925+0000] GC(1674) Eden regions: 410->0(278)
[2025-08-01T03:51:45.925+0000] GC(1674) Survivor regions: 60->59(59)
[2025-08-01T03:51:45.925+0000] GC(1674) Old regions: 763->1123
[2025-08-01T03:51:45.925+0000] GC(1674) Humongous regions: 0->0
[2025-08-01T03:51:45.925+0000] GC(1674) Metaspace: 10593K(10816K)->10593K(10816K) NonClass: 9335K(9472K)->9335K(9472K) Class: 1258K(1344K)->1258K(1344K)
[2025-08-01T03:51:45.926+0000] GC(1674) Pause Young (Concurrent Start) (G1 Evacuation Pause) 2456M->2355M(4096M) 246.520ms
[2025-08-01T03:51:45.926+0000] GC(1674) User=1.87s Sys=0.05s Real=0.25s
[2025-08-01T03:51:45.926+0000] GC(1675) Concurrent Mark Cycle
[2025-08-01T03:51:45.926+0000] GC(1675) Concurrent Scan Root Regions
[2025-08-01T03:51:46.016+0000] GC(1675) Concurrent Scan Root Regions 90.070ms
[2025-08-01T03:51:46.016+0000] GC(1675) Concurrent Mark
[2025-08-01T03:51:46.016+0000] GC(1675) Concurrent Mark From Roots
[2025-08-01T03:51:46.016+0000] GC(1675) Using 2 workers of 2 for marking
[2025-08-01T03:51:46.026+0000] GC(1676) Pause Young (Normal) (G1 Evacuation Pause)
[2025-08-01T03:51:46.026+0000] GC(1676) Using 8 workers of 8 for evacuation
[2025-08-01T03:51:46.121+0000] GC(1676)   Pre Evacuate Collection Set: 1.0ms
[2025-08-01T03:51:46.121+0000] GC(1676)   Merge Heap Roots: 0.2ms
[2025-08-01T03:51:46.121+0000] GC(1676)   Evacuate Collection Set: 93.1ms
[2025-08-01T03:51:46.121+0000] GC(1676)   Post Evacuate Collection Set: 1.0ms
[2025-08-01T03:51:46.121+0000] GC(1676)   Other: 0.2ms
[2025-08-01T03:51:46.121+0000] GC(1676) Eden regions: 278->0(198)
[2025-08-01T03:51:46.121+0000] GC(1676) Survivor regions: 59->43(43)
[2025-08-01T03:51:46.121+0000] GC(1676) Old regions: 1123->1374
[2025-08-01T03:51:46.121+0000] GC(1676) Humongous regions: 0->0
[2025-08-01T03:51:46.121+0000] GC(1676) Metaspace: 10593K(10816K)->10593K(10816K) NonClass: 9335K(9472K)->9335K(9472K) Class: 1258K(1344K)->1258K(1344K)
[2025-08-01T03:51:46.121+0000] GC(1676) Pause Young (Normal) (G1 Evacuation Pause) 2911M->2825M(4096M) 95.720ms
[2025-08-01T03:51:46.121+0000] GC(1676) User=0.73s Sys=0.01s Real=0.09s
[2025-08-01T03:51:46.164+0000] GC(1675) Concurrent Mark From Roots 148.134ms
[2025-08-01T03:51:46.164+0000] GC(1675) Concurrent Preclean
[2025-08-01T03:51:46.164+0000] GC(1675) Concurrent Preclean 0.024ms
[2025-08-01T03:51:46.164+0000] GC(1675) Pause Remark
[2025-08-01T03:51:46.167+0000] GC(1675) Pause Remark 2962M->1822M(4096M) 3.011ms
[2025-08-01T03:51:46.167+0000] GC(1675) User=0.01s Sys=0.00s Real=0.00s
[2025-08-01T03:51:46.167+0000] GC(1675) Concurrent Mark 151.644ms
[2025-08-01T03:51:46.168+0000] GC(1675) Concurrent Rebuild Remembered Sets and Scrub Regions
[2025-08-01T03:51:46.200+0000] GC(1677) Pause Young (Normal) (G1 Evacuation Pause)
[2025-08-01T03:51:46.200+0000] GC(1677) Using 8 workers of 8 for evacuation
[2025-08-01T03:51:46.264+0000] GC(1677)   Pre Evacuate Collection Set: 0.4ms
[2025-08-01T03:51:46.264+0000] GC(1677)   Merge Heap Roots: 0.1ms
[2025-08-01T03:51:46.264+0000] GC(1677)   Evacuate Collection Set: 61.6ms
[2025-08-01T03:51:46.264+0000] GC(1677)   Post Evacuate Collection Set: 1.1ms
[2025-08-01T03:51:46.264+0000] GC(1677)   Other: 0.1ms
[2025-08-01T03:51:46.264+0000] GC(1677) Eden regions: 198->0(336)
[2025-08-01T03:51:46.264+0000] GC(1677) Survivor regions: 43->31(31)
[2025-08-01T03:51:46.264+0000] GC(1677) Old regions: 800->975
[2025-08-01T03:51:46.264+0000] GC(1677) Humongous regions: 0->0
[2025-08-01T03:51:46.264+0000] GC(1677) Metaspace: 10593K(10816K)->10593K(10816K) NonClass: 9335K(9472K)->9335K(9472K) Class: 1258K(1344K)->1258K(1344K)
[2025-08-01T03:51:46.264+0000] GC(1677) Pause Young (Normal) (G1 Evacuation Pause) 2081M->2011M(4096M) 63.648ms
[2025-08-01T03:51:46.264+0000] GC(1677) User=0.49s Sys=0.00s Real=0.07s
[2025-08-01T03:51:46.412+0000] GC(1678) Pause Young (Normal) (G1 Evacuation Pause)
[2025-08-01T03:51:46.412+0000] GC(1678) Using 8 workers of 8 for evacuation
[2025-08-01T03:51:46.520+0000] GC(1678)   Pre Evacuate Collection Set: 0.6ms
[2025-08-01T03:51:46.520+0000] GC(1678)   Merge Heap Roots: 0.2ms
[2025-08-01T03:51:46.520+0000] GC(1678)   Evacuate Collection Set: 106.2ms
[2025-08-01T03:51:46.520+0000] GC(1678)   Post Evacuate Collection Set: 0.8ms
[2025-08-01T03:51:46.520+0000] GC(1678)   Other: 0.1ms
[2025-08-01T03:51:46.520+0000] GC(1678) Eden regions: 336->0(241)
[2025-08-01T03:51:46.520+0000] GC(1678) Survivor regions: 31->46(46)
[2025-08-01T03:51:46.520+0000] GC(1678) Old regions: 975->1233
[2025-08-01T03:51:46.520+0000] GC(1678) Humongous regions: 0->0
[2025-08-01T03:51:46.520+0000] GC(1678) Metaspace: 10593K(10816K)->10593K(10816K) NonClass: 9335K(9472K)->9335K(9472K) Class: 1258K(1344K)->1258K(1344K)
[2025-08-01T03:51:46.520+0000] GC(1678) Pause Young (Normal) (G1 Evacuation Pause) 2683M->2557M(4096M) 108.158ms
[2025-08-01T03:51:46.520+0000] GC(1678) User=0.81s Sys=0.02s Real=0.11s
[2025-08-01T03:51:46.521+0000] GC(1675) Concurrent Rebuild Remembered Sets and Scrub Regions 353.098ms
[2025-08-01T03:51:46.525+0000] GC(1675) Pause Cleanup
[2025-08-01T03:51:46.526+0000] GC(1675) Pause Cleanup 2565M->2565M(4096M) 0.751ms
[2025-08-01T03:51:46.526+0000] GC(1675) User=0.00s Sys=0.00s Real=0.00s
[2025-08-01T03:51:46.526+0000] GC(1675) Concurrent Clear Claimed Marks
[2025-08-01T03:51:46.526+0000] GC(1675) Concurrent Clear Claimed Marks 0.058ms
[2025-08-01T03:51:46.526+0000] GC(1675) Concurrent Cleanup for Next Mark
[2025-08-01T03:51:46.539+0000] GC(1675) Concurrent Cleanup for Next Mark 13.294ms
[2025-08-01T03:51:46.539+0000] GC(1675) Concurrent Mark Cycle 613.736ms
[2025-08-01T03:51:46.616+0000] GC(1679) Pause Young (Prepare Mixed) (G1 Evacuation Pause)
[2025-08-01T03:51:46.616+0000] GC(1679) Using 8 workers of 8 for evacuation
[2025-08-01T03:51:46.709+0000] GC(1679)   Pre Evacuate Collection Set: 1.0ms
[2025-08-01T03:51:46.709+0000] GC(1679)   Merge Heap Roots: 0.3ms
[2025-08-01T03:51:46.709+0000] GC(1679)   Evacuate Collection Set: 91.0ms
[2025-08-01T03:51:46.709+0000] GC(1679)   Post Evacuate Collection Set: 1.2ms
[2025-08-01T03:51:46.709+0000] GC(1679)   Other: 0.1ms
[2025-08-01T03:51:46.709+0000] GC(1679) Eden regions: 241->0(182)
[2025-08-01T03:51:46.709+0000] GC(1679) Survivor regions: 46->36(36)
[2025-08-01T03:51:46.710+0000] GC(1679) Old regions: 1233->1435
[2025-08-01T03:51:46.710+0000] GC(1679) Humongous regions: 0->0
[2025-08-01T03:51:46.710+0000] GC(1679) Metaspace: 10593K(10816K)->10593K(10816K) NonClass: 9335K(9472K)->9335K(9472K) Class: 1258K(1344K)->1258K(1344K)
[2025-08-01T03:51:46.710+0000] GC(1679) Pause Young (Prepare Mixed) (G1 Evacuation Pause) 3039M->2940M(4096M) 93.891ms
[2025-08-01T03:51:46.710+0000] GC(1679) User=0.67s Sys=0.01s Real=0.09s
[2025-08-01T03:51:46.788+0000] GC(1680) Pause Young (Mixed) (G1 Evacuation Pause)
[2025-08-01T03:51:46.788+0000] GC(1680) Using 8 workers of 8 for evacuation
[2025-08-01T03:51:46.857+0000] GC(1680)   Pre Evacuate Collection Set: 1.5ms
[2025-08-01T03:51:46.857+0000] GC(1680)   Merge Heap Roots: 0.2ms
[2025-08-01T03:51:46.857+0000] GC(1680)   Evacuate Collection Set: 66.8ms
[2025-08-01T03:51:46.857+0000] GC(1680)   Post Evacuate Collection Set: 0.8ms
[2025-08-01T03:51:46.857+0000] GC(1680)   Other: 0.1ms
[2025-08-01T03:51:46.857+0000] GC(1680) Eden regions: 182->0(150)
[2025-08-01T03:51:46.857+0000] GC(1680) Survivor regions: 36->28(28)
[2025-08-01T03:51:46.857+0000] GC(1680) Old regions: 1435->1549
[2025-08-01T03:51:46.857+0000] GC(1680) Humongous regions: 0->0
[2025-08-01T03:51:46.857+0000] GC(1680) Metaspace: 10593K(10816K)->10593K(10816K) NonClass: 9335K(9472K)->9335K(9472K) Class: 1258K(1344K)->1258K(1344K)
[2025-08-01T03:51:46.857+0000] GC(1680) Pause Young (Mixed) (G1 Evacuation Pause) 3304M->3152M(4096M) 69.687ms
[2025-08-01T03:51:46.857+0000] GC(1680) User=0.48s Sys=0.01s Real=0.07s
[2025-08-01T03:51:46.928+0000] GC(1681) Pause Young (Concurrent Start) (G1 Evacuation Pause)
[2025-08-01T03:51:46.928+0000] GC(1681) Using 8 workers of 8 for evacuation
[2025-08-01T03:51:47.018+0000] GC(1681)   Pre Evacuate Collection Set: 1.0ms
[2025-08-01T03:51:47.018+0000] GC(1681)   Merge Heap Roots: 0.2ms
[2025-08-01T03:51:47.018+0000] GC(1681)   Evacuate Collection Set: 87.7ms
[2025-08-01T03:51:47.018+0000] GC(1681)   Post Evacuate Collection Set: 0.9ms
[2025-08-01T03:51:47.018+0000] GC(1681)   Other: 0.2ms
[2025-08-01T03:51:47.018+0000] GC(1681) Eden regions: 150->0(99)
[2025-08-01T03:51:47.018+0000] GC(1681) Survivor regions: 28->23(23)
[2025-08-01T03:51:47.018+0000] GC(1681) Old regions: 1549->1705
[2025-08-01T03:51:47.018+0000] GC(1681) Humongous regions: 0->0
[2025-08-01T03:51:47.018+0000] GC(1681) Metaspace: 10593K(10816K)->10593K(10816K) NonClass: 9335K(9472K)->9335K(9472K) Class: 1258K(1344K)->1258K(1344K)
[2025-08-01T03:51:47.018+0000] GC(1681) Pause Young (Concurrent Start) (G1 Evacuation Pause) 3452M->3455M(4096M) 90.326ms
[2025-08-01T03:51:47.018+0000] GC(1681) User=0.65s Sys=0.03s Real=0.09s
[2025-08-01T03:51:47.018+0000] GC(1682) Concurrent Mark Cycle
[2025-08-01T03:51:47.018+0000] GC(1682) Concurrent Scan Root Regions
[2025-08-01T03:51:47.041+0000] GC(1683) Pause Young (Normal) (G1 Evacuation Pause)
[2025-08-01T03:51:47.042+0000] GC(1683) Using 8 workers of 8 for evacuation
[2025-08-01T03:51:47.059+0000] GC(1682) Concurrent Scan Root Regions 40.525ms
[2025-08-01T03:51:47.059+0000] GC(1682) Concurrent Mark
[2025-08-01T03:51:47.059+0000] GC(1682) Concurrent Mark From Roots
[2025-08-01T03:51:47.059+0000] GC(1682) Using 2 workers of 2 for marking
[2025-08-01T03:51:47.099+0000] GC(1683)   Pre Evacuate Collection Set: 0.6ms
[2025-08-01T03:51:47.099+0000] GC(1683)   Merge Heap Roots: 0.1ms
[2025-08-01T03:51:47.099+0000] GC(1683)   Evacuate Collection Set: 38.4ms
[2025-08-01T03:51:47.099+0000] GC(1683)   Post Evacuate Collection Set: 0.9ms
[2025-08-01T03:51:47.099+0000] GC(1683)   Other: 0.1ms
[2025-08-01T03:51:47.099+0000] GC(1683) Eden regions: 99->0(86)
[2025-08-01T03:51:47.099+0000] GC(1683) Survivor regions: 23->16(16)
[2025-08-01T03:51:47.099+0000] GC(1683) Old regions: 1705->1807
[2025-08-01T03:51:47.099+0000] GC(1683) Humongous regions: 0->0
[2025-08-01T03:51:47.099+0000] GC(1683) Metaspace: 10593K(10816K)->10593K(10816K) NonClass: 9335K(9472K)->9335K(9472K) Class: 1258K(1344K)->1258K(1344K)
[2025-08-01T03:51:47.099+0000] GC(1683) Pause Young (Normal) (G1 Evacuation Pause) 3653M->3644M(4096M) 57.851ms
[2025-08-01T03:51:47.099+0000] GC(1683) User=0.33s Sys=0.00s Real=0.06s
[2025-08-01T03:51:47.158+0000] GC(1684) Pause Young (Normal) (G1 Evacuation Pause)
[2025-08-01T03:51:47.158+0000] GC(1684) Using 8 workers of 8 for evacuation
[2025-08-01T03:51:47.191+0000] GC(1684)   Pre Evacuate Collection Set: 0.5ms
[2025-08-01T03:51:47.191+0000] GC(1684)   Merge Heap Roots: 0.2ms
[2025-08-01T03:51:47.191+0000] GC(1684)   Evacuate Collection Set: 31.7ms
[2025-08-01T03:51:47.191+0000] GC(1684)   Post Evacuate Collection Set: 0.9ms
[2025-08-01T03:51:47.191+0000] GC(1684)   Other: 0.1ms
[2025-08-01T03:51:47.191+0000] GC(1684) Eden regions: 86->0(89)
[2025-08-01T03:51:47.192+0000] GC(1684) Survivor regions: 16->13(13)
[2025-08-01T03:51:47.192+0000] GC(1684) Old regions: 1807->1886
[2025-08-01T03:51:47.192+0000] GC(1684) Humongous regions: 0->0
[2025-08-01T03:51:47.192+0000] GC(1684) Metaspace: 10593K(10816K)->10593K(10816K) NonClass: 9335K(9472K)->9335K(9472K) Class: 1258K(1344K)->1258K(1344K)
[2025-08-01T03:51:47.192+0000] GC(1684) Pause Young (Normal) (G1 Evacuation Pause) 3816M->3796M(4096M) 33.577ms
[2025-08-01T03:51:47.192+0000] GC(1684) User=0.25s Sys=0.00s Real=0.03s
[2025-08-01T03:51:47.209+0000] GC(1685) Pause Young (Normal) (G1 Evacuation Pause)
[2025-08-01T03:51:47.209+0000] GC(1685) Using 8 workers of 8 for evacuation
[2025-08-01T03:51:47.238+0000] GC(1685)   Pre Evacuate Collection Set: 0.5ms
[2025-08-01T03:51:47.238+0000] GC(1685)   Merge Heap Roots: 0.1ms
[2025-08-01T03:51:47.238+0000] GC(1685)   Evacuate Collection Set: 24.2ms
[2025-08-01T03:51:47.238+0000] GC(1685)   Post Evacuate Collection Set: 4.0ms
[2025-08-01T03:51:47.238+0000] GC(1685)   Other: 0.1ms
[2025-08-01T03:51:47.238+0000] GC(1685) Eden regions: 89->0(15)
[2025-08-01T03:51:47.238+0000] GC(1685) Survivor regions: 13->13(13)
[2025-08-01T03:51:47.238+0000] GC(1685) Old regions: 1886->2007
[2025-08-01T03:51:47.238+0000] GC(1685) Humongous regions: 0->0
[2025-08-01T03:51:47.238+0000] GC(1685) Metaspace: 10593K(10816K)->10593K(10816K) NonClass: 9335K(9472K)->9335K(9472K) Class: 1258K(1344K)->1258K(1344K)
[2025-08-01T03:51:47.238+0000] GC(1685) Pause Young (Normal) (G1 Evacuation Pause) (Evacuation Failure) 3974M->4039M(4096M) 29.220ms
[2025-08-01T03:51:47.238+0000] GC(1685) User=0.20s Sys=0.01s Real=0.03s
[2025-08-01T03:51:47.246+0000] GC(1686) Pause Young (Normal) (G1 Evacuation Pause)
[2025-08-01T03:51:47.246+0000] GC(1686) Using 8 workers of 8 for evacuation
[2025-08-01T03:51:47.254+0000] GC(1686)   Pre Evacuate Collection Set: 0.5ms
[2025-08-01T03:51:47.254+0000] GC(1686)   Merge Heap Roots: 0.1ms
[2025-08-01T03:51:47.254+0000] GC(1686)   Evacuate Collection Set: 5.5ms
[2025-08-01T03:51:47.254+0000] GC(1686)   Post Evacuate Collection Set: 1.9ms
[2025-08-01T03:51:47.254+0000] GC(1686)   Other: 0.1ms
[2025-08-01T03:51:47.254+0000] GC(1686) Eden regions: 15->0(0)
[2025-08-01T03:51:47.254+0000] GC(1686) Survivor regions: 13->4(4)
[2025-08-01T03:51:47.254+0000] GC(1686) Old regions: 2007->2040
[2025-08-01T03:51:47.254+0000] GC(1686) Humongous regions: 0->0
[2025-08-01T03:51:47.254+0000] GC(1686) Metaspace: 10593K(10816K)->10593K(10816K) NonClass: 9335K(9472K)->9335K(9472K) Class: 1258K(1344K)->1258K(1344K)
[2025-08-01T03:51:47.254+0000] GC(1686) Pause Young (Normal) (G1 Evacuation Pause) (Evacuation Failure) 4069M->4087M(4096M) 8.460ms
[2025-08-01T03:51:47.254+0000] GC(1686) User=0.05s Sys=0.00s Real=0.01s
[2025-08-01T03:51:47.254+0000] Attempting full compaction
[2025-08-01T03:51:47.255+0000] GC(1687) Pause Full (G1 Compaction Pause)
[2025-08-01T03:51:47.255+0000] GC(1687) Using 8 workers of 8 for full compaction
[2025-08-01T03:51:47.261+0000] GC(1687) Phase 1: Mark live objects
[2025-08-01T03:51:47.299+0000] GC(1687) Phase 1: Mark live objects 37.942ms
[2025-08-01T03:51:47.299+0000] GC(1687) Phase 2: Prepare compaction
[2025-08-01T03:51:47.317+0000] GC(1687) Phase 2: Prepare compaction 17.443ms
[2025-08-01T03:51:47.317+0000] GC(1687) Phase 3: Adjust pointers
[2025-08-01T03:51:47.352+0000] GC(1687) Phase 3: Adjust pointers 35.433ms
[2025-08-01T03:51:47.352+0000] GC(1687) Phase 4: Compact heap
[2025-08-01T03:51:47.413+0000] GC(1687) Phase 4: Compact heap 61.019ms
[2025-08-01T03:51:47.414+0000] GC(1687) Phase 5: Reset Metadata
[2025-08-01T03:51:47.432+0000] GC(1687) Phase 5: Reset Metadata 18.606ms
[2025-08-01T03:51:47.440+0000] GC(1687) Eden regions: 0->0(540)
[2025-08-01T03:51:47.440+0000] GC(1687) Survivor regions: 4->0(4)
[2025-08-01T03:51:47.440+0000] GC(1687) Old regions: 2040->409
[2025-08-01T03:51:47.440+0000] GC(1687) Humongous regions: 0->0
[2025-08-01T03:51:47.440+0000] GC(1687) Metaspace: 10593K(10816K)->10593K(10816K) NonClass: 9335K(9472K)->9335K(9472K) Class: 1258K(1344K)->1258K(1344K)
[2025-08-01T03:51:47.440+0000] GC(1687) Pause Full (G1 Compaction Pause) 4087M->808M(4096M) 185.376ms
[2025-08-01T03:51:47.440+0000] GC(1687) User=1.23s Sys=0.05s Real=0.18s
[2025-08-01T03:51:47.440+0000] GC(1682) Concurrent Mark From Roots 381.152ms
[2025-08-01T03:51:47.440+0000] GC(1682) Concurrent Mark Abort
[2025-08-01T03:51:47.440+0000] GC(1682) Concurrent Mark Cycle 421.920ms
[2025-08-01T03:51:47.694+0000] GC(1688) Pause Young (Normal) (G1 Evacuation Pause)
[2025-08-01T03:51:47.694+0000] GC(1688) Using 8 workers of 8 for evacuation
[2025-08-01T03:51:47.880+0000] GC(1688)   Pre Evacuate Collection Set: 0.9ms
[2025-08-01T03:51:47.880+0000] GC(1688)   Merge Heap Roots: 0.2ms
[2025-08-01T03:51:47.880+0000] GC(1688)   Evacuate Collection Set: 183.1ms
[2025-08-01T03:51:47.880+0000] GC(1688)   Post Evacuate Collection Set: 0.9ms
[2025-08-01T03:51:47.880+0000] GC(1688)   Other: 0.1ms
[2025-08-01T03:51:47.880+0000] GC(1688) Eden regions: 540->0(433)
[2025-08-01T03:51:47.880+0000] GC(1688) Survivor regions: 0->68(68)
[2025-08-01T03:51:47.880+0000] GC(1688) Old regions: 409->696
[2025-08-01T03:51:47.880+0000] GC(1688) Humongous regions: 0->0
[2025-08-01T03:51:47.880+0000] GC(1688) Metaspace: 10593K(10816K)->10593K(10816K) NonClass: 9335K(9472K)->9335K(9472K) Class: 1258K(1344K)->1258K(1344K)
[2025-08-01T03:51:47.880+0000] GC(1688) Pause Young (Normal) (G1 Evacuation Pause) 1888M->1518M(4096M) 185.544ms
[2025-08-01T03:51:47.880+0000] GC(1688) User=1.36s Sys=0.06s Real=0.18s
[2025-08-01T03:51:48.075+0000] GC(1689) Pause Young (Concurrent Start) (G1 Evacuation Pause)
[2025-08-01T03:51:48.075+0000] GC(1689) Using 8 workers of 8 for evacuation
[2025-08-01T03:51:48.292+0000] GC(1689) MMU target violated: 201.0ms (200.0ms/201.0ms)
[2025-08-01T03:51:48.292+0000] GC(1689)   Pre Evacuate Collection Set: 1.5ms
[2025-08-01T03:51:48.292+0000] GC(1689)   Merge Heap Roots: 0.4ms
[2025-08-01T03:51:48.292+0000] GC(1689)   Evacuate Collection Set: 211.6ms
[2025-08-01T03:51:48.292+0000] GC(1689)   Post Evacuate Collection Set: 1.6ms
[2025-08-01T03:51:48.292+0000] GC(1689)   Other: 1.9ms
[2025-08-01T03:51:48.292+0000] GC(1689) Eden regions: 433->0(315)
[2025-08-01T03:51:48.292+0000] GC(1689) Survivor regions: 68->63(63)
[2025-08-01T03:51:48.292+0000] GC(1689) Old regions: 696->1022
[2025-08-01T03:51:48.292+0000] GC(1689) Humongous regions: 0->0
[2025-08-01T03:51:48.292+0000] GC(1689) Metaspace: 10593K(10816K)->10593K(10816K) NonClass: 9335K(9472K)->9335K(9472K) Class: 1258K(1344K)->1258K(1344K)
[2025-08-01T03:51:48.292+0000] GC(1689) Pause Young (Concurrent Start) (G1 Evacuation Pause) 2384M->2159M(4096M) 217.173ms
[2025-08-01T03:51:48.293+0000] GC(1689) User=1.63s Sys=0.05s Real=0.21s
[2025-08-01T03:51:48.293+0000] GC(1690) Concurrent Mark Cycle
[2025-08-01T03:51:48.293+0000] GC(1690) Concurrent Scan Root Regions
[2025-08-01T03:51:48.371+0000] GC(1690) Concurrent Scan Root Regions 78.287ms
[2025-08-01T03:51:48.371+0000] GC(1690) Concurrent Mark
[2025-08-01T03:51:48.371+0000] GC(1690) Concurrent Mark From Roots
[2025-08-01T03:51:48.371+0000] GC(1690) Using 2 workers of 2 for marking
[2025-08-01T03:51:48.407+0000] GC(1690) Concurrent Mark From Roots 36.102ms
[2025-08-01T03:51:48.407+0000] GC(1690) Concurrent Preclean
[2025-08-01T03:51:48.407+0000] GC(1690) Concurrent Preclean 0.026ms
[2025-08-01T03:51:48.407+0000] GC(1690) Pause Remark
[2025-08-01T03:51:48.413+0000] GC(1690) Pause Remark 2639M->1542M(4096M) 5.117ms
[2025-08-01T03:51:48.413+0000] GC(1690) User=0.01s Sys=0.00s Real=0.00s
[2025-08-01T03:51:48.413+0000] GC(1690) Concurrent Mark 41.643ms
[2025-08-01T03:51:48.413+0000] GC(1690) Concurrent Rebuild Remembered Sets and Scrub Regions
[2025-08-01T03:51:48.438+0000] GC(1691) Pause Young (Normal) (G1 Evacuation Pause)
[2025-08-01T03:51:48.438+0000] GC(1691) Using 8 workers of 8 for evacuation
[2025-08-01T03:51:48.510+0000] GC(1691)   Pre Evacuate Collection Set: 0.8ms
[2025-08-01T03:51:48.510+0000] GC(1691)   Merge Heap Roots: 0.3ms
[2025-08-01T03:51:48.510+0000] GC(1691)   Evacuate Collection Set: 68.9ms
[2025-08-01T03:51:48.510+0000] GC(1691)   Post Evacuate Collection Set: 1.4ms
[2025-08-01T03:51:48.510+0000] GC(1691)   Other: 0.1ms
[2025-08-01T03:51:48.510+0000] GC(1691) Eden regions: 315->0(454)
[2025-08-01T03:51:48.510+0000] GC(1691) Survivor regions: 63->48(48)
[2025-08-01T03:51:48.510+0000] GC(1691) Old regions: 469->625
[2025-08-01T03:51:48.510+0000] GC(1691) Humongous regions: 0->0
[2025-08-01T03:51:48.510+0000] GC(1691) Metaspace: 10593K(10816K)->10593K(10816K) NonClass: 9335K(9472K)->9335K(9472K) Class: 1258K(1344K)->1258K(1344K)
[2025-08-01T03:51:48.510+0000] GC(1691) Pause Young (Normal) (G1 Evacuation Pause) 1692M->1345M(4096M) 71.894ms
[2025-08-01T03:51:48.510+0000] GC(1691) User=0.50s Sys=0.02s Real=0.07s
[2025-08-01T03:51:48.588+0000] GC(1690) Concurrent Rebuild Remembered Sets and Scrub Regions 175.507ms
[2025-08-01T03:51:48.589+0000] GC(1690) Pause Cleanup
[2025-08-01T03:51:48.593+0000] GC(1690) Pause Cleanup 1719M->1719M(4096M) 3.915ms
[2025-08-01T03:51:48.593+0000] GC(1690) User=0.01s Sys=0.00s Real=0.01s
[2025-08-01T03:51:48.594+0000] GC(1690) Concurrent Clear Claimed Marks
[2025-08-01T03:51:48.594+0000] GC(1690) Concurrent Clear Claimed Marks 0.202ms
[2025-08-01T03:51:48.594+0000] GC(1690) Concurrent Cleanup for Next Mark
[2025-08-01T03:51:48.611+0000] GC(1690) Concurrent Cleanup for Next Mark 16.614ms
[2025-08-01T03:51:48.611+0000] GC(1690) Concurrent Mark Cycle 318.105ms
[2025-08-01T03:51:48.696+0000] GC(1692) Pause Young (Prepare Mixed) (G1 Evacuation Pause)
[2025-08-01T03:51:48.696+0000] GC(1692) Using 8 workers of 8 for evacuation
[2025-08-01T03:51:48.805+0000] GC(1692)   Pre Evacuate Collection Set: 0.7ms
[2025-08-01T03:51:48.805+0000] GC(1692)   Merge Heap Roots: 0.3ms
[2025-08-01T03:51:48.805+0000] GC(1692)   Evacuate Collection Set: 106.3ms
[2025-08-01T03:51:48.805+0000] GC(1692)   Post Evacuate Collection Set: 1.3ms
[2025-08-01T03:51:48.805+0000] GC(1692)   Other: 0.1ms
[2025-08-01T03:51:48.805+0000] GC(1692) Eden regions: 455->0(396)
[2025-08-01T03:51:48.805+0000] GC(1692) Survivor regions: 48->63(63)
[2025-08-01T03:51:48.805+0000] GC(1692) Old regions: 625->862
[2025-08-01T03:51:48.805+0000] GC(1692) Humongous regions: 0->0
[2025-08-01T03:51:48.805+0000] GC(1692) Metaspace: 10593K(10816K)->10593K(10816K) NonClass: 9335K(9472K)->9335K(9472K) Class: 1258K(1344K)->1258K(1344K)
[2025-08-01T03:51:48.805+0000] GC(1692) Pause Young (Prepare Mixed) (G1 Evacuation Pause) 2255M->1849M(4096M) 109.162ms
[2025-08-01T03:51:48.805+0000] GC(1692) User=0.82s Sys=0.03s Real=0.11s
[2025-08-01T03:51:48.966+0000] GC(1693) Pause Young (Mixed) (G1 Evacuation Pause)
[2025-08-01T03:51:48.966+0000] GC(1693) Using 8 workers of 8 for evacuation
[2025-08-01T03:51:49.045+0000] GC(1693)   Pre Evacuate Collection Set: 0.7ms
[2025-08-01T03:51:49.045+0000] GC(1693)   Merge Heap Roots: 0.3ms
[2025-08-01T03:51:49.045+0000] GC(1693)   Evacuate Collection Set: 76.1ms
[2025-08-01T03:51:49.045+0000] GC(1693)   Post Evacuate Collection Set: 1.1ms
[2025-08-01T03:51:49.045+0000] GC(1693)   Other: 0.2ms
[2025-08-01T03:51:49.045+0000] GC(1693) Eden regions: 396->0(347)
[2025-08-01T03:51:49.045+0000] GC(1693) Survivor regions: 63->58(58)
[2025-08-01T03:51:49.045+0000] GC(1693) Old regions: 862->1029
[2025-08-01T03:51:49.045+0000] GC(1693) Humongous regions: 0->0
[2025-08-01T03:51:49.045+0000] GC(1693) Metaspace: 10593K(10816K)->10593K(10816K) NonClass: 9335K(9472K)->9335K(9472K) Class: 1258K(1344K)->1258K(1344K)
[2025-08-01T03:51:49.045+0000] GC(1693) Pause Young (Mixed) (G1 Evacuation Pause) 2641M->2172M(4096M) 78.647ms
[2025-08-01T03:51:49.045+0000] GC(1693) User=0.60s Sys=0.00s Real=0.08s
[2025-08-01T03:51:49.213+0000] GC(1694) Pause Young (Concurrent Start) (G1 Evacuation Pause)
[2025-08-01T03:51:49.213+0000] GC(1694) Using 8 workers of 8 for evacuation
[2025-08-01T03:51:49.349+0000] GC(1694)   Pre Evacuate Collection Set: 0.6ms
[2025-08-01T03:51:49.349+0000] GC(1694)   Merge Heap Roots: 0.2ms
[2025-08-01T03:51:49.349+0000] GC(1694)   Evacuate Collection Set: 133.7ms
[2025-08-01T03:51:49.349+0000] GC(1694)   Post Evacuate Collection Set: 1.3ms
[2025-08-01T03:51:49.349+0000] GC(1694)   Other: 0.3ms
[2025-08-01T03:51:49.349+0000] GC(1694) Eden regions: 347->0(256)
[2025-08-01T03:51:49.349+0000] GC(1694) Survivor regions: 58->51(51)
[2025-08-01T03:51:49.349+0000] GC(1694) Old regions: 1029->1260
[2025-08-01T03:51:49.349+0000] GC(1694) Humongous regions: 0->0
[2025-08-01T03:51:49.349+0000] GC(1694) Metaspace: 10593K(10816K)->10593K(10816K) NonClass: 9335K(9472K)->9335K(9472K) Class: 1258K(1344K)->1258K(1344K)
[2025-08-01T03:51:49.349+0000] GC(1694) Pause Young (Concurrent Start) (G1 Evacuation Pause) 2866M->2621M(4096M) 136.436ms
[2025-08-01T03:51:49.349+0000] GC(1694) User=1.00s Sys=0.03s Real=0.13s
[2025-08-01T03:51:49.349+0000] GC(1695) Concurrent Mark Cycle
[2025-08-01T03:51:49.349+0000] GC(1695) Concurrent Scan Root Regions
[2025-08-01T03:51:49.411+0000] GC(1695) Concurrent Scan Root Regions 61.376ms
[2025-08-01T03:51:49.411+0000] GC(1695) Concurrent Mark
[2025-08-01T03:51:49.411+0000] GC(1695) Concurrent Mark From Roots
[2025-08-01T03:51:49.411+0000] GC(1695) Using 2 workers of 2 for marking
[2025-08-01T03:51:49.454+0000] GC(1696) Pause Young (Normal) (G1 Evacuation Pause)
[2025-08-01T03:51:49.455+0000] GC(1696) Using 8 workers of 8 for evacuation
[2025-08-01T03:51:49.542+0000] GC(1696)   Pre Evacuate Collection Set: 0.6ms
[2025-08-01T03:51:49.542+0000] GC(1696)   Merge Heap Roots: 0.1ms
[2025-08-01T03:51:49.542+0000] GC(1696)   Evacuate Collection Set: 85.0ms
[2025-08-01T03:51:49.542+0000] GC(1696)   Post Evacuate Collection Set: 1.0ms
[2025-08-01T03:51:49.542+0000] GC(1696)   Other: 0.1ms
[2025-08-01T03:51:49.542+0000] GC(1696) Eden regions: 256->0(179)
[2025-08-01T03:51:49.542+0000] GC(1696) Survivor regions: 51->39(39)
[2025-08-01T03:51:49.542+0000] GC(1696) Old regions: 1260->1463
[2025-08-01T03:51:49.542+0000] GC(1696) Humongous regions: 0->0
[2025-08-01T03:51:49.542+0000] GC(1696) Metaspace: 10593K(10816K)->10593K(10816K) NonClass: 9335K(9472K)->9335K(9472K) Class: 1258K(1344K)->1258K(1344K)
[2025-08-01T03:51:49.542+0000] GC(1696) Pause Young (Normal) (G1 Evacuation Pause) 3133M->3003M(4096M) 87.622ms
[2025-08-01T03:51:49.542+0000] GC(1696) User=0.66s Sys=0.02s Real=0.08s
[2025-08-01T03:51:49.561+0000] GC(1695) Concurrent Mark From Roots 149.736ms
[2025-08-01T03:51:49.561+0000] GC(1695) Concurrent Preclean
[2025-08-01T03:51:49.561+0000] GC(1695) Concurrent Preclean 0.026ms
[2025-08-01T03:51:49.561+0000] GC(1695) Pause Remark
[2025-08-01T03:51:49.565+0000] GC(1695) Pause Remark 3163M->1433M(4096M) 3.819ms
[2025-08-01T03:51:49.565+0000] GC(1695) User=0.02s Sys=0.00s Real=0.01s
[2025-08-01T03:51:49.565+0000] GC(1695) Concurrent Mark 154.284ms
[2025-08-01T03:51:49.565+0000] GC(1695) Concurrent Rebuild Remembered Sets and Scrub Regions
[2025-08-01T03:51:49.624+0000] GC(1697) Pause Young (Normal) (G1 Evacuation Pause)
[2025-08-01T03:51:49.624+0000] GC(1697) Using 8 workers of 8 for evacuation
[2025-08-01T03:51:49.704+0000] GC(1697)   Pre Evacuate Collection Set: 1.4ms
[2025-08-01T03:51:49.704+0000] GC(1697)   Merge Heap Roots: 0.3ms
[2025-08-01T03:51:49.704+0000] GC(1697)   Evacuate Collection Set: 76.8ms
[2025-08-01T03:51:49.704+0000] GC(1697)   Post Evacuate Collection Set: 1.0ms
[2025-08-01T03:51:49.704+0000] GC(1697)   Other: 0.1ms
[2025-08-01T03:51:49.704+0000] GC(1697) Eden regions: 179->0(420)
[2025-08-01T03:51:49.704+0000] GC(1697) Survivor regions: 39->28(28)
[2025-08-01T03:51:49.704+0000] GC(1697) Old regions: 598->790
[2025-08-01T03:51:49.704+0000] GC(1697) Humongous regions: 0->0
[2025-08-01T03:51:49.704+0000] GC(1697) Metaspace: 10593K(10816K)->10593K(10816K) NonClass: 9335K(9472K)->9335K(9472K) Class: 1258K(1344K)->1258K(1344K)
[2025-08-01T03:51:49.704+0000] GC(1697) Pause Young (Normal) (G1 Evacuation Pause) 1631M->1634M(4096M) 79.926ms
[2025-08-01T03:51:49.704+0000] GC(1697) User=0.59s Sys=0.02s Real=0.08s
[2025-08-01T03:51:49.769+0000] GC(1695) Concurrent Rebuild Remembered Sets and Scrub Regions 203.303ms
[2025-08-01T03:51:49.769+0000] GC(1695) Pause Cleanup
[2025-08-01T03:51:49.770+0000] GC(1695) Pause Cleanup 1872M->1872M(4096M) 1.039ms
[2025-08-01T03:51:49.770+0000] GC(1695) User=0.01s Sys=0.00s Real=0.00s
[2025-08-01T03:51:49.770+0000] GC(1695) Concurrent Clear Claimed Marks
[2025-08-01T03:51:49.770+0000] GC(1695) Concurrent Clear Claimed Marks 0.067ms
[2025-08-01T03:51:49.770+0000] GC(1695) Concurrent Cleanup for Next Mark
[2025-08-01T03:51:49.783+0000] GC(1695) Concurrent Cleanup for Next Mark 12.909ms
[2025-08-01T03:51:49.783+0000] GC(1695) Concurrent Mark Cycle 433.986ms
[2025-08-01T03:51:49.876+0000] GC(1698) Pause Young (Prepare Mixed) (G1 Evacuation Pause)
[2025-08-01T03:51:49.877+0000] GC(1698) Using 8 workers of 8 for evacuation
[2025-08-01T03:51:50.035+0000] GC(1698)   Pre Evacuate Collection Set: 1.1ms
[2025-08-01T03:51:50.035+0000] GC(1698)   Merge Heap Roots: 0.6ms
[2025-08-01T03:51:50.035+0000] GC(1698)   Evacuate Collection Set: 155.1ms
[2025-08-01T03:51:50.035+0000] GC(1698)   Post Evacuate Collection Set: 0.8ms
[2025-08-01T03:51:50.035+0000] GC(1698)   Other: 0.5ms
[2025-08-01T03:51:50.035+0000] GC(1698) Eden regions: 420->0(284)
[2025-08-01T03:51:50.035+0000] GC(1698) Survivor regions: 28->56(56)
[2025-08-01T03:51:50.035+0000] GC(1698) Old regions: 790->1109
[2025-08-01T03:51:50.035+0000] GC(1698) Humongous regions: 0->0
[2025-08-01T03:51:50.035+0000] GC(1698) Metaspace: 10593K(10816K)->10593K(10816K) NonClass: 9335K(9472K)->9335K(9472K) Class: 1258K(1344K)->1258K(1344K)
[2025-08-01T03:51:50.035+0000] GC(1698) Pause Young (Prepare Mixed) (G1 Evacuation Pause) 2474M->2328M(4096M) 158.492ms
[2025-08-01T03:51:50.035+0000] GC(1698) User=1.18s Sys=0.05s Real=0.16s
[2025-08-01T03:51:50.175+0000] GC(1699) Pause Young (Mixed) (G1 Evacuation Pause)
[2025-08-01T03:51:50.175+0000] GC(1699) Using 8 workers of 8 for evacuation
[2025-08-01T03:51:50.343+0000] GC(1699)   Pre Evacuate Collection Set: 1.0ms
[2025-08-01T03:51:50.343+0000] GC(1699)   Merge Heap Roots: 0.3ms
[2025-08-01T03:51:50.343+0000] GC(1699)   Evacuate Collection Set: 165.0ms
[2025-08-01T03:51:50.343+0000] GC(1699)   Post Evacuate Collection Set: 2.0ms
[2025-08-01T03:51:50.343+0000] GC(1699)   Other: 0.2ms
[2025-08-01T03:51:50.343+0000] GC(1699) Eden regions: 284->0(226)
[2025-08-01T03:51:50.343+0000] GC(1699) Survivor regions: 56->43(43)
[2025-08-01T03:51:50.343+0000] GC(1699) Old regions: 1109->1297
[2025-08-01T03:51:50.343+0000] GC(1699) Humongous regions: 0->0
[2025-08-01T03:51:50.343+0000] GC(1699) Metaspace: 10593K(10816K)->10593K(10816K) NonClass: 9335K(9472K)->9335K(9472K) Class: 1258K(1344K)->1258K(1344K)
[2025-08-01T03:51:50.344+0000] GC(1699) Pause Young (Mixed) (G1 Evacuation Pause) 2896M->2678M(4096M) 169.010ms
[2025-08-01T03:51:50.344+0000] GC(1699) User=1.27s Sys=0.03s Real=0.17s
[2025-08-01T03:51:50.447+0000] GC(1700) Pause Young (Concurrent Start) (G1 Evacuation Pause)
[2025-08-01T03:51:50.448+0000] GC(1700) Using 8 workers of 8 for evacuation
[2025-08-01T03:51:50.618+0000] GC(1700)   Pre Evacuate Collection Set: 1.2ms
[2025-08-01T03:51:50.618+0000] GC(1700)   Merge Heap Roots: 0.1ms
[2025-08-01T03:51:50.618+0000] GC(1700)   Evacuate Collection Set: 167.5ms
[2025-08-01T03:51:50.618+0000] GC(1700)   Post Evacuate Collection Set: 1.5ms
[2025-08-01T03:51:50.618+0000] GC(1700)   Other: 0.2ms
[2025-08-01T03:51:50.618+0000] GC(1700) Eden regions: 226->0(149)
[2025-08-01T03:51:50.618+0000] GC(1700) Survivor regions: 43->34(34)
[2025-08-01T03:51:50.618+0000] GC(1700) Old regions: 1297->1533
[2025-08-01T03:51:50.618+0000] GC(1700) Humongous regions: 0->0
[2025-08-01T03:51:50.618+0000] GC(1700) Metaspace: 10593K(10816K)->10593K(10816K) NonClass: 9335K(9472K)->9335K(9472K) Class: 1258K(1344K)->1258K(1344K)
[2025-08-01T03:51:50.618+0000] GC(1700) Pause Young (Concurrent Start) (G1 Evacuation Pause) 3130M->3133M(4096M) 170.941ms
[2025-08-01T03:51:50.618+0000] GC(1700) User=1.15s Sys=0.07s Real=0.17s
[2025-08-01T03:51:50.618+0000] GC(1701) Concurrent Mark Cycle
[2025-08-01T03:51:50.619+0000] GC(1701) Concurrent Scan Root Regions
[2025-08-01T03:51:50.674+0000] GC(1701) Concurrent Scan Root Regions 55.341ms
[2025-08-01T03:51:50.674+0000] GC(1701) Concurrent Mark
[2025-08-01T03:51:50.674+0000] GC(1701) Concurrent Mark From Roots
[2025-08-01T03:51:50.674+0000] GC(1701) Using 2 workers of 2 for marking
[2025-08-01T03:51:50.690+0000] GC(1702) Pause Young (Normal) (G1 Evacuation Pause)
[2025-08-01T03:51:50.690+0000] GC(1702) Using 8 workers of 8 for evacuation
[2025-08-01T03:51:50.735+0000] GC(1702)   Pre Evacuate Collection Set: 0.6ms
[2025-08-01T03:51:50.735+0000] GC(1702)   Merge Heap Roots: 0.1ms
[2025-08-01T03:51:50.735+0000] GC(1702)   Evacuate Collection Set: 42.6ms
[2025-08-01T03:51:50.735+0000] GC(1702)   Post Evacuate Collection Set: 1.1ms
[2025-08-01T03:51:50.735+0000] GC(1702)   Other: 0.1ms
[2025-08-01T03:51:50.735+0000] GC(1702) Eden regions: 149->0(125)
[2025-08-01T03:51:50.735+0000] GC(1702) Survivor regions: 34->23(23)
[2025-08-01T03:51:50.735+0000] GC(1702) Old regions: 1533->1631
[2025-08-01T03:51:50.735+0000] GC(1702) Humongous regions: 0->0
[2025-08-01T03:51:50.735+0000] GC(1702) Metaspace: 10593K(10816K)->10593K(10816K) NonClass: 9335K(9472K)->9335K(9472K) Class: 1258K(1344K)->1258K(1344K)
[2025-08-01T03:51:50.735+0000] GC(1702) Pause Young (Normal) (G1 Evacuation Pause) 3431M->3306M(4096M) 44.776ms
[2025-08-01T03:51:50.735+0000] GC(1702) User=0.32s Sys=0.01s Real=0.05s
[2025-08-01T03:51:50.760+0000] GC(1703) Pause Young (Normal) (G1 Evacuation Pause)
[2025-08-01T03:51:50.760+0000] GC(1703) Using 8 workers of 8 for evacuation
[2025-08-01T03:51:50.810+0000] GC(1703)   Pre Evacuate Collection Set: 0.6ms
[2025-08-01T03:51:50.810+0000] GC(1703)   Merge Heap Roots: 0.1ms
[2025-08-01T03:51:50.810+0000] GC(1703)   Evacuate Collection Set: 48.6ms
[2025-08-01T03:51:50.810+0000] GC(1703)   Post Evacuate Collection Set: 0.9ms
[2025-08-01T03:51:50.810+0000] GC(1703)   Other: 0.1ms
[2025-08-01T03:51:50.810+0000] GC(1703) Eden regions: 125->0(83)
[2025-08-01T03:51:50.810+0000] GC(1703) Survivor regions: 23->19(19)
[2025-08-01T03:51:50.810+0000] GC(1703) Old regions: 1631->1761
[2025-08-01T03:51:50.810+0000] GC(1703) Humongous regions: 0->0
[2025-08-01T03:51:50.810+0000] GC(1703) Metaspace: 10593K(10816K)->10593K(10816K) NonClass: 9335K(9472K)->9335K(9472K) Class: 1258K(1344K)->1258K(1344K)
[2025-08-01T03:51:50.810+0000] GC(1703) Pause Young (Normal) (G1 Evacuation Pause) 3556M->3559M(4096M) 50.550ms
[2025-08-01T03:51:50.810+0000] GC(1703) User=0.38s Sys=0.02s Real=0.05s
[2025-08-01T03:51:50.869+0000] GC(1704) Pause Young (Normal) (G1 Evacuation Pause)
[2025-08-01T03:51:50.869+0000] GC(1704) Using 8 workers of 8 for evacuation
[2025-08-01T03:51:50.909+0000] GC(1704)   Pre Evacuate Collection Set: 1.0ms
[2025-08-01T03:51:50.909+0000] GC(1704)   Merge Heap Roots: 0.3ms
[2025-08-01T03:51:50.909+0000] GC(1704)   Evacuate Collection Set: 37.5ms
[2025-08-01T03:51:50.909+0000] GC(1704)   Post Evacuate Collection Set: 1.0ms
[2025-08-01T03:51:50.909+0000] GC(1704)   Other: 0.1ms
[2025-08-01T03:51:50.909+0000] GC(1704) Eden regions: 83->0(89)
[2025-08-01T03:51:50.909+0000] GC(1704) Survivor regions: 19->13(13)
[2025-08-01T03:51:50.909+0000] GC(1704) Old regions: 1761->1852
[2025-08-01T03:51:50.909+0000] GC(1704) Humongous regions: 0->0
[2025-08-01T03:51:50.909+0000] GC(1704) Metaspace: 10593K(10816K)->10593K(10816K) NonClass: 9335K(9472K)->9335K(9472K) Class: 1258K(1344K)->1258K(1344K)
[2025-08-01T03:51:50.909+0000] GC(1704) Pause Young (Normal) (G1 Evacuation Pause) 3725M->3728M(4096M) 40.151ms
[2025-08-01T03:51:50.909+0000] GC(1704) User=0.29s Sys=0.01s Real=0.04s
[2025-08-01T03:51:50.926+0000] GC(1705) Pause Young (Normal) (G1 Evacuation Pause)
[2025-08-01T03:51:50.926+0000] GC(1705) Using 8 workers of 8 for evacuation
[2025-08-01T03:51:50.961+0000] GC(1705)   Pre Evacuate Collection Set: 0.9ms
[2025-08-01T03:51:50.961+0000] GC(1705)   Merge Heap Roots: 0.2ms
[2025-08-01T03:51:50.961+0000] GC(1705)   Evacuate Collection Set: 32.1ms
[2025-08-01T03:51:50.961+0000] GC(1705)   Post Evacuate Collection Set: 1.6ms
[2025-08-01T03:51:50.961+0000] GC(1705)   Other: 0.1ms
[2025-08-01T03:51:50.961+0000] GC(1705) Eden regions: 89->0(62)
[2025-08-01T03:51:50.961+0000] GC(1705) Survivor regions: 13->13(13)
[2025-08-01T03:51:50.961+0000] GC(1705) Old regions: 1852->1960
[2025-08-01T03:51:50.961+0000] GC(1705) Humongous regions: 0->0
[2025-08-01T03:51:50.961+0000] GC(1705) Metaspace: 10593K(10816K)->10593K(10816K) NonClass: 9335K(9472K)->9335K(9472K) Class: 1258K(1344K)->1258K(1344K)
[2025-08-01T03:51:50.962+0000] GC(1705) Pause Young (Normal) (G1 Evacuation Pause) (Evacuation Failure) 3906M->3945M(4096M) 35.366ms
[2025-08-01T03:51:50.962+0000] GC(1705) User=0.25s Sys=0.00s Real=0.03s
[2025-08-01T03:51:50.973+0000] GC(1706) Pause Young (Normal) (G1 Evacuation Pause)
[2025-08-01T03:51:50.973+0000] GC(1706) Using 8 workers of 8 for evacuation
[2025-08-01T03:51:50.996+0000] GC(1706)   Pre Evacuate Collection Set: 0.8ms
[2025-08-01T03:51:50.996+0000] GC(1706)   Merge Heap Roots: 0.2ms
[2025-08-01T03:51:50.996+0000] GC(1706)   Evacuate Collection Set: 14.3ms
[2025-08-01T03:51:50.996+0000] GC(1706)   Post Evacuate Collection Set: 7.0ms
[2025-08-01T03:51:50.996+0000] GC(1706)   Other: 0.1ms
[2025-08-01T03:51:50.996+0000] GC(1706) Eden regions: 62->0(0)
[2025-08-01T03:51:50.996+0000] GC(1706) Survivor regions: 13->6(10)
[2025-08-01T03:51:50.996+0000] GC(1706) Old regions: 1960->2041
[2025-08-01T03:51:50.996+0000] GC(1706) Humongous regions: 0->0
[2025-08-01T03:51:50.996+0000] GC(1706) Metaspace: 10593K(10816K)->10593K(10816K) NonClass: 9335K(9472K)->9335K(9472K) Class: 1258K(1344K)->1258K(1344K)
[2025-08-01T03:51:50.996+0000] GC(1706) Pause Young (Normal) (G1 Evacuation Pause) (Evacuation Failure) 4069M->4093M(4096M) 22.802ms
[2025-08-01T03:51:50.996+0000] GC(1706) User=0.15s Sys=0.00s Real=0.02s
[2025-08-01T03:51:50.996+0000] Attempting full compaction
[2025-08-01T03:51:50.996+0000] GC(1707) Pause Full (G1 Compaction Pause)
[2025-08-01T03:51:50.996+0000] GC(1707) Using 8 workers of 8 for full compaction
[2025-08-01T03:51:51.001+0000] GC(1707) Phase 1: Mark live objects
[2025-08-01T03:51:51.052+0000] GC(1707) Phase 1: Mark live objects 51.131ms
[2025-08-01T03:51:51.053+0000] GC(1707) Phase 2: Prepare compaction
[2025-08-01T03:51:51.071+0000] GC(1707) Phase 2: Prepare compaction 18.086ms
[2025-08-01T03:51:51.071+0000] GC(1707) Phase 3: Adjust pointers
[2025-08-01T03:51:51.125+0000] GC(1707) Phase 3: Adjust pointers 54.641ms
[2025-08-01T03:51:51.125+0000] GC(1707) Phase 4: Compact heap
[2025-08-01T03:51:51.170+0000] GC(1707) Phase 4: Compact heap 44.394ms
[2025-08-01T03:51:51.170+0000] GC(1707) Phase 5: Reset Metadata
[2025-08-01T03:51:51.200+0000] GC(1707) Phase 5: Reset Metadata 30.381ms
[2025-08-01T03:51:51.207+0000] GC(1707) Eden regions: 0->0(479)
[2025-08-01T03:51:51.207+0000] GC(1707) Survivor regions: 6->0(10)
[2025-08-01T03:51:51.207+0000] GC(1707) Old regions: 2041->596
[2025-08-01T03:51:51.208+0000] GC(1707) Humongous regions: 0->0
[2025-08-01T03:51:51.208+0000] GC(1707) Metaspace: 10593K(10816K)->10593K(10816K) NonClass: 9335K(9472K)->9335K(9472K) Class: 1258K(1344K)->1258K(1344K)
[2025-08-01T03:51:51.208+0000] GC(1707) Pause Full (G1 Compaction Pause) 4093M->1183M(4096M) 211.478ms
[2025-08-01T03:51:51.208+0000] GC(1707) User=1.50s Sys=0.02s Real=0.21s
[2025-08-01T03:51:51.208+0000] GC(1701) Concurrent Mark From Roots 533.943ms
[2025-08-01T03:51:51.208+0000] GC(1701) Concurrent Mark Abort
[2025-08-01T03:51:51.208+0000] GC(1701) Concurrent Mark Cycle 589.459ms
[2025-08-01T03:51:51.449+0000] GC(1708) Pause Young (Normal) (G1 Evacuation Pause)
[2025-08-01T03:51:51.449+0000] GC(1708) Using 8 workers of 8 for evacuation
[2025-08-01T03:51:51.619+0000] GC(1708)   Pre Evacuate Collection Set: 1.2ms
[2025-08-01T03:51:51.619+0000] GC(1708)   Merge Heap Roots: 0.5ms
[2025-08-01T03:51:51.619+0000] GC(1708)   Evacuate Collection Set: 166.3ms
[2025-08-01T03:51:51.619+0000] GC(1708)   Post Evacuate Collection Set: 1.7ms
[2025-08-01T03:51:51.619+0000] GC(1708)   Other: 0.2ms
[2025-08-01T03:51:51.619+0000] GC(1708) Eden regions: 479->0(356)
[2025-08-01T03:51:51.619+0000] GC(1708) Survivor regions: 0->60(60)
[2025-08-01T03:51:51.619+0000] GC(1708) Old regions: 596->905
[2025-08-01T03:51:51.619+0000] GC(1708) Humongous regions: 0->0
[2025-08-01T03:51:51.619+0000] GC(1708) Metaspace: 10593K(10816K)->10593K(10816K) NonClass: 9335K(9472K)->9335K(9472K) Class: 1258K(1344K)->1258K(1344K)
[2025-08-01T03:51:51.619+0000] GC(1708) Pause Young (Normal) (G1 Evacuation Pause) 2141M->1921M(4096M) 170.057ms
[2025-08-01T03:51:51.620+0000] GC(1708) User=1.21s Sys=0.07s Real=0.17s
[2025-08-01T03:51:51.782+0000] GC(1709) Pause Young (Concurrent Start) (G1 Evacuation Pause)
[2025-08-01T03:51:51.782+0000] GC(1709) Using 8 workers of 8 for evacuation
[2025-08-01T03:51:51.966+0000] GC(1709)   Pre Evacuate Collection Set: 1.1ms
[2025-08-01T03:51:51.966+0000] GC(1709)   Merge Heap Roots: 0.3ms
[2025-08-01T03:51:51.966+0000] GC(1709)   Evacuate Collection Set: 181.1ms
[2025-08-01T03:51:51.966+0000] GC(1709)   Post Evacuate Collection Set: 0.9ms
[2025-08-01T03:51:51.966+0000] GC(1709)   Other: 0.2ms
[2025-08-01T03:51:51.966+0000] GC(1709) Eden regions: 356->0(243)
[2025-08-01T03:51:51.966+0000] GC(1709) Survivor regions: 60->52(52)
[2025-08-01T03:51:51.966+0000] GC(1709) Old regions: 905->1226
[2025-08-01T03:51:51.966+0000] GC(1709) Humongous regions: 0->0
[2025-08-01T03:51:51.966+0000] GC(1709) Metaspace: 10593K(10816K)->10593K(10816K) NonClass: 9335K(9472K)->9335K(9472K) Class: 1258K(1344K)->1258K(1344K)
[2025-08-01T03:51:51.966+0000] GC(1709) Pause Young (Concurrent Start) (G1 Evacuation Pause) 2633M->2546M(4096M) 183.873ms
[2025-08-01T03:51:51.966+0000] GC(1709) User=1.37s Sys=0.04s Real=0.19s
[2025-08-01T03:51:51.966+0000] GC(1710) Concurrent Mark Cycle
[2025-08-01T03:51:51.966+0000] GC(1710) Concurrent Scan Root Regions
[2025-08-01T03:51:52.044+0000] GC(1710) Concurrent Scan Root Regions 77.790ms
[2025-08-01T03:51:52.044+0000] GC(1710) Concurrent Mark
[2025-08-01T03:51:52.044+0000] GC(1710) Concurrent Mark From Roots
[2025-08-01T03:51:52.044+0000] GC(1710) Using 2 workers of 2 for marking
[2025-08-01T03:51:52.070+0000] GC(1711) Pause Young (Normal) (G1 Evacuation Pause)
[2025-08-01T03:51:52.070+0000] GC(1711) Using 8 workers of 8 for evacuation
[2025-08-01T03:51:52.165+0000] GC(1711)   Pre Evacuate Collection Set: 1.1ms
[2025-08-01T03:51:52.165+0000] GC(1711)   Merge Heap Roots: 0.3ms
[2025-08-01T03:51:52.165+0000] GC(1711)   Evacuate Collection Set: 91.9ms
[2025-08-01T03:51:52.165+0000] GC(1711)   Post Evacuate Collection Set: 1.2ms
[2025-08-01T03:51:52.165+0000] GC(1711)   Other: 0.1ms
[2025-08-01T03:51:52.165+0000] GC(1711) Eden regions: 243->0(183)
[2025-08-01T03:51:52.165+0000] GC(1711) Survivor regions: 52->37(37)
[2025-08-01T03:51:52.165+0000] GC(1711) Old regions: 1226->1431
[2025-08-01T03:51:52.165+0000] GC(1711) Humongous regions: 0->0
[2025-08-01T03:51:52.165+0000] GC(1711) Metaspace: 10593K(10816K)->10593K(10816K) NonClass: 9335K(9472K)->9335K(9472K) Class: 1258K(1344K)->1258K(1344K)
[2025-08-01T03:51:52.165+0000] GC(1711) Pause Young (Normal) (G1 Evacuation Pause) 3032M->2927M(4096M) 94.950ms
[2025-08-01T03:51:52.165+0000] GC(1711) User=0.69s Sys=0.02s Real=0.10s
[2025-08-01T03:51:52.238+0000] GC(1710) Concurrent Mark From Roots 193.624ms
[2025-08-01T03:51:52.238+0000] GC(1710) Concurrent Preclean
[2025-08-01T03:51:52.238+0000] GC(1710) Concurrent Preclean 0.042ms
[2025-08-01T03:51:52.238+0000] GC(1710) Pause Remark
[2025-08-01T03:51:52.241+0000] GC(1710) Pause Remark 3261M->2099M(4096M) 3.360ms
[2025-08-01T03:51:52.241+0000] GC(1710) User=0.00s Sys=0.00s Real=0.00s
[2025-08-01T03:51:52.242+0000] GC(1710) Concurrent Mark 197.788ms
[2025-08-01T03:51:52.242+0000] GC(1710) Concurrent Rebuild Remembered Sets and Scrub Regions
[2025-08-01T03:51:52.245+0000] GC(1712) Pause Young (Normal) (G1 Evacuation Pause)
[2025-08-01T03:51:52.245+0000] GC(1712) Using 8 workers of 8 for evacuation
[2025-08-01T03:51:52.312+0000] GC(1712)   Pre Evacuate Collection Set: 0.8ms
[2025-08-01T03:51:52.312+0000] GC(1712)   Merge Heap Roots: 0.2ms
[2025-08-01T03:51:52.312+0000] GC(1712)   Evacuate Collection Set: 64.7ms
[2025-08-01T03:51:52.312+0000] GC(1712)   Post Evacuate Collection Set: 1.1ms
[2025-08-01T03:51:52.312+0000] GC(1712)   Other: 0.1ms
[2025-08-01T03:51:52.312+0000] GC(1712) Eden regions: 183->0(337)
[2025-08-01T03:51:52.312+0000] GC(1712) Survivor regions: 37->28(28)
[2025-08-01T03:51:52.312+0000] GC(1712) Old regions: 846->994
[2025-08-01T03:51:52.312+0000] GC(1712) Humongous regions: 0->0
[2025-08-01T03:51:52.312+0000] GC(1712) Metaspace: 10593K(10816K)->10593K(10816K) NonClass: 9335K(9472K)->9335K(9472K) Class: 1258K(1344K)->1258K(1344K)
[2025-08-01T03:51:52.312+0000] GC(1712) Pause Young (Normal) (G1 Evacuation Pause) 2131M->2043M(4096M) 67.241ms
[2025-08-01T03:51:52.313+0000] GC(1712) User=0.49s Sys=0.03s Real=0.06s
[2025-08-01T03:51:52.459+0000] GC(1713) Pause Young (Normal) (G1 Evacuation Pause)
[2025-08-01T03:51:52.459+0000] GC(1713) Using 8 workers of 8 for evacuation
[2025-08-01T03:51:52.584+0000] GC(1713)   Pre Evacuate Collection Set: 0.6ms
[2025-08-01T03:51:52.584+0000] GC(1713)   Merge Heap Roots: 0.2ms
[2025-08-01T03:51:52.584+0000] GC(1713)   Evacuate Collection Set: 123.1ms
[2025-08-01T03:51:52.584+0000] GC(1713)   Post Evacuate Collection Set: 1.0ms
[2025-08-01T03:51:52.584+0000] GC(1713)   Other: 0.1ms
[2025-08-01T03:51:52.584+0000] GC(1713) Eden regions: 337->0(241)
[2025-08-01T03:51:52.585+0000] GC(1713) Survivor regions: 28->46(46)
[2025-08-01T03:51:52.585+0000] GC(1713) Old regions: 994->1261
[2025-08-01T03:51:52.585+0000] GC(1713) Humongous regions: 0->0
[2025-08-01T03:51:52.585+0000] GC(1713) Metaspace: 10593K(10816K)->10593K(10816K) NonClass: 9335K(9472K)->9335K(9472K) Class: 1258K(1344K)->1258K(1344K)
[2025-08-01T03:51:52.585+0000] GC(1713) Pause Young (Normal) (G1 Evacuation Pause) 2717M->2612M(4096M) 125.362ms
[2025-08-01T03:51:52.585+0000] GC(1713) User=0.94s Sys=0.03s Real=0.13s
[2025-08-01T03:51:52.629+0000] GC(1710) Concurrent Rebuild Remembered Sets and Scrub Regions 387.547ms
[2025-08-01T03:51:52.629+0000] GC(1710) Pause Cleanup
[2025-08-01T03:51:52.630+0000] GC(1710) Pause Cleanup 2904M->2904M(4096M) 0.967ms
[2025-08-01T03:51:52.630+0000] GC(1710) User=0.00s Sys=0.00s Real=0.00s
[2025-08-01T03:51:52.630+0000] GC(1710) Concurrent Clear Claimed Marks
[2025-08-01T03:51:52.631+0000] GC(1710) Concurrent Clear Claimed Marks 0.049ms
[2025-08-01T03:51:52.631+0000] GC(1710) Concurrent Cleanup for Next Mark
[2025-08-01T03:51:52.639+0000] GC(1710) Concurrent Cleanup for Next Mark 8.227ms
[2025-08-01T03:51:52.639+0000] GC(1710) Concurrent Mark Cycle 673.024ms
[2025-08-01T03:51:52.673+0000] GC(1714) Pause Young (Prepare Mixed) (G1 Evacuation Pause)
[2025-08-01T03:51:52.673+0000] GC(1714) Using 8 workers of 8 for evacuation
[2025-08-01T03:51:52.760+0000] GC(1714)   Pre Evacuate Collection Set: 0.7ms
[2025-08-01T03:51:52.760+0000] GC(1714)   Merge Heap Roots: 0.5ms
[2025-08-01T03:51:52.760+0000] GC(1714)   Evacuate Collection Set: 84.4ms
[2025-08-01T03:51:52.760+0000] GC(1714)   Post Evacuate Collection Set: 0.8ms
[2025-08-01T03:51:52.760+0000] GC(1714)   Other: 0.1ms
[2025-08-01T03:51:52.760+0000] GC(1714) Eden regions: 241->0(174)
[2025-08-01T03:51:52.760+0000] GC(1714) Survivor regions: 46->36(36)
[2025-08-01T03:51:52.760+0000] GC(1714) Old regions: 1261->1463
