[2025-08-01T03:41:50.700+0000] CardTable entry size: 512
[2025-08-01T03:41:50.700+0000] Using Parallel
[2025-08-01T03:41:50.722+0000] Version: 21.0.8+9-Ubuntu-0ubuntu124.04.1 (release)
[2025-08-01T03:41:50.722+0000] CPUs: 8 total, 8 available
[2025-08-01T03:41:50.723+0000] Memory: 7940M
[2025-08-01T03:41:50.723+0000] Large Page Support: Disabled
[2025-08-01T03:41:50.723+0000] NUMA Support: Disabled
[2025-08-01T03:41:50.723+0000] Compressed Oops: Enabled (Zero based)
[2025-08-01T03:41:50.723+0000] Alignments: Space 512K, Generation 512K, Heap 2M
[2025-08-01T03:41:50.723+0000] Heap Min Capacity: 4G
[2025-08-01T03:41:50.723+0000] Heap Initial Capacity: 4G
[2025-08-01T03:41:50.723+0000] Heap Max Capacity: 4G
[2025-08-01T03:41:50.723+0000] Pre-touch: Disabled
[2025-08-01T03:41:50.723+0000] Parallel Workers: 8
[2025-08-01T03:41:50.746+0000] CDS archive(s) mapped at: [0x00007cdc7e000000-0x00007cdc7eca0000-0x00007cdc7eca0000), size 13238272, SharedBaseAddress: 0x00007cdc7e000000, ArchiveRelocationMode: 1.
[2025-08-01T03:41:50.746+0000] Compressed class space mapped at: 0x00007cdc7f000000-0x00007cdcbf000000, reserved size: 1073741824
[2025-08-01T03:41:50.746+0000] Narrow klass base: 0x00007cdc7e000000, Narrow klass shift: 0, Narrow klass range: 0x100000000
[2025-08-01T03:41:52.698+0000] GC(0) Pause Young (Allocation Failure)
[2025-08-01T03:41:53.148+0000] GC(0) PSYoungGen: 1048576K(1223168K)->174583K(1223168K) Eden: 1048576K(1048576K)->0K(1048576K) From: 0K(174592K)->174583K(174592K)
[2025-08-01T03:41:53.148+0000] GC(0) ParOldGen: 1074K(2796544K)->736770K(2796544K)
[2025-08-01T03:41:53.148+0000] GC(0) Metaspace: 10656K(10880K)->10656K(10880K) NonClass: 9390K(9536K)->9390K(9536K) Class: 1265K(1344K)->1265K(1344K)
[2025-08-01T03:41:53.148+0000] GC(0) Pause Young (Allocation Failure) 1025M->889M(3925M) 449.979ms
[2025-08-01T03:41:53.148+0000] GC(0) User=0.90s Sys=2.59s Real=0.45s
[2025-08-01T03:41:53.436+0000] GC(1) Pause Young (Allocation Failure)
[2025-08-01T03:41:53.459+0000] GC(1) PSYoungGen: 1223159K(1223168K)->23173K(1223168K) Eden: 1048576K(1048576K)->0K(1048576K) From: 174583K(174592K)->23173K(174592K)
[2025-08-01T03:41:53.459+0000] GC(1) ParOldGen: 736770K(2796544K)->736778K(2796544K)
[2025-08-01T03:41:53.459+0000] GC(1) Metaspace: 10662K(10880K)->10662K(10880K) NonClass: 9396K(9536K)->9396K(9536K) Class: 1265K(1344K)->1265K(1344K)
[2025-08-01T03:41:53.459+0000] GC(1) Pause Young (Allocation Failure) 1913M->742M(3925M) 23.414ms
[2025-08-01T03:41:53.459+0000] GC(1) User=0.05s Sys=0.10s Real=0.02s
[2025-08-01T03:41:53.658+0000] GC(2) Pause Young (Allocation Failure)
[2025-08-01T03:41:54.148+0000] GC(2) PSYoungGen: 1071749K(1223168K)->174565K(1223168K) Eden: 1048576K(1048576K)->0K(1048576K) From: 23173K(174592K)->174565K(174592K)
[2025-08-01T03:41:54.148+0000] GC(2) ParOldGen: 736778K(2796544K)->1683714K(2796544K)
[2025-08-01T03:41:54.148+0000] GC(2) Metaspace: 10662K(10880K)->10662K(10880K) NonClass: 9396K(9536K)->9396K(9536K) Class: 1265K(1344K)->1265K(1344K)
[2025-08-01T03:41:54.148+0000] GC(2) Pause Young (Allocation Failure) 1766M->1814M(3925M) 490.626ms
[2025-08-01T03:41:54.148+0000] GC(2) User=1.14s Sys=2.74s Real=0.49s
[2025-08-01T03:41:54.404+0000] GC(3) Pause Full (Ergonomics)
[2025-08-01T03:41:54.404+0000] GC(3) Marking Phase
[2025-08-01T03:41:54.632+0000] GC(3) Marking Phase 228.640ms
[2025-08-01T03:41:54.632+0000] GC(3) Summary Phase
[2025-08-01T03:41:54.633+0000] GC(3) Summary Phase 0.492ms
[2025-08-01T03:41:54.633+0000] GC(3) Adjust Roots
[2025-08-01T03:41:54.635+0000] GC(3) Adjust Roots 2.530ms
[2025-08-01T03:41:54.635+0000] GC(3) Compaction Phase
[2025-08-01T03:41:54.683+0000] GC(3) Compaction Phase 47.590ms
[2025-08-01T03:41:54.683+0000] GC(3) Post Compact
[2025-08-01T03:41:54.807+0000] GC(3) Post Compact 124.332ms
[2025-08-01T03:41:54.808+0000] GC(3) PSYoungGen: 1223141K(1223168K)->0K(1223168K) Eden: 1048576K(1048576K)->0K(1048576K) From: 174565K(174592K)->0K(174592K)
[2025-08-01T03:41:54.808+0000] GC(3) ParOldGen: 1683714K(2796544K)->232722K(2796544K)
[2025-08-01T03:41:54.808+0000] GC(3) Metaspace: 10662K(10880K)->10662K(10880K) NonClass: 9396K(9536K)->9396K(9536K) Class: 1265K(1344K)->1265K(1344K)
[2025-08-01T03:41:54.808+0000] GC(3) Pause Full (Ergonomics) 2838M->227M(3925M) 404.020ms
[2025-08-01T03:41:54.808+0000] GC(3) User=0.52s Sys=1.72s Real=0.40s
[2025-08-01T03:41:55.055+0000] GC(4) Pause Young (Allocation Failure)
[2025-08-01T03:41:55.288+0000] GC(4) PSYoungGen: 1048576K(1223168K)->174592K(1223168K) Eden: 1048576K(1048576K)->0K(1048576K) From: 0K(174592K)->174592K(174592K)
[2025-08-01T03:41:55.288+0000] GC(4) ParOldGen: 232722K(2796544K)->1169154K(2796544K)
[2025-08-01T03:41:55.288+0000] GC(4) Metaspace: 10662K(10880K)->10662K(10880K) NonClass: 9396K(9536K)->9396K(9536K) Class: 1265K(1344K)->1265K(1344K)
[2025-08-01T03:41:55.288+0000] GC(4) Pause Young (Allocation Failure) 1251M->1312M(3925M) 233.085ms
[2025-08-01T03:41:55.288+0000] GC(4) User=1.75s Sys=0.09s Real=0.23s
[2025-08-01T03:41:55.535+0000] GC(5) Pause Young (Allocation Failure)
[2025-08-01T03:41:55.771+0000] GC(5) PSYoungGen: 1223168K(1223168K)->174592K(640512K) Eden: 1048576K(1048576K)->0K(465920K) From: 174592K(174592K)->174592K(174592K)
[2025-08-01T03:41:55.771+0000] GC(5) ParOldGen: 1169154K(2796544K)->1475130K(2796544K)
[2025-08-01T03:41:55.771+0000] GC(5) Metaspace: 10662K(10880K)->10662K(10880K) NonClass: 9396K(9536K)->9396K(9536K) Class: 1265K(1344K)->1265K(1344K)
[2025-08-01T03:41:55.771+0000] GC(5) Pause Young (Allocation Failure) 2336M->1611M(3356M) 235.753ms
[2025-08-01T03:41:55.771+0000] GC(5) User=0.96s Sys=0.87s Real=0.23s
[2025-08-01T03:41:55.860+0000] GC(6) Pause Young (Allocation Failure)
[2025-08-01T03:41:56.029+0000] GC(6) PSYoungGen: 640512K(640512K)->465920K(931840K) Eden: 465920K(465920K)->0K(465920K) From: 174592K(174592K)->465920K(465920K)
[2025-08-01T03:41:56.029+0000] GC(6) ParOldGen: 1475130K(2796544K)->1665978K(2796544K)
[2025-08-01T03:41:56.029+0000] GC(6) Metaspace: 10662K(10880K)->10662K(10880K) NonClass: 9396K(9536K)->9396K(9536K) Class: 1265K(1344K)->1265K(1344K)
[2025-08-01T03:41:56.029+0000] GC(6) Pause Young (Allocation Failure) 2066M->2081M(3641M) 168.722ms
[2025-08-01T03:41:56.029+0000] GC(6) User=1.13s Sys=0.18s Real=0.17s
[2025-08-01T03:41:56.119+0000] GC(7) Pause Young (Allocation Failure)
[2025-08-01T03:41:56.433+0000] GC(7) PSYoungGen: 931840K(931840K)->465920K(931840K) Eden: 465920K(465920K)->0K(465920K) From: 465920K(465920K)->465920K(465920K)
[2025-08-01T03:41:56.434+0000] GC(7) ParOldGen: 1665978K(2796544K)->2167538K(2796544K)
[2025-08-01T03:41:56.434+0000] GC(7) Metaspace: 10662K(10880K)->10662K(10880K) NonClass: 9396K(9536K)->9396K(9536K) Class: 1265K(1344K)->1265K(1344K)
[2025-08-01T03:41:56.434+0000] GC(7) Pause Young (Allocation Failure) 2536M->2571M(3641M) 315.054ms
[2025-08-01T03:41:56.434+0000] GC(7) User=1.11s Sys=1.37s Real=0.32s
[2025-08-01T03:41:56.526+0000] GC(8) Pause Full (Ergonomics)
[2025-08-01T03:41:56.526+0000] GC(8) Marking Phase
[2025-08-01T03:41:56.732+0000] GC(8) Marking Phase 206.026ms
[2025-08-01T03:41:56.732+0000] GC(8) Summary Phase
[2025-08-01T03:41:56.733+0000] GC(8) Summary Phase 0.239ms
[2025-08-01T03:41:56.733+0000] GC(8) Adjust Roots
[2025-08-01T03:41:56.735+0000] GC(8) Adjust Roots 2.017ms
[2025-08-01T03:41:56.735+0000] GC(8) Compaction Phase
[2025-08-01T03:41:56.815+0000] GC(8) Compaction Phase 80.610ms
[2025-08-01T03:41:56.815+0000] GC(8) Post Compact
[2025-08-01T03:41:56.850+0000] GC(8) Post Compact 34.686ms
[2025-08-01T03:41:56.850+0000] GC(8) PSYoungGen: 931840K(931840K)->0K(931840K) Eden: 465920K(465920K)->0K(465920K) From: 465920K(465920K)->0K(465920K)
[2025-08-01T03:41:56.850+0000] GC(8) ParOldGen: 2167538K(2796544K)->468964K(2796544K)
[2025-08-01T03:41:56.850+0000] GC(8) Metaspace: 10662K(10880K)->10662K(10880K) NonClass: 9396K(9536K)->9396K(9536K) Class: 1265K(1344K)->1265K(1344K)
[2025-08-01T03:41:56.850+0000] GC(8) Pause Full (Ergonomics) 3026M->457M(3641M) 323.989ms
[2025-08-01T03:41:56.850+0000] GC(8) User=0.89s Sys=1.26s Real=0.32s
[2025-08-01T03:41:56.937+0000] GC(9) Pause Young (Allocation Failure)
[2025-08-01T03:41:57.043+0000] GC(9) PSYoungGen: 465920K(931840K)->465920K(931840K) Eden: 465920K(465920K)->0K(465920K) From: 0K(465920K)->465920K(465920K)
[2025-08-01T03:41:57.043+0000] GC(9) ParOldGen: 468964K(2796544K)->473140K(2796544K)
[2025-08-01T03:41:57.043+0000] GC(9) Metaspace: 10662K(10880K)->10662K(10880K) NonClass: 9396K(9536K)->9396K(9536K) Class: 1265K(1344K)->1265K(1344K)
[2025-08-01T03:41:57.043+0000] GC(9) Pause Young (Allocation Failure) 912M->917M(3641M) 106.699ms
[2025-08-01T03:41:57.043+0000] GC(9) User=0.69s Sys=0.15s Real=0.11s
[2025-08-01T03:41:57.134+0000] GC(10) Pause Young (Allocation Failure)
[2025-08-01T03:41:57.337+0000] GC(10) PSYoungGen: 931840K(931840K)->465920K(931840K) Eden: 465920K(465920K)->0K(465920K) From: 465920K(465920K)->465920K(465920K)
[2025-08-01T03:41:57.337+0000] GC(10) ParOldGen: 473140K(2796544K)->976452K(2796544K)
[2025-08-01T03:41:57.337+0000] GC(10) Metaspace: 10662K(10880K)->10662K(10880K) NonClass: 9396K(9536K)->9396K(9536K) Class: 1265K(1344K)->1265K(1344K)
[2025-08-01T03:41:57.337+0000] GC(10) Pause Young (Allocation Failure) 1372M->1408M(3641M) 203.663ms
[2025-08-01T03:41:57.337+0000] GC(10) User=1.58s Sys=0.03s Real=0.20s
[2025-08-01T03:41:57.426+0000] GC(11) Pause Young (Allocation Failure)
[2025-08-01T03:41:57.665+0000] GC(11) PSYoungGen: 931840K(931840K)->465920K(931840K) Eden: 465920K(465920K)->0K(465920K) From: 465920K(465920K)->465920K(465920K)
[2025-08-01T03:41:57.665+0000] GC(11) ParOldGen: 976452K(2796544K)->1479316K(2796544K)
[2025-08-01T03:41:57.665+0000] GC(11) Metaspace: 10662K(10880K)->10662K(10880K) NonClass: 9396K(9536K)->9396K(9536K) Class: 1265K(1344K)->1265K(1344K)
[2025-08-01T03:41:57.665+0000] GC(11) Pause Young (Allocation Failure) 1863M->1899M(3641M) 239.407ms
[2025-08-01T03:41:57.665+0000] GC(11) User=1.74s Sys=0.13s Real=0.24s
[2025-08-01T03:41:57.803+0000] GC(12) Pause Young (Allocation Failure)
[2025-08-01T03:41:57.808+0000] GC(12) PSYoungGen: 931840K(931840K)->9504K(931840K) Eden: 465920K(465920K)->0K(465920K) From: 465920K(465920K)->9504K(465920K)
[2025-08-01T03:41:57.808+0000] GC(12) ParOldGen: 1479316K(2796544K)->1479332K(2796544K)
[2025-08-01T03:41:57.808+0000] GC(12) Metaspace: 10662K(10880K)->10662K(10880K) NonClass: 9396K(9536K)->9396K(9536K) Class: 1265K(1344K)->1265K(1344K)
[2025-08-01T03:41:57.808+0000] GC(12) Pause Young (Allocation Failure) 2354M->1453M(3641M) 4.828ms
[2025-08-01T03:41:57.808+0000] GC(12) User=0.03s Sys=0.00s Real=0.00s
[2025-08-01T03:41:57.895+0000] GC(13) Pause Young (Allocation Failure)
[2025-08-01T03:41:58.021+0000] GC(13) PSYoungGen: 475424K(931840K)->465920K(931840K) Eden: 465920K(465920K)->0K(465920K) From: 9504K(465920K)->465920K(465920K)
[2025-08-01T03:41:58.021+0000] GC(13) ParOldGen: 1479332K(2796544K)->1495884K(2796544K)
[2025-08-01T03:41:58.021+0000] GC(13) Metaspace: 10662K(10880K)->10662K(10880K) NonClass: 9396K(9536K)->9396K(9536K) Class: 1265K(1344K)->1265K(1344K)
[2025-08-01T03:41:58.021+0000] GC(13) Pause Young (Allocation Failure) 1908M->1915M(3641M) 125.931ms
[2025-08-01T03:41:58.021+0000] GC(13) User=0.80s Sys=0.17s Real=0.12s
[2025-08-01T03:41:58.111+0000] GC(14) Pause Young (Allocation Failure)
[2025-08-01T03:41:58.303+0000] GC(14) PSYoungGen: 931840K(931840K)->465920K(931840K) Eden: 465920K(465920K)->0K(465920K) From: 465920K(465920K)->465920K(465920K)
[2025-08-01T03:41:58.303+0000] GC(14) ParOldGen: 1495884K(2796544K)->1994980K(2796544K)
[2025-08-01T03:41:58.303+0000] GC(14) Metaspace: 10662K(10880K)->10662K(10880K) NonClass: 9396K(9536K)->9396K(9536K) Class: 1265K(1344K)->1265K(1344K)
[2025-08-01T03:41:58.303+0000] GC(14) Pause Young (Allocation Failure) 2370M->2403M(3641M) 191.870ms
[2025-08-01T03:41:58.303+0000] GC(14) User=1.38s Sys=0.10s Real=0.20s
[2025-08-01T03:41:58.390+0000] GC(15) Pause Full (Ergonomics)
[2025-08-01T03:41:58.390+0000] GC(15) Marking Phase
[2025-08-01T03:41:58.486+0000] GC(15) Marking Phase 96.654ms
[2025-08-01T03:41:58.486+0000] GC(15) Summary Phase
[2025-08-01T03:41:58.487+0000] GC(15) Summary Phase 0.071ms
[2025-08-01T03:41:58.487+0000] GC(15) Adjust Roots
[2025-08-01T03:41:58.489+0000] GC(15) Adjust Roots 2.328ms
[2025-08-01T03:41:58.489+0000] GC(15) Compaction Phase
[2025-08-01T03:41:58.762+0000] GC(15) Compaction Phase 273.370ms
[2025-08-01T03:41:58.762+0000] GC(15) Post Compact
[2025-08-01T03:41:58.781+0000] GC(15) Post Compact 18.868ms
[2025-08-01T03:41:58.781+0000] GC(15) PSYoungGen: 931840K(931840K)->0K(931840K) Eden: 465920K(465920K)->0K(465920K) From: 465920K(465920K)->0K(465920K)
[2025-08-01T03:41:58.781+0000] GC(15) ParOldGen: 1994980K(2796544K)->1406039K(2796544K)
[2025-08-01T03:41:58.781+0000] GC(15) Metaspace: 10662K(10880K)->10662K(10880K) NonClass: 9396K(9536K)->9396K(9536K) Class: 1265K(1344K)->1265K(1344K)
[2025-08-01T03:41:58.781+0000] GC(15) Pause Full (Ergonomics) 2858M->1373M(3641M) 391.798ms
[2025-08-01T03:41:58.781+0000] GC(15) User=2.62s Sys=0.11s Real=0.39s
[2025-08-01T03:41:58.870+0000] GC(16) Pause Young (Allocation Failure)
[2025-08-01T03:41:58.946+0000] GC(16) PSYoungGen: 465920K(931840K)->377728K(931840K) Eden: 465920K(465920K)->0K(465920K) From: 0K(465920K)->377728K(465920K)
[2025-08-01T03:41:58.947+0000] GC(16) ParOldGen: 1406039K(2796544K)->1406039K(2796544K)
[2025-08-01T03:41:58.947+0000] GC(16) Metaspace: 10662K(10880K)->10662K(10880K) NonClass: 9396K(9536K)->9396K(9536K) Class: 1265K(1344K)->1265K(1344K)
[2025-08-01T03:41:58.947+0000] GC(16) Pause Young (Allocation Failure) 1828M->1741M(3641M) 76.545ms
[2025-08-01T03:41:58.947+0000] GC(16) User=0.58s Sys=0.01s Real=0.08s
[2025-08-01T03:41:59.081+0000] GC(17) Pause Young (Allocation Failure)
[2025-08-01T03:41:59.201+0000] GC(17) PSYoungGen: 843648K(931840K)->442880K(931840K) Eden: 465920K(465920K)->0K(465920K) From: 377728K(465920K)->442880K(465920K)
[2025-08-01T03:41:59.201+0000] GC(17) ParOldGen: 1406039K(2796544K)->1452879K(2796544K)
[2025-08-01T03:41:59.201+0000] GC(17) Metaspace: 10662K(10880K)->10662K(10880K) NonClass: 9396K(9536K)->9396K(9536K) Class: 1265K(1344K)->1265K(1344K)
[2025-08-01T03:41:59.201+0000] GC(17) Pause Young (Allocation Failure) 2196M->1851M(3641M) 119.814ms
[2025-08-01T03:41:59.201+0000] GC(17) User=0.76s Sys=0.08s Real=0.12s
[2025-08-01T03:41:59.291+0000] GC(18) Pause Young (Allocation Failure)
[2025-08-01T03:41:59.575+0000] GC(18) PSYoungGen: 908800K(931840K)->465920K(931840K) Eden: 465920K(465920K)->0K(465920K) From: 442880K(465920K)->465920K(465920K)
[2025-08-01T03:41:59.575+0000] GC(18) ParOldGen: 1452879K(2796544K)->1930887K(2796544K)
[2025-08-01T03:41:59.575+0000] GC(18) Metaspace: 10662K(10880K)->10662K(10880K) NonClass: 9396K(9536K)->9396K(9536K) Class: 1265K(1344K)->1265K(1344K)
[2025-08-01T03:41:59.575+0000] GC(18) Pause Young (Allocation Failure) 2306M->2340M(3641M) 284.023ms
[2025-08-01T03:41:59.575+0000] GC(18) User=1.49s Sys=0.33s Real=0.29s
[2025-08-01T03:41:59.669+0000] GC(19) Pause Full (Ergonomics)
[2025-08-01T03:41:59.669+0000] GC(19) Marking Phase
[2025-08-01T03:41:59.835+0000] GC(19) Marking Phase 165.926ms
[2025-08-01T03:41:59.835+0000] GC(19) Summary Phase
[2025-08-01T03:41:59.835+0000] GC(19) Summary Phase 0.170ms
[2025-08-01T03:41:59.835+0000] GC(19) Adjust Roots
[2025-08-01T03:41:59.837+0000] GC(19) Adjust Roots 1.837ms
[2025-08-01T03:41:59.837+0000] GC(19) Compaction Phase
[2025-08-01T03:42:00.091+0000] GC(19) Compaction Phase 253.825ms
[2025-08-01T03:42:00.091+0000] GC(19) Post Compact
[2025-08-01T03:42:00.108+0000] GC(19) Post Compact 17.434ms
[2025-08-01T03:42:00.108+0000] GC(19) PSYoungGen: 931840K(931840K)->0K(931840K) Eden: 465920K(465920K)->0K(465920K) From: 465920K(465920K)->0K(465920K)
[2025-08-01T03:42:00.108+0000] GC(19) ParOldGen: 1930887K(2796544K)->1416592K(2796544K)
[2025-08-01T03:42:00.108+0000] GC(19) Metaspace: 10662K(10880K)->10662K(10880K) NonClass: 9396K(9536K)->9396K(9536K) Class: 1265K(1344K)->1265K(1344K)
[2025-08-01T03:42:00.108+0000] GC(19) Pause Full (Ergonomics) 2795M->1383M(3641M) 439.694ms
[2025-08-01T03:42:00.109+0000] GC(19) User=3.19s Sys=0.13s Real=0.44s
[2025-08-01T03:42:00.197+0000] GC(20) Pause Young (Allocation Failure)
[2025-08-01T03:42:00.280+0000] GC(20) PSYoungGen: 465920K(931840K)->450144K(931840K) Eden: 465920K(465920K)->0K(465920K) From: 0K(465920K)->450144K(465920K)
[2025-08-01T03:42:00.281+0000] GC(20) ParOldGen: 1416592K(2796544K)->1416592K(2796544K)
[2025-08-01T03:42:00.281+0000] GC(20) Metaspace: 10662K(10880K)->10662K(10880K) NonClass: 9396K(9536K)->9396K(9536K) Class: 1265K(1344K)->1265K(1344K)
[2025-08-01T03:42:00.281+0000] GC(20) Pause Young (Allocation Failure) 1838M->1822M(3641M) 83.141ms
[2025-08-01T03:42:00.281+0000] GC(20) User=0.65s Sys=0.00s Real=0.08s
[2025-08-01T03:42:00.366+0000] GC(21) Pause Young (Allocation Failure)
[2025-08-01T03:42:00.462+0000] GC(21) PSYoungGen: 916064K(931840K)->404160K(931840K) Eden: 465920K(465920K)->0K(465920K) From: 450144K(465920K)->404160K(465920K)
[2025-08-01T03:42:00.462+0000] GC(21) ParOldGen: 1416592K(2796544K)->1515728K(2796544K)
[2025-08-01T03:42:00.462+0000] GC(21) Metaspace: 10662K(10880K)->10662K(10880K) NonClass: 9396K(9536K)->9396K(9536K) Class: 1265K(1344K)->1265K(1344K)
[2025-08-01T03:42:00.462+0000] GC(21) Pause Young (Allocation Failure) 2277M->1874M(3641M) 95.592ms
[2025-08-01T03:42:00.462+0000] GC(21) User=0.72s Sys=0.02s Real=0.09s
[2025-08-01T03:42:00.548+0000] GC(22) Pause Young (Allocation Failure)
[2025-08-01T03:42:00.727+0000] GC(22) PSYoungGen: 870080K(931840K)->465920K(931840K) Eden: 465920K(465920K)->0K(465920K) From: 404160K(465920K)->465920K(465920K)
[2025-08-01T03:42:00.727+0000] GC(22) ParOldGen: 1515728K(2796544K)->1950984K(2796544K)
[2025-08-01T03:42:00.727+0000] GC(22) Metaspace: 10662K(10880K)->10662K(10880K) NonClass: 9396K(9536K)->9396K(9536K) Class: 1265K(1344K)->1265K(1344K)
[2025-08-01T03:42:00.727+0000] GC(22) Pause Young (Allocation Failure) 2329M->2360M(3641M) 179.716ms
[2025-08-01T03:42:00.727+0000] GC(22) User=1.26s Sys=0.07s Real=0.18s
[2025-08-01T03:42:00.813+0000] GC(23) Pause Full (Ergonomics)
[2025-08-01T03:42:00.814+0000] GC(23) Marking Phase
[2025-08-01T03:42:00.890+0000] GC(23) Marking Phase 76.770ms
[2025-08-01T03:42:00.890+0000] GC(23) Summary Phase
[2025-08-01T03:42:00.891+0000] GC(23) Summary Phase 0.119ms
[2025-08-01T03:42:00.891+0000] GC(23) Adjust Roots
[2025-08-01T03:42:00.893+0000] GC(23) Adjust Roots 2.328ms
[2025-08-01T03:42:00.893+0000] GC(23) Compaction Phase
[2025-08-01T03:42:01.073+0000] GC(23) Compaction Phase 180.000ms
[2025-08-01T03:42:01.073+0000] GC(23) Post Compact
[2025-08-01T03:42:01.091+0000] GC(23) Post Compact 17.782ms
[2025-08-01T03:42:01.091+0000] GC(23) PSYoungGen: 931840K(931840K)->0K(931840K) Eden: 465920K(465920K)->0K(465920K) From: 465920K(465920K)->0K(465920K)
[2025-08-01T03:42:01.091+0000] GC(23) ParOldGen: 1950984K(2796544K)->962071K(2796544K)
[2025-08-01T03:42:01.091+0000] GC(23) Metaspace: 10662K(10880K)->10662K(10880K) NonClass: 9396K(9536K)->9396K(9536K) Class: 1265K(1344K)->1265K(1344K)
[2025-08-01T03:42:01.091+0000] GC(23) Pause Full (Ergonomics) 2815M->939M(3641M) 277.429ms
[2025-08-01T03:42:01.091+0000] GC(23) User=1.92s Sys=0.06s Real=0.27s
[2025-08-01T03:42:01.177+0000] GC(24) Pause Young (Allocation Failure)
[2025-08-01T03:42:01.234+0000] GC(24) PSYoungGen: 465920K(931840K)->353632K(931840K) Eden: 465920K(465920K)->0K(465920K) From: 0K(465920K)->353632K(465920K)
[2025-08-01T03:42:01.234+0000] GC(24) ParOldGen: 962071K(2796544K)->962071K(2796544K)
[2025-08-01T03:42:01.234+0000] GC(24) Metaspace: 10662K(10880K)->10662K(10880K) NonClass: 9396K(9536K)->9396K(9536K) Class: 1265K(1344K)->1265K(1344K)
[2025-08-01T03:42:01.234+0000] GC(24) Pause Young (Allocation Failure) 1394M->1284M(3641M) 57.508ms
[2025-08-01T03:42:01.234+0000] GC(24) User=0.45s Sys=0.00s Real=0.06s
[2025-08-01T03:42:01.326+0000] GC(25) Pause Young (Allocation Failure)
[2025-08-01T03:42:01.428+0000] GC(25) PSYoungGen: 819552K(931840K)->379936K(931840K) Eden: 465920K(465920K)->0K(465920K) From: 353632K(465920K)->379936K(465920K)
[2025-08-01T03:42:01.428+0000] GC(25) ParOldGen: 962071K(2796544K)->1095703K(2796544K)
[2025-08-01T03:42:01.428+0000] GC(25) Metaspace: 10662K(10880K)->10662K(10880K) NonClass: 9396K(9536K)->9396K(9536K) Class: 1265K(1344K)->1265K(1344K)
[2025-08-01T03:42:01.428+0000] GC(25) Pause Young (Allocation Failure) 1739M->1441M(3641M) 102.502ms
[2025-08-01T03:42:01.428+0000] GC(25) User=0.78s Sys=0.02s Real=0.10s
[2025-08-01T03:42:01.526+0000] GC(26) Pause Young (Allocation Failure)
[2025-08-01T03:42:01.730+0000] GC(26) PSYoungGen: 845856K(931840K)->465920K(931840K) Eden: 465920K(465920K)->0K(465920K) From: 379936K(465920K)->465920K(465920K)
[2025-08-01T03:42:01.730+0000] GC(26) ParOldGen: 1095703K(2796544K)->1506479K(2796544K)
[2025-08-01T03:42:01.730+0000] GC(26) Metaspace: 10662K(10880K)->10662K(10880K) NonClass: 9396K(9536K)->9396K(9536K) Class: 1265K(1344K)->1265K(1344K)
[2025-08-01T03:42:01.730+0000] GC(26) Pause Young (Allocation Failure) 1896M->1926M(3641M) 203.511ms
[2025-08-01T03:42:01.730+0000] GC(26) User=1.39s Sys=0.16s Real=0.20s
[2025-08-01T03:42:01.818+0000] GC(27) Pause Young (Allocation Failure)
[2025-08-01T03:42:01.964+0000] GC(27) PSYoungGen: 931840K(931840K)->465920K(931840K) Eden: 465920K(465920K)->0K(465920K) From: 465920K(465920K)->465920K(465920K)
[2025-08-01T03:42:01.964+0000] GC(27) ParOldGen: 1506479K(2796544K)->2006887K(2796544K)
[2025-08-01T03:42:01.964+0000] GC(27) Metaspace: 10662K(10880K)->10662K(10880K) NonClass: 9396K(9536K)->9396K(9536K) Class: 1265K(1344K)->1265K(1344K)
[2025-08-01T03:42:01.964+0000] GC(27) Pause Young (Allocation Failure) 2381M->2414M(3641M) 146.298ms
[2025-08-01T03:42:01.964+0000] GC(27) User=1.16s Sys=0.00s Real=0.15s
[2025-08-01T03:42:02.059+0000] GC(28) Pause Full (Ergonomics)
[2025-08-01T03:42:02.059+0000] GC(28) Marking Phase
[2025-08-01T03:42:02.174+0000] GC(28) Marking Phase 115.073ms
[2025-08-01T03:42:02.174+0000] GC(28) Summary Phase
[2025-08-01T03:42:02.174+0000] GC(28) Summary Phase 0.073ms
[2025-08-01T03:42:02.174+0000] GC(28) Adjust Roots
[2025-08-01T03:42:02.176+0000] GC(28) Adjust Roots 1.304ms
[2025-08-01T03:42:02.176+0000] GC(28) Compaction Phase
[2025-08-01T03:42:02.340+0000] GC(28) Compaction Phase 163.771ms
[2025-08-01T03:42:02.340+0000] GC(28) Post Compact
[2025-08-01T03:42:02.359+0000] GC(28) Post Compact 19.574ms
[2025-08-01T03:42:02.359+0000] GC(28) PSYoungGen: 931840K(931840K)->0K(931840K) Eden: 465920K(465920K)->0K(465920K) From: 465920K(465920K)->0K(465920K)
[2025-08-01T03:42:02.359+0000] GC(28) ParOldGen: 2006887K(2796544K)->971902K(2796544K)
[2025-08-01T03:42:02.359+0000] GC(28) Metaspace: 10662K(10880K)->10662K(10880K) NonClass: 9396K(9536K)->9396K(9536K) Class: 1265K(1344K)->1265K(1344K)
[2025-08-01T03:42:02.359+0000] GC(28) Pause Full (Ergonomics) 2869M->949M(3641M) 300.211ms
[2025-08-01T03:42:02.359+0000] GC(28) User=2.04s Sys=0.13s Real=0.30s
[2025-08-01T03:42:02.444+0000] GC(29) Pause Young (Allocation Failure)
[2025-08-01T03:42:02.558+0000] GC(29) PSYoungGen: 465920K(931840K)->420192K(931840K) Eden: 465920K(465920K)->0K(465920K) From: 0K(465920K)->420192K(465920K)
[2025-08-01T03:42:02.558+0000] GC(29) ParOldGen: 971902K(2796544K)->971902K(2796544K)
[2025-08-01T03:42:02.558+0000] GC(29) Metaspace: 10662K(10880K)->10662K(10880K) NonClass: 9396K(9536K)->9396K(9536K) Class: 1265K(1344K)->1265K(1344K)
[2025-08-01T03:42:02.558+0000] GC(29) Pause Young (Allocation Failure) 1404M->1359M(3641M) 114.161ms
[2025-08-01T03:42:02.558+0000] GC(29) User=0.76s Sys=0.10s Real=0.11s
[2025-08-01T03:42:02.645+0000] GC(30) Pause Young (Allocation Failure)
[2025-08-01T03:42:02.800+0000] GC(30) PSYoungGen: 886112K(931840K)->465920K(931840K) Eden: 465920K(465920K)->0K(465920K) From: 420192K(465920K)->465920K(465920K)
[2025-08-01T03:42:02.800+0000] GC(30) ParOldGen: 971902K(2796544K)->1425310K(2796544K)
[2025-08-01T03:42:02.800+0000] GC(30) Metaspace: 10662K(10880K)->10662K(10880K) NonClass: 9396K(9536K)->9396K(9536K) Class: 1265K(1344K)->1265K(1344K)
[2025-08-01T03:42:02.800+0000] GC(30) Pause Young (Allocation Failure) 1814M->1846M(3641M) 154.429ms
[2025-08-01T03:42:02.800+0000] GC(30) User=1.15s Sys=0.01s Real=0.15s
[2025-08-01T03:42:02.887+0000] GC(31) Pause Young (Allocation Failure)
[2025-08-01T03:42:03.095+0000] GC(31) PSYoungGen: 931840K(931840K)->465920K(931840K) Eden: 465920K(465920K)->0K(465920K) From: 465920K(465920K)->465920K(465920K)
[2025-08-01T03:42:03.096+0000] GC(31) ParOldGen: 1425310K(2796544K)->1926342K(2796544K)
[2025-08-01T03:42:03.096+0000] GC(31) Metaspace: 10662K(10880K)->10662K(10880K) NonClass: 9396K(9536K)->9396K(9536K) Class: 1265K(1344K)->1265K(1344K)
[2025-08-01T03:42:03.096+0000] GC(31) Pause Young (Allocation Failure) 2301M->2336M(3641M) 208.141ms
[2025-08-01T03:42:03.096+0000] GC(31) User=1.48s Sys=0.10s Real=0.21s
[2025-08-01T03:42:03.181+0000] GC(32) Pause Full (Ergonomics)
[2025-08-01T03:42:03.181+0000] GC(32) Marking Phase
[2025-08-01T03:42:03.270+0000] GC(32) Marking Phase 88.573ms
[2025-08-01T03:42:03.270+0000] GC(32) Summary Phase
[2025-08-01T03:42:03.270+0000] GC(32) Summary Phase 0.116ms
[2025-08-01T03:42:03.270+0000] GC(32) Adjust Roots
[2025-08-01T03:42:03.272+0000] GC(32) Adjust Roots 2.137ms
[2025-08-01T03:42:03.272+0000] GC(32) Compaction Phase
[2025-08-01T03:42:03.421+0000] GC(32) Compaction Phase 149.314ms
[2025-08-01T03:42:03.421+0000] GC(32) Post Compact
[2025-08-01T03:42:03.440+0000] GC(32) Post Compact 18.196ms
[2025-08-01T03:42:03.440+0000] GC(32) PSYoungGen: 931840K(931840K)->0K(931840K) Eden: 465920K(465920K)->0K(465920K) From: 465920K(465920K)->0K(465920K)
[2025-08-01T03:42:03.440+0000] GC(32) ParOldGen: 1926342K(2796544K)->981451K(2796544K)
[2025-08-01T03:42:03.440+0000] GC(32) Metaspace: 10662K(10880K)->10662K(10880K) NonClass: 9396K(9536K)->9396K(9536K) Class: 1265K(1344K)->1265K(1344K)
[2025-08-01T03:42:03.440+0000] GC(32) Pause Full (Ergonomics) 2791M->958M(3641M) 258.744ms
[2025-08-01T03:42:03.440+0000] GC(32) User=1.86s Sys=0.02s Real=0.26s
[2025-08-01T03:42:03.526+0000] GC(33) Pause Young (Allocation Failure)
[2025-08-01T03:42:03.649+0000] GC(33) PSYoungGen: 465920K(931840K)->427488K(931840K) Eden: 465920K(465920K)->0K(465920K) From: 0K(465920K)->427488K(465920K)
[2025-08-01T03:42:03.649+0000] GC(33) ParOldGen: 981451K(2796544K)->981451K(2796544K)
[2025-08-01T03:42:03.649+0000] GC(33) Metaspace: 10662K(10880K)->10662K(10880K) NonClass: 9396K(9536K)->9396K(9536K) Class: 1265K(1344K)->1265K(1344K)
[2025-08-01T03:42:03.649+0000] GC(33) Pause Young (Allocation Failure) 1413M->1375M(3641M) 123.499ms
[2025-08-01T03:42:03.649+0000] GC(33) User=0.89s Sys=0.05s Real=0.12s
[2025-08-01T03:42:03.744+0000] GC(34) Pause Young (Allocation Failure)
[2025-08-01T03:42:03.969+0000] GC(34) PSYoungGen: 893408K(931840K)->465920K(931840K) Eden: 465920K(465920K)->0K(465920K) From: 427488K(465920K)->465920K(465920K)
[2025-08-01T03:42:03.969+0000] GC(34) ParOldGen: 981451K(2796544K)->1444251K(2796544K)
[2025-08-01T03:42:03.969+0000] GC(34) Metaspace: 10662K(10880K)->10662K(10880K) NonClass: 9396K(9536K)->9396K(9536K) Class: 1265K(1344K)->1265K(1344K)
[2025-08-01T03:42:03.969+0000] GC(34) Pause Young (Allocation Failure) 1830M->1865M(3641M) 224.607ms
[2025-08-01T03:42:03.969+0000] GC(34) User=1.60s Sys=0.06s Real=0.22s
[2025-08-01T03:42:04.063+0000] GC(35) Pause Young (Allocation Failure)
[2025-08-01T03:42:04.243+0000] GC(35) PSYoungGen: 931840K(931840K)->465920K(931840K) Eden: 465920K(465920K)->0K(465920K) From: 465920K(465920K)->465920K(465920K)
[2025-08-01T03:42:04.243+0000] GC(35) ParOldGen: 1444251K(2796544K)->1946299K(2796544K)
[2025-08-01T03:42:04.243+0000] GC(35) Metaspace: 10662K(10880K)->10662K(10880K) NonClass: 9396K(9536K)->9396K(9536K) Class: 1265K(1344K)->1265K(1344K)
[2025-08-01T03:42:04.243+0000] GC(35) Pause Young (Allocation Failure) 2320M->2355M(3641M) 179.808ms
[2025-08-01T03:42:04.243+0000] GC(35) User=1.32s Sys=0.08s Real=0.18s
[2025-08-01T03:42:04.333+0000] GC(36) Pause Full (Ergonomics)
[2025-08-01T03:42:04.333+0000] GC(36) Marking Phase
[2025-08-01T03:42:04.507+0000] GC(36) Marking Phase 174.520ms
[2025-08-01T03:42:04.507+0000] GC(36) Summary Phase
[2025-08-01T03:42:04.508+0000] GC(36) Summary Phase 0.135ms
[2025-08-01T03:42:04.508+0000] GC(36) Adjust Roots
[2025-08-01T03:42:04.509+0000] GC(36) Adjust Roots 1.897ms
[2025-08-01T03:42:04.509+0000] GC(36) Compaction Phase
[2025-08-01T03:42:04.748+0000] GC(36) Compaction Phase 238.128ms
[2025-08-01T03:42:04.748+0000] GC(36) Post Compact
[2025-08-01T03:42:04.767+0000] GC(36) Post Compact 18.983ms
[2025-08-01T03:42:04.767+0000] GC(36) PSYoungGen: 931840K(931840K)->0K(931840K) Eden: 465920K(465920K)->0K(465920K) From: 465920K(465920K)->0K(465920K)
[2025-08-01T03:42:04.767+0000] GC(36) ParOldGen: 1946299K(2796544K)->1451061K(2796544K)
[2025-08-01T03:42:04.767+0000] GC(36) Metaspace: 10662K(10880K)->10662K(10880K) NonClass: 9396K(9536K)->9396K(9536K) Class: 1265K(1344K)->1265K(1344K)
[2025-08-01T03:42:04.767+0000] GC(36) Pause Full (Ergonomics) 2810M->1417M(3641M) 434.102ms
[2025-08-01T03:42:04.767+0000] GC(36) User=3.15s Sys=0.11s Real=0.44s
[2025-08-01T03:42:04.853+0000] GC(37) Pause Young (Allocation Failure)
[2025-08-01T03:42:05.002+0000] GC(37) PSYoungGen: 465920K(931840K)->434336K(931840K) Eden: 465920K(465920K)->0K(465920K) From: 0K(465920K)->434336K(465920K)
[2025-08-01T03:42:05.002+0000] GC(37) ParOldGen: 1451061K(2796544K)->1451061K(2796544K)
[2025-08-01T03:42:05.002+0000] GC(37) Metaspace: 10662K(10880K)->10662K(10880K) NonClass: 9396K(9536K)->9396K(9536K) Class: 1265K(1344K)->1265K(1344K)
[2025-08-01T03:42:05.002+0000] GC(37) Pause Young (Allocation Failure) 1872M->1841M(3641M) 148.738ms
[2025-08-01T03:42:05.002+0000] GC(37) User=1.01s Sys=0.08s Real=0.14s
[2025-08-01T03:42:05.088+0000] GC(38) Pause Young (Allocation Failure)
[2025-08-01T03:42:05.234+0000] GC(38) PSYoungGen: 900256K(931840K)->465920K(931840K) Eden: 465920K(465920K)->0K(465920K) From: 434336K(465920K)->465920K(465920K)
[2025-08-01T03:42:05.234+0000] GC(38) ParOldGen: 1451061K(2796544K)->1916957K(2796544K)
[2025-08-01T03:42:05.234+0000] GC(38) Metaspace: 10662K(10880K)->10662K(10880K) NonClass: 9396K(9536K)->9396K(9536K) Class: 1265K(1344K)->1265K(1344K)
[2025-08-01T03:42:05.234+0000] GC(38) Pause Young (Allocation Failure) 2296M->2327M(3641M) 146.297ms
[2025-08-01T03:42:05.234+0000] GC(38) User=1.14s Sys=0.01s Real=0.15s
[2025-08-01T03:42:05.328+0000] GC(39) Pause Young (Allocation Failure)
[2025-08-01T03:42:05.529+0000] GC(39) PSYoungGen: 931840K(931840K)->380320K(931840K) Eden: 465920K(465920K)->0K(465920K) From: 465920K(465920K)->380320K(465920K)
[2025-08-01T03:42:05.529+0000] GC(39) ParOldGen: 1916957K(2796544K)->2273237K(2796544K)
[2025-08-01T03:42:05.529+0000] GC(39) Metaspace: 10662K(10880K)->10662K(10880K) NonClass: 9396K(9536K)->9396K(9536K) Class: 1265K(1344K)->1265K(1344K)
[2025-08-01T03:42:05.529+0000] GC(39) Pause Young (Allocation Failure) 2782M->2591M(3641M) 200.901ms
[2025-08-01T03:42:05.529+0000] GC(39) User=1.00s Sys=0.50s Real=0.20s
[2025-08-01T03:42:05.634+0000] GC(40) Pause Full (Ergonomics)
[2025-08-01T03:42:05.634+0000] GC(40) Marking Phase
[2025-08-01T03:42:05.837+0000] GC(40) Marking Phase 202.263ms
[2025-08-01T03:42:05.837+0000] GC(40) Summary Phase
[2025-08-01T03:42:05.837+0000] GC(40) Summary Phase 0.099ms
[2025-08-01T03:42:05.837+0000] GC(40) Adjust Roots
[2025-08-01T03:42:05.839+0000] GC(40) Adjust Roots 1.655ms
[2025-08-01T03:42:05.839+0000] GC(40) Compaction Phase
[2025-08-01T03:42:06.060+0000] GC(40) Compaction Phase 221.224ms
[2025-08-01T03:42:06.060+0000] GC(40) Post Compact
[2025-08-01T03:42:06.078+0000] GC(40) Post Compact 17.747ms
[2025-08-01T03:42:06.078+0000] GC(40) PSYoungGen: 846240K(931840K)->0K(931840K) Eden: 465920K(465920K)->0K(465920K) From: 380320K(465920K)->0K(465920K)
[2025-08-01T03:42:06.078+0000] GC(40) ParOldGen: 2273237K(2796544K)->1456150K(2796544K)
[2025-08-01T03:42:06.078+0000] GC(40) Metaspace: 10662K(10880K)->10662K(10880K) NonClass: 9396K(9536K)->9396K(9536K) Class: 1265K(1344K)->1265K(1344K)
[2025-08-01T03:42:06.078+0000] GC(40) Pause Full (Ergonomics) 3046M->1422M(3641M) 443.437ms
[2025-08-01T03:42:06.078+0000] GC(40) User=2.70s Sys=0.61s Real=0.44s
[2025-08-01T03:42:06.170+0000] GC(41) Pause Young (Allocation Failure)
[2025-08-01T03:42:06.266+0000] GC(41) PSYoungGen: 465920K(931840K)->379424K(931840K) Eden: 465920K(465920K)->0K(465920K) From: 0K(465920K)->379424K(465920K)
[2025-08-01T03:42:06.266+0000] GC(41) ParOldGen: 1456150K(2796544K)->1456150K(2796544K)
[2025-08-01T03:42:06.266+0000] GC(41) Metaspace: 10662K(10880K)->10662K(10880K) NonClass: 9396K(9536K)->9396K(9536K) Class: 1265K(1344K)->1265K(1344K)
[2025-08-01T03:42:06.266+0000] GC(41) Pause Young (Allocation Failure) 1877M->1792M(3641M) 96.374ms
[2025-08-01T03:42:06.266+0000] GC(41) User=0.73s Sys=0.01s Real=0.10s
[2025-08-01T03:42:06.414+0000] GC(42) Pause Young (Allocation Failure)
[2025-08-01T03:42:06.675+0000] GC(42) PSYoungGen: 845344K(931840K)->465920K(931840K) Eden: 465920K(465920K)->0K(465920K) From: 379424K(465920K)->465920K(465920K)
[2025-08-01T03:42:06.675+0000] GC(42) ParOldGen: 1456150K(2796544K)->1867558K(2796544K)
[2025-08-01T03:42:06.675+0000] GC(42) Metaspace: 10662K(10880K)->10662K(10880K) NonClass: 9396K(9536K)->9396K(9536K) Class: 1265K(1344K)->1265K(1344K)
[2025-08-01T03:42:06.675+0000] GC(42) Pause Young (Allocation Failure) 2247M->2278M(3641M) 261.474ms
[2025-08-01T03:42:06.675+0000] GC(42) User=1.75s Sys=0.20s Real=0.26s
[2025-08-01T03:42:06.767+0000] GC(43) Pause Young (Allocation Failure)
[2025-08-01T03:42:06.903+0000] GC(43) PSYoungGen: 931840K(931840K)->394752K(931840K) Eden: 465920K(465920K)->0K(465920K) From: 465920K(465920K)->394752K(465920K)
[2025-08-01T03:42:06.903+0000] GC(43) ParOldGen: 1867558K(2796544K)->2242126K(2796544K)
[2025-08-01T03:42:06.903+0000] GC(43) Metaspace: 10662K(10880K)->10662K(10880K) NonClass: 9396K(9536K)->9396K(9536K) Class: 1265K(1344K)->1265K(1344K)
[2025-08-01T03:42:06.903+0000] GC(43) Pause Young (Allocation Failure) 2733M->2575M(3641M) 136.765ms
[2025-08-01T03:42:06.903+0000] GC(43) User=1.05s Sys=0.02s Real=0.14s
[2025-08-01T03:42:06.995+0000] GC(44) Pause Full (Ergonomics)
[2025-08-01T03:42:06.996+0000] GC(44) Marking Phase
[2025-08-01T03:42:07.158+0000] GC(44) Marking Phase 162.207ms
[2025-08-01T03:42:07.158+0000] GC(44) Summary Phase
[2025-08-01T03:42:07.158+0000] GC(44) Summary Phase 0.215ms
[2025-08-01T03:42:07.158+0000] GC(44) Adjust Roots
[2025-08-01T03:42:07.161+0000] GC(44) Adjust Roots 3.052ms
[2025-08-01T03:42:07.161+0000] GC(44) Compaction Phase
[2025-08-01T03:42:07.386+0000] GC(44) Compaction Phase 224.305ms
[2025-08-01T03:42:07.386+0000] GC(44) Post Compact
[2025-08-01T03:42:07.405+0000] GC(44) Post Compact 19.425ms
[2025-08-01T03:42:07.405+0000] GC(44) PSYoungGen: 860672K(931840K)->0K(931840K) Eden: 465920K(465920K)->0K(465920K) From: 394752K(465920K)->0K(465920K)
[2025-08-01T03:42:07.405+0000] GC(44) ParOldGen: 2242126K(2796544K)->1468086K(2796544K)
[2025-08-01T03:42:07.405+0000] GC(44) Metaspace: 10662K(10880K)->10662K(10880K) NonClass: 9396K(9536K)->9396K(9536K) Class: 1265K(1344K)->1265K(1344K)
[2025-08-01T03:42:07.405+0000] GC(44) Pause Full (Ergonomics) 3030M->1433M(3641M) 409.703ms
[2025-08-01T03:42:07.405+0000] GC(44) User=2.98s Sys=0.00s Real=0.41s
[2025-08-01T03:42:07.498+0000] GC(45) Pause Young (Allocation Failure)
[2025-08-01T03:42:07.622+0000] GC(45) PSYoungGen: 465920K(931840K)->394240K(931840K) Eden: 465920K(465920K)->0K(465920K) From: 0K(465920K)->394240K(465920K)
[2025-08-01T03:42:07.623+0000] GC(45) ParOldGen: 1468086K(2796544K)->1468086K(2796544K)
[2025-08-01T03:42:07.623+0000] GC(45) Metaspace: 10662K(10880K)->10662K(10880K) NonClass: 9396K(9536K)->9396K(9536K) Class: 1265K(1344K)->1265K(1344K)
[2025-08-01T03:42:07.623+0000] GC(45) Pause Young (Allocation Failure) 1888M->1818M(3641M) 124.316ms
[2025-08-01T03:42:07.623+0000] GC(45) User=0.94s Sys=0.03s Real=0.12s
[2025-08-01T03:42:07.714+0000] GC(46) Pause Young (Allocation Failure)
[2025-08-01T03:42:07.883+0000] GC(46) PSYoungGen: 860160K(931840K)->465920K(931840K) Eden: 465920K(465920K)->0K(465920K) From: 394240K(465920K)->465920K(465920K)
[2025-08-01T03:42:07.883+0000] GC(46) ParOldGen: 1468086K(2796544K)->1893310K(2796544K)
[2025-08-01T03:42:07.883+0000] GC(46) Metaspace: 10662K(10880K)->10662K(10880K) NonClass: 9396K(9536K)->9396K(9536K) Class: 1265K(1344K)->1265K(1344K)
[2025-08-01T03:42:07.883+0000] GC(46) Pause Young (Allocation Failure) 2273M->2303M(3641M) 169.586ms
[2025-08-01T03:42:07.884+0000] GC(46) User=1.25s Sys=0.07s Real=0.17s
[2025-08-01T03:42:07.973+0000] GC(47) Pause Young (Allocation Failure)
[2025-08-01T03:42:08.090+0000] GC(47) PSYoungGen: 931840K(931840K)->379296K(931840K) Eden: 465920K(465920K)->0K(465920K) From: 465920K(465920K)->379296K(465920K)
[2025-08-01T03:42:08.090+0000] GC(47) ParOldGen: 1893310K(2796544K)->2280174K(2796544K)
[2025-08-01T03:42:08.090+0000] GC(47) Metaspace: 10662K(10880K)->10662K(10880K) NonClass: 9396K(9536K)->9396K(9536K) Class: 1265K(1344K)->1265K(1344K)
[2025-08-01T03:42:08.090+0000] GC(47) Pause Young (Allocation Failure) 2758M->2597M(3641M) 116.601ms
[2025-08-01T03:42:08.090+0000] GC(47) User=0.91s Sys=0.01s Real=0.11s
[2025-08-01T03:42:08.180+0000] GC(48) Pause Full (Ergonomics)
[2025-08-01T03:42:08.180+0000] GC(48) Marking Phase
[2025-08-01T03:42:08.292+0000] GC(48) Marking Phase 112.331ms
[2025-08-01T03:42:08.292+0000] GC(48) Summary Phase
[2025-08-01T03:42:08.292+0000] GC(48) Summary Phase 0.170ms
[2025-08-01T03:42:08.292+0000] GC(48) Adjust Roots
[2025-08-01T03:42:08.294+0000] GC(48) Adjust Roots 1.736ms
[2025-08-01T03:42:08.294+0000] GC(48) Compaction Phase
[2025-08-01T03:42:08.529+0000] GC(48) Compaction Phase 235.269ms
[2025-08-01T03:42:08.529+0000] GC(48) Post Compact
[2025-08-01T03:42:08.548+0000] GC(48) Post Compact 18.530ms
[2025-08-01T03:42:08.548+0000] GC(48) PSYoungGen: 845216K(931840K)->0K(931840K) Eden: 465920K(465920K)->0K(465920K) From: 379296K(465920K)->0K(465920K)
[2025-08-01T03:42:08.548+0000] GC(48) ParOldGen: 2280174K(2796544K)->1478279K(2796544K)
[2025-08-01T03:42:08.548+0000] GC(48) Metaspace: 10662K(10880K)->10662K(10880K) NonClass: 9396K(9536K)->9396K(9536K) Class: 1265K(1344K)->1265K(1344K)
[2025-08-01T03:42:08.548+0000] GC(48) Pause Full (Ergonomics) 3052M->1443M(3641M) 368.418ms
[2025-08-01T03:42:08.548+0000] GC(48) User=2.62s Sys=0.09s Real=0.37s
[2025-08-01T03:42:08.640+0000] GC(49) Pause Young (Allocation Failure)
[2025-08-01T03:42:08.779+0000] GC(49) PSYoungGen: 465920K(931840K)->407840K(931840K) Eden: 465920K(465920K)->0K(465920K) From: 0K(465920K)->407840K(465920K)
[2025-08-01T03:42:08.779+0000] GC(49) ParOldGen: 1478279K(2796544K)->1478279K(2796544K)
[2025-08-01T03:42:08.779+0000] GC(49) Metaspace: 10662K(10880K)->10662K(10880K) NonClass: 9396K(9536K)->9396K(9536K) Class: 1265K(1344K)->1265K(1344K)
[2025-08-01T03:42:08.779+0000] GC(49) Pause Young (Allocation Failure) 1898M->1841M(3641M) 139.624ms
[2025-08-01T03:42:08.779+0000] GC(49) User=0.99s Sys=0.08s Real=0.14s
[2025-08-01T03:42:08.879+0000] GC(50) Pause Young (Allocation Failure)
[2025-08-01T03:42:09.029+0000] GC(50) PSYoungGen: 873760K(931840K)->465920K(931840K) Eden: 465920K(465920K)->0K(465920K) From: 407840K(465920K)->465920K(465920K)
[2025-08-01T03:42:09.029+0000] GC(50) ParOldGen: 1478279K(2796544K)->1918231K(2796544K)
[2025-08-01T03:42:09.029+0000] GC(50) Metaspace: 10662K(10880K)->10662K(10880K) NonClass: 9396K(9536K)->9396K(9536K) Class: 1265K(1344K)->1265K(1344K)
[2025-08-01T03:42:09.029+0000] GC(50) Pause Young (Allocation Failure) 2296M->2328M(3641M) 150.835ms
[2025-08-01T03:42:09.030+0000] GC(50) User=1.13s Sys=0.03s Real=0.15s
[2025-08-01T03:42:09.118+0000] GC(51) Pause Young (Allocation Failure)
[2025-08-01T03:42:09.282+0000] GC(51) PSYoungGen: 931840K(931840K)->377024K(931840K) Eden: 465920K(465920K)->0K(465920K) From: 465920K(465920K)->377024K(465920K)
[2025-08-01T03:42:09.282+0000] GC(51) ParOldGen: 1918231K(2796544K)->2312143K(2796544K)
[2025-08-01T03:42:09.282+0000] GC(51) Metaspace: 10662K(10880K)->10662K(10880K) NonClass: 9396K(9536K)->9396K(9536K) Class: 1265K(1344K)->1265K(1344K)
[2025-08-01T03:42:09.282+0000] GC(51) Pause Young (Allocation Failure) 2783M->2626M(3641M) 164.824ms
[2025-08-01T03:42:09.282+0000] GC(51) User=1.06s Sys=0.16s Real=0.16s
[2025-08-01T03:42:09.378+0000] GC(52) Pause Full (Ergonomics)
[2025-08-01T03:42:09.378+0000] GC(52) Marking Phase
[2025-08-01T03:42:09.563+0000] GC(52) Marking Phase 184.527ms
[2025-08-01T03:42:09.563+0000] GC(52) Summary Phase
[2025-08-01T03:42:09.563+0000] GC(52) Summary Phase 0.101ms
[2025-08-01T03:42:09.563+0000] GC(52) Adjust Roots
[2025-08-01T03:42:09.565+0000] GC(52) Adjust Roots 1.713ms
[2025-08-01T03:42:09.565+0000] GC(52) Compaction Phase
[2025-08-01T03:42:09.799+0000] GC(52) Compaction Phase 234.307ms
[2025-08-01T03:42:09.799+0000] GC(52) Post Compact
[2025-08-01T03:42:09.822+0000] GC(52) Post Compact 22.377ms
[2025-08-01T03:42:09.822+0000] GC(52) PSYoungGen: 842944K(931840K)->0K(931840K) Eden: 465920K(465920K)->0K(465920K) From: 377024K(465920K)->0K(465920K)
[2025-08-01T03:42:09.822+0000] GC(52) ParOldGen: 2312143K(2796544K)->1484743K(2796544K)
[2025-08-01T03:42:09.822+0000] GC(52) Metaspace: 10662K(10880K)->10662K(10880K) NonClass: 9396K(9536K)->9396K(9536K) Class: 1265K(1344K)->1265K(1344K)
[2025-08-01T03:42:09.822+0000] GC(52) Pause Full (Ergonomics) 3081M->1449M(3641M) 443.450ms
[2025-08-01T03:42:09.822+0000] GC(52) User=2.84s Sys=0.48s Real=0.44s
[2025-08-01T03:42:09.922+0000] GC(53) Pause Young (Allocation Failure)
[2025-08-01T03:42:10.052+0000] GC(53) PSYoungGen: 465920K(931840K)->409984K(931840K) Eden: 465920K(465920K)->0K(465920K) From: 0K(465920K)->409984K(465920K)
[2025-08-01T03:42:10.052+0000] GC(53) ParOldGen: 1484743K(2796544K)->1484743K(2796544K)
[2025-08-01T03:42:10.052+0000] GC(53) Metaspace: 10662K(10880K)->10662K(10880K) NonClass: 9396K(9536K)->9396K(9536K) Class: 1265K(1344K)->1265K(1344K)
[2025-08-01T03:42:10.052+0000] GC(53) Pause Young (Allocation Failure) 1904M->1850M(3641M) 129.563ms
[2025-08-01T03:42:10.052+0000] GC(53) User=0.95s Sys=0.04s Real=0.13s
[2025-08-01T03:42:10.153+0000] GC(54) Pause Young (Allocation Failure)
[2025-08-01T03:42:10.295+0000] GC(54) PSYoungGen: 875904K(931840K)->465920K(931840K) Eden: 465920K(465920K)->0K(465920K) From: 409984K(465920K)->465920K(465920K)
[2025-08-01T03:42:10.295+0000] GC(54) ParOldGen: 1484743K(2796544K)->1927399K(2796544K)
[2025-08-01T03:42:10.295+0000] GC(54) Metaspace: 10662K(10880K)->10662K(10880K) NonClass: 9396K(9536K)->9396K(9536K) Class: 1265K(1344K)->1265K(1344K)
[2025-08-01T03:42:10.295+0000] GC(54) Pause Young (Allocation Failure) 2305M->2337M(3641M) 141.741ms
[2025-08-01T03:42:10.295+0000] GC(54) User=1.09s Sys=0.00s Real=0.14s
[2025-08-01T03:42:10.387+0000] GC(55) Pause Young (Allocation Failure)
[2025-08-01T03:42:10.549+0000] GC(55) PSYoungGen: 931840K(931840K)->377312K(931840K) Eden: 465920K(465920K)->0K(465920K) From: 465920K(465920K)->377312K(465920K)
[2025-08-01T03:42:10.549+0000] GC(55) ParOldGen: 1927399K(2796544K)->2321607K(2796544K)
[2025-08-01T03:42:10.549+0000] GC(55) Metaspace: 10662K(10880K)->10662K(10880K) NonClass: 9396K(9536K)->9396K(9536K) Class: 1265K(1344K)->1265K(1344K)
[2025-08-01T03:42:10.549+0000] GC(55) Pause Young (Allocation Failure) 2792M->2635M(3641M) 161.707ms
[2025-08-01T03:42:10.549+0000] GC(55) User=1.16s Sys=0.08s Real=0.16s
[2025-08-01T03:42:10.641+0000] GC(56) Pause Full (Ergonomics)
[2025-08-01T03:42:10.641+0000] GC(56) Marking Phase
[2025-08-01T03:42:10.788+0000] GC(56) Marking Phase 147.433ms
[2025-08-01T03:42:10.789+0000] GC(56) Summary Phase
[2025-08-01T03:42:10.789+0000] GC(56) Summary Phase 0.125ms
[2025-08-01T03:42:10.789+0000] GC(56) Adjust Roots
[2025-08-01T03:42:10.791+0000] GC(56) Adjust Roots 2.130ms
[2025-08-01T03:42:10.791+0000] GC(56) Compaction Phase
[2025-08-01T03:42:11.033+0000] GC(56) Compaction Phase 241.931ms
[2025-08-01T03:42:11.033+0000] GC(56) Post Compact
[2025-08-01T03:42:11.054+0000] GC(56) Post Compact 20.616ms
[2025-08-01T03:42:11.054+0000] GC(56) PSYoungGen: 843232K(931840K)->0K(931840K) Eden: 465920K(465920K)->0K(465920K) From: 377312K(465920K)->0K(465920K)
[2025-08-01T03:42:11.054+0000] GC(56) ParOldGen: 2321607K(2796544K)->1492476K(2796544K)
[2025-08-01T03:42:11.054+0000] GC(56) Metaspace: 10662K(10880K)->10662K(10880K) NonClass: 9396K(9536K)->9396K(9536K) Class: 1265K(1344K)->1265K(1344K)
[2025-08-01T03:42:11.054+0000] GC(56) Pause Full (Ergonomics) 3090M->1457M(3641M) 412.707ms
[2025-08-01T03:42:11.054+0000] GC(56) User=2.98s Sys=0.09s Real=0.42s
[2025-08-01T03:42:11.192+0000] GC(57) Pause Young (Allocation Failure)
[2025-08-01T03:42:11.352+0000] GC(57) PSYoungGen: 465920K(931840K)->418080K(931840K) Eden: 465920K(465920K)->0K(465920K) From: 0K(465920K)->418080K(465920K)
[2025-08-01T03:42:11.352+0000] GC(57) ParOldGen: 1492476K(2796544K)->1492476K(2796544K)
[2025-08-01T03:42:11.352+0000] GC(57) Metaspace: 10662K(10880K)->10662K(10880K) NonClass: 9396K(9536K)->9396K(9536K) Class: 1265K(1344K)->1265K(1344K)
[2025-08-01T03:42:11.352+0000] GC(57) Pause Young (Allocation Failure) 1912M->1865M(3641M) 159.276ms
[2025-08-01T03:42:11.352+0000] GC(57) User=1.09s Sys=0.10s Real=0.16s
[2025-08-01T03:42:11.457+0000] GC(58) Pause Young (Allocation Failure)
[2025-08-01T03:42:11.633+0000] GC(58) PSYoungGen: 884000K(931840K)->465920K(931840K) Eden: 465920K(465920K)->0K(465920K) From: 418080K(465920K)->465920K(465920K)
[2025-08-01T03:42:11.633+0000] GC(58) ParOldGen: 1492476K(2796544K)->1942484K(2796544K)
[2025-08-01T03:42:11.633+0000] GC(58) Metaspace: 10662K(10880K)->10662K(10880K) NonClass: 9396K(9536K)->9396K(9536K) Class: 1265K(1344K)->1265K(1344K)
[2025-08-01T03:42:11.633+0000] GC(58) Pause Young (Allocation Failure) 2320M->2351M(3641M) 175.498ms
[2025-08-01T03:42:11.633+0000] GC(58) User=1.31s Sys=0.07s Real=0.18s
[2025-08-01T03:42:11.727+0000] GC(59) Pause Young (Allocation Failure)
[2025-08-01T03:42:11.943+0000] GC(59) PSYoungGen: 931840K(931840K)->393888K(931840K) Eden: 465920K(465920K)->0K(465920K) From: 465920K(465920K)->393888K(465920K)
[2025-08-01T03:42:11.943+0000] GC(59) ParOldGen: 1942484K(2796544K)->2321996K(2796544K)
[2025-08-01T03:42:11.943+0000] GC(59) Metaspace: 10662K(10880K)->10662K(10880K) NonClass: 9396K(9536K)->9396K(9536K) Class: 1265K(1344K)->1265K(1344K)
[2025-08-01T03:42:11.943+0000] GC(59) Pause Young (Allocation Failure) 2806M->2652M(3641M) 215.211ms
[2025-08-01T03:42:11.943+0000] GC(59) User=1.55s Sys=0.07s Real=0.21s
[2025-08-01T03:42:12.032+0000] GC(60) Pause Full (Ergonomics)
[2025-08-01T03:42:12.032+0000] GC(60) Marking Phase
[2025-08-01T03:42:12.144+0000] GC(60) Marking Phase 111.355ms
[2025-08-01T03:42:12.144+0000] GC(60) Summary Phase
[2025-08-01T03:42:12.144+0000] GC(60) Summary Phase 0.196ms
[2025-08-01T03:42:12.144+0000] GC(60) Adjust Roots
[2025-08-01T03:42:12.147+0000] GC(60) Adjust Roots 2.821ms
[2025-08-01T03:42:12.147+0000] GC(60) Compaction Phase
[2025-08-01T03:42:12.310+0000] GC(60) Compaction Phase 163.060ms
[2025-08-01T03:42:12.310+0000] GC(60) Post Compact
[2025-08-01T03:42:12.331+0000] GC(60) Post Compact 20.574ms
[2025-08-01T03:42:12.331+0000] GC(60) PSYoungGen: 859808K(931840K)->0K(931840K) Eden: 465920K(465920K)->0K(465920K) From: 393888K(465920K)->0K(465920K)
[2025-08-01T03:42:12.331+0000] GC(60) ParOldGen: 2321996K(2796544K)->1037396K(2796544K)
[2025-08-01T03:42:12.331+0000] GC(60) Metaspace: 10662K(10880K)->10662K(10880K) NonClass: 9396K(9536K)->9396K(9536K) Class: 1265K(1344K)->1265K(1344K)
[2025-08-01T03:42:12.331+0000] GC(60) Pause Full (Ergonomics) 3107M->1013M(3641M) 298.691ms
[2025-08-01T03:42:12.331+0000] GC(60) User=2.13s Sys=0.00s Real=0.30s
[2025-08-01T03:42:12.422+0000] GC(61) Pause Young (Allocation Failure)
[2025-08-01T03:42:12.538+0000] GC(61) PSYoungGen: 465920K(931840K)->421312K(931840K) Eden: 465920K(465920K)->0K(465920K) From: 0K(465920K)->421312K(465920K)
[2025-08-01T03:42:12.538+0000] GC(61) ParOldGen: 1037396K(2796544K)->1037396K(2796544K)
[2025-08-01T03:42:12.538+0000] GC(61) Metaspace: 10662K(10880K)->10662K(10880K) NonClass: 9396K(9536K)->9396K(9536K) Class: 1265K(1344K)->1265K(1344K)
[2025-08-01T03:42:12.538+0000] GC(61) Pause Young (Allocation Failure) 1468M->1424M(3641M) 115.863ms
[2025-08-01T03:42:12.538+0000] GC(61) User=0.85s Sys=0.05s Real=0.12s
[2025-08-01T03:42:12.625+0000] GC(62) Pause Young (Allocation Failure)
[2025-08-01T03:42:12.796+0000] GC(62) PSYoungGen: 887232K(931840K)->465920K(931840K) Eden: 465920K(465920K)->0K(465920K) From: 421312K(465920K)->465920K(465920K)
[2025-08-01T03:42:12.796+0000] GC(62) ParOldGen: 1037396K(2796544K)->1491900K(2796544K)
[2025-08-01T03:42:12.796+0000] GC(62) Metaspace: 10662K(10880K)->10662K(10880K) NonClass: 9396K(9536K)->9396K(9536K) Class: 1265K(1344K)->1265K(1344K)
[2025-08-01T03:42:12.796+0000] GC(62) Pause Young (Allocation Failure) 1879M->1911M(3641M) 171.552ms
[2025-08-01T03:42:12.796+0000] GC(62) User=1.27s Sys=0.05s Real=0.17s
[2025-08-01T03:42:12.884+0000] GC(63) Pause Young (Allocation Failure)
[2025-08-01T03:42:13.018+0000] GC(63) PSYoungGen: 931840K(931840K)->379360K(931840K) Eden: 465920K(465920K)->0K(465920K) From: 465920K(465920K)->379360K(465920K)
[2025-08-01T03:42:13.018+0000] GC(63) ParOldGen: 1491900K(2796544K)->1871604K(2796544K)
[2025-08-01T03:42:13.018+0000] GC(63) Metaspace: 10662K(10880K)->10662K(10880K) NonClass: 9396K(9536K)->9396K(9536K) Class: 1265K(1344K)->1265K(1344K)
[2025-08-01T03:42:13.018+0000] GC(63) Pause Young (Allocation Failure) 2366M->2198M(3641M) 134.688ms
[2025-08-01T03:42:13.018+0000] GC(63) User=1.02s Sys=0.02s Real=0.13s
[2025-08-01T03:42:13.110+0000] GC(64) Pause Young (Allocation Failure)
[2025-08-01T03:42:13.231+0000] GC(64) PSYoungGen: 845280K(931840K)->379520K(931840K) Eden: 465920K(465920K)->0K(465920K) From: 379360K(465920K)->379520K(465920K)
[2025-08-01T03:42:13.231+0000] GC(64) ParOldGen: 1871604K(2796544K)->2151740K(2796544K)
[2025-08-01T03:42:13.231+0000] GC(64) Metaspace: 10662K(10880K)->10662K(10880K) NonClass: 9396K(9536K)->9396K(9536K) Class: 1265K(1344K)->1265K(1344K)
[2025-08-01T03:42:13.231+0000] GC(64) Pause Young (Allocation Failure) 2653M->2471M(3641M) 120.899ms
[2025-08-01T03:42:13.231+0000] GC(64) User=0.90s Sys=0.05s Real=0.12s
[2025-08-01T03:42:13.321+0000] GC(65) Pause Full (Ergonomics)
[2025-08-01T03:42:13.321+0000] GC(65) Marking Phase
[2025-08-01T03:42:13.380+0000] GC(65) Marking Phase 58.938ms
[2025-08-01T03:42:13.380+0000] GC(65) Summary Phase
[2025-08-01T03:42:13.381+0000] GC(65) Summary Phase 0.096ms
[2025-08-01T03:42:13.381+0000] GC(65) Adjust Roots
[2025-08-01T03:42:13.382+0000] GC(65) Adjust Roots 1.748ms
[2025-08-01T03:42:13.382+0000] GC(65) Compaction Phase
[2025-08-01T03:42:13.481+0000] GC(65) Compaction Phase 98.266ms
[2025-08-01T03:42:13.481+0000] GC(65) Post Compact
[2025-08-01T03:42:13.498+0000] GC(65) Post Compact 17.404ms
[2025-08-01T03:42:13.498+0000] GC(65) PSYoungGen: 845440K(931840K)->0K(931840K) Eden: 465920K(465920K)->0K(465920K) From: 379520K(465920K)->0K(465920K)
[2025-08-01T03:42:13.498+0000] GC(65) ParOldGen: 2151740K(2796544K)->589123K(2796544K)
[2025-08-01T03:42:13.498+0000] GC(65) Metaspace: 10662K(10880K)->10662K(10880K) NonClass: 9396K(9536K)->9396K(9536K) Class: 1265K(1344K)->1265K(1344K)
[2025-08-01T03:42:13.498+0000] GC(65) Pause Full (Ergonomics) 2926M->575M(3641M) 176.791ms
[2025-08-01T03:42:13.498+0000] GC(65) User=1.11s Sys=0.06s Real=0.18s
[2025-08-01T03:42:13.594+0000] GC(66) Pause Young (Allocation Failure)
[2025-08-01T03:42:13.729+0000] GC(66) PSYoungGen: 465920K(931840K)->465920K(931840K) Eden: 465920K(465920K)->0K(465920K) From: 0K(465920K)->465920K(465920K)
[2025-08-01T03:42:13.729+0000] GC(66) ParOldGen: 589123K(2796544K)->596643K(2796544K)
[2025-08-01T03:42:13.729+0000] GC(66) Metaspace: 10662K(10880K)->10662K(10880K) NonClass: 9396K(9536K)->9396K(9536K) Class: 1265K(1344K)->1265K(1344K)
[2025-08-01T03:42:13.729+0000] GC(66) Pause Young (Allocation Failure) 1030M->1037M(3641M) 135.085ms
[2025-08-01T03:42:13.729+0000] GC(66) User=1.00s Sys=0.06s Real=0.13s
[2025-08-01T03:42:13.821+0000] GC(67) Pause Young (Allocation Failure)
[2025-08-01T03:42:14.012+0000] GC(67) PSYoungGen: 931840K(931840K)->376480K(931840K) Eden: 465920K(465920K)->0K(465920K) From: 465920K(465920K)->376480K(465920K)
[2025-08-01T03:42:14.012+0000] GC(67) ParOldGen: 596643K(2796544K)->977971K(2796544K)
[2025-08-01T03:42:14.012+0000] GC(67) Metaspace: 10662K(10880K)->10662K(10880K) NonClass: 9396K(9536K)->9396K(9536K) Class: 1265K(1344K)->1265K(1344K)
[2025-08-01T03:42:14.012+0000] GC(67) Pause Young (Allocation Failure) 1492M->1322M(3641M) 190.730ms
[2025-08-01T03:42:14.012+0000] GC(67) User=1.40s Sys=0.09s Real=0.19s
[2025-08-01T03:42:14.097+0000] GC(68) Pause Young (Allocation Failure)
[2025-08-01T03:42:14.173+0000] GC(68) PSYoungGen: 842400K(931840K)->268736K(931840K) Eden: 465920K(465920K)->0K(465920K) From: 376480K(465920K)->268736K(465920K)
[2025-08-01T03:42:14.173+0000] GC(68) ParOldGen: 977971K(2796544K)->1134035K(2796544K)
[2025-08-01T03:42:14.173+0000] GC(68) Metaspace: 10662K(10880K)->10662K(10880K) NonClass: 9396K(9536K)->9396K(9536K) Class: 1265K(1344K)->1265K(1344K)
[2025-08-01T03:42:14.173+0000] GC(68) Pause Young (Allocation Failure) 1777M->1369M(3641M) 75.636ms
[2025-08-01T03:42:14.173+0000] GC(68) User=0.52s Sys=0.02s Real=0.08s
[2025-08-01T03:42:14.263+0000] GC(69) Pause Young (Allocation Failure)
[2025-08-01T03:42:14.369+0000] GC(69) PSYoungGen: 734656K(931840K)->409920K(931840K) Eden: 465920K(465920K)->0K(465920K) From: 268736K(465920K)->409920K(465920K)
[2025-08-01T03:42:14.369+0000] GC(69) ParOldGen: 1134035K(2796544K)->1283443K(2796544K)
[2025-08-01T03:42:14.369+0000] GC(69) Metaspace: 10662K(10880K)->10662K(10880K) NonClass: 9396K(9536K)->9396K(9536K) Class: 1265K(1344K)->1265K(1344K)
[2025-08-01T03:42:14.369+0000] GC(69) Pause Young (Allocation Failure) 1824M->1653M(3641M) 106.924ms
[2025-08-01T03:42:14.369+0000] GC(69) User=0.79s Sys=0.04s Real=0.11s
[2025-08-01T03:42:14.460+0000] GC(70) Pause Young (Allocation Failure)
[2025-08-01T03:42:14.668+0000] GC(70) PSYoungGen: 875840K(931840K)->465920K(931840K) Eden: 465920K(465920K)->0K(465920K) From: 409920K(465920K)->465920K(465920K)
[2025-08-01T03:42:14.668+0000] GC(70) ParOldGen: 1283443K(2796544K)->1725099K(2796544K)
[2025-08-01T03:42:14.668+0000] GC(70) Metaspace: 10662K(10880K)->10662K(10880K) NonClass: 9396K(9536K)->9396K(9536K) Class: 1265K(1344K)->1265K(1344K)
[2025-08-01T03:42:14.668+0000] GC(70) Pause Young (Allocation Failure) 2108M->2139M(3641M) 208.113ms
[2025-08-01T03:42:14.668+0000] GC(70) User=1.51s Sys=0.07s Real=0.21s
[2025-08-01T03:42:14.760+0000] GC(71) Pause Young (Allocation Failure)
[2025-08-01T03:42:14.933+0000] GC(71) PSYoungGen: 931840K(931840K)->377152K(931840K) Eden: 465920K(465920K)->0K(465920K) From: 465920K(465920K)->377152K(465920K)
[2025-08-01T03:42:14.933+0000] GC(71) ParOldGen: 1725099K(2796544K)->2117243K(2796544K)
[2025-08-01T03:42:14.933+0000] GC(71) Metaspace: 10662K(10880K)->10662K(10880K) NonClass: 9396K(9536K)->9396K(9536K) Class: 1265K(1344K)->1265K(1344K)
[2025-08-01T03:42:14.933+0000] GC(71) Pause Young (Allocation Failure) 2594M->2435M(3641M) 173.532ms
[2025-08-01T03:42:14.933+0000] GC(71) User=1.23s Sys=0.09s Real=0.18s
[2025-08-01T03:42:15.042+0000] GC(72) Pause Young (Allocation Failure)
[2025-08-01T03:42:15.254+0000] GC(72) PSYoungGen: 843072K(931840K)->465920K(931840K) Eden: 465920K(465920K)->0K(465920K) From: 377152K(465920K)->465920K(465920K)
[2025-08-01T03:42:15.254+0000] GC(72) ParOldGen: 2117243K(2796544K)->2525643K(2796544K)
[2025-08-01T03:42:15.254+0000] GC(72) Metaspace: 10662K(10880K)->10662K(10880K) NonClass: 9396K(9536K)->9396K(9536K) Class: 1265K(1344K)->1265K(1344K)
[2025-08-01T03:42:15.254+0000] GC(72) Pause Young (Allocation Failure) 2890M->2921M(3641M) 212.284ms
[2025-08-01T03:42:15.255+0000] GC(72) User=1.06s Sys=0.58s Real=0.22s
[2025-08-01T03:42:15.396+0000] GC(73) Pause Full (Ergonomics)
[2025-08-01T03:42:15.396+0000] GC(73) Marking Phase
[2025-08-01T03:42:15.480+0000] GC(73) Marking Phase 84.428ms
[2025-08-01T03:42:15.480+0000] GC(73) Summary Phase
[2025-08-01T03:42:15.480+0000] GC(73) Summary Phase 0.148ms
[2025-08-01T03:42:15.480+0000] GC(73) Adjust Roots
[2025-08-01T03:42:15.482+0000] GC(73) Adjust Roots 2.025ms
[2025-08-01T03:42:15.483+0000] GC(73) Compaction Phase
[2025-08-01T03:42:15.589+0000] GC(73) Compaction Phase 106.024ms
[2025-08-01T03:42:15.589+0000] GC(73) Post Compact
[2025-08-01T03:42:15.624+0000] GC(73) Post Compact 35.179ms
[2025-08-01T03:42:15.624+0000] GC(73) PSYoungGen: 931840K(931840K)->0K(931840K) Eden: 465920K(465920K)->0K(465920K) From: 465920K(465920K)->0K(465920K)
[2025-08-01T03:42:15.624+0000] GC(73) ParOldGen: 2525643K(2796544K)->603331K(2796544K)
[2025-08-01T03:42:15.624+0000] GC(73) Metaspace: 10662K(10880K)->10662K(10880K) NonClass: 9396K(9536K)->9396K(9536K) Class: 1265K(1344K)->1265K(1344K)
[2025-08-01T03:42:15.624+0000] GC(73) Pause Full (Ergonomics) 3376M->589M(3641M) 228.372ms
[2025-08-01T03:42:15.624+0000] GC(73) User=1.24s Sys=0.18s Real=0.23s
[2025-08-01T03:42:15.718+0000] GC(74) Pause Young (Allocation Failure)
[2025-08-01T03:42:15.853+0000] GC(74) PSYoungGen: 465920K(931840K)->465920K(931840K) Eden: 465920K(465920K)->0K(465920K) From: 0K(465920K)->465920K(465920K)
[2025-08-01T03:42:15.853+0000] GC(74) ParOldGen: 603331K(2796544K)->610315K(2796544K)
[2025-08-01T03:42:15.853+0000] GC(74) Metaspace: 10662K(10880K)->10662K(10880K) NonClass: 9396K(9536K)->9396K(9536K) Class: 1265K(1344K)->1265K(1344K)
[2025-08-01T03:42:15.853+0000] GC(74) Pause Young (Allocation Failure) 1044M->1051M(3641M) 134.748ms
[2025-08-01T03:42:15.853+0000] GC(74) User=0.92s Sys=0.09s Real=0.14s
[2025-08-01T03:42:15.956+0000] GC(75) Pause Young (Allocation Failure)
[2025-08-01T03:42:16.114+0000] GC(75) PSYoungGen: 931840K(931840K)->405632K(931840K) Eden: 465920K(465920K)->0K(465920K) From: 465920K(465920K)->405632K(465920K)
[2025-08-01T03:42:16.114+0000] GC(75) ParOldGen: 610315K(2796544K)->981187K(2796544K)
[2025-08-01T03:42:16.114+0000] GC(75) Metaspace: 10662K(10880K)->10662K(10880K) NonClass: 9396K(9536K)->9396K(9536K) Class: 1265K(1344K)->1265K(1344K)
[2025-08-01T03:42:16.114+0000] GC(75) Pause Young (Allocation Failure) 1506M->1354M(3641M) 158.056ms
[2025-08-01T03:42:16.114+0000] GC(75) User=1.20s Sys=0.04s Real=0.16s
[2025-08-01T03:42:16.204+0000] GC(76) Pause Young (Allocation Failure)
[2025-08-01T03:42:16.299+0000] GC(76) PSYoungGen: 871552K(931840K)->355072K(931840K) Eden: 465920K(465920K)->0K(465920K) From: 405632K(465920K)->355072K(465920K)
[2025-08-01T03:42:16.299+0000] GC(76) ParOldGen: 981187K(2796544K)->1278707K(2796544K)
[2025-08-01T03:42:16.299+0000] GC(76) Metaspace: 10662K(10880K)->10662K(10880K) NonClass: 9396K(9536K)->9396K(9536K) Class: 1265K(1344K)->1265K(1344K)
[2025-08-01T03:42:16.299+0000] GC(76) Pause Young (Allocation Failure) 1809M->1595M(3641M) 95.099ms
[2025-08-01T03:42:16.299+0000] GC(76) User=0.75s Sys=0.00s Real=0.09s
[2025-08-01T03:42:16.384+0000] GC(77) Pause Young (Allocation Failure)
[2025-08-01T03:42:16.479+0000] GC(77) PSYoungGen: 820992K(931840K)->435968K(931840K) Eden: 465920K(465920K)->0K(465920K) From: 355072K(465920K)->435968K(465920K)
[2025-08-01T03:42:16.479+0000] GC(77) ParOldGen: 1278707K(2796544K)->1404651K(2796544K)
[2025-08-01T03:42:16.479+0000] GC(77) Metaspace: 10662K(10880K)->10662K(10880K) NonClass: 9396K(9536K)->9396K(9536K) Class: 1265K(1344K)->1265K(1344K)
[2025-08-01T03:42:16.479+0000] GC(77) Pause Young (Allocation Failure) 2050M->1797M(3641M) 95.489ms
[2025-08-01T03:42:16.479+0000] GC(77) User=0.75s Sys=0.00s Real=0.09s
[2025-08-01T03:42:16.565+0000] GC(78) Pause Young (Allocation Failure)
[2025-08-01T03:42:16.792+0000] GC(78) PSYoungGen: 901888K(931840K)->465920K(931840K) Eden: 465920K(465920K)->0K(465920K) From: 435968K(465920K)->465920K(465920K)
[2025-08-01T03:42:16.792+0000] GC(78) ParOldGen: 1404651K(2796544K)->1876339K(2796544K)
[2025-08-01T03:42:16.793+0000] GC(78) Metaspace: 10662K(10880K)->10662K(10880K) NonClass: 9396K(9536K)->9396K(9536K) Class: 1265K(1344K)->1265K(1344K)
[2025-08-01T03:42:16.793+0000] GC(78) Pause Young (Allocation Failure) 2252M->2287M(3641M) 227.731ms
[2025-08-01T03:42:16.793+0000] GC(78) User=1.68s Sys=0.05s Real=0.22s
[2025-08-01T03:42:16.880+0000] GC(79) Pause Young (Allocation Failure)
[2025-08-01T03:42:17.048+0000] GC(79) PSYoungGen: 931840K(931840K)->396928K(931840K) Eden: 465920K(465920K)->0K(465920K) From: 465920K(465920K)->396928K(465920K)
[2025-08-01T03:42:17.048+0000] GC(79) ParOldGen: 1876339K(2796544K)->2251960K(2796544K)
[2025-08-01T03:42:17.048+0000] GC(79) Metaspace: 10662K(10880K)->10662K(10880K) NonClass: 9396K(9536K)->9396K(9536K) Class: 1265K(1344K)->1265K(1344K)
[2025-08-01T03:42:17.048+0000] GC(79) Pause Young (Allocation Failure) 2742M->2586M(3641M) 168.219ms
[2025-08-01T03:42:17.048+0000] GC(79) User=1.25s Sys=0.08s Real=0.17s
[2025-08-01T03:42:17.137+0000] GC(80) Pause Full (Ergonomics)
[2025-08-01T03:42:17.138+0000] GC(80) Marking Phase
[2025-08-01T03:42:17.214+0000] GC(80) Marking Phase 76.873ms
[2025-08-01T03:42:17.214+0000] GC(80) Summary Phase
[2025-08-01T03:42:17.215+0000] GC(80) Summary Phase 0.103ms
[2025-08-01T03:42:17.215+0000] GC(80) Adjust Roots
[2025-08-01T03:42:17.216+0000] GC(80) Adjust Roots 1.402ms
[2025-08-01T03:42:17.216+0000] GC(80) Compaction Phase
[2025-08-01T03:42:17.379+0000] GC(80) Compaction Phase 163.274ms
[2025-08-01T03:42:17.379+0000] GC(80) Post Compact
[2025-08-01T03:42:17.399+0000] GC(80) Post Compact 19.602ms
[2025-08-01T03:42:17.399+0000] GC(80) PSYoungGen: 862848K(931840K)->0K(931840K) Eden: 465920K(465920K)->0K(465920K) From: 396928K(465920K)->0K(465920K)
[2025-08-01T03:42:17.399+0000] GC(80) ParOldGen: 2251960K(2796544K)->1081569K(2796544K)
[2025-08-01T03:42:17.399+0000] GC(80) Metaspace: 10662K(10880K)->10662K(10880K) NonClass: 9396K(9536K)->9396K(9536K) Class: 1265K(1344K)->1265K(1344K)
[2025-08-01T03:42:17.399+0000] GC(80) Pause Full (Ergonomics) 3041M->1056M(3641M) 261.711ms
[2025-08-01T03:42:17.399+0000] GC(80) User=1.89s Sys=0.00s Real=0.26s
[2025-08-01T03:42:17.495+0000] GC(81) Pause Young (Allocation Failure)
[2025-08-01T03:42:17.623+0000] GC(81) PSYoungGen: 465920K(931840K)->437856K(931840K) Eden: 465920K(465920K)->0K(465920K) From: 0K(465920K)->437856K(465920K)
[2025-08-01T03:42:17.623+0000] GC(81) ParOldGen: 1081569K(2796544K)->1081569K(2796544K)
[2025-08-01T03:42:17.623+0000] GC(81) Metaspace: 10662K(10880K)->10662K(10880K) NonClass: 9396K(9536K)->9396K(9536K) Class: 1265K(1344K)->1265K(1344K)
[2025-08-01T03:42:17.623+0000] GC(81) Pause Young (Allocation Failure) 1511M->1483M(3641M) 128.139ms
[2025-08-01T03:42:17.623+0000] GC(81) User=0.95s Sys=0.04s Real=0.13s
[2025-08-01T03:42:17.715+0000] GC(82) Pause Young (Allocation Failure)
[2025-08-01T03:42:17.862+0000] GC(82) PSYoungGen: 903776K(931840K)->465920K(931840K) Eden: 465920K(465920K)->0K(465920K) From: 437856K(465920K)->465920K(465920K)
[2025-08-01T03:42:17.862+0000] GC(82) ParOldGen: 1081569K(2796544K)->1551497K(2796544K)
[2025-08-01T03:42:17.863+0000] GC(82) Metaspace: 10662K(10880K)->10662K(10880K) NonClass: 9396K(9536K)->9396K(9536K) Class: 1265K(1344K)->1265K(1344K)
[2025-08-01T03:42:17.863+0000] GC(82) Pause Young (Allocation Failure) 1938M->1970M(3641M) 147.417ms
[2025-08-01T03:42:17.863+0000] GC(82) User=1.10s Sys=0.01s Real=0.14s
[2025-08-01T03:42:17.949+0000] GC(83) Pause Young (Allocation Failure)
[2025-08-01T03:42:18.115+0000] GC(83) PSYoungGen: 931840K(931840K)->378240K(931840K) Eden: 465920K(465920K)->0K(465920K) From: 465920K(465920K)->378240K(465920K)
[2025-08-01T03:42:18.115+0000] GC(83) ParOldGen: 1551497K(2796544K)->1932649K(2796544K)
[2025-08-01T03:42:18.115+0000] GC(83) Metaspace: 10662K(10880K)->10662K(10880K) NonClass: 9396K(9536K)->9396K(9536K) Class: 1265K(1344K)->1265K(1344K)
[2025-08-01T03:42:18.116+0000] GC(83) Pause Young (Allocation Failure) 2425M->2256M(3641M) 166.602ms
[2025-08-01T03:42:18.116+0000] GC(83) User=1.21s Sys=0.08s Real=0.17s
[2025-08-01T03:42:18.204+0000] GC(84) Pause Young (Allocation Failure)
[2025-08-01T03:42:18.345+0000] GC(84) PSYoungGen: 844160K(931840K)->303168K(931840K) Eden: 465920K(465920K)->0K(465920K) From: 378240K(465920K)->303168K(465920K)
[2025-08-01T03:42:18.345+0000] GC(84) ParOldGen: 1932649K(2796544K)->2076569K(2796544K)
[2025-08-01T03:42:18.345+0000] GC(84) Metaspace: 10662K(10880K)->10662K(10880K) NonClass: 9396K(9536K)->9396K(9536K) Class: 1265K(1344K)->1265K(1344K)
[2025-08-01T03:42:18.345+0000] GC(84) Pause Young (Allocation Failure) 2711M->2323M(3641M) 141.407ms
[2025-08-01T03:42:18.345+0000] GC(84) User=1.03s Sys=0.06s Real=0.14s
[2025-08-01T03:42:18.450+0000] GC(85) Pause Young (Allocation Failure)
[2025-08-01T03:42:18.626+0000] GC(85) PSYoungGen: 769088K(931840K)->421728K(931840K) Eden: 465920K(465920K)->0K(465920K) From: 303168K(465920K)->421728K(465920K)
[2025-08-01T03:42:18.626+0000] GC(85) ParOldGen: 2076569K(2796544K)->2275225K(2796544K)
[2025-08-01T03:42:18.626+0000] GC(85) Metaspace: 10662K(10880K)->10662K(10880K) NonClass: 9396K(9536K)->9396K(9536K) Class: 1265K(1344K)->1265K(1344K)
[2025-08-01T03:42:18.626+0000] GC(85) Pause Young (Allocation Failure) 2778M->2633M(3641M) 175.936ms
[2025-08-01T03:42:18.626+0000] GC(85) User=1.17s Sys=0.12s Real=0.18s
[2025-08-01T03:42:18.718+0000] GC(86) Pause Full (Ergonomics)
[2025-08-01T03:42:18.718+0000] GC(86) Marking Phase
[2025-08-01T03:42:18.801+0000] GC(86) Marking Phase 83.658ms
[2025-08-01T03:42:18.802+0000] GC(86) Summary Phase
[2025-08-01T03:42:18.802+0000] GC(86) Summary Phase 0.133ms
[2025-08-01T03:42:18.802+0000] GC(86) Adjust Roots
[2025-08-01T03:42:18.804+0000] GC(86) Adjust Roots 1.884ms
[2025-08-01T03:42:18.804+0000] GC(86) Compaction Phase
[2025-08-01T03:42:18.975+0000] GC(86) Compaction Phase 171.073ms
[2025-08-01T03:42:18.975+0000] GC(86) Post Compact
[2025-08-01T03:42:18.997+0000] GC(86) Post Compact 21.803ms
[2025-08-01T03:42:18.997+0000] GC(86) PSYoungGen: 887648K(931840K)->0K(931840K) Eden: 465920K(465920K)->0K(465920K) From: 421728K(465920K)->0K(465920K)
[2025-08-01T03:42:18.997+0000] GC(86) ParOldGen: 2275225K(2796544K)->1089819K(2796544K)
[2025-08-01T03:42:18.997+0000] GC(86) Metaspace: 10662K(10880K)->10662K(10880K) NonClass: 9396K(9536K)->9396K(9536K) Class: 1265K(1344K)->1265K(1344K)
[2025-08-01T03:42:18.997+0000] GC(86) Pause Full (Ergonomics) 3088M->1064M(3641M) 278.992ms
[2025-08-01T03:42:18.997+0000] GC(86) User=1.91s Sys=0.05s Real=0.28s
[2025-08-01T03:42:19.081+0000] GC(87) Pause Young (Allocation Failure)
[2025-08-01T03:42:19.166+0000] GC(87) PSYoungGen: 465920K(931840K)->376896K(931840K) Eden: 465920K(465920K)->0K(465920K) From: 0K(465920K)->376896K(465920K)
[2025-08-01T03:42:19.166+0000] GC(87) ParOldGen: 1089819K(2796544K)->1089819K(2796544K)
[2025-08-01T03:42:19.166+0000] GC(87) Metaspace: 10662K(10880K)->10662K(10880K) NonClass: 9396K(9536K)->9396K(9536K) Class: 1265K(1344K)->1265K(1344K)
[2025-08-01T03:42:19.166+0000] GC(87) Pause Young (Allocation Failure) 1519M->1432M(3641M) 84.734ms
[2025-08-01T03:42:19.166+0000] GC(87) User=0.60s Sys=0.04s Real=0.09s
[2025-08-01T03:42:19.253+0000] GC(88) Pause Young (Allocation Failure)
[2025-08-01T03:42:19.347+0000] GC(88) PSYoungGen: 842816K(931840K)->317760K(931840K) Eden: 465920K(465920K)->0K(465920K) From: 376896K(465920K)->317760K(465920K)
[2025-08-01T03:42:19.347+0000] GC(88) ParOldGen: 1089819K(2796544K)->1238691K(2796544K)
[2025-08-01T03:42:19.347+0000] GC(88) Metaspace: 10662K(10880K)->10662K(10880K) NonClass: 9396K(9536K)->9396K(9536K) Class: 1265K(1344K)->1265K(1344K)
[2025-08-01T03:42:19.347+0000] GC(88) Pause Young (Allocation Failure) 1887M->1519M(3641M) 93.864ms
[2025-08-01T03:42:19.347+0000] GC(88) User=0.69s Sys=0.02s Real=0.09s
[2025-08-01T03:42:19.437+0000] GC(89) Pause Young (Allocation Failure)
[2025-08-01T03:42:19.582+0000] GC(89) PSYoungGen: 783680K(931840K)->410304K(931840K) Eden: 465920K(465920K)->0K(465920K) From: 317760K(465920K)->410304K(465920K)
[2025-08-01T03:42:19.582+0000] GC(89) ParOldGen: 1238691K(2796544K)->1444299K(2796544K)
[2025-08-01T03:42:19.582+0000] GC(89) Metaspace: 10662K(10880K)->10662K(10880K) NonClass: 9396K(9536K)->9396K(9536K) Class: 1265K(1344K)->1265K(1344K)
[2025-08-01T03:42:19.582+0000] GC(89) Pause Young (Allocation Failure) 1974M->1811M(3641M) 144.786ms
[2025-08-01T03:42:19.582+0000] GC(89) User=0.99s Sys=0.11s Real=0.14s
[2025-08-01T03:42:19.685+0000] GC(90) Pause Young (Allocation Failure)
[2025-08-01T03:42:19.842+0000] GC(90) PSYoungGen: 876224K(931840K)->465920K(931840K) Eden: 465920K(465920K)->0K(465920K) From: 410304K(465920K)->465920K(465920K)
[2025-08-01T03:42:19.842+0000] GC(90) ParOldGen: 1444299K(2796544K)->1885947K(2796544K)
[2025-08-01T03:42:19.842+0000] GC(90) Metaspace: 10662K(10880K)->10662K(10880K) NonClass: 9396K(9536K)->9396K(9536K) Class: 1265K(1344K)->1265K(1344K)
[2025-08-01T03:42:19.842+0000] GC(90) Pause Young (Allocation Failure) 2266M->2296M(3641M) 157.456ms
[2025-08-01T03:42:19.842+0000] GC(90) User=1.21s Sys=0.01s Real=0.15s
[2025-08-01T03:42:19.987+0000] GC(91) Pause Young (Allocation Failure)
[2025-08-01T03:42:20.249+0000] GC(91) PSYoungGen: 931840K(931840K)->375456K(931840K) Eden: 465920K(465920K)->0K(465920K) From: 465920K(465920K)->375456K(465920K)
[2025-08-01T03:42:20.249+0000] GC(91) ParOldGen: 1885947K(2796544K)->2265571K(2796544K)
[2025-08-01T03:42:20.249+0000] GC(91) Metaspace: 10662K(10880K)->10662K(10880K) NonClass: 9396K(9536K)->9396K(9536K) Class: 1265K(1344K)->1265K(1344K)
[2025-08-01T03:42:20.249+0000] GC(91) Pause Young (Allocation Failure) 2751M->2579M(3641M) 261.956ms
[2025-08-01T03:42:20.249+0000] GC(91) User=1.96s Sys=0.08s Real=0.26s
[2025-08-01T03:42:20.338+0000] GC(92) Pause Full (Ergonomics)
[2025-08-01T03:42:20.338+0000] GC(92) Marking Phase
[2025-08-01T03:42:20.415+0000] GC(92) Marking Phase 76.956ms
[2025-08-01T03:42:20.415+0000] GC(92) Summary Phase
[2025-08-01T03:42:20.416+0000] GC(92) Summary Phase 0.187ms
[2025-08-01T03:42:20.416+0000] GC(92) Adjust Roots
[2025-08-01T03:42:20.420+0000] GC(92) Adjust Roots 4.364ms
[2025-08-01T03:42:20.420+0000] GC(92) Compaction Phase
[2025-08-01T03:42:20.573+0000] GC(92) Compaction Phase 152.409ms
[2025-08-01T03:42:20.573+0000] GC(92) Post Compact
[2025-08-01T03:42:20.592+0000] GC(92) Post Compact 19.846ms
[2025-08-01T03:42:20.593+0000] GC(92) PSYoungGen: 841376K(931840K)->0K(931840K) Eden: 465920K(465920K)->0K(465920K) From: 375456K(465920K)->0K(465920K)
[2025-08-01T03:42:20.593+0000] GC(92) ParOldGen: 2265571K(2796544K)->642434K(2796544K)
[2025-08-01T03:42:20.593+0000] GC(92) Metaspace: 10662K(10880K)->10662K(10880K) NonClass: 9396K(9536K)->9396K(9536K) Class: 1265K(1344K)->1265K(1344K)
[2025-08-01T03:42:20.593+0000] GC(92) Pause Full (Ergonomics) 3034M->627M(3641M) 254.253ms
[2025-08-01T03:42:20.593+0000] GC(92) User=1.68s Sys=0.07s Real=0.25s
[2025-08-01T03:42:20.684+0000] GC(93) Pause Young (Allocation Failure)
[2025-08-01T03:42:20.807+0000] GC(93) PSYoungGen: 465920K(931840K)->420192K(931840K) Eden: 465920K(465920K)->0K(465920K) From: 0K(465920K)->420192K(465920K)
[2025-08-01T03:42:20.807+0000] GC(93) ParOldGen: 642434K(2796544K)->642434K(2796544K)
[2025-08-01T03:42:20.807+0000] GC(93) Metaspace: 10662K(10880K)->10662K(10880K) NonClass: 9396K(9536K)->9396K(9536K) Class: 1265K(1344K)->1265K(1344K)
[2025-08-01T03:42:20.807+0000] GC(93) Pause Young (Allocation Failure) 1082M->1037M(3641M) 122.371ms
[2025-08-01T03:42:20.807+0000] GC(93) User=0.91s Sys=0.04s Real=0.12s
[2025-08-01T03:42:20.924+0000] GC(94) Pause Young (Allocation Failure)
[2025-08-01T03:42:21.120+0000] GC(94) PSYoungGen: 886112K(931840K)->465920K(931840K) Eden: 465920K(465920K)->0K(465920K) From: 420192K(465920K)->465920K(465920K)
[2025-08-01T03:42:21.120+0000] GC(94) ParOldGen: 642434K(2796544K)->1091946K(2796544K)
[2025-08-01T03:42:21.121+0000] GC(94) Metaspace: 10662K(10880K)->10662K(10880K) NonClass: 9396K(9536K)->9396K(9536K) Class: 1265K(1344K)->1265K(1344K)
[2025-08-01T03:42:21.121+0000] GC(94) Pause Young (Allocation Failure) 1492M->1521M(3641M) 196.392ms
[2025-08-01T03:42:21.121+0000] GC(94) User=1.32s Sys=0.12s Real=0.19s
[2025-08-01T03:42:21.206+0000] GC(95) Pause Young (Allocation Failure)
[2025-08-01T03:42:21.400+0000] GC(95) PSYoungGen: 931840K(931840K)->371744K(931840K) Eden: 465920K(465920K)->0K(465920K) From: 465920K(465920K)->371744K(465920K)
[2025-08-01T03:42:21.400+0000] GC(95) ParOldGen: 1091946K(2796544K)->1464818K(2796544K)
[2025-08-01T03:42:21.400+0000] GC(95) Metaspace: 10662K(10880K)->10662K(10880K) NonClass: 9396K(9536K)->9396K(9536K) Class: 1265K(1344K)->1265K(1344K)
[2025-08-01T03:42:21.400+0000] GC(95) Pause Young (Allocation Failure) 1976M->1793M(3641M) 194.107ms
[2025-08-01T03:42:21.400+0000] GC(95) User=1.44s Sys=0.08s Real=0.19s
[2025-08-01T03:42:21.485+0000] GC(96) Pause Young (Allocation Failure)
[2025-08-01T03:42:21.583+0000] GC(96) PSYoungGen: 837664K(931840K)->318880K(931840K) Eden: 465920K(465920K)->0K(465920K) From: 371744K(465920K)->318880K(465920K)
[2025-08-01T03:42:21.583+0000] GC(96) ParOldGen: 1464818K(2796544K)->1614138K(2796544K)
[2025-08-01T03:42:21.583+0000] GC(96) Metaspace: 10662K(10880K)->10662K(10880K) NonClass: 9396K(9536K)->9396K(9536K) Class: 1265K(1344K)->1265K(1344K)
[2025-08-01T03:42:21.583+0000] GC(96) Pause Young (Allocation Failure) 2248M->1887M(3641M) 97.679ms
[2025-08-01T03:42:21.583+0000] GC(96) User=0.69s Sys=0.04s Real=0.09s
[2025-08-01T03:42:21.674+0000] GC(97) Pause Young (Allocation Failure)
[2025-08-01T03:42:21.830+0000] GC(97) PSYoungGen: 784800K(931840K)->453792K(931840K) Eden: 465920K(465920K)->0K(465920K) From: 318880K(465920K)->453792K(465920K)
[2025-08-01T03:42:21.830+0000] GC(97) ParOldGen: 1614138K(2796544K)->1821242K(2796544K)
[2025-08-01T03:42:21.830+0000] GC(97) Metaspace: 10662K(10880K)->10662K(10880K) NonClass: 9396K(9536K)->9396K(9536K) Class: 1265K(1344K)->1265K(1344K)
[2025-08-01T03:42:21.830+0000] GC(97) Pause Young (Allocation Failure) 2342M->2221M(3641M) 156.103ms
[2025-08-01T03:42:21.830+0000] GC(97) User=1.15s Sys=0.06s Real=0.15s
[2025-08-01T03:42:21.918+0000] GC(98) Pause Young (Allocation Failure)
[2025-08-01T03:42:22.073+0000] GC(98) PSYoungGen: 919712K(931840K)->465920K(931840K) Eden: 465920K(465920K)->0K(465920K) From: 453792K(465920K)->465920K(465920K)
[2025-08-01T03:42:22.073+0000] GC(98) ParOldGen: 1821242K(2796544K)->2307618K(2796544K)
[2025-08-01T03:42:22.073+0000] GC(98) Metaspace: 10662K(10880K)->10662K(10880K) NonClass: 9396K(9536K)->9396K(9536K) Class: 1265K(1344K)->1265K(1344K)
[2025-08-01T03:42:22.073+0000] GC(98) Pause Young (Allocation Failure) 2676M->2708M(3641M) 155.625ms
[2025-08-01T03:42:22.073+0000] GC(98) User=1.16s Sys=0.03s Real=0.16s
[2025-08-01T03:42:22.156+0000] GC(99) Pause Full (Ergonomics)
[2025-08-01T03:42:22.156+0000] GC(99) Marking Phase
[2025-08-01T03:42:22.241+0000] GC(99) Marking Phase 85.066ms
[2025-08-01T03:42:22.241+0000] GC(99) Summary Phase
[2025-08-01T03:42:22.242+0000] GC(99) Summary Phase 0.133ms
[2025-08-01T03:42:22.242+0000] GC(99) Adjust Roots
[2025-08-01T03:42:22.244+0000] GC(99) Adjust Roots 2.311ms
[2025-08-01T03:42:22.244+0000] GC(99) Compaction Phase
[2025-08-01T03:42:22.410+0000] GC(99) Compaction Phase 165.676ms
[2025-08-01T03:42:22.410+0000] GC(99) Post Compact
[2025-08-01T03:42:22.432+0000] GC(99) Post Compact 21.995ms
[2025-08-01T03:42:22.432+0000] GC(99) PSYoungGen: 931840K(931840K)->0K(931840K) Eden: 465920K(465920K)->0K(465920K) From: 465920K(465920K)->0K(465920K)
[2025-08-01T03:42:22.432+0000] GC(99) ParOldGen: 2307618K(2796544K)->1109667K(2796544K)
[2025-08-01T03:42:22.432+0000] GC(99) Metaspace: 10662K(10880K)->10662K(10880K) NonClass: 9396K(9536K)->9396K(9536K) Class: 1265K(1344K)->1265K(1344K)
[2025-08-01T03:42:22.432+0000] GC(99) Pause Full (Ergonomics) 3163M->1083M(3641M) 275.603ms
[2025-08-01T03:42:22.432+0000] GC(99) User=1.96s Sys=0.00s Real=0.27s
[2025-08-01T03:42:22.522+0000] GC(100) Pause Young (Allocation Failure)
[2025-08-01T03:42:22.633+0000] GC(100) PSYoungGen: 465920K(931840K)->331040K(931840K) Eden: 465920K(465920K)->0K(465920K) From: 0K(465920K)->331040K(465920K)
[2025-08-01T03:42:22.633+0000] GC(100) ParOldGen: 1109667K(2796544K)->1109667K(2796544K)
[2025-08-01T03:42:22.633+0000] GC(100) Metaspace: 10662K(10880K)->10662K(10880K) NonClass: 9396K(9536K)->9396K(9536K) Class: 1265K(1344K)->1265K(1344K)
[2025-08-01T03:42:22.633+0000] GC(100) Pause Young (Allocation Failure) 1538M->1406M(3641M) 110.876ms
[2025-08-01T03:42:22.633+0000] GC(100) User=0.80s Sys=0.06s Real=0.12s
[2025-08-01T03:42:22.727+0000] GC(101) Pause Young (Allocation Failure)
[2025-08-01T03:42:22.850+0000] GC(101) PSYoungGen: 796960K(931840K)->449312K(931840K) Eden: 465920K(465920K)->0K(465920K) From: 331040K(465920K)->449312K(465920K)
[2025-08-01T03:42:22.850+0000] GC(101) ParOldGen: 1109667K(2796544K)->1324747K(2796544K)
[2025-08-01T03:42:22.850+0000] GC(101) Metaspace: 10662K(10880K)->10662K(10880K) NonClass: 9396K(9536K)->9396K(9536K) Class: 1265K(1344K)->1265K(1344K)
[2025-08-01T03:42:22.850+0000] GC(101) Pause Young (Allocation Failure) 1861M->1732M(3641M) 123.060ms
[2025-08-01T03:42:22.850+0000] GC(101) User=0.93s Sys=0.02s Real=0.12s
[2025-08-01T03:42:22.935+0000] GC(102) Pause Young (Allocation Failure)
[2025-08-01T03:42:23.152+0000] GC(102) PSYoungGen: 915232K(931840K)->465920K(931840K) Eden: 465920K(465920K)->0K(465920K) From: 449312K(465920K)->465920K(465920K)
[2025-08-01T03:42:23.152+0000] GC(102) ParOldGen: 1324747K(2796544K)->1808531K(2796544K)
[2025-08-01T03:42:23.152+0000] GC(102) Metaspace: 10662K(10880K)->10662K(10880K) NonClass: 9396K(9536K)->9396K(9536K) Class: 1265K(1344K)->1265K(1344K)
[2025-08-01T03:42:23.152+0000] GC(102) Pause Young (Allocation Failure) 2187M->2221M(3641M) 216.699ms
[2025-08-01T03:42:23.152+0000] GC(102) User=1.58s Sys=0.09s Real=0.21s
[2025-08-01T03:42:23.237+0000] GC(103) Pause Young (Allocation Failure)
[2025-08-01T03:42:23.437+0000] GC(103) PSYoungGen: 931840K(931840K)->357600K(931840K) Eden: 465920K(465920K)->0K(465920K) From: 465920K(465920K)->357600K(465920K)
[2025-08-01T03:42:23.437+0000] GC(103) ParOldGen: 1808531K(2796544K)->2173723K(2796544K)
[2025-08-01T03:42:23.437+0000] GC(103) Metaspace: 10662K(10880K)->10662K(10880K) NonClass: 9396K(9536K)->9396K(9536K) Class: 1265K(1344K)->1265K(1344K)
[2025-08-01T03:42:23.437+0000] GC(103) Pause Young (Allocation Failure) 2676M->2471M(3641M) 200.031ms
[2025-08-01T03:42:23.437+0000] GC(103) User=1.55s Sys=0.03s Real=0.20s
[2025-08-01T03:42:23.522+0000] GC(104) Pause Full (Ergonomics)
[2025-08-01T03:42:23.522+0000] GC(104) Marking Phase
[2025-08-01T03:42:23.610+0000] GC(104) Marking Phase 87.260ms
[2025-08-01T03:42:23.610+0000] GC(104) Summary Phase
[2025-08-01T03:42:23.610+0000] GC(104) Summary Phase 0.146ms
[2025-08-01T03:42:23.610+0000] GC(104) Adjust Roots
[2025-08-01T03:42:23.613+0000] GC(104) Adjust Roots 2.994ms
[2025-08-01T03:42:23.613+0000] GC(104) Compaction Phase
[2025-08-01T03:42:23.761+0000] GC(104) Compaction Phase 147.763ms
[2025-08-01T03:42:23.761+0000] GC(104) Post Compact
[2025-08-01T03:42:23.780+0000] GC(104) Post Compact 19.316ms
[2025-08-01T03:42:23.780+0000] GC(104) PSYoungGen: 823520K(931840K)->0K(931840K) Eden: 465920K(465920K)->0K(465920K) From: 357600K(465920K)->0K(465920K)
[2025-08-01T03:42:23.780+0000] GC(104) ParOldGen: 2173723K(2796544K)->656437K(2796544K)
[2025-08-01T03:42:23.780+0000] GC(104) Metaspace: 10662K(10880K)->10662K(10880K) NonClass: 9396K(9536K)->9396K(9536K) Class: 1265K(1344K)->1265K(1344K)
[2025-08-01T03:42:23.781+0000] GC(104) Pause Full (Ergonomics) 2926M->641M(3641M) 258.082ms
[2025-08-01T03:42:23.781+0000] GC(104) User=1.77s Sys=0.04s Real=0.26s
[2025-08-01T03:42:23.869+0000] GC(105) Pause Young (Allocation Failure)
[2025-08-01T03:42:23.964+0000] GC(105) PSYoungGen: 465920K(931840K)->462304K(931840K) Eden: 465920K(465920K)->0K(465920K) From: 0K(465920K)->462304K(465920K)
[2025-08-01T03:42:23.964+0000] GC(105) ParOldGen: 656437K(2796544K)->656437K(2796544K)
[2025-08-01T03:42:23.964+0000] GC(105) Metaspace: 10662K(10880K)->10662K(10880K) NonClass: 9396K(9536K)->9396K(9536K) Class: 1265K(1344K)->1265K(1344K)
[2025-08-01T03:42:23.964+0000] GC(105) Pause Young (Allocation Failure) 1096M->1092M(3641M) 94.753ms
[2025-08-01T03:42:23.964+0000] GC(105) User=0.69s Sys=0.04s Real=0.10s
[2025-08-01T03:42:24.051+0000] GC(106) Pause Young (Allocation Failure)
[2025-08-01T03:42:24.229+0000] GC(106) PSYoungGen: 928224K(931840K)->465920K(931840K) Eden: 465920K(465920K)->0K(465920K) From: 462304K(465920K)->465920K(465920K)
[2025-08-01T03:42:24.229+0000] GC(106) ParOldGen: 656437K(2796544K)->1154645K(2796544K)
[2025-08-01T03:42:24.229+0000] GC(106) Metaspace: 10662K(10880K)->10662K(10880K) NonClass: 9396K(9536K)->9396K(9536K) Class: 1265K(1344K)->1265K(1344K)
[2025-08-01T03:42:24.229+0000] GC(106) Pause Young (Allocation Failure) 1547M->1582M(3641M) 177.994ms
[2025-08-01T03:42:24.229+0000] GC(106) User=1.31s Sys=0.06s Real=0.18s
[2025-08-01T03:42:24.318+0000] GC(107) Pause Young (Allocation Failure)
[2025-08-01T03:42:24.515+0000] GC(107) PSYoungGen: 931840K(931840K)->465920K(931840K) Eden: 465920K(465920K)->0K(465920K) From: 465920K(465920K)->465920K(465920K)
[2025-08-01T03:42:24.515+0000] GC(107) ParOldGen: 1154645K(2796544K)->1654477K(2796544K)
[2025-08-01T03:42:24.515+0000] GC(107) Metaspace: 10662K(10880K)->10662K(10880K) NonClass: 9396K(9536K)->9396K(9536K) Class: 1265K(1344K)->1265K(1344K)
[2025-08-01T03:42:24.515+0000] GC(107) Pause Young (Allocation Failure) 2037M->2070M(3641M) 196.710ms
[2025-08-01T03:42:24.515+0000] GC(107) User=1.45s Sys=0.08s Real=0.20s
[2025-08-01T03:42:24.600+0000] GC(108) Pause Young (Allocation Failure)
[2025-08-01T03:42:24.653+0000] GC(108) PSYoungGen: 931840K(931840K)->195712K(931840K) Eden: 465920K(465920K)->0K(465920K) From: 465920K(465920K)->195712K(465920K)
[2025-08-01T03:42:24.653+0000] GC(108) ParOldGen: 1654477K(2796544K)->1654533K(2796544K)
[2025-08-01T03:42:24.653+0000] GC(108) Metaspace: 10662K(10880K)->10662K(10880K) NonClass: 9396K(9536K)->9396K(9536K) Class: 1265K(1344K)->1265K(1344K)
[2025-08-01T03:42:24.653+0000] GC(108) Pause Young (Allocation Failure) 2525M->1806M(3641M) 53.354ms
[2025-08-01T03:42:24.653+0000] GC(108) User=0.37s Sys=0.03s Real=0.06s
[2025-08-01T03:42:24.739+0000] GC(109) Pause Young (Allocation Failure)
[2025-08-01T03:42:24.876+0000] GC(109) PSYoungGen: 661632K(931840K)->465920K(931840K) Eden: 465920K(465920K)->0K(465920K) From: 195712K(465920K)->465920K(465920K)
[2025-08-01T03:42:24.876+0000] GC(109) ParOldGen: 1654533K(2796544K)->1867717K(2796544K)
[2025-08-01T03:42:24.876+0000] GC(109) Metaspace: 10662K(10880K)->10662K(10880K) NonClass: 9396K(9536K)->9396K(9536K) Class: 1265K(1344K)->1265K(1344K)
[2025-08-01T03:42:24.876+0000] GC(109) Pause Young (Allocation Failure) 2261M->2278M(3641M) 136.647ms
[2025-08-01T03:42:24.876+0000] GC(109) User=0.99s Sys=0.05s Real=0.14s
[2025-08-01T03:42:24.964+0000] GC(110) Pause Young (Allocation Failure)
[2025-08-01T03:42:25.144+0000] GC(110) PSYoungGen: 931840K(931840K)->465920K(931840K) Eden: 465920K(465920K)->0K(465920K) From: 465920K(465920K)->465920K(465920K)
[2025-08-01T03:42:25.144+0000] GC(110) ParOldGen: 1867717K(2796544K)->2369709K(2796544K)
[2025-08-01T03:42:25.144+0000] GC(110) Metaspace: 10662K(10880K)->10662K(10880K) NonClass: 9396K(9536K)->9396K(9536K) Class: 1265K(1344K)->1265K(1344K)
[2025-08-01T03:42:25.144+0000] GC(110) Pause Young (Allocation Failure) 2733M->2769M(3641M) 180.370ms
[2025-08-01T03:42:25.144+0000] GC(110) User=1.31s Sys=0.07s Real=0.18s
[2025-08-01T03:42:25.235+0000] GC(111) Pause Full (Ergonomics)
[2025-08-01T03:42:25.235+0000] GC(111) Marking Phase
[2025-08-01T03:42:25.368+0000] GC(111) Marking Phase 132.578ms
[2025-08-01T03:42:25.368+0000] GC(111) Summary Phase
[2025-08-01T03:42:25.368+0000] GC(111) Summary Phase 0.101ms
[2025-08-01T03:42:25.368+0000] GC(111) Adjust Roots
[2025-08-01T03:42:25.370+0000] GC(111) Adjust Roots 1.907ms
[2025-08-01T03:42:25.370+0000] GC(111) Compaction Phase
[2025-08-01T03:42:25.630+0000] GC(111) Compaction Phase 260.516ms
[2025-08-01T03:42:25.630+0000] GC(111) Post Compact
[2025-08-01T03:42:25.652+0000] GC(111) Post Compact 21.567ms
[2025-08-01T03:42:25.652+0000] GC(111) PSYoungGen: 931840K(931840K)->0K(931840K) Eden: 465920K(465920K)->0K(465920K) From: 465920K(465920K)->0K(465920K)
[2025-08-01T03:42:25.652+0000] GC(111) ParOldGen: 2369709K(2796544K)->1595726K(2796544K)
[2025-08-01T03:42:25.652+0000] GC(111) Metaspace: 10662K(10880K)->10662K(10880K) NonClass: 9396K(9536K)->9396K(9536K) Class: 1265K(1344K)->1265K(1344K)
[2025-08-01T03:42:25.652+0000] GC(111) Pause Full (Ergonomics) 3224M->1558M(3641M) 417.102ms
[2025-08-01T03:42:25.652+0000] GC(111) User=3.01s Sys=0.10s Real=0.41s
[2025-08-01T03:42:25.740+0000] GC(112) Pause Young (Allocation Failure)
[2025-08-01T03:42:25.841+0000] GC(112) PSYoungGen: 465920K(931840K)->311744K(931840K) Eden: 465920K(465920K)->0K(465920K) From: 0K(465920K)->311744K(465920K)
[2025-08-01T03:42:25.841+0000] GC(112) ParOldGen: 1595726K(2796544K)->1595726K(2796544K)
[2025-08-01T03:42:25.841+0000] GC(112) Metaspace: 10662K(10880K)->10662K(10880K) NonClass: 9396K(9536K)->9396K(9536K) Class: 1265K(1344K)->1265K(1344K)
[2025-08-01T03:42:25.841+0000] GC(112) Pause Young (Allocation Failure) 2013M->1862M(3641M) 101.522ms
[2025-08-01T03:42:25.841+0000] GC(112) User=0.69s Sys=0.04s Real=0.10s
[2025-08-01T03:42:25.928+0000] GC(113) Pause Young (Allocation Failure)
[2025-08-01T03:42:26.068+0000] GC(113) PSYoungGen: 777664K(931840K)->465920K(931840K) Eden: 465920K(465920K)->0K(465920K) From: 311744K(465920K)->465920K(465920K)
[2025-08-01T03:42:26.068+0000] GC(113) ParOldGen: 1595726K(2796544K)->1818918K(2796544K)
[2025-08-01T03:42:26.068+0000] GC(113) Metaspace: 10662K(10880K)->10662K(10880K) NonClass: 9396K(9536K)->9396K(9536K) Class: 1265K(1344K)->1265K(1344K)
[2025-08-01T03:42:26.068+0000] GC(113) Pause Young (Allocation Failure) 2317M->2231M(3641M) 139.480ms
[2025-08-01T03:42:26.068+0000] GC(113) User=1.04s Sys=0.05s Real=0.14s
[2025-08-01T03:42:26.151+0000] GC(114) Pause Young (Allocation Failure)
[2025-08-01T03:42:26.313+0000] GC(114) PSYoungGen: 931840K(931840K)->465920K(931840K) Eden: 465920K(465920K)->0K(465920K) From: 465920K(465920K)->465920K(465920K)
[2025-08-01T03:42:26.313+0000] GC(114) ParOldGen: 1818918K(2796544K)->2319790K(2796544K)
[2025-08-01T03:42:26.313+0000] GC(114) Metaspace: 10662K(10880K)->10662K(10880K) NonClass: 9396K(9536K)->9396K(9536K) Class: 1265K(1344K)->1265K(1344K)
[2025-08-01T03:42:26.313+0000] GC(114) Pause Young (Allocation Failure) 2686M->2720M(3641M) 162.457ms
[2025-08-01T03:42:26.313+0000] GC(114) User=1.21s Sys=0.02s Real=0.17s
[2025-08-01T03:42:26.404+0000] GC(115) Pause Full (Ergonomics)
[2025-08-01T03:42:26.404+0000] GC(115) Marking Phase
[2025-08-01T03:42:26.548+0000] GC(115) Marking Phase 144.508ms
[2025-08-01T03:42:26.548+0000] GC(115) Summary Phase
[2025-08-01T03:42:26.548+0000] GC(115) Summary Phase 0.096ms
[2025-08-01T03:42:26.548+0000] GC(115) Adjust Roots
[2025-08-01T03:42:26.552+0000] GC(115) Adjust Roots 3.205ms
[2025-08-01T03:42:26.552+0000] GC(115) Compaction Phase
[2025-08-01T03:42:26.763+0000] GC(115) Compaction Phase 210.872ms
[2025-08-01T03:42:26.763+0000] GC(115) Post Compact
[2025-08-01T03:42:26.784+0000] GC(115) Post Compact 21.696ms
[2025-08-01T03:42:26.784+0000] GC(115) PSYoungGen: 931840K(931840K)->0K(931840K) Eden: 465920K(465920K)->0K(465920K) From: 465920K(465920K)->0K(465920K)
[2025-08-01T03:42:26.784+0000] GC(115) ParOldGen: 2319790K(2796544K)->1142269K(2796544K)
[2025-08-01T03:42:26.784+0000] GC(115) Metaspace: 10662K(10880K)->10662K(10880K) NonClass: 9396K(9536K)->9396K(9536K) Class: 1265K(1344K)->1265K(1344K)
[2025-08-01T03:42:26.784+0000] GC(115) Pause Full (Ergonomics) 3175M->1115M(3641M) 380.870ms
[2025-08-01T03:42:26.785+0000] GC(115) User=2.66s Sys=0.08s Real=0.38s
[2025-08-01T03:42:26.873+0000] GC(116) Pause Young (Allocation Failure)
[2025-08-01T03:42:26.952+0000] GC(116) PSYoungGen: 465920K(931840K)->358240K(931840K) Eden: 465920K(465920K)->0K(465920K) From: 0K(465920K)->358240K(465920K)
[2025-08-01T03:42:26.952+0000] GC(116) ParOldGen: 1142269K(2796544K)->1142269K(2796544K)
[2025-08-01T03:42:26.952+0000] GC(116) Metaspace: 10662K(10880K)->10662K(10880K) NonClass: 9396K(9536K)->9396K(9536K) Class: 1265K(1344K)->1265K(1344K)
[2025-08-01T03:42:26.952+0000] GC(116) Pause Young (Allocation Failure) 1570M->1465M(3641M) 79.247ms
[2025-08-01T03:42:26.952+0000] GC(116) User=0.58s Sys=0.03s Real=0.08s
[2025-08-01T03:42:27.042+0000] GC(117) Pause Young (Allocation Failure)
[2025-08-01T03:42:27.171+0000] GC(117) PSYoungGen: 824160K(931840K)->441088K(931840K) Eden: 465920K(465920K)->0K(465920K) From: 358240K(465920K)->441088K(465920K)
[2025-08-01T03:42:27.171+0000] GC(117) ParOldGen: 1142269K(2796544K)->1405013K(2796544K)
[2025-08-01T03:42:27.171+0000] GC(117) Metaspace: 10662K(10880K)->10662K(10880K) NonClass: 9396K(9536K)->9396K(9536K) Class: 1265K(1344K)->1265K(1344K)
[2025-08-01T03:42:27.171+0000] GC(117) Pause Young (Allocation Failure) 1920M->1802M(3641M) 128.902ms
[2025-08-01T03:42:27.171+0000] GC(117) User=0.96s Sys=0.04s Real=0.13s
[2025-08-01T03:42:27.321+0000] GC(118) Pause Young (Allocation Failure)
[2025-08-01T03:42:27.609+0000] GC(118) PSYoungGen: 907008K(931840K)->465920K(931840K) Eden: 465920K(465920K)->0K(465920K) From: 441088K(465920K)->465920K(465920K)
[2025-08-01T03:42:27.609+0000] GC(118) ParOldGen: 1405013K(2796544K)->1880237K(2796544K)
[2025-08-01T03:42:27.609+0000] GC(118) Metaspace: 10662K(10880K)->10662K(10880K) NonClass: 9396K(9536K)->9396K(9536K) Class: 1265K(1344K)->1265K(1344K)
[2025-08-01T03:42:27.609+0000] GC(118) Pause Young (Allocation Failure) 2257M->2291M(3641M) 288.360ms
[2025-08-01T03:42:27.609+0000] GC(118) User=2.01s Sys=0.13s Real=0.29s
[2025-08-01T03:42:27.700+0000] GC(119) Pause Young (Allocation Failure)
[2025-08-01T03:42:27.910+0000] GC(119) PSYoungGen: 931840K(931840K)->382880K(931840K) Eden: 465920K(465920K)->0K(465920K) From: 465920K(465920K)->382880K(465920K)
[2025-08-01T03:42:27.910+0000] GC(119) ParOldGen: 1880237K(2796544K)->2233557K(2796544K)
[2025-08-01T03:42:27.910+0000] GC(119) Metaspace: 10662K(10880K)->10662K(10880K) NonClass: 9396K(9536K)->9396K(9536K) Class: 1265K(1344K)->1265K(1344K)
[2025-08-01T03:42:27.910+0000] GC(119) Pause Young (Allocation Failure) 2746M->2555M(3641M) 210.104ms
[2025-08-01T03:42:27.910+0000] GC(119) User=1.57s Sys=0.07s Real=0.21s
[2025-08-01T03:42:28.000+0000] GC(120) Pause Full (Ergonomics)
[2025-08-01T03:42:28.000+0000] GC(120) Marking Phase
[2025-08-01T03:42:28.053+0000] GC(120) Marking Phase 52.636ms
[2025-08-01T03:42:28.053+0000] GC(120) Summary Phase
[2025-08-01T03:42:28.053+0000] GC(120) Summary Phase 0.087ms
[2025-08-01T03:42:28.053+0000] GC(120) Adjust Roots
[2025-08-01T03:42:28.055+0000] GC(120) Adjust Roots 2.264ms
[2025-08-01T03:42:28.055+0000] GC(120) Compaction Phase
[2025-08-01T03:42:28.169+0000] GC(120) Compaction Phase 114.220ms
[2025-08-01T03:42:28.169+0000] GC(120) Post Compact
[2025-08-01T03:42:28.185+0000] GC(120) Post Compact 16.162ms
[2025-08-01T03:42:28.185+0000] GC(120) PSYoungGen: 848800K(931840K)->0K(931840K) Eden: 465920K(465920K)->0K(465920K) From: 382880K(465920K)->0K(465920K)
[2025-08-01T03:42:28.186+0000] GC(120) ParOldGen: 2233557K(2796544K)->694771K(2796544K)
[2025-08-01T03:42:28.186+0000] GC(120) Metaspace: 10662K(10880K)->10662K(10880K) NonClass: 9396K(9536K)->9396K(9536K) Class: 1265K(1344K)->1265K(1344K)
[2025-08-01T03:42:28.186+0000] GC(120) Pause Full (Ergonomics) 3010M->678M(3641M) 185.715ms
[2025-08-01T03:42:28.186+0000] GC(120) User=1.27s Sys=0.03s Real=0.19s
[2025-08-01T03:42:28.282+0000] GC(121) Pause Young (Allocation Failure)
[2025-08-01T03:42:28.401+0000] GC(121) PSYoungGen: 465920K(931840K)->429248K(931840K) Eden: 465920K(465920K)->0K(465920K) From: 0K(465920K)->429248K(465920K)
[2025-08-01T03:42:28.401+0000] GC(121) ParOldGen: 694771K(2796544K)->694771K(2796544K)
[2025-08-01T03:42:28.401+0000] GC(121) Metaspace: 10662K(10880K)->10662K(10880K) NonClass: 9396K(9536K)->9396K(9536K) Class: 1265K(1344K)->1265K(1344K)
[2025-08-01T03:42:28.401+0000] GC(121) Pause Young (Allocation Failure) 1133M->1097M(3641M) 118.752ms
[2025-08-01T03:42:28.401+0000] GC(121) User=0.85s Sys=0.05s Real=0.12s
[2025-08-01T03:42:28.489+0000] GC(122) Pause Young (Allocation Failure)
[2025-08-01T03:42:28.671+0000] GC(122) PSYoungGen: 895168K(931840K)->465920K(931840K) Eden: 465920K(465920K)->0K(465920K) From: 429248K(465920K)->465920K(465920K)
[2025-08-01T03:42:28.671+0000] GC(122) ParOldGen: 694771K(2796544K)->1156019K(2796544K)
[2025-08-01T03:42:28.671+0000] GC(122) Metaspace: 10662K(10880K)->10662K(10880K) NonClass: 9396K(9536K)->9396K(9536K) Class: 1265K(1344K)->1265K(1344K)
[2025-08-01T03:42:28.671+0000] GC(122) Pause Young (Allocation Failure) 1552M->1583M(3641M) 182.016ms
[2025-08-01T03:42:28.671+0000] GC(122) User=1.31s Sys=0.05s Real=0.18s
[2025-08-01T03:42:28.756+0000] GC(123) Pause Young (Allocation Failure)
[2025-08-01T03:42:28.881+0000] GC(123) PSYoungGen: 931840K(931840K)->378496K(931840K) Eden: 465920K(465920K)->0K(465920K) From: 465920K(465920K)->378496K(465920K)
[2025-08-01T03:42:28.881+0000] GC(123) ParOldGen: 1156019K(2796544K)->1539707K(2796544K)
[2025-08-01T03:42:28.881+0000] GC(123) Metaspace: 10662K(10880K)->10662K(10880K) NonClass: 9396K(9536K)->9396K(9536K) Class: 1265K(1344K)->1265K(1344K)
[2025-08-01T03:42:28.881+0000] GC(123) Pause Young (Allocation Failure) 2038M->1873M(3641M) 124.602ms
[2025-08-01T03:42:28.881+0000] GC(123) User=0.95s Sys=0.02s Real=0.12s
[2025-08-01T03:42:28.968+0000] GC(124) Pause Young (Allocation Failure)
[2025-08-01T03:42:29.078+0000] GC(124) PSYoungGen: 844416K(931840K)->363328K(931840K) Eden: 465920K(465920K)->0K(465920K) From: 378496K(465920K)->363328K(465920K)
[2025-08-01T03:42:29.078+0000] GC(124) ParOldGen: 1539707K(2796544K)->1703491K(2796544K)
[2025-08-01T03:42:29.078+0000] GC(124) Metaspace: 10662K(10880K)->10662K(10880K) NonClass: 9396K(9536K)->9396K(9536K) Class: 1265K(1344K)->1265K(1344K)
[2025-08-01T03:42:29.078+0000] GC(124) Pause Young (Allocation Failure) 2328M->2018M(3641M) 110.092ms
[2025-08-01T03:42:29.078+0000] GC(124) User=0.79s Sys=0.04s Real=0.11s
[2025-08-01T03:42:29.165+0000] GC(125) Pause Young (Allocation Failure)
[2025-08-01T03:42:29.336+0000] GC(125) PSYoungGen: 829248K(931840K)->428800K(931840K) Eden: 465920K(465920K)->0K(465920K) From: 363328K(465920K)->428800K(465920K)
[2025-08-01T03:42:29.336+0000] GC(125) ParOldGen: 1703491K(2796544K)->1965347K(2796544K)
[2025-08-01T03:42:29.336+0000] GC(125) Metaspace: 10662K(10880K)->10662K(10880K) NonClass: 9396K(9536K)->9396K(9536K) Class: 1265K(1344K)->1265K(1344K)
[2025-08-01T03:42:29.336+0000] GC(125) Pause Young (Allocation Failure) 2473M->2338M(3641M) 170.853ms
[2025-08-01T03:42:29.336+0000] GC(125) User=1.33s Sys=0.02s Real=0.17s
[2025-08-01T03:42:29.428+0000] GC(126) Pause Young (Allocation Failure)
[2025-08-01T03:42:29.569+0000] GC(126) PSYoungGen: 894720K(931840K)->465920K(931840K) Eden: 465920K(465920K)->0K(465920K) From: 428800K(465920K)->465920K(465920K)
[2025-08-01T03:42:29.569+0000] GC(126) ParOldGen: 1965347K(2796544K)->2427131K(2796544K)
[2025-08-01T03:42:29.569+0000] GC(126) Metaspace: 10662K(10880K)->10662K(10880K) NonClass: 9396K(9536K)->9396K(9536K) Class: 1265K(1344K)->1265K(1344K)
[2025-08-01T03:42:29.569+0000] GC(126) Pause Young (Allocation Failure) 2793M->2825M(3641M) 140.488ms
[2025-08-01T03:42:29.569+0000] GC(126) User=1.10s Sys=0.00s Real=0.14s
[2025-08-01T03:42:29.652+0000] GC(127) Pause Full (Ergonomics)
[2025-08-01T03:42:29.652+0000] GC(127) Marking Phase
[2025-08-01T03:42:29.732+0000] GC(127) Marking Phase 80.009ms
[2025-08-01T03:42:29.732+0000] GC(127) Summary Phase
[2025-08-01T03:42:29.732+0000] GC(127) Summary Phase 0.129ms
[2025-08-01T03:42:29.732+0000] GC(127) Adjust Roots
[2025-08-01T03:42:29.735+0000] GC(127) Adjust Roots 2.567ms
[2025-08-01T03:42:29.735+0000] GC(127) Compaction Phase
[2025-08-01T03:42:29.920+0000] GC(127) Compaction Phase 185.312ms
[2025-08-01T03:42:29.920+0000] GC(127) Post Compact
[2025-08-01T03:42:29.942+0000] GC(127) Post Compact 21.793ms
[2025-08-01T03:42:29.942+0000] GC(127) PSYoungGen: 931840K(931840K)->0K(931840K) Eden: 465920K(465920K)->0K(465920K) From: 465920K(465920K)->0K(465920K)
[2025-08-01T03:42:29.942+0000] GC(127) ParOldGen: 2427131K(2796544K)->1172270K(2796544K)
[2025-08-01T03:42:29.942+0000] GC(127) Metaspace: 10662K(10880K)->10662K(10880K) NonClass: 9396K(9536K)->9396K(9536K) Class: 1265K(1344K)->1265K(1344K)
[2025-08-01T03:42:29.942+0000] GC(127) Pause Full (Ergonomics) 3280M->1144M(3641M) 290.260ms
[2025-08-01T03:42:29.942+0000] GC(127) User=2.08s Sys=0.00s Real=0.29s
[2025-08-01T03:42:30.031+0000] GC(128) Pause Young (Allocation Failure)
[2025-08-01T03:42:30.135+0000] GC(128) PSYoungGen: 465920K(931840K)->370752K(931840K) Eden: 465920K(465920K)->0K(465920K) From: 0K(465920K)->370752K(465920K)
[2025-08-01T03:42:30.136+0000] GC(128) ParOldGen: 1172270K(2796544K)->1172270K(2796544K)
[2025-08-01T03:42:30.136+0000] GC(128) Metaspace: 10662K(10880K)->10662K(10880K) NonClass: 9396K(9536K)->9396K(9536K) Class: 1265K(1344K)->1265K(1344K)
[2025-08-01T03:42:30.136+0000] GC(128) Pause Young (Allocation Failure) 1599M->1506M(3641M) 104.987ms
[2025-08-01T03:42:30.136+0000] GC(128) User=0.78s Sys=0.03s Real=0.11s
[2025-08-01T03:42:30.228+0000] GC(129) Pause Young (Allocation Failure)
[2025-08-01T03:42:30.341+0000] GC(129) PSYoungGen: 836672K(931840K)->433888K(931840K) Eden: 465920K(465920K)->0K(465920K) From: 370752K(465920K)->433888K(465920K)
[2025-08-01T03:42:30.341+0000] GC(129) ParOldGen: 1172270K(2796544K)->1437590K(2796544K)
[2025-08-01T03:42:30.341+0000] GC(129) Metaspace: 10662K(10880K)->10662K(10880K) NonClass: 9396K(9536K)->9396K(9536K) Class: 1265K(1344K)->1265K(1344K)
[2025-08-01T03:42:30.341+0000] GC(129) Pause Young (Allocation Failure) 1961M->1827M(3641M) 113.144ms
[2025-08-01T03:42:30.341+0000] GC(129) User=0.87s Sys=0.01s Real=0.11s
[2025-08-01T03:42:30.430+0000] GC(130) Pause Young (Allocation Failure)
[2025-08-01T03:42:30.650+0000] GC(130) PSYoungGen: 899808K(931840K)->465920K(931840K) Eden: 465920K(465920K)->0K(465920K) From: 433888K(465920K)->465920K(465920K)
[2025-08-01T03:42:30.650+0000] GC(130) ParOldGen: 1437590K(2796544K)->1904190K(2796544K)
[2025-08-01T03:42:30.650+0000] GC(130) Metaspace: 10662K(10880K)->10662K(10880K) NonClass: 9396K(9536K)->9396K(9536K) Class: 1265K(1344K)->1265K(1344K)
[2025-08-01T03:42:30.650+0000] GC(130) Pause Young (Allocation Failure) 2282M->2314M(3641M) 220.198ms
[2025-08-01T03:42:30.650+0000] GC(130) User=1.67s Sys=0.07s Real=0.22s
[2025-08-01T03:42:30.735+0000] GC(131) Pause Young (Allocation Failure)
[2025-08-01T03:42:30.873+0000] GC(131) PSYoungGen: 931840K(931840K)->379328K(931840K) Eden: 465920K(465920K)->0K(465920K) From: 465920K(465920K)->379328K(465920K)
[2025-08-01T03:42:30.873+0000] GC(131) ParOldGen: 1904190K(2796544K)->2291678K(2796544K)
[2025-08-01T03:42:30.873+0000] GC(131) Metaspace: 10662K(10880K)->10662K(10880K) NonClass: 9396K(9536K)->9396K(9536K) Class: 1265K(1344K)->1265K(1344K)
[2025-08-01T03:42:30.873+0000] GC(131) Pause Young (Allocation Failure) 2769M->2608M(3641M) 137.995ms
[2025-08-01T03:42:30.873+0000] GC(131) User=1.02s Sys=0.05s Real=0.14s
[2025-08-01T03:42:30.959+0000] GC(132) Pause Full (Ergonomics)
[2025-08-01T03:42:30.960+0000] GC(132) Marking Phase
[2025-08-01T03:42:31.010+0000] GC(132) Marking Phase 50.563ms
[2025-08-01T03:42:31.010+0000] GC(132) Summary Phase
[2025-08-01T03:42:31.010+0000] GC(132) Summary Phase 0.104ms
[2025-08-01T03:42:31.010+0000] GC(132) Adjust Roots
[2025-08-01T03:42:31.012+0000] GC(132) Adjust Roots 1.862ms
[2025-08-01T03:42:31.012+0000] GC(132) Compaction Phase
[2025-08-01T03:42:31.121+0000] GC(132) Compaction Phase 108.545ms
[2025-08-01T03:42:31.121+0000] GC(132) Post Compact
[2025-08-01T03:42:31.143+0000] GC(132) Post Compact 21.557ms
[2025-08-01T03:42:31.143+0000] GC(132) PSYoungGen: 845248K(931840K)->0K(931840K) Eden: 465920K(465920K)->0K(465920K) From: 379328K(465920K)->0K(465920K)
[2025-08-01T03:42:31.143+0000] GC(132) ParOldGen: 2291678K(2796544K)->719513K(2796544K)
[2025-08-01T03:42:31.143+0000] GC(132) Metaspace: 10662K(10880K)->10662K(10880K) NonClass: 9396K(9536K)->9396K(9536K) Class: 1265K(1344K)->1265K(1344K)
[2025-08-01T03:42:31.143+0000] GC(132) Pause Full (Ergonomics) 3063M->702M(3641M) 183.254ms
[2025-08-01T03:42:31.143+0000] GC(132) User=1.23s Sys=0.00s Real=0.18s
[2025-08-01T03:42:31.229+0000] GC(133) Pause Young (Allocation Failure)
[2025-08-01T03:42:31.315+0000] GC(133) PSYoungGen: 465920K(931840K)->447328K(931840K) Eden: 465920K(465920K)->0K(465920K) From: 0K(465920K)->447328K(465920K)
[2025-08-01T03:42:31.316+0000] GC(133) ParOldGen: 719513K(2796544K)->719513K(2796544K)
[2025-08-01T03:42:31.316+0000] GC(133) Metaspace: 10662K(10880K)->10662K(10880K) NonClass: 9396K(9536K)->9396K(9536K) Class: 1265K(1344K)->1265K(1344K)
[2025-08-01T03:42:31.316+0000] GC(133) Pause Young (Allocation Failure) 1157M->1139M(3641M) 87.031ms
[2025-08-01T03:42:31.316+0000] GC(133) User=0.65s Sys=0.03s Real=0.09s
[2025-08-01T03:42:31.413+0000] GC(134) Pause Young (Allocation Failure)
[2025-08-01T03:42:31.601+0000] GC(134) PSYoungGen: 913248K(931840K)->465920K(931840K) Eden: 465920K(465920K)->0K(465920K) From: 447328K(465920K)->465920K(465920K)
[2025-08-01T03:42:31.602+0000] GC(134) ParOldGen: 719513K(2796544K)->1201889K(2796544K)
[2025-08-01T03:42:31.602+0000] GC(134) Metaspace: 10662K(10880K)->10662K(10880K) NonClass: 9396K(9536K)->9396K(9536K) Class: 1265K(1344K)->1265K(1344K)
[2025-08-01T03:42:31.602+0000] GC(134) Pause Young (Allocation Failure) 1594M->1628M(3641M) 188.492ms
[2025-08-01T03:42:31.602+0000] GC(134) User=1.41s Sys=0.06s Real=0.18s
[2025-08-01T03:42:31.766+0000] GC(135) Pause Young (Allocation Failure)
[2025-08-01T03:42:31.867+0000] GC(135) PSYoungGen: 931840K(931840K)->269472K(931840K) Eden: 465920K(465920K)->0K(465920K) From: 465920K(465920K)->269472K(465920K)
[2025-08-01T03:42:31.867+0000] GC(135) ParOldGen: 1201889K(2796544K)->1432809K(2796544K)
[2025-08-01T03:42:31.867+0000] GC(135) Metaspace: 10662K(10880K)->10662K(10880K) NonClass: 9396K(9536K)->9396K(9536K) Class: 1265K(1344K)->1265K(1344K)
[2025-08-01T03:42:31.867+0000] GC(135) Pause Young (Allocation Failure) 2083M->1662M(3641M) 100.689ms
[2025-08-01T03:42:31.867+0000] GC(135) User=0.72s Sys=0.04s Real=0.10s
[2025-08-01T03:42:31.956+0000] GC(136) Pause Young (Allocation Failure)
[2025-08-01T03:42:32.096+0000] GC(136) PSYoungGen: 735392K(931840K)->405632K(931840K) Eden: 465920K(465920K)->0K(465920K) From: 269472K(465920K)->405632K(465920K)
[2025-08-01T03:42:32.096+0000] GC(136) ParOldGen: 1432809K(2796544K)->1583769K(2796544K)
[2025-08-01T03:42:32.096+0000] GC(136) Metaspace: 10662K(10880K)->10662K(10880K) NonClass: 9396K(9536K)->9396K(9536K) Class: 1265K(1344K)->1265K(1344K)
[2025-08-01T03:42:32.096+0000] GC(136) Pause Young (Allocation Failure) 2117M->1942M(3641M) 140.082ms
[2025-08-01T03:42:32.096+0000] GC(136) User=0.99s Sys=0.08s Real=0.14s
[2025-08-01T03:42:32.186+0000] GC(137) Pause Young (Allocation Failure)
[2025-08-01T03:42:32.348+0000] GC(137) PSYoungGen: 871552K(931840K)->409952K(931840K) Eden: 465920K(465920K)->0K(465920K) From: 405632K(465920K)->409952K(465920K)
[2025-08-01T03:42:32.348+0000] GC(137) ParOldGen: 1583769K(2796544K)->1889625K(2796544K)
[2025-08-01T03:42:32.348+0000] GC(137) Metaspace: 10662K(10880K)->10662K(10880K) NonClass: 9396K(9536K)->9396K(9536K) Class: 1265K(1344K)->1265K(1344K)
[2025-08-01T03:42:32.348+0000] GC(137) Pause Young (Allocation Failure) 2397M->2245M(3641M) 162.632ms
[2025-08-01T03:42:32.348+0000] GC(137) User=1.22s Sys=0.05s Real=0.16s
[2025-08-01T03:42:32.441+0000] GC(138) Pause Young (Allocation Failure)
[2025-08-01T03:42:32.593+0000] GC(138) PSYoungGen: 875872K(931840K)->465920K(931840K) Eden: 465920K(465920K)->0K(465920K) From: 409952K(465920K)->465920K(465920K)
[2025-08-01T03:42:32.593+0000] GC(138) ParOldGen: 1889625K(2796544K)->2330649K(2796544K)
[2025-08-01T03:42:32.593+0000] GC(138) Metaspace: 10662K(10880K)->10662K(10880K) NonClass: 9396K(9536K)->9396K(9536K) Class: 1265K(1344K)->1265K(1344K)
[2025-08-01T03:42:32.593+0000] GC(138) Pause Young (Allocation Failure) 2700M->2731M(3641M) 152.592ms
[2025-08-01T03:42:32.593+0000] GC(138) User=1.17s Sys=0.04s Real=0.16s
[2025-08-01T03:42:32.676+0000] GC(139) Pause Full (Ergonomics)
[2025-08-01T03:42:32.677+0000] GC(139) Marking Phase
[2025-08-01T03:42:32.732+0000] GC(139) Marking Phase 55.173ms
[2025-08-01T03:42:32.732+0000] GC(139) Summary Phase
[2025-08-01T03:42:32.732+0000] GC(139) Summary Phase 0.148ms
[2025-08-01T03:42:32.732+0000] GC(139) Adjust Roots
[2025-08-01T03:42:32.734+0000] GC(139) Adjust Roots 2.435ms
[2025-08-01T03:42:32.734+0000] GC(139) Compaction Phase
[2025-08-01T03:42:32.851+0000] GC(139) Compaction Phase 116.257ms
[2025-08-01T03:42:32.851+0000] GC(139) Post Compact
[2025-08-01T03:42:32.875+0000] GC(139) Post Compact 24.505ms
[2025-08-01T03:42:32.875+0000] GC(139) PSYoungGen: 931840K(931840K)->0K(931840K) Eden: 465920K(465920K)->0K(465920K) From: 465920K(465920K)->0K(465920K)
[2025-08-01T03:42:32.875+0000] GC(139) ParOldGen: 2330649K(2796544K)->733883K(2796544K)
[2025-08-01T03:42:32.875+0000] GC(139) Metaspace: 10662K(10880K)->10662K(10880K) NonClass: 9396K(9536K)->9396K(9536K) Class: 1265K(1344K)->1265K(1344K)
[2025-08-01T03:42:32.875+0000] GC(139) Pause Full (Ergonomics) 3186M->716M(3641M) 199.046ms
[2025-08-01T03:42:32.876+0000] GC(139) User=1.29s Sys=0.01s Real=0.20s
[2025-08-01T03:42:32.963+0000] GC(140) Pause Young (Allocation Failure)
[2025-08-01T03:42:33.085+0000] GC(140) PSYoungGen: 465920K(931840K)->419232K(931840K) Eden: 465920K(465920K)->0K(465920K) From: 0K(465920K)->419232K(465920K)
[2025-08-01T03:42:33.085+0000] GC(140) ParOldGen: 733883K(2796544K)->733883K(2796544K)
[2025-08-01T03:42:33.085+0000] GC(140) Metaspace: 10662K(10880K)->10662K(10880K) NonClass: 9396K(9536K)->9396K(9536K) Class: 1265K(1344K)->1265K(1344K)
[2025-08-01T03:42:33.085+0000] GC(140) Pause Young (Allocation Failure) 1171M->1126M(3641M) 121.563ms
[2025-08-01T03:42:33.085+0000] GC(140) User=0.85s Sys=0.06s Real=0.12s
[2025-08-01T03:42:33.179+0000] GC(141) Pause Young (Allocation Failure)
[2025-08-01T03:42:33.358+0000] GC(141) PSYoungGen: 885152K(931840K)->403936K(931840K) Eden: 465920K(465920K)->0K(465920K) From: 419232K(465920K)->403936K(465920K)
[2025-08-01T03:42:33.359+0000] GC(141) ParOldGen: 733883K(2796544K)->1052267K(2796544K)
[2025-08-01T03:42:33.359+0000] GC(141) Metaspace: 10662K(10880K)->10662K(10880K) NonClass: 9396K(9536K)->9396K(9536K) Class: 1265K(1344K)->1265K(1344K)
[2025-08-01T03:42:33.359+0000] GC(141) Pause Young (Allocation Failure) 1581M->1422M(3641M) 179.137ms
[2025-08-01T03:42:33.359+0000] GC(141) User=1.31s Sys=0.06s Real=0.18s
[2025-08-01T03:42:33.452+0000] GC(142) Pause Young (Allocation Failure)
[2025-08-01T03:42:33.638+0000] GC(142) PSYoungGen: 869856K(931840K)->465920K(931840K) Eden: 465920K(465920K)->0K(465920K) From: 403936K(465920K)->465920K(465920K)
[2025-08-01T03:42:33.638+0000] GC(142) ParOldGen: 1052267K(2796544K)->1485171K(2796544K)
[2025-08-01T03:42:33.638+0000] GC(142) Metaspace: 10662K(10880K)->10662K(10880K) NonClass: 9396K(9536K)->9396K(9536K) Class: 1265K(1344K)->1265K(1344K)
[2025-08-01T03:42:33.638+0000] GC(142) Pause Young (Allocation Failure) 1877M->1905M(3641M) 185.672ms
[2025-08-01T03:42:33.638+0000] GC(142) User=1.36s Sys=0.07s Real=0.19s
[2025-08-01T03:42:33.725+0000] GC(143) Pause Young (Allocation Failure)
[2025-08-01T03:42:33.873+0000] GC(143) PSYoungGen: 931840K(931840K)->274752K(931840K) Eden: 465920K(465920K)->0K(465920K) From: 465920K(465920K)->274752K(465920K)
[2025-08-01T03:42:33.873+0000] GC(143) ParOldGen: 1485171K(2796544K)->1731827K(2796544K)
[2025-08-01T03:42:33.873+0000] GC(143) Metaspace: 10662K(10880K)->10662K(10880K) NonClass: 9396K(9536K)->9396K(9536K) Class: 1265K(1344K)->1265K(1344K)
[2025-08-01T03:42:33.873+0000] GC(143) Pause Young (Allocation Failure) 2360M->1959M(3641M) 148.455ms
[2025-08-01T03:42:33.873+0000] GC(143) User=1.05s Sys=0.06s Real=0.15s
[2025-08-01T03:42:33.964+0000] GC(144) Pause Young (Allocation Failure)
[2025-08-01T03:42:34.075+0000] GC(144) PSYoungGen: 740672K(931840K)->405120K(931840K) Eden: 465920K(465920K)->0K(465920K) From: 274752K(465920K)->405120K(465920K)
[2025-08-01T03:42:34.075+0000] GC(144) ParOldGen: 1731827K(2796544K)->1897787K(2796544K)
[2025-08-01T03:42:34.075+0000] GC(144) Metaspace: 10662K(10880K)->10662K(10880K) NonClass: 9396K(9536K)->9396K(9536K) Class: 1265K(1344K)->1265K(1344K)
[2025-08-01T03:42:34.075+0000] GC(144) Pause Young (Allocation Failure) 2414M->2248M(3641M) 110.756ms
[2025-08-01T03:42:34.075+0000] GC(144) User=0.82s Sys=0.04s Real=0.11s
[2025-08-01T03:42:34.166+0000] GC(145) Pause Young (Allocation Failure)
[2025-08-01T03:42:34.296+0000] GC(145) PSYoungGen: 871040K(931840K)->440736K(931840K) Eden: 465920K(465920K)->0K(465920K) From: 405120K(465920K)->440736K(465920K)
[2025-08-01T03:42:34.296+0000] GC(145) ParOldGen: 1897787K(2796544K)->2199931K(2796544K)
[2025-08-01T03:42:34.296+0000] GC(145) Metaspace: 10662K(10880K)->10662K(10880K) NonClass: 9396K(9536K)->9396K(9536K) Class: 1265K(1344K)->1265K(1344K)
[2025-08-01T03:42:34.296+0000] GC(145) Pause Young (Allocation Failure) 2703M->2578M(3641M) 129.563ms
[2025-08-01T03:42:34.296+0000] GC(145) User=0.98s Sys=0.03s Real=0.13s
[2025-08-01T03:42:34.436+0000] GC(146) Pause Young (Allocation Failure)
[2025-08-01T03:42:34.764+0000] GC(146) PSYoungGen: 906656K(931840K)->465920K(931840K) Eden: 465920K(465920K)->0K(465920K) From: 440736K(465920K)->465920K(465920K)
[2025-08-01T03:42:34.764+0000] GC(146) ParOldGen: 2199931K(2796544K)->2674011K(2796544K)
[2025-08-01T03:42:34.764+0000] GC(146) Metaspace: 10662K(10880K)->10662K(10880K) NonClass: 9396K(9536K)->9396K(9536K) Class: 1265K(1344K)->1265K(1344K)
[2025-08-01T03:42:34.764+0000] GC(146) Pause Young (Allocation Failure) 3033M->3066M(3641M) 328.315ms
[2025-08-01T03:42:34.764+0000] GC(146) User=2.02s Sys=0.55s Real=0.33s
[2025-08-01T03:42:34.856+0000] GC(147) Pause Full (Ergonomics)
[2025-08-01T03:42:34.856+0000] GC(147) Marking Phase
[2025-08-01T03:42:35.035+0000] GC(147) Marking Phase 178.087ms
[2025-08-01T03:42:35.035+0000] GC(147) Summary Phase
[2025-08-01T03:42:35.035+0000] GC(147) Summary Phase 0.171ms
[2025-08-01T03:42:35.035+0000] GC(147) Adjust Roots
[2025-08-01T03:42:35.037+0000] GC(147) Adjust Roots 2.118ms
[2025-08-01T03:42:35.037+0000] GC(147) Compaction Phase
[2025-08-01T03:42:35.151+0000] GC(147) Compaction Phase 113.967ms
[2025-08-01T03:42:35.151+0000] GC(147) Post Compact
[2025-08-01T03:42:35.173+0000] GC(147) Post Compact 22.340ms
[2025-08-01T03:42:35.173+0000] GC(147) PSYoungGen: 931840K(931840K)->0K(931840K) Eden: 465920K(465920K)->0K(465920K) From: 465920K(465920K)->0K(465920K)
[2025-08-01T03:42:35.173+0000] GC(147) ParOldGen: 2674011K(2796544K)->754866K(2796544K)
[2025-08-01T03:42:35.173+0000] GC(147) Metaspace: 10662K(10880K)->10662K(10880K) NonClass: 9396K(9536K)->9396K(9536K) Class: 1265K(1344K)->1265K(1344K)
[2025-08-01T03:42:35.173+0000] GC(147) Pause Full (Ergonomics) 3521M->737M(3641M) 317.088ms
[2025-08-01T03:42:35.174+0000] GC(147) User=1.39s Sys=0.88s Real=0.32s
[2025-08-01T03:42:35.260+0000] GC(148) Pause Young (Allocation Failure)
[2025-08-01T03:42:35.380+0000] GC(148) PSYoungGen: 465920K(931840K)->397152K(931840K) Eden: 465920K(465920K)->0K(465920K) From: 0K(465920K)->397152K(465920K)
[2025-08-01T03:42:35.380+0000] GC(148) ParOldGen: 754866K(2796544K)->754866K(2796544K)
[2025-08-01T03:42:35.380+0000] GC(148) Metaspace: 10662K(10880K)->10662K(10880K) NonClass: 9396K(9536K)->9396K(9536K) Class: 1265K(1344K)->1265K(1344K)
[2025-08-01T03:42:35.380+0000] GC(148) Pause Young (Allocation Failure) 1192M->1125M(3641M) 120.199ms
[2025-08-01T03:42:35.380+0000] GC(148) User=0.87s Sys=0.03s Real=0.12s
[2025-08-01T03:42:35.478+0000] GC(149) Pause Young (Allocation Failure)
[2025-08-01T03:42:35.641+0000] GC(149) PSYoungGen: 863072K(931840K)->441376K(931840K) Eden: 465920K(465920K)->0K(465920K) From: 397152K(465920K)->441376K(465920K)
[2025-08-01T03:42:35.641+0000] GC(149) ParOldGen: 754866K(2796544K)->1054210K(2796544K)
[2025-08-01T03:42:35.641+0000] GC(149) Metaspace: 10662K(10880K)->10662K(10880K) NonClass: 9396K(9536K)->9396K(9536K) Class: 1265K(1344K)->1265K(1344K)
[2025-08-01T03:42:35.641+0000] GC(149) Pause Young (Allocation Failure) 1580M->1460M(3641M) 163.536ms
[2025-08-01T03:42:35.641+0000] GC(149) User=1.18s Sys=0.09s Real=0.16s
[2025-08-01T03:42:35.780+0000] GC(150) Pause Young (Allocation Failure)
[2025-08-01T03:42:36.014+0000] GC(150) PSYoungGen: 907296K(931840K)->465920K(931840K) Eden: 465920K(465920K)->0K(465920K) From: 441376K(465920K)->465920K(465920K)
[2025-08-01T03:42:36.014+0000] GC(150) ParOldGen: 1054210K(2796544K)->1527674K(2796544K)
[2025-08-01T03:42:36.014+0000] GC(150) Metaspace: 10662K(10880K)->10662K(10880K) NonClass: 9396K(9536K)->9396K(9536K) Class: 1265K(1344K)->1265K(1344K)
[2025-08-01T03:42:36.014+0000] GC(150) Pause Young (Allocation Failure) 1915M->1946M(3641M) 233.360ms
[2025-08-01T03:42:36.014+0000] GC(150) User=1.70s Sys=0.10s Real=0.24s
[2025-08-01T03:42:36.101+0000] GC(151) Pause Young (Allocation Failure)
[2025-08-01T03:42:36.229+0000] GC(151) PSYoungGen: 931840K(931840K)->285536K(931840K) Eden: 465920K(465920K)->0K(465920K) From: 465920K(465920K)->285536K(465920K)
[2025-08-01T03:42:36.229+0000] GC(151) ParOldGen: 1527674K(2796544K)->1762010K(2796544K)
[2025-08-01T03:42:36.229+0000] GC(151) Metaspace: 10662K(10880K)->10662K(10880K) NonClass: 9396K(9536K)->9396K(9536K) Class: 1265K(1344K)->1265K(1344K)
[2025-08-01T03:42:36.229+0000] GC(151) Pause Young (Allocation Failure) 2401M->1999M(3641M) 128.443ms
[2025-08-01T03:42:36.229+0000] GC(151) User=0.94s Sys=0.04s Real=0.13s
[2025-08-01T03:42:36.318+0000] GC(152) Pause Young (Allocation Failure)
[2025-08-01T03:42:36.440+0000] GC(152) PSYoungGen: 751456K(931840K)->436512K(931840K) Eden: 465920K(465920K)->0K(465920K) From: 285536K(465920K)->436512K(465920K)
[2025-08-01T03:42:36.440+0000] GC(152) ParOldGen: 1762010K(2796544K)->1914586K(2796544K)
[2025-08-01T03:42:36.440+0000] GC(152) Metaspace: 10662K(10880K)->10662K(10880K) NonClass: 9396K(9536K)->9396K(9536K) Class: 1265K(1344K)->1265K(1344K)
[2025-08-01T03:42:36.440+0000] GC(152) Pause Young (Allocation Failure) 2454M->2295M(3641M) 122.277ms
[2025-08-01T03:42:36.440+0000] GC(152) User=0.90s Sys=0.05s Real=0.12s
[2025-08-01T03:42:36.530+0000] GC(153) Pause Young (Allocation Failure)
[2025-08-01T03:42:36.695+0000] GC(153) PSYoungGen: 902432K(931840K)->407712K(931840K) Eden: 465920K(465920K)->0K(465920K) From: 436512K(465920K)->407712K(465920K)
[2025-08-01T03:42:36.695+0000] GC(153) ParOldGen: 1914586K(2796544K)->2251666K(2796544K)
[2025-08-01T03:42:36.695+0000] GC(153) Metaspace: 10662K(10880K)->10662K(10880K) NonClass: 9396K(9536K)->9396K(9536K) Class: 1265K(1344K)->1265K(1344K)
[2025-08-01T03:42:36.695+0000] GC(153) Pause Young (Allocation Failure) 2750M->2597M(3641M) 164.750ms
[2025-08-01T03:42:36.695+0000] GC(153) User=1.06s Sys=0.15s Real=0.17s
[2025-08-01T03:42:36.783+0000] GC(154) Pause Full (Ergonomics)
[2025-08-01T03:42:36.783+0000] GC(154) Marking Phase
[2025-08-01T03:42:36.944+0000] GC(154) Marking Phase 160.693ms
[2025-08-01T03:42:36.944+0000] GC(154) Summary Phase
[2025-08-01T03:42:36.944+0000] GC(154) Summary Phase 0.215ms
[2025-08-01T03:42:36.944+0000] GC(154) Adjust Roots
[2025-08-01T03:42:36.948+0000] GC(154) Adjust Roots 3.221ms
[2025-08-01T03:42:36.948+0000] GC(154) Compaction Phase
[2025-08-01T03:42:37.136+0000] GC(154) Compaction Phase 188.514ms
[2025-08-01T03:42:37.136+0000] GC(154) Post Compact
[2025-08-01T03:42:37.157+0000] GC(154) Post Compact 20.655ms
[2025-08-01T03:42:37.157+0000] GC(154) PSYoungGen: 873632K(931840K)->0K(931840K) Eden: 465920K(465920K)->0K(465920K) From: 407712K(465920K)->0K(465920K)
[2025-08-01T03:42:37.157+0000] GC(154) ParOldGen: 2251666K(2796544K)->1232058K(2796544K)
[2025-08-01T03:42:37.157+0000] GC(154) Metaspace: 10662K(10880K)->10662K(10880K) NonClass: 9396K(9536K)->9396K(9536K) Class: 1265K(1344K)->1265K(1344K)
[2025-08-01T03:42:37.157+0000] GC(154) Pause Full (Ergonomics) 3052M->1203M(3641M) 373.919ms
[2025-08-01T03:42:37.157+0000] GC(154) User=2.61s Sys=0.07s Real=0.37s
[2025-08-01T03:42:37.242+0000] GC(155) Pause Young (Allocation Failure)
[2025-08-01T03:42:37.293+0000] GC(155) PSYoungGen: 465920K(931840K)->276192K(931840K) Eden: 465920K(465920K)->0K(465920K) From: 0K(465920K)->276192K(465920K)
[2025-08-01T03:42:37.293+0000] GC(155) ParOldGen: 1232058K(2796544K)->1232058K(2796544K)
[2025-08-01T03:42:37.293+0000] GC(155) Metaspace: 10662K(10880K)->10662K(10880K) NonClass: 9396K(9536K)->9396K(9536K) Class: 1265K(1344K)->1265K(1344K)
[2025-08-01T03:42:37.293+0000] GC(155) Pause Young (Allocation Failure) 1658M->1472M(3641M) 51.374ms
[2025-08-01T03:42:37.293+0000] GC(155) User=0.36s Sys=0.01s Real=0.06s
[2025-08-01T03:42:37.376+0000] GC(156) Pause Young (Allocation Failure)
[2025-08-01T03:42:37.478+0000] GC(156) PSYoungGen: 742112K(931840K)->453760K(931840K) Eden: 465920K(465920K)->0K(465920K) From: 276192K(465920K)->453760K(465920K)
[2025-08-01T03:42:37.478+0000] GC(156) ParOldGen: 1232058K(2796544K)->1394978K(2796544K)
[2025-08-01T03:42:37.478+0000] GC(156) Metaspace: 10662K(10880K)->10662K(10880K) NonClass: 9396K(9536K)->9396K(9536K) Class: 1265K(1344K)->1265K(1344K)
[2025-08-01T03:42:37.478+0000] GC(156) Pause Young (Allocation Failure) 1927M->1805M(3641M) 102.094ms
[2025-08-01T03:42:37.478+0000] GC(156) User=0.79s Sys=0.02s Real=0.10s
[2025-08-01T03:42:37.566+0000] GC(157) Pause Young (Allocation Failure)
[2025-08-01T03:42:37.740+0000] GC(157) PSYoungGen: 919680K(931840K)->399232K(931840K) Eden: 465920K(465920K)->0K(465920K) From: 453760K(465920K)->399232K(465920K)
[2025-08-01T03:42:37.740+0000] GC(157) ParOldGen: 1394978K(2796544K)->1755090K(2796544K)
[2025-08-01T03:42:37.740+0000] GC(157) Metaspace: 10662K(10880K)->10662K(10880K) NonClass: 9396K(9536K)->9396K(9536K) Class: 1265K(1344K)->1265K(1344K)
[2025-08-01T03:42:37.740+0000] GC(157) Pause Young (Allocation Failure) 2260M->2103M(3641M) 174.220ms
[2025-08-01T03:42:37.740+0000] GC(157) User=1.32s Sys=0.05s Real=0.17s
[2025-08-01T03:42:37.832+0000] GC(158) Pause Young (Allocation Failure)
[2025-08-01T03:42:37.980+0000] GC(158) PSYoungGen: 865152K(931840K)->465920K(931840K) Eden: 465920K(465920K)->0K(465920K) From: 399232K(465920K)->465920K(465920K)
[2025-08-01T03:42:37.980+0000] GC(158) ParOldGen: 1755090K(2796544K)->2186578K(2796544K)
[2025-08-01T03:42:37.980+0000] GC(158) Metaspace: 10662K(10880K)->10662K(10880K) NonClass: 9396K(9536K)->9396K(9536K) Class: 1265K(1344K)->1265K(1344K)
[2025-08-01T03:42:37.980+0000] GC(158) Pause Young (Allocation Failure) 2558M->2590M(3641M) 147.874ms
[2025-08-01T03:42:37.980+0000] GC(158) User=1.14s Sys=0.02s Real=0.15s
[2025-08-01T03:42:38.075+0000] GC(159) Pause Young (Allocation Failure)
[2025-08-01T03:42:38.216+0000] GC(159) PSYoungGen: 931840K(931840K)->414432K(931840K) Eden: 465920K(465920K)->0K(465920K) From: 465920K(465920K)->414432K(465920K)
[2025-08-01T03:42:38.216+0000] GC(159) ParOldGen: 2186578K(2796544K)->2544642K(2796544K)
[2025-08-01T03:42:38.216+0000] GC(159) Metaspace: 10662K(10880K)->10662K(10880K) NonClass: 9396K(9536K)->9396K(9536K) Class: 1265K(1344K)->1265K(1344K)
[2025-08-01T03:42:38.216+0000] GC(159) Pause Young (Allocation Failure) 3045M->2889M(3641M) 140.315ms
[2025-08-01T03:42:38.216+0000] GC(159) User=0.98s Sys=0.06s Real=0.14s
[2025-08-01T03:42:38.358+0000] GC(160) Pause Full (Ergonomics)
[2025-08-01T03:42:38.358+0000] GC(160) Marking Phase
[2025-08-01T03:42:38.450+0000] GC(160) Marking Phase 92.489ms
[2025-08-01T03:42:38.450+0000] GC(160) Summary Phase
[2025-08-01T03:42:38.451+0000] GC(160) Summary Phase 0.328ms
[2025-08-01T03:42:38.451+0000] GC(160) Adjust Roots
[2025-08-01T03:42:38.453+0000] GC(160) Adjust Roots 1.684ms
[2025-08-01T03:42:38.453+0000] GC(160) Compaction Phase
[2025-08-01T03:42:38.615+0000] GC(160) Compaction Phase 162.012ms
[2025-08-01T03:42:38.615+0000] GC(160) Post Compact
[2025-08-01T03:42:38.636+0000] GC(160) Post Compact 21.052ms
[2025-08-01T03:42:38.636+0000] GC(160) PSYoungGen: 880352K(931840K)->0K(931840K) Eden: 465920K(465920K)->0K(465920K) From: 414432K(465920K)->0K(465920K)
[2025-08-01T03:42:38.636+0000] GC(160) ParOldGen: 2544642K(2796544K)->785774K(2796544K)
[2025-08-01T03:42:38.636+0000] GC(160) Metaspace: 10662K(10880K)->10662K(10880K) NonClass: 9396K(9536K)->9396K(9536K) Class: 1265K(1344K)->1265K(1344K)
[2025-08-01T03:42:38.636+0000] GC(160) Pause Full (Ergonomics) 3344M->767M(3641M) 278.059ms
[2025-08-01T03:42:38.636+0000] GC(160) User=1.91s Sys=0.08s Real=0.28s
[2025-08-01T03:42:38.722+0000] GC(161) Pause Young (Allocation Failure)
[2025-08-01T03:42:38.797+0000] GC(161) PSYoungGen: 465920K(931840K)->377344K(931840K) Eden: 465920K(465920K)->0K(465920K) From: 0K(465920K)->377344K(465920K)
[2025-08-01T03:42:38.797+0000] GC(161) ParOldGen: 785774K(2796544K)->785774K(2796544K)
[2025-08-01T03:42:38.797+0000] GC(161) Metaspace: 10662K(10880K)->10662K(10880K) NonClass: 9396K(9536K)->9396K(9536K) Class: 1265K(1344K)->1265K(1344K)
[2025-08-01T03:42:38.797+0000] GC(161) Pause Young (Allocation Failure) 1222M->1135M(3641M) 75.013ms
[2025-08-01T03:42:38.797+0000] GC(161) User=0.55s Sys=0.03s Real=0.08s
[2025-08-01T03:42:38.884+0000] GC(162) Pause Young (Allocation Failure)
[2025-08-01T03:42:39.043+0000] GC(162) PSYoungGen: 843264K(931840K)->465920K(931840K) Eden: 465920K(465920K)->0K(465920K) From: 377344K(465920K)->465920K(465920K)
[2025-08-01T03:42:39.043+0000] GC(162) ParOldGen: 785774K(2796544K)->1195854K(2796544K)
[2025-08-01T03:42:39.043+0000] GC(162) Metaspace: 10662K(10880K)->10662K(10880K) NonClass: 9396K(9536K)->9396K(9536K) Class: 1265K(1344K)->1265K(1344K)
[2025-08-01T03:42:39.043+0000] GC(162) Pause Young (Allocation Failure) 1590M->1622M(3641M) 158.328ms
[2025-08-01T03:42:39.043+0000] GC(162) User=1.17s Sys=0.08s Real=0.15s
[2025-08-01T03:42:39.132+0000] GC(163) Pause Young (Allocation Failure)
[2025-08-01T03:42:39.280+0000] GC(163) PSYoungGen: 931840K(931840K)->332256K(931840K) Eden: 465920K(465920K)->0K(465920K) From: 465920K(465920K)->332256K(465920K)
[2025-08-01T03:42:39.280+0000] GC(163) ParOldGen: 1195854K(2796544K)->1442950K(2796544K)
[2025-08-01T03:42:39.280+0000] GC(163) Metaspace: 10662K(10880K)->10662K(10880K) NonClass: 9396K(9536K)->9396K(9536K) Class: 1265K(1344K)->1265K(1344K)
[2025-08-01T03:42:39.280+0000] GC(163) Pause Young (Allocation Failure) 2077M->1733M(3641M) 147.696ms
[2025-08-01T03:42:39.280+0000] GC(163) User=1.05s Sys=0.05s Real=0.15s
[2025-08-01T03:42:39.374+0000] GC(164) Pause Young (Allocation Failure)
[2025-08-01T03:42:39.487+0000] GC(164) PSYoungGen: 798176K(931840K)->435232K(931840K) Eden: 465920K(465920K)->0K(465920K) From: 332256K(465920K)->435232K(465920K)
[2025-08-01T03:42:39.487+0000] GC(164) ParOldGen: 1442950K(2796544K)->1682590K(2796544K)
[2025-08-01T03:42:39.487+0000] GC(164) Metaspace: 10662K(10880K)->10662K(10880K) NonClass: 9396K(9536K)->9396K(9536K) Class: 1265K(1344K)->1265K(1344K)
[2025-08-01T03:42:39.487+0000] GC(164) Pause Young (Allocation Failure) 2188M->2068M(3641M) 113.014ms
[2025-08-01T03:42:39.487+0000] GC(164) User=0.85s Sys=0.03s Real=0.11s
[2025-08-01T03:42:39.575+0000] GC(165) Pause Young (Allocation Failure)
[2025-08-01T03:42:39.710+0000] GC(165) PSYoungGen: 901152K(931840K)->367200K(931840K) Eden: 465920K(465920K)->0K(465920K) From: 435232K(465920K)->367200K(465920K)
[2025-08-01T03:42:39.710+0000] GC(165) ParOldGen: 1682590K(2796544K)->2022974K(2796544K)
[2025-08-01T03:42:39.710+0000] GC(165) Metaspace: 10662K(10880K)->10662K(10880K) NonClass: 9396K(9536K)->9396K(9536K) Class: 1265K(1344K)->1265K(1344K)
[2025-08-01T03:42:39.710+0000] GC(165) Pause Young (Allocation Failure) 2523M->2334M(3641M) 135.016ms
[2025-08-01T03:42:39.710+0000] GC(165) User=1.02s Sys=0.04s Real=0.13s
[2025-08-01T03:42:39.799+0000] GC(166) Pause Young (Allocation Failure)
[2025-08-01T03:42:40.003+0000] GC(166) PSYoungGen: 833120K(931840K)->465920K(931840K) Eden: 465920K(465920K)->0K(465920K) From: 367200K(465920K)->465920K(465920K)
[2025-08-01T03:42:40.003+0000] GC(166) ParOldGen: 2022974K(2796544K)->2421718K(2796544K)
[2025-08-01T03:42:40.003+0000] GC(166) Metaspace: 10662K(10880K)->10662K(10880K) NonClass: 9396K(9536K)->9396K(9536K) Class: 1265K(1344K)->1265K(1344K)
[2025-08-01T03:42:40.003+0000] GC(166) Pause Young (Allocation Failure) 2789M->2819M(3641M) 203.232ms
[2025-08-01T03:42:40.003+0000] GC(166) User=1.37s Sys=0.13s Real=0.20s
[2025-08-01T03:42:40.093+0000] GC(167) Pause Full (Ergonomics)
[2025-08-01T03:42:40.093+0000] GC(167) Marking Phase
[2025-08-01T03:42:40.182+0000] GC(167) Marking Phase 88.849ms
[2025-08-01T03:42:40.182+0000] GC(167) Summary Phase
[2025-08-01T03:42:40.182+0000] GC(167) Summary Phase 0.086ms
[2025-08-01T03:42:40.182+0000] GC(167) Adjust Roots
[2025-08-01T03:42:40.183+0000] GC(167) Adjust Roots 1.358ms
[2025-08-01T03:42:40.183+0000] GC(167) Compaction Phase
[2025-08-01T03:42:40.304+0000] GC(167) Compaction Phase 121.269ms
[2025-08-01T03:42:40.304+0000] GC(167) Post Compact
[2025-08-01T03:42:40.326+0000] GC(167) Post Compact 21.296ms
[2025-08-01T03:42:40.326+0000] GC(167) PSYoungGen: 931840K(931840K)->0K(931840K) Eden: 465920K(465920K)->0K(465920K) From: 465920K(465920K)->0K(465920K)
[2025-08-01T03:42:40.326+0000] GC(167) ParOldGen: 2421718K(2796544K)->801426K(2796544K)
[2025-08-01T03:42:40.326+0000] GC(167) Metaspace: 10662K(10880K)->10662K(10880K) NonClass: 9396K(9536K)->9396K(9536K) Class: 1265K(1344K)->1265K(1344K)
[2025-08-01T03:42:40.326+0000] GC(167) Pause Full (Ergonomics) 3274M->782M(3641M) 233.228ms
[2025-08-01T03:42:40.326+0000] GC(167) User=1.60s Sys=0.03s Real=0.24s
[2025-08-01T03:42:40.419+0000] GC(168) Pause Young (Allocation Failure)
[2025-08-01T03:42:40.567+0000] GC(168) PSYoungGen: 465920K(931840K)->434720K(931840K) Eden: 465920K(465920K)->0K(465920K) From: 0K(465920K)->434720K(465920K)
[2025-08-01T03:42:40.567+0000] GC(168) ParOldGen: 801426K(2796544K)->801426K(2796544K)
[2025-08-01T03:42:40.567+0000] GC(168) Metaspace: 10662K(10880K)->10662K(10880K) NonClass: 9396K(9536K)->9396K(9536K) Class: 1265K(1344K)->1265K(1344K)
[2025-08-01T03:42:40.567+0000] GC(168) Pause Young (Allocation Failure) 1237M->1207M(3641M) 148.422ms
[2025-08-01T03:42:40.567+0000] GC(168) User=1.08s Sys=0.07s Real=0.15s
[2025-08-01T03:42:40.665+0000] GC(169) Pause Young (Allocation Failure)
[2025-08-01T03:42:40.867+0000] GC(169) PSYoungGen: 900640K(931840K)->465920K(931840K) Eden: 465920K(465920K)->0K(465920K) From: 434720K(465920K)->465920K(465920K)
[2025-08-01T03:42:40.867+0000] GC(169) ParOldGen: 801426K(2796544K)->1269026K(2796544K)
[2025-08-01T03:42:40.867+0000] GC(169) Metaspace: 10662K(10880K)->10662K(10880K) NonClass: 9396K(9536K)->9396K(9536K) Class: 1265K(1344K)->1265K(1344K)
[2025-08-01T03:42:40.867+0000] GC(169) Pause Young (Allocation Failure) 1662M->1694M(3641M) 201.643ms
[2025-08-01T03:42:40.867+0000] GC(169) User=1.52s Sys=0.06s Real=0.20s
[2025-08-01T03:42:40.959+0000] GC(170) Pause Young (Allocation Failure)
[2025-08-01T03:42:41.154+0000] GC(170) PSYoungGen: 931840K(931840K)->458368K(931840K) Eden: 465920K(465920K)->0K(465920K) From: 465920K(465920K)->458368K(465920K)
[2025-08-01T03:42:41.154+0000] GC(170) ParOldGen: 1269026K(2796544K)->1648962K(2796544K)
[2025-08-01T03:42:41.154+0000] GC(170) Metaspace: 10662K(10880K)->10662K(10880K) NonClass: 9396K(9536K)->9396K(9536K) Class: 1265K(1344K)->1265K(1344K)
[2025-08-01T03:42:41.154+0000] GC(170) Pause Young (Allocation Failure) 2149M->2057M(3641M) 195.147ms
[2025-08-01T03:42:41.154+0000] GC(170) User=1.43s Sys=0.09s Real=0.20s
[2025-08-01T03:42:41.239+0000] GC(171) Pause Young (Allocation Failure)
[2025-08-01T03:42:41.363+0000] GC(171) PSYoungGen: 924288K(931840K)->402464K(931840K) Eden: 465920K(465920K)->0K(465920K) From: 458368K(465920K)->402464K(465920K)
[2025-08-01T03:42:41.363+0000] GC(171) ParOldGen: 1648962K(2796544K)->1881034K(2796544K)
[2025-08-01T03:42:41.363+0000] GC(171) Metaspace: 10662K(10880K)->10662K(10880K) NonClass: 9396K(9536K)->9396K(9536K) Class: 1265K(1344K)->1265K(1344K)
[2025-08-01T03:42:41.363+0000] GC(171) Pause Young (Allocation Failure) 2512M->2229M(3641M) 123.505ms
[2025-08-01T03:42:41.363+0000] GC(171) User=0.90s Sys=0.04s Real=0.12s
[2025-08-01T03:42:41.452+0000] GC(172) Pause Young (Allocation Failure)
[2025-08-01T03:42:41.615+0000] GC(172) PSYoungGen: 868384K(931840K)->435840K(931840K) Eden: 465920K(465920K)->0K(465920K) From: 402464K(465920K)->435840K(465920K)
[2025-08-01T03:42:41.615+0000] GC(172) ParOldGen: 1881034K(2796544K)->2180762K(2796544K)
[2025-08-01T03:42:41.615+0000] GC(172) Metaspace: 10662K(10880K)->10662K(10880K) NonClass: 9396K(9536K)->9396K(9536K) Class: 1265K(1344K)->1265K(1344K)
[2025-08-01T03:42:41.615+0000] GC(172) Pause Young (Allocation Failure) 2684M->2555M(3641M) 162.648ms
[2025-08-01T03:42:41.615+0000] GC(172) User=1.16s Sys=0.08s Real=0.17s
[2025-08-01T03:42:41.706+0000] GC(173) Pause Young (Allocation Failure)
[2025-08-01T03:42:41.816+0000] GC(173) PSYoungGen: 901760K(931840K)->348800K(931840K) Eden: 465920K(465920K)->0K(465920K) From: 435840K(465920K)->348800K(465920K)
[2025-08-01T03:42:41.816+0000] GC(173) ParOldGen: 2180762K(2796544K)->2513922K(2796544K)
[2025-08-01T03:42:41.816+0000] GC(173) Metaspace: 10662K(10880K)->10662K(10880K) NonClass: 9396K(9536K)->9396K(9536K) Class: 1265K(1344K)->1265K(1344K)
[2025-08-01T03:42:41.816+0000] GC(173) Pause Young (Allocation Failure) 3010M->2795M(3641M) 109.798ms
[2025-08-01T03:42:41.816+0000] GC(173) User=0.83s Sys=0.02s Real=0.11s
[2025-08-01T03:42:41.904+0000] GC(174) Pause Full (Ergonomics)
[2025-08-01T03:42:41.905+0000] GC(174) Marking Phase
[2025-08-01T03:42:41.996+0000] GC(174) Marking Phase 91.590ms
[2025-08-01T03:42:41.996+0000] GC(174) Summary Phase
[2025-08-01T03:42:41.996+0000] GC(174) Summary Phase 0.110ms
[2025-08-01T03:42:41.996+0000] GC(174) Adjust Roots
[2025-08-01T03:42:41.999+0000] GC(174) Adjust Roots 2.393ms
[2025-08-01T03:42:41.999+0000] GC(174) Compaction Phase
[2025-08-01T03:42:42.159+0000] GC(174) Compaction Phase 159.944ms
[2025-08-01T03:42:42.159+0000] GC(174) Post Compact
[2025-08-01T03:42:42.177+0000] GC(174) Post Compact 17.774ms
[2025-08-01T03:42:42.177+0000] GC(174) PSYoungGen: 814720K(931840K)->0K(931840K) Eden: 465920K(465920K)->0K(465920K) From: 348800K(465920K)->0K(465920K)
[2025-08-01T03:42:42.177+0000] GC(174) ParOldGen: 2513922K(2796544K)->813458K(2796544K)
[2025-08-01T03:42:42.177+0000] GC(174) Metaspace: 10662K(10880K)->10662K(10880K) NonClass: 9396K(9536K)->9396K(9536K) Class: 1265K(1344K)->1265K(1344K)
[2025-08-01T03:42:42.177+0000] GC(174) Pause Full (Ergonomics) 3250M->794M(3641M) 272.327ms
[2025-08-01T03:42:42.177+0000] GC(174) User=1.88s Sys=0.08s Real=0.27s
[2025-08-01T03:42:42.265+0000] GC(175) Pause Young (Allocation Failure)
[2025-08-01T03:42:42.336+0000] GC(175) PSYoungGen: 465920K(931840K)->397344K(931840K) Eden: 465920K(465920K)->0K(465920K) From: 0K(465920K)->397344K(465920K)
[2025-08-01T03:42:42.336+0000] GC(175) ParOldGen: 813458K(2796544K)->813458K(2796544K)
[2025-08-01T03:42:42.336+0000] GC(175) Metaspace: 10662K(10880K)->10662K(10880K) NonClass: 9396K(9536K)->9396K(9536K) Class: 1265K(1344K)->1265K(1344K)
[2025-08-01T03:42:42.336+0000] GC(175) Pause Young (Allocation Failure) 1249M->1182M(3641M) 70.815ms
[2025-08-01T03:42:42.336+0000] GC(175) User=0.54s Sys=0.01s Real=0.07s
[2025-08-01T03:42:42.435+0000] GC(176) Pause Young (Allocation Failure)
[2025-08-01T03:42:42.573+0000] GC(176) PSYoungGen: 863264K(931840K)->413312K(931840K) Eden: 465920K(465920K)->0K(465920K) From: 397344K(465920K)->413312K(465920K)
[2025-08-01T03:42:42.574+0000] GC(176) ParOldGen: 813458K(2796544K)->1118786K(2796544K)
[2025-08-01T03:42:42.574+0000] GC(176) Metaspace: 10662K(10880K)->10662K(10880K) NonClass: 9396K(9536K)->9396K(9536K) Class: 1265K(1344K)->1265K(1344K)
[2025-08-01T03:42:42.574+0000] GC(176) Pause Young (Allocation Failure) 1637M->1496M(3641M) 138.159ms
[2025-08-01T03:42:42.574+0000] GC(176) User=1.02s Sys=0.05s Real=0.14s
[2025-08-01T03:42:42.664+0000] GC(177) Pause Young (Allocation Failure)
[2025-08-01T03:42:42.773+0000] GC(177) PSYoungGen: 879232K(931840K)->379808K(931840K) Eden: 465920K(465920K)->0K(465920K) From: 413312K(465920K)->379808K(465920K)
[2025-08-01T03:42:42.773+0000] GC(177) ParOldGen: 1118786K(2796544K)->1421778K(2796544K)
[2025-08-01T03:42:42.773+0000] GC(177) Metaspace: 10662K(10880K)->10662K(10880K) NonClass: 9396K(9536K)->9396K(9536K) Class: 1265K(1344K)->1265K(1344K)
[2025-08-01T03:42:42.773+0000] GC(177) Pause Young (Allocation Failure) 1951M->1759M(3641M) 109.296ms
[2025-08-01T03:42:42.773+0000] GC(177) User=0.86s Sys=0.01s Real=0.11s
[2025-08-01T03:42:42.870+0000] GC(178) Pause Young (Allocation Failure)
[2025-08-01T03:42:43.041+0000] GC(178) PSYoungGen: 845728K(931840K)->465920K(931840K) Eden: 465920K(465920K)->0K(465920K) From: 379808K(465920K)->465920K(465920K)
[2025-08-01T03:42:43.041+0000] GC(178) ParOldGen: 1421778K(2796544K)->1832138K(2796544K)
[2025-08-01T03:42:43.041+0000] GC(178) Metaspace: 10662K(10880K)->10662K(10880K) NonClass: 9396K(9536K)->9396K(9536K) Class: 1265K(1344K)->1265K(1344K)
[2025-08-01T03:42:43.041+0000] GC(178) Pause Young (Allocation Failure) 2214M->2244M(3641M) 171.233ms
[2025-08-01T03:42:43.041+0000] GC(178) User=1.26s Sys=0.06s Real=0.17s
[2025-08-01T03:42:43.180+0000] GC(179) Pause Young (Allocation Failure)
[2025-08-01T03:42:43.329+0000] GC(179) PSYoungGen: 931840K(931840K)->374144K(931840K) Eden: 465920K(465920K)->0K(465920K) From: 465920K(465920K)->374144K(465920K)
[2025-08-01T03:42:43.329+0000] GC(179) ParOldGen: 1832138K(2796544K)->2089914K(2796544K)
[2025-08-01T03:42:43.329+0000] GC(179) Metaspace: 10662K(10880K)->10662K(10880K) NonClass: 9396K(9536K)->9396K(9536K) Class: 1265K(1344K)->1265K(1344K)
[2025-08-01T03:42:43.329+0000] GC(179) Pause Young (Allocation Failure) 2699M->2406M(3641M) 148.997ms
[2025-08-01T03:42:43.329+0000] GC(179) User=1.10s Sys=0.04s Real=0.15s
[2025-08-01T03:42:43.422+0000] GC(180) Pause Young (Allocation Failure)
[2025-08-01T03:42:43.528+0000] GC(180) PSYoungGen: 840064K(931840K)->397408K(931840K) Eden: 465920K(465920K)->0K(465920K) From: 374144K(465920K)->397408K(465920K)
[2025-08-01T03:42:43.528+0000] GC(180) ParOldGen: 2089914K(2796544K)->2367242K(2796544K)
[2025-08-01T03:42:43.528+0000] GC(180) Metaspace: 10662K(10880K)->10662K(10880K) NonClass: 9396K(9536K)->9396K(9536K) Class: 1265K(1344K)->1265K(1344K)
[2025-08-01T03:42:43.528+0000] GC(180) Pause Young (Allocation Failure) 2861M->2699M(3641M) 105.612ms
[2025-08-01T03:42:43.528+0000] GC(180) User=0.80s Sys=0.02s Real=0.11s
[2025-08-01T03:42:43.622+0000] GC(181) Pause Full (Ergonomics)
[2025-08-01T03:42:43.622+0000] GC(181) Marking Phase
[2025-08-01T03:42:43.721+0000] GC(181) Marking Phase 98.293ms
[2025-08-01T03:42:43.721+0000] GC(181) Summary Phase
[2025-08-01T03:42:43.721+0000] GC(181) Summary Phase 0.123ms
[2025-08-01T03:42:43.721+0000] GC(181) Adjust Roots
[2025-08-01T03:42:43.724+0000] GC(181) Adjust Roots 2.825ms
[2025-08-01T03:42:43.724+0000] GC(181) Compaction Phase
[2025-08-01T03:42:43.866+0000] GC(181) Compaction Phase 141.569ms
[2025-08-01T03:42:43.866+0000] GC(181) Post Compact
[2025-08-01T03:42:43.886+0000] GC(181) Post Compact 20.120ms
[2025-08-01T03:42:43.886+0000] GC(181) PSYoungGen: 863328K(931840K)->0K(931840K) Eden: 465920K(465920K)->0K(465920K) From: 397408K(465920K)->0K(465920K)
[2025-08-01T03:42:43.886+0000] GC(181) ParOldGen: 2367242K(2796544K)->835171K(2796544K)
[2025-08-01T03:42:43.886+0000] GC(181) Metaspace: 10662K(10880K)->10662K(10880K) NonClass: 9396K(9536K)->9396K(9536K) Class: 1265K(1344K)->1265K(1344K)
[2025-08-01T03:42:43.886+0000] GC(181) Pause Full (Ergonomics) 3154M->815M(3641M) 263.451ms
[2025-08-01T03:42:43.886+0000] GC(181) User=1.78s Sys=0.08s Real=0.27s
[2025-08-01T03:42:43.990+0000] GC(182) Pause Young (Allocation Failure)
[2025-08-01T03:42:44.085+0000] GC(182) PSYoungGen: 465920K(931840K)->345184K(931840K) Eden: 465920K(465920K)->0K(465920K) From: 0K(465920K)->345184K(465920K)
[2025-08-01T03:42:44.085+0000] GC(182) ParOldGen: 835171K(2796544K)->835171K(2796544K)
[2025-08-01T03:42:44.085+0000] GC(182) Metaspace: 10662K(10880K)->10662K(10880K) NonClass: 9396K(9536K)->9396K(9536K) Class: 1265K(1344K)->1265K(1344K)
[2025-08-01T03:42:44.085+0000] GC(182) Pause Young (Allocation Failure) 1270M->1152M(3641M) 95.077ms
[2025-08-01T03:42:44.085+0000] GC(182) User=0.65s Sys=0.07s Real=0.10s
[2025-08-01T03:42:44.171+0000] GC(183) Pause Young (Allocation Failure)
[2025-08-01T03:42:44.270+0000] GC(183) PSYoungGen: 811104K(931840K)->377408K(931840K) Eden: 465920K(465920K)->0K(465920K) From: 345184K(465920K)->377408K(465920K)
[2025-08-01T03:42:44.270+0000] GC(183) ParOldGen: 835171K(2796544K)->1077299K(2796544K)
[2025-08-01T03:42:44.270+0000] GC(183) Metaspace: 10662K(10880K)->10662K(10880K) NonClass: 9396K(9536K)->9396K(9536K) Class: 1265K(1344K)->1265K(1344K)
[2025-08-01T03:42:44.270+0000] GC(183) Pause Young (Allocation Failure) 1607M->1420M(3641M) 99.109ms
[2025-08-01T03:42:44.270+0000] GC(183) User=0.79s Sys=0.00s Real=0.10s
[2025-08-01T03:42:44.355+0000] GC(184) Pause Young (Allocation Failure)
[2025-08-01T03:42:44.491+0000] GC(184) PSYoungGen: 843328K(931840K)->378528K(931840K) Eden: 465920K(465920K)->0K(465920K) From: 377408K(465920K)->378528K(465920K)
[2025-08-01T03:42:44.491+0000] GC(184) ParOldGen: 1077299K(2796544K)->1369027K(2796544K)
[2025-08-01T03:42:44.491+0000] GC(184) Metaspace: 10662K(10880K)->10662K(10880K) NonClass: 9396K(9536K)->9396K(9536K) Class: 1265K(1344K)->1265K(1344K)
[2025-08-01T03:42:44.491+0000] GC(184) Pause Young (Allocation Failure) 1875M->1706M(3641M) 135.847ms
[2025-08-01T03:42:44.491+0000] GC(184) User=0.99s Sys=0.03s Real=0.13s
[2025-08-01T03:42:44.577+0000] GC(185) Pause Young (Allocation Failure)
[2025-08-01T03:42:44.696+0000] GC(185) PSYoungGen: 844448K(931840K)->396864K(931840K) Eden: 465920K(465920K)->0K(465920K) From: 378528K(465920K)->396864K(465920K)
[2025-08-01T03:42:44.696+0000] GC(185) ParOldGen: 1369027K(2796544K)->1648459K(2796544K)
[2025-08-01T03:42:44.696+0000] GC(185) Metaspace: 10662K(10880K)->10662K(10880K) NonClass: 9396K(9536K)->9396K(9536K) Class: 1265K(1344K)->1265K(1344K)
[2025-08-01T03:42:44.696+0000] GC(185) Pause Young (Allocation Failure) 2161M->1997M(3641M) 118.897ms
[2025-08-01T03:42:44.696+0000] GC(185) User=0.91s Sys=0.03s Real=0.12s
[2025-08-01T03:42:44.784+0000] GC(186) Pause Young (Allocation Failure)
[2025-08-01T03:42:44.965+0000] GC(186) PSYoungGen: 862784K(931840K)->380032K(931840K) Eden: 465920K(465920K)->0K(465920K) From: 396864K(465920K)->380032K(465920K)
[2025-08-01T03:42:44.966+0000] GC(186) ParOldGen: 1648459K(2796544K)->1947571K(2796544K)
[2025-08-01T03:42:44.966+0000] GC(186) Metaspace: 10662K(10880K)->10662K(10880K) NonClass: 9396K(9536K)->9396K(9536K) Class: 1265K(1344K)->1265K(1344K)
[2025-08-01T03:42:44.966+0000] GC(186) Pause Young (Allocation Failure) 2452M->2273M(3641M) 181.936ms
[2025-08-01T03:42:44.966+0000] GC(186) User=1.40s Sys=0.03s Real=0.18s
[2025-08-01T03:42:45.060+0000] GC(187) Pause Young (Allocation Failure)
[2025-08-01T03:42:45.194+0000] GC(187) PSYoungGen: 845952K(931840K)->406208K(931840K) Eden: 465920K(465920K)->0K(465920K) From: 380032K(465920K)->406208K(465920K)
[2025-08-01T03:42:45.194+0000] GC(187) ParOldGen: 1947571K(2796544K)->2219739K(2796544K)
[2025-08-01T03:42:45.194+0000] GC(187) Metaspace: 10662K(10880K)->10662K(10880K) NonClass: 9396K(9536K)->9396K(9536K) Class: 1265K(1344K)->1265K(1344K)
[2025-08-01T03:42:45.194+0000] GC(187) Pause Young (Allocation Failure) 2728M->2564M(3641M) 134.014ms
[2025-08-01T03:42:45.194+0000] GC(187) User=1.00s Sys=0.04s Real=0.14s
[2025-08-01T03:42:45.285+0000] GC(188) Pause Young (Allocation Failure)
[2025-08-01T03:42:45.439+0000] GC(188) PSYoungGen: 872128K(931840K)->362432K(931840K) Eden: 465920K(465920K)->0K(465920K) From: 406208K(465920K)->362432K(465920K)
[2025-08-01T03:42:45.439+0000] GC(188) ParOldGen: 2219739K(2796544K)->2536435K(2796544K)
[2025-08-01T03:42:45.439+0000] GC(188) Metaspace: 10662K(10880K)->10662K(10880K) NonClass: 9396K(9536K)->9396K(9536K) Class: 1265K(1344K)->1265K(1344K)
[2025-08-01T03:42:45.439+0000] GC(188) Pause Young (Allocation Failure) 3019M->2830M(3641M) 154.642ms
[2025-08-01T03:42:45.439+0000] GC(188) User=1.14s Sys=0.03s Real=0.15s
[2025-08-01T03:42:45.528+0000] GC(189) Pause Full (Ergonomics)
[2025-08-01T03:42:45.528+0000] GC(189) Marking Phase
[2025-08-01T03:42:45.579+0000] GC(189) Marking Phase 51.348ms
[2025-08-01T03:42:45.579+0000] GC(189) Summary Phase
[2025-08-01T03:42:45.579+0000] GC(189) Summary Phase 0.142ms
[2025-08-01T03:42:45.579+0000] GC(189) Adjust Roots
[2025-08-01T03:42:45.581+0000] GC(189) Adjust Roots 1.798ms
[2025-08-01T03:42:45.581+0000] GC(189) Compaction Phase
[2025-08-01T03:42:45.702+0000] GC(189) Compaction Phase 121.059ms
[2025-08-01T03:42:45.702+0000] GC(189) Post Compact
[2025-08-01T03:42:45.724+0000] GC(189) Post Compact 21.433ms
[2025-08-01T03:42:45.724+0000] GC(189) PSYoungGen: 828352K(931840K)->0K(931840K) Eden: 465920K(465920K)->0K(465920K) From: 362432K(465920K)->0K(465920K)
[2025-08-01T03:42:45.724+0000] GC(189) ParOldGen: 2536435K(2796544K)->850838K(2796544K)
[2025-08-01T03:42:45.724+0000] GC(189) Metaspace: 10662K(10880K)->10662K(10880K) NonClass: 9396K(9536K)->9396K(9536K) Class: 1265K(1344K)->1265K(1344K)
[2025-08-01T03:42:45.724+0000] GC(189) Pause Full (Ergonomics) 3285M->830M(3641M) 196.262ms
[2025-08-01T03:42:45.724+0000] GC(189) User=1.35s Sys=0.00s Real=0.20s
[2025-08-01T03:42:45.866+0000] GC(190) Pause Young (Allocation Failure)
[2025-08-01T03:42:46.002+0000] GC(190) PSYoungGen: 465920K(931840K)->360672K(931840K) Eden: 465920K(465920K)->0K(465920K) From: 0K(465920K)->360672K(465920K)
[2025-08-01T03:42:46.002+0000] GC(190) ParOldGen: 850838K(2796544K)->850838K(2796544K)
[2025-08-01T03:42:46.002+0000] GC(190) Metaspace: 10662K(10880K)->10662K(10880K) NonClass: 9396K(9536K)->9396K(9536K) Class: 1265K(1344K)->1265K(1344K)
[2025-08-01T03:42:46.002+0000] GC(190) Pause Young (Allocation Failure) 1285M->1183M(3641M) 136.410ms
[2025-08-01T03:42:46.002+0000] GC(190) User=1.00s Sys=0.02s Real=0.13s
[2025-08-01T03:42:46.108+0000] GC(191) Pause Young (Allocation Failure)
[2025-08-01T03:42:46.263+0000] GC(191) PSYoungGen: 826592K(931840K)->380480K(931840K) Eden: 465920K(465920K)->0K(465920K) From: 360672K(465920K)->380480K(465920K)
[2025-08-01T03:42:46.263+0000] GC(191) ParOldGen: 850838K(2796544K)->1118886K(2796544K)
[2025-08-01T03:42:46.263+0000] GC(191) Metaspace: 10662K(10880K)->10662K(10880K) NonClass: 9396K(9536K)->9396K(9536K) Class: 1265K(1344K)->1265K(1344K)
[2025-08-01T03:42:46.263+0000] GC(191) Pause Young (Allocation Failure) 1638M->1464M(3641M) 154.476ms
[2025-08-01T03:42:46.263+0000] GC(191) User=1.18s Sys=0.02s Real=0.15s
[2025-08-01T03:42:46.351+0000] GC(192) Pause Young (Allocation Failure)
[2025-08-01T03:42:46.468+0000] GC(192) PSYoungGen: 846400K(931840K)->403456K(931840K) Eden: 465920K(465920K)->0K(465920K) From: 380480K(465920K)->403456K(465920K)
[2025-08-01T03:42:46.468+0000] GC(192) ParOldGen: 1118886K(2796544K)->1396054K(2796544K)
[2025-08-01T03:42:46.468+0000] GC(192) Metaspace: 10662K(10880K)->10662K(10880K) NonClass: 9396K(9536K)->9396K(9536K) Class: 1265K(1344K)->1265K(1344K)
[2025-08-01T03:42:46.469+0000] GC(192) Pause Young (Allocation Failure) 1919M->1757M(3641M) 117.103ms
[2025-08-01T03:42:46.469+0000] GC(192) User=0.90s Sys=0.02s Real=0.12s
[2025-08-01T03:42:46.559+0000] GC(193) Pause Young (Allocation Failure)
[2025-08-01T03:42:46.702+0000] GC(193) PSYoungGen: 869376K(931840K)->445184K(931840K) Eden: 465920K(465920K)->0K(465920K) From: 403456K(465920K)->445184K(465920K)
[2025-08-01T03:42:46.702+0000] GC(193) ParOldGen: 1396054K(2796544K)->1694905K(2796544K)
[2025-08-01T03:42:46.702+0000] GC(193) Metaspace: 10662K(10880K)->10662K(10880K) NonClass: 9396K(9536K)->9396K(9536K) Class: 1265K(1344K)->1265K(1344K)
[2025-08-01T03:42:46.702+0000] GC(193) Pause Young (Allocation Failure) 2212M->2089M(3641M) 142.489ms
[2025-08-01T03:42:46.702+0000] GC(193) User=1.06s Sys=0.03s Real=0.14s
[2025-08-01T03:42:46.788+0000] GC(194) Pause Young (Allocation Failure)
[2025-08-01T03:42:46.968+0000] GC(194) PSYoungGen: 911104K(931840K)->465920K(931840K) Eden: 465920K(465920K)->0K(465920K) From: 445184K(465920K)->465920K(465920K)
[2025-08-01T03:42:46.968+0000] GC(194) ParOldGen: 1694905K(2796544K)->2173041K(2796544K)
[2025-08-01T03:42:46.968+0000] GC(194) Metaspace: 10662K(10880K)->10662K(10880K) NonClass: 9396K(9536K)->9396K(9536K) Class: 1265K(1344K)->1265K(1344K)
[2025-08-01T03:42:46.968+0000] GC(194) Pause Young (Allocation Failure) 2544M->2577M(3641M) 180.130ms
[2025-08-01T03:42:46.968+0000] GC(194) User=1.35s Sys=0.05s Real=0.18s
[2025-08-01T03:42:47.107+0000] GC(195) Pause Young (Allocation Failure)
[2025-08-01T03:42:47.280+0000] GC(195) PSYoungGen: 931840K(931840K)->366272K(931840K) Eden: 465920K(465920K)->0K(465920K) From: 465920K(465920K)->366272K(465920K)
[2025-08-01T03:42:47.280+0000] GC(195) ParOldGen: 2173041K(2796544K)->2422857K(2796544K)
[2025-08-01T03:42:47.280+0000] GC(195) Metaspace: 10662K(10880K)->10662K(10880K) NonClass: 9396K(9536K)->9396K(9536K) Class: 1265K(1344K)->1265K(1344K)
[2025-08-01T03:42:47.280+0000] GC(195) Pause Young (Allocation Failure) 3032M->2723M(3641M) 172.333ms
[2025-08-01T03:42:47.280+0000] GC(195) User=1.24s Sys=0.08s Real=0.17s
[2025-08-01T03:42:47.377+0000] GC(196) Pause Full (Ergonomics)
[2025-08-01T03:42:47.377+0000] GC(196) Marking Phase
[2025-08-01T03:42:47.434+0000] GC(196) Marking Phase 57.452ms
[2025-08-01T03:42:47.434+0000] GC(196) Summary Phase
[2025-08-01T03:42:47.434+0000] GC(196) Summary Phase 0.149ms
[2025-08-01T03:42:47.434+0000] GC(196) Adjust Roots
[2025-08-01T03:42:47.439+0000] GC(196) Adjust Roots 4.222ms
[2025-08-01T03:42:47.439+0000] GC(196) Compaction Phase
[2025-08-01T03:42:47.569+0000] GC(196) Compaction Phase 129.725ms
[2025-08-01T03:42:47.569+0000] GC(196) Post Compact
[2025-08-01T03:42:47.605+0000] GC(196) Post Compact 36.156ms
[2025-08-01T03:42:47.605+0000] GC(196) PSYoungGen: 832192K(931840K)->0K(931840K) Eden: 465920K(465920K)->0K(465920K) From: 366272K(465920K)->0K(465920K)
[2025-08-01T03:42:47.605+0000] GC(196) ParOldGen: 2422857K(2796544K)->404810K(2796544K)
[2025-08-01T03:42:47.605+0000] GC(196) Metaspace: 10662K(10880K)->10662K(10880K) NonClass: 9396K(9536K)->9396K(9536K) Class: 1265K(1344K)->1265K(1344K)
[2025-08-01T03:42:47.605+0000] GC(196) Pause Full (Ergonomics) 3178M->395M(3641M) 228.445ms
[2025-08-01T03:42:47.605+0000] GC(196) User=1.36s Sys=0.07s Real=0.23s
[2025-08-01T03:42:47.703+0000] GC(197) Pause Young (Allocation Failure)
[2025-08-01T03:42:47.775+0000] GC(197) PSYoungGen: 465920K(931840K)->465920K(931840K) Eden: 465920K(465920K)->0K(465920K) From: 0K(465920K)->465920K(465920K)
[2025-08-01T03:42:47.776+0000] GC(197) ParOldGen: 404810K(2796544K)->412890K(2796544K)
[2025-08-01T03:42:47.776+0000] GC(197) Metaspace: 10662K(10880K)->10662K(10880K) NonClass: 9396K(9536K)->9396K(9536K) Class: 1265K(1344K)->1265K(1344K)
[2025-08-01T03:42:47.776+0000] GC(197) Pause Young (Allocation Failure) 850M->858M(3641M) 72.282ms
[2025-08-01T03:42:47.776+0000] GC(197) User=0.56s Sys=0.00s Real=0.07s
[2025-08-01T03:42:47.870+0000] GC(198) Pause Young (Allocation Failure)
[2025-08-01T03:42:48.049+0000] GC(198) PSYoungGen: 931840K(931840K)->465920K(931840K) Eden: 465920K(465920K)->0K(465920K) From: 465920K(465920K)->465920K(465920K)
[2025-08-01T03:42:48.049+0000] GC(198) ParOldGen: 412890K(2796544K)->914978K(2796544K)
[2025-08-01T03:42:48.049+0000] GC(198) Metaspace: 10662K(10880K)->10662K(10880K) NonClass: 9396K(9536K)->9396K(9536K) Class: 1265K(1344K)->1265K(1344K)
[2025-08-01T03:42:48.049+0000] GC(198) Pause Young (Allocation Failure) 1313M->1348M(3641M) 179.012ms
[2025-08-01T03:42:48.049+0000] GC(198) User=1.37s Sys=0.04s Real=0.18s
[2025-08-01T03:42:48.190+0000] GC(199) Pause Young (Allocation Failure)
[2025-08-01T03:42:48.400+0000] GC(199) PSYoungGen: 931840K(931840K)->340160K(931840K) Eden: 465920K(465920K)->0K(465920K) From: 465920K(465920K)->340160K(465920K)
[2025-08-01T03:42:48.400+0000] GC(199) ParOldGen: 914978K(2796544K)->1160074K(2796544K)
[2025-08-01T03:42:48.400+0000] GC(199) Metaspace: 10662K(10880K)->10662K(10880K) NonClass: 9396K(9536K)->9396K(9536K) Class: 1265K(1344K)->1265K(1344K)
[2025-08-01T03:42:48.400+0000] GC(199) Pause Young (Allocation Failure) 1803M->1465M(3641M) 209.595ms
[2025-08-01T03:42:48.400+0000] GC(199) User=1.44s Sys=0.11s Real=0.21s
[2025-08-01T03:42:48.489+0000] GC(200) Pause Young (Allocation Failure)
[2025-08-01T03:42:48.598+0000] GC(200) PSYoungGen: 806080K(931840K)->302944K(931840K) Eden: 465920K(465920K)->0K(465920K) From: 340160K(465920K)->302944K(465920K)
[2025-08-01T03:42:48.598+0000] GC(200) ParOldGen: 1160074K(2796544K)->1273154K(2796544K)
[2025-08-01T03:42:48.598+0000] GC(200) Metaspace: 10662K(10880K)->10662K(10880K) NonClass: 9396K(9536K)->9396K(9536K) Class: 1265K(1344K)->1265K(1344K)
[2025-08-01T03:42:48.598+0000] GC(200) Pause Young (Allocation Failure) 1920M->1539M(3641M) 108.426ms
[2025-08-01T03:42:48.598+0000] GC(200) User=0.77s Sys=0.06s Real=0.11s
[2025-08-01T03:42:48.702+0000] GC(201) Pause Young (Allocation Failure)
[2025-08-01T03:42:48.834+0000] GC(201) PSYoungGen: 768864K(931840K)->465920K(931840K) Eden: 465920K(465920K)->0K(465920K) From: 302944K(465920K)->465920K(465920K)
[2025-08-01T03:42:48.834+0000] GC(201) ParOldGen: 1273154K(2796544K)->1603378K(2796544K)
[2025-08-01T03:42:48.834+0000] GC(201) Metaspace: 10662K(10880K)->10662K(10880K) NonClass: 9396K(9536K)->9396K(9536K) Class: 1265K(1344K)->1265K(1344K)
[2025-08-01T03:42:48.834+0000] GC(201) Pause Young (Allocation Failure) 1994M->2020M(3641M) 131.287ms
[2025-08-01T03:42:48.834+0000] GC(201) User=1.02s Sys=0.00s Real=0.14s
[2025-08-01T03:42:48.924+0000] GC(202) Pause Young (Allocation Failure)
[2025-08-01T03:42:49.114+0000] GC(202) PSYoungGen: 931840K(931840K)->465920K(931840K) Eden: 465920K(465920K)->0K(465920K) From: 465920K(465920K)->465920K(465920K)
[2025-08-01T03:42:49.114+0000] GC(202) ParOldGen: 1603378K(2796544K)->2106122K(2796544K)
[2025-08-01T03:42:49.114+0000] GC(202) Metaspace: 10662K(10880K)->10662K(10880K) NonClass: 9396K(9536K)->9396K(9536K) Class: 1265K(1344K)->1265K(1344K)
[2025-08-01T03:42:49.114+0000] GC(202) Pause Young (Allocation Failure) 2475M->2511M(3641M) 190.141ms
[2025-08-01T03:42:49.114+0000] GC(202) User=1.42s Sys=0.07s Real=0.19s
[2025-08-01T03:42:49.257+0000] GC(203) Pause Young (Allocation Failure)
[2025-08-01T03:42:49.476+0000] GC(203) PSYoungGen: 931840K(931840K)->356576K(931840K) Eden: 465920K(465920K)->0K(465920K) From: 465920K(465920K)->356576K(465920K)
[2025-08-01T03:42:49.476+0000] GC(203) ParOldGen: 2106122K(2796544K)->2353338K(2796544K)
[2025-08-01T03:42:49.476+0000] GC(203) Metaspace: 10662K(10880K)->10662K(10880K) NonClass: 9396K(9536K)->9396K(9536K) Class: 1265K(1344K)->1265K(1344K)
[2025-08-01T03:42:49.476+0000] GC(203) Pause Young (Allocation Failure) 2966M->2646M(3641M) 219.459ms
[2025-08-01T03:42:49.476+0000] GC(203) User=1.56s Sys=0.07s Real=0.22s
[2025-08-01T03:42:49.569+0000] GC(204) Pause Full (Ergonomics)
[2025-08-01T03:42:49.569+0000] GC(204) Marking Phase
[2025-08-01T03:42:49.632+0000] GC(204) Marking Phase 62.237ms
[2025-08-01T03:42:49.632+0000] GC(204) Summary Phase
[2025-08-01T03:42:49.632+0000] GC(204) Summary Phase 0.095ms
[2025-08-01T03:42:49.632+0000] GC(204) Adjust Roots
[2025-08-01T03:42:49.634+0000] GC(204) Adjust Roots 1.923ms
[2025-08-01T03:42:49.634+0000] GC(204) Compaction Phase
[2025-08-01T03:42:49.744+0000] GC(204) Compaction Phase 110.415ms
[2025-08-01T03:42:49.744+0000] GC(204) Post Compact
[2025-08-01T03:42:49.767+0000] GC(204) Post Compact 22.512ms
[2025-08-01T03:42:49.767+0000] GC(204) PSYoungGen: 822496K(931840K)->0K(931840K) Eden: 465920K(465920K)->0K(465920K) From: 356576K(465920K)->0K(465920K)
[2025-08-01T03:42:49.767+0000] GC(204) ParOldGen: 2353338K(2796544K)->430691K(2796544K)
[2025-08-01T03:42:49.767+0000] GC(204) Metaspace: 10662K(10880K)->10662K(10880K) NonClass: 9396K(9536K)->9396K(9536K) Class: 1265K(1344K)->1265K(1344K)
[2025-08-01T03:42:49.767+0000] GC(204) Pause Full (Ergonomics) 3101M->420M(3641M) 197.748ms
[2025-08-01T03:42:49.767+0000] GC(204) User=1.14s Sys=0.08s Real=0.20s
[2025-08-01T03:42:49.862+0000] GC(205) Pause Young (Allocation Failure)
[2025-08-01T03:42:49.974+0000] GC(205) PSYoungGen: 465920K(931840K)->465920K(931840K) Eden: 465920K(465920K)->0K(465920K) From: 0K(465920K)->465920K(465920K)
[2025-08-01T03:42:49.975+0000] GC(205) ParOldGen: 430691K(2796544K)->438411K(2796544K)
[2025-08-01T03:42:49.975+0000] GC(205) Metaspace: 10662K(10880K)->10662K(10880K) NonClass: 9396K(9536K)->9396K(9536K) Class: 1265K(1344K)->1265K(1344K)
[2025-08-01T03:42:49.975+0000] GC(205) Pause Young (Allocation Failure) 875M->883M(3641M) 113.028ms
[2025-08-01T03:42:49.975+0000] GC(205) User=0.83s Sys=0.03s Real=0.12s
[2025-08-01T03:42:50.068+0000] GC(206) Pause Young (Allocation Failure)
[2025-08-01T03:42:50.217+0000] GC(206) PSYoungGen: 931840K(931840K)->465920K(931840K) Eden: 465920K(465920K)->0K(465920K) From: 465920K(465920K)->465920K(465920K)
[2025-08-01T03:42:50.217+0000] GC(206) ParOldGen: 438411K(2796544K)->941571K(2796544K)
[2025-08-01T03:42:50.217+0000] GC(206) Metaspace: 10662K(10880K)->10662K(10880K) NonClass: 9396K(9536K)->9396K(9536K) Class: 1265K(1344K)->1265K(1344K)
[2025-08-01T03:42:50.217+0000] GC(206) Pause Young (Allocation Failure) 1338M->1374M(3641M) 148.230ms
[2025-08-01T03:42:50.217+0000] GC(206) User=1.15s Sys=0.01s Real=0.15s
[2025-08-01T03:42:50.360+0000] GC(207) Pause Young (Allocation Failure)
[2025-08-01T03:42:50.490+0000] GC(207) PSYoungGen: 931840K(931840K)->353344K(931840K) Eden: 465920K(465920K)->0K(465920K) From: 465920K(465920K)->353344K(465920K)
[2025-08-01T03:42:50.490+0000] GC(207) ParOldGen: 941571K(2796544K)->1184995K(2796544K)
[2025-08-01T03:42:50.490+0000] GC(207) Metaspace: 10662K(10880K)->10662K(10880K) NonClass: 9396K(9536K)->9396K(9536K) Class: 1265K(1344K)->1265K(1344K)
[2025-08-01T03:42:50.490+0000] GC(207) Pause Young (Allocation Failure) 1829M->1502M(3641M) 130.540ms
[2025-08-01T03:42:50.490+0000] GC(207) User=0.99s Sys=0.04s Real=0.13s
[2025-08-01T03:42:50.580+0000] GC(208) Pause Young (Allocation Failure)
[2025-08-01T03:42:50.719+0000] GC(208) PSYoungGen: 819264K(931840K)->313920K(931840K) Eden: 465920K(465920K)->0K(465920K) From: 353344K(465920K)->313920K(465920K)
[2025-08-01T03:42:50.719+0000] GC(208) ParOldGen: 1184995K(2796544K)->1309907K(2796544K)
[2025-08-01T03:42:50.719+0000] GC(208) Metaspace: 10662K(10880K)->10662K(10880K) NonClass: 9396K(9536K)->9396K(9536K) Class: 1265K(1344K)->1265K(1344K)
[2025-08-01T03:42:50.719+0000] GC(208) Pause Young (Allocation Failure) 1957M->1585M(3641M) 138.358ms
[2025-08-01T03:42:50.719+0000] GC(208) User=1.04s Sys=0.05s Real=0.14s
[2025-08-01T03:42:50.818+0000] GC(209) Pause Young (Allocation Failure)
[2025-08-01T03:42:50.957+0000] GC(209) PSYoungGen: 779840K(931840K)->465920K(931840K) Eden: 465920K(465920K)->0K(465920K) From: 313920K(465920K)->465920K(465920K)
[2025-08-01T03:42:50.958+0000] GC(209) ParOldGen: 1309907K(2796544K)->1651667K(2796544K)
[2025-08-01T03:42:50.958+0000] GC(209) Metaspace: 10662K(10880K)->10662K(10880K) NonClass: 9396K(9536K)->9396K(9536K) Class: 1265K(1344K)->1265K(1344K)
[2025-08-01T03:42:50.958+0000] GC(209) Pause Young (Allocation Failure) 2040M->2067M(3641M) 139.276ms
[2025-08-01T03:42:50.958+0000] GC(209) User=1.07s Sys=0.02s Real=0.14s
[2025-08-01T03:42:51.048+0000] GC(210) Pause Young (Allocation Failure)
[2025-08-01T03:42:51.217+0000] GC(210) PSYoungGen: 931840K(931840K)->354016K(931840K) Eden: 465920K(465920K)->0K(465920K) From: 465920K(465920K)->354016K(465920K)
[2025-08-01T03:42:51.218+0000] GC(210) ParOldGen: 1651667K(2796544K)->2018171K(2796544K)
[2025-08-01T03:42:51.218+0000] GC(210) Metaspace: 10662K(10880K)->10662K(10880K) NonClass: 9396K(9536K)->9396K(9536K) Class: 1265K(1344K)->1265K(1344K)
[2025-08-01T03:42:51.218+0000] GC(210) Pause Young (Allocation Failure) 2522M->2316M(3641M) 169.206ms
[2025-08-01T03:42:51.218+0000] GC(210) User=1.25s Sys=0.07s Real=0.17s
[2025-08-01T03:42:51.306+0000] GC(211) Pause Young (Allocation Failure)
[2025-08-01T03:42:51.419+0000] GC(211) PSYoungGen: 819936K(931840K)->363104K(931840K) Eden: 465920K(465920K)->0K(465920K) From: 354016K(465920K)->363104K(465920K)
[2025-08-01T03:42:51.419+0000] GC(211) ParOldGen: 2018171K(2796544K)->2266819K(2796544K)
[2025-08-01T03:42:51.419+0000] GC(211) Metaspace: 10662K(10880K)->10662K(10880K) NonClass: 9396K(9536K)->9396K(9536K) Class: 1265K(1344K)->1265K(1344K)
[2025-08-01T03:42:51.419+0000] GC(211) Pause Young (Allocation Failure) 2771M->2568M(3641M) 113.644ms
[2025-08-01T03:42:51.419+0000] GC(211) User=0.84s Sys=0.03s Real=0.11s
[2025-08-01T03:42:51.503+0000] GC(212) Pause Full (Ergonomics)
[2025-08-01T03:42:51.503+0000] GC(212) Marking Phase
[2025-08-01T03:42:51.540+0000] GC(212) Marking Phase 36.463ms
[2025-08-01T03:42:51.540+0000] GC(212) Summary Phase
[2025-08-01T03:42:51.540+0000] GC(212) Summary Phase 0.165ms
[2025-08-01T03:42:51.540+0000] GC(212) Adjust Roots
[2025-08-01T03:42:51.542+0000] GC(212) Adjust Roots 1.806ms
[2025-08-01T03:42:51.542+0000] GC(212) Compaction Phase
[2025-08-01T03:42:51.613+0000] GC(212) Compaction Phase 70.915ms
[2025-08-01T03:42:51.613+0000] GC(212) Post Compact
[2025-08-01T03:42:51.633+0000] GC(212) Post Compact 20.519ms
[2025-08-01T03:42:51.633+0000] GC(212) PSYoungGen: 829024K(931840K)->0K(931840K) Eden: 465920K(465920K)->0K(465920K) From: 363104K(465920K)->0K(465920K)
[2025-08-01T03:42:51.633+0000] GC(212) ParOldGen: 2266819K(2796544K)->449957K(2796544K)
[2025-08-01T03:42:51.633+0000] GC(212) Metaspace: 10662K(10880K)->10662K(10880K) NonClass: 9396K(9536K)->9396K(9536K) Class: 1265K(1344K)->1265K(1344K)
[2025-08-01T03:42:51.633+0000] GC(212) Pause Full (Ergonomics) 3023M->439M(3641M) 130.294ms
[2025-08-01T03:42:51.633+0000] GC(212) User=0.81s Sys=0.00s Real=0.13s
[2025-08-01T03:42:51.724+0000] GC(213) Pause Young (Allocation Failure)
[2025-08-01T03:42:51.821+0000] GC(213) PSYoungGen: 465920K(931840K)->465920K(931840K) Eden: 465920K(465920K)->0K(465920K) From: 0K(465920K)->465920K(465920K)
[2025-08-01T03:42:51.821+0000] GC(213) ParOldGen: 449957K(2796544K)->458605K(2796544K)
[2025-08-01T03:42:51.821+0000] GC(213) Metaspace: 10662K(10880K)->10662K(10880K) NonClass: 9396K(9536K)->9396K(9536K) Class: 1265K(1344K)->1265K(1344K)
[2025-08-01T03:42:51.821+0000] GC(213) Pause Young (Allocation Failure) 894M->902M(3641M) 96.987ms
[2025-08-01T03:42:51.821+0000] GC(213) User=0.68s Sys=0.05s Real=0.09s
[2025-08-01T03:42:51.918+0000] GC(214) Pause Young (Allocation Failure)
[2025-08-01T03:42:52.078+0000] GC(214) PSYoungGen: 931840K(931840K)->412608K(931840K) Eden: 465920K(465920K)->0K(465920K) From: 465920K(465920K)->412608K(465920K)
[2025-08-01T03:42:52.078+0000] GC(214) ParOldGen: 458605K(2796544K)->819237K(2796544K)
[2025-08-01T03:42:52.078+0000] GC(214) Metaspace: 10662K(10880K)->10662K(10880K) NonClass: 9396K(9536K)->9396K(9536K) Class: 1265K(1344K)->1265K(1344K)
[2025-08-01T03:42:52.078+0000] GC(214) Pause Young (Allocation Failure) 1357M->1202M(3641M) 159.762ms
[2025-08-01T03:42:52.078+0000] GC(214) User=1.19s Sys=0.05s Real=0.16s
[2025-08-01T03:42:52.171+0000] GC(215) Pause Young (Allocation Failure)
[2025-08-01T03:42:52.335+0000] GC(215) PSYoungGen: 878528K(931840K)->465920K(931840K) Eden: 465920K(465920K)->0K(465920K) From: 412608K(465920K)->465920K(465920K)
[2025-08-01T03:42:52.335+0000] GC(215) ParOldGen: 819237K(2796544K)->1263789K(2796544K)
[2025-08-01T03:42:52.335+0000] GC(215) Metaspace: 10662K(10880K)->10662K(10880K) NonClass: 9396K(9536K)->9396K(9536K) Class: 1265K(1344K)->1265K(1344K)
[2025-08-01T03:42:52.335+0000] GC(215) Pause Young (Allocation Failure) 1657M->1689M(3641M) 163.876ms
[2025-08-01T03:42:52.335+0000] GC(215) User=1.25s Sys=0.02s Real=0.17s
[2025-08-01T03:42:52.420+0000] GC(216) Pause Young (Allocation Failure)
[2025-08-01T03:42:52.523+0000] GC(216) PSYoungGen: 931840K(931840K)->275040K(931840K) Eden: 465920K(465920K)->0K(465920K) From: 465920K(465920K)->275040K(465920K)
[2025-08-01T03:42:52.523+0000] GC(216) ParOldGen: 1263789K(2796544K)->1389325K(2796544K)
[2025-08-01T03:42:52.523+0000] GC(216) Metaspace: 10662K(10880K)->10662K(10880K) NonClass: 9396K(9536K)->9396K(9536K) Class: 1265K(1344K)->1265K(1344K)
[2025-08-01T03:42:52.523+0000] GC(216) Pause Young (Allocation Failure) 2144M->1625M(3641M) 102.957ms
[2025-08-01T03:42:52.523+0000] GC(216) User=0.66s Sys=0.06s Real=0.10s
[2025-08-01T03:42:52.619+0000] GC(217) Pause Young (Allocation Failure)
[2025-08-01T03:42:52.810+0000] GC(217) PSYoungGen: 740960K(931840K)->465920K(931840K) Eden: 465920K(465920K)->0K(465920K) From: 275040K(465920K)->465920K(465920K)
[2025-08-01T03:42:52.810+0000] GC(217) ParOldGen: 1389325K(2796544K)->1687469K(2796544K)
[2025-08-01T03:42:52.810+0000] GC(217) Metaspace: 10662K(10880K)->10662K(10880K) NonClass: 9396K(9536K)->9396K(9536K) Class: 1265K(1344K)->1265K(1344K)
[2025-08-01T03:42:52.810+0000] GC(217) Pause Young (Allocation Failure) 2080M->2102M(3641M) 191.089ms
[2025-08-01T03:42:52.810+0000] GC(217) User=1.30s Sys=0.08s Real=0.19s
[2025-08-01T03:42:52.901+0000] GC(218) Pause Young (Allocation Failure)
[2025-08-01T03:42:53.037+0000] GC(218) PSYoungGen: 931840K(931840K)->416448K(931840K) Eden: 465920K(465920K)->0K(465920K) From: 465920K(465920K)->416448K(465920K)
[2025-08-01T03:42:53.038+0000] GC(218) ParOldGen: 1687469K(2796544K)->2043645K(2796544K)
[2025-08-01T03:42:53.038+0000] GC(218) Metaspace: 10662K(10880K)->10662K(10880K) NonClass: 9396K(9536K)->9396K(9536K) Class: 1265K(1344K)->1265K(1344K)
[2025-08-01T03:42:53.038+0000] GC(218) Pause Young (Allocation Failure) 2557M->2402M(3641M) 136.960ms
[2025-08-01T03:42:53.038+0000] GC(218) User=1.03s Sys=0.03s Real=0.14s
[2025-08-01T03:42:53.133+0000] GC(219) Pause Young (Allocation Failure)
[2025-08-01T03:42:53.321+0000] GC(219) PSYoungGen: 882368K(931840K)->465920K(931840K) Eden: 465920K(465920K)->0K(465920K) From: 416448K(465920K)->465920K(465920K)
[2025-08-01T03:42:53.321+0000] GC(219) ParOldGen: 2043645K(2796544K)->2491549K(2796544K)
[2025-08-01T03:42:53.321+0000] GC(219) Metaspace: 10662K(10880K)->10662K(10880K) NonClass: 9396K(9536K)->9396K(9536K) Class: 1265K(1344K)->1265K(1344K)
[2025-08-01T03:42:53.321+0000] GC(219) Pause Young (Allocation Failure) 2857M->2888M(3641M) 188.503ms
[2025-08-01T03:42:53.321+0000] GC(219) User=1.29s Sys=0.10s Real=0.18s
[2025-08-01T03:42:53.412+0000] GC(220) Pause Full (Ergonomics)
[2025-08-01T03:42:53.412+0000] GC(220) Marking Phase
[2025-08-01T03:42:53.441+0000] GC(220) Marking Phase 29.387ms
[2025-08-01T03:42:53.441+0000] GC(220) Summary Phase
[2025-08-01T03:42:53.441+0000] GC(220) Summary Phase 0.106ms
[2025-08-01T03:42:53.441+0000] GC(220) Adjust Roots
[2025-08-01T03:42:53.446+0000] GC(220) Adjust Roots 4.440ms
[2025-08-01T03:42:53.446+0000] GC(220) Compaction Phase
[2025-08-01T03:42:53.587+0000] GC(220) Compaction Phase 141.444ms
[2025-08-01T03:42:53.587+0000] GC(220) Post Compact
[2025-08-01T03:42:53.612+0000] GC(220) Post Compact 24.220ms
[2025-08-01T03:42:53.612+0000] GC(220) PSYoungGen: 931840K(931840K)->0K(931840K) Eden: 465920K(465920K)->0K(465920K) From: 465920K(465920K)->0K(465920K)
[2025-08-01T03:42:53.612+0000] GC(220) ParOldGen: 2491549K(2796544K)->466875K(2796544K)
[2025-08-01T03:42:53.612+0000] GC(220) Metaspace: 10662K(10880K)->10662K(10880K) NonClass: 9396K(9536K)->9396K(9536K) Class: 1265K(1344K)->1265K(1344K)
[2025-08-01T03:42:53.612+0000] GC(220) Pause Full (Ergonomics) 3343M->455M(3641M) 200.270ms
[2025-08-01T03:42:53.612+0000] GC(220) User=1.28s Sys=0.03s Real=0.20s
[2025-08-01T03:42:53.702+0000] GC(221) Pause Young (Allocation Failure)
[2025-08-01T03:42:53.848+0000] GC(221) PSYoungGen: 465920K(931840K)->465920K(931840K) Eden: 465920K(465920K)->0K(465920K) From: 0K(465920K)->465920K(465920K)
[2025-08-01T03:42:53.848+0000] GC(221) ParOldGen: 466875K(2796544K)->475411K(2796544K)
[2025-08-01T03:42:53.848+0000] GC(221) Metaspace: 10662K(10880K)->10662K(10880K) NonClass: 9396K(9536K)->9396K(9536K) Class: 1265K(1344K)->1265K(1344K)
[2025-08-01T03:42:53.848+0000] GC(221) Pause Young (Allocation Failure) 910M->919M(3641M) 145.657ms
[2025-08-01T03:42:53.848+0000] GC(221) User=1.08s Sys=0.04s Real=0.15s
[2025-08-01T03:42:53.940+0000] GC(222) Pause Young (Allocation Failure)
[2025-08-01T03:42:54.089+0000] GC(222) PSYoungGen: 931840K(931840K)->432640K(931840K) Eden: 465920K(465920K)->0K(465920K) From: 465920K(465920K)->432640K(465920K)
[2025-08-01T03:42:54.089+0000] GC(222) ParOldGen: 475411K(2796544K)->841299K(2796544K)
[2025-08-01T03:42:54.089+0000] GC(222) Metaspace: 10662K(10880K)->10662K(10880K) NonClass: 9396K(9536K)->9396K(9536K) Class: 1265K(1344K)->1265K(1344K)
[2025-08-01T03:42:54.089+0000] GC(222) Pause Young (Allocation Failure) 1374M->1244M(3641M) 148.726ms
[2025-08-01T03:42:54.089+0000] GC(222) User=1.09s Sys=0.06s Real=0.15s
[2025-08-01T03:42:54.181+0000] GC(223) Pause Young (Allocation Failure)
[2025-08-01T03:42:54.381+0000] GC(223) PSYoungGen: 898560K(931840K)->465920K(931840K) Eden: 465920K(465920K)->0K(465920K) From: 432640K(465920K)->465920K(465920K)
[2025-08-01T03:42:54.381+0000] GC(223) ParOldGen: 841299K(2796544K)->1302283K(2796544K)
[2025-08-01T03:42:54.381+0000] GC(223) Metaspace: 10662K(10880K)->10662K(10880K) NonClass: 9396K(9536K)->9396K(9536K) Class: 1265K(1344K)->1265K(1344K)
[2025-08-01T03:42:54.381+0000] GC(223) Pause Young (Allocation Failure) 1699M->1726M(3641M) 199.994ms
[2025-08-01T03:42:54.381+0000] GC(223) User=1.53s Sys=0.04s Real=0.20s
[2025-08-01T03:42:54.468+0000] GC(224) Pause Young (Allocation Failure)
[2025-08-01T03:42:54.564+0000] GC(224) PSYoungGen: 931840K(931840K)->278688K(931840K) Eden: 465920K(465920K)->0K(465920K) From: 465920K(465920K)->278688K(465920K)
[2025-08-01T03:42:54.564+0000] GC(224) ParOldGen: 1302283K(2796544K)->1425107K(2796544K)
[2025-08-01T03:42:54.564+0000] GC(224) Metaspace: 10662K(10880K)->10662K(10880K) NonClass: 9396K(9536K)->9396K(9536K) Class: 1265K(1344K)->1265K(1344K)
[2025-08-01T03:42:54.564+0000] GC(224) Pause Young (Allocation Failure) 2181M->1663M(3641M) 96.056ms
[2025-08-01T03:42:54.564+0000] GC(224) User=0.66s Sys=0.05s Real=0.10s
[2025-08-01T03:42:54.653+0000] GC(225) Pause Young (Allocation Failure)
[2025-08-01T03:42:54.822+0000] GC(225) PSYoungGen: 744608K(931840K)->465920K(931840K) Eden: 465920K(465920K)->0K(465920K) From: 278688K(465920K)->465920K(465920K)
[2025-08-01T03:42:54.822+0000] GC(225) ParOldGen: 1425107K(2796544K)->1729739K(2796544K)
[2025-08-01T03:42:54.822+0000] GC(225) Metaspace: 10662K(10880K)->10662K(10880K) NonClass: 9396K(9536K)->9396K(9536K) Class: 1265K(1344K)->1265K(1344K)
[2025-08-01T03:42:54.822+0000] GC(225) Pause Young (Allocation Failure) 2118M->2144M(3641M) 169.085ms
[2025-08-01T03:42:54.822+0000] GC(225) User=1.25s Sys=0.05s Real=0.16s
[2025-08-01T03:42:54.917+0000] GC(226) Pause Young (Allocation Failure)
[2025-08-01T03:42:55.066+0000] GC(226) PSYoungGen: 931840K(931840K)->453792K(931840K) Eden: 465920K(465920K)->0K(465920K) From: 465920K(465920K)->453792K(465920K)
[2025-08-01T03:42:55.066+0000] GC(226) ParOldGen: 1729739K(2796544K)->2092883K(2796544K)
[2025-08-01T03:42:55.066+0000] GC(226) Metaspace: 10662K(10880K)->10662K(10880K) NonClass: 9396K(9536K)->9396K(9536K) Class: 1265K(1344K)->1265K(1344K)
[2025-08-01T03:42:55.066+0000] GC(226) Pause Young (Allocation Failure) 2599M->2486M(3641M) 149.756ms
[2025-08-01T03:42:55.066+0000] GC(226) User=1.15s Sys=0.03s Real=0.15s
[2025-08-01T03:42:55.151+0000] GC(227) Pause Young (Allocation Failure)
[2025-08-01T03:42:55.296+0000] GC(227) PSYoungGen: 919712K(931840K)->465920K(931840K) Eden: 465920K(465920K)->0K(465920K) From: 453792K(465920K)->465920K(465920K)
[2025-08-01T03:42:55.296+0000] GC(227) ParOldGen: 2092883K(2796544K)->2581843K(2796544K)
[2025-08-01T03:42:55.296+0000] GC(227) Metaspace: 10662K(10880K)->10662K(10880K) NonClass: 9396K(9536K)->9396K(9536K) Class: 1265K(1344K)->1265K(1344K)
[2025-08-01T03:42:55.296+0000] GC(227) Pause Young (Allocation Failure) 2941M->2976M(3641M) 144.460ms
[2025-08-01T03:42:55.296+0000] GC(227) User=1.12s Sys=0.01s Real=0.15s
[2025-08-01T03:42:55.386+0000] GC(228) Pause Full (Ergonomics)
[2025-08-01T03:42:55.387+0000] GC(228) Marking Phase
[2025-08-01T03:42:55.454+0000] GC(228) Marking Phase 67.680ms
[2025-08-01T03:42:55.454+0000] GC(228) Summary Phase
[2025-08-01T03:42:55.454+0000] GC(228) Summary Phase 0.113ms
[2025-08-01T03:42:55.454+0000] GC(228) Adjust Roots
[2025-08-01T03:42:55.457+0000] GC(228) Adjust Roots 2.241ms
[2025-08-01T03:42:55.457+0000] GC(228) Compaction Phase
[2025-08-01T03:42:55.566+0000] GC(228) Compaction Phase 109.115ms
[2025-08-01T03:42:55.566+0000] GC(228) Post Compact
[2025-08-01T03:42:55.590+0000] GC(228) Post Compact 23.832ms
[2025-08-01T03:42:55.590+0000] GC(228) PSYoungGen: 931840K(931840K)->0K(931840K) Eden: 465920K(465920K)->0K(465920K) From: 465920K(465920K)->0K(465920K)
[2025-08-01T03:42:55.590+0000] GC(228) ParOldGen: 2581843K(2796544K)->482516K(2796544K)
[2025-08-01T03:42:55.590+0000] GC(228) Metaspace: 10662K(10880K)->10662K(10880K) NonClass: 9396K(9536K)->9396K(9536K) Class: 1265K(1344K)->1265K(1344K)
[2025-08-01T03:42:55.590+0000] GC(228) Pause Full (Ergonomics) 3431M->471M(3641M) 203.424ms
[2025-08-01T03:42:55.590+0000] GC(228) User=1.32s Sys=0.05s Real=0.20s
[2025-08-01T03:42:55.676+0000] GC(229) Pause Young (Allocation Failure)
[2025-08-01T03:42:55.772+0000] GC(229) PSYoungGen: 465920K(931840K)->465920K(931840K) Eden: 465920K(465920K)->0K(465920K) From: 0K(465920K)->465920K(465920K)
[2025-08-01T03:42:55.772+0000] GC(229) ParOldGen: 482516K(2796544K)->489388K(2796544K)
[2025-08-01T03:42:55.772+0000] GC(229) Metaspace: 10662K(10880K)->10662K(10880K) NonClass: 9396K(9536K)->9396K(9536K) Class: 1265K(1344K)->1265K(1344K)
[2025-08-01T03:42:55.772+0000] GC(229) Pause Young (Allocation Failure) 926M->932M(3641M) 96.018ms
[2025-08-01T03:42:55.772+0000] GC(229) User=0.71s Sys=0.03s Real=0.09s
[2025-08-01T03:42:55.859+0000] GC(230) Pause Young (Allocation Failure)
[2025-08-01T03:42:56.055+0000] GC(230) PSYoungGen: 931840K(931840K)->459040K(931840K) Eden: 465920K(465920K)->0K(465920K) From: 465920K(465920K)->459040K(465920K)
[2025-08-01T03:42:56.055+0000] GC(230) ParOldGen: 489388K(2796544K)->863548K(2796544K)
[2025-08-01T03:42:56.055+0000] GC(230) Metaspace: 10662K(10880K)->10662K(10880K) NonClass: 9396K(9536K)->9396K(9536K) Class: 1265K(1344K)->1265K(1344K)
[2025-08-01T03:42:56.055+0000] GC(230) Pause Young (Allocation Failure) 1387M->1291M(3641M) 196.106ms
[2025-08-01T03:42:56.055+0000] GC(230) User=1.40s Sys=0.08s Real=0.20s
[2025-08-01T03:42:56.141+0000] GC(231) Pause Young (Allocation Failure)
[2025-08-01T03:42:56.275+0000] GC(231) PSYoungGen: 924960K(931840K)->465920K(931840K) Eden: 465920K(465920K)->0K(465920K) From: 459040K(465920K)->465920K(465920K)
[2025-08-01T03:42:56.276+0000] GC(231) ParOldGen: 863548K(2796544K)->1358004K(2796544K)
[2025-08-01T03:42:56.276+0000] GC(231) Metaspace: 10662K(10880K)->10662K(10880K) NonClass: 9396K(9536K)->9396K(9536K) Class: 1265K(1344K)->1265K(1344K)
[2025-08-01T03:42:56.276+0000] GC(231) Pause Young (Allocation Failure) 1746M->1781M(3641M) 134.207ms
[2025-08-01T03:42:56.276+0000] GC(231) User=1.06s Sys=0.00s Real=0.14s
[2025-08-01T03:42:56.362+0000] GC(232) Pause Young (Allocation Failure)
[2025-08-01T03:42:56.438+0000] GC(232) PSYoungGen: 931840K(931840K)->256032K(931840K) Eden: 465920K(465920K)->0K(465920K) From: 465920K(465920K)->256032K(465920K)
[2025-08-01T03:42:56.438+0000] GC(232) ParOldGen: 1358004K(2796544K)->1501780K(2796544K)
[2025-08-01T03:42:56.438+0000] GC(232) Metaspace: 10662K(10880K)->10662K(10880K) NonClass: 9396K(9536K)->9396K(9536K) Class: 1265K(1344K)->1265K(1344K)
[2025-08-01T03:42:56.438+0000] GC(232) Pause Young (Allocation Failure) 2236M->1716M(3641M) 76.615ms
[2025-08-01T03:42:56.438+0000] GC(232) User=0.58s Sys=0.00s Real=0.08s
[2025-08-01T03:42:56.530+0000] GC(233) Pause Young (Allocation Failure)
[2025-08-01T03:42:56.643+0000] GC(233) PSYoungGen: 721952K(931840K)->353024K(931840K) Eden: 465920K(465920K)->0K(465920K) From: 256032K(465920K)->353024K(465920K)
[2025-08-01T03:42:56.643+0000] GC(233) ParOldGen: 1501780K(2796544K)->1643612K(2796544K)
[2025-08-01T03:42:56.643+0000] GC(233) Metaspace: 10662K(10880K)->10662K(10880K) NonClass: 9396K(9536K)->9396K(9536K) Class: 1265K(1344K)->1265K(1344K)
[2025-08-01T03:42:56.643+0000] GC(233) Pause Young (Allocation Failure) 2171M->1949M(3641M) 113.230ms
[2025-08-01T03:42:56.643+0000] GC(233) User=0.83s Sys=0.04s Real=0.12s
[2025-08-01T03:42:56.729+0000] GC(234) Pause Young (Allocation Failure)
[2025-08-01T03:42:56.904+0000] GC(234) PSYoungGen: 818944K(931840K)->465920K(931840K) Eden: 465920K(465920K)->0K(465920K) From: 353024K(465920K)->465920K(465920K)
[2025-08-01T03:42:56.904+0000] GC(234) ParOldGen: 1643612K(2796544K)->2019588K(2796544K)
[2025-08-01T03:42:56.904+0000] GC(234) Metaspace: 10662K(10880K)->10662K(10880K) NonClass: 9396K(9536K)->9396K(9536K) Class: 1265K(1344K)->1265K(1344K)
[2025-08-01T03:42:56.904+0000] GC(234) Pause Young (Allocation Failure) 2404M->2427M(3641M) 174.300ms
[2025-08-01T03:42:56.904+0000] GC(234) User=1.32s Sys=0.04s Real=0.18s
[2025-08-01T03:42:56.995+0000] GC(235) Pause Young (Allocation Failure)
[2025-08-01T03:42:57.162+0000] GC(235) PSYoungGen: 931840K(931840K)->465920K(931840K) Eden: 465920K(465920K)->0K(465920K) From: 465920K(465920K)->465920K(465920K)
[2025-08-01T03:42:57.162+0000] GC(235) ParOldGen: 2019588K(2796544K)->2518916K(2796544K)
[2025-08-01T03:42:57.162+0000] GC(235) Metaspace: 10662K(10880K)->10662K(10880K) NonClass: 9396K(9536K)->9396K(9536K) Class: 1265K(1344K)->1265K(1344K)
[2025-08-01T03:42:57.162+0000] GC(235) Pause Young (Allocation Failure) 2882M->2914M(3641M) 167.273ms
[2025-08-01T03:42:57.162+0000] GC(235) User=1.22s Sys=0.04s Real=0.16s
[2025-08-01T03:42:57.252+0000] GC(236) Pause Full (Ergonomics)
[2025-08-01T03:42:57.252+0000] GC(236) Marking Phase
[2025-08-01T03:42:57.341+0000] GC(236) Marking Phase 88.777ms
[2025-08-01T03:42:57.341+0000] GC(236) Summary Phase
[2025-08-01T03:42:57.341+0000] GC(236) Summary Phase 0.165ms
[2025-08-01T03:42:57.341+0000] GC(236) Adjust Roots
[2025-08-01T03:42:57.343+0000] GC(236) Adjust Roots 1.920ms
[2025-08-01T03:42:57.343+0000] GC(236) Compaction Phase
[2025-08-01T03:42:57.497+0000] GC(236) Compaction Phase 153.929ms
[2025-08-01T03:42:57.497+0000] GC(236) Post Compact
[2025-08-01T03:42:57.520+0000] GC(236) Post Compact 22.585ms
[2025-08-01T03:42:57.520+0000] GC(236) PSYoungGen: 931840K(931840K)->0K(931840K) Eden: 465920K(465920K)->0K(465920K) From: 465920K(465920K)->0K(465920K)
[2025-08-01T03:42:57.520+0000] GC(236) ParOldGen: 2518916K(2796544K)->957670K(2796544K)
[2025-08-01T03:42:57.520+0000] GC(236) Metaspace: 10662K(10880K)->10662K(10880K) NonClass: 9396K(9536K)->9396K(9536K) Class: 1265K(1344K)->1265K(1344K)
[2025-08-01T03:42:57.520+0000] GC(236) Pause Full (Ergonomics) 3369M->935M(3641M) 267.921ms
[2025-08-01T03:42:57.520+0000] GC(236) User=1.86s Sys=0.04s Real=0.27s
[2025-08-01T03:42:57.663+0000] GC(237) Pause Young (Allocation Failure)
[2025-08-01T03:42:57.803+0000] GC(237) PSYoungGen: 465920K(931840K)->367968K(931840K) Eden: 465920K(465920K)->0K(465920K) From: 0K(465920K)->367968K(465920K)
[2025-08-01T03:42:57.803+0000] GC(237) ParOldGen: 957670K(2796544K)->957670K(2796544K)
[2025-08-01T03:42:57.803+0000] GC(237) Metaspace: 10662K(10880K)->10662K(10880K) NonClass: 9396K(9536K)->9396K(9536K) Class: 1265K(1344K)->1265K(1344K)
[2025-08-01T03:42:57.803+0000] GC(237) Pause Young (Allocation Failure) 1390M->1294M(3641M) 140.313ms
[2025-08-01T03:42:57.803+0000] GC(237) User=1.02s Sys=0.05s Real=0.14s
[2025-08-01T03:42:57.902+0000] GC(238) Pause Young (Allocation Failure)
[2025-08-01T03:42:58.086+0000] GC(238) PSYoungGen: 833888K(931840K)->465920K(931840K) Eden: 465920K(465920K)->0K(465920K) From: 367968K(465920K)->465920K(465920K)
[2025-08-01T03:42:58.086+0000] GC(238) ParOldGen: 957670K(2796544K)->1354358K(2796544K)
[2025-08-01T03:42:58.086+0000] GC(238) Metaspace: 10662K(10880K)->10662K(10880K) NonClass: 9396K(9536K)->9396K(9536K) Class: 1265K(1344K)->1265K(1344K)
[2025-08-01T03:42:58.086+0000] GC(238) Pause Young (Allocation Failure) 1749M->1777M(3641M) 184.314ms
[2025-08-01T03:42:58.086+0000] GC(238) User=1.36s Sys=0.07s Real=0.19s
[2025-08-01T03:42:58.174+0000] GC(239) Pause Young (Allocation Failure)
[2025-08-01T03:42:58.320+0000] GC(239) PSYoungGen: 931840K(931840K)->465920K(931840K) Eden: 465920K(465920K)->0K(465920K) From: 465920K(465920K)->465920K(465920K)
[2025-08-01T03:42:58.320+0000] GC(239) ParOldGen: 1354358K(2796544K)->1857518K(2796544K)
[2025-08-01T03:42:58.320+0000] GC(239) Metaspace: 10662K(10880K)->10662K(10880K) NonClass: 9396K(9536K)->9396K(9536K) Class: 1265K(1344K)->1265K(1344K)
[2025-08-01T03:42:58.320+0000] GC(239) Pause Young (Allocation Failure) 2232M->2268M(3641M) 146.458ms
[2025-08-01T03:42:58.320+0000] GC(239) User=1.15s Sys=0.00s Real=0.14s
[2025-08-01T03:42:58.415+0000] GC(240) Pause Young (Allocation Failure)
[2025-08-01T03:42:58.593+0000] GC(240) PSYoungGen: 931840K(931840K)->379040K(931840K) Eden: 465920K(465920K)->0K(465920K) From: 465920K(465920K)->379040K(465920K)
[2025-08-01T03:42:58.594+0000] GC(240) ParOldGen: 1857518K(2796544K)->2097958K(2796544K)
[2025-08-01T03:42:58.594+0000] GC(240) Metaspace: 10662K(10880K)->10662K(10880K) NonClass: 9396K(9536K)->9396K(9536K) Class: 1265K(1344K)->1265K(1344K)
[2025-08-01T03:42:58.594+0000] GC(240) Pause Young (Allocation Failure) 2723M->2418M(3641M) 179.008ms
[2025-08-01T03:42:58.594+0000] GC(240) User=1.33s Sys=0.03s Real=0.18s
[2025-08-01T03:42:58.735+0000] GC(241) Pause Full (Ergonomics)
[2025-08-01T03:42:58.735+0000] GC(241) Marking Phase
[2025-08-01T03:42:58.796+0000] GC(241) Marking Phase 61.429ms
[2025-08-01T03:42:58.796+0000] GC(241) Summary Phase
[2025-08-01T03:42:58.796+0000] GC(241) Summary Phase 0.107ms
[2025-08-01T03:42:58.796+0000] GC(241) Adjust Roots
[2025-08-01T03:42:58.799+0000] GC(241) Adjust Roots 2.914ms
[2025-08-01T03:42:58.799+0000] GC(241) Compaction Phase
[2025-08-01T03:42:58.906+0000] GC(241) Compaction Phase 106.267ms
[2025-08-01T03:42:58.906+0000] GC(241) Post Compact
[2025-08-01T03:42:58.926+0000] GC(241) Post Compact 20.335ms
[2025-08-01T03:42:58.926+0000] GC(241) PSYoungGen: 844960K(931840K)->0K(931840K) Eden: 465920K(465920K)->0K(465920K) From: 379040K(465920K)->0K(465920K)
[2025-08-01T03:42:58.926+0000] GC(241) ParOldGen: 2097958K(2796544K)->510836K(2796544K)
[2025-08-01T03:42:58.926+0000] GC(241) Metaspace: 10662K(10880K)->10662K(10880K) NonClass: 9396K(9536K)->9396K(9536K) Class: 1265K(1344K)->1265K(1344K)
[2025-08-01T03:42:58.926+0000] GC(241) Pause Full (Ergonomics) 2873M->498M(3641M) 191.510ms
[2025-08-01T03:42:58.926+0000] GC(241) User=1.21s Sys=0.06s Real=0.19s
[2025-08-01T03:42:59.015+0000] GC(242) Pause Young (Allocation Failure)
[2025-08-01T03:42:59.107+0000] GC(242) PSYoungGen: 465920K(931840K)->465920K(931840K) Eden: 465920K(465920K)->0K(465920K) From: 0K(465920K)->465920K(465920K)
[2025-08-01T03:42:59.108+0000] GC(242) ParOldGen: 510836K(2796544K)->519604K(2796544K)
[2025-08-01T03:42:59.108+0000] GC(242) Metaspace: 10662K(10880K)->10662K(10880K) NonClass: 9396K(9536K)->9396K(9536K) Class: 1265K(1344K)->1265K(1344K)
[2025-08-01T03:42:59.108+0000] GC(242) Pause Young (Allocation Failure) 953M->962M(3641M) 92.784ms
[2025-08-01T03:42:59.108+0000] GC(242) User=0.70s Sys=0.03s Real=0.09s
[2025-08-01T03:42:59.192+0000] GC(243) Pause Young (Allocation Failure)
[2025-08-01T03:42:59.344+0000] GC(243) PSYoungGen: 931840K(931840K)->465920K(931840K) Eden: 465920K(465920K)->0K(465920K) From: 465920K(465920K)->465920K(465920K)
[2025-08-01T03:42:59.344+0000] GC(243) ParOldGen: 519604K(2796544K)->1021860K(2796544K)
[2025-08-01T03:42:59.344+0000] GC(243) Metaspace: 10662K(10880K)->10662K(10880K) NonClass: 9396K(9536K)->9396K(9536K) Class: 1265K(1344K)->1265K(1344K)
[2025-08-01T03:42:59.344+0000] GC(243) Pause Young (Allocation Failure) 1417M->1452M(3641M) 152.061ms
[2025-08-01T03:42:59.344+0000] GC(243) User=1.19s Sys=0.02s Real=0.16s
[2025-08-01T03:42:59.433+0000] GC(244) Pause Young (Allocation Failure)
[2025-08-01T03:42:59.547+0000] GC(244) PSYoungGen: 931840K(931840K)->283200K(931840K) Eden: 465920K(465920K)->0K(465920K) From: 465920K(465920K)->283200K(465920K)
[2025-08-01T03:42:59.547+0000] GC(244) ParOldGen: 1021860K(2796544K)->1143780K(2796544K)
[2025-08-01T03:42:59.547+0000] GC(244) Metaspace: 10662K(10880K)->10662K(10880K) NonClass: 9396K(9536K)->9396K(9536K) Class: 1265K(1344K)->1265K(1344K)
[2025-08-01T03:42:59.547+0000] GC(244) Pause Young (Allocation Failure) 1907M->1393M(3641M) 114.884ms
[2025-08-01T03:42:59.548+0000] GC(244) User=0.81s Sys=0.04s Real=0.12s
[2025-08-01T03:42:59.639+0000] GC(245) Pause Young (Allocation Failure)
[2025-08-01T03:42:59.832+0000] GC(245) PSYoungGen: 749120K(931840K)->465920K(931840K) Eden: 465920K(465920K)->0K(465920K) From: 283200K(465920K)->465920K(465920K)
[2025-08-01T03:42:59.832+0000] GC(245) ParOldGen: 1143780K(2796544K)->1450916K(2796544K)
[2025-08-01T03:42:59.832+0000] GC(245) Metaspace: 10662K(10880K)->10662K(10880K) NonClass: 9396K(9536K)->9396K(9536K) Class: 1265K(1344K)->1265K(1344K)
[2025-08-01T03:42:59.832+0000] GC(245) Pause Young (Allocation Failure) 1848M->1871M(3641M) 192.555ms
[2025-08-01T03:42:59.832+0000] GC(245) User=1.37s Sys=0.10s Real=0.19s
[2025-08-01T03:42:59.917+0000] GC(246) Pause Young (Allocation Failure)
[2025-08-01T03:43:00.064+0000] GC(246) PSYoungGen: 931840K(931840K)->465920K(931840K) Eden: 465920K(465920K)->0K(465920K) From: 465920K(465920K)->465920K(465920K)
[2025-08-01T03:43:00.064+0000] GC(246) ParOldGen: 1450916K(2796544K)->1819548K(2796544K)
[2025-08-01T03:43:00.064+0000] GC(246) Metaspace: 10662K(10880K)->10662K(10880K) NonClass: 9396K(9536K)->9396K(9536K) Class: 1265K(1344K)->1265K(1344K)
[2025-08-01T03:43:00.064+0000] GC(246) Pause Young (Allocation Failure) 2326M->2231M(3641M) 147.313ms
[2025-08-01T03:43:00.064+0000] GC(246) User=1.10s Sys=0.03s Real=0.15s
[2025-08-01T03:43:00.149+0000] GC(247) Pause Young (Allocation Failure)
[2025-08-01T03:43:00.304+0000] GC(247) PSYoungGen: 931840K(931840K)->465920K(931840K) Eden: 465920K(465920K)->0K(465920K) From: 465920K(465920K)->465920K(465920K)
[2025-08-01T03:43:00.304+0000] GC(247) ParOldGen: 1819548K(2796544K)->2316188K(2796544K)
[2025-08-01T03:43:00.304+0000] GC(247) Metaspace: 10662K(10880K)->10662K(10880K) NonClass: 9396K(9536K)->9396K(9536K) Class: 1265K(1344K)->1265K(1344K)
[2025-08-01T03:43:00.304+0000] GC(247) Pause Young (Allocation Failure) 2686M->2716M(3641M) 155.189ms
[2025-08-01T03:43:00.304+0000] GC(247) User=1.13s Sys=0.03s Real=0.16s
[2025-08-01T03:43:00.391+0000] GC(248) Pause Full (Ergonomics)
[2025-08-01T03:43:00.391+0000] GC(248) Marking Phase
[2025-08-01T03:43:00.428+0000] GC(248) Marking Phase 37.320ms
[2025-08-01T03:43:00.428+0000] GC(248) Summary Phase
[2025-08-01T03:43:00.428+0000] GC(248) Summary Phase 0.066ms
[2025-08-01T03:43:00.428+0000] GC(248) Adjust Roots
[2025-08-01T03:43:00.431+0000] GC(248) Adjust Roots 2.982ms
[2025-08-01T03:43:00.431+0000] GC(248) Compaction Phase
[2025-08-01T03:43:00.512+0000] GC(248) Compaction Phase 80.235ms
[2025-08-01T03:43:00.512+0000] GC(248) Post Compact
[2025-08-01T03:43:00.534+0000] GC(248) Post Compact 22.109ms
[2025-08-01T03:43:00.534+0000] GC(248) PSYoungGen: 931840K(931840K)->0K(931840K) Eden: 465920K(465920K)->0K(465920K) From: 465920K(465920K)->0K(465920K)
[2025-08-01T03:43:00.534+0000] GC(248) ParOldGen: 2316188K(2796544K)->528177K(2796544K)
[2025-08-01T03:43:00.534+0000] GC(248) Metaspace: 10662K(10880K)->10662K(10880K) NonClass: 9396K(9536K)->9396K(9536K) Class: 1265K(1344K)->1265K(1344K)
[2025-08-01T03:43:00.534+0000] GC(248) Pause Full (Ergonomics) 3171M->515M(3641M) 143.180ms
[2025-08-01T03:43:00.534+0000] GC(248) User=0.90s Sys=0.01s Real=0.15s
[2025-08-01T03:43:00.622+0000] GC(249) Pause Young (Allocation Failure)
[2025-08-01T03:43:00.708+0000] GC(249) PSYoungGen: 465920K(931840K)->465920K(931840K) Eden: 465920K(465920K)->0K(465920K) From: 0K(465920K)->465920K(465920K)
[2025-08-01T03:43:00.708+0000] GC(249) ParOldGen: 528177K(2796544K)->536001K(2796544K)
[2025-08-01T03:43:00.708+0000] GC(249) Metaspace: 10662K(10880K)->10662K(10880K) NonClass: 9396K(9536K)->9396K(9536K) Class: 1265K(1344K)->1265K(1344K)
[2025-08-01T03:43:00.708+0000] GC(249) Pause Young (Allocation Failure) 970M->978M(3641M) 85.740ms
[2025-08-01T03:43:00.708+0000] GC(249) User=0.65s Sys=0.02s Real=0.09s
[2025-08-01T03:43:00.797+0000] GC(250) Pause Young (Allocation Failure)
[2025-08-01T03:43:00.961+0000] GC(250) PSYoungGen: 931840K(931840K)->460512K(931840K) Eden: 465920K(465920K)->0K(465920K) From: 465920K(465920K)->460512K(465920K)
[2025-08-01T03:43:00.961+0000] GC(250) ParOldGen: 536001K(2796544K)->900849K(2796544K)
[2025-08-01T03:43:00.961+0000] GC(250) Metaspace: 10662K(10880K)->10662K(10880K) NonClass: 9396K(9536K)->9396K(9536K) Class: 1265K(1344K)->1265K(1344K)
[2025-08-01T03:43:00.961+0000] GC(250) Pause Young (Allocation Failure) 1433M->1329M(3641M) 164.191ms
[2025-08-01T03:43:00.961+0000] GC(250) User=1.21s Sys=0.04s Real=0.16s
[2025-08-01T03:43:01.049+0000] GC(251) Pause Young (Allocation Failure)
[2025-08-01T03:43:01.184+0000] GC(251) PSYoungGen: 926432K(931840K)->355712K(931840K) Eden: 465920K(465920K)->0K(465920K) From: 460512K(465920K)->355712K(465920K)
[2025-08-01T03:43:01.184+0000] GC(251) ParOldGen: 900849K(2796544K)->1247993K(2796544K)
[2025-08-01T03:43:01.184+0000] GC(251) Metaspace: 10662K(10880K)->10662K(10880K) NonClass: 9396K(9536K)->9396K(9536K) Class: 1265K(1344K)->1265K(1344K)
[2025-08-01T03:43:01.184+0000] GC(251) Pause Young (Allocation Failure) 1784M->1566M(3641M) 134.602ms
[2025-08-01T03:43:01.184+0000] GC(251) User=0.99s Sys=0.06s Real=0.14s
[2025-08-01T03:43:01.269+0000] GC(252) Pause Young (Allocation Failure)
[2025-08-01T03:43:01.360+0000] GC(252) PSYoungGen: 821632K(931840K)->282944K(931840K) Eden: 465920K(465920K)->0K(465920K) From: 355712K(465920K)->282944K(465920K)
[2025-08-01T03:43:01.360+0000] GC(252) ParOldGen: 1247993K(2796544K)->1409241K(2796544K)
[2025-08-01T03:43:01.360+0000] GC(252) Metaspace: 10662K(10880K)->10662K(10880K) NonClass: 9396K(9536K)->9396K(9536K) Class: 1265K(1344K)->1265K(1344K)
[2025-08-01T03:43:01.360+0000] GC(252) Pause Young (Allocation Failure) 2021M->1652M(3641M) 91.281ms
[2025-08-01T03:43:01.360+0000] GC(252) User=0.68s Sys=0.02s Real=0.09s
[2025-08-01T03:43:01.449+0000] GC(253) Pause Young (Allocation Failure)
[2025-08-01T03:43:01.563+0000] GC(253) PSYoungGen: 748864K(931840K)->380256K(931840K) Eden: 465920K(465920K)->0K(465920K) From: 282944K(465920K)->380256K(465920K)
[2025-08-01T03:43:01.563+0000] GC(253) ParOldGen: 1409241K(2796544K)->1570825K(2796544K)
[2025-08-01T03:43:01.563+0000] GC(253) Metaspace: 10662K(10880K)->10662K(10880K) NonClass: 9396K(9536K)->9396K(9536K) Class: 1265K(1344K)->1265K(1344K)
[2025-08-01T03:43:01.563+0000] GC(253) Pause Young (Allocation Failure) 2107M->1905M(3641M) 113.928ms
[2025-08-01T03:43:01.563+0000] GC(253) User=0.81s Sys=0.06s Real=0.12s
[2025-08-01T03:43:01.652+0000] GC(254) Pause Young (Allocation Failure)
[2025-08-01T03:43:01.792+0000] GC(254) PSYoungGen: 846176K(931840K)->465920K(931840K) Eden: 465920K(465920K)->0K(465920K) From: 380256K(465920K)->465920K(465920K)
[2025-08-01T03:43:01.792+0000] GC(254) ParOldGen: 1570825K(2796544K)->1980425K(2796544K)
[2025-08-01T03:43:01.792+0000] GC(254) Metaspace: 10662K(10880K)->10662K(10880K) NonClass: 9396K(9536K)->9396K(9536K) Class: 1265K(1344K)->1265K(1344K)
[2025-08-01T03:43:01.792+0000] GC(254) Pause Young (Allocation Failure) 2360M->2389M(3641M) 140.546ms
[2025-08-01T03:43:01.792+0000] GC(254) User=1.09s Sys=0.02s Real=0.14s
[2025-08-01T03:43:01.888+0000] GC(255) Pause Young (Allocation Failure)
[2025-08-01T03:43:02.056+0000] GC(255) PSYoungGen: 931840K(931840K)->360160K(931840K) Eden: 465920K(465920K)->0K(465920K) From: 465920K(465920K)->360160K(465920K)
[2025-08-01T03:43:02.056+0000] GC(255) ParOldGen: 1980425K(2796544K)->2342249K(2796544K)
[2025-08-01T03:43:02.056+0000] GC(255) Metaspace: 10662K(10880K)->10662K(10880K) NonClass: 9396K(9536K)->9396K(9536K) Class: 1265K(1344K)->1265K(1344K)
[2025-08-01T03:43:02.056+0000] GC(255) Pause Young (Allocation Failure) 2844M->2639M(3641M) 167.431ms
[2025-08-01T03:43:02.056+0000] GC(255) User=1.25s Sys=0.06s Real=0.17s
[2025-08-01T03:43:02.149+0000] GC(256) Pause Full (Ergonomics)
[2025-08-01T03:43:02.149+0000] GC(256) Marking Phase
[2025-08-01T03:43:02.214+0000] GC(256) Marking Phase 64.238ms
[2025-08-01T03:43:02.214+0000] GC(256) Summary Phase
[2025-08-01T03:43:02.214+0000] GC(256) Summary Phase 0.125ms
[2025-08-01T03:43:02.214+0000] GC(256) Adjust Roots
[2025-08-01T03:43:02.216+0000] GC(256) Adjust Roots 2.063ms
[2025-08-01T03:43:02.216+0000] GC(256) Compaction Phase
[2025-08-01T03:43:02.313+0000] GC(256) Compaction Phase 96.636ms
[2025-08-01T03:43:02.313+0000] GC(256) Post Compact
[2025-08-01T03:43:02.333+0000] GC(256) Post Compact 20.054ms
[2025-08-01T03:43:02.333+0000] GC(256) PSYoungGen: 826080K(931840K)->0K(931840K) Eden: 465920K(465920K)->0K(465920K) From: 360160K(465920K)->0K(465920K)
[2025-08-01T03:43:02.333+0000] GC(256) ParOldGen: 2342249K(2796544K)->541692K(2796544K)
[2025-08-01T03:43:02.333+0000] GC(256) Metaspace: 10662K(10880K)->10662K(10880K) NonClass: 9396K(9536K)->9396K(9536K) Class: 1265K(1344K)->1265K(1344K)
[2025-08-01T03:43:02.333+0000] GC(256) Pause Full (Ergonomics) 3094M->528M(3641M) 183.508ms
[2025-08-01T03:43:02.333+0000] GC(256) User=1.16s Sys=0.02s Real=0.18s
[2025-08-01T03:43:02.418+0000] GC(257) Pause Young (Allocation Failure)
[2025-08-01T03:43:02.498+0000] GC(257) PSYoungGen: 465920K(931840K)->377408K(931840K) Eden: 465920K(465920K)->0K(465920K) From: 0K(465920K)->377408K(465920K)
[2025-08-01T03:43:02.498+0000] GC(257) ParOldGen: 541692K(2796544K)->541692K(2796544K)
[2025-08-01T03:43:02.498+0000] GC(257) Metaspace: 10662K(10880K)->10662K(10880K) NonClass: 9396K(9536K)->9396K(9536K) Class: 1265K(1344K)->1265K(1344K)
[2025-08-01T03:43:02.498+0000] GC(257) Pause Young (Allocation Failure) 983M->897M(3641M) 80.047ms
[2025-08-01T03:43:02.498+0000] GC(257) User=0.57s Sys=0.02s Real=0.08s
[2025-08-01T03:43:02.589+0000] GC(258) Pause Young (Allocation Failure)
[2025-08-01T03:43:02.753+0000] GC(258) PSYoungGen: 843328K(931840K)->465920K(931840K) Eden: 465920K(465920K)->0K(465920K) From: 377408K(465920K)->465920K(465920K)
[2025-08-01T03:43:02.753+0000] GC(258) ParOldGen: 541692K(2796544K)->949556K(2796544K)
[2025-08-01T03:43:02.753+0000] GC(258) Metaspace: 10662K(10880K)->10662K(10880K) NonClass: 9396K(9536K)->9396K(9536K) Class: 1265K(1344K)->1265K(1344K)
[2025-08-01T03:43:02.753+0000] GC(258) Pause Young (Allocation Failure) 1352M->1382M(3641M) 163.909ms
[2025-08-01T03:43:02.753+0000] GC(258) User=1.23s Sys=0.04s Real=0.17s
[2025-08-01T03:43:02.845+0000] GC(259) Pause Young (Allocation Failure)
[2025-08-01T03:43:03.012+0000] GC(259) PSYoungGen: 931840K(931840K)->411360K(931840K) Eden: 465920K(465920K)->0K(465920K) From: 465920K(465920K)->411360K(465920K)
[2025-08-01T03:43:03.012+0000] GC(259) ParOldGen: 949556K(2796544K)->1314932K(2796544K)
[2025-08-01T03:43:03.012+0000] GC(259) Metaspace: 10662K(10880K)->10662K(10880K) NonClass: 9396K(9536K)->9396K(9536K) Class: 1265K(1344K)->1265K(1344K)
[2025-08-01T03:43:03.012+0000] GC(259) Pause Young (Allocation Failure) 1837M->1685M(3641M) 167.286ms
[2025-08-01T03:43:03.012+0000] GC(259) User=1.19s Sys=0.07s Real=0.16s
[2025-08-01T03:43:03.104+0000] GC(260) Pause Young (Allocation Failure)
[2025-08-01T03:43:03.207+0000] GC(260) PSYoungGen: 877280K(931840K)->359840K(931840K) Eden: 465920K(465920K)->0K(465920K) From: 411360K(465920K)->359840K(465920K)
[2025-08-01T03:43:03.207+0000] GC(260) ParOldGen: 1314932K(2796544K)->1619228K(2796544K)
[2025-08-01T03:43:03.207+0000] GC(260) Metaspace: 10662K(10880K)->10662K(10880K) NonClass: 9396K(9536K)->9396K(9536K) Class: 1265K(1344K)->1265K(1344K)
[2025-08-01T03:43:03.207+0000] GC(260) Pause Young (Allocation Failure) 2140M->1932M(3641M) 103.681ms
[2025-08-01T03:43:03.207+0000] GC(260) User=0.82s Sys=0.00s Real=0.10s
[2025-08-01T03:43:03.293+0000] GC(261) Pause Young (Allocation Failure)
[2025-08-01T03:43:03.424+0000] GC(261) PSYoungGen: 825760K(931840K)->364832K(931840K) Eden: 465920K(465920K)->0K(465920K) From: 359840K(465920K)->364832K(465920K)
[2025-08-01T03:43:03.424+0000] GC(261) ParOldGen: 1619228K(2796544K)->1742740K(2796544K)
[2025-08-01T03:43:03.424+0000] GC(261) Metaspace: 10662K(10880K)->10662K(10880K) NonClass: 9396K(9536K)->9396K(9536K) Class: 1265K(1344K)->1265K(1344K)
[2025-08-01T03:43:03.424+0000] GC(261) Pause Young (Allocation Failure) 2387M->2058M(3641M) 131.852ms
[2025-08-01T03:43:03.424+0000] GC(261) User=0.90s Sys=0.08s Real=0.14s
[2025-08-01T03:43:03.514+0000] GC(262) Pause Young (Allocation Failure)
[2025-08-01T03:43:03.722+0000] GC(262) PSYoungGen: 830752K(931840K)->465920K(931840K) Eden: 465920K(465920K)->0K(465920K) From: 364832K(465920K)->465920K(465920K)
[2025-08-01T03:43:03.722+0000] GC(262) ParOldGen: 1742740K(2796544K)->2135116K(2796544K)
[2025-08-01T03:43:03.722+0000] GC(262) Metaspace: 10662K(10880K)->10662K(10880K) NonClass: 9396K(9536K)->9396K(9536K) Class: 1265K(1344K)->1265K(1344K)
[2025-08-01T03:43:03.722+0000] GC(262) Pause Young (Allocation Failure) 2513M->2540M(3641M) 207.637ms
[2025-08-01T03:43:03.722+0000] GC(262) User=1.54s Sys=0.07s Real=0.20s
[2025-08-01T03:43:03.815+0000] GC(263) Pause Young (Allocation Failure)
[2025-08-01T03:43:03.993+0000] GC(263) PSYoungGen: 931840K(931840K)->406272K(931840K) Eden: 465920K(465920K)->0K(465920K) From: 465920K(465920K)->406272K(465920K)
[2025-08-01T03:43:03.993+0000] GC(263) ParOldGen: 2135116K(2796544K)->2501180K(2796544K)
[2025-08-01T03:43:03.993+0000] GC(263) Metaspace: 10662K(10880K)->10662K(10880K) NonClass: 9396K(9536K)->9396K(9536K) Class: 1265K(1344K)->1265K(1344K)
[2025-08-01T03:43:03.993+0000] GC(263) Pause Young (Allocation Failure) 2995M->2839M(3641M) 177.258ms
[2025-08-01T03:43:03.993+0000] GC(263) User=1.27s Sys=0.08s Real=0.17s
[2025-08-01T03:43:04.083+0000] GC(264) Pause Full (Ergonomics)
[2025-08-01T03:43:04.083+0000] GC(264) Marking Phase
[2025-08-01T03:43:04.188+0000] GC(264) Marking Phase 104.230ms
[2025-08-01T03:43:04.188+0000] GC(264) Summary Phase
[2025-08-01T03:43:04.188+0000] GC(264) Summary Phase 0.104ms
[2025-08-01T03:43:04.188+0000] GC(264) Adjust Roots
[2025-08-01T03:43:04.189+0000] GC(264) Adjust Roots 1.513ms
[2025-08-01T03:43:04.189+0000] GC(264) Compaction Phase
[2025-08-01T03:43:04.359+0000] GC(264) Compaction Phase 169.666ms
[2025-08-01T03:43:04.359+0000] GC(264) Post Compact
[2025-08-01T03:43:04.381+0000] GC(264) Post Compact 21.749ms
[2025-08-01T03:43:04.381+0000] GC(264) PSYoungGen: 872192K(931840K)->0K(931840K) Eden: 465920K(465920K)->0K(465920K) From: 406272K(465920K)->0K(465920K)
[2025-08-01T03:43:04.381+0000] GC(264) ParOldGen: 2501180K(2796544K)->1019132K(2796544K)
[2025-08-01T03:43:04.381+0000] GC(264) Metaspace: 10662K(10880K)->10662K(10880K) NonClass: 9396K(9536K)->9396K(9536K) Class: 1265K(1344K)->1265K(1344K)
[2025-08-01T03:43:04.381+0000] GC(264) Pause Full (Ergonomics) 3294M->995M(3641M) 297.679ms
[2025-08-01T03:43:04.381+0000] GC(264) User=2.07s Sys=0.06s Real=0.29s
[2025-08-01T03:43:04.468+0000] GC(265) Pause Young (Allocation Failure)
[2025-08-01T03:43:04.573+0000] GC(265) PSYoungGen: 465920K(931840K)->365952K(931840K) Eden: 465920K(465920K)->0K(465920K) From: 0K(465920K)->365952K(465920K)
[2025-08-01T03:43:04.573+0000] GC(265) ParOldGen: 1019132K(2796544K)->1019132K(2796544K)
[2025-08-01T03:43:04.573+0000] GC(265) Metaspace: 10662K(10880K)->10662K(10880K) NonClass: 9396K(9536K)->9396K(9536K) Class: 1265K(1344K)->1265K(1344K)
[2025-08-01T03:43:04.573+0000] GC(265) Pause Young (Allocation Failure) 1450M->1352M(3641M) 105.221ms
[2025-08-01T03:43:04.573+0000] GC(265) User=0.76s Sys=0.06s Real=0.10s
[2025-08-01T03:43:04.664+0000] GC(266) Pause Young (Allocation Failure)
[2025-08-01T03:43:04.818+0000] GC(266) PSYoungGen: 831872K(931840K)->465920K(931840K) Eden: 465920K(465920K)->0K(465920K) From: 365952K(465920K)->465920K(465920K)
[2025-08-01T03:43:04.818+0000] GC(266) ParOldGen: 1019132K(2796544K)->1414716K(2796544K)
[2025-08-01T03:43:04.818+0000] GC(266) Metaspace: 10662K(10880K)->10662K(10880K) NonClass: 9396K(9536K)->9396K(9536K) Class: 1265K(1344K)->1265K(1344K)
[2025-08-01T03:43:04.818+0000] GC(266) Pause Young (Allocation Failure) 1807M->1836M(3641M) 154.607ms
[2025-08-01T03:43:04.818+0000] GC(266) User=1.18s Sys=0.02s Real=0.15s
[2025-08-01T03:43:04.908+0000] GC(267) Pause Young (Allocation Failure)
[2025-08-01T03:43:05.121+0000] GC(267) PSYoungGen: 931840K(931840K)->407712K(931840K) Eden: 465920K(465920K)->0K(465920K) From: 465920K(465920K)->407712K(465920K)
[2025-08-01T03:43:05.122+0000] GC(267) ParOldGen: 1414716K(2796544K)->1779508K(2796544K)
[2025-08-01T03:43:05.122+0000] GC(267) Metaspace: 10662K(10880K)->10662K(10880K) NonClass: 9396K(9536K)->9396K(9536K) Class: 1265K(1344K)->1265K(1344K)
[2025-08-01T03:43:05.122+0000] GC(267) Pause Young (Allocation Failure) 2291M->2135M(3641M) 213.579ms
[2025-08-01T03:43:05.122+0000] GC(267) User=1.61s Sys=0.06s Real=0.21s
[2025-08-01T03:43:05.212+0000] GC(268) Pause Young (Allocation Failure)
[2025-08-01T03:43:05.328+0000] GC(268) PSYoungGen: 873632K(931840K)->375584K(931840K) Eden: 465920K(465920K)->0K(465920K) From: 407712K(465920K)->375584K(465920K)
[2025-08-01T03:43:05.328+0000] GC(268) ParOldGen: 1779508K(2796544K)->2082004K(2796544K)
[2025-08-01T03:43:05.328+0000] GC(268) Metaspace: 10662K(10880K)->10662K(10880K) NonClass: 9396K(9536K)->9396K(9536K) Class: 1265K(1344K)->1265K(1344K)
[2025-08-01T03:43:05.328+0000] GC(268) Pause Young (Allocation Failure) 2590M->2399M(3641M) 116.695ms
[2025-08-01T03:43:05.328+0000] GC(268) User=0.90s Sys=0.02s Real=0.12s
[2025-08-01T03:43:05.416+0000] GC(269) Pause Young (Allocation Failure)
[2025-08-01T03:43:05.557+0000] GC(269) PSYoungGen: 841504K(931840K)->370848K(931840K) Eden: 465920K(465920K)->0K(465920K) From: 375584K(465920K)->370848K(465920K)
[2025-08-01T03:43:05.557+0000] GC(269) ParOldGen: 2082004K(2796544K)->2223452K(2796544K)
[2025-08-01T03:43:05.557+0000] GC(269) Metaspace: 10662K(10880K)->10662K(10880K) NonClass: 9396K(9536K)->9396K(9536K) Class: 1265K(1344K)->1265K(1344K)
[2025-08-01T03:43:05.557+0000] GC(269) Pause Young (Allocation Failure) 2854M->2533M(3641M) 141.796ms
[2025-08-01T03:43:05.557+0000] GC(269) User=0.87s Sys=0.14s Real=0.14s
[2025-08-01T03:43:05.646+0000] GC(270) Pause Full (Ergonomics)
[2025-08-01T03:43:05.646+0000] GC(270) Marking Phase
[2025-08-01T03:43:05.750+0000] GC(270) Marking Phase 103.633ms
[2025-08-01T03:43:05.750+0000] GC(270) Summary Phase
[2025-08-01T03:43:05.750+0000] GC(270) Summary Phase 0.103ms
[2025-08-01T03:43:05.750+0000] GC(270) Adjust Roots
[2025-08-01T03:43:05.752+0000] GC(270) Adjust Roots 2.219ms
[2025-08-01T03:43:05.752+0000] GC(270) Compaction Phase
[2025-08-01T03:43:05.934+0000] GC(270) Compaction Phase 181.836ms
[2025-08-01T03:43:05.934+0000] GC(270) Post Compact
[2025-08-01T03:43:05.953+0000] GC(270) Post Compact 18.692ms
[2025-08-01T03:43:05.953+0000] GC(270) PSYoungGen: 836768K(931840K)->0K(931840K) Eden: 465920K(465920K)->0K(465920K) From: 370848K(465920K)->0K(465920K)
[2025-08-01T03:43:05.953+0000] GC(270) ParOldGen: 2223452K(2796544K)->1027721K(2796544K)
[2025-08-01T03:43:05.953+0000] GC(270) Metaspace: 10662K(10880K)->10662K(10880K) NonClass: 9396K(9536K)->9396K(9536K) Class: 1265K(1344K)->1265K(1344K)
[2025-08-01T03:43:05.953+0000] GC(270) Pause Full (Ergonomics) 2988M->1003M(3641M) 306.930ms
[2025-08-01T03:43:05.953+0000] GC(270) User=2.05s Sys=0.07s Real=0.30s
[2025-08-01T03:43:06.043+0000] GC(271) Pause Young (Allocation Failure)
[2025-08-01T03:43:06.141+0000] GC(271) PSYoungGen: 465920K(931840K)->397952K(931840K) Eden: 465920K(465920K)->0K(465920K) From: 0K(465920K)->397952K(465920K)
[2025-08-01T03:43:06.141+0000] GC(271) ParOldGen: 1027721K(2796544K)->1027721K(2796544K)
[2025-08-01T03:43:06.141+0000] GC(271) Metaspace: 10662K(10880K)->10662K(10880K) NonClass: 9396K(9536K)->9396K(9536K) Class: 1265K(1344K)->1265K(1344K)
[2025-08-01T03:43:06.141+0000] GC(271) Pause Young (Allocation Failure) 1458M->1392M(3641M) 98.109ms
[2025-08-01T03:43:06.141+0000] GC(271) User=0.71s Sys=0.04s Real=0.09s
[2025-08-01T03:43:06.235+0000] GC(272) Pause Young (Allocation Failure)
[2025-08-01T03:43:06.425+0000] GC(272) PSYoungGen: 863872K(931840K)->363808K(931840K) Eden: 465920K(465920K)->0K(465920K) From: 397952K(465920K)->363808K(465920K)
[2025-08-01T03:43:06.426+0000] GC(272) ParOldGen: 1027721K(2796544K)->1322633K(2796544K)
[2025-08-01T03:43:06.426+0000] GC(272) Metaspace: 10662K(10880K)->10662K(10880K) NonClass: 9396K(9536K)->9396K(9536K) Class: 1265K(1344K)->1265K(1344K)
[2025-08-01T03:43:06.426+0000] GC(272) Pause Young (Allocation Failure) 1847M->1646M(3641M) 190.584ms
[2025-08-01T03:43:06.426+0000] GC(272) User=1.42s Sys=0.05s Real=0.19s
[2025-08-01T03:43:06.515+0000] GC(273) Pause Young (Allocation Failure)
[2025-08-01T03:43:06.647+0000] GC(273) PSYoungGen: 829728K(931840K)->407136K(931840K) Eden: 465920K(465920K)->0K(465920K) From: 363808K(465920K)->407136K(465920K)
[2025-08-01T03:43:06.647+0000] GC(273) ParOldGen: 1322633K(2796544K)->1437865K(2796544K)
[2025-08-01T03:43:06.647+0000] GC(273) Metaspace: 10662K(10880K)->10662K(10880K) NonClass: 9396K(9536K)->9396K(9536K) Class: 1265K(1344K)->1265K(1344K)
[2025-08-01T03:43:06.647+0000] GC(273) Pause Young (Allocation Failure) 2101M->1801M(3641M) 131.782ms
[2025-08-01T03:43:06.647+0000] GC(273) User=0.89s Sys=0.07s Real=0.13s
[2025-08-01T03:43:06.734+0000] GC(274) Pause Young (Allocation Failure)
[2025-08-01T03:43:06.891+0000] GC(274) PSYoungGen: 873056K(931840K)->465920K(931840K) Eden: 465920K(465920K)->0K(465920K) From: 407136K(465920K)->465920K(465920K)
[2025-08-01T03:43:06.892+0000] GC(274) ParOldGen: 1437865K(2796544K)->1873481K(2796544K)
[2025-08-01T03:43:06.892+0000] GC(274) Metaspace: 10662K(10880K)->10662K(10880K) NonClass: 9396K(9536K)->9396K(9536K) Class: 1265K(1344K)->1265K(1344K)
[2025-08-01T03:43:06.892+0000] GC(274) Pause Young (Allocation Failure) 2256M->2284M(3641M) 157.674ms
[2025-08-01T03:43:06.892+0000] GC(274) User=1.20s Sys=0.02s Real=0.15s
[2025-08-01T03:43:06.976+0000] GC(275) Pause Young (Allocation Failure)
[2025-08-01T03:43:07.169+0000] GC(275) PSYoungGen: 931840K(931840K)->378432K(931840K) Eden: 465920K(465920K)->0K(465920K) From: 465920K(465920K)->378432K(465920K)
[2025-08-01T03:43:07.169+0000] GC(275) ParOldGen: 1873481K(2796544K)->2249305K(2796544K)
[2025-08-01T03:43:07.169+0000] GC(275) Metaspace: 10662K(10880K)->10662K(10880K) NonClass: 9396K(9536K)->9396K(9536K) Class: 1265K(1344K)->1265K(1344K)
[2025-08-01T03:43:07.169+0000] GC(275) Pause Young (Allocation Failure) 2739M->2566M(3641M) 193.085ms
[2025-08-01T03:43:07.169+0000] GC(275) User=1.42s Sys=0.04s Real=0.19s
[2025-08-01T03:43:07.262+0000] GC(276) Pause Full (Ergonomics)
[2025-08-01T03:43:07.262+0000] GC(276) Marking Phase
[2025-08-01T03:43:07.381+0000] GC(276) Marking Phase 118.939ms
[2025-08-01T03:43:07.382+0000] GC(276) Summary Phase
[2025-08-01T03:43:07.382+0000] GC(276) Summary Phase 0.112ms
[2025-08-01T03:43:07.382+0000] GC(276) Adjust Roots
[2025-08-01T03:43:07.384+0000] GC(276) Adjust Roots 2.581ms
[2025-08-01T03:43:07.384+0000] GC(276) Compaction Phase
[2025-08-01T03:43:07.574+0000] GC(276) Compaction Phase 189.253ms
[2025-08-01T03:43:07.574+0000] GC(276) Post Compact
[2025-08-01T03:43:07.595+0000] GC(276) Post Compact 21.152ms
[2025-08-01T03:43:07.595+0000] GC(276) PSYoungGen: 844352K(931840K)->0K(931840K) Eden: 465920K(465920K)->0K(465920K) From: 378432K(465920K)->0K(465920K)
[2025-08-01T03:43:07.595+0000] GC(276) ParOldGen: 2249305K(2796544K)->1039417K(2796544K)
[2025-08-01T03:43:07.595+0000] GC(276) Metaspace: 10662K(10880K)->10662K(10880K) NonClass: 9396K(9536K)->9396K(9536K) Class: 1265K(1344K)->1265K(1344K)
[2025-08-01T03:43:07.595+0000] GC(276) Pause Full (Ergonomics) 3021M->1015M(3641M) 332.524ms
[2025-08-01T03:43:07.595+0000] GC(276) User=2.32s Sys=0.06s Real=0.34s
[2025-08-01T03:43:07.696+0000] GC(277) Pause Young (Allocation Failure)
[2025-08-01T03:43:07.821+0000] GC(277) PSYoungGen: 465920K(931840K)->412992K(931840K) Eden: 465920K(465920K)->0K(465920K) From: 0K(465920K)->412992K(465920K)
[2025-08-01T03:43:07.821+0000] GC(277) ParOldGen: 1039417K(2796544K)->1039417K(2796544K)
[2025-08-01T03:43:07.821+0000] GC(277) Metaspace: 10662K(10880K)->10662K(10880K) NonClass: 9396K(9536K)->9396K(9536K) Class: 1265K(1344K)->1265K(1344K)
[2025-08-01T03:43:07.821+0000] GC(277) Pause Young (Allocation Failure) 1470M->1418M(3641M) 124.430ms
[2025-08-01T03:43:07.821+0000] GC(277) User=0.94s Sys=0.02s Real=0.12s
[2025-08-01T03:43:07.910+0000] GC(278) Pause Young (Allocation Failure)
[2025-08-01T03:43:08.098+0000] GC(278) PSYoungGen: 878912K(931840K)->465920K(931840K) Eden: 465920K(465920K)->0K(465920K) From: 412992K(465920K)->465920K(465920K)
[2025-08-01T03:43:08.098+0000] GC(278) ParOldGen: 1039417K(2796544K)->1486681K(2796544K)
[2025-08-01T03:43:08.098+0000] GC(278) Metaspace: 10662K(10880K)->10662K(10880K) NonClass: 9396K(9536K)->9396K(9536K) Class: 1265K(1344K)->1265K(1344K)
[2025-08-01T03:43:08.098+0000] GC(278) Pause Young (Allocation Failure) 1873M->1906M(3641M) 188.075ms
[2025-08-01T03:43:08.098+0000] GC(278) User=1.38s Sys=0.07s Real=0.19s
[2025-08-01T03:43:08.180+0000] GC(279) Pause Young (Allocation Failure)
[2025-08-01T03:43:08.319+0000] GC(279) PSYoungGen: 931840K(931840K)->377856K(931840K) Eden: 465920K(465920K)->0K(465920K) From: 465920K(465920K)->377856K(465920K)
[2025-08-01T03:43:08.319+0000] GC(279) ParOldGen: 1486681K(2796544K)->1870497K(2796544K)
[2025-08-01T03:43:08.319+0000] GC(279) Metaspace: 10662K(10880K)->10662K(10880K) NonClass: 9396K(9536K)->9396K(9536K) Class: 1265K(1344K)->1265K(1344K)
[2025-08-01T03:43:08.319+0000] GC(279) Pause Young (Allocation Failure) 2361M->2195M(3641M) 138.940ms
[2025-08-01T03:43:08.319+0000] GC(279) User=1.05s Sys=0.05s Real=0.14s
[2025-08-01T03:43:08.405+0000] GC(280) Pause Young (Allocation Failure)
[2025-08-01T03:43:08.503+0000] GC(280) PSYoungGen: 843776K(931840K)->256832K(931840K) Eden: 465920K(465920K)->0K(465920K) From: 377856K(465920K)->256832K(465920K)
[2025-08-01T03:43:08.503+0000] GC(280) ParOldGen: 1870497K(2796544K)->2015217K(2796544K)
[2025-08-01T03:43:08.503+0000] GC(280) Metaspace: 10662K(10880K)->10662K(10880K) NonClass: 9396K(9536K)->9396K(9536K) Class: 1265K(1344K)->1265K(1344K)
[2025-08-01T03:43:08.503+0000] GC(280) Pause Young (Allocation Failure) 2650M->2218M(3641M) 97.760ms
[2025-08-01T03:43:08.503+0000] GC(280) User=0.73s Sys=0.03s Real=0.09s
[2025-08-01T03:43:08.596+0000] GC(281) Pause Young (Allocation Failure)
[2025-08-01T03:43:08.752+0000] GC(281) PSYoungGen: 722752K(931840K)->417888K(931840K) Eden: 465920K(465920K)->0K(465920K) From: 256832K(465920K)->417888K(465920K)
[2025-08-01T03:43:08.752+0000] GC(281) ParOldGen: 2015217K(2796544K)->2166641K(2796544K)
[2025-08-01T03:43:08.752+0000] GC(281) Metaspace: 10662K(10880K)->10662K(10880K) NonClass: 9396K(9536K)->9396K(9536K) Class: 1265K(1344K)->1265K(1344K)
[2025-08-01T03:43:08.752+0000] GC(281) Pause Young (Allocation Failure) 2673M->2523M(3641M) 156.361ms
[2025-08-01T03:43:08.752+0000] GC(281) User=1.10s Sys=0.07s Real=0.15s
[2025-08-01T03:43:08.842+0000] GC(282) Pause Young (Allocation Failure)
[2025-08-01T03:43:09.008+0000] GC(282) PSYoungGen: 883808K(931840K)->465920K(931840K) Eden: 465920K(465920K)->0K(465920K) From: 417888K(465920K)->465920K(465920K)
[2025-08-01T03:43:09.008+0000] GC(282) ParOldGen: 2166641K(2796544K)->2617809K(2796544K)
[2025-08-01T03:43:09.008+0000] GC(282) Metaspace: 10662K(10880K)->10662K(10880K) NonClass: 9396K(9536K)->9396K(9536K) Class: 1265K(1344K)->1265K(1344K)
[2025-08-01T03:43:09.008+0000] GC(282) Pause Young (Allocation Failure) 2978M->3011M(3641M) 166.091ms
[2025-08-01T03:43:09.008+0000] GC(282) User=1.26s Sys=0.03s Real=0.17s
[2025-08-01T03:43:09.095+0000] GC(283) Pause Full (Ergonomics)
[2025-08-01T03:43:09.095+0000] GC(283) Marking Phase
[2025-08-01T03:43:09.172+0000] GC(283) Marking Phase 76.985ms
[2025-08-01T03:43:09.172+0000] GC(283) Summary Phase
[2025-08-01T03:43:09.172+0000] GC(283) Summary Phase 0.080ms
[2025-08-01T03:43:09.172+0000] GC(283) Adjust Roots
[2025-08-01T03:43:09.174+0000] GC(283) Adjust Roots 1.980ms
[2025-08-01T03:43:09.174+0000] GC(283) Compaction Phase
[2025-08-01T03:43:09.333+0000] GC(283) Compaction Phase 158.633ms
[2025-08-01T03:43:09.333+0000] GC(283) Post Compact
[2025-08-01T03:43:09.357+0000] GC(283) Post Compact 24.130ms
[2025-08-01T03:43:09.357+0000] GC(283) PSYoungGen: 931840K(931840K)->0K(931840K) Eden: 465920K(465920K)->0K(465920K) From: 465920K(465920K)->0K(465920K)
[2025-08-01T03:43:09.357+0000] GC(283) ParOldGen: 2617809K(2796544K)->1055913K(2796544K)
[2025-08-01T03:43:09.357+0000] GC(283) Metaspace: 10662K(10880K)->10662K(10880K) NonClass: 9396K(9536K)->9396K(9536K) Class: 1265K(1344K)->1265K(1344K)
[2025-08-01T03:43:09.357+0000] GC(283) Pause Full (Ergonomics) 3466M->1031M(3641M) 262.288ms
[2025-08-01T03:43:09.357+0000] GC(283) User=1.84s Sys=0.02s Real=0.26s
[2025-08-01T03:43:09.443+0000] GC(284) Pause Young (Allocation Failure)
[2025-08-01T03:43:09.514+0000] GC(284) PSYoungGen: 465920K(931840K)->260928K(931840K) Eden: 465920K(465920K)->0K(465920K) From: 0K(465920K)->260928K(465920K)
[2025-08-01T03:43:09.514+0000] GC(284) ParOldGen: 1055913K(2796544K)->1055913K(2796544K)
[2025-08-01T03:43:09.514+0000] GC(284) Metaspace: 10662K(10880K)->10662K(10880K) NonClass: 9396K(9536K)->9396K(9536K) Class: 1265K(1344K)->1265K(1344K)
[2025-08-01T03:43:09.514+0000] GC(284) Pause Young (Allocation Failure) 1486M->1285M(3641M) 70.425ms
[2025-08-01T03:43:09.514+0000] GC(284) User=0.49s Sys=0.05s Real=0.07s
[2025-08-01T03:43:09.600+0000] GC(285) Pause Young (Allocation Failure)
[2025-08-01T03:43:09.731+0000] GC(285) PSYoungGen: 726848K(931840K)->423104K(931840K) Eden: 465920K(465920K)->0K(465920K) From: 260928K(465920K)->423104K(465920K)
[2025-08-01T03:43:09.731+0000] GC(285) ParOldGen: 1055913K(2796544K)->1184713K(2796544K)
[2025-08-01T03:43:09.731+0000] GC(285) Metaspace: 10662K(10880K)->10662K(10880K) NonClass: 9396K(9536K)->9396K(9536K) Class: 1265K(1344K)->1265K(1344K)
[2025-08-01T03:43:09.731+0000] GC(285) Pause Young (Allocation Failure) 1740M->1570M(3641M) 130.703ms
[2025-08-01T03:43:09.731+0000] GC(285) User=0.94s Sys=0.04s Real=0.13s
[2025-08-01T03:43:09.819+0000] GC(286) Pause Young (Allocation Failure)
[2025-08-01T03:43:09.983+0000] GC(286) PSYoungGen: 889024K(931840K)->465920K(931840K) Eden: 465920K(465920K)->0K(465920K) From: 423104K(465920K)->465920K(465920K)
[2025-08-01T03:43:09.983+0000] GC(286) ParOldGen: 1184713K(2796544K)->1642281K(2796544K)
[2025-08-01T03:43:09.983+0000] GC(286) Metaspace: 10662K(10880K)->10662K(10880K) NonClass: 9396K(9536K)->9396K(9536K) Class: 1265K(1344K)->1265K(1344K)
[2025-08-01T03:43:09.983+0000] GC(286) Pause Young (Allocation Failure) 2025M->2058M(3641M) 164.463ms
[2025-08-01T03:43:09.984+0000] GC(286) User=1.26s Sys=0.05s Real=0.17s
[2025-08-01T03:43:10.072+0000] GC(287) Pause Young (Allocation Failure)
[2025-08-01T03:43:10.251+0000] GC(287) PSYoungGen: 931840K(931840K)->410048K(931840K) Eden: 465920K(465920K)->0K(465920K) From: 465920K(465920K)->410048K(465920K)
[2025-08-01T03:43:10.251+0000] GC(287) ParOldGen: 1642281K(2796544K)->2003489K(2796544K)
[2025-08-01T03:43:10.251+0000] GC(287) Metaspace: 10662K(10880K)->10662K(10880K) NonClass: 9396K(9536K)->9396K(9536K) Class: 1265K(1344K)->1265K(1344K)
[2025-08-01T03:43:10.251+0000] GC(287) Pause Young (Allocation Failure) 2513M->2356M(3641M) 178.988ms
[2025-08-01T03:43:10.251+0000] GC(287) User=1.32s Sys=0.05s Real=0.18s
[2025-08-01T03:43:10.340+0000] GC(288) Pause Young (Allocation Failure)
[2025-08-01T03:43:10.508+0000] GC(288) PSYoungGen: 875968K(931840K)->465920K(931840K) Eden: 465920K(465920K)->0K(465920K) From: 410048K(465920K)->465920K(465920K)
[2025-08-01T03:43:10.508+0000] GC(288) ParOldGen: 2003489K(2796544K)->2447161K(2796544K)
[2025-08-01T03:43:10.508+0000] GC(288) Metaspace: 10662K(10880K)->10662K(10880K) NonClass: 9396K(9536K)->9396K(9536K) Class: 1265K(1344K)->1265K(1344K)
[2025-08-01T03:43:10.508+0000] GC(288) Pause Young (Allocation Failure) 2811M->2844M(3641M) 168.549ms
[2025-08-01T03:43:10.508+0000] GC(288) User=1.26s Sys=0.05s Real=0.17s
[2025-08-01T03:43:10.649+0000] GC(289) Pause Full (Ergonomics)
[2025-08-01T03:43:10.649+0000] GC(289) Marking Phase
[2025-08-01T03:43:10.746+0000] GC(289) Marking Phase 97.379ms
[2025-08-01T03:43:10.746+0000] GC(289) Summary Phase
[2025-08-01T03:43:10.746+0000] GC(289) Summary Phase 0.106ms
[2025-08-01T03:43:10.746+0000] GC(289) Adjust Roots
[2025-08-01T03:43:10.748+0000] GC(289) Adjust Roots 2.105ms
[2025-08-01T03:43:10.748+0000] GC(289) Compaction Phase
[2025-08-01T03:43:10.909+0000] GC(289) Compaction Phase 160.472ms
[2025-08-01T03:43:10.909+0000] GC(289) Post Compact
[2025-08-01T03:43:10.931+0000] GC(289) Post Compact 22.264ms
[2025-08-01T03:43:10.931+0000] GC(289) PSYoungGen: 931840K(931840K)->0K(931840K) Eden: 465920K(465920K)->0K(465920K) From: 465920K(465920K)->0K(465920K)
[2025-08-01T03:43:10.931+0000] GC(289) ParOldGen: 2447161K(2796544K)->608007K(2796544K)
[2025-08-01T03:43:10.931+0000] GC(289) Metaspace: 10662K(10880K)->10662K(10880K) NonClass: 9396K(9536K)->9396K(9536K) Class: 1265K(1344K)->1265K(1344K)
[2025-08-01T03:43:10.931+0000] GC(289) Pause Full (Ergonomics) 3299M->593M(3641M) 282.741ms
[2025-08-01T03:43:10.931+0000] GC(289) User=1.79s Sys=0.10s Real=0.28s
[2025-08-01T03:43:11.023+0000] GC(290) Pause Young (Allocation Failure)
[2025-08-01T03:43:11.099+0000] GC(290) PSYoungGen: 465920K(931840K)->465920K(931840K) Eden: 465920K(465920K)->0K(465920K) From: 0K(465920K)->465920K(465920K)
[2025-08-01T03:43:11.099+0000] GC(290) ParOldGen: 608007K(2796544K)->614919K(2796544K)
[2025-08-01T03:43:11.099+0000] GC(290) Metaspace: 10662K(10880K)->10662K(10880K) NonClass: 9396K(9536K)->9396K(9536K) Class: 1265K(1344K)->1265K(1344K)
[2025-08-01T03:43:11.099+0000] GC(290) Pause Young (Allocation Failure) 1048M->1055M(3641M) 75.799ms
[2025-08-01T03:43:11.099+0000] GC(290) User=0.58s Sys=0.01s Real=0.07s
[2025-08-01T03:43:11.189+0000] GC(291) Pause Young (Allocation Failure)
[2025-08-01T03:43:11.324+0000] GC(291) PSYoungGen: 931840K(931840K)->406752K(931840K) Eden: 465920K(465920K)->0K(465920K) From: 465920K(465920K)->406752K(465920K)
[2025-08-01T03:43:11.324+0000] GC(291) ParOldGen: 614919K(2796544K)->988639K(2796544K)
[2025-08-01T03:43:11.324+0000] GC(291) Metaspace: 10662K(10880K)->10662K(10880K) NonClass: 9396K(9536K)->9396K(9536K) Class: 1265K(1344K)->1265K(1344K)
[2025-08-01T03:43:11.324+0000] GC(291) Pause Young (Allocation Failure) 1510M->1362M(3641M) 134.617ms
[2025-08-01T03:43:11.324+0000] GC(291) User=1.00s Sys=0.04s Real=0.14s
[2025-08-01T03:43:11.416+0000] GC(292) Pause Young (Allocation Failure)
[2025-08-01T03:43:11.573+0000] GC(292) PSYoungGen: 872672K(931840K)->465920K(931840K) Eden: 465920K(465920K)->0K(465920K) From: 406752K(465920K)->465920K(465920K)
[2025-08-01T03:43:11.573+0000] GC(292) ParOldGen: 988639K(2796544K)->1426887K(2796544K)
[2025-08-01T03:43:11.573+0000] GC(292) Metaspace: 10662K(10880K)->10662K(10880K) NonClass: 9396K(9536K)->9396K(9536K) Class: 1265K(1344K)->1265K(1344K)
[2025-08-01T03:43:11.573+0000] GC(292) Pause Young (Allocation Failure) 1817M->1848M(3641M) 156.780ms
[2025-08-01T03:43:11.573+0000] GC(292) User=1.19s Sys=0.02s Real=0.16s
[2025-08-01T03:43:11.716+0000] GC(293) Pause Young (Allocation Failure)
[2025-08-01T03:43:11.847+0000] GC(293) PSYoungGen: 931840K(931840K)->452256K(931840K) Eden: 465920K(465920K)->0K(465920K) From: 465920K(465920K)->452256K(465920K)
[2025-08-01T03:43:11.847+0000] GC(293) ParOldGen: 1426887K(2796544K)->1560711K(2796544K)
[2025-08-01T03:43:11.847+0000] GC(293) Metaspace: 10662K(10880K)->10662K(10880K) NonClass: 9396K(9536K)->9396K(9536K) Class: 1265K(1344K)->1265K(1344K)
[2025-08-01T03:43:11.847+0000] GC(293) Pause Young (Allocation Failure) 2303M->1965M(3641M) 131.439ms
[2025-08-01T03:43:11.847+0000] GC(293) User=0.98s Sys=0.04s Real=0.13s
[2025-08-01T03:43:11.942+0000] GC(294) Pause Young (Allocation Failure)
[2025-08-01T03:43:12.115+0000] GC(294) PSYoungGen: 918176K(931840K)->465904K(931840K) Eden: 465920K(465920K)->0K(465920K) From: 452256K(465920K)->465904K(465920K)
[2025-08-01T03:43:12.115+0000] GC(294) ParOldGen: 1560711K(2796544K)->2048215K(2796544K)
[2025-08-01T03:43:12.115+0000] GC(294) Metaspace: 10662K(10880K)->10662K(10880K) NonClass: 9396K(9536K)->9396K(9536K) Class: 1265K(1344K)->1265K(1344K)
[2025-08-01T03:43:12.115+0000] GC(294) Pause Young (Allocation Failure) 2420M->2455M(3641M) 172.829ms
[2025-08-01T03:43:12.115+0000] GC(294) User=1.27s Sys=0.05s Real=0.18s
[2025-08-01T03:43:12.204+0000] GC(295) Pause Young (Allocation Failure)
[2025-08-01T03:43:12.366+0000] GC(295) PSYoungGen: 931824K(931840K)->408096K(931840K) Eden: 465920K(465920K)->0K(465920K) From: 465904K(465920K)->408096K(465920K)
[2025-08-01T03:43:12.366+0000] GC(295) ParOldGen: 2048215K(2796544K)->2415855K(2796544K)
[2025-08-01T03:43:12.366+0000] GC(295) Metaspace: 10662K(10880K)->10662K(10880K) NonClass: 9396K(9536K)->9396K(9536K) Class: 1265K(1344K)->1265K(1344K)
[2025-08-01T03:43:12.366+0000] GC(295) Pause Young (Allocation Failure) 2910M->2757M(3641M) 162.054ms
[2025-08-01T03:43:12.366+0000] GC(295) User=1.20s Sys=0.06s Real=0.16s
[2025-08-01T03:43:12.458+0000] GC(296) Pause Full (Ergonomics)
[2025-08-01T03:43:12.459+0000] GC(296) Marking Phase
[2025-08-01T03:43:12.579+0000] GC(296) Marking Phase 120.373ms
[2025-08-01T03:43:12.579+0000] GC(296) Summary Phase
[2025-08-01T03:43:12.579+0000] GC(296) Summary Phase 0.125ms
[2025-08-01T03:43:12.579+0000] GC(296) Adjust Roots
[2025-08-01T03:43:12.581+0000] GC(296) Adjust Roots 2.086ms
[2025-08-01T03:43:12.581+0000] GC(296) Compaction Phase
[2025-08-01T03:43:12.788+0000] GC(296) Compaction Phase 206.382ms
[2025-08-01T03:43:12.788+0000] GC(296) Post Compact
[2025-08-01T03:43:12.809+0000] GC(296) Post Compact 20.937ms
[2025-08-01T03:43:12.809+0000] GC(296) PSYoungGen: 874016K(931840K)->0K(931840K) Eden: 465920K(465920K)->0K(465920K) From: 408096K(465920K)->0K(465920K)
[2025-08-01T03:43:12.809+0000] GC(296) ParOldGen: 2415855K(2796544K)->1090540K(2796544K)
[2025-08-01T03:43:12.809+0000] GC(296) Metaspace: 10662K(10880K)->10662K(10880K) NonClass: 9396K(9536K)->9396K(9536K) Class: 1265K(1344K)->1265K(1344K)
[2025-08-01T03:43:12.809+0000] GC(296) Pause Full (Ergonomics) 3212M->1064M(3641M) 350.471ms
[2025-08-01T03:43:12.809+0000] GC(296) User=2.42s Sys=0.10s Real=0.35s
[2025-08-01T03:43:12.901+0000] GC(297) Pause Young (Allocation Failure)
[2025-08-01T03:43:13.013+0000] GC(297) PSYoungGen: 465920K(931840K)->448096K(931840K) Eden: 465920K(465920K)->0K(465920K) From: 0K(465920K)->448096K(465920K)
[2025-08-01T03:43:13.013+0000] GC(297) ParOldGen: 1090540K(2796544K)->1090540K(2796544K)
[2025-08-01T03:43:13.013+0000] GC(297) Metaspace: 10662K(10880K)->10662K(10880K) NonClass: 9396K(9536K)->9396K(9536K) Class: 1265K(1344K)->1265K(1344K)
[2025-08-01T03:43:13.013+0000] GC(297) Pause Young (Allocation Failure) 1519M->1502M(3641M) 111.850ms
[2025-08-01T03:43:13.013+0000] GC(297) User=0.71s Sys=0.06s Real=0.12s
[2025-08-01T03:43:13.101+0000] GC(298) Pause Young (Allocation Failure)
[2025-08-01T03:43:13.248+0000] GC(298) PSYoungGen: 914016K(931840K)->465920K(931840K) Eden: 465920K(465920K)->0K(465920K) From: 448096K(465920K)->465920K(465920K)
[2025-08-01T03:43:13.248+0000] GC(298) ParOldGen: 1090540K(2796544K)->1574220K(2796544K)
[2025-08-01T03:43:13.248+0000] GC(298) Metaspace: 10662K(10880K)->10662K(10880K) NonClass: 9396K(9536K)->9396K(9536K) Class: 1265K(1344K)->1265K(1344K)
[2025-08-01T03:43:13.248+0000] GC(298) Pause Young (Allocation Failure) 1957M->1992M(3641M) 147.282ms
[2025-08-01T03:43:13.248+0000] GC(298) User=1.15s Sys=0.00s Real=0.15s
[2025-08-01T03:43:13.338+0000] GC(299) Pause Young (Allocation Failure)
[2025-08-01T03:43:13.525+0000] GC(299) PSYoungGen: 931840K(931840K)->413184K(931840K) Eden: 465920K(465920K)->0K(465920K) From: 465920K(465920K)->413184K(465920K)
[2025-08-01T03:43:13.525+0000] GC(299) ParOldGen: 1574220K(2796544K)->1934700K(2796544K)
[2025-08-01T03:43:13.525+0000] GC(299) Metaspace: 10662K(10880K)->10662K(10880K) NonClass: 9396K(9536K)->9396K(9536K) Class: 1265K(1344K)->1265K(1344K)
[2025-08-01T03:43:13.525+0000] GC(299) Pause Young (Allocation Failure) 2447M->2292M(3641M) 187.211ms
[2025-08-01T03:43:13.525+0000] GC(299) User=1.35s Sys=0.08s Real=0.19s
[2025-08-01T03:43:13.615+0000] GC(300) Pause Young (Allocation Failure)
[2025-08-01T03:43:13.785+0000] GC(300) PSYoungGen: 879104K(931840K)->401600K(931840K) Eden: 465920K(465920K)->0K(465920K) From: 413184K(465920K)->401600K(465920K)
[2025-08-01T03:43:13.785+0000] GC(300) ParOldGen: 1934700K(2796544K)->2248988K(2796544K)
[2025-08-01T03:43:13.785+0000] GC(300) Metaspace: 10662K(10880K)->10662K(10880K) NonClass: 9396K(9536K)->9396K(9536K) Class: 1265K(1344K)->1265K(1344K)
[2025-08-01T03:43:13.785+0000] GC(300) Pause Young (Allocation Failure) 2747M->2588M(3641M) 169.543ms
[2025-08-01T03:43:13.785+0000] GC(300) User=1.18s Sys=0.08s Real=0.17s
[2025-08-01T03:43:13.877+0000] GC(301) Pause Full (Ergonomics)
[2025-08-01T03:43:13.878+0000] GC(301) Marking Phase
[2025-08-01T03:43:13.946+0000] GC(301) Marking Phase 68.322ms
[2025-08-01T03:43:13.946+0000] GC(301) Summary Phase
[2025-08-01T03:43:13.946+0000] GC(301) Summary Phase 0.100ms
[2025-08-01T03:43:13.946+0000] GC(301) Adjust Roots
[2025-08-01T03:43:13.948+0000] GC(301) Adjust Roots 2.000ms
[2025-08-01T03:43:13.948+0000] GC(301) Compaction Phase
[2025-08-01T03:43:14.075+0000] GC(301) Compaction Phase 127.199ms
[2025-08-01T03:43:14.075+0000] GC(301) Post Compact
[2025-08-01T03:43:14.097+0000] GC(301) Post Compact 21.400ms
[2025-08-01T03:43:14.097+0000] GC(301) PSYoungGen: 867520K(931840K)->0K(931840K) Eden: 465920K(465920K)->0K(465920K) From: 401600K(465920K)->0K(465920K)
[2025-08-01T03:43:14.097+0000] GC(301) ParOldGen: 2248988K(2796544K)->640654K(2796544K)
[2025-08-01T03:43:14.097+0000] GC(301) Metaspace: 10662K(10880K)->10662K(10880K) NonClass: 9396K(9536K)->9396K(9536K) Class: 1265K(1344K)->1265K(1344K)
[2025-08-01T03:43:14.097+0000] GC(301) Pause Full (Ergonomics) 3043M->625M(3641M) 219.510ms
[2025-08-01T03:43:14.097+0000] GC(301) User=1.38s Sys=0.08s Real=0.22s
[2025-08-01T03:43:14.189+0000] GC(302) Pause Young (Allocation Failure)
[2025-08-01T03:43:14.335+0000] GC(302) PSYoungGen: 465920K(931840K)->465920K(931840K) Eden: 465920K(465920K)->0K(465920K) From: 0K(465920K)->465920K(465920K)
[2025-08-01T03:43:14.335+0000] GC(302) ParOldGen: 640654K(2796544K)->643582K(2796544K)
[2025-08-01T03:43:14.335+0000] GC(302) Metaspace: 10662K(10880K)->10662K(10880K) NonClass: 9396K(9536K)->9396K(9536K) Class: 1265K(1344K)->1265K(1344K)
[2025-08-01T03:43:14.335+0000] GC(302) Pause Young (Allocation Failure) 1080M->1083M(3641M) 145.300ms
[2025-08-01T03:43:14.335+0000] GC(302) User=1.05s Sys=0.06s Real=0.15s
[2025-08-01T03:43:14.419+0000] GC(303) Pause Young (Allocation Failure)
[2025-08-01T03:43:14.593+0000] GC(303) PSYoungGen: 931840K(931840K)->447712K(931840K) Eden: 465920K(465920K)->0K(465920K) From: 465920K(465920K)->447712K(465920K)
[2025-08-01T03:43:14.593+0000] GC(303) ParOldGen: 643582K(2796544K)->964622K(2796544K)
[2025-08-01T03:43:14.593+0000] GC(303) Metaspace: 10662K(10880K)->10662K(10880K) NonClass: 9396K(9536K)->9396K(9536K) Class: 1265K(1344K)->1265K(1344K)
[2025-08-01T03:43:14.593+0000] GC(303) Pause Young (Allocation Failure) 1538M->1379M(3641M) 173.491ms
[2025-08-01T03:43:14.593+0000] GC(303) User=1.30s Sys=0.06s Real=0.17s
[2025-08-01T03:43:14.685+0000] GC(304) Pause Young (Allocation Failure)
[2025-08-01T03:43:14.817+0000] GC(304) PSYoungGen: 913632K(931840K)->403520K(931840K) Eden: 465920K(465920K)->0K(465920K) From: 447712K(465920K)->403520K(465920K)
[2025-08-01T03:43:14.817+0000] GC(304) ParOldGen: 964622K(2796544K)->1314766K(2796544K)
[2025-08-01T03:43:14.817+0000] GC(304) Metaspace: 10662K(10880K)->10662K(10880K) NonClass: 9396K(9536K)->9396K(9536K) Class: 1265K(1344K)->1265K(1344K)
[2025-08-01T03:43:14.817+0000] GC(304) Pause Young (Allocation Failure) 1834M->1678M(3641M) 132.517ms
[2025-08-01T03:43:14.817+0000] GC(304) User=1.01s Sys=0.02s Real=0.13s
[2025-08-01T03:43:14.907+0000] GC(305) Pause Young (Allocation Failure)
[2025-08-01T03:43:15.026+0000] GC(305) PSYoungGen: 869440K(931840K)->387008K(931840K) Eden: 465920K(465920K)->0K(465920K) From: 403520K(465920K)->387008K(465920K)
[2025-08-01T03:43:15.026+0000] GC(305) ParOldGen: 1314766K(2796544K)->1483598K(2796544K)
[2025-08-01T03:43:15.026+0000] GC(305) Metaspace: 10662K(10880K)->10662K(10880K) NonClass: 9396K(9536K)->9396K(9536K) Class: 1265K(1344K)->1265K(1344K)
[2025-08-01T03:43:15.026+0000] GC(305) Pause Young (Allocation Failure) 2133M->1826M(3641M) 118.787ms
[2025-08-01T03:43:15.026+0000] GC(305) User=0.85s Sys=0.04s Real=0.12s
[2025-08-01T03:43:15.121+0000] GC(306) Pause Young (Allocation Failure)
[2025-08-01T03:43:15.255+0000] GC(306) PSYoungGen: 852928K(931840K)->465920K(931840K) Eden: 465920K(465920K)->0K(465920K) From: 387008K(465920K)->465920K(465920K)
[2025-08-01T03:43:15.255+0000] GC(306) ParOldGen: 1483598K(2796544K)->1901334K(2796544K)
[2025-08-01T03:43:15.255+0000] GC(306) Metaspace: 10662K(10880K)->10662K(10880K) NonClass: 9396K(9536K)->9396K(9536K) Class: 1265K(1344K)->1265K(1344K)
[2025-08-01T03:43:15.255+0000] GC(306) Pause Young (Allocation Failure) 2281M->2311M(3641M) 133.806ms
[2025-08-01T03:43:15.255+0000] GC(306) User=1.02s Sys=0.01s Real=0.14s
[2025-08-01T03:43:15.340+0000] GC(307) Pause Young (Allocation Failure)
[2025-08-01T03:43:15.469+0000] GC(307) PSYoungGen: 931840K(931840K)->459296K(931840K) Eden: 465920K(465920K)->0K(465920K) From: 465920K(465920K)->459296K(465920K)
[2025-08-01T03:43:15.469+0000] GC(307) ParOldGen: 1901334K(2796544K)->2268118K(2796544K)
[2025-08-01T03:43:15.469+0000] GC(307) Metaspace: 10662K(10880K)->10662K(10880K) NonClass: 9396K(9536K)->9396K(9536K) Class: 1265K(1344K)->1265K(1344K)
[2025-08-01T03:43:15.469+0000] GC(307) Pause Young (Allocation Failure) 2766M->2663M(3641M) 128.778ms
[2025-08-01T03:43:15.469+0000] GC(307) User=1.01s Sys=0.00s Real=0.13s
[2025-08-01T03:43:15.552+0000] GC(308) Pause Full (Ergonomics)
[2025-08-01T03:43:15.552+0000] GC(308) Marking Phase
[2025-08-01T03:43:15.642+0000] GC(308) Marking Phase 90.256ms
[2025-08-01T03:43:15.642+0000] GC(308) Summary Phase
[2025-08-01T03:43:15.643+0000] GC(308) Summary Phase 0.097ms
[2025-08-01T03:43:15.643+0000] GC(308) Adjust Roots
[2025-08-01T03:43:15.645+0000] GC(308) Adjust Roots 2.273ms
[2025-08-01T03:43:15.645+0000] GC(308) Compaction Phase
[2025-08-01T03:43:15.763+0000] GC(308) Compaction Phase 118.270ms
[2025-08-01T03:43:15.763+0000] GC(308) Post Compact
[2025-08-01T03:43:15.785+0000] GC(308) Post Compact 21.977ms
[2025-08-01T03:43:15.785+0000] GC(308) PSYoungGen: 925216K(931840K)->0K(931840K) Eden: 465920K(465920K)->0K(465920K) From: 459296K(465920K)->0K(465920K)
[2025-08-01T03:43:15.785+0000] GC(308) ParOldGen: 2268118K(2796544K)->650286K(2796544K)
[2025-08-01T03:43:15.785+0000] GC(308) Metaspace: 10662K(10880K)->10662K(10880K) NonClass: 9396K(9536K)->9396K(9536K) Class: 1265K(1344K)->1265K(1344K)
[2025-08-01T03:43:15.785+0000] GC(308) Pause Full (Ergonomics) 3118M->635M(3641M) 233.289ms
[2025-08-01T03:43:15.785+0000] GC(308) User=1.56s Sys=0.05s Real=0.24s
[2025-08-01T03:43:15.870+0000] GC(309) Pause Young (Allocation Failure)
[2025-08-01T03:43:15.946+0000] GC(309) PSYoungGen: 465920K(931840K)->379680K(931840K) Eden: 465920K(465920K)->0K(465920K) From: 0K(465920K)->379680K(465920K)
[2025-08-01T03:43:15.946+0000] GC(309) ParOldGen: 650286K(2796544K)->650286K(2796544K)
[2025-08-01T03:43:15.946+0000] GC(309) Metaspace: 10662K(10880K)->10662K(10880K) NonClass: 9396K(9536K)->9396K(9536K) Class: 1265K(1344K)->1265K(1344K)
[2025-08-01T03:43:15.946+0000] GC(309) Pause Young (Allocation Failure) 1090M->1005M(3641M) 75.369ms
[2025-08-01T03:43:15.946+0000] GC(309) User=0.55s Sys=0.03s Real=0.08s
[2025-08-01T03:43:16.029+0000] GC(310) Pause Young (Allocation Failure)
[2025-08-01T03:43:16.204+0000] GC(310) PSYoungGen: 845600K(931840K)->465920K(931840K) Eden: 465920K(465920K)->0K(465920K) From: 379680K(465920K)->465920K(465920K)
[2025-08-01T03:43:16.204+0000] GC(310) ParOldGen: 650286K(2796544K)->1061854K(2796544K)
[2025-08-01T03:43:16.204+0000] GC(310) Metaspace: 10662K(10880K)->10662K(10880K) NonClass: 9396K(9536K)->9396K(9536K) Class: 1265K(1344K)->1265K(1344K)
[2025-08-01T03:43:16.204+0000] GC(310) Pause Young (Allocation Failure) 1460M->1491M(3641M) 174.836ms
[2025-08-01T03:43:16.204+0000] GC(310) User=1.24s Sys=0.08s Real=0.18s
[2025-08-01T03:43:16.295+0000] GC(311) Pause Young (Allocation Failure)
[2025-08-01T03:43:16.458+0000] GC(311) PSYoungGen: 931840K(931840K)->465920K(931840K) Eden: 465920K(465920K)->0K(465920K) From: 465920K(465920K)->465920K(465920K)
[2025-08-01T03:43:16.458+0000] GC(311) ParOldGen: 1061854K(2796544K)->1427910K(2796544K)
[2025-08-01T03:43:16.458+0000] GC(311) Metaspace: 10662K(10880K)->10662K(10880K) NonClass: 9396K(9536K)->9396K(9536K) Class: 1265K(1344K)->1265K(1344K)
[2025-08-01T03:43:16.458+0000] GC(311) Pause Young (Allocation Failure) 1946M->1849M(3641M) 163.035ms
[2025-08-01T03:43:16.458+0000] GC(311) User=1.24s Sys=0.04s Real=0.16s
[2025-08-01T03:43:16.544+0000] GC(312) Pause Young (Allocation Failure)
[2025-08-01T03:43:16.672+0000] GC(312) PSYoungGen: 931840K(931840K)->285120K(931840K) Eden: 465920K(465920K)->0K(465920K) From: 465920K(465920K)->285120K(465920K)
[2025-08-01T03:43:16.672+0000] GC(312) ParOldGen: 1427910K(2796544K)->1676934K(2796544K)
[2025-08-01T03:43:16.672+0000] GC(312) Metaspace: 10662K(10880K)->10662K(10880K) NonClass: 9396K(9536K)->9396K(9536K) Class: 1265K(1344K)->1265K(1344K)
[2025-08-01T03:43:16.672+0000] GC(312) Pause Young (Allocation Failure) 2304M->1916M(3641M) 128.357ms
[2025-08-01T03:43:16.672+0000] GC(312) User=0.96s Sys=0.05s Real=0.12s
[2025-08-01T03:43:16.759+0000] GC(313) Pause Young (Allocation Failure)
[2025-08-01T03:43:16.932+0000] GC(313) PSYoungGen: 751040K(931840K)->378304K(931840K) Eden: 465920K(465920K)->0K(465920K) From: 285120K(465920K)->378304K(465920K)
[2025-08-01T03:43:16.932+0000] GC(313) ParOldGen: 1676934K(2796544K)->1869734K(2796544K)
[2025-08-01T03:43:16.932+0000] GC(313) Metaspace: 10662K(10880K)->10662K(10880K) NonClass: 9396K(9536K)->9396K(9536K) Class: 1265K(1344K)->1265K(1344K)
[2025-08-01T03:43:16.932+0000] GC(313) Pause Young (Allocation Failure) 2371M->2195M(3641M) 173.068ms
[2025-08-01T03:43:16.932+0000] GC(313) User=1.26s Sys=0.06s Real=0.17s
[2025-08-01T03:43:17.018+0000] GC(314) Pause Young (Allocation Failure)
[2025-08-01T03:43:17.228+0000] GC(314) PSYoungGen: 844224K(931840K)->465920K(931840K) Eden: 465920K(465920K)->0K(465920K) From: 378304K(465920K)->465920K(465920K)
[2025-08-01T03:43:17.228+0000] GC(314) ParOldGen: 1869734K(2796544K)->2280094K(2796544K)
[2025-08-01T03:43:17.228+0000] GC(314) Metaspace: 10662K(10880K)->10662K(10880K) NonClass: 9396K(9536K)->9396K(9536K) Class: 1265K(1344K)->1265K(1344K)
[2025-08-01T03:43:17.228+0000] GC(314) Pause Young (Allocation Failure) 2650M->2681M(3641M) 209.323ms
[2025-08-01T03:43:17.228+0000] GC(314) User=1.51s Sys=0.06s Real=0.21s
[2025-08-01T03:43:17.358+0000] GC(315) Pause Full (Ergonomics)
[2025-08-01T03:43:17.358+0000] GC(315) Marking Phase
[2025-08-01T03:43:17.508+0000] GC(315) Marking Phase 149.934ms
[2025-08-01T03:43:17.508+0000] GC(315) Summary Phase
[2025-08-01T03:43:17.508+0000] GC(315) Summary Phase 0.170ms
[2025-08-01T03:43:17.508+0000] GC(315) Adjust Roots
[2025-08-01T03:43:17.512+0000] GC(315) Adjust Roots 3.350ms
[2025-08-01T03:43:17.512+0000] GC(315) Compaction Phase
[2025-08-01T03:43:17.698+0000] GC(315) Compaction Phase 186.725ms
[2025-08-01T03:43:17.698+0000] GC(315) Post Compact
[2025-08-01T03:43:17.720+0000] GC(315) Post Compact 21.137ms
[2025-08-01T03:43:17.720+0000] GC(315) PSYoungGen: 931840K(931840K)->0K(931840K) Eden: 465920K(465920K)->0K(465920K) From: 465920K(465920K)->0K(465920K)
[2025-08-01T03:43:17.720+0000] GC(315) ParOldGen: 2280094K(2796544K)->1127049K(2796544K)
[2025-08-01T03:43:17.720+0000] GC(315) Metaspace: 10662K(10880K)->10662K(10880K) NonClass: 9396K(9536K)->9396K(9536K) Class: 1265K(1344K)->1265K(1344K)
[2025-08-01T03:43:17.720+0000] GC(315) Pause Full (Ergonomics) 3136M->1100M(3641M) 361.824ms
[2025-08-01T03:43:17.720+0000] GC(315) User=2.56s Sys=0.07s Real=0.36s
[2025-08-01T03:43:17.808+0000] GC(316) Pause Young (Allocation Failure)
[2025-08-01T03:43:17.889+0000] GC(316) PSYoungGen: 465920K(931840K)->287168K(931840K) Eden: 465920K(465920K)->0K(465920K) From: 0K(465920K)->287168K(465920K)
[2025-08-01T03:43:17.889+0000] GC(316) ParOldGen: 1127049K(2796544K)->1127049K(2796544K)
[2025-08-01T03:43:17.889+0000] GC(316) Metaspace: 10662K(10880K)->10662K(10880K) NonClass: 9396K(9536K)->9396K(9536K) Class: 1265K(1344K)->1265K(1344K)
[2025-08-01T03:43:17.889+0000] GC(316) Pause Young (Allocation Failure) 1555M->1381M(3641M) 80.827ms
[2025-08-01T03:43:17.889+0000] GC(316) User=0.57s Sys=0.04s Real=0.08s
[2025-08-01T03:43:17.977+0000] GC(317) Pause Young (Allocation Failure)
[2025-08-01T03:43:18.083+0000] GC(317) PSYoungGen: 753088K(931840K)->402400K(931840K) Eden: 465920K(465920K)->0K(465920K) From: 287168K(465920K)->402400K(465920K)
[2025-08-01T03:43:18.083+0000] GC(317) ParOldGen: 1127049K(2796544K)->1306841K(2796544K)
[2025-08-01T03:43:18.083+0000] GC(317) Metaspace: 10662K(10880K)->10662K(10880K) NonClass: 9396K(9536K)->9396K(9536K) Class: 1265K(1344K)->1265K(1344K)
[2025-08-01T03:43:18.083+0000] GC(317) Pause Young (Allocation Failure) 1836M->1669M(3641M) 106.023ms
[2025-08-01T03:43:18.083+0000] GC(317) User=0.81s Sys=0.03s Real=0.11s
[2025-08-01T03:43:18.181+0000] GC(318) Pause Young (Allocation Failure)
[2025-08-01T03:43:18.360+0000] GC(318) PSYoungGen: 868320K(931840K)->465920K(931840K) Eden: 465920K(465920K)->0K(465920K) From: 402400K(465920K)->465920K(465920K)
[2025-08-01T03:43:18.361+0000] GC(318) ParOldGen: 1306841K(2796544K)->1741249K(2796544K)
[2025-08-01T03:43:18.361+0000] GC(318) Metaspace: 10662K(10880K)->10662K(10880K) NonClass: 9396K(9536K)->9396K(9536K) Class: 1265K(1344K)->1265K(1344K)
[2025-08-01T03:43:18.361+0000] GC(318) Pause Young (Allocation Failure) 2124M->2155M(3641M) 179.934ms
[2025-08-01T03:43:18.361+0000] GC(318) User=1.30s Sys=0.07s Real=0.18s
[2025-08-01T03:43:18.497+0000] GC(319) Pause Young (Allocation Failure)
[2025-08-01T03:43:18.747+0000] GC(319) PSYoungGen: 931840K(931840K)->465248K(931840K) Eden: 465920K(465920K)->0K(465920K) From: 465920K(465920K)->465248K(465920K)
[2025-08-01T03:43:18.747+0000] GC(319) ParOldGen: 1741249K(2796544K)->2102073K(2796544K)
[2025-08-01T03:43:18.747+0000] GC(319) Metaspace: 10662K(10880K)->10662K(10880K) NonClass: 9396K(9536K)->9396K(9536K) Class: 1265K(1344K)->1265K(1344K)
[2025-08-01T03:43:18.747+0000] GC(319) Pause Young (Allocation Failure) 2610M->2507M(3641M) 250.450ms
[2025-08-01T03:43:18.747+0000] GC(319) User=1.90s Sys=0.07s Real=0.25s
[2025-08-01T03:43:18.834+0000] GC(320) Pause Young (Allocation Failure)
[2025-08-01T03:43:19.009+0000] GC(320) PSYoungGen: 931168K(931840K)->286336K(931840K) Eden: 465920K(465920K)->0K(465920K) From: 465248K(465920K)->286336K(465920K)
[2025-08-01T03:43:19.009+0000] GC(320) ParOldGen: 2102073K(2796544K)->2352513K(2796544K)
[2025-08-01T03:43:19.009+0000] GC(320) Metaspace: 10662K(10880K)->10662K(10880K) NonClass: 9396K(9536K)->9396K(9536K) Class: 1265K(1344K)->1265K(1344K)
[2025-08-01T03:43:19.009+0000] GC(320) Pause Young (Allocation Failure) 2962M->2577M(3641M) 174.605ms
[2025-08-01T03:43:19.009+0000] GC(320) User=1.27s Sys=0.07s Real=0.17s
[2025-08-01T03:43:19.096+0000] GC(321) Pause Full (Ergonomics)
[2025-08-01T03:43:19.096+0000] GC(321) Marking Phase
[2025-08-01T03:43:19.166+0000] GC(321) Marking Phase 69.946ms
[2025-08-01T03:43:19.166+0000] GC(321) Summary Phase
[2025-08-01T03:43:19.166+0000] GC(321) Summary Phase 0.147ms
[2025-08-01T03:43:19.166+0000] GC(321) Adjust Roots
[2025-08-01T03:43:19.168+0000] GC(321) Adjust Roots 1.990ms
[2025-08-01T03:43:19.168+0000] GC(321) Compaction Phase
[2025-08-01T03:43:19.308+0000] GC(321) Compaction Phase 139.651ms
[2025-08-01T03:43:19.308+0000] GC(321) Post Compact
[2025-08-01T03:43:19.329+0000] GC(321) Post Compact 21.483ms
[2025-08-01T03:43:19.329+0000] GC(321) PSYoungGen: 752256K(931840K)->0K(931840K) Eden: 465920K(465920K)->0K(465920K) From: 286336K(465920K)->0K(465920K)
[2025-08-01T03:43:19.329+0000] GC(321) ParOldGen: 2352513K(2796544K)->682111K(2796544K)
[2025-08-01T03:43:19.329+0000] GC(321) Metaspace: 10662K(10880K)->10662K(10880K) NonClass: 9396K(9536K)->9396K(9536K) Class: 1265K(1344K)->1265K(1344K)
[2025-08-01T03:43:19.329+0000] GC(321) Pause Full (Ergonomics) 3032M->666M(3641M) 233.763ms
[2025-08-01T03:43:19.329+0000] GC(321) User=1.56s Sys=0.04s Real=0.23s
[2025-08-01T03:43:19.426+0000] GC(322) Pause Young (Allocation Failure)
[2025-08-01T03:43:19.576+0000] GC(322) PSYoungGen: 465920K(931840K)->465920K(931840K) Eden: 465920K(465920K)->0K(465920K) From: 0K(465920K)->465920K(465920K)
[2025-08-01T03:43:19.576+0000] GC(322) ParOldGen: 682111K(2796544K)->687719K(2796544K)
[2025-08-01T03:43:19.576+0000] GC(322) Metaspace: 10662K(10880K)->10662K(10880K) NonClass: 9396K(9536K)->9396K(9536K) Class: 1265K(1344K)->1265K(1344K)
[2025-08-01T03:43:19.576+0000] GC(322) Pause Young (Allocation Failure) 1121M->1126M(3641M) 150.657ms
[2025-08-01T03:43:19.576+0000] GC(322) User=1.06s Sys=0.05s Real=0.15s
[2025-08-01T03:43:19.709+0000] GC(323) Pause Young (Allocation Failure)
[2025-08-01T03:43:19.851+0000] GC(323) PSYoungGen: 931840K(931840K)->463168K(931840K) Eden: 465920K(465920K)->0K(465920K) From: 465920K(465920K)->463168K(465920K)
[2025-08-01T03:43:19.851+0000] GC(323) ParOldGen: 687719K(2796544K)->1046351K(2796544K)
[2025-08-01T03:43:19.851+0000] GC(323) Metaspace: 10662K(10880K)->10662K(10880K) NonClass: 9396K(9536K)->9396K(9536K) Class: 1265K(1344K)->1265K(1344K)
[2025-08-01T03:43:19.851+0000] GC(323) Pause Young (Allocation Failure) 1581M->1474M(3641M) 141.665ms
[2025-08-01T03:43:19.851+0000] GC(323) User=1.09s Sys=0.02s Real=0.14s
[2025-08-01T03:43:19.938+0000] GC(324) Pause Young (Allocation Failure)
[2025-08-01T03:43:20.025+0000] GC(324) PSYoungGen: 929088K(931840K)->301056K(931840K) Eden: 465920K(465920K)->0K(465920K) From: 463168K(465920K)->301056K(465920K)
[2025-08-01T03:43:20.025+0000] GC(324) ParOldGen: 1046351K(2796544K)->1300031K(2796544K)
[2025-08-01T03:43:20.025+0000] GC(324) Metaspace: 10662K(10880K)->10662K(10880K) NonClass: 9396K(9536K)->9396K(9536K) Class: 1265K(1344K)->1265K(1344K)
[2025-08-01T03:43:20.025+0000] GC(324) Pause Young (Allocation Failure) 1929M->1563M(3641M) 86.926ms
[2025-08-01T03:43:20.025+0000] GC(324) User=0.68s Sys=0.01s Real=0.09s
[2025-08-01T03:43:20.113+0000] GC(325) Pause Young (Allocation Failure)
[2025-08-01T03:43:20.254+0000] GC(325) PSYoungGen: 766976K(931840K)->394336K(931840K) Eden: 465920K(465920K)->0K(465920K) From: 301056K(465920K)->394336K(465920K)
[2025-08-01T03:43:20.254+0000] GC(325) ParOldGen: 1300031K(2796544K)->1503159K(2796544K)
[2025-08-01T03:43:20.254+0000] GC(325) Metaspace: 10662K(10880K)->10662K(10880K) NonClass: 9396K(9536K)->9396K(9536K) Class: 1265K(1344K)->1265K(1344K)
[2025-08-01T03:43:20.254+0000] GC(325) Pause Young (Allocation Failure) 2018M->1853M(3641M) 140.597ms
[2025-08-01T03:43:20.254+0000] GC(325) User=1.01s Sys=0.07s Real=0.14s
[2025-08-01T03:43:20.345+0000] GC(326) Pause Young (Allocation Failure)
[2025-08-01T03:43:20.519+0000] GC(326) PSYoungGen: 860256K(931840K)->465920K(931840K) Eden: 465920K(465920K)->0K(465920K) From: 394336K(465920K)->465920K(465920K)
[2025-08-01T03:43:20.519+0000] GC(326) ParOldGen: 1503159K(2796544K)->1928967K(2796544K)
[2025-08-01T03:43:20.519+0000] GC(326) Metaspace: 10662K(10880K)->10662K(10880K) NonClass: 9396K(9536K)->9396K(9536K) Class: 1265K(1344K)->1265K(1344K)
[2025-08-01T03:43:20.519+0000] GC(326) Pause Young (Allocation Failure) 2308M->2338M(3641M) 174.766ms
[2025-08-01T03:43:20.520+0000] GC(326) User=1.21s Sys=0.08s Real=0.17s
[2025-08-01T03:43:20.655+0000] GC(327) Pause Young (Allocation Failure)
[2025-08-01T03:43:20.872+0000] GC(327) PSYoungGen: 931840K(931840K)->460544K(931840K) Eden: 465920K(465920K)->0K(465920K) From: 465920K(465920K)->460544K(465920K)
[2025-08-01T03:43:20.873+0000] GC(327) ParOldGen: 1928967K(2796544K)->2299391K(2796544K)
[2025-08-01T03:43:20.873+0000] GC(327) Metaspace: 10662K(10880K)->10662K(10880K) NonClass: 9396K(9536K)->9396K(9536K) Class: 1265K(1344K)->1265K(1344K)
[2025-08-01T03:43:20.873+0000] GC(327) Pause Young (Allocation Failure) 2793M->2695M(3641M) 218.034ms
[2025-08-01T03:43:20.873+0000] GC(327) User=1.64s Sys=0.08s Real=0.21s
[2025-08-01T03:43:20.963+0000] GC(328) Pause Full (Ergonomics)
[2025-08-01T03:43:20.963+0000] GC(328) Marking Phase
[2025-08-01T03:43:21.047+0000] GC(328) Marking Phase 84.028ms
[2025-08-01T03:43:21.047+0000] GC(328) Summary Phase
[2025-08-01T03:43:21.047+0000] GC(328) Summary Phase 0.130ms
[2025-08-01T03:43:21.047+0000] GC(328) Adjust Roots
[2025-08-01T03:43:21.050+0000] GC(328) Adjust Roots 2.558ms
[2025-08-01T03:43:21.050+0000] GC(328) Compaction Phase
[2025-08-01T03:43:21.191+0000] GC(328) Compaction Phase 141.531ms
[2025-08-01T03:43:21.191+0000] GC(328) Post Compact
[2025-08-01T03:43:21.210+0000] GC(328) Post Compact 18.595ms
[2025-08-01T03:43:21.210+0000] GC(328) PSYoungGen: 926464K(931840K)->0K(931840K) Eden: 465920K(465920K)->0K(465920K) From: 460544K(465920K)->0K(465920K)
[2025-08-01T03:43:21.210+0000] GC(328) ParOldGen: 2299391K(2796544K)->695742K(2796544K)
[2025-08-01T03:43:21.210+0000] GC(328) Metaspace: 10662K(10880K)->10662K(10880K) NonClass: 9396K(9536K)->9396K(9536K) Class: 1265K(1344K)->1265K(1344K)
[2025-08-01T03:43:21.210+0000] GC(328) Pause Full (Ergonomics) 3150M->679M(3641M) 247.261ms
[2025-08-01T03:43:21.210+0000] GC(328) User=1.70s Sys=0.05s Real=0.25s
[2025-08-01T03:43:21.311+0000] GC(329) Pause Young (Allocation Failure)
[2025-08-01T03:43:21.464+0000] GC(329) PSYoungGen: 465920K(931840K)->407520K(931840K) Eden: 465920K(465920K)->0K(465920K) From: 0K(465920K)->407520K(465920K)
[2025-08-01T03:43:21.464+0000] GC(329) ParOldGen: 695742K(2796544K)->695742K(2796544K)
[2025-08-01T03:43:21.464+0000] GC(329) Metaspace: 10662K(10880K)->10662K(10880K) NonClass: 9396K(9536K)->9396K(9536K) Class: 1265K(1344K)->1265K(1344K)
[2025-08-01T03:43:21.464+0000] GC(329) Pause Young (Allocation Failure) 1134M->1077M(3641M) 153.273ms
[2025-08-01T03:43:21.464+0000] GC(329) User=1.08s Sys=0.07s Real=0.16s
[2025-08-01T03:43:21.562+0000] GC(330) Pause Young (Allocation Failure)
[2025-08-01T03:43:21.738+0000] GC(330) PSYoungGen: 873440K(931840K)->465920K(931840K) Eden: 465920K(465920K)->0K(465920K) From: 407520K(465920K)->465920K(465920K)
[2025-08-01T03:43:21.738+0000] GC(330) ParOldGen: 695742K(2796544K)->1134038K(2796544K)
[2025-08-01T03:43:21.738+0000] GC(330) Metaspace: 10662K(10880K)->10662K(10880K) NonClass: 9396K(9536K)->9396K(9536K) Class: 1265K(1344K)->1265K(1344K)
[2025-08-01T03:43:21.738+0000] GC(330) Pause Young (Allocation Failure) 1532M->1562M(3641M) 176.201ms
[2025-08-01T03:43:21.738+0000] GC(330) User=1.35s Sys=0.04s Real=0.18s
[2025-08-01T03:43:21.828+0000] GC(331) Pause Young (Allocation Failure)
[2025-08-01T03:43:22.059+0000] GC(331) PSYoungGen: 931840K(931840K)->455072K(931840K) Eden: 465920K(465920K)->0K(465920K) From: 465920K(465920K)->455072K(465920K)
[2025-08-01T03:43:22.059+0000] GC(331) ParOldGen: 1134038K(2796544K)->1498166K(2796544K)
[2025-08-01T03:43:22.059+0000] GC(331) Metaspace: 10662K(10880K)->10662K(10880K) NonClass: 9396K(9536K)->9396K(9536K) Class: 1265K(1344K)->1265K(1344K)
[2025-08-01T03:43:22.059+0000] GC(331) Pause Young (Allocation Failure) 2017M->1907M(3641M) 230.833ms
[2025-08-01T03:43:22.059+0000] GC(331) User=1.75s Sys=0.08s Real=0.23s
[2025-08-01T03:43:22.144+0000] GC(332) Pause Young (Allocation Failure)
[2025-08-01T03:43:22.247+0000] GC(332) PSYoungGen: 920992K(931840K)->328768K(931840K) Eden: 465920K(465920K)->0K(465920K) From: 455072K(465920K)->328768K(465920K)
[2025-08-01T03:43:22.247+0000] GC(332) ParOldGen: 1498166K(2796544K)->1719254K(2796544K)
[2025-08-01T03:43:22.247+0000] GC(332) Metaspace: 10662K(10880K)->10662K(10880K) NonClass: 9396K(9536K)->9396K(9536K) Class: 1265K(1344K)->1265K(1344K)
[2025-08-01T03:43:22.247+0000] GC(332) Pause Young (Allocation Failure) 2362M->2000M(3641M) 103.737ms
[2025-08-01T03:43:22.247+0000] GC(332) User=0.76s Sys=0.02s Real=0.10s
[2025-08-01T03:43:22.334+0000] GC(333) Pause Young (Allocation Failure)
[2025-08-01T03:43:22.443+0000] GC(333) PSYoungGen: 794688K(931840K)->378592K(931840K) Eden: 465920K(465920K)->0K(465920K) From: 328768K(465920K)->378592K(465920K)
[2025-08-01T03:43:22.443+0000] GC(333) ParOldGen: 1719254K(2796544K)->1958294K(2796544K)
[2025-08-01T03:43:22.443+0000] GC(333) Metaspace: 10662K(10880K)->10662K(10880K) NonClass: 9396K(9536K)->9396K(9536K) Class: 1265K(1344K)->1265K(1344K)
[2025-08-01T03:43:22.443+0000] GC(333) Pause Young (Allocation Failure) 2455M->2282M(3641M) 108.282ms
[2025-08-01T03:43:22.443+0000] GC(333) User=0.82s Sys=0.03s Real=0.10s
[2025-08-01T03:43:22.531+0000] GC(334) Pause Young (Allocation Failure)
[2025-08-01T03:43:22.680+0000] GC(334) PSYoungGen: 844512K(931840K)->465920K(931840K) Eden: 465920K(465920K)->0K(465920K) From: 378592K(465920K)->465920K(465920K)
[2025-08-01T03:43:22.680+0000] GC(334) ParOldGen: 1958294K(2796544K)->2367110K(2796544K)
[2025-08-01T03:43:22.680+0000] GC(334) Metaspace: 10662K(10880K)->10662K(10880K) NonClass: 9396K(9536K)->9396K(9536K) Class: 1265K(1344K)->1265K(1344K)
[2025-08-01T03:43:22.680+0000] GC(334) Pause Young (Allocation Failure) 2737M->2766M(3641M) 148.966ms
[2025-08-01T03:43:22.680+0000] GC(334) User=1.15s Sys=0.02s Real=0.15s
[2025-08-01T03:43:22.773+0000] GC(335) Pause Full (Ergonomics)
[2025-08-01T03:43:22.773+0000] GC(335) Marking Phase
[2025-08-01T03:43:22.876+0000] GC(335) Marking Phase 102.458ms
[2025-08-01T03:43:22.876+0000] GC(335) Summary Phase
[2025-08-01T03:43:22.876+0000] GC(335) Summary Phase 0.111ms
[2025-08-01T03:43:22.876+0000] GC(335) Adjust Roots
[2025-08-01T03:43:22.878+0000] GC(335) Adjust Roots 2.431ms
[2025-08-01T03:43:22.878+0000] GC(335) Compaction Phase
[2025-08-01T03:43:23.063+0000] GC(335) Compaction Phase 184.569ms
[2025-08-01T03:43:23.063+0000] GC(335) Post Compact
[2025-08-01T03:43:23.084+0000] GC(335) Post Compact 21.565ms
[2025-08-01T03:43:23.085+0000] GC(335) PSYoungGen: 931840K(931840K)->0K(931840K) Eden: 465920K(465920K)->0K(465920K) From: 465920K(465920K)->0K(465920K)
[2025-08-01T03:43:23.085+0000] GC(335) ParOldGen: 2367110K(2796544K)->1170406K(2796544K)
[2025-08-01T03:43:23.085+0000] GC(335) Metaspace: 10662K(10880K)->10662K(10880K) NonClass: 9396K(9536K)->9396K(9536K) Class: 1265K(1344K)->1265K(1344K)
[2025-08-01T03:43:23.085+0000] GC(335) Pause Full (Ergonomics) 3221M->1142M(3641M) 311.677ms
[2025-08-01T03:43:23.085+0000] GC(335) User=2.21s Sys=0.05s Real=0.31s
[2025-08-01T03:43:23.229+0000] GC(336) Pause Young (Allocation Failure)
[2025-08-01T03:43:23.329+0000] GC(336) PSYoungGen: 465920K(931840K)->348032K(931840K) Eden: 465920K(465920K)->0K(465920K) From: 0K(465920K)->348032K(465920K)
[2025-08-01T03:43:23.329+0000] GC(336) ParOldGen: 1170406K(2796544K)->1170406K(2796544K)
[2025-08-01T03:43:23.329+0000] GC(336) Metaspace: 10662K(10880K)->10662K(10880K) NonClass: 9396K(9536K)->9396K(9536K) Class: 1265K(1344K)->1265K(1344K)
[2025-08-01T03:43:23.329+0000] GC(336) Pause Young (Allocation Failure) 1597M->1482M(3641M) 100.705ms
[2025-08-01T03:43:23.329+0000] GC(336) User=0.76s Sys=0.03s Real=0.10s
[2025-08-01T03:43:23.438+0000] GC(337) Pause Young (Allocation Failure)
[2025-08-01T03:43:23.569+0000] GC(337) PSYoungGen: 813952K(931840K)->390176K(931840K) Eden: 465920K(465920K)->0K(465920K) From: 348032K(465920K)->390176K(465920K)
[2025-08-01T03:43:23.569+0000] GC(337) ParOldGen: 1170406K(2796544K)->1410566K(2796544K)
[2025-08-01T03:43:23.569+0000] GC(337) Metaspace: 10662K(10880K)->10662K(10880K) NonClass: 9396K(9536K)->9396K(9536K) Class: 1265K(1344K)->1265K(1344K)
[2025-08-01T03:43:23.569+0000] GC(337) Pause Young (Allocation Failure) 1937M->1758M(3641M) 131.311ms
[2025-08-01T03:43:23.569+0000] GC(337) User=0.89s Sys=0.05s Real=0.13s
[2025-08-01T03:43:23.661+0000] GC(338) Pause Young (Allocation Failure)
[2025-08-01T03:43:23.895+0000] GC(338) PSYoungGen: 856096K(931840K)->465920K(931840K) Eden: 465920K(465920K)->0K(465920K) From: 390176K(465920K)->465920K(465920K)
[2025-08-01T03:43:23.895+0000] GC(338) ParOldGen: 1410566K(2796544K)->1833038K(2796544K)
[2025-08-01T03:43:23.895+0000] GC(338) Metaspace: 10662K(10880K)->10662K(10880K) NonClass: 9396K(9536K)->9396K(9536K) Class: 1265K(1344K)->1265K(1344K)
[2025-08-01T03:43:23.895+0000] GC(338) Pause Young (Allocation Failure) 2213M->2245M(3641M) 233.767ms
[2025-08-01T03:43:23.895+0000] GC(338) User=1.75s Sys=0.07s Real=0.24s
[2025-08-01T03:43:23.982+0000] GC(339) Pause Young (Allocation Failure)
[2025-08-01T03:43:24.077+0000] GC(339) PSYoungGen: 931840K(931840K)->336448K(931840K) Eden: 465920K(465920K)->0K(465920K) From: 465920K(465920K)->336448K(465920K)
[2025-08-01T03:43:24.077+0000] GC(339) ParOldGen: 1833038K(2796544K)->2068542K(2796544K)
[2025-08-01T03:43:24.077+0000] GC(339) Metaspace: 10662K(10880K)->10662K(10880K) NonClass: 9396K(9536K)->9396K(9536K) Class: 1265K(1344K)->1265K(1344K)
[2025-08-01T03:43:24.077+0000] GC(339) Pause Young (Allocation Failure) 2700M->2348M(3641M) 95.279ms
[2025-08-01T03:43:24.077+0000] GC(339) User=0.72s Sys=0.02s Real=0.10s
[2025-08-01T03:43:24.171+0000] GC(340) Pause Young (Allocation Failure)
[2025-08-01T03:43:24.361+0000] GC(340) PSYoungGen: 802368K(931840K)->465920K(931840K) Eden: 465920K(465920K)->0K(465920K) From: 336448K(465920K)->465920K(465920K)
[2025-08-01T03:43:24.361+0000] GC(340) ParOldGen: 2068542K(2796544K)->2435078K(2796544K)
[2025-08-01T03:43:24.361+0000] GC(340) Metaspace: 10662K(10880K)->10662K(10880K) NonClass: 9396K(9536K)->9396K(9536K) Class: 1265K(1344K)->1265K(1344K)
[2025-08-01T03:43:24.361+0000] GC(340) Pause Young (Allocation Failure) 2803M->2833M(3641M) 189.926ms
[2025-08-01T03:43:24.361+0000] GC(340) User=1.48s Sys=0.01s Real=0.19s
[2025-08-01T03:43:24.499+0000] GC(341) Pause Full (Ergonomics)
[2025-08-01T03:43:24.499+0000] GC(341) Marking Phase
[2025-08-01T03:43:24.586+0000] GC(341) Marking Phase 87.593ms
[2025-08-01T03:43:24.586+0000] GC(341) Summary Phase
[2025-08-01T03:43:24.587+0000] GC(341) Summary Phase 0.173ms
[2025-08-01T03:43:24.587+0000] GC(341) Adjust Roots
[2025-08-01T03:43:24.590+0000] GC(341) Adjust Roots 3.664ms
[2025-08-01T03:43:24.590+0000] GC(341) Compaction Phase
[2025-08-01T03:43:24.747+0000] GC(341) Compaction Phase 156.268ms
[2025-08-01T03:43:24.747+0000] GC(341) Post Compact
[2025-08-01T03:43:24.770+0000] GC(341) Post Compact 23.659ms
[2025-08-01T03:43:24.770+0000] GC(341) PSYoungGen: 931840K(931840K)->0K(931840K) Eden: 465920K(465920K)->0K(465920K) From: 465920K(465920K)->0K(465920K)
[2025-08-01T03:43:24.770+0000] GC(341) ParOldGen: 2435078K(2796544K)->728499K(2796544K)
[2025-08-01T03:43:24.770+0000] GC(341) Metaspace: 10662K(10880K)->10662K(10880K) NonClass: 9396K(9536K)->9396K(9536K) Class: 1265K(1344K)->1265K(1344K)
[2025-08-01T03:43:24.770+0000] GC(341) Pause Full (Ergonomics) 3288M->711M(3641M) 271.872ms
[2025-08-01T03:43:24.770+0000] GC(341) User=1.77s Sys=0.09s Real=0.27s
[2025-08-01T03:43:24.862+0000] GC(342) Pause Young (Allocation Failure)
[2025-08-01T03:43:25.001+0000] GC(342) PSYoungGen: 465920K(931840K)->465920K(931840K) Eden: 465920K(465920K)->0K(465920K) From: 0K(465920K)->465920K(465920K)
[2025-08-01T03:43:25.001+0000] GC(342) ParOldGen: 728499K(2796544K)->737627K(2796544K)
[2025-08-01T03:43:25.002+0000] GC(342) Metaspace: 10662K(10880K)->10662K(10880K) NonClass: 9396K(9536K)->9396K(9536K) Class: 1265K(1344K)->1265K(1344K)
[2025-08-01T03:43:25.002+0000] GC(342) Pause Young (Allocation Failure) 1166M->1175M(3641M) 139.353ms
[2025-08-01T03:43:25.002+0000] GC(342) User=1.05s Sys=0.03s Real=0.14s
[2025-08-01T03:43:25.093+0000] GC(343) Pause Young (Allocation Failure)
[2025-08-01T03:43:25.229+0000] GC(343) PSYoungGen: 931840K(931840K)->361152K(931840K) Eden: 465920K(465920K)->0K(465920K) From: 465920K(465920K)->361152K(465920K)
[2025-08-01T03:43:25.229+0000] GC(343) ParOldGen: 737627K(2796544K)->985131K(2796544K)
[2025-08-01T03:43:25.229+0000] GC(343) Metaspace: 10662K(10880K)->10662K(10880K) NonClass: 9396K(9536K)->9396K(9536K) Class: 1265K(1344K)->1265K(1344K)
[2025-08-01T03:43:25.229+0000] GC(343) Pause Young (Allocation Failure) 1630M->1314M(3641M) 135.480ms
[2025-08-01T03:43:25.229+0000] GC(343) User=1.01s Sys=0.03s Real=0.13s
[2025-08-01T03:43:25.326+0000] GC(344) Pause Young (Allocation Failure)
[2025-08-01T03:43:25.469+0000] GC(344) PSYoungGen: 827072K(931840K)->352352K(931840K) Eden: 465920K(465920K)->0K(465920K) From: 361152K(465920K)->352352K(465920K)
[2025-08-01T03:43:25.469+0000] GC(344) ParOldGen: 985131K(2796544K)->1238867K(2796544K)
[2025-08-01T03:43:25.469+0000] GC(344) Metaspace: 10662K(10880K)->10662K(10880K) NonClass: 9396K(9536K)->9396K(9536K) Class: 1265K(1344K)->1265K(1344K)
[2025-08-01T03:43:25.469+0000] GC(344) Pause Young (Allocation Failure) 1769M->1553M(3641M) 142.533ms
[2025-08-01T03:43:25.469+0000] GC(344) User=1.08s Sys=0.04s Real=0.14s
[2025-08-01T03:43:25.563+0000] GC(345) Pause Young (Allocation Failure)
[2025-08-01T03:43:25.715+0000] GC(345) PSYoungGen: 818272K(931840K)->363168K(931840K) Eden: 465920K(465920K)->0K(465920K) From: 352352K(465920K)->363168K(465920K)
[2025-08-01T03:43:25.715+0000] GC(345) ParOldGen: 1238867K(2796544K)->1487795K(2796544K)
[2025-08-01T03:43:25.715+0000] GC(345) Metaspace: 10662K(10880K)->10662K(10880K) NonClass: 9396K(9536K)->9396K(9536K) Class: 1265K(1344K)->1265K(1344K)
[2025-08-01T03:43:25.715+0000] GC(345) Pause Young (Allocation Failure) 2008M->1807M(3641M) 152.240ms
[2025-08-01T03:43:25.715+0000] GC(345) User=1.07s Sys=0.07s Real=0.16s
[2025-08-01T03:43:25.802+0000] GC(346) Pause Young (Allocation Failure)
[2025-08-01T03:43:25.968+0000] GC(346) PSYoungGen: 829088K(931840K)->465920K(931840K) Eden: 465920K(465920K)->0K(465920K) From: 363168K(465920K)->465920K(465920K)
[2025-08-01T03:43:25.968+0000] GC(346) ParOldGen: 1487795K(2796544K)->1878875K(2796544K)
[2025-08-01T03:43:25.968+0000] GC(346) Metaspace: 10662K(10880K)->10662K(10880K) NonClass: 9396K(9536K)->9396K(9536K) Class: 1265K(1344K)->1265K(1344K)
[2025-08-01T03:43:25.968+0000] GC(346) Pause Young (Allocation Failure) 2262M->2289M(3641M) 166.044ms
[2025-08-01T03:43:25.968+0000] GC(346) User=1.28s Sys=0.03s Real=0.17s
[2025-08-01T03:43:26.061+0000] GC(347) Pause Young (Allocation Failure)
[2025-08-01T03:43:26.174+0000] GC(347) PSYoungGen: 931840K(931840K)->334400K(931840K) Eden: 465920K(465920K)->0K(465920K) From: 465920K(465920K)->334400K(465920K)
[2025-08-01T03:43:26.174+0000] GC(347) ParOldGen: 1878875K(2796544K)->2120595K(2796544K)
[2025-08-01T03:43:26.174+0000] GC(347) Metaspace: 10662K(10880K)->10662K(10880K) NonClass: 9396K(9536K)->9396K(9536K) Class: 1265K(1344K)->1265K(1344K)
[2025-08-01T03:43:26.174+0000] GC(347) Pause Young (Allocation Failure) 2744M->2397M(3641M) 112.803ms
[2025-08-01T03:43:26.174+0000] GC(347) User=0.85s Sys=0.03s Real=0.12s
[2025-08-01T03:43:26.267+0000] GC(348) Pause Young (Allocation Failure)
[2025-08-01T03:43:26.463+0000] GC(348) PSYoungGen: 800320K(931840K)->406912K(931840K) Eden: 465920K(465920K)->0K(465920K) From: 334400K(465920K)->406912K(465920K)
[2025-08-01T03:43:26.463+0000] GC(348) ParOldGen: 2120595K(2796544K)->2346563K(2796544K)
[2025-08-01T03:43:26.463+0000] GC(348) Metaspace: 10662K(10880K)->10662K(10880K) NonClass: 9396K(9536K)->9396K(9536K) Class: 1265K(1344K)->1265K(1344K)
[2025-08-01T03:43:26.463+0000] GC(348) Pause Young (Allocation Failure) 2852M->2688M(3641M) 196.034ms
[2025-08-01T03:43:26.463+0000] GC(348) User=1.42s Sys=0.08s Real=0.20s
[2025-08-01T03:43:26.557+0000] GC(349) Pause Full (Ergonomics)
[2025-08-01T03:43:26.558+0000] GC(349) Marking Phase
[2025-08-01T03:43:26.664+0000] GC(349) Marking Phase 106.680ms
[2025-08-01T03:43:26.664+0000] GC(349) Summary Phase
[2025-08-01T03:43:26.664+0000] GC(349) Summary Phase 0.129ms
[2025-08-01T03:43:26.664+0000] GC(349) Adjust Roots
[2025-08-01T03:43:26.666+0000] GC(349) Adjust Roots 1.994ms
[2025-08-01T03:43:26.666+0000] GC(349) Compaction Phase
[2025-08-01T03:43:26.856+0000] GC(349) Compaction Phase 189.085ms
[2025-08-01T03:43:26.856+0000] GC(349) Post Compact
[2025-08-01T03:43:26.876+0000] GC(349) Post Compact 20.234ms
[2025-08-01T03:43:26.876+0000] GC(349) PSYoungGen: 872832K(931840K)->0K(931840K) Eden: 465920K(465920K)->0K(465920K) From: 406912K(465920K)->0K(465920K)
[2025-08-01T03:43:26.876+0000] GC(349) ParOldGen: 2346563K(2796544K)->1206145K(2796544K)
[2025-08-01T03:43:26.876+0000] GC(349) Metaspace: 10662K(10880K)->10662K(10880K) NonClass: 9396K(9536K)->9396K(9536K) Class: 1265K(1344K)->1265K(1344K)
[2025-08-01T03:43:26.876+0000] GC(349) Pause Full (Ergonomics) 3143M->1177M(3641M) 318.545ms
[2025-08-01T03:43:26.876+0000] GC(349) User=2.24s Sys=0.05s Real=0.32s
[2025-08-01T03:43:26.960+0000] GC(350) Pause Young (Allocation Failure)
[2025-08-01T03:43:27.055+0000] GC(350) PSYoungGen: 465920K(931840K)->465920K(931840K) Eden: 465920K(465920K)->0K(465920K) From: 0K(465920K)->465920K(465920K)
[2025-08-01T03:43:27.056+0000] GC(350) ParOldGen: 1206145K(2796544K)->1209737K(2796544K)
[2025-08-01T03:43:27.056+0000] GC(350) Metaspace: 10662K(10880K)->10662K(10880K) NonClass: 9396K(9536K)->9396K(9536K) Class: 1265K(1344K)->1265K(1344K)
[2025-08-01T03:43:27.056+0000] GC(350) Pause Young (Allocation Failure) 1632M->1636M(3641M) 95.976ms
[2025-08-01T03:43:27.056+0000] GC(350) User=0.72s Sys=0.04s Real=0.10s
[2025-08-01T03:43:27.147+0000] GC(351) Pause Young (Allocation Failure)
[2025-08-01T03:43:27.275+0000] GC(351) PSYoungGen: 931840K(931840K)->367552K(931840K) Eden: 465920K(465920K)->0K(465920K) From: 465920K(465920K)->367552K(465920K)
[2025-08-01T03:43:27.275+0000] GC(351) ParOldGen: 1209737K(2796544K)->1421545K(2796544K)
[2025-08-01T03:43:27.275+0000] GC(351) Metaspace: 10662K(10880K)->10662K(10880K) NonClass: 9396K(9536K)->9396K(9536K) Class: 1265K(1344K)->1265K(1344K)
[2025-08-01T03:43:27.275+0000] GC(351) Pause Young (Allocation Failure) 2091M->1747M(3641M) 127.988ms
[2025-08-01T03:43:27.275+0000] GC(351) User=0.99s Sys=0.01s Real=0.13s
[2025-08-01T03:43:27.365+0000] GC(352) Pause Young (Allocation Failure)
[2025-08-01T03:43:27.469+0000] GC(352) PSYoungGen: 833472K(931840K)->406720K(931840K) Eden: 465920K(465920K)->0K(465920K) From: 367552K(465920K)->406720K(465920K)
[2025-08-01T03:43:27.469+0000] GC(352) ParOldGen: 1421545K(2796544K)->1681081K(2796544K)
[2025-08-01T03:43:27.469+0000] GC(352) Metaspace: 10662K(10880K)->10662K(10880K) NonClass: 9396K(9536K)->9396K(9536K) Class: 1265K(1344K)->1265K(1344K)
[2025-08-01T03:43:27.469+0000] GC(352) Pause Young (Allocation Failure) 2202M->2038M(3641M) 104.339ms
[2025-08-01T03:43:27.469+0000] GC(352) User=0.81s Sys=0.00s Real=0.10s
[2025-08-01T03:43:27.559+0000] GC(353) Pause Young (Allocation Failure)
[2025-08-01T03:43:27.733+0000] GC(353) PSYoungGen: 872640K(931840K)->465920K(931840K) Eden: 465920K(465920K)->0K(465920K) From: 406720K(465920K)->465920K(465920K)
[2025-08-01T03:43:27.733+0000] GC(353) ParOldGen: 1681081K(2796544K)->2119409K(2796544K)
[2025-08-01T03:43:27.733+0000] GC(353) Metaspace: 10662K(10880K)->10662K(10880K) NonClass: 9396K(9536K)->9396K(9536K) Class: 1265K(1344K)->1265K(1344K)
[2025-08-01T03:43:27.733+0000] GC(353) Pause Young (Allocation Failure) 2493M->2524M(3641M) 174.674ms
[2025-08-01T03:43:27.733+0000] GC(353) User=1.31s Sys=0.06s Real=0.18s
[2025-08-01T03:43:27.830+0000] GC(354) Pause Young (Allocation Failure)
[2025-08-01T03:43:28.048+0000] GC(354) PSYoungGen: 931840K(931840K)->446176K(931840K) Eden: 465920K(465920K)->0K(465920K) From: 465920K(465920K)->446176K(465920K)
[2025-08-01T03:43:28.048+0000] GC(354) ParOldGen: 2119409K(2796544K)->2489929K(2796544K)
[2025-08-01T03:43:28.048+0000] GC(354) Metaspace: 10662K(10880K)->10662K(10880K) NonClass: 9396K(9536K)->9396K(9536K) Class: 1265K(1344K)->1265K(1344K)
[2025-08-01T03:43:28.048+0000] GC(354) Pause Young (Allocation Failure) 2979M->2867M(3641M) 217.201ms
[2025-08-01T03:43:28.048+0000] GC(354) User=1.58s Sys=0.09s Real=0.22s
[2025-08-01T03:43:28.143+0000] GC(355) Pause Full (Ergonomics)
[2025-08-01T03:43:28.143+0000] GC(355) Marking Phase
[2025-08-01T03:43:28.223+0000] GC(355) Marking Phase 79.987ms
[2025-08-01T03:43:28.223+0000] GC(355) Summary Phase
[2025-08-01T03:43:28.224+0000] GC(355) Summary Phase 0.218ms
[2025-08-01T03:43:28.224+0000] GC(355) Adjust Roots
[2025-08-01T03:43:28.227+0000] GC(355) Adjust Roots 3.234ms
[2025-08-01T03:43:28.227+0000] GC(355) Compaction Phase
[2025-08-01T03:43:28.351+0000] GC(355) Compaction Phase 124.001ms
[2025-08-01T03:43:28.351+0000] GC(355) Post Compact
[2025-08-01T03:43:28.375+0000] GC(355) Post Compact 23.483ms
[2025-08-01T03:43:28.375+0000] GC(355) PSYoungGen: 912096K(931840K)->0K(931840K) Eden: 465920K(465920K)->0K(465920K) From: 446176K(465920K)->0K(465920K)
[2025-08-01T03:43:28.375+0000] GC(355) ParOldGen: 2489929K(2796544K)->755404K(2796544K)
[2025-08-01T03:43:28.375+0000] GC(355) Metaspace: 10662K(10880K)->10662K(10880K) NonClass: 9396K(9536K)->9396K(9536K) Class: 1265K(1344K)->1265K(1344K)
[2025-08-01T03:43:28.375+0000] GC(355) Pause Full (Ergonomics) 3322M->737M(3641M) 231.552ms
[2025-08-01T03:43:28.375+0000] GC(355) User=1.55s Sys=0.02s Real=0.23s
[2025-08-01T03:43:28.464+0000] GC(356) Pause Young (Allocation Failure)
[2025-08-01T03:43:28.583+0000] GC(356) PSYoungGen: 465920K(931840K)->379552K(931840K) Eden: 465920K(465920K)->0K(465920K) From: 0K(465920K)->379552K(465920K)
[2025-08-01T03:43:28.583+0000] GC(356) ParOldGen: 755404K(2796544K)->755404K(2796544K)
[2025-08-01T03:43:28.583+0000] GC(356) Metaspace: 10662K(10880K)->10662K(10880K) NonClass: 9396K(9536K)->9396K(9536K) Class: 1265K(1344K)->1265K(1344K)
[2025-08-01T03:43:28.583+0000] GC(356) Pause Young (Allocation Failure) 1192M->1108M(3641M) 119.238ms
[2025-08-01T03:43:28.583+0000] GC(356) User=0.84s Sys=0.06s Real=0.12s
[2025-08-01T03:43:28.679+0000] GC(357) Pause Young (Allocation Failure)
[2025-08-01T03:43:28.891+0000] GC(357) PSYoungGen: 845472K(931840K)->465920K(931840K) Eden: 465920K(465920K)->0K(465920K) From: 379552K(465920K)->465920K(465920K)
[2025-08-01T03:43:28.891+0000] GC(357) ParOldGen: 755404K(2796544K)->1165788K(2796544K)
[2025-08-01T03:43:28.891+0000] GC(357) Metaspace: 10662K(10880K)->10662K(10880K) NonClass: 9396K(9536K)->9396K(9536K) Class: 1265K(1344K)->1265K(1344K)
[2025-08-01T03:43:28.891+0000] GC(357) Pause Young (Allocation Failure) 1563M->1593M(3641M) 211.652ms
[2025-08-01T03:43:28.891+0000] GC(357) User=1.56s Sys=0.07s Real=0.21s
[2025-08-01T03:43:28.984+0000] GC(358) Pause Young (Allocation Failure)
[2025-08-01T03:43:29.187+0000] GC(358) PSYoungGen: 931840K(931840K)->430464K(931840K) Eden: 465920K(465920K)->0K(465920K) From: 465920K(465920K)->430464K(465920K)
[2025-08-01T03:43:29.188+0000] GC(358) ParOldGen: 1165788K(2796544K)->1541292K(2796544K)
[2025-08-01T03:43:29.188+0000] GC(358) Metaspace: 10662K(10880K)->10662K(10880K) NonClass: 9396K(9536K)->9396K(9536K) Class: 1265K(1344K)->1265K(1344K)
[2025-08-01T03:43:29.188+0000] GC(358) Pause Young (Allocation Failure) 2048M->1925M(3641M) 203.258ms
[2025-08-01T03:43:29.188+0000] GC(358) User=1.56s Sys=0.03s Real=0.20s
[2025-08-01T03:43:29.327+0000] GC(359) Pause Young (Allocation Failure)
[2025-08-01T03:43:29.497+0000] GC(359) PSYoungGen: 896384K(931840K)->421024K(931840K) Eden: 465920K(465920K)->0K(465920K) From: 430464K(465920K)->421024K(465920K)
[2025-08-01T03:43:29.497+0000] GC(359) ParOldGen: 1541292K(2796544K)->1744884K(2796544K)
[2025-08-01T03:43:29.497+0000] GC(359) Metaspace: 10662K(10880K)->10662K(10880K) NonClass: 9396K(9536K)->9396K(9536K) Class: 1265K(1344K)->1265K(1344K)
[2025-08-01T03:43:29.497+0000] GC(359) Pause Young (Allocation Failure) 2380M->2115M(3641M) 169.427ms
[2025-08-01T03:43:29.497+0000] GC(359) User=1.25s Sys=0.06s Real=0.17s
[2025-08-01T03:43:29.591+0000] GC(360) Pause Young (Allocation Failure)
[2025-08-01T03:43:29.723+0000] GC(360) PSYoungGen: 886944K(931840K)->378656K(931840K) Eden: 465920K(465920K)->0K(465920K) From: 421024K(465920K)->378656K(465920K)
[2025-08-01T03:43:29.723+0000] GC(360) ParOldGen: 1744884K(2796544K)->2067172K(2796544K)
[2025-08-01T03:43:29.723+0000] GC(360) Metaspace: 10662K(10880K)->10662K(10880K) NonClass: 9396K(9536K)->9396K(9536K) Class: 1265K(1344K)->1265K(1344K)
[2025-08-01T03:43:29.723+0000] GC(360) Pause Young (Allocation Failure) 2570M->2388M(3641M) 132.542ms
[2025-08-01T03:43:29.723+0000] GC(360) User=0.98s Sys=0.03s Real=0.14s
[2025-08-01T03:43:29.817+0000] GC(361) Pause Young (Allocation Failure)
[2025-08-01T03:43:29.990+0000] GC(361) PSYoungGen: 844576K(931840K)->465920K(931840K) Eden: 465920K(465920K)->0K(465920K) From: 378656K(465920K)->465920K(465920K)
[2025-08-01T03:43:29.990+0000] GC(361) ParOldGen: 2067172K(2796544K)->2476140K(2796544K)
[2025-08-01T03:43:29.990+0000] GC(361) Metaspace: 10662K(10880K)->10662K(10880K) NonClass: 9396K(9536K)->9396K(9536K) Class: 1265K(1344K)->1265K(1344K)
[2025-08-01T03:43:29.990+0000] GC(361) Pause Young (Allocation Failure) 2843M->2873M(3641M) 172.661ms
[2025-08-01T03:43:29.990+0000] GC(361) User=1.26s Sys=0.04s Real=0.17s
[2025-08-01T03:43:30.080+0000] GC(362) Pause Full (Ergonomics)
[2025-08-01T03:43:30.080+0000] GC(362) Marking Phase
[2025-08-01T03:43:30.142+0000] GC(362) Marking Phase 62.058ms
[2025-08-01T03:43:30.142+0000] GC(362) Summary Phase
[2025-08-01T03:43:30.142+0000] GC(362) Summary Phase 0.130ms
[2025-08-01T03:43:30.142+0000] GC(362) Adjust Roots
[2025-08-01T03:43:30.144+0000] GC(362) Adjust Roots 1.972ms
[2025-08-01T03:43:30.144+0000] GC(362) Compaction Phase
[2025-08-01T03:43:30.323+0000] GC(362) Compaction Phase 179.245ms
[2025-08-01T03:43:30.324+0000] GC(362) Post Compact
[2025-08-01T03:43:30.346+0000] GC(362) Post Compact 22.924ms
[2025-08-01T03:43:30.347+0000] GC(362) PSYoungGen: 931840K(931840K)->0K(931840K) Eden: 465920K(465920K)->0K(465920K) From: 465920K(465920K)->0K(465920K)
[2025-08-01T03:43:30.347+0000] GC(362) ParOldGen: 2476140K(2796544K)->1232324K(2796544K)
[2025-08-01T03:43:30.347+0000] GC(362) Metaspace: 10662K(10880K)->10662K(10880K) NonClass: 9396K(9536K)->9396K(9536K) Class: 1265K(1344K)->1265K(1344K)
[2025-08-01T03:43:30.347+0000] GC(362) Pause Full (Ergonomics) 3328M->1203M(3641M) 266.946ms
[2025-08-01T03:43:30.347+0000] GC(362) User=1.89s Sys=0.00s Real=0.27s
[2025-08-01T03:43:30.497+0000] GC(363) Pause Young (Allocation Failure)
[2025-08-01T03:43:30.626+0000] GC(363) PSYoungGen: 465920K(931840K)->434624K(931840K) Eden: 465920K(465920K)->0K(465920K) From: 0K(465920K)->434624K(465920K)
[2025-08-01T03:43:30.626+0000] GC(363) ParOldGen: 1232324K(2796544K)->1232324K(2796544K)
[2025-08-01T03:43:30.626+0000] GC(363) Metaspace: 10662K(10880K)->10662K(10880K) NonClass: 9396K(9536K)->9396K(9536K) Class: 1265K(1344K)->1265K(1344K)
[2025-08-01T03:43:30.627+0000] GC(363) Pause Young (Allocation Failure) 1658M->1627M(3641M) 129.246ms
[2025-08-01T03:43:30.627+0000] GC(363) User=0.96s Sys=0.02s Real=0.13s
[2025-08-01T03:43:30.728+0000] GC(364) Pause Young (Allocation Failure)
[2025-08-01T03:43:30.899+0000] GC(364) PSYoungGen: 900544K(931840K)->380096K(931840K) Eden: 465920K(465920K)->0K(465920K) From: 434624K(465920K)->380096K(465920K)
[2025-08-01T03:43:30.899+0000] GC(364) ParOldGen: 1232324K(2796544K)->1568348K(2796544K)
[2025-08-01T03:43:30.899+0000] GC(364) Metaspace: 10662K(10880K)->10662K(10880K) NonClass: 9396K(9536K)->9396K(9536K) Class: 1265K(1344K)->1265K(1344K)
[2025-08-01T03:43:30.899+0000] GC(364) Pause Young (Allocation Failure) 2082M->1902M(3641M) 170.870ms
[2025-08-01T03:43:30.899+0000] GC(364) User=1.30s Sys=0.03s Real=0.17s
[2025-08-01T03:43:30.995+0000] GC(365) Pause Young (Allocation Failure)
[2025-08-01T03:43:31.124+0000] GC(365) PSYoungGen: 846016K(931840K)->465920K(931840K) Eden: 465920K(465920K)->0K(465920K) From: 380096K(465920K)->465920K(465920K)
[2025-08-01T03:43:31.125+0000] GC(365) ParOldGen: 1568348K(2796544K)->1978988K(2796544K)
[2025-08-01T03:43:31.125+0000] GC(365) Metaspace: 10662K(10880K)->10662K(10880K) NonClass: 9396K(9536K)->9396K(9536K) Class: 1265K(1344K)->1265K(1344K)
[2025-08-01T03:43:31.125+0000] GC(365) Pause Young (Allocation Failure) 2357M->2387M(3641M) 129.474ms
[2025-08-01T03:43:31.125+0000] GC(365) User=0.99s Sys=0.00s Real=0.13s
[2025-08-01T03:43:31.216+0000] GC(366) Pause Young (Allocation Failure)
[2025-08-01T03:43:31.352+0000] GC(366) PSYoungGen: 931840K(931840K)->440640K(931840K) Eden: 465920K(465920K)->0K(465920K) From: 465920K(465920K)->440640K(465920K)
[2025-08-01T03:43:31.352+0000] GC(366) ParOldGen: 1978988K(2796544K)->2343972K(2796544K)
[2025-08-01T03:43:31.352+0000] GC(366) Metaspace: 10662K(10880K)->10662K(10880K) NonClass: 9396K(9536K)->9396K(9536K) Class: 1265K(1344K)->1265K(1344K)
[2025-08-01T03:43:31.352+0000] GC(366) Pause Young (Allocation Failure) 2842M->2719M(3641M) 136.239ms
[2025-08-01T03:43:31.352+0000] GC(366) User=1.04s Sys=0.03s Real=0.13s
[2025-08-01T03:43:31.484+0000] GC(367) Pause Full (Ergonomics)
[2025-08-01T03:43:31.484+0000] GC(367) Marking Phase
[2025-08-01T03:43:31.570+0000] GC(367) Marking Phase 85.605ms
[2025-08-01T03:43:31.570+0000] GC(367) Summary Phase
[2025-08-01T03:43:31.570+0000] GC(367) Summary Phase 0.103ms
[2025-08-01T03:43:31.570+0000] GC(367) Adjust Roots
[2025-08-01T03:43:31.572+0000] GC(367) Adjust Roots 2.132ms
[2025-08-01T03:43:31.572+0000] GC(367) Compaction Phase
[2025-08-01T03:43:31.716+0000] GC(367) Compaction Phase 144.265ms
[2025-08-01T03:43:31.716+0000] GC(367) Post Compact
[2025-08-01T03:43:31.739+0000] GC(367) Post Compact 22.333ms
[2025-08-01T03:43:31.739+0000] GC(367) PSYoungGen: 906560K(931840K)->0K(931840K) Eden: 465920K(465920K)->0K(465920K) From: 440640K(465920K)->0K(465920K)
[2025-08-01T03:43:31.739+0000] GC(367) ParOldGen: 2343972K(2796544K)->781835K(2796544K)
[2025-08-01T03:43:31.739+0000] GC(367) Metaspace: 10662K(10880K)->10662K(10880K) NonClass: 9396K(9536K)->9396K(9536K) Class: 1265K(1344K)->1265K(1344K)
[2025-08-01T03:43:31.739+0000] GC(367) Pause Full (Ergonomics) 3174M->763M(3641M) 254.931ms
[2025-08-01T03:43:31.739+0000] GC(367) User=1.73s Sys=0.05s Real=0.25s
[2025-08-01T03:43:31.826+0000] GC(368) Pause Young (Allocation Failure)
[2025-08-01T03:43:31.907+0000] GC(368) PSYoungGen: 465920K(931840K)->378432K(931840K) Eden: 465920K(465920K)->0K(465920K) From: 0K(465920K)->378432K(465920K)
[2025-08-01T03:43:31.907+0000] GC(368) ParOldGen: 781835K(2796544K)->781835K(2796544K)
[2025-08-01T03:43:31.907+0000] GC(368) Metaspace: 10662K(10880K)->10662K(10880K) NonClass: 9396K(9536K)->9396K(9536K) Class: 1265K(1344K)->1265K(1344K)
[2025-08-01T03:43:31.907+0000] GC(368) Pause Young (Allocation Failure) 1218M->1133M(3641M) 80.553ms
[2025-08-01T03:43:31.907+0000] GC(368) User=0.59s Sys=0.03s Real=0.08s
[2025-08-01T03:43:32.001+0000] GC(369) Pause Young (Allocation Failure)
[2025-08-01T03:43:32.176+0000] GC(369) PSYoungGen: 844352K(931840K)->465920K(931840K) Eden: 465920K(465920K)->0K(465920K) From: 378432K(465920K)->465920K(465920K)
[2025-08-01T03:43:32.176+0000] GC(369) ParOldGen: 781835K(2796544K)->1191515K(2796544K)
[2025-08-01T03:43:32.176+0000] GC(369) Metaspace: 10662K(10880K)->10662K(10880K) NonClass: 9396K(9536K)->9396K(9536K) Class: 1265K(1344K)->1265K(1344K)
[2025-08-01T03:43:32.176+0000] GC(369) Pause Young (Allocation Failure) 1588M->1618M(3641M) 175.178ms
[2025-08-01T03:43:32.176+0000] GC(369) User=1.19s Sys=0.09s Real=0.18s
[2025-08-01T03:43:32.270+0000] GC(370) Pause Young (Allocation Failure)
[2025-08-01T03:43:32.432+0000] GC(370) PSYoungGen: 931840K(931840K)->451392K(931840K) Eden: 465920K(465920K)->0K(465920K) From: 465920K(465920K)->451392K(465920K)
[2025-08-01T03:43:32.432+0000] GC(370) ParOldGen: 1191515K(2796544K)->1558003K(2796544K)
[2025-08-01T03:43:32.433+0000] GC(370) Metaspace: 10662K(10880K)->10662K(10880K) NonClass: 9396K(9536K)->9396K(9536K) Class: 1265K(1344K)->1265K(1344K)
[2025-08-01T03:43:32.433+0000] GC(370) Pause Young (Allocation Failure) 2073M->1962M(3641M) 162.132ms
[2025-08-01T03:43:32.433+0000] GC(370) User=1.18s Sys=0.07s Real=0.16s
[2025-08-01T03:43:32.521+0000] GC(371) Pause Young (Allocation Failure)
[2025-08-01T03:43:32.629+0000] GC(371) PSYoungGen: 917312K(931840K)->430208K(931840K) Eden: 465920K(465920K)->0K(465920K) From: 451392K(465920K)->430208K(465920K)
[2025-08-01T03:43:32.629+0000] GC(371) ParOldGen: 1558003K(2796544K)->1778203K(2796544K)
[2025-08-01T03:43:32.629+0000] GC(371) Metaspace: 10662K(10880K)->10662K(10880K) NonClass: 9396K(9536K)->9396K(9536K) Class: 1265K(1344K)->1265K(1344K)
[2025-08-01T03:43:32.629+0000] GC(371) Pause Young (Allocation Failure) 2417M->2156M(3641M) 108.414ms
[2025-08-01T03:43:32.629+0000] GC(371) User=0.83s Sys=0.01s Real=0.11s
[2025-08-01T03:43:32.771+0000] GC(372) Pause Young (Allocation Failure)
[2025-08-01T03:43:32.943+0000] GC(372) PSYoungGen: 896128K(931840K)->375456K(931840K) Eden: 465920K(465920K)->0K(465920K) From: 430208K(465920K)->375456K(465920K)
[2025-08-01T03:43:32.943+0000] GC(372) ParOldGen: 1778203K(2796544K)->2117475K(2796544K)
[2025-08-01T03:43:32.943+0000] GC(372) Metaspace: 10662K(10880K)->10662K(10880K) NonClass: 9396K(9536K)->9396K(9536K) Class: 1265K(1344K)->1265K(1344K)
[2025-08-01T03:43:32.943+0000] GC(372) Pause Young (Allocation Failure) 2611M->2434M(3641M) 172.327ms
[2025-08-01T03:43:32.943+0000] GC(372) User=1.29s Sys=0.06s Real=0.18s
[2025-08-01T03:43:33.033+0000] GC(373) Pause Young (Allocation Failure)
[2025-08-01T03:43:33.145+0000] GC(373) PSYoungGen: 841376K(931840K)->378144K(931840K) Eden: 465920K(465920K)->0K(465920K) From: 375456K(465920K)->378144K(465920K)
[2025-08-01T03:43:33.145+0000] GC(373) ParOldGen: 2117475K(2796544K)->2367643K(2796544K)
[2025-08-01T03:43:33.145+0000] GC(373) Metaspace: 10662K(10880K)->10662K(10880K) NonClass: 9396K(9536K)->9396K(9536K) Class: 1265K(1344K)->1265K(1344K)
[2025-08-01T03:43:33.146+0000] GC(373) Pause Young (Allocation Failure) 2889M->2681M(3641M) 112.646ms
[2025-08-01T03:43:33.146+0000] GC(373) User=0.84s Sys=0.02s Real=0.11s
[2025-08-01T03:43:33.241+0000] GC(374) Pause Full (Ergonomics)
[2025-08-01T03:43:33.241+0000] GC(374) Marking Phase
[2025-08-01T03:43:33.326+0000] GC(374) Marking Phase 84.613ms
[2025-08-01T03:43:33.326+0000] GC(374) Summary Phase
[2025-08-01T03:43:33.326+0000] GC(374) Summary Phase 0.114ms
[2025-08-01T03:43:33.326+0000] GC(374) Adjust Roots
[2025-08-01T03:43:33.328+0000] GC(374) Adjust Roots 2.060ms
[2025-08-01T03:43:33.328+0000] GC(374) Compaction Phase
[2025-08-01T03:43:33.458+0000] GC(374) Compaction Phase 129.922ms
[2025-08-01T03:43:33.458+0000] GC(374) Post Compact
[2025-08-01T03:43:33.480+0000] GC(374) Post Compact 21.452ms
[2025-08-01T03:43:33.480+0000] GC(374) PSYoungGen: 844064K(931840K)->0K(931840K) Eden: 465920K(465920K)->0K(465920K) From: 378144K(465920K)->0K(465920K)
[2025-08-01T03:43:33.480+0000] GC(374) ParOldGen: 2367643K(2796544K)->797960K(2796544K)
[2025-08-01T03:43:33.480+0000] GC(374) Metaspace: 10662K(10880K)->10662K(10880K) NonClass: 9396K(9536K)->9396K(9536K) Class: 1265K(1344K)->1265K(1344K)
[2025-08-01T03:43:33.480+0000] GC(374) Pause Full (Ergonomics) 3136M->779M(3641M) 238.582ms
[2025-08-01T03:43:33.480+0000] GC(374) User=1.63s Sys=0.04s Real=0.24s
[2025-08-01T03:43:33.569+0000] GC(375) Pause Young (Allocation Failure)
[2025-08-01T03:43:33.693+0000] GC(375) PSYoungGen: 465920K(931840K)->434432K(931840K) Eden: 465920K(465920K)->0K(465920K) From: 0K(465920K)->434432K(465920K)
[2025-08-01T03:43:33.693+0000] GC(375) ParOldGen: 797960K(2796544K)->797960K(2796544K)
[2025-08-01T03:43:33.693+0000] GC(375) Metaspace: 10662K(10880K)->10662K(10880K) NonClass: 9396K(9536K)->9396K(9536K) Class: 1265K(1344K)->1265K(1344K)
[2025-08-01T03:43:33.693+0000] GC(375) Pause Young (Allocation Failure) 1234M->1203M(3641M) 124.741ms
[2025-08-01T03:43:33.693+0000] GC(375) User=0.92s Sys=0.04s Real=0.13s
[2025-08-01T03:43:33.785+0000] GC(376) Pause Young (Allocation Failure)
[2025-08-01T03:43:33.979+0000] GC(376) PSYoungGen: 900352K(931840K)->465920K(931840K) Eden: 465920K(465920K)->0K(465920K) From: 434432K(465920K)->465920K(465920K)
[2025-08-01T03:43:33.979+0000] GC(376) ParOldGen: 797960K(2796544K)->1265640K(2796544K)
[2025-08-01T03:43:33.979+0000] GC(376) Metaspace: 10662K(10880K)->10662K(10880K) NonClass: 9396K(9536K)->9396K(9536K) Class: 1265K(1344K)->1265K(1344K)
[2025-08-01T03:43:33.979+0000] GC(376) Pause Young (Allocation Failure) 1658M->1690M(3641M) 194.094ms
[2025-08-01T03:43:33.979+0000] GC(376) User=1.49s Sys=0.04s Real=0.19s
[2025-08-01T03:43:34.068+0000] GC(377) Pause Young (Allocation Failure)
[2025-08-01T03:43:34.186+0000] GC(377) PSYoungGen: 931840K(931840K)->352192K(931840K) Eden: 465920K(465920K)->0K(465920K) From: 465920K(465920K)->352192K(465920K)
[2025-08-01T03:43:34.186+0000] GC(377) ParOldGen: 1265640K(2796544K)->1513768K(2796544K)
[2025-08-01T03:43:34.186+0000] GC(377) Metaspace: 10662K(10880K)->10662K(10880K) NonClass: 9396K(9536K)->9396K(9536K) Class: 1265K(1344K)->1265K(1344K)
[2025-08-01T03:43:34.186+0000] GC(377) Pause Young (Allocation Failure) 2145M->1822M(3641M) 117.798ms
[2025-08-01T03:43:34.186+0000] GC(377) User=0.83s Sys=0.05s Real=0.12s
[2025-08-01T03:43:34.270+0000] GC(378) Pause Young (Allocation Failure)
[2025-08-01T03:43:34.419+0000] GC(378) PSYoungGen: 818112K(931840K)->375040K(931840K) Eden: 465920K(465920K)->0K(465920K) From: 352192K(465920K)->375040K(465920K)
[2025-08-01T03:43:34.419+0000] GC(378) ParOldGen: 1513768K(2796544K)->1764064K(2796544K)
[2025-08-01T03:43:34.419+0000] GC(378) Metaspace: 10662K(10880K)->10662K(10880K) NonClass: 9396K(9536K)->9396K(9536K) Class: 1265K(1344K)->1265K(1344K)
[2025-08-01T03:43:34.420+0000] GC(378) Pause Young (Allocation Failure) 2277M->2088M(3641M) 149.848ms
[2025-08-01T03:43:34.420+0000] GC(378) User=1.11s Sys=0.05s Real=0.15s
[2025-08-01T03:43:34.507+0000] GC(379) Pause Young (Allocation Failure)
[2025-08-01T03:43:34.678+0000] GC(379) PSYoungGen: 840960K(931840K)->448864K(931840K) Eden: 465920K(465920K)->0K(465920K) From: 375040K(465920K)->448864K(465920K)
[2025-08-01T03:43:34.678+0000] GC(379) ParOldGen: 1764064K(2796544K)->2034696K(2796544K)
[2025-08-01T03:43:34.678+0000] GC(379) Metaspace: 10662K(10880K)->10662K(10880K) NonClass: 9396K(9536K)->9396K(9536K) Class: 1265K(1344K)->1265K(1344K)
[2025-08-01T03:43:34.678+0000] GC(379) Pause Young (Allocation Failure) 2543M->2425M(3641M) 171.127ms
[2025-08-01T03:43:34.678+0000] GC(379) User=1.24s Sys=0.08s Real=0.17s
[2025-08-01T03:43:34.767+0000] GC(380) Pause Young (Allocation Failure)
[2025-08-01T03:43:34.973+0000] GC(380) PSYoungGen: 914784K(931840K)->465920K(931840K) Eden: 465920K(465920K)->0K(465920K) From: 448864K(465920K)->465920K(465920K)
[2025-08-01T03:43:34.973+0000] GC(380) ParOldGen: 2034696K(2796544K)->2517984K(2796544K)
[2025-08-01T03:43:34.973+0000] GC(380) Metaspace: 10662K(10880K)->10662K(10880K) NonClass: 9396K(9536K)->9396K(9536K) Class: 1265K(1344K)->1265K(1344K)
[2025-08-01T03:43:34.973+0000] GC(380) Pause Young (Allocation Failure) 2880M->2913M(3641M) 205.491ms
[2025-08-01T03:43:34.973+0000] GC(380) User=1.45s Sys=0.11s Real=0.20s
[2025-08-01T03:43:35.061+0000] GC(381) Pause Full (Ergonomics)
[2025-08-01T03:43:35.061+0000] GC(381) Marking Phase
[2025-08-01T03:43:35.131+0000] GC(381) Marking Phase 70.017ms
[2025-08-01T03:43:35.131+0000] GC(381) Summary Phase
[2025-08-01T03:43:35.131+0000] GC(381) Summary Phase 0.118ms
[2025-08-01T03:43:35.131+0000] GC(381) Adjust Roots
[2025-08-01T03:43:35.133+0000] GC(381) Adjust Roots 1.318ms
[2025-08-01T03:43:35.133+0000] GC(381) Compaction Phase
[2025-08-01T03:43:35.260+0000] GC(381) Compaction Phase 127.699ms
[2025-08-01T03:43:35.260+0000] GC(381) Post Compact
[2025-08-01T03:43:35.283+0000] GC(381) Post Compact 22.618ms
[2025-08-01T03:43:35.283+0000] GC(381) PSYoungGen: 931840K(931840K)->0K(931840K) Eden: 465920K(465920K)->0K(465920K) From: 465920K(465920K)->0K(465920K)
[2025-08-01T03:43:35.283+0000] GC(381) ParOldGen: 2517984K(2796544K)->810432K(2796544K)
[2025-08-01T03:43:35.283+0000] GC(381) Metaspace: 10662K(10880K)->10662K(10880K) NonClass: 9396K(9536K)->9396K(9536K) Class: 1265K(1344K)->1265K(1344K)
[2025-08-01T03:43:35.283+0000] GC(381) Pause Full (Ergonomics) 3368M->791M(3641M) 222.207ms
[2025-08-01T03:43:35.283+0000] GC(381) User=1.46s Sys=0.05s Real=0.23s
[2025-08-01T03:43:35.370+0000] GC(382) Pause Young (Allocation Failure)
[2025-08-01T03:43:35.500+0000] GC(382) PSYoungGen: 465920K(931840K)->465920K(931840K) Eden: 465920K(465920K)->0K(465920K) From: 0K(465920K)->465920K(465920K)
[2025-08-01T03:43:35.500+0000] GC(382) ParOldGen: 810432K(2796544K)->818664K(2796544K)
[2025-08-01T03:43:35.500+0000] GC(382) Metaspace: 10662K(10880K)->10662K(10880K) NonClass: 9396K(9536K)->9396K(9536K) Class: 1265K(1344K)->1265K(1344K)
[2025-08-01T03:43:35.500+0000] GC(382) Pause Young (Allocation Failure) 1246M->1254M(3641M) 129.883ms
[2025-08-01T03:43:35.500+0000] GC(382) User=0.97s Sys=0.03s Real=0.13s
[2025-08-01T03:43:35.591+0000] GC(383) Pause Young (Allocation Failure)
[2025-08-01T03:43:35.748+0000] GC(383) PSYoungGen: 931840K(931840K)->464480K(931840K) Eden: 465920K(465920K)->0K(465920K) From: 465920K(465920K)->464480K(465920K)
[2025-08-01T03:43:35.748+0000] GC(383) ParOldGen: 818664K(2796544K)->1075040K(2796544K)
[2025-08-01T03:43:35.748+0000] GC(383) Metaspace: 10662K(10880K)->10662K(10880K) NonClass: 9396K(9536K)->9396K(9536K) Class: 1265K(1344K)->1265K(1344K)
[2025-08-01T03:43:35.748+0000] GC(383) Pause Young (Allocation Failure) 1709M->1503M(3641M) 157.552ms
[2025-08-01T03:43:35.748+0000] GC(383) User=1.18s Sys=0.05s Real=0.16s
[2025-08-01T03:43:35.833+0000] GC(384) Pause Young (Allocation Failure)
[2025-08-01T03:43:35.967+0000] GC(384) PSYoungGen: 930400K(931840K)->355712K(931840K) Eden: 465920K(465920K)->0K(465920K) From: 464480K(465920K)->355712K(465920K)
[2025-08-01T03:43:35.967+0000] GC(384) ParOldGen: 1075040K(2796544K)->1424080K(2796544K)
[2025-08-01T03:43:35.967+0000] GC(384) Metaspace: 10662K(10880K)->10662K(10880K) NonClass: 9396K(9536K)->9396K(9536K) Class: 1265K(1344K)->1265K(1344K)
[2025-08-01T03:43:35.967+0000] GC(384) Pause Young (Allocation Failure) 1958M->1738M(3641M) 134.535ms
[2025-08-01T03:43:35.967+0000] GC(384) User=1.03s Sys=0.04s Real=0.14s
[2025-08-01T03:43:36.058+0000] GC(385) Pause Young (Allocation Failure)
[2025-08-01T03:43:36.214+0000] GC(385) PSYoungGen: 821632K(931840K)->377344K(931840K) Eden: 465920K(465920K)->0K(465920K) From: 355712K(465920K)->377344K(465920K)
[2025-08-01T03:43:36.214+0000] GC(385) ParOldGen: 1424080K(2796544K)->1684504K(2796544K)
[2025-08-01T03:43:36.214+0000] GC(385) Metaspace: 10662K(10880K)->10662K(10880K) NonClass: 9396K(9536K)->9396K(9536K) Class: 1265K(1344K)->1265K(1344K)
[2025-08-01T03:43:36.214+0000] GC(385) Pause Young (Allocation Failure) 2193M->2013M(3641M) 156.300ms
[2025-08-01T03:43:36.214+0000] GC(385) User=1.16s Sys=0.05s Real=0.16s
[2025-08-01T03:43:36.307+0000] GC(386) Pause Young (Allocation Failure)
[2025-08-01T03:43:36.515+0000] GC(386) PSYoungGen: 843264K(931840K)->465920K(931840K) Eden: 465920K(465920K)->0K(465920K) From: 377344K(465920K)->465920K(465920K)
[2025-08-01T03:43:36.515+0000] GC(386) ParOldGen: 1684504K(2796544K)->2093392K(2796544K)
[2025-08-01T03:43:36.515+0000] GC(386) Metaspace: 10662K(10880K)->10662K(10880K) NonClass: 9396K(9536K)->9396K(9536K) Class: 1265K(1344K)->1265K(1344K)
[2025-08-01T03:43:36.515+0000] GC(386) Pause Young (Allocation Failure) 2468M->2499M(3641M) 208.154ms
[2025-08-01T03:43:36.515+0000] GC(386) User=1.54s Sys=0.08s Real=0.21s
[2025-08-01T03:43:36.603+0000] GC(387) Pause Young (Allocation Failure)
[2025-08-01T03:43:36.788+0000] GC(387) PSYoungGen: 931840K(931840K)->444768K(931840K) Eden: 465920K(465920K)->0K(465920K) From: 465920K(465920K)->444768K(465920K)
[2025-08-01T03:43:36.788+0000] GC(387) ParOldGen: 2093392K(2796544K)->2329464K(2796544K)
[2025-08-01T03:43:36.788+0000] GC(387) Metaspace: 10662K(10880K)->10662K(10880K) NonClass: 9396K(9536K)->9396K(9536K) Class: 1265K(1344K)->1265K(1344K)
[2025-08-01T03:43:36.788+0000] GC(387) Pause Young (Allocation Failure) 2954M->2709M(3641M) 184.342ms
[2025-08-01T03:43:36.788+0000] GC(387) User=1.38s Sys=0.05s Real=0.18s
[2025-08-01T03:43:36.872+0000] GC(388) Pause Full (Ergonomics)
[2025-08-01T03:43:36.872+0000] GC(388) Marking Phase
[2025-08-01T03:43:36.967+0000] GC(388) Marking Phase 95.249ms
[2025-08-01T03:43:36.967+0000] GC(388) Summary Phase
[2025-08-01T03:43:36.968+0000] GC(388) Summary Phase 0.114ms
[2025-08-01T03:43:36.968+0000] GC(388) Adjust Roots
[2025-08-01T03:43:36.971+0000] GC(388) Adjust Roots 3.173ms
[2025-08-01T03:43:36.971+0000] GC(388) Compaction Phase
[2025-08-01T03:43:37.169+0000] GC(388) Compaction Phase 198.185ms
[2025-08-01T03:43:37.169+0000] GC(388) Post Compact
[2025-08-01T03:43:37.185+0000] GC(388) Post Compact 15.865ms
[2025-08-01T03:43:37.185+0000] GC(388) PSYoungGen: 910688K(931840K)->0K(931840K) Eden: 465920K(465920K)->0K(465920K) From: 444768K(465920K)->0K(465920K)
[2025-08-01T03:43:37.185+0000] GC(388) ParOldGen: 2329464K(2796544K)->1284932K(2796544K)
[2025-08-01T03:43:37.185+0000] GC(388) Metaspace: 10662K(10880K)->10662K(10880K) NonClass: 9396K(9536K)->9396K(9536K) Class: 1265K(1344K)->1265K(1344K)
[2025-08-01T03:43:37.185+0000] GC(388) Pause Full (Ergonomics) 3164M->1254M(3641M) 312.982ms
[2025-08-01T03:43:37.185+0000] GC(388) User=2.27s Sys=0.04s Real=0.32s
[2025-08-01T03:43:37.271+0000] GC(389) Pause Young (Allocation Failure)
[2025-08-01T03:43:37.390+0000] GC(389) PSYoungGen: 465920K(931840K)->371616K(931840K) Eden: 465920K(465920K)->0K(465920K) From: 0K(465920K)->371616K(465920K)
[2025-08-01T03:43:37.390+0000] GC(389) ParOldGen: 1284932K(2796544K)->1284932K(2796544K)
[2025-08-01T03:43:37.390+0000] GC(389) Metaspace: 10662K(10880K)->10662K(10880K) NonClass: 9396K(9536K)->9396K(9536K) Class: 1265K(1344K)->1265K(1344K)
[2025-08-01T03:43:37.390+0000] GC(389) Pause Young (Allocation Failure) 1709M->1617M(3641M) 119.007ms
[2025-08-01T03:43:37.390+0000] GC(389) User=0.78s Sys=0.05s Real=0.12s
[2025-08-01T03:43:37.483+0000] GC(390) Pause Young (Allocation Failure)
[2025-08-01T03:43:37.692+0000] GC(390) PSYoungGen: 837536K(931840K)->465920K(931840K) Eden: 465920K(465920K)->0K(465920K) From: 371616K(465920K)->465920K(465920K)
[2025-08-01T03:43:37.692+0000] GC(390) ParOldGen: 1284932K(2796544K)->1686708K(2796544K)
[2025-08-01T03:43:37.692+0000] GC(390) Metaspace: 10662K(10880K)->10662K(10880K) NonClass: 9396K(9536K)->9396K(9536K) Class: 1265K(1344K)->1265K(1344K)
[2025-08-01T03:43:37.692+0000] GC(390) Pause Young (Allocation Failure) 2072M->2102M(3641M) 208.547ms
[2025-08-01T03:43:37.692+0000] GC(390) User=1.56s Sys=0.05s Real=0.20s
[2025-08-01T03:43:37.780+0000] GC(391) Pause Young (Allocation Failure)
[2025-08-01T03:43:37.903+0000] GC(391) PSYoungGen: 931840K(931840K)->462752K(931840K) Eden: 465920K(465920K)->0K(465920K) From: 465920K(465920K)->462752K(465920K)
[2025-08-01T03:43:37.903+0000] GC(391) ParOldGen: 1686708K(2796544K)->1920604K(2796544K)
[2025-08-01T03:43:37.903+0000] GC(391) Metaspace: 10662K(10880K)->10662K(10880K) NonClass: 9396K(9536K)->9396K(9536K) Class: 1265K(1344K)->1265K(1344K)
[2025-08-01T03:43:37.903+0000] GC(391) Pause Young (Allocation Failure) 2557M->2327M(3641M) 122.531ms
[2025-08-01T03:43:37.903+0000] GC(391) User=0.95s Sys=0.01s Real=0.12s
[2025-08-01T03:43:37.986+0000] GC(392) Pause Young (Allocation Failure)
[2025-08-01T03:43:38.153+0000] GC(392) PSYoungGen: 928672K(931840K)->351904K(931840K) Eden: 465920K(465920K)->0K(465920K) From: 462752K(465920K)->351904K(465920K)
[2025-08-01T03:43:38.153+0000] GC(392) ParOldGen: 1920604K(2796544K)->2260788K(2796544K)
[2025-08-01T03:43:38.153+0000] GC(392) Metaspace: 10662K(10880K)->10662K(10880K) NonClass: 9396K(9536K)->9396K(9536K) Class: 1265K(1344K)->1265K(1344K)
[2025-08-01T03:43:38.153+0000] GC(392) Pause Young (Allocation Failure) 2782M->2551M(3641M) 166.360ms
[2025-08-01T03:43:38.153+0000] GC(392) User=1.20s Sys=0.06s Real=0.16s
[2025-08-01T03:43:38.250+0000] GC(393) Pause Young (Allocation Failure)
[2025-08-01T03:43:38.439+0000] GC(393) PSYoungGen: 817824K(931840K)->400352K(931840K) Eden: 465920K(465920K)->0K(465920K) From: 351904K(465920K)->400352K(465920K)
[2025-08-01T03:43:38.439+0000] GC(393) ParOldGen: 2260788K(2796544K)->2511100K(2796544K)
[2025-08-01T03:43:38.439+0000] GC(393) Metaspace: 10662K(10880K)->10662K(10880K) NonClass: 9396K(9536K)->9396K(9536K) Class: 1265K(1344K)->1265K(1344K)
[2025-08-01T03:43:38.439+0000] GC(393) Pause Young (Allocation Failure) 3006M->2843M(3641M) 189.596ms
[2025-08-01T03:43:38.439+0000] GC(393) User=1.20s Sys=0.14s Real=0.19s
[2025-08-01T03:43:38.527+0000] GC(394) Pause Full (Ergonomics)
[2025-08-01T03:43:38.527+0000] GC(394) Marking Phase
[2025-08-01T03:43:38.626+0000] GC(394) Marking Phase 98.707ms
[2025-08-01T03:43:38.626+0000] GC(394) Summary Phase
[2025-08-01T03:43:38.626+0000] GC(394) Summary Phase 0.109ms
[2025-08-01T03:43:38.626+0000] GC(394) Adjust Roots
[2025-08-01T03:43:38.628+0000] GC(394) Adjust Roots 2.110ms
[2025-08-01T03:43:38.628+0000] GC(394) Compaction Phase
[2025-08-01T03:43:38.818+0000] GC(394) Compaction Phase 189.381ms
[2025-08-01T03:43:38.818+0000] GC(394) Post Compact
[2025-08-01T03:43:38.841+0000] GC(394) Post Compact 23.152ms
[2025-08-01T03:43:38.841+0000] GC(394) PSYoungGen: 866272K(931840K)->0K(931840K) Eden: 465920K(465920K)->0K(465920K) From: 400352K(465920K)->0K(465920K)
[2025-08-01T03:43:38.841+0000] GC(394) ParOldGen: 2511100K(2796544K)->1297222K(2796544K)
[2025-08-01T03:43:38.841+0000] GC(394) Metaspace: 10662K(10880K)->10662K(10880K) NonClass: 9396K(9536K)->9396K(9536K) Class: 1265K(1344K)->1265K(1344K)
[2025-08-01T03:43:38.841+0000] GC(394) Pause Full (Ergonomics) 3298M->1266M(3641M) 313.907ms
[2025-08-01T03:43:38.841+0000] GC(394) User=2.27s Sys=0.00s Real=0.31s
[2025-08-01T03:43:38.931+0000] GC(395) Pause Young (Allocation Failure)
[2025-08-01T03:43:39.051+0000] GC(395) PSYoungGen: 465920K(931840K)->423552K(931840K) Eden: 465920K(465920K)->0K(465920K) From: 0K(465920K)->423552K(465920K)
[2025-08-01T03:43:39.051+0000] GC(395) ParOldGen: 1297222K(2796544K)->1297222K(2796544K)
[2025-08-01T03:43:39.051+0000] GC(395) Metaspace: 10662K(10880K)->10662K(10880K) NonClass: 9396K(9536K)->9396K(9536K) Class: 1265K(1344K)->1265K(1344K)
[2025-08-01T03:43:39.051+0000] GC(395) Pause Young (Allocation Failure) 1721M->1680M(3641M) 120.399ms
[2025-08-01T03:43:39.051+0000] GC(395) User=0.85s Sys=0.06s Real=0.12s
[2025-08-01T03:43:39.137+0000] GC(396) Pause Young (Allocation Failure)
[2025-08-01T03:43:39.265+0000] GC(396) PSYoungGen: 889471K(931840K)->363840K(931840K) Eden: 465919K(465920K)->0K(465920K) From: 423552K(465920K)->363840K(465920K)
[2025-08-01T03:43:39.266+0000] GC(396) ParOldGen: 1297222K(2796544K)->1613494K(2796544K)
[2025-08-01T03:43:39.266+0000] GC(396) Metaspace: 10662K(10880K)->10662K(10880K) NonClass: 9396K(9536K)->9396K(9536K) Class: 1265K(1344K)->1265K(1344K)
[2025-08-01T03:43:39.266+0000] GC(396) Pause Young (Allocation Failure) 2135M->1930M(3641M) 128.471ms
[2025-08-01T03:43:39.266+0000] GC(396) User=0.96s Sys=0.03s Real=0.13s
[2025-08-01T03:43:39.350+0000] GC(397) Pause Young (Allocation Failure)
[2025-08-01T03:43:39.518+0000] GC(397) PSYoungGen: 829760K(931840K)->418400K(931840K) Eden: 465920K(465920K)->0K(465920K) From: 363840K(465920K)->418400K(465920K)
[2025-08-01T03:43:39.519+0000] GC(397) ParOldGen: 1613494K(2796544K)->1859286K(2796544K)
[2025-08-01T03:43:39.519+0000] GC(397) Metaspace: 10662K(10880K)->10662K(10880K) NonClass: 9396K(9536K)->9396K(9536K) Class: 1265K(1344K)->1265K(1344K)
[2025-08-01T03:43:39.519+0000] GC(397) Pause Young (Allocation Failure) 2385M->2224M(3641M) 169.034ms
[2025-08-01T03:43:39.519+0000] GC(397) User=1.19s Sys=0.08s Real=0.17s
[2025-08-01T03:43:39.603+0000] GC(398) Pause Young (Allocation Failure)
[2025-08-01T03:43:39.752+0000] GC(398) PSYoungGen: 884320K(931840K)->465920K(931840K) Eden: 465920K(465920K)->0K(465920K) From: 418400K(465920K)->465920K(465920K)
[2025-08-01T03:43:39.752+0000] GC(398) ParOldGen: 1859286K(2796544K)->2310054K(2796544K)
[2025-08-01T03:43:39.752+0000] GC(398) Metaspace: 10662K(10880K)->10662K(10880K) NonClass: 9396K(9536K)->9396K(9536K) Class: 1265K(1344K)->1265K(1344K)
[2025-08-01T03:43:39.752+0000] GC(398) Pause Young (Allocation Failure) 2679M->2710M(3641M) 148.384ms
[2025-08-01T03:43:39.752+0000] GC(398) User=1.15s Sys=0.02s Real=0.14s
[2025-08-01T03:43:39.837+0000] GC(399) Pause Full (Ergonomics)
[2025-08-01T03:43:39.837+0000] GC(399) Marking Phase
[2025-08-01T03:43:39.922+0000] GC(399) Marking Phase 85.268ms
[2025-08-01T03:43:39.922+0000] GC(399) Summary Phase
[2025-08-01T03:43:39.922+0000] GC(399) Summary Phase 0.103ms
[2025-08-01T03:43:39.922+0000] GC(399) Adjust Roots
[2025-08-01T03:43:39.924+0000] GC(399) Adjust Roots 1.559ms
[2025-08-01T03:43:39.924+0000] GC(399) Compaction Phase
[2025-08-01T03:43:40.062+0000] GC(399) Compaction Phase 137.967ms
[2025-08-01T03:43:40.062+0000] GC(399) Post Compact
[2025-08-01T03:43:40.085+0000] GC(399) Post Compact 22.893ms
[2025-08-01T03:43:40.085+0000] GC(399) PSYoungGen: 931840K(931840K)->0K(931840K) Eden: 465920K(465920K)->0K(465920K) From: 465920K(465920K)->0K(465920K)
[2025-08-01T03:43:40.085+0000] GC(399) ParOldGen: 2310054K(2796544K)->843758K(2796544K)
[2025-08-01T03:43:40.085+0000] GC(399) Metaspace: 10662K(10880K)->10662K(10880K) NonClass: 9396K(9536K)->9396K(9536K) Class: 1265K(1344K)->1265K(1344K)
[2025-08-01T03:43:40.085+0000] GC(399) Pause Full (Ergonomics) 3165M->823M(3641M) 248.354ms
[2025-08-01T03:43:40.085+0000] GC(399) User=1.70s Sys=0.05s Real=0.25s
[2025-08-01T03:43:40.171+0000] GC(400) Pause Young (Allocation Failure)
[2025-08-01T03:43:40.291+0000] GC(400) PSYoungGen: 465920K(931840K)->465920K(931840K) Eden: 465920K(465920K)->0K(465920K) From: 0K(465920K)->465920K(465920K)
[2025-08-01T03:43:40.291+0000] GC(400) ParOldGen: 843758K(2796544K)->849958K(2796544K)
[2025-08-01T03:43:40.291+0000] GC(400) Metaspace: 10662K(10880K)->10662K(10880K) NonClass: 9396K(9536K)->9396K(9536K) Class: 1265K(1344K)->1265K(1344K)
[2025-08-01T03:43:40.291+0000] GC(400) Pause Young (Allocation Failure) 1278M->1285M(3641M) 120.320ms
[2025-08-01T03:43:40.291+0000] GC(400) User=0.90s Sys=0.03s Real=0.12s
[2025-08-01T03:43:40.378+0000] GC(401) Pause Young (Allocation Failure)
[2025-08-01T03:43:40.512+0000] GC(401) PSYoungGen: 931840K(931840K)->414656K(931840K) Eden: 465920K(465920K)->0K(465920K) From: 465920K(465920K)->414656K(465920K)
[2025-08-01T03:43:40.513+0000] GC(401) ParOldGen: 849958K(2796544K)->1126574K(2796544K)
[2025-08-01T03:43:40.513+0000] GC(401) Metaspace: 10662K(10880K)->10662K(10880K) NonClass: 9396K(9536K)->9396K(9536K) Class: 1265K(1344K)->1265K(1344K)
[2025-08-01T03:43:40.513+0000] GC(401) Pause Young (Allocation Failure) 1740M->1505M(3641M) 135.041ms
[2025-08-01T03:43:40.513+0000] GC(401) User=1.01s Sys=0.04s Real=0.13s
[2025-08-01T03:43:40.598+0000] GC(402) Pause Young (Allocation Failure)
[2025-08-01T03:43:40.772+0000] GC(402) PSYoungGen: 880576K(931840K)->465920K(931840K) Eden: 465920K(465920K)->0K(465920K) From: 414656K(465920K)->465920K(465920K)
[2025-08-01T03:43:40.772+0000] GC(402) ParOldGen: 1126574K(2796544K)->1571990K(2796544K)
[2025-08-01T03:43:40.772+0000] GC(402) Metaspace: 10662K(10880K)->10662K(10880K) NonClass: 9396K(9536K)->9396K(9536K) Class: 1265K(1344K)->1265K(1344K)
[2025-08-01T03:43:40.772+0000] GC(402) Pause Young (Allocation Failure) 1960M->1990M(3641M) 173.484ms
[2025-08-01T03:43:40.772+0000] GC(402) User=1.32s Sys=0.04s Real=0.17s
[2025-08-01T03:43:40.857+0000] GC(403) Pause Young (Allocation Failure)
[2025-08-01T03:43:40.985+0000] GC(403) PSYoungGen: 931840K(931840K)->436224K(931840K) Eden: 465920K(465920K)->0K(465920K) From: 465920K(465920K)->436224K(465920K)
[2025-08-01T03:43:40.985+0000] GC(403) ParOldGen: 1571990K(2796544K)->1818838K(2796544K)
[2025-08-01T03:43:40.985+0000] GC(403) Metaspace: 10662K(10880K)->10662K(10880K) NonClass: 9396K(9536K)->9396K(9536K) Class: 1265K(1344K)->1265K(1344K)
[2025-08-01T03:43:40.985+0000] GC(403) Pause Young (Allocation Failure) 2445M->2202M(3641M) 128.612ms
[2025-08-01T03:43:40.985+0000] GC(403) User=0.97s Sys=0.04s Real=0.13s
[2025-08-01T03:43:41.070+0000] GC(404) Pause Young (Allocation Failure)
[2025-08-01T03:43:41.232+0000] GC(404) PSYoungGen: 902144K(931840K)->465920K(931840K) Eden: 465920K(465920K)->0K(465920K) From: 436224K(465920K)->465920K(465920K)
[2025-08-01T03:43:41.232+0000] GC(404) ParOldGen: 1818838K(2796544K)->2290934K(2796544K)
[2025-08-01T03:43:41.232+0000] GC(404) Metaspace: 10662K(10880K)->10662K(10880K) NonClass: 9396K(9536K)->9396K(9536K) Class: 1265K(1344K)->1265K(1344K)
[2025-08-01T03:43:41.232+0000] GC(404) Pause Young (Allocation Failure) 2657M->2692M(3641M) 161.513ms
[2025-08-01T03:43:41.232+0000] GC(404) User=1.23s Sys=0.03s Real=0.16s
[2025-08-01T03:43:41.317+0000] GC(405) Pause Full (Ergonomics)
[2025-08-01T03:43:41.317+0000] GC(405) Marking Phase
[2025-08-01T03:43:41.363+0000] GC(405) Marking Phase 46.310ms
[2025-08-01T03:43:41.364+0000] GC(405) Summary Phase
[2025-08-01T03:43:41.364+0000] GC(405) Summary Phase 0.108ms
[2025-08-01T03:43:41.364+0000] GC(405) Adjust Roots
[2025-08-01T03:43:41.365+0000] GC(405) Adjust Roots 1.795ms
[2025-08-01T03:43:41.366+0000] GC(405) Compaction Phase
[2025-08-01T03:43:41.516+0000] GC(405) Compaction Phase 150.937ms
[2025-08-01T03:43:41.517+0000] GC(405) Post Compact
[2025-08-01T03:43:41.538+0000] GC(405) Post Compact 20.973ms
[2025-08-01T03:43:41.538+0000] GC(405) PSYoungGen: 931840K(931840K)->0K(931840K) Eden: 465920K(465920K)->0K(465920K) From: 465920K(465920K)->0K(465920K)
[2025-08-01T03:43:41.538+0000] GC(405) ParOldGen: 2290934K(2796544K)->855392K(2796544K)
[2025-08-01T03:43:41.538+0000] GC(405) Metaspace: 10662K(10880K)->10662K(10880K) NonClass: 9396K(9536K)->9396K(9536K) Class: 1265K(1344K)->1265K(1344K)
[2025-08-01T03:43:41.538+0000] GC(405) Pause Full (Ergonomics) 3147M->835M(3641M) 220.560ms
[2025-08-01T03:43:41.538+0000] GC(405) User=1.50s Sys=0.03s Real=0.22s
[2025-08-01T03:43:41.672+0000] GC(406) Pause Young (Allocation Failure)
[2025-08-01T03:43:41.760+0000] GC(406) PSYoungGen: 465920K(931840K)->201952K(931840K) Eden: 465920K(465920K)->0K(465920K) From: 0K(465920K)->201952K(465920K)
[2025-08-01T03:43:41.760+0000] GC(406) ParOldGen: 855392K(2796544K)->855392K(2796544K)
[2025-08-01T03:43:41.760+0000] GC(406) Metaspace: 10662K(10880K)->10662K(10880K) NonClass: 9396K(9536K)->9396K(9536K) Class: 1265K(1344K)->1265K(1344K)
[2025-08-01T03:43:41.760+0000] GC(406) Pause Young (Allocation Failure) 1290M->1032M(3641M) 87.863ms
[2025-08-01T03:43:41.760+0000] GC(406) User=0.64s Sys=0.06s Real=0.09s
[2025-08-01T03:43:41.856+0000] GC(407) Pause Young (Allocation Failure)
[2025-08-01T03:43:42.036+0000] GC(407) PSYoungGen: 667872K(931840K)->465920K(931840K) Eden: 465920K(465920K)->0K(465920K) From: 201952K(465920K)->465920K(465920K)
[2025-08-01T03:43:42.036+0000] GC(407) ParOldGen: 855392K(2796544K)->1077008K(2796544K)
[2025-08-01T03:43:42.036+0000] GC(407) Metaspace: 10662K(10880K)->10662K(10880K) NonClass: 9396K(9536K)->9396K(9536K) Class: 1265K(1344K)->1265K(1344K)
[2025-08-01T03:43:42.036+0000] GC(407) Pause Young (Allocation Failure) 1487M->1506M(3641M) 179.665ms
[2025-08-01T03:43:42.036+0000] GC(407) User=1.34s Sys=0.07s Real=0.18s
[2025-08-01T03:43:42.123+0000] GC(408) Pause Young (Allocation Failure)
[2025-08-01T03:43:42.319+0000] GC(408) PSYoungGen: 931840K(931840K)->465920K(931840K) Eden: 465920K(465920K)->0K(465920K) From: 465920K(465920K)->465920K(465920K)
[2025-08-01T03:43:42.319+0000] GC(408) ParOldGen: 1077008K(2796544K)->1580208K(2796544K)
[2025-08-01T03:43:42.319+0000] GC(408) Metaspace: 10662K(10880K)->10662K(10880K) NonClass: 9396K(9536K)->9396K(9536K) Class: 1265K(1344K)->1265K(1344K)
[2025-08-01T03:43:42.319+0000] GC(408) Pause Young (Allocation Failure) 1961M->1998M(3641M) 196.666ms
[2025-08-01T03:43:42.319+0000] GC(408) User=1.51s Sys=0.01s Real=0.20s
[2025-08-01T03:43:42.409+0000] GC(409) Pause Young (Allocation Failure)
[2025-08-01T03:43:42.598+0000] GC(409) PSYoungGen: 931840K(931840K)->371104K(931840K) Eden: 465920K(465920K)->0K(465920K) From: 465920K(465920K)->371104K(465920K)
[2025-08-01T03:43:42.598+0000] GC(409) ParOldGen: 1580208K(2796544K)->1837304K(2796544K)
[2025-08-01T03:43:42.598+0000] GC(409) Metaspace: 10662K(10880K)->10662K(10880K) NonClass: 9396K(9536K)->9396K(9536K) Class: 1265K(1344K)->1265K(1344K)
[2025-08-01T03:43:42.598+0000] GC(409) Pause Young (Allocation Failure) 2453M->2156M(3641M) 189.414ms
[2025-08-01T03:43:42.598+0000] GC(409) User=1.40s Sys=0.06s Real=0.19s
[2025-08-01T03:43:42.730+0000] GC(410) Pause Young (Allocation Failure)
[2025-08-01T03:43:42.832+0000] GC(410) PSYoungGen: 837024K(931840K)->263040K(931840K) Eden: 465920K(465920K)->0K(465920K) From: 371104K(465920K)->263040K(465920K)
[2025-08-01T03:43:42.832+0000] GC(410) ParOldGen: 1837304K(2796544K)->1975064K(2796544K)
[2025-08-01T03:43:42.832+0000] GC(410) Metaspace: 10662K(10880K)->10662K(10880K) NonClass: 9396K(9536K)->9396K(9536K) Class: 1265K(1344K)->1265K(1344K)
[2025-08-01T03:43:42.832+0000] GC(410) Pause Young (Allocation Failure) 2611M->2185M(3641M) 102.039ms
[2025-08-01T03:43:42.833+0000] GC(410) User=0.76s Sys=0.03s Real=0.10s
[2025-08-01T03:43:42.922+0000] GC(411) Pause Young (Allocation Failure)
[2025-08-01T03:43:43.057+0000] GC(411) PSYoungGen: 728960K(931840K)->465920K(931840K) Eden: 465920K(465920K)->0K(465920K) From: 263040K(465920K)->465920K(465920K)
[2025-08-01T03:43:43.057+0000] GC(411) ParOldGen: 1975064K(2796544K)->2260896K(2796544K)
[2025-08-01T03:43:43.057+0000] GC(411) Metaspace: 10662K(10880K)->10662K(10880K) NonClass: 9396K(9536K)->9396K(9536K) Class: 1265K(1344K)->1265K(1344K)
[2025-08-01T03:43:43.057+0000] GC(411) Pause Young (Allocation Failure) 2640M->2662M(3641M) 134.635ms
[2025-08-01T03:43:43.057+0000] GC(411) User=1.01s Sys=0.03s Real=0.14s
[2025-08-01T03:43:43.143+0000] GC(412) Pause Full (Ergonomics)
[2025-08-01T03:43:43.143+0000] GC(412) Marking Phase
[2025-08-01T03:43:43.298+0000] GC(412) Marking Phase 155.275ms
[2025-08-01T03:43:43.298+0000] GC(412) Summary Phase
[2025-08-01T03:43:43.298+0000] GC(412) Summary Phase 0.140ms
[2025-08-01T03:43:43.298+0000] GC(412) Adjust Roots
[2025-08-01T03:43:43.302+0000] GC(412) Adjust Roots 3.135ms
[2025-08-01T03:43:43.302+0000] GC(412) Compaction Phase
[2025-08-01T03:43:43.505+0000] GC(412) Compaction Phase 202.970ms
[2025-08-01T03:43:43.505+0000] GC(412) Post Compact
[2025-08-01T03:43:43.525+0000] GC(412) Post Compact 20.379ms
[2025-08-01T03:43:43.525+0000] GC(412) PSYoungGen: 931840K(931840K)->0K(931840K) Eden: 465920K(465920K)->0K(465920K) From: 465920K(465920K)->0K(465920K)
[2025-08-01T03:43:43.525+0000] GC(412) ParOldGen: 2260896K(2796544K)->1336488K(2796544K)
[2025-08-01T03:43:43.525+0000] GC(412) Metaspace: 10662K(10880K)->10662K(10880K) NonClass: 9396K(9536K)->9396K(9536K) Class: 1265K(1344K)->1265K(1344K)
[2025-08-01T03:43:43.525+0000] GC(412) Pause Full (Ergonomics) 3117M->1305M(3641M) 382.622ms
[2025-08-01T03:43:43.525+0000] GC(412) User=2.77s Sys=0.04s Real=0.39s
[2025-08-01T03:43:43.612+0000] GC(413) Pause Young (Allocation Failure)
[2025-08-01T03:43:43.720+0000] GC(413) PSYoungGen: 465920K(931840K)->370144K(931840K) Eden: 465920K(465920K)->0K(465920K) From: 0K(465920K)->370144K(465920K)
[2025-08-01T03:43:43.720+0000] GC(413) ParOldGen: 1336488K(2796544K)->1336488K(2796544K)
[2025-08-01T03:43:43.720+0000] GC(413) Metaspace: 10662K(10880K)->10662K(10880K) NonClass: 9396K(9536K)->9396K(9536K) Class: 1265K(1344K)->1265K(1344K)
[2025-08-01T03:43:43.720+0000] GC(413) Pause Young (Allocation Failure) 1760M->1666M(3641M) 107.483ms
[2025-08-01T03:43:43.720+0000] GC(413) User=0.70s Sys=0.07s Real=0.11s
[2025-08-01T03:43:43.810+0000] GC(414) Pause Young (Allocation Failure)
[2025-08-01T03:43:43.906+0000] GC(414) PSYoungGen: 836064K(931840K)->266912K(931840K) Eden: 465920K(465920K)->0K(465920K) From: 370144K(465920K)->266912K(465920K)
[2025-08-01T03:43:43.906+0000] GC(414) ParOldGen: 1336488K(2796544K)->1480704K(2796544K)
[2025-08-01T03:43:43.906+0000] GC(414) Metaspace: 10662K(10880K)->10662K(10880K) NonClass: 9396K(9536K)->9396K(9536K) Class: 1265K(1344K)->1265K(1344K)
[2025-08-01T03:43:43.906+0000] GC(414) Pause Young (Allocation Failure) 2121M->1706M(3641M) 95.418ms
[2025-08-01T03:43:43.906+0000] GC(414) User=0.68s Sys=0.05s Real=0.10s
[2025-08-01T03:43:43.990+0000] GC(415) Pause Young (Allocation Failure)
[2025-08-01T03:43:44.124+0000] GC(415) PSYoungGen: 732832K(931840K)->465920K(931840K) Eden: 465920K(465920K)->0K(465920K) From: 266912K(465920K)->465920K(465920K)
[2025-08-01T03:43:44.124+0000] GC(415) ParOldGen: 1480704K(2796544K)->1770592K(2796544K)
[2025-08-01T03:43:44.124+0000] GC(415) Metaspace: 10662K(10880K)->10662K(10880K) NonClass: 9396K(9536K)->9396K(9536K) Class: 1265K(1344K)->1265K(1344K)
[2025-08-01T03:43:44.124+0000] GC(415) Pause Young (Allocation Failure) 2161M->2184M(3641M) 134.261ms
[2025-08-01T03:43:44.124+0000] GC(415) User=1.03s Sys=0.01s Real=0.14s
[2025-08-01T03:43:44.208+0000] GC(416) Pause Young (Allocation Failure)
[2025-08-01T03:43:44.370+0000] GC(416) PSYoungGen: 931840K(931840K)->465920K(931840K) Eden: 465920K(465920K)->0K(465920K) From: 465920K(465920K)->465920K(465920K)
[2025-08-01T03:43:44.370+0000] GC(416) ParOldGen: 1770592K(2796544K)->2272672K(2796544K)
[2025-08-01T03:43:44.370+0000] GC(416) Metaspace: 10662K(10880K)->10662K(10880K) NonClass: 9396K(9536K)->9396K(9536K) Class: 1265K(1344K)->1265K(1344K)
[2025-08-01T03:43:44.370+0000] GC(416) Pause Young (Allocation Failure) 2639M->2674M(3641M) 162.112ms
[2025-08-01T03:43:44.370+0000] GC(416) User=1.23s Sys=0.04s Real=0.16s
[2025-08-01T03:43:44.456+0000] GC(417) Pause Full (Ergonomics)
[2025-08-01T03:43:44.456+0000] GC(417) Marking Phase
[2025-08-01T03:43:44.525+0000] GC(417) Marking Phase 68.665ms
[2025-08-01T03:43:44.525+0000] GC(417) Summary Phase
[2025-08-01T03:43:44.525+0000] GC(417) Summary Phase 0.156ms
[2025-08-01T03:43:44.525+0000] GC(417) Adjust Roots
[2025-08-01T03:43:44.527+0000] GC(417) Adjust Roots 1.879ms
[2025-08-01T03:43:44.527+0000] GC(417) Compaction Phase
[2025-08-01T03:43:44.663+0000] GC(417) Compaction Phase 136.147ms
[2025-08-01T03:43:44.663+0000] GC(417) Post Compact
[2025-08-01T03:43:44.685+0000] GC(417) Post Compact 21.465ms
[2025-08-01T03:43:44.685+0000] GC(417) PSYoungGen: 931840K(931840K)->0K(931840K) Eden: 465920K(465920K)->0K(465920K) From: 465920K(465920K)->0K(465920K)
[2025-08-01T03:43:44.685+0000] GC(417) ParOldGen: 2272672K(2796544K)->887384K(2796544K)
[2025-08-01T03:43:44.685+0000] GC(417) Metaspace: 10662K(10880K)->10662K(10880K) NonClass: 9396K(9536K)->9396K(9536K) Class: 1265K(1344K)->1265K(1344K)
[2025-08-01T03:43:44.685+0000] GC(417) Pause Full (Ergonomics) 3129M->866M(3641M) 228.793ms
[2025-08-01T03:43:44.685+0000] GC(417) User=1.58s Sys=0.02s Real=0.23s
[2025-08-01T03:43:44.775+0000] GC(418) Pause Young (Allocation Failure)
[2025-08-01T03:43:44.881+0000] GC(418) PSYoungGen: 465920K(931840K)->300832K(931840K) Eden: 465920K(465920K)->0K(465920K) From: 0K(465920K)->300832K(465920K)
[2025-08-01T03:43:44.881+0000] GC(418) ParOldGen: 887384K(2796544K)->887384K(2796544K)
[2025-08-01T03:43:44.881+0000] GC(418) Metaspace: 10662K(10880K)->10662K(10880K) NonClass: 9396K(9536K)->9396K(9536K) Class: 1265K(1344K)->1265K(1344K)
[2025-08-01T03:43:44.881+0000] GC(418) Pause Young (Allocation Failure) 1321M->1160M(3641M) 105.758ms
[2025-08-01T03:43:44.881+0000] GC(418) User=0.73s Sys=0.06s Real=0.10s
[2025-08-01T03:43:44.966+0000] GC(419) Pause Young (Allocation Failure)
[2025-08-01T03:43:45.107+0000] GC(419) PSYoungGen: 766752K(931840K)->465920K(931840K) Eden: 465920K(465920K)->0K(465920K) From: 300832K(465920K)->465920K(465920K)
[2025-08-01T03:43:45.108+0000] GC(419) ParOldGen: 887384K(2796544K)->1212592K(2796544K)
[2025-08-01T03:43:45.108+0000] GC(419) Metaspace: 10662K(10880K)->10662K(10880K) NonClass: 9396K(9536K)->9396K(9536K) Class: 1265K(1344K)->1265K(1344K)
[2025-08-01T03:43:45.108+0000] GC(419) Pause Young (Allocation Failure) 1615M->1639M(3641M) 141.445ms
[2025-08-01T03:43:45.108+0000] GC(419) User=1.07s Sys=0.03s Real=0.14s
[2025-08-01T03:43:45.189+0000] GC(420) Pause Young (Allocation Failure)
[2025-08-01T03:43:45.398+0000] GC(420) PSYoungGen: 931840K(931840K)->465920K(931840K) Eden: 465920K(465920K)->0K(465920K) From: 465920K(465920K)->465920K(465920K)
[2025-08-01T03:43:45.398+0000] GC(420) ParOldGen: 1212592K(2796544K)->1713008K(2796544K)
[2025-08-01T03:43:45.398+0000] GC(420) Metaspace: 10662K(10880K)->10662K(10880K) NonClass: 9396K(9536K)->9396K(9536K) Class: 1265K(1344K)->1265K(1344K)
[2025-08-01T03:43:45.398+0000] GC(420) Pause Young (Allocation Failure) 2094M->2127M(3641M) 209.067ms
[2025-08-01T03:43:45.398+0000] GC(420) User=1.61s Sys=0.03s Real=0.21s
[2025-08-01T03:43:45.482+0000] GC(421) Pause Young (Allocation Failure)
[2025-08-01T03:43:45.587+0000] GC(421) PSYoungGen: 931840K(931840K)->315680K(931840K) Eden: 465920K(465920K)->0K(465920K) From: 465920K(465920K)->315680K(465920K)
[2025-08-01T03:43:45.587+0000] GC(421) ParOldGen: 1713008K(2796544K)->1978400K(2796544K)
[2025-08-01T03:43:45.587+0000] GC(421) Metaspace: 10662K(10880K)->10662K(10880K) NonClass: 9396K(9536K)->9396K(9536K) Class: 1265K(1344K)->1265K(1344K)
[2025-08-01T03:43:45.587+0000] GC(421) Pause Young (Allocation Failure) 2582M->2240M(3641M) 105.064ms
[2025-08-01T03:43:45.587+0000] GC(421) User=0.80s Sys=0.03s Real=0.11s
[2025-08-01T03:43:45.671+0000] GC(422) Pause Young (Allocation Failure)
[2025-08-01T03:43:45.807+0000] GC(422) PSYoungGen: 781600K(931840K)->332192K(931840K) Eden: 465920K(465920K)->0K(465920K) From: 315680K(465920K)->332192K(465920K)
[2025-08-01T03:43:45.807+0000] GC(422) ParOldGen: 1978400K(2796544K)->2075888K(2796544K)
[2025-08-01T03:43:45.807+0000] GC(422) Metaspace: 10662K(10880K)->10662K(10880K) NonClass: 9396K(9536K)->9396K(9536K) Class: 1265K(1344K)->1265K(1344K)
[2025-08-01T03:43:45.807+0000] GC(422) Pause Young (Allocation Failure) 2695M->2351M(3641M) 136.250ms
[2025-08-01T03:43:45.807+0000] GC(422) User=0.96s Sys=0.04s Real=0.14s
[2025-08-01T03:43:45.896+0000] GC(423) Pause Young (Allocation Failure)
[2025-08-01T03:43:46.042+0000] GC(423) PSYoungGen: 798112K(931840K)->465920K(931840K) Eden: 465920K(465920K)->0K(465920K) From: 332192K(465920K)->465920K(465920K)
[2025-08-01T03:43:46.042+0000] GC(423) ParOldGen: 2075888K(2796544K)->2436392K(2796544K)
[2025-08-01T03:43:46.042+0000] GC(423) Metaspace: 10662K(10880K)->10662K(10880K) NonClass: 9396K(9536K)->9396K(9536K) Class: 1265K(1344K)->1265K(1344K)
[2025-08-01T03:43:46.042+0000] GC(423) Pause Young (Allocation Failure) 2806M->2834M(3641M) 145.707ms
[2025-08-01T03:43:46.042+0000] GC(423) User=1.09s Sys=0.04s Real=0.14s
[2025-08-01T03:43:46.128+0000] GC(424) Pause Full (Ergonomics)
[2025-08-01T03:43:46.128+0000] GC(424) Marking Phase
[2025-08-01T03:43:46.206+0000] GC(424) Marking Phase 78.658ms
[2025-08-01T03:43:46.207+0000] GC(424) Summary Phase
[2025-08-01T03:43:46.207+0000] GC(424) Summary Phase 0.080ms
[2025-08-01T03:43:46.207+0000] GC(424) Adjust Roots
[2025-08-01T03:43:46.208+0000] GC(424) Adjust Roots 1.443ms
[2025-08-01T03:43:46.208+0000] GC(424) Compaction Phase
[2025-08-01T03:43:46.418+0000] GC(424) Compaction Phase 210.311ms
[2025-08-01T03:43:46.419+0000] GC(424) Post Compact
[2025-08-01T03:43:46.438+0000] GC(424) Post Compact 19.784ms
[2025-08-01T03:43:46.438+0000] GC(424) PSYoungGen: 931840K(931840K)->0K(931840K) Eden: 465920K(465920K)->0K(465920K) From: 465920K(465920K)->0K(465920K)
[2025-08-01T03:43:46.438+0000] GC(424) ParOldGen: 2436392K(2796544K)->1367261K(2796544K)
[2025-08-01T03:43:46.438+0000] GC(424) Metaspace: 10662K(10880K)->10662K(10880K) NonClass: 9396K(9536K)->9396K(9536K) Class: 1265K(1344K)->1265K(1344K)
[2025-08-01T03:43:46.438+0000] GC(424) Pause Full (Ergonomics) 3289M->1335M(3641M) 310.667ms
[2025-08-01T03:43:46.438+0000] GC(424) User=2.22s Sys=0.02s Real=0.31s
[2025-08-01T03:43:46.523+0000] GC(425) Pause Young (Allocation Failure)
[2025-08-01T03:43:46.611+0000] GC(425) PSYoungGen: 465920K(931840K)->310624K(931840K) Eden: 465920K(465920K)->0K(465920K) From: 0K(465920K)->310624K(465920K)
[2025-08-01T03:43:46.611+0000] GC(425) ParOldGen: 1367261K(2796544K)->1367261K(2796544K)
[2025-08-01T03:43:46.611+0000] GC(425) Metaspace: 10662K(10880K)->10662K(10880K) NonClass: 9396K(9536K)->9396K(9536K) Class: 1265K(1344K)->1265K(1344K)
[2025-08-01T03:43:46.611+0000] GC(425) Pause Young (Allocation Failure) 1790M->1638M(3641M) 87.477ms
[2025-08-01T03:43:46.611+0000] GC(425) User=0.63s Sys=0.04s Real=0.08s
[2025-08-01T03:43:46.697+0000] GC(426) Pause Young (Allocation Failure)
[2025-08-01T03:43:46.797+0000] GC(426) PSYoungGen: 776544K(931840K)->341216K(931840K) Eden: 465920K(465920K)->0K(465920K) From: 310624K(465920K)->341216K(465920K)
[2025-08-01T03:43:46.797+0000] GC(426) ParOldGen: 1367261K(2796544K)->1465565K(2796544K)
[2025-08-01T03:43:46.797+0000] GC(426) Metaspace: 10662K(10880K)->10662K(10880K) NonClass: 9396K(9536K)->9396K(9536K) Class: 1265K(1344K)->1265K(1344K)
[2025-08-01T03:43:46.797+0000] GC(426) Pause Young (Allocation Failure) 2093M->1764M(3641M) 99.666ms
[2025-08-01T03:43:46.797+0000] GC(426) User=0.75s Sys=0.03s Real=0.10s
[2025-08-01T03:43:46.889+0000] GC(427) Pause Young (Allocation Failure)
[2025-08-01T03:43:47.040+0000] GC(427) PSYoungGen: 807136K(931840K)->465920K(931840K) Eden: 465920K(465920K)->0K(465920K) From: 341216K(465920K)->465920K(465920K)
[2025-08-01T03:43:47.040+0000] GC(427) ParOldGen: 1465565K(2796544K)->1829181K(2796544K)
[2025-08-01T03:43:47.040+0000] GC(427) Metaspace: 10662K(10880K)->10662K(10880K) NonClass: 9396K(9536K)->9396K(9536K) Class: 1265K(1344K)->1265K(1344K)
[2025-08-01T03:43:47.040+0000] GC(427) Pause Young (Allocation Failure) 2219M->2241M(3641M) 151.833ms
[2025-08-01T03:43:47.040+0000] GC(427) User=1.11s Sys=0.05s Real=0.15s
[2025-08-01T03:43:47.126+0000] GC(428) Pause Young (Allocation Failure)
[2025-08-01T03:43:47.277+0000] GC(428) PSYoungGen: 931840K(931840K)->465920K(931840K) Eden: 465920K(465920K)->0K(465920K) From: 465920K(465920K)->465920K(465920K)
[2025-08-01T03:43:47.277+0000] GC(428) ParOldGen: 1829181K(2796544K)->2327061K(2796544K)
[2025-08-01T03:43:47.277+0000] GC(428) Metaspace: 10662K(10880K)->10662K(10880K) NonClass: 9396K(9536K)->9396K(9536K) Class: 1265K(1344K)->1265K(1344K)
[2025-08-01T03:43:47.277+0000] GC(428) Pause Young (Allocation Failure) 2696M->2727M(3641M) 150.773ms
[2025-08-01T03:43:47.277+0000] GC(428) User=1.19s Sys=0.00s Real=0.15s
[2025-08-01T03:43:47.363+0000] GC(429) Pause Full (Ergonomics)
[2025-08-01T03:43:47.363+0000] GC(429) Marking Phase
[2025-08-01T03:43:47.440+0000] GC(429) Marking Phase 76.961ms
[2025-08-01T03:43:47.440+0000] GC(429) Summary Phase
[2025-08-01T03:43:47.440+0000] GC(429) Summary Phase 0.120ms
[2025-08-01T03:43:47.440+0000] GC(429) Adjust Roots
[2025-08-01T03:43:47.442+0000] GC(429) Adjust Roots 2.485ms
[2025-08-01T03:43:47.442+0000] GC(429) Compaction Phase
[2025-08-01T03:43:47.589+0000] GC(429) Compaction Phase 146.815ms
[2025-08-01T03:43:47.589+0000] GC(429) Post Compact
[2025-08-01T03:43:47.610+0000] GC(429) Post Compact 20.195ms
[2025-08-01T03:43:47.610+0000] GC(429) PSYoungGen: 931840K(931840K)->0K(931840K) Eden: 465920K(465920K)->0K(465920K) From: 465920K(465920K)->0K(465920K)
[2025-08-01T03:43:47.610+0000] GC(429) ParOldGen: 2327061K(2796544K)->913585K(2796544K)
[2025-08-01T03:43:47.610+0000] GC(429) Metaspace: 10662K(10880K)->10662K(10880K) NonClass: 9396K(9536K)->9396K(9536K) Class: 1265K(1344K)->1265K(1344K)
[2025-08-01T03:43:47.610+0000] GC(429) Pause Full (Ergonomics) 3182M->892M(3641M) 247.010ms
[2025-08-01T03:43:47.610+0000] GC(429) User=1.71s Sys=0.04s Real=0.25s
[2025-08-01T03:43:47.695+0000] GC(430) Pause Young (Allocation Failure)
[2025-08-01T03:43:47.754+0000] GC(430) PSYoungGen: 465920K(931840K)->361888K(931840K) Eden: 465920K(465920K)->0K(465920K) From: 0K(465920K)->361888K(465920K)
[2025-08-01T03:43:47.754+0000] GC(430) ParOldGen: 913585K(2796544K)->913585K(2796544K)
[2025-08-01T03:43:47.754+0000] GC(430) Metaspace: 10662K(10880K)->10662K(10880K) NonClass: 9396K(9536K)->9396K(9536K) Class: 1265K(1344K)->1265K(1344K)
[2025-08-01T03:43:47.754+0000] GC(430) Pause Young (Allocation Failure) 1347M->1245M(3641M) 59.124ms
[2025-08-01T03:43:47.754+0000] GC(430) User=0.46s Sys=0.00s Real=0.06s
[2025-08-01T03:43:47.841+0000] GC(431) Pause Young (Allocation Failure)
[2025-08-01T03:43:47.997+0000] GC(431) PSYoungGen: 827808K(931840K)->465920K(931840K) Eden: 465920K(465920K)->0K(465920K) From: 361888K(465920K)->465920K(465920K)
[2025-08-01T03:43:47.997+0000] GC(431) ParOldGen: 913585K(2796544K)->1304929K(2796544K)
[2025-08-01T03:43:47.997+0000] GC(431) Metaspace: 10662K(10880K)->10662K(10880K) NonClass: 9396K(9536K)->9396K(9536K) Class: 1265K(1344K)->1265K(1344K)
[2025-08-01T03:43:47.998+0000] GC(431) Pause Young (Allocation Failure) 1700M->1729M(3641M) 156.381ms
[2025-08-01T03:43:47.998+0000] GC(431) User=1.15s Sys=0.05s Real=0.16s
[2025-08-01T03:43:48.086+0000] GC(432) Pause Young (Allocation Failure)
[2025-08-01T03:43:48.299+0000] GC(432) PSYoungGen: 931840K(931840K)->465920K(931840K) Eden: 465920K(465920K)->0K(465920K) From: 465920K(465920K)->465920K(465920K)
[2025-08-01T03:43:48.299+0000] GC(432) ParOldGen: 1304929K(2796544K)->1805209K(2796544K)
[2025-08-01T03:43:48.299+0000] GC(432) Metaspace: 10662K(10880K)->10662K(10880K) NonClass: 9396K(9536K)->9396K(9536K) Class: 1265K(1344K)->1265K(1344K)
[2025-08-01T03:43:48.299+0000] GC(432) Pause Young (Allocation Failure) 2184M->2217M(3641M) 213.354ms
[2025-08-01T03:43:48.299+0000] GC(432) User=1.63s Sys=0.05s Real=0.21s
[2025-08-01T03:43:48.383+0000] GC(433) Pause Young (Allocation Failure)
[2025-08-01T03:43:48.512+0000] GC(433) PSYoungGen: 931840K(931840K)->353248K(931840K) Eden: 465920K(465920K)->0K(465920K) From: 465920K(465920K)->353248K(465920K)
[2025-08-01T03:43:48.512+0000] GC(433) ParOldGen: 1805209K(2796544K)->2019569K(2796544K)
[2025-08-01T03:43:48.512+0000] GC(433) Metaspace: 10662K(10880K)->10662K(10880K) NonClass: 9396K(9536K)->9396K(9536K) Class: 1265K(1344K)->1265K(1344K)
[2025-08-01T03:43:48.512+0000] GC(433) Pause Young (Allocation Failure) 2672M->2317M(3641M) 129.361ms
[2025-08-01T03:43:48.512+0000] GC(433) User=0.97s Sys=0.04s Real=0.12s
[2025-08-01T03:43:48.601+0000] GC(434) Pause Young (Allocation Failure)
[2025-08-01T03:43:48.739+0000] GC(434) PSYoungGen: 819168K(931840K)->355136K(931840K) Eden: 465920K(465920K)->0K(465920K) From: 353248K(465920K)->355136K(465920K)
[2025-08-01T03:43:48.740+0000] GC(434) ParOldGen: 2019569K(2796544K)->2116913K(2796544K)
[2025-08-01T03:43:48.740+0000] GC(434) Metaspace: 10662K(10880K)->10662K(10880K) NonClass: 9396K(9536K)->9396K(9536K) Class: 1265K(1344K)->1265K(1344K)
[2025-08-01T03:43:48.740+0000] GC(434) Pause Young (Allocation Failure) 2772M->2414M(3641M) 138.716ms
[2025-08-01T03:43:48.740+0000] GC(434) User=1.01s Sys=0.05s Real=0.14s
[2025-08-01T03:43:48.833+0000] GC(435) Pause Young (Allocation Failure)
[2025-08-01T03:43:49.006+0000] GC(435) PSYoungGen: 821056K(931840K)->465920K(931840K) Eden: 465920K(465920K)->0K(465920K) From: 355136K(465920K)->465920K(465920K)
[2025-08-01T03:43:49.006+0000] GC(435) ParOldGen: 2116913K(2796544K)->2503209K(2796544K)
[2025-08-01T03:43:49.007+0000] GC(435) Metaspace: 10662K(10880K)->10662K(10880K) NonClass: 9396K(9536K)->9396K(9536K) Class: 1265K(1344K)->1265K(1344K)
[2025-08-01T03:43:49.007+0000] GC(435) Pause Young (Allocation Failure) 2869M->2899M(3641M) 173.186ms
[2025-08-01T03:43:49.007+0000] GC(435) User=1.15s Sys=0.11s Real=0.17s
[2025-08-01T03:43:49.095+0000] GC(436) Pause Full (Ergonomics)
[2025-08-01T03:43:49.095+0000] GC(436) Marking Phase
[2025-08-01T03:43:49.198+0000] GC(436) Marking Phase 102.616ms
[2025-08-01T03:43:49.198+0000] GC(436) Summary Phase
[2025-08-01T03:43:49.198+0000] GC(436) Summary Phase 0.093ms
[2025-08-01T03:43:49.198+0000] GC(436) Adjust Roots
[2025-08-01T03:43:49.199+0000] GC(436) Adjust Roots 1.180ms
[2025-08-01T03:43:49.199+0000] GC(436) Compaction Phase
[2025-08-01T03:43:49.404+0000] GC(436) Compaction Phase 204.506ms
[2025-08-01T03:43:49.404+0000] GC(436) Post Compact
[2025-08-01T03:43:49.426+0000] GC(436) Post Compact 22.684ms
[2025-08-01T03:43:49.427+0000] GC(436) PSYoungGen: 931840K(931840K)->0K(931840K) Eden: 465920K(465920K)->0K(465920K) From: 465920K(465920K)->0K(465920K)
[2025-08-01T03:43:49.427+0000] GC(436) ParOldGen: 2503209K(2796544K)->1392556K(2796544K)
[2025-08-01T03:43:49.427+0000] GC(436) Metaspace: 10662K(10880K)->10662K(10880K) NonClass: 9396K(9536K)->9396K(9536K) Class: 1265K(1344K)->1265K(1344K)
[2025-08-01T03:43:49.427+0000] GC(436) Pause Full (Ergonomics) 3354M->1359M(3641M) 331.489ms
[2025-08-01T03:43:49.427+0000] GC(436) User=2.43s Sys=0.01s Real=0.33s
[2025-08-01T03:43:49.510+0000] GC(437) Pause Young (Allocation Failure)
[2025-08-01T03:43:49.623+0000] GC(437) PSYoungGen: 465920K(931840K)->362816K(931840K) Eden: 465920K(465920K)->0K(465920K) From: 0K(465920K)->362816K(465920K)
[2025-08-01T03:43:49.623+0000] GC(437) ParOldGen: 1392556K(2796544K)->1392556K(2796544K)
[2025-08-01T03:43:49.623+0000] GC(437) Metaspace: 10662K(10880K)->10662K(10880K) NonClass: 9396K(9536K)->9396K(9536K) Class: 1265K(1344K)->1265K(1344K)
[2025-08-01T03:43:49.623+0000] GC(437) Pause Young (Allocation Failure) 1814M->1714M(3641M) 113.145ms
[2025-08-01T03:43:49.623+0000] GC(437) User=0.79s Sys=0.06s Real=0.11s
[2025-08-01T03:43:49.714+0000] GC(438) Pause Young (Allocation Failure)
[2025-08-01T03:43:49.834+0000] GC(438) PSYoungGen: 828736K(931840K)->363808K(931840K) Eden: 465920K(465920K)->0K(465920K) From: 362816K(465920K)->363808K(465920K)
[2025-08-01T03:43:49.834+0000] GC(438) ParOldGen: 1392556K(2796544K)->1490460K(2796544K)
[2025-08-01T03:43:49.834+0000] GC(438) Metaspace: 10662K(10880K)->10662K(10880K) NonClass: 9396K(9536K)->9396K(9536K) Class: 1265K(1344K)->1265K(1344K)
[2025-08-01T03:43:49.834+0000] GC(438) Pause Young (Allocation Failure) 2169M->1810M(3641M) 120.124ms
[2025-08-01T03:43:49.834+0000] GC(438) User=0.88s Sys=0.05s Real=0.12s
[2025-08-01T03:43:49.924+0000] GC(439) Pause Young (Allocation Failure)
[2025-08-01T03:43:50.112+0000] GC(439) PSYoungGen: 829728K(931840K)->465920K(931840K) Eden: 465920K(465920K)->0K(465920K) From: 363808K(465920K)->465920K(465920K)
[2025-08-01T03:43:50.112+0000] GC(439) ParOldGen: 1490460K(2796544K)->1885532K(2796544K)
[2025-08-01T03:43:50.112+0000] GC(439) Metaspace: 10662K(10880K)->10662K(10880K) NonClass: 9396K(9536K)->9396K(9536K) Class: 1265K(1344K)->1265K(1344K)
[2025-08-01T03:43:50.112+0000] GC(439) Pause Young (Allocation Failure) 2265M->2296M(3641M) 188.568ms
[2025-08-01T03:43:50.112+0000] GC(439) User=1.29s Sys=0.09s Real=0.18s
[2025-08-01T03:43:50.207+0000] GC(440) Pause Young (Allocation Failure)
[2025-08-01T03:43:50.379+0000] GC(440) PSYoungGen: 931840K(931840K)->465920K(931840K) Eden: 465920K(465920K)->0K(465920K) From: 465920K(465920K)->465920K(465920K)
[2025-08-01T03:43:50.379+0000] GC(440) ParOldGen: 1885532K(2796544K)->2385468K(2796544K)
[2025-08-01T03:43:50.379+0000] GC(440) Metaspace: 10662K(10880K)->10662K(10880K) NonClass: 9396K(9536K)->9396K(9536K) Class: 1265K(1344K)->1265K(1344K)
[2025-08-01T03:43:50.379+0000] GC(440) Pause Young (Allocation Failure) 2751M->2784M(3641M) 172.112ms
[2025-08-01T03:43:50.379+0000] GC(440) User=1.30s Sys=0.05s Real=0.17s
[2025-08-01T03:43:50.460+0000] GC(441) Pause Full (Ergonomics)
[2025-08-01T03:43:50.460+0000] GC(441) Marking Phase
[2025-08-01T03:43:50.521+0000] GC(441) Marking Phase 60.812ms
[2025-08-01T03:43:50.521+0000] GC(441) Summary Phase
[2025-08-01T03:43:50.521+0000] GC(441) Summary Phase 0.122ms
[2025-08-01T03:43:50.521+0000] GC(441) Adjust Roots
[2025-08-01T03:43:50.523+0000] GC(441) Adjust Roots 1.834ms
[2025-08-01T03:43:50.523+0000] GC(441) Compaction Phase
[2025-08-01T03:43:50.666+0000] GC(441) Compaction Phase 142.985ms
[2025-08-01T03:43:50.666+0000] GC(441) Post Compact
[2025-08-01T03:43:50.689+0000] GC(441) Post Compact 22.641ms
[2025-08-01T03:43:50.689+0000] GC(441) PSYoungGen: 931840K(931840K)->0K(931840K) Eden: 465920K(465920K)->0K(465920K) From: 465920K(465920K)->0K(465920K)
[2025-08-01T03:43:50.689+0000] GC(441) ParOldGen: 2385468K(2796544K)->939095K(2796544K)
[2025-08-01T03:43:50.689+0000] GC(441) Metaspace: 10662K(10880K)->10662K(10880K) NonClass: 9396K(9536K)->9396K(9536K) Class: 1265K(1344K)->1265K(1344K)
[2025-08-01T03:43:50.689+0000] GC(441) Pause Full (Ergonomics) 3239M->917M(3641M) 228.810ms
[2025-08-01T03:43:50.689+0000] GC(441) User=1.57s Sys=0.03s Real=0.23s
[2025-08-01T03:43:50.775+0000] GC(442) Pause Young (Allocation Failure)
[2025-08-01T03:43:50.844+0000] GC(442) PSYoungGen: 465920K(931840K)->370976K(931840K) Eden: 465920K(465920K)->0K(465920K) From: 0K(465920K)->370976K(465920K)
[2025-08-01T03:43:50.844+0000] GC(442) ParOldGen: 939095K(2796544K)->939095K(2796544K)
[2025-08-01T03:43:50.844+0000] GC(442) Metaspace: 10662K(10880K)->10662K(10880K) NonClass: 9396K(9536K)->9396K(9536K) Class: 1265K(1344K)->1265K(1344K)
[2025-08-01T03:43:50.844+0000] GC(442) Pause Young (Allocation Failure) 1372M->1279M(3641M) 69.778ms
[2025-08-01T03:43:50.844+0000] GC(442) User=0.52s Sys=0.02s Real=0.07s
[2025-08-01T03:43:50.936+0000] GC(443) Pause Young (Allocation Failure)
[2025-08-01T03:43:51.101+0000] GC(443) PSYoungGen: 836896K(931840K)->465920K(931840K) Eden: 465920K(465920K)->0K(465920K) From: 370976K(465920K)->465920K(465920K)
[2025-08-01T03:43:51.101+0000] GC(443) ParOldGen: 939095K(2796544K)->1339103K(2796544K)
[2025-08-01T03:43:51.101+0000] GC(443) Metaspace: 10662K(10880K)->10662K(10880K) NonClass: 9396K(9536K)->9396K(9536K) Class: 1265K(1344K)->1265K(1344K)
[2025-08-01T03:43:51.101+0000] GC(443) Pause Young (Allocation Failure) 1734M->1762M(3641M) 165.157ms
[2025-08-01T03:43:51.101+0000] GC(443) User=1.18s Sys=0.06s Real=0.16s
[2025-08-01T03:43:51.185+0000] GC(444) Pause Young (Allocation Failure)
[2025-08-01T03:43:51.424+0000] GC(444) PSYoungGen: 931840K(931840K)->465920K(931840K) Eden: 465920K(465920K)->0K(465920K) From: 465920K(465920K)->465920K(465920K)
[2025-08-01T03:43:51.424+0000] GC(444) ParOldGen: 1339103K(2796544K)->1839887K(2796544K)
[2025-08-01T03:43:51.425+0000] GC(444) Metaspace: 10662K(10880K)->10662K(10880K) NonClass: 9396K(9536K)->9396K(9536K) Class: 1265K(1344K)->1265K(1344K)
[2025-08-01T03:43:51.425+0000] GC(444) Pause Young (Allocation Failure) 2217M->2251M(3641M) 239.425ms
[2025-08-01T03:43:51.425+0000] GC(444) User=1.80s Sys=0.09s Real=0.24s
[2025-08-01T03:43:51.517+0000] GC(445) Pause Young (Allocation Failure)
[2025-08-01T03:43:51.668+0000] GC(445) PSYoungGen: 931840K(931840K)->340768K(931840K) Eden: 465920K(465920K)->0K(465920K) From: 465920K(465920K)->340768K(465920K)
[2025-08-01T03:43:51.668+0000] GC(445) ParOldGen: 1839887K(2796544K)->2069375K(2796544K)
[2025-08-01T03:43:51.668+0000] GC(445) Metaspace: 10662K(10880K)->10662K(10880K) NonClass: 9396K(9536K)->9396K(9536K) Class: 1265K(1344K)->1265K(1344K)
[2025-08-01T03:43:51.668+0000] GC(445) Pause Young (Allocation Failure) 2706M->2353M(3641M) 151.387ms
[2025-08-01T03:43:51.668+0000] GC(445) User=1.07s Sys=0.08s Real=0.15s
[2025-08-01T03:43:51.755+0000] GC(446) Pause Young (Allocation Failure)
[2025-08-01T03:43:51.847+0000] GC(446) PSYoungGen: 806688K(931840K)->387936K(931840K) Eden: 465920K(465920K)->0K(465920K) From: 340768K(465920K)->387936K(465920K)
[2025-08-01T03:43:51.847+0000] GC(446) ParOldGen: 2069375K(2796544K)->2156751K(2796544K)
[2025-08-01T03:43:51.847+0000] GC(446) Metaspace: 10662K(10880K)->10662K(10880K) NonClass: 9396K(9536K)->9396K(9536K) Class: 1265K(1344K)->1265K(1344K)
[2025-08-01T03:43:51.847+0000] GC(446) Pause Young (Allocation Failure) 2808M->2485M(3641M) 92.387ms
[2025-08-01T03:43:51.847+0000] GC(446) User=0.67s Sys=0.02s Real=0.09s
[2025-08-01T03:43:51.937+0000] GC(447) Pause Full (Ergonomics)
[2025-08-01T03:43:51.937+0000] GC(447) Marking Phase
[2025-08-01T03:43:52.021+0000] GC(447) Marking Phase 83.813ms
[2025-08-01T03:43:52.021+0000] GC(447) Summary Phase
[2025-08-01T03:43:52.021+0000] GC(447) Summary Phase 0.094ms
[2025-08-01T03:43:52.021+0000] GC(447) Adjust Roots
[2025-08-01T03:43:52.024+0000] GC(447) Adjust Roots 2.104ms
[2025-08-01T03:43:52.024+0000] GC(447) Compaction Phase
[2025-08-01T03:43:52.214+0000] GC(447) Compaction Phase 190.129ms
[2025-08-01T03:43:52.214+0000] GC(447) Post Compact
[2025-08-01T03:43:52.230+0000] GC(447) Post Compact 16.645ms
[2025-08-01T03:43:52.230+0000] GC(447) PSYoungGen: 853856K(931840K)->0K(931840K) Eden: 465920K(465920K)->0K(465920K) From: 387936K(465920K)->0K(465920K)
[2025-08-01T03:43:52.230+0000] GC(447) ParOldGen: 2156751K(2796544K)->949169K(2796544K)
[2025-08-01T03:43:52.230+0000] GC(447) Metaspace: 10662K(10880K)->10662K(10880K) NonClass: 9396K(9536K)->9396K(9536K) Class: 1265K(1344K)->1265K(1344K)
[2025-08-01T03:43:52.231+0000] GC(447) Pause Full (Ergonomics) 2940M->926M(3641M) 293.155ms
[2025-08-01T03:43:52.231+0000] GC(447) User=2.03s Sys=0.06s Real=0.29s
[2025-08-01T03:43:52.318+0000] GC(448) Pause Young (Allocation Failure)
[2025-08-01T03:43:52.442+0000] GC(448) PSYoungGen: 465920K(931840K)->465920K(931840K) Eden: 465920K(465920K)->0K(465920K) From: 0K(465920K)->465920K(465920K)
[2025-08-01T03:43:52.442+0000] GC(448) ParOldGen: 949169K(2796544K)->956817K(2796544K)
[2025-08-01T03:43:52.442+0000] GC(448) Metaspace: 10662K(10880K)->10662K(10880K) NonClass: 9396K(9536K)->9396K(9536K) Class: 1265K(1344K)->1265K(1344K)
[2025-08-01T03:43:52.443+0000] GC(448) Pause Young (Allocation Failure) 1381M->1389M(3641M) 124.322ms
[2025-08-01T03:43:52.443+0000] GC(448) User=0.93s Sys=0.04s Real=0.12s
[2025-08-01T03:43:52.531+0000] GC(449) Pause Young (Allocation Failure)
[2025-08-01T03:43:52.631+0000] GC(449) PSYoungGen: 931840K(931840K)->344664K(931840K) Eden: 465920K(465920K)->0K(465920K) From: 465920K(465920K)->344664K(465920K)
[2025-08-01T03:43:52.631+0000] GC(449) ParOldGen: 956817K(2796544K)->1204449K(2796544K)
[2025-08-01T03:43:52.631+0000] GC(449) Metaspace: 10662K(10880K)->10662K(10880K) NonClass: 9396K(9536K)->9396K(9536K) Class: 1265K(1344K)->1265K(1344K)
[2025-08-01T03:43:52.631+0000] GC(449) Pause Young (Allocation Failure) 1844M->1512M(3641M) 99.879ms
[2025-08-01T03:43:52.631+0000] GC(449) User=0.76s Sys=0.02s Real=0.10s
[2025-08-01T03:43:52.721+0000] GC(450) Pause Young (Allocation Failure)
[2025-08-01T03:43:52.890+0000] GC(450) PSYoungGen: 810584K(931840K)->387136K(931840K) Eden: 465920K(465920K)->0K(465920K) From: 344664K(465920K)->387136K(465920K)
[2025-08-01T03:43:52.890+0000] GC(450) ParOldGen: 1204449K(2796544K)->1302090K(2796544K)
[2025-08-01T03:43:52.890+0000] GC(450) Metaspace: 10662K(10880K)->10662K(10880K) NonClass: 9396K(9536K)->9396K(9536K) Class: 1265K(1344K)->1265K(1344K)
[2025-08-01T03:43:52.890+0000] GC(450) Pause Young (Allocation Failure) 1967M->1649M(3641M) 169.172ms
[2025-08-01T03:43:52.890+0000] GC(450) User=1.24s Sys=0.06s Real=0.17s
[2025-08-01T03:43:52.980+0000] GC(451) Pause Young (Allocation Failure)
[2025-08-01T03:43:53.161+0000] GC(451) PSYoungGen: 853056K(931840K)->465920K(931840K) Eden: 465920K(465920K)->0K(465920K) From: 387136K(465920K)->465920K(465920K)
[2025-08-01T03:43:53.161+0000] GC(451) ParOldGen: 1302090K(2796544K)->1721322K(2796544K)
[2025-08-01T03:43:53.161+0000] GC(451) Metaspace: 10662K(10880K)->10662K(10880K) NonClass: 9396K(9536K)->9396K(9536K) Class: 1265K(1344K)->1265K(1344K)
[2025-08-01T03:43:53.161+0000] GC(451) Pause Young (Allocation Failure) 2104M->2135M(3641M) 181.421ms
[2025-08-01T03:43:53.161+0000] GC(451) User=1.33s Sys=0.06s Real=0.18s
[2025-08-01T03:43:53.246+0000] GC(452) Pause Young (Allocation Failure)
[2025-08-01T03:43:53.391+0000] GC(452) PSYoungGen: 931840K(931840K)->465920K(931840K) Eden: 465920K(465920K)->0K(465920K) From: 465920K(465920K)->465920K(465920K)
[2025-08-01T03:43:53.391+0000] GC(452) ParOldGen: 1721322K(2796544K)->2223650K(2796544K)
[2025-08-01T03:43:53.391+0000] GC(452) Metaspace: 10662K(10880K)->10662K(10880K) NonClass: 9396K(9536K)->9396K(9536K) Class: 1265K(1344K)->1265K(1344K)
[2025-08-01T03:43:53.391+0000] GC(452) Pause Young (Allocation Failure) 2590M->2626M(3641M) 144.861ms
[2025-08-01T03:43:53.391+0000] GC(452) User=1.12s Sys=0.01s Real=0.14s
[2025-08-01T03:43:53.478+0000] GC(453) Pause Full (Ergonomics)
[2025-08-01T03:43:53.478+0000] GC(453) Marking Phase
[2025-08-01T03:43:53.592+0000] GC(453) Marking Phase 113.721ms
[2025-08-01T03:43:53.592+0000] GC(453) Summary Phase
[2025-08-01T03:43:53.592+0000] GC(453) Summary Phase 0.328ms
[2025-08-01T03:43:53.592+0000] GC(453) Adjust Roots
[2025-08-01T03:43:53.595+0000] GC(453) Adjust Roots 3.080ms
[2025-08-01T03:43:53.595+0000] GC(453) Compaction Phase
[2025-08-01T03:43:53.781+0000] GC(453) Compaction Phase 185.362ms
[2025-08-01T03:43:53.781+0000] GC(453) Post Compact
[2025-08-01T03:43:53.801+0000] GC(453) Post Compact 20.028ms
[2025-08-01T03:43:53.801+0000] GC(453) PSYoungGen: 931840K(931840K)->0K(931840K) Eden: 465920K(465920K)->0K(465920K) From: 465920K(465920K)->0K(465920K)
[2025-08-01T03:43:53.801+0000] GC(453) ParOldGen: 2223650K(2796544K)->962192K(2796544K)
[2025-08-01T03:43:53.801+0000] GC(453) Metaspace: 10662K(10880K)->10662K(10880K) NonClass: 9396K(9536K)->9396K(9536K) Class: 1265K(1344K)->1265K(1344K)
[2025-08-01T03:43:53.801+0000] GC(453) Pause Full (Ergonomics) 3081M->939M(3641M) 323.092ms
[2025-08-01T03:43:53.801+0000] GC(453) User=2.28s Sys=0.05s Real=0.32s
[2025-08-01T03:43:53.886+0000] GC(454) Pause Young (Allocation Failure)
[2025-08-01T03:43:53.990+0000] GC(454) PSYoungGen: 465920K(931840K)->396224K(931840K) Eden: 465920K(465920K)->0K(465920K) From: 0K(465920K)->396224K(465920K)
[2025-08-01T03:43:53.990+0000] GC(454) ParOldGen: 962192K(2796544K)->962192K(2796544K)
[2025-08-01T03:43:53.990+0000] GC(454) Metaspace: 10662K(10880K)->10662K(10880K) NonClass: 9396K(9536K)->9396K(9536K) Class: 1265K(1344K)->1265K(1344K)
[2025-08-01T03:43:53.990+0000] GC(454) Pause Young (Allocation Failure) 1394M->1326M(3641M) 103.970ms
[2025-08-01T03:43:53.990+0000] GC(454) User=0.75s Sys=0.05s Real=0.10s
[2025-08-01T03:43:54.076+0000] GC(455) Pause Young (Allocation Failure)
[2025-08-01T03:43:54.227+0000] GC(455) PSYoungGen: 862144K(931840K)->465920K(931840K) Eden: 465920K(465920K)->0K(465920K) From: 396224K(465920K)->465920K(465920K)
[2025-08-01T03:43:54.227+0000] GC(455) ParOldGen: 962192K(2796544K)->1388456K(2796544K)
[2025-08-01T03:43:54.227+0000] GC(455) Metaspace: 10662K(10880K)->10662K(10880K) NonClass: 9396K(9536K)->9396K(9536K) Class: 1265K(1344K)->1265K(1344K)
[2025-08-01T03:43:54.227+0000] GC(455) Pause Young (Allocation Failure) 1781M->1810M(3641M) 151.635ms
[2025-08-01T03:43:54.227+0000] GC(455) User=1.15s Sys=0.02s Real=0.15s
[2025-08-01T03:43:54.312+0000] GC(456) Pause Young (Allocation Failure)
[2025-08-01T03:43:54.508+0000] GC(456) PSYoungGen: 931840K(931840K)->465920K(931840K) Eden: 465920K(465920K)->0K(465920K) From: 465920K(465920K)->465920K(465920K)
[2025-08-01T03:43:54.508+0000] GC(456) ParOldGen: 1388456K(2796544K)->1887160K(2796544K)
[2025-08-01T03:43:54.508+0000] GC(456) Metaspace: 10662K(10880K)->10662K(10880K) NonClass: 9396K(9536K)->9396K(9536K) Class: 1265K(1344K)->1265K(1344K)
[2025-08-01T03:43:54.508+0000] GC(456) Pause Young (Allocation Failure) 2265M->2297M(3641M) 196.232ms
[2025-08-01T03:43:54.508+0000] GC(456) User=1.41s Sys=0.09s Real=0.20s
[2025-08-01T03:43:54.599+0000] GC(457) Pause Young (Allocation Failure)
[2025-08-01T03:43:54.722+0000] GC(457) PSYoungGen: 931840K(931840K)->346336K(931840K) Eden: 465920K(465920K)->0K(465920K) From: 465920K(465920K)->346336K(465920K)
[2025-08-01T03:43:54.722+0000] GC(457) ParOldGen: 1887160K(2796544K)->2133752K(2796544K)
[2025-08-01T03:43:54.723+0000] GC(457) Metaspace: 10662K(10880K)->10662K(10880K) NonClass: 9396K(9536K)->9396K(9536K) Class: 1265K(1344K)->1265K(1344K)
[2025-08-01T03:43:54.723+0000] GC(457) Pause Young (Allocation Failure) 2752M->2421M(3641M) 123.464ms
[2025-08-01T03:43:54.723+0000] GC(457) User=0.91s Sys=0.06s Real=0.12s
[2025-08-01T03:43:54.809+0000] GC(458) Pause Full (Ergonomics)
[2025-08-01T03:43:54.809+0000] GC(458) Marking Phase
[2025-08-01T03:43:54.855+0000] GC(458) Marking Phase 45.591ms
[2025-08-01T03:43:54.855+0000] GC(458) Summary Phase
[2025-08-01T03:43:54.855+0000] GC(458) Summary Phase 0.161ms
[2025-08-01T03:43:54.855+0000] GC(458) Adjust Roots
[2025-08-01T03:43:54.857+0000] GC(458) Adjust Roots 1.902ms
[2025-08-01T03:43:54.857+0000] GC(458) Compaction Phase
[2025-08-01T03:43:54.939+0000] GC(458) Compaction Phase 82.163ms
[2025-08-01T03:43:54.939+0000] GC(458) Post Compact
[2025-08-01T03:43:54.960+0000] GC(458) Post Compact 20.480ms
[2025-08-01T03:43:54.960+0000] GC(458) PSYoungGen: 812256K(931840K)->0K(931840K) Eden: 465920K(465920K)->0K(465920K) From: 346336K(465920K)->0K(465920K)
[2025-08-01T03:43:54.960+0000] GC(458) ParOldGen: 2133752K(2796544K)->504780K(2796544K)
[2025-08-01T03:43:54.960+0000] GC(458) Metaspace: 10662K(10880K)->10662K(10880K) NonClass: 9396K(9536K)->9396K(9536K) Class: 1265K(1344K)->1265K(1344K)
[2025-08-01T03:43:54.960+0000] GC(458) Pause Full (Ergonomics) 2876M->492M(3641M) 150.808ms
[2025-08-01T03:43:54.960+0000] GC(458) User=0.94s Sys=0.01s Real=0.15s
[2025-08-01T03:43:55.052+0000] GC(459) Pause Young (Allocation Failure)
[2025-08-01T03:43:55.169+0000] GC(459) PSYoungGen: 465920K(931840K)->465920K(931840K) Eden: 465920K(465920K)->0K(465920K) From: 0K(465920K)->465920K(465920K)
[2025-08-01T03:43:55.169+0000] GC(459) ParOldGen: 504780K(2796544K)->511828K(2796544K)
[2025-08-01T03:43:55.169+0000] GC(459) Metaspace: 10662K(10880K)->10662K(10880K) NonClass: 9396K(9536K)->9396K(9536K) Class: 1265K(1344K)->1265K(1344K)
[2025-08-01T03:43:55.169+0000] GC(459) Pause Young (Allocation Failure) 947M->954M(3641M) 116.859ms
[2025-08-01T03:43:55.169+0000] GC(459) User=0.85s Sys=0.05s Real=0.12s
[2025-08-01T03:43:55.260+0000] GC(460) Pause Young (Allocation Failure)
[2025-08-01T03:43:55.433+0000] GC(460) PSYoungGen: 931840K(931840K)->465920K(931840K) Eden: 465920K(465920K)->0K(465920K) From: 465920K(465920K)->465920K(465920K)
[2025-08-01T03:43:55.433+0000] GC(460) ParOldGen: 511828K(2796544K)->1011092K(2796544K)
[2025-08-01T03:43:55.433+0000] GC(460) Metaspace: 10662K(10880K)->10662K(10880K) NonClass: 9396K(9536K)->9396K(9536K) Class: 1265K(1344K)->1265K(1344K)
[2025-08-01T03:43:55.433+0000] GC(460) Pause Young (Allocation Failure) 1409M->1442M(3641M) 172.637ms
[2025-08-01T03:43:55.433+0000] GC(460) User=1.29s Sys=0.06s Real=0.17s
[2025-08-01T03:43:55.518+0000] GC(461) Pause Young (Allocation Failure)
[2025-08-01T03:43:55.624+0000] GC(461) PSYoungGen: 931840K(931840K)->363008K(931840K) Eden: 465920K(465920K)->0K(465920K) From: 465920K(465920K)->363008K(465920K)
[2025-08-01T03:43:55.624+0000] GC(461) ParOldGen: 1011092K(2796544K)->1265948K(2796544K)
[2025-08-01T03:43:55.624+0000] GC(461) Metaspace: 10662K(10880K)->10662K(10880K) NonClass: 9396K(9536K)->9396K(9536K) Class: 1265K(1344K)->1265K(1344K)
[2025-08-01T03:43:55.624+0000] GC(461) Pause Young (Allocation Failure) 1897M->1590M(3641M) 106.464ms
[2025-08-01T03:43:55.624+0000] GC(461) User=0.80s Sys=0.04s Real=0.11s
[2025-08-01T03:43:55.711+0000] GC(462) Pause Young (Allocation Failure)
[2025-08-01T03:43:55.795+0000] GC(462) PSYoungGen: 828928K(931840K)->353376K(931840K) Eden: 465920K(465920K)->0K(465920K) From: 363008K(465920K)->353376K(465920K)
[2025-08-01T03:43:55.795+0000] GC(462) ParOldGen: 1265948K(2796544K)->1416252K(2796544K)
[2025-08-01T03:43:55.795+0000] GC(462) Metaspace: 10662K(10880K)->10662K(10880K) NonClass: 9396K(9536K)->9396K(9536K) Class: 1265K(1344K)->1265K(1344K)
[2025-08-01T03:43:55.796+0000] GC(462) Pause Young (Allocation Failure) 2045M->1728M(3641M) 84.206ms
[2025-08-01T03:43:55.796+0000] GC(462) User=0.64s Sys=0.01s Real=0.09s
[2025-08-01T03:43:55.886+0000] GC(463) Pause Young (Allocation Failure)
[2025-08-01T03:43:56.086+0000] GC(463) PSYoungGen: 819296K(931840K)->465920K(931840K) Eden: 465920K(465920K)->0K(465920K) From: 353376K(465920K)->465920K(465920K)
[2025-08-01T03:43:56.086+0000] GC(463) ParOldGen: 1416252K(2796544K)->1797876K(2796544K)
[2025-08-01T03:43:56.086+0000] GC(463) Metaspace: 10662K(10880K)->10662K(10880K) NonClass: 9396K(9536K)->9396K(9536K) Class: 1265K(1344K)->1265K(1344K)
[2025-08-01T03:43:56.087+0000] GC(463) Pause Young (Allocation Failure) 2183M->2210M(3641M) 200.221ms
[2025-08-01T03:43:56.087+0000] GC(463) User=1.42s Sys=0.09s Real=0.20s
[2025-08-01T03:43:56.175+0000] GC(464) Pause Young (Allocation Failure)
[2025-08-01T03:43:56.336+0000] GC(464) PSYoungGen: 931840K(931840K)->465920K(931840K) Eden: 465920K(465920K)->0K(465920K) From: 465920K(465920K)->465920K(465920K)
[2025-08-01T03:43:56.336+0000] GC(464) ParOldGen: 1797876K(2796544K)->2300308K(2796544K)
[2025-08-01T03:43:56.336+0000] GC(464) Metaspace: 10662K(10880K)->10662K(10880K) NonClass: 9396K(9536K)->9396K(9536K) Class: 1265K(1344K)->1265K(1344K)
[2025-08-01T03:43:56.336+0000] GC(464) Pause Young (Allocation Failure) 2665M->2701M(3641M) 161.506ms
[2025-08-01T03:43:56.336+0000] GC(464) User=1.21s Sys=0.03s Real=0.16s
[2025-08-01T03:43:56.426+0000] GC(465) Pause Full (Ergonomics)
[2025-08-01T03:43:56.426+0000] GC(465) Marking Phase
[2025-08-01T03:43:56.530+0000] GC(465) Marking Phase 104.637ms
[2025-08-01T03:43:56.530+0000] GC(465) Summary Phase
[2025-08-01T03:43:56.530+0000] GC(465) Summary Phase 0.129ms
[2025-08-01T03:43:56.531+0000] GC(465) Adjust Roots
[2025-08-01T03:43:56.533+0000] GC(465) Adjust Roots 2.038ms
[2025-08-01T03:43:56.533+0000] GC(465) Compaction Phase
[2025-08-01T03:43:56.704+0000] GC(465) Compaction Phase 171.681ms
[2025-08-01T03:43:56.704+0000] GC(465) Post Compact
[2025-08-01T03:43:56.725+0000] GC(465) Post Compact 20.768ms
[2025-08-01T03:43:56.725+0000] GC(465) PSYoungGen: 931840K(931840K)->0K(931840K) Eden: 465920K(465920K)->0K(465920K) From: 465920K(465920K)->0K(465920K)
[2025-08-01T03:43:56.725+0000] GC(465) ParOldGen: 2300308K(2796544K)->980184K(2796544K)
[2025-08-01T03:43:56.725+0000] GC(465) Metaspace: 10662K(10880K)->10662K(10880K) NonClass: 9396K(9536K)->9396K(9536K) Class: 1265K(1344K)->1265K(1344K)
[2025-08-01T03:43:56.725+0000] GC(465) Pause Full (Ergonomics) 3156M->957M(3641M) 299.752ms
[2025-08-01T03:43:56.725+0000] GC(465) User=2.11s Sys=0.06s Real=0.30s
[2025-08-01T03:43:56.811+0000] GC(466) Pause Young (Allocation Failure)
[2025-08-01T03:43:56.908+0000] GC(466) PSYoungGen: 465920K(931840K)->349216K(931840K) Eden: 465920K(465920K)->0K(465920K) From: 0K(465920K)->349216K(465920K)
[2025-08-01T03:43:56.908+0000] GC(466) ParOldGen: 980184K(2796544K)->980184K(2796544K)
[2025-08-01T03:43:56.908+0000] GC(466) Metaspace: 10662K(10880K)->10662K(10880K) NonClass: 9396K(9536K)->9396K(9536K) Class: 1265K(1344K)->1265K(1344K)
[2025-08-01T03:43:56.908+0000] GC(466) Pause Young (Allocation Failure) 1412M->1298M(3641M) 97.009ms
[2025-08-01T03:43:56.908+0000] GC(466) User=0.70s Sys=0.04s Real=0.10s
[2025-08-01T03:43:56.997+0000] GC(467) Pause Young (Allocation Failure)
[2025-08-01T03:43:57.200+0000] GC(467) PSYoungGen: 815136K(931840K)->465920K(931840K) Eden: 465920K(465920K)->0K(465920K) From: 349216K(465920K)->465920K(465920K)
[2025-08-01T03:43:57.200+0000] GC(467) ParOldGen: 980184K(2796544K)->1354536K(2796544K)
[2025-08-01T03:43:57.200+0000] GC(467) Metaspace: 10662K(10880K)->10662K(10880K) NonClass: 9396K(9536K)->9396K(9536K) Class: 1265K(1344K)->1265K(1344K)
[2025-08-01T03:43:57.200+0000] GC(467) Pause Young (Allocation Failure) 1753M->1777M(3641M) 203.263ms
[2025-08-01T03:43:57.200+0000] GC(467) User=1.53s Sys=0.07s Real=0.20s
[2025-08-01T03:43:57.283+0000] GC(468) Pause Young (Allocation Failure)
[2025-08-01T03:43:57.475+0000] GC(468) PSYoungGen: 931840K(931840K)->465920K(931840K) Eden: 465920K(465920K)->0K(465920K) From: 465920K(465920K)->465920K(465920K)
[2025-08-01T03:43:57.475+0000] GC(468) ParOldGen: 1354536K(2796544K)->1855792K(2796544K)
[2025-08-01T03:43:57.475+0000] GC(468) Metaspace: 10662K(10880K)->10662K(10880K) NonClass: 9396K(9536K)->9396K(9536K) Class: 1265K(1344K)->1265K(1344K)
[2025-08-01T03:43:57.475+0000] GC(468) Pause Young (Allocation Failure) 2232M->2267M(3641M) 191.677ms
[2025-08-01T03:43:57.475+0000] GC(468) User=1.35s Sys=0.07s Real=0.19s
[2025-08-01T03:43:57.566+0000] GC(469) Pause Young (Allocation Failure)
[2025-08-01T03:43:57.708+0000] GC(469) PSYoungGen: 931840K(931840K)->395520K(931840K) Eden: 465920K(465920K)->0K(465920K) From: 465920K(465920K)->395520K(465920K)
[2025-08-01T03:43:57.708+0000] GC(469) ParOldGen: 1855792K(2796544K)->2103704K(2796544K)
[2025-08-01T03:43:57.708+0000] GC(469) Metaspace: 10662K(10880K)->10662K(10880K) NonClass: 9396K(9536K)->9396K(9536K) Class: 1265K(1344K)->1265K(1344K)
[2025-08-01T03:43:57.708+0000] GC(469) Pause Young (Allocation Failure) 2722M->2440M(3641M) 142.076ms
[2025-08-01T03:43:57.708+0000] GC(469) User=1.00s Sys=0.07s Real=0.14s
[2025-08-01T03:43:57.794+0000] GC(470) Pause Full (Ergonomics)
[2025-08-01T03:43:57.794+0000] GC(470) Marking Phase
[2025-08-01T03:43:57.856+0000] GC(470) Marking Phase 61.894ms
[2025-08-01T03:43:57.856+0000] GC(470) Summary Phase
[2025-08-01T03:43:57.856+0000] GC(470) Summary Phase 0.091ms
[2025-08-01T03:43:57.856+0000] GC(470) Adjust Roots
[2025-08-01T03:43:57.858+0000] GC(470) Adjust Roots 1.819ms
[2025-08-01T03:43:57.858+0000] GC(470) Compaction Phase
[2025-08-01T03:43:57.992+0000] GC(470) Compaction Phase 134.565ms
[2025-08-01T03:43:57.992+0000] GC(470) Post Compact
[2025-08-01T03:43:58.012+0000] GC(470) Post Compact 19.868ms
[2025-08-01T03:43:58.012+0000] GC(470) PSYoungGen: 861440K(931840K)->0K(931840K) Eden: 465920K(465920K)->0K(465920K) From: 395520K(465920K)->0K(465920K)
[2025-08-01T03:43:58.012+0000] GC(470) ParOldGen: 2103704K(2796544K)->525258K(2796544K)
[2025-08-01T03:43:58.012+0000] GC(470) Metaspace: 10662K(10880K)->10662K(10880K) NonClass: 9396K(9536K)->9396K(9536K) Class: 1265K(1344K)->1265K(1344K)
[2025-08-01T03:43:58.012+0000] GC(470) Pause Full (Ergonomics) 2895M->512M(3641M) 218.617ms
[2025-08-01T03:43:58.012+0000] GC(470) User=1.47s Sys=0.06s Real=0.21s
[2025-08-01T03:43:58.099+0000] GC(471) Pause Young (Allocation Failure)
[2025-08-01T03:43:58.228+0000] GC(471) PSYoungGen: 465920K(931840K)->465920K(931840K) Eden: 465920K(465920K)->0K(465920K) From: 0K(465920K)->465920K(465920K)
[2025-08-01T03:43:58.228+0000] GC(471) ParOldGen: 525258K(2796544K)->532690K(2796544K)
[2025-08-01T03:43:58.228+0000] GC(471) Metaspace: 10662K(10880K)->10662K(10880K) NonClass: 9396K(9536K)->9396K(9536K) Class: 1265K(1344K)->1265K(1344K)
[2025-08-01T03:43:58.228+0000] GC(471) Pause Young (Allocation Failure) 967M->975M(3641M) 128.812ms
[2025-08-01T03:43:58.228+0000] GC(471) User=0.96s Sys=0.03s Real=0.13s
[2025-08-01T03:43:58.320+0000] GC(472) Pause Young (Allocation Failure)
[2025-08-01T03:43:58.488+0000] GC(472) PSYoungGen: 931840K(931840K)->465920K(931840K) Eden: 465920K(465920K)->0K(465920K) From: 465920K(465920K)->465920K(465920K)
[2025-08-01T03:43:58.488+0000] GC(472) ParOldGen: 532690K(2796544K)->1033362K(2796544K)
[2025-08-01T03:43:58.488+0000] GC(472) Metaspace: 10662K(10880K)->10662K(10880K) NonClass: 9396K(9536K)->9396K(9536K) Class: 1265K(1344K)->1265K(1344K)
[2025-08-01T03:43:58.488+0000] GC(472) Pause Young (Allocation Failure) 1430M->1464M(3641M) 168.024ms
[2025-08-01T03:43:58.488+0000] GC(472) User=1.30s Sys=0.03s Real=0.17s
[2025-08-01T03:43:58.578+0000] GC(473) Pause Young (Allocation Failure)
[2025-08-01T03:43:58.693+0000] GC(473) PSYoungGen: 931840K(931840K)->391008K(931840K) Eden: 465920K(465920K)->0K(465920K) From: 465920K(465920K)->391008K(465920K)
[2025-08-01T03:43:58.693+0000] GC(473) ParOldGen: 1033362K(2796544K)->1274858K(2796544K)
[2025-08-01T03:43:58.693+0000] GC(473) Metaspace: 10662K(10880K)->10662K(10880K) NonClass: 9396K(9536K)->9396K(9536K) Class: 1265K(1344K)->1265K(1344K)
[2025-08-01T03:43:58.693+0000] GC(473) Pause Young (Allocation Failure) 1919M->1626M(3641M) 115.067ms
[2025-08-01T03:43:58.693+0000] GC(473) User=0.89s Sys=0.02s Real=0.11s
[2025-08-01T03:43:58.780+0000] GC(474) Pause Young (Allocation Failure)
[2025-08-01T03:43:58.908+0000] GC(474) PSYoungGen: 856928K(931840K)->351136K(931840K) Eden: 465920K(465920K)->0K(465920K) From: 391008K(465920K)->351136K(465920K)
[2025-08-01T03:43:58.908+0000] GC(474) ParOldGen: 1274858K(2796544K)->1451522K(2796544K)
[2025-08-01T03:43:58.909+0000] GC(474) Metaspace: 10662K(10880K)->10662K(10880K) NonClass: 9396K(9536K)->9396K(9536K) Class: 1265K(1344K)->1265K(1344K)
[2025-08-01T03:43:58.909+0000] GC(474) Pause Young (Allocation Failure) 2081M->1760M(3641M) 128.692ms
[2025-08-01T03:43:58.909+0000] GC(474) User=0.91s Sys=0.04s Real=0.13s
[2025-08-01T03:43:58.996+0000] GC(475) Pause Young (Allocation Failure)
[2025-08-01T03:43:59.150+0000] GC(475) PSYoungGen: 817056K(931840K)->465920K(931840K) Eden: 465920K(465920K)->0K(465920K) From: 351136K(465920K)->465920K(465920K)
[2025-08-01T03:43:59.150+0000] GC(475) ParOldGen: 1451522K(2796544K)->1828786K(2796544K)
[2025-08-01T03:43:59.150+0000] GC(475) Metaspace: 10662K(10880K)->10662K(10880K) NonClass: 9396K(9536K)->9396K(9536K) Class: 1265K(1344K)->1265K(1344K)
[2025-08-01T03:43:59.150+0000] GC(475) Pause Young (Allocation Failure) 2215M->2240M(3641M) 154.608ms
[2025-08-01T03:43:59.150+0000] GC(475) User=1.16s Sys=0.05s Real=0.15s
[2025-08-01T03:43:59.235+0000] GC(476) Pause Young (Allocation Failure)
[2025-08-01T03:43:59.402+0000] GC(476) PSYoungGen: 931840K(931840K)->358752K(931840K) Eden: 465920K(465920K)->0K(465920K) From: 465920K(465920K)->358752K(465920K)
[2025-08-01T03:43:59.402+0000] GC(476) ParOldGen: 1828786K(2796544K)->2183282K(2796544K)
[2025-08-01T03:43:59.402+0000] GC(476) Metaspace: 10662K(10880K)->10662K(10880K) NonClass: 9396K(9536K)->9396K(9536K) Class: 1265K(1344K)->1265K(1344K)
[2025-08-01T03:43:59.402+0000] GC(476) Pause Young (Allocation Failure) 2695M->2482M(3641M) 167.139ms
[2025-08-01T03:43:59.402+0000] GC(476) User=1.30s Sys=0.03s Real=0.16s
[2025-08-01T03:43:59.487+0000] GC(477) Pause Full (Ergonomics)
[2025-08-01T03:43:59.487+0000] GC(477) Marking Phase
[2025-08-01T03:43:59.582+0000] GC(477) Marking Phase 94.732ms
[2025-08-01T03:43:59.582+0000] GC(477) Summary Phase
[2025-08-01T03:43:59.582+0000] GC(477) Summary Phase 0.155ms
[2025-08-01T03:43:59.582+0000] GC(477) Adjust Roots
[2025-08-01T03:43:59.584+0000] GC(477) Adjust Roots 2.056ms
[2025-08-01T03:43:59.584+0000] GC(477) Compaction Phase
[2025-08-01T03:43:59.776+0000] GC(477) Compaction Phase 192.167ms
[2025-08-01T03:43:59.776+0000] GC(477) Post Compact
[2025-08-01T03:43:59.796+0000] GC(477) Post Compact 19.421ms
[2025-08-01T03:43:59.796+0000] GC(477) PSYoungGen: 824672K(931840K)->0K(931840K) Eden: 465920K(465920K)->0K(465920K) From: 358752K(465920K)->0K(465920K)
[2025-08-01T03:43:59.796+0000] GC(477) ParOldGen: 2183282K(2796544K)->998023K(2796544K)
[2025-08-01T03:43:59.796+0000] GC(477) Metaspace: 10662K(10880K)->10662K(10880K) NonClass: 9396K(9536K)->9396K(9536K) Class: 1265K(1344K)->1265K(1344K)
[2025-08-01T03:43:59.796+0000] GC(477) Pause Full (Ergonomics) 2937M->974M(3641M) 309.193ms
[2025-08-01T03:43:59.796+0000] GC(477) User=2.13s Sys=0.09s Real=0.31s
[2025-08-01T03:43:59.884+0000] GC(478) Pause Young (Allocation Failure)
[2025-08-01T03:43:59.996+0000] GC(478) PSYoungGen: 465920K(931840K)->340032K(931840K) Eden: 465920K(465920K)->0K(465920K) From: 0K(465920K)->340032K(465920K)
[2025-08-01T03:43:59.996+0000] GC(478) ParOldGen: 998023K(2796544K)->998023K(2796544K)
[2025-08-01T03:43:59.996+0000] GC(478) Metaspace: 10662K(10880K)->10662K(10880K) NonClass: 9396K(9536K)->9396K(9536K) Class: 1265K(1344K)->1265K(1344K)
[2025-08-01T03:43:59.996+0000] GC(478) Pause Young (Allocation Failure) 1429M->1306M(3641M) 112.529ms
[2025-08-01T03:43:59.996+0000] GC(478) User=0.80s Sys=0.04s Real=0.11s
[2025-08-01T03:44:00.093+0000] GC(479) Pause Young (Allocation Failure)
[2025-08-01T03:44:00.227+0000] GC(479) PSYoungGen: 805952K(931840K)->465920K(931840K) Eden: 465920K(465920K)->0K(465920K) From: 340032K(465920K)->465920K(465920K)
[2025-08-01T03:44:00.227+0000] GC(479) ParOldGen: 998023K(2796544K)->1365223K(2796544K)
[2025-08-01T03:44:00.227+0000] GC(479) Metaspace: 10662K(10880K)->10662K(10880K) NonClass: 9396K(9536K)->9396K(9536K) Class: 1265K(1344K)->1265K(1344K)
[2025-08-01T03:44:00.227+0000] GC(479) Pause Young (Allocation Failure) 1761M->1788M(3641M) 134.366ms
[2025-08-01T03:44:00.227+0000] GC(479) User=1.05s Sys=0.01s Real=0.13s
[2025-08-01T03:44:00.314+0000] GC(480) Pause Young (Allocation Failure)
[2025-08-01T03:44:00.472+0000] GC(480) PSYoungGen: 931840K(931840K)->365920K(931840K) Eden: 465920K(465920K)->0K(465920K) From: 465920K(465920K)->365920K(465920K)
[2025-08-01T03:44:00.472+0000] GC(480) ParOldGen: 1365223K(2796544K)->1727383K(2796544K)
[2025-08-01T03:44:00.472+0000] GC(480) Metaspace: 10662K(10880K)->10662K(10880K) NonClass: 9396K(9536K)->9396K(9536K) Class: 1265K(1344K)->1265K(1344K)
[2025-08-01T03:44:00.472+0000] GC(480) Pause Young (Allocation Failure) 2243M->2044M(3641M) 157.912ms
[2025-08-01T03:44:00.472+0000] GC(480) User=1.15s Sys=0.04s Real=0.15s
[2025-08-01T03:44:00.558+0000] GC(481) Pause Young (Allocation Failure)
[2025-08-01T03:44:00.685+0000] GC(481) PSYoungGen: 831840K(931840K)->406976K(931840K) Eden: 465920K(465920K)->0K(465920K) From: 365920K(465920K)->406976K(465920K)
[2025-08-01T03:44:00.685+0000] GC(481) ParOldGen: 1727383K(2796544K)->1986903K(2796544K)
[2025-08-01T03:44:00.685+0000] GC(481) Metaspace: 10662K(10880K)->10662K(10880K) NonClass: 9396K(9536K)->9396K(9536K) Class: 1265K(1344K)->1265K(1344K)
[2025-08-01T03:44:00.685+0000] GC(481) Pause Young (Allocation Failure) 2499M->2337M(3641M) 126.890ms
[2025-08-01T03:44:00.685+0000] GC(481) User=0.88s Sys=0.04s Real=0.13s
[2025-08-01T03:44:00.775+0000] GC(482) Pause Young (Allocation Failure)
[2025-08-01T03:44:00.916+0000] GC(482) PSYoungGen: 872896K(931840K)->350656K(931840K) Eden: 465920K(465920K)->0K(465920K) From: 406976K(465920K)->350656K(465920K)
[2025-08-01T03:44:00.916+0000] GC(482) ParOldGen: 1986903K(2796544K)->2181343K(2796544K)
[2025-08-01T03:44:00.916+0000] GC(482) Metaspace: 10662K(10880K)->10662K(10880K) NonClass: 9396K(9536K)->9396K(9536K) Class: 1265K(1344K)->1265K(1344K)
[2025-08-01T03:44:00.916+0000] GC(482) Pause Young (Allocation Failure) 2792M->2472M(3641M) 141.020ms
[2025-08-01T03:44:00.916+0000] GC(482) User=1.04s Sys=0.05s Real=0.14s
[2025-08-01T03:44:01.004+0000] GC(483) Pause Young (Allocation Failure)
[2025-08-01T03:44:01.160+0000] GC(483) PSYoungGen: 816576K(931840K)->465920K(931840K) Eden: 465920K(465920K)->0K(465920K) From: 350656K(465920K)->465920K(465920K)
[2025-08-01T03:44:01.161+0000] GC(483) ParOldGen: 2181343K(2796544K)->2558623K(2796544K)
[2025-08-01T03:44:01.161+0000] GC(483) Metaspace: 10662K(10880K)->10662K(10880K) NonClass: 9396K(9536K)->9396K(9536K) Class: 1265K(1344K)->1265K(1344K)
[2025-08-01T03:44:01.161+0000] GC(483) Pause Young (Allocation Failure) 2927M->2953M(3641M) 156.440ms
[2025-08-01T03:44:01.161+0000] GC(483) User=1.18s Sys=0.04s Real=0.15s
[2025-08-01T03:44:01.246+0000] GC(484) Pause Full (Ergonomics)
[2025-08-01T03:44:01.246+0000] GC(484) Marking Phase
[2025-08-01T03:44:01.348+0000] GC(484) Marking Phase 101.988ms
[2025-08-01T03:44:01.348+0000] GC(484) Summary Phase
[2025-08-01T03:44:01.348+0000] GC(484) Summary Phase 0.179ms
[2025-08-01T03:44:01.348+0000] GC(484) Adjust Roots
[2025-08-01T03:44:01.351+0000] GC(484) Adjust Roots 3.414ms
[2025-08-01T03:44:01.351+0000] GC(484) Compaction Phase
[2025-08-01T03:44:01.555+0000] GC(484) Compaction Phase 203.874ms
[2025-08-01T03:44:01.555+0000] GC(484) Post Compact
[2025-08-01T03:44:01.577+0000] GC(484) Post Compact 21.801ms
[2025-08-01T03:44:01.577+0000] GC(484) PSYoungGen: 931840K(931840K)->0K(931840K) Eden: 465920K(465920K)->0K(465920K) From: 465920K(465920K)->0K(465920K)
[2025-08-01T03:44:01.577+0000] GC(484) ParOldGen: 2558623K(2796544K)->1014516K(2796544K)
[2025-08-01T03:44:01.577+0000] GC(484) Metaspace: 10662K(10880K)->10662K(10880K) NonClass: 9396K(9536K)->9396K(9536K) Class: 1265K(1344K)->1265K(1344K)
[2025-08-01T03:44:01.577+0000] GC(484) Pause Full (Ergonomics) 3408M->990M(3641M) 331.724ms
[2025-08-01T03:44:01.577+0000] GC(484) User=2.30s Sys=0.08s Real=0.33s
[2025-08-01T03:44:01.662+0000] GC(485) Pause Young (Allocation Failure)
[2025-08-01T03:44:01.786+0000] GC(485) PSYoungGen: 465920K(931840K)->414944K(931840K) Eden: 465920K(465920K)->0K(465920K) From: 0K(465920K)->414944K(465920K)
[2025-08-01T03:44:01.786+0000] GC(485) ParOldGen: 1014516K(2796544K)->1014516K(2796544K)
[2025-08-01T03:44:01.786+0000] GC(485) Metaspace: 10662K(10880K)->10662K(10880K) NonClass: 9396K(9536K)->9396K(9536K) Class: 1265K(1344K)->1265K(1344K)
[2025-08-01T03:44:01.787+0000] GC(485) Pause Young (Allocation Failure) 1445M->1395M(3641M) 124.073ms
[2025-08-01T03:44:01.787+0000] GC(485) User=0.82s Sys=0.07s Real=0.13s
[2025-08-01T03:44:01.882+0000] GC(486) Pause Young (Allocation Failure)
[2025-08-01T03:44:02.037+0000] GC(486) PSYoungGen: 880864K(931840K)->347744K(931840K) Eden: 465920K(465920K)->0K(465920K) From: 414944K(465920K)->347744K(465920K)
[2025-08-01T03:44:02.037+0000] GC(486) ParOldGen: 1014516K(2796544K)->1219484K(2796544K)
[2025-08-01T03:44:02.037+0000] GC(486) Metaspace: 10662K(10880K)->10662K(10880K) NonClass: 9396K(9536K)->9396K(9536K) Class: 1265K(1344K)->1265K(1344K)
[2025-08-01T03:44:02.037+0000] GC(486) Pause Young (Allocation Failure) 1850M->1530M(3641M) 154.954ms
[2025-08-01T03:44:02.037+0000] GC(486) User=1.17s Sys=0.03s Real=0.16s
[2025-08-01T03:44:02.132+0000] GC(487) Pause Young (Allocation Failure)
[2025-08-01T03:44:02.338+0000] GC(487) PSYoungGen: 813664K(931840K)->465920K(931840K) Eden: 465920K(465920K)->0K(465920K) From: 347744K(465920K)->465920K(465920K)
[2025-08-01T03:44:02.338+0000] GC(487) ParOldGen: 1219484K(2796544K)->1592804K(2796544K)
[2025-08-01T03:44:02.338+0000] GC(487) Metaspace: 10662K(10880K)->10662K(10880K) NonClass: 9396K(9536K)->9396K(9536K) Class: 1265K(1344K)->1265K(1344K)
[2025-08-01T03:44:02.338+0000] GC(487) Pause Young (Allocation Failure) 1985M->2010M(3641M) 205.649ms
[2025-08-01T03:44:02.338+0000] GC(487) User=1.54s Sys=0.06s Real=0.21s
[2025-08-01T03:44:02.419+0000] GC(488) Pause Young (Allocation Failure)
[2025-08-01T03:44:02.609+0000] GC(488) PSYoungGen: 931840K(931840K)->373440K(931840K) Eden: 465920K(465920K)->0K(465920K) From: 465920K(465920K)->373440K(465920K)
[2025-08-01T03:44:02.609+0000] GC(488) ParOldGen: 1592804K(2796544K)->1953820K(2796544K)
[2025-08-01T03:44:02.609+0000] GC(488) Metaspace: 10662K(10880K)->10662K(10880K) NonClass: 9396K(9536K)->9396K(9536K) Class: 1265K(1344K)->1265K(1344K)
[2025-08-01T03:44:02.609+0000] GC(488) Pause Young (Allocation Failure) 2465M->2272M(3641M) 189.571ms
[2025-08-01T03:44:02.609+0000] GC(488) User=1.45s Sys=0.05s Real=0.19s
[2025-08-01T03:44:02.699+0000] GC(489) Pause Young (Allocation Failure)
[2025-08-01T03:44:02.828+0000] GC(489) PSYoungGen: 839360K(931840K)->416192K(931840K) Eden: 465920K(465920K)->0K(465920K) From: 373440K(465920K)->416192K(465920K)
[2025-08-01T03:44:02.828+0000] GC(489) ParOldGen: 1953820K(2796544K)->2212188K(2796544K)
[2025-08-01T03:44:02.828+0000] GC(489) Metaspace: 10662K(10880K)->10662K(10880K) NonClass: 9396K(9536K)->9396K(9536K) Class: 1265K(1344K)->1265K(1344K)
[2025-08-01T03:44:02.828+0000] GC(489) Pause Young (Allocation Failure) 2727M->2566M(3641M) 129.427ms
[2025-08-01T03:44:02.828+0000] GC(489) User=0.92s Sys=0.03s Real=0.13s
[2025-08-01T03:44:02.917+0000] GC(490) Pause Young (Allocation Failure)
[2025-08-01T03:44:03.008+0000] GC(490) PSYoungGen: 882112K(931840K)->371872K(931840K) Eden: 465920K(465920K)->0K(465920K) From: 416192K(465920K)->371872K(465920K)
[2025-08-01T03:44:03.008+0000] GC(490) ParOldGen: 2212188K(2796544K)->2403388K(2796544K)
[2025-08-01T03:44:03.008+0000] GC(490) Metaspace: 10662K(10880K)->10662K(10880K) NonClass: 9396K(9536K)->9396K(9536K) Class: 1265K(1344K)->1265K(1344K)
[2025-08-01T03:44:03.008+0000] GC(490) Pause Young (Allocation Failure) 3021M->2710M(3641M) 91.236ms
[2025-08-01T03:44:03.008+0000] GC(490) User=0.71s Sys=0.01s Real=0.09s
[2025-08-01T03:44:03.097+0000] GC(491) Pause Full (Ergonomics)
[2025-08-01T03:44:03.097+0000] GC(491) Marking Phase
[2025-08-01T03:44:03.195+0000] GC(491) Marking Phase 98.381ms
[2025-08-01T03:44:03.195+0000] GC(491) Summary Phase
[2025-08-01T03:44:03.196+0000] GC(491) Summary Phase 0.163ms
[2025-08-01T03:44:03.196+0000] GC(491) Adjust Roots
[2025-08-01T03:44:03.197+0000] GC(491) Adjust Roots 1.516ms
[2025-08-01T03:44:03.197+0000] GC(491) Compaction Phase
[2025-08-01T03:44:03.384+0000] GC(491) Compaction Phase 186.459ms
[2025-08-01T03:44:03.384+0000] GC(491) Post Compact
[2025-08-01T03:44:03.405+0000] GC(491) Post Compact 21.309ms
[2025-08-01T03:44:03.405+0000] GC(491) PSYoungGen: 837792K(931840K)->0K(931840K) Eden: 465920K(465920K)->0K(465920K) From: 371872K(465920K)->0K(465920K)
[2025-08-01T03:44:03.405+0000] GC(491) ParOldGen: 2403388K(2796544K)->1031000K(2796544K)
[2025-08-01T03:44:03.405+0000] GC(491) Metaspace: 10662K(10880K)->10662K(10880K) NonClass: 9396K(9536K)->9396K(9536K) Class: 1265K(1344K)->1265K(1344K)
[2025-08-01T03:44:03.405+0000] GC(491) Pause Full (Ergonomics) 3165M->1006M(3641M) 308.436ms
[2025-08-01T03:44:03.405+0000] GC(491) User=2.21s Sys=0.04s Real=0.31s
[2025-08-01T03:44:03.490+0000] GC(492) Pause Young (Allocation Failure)
[2025-08-01T03:44:03.589+0000] GC(492) PSYoungGen: 465920K(931840K)->373600K(931840K) Eden: 465920K(465920K)->0K(465920K) From: 0K(465920K)->373600K(465920K)
[2025-08-01T03:44:03.589+0000] GC(492) ParOldGen: 1031000K(2796544K)->1031000K(2796544K)
[2025-08-01T03:44:03.589+0000] GC(492) Metaspace: 10662K(10880K)->10662K(10880K) NonClass: 9396K(9536K)->9396K(9536K) Class: 1265K(1344K)->1265K(1344K)
[2025-08-01T03:44:03.590+0000] GC(492) Pause Young (Allocation Failure) 1461M->1371M(3641M) 99.462ms
[2025-08-01T03:44:03.590+0000] GC(492) User=0.73s Sys=0.03s Real=0.10s
[2025-08-01T03:44:03.685+0000] GC(493) Pause Young (Allocation Failure)
[2025-08-01T03:44:03.804+0000] GC(493) PSYoungGen: 839520K(931840K)->421408K(931840K) Eden: 465920K(465920K)->0K(465920K) From: 373600K(465920K)->421408K(465920K)
[2025-08-01T03:44:03.804+0000] GC(493) ParOldGen: 1031000K(2796544K)->1284168K(2796544K)
[2025-08-01T03:44:03.804+0000] GC(493) Metaspace: 10662K(10880K)->10662K(10880K) NonClass: 9396K(9536K)->9396K(9536K) Class: 1265K(1344K)->1265K(1344K)
[2025-08-01T03:44:03.804+0000] GC(493) Pause Young (Allocation Failure) 1826M->1665M(3641M) 119.369ms
[2025-08-01T03:44:03.804+0000] GC(493) User=0.90s Sys=0.03s Real=0.12s
[2025-08-01T03:44:03.899+0000] GC(494) Pause Young (Allocation Failure)
[2025-08-01T03:44:04.020+0000] GC(494) PSYoungGen: 887328K(931840K)->380576K(931840K) Eden: 465920K(465920K)->0K(465920K) From: 421408K(465920K)->380576K(465920K)
[2025-08-01T03:44:04.020+0000] GC(494) ParOldGen: 1284168K(2796544K)->1474704K(2796544K)
[2025-08-01T03:44:04.020+0000] GC(494) Metaspace: 10662K(10880K)->10662K(10880K) NonClass: 9396K(9536K)->9396K(9536K) Class: 1265K(1344K)->1265K(1344K)
[2025-08-01T03:44:04.020+0000] GC(494) Pause Young (Allocation Failure) 2120M->1811M(3641M) 120.717ms
[2025-08-01T03:44:04.020+0000] GC(494) User=0.88s Sys=0.04s Real=0.12s
[2025-08-01T03:44:04.109+0000] GC(495) Pause Young (Allocation Failure)
[2025-08-01T03:44:04.261+0000] GC(495) PSYoungGen: 846496K(931840K)->465920K(931840K) Eden: 465920K(465920K)->0K(465920K) From: 380576K(465920K)->465920K(465920K)
[2025-08-01T03:44:04.261+0000] GC(495) ParOldGen: 1474704K(2796544K)->1885896K(2796544K)
[2025-08-01T03:44:04.261+0000] GC(495) Metaspace: 10662K(10880K)->10662K(10880K) NonClass: 9396K(9536K)->9396K(9536K) Class: 1265K(1344K)->1265K(1344K)
[2025-08-01T03:44:04.261+0000] GC(495) Pause Young (Allocation Failure) 2266M->2296M(3641M) 152.605ms
[2025-08-01T03:44:04.261+0000] GC(495) User=1.16s Sys=0.03s Real=0.15s
[2025-08-01T03:44:04.351+0000] GC(496) Pause Young (Allocation Failure)
[2025-08-01T03:44:04.543+0000] GC(496) PSYoungGen: 931840K(931840K)->465920K(931840K) Eden: 465920K(465920K)->0K(465920K) From: 465920K(465920K)->465920K(465920K)
[2025-08-01T03:44:04.543+0000] GC(496) ParOldGen: 1885896K(2796544K)->2387224K(2796544K)
[2025-08-01T03:44:04.543+0000] GC(496) Metaspace: 10662K(10880K)->10662K(10880K) NonClass: 9396K(9536K)->9396K(9536K) Class: 1265K(1344K)->1265K(1344K)
[2025-08-01T03:44:04.543+0000] GC(496) Pause Young (Allocation Failure) 2751M->2786M(3641M) 191.120ms
[2025-08-01T03:44:04.543+0000] GC(496) User=1.45s Sys=0.05s Real=0.19s
[2025-08-01T03:44:04.630+0000] GC(497) Pause Full (Ergonomics)
[2025-08-01T03:44:04.630+0000] GC(497) Marking Phase
[2025-08-01T03:44:04.738+0000] GC(497) Marking Phase 107.720ms
[2025-08-01T03:44:04.738+0000] GC(497) Summary Phase
[2025-08-01T03:44:04.738+0000] GC(497) Summary Phase 0.444ms
[2025-08-01T03:44:04.738+0000] GC(497) Adjust Roots
[2025-08-01T03:44:04.740+0000] GC(497) Adjust Roots 1.966ms
[2025-08-01T03:44:04.740+0000] GC(497) Compaction Phase
[2025-08-01T03:44:04.911+0000] GC(497) Compaction Phase 171.132ms
[2025-08-01T03:44:04.912+0000] GC(497) Post Compact
[2025-08-01T03:44:04.933+0000] GC(497) Post Compact 21.801ms
[2025-08-01T03:44:04.933+0000] GC(497) PSYoungGen: 931840K(931840K)->0K(931840K) Eden: 465920K(465920K)->0K(465920K) From: 465920K(465920K)->0K(465920K)
[2025-08-01T03:44:04.933+0000] GC(497) ParOldGen: 2387224K(2796544K)->1045980K(2796544K)
[2025-08-01T03:44:04.933+0000] GC(497) Metaspace: 10662K(10880K)->10662K(10880K) NonClass: 9396K(9536K)->9396K(9536K) Class: 1265K(1344K)->1265K(1344K)
[2025-08-01T03:44:04.933+0000] GC(497) Pause Full (Ergonomics) 3241M->1021M(3641M) 303.482ms
[2025-08-01T03:44:04.933+0000] GC(497) User=2.09s Sys=0.07s Real=0.31s
[2025-08-01T03:44:05.020+0000] GC(498) Pause Young (Allocation Failure)
[2025-08-01T03:44:05.144+0000] GC(498) PSYoungGen: 465920K(931840K)->404800K(931840K) Eden: 465920K(465920K)->0K(465920K) From: 0K(465920K)->404800K(465920K)
[2025-08-01T03:44:05.144+0000] GC(498) ParOldGen: 1045980K(2796544K)->1045980K(2796544K)
[2025-08-01T03:44:05.144+0000] GC(498) Metaspace: 10662K(10880K)->10662K(10880K) NonClass: 9396K(9536K)->9396K(9536K) Class: 1265K(1344K)->1265K(1344K)
[2025-08-01T03:44:05.144+0000] GC(498) Pause Young (Allocation Failure) 1476M->1416M(3641M) 124.239ms
[2025-08-01T03:44:05.144+0000] GC(498) User=0.91s Sys=0.06s Real=0.13s
[2025-08-01T03:44:05.234+0000] GC(499) Pause Young (Allocation Failure)
[2025-08-01T03:44:05.408+0000] GC(499) PSYoungGen: 870720K(931840K)->465920K(931840K) Eden: 465920K(465920K)->0K(465920K) From: 404800K(465920K)->465920K(465920K)
[2025-08-01T03:44:05.408+0000] GC(499) ParOldGen: 1045980K(2796544K)->1481212K(2796544K)
[2025-08-01T03:44:05.408+0000] GC(499) Metaspace: 10662K(10880K)->10662K(10880K) NonClass: 9396K(9536K)->9396K(9536K) Class: 1265K(1344K)->1265K(1344K)
[2025-08-01T03:44:05.408+0000] GC(499) Pause Young (Allocation Failure) 1871M->1901M(3641M) 174.157ms
[2025-08-01T03:44:05.408+0000] GC(499) User=1.33s Sys=0.04s Real=0.17s
[2025-08-01T03:44:05.497+0000] GC(500) Pause Young (Allocation Failure)
[2025-08-01T03:44:05.696+0000] GC(500) PSYoungGen: 931840K(931840K)->465920K(931840K) Eden: 465920K(465920K)->0K(465920K) From: 465920K(465920K)->465920K(465920K)
[2025-08-01T03:44:05.696+0000] GC(500) ParOldGen: 1481212K(2796544K)->1982324K(2796544K)
[2025-08-01T03:44:05.696+0000] GC(500) Metaspace: 10662K(10880K)->10662K(10880K) NonClass: 9396K(9536K)->9396K(9536K) Class: 1265K(1344K)->1265K(1344K)
[2025-08-01T03:44:05.696+0000] GC(500) Pause Young (Allocation Failure) 2356M->2390M(3641M) 199.044ms
[2025-08-01T03:44:05.696+0000] GC(500) User=1.51s Sys=0.05s Real=0.20s
[2025-08-01T03:44:05.781+0000] GC(501) Pause Young (Allocation Failure)
[2025-08-01T03:44:05.958+0000] GC(501) PSYoungGen: 931840K(931840K)->405664K(931840K) Eden: 465920K(465920K)->0K(465920K) From: 465920K(465920K)->405664K(465920K)
[2025-08-01T03:44:05.958+0000] GC(501) ParOldGen: 1982324K(2796544K)->2219564K(2796544K)
[2025-08-01T03:44:05.958+0000] GC(501) Metaspace: 10662K(10880K)->10662K(10880K) NonClass: 9396K(9536K)->9396K(9536K) Class: 1265K(1344K)->1265K(1344K)
[2025-08-01T03:44:05.958+0000] GC(501) Pause Young (Allocation Failure) 2845M->2563M(3641M) 177.486ms
[2025-08-01T03:44:05.958+0000] GC(501) User=1.28s Sys=0.07s Real=0.18s
[2025-08-01T03:44:06.095+0000] GC(502) Pause Full (Ergonomics)
[2025-08-01T03:44:06.095+0000] GC(502) Marking Phase
[2025-08-01T03:44:06.162+0000] GC(502) Marking Phase 66.909ms
[2025-08-01T03:44:06.162+0000] GC(502) Summary Phase
[2025-08-01T03:44:06.162+0000] GC(502) Summary Phase 0.075ms
[2025-08-01T03:44:06.162+0000] GC(502) Adjust Roots
[2025-08-01T03:44:06.164+0000] GC(502) Adjust Roots 1.731ms
[2025-08-01T03:44:06.164+0000] GC(502) Compaction Phase
[2025-08-01T03:44:06.267+0000] GC(502) Compaction Phase 102.739ms
[2025-08-01T03:44:06.267+0000] GC(502) Post Compact
[2025-08-01T03:44:06.288+0000] GC(502) Post Compact 20.792ms
[2025-08-01T03:44:06.288+0000] GC(502) PSYoungGen: 871584K(931840K)->0K(931840K) Eden: 465920K(465920K)->0K(465920K) From: 405664K(465920K)->0K(465920K)
[2025-08-01T03:44:06.288+0000] GC(502) ParOldGen: 2219564K(2796544K)->591621K(2796544K)
[2025-08-01T03:44:06.288+0000] GC(502) Metaspace: 10662K(10880K)->10662K(10880K) NonClass: 9396K(9536K)->9396K(9536K) Class: 1265K(1344K)->1265K(1344K)
[2025-08-01T03:44:06.288+0000] GC(502) Pause Full (Ergonomics) 3018M->577M(3641M) 192.628ms
[2025-08-01T03:44:06.288+0000] GC(502) User=1.26s Sys=0.06s Real=0.19s
[2025-08-01T03:44:06.379+0000] GC(503) Pause Young (Allocation Failure)
[2025-08-01T03:44:06.520+0000] GC(503) PSYoungGen: 465920K(931840K)->465920K(931840K) Eden: 465920K(465920K)->0K(465920K) From: 0K(465920K)->465920K(465920K)
[2025-08-01T03:44:06.520+0000] GC(503) ParOldGen: 591621K(2796544K)->598149K(2796544K)
[2025-08-01T03:44:06.520+0000] GC(503) Metaspace: 10662K(10880K)->10662K(10880K) NonClass: 9396K(9536K)->9396K(9536K) Class: 1265K(1344K)->1265K(1344K)
[2025-08-01T03:44:06.520+0000] GC(503) Pause Young (Allocation Failure) 1032M->1039M(3641M) 141.129ms
[2025-08-01T03:44:06.520+0000] GC(503) User=1.06s Sys=0.03s Real=0.14s
[2025-08-01T03:44:06.617+0000] GC(504) Pause Young (Allocation Failure)
[2025-08-01T03:44:06.839+0000] GC(504) PSYoungGen: 931840K(931840K)->465920K(931840K) Eden: 465920K(465920K)->0K(465920K) From: 465920K(465920K)->465920K(465920K)
[2025-08-01T03:44:06.839+0000] GC(504) ParOldGen: 598149K(2796544K)->1097925K(2796544K)
[2025-08-01T03:44:06.839+0000] GC(504) Metaspace: 10662K(10880K)->10662K(10880K) NonClass: 9396K(9536K)->9396K(9536K) Class: 1265K(1344K)->1265K(1344K)
[2025-08-01T03:44:06.839+0000] GC(504) Pause Young (Allocation Failure) 1494M->1527M(3641M) 221.579ms
[2025-08-01T03:44:06.839+0000] GC(504) User=1.71s Sys=0.03s Real=0.22s
[2025-08-01T03:44:06.929+0000] GC(505) Pause Young (Allocation Failure)
[2025-08-01T03:44:07.040+0000] GC(505) PSYoungGen: 931840K(931840K)->379424K(931840K) Eden: 465920K(465920K)->0K(465920K) From: 465920K(465920K)->379424K(465920K)
[2025-08-01T03:44:07.040+0000] GC(505) ParOldGen: 1097925K(2796544K)->1347365K(2796544K)
[2025-08-01T03:44:07.040+0000] GC(505) Metaspace: 10662K(10880K)->10662K(10880K) NonClass: 9396K(9536K)->9396K(9536K) Class: 1265K(1344K)->1265K(1344K)
[2025-08-01T03:44:07.040+0000] GC(505) Pause Young (Allocation Failure) 1982M->1686M(3641M) 111.937ms
[2025-08-01T03:44:07.040+0000] GC(505) User=0.80s Sys=0.04s Real=0.11s
[2025-08-01T03:44:07.181+0000] GC(506) Pause Young (Allocation Failure)
[2025-08-01T03:44:07.384+0000] GC(506) PSYoungGen: 845344K(931840K)->445984K(931840K) Eden: 465920K(465920K)->0K(465920K) From: 379424K(465920K)->445984K(465920K)
[2025-08-01T03:44:07.384+0000] GC(506) ParOldGen: 1347365K(2796544K)->1497813K(2796544K)
[2025-08-01T03:44:07.385+0000] GC(506) Metaspace: 10662K(10880K)->10662K(10880K) NonClass: 9396K(9536K)->9396K(9536K) Class: 1265K(1344K)->1265K(1344K)
[2025-08-01T03:44:07.385+0000] GC(506) Pause Young (Allocation Failure) 2141M->1898M(3641M) 203.063ms
[2025-08-01T03:44:07.385+0000] GC(506) User=1.44s Sys=0.10s Real=0.21s
[2025-08-01T03:44:07.482+0000] GC(507) Pause Young (Allocation Failure)
[2025-08-01T03:44:07.654+0000] GC(507) PSYoungGen: 911904K(931840K)->465920K(931840K) Eden: 465920K(465920K)->0K(465920K) From: 445984K(465920K)->465920K(465920K)
[2025-08-01T03:44:07.654+0000] GC(507) ParOldGen: 1497813K(2796544K)->1976533K(2796544K)
[2025-08-01T03:44:07.654+0000] GC(507) Metaspace: 10662K(10880K)->10662K(10880K) NonClass: 9396K(9536K)->9396K(9536K) Class: 1265K(1344K)->1265K(1344K)
[2025-08-01T03:44:07.654+0000] GC(507) Pause Young (Allocation Failure) 2353M->2385M(3641M) 172.006ms
[2025-08-01T03:44:07.654+0000] GC(507) User=1.33s Sys=0.02s Real=0.18s
[2025-08-01T03:44:07.748+0000] GC(508) Pause Young (Allocation Failure)
[2025-08-01T03:44:07.909+0000] GC(508) PSYoungGen: 931840K(931840K)->465920K(931840K) Eden: 465920K(465920K)->0K(465920K) From: 465920K(465920K)->465920K(465920K)
[2025-08-01T03:44:07.909+0000] GC(508) ParOldGen: 1976533K(2796544K)->2477357K(2796544K)
[2025-08-01T03:44:07.909+0000] GC(508) Metaspace: 10662K(10880K)->10662K(10880K) NonClass: 9396K(9536K)->9396K(9536K) Class: 1265K(1344K)->1265K(1344K)
[2025-08-01T03:44:07.909+0000] GC(508) Pause Young (Allocation Failure) 2840M->2874M(3641M) 161.516ms
[2025-08-01T03:44:07.909+0000] GC(508) User=1.25s Sys=0.01s Real=0.16s
[2025-08-01T03:44:08.010+0000] GC(509) Pause Full (Ergonomics)
[2025-08-01T03:44:08.010+0000] GC(509) Marking Phase
[2025-08-01T03:44:08.115+0000] GC(509) Marking Phase 105.036ms
[2025-08-01T03:44:08.115+0000] GC(509) Summary Phase
[2025-08-01T03:44:08.115+0000] GC(509) Summary Phase 0.113ms
[2025-08-01T03:44:08.115+0000] GC(509) Adjust Roots
[2025-08-01T03:44:08.117+0000] GC(509) Adjust Roots 2.201ms
[2025-08-01T03:44:08.117+0000] GC(509) Compaction Phase
[2025-08-01T03:44:08.279+0000] GC(509) Compaction Phase 161.662ms
[2025-08-01T03:44:08.279+0000] GC(509) Post Compact
[2025-08-01T03:44:08.301+0000] GC(509) Post Compact 22.017ms
[2025-08-01T03:44:08.301+0000] GC(509) PSYoungGen: 931840K(931840K)->0K(931840K) Eden: 465920K(465920K)->0K(465920K) From: 465920K(465920K)->0K(465920K)
[2025-08-01T03:44:08.301+0000] GC(509) ParOldGen: 2477357K(2796544K)->1072892K(2796544K)
[2025-08-01T03:44:08.301+0000] GC(509) Metaspace: 10662K(10880K)->10662K(10880K) NonClass: 9396K(9536K)->9396K(9536K) Class: 1265K(1344K)->1265K(1344K)
[2025-08-01T03:44:08.301+0000] GC(509) Pause Full (Ergonomics) 3329M->1047M(3641M) 291.416ms
[2025-08-01T03:44:08.301+0000] GC(509) User=1.99s Sys=0.05s Real=0.29s
[2025-08-01T03:44:08.389+0000] GC(510) Pause Young (Allocation Failure)
[2025-08-01T03:44:08.497+0000] GC(510) PSYoungGen: 465920K(931840K)->432512K(931840K) Eden: 465920K(465920K)->0K(465920K) From: 0K(465920K)->432512K(465920K)
[2025-08-01T03:44:08.497+0000] GC(510) ParOldGen: 1072892K(2796544K)->1072892K(2796544K)
[2025-08-01T03:44:08.497+0000] GC(510) Metaspace: 10662K(10880K)->10662K(10880K) NonClass: 9396K(9536K)->9396K(9536K) Class: 1265K(1344K)->1265K(1344K)
[2025-08-01T03:44:08.497+0000] GC(510) Pause Young (Allocation Failure) 1502M->1470M(3641M) 108.399ms
[2025-08-01T03:44:08.497+0000] GC(510) User=0.81s Sys=0.04s Real=0.11s
[2025-08-01T03:44:08.582+0000] GC(511) Pause Young (Allocation Failure)
[2025-08-01T03:44:08.777+0000] GC(511) PSYoungGen: 898432K(931840K)->465920K(931840K) Eden: 465920K(465920K)->0K(465920K) From: 432512K(465920K)->465920K(465920K)
[2025-08-01T03:44:08.777+0000] GC(511) ParOldGen: 1072892K(2796544K)->1538700K(2796544K)
[2025-08-01T03:44:08.777+0000] GC(511) Metaspace: 10662K(10880K)->10662K(10880K) NonClass: 9396K(9536K)->9396K(9536K) Class: 1265K(1344K)->1265K(1344K)
[2025-08-01T03:44:08.777+0000] GC(511) Pause Young (Allocation Failure) 1925M->1957M(3641M) 194.477ms
[2025-08-01T03:44:08.777+0000] GC(511) User=1.47s Sys=0.06s Real=0.20s
[2025-08-01T03:44:08.865+0000] GC(512) Pause Young (Allocation Failure)
[2025-08-01T03:44:08.995+0000] GC(512) PSYoungGen: 931840K(931840K)->370016K(931840K) Eden: 465920K(465920K)->0K(465920K) From: 465920K(465920K)->370016K(465920K)
[2025-08-01T03:44:08.995+0000] GC(512) ParOldGen: 1538700K(2796544K)->1897300K(2796544K)
[2025-08-01T03:44:08.995+0000] GC(512) Metaspace: 10662K(10880K)->10662K(10880K) NonClass: 9396K(9536K)->9396K(9536K) Class: 1265K(1344K)->1265K(1344K)
[2025-08-01T03:44:08.995+0000] GC(512) Pause Young (Allocation Failure) 2412M->2214M(3641M) 129.750ms
[2025-08-01T03:44:08.995+0000] GC(512) User=1.00s Sys=0.02s Real=0.13s
[2025-08-01T03:44:09.081+0000] GC(513) Pause Young (Allocation Failure)
[2025-08-01T03:44:09.246+0000] GC(513) PSYoungGen: 835936K(931840K)->433984K(931840K) Eden: 465920K(465920K)->0K(465920K) From: 370016K(465920K)->433984K(465920K)
[2025-08-01T03:44:09.246+0000] GC(513) ParOldGen: 1897300K(2796544K)->2153052K(2796544K)
[2025-08-01T03:44:09.246+0000] GC(513) Metaspace: 10662K(10880K)->10662K(10880K) NonClass: 9396K(9536K)->9396K(9536K) Class: 1265K(1344K)->1265K(1344K)
[2025-08-01T03:44:09.246+0000] GC(513) Pause Young (Allocation Failure) 2669M->2526M(3641M) 165.043ms
[2025-08-01T03:44:09.246+0000] GC(513) User=1.10s Sys=0.09s Real=0.17s
[2025-08-01T03:44:09.335+0000] GC(514) Pause Full (Ergonomics)
[2025-08-01T03:44:09.335+0000] GC(514) Marking Phase
[2025-08-01T03:44:09.413+0000] GC(514) Marking Phase 78.405ms
[2025-08-01T03:44:09.413+0000] GC(514) Summary Phase
[2025-08-01T03:44:09.413+0000] GC(514) Summary Phase 0.127ms
[2025-08-01T03:44:09.413+0000] GC(514) Adjust Roots
[2025-08-01T03:44:09.415+0000] GC(514) Adjust Roots 1.272ms
[2025-08-01T03:44:09.415+0000] GC(514) Compaction Phase
[2025-08-01T03:44:09.566+0000] GC(514) Compaction Phase 151.177ms
[2025-08-01T03:44:09.566+0000] GC(514) Post Compact
[2025-08-01T03:44:09.586+0000] GC(514) Post Compact 19.853ms
[2025-08-01T03:44:09.586+0000] GC(514) PSYoungGen: 899904K(931840K)->0K(931840K) Eden: 465920K(465920K)->0K(465920K) From: 433984K(465920K)->0K(465920K)
[2025-08-01T03:44:09.586+0000] GC(514) ParOldGen: 2153052K(2796544K)->623210K(2796544K)
[2025-08-01T03:44:09.586+0000] GC(514) Metaspace: 10662K(10880K)->10662K(10880K) NonClass: 9396K(9536K)->9396K(9536K) Class: 1265K(1344K)->1265K(1344K)
[2025-08-01T03:44:09.586+0000] GC(514) Pause Full (Ergonomics) 2981M->608M(3641M) 251.387ms
[2025-08-01T03:44:09.586+0000] GC(514) User=1.71s Sys=0.07s Real=0.25s
[2025-08-01T03:44:09.677+0000] GC(515) Pause Young (Allocation Failure)
[2025-08-01T03:44:09.770+0000] GC(515) PSYoungGen: 465920K(931840K)->465920K(931840K) Eden: 465920K(465920K)->0K(465920K) From: 0K(465920K)->465920K(465920K)
[2025-08-01T03:44:09.770+0000] GC(515) ParOldGen: 623210K(2796544K)->629554K(2796544K)
[2025-08-01T03:44:09.770+0000] GC(515) Metaspace: 10662K(10880K)->10662K(10880K) NonClass: 9396K(9536K)->9396K(9536K) Class: 1265K(1344K)->1265K(1344K)
[2025-08-01T03:44:09.770+0000] GC(515) Pause Young (Allocation Failure) 1063M->1069M(3641M) 93.578ms
[2025-08-01T03:44:09.770+0000] GC(515) User=0.69s Sys=0.03s Real=0.09s
[2025-08-01T03:44:09.859+0000] GC(516) Pause Young (Allocation Failure)
[2025-08-01T03:44:10.056+0000] GC(516) PSYoungGen: 931840K(931840K)->366304K(931840K) Eden: 465920K(465920K)->0K(465920K) From: 465920K(465920K)->366304K(465920K)
[2025-08-01T03:44:10.056+0000] GC(516) ParOldGen: 629554K(2796544K)->1007186K(2796544K)
[2025-08-01T03:44:10.056+0000] GC(516) Metaspace: 10662K(10880K)->10662K(10880K) NonClass: 9396K(9536K)->9396K(9536K) Class: 1265K(1344K)->1265K(1344K)
[2025-08-01T03:44:10.056+0000] GC(516) Pause Young (Allocation Failure) 1524M->1341M(3641M) 197.163ms
[2025-08-01T03:44:10.056+0000] GC(516) User=1.45s Sys=0.09s Real=0.20s
[2025-08-01T03:44:10.147+0000] GC(517) Pause Young (Allocation Failure)
[2025-08-01T03:44:10.226+0000] GC(517) PSYoungGen: 832224K(931840K)->333504K(931840K) Eden: 465920K(465920K)->0K(465920K) From: 366304K(465920K)->333504K(465920K)
[2025-08-01T03:44:10.226+0000] GC(517) ParOldGen: 1007186K(2796544K)->1108866K(2796544K)
[2025-08-01T03:44:10.226+0000] GC(517) Metaspace: 10662K(10880K)->10662K(10880K) NonClass: 9396K(9536K)->9396K(9536K) Class: 1265K(1344K)->1265K(1344K)
[2025-08-01T03:44:10.226+0000] GC(517) Pause Young (Allocation Failure) 1796M->1408M(3641M) 79.218ms
[2025-08-01T03:44:10.226+0000] GC(517) User=0.57s Sys=0.02s Real=0.08s
[2025-08-01T03:44:10.317+0000] GC(518) Pause Young (Allocation Failure)
[2025-08-01T03:44:10.486+0000] GC(518) PSYoungGen: 799424K(931840K)->421152K(931840K) Eden: 465920K(465920K)->0K(465920K) From: 333504K(465920K)->421152K(465920K)
[2025-08-01T03:44:10.486+0000] GC(518) ParOldGen: 1108866K(2796544K)->1315466K(2796544K)
[2025-08-01T03:44:10.486+0000] GC(518) Metaspace: 10662K(10880K)->10662K(10880K) NonClass: 9396K(9536K)->9396K(9536K) Class: 1265K(1344K)->1265K(1344K)
[2025-08-01T03:44:10.486+0000] GC(518) Pause Young (Allocation Failure) 1863M->1695M(3641M) 168.432ms
[2025-08-01T03:44:10.486+0000] GC(518) User=1.29s Sys=0.04s Real=0.17s
[2025-08-01T03:44:10.572+0000] GC(519) Pause Young (Allocation Failure)
[2025-08-01T03:44:10.737+0000] GC(519) PSYoungGen: 887072K(931840K)->465920K(931840K) Eden: 465920K(465920K)->0K(465920K) From: 421152K(465920K)->465920K(465920K)
[2025-08-01T03:44:10.737+0000] GC(519) ParOldGen: 1315466K(2796544K)->1769202K(2796544K)
[2025-08-01T03:44:10.737+0000] GC(519) Metaspace: 10662K(10880K)->10662K(10880K) NonClass: 9396K(9536K)->9396K(9536K) Class: 1265K(1344K)->1265K(1344K)
[2025-08-01T03:44:10.737+0000] GC(519) Pause Young (Allocation Failure) 2150M->2182M(3641M) 165.000ms
[2025-08-01T03:44:10.737+0000] GC(519) User=1.24s Sys=0.05s Real=0.17s
[2025-08-01T03:44:10.833+0000] GC(520) Pause Young (Allocation Failure)
[2025-08-01T03:44:11.001+0000] GC(520) PSYoungGen: 931840K(931840K)->361056K(931840K) Eden: 465920K(465920K)->0K(465920K) From: 465920K(465920K)->361056K(465920K)
[2025-08-01T03:44:11.001+0000] GC(520) ParOldGen: 1769202K(2796544K)->2144386K(2796544K)
[2025-08-01T03:44:11.001+0000] GC(520) Metaspace: 10662K(10880K)->10662K(10880K) NonClass: 9396K(9536K)->9396K(9536K) Class: 1265K(1344K)->1265K(1344K)
[2025-08-01T03:44:11.001+0000] GC(520) Pause Young (Allocation Failure) 2637M->2446M(3641M) 167.927ms
[2025-08-01T03:44:11.001+0000] GC(520) User=1.23s Sys=0.08s Real=0.17s
[2025-08-01T03:44:11.087+0000] GC(521) Pause Full (Ergonomics)
[2025-08-01T03:44:11.087+0000] GC(521) Marking Phase
[2025-08-01T03:44:11.140+0000] GC(521) Marking Phase 53.112ms
[2025-08-01T03:44:11.140+0000] GC(521) Summary Phase
[2025-08-01T03:44:11.140+0000] GC(521) Summary Phase 0.093ms
[2025-08-01T03:44:11.140+0000] GC(521) Adjust Roots
[2025-08-01T03:44:11.142+0000] GC(521) Adjust Roots 2.073ms
[2025-08-01T03:44:11.142+0000] GC(521) Compaction Phase
[2025-08-01T03:44:11.236+0000] GC(521) Compaction Phase 94.072ms
[2025-08-01T03:44:11.236+0000] GC(521) Post Compact
[2025-08-01T03:44:11.258+0000] GC(521) Post Compact 21.857ms
[2025-08-01T03:44:11.258+0000] GC(521) PSYoungGen: 826976K(931840K)->0K(931840K) Eden: 465920K(465920K)->0K(465920K) From: 361056K(465920K)->0K(465920K)
[2025-08-01T03:44:11.258+0000] GC(521) ParOldGen: 2144386K(2796544K)->636589K(2796544K)
[2025-08-01T03:44:11.258+0000] GC(521) Metaspace: 10662K(10880K)->10662K(10880K) NonClass: 9396K(9536K)->9396K(9536K) Class: 1265K(1344K)->1265K(1344K)
[2025-08-01T03:44:11.258+0000] GC(521) Pause Full (Ergonomics) 2901M->621M(3641M) 171.717ms
[2025-08-01T03:44:11.258+0000] GC(521) User=1.12s Sys=0.02s Real=0.17s
[2025-08-01T03:44:11.350+0000] GC(522) Pause Young (Allocation Failure)
[2025-08-01T03:44:11.477+0000] GC(522) PSYoungGen: 465920K(931840K)->411008K(931840K) Eden: 465920K(465920K)->0K(465920K) From: 0K(465920K)->411008K(465920K)
[2025-08-01T03:44:11.477+0000] GC(522) ParOldGen: 636589K(2796544K)->636589K(2796544K)
[2025-08-01T03:44:11.477+0000] GC(522) Metaspace: 10662K(10880K)->10662K(10880K) NonClass: 9396K(9536K)->9396K(9536K) Class: 1265K(1344K)->1265K(1344K)
[2025-08-01T03:44:11.477+0000] GC(522) Pause Young (Allocation Failure) 1076M->1023M(3641M) 127.043ms
[2025-08-01T03:44:11.477+0000] GC(522) User=0.85s Sys=0.08s Real=0.13s
[2025-08-01T03:44:11.571+0000] GC(523) Pause Young (Allocation Failure)
[2025-08-01T03:44:11.742+0000] GC(523) PSYoungGen: 876928K(931840K)->465920K(931840K) Eden: 465920K(465920K)->0K(465920K) From: 411008K(465920K)->465920K(465920K)
[2025-08-01T03:44:11.742+0000] GC(523) ParOldGen: 636589K(2796544K)->1079141K(2796544K)
[2025-08-01T03:44:11.742+0000] GC(523) Metaspace: 10662K(10880K)->10662K(10880K) NonClass: 9396K(9536K)->9396K(9536K) Class: 1265K(1344K)->1265K(1344K)
[2025-08-01T03:44:11.742+0000] GC(523) Pause Young (Allocation Failure) 1478M->1508M(3641M) 171.899ms
[2025-08-01T03:44:11.742+0000] GC(523) User=1.31s Sys=0.04s Real=0.17s
[2025-08-01T03:44:11.837+0000] GC(524) Pause Young (Allocation Failure)
[2025-08-01T03:44:12.036+0000] GC(524) PSYoungGen: 931840K(931840K)->364576K(931840K) Eden: 465920K(465920K)->0K(465920K) From: 465920K(465920K)->364576K(465920K)
[2025-08-01T03:44:12.036+0000] GC(524) ParOldGen: 1079141K(2796544K)->1442101K(2796544K)
[2025-08-01T03:44:12.036+0000] GC(524) Metaspace: 10662K(10880K)->10662K(10880K) NonClass: 9396K(9536K)->9396K(9536K) Class: 1265K(1344K)->1265K(1344K)
[2025-08-01T03:44:12.036+0000] GC(524) Pause Young (Allocation Failure) 1963M->1764M(3641M) 199.194ms
[2025-08-01T03:44:12.037+0000] GC(524) User=1.51s Sys=0.04s Real=0.20s
[2025-08-01T03:44:12.120+0000] GC(525) Pause Young (Allocation Failure)
[2025-08-01T03:44:12.230+0000] GC(525) PSYoungGen: 830496K(931840K)->461056K(931840K) Eden: 465920K(465920K)->0K(465920K) From: 364576K(465920K)->461056K(465920K)
[2025-08-01T03:44:12.230+0000] GC(525) ParOldGen: 1442101K(2796544K)->1689085K(2796544K)
[2025-08-01T03:44:12.230+0000] GC(525) Metaspace: 10662K(10880K)->10662K(10880K) NonClass: 9396K(9536K)->9396K(9536K) Class: 1265K(1344K)->1265K(1344K)
[2025-08-01T03:44:12.230+0000] GC(525) Pause Young (Allocation Failure) 2219M->2099M(3641M) 109.462ms
[2025-08-01T03:44:12.230+0000] GC(525) User=0.83s Sys=0.00s Real=0.11s
[2025-08-01T03:44:12.318+0000] GC(526) Pause Young (Allocation Failure)
[2025-08-01T03:44:12.423+0000] GC(526) PSYoungGen: 926976K(931840K)->407264K(931840K) Eden: 465920K(465920K)->0K(465920K) From: 461056K(465920K)->407264K(465920K)
[2025-08-01T03:44:12.423+0000] GC(526) ParOldGen: 1689085K(2796544K)->1927373K(2796544K)
[2025-08-01T03:44:12.423+0000] GC(526) Metaspace: 10662K(10880K)->10662K(10880K) NonClass: 9396K(9536K)->9396K(9536K) Class: 1265K(1344K)->1265K(1344K)
[2025-08-01T03:44:12.423+0000] GC(526) Pause Young (Allocation Failure) 2554M->2279M(3641M) 104.930ms
[2025-08-01T03:44:12.423+0000] GC(526) User=0.79s Sys=0.03s Real=0.10s
[2025-08-01T03:44:12.517+0000] GC(527) Pause Young (Allocation Failure)
[2025-08-01T03:44:12.705+0000] GC(527) PSYoungGen: 873184K(931840K)->465920K(931840K) Eden: 465920K(465920K)->0K(465920K) From: 407264K(465920K)->465920K(465920K)
[2025-08-01T03:44:12.705+0000] GC(527) ParOldGen: 1927373K(2796544K)->2368005K(2796544K)
[2025-08-01T03:44:12.705+0000] GC(527) Metaspace: 10662K(10880K)->10662K(10880K) NonClass: 9396K(9536K)->9396K(9536K) Class: 1265K(1344K)->1265K(1344K)
[2025-08-01T03:44:12.705+0000] GC(527) Pause Young (Allocation Failure) 2734M->2767M(3641M) 187.995ms
[2025-08-01T03:44:12.705+0000] GC(527) User=1.41s Sys=0.06s Real=0.19s
[2025-08-01T03:44:12.800+0000] GC(528) Pause Full (Ergonomics)
[2025-08-01T03:44:12.800+0000] GC(528) Marking Phase
[2025-08-01T03:44:12.919+0000] GC(528) Marking Phase 119.089ms
[2025-08-01T03:44:12.919+0000] GC(528) Summary Phase
[2025-08-01T03:44:12.919+0000] GC(528) Summary Phase 0.217ms
[2025-08-01T03:44:12.919+0000] GC(528) Adjust Roots
[2025-08-01T03:44:12.923+0000] GC(528) Adjust Roots 3.837ms
[2025-08-01T03:44:12.923+0000] GC(528) Compaction Phase
[2025-08-01T03:44:13.117+0000] GC(528) Compaction Phase 193.224ms
[2025-08-01T03:44:13.117+0000] GC(528) Post Compact
[2025-08-01T03:44:13.138+0000] GC(528) Post Compact 21.373ms
[2025-08-01T03:44:13.138+0000] GC(528) PSYoungGen: 931840K(931840K)->0K(931840K) Eden: 465920K(465920K)->0K(465920K) From: 465920K(465920K)->0K(465920K)
[2025-08-01T03:44:13.138+0000] GC(528) ParOldGen: 2368005K(2796544K)->1115263K(2796544K)
[2025-08-01T03:44:13.138+0000] GC(528) Metaspace: 10662K(10880K)->10662K(10880K) NonClass: 9396K(9536K)->9396K(9536K) Class: 1265K(1344K)->1265K(1344K)
[2025-08-01T03:44:13.138+0000] GC(528) Pause Full (Ergonomics) 3222M->1089M(3641M) 338.240ms
[2025-08-01T03:44:13.138+0000] GC(528) User=2.36s Sys=0.07s Real=0.34s
[2025-08-01T03:44:13.223+0000] GC(529) Pause Young (Allocation Failure)
[2025-08-01T03:44:13.304+0000] GC(529) PSYoungGen: 465920K(931840K)->357728K(931840K) Eden: 465920K(465920K)->0K(465920K) From: 0K(465920K)->357728K(465920K)
[2025-08-01T03:44:13.304+0000] GC(529) ParOldGen: 1115263K(2796544K)->1115263K(2796544K)
[2025-08-01T03:44:13.304+0000] GC(529) Metaspace: 10662K(10880K)->10662K(10880K) NonClass: 9396K(9536K)->9396K(9536K) Class: 1265K(1344K)->1265K(1344K)
[2025-08-01T03:44:13.304+0000] GC(529) Pause Young (Allocation Failure) 1544M->1438M(3641M) 81.067ms
[2025-08-01T03:44:13.304+0000] GC(529) User=0.57s Sys=0.04s Real=0.08s
[2025-08-01T03:44:13.396+0000] GC(530) Pause Young (Allocation Failure)
[2025-08-01T03:44:13.518+0000] GC(530) PSYoungGen: 823648K(931840K)->417856K(931840K) Eden: 465920K(465920K)->0K(465920K) From: 357728K(465920K)->417856K(465920K)
[2025-08-01T03:44:13.518+0000] GC(530) ParOldGen: 1115263K(2796544K)->1353023K(2796544K)
[2025-08-01T03:44:13.518+0000] GC(530) Metaspace: 10662K(10880K)->10662K(10880K) NonClass: 9396K(9536K)->9396K(9536K) Class: 1265K(1344K)->1265K(1344K)
[2025-08-01T03:44:13.518+0000] GC(530) Pause Young (Allocation Failure) 1893M->1729M(3641M) 122.627ms
[2025-08-01T03:44:13.518+0000] GC(530) User=0.90s Sys=0.04s Real=0.12s
[2025-08-01T03:44:13.608+0000] GC(531) Pause Young (Allocation Failure)
[2025-08-01T03:44:13.798+0000] GC(531) PSYoungGen: 883776K(931840K)->465920K(931840K) Eden: 465920K(465920K)->0K(465920K) From: 417856K(465920K)->465920K(465920K)
[2025-08-01T03:44:13.798+0000] GC(531) ParOldGen: 1353023K(2796544K)->1803055K(2796544K)
[2025-08-01T03:44:13.798+0000] GC(531) Metaspace: 10662K(10880K)->10662K(10880K) NonClass: 9396K(9536K)->9396K(9536K) Class: 1265K(1344K)->1265K(1344K)
[2025-08-01T03:44:13.798+0000] GC(531) Pause Young (Allocation Failure) 2184M->2215M(3641M) 190.026ms
[2025-08-01T03:44:13.798+0000] GC(531) User=1.44s Sys=0.05s Real=0.19s
[2025-08-01T03:44:13.889+0000] GC(532) Pause Young (Allocation Failure)
[2025-08-01T03:44:14.053+0000] GC(532) PSYoungGen: 931840K(931840K)->357536K(931840K) Eden: 465920K(465920K)->0K(465920K) From: 465920K(465920K)->357536K(465920K)
[2025-08-01T03:44:14.053+0000] GC(532) ParOldGen: 1803055K(2796544K)->2183015K(2796544K)
[2025-08-01T03:44:14.053+0000] GC(532) Metaspace: 10662K(10880K)->10662K(10880K) NonClass: 9396K(9536K)->9396K(9536K) Class: 1265K(1344K)->1265K(1344K)
[2025-08-01T03:44:14.053+0000] GC(532) Pause Young (Allocation Failure) 2670M->2481M(3641M) 163.443ms
[2025-08-01T03:44:14.053+0000] GC(532) User=1.17s Sys=0.08s Real=0.17s
[2025-08-01T03:44:14.139+0000] GC(533) Pause Full (Ergonomics)
[2025-08-01T03:44:14.139+0000] GC(533) Marking Phase
[2025-08-01T03:44:14.184+0000] GC(533) Marking Phase 44.511ms
[2025-08-01T03:44:14.184+0000] GC(533) Summary Phase
[2025-08-01T03:44:14.184+0000] GC(533) Summary Phase 0.072ms
[2025-08-01T03:44:14.184+0000] GC(533) Adjust Roots
[2025-08-01T03:44:14.185+0000] GC(533) Adjust Roots 1.364ms
[2025-08-01T03:44:14.185+0000] GC(533) Compaction Phase
[2025-08-01T03:44:14.283+0000] GC(533) Compaction Phase 97.801ms
[2025-08-01T03:44:14.283+0000] GC(533) Post Compact
[2025-08-01T03:44:14.304+0000] GC(533) Post Compact 21.010ms
[2025-08-01T03:44:14.304+0000] GC(533) PSYoungGen: 823456K(931840K)->0K(931840K) Eden: 465920K(465920K)->0K(465920K) From: 357536K(465920K)->0K(465920K)
[2025-08-01T03:44:14.304+0000] GC(533) ParOldGen: 2183015K(2796544K)->660822K(2796544K)
[2025-08-01T03:44:14.304+0000] GC(533) Metaspace: 10662K(10880K)->10662K(10880K) NonClass: 9396K(9536K)->9396K(9536K) Class: 1265K(1344K)->1265K(1344K)
[2025-08-01T03:44:14.304+0000] GC(533) Pause Full (Ergonomics) 2936M->645M(3641M) 165.227ms
[2025-08-01T03:44:14.304+0000] GC(533) User=1.11s Sys=0.01s Real=0.17s
[2025-08-01T03:44:14.391+0000] GC(534) Pause Young (Allocation Failure)
[2025-08-01T03:44:14.457+0000] GC(534) PSYoungGen: 465920K(931840K)->414560K(931840K) Eden: 465920K(465920K)->0K(465920K) From: 0K(465920K)->414560K(465920K)
[2025-08-01T03:44:14.457+0000] GC(534) ParOldGen: 660822K(2796544K)->660822K(2796544K)
[2025-08-01T03:44:14.458+0000] GC(534) Metaspace: 10662K(10880K)->10662K(10880K) NonClass: 9396K(9536K)->9396K(9536K) Class: 1265K(1344K)->1265K(1344K)
[2025-08-01T03:44:14.458+0000] GC(534) Pause Young (Allocation Failure) 1100M->1050M(3641M) 66.591ms
[2025-08-01T03:44:14.458+0000] GC(534) User=0.52s Sys=0.01s Real=0.07s
[2025-08-01T03:44:14.543+0000] GC(535) Pause Young (Allocation Failure)
[2025-08-01T03:44:14.680+0000] GC(535) PSYoungGen: 880480K(931840K)->465920K(931840K) Eden: 465920K(465920K)->0K(465920K) From: 414560K(465920K)->465920K(465920K)
[2025-08-01T03:44:14.680+0000] GC(535) ParOldGen: 660822K(2796544K)->1107966K(2796544K)
[2025-08-01T03:44:14.680+0000] GC(535) Metaspace: 10662K(10880K)->10662K(10880K) NonClass: 9396K(9536K)->9396K(9536K) Class: 1265K(1344K)->1265K(1344K)
[2025-08-01T03:44:14.680+0000] GC(535) Pause Young (Allocation Failure) 1505M->1536M(3641M) 137.558ms
[2025-08-01T03:44:14.680+0000] GC(535) User=1.08s Sys=0.00s Real=0.14s
[2025-08-01T03:44:14.772+0000] GC(536) Pause Young (Allocation Failure)
[2025-08-01T03:44:14.941+0000] GC(536) PSYoungGen: 931840K(931840K)->379456K(931840K) Eden: 465920K(465920K)->0K(465920K) From: 465920K(465920K)->379456K(465920K)
[2025-08-01T03:44:14.941+0000] GC(536) ParOldGen: 1107966K(2796544K)->1497294K(2796544K)
[2025-08-01T03:44:14.941+0000] GC(536) Metaspace: 10662K(10880K)->10662K(10880K) NonClass: 9396K(9536K)->9396K(9536K) Class: 1265K(1344K)->1265K(1344K)
[2025-08-01T03:44:14.941+0000] GC(536) Pause Young (Allocation Failure) 1991M->1832M(3641M) 169.229ms
[2025-08-01T03:44:14.941+0000] GC(536) User=1.22s Sys=0.07s Real=0.17s
[2025-08-01T03:44:15.029+0000] GC(537) Pause Young (Allocation Failure)
[2025-08-01T03:44:15.175+0000] GC(537) PSYoungGen: 845376K(931840K)->444960K(931840K) Eden: 465920K(465920K)->0K(465920K) From: 379456K(465920K)->444960K(465920K)
[2025-08-01T03:44:15.175+0000] GC(537) ParOldGen: 1497294K(2796544K)->1783150K(2796544K)
[2025-08-01T03:44:15.175+0000] GC(537) Metaspace: 10662K(10880K)->10662K(10880K) NonClass: 9396K(9536K)->9396K(9536K) Class: 1265K(1344K)->1265K(1344K)
[2025-08-01T03:44:15.175+0000] GC(537) Pause Young (Allocation Failure) 2287M->2175M(3641M) 146.211ms
[2025-08-01T03:44:15.175+0000] GC(537) User=1.10s Sys=0.04s Real=0.15s
[2025-08-01T03:44:15.297+0000] GC(538) Pause Young (Allocation Failure)
[2025-08-01T03:44:15.412+0000] GC(538) PSYoungGen: 910880K(931840K)->410304K(931840K) Eden: 465920K(465920K)->0K(465920K) From: 444960K(465920K)->410304K(465920K)
[2025-08-01T03:44:15.412+0000] GC(538) ParOldGen: 1783150K(2796544K)->1995022K(2796544K)
[2025-08-01T03:44:15.412+0000] GC(538) Metaspace: 10662K(10880K)->10662K(10880K) NonClass: 9396K(9536K)->9396K(9536K) Class: 1265K(1344K)->1265K(1344K)
[2025-08-01T03:44:15.412+0000] GC(538) Pause Young (Allocation Failure) 2630M->2348M(3641M) 115.289ms
[2025-08-01T03:44:15.412+0000] GC(538) User=0.82s Sys=0.05s Real=0.11s
[2025-08-01T03:44:15.499+0000] GC(539) Pause Young (Allocation Failure)
[2025-08-01T03:44:15.731+0000] GC(539) PSYoungGen: 876224K(931840K)->465920K(931840K) Eden: 465920K(465920K)->0K(465920K) From: 410304K(465920K)->465920K(465920K)
[2025-08-01T03:44:15.731+0000] GC(539) ParOldGen: 1995022K(2796544K)->2434742K(2796544K)
[2025-08-01T03:44:15.731+0000] GC(539) Metaspace: 10662K(10880K)->10662K(10880K) NonClass: 9396K(9536K)->9396K(9536K) Class: 1265K(1344K)->1265K(1344K)
[2025-08-01T03:44:15.731+0000] GC(539) Pause Young (Allocation Failure) 2803M->2832M(3641M) 232.303ms
[2025-08-01T03:44:15.731+0000] GC(539) User=1.76s Sys=0.05s Real=0.23s
[2025-08-01T03:44:15.822+0000] GC(540) Pause Full (Ergonomics)
[2025-08-01T03:44:15.822+0000] GC(540) Marking Phase
[2025-08-01T03:44:15.924+0000] GC(540) Marking Phase 101.854ms
[2025-08-01T03:44:15.924+0000] GC(540) Summary Phase
[2025-08-01T03:44:15.924+0000] GC(540) Summary Phase 0.157ms
[2025-08-01T03:44:15.924+0000] GC(540) Adjust Roots
[2025-08-01T03:44:15.926+0000] GC(540) Adjust Roots 2.061ms
[2025-08-01T03:44:15.926+0000] GC(540) Compaction Phase
[2025-08-01T03:44:16.108+0000] GC(540) Compaction Phase 181.772ms
[2025-08-01T03:44:16.108+0000] GC(540) Post Compact
[2025-08-01T03:44:16.131+0000] GC(540) Post Compact 23.261ms
[2025-08-01T03:44:16.131+0000] GC(540) PSYoungGen: 931840K(931840K)->0K(931840K) Eden: 465920K(465920K)->0K(465920K) From: 465920K(465920K)->0K(465920K)
[2025-08-01T03:44:16.131+0000] GC(540) ParOldGen: 2434742K(2796544K)->1133523K(2796544K)
[2025-08-01T03:44:16.131+0000] GC(540) Metaspace: 10662K(10880K)->10662K(10880K) NonClass: 9396K(9536K)->9396K(9536K) Class: 1265K(1344K)->1265K(1344K)
[2025-08-01T03:44:16.131+0000] GC(540) Pause Full (Ergonomics) 3287M->1106M(3641M) 309.559ms
[2025-08-01T03:44:16.131+0000] GC(540) User=2.14s Sys=0.06s Real=0.31s
[2025-08-01T03:44:16.225+0000] GC(541) Pause Young (Allocation Failure)
[2025-08-01T03:44:16.348+0000] GC(541) PSYoungGen: 465920K(931840K)->426432K(931840K) Eden: 465920K(465920K)->0K(465920K) From: 0K(465920K)->426432K(465920K)
[2025-08-01T03:44:16.348+0000] GC(541) ParOldGen: 1133523K(2796544K)->1133523K(2796544K)
[2025-08-01T03:44:16.348+0000] GC(541) Metaspace: 10662K(10880K)->10662K(10880K) NonClass: 9396K(9536K)->9396K(9536K) Class: 1265K(1344K)->1265K(1344K)
[2025-08-01T03:44:16.348+0000] GC(541) Pause Young (Allocation Failure) 1561M->1523M(3641M) 122.778ms
[2025-08-01T03:44:16.348+0000] GC(541) User=0.90s Sys=0.04s Real=0.12s
[2025-08-01T03:44:16.458+0000] GC(542) Pause Young (Allocation Failure)
[2025-08-01T03:44:16.604+0000] GC(542) PSYoungGen: 892352K(931840K)->407008K(931840K) Eden: 465920K(465920K)->0K(465920K) From: 426432K(465920K)->407008K(465920K)
[2025-08-01T03:44:16.604+0000] GC(542) ParOldGen: 1133523K(2796544K)->1336187K(2796544K)
[2025-08-01T03:44:16.604+0000] GC(542) Metaspace: 10662K(10880K)->10662K(10880K) NonClass: 9396K(9536K)->9396K(9536K) Class: 1265K(1344K)->1265K(1344K)
[2025-08-01T03:44:16.604+0000] GC(542) Pause Young (Allocation Failure) 1978M->1702M(3641M) 145.186ms
[2025-08-01T03:44:16.604+0000] GC(542) User=1.11s Sys=0.04s Real=0.15s
[2025-08-01T03:44:16.695+0000] GC(543) Pause Young (Allocation Failure)
[2025-08-01T03:44:16.940+0000] GC(543) PSYoungGen: 872928K(931840K)->465920K(931840K) Eden: 465920K(465920K)->0K(465920K) From: 407008K(465920K)->465920K(465920K)
[2025-08-01T03:44:16.940+0000] GC(543) ParOldGen: 1336187K(2796544K)->1776763K(2796544K)
[2025-08-01T03:44:16.940+0000] GC(543) Metaspace: 10662K(10880K)->10662K(10880K) NonClass: 9396K(9536K)->9396K(9536K) Class: 1265K(1344K)->1265K(1344K)
[2025-08-01T03:44:16.940+0000] GC(543) Pause Young (Allocation Failure) 2157M->2190M(3641M) 245.179ms
[2025-08-01T03:44:16.940+0000] GC(543) User=1.76s Sys=0.11s Real=0.24s
[2025-08-01T03:44:17.029+0000] GC(544) Pause Young (Allocation Failure)
[2025-08-01T03:44:17.166+0000] GC(544) PSYoungGen: 931840K(931840K)->406592K(931840K) Eden: 465920K(465920K)->0K(465920K) From: 465920K(465920K)->406592K(465920K)
[2025-08-01T03:44:17.166+0000] GC(544) ParOldGen: 1776763K(2796544K)->2147147K(2796544K)
[2025-08-01T03:44:17.166+0000] GC(544) Metaspace: 10662K(10880K)->10662K(10880K) NonClass: 9396K(9536K)->9396K(9536K) Class: 1265K(1344K)->1265K(1344K)
[2025-08-01T03:44:17.166+0000] GC(544) Pause Young (Allocation Failure) 2645M->2493M(3641M) 136.525ms
[2025-08-01T03:44:17.166+0000] GC(544) User=1.04s Sys=0.02s Real=0.14s
[2025-08-01T03:44:17.259+0000] GC(545) Pause Young (Allocation Failure)
[2025-08-01T03:44:17.372+0000] GC(545) PSYoungGen: 872512K(931840K)->426848K(931840K) Eden: 465920K(465920K)->0K(465920K) From: 406592K(465920K)->426848K(465920K)
[2025-08-01T03:44:17.372+0000] GC(545) ParOldGen: 2147147K(2796544K)->2448971K(2796544K)
[2025-08-01T03:44:17.372+0000] GC(545) Metaspace: 10662K(10880K)->10662K(10880K) NonClass: 9396K(9536K)->9396K(9536K) Class: 1265K(1344K)->1265K(1344K)
[2025-08-01T03:44:17.372+0000] GC(545) Pause Young (Allocation Failure) 2948M->2808M(3641M) 112.727ms
[2025-08-01T03:44:17.372+0000] GC(545) User=0.85s Sys=0.03s Real=0.11s
[2025-08-01T03:44:17.507+0000] GC(546) Pause Full (Ergonomics)
[2025-08-01T03:44:17.508+0000] GC(546) Marking Phase
[2025-08-01T03:44:17.573+0000] GC(546) Marking Phase 65.394ms
[2025-08-01T03:44:17.573+0000] GC(546) Summary Phase
[2025-08-01T03:44:17.573+0000] GC(546) Summary Phase 0.156ms
[2025-08-01T03:44:17.573+0000] GC(546) Adjust Roots
[2025-08-01T03:44:17.575+0000] GC(546) Adjust Roots 2.306ms
[2025-08-01T03:44:17.575+0000] GC(546) Compaction Phase
[2025-08-01T03:44:17.691+0000] GC(546) Compaction Phase 115.031ms
[2025-08-01T03:44:17.691+0000] GC(546) Post Compact
[2025-08-01T03:44:17.711+0000] GC(546) Post Compact 20.624ms
[2025-08-01T03:44:17.711+0000] GC(546) PSYoungGen: 892768K(931840K)->0K(931840K) Eden: 465920K(465920K)->0K(465920K) From: 426848K(465920K)->0K(465920K)
[2025-08-01T03:44:17.711+0000] GC(546) ParOldGen: 2448971K(2796544K)->682894K(2796544K)
[2025-08-01T03:44:17.711+0000] GC(546) Metaspace: 10662K(10880K)->10662K(10880K) NonClass: 9396K(9536K)->9396K(9536K) Class: 1265K(1344K)->1265K(1344K)
[2025-08-01T03:44:17.711+0000] GC(546) Pause Full (Ergonomics) 3263M->666M(3641M) 203.902ms
[2025-08-01T03:44:17.711+0000] GC(546) User=1.34s Sys=0.04s Real=0.20s
[2025-08-01T03:44:17.800+0000] GC(547) Pause Young (Allocation Failure)
[2025-08-01T03:44:17.887+0000] GC(547) PSYoungGen: 465920K(931840K)->465920K(931840K) Eden: 465920K(465920K)->0K(465920K) From: 0K(465920K)->465920K(465920K)
[2025-08-01T03:44:17.887+0000] GC(547) ParOldGen: 682894K(2796544K)->689766K(2796544K)
[2025-08-01T03:44:17.887+0000] GC(547) Metaspace: 10662K(10880K)->10662K(10880K) NonClass: 9396K(9536K)->9396K(9536K) Class: 1265K(1344K)->1265K(1344K)
[2025-08-01T03:44:17.887+0000] GC(547) Pause Young (Allocation Failure) 1121M->1128M(3641M) 86.855ms
[2025-08-01T03:44:17.887+0000] GC(547) User=0.65s Sys=0.02s Real=0.09s
[2025-08-01T03:44:17.978+0000] GC(548) Pause Young (Allocation Failure)
[2025-08-01T03:44:18.189+0000] GC(548) PSYoungGen: 931840K(931840K)->402944K(931840K) Eden: 465920K(465920K)->0K(465920K) From: 465920K(465920K)->402944K(465920K)
[2025-08-01T03:44:18.189+0000] GC(548) ParOldGen: 689766K(2796544K)->1057878K(2796544K)
[2025-08-01T03:44:18.189+0000] GC(548) Metaspace: 10662K(10880K)->10662K(10880K) NonClass: 9396K(9536K)->9396K(9536K) Class: 1265K(1344K)->1265K(1344K)
[2025-08-01T03:44:18.189+0000] GC(548) Pause Young (Allocation Failure) 1583M->1426M(3641M) 210.972ms
[2025-08-01T03:44:18.189+0000] GC(548) User=1.59s Sys=0.06s Real=0.21s
[2025-08-01T03:44:18.279+0000] GC(549) Pause Young (Allocation Failure)
[2025-08-01T03:44:18.494+0000] GC(549) PSYoungGen: 868864K(931840K)->425504K(931840K) Eden: 465920K(465920K)->0K(465920K) From: 402944K(465920K)->425504K(465920K)
[2025-08-01T03:44:18.494+0000] GC(549) ParOldGen: 1057878K(2796544K)->1362622K(2796544K)
[2025-08-01T03:44:18.494+0000] GC(549) Metaspace: 10662K(10880K)->10662K(10880K) NonClass: 9396K(9536K)->9396K(9536K) Class: 1265K(1344K)->1265K(1344K)
[2025-08-01T03:44:18.494+0000] GC(549) Pause Young (Allocation Failure) 1881M->1746M(3641M) 214.816ms
[2025-08-01T03:44:18.494+0000] GC(549) User=1.59s Sys=0.08s Real=0.22s
[2025-08-01T03:44:18.636+0000] GC(550) Pause Young (Allocation Failure)
[2025-08-01T03:44:18.851+0000] GC(550) PSYoungGen: 891424K(931840K)->442720K(931840K) Eden: 465920K(465920K)->0K(465920K) From: 425504K(465920K)->442720K(465920K)
[2025-08-01T03:44:18.851+0000] GC(550) ParOldGen: 1362622K(2796544K)->1563174K(2796544K)
[2025-08-01T03:44:18.851+0000] GC(550) Metaspace: 10662K(10880K)->10662K(10880K) NonClass: 9396K(9536K)->9396K(9536K) Class: 1265K(1344K)->1265K(1344K)
[2025-08-01T03:44:18.851+0000] GC(550) Pause Young (Allocation Failure) 2201M->1958M(3641M) 215.266ms
[2025-08-01T03:44:18.851+0000] GC(550) User=1.60s Sys=0.06s Real=0.21s
[2025-08-01T03:44:18.953+0000] GC(551) Pause Young (Allocation Failure)
[2025-08-01T03:44:19.102+0000] GC(551) PSYoungGen: 908640K(931840K)->465920K(931840K) Eden: 465920K(465920K)->0K(465920K) From: 442720K(465920K)->465920K(465920K)
[2025-08-01T03:44:19.102+0000] GC(551) ParOldGen: 1563174K(2796544K)->2038166K(2796544K)
[2025-08-01T03:44:19.102+0000] GC(551) Metaspace: 10662K(10880K)->10662K(10880K) NonClass: 9396K(9536K)->9396K(9536K) Class: 1265K(1344K)->1265K(1344K)
[2025-08-01T03:44:19.102+0000] GC(551) Pause Young (Allocation Failure) 2413M->2445M(3641M) 148.964ms
[2025-08-01T03:44:19.102+0000] GC(551) User=1.14s Sys=0.02s Real=0.14s
[2025-08-01T03:44:19.196+0000] GC(552) Pause Young (Allocation Failure)
[2025-08-01T03:44:19.346+0000] GC(552) PSYoungGen: 931840K(931840K)->406368K(931840K) Eden: 465920K(465920K)->0K(465920K) From: 465920K(465920K)->406368K(465920K)
[2025-08-01T03:44:19.346+0000] GC(552) ParOldGen: 2038166K(2796544K)->2408382K(2796544K)
[2025-08-01T03:44:19.346+0000] GC(552) Metaspace: 10662K(10880K)->10662K(10880K) NonClass: 9396K(9536K)->9396K(9536K) Class: 1265K(1344K)->1265K(1344K)
[2025-08-01T03:44:19.346+0000] GC(552) Pause Young (Allocation Failure) 2900M->2748M(3641M) 149.968ms
[2025-08-01T03:44:19.346+0000] GC(552) User=1.14s Sys=0.03s Real=0.15s
[2025-08-01T03:44:19.441+0000] GC(553) Pause Full (Ergonomics)
[2025-08-01T03:44:19.441+0000] GC(553) Marking Phase
[2025-08-01T03:44:19.589+0000] GC(553) Marking Phase 147.408ms
[2025-08-01T03:44:19.589+0000] GC(553) Summary Phase
[2025-08-01T03:44:19.589+0000] GC(553) Summary Phase 0.110ms
[2025-08-01T03:44:19.589+0000] GC(553) Adjust Roots
[2025-08-01T03:44:19.590+0000] GC(553) Adjust Roots 1.337ms
[2025-08-01T03:44:19.590+0000] GC(553) Compaction Phase
[2025-08-01T03:44:19.774+0000] GC(553) Compaction Phase 183.767ms
[2025-08-01T03:44:19.774+0000] GC(553) Post Compact
[2025-08-01T03:44:19.794+0000] GC(553) Post Compact 19.997ms
[2025-08-01T03:44:19.794+0000] GC(553) PSYoungGen: 872288K(931840K)->0K(931840K) Eden: 465920K(465920K)->0K(465920K) From: 406368K(465920K)->0K(465920K)
[2025-08-01T03:44:19.794+0000] GC(553) ParOldGen: 2408382K(2796544K)->1159279K(2796544K)
[2025-08-01T03:44:19.794+0000] GC(553) Metaspace: 10662K(10880K)->10662K(10880K) NonClass: 9396K(9536K)->9396K(9536K) Class: 1265K(1344K)->1265K(1344K)
[2025-08-01T03:44:19.794+0000] GC(553) Pause Full (Ergonomics) 3203M->1132M(3641M) 353.016ms
[2025-08-01T03:44:19.794+0000] GC(553) User=2.50s Sys=0.06s Real=0.36s
[2025-08-01T03:44:19.943+0000] GC(554) Pause Young (Allocation Failure)
[2025-08-01T03:44:20.089+0000] GC(554) PSYoungGen: 465920K(931840K)->444704K(931840K) Eden: 465920K(465920K)->0K(465920K) From: 0K(465920K)->444704K(465920K)
[2025-08-01T03:44:20.089+0000] GC(554) ParOldGen: 1159279K(2796544K)->1159279K(2796544K)
[2025-08-01T03:44:20.089+0000] GC(554) Metaspace: 10662K(10880K)->10662K(10880K) NonClass: 9396K(9536K)->9396K(9536K) Class: 1265K(1344K)->1265K(1344K)
[2025-08-01T03:44:20.089+0000] GC(554) Pause Young (Allocation Failure) 1587M->1566M(3641M) 146.475ms
[2025-08-01T03:44:20.089+0000] GC(554) User=1.07s Sys=0.05s Real=0.14s
[2025-08-01T03:44:20.195+0000] GC(555) Pause Young (Allocation Failure)
[2025-08-01T03:44:20.355+0000] GC(555) PSYoungGen: 910624K(931840K)->465920K(931840K) Eden: 465920K(465920K)->0K(465920K) From: 444704K(465920K)->465920K(465920K)
[2025-08-01T03:44:20.355+0000] GC(555) ParOldGen: 1159279K(2796544K)->1639471K(2796544K)
[2025-08-01T03:44:20.355+0000] GC(555) Metaspace: 10662K(10880K)->10662K(10880K) NonClass: 9396K(9536K)->9396K(9536K) Class: 1265K(1344K)->1265K(1344K)
[2025-08-01T03:44:20.355+0000] GC(555) Pause Young (Allocation Failure) 2021M->2056M(3641M) 159.772ms
[2025-08-01T03:44:20.355+0000] GC(555) User=1.23s Sys=0.03s Real=0.16s
[2025-08-01T03:44:20.446+0000] GC(556) Pause Young (Allocation Failure)
[2025-08-01T03:44:20.623+0000] GC(556) PSYoungGen: 931840K(931840K)->407936K(931840K) Eden: 465920K(465920K)->0K(465920K) From: 465920K(465920K)->407936K(465920K)
[2025-08-01T03:44:20.623+0000] GC(556) ParOldGen: 1639471K(2796544K)->2011831K(2796544K)
[2025-08-01T03:44:20.623+0000] GC(556) Metaspace: 10662K(10880K)->10662K(10880K) NonClass: 9396K(9536K)->9396K(9536K) Class: 1265K(1344K)->1265K(1344K)
[2025-08-01T03:44:20.623+0000] GC(556) Pause Young (Allocation Failure) 2511M->2363M(3641M) 176.631ms
[2025-08-01T03:44:20.623+0000] GC(556) User=1.29s Sys=0.05s Real=0.17s
[2025-08-01T03:44:20.712+0000] GC(557) Pause Young (Allocation Failure)
[2025-08-01T03:44:20.829+0000] GC(557) PSYoungGen: 873856K(931840K)->430208K(931840K) Eden: 465920K(465920K)->0K(465920K) From: 407936K(465920K)->430208K(465920K)
[2025-08-01T03:44:20.829+0000] GC(557) ParOldGen: 2011831K(2796544K)->2320663K(2796544K)
[2025-08-01T03:44:20.829+0000] GC(557) Metaspace: 10662K(10880K)->10662K(10880K) NonClass: 9396K(9536K)->9396K(9536K) Class: 1265K(1344K)->1265K(1344K)
[2025-08-01T03:44:20.829+0000] GC(557) Pause Young (Allocation Failure) 2818M->2686M(3641M) 117.580ms
[2025-08-01T03:44:20.829+0000] GC(557) User=0.90s Sys=0.02s Real=0.12s
[2025-08-01T03:44:20.979+0000] GC(558) Pause Full (Ergonomics)
[2025-08-01T03:44:20.979+0000] GC(558) Marking Phase
[2025-08-01T03:44:21.098+0000] GC(558) Marking Phase 118.722ms
[2025-08-01T03:44:21.098+0000] GC(558) Summary Phase
[2025-08-01T03:44:21.098+0000] GC(558) Summary Phase 0.134ms
[2025-08-01T03:44:21.098+0000] GC(558) Adjust Roots
[2025-08-01T03:44:21.101+0000] GC(558) Adjust Roots 2.679ms
[2025-08-01T03:44:21.101+0000] GC(558) Compaction Phase
[2025-08-01T03:44:21.242+0000] GC(558) Compaction Phase 141.045ms
[2025-08-01T03:44:21.242+0000] GC(558) Post Compact
[2025-08-01T03:44:21.263+0000] GC(558) Post Compact 20.719ms
[2025-08-01T03:44:21.263+0000] GC(558) PSYoungGen: 896128K(931840K)->0K(931840K) Eden: 465920K(465920K)->0K(465920K) From: 430208K(465920K)->0K(465920K)
[2025-08-01T03:44:21.263+0000] GC(558) ParOldGen: 2320663K(2796544K)->713290K(2796544K)
[2025-08-01T03:44:21.263+0000] GC(558) Metaspace: 10662K(10880K)->10662K(10880K) NonClass: 9396K(9536K)->9396K(9536K) Class: 1265K(1344K)->1265K(1344K)
[2025-08-01T03:44:21.263+0000] GC(558) Pause Full (Ergonomics) 3141M->696M(3641M) 283.783ms
[2025-08-01T03:44:21.263+0000] GC(558) User=1.95s Sys=0.05s Real=0.28s
[2025-08-01T03:44:21.354+0000] GC(559) Pause Young (Allocation Failure)
[2025-08-01T03:44:21.449+0000] GC(559) PSYoungGen: 465920K(931840K)->465920K(931840K) Eden: 465920K(465920K)->0K(465920K) From: 0K(465920K)->465920K(465920K)
[2025-08-01T03:44:21.449+0000] GC(559) ParOldGen: 713290K(2796544K)->721330K(2796544K)
[2025-08-01T03:44:21.449+0000] GC(559) Metaspace: 10662K(10880K)->10662K(10880K) NonClass: 9396K(9536K)->9396K(9536K) Class: 1265K(1344K)->1265K(1344K)
[2025-08-01T03:44:21.449+0000] GC(559) Pause Young (Allocation Failure) 1151M->1159M(3641M) 95.099ms
[2025-08-01T03:44:21.449+0000] GC(559) User=0.72s Sys=0.03s Real=0.09s
[2025-08-01T03:44:21.538+0000] GC(560) Pause Young (Allocation Failure)
[2025-08-01T03:44:21.688+0000] GC(560) PSYoungGen: 931840K(931840K)->410336K(931840K) Eden: 465920K(465920K)->0K(465920K) From: 465920K(465920K)->410336K(465920K)
[2025-08-01T03:44:21.688+0000] GC(560) ParOldGen: 721330K(2796544K)->1093914K(2796544K)
[2025-08-01T03:44:21.688+0000] GC(560) Metaspace: 10662K(10880K)->10662K(10880K) NonClass: 9396K(9536K)->9396K(9536K) Class: 1265K(1344K)->1265K(1344K)
[2025-08-01T03:44:21.688+0000] GC(560) Pause Young (Allocation Failure) 1614M->1468M(3641M) 150.487ms
[2025-08-01T03:44:21.688+0000] GC(560) User=1.07s Sys=0.06s Real=0.15s
[2025-08-01T03:44:21.784+0000] GC(561) Pause Young (Allocation Failure)
[2025-08-01T03:44:21.995+0000] GC(561) PSYoungGen: 876256K(931840K)->434080K(931840K) Eden: 465920K(465920K)->0K(465920K) From: 410336K(465920K)->434080K(465920K)
[2025-08-01T03:44:21.995+0000] GC(561) ParOldGen: 1093914K(2796544K)->1408122K(2796544K)
[2025-08-01T03:44:21.995+0000] GC(561) Metaspace: 10662K(10880K)->10662K(10880K) NonClass: 9396K(9536K)->9396K(9536K) Class: 1265K(1344K)->1265K(1344K)
[2025-08-01T03:44:21.995+0000] GC(561) Pause Young (Allocation Failure) 1923M->1799M(3641M) 211.453ms
[2025-08-01T03:44:21.995+0000] GC(561) User=1.58s Sys=0.07s Real=0.21s
[2025-08-01T03:44:22.141+0000] GC(562) Pause Young (Allocation Failure)
[2025-08-01T03:44:22.255+0000] GC(562) PSYoungGen: 900000K(931840K)->453440K(931840K) Eden: 465920K(465920K)->0K(465920K) From: 434080K(465920K)->453440K(465920K)
[2025-08-01T03:44:22.255+0000] GC(562) ParOldGen: 1408122K(2796544K)->1619650K(2796544K)
[2025-08-01T03:44:22.255+0000] GC(562) Metaspace: 10662K(10880K)->10662K(10880K) NonClass: 9396K(9536K)->9396K(9536K) Class: 1265K(1344K)->1265K(1344K)
[2025-08-01T03:44:22.255+0000] GC(562) Pause Young (Allocation Failure) 2254M->2024M(3641M) 114.059ms
[2025-08-01T03:44:22.256+0000] GC(562) User=0.89s Sys=0.00s Real=0.12s
[2025-08-01T03:44:22.347+0000] GC(563) Pause Young (Allocation Failure)
[2025-08-01T03:44:22.525+0000] GC(563) PSYoungGen: 919360K(931840K)->465920K(931840K) Eden: 465920K(465920K)->0K(465920K) From: 453440K(465920K)->465920K(465920K)
[2025-08-01T03:44:22.526+0000] GC(563) ParOldGen: 1619650K(2796544K)->2109338K(2796544K)
[2025-08-01T03:44:22.526+0000] GC(563) Metaspace: 10662K(10880K)->10662K(10880K) NonClass: 9396K(9536K)->9396K(9536K) Class: 1265K(1344K)->1265K(1344K)
[2025-08-01T03:44:22.526+0000] GC(563) Pause Young (Allocation Failure) 2479M->2514M(3641M) 178.524ms
[2025-08-01T03:44:22.526+0000] GC(563) User=1.38s Sys=0.03s Real=0.18s
[2025-08-01T03:44:22.617+0000] GC(564) Pause Young (Allocation Failure)
[2025-08-01T03:44:22.746+0000] GC(564) PSYoungGen: 931840K(931840K)->416704K(931840K) Eden: 465920K(465920K)->0K(465920K) From: 465920K(465920K)->416704K(465920K)
[2025-08-01T03:44:22.746+0000] GC(564) ParOldGen: 2109338K(2796544K)->2475570K(2796544K)
[2025-08-01T03:44:22.746+0000] GC(564) Metaspace: 10662K(10880K)->10662K(10880K) NonClass: 9396K(9536K)->9396K(9536K) Class: 1265K(1344K)->1265K(1344K)
[2025-08-01T03:44:22.746+0000] GC(564) Pause Young (Allocation Failure) 2969M->2824M(3641M) 129.306ms
[2025-08-01T03:44:22.746+0000] GC(564) User=0.96s Sys=0.03s Real=0.13s
[2025-08-01T03:44:22.835+0000] GC(565) Pause Full (Ergonomics)
[2025-08-01T03:44:22.835+0000] GC(565) Marking Phase
[2025-08-01T03:44:22.887+0000] GC(565) Marking Phase 52.145ms
[2025-08-01T03:44:22.887+0000] GC(565) Summary Phase
[2025-08-01T03:44:22.887+0000] GC(565) Summary Phase 0.116ms
[2025-08-01T03:44:22.887+0000] GC(565) Adjust Roots
[2025-08-01T03:44:22.889+0000] GC(565) Adjust Roots 1.906ms
[2025-08-01T03:44:22.889+0000] GC(565) Compaction Phase
[2025-08-01T03:44:22.997+0000] GC(565) Compaction Phase 107.342ms
[2025-08-01T03:44:22.997+0000] GC(565) Post Compact
[2025-08-01T03:44:23.020+0000] GC(565) Post Compact 23.603ms
[2025-08-01T03:44:23.020+0000] GC(565) PSYoungGen: 882624K(931840K)->0K(931840K) Eden: 465920K(465920K)->0K(465920K) From: 416704K(465920K)->0K(465920K)
[2025-08-01T03:44:23.020+0000] GC(565) ParOldGen: 2475570K(2796544K)->731689K(2796544K)
[2025-08-01T03:44:23.020+0000] GC(565) Metaspace: 10662K(10880K)->10662K(10880K) NonClass: 9396K(9536K)->9396K(9536K) Class: 1265K(1344K)->1265K(1344K)
[2025-08-01T03:44:23.020+0000] GC(565) Pause Full (Ergonomics) 3279M->714M(3641M) 185.566ms
[2025-08-01T03:44:23.020+0000] GC(565) User=1.25s Sys=0.00s Real=0.18s
[2025-08-01T03:44:23.114+0000] GC(566) Pause Young (Allocation Failure)
[2025-08-01T03:44:23.251+0000] GC(566) PSYoungGen: 465920K(931840K)->455360K(931840K) Eden: 465920K(465920K)->0K(465920K) From: 0K(465920K)->455360K(465920K)
[2025-08-01T03:44:23.251+0000] GC(566) ParOldGen: 731689K(2796544K)->731689K(2796544K)
[2025-08-01T03:44:23.251+0000] GC(566) Metaspace: 10662K(10880K)->10662K(10880K) NonClass: 9396K(9536K)->9396K(9536K) Class: 1265K(1344K)->1265K(1344K)
[2025-08-01T03:44:23.252+0000] GC(566) Pause Young (Allocation Failure) 1169M->1159M(3641M) 137.533ms
[2025-08-01T03:44:23.252+0000] GC(566) User=0.97s Sys=0.06s Real=0.13s
[2025-08-01T03:44:23.351+0000] GC(567) Pause Young (Allocation Failure)
[2025-08-01T03:44:23.582+0000] GC(567) PSYoungGen: 921280K(931840K)->465920K(931840K) Eden: 465920K(465920K)->0K(465920K) From: 455360K(465920K)->465920K(465920K)
[2025-08-01T03:44:23.582+0000] GC(567) ParOldGen: 731689K(2796544K)->1222065K(2796544K)
[2025-08-01T03:44:23.582+0000] GC(567) Metaspace: 10662K(10880K)->10662K(10880K) NonClass: 9396K(9536K)->9396K(9536K) Class: 1265K(1344K)->1265K(1344K)
[2025-08-01T03:44:23.582+0000] GC(567) Pause Young (Allocation Failure) 1614M->1648M(3641M) 231.125ms
[2025-08-01T03:44:23.582+0000] GC(567) User=1.76s Sys=0.06s Real=0.23s
[2025-08-01T03:44:23.675+0000] GC(568) Pause Young (Allocation Failure)
[2025-08-01T03:44:23.797+0000] GC(568) PSYoungGen: 931840K(931840K)->400896K(931840K) Eden: 465920K(465920K)->0K(465920K) From: 465920K(465920K)->400896K(465920K)
[2025-08-01T03:44:23.798+0000] GC(568) ParOldGen: 1222065K(2796544K)->1590057K(2796544K)
[2025-08-01T03:44:23.798+0000] GC(568) Metaspace: 10662K(10880K)->10662K(10880K) NonClass: 9396K(9536K)->9396K(9536K) Class: 1265K(1344K)->1265K(1344K)
[2025-08-01T03:44:23.798+0000] GC(568) Pause Young (Allocation Failure) 2103M->1944M(3641M) 123.091ms
[2025-08-01T03:44:23.798+0000] GC(568) User=0.94s Sys=0.00s Real=0.12s
[2025-08-01T03:44:23.897+0000] GC(569) Pause Young (Allocation Failure)
[2025-08-01T03:44:24.070+0000] GC(569) PSYoungGen: 866816K(931840K)->363840K(931840K) Eden: 465920K(465920K)->0K(465920K) From: 400896K(465920K)->363840K(465920K)
[2025-08-01T03:44:24.070+0000] GC(569) ParOldGen: 1590057K(2796544K)->1750937K(2796544K)
[2025-08-01T03:44:24.070+0000] GC(569) Metaspace: 10662K(10880K)->10662K(10880K) NonClass: 9396K(9536K)->9396K(9536K) Class: 1265K(1344K)->1265K(1344K)
[2025-08-01T03:44:24.070+0000] GC(569) Pause Young (Allocation Failure) 2399M->2065M(3641M) 172.844ms
[2025-08-01T03:44:24.070+0000] GC(569) User=1.28s Sys=0.06s Real=0.17s
[2025-08-01T03:44:24.180+0000] GC(570) Pause Young (Allocation Failure)
[2025-08-01T03:44:24.452+0000] GC(570) PSYoungGen: 829760K(931840K)->443456K(931840K) Eden: 465920K(465920K)->0K(465920K) From: 363840K(465920K)->443456K(465920K)
[2025-08-01T03:44:24.453+0000] GC(570) ParOldGen: 1750937K(2796544K)->2012249K(2796544K)
[2025-08-01T03:44:24.453+0000] GC(570) Metaspace: 10662K(10880K)->10662K(10880K) NonClass: 9396K(9536K)->9396K(9536K) Class: 1265K(1344K)->1265K(1344K)
[2025-08-01T03:44:24.453+0000] GC(570) Pause Young (Allocation Failure) 2520M->2398M(3641M) 272.528ms
[2025-08-01T03:44:24.453+0000] GC(570) User=2.04s Sys=0.11s Real=0.28s
[2025-08-01T03:44:24.596+0000] GC(571) Pause Young (Allocation Failure)
[2025-08-01T03:44:24.856+0000] GC(571) PSYoungGen: 909376K(931840K)->465920K(931840K) Eden: 465920K(465920K)->0K(465920K) From: 443456K(465920K)->465920K(465920K)
[2025-08-01T03:44:24.856+0000] GC(571) ParOldGen: 2012249K(2796544K)->2490073K(2796544K)
[2025-08-01T03:44:24.856+0000] GC(571) Metaspace: 10662K(10880K)->10662K(10880K) NonClass: 9396K(9536K)->9396K(9536K) Class: 1265K(1344K)->1265K(1344K)
[2025-08-01T03:44:24.856+0000] GC(571) Pause Young (Allocation Failure) 2853M->2886M(3641M) 260.085ms
[2025-08-01T03:44:24.856+0000] GC(571) User=1.96s Sys=0.06s Real=0.26s
[2025-08-01T03:44:24.948+0000] GC(572) Pause Full (Ergonomics)
[2025-08-01T03:44:24.948+0000] GC(572) Marking Phase
[2025-08-01T03:44:25.038+0000] GC(572) Marking Phase 90.136ms
[2025-08-01T03:44:25.038+0000] GC(572) Summary Phase
[2025-08-01T03:44:25.039+0000] GC(572) Summary Phase 0.159ms
[2025-08-01T03:44:25.039+0000] GC(572) Adjust Roots
[2025-08-01T03:44:25.041+0000] GC(572) Adjust Roots 2.085ms
[2025-08-01T03:44:25.041+0000] GC(572) Compaction Phase
[2025-08-01T03:44:25.235+0000] GC(572) Compaction Phase 194.625ms
[2025-08-01T03:44:25.236+0000] GC(572) Post Compact
[2025-08-01T03:44:25.260+0000] GC(572) Post Compact 24.149ms
[2025-08-01T03:44:25.260+0000] GC(572) PSYoungGen: 931840K(931840K)->0K(931840K) Eden: 465920K(465920K)->0K(465920K) From: 465920K(465920K)->0K(465920K)
[2025-08-01T03:44:25.260+0000] GC(572) ParOldGen: 2490073K(2796544K)->1210112K(2796544K)
[2025-08-01T03:44:25.260+0000] GC(572) Metaspace: 10662K(10880K)->10662K(10880K) NonClass: 9396K(9536K)->9396K(9536K) Class: 1265K(1344K)->1265K(1344K)
[2025-08-01T03:44:25.260+0000] GC(572) Pause Full (Ergonomics) 3341M->1181M(3641M) 311.706ms
[2025-08-01T03:44:25.260+0000] GC(572) User=2.21s Sys=0.03s Real=0.31s
[2025-08-01T03:44:25.352+0000] GC(573) Pause Young (Allocation Failure)
[2025-08-01T03:44:25.508+0000] GC(573) PSYoungGen: 465920K(931840K)->376704K(931840K) Eden: 465920K(465920K)->0K(465920K) From: 0K(465920K)->376704K(465920K)
[2025-08-01T03:44:25.508+0000] GC(573) ParOldGen: 1210112K(2796544K)->1210112K(2796544K)
[2025-08-01T03:44:25.508+0000] GC(573) Metaspace: 10662K(10880K)->10662K(10880K) NonClass: 9396K(9536K)->9396K(9536K) Class: 1265K(1344K)->1265K(1344K)
[2025-08-01T03:44:25.508+0000] GC(573) Pause Young (Allocation Failure) 1636M->1549M(3641M) 155.968ms
[2025-08-01T03:44:25.508+0000] GC(573) User=1.09s Sys=0.08s Real=0.16s
[2025-08-01T03:44:25.598+0000] GC(574) Pause Young (Allocation Failure)
[2025-08-01T03:44:25.690+0000] GC(574) PSYoungGen: 842624K(931840K)->444064K(931840K) Eden: 465920K(465920K)->0K(465920K) From: 376704K(465920K)->444064K(465920K)
[2025-08-01T03:44:25.690+0000] GC(574) ParOldGen: 1210112K(2796544K)->1486936K(2796544K)
[2025-08-01T03:44:25.690+0000] GC(574) Metaspace: 10662K(10880K)->10662K(10880K) NonClass: 9396K(9536K)->9396K(9536K) Class: 1265K(1344K)->1265K(1344K)
[2025-08-01T03:44:25.690+0000] GC(574) Pause Young (Allocation Failure) 2004M->1885M(3641M) 91.387ms
[2025-08-01T03:44:25.690+0000] GC(574) User=0.71s Sys=0.00s Real=0.09s
[2025-08-01T03:44:25.776+0000] GC(575) Pause Young (Allocation Failure)
[2025-08-01T03:44:25.911+0000] GC(575) PSYoungGen: 909984K(931840K)->465920K(931840K) Eden: 465920K(465920K)->0K(465920K) From: 444064K(465920K)->465920K(465920K)
[2025-08-01T03:44:25.911+0000] GC(575) ParOldGen: 1486936K(2796544K)->1965816K(2796544K)
[2025-08-01T03:44:25.911+0000] GC(575) Metaspace: 10662K(10880K)->10662K(10880K) NonClass: 9396K(9536K)->9396K(9536K) Class: 1265K(1344K)->1265K(1344K)
[2025-08-01T03:44:25.911+0000] GC(575) Pause Young (Allocation Failure) 2340M->2374M(3641M) 134.752ms
[2025-08-01T03:44:25.911+0000] GC(575) User=1.01s Sys=0.03s Real=0.13s
[2025-08-01T03:44:25.995+0000] GC(576) Pause Young (Allocation Failure)
[2025-08-01T03:44:26.121+0000] GC(576) PSYoungGen: 931840K(931840K)->276736K(931840K) Eden: 465920K(465920K)->0K(465920K) From: 465920K(465920K)->276736K(465920K)
[2025-08-01T03:44:26.121+0000] GC(576) ParOldGen: 1965816K(2796544K)->2171696K(2796544K)
[2025-08-01T03:44:26.121+0000] GC(576) Metaspace: 10662K(10880K)->10662K(10880K) NonClass: 9396K(9536K)->9396K(9536K) Class: 1265K(1344K)->1265K(1344K)
[2025-08-01T03:44:26.121+0000] GC(576) Pause Young (Allocation Failure) 2829M->2391M(3641M) 126.775ms
[2025-08-01T03:44:26.121+0000] GC(576) User=0.92s Sys=0.05s Real=0.12s
[2025-08-01T03:44:26.211+0000] GC(577) Pause Young (Allocation Failure)
[2025-08-01T03:44:26.320+0000] GC(577) PSYoungGen: 742656K(931840K)->408736K(931840K) Eden: 465920K(465920K)->0K(465920K) From: 276736K(465920K)->408736K(465920K)
[2025-08-01T03:44:26.320+0000] GC(577) ParOldGen: 2171696K(2796544K)->2334840K(2796544K)
[2025-08-01T03:44:26.320+0000] GC(577) Metaspace: 10662K(10880K)->10662K(10880K) NonClass: 9396K(9536K)->9396K(9536K) Class: 1265K(1344K)->1265K(1344K)
[2025-08-01T03:44:26.320+0000] GC(577) Pause Young (Allocation Failure) 2846M->2679M(3641M) 109.021ms
[2025-08-01T03:44:26.320+0000] GC(577) User=0.76s Sys=0.07s Real=0.11s
[2025-08-01T03:44:26.412+0000] GC(578) Pause Full (Ergonomics)
[2025-08-01T03:44:26.412+0000] GC(578) Marking Phase
[2025-08-01T03:44:26.488+0000] GC(578) Marking Phase 75.312ms
[2025-08-01T03:44:26.488+0000] GC(578) Summary Phase
[2025-08-01T03:44:26.488+0000] GC(578) Summary Phase 0.118ms
[2025-08-01T03:44:26.488+0000] GC(578) Adjust Roots
[2025-08-01T03:44:26.490+0000] GC(578) Adjust Roots 1.883ms
[2025-08-01T03:44:26.490+0000] GC(578) Compaction Phase
[2025-08-01T03:44:26.630+0000] GC(578) Compaction Phase 140.539ms
[2025-08-01T03:44:26.630+0000] GC(578) Post Compact
[2025-08-01T03:44:26.652+0000] GC(578) Post Compact 21.938ms
[2025-08-01T03:44:26.653+0000] GC(578) PSYoungGen: 874656K(931840K)->0K(931840K) Eden: 465920K(465920K)->0K(465920K) From: 408736K(465920K)->0K(465920K)
[2025-08-01T03:44:26.653+0000] GC(578) ParOldGen: 2334840K(2796544K)->767452K(2796544K)
[2025-08-01T03:44:26.653+0000] GC(578) Metaspace: 10662K(10880K)->10662K(10880K) NonClass: 9396K(9536K)->9396K(9536K) Class: 1265K(1344K)->1265K(1344K)
[2025-08-01T03:44:26.653+0000] GC(578) Pause Full (Ergonomics) 3134M->749M(3641M) 240.211ms
[2025-08-01T03:44:26.653+0000] GC(578) User=1.64s Sys=0.05s Real=0.24s
[2025-08-01T03:44:26.751+0000] GC(579) Pause Young (Allocation Failure)
[2025-08-01T03:44:26.895+0000] GC(579) PSYoungGen: 465920K(931840K)->465920K(931840K) Eden: 465920K(465920K)->0K(465920K) From: 0K(465920K)->465920K(465920K)
[2025-08-01T03:44:26.895+0000] GC(579) ParOldGen: 767452K(2796544K)->770260K(2796544K)
[2025-08-01T03:44:26.895+0000] GC(579) Metaspace: 10662K(10880K)->10662K(10880K) NonClass: 9396K(9536K)->9396K(9536K) Class: 1265K(1344K)->1265K(1344K)
[2025-08-01T03:44:26.895+0000] GC(579) Pause Young (Allocation Failure) 1204M->1207M(3641M) 144.371ms
[2025-08-01T03:44:26.895+0000] GC(579) User=1.07s Sys=0.05s Real=0.15s
[2025-08-01T03:44:26.989+0000] GC(580) Pause Young (Allocation Failure)
[2025-08-01T03:44:27.099+0000] GC(580) PSYoungGen: 931840K(931840K)->283744K(931840K) Eden: 465920K(465920K)->0K(465920K) From: 465920K(465920K)->283744K(465920K)
[2025-08-01T03:44:27.099+0000] GC(580) ParOldGen: 770260K(2796544K)->1010540K(2796544K)
[2025-08-01T03:44:27.099+0000] GC(580) Metaspace: 10662K(10880K)->10662K(10880K) NonClass: 9396K(9536K)->9396K(9536K) Class: 1265K(1344K)->1265K(1344K)
[2025-08-01T03:44:27.099+0000] GC(580) Pause Young (Allocation Failure) 1662M->1263M(3641M) 109.971ms
[2025-08-01T03:44:27.099+0000] GC(580) User=0.82s Sys=0.03s Real=0.11s
[2025-08-01T03:44:27.191+0000] GC(581) Pause Young (Allocation Failure)
[2025-08-01T03:44:27.282+0000] GC(581) PSYoungGen: 749664K(931840K)->403936K(931840K) Eden: 465920K(465920K)->0K(465920K) From: 283744K(465920K)->403936K(465920K)
[2025-08-01T03:44:27.282+0000] GC(581) ParOldGen: 1010540K(2796544K)->1184948K(2796544K)
[2025-08-01T03:44:27.282+0000] GC(581) Metaspace: 10662K(10880K)->10662K(10880K) NonClass: 9396K(9536K)->9396K(9536K) Class: 1265K(1344K)->1265K(1344K)
[2025-08-01T03:44:27.282+0000] GC(581) Pause Young (Allocation Failure) 1718M->1551M(3641M) 90.636ms
[2025-08-01T03:44:27.282+0000] GC(581) User=0.71s Sys=0.00s Real=0.09s
[2025-08-01T03:44:27.371+0000] GC(582) Pause Young (Allocation Failure)
[2025-08-01T03:44:27.491+0000] GC(582) PSYoungGen: 869856K(931840K)->426784K(931840K) Eden: 465920K(465920K)->0K(465920K) From: 403936K(465920K)->426784K(465920K)
[2025-08-01T03:44:27.491+0000] GC(582) ParOldGen: 1184948K(2796544K)->1487052K(2796544K)
[2025-08-01T03:44:27.491+0000] GC(582) Metaspace: 10662K(10880K)->10662K(10880K) NonClass: 9396K(9536K)->9396K(9536K) Class: 1265K(1344K)->1265K(1344K)
[2025-08-01T03:44:27.491+0000] GC(582) Pause Young (Allocation Failure) 2006M->1868M(3641M) 119.855ms
[2025-08-01T03:44:27.491+0000] GC(582) User=0.92s Sys=0.02s Real=0.12s
[2025-08-01T03:44:27.630+0000] GC(583) Pause Young (Allocation Failure)
[2025-08-01T03:44:27.863+0000] GC(583) PSYoungGen: 892704K(931840K)->465920K(931840K) Eden: 465920K(465920K)->0K(465920K) From: 426784K(465920K)->465920K(465920K)
[2025-08-01T03:44:27.863+0000] GC(583) ParOldGen: 1487052K(2796544K)->1944668K(2796544K)
[2025-08-01T03:44:27.863+0000] GC(583) Metaspace: 10662K(10880K)->10662K(10880K) NonClass: 9396K(9536K)->9396K(9536K) Class: 1265K(1344K)->1265K(1344K)
[2025-08-01T03:44:27.863+0000] GC(583) Pause Young (Allocation Failure) 2323M->2354M(3641M) 233.447ms
[2025-08-01T03:44:27.863+0000] GC(583) User=1.75s Sys=0.07s Real=0.24s
[2025-08-01T03:44:27.958+0000] GC(584) Pause Young (Allocation Failure)
[2025-08-01T03:44:28.109+0000] GC(584) PSYoungGen: 931840K(931840K)->291264K(931840K) Eden: 465920K(465920K)->0K(465920K) From: 465920K(465920K)->291264K(465920K)
[2025-08-01T03:44:28.109+0000] GC(584) ParOldGen: 1944668K(2796544K)->2203420K(2796544K)
[2025-08-01T03:44:28.109+0000] GC(584) Metaspace: 10662K(10880K)->10662K(10880K) NonClass: 9396K(9536K)->9396K(9536K) Class: 1265K(1344K)->1265K(1344K)
[2025-08-01T03:44:28.109+0000] GC(584) Pause Young (Allocation Failure) 2809M->2436M(3641M) 151.789ms
[2025-08-01T03:44:28.109+0000] GC(584) User=1.10s Sys=0.07s Real=0.15s
[2025-08-01T03:44:28.198+0000] GC(585) Pause Young (Allocation Failure)
[2025-08-01T03:44:28.311+0000] GC(585) PSYoungGen: 757184K(931840K)->413344K(931840K) Eden: 465920K(465920K)->0K(465920K) From: 291264K(465920K)->413344K(465920K)
[2025-08-01T03:44:28.311+0000] GC(585) ParOldGen: 2203420K(2796544K)->2381724K(2796544K)
[2025-08-01T03:44:28.311+0000] GC(585) Metaspace: 10662K(10880K)->10662K(10880K) NonClass: 9396K(9536K)->9396K(9536K) Class: 1265K(1344K)->1265K(1344K)
[2025-08-01T03:44:28.311+0000] GC(585) Pause Young (Allocation Failure) 2891M->2729M(3641M) 113.488ms
[2025-08-01T03:44:28.311+0000] GC(585) User=0.83s Sys=0.05s Real=0.11s
[2025-08-01T03:44:28.406+0000] GC(586) Pause Full (Ergonomics)
[2025-08-01T03:44:28.406+0000] GC(586) Marking Phase
[2025-08-01T03:44:28.489+0000] GC(586) Marking Phase 83.069ms
[2025-08-01T03:44:28.489+0000] GC(586) Summary Phase
[2025-08-01T03:44:28.489+0000] GC(586) Summary Phase 0.105ms
[2025-08-01T03:44:28.489+0000] GC(586) Adjust Roots
[2025-08-01T03:44:28.492+0000] GC(586) Adjust Roots 2.174ms
[2025-08-01T03:44:28.492+0000] GC(586) Compaction Phase
[2025-08-01T03:44:28.616+0000] GC(586) Compaction Phase 124.382ms
[2025-08-01T03:44:28.616+0000] GC(586) Post Compact
[2025-08-01T03:44:28.638+0000] GC(586) Post Compact 22.245ms
[2025-08-01T03:44:28.639+0000] GC(586) PSYoungGen: 879264K(931840K)->0K(931840K) Eden: 465920K(465920K)->0K(465920K) From: 413344K(465920K)->0K(465920K)
[2025-08-01T03:44:28.639+0000] GC(586) ParOldGen: 2381724K(2796544K)->785890K(2796544K)
[2025-08-01T03:44:28.639+0000] GC(586) Metaspace: 10662K(10880K)->10662K(10880K) NonClass: 9396K(9536K)->9396K(9536K) Class: 1265K(1344K)->1265K(1344K)
[2025-08-01T03:44:28.639+0000] GC(586) Pause Full (Ergonomics) 3184M->767M(3641M) 232.443ms
[2025-08-01T03:44:28.639+0000] GC(586) User=1.58s Sys=0.04s Real=0.23s
[2025-08-01T03:44:28.778+0000] GC(587) Pause Young (Allocation Failure)
[2025-08-01T03:44:28.922+0000] GC(587) PSYoungGen: 465920K(931840K)->465920K(931840K) Eden: 465920K(465920K)->0K(465920K) From: 0K(465920K)->465920K(465920K)
[2025-08-01T03:44:28.922+0000] GC(587) ParOldGen: 785890K(2796544K)->791682K(2796544K)
[2025-08-01T03:44:28.922+0000] GC(587) Metaspace: 10662K(10880K)->10662K(10880K) NonClass: 9396K(9536K)->9396K(9536K) Class: 1265K(1344K)->1265K(1344K)
[2025-08-01T03:44:28.922+0000] GC(587) Pause Young (Allocation Failure) 1222M->1228M(3641M) 144.596ms
[2025-08-01T03:44:28.922+0000] GC(587) User=1.09s Sys=0.05s Real=0.14s
[2025-08-01T03:44:29.021+0000] GC(588) Pause Young (Allocation Failure)
[2025-08-01T03:44:29.122+0000] GC(588) PSYoungGen: 931840K(931840K)->286304K(931840K) Eden: 465920K(465920K)->0K(465920K) From: 465920K(465920K)->286304K(465920K)
[2025-08-01T03:44:29.122+0000] GC(588) ParOldGen: 791682K(2796544K)->1029106K(2796544K)
[2025-08-01T03:44:29.122+0000] GC(588) Metaspace: 10662K(10880K)->10662K(10880K) NonClass: 9396K(9536K)->9396K(9536K) Class: 1265K(1344K)->1265K(1344K)
[2025-08-01T03:44:29.122+0000] GC(588) Pause Young (Allocation Failure) 1683M->1284M(3641M) 101.264ms
[2025-08-01T03:44:29.122+0000] GC(588) User=0.74s Sys=0.03s Real=0.10s
[2025-08-01T03:44:29.211+0000] GC(589) Pause Young (Allocation Failure)
[2025-08-01T03:44:29.372+0000] GC(589) PSYoungGen: 752224K(931840K)->404192K(931840K) Eden: 465920K(465920K)->0K(465920K) From: 286304K(465920K)->404192K(465920K)
[2025-08-01T03:44:29.372+0000] GC(589) ParOldGen: 1029106K(2796544K)->1228322K(2796544K)
[2025-08-01T03:44:29.372+0000] GC(589) Metaspace: 10662K(10880K)->10662K(10880K) NonClass: 9396K(9536K)->9396K(9536K) Class: 1265K(1344K)->1265K(1344K)
[2025-08-01T03:44:29.372+0000] GC(589) Pause Young (Allocation Failure) 1739M->1594M(3641M) 161.353ms
[2025-08-01T03:44:29.372+0000] GC(589) User=1.22s Sys=0.03s Real=0.16s
[2025-08-01T03:44:29.466+0000] GC(590) Pause Young (Allocation Failure)
[2025-08-01T03:44:29.674+0000] GC(590) PSYoungGen: 870112K(931840K)->427264K(931840K) Eden: 465920K(465920K)->0K(465920K) From: 404192K(465920K)->427264K(465920K)
[2025-08-01T03:44:29.674+0000] GC(590) ParOldGen: 1228322K(2796544K)->1536938K(2796544K)
[2025-08-01T03:44:29.675+0000] GC(590) Metaspace: 10662K(10880K)->10662K(10880K) NonClass: 9396K(9536K)->9396K(9536K) Class: 1265K(1344K)->1265K(1344K)
[2025-08-01T03:44:29.675+0000] GC(590) Pause Young (Allocation Failure) 2049M->1918M(3641M) 208.728ms
[2025-08-01T03:44:29.675+0000] GC(590) User=1.57s Sys=0.06s Real=0.21s
[2025-08-01T03:44:29.815+0000] GC(591) Pause Young (Allocation Failure)
[2025-08-01T03:44:29.979+0000] GC(591) PSYoungGen: 893184K(931840K)->465920K(931840K) Eden: 465920K(465920K)->0K(465920K) From: 427264K(465920K)->465920K(465920K)
[2025-08-01T03:44:29.979+0000] GC(591) ParOldGen: 1536938K(2796544K)->1995426K(2796544K)
[2025-08-01T03:44:29.979+0000] GC(591) Metaspace: 10662K(10880K)->10662K(10880K) NonClass: 9396K(9536K)->9396K(9536K) Class: 1265K(1344K)->1265K(1344K)
[2025-08-01T03:44:29.979+0000] GC(591) Pause Young (Allocation Failure) 2373M->2403M(3641M) 163.854ms
[2025-08-01T03:44:29.979+0000] GC(591) User=1.27s Sys=0.03s Real=0.16s
[2025-08-01T03:44:30.070+0000] GC(592) Pause Young (Allocation Failure)
[2025-08-01T03:44:30.177+0000] GC(592) PSYoungGen: 931840K(931840K)->308640K(931840K) Eden: 465920K(465920K)->0K(465920K) From: 465920K(465920K)->308640K(465920K)
[2025-08-01T03:44:30.177+0000] GC(592) ParOldGen: 1995426K(2796544K)->2253130K(2796544K)
[2025-08-01T03:44:30.177+0000] GC(592) Metaspace: 10662K(10880K)->10662K(10880K) NonClass: 9396K(9536K)->9396K(9536K) Class: 1265K(1344K)->1265K(1344K)
[2025-08-01T03:44:30.177+0000] GC(592) Pause Young (Allocation Failure) 2858M->2501M(3641M) 106.845ms
[2025-08-01T03:44:30.177+0000] GC(592) User=0.78s Sys=0.03s Real=0.11s
[2025-08-01T03:44:30.270+0000] GC(593) Pause Young (Allocation Failure)
[2025-08-01T03:44:30.372+0000] GC(593) PSYoungGen: 774560K(931840K)->407264K(931840K) Eden: 465920K(465920K)->0K(465920K) From: 308640K(465920K)->407264K(465920K)
[2025-08-01T03:44:30.372+0000] GC(593) ParOldGen: 2253130K(2796544K)->2454666K(2796544K)
[2025-08-01T03:44:30.372+0000] GC(593) Metaspace: 10662K(10880K)->10662K(10880K) NonClass: 9396K(9536K)->9396K(9536K) Class: 1265K(1344K)->1265K(1344K)
[2025-08-01T03:44:30.372+0000] GC(593) Pause Young (Allocation Failure) 2956M->2794M(3641M) 102.371ms
[2025-08-01T03:44:30.372+0000] GC(593) User=0.80s Sys=0.01s Real=0.10s
[2025-08-01T03:44:30.461+0000] GC(594) Pause Full (Ergonomics)
[2025-08-01T03:44:30.461+0000] GC(594) Marking Phase
[2025-08-01T03:44:30.529+0000] GC(594) Marking Phase 67.890ms
[2025-08-01T03:44:30.529+0000] GC(594) Summary Phase
[2025-08-01T03:44:30.529+0000] GC(594) Summary Phase 0.115ms
[2025-08-01T03:44:30.529+0000] GC(594) Adjust Roots
[2025-08-01T03:44:30.531+0000] GC(594) Adjust Roots 1.988ms
[2025-08-01T03:44:30.531+0000] GC(594) Compaction Phase
[2025-08-01T03:44:30.655+0000] GC(594) Compaction Phase 124.068ms
[2025-08-01T03:44:30.655+0000] GC(594) Post Compact
[2025-08-01T03:44:30.676+0000] GC(594) Post Compact 21.106ms
[2025-08-01T03:44:30.676+0000] GC(594) PSYoungGen: 873184K(931840K)->0K(931840K) Eden: 465920K(465920K)->0K(465920K) From: 407264K(465920K)->0K(465920K)
[2025-08-01T03:44:30.676+0000] GC(594) ParOldGen: 2454666K(2796544K)->803380K(2796544K)
[2025-08-01T03:44:30.676+0000] GC(594) Metaspace: 10662K(10880K)->10662K(10880K) NonClass: 9396K(9536K)->9396K(9536K) Class: 1265K(1344K)->1265K(1344K)
[2025-08-01T03:44:30.676+0000] GC(594) Pause Full (Ergonomics) 3249M->784M(3641M) 215.699ms
[2025-08-01T03:44:30.676+0000] GC(594) User=1.47s Sys=0.03s Real=0.22s
[2025-08-01T03:44:30.771+0000] GC(595) Pause Young (Allocation Failure)
[2025-08-01T03:44:30.901+0000] GC(595) PSYoungGen: 465920K(931840K)->465920K(931840K) Eden: 465920K(465920K)->0K(465920K) From: 0K(465920K)->465920K(465920K)
[2025-08-01T03:44:30.901+0000] GC(595) ParOldGen: 803380K(2796544K)->811628K(2796544K)
[2025-08-01T03:44:30.901+0000] GC(595) Metaspace: 10662K(10880K)->10662K(10880K) NonClass: 9396K(9536K)->9396K(9536K) Class: 1265K(1344K)->1265K(1344K)
[2025-08-01T03:44:30.901+0000] GC(595) Pause Young (Allocation Failure) 1239M->1247M(3641M) 130.352ms
[2025-08-01T03:44:30.901+0000] GC(595) User=0.96s Sys=0.06s Real=0.13s
[2025-08-01T03:44:31.046+0000] GC(596) Pause Young (Allocation Failure)
[2025-08-01T03:44:31.207+0000] GC(596) PSYoungGen: 931840K(931840K)->342592K(931840K) Eden: 465920K(465920K)->0K(465920K) From: 465920K(465920K)->342592K(465920K)
[2025-08-01T03:44:31.207+0000] GC(596) ParOldGen: 811628K(2796544K)->1034700K(2796544K)
[2025-08-01T03:44:31.207+0000] GC(596) Metaspace: 10662K(10880K)->10662K(10880K) NonClass: 9396K(9536K)->9396K(9536K) Class: 1265K(1344K)->1265K(1344K)
[2025-08-01T03:44:31.207+0000] GC(596) Pause Young (Allocation Failure) 1702M->1345M(3641M) 161.651ms
[2025-08-01T03:44:31.207+0000] GC(596) User=1.23s Sys=0.03s Real=0.16s
[2025-08-01T03:44:31.300+0000] GC(597) Pause Young (Allocation Failure)
[2025-08-01T03:44:31.458+0000] GC(597) PSYoungGen: 808512K(931840K)->390304K(931840K) Eden: 465920K(465920K)->0K(465920K) From: 342592K(465920K)->390304K(465920K)
[2025-08-01T03:44:31.458+0000] GC(597) ParOldGen: 1034700K(2796544K)->1282652K(2796544K)
[2025-08-01T03:44:31.458+0000] GC(597) Metaspace: 10662K(10880K)->10662K(10880K) NonClass: 9396K(9536K)->9396K(9536K) Class: 1265K(1344K)->1265K(1344K)
[2025-08-01T03:44:31.458+0000] GC(597) Pause Young (Allocation Failure) 1800M->1633M(3641M) 158.877ms
[2025-08-01T03:44:31.458+0000] GC(597) User=1.20s Sys=0.04s Real=0.16s
[2025-08-01T03:44:31.550+0000] GC(598) Pause Young (Allocation Failure)
[2025-08-01T03:44:31.716+0000] GC(598) PSYoungGen: 856224K(931840K)->418080K(931840K) Eden: 465920K(465920K)->0K(465920K) From: 390304K(465920K)->418080K(465920K)
[2025-08-01T03:44:31.716+0000] GC(598) ParOldGen: 1282652K(2796544K)->1567156K(2796544K)
[2025-08-01T03:44:31.716+0000] GC(598) Metaspace: 10662K(10880K)->10662K(10880K) NonClass: 9396K(9536K)->9396K(9536K) Class: 1265K(1344K)->1265K(1344K)
[2025-08-01T03:44:31.716+0000] GC(598) Pause Young (Allocation Failure) 2088M->1938M(3641M) 166.273ms
[2025-08-01T03:44:31.716+0000] GC(598) User=1.18s Sys=0.09s Real=0.17s
[2025-08-01T03:44:31.813+0000] GC(599) Pause Young (Allocation Failure)
[2025-08-01T03:44:32.006+0000] GC(599) PSYoungGen: 884000K(931840K)->465920K(931840K) Eden: 465920K(465920K)->0K(465920K) From: 418080K(465920K)->465920K(465920K)
[2025-08-01T03:44:32.006+0000] GC(599) ParOldGen: 1567156K(2796544K)->2018300K(2796544K)
[2025-08-01T03:44:32.006+0000] GC(599) Metaspace: 10662K(10880K)->10662K(10880K) NonClass: 9396K(9536K)->9396K(9536K) Class: 1265K(1344K)->1265K(1344K)
[2025-08-01T03:44:32.006+0000] GC(599) Pause Young (Allocation Failure) 2393M->2425M(3641M) 193.104ms
[2025-08-01T03:44:32.006+0000] GC(599) User=1.45s Sys=0.05s Real=0.20s
[2025-08-01T03:44:32.092+0000] GC(600) Pause Young (Allocation Failure)
[2025-08-01T03:44:32.241+0000] GC(600) PSYoungGen: 931840K(931840K)->357312K(931840K) Eden: 465920K(465920K)->0K(465920K) From: 465920K(465920K)->357312K(465920K)
[2025-08-01T03:44:32.241+0000] GC(600) ParOldGen: 2018300K(2796544K)->2266452K(2796544K)
[2025-08-01T03:44:32.241+0000] GC(600) Metaspace: 10662K(10880K)->10662K(10880K) NonClass: 9396K(9536K)->9396K(9536K) Class: 1265K(1344K)->1265K(1344K)
[2025-08-01T03:44:32.241+0000] GC(600) Pause Young (Allocation Failure) 2880M->2562M(3641M) 149.173ms
[2025-08-01T03:44:32.241+0000] GC(600) User=1.12s Sys=0.03s Real=0.15s
[2025-08-01T03:44:32.327+0000] GC(601) Pause Young (Allocation Failure)
[2025-08-01T03:44:32.464+0000] GC(601) PSYoungGen: 823232K(931840K)->376544K(931840K) Eden: 465920K(465920K)->0K(465920K) From: 357312K(465920K)->376544K(465920K)
[2025-08-01T03:44:32.464+0000] GC(601) ParOldGen: 2266452K(2796544K)->2525748K(2796544K)
[2025-08-01T03:44:32.464+0000] GC(601) Metaspace: 10662K(10880K)->10662K(10880K) NonClass: 9396K(9536K)->9396K(9536K) Class: 1265K(1344K)->1265K(1344K)
[2025-08-01T03:44:32.464+0000] GC(601) Pause Young (Allocation Failure) 3017M->2834M(3641M) 136.609ms
[2025-08-01T03:44:32.464+0000] GC(601) User=0.97s Sys=0.07s Real=0.14s
[2025-08-01T03:44:32.551+0000] GC(602) Pause Full (Ergonomics)
[2025-08-01T03:44:32.551+0000] GC(602) Marking Phase
[2025-08-01T03:44:32.620+0000] GC(602) Marking Phase 68.742ms
[2025-08-01T03:44:32.620+0000] GC(602) Summary Phase
[2025-08-01T03:44:32.620+0000] GC(602) Summary Phase 0.102ms
[2025-08-01T03:44:32.620+0000] GC(602) Adjust Roots
[2025-08-01T03:44:32.622+0000] GC(602) Adjust Roots 1.834ms
[2025-08-01T03:44:32.622+0000] GC(602) Compaction Phase
[2025-08-01T03:44:32.755+0000] GC(602) Compaction Phase 133.610ms
[2025-08-01T03:44:32.756+0000] GC(602) Post Compact
[2025-08-01T03:44:32.777+0000] GC(602) Post Compact 21.280ms
[2025-08-01T03:44:32.777+0000] GC(602) PSYoungGen: 842464K(931840K)->0K(931840K) Eden: 465920K(465920K)->0K(465920K) From: 376544K(465920K)->0K(465920K)
[2025-08-01T03:44:32.777+0000] GC(602) ParOldGen: 2525748K(2796544K)->824404K(2796544K)
[2025-08-01T03:44:32.777+0000] GC(602) Metaspace: 10662K(10880K)->10662K(10880K) NonClass: 9396K(9536K)->9396K(9536K) Class: 1265K(1344K)->1265K(1344K)
[2025-08-01T03:44:32.777+0000] GC(602) Pause Full (Ergonomics) 3289M->805M(3641M) 226.049ms
[2025-08-01T03:44:32.777+0000] GC(602) User=1.54s Sys=0.04s Real=0.23s
[2025-08-01T03:44:32.875+0000] GC(603) Pause Young (Allocation Failure)
[2025-08-01T03:44:33.017+0000] GC(603) PSYoungGen: 465920K(931840K)->465920K(931840K) Eden: 465920K(465920K)->0K(465920K) From: 0K(465920K)->465920K(465920K)
[2025-08-01T03:44:33.018+0000] GC(603) ParOldGen: 824404K(2796544K)->832868K(2796544K)
[2025-08-01T03:44:33.018+0000] GC(603) Metaspace: 10662K(10880K)->10662K(10880K) NonClass: 9396K(9536K)->9396K(9536K) Class: 1265K(1344K)->1265K(1344K)
[2025-08-01T03:44:33.018+0000] GC(603) Pause Young (Allocation Failure) 1260M->1268M(3641M) 142.351ms
[2025-08-01T03:44:33.018+0000] GC(603) User=1.06s Sys=0.03s Real=0.14s
[2025-08-01T03:44:33.124+0000] GC(604) Pause Young (Allocation Failure)
[2025-08-01T03:44:33.223+0000] GC(604) PSYoungGen: 931840K(931840K)->337344K(931840K) Eden: 465920K(465920K)->0K(465920K) From: 465920K(465920K)->337344K(465920K)
[2025-08-01T03:44:33.223+0000] GC(604) ParOldGen: 832868K(2796544K)->1101364K(2796544K)
[2025-08-01T03:44:33.223+0000] GC(604) Metaspace: 10662K(10880K)->10662K(10880K) NonClass: 9396K(9536K)->9396K(9536K) Class: 1265K(1344K)->1265K(1344K)
[2025-08-01T03:44:33.223+0000] GC(604) Pause Young (Allocation Failure) 1723M->1404M(3641M) 99.028ms
[2025-08-01T03:44:33.223+0000] GC(604) User=0.75s Sys=0.02s Real=0.10s
[2025-08-01T03:44:33.313+0000] GC(605) Pause Young (Allocation Failure)
[2025-08-01T03:44:33.378+0000] GC(605) PSYoungGen: 803264K(931840K)->252288K(931840K) Eden: 465920K(465920K)->0K(465920K) From: 337344K(465920K)->252288K(465920K)
[2025-08-01T03:44:33.378+0000] GC(605) ParOldGen: 1101364K(2796544K)->1201116K(2796544K)
[2025-08-01T03:44:33.378+0000] GC(605) Metaspace: 10662K(10880K)->10662K(10880K) NonClass: 9396K(9536K)->9396K(9536K) Class: 1265K(1344K)->1265K(1344K)
[2025-08-01T03:44:33.378+0000] GC(605) Pause Young (Allocation Failure) 1859M->1419M(3641M) 65.022ms
[2025-08-01T03:44:33.378+0000] GC(605) User=0.48s Sys=0.02s Real=0.07s
[2025-08-01T03:44:33.461+0000] GC(606) Pause Young (Allocation Failure)
[2025-08-01T03:44:33.581+0000] GC(606) PSYoungGen: 718208K(931840K)->465920K(931840K) Eden: 465920K(465920K)->0K(465920K) From: 252288K(465920K)->465920K(465920K)
[2025-08-01T03:44:33.581+0000] GC(606) ParOldGen: 1201116K(2796544K)->1477676K(2796544K)
[2025-08-01T03:44:33.581+0000] GC(606) Metaspace: 10662K(10880K)->10662K(10880K) NonClass: 9396K(9536K)->9396K(9536K) Class: 1265K(1344K)->1265K(1344K)
[2025-08-01T03:44:33.581+0000] GC(606) Pause Young (Allocation Failure) 1874M->1898M(3641M) 119.821ms
[2025-08-01T03:44:33.581+0000] GC(606) User=0.93s Sys=0.02s Real=0.12s
[2025-08-01T03:44:33.672+0000] GC(607) Pause Young (Allocation Failure)
[2025-08-01T03:44:33.846+0000] GC(607) PSYoungGen: 931840K(931840K)->465920K(931840K) Eden: 465920K(465920K)->0K(465920K) From: 465920K(465920K)->465920K(465920K)
[2025-08-01T03:44:33.846+0000] GC(607) ParOldGen: 1477676K(2796544K)->1979044K(2796544K)
[2025-08-01T03:44:33.846+0000] GC(607) Metaspace: 10662K(10880K)->10662K(10880K) NonClass: 9396K(9536K)->9396K(9536K) Class: 1265K(1344K)->1265K(1344K)
[2025-08-01T03:44:33.846+0000] GC(607) Pause Young (Allocation Failure) 2353M->2387M(3641M) 173.989ms
[2025-08-01T03:44:33.846+0000] GC(607) User=1.31s Sys=0.04s Real=0.18s
[2025-08-01T03:44:33.936+0000] GC(608) Pause Young (Allocation Failure)
[2025-08-01T03:44:34.044+0000] GC(608) PSYoungGen: 931840K(931840K)->347744K(931840K) Eden: 465920K(465920K)->0K(465920K) From: 465920K(465920K)->347744K(465920K)
[2025-08-01T03:44:34.044+0000] GC(608) ParOldGen: 1979044K(2796544K)->2235252K(2796544K)
[2025-08-01T03:44:34.044+0000] GC(608) Metaspace: 10662K(10880K)->10662K(10880K) NonClass: 9396K(9536K)->9396K(9536K) Class: 1265K(1344K)->1265K(1344K)
[2025-08-01T03:44:34.044+0000] GC(608) Pause Young (Allocation Failure) 2842M->2522M(3641M) 108.281ms
[2025-08-01T03:44:34.044+0000] GC(608) User=0.83s Sys=0.02s Real=0.11s
[2025-08-01T03:44:34.136+0000] GC(609) Pause Young (Allocation Failure)
[2025-08-01T03:44:34.211+0000] GC(609) PSYoungGen: 813664K(931840K)->245600K(931840K) Eden: 465920K(465920K)->0K(465920K) From: 347744K(465920K)->245600K(465920K)
[2025-08-01T03:44:34.211+0000] GC(609) ParOldGen: 2235252K(2796544K)->2353628K(2796544K)
[2025-08-01T03:44:34.211+0000] GC(609) Metaspace: 10662K(10880K)->10662K(10880K) NonClass: 9396K(9536K)->9396K(9536K) Class: 1265K(1344K)->1265K(1344K)
[2025-08-01T03:44:34.211+0000] GC(609) Pause Young (Allocation Failure) 2977M->2538M(3641M) 75.520ms
[2025-08-01T03:44:34.211+0000] GC(609) User=0.52s Sys=0.03s Real=0.07s
[2025-08-01T03:44:34.295+0000] GC(610) Pause Full (Ergonomics)
[2025-08-01T03:44:34.295+0000] GC(610) Marking Phase
[2025-08-01T03:44:34.404+0000] GC(610) Marking Phase 109.081ms
[2025-08-01T03:44:34.404+0000] GC(610) Summary Phase
[2025-08-01T03:44:34.404+0000] GC(610) Summary Phase 0.124ms
[2025-08-01T03:44:34.404+0000] GC(610) Adjust Roots
[2025-08-01T03:44:34.408+0000] GC(610) Adjust Roots 3.316ms
[2025-08-01T03:44:34.408+0000] GC(610) Compaction Phase
[2025-08-01T03:44:34.585+0000] GC(610) Compaction Phase 177.008ms
[2025-08-01T03:44:34.585+0000] GC(610) Post Compact
[2025-08-01T03:44:34.604+0000] GC(610) Post Compact 19.267ms
[2025-08-01T03:44:34.604+0000] GC(610) PSYoungGen: 711520K(931840K)->0K(931840K) Eden: 465920K(465920K)->0K(465920K) From: 245600K(465920K)->0K(465920K)
[2025-08-01T03:44:34.604+0000] GC(610) ParOldGen: 2353628K(2796544K)->840559K(2796544K)
[2025-08-01T03:44:34.604+0000] GC(610) Metaspace: 10662K(10880K)->10662K(10880K) NonClass: 9396K(9536K)->9396K(9536K) Class: 1265K(1344K)->1265K(1344K)
[2025-08-01T03:44:34.604+0000] GC(610) Pause Full (Ergonomics) 2993M->820M(3641M) 309.254ms
[2025-08-01T03:44:34.604+0000] GC(610) User=2.11s Sys=0.07s Real=0.31s
[2025-08-01T03:44:34.693+0000] GC(611) Pause Young (Allocation Failure)
[2025-08-01T03:44:34.829+0000] GC(611) PSYoungGen: 465920K(931840K)->465920K(931840K) Eden: 465920K(465920K)->0K(465920K) From: 0K(465920K)->465920K(465920K)
[2025-08-01T03:44:34.829+0000] GC(611) ParOldGen: 840559K(2796544K)->848935K(2796544K)
[2025-08-01T03:44:34.829+0000] GC(611) Metaspace: 10662K(10880K)->10662K(10880K) NonClass: 9396K(9536K)->9396K(9536K) Class: 1265K(1344K)->1265K(1344K)
[2025-08-01T03:44:34.829+0000] GC(611) Pause Young (Allocation Failure) 1275M->1284M(3641M) 136.613ms
[2025-08-01T03:44:34.829+0000] GC(611) User=1.03s Sys=0.04s Real=0.14s
[2025-08-01T03:44:34.930+0000] GC(612) Pause Young (Allocation Failure)
[2025-08-01T03:44:35.077+0000] GC(612) PSYoungGen: 931840K(931840K)->339872K(931840K) Eden: 465920K(465920K)->0K(465920K) From: 465920K(465920K)->339872K(465920K)
[2025-08-01T03:44:35.078+0000] GC(612) ParOldGen: 848935K(2796544K)->1095863K(2796544K)
[2025-08-01T03:44:35.078+0000] GC(612) Metaspace: 10662K(10880K)->10662K(10880K) NonClass: 9396K(9536K)->9396K(9536K) Class: 1265K(1344K)->1265K(1344K)
[2025-08-01T03:44:35.078+0000] GC(612) Pause Young (Allocation Failure) 1739M->1402M(3641M) 147.628ms
[2025-08-01T03:44:35.078+0000] GC(612) User=1.11s Sys=0.04s Real=0.15s
[2025-08-01T03:44:35.173+0000] GC(613) Pause Young (Allocation Failure)
[2025-08-01T03:44:35.239+0000] GC(613) PSYoungGen: 805792K(931840K)->253248K(931840K) Eden: 465920K(465920K)->0K(465920K) From: 339872K(465920K)->253248K(465920K)
[2025-08-01T03:44:35.239+0000] GC(613) ParOldGen: 1095863K(2796544K)->1216055K(2796544K)
[2025-08-01T03:44:35.239+0000] GC(613) Metaspace: 10662K(10880K)->10662K(10880K) NonClass: 9396K(9536K)->9396K(9536K) Class: 1265K(1344K)->1265K(1344K)
[2025-08-01T03:44:35.239+0000] GC(613) Pause Young (Allocation Failure) 1857M->1434M(3641M) 66.026ms
[2025-08-01T03:44:35.239+0000] GC(613) User=0.50s Sys=0.01s Real=0.07s
[2025-08-01T03:44:35.326+0000] GC(614) Pause Young (Allocation Failure)
[2025-08-01T03:44:35.460+0000] GC(614) PSYoungGen: 719168K(931840K)->465920K(931840K) Eden: 465920K(465920K)->0K(465920K) From: 253248K(465920K)->465920K(465920K)
[2025-08-01T03:44:35.460+0000] GC(614) ParOldGen: 1216055K(2796544K)->1491079K(2796544K)
[2025-08-01T03:44:35.460+0000] GC(614) Metaspace: 10662K(10880K)->10662K(10880K) NonClass: 9396K(9536K)->9396K(9536K) Class: 1265K(1344K)->1265K(1344K)
[2025-08-01T03:44:35.460+0000] GC(614) Pause Young (Allocation Failure) 1889M->1911M(3641M) 133.547ms
[2025-08-01T03:44:35.460+0000] GC(614) User=1.02s Sys=0.03s Real=0.13s
[2025-08-01T03:44:35.550+0000] GC(615) Pause Young (Allocation Failure)
[2025-08-01T03:44:35.723+0000] GC(615) PSYoungGen: 931840K(931840K)->465920K(931840K) Eden: 465920K(465920K)->0K(465920K) From: 465920K(465920K)->465920K(465920K)
[2025-08-01T03:44:35.723+0000] GC(615) ParOldGen: 1491079K(2796544K)->1989119K(2796544K)
[2025-08-01T03:44:35.723+0000] GC(615) Metaspace: 10662K(10880K)->10662K(10880K) NonClass: 9396K(9536K)->9396K(9536K) Class: 1265K(1344K)->1265K(1344K)
[2025-08-01T03:44:35.723+0000] GC(615) Pause Young (Allocation Failure) 2366M->2397M(3641M) 173.662ms
[2025-08-01T03:44:35.723+0000] GC(615) User=1.33s Sys=0.04s Real=0.18s
[2025-08-01T03:44:35.828+0000] GC(616) Pause Young (Allocation Failure)
[2025-08-01T03:44:35.950+0000] GC(616) PSYoungGen: 931840K(931840K)->365824K(931840K) Eden: 465920K(465920K)->0K(465920K) From: 465920K(465920K)->365824K(465920K)
[2025-08-01T03:44:35.950+0000] GC(616) ParOldGen: 1989119K(2796544K)->2230319K(2796544K)
[2025-08-01T03:44:35.950+0000] GC(616) Metaspace: 10662K(10880K)->10662K(10880K) NonClass: 9396K(9536K)->9396K(9536K) Class: 1265K(1344K)->1265K(1344K)
[2025-08-01T03:44:35.950+0000] GC(616) Pause Young (Allocation Failure) 2852M->2535M(3641M) 122.177ms
[2025-08-01T03:44:35.950+0000] GC(616) User=0.85s Sys=0.04s Real=0.12s
[2025-08-01T03:44:36.044+0000] GC(617) Pause Young (Allocation Failure)
[2025-08-01T03:44:36.142+0000] GC(617) PSYoungGen: 831744K(931840K)->238912K(931840K) Eden: 465920K(465920K)->0K(465920K) From: 365824K(465920K)->238912K(465920K)
[2025-08-01T03:44:36.142+0000] GC(617) ParOldGen: 2230319K(2796544K)->2369575K(2796544K)
[2025-08-01T03:44:36.142+0000] GC(617) Metaspace: 10662K(10880K)->10662K(10880K) NonClass: 9396K(9536K)->9396K(9536K) Class: 1265K(1344K)->1265K(1344K)
[2025-08-01T03:44:36.142+0000] GC(617) Pause Young (Allocation Failure) 2990M->2547M(3641M) 98.806ms
[2025-08-01T03:44:36.142+0000] GC(617) User=0.70s Sys=0.04s Real=0.09s
[2025-08-01T03:44:36.231+0000] GC(618) Pause Full (Ergonomics)
[2025-08-01T03:44:36.231+0000] GC(618) Marking Phase
[2025-08-01T03:44:36.351+0000] GC(618) Marking Phase 119.729ms
[2025-08-01T03:44:36.351+0000] GC(618) Summary Phase
[2025-08-01T03:44:36.351+0000] GC(618) Summary Phase 0.136ms
[2025-08-01T03:44:36.351+0000] GC(618) Adjust Roots
[2025-08-01T03:44:36.354+0000] GC(618) Adjust Roots 2.861ms
[2025-08-01T03:44:36.354+0000] GC(618) Compaction Phase
[2025-08-01T03:44:36.510+0000] GC(618) Compaction Phase 155.416ms
[2025-08-01T03:44:36.510+0000] GC(618) Post Compact
[2025-08-01T03:44:36.529+0000] GC(618) Post Compact 19.288ms
[2025-08-01T03:44:36.529+0000] GC(618) PSYoungGen: 704832K(931840K)->0K(931840K) Eden: 465920K(465920K)->0K(465920K) From: 238912K(465920K)->0K(465920K)
[2025-08-01T03:44:36.529+0000] GC(618) ParOldGen: 2369575K(2796544K)->855145K(2796544K)
[2025-08-01T03:44:36.529+0000] GC(618) Metaspace: 10662K(10880K)->10662K(10880K) NonClass: 9396K(9536K)->9396K(9536K) Class: 1265K(1344K)->1265K(1344K)
[2025-08-01T03:44:36.529+0000] GC(618) Pause Full (Ergonomics) 3002M->835M(3641M) 298.100ms
[2025-08-01T03:44:36.529+0000] GC(618) User=2.08s Sys=0.06s Real=0.30s
[2025-08-01T03:44:36.615+0000] GC(619) Pause Young (Allocation Failure)
[2025-08-01T03:44:36.739+0000] GC(619) PSYoungGen: 465920K(931840K)->465920K(931840K) Eden: 465920K(465920K)->0K(465920K) From: 0K(465920K)->465920K(465920K)
[2025-08-01T03:44:36.739+0000] GC(619) ParOldGen: 855145K(2796544K)->863985K(2796544K)
[2025-08-01T03:44:36.739+0000] GC(619) Metaspace: 10662K(10880K)->10662K(10880K) NonClass: 9396K(9536K)->9396K(9536K) Class: 1265K(1344K)->1265K(1344K)
[2025-08-01T03:44:36.739+0000] GC(619) Pause Young (Allocation Failure) 1290M->1298M(3641M) 123.580ms
[2025-08-01T03:44:36.739+0000] GC(619) User=0.90s Sys=0.05s Real=0.12s
[2025-08-01T03:44:36.830+0000] GC(620) Pause Young (Allocation Failure)
[2025-08-01T03:44:37.003+0000] GC(620) PSYoungGen: 931840K(931840K)->325696K(931840K) Eden: 465920K(465920K)->0K(465920K) From: 465920K(465920K)->325696K(465920K)
[2025-08-01T03:44:37.003+0000] GC(620) ParOldGen: 863985K(2796544K)->1121153K(2796544K)
[2025-08-01T03:44:37.003+0000] GC(620) Metaspace: 10662K(10880K)->10662K(10880K) NonClass: 9396K(9536K)->9396K(9536K) Class: 1265K(1344K)->1265K(1344K)
[2025-08-01T03:44:37.003+0000] GC(620) Pause Young (Allocation Failure) 1753M->1412M(3641M) 173.125ms
[2025-08-01T03:44:37.003+0000] GC(620) User=1.28s Sys=0.07s Real=0.17s
[2025-08-01T03:44:37.087+0000] GC(621) Pause Young (Allocation Failure)
[2025-08-01T03:44:37.162+0000] GC(621) PSYoungGen: 791616K(931840K)->279968K(931840K) Eden: 465920K(465920K)->0K(465920K) From: 325696K(465920K)->279968K(465920K)
[2025-08-01T03:44:37.162+0000] GC(621) ParOldGen: 1121153K(2796544K)->1224329K(2796544K)
[2025-08-01T03:44:37.162+0000] GC(621) Metaspace: 10662K(10880K)->10662K(10880K) NonClass: 9396K(9536K)->9396K(9536K) Class: 1265K(1344K)->1265K(1344K)
[2025-08-01T03:44:37.163+0000] GC(621) Pause Young (Allocation Failure) 1867M->1469M(3641M) 75.687ms
[2025-08-01T03:44:37.163+0000] GC(621) User=0.55s Sys=0.02s Real=0.07s
[2025-08-01T03:44:37.247+0000] GC(622) Pause Young (Allocation Failure)
[2025-08-01T03:44:37.376+0000] GC(622) PSYoungGen: 745888K(931840K)->465920K(931840K) Eden: 465920K(465920K)->0K(465920K) From: 279968K(465920K)->465920K(465920K)
[2025-08-01T03:44:37.376+0000] GC(622) ParOldGen: 1224329K(2796544K)->1525089K(2796544K)
[2025-08-01T03:44:37.376+0000] GC(622) Metaspace: 10662K(10880K)->10662K(10880K) NonClass: 9396K(9536K)->9396K(9536K) Class: 1265K(1344K)->1265K(1344K)
[2025-08-01T03:44:37.376+0000] GC(622) Pause Young (Allocation Failure) 1924M->1944M(3641M) 128.587ms
[2025-08-01T03:44:37.376+0000] GC(622) User=0.98s Sys=0.01s Real=0.13s
[2025-08-01T03:44:37.460+0000] GC(623) Pause Young (Allocation Failure)
[2025-08-01T03:44:37.638+0000] GC(623) PSYoungGen: 931840K(931840K)->465920K(931840K) Eden: 465920K(465920K)->0K(465920K) From: 465920K(465920K)->465920K(465920K)
[2025-08-01T03:44:37.638+0000] GC(623) ParOldGen: 1525089K(2796544K)->2024233K(2796544K)
[2025-08-01T03:44:37.638+0000] GC(623) Metaspace: 10662K(10880K)->10662K(10880K) NonClass: 9396K(9536K)->9396K(9536K) Class: 1265K(1344K)->1265K(1344K)
[2025-08-01T03:44:37.638+0000] GC(623) Pause Young (Allocation Failure) 2399M->2431M(3641M) 177.260ms
[2025-08-01T03:44:37.638+0000] GC(623) User=1.35s Sys=0.04s Real=0.18s
[2025-08-01T03:44:37.723+0000] GC(624) Pause Young (Allocation Failure)
[2025-08-01T03:44:37.881+0000] GC(624) PSYoungGen: 931840K(931840K)->314624K(931840K) Eden: 465920K(465920K)->0K(465920K) From: 465920K(465920K)->314624K(465920K)
[2025-08-01T03:44:37.881+0000] GC(624) ParOldGen: 2024233K(2796544K)->2282761K(2796544K)
[2025-08-01T03:44:37.881+0000] GC(624) Metaspace: 10662K(10880K)->10662K(10880K) NonClass: 9396K(9536K)->9396K(9536K) Class: 1265K(1344K)->1265K(1344K)
[2025-08-01T03:44:37.881+0000] GC(624) Pause Young (Allocation Failure) 2886M->2536M(3641M) 158.299ms
[2025-08-01T03:44:37.881+0000] GC(624) User=1.18s Sys=0.07s Real=0.16s
[2025-08-01T03:44:37.976+0000] GC(625) Pause Full (Ergonomics)
[2025-08-01T03:44:37.976+0000] GC(625) Marking Phase
[2025-08-01T03:44:38.012+0000] GC(625) Marking Phase 36.458ms
[2025-08-01T03:44:38.012+0000] GC(625) Summary Phase
[2025-08-01T03:44:38.012+0000] GC(625) Summary Phase 0.092ms
[2025-08-01T03:44:38.012+0000] GC(625) Adjust Roots
[2025-08-01T03:44:38.014+0000] GC(625) Adjust Roots 2.088ms
[2025-08-01T03:44:38.014+0000] GC(625) Compaction Phase
[2025-08-01T03:44:38.088+0000] GC(625) Compaction Phase 73.717ms
[2025-08-01T03:44:38.088+0000] GC(625) Post Compact
[2025-08-01T03:44:38.109+0000] GC(625) Post Compact 21.160ms
[2025-08-01T03:44:38.109+0000] GC(625) PSYoungGen: 780544K(931840K)->0K(931840K) Eden: 465920K(465920K)->0K(465920K) From: 314624K(465920K)->0K(465920K)
[2025-08-01T03:44:38.109+0000] GC(625) ParOldGen: 2282761K(2796544K)->407767K(2796544K)
[2025-08-01T03:44:38.109+0000] GC(625) Metaspace: 10662K(10880K)->10662K(10880K) NonClass: 9396K(9536K)->9396K(9536K) Class: 1265K(1344K)->1265K(1344K)
[2025-08-01T03:44:38.109+0000] GC(625) Pause Full (Ergonomics) 2991M->398M(3641M) 133.860ms
[2025-08-01T03:44:38.109+0000] GC(625) User=0.79s Sys=0.03s Real=0.13s
[2025-08-01T03:44:38.199+0000] GC(626) Pause Young (Allocation Failure)
[2025-08-01T03:44:38.302+0000] GC(626) PSYoungGen: 465920K(931840K)->465920K(931840K) Eden: 465920K(465920K)->0K(465920K) From: 0K(465920K)->465920K(465920K)
[2025-08-01T03:44:38.302+0000] GC(626) ParOldGen: 407767K(2796544K)->415383K(2796544K)
[2025-08-01T03:44:38.302+0000] GC(626) Metaspace: 10662K(10880K)->10662K(10880K) NonClass: 9396K(9536K)->9396K(9536K) Class: 1265K(1344K)->1265K(1344K)
[2025-08-01T03:44:38.302+0000] GC(626) Pause Young (Allocation Failure) 853M->860M(3641M) 103.277ms
[2025-08-01T03:44:38.302+0000] GC(626) User=0.67s Sys=0.06s Real=0.10s
[2025-08-01T03:44:38.391+0000] GC(627) Pause Young (Allocation Failure)
[2025-08-01T03:44:38.550+0000] GC(627) PSYoungGen: 931840K(931840K)->465920K(931840K) Eden: 465920K(465920K)->0K(465920K) From: 465920K(465920K)->465920K(465920K)
[2025-08-01T03:44:38.550+0000] GC(627) ParOldGen: 415383K(2796544K)->915439K(2796544K)
[2025-08-01T03:44:38.550+0000] GC(627) Metaspace: 10662K(10880K)->10662K(10880K) NonClass: 9396K(9536K)->9396K(9536K) Class: 1265K(1344K)->1265K(1344K)
[2025-08-01T03:44:38.550+0000] GC(627) Pause Young (Allocation Failure) 1315M->1348M(3641M) 159.643ms
[2025-08-01T03:44:38.550+0000] GC(627) User=1.22s Sys=0.03s Real=0.16s
[2025-08-01T03:44:38.639+0000] GC(628) Pause Young (Allocation Failure)
[2025-08-01T03:44:38.768+0000] GC(628) PSYoungGen: 931840K(931840K)->333312K(931840K) Eden: 465920K(465920K)->0K(465920K) From: 465920K(465920K)->333312K(465920K)
[2025-08-01T03:44:38.768+0000] GC(628) ParOldGen: 915439K(2796544K)->1148159K(2796544K)
[2025-08-01T03:44:38.768+0000] GC(628) Metaspace: 10662K(10880K)->10662K(10880K) NonClass: 9396K(9536K)->9396K(9536K) Class: 1265K(1344K)->1265K(1344K)
[2025-08-01T03:44:38.768+0000] GC(628) Pause Young (Allocation Failure) 1803M->1446M(3641M) 129.422ms
[2025-08-01T03:44:38.768+0000] GC(628) User=0.92s Sys=0.06s Real=0.13s
[2025-08-01T03:44:38.855+0000] GC(629) Pause Young (Allocation Failure)
[2025-08-01T03:44:38.953+0000] GC(629) PSYoungGen: 799232K(931840K)->284096K(931840K) Eden: 465920K(465920K)->0K(465920K) From: 333312K(465920K)->284096K(465920K)
[2025-08-01T03:44:38.953+0000] GC(629) ParOldGen: 1148159K(2796544K)->1261119K(2796544K)
[2025-08-01T03:44:38.953+0000] GC(629) Metaspace: 10662K(10880K)->10662K(10880K) NonClass: 9396K(9536K)->9396K(9536K) Class: 1265K(1344K)->1265K(1344K)
[2025-08-01T03:44:38.953+0000] GC(629) Pause Young (Allocation Failure) 1901M->1508M(3641M) 98.325ms
[2025-08-01T03:44:38.953+0000] GC(629) User=0.71s Sys=0.04s Real=0.10s
[2025-08-01T03:44:39.041+0000] GC(630) Pause Young (Allocation Failure)
[2025-08-01T03:44:39.192+0000] GC(630) PSYoungGen: 750016K(931840K)->465920K(931840K) Eden: 465920K(465920K)->0K(465920K) From: 284096K(465920K)->465920K(465920K)
[2025-08-01T03:44:39.192+0000] GC(630) ParOldGen: 1261119K(2796544K)->1569007K(2796544K)
[2025-08-01T03:44:39.192+0000] GC(630) Metaspace: 10662K(10880K)->10662K(10880K) NonClass: 9396K(9536K)->9396K(9536K) Class: 1265K(1344K)->1265K(1344K)
[2025-08-01T03:44:39.192+0000] GC(630) Pause Young (Allocation Failure) 1963M->1987M(3641M) 151.658ms
[2025-08-01T03:44:39.192+0000] GC(630) User=1.11s Sys=0.06s Real=0.15s
[2025-08-01T03:44:39.288+0000] GC(631) Pause Young (Allocation Failure)
[2025-08-01T03:44:39.471+0000] GC(631) PSYoungGen: 931840K(931840K)->465920K(931840K) Eden: 465920K(465920K)->0K(465920K) From: 465920K(465920K)->465920K(465920K)
[2025-08-01T03:44:39.471+0000] GC(631) ParOldGen: 1569007K(2796544K)->2069791K(2796544K)
[2025-08-01T03:44:39.471+0000] GC(631) Metaspace: 10662K(10880K)->10662K(10880K) NonClass: 9396K(9536K)->9396K(9536K) Class: 1265K(1344K)->1265K(1344K)
[2025-08-01T03:44:39.471+0000] GC(631) Pause Young (Allocation Failure) 2442M->2476M(3641M) 182.865ms
[2025-08-01T03:44:39.471+0000] GC(631) User=1.32s Sys=0.05s Real=0.18s
[2025-08-01T03:44:39.559+0000] GC(632) Pause Young (Allocation Failure)
[2025-08-01T03:44:39.657+0000] GC(632) PSYoungGen: 931840K(931840K)->327840K(931840K) Eden: 465920K(465920K)->0K(465920K) From: 465920K(465920K)->327840K(465920K)
[2025-08-01T03:44:39.657+0000] GC(632) ParOldGen: 2069791K(2796544K)->2322671K(2796544K)
[2025-08-01T03:44:39.657+0000] GC(632) Metaspace: 10662K(10880K)->10662K(10880K) NonClass: 9396K(9536K)->9396K(9536K) Class: 1265K(1344K)->1265K(1344K)
[2025-08-01T03:44:39.657+0000] GC(632) Pause Young (Allocation Failure) 2931M->2588M(3641M) 97.528ms
[2025-08-01T03:44:39.657+0000] GC(632) User=0.74s Sys=0.01s Real=0.10s
[2025-08-01T03:44:39.744+0000] GC(633) Pause Full (Ergonomics)
[2025-08-01T03:44:39.744+0000] GC(633) Marking Phase
[2025-08-01T03:44:39.791+0000] GC(633) Marking Phase 47.008ms
[2025-08-01T03:44:39.791+0000] GC(633) Summary Phase
[2025-08-01T03:44:39.791+0000] GC(633) Summary Phase 0.093ms
[2025-08-01T03:44:39.791+0000] GC(633) Adjust Roots
[2025-08-01T03:44:39.793+0000] GC(633) Adjust Roots 1.699ms
[2025-08-01T03:44:39.793+0000] GC(633) Compaction Phase
[2025-08-01T03:44:39.863+0000] GC(633) Compaction Phase 70.531ms
[2025-08-01T03:44:39.863+0000] GC(633) Post Compact
[2025-08-01T03:44:39.883+0000] GC(633) Post Compact 19.698ms
[2025-08-01T03:44:39.883+0000] GC(633) PSYoungGen: 793760K(931840K)->0K(931840K) Eden: 465920K(465920K)->0K(465920K) From: 327840K(465920K)->0K(465920K)
[2025-08-01T03:44:39.883+0000] GC(633) ParOldGen: 2322671K(2796544K)->422460K(2796544K)
[2025-08-01T03:44:39.883+0000] GC(633) Metaspace: 10662K(10880K)->10662K(10880K) NonClass: 9396K(9536K)->9396K(9536K) Class: 1265K(1344K)->1265K(1344K)
[2025-08-01T03:44:39.883+0000] GC(633) Pause Full (Ergonomics) 3043M->412M(3641M) 139.439ms
[2025-08-01T03:44:39.883+0000] GC(633) User=0.87s Sys=0.04s Real=0.14s
[2025-08-01T03:44:39.975+0000] GC(634) Pause Young (Allocation Failure)
[2025-08-01T03:44:40.082+0000] GC(634) PSYoungGen: 465920K(931840K)->465920K(931840K) Eden: 465920K(465920K)->0K(465920K) From: 0K(465920K)->465920K(465920K)
[2025-08-01T03:44:40.082+0000] GC(634) ParOldGen: 422460K(2796544K)->427668K(2796544K)
[2025-08-01T03:44:40.082+0000] GC(634) Metaspace: 10662K(10880K)->10662K(10880K) NonClass: 9396K(9536K)->9396K(9536K) Class: 1265K(1344K)->1265K(1344K)
[2025-08-01T03:44:40.082+0000] GC(634) Pause Young (Allocation Failure) 867M->872M(3641M) 107.434ms
[2025-08-01T03:44:40.082+0000] GC(634) User=0.75s Sys=0.06s Real=0.10s
[2025-08-01T03:44:40.167+0000] GC(635) Pause Young (Allocation Failure)
[2025-08-01T03:44:40.403+0000] GC(635) PSYoungGen: 931840K(931840K)->465920K(931840K) Eden: 465920K(465920K)->0K(465920K) From: 465920K(465920K)->465920K(465920K)
[2025-08-01T03:44:40.403+0000] GC(635) ParOldGen: 427668K(2796544K)->927892K(2796544K)
[2025-08-01T03:44:40.403+0000] GC(635) Metaspace: 10662K(10880K)->10662K(10880K) NonClass: 9396K(9536K)->9396K(9536K) Class: 1265K(1344K)->1265K(1344K)
[2025-08-01T03:44:40.403+0000] GC(635) Pause Young (Allocation Failure) 1327M->1361M(3641M) 236.237ms
[2025-08-01T03:44:40.403+0000] GC(635) User=1.83s Sys=0.03s Real=0.24s
[2025-08-01T03:44:40.490+0000] GC(636) Pause Young (Allocation Failure)
[2025-08-01T03:44:40.602+0000] GC(636) PSYoungGen: 931840K(931840K)->330816K(931840K) Eden: 465920K(465920K)->0K(465920K) From: 465920K(465920K)->330816K(465920K)
[2025-08-01T03:44:40.602+0000] GC(636) ParOldGen: 927892K(2796544K)->1171724K(2796544K)
[2025-08-01T03:44:40.602+0000] GC(636) Metaspace: 10662K(10880K)->10662K(10880K) NonClass: 9396K(9536K)->9396K(9536K) Class: 1265K(1344K)->1265K(1344K)
[2025-08-01T03:44:40.602+0000] GC(636) Pause Young (Allocation Failure) 1816M->1467M(3641M) 112.371ms
[2025-08-01T03:44:40.602+0000] GC(636) User=0.84s Sys=0.04s Real=0.11s
[2025-08-01T03:44:40.686+0000] GC(637) Pause Young (Allocation Failure)
[2025-08-01T03:44:40.758+0000] GC(637) PSYoungGen: 796736K(931840K)->284960K(931840K) Eden: 465920K(465920K)->0K(465920K) From: 330816K(465920K)->284960K(465920K)
[2025-08-01T03:44:40.758+0000] GC(637) ParOldGen: 1171724K(2796544K)->1300132K(2796544K)
[2025-08-01T03:44:40.758+0000] GC(637) Metaspace: 10662K(10880K)->10662K(10880K) NonClass: 9396K(9536K)->9396K(9536K) Class: 1265K(1344K)->1265K(1344K)
[2025-08-01T03:44:40.758+0000] GC(637) Pause Young (Allocation Failure) 1922M->1547M(3641M) 71.277ms
[2025-08-01T03:44:40.758+0000] GC(637) User=0.54s Sys=0.00s Real=0.07s
[2025-08-01T03:44:40.847+0000] GC(638) Pause Young (Allocation Failure)
[2025-08-01T03:44:40.987+0000] GC(638) PSYoungGen: 750880K(931840K)->465920K(931840K) Eden: 465920K(465920K)->0K(465920K) From: 284960K(465920K)->465920K(465920K)
[2025-08-01T03:44:40.988+0000] GC(638) ParOldGen: 1300132K(2796544K)->1607764K(2796544K)
[2025-08-01T03:44:40.988+0000] GC(638) Metaspace: 10662K(10880K)->10662K(10880K) NonClass: 9396K(9536K)->9396K(9536K) Class: 1265K(1344K)->1265K(1344K)
[2025-08-01T03:44:40.988+0000] GC(638) Pause Young (Allocation Failure) 2002M->2025M(3641M) 140.855ms
[2025-08-01T03:44:40.988+0000] GC(638) User=1.06s Sys=0.03s Real=0.14s
[2025-08-01T03:44:41.073+0000] GC(639) Pause Young (Allocation Failure)
[2025-08-01T03:44:41.316+0000] GC(639) PSYoungGen: 931840K(931840K)->465920K(931840K) Eden: 465920K(465920K)->0K(465920K) From: 465920K(465920K)->465920K(465920K)
[2025-08-01T03:44:41.316+0000] GC(639) ParOldGen: 1607764K(2796544K)->2108916K(2796544K)
[2025-08-01T03:44:41.316+0000] GC(639) Metaspace: 10662K(10880K)->10662K(10880K) NonClass: 9396K(9536K)->9396K(9536K) Class: 1265K(1344K)->1265K(1344K)
[2025-08-01T03:44:41.317+0000] GC(639) Pause Young (Allocation Failure) 2480M->2514M(3641M) 243.697ms
[2025-08-01T03:44:41.317+0000] GC(639) User=1.84s Sys=0.07s Real=0.25s
[2025-08-01T03:44:41.404+0000] GC(640) Pause Young (Allocation Failure)
[2025-08-01T03:44:41.502+0000] GC(640) PSYoungGen: 931840K(931840K)->333632K(931840K) Eden: 465920K(465920K)->0K(465920K) From: 465920K(465920K)->333632K(465920K)
[2025-08-01T03:44:41.502+0000] GC(640) ParOldGen: 2108916K(2796544K)->2350996K(2796544K)
[2025-08-01T03:44:41.502+0000] GC(640) Metaspace: 10662K(10880K)->10662K(10880K) NonClass: 9396K(9536K)->9396K(9536K) Class: 1265K(1344K)->1265K(1344K)
[2025-08-01T03:44:41.503+0000] GC(640) Pause Young (Allocation Failure) 2969M->2621M(3641M) 98.441ms
[2025-08-01T03:44:41.503+0000] GC(640) User=0.71s Sys=0.02s Real=0.09s
[2025-08-01T03:44:41.592+0000] GC(641) Pause Full (Ergonomics)
[2025-08-01T03:44:41.592+0000] GC(641) Marking Phase
[2025-08-01T03:44:41.643+0000] GC(641) Marking Phase 51.062ms
[2025-08-01T03:44:41.643+0000] GC(641) Summary Phase
[2025-08-01T03:44:41.643+0000] GC(641) Summary Phase 0.115ms
[2025-08-01T03:44:41.643+0000] GC(641) Adjust Roots
[2025-08-01T03:44:41.645+0000] GC(641) Adjust Roots 1.400ms
[2025-08-01T03:44:41.645+0000] GC(641) Compaction Phase
[2025-08-01T03:44:41.721+0000] GC(641) Compaction Phase 76.113ms
[2025-08-01T03:44:41.721+0000] GC(641) Post Compact
[2025-08-01T03:44:41.743+0000] GC(641) Post Compact 22.059ms
[2025-08-01T03:44:41.743+0000] GC(641) PSYoungGen: 799552K(931840K)->0K(931840K) Eden: 465920K(465920K)->0K(465920K) From: 333632K(465920K)->0K(465920K)
[2025-08-01T03:44:41.743+0000] GC(641) ParOldGen: 2350996K(2796544K)->437308K(2796544K)
[2025-08-01T03:44:41.743+0000] GC(641) Metaspace: 10662K(10880K)->10662K(10880K) NonClass: 9396K(9536K)->9396K(9536K) Class: 1265K(1344K)->1265K(1344K)
[2025-08-01T03:44:41.743+0000] GC(641) Pause Full (Ergonomics) 3076M->427M(3641M) 151.189ms
[2025-08-01T03:44:41.743+0000] GC(641) User=0.95s Sys=0.03s Real=0.15s
[2025-08-01T03:44:41.842+0000] GC(642) Pause Young (Allocation Failure)
[2025-08-01T03:44:41.966+0000] GC(642) PSYoungGen: 465920K(931840K)->465920K(931840K) Eden: 465920K(465920K)->0K(465920K) From: 0K(465920K)->465920K(465920K)
[2025-08-01T03:44:41.966+0000] GC(642) ParOldGen: 437308K(2796544K)->445484K(2796544K)
[2025-08-01T03:44:41.966+0000] GC(642) Metaspace: 10662K(10880K)->10662K(10880K) NonClass: 9396K(9536K)->9396K(9536K) Class: 1265K(1344K)->1265K(1344K)
[2025-08-01T03:44:41.966+0000] GC(642) Pause Young (Allocation Failure) 882M->890M(3641M) 123.761ms
[2025-08-01T03:44:41.966+0000] GC(642) User=0.90s Sys=0.06s Real=0.13s
[2025-08-01T03:44:42.053+0000] GC(643) Pause Young (Allocation Failure)
[2025-08-01T03:44:42.219+0000] GC(643) PSYoungGen: 931840K(931840K)->465920K(931840K) Eden: 465920K(465920K)->0K(465920K) From: 465920K(465920K)->465920K(465920K)
[2025-08-01T03:44:42.219+0000] GC(643) ParOldGen: 445484K(2796544K)->946188K(2796544K)
[2025-08-01T03:44:42.219+0000] GC(643) Metaspace: 10662K(10880K)->10662K(10880K) NonClass: 9396K(9536K)->9396K(9536K) Class: 1265K(1344K)->1265K(1344K)
[2025-08-01T03:44:42.219+0000] GC(643) Pause Young (Allocation Failure) 1345M->1379M(3641M) 166.554ms
[2025-08-01T03:44:42.219+0000] GC(643) User=1.28s Sys=0.02s Real=0.17s
[2025-08-01T03:44:42.311+0000] GC(644) Pause Young (Allocation Failure)
[2025-08-01T03:44:42.434+0000] GC(644) PSYoungGen: 931840K(931840K)->336800K(931840K) Eden: 465920K(465920K)->0K(465920K) From: 465920K(465920K)->336800K(465920K)
[2025-08-01T03:44:42.435+0000] GC(644) ParOldGen: 946188K(2796544K)->1187716K(2796544K)
[2025-08-01T03:44:42.435+0000] GC(644) Metaspace: 10662K(10880K)->10662K(10880K) NonClass: 9396K(9536K)->9396K(9536K) Class: 1265K(1344K)->1265K(1344K)
[2025-08-01T03:44:42.435+0000] GC(644) Pause Young (Allocation Failure) 1834M->1488M(3641M) 123.607ms
[2025-08-01T03:44:42.435+0000] GC(644) User=0.90s Sys=0.07s Real=0.13s
[2025-08-01T03:44:42.519+0000] GC(645) Pause Young (Allocation Failure)
[2025-08-01T03:44:42.608+0000] GC(645) PSYoungGen: 802720K(931840K)->283872K(931840K) Eden: 465920K(465920K)->0K(465920K) From: 336800K(465920K)->283872K(465920K)
[2025-08-01T03:44:42.608+0000] GC(645) ParOldGen: 1187716K(2796544K)->1335252K(2796544K)
[2025-08-01T03:44:42.608+0000] GC(645) Metaspace: 10662K(10880K)->10662K(10880K) NonClass: 9396K(9536K)->9396K(9536K) Class: 1265K(1344K)->1265K(1344K)
[2025-08-01T03:44:42.608+0000] GC(645) Pause Young (Allocation Failure) 1943M->1581M(3641M) 88.291ms
[2025-08-01T03:44:42.608+0000] GC(645) User=0.64s Sys=0.04s Real=0.09s
[2025-08-01T03:44:42.692+0000] GC(646) Pause Young (Allocation Failure)
[2025-08-01T03:44:42.820+0000] GC(646) PSYoungGen: 749792K(931840K)->465920K(931840K) Eden: 465920K(465920K)->0K(465920K) From: 283872K(465920K)->465920K(465920K)
[2025-08-01T03:44:42.820+0000] GC(646) ParOldGen: 1335252K(2796544K)->1641172K(2796544K)
[2025-08-01T03:44:42.820+0000] GC(646) Metaspace: 10662K(10880K)->10662K(10880K) NonClass: 9396K(9536K)->9396K(9536K) Class: 1265K(1344K)->1265K(1344K)
[2025-08-01T03:44:42.820+0000] GC(646) Pause Young (Allocation Failure) 2036M->2057M(3641M) 127.445ms
[2025-08-01T03:44:42.820+0000] GC(646) User=0.99s Sys=0.02s Real=0.13s
[2025-08-01T03:44:42.908+0000] GC(647) Pause Young (Allocation Failure)
[2025-08-01T03:44:43.085+0000] GC(647) PSYoungGen: 931840K(931840K)->465920K(931840K) Eden: 465920K(465920K)->0K(465920K) From: 465920K(465920K)->465920K(465920K)
[2025-08-01T03:44:43.085+0000] GC(647) ParOldGen: 1641172K(2796544K)->2140508K(2796544K)
[2025-08-01T03:44:43.085+0000] GC(647) Metaspace: 10662K(10880K)->10662K(10880K) NonClass: 9396K(9536K)->9396K(9536K) Class: 1265K(1344K)->1265K(1344K)
[2025-08-01T03:44:43.085+0000] GC(647) Pause Young (Allocation Failure) 2512M->2545M(3641M) 177.499ms
[2025-08-01T03:44:43.085+0000] GC(647) User=1.31s Sys=0.05s Real=0.18s
[2025-08-01T03:44:43.173+0000] GC(648) Pause Full (Ergonomics)
[2025-08-01T03:44:43.173+0000] GC(648) Marking Phase
[2025-08-01T03:44:43.227+0000] GC(648) Marking Phase 53.500ms
[2025-08-01T03:44:43.227+0000] GC(648) Summary Phase
[2025-08-01T03:44:43.227+0000] GC(648) Summary Phase 0.116ms
[2025-08-01T03:44:43.227+0000] GC(648) Adjust Roots
[2025-08-01T03:44:43.229+0000] GC(648) Adjust Roots 2.012ms
[2025-08-01T03:44:43.229+0000] GC(648) Compaction Phase
[2025-08-01T03:44:43.369+0000] GC(648) Compaction Phase 139.435ms
[2025-08-01T03:44:43.369+0000] GC(648) Post Compact
[2025-08-01T03:44:43.388+0000] GC(648) Post Compact 19.426ms
[2025-08-01T03:44:43.388+0000] GC(648) PSYoungGen: 931840K(931840K)->0K(931840K) Eden: 465920K(465920K)->0K(465920K) From: 465920K(465920K)->0K(465920K)
[2025-08-01T03:44:43.388+0000] GC(648) ParOldGen: 2140508K(2796544K)->915652K(2796544K)
[2025-08-01T03:44:43.388+0000] GC(648) Metaspace: 10662K(10880K)->10662K(10880K) NonClass: 9396K(9536K)->9396K(9536K) Class: 1265K(1344K)->1265K(1344K)
[2025-08-01T03:44:43.388+0000] GC(648) Pause Full (Ergonomics) 3000M->894M(3641M) 214.908ms
[2025-08-01T03:44:43.388+0000] GC(648) User=1.51s Sys=0.00s Real=0.21s
[2025-08-01T03:44:43.478+0000] GC(649) Pause Young (Allocation Failure)
[2025-08-01T03:44:43.555+0000] GC(649) PSYoungGen: 465920K(931840K)->283840K(931840K) Eden: 465920K(465920K)->0K(465920K) From: 0K(465920K)->283840K(465920K)
[2025-08-01T03:44:43.555+0000] GC(649) ParOldGen: 915652K(2796544K)->915652K(2796544K)
[2025-08-01T03:44:43.555+0000] GC(649) Metaspace: 10662K(10880K)->10662K(10880K) NonClass: 9396K(9536K)->9396K(9536K) Class: 1265K(1344K)->1265K(1344K)
[2025-08-01T03:44:43.555+0000] GC(649) Pause Young (Allocation Failure) 1349M->1171M(3641M) 76.462ms
[2025-08-01T03:44:43.555+0000] GC(649) User=0.49s Sys=0.04s Real=0.08s
[2025-08-01T03:44:43.641+0000] GC(650) Pause Young (Allocation Failure)
[2025-08-01T03:44:43.789+0000] GC(650) PSYoungGen: 749760K(931840K)->465920K(931840K) Eden: 465920K(465920K)->0K(465920K) From: 283840K(465920K)->465920K(465920K)
[2025-08-01T03:44:43.789+0000] GC(650) ParOldGen: 915652K(2796544K)->1222756K(2796544K)
[2025-08-01T03:44:43.789+0000] GC(650) Metaspace: 10662K(10880K)->10662K(10880K) NonClass: 9396K(9536K)->9396K(9536K) Class: 1265K(1344K)->1265K(1344K)
[2025-08-01T03:44:43.789+0000] GC(650) Pause Young (Allocation Failure) 1626M->1649M(3641M) 147.316ms
[2025-08-01T03:44:43.789+0000] GC(650) User=1.09s Sys=0.05s Real=0.15s
[2025-08-01T03:44:43.881+0000] GC(651) Pause Young (Allocation Failure)
[2025-08-01T03:44:44.080+0000] GC(651) PSYoungGen: 931840K(931840K)->465920K(931840K) Eden: 465920K(465920K)->0K(465920K) From: 465920K(465920K)->465920K(465920K)
[2025-08-01T03:44:44.080+0000] GC(651) ParOldGen: 1222756K(2796544K)->1725228K(2796544K)
[2025-08-01T03:44:44.080+0000] GC(651) Metaspace: 10662K(10880K)->10662K(10880K) NonClass: 9396K(9536K)->9396K(9536K) Class: 1265K(1344K)->1265K(1344K)
[2025-08-01T03:44:44.080+0000] GC(651) Pause Young (Allocation Failure) 2104M->2139M(3641M) 199.227ms
[2025-08-01T03:44:44.080+0000] GC(651) User=1.50s Sys=0.05s Real=0.20s
[2025-08-01T03:44:44.173+0000] GC(652) Pause Young (Allocation Failure)
[2025-08-01T03:44:44.276+0000] GC(652) PSYoungGen: 931840K(931840K)->383008K(931840K) Eden: 465920K(465920K)->0K(465920K) From: 465920K(465920K)->383008K(465920K)
[2025-08-01T03:44:44.276+0000] GC(652) ParOldGen: 1725228K(2796544K)->1965812K(2796544K)
[2025-08-01T03:44:44.276+0000] GC(652) Metaspace: 10662K(10880K)->10662K(10880K) NonClass: 9396K(9536K)->9396K(9536K) Class: 1265K(1344K)->1265K(1344K)
[2025-08-01T03:44:44.276+0000] GC(652) Pause Young (Allocation Failure) 2594M->2293M(3641M) 103.099ms
[2025-08-01T03:44:44.276+0000] GC(652) User=0.78s Sys=0.01s Real=0.11s
[2025-08-01T03:44:44.368+0000] GC(653) Pause Young (Allocation Failure)
[2025-08-01T03:44:44.473+0000] GC(653) PSYoungGen: 848928K(931840K)->282048K(931840K) Eden: 465920K(465920K)->0K(465920K) From: 383008K(465920K)->282048K(465920K)
[2025-08-01T03:44:44.473+0000] GC(653) ParOldGen: 1965812K(2796544K)->2133532K(2796544K)
[2025-08-01T03:44:44.473+0000] GC(653) Metaspace: 10662K(10880K)->10662K(10880K) NonClass: 9396K(9536K)->9396K(9536K) Class: 1265K(1344K)->1265K(1344K)
[2025-08-01T03:44:44.473+0000] GC(653) Pause Young (Allocation Failure) 2748M->2358M(3641M) 105.791ms
[2025-08-01T03:44:44.473+0000] GC(653) User=0.78s Sys=0.04s Real=0.11s
[2025-08-01T03:44:44.556+0000] GC(654) Pause Young (Allocation Failure)
[2025-08-01T03:44:44.698+0000] GC(654) PSYoungGen: 747968K(931840K)->465920K(931840K) Eden: 465920K(465920K)->0K(465920K) From: 282048K(465920K)->465920K(465920K)
[2025-08-01T03:44:44.698+0000] GC(654) ParOldGen: 2133532K(2796544K)->2438092K(2796544K)
[2025-08-01T03:44:44.698+0000] GC(654) Metaspace: 10662K(10880K)->10662K(10880K) NonClass: 9396K(9536K)->9396K(9536K) Class: 1265K(1344K)->1265K(1344K)
[2025-08-01T03:44:44.698+0000] GC(654) Pause Young (Allocation Failure) 2813M->2835M(3641M) 141.483ms
[2025-08-01T03:44:44.698+0000] GC(654) User=1.03s Sys=0.05s Real=0.14s
[2025-08-01T03:44:44.789+0000] GC(655) Pause Full (Ergonomics)
[2025-08-01T03:44:44.789+0000] GC(655) Marking Phase
[2025-08-01T03:44:44.956+0000] GC(655) Marking Phase 167.323ms
[2025-08-01T03:44:44.957+0000] GC(655) Summary Phase
[2025-08-01T03:44:44.957+0000] GC(655) Summary Phase 0.353ms
[2025-08-01T03:44:44.957+0000] GC(655) Adjust Roots
[2025-08-01T03:44:44.960+0000] GC(655) Adjust Roots 3.328ms
[2025-08-01T03:44:44.960+0000] GC(655) Compaction Phase
[2025-08-01T03:44:45.185+0000] GC(655) Compaction Phase 224.383ms
[2025-08-01T03:44:45.185+0000] GC(655) Post Compact
[2025-08-01T03:44:45.203+0000] GC(655) Post Compact 17.953ms
[2025-08-01T03:44:45.203+0000] GC(655) PSYoungGen: 931840K(931840K)->0K(931840K) Eden: 465920K(465920K)->0K(465920K) From: 465920K(465920K)->0K(465920K)
[2025-08-01T03:44:45.203+0000] GC(655) ParOldGen: 2438092K(2796544K)->1390667K(2796544K)
[2025-08-01T03:44:45.203+0000] GC(655) Metaspace: 10662K(10880K)->10662K(10880K) NonClass: 9396K(9536K)->9396K(9536K) Class: 1265K(1344K)->1265K(1344K)
[2025-08-01T03:44:45.203+0000] GC(655) Pause Full (Ergonomics) 3290M->1358M(3641M) 413.920ms
[2025-08-01T03:44:45.203+0000] GC(655) User=3.00s Sys=0.07s Real=0.42s
[2025-08-01T03:44:45.293+0000] GC(656) Pause Young (Allocation Failure)
[2025-08-01T03:44:45.398+0000] GC(656) PSYoungGen: 465920K(931840K)->371296K(931840K) Eden: 465920K(465920K)->0K(465920K) From: 0K(465920K)->371296K(465920K)
[2025-08-01T03:44:45.398+0000] GC(656) ParOldGen: 1390667K(2796544K)->1390667K(2796544K)
[2025-08-01T03:44:45.398+0000] GC(656) Metaspace: 10662K(10880K)->10662K(10880K) NonClass: 9396K(9536K)->9396K(9536K) Class: 1265K(1344K)->1265K(1344K)
[2025-08-01T03:44:45.398+0000] GC(656) Pause Young (Allocation Failure) 1813M->1720M(3641M) 105.133ms
[2025-08-01T03:44:45.398+0000] GC(656) User=0.73s Sys=0.06s Real=0.11s
[2025-08-01T03:44:45.486+0000] GC(657) Pause Young (Allocation Failure)
[2025-08-01T03:44:45.585+0000] GC(657) PSYoungGen: 837216K(931840K)->313792K(931840K) Eden: 465920K(465920K)->0K(465920K) From: 371296K(465920K)->313792K(465920K)
[2025-08-01T03:44:45.585+0000] GC(657) ParOldGen: 1390667K(2796544K)->1535219K(2796544K)
[2025-08-01T03:44:45.585+0000] GC(657) Metaspace: 10662K(10880K)->10662K(10880K) NonClass: 9396K(9536K)->9396K(9536K) Class: 1265K(1344K)->1265K(1344K)
[2025-08-01T03:44:45.585+0000] GC(657) Pause Young (Allocation Failure) 2175M->1805M(3641M) 99.677ms
[2025-08-01T03:44:45.585+0000] GC(657) User=0.72s Sys=0.04s Real=0.10s
[2025-08-01T03:44:45.681+0000] GC(658) Pause Young (Allocation Failure)
[2025-08-01T03:44:45.853+0000] GC(658) PSYoungGen: 779712K(931840K)->465920K(931840K) Eden: 465920K(465920K)->0K(465920K) From: 313792K(465920K)->465920K(465920K)
[2025-08-01T03:44:45.853+0000] GC(658) ParOldGen: 1535219K(2796544K)->1873683K(2796544K)
[2025-08-01T03:44:45.853+0000] GC(658) Metaspace: 10662K(10880K)->10662K(10880K) NonClass: 9396K(9536K)->9396K(9536K) Class: 1265K(1344K)->1265K(1344K)
[2025-08-01T03:44:45.853+0000] GC(658) Pause Young (Allocation Failure) 2260M->2284M(3641M) 172.350ms
[2025-08-01T03:44:45.853+0000] GC(658) User=1.23s Sys=0.06s Real=0.18s
[2025-08-01T03:44:45.941+0000] GC(659) Pause Young (Allocation Failure)
[2025-08-01T03:44:46.142+0000] GC(659) PSYoungGen: 931840K(931840K)->465920K(931840K) Eden: 465920K(465920K)->0K(465920K) From: 465920K(465920K)->465920K(465920K)
[2025-08-01T03:44:46.142+0000] GC(659) ParOldGen: 1873683K(2796544K)->2376427K(2796544K)
[2025-08-01T03:44:46.142+0000] GC(659) Metaspace: 10662K(10880K)->10662K(10880K) NonClass: 9396K(9536K)->9396K(9536K) Class: 1265K(1344K)->1265K(1344K)
[2025-08-01T03:44:46.142+0000] GC(659) Pause Young (Allocation Failure) 2739M->2775M(3641M) 201.053ms
[2025-08-01T03:44:46.142+0000] GC(659) User=1.40s Sys=0.07s Real=0.20s
[2025-08-01T03:44:46.231+0000] GC(660) Pause Full (Ergonomics)
[2025-08-01T03:44:46.231+0000] GC(660) Marking Phase
[2025-08-01T03:44:46.326+0000] GC(660) Marking Phase 95.083ms
[2025-08-01T03:44:46.326+0000] GC(660) Summary Phase
[2025-08-01T03:44:46.326+0000] GC(660) Summary Phase 0.118ms
[2025-08-01T03:44:46.326+0000] GC(660) Adjust Roots
[2025-08-01T03:44:46.328+0000] GC(660) Adjust Roots 1.937ms
[2025-08-01T03:44:46.328+0000] GC(660) Compaction Phase
[2025-08-01T03:44:46.493+0000] GC(660) Compaction Phase 164.791ms
[2025-08-01T03:44:46.493+0000] GC(660) Post Compact
[2025-08-01T03:44:46.515+0000] GC(660) Post Compact 21.993ms
[2025-08-01T03:44:46.515+0000] GC(660) PSYoungGen: 931840K(931840K)->0K(931840K) Eden: 465920K(465920K)->0K(465920K) From: 465920K(465920K)->0K(465920K)
[2025-08-01T03:44:46.515+0000] GC(660) ParOldGen: 2376427K(2796544K)->941342K(2796544K)
[2025-08-01T03:44:46.515+0000] GC(660) Metaspace: 10662K(10880K)->10662K(10880K) NonClass: 9396K(9536K)->9396K(9536K) Class: 1265K(1344K)->1265K(1344K)
[2025-08-01T03:44:46.515+0000] GC(660) Pause Full (Ergonomics) 3230M->919M(3641M) 284.378ms
[2025-08-01T03:44:46.515+0000] GC(660) User=1.99s Sys=0.03s Real=0.29s
[2025-08-01T03:44:46.607+0000] GC(661) Pause Young (Allocation Failure)
[2025-08-01T03:44:46.707+0000] GC(661) PSYoungGen: 465920K(931840K)->339104K(931840K) Eden: 465920K(465920K)->0K(465920K) From: 0K(465920K)->339104K(465920K)
[2025-08-01T03:44:46.707+0000] GC(661) ParOldGen: 941342K(2796544K)->941342K(2796544K)
[2025-08-01T03:44:46.707+0000] GC(661) Metaspace: 10662K(10880K)->10662K(10880K) NonClass: 9396K(9536K)->9396K(9536K) Class: 1265K(1344K)->1265K(1344K)
[2025-08-01T03:44:46.707+0000] GC(661) Pause Young (Allocation Failure) 1374M->1250M(3641M) 100.116ms
[2025-08-01T03:44:46.707+0000] GC(661) User=0.74s Sys=0.03s Real=0.10s
[2025-08-01T03:44:46.795+0000] GC(662) Pause Young (Allocation Failure)
[2025-08-01T03:44:46.939+0000] GC(662) PSYoungGen: 805024K(931840K)->465920K(931840K) Eden: 465920K(465920K)->0K(465920K) From: 339104K(465920K)->465920K(465920K)
[2025-08-01T03:44:46.939+0000] GC(662) ParOldGen: 941342K(2796544K)->1306582K(2796544K)
[2025-08-01T03:44:46.939+0000] GC(662) Metaspace: 10662K(10880K)->10662K(10880K) NonClass: 9396K(9536K)->9396K(9536K) Class: 1265K(1344K)->1265K(1344K)
[2025-08-01T03:44:46.939+0000] GC(662) Pause Young (Allocation Failure) 1705M->1730M(3641M) 144.073ms
[2025-08-01T03:44:46.939+0000] GC(662) User=1.06s Sys=0.03s Real=0.14s
[2025-08-01T03:44:47.026+0000] GC(663) Pause Young (Allocation Failure)
[2025-08-01T03:44:47.266+0000] GC(663) PSYoungGen: 931840K(931840K)->465920K(931840K) Eden: 465920K(465920K)->0K(465920K) From: 465920K(465920K)->465920K(465920K)
[2025-08-01T03:44:47.266+0000] GC(663) ParOldGen: 1306582K(2796544K)->1808270K(2796544K)
[2025-08-01T03:44:47.266+0000] GC(663) Metaspace: 10662K(10880K)->10662K(10880K) NonClass: 9396K(9536K)->9396K(9536K) Class: 1265K(1344K)->1265K(1344K)
[2025-08-01T03:44:47.266+0000] GC(663) Pause Young (Allocation Failure) 2185M->2220M(3641M) 239.755ms
[2025-08-01T03:44:47.266+0000] GC(663) User=1.80s Sys=0.08s Real=0.24s
[2025-08-01T03:44:47.356+0000] GC(664) Pause Young (Allocation Failure)
[2025-08-01T03:44:47.458+0000] GC(664) PSYoungGen: 931840K(931840K)->381728K(931840K) Eden: 465920K(465920K)->0K(465920K) From: 465920K(465920K)->381728K(465920K)
[2025-08-01T03:44:47.458+0000] GC(664) ParOldGen: 1808270K(2796544K)->2055302K(2796544K)
[2025-08-01T03:44:47.458+0000] GC(664) Metaspace: 10662K(10880K)->10662K(10880K) NonClass: 9396K(9536K)->9396K(9536K) Class: 1265K(1344K)->1265K(1344K)
[2025-08-01T03:44:47.458+0000] GC(664) Pause Young (Allocation Failure) 2675M->2379M(3641M) 101.410ms
[2025-08-01T03:44:47.458+0000] GC(664) User=0.76s Sys=0.02s Real=0.10s
[2025-08-01T03:44:47.540+0000] GC(665) Pause Young (Allocation Failure)
[2025-08-01T03:44:47.615+0000] GC(665) PSYoungGen: 847648K(931840K)->319552K(931840K) Eden: 465920K(465920K)->0K(465920K) From: 381728K(465920K)->319552K(465920K)
[2025-08-01T03:44:47.615+0000] GC(665) ParOldGen: 2055302K(2796544K)->2212958K(2796544K)
[2025-08-01T03:44:47.615+0000] GC(665) Metaspace: 10662K(10880K)->10662K(10880K) NonClass: 9396K(9536K)->9396K(9536K) Class: 1265K(1344K)->1265K(1344K)
[2025-08-01T03:44:47.615+0000] GC(665) Pause Young (Allocation Failure) 2834M->2473M(3641M) 74.300ms
[2025-08-01T03:44:47.615+0000] GC(665) User=0.58s Sys=0.00s Real=0.08s
[2025-08-01T03:44:47.704+0000] GC(666) Pause Full (Ergonomics)
[2025-08-01T03:44:47.704+0000] GC(666) Marking Phase
[2025-08-01T03:44:47.798+0000] GC(666) Marking Phase 93.863ms
[2025-08-01T03:44:47.798+0000] GC(666) Summary Phase
[2025-08-01T03:44:47.798+0000] GC(666) Summary Phase 0.114ms
[2025-08-01T03:44:47.798+0000] GC(666) Adjust Roots
[2025-08-01T03:44:47.800+0000] GC(666) Adjust Roots 2.100ms
[2025-08-01T03:44:47.800+0000] GC(666) Compaction Phase
[2025-08-01T03:44:47.948+0000] GC(666) Compaction Phase 148.169ms
[2025-08-01T03:44:47.948+0000] GC(666) Post Compact
[2025-08-01T03:44:47.969+0000] GC(666) Post Compact 20.951ms
[2025-08-01T03:44:47.970+0000] GC(666) PSYoungGen: 785472K(931840K)->0K(931840K) Eden: 465920K(465920K)->0K(465920K) From: 319552K(465920K)->0K(465920K)
[2025-08-01T03:44:47.970+0000] GC(666) ParOldGen: 2212958K(2796544K)->955194K(2796544K)
[2025-08-01T03:44:47.970+0000] GC(666) Metaspace: 10662K(10880K)->10662K(10880K) NonClass: 9396K(9536K)->9396K(9536K) Class: 1265K(1344K)->1265K(1344K)
[2025-08-01T03:44:47.970+0000] GC(666) Pause Full (Ergonomics) 2928M->932M(3641M) 265.623ms
[2025-08-01T03:44:47.970+0000] GC(666) User=1.84s Sys=0.01s Real=0.26s
[2025-08-01T03:44:48.056+0000] GC(667) Pause Young (Allocation Failure)
[2025-08-01T03:44:48.128+0000] GC(667) PSYoungGen: 465920K(931840K)->346624K(931840K) Eden: 465920K(465920K)->0K(465920K) From: 0K(465920K)->346624K(465920K)
[2025-08-01T03:44:48.128+0000] GC(667) ParOldGen: 955194K(2796544K)->955194K(2796544K)
[2025-08-01T03:44:48.128+0000] GC(667) Metaspace: 10662K(10880K)->10662K(10880K) NonClass: 9396K(9536K)->9396K(9536K) Class: 1265K(1344K)->1265K(1344K)
[2025-08-01T03:44:48.128+0000] GC(667) Pause Young (Allocation Failure) 1387M->1271M(3641M) 72.290ms
[2025-08-01T03:44:48.128+0000] GC(667) User=0.51s Sys=0.03s Real=0.07s
[2025-08-01T03:44:48.214+0000] GC(668) Pause Young (Allocation Failure)
[2025-08-01T03:44:48.316+0000] GC(668) PSYoungGen: 812544K(931840K)->402880K(931840K) Eden: 465920K(465920K)->0K(465920K) From: 346624K(465920K)->402880K(465920K)
[2025-08-01T03:44:48.316+0000] GC(668) ParOldGen: 955194K(2796544K)->1199762K(2796544K)
[2025-08-01T03:44:48.316+0000] GC(668) Metaspace: 10662K(10880K)->10662K(10880K) NonClass: 9396K(9536K)->9396K(9536K) Class: 1265K(1344K)->1265K(1344K)
[2025-08-01T03:44:48.316+0000] GC(668) Pause Young (Allocation Failure) 1726M->1565M(3641M) 102.611ms
[2025-08-01T03:44:48.316+0000] GC(668) User=0.78s Sys=0.02s Real=0.10s
[2025-08-01T03:44:48.403+0000] GC(669) Pause Young (Allocation Failure)
[2025-08-01T03:44:48.545+0000] GC(669) PSYoungGen: 868800K(931840K)->326240K(931840K) Eden: 465920K(465920K)->0K(465920K) From: 402880K(465920K)->326240K(465920K)
[2025-08-01T03:44:48.545+0000] GC(669) ParOldGen: 1199762K(2796544K)->1363018K(2796544K)
[2025-08-01T03:44:48.545+0000] GC(669) Metaspace: 10662K(10880K)->10662K(10880K) NonClass: 9396K(9536K)->9396K(9536K) Class: 1265K(1344K)->1265K(1344K)
[2025-08-01T03:44:48.545+0000] GC(669) Pause Young (Allocation Failure) 2020M->1649M(3641M) 142.027ms
[2025-08-01T03:44:48.545+0000] GC(669) User=1.08s Sys=0.03s Real=0.14s
[2025-08-01T03:44:48.633+0000] GC(670) Pause Young (Allocation Failure)
[2025-08-01T03:44:48.785+0000] GC(670) PSYoungGen: 792160K(931840K)->465920K(931840K) Eden: 465920K(465920K)->0K(465920K) From: 326240K(465920K)->465920K(465920K)
[2025-08-01T03:44:48.785+0000] GC(670) ParOldGen: 1363018K(2796544K)->1715938K(2796544K)
[2025-08-01T03:44:48.785+0000] GC(670) Metaspace: 10662K(10880K)->10662K(10880K) NonClass: 9396K(9536K)->9396K(9536K) Class: 1265K(1344K)->1265K(1344K)
[2025-08-01T03:44:48.785+0000] GC(670) Pause Young (Allocation Failure) 2104M->2130M(3641M) 152.548ms
[2025-08-01T03:44:48.785+0000] GC(670) User=1.17s Sys=0.02s Real=0.16s
[2025-08-01T03:44:48.876+0000] GC(671) Pause Young (Allocation Failure)
[2025-08-01T03:44:49.001+0000] GC(671) PSYoungGen: 931840K(931840K)->358624K(931840K) Eden: 465920K(465920K)->0K(465920K) From: 465920K(465920K)->358624K(465920K)
[2025-08-01T03:44:49.001+0000] GC(671) ParOldGen: 1715938K(2796544K)->2096426K(2796544K)
[2025-08-01T03:44:49.001+0000] GC(671) Metaspace: 10662K(10880K)->10662K(10880K) NonClass: 9396K(9536K)->9396K(9536K) Class: 1265K(1344K)->1265K(1344K)
[2025-08-01T03:44:49.001+0000] GC(671) Pause Young (Allocation Failure) 2585M->2397M(3641M) 124.740ms
[2025-08-01T03:44:49.001+0000] GC(671) User=0.89s Sys=0.03s Real=0.12s
[2025-08-01T03:44:49.088+0000] GC(672) Pause Young (Allocation Failure)
[2025-08-01T03:44:49.218+0000] GC(672) PSYoungGen: 824544K(931840K)->378272K(931840K) Eden: 465920K(465920K)->0K(465920K) From: 358624K(465920K)->378272K(465920K)
[2025-08-01T03:44:49.219+0000] GC(672) ParOldGen: 2096426K(2796544K)->2360130K(2796544K)
[2025-08-01T03:44:49.219+0000] GC(672) Metaspace: 10662K(10880K)->10662K(10880K) NonClass: 9396K(9536K)->9396K(9536K) Class: 1265K(1344K)->1265K(1344K)
[2025-08-01T03:44:49.219+0000] GC(672) Pause Young (Allocation Failure) 2852M->2674M(3641M) 130.528ms
[2025-08-01T03:44:49.219+0000] GC(672) User=0.90s Sys=0.06s Real=0.13s
[2025-08-01T03:44:49.306+0000] GC(673) Pause Full (Ergonomics)
[2025-08-01T03:44:49.306+0000] GC(673) Marking Phase
[2025-08-01T03:44:49.341+0000] GC(673) Marking Phase 35.694ms
[2025-08-01T03:44:49.341+0000] GC(673) Summary Phase
[2025-08-01T03:44:49.342+0000] GC(673) Summary Phase 0.135ms
[2025-08-01T03:44:49.342+0000] GC(673) Adjust Roots
[2025-08-01T03:44:49.344+0000] GC(673) Adjust Roots 1.928ms
[2025-08-01T03:44:49.344+0000] GC(673) Compaction Phase
[2025-08-01T03:44:49.472+0000] GC(673) Compaction Phase 128.788ms
[2025-08-01T03:44:49.472+0000] GC(673) Post Compact
[2025-08-01T03:44:49.504+0000] GC(673) Post Compact 31.899ms
[2025-08-01T03:44:49.504+0000] GC(673) PSYoungGen: 844192K(931840K)->0K(931840K) Eden: 465920K(465920K)->0K(465920K) From: 378272K(465920K)->0K(465920K)
[2025-08-01T03:44:49.504+0000] GC(673) ParOldGen: 2360130K(2796544K)->506688K(2796544K)
[2025-08-01T03:44:49.504+0000] GC(673) Metaspace: 10662K(10880K)->10662K(10880K) NonClass: 9396K(9536K)->9396K(9536K) Class: 1265K(1344K)->1265K(1344K)
[2025-08-01T03:44:49.504+0000] GC(673) Pause Full (Ergonomics) 3129M->494M(3641M) 198.845ms
[2025-08-01T03:44:49.505+0000] GC(673) User=1.21s Sys=0.05s Real=0.20s
[2025-08-01T03:44:49.591+0000] GC(674) Pause Young (Allocation Failure)
[2025-08-01T03:44:49.659+0000] GC(674) PSYoungGen: 465920K(931840K)->465920K(931840K) Eden: 465920K(465920K)->0K(465920K) From: 0K(465920K)->465920K(465920K)
[2025-08-01T03:44:49.659+0000] GC(674) ParOldGen: 506688K(2796544K)->514568K(2796544K)
[2025-08-01T03:44:49.659+0000] GC(674) Metaspace: 10662K(10880K)->10662K(10880K) NonClass: 9396K(9536K)->9396K(9536K) Class: 1265K(1344K)->1265K(1344K)
[2025-08-01T03:44:49.659+0000] GC(674) Pause Young (Allocation Failure) 949M->957M(3641M) 68.235ms
[2025-08-01T03:44:49.659+0000] GC(674) User=0.53s Sys=0.00s Real=0.07s
[2025-08-01T03:44:49.746+0000] GC(675) Pause Young (Allocation Failure)
[2025-08-01T03:44:49.931+0000] GC(675) PSYoungGen: 931840K(931840K)->373440K(931840K) Eden: 465920K(465920K)->0K(465920K) From: 465920K(465920K)->373440K(465920K)
[2025-08-01T03:44:49.931+0000] GC(675) ParOldGen: 514568K(2796544K)->874344K(2796544K)
[2025-08-01T03:44:49.931+0000] GC(675) Metaspace: 10662K(10880K)->10662K(10880K) NonClass: 9396K(9536K)->9396K(9536K) Class: 1265K(1344K)->1265K(1344K)
[2025-08-01T03:44:49.931+0000] GC(675) Pause Young (Allocation Failure) 1412M->1218M(3641M) 185.098ms
[2025-08-01T03:44:49.931+0000] GC(675) User=1.43s Sys=0.05s Real=0.18s
[2025-08-01T03:44:50.021+0000] GC(676) Pause Young (Allocation Failure)
[2025-08-01T03:44:50.114+0000] GC(676) PSYoungGen: 839360K(931840K)->246720K(931840K) Eden: 465920K(465920K)->0K(465920K) From: 373440K(465920K)->246720K(465920K)
[2025-08-01T03:44:50.114+0000] GC(676) ParOldGen: 874344K(2796544K)->1017032K(2796544K)
[2025-08-01T03:44:50.114+0000] GC(676) Metaspace: 10662K(10880K)->10662K(10880K) NonClass: 9396K(9536K)->9396K(9536K) Class: 1265K(1344K)->1265K(1344K)
[2025-08-01T03:44:50.114+0000] GC(676) Pause Young (Allocation Failure) 1673M->1234M(3641M) 92.595ms
[2025-08-01T03:44:50.114+0000] GC(676) User=0.62s Sys=0.05s Real=0.10s
[2025-08-01T03:44:50.201+0000] GC(677) Pause Young (Allocation Failure)
[2025-08-01T03:44:50.312+0000] GC(677) PSYoungGen: 712640K(931840K)->349056K(931840K) Eden: 465920K(465920K)->0K(465920K) From: 246720K(465920K)->349056K(465920K)
[2025-08-01T03:44:50.312+0000] GC(677) ParOldGen: 1017032K(2796544K)->1170400K(2796544K)
[2025-08-01T03:44:50.312+0000] GC(677) Metaspace: 10662K(10880K)->10662K(10880K) NonClass: 9396K(9536K)->9396K(9536K) Class: 1265K(1344K)->1265K(1344K)
[2025-08-01T03:44:50.312+0000] GC(677) Pause Young (Allocation Failure) 1689M->1483M(3641M) 111.460ms
[2025-08-01T03:44:50.312+0000] GC(677) User=0.84s Sys=0.02s Real=0.11s
[2025-08-01T03:44:50.399+0000] GC(678) Pause Young (Allocation Failure)
[2025-08-01T03:44:50.613+0000] GC(678) PSYoungGen: 814976K(931840K)->465920K(931840K) Eden: 465920K(465920K)->0K(465920K) From: 349056K(465920K)->465920K(465920K)
[2025-08-01T03:44:50.614+0000] GC(678) ParOldGen: 1170400K(2796544K)->1546680K(2796544K)
[2025-08-01T03:44:50.614+0000] GC(678) Metaspace: 10662K(10880K)->10662K(10880K) NonClass: 9396K(9536K)->9396K(9536K) Class: 1265K(1344K)->1265K(1344K)
[2025-08-01T03:44:50.614+0000] GC(678) Pause Young (Allocation Failure) 1938M->1965M(3641M) 214.066ms
[2025-08-01T03:44:50.614+0000] GC(678) User=1.64s Sys=0.05s Real=0.22s
[2025-08-01T03:44:50.703+0000] GC(679) Pause Young (Allocation Failure)
[2025-08-01T03:44:50.906+0000] GC(679) PSYoungGen: 931840K(931840K)->362336K(931840K) Eden: 465920K(465920K)->0K(465920K) From: 465920K(465920K)->362336K(465920K)
[2025-08-01T03:44:50.906+0000] GC(679) ParOldGen: 1546680K(2796544K)->1909184K(2796544K)
[2025-08-01T03:44:50.906+0000] GC(679) Metaspace: 10662K(10880K)->10662K(10880K) NonClass: 9396K(9536K)->9396K(9536K) Class: 1265K(1344K)->1265K(1344K)
[2025-08-01T03:44:50.906+0000] GC(679) Pause Young (Allocation Failure) 2420M->2218M(3641M) 203.425ms
[2025-08-01T03:44:50.906+0000] GC(679) User=1.50s Sys=0.07s Real=0.21s
[2025-08-01T03:44:50.991+0000] GC(680) Pause Young (Allocation Failure)
[2025-08-01T03:44:51.063+0000] GC(680) PSYoungGen: 828256K(931840K)->251840K(931840K) Eden: 465920K(465920K)->0K(465920K) From: 362336K(465920K)->251840K(465920K)
[2025-08-01T03:44:51.063+0000] GC(680) ParOldGen: 1909184K(2796544K)->2040608K(2796544K)
[2025-08-01T03:44:51.063+0000] GC(680) Metaspace: 10662K(10880K)->10662K(10880K) NonClass: 9396K(9536K)->9396K(9536K) Class: 1265K(1344K)->1265K(1344K)
[2025-08-01T03:44:51.063+0000] GC(680) Pause Young (Allocation Failure) 2673M->2238M(3641M) 72.620ms
[2025-08-01T03:44:51.063+0000] GC(680) User=0.53s Sys=0.02s Real=0.08s
[2025-08-01T03:44:51.149+0000] GC(681) Pause Young (Allocation Failure)
[2025-08-01T03:44:51.242+0000] GC(681) PSYoungGen: 717760K(931840K)->361600K(931840K) Eden: 465920K(465920K)->0K(465920K) From: 251840K(465920K)->361600K(465920K)
[2025-08-01T03:44:51.242+0000] GC(681) ParOldGen: 2040608K(2796544K)->2185456K(2796544K)
[2025-08-01T03:44:51.242+0000] GC(681) Metaspace: 10662K(10880K)->10662K(10880K) NonClass: 9396K(9536K)->9396K(9536K) Class: 1265K(1344K)->1265K(1344K)
[2025-08-01T03:44:51.242+0000] GC(681) Pause Young (Allocation Failure) 2693M->2487M(3641M) 92.703ms
[2025-08-01T03:44:51.242+0000] GC(681) User=0.64s Sys=0.06s Real=0.09s
[2025-08-01T03:44:51.326+0000] GC(682) Pause Young (Allocation Failure)
[2025-08-01T03:44:51.460+0000] GC(682) PSYoungGen: 827520K(931840K)->465892K(931840K) Eden: 465920K(465920K)->0K(465920K) From: 361600K(465920K)->465892K(465920K)
[2025-08-01T03:44:51.460+0000] GC(682) ParOldGen: 2185456K(2796544K)->2577104K(2796544K)
[2025-08-01T03:44:51.460+0000] GC(682) Metaspace: 10662K(10880K)->10662K(10880K) NonClass: 9396K(9536K)->9396K(9536K) Class: 1265K(1344K)->1265K(1344K)
[2025-08-01T03:44:51.460+0000] GC(682) Pause Young (Allocation Failure) 2942M->2971M(3641M) 133.732ms
[2025-08-01T03:44:51.460+0000] GC(682) User=1.03s Sys=0.03s Real=0.13s
[2025-08-01T03:44:51.545+0000] GC(683) Pause Full (Ergonomics)
[2025-08-01T03:44:51.545+0000] GC(683) Marking Phase
[2025-08-01T03:44:51.609+0000] GC(683) Marking Phase 63.957ms
[2025-08-01T03:44:51.609+0000] GC(683) Summary Phase
[2025-08-01T03:44:51.609+0000] GC(683) Summary Phase 0.107ms
[2025-08-01T03:44:51.609+0000] GC(683) Adjust Roots
[2025-08-01T03:44:51.611+0000] GC(683) Adjust Roots 2.124ms
[2025-08-01T03:44:51.612+0000] GC(683) Compaction Phase
[2025-08-01T03:44:51.772+0000] GC(683) Compaction Phase 160.453ms
[2025-08-01T03:44:51.772+0000] GC(683) Post Compact
[2025-08-01T03:44:51.796+0000] GC(683) Post Compact 23.476ms
[2025-08-01T03:44:51.796+0000] GC(683) PSYoungGen: 931812K(931840K)->0K(931840K) Eden: 465920K(465920K)->0K(465920K) From: 465892K(465920K)->0K(465920K)
[2025-08-01T03:44:51.796+0000] GC(683) ParOldGen: 2577104K(2796544K)->984434K(2796544K)
[2025-08-01T03:44:51.796+0000] GC(683) Metaspace: 10662K(10880K)->10662K(10880K) NonClass: 9396K(9536K)->9396K(9536K) Class: 1265K(1344K)->1265K(1344K)
[2025-08-01T03:44:51.796+0000] GC(683) Pause Full (Ergonomics) 3426M->961M(3641M) 250.582ms
[2025-08-01T03:44:51.796+0000] GC(683) User=1.73s Sys=0.04s Real=0.25s
[2025-08-01T03:44:51.882+0000] GC(684) Pause Young (Allocation Failure)
[2025-08-01T03:44:52.004+0000] GC(684) PSYoungGen: 465920K(931840K)->380128K(931840K) Eden: 465920K(465920K)->0K(465920K) From: 0K(465920K)->380128K(465920K)
[2025-08-01T03:44:52.004+0000] GC(684) ParOldGen: 984434K(2796544K)->984434K(2796544K)
[2025-08-01T03:44:52.004+0000] GC(684) Metaspace: 10662K(10880K)->10662K(10880K) NonClass: 9396K(9536K)->9396K(9536K) Class: 1265K(1344K)->1265K(1344K)
[2025-08-01T03:44:52.004+0000] GC(684) Pause Young (Allocation Failure) 1416M->1332M(3641M) 121.596ms
[2025-08-01T03:44:52.004+0000] GC(684) User=0.91s Sys=0.04s Real=0.13s
[2025-08-01T03:44:52.102+0000] GC(685) Pause Young (Allocation Failure)
[2025-08-01T03:44:52.206+0000] GC(685) PSYoungGen: 846048K(931840K)->332928K(931840K) Eden: 465920K(465920K)->0K(465920K) From: 380128K(465920K)->332928K(465920K)
[2025-08-01T03:44:52.206+0000] GC(685) ParOldGen: 984434K(2796544K)->1136170K(2796544K)
[2025-08-01T03:44:52.206+0000] GC(685) Metaspace: 10662K(10880K)->10662K(10880K) NonClass: 9396K(9536K)->9396K(9536K) Class: 1265K(1344K)->1265K(1344K)
[2025-08-01T03:44:52.206+0000] GC(685) Pause Young (Allocation Failure) 1787M->1434M(3641M) 103.787ms
[2025-08-01T03:44:52.206+0000] GC(685) User=0.71s Sys=0.05s Real=0.11s
[2025-08-01T03:44:52.290+0000] GC(686) Pause Young (Allocation Failure)
[2025-08-01T03:44:52.447+0000] GC(686) PSYoungGen: 798848K(931840K)->465920K(931840K) Eden: 465920K(465920K)->0K(465920K) From: 332928K(465920K)->465920K(465920K)
[2025-08-01T03:44:52.447+0000] GC(686) ParOldGen: 1136170K(2796544K)->1491978K(2796544K)
[2025-08-01T03:44:52.447+0000] GC(686) Metaspace: 10662K(10880K)->10662K(10880K) NonClass: 9396K(9536K)->9396K(9536K) Class: 1265K(1344K)->1265K(1344K)
[2025-08-01T03:44:52.447+0000] GC(686) Pause Young (Allocation Failure) 1889M->1912M(3641M) 156.620ms
[2025-08-01T03:44:52.447+0000] GC(686) User=1.13s Sys=0.06s Real=0.16s
[2025-08-01T03:44:52.532+0000] GC(687) Pause Young (Allocation Failure)
[2025-08-01T03:44:52.656+0000] GC(687) PSYoungGen: 931840K(931840K)->377376K(931840K) Eden: 465920K(465920K)->0K(465920K) From: 465920K(465920K)->377376K(465920K)
[2025-08-01T03:44:52.656+0000] GC(687) ParOldGen: 1491978K(2796544K)->1865210K(2796544K)
[2025-08-01T03:44:52.656+0000] GC(687) Metaspace: 10662K(10880K)->10662K(10880K) NonClass: 9396K(9536K)->9396K(9536K) Class: 1265K(1344K)->1265K(1344K)
[2025-08-01T03:44:52.656+0000] GC(687) Pause Young (Allocation Failure) 2367M->2190M(3641M) 124.378ms
[2025-08-01T03:44:52.656+0000] GC(687) User=0.96s Sys=0.02s Real=0.13s
[2025-08-01T03:44:52.741+0000] GC(688) Pause Young (Allocation Failure)
[2025-08-01T03:44:52.863+0000] GC(688) PSYoungGen: 843296K(931840K)->380032K(931840K) Eden: 465920K(465920K)->0K(465920K) From: 377376K(465920K)->380032K(465920K)
[2025-08-01T03:44:52.863+0000] GC(688) ParOldGen: 1865210K(2796544K)->2159122K(2796544K)
[2025-08-01T03:44:52.863+0000] GC(688) Metaspace: 10662K(10880K)->10662K(10880K) NonClass: 9396K(9536K)->9396K(9536K) Class: 1265K(1344K)->1265K(1344K)
[2025-08-01T03:44:52.863+0000] GC(688) Pause Young (Allocation Failure) 2645M->2479M(3641M) 121.756ms
[2025-08-01T03:44:52.863+0000] GC(688) User=0.92s Sys=0.04s Real=0.13s
[2025-08-01T03:44:52.949+0000] GC(689) Pause Young (Allocation Failure)
[2025-08-01T03:44:53.050+0000] GC(689) PSYoungGen: 845952K(931840K)->330304K(931840K) Eden: 465920K(465920K)->0K(465920K) From: 380032K(465920K)->330304K(465920K)
[2025-08-01T03:44:53.050+0000] GC(689) ParOldGen: 2159122K(2796544K)->2316714K(2796544K)
[2025-08-01T03:44:53.050+0000] GC(689) Metaspace: 10662K(10880K)->10662K(10880K) NonClass: 9396K(9536K)->9396K(9536K) Class: 1265K(1344K)->1265K(1344K)
[2025-08-01T03:44:53.050+0000] GC(689) Pause Young (Allocation Failure) 2934M->2584M(3641M) 100.841ms
[2025-08-01T03:44:53.050+0000] GC(689) User=0.76s Sys=0.02s Real=0.10s
[2025-08-01T03:44:53.139+0000] GC(690) Pause Full (Ergonomics)
[2025-08-01T03:44:53.139+0000] GC(690) Marking Phase
[2025-08-01T03:44:53.205+0000] GC(690) Marking Phase 65.812ms
[2025-08-01T03:44:53.205+0000] GC(690) Summary Phase
[2025-08-01T03:44:53.205+0000] GC(690) Summary Phase 0.066ms
[2025-08-01T03:44:53.205+0000] GC(690) Adjust Roots
[2025-08-01T03:44:53.207+0000] GC(690) Adjust Roots 1.479ms
[2025-08-01T03:44:53.207+0000] GC(690) Compaction Phase
[2025-08-01T03:44:53.373+0000] GC(690) Compaction Phase 166.707ms
[2025-08-01T03:44:53.373+0000] GC(690) Post Compact
[2025-08-01T03:44:53.393+0000] GC(690) Post Compact 19.857ms
[2025-08-01T03:44:53.393+0000] GC(690) PSYoungGen: 796224K(931840K)->0K(931840K) Eden: 465920K(465920K)->0K(465920K) From: 330304K(465920K)->0K(465920K)
[2025-08-01T03:44:53.393+0000] GC(690) ParOldGen: 2316714K(2796544K)->998960K(2796544K)
[2025-08-01T03:44:53.393+0000] GC(690) Metaspace: 10662K(10880K)->10662K(10880K) NonClass: 9396K(9536K)->9396K(9536K) Class: 1265K(1344K)->1265K(1344K)
[2025-08-01T03:44:53.393+0000] GC(690) Pause Full (Ergonomics) 3039M->975M(3641M) 254.323ms
[2025-08-01T03:44:53.393+0000] GC(690) User=1.74s Sys=0.05s Real=0.26s
[2025-08-01T03:44:53.482+0000] GC(691) Pause Young (Allocation Failure)
[2025-08-01T03:44:53.537+0000] GC(691) PSYoungGen: 465920K(931840K)->378592K(931840K) Eden: 465920K(465920K)->0K(465920K) From: 0K(465920K)->378592K(465920K)
[2025-08-01T03:44:53.537+0000] GC(691) ParOldGen: 998960K(2796544K)->998960K(2796544K)
[2025-08-01T03:44:53.537+0000] GC(691) Metaspace: 10662K(10880K)->10662K(10880K) NonClass: 9396K(9536K)->9396K(9536K) Class: 1265K(1344K)->1265K(1344K)
[2025-08-01T03:44:53.537+0000] GC(691) Pause Young (Allocation Failure) 1430M->1345M(3641M) 54.723ms
[2025-08-01T03:44:53.537+0000] GC(691) User=0.42s Sys=0.01s Real=0.06s
[2025-08-01T03:44:53.619+0000] GC(692) Pause Young (Allocation Failure)
[2025-08-01T03:44:53.709+0000] GC(692) PSYoungGen: 844512K(931840K)->375424K(931840K) Eden: 465920K(465920K)->0K(465920K) From: 378592K(465920K)->375424K(465920K)
[2025-08-01T03:44:53.709+0000] GC(692) ParOldGen: 998960K(2796544K)->1287856K(2796544K)
[2025-08-01T03:44:53.709+0000] GC(692) Metaspace: 10662K(10880K)->10662K(10880K) NonClass: 9396K(9536K)->9396K(9536K) Class: 1265K(1344K)->1265K(1344K)
[2025-08-01T03:44:53.709+0000] GC(692) Pause Young (Allocation Failure) 1800M->1624M(3641M) 89.711ms
[2025-08-01T03:44:53.709+0000] GC(692) User=0.69s Sys=0.00s Real=0.09s
[2025-08-01T03:44:53.790+0000] GC(693) Pause Young (Allocation Failure)
[2025-08-01T03:44:53.867+0000] GC(693) PSYoungGen: 841344K(931840K)->354720K(931840K) Eden: 465920K(465920K)->0K(465920K) From: 375424K(465920K)->354720K(465920K)
[2025-08-01T03:44:53.867+0000] GC(693) ParOldGen: 1287856K(2796544K)->1428128K(2796544K)
[2025-08-01T03:44:53.867+0000] GC(693) Metaspace: 10662K(10880K)->10662K(10880K) NonClass: 9396K(9536K)->9396K(9536K) Class: 1265K(1344K)->1265K(1344K)
[2025-08-01T03:44:53.867+0000] GC(693) Pause Young (Allocation Failure) 2079M->1741M(3641M) 76.815ms
[2025-08-01T03:44:53.867+0000] GC(693) User=0.56s Sys=0.03s Real=0.08s
[2025-08-01T03:44:53.952+0000] GC(694) Pause Young (Allocation Failure)
[2025-08-01T03:44:54.090+0000] GC(694) PSYoungGen: 820640K(931840K)->465920K(931840K) Eden: 465920K(465920K)->0K(465920K) From: 354720K(465920K)->465920K(465920K)
[2025-08-01T03:44:54.090+0000] GC(694) ParOldGen: 1428128K(2796544K)->1813592K(2796544K)
[2025-08-01T03:44:54.090+0000] GC(694) Metaspace: 10662K(10880K)->10662K(10880K) NonClass: 9396K(9536K)->9396K(9536K) Class: 1265K(1344K)->1265K(1344K)
[2025-08-01T03:44:54.090+0000] GC(694) Pause Young (Allocation Failure) 2196M->2226M(3641M) 138.350ms
[2025-08-01T03:44:54.090+0000] GC(694) User=1.03s Sys=0.04s Real=0.14s
[2025-08-01T03:44:54.181+0000] GC(695) Pause Young (Allocation Failure)
[2025-08-01T03:44:54.314+0000] GC(695) PSYoungGen: 931840K(931840K)->402080K(931840K) Eden: 465920K(465920K)->0K(465920K) From: 465920K(465920K)->402080K(465920K)
[2025-08-01T03:44:54.314+0000] GC(695) ParOldGen: 1813592K(2796544K)->2189152K(2796544K)
[2025-08-01T03:44:54.314+0000] GC(695) Metaspace: 10662K(10880K)->10662K(10880K) NonClass: 9396K(9536K)->9396K(9536K) Class: 1265K(1344K)->1265K(1344K)
[2025-08-01T03:44:54.314+0000] GC(695) Pause Young (Allocation Failure) 2681M->2530M(3641M) 133.250ms
[2025-08-01T03:44:54.314+0000] GC(695) User=0.97s Sys=0.03s Real=0.14s
[2025-08-01T03:44:54.410+0000] GC(696) Pause Young (Allocation Failure)
[2025-08-01T03:44:54.565+0000] GC(696) PSYoungGen: 868000K(931840K)->465920K(931840K) Eden: 465920K(465920K)->0K(465920K) From: 402080K(465920K)->465920K(465920K)
[2025-08-01T03:44:54.565+0000] GC(696) ParOldGen: 2189152K(2796544K)->2621504K(2796544K)
[2025-08-01T03:44:54.565+0000] GC(696) Metaspace: 10662K(10880K)->10662K(10880K) NonClass: 9396K(9536K)->9396K(9536K) Class: 1265K(1344K)->1265K(1344K)
[2025-08-01T03:44:54.565+0000] GC(696) Pause Young (Allocation Failure) 2985M->3015M(3641M) 155.909ms
[2025-08-01T03:44:54.566+0000] GC(696) User=1.20s Sys=0.03s Real=0.16s
[2025-08-01T03:44:54.653+0000] GC(697) Pause Full (Ergonomics)
[2025-08-01T03:44:54.653+0000] GC(697) Marking Phase
[2025-08-01T03:44:54.714+0000] GC(697) Marking Phase 60.985ms
[2025-08-01T03:44:54.714+0000] GC(697) Summary Phase
[2025-08-01T03:44:54.714+0000] GC(697) Summary Phase 0.111ms
[2025-08-01T03:44:54.714+0000] GC(697) Adjust Roots
[2025-08-01T03:44:54.717+0000] GC(697) Adjust Roots 2.267ms
[2025-08-01T03:44:54.717+0000] GC(697) Compaction Phase
[2025-08-01T03:44:54.812+0000] GC(697) Compaction Phase 94.894ms
[2025-08-01T03:44:54.812+0000] GC(697) Post Compact
[2025-08-01T03:44:54.836+0000] GC(697) Post Compact 24.465ms
[2025-08-01T03:44:54.836+0000] GC(697) PSYoungGen: 931840K(931840K)->0K(931840K) Eden: 465920K(465920K)->0K(465920K) From: 465920K(465920K)->0K(465920K)
[2025-08-01T03:44:54.836+0000] GC(697) ParOldGen: 2621504K(2796544K)->550892K(2796544K)
[2025-08-01T03:44:54.836+0000] GC(697) Metaspace: 10662K(10880K)->10662K(10880K) NonClass: 9396K(9536K)->9396K(9536K) Class: 1265K(1344K)->1265K(1344K)
[2025-08-01T03:44:54.836+0000] GC(697) Pause Full (Ergonomics) 3470M->537M(3641M) 183.295ms
[2025-08-01T03:44:54.837+0000] GC(697) User=1.17s Sys=0.05s Real=0.18s
[2025-08-01T03:44:54.925+0000] GC(698) Pause Young (Allocation Failure)
[2025-08-01T03:44:55.040+0000] GC(698) PSYoungGen: 465920K(931840K)->465920K(931840K) Eden: 465920K(465920K)->0K(465920K) From: 0K(465920K)->465920K(465920K)
[2025-08-01T03:44:55.040+0000] GC(698) ParOldGen: 550892K(2796544K)->556732K(2796544K)
[2025-08-01T03:44:55.040+0000] GC(698) Metaspace: 10662K(10880K)->10662K(10880K) NonClass: 9396K(9536K)->9396K(9536K) Class: 1265K(1344K)->1265K(1344K)
[2025-08-01T03:44:55.040+0000] GC(698) Pause Young (Allocation Failure) 992M->998M(3641M) 114.561ms
[2025-08-01T03:44:55.040+0000] GC(698) User=0.84s Sys=0.03s Real=0.11s
[2025-08-01T03:44:55.131+0000] GC(699) Pause Young (Allocation Failure)
[2025-08-01T03:44:55.320+0000] GC(699) PSYoungGen: 931840K(931840K)->408896K(931840K) Eden: 465920K(465920K)->0K(465920K) From: 465920K(465920K)->408896K(465920K)
[2025-08-01T03:44:55.320+0000] GC(699) ParOldGen: 556732K(2796544K)->920532K(2796544K)
[2025-08-01T03:44:55.320+0000] GC(699) Metaspace: 10662K(10880K)->10662K(10880K) NonClass: 9396K(9536K)->9396K(9536K) Class: 1265K(1344K)->1265K(1344K)
[2025-08-01T03:44:55.321+0000] GC(699) Pause Young (Allocation Failure) 1453M->1298M(3641M) 189.093ms
[2025-08-01T03:44:55.321+0000] GC(699) User=1.45s Sys=0.02s Real=0.19s
[2025-08-01T03:44:55.411+0000] GC(700) Pause Young (Allocation Failure)
[2025-08-01T03:44:55.557+0000] GC(700) PSYoungGen: 874816K(931840K)->465920K(931840K) Eden: 465920K(465920K)->0K(465920K) From: 408896K(465920K)->465920K(465920K)
[2025-08-01T03:44:55.557+0000] GC(700) ParOldGen: 920532K(2796544K)->1362748K(2796544K)
[2025-08-01T03:44:55.557+0000] GC(700) Metaspace: 10662K(10880K)->10662K(10880K) NonClass: 9396K(9536K)->9396K(9536K) Class: 1265K(1344K)->1265K(1344K)
[2025-08-01T03:44:55.557+0000] GC(700) Pause Young (Allocation Failure) 1753M->1785M(3641M) 145.421ms
[2025-08-01T03:44:55.557+0000] GC(700) User=1.13s Sys=0.01s Real=0.15s
[2025-08-01T03:44:55.653+0000] GC(701) Pause Young (Allocation Failure)
[2025-08-01T03:44:55.783+0000] GC(701) PSYoungGen: 931840K(931840K)->384416K(931840K) Eden: 465920K(465920K)->0K(465920K) From: 465920K(465920K)->384416K(465920K)
[2025-08-01T03:44:55.783+0000] GC(701) ParOldGen: 1362748K(2796544K)->1469316K(2796544K)
[2025-08-01T03:44:55.783+0000] GC(701) Metaspace: 10662K(10880K)->10662K(10880K) NonClass: 9396K(9536K)->9396K(9536K) Class: 1265K(1344K)->1265K(1344K)
[2025-08-01T03:44:55.783+0000] GC(701) Pause Young (Allocation Failure) 2240M->1810M(3641M) 129.797ms
[2025-08-01T03:44:55.783+0000] GC(701) User=0.94s Sys=0.06s Real=0.13s
[2025-08-01T03:44:55.875+0000] GC(702) Pause Young (Allocation Failure)
[2025-08-01T03:44:56.027+0000] GC(702) PSYoungGen: 850336K(931840K)->465920K(931840K) Eden: 465920K(465920K)->0K(465920K) From: 384416K(465920K)->465920K(465920K)
[2025-08-01T03:44:56.027+0000] GC(702) ParOldGen: 1469316K(2796544K)->1883964K(2796544K)
[2025-08-01T03:44:56.027+0000] GC(702) Metaspace: 10662K(10880K)->10662K(10880K) NonClass: 9396K(9536K)->9396K(9536K) Class: 1265K(1344K)->1265K(1344K)
[2025-08-01T03:44:56.027+0000] GC(702) Pause Young (Allocation Failure) 2265M->2294M(3641M) 151.628ms
[2025-08-01T03:44:56.027+0000] GC(702) User=1.15s Sys=0.02s Real=0.15s
[2025-08-01T03:44:56.114+0000] GC(703) Pause Young (Allocation Failure)
[2025-08-01T03:44:56.241+0000] GC(703) PSYoungGen: 931840K(931840K)->377664K(931840K) Eden: 465920K(465920K)->0K(465920K) From: 465920K(465920K)->377664K(465920K)
[2025-08-01T03:44:56.241+0000] GC(703) ParOldGen: 1883964K(2796544K)->2267196K(2796544K)
[2025-08-01T03:44:56.241+0000] GC(703) Metaspace: 10662K(10880K)->10662K(10880K) NonClass: 9396K(9536K)->9396K(9536K) Class: 1265K(1344K)->1265K(1344K)
[2025-08-01T03:44:56.241+0000] GC(703) Pause Young (Allocation Failure) 2749M->2582M(3641M) 126.764ms
[2025-08-01T03:44:56.241+0000] GC(703) User=0.99s Sys=0.00s Real=0.12s
[2025-08-01T03:44:56.331+0000] GC(704) Pause Full (Ergonomics)
[2025-08-01T03:44:56.331+0000] GC(704) Marking Phase
[2025-08-01T03:44:56.414+0000] GC(704) Marking Phase 82.206ms
[2025-08-01T03:44:56.414+0000] GC(704) Summary Phase
[2025-08-01T03:44:56.414+0000] GC(704) Summary Phase 0.104ms
[2025-08-01T03:44:56.414+0000] GC(704) Adjust Roots
[2025-08-01T03:44:56.415+0000] GC(704) Adjust Roots 1.344ms
[2025-08-01T03:44:56.415+0000] GC(704) Compaction Phase
[2025-08-01T03:44:56.569+0000] GC(704) Compaction Phase 154.143ms
[2025-08-01T03:44:56.569+0000] GC(704) Post Compact
[2025-08-01T03:44:56.589+0000] GC(704) Post Compact 19.954ms
[2025-08-01T03:44:56.589+0000] GC(704) PSYoungGen: 843584K(931840K)->0K(931840K) Eden: 465920K(465920K)->0K(465920K) From: 377664K(465920K)->0K(465920K)
[2025-08-01T03:44:56.589+0000] GC(704) ParOldGen: 2267196K(2796544K)->1031413K(2796544K)
[2025-08-01T03:44:56.589+0000] GC(704) Metaspace: 10662K(10880K)->10662K(10880K) NonClass: 9396K(9536K)->9396K(9536K) Class: 1265K(1344K)->1265K(1344K)
[2025-08-01T03:44:56.589+0000] GC(704) Pause Full (Ergonomics) 3037M->1007M(3641M) 258.178ms
[2025-08-01T03:44:56.590+0000] GC(704) User=1.80s Sys=0.02s Real=0.26s
[2025-08-01T03:44:56.681+0000] GC(705) Pause Young (Allocation Failure)
[2025-08-01T03:44:56.746+0000] GC(705) PSYoungGen: 465920K(931840K)->360736K(931840K) Eden: 465920K(465920K)->0K(465920K) From: 0K(465920K)->360736K(465920K)
[2025-08-01T03:44:56.746+0000] GC(705) ParOldGen: 1031413K(2796544K)->1031413K(2796544K)
[2025-08-01T03:44:56.746+0000] GC(705) Metaspace: 10662K(10880K)->10662K(10880K) NonClass: 9396K(9536K)->9396K(9536K) Class: 1265K(1344K)->1265K(1344K)
[2025-08-01T03:44:56.746+0000] GC(705) Pause Young (Allocation Failure) 1462M->1359M(3641M) 64.705ms
[2025-08-01T03:44:56.746+0000] GC(705) User=0.48s Sys=0.02s Real=0.07s
[2025-08-01T03:44:56.836+0000] GC(706) Pause Young (Allocation Failure)
[2025-08-01T03:44:56.977+0000] GC(706) PSYoungGen: 826656K(931840K)->465920K(931840K) Eden: 465920K(465920K)->0K(465920K) From: 360736K(465920K)->465920K(465920K)
[2025-08-01T03:44:56.977+0000] GC(706) ParOldGen: 1031413K(2796544K)->1420557K(2796544K)
[2025-08-01T03:44:56.977+0000] GC(706) Metaspace: 10662K(10880K)->10662K(10880K) NonClass: 9396K(9536K)->9396K(9536K) Class: 1265K(1344K)->1265K(1344K)
[2025-08-01T03:44:56.977+0000] GC(706) Pause Young (Allocation Failure) 1814M->1842M(3641M) 140.995ms
[2025-08-01T03:44:56.977+0000] GC(706) User=1.07s Sys=0.02s Real=0.14s
[2025-08-01T03:44:57.068+0000] GC(707) Pause Young (Allocation Failure)
[2025-08-01T03:44:57.210+0000] GC(707) PSYoungGen: 931840K(931840K)->421280K(931840K) Eden: 465920K(465920K)->0K(465920K) From: 465920K(465920K)->421280K(465920K)
[2025-08-01T03:44:57.210+0000] GC(707) ParOldGen: 1420557K(2796544K)->1776653K(2796544K)
[2025-08-01T03:44:57.210+0000] GC(707) Metaspace: 10662K(10880K)->10662K(10880K) NonClass: 9396K(9536K)->9396K(9536K) Class: 1265K(1344K)->1265K(1344K)
[2025-08-01T03:44:57.210+0000] GC(707) Pause Young (Allocation Failure) 2297M->2146M(3641M) 141.760ms
[2025-08-01T03:44:57.210+0000] GC(707) User=1.07s Sys=0.03s Real=0.14s
[2025-08-01T03:44:57.295+0000] GC(708) Pause Young (Allocation Failure)
[2025-08-01T03:44:57.429+0000] GC(708) PSYoungGen: 887200K(931840K)->378240K(931840K) Eden: 465920K(465920K)->0K(465920K) From: 421280K(465920K)->378240K(465920K)
[2025-08-01T03:44:57.429+0000] GC(708) ParOldGen: 1776653K(2796544K)->2103053K(2796544K)
[2025-08-01T03:44:57.429+0000] GC(708) Metaspace: 10662K(10880K)->10662K(10880K) NonClass: 9396K(9536K)->9396K(9536K) Class: 1265K(1344K)->1265K(1344K)
[2025-08-01T03:44:57.429+0000] GC(708) Pause Young (Allocation Failure) 2601M->2423M(3641M) 133.543ms
[2025-08-01T03:44:57.429+0000] GC(708) User=0.99s Sys=0.05s Real=0.13s
[2025-08-01T03:44:57.522+0000] GC(709) Pause Young (Allocation Failure)
[2025-08-01T03:44:57.667+0000] GC(709) PSYoungGen: 844160K(931840K)->345344K(931840K) Eden: 465920K(465920K)->0K(465920K) From: 378240K(465920K)->345344K(465920K)
[2025-08-01T03:44:57.667+0000] GC(709) ParOldGen: 2103053K(2796544K)->2239893K(2796544K)
[2025-08-01T03:44:57.667+0000] GC(709) Metaspace: 10662K(10880K)->10662K(10880K) NonClass: 9396K(9536K)->9396K(9536K) Class: 1265K(1344K)->1265K(1344K)
[2025-08-01T03:44:57.667+0000] GC(709) Pause Young (Allocation Failure) 2878M->2524M(3641M) 145.294ms
[2025-08-01T03:44:57.667+0000] GC(709) User=1.04s Sys=0.07s Real=0.15s
[2025-08-01T03:44:57.766+0000] GC(710) Pause Full (Ergonomics)
[2025-08-01T03:44:57.766+0000] GC(710) Marking Phase
[2025-08-01T03:44:57.836+0000] GC(710) Marking Phase 70.168ms
[2025-08-01T03:44:57.836+0000] GC(710) Summary Phase
[2025-08-01T03:44:57.836+0000] GC(710) Summary Phase 0.097ms
[2025-08-01T03:44:57.836+0000] GC(710) Adjust Roots
[2025-08-01T03:44:57.838+0000] GC(710) Adjust Roots 1.917ms
[2025-08-01T03:44:57.838+0000] GC(710) Compaction Phase
[2025-08-01T03:44:57.995+0000] GC(710) Compaction Phase 156.908ms
[2025-08-01T03:44:57.995+0000] GC(710) Post Compact
[2025-08-01T03:44:58.016+0000] GC(710) Post Compact 20.618ms
[2025-08-01T03:44:58.016+0000] GC(710) PSYoungGen: 811264K(931840K)->0K(931840K) Eden: 465920K(465920K)->0K(465920K) From: 345344K(465920K)->0K(465920K)
[2025-08-01T03:44:58.016+0000] GC(710) ParOldGen: 2239893K(2796544K)->1044991K(2796544K)
[2025-08-01T03:44:58.016+0000] GC(710) Metaspace: 10662K(10880K)->10662K(10880K) NonClass: 9396K(9536K)->9396K(9536K) Class: 1265K(1344K)->1265K(1344K)
[2025-08-01T03:44:58.016+0000] GC(710) Pause Full (Ergonomics) 2979M->1020M(3641M) 250.084ms
[2025-08-01T03:44:58.016+0000] GC(710) User=1.76s Sys=0.01s Real=0.25s
[2025-08-01T03:44:58.114+0000] GC(711) Pause Young (Allocation Failure)
[2025-08-01T03:44:58.257+0000] GC(711) PSYoungGen: 465920K(931840K)->436544K(931840K) Eden: 465920K(465920K)->0K(465920K) From: 0K(465920K)->436544K(465920K)
[2025-08-01T03:44:58.257+0000] GC(711) ParOldGen: 1044991K(2796544K)->1044991K(2796544K)
[2025-08-01T03:44:58.257+0000] GC(711) Metaspace: 10662K(10880K)->10662K(10880K) NonClass: 9396K(9536K)->9396K(9536K) Class: 1265K(1344K)->1265K(1344K)
[2025-08-01T03:44:58.257+0000] GC(711) Pause Young (Allocation Failure) 1475M->1446M(3641M) 143.545ms
[2025-08-01T03:44:58.257+0000] GC(711) User=1.06s Sys=0.05s Real=0.14s
[2025-08-01T03:44:58.359+0000] GC(712) Pause Young (Allocation Failure)
[2025-08-01T03:44:58.514+0000] GC(712) PSYoungGen: 902464K(931840K)->222496K(931840K) Eden: 465920K(465920K)->0K(465920K) From: 436544K(465920K)->222496K(465920K)
[2025-08-01T03:44:58.514+0000] GC(712) ParOldGen: 1044991K(2796544K)->1244695K(2796544K)
[2025-08-01T03:44:58.514+0000] GC(712) Metaspace: 10662K(10880K)->10662K(10880K) NonClass: 9396K(9536K)->9396K(9536K) Class: 1265K(1344K)->1265K(1344K)
[2025-08-01T03:44:58.514+0000] GC(712) Pause Young (Allocation Failure) 1901M->1432M(3641M) 155.017ms
[2025-08-01T03:44:58.514+0000] GC(712) User=1.09s Sys=0.07s Real=0.16s
[2025-08-01T03:44:58.621+0000] GC(713) Pause Young (Allocation Failure)
[2025-08-01T03:44:58.721+0000] GC(713) PSYoungGen: 688416K(931840K)->375776K(931840K) Eden: 465920K(465920K)->0K(465920K) From: 222496K(465920K)->375776K(465920K)
[2025-08-01T03:44:58.721+0000] GC(713) ParOldGen: 1244695K(2796544K)->1360047K(2796544K)
[2025-08-01T03:44:58.721+0000] GC(713) Metaspace: 10662K(10880K)->10662K(10880K) NonClass: 9396K(9536K)->9396K(9536K) Class: 1265K(1344K)->1265K(1344K)
[2025-08-01T03:44:58.721+0000] GC(713) Pause Young (Allocation Failure) 1887M->1695M(3641M) 99.777ms
[2025-08-01T03:44:58.721+0000] GC(713) User=0.69s Sys=0.04s Real=0.10s
[2025-08-01T03:44:58.819+0000] GC(714) Pause Young (Allocation Failure)
[2025-08-01T03:44:59.025+0000] GC(714) PSYoungGen: 841696K(931840K)->465920K(931840K) Eden: 465920K(465920K)->0K(465920K) From: 375776K(465920K)->465920K(465920K)
[2025-08-01T03:44:59.025+0000] GC(714) ParOldGen: 1360047K(2796544K)->1763055K(2796544K)
[2025-08-01T03:44:59.025+0000] GC(714) Metaspace: 10662K(10880K)->10662K(10880K) NonClass: 9396K(9536K)->9396K(9536K) Class: 1265K(1344K)->1265K(1344K)
[2025-08-01T03:44:59.025+0000] GC(714) Pause Young (Allocation Failure) 2150M->2176M(3641M) 206.321ms
[2025-08-01T03:44:59.025+0000] GC(714) User=1.43s Sys=0.10s Real=0.21s
[2025-08-01T03:44:59.120+0000] GC(715) Pause Young (Allocation Failure)
[2025-08-01T03:44:59.284+0000] GC(715) PSYoungGen: 931840K(931840K)->425408K(931840K) Eden: 465920K(465920K)->0K(465920K) From: 465920K(465920K)->425408K(465920K)
[2025-08-01T03:44:59.284+0000] GC(715) ParOldGen: 1763055K(2796544K)->2131303K(2796544K)
[2025-08-01T03:44:59.284+0000] GC(715) Metaspace: 10662K(10880K)->10662K(10880K) NonClass: 9396K(9536K)->9396K(9536K) Class: 1265K(1344K)->1265K(1344K)
[2025-08-01T03:44:59.284+0000] GC(715) Pause Young (Allocation Failure) 2631M->2496M(3641M) 164.033ms
[2025-08-01T03:44:59.284+0000] GC(715) User=1.26s Sys=0.02s Real=0.17s
[2025-08-01T03:44:59.429+0000] GC(716) Pause Young (Allocation Failure)
[2025-08-01T03:44:59.584+0000] GC(716) PSYoungGen: 891328K(931840K)->229792K(931840K) Eden: 465920K(465920K)->0K(465920K) From: 425408K(465920K)->229792K(465920K)
[2025-08-01T03:44:59.584+0000] GC(716) ParOldGen: 2131303K(2796544K)->2345775K(2796544K)
[2025-08-01T03:44:59.584+0000] GC(716) Metaspace: 10662K(10880K)->10662K(10880K) NonClass: 9396K(9536K)->9396K(9536K) Class: 1265K(1344K)->1265K(1344K)
[2025-08-01T03:44:59.584+0000] GC(716) Pause Young (Allocation Failure) 2951M->2515M(3641M) 155.065ms
[2025-08-01T03:44:59.584+0000] GC(716) User=1.11s Sys=0.05s Real=0.16s
[2025-08-01T03:44:59.676+0000] GC(717) Pause Full (Ergonomics)
[2025-08-01T03:44:59.676+0000] GC(717) Marking Phase
[2025-08-01T03:44:59.726+0000] GC(717) Marking Phase 50.118ms
[2025-08-01T03:44:59.726+0000] GC(717) Summary Phase
[2025-08-01T03:44:59.727+0000] GC(717) Summary Phase 0.099ms
[2025-08-01T03:44:59.727+0000] GC(717) Adjust Roots
[2025-08-01T03:44:59.729+0000] GC(717) Adjust Roots 2.261ms
[2025-08-01T03:44:59.729+0000] GC(717) Compaction Phase
[2025-08-01T03:44:59.815+0000] GC(717) Compaction Phase 86.189ms
[2025-08-01T03:44:59.815+0000] GC(717) Post Compact
[2025-08-01T03:44:59.835+0000] GC(717) Post Compact 20.196ms
[2025-08-01T03:44:59.835+0000] GC(717) PSYoungGen: 695712K(931840K)->0K(931840K) Eden: 465920K(465920K)->0K(465920K) From: 229792K(465920K)->0K(465920K)
[2025-08-01T03:44:59.835+0000] GC(717) ParOldGen: 2345775K(2796544K)->591183K(2796544K)
[2025-08-01T03:44:59.835+0000] GC(717) Metaspace: 10662K(10880K)->10662K(10880K) NonClass: 9396K(9536K)->9396K(9536K) Class: 1265K(1344K)->1265K(1344K)
[2025-08-01T03:44:59.835+0000] GC(717) Pause Full (Ergonomics) 2970M->577M(3641M) 159.311ms
[2025-08-01T03:44:59.836+0000] GC(717) User=1.04s Sys=0.01s Real=0.16s
[2025-08-01T03:44:59.930+0000] GC(718) Pause Young (Allocation Failure)
[2025-08-01T03:45:00.071+0000] GC(718) PSYoungGen: 465920K(931840K)->465920K(931840K) Eden: 465920K(465920K)->0K(465920K) From: 0K(465920K)->465920K(465920K)
[2025-08-01T03:45:00.071+0000] GC(718) ParOldGen: 591183K(2796544K)->598807K(2796544K)
[2025-08-01T03:45:00.071+0000] GC(718) Metaspace: 10662K(10880K)->10662K(10880K) NonClass: 9396K(9536K)->9396K(9536K) Class: 1265K(1344K)->1265K(1344K)
[2025-08-01T03:45:00.071+0000] GC(718) Pause Young (Allocation Failure) 1032M->1039M(3641M) 140.898ms
[2025-08-01T03:45:00.071+0000] GC(718) User=1.06s Sys=0.03s Real=0.14s
[2025-08-01T03:45:00.163+0000] GC(719) Pause Young (Allocation Failure)
[2025-08-01T03:45:00.326+0000] GC(719) PSYoungGen: 931840K(931840K)->417728K(931840K) Eden: 465920K(465920K)->0K(465920K) From: 465920K(465920K)->417728K(465920K)
[2025-08-01T03:45:00.326+0000] GC(719) ParOldGen: 598807K(2796544K)->976959K(2796544K)
[2025-08-01T03:45:00.326+0000] GC(719) Metaspace: 10662K(10880K)->10662K(10880K) NonClass: 9396K(9536K)->9396K(9536K) Class: 1265K(1344K)->1265K(1344K)
[2025-08-01T03:45:00.326+0000] GC(719) Pause Young (Allocation Failure) 1494M->1361M(3641M) 162.820ms
[2025-08-01T03:45:00.326+0000] GC(719) User=1.29s Sys=0.00s Real=0.16s
[2025-08-01T03:45:00.417+0000] GC(720) Pause Young (Allocation Failure)
[2025-08-01T03:45:00.521+0000] GC(720) PSYoungGen: 883648K(931840K)->257824K(931840K) Eden: 465920K(465920K)->0K(465920K) From: 417728K(465920K)->257824K(465920K)
[2025-08-01T03:45:00.521+0000] GC(720) ParOldGen: 976959K(2796544K)->1168063K(2796544K)
[2025-08-01T03:45:00.521+0000] GC(720) Metaspace: 10662K(10880K)->10662K(10880K) NonClass: 9396K(9536K)->9396K(9536K) Class: 1265K(1344K)->1265K(1344K)
[2025-08-01T03:45:00.521+0000] GC(720) Pause Young (Allocation Failure) 1816M->1392M(3641M) 104.254ms
[2025-08-01T03:45:00.521+0000] GC(720) User=0.73s Sys=0.05s Real=0.10s
[2025-08-01T03:45:00.605+0000] GC(721) Pause Young (Allocation Failure)
[2025-08-01T03:45:00.706+0000] GC(721) PSYoungGen: 723744K(931840K)->364960K(931840K) Eden: 465920K(465920K)->0K(465920K) From: 257824K(465920K)->364960K(465920K)
[2025-08-01T03:45:00.706+0000] GC(721) ParOldGen: 1168063K(2796544K)->1326335K(2796544K)
[2025-08-01T03:45:00.706+0000] GC(721) Metaspace: 10662K(10880K)->10662K(10880K) NonClass: 9396K(9536K)->9396K(9536K) Class: 1265K(1344K)->1265K(1344K)
[2025-08-01T03:45:00.706+0000] GC(721) Pause Young (Allocation Failure) 1847M->1651M(3641M) 100.327ms
[2025-08-01T03:45:00.706+0000] GC(721) User=0.67s Sys=0.05s Real=0.10s
[2025-08-01T03:45:00.792+0000] GC(722) Pause Young (Allocation Failure)
[2025-08-01T03:45:01.030+0000] GC(722) PSYoungGen: 830880K(931840K)->465920K(931840K) Eden: 465920K(465920K)->0K(465920K) From: 364960K(465920K)->465920K(465920K)
[2025-08-01T03:45:01.030+0000] GC(722) ParOldGen: 1326335K(2796544K)->1721343K(2796544K)
[2025-08-01T03:45:01.030+0000] GC(722) Metaspace: 10662K(10880K)->10662K(10880K) NonClass: 9396K(9536K)->9396K(9536K) Class: 1265K(1344K)->1265K(1344K)
[2025-08-01T03:45:01.030+0000] GC(722) Pause Young (Allocation Failure) 2106M->2135M(3641M) 237.729ms
[2025-08-01T03:45:01.030+0000] GC(722) User=1.82s Sys=0.05s Real=0.24s
[2025-08-01T03:45:01.124+0000] GC(723) Pause Young (Allocation Failure)
[2025-08-01T03:45:01.289+0000] GC(723) PSYoungGen: 931840K(931840K)->402656K(931840K) Eden: 465920K(465920K)->0K(465920K) From: 465920K(465920K)->402656K(465920K)
[2025-08-01T03:45:01.289+0000] GC(723) ParOldGen: 1721343K(2796544K)->2091951K(2796544K)
[2025-08-01T03:45:01.289+0000] GC(723) Metaspace: 10662K(10880K)->10662K(10880K) NonClass: 9396K(9536K)->9396K(9536K) Class: 1265K(1344K)->1265K(1344K)
[2025-08-01T03:45:01.289+0000] GC(723) Pause Young (Allocation Failure) 2590M->2436M(3641M) 165.454ms
[2025-08-01T03:45:01.289+0000] GC(723) User=1.04s Sys=0.09s Real=0.16s
[2025-08-01T03:45:01.376+0000] GC(724) Pause Young (Allocation Failure)
[2025-08-01T03:45:01.487+0000] GC(724) PSYoungGen: 868576K(931840K)->314144K(931840K) Eden: 465920K(465920K)->0K(465920K) From: 402656K(465920K)->314144K(465920K)
[2025-08-01T03:45:01.487+0000] GC(724) ParOldGen: 2091951K(2796544K)->2257647K(2796544K)
[2025-08-01T03:45:01.487+0000] GC(724) Metaspace: 10662K(10880K)->10662K(10880K) NonClass: 9396K(9536K)->9396K(9536K) Class: 1265K(1344K)->1265K(1344K)
[2025-08-01T03:45:01.487+0000] GC(724) Pause Young (Allocation Failure) 2891M->2511M(3641M) 111.390ms
[2025-08-01T03:45:01.488+0000] GC(724) User=0.83s Sys=0.02s Real=0.11s
[2025-08-01T03:45:01.575+0000] GC(725) Pause Full (Ergonomics)
[2025-08-01T03:45:01.575+0000] GC(725) Marking Phase
[2025-08-01T03:45:01.694+0000] GC(725) Marking Phase 119.630ms
[2025-08-01T03:45:01.694+0000] GC(725) Summary Phase
[2025-08-01T03:45:01.695+0000] GC(725) Summary Phase 0.134ms
[2025-08-01T03:45:01.695+0000] GC(725) Adjust Roots
[2025-08-01T03:45:01.698+0000] GC(725) Adjust Roots 3.798ms
[2025-08-01T03:45:01.698+0000] GC(725) Compaction Phase
[2025-08-01T03:45:01.876+0000] GC(725) Compaction Phase 177.882ms
[2025-08-01T03:45:01.876+0000] GC(725) Post Compact
[2025-08-01T03:45:01.895+0000] GC(725) Post Compact 18.224ms
[2025-08-01T03:45:01.895+0000] GC(725) PSYoungGen: 780064K(931840K)->0K(931840K) Eden: 465920K(465920K)->0K(465920K) From: 314144K(465920K)->0K(465920K)
[2025-08-01T03:45:01.895+0000] GC(725) ParOldGen: 2257647K(2796544K)->1071860K(2796544K)
[2025-08-01T03:45:01.895+0000] GC(725) Metaspace: 10662K(10880K)->10662K(10880K) NonClass: 9396K(9536K)->9396K(9536K) Class: 1265K(1344K)->1265K(1344K)
[2025-08-01T03:45:01.895+0000] GC(725) Pause Full (Ergonomics) 2966M->1046M(3641M) 320.100ms
[2025-08-01T03:45:01.895+0000] GC(725) User=2.22s Sys=0.03s Real=0.32s
[2025-08-01T03:45:02.036+0000] GC(726) Pause Young (Allocation Failure)
[2025-08-01T03:45:02.172+0000] GC(726) PSYoungGen: 465920K(931840K)->462432K(931840K) Eden: 465920K(465920K)->0K(465920K) From: 0K(465920K)->462432K(465920K)
[2025-08-01T03:45:02.172+0000] GC(726) ParOldGen: 1071860K(2796544K)->1071860K(2796544K)
[2025-08-01T03:45:02.172+0000] GC(726) Metaspace: 10662K(10880K)->10662K(10880K) NonClass: 9396K(9536K)->9396K(9536K) Class: 1265K(1344K)->1265K(1344K)
[2025-08-01T03:45:02.172+0000] GC(726) Pause Young (Allocation Failure) 1501M->1498M(3641M) 135.677ms
[2025-08-01T03:45:02.172+0000] GC(726) User=0.98s Sys=0.03s Real=0.13s
[2025-08-01T03:45:02.266+0000] GC(727) Pause Young (Allocation Failure)
[2025-08-01T03:45:02.454+0000] GC(727) PSYoungGen: 928352K(931840K)->381440K(931840K) Eden: 465920K(465920K)->0K(465920K) From: 462432K(465920K)->381440K(465920K)
[2025-08-01T03:45:02.454+0000] GC(727) ParOldGen: 1071860K(2796544K)->1453180K(2796544K)
[2025-08-01T03:45:02.454+0000] GC(727) Metaspace: 10662K(10880K)->10662K(10880K) NonClass: 9396K(9536K)->9396K(9536K) Class: 1265K(1344K)->1265K(1344K)
[2025-08-01T03:45:02.454+0000] GC(727) Pause Young (Allocation Failure) 1953M->1791M(3641M) 187.816ms
[2025-08-01T03:45:02.454+0000] GC(727) User=1.43s Sys=0.04s Real=0.19s
[2025-08-01T03:45:02.544+0000] GC(728) Pause Young (Allocation Failure)
[2025-08-01T03:45:02.687+0000] GC(728) PSYoungGen: 847360K(931840K)->340736K(931840K) Eden: 465920K(465920K)->0K(465920K) From: 381440K(465920K)->340736K(465920K)
[2025-08-01T03:45:02.687+0000] GC(728) ParOldGen: 1453180K(2796544K)->1606276K(2796544K)
[2025-08-01T03:45:02.687+0000] GC(728) Metaspace: 10662K(10880K)->10662K(10880K) NonClass: 9396K(9536K)->9396K(9536K) Class: 1265K(1344K)->1265K(1344K)
[2025-08-01T03:45:02.687+0000] GC(728) Pause Young (Allocation Failure) 2246M->1901M(3641M) 143.476ms
[2025-08-01T03:45:02.687+0000] GC(728) User=1.03s Sys=0.05s Real=0.14s
[2025-08-01T03:45:02.788+0000] GC(729) Pause Young (Allocation Failure)
[2025-08-01T03:45:02.914+0000] GC(729) PSYoungGen: 806656K(931840K)->355552K(931840K) Eden: 465920K(465920K)->0K(465920K) From: 340736K(465920K)->355552K(465920K)
[2025-08-01T03:45:02.914+0000] GC(729) ParOldGen: 1606276K(2796544K)->1836700K(2796544K)
[2025-08-01T03:45:02.914+0000] GC(729) Metaspace: 10662K(10880K)->10662K(10880K) NonClass: 9396K(9536K)->9396K(9536K) Class: 1265K(1344K)->1265K(1344K)
[2025-08-01T03:45:02.914+0000] GC(729) Pause Young (Allocation Failure) 2356M->2140M(3641M) 126.613ms
[2025-08-01T03:45:02.914+0000] GC(729) User=0.87s Sys=0.06s Real=0.13s
[2025-08-01T03:45:03.002+0000] GC(730) Pause Young (Allocation Failure)
[2025-08-01T03:45:03.164+0000] GC(730) PSYoungGen: 821472K(931840K)->465920K(931840K) Eden: 465920K(465920K)->0K(465920K) From: 355552K(465920K)->465920K(465920K)
[2025-08-01T03:45:03.164+0000] GC(730) ParOldGen: 1836700K(2796544K)->2219180K(2796544K)
[2025-08-01T03:45:03.164+0000] GC(730) Metaspace: 10662K(10880K)->10662K(10880K) NonClass: 9396K(9536K)->9396K(9536K) Class: 1265K(1344K)->1265K(1344K)
[2025-08-01T03:45:03.164+0000] GC(730) Pause Young (Allocation Failure) 2595M->2622M(3641M) 161.792ms
[2025-08-01T03:45:03.164+0000] GC(730) User=1.21s Sys=0.06s Real=0.17s
[2025-08-01T03:45:03.249+0000] GC(731) Pause Young (Allocation Failure)
[2025-08-01T03:45:03.384+0000] GC(731) PSYoungGen: 931840K(931840K)->377504K(931840K) Eden: 465920K(465920K)->0K(465920K) From: 465920K(465920K)->377504K(465920K)
[2025-08-01T03:45:03.384+0000] GC(731) ParOldGen: 2219180K(2796544K)->2592716K(2796544K)
[2025-08-01T03:45:03.384+0000] GC(731) Metaspace: 10662K(10880K)->10662K(10880K) NonClass: 9396K(9536K)->9396K(9536K) Class: 1265K(1344K)->1265K(1344K)
[2025-08-01T03:45:03.384+0000] GC(731) Pause Young (Allocation Failure) 3077M->2900M(3641M) 134.462ms
[2025-08-01T03:45:03.384+0000] GC(731) User=1.02s Sys=0.02s Real=0.14s
[2025-08-01T03:45:03.468+0000] GC(732) Pause Full (Ergonomics)
[2025-08-01T03:45:03.468+0000] GC(732) Marking Phase
[2025-08-01T03:45:03.525+0000] GC(732) Marking Phase 56.771ms
[2025-08-01T03:45:03.525+0000] GC(732) Summary Phase
[2025-08-01T03:45:03.525+0000] GC(732) Summary Phase 0.102ms
[2025-08-01T03:45:03.525+0000] GC(732) Adjust Roots
[2025-08-01T03:45:03.527+0000] GC(732) Adjust Roots 1.743ms
[2025-08-01T03:45:03.527+0000] GC(732) Compaction Phase
[2025-08-01T03:45:03.631+0000] GC(732) Compaction Phase 104.586ms
[2025-08-01T03:45:03.632+0000] GC(732) Post Compact
[2025-08-01T03:45:03.654+0000] GC(732) Post Compact 22.583ms
[2025-08-01T03:45:03.654+0000] GC(732) PSYoungGen: 843424K(931840K)->0K(931840K) Eden: 465920K(465920K)->0K(465920K) From: 377504K(465920K)->0K(465920K)
[2025-08-01T03:45:03.654+0000] GC(732) ParOldGen: 2592716K(2796544K)->625312K(2796544K)
[2025-08-01T03:45:03.654+0000] GC(732) Metaspace: 10662K(10880K)->10662K(10880K) NonClass: 9396K(9536K)->9396K(9536K) Class: 1265K(1344K)->1265K(1344K)
[2025-08-01T03:45:03.654+0000] GC(732) Pause Full (Ergonomics) 3355M->610M(3641M) 186.149ms
[2025-08-01T03:45:03.654+0000] GC(732) User=1.20s Sys=0.04s Real=0.19s
[2025-08-01T03:45:03.740+0000] GC(733) Pause Young (Allocation Failure)
[2025-08-01T03:45:03.853+0000] GC(733) PSYoungGen: 465920K(931840K)->377536K(931840K) Eden: 465920K(465920K)->0K(465920K) From: 0K(465920K)->377536K(465920K)
[2025-08-01T03:45:03.854+0000] GC(733) ParOldGen: 625312K(2796544K)->625312K(2796544K)
[2025-08-01T03:45:03.854+0000] GC(733) Metaspace: 10662K(10880K)->10662K(10880K) NonClass: 9396K(9536K)->9396K(9536K) Class: 1265K(1344K)->1265K(1344K)
[2025-08-01T03:45:03.854+0000] GC(733) Pause Young (Allocation Failure) 1065M->979M(3641M) 113.859ms
[2025-08-01T03:45:03.854+0000] GC(733) User=0.83s Sys=0.05s Real=0.12s
[2025-08-01T03:45:03.961+0000] GC(734) Pause Young (Allocation Failure)
[2025-08-01T03:45:04.121+0000] GC(734) PSYoungGen: 843456K(931840K)->465920K(931840K) Eden: 465920K(465920K)->0K(465920K) From: 377536K(465920K)->465920K(465920K)
[2025-08-01T03:45:04.121+0000] GC(734) ParOldGen: 625312K(2796544K)->1034552K(2796544K)
[2025-08-01T03:45:04.121+0000] GC(734) Metaspace: 10662K(10880K)->10662K(10880K) NonClass: 9396K(9536K)->9396K(9536K) Class: 1265K(1344K)->1265K(1344K)
[2025-08-01T03:45:04.121+0000] GC(734) Pause Young (Allocation Failure) 1434M->1465M(3641M) 160.116ms
[2025-08-01T03:45:04.121+0000] GC(734) User=1.20s Sys=0.05s Real=0.16s
[2025-08-01T03:45:04.207+0000] GC(735) Pause Young (Allocation Failure)
[2025-08-01T03:45:04.336+0000] GC(735) PSYoungGen: 931840K(931840K)->367648K(931840K) Eden: 465920K(465920K)->0K(465920K) From: 465920K(465920K)->367648K(465920K)
[2025-08-01T03:45:04.336+0000] GC(735) ParOldGen: 1034552K(2796544K)->1392320K(2796544K)
[2025-08-01T03:45:04.336+0000] GC(735) Metaspace: 10662K(10880K)->10662K(10880K) NonClass: 9396K(9536K)->9396K(9536K) Class: 1265K(1344K)->1265K(1344K)
[2025-08-01T03:45:04.336+0000] GC(735) Pause Young (Allocation Failure) 1920M->1718M(3641M) 129.191ms
[2025-08-01T03:45:04.336+0000] GC(735) User=0.98s Sys=0.04s Real=0.13s
[2025-08-01T03:45:04.421+0000] GC(736) Pause Young (Allocation Failure)
[2025-08-01T03:45:04.521+0000] GC(736) PSYoungGen: 833568K(931840K)->349952K(931840K) Eden: 465920K(465920K)->0K(465920K) From: 367648K(465920K)->349952K(465920K)
[2025-08-01T03:45:04.521+0000] GC(736) ParOldGen: 1392320K(2796544K)->1520136K(2796544K)
[2025-08-01T03:45:04.521+0000] GC(736) Metaspace: 10662K(10880K)->10662K(10880K) NonClass: 9396K(9536K)->9396K(9536K) Class: 1265K(1344K)->1265K(1344K)
[2025-08-01T03:45:04.521+0000] GC(736) Pause Young (Allocation Failure) 2173M->1826M(3641M) 100.343ms
[2025-08-01T03:45:04.521+0000] GC(736) User=0.75s Sys=0.04s Real=0.10s
[2025-08-01T03:45:04.608+0000] GC(737) Pause Young (Allocation Failure)
[2025-08-01T03:45:04.736+0000] GC(737) PSYoungGen: 815872K(931840K)->379680K(931840K) Eden: 465920K(465920K)->0K(465920K) From: 349952K(465920K)->379680K(465920K)
[2025-08-01T03:45:04.736+0000] GC(737) ParOldGen: 1520136K(2796544K)->1770224K(2796544K)
[2025-08-01T03:45:04.736+0000] GC(737) Metaspace: 10662K(10880K)->10662K(10880K) NonClass: 9396K(9536K)->9396K(9536K) Class: 1265K(1344K)->1265K(1344K)
[2025-08-01T03:45:04.736+0000] GC(737) Pause Young (Allocation Failure) 2281M->2099M(3641M) 128.607ms
[2025-08-01T03:45:04.736+0000] GC(737) User=0.98s Sys=0.02s Real=0.13s
[2025-08-01T03:45:04.825+0000] GC(738) Pause Young (Allocation Failure)
[2025-08-01T03:45:04.995+0000] GC(738) PSYoungGen: 845600K(931840K)->465920K(931840K) Eden: 465920K(465920K)->0K(465920K) From: 379680K(465920K)->465920K(465920K)
[2025-08-01T03:45:04.995+0000] GC(738) ParOldGen: 1770224K(2796544K)->2180920K(2796544K)
[2025-08-01T03:45:04.995+0000] GC(738) Metaspace: 10662K(10880K)->10662K(10880K) NonClass: 9396K(9536K)->9396K(9536K) Class: 1265K(1344K)->1265K(1344K)
[2025-08-01T03:45:04.995+0000] GC(738) Pause Young (Allocation Failure) 2554M->2584M(3641M) 169.158ms
[2025-08-01T03:45:04.995+0000] GC(738) User=1.21s Sys=0.06s Real=0.17s
[2025-08-01T03:45:05.084+0000] GC(739) Pause Young (Allocation Failure)
[2025-08-01T03:45:05.207+0000] GC(739) PSYoungGen: 931840K(931840K)->359616K(931840K) Eden: 465920K(465920K)->0K(465920K) From: 465920K(465920K)->359616K(465920K)
[2025-08-01T03:45:05.207+0000] GC(739) ParOldGen: 2180920K(2796544K)->2553368K(2796544K)
[2025-08-01T03:45:05.207+0000] GC(739) Metaspace: 10662K(10880K)->10662K(10880K) NonClass: 9396K(9536K)->9396K(9536K) Class: 1265K(1344K)->1265K(1344K)
[2025-08-01T03:45:05.207+0000] GC(739) Pause Young (Allocation Failure) 3039M->2844M(3641M) 123.391ms
[2025-08-01T03:45:05.207+0000] GC(739) User=0.93s Sys=0.03s Real=0.12s
[2025-08-01T03:45:05.291+0000] GC(740) Pause Full (Ergonomics)
[2025-08-01T03:45:05.291+0000] GC(740) Marking Phase
[2025-08-01T03:45:05.360+0000] GC(740) Marking Phase 68.961ms
[2025-08-01T03:45:05.360+0000] GC(740) Summary Phase
[2025-08-01T03:45:05.360+0000] GC(740) Summary Phase 0.139ms
[2025-08-01T03:45:05.360+0000] GC(740) Adjust Roots
[2025-08-01T03:45:05.362+0000] GC(740) Adjust Roots 1.967ms
[2025-08-01T03:45:05.362+0000] GC(740) Compaction Phase
[2025-08-01T03:45:05.473+0000] GC(740) Compaction Phase 110.931ms
[2025-08-01T03:45:05.473+0000] GC(740) Post Compact
[2025-08-01T03:45:05.496+0000] GC(740) Post Compact 22.614ms
[2025-08-01T03:45:05.496+0000] GC(740) PSYoungGen: 825536K(931840K)->0K(931840K) Eden: 465920K(465920K)->0K(465920K) From: 359616K(465920K)->0K(465920K)
[2025-08-01T03:45:05.496+0000] GC(740) ParOldGen: 2553368K(2796544K)->644792K(2796544K)
[2025-08-01T03:45:05.496+0000] GC(740) Metaspace: 10662K(10880K)->10662K(10880K) NonClass: 9396K(9536K)->9396K(9536K) Class: 1265K(1344K)->1265K(1344K)
[2025-08-01T03:45:05.496+0000] GC(740) Pause Full (Ergonomics) 3299M->629M(3641M) 205.078ms
[2025-08-01T03:45:05.496+0000] GC(740) User=1.35s Sys=0.05s Real=0.21s
[2025-08-01T03:45:05.581+0000] GC(741) Pause Young (Allocation Failure)
[2025-08-01T03:45:05.705+0000] GC(741) PSYoungGen: 465920K(931840K)->378912K(931840K) Eden: 465920K(465920K)->0K(465920K) From: 0K(465920K)->378912K(465920K)
[2025-08-01T03:45:05.705+0000] GC(741) ParOldGen: 644792K(2796544K)->644792K(2796544K)
[2025-08-01T03:45:05.705+0000] GC(741) Metaspace: 10662K(10880K)->10662K(10880K) NonClass: 9396K(9536K)->9396K(9536K) Class: 1265K(1344K)->1265K(1344K)
[2025-08-01T03:45:05.705+0000] GC(741) Pause Young (Allocation Failure) 1084M->999M(3641M) 123.237ms
[2025-08-01T03:45:05.705+0000] GC(741) User=0.91s Sys=0.04s Real=0.13s
[2025-08-01T03:45:05.796+0000] GC(742) Pause Young (Allocation Failure)
[2025-08-01T03:45:05.994+0000] GC(742) PSYoungGen: 844832K(931840K)->465920K(931840K) Eden: 465920K(465920K)->0K(465920K) From: 378912K(465920K)->465920K(465920K)
[2025-08-01T03:45:05.994+0000] GC(742) ParOldGen: 644792K(2796544K)->1052008K(2796544K)
[2025-08-01T03:45:05.994+0000] GC(742) Metaspace: 10662K(10880K)->10662K(10880K) NonClass: 9396K(9536K)->9396K(9536K) Class: 1265K(1344K)->1265K(1344K)
[2025-08-01T03:45:05.994+0000] GC(742) Pause Young (Allocation Failure) 1454M->1482M(3641M) 198.179ms
[2025-08-01T03:45:05.994+0000] GC(742) User=1.44s Sys=0.07s Real=0.20s
[2025-08-01T03:45:06.086+0000] GC(743) Pause Young (Allocation Failure)
[2025-08-01T03:45:06.224+0000] GC(743) PSYoungGen: 931840K(931840K)->364448K(931840K) Eden: 465920K(465920K)->0K(465920K) From: 465920K(465920K)->364448K(465920K)
[2025-08-01T03:45:06.224+0000] GC(743) ParOldGen: 1052008K(2796544K)->1426240K(2796544K)
[2025-08-01T03:45:06.224+0000] GC(743) Metaspace: 10662K(10880K)->10662K(10880K) NonClass: 9396K(9536K)->9396K(9536K) Class: 1265K(1344K)->1265K(1344K)
[2025-08-01T03:45:06.225+0000] GC(743) Pause Young (Allocation Failure) 1937M->1748M(3641M) 138.880ms
[2025-08-01T03:45:06.225+0000] GC(743) User=1.07s Sys=0.01s Real=0.14s
[2025-08-01T03:45:06.318+0000] GC(744) Pause Young (Allocation Failure)
[2025-08-01T03:45:06.436+0000] GC(744) PSYoungGen: 830368K(931840K)->350592K(931840K) Eden: 465920K(465920K)->0K(465920K) From: 364448K(465920K)->350592K(465920K)
[2025-08-01T03:45:06.436+0000] GC(744) ParOldGen: 1426240K(2796544K)->1549368K(2796544K)
[2025-08-01T03:45:06.436+0000] GC(744) Metaspace: 10662K(10880K)->10662K(10880K) NonClass: 9396K(9536K)->9396K(9536K) Class: 1265K(1344K)->1265K(1344K)
[2025-08-01T03:45:06.436+0000] GC(744) Pause Young (Allocation Failure) 2203M->1855M(3641M) 117.754ms
[2025-08-01T03:45:06.436+0000] GC(744) User=0.88s Sys=0.03s Real=0.12s
[2025-08-01T03:45:06.522+0000] GC(745) Pause Young (Allocation Failure)
[2025-08-01T03:45:06.674+0000] GC(745) PSYoungGen: 816512K(931840K)->378432K(931840K) Eden: 465920K(465920K)->0K(465920K) From: 350592K(465920K)->378432K(465920K)
[2025-08-01T03:45:06.675+0000] GC(745) ParOldGen: 1549368K(2796544K)->1817688K(2796544K)
[2025-08-01T03:45:06.675+0000] GC(745) Metaspace: 10662K(10880K)->10662K(10880K) NonClass: 9396K(9536K)->9396K(9536K) Class: 1265K(1344K)->1265K(1344K)
[2025-08-01T03:45:06.675+0000] GC(745) Pause Young (Allocation Failure) 2310M->2144M(3641M) 152.341ms
[2025-08-01T03:45:06.675+0000] GC(745) User=1.13s Sys=0.06s Real=0.16s
[2025-08-01T03:45:06.766+0000] GC(746) Pause Young (Allocation Failure)
[2025-08-01T03:45:06.925+0000] GC(746) PSYoungGen: 844352K(931840K)->465920K(931840K) Eden: 465920K(465920K)->0K(465920K) From: 378432K(465920K)->465920K(465920K)
[2025-08-01T03:45:06.925+0000] GC(746) ParOldGen: 1817688K(2796544K)->2224800K(2796544K)
[2025-08-01T03:45:06.925+0000] GC(746) Metaspace: 10662K(10880K)->10662K(10880K) NonClass: 9396K(9536K)->9396K(9536K) Class: 1265K(1344K)->1265K(1344K)
[2025-08-01T03:45:06.925+0000] GC(746) Pause Young (Allocation Failure) 2599M->2627M(3641M) 158.728ms
[2025-08-01T03:45:06.925+0000] GC(746) User=1.20s Sys=0.04s Real=0.16s
[2025-08-01T03:45:07.016+0000] GC(747) Pause Full (Ergonomics)
[2025-08-01T03:45:07.016+0000] GC(747) Marking Phase
[2025-08-01T03:45:07.158+0000] GC(747) Marking Phase 141.983ms
[2025-08-01T03:45:07.158+0000] GC(747) Summary Phase
[2025-08-01T03:45:07.158+0000] GC(747) Summary Phase 0.184ms
[2025-08-01T03:45:07.158+0000] GC(747) Adjust Roots
[2025-08-01T03:45:07.160+0000] GC(747) Adjust Roots 2.009ms
[2025-08-01T03:45:07.160+0000] GC(747) Compaction Phase
[2025-08-01T03:45:07.330+0000] GC(747) Compaction Phase 169.851ms
[2025-08-01T03:45:07.330+0000] GC(747) Post Compact
[2025-08-01T03:45:07.352+0000] GC(747) Post Compact 21.345ms
[2025-08-01T03:45:07.352+0000] GC(747) PSYoungGen: 931840K(931840K)->0K(931840K) Eden: 465920K(465920K)->0K(465920K) From: 465920K(465920K)->0K(465920K)
[2025-08-01T03:45:07.352+0000] GC(747) ParOldGen: 2224800K(2796544K)->1116026K(2796544K)
[2025-08-01T03:45:07.352+0000] GC(747) Metaspace: 10662K(10880K)->10662K(10880K) NonClass: 9396K(9536K)->9396K(9536K) Class: 1265K(1344K)->1265K(1344K)
[2025-08-01T03:45:07.352+0000] GC(747) Pause Full (Ergonomics) 3082M->1089M(3641M) 336.131ms
[2025-08-01T03:45:07.352+0000] GC(747) User=2.31s Sys=0.05s Real=0.33s
[2025-08-01T03:45:07.447+0000] GC(748) Pause Young (Allocation Failure)
[2025-08-01T03:45:07.576+0000] GC(748) PSYoungGen: 465920K(931840K)->447744K(931840K) Eden: 465920K(465920K)->0K(465920K) From: 0K(465920K)->447744K(465920K)
[2025-08-01T03:45:07.576+0000] GC(748) ParOldGen: 1116026K(2796544K)->1116026K(2796544K)
[2025-08-01T03:45:07.576+0000] GC(748) Metaspace: 10662K(10880K)->10662K(10880K) NonClass: 9396K(9536K)->9396K(9536K) Class: 1265K(1344K)->1265K(1344K)
[2025-08-01T03:45:07.576+0000] GC(748) Pause Young (Allocation Failure) 1544M->1527M(3641M) 128.409ms
[2025-08-01T03:45:07.576+0000] GC(748) User=0.95s Sys=0.04s Real=0.13s
[2025-08-01T03:45:07.673+0000] GC(749) Pause Young (Allocation Failure)
[2025-08-01T03:45:07.785+0000] GC(749) PSYoungGen: 913664K(931840K)->366432K(931840K) Eden: 465920K(465920K)->0K(465920K) From: 447744K(465920K)->366432K(465920K)
[2025-08-01T03:45:07.785+0000] GC(749) ParOldGen: 1116026K(2796544K)->1348330K(2796544K)
[2025-08-01T03:45:07.785+0000] GC(749) Metaspace: 10662K(10880K)->10662K(10880K) NonClass: 9396K(9536K)->9396K(9536K) Class: 1265K(1344K)->1265K(1344K)
[2025-08-01T03:45:07.785+0000] GC(749) Pause Young (Allocation Failure) 1982M->1674M(3641M) 112.340ms
[2025-08-01T03:45:07.785+0000] GC(749) User=0.85s Sys=0.03s Real=0.11s
[2025-08-01T03:45:07.872+0000] GC(750) Pause Young (Allocation Failure)
[2025-08-01T03:45:08.049+0000] GC(750) PSYoungGen: 832352K(931840K)->465920K(931840K) Eden: 465920K(465920K)->0K(465920K) From: 366432K(465920K)->465920K(465920K)
[2025-08-01T03:45:08.049+0000] GC(750) ParOldGen: 1348330K(2796544K)->1744018K(2796544K)
[2025-08-01T03:45:08.049+0000] GC(750) Metaspace: 10662K(10880K)->10662K(10880K) NonClass: 9396K(9536K)->9396K(9536K) Class: 1265K(1344K)->1265K(1344K)
[2025-08-01T03:45:08.049+0000] GC(750) Pause Young (Allocation Failure) 2129M->2158M(3641M) 176.933ms
[2025-08-01T03:45:08.049+0000] GC(750) User=1.31s Sys=0.06s Real=0.18s
[2025-08-01T03:45:08.140+0000] GC(751) Pause Young (Allocation Failure)
[2025-08-01T03:45:08.231+0000] GC(751) PSYoungGen: 931840K(931840K)->320832K(931840K) Eden: 465920K(465920K)->0K(465920K) From: 465920K(465920K)->320832K(465920K)
[2025-08-01T03:45:08.232+0000] GC(751) ParOldGen: 1744018K(2796544K)->1978906K(2796544K)
[2025-08-01T03:45:08.232+0000] GC(751) Metaspace: 10662K(10880K)->10662K(10880K) NonClass: 9396K(9536K)->9396K(9536K) Class: 1265K(1344K)->1265K(1344K)
[2025-08-01T03:45:08.232+0000] GC(751) Pause Young (Allocation Failure) 2613M->2245M(3641M) 91.089ms
[2025-08-01T03:45:08.232+0000] GC(751) User=0.70s Sys=0.01s Real=0.09s
[2025-08-01T03:45:08.326+0000] GC(752) Pause Young (Allocation Failure)
[2025-08-01T03:45:08.488+0000] GC(752) PSYoungGen: 786752K(931840K)->465920K(931840K) Eden: 465920K(465920K)->0K(465920K) From: 320832K(465920K)->465920K(465920K)
[2025-08-01T03:45:08.488+0000] GC(752) ParOldGen: 1978906K(2796544K)->2326010K(2796544K)
[2025-08-01T03:45:08.488+0000] GC(752) Metaspace: 10662K(10880K)->10662K(10880K) NonClass: 9396K(9536K)->9396K(9536K) Class: 1265K(1344K)->1265K(1344K)
[2025-08-01T03:45:08.488+0000] GC(752) Pause Young (Allocation Failure) 2700M->2726M(3641M) 161.668ms
[2025-08-01T03:45:08.488+0000] GC(752) User=1.13s Sys=0.10s Real=0.16s
[2025-08-01T03:45:08.582+0000] GC(753) Pause Full (Ergonomics)
[2025-08-01T03:45:08.582+0000] GC(753) Marking Phase
[2025-08-01T03:45:08.720+0000] GC(753) Marking Phase 137.595ms
[2025-08-01T03:45:08.720+0000] GC(753) Summary Phase
[2025-08-01T03:45:08.720+0000] GC(753) Summary Phase 0.179ms
[2025-08-01T03:45:08.720+0000] GC(753) Adjust Roots
[2025-08-01T03:45:08.724+0000] GC(753) Adjust Roots 3.666ms
[2025-08-01T03:45:08.724+0000] GC(753) Compaction Phase
[2025-08-01T03:45:08.900+0000] GC(753) Compaction Phase 175.453ms
[2025-08-01T03:45:08.900+0000] GC(753) Post Compact
[2025-08-01T03:45:08.922+0000] GC(753) Post Compact 21.959ms
[2025-08-01T03:45:08.922+0000] GC(753) PSYoungGen: 931840K(931840K)->0K(931840K) Eden: 465920K(465920K)->0K(465920K) From: 465920K(465920K)->0K(465920K)
[2025-08-01T03:45:08.922+0000] GC(753) ParOldGen: 2326010K(2796544K)->1129203K(2796544K)
[2025-08-01T03:45:08.922+0000] GC(753) Metaspace: 10662K(10880K)->10662K(10880K) NonClass: 9396K(9536K)->9396K(9536K) Class: 1265K(1344K)->1265K(1344K)
[2025-08-01T03:45:08.922+0000] GC(753) Pause Full (Ergonomics) 3181M->1102M(3641M) 339.410ms
[2025-08-01T03:45:08.922+0000] GC(753) User=2.34s Sys=0.10s Real=0.34s
[2025-08-01T03:45:09.010+0000] GC(754) Pause Young (Allocation Failure)
[2025-08-01T03:45:09.176+0000] GC(754) PSYoungGen: 465920K(931840K)->461344K(931840K) Eden: 465920K(465920K)->0K(465920K) From: 0K(465920K)->461344K(465920K)
[2025-08-01T03:45:09.176+0000] GC(754) ParOldGen: 1129203K(2796544K)->1129203K(2796544K)
[2025-08-01T03:45:09.176+0000] GC(754) Metaspace: 10662K(10880K)->10662K(10880K) NonClass: 9396K(9536K)->9396K(9536K) Class: 1265K(1344K)->1265K(1344K)
[2025-08-01T03:45:09.176+0000] GC(754) Pause Young (Allocation Failure) 1557M->1553M(3641M) 166.545ms
[2025-08-01T03:45:09.176+0000] GC(754) User=1.08s Sys=0.10s Real=0.17s
[2025-08-01T03:45:09.266+0000] GC(755) Pause Young (Allocation Failure)
[2025-08-01T03:45:09.381+0000] GC(755) PSYoungGen: 927264K(931840K)->342464K(931840K) Eden: 465920K(465920K)->0K(465920K) From: 461344K(465920K)->342464K(465920K)
[2025-08-01T03:45:09.381+0000] GC(755) ParOldGen: 1129203K(2796544K)->1356779K(2796544K)
[2025-08-01T03:45:09.381+0000] GC(755) Metaspace: 10662K(10880K)->10662K(10880K) NonClass: 9396K(9536K)->9396K(9536K) Class: 1265K(1344K)->1265K(1344K)
[2025-08-01T03:45:09.381+0000] GC(755) Pause Young (Allocation Failure) 2008M->1659M(3641M) 115.459ms
[2025-08-01T03:45:09.381+0000] GC(755) User=0.87s Sys=0.02s Real=0.11s
[2025-08-01T03:45:09.468+0000] GC(756) Pause Young (Allocation Failure)
[2025-08-01T03:45:09.677+0000] GC(756) PSYoungGen: 808384K(931840K)->465920K(931840K) Eden: 465920K(465920K)->0K(465920K) From: 342464K(465920K)->465920K(465920K)
[2025-08-01T03:45:09.678+0000] GC(756) ParOldGen: 1356779K(2796544K)->1726683K(2796544K)
[2025-08-01T03:45:09.678+0000] GC(756) Metaspace: 10662K(10880K)->10662K(10880K) NonClass: 9396K(9536K)->9396K(9536K) Class: 1265K(1344K)->1265K(1344K)
[2025-08-01T03:45:09.678+0000] GC(756) Pause Young (Allocation Failure) 2114M->2141M(3641M) 209.399ms
[2025-08-01T03:45:09.678+0000] GC(756) User=1.64s Sys=0.02s Real=0.21s
[2025-08-01T03:45:09.767+0000] GC(757) Pause Young (Allocation Failure)
[2025-08-01T03:45:09.908+0000] GC(757) PSYoungGen: 931840K(931840K)->444960K(931840K) Eden: 465920K(465920K)->0K(465920K) From: 465920K(465920K)->444960K(465920K)
[2025-08-01T03:45:09.908+0000] GC(757) ParOldGen: 1726683K(2796544K)->2105179K(2796544K)
[2025-08-01T03:45:09.908+0000] GC(757) Metaspace: 10662K(10880K)->10662K(10880K) NonClass: 9396K(9536K)->9396K(9536K) Class: 1265K(1344K)->1265K(1344K)
[2025-08-01T03:45:09.908+0000] GC(757) Pause Young (Allocation Failure) 2596M->2490M(3641M) 141.315ms
[2025-08-01T03:45:09.908+0000] GC(757) User=1.08s Sys=0.02s Real=0.14s
[2025-08-01T03:45:09.991+0000] GC(758) Pause Young (Allocation Failure)
[2025-08-01T03:45:10.132+0000] GC(758) PSYoungGen: 910880K(931840K)->465920K(931840K) Eden: 465920K(465920K)->0K(465920K) From: 444960K(465920K)->465920K(465920K)
[2025-08-01T03:45:10.132+0000] GC(758) ParOldGen: 2105179K(2796544K)->2439019K(2796544K)
[2025-08-01T03:45:10.132+0000] GC(758) Metaspace: 10662K(10880K)->10662K(10880K) NonClass: 9396K(9536K)->9396K(9536K) Class: 1265K(1344K)->1265K(1344K)
[2025-08-01T03:45:10.133+0000] GC(758) Pause Young (Allocation Failure) 2945M->2836M(3641M) 141.403ms
[2025-08-01T03:45:10.133+0000] GC(758) User=1.06s Sys=0.04s Real=0.14s
[2025-08-01T03:45:10.218+0000] GC(759) Pause Full (Ergonomics)
[2025-08-01T03:45:10.218+0000] GC(759) Marking Phase
[2025-08-01T03:45:10.260+0000] GC(759) Marking Phase 42.045ms
[2025-08-01T03:45:10.260+0000] GC(759) Summary Phase
[2025-08-01T03:45:10.260+0000] GC(759) Summary Phase 0.107ms
[2025-08-01T03:45:10.260+0000] GC(759) Adjust Roots
[2025-08-01T03:45:10.263+0000] GC(759) Adjust Roots 2.917ms
[2025-08-01T03:45:10.263+0000] GC(759) Compaction Phase
[2025-08-01T03:45:10.359+0000] GC(759) Compaction Phase 95.321ms
[2025-08-01T03:45:10.359+0000] GC(759) Post Compact
[2025-08-01T03:45:10.381+0000] GC(759) Post Compact 22.378ms
[2025-08-01T03:45:10.381+0000] GC(759) PSYoungGen: 931840K(931840K)->0K(931840K) Eden: 465920K(465920K)->0K(465920K) From: 465920K(465920K)->0K(465920K)
[2025-08-01T03:45:10.381+0000] GC(759) ParOldGen: 2439019K(2796544K)->675853K(2796544K)
[2025-08-01T03:45:10.381+0000] GC(759) Metaspace: 10662K(10880K)->10662K(10880K) NonClass: 9396K(9536K)->9396K(9536K) Class: 1265K(1344K)->1265K(1344K)
[2025-08-01T03:45:10.382+0000] GC(759) Pause Full (Ergonomics) 3291M->660M(3641M) 163.350ms
[2025-08-01T03:45:10.382+0000] GC(759) User=1.08s Sys=0.00s Real=0.16s
[2025-08-01T03:45:10.467+0000] GC(760) Pause Young (Allocation Failure)
[2025-08-01T03:45:10.618+0000] GC(760) PSYoungGen: 465920K(931840K)->465920K(931840K) Eden: 465920K(465920K)->0K(465920K) From: 0K(465920K)->465920K(465920K)
[2025-08-01T03:45:10.618+0000] GC(760) ParOldGen: 675853K(2796544K)->683101K(2796544K)
[2025-08-01T03:45:10.618+0000] GC(760) Metaspace: 10662K(10880K)->10662K(10880K) NonClass: 9396K(9536K)->9396K(9536K) Class: 1265K(1344K)->1265K(1344K)
[2025-08-01T03:45:10.618+0000] GC(760) Pause Young (Allocation Failure) 1115M->1122M(3641M) 151.454ms
[2025-08-01T03:45:10.618+0000] GC(760) User=1.10s Sys=0.06s Real=0.15s
[2025-08-01T03:45:10.703+0000] GC(761) Pause Young (Allocation Failure)
[2025-08-01T03:45:10.847+0000] GC(761) PSYoungGen: 931840K(931840K)->459072K(931840K) Eden: 465920K(465920K)->0K(465920K) From: 465920K(465920K)->459072K(465920K)
[2025-08-01T03:45:10.847+0000] GC(761) ParOldGen: 683101K(2796544K)->1048293K(2796544K)
[2025-08-01T03:45:10.847+0000] GC(761) Metaspace: 10662K(10880K)->10662K(10880K) NonClass: 9396K(9536K)->9396K(9536K) Class: 1265K(1344K)->1265K(1344K)
[2025-08-01T03:45:10.847+0000] GC(761) Pause Young (Allocation Failure) 1577M->1472M(3641M) 143.997ms
[2025-08-01T03:45:10.847+0000] GC(761) User=1.11s Sys=0.02s Real=0.14s
[2025-08-01T03:45:10.934+0000] GC(762) Pause Young (Allocation Failure)
[2025-08-01T03:45:11.090+0000] GC(762) PSYoungGen: 924992K(931840K)->440032K(931840K) Eden: 465920K(465920K)->0K(465920K) From: 459072K(465920K)->440032K(465920K)
[2025-08-01T03:45:11.090+0000] GC(762) ParOldGen: 1048293K(2796544K)->1419309K(2796544K)
[2025-08-01T03:45:11.090+0000] GC(762) Metaspace: 10662K(10880K)->10662K(10880K) NonClass: 9396K(9536K)->9396K(9536K) Class: 1265K(1344K)->1265K(1344K)
[2025-08-01T03:45:11.090+0000] GC(762) Pause Young (Allocation Failure) 1927M->1815M(3641M) 156.130ms
[2025-08-01T03:45:11.090+0000] GC(762) User=1.18s Sys=0.04s Real=0.15s
[2025-08-01T03:45:11.175+0000] GC(763) Pause Young (Allocation Failure)
[2025-08-01T03:45:11.262+0000] GC(763) PSYoungGen: 905952K(931840K)->348672K(931840K) Eden: 465920K(465920K)->0K(465920K) From: 440032K(465920K)->348672K(465920K)
[2025-08-01T03:45:11.262+0000] GC(763) ParOldGen: 1419309K(2796544K)->1651525K(2796544K)
[2025-08-01T03:45:11.262+0000] GC(763) Metaspace: 10662K(10880K)->10662K(10880K) NonClass: 9396K(9536K)->9396K(9536K) Class: 1265K(1344K)->1265K(1344K)
[2025-08-01T03:45:11.262+0000] GC(763) Pause Young (Allocation Failure) 2270M->1953M(3641M) 87.161ms
[2025-08-01T03:45:11.262+0000] GC(763) User=0.65s Sys=0.01s Real=0.08s
[2025-08-01T03:45:11.345+0000] GC(764) Pause Young (Allocation Failure)
[2025-08-01T03:45:11.500+0000] GC(764) PSYoungGen: 814592K(931840K)->465920K(931840K) Eden: 465920K(465920K)->0K(465920K) From: 348672K(465920K)->465920K(465920K)
[2025-08-01T03:45:11.501+0000] GC(764) ParOldGen: 1651525K(2796544K)->2027397K(2796544K)
[2025-08-01T03:45:11.501+0000] GC(764) Metaspace: 10662K(10880K)->10662K(10880K) NonClass: 9396K(9536K)->9396K(9536K) Class: 1265K(1344K)->1265K(1344K)
[2025-08-01T03:45:11.501+0000] GC(764) Pause Young (Allocation Failure) 2408M->2434M(3641M) 155.985ms
[2025-08-01T03:45:11.501+0000] GC(764) User=1.18s Sys=0.03s Real=0.15s
[2025-08-01T03:45:11.587+0000] GC(765) Pause Young (Allocation Failure)
[2025-08-01T03:45:11.830+0000] GC(765) PSYoungGen: 931840K(931840K)->454944K(931840K) Eden: 465920K(465920K)->0K(465920K) From: 465920K(465920K)->454944K(465920K)
[2025-08-01T03:45:11.830+0000] GC(765) ParOldGen: 2027397K(2796544K)->2406277K(2796544K)
[2025-08-01T03:45:11.830+0000] GC(765) Metaspace: 10662K(10880K)->10662K(10880K) NonClass: 9396K(9536K)->9396K(9536K) Class: 1265K(1344K)->1265K(1344K)
[2025-08-01T03:45:11.830+0000] GC(765) Pause Young (Allocation Failure) 2889M->2794M(3641M) 243.088ms
[2025-08-01T03:45:11.830+0000] GC(765) User=1.78s Sys=0.06s Real=0.24s
[2025-08-01T03:45:11.913+0000] GC(766) Pause Full (Ergonomics)
[2025-08-01T03:45:11.913+0000] GC(766) Marking Phase
[2025-08-01T03:45:11.992+0000] GC(766) Marking Phase 79.630ms
[2025-08-01T03:45:11.992+0000] GC(766) Summary Phase
[2025-08-01T03:45:11.992+0000] GC(766) Summary Phase 0.072ms
[2025-08-01T03:45:11.992+0000] GC(766) Adjust Roots
[2025-08-01T03:45:11.994+0000] GC(766) Adjust Roots 1.487ms
[2025-08-01T03:45:11.994+0000] GC(766) Compaction Phase
[2025-08-01T03:45:12.146+0000] GC(766) Compaction Phase 151.569ms
[2025-08-01T03:45:12.146+0000] GC(766) Post Compact
[2025-08-01T03:45:12.161+0000] GC(766) Post Compact 15.324ms
[2025-08-01T03:45:12.161+0000] GC(766) PSYoungGen: 920864K(931840K)->0K(931840K) Eden: 465920K(465920K)->0K(465920K) From: 454944K(465920K)->0K(465920K)
[2025-08-01T03:45:12.161+0000] GC(766) ParOldGen: 2406277K(2796544K)->1148381K(2796544K)
[2025-08-01T03:45:12.161+0000] GC(766) Metaspace: 10662K(10880K)->10662K(10880K) NonClass: 9396K(9536K)->9396K(9536K) Class: 1265K(1344K)->1265K(1344K)
[2025-08-01T03:45:12.161+0000] GC(766) Pause Full (Ergonomics) 3249M->1121M(3641M) 248.335ms
[2025-08-01T03:45:12.161+0000] GC(766) User=1.78s Sys=0.04s Real=0.25s
[2025-08-01T03:45:12.241+0000] GC(767) Pause Young (Allocation Failure)
[2025-08-01T03:45:12.320+0000] GC(767) PSYoungGen: 465920K(931840K)->365088K(931840K) Eden: 465920K(465920K)->0K(465920K) From: 0K(465920K)->365088K(465920K)
[2025-08-01T03:45:12.320+0000] GC(767) ParOldGen: 1148381K(2796544K)->1148381K(2796544K)
[2025-08-01T03:45:12.320+0000] GC(767) Metaspace: 10662K(10880K)->10662K(10880K) NonClass: 9396K(9536K)->9396K(9536K) Class: 1265K(1344K)->1265K(1344K)
[2025-08-01T03:45:12.320+0000] GC(767) Pause Young (Allocation Failure) 1576M->1477M(3641M) 78.375ms
[2025-08-01T03:45:12.320+0000] GC(767) User=0.51s Sys=0.02s Real=0.08s
[2025-08-01T03:45:12.405+0000] GC(768) Pause Young (Allocation Failure)
[2025-08-01T03:45:12.567+0000] GC(768) PSYoungGen: 831008K(931840K)->465920K(931840K) Eden: 465920K(465920K)->0K(465920K) From: 365088K(465920K)->465920K(465920K)
[2025-08-01T03:45:12.567+0000] GC(768) ParOldGen: 1148381K(2796544K)->1541765K(2796544K)
[2025-08-01T03:45:12.567+0000] GC(768) Metaspace: 10662K(10880K)->10662K(10880K) NonClass: 9396K(9536K)->9396K(9536K) Class: 1265K(1344K)->1265K(1344K)
[2025-08-01T03:45:12.567+0000] GC(768) Pause Young (Allocation Failure) 1932M->1960M(3641M) 162.111ms
[2025-08-01T03:45:12.567+0000] GC(768) User=1.21s Sys=0.04s Real=0.16s
[2025-08-01T03:45:12.653+0000] GC(769) Pause Young (Allocation Failure)
[2025-08-01T03:45:12.855+0000] GC(769) PSYoungGen: 931840K(931840K)->460096K(931840K) Eden: 465920K(465920K)->0K(465920K) From: 465920K(465920K)->460096K(465920K)
[2025-08-01T03:45:12.855+0000] GC(769) ParOldGen: 1541765K(2796544K)->1913981K(2796544K)
[2025-08-01T03:45:12.855+0000] GC(769) Metaspace: 10662K(10880K)->10662K(10880K) NonClass: 9396K(9536K)->9396K(9536K) Class: 1265K(1344K)->1265K(1344K)
[2025-08-01T03:45:12.855+0000] GC(769) Pause Young (Allocation Failure) 2415M->2318M(3641M) 201.457ms
[2025-08-01T03:45:12.855+0000] GC(769) User=1.46s Sys=0.08s Real=0.20s
[2025-08-01T03:45:12.941+0000] GC(770) Pause Young (Allocation Failure)
[2025-08-01T03:45:13.075+0000] GC(770) PSYoungGen: 926016K(931840K)->433504K(931840K) Eden: 465920K(465920K)->0K(465920K) From: 460096K(465920K)->433504K(465920K)
[2025-08-01T03:45:13.075+0000] GC(770) ParOldGen: 1913981K(2796544K)->2264613K(2796544K)
[2025-08-01T03:45:13.075+0000] GC(770) Metaspace: 10662K(10880K)->10662K(10880K) NonClass: 9396K(9536K)->9396K(9536K) Class: 1265K(1344K)->1265K(1344K)
[2025-08-01T03:45:13.075+0000] GC(770) Pause Young (Allocation Failure) 2773M->2634M(3641M) 134.321ms
[2025-08-01T03:45:13.075+0000] GC(770) User=1.03s Sys=0.02s Real=0.14s
[2025-08-01T03:45:13.160+0000] GC(771) Pause Full (Ergonomics)
[2025-08-01T03:45:13.160+0000] GC(771) Marking Phase
[2025-08-01T03:45:13.219+0000] GC(771) Marking Phase 58.823ms
[2025-08-01T03:45:13.219+0000] GC(771) Summary Phase
[2025-08-01T03:45:13.219+0000] GC(771) Summary Phase 0.121ms
[2025-08-01T03:45:13.219+0000] GC(771) Adjust Roots
[2025-08-01T03:45:13.220+0000] GC(771) Adjust Roots 1.505ms
[2025-08-01T03:45:13.220+0000] GC(771) Compaction Phase
[2025-08-01T03:45:13.330+0000] GC(771) Compaction Phase 109.191ms
[2025-08-01T03:45:13.330+0000] GC(771) Post Compact
[2025-08-01T03:45:13.353+0000] GC(771) Post Compact 23.670ms
[2025-08-01T03:45:13.353+0000] GC(771) PSYoungGen: 899424K(931840K)->0K(931840K) Eden: 465920K(465920K)->0K(465920K) From: 433504K(465920K)->0K(465920K)
[2025-08-01T03:45:13.353+0000] GC(771) ParOldGen: 2264613K(2796544K)->691915K(2796544K)
[2025-08-01T03:45:13.353+0000] GC(771) Metaspace: 10662K(10880K)->10662K(10880K) NonClass: 9396K(9536K)->9396K(9536K) Class: 1265K(1344K)->1265K(1344K)
[2025-08-01T03:45:13.353+0000] GC(771) Pause Full (Ergonomics) 3089M->675M(3641M) 193.715ms
[2025-08-01T03:45:13.353+0000] GC(771) User=1.30s Sys=0.01s Real=0.20s
[2025-08-01T03:45:13.437+0000] GC(772) Pause Young (Allocation Failure)
[2025-08-01T03:45:13.541+0000] GC(772) PSYoungGen: 465920K(931840K)->352768K(931840K) Eden: 465920K(465920K)->0K(465920K) From: 0K(465920K)->352768K(465920K)
[2025-08-01T03:45:13.541+0000] GC(772) ParOldGen: 691915K(2796544K)->691915K(2796544K)
[2025-08-01T03:45:13.541+0000] GC(772) Metaspace: 10662K(10880K)->10662K(10880K) NonClass: 9396K(9536K)->9396K(9536K) Class: 1265K(1344K)->1265K(1344K)
[2025-08-01T03:45:13.541+0000] GC(772) Pause Young (Allocation Failure) 1130M->1020M(3641M) 103.845ms
[2025-08-01T03:45:13.541+0000] GC(772) User=0.75s Sys=0.04s Real=0.10s
[2025-08-01T03:45:13.629+0000] GC(773) Pause Young (Allocation Failure)
[2025-08-01T03:45:13.831+0000] GC(773) PSYoungGen: 818688K(931840K)->465920K(931840K) Eden: 465920K(465920K)->0K(465920K) From: 352768K(465920K)->465920K(465920K)
[2025-08-01T03:45:13.831+0000] GC(773) ParOldGen: 691915K(2796544K)->1075011K(2796544K)
[2025-08-01T03:45:13.831+0000] GC(773) Metaspace: 10662K(10880K)->10662K(10880K) NonClass: 9396K(9536K)->9396K(9536K) Class: 1265K(1344K)->1265K(1344K)
[2025-08-01T03:45:13.831+0000] GC(773) Pause Young (Allocation Failure) 1475M->1504M(3641M) 202.283ms
[2025-08-01T03:45:13.831+0000] GC(773) User=1.54s Sys=0.06s Real=0.20s
[2025-08-01T03:45:13.917+0000] GC(774) Pause Young (Allocation Failure)
[2025-08-01T03:45:14.046+0000] GC(774) PSYoungGen: 931840K(931840K)->413728K(931840K) Eden: 465920K(465920K)->0K(465920K) From: 465920K(465920K)->413728K(465920K)
[2025-08-01T03:45:14.046+0000] GC(774) ParOldGen: 1075011K(2796544K)->1454867K(2796544K)
[2025-08-01T03:45:14.046+0000] GC(774) Metaspace: 10662K(10880K)->10662K(10880K) NonClass: 9396K(9536K)->9396K(9536K) Class: 1265K(1344K)->1265K(1344K)
[2025-08-01T03:45:14.047+0000] GC(774) Pause Young (Allocation Failure) 1959M->1824M(3641M) 129.634ms
[2025-08-01T03:45:14.047+0000] GC(774) User=0.98s Sys=0.01s Real=0.13s
[2025-08-01T03:45:14.133+0000] GC(775) Pause Young (Allocation Failure)
[2025-08-01T03:45:14.279+0000] GC(775) PSYoungGen: 879648K(931840K)->393312K(931840K) Eden: 465920K(465920K)->0K(465920K) From: 413728K(465920K)->393312K(465920K)
[2025-08-01T03:45:14.279+0000] GC(775) ParOldGen: 1454867K(2796544K)->1631875K(2796544K)
[2025-08-01T03:45:14.279+0000] GC(775) Metaspace: 10662K(10880K)->10662K(10880K) NonClass: 9396K(9536K)->9396K(9536K) Class: 1265K(1344K)->1265K(1344K)
[2025-08-01T03:45:14.280+0000] GC(775) Pause Young (Allocation Failure) 2279M->1977M(3641M) 146.203ms
[2025-08-01T03:45:14.280+0000] GC(775) User=1.13s Sys=0.02s Real=0.14s
[2025-08-01T03:45:14.364+0000] GC(776) Pause Young (Allocation Failure)
[2025-08-01T03:45:14.570+0000] GC(776) PSYoungGen: 859232K(931840K)->465920K(931840K) Eden: 465920K(465920K)->0K(465920K) From: 393312K(465920K)->465920K(465920K)
[2025-08-01T03:45:14.570+0000] GC(776) ParOldGen: 1631875K(2796544K)->2056355K(2796544K)
[2025-08-01T03:45:14.570+0000] GC(776) Metaspace: 10662K(10880K)->10662K(10880K) NonClass: 9396K(9536K)->9396K(9536K) Class: 1265K(1344K)->1265K(1344K)
[2025-08-01T03:45:14.570+0000] GC(776) Pause Young (Allocation Failure) 2432M->2463M(3641M) 206.084ms
[2025-08-01T03:45:14.570+0000] GC(776) User=1.50s Sys=0.02s Real=0.20s
[2025-08-01T03:45:14.705+0000] GC(777) Pause Young (Allocation Failure)
[2025-08-01T03:45:14.890+0000] GC(777) PSYoungGen: 931840K(931840K)->459968K(931840K) Eden: 465920K(465920K)->0K(465920K) From: 465920K(465920K)->459968K(465920K)
[2025-08-01T03:45:14.890+0000] GC(777) ParOldGen: 2056355K(2796544K)->2437227K(2796544K)
[2025-08-01T03:45:14.890+0000] GC(777) Metaspace: 10662K(10880K)->10662K(10880K) NonClass: 9396K(9536K)->9396K(9536K) Class: 1265K(1344K)->1265K(1344K)
[2025-08-01T03:45:14.890+0000] GC(777) Pause Young (Allocation Failure) 2918M->2829M(3641M) 185.018ms
[2025-08-01T03:45:14.890+0000] GC(777) User=1.41s Sys=0.03s Real=0.18s
[2025-08-01T03:45:14.980+0000] GC(778) Pause Full (Ergonomics)
[2025-08-01T03:45:14.980+0000] GC(778) Marking Phase
[2025-08-01T03:45:15.061+0000] GC(778) Marking Phase 81.009ms
[2025-08-01T03:45:15.061+0000] GC(778) Summary Phase
[2025-08-01T03:45:15.061+0000] GC(778) Summary Phase 0.165ms
[2025-08-01T03:45:15.061+0000] GC(778) Adjust Roots
[2025-08-01T03:45:15.065+0000] GC(778) Adjust Roots 3.470ms
[2025-08-01T03:45:15.065+0000] GC(778) Compaction Phase
[2025-08-01T03:45:15.229+0000] GC(778) Compaction Phase 163.814ms
[2025-08-01T03:45:15.229+0000] GC(778) Post Compact
[2025-08-01T03:45:15.248+0000] GC(778) Post Compact 19.359ms
[2025-08-01T03:45:15.248+0000] GC(778) PSYoungGen: 925888K(931840K)->0K(931840K) Eden: 465920K(465920K)->0K(465920K) From: 459968K(465920K)->0K(465920K)
[2025-08-01T03:45:15.248+0000] GC(778) ParOldGen: 2437227K(2796544K)->706680K(2796544K)
[2025-08-01T03:45:15.248+0000] GC(778) Metaspace: 10662K(10880K)->10662K(10880K) NonClass: 9396K(9536K)->9396K(9536K) Class: 1265K(1344K)->1265K(1344K)
[2025-08-01T03:45:15.248+0000] GC(778) Pause Full (Ergonomics) 3284M->690M(3641M) 268.455ms
[2025-08-01T03:45:15.249+0000] GC(778) User=1.83s Sys=0.05s Real=0.27s
[2025-08-01T03:45:15.341+0000] GC(779) Pause Young (Allocation Failure)
[2025-08-01T03:45:15.483+0000] GC(779) PSYoungGen: 465920K(931840K)->414688K(931840K) Eden: 465920K(465920K)->0K(465920K) From: 0K(465920K)->414688K(465920K)
[2025-08-01T03:45:15.483+0000] GC(779) ParOldGen: 706680K(2796544K)->706680K(2796544K)
[2025-08-01T03:45:15.483+0000] GC(779) Metaspace: 10662K(10880K)->10662K(10880K) NonClass: 9396K(9536K)->9396K(9536K) Class: 1265K(1344K)->1265K(1344K)
[2025-08-01T03:45:15.484+0000] GC(779) Pause Young (Allocation Failure) 1145M->1095M(3641M) 142.953ms
[2025-08-01T03:45:15.484+0000] GC(779) User=1.02s Sys=0.07s Real=0.15s
[2025-08-01T03:45:15.579+0000] GC(780) Pause Young (Allocation Failure)
[2025-08-01T03:45:15.706+0000] GC(780) PSYoungGen: 880608K(931840K)->465920K(931840K) Eden: 465920K(465920K)->0K(465920K) From: 414688K(465920K)->465920K(465920K)
[2025-08-01T03:45:15.707+0000] GC(780) ParOldGen: 706680K(2796544K)->1154552K(2796544K)
[2025-08-01T03:45:15.707+0000] GC(780) Metaspace: 10662K(10880K)->10662K(10880K) NonClass: 9396K(9536K)->9396K(9536K) Class: 1265K(1344K)->1265K(1344K)
[2025-08-01T03:45:15.707+0000] GC(780) Pause Young (Allocation Failure) 1550M->1582M(3641M) 127.627ms
[2025-08-01T03:45:15.707+0000] GC(780) User=1.01s Sys=0.00s Real=0.13s
[2025-08-01T03:45:15.846+0000] GC(781) Pause Young (Allocation Failure)
[2025-08-01T03:45:16.063+0000] GC(781) PSYoungGen: 931840K(931840K)->458080K(931840K) Eden: 465920K(465920K)->0K(465920K) From: 465920K(465920K)->458080K(465920K)
[2025-08-01T03:45:16.063+0000] GC(781) ParOldGen: 1154552K(2796544K)->1525248K(2796544K)
[2025-08-01T03:45:16.063+0000] GC(781) Metaspace: 10662K(10880K)->10662K(10880K) NonClass: 9396K(9536K)->9396K(9536K) Class: 1265K(1344K)->1265K(1344K)
[2025-08-01T03:45:16.063+0000] GC(781) Pause Young (Allocation Failure) 2037M->1936M(3641M) 217.253ms
[2025-08-01T03:45:16.063+0000] GC(781) User=1.54s Sys=0.12s Real=0.22s
[2025-08-01T03:45:16.153+0000] GC(782) Pause Young (Allocation Failure)
[2025-08-01T03:45:16.251+0000] GC(782) PSYoungGen: 924000K(931840K)->296704K(931840K) Eden: 465920K(465920K)->0K(465920K) From: 458080K(465920K)->296704K(465920K)
[2025-08-01T03:45:16.251+0000] GC(782) ParOldGen: 1525248K(2796544K)->1756432K(2796544K)
[2025-08-01T03:45:16.251+0000] GC(782) Metaspace: 10662K(10880K)->10662K(10880K) NonClass: 9396K(9536K)->9396K(9536K) Class: 1265K(1344K)->1265K(1344K)
[2025-08-01T03:45:16.251+0000] GC(782) Pause Young (Allocation Failure) 2391M->2005M(3641M) 97.875ms
[2025-08-01T03:45:16.251+0000] GC(782) User=0.73s Sys=0.03s Real=0.09s
[2025-08-01T03:45:16.338+0000] GC(783) Pause Young (Allocation Failure)
[2025-08-01T03:45:16.454+0000] GC(783) PSYoungGen: 762624K(931840K)->403328K(931840K) Eden: 465920K(465920K)->0K(465920K) From: 296704K(465920K)->403328K(465920K)
[2025-08-01T03:45:16.454+0000] GC(783) ParOldGen: 1756432K(2796544K)->1952368K(2796544K)
[2025-08-01T03:45:16.454+0000] GC(783) Metaspace: 10662K(10880K)->10662K(10880K) NonClass: 9396K(9536K)->9396K(9536K) Class: 1265K(1344K)->1265K(1344K)
[2025-08-01T03:45:16.454+0000] GC(783) Pause Young (Allocation Failure) 2460M->2300M(3641M) 116.160ms
[2025-08-01T03:45:16.454+0000] GC(783) User=0.85s Sys=0.02s Real=0.12s
[2025-08-01T03:45:16.552+0000] GC(784) Pause Young (Allocation Failure)
[2025-08-01T03:45:16.687+0000] GC(784) PSYoungGen: 869248K(931840K)->465920K(931840K) Eden: 465920K(465920K)->0K(465920K) From: 403328K(465920K)->465920K(465920K)
[2025-08-01T03:45:16.687+0000] GC(784) ParOldGen: 1952368K(2796544K)->2388672K(2796544K)
[2025-08-01T03:45:16.687+0000] GC(784) Metaspace: 10662K(10880K)->10662K(10880K) NonClass: 9396K(9536K)->9396K(9536K) Class: 1265K(1344K)->1265K(1344K)
[2025-08-01T03:45:16.687+0000] GC(784) Pause Young (Allocation Failure) 2755M->2787M(3641M) 135.482ms
[2025-08-01T03:45:16.687+0000] GC(784) User=1.07s Sys=0.00s Real=0.14s
[2025-08-01T03:45:16.773+0000] GC(785) Pause Full (Ergonomics)
[2025-08-01T03:45:16.774+0000] GC(785) Marking Phase
[2025-08-01T03:45:16.908+0000] GC(785) Marking Phase 134.483ms
[2025-08-01T03:45:16.908+0000] GC(785) Summary Phase
[2025-08-01T03:45:16.908+0000] GC(785) Summary Phase 0.153ms
[2025-08-01T03:45:16.908+0000] GC(785) Adjust Roots
[2025-08-01T03:45:16.911+0000] GC(785) Adjust Roots 2.435ms
[2025-08-01T03:45:16.911+0000] GC(785) Compaction Phase
[2025-08-01T03:45:17.079+0000] GC(785) Compaction Phase 167.835ms
[2025-08-01T03:45:17.079+0000] GC(785) Post Compact
[2025-08-01T03:45:17.100+0000] GC(785) Post Compact 20.719ms
[2025-08-01T03:45:17.100+0000] GC(785) PSYoungGen: 931840K(931840K)->0K(931840K) Eden: 465920K(465920K)->0K(465920K) From: 465920K(465920K)->0K(465920K)
[2025-08-01T03:45:17.100+0000] GC(785) ParOldGen: 2388672K(2796544K)->1179605K(2796544K)
[2025-08-01T03:45:17.100+0000] GC(785) Metaspace: 10662K(10880K)->10662K(10880K) NonClass: 9396K(9536K)->9396K(9536K) Class: 1265K(1344K)->1265K(1344K)
[2025-08-01T03:45:17.100+0000] GC(785) Pause Full (Ergonomics) 3242M->1151M(3641M) 326.186ms
[2025-08-01T03:45:17.100+0000] GC(785) User=2.33s Sys=0.03s Real=0.32s
[2025-08-01T03:45:17.185+0000] GC(786) Pause Young (Allocation Failure)
[2025-08-01T03:45:17.234+0000] GC(786) PSYoungGen: 465920K(931840K)->322688K(931840K) Eden: 465920K(465920K)->0K(465920K) From: 0K(465920K)->322688K(465920K)
[2025-08-01T03:45:17.235+0000] GC(786) ParOldGen: 1179605K(2796544K)->1179605K(2796544K)
[2025-08-01T03:45:17.235+0000] GC(786) Metaspace: 10662K(10880K)->10662K(10880K) NonClass: 9396K(9536K)->9396K(9536K) Class: 1265K(1344K)->1265K(1344K)
[2025-08-01T03:45:17.235+0000] GC(786) Pause Young (Allocation Failure) 1606M->1467M(3641M) 49.639ms
[2025-08-01T03:45:17.235+0000] GC(786) User=0.38s Sys=0.00s Real=0.05s
[2025-08-01T03:45:17.319+0000] GC(787) Pause Young (Allocation Failure)
[2025-08-01T03:45:17.467+0000] GC(787) PSYoungGen: 788608K(931840K)->410624K(931840K) Eden: 465920K(465920K)->0K(465920K) From: 322688K(465920K)->410624K(465920K)
[2025-08-01T03:45:17.467+0000] GC(787) ParOldGen: 1179605K(2796544K)->1389053K(2796544K)
[2025-08-01T03:45:17.467+0000] GC(787) Metaspace: 10662K(10880K)->10662K(10880K) NonClass: 9396K(9536K)->9396K(9536K) Class: 1265K(1344K)->1265K(1344K)
[2025-08-01T03:45:17.467+0000] GC(787) Pause Young (Allocation Failure) 1922M->1757M(3641M) 147.522ms
[2025-08-01T03:45:17.467+0000] GC(787) User=1.14s Sys=0.04s Real=0.15s
[2025-08-01T03:45:17.561+0000] GC(788) Pause Young (Allocation Failure)
[2025-08-01T03:45:17.766+0000] GC(788) PSYoungGen: 876544K(931840K)->465920K(931840K) Eden: 465920K(465920K)->0K(465920K) From: 410624K(465920K)->465920K(465920K)
[2025-08-01T03:45:17.766+0000] GC(788) ParOldGen: 1389053K(2796544K)->1833397K(2796544K)
[2025-08-01T03:45:17.766+0000] GC(788) Metaspace: 10662K(10880K)->10662K(10880K) NonClass: 9396K(9536K)->9396K(9536K) Class: 1265K(1344K)->1265K(1344K)
[2025-08-01T03:45:17.766+0000] GC(788) Pause Young (Allocation Failure) 2212M->2245M(3641M) 205.103ms
[2025-08-01T03:45:17.766+0000] GC(788) User=1.50s Sys=0.06s Real=0.21s
[2025-08-01T03:45:17.853+0000] GC(789) Pause Young (Allocation Failure)
[2025-08-01T03:45:18.019+0000] GC(789) PSYoungGen: 931840K(931840K)->464672K(931840K) Eden: 465920K(465920K)->0K(465920K) From: 465920K(465920K)->464672K(465920K)
[2025-08-01T03:45:18.019+0000] GC(789) ParOldGen: 1833397K(2796544K)->2193845K(2796544K)
[2025-08-01T03:45:18.019+0000] GC(789) Metaspace: 10662K(10880K)->10662K(10880K) NonClass: 9396K(9536K)->9396K(9536K) Class: 1265K(1344K)->1265K(1344K)
[2025-08-01T03:45:18.019+0000] GC(789) Pause Young (Allocation Failure) 2700M->2596M(3641M) 165.574ms
[2025-08-01T03:45:18.019+0000] GC(789) User=1.25s Sys=0.04s Real=0.16s
[2025-08-01T03:45:18.103+0000] GC(790) Pause Young (Allocation Failure)
[2025-08-01T03:45:18.288+0000] GC(790) PSYoungGen: 930592K(931840K)->334656K(931840K) Eden: 465920K(465920K)->0K(465920K) From: 464672K(465920K)->334656K(465920K)
[2025-08-01T03:45:18.288+0000] GC(790) ParOldGen: 2193845K(2796544K)->2403837K(2796544K)
[2025-08-01T03:45:18.288+0000] GC(790) Metaspace: 10662K(10880K)->10662K(10880K) NonClass: 9396K(9536K)->9396K(9536K) Class: 1265K(1344K)->1265K(1344K)
[2025-08-01T03:45:18.288+0000] GC(790) Pause Young (Allocation Failure) 3051M->2674M(3641M) 184.836ms
[2025-08-01T03:45:18.288+0000] GC(790) User=1.37s Sys=0.06s Real=0.18s
[2025-08-01T03:45:18.376+0000] GC(791) Pause Full (Ergonomics)
[2025-08-01T03:45:18.376+0000] GC(791) Marking Phase
[2025-08-01T03:45:18.416+0000] GC(791) Marking Phase 40.280ms
[2025-08-01T03:45:18.416+0000] GC(791) Summary Phase
[2025-08-01T03:45:18.416+0000] GC(791) Summary Phase 0.133ms
[2025-08-01T03:45:18.416+0000] GC(791) Adjust Roots
[2025-08-01T03:45:18.422+0000] GC(791) Adjust Roots 5.552ms
[2025-08-01T03:45:18.422+0000] GC(791) Compaction Phase
[2025-08-01T03:45:18.528+0000] GC(791) Compaction Phase 106.073ms
[2025-08-01T03:45:18.528+0000] GC(791) Post Compact
[2025-08-01T03:45:18.548+0000] GC(791) Post Compact 20.110ms
[2025-08-01T03:45:18.548+0000] GC(791) PSYoungGen: 800576K(931840K)->0K(931840K) Eden: 465920K(465920K)->0K(465920K) From: 334656K(465920K)->0K(465920K)
[2025-08-01T03:45:18.548+0000] GC(791) ParOldGen: 2403837K(2796544K)->733239K(2796544K)
[2025-08-01T03:45:18.548+0000] GC(791) Metaspace: 10662K(10880K)->10662K(10880K) NonClass: 9396K(9536K)->9396K(9536K) Class: 1265K(1344K)->1265K(1344K)
[2025-08-01T03:45:18.548+0000] GC(791) Pause Full (Ergonomics) 3129M->716M(3641M) 172.609ms
[2025-08-01T03:45:18.548+0000] GC(791) User=1.16s Sys=0.00s Real=0.17s
[2025-08-01T03:45:18.632+0000] GC(792) Pause Young (Allocation Failure)
[2025-08-01T03:45:18.720+0000] GC(792) PSYoungGen: 465920K(931840K)->465920K(931840K) Eden: 465920K(465920K)->0K(465920K) From: 0K(465920K)->465920K(465920K)
[2025-08-01T03:45:18.720+0000] GC(792) ParOldGen: 733239K(2796544K)->739975K(2796544K)
[2025-08-01T03:45:18.720+0000] GC(792) Metaspace: 10662K(10880K)->10662K(10880K) NonClass: 9396K(9536K)->9396K(9536K) Class: 1265K(1344K)->1265K(1344K)
[2025-08-01T03:45:18.720+0000] GC(792) Pause Young (Allocation Failure) 1171M->1177M(3641M) 88.849ms
[2025-08-01T03:45:18.720+0000] GC(792) User=0.62s Sys=0.03s Real=0.09s
[2025-08-01T03:45:18.805+0000] GC(793) Pause Young (Allocation Failure)
[2025-08-01T03:45:19.010+0000] GC(793) PSYoungGen: 931840K(931840K)->463904K(931840K) Eden: 465920K(465920K)->0K(465920K) From: 465920K(465920K)->463904K(465920K)
[2025-08-01T03:45:19.010+0000] GC(793) ParOldGen: 739975K(2796544K)->1114535K(2796544K)
[2025-08-01T03:45:19.010+0000] GC(793) Metaspace: 10662K(10880K)->10662K(10880K) NonClass: 9396K(9536K)->9396K(9536K) Class: 1265K(1344K)->1265K(1344K)
[2025-08-01T03:45:19.010+0000] GC(793) Pause Young (Allocation Failure) 1632M->1541M(3641M) 204.342ms
[2025-08-01T03:45:19.010+0000] GC(793) User=1.58s Sys=0.04s Real=0.20s
[2025-08-01T03:45:19.091+0000] GC(794) Pause Young (Allocation Failure)
[2025-08-01T03:45:19.220+0000] GC(794) PSYoungGen: 929824K(931840K)->340032K(931840K) Eden: 465920K(465920K)->0K(465920K) From: 463904K(465920K)->340032K(465920K)
[2025-08-01T03:45:19.220+0000] GC(794) ParOldGen: 1114535K(2796544K)->1338199K(2796544K)
[2025-08-01T03:45:19.220+0000] GC(794) Metaspace: 10662K(10880K)->10662K(10880K) NonClass: 9396K(9536K)->9396K(9536K) Class: 1265K(1344K)->1265K(1344K)
[2025-08-01T03:45:19.221+0000] GC(794) Pause Young (Allocation Failure) 1996M->1638M(3641M) 129.190ms
[2025-08-01T03:45:19.221+0000] GC(794) User=0.99s Sys=0.03s Real=0.13s
[2025-08-01T03:45:19.310+0000] GC(795) Pause Young (Allocation Failure)
[2025-08-01T03:45:19.463+0000] GC(795) PSYoungGen: 805952K(931840K)->407456K(931840K) Eden: 465920K(465920K)->0K(465920K) From: 340032K(465920K)->407456K(465920K)
[2025-08-01T03:45:19.463+0000] GC(795) ParOldGen: 1338199K(2796544K)->1568207K(2796544K)
[2025-08-01T03:45:19.463+0000] GC(795) Metaspace: 10662K(10880K)->10662K(10880K) NonClass: 9396K(9536K)->9396K(9536K) Class: 1265K(1344K)->1265K(1344K)
[2025-08-01T03:45:19.463+0000] GC(795) Pause Young (Allocation Failure) 2093M->1929M(3641M) 152.409ms
[2025-08-01T03:45:19.463+0000] GC(795) User=1.14s Sys=0.03s Real=0.15s
[2025-08-01T03:45:19.549+0000] GC(796) Pause Young (Allocation Failure)
[2025-08-01T03:45:19.720+0000] GC(796) PSYoungGen: 873376K(931840K)->465920K(931840K) Eden: 465920K(465920K)->0K(465920K) From: 407456K(465920K)->465920K(465920K)
[2025-08-01T03:45:19.720+0000] GC(796) ParOldGen: 1568207K(2796544K)->2008583K(2796544K)
[2025-08-01T03:45:19.720+0000] GC(796) Metaspace: 10662K(10880K)->10662K(10880K) NonClass: 9396K(9536K)->9396K(9536K) Class: 1265K(1344K)->1265K(1344K)
[2025-08-01T03:45:19.720+0000] GC(796) Pause Young (Allocation Failure) 2384M->2416M(3641M) 171.763ms
[2025-08-01T03:45:19.720+0000] GC(796) User=1.29s Sys=0.06s Real=0.17s
[2025-08-01T03:45:19.809+0000] GC(797) Pause Young (Allocation Failure)
[2025-08-01T03:45:19.997+0000] GC(797) PSYoungGen: 931840K(931840K)->450848K(931840K) Eden: 465920K(465920K)->0K(465920K) From: 465920K(465920K)->450848K(465920K)
[2025-08-01T03:45:19.997+0000] GC(797) ParOldGen: 2008583K(2796544K)->2379215K(2796544K)
[2025-08-01T03:45:19.997+0000] GC(797) Metaspace: 10662K(10880K)->10662K(10880K) NonClass: 9396K(9536K)->9396K(9536K) Class: 1265K(1344K)->1265K(1344K)
[2025-08-01T03:45:19.997+0000] GC(797) Pause Young (Allocation Failure) 2871M->2763M(3641M) 188.418ms
[2025-08-01T03:45:19.997+0000] GC(797) User=1.40s Sys=0.06s Real=0.19s
[2025-08-01T03:45:20.081+0000] GC(798) Pause Full (Ergonomics)
[2025-08-01T03:45:20.081+0000] GC(798) Marking Phase
[2025-08-01T03:45:20.141+0000] GC(798) Marking Phase 60.757ms
[2025-08-01T03:45:20.142+0000] GC(798) Summary Phase
[2025-08-01T03:45:20.142+0000] GC(798) Summary Phase 0.143ms
[2025-08-01T03:45:20.142+0000] GC(798) Adjust Roots
[2025-08-01T03:45:20.144+0000] GC(798) Adjust Roots 1.871ms
[2025-08-01T03:45:20.144+0000] GC(798) Compaction Phase
[2025-08-01T03:45:20.253+0000] GC(798) Compaction Phase 109.103ms
[2025-08-01T03:45:20.253+0000] GC(798) Post Compact
[2025-08-01T03:45:20.275+0000] GC(798) Post Compact 22.436ms
[2025-08-01T03:45:20.275+0000] GC(798) PSYoungGen: 916768K(931840K)->0K(931840K) Eden: 465920K(465920K)->0K(465920K) From: 450848K(465920K)->0K(465920K)
[2025-08-01T03:45:20.275+0000] GC(798) ParOldGen: 2379215K(2796544K)->743081K(2796544K)
[2025-08-01T03:45:20.275+0000] GC(798) Metaspace: 10662K(10880K)->10662K(10880K) NonClass: 9396K(9536K)->9396K(9536K) Class: 1265K(1344K)->1265K(1344K)
[2025-08-01T03:45:20.275+0000] GC(798) Pause Full (Ergonomics) 3218M->725M(3641M) 194.866ms
[2025-08-01T03:45:20.276+0000] GC(798) User=1.30s Sys=0.03s Real=0.20s
[2025-08-01T03:45:20.367+0000] GC(799) Pause Young (Allocation Failure)
[2025-08-01T03:45:20.490+0000] GC(799) PSYoungGen: 465920K(931840K)->411712K(931840K) Eden: 465920K(465920K)->0K(465920K) From: 0K(465920K)->411712K(465920K)
[2025-08-01T03:45:20.490+0000] GC(799) ParOldGen: 743081K(2796544K)->743081K(2796544K)
[2025-08-01T03:45:20.490+0000] GC(799) Metaspace: 10662K(10880K)->10662K(10880K) NonClass: 9396K(9536K)->9396K(9536K) Class: 1265K(1344K)->1265K(1344K)
[2025-08-01T03:45:20.490+0000] GC(799) Pause Young (Allocation Failure) 1180M->1127M(3641M) 122.385ms
[2025-08-01T03:45:20.490+0000] GC(799) User=0.94s Sys=0.01s Real=0.12s
[2025-08-01T03:45:20.584+0000] GC(800) Pause Young (Allocation Failure)
[2025-08-01T03:45:20.733+0000] GC(800) PSYoungGen: 877632K(931840K)->465920K(931840K) Eden: 465920K(465920K)->0K(465920K) From: 411712K(465920K)->465920K(465920K)
[2025-08-01T03:45:20.733+0000] GC(800) ParOldGen: 743081K(2796544K)->1186801K(2796544K)
[2025-08-01T03:45:20.733+0000] GC(800) Metaspace: 10662K(10880K)->10662K(10880K) NonClass: 9396K(9536K)->9396K(9536K) Class: 1265K(1344K)->1265K(1344K)
[2025-08-01T03:45:20.733+0000] GC(800) Pause Young (Allocation Failure) 1582M->1613M(3641M) 149.786ms
[2025-08-01T03:45:20.733+0000] GC(800) User=1.15s Sys=0.02s Real=0.15s
[2025-08-01T03:45:20.821+0000] GC(801) Pause Young (Allocation Failure)
[2025-08-01T03:45:20.960+0000] GC(801) PSYoungGen: 931840K(931840K)->457216K(931840K) Eden: 465920K(465920K)->0K(465920K) From: 465920K(465920K)->457216K(465920K)
[2025-08-01T03:45:20.960+0000] GC(801) ParOldGen: 1186801K(2796544K)->1552233K(2796544K)
[2025-08-01T03:45:20.960+0000] GC(801) Metaspace: 10662K(10880K)->10662K(10880K) NonClass: 9396K(9536K)->9396K(9536K) Class: 1265K(1344K)->1265K(1344K)
[2025-08-01T03:45:20.960+0000] GC(801) Pause Young (Allocation Failure) 2068M->1962M(3641M) 139.026ms
[2025-08-01T03:45:20.960+0000] GC(801) User=1.04s Sys=0.03s Real=0.14s
[2025-08-01T03:45:21.045+0000] GC(802) Pause Young (Allocation Failure)
[2025-08-01T03:45:21.190+0000] GC(802) PSYoungGen: 923136K(931840K)->355648K(931840K) Eden: 465920K(465920K)->0K(465920K) From: 457216K(465920K)->355648K(465920K)
[2025-08-01T03:45:21.191+0000] GC(802) ParOldGen: 1552233K(2796544K)->1766457K(2796544K)
[2025-08-01T03:45:21.191+0000] GC(802) Metaspace: 10662K(10880K)->10662K(10880K) NonClass: 9396K(9536K)->9396K(9536K) Class: 1265K(1344K)->1265K(1344K)
[2025-08-01T03:45:21.191+0000] GC(802) Pause Young (Allocation Failure) 2417M->2072M(3641M) 145.962ms
[2025-08-01T03:45:21.191+0000] GC(802) User=1.10s Sys=0.04s Real=0.14s
[2025-08-01T03:45:21.279+0000] GC(803) Pause Young (Allocation Failure)
[2025-08-01T03:45:21.403+0000] GC(803) PSYoungGen: 821568K(931840K)->413920K(931840K) Eden: 465920K(465920K)->0K(465920K) From: 355648K(465920K)->413920K(465920K)
[2025-08-01T03:45:21.403+0000] GC(803) ParOldGen: 1766457K(2796544K)->2004537K(2796544K)
[2025-08-01T03:45:21.403+0000] GC(803) Metaspace: 10662K(10880K)->10662K(10880K) NonClass: 9396K(9536K)->9396K(9536K) Class: 1265K(1344K)->1265K(1344K)
[2025-08-01T03:45:21.403+0000] GC(803) Pause Young (Allocation Failure) 2527M->2361M(3641M) 123.952ms
[2025-08-01T03:45:21.403+0000] GC(803) User=0.94s Sys=0.02s Real=0.13s
[2025-08-01T03:45:21.491+0000] GC(804) Pause Young (Allocation Failure)
[2025-08-01T03:45:21.698+0000] GC(804) PSYoungGen: 879840K(931840K)->465920K(931840K) Eden: 465920K(465920K)->0K(465920K) From: 413920K(465920K)->465920K(465920K)
[2025-08-01T03:45:21.698+0000] GC(804) ParOldGen: 2004537K(2796544K)->2450137K(2796544K)
[2025-08-01T03:45:21.698+0000] GC(804) Metaspace: 10662K(10880K)->10662K(10880K) NonClass: 9396K(9536K)->9396K(9536K) Class: 1265K(1344K)->1265K(1344K)
[2025-08-01T03:45:21.698+0000] GC(804) Pause Young (Allocation Failure) 2816M->2847M(3641M) 207.477ms
[2025-08-01T03:45:21.698+0000] GC(804) User=1.59s Sys=0.04s Real=0.21s
[2025-08-01T03:45:21.787+0000] GC(805) Pause Full (Ergonomics)
[2025-08-01T03:45:21.787+0000] GC(805) Marking Phase
[2025-08-01T03:45:21.920+0000] GC(805) Marking Phase 132.613ms
[2025-08-01T03:45:21.920+0000] GC(805) Summary Phase
[2025-08-01T03:45:21.920+0000] GC(805) Summary Phase 0.119ms
[2025-08-01T03:45:21.920+0000] GC(805) Adjust Roots
[2025-08-01T03:45:21.922+0000] GC(805) Adjust Roots 1.900ms
[2025-08-01T03:45:21.922+0000] GC(805) Compaction Phase
[2025-08-01T03:45:22.104+0000] GC(805) Compaction Phase 181.429ms
[2025-08-01T03:45:22.104+0000] GC(805) Post Compact
[2025-08-01T03:45:22.125+0000] GC(805) Post Compact 21.206ms
[2025-08-01T03:45:22.125+0000] GC(805) PSYoungGen: 931840K(931840K)->0K(931840K) Eden: 465920K(465920K)->0K(465920K) From: 465920K(465920K)->0K(465920K)
[2025-08-01T03:45:22.125+0000] GC(805) ParOldGen: 2450137K(2796544K)->1218742K(2796544K)
[2025-08-01T03:45:22.125+0000] GC(805) Metaspace: 10662K(10880K)->10662K(10880K) NonClass: 9396K(9536K)->9396K(9536K) Class: 1265K(1344K)->1265K(1344K)
[2025-08-01T03:45:22.125+0000] GC(805) Pause Full (Ergonomics) 3302M->1190M(3641M) 337.652ms
[2025-08-01T03:45:22.125+0000] GC(805) User=2.41s Sys=0.06s Real=0.34s
[2025-08-01T03:45:22.209+0000] GC(806) Pause Young (Allocation Failure)
[2025-08-01T03:45:22.299+0000] GC(806) PSYoungGen: 465920K(931840K)->456704K(931840K) Eden: 465920K(465920K)->0K(465920K) From: 0K(465920K)->456704K(465920K)
[2025-08-01T03:45:22.299+0000] GC(806) ParOldGen: 1218742K(2796544K)->1218742K(2796544K)
[2025-08-01T03:45:22.299+0000] GC(806) Metaspace: 10662K(10880K)->10662K(10880K) NonClass: 9396K(9536K)->9396K(9536K) Class: 1265K(1344K)->1265K(1344K)
[2025-08-01T03:45:22.299+0000] GC(806) Pause Young (Allocation Failure) 1645M->1636M(3641M) 90.165ms
[2025-08-01T03:45:22.299+0000] GC(806) User=0.68s Sys=0.03s Real=0.09s
[2025-08-01T03:45:22.385+0000] GC(807) Pause Young (Allocation Failure)
[2025-08-01T03:45:22.514+0000] GC(807) PSYoungGen: 922624K(931840K)->419392K(931840K) Eden: 465920K(465920K)->0K(465920K) From: 456704K(465920K)->419392K(465920K)
[2025-08-01T03:45:22.514+0000] GC(807) ParOldGen: 1218742K(2796544K)->1457822K(2796544K)
[2025-08-01T03:45:22.514+0000] GC(807) Metaspace: 10662K(10880K)->10662K(10880K) NonClass: 9396K(9536K)->9396K(9536K) Class: 1265K(1344K)->1265K(1344K)
[2025-08-01T03:45:22.514+0000] GC(807) Pause Young (Allocation Failure) 2091M->1833M(3641M) 128.567ms
[2025-08-01T03:45:22.514+0000] GC(807) User=0.97s Sys=0.03s Real=0.13s
[2025-08-01T03:45:22.599+0000] GC(808) Pause Young (Allocation Failure)
[2025-08-01T03:45:22.744+0000] GC(808) PSYoungGen: 885312K(931840K)->465920K(931840K) Eden: 465920K(465920K)->0K(465920K) From: 419392K(465920K)->465920K(465920K)
[2025-08-01T03:45:22.744+0000] GC(808) ParOldGen: 1457822K(2796544K)->1911326K(2796544K)
[2025-08-01T03:45:22.744+0000] GC(808) Metaspace: 10662K(10880K)->10662K(10880K) NonClass: 9396K(9536K)->9396K(9536K) Class: 1265K(1344K)->1265K(1344K)
[2025-08-01T03:45:22.744+0000] GC(808) Pause Young (Allocation Failure) 2288M->2321M(3641M) 144.741ms
[2025-08-01T03:45:22.744+0000] GC(808) User=1.13s Sys=0.00s Real=0.15s
[2025-08-01T03:45:22.833+0000] GC(809) Pause Young (Allocation Failure)
[2025-08-01T03:45:23.015+0000] GC(809) PSYoungGen: 931840K(931840K)->456544K(931840K) Eden: 465920K(465920K)->0K(465920K) From: 465920K(465920K)->456544K(465920K)
[2025-08-01T03:45:23.015+0000] GC(809) ParOldGen: 1911326K(2796544K)->2288958K(2796544K)
[2025-08-01T03:45:23.015+0000] GC(809) Metaspace: 10662K(10880K)->10662K(10880K) NonClass: 9396K(9536K)->9396K(9536K) Class: 1265K(1344K)->1265K(1344K)
[2025-08-01T03:45:23.016+0000] GC(809) Pause Young (Allocation Failure) 2776M->2681M(3641M) 182.845ms
[2025-08-01T03:45:23.016+0000] GC(809) User=1.36s Sys=0.05s Real=0.19s
[2025-08-01T03:45:23.101+0000] GC(810) Pause Full (Ergonomics)
[2025-08-01T03:45:23.101+0000] GC(810) Marking Phase
[2025-08-01T03:45:23.180+0000] GC(810) Marking Phase 79.143ms
[2025-08-01T03:45:23.180+0000] GC(810) Summary Phase
[2025-08-01T03:45:23.180+0000] GC(810) Summary Phase 0.089ms
[2025-08-01T03:45:23.180+0000] GC(810) Adjust Roots
[2025-08-01T03:45:23.182+0000] GC(810) Adjust Roots 1.491ms
[2025-08-01T03:45:23.182+0000] GC(810) Compaction Phase
[2025-08-01T03:45:23.355+0000] GC(810) Compaction Phase 173.591ms
[2025-08-01T03:45:23.355+0000] GC(810) Post Compact
[2025-08-01T03:45:23.373+0000] GC(810) Post Compact 17.487ms
[2025-08-01T03:45:23.373+0000] GC(810) PSYoungGen: 922464K(931840K)->0K(931840K) Eden: 465920K(465920K)->0K(465920K) From: 456544K(465920K)->0K(465920K)
[2025-08-01T03:45:23.373+0000] GC(810) ParOldGen: 2288958K(2796544K)->1230815K(2796544K)
[2025-08-01T03:45:23.373+0000] GC(810) Metaspace: 10662K(10880K)->10662K(10880K) NonClass: 9396K(9536K)->9396K(9536K) Class: 1265K(1344K)->1265K(1344K)
[2025-08-01T03:45:23.373+0000] GC(810) Pause Full (Ergonomics) 3136M->1201M(3641M) 272.233ms
[2025-08-01T03:45:23.373+0000] GC(810) User=1.99s Sys=0.00s Real=0.27s
[2025-08-01T03:45:23.457+0000] GC(811) Pause Young (Allocation Failure)
[2025-08-01T03:45:23.546+0000] GC(811) PSYoungGen: 465920K(931840K)->424384K(931840K) Eden: 465920K(465920K)->0K(465920K) From: 0K(465920K)->424384K(465920K)
[2025-08-01T03:45:23.546+0000] GC(811) ParOldGen: 1230815K(2796544K)->1230815K(2796544K)
[2025-08-01T03:45:23.546+0000] GC(811) Metaspace: 10662K(10880K)->10662K(10880K) NonClass: 9396K(9536K)->9396K(9536K) Class: 1265K(1344K)->1265K(1344K)
[2025-08-01T03:45:23.546+0000] GC(811) Pause Young (Allocation Failure) 1656M->1616M(3641M) 88.473ms
[2025-08-01T03:45:23.546+0000] GC(811) User=0.66s Sys=0.02s Real=0.09s
[2025-08-01T03:45:23.632+0000] GC(812) Pause Young (Allocation Failure)
[2025-08-01T03:45:23.871+0000] GC(812) PSYoungGen: 890304K(931840K)->465920K(931840K) Eden: 465920K(465920K)->0K(465920K) From: 424384K(465920K)->465920K(465920K)
[2025-08-01T03:45:23.871+0000] GC(812) ParOldGen: 1230815K(2796544K)->1686631K(2796544K)
[2025-08-01T03:45:23.871+0000] GC(812) Metaspace: 10662K(10880K)->10662K(10880K) NonClass: 9396K(9536K)->9396K(9536K) Class: 1265K(1344K)->1265K(1344K)
[2025-08-01T03:45:23.871+0000] GC(812) Pause Young (Allocation Failure) 2071M->2102M(3641M) 238.694ms
[2025-08-01T03:45:23.871+0000] GC(812) User=1.77s Sys=0.05s Real=0.24s
[2025-08-01T03:45:24.001+0000] GC(813) Pause Young (Allocation Failure)
[2025-08-01T03:45:24.184+0000] GC(813) PSYoungGen: 931840K(931840K)->350112K(931840K) Eden: 465920K(465920K)->0K(465920K) From: 465920K(465920K)->350112K(465920K)
[2025-08-01T03:45:24.184+0000] GC(813) ParOldGen: 1686631K(2796544K)->1931055K(2796544K)
[2025-08-01T03:45:24.184+0000] GC(813) Metaspace: 10662K(10880K)->10662K(10880K) NonClass: 9396K(9536K)->9396K(9536K) Class: 1265K(1344K)->1265K(1344K)
[2025-08-01T03:45:24.184+0000] GC(813) Pause Young (Allocation Failure) 2557M->2227M(3641M) 182.977ms
[2025-08-01T03:45:24.184+0000] GC(813) User=1.12s Sys=0.18s Real=0.19s
[2025-08-01T03:45:24.277+0000] GC(814) Pause Young (Allocation Failure)
[2025-08-01T03:45:24.423+0000] GC(814) PSYoungGen: 816032K(931840K)->378208K(931840K) Eden: 465920K(465920K)->0K(465920K) From: 350112K(465920K)->378208K(465920K)
[2025-08-01T03:45:24.424+0000] GC(814) ParOldGen: 1931055K(2796544K)->2139759K(2796544K)
[2025-08-01T03:45:24.424+0000] GC(814) Metaspace: 10662K(10880K)->10662K(10880K) NonClass: 9396K(9536K)->9396K(9536K) Class: 1265K(1344K)->1265K(1344K)
[2025-08-01T03:45:24.424+0000] GC(814) Pause Young (Allocation Failure) 2682M->2458M(3641M) 146.198ms
[2025-08-01T03:45:24.424+0000] GC(814) User=1.09s Sys=0.05s Real=0.15s
[2025-08-01T03:45:24.526+0000] GC(815) Pause Young (Allocation Failure)
[2025-08-01T03:45:24.687+0000] GC(815) PSYoungGen: 844128K(931840K)->400896K(931840K) Eden: 465920K(465920K)->0K(465920K) From: 378208K(465920K)->400896K(465920K)
[2025-08-01T03:45:24.687+0000] GC(815) ParOldGen: 2139759K(2796544K)->2414951K(2796544K)
[2025-08-01T03:45:24.687+0000] GC(815) Metaspace: 10662K(10880K)->10662K(10880K) NonClass: 9396K(9536K)->9396K(9536K) Class: 1265K(1344K)->1265K(1344K)
[2025-08-01T03:45:24.687+0000] GC(815) Pause Young (Allocation Failure) 2913M->2749M(3641M) 160.696ms
[2025-08-01T03:45:24.687+0000] GC(815) User=1.12s Sys=0.07s Real=0.16s
[2025-08-01T03:45:24.778+0000] GC(816) Pause Full (Ergonomics)
[2025-08-01T03:45:24.778+0000] GC(816) Marking Phase
[2025-08-01T03:45:24.892+0000] GC(816) Marking Phase 113.965ms
[2025-08-01T03:45:24.892+0000] GC(816) Summary Phase
[2025-08-01T03:45:24.892+0000] GC(816) Summary Phase 0.087ms
[2025-08-01T03:45:24.892+0000] GC(816) Adjust Roots
[2025-08-01T03:45:24.894+0000] GC(816) Adjust Roots 1.642ms
[2025-08-01T03:45:24.894+0000] GC(816) Compaction Phase
[2025-08-01T03:45:25.080+0000] GC(816) Compaction Phase 186.309ms
[2025-08-01T03:45:25.080+0000] GC(816) Post Compact
[2025-08-01T03:45:25.103+0000] GC(816) Post Compact 22.542ms
[2025-08-01T03:45:25.103+0000] GC(816) PSYoungGen: 866816K(931840K)->0K(931840K) Eden: 465920K(465920K)->0K(465920K) From: 400896K(465920K)->0K(465920K)
[2025-08-01T03:45:25.103+0000] GC(816) ParOldGen: 2414951K(2796544K)->1240564K(2796544K)
[2025-08-01T03:45:25.103+0000] GC(816) Metaspace: 10662K(10880K)->10662K(10880K) NonClass: 9396K(9536K)->9396K(9536K) Class: 1265K(1344K)->1265K(1344K)
[2025-08-01T03:45:25.103+0000] GC(816) Pause Full (Ergonomics) 3204M->1211M(3641M) 325.052ms
[2025-08-01T03:45:25.103+0000] GC(816) User=2.27s Sys=0.04s Real=0.32s
[2025-08-01T03:45:25.241+0000] GC(817) Pause Young (Allocation Failure)
[2025-08-01T03:45:25.331+0000] GC(817) PSYoungGen: 465920K(931840K)->330560K(931840K) Eden: 465920K(465920K)->0K(465920K) From: 0K(465920K)->330560K(465920K)
[2025-08-01T03:45:25.331+0000] GC(817) ParOldGen: 1240564K(2796544K)->1240564K(2796544K)
[2025-08-01T03:45:25.331+0000] GC(817) Metaspace: 10662K(10880K)->10662K(10880K) NonClass: 9396K(9536K)->9396K(9536K) Class: 1265K(1344K)->1265K(1344K)
[2025-08-01T03:45:25.331+0000] GC(817) Pause Young (Allocation Failure) 1666M->1534M(3641M) 90.921ms
[2025-08-01T03:45:25.332+0000] GC(817) User=0.67s Sys=0.03s Real=0.09s
[2025-08-01T03:45:25.423+0000] GC(818) Pause Young (Allocation Failure)
[2025-08-01T03:45:25.575+0000] GC(818) PSYoungGen: 796480K(931840K)->380512K(931840K) Eden: 465920K(465920K)->0K(465920K) From: 330560K(465920K)->380512K(465920K)
[2025-08-01T03:45:25.576+0000] GC(818) ParOldGen: 1240564K(2796544K)->1451868K(2796544K)
[2025-08-01T03:45:25.576+0000] GC(818) Metaspace: 10662K(10880K)->10662K(10880K) NonClass: 9396K(9536K)->9396K(9536K) Class: 1265K(1344K)->1265K(1344K)
[2025-08-01T03:45:25.576+0000] GC(818) Pause Young (Allocation Failure) 1989M->1789M(3641M) 152.535ms
[2025-08-01T03:45:25.576+0000] GC(818) User=1.10s Sys=0.07s Real=0.16s
[2025-08-01T03:45:25.667+0000] GC(819) Pause Young (Allocation Failure)
[2025-08-01T03:45:25.771+0000] GC(819) PSYoungGen: 846432K(931840K)->406144K(931840K) Eden: 465920K(465920K)->0K(465920K) From: 380512K(465920K)->406144K(465920K)
[2025-08-01T03:45:25.771+0000] GC(819) ParOldGen: 1451868K(2796544K)->1731700K(2796544K)
[2025-08-01T03:45:25.772+0000] GC(819) Metaspace: 10662K(10880K)->10662K(10880K) NonClass: 9396K(9536K)->9396K(9536K) Class: 1265K(1344K)->1265K(1344K)
[2025-08-01T03:45:25.772+0000] GC(819) Pause Young (Allocation Failure) 2244M->2087M(3641M) 104.877ms
[2025-08-01T03:45:25.772+0000] GC(819) User=0.83s Sys=0.00s Real=0.10s
[2025-08-01T03:45:25.863+0000] GC(820) Pause Young (Allocation Failure)
[2025-08-01T03:45:26.010+0000] GC(820) PSYoungGen: 872064K(931840K)->465920K(931840K) Eden: 465920K(465920K)->0K(465920K) From: 406144K(465920K)->465920K(465920K)
[2025-08-01T03:45:26.010+0000] GC(820) ParOldGen: 1731700K(2796544K)->2168292K(2796544K)
[2025-08-01T03:45:26.010+0000] GC(820) Metaspace: 10662K(10880K)->10662K(10880K) NonClass: 9396K(9536K)->9396K(9536K) Class: 1265K(1344K)->1265K(1344K)
[2025-08-01T03:45:26.010+0000] GC(820) Pause Young (Allocation Failure) 2542M->2572M(3641M) 146.856ms
[2025-08-01T03:45:26.010+0000] GC(820) User=1.07s Sys=0.02s Real=0.14s
[2025-08-01T03:45:26.153+0000] GC(821) Pause Young (Allocation Failure)
[2025-08-01T03:45:26.285+0000] GC(821) PSYoungGen: 931840K(931840K)->343488K(931840K) Eden: 465920K(465920K)->0K(465920K) From: 465920K(465920K)->343488K(465920K)
[2025-08-01T03:45:26.285+0000] GC(821) ParOldGen: 2168292K(2796544K)->2412212K(2796544K)
[2025-08-01T03:45:26.285+0000] GC(821) Metaspace: 10662K(10880K)->10662K(10880K) NonClass: 9396K(9536K)->9396K(9536K) Class: 1265K(1344K)->1265K(1344K)
[2025-08-01T03:45:26.285+0000] GC(821) Pause Young (Allocation Failure) 3027M->2691M(3641M) 131.916ms
[2025-08-01T03:45:26.285+0000] GC(821) User=0.99s Sys=0.03s Real=0.13s
[2025-08-01T03:45:26.379+0000] GC(822) Pause Full (Ergonomics)
[2025-08-01T03:45:26.379+0000] GC(822) Marking Phase
[2025-08-01T03:45:26.486+0000] GC(822) Marking Phase 107.477ms
[2025-08-01T03:45:26.486+0000] GC(822) Summary Phase
[2025-08-01T03:45:26.486+0000] GC(822) Summary Phase 0.134ms
[2025-08-01T03:45:26.486+0000] GC(822) Adjust Roots
[2025-08-01T03:45:26.489+0000] GC(822) Adjust Roots 2.788ms
[2025-08-01T03:45:26.489+0000] GC(822) Compaction Phase
[2025-08-01T03:45:26.647+0000] GC(822) Compaction Phase 157.481ms
[2025-08-01T03:45:26.647+0000] GC(822) Post Compact
[2025-08-01T03:45:26.668+0000] GC(822) Post Compact 21.291ms
[2025-08-01T03:45:26.668+0000] GC(822) PSYoungGen: 809408K(931840K)->0K(931840K) Eden: 465920K(465920K)->0K(465920K) From: 343488K(465920K)->0K(465920K)
[2025-08-01T03:45:26.668+0000] GC(822) ParOldGen: 2412212K(2796544K)->791280K(2796544K)
[2025-08-01T03:45:26.668+0000] GC(822) Metaspace: 10662K(10880K)->10662K(10880K) NonClass: 9396K(9536K)->9396K(9536K) Class: 1265K(1344K)->1265K(1344K)
[2025-08-01T03:45:26.668+0000] GC(822) Pause Full (Ergonomics) 3146M->772M(3641M) 289.646ms
[2025-08-01T03:45:26.668+0000] GC(822) User=1.98s Sys=0.06s Real=0.29s
[2025-08-01T03:45:26.756+0000] GC(823) Pause Young (Allocation Failure)
[2025-08-01T03:45:26.837+0000] GC(823) PSYoungGen: 465920K(931840K)->412576K(931840K) Eden: 465920K(465920K)->0K(465920K) From: 0K(465920K)->412576K(465920K)
[2025-08-01T03:45:26.837+0000] GC(823) ParOldGen: 791280K(2796544K)->791280K(2796544K)
[2025-08-01T03:45:26.837+0000] GC(823) Metaspace: 10662K(10880K)->10662K(10880K) NonClass: 9396K(9536K)->9396K(9536K) Class: 1265K(1344K)->1265K(1344K)
[2025-08-01T03:45:26.837+0000] GC(823) Pause Young (Allocation Failure) 1227M->1175M(3641M) 81.465ms
[2025-08-01T03:45:26.837+0000] GC(823) User=0.61s Sys=0.02s Real=0.08s
[2025-08-01T03:45:26.924+0000] GC(824) Pause Young (Allocation Failure)
[2025-08-01T03:45:27.079+0000] GC(824) PSYoungGen: 878496K(931840K)->465920K(931840K) Eden: 465920K(465920K)->0K(465920K) From: 412576K(465920K)->465920K(465920K)
[2025-08-01T03:45:27.079+0000] GC(824) ParOldGen: 791280K(2796544K)->1236576K(2796544K)
[2025-08-01T03:45:27.079+0000] GC(824) Metaspace: 10662K(10880K)->10662K(10880K) NonClass: 9396K(9536K)->9396K(9536K) Class: 1265K(1344K)->1265K(1344K)
[2025-08-01T03:45:27.079+0000] GC(824) Pause Young (Allocation Failure) 1630M->1662M(3641M) 154.231ms
[2025-08-01T03:45:27.079+0000] GC(824) User=1.12s Sys=0.06s Real=0.15s
[2025-08-01T03:45:27.164+0000] GC(825) Pause Young (Allocation Failure)
[2025-08-01T03:45:27.310+0000] GC(825) PSYoungGen: 931840K(931840K)->454464K(931840K) Eden: 465920K(465920K)->0K(465920K) From: 465920K(465920K)->454464K(465920K)
[2025-08-01T03:45:27.310+0000] GC(825) ParOldGen: 1236576K(2796544K)->1605472K(2796544K)
[2025-08-01T03:45:27.310+0000] GC(825) Metaspace: 10662K(10880K)->10662K(10880K) NonClass: 9396K(9536K)->9396K(9536K) Class: 1265K(1344K)->1265K(1344K)
[2025-08-01T03:45:27.310+0000] GC(825) Pause Young (Allocation Failure) 2117M->2011M(3641M) 145.700ms
[2025-08-01T03:45:27.310+0000] GC(825) User=1.10s Sys=0.02s Real=0.14s
[2025-08-01T03:45:27.393+0000] GC(826) Pause Young (Allocation Failure)
[2025-08-01T03:45:27.503+0000] GC(826) PSYoungGen: 920384K(931840K)->406848K(931840K) Eden: 465920K(465920K)->0K(465920K) From: 454464K(465920K)->406848K(465920K)
[2025-08-01T03:45:27.504+0000] GC(826) ParOldGen: 1605472K(2796544K)->1822928K(2796544K)
[2025-08-01T03:45:27.504+0000] GC(826) Metaspace: 10662K(10880K)->10662K(10880K) NonClass: 9396K(9536K)->9396K(9536K) Class: 1265K(1344K)->1265K(1344K)
[2025-08-01T03:45:27.504+0000] GC(826) Pause Young (Allocation Failure) 2466M->2177M(3641M) 110.485ms
[2025-08-01T03:45:27.504+0000] GC(826) User=0.82s Sys=0.04s Real=0.11s
[2025-08-01T03:45:27.590+0000] GC(827) Pause Young (Allocation Failure)
[2025-08-01T03:45:27.791+0000] GC(827) PSYoungGen: 872768K(931840K)->401184K(931840K) Eden: 465920K(465920K)->0K(465920K) From: 406848K(465920K)->401184K(465920K)
[2025-08-01T03:45:27.791+0000] GC(827) ParOldGen: 1822928K(2796544K)->2127704K(2796544K)
[2025-08-01T03:45:27.791+0000] GC(827) Metaspace: 10662K(10880K)->10662K(10880K) NonClass: 9396K(9536K)->9396K(9536K) Class: 1265K(1344K)->1265K(1344K)
[2025-08-01T03:45:27.791+0000] GC(827) Pause Young (Allocation Failure) 2632M->2469M(3641M) 201.194ms
[2025-08-01T03:45:27.791+0000] GC(827) User=1.52s Sys=0.05s Real=0.20s
[2025-08-01T03:45:27.882+0000] GC(828) Pause Young (Allocation Failure)
[2025-08-01T03:45:28.140+0000] GC(828) PSYoungGen: 867104K(931840K)->465920K(931840K) Eden: 465920K(465920K)->0K(465920K) From: 401184K(465920K)->465920K(465920K)
[2025-08-01T03:45:28.140+0000] GC(828) ParOldGen: 2127704K(2796544K)->2559944K(2796544K)
[2025-08-01T03:45:28.140+0000] GC(828) Metaspace: 10662K(10880K)->10662K(10880K) NonClass: 9396K(9536K)->9396K(9536K) Class: 1265K(1344K)->1265K(1344K)
[2025-08-01T03:45:28.140+0000] GC(828) Pause Young (Allocation Failure) 2924M->2954M(3641M) 258.372ms
[2025-08-01T03:45:28.140+0000] GC(828) User=1.84s Sys=0.13s Real=0.26s
[2025-08-01T03:45:28.228+0000] GC(829) Pause Full (Ergonomics)
[2025-08-01T03:45:28.228+0000] GC(829) Marking Phase
[2025-08-01T03:45:28.300+0000] GC(829) Marking Phase 71.822ms
[2025-08-01T03:45:28.300+0000] GC(829) Summary Phase
[2025-08-01T03:45:28.300+0000] GC(829) Summary Phase 0.124ms
[2025-08-01T03:45:28.300+0000] GC(829) Adjust Roots
[2025-08-01T03:45:28.301+0000] GC(829) Adjust Roots 1.237ms
[2025-08-01T03:45:28.301+0000] GC(829) Compaction Phase
[2025-08-01T03:45:28.493+0000] GC(829) Compaction Phase 191.958ms
[2025-08-01T03:45:28.493+0000] GC(829) Post Compact
[2025-08-01T03:45:28.515+0000] GC(829) Post Compact 21.673ms
[2025-08-01T03:45:28.515+0000] GC(829) PSYoungGen: 931840K(931840K)->0K(931840K) Eden: 465920K(465920K)->0K(465920K) From: 465920K(465920K)->0K(465920K)
[2025-08-01T03:45:28.515+0000] GC(829) ParOldGen: 2559944K(2796544K)->1269374K(2796544K)
[2025-08-01T03:45:28.515+0000] GC(829) Metaspace: 10662K(10880K)->10662K(10880K) NonClass: 9396K(9536K)->9396K(9536K) Class: 1265K(1344K)->1265K(1344K)
[2025-08-01T03:45:28.515+0000] GC(829) Pause Full (Ergonomics) 3409M->1239M(3641M) 287.342ms
[2025-08-01T03:45:28.515+0000] GC(829) User=2.06s Sys=0.02s Real=0.29s
[2025-08-01T03:45:28.600+0000] GC(830) Pause Young (Allocation Failure)
[2025-08-01T03:45:28.684+0000] GC(830) PSYoungGen: 465920K(931840K)->419456K(931840K) Eden: 465920K(465920K)->0K(465920K) From: 0K(465920K)->419456K(465920K)
[2025-08-01T03:45:28.684+0000] GC(830) ParOldGen: 1269374K(2796544K)->1269374K(2796544K)
[2025-08-01T03:45:28.684+0000] GC(830) Metaspace: 10662K(10880K)->10662K(10880K) NonClass: 9396K(9536K)->9396K(9536K) Class: 1265K(1344K)->1265K(1344K)
[2025-08-01T03:45:28.684+0000] GC(830) Pause Young (Allocation Failure) 1694M->1649M(3641M) 83.957ms
[2025-08-01T03:45:28.684+0000] GC(830) User=0.63s Sys=0.03s Real=0.09s
[2025-08-01T03:45:28.767+0000] GC(831) Pause Young (Allocation Failure)
[2025-08-01T03:45:28.907+0000] GC(831) PSYoungGen: 885376K(931840K)->430368K(931840K) Eden: 465920K(465920K)->0K(465920K) From: 419456K(465920K)->430368K(465920K)
[2025-08-01T03:45:28.907+0000] GC(831) ParOldGen: 1269374K(2796544K)->1559950K(2796544K)
[2025-08-01T03:45:28.907+0000] GC(831) Metaspace: 10662K(10880K)->10662K(10880K) NonClass: 9396K(9536K)->9396K(9536K) Class: 1265K(1344K)->1265K(1344K)
[2025-08-01T03:45:28.907+0000] GC(831) Pause Young (Allocation Failure) 2104M->1943M(3641M) 139.859ms
[2025-08-01T03:45:28.907+0000] GC(831) User=1.04s Sys=0.04s Real=0.14s
[2025-08-01T03:45:28.988+0000] GC(832) Pause Young (Allocation Failure)
[2025-08-01T03:45:29.159+0000] GC(832) PSYoungGen: 896288K(931840K)->465920K(931840K) Eden: 465920K(465920K)->0K(465920K) From: 430368K(465920K)->465920K(465920K)
[2025-08-01T03:45:29.159+0000] GC(832) ParOldGen: 1559950K(2796544K)->2024614K(2796544K)
[2025-08-01T03:45:29.159+0000] GC(832) Metaspace: 10662K(10880K)->10662K(10880K) NonClass: 9396K(9536K)->9396K(9536K) Class: 1265K(1344K)->1265K(1344K)
[2025-08-01T03:45:29.159+0000] GC(832) Pause Young (Allocation Failure) 2398M->2432M(3641M) 170.583ms
[2025-08-01T03:45:29.159+0000] GC(832) User=1.24s Sys=0.06s Real=0.17s
[2025-08-01T03:45:29.253+0000] GC(833) Pause Young (Allocation Failure)
[2025-08-01T03:45:29.400+0000] GC(833) PSYoungGen: 931840K(931840K)->421888K(931840K) Eden: 465920K(465920K)->0K(465920K) From: 465920K(465920K)->421888K(465920K)
[2025-08-01T03:45:29.400+0000] GC(833) ParOldGen: 2024614K(2796544K)->2399542K(2796544K)
[2025-08-01T03:45:29.400+0000] GC(833) Metaspace: 10662K(10880K)->10662K(10880K) NonClass: 9396K(9536K)->9396K(9536K) Class: 1265K(1344K)->1265K(1344K)
[2025-08-01T03:45:29.400+0000] GC(833) Pause Young (Allocation Failure) 2887M->2755M(3641M) 146.700ms
[2025-08-01T03:45:29.400+0000] GC(833) User=1.05s Sys=0.05s Real=0.14s
[2025-08-01T03:45:29.484+0000] GC(834) Pause Full (Ergonomics)
[2025-08-01T03:45:29.485+0000] GC(834) Marking Phase
[2025-08-01T03:45:29.555+0000] GC(834) Marking Phase 70.608ms
[2025-08-01T03:45:29.555+0000] GC(834) Summary Phase
[2025-08-01T03:45:29.555+0000] GC(834) Summary Phase 0.140ms
[2025-08-01T03:45:29.555+0000] GC(834) Adjust Roots
[2025-08-01T03:45:29.557+0000] GC(834) Adjust Roots 1.645ms
[2025-08-01T03:45:29.557+0000] GC(834) Compaction Phase
[2025-08-01T03:45:29.693+0000] GC(834) Compaction Phase 135.377ms
[2025-08-01T03:45:29.693+0000] GC(834) Post Compact
[2025-08-01T03:45:29.717+0000] GC(834) Post Compact 24.031ms
[2025-08-01T03:45:29.717+0000] GC(834) PSYoungGen: 887808K(931840K)->0K(931840K) Eden: 465920K(465920K)->0K(465920K) From: 421888K(465920K)->0K(465920K)
[2025-08-01T03:45:29.717+0000] GC(834) ParOldGen: 2399542K(2796544K)->819727K(2796544K)
[2025-08-01T03:45:29.717+0000] GC(834) Metaspace: 10662K(10880K)->10662K(10880K) NonClass: 9396K(9536K)->9396K(9536K) Class: 1265K(1344K)->1265K(1344K)
[2025-08-01T03:45:29.717+0000] GC(834) Pause Full (Ergonomics) 3210M->800M(3641M) 232.542ms
[2025-08-01T03:45:29.717+0000] GC(834) User=1.55s Sys=0.05s Real=0.23s
[2025-08-01T03:45:29.803+0000] GC(835) Pause Young (Allocation Failure)
[2025-08-01T03:45:29.872+0000] GC(835) PSYoungGen: 465920K(931840K)->449408K(931840K) Eden: 465920K(465920K)->0K(465920K) From: 0K(465920K)->449408K(465920K)
[2025-08-01T03:45:29.872+0000] GC(835) ParOldGen: 819727K(2796544K)->819727K(2796544K)
[2025-08-01T03:45:29.872+0000] GC(835) Metaspace: 10662K(10880K)->10662K(10880K) NonClass: 9396K(9536K)->9396K(9536K) Class: 1265K(1344K)->1265K(1344K)
[2025-08-01T03:45:29.872+0000] GC(835) Pause Young (Allocation Failure) 1255M->1239M(3641M) 69.278ms
[2025-08-01T03:45:29.872+0000] GC(835) User=0.53s Sys=0.01s Real=0.07s
[2025-08-01T03:45:29.966+0000] GC(836) Pause Young (Allocation Failure)
[2025-08-01T03:45:30.164+0000] GC(836) PSYoungGen: 915328K(931840K)->465920K(931840K) Eden: 465920K(465920K)->0K(465920K) From: 449408K(465920K)->465920K(465920K)
[2025-08-01T03:45:30.164+0000] GC(836) ParOldGen: 819727K(2796544K)->1303903K(2796544K)
[2025-08-01T03:45:30.164+0000] GC(836) Metaspace: 10662K(10880K)->10662K(10880K) NonClass: 9396K(9536K)->9396K(9536K) Class: 1265K(1344K)->1265K(1344K)
[2025-08-01T03:45:30.164+0000] GC(836) Pause Young (Allocation Failure) 1694M->1728M(3641M) 197.295ms
[2025-08-01T03:45:30.164+0000] GC(836) User=1.46s Sys=0.06s Real=0.20s
[2025-08-01T03:45:30.252+0000] GC(837) Pause Young (Allocation Failure)
[2025-08-01T03:45:30.402+0000] GC(837) PSYoungGen: 931840K(931840K)->418016K(931840K) Eden: 465920K(465920K)->0K(465920K) From: 465920K(465920K)->418016K(465920K)
[2025-08-01T03:45:30.402+0000] GC(837) ParOldGen: 1303903K(2796544K)->1689815K(2796544K)
[2025-08-01T03:45:30.402+0000] GC(837) Metaspace: 10662K(10880K)->10662K(10880K) NonClass: 9396K(9536K)->9396K(9536K) Class: 1265K(1344K)->1265K(1344K)
[2025-08-01T03:45:30.402+0000] GC(837) Pause Young (Allocation Failure) 2183M->2058M(3641M) 150.519ms
[2025-08-01T03:45:30.402+0000] GC(837) User=1.17s Sys=0.03s Real=0.15s
[2025-08-01T03:45:30.504+0000] GC(838) Pause Young (Allocation Failure)
[2025-08-01T03:45:30.630+0000] GC(838) PSYoungGen: 883936K(931840K)->412384K(931840K) Eden: 465920K(465920K)->0K(465920K) From: 418016K(465920K)->412384K(465920K)
[2025-08-01T03:45:30.630+0000] GC(838) ParOldGen: 1689815K(2796544K)->1872591K(2796544K)
[2025-08-01T03:45:30.630+0000] GC(838) Metaspace: 10662K(10880K)->10662K(10880K) NonClass: 9396K(9536K)->9396K(9536K) Class: 1265K(1344K)->1265K(1344K)
[2025-08-01T03:45:30.630+0000] GC(838) Pause Young (Allocation Failure) 2513M->2231M(3641M) 125.795ms
[2025-08-01T03:45:30.630+0000] GC(838) User=0.93s Sys=0.04s Real=0.12s
[2025-08-01T03:45:30.715+0000] GC(839) Pause Young (Allocation Failure)
[2025-08-01T03:45:30.879+0000] GC(839) PSYoungGen: 878304K(931840K)->459328K(931840K) Eden: 465920K(465920K)->0K(465920K) From: 412384K(465920K)->459328K(465920K)
[2025-08-01T03:45:30.879+0000] GC(839) ParOldGen: 1872591K(2796544K)->2182071K(2796544K)
[2025-08-01T03:45:30.879+0000] GC(839) Metaspace: 10662K(10880K)->10662K(10880K) NonClass: 9396K(9536K)->9396K(9536K) Class: 1265K(1344K)->1265K(1344K)
[2025-08-01T03:45:30.879+0000] GC(839) Pause Young (Allocation Failure) 2686M->2579M(3641M) 163.727ms
[2025-08-01T03:45:30.879+0000] GC(839) User=1.21s Sys=0.05s Real=0.16s
[2025-08-01T03:45:30.963+0000] GC(840) Pause Young (Allocation Failure)
[2025-08-01T03:45:31.138+0000] GC(840) PSYoungGen: 925248K(931840K)->465920K(931840K) Eden: 465920K(465920K)->0K(465920K) From: 459328K(465920K)->465920K(465920K)
[2025-08-01T03:45:31.138+0000] GC(840) ParOldGen: 2182071K(2796544K)->2677119K(2796544K)
[2025-08-01T03:45:31.138+0000] GC(840) Metaspace: 10662K(10880K)->10662K(10880K) NonClass: 9396K(9536K)->9396K(9536K) Class: 1265K(1344K)->1265K(1344K)
[2025-08-01T03:45:31.138+0000] GC(840) Pause Young (Allocation Failure) 3034M->3069M(3641M) 174.844ms
[2025-08-01T03:45:31.138+0000] GC(840) User=1.31s Sys=0.06s Real=0.17s
[2025-08-01T03:45:31.220+0000] GC(841) Pause Full (Ergonomics)
[2025-08-01T03:45:31.220+0000] GC(841) Marking Phase
[2025-08-01T03:45:31.307+0000] GC(841) Marking Phase 86.907ms
[2025-08-01T03:45:31.307+0000] GC(841) Summary Phase
[2025-08-01T03:45:31.307+0000] GC(841) Summary Phase 0.127ms
[2025-08-01T03:45:31.307+0000] GC(841) Adjust Roots
[2025-08-01T03:45:31.309+0000] GC(841) Adjust Roots 1.602ms
[2025-08-01T03:45:31.309+0000] GC(841) Compaction Phase
[2025-08-01T03:45:31.512+0000] GC(841) Compaction Phase 202.456ms
[2025-08-01T03:45:31.512+0000] GC(841) Post Compact
[2025-08-01T03:45:31.535+0000] GC(841) Post Compact 23.825ms
[2025-08-01T03:45:31.536+0000] GC(841) PSYoungGen: 931840K(931840K)->0K(931840K) Eden: 465920K(465920K)->0K(465920K) From: 465920K(465920K)->0K(465920K)
[2025-08-01T03:45:31.536+0000] GC(841) ParOldGen: 2677119K(2796544K)->1297971K(2796544K)
[2025-08-01T03:45:31.536+0000] GC(841) Metaspace: 10662K(10880K)->10662K(10880K) NonClass: 9396K(9536K)->9396K(9536K) Class: 1265K(1344K)->1265K(1344K)
[2025-08-01T03:45:31.536+0000] GC(841) Pause Full (Ergonomics) 3524M->1267M(3641M) 315.416ms
[2025-08-01T03:45:31.536+0000] GC(841) User=2.21s Sys=0.05s Real=0.32s
[2025-08-01T03:45:31.621+0000] GC(842) Pause Young (Allocation Failure)
[2025-08-01T03:45:31.692+0000] GC(842) PSYoungGen: 465920K(931840K)->379520K(931840K) Eden: 465920K(465920K)->0K(465920K) From: 0K(465920K)->379520K(465920K)
[2025-08-01T03:45:31.692+0000] GC(842) ParOldGen: 1297971K(2796544K)->1297971K(2796544K)
[2025-08-01T03:45:31.692+0000] GC(842) Metaspace: 10662K(10880K)->10662K(10880K) NonClass: 9396K(9536K)->9396K(9536K) Class: 1265K(1344K)->1265K(1344K)
[2025-08-01T03:45:31.692+0000] GC(842) Pause Young (Allocation Failure) 1722M->1638M(3641M) 70.973ms
[2025-08-01T03:45:31.692+0000] GC(842) User=0.53s Sys=0.02s Real=0.07s
[2025-08-01T03:45:31.780+0000] GC(843) Pause Young (Allocation Failure)
[2025-08-01T03:45:31.900+0000] GC(843) PSYoungGen: 845440K(931840K)->465920K(931840K) Eden: 465920K(465920K)->0K(465920K) From: 379520K(465920K)->465920K(465920K)
[2025-08-01T03:45:31.901+0000] GC(843) ParOldGen: 1297971K(2796544K)->1573315K(2796544K)
[2025-08-01T03:45:31.901+0000] GC(843) Metaspace: 10662K(10880K)->10662K(10880K) NonClass: 9396K(9536K)->9396K(9536K) Class: 1265K(1344K)->1265K(1344K)
[2025-08-01T03:45:31.901+0000] GC(843) Pause Young (Allocation Failure) 2093M->1991M(3641M) 120.505ms
[2025-08-01T03:45:31.901+0000] GC(843) User=0.92s Sys=0.02s Real=0.12s
[2025-08-01T03:45:31.984+0000] GC(844) Pause Young (Allocation Failure)
[2025-08-01T03:45:32.111+0000] GC(844) PSYoungGen: 931840K(931840K)->358848K(931840K) Eden: 465920K(465920K)->0K(465920K) From: 465920K(465920K)->358848K(465920K)
[2025-08-01T03:45:32.111+0000] GC(844) ParOldGen: 1573315K(2796544K)->1927003K(2796544K)
[2025-08-01T03:45:32.111+0000] GC(844) Metaspace: 10662K(10880K)->10662K(10880K) NonClass: 9396K(9536K)->9396K(9536K) Class: 1265K(1344K)->1265K(1344K)
[2025-08-01T03:45:32.112+0000] GC(844) Pause Young (Allocation Failure) 2446M->2232M(3641M) 127.313ms
[2025-08-01T03:45:32.112+0000] GC(844) User=0.97s Sys=0.03s Real=0.12s
[2025-08-01T03:45:32.195+0000] GC(845) Pause Young (Allocation Failure)
[2025-08-01T03:45:32.412+0000] GC(845) PSYoungGen: 824768K(931840K)->465920K(931840K) Eden: 465920K(465920K)->0K(465920K) From: 358848K(465920K)->465920K(465920K)
[2025-08-01T03:45:32.412+0000] GC(845) ParOldGen: 1927003K(2796544K)->2314971K(2796544K)
[2025-08-01T03:45:32.412+0000] GC(845) Metaspace: 10662K(10880K)->10662K(10880K) NonClass: 9396K(9536K)->9396K(9536K) Class: 1265K(1344K)->1265K(1344K)
[2025-08-01T03:45:32.412+0000] GC(845) Pause Young (Allocation Failure) 2687M->2715M(3641M) 217.274ms
[2025-08-01T03:45:32.413+0000] GC(845) User=1.61s Sys=0.03s Real=0.21s
[2025-08-01T03:45:32.499+0000] GC(846) Pause Full (Ergonomics)
[2025-08-01T03:45:32.499+0000] GC(846) Marking Phase
[2025-08-01T03:45:32.557+0000] GC(846) Marking Phase 57.829ms
[2025-08-01T03:45:32.557+0000] GC(846) Summary Phase
[2025-08-01T03:45:32.557+0000] GC(846) Summary Phase 0.119ms
[2025-08-01T03:45:32.557+0000] GC(846) Adjust Roots
[2025-08-01T03:45:32.559+0000] GC(846) Adjust Roots 2.052ms
[2025-08-01T03:45:32.559+0000] GC(846) Compaction Phase
[2025-08-01T03:45:32.696+0000] GC(846) Compaction Phase 137.218ms
[2025-08-01T03:45:32.696+0000] GC(846) Post Compact
[2025-08-01T03:45:32.719+0000] GC(846) Post Compact 22.519ms
[2025-08-01T03:45:32.719+0000] GC(846) PSYoungGen: 931840K(931840K)->0K(931840K) Eden: 465920K(465920K)->0K(465920K) From: 465920K(465920K)->0K(465920K)
[2025-08-01T03:45:32.719+0000] GC(846) ParOldGen: 2314971K(2796544K)->848137K(2796544K)
[2025-08-01T03:45:32.719+0000] GC(846) Metaspace: 10662K(10880K)->10662K(10880K) NonClass: 9396K(9536K)->9396K(9536K) Class: 1265K(1344K)->1265K(1344K)
[2025-08-01T03:45:32.719+0000] GC(846) Pause Full (Ergonomics) 3170M->828M(3641M) 220.273ms
[2025-08-01T03:45:32.719+0000] GC(846) User=1.50s Sys=0.02s Real=0.22s
[2025-08-01T03:45:32.803+0000] GC(847) Pause Young (Allocation Failure)
[2025-08-01T03:45:32.925+0000] GC(847) PSYoungGen: 465920K(931840K)->452896K(931840K) Eden: 465920K(465920K)->0K(465920K) From: 0K(465920K)->452896K(465920K)
[2025-08-01T03:45:32.925+0000] GC(847) ParOldGen: 848137K(2796544K)->848137K(2796544K)
[2025-08-01T03:45:32.925+0000] GC(847) Metaspace: 10662K(10880K)->10662K(10880K) NonClass: 9396K(9536K)->9396K(9536K) Class: 1265K(1344K)->1265K(1344K)
[2025-08-01T03:45:32.925+0000] GC(847) Pause Young (Allocation Failure) 1283M->1270M(3641M) 121.875ms
[2025-08-01T03:45:32.925+0000] GC(847) User=0.93s Sys=0.02s Real=0.12s
[2025-08-01T03:45:33.014+0000] GC(848) Pause Young (Allocation Failure)
[2025-08-01T03:45:33.154+0000] GC(848) PSYoungGen: 918816K(931840K)->357984K(931840K) Eden: 465920K(465920K)->0K(465920K) From: 452896K(465920K)->357984K(465920K)
[2025-08-01T03:45:33.154+0000] GC(848) ParOldGen: 848137K(2796544K)->1206761K(2796544K)
[2025-08-01T03:45:33.154+0000] GC(848) Metaspace: 10662K(10880K)->10662K(10880K) NonClass: 9396K(9536K)->9396K(9536K) Class: 1265K(1344K)->1265K(1344K)
[2025-08-01T03:45:33.154+0000] GC(848) Pause Young (Allocation Failure) 1725M->1528M(3641M) 140.374ms
[2025-08-01T03:45:33.154+0000] GC(848) User=1.03s Sys=0.06s Real=0.14s
[2025-08-01T03:45:33.238+0000] GC(849) Pause Young (Allocation Failure)
[2025-08-01T03:45:33.378+0000] GC(849) PSYoungGen: 823904K(931840K)->465920K(931840K) Eden: 465920K(465920K)->0K(465920K) From: 357984K(465920K)->465920K(465920K)
[2025-08-01T03:45:33.378+0000] GC(849) ParOldGen: 1206761K(2796544K)->1593065K(2796544K)
[2025-08-01T03:45:33.378+0000] GC(849) Metaspace: 10662K(10880K)->10662K(10880K) NonClass: 9396K(9536K)->9396K(9536K) Class: 1265K(1344K)->1265K(1344K)
[2025-08-01T03:45:33.378+0000] GC(849) Pause Young (Allocation Failure) 1983M->2010M(3641M) 140.819ms
[2025-08-01T03:45:33.378+0000] GC(849) User=1.06s Sys=0.02s Real=0.14s
[2025-08-01T03:45:33.467+0000] GC(850) Pause Young (Allocation Failure)
[2025-08-01T03:45:33.597+0000] GC(850) PSYoungGen: 931840K(931840K)->359872K(931840K) Eden: 465920K(465920K)->0K(465920K) From: 465920K(465920K)->359872K(465920K)
[2025-08-01T03:45:33.597+0000] GC(850) ParOldGen: 1593065K(2796544K)->1859657K(2796544K)
[2025-08-01T03:45:33.597+0000] GC(850) Metaspace: 10662K(10880K)->10662K(10880K) NonClass: 9396K(9536K)->9396K(9536K) Class: 1265K(1344K)->1265K(1344K)
[2025-08-01T03:45:33.597+0000] GC(850) Pause Young (Allocation Failure) 2465M->2167M(3641M) 130.326ms
[2025-08-01T03:45:33.597+0000] GC(850) User=0.97s Sys=0.03s Real=0.13s
[2025-08-01T03:45:33.682+0000] GC(851) Pause Young (Allocation Failure)
[2025-08-01T03:45:33.808+0000] GC(851) PSYoungGen: 825792K(931840K)->465920K(931840K) Eden: 465920K(465920K)->0K(465920K) From: 359872K(465920K)->465920K(465920K)
[2025-08-01T03:45:33.809+0000] GC(851) ParOldGen: 1859657K(2796544K)->2107577K(2796544K)
[2025-08-01T03:45:33.809+0000] GC(851) Metaspace: 10662K(10880K)->10662K(10880K) NonClass: 9396K(9536K)->9396K(9536K) Class: 1265K(1344K)->1265K(1344K)
[2025-08-01T03:45:33.809+0000] GC(851) Pause Young (Allocation Failure) 2622M->2513M(3641M) 126.312ms
[2025-08-01T03:45:33.809+0000] GC(851) User=0.96s Sys=0.03s Real=0.13s
[2025-08-01T03:45:33.893+0000] GC(852) Pause Young (Allocation Failure)
[2025-08-01T03:45:34.017+0000] GC(852) PSYoungGen: 931840K(931840K)->378912K(931840K) Eden: 465920K(465920K)->0K(465920K) From: 465920K(465920K)->378912K(465920K)
[2025-08-01T03:45:34.017+0000] GC(852) ParOldGen: 2107577K(2796544K)->2493009K(2796544K)
[2025-08-01T03:45:34.017+0000] GC(852) Metaspace: 10662K(10880K)->10662K(10880K) NonClass: 9396K(9536K)->9396K(9536K) Class: 1265K(1344K)->1265K(1344K)
[2025-08-01T03:45:34.017+0000] GC(852) Pause Young (Allocation Failure) 2968M->2804M(3641M) 124.337ms
[2025-08-01T03:45:34.017+0000] GC(852) User=0.97s Sys=0.00s Real=0.13s
[2025-08-01T03:45:34.104+0000] GC(853) Pause Full (Ergonomics)
[2025-08-01T03:45:34.104+0000] GC(853) Marking Phase
[2025-08-01T03:45:34.185+0000] GC(853) Marking Phase 80.702ms
[2025-08-01T03:45:34.185+0000] GC(853) Summary Phase
[2025-08-01T03:45:34.185+0000] GC(853) Summary Phase 0.062ms
[2025-08-01T03:45:34.185+0000] GC(853) Adjust Roots
[2025-08-01T03:45:34.186+0000] GC(853) Adjust Roots 1.137ms
[2025-08-01T03:45:34.186+0000] GC(853) Compaction Phase
[2025-08-01T03:45:34.321+0000] GC(853) Compaction Phase 134.449ms
[2025-08-01T03:45:34.321+0000] GC(853) Post Compact
[2025-08-01T03:45:34.343+0000] GC(853) Post Compact 22.011ms
[2025-08-01T03:45:34.343+0000] GC(853) PSYoungGen: 844832K(931840K)->0K(931840K) Eden: 465920K(465920K)->0K(465920K) From: 378912K(465920K)->0K(465920K)
[2025-08-01T03:45:34.343+0000] GC(853) ParOldGen: 2493009K(2796544K)->864095K(2796544K)
[2025-08-01T03:45:34.343+0000] GC(853) Metaspace: 10662K(10880K)->10662K(10880K) NonClass: 9396K(9536K)->9396K(9536K) Class: 1265K(1344K)->1265K(1344K)
[2025-08-01T03:45:34.343+0000] GC(853) Pause Full (Ergonomics) 3259M->843M(3641M) 238.815ms
[2025-08-01T03:45:34.343+0000] GC(853) User=1.66s Sys=0.03s Real=0.23s
[2025-08-01T03:45:34.431+0000] GC(854) Pause Young (Allocation Failure)
[2025-08-01T03:45:34.593+0000] GC(854) PSYoungGen: 465920K(931840K)->465920K(931840K) Eden: 465920K(465920K)->0K(465920K) From: 0K(465920K)->465920K(465920K)
[2025-08-01T03:45:34.594+0000] GC(854) ParOldGen: 864095K(2796544K)->872023K(2796544K)
[2025-08-01T03:45:34.594+0000] GC(854) Metaspace: 10662K(10880K)->10662K(10880K) NonClass: 9396K(9536K)->9396K(9536K) Class: 1265K(1344K)->1265K(1344K)
[2025-08-01T03:45:34.594+0000] GC(854) Pause Young (Allocation Failure) 1298M->1306M(3641M) 162.366ms
[2025-08-01T03:45:34.594+0000] GC(854) User=1.18s Sys=0.08s Real=0.17s
[2025-08-01T03:45:34.690+0000] GC(855) Pause Young (Allocation Failure)
[2025-08-01T03:45:34.832+0000] GC(855) PSYoungGen: 931840K(931840K)->445952K(931840K) Eden: 465920K(465920K)->0K(465920K) From: 465920K(465920K)->445952K(465920K)
[2025-08-01T03:45:34.832+0000] GC(855) ParOldGen: 872023K(2796544K)->1129599K(2796544K)
[2025-08-01T03:45:34.832+0000] GC(855) Metaspace: 10662K(10880K)->10662K(10880K) NonClass: 9396K(9536K)->9396K(9536K) Class: 1265K(1344K)->1265K(1344K)
[2025-08-01T03:45:34.832+0000] GC(855) Pause Young (Allocation Failure) 1761M->1538M(3641M) 142.200ms
[2025-08-01T03:45:34.832+0000] GC(855) User=1.03s Sys=0.06s Real=0.14s
[2025-08-01T03:45:34.920+0000] GC(856) Pause Young (Allocation Failure)
[2025-08-01T03:45:35.046+0000] GC(856) PSYoungGen: 911872K(931840K)->380416K(931840K) Eden: 465920K(465920K)->0K(465920K) From: 445952K(465920K)->380416K(465920K)
[2025-08-01T03:45:35.046+0000] GC(856) ParOldGen: 1129599K(2796544K)->1488967K(2796544K)
[2025-08-01T03:45:35.046+0000] GC(856) Metaspace: 10662K(10880K)->10662K(10880K) NonClass: 9396K(9536K)->9396K(9536K) Class: 1265K(1344K)->1265K(1344K)
[2025-08-01T03:45:35.046+0000] GC(856) Pause Young (Allocation Failure) 1993M->1825M(3641M) 126.216ms
[2025-08-01T03:45:35.046+0000] GC(856) User=0.97s Sys=0.03s Real=0.13s
[2025-08-01T03:45:35.134+0000] GC(857) Pause Young (Allocation Failure)
[2025-08-01T03:45:35.241+0000] GC(857) PSYoungGen: 846336K(931840K)->403168K(931840K) Eden: 465920K(465920K)->0K(465920K) From: 380416K(465920K)->403168K(465920K)
[2025-08-01T03:45:35.241+0000] GC(857) ParOldGen: 1488967K(2796544K)->1767583K(2796544K)
[2025-08-01T03:45:35.241+0000] GC(857) Metaspace: 10662K(10880K)->10662K(10880K) NonClass: 9396K(9536K)->9396K(9536K) Class: 1265K(1344K)->1265K(1344K)
[2025-08-01T03:45:35.241+0000] GC(857) Pause Young (Allocation Failure) 2280M->2119M(3641M) 106.246ms
[2025-08-01T03:45:35.241+0000] GC(857) User=0.83s Sys=0.00s Real=0.10s
[2025-08-01T03:45:35.329+0000] GC(858) Pause Young (Allocation Failure)
[2025-08-01T03:45:35.502+0000] GC(858) PSYoungGen: 869088K(931840K)->465920K(931840K) Eden: 465920K(465920K)->0K(465920K) From: 403168K(465920K)->465920K(465920K)
[2025-08-01T03:45:35.502+0000] GC(858) ParOldGen: 1767583K(2796544K)->2203623K(2796544K)
[2025-08-01T03:45:35.502+0000] GC(858) Metaspace: 10662K(10880K)->10662K(10880K) NonClass: 9396K(9536K)->9396K(9536K) Class: 1265K(1344K)->1265K(1344K)
[2025-08-01T03:45:35.502+0000] GC(858) Pause Young (Allocation Failure) 2574M->2606M(3641M) 173.250ms
[2025-08-01T03:45:35.502+0000] GC(858) User=1.25s Sys=0.07s Real=0.17s
[2025-08-01T03:45:35.638+0000] GC(859) Pause Young (Allocation Failure)
[2025-08-01T03:45:35.759+0000] GC(859) PSYoungGen: 931840K(931840K)->424608K(931840K) Eden: 465920K(465920K)->0K(465920K) From: 465920K(465920K)->424608K(465920K)
[2025-08-01T03:45:35.759+0000] GC(859) ParOldGen: 2203623K(2796544K)->2462079K(2796544K)
[2025-08-01T03:45:35.759+0000] GC(859) Metaspace: 10662K(10880K)->10662K(10880K) NonClass: 9396K(9536K)->9396K(9536K) Class: 1265K(1344K)->1265K(1344K)
[2025-08-01T03:45:35.759+0000] GC(859) Pause Young (Allocation Failure) 3061M->2819M(3641M) 121.080ms
[2025-08-01T03:45:35.759+0000] GC(859) User=0.88s Sys=0.02s Real=0.12s
[2025-08-01T03:45:35.848+0000] GC(860) Pause Full (Ergonomics)
[2025-08-01T03:45:35.848+0000] GC(860) Marking Phase
[2025-08-01T03:45:35.908+0000] GC(860) Marking Phase 59.767ms
[2025-08-01T03:45:35.908+0000] GC(860) Summary Phase
[2025-08-01T03:45:35.908+0000] GC(860) Summary Phase 0.110ms
[2025-08-01T03:45:35.908+0000] GC(860) Adjust Roots
[2025-08-01T03:45:35.910+0000] GC(860) Adjust Roots 1.969ms
[2025-08-01T03:45:35.910+0000] GC(860) Compaction Phase
[2025-08-01T03:45:36.063+0000] GC(860) Compaction Phase 152.571ms
[2025-08-01T03:45:36.063+0000] GC(860) Post Compact
[2025-08-01T03:45:36.084+0000] GC(860) Post Compact 20.932ms
[2025-08-01T03:45:36.084+0000] GC(860) PSYoungGen: 890528K(931840K)->0K(931840K) Eden: 465920K(465920K)->0K(465920K) From: 424608K(465920K)->0K(465920K)
[2025-08-01T03:45:36.084+0000] GC(860) ParOldGen: 2462079K(2796544K)->882210K(2796544K)
[2025-08-01T03:45:36.084+0000] GC(860) Metaspace: 10662K(10880K)->10662K(10880K) NonClass: 9396K(9536K)->9396K(9536K) Class: 1265K(1344K)->1265K(1344K)
[2025-08-01T03:45:36.084+0000] GC(860) Pause Full (Ergonomics) 3274M->861M(3641M) 235.762ms
[2025-08-01T03:45:36.084+0000] GC(860) User=1.59s Sys=0.05s Real=0.24s
[2025-08-01T03:45:36.177+0000] GC(861) Pause Young (Allocation Failure)
[2025-08-01T03:45:36.232+0000] GC(861) PSYoungGen: 465920K(931840K)->401088K(931840K) Eden: 465920K(465920K)->0K(465920K) From: 0K(465920K)->401088K(465920K)
[2025-08-01T03:45:36.232+0000] GC(861) ParOldGen: 882210K(2796544K)->882210K(2796544K)
[2025-08-01T03:45:36.232+0000] GC(861) Metaspace: 10662K(10880K)->10662K(10880K) NonClass: 9396K(9536K)->9396K(9536K) Class: 1265K(1344K)->1265K(1344K)
[2025-08-01T03:45:36.232+0000] GC(861) Pause Young (Allocation Failure) 1316M->1253M(3641M) 55.061ms
[2025-08-01T03:45:36.232+0000] GC(861) User=0.43s Sys=0.00s Real=0.05s
[2025-08-01T03:45:36.324+0000] GC(862) Pause Young (Allocation Failure)
[2025-08-01T03:45:36.497+0000] GC(862) PSYoungGen: 867008K(931840K)->465920K(931840K) Eden: 465920K(465920K)->0K(465920K) From: 401088K(465920K)->465920K(465920K)
[2025-08-01T03:45:36.497+0000] GC(862) ParOldGen: 882210K(2796544K)->1316154K(2796544K)
[2025-08-01T03:45:36.497+0000] GC(862) Metaspace: 10662K(10880K)->10662K(10880K) NonClass: 9396K(9536K)->9396K(9536K) Class: 1265K(1344K)->1265K(1344K)
[2025-08-01T03:45:36.497+0000] GC(862) Pause Young (Allocation Failure) 1708M->1740M(3641M) 172.994ms
[2025-08-01T03:45:36.497+0000] GC(862) User=1.31s Sys=0.04s Real=0.17s
[2025-08-01T03:45:36.647+0000] GC(863) Pause Young (Allocation Failure)
[2025-08-01T03:45:36.862+0000] GC(863) PSYoungGen: 931840K(931840K)->436160K(931840K) Eden: 465920K(465920K)->0K(465920K) From: 465920K(465920K)->436160K(465920K)
[2025-08-01T03:45:36.863+0000] GC(863) ParOldGen: 1316154K(2796544K)->1553922K(2796544K)
[2025-08-01T03:45:36.863+0000] GC(863) Metaspace: 10662K(10880K)->10662K(10880K) NonClass: 9396K(9536K)->9396K(9536K) Class: 1265K(1344K)->1265K(1344K)
[2025-08-01T03:45:36.863+0000] GC(863) Pause Young (Allocation Failure) 2195M->1943M(3641M) 215.860ms
[2025-08-01T03:45:36.863+0000] GC(863) User=1.63s Sys=0.06s Real=0.21s
[2025-08-01T03:45:36.955+0000] GC(864) Pause Young (Allocation Failure)
[2025-08-01T03:45:37.073+0000] GC(864) PSYoungGen: 902080K(931840K)->388256K(931840K) Eden: 465920K(465920K)->0K(465920K) From: 436160K(465920K)->388256K(465920K)
[2025-08-01T03:45:37.073+0000] GC(864) ParOldGen: 1553922K(2796544K)->1891290K(2796544K)
[2025-08-01T03:45:37.073+0000] GC(864) Metaspace: 10662K(10880K)->10662K(10880K) NonClass: 9396K(9536K)->9396K(9536K) Class: 1265K(1344K)->1265K(1344K)
[2025-08-01T03:45:37.074+0000] GC(864) Pause Young (Allocation Failure) 2398M->2226M(3641M) 118.064ms
[2025-08-01T03:45:37.074+0000] GC(864) User=0.89s Sys=0.03s Real=0.12s
[2025-08-01T03:45:37.166+0000] GC(865) Pause Young (Allocation Failure)
[2025-08-01T03:45:37.305+0000] GC(865) PSYoungGen: 854176K(931840K)->407264K(931840K) Eden: 465920K(465920K)->0K(465920K) From: 388256K(465920K)->407264K(465920K)
[2025-08-01T03:45:37.305+0000] GC(865) ParOldGen: 1891290K(2796544K)->2179786K(2796544K)
[2025-08-01T03:45:37.305+0000] GC(865) Metaspace: 10662K(10880K)->10662K(10880K) NonClass: 9396K(9536K)->9396K(9536K) Class: 1265K(1344K)->1265K(1344K)
[2025-08-01T03:45:37.305+0000] GC(865) Pause Young (Allocation Failure) 2681M->2526M(3641M) 139.132ms
[2025-08-01T03:45:37.305+0000] GC(865) User=1.06s Sys=0.01s Real=0.14s
[2025-08-01T03:45:37.395+0000] GC(866) Pause Young (Allocation Failure)
[2025-08-01T03:45:37.557+0000] GC(866) PSYoungGen: 873184K(931840K)->465920K(931840K) Eden: 465920K(465920K)->0K(465920K) From: 407264K(465920K)->465920K(465920K)
[2025-08-01T03:45:37.557+0000] GC(866) ParOldGen: 2179786K(2796544K)->2618330K(2796544K)
[2025-08-01T03:45:37.557+0000] GC(866) Metaspace: 10662K(10880K)->10662K(10880K) NonClass: 9396K(9536K)->9396K(9536K) Class: 1265K(1344K)->1265K(1344K)
[2025-08-01T03:45:37.557+0000] GC(866) Pause Young (Allocation Failure) 2981M->3011M(3641M) 161.654ms
[2025-08-01T03:45:37.557+0000] GC(866) User=1.19s Sys=0.05s Real=0.16s
[2025-08-01T03:45:37.697+0000] GC(867) Pause Full (Ergonomics)
[2025-08-01T03:45:37.697+0000] GC(867) Marking Phase
[2025-08-01T03:45:37.797+0000] GC(867) Marking Phase 99.955ms
[2025-08-01T03:45:37.798+0000] GC(867) Summary Phase
[2025-08-01T03:45:37.798+0000] GC(867) Summary Phase 0.194ms
[2025-08-01T03:45:37.798+0000] GC(867) Adjust Roots
[2025-08-01T03:45:37.800+0000] GC(867) Adjust Roots 2.681ms
[2025-08-01T03:45:37.800+0000] GC(867) Compaction Phase
[2025-08-01T03:45:37.936+0000] GC(867) Compaction Phase 135.757ms
[2025-08-01T03:45:37.936+0000] GC(867) Post Compact
[2025-08-01T03:45:37.960+0000] GC(867) Post Compact 23.926ms
[2025-08-01T03:45:37.960+0000] GC(867) PSYoungGen: 931840K(931840K)->0K(931840K) Eden: 465920K(465920K)->0K(465920K) From: 465920K(465920K)->0K(465920K)
[2025-08-01T03:45:37.960+0000] GC(867) ParOldGen: 2618330K(2796544K)->900095K(2796544K)
[2025-08-01T03:45:37.960+0000] GC(867) Metaspace: 10662K(10880K)->10662K(10880K) NonClass: 9396K(9536K)->9396K(9536K) Class: 1265K(1344K)->1265K(1344K)
[2025-08-01T03:45:37.960+0000] GC(867) Pause Full (Ergonomics) 3466M->878M(3641M) 262.972ms
[2025-08-01T03:45:37.960+0000] GC(867) User=1.76s Sys=0.02s Real=0.26s
[2025-08-01T03:45:38.048+0000] GC(868) Pause Young (Allocation Failure)
[2025-08-01T03:45:38.166+0000] GC(868) PSYoungGen: 465920K(931840K)->379328K(931840K) Eden: 465920K(465920K)->0K(465920K) From: 0K(465920K)->379328K(465920K)
[2025-08-01T03:45:38.166+0000] GC(868) ParOldGen: 900095K(2796544K)->900095K(2796544K)
[2025-08-01T03:45:38.166+0000] GC(868) Metaspace: 10662K(10880K)->10662K(10880K) NonClass: 9396K(9536K)->9396K(9536K) Class: 1265K(1344K)->1265K(1344K)
[2025-08-01T03:45:38.167+0000] GC(868) Pause Young (Allocation Failure) 1333M->1249M(3641M) 118.855ms
[2025-08-01T03:45:38.167+0000] GC(868) User=0.89s Sys=0.03s Real=0.12s
[2025-08-01T03:45:38.259+0000] GC(869) Pause Young (Allocation Failure)
[2025-08-01T03:45:38.406+0000] GC(869) PSYoungGen: 845248K(931840K)->436864K(931840K) Eden: 465920K(465920K)->0K(465920K) From: 379328K(465920K)->436864K(465920K)
[2025-08-01T03:45:38.406+0000] GC(869) ParOldGen: 900095K(2796544K)->1166127K(2796544K)
[2025-08-01T03:45:38.406+0000] GC(869) Metaspace: 10662K(10880K)->10662K(10880K) NonClass: 9396K(9536K)->9396K(9536K) Class: 1265K(1344K)->1265K(1344K)
[2025-08-01T03:45:38.406+0000] GC(869) Pause Young (Allocation Failure) 1704M->1565M(3641M) 147.485ms
[2025-08-01T03:45:38.406+0000] GC(869) User=1.09s Sys=0.04s Real=0.15s
[2025-08-01T03:45:38.493+0000] GC(870) Pause Young (Allocation Failure)
[2025-08-01T03:45:38.662+0000] GC(870) PSYoungGen: 902784K(931840K)->465920K(931840K) Eden: 465920K(465920K)->0K(465920K) From: 436864K(465920K)->465920K(465920K)
[2025-08-01T03:45:38.663+0000] GC(870) ParOldGen: 1166127K(2796544K)->1639023K(2796544K)
[2025-08-01T03:45:38.663+0000] GC(870) Metaspace: 10662K(10880K)->10662K(10880K) NonClass: 9396K(9536K)->9396K(9536K) Class: 1265K(1344K)->1265K(1344K)
[2025-08-01T03:45:38.663+0000] GC(870) Pause Young (Allocation Failure) 2020M->2055M(3641M) 169.579ms
[2025-08-01T03:45:38.663+0000] GC(870) User=1.23s Sys=0.04s Real=0.16s
[2025-08-01T03:45:38.750+0000] GC(871) Pause Young (Allocation Failure)
[2025-08-01T03:45:38.882+0000] GC(871) PSYoungGen: 931840K(931840K)->444864K(931840K) Eden: 465920K(465920K)->0K(465920K) From: 465920K(465920K)->444864K(465920K)
[2025-08-01T03:45:38.882+0000] GC(871) ParOldGen: 1639023K(2796544K)->1868599K(2796544K)
[2025-08-01T03:45:38.882+0000] GC(871) Metaspace: 10662K(10880K)->10662K(10880K) NonClass: 9396K(9536K)->9396K(9536K) Class: 1265K(1344K)->1265K(1344K)
[2025-08-01T03:45:38.882+0000] GC(871) Pause Young (Allocation Failure) 2510M->2259M(3641M) 132.720ms
[2025-08-01T03:45:38.882+0000] GC(871) User=0.99s Sys=0.04s Real=0.13s
[2025-08-01T03:45:38.967+0000] GC(872) Pause Young (Allocation Failure)
[2025-08-01T03:45:39.095+0000] GC(872) PSYoungGen: 910784K(931840K)->359616K(931840K) Eden: 465920K(465920K)->0K(465920K) From: 444864K(465920K)->359616K(465920K)
[2025-08-01T03:45:39.096+0000] GC(872) ParOldGen: 1868599K(2796544K)->2194807K(2796544K)
[2025-08-01T03:45:39.096+0000] GC(872) Metaspace: 10662K(10880K)->10662K(10880K) NonClass: 9396K(9536K)->9396K(9536K) Class: 1265K(1344K)->1265K(1344K)
[2025-08-01T03:45:39.096+0000] GC(872) Pause Young (Allocation Failure) 2714M->2494M(3641M) 128.927ms
[2025-08-01T03:45:39.096+0000] GC(872) User=0.97s Sys=0.04s Real=0.13s
[2025-08-01T03:45:39.180+0000] GC(873) Pause Young (Allocation Failure)
[2025-08-01T03:45:39.302+0000] GC(873) PSYoungGen: 825536K(931840K)->460416K(931840K) Eden: 465920K(465920K)->0K(465920K) From: 359616K(465920K)->460416K(465920K)
[2025-08-01T03:45:39.302+0000] GC(873) ParOldGen: 2194807K(2796544K)->2455863K(2796544K)
[2025-08-01T03:45:39.302+0000] GC(873) Metaspace: 10662K(10880K)->10662K(10880K) NonClass: 9396K(9536K)->9396K(9536K) Class: 1265K(1344K)->1265K(1344K)
[2025-08-01T03:45:39.302+0000] GC(873) Pause Young (Allocation Failure) 2949M->2847M(3641M) 121.696ms
[2025-08-01T03:45:39.302+0000] GC(873) User=0.93s Sys=0.03s Real=0.12s
[2025-08-01T03:45:39.391+0000] GC(874) Pause Full (Ergonomics)
[2025-08-01T03:45:39.391+0000] GC(874) Marking Phase
[2025-08-01T03:45:39.538+0000] GC(874) Marking Phase 146.930ms
[2025-08-01T03:45:39.538+0000] GC(874) Summary Phase
[2025-08-01T03:45:39.538+0000] GC(874) Summary Phase 0.106ms
[2025-08-01T03:45:39.538+0000] GC(874) Adjust Roots
[2025-08-01T03:45:39.540+0000] GC(874) Adjust Roots 2.212ms
[2025-08-01T03:45:39.540+0000] GC(874) Compaction Phase
[2025-08-01T03:45:39.751+0000] GC(874) Compaction Phase 210.721ms
[2025-08-01T03:45:39.751+0000] GC(874) Post Compact
[2025-08-01T03:45:39.773+0000] GC(874) Post Compact 21.946ms
[2025-08-01T03:45:39.773+0000] GC(874) PSYoungGen: 926336K(931840K)->0K(931840K) Eden: 465920K(465920K)->0K(465920K) From: 460416K(465920K)->0K(465920K)
[2025-08-01T03:45:39.773+0000] GC(874) ParOldGen: 2455863K(2796544K)->1378792K(2796544K)
[2025-08-01T03:45:39.773+0000] GC(874) Metaspace: 10662K(10880K)->10662K(10880K) NonClass: 9396K(9536K)->9396K(9536K) Class: 1265K(1344K)->1265K(1344K)
[2025-08-01T03:45:39.773+0000] GC(874) Pause Full (Ergonomics) 3302M->1346M(3641M) 382.356ms
[2025-08-01T03:45:39.773+0000] GC(874) User=2.68s Sys=0.08s Real=0.38s
[2025-08-01T03:45:39.861+0000] GC(875) Pause Young (Allocation Failure)
[2025-08-01T03:45:39.955+0000] GC(875) PSYoungGen: 465920K(931840K)->427232K(931840K) Eden: 465920K(465920K)->0K(465920K) From: 0K(465920K)->427232K(465920K)
[2025-08-01T03:45:39.955+0000] GC(875) ParOldGen: 1378792K(2796544K)->1378792K(2796544K)
[2025-08-01T03:45:39.955+0000] GC(875) Metaspace: 10662K(10880K)->10662K(10880K) NonClass: 9396K(9536K)->9396K(9536K) Class: 1265K(1344K)->1265K(1344K)
[2025-08-01T03:45:39.955+0000] GC(875) Pause Young (Allocation Failure) 1801M->1763M(3641M) 93.845ms
[2025-08-01T03:45:39.955+0000] GC(875) User=0.68s Sys=0.03s Real=0.10s
[2025-08-01T03:45:40.040+0000] GC(876) Pause Young (Allocation Failure)
[2025-08-01T03:45:40.156+0000] GC(876) PSYoungGen: 893152K(931840K)->366496K(931840K) Eden: 465920K(465920K)->0K(465920K) From: 427232K(465920K)->366496K(465920K)
[2025-08-01T03:45:40.156+0000] GC(876) ParOldGen: 1378792K(2796544K)->1710000K(2796544K)
[2025-08-01T03:45:40.156+0000] GC(876) Metaspace: 10662K(10880K)->10662K(10880K) NonClass: 9396K(9536K)->9396K(9536K) Class: 1265K(1344K)->1265K(1344K)
[2025-08-01T03:45:40.156+0000] GC(876) Pause Young (Allocation Failure) 2218M->2027M(3641M) 115.785ms
[2025-08-01T03:45:40.156+0000] GC(876) User=0.88s Sys=0.03s Real=0.12s
[2025-08-01T03:45:40.240+0000] GC(877) Pause Young (Allocation Failure)
[2025-08-01T03:45:40.391+0000] GC(877) PSYoungGen: 832416K(931840K)->465920K(931840K) Eden: 465920K(465920K)->0K(465920K) From: 366496K(465920K)->465920K(465920K)
[2025-08-01T03:45:40.392+0000] GC(877) ParOldGen: 1710000K(2796544K)->1979832K(2796544K)
[2025-08-01T03:45:40.392+0000] GC(877) Metaspace: 10662K(10880K)->10662K(10880K) NonClass: 9396K(9536K)->9396K(9536K) Class: 1265K(1344K)->1265K(1344K)
[2025-08-01T03:45:40.392+0000] GC(877) Pause Young (Allocation Failure) 2482M->2388M(3641M) 151.829ms
[2025-08-01T03:45:40.392+0000] GC(877) User=1.10s Sys=0.07s Real=0.15s
[2025-08-01T03:45:40.476+0000] GC(878) Pause Young (Allocation Failure)
[2025-08-01T03:45:40.609+0000] GC(878) PSYoungGen: 931840K(931840K)->366720K(931840K) Eden: 465920K(465920K)->0K(465920K) From: 465920K(465920K)->366720K(465920K)
[2025-08-01T03:45:40.609+0000] GC(878) ParOldGen: 1979832K(2796544K)->2348200K(2796544K)
[2025-08-01T03:45:40.609+0000] GC(878) Metaspace: 10662K(10880K)->10662K(10880K) NonClass: 9396K(9536K)->9396K(9536K) Class: 1265K(1344K)->1265K(1344K)
[2025-08-01T03:45:40.609+0000] GC(878) Pause Young (Allocation Failure) 2843M->2651M(3641M) 132.656ms
[2025-08-01T03:45:40.609+0000] GC(878) User=1.01s Sys=0.03s Real=0.13s
[2025-08-01T03:45:40.694+0000] GC(879) Pause Full (Ergonomics)
[2025-08-01T03:45:40.694+0000] GC(879) Marking Phase
[2025-08-01T03:45:40.756+0000] GC(879) Marking Phase 61.838ms
[2025-08-01T03:45:40.756+0000] GC(879) Summary Phase
[2025-08-01T03:45:40.756+0000] GC(879) Summary Phase 0.094ms
[2025-08-01T03:45:40.756+0000] GC(879) Adjust Roots
[2025-08-01T03:45:40.758+0000] GC(879) Adjust Roots 1.834ms
[2025-08-01T03:45:40.758+0000] GC(879) Compaction Phase
[2025-08-01T03:45:40.891+0000] GC(879) Compaction Phase 132.912ms
[2025-08-01T03:45:40.891+0000] GC(879) Post Compact
[2025-08-01T03:45:40.911+0000] GC(879) Post Compact 20.257ms
[2025-08-01T03:45:40.911+0000] GC(879) PSYoungGen: 832640K(931840K)->0K(931840K) Eden: 465920K(465920K)->0K(465920K) From: 366720K(465920K)->0K(465920K)
[2025-08-01T03:45:40.911+0000] GC(879) ParOldGen: 2348200K(2796544K)->927142K(2796544K)
[2025-08-01T03:45:40.911+0000] GC(879) Metaspace: 10662K(10880K)->10662K(10880K) NonClass: 9396K(9536K)->9396K(9536K) Class: 1265K(1344K)->1265K(1344K)
[2025-08-01T03:45:40.911+0000] GC(879) Pause Full (Ergonomics) 3106M->905M(3641M) 217.317ms
[2025-08-01T03:45:40.911+0000] GC(879) User=1.49s Sys=0.01s Real=0.21s
[2025-08-01T03:45:40.998+0000] GC(880) Pause Young (Allocation Failure)
[2025-08-01T03:45:41.094+0000] GC(880) PSYoungGen: 465920K(931840K)->360416K(931840K) Eden: 465920K(465920K)->0K(465920K) From: 0K(465920K)->360416K(465920K)
[2025-08-01T03:45:41.094+0000] GC(880) ParOldGen: 927142K(2796544K)->927142K(2796544K)
[2025-08-01T03:45:41.095+0000] GC(880) Metaspace: 10662K(10880K)->10662K(10880K) NonClass: 9396K(9536K)->9396K(9536K) Class: 1265K(1344K)->1265K(1344K)
[2025-08-01T03:45:41.095+0000] GC(880) Pause Young (Allocation Failure) 1360M->1257M(3641M) 96.137ms
[2025-08-01T03:45:41.095+0000] GC(880) User=0.70s Sys=0.03s Real=0.10s
[2025-08-01T03:45:41.186+0000] GC(881) Pause Young (Allocation Failure)
[2025-08-01T03:45:41.306+0000] GC(881) PSYoungGen: 826336K(931840K)->453504K(931840K) Eden: 465920K(465920K)->0K(465920K) From: 360416K(465920K)->453504K(465920K)
[2025-08-01T03:45:41.306+0000] GC(881) ParOldGen: 927142K(2796544K)->1181918K(2796544K)
[2025-08-01T03:45:41.306+0000] GC(881) Metaspace: 10662K(10880K)->10662K(10880K) NonClass: 9396K(9536K)->9396K(9536K) Class: 1265K(1344K)->1265K(1344K)
[2025-08-01T03:45:41.306+0000] GC(881) Pause Young (Allocation Failure) 1712M->1597M(3641M) 119.480ms
[2025-08-01T03:45:41.306+0000] GC(881) User=0.90s Sys=0.03s Real=0.12s
[2025-08-01T03:45:41.391+0000] GC(882) Pause Young (Allocation Failure)
[2025-08-01T03:45:41.579+0000] GC(882) PSYoungGen: 919424K(931840K)->379296K(931840K) Eden: 465920K(465920K)->0K(465920K) From: 453504K(465920K)->379296K(465920K)
[2025-08-01T03:45:41.579+0000] GC(882) ParOldGen: 1181918K(2796544K)->1551022K(2796544K)
[2025-08-01T03:45:41.579+0000] GC(882) Metaspace: 10662K(10880K)->10662K(10880K) NonClass: 9396K(9536K)->9396K(9536K) Class: 1265K(1344K)->1265K(1344K)
[2025-08-01T03:45:41.579+0000] GC(882) Pause Young (Allocation Failure) 2052M->1885M(3641M) 187.959ms
[2025-08-01T03:45:41.579+0000] GC(882) User=1.39s Sys=0.08s Real=0.19s
[2025-08-01T03:45:41.670+0000] GC(883) Pause Young (Allocation Failure)
[2025-08-01T03:45:41.865+0000] GC(883) PSYoungGen: 845216K(931840K)->406144K(931840K) Eden: 465920K(465920K)->0K(465920K) From: 379296K(465920K)->406144K(465920K)
[2025-08-01T03:45:41.865+0000] GC(883) ParOldGen: 1551022K(2796544K)->1825054K(2796544K)
[2025-08-01T03:45:41.865+0000] GC(883) Metaspace: 10662K(10880K)->10662K(10880K) NonClass: 9396K(9536K)->9396K(9536K) Class: 1265K(1344K)->1265K(1344K)
[2025-08-01T03:45:41.865+0000] GC(883) Pause Young (Allocation Failure) 2340M->2178M(3641M) 194.339ms
[2025-08-01T03:45:41.865+0000] GC(883) User=1.40s Sys=0.07s Real=0.20s
[2025-08-01T03:45:41.957+0000] GC(884) Pause Young (Allocation Failure)
[2025-08-01T03:45:42.089+0000] GC(884) PSYoungGen: 872064K(931840K)->415328K(931840K) Eden: 465920K(465920K)->0K(465920K) From: 406144K(465920K)->415328K(465920K)
[2025-08-01T03:45:42.089+0000] GC(884) ParOldGen: 1825054K(2796544K)->2118510K(2796544K)
[2025-08-01T03:45:42.089+0000] GC(884) Metaspace: 10662K(10880K)->10662K(10880K) NonClass: 9396K(9536K)->9396K(9536K) Class: 1265K(1344K)->1265K(1344K)
[2025-08-01T03:45:42.089+0000] GC(884) Pause Young (Allocation Failure) 2633M->2474M(3641M) 132.080ms
[2025-08-01T03:45:42.089+0000] GC(884) User=0.99s Sys=0.03s Real=0.13s
[2025-08-01T03:45:42.176+0000] GC(885) Pause Young (Allocation Failure)
[2025-08-01T03:45:42.287+0000] GC(885) PSYoungGen: 881248K(931840K)->427744K(931840K) Eden: 465920K(465920K)->0K(465920K) From: 415328K(465920K)->427744K(465920K)
[2025-08-01T03:45:42.287+0000] GC(885) ParOldGen: 2118510K(2796544K)->2448334K(2796544K)
[2025-08-01T03:45:42.287+0000] GC(885) Metaspace: 10662K(10880K)->10662K(10880K) NonClass: 9396K(9536K)->9396K(9536K) Class: 1265K(1344K)->1265K(1344K)
[2025-08-01T03:45:42.287+0000] GC(885) Pause Young (Allocation Failure) 2929M->2808M(3641M) 111.384ms
[2025-08-01T03:45:42.287+0000] GC(885) User=0.86s Sys=0.00s Real=0.11s
[2025-08-01T03:45:42.426+0000] GC(886) Pause Full (Ergonomics)
[2025-08-01T03:45:42.426+0000] GC(886) Marking Phase
[2025-08-01T03:45:42.577+0000] GC(886) Marking Phase 150.705ms
[2025-08-01T03:45:42.577+0000] GC(886) Summary Phase
[2025-08-01T03:45:42.577+0000] GC(886) Summary Phase 0.105ms
[2025-08-01T03:45:42.577+0000] GC(886) Adjust Roots
[2025-08-01T03:45:42.580+0000] GC(886) Adjust Roots 2.858ms
[2025-08-01T03:45:42.580+0000] GC(886) Compaction Phase
[2025-08-01T03:45:42.777+0000] GC(886) Compaction Phase 196.929ms
[2025-08-01T03:45:42.777+0000] GC(886) Post Compact
[2025-08-01T03:45:42.798+0000] GC(886) Post Compact 21.184ms
[2025-08-01T03:45:42.799+0000] GC(886) PSYoungGen: 893664K(931840K)->0K(931840K) Eden: 465920K(465920K)->0K(465920K) From: 427744K(465920K)->0K(465920K)
[2025-08-01T03:45:42.799+0000] GC(886) ParOldGen: 2448334K(2796544K)->945660K(2796544K)
[2025-08-01T03:45:42.799+0000] GC(886) Metaspace: 10662K(10880K)->10662K(10880K) NonClass: 9396K(9536K)->9396K(9536K) Class: 1265K(1344K)->1265K(1344K)
[2025-08-01T03:45:42.799+0000] GC(886) Pause Full (Ergonomics) 3263M->923M(3641M) 372.215ms
[2025-08-01T03:45:42.799+0000] GC(886) User=2.63s Sys=0.08s Real=0.37s
[2025-08-01T03:45:42.890+0000] GC(887) Pause Young (Allocation Failure)
[2025-08-01T03:45:42.975+0000] GC(887) PSYoungGen: 465920K(931840K)->400928K(931840K) Eden: 465920K(465920K)->0K(465920K) From: 0K(465920K)->400928K(465920K)
[2025-08-01T03:45:42.975+0000] GC(887) ParOldGen: 945660K(2796544K)->945660K(2796544K)
[2025-08-01T03:45:42.975+0000] GC(887) Metaspace: 10662K(10880K)->10662K(10880K) NonClass: 9396K(9536K)->9396K(9536K) Class: 1265K(1344K)->1265K(1344K)
[2025-08-01T03:45:42.975+0000] GC(887) Pause Young (Allocation Failure) 1378M->1315M(3641M) 85.016ms
[2025-08-01T03:45:42.975+0000] GC(887) User=0.63s Sys=0.03s Real=0.09s
[2025-08-01T03:45:43.062+0000] GC(888) Pause Young (Allocation Failure)
[2025-08-01T03:45:43.192+0000] GC(888) PSYoungGen: 866848K(931840K)->427520K(931840K) Eden: 465920K(465920K)->0K(465920K) From: 400928K(465920K)->427520K(465920K)
[2025-08-01T03:45:43.192+0000] GC(888) ParOldGen: 945660K(2796544K)->1243484K(2796544K)
[2025-08-01T03:45:43.192+0000] GC(888) Metaspace: 10662K(10880K)->10662K(10880K) NonClass: 9396K(9536K)->9396K(9536K) Class: 1265K(1344K)->1265K(1344K)
[2025-08-01T03:45:43.192+0000] GC(888) Pause Young (Allocation Failure) 1770M->1631M(3641M) 130.447ms
[2025-08-01T03:45:43.192+0000] GC(888) User=0.98s Sys=0.03s Real=0.13s
[2025-08-01T03:45:43.279+0000] GC(889) Pause Young (Allocation Failure)
[2025-08-01T03:45:43.453+0000] GC(889) PSYoungGen: 893440K(931840K)->433760K(931840K) Eden: 465920K(465920K)->0K(465920K) From: 427520K(465920K)->433760K(465920K)
[2025-08-01T03:45:43.453+0000] GC(889) ParOldGen: 1243484K(2796544K)->1570572K(2796544K)
[2025-08-01T03:45:43.453+0000] GC(889) Metaspace: 10662K(10880K)->10662K(10880K) NonClass: 9396K(9536K)->9396K(9536K) Class: 1265K(1344K)->1265K(1344K)
[2025-08-01T03:45:43.453+0000] GC(889) Pause Young (Allocation Failure) 2086M->1957M(3641M) 174.551ms
[2025-08-01T03:45:43.453+0000] GC(889) User=1.36s Sys=0.02s Real=0.18s
[2025-08-01T03:45:43.541+0000] GC(890) Pause Young (Allocation Failure)
[2025-08-01T03:45:43.660+0000] GC(890) PSYoungGen: 899680K(931840K)->376096K(931840K) Eden: 465920K(465920K)->0K(465920K) From: 433760K(465920K)->376096K(465920K)
[2025-08-01T03:45:43.660+0000] GC(890) ParOldGen: 1570572K(2796544K)->1910340K(2796544K)
[2025-08-01T03:45:43.660+0000] GC(890) Metaspace: 10662K(10880K)->10662K(10880K) NonClass: 9396K(9536K)->9396K(9536K) Class: 1265K(1344K)->1265K(1344K)
[2025-08-01T03:45:43.660+0000] GC(890) Pause Young (Allocation Failure) 2412M->2232M(3641M) 118.844ms
[2025-08-01T03:45:43.660+0000] GC(890) User=0.89s Sys=0.03s Real=0.12s
[2025-08-01T03:45:43.746+0000] GC(891) Pause Young (Allocation Failure)
[2025-08-01T03:45:43.926+0000] GC(891) PSYoungGen: 842016K(931840K)->465920K(931840K) Eden: 465920K(465920K)->0K(465920K) From: 376096K(465920K)->465920K(465920K)
[2025-08-01T03:45:43.926+0000] GC(891) ParOldGen: 1910340K(2796544K)->2118284K(2796544K)
[2025-08-01T03:45:43.926+0000] GC(891) Metaspace: 10662K(10880K)->10662K(10880K) NonClass: 9396K(9536K)->9396K(9536K) Class: 1265K(1344K)->1265K(1344K)
[2025-08-01T03:45:43.926+0000] GC(891) Pause Young (Allocation Failure) 2687M->2523M(3641M) 180.438ms
[2025-08-01T03:45:43.926+0000] GC(891) User=1.33s Sys=0.06s Real=0.18s
[2025-08-01T03:45:44.015+0000] GC(892) Pause Young (Allocation Failure)
[2025-08-01T03:45:44.153+0000] GC(892) PSYoungGen: 931840K(931840K)->409504K(931840K) Eden: 465920K(465920K)->0K(465920K) From: 465920K(465920K)->409504K(465920K)
[2025-08-01T03:45:44.153+0000] GC(892) ParOldGen: 2118284K(2796544K)->2479364K(2796544K)
[2025-08-01T03:45:44.153+0000] GC(892) Metaspace: 10662K(10880K)->10662K(10880K) NonClass: 9396K(9536K)->9396K(9536K) Class: 1265K(1344K)->1265K(1344K)
[2025-08-01T03:45:44.153+0000] GC(892) Pause Young (Allocation Failure) 2978M->2821M(3641M) 137.893ms
[2025-08-01T03:45:44.153+0000] GC(892) User=1.04s Sys=0.04s Real=0.14s
[2025-08-01T03:45:44.242+0000] GC(893) Pause Full (Ergonomics)
[2025-08-01T03:45:44.242+0000] GC(893) Marking Phase
[2025-08-01T03:45:44.376+0000] GC(893) Marking Phase 133.941ms
[2025-08-01T03:45:44.376+0000] GC(893) Summary Phase
[2025-08-01T03:45:44.377+0000] GC(893) Summary Phase 0.102ms
[2025-08-01T03:45:44.377+0000] GC(893) Adjust Roots
[2025-08-01T03:45:44.379+0000] GC(893) Adjust Roots 2.318ms
[2025-08-01T03:45:44.379+0000] GC(893) Compaction Phase
[2025-08-01T03:45:44.548+0000] GC(893) Compaction Phase 169.601ms
[2025-08-01T03:45:44.549+0000] GC(893) Post Compact
[2025-08-01T03:45:44.570+0000] GC(893) Post Compact 21.845ms
[2025-08-01T03:45:44.570+0000] GC(893) PSYoungGen: 875424K(931840K)->0K(931840K) Eden: 465920K(465920K)->0K(465920K) From: 409504K(465920K)->0K(465920K)
[2025-08-01T03:45:44.571+0000] GC(893) ParOldGen: 2479364K(2796544K)->962316K(2796544K)
[2025-08-01T03:45:44.571+0000] GC(893) Metaspace: 10662K(10880K)->10662K(10880K) NonClass: 9396K(9536K)->9396K(9536K) Class: 1265K(1344K)->1265K(1344K)
[2025-08-01T03:45:44.571+0000] GC(893) Pause Full (Ergonomics) 3276M->939M(3641M) 328.194ms
[2025-08-01T03:45:44.571+0000] GC(893) User=2.29s Sys=0.08s Real=0.33s
[2025-08-01T03:45:44.702+0000] GC(894) Pause Young (Allocation Failure)
[2025-08-01T03:45:44.784+0000] GC(894) PSYoungGen: 465920K(931840K)->252768K(931840K) Eden: 465920K(465920K)->0K(465920K) From: 0K(465920K)->252768K(465920K)
[2025-08-01T03:45:44.784+0000] GC(894) ParOldGen: 962316K(2796544K)->962316K(2796544K)
[2025-08-01T03:45:44.784+0000] GC(894) Metaspace: 10662K(10880K)->10662K(10880K) NonClass: 9396K(9536K)->9396K(9536K) Class: 1265K(1344K)->1265K(1344K)
[2025-08-01T03:45:44.784+0000] GC(894) Pause Young (Allocation Failure) 1394M->1186M(3641M) 81.597ms
[2025-08-01T03:45:44.784+0000] GC(894) User=0.59s Sys=0.04s Real=0.09s
[2025-08-01T03:45:44.881+0000] GC(895) Pause Young (Allocation Failure)
[2025-08-01T03:45:45.078+0000] GC(895) PSYoungGen: 718688K(931840K)->465920K(931840K) Eden: 465920K(465920K)->0K(465920K) From: 252768K(465920K)->465920K(465920K)
[2025-08-01T03:45:45.078+0000] GC(895) ParOldGen: 962316K(2796544K)->1237564K(2796544K)
[2025-08-01T03:45:45.078+0000] GC(895) Metaspace: 10662K(10880K)->10662K(10880K) NonClass: 9396K(9536K)->9396K(9536K) Class: 1265K(1344K)->1265K(1344K)
[2025-08-01T03:45:45.078+0000] GC(895) Pause Young (Allocation Failure) 1641M->1663M(3641M) 197.184ms
[2025-08-01T03:45:45.078+0000] GC(895) User=1.39s Sys=0.06s Real=0.20s
[2025-08-01T03:45:45.170+0000] GC(896) Pause Young (Allocation Failure)
[2025-08-01T03:45:45.311+0000] GC(896) PSYoungGen: 931840K(931840K)->404096K(931840K) Eden: 465920K(465920K)->0K(465920K) From: 465920K(465920K)->404096K(465920K)
[2025-08-01T03:45:45.311+0000] GC(896) ParOldGen: 1237564K(2796544K)->1607404K(2796544K)
[2025-08-01T03:45:45.311+0000] GC(896) Metaspace: 10662K(10880K)->10662K(10880K) NonClass: 9396K(9536K)->9396K(9536K) Class: 1265K(1344K)->1265K(1344K)
[2025-08-01T03:45:45.311+0000] GC(896) Pause Young (Allocation Failure) 2118M->1964M(3641M) 141.239ms
[2025-08-01T03:45:45.311+0000] GC(896) User=1.04s Sys=0.05s Real=0.14s
[2025-08-01T03:45:45.401+0000] GC(897) Pause Young (Allocation Failure)
[2025-08-01T03:45:45.577+0000] GC(897) PSYoungGen: 870016K(931840K)->414048K(931840K) Eden: 465920K(465920K)->0K(465920K) From: 404096K(465920K)->414048K(465920K)
[2025-08-01T03:45:45.577+0000] GC(897) ParOldGen: 1607404K(2796544K)->1919924K(2796544K)
[2025-08-01T03:45:45.577+0000] GC(897) Metaspace: 10662K(10880K)->10662K(10880K) NonClass: 9396K(9536K)->9396K(9536K) Class: 1265K(1344K)->1265K(1344K)
[2025-08-01T03:45:45.577+0000] GC(897) Pause Young (Allocation Failure) 2419M->2279M(3641M) 176.652ms
[2025-08-01T03:45:45.577+0000] GC(897) User=1.38s Sys=0.01s Real=0.18s
[2025-08-01T03:45:45.716+0000] GC(898) Pause Young (Allocation Failure)
[2025-08-01T03:45:45.837+0000] GC(898) PSYoungGen: 879968K(931840K)->248160K(931840K) Eden: 465920K(465920K)->0K(465920K) From: 414048K(465920K)->248160K(465920K)
[2025-08-01T03:45:45.837+0000] GC(898) ParOldGen: 1919924K(2796544K)->2113756K(2796544K)
[2025-08-01T03:45:45.837+0000] GC(898) Metaspace: 10662K(10880K)->10662K(10880K) NonClass: 9396K(9536K)->9396K(9536K) Class: 1265K(1344K)->1265K(1344K)
[2025-08-01T03:45:45.837+0000] GC(898) Pause Young (Allocation Failure) 2734M->2306M(3641M) 120.928ms
[2025-08-01T03:45:45.837+0000] GC(898) User=0.87s Sys=0.06s Real=0.12s
[2025-08-01T03:45:45.931+0000] GC(899) Pause Young (Allocation Failure)
[2025-08-01T03:45:46.091+0000] GC(899) PSYoungGen: 714080K(931840K)->465920K(931840K) Eden: 465920K(465920K)->0K(465920K) From: 248160K(465920K)->465920K(465920K)
[2025-08-01T03:45:46.091+0000] GC(899) ParOldGen: 2113756K(2796544K)->2386372K(2796544K)
[2025-08-01T03:45:46.091+0000] GC(899) Metaspace: 10662K(10880K)->10662K(10880K) NonClass: 9396K(9536K)->9396K(9536K) Class: 1265K(1344K)->1265K(1344K)
[2025-08-01T03:45:46.091+0000] GC(899) Pause Young (Allocation Failure) 2761M->2785M(3641M) 160.474ms
[2025-08-01T03:45:46.091+0000] GC(899) User=1.15s Sys=0.06s Real=0.16s
[2025-08-01T03:45:46.183+0000] GC(900) Pause Full (Ergonomics)
[2025-08-01T03:45:46.183+0000] GC(900) Marking Phase
[2025-08-01T03:45:46.243+0000] GC(900) Marking Phase 59.777ms
[2025-08-01T03:45:46.243+0000] GC(900) Summary Phase
[2025-08-01T03:45:46.243+0000] GC(900) Summary Phase 0.111ms
[2025-08-01T03:45:46.243+0000] GC(900) Adjust Roots
[2025-08-01T03:45:46.245+0000] GC(900) Adjust Roots 1.726ms
[2025-08-01T03:45:46.245+0000] GC(900) Compaction Phase
[2025-08-01T03:45:46.387+0000] GC(900) Compaction Phase 141.537ms
[2025-08-01T03:45:46.387+0000] GC(900) Post Compact
[2025-08-01T03:45:46.410+0000] GC(900) Post Compact 22.798ms
[2025-08-01T03:45:46.410+0000] GC(900) PSYoungGen: 931840K(931840K)->0K(931840K) Eden: 465920K(465920K)->0K(465920K) From: 465920K(465920K)->0K(465920K)
[2025-08-01T03:45:46.410+0000] GC(900) ParOldGen: 2386372K(2796544K)->982566K(2796544K)
[2025-08-01T03:45:46.410+0000] GC(900) Metaspace: 10662K(10880K)->10662K(10880K) NonClass: 9396K(9536K)->9396K(9536K) Class: 1265K(1344K)->1265K(1344K)
[2025-08-01T03:45:46.410+0000] GC(900) Pause Full (Ergonomics) 3240M->959M(3641M) 226.449ms
[2025-08-01T03:45:46.410+0000] GC(900) User=1.57s Sys=0.00s Real=0.22s
[2025-08-01T03:45:46.511+0000] GC(901) Pause Young (Allocation Failure)
[2025-08-01T03:45:46.634+0000] GC(901) PSYoungGen: 465920K(931840K)->424608K(931840K) Eden: 465920K(465920K)->0K(465920K) From: 0K(465920K)->424608K(465920K)
[2025-08-01T03:45:46.634+0000] GC(901) ParOldGen: 982566K(2796544K)->982566K(2796544K)
[2025-08-01T03:45:46.634+0000] GC(901) Metaspace: 10662K(10880K)->10662K(10880K) NonClass: 9396K(9536K)->9396K(9536K) Class: 1265K(1344K)->1265K(1344K)
[2025-08-01T03:45:46.634+0000] GC(901) Pause Young (Allocation Failure) 1414M->1374M(3641M) 123.677ms
[2025-08-01T03:45:46.634+0000] GC(901) User=0.91s Sys=0.06s Real=0.13s
[2025-08-01T03:45:46.774+0000] GC(902) Pause Young (Allocation Failure)
[2025-08-01T03:45:46.888+0000] GC(902) PSYoungGen: 890528K(931840K)->246784K(931840K) Eden: 465920K(465920K)->0K(465920K) From: 424608K(465920K)->246784K(465920K)
[2025-08-01T03:45:46.888+0000] GC(902) ParOldGen: 982566K(2796544K)->1188686K(2796544K)
[2025-08-01T03:45:46.888+0000] GC(902) Metaspace: 10662K(10880K)->10662K(10880K) NonClass: 9396K(9536K)->9396K(9536K) Class: 1265K(1344K)->1265K(1344K)
[2025-08-01T03:45:46.888+0000] GC(902) Pause Young (Allocation Failure) 1829M->1401M(3641M) 114.199ms
[2025-08-01T03:45:46.888+0000] GC(902) User=0.84s Sys=0.04s Real=0.11s
[2025-08-01T03:45:46.978+0000] GC(903) Pause Young (Allocation Failure)
[2025-08-01T03:45:47.102+0000] GC(903) PSYoungGen: 712704K(931840K)->465920K(931840K) Eden: 465920K(465920K)->0K(465920K) From: 246784K(465920K)->465920K(465920K)
[2025-08-01T03:45:47.103+0000] GC(903) ParOldGen: 1188686K(2796544K)->1459734K(2796544K)
[2025-08-01T03:45:47.103+0000] GC(903) Metaspace: 10662K(10880K)->10662K(10880K) NonClass: 9396K(9536K)->9396K(9536K) Class: 1265K(1344K)->1265K(1344K)
[2025-08-01T03:45:47.103+0000] GC(903) Pause Young (Allocation Failure) 1856M->1880M(3641M) 124.466ms
[2025-08-01T03:45:47.103+0000] GC(903) User=0.93s Sys=0.02s Real=0.12s
[2025-08-01T03:45:47.189+0000] GC(904) Pause Young (Allocation Failure)
[2025-08-01T03:45:47.320+0000] GC(904) PSYoungGen: 931840K(931840K)->395232K(931840K) Eden: 465920K(465920K)->0K(465920K) From: 465920K(465920K)->395232K(465920K)
[2025-08-01T03:45:47.320+0000] GC(904) ParOldGen: 1459734K(2796544K)->1837598K(2796544K)
[2025-08-01T03:45:47.320+0000] GC(904) Metaspace: 10662K(10880K)->10662K(10880K) NonClass: 9396K(9536K)->9396K(9536K) Class: 1265K(1344K)->1265K(1344K)
[2025-08-01T03:45:47.320+0000] GC(904) Pause Young (Allocation Failure) 2335M->2180M(3641M) 130.528ms
[2025-08-01T03:45:47.320+0000] GC(904) User=1.00s Sys=0.02s Real=0.13s
[2025-08-01T03:45:47.408+0000] GC(905) Pause Young (Allocation Failure)
[2025-08-01T03:45:47.579+0000] GC(905) PSYoungGen: 861152K(931840K)->414208K(931840K) Eden: 465920K(465920K)->0K(465920K) From: 395232K(465920K)->414208K(465920K)
[2025-08-01T03:45:47.579+0000] GC(905) ParOldGen: 1837598K(2796544K)->2137054K(2796544K)
[2025-08-01T03:45:47.579+0000] GC(905) Metaspace: 10662K(10880K)->10662K(10880K) NonClass: 9396K(9536K)->9396K(9536K) Class: 1265K(1344K)->1265K(1344K)
[2025-08-01T03:45:47.579+0000] GC(905) Pause Young (Allocation Failure) 2635M->2491M(3641M) 170.775ms
[2025-08-01T03:45:47.579+0000] GC(905) User=1.27s Sys=0.06s Real=0.17s
[2025-08-01T03:45:47.672+0000] GC(906) Pause Young (Allocation Failure)
[2025-08-01T03:45:47.816+0000] GC(906) PSYoungGen: 880128K(931840K)->291072K(931840K) Eden: 465920K(465920K)->0K(465920K) From: 414208K(465920K)->291072K(465920K)
[2025-08-01T03:45:47.816+0000] GC(906) ParOldGen: 2137054K(2796544K)->2319742K(2796544K)
[2025-08-01T03:45:47.816+0000] GC(906) Metaspace: 10662K(10880K)->10662K(10880K) NonClass: 9396K(9536K)->9396K(9536K) Class: 1265K(1344K)->1265K(1344K)
[2025-08-01T03:45:47.816+0000] GC(906) Pause Young (Allocation Failure) 2946M->2549M(3641M) 143.136ms
[2025-08-01T03:45:47.816+0000] GC(906) User=1.03s Sys=0.04s Real=0.15s
[2025-08-01T03:45:47.908+0000] GC(907) Pause Young (Allocation Failure)
[2025-08-01T03:45:48.076+0000] GC(907) PSYoungGen: 756992K(931840K)->465920K(931840K) Eden: 465920K(465920K)->0K(465920K) From: 291072K(465920K)->465920K(465920K)
[2025-08-01T03:45:48.076+0000] GC(907) ParOldGen: 2319742K(2796544K)->2636334K(2796544K)
[2025-08-01T03:45:48.076+0000] GC(907) Metaspace: 10662K(10880K)->10662K(10880K) NonClass: 9396K(9536K)->9396K(9536K) Class: 1265K(1344K)->1265K(1344K)
[2025-08-01T03:45:48.076+0000] GC(907) Pause Young (Allocation Failure) 3004M->3029M(3641M) 168.096ms
[2025-08-01T03:45:48.076+0000] GC(907) User=1.22s Sys=0.05s Real=0.17s
[2025-08-01T03:45:48.225+0000] GC(908) Pause Full (Ergonomics)
[2025-08-01T03:45:48.225+0000] GC(908) Marking Phase
[2025-08-01T03:45:48.261+0000] GC(908) Marking Phase 35.731ms
[2025-08-01T03:45:48.261+0000] GC(908) Summary Phase
[2025-08-01T03:45:48.261+0000] GC(908) Summary Phase 0.076ms
[2025-08-01T03:45:48.261+0000] GC(908) Adjust Roots
[2025-08-01T03:45:48.262+0000] GC(908) Adjust Roots 1.025ms
[2025-08-01T03:45:48.262+0000] GC(908) Compaction Phase
[2025-08-01T03:45:48.380+0000] GC(908) Compaction Phase 117.640ms
[2025-08-01T03:45:48.380+0000] GC(908) Post Compact
[2025-08-01T03:45:48.399+0000] GC(908) Post Compact 18.761ms
[2025-08-01T03:45:48.399+0000] GC(908) PSYoungGen: 931840K(931840K)->0K(931840K) Eden: 465920K(465920K)->0K(465920K) From: 465920K(465920K)->0K(465920K)
[2025-08-01T03:45:48.399+0000] GC(908) ParOldGen: 2636334K(2796544K)->996283K(2796544K)
[2025-08-01T03:45:48.399+0000] GC(908) Metaspace: 10662K(10880K)->10662K(10880K) NonClass: 9396K(9536K)->9396K(9536K) Class: 1265K(1344K)->1265K(1344K)
[2025-08-01T03:45:48.399+0000] GC(908) Pause Full (Ergonomics) 3484M->972M(3641M) 173.514ms
[2025-08-01T03:45:48.399+0000] GC(908) User=1.21s Sys=0.00s Real=0.17s
[2025-08-01T03:45:48.484+0000] GC(909) Pause Young (Allocation Failure)
[2025-08-01T03:45:48.553+0000] GC(909) PSYoungGen: 465920K(931840K)->382752K(931840K) Eden: 465920K(465920K)->0K(465920K) From: 0K(465920K)->382752K(465920K)
[2025-08-01T03:45:48.553+0000] GC(909) ParOldGen: 996283K(2796544K)->996283K(2796544K)
[2025-08-01T03:45:48.553+0000] GC(909) Metaspace: 10662K(10880K)->10662K(10880K) NonClass: 9396K(9536K)->9396K(9536K) Class: 1265K(1344K)->1265K(1344K)
[2025-08-01T03:45:48.553+0000] GC(909) Pause Young (Allocation Failure) 1427M->1346M(3641M) 69.423ms
[2025-08-01T03:45:48.553+0000] GC(909) User=0.52s Sys=0.00s Real=0.07s
[2025-08-01T03:45:48.637+0000] GC(910) Pause Young (Allocation Failure)
[2025-08-01T03:45:48.761+0000] GC(910) PSYoungGen: 848672K(931840K)->338016K(931840K) Eden: 465920K(465920K)->0K(465920K) From: 382752K(465920K)->338016K(465920K)
[2025-08-01T03:45:48.761+0000] GC(910) ParOldGen: 996283K(2796544K)->1157139K(2796544K)
[2025-08-01T03:45:48.761+0000] GC(910) Metaspace: 10662K(10880K)->10662K(10880K) NonClass: 9396K(9536K)->9396K(9536K) Class: 1265K(1344K)->1265K(1344K)
[2025-08-01T03:45:48.761+0000] GC(910) Pause Young (Allocation Failure) 1801M->1460M(3641M) 124.740ms
[2025-08-01T03:45:48.761+0000] GC(910) User=0.94s Sys=0.02s Real=0.12s
[2025-08-01T03:45:48.848+0000] GC(911) Pause Young (Allocation Failure)
[2025-08-01T03:45:48.999+0000] GC(911) PSYoungGen: 803936K(931840K)->465920K(931840K) Eden: 465920K(465920K)->0K(465920K) From: 338016K(465920K)->465920K(465920K)
[2025-08-01T03:45:48.999+0000] GC(911) ParOldGen: 1157139K(2796544K)->1521107K(2796544K)
[2025-08-01T03:45:48.999+0000] GC(911) Metaspace: 10662K(10880K)->10662K(10880K) NonClass: 9396K(9536K)->9396K(9536K) Class: 1265K(1344K)->1265K(1344K)
[2025-08-01T03:45:48.999+0000] GC(911) Pause Young (Allocation Failure) 1915M->1940M(3641M) 150.490ms
[2025-08-01T03:45:48.999+0000] GC(911) User=1.13s Sys=0.04s Real=0.15s
[2025-08-01T03:45:49.083+0000] GC(912) Pause Young (Allocation Failure)
[2025-08-01T03:45:49.246+0000] GC(912) PSYoungGen: 931840K(931840K)->377376K(931840K) Eden: 465920K(465920K)->0K(465920K) From: 465920K(465920K)->377376K(465920K)
[2025-08-01T03:45:49.246+0000] GC(912) ParOldGen: 1521107K(2796544K)->1913123K(2796544K)
[2025-08-01T03:45:49.246+0000] GC(912) Metaspace: 10662K(10880K)->10662K(10880K) NonClass: 9396K(9536K)->9396K(9536K) Class: 1265K(1344K)->1265K(1344K)
[2025-08-01T03:45:49.246+0000] GC(912) Pause Young (Allocation Failure) 2395M->2236M(3641M) 162.770ms
[2025-08-01T03:45:49.246+0000] GC(912) User=1.14s Sys=0.08s Real=0.16s
[2025-08-01T03:45:49.332+0000] GC(913) Pause Young (Allocation Failure)
[2025-08-01T03:45:49.495+0000] GC(913) PSYoungGen: 843296K(931840K)->376384K(931840K) Eden: 465920K(465920K)->0K(465920K) From: 377376K(465920K)->376384K(465920K)
[2025-08-01T03:45:49.495+0000] GC(913) ParOldGen: 1913123K(2796544K)->2192283K(2796544K)
[2025-08-01T03:45:49.495+0000] GC(913) Metaspace: 10662K(10880K)->10662K(10880K) NonClass: 9396K(9536K)->9396K(9536K) Class: 1265K(1344K)->1265K(1344K)
[2025-08-01T03:45:49.495+0000] GC(913) Pause Young (Allocation Failure) 2691M->2508M(3641M) 163.834ms
[2025-08-01T03:45:49.495+0000] GC(913) User=1.21s Sys=0.03s Real=0.17s
[2025-08-01T03:45:49.581+0000] GC(914) Pause Young (Allocation Failure)
[2025-08-01T03:45:49.668+0000] GC(914) PSYoungGen: 842304K(931840K)->336032K(931840K) Eden: 465920K(465920K)->0K(465920K) From: 376384K(465920K)->336032K(465920K)
[2025-08-01T03:45:49.668+0000] GC(914) ParOldGen: 2192283K(2796544K)->2332443K(2796544K)
[2025-08-01T03:45:49.668+0000] GC(914) Metaspace: 10662K(10880K)->10662K(10880K) NonClass: 9396K(9536K)->9396K(9536K) Class: 1265K(1344K)->1265K(1344K)
[2025-08-01T03:45:49.668+0000] GC(914) Pause Young (Allocation Failure) 2963M->2605M(3641M) 87.181ms
[2025-08-01T03:45:49.668+0000] GC(914) User=0.63s Sys=0.02s Real=0.09s
[2025-08-01T03:45:49.752+0000] GC(915) Pause Young (Allocation Failure)
[2025-08-01T03:45:49.911+0000] GC(915) PSYoungGen: 801952K(931840K)->465920K(931840K) Eden: 465920K(465920K)->0K(465920K) From: 336032K(465920K)->465920K(465920K)
[2025-08-01T03:45:49.911+0000] GC(915) ParOldGen: 2332443K(2796544K)->2697883K(2796544K)
[2025-08-01T03:45:49.911+0000] GC(915) Metaspace: 10662K(10880K)->10662K(10880K) NonClass: 9396K(9536K)->9396K(9536K) Class: 1265K(1344K)->1265K(1344K)
[2025-08-01T03:45:49.911+0000] GC(915) Pause Young (Allocation Failure) 3060M->3089M(3641M) 158.969ms
[2025-08-01T03:45:49.911+0000] GC(915) User=1.12s Sys=0.12s Real=0.16s
[2025-08-01T03:45:49.995+0000] GC(916) Pause Full (Ergonomics)
[2025-08-01T03:45:49.995+0000] GC(916) Marking Phase
[2025-08-01T03:45:50.162+0000] GC(916) Marking Phase 166.225ms
[2025-08-01T03:45:50.162+0000] GC(916) Summary Phase
[2025-08-01T03:45:50.162+0000] GC(916) Summary Phase 0.246ms
[2025-08-01T03:45:50.162+0000] GC(916) Adjust Roots
[2025-08-01T03:45:50.164+0000] GC(916) Adjust Roots 2.016ms
[2025-08-01T03:45:50.164+0000] GC(916) Compaction Phase
[2025-08-01T03:45:50.313+0000] GC(916) Compaction Phase 149.220ms
[2025-08-01T03:45:50.313+0000] GC(916) Post Compact
[2025-08-01T03:45:50.337+0000] GC(916) Post Compact 23.716ms
[2025-08-01T03:45:50.337+0000] GC(916) PSYoungGen: 931840K(931840K)->0K(931840K) Eden: 465920K(465920K)->0K(465920K) From: 465920K(465920K)->0K(465920K)
[2025-08-01T03:45:50.337+0000] GC(916) ParOldGen: 2697883K(2796544K)->1012138K(2796544K)
[2025-08-01T03:45:50.337+0000] GC(916) Metaspace: 10662K(10880K)->10662K(10880K) NonClass: 9396K(9536K)->9396K(9536K) Class: 1265K(1344K)->1265K(1344K)
[2025-08-01T03:45:50.337+0000] GC(916) Pause Full (Ergonomics) 3544M->988M(3641M) 342.017ms
[2025-08-01T03:45:50.337+0000] GC(916) User=2.00s Sys=0.43s Real=0.34s
[2025-08-01T03:45:50.424+0000] GC(917) Pause Young (Allocation Failure)
[2025-08-01T03:45:50.534+0000] GC(917) PSYoungGen: 465920K(931840K)->357184K(931840K) Eden: 465920K(465920K)->0K(465920K) From: 0K(465920K)->357184K(465920K)
[2025-08-01T03:45:50.534+0000] GC(917) ParOldGen: 1012138K(2796544K)->1012138K(2796544K)
[2025-08-01T03:45:50.534+0000] GC(917) Metaspace: 10662K(10880K)->10662K(10880K) NonClass: 9396K(9536K)->9396K(9536K) Class: 1265K(1344K)->1265K(1344K)
[2025-08-01T03:45:50.534+0000] GC(917) Pause Young (Allocation Failure) 1443M->1337M(3641M) 110.222ms
[2025-08-01T03:45:50.534+0000] GC(917) User=0.83s Sys=0.02s Real=0.11s
[2025-08-01T03:45:50.624+0000] GC(918) Pause Young (Allocation Failure)
[2025-08-01T03:45:50.703+0000] GC(918) PSYoungGen: 823104K(931840K)->345984K(931840K) Eden: 465920K(465920K)->0K(465920K) From: 357184K(465920K)->345984K(465920K)
[2025-08-01T03:45:50.703+0000] GC(918) ParOldGen: 1012138K(2796544K)->1145258K(2796544K)
[2025-08-01T03:45:50.703+0000] GC(918) Metaspace: 10662K(10880K)->10662K(10880K) NonClass: 9396K(9536K)->9396K(9536K) Class: 1265K(1344K)->1265K(1344K)
[2025-08-01T03:45:50.703+0000] GC(918) Pause Young (Allocation Failure) 1792M->1456M(3641M) 79.017ms
[2025-08-01T03:45:50.703+0000] GC(918) User=0.59s Sys=0.01s Real=0.07s
[2025-08-01T03:45:50.790+0000] GC(919) Pause Young (Allocation Failure)
[2025-08-01T03:45:50.998+0000] GC(919) PSYoungGen: 811904K(931840K)->465920K(931840K) Eden: 465920K(465920K)->0K(465920K) From: 345984K(465920K)->465920K(465920K)
[2025-08-01T03:45:50.998+0000] GC(919) ParOldGen: 1145258K(2796544K)->1519986K(2796544K)
[2025-08-01T03:45:50.998+0000] GC(919) Metaspace: 10662K(10880K)->10662K(10880K) NonClass: 9396K(9536K)->9396K(9536K) Class: 1265K(1344K)->1265K(1344K)
[2025-08-01T03:45:50.998+0000] GC(919) Pause Young (Allocation Failure) 1911M->1939M(3641M) 208.021ms
[2025-08-01T03:45:50.998+0000] GC(919) User=1.54s Sys=0.08s Real=0.21s
[2025-08-01T03:45:51.085+0000] GC(920) Pause Young (Allocation Failure)
[2025-08-01T03:45:51.221+0000] GC(920) PSYoungGen: 931840K(931840K)->402688K(931840K) Eden: 465920K(465920K)->0K(465920K) From: 465920K(465920K)->402688K(465920K)
[2025-08-01T03:45:51.222+0000] GC(920) ParOldGen: 1519986K(2796544K)->1892778K(2796544K)
[2025-08-01T03:45:51.222+0000] GC(920) Metaspace: 10662K(10880K)->10662K(10880K) NonClass: 9396K(9536K)->9396K(9536K) Class: 1265K(1344K)->1265K(1344K)
[2025-08-01T03:45:51.222+0000] GC(920) Pause Young (Allocation Failure) 2394M->2241M(3641M) 136.429ms
[2025-08-01T03:45:51.222+0000] GC(920) User=1.05s Sys=0.03s Real=0.13s
[2025-08-01T03:45:51.316+0000] GC(921) Pause Young (Allocation Failure)
[2025-08-01T03:45:51.464+0000] GC(921) PSYoungGen: 868608K(931840K)->465920K(931840K) Eden: 465920K(465920K)->0K(465920K) From: 402688K(465920K)->465920K(465920K)
[2025-08-01T03:45:51.464+0000] GC(921) ParOldGen: 1892778K(2796544K)->2326594K(2796544K)
[2025-08-01T03:45:51.464+0000] GC(921) Metaspace: 10662K(10880K)->10662K(10880K) NonClass: 9396K(9536K)->9396K(9536K) Class: 1265K(1344K)->1265K(1344K)
[2025-08-01T03:45:51.464+0000] GC(921) Pause Young (Allocation Failure) 2696M->2727M(3641M) 147.859ms
[2025-08-01T03:45:51.464+0000] GC(921) User=1.09s Sys=0.04s Real=0.15s
[2025-08-01T03:45:51.554+0000] GC(922) Pause Full (Ergonomics)
[2025-08-01T03:45:51.554+0000] GC(922) Marking Phase
[2025-08-01T03:45:51.596+0000] GC(922) Marking Phase 41.999ms
[2025-08-01T03:45:51.596+0000] GC(922) Summary Phase
[2025-08-01T03:45:51.596+0000] GC(922) Summary Phase 0.115ms
[2025-08-01T03:45:51.596+0000] GC(922) Adjust Roots
[2025-08-01T03:45:51.598+0000] GC(922) Adjust Roots 1.902ms
[2025-08-01T03:45:51.598+0000] GC(922) Compaction Phase
[2025-08-01T03:45:51.695+0000] GC(922) Compaction Phase 97.272ms
[2025-08-01T03:45:51.695+0000] GC(922) Post Compact
[2025-08-01T03:45:51.719+0000] GC(922) Post Compact 23.870ms
[2025-08-01T03:45:51.719+0000] GC(922) PSYoungGen: 931840K(931840K)->0K(931840K) Eden: 465920K(465920K)->0K(465920K) From: 465920K(465920K)->0K(465920K)
[2025-08-01T03:45:51.719+0000] GC(922) ParOldGen: 2326594K(2796544K)->558171K(2796544K)
[2025-08-01T03:45:51.719+0000] GC(922) Metaspace: 10662K(10880K)->10662K(10880K) NonClass: 9396K(9536K)->9396K(9536K) Class: 1265K(1344K)->1265K(1344K)
[2025-08-01T03:45:51.719+0000] GC(922) Pause Full (Ergonomics) 3182M->545M(3641M) 165.640ms
[2025-08-01T03:45:51.719+0000] GC(922) User=1.05s Sys=0.04s Real=0.16s
[2025-08-01T03:45:51.803+0000] GC(923) Pause Young (Allocation Failure)
[2025-08-01T03:45:51.890+0000] GC(923) PSYoungGen: 465920K(931840K)->465920K(931840K) Eden: 465920K(465920K)->0K(465920K) From: 0K(465920K)->465920K(465920K)
[2025-08-01T03:45:51.890+0000] GC(923) ParOldGen: 558171K(2796544K)->565875K(2796544K)
[2025-08-01T03:45:51.890+0000] GC(923) Metaspace: 10662K(10880K)->10662K(10880K) NonClass: 9396K(9536K)->9396K(9536K) Class: 1265K(1344K)->1265K(1344K)
[2025-08-01T03:45:51.890+0000] GC(923) Pause Young (Allocation Failure) 1000M->1007M(3641M) 87.087ms
[2025-08-01T03:45:51.890+0000] GC(923) User=0.64s Sys=0.02s Real=0.09s
[2025-08-01T03:45:51.976+0000] GC(924) Pause Young (Allocation Failure)
[2025-08-01T03:45:52.173+0000] GC(924) PSYoungGen: 931840K(931840K)->403008K(931840K) Eden: 465920K(465920K)->0K(465920K) From: 465920K(465920K)->403008K(465920K)
[2025-08-01T03:45:52.173+0000] GC(924) ParOldGen: 565875K(2796544K)->935083K(2796544K)
[2025-08-01T03:45:52.173+0000] GC(924) Metaspace: 10662K(10880K)->10662K(10880K) NonClass: 9396K(9536K)->9396K(9536K) Class: 1265K(1344K)->1265K(1344K)
[2025-08-01T03:45:52.173+0000] GC(924) Pause Young (Allocation Failure) 1462M->1306M(3641M) 196.425ms
[2025-08-01T03:45:52.173+0000] GC(924) User=1.48s Sys=0.04s Real=0.19s
[2025-08-01T03:45:52.261+0000] GC(925) Pause Young (Allocation Failure)
[2025-08-01T03:45:52.418+0000] GC(925) PSYoungGen: 868928K(931840K)->465920K(931840K) Eden: 465920K(465920K)->0K(465920K) From: 403008K(465920K)->465920K(465920K)
[2025-08-01T03:45:52.418+0000] GC(925) ParOldGen: 935083K(2796544K)->1370787K(2796544K)
[2025-08-01T03:45:52.418+0000] GC(925) Metaspace: 10662K(10880K)->10662K(10880K) NonClass: 9396K(9536K)->9396K(9536K) Class: 1265K(1344K)->1265K(1344K)
[2025-08-01T03:45:52.418+0000] GC(925) Pause Young (Allocation Failure) 1761M->1793M(3641M) 157.806ms
[2025-08-01T03:45:52.419+0000] GC(925) User=1.15s Sys=0.04s Real=0.16s
[2025-08-01T03:45:52.506+0000] GC(926) Pause Young (Allocation Failure)
[2025-08-01T03:45:52.590+0000] GC(926) PSYoungGen: 931840K(931840K)->363424K(931840K) Eden: 465920K(465920K)->0K(465920K) From: 465920K(465920K)->363424K(465920K)
[2025-08-01T03:45:52.590+0000] GC(926) ParOldGen: 1370787K(2796544K)->1507587K(2796544K)
[2025-08-01T03:45:52.590+0000] GC(926) Metaspace: 10662K(10880K)->10662K(10880K) NonClass: 9396K(9536K)->9396K(9536K) Class: 1265K(1344K)->1265K(1344K)
[2025-08-01T03:45:52.590+0000] GC(926) Pause Young (Allocation Failure) 2248M->1827M(3641M) 84.492ms
[2025-08-01T03:45:52.590+0000] GC(926) User=0.64s Sys=0.01s Real=0.08s
[2025-08-01T03:45:52.673+0000] GC(927) Pause Young (Allocation Failure)
[2025-08-01T03:45:52.828+0000] GC(927) PSYoungGen: 829344K(931840K)->465920K(931840K) Eden: 465920K(465920K)->0K(465920K) From: 363424K(465920K)->465920K(465920K)
[2025-08-01T03:45:52.828+0000] GC(927) ParOldGen: 1507587K(2796544K)->1897323K(2796544K)
[2025-08-01T03:45:52.828+0000] GC(927) Metaspace: 10662K(10880K)->10662K(10880K) NonClass: 9396K(9536K)->9396K(9536K) Class: 1265K(1344K)->1265K(1344K)
[2025-08-01T03:45:52.828+0000] GC(927) Pause Young (Allocation Failure) 2282M->2307M(3641M) 155.077ms
[2025-08-01T03:45:52.828+0000] GC(927) User=1.16s Sys=0.05s Real=0.15s
[2025-08-01T03:45:52.915+0000] GC(928) Pause Young (Allocation Failure)
[2025-08-01T03:45:53.107+0000] GC(928) PSYoungGen: 931840K(931840K)->411968K(931840K) Eden: 465920K(465920K)->0K(465920K) From: 465920K(465920K)->411968K(465920K)
[2025-08-01T03:45:53.107+0000] GC(928) ParOldGen: 1897323K(2796544K)->2254779K(2796544K)
[2025-08-01T03:45:53.107+0000] GC(928) Metaspace: 10662K(10880K)->10662K(10880K) NonClass: 9396K(9536K)->9396K(9536K) Class: 1265K(1344K)->1265K(1344K)
[2025-08-01T03:45:53.107+0000] GC(928) Pause Young (Allocation Failure) 2762M->2604M(3641M) 192.517ms
[2025-08-01T03:45:53.107+0000] GC(928) User=1.43s Sys=0.06s Real=0.19s
[2025-08-01T03:45:53.193+0000] GC(929) Pause Full (Ergonomics)
[2025-08-01T03:45:53.193+0000] GC(929) Marking Phase
[2025-08-01T03:45:53.245+0000] GC(929) Marking Phase 52.775ms
[2025-08-01T03:45:53.245+0000] GC(929) Summary Phase
[2025-08-01T03:45:53.246+0000] GC(929) Summary Phase 0.112ms
[2025-08-01T03:45:53.246+0000] GC(929) Adjust Roots
[2025-08-01T03:45:53.248+0000] GC(929) Adjust Roots 1.934ms
[2025-08-01T03:45:53.248+0000] GC(929) Compaction Phase
[2025-08-01T03:45:53.394+0000] GC(929) Compaction Phase 146.140ms
[2025-08-01T03:45:53.394+0000] GC(929) Post Compact
[2025-08-01T03:45:53.416+0000] GC(929) Post Compact 22.271ms
[2025-08-01T03:45:53.416+0000] GC(929) PSYoungGen: 877888K(931840K)->0K(931840K) Eden: 465920K(465920K)->0K(465920K) From: 411968K(465920K)->0K(465920K)
[2025-08-01T03:45:53.416+0000] GC(929) ParOldGen: 2254779K(2796544K)->1033623K(2796544K)
[2025-08-01T03:45:53.416+0000] GC(929) Metaspace: 10662K(10880K)->10662K(10880K) NonClass: 9396K(9536K)->9396K(9536K) Class: 1265K(1344K)->1265K(1344K)
[2025-08-01T03:45:53.416+0000] GC(929) Pause Full (Ergonomics) 3059M->1009M(3641M) 223.647ms
[2025-08-01T03:45:53.416+0000] GC(929) User=1.56s Sys=0.00s Real=0.23s
[2025-08-01T03:45:53.501+0000] GC(930) Pause Young (Allocation Failure)
[2025-08-01T03:45:53.591+0000] GC(930) PSYoungGen: 465920K(931840K)->375808K(931840K) Eden: 465920K(465920K)->0K(465920K) From: 0K(465920K)->375808K(465920K)
[2025-08-01T03:45:53.591+0000] GC(930) ParOldGen: 1033623K(2796544K)->1033623K(2796544K)
[2025-08-01T03:45:53.591+0000] GC(930) Metaspace: 10662K(10880K)->10662K(10880K) NonClass: 9396K(9536K)->9396K(9536K) Class: 1265K(1344K)->1265K(1344K)
[2025-08-01T03:45:53.591+0000] GC(930) Pause Young (Allocation Failure) 1464M->1376M(3641M) 89.878ms
[2025-08-01T03:45:53.591+0000] GC(930) User=0.64s Sys=0.02s Real=0.09s
[2025-08-01T03:45:53.682+0000] GC(931) Pause Young (Allocation Failure)
[2025-08-01T03:45:53.874+0000] GC(931) PSYoungGen: 841728K(931840K)->465920K(931840K) Eden: 465920K(465920K)->0K(465920K) From: 375808K(465920K)->465920K(465920K)
[2025-08-01T03:45:53.874+0000] GC(931) ParOldGen: 1033623K(2796544K)->1439335K(2796544K)
[2025-08-01T03:45:53.874+0000] GC(931) Metaspace: 10662K(10880K)->10662K(10880K) NonClass: 9396K(9536K)->9396K(9536K) Class: 1265K(1344K)->1265K(1344K)
[2025-08-01T03:45:53.874+0000] GC(931) Pause Young (Allocation Failure) 1831M->1860M(3641M) 192.721ms
[2025-08-01T03:45:53.874+0000] GC(931) User=1.47s Sys=0.03s Real=0.20s
[2025-08-01T03:45:53.958+0000] GC(932) Pause Young (Allocation Failure)
[2025-08-01T03:45:54.092+0000] GC(932) PSYoungGen: 931840K(931840K)->405632K(931840K) Eden: 465920K(465920K)->0K(465920K) From: 465920K(465920K)->405632K(465920K)
[2025-08-01T03:45:54.092+0000] GC(932) ParOldGen: 1439335K(2796544K)->1803743K(2796544K)
[2025-08-01T03:45:54.092+0000] GC(932) Metaspace: 10662K(10880K)->10662K(10880K) NonClass: 9396K(9536K)->9396K(9536K) Class: 1265K(1344K)->1265K(1344K)
[2025-08-01T03:45:54.092+0000] GC(932) Pause Young (Allocation Failure) 2315M->2157M(3641M) 133.599ms
[2025-08-01T03:45:54.092+0000] GC(932) User=1.02s Sys=0.03s Real=0.13s
[2025-08-01T03:45:54.176+0000] GC(933) Pause Young (Allocation Failure)
[2025-08-01T03:45:54.287+0000] GC(933) PSYoungGen: 871552K(931840K)->366112K(931840K) Eden: 465920K(465920K)->0K(465920K) From: 405632K(465920K)->366112K(465920K)
[2025-08-01T03:45:54.288+0000] GC(933) ParOldGen: 1803743K(2796544K)->2115271K(2796544K)
[2025-08-01T03:45:54.288+0000] GC(933) Metaspace: 10662K(10880K)->10662K(10880K) NonClass: 9396K(9536K)->9396K(9536K) Class: 1265K(1344K)->1265K(1344K)
[2025-08-01T03:45:54.288+0000] GC(933) Pause Young (Allocation Failure) 2612M->2423M(3641M) 111.467ms
[2025-08-01T03:45:54.288+0000] GC(933) User=0.85s Sys=0.02s Real=0.11s
[2025-08-01T03:45:54.372+0000] GC(934) Pause Young (Allocation Failure)
[2025-08-01T03:45:54.497+0000] GC(934) PSYoungGen: 832032K(931840K)->386592K(931840K) Eden: 465920K(465920K)->0K(465920K) From: 366112K(465920K)->386592K(465920K)
[2025-08-01T03:45:54.497+0000] GC(934) ParOldGen: 2115271K(2796544K)->2232999K(2796544K)
[2025-08-01T03:45:54.497+0000] GC(934) Metaspace: 10662K(10880K)->10662K(10880K) NonClass: 9396K(9536K)->9396K(9536K) Class: 1265K(1344K)->1265K(1344K)
[2025-08-01T03:45:54.497+0000] GC(934) Pause Young (Allocation Failure) 2878M->2558M(3641M) 125.057ms
[2025-08-01T03:45:54.497+0000] GC(934) User=0.87s Sys=0.05s Real=0.13s
[2025-08-01T03:45:54.585+0000] GC(935) Pause Full (Ergonomics)
[2025-08-01T03:45:54.585+0000] GC(935) Marking Phase
[2025-08-01T03:45:54.642+0000] GC(935) Marking Phase 57.113ms
[2025-08-01T03:45:54.642+0000] GC(935) Summary Phase
[2025-08-01T03:45:54.642+0000] GC(935) Summary Phase 0.094ms
[2025-08-01T03:45:54.642+0000] GC(935) Adjust Roots
[2025-08-01T03:45:54.644+0000] GC(935) Adjust Roots 2.248ms
[2025-08-01T03:45:54.644+0000] GC(935) Compaction Phase
[2025-08-01T03:45:54.788+0000] GC(935) Compaction Phase 143.813ms
[2025-08-01T03:45:54.788+0000] GC(935) Post Compact
[2025-08-01T03:45:54.808+0000] GC(935) Post Compact 19.882ms
[2025-08-01T03:45:54.808+0000] GC(935) PSYoungGen: 852512K(931840K)->0K(931840K) Eden: 465920K(465920K)->0K(465920K) From: 386592K(465920K)->0K(465920K)
[2025-08-01T03:45:54.808+0000] GC(935) ParOldGen: 2232999K(2796544K)->1044549K(2796544K)
[2025-08-01T03:45:54.808+0000] GC(935) Metaspace: 10662K(10880K)->10662K(10880K) NonClass: 9396K(9536K)->9396K(9536K) Class: 1265K(1344K)->1265K(1344K)
[2025-08-01T03:45:54.808+0000] GC(935) Pause Full (Ergonomics) 3013M->1020M(3641M) 223.494ms
[2025-08-01T03:45:54.808+0000] GC(935) User=1.57s Sys=0.00s Real=0.22s
[2025-08-01T03:45:54.893+0000] GC(936) Pause Young (Allocation Failure)
[2025-08-01T03:45:54.961+0000] GC(936) PSYoungGen: 465920K(931840K)->376640K(931840K) Eden: 465920K(465920K)->0K(465920K) From: 0K(465920K)->376640K(465920K)
[2025-08-01T03:45:54.961+0000] GC(936) ParOldGen: 1044549K(2796544K)->1044549K(2796544K)
[2025-08-01T03:45:54.961+0000] GC(936) Metaspace: 10662K(10880K)->10662K(10880K) NonClass: 9396K(9536K)->9396K(9536K) Class: 1265K(1344K)->1265K(1344K)
[2025-08-01T03:45:54.961+0000] GC(936) Pause Young (Allocation Failure) 1475M->1387M(3641M) 67.706ms
[2025-08-01T03:45:54.961+0000] GC(936) User=0.51s Sys=0.01s Real=0.06s
[2025-08-01T03:45:55.047+0000] GC(937) Pause Young (Allocation Failure)
[2025-08-01T03:45:55.213+0000] GC(937) PSYoungGen: 842560K(931840K)->404768K(931840K) Eden: 465920K(465920K)->0K(465920K) From: 376640K(465920K)->404768K(465920K)
[2025-08-01T03:45:55.213+0000] GC(937) ParOldGen: 1044549K(2796544K)->1316717K(2796544K)
[2025-08-01T03:45:55.213+0000] GC(937) Metaspace: 10662K(10880K)->10662K(10880K) NonClass: 9396K(9536K)->9396K(9536K) Class: 1265K(1344K)->1265K(1344K)
[2025-08-01T03:45:55.213+0000] GC(937) Pause Young (Allocation Failure) 1842M->1681M(3641M) 165.997ms
[2025-08-01T03:45:55.213+0000] GC(937) User=1.29s Sys=0.02s Real=0.16s
[2025-08-01T03:45:55.301+0000] GC(938) Pause Young (Allocation Failure)
[2025-08-01T03:45:55.448+0000] GC(938) PSYoungGen: 870688K(931840K)->359328K(931840K) Eden: 465920K(465920K)->0K(465920K) From: 404768K(465920K)->359328K(465920K)
[2025-08-01T03:45:55.448+0000] GC(938) ParOldGen: 1316717K(2796544K)->1503133K(2796544K)
[2025-08-01T03:45:55.448+0000] GC(938) Metaspace: 10662K(10880K)->10662K(10880K) NonClass: 9396K(9536K)->9396K(9536K) Class: 1265K(1344K)->1265K(1344K)
[2025-08-01T03:45:55.448+0000] GC(938) Pause Young (Allocation Failure) 2136M->1818M(3641M) 147.582ms
[2025-08-01T03:45:55.448+0000] GC(938) User=1.12s Sys=0.04s Real=0.15s
[2025-08-01T03:45:55.541+0000] GC(939) Pause Young (Allocation Failure)
[2025-08-01T03:45:55.686+0000] GC(939) PSYoungGen: 825248K(931840K)->465920K(931840K) Eden: 465920K(465920K)->0K(465920K) From: 359328K(465920K)->465920K(465920K)
[2025-08-01T03:45:55.686+0000] GC(939) ParOldGen: 1503133K(2796544K)->1892245K(2796544K)
[2025-08-01T03:45:55.686+0000] GC(939) Metaspace: 10662K(10880K)->10662K(10880K) NonClass: 9396K(9536K)->9396K(9536K) Class: 1265K(1344K)->1265K(1344K)
[2025-08-01T03:45:55.686+0000] GC(939) Pause Young (Allocation Failure) 2273M->2302M(3641M) 145.029ms
[2025-08-01T03:45:55.686+0000] GC(939) User=1.08s Sys=0.04s Real=0.15s
[2025-08-01T03:45:55.775+0000] GC(940) Pause Young (Allocation Failure)
[2025-08-01T03:45:55.961+0000] GC(940) PSYoungGen: 931840K(931840K)->378560K(931840K) Eden: 465920K(465920K)->0K(465920K) From: 465920K(465920K)->378560K(465920K)
[2025-08-01T03:45:55.961+0000] GC(940) ParOldGen: 1892245K(2796544K)->2264197K(2796544K)
[2025-08-01T03:45:55.961+0000] GC(940) Metaspace: 10662K(10880K)->10662K(10880K) NonClass: 9396K(9536K)->9396K(9536K) Class: 1265K(1344K)->1265K(1344K)
[2025-08-01T03:45:55.961+0000] GC(940) Pause Young (Allocation Failure) 2757M->2580M(3641M) 185.451ms
[2025-08-01T03:45:55.961+0000] GC(940) User=1.42s Sys=0.05s Real=0.18s
[2025-08-01T03:45:56.046+0000] GC(941) Pause Full (Ergonomics)
[2025-08-01T03:45:56.046+0000] GC(941) Marking Phase
[2025-08-01T03:45:56.154+0000] GC(941) Marking Phase 107.297ms
[2025-08-01T03:45:56.154+0000] GC(941) Summary Phase
[2025-08-01T03:45:56.154+0000] GC(941) Summary Phase 0.174ms
[2025-08-01T03:45:56.154+0000] GC(941) Adjust Roots
[2025-08-01T03:45:56.157+0000] GC(941) Adjust Roots 3.171ms
[2025-08-01T03:45:56.157+0000] GC(941) Compaction Phase
[2025-08-01T03:45:56.404+0000] GC(941) Compaction Phase 246.604ms
[2025-08-01T03:45:56.404+0000] GC(941) Post Compact
[2025-08-01T03:45:56.429+0000] GC(941) Post Compact 25.358ms
[2025-08-01T03:45:56.429+0000] GC(941) PSYoungGen: 844480K(931840K)->0K(931840K) Eden: 465920K(465920K)->0K(465920K) From: 378560K(465920K)->0K(465920K)
[2025-08-01T03:45:56.429+0000] GC(941) ParOldGen: 2264197K(2796544K)->1057888K(2796544K)
[2025-08-01T03:45:56.429+0000] GC(941) Metaspace: 10662K(10880K)->10662K(10880K) NonClass: 9396K(9536K)->9396K(9536K) Class: 1265K(1344K)->1265K(1344K)
[2025-08-01T03:45:56.429+0000] GC(941) Pause Full (Ergonomics) 3035M->1033M(3641M) 383.068ms
[2025-08-01T03:45:56.429+0000] GC(941) User=2.72s Sys=0.04s Real=0.38s
[2025-08-01T03:45:56.520+0000] GC(942) Pause Young (Allocation Failure)
[2025-08-01T03:45:56.595+0000] GC(942) PSYoungGen: 465920K(931840K)->361920K(931840K) Eden: 465920K(465920K)->0K(465920K) From: 0K(465920K)->361920K(465920K)
[2025-08-01T03:45:56.595+0000] GC(942) ParOldGen: 1057888K(2796544K)->1057888K(2796544K)
[2025-08-01T03:45:56.595+0000] GC(942) Metaspace: 10662K(10880K)->10662K(10880K) NonClass: 9396K(9536K)->9396K(9536K) Class: 1265K(1344K)->1265K(1344K)
[2025-08-01T03:45:56.595+0000] GC(942) Pause Young (Allocation Failure) 1488M->1386M(3641M) 74.980ms
[2025-08-01T03:45:56.595+0000] GC(942) User=0.51s Sys=0.04s Real=0.08s
[2025-08-01T03:45:56.679+0000] GC(943) Pause Young (Allocation Failure)
[2025-08-01T03:45:56.882+0000] GC(943) PSYoungGen: 827840K(931840K)->465920K(931840K) Eden: 465920K(465920K)->0K(465920K) From: 361920K(465920K)->465920K(465920K)
[2025-08-01T03:45:56.882+0000] GC(943) ParOldGen: 1057888K(2796544K)->1448864K(2796544K)
[2025-08-01T03:45:56.882+0000] GC(943) Metaspace: 10662K(10880K)->10662K(10880K) NonClass: 9396K(9536K)->9396K(9536K) Class: 1265K(1344K)->1265K(1344K)
[2025-08-01T03:45:56.882+0000] GC(943) Pause Young (Allocation Failure) 1841M->1869M(3641M) 202.681ms
[2025-08-01T03:45:56.882+0000] GC(943) User=1.53s Sys=0.03s Real=0.20s
[2025-08-01T03:45:56.972+0000] GC(944) Pause Young (Allocation Failure)
[2025-08-01T03:45:57.172+0000] GC(944) PSYoungGen: 931840K(931840K)->379584K(931840K) Eden: 465920K(465920K)->0K(465920K) From: 465920K(465920K)->379584K(465920K)
[2025-08-01T03:45:57.172+0000] GC(944) ParOldGen: 1448864K(2796544K)->1822584K(2796544K)
[2025-08-01T03:45:57.172+0000] GC(944) Metaspace: 10662K(10880K)->10662K(10880K) NonClass: 9396K(9536K)->9396K(9536K) Class: 1265K(1344K)->1265K(1344K)
[2025-08-01T03:45:57.172+0000] GC(944) Pause Young (Allocation Failure) 2324M->2150M(3641M) 200.443ms
[2025-08-01T03:45:57.172+0000] GC(944) User=1.50s Sys=0.07s Real=0.20s
[2025-08-01T03:45:57.260+0000] GC(945) Pause Young (Allocation Failure)
[2025-08-01T03:45:57.385+0000] GC(945) PSYoungGen: 845504K(931840K)->433632K(931840K) Eden: 465920K(465920K)->0K(465920K) From: 379584K(465920K)->433632K(465920K)
[2025-08-01T03:45:57.385+0000] GC(945) ParOldGen: 1822584K(2796544K)->2114088K(2796544K)
[2025-08-01T03:45:57.385+0000] GC(945) Metaspace: 10662K(10880K)->10662K(10880K) NonClass: 9396K(9536K)->9396K(9536K) Class: 1265K(1344K)->1265K(1344K)
[2025-08-01T03:45:57.385+0000] GC(945) Pause Young (Allocation Failure) 2605M->2488M(3641M) 125.227ms
[2025-08-01T03:45:57.385+0000] GC(945) User=0.92s Sys=0.04s Real=0.13s
[2025-08-01T03:45:57.524+0000] GC(946) Pause Young (Allocation Failure)
[2025-08-01T03:45:57.670+0000] GC(946) PSYoungGen: 899552K(931840K)->344608K(931840K) Eden: 465920K(465920K)->0K(465920K) From: 433632K(465920K)->344608K(465920K)
[2025-08-01T03:45:57.670+0000] GC(946) ParOldGen: 2114088K(2796544K)->2322944K(2796544K)
[2025-08-01T03:45:57.670+0000] GC(946) Metaspace: 10662K(10880K)->10662K(10880K) NonClass: 9396K(9536K)->9396K(9536K) Class: 1265K(1344K)->1265K(1344K)
[2025-08-01T03:45:57.670+0000] GC(946) Pause Young (Allocation Failure) 2943M->2605M(3641M) 145.525ms
[2025-08-01T03:45:57.670+0000] GC(946) User=1.02s Sys=0.05s Real=0.14s
[2025-08-01T03:45:57.759+0000] GC(947) Pause Full (Ergonomics)
[2025-08-01T03:45:57.759+0000] GC(947) Marking Phase
[2025-08-01T03:45:57.837+0000] GC(947) Marking Phase 78.381ms
[2025-08-01T03:45:57.837+0000] GC(947) Summary Phase
[2025-08-01T03:45:57.837+0000] GC(947) Summary Phase 0.092ms
[2025-08-01T03:45:57.838+0000] GC(947) Adjust Roots
[2025-08-01T03:45:57.840+0000] GC(947) Adjust Roots 2.424ms
[2025-08-01T03:45:57.840+0000] GC(947) Compaction Phase
[2025-08-01T03:45:58.009+0000] GC(947) Compaction Phase 168.476ms
[2025-08-01T03:45:58.009+0000] GC(947) Post Compact
[2025-08-01T03:45:58.029+0000] GC(947) Post Compact 20.121ms
[2025-08-01T03:45:58.029+0000] GC(947) PSYoungGen: 810528K(931840K)->0K(931840K) Eden: 465920K(465920K)->0K(465920K) From: 344608K(465920K)->0K(465920K)
[2025-08-01T03:45:58.029+0000] GC(947) ParOldGen: 2322944K(2796544K)->1075977K(2796544K)
[2025-08-01T03:45:58.029+0000] GC(947) Metaspace: 10662K(10880K)->10662K(10880K) NonClass: 9396K(9536K)->9396K(9536K) Class: 1265K(1344K)->1265K(1344K)
[2025-08-01T03:45:58.029+0000] GC(947) Pause Full (Ergonomics) 3060M->1050M(3641M) 269.955ms
[2025-08-01T03:45:58.029+0000] GC(947) User=1.89s Sys=0.05s Real=0.27s
[2025-08-01T03:45:58.117+0000] GC(948) Pause Young (Allocation Failure)
[2025-08-01T03:45:58.224+0000] GC(948) PSYoungGen: 465920K(931840K)->409984K(931840K) Eden: 465920K(465920K)->0K(465920K) From: 0K(465920K)->409984K(465920K)
[2025-08-01T03:45:58.224+0000] GC(948) ParOldGen: 1075977K(2796544K)->1075977K(2796544K)
[2025-08-01T03:45:58.224+0000] GC(948) Metaspace: 10662K(10880K)->10662K(10880K) NonClass: 9396K(9536K)->9396K(9536K) Class: 1265K(1344K)->1265K(1344K)
[2025-08-01T03:45:58.224+0000] GC(948) Pause Young (Allocation Failure) 1505M->1451M(3641M) 106.718ms
[2025-08-01T03:45:58.224+0000] GC(948) User=0.76s Sys=0.05s Real=0.11s
[2025-08-01T03:45:58.311+0000] GC(949) Pause Young (Allocation Failure)
[2025-08-01T03:45:58.464+0000] GC(949) PSYoungGen: 875904K(931840K)->458816K(931840K) Eden: 465920K(465920K)->0K(465920K) From: 409984K(465920K)->458816K(465920K)
[2025-08-01T03:45:58.464+0000] GC(949) ParOldGen: 1075977K(2796544K)->1357169K(2796544K)
[2025-08-01T03:45:58.464+0000] GC(949) Metaspace: 10662K(10880K)->10662K(10880K) NonClass: 9396K(9536K)->9396K(9536K) Class: 1265K(1344K)->1265K(1344K)
[2025-08-01T03:45:58.464+0000] GC(949) Pause Young (Allocation Failure) 1906M->1773M(3641M) 153.128ms
[2025-08-01T03:45:58.464+0000] GC(949) User=1.17s Sys=0.03s Real=0.16s
[2025-08-01T03:45:58.548+0000] GC(950) Pause Young (Allocation Failure)
[2025-08-01T03:45:58.681+0000] GC(950) PSYoungGen: 924736K(931840K)->455776K(931840K) Eden: 465920K(465920K)->0K(465920K) From: 458816K(465920K)->455776K(465920K)
[2025-08-01T03:45:58.681+0000] GC(950) ParOldGen: 1357169K(2796544K)->1707313K(2796544K)
[2025-08-01T03:45:58.681+0000] GC(950) Metaspace: 10662K(10880K)->10662K(10880K) NonClass: 9396K(9536K)->9396K(9536K) Class: 1265K(1344K)->1265K(1344K)
[2025-08-01T03:45:58.681+0000] GC(950) Pause Young (Allocation Failure) 2228M->2112M(3641M) 133.048ms
[2025-08-01T03:45:58.681+0000] GC(950) User=1.01s Sys=0.02s Real=0.13s
[2025-08-01T03:45:58.765+0000] GC(951) Pause Young (Allocation Failure)
[2025-08-01T03:45:58.906+0000] GC(951) PSYoungGen: 921696K(931840K)->450752K(931840K) Eden: 465920K(465920K)->0K(465920K) From: 455776K(465920K)->450752K(465920K)
[2025-08-01T03:45:58.906+0000] GC(951) ParOldGen: 1707313K(2796544K)->2084081K(2796544K)
[2025-08-01T03:45:58.906+0000] GC(951) Metaspace: 10662K(10880K)->10662K(10880K) NonClass: 9396K(9536K)->9396K(9536K) Class: 1265K(1344K)->1265K(1344K)
[2025-08-01T03:45:58.906+0000] GC(951) Pause Young (Allocation Failure) 2567M->2475M(3641M) 140.526ms
[2025-08-01T03:45:58.906+0000] GC(951) User=1.08s Sys=0.02s Real=0.14s
[2025-08-01T03:45:58.989+0000] GC(952) Pause Young (Allocation Failure)
[2025-08-01T03:45:59.086+0000] GC(952) PSYoungGen: 916672K(931840K)->278240K(931840K) Eden: 465920K(465920K)->0K(465920K) From: 450752K(465920K)->278240K(465920K)
[2025-08-01T03:45:59.086+0000] GC(952) ParOldGen: 2084081K(2796544K)->2319185K(2796544K)
[2025-08-01T03:45:59.086+0000] GC(952) Metaspace: 10662K(10880K)->10662K(10880K) NonClass: 9396K(9536K)->9396K(9536K) Class: 1265K(1344K)->1265K(1344K)
[2025-08-01T03:45:59.086+0000] GC(952) Pause Young (Allocation Failure) 2930M->2536M(3641M) 96.977ms
[2025-08-01T03:45:59.086+0000] GC(952) User=0.74s Sys=0.01s Real=0.10s
[2025-08-01T03:45:59.176+0000] GC(953) Pause Full (Ergonomics)
[2025-08-01T03:45:59.176+0000] GC(953) Marking Phase
[2025-08-01T03:45:59.266+0000] GC(953) Marking Phase 89.862ms
[2025-08-01T03:45:59.266+0000] GC(953) Summary Phase
[2025-08-01T03:45:59.266+0000] GC(953) Summary Phase 0.095ms
[2025-08-01T03:45:59.266+0000] GC(953) Adjust Roots
[2025-08-01T03:45:59.268+0000] GC(953) Adjust Roots 2.227ms
[2025-08-01T03:45:59.268+0000] GC(953) Compaction Phase
[2025-08-01T03:45:59.465+0000] GC(953) Compaction Phase 196.512ms
[2025-08-01T03:45:59.465+0000] GC(953) Post Compact
[2025-08-01T03:45:59.484+0000] GC(953) Post Compact 19.432ms
[2025-08-01T03:45:59.484+0000] GC(953) PSYoungGen: 744160K(931840K)->0K(931840K) Eden: 465920K(465920K)->0K(465920K) From: 278240K(465920K)->0K(465920K)
[2025-08-01T03:45:59.484+0000] GC(953) ParOldGen: 2319185K(2796544K)->1089740K(2796544K)
[2025-08-01T03:45:59.484+0000] GC(953) Metaspace: 10662K(10880K)->10662K(10880K) NonClass: 9396K(9536K)->9396K(9536K) Class: 1265K(1344K)->1265K(1344K)
[2025-08-01T03:45:59.484+0000] GC(953) Pause Full (Ergonomics) 2991M->1064M(3641M) 308.681ms
[2025-08-01T03:45:59.484+0000] GC(953) User=2.21s Sys=0.03s Real=0.31s
[2025-08-01T03:45:59.570+0000] GC(954) Pause Young (Allocation Failure)
[2025-08-01T03:45:59.700+0000] GC(954) PSYoungGen: 465920K(931840K)->465920K(931840K) Eden: 465920K(465920K)->0K(465920K) From: 0K(465920K)->465920K(465920K)
[2025-08-01T03:45:59.700+0000] GC(954) ParOldGen: 1089740K(2796544K)->1091940K(2796544K)
[2025-08-01T03:45:59.700+0000] GC(954) Metaspace: 10662K(10880K)->10662K(10880K) NonClass: 9396K(9536K)->9396K(9536K) Class: 1265K(1344K)->1265K(1344K)
[2025-08-01T03:45:59.700+0000] GC(954) Pause Young (Allocation Failure) 1519M->1521M(3641M) 130.041ms
[2025-08-01T03:45:59.700+0000] GC(954) User=0.93s Sys=0.05s Real=0.13s
[2025-08-01T03:45:59.785+0000] GC(955) Pause Young (Allocation Failure)
[2025-08-01T03:46:00.009+0000] GC(955) PSYoungGen: 931840K(931840K)->443936K(931840K) Eden: 465920K(465920K)->0K(465920K) From: 465920K(465920K)->443936K(465920K)
[2025-08-01T03:46:00.009+0000] GC(955) ParOldGen: 1091940K(2796544K)->1457948K(2796544K)
[2025-08-01T03:46:00.009+0000] GC(955) Metaspace: 10662K(10880K)->10662K(10880K) NonClass: 9396K(9536K)->9396K(9536K) Class: 1265K(1344K)->1265K(1344K)
[2025-08-01T03:46:00.009+0000] GC(955) Pause Young (Allocation Failure) 1976M->1857M(3641M) 224.177ms
[2025-08-01T03:46:00.009+0000] GC(955) User=1.69s Sys=0.06s Real=0.22s
[2025-08-01T03:46:00.096+0000] GC(956) Pause Young (Allocation Failure)
[2025-08-01T03:46:00.190+0000] GC(956) PSYoungGen: 909856K(931840K)->284096K(931840K) Eden: 465920K(465920K)->0K(465920K) From: 443936K(465920K)->284096K(465920K)
[2025-08-01T03:46:00.190+0000] GC(956) ParOldGen: 1457948K(2796544K)->1695092K(2796544K)
[2025-08-01T03:46:00.190+0000] GC(956) Metaspace: 10662K(10880K)->10662K(10880K) NonClass: 9396K(9536K)->9396K(9536K) Class: 1265K(1344K)->1265K(1344K)
[2025-08-01T03:46:00.190+0000] GC(956) Pause Young (Allocation Failure) 2312M->1932M(3641M) 94.138ms
[2025-08-01T03:46:00.190+0000] GC(956) User=0.72s Sys=0.02s Real=0.09s
[2025-08-01T03:46:00.272+0000] GC(957) Pause Young (Allocation Failure)
[2025-08-01T03:46:00.408+0000] GC(957) PSYoungGen: 750016K(931840K)->465920K(931840K) Eden: 465920K(465920K)->0K(465920K) From: 284096K(465920K)->465920K(465920K)
[2025-08-01T03:46:00.408+0000] GC(957) ParOldGen: 1695092K(2796544K)->2001844K(2796544K)
[2025-08-01T03:46:00.408+0000] GC(957) Metaspace: 10662K(10880K)->10662K(10880K) NonClass: 9396K(9536K)->9396K(9536K) Class: 1265K(1344K)->1265K(1344K)
[2025-08-01T03:46:00.408+0000] GC(957) Pause Young (Allocation Failure) 2387M->2409M(3641M) 135.799ms
[2025-08-01T03:46:00.408+0000] GC(957) User=1.05s Sys=0.02s Real=0.14s
[2025-08-01T03:46:00.494+0000] GC(958) Pause Young (Allocation Failure)
[2025-08-01T03:46:00.638+0000] GC(958) PSYoungGen: 931840K(931840K)->465920K(931840K) Eden: 465920K(465920K)->0K(465920K) From: 465920K(465920K)->465920K(465920K)
[2025-08-01T03:46:00.638+0000] GC(958) ParOldGen: 2001844K(2796544K)->2371380K(2796544K)
[2025-08-01T03:46:00.638+0000] GC(958) Metaspace: 10662K(10880K)->10662K(10880K) NonClass: 9396K(9536K)->9396K(9536K) Class: 1265K(1344K)->1265K(1344K)
[2025-08-01T03:46:00.638+0000] GC(958) Pause Young (Allocation Failure) 2864M->2770M(3641M) 144.325ms
[2025-08-01T03:46:00.638+0000] GC(958) User=1.05s Sys=0.05s Real=0.14s
[2025-08-01T03:46:00.722+0000] GC(959) Pause Full (Ergonomics)
[2025-08-01T03:46:00.723+0000] GC(959) Marking Phase
[2025-08-01T03:46:00.838+0000] GC(959) Marking Phase 115.180ms
[2025-08-01T03:46:00.838+0000] GC(959) Summary Phase
[2025-08-01T03:46:00.838+0000] GC(959) Summary Phase 0.087ms
[2025-08-01T03:46:00.838+0000] GC(959) Adjust Roots
[2025-08-01T03:46:00.842+0000] GC(959) Adjust Roots 3.558ms
[2025-08-01T03:46:00.842+0000] GC(959) Compaction Phase
[2025-08-01T03:46:01.022+0000] GC(959) Compaction Phase 179.876ms
[2025-08-01T03:46:01.022+0000] GC(959) Post Compact
[2025-08-01T03:46:01.042+0000] GC(959) Post Compact 20.709ms
[2025-08-01T03:46:01.042+0000] GC(959) PSYoungGen: 931840K(931840K)->0K(931840K) Eden: 465920K(465920K)->0K(465920K) From: 465920K(465920K)->0K(465920K)
[2025-08-01T03:46:01.042+0000] GC(959) ParOldGen: 2371380K(2796544K)->1095350K(2796544K)
[2025-08-01T03:46:01.042+0000] GC(959) Metaspace: 10662K(10880K)->10662K(10880K) NonClass: 9396K(9536K)->9396K(9536K) Class: 1265K(1344K)->1265K(1344K)
[2025-08-01T03:46:01.042+0000] GC(959) Pause Full (Ergonomics) 3225M->1069M(3641M) 320.027ms
[2025-08-01T03:46:01.042+0000] GC(959) User=2.18s Sys=0.07s Real=0.32s
[2025-08-01T03:46:01.126+0000] GC(960) Pause Young (Allocation Failure)
[2025-08-01T03:46:01.184+0000] GC(960) PSYoungGen: 465920K(931840K)->284896K(931840K) Eden: 465920K(465920K)->0K(465920K) From: 0K(465920K)->284896K(465920K)
[2025-08-01T03:46:01.184+0000] GC(960) ParOldGen: 1095350K(2796544K)->1095350K(2796544K)
[2025-08-01T03:46:01.184+0000] GC(960) Metaspace: 10662K(10880K)->10662K(10880K) NonClass: 9396K(9536K)->9396K(9536K) Class: 1265K(1344K)->1265K(1344K)
[2025-08-01T03:46:01.184+0000] GC(960) Pause Young (Allocation Failure) 1524M->1347M(3641M) 57.883ms
[2025-08-01T03:46:01.184+0000] GC(960) User=0.42s Sys=0.01s Real=0.06s
[2025-08-01T03:46:01.268+0000] GC(961) Pause Young (Allocation Failure)
[2025-08-01T03:46:01.378+0000] GC(961) PSYoungGen: 750816K(931840K)->357760K(931840K) Eden: 465920K(465920K)->0K(465920K) From: 284896K(465920K)->357760K(465920K)
[2025-08-01T03:46:01.378+0000] GC(961) ParOldGen: 1095350K(2796544K)->1268302K(2796544K)
[2025-08-01T03:46:01.378+0000] GC(961) Metaspace: 10662K(10880K)->10662K(10880K) NonClass: 9396K(9536K)->9396K(9536K) Class: 1265K(1344K)->1265K(1344K)
[2025-08-01T03:46:01.378+0000] GC(961) Pause Young (Allocation Failure) 1802M->1587M(3641M) 109.833ms
[2025-08-01T03:46:01.378+0000] GC(961) User=0.77s Sys=0.05s Real=0.11s
[2025-08-01T03:46:01.464+0000] GC(962) Pause Young (Allocation Failure)
[2025-08-01T03:46:01.674+0000] GC(962) PSYoungGen: 823680K(931840K)->465920K(931840K) Eden: 465920K(465920K)->0K(465920K) From: 357760K(465920K)->465920K(465920K)
[2025-08-01T03:46:01.674+0000] GC(962) ParOldGen: 1268302K(2796544K)->1656814K(2796544K)
[2025-08-01T03:46:01.674+0000] GC(962) Metaspace: 10662K(10880K)->10662K(10880K) NonClass: 9396K(9536K)->9396K(9536K) Class: 1265K(1344K)->1265K(1344K)
[2025-08-01T03:46:01.674+0000] GC(962) Pause Young (Allocation Failure) 2042M->2072M(3641M) 210.641ms
[2025-08-01T03:46:01.674+0000] GC(962) User=1.55s Sys=0.07s Real=0.21s
[2025-08-01T03:46:01.761+0000] GC(963) Pause Young (Allocation Failure)
[2025-08-01T03:46:01.938+0000] GC(963) PSYoungGen: 931840K(931840K)->419776K(931840K) Eden: 465920K(465920K)->0K(465920K) From: 465920K(465920K)->419776K(465920K)
[2025-08-01T03:46:01.938+0000] GC(963) ParOldGen: 1656814K(2796544K)->2048958K(2796544K)
[2025-08-01T03:46:01.938+0000] GC(963) Metaspace: 10662K(10880K)->10662K(10880K) NonClass: 9396K(9536K)->9396K(9536K) Class: 1265K(1344K)->1265K(1344K)
[2025-08-01T03:46:01.938+0000] GC(963) Pause Young (Allocation Failure) 2527M->2410M(3641M) 177.436ms
[2025-08-01T03:46:01.938+0000] GC(963) User=1.23s Sys=0.09s Real=0.18s
[2025-08-01T03:46:02.021+0000] GC(964) Pause Young (Allocation Failure)
[2025-08-01T03:46:02.171+0000] GC(964) PSYoungGen: 885696K(931840K)->283680K(931840K) Eden: 465920K(465920K)->0K(465920K) From: 419776K(465920K)->283680K(465920K)
[2025-08-01T03:46:02.171+0000] GC(964) ParOldGen: 2048958K(2796544K)->2260270K(2796544K)
[2025-08-01T03:46:02.171+0000] GC(964) Metaspace: 10662K(10880K)->10662K(10880K) NonClass: 9396K(9536K)->9396K(9536K) Class: 1265K(1344K)->1265K(1344K)
[2025-08-01T03:46:02.171+0000] GC(964) Pause Young (Allocation Failure) 2865M->2484M(3641M) 150.031ms
[2025-08-01T03:46:02.171+0000] GC(964) User=1.06s Sys=0.05s Real=0.15s
[2025-08-01T03:46:02.257+0000] GC(965) Pause Young (Allocation Failure)
[2025-08-01T03:46:02.408+0000] GC(965) PSYoungGen: 749600K(931840K)->377856K(931840K) Eden: 465920K(465920K)->0K(465920K) From: 283680K(465920K)->377856K(465920K)
[2025-08-01T03:46:02.408+0000] GC(965) ParOldGen: 2260270K(2796544K)->2438398K(2796544K)
[2025-08-01T03:46:02.408+0000] GC(965) Metaspace: 10662K(10880K)->10662K(10880K) NonClass: 9396K(9536K)->9396K(9536K) Class: 1265K(1344K)->1265K(1344K)
[2025-08-01T03:46:02.408+0000] GC(965) Pause Young (Allocation Failure) 2939M->2750M(3641M) 150.804ms
[2025-08-01T03:46:02.408+0000] GC(965) User=1.06s Sys=0.07s Real=0.15s
[2025-08-01T03:46:02.494+0000] GC(966) Pause Full (Ergonomics)
[2025-08-01T03:46:02.494+0000] GC(966) Marking Phase
[2025-08-01T03:46:02.566+0000] GC(966) Marking Phase 71.868ms
[2025-08-01T03:46:02.566+0000] GC(966) Summary Phase
[2025-08-01T03:46:02.566+0000] GC(966) Summary Phase 0.098ms
[2025-08-01T03:46:02.566+0000] GC(966) Adjust Roots
[2025-08-01T03:46:02.568+0000] GC(966) Adjust Roots 1.830ms
[2025-08-01T03:46:02.568+0000] GC(966) Compaction Phase
[2025-08-01T03:46:02.729+0000] GC(966) Compaction Phase 160.412ms
[2025-08-01T03:46:02.729+0000] GC(966) Post Compact
[2025-08-01T03:46:02.750+0000] GC(966) Post Compact 21.412ms
[2025-08-01T03:46:02.750+0000] GC(966) PSYoungGen: 843776K(931840K)->0K(931840K) Eden: 465920K(465920K)->0K(465920K) From: 377856K(465920K)->0K(465920K)
[2025-08-01T03:46:02.750+0000] GC(966) ParOldGen: 2438398K(2796544K)->1105937K(2796544K)
[2025-08-01T03:46:02.750+0000] GC(966) Metaspace: 10662K(10880K)->10662K(10880K) NonClass: 9396K(9536K)->9396K(9536K) Class: 1265K(1344K)->1265K(1344K)
[2025-08-01T03:46:02.750+0000] GC(966) Pause Full (Ergonomics) 3205M->1080M(3641M) 256.143ms
[2025-08-01T03:46:02.750+0000] GC(966) User=1.83s Sys=0.01s Real=0.25s
[2025-08-01T03:46:02.838+0000] GC(967) Pause Young (Allocation Failure)
[2025-08-01T03:46:02.979+0000] GC(967) PSYoungGen: 465920K(931840K)->408032K(931840K) Eden: 465920K(465920K)->0K(465920K) From: 0K(465920K)->408032K(465920K)
[2025-08-01T03:46:02.979+0000] GC(967) ParOldGen: 1105937K(2796544K)->1105937K(2796544K)
[2025-08-01T03:46:02.979+0000] GC(967) Metaspace: 10662K(10880K)->10662K(10880K) NonClass: 9396K(9536K)->9396K(9536K) Class: 1265K(1344K)->1265K(1344K)
[2025-08-01T03:46:02.979+0000] GC(967) Pause Young (Allocation Failure) 1535M->1478M(3641M) 140.549ms
[2025-08-01T03:46:02.979+0000] GC(967) User=0.95s Sys=0.07s Real=0.14s
[2025-08-01T03:46:03.065+0000] GC(968) Pause Young (Allocation Failure)
[2025-08-01T03:46:03.180+0000] GC(968) PSYoungGen: 873952K(931840K)->282336K(931840K) Eden: 465920K(465920K)->0K(465920K) From: 408032K(465920K)->282336K(465920K)
[2025-08-01T03:46:03.180+0000] GC(968) ParOldGen: 1105937K(2796544K)->1290793K(2796544K)
[2025-08-01T03:46:03.180+0000] GC(968) Metaspace: 10662K(10880K)->10662K(10880K) NonClass: 9396K(9536K)->9396K(9536K) Class: 1265K(1344K)->1265K(1344K)
[2025-08-01T03:46:03.180+0000] GC(968) Pause Young (Allocation Failure) 1933M->1536M(3641M) 115.298ms
[2025-08-01T03:46:03.180+0000] GC(968) User=0.85s Sys=0.05s Real=0.11s
[2025-08-01T03:46:03.265+0000] GC(969) Pause Young (Allocation Failure)
[2025-08-01T03:46:03.370+0000] GC(969) PSYoungGen: 748256K(931840K)->420832K(931840K) Eden: 465920K(465920K)->0K(465920K) From: 282336K(465920K)->420832K(465920K)
[2025-08-01T03:46:03.370+0000] GC(969) ParOldGen: 1290793K(2796544K)->1443673K(2796544K)
[2025-08-01T03:46:03.370+0000] GC(969) Metaspace: 10662K(10880K)->10662K(10880K) NonClass: 9396K(9536K)->9396K(9536K) Class: 1265K(1344K)->1265K(1344K)
[2025-08-01T03:46:03.370+0000] GC(969) Pause Young (Allocation Failure) 1991M->1820M(3641M) 105.657ms
[2025-08-01T03:46:03.370+0000] GC(969) User=0.79s Sys=0.03s Real=0.10s
[2025-08-01T03:46:03.456+0000] GC(970) Pause Young (Allocation Failure)
[2025-08-01T03:46:03.651+0000] GC(970) PSYoungGen: 886752K(931840K)->465920K(931840K) Eden: 465920K(465920K)->0K(465920K) From: 420832K(465920K)->465920K(465920K)
[2025-08-01T03:46:03.651+0000] GC(970) ParOldGen: 1443673K(2796544K)->1898601K(2796544K)
[2025-08-01T03:46:03.651+0000] GC(970) Metaspace: 10662K(10880K)->10662K(10880K) NonClass: 9396K(9536K)->9396K(9536K) Class: 1265K(1344K)->1265K(1344K)
[2025-08-01T03:46:03.651+0000] GC(970) Pause Young (Allocation Failure) 2275M->2309M(3641M) 195.307ms
[2025-08-01T03:46:03.651+0000] GC(970) User=1.50s Sys=0.05s Real=0.19s
[2025-08-01T03:46:03.735+0000] GC(971) Pause Young (Allocation Failure)
[2025-08-01T03:46:03.864+0000] GC(971) PSYoungGen: 931840K(931840K)->376928K(931840K) Eden: 465920K(465920K)->0K(465920K) From: 465920K(465920K)->376928K(465920K)
[2025-08-01T03:46:03.864+0000] GC(971) ParOldGen: 1898601K(2796544K)->2290553K(2796544K)
[2025-08-01T03:46:03.864+0000] GC(971) Metaspace: 10662K(10880K)->10662K(10880K) NonClass: 9396K(9536K)->9396K(9536K) Class: 1265K(1344K)->1265K(1344K)
[2025-08-01T03:46:03.864+0000] GC(971) Pause Young (Allocation Failure) 2764M->2604M(3641M) 128.971ms
[2025-08-01T03:46:03.864+0000] GC(971) User=1.00s Sys=0.01s Real=0.13s
[2025-08-01T03:46:03.951+0000] GC(972) Pause Full (Ergonomics)
[2025-08-01T03:46:03.951+0000] GC(972) Marking Phase
[2025-08-01T03:46:04.001+0000] GC(972) Marking Phase 50.293ms
[2025-08-01T03:46:04.001+0000] GC(972) Summary Phase
[2025-08-01T03:46:04.001+0000] GC(972) Summary Phase 0.081ms
[2025-08-01T03:46:04.001+0000] GC(972) Adjust Roots
[2025-08-01T03:46:04.003+0000] GC(972) Adjust Roots 1.808ms
[2025-08-01T03:46:04.003+0000] GC(972) Compaction Phase
[2025-08-01T03:46:04.098+0000] GC(972) Compaction Phase 95.262ms
[2025-08-01T03:46:04.098+0000] GC(972) Post Compact
[2025-08-01T03:46:04.121+0000] GC(972) Post Compact 22.184ms
[2025-08-01T03:46:04.121+0000] GC(972) PSYoungGen: 842848K(931840K)->0K(931840K) Eden: 465920K(465920K)->0K(465920K) From: 376928K(465920K)->0K(465920K)
[2025-08-01T03:46:04.121+0000] GC(972) ParOldGen: 2290553K(2796544K)->656143K(2796544K)
[2025-08-01T03:46:04.121+0000] GC(972) Metaspace: 10662K(10880K)->10662K(10880K) NonClass: 9396K(9536K)->9396K(9536K) Class: 1265K(1344K)->1265K(1344K)
[2025-08-01T03:46:04.121+0000] GC(972) Pause Full (Ergonomics) 3059M->640M(3641M) 170.004ms
[2025-08-01T03:46:04.121+0000] GC(972) User=1.08s Sys=0.00s Real=0.17s
[2025-08-01T03:46:04.206+0000] GC(973) Pause Young (Allocation Failure)
[2025-08-01T03:46:04.285+0000] GC(973) PSYoungGen: 465920K(931840K)->437952K(931840K) Eden: 465920K(465920K)->0K(465920K) From: 0K(465920K)->437952K(465920K)
[2025-08-01T03:46:04.285+0000] GC(973) ParOldGen: 656143K(2796544K)->656143K(2796544K)
[2025-08-01T03:46:04.285+0000] GC(973) Metaspace: 10662K(10880K)->10662K(10880K) NonClass: 9396K(9536K)->9396K(9536K) Class: 1265K(1344K)->1265K(1344K)
[2025-08-01T03:46:04.285+0000] GC(973) Pause Young (Allocation Failure) 1095M->1068M(3641M) 78.749ms
[2025-08-01T03:46:04.285+0000] GC(973) User=0.59s Sys=0.02s Real=0.08s
[2025-08-01T03:46:04.369+0000] GC(974) Pause Young (Allocation Failure)
[2025-08-01T03:46:04.511+0000] GC(974) PSYoungGen: 903872K(931840K)->465920K(931840K) Eden: 465920K(465920K)->0K(465920K) From: 437952K(465920K)->465920K(465920K)
[2025-08-01T03:46:04.511+0000] GC(974) ParOldGen: 656143K(2796544K)->1129687K(2796544K)
[2025-08-01T03:46:04.511+0000] GC(974) Metaspace: 10662K(10880K)->10662K(10880K) NonClass: 9396K(9536K)->9396K(9536K) Class: 1265K(1344K)->1265K(1344K)
[2025-08-01T03:46:04.511+0000] GC(974) Pause Young (Allocation Failure) 1523M->1558M(3641M) 142.060ms
[2025-08-01T03:46:04.512+0000] GC(974) User=1.12s Sys=0.01s Real=0.14s
[2025-08-01T03:46:04.600+0000] GC(975) Pause Young (Allocation Failure)
[2025-08-01T03:46:04.723+0000] GC(975) PSYoungGen: 931840K(931840K)->367104K(931840K) Eden: 465920K(465920K)->0K(465920K) From: 465920K(465920K)->367104K(465920K)
[2025-08-01T03:46:04.723+0000] GC(975) ParOldGen: 1129687K(2796544K)->1511255K(2796544K)
[2025-08-01T03:46:04.723+0000] GC(975) Metaspace: 10662K(10880K)->10662K(10880K) NonClass: 9396K(9536K)->9396K(9536K) Class: 1265K(1344K)->1265K(1344K)
[2025-08-01T03:46:04.724+0000] GC(975) Pause Young (Allocation Failure) 2013M->1834M(3641M) 123.587ms
[2025-08-01T03:46:04.724+0000] GC(975) User=0.96s Sys=0.01s Real=0.13s
[2025-08-01T03:46:04.808+0000] GC(976) Pause Young (Allocation Failure)
[2025-08-01T03:46:04.834+0000] GC(976) PSYoungGen: 833024K(931840K)->161888K(931840K) Eden: 465920K(465920K)->0K(465920K) From: 367104K(465920K)->161888K(465920K)
[2025-08-01T03:46:04.834+0000] GC(976) ParOldGen: 1511255K(2796544K)->1511311K(2796544K)
[2025-08-01T03:46:04.834+0000] GC(976) Metaspace: 10662K(10880K)->10662K(10880K) NonClass: 9396K(9536K)->9396K(9536K) Class: 1265K(1344K)->1265K(1344K)
[2025-08-01T03:46:04.834+0000] GC(976) Pause Young (Allocation Failure) 2289M->1633M(3641M) 26.427ms
[2025-08-01T03:46:04.834+0000] GC(976) User=0.20s Sys=0.00s Real=0.03s
[2025-08-01T03:46:04.916+0000] GC(977) Pause Young (Allocation Failure)
[2025-08-01T03:46:05.013+0000] GC(977) PSYoungGen: 627808K(931840K)->465920K(931840K) Eden: 465920K(465920K)->0K(465920K) From: 161888K(465920K)->465920K(465920K)
[2025-08-01T03:46:05.013+0000] GC(977) ParOldGen: 1511311K(2796544K)->1688599K(2796544K)
[2025-08-01T03:46:05.013+0000] GC(977) Metaspace: 10662K(10880K)->10662K(10880K) NonClass: 9396K(9536K)->9396K(9536K) Class: 1265K(1344K)->1265K(1344K)
[2025-08-01T03:46:05.013+0000] GC(977) Pause Young (Allocation Failure) 2088M->2104M(3641M) 96.682ms
[2025-08-01T03:46:05.013+0000] GC(977) User=0.76s Sys=0.00s Real=0.10s
[2025-08-01T03:46:05.098+0000] GC(978) Pause Young (Allocation Failure)
[2025-08-01T03:46:05.245+0000] GC(978) PSYoungGen: 931840K(931840K)->465920K(931840K) Eden: 465920K(465920K)->0K(465920K) From: 465920K(465920K)->465920K(465920K)
[2025-08-01T03:46:05.245+0000] GC(978) ParOldGen: 1688599K(2796544K)->2189023K(2796544K)
[2025-08-01T03:46:05.245+0000] GC(978) Metaspace: 10662K(10880K)->10662K(10880K) NonClass: 9396K(9536K)->9396K(9536K) Class: 1265K(1344K)->1265K(1344K)
[2025-08-01T03:46:05.246+0000] GC(978) Pause Young (Allocation Failure) 2559M->2592M(3641M) 147.327ms
[2025-08-01T03:46:05.246+0000] GC(978) User=1.14s Sys=0.01s Real=0.15s
[2025-08-01T03:46:05.328+0000] GC(979) Pause Full (Ergonomics)
[2025-08-01T03:46:05.328+0000] GC(979) Marking Phase
[2025-08-01T03:46:05.468+0000] GC(979) Marking Phase 139.334ms
[2025-08-01T03:46:05.468+0000] GC(979) Summary Phase
[2025-08-01T03:46:05.468+0000] GC(979) Summary Phase 0.121ms
[2025-08-01T03:46:05.468+0000] GC(979) Adjust Roots
[2025-08-01T03:46:05.470+0000] GC(979) Adjust Roots 2.433ms
[2025-08-01T03:46:05.470+0000] GC(979) Compaction Phase
[2025-08-01T03:46:05.658+0000] GC(979) Compaction Phase 187.918ms
[2025-08-01T03:46:05.658+0000] GC(979) Post Compact
[2025-08-01T03:46:05.679+0000] GC(979) Post Compact 20.224ms
[2025-08-01T03:46:05.679+0000] GC(979) PSYoungGen: 931840K(931840K)->0K(931840K) Eden: 465920K(465920K)->0K(465920K) From: 465920K(465920K)->0K(465920K)
[2025-08-01T03:46:05.679+0000] GC(979) ParOldGen: 2189023K(2796544K)->1130348K(2796544K)
[2025-08-01T03:46:05.679+0000] GC(979) Metaspace: 10662K(10880K)->10662K(10880K) NonClass: 9396K(9536K)->9396K(9536K) Class: 1265K(1344K)->1265K(1344K)
[2025-08-01T03:46:05.679+0000] GC(979) Pause Full (Ergonomics) 3047M->1103M(3641M) 350.442ms
[2025-08-01T03:46:05.679+0000] GC(979) User=2.50s Sys=0.06s Real=0.35s
[2025-08-01T03:46:05.764+0000] GC(980) Pause Young (Allocation Failure)
[2025-08-01T03:46:05.849+0000] GC(980) PSYoungGen: 465920K(931840K)->289792K(931840K) Eden: 465920K(465920K)->0K(465920K) From: 0K(465920K)->289792K(465920K)
[2025-08-01T03:46:05.849+0000] GC(980) ParOldGen: 1130348K(2796544K)->1130348K(2796544K)
[2025-08-01T03:46:05.849+0000] GC(980) Metaspace: 10662K(10880K)->10662K(10880K) NonClass: 9396K(9536K)->9396K(9536K) Class: 1265K(1344K)->1265K(1344K)
[2025-08-01T03:46:05.849+0000] GC(980) Pause Young (Allocation Failure) 1558M->1386M(3641M) 84.782ms
[2025-08-01T03:46:05.849+0000] GC(980) User=0.64s Sys=0.03s Real=0.08s
[2025-08-01T03:46:05.932+0000] GC(981) Pause Young (Allocation Failure)
[2025-08-01T03:46:06.050+0000] GC(981) PSYoungGen: 755712K(931840K)->461024K(931840K) Eden: 465920K(465920K)->0K(465920K) From: 289792K(465920K)->461024K(465920K)
[2025-08-01T03:46:06.050+0000] GC(981) ParOldGen: 1130348K(2796544K)->1307028K(2796544K)
[2025-08-01T03:46:06.050+0000] GC(981) Metaspace: 10662K(10880K)->10662K(10880K) NonClass: 9396K(9536K)->9396K(9536K) Class: 1265K(1344K)->1265K(1344K)
[2025-08-01T03:46:06.050+0000] GC(981) Pause Young (Allocation Failure) 1841M->1726M(3641M) 117.831ms
[2025-08-01T03:46:06.050+0000] GC(981) User=0.89s Sys=0.03s Real=0.12s
[2025-08-01T03:46:06.135+0000] GC(982) Pause Young (Allocation Failure)
[2025-08-01T03:46:06.288+0000] GC(982) PSYoungGen: 926944K(931840K)->465920K(931840K) Eden: 465920K(465920K)->0K(465920K) From: 461024K(465920K)->465920K(465920K)
[2025-08-01T03:46:06.288+0000] GC(982) ParOldGen: 1307028K(2796544K)->1800692K(2796544K)
[2025-08-01T03:46:06.288+0000] GC(982) Metaspace: 10662K(10880K)->10662K(10880K) NonClass: 9396K(9536K)->9396K(9536K) Class: 1265K(1344K)->1265K(1344K)
[2025-08-01T03:46:06.288+0000] GC(982) Pause Young (Allocation Failure) 2181M->2213M(3641M) 152.870ms
[2025-08-01T03:46:06.288+0000] GC(982) User=1.18s Sys=0.02s Real=0.15s
[2025-08-01T03:46:06.373+0000] GC(983) Pause Young (Allocation Failure)
[2025-08-01T03:46:06.568+0000] GC(983) PSYoungGen: 931840K(931840K)->361312K(931840K) Eden: 465920K(465920K)->0K(465920K) From: 465920K(465920K)->361312K(465920K)
[2025-08-01T03:46:06.568+0000] GC(983) ParOldGen: 1800692K(2796544K)->2181228K(2796544K)
[2025-08-01T03:46:06.568+0000] GC(983) Metaspace: 10662K(10880K)->10662K(10880K) NonClass: 9396K(9536K)->9396K(9536K) Class: 1265K(1344K)->1265K(1344K)
[2025-08-01T03:46:06.568+0000] GC(983) Pause Young (Allocation Failure) 2668M->2482M(3641M) 195.561ms
[2025-08-01T03:46:06.569+0000] GC(983) User=1.42s Sys=0.08s Real=0.19s
[2025-08-01T03:46:06.654+0000] GC(984) Pause Full (Ergonomics)
[2025-08-01T03:46:06.654+0000] GC(984) Marking Phase
[2025-08-01T03:46:06.763+0000] GC(984) Marking Phase 109.283ms
[2025-08-01T03:46:06.763+0000] GC(984) Summary Phase
[2025-08-01T03:46:06.763+0000] GC(984) Summary Phase 0.170ms
[2025-08-01T03:46:06.763+0000] GC(984) Adjust Roots
[2025-08-01T03:46:06.768+0000] GC(984) Adjust Roots 4.313ms
[2025-08-01T03:46:06.768+0000] GC(984) Compaction Phase
[2025-08-01T03:46:06.953+0000] GC(984) Compaction Phase 184.815ms
[2025-08-01T03:46:06.953+0000] GC(984) Post Compact
[2025-08-01T03:46:06.972+0000] GC(984) Post Compact 19.313ms
[2025-08-01T03:46:06.972+0000] GC(984) PSYoungGen: 827232K(931840K)->0K(931840K) Eden: 465920K(465920K)->0K(465920K) From: 361312K(465920K)->0K(465920K)
[2025-08-01T03:46:06.972+0000] GC(984) ParOldGen: 2181228K(2796544K)->1141464K(2796544K)
[2025-08-01T03:46:06.972+0000] GC(984) Metaspace: 10662K(10880K)->10662K(10880K) NonClass: 9396K(9536K)->9396K(9536K) Class: 1265K(1344K)->1265K(1344K)
[2025-08-01T03:46:06.972+0000] GC(984) Pause Full (Ergonomics) 2937M->1114M(3641M) 318.400ms
[2025-08-01T03:46:06.972+0000] GC(984) User=2.25s Sys=0.02s Real=0.31s
[2025-08-01T03:46:07.064+0000] GC(985) Pause Young (Allocation Failure)
[2025-08-01T03:46:07.191+0000] GC(985) PSYoungGen: 465920K(931840K)->457056K(931840K) Eden: 465920K(465920K)->0K(465920K) From: 0K(465920K)->457056K(465920K)
[2025-08-01T03:46:07.191+0000] GC(985) ParOldGen: 1141464K(2796544K)->1141464K(2796544K)
[2025-08-01T03:46:07.191+0000] GC(985) Metaspace: 10662K(10880K)->10662K(10880K) NonClass: 9396K(9536K)->9396K(9536K) Class: 1265K(1344K)->1265K(1344K)
[2025-08-01T03:46:07.191+0000] GC(985) Pause Young (Allocation Failure) 1569M->1561M(3641M) 127.676ms
[2025-08-01T03:46:07.191+0000] GC(985) User=0.81s Sys=0.08s Real=0.12s
[2025-08-01T03:46:07.282+0000] GC(986) Pause Young (Allocation Failure)
[2025-08-01T03:46:07.428+0000] GC(986) PSYoungGen: 922976K(931840K)->465920K(931840K) Eden: 465920K(465920K)->0K(465920K) From: 457056K(465920K)->465920K(465920K)
[2025-08-01T03:46:07.428+0000] GC(986) ParOldGen: 1141464K(2796544K)->1632336K(2796544K)
[2025-08-01T03:46:07.428+0000] GC(986) Metaspace: 10662K(10880K)->10662K(10880K) NonClass: 9396K(9536K)->9396K(9536K) Class: 1265K(1344K)->1265K(1344K)
[2025-08-01T03:46:07.428+0000] GC(986) Pause Young (Allocation Failure) 2016M->2049M(3641M) 145.994ms
[2025-08-01T03:46:07.428+0000] GC(986) User=1.14s Sys=0.01s Real=0.15s
[2025-08-01T03:46:07.520+0000] GC(987) Pause Young (Allocation Failure)
[2025-08-01T03:46:07.664+0000] GC(987) PSYoungGen: 931840K(931840K)->380416K(931840K) Eden: 465920K(465920K)->0K(465920K) From: 465920K(465920K)->380416K(465920K)
[2025-08-01T03:46:07.664+0000] GC(987) ParOldGen: 1632336K(2796544K)->2021664K(2796544K)
[2025-08-01T03:46:07.664+0000] GC(987) Metaspace: 10662K(10880K)->10662K(10880K) NonClass: 9396K(9536K)->9396K(9536K) Class: 1265K(1344K)->1265K(1344K)
[2025-08-01T03:46:07.664+0000] GC(987) Pause Young (Allocation Failure) 2504M->2345M(3641M) 144.261ms
[2025-08-01T03:46:07.664+0000] GC(987) User=1.08s Sys=0.04s Real=0.15s
[2025-08-01T03:46:07.750+0000] GC(988) Pause Young (Allocation Failure)
[2025-08-01T03:46:07.880+0000] GC(988) PSYoungGen: 846336K(931840K)->432576K(931840K) Eden: 465920K(465920K)->0K(465920K) From: 380416K(465920K)->432576K(465920K)
[2025-08-01T03:46:07.880+0000] GC(988) ParOldGen: 2021664K(2796544K)->2302600K(2796544K)
[2025-08-01T03:46:07.880+0000] GC(988) Metaspace: 10662K(10880K)->10662K(10880K) NonClass: 9396K(9536K)->9396K(9536K) Class: 1265K(1344K)->1265K(1344K)
[2025-08-01T03:46:07.880+0000] GC(988) Pause Young (Allocation Failure) 2800M->2671M(3641M) 130.155ms
[2025-08-01T03:46:07.880+0000] GC(988) User=0.98s Sys=0.04s Real=0.13s
[2025-08-01T03:46:08.007+0000] GC(989) Pause Full (Ergonomics)
[2025-08-01T03:46:08.007+0000] GC(989) Marking Phase
[2025-08-01T03:46:08.095+0000] GC(989) Marking Phase 88.676ms
[2025-08-01T03:46:08.096+0000] GC(989) Summary Phase
[2025-08-01T03:46:08.096+0000] GC(989) Summary Phase 0.105ms
[2025-08-01T03:46:08.096+0000] GC(989) Adjust Roots
[2025-08-01T03:46:08.098+0000] GC(989) Adjust Roots 2.067ms
[2025-08-01T03:46:08.098+0000] GC(989) Compaction Phase
[2025-08-01T03:46:08.216+0000] GC(989) Compaction Phase 118.751ms
[2025-08-01T03:46:08.217+0000] GC(989) Post Compact
[2025-08-01T03:46:08.234+0000] GC(989) Post Compact 17.148ms
[2025-08-01T03:46:08.234+0000] GC(989) PSYoungGen: 898496K(931840K)->0K(931840K) Eden: 465920K(465920K)->0K(465920K) From: 432576K(465920K)->0K(465920K)
[2025-08-01T03:46:08.234+0000] GC(989) ParOldGen: 2302600K(2796544K)->689734K(2796544K)
[2025-08-01T03:46:08.234+0000] GC(989) Metaspace: 10662K(10880K)->10662K(10880K) NonClass: 9396K(9536K)->9396K(9536K) Class: 1265K(1344K)->1265K(1344K)
[2025-08-01T03:46:08.234+0000] GC(989) Pause Full (Ergonomics) 3126M->673M(3641M) 227.148ms
[2025-08-01T03:46:08.234+0000] GC(989) User=1.50s Sys=0.07s Real=0.23s
[2025-08-01T03:46:08.323+0000] GC(990) Pause Young (Allocation Failure)
[2025-08-01T03:46:08.446+0000] GC(990) PSYoungGen: 465920K(931840K)->465920K(931840K) Eden: 465920K(465920K)->0K(465920K) From: 0K(465920K)->465920K(465920K)
[2025-08-01T03:46:08.446+0000] GC(990) ParOldGen: 689734K(2796544K)->695822K(2796544K)
[2025-08-01T03:46:08.446+0000] GC(990) Metaspace: 10662K(10880K)->10662K(10880K) NonClass: 9396K(9536K)->9396K(9536K) Class: 1265K(1344K)->1265K(1344K)
[2025-08-01T03:46:08.446+0000] GC(990) Pause Young (Allocation Failure) 1128M->1134M(3641M) 123.280ms
[2025-08-01T03:46:08.446+0000] GC(990) User=0.89s Sys=0.05s Real=0.13s
[2025-08-01T03:46:08.535+0000] GC(991) Pause Young (Allocation Failure)
[2025-08-01T03:46:08.749+0000] GC(991) PSYoungGen: 931840K(931840K)->393184K(931840K) Eden: 465920K(465920K)->0K(465920K) From: 465920K(465920K)->393184K(465920K)
[2025-08-01T03:46:08.749+0000] GC(991) ParOldGen: 695822K(2796544K)->1079502K(2796544K)
[2025-08-01T03:46:08.749+0000] GC(991) Metaspace: 10662K(10880K)->10662K(10880K) NonClass: 9396K(9536K)->9396K(9536K) Class: 1265K(1344K)->1265K(1344K)
[2025-08-01T03:46:08.749+0000] GC(991) Pause Young (Allocation Failure) 1589M->1438M(3641M) 214.199ms
[2025-08-01T03:46:08.749+0000] GC(991) User=1.62s Sys=0.06s Real=0.21s
[2025-08-01T03:46:08.837+0000] GC(992) Pause Young (Allocation Failure)
[2025-08-01T03:46:09.026+0000] GC(992) PSYoungGen: 859104K(931840K)->431808K(931840K) Eden: 465920K(465920K)->0K(465920K) From: 393184K(465920K)->431808K(465920K)
[2025-08-01T03:46:09.026+0000] GC(992) ParOldGen: 1079502K(2796544K)->1376710K(2796544K)
[2025-08-01T03:46:09.026+0000] GC(992) Metaspace: 10662K(10880K)->10662K(10880K) NonClass: 9396K(9536K)->9396K(9536K) Class: 1265K(1344K)->1265K(1344K)
[2025-08-01T03:46:09.026+0000] GC(992) Pause Young (Allocation Failure) 1893M->1766M(3641M) 189.412ms
[2025-08-01T03:46:09.027+0000] GC(992) User=1.41s Sys=0.07s Real=0.19s
[2025-08-01T03:46:09.163+0000] GC(993) Pause Young (Allocation Failure)
[2025-08-01T03:46:09.397+0000] GC(993) PSYoungGen: 897728K(931840K)->436512K(931840K) Eden: 465920K(465920K)->0K(465920K) From: 431808K(465920K)->436512K(465920K)
[2025-08-01T03:46:09.397+0000] GC(993) ParOldGen: 1376710K(2796544K)->1584542K(2796544K)
[2025-08-01T03:46:09.397+0000] GC(993) Metaspace: 10662K(10880K)->10662K(10880K) NonClass: 9396K(9536K)->9396K(9536K) Class: 1265K(1344K)->1265K(1344K)
[2025-08-01T03:46:09.397+0000] GC(993) Pause Young (Allocation Failure) 2221M->1973M(3641M) 234.942ms
[2025-08-01T03:46:09.398+0000] GC(993) User=1.58s Sys=0.12s Real=0.24s
[2025-08-01T03:46:09.487+0000] GC(994) Pause Young (Allocation Failure)
[2025-08-01T03:46:09.712+0000] GC(994) PSYoungGen: 902432K(931840K)->465920K(931840K) Eden: 465920K(465920K)->0K(465920K) From: 436512K(465920K)->465920K(465920K)
[2025-08-01T03:46:09.712+0000] GC(994) ParOldGen: 1584542K(2796544K)->2055254K(2796544K)
[2025-08-01T03:46:09.712+0000] GC(994) Metaspace: 10662K(10880K)->10662K(10880K) NonClass: 9396K(9536K)->9396K(9536K) Class: 1265K(1344K)->1265K(1344K)
[2025-08-01T03:46:09.712+0000] GC(994) Pause Young (Allocation Failure) 2428M->2462M(3641M) 224.611ms
[2025-08-01T03:46:09.712+0000] GC(994) User=1.72s Sys=0.06s Real=0.22s
[2025-08-01T03:46:09.803+0000] GC(995) Pause Young (Allocation Failure)
[2025-08-01T03:46:09.947+0000] GC(995) PSYoungGen: 931840K(931840K)->407072K(931840K) Eden: 465920K(465920K)->0K(465920K) From: 465920K(465920K)->407072K(465920K)
[2025-08-01T03:46:09.947+0000] GC(995) ParOldGen: 2055254K(2796544K)->2425862K(2796544K)
[2025-08-01T03:46:09.947+0000] GC(995) Metaspace: 10662K(10880K)->10662K(10880K) NonClass: 9396K(9536K)->9396K(9536K) Class: 1265K(1344K)->1265K(1344K)
[2025-08-01T03:46:09.947+0000] GC(995) Pause Young (Allocation Failure) 2917M->2766M(3641M) 144.415ms
[2025-08-01T03:46:09.947+0000] GC(995) User=1.06s Sys=0.06s Real=0.15s
[2025-08-01T03:46:10.035+0000] GC(996) Pause Full (Ergonomics)
[2025-08-01T03:46:10.035+0000] GC(996) Marking Phase
[2025-08-01T03:46:10.122+0000] GC(996) Marking Phase 87.510ms
[2025-08-01T03:46:10.122+0000] GC(996) Summary Phase
[2025-08-01T03:46:10.122+0000] GC(996) Summary Phase 0.114ms
[2025-08-01T03:46:10.123+0000] GC(996) Adjust Roots
[2025-08-01T03:46:10.125+0000] GC(996) Adjust Roots 2.316ms
[2025-08-01T03:46:10.125+0000] GC(996) Compaction Phase
[2025-08-01T03:46:10.255+0000] GC(996) Compaction Phase 130.318ms
[2025-08-01T03:46:10.255+0000] GC(996) Post Compact
[2025-08-01T03:46:10.283+0000] GC(996) Post Compact 28.077ms
[2025-08-01T03:46:10.284+0000] GC(996) PSYoungGen: 872992K(931840K)->0K(931840K) Eden: 465920K(465920K)->0K(465920K) From: 407072K(465920K)->0K(465920K)
[2025-08-01T03:46:10.284+0000] GC(996) ParOldGen: 2425862K(2796544K)->704294K(2796544K)
[2025-08-01T03:46:10.284+0000] GC(996) Metaspace: 10662K(10880K)->10662K(10880K) NonClass: 9396K(9536K)->9396K(9536K) Class: 1265K(1344K)->1265K(1344K)
[2025-08-01T03:46:10.284+0000] GC(996) Pause Full (Ergonomics) 3221M->687M(3641M) 248.877ms
[2025-08-01T03:46:10.284+0000] GC(996) User=1.65s Sys=0.04s Real=0.25s
[2025-08-01T03:46:10.380+0000] GC(997) Pause Young (Allocation Failure)
[2025-08-01T03:46:10.513+0000] GC(997) PSYoungGen: 465920K(931840K)->444512K(931840K) Eden: 465920K(465920K)->0K(465920K) From: 0K(465920K)->444512K(465920K)
[2025-08-01T03:46:10.513+0000] GC(997) ParOldGen: 704294K(2796544K)->704294K(2796544K)
[2025-08-01T03:46:10.513+0000] GC(997) Metaspace: 10662K(10880K)->10662K(10880K) NonClass: 9396K(9536K)->9396K(9536K) Class: 1265K(1344K)->1265K(1344K)
[2025-08-01T03:46:10.513+0000] GC(997) Pause Young (Allocation Failure) 1142M->1121M(3641M) 132.873ms
[2025-08-01T03:46:10.513+0000] GC(997) User=0.85s Sys=0.07s Real=0.14s
[2025-08-01T03:46:10.603+0000] GC(998) Pause Young (Allocation Failure)
[2025-08-01T03:46:10.818+0000] GC(998) PSYoungGen: 910432K(931840K)->465920K(931840K) Eden: 465920K(465920K)->0K(465920K) From: 444512K(465920K)->465920K(465920K)
[2025-08-01T03:46:10.818+0000] GC(998) ParOldGen: 704294K(2796544K)->1180062K(2796544K)
[2025-08-01T03:46:10.818+0000] GC(998) Metaspace: 10662K(10880K)->10662K(10880K) NonClass: 9396K(9536K)->9396K(9536K) Class: 1265K(1344K)->1265K(1344K)
[2025-08-01T03:46:10.818+0000] GC(998) Pause Young (Allocation Failure) 1576M->1607M(3641M) 214.688ms
[2025-08-01T03:46:10.818+0000] GC(998) User=1.63s Sys=0.05s Real=0.21s
[2025-08-01T03:46:10.903+0000] GC(999) Pause Young (Allocation Failure)
[2025-08-01T03:46:11.028+0000] GC(999) PSYoungGen: 931840K(931840K)->417952K(931840K) Eden: 465920K(465920K)->0K(465920K) From: 465920K(465920K)->417952K(465920K)
[2025-08-01T03:46:11.028+0000] GC(999) ParOldGen: 1180062K(2796544K)->1530422K(2796544K)
[2025-08-01T03:46:11.028+0000] GC(999) Metaspace: 10662K(10880K)->10662K(10880K) NonClass: 9396K(9536K)->9396K(9536K) Class: 1265K(1344K)->1265K(1344K)
[2025-08-01T03:46:11.028+0000] GC(999) Pause Young (Allocation Failure) 2062M->1902M(3641M) 125.751ms
[2025-08-01T03:46:11.028+0000] GC(999) User=0.96s Sys=0.03s Real=0.13s
[2025-08-01T03:46:11.113+0000] GC(1000) Pause Young (Allocation Failure)
[2025-08-01T03:46:11.203+0000] GC(1000) PSYoungGen: 883872K(931840K)->284672K(931840K) Eden: 465920K(465920K)->0K(465920K) From: 417952K(465920K)->284672K(465920K)
[2025-08-01T03:46:11.203+0000] GC(1000) ParOldGen: 1530422K(2796544K)->1754390K(2796544K)
[2025-08-01T03:46:11.203+0000] GC(1000) Metaspace: 10662K(10880K)->10662K(10880K) NonClass: 9396K(9536K)->9396K(9536K) Class: 1265K(1344K)->1265K(1344K)
[2025-08-01T03:46:11.203+0000] GC(1000) Pause Young (Allocation Failure) 2357M->1991M(3641M) 89.584ms
[2025-08-01T03:46:11.203+0000] GC(1000) User=0.67s Sys=0.01s Real=0.09s
[2025-08-01T03:46:11.291+0000] GC(1001) Pause Young (Allocation Failure)
[2025-08-01T03:46:11.459+0000] GC(1001) PSYoungGen: 750592K(931840K)->447136K(931840K) Eden: 465920K(465920K)->0K(465920K) From: 284672K(465920K)->447136K(465920K)
[2025-08-01T03:46:11.459+0000] GC(1001) ParOldGen: 1754390K(2796544K)->1930638K(2796544K)
[2025-08-01T03:46:11.459+0000] GC(1001) Metaspace: 10662K(10880K)->10662K(10880K) NonClass: 9396K(9536K)->9396K(9536K) Class: 1265K(1344K)->1265K(1344K)
[2025-08-01T03:46:11.459+0000] GC(1001) Pause Young (Allocation Failure) 2446M->2322M(3641M) 167.601ms
[2025-08-01T03:46:11.459+0000] GC(1001) User=1.21s Sys=0.07s Real=0.17s
[2025-08-01T03:46:11.552+0000] GC(1002) Pause Young (Allocation Failure)
[2025-08-01T03:46:11.766+0000] GC(1002) PSYoungGen: 913056K(931840K)->465920K(931840K) Eden: 465920K(465920K)->0K(465920K) From: 447136K(465920K)->465920K(465920K)
[2025-08-01T03:46:11.767+0000] GC(1002) ParOldGen: 1930638K(2796544K)->2414246K(2796544K)
[2025-08-01T03:46:11.767+0000] GC(1002) Metaspace: 10662K(10880K)->10662K(10880K) NonClass: 9396K(9536K)->9396K(9536K) Class: 1265K(1344K)->1265K(1344K)
[2025-08-01T03:46:11.767+0000] GC(1002) Pause Young (Allocation Failure) 2777M->2812M(3641M) 214.682ms
[2025-08-01T03:46:11.767+0000] GC(1002) User=1.64s Sys=0.05s Real=0.22s
[2025-08-01T03:46:11.867+0000] GC(1003) Pause Full (Ergonomics)
[2025-08-01T03:46:11.867+0000] GC(1003) Marking Phase
[2025-08-01T03:46:11.982+0000] GC(1003) Marking Phase 114.353ms
[2025-08-01T03:46:11.982+0000] GC(1003) Summary Phase
[2025-08-01T03:46:11.982+0000] GC(1003) Summary Phase 0.117ms
[2025-08-01T03:46:11.982+0000] GC(1003) Adjust Roots
[2025-08-01T03:46:11.985+0000] GC(1003) Adjust Roots 2.957ms
[2025-08-01T03:46:11.985+0000] GC(1003) Compaction Phase
[2025-08-01T03:46:12.155+0000] GC(1003) Compaction Phase 170.207ms
[2025-08-01T03:46:12.155+0000] GC(1003) Post Compact
[2025-08-01T03:46:12.177+0000] GC(1003) Post Compact 21.817ms
[2025-08-01T03:46:12.177+0000] GC(1003) PSYoungGen: 931840K(931840K)->0K(931840K) Eden: 465920K(465920K)->0K(465920K) From: 465920K(465920K)->0K(465920K)
[2025-08-01T03:46:12.177+0000] GC(1003) ParOldGen: 2414246K(2796544K)->1181942K(2796544K)
[2025-08-01T03:46:12.177+0000] GC(1003) Metaspace: 10662K(10880K)->10662K(10880K) NonClass: 9396K(9536K)->9396K(9536K) Class: 1265K(1344K)->1265K(1344K)
[2025-08-01T03:46:12.177+0000] GC(1003) Pause Full (Ergonomics) 3267M->1154M(3641M) 309.864ms
[2025-08-01T03:46:12.177+0000] GC(1003) User=2.18s Sys=0.02s Real=0.31s
[2025-08-01T03:46:12.316+0000] GC(1004) Pause Young (Allocation Failure)
[2025-08-01T03:46:12.378+0000] GC(1004) PSYoungGen: 465920K(931840K)->135392K(931840K) Eden: 465920K(465920K)->0K(465920K) From: 0K(465920K)->135392K(465920K)
[2025-08-01T03:46:12.378+0000] GC(1004) ParOldGen: 1181942K(2796544K)->1181942K(2796544K)
[2025-08-01T03:46:12.378+0000] GC(1004) Metaspace: 10662K(10880K)->10662K(10880K) NonClass: 9396K(9536K)->9396K(9536K) Class: 1265K(1344K)->1265K(1344K)
[2025-08-01T03:46:12.378+0000] GC(1004) Pause Young (Allocation Failure) 1609M->1286M(3641M) 61.859ms
[2025-08-01T03:46:12.378+0000] GC(1004) User=0.35s Sys=0.06s Real=0.06s
[2025-08-01T03:46:12.484+0000] GC(1005) Pause Young (Allocation Failure)
[2025-08-01T03:46:12.637+0000] GC(1005) PSYoungGen: 601312K(931840K)->465920K(931840K) Eden: 465920K(465920K)->0K(465920K) From: 135392K(465920K)->465920K(465920K)
[2025-08-01T03:46:12.637+0000] GC(1005) ParOldGen: 1181942K(2796544K)->1332734K(2796544K)
[2025-08-01T03:46:12.637+0000] GC(1005) Metaspace: 10662K(10880K)->10662K(10880K) NonClass: 9396K(9536K)->9396K(9536K) Class: 1265K(1344K)->1265K(1344K)
[2025-08-01T03:46:12.637+0000] GC(1005) Pause Young (Allocation Failure) 1741M->1756M(3641M) 153.355ms
[2025-08-01T03:46:12.637+0000] GC(1005) User=1.03s Sys=0.08s Real=0.15s
[2025-08-01T03:46:12.737+0000] GC(1006) Pause Young (Allocation Failure)
[2025-08-01T03:46:12.985+0000] GC(1006) PSYoungGen: 931840K(931840K)->465920K(931840K) Eden: 465920K(465920K)->0K(465920K) From: 465920K(465920K)->465920K(465920K)
[2025-08-01T03:46:12.985+0000] GC(1006) ParOldGen: 1332734K(2796544K)->1834446K(2796544K)
[2025-08-01T03:46:12.985+0000] GC(1006) Metaspace: 10662K(10880K)->10662K(10880K) NonClass: 9396K(9536K)->9396K(9536K) Class: 1265K(1344K)->1265K(1344K)
[2025-08-01T03:46:12.985+0000] GC(1006) Pause Young (Allocation Failure) 2211M->2246M(3641M) 247.449ms
[2025-08-01T03:46:12.985+0000] GC(1006) User=1.89s Sys=0.05s Real=0.25s
[2025-08-01T03:46:13.086+0000] GC(1007) Pause Young (Allocation Failure)
[2025-08-01T03:46:13.255+0000] GC(1007) PSYoungGen: 931840K(931840K)->428480K(931840K) Eden: 465920K(465920K)->0K(465920K) From: 465920K(465920K)->428480K(465920K)
[2025-08-01T03:46:13.255+0000] GC(1007) ParOldGen: 1834446K(2796544K)->2205022K(2796544K)
[2025-08-01T03:46:13.255+0000] GC(1007) Metaspace: 10662K(10880K)->10662K(10880K) NonClass: 9396K(9536K)->9396K(9536K) Class: 1265K(1344K)->1265K(1344K)
[2025-08-01T03:46:13.255+0000] GC(1007) Pause Young (Allocation Failure) 2701M->2571M(3641M) 168.754ms
[2025-08-01T03:46:13.255+0000] GC(1007) User=1.19s Sys=0.07s Real=0.17s
[2025-08-01T03:46:13.347+0000] GC(1008) Pause Full (Ergonomics)
[2025-08-01T03:46:13.347+0000] GC(1008) Marking Phase
[2025-08-01T03:46:13.463+0000] GC(1008) Marking Phase 115.156ms
[2025-08-01T03:46:13.463+0000] GC(1008) Summary Phase
[2025-08-01T03:46:13.463+0000] GC(1008) Summary Phase 0.077ms
[2025-08-01T03:46:13.463+0000] GC(1008) Adjust Roots
[2025-08-01T03:46:13.464+0000] GC(1008) Adjust Roots 1.462ms
[2025-08-01T03:46:13.464+0000] GC(1008) Compaction Phase
[2025-08-01T03:46:13.642+0000] GC(1008) Compaction Phase 178.173ms
[2025-08-01T03:46:13.642+0000] GC(1008) Post Compact
[2025-08-01T03:46:13.662+0000] GC(1008) Post Compact 19.860ms
[2025-08-01T03:46:13.662+0000] GC(1008) PSYoungGen: 894400K(931840K)->0K(931840K) Eden: 465920K(465920K)->0K(465920K) From: 428480K(465920K)->0K(465920K)
[2025-08-01T03:46:13.662+0000] GC(1008) ParOldGen: 2205022K(2796544K)->1192821K(2796544K)
[2025-08-01T03:46:13.662+0000] GC(1008) Metaspace: 10662K(10880K)->10662K(10880K) NonClass: 9396K(9536K)->9396K(9536K) Class: 1265K(1344K)->1265K(1344K)
[2025-08-01T03:46:13.662+0000] GC(1008) Pause Full (Ergonomics) 3026M->1164M(3641M) 315.089ms
[2025-08-01T03:46:13.662+0000] GC(1008) User=2.25s Sys=0.04s Real=0.31s
[2025-08-01T03:46:13.809+0000] GC(1009) Pause Young (Allocation Failure)
[2025-08-01T03:46:13.988+0000] GC(1009) PSYoungGen: 465920K(931840K)->465920K(931840K) Eden: 465920K(465920K)->0K(465920K) From: 0K(465920K)->465920K(465920K)
[2025-08-01T03:46:13.988+0000] GC(1009) ParOldGen: 1192821K(2796544K)->1198749K(2796544K)
[2025-08-01T03:46:13.988+0000] GC(1009) Metaspace: 10662K(10880K)->10662K(10880K) NonClass: 9396K(9536K)->9396K(9536K) Class: 1265K(1344K)->1265K(1344K)
[2025-08-01T03:46:13.988+0000] GC(1009) Pause Young (Allocation Failure) 1619M->1625M(3641M) 179.828ms
[2025-08-01T03:46:13.989+0000] GC(1009) User=1.32s Sys=0.06s Real=0.18s
[2025-08-01T03:46:14.093+0000] GC(1010) Pause Young (Allocation Failure)
[2025-08-01T03:46:14.271+0000] GC(1010) PSYoungGen: 931840K(931840K)->465920K(931840K) Eden: 465920K(465920K)->0K(465920K) From: 465920K(465920K)->465920K(465920K)
[2025-08-01T03:46:14.272+0000] GC(1010) ParOldGen: 1198749K(2796544K)->1700165K(2796544K)
[2025-08-01T03:46:14.272+0000] GC(1010) Metaspace: 10662K(10880K)->10662K(10880K) NonClass: 9396K(9536K)->9396K(9536K) Class: 1265K(1344K)->1265K(1344K)
[2025-08-01T03:46:14.272+0000] GC(1010) Pause Young (Allocation Failure) 2080M->2115M(3641M) 178.157ms
[2025-08-01T03:46:14.272+0000] GC(1010) User=1.35s Sys=0.02s Real=0.17s
[2025-08-01T03:46:14.368+0000] GC(1011) Pause Young (Allocation Failure)
[2025-08-01T03:46:14.596+0000] GC(1011) PSYoungGen: 931840K(931840K)->424320K(931840K) Eden: 465920K(465920K)->0K(465920K) From: 465920K(465920K)->424320K(465920K)
[2025-08-01T03:46:14.596+0000] GC(1011) ParOldGen: 1700165K(2796544K)->2063101K(2796544K)
[2025-08-01T03:46:14.596+0000] GC(1011) Metaspace: 10662K(10880K)->10662K(10880K) NonClass: 9396K(9536K)->9396K(9536K) Class: 1265K(1344K)->1265K(1344K)
[2025-08-01T03:46:14.596+0000] GC(1011) Pause Young (Allocation Failure) 2570M->2429M(3641M) 228.119ms
[2025-08-01T03:46:14.596+0000] GC(1011) User=1.73s Sys=0.06s Real=0.23s
[2025-08-01T03:46:14.701+0000] GC(1012) Pause Young (Allocation Failure)
[2025-08-01T03:46:14.838+0000] GC(1012) PSYoungGen: 890240K(931840K)->436480K(931840K) Eden: 465920K(465920K)->0K(465920K) From: 424320K(465920K)->436480K(465920K)
[2025-08-01T03:46:14.838+0000] GC(1012) ParOldGen: 2063101K(2796544K)->2382469K(2796544K)
[2025-08-01T03:46:14.838+0000] GC(1012) Metaspace: 10662K(10880K)->10662K(10880K) NonClass: 9396K(9536K)->9396K(9536K) Class: 1265K(1344K)->1265K(1344K)
[2025-08-01T03:46:14.838+0000] GC(1012) Pause Young (Allocation Failure) 2884M->2752M(3641M) 136.302ms
[2025-08-01T03:46:14.838+0000] GC(1012) User=0.98s Sys=0.04s Real=0.14s
[2025-08-01T03:46:14.990+0000] GC(1013) Pause Full (Ergonomics)
[2025-08-01T03:46:14.991+0000] GC(1013) Marking Phase
[2025-08-01T03:46:15.096+0000] GC(1013) Marking Phase 105.901ms
[2025-08-01T03:46:15.097+0000] GC(1013) Summary Phase
[2025-08-01T03:46:15.097+0000] GC(1013) Summary Phase 0.123ms
[2025-08-01T03:46:15.097+0000] GC(1013) Adjust Roots
[2025-08-01T03:46:15.099+0000] GC(1013) Adjust Roots 2.089ms
[2025-08-01T03:46:15.099+0000] GC(1013) Compaction Phase
[2025-08-01T03:46:15.256+0000] GC(1013) Compaction Phase 156.643ms
[2025-08-01T03:46:15.256+0000] GC(1013) Post Compact
[2025-08-01T03:46:15.276+0000] GC(1013) Post Compact 20.335ms
[2025-08-01T03:46:15.276+0000] GC(1013) PSYoungGen: 902400K(931840K)->0K(931840K) Eden: 465920K(465920K)->0K(465920K) From: 436480K(465920K)->0K(465920K)
[2025-08-01T03:46:15.276+0000] GC(1013) ParOldGen: 2382469K(2796544K)->745997K(2796544K)
[2025-08-01T03:46:15.276+0000] GC(1013) Metaspace: 10662K(10880K)->10662K(10880K) NonClass: 9396K(9536K)->9396K(9536K) Class: 1265K(1344K)->1265K(1344K)
[2025-08-01T03:46:15.276+0000] GC(1013) Pause Full (Ergonomics) 3207M->728M(3641M) 285.549ms
[2025-08-01T03:46:15.276+0000] GC(1013) User=1.98s Sys=0.05s Real=0.29s
[2025-08-01T03:46:15.372+0000] GC(1014) Pause Young (Allocation Failure)
[2025-08-01T03:46:15.511+0000] GC(1014) PSYoungGen: 465920K(931840K)->465920K(931840K) Eden: 465920K(465920K)->0K(465920K) From: 0K(465920K)->465920K(465920K)
[2025-08-01T03:46:15.511+0000] GC(1014) ParOldGen: 745997K(2796544K)->754197K(2796544K)
[2025-08-01T03:46:15.511+0000] GC(1014) Metaspace: 10662K(10880K)->10662K(10880K) NonClass: 9396K(9536K)->9396K(9536K) Class: 1265K(1344K)->1265K(1344K)
[2025-08-01T03:46:15.511+0000] GC(1014) Pause Young (Allocation Failure) 1183M->1191M(3641M) 139.709ms
[2025-08-01T03:46:15.511+0000] GC(1014) User=1.05s Sys=0.03s Real=0.14s
[2025-08-01T03:46:15.612+0000] GC(1015) Pause Young (Allocation Failure)
[2025-08-01T03:46:15.814+0000] GC(1015) PSYoungGen: 931840K(931840K)->420288K(931840K) Eden: 465920K(465920K)->0K(465920K) From: 465920K(465920K)->420288K(465920K)
[2025-08-01T03:46:15.814+0000] GC(1015) ParOldGen: 754197K(2796544K)->1131517K(2796544K)
[2025-08-01T03:46:15.814+0000] GC(1015) Metaspace: 10662K(10880K)->10662K(10880K) NonClass: 9396K(9536K)->9396K(9536K) Class: 1265K(1344K)->1265K(1344K)
[2025-08-01T03:46:15.814+0000] GC(1015) Pause Young (Allocation Failure) 1646M->1515M(3641M) 202.168ms
[2025-08-01T03:46:15.814+0000] GC(1015) User=1.48s Sys=0.06s Real=0.21s
[2025-08-01T03:46:15.908+0000] GC(1016) Pause Young (Allocation Failure)
[2025-08-01T03:46:15.995+0000] GC(1016) PSYoungGen: 886208K(931840K)->330208K(931840K) Eden: 465920K(465920K)->0K(465920K) From: 420288K(465920K)->330208K(465920K)
[2025-08-01T03:46:15.995+0000] GC(1016) ParOldGen: 1131517K(2796544K)->1315341K(2796544K)
[2025-08-01T03:46:15.995+0000] GC(1016) Metaspace: 10662K(10880K)->10662K(10880K) NonClass: 9396K(9536K)->9396K(9536K) Class: 1265K(1344K)->1265K(1344K)
[2025-08-01T03:46:15.995+0000] GC(1016) Pause Young (Allocation Failure) 1970M->1606M(3641M) 86.727ms
[2025-08-01T03:46:15.995+0000] GC(1016) User=0.65s Sys=0.01s Real=0.09s
[2025-08-01T03:46:16.084+0000] GC(1017) Pause Young (Allocation Failure)
[2025-08-01T03:46:16.197+0000] GC(1017) PSYoungGen: 796128K(931840K)->453664K(931840K) Eden: 465920K(465920K)->0K(465920K) From: 330208K(465920K)->453664K(465920K)
[2025-08-01T03:46:16.197+0000] GC(1017) ParOldGen: 1315341K(2796544K)->1536717K(2796544K)
[2025-08-01T03:46:16.197+0000] GC(1017) Metaspace: 10662K(10880K)->10662K(10880K) NonClass: 9396K(9536K)->9396K(9536K) Class: 1265K(1344K)->1265K(1344K)
[2025-08-01T03:46:16.197+0000] GC(1017) Pause Young (Allocation Failure) 2061M->1943M(3641M) 112.987ms
[2025-08-01T03:46:16.197+0000] GC(1017) User=0.87s Sys=0.02s Real=0.11s
[2025-08-01T03:46:16.280+0000] GC(1018) Pause Young (Allocation Failure)
[2025-08-01T03:46:16.444+0000] GC(1018) PSYoungGen: 919584K(931840K)->465920K(931840K) Eden: 465920K(465920K)->0K(465920K) From: 453664K(465920K)->465920K(465920K)
[2025-08-01T03:46:16.444+0000] GC(1018) ParOldGen: 1536717K(2796544K)->2026021K(2796544K)
[2025-08-01T03:46:16.444+0000] GC(1018) Metaspace: 10662K(10880K)->10662K(10880K) NonClass: 9396K(9536K)->9396K(9536K) Class: 1265K(1344K)->1265K(1344K)
[2025-08-01T03:46:16.444+0000] GC(1018) Pause Young (Allocation Failure) 2398M->2433M(3641M) 163.908ms
[2025-08-01T03:46:16.444+0000] GC(1018) User=1.27s Sys=0.02s Real=0.17s
[2025-08-01T03:46:16.534+0000] GC(1019) Pause Young (Allocation Failure)
[2025-08-01T03:46:16.713+0000] GC(1019) PSYoungGen: 931840K(931840K)->403872K(931840K) Eden: 465920K(465920K)->0K(465920K) From: 465920K(465920K)->403872K(465920K)
[2025-08-01T03:46:16.713+0000] GC(1019) ParOldGen: 2026021K(2796544K)->2393733K(2796544K)
[2025-08-01T03:46:16.713+0000] GC(1019) Metaspace: 10662K(10880K)->10662K(10880K) NonClass: 9396K(9536K)->9396K(9536K) Class: 1265K(1344K)->1265K(1344K)
[2025-08-01T03:46:16.713+0000] GC(1019) Pause Young (Allocation Failure) 2888M->2732M(3641M) 179.245ms
[2025-08-01T03:46:16.713+0000] GC(1019) User=1.33s Sys=0.05s Real=0.18s
[2025-08-01T03:46:16.802+0000] GC(1020) Pause Full (Ergonomics)
[2025-08-01T03:46:16.802+0000] GC(1020) Marking Phase
[2025-08-01T03:46:16.914+0000] GC(1020) Marking Phase 111.896ms
[2025-08-01T03:46:16.914+0000] GC(1020) Summary Phase
[2025-08-01T03:46:16.914+0000] GC(1020) Summary Phase 0.116ms
[2025-08-01T03:46:16.914+0000] GC(1020) Adjust Roots
[2025-08-01T03:46:16.916+0000] GC(1020) Adjust Roots 2.467ms
[2025-08-01T03:46:16.916+0000] GC(1020) Compaction Phase
[2025-08-01T03:46:17.062+0000] GC(1020) Compaction Phase 145.183ms
[2025-08-01T03:46:17.062+0000] GC(1020) Post Compact
[2025-08-01T03:46:17.083+0000] GC(1020) Post Compact 21.025ms
[2025-08-01T03:46:17.083+0000] GC(1020) PSYoungGen: 869792K(931840K)->0K(931840K) Eden: 465920K(465920K)->0K(465920K) From: 403872K(465920K)->0K(465920K)
[2025-08-01T03:46:17.083+0000] GC(1020) ParOldGen: 2393733K(2796544K)->763178K(2796544K)
[2025-08-01T03:46:17.083+0000] GC(1020) Metaspace: 10662K(10880K)->10662K(10880K) NonClass: 9396K(9536K)->9396K(9536K) Class: 1265K(1344K)->1265K(1344K)
[2025-08-01T03:46:17.083+0000] GC(1020) Pause Full (Ergonomics) 3187M->745M(3641M) 281.135ms
[2025-08-01T03:46:17.083+0000] GC(1020) User=1.84s Sys=0.09s Real=0.28s
[2025-08-01T03:46:17.177+0000] GC(1021) Pause Young (Allocation Failure)
[2025-08-01T03:46:17.303+0000] GC(1021) PSYoungGen: 465920K(931840K)->450048K(931840K) Eden: 465920K(465920K)->0K(465920K) From: 0K(465920K)->450048K(465920K)
[2025-08-01T03:46:17.303+0000] GC(1021) ParOldGen: 763178K(2796544K)->763178K(2796544K)
[2025-08-01T03:46:17.303+0000] GC(1021) Metaspace: 10662K(10880K)->10662K(10880K) NonClass: 9396K(9536K)->9396K(9536K) Class: 1265K(1344K)->1265K(1344K)
[2025-08-01T03:46:17.303+0000] GC(1021) Pause Young (Allocation Failure) 1200M->1184M(3641M) 125.864ms
[2025-08-01T03:46:17.303+0000] GC(1021) User=0.96s Sys=0.02s Real=0.13s
[2025-08-01T03:46:17.456+0000] GC(1022) Pause Young (Allocation Failure)
[2025-08-01T03:46:17.729+0000] GC(1022) PSYoungGen: 915968K(931840K)->465920K(931840K) Eden: 465920K(465920K)->0K(465920K) From: 450048K(465920K)->465920K(465920K)
[2025-08-01T03:46:17.729+0000] GC(1022) ParOldGen: 763178K(2796544K)->1244842K(2796544K)
[2025-08-01T03:46:17.729+0000] GC(1022) Metaspace: 10662K(10880K)->10662K(10880K) NonClass: 9396K(9536K)->9396K(9536K) Class: 1265K(1344K)->1265K(1344K)
[2025-08-01T03:46:17.729+0000] GC(1022) Pause Young (Allocation Failure) 1639M->1670M(3641M) 272.448ms
[2025-08-01T03:46:17.729+0000] GC(1022) User=2.04s Sys=0.08s Real=0.27s
[2025-08-01T03:46:17.817+0000] GC(1023) Pause Young (Allocation Failure)
[2025-08-01T03:46:17.952+0000] GC(1023) PSYoungGen: 931840K(931840K)->399808K(931840K) Eden: 465920K(465920K)->0K(465920K) From: 465920K(465920K)->399808K(465920K)
[2025-08-01T03:46:17.952+0000] GC(1023) ParOldGen: 1244842K(2796544K)->1610666K(2796544K)
[2025-08-01T03:46:17.952+0000] GC(1023) Metaspace: 10662K(10880K)->10662K(10880K) NonClass: 9396K(9536K)->9396K(9536K) Class: 1265K(1344K)->1265K(1344K)
[2025-08-01T03:46:17.952+0000] GC(1023) Pause Young (Allocation Failure) 2125M->1963M(3641M) 134.337ms
[2025-08-01T03:46:17.952+0000] GC(1023) User=0.99s Sys=0.02s Real=0.13s
[2025-08-01T03:46:18.049+0000] GC(1024) Pause Young (Allocation Failure)
[2025-08-01T03:46:18.170+0000] GC(1024) PSYoungGen: 865728K(931840K)->374144K(931840K) Eden: 465920K(465920K)->0K(465920K) From: 399808K(465920K)->374144K(465920K)
[2025-08-01T03:46:18.170+0000] GC(1024) ParOldGen: 1610666K(2796544K)->1784634K(2796544K)
[2025-08-01T03:46:18.170+0000] GC(1024) Metaspace: 10662K(10880K)->10662K(10880K) NonClass: 9396K(9536K)->9396K(9536K) Class: 1265K(1344K)->1265K(1344K)
[2025-08-01T03:46:18.170+0000] GC(1024) Pause Young (Allocation Failure) 2418M->2108M(3641M) 120.841ms
[2025-08-01T03:46:18.170+0000] GC(1024) User=0.89s Sys=0.02s Real=0.12s
[2025-08-01T03:46:18.261+0000] GC(1025) Pause Young (Allocation Failure)
[2025-08-01T03:46:18.402+0000] GC(1025) PSYoungGen: 840064K(931840K)->450304K(931840K) Eden: 465920K(465920K)->0K(465920K) From: 374144K(465920K)->450304K(465920K)
[2025-08-01T03:46:18.402+0000] GC(1025) ParOldGen: 1784634K(2796544K)->2048474K(2796544K)
[2025-08-01T03:46:18.402+0000] GC(1025) Metaspace: 10662K(10880K)->10662K(10880K) NonClass: 9396K(9536K)->9396K(9536K) Class: 1265K(1344K)->1265K(1344K)
[2025-08-01T03:46:18.402+0000] GC(1025) Pause Young (Allocation Failure) 2563M->2440M(3641M) 141.071ms
[2025-08-01T03:46:18.402+0000] GC(1025) User=1.05s Sys=0.05s Real=0.14s
[2025-08-01T03:46:18.488+0000] GC(1026) Pause Young (Allocation Failure)
[2025-08-01T03:46:18.664+0000] GC(1026) PSYoungGen: 916224K(931840K)->465920K(931840K) Eden: 465920K(465920K)->0K(465920K) From: 450304K(465920K)->465920K(465920K)
[2025-08-01T03:46:18.664+0000] GC(1026) ParOldGen: 2048474K(2796544K)->2530178K(2796544K)
[2025-08-01T03:46:18.664+0000] GC(1026) Metaspace: 10662K(10880K)->10662K(10880K) NonClass: 9396K(9536K)->9396K(9536K) Class: 1265K(1344K)->1265K(1344K)
[2025-08-01T03:46:18.664+0000] GC(1026) Pause Young (Allocation Failure) 2895M->2925M(3641M) 176.107ms
[2025-08-01T03:46:18.664+0000] GC(1026) User=1.33s Sys=0.04s Real=0.18s
[2025-08-01T03:46:18.752+0000] GC(1027) Pause Full (Ergonomics)
[2025-08-01T03:46:18.752+0000] GC(1027) Marking Phase
[2025-08-01T03:46:18.865+0000] GC(1027) Marking Phase 112.745ms
[2025-08-01T03:46:18.865+0000] GC(1027) Summary Phase
[2025-08-01T03:46:18.865+0000] GC(1027) Summary Phase 0.098ms
[2025-08-01T03:46:18.865+0000] GC(1027) Adjust Roots
[2025-08-01T03:46:18.867+0000] GC(1027) Adjust Roots 2.159ms
[2025-08-01T03:46:18.867+0000] GC(1027) Compaction Phase
[2025-08-01T03:46:19.077+0000] GC(1027) Compaction Phase 209.476ms
[2025-08-01T03:46:19.077+0000] GC(1027) Post Compact
[2025-08-01T03:46:19.099+0000] GC(1027) Post Compact 22.669ms
[2025-08-01T03:46:19.099+0000] GC(1027) PSYoungGen: 931840K(931840K)->0K(931840K) Eden: 465920K(465920K)->0K(465920K) From: 465920K(465920K)->0K(465920K)
[2025-08-01T03:46:19.099+0000] GC(1027) ParOldGen: 2530178K(2796544K)->1239907K(2796544K)
[2025-08-01T03:46:19.099+0000] GC(1027) Metaspace: 10662K(10880K)->10662K(10880K) NonClass: 9396K(9536K)->9396K(9536K) Class: 1265K(1344K)->1265K(1344K)
[2025-08-01T03:46:19.099+0000] GC(1027) Pause Full (Ergonomics) 3380M->1210M(3641M) 347.584ms
[2025-08-01T03:46:19.099+0000] GC(1027) User=2.41s Sys=0.09s Real=0.35s
[2025-08-01T03:46:19.199+0000] GC(1028) Pause Young (Allocation Failure)
[2025-08-01T03:46:19.322+0000] GC(1028) PSYoungGen: 465920K(931840K)->370496K(931840K) Eden: 465920K(465920K)->0K(465920K) From: 0K(465920K)->370496K(465920K)
[2025-08-01T03:46:19.322+0000] GC(1028) ParOldGen: 1239907K(2796544K)->1239907K(2796544K)
[2025-08-01T03:46:19.322+0000] GC(1028) Metaspace: 10662K(10880K)->10662K(10880K) NonClass: 9396K(9536K)->9396K(9536K) Class: 1265K(1344K)->1265K(1344K)
[2025-08-01T03:46:19.322+0000] GC(1028) Pause Young (Allocation Failure) 1665M->1572M(3641M) 123.307ms
[2025-08-01T03:46:19.322+0000] GC(1028) User=0.93s Sys=0.04s Real=0.12s
[2025-08-01T03:46:19.421+0000] GC(1029) Pause Young (Allocation Failure)
[2025-08-01T03:46:19.552+0000] GC(1029) PSYoungGen: 836416K(931840K)->449120K(931840K) Eden: 465920K(465920K)->0K(465920K) From: 370496K(465920K)->449120K(465920K)
[2025-08-01T03:46:19.552+0000] GC(1029) ParOldGen: 1239907K(2796544K)->1507723K(2796544K)
[2025-08-01T03:46:19.552+0000] GC(1029) Metaspace: 10662K(10880K)->10662K(10880K) NonClass: 9396K(9536K)->9396K(9536K) Class: 1265K(1344K)->1265K(1344K)
[2025-08-01T03:46:19.552+0000] GC(1029) Pause Young (Allocation Failure) 2027M->1910M(3641M) 131.178ms
[2025-08-01T03:46:19.552+0000] GC(1029) User=1.00s Sys=0.03s Real=0.13s
[2025-08-01T03:46:19.642+0000] GC(1030) Pause Young (Allocation Failure)
[2025-08-01T03:46:19.839+0000] GC(1030) PSYoungGen: 915040K(931840K)->465920K(931840K) Eden: 465920K(465920K)->0K(465920K) From: 449120K(465920K)->465920K(465920K)
[2025-08-01T03:46:19.839+0000] GC(1030) ParOldGen: 1507723K(2796544K)->1990163K(2796544K)
[2025-08-01T03:46:19.839+0000] GC(1030) Metaspace: 10662K(10880K)->10662K(10880K) NonClass: 9396K(9536K)->9396K(9536K) Class: 1265K(1344K)->1265K(1344K)
[2025-08-01T03:46:19.839+0000] GC(1030) Pause Young (Allocation Failure) 2365M->2398M(3641M) 196.644ms
[2025-08-01T03:46:19.839+0000] GC(1030) User=1.35s Sys=0.12s Real=0.20s
[2025-08-01T03:46:19.930+0000] GC(1031) Pause Young (Allocation Failure)
[2025-08-01T03:46:20.096+0000] GC(1031) PSYoungGen: 931840K(931840K)->403776K(931840K) Eden: 465920K(465920K)->0K(465920K) From: 465920K(465920K)->403776K(465920K)
[2025-08-01T03:46:20.096+0000] GC(1031) ParOldGen: 1990163K(2796544K)->2358083K(2796544K)
[2025-08-01T03:46:20.096+0000] GC(1031) Metaspace: 10662K(10880K)->10662K(10880K) NonClass: 9396K(9536K)->9396K(9536K) Class: 1265K(1344K)->1265K(1344K)
[2025-08-01T03:46:20.096+0000] GC(1031) Pause Young (Allocation Failure) 2853M->2697M(3641M) 166.006ms
[2025-08-01T03:46:20.096+0000] GC(1031) User=1.21s Sys=0.05s Real=0.17s
[2025-08-01T03:46:20.190+0000] GC(1032) Pause Full (Ergonomics)
[2025-08-01T03:46:20.190+0000] GC(1032) Marking Phase
[2025-08-01T03:46:20.240+0000] GC(1032) Marking Phase 50.266ms
[2025-08-01T03:46:20.240+0000] GC(1032) Summary Phase
[2025-08-01T03:46:20.240+0000] GC(1032) Summary Phase 0.101ms
[2025-08-01T03:46:20.240+0000] GC(1032) Adjust Roots
[2025-08-01T03:46:20.242+0000] GC(1032) Adjust Roots 1.588ms
[2025-08-01T03:46:20.242+0000] GC(1032) Compaction Phase
[2025-08-01T03:46:20.370+0000] GC(1032) Compaction Phase 127.947ms
[2025-08-01T03:46:20.370+0000] GC(1032) Post Compact
[2025-08-01T03:46:20.391+0000] GC(1032) Post Compact 20.964ms
[2025-08-01T03:46:20.391+0000] GC(1032) PSYoungGen: 869696K(931840K)->0K(931840K) Eden: 465920K(465920K)->0K(465920K) From: 403776K(465920K)->0K(465920K)
[2025-08-01T03:46:20.391+0000] GC(1032) ParOldGen: 2358083K(2796544K)->790220K(2796544K)
[2025-08-01T03:46:20.391+0000] GC(1032) Metaspace: 10662K(10880K)->10662K(10880K) NonClass: 9396K(9536K)->9396K(9536K) Class: 1265K(1344K)->1265K(1344K)
[2025-08-01T03:46:20.391+0000] GC(1032) Pause Full (Ergonomics) 3152M->771M(3641M) 201.341ms
[2025-08-01T03:46:20.391+0000] GC(1032) User=1.36s Sys=0.03s Real=0.20s
[2025-08-01T03:46:20.531+0000] GC(1033) Pause Young (Allocation Failure)
[2025-08-01T03:46:20.644+0000] GC(1033) PSYoungGen: 465920K(931840K)->463488K(931840K) Eden: 465920K(465920K)->0K(465920K) From: 0K(465920K)->463488K(465920K)
[2025-08-01T03:46:20.644+0000] GC(1033) ParOldGen: 790220K(2796544K)->790220K(2796544K)
[2025-08-01T03:46:20.644+0000] GC(1033) Metaspace: 10662K(10880K)->10662K(10880K) NonClass: 9396K(9536K)->9396K(9536K) Class: 1265K(1344K)->1265K(1344K)
[2025-08-01T03:46:20.644+0000] GC(1033) Pause Young (Allocation Failure) 1226M->1224M(3641M) 113.593ms
[2025-08-01T03:46:20.644+0000] GC(1033) User=0.81s Sys=0.06s Real=0.12s
[2025-08-01T03:46:20.736+0000] GC(1034) Pause Young (Allocation Failure)
[2025-08-01T03:46:20.899+0000] GC(1034) PSYoungGen: 929408K(931840K)->465910K(931840K) Eden: 465920K(465920K)->0K(465920K) From: 463488K(465920K)->465910K(465920K)
[2025-08-01T03:46:20.899+0000] GC(1034) ParOldGen: 790220K(2796544K)->1285532K(2796544K)
[2025-08-01T03:46:20.899+0000] GC(1034) Metaspace: 10662K(10880K)->10662K(10880K) NonClass: 9396K(9536K)->9396K(9536K) Class: 1265K(1344K)->1265K(1344K)
[2025-08-01T03:46:20.899+0000] GC(1034) Pause Young (Allocation Failure) 1679M->1710M(3641M) 163.507ms
[2025-08-01T03:46:20.899+0000] GC(1034) User=1.27s Sys=0.02s Real=0.16s
[2025-08-01T03:46:20.990+0000] GC(1035) Pause Young (Allocation Failure)
[2025-08-01T03:46:21.121+0000] GC(1035) PSYoungGen: 931830K(931840K)->411040K(931840K) Eden: 465920K(465920K)->0K(465920K) From: 465910K(465920K)->411040K(465920K)
[2025-08-01T03:46:21.121+0000] GC(1035) ParOldGen: 1285532K(2796544K)->1646531K(2796544K)
[2025-08-01T03:46:21.121+0000] GC(1035) Metaspace: 10662K(10880K)->10662K(10880K) NonClass: 9396K(9536K)->9396K(9536K) Class: 1265K(1344K)->1265K(1344K)
[2025-08-01T03:46:21.121+0000] GC(1035) Pause Young (Allocation Failure) 2165M->2009M(3641M) 130.582ms
[2025-08-01T03:46:21.121+0000] GC(1035) User=0.96s Sys=0.04s Real=0.13s
[2025-08-01T03:46:21.210+0000] GC(1036) Pause Young (Allocation Failure)
[2025-08-01T03:46:21.265+0000] GC(1036) PSYoungGen: 876960K(931840K)->243168K(931840K) Eden: 465920K(465920K)->0K(465920K) From: 411040K(465920K)->243168K(465920K)
[2025-08-01T03:46:21.265+0000] GC(1036) ParOldGen: 1646531K(2796544K)->1705451K(2796544K)
[2025-08-01T03:46:21.266+0000] GC(1036) Metaspace: 10662K(10880K)->10662K(10880K) NonClass: 9396K(9536K)->9396K(9536K) Class: 1265K(1344K)->1265K(1344K)
[2025-08-01T03:46:21.266+0000] GC(1036) Pause Young (Allocation Failure) 2464M->1902M(3641M) 55.595ms
[2025-08-01T03:46:21.266+0000] GC(1036) User=0.42s Sys=0.01s Real=0.06s
[2025-08-01T03:46:21.353+0000] GC(1037) Pause Young (Allocation Failure)
[2025-08-01T03:46:21.497+0000] GC(1037) PSYoungGen: 709088K(931840K)->465920K(931840K) Eden: 465920K(465920K)->0K(465920K) From: 243168K(465920K)->465920K(465920K)
[2025-08-01T03:46:21.498+0000] GC(1037) ParOldGen: 1705451K(2796544K)->1970011K(2796544K)
[2025-08-01T03:46:21.498+0000] GC(1037) Metaspace: 10662K(10880K)->10662K(10880K) NonClass: 9396K(9536K)->9396K(9536K) Class: 1265K(1344K)->1265K(1344K)
[2025-08-01T03:46:21.498+0000] GC(1037) Pause Young (Allocation Failure) 2357M->2378M(3641M) 144.408ms
[2025-08-01T03:46:21.498+0000] GC(1037) User=1.07s Sys=0.04s Real=0.14s
[2025-08-01T03:46:21.586+0000] GC(1038) Pause Young (Allocation Failure)
[2025-08-01T03:46:21.823+0000] GC(1038) PSYoungGen: 931840K(931840K)->465920K(931840K) Eden: 465920K(465920K)->0K(465920K) From: 465920K(465920K)->465920K(465920K)
[2025-08-01T03:46:21.823+0000] GC(1038) ParOldGen: 1970011K(2796544K)->2469275K(2796544K)
[2025-08-01T03:46:21.823+0000] GC(1038) Metaspace: 10662K(10880K)->10662K(10880K) NonClass: 9396K(9536K)->9396K(9536K) Class: 1265K(1344K)->1265K(1344K)
[2025-08-01T03:46:21.823+0000] GC(1038) Pause Young (Allocation Failure) 2833M->2866M(3641M) 236.792ms
[2025-08-01T03:46:21.823+0000] GC(1038) User=1.81s Sys=0.06s Real=0.24s
[2025-08-01T03:46:21.907+0000] GC(1039) Pause Full (Ergonomics)
[2025-08-01T03:46:21.908+0000] GC(1039) Marking Phase
[2025-08-01T03:46:22.012+0000] GC(1039) Marking Phase 104.399ms
[2025-08-01T03:46:22.012+0000] GC(1039) Summary Phase
[2025-08-01T03:46:22.012+0000] GC(1039) Summary Phase 0.123ms
[2025-08-01T03:46:22.012+0000] GC(1039) Adjust Roots
[2025-08-01T03:46:22.014+0000] GC(1039) Adjust Roots 1.842ms
[2025-08-01T03:46:22.014+0000] GC(1039) Compaction Phase
[2025-08-01T03:46:22.199+0000] GC(1039) Compaction Phase 185.360ms
[2025-08-01T03:46:22.200+0000] GC(1039) Post Compact
[2025-08-01T03:46:22.219+0000] GC(1039) Post Compact 18.974ms
[2025-08-01T03:46:22.219+0000] GC(1039) PSYoungGen: 931840K(931840K)->0K(931840K) Eden: 465920K(465920K)->0K(465920K) From: 465920K(465920K)->0K(465920K)
[2025-08-01T03:46:22.219+0000] GC(1039) ParOldGen: 2469275K(2796544K)->1264308K(2796544K)
[2025-08-01T03:46:22.219+0000] GC(1039) Metaspace: 10662K(10880K)->10662K(10880K) NonClass: 9396K(9536K)->9396K(9536K) Class: 1265K(1344K)->1265K(1344K)
[2025-08-01T03:46:22.219+0000] GC(1039) Pause Full (Ergonomics) 3321M->1234M(3641M) 311.158ms
[2025-08-01T03:46:22.219+0000] GC(1039) User=2.22s Sys=0.04s Real=0.31s
[2025-08-01T03:46:22.306+0000] GC(1040) Pause Young (Allocation Failure)
[2025-08-01T03:46:22.351+0000] GC(1040) PSYoungGen: 465920K(931840K)->231104K(931840K) Eden: 465920K(465920K)->0K(465920K) From: 0K(465920K)->231104K(465920K)
[2025-08-01T03:46:22.351+0000] GC(1040) ParOldGen: 1264308K(2796544K)->1264308K(2796544K)
[2025-08-01T03:46:22.351+0000] GC(1040) Metaspace: 10662K(10880K)->10662K(10880K) NonClass: 9396K(9536K)->9396K(9536K) Class: 1265K(1344K)->1265K(1344K)
[2025-08-01T03:46:22.351+0000] GC(1040) Pause Young (Allocation Failure) 1689M->1460M(3641M) 44.650ms
[2025-08-01T03:46:22.351+0000] GC(1040) User=0.31s Sys=0.03s Real=0.04s
[2025-08-01T03:46:22.434+0000] GC(1041) Pause Young (Allocation Failure)
[2025-08-01T03:46:22.571+0000] GC(1041) PSYoungGen: 697024K(931840K)->465920K(931840K) Eden: 465920K(465920K)->0K(465920K) From: 231104K(465920K)->465920K(465920K)
[2025-08-01T03:46:22.571+0000] GC(1041) ParOldGen: 1264308K(2796544K)->1516316K(2796544K)
[2025-08-01T03:46:22.571+0000] GC(1041) Metaspace: 10662K(10880K)->10662K(10880K) NonClass: 9396K(9536K)->9396K(9536K) Class: 1265K(1344K)->1265K(1344K)
[2025-08-01T03:46:22.571+0000] GC(1041) Pause Young (Allocation Failure) 1915M->1935M(3641M) 137.038ms
[2025-08-01T03:46:22.571+0000] GC(1041) User=1.01s Sys=0.05s Real=0.13s
[2025-08-01T03:46:22.658+0000] GC(1042) Pause Young (Allocation Failure)
[2025-08-01T03:46:22.812+0000] GC(1042) PSYoungGen: 931840K(931840K)->465920K(931840K) Eden: 465920K(465920K)->0K(465920K) From: 465920K(465920K)->465920K(465920K)
[2025-08-01T03:46:22.812+0000] GC(1042) ParOldGen: 1516316K(2796544K)->2016452K(2796544K)
[2025-08-01T03:46:22.812+0000] GC(1042) Metaspace: 10662K(10880K)->10662K(10880K) NonClass: 9396K(9536K)->9396K(9536K) Class: 1265K(1344K)->1265K(1344K)
[2025-08-01T03:46:22.812+0000] GC(1042) Pause Young (Allocation Failure) 2390M->2424M(3641M) 154.691ms
[2025-08-01T03:46:22.812+0000] GC(1042) User=1.19s Sys=0.00s Real=0.15s
[2025-08-01T03:46:22.897+0000] GC(1043) Pause Young (Allocation Failure)
[2025-08-01T03:46:23.009+0000] GC(1043) PSYoungGen: 931840K(931840K)->443328K(931840K) Eden: 465920K(465920K)->0K(465920K) From: 465920K(465920K)->443328K(465920K)
[2025-08-01T03:46:23.009+0000] GC(1043) ParOldGen: 2016452K(2796544K)->2364188K(2796544K)
[2025-08-01T03:46:23.009+0000] GC(1043) Metaspace: 10662K(10880K)->10662K(10880K) NonClass: 9396K(9536K)->9396K(9536K) Class: 1265K(1344K)->1265K(1344K)
[2025-08-01T03:46:23.009+0000] GC(1043) Pause Young (Allocation Failure) 2879M->2741M(3641M) 112.444ms
[2025-08-01T03:46:23.009+0000] GC(1043) User=0.89s Sys=0.00s Real=0.11s
[2025-08-01T03:46:23.093+0000] GC(1044) Pause Full (Ergonomics)
[2025-08-01T03:46:23.093+0000] GC(1044) Marking Phase
[2025-08-01T03:46:23.121+0000] GC(1044) Marking Phase 28.367ms
[2025-08-01T03:46:23.121+0000] GC(1044) Summary Phase
[2025-08-01T03:46:23.121+0000] GC(1044) Summary Phase 0.089ms
[2025-08-01T03:46:23.121+0000] GC(1044) Adjust Roots
[2025-08-01T03:46:23.123+0000] GC(1044) Adjust Roots 1.925ms
[2025-08-01T03:46:23.123+0000] GC(1044) Compaction Phase
[2025-08-01T03:46:23.173+0000] GC(1044) Compaction Phase 49.724ms
[2025-08-01T03:46:23.173+0000] GC(1044) Post Compact
[2025-08-01T03:46:23.194+0000] GC(1044) Post Compact 20.764ms
[2025-08-01T03:46:23.194+0000] GC(1044) PSYoungGen: 909248K(931840K)->0K(931840K) Eden: 465920K(465920K)->0K(465920K) From: 443328K(465920K)->0K(465920K)
[2025-08-01T03:46:23.194+0000] GC(1044) ParOldGen: 2364188K(2796544K)->350937K(2796544K)
[2025-08-01T03:46:23.194+0000] GC(1044) Metaspace: 10662K(10880K)->10662K(10880K) NonClass: 9396K(9536K)->9396K(9536K) Class: 1265K(1344K)->1265K(1344K)
[2025-08-01T03:46:23.194+0000] GC(1044) Pause Full (Ergonomics) 3196M->342M(3641M) 101.321ms
[2025-08-01T03:46:23.194+0000] GC(1044) User=0.60s Sys=0.00s Real=0.11s
[2025-08-01T03:46:23.280+0000] GC(1045) Pause Young (Allocation Failure)
[2025-08-01T03:46:23.353+0000] GC(1045) PSYoungGen: 465920K(931840K)->465920K(931840K) Eden: 465920K(465920K)->0K(465920K) From: 0K(465920K)->465920K(465920K)
[2025-08-01T03:46:23.353+0000] GC(1045) ParOldGen: 350937K(2796544K)->357569K(2796544K)
[2025-08-01T03:46:23.353+0000] GC(1045) Metaspace: 10662K(10880K)->10662K(10880K) NonClass: 9396K(9536K)->9396K(9536K) Class: 1265K(1344K)->1265K(1344K)
[2025-08-01T03:46:23.353+0000] GC(1045) Pause Young (Allocation Failure) 797M->804M(3641M) 72.717ms
[2025-08-01T03:46:23.353+0000] GC(1045) User=0.57s Sys=0.00s Real=0.07s
[2025-08-01T03:46:23.438+0000] GC(1046) Pause Young (Allocation Failure)
[2025-08-01T03:46:23.580+0000] GC(1046) PSYoungGen: 931840K(931840K)->465920K(931840K) Eden: 465920K(465920K)->0K(465920K) From: 465920K(465920K)->465920K(465920K)
[2025-08-01T03:46:23.580+0000] GC(1046) ParOldGen: 357569K(2796544K)->858849K(2796544K)
[2025-08-01T03:46:23.580+0000] GC(1046) Metaspace: 10662K(10880K)->10662K(10880K) NonClass: 9396K(9536K)->9396K(9536K) Class: 1265K(1344K)->1265K(1344K)
[2025-08-01T03:46:23.580+0000] GC(1046) Pause Young (Allocation Failure) 1259M->1293M(3641M) 141.871ms
[2025-08-01T03:46:23.580+0000] GC(1046) User=1.12s Sys=0.01s Real=0.14s
[2025-08-01T03:46:23.671+0000] GC(1047) Pause Young (Allocation Failure)
[2025-08-01T03:46:23.879+0000] GC(1047) PSYoungGen: 931840K(931840K)->443040K(931840K) Eden: 465920K(465920K)->0K(465920K) From: 465920K(465920K)->443040K(465920K)
[2025-08-01T03:46:23.879+0000] GC(1047) ParOldGen: 858849K(2796544K)->1212449K(2796544K)
[2025-08-01T03:46:23.879+0000] GC(1047) Metaspace: 10662K(10880K)->10662K(10880K) NonClass: 9396K(9536K)->9396K(9536K) Class: 1265K(1344K)->1265K(1344K)
[2025-08-01T03:46:23.879+0000] GC(1047) Pause Young (Allocation Failure) 1748M->1616M(3641M) 208.376ms
[2025-08-01T03:46:23.879+0000] GC(1047) User=1.54s Sys=0.06s Real=0.21s
[2025-08-01T03:46:23.965+0000] GC(1048) Pause Young (Allocation Failure)
[2025-08-01T03:46:24.036+0000] GC(1048) PSYoungGen: 908960K(931840K)->242944K(931840K) Eden: 465920K(465920K)->0K(465920K) From: 443040K(465920K)->242944K(465920K)
[2025-08-01T03:46:24.036+0000] GC(1048) ParOldGen: 1212449K(2796544K)->1294481K(2796544K)
[2025-08-01T03:46:24.036+0000] GC(1048) Metaspace: 10662K(10880K)->10662K(10880K) NonClass: 9396K(9536K)->9396K(9536K) Class: 1265K(1344K)->1265K(1344K)
[2025-08-01T03:46:24.036+0000] GC(1048) Pause Young (Allocation Failure) 2071M->1501M(3641M) 70.515ms
[2025-08-01T03:46:24.036+0000] GC(1048) User=0.50s Sys=0.04s Real=0.07s
[2025-08-01T03:46:24.120+0000] GC(1049) Pause Young (Allocation Failure)
[2025-08-01T03:46:24.296+0000] GC(1049) PSYoungGen: 708864K(931840K)->465920K(931840K) Eden: 465920K(465920K)->0K(465920K) From: 242944K(465920K)->465920K(465920K)
[2025-08-01T03:46:24.296+0000] GC(1049) ParOldGen: 1294481K(2796544K)->1555425K(2796544K)
[2025-08-01T03:46:24.296+0000] GC(1049) Metaspace: 10662K(10880K)->10662K(10880K) NonClass: 9396K(9536K)->9396K(9536K) Class: 1265K(1344K)->1265K(1344K)
[2025-08-01T03:46:24.296+0000] GC(1049) Pause Young (Allocation Failure) 1956M->1973M(3641M) 175.752ms
[2025-08-01T03:46:24.296+0000] GC(1049) User=1.28s Sys=0.03s Real=0.18s
[2025-08-01T03:46:24.381+0000] GC(1050) Pause Young (Allocation Failure)
[2025-08-01T03:46:24.526+0000] GC(1050) PSYoungGen: 931840K(931840K)->465920K(931840K) Eden: 465920K(465920K)->0K(465920K) From: 465920K(465920K)->465920K(465920K)
[2025-08-01T03:46:24.526+0000] GC(1050) ParOldGen: 1555425K(2796544K)->2056601K(2796544K)
[2025-08-01T03:46:24.526+0000] GC(1050) Metaspace: 10662K(10880K)->10662K(10880K) NonClass: 9396K(9536K)->9396K(9536K) Class: 1265K(1344K)->1265K(1344K)
[2025-08-01T03:46:24.526+0000] GC(1050) Pause Young (Allocation Failure) 2428M->2463M(3641M) 144.538ms
[2025-08-01T03:46:24.526+0000] GC(1050) User=1.14s Sys=0.00s Real=0.15s
[2025-08-01T03:46:24.613+0000] GC(1051) Pause Young (Allocation Failure)
[2025-08-01T03:46:24.748+0000] GC(1051) PSYoungGen: 931840K(931840K)->431968K(931840K) Eden: 465920K(465920K)->0K(465920K) From: 465920K(465920K)->431968K(465920K)
[2025-08-01T03:46:24.748+0000] GC(1051) ParOldGen: 2056601K(2796544K)->2420825K(2796544K)
[2025-08-01T03:46:24.748+0000] GC(1051) Metaspace: 10662K(10880K)->10662K(10880K) NonClass: 9396K(9536K)->9396K(9536K) Class: 1265K(1344K)->1265K(1344K)
[2025-08-01T03:46:24.748+0000] GC(1051) Pause Young (Allocation Failure) 2918M->2785M(3641M) 135.124ms
[2025-08-01T03:46:24.748+0000] GC(1051) User=1.05s Sys=0.02s Real=0.13s
[2025-08-01T03:46:24.838+0000] GC(1052) Pause Full (Ergonomics)
[2025-08-01T03:46:24.838+0000] GC(1052) Marking Phase
[2025-08-01T03:46:24.872+0000] GC(1052) Marking Phase 33.686ms
[2025-08-01T03:46:24.872+0000] GC(1052) Summary Phase
[2025-08-01T03:46:24.872+0000] GC(1052) Summary Phase 0.138ms
[2025-08-01T03:46:24.872+0000] GC(1052) Adjust Roots
[2025-08-01T03:46:24.874+0000] GC(1052) Adjust Roots 2.184ms
[2025-08-01T03:46:24.874+0000] GC(1052) Compaction Phase
[2025-08-01T03:46:24.939+0000] GC(1052) Compaction Phase 65.271ms
[2025-08-01T03:46:24.940+0000] GC(1052) Post Compact
[2025-08-01T03:46:24.962+0000] GC(1052) Post Compact 22.775ms
[2025-08-01T03:46:24.962+0000] GC(1052) PSYoungGen: 897888K(931840K)->0K(931840K) Eden: 465920K(465920K)->0K(465920K) From: 431968K(465920K)->0K(465920K)
[2025-08-01T03:46:24.962+0000] GC(1052) ParOldGen: 2420825K(2796544K)->367766K(2796544K)
[2025-08-01T03:46:24.962+0000] GC(1052) Metaspace: 10662K(10880K)->10662K(10880K) NonClass: 9396K(9536K)->9396K(9536K) Class: 1265K(1344K)->1265K(1344K)
[2025-08-01T03:46:24.962+0000] GC(1052) Pause Full (Ergonomics) 3240M->359M(3641M) 124.509ms
[2025-08-01T03:46:24.963+0000] GC(1052) User=0.72s Sys=0.02s Real=0.12s
[2025-08-01T03:46:25.047+0000] GC(1053) Pause Young (Allocation Failure)
[2025-08-01T03:46:25.167+0000] GC(1053) PSYoungGen: 465920K(931840K)->465920K(931840K) Eden: 465920K(465920K)->0K(465920K) From: 0K(465920K)->465920K(465920K)
[2025-08-01T03:46:25.167+0000] GC(1053) ParOldGen: 367766K(2796544K)->373438K(2796544K)
[2025-08-01T03:46:25.167+0000] GC(1053) Metaspace: 10662K(10880K)->10662K(10880K) NonClass: 9396K(9536K)->9396K(9536K) Class: 1265K(1344K)->1265K(1344K)
[2025-08-01T03:46:25.167+0000] GC(1053) Pause Young (Allocation Failure) 814M->819M(3641M) 120.211ms
[2025-08-01T03:46:25.167+0000] GC(1053) User=0.89s Sys=0.05s Real=0.12s
[2025-08-01T03:46:25.253+0000] GC(1054) Pause Young (Allocation Failure)
[2025-08-01T03:46:25.431+0000] GC(1054) PSYoungGen: 931840K(931840K)->465920K(931840K) Eden: 465920K(465920K)->0K(465920K) From: 465920K(465920K)->465920K(465920K)
[2025-08-01T03:46:25.431+0000] GC(1054) ParOldGen: 373438K(2796544K)->872670K(2796544K)
[2025-08-01T03:46:25.431+0000] GC(1054) Metaspace: 10662K(10880K)->10662K(10880K) NonClass: 9396K(9536K)->9396K(9536K) Class: 1265K(1344K)->1265K(1344K)
[2025-08-01T03:46:25.431+0000] GC(1054) Pause Young (Allocation Failure) 1274M->1307M(3641M) 177.448ms
[2025-08-01T03:46:25.431+0000] GC(1054) User=1.30s Sys=0.05s Real=0.17s
[2025-08-01T03:46:25.520+0000] GC(1055) Pause Young (Allocation Failure)
[2025-08-01T03:46:25.721+0000] GC(1055) PSYoungGen: 931840K(931840K)->430368K(931840K) Eden: 465920K(465920K)->0K(465920K) From: 465920K(465920K)->430368K(465920K)
[2025-08-01T03:46:25.721+0000] GC(1055) ParOldGen: 872670K(2796544K)->1241622K(2796544K)
[2025-08-01T03:46:25.721+0000] GC(1055) Metaspace: 10662K(10880K)->10662K(10880K) NonClass: 9396K(9536K)->9396K(9536K) Class: 1265K(1344K)->1265K(1344K)
[2025-08-01T03:46:25.721+0000] GC(1055) Pause Young (Allocation Failure) 1762M->1632M(3641M) 201.011ms
[2025-08-01T03:46:25.721+0000] GC(1055) User=1.51s Sys=0.06s Real=0.20s
[2025-08-01T03:46:25.813+0000] GC(1056) Pause Young (Allocation Failure)
[2025-08-01T03:46:25.883+0000] GC(1056) PSYoungGen: 896288K(931840K)->262080K(931840K) Eden: 465920K(465920K)->0K(465920K) From: 430368K(465920K)->262080K(465920K)
[2025-08-01T03:46:25.883+0000] GC(1056) ParOldGen: 1241622K(2796544K)->1321022K(2796544K)
[2025-08-01T03:46:25.883+0000] GC(1056) Metaspace: 10662K(10880K)->10662K(10880K) NonClass: 9396K(9536K)->9396K(9536K) Class: 1265K(1344K)->1265K(1344K)
[2025-08-01T03:46:25.883+0000] GC(1056) Pause Young (Allocation Failure) 2087M->1545M(3641M) 69.975ms
[2025-08-01T03:46:25.883+0000] GC(1056) User=0.49s Sys=0.03s Real=0.07s
[2025-08-01T03:46:25.966+0000] GC(1057) Pause Young (Allocation Failure)
[2025-08-01T03:46:26.103+0000] GC(1057) PSYoungGen: 728000K(931840K)->465920K(931840K) Eden: 465920K(465920K)->0K(465920K) From: 262080K(465920K)->465920K(465920K)
[2025-08-01T03:46:26.103+0000] GC(1057) ParOldGen: 1321022K(2796544K)->1605334K(2796544K)
[2025-08-01T03:46:26.103+0000] GC(1057) Metaspace: 10662K(10880K)->10662K(10880K) NonClass: 9396K(9536K)->9396K(9536K) Class: 1265K(1344K)->1265K(1344K)
[2025-08-01T03:46:26.103+0000] GC(1057) Pause Young (Allocation Failure) 2000M->2022M(3641M) 137.024ms
[2025-08-01T03:46:26.103+0000] GC(1057) User=1.03s Sys=0.03s Real=0.14s
[2025-08-01T03:46:26.188+0000] GC(1058) Pause Young (Allocation Failure)
[2025-08-01T03:46:26.338+0000] GC(1058) PSYoungGen: 931840K(931840K)->465920K(931840K) Eden: 465920K(465920K)->0K(465920K) From: 465920K(465920K)->465920K(465920K)
[2025-08-01T03:46:26.339+0000] GC(1058) ParOldGen: 1605334K(2796544K)->2105590K(2796544K)
[2025-08-01T03:46:26.339+0000] GC(1058) Metaspace: 10662K(10880K)->10662K(10880K) NonClass: 9396K(9536K)->9396K(9536K) Class: 1265K(1344K)->1265K(1344K)
[2025-08-01T03:46:26.339+0000] GC(1058) Pause Young (Allocation Failure) 2477M->2511M(3641M) 150.983ms
[2025-08-01T03:46:26.339+0000] GC(1058) User=1.18s Sys=0.00s Real=0.15s
[2025-08-01T03:46:26.429+0000] GC(1059) Pause Full (Ergonomics)
[2025-08-01T03:46:26.429+0000] GC(1059) Marking Phase
[2025-08-01T03:46:26.588+0000] GC(1059) Marking Phase 158.990ms
[2025-08-01T03:46:26.588+0000] GC(1059) Summary Phase
[2025-08-01T03:46:26.588+0000] GC(1059) Summary Phase 0.179ms
[2025-08-01T03:46:26.588+0000] GC(1059) Adjust Roots
[2025-08-01T03:46:26.592+0000] GC(1059) Adjust Roots 3.310ms
[2025-08-01T03:46:26.592+0000] GC(1059) Compaction Phase
[2025-08-01T03:46:26.801+0000] GC(1059) Compaction Phase 209.549ms
[2025-08-01T03:46:26.801+0000] GC(1059) Post Compact
[2025-08-01T03:46:26.822+0000] GC(1059) Post Compact 20.451ms
[2025-08-01T03:46:26.822+0000] GC(1059) PSYoungGen: 931840K(931840K)->0K(931840K) Eden: 465920K(465920K)->0K(465920K) From: 465920K(465920K)->0K(465920K)
[2025-08-01T03:46:26.822+0000] GC(1059) ParOldGen: 2105590K(2796544K)->1305923K(2796544K)
[2025-08-01T03:46:26.822+0000] GC(1059) Metaspace: 10662K(10880K)->10662K(10880K) NonClass: 9396K(9536K)->9396K(9536K) Class: 1265K(1344K)->1265K(1344K)
[2025-08-01T03:46:26.822+0000] GC(1059) Pause Full (Ergonomics) 2966M->1275M(3641M) 393.021ms
[2025-08-01T03:46:26.822+0000] GC(1059) User=2.83s Sys=0.06s Real=0.39s
[2025-08-01T03:46:26.913+0000] GC(1060) Pause Young (Allocation Failure)
[2025-08-01T03:46:27.008+0000] GC(1060) PSYoungGen: 465920K(931840K)->270400K(931840K) Eden: 465920K(465920K)->0K(465920K) From: 0K(465920K)->270400K(465920K)
[2025-08-01T03:46:27.008+0000] GC(1060) ParOldGen: 1305923K(2796544K)->1305923K(2796544K)
[2025-08-01T03:46:27.008+0000] GC(1060) Metaspace: 10662K(10880K)->10662K(10880K) NonClass: 9396K(9536K)->9396K(9536K) Class: 1265K(1344K)->1265K(1344K)
[2025-08-01T03:46:27.008+0000] GC(1060) Pause Young (Allocation Failure) 1730M->1539M(3641M) 94.983ms
[2025-08-01T03:46:27.008+0000] GC(1060) User=0.66s Sys=0.03s Real=0.10s
[2025-08-01T03:46:27.095+0000] GC(1061) Pause Young (Allocation Failure)
[2025-08-01T03:46:27.232+0000] GC(1061) PSYoungGen: 736320K(931840K)->465920K(931840K) Eden: 465920K(465920K)->0K(465920K) From: 270400K(465920K)->465920K(465920K)
[2025-08-01T03:46:27.232+0000] GC(1061) ParOldGen: 1305923K(2796544K)->1598827K(2796544K)
[2025-08-01T03:46:27.232+0000] GC(1061) Metaspace: 10662K(10880K)->10662K(10880K) NonClass: 9396K(9536K)->9396K(9536K) Class: 1265K(1344K)->1265K(1344K)
[2025-08-01T03:46:27.232+0000] GC(1061) Pause Young (Allocation Failure) 1994M->2016M(3641M) 136.178ms
[2025-08-01T03:46:27.232+0000] GC(1061) User=1.05s Sys=0.02s Real=0.13s
[2025-08-01T03:46:27.324+0000] GC(1062) Pause Young (Allocation Failure)
[2025-08-01T03:46:27.490+0000] GC(1062) PSYoungGen: 931840K(931840K)->465920K(931840K) Eden: 465920K(465920K)->0K(465920K) From: 465920K(465920K)->465920K(465920K)
[2025-08-01T03:46:27.490+0000] GC(1062) ParOldGen: 1598827K(2796544K)->2099571K(2796544K)
[2025-08-01T03:46:27.490+0000] GC(1062) Metaspace: 10662K(10880K)->10662K(10880K) NonClass: 9396K(9536K)->9396K(9536K) Class: 1265K(1344K)->1265K(1344K)
[2025-08-01T03:46:27.490+0000] GC(1062) Pause Young (Allocation Failure) 2471M->2505M(3641M) 166.852ms
[2025-08-01T03:46:27.490+0000] GC(1062) User=1.25s Sys=0.02s Real=0.16s
[2025-08-01T03:46:27.579+0000] GC(1063) Pause Young (Allocation Failure)
[2025-08-01T03:46:27.772+0000] GC(1063) PSYoungGen: 931840K(931840K)->425408K(931840K) Eden: 465920K(465920K)->0K(465920K) From: 465920K(465920K)->425408K(465920K)
[2025-08-01T03:46:27.772+0000] GC(1063) ParOldGen: 2099571K(2796544K)->2476043K(2796544K)
[2025-08-01T03:46:27.772+0000] GC(1063) Metaspace: 10662K(10880K)->10662K(10880K) NonClass: 9396K(9536K)->9396K(9536K) Class: 1265K(1344K)->1265K(1344K)
[2025-08-01T03:46:27.772+0000] GC(1063) Pause Young (Allocation Failure) 2960M->2833M(3641M) 193.092ms
[2025-08-01T03:46:27.772+0000] GC(1063) User=1.47s Sys=0.04s Real=0.19s
[2025-08-01T03:46:27.864+0000] GC(1064) Pause Full (Ergonomics)
[2025-08-01T03:46:27.864+0000] GC(1064) Marking Phase
[2025-08-01T03:46:27.920+0000] GC(1064) Marking Phase 56.396ms
[2025-08-01T03:46:27.920+0000] GC(1064) Summary Phase
[2025-08-01T03:46:27.921+0000] GC(1064) Summary Phase 0.096ms
[2025-08-01T03:46:27.921+0000] GC(1064) Adjust Roots
[2025-08-01T03:46:27.923+0000] GC(1064) Adjust Roots 2.494ms
[2025-08-01T03:46:27.923+0000] GC(1064) Compaction Phase
[2025-08-01T03:46:27.996+0000] GC(1064) Compaction Phase 72.692ms
[2025-08-01T03:46:27.996+0000] GC(1064) Post Compact
[2025-08-01T03:46:28.019+0000] GC(1064) Post Compact 22.678ms
[2025-08-01T03:46:28.019+0000] GC(1064) PSYoungGen: 891328K(931840K)->0K(931840K) Eden: 465920K(465920K)->0K(465920K) From: 425408K(465920K)->0K(465920K)
[2025-08-01T03:46:28.019+0000] GC(1064) ParOldGen: 2476043K(2796544K)->391378K(2796544K)
[2025-08-01T03:46:28.019+0000] GC(1064) Metaspace: 10662K(10880K)->10662K(10880K) NonClass: 9396K(9536K)->9396K(9536K) Class: 1265K(1344K)->1265K(1344K)
[2025-08-01T03:46:28.019+0000] GC(1064) Pause Full (Ergonomics) 3288M->382M(3641M) 154.869ms
[2025-08-01T03:46:28.019+0000] GC(1064) User=0.93s Sys=0.04s Real=0.15s
[2025-08-01T03:46:28.106+0000] GC(1065) Pause Young (Allocation Failure)
[2025-08-01T03:46:28.196+0000] GC(1065) PSYoungGen: 465920K(931840K)->465920K(931840K) Eden: 465920K(465920K)->0K(465920K) From: 0K(465920K)->465920K(465920K)
[2025-08-01T03:46:28.196+0000] GC(1065) ParOldGen: 391378K(2796544K)->398146K(2796544K)
[2025-08-01T03:46:28.196+0000] GC(1065) Metaspace: 10662K(10880K)->10662K(10880K) NonClass: 9396K(9536K)->9396K(9536K) Class: 1265K(1344K)->1265K(1344K)
[2025-08-01T03:46:28.196+0000] GC(1065) Pause Young (Allocation Failure) 837M->843M(3641M) 89.898ms
[2025-08-01T03:46:28.196+0000] GC(1065) User=0.68s Sys=0.03s Real=0.09s
[2025-08-01T03:46:28.287+0000] GC(1066) Pause Young (Allocation Failure)
[2025-08-01T03:46:28.528+0000] GC(1066) PSYoungGen: 931840K(931840K)->465920K(931840K) Eden: 465920K(465920K)->0K(465920K) From: 465920K(465920K)->465920K(465920K)
[2025-08-01T03:46:28.528+0000] GC(1066) ParOldGen: 398146K(2796544K)->901394K(2796544K)
[2025-08-01T03:46:28.528+0000] GC(1066) Metaspace: 10662K(10880K)->10662K(10880K) NonClass: 9396K(9536K)->9396K(9536K) Class: 1265K(1344K)->1265K(1344K)
[2025-08-01T03:46:28.528+0000] GC(1066) Pause Young (Allocation Failure) 1298M->1335M(3641M) 240.908ms
[2025-08-01T03:46:28.528+0000] GC(1066) User=1.80s Sys=0.06s Real=0.24s
[2025-08-01T03:46:28.623+0000] GC(1067) Pause Young (Allocation Failure)
[2025-08-01T03:46:28.853+0000] GC(1067) PSYoungGen: 931840K(931840K)->420672K(931840K) Eden: 465920K(465920K)->0K(465920K) From: 465920K(465920K)->420672K(465920K)
[2025-08-01T03:46:28.853+0000] GC(1067) ParOldGen: 901394K(2796544K)->1249714K(2796544K)
[2025-08-01T03:46:28.853+0000] GC(1067) Metaspace: 10662K(10880K)->10662K(10880K) NonClass: 9396K(9536K)->9396K(9536K) Class: 1265K(1344K)->1265K(1344K)
[2025-08-01T03:46:28.853+0000] GC(1067) Pause Young (Allocation Failure) 1790M->1631M(3641M) 229.775ms
[2025-08-01T03:46:28.853+0000] GC(1067) User=1.76s Sys=0.06s Real=0.22s
[2025-08-01T03:46:28.945+0000] GC(1068) Pause Young (Allocation Failure)
[2025-08-01T03:46:29.026+0000] GC(1068) PSYoungGen: 886592K(931840K)->298176K(931840K) Eden: 465920K(465920K)->0K(465920K) From: 420672K(465920K)->298176K(465920K)
[2025-08-01T03:46:29.026+0000] GC(1068) ParOldGen: 1249714K(2796544K)->1319274K(2796544K)
[2025-08-01T03:46:29.026+0000] GC(1068) Metaspace: 10662K(10880K)->10662K(10880K) NonClass: 9396K(9536K)->9396K(9536K) Class: 1265K(1344K)->1265K(1344K)
[2025-08-01T03:46:29.026+0000] GC(1068) Pause Young (Allocation Failure) 2086M->1579M(3641M) 80.826ms
[2025-08-01T03:46:29.026+0000] GC(1068) User=0.57s Sys=0.04s Real=0.08s
[2025-08-01T03:46:29.110+0000] GC(1069) Pause Young (Allocation Failure)
[2025-08-01T03:46:29.264+0000] GC(1069) PSYoungGen: 764096K(931840K)->465920K(931840K) Eden: 465920K(465920K)->0K(465920K) From: 298176K(465920K)->465920K(465920K)
[2025-08-01T03:46:29.264+0000] GC(1069) ParOldGen: 1319274K(2796544K)->1640994K(2796544K)
[2025-08-01T03:46:29.264+0000] GC(1069) Metaspace: 10662K(10880K)->10662K(10880K) NonClass: 9396K(9536K)->9396K(9536K) Class: 1265K(1344K)->1265K(1344K)
[2025-08-01T03:46:29.264+0000] GC(1069) Pause Young (Allocation Failure) 2034M->2057M(3641M) 154.094ms
[2025-08-01T03:46:29.264+0000] GC(1069) User=1.12s Sys=0.04s Real=0.16s
[2025-08-01T03:46:29.355+0000] GC(1070) Pause Young (Allocation Failure)
[2025-08-01T03:46:29.574+0000] GC(1070) PSYoungGen: 931840K(931840K)->465920K(931840K) Eden: 465920K(465920K)->0K(465920K) From: 465920K(465920K)->465920K(465920K)
[2025-08-01T03:46:29.574+0000] GC(1070) ParOldGen: 1640994K(2796544K)->2143138K(2796544K)
[2025-08-01T03:46:29.574+0000] GC(1070) Metaspace: 10662K(10880K)->10662K(10880K) NonClass: 9396K(9536K)->9396K(9536K) Class: 1265K(1344K)->1265K(1344K)
[2025-08-01T03:46:29.574+0000] GC(1070) Pause Young (Allocation Failure) 2512M->2547M(3641M) 219.167ms
[2025-08-01T03:46:29.574+0000] GC(1070) User=1.62s Sys=0.06s Real=0.22s
[2025-08-01T03:46:29.666+0000] GC(1071) Pause Full (Ergonomics)
[2025-08-01T03:46:29.666+0000] GC(1071) Marking Phase
[2025-08-01T03:46:29.784+0000] GC(1071) Marking Phase 118.143ms
[2025-08-01T03:46:29.784+0000] GC(1071) Summary Phase
[2025-08-01T03:46:29.784+0000] GC(1071) Summary Phase 0.146ms
[2025-08-01T03:46:29.784+0000] GC(1071) Adjust Roots
[2025-08-01T03:46:29.787+0000] GC(1071) Adjust Roots 2.715ms
[2025-08-01T03:46:29.787+0000] GC(1071) Compaction Phase
[2025-08-01T03:46:29.918+0000] GC(1071) Compaction Phase 131.260ms
[2025-08-01T03:46:29.918+0000] GC(1071) Post Compact
[2025-08-01T03:46:29.939+0000] GC(1071) Post Compact 20.622ms
[2025-08-01T03:46:29.939+0000] GC(1071) PSYoungGen: 931840K(931840K)->0K(931840K) Eden: 465920K(465920K)->0K(465920K) From: 465920K(465920K)->0K(465920K)
[2025-08-01T03:46:29.939+0000] GC(1071) ParOldGen: 2143138K(2796544K)->869032K(2796544K)
[2025-08-01T03:46:29.939+0000] GC(1071) Metaspace: 10662K(10880K)->10662K(10880K) NonClass: 9396K(9536K)->9396K(9536K) Class: 1265K(1344K)->1265K(1344K)
[2025-08-01T03:46:29.939+0000] GC(1071) Pause Full (Ergonomics) 3002M->848M(3641M) 273.479ms
[2025-08-01T03:46:29.939+0000] GC(1071) User=1.94s Sys=0.02s Real=0.27s
[2025-08-01T03:46:30.028+0000] GC(1072) Pause Young (Allocation Failure)
[2025-08-01T03:46:30.114+0000] GC(1072) PSYoungGen: 465920K(931840K)->321248K(931840K) Eden: 465920K(465920K)->0K(465920K) From: 0K(465920K)->321248K(465920K)
[2025-08-01T03:46:30.114+0000] GC(1072) ParOldGen: 869032K(2796544K)->869032K(2796544K)
[2025-08-01T03:46:30.114+0000] GC(1072) Metaspace: 10662K(10880K)->10662K(10880K) NonClass: 9396K(9536K)->9396K(9536K) Class: 1265K(1344K)->1265K(1344K)
[2025-08-01T03:46:30.114+0000] GC(1072) Pause Young (Allocation Failure) 1303M->1162M(3641M) 86.589ms
[2025-08-01T03:46:30.114+0000] GC(1072) User=0.62s Sys=0.03s Real=0.09s
[2025-08-01T03:46:30.206+0000] GC(1073) Pause Young (Allocation Failure)
[2025-08-01T03:46:30.422+0000] GC(1073) PSYoungGen: 787168K(931840K)->465920K(931840K) Eden: 465920K(465920K)->0K(465920K) From: 321248K(465920K)->465920K(465920K)
[2025-08-01T03:46:30.422+0000] GC(1073) ParOldGen: 869032K(2796544K)->1217208K(2796544K)
[2025-08-01T03:46:30.422+0000] GC(1073) Metaspace: 10662K(10880K)->10662K(10880K) NonClass: 9396K(9536K)->9396K(9536K) Class: 1265K(1344K)->1265K(1344K)
[2025-08-01T03:46:30.422+0000] GC(1073) Pause Young (Allocation Failure) 1617M->1643M(3641M) 215.727ms
[2025-08-01T03:46:30.422+0000] GC(1073) User=1.65s Sys=0.06s Real=0.21s
[2025-08-01T03:46:30.553+0000] GC(1074) Pause Young (Allocation Failure)
[2025-08-01T03:46:30.760+0000] GC(1074) PSYoungGen: 931840K(931840K)->465920K(931840K) Eden: 465920K(465920K)->0K(465920K) From: 465920K(465920K)->465920K(465920K)
[2025-08-01T03:46:30.761+0000] GC(1074) ParOldGen: 1217208K(2796544K)->1716904K(2796544K)
[2025-08-01T03:46:30.761+0000] GC(1074) Metaspace: 10662K(10880K)->10662K(10880K) NonClass: 9396K(9536K)->9396K(9536K) Class: 1265K(1344K)->1265K(1344K)
[2025-08-01T03:46:30.761+0000] GC(1074) Pause Young (Allocation Failure) 2098M->2131M(3641M) 208.026ms
[2025-08-01T03:46:30.761+0000] GC(1074) User=1.47s Sys=0.05s Real=0.21s
[2025-08-01T03:46:30.854+0000] GC(1075) Pause Young (Allocation Failure)
[2025-08-01T03:46:30.956+0000] GC(1075) PSYoungGen: 931840K(931840K)->290560K(931840K) Eden: 465920K(465920K)->0K(465920K) From: 465920K(465920K)->290560K(465920K)
[2025-08-01T03:46:30.956+0000] GC(1075) ParOldGen: 1716904K(2796544K)->1980008K(2796544K)
[2025-08-01T03:46:30.956+0000] GC(1075) Metaspace: 10662K(10880K)->10662K(10880K) NonClass: 9396K(9536K)->9396K(9536K) Class: 1265K(1344K)->1265K(1344K)
[2025-08-01T03:46:30.956+0000] GC(1075) Pause Young (Allocation Failure) 2586M->2217M(3641M) 102.185ms
[2025-08-01T03:46:30.956+0000] GC(1075) User=0.78s Sys=0.02s Real=0.10s
[2025-08-01T03:46:31.050+0000] GC(1076) Pause Young (Allocation Failure)
[2025-08-01T03:46:31.126+0000] GC(1076) PSYoungGen: 756480K(931840K)->333952K(931840K) Eden: 465920K(465920K)->0K(465920K) From: 290560K(465920K)->333952K(465920K)
[2025-08-01T03:46:31.126+0000] GC(1076) ParOldGen: 1980008K(2796544K)->2033288K(2796544K)
[2025-08-01T03:46:31.126+0000] GC(1076) Metaspace: 10662K(10880K)->10662K(10880K) NonClass: 9396K(9536K)->9396K(9536K) Class: 1265K(1344K)->1265K(1344K)
[2025-08-01T03:46:31.126+0000] GC(1076) Pause Young (Allocation Failure) 2672M->2311M(3641M) 75.699ms
[2025-08-01T03:46:31.126+0000] GC(1076) User=0.52s Sys=0.01s Real=0.08s
[2025-08-01T03:46:31.223+0000] GC(1077) Pause Young (Allocation Failure)
[2025-08-01T03:46:31.370+0000] GC(1077) PSYoungGen: 799872K(931840K)->465920K(931840K) Eden: 465920K(465920K)->0K(465920K) From: 333952K(465920K)->465920K(465920K)
[2025-08-01T03:46:31.370+0000] GC(1077) ParOldGen: 2033288K(2796544K)->2392280K(2796544K)
[2025-08-01T03:46:31.370+0000] GC(1077) Metaspace: 10662K(10880K)->10662K(10880K) NonClass: 9396K(9536K)->9396K(9536K) Class: 1265K(1344K)->1265K(1344K)
[2025-08-01T03:46:31.370+0000] GC(1077) Pause Young (Allocation Failure) 2766M->2791M(3641M) 147.057ms
[2025-08-01T03:46:31.370+0000] GC(1077) User=1.14s Sys=0.03s Real=0.14s
[2025-08-01T03:46:31.515+0000] GC(1078) Pause Full (Ergonomics)
[2025-08-01T03:46:31.515+0000] GC(1078) Marking Phase
[2025-08-01T03:46:31.690+0000] GC(1078) Marking Phase 174.734ms
[2025-08-01T03:46:31.690+0000] GC(1078) Summary Phase
[2025-08-01T03:46:31.690+0000] GC(1078) Summary Phase 0.265ms
[2025-08-01T03:46:31.690+0000] GC(1078) Adjust Roots
[2025-08-01T03:46:31.693+0000] GC(1078) Adjust Roots 3.072ms
[2025-08-01T03:46:31.693+0000] GC(1078) Compaction Phase
[2025-08-01T03:46:31.895+0000] GC(1078) Compaction Phase 201.331ms
[2025-08-01T03:46:31.895+0000] GC(1078) Post Compact
[2025-08-01T03:46:31.918+0000] GC(1078) Post Compact 22.702ms
[2025-08-01T03:46:31.918+0000] GC(1078) PSYoungGen: 931840K(931840K)->0K(931840K) Eden: 465920K(465920K)->0K(465920K) From: 465920K(465920K)->0K(465920K)
[2025-08-01T03:46:31.918+0000] GC(1078) ParOldGen: 2392280K(2796544K)->1349475K(2796544K)
[2025-08-01T03:46:31.918+0000] GC(1078) Metaspace: 10662K(10880K)->10662K(10880K) NonClass: 9396K(9536K)->9396K(9536K) Class: 1265K(1344K)->1265K(1344K)
[2025-08-01T03:46:31.918+0000] GC(1078) Pause Full (Ergonomics) 3246M->1317M(3641M) 402.823ms
[2025-08-01T03:46:31.918+0000] GC(1078) User=2.86s Sys=0.05s Real=0.40s
[2025-08-01T03:46:32.006+0000] GC(1079) Pause Young (Allocation Failure)
[2025-08-01T03:46:32.092+0000] GC(1079) PSYoungGen: 465920K(931840K)->289760K(931840K) Eden: 465920K(465920K)->0K(465920K) From: 0K(465920K)->289760K(465920K)
[2025-08-01T03:46:32.092+0000] GC(1079) ParOldGen: 1349475K(2796544K)->1349475K(2796544K)
[2025-08-01T03:46:32.092+0000] GC(1079) Metaspace: 10662K(10880K)->10662K(10880K) NonClass: 9396K(9536K)->9396K(9536K) Class: 1265K(1344K)->1265K(1344K)
[2025-08-01T03:46:32.092+0000] GC(1079) Pause Young (Allocation Failure) 1772M->1600M(3641M) 86.486ms
[2025-08-01T03:46:32.092+0000] GC(1079) User=0.60s Sys=0.04s Real=0.08s
[2025-08-01T03:46:32.189+0000] GC(1080) Pause Young (Allocation Failure)
[2025-08-01T03:46:32.260+0000] GC(1080) PSYoungGen: 755680K(931840K)->338848K(931840K) Eden: 465920K(465920K)->0K(465920K) From: 289760K(465920K)->338848K(465920K)
[2025-08-01T03:46:32.260+0000] GC(1080) ParOldGen: 1349475K(2796544K)->1405731K(2796544K)
[2025-08-01T03:46:32.260+0000] GC(1080) Metaspace: 10662K(10880K)->10662K(10880K) NonClass: 9396K(9536K)->9396K(9536K) Class: 1265K(1344K)->1265K(1344K)
[2025-08-01T03:46:32.260+0000] GC(1080) Pause Young (Allocation Failure) 2055M->1703M(3641M) 71.439ms
[2025-08-01T03:46:32.260+0000] GC(1080) User=0.53s Sys=0.00s Real=0.07s
[2025-08-01T03:46:32.358+0000] GC(1081) Pause Young (Allocation Failure)
[2025-08-01T03:46:32.551+0000] GC(1081) PSYoungGen: 804768K(931840K)->465920K(931840K) Eden: 465920K(465920K)->0K(465920K) From: 338848K(465920K)->465920K(465920K)
[2025-08-01T03:46:32.551+0000] GC(1081) ParOldGen: 1405731K(2796544K)->1770483K(2796544K)
[2025-08-01T03:46:32.551+0000] GC(1081) Metaspace: 10662K(10880K)->10662K(10880K) NonClass: 9396K(9536K)->9396K(9536K) Class: 1265K(1344K)->1265K(1344K)
[2025-08-01T03:46:32.551+0000] GC(1081) Pause Young (Allocation Failure) 2158M->2183M(3641M) 192.526ms
[2025-08-01T03:46:32.551+0000] GC(1081) User=1.32s Sys=0.09s Real=0.19s
[2025-08-01T03:46:32.692+0000] GC(1082) Pause Young (Allocation Failure)
[2025-08-01T03:46:32.891+0000] GC(1082) PSYoungGen: 931840K(931840K)->465920K(931840K) Eden: 465920K(465920K)->0K(465920K) From: 465920K(465920K)->465920K(465920K)
[2025-08-01T03:46:32.891+0000] GC(1082) ParOldGen: 1770483K(2796544K)->2267979K(2796544K)
[2025-08-01T03:46:32.891+0000] GC(1082) Metaspace: 10662K(10880K)->10662K(10880K) NonClass: 9396K(9536K)->9396K(9536K) Class: 1265K(1344K)->1265K(1344K)
[2025-08-01T03:46:32.891+0000] GC(1082) Pause Young (Allocation Failure) 2638M->2669M(3641M) 199.118ms
[2025-08-01T03:46:32.891+0000] GC(1082) User=1.29s Sys=0.13s Real=0.20s
[2025-08-01T03:46:32.982+0000] GC(1083) Pause Full (Ergonomics)
[2025-08-01T03:46:32.983+0000] GC(1083) Marking Phase
[2025-08-01T03:46:33.087+0000] GC(1083) Marking Phase 104.263ms
[2025-08-01T03:46:33.087+0000] GC(1083) Summary Phase
[2025-08-01T03:46:33.087+0000] GC(1083) Summary Phase 0.112ms
[2025-08-01T03:46:33.087+0000] GC(1083) Adjust Roots
[2025-08-01T03:46:33.089+0000] GC(1083) Adjust Roots 2.145ms
[2025-08-01T03:46:33.089+0000] GC(1083) Compaction Phase
[2025-08-01T03:46:33.230+0000] GC(1083) Compaction Phase 140.342ms
[2025-08-01T03:46:33.230+0000] GC(1083) Post Compact
[2025-08-01T03:46:33.247+0000] GC(1083) Post Compact 17.622ms
[2025-08-01T03:46:33.247+0000] GC(1083) PSYoungGen: 931840K(931840K)->0K(931840K) Eden: 465920K(465920K)->0K(465920K) From: 465920K(465920K)->0K(465920K)
[2025-08-01T03:46:33.247+0000] GC(1083) ParOldGen: 2267979K(2796544K)->897233K(2796544K)
[2025-08-01T03:46:33.247+0000] GC(1083) Metaspace: 10662K(10880K)->10662K(10880K) NonClass: 9396K(9536K)->9396K(9536K) Class: 1265K(1344K)->1265K(1344K)
[2025-08-01T03:46:33.247+0000] GC(1083) Pause Full (Ergonomics) 3124M->876M(3641M) 264.898ms
[2025-08-01T03:46:33.247+0000] GC(1083) User=1.86s Sys=0.05s Real=0.27s
[2025-08-01T03:46:33.342+0000] GC(1084) Pause Young (Allocation Failure)
[2025-08-01T03:46:33.440+0000] GC(1084) PSYoungGen: 465920K(931840K)->350720K(931840K) Eden: 465920K(465920K)->0K(465920K) From: 0K(465920K)->350720K(465920K)
[2025-08-01T03:46:33.440+0000] GC(1084) ParOldGen: 897233K(2796544K)->897233K(2796544K)
[2025-08-01T03:46:33.440+0000] GC(1084) Metaspace: 10662K(10880K)->10662K(10880K) NonClass: 9396K(9536K)->9396K(9536K) Class: 1265K(1344K)->1265K(1344K)
[2025-08-01T03:46:33.440+0000] GC(1084) Pause Young (Allocation Failure) 1331M->1218M(3641M) 97.857ms
[2025-08-01T03:46:33.440+0000] GC(1084) User=0.69s Sys=0.06s Real=0.10s
[2025-08-01T03:46:33.534+0000] GC(1085) Pause Young (Allocation Failure)
[2025-08-01T03:46:33.694+0000] GC(1085) PSYoungGen: 816640K(931840K)->465920K(931840K) Eden: 465920K(465920K)->0K(465920K) From: 350720K(465920K)->465920K(465920K)
[2025-08-01T03:46:33.694+0000] GC(1085) ParOldGen: 897233K(2796544K)->1272161K(2796544K)
[2025-08-01T03:46:33.694+0000] GC(1085) Metaspace: 10662K(10880K)->10662K(10880K) NonClass: 9396K(9536K)->9396K(9536K) Class: 1265K(1344K)->1265K(1344K)
[2025-08-01T03:46:33.694+0000] GC(1085) Pause Young (Allocation Failure) 1673M->1697M(3641M) 160.064ms
[2025-08-01T03:46:33.694+0000] GC(1085) User=1.21s Sys=0.04s Real=0.16s
[2025-08-01T03:46:33.786+0000] GC(1086) Pause Young (Allocation Failure)
[2025-08-01T03:46:33.943+0000] GC(1086) PSYoungGen: 931840K(931840K)->465920K(931840K) Eden: 465920K(465920K)->0K(465920K) From: 465920K(465920K)->465920K(465920K)
[2025-08-01T03:46:33.943+0000] GC(1086) ParOldGen: 1272161K(2796544K)->1773961K(2796544K)
[2025-08-01T03:46:33.943+0000] GC(1086) Metaspace: 10662K(10880K)->10662K(10880K) NonClass: 9396K(9536K)->9396K(9536K) Class: 1265K(1344K)->1265K(1344K)
[2025-08-01T03:46:33.943+0000] GC(1086) Pause Young (Allocation Failure) 2152M->2187M(3641M) 157.432ms
[2025-08-01T03:46:33.943+0000] GC(1086) User=1.18s Sys=0.03s Real=0.16s
[2025-08-01T03:46:34.086+0000] GC(1087) Pause Young (Allocation Failure)
[2025-08-01T03:46:34.171+0000] GC(1087) PSYoungGen: 931840K(931840K)->130432K(931840K) Eden: 465920K(465920K)->0K(465920K) From: 465920K(465920K)->130432K(465920K)
[2025-08-01T03:46:34.171+0000] GC(1087) ParOldGen: 1773961K(2796544K)->1891033K(2796544K)
[2025-08-01T03:46:34.171+0000] GC(1087) Metaspace: 10662K(10880K)->10662K(10880K) NonClass: 9396K(9536K)->9396K(9536K) Class: 1265K(1344K)->1265K(1344K)
[2025-08-01T03:46:34.171+0000] GC(1087) Pause Young (Allocation Failure) 2642M->1974M(3641M) 85.716ms
[2025-08-01T03:46:34.171+0000] GC(1087) User=0.53s Sys=0.06s Real=0.08s
[2025-08-01T03:46:34.269+0000] GC(1088) Pause Young (Allocation Failure)
[2025-08-01T03:46:34.383+0000] GC(1088) PSYoungGen: 596352K(931840K)->391968K(931840K) Eden: 465920K(465920K)->0K(465920K) From: 130432K(465920K)->391968K(465920K)
[2025-08-01T03:46:34.383+0000] GC(1088) ParOldGen: 1891033K(2796544K)->1913393K(2796544K)
[2025-08-01T03:46:34.383+0000] GC(1088) Metaspace: 10662K(10880K)->10662K(10880K) NonClass: 9396K(9536K)->9396K(9536K) Class: 1265K(1344K)->1265K(1344K)
[2025-08-01T03:46:34.383+0000] GC(1088) Pause Young (Allocation Failure) 2429M->2251M(3641M) 114.469ms
[2025-08-01T03:46:34.383+0000] GC(1088) User=0.84s Sys=0.03s Real=0.12s
[2025-08-01T03:46:34.484+0000] GC(1089) Pause Young (Allocation Failure)
[2025-08-01T03:46:34.704+0000] GC(1089) PSYoungGen: 857888K(931840K)->465920K(931840K) Eden: 465920K(465920K)->0K(465920K) From: 391968K(465920K)->465920K(465920K)
[2025-08-01T03:46:34.704+0000] GC(1089) ParOldGen: 1913393K(2796544K)->2332697K(2796544K)
[2025-08-01T03:46:34.704+0000] GC(1089) Metaspace: 10662K(10880K)->10662K(10880K) NonClass: 9396K(9536K)->9396K(9536K) Class: 1265K(1344K)->1265K(1344K)
[2025-08-01T03:46:34.704+0000] GC(1089) Pause Young (Allocation Failure) 2706M->2733M(3641M) 219.846ms
[2025-08-01T03:46:34.704+0000] GC(1089) User=1.64s Sys=0.06s Real=0.22s
[2025-08-01T03:46:34.797+0000] GC(1090) Pause Full (Ergonomics)
[2025-08-01T03:46:34.797+0000] GC(1090) Marking Phase
[2025-08-01T03:46:34.961+0000] GC(1090) Marking Phase 164.347ms
[2025-08-01T03:46:34.961+0000] GC(1090) Summary Phase
[2025-08-01T03:46:34.962+0000] GC(1090) Summary Phase 0.092ms
[2025-08-01T03:46:34.962+0000] GC(1090) Adjust Roots
[2025-08-01T03:46:34.963+0000] GC(1090) Adjust Roots 1.446ms
[2025-08-01T03:46:34.963+0000] GC(1090) Compaction Phase
[2025-08-01T03:46:35.167+0000] GC(1090) Compaction Phase 204.141ms
[2025-08-01T03:46:35.167+0000] GC(1090) Post Compact
[2025-08-01T03:46:35.189+0000] GC(1090) Post Compact 21.556ms
[2025-08-01T03:46:35.189+0000] GC(1090) PSYoungGen: 931840K(931840K)->0K(931840K) Eden: 465920K(465920K)->0K(465920K) From: 465920K(465920K)->0K(465920K)
[2025-08-01T03:46:35.189+0000] GC(1090) ParOldGen: 2332697K(2796544K)->1376182K(2796544K)
[2025-08-01T03:46:35.189+0000] GC(1090) Metaspace: 10662K(10880K)->10662K(10880K) NonClass: 9396K(9536K)->9396K(9536K) Class: 1265K(1344K)->1265K(1344K)
[2025-08-01T03:46:35.189+0000] GC(1090) Pause Full (Ergonomics) 3188M->1343M(3641M) 391.939ms
[2025-08-01T03:46:35.189+0000] GC(1090) User=2.86s Sys=0.04s Real=0.39s
[2025-08-01T03:46:35.336+0000] GC(1091) Pause Young (Allocation Failure)
[2025-08-01T03:46:35.385+0000] GC(1091) PSYoungGen: 465920K(931840K)->137344K(931840K) Eden: 465920K(465920K)->0K(465920K) From: 0K(465920K)->137344K(465920K)
[2025-08-01T03:46:35.385+0000] GC(1091) ParOldGen: 1376182K(2796544K)->1376182K(2796544K)
[2025-08-01T03:46:35.385+0000] GC(1091) Metaspace: 10662K(10880K)->10662K(10880K) NonClass: 9396K(9536K)->9396K(9536K) Class: 1265K(1344K)->1265K(1344K)
[2025-08-01T03:46:35.385+0000] GC(1091) Pause Young (Allocation Failure) 1798M->1478M(3641M) 49.301ms
[2025-08-01T03:46:35.385+0000] GC(1091) User=0.32s Sys=0.03s Real=0.05s
[2025-08-01T03:46:35.478+0000] GC(1092) Pause Young (Allocation Failure)
[2025-08-01T03:46:35.577+0000] GC(1092) PSYoungGen: 603264K(931840K)->417504K(931840K) Eden: 465920K(465920K)->0K(465920K) From: 137344K(465920K)->417504K(465920K)
[2025-08-01T03:46:35.578+0000] GC(1092) ParOldGen: 1376182K(2796544K)->1379502K(2796544K)
[2025-08-01T03:46:35.578+0000] GC(1092) Metaspace: 10662K(10880K)->10662K(10880K) NonClass: 9396K(9536K)->9396K(9536K) Class: 1265K(1344K)->1265K(1344K)
[2025-08-01T03:46:35.578+0000] GC(1092) Pause Young (Allocation Failure) 1933M->1754M(3641M) 99.566ms
[2025-08-01T03:46:35.578+0000] GC(1092) User=0.72s Sys=0.04s Real=0.10s
[2025-08-01T03:46:35.669+0000] GC(1093) Pause Young (Allocation Failure)
[2025-08-01T03:46:35.886+0000] GC(1093) PSYoungGen: 883424K(931840K)->465920K(931840K) Eden: 465920K(465920K)->0K(465920K) From: 417504K(465920K)->465920K(465920K)
[2025-08-01T03:46:35.886+0000] GC(1093) ParOldGen: 1379502K(2796544K)->1828134K(2796544K)
[2025-08-01T03:46:35.886+0000] GC(1093) Metaspace: 10662K(10880K)->10662K(10880K) NonClass: 9396K(9536K)->9396K(9536K) Class: 1265K(1344K)->1265K(1344K)
[2025-08-01T03:46:35.886+0000] GC(1093) Pause Young (Allocation Failure) 2209M->2240M(3641M) 217.293ms
[2025-08-01T03:46:35.886+0000] GC(1093) User=1.66s Sys=0.04s Real=0.22s
[2025-08-01T03:46:35.975+0000] GC(1094) Pause Young (Allocation Failure)
[2025-08-01T03:46:36.151+0000] GC(1094) PSYoungGen: 931840K(931840K)->465920K(931840K) Eden: 465920K(465920K)->0K(465920K) From: 465920K(465920K)->465920K(465920K)
[2025-08-01T03:46:36.151+0000] GC(1094) ParOldGen: 1828134K(2796544K)->2324014K(2796544K)
[2025-08-01T03:46:36.151+0000] GC(1094) Metaspace: 10662K(10880K)->10662K(10880K) NonClass: 9396K(9536K)->9396K(9536K) Class: 1265K(1344K)->1265K(1344K)
[2025-08-01T03:46:36.151+0000] GC(1094) Pause Young (Allocation Failure) 2695M->2724M(3641M) 175.949ms
[2025-08-01T03:46:36.151+0000] GC(1094) User=1.24s Sys=0.06s Real=0.17s
[2025-08-01T03:46:36.246+0000] GC(1095) Pause Full (Ergonomics)
[2025-08-01T03:46:36.246+0000] GC(1095) Marking Phase
[2025-08-01T03:46:36.453+0000] GC(1095) Marking Phase 207.231ms
[2025-08-01T03:46:36.453+0000] GC(1095) Summary Phase
[2025-08-01T03:46:36.453+0000] GC(1095) Summary Phase 0.103ms
[2025-08-01T03:46:36.453+0000] GC(1095) Adjust Roots
[2025-08-01T03:46:36.456+0000] GC(1095) Adjust Roots 2.520ms
[2025-08-01T03:46:36.456+0000] GC(1095) Compaction Phase
[2025-08-01T03:46:36.731+0000] GC(1095) Compaction Phase 274.821ms
[2025-08-01T03:46:36.731+0000] GC(1095) Post Compact
[2025-08-01T03:46:36.752+0000] GC(1095) Post Compact 20.752ms
[2025-08-01T03:46:36.752+0000] GC(1095) PSYoungGen: 931840K(931840K)->0K(931840K) Eden: 465920K(465920K)->0K(465920K) From: 465920K(465920K)->0K(465920K)
[2025-08-01T03:46:36.752+0000] GC(1095) ParOldGen: 2324014K(2796544K)->1848600K(2796544K)
[2025-08-01T03:46:36.752+0000] GC(1095) Metaspace: 10662K(10880K)->10662K(10880K) NonClass: 9396K(9536K)->9396K(9536K) Class: 1265K(1344K)->1265K(1344K)
[2025-08-01T03:46:36.752+0000] GC(1095) Pause Full (Ergonomics) 3179M->1805M(3641M) 505.929ms
[2025-08-01T03:46:36.752+0000] GC(1095) User=3.76s Sys=0.06s Real=0.50s
[2025-08-01T03:46:36.900+0000] GC(1096) Pause Young (Allocation Failure)
[2025-08-01T03:46:37.020+0000] GC(1096) PSYoungGen: 465920K(931840K)->429600K(931840K) Eden: 465920K(465920K)->0K(465920K) From: 0K(465920K)->429600K(465920K)
[2025-08-01T03:46:37.020+0000] GC(1096) ParOldGen: 1848600K(2796544K)->1848600K(2796544K)
[2025-08-01T03:46:37.020+0000] GC(1096) Metaspace: 10662K(10880K)->10662K(10880K) NonClass: 9396K(9536K)->9396K(9536K) Class: 1265K(1344K)->1265K(1344K)
[2025-08-01T03:46:37.020+0000] GC(1096) Pause Young (Allocation Failure) 2260M->2224M(3641M) 119.671ms
[2025-08-01T03:46:37.020+0000] GC(1096) User=0.85s Sys=0.06s Real=0.12s
[2025-08-01T03:46:37.113+0000] GC(1097) Pause Young (Allocation Failure)
[2025-08-01T03:46:37.309+0000] GC(1097) PSYoungGen: 895520K(931840K)->465920K(931840K) Eden: 465920K(465920K)->0K(465920K) From: 429600K(465920K)->465920K(465920K)
[2025-08-01T03:46:37.309+0000] GC(1097) ParOldGen: 1848600K(2796544K)->2312680K(2796544K)
[2025-08-01T03:46:37.309+0000] GC(1097) Metaspace: 10662K(10880K)->10662K(10880K) NonClass: 9396K(9536K)->9396K(9536K) Class: 1265K(1344K)->1265K(1344K)
[2025-08-01T03:46:37.309+0000] GC(1097) Pause Young (Allocation Failure) 2679M->2713M(3641M) 196.555ms
[2025-08-01T03:46:37.309+0000] GC(1097) User=1.40s Sys=0.07s Real=0.20s
[2025-08-01T03:46:37.399+0000] GC(1098) Pause Full (Ergonomics)
[2025-08-01T03:46:37.399+0000] GC(1098) Marking Phase
[2025-08-01T03:46:37.546+0000] GC(1098) Marking Phase 146.287ms
[2025-08-01T03:46:37.546+0000] GC(1098) Summary Phase
[2025-08-01T03:46:37.546+0000] GC(1098) Summary Phase 0.259ms
[2025-08-01T03:46:37.546+0000] GC(1098) Adjust Roots
[2025-08-01T03:46:37.548+0000] GC(1098) Adjust Roots 1.847ms
[2025-08-01T03:46:37.548+0000] GC(1098) Compaction Phase
[2025-08-01T03:46:37.773+0000] GC(1098) Compaction Phase 225.151ms
[2025-08-01T03:46:37.773+0000] GC(1098) Post Compact
[2025-08-01T03:46:37.795+0000] GC(1098) Post Compact 21.516ms
[2025-08-01T03:46:37.795+0000] GC(1098) PSYoungGen: 931840K(931840K)->0K(931840K) Eden: 465920K(465920K)->0K(465920K) From: 465920K(465920K)->0K(465920K)
[2025-08-01T03:46:37.795+0000] GC(1098) ParOldGen: 2312680K(2796544K)->1395536K(2796544K)
[2025-08-01T03:46:37.795+0000] GC(1098) Metaspace: 10662K(10880K)->10662K(10880K) NonClass: 9396K(9536K)->9396K(9536K) Class: 1265K(1344K)->1265K(1344K)
[2025-08-01T03:46:37.795+0000] GC(1098) Pause Full (Ergonomics) 3168M->1362M(3641M) 395.455ms
[2025-08-01T03:46:37.795+0000] GC(1098) User=2.84s Sys=0.07s Real=0.40s
[2025-08-01T03:46:37.892+0000] GC(1099) Pause Young (Allocation Failure)
[2025-08-01T03:46:37.975+0000] GC(1099) PSYoungGen: 465920K(931840K)->372672K(931840K) Eden: 465920K(465920K)->0K(465920K) From: 0K(465920K)->372672K(465920K)
[2025-08-01T03:46:37.975+0000] GC(1099) ParOldGen: 1395536K(2796544K)->1395536K(2796544K)
[2025-08-01T03:46:37.975+0000] GC(1099) Metaspace: 10662K(10880K)->10662K(10880K) NonClass: 9396K(9536K)->9396K(9536K) Class: 1265K(1344K)->1265K(1344K)
[2025-08-01T03:46:37.975+0000] GC(1099) Pause Young (Allocation Failure) 1817M->1726M(3641M) 83.270ms
[2025-08-01T03:46:37.975+0000] GC(1099) User=0.57s Sys=0.04s Real=0.09s
[2025-08-01T03:46:38.066+0000] GC(1100) Pause Young (Allocation Failure)
[2025-08-01T03:46:38.172+0000] GC(1100) PSYoungGen: 838592K(931840K)->439296K(931840K) Eden: 465920K(465920K)->0K(465920K) From: 372672K(465920K)->439296K(465920K)
[2025-08-01T03:46:38.172+0000] GC(1100) ParOldGen: 1395536K(2796544K)->1395584K(2796544K)
[2025-08-01T03:46:38.172+0000] GC(1100) Metaspace: 10662K(10880K)->10662K(10880K) NonClass: 9396K(9536K)->9396K(9536K) Class: 1265K(1344K)->1265K(1344K)
[2025-08-01T03:46:38.172+0000] GC(1100) Pause Young (Allocation Failure) 2181M->1791M(3641M) 106.494ms
[2025-08-01T03:46:38.172+0000] GC(1100) User=0.72s Sys=0.08s Real=0.10s
[2025-08-01T03:46:38.258+0000] GC(1101) Pause Young (Allocation Failure)
[2025-08-01T03:46:38.438+0000] GC(1101) PSYoungGen: 905216K(931840K)->465920K(931840K) Eden: 465920K(465920K)->0K(465920K) From: 439296K(465920K)->465920K(465920K)
[2025-08-01T03:46:38.438+0000] GC(1101) ParOldGen: 1395584K(2796544K)->1870904K(2796544K)
[2025-08-01T03:46:38.438+0000] GC(1101) Metaspace: 10662K(10880K)->10662K(10880K) NonClass: 9396K(9536K)->9396K(9536K) Class: 1265K(1344K)->1265K(1344K)
[2025-08-01T03:46:38.438+0000] GC(1101) Pause Young (Allocation Failure) 2246M->2282M(3641M) 180.225ms
[2025-08-01T03:46:38.438+0000] GC(1101) User=1.32s Sys=0.06s Real=0.18s
[2025-08-01T03:46:38.523+0000] GC(1102) Pause Young (Allocation Failure)
[2025-08-01T03:46:38.753+0000] GC(1102) PSYoungGen: 931840K(931840K)->465920K(931840K) Eden: 465920K(465920K)->0K(465920K) From: 465920K(465920K)->465920K(465920K)
[2025-08-01T03:46:38.753+0000] GC(1102) ParOldGen: 1870904K(2796544K)->2371128K(2796544K)
[2025-08-01T03:46:38.753+0000] GC(1102) Metaspace: 10662K(10880K)->10662K(10880K) NonClass: 9396K(9536K)->9396K(9536K) Class: 1265K(1344K)->1265K(1344K)
[2025-08-01T03:46:38.753+0000] GC(1102) Pause Young (Allocation Failure) 2737M->2770M(3641M) 229.839ms
[2025-08-01T03:46:38.753+0000] GC(1102) User=1.77s Sys=0.05s Real=0.23s
[2025-08-01T03:46:38.845+0000] GC(1103) Pause Full (Ergonomics)
[2025-08-01T03:46:38.845+0000] GC(1103) Marking Phase
[2025-08-01T03:46:39.004+0000] GC(1103) Marking Phase 159.519ms
[2025-08-01T03:46:39.005+0000] GC(1103) Summary Phase
[2025-08-01T03:46:39.005+0000] GC(1103) Summary Phase 0.158ms
[2025-08-01T03:46:39.005+0000] GC(1103) Adjust Roots
[2025-08-01T03:46:39.006+0000] GC(1103) Adjust Roots 1.791ms
[2025-08-01T03:46:39.007+0000] GC(1103) Compaction Phase
[2025-08-01T03:46:39.231+0000] GC(1103) Compaction Phase 224.590ms
[2025-08-01T03:46:39.231+0000] GC(1103) Post Compact
[2025-08-01T03:46:39.250+0000] GC(1103) Post Compact 18.622ms
[2025-08-01T03:46:39.250+0000] GC(1103) PSYoungGen: 931840K(931840K)->0K(931840K) Eden: 465920K(465920K)->0K(465920K) From: 465920K(465920K)->0K(465920K)
[2025-08-01T03:46:39.250+0000] GC(1103) ParOldGen: 2371128K(2796544K)->1405579K(2796544K)
[2025-08-01T03:46:39.250+0000] GC(1103) Metaspace: 10662K(10880K)->10662K(10880K) NonClass: 9396K(9536K)->9396K(9536K) Class: 1265K(1344K)->1265K(1344K)
[2025-08-01T03:46:39.250+0000] GC(1103) Pause Full (Ergonomics) 3225M->1372M(3641M) 405.093ms
[2025-08-01T03:46:39.250+0000] GC(1103) User=2.93s Sys=0.07s Real=0.40s
[2025-08-01T03:46:39.345+0000] GC(1104) Pause Young (Allocation Failure)
[2025-08-01T03:46:39.424+0000] GC(1104) PSYoungGen: 465920K(931840K)->404832K(931840K) Eden: 465920K(465920K)->0K(465920K) From: 0K(465920K)->404832K(465920K)
[2025-08-01T03:46:39.424+0000] GC(1104) ParOldGen: 1405579K(2796544K)->1405579K(2796544K)
[2025-08-01T03:46:39.424+0000] GC(1104) Metaspace: 10662K(10880K)->10662K(10880K) NonClass: 9396K(9536K)->9396K(9536K) Class: 1265K(1344K)->1265K(1344K)
[2025-08-01T03:46:39.424+0000] GC(1104) Pause Young (Allocation Failure) 1827M->1767M(3641M) 79.585ms
[2025-08-01T03:46:39.424+0000] GC(1104) User=0.55s Sys=0.02s Real=0.08s
[2025-08-01T03:46:39.508+0000] GC(1105) Pause Young (Allocation Failure)
[2025-08-01T03:46:39.668+0000] GC(1105) PSYoungGen: 870752K(931840K)->465920K(931840K) Eden: 465920K(465920K)->0K(465920K) From: 404832K(465920K)->465920K(465920K)
[2025-08-01T03:46:39.668+0000] GC(1105) ParOldGen: 1405579K(2796544K)->1840763K(2796544K)
[2025-08-01T03:46:39.668+0000] GC(1105) Metaspace: 10662K(10880K)->10662K(10880K) NonClass: 9396K(9536K)->9396K(9536K) Class: 1265K(1344K)->1265K(1344K)
[2025-08-01T03:46:39.668+0000] GC(1105) Pause Young (Allocation Failure) 2222M->2252M(3641M) 159.976ms
[2025-08-01T03:46:39.668+0000] GC(1105) User=1.23s Sys=0.02s Real=0.16s
[2025-08-01T03:46:39.756+0000] GC(1106) Pause Young (Allocation Failure)
[2025-08-01T03:46:39.921+0000] GC(1106) PSYoungGen: 931840K(931840K)->465920K(931840K) Eden: 465920K(465920K)->0K(465920K) From: 465920K(465920K)->465920K(465920K)
[2025-08-01T03:46:39.922+0000] GC(1106) ParOldGen: 1840763K(2796544K)->2344035K(2796544K)
[2025-08-01T03:46:39.922+0000] GC(1106) Metaspace: 10662K(10880K)->10662K(10880K) NonClass: 9396K(9536K)->9396K(9536K) Class: 1265K(1344K)->1265K(1344K)
[2025-08-01T03:46:39.922+0000] GC(1106) Pause Young (Allocation Failure) 2707M->2744M(3641M) 165.444ms
[2025-08-01T03:46:39.922+0000] GC(1106) User=1.25s Sys=0.04s Real=0.16s
[2025-08-01T03:46:40.012+0000] GC(1107) Pause Full (Ergonomics)
[2025-08-01T03:46:40.012+0000] GC(1107) Marking Phase
[2025-08-01T03:46:40.162+0000] GC(1107) Marking Phase 150.533ms
[2025-08-01T03:46:40.162+0000] GC(1107) Summary Phase
[2025-08-01T03:46:40.163+0000] GC(1107) Summary Phase 0.198ms
[2025-08-01T03:46:40.163+0000] GC(1107) Adjust Roots
[2025-08-01T03:46:40.165+0000] GC(1107) Adjust Roots 1.902ms
[2025-08-01T03:46:40.165+0000] GC(1107) Compaction Phase
[2025-08-01T03:46:40.387+0000] GC(1107) Compaction Phase 222.315ms
[2025-08-01T03:46:40.387+0000] GC(1107) Post Compact
[2025-08-01T03:46:40.407+0000] GC(1107) Post Compact 20.255ms
[2025-08-01T03:46:40.407+0000] GC(1107) PSYoungGen: 931840K(931840K)->0K(931840K) Eden: 465920K(465920K)->0K(465920K) From: 465920K(465920K)->0K(465920K)
[2025-08-01T03:46:40.407+0000] GC(1107) ParOldGen: 2344035K(2796544K)->1417514K(2796544K)
[2025-08-01T03:46:40.407+0000] GC(1107) Metaspace: 10662K(10880K)->10662K(10880K) NonClass: 9396K(9536K)->9396K(9536K) Class: 1265K(1344K)->1265K(1344K)
[2025-08-01T03:46:40.407+0000] GC(1107) Pause Full (Ergonomics) 3199M->1384M(3641M) 395.648ms
[2025-08-01T03:46:40.407+0000] GC(1107) User=2.85s Sys=0.06s Real=0.40s
[2025-08-01T03:46:40.499+0000] GC(1108) Pause Young (Allocation Failure)
[2025-08-01T03:46:40.611+0000] GC(1108) PSYoungGen: 465920K(931840K)->403424K(931840K) Eden: 465920K(465920K)->0K(465920K) From: 0K(465920K)->403424K(465920K)
[2025-08-01T03:46:40.611+0000] GC(1108) ParOldGen: 1417514K(2796544K)->1417514K(2796544K)
[2025-08-01T03:46:40.611+0000] GC(1108) Metaspace: 10662K(10880K)->10662K(10880K) NonClass: 9396K(9536K)->9396K(9536K) Class: 1265K(1344K)->1265K(1344K)
[2025-08-01T03:46:40.611+0000] GC(1108) Pause Young (Allocation Failure) 1839M->1778M(3641M) 111.922ms
[2025-08-01T03:46:40.611+0000] GC(1108) User=0.83s Sys=0.05s Real=0.11s
[2025-08-01T03:46:40.696+0000] GC(1109) Pause Young (Allocation Failure)
[2025-08-01T03:46:40.872+0000] GC(1109) PSYoungGen: 869344K(931840K)->465920K(931840K) Eden: 465920K(465920K)->0K(465920K) From: 403424K(465920K)->465920K(465920K)
[2025-08-01T03:46:40.872+0000] GC(1109) ParOldGen: 1417514K(2796544K)->1849978K(2796544K)
[2025-08-01T03:46:40.872+0000] GC(1109) Metaspace: 10662K(10880K)->10662K(10880K) NonClass: 9396K(9536K)->9396K(9536K) Class: 1265K(1344K)->1265K(1344K)
[2025-08-01T03:46:40.872+0000] GC(1109) Pause Young (Allocation Failure) 2233M->2261M(3641M) 176.327ms
[2025-08-01T03:46:40.872+0000] GC(1109) User=1.30s Sys=0.06s Real=0.17s
[2025-08-01T03:46:40.963+0000] GC(1110) Pause Young (Allocation Failure)
[2025-08-01T03:46:41.159+0000] GC(1110) PSYoungGen: 931840K(931840K)->465920K(931840K) Eden: 465920K(465920K)->0K(465920K) From: 465920K(465920K)->465920K(465920K)
[2025-08-01T03:46:41.159+0000] GC(1110) ParOldGen: 1849978K(2796544K)->2352626K(2796544K)
[2025-08-01T03:46:41.159+0000] GC(1110) Metaspace: 10662K(10880K)->10662K(10880K) NonClass: 9396K(9536K)->9396K(9536K) Class: 1265K(1344K)->1265K(1344K)
[2025-08-01T03:46:41.160+0000] GC(1110) Pause Young (Allocation Failure) 2716M->2752M(3641M) 196.886ms
[2025-08-01T03:46:41.160+0000] GC(1110) User=1.45s Sys=0.05s Real=0.20s
[2025-08-01T03:46:41.246+0000] GC(1111) Pause Full (Ergonomics)
[2025-08-01T03:46:41.246+0000] GC(1111) Marking Phase
[2025-08-01T03:46:41.318+0000] GC(1111) Marking Phase 71.395ms
[2025-08-01T03:46:41.318+0000] GC(1111) Summary Phase
[2025-08-01T03:46:41.318+0000] GC(1111) Summary Phase 0.150ms
[2025-08-01T03:46:41.318+0000] GC(1111) Adjust Roots
[2025-08-01T03:46:41.320+0000] GC(1111) Adjust Roots 1.766ms
[2025-08-01T03:46:41.320+0000] GC(1111) Compaction Phase
[2025-08-01T03:46:41.469+0000] GC(1111) Compaction Phase 148.813ms
[2025-08-01T03:46:41.469+0000] GC(1111) Post Compact
[2025-08-01T03:46:41.490+0000] GC(1111) Post Compact 21.109ms
[2025-08-01T03:46:41.490+0000] GC(1111) PSYoungGen: 931840K(931840K)->0K(931840K) Eden: 465920K(465920K)->0K(465920K) From: 465920K(465920K)->0K(465920K)
[2025-08-01T03:46:41.490+0000] GC(1111) ParOldGen: 2352626K(2796544K)->958647K(2796544K)
[2025-08-01T03:46:41.490+0000] GC(1111) Metaspace: 10662K(10880K)->10662K(10880K) NonClass: 9396K(9536K)->9396K(9536K) Class: 1265K(1344K)->1265K(1344K)
[2025-08-01T03:46:41.490+0000] GC(1111) Pause Full (Ergonomics) 3207M->936M(3641M) 243.748ms
[2025-08-01T03:46:41.490+0000] GC(1111) User=1.68s Sys=0.03s Real=0.24s
[2025-08-01T03:46:41.581+0000] GC(1112) Pause Young (Allocation Failure)
[2025-08-01T03:46:41.729+0000] GC(1112) PSYoungGen: 465920K(931840K)->416576K(931840K) Eden: 465920K(465920K)->0K(465920K) From: 0K(465920K)->416576K(465920K)
[2025-08-01T03:46:41.729+0000] GC(1112) ParOldGen: 958647K(2796544K)->958647K(2796544K)
[2025-08-01T03:46:41.729+0000] GC(1112) Metaspace: 10662K(10880K)->10662K(10880K) NonClass: 9396K(9536K)->9396K(9536K) Class: 1265K(1344K)->1265K(1344K)
[2025-08-01T03:46:41.729+0000] GC(1112) Pause Young (Allocation Failure) 1391M->1342M(3641M) 148.282ms
[2025-08-01T03:46:41.729+0000] GC(1112) User=1.01s Sys=0.05s Real=0.15s
[2025-08-01T03:46:41.815+0000] GC(1113) Pause Young (Allocation Failure)
[2025-08-01T03:46:41.977+0000] GC(1113) PSYoungGen: 882496K(931840K)->465920K(931840K) Eden: 465920K(465920K)->0K(465920K) From: 416576K(465920K)->465920K(465920K)
[2025-08-01T03:46:41.977+0000] GC(1113) ParOldGen: 958647K(2796544K)->1407351K(2796544K)
[2025-08-01T03:46:41.977+0000] GC(1113) Metaspace: 10662K(10880K)->10662K(10880K) NonClass: 9396K(9536K)->9396K(9536K) Class: 1265K(1344K)->1265K(1344K)
[2025-08-01T03:46:41.977+0000] GC(1113) Pause Young (Allocation Failure) 1797M->1829M(3641M) 162.048ms
[2025-08-01T03:46:41.977+0000] GC(1113) User=1.22s Sys=0.04s Real=0.16s
[2025-08-01T03:46:42.062+0000] GC(1114) Pause Young (Allocation Failure)
[2025-08-01T03:46:42.217+0000] GC(1114) PSYoungGen: 931840K(931840K)->465920K(931840K) Eden: 465920K(465920K)->0K(465920K) From: 465920K(465920K)->465920K(465920K)
[2025-08-01T03:46:42.218+0000] GC(1114) ParOldGen: 1407351K(2796544K)->1908495K(2796544K)
[2025-08-01T03:46:42.218+0000] GC(1114) Metaspace: 10662K(10880K)->10662K(10880K) NonClass: 9396K(9536K)->9396K(9536K) Class: 1265K(1344K)->1265K(1344K)
[2025-08-01T03:46:42.218+0000] GC(1114) Pause Young (Allocation Failure) 2284M->2318M(3641M) 155.635ms
[2025-08-01T03:46:42.218+0000] GC(1114) User=1.19s Sys=0.01s Real=0.16s
[2025-08-01T03:46:42.301+0000] GC(1115) Pause Young (Allocation Failure)
[2025-08-01T03:46:42.396+0000] GC(1115) PSYoungGen: 931840K(931840K)->276864K(931840K) Eden: 465920K(465920K)->0K(465920K) From: 465920K(465920K)->276864K(465920K)
[2025-08-01T03:46:42.396+0000] GC(1115) ParOldGen: 1908495K(2796544K)->2172399K(2796544K)
[2025-08-01T03:46:42.396+0000] GC(1115) Metaspace: 10662K(10880K)->10662K(10880K) NonClass: 9396K(9536K)->9396K(9536K) Class: 1265K(1344K)->1265K(1344K)
[2025-08-01T03:46:42.396+0000] GC(1115) Pause Young (Allocation Failure) 2773M->2391M(3641M) 94.941ms
[2025-08-01T03:46:42.396+0000] GC(1115) User=0.71s Sys=0.03s Real=0.10s
[2025-08-01T03:46:42.484+0000] GC(1116) Pause Full (Ergonomics)
[2025-08-01T03:46:42.484+0000] GC(1116) Marking Phase
[2025-08-01T03:46:42.531+0000] GC(1116) Marking Phase 47.555ms
[2025-08-01T03:46:42.531+0000] GC(1116) Summary Phase
[2025-08-01T03:46:42.532+0000] GC(1116) Summary Phase 0.063ms
[2025-08-01T03:46:42.532+0000] GC(1116) Adjust Roots
[2025-08-01T03:46:42.534+0000] GC(1116) Adjust Roots 2.821ms
[2025-08-01T03:46:42.534+0000] GC(1116) Compaction Phase
[2025-08-01T03:46:42.616+0000] GC(1116) Compaction Phase 81.326ms
[2025-08-01T03:46:42.616+0000] GC(1116) Post Compact
[2025-08-01T03:46:42.635+0000] GC(1116) Post Compact 19.051ms
[2025-08-01T03:46:42.635+0000] GC(1116) PSYoungGen: 742784K(931840K)->0K(931840K) Eden: 465920K(465920K)->0K(465920K) From: 276864K(465920K)->0K(465920K)
[2025-08-01T03:46:42.635+0000] GC(1116) ParOldGen: 2172399K(2796544K)->510667K(2796544K)
[2025-08-01T03:46:42.635+0000] GC(1116) Metaspace: 10662K(10880K)->10662K(10880K) NonClass: 9396K(9536K)->9396K(9536K) Class: 1265K(1344K)->1265K(1344K)
[2025-08-01T03:46:42.635+0000] GC(1116) Pause Full (Ergonomics) 2846M->498M(3641M) 151.267ms
[2025-08-01T03:46:42.635+0000] GC(1116) User=0.92s Sys=0.04s Real=0.15s
[2025-08-01T03:46:42.771+0000] GC(1117) Pause Young (Allocation Failure)
[2025-08-01T03:46:42.928+0000] GC(1117) PSYoungGen: 465920K(931840K)->465920K(931840K) Eden: 465920K(465920K)->0K(465920K) From: 0K(465920K)->465920K(465920K)
[2025-08-01T03:46:42.929+0000] GC(1117) ParOldGen: 510667K(2796544K)->516763K(2796544K)
[2025-08-01T03:46:42.929+0000] GC(1117) Metaspace: 10662K(10880K)->10662K(10880K) NonClass: 9396K(9536K)->9396K(9536K) Class: 1265K(1344K)->1265K(1344K)
[2025-08-01T03:46:42.929+0000] GC(1117) Pause Young (Allocation Failure) 953M->959M(3641M) 157.243ms
[2025-08-01T03:46:42.929+0000] GC(1117) User=1.18s Sys=0.04s Real=0.16s
[2025-08-01T03:46:43.024+0000] GC(1118) Pause Young (Allocation Failure)
[2025-08-01T03:46:43.223+0000] GC(1118) PSYoungGen: 931840K(931840K)->465920K(931840K) Eden: 465920K(465920K)->0K(465920K) From: 465920K(465920K)->465920K(465920K)
[2025-08-01T03:46:43.223+0000] GC(1118) ParOldGen: 516763K(2796544K)->1018371K(2796544K)
[2025-08-01T03:46:43.223+0000] GC(1118) Metaspace: 10662K(10880K)->10662K(10880K) NonClass: 9396K(9536K)->9396K(9536K) Class: 1265K(1344K)->1265K(1344K)
[2025-08-01T03:46:43.223+0000] GC(1118) Pause Young (Allocation Failure) 1414M->1449M(3641M) 199.130ms
[2025-08-01T03:46:43.223+0000] GC(1118) User=1.53s Sys=0.04s Real=0.20s
[2025-08-01T03:46:43.317+0000] GC(1119) Pause Young (Allocation Failure)
[2025-08-01T03:46:43.448+0000] GC(1119) PSYoungGen: 931840K(931840K)->336416K(931840K) Eden: 465920K(465920K)->0K(465920K) From: 465920K(465920K)->336416K(465920K)
[2025-08-01T03:46:43.448+0000] GC(1119) ParOldGen: 1018371K(2796544K)->1259963K(2796544K)
[2025-08-01T03:46:43.448+0000] GC(1119) Metaspace: 10662K(10880K)->10662K(10880K) NonClass: 9396K(9536K)->9396K(9536K) Class: 1265K(1344K)->1265K(1344K)
[2025-08-01T03:46:43.448+0000] GC(1119) Pause Young (Allocation Failure) 1904M->1558M(3641M) 130.866ms
[2025-08-01T03:46:43.448+0000] GC(1119) User=0.99s Sys=0.05s Real=0.13s
[2025-08-01T03:46:43.541+0000] GC(1120) Pause Young (Allocation Failure)
[2025-08-01T03:46:43.640+0000] GC(1120) PSYoungGen: 802336K(931840K)->357824K(931840K) Eden: 465920K(465920K)->0K(465920K) From: 336416K(465920K)->357824K(465920K)
[2025-08-01T03:46:43.640+0000] GC(1120) ParOldGen: 1259963K(2796544K)->1391867K(2796544K)
[2025-08-01T03:46:43.640+0000] GC(1120) Metaspace: 10662K(10880K)->10662K(10880K) NonClass: 9396K(9536K)->9396K(9536K) Class: 1265K(1344K)->1265K(1344K)
[2025-08-01T03:46:43.640+0000] GC(1120) Pause Young (Allocation Failure) 2013M->1708M(3641M) 99.679ms
[2025-08-01T03:46:43.640+0000] GC(1120) User=0.68s Sys=0.04s Real=0.10s
[2025-08-01T03:46:43.777+0000] GC(1121) Pause Young (Allocation Failure)
[2025-08-01T03:46:44.048+0000] GC(1121) PSYoungGen: 823744K(931840K)->465920K(931840K) Eden: 465920K(465920K)->0K(465920K) From: 357824K(465920K)->465920K(465920K)
[2025-08-01T03:46:44.048+0000] GC(1121) ParOldGen: 1391867K(2796544K)->1776851K(2796544K)
[2025-08-01T03:46:44.048+0000] GC(1121) Metaspace: 10662K(10880K)->10662K(10880K) NonClass: 9396K(9536K)->9396K(9536K) Class: 1265K(1344K)->1265K(1344K)
[2025-08-01T03:46:44.048+0000] GC(1121) Pause Young (Allocation Failure) 2163M->2190M(3641M) 271.458ms
[2025-08-01T03:46:44.048+0000] GC(1121) User=2.06s Sys=0.06s Real=0.27s
[2025-08-01T03:46:44.143+0000] GC(1122) Pause Young (Allocation Failure)
[2025-08-01T03:46:44.325+0000] GC(1122) PSYoungGen: 931840K(931840K)->465920K(931840K) Eden: 465920K(465920K)->0K(465920K) From: 465920K(465920K)->465920K(465920K)
[2025-08-01T03:46:44.325+0000] GC(1122) ParOldGen: 1776851K(2796544K)->2280587K(2796544K)
[2025-08-01T03:46:44.325+0000] GC(1122) Metaspace: 10662K(10880K)->10662K(10880K) NonClass: 9396K(9536K)->9396K(9536K) Class: 1265K(1344K)->1265K(1344K)
[2025-08-01T03:46:44.325+0000] GC(1122) Pause Young (Allocation Failure) 2645M->2682M(3641M) 182.500ms
[2025-08-01T03:46:44.325+0000] GC(1122) User=1.40s Sys=0.04s Real=0.18s
[2025-08-01T03:46:44.418+0000] GC(1123) Pause Full (Ergonomics)
[2025-08-01T03:46:44.418+0000] GC(1123) Marking Phase
[2025-08-01T03:46:44.489+0000] GC(1123) Marking Phase 71.235ms
[2025-08-01T03:46:44.489+0000] GC(1123) Summary Phase
[2025-08-01T03:46:44.489+0000] GC(1123) Summary Phase 0.121ms
[2025-08-01T03:46:44.489+0000] GC(1123) Adjust Roots
[2025-08-01T03:46:44.491+0000] GC(1123) Adjust Roots 2.045ms
[2025-08-01T03:46:44.491+0000] GC(1123) Compaction Phase
[2025-08-01T03:46:44.649+0000] GC(1123) Compaction Phase 157.647ms
[2025-08-01T03:46:44.649+0000] GC(1123) Post Compact
[2025-08-01T03:46:44.668+0000] GC(1123) Post Compact 19.502ms
[2025-08-01T03:46:44.669+0000] GC(1123) PSYoungGen: 931840K(931840K)->0K(931840K) Eden: 465920K(465920K)->0K(465920K) From: 465920K(465920K)->0K(465920K)
[2025-08-01T03:46:44.669+0000] GC(1123) ParOldGen: 2280587K(2796544K)->987589K(2796544K)
[2025-08-01T03:46:44.669+0000] GC(1123) Metaspace: 10662K(10880K)->10662K(10880K) NonClass: 9396K(9536K)->9396K(9536K) Class: 1265K(1344K)->1265K(1344K)
[2025-08-01T03:46:44.669+0000] GC(1123) Pause Full (Ergonomics) 3137M->964M(3641M) 251.048ms
[2025-08-01T03:46:44.669+0000] GC(1123) User=1.75s Sys=0.03s Real=0.25s
[2025-08-01T03:46:44.761+0000] GC(1124) Pause Young (Allocation Failure)
[2025-08-01T03:46:44.841+0000] GC(1124) PSYoungGen: 465920K(931840K)->380576K(931840K) Eden: 465920K(465920K)->0K(465920K) From: 0K(465920K)->380576K(465920K)
[2025-08-01T03:46:44.841+0000] GC(1124) ParOldGen: 987589K(2796544K)->987589K(2796544K)
[2025-08-01T03:46:44.841+0000] GC(1124) Metaspace: 10662K(10880K)->10662K(10880K) NonClass: 9396K(9536K)->9396K(9536K) Class: 1265K(1344K)->1265K(1344K)
[2025-08-01T03:46:44.841+0000] GC(1124) Pause Young (Allocation Failure) 1419M->1336M(3641M) 80.267ms
[2025-08-01T03:46:44.841+0000] GC(1124) User=0.61s Sys=0.02s Real=0.08s
[2025-08-01T03:46:44.980+0000] GC(1125) Pause Young (Allocation Failure)
[2025-08-01T03:46:45.151+0000] GC(1125) PSYoungGen: 846496K(931840K)->465920K(931840K) Eden: 465920K(465920K)->0K(465920K) From: 380576K(465920K)->465920K(465920K)
[2025-08-01T03:46:45.151+0000] GC(1125) ParOldGen: 987589K(2796544K)->1396709K(2796544K)
[2025-08-01T03:46:45.151+0000] GC(1125) Metaspace: 10662K(10880K)->10662K(10880K) NonClass: 9396K(9536K)->9396K(9536K) Class: 1265K(1344K)->1265K(1344K)
[2025-08-01T03:46:45.151+0000] GC(1125) Pause Young (Allocation Failure) 1791M->1818M(3641M) 170.526ms
[2025-08-01T03:46:45.151+0000] GC(1125) User=1.31s Sys=0.04s Real=0.17s
[2025-08-01T03:46:45.247+0000] GC(1126) Pause Young (Allocation Failure)
[2025-08-01T03:46:45.457+0000] GC(1126) PSYoungGen: 931840K(931840K)->465920K(931840K) Eden: 465920K(465920K)->0K(465920K) From: 465920K(465920K)->465920K(465920K)
[2025-08-01T03:46:45.457+0000] GC(1126) ParOldGen: 1396709K(2796544K)->1900813K(2796544K)
[2025-08-01T03:46:45.457+0000] GC(1126) Metaspace: 10662K(10880K)->10662K(10880K) NonClass: 9396K(9536K)->9396K(9536K) Class: 1265K(1344K)->1265K(1344K)
[2025-08-01T03:46:45.458+0000] GC(1126) Pause Young (Allocation Failure) 2273M->2311M(3641M) 210.329ms
[2025-08-01T03:46:45.458+0000] GC(1126) User=1.61s Sys=0.03s Real=0.21s
[2025-08-01T03:46:45.547+0000] GC(1127) Pause Young (Allocation Failure)
[2025-08-01T03:46:45.710+0000] GC(1127) PSYoungGen: 931840K(931840K)->355200K(931840K) Eden: 465920K(465920K)->0K(465920K) From: 465920K(465920K)->355200K(465920K)
[2025-08-01T03:46:45.711+0000] GC(1127) ParOldGen: 1900813K(2796544K)->2145597K(2796544K)
[2025-08-01T03:46:45.711+0000] GC(1127) Metaspace: 10662K(10880K)->10662K(10880K) NonClass: 9396K(9536K)->9396K(9536K) Class: 1265K(1344K)->1265K(1344K)
[2025-08-01T03:46:45.711+0000] GC(1127) Pause Young (Allocation Failure) 2766M->2442M(3641M) 163.569ms
[2025-08-01T03:46:45.711+0000] GC(1127) User=1.16s Sys=0.06s Real=0.16s
[2025-08-01T03:46:45.806+0000] GC(1128) Pause Full (Ergonomics)
[2025-08-01T03:46:45.807+0000] GC(1128) Marking Phase
[2025-08-01T03:46:45.857+0000] GC(1128) Marking Phase 50.919ms
[2025-08-01T03:46:45.858+0000] GC(1128) Summary Phase
[2025-08-01T03:46:45.858+0000] GC(1128) Summary Phase 0.084ms
[2025-08-01T03:46:45.858+0000] GC(1128) Adjust Roots
[2025-08-01T03:46:45.860+0000] GC(1128) Adjust Roots 2.003ms
[2025-08-01T03:46:45.860+0000] GC(1128) Compaction Phase
[2025-08-01T03:46:45.950+0000] GC(1128) Compaction Phase 90.614ms
[2025-08-01T03:46:45.950+0000] GC(1128) Post Compact
[2025-08-01T03:46:45.971+0000] GC(1128) Post Compact 20.231ms
[2025-08-01T03:46:45.971+0000] GC(1128) PSYoungGen: 821120K(931840K)->0K(931840K) Eden: 465920K(465920K)->0K(465920K) From: 355200K(465920K)->0K(465920K)
[2025-08-01T03:46:45.971+0000] GC(1128) ParOldGen: 2145597K(2796544K)->538195K(2796544K)
[2025-08-01T03:46:45.971+0000] GC(1128) Metaspace: 10662K(10880K)->10662K(10880K) NonClass: 9396K(9536K)->9396K(9536K) Class: 1265K(1344K)->1265K(1344K)
[2025-08-01T03:46:45.971+0000] GC(1128) Pause Full (Ergonomics) 2897M->525M(3641M) 164.505ms
[2025-08-01T03:46:45.971+0000] GC(1128) User=1.05s Sys=0.03s Real=0.16s
[2025-08-01T03:46:46.060+0000] GC(1129) Pause Young (Allocation Failure)
[2025-08-01T03:46:46.158+0000] GC(1129) PSYoungGen: 465920K(931840K)->465920K(931840K) Eden: 465920K(465920K)->0K(465920K) From: 0K(465920K)->465920K(465920K)
[2025-08-01T03:46:46.158+0000] GC(1129) ParOldGen: 538195K(2796544K)->545235K(2796544K)
[2025-08-01T03:46:46.158+0000] GC(1129) Metaspace: 10662K(10880K)->10662K(10880K) NonClass: 9396K(9536K)->9396K(9536K) Class: 1265K(1344K)->1265K(1344K)
[2025-08-01T03:46:46.158+0000] GC(1129) Pause Young (Allocation Failure) 980M->987M(3641M) 98.112ms
[2025-08-01T03:46:46.158+0000] GC(1129) User=0.74s Sys=0.03s Real=0.10s
[2025-08-01T03:46:46.246+0000] GC(1130) Pause Young (Allocation Failure)
[2025-08-01T03:46:46.421+0000] GC(1130) PSYoungGen: 931840K(931840K)->465920K(931840K) Eden: 465920K(465920K)->0K(465920K) From: 465920K(465920K)->465920K(465920K)
[2025-08-01T03:46:46.421+0000] GC(1130) ParOldGen: 545235K(2796544K)->1047147K(2796544K)
[2025-08-01T03:46:46.421+0000] GC(1130) Metaspace: 10662K(10880K)->10662K(10880K) NonClass: 9396K(9536K)->9396K(9536K) Class: 1265K(1344K)->1265K(1344K)
[2025-08-01T03:46:46.421+0000] GC(1130) Pause Young (Allocation Failure) 1442M->1477M(3641M) 175.458ms
[2025-08-01T03:46:46.421+0000] GC(1130) User=1.33s Sys=0.04s Real=0.17s
[2025-08-01T03:46:46.507+0000] GC(1131) Pause Young (Allocation Failure)
[2025-08-01T03:46:46.653+0000] GC(1131) PSYoungGen: 931840K(931840K)->364352K(931840K) Eden: 465920K(465920K)->0K(465920K) From: 465920K(465920K)->364352K(465920K)
[2025-08-01T03:46:46.653+0000] GC(1131) ParOldGen: 1047147K(2796544K)->1299699K(2796544K)
[2025-08-01T03:46:46.653+0000] GC(1131) Metaspace: 10662K(10880K)->10662K(10880K) NonClass: 9396K(9536K)->9396K(9536K) Class: 1265K(1344K)->1265K(1344K)
[2025-08-01T03:46:46.653+0000] GC(1131) Pause Young (Allocation Failure) 1932M->1625M(3641M) 145.910ms
[2025-08-01T03:46:46.653+0000] GC(1131) User=1.05s Sys=0.06s Real=0.15s
[2025-08-01T03:46:46.746+0000] GC(1132) Pause Young (Allocation Failure)
[2025-08-01T03:46:46.890+0000] GC(1132) PSYoungGen: 830272K(931840K)->393312K(931840K) Eden: 465920K(465920K)->0K(465920K) From: 364352K(465920K)->393312K(465920K)
[2025-08-01T03:46:46.890+0000] GC(1132) ParOldGen: 1299699K(2796544K)->1426307K(2796544K)
[2025-08-01T03:46:46.890+0000] GC(1132) Metaspace: 10662K(10880K)->10662K(10880K) NonClass: 9396K(9536K)->9396K(9536K) Class: 1265K(1344K)->1265K(1344K)
[2025-08-01T03:46:46.890+0000] GC(1132) Pause Young (Allocation Failure) 2080M->1776M(3641M) 143.662ms
[2025-08-01T03:46:46.890+0000] GC(1132) User=1.01s Sys=0.07s Real=0.14s
[2025-08-01T03:46:46.978+0000] GC(1133) Pause Young (Allocation Failure)
[2025-08-01T03:46:47.141+0000] GC(1133) PSYoungGen: 859232K(931840K)->465920K(931840K) Eden: 465920K(465920K)->0K(465920K) From: 393312K(465920K)->465920K(465920K)
[2025-08-01T03:46:47.142+0000] GC(1133) ParOldGen: 1426307K(2796544K)->1849227K(2796544K)
[2025-08-01T03:46:47.142+0000] GC(1133) Metaspace: 10662K(10880K)->10662K(10880K) NonClass: 9396K(9536K)->9396K(9536K) Class: 1265K(1344K)->1265K(1344K)
[2025-08-01T03:46:47.142+0000] GC(1133) Pause Young (Allocation Failure) 2231M->2260M(3641M) 163.417ms
[2025-08-01T03:46:47.142+0000] GC(1133) User=1.23s Sys=0.04s Real=0.16s
[2025-08-01T03:46:47.227+0000] GC(1134) Pause Young (Allocation Failure)
[2025-08-01T03:46:47.414+0000] GC(1134) PSYoungGen: 931840K(931840K)->465920K(931840K) Eden: 465920K(465920K)->0K(465920K) From: 465920K(465920K)->465920K(465920K)
[2025-08-01T03:46:47.415+0000] GC(1134) ParOldGen: 1849227K(2796544K)->2349219K(2796544K)
[2025-08-01T03:46:47.415+0000] GC(1134) Metaspace: 10662K(10880K)->10662K(10880K) NonClass: 9396K(9536K)->9396K(9536K) Class: 1265K(1344K)->1265K(1344K)
[2025-08-01T03:46:47.415+0000] GC(1134) Pause Young (Allocation Failure) 2715M->2749M(3641M) 187.554ms
[2025-08-01T03:46:47.415+0000] GC(1134) User=1.41s Sys=0.05s Real=0.19s
[2025-08-01T03:46:47.502+0000] GC(1135) Pause Full (Ergonomics)
[2025-08-01T03:46:47.502+0000] GC(1135) Marking Phase
[2025-08-01T03:46:47.624+0000] GC(1135) Marking Phase 122.112ms
[2025-08-01T03:46:47.624+0000] GC(1135) Summary Phase
[2025-08-01T03:46:47.624+0000] GC(1135) Summary Phase 0.104ms
[2025-08-01T03:46:47.624+0000] GC(1135) Adjust Roots
[2025-08-01T03:46:47.627+0000] GC(1135) Adjust Roots 2.294ms
[2025-08-01T03:46:47.627+0000] GC(1135) Compaction Phase
[2025-08-01T03:46:47.778+0000] GC(1135) Compaction Phase 151.278ms
[2025-08-01T03:46:47.778+0000] GC(1135) Post Compact
[2025-08-01T03:46:47.799+0000] GC(1135) Post Compact 21.211ms
[2025-08-01T03:46:47.799+0000] GC(1135) PSYoungGen: 931840K(931840K)->0K(931840K) Eden: 465920K(465920K)->0K(465920K) From: 465920K(465920K)->0K(465920K)
[2025-08-01T03:46:47.799+0000] GC(1135) ParOldGen: 2349219K(2796544K)->1012761K(2796544K)
[2025-08-01T03:46:47.799+0000] GC(1135) Metaspace: 10662K(10880K)->10662K(10880K) NonClass: 9396K(9536K)->9396K(9536K) Class: 1265K(1344K)->1265K(1344K)
[2025-08-01T03:46:47.799+0000] GC(1135) Pause Full (Ergonomics) 3204M->989M(3641M) 297.572ms
[2025-08-01T03:46:47.799+0000] GC(1135) User=2.11s Sys=0.02s Real=0.30s
[2025-08-01T03:46:47.890+0000] GC(1136) Pause Young (Allocation Failure)
[2025-08-01T03:46:48.024+0000] GC(1136) PSYoungGen: 465920K(931840K)->388608K(931840K) Eden: 465920K(465920K)->0K(465920K) From: 0K(465920K)->388608K(465920K)
[2025-08-01T03:46:48.025+0000] GC(1136) ParOldGen: 1012761K(2796544K)->1012761K(2796544K)
[2025-08-01T03:46:48.025+0000] GC(1136) Metaspace: 10662K(10880K)->10662K(10880K) NonClass: 9396K(9536K)->9396K(9536K) Class: 1265K(1344K)->1265K(1344K)
[2025-08-01T03:46:48.025+0000] GC(1136) Pause Young (Allocation Failure) 1444M->1368M(3641M) 134.438ms
[2025-08-01T03:46:48.025+0000] GC(1136) User=1.00s Sys=0.04s Real=0.14s
[2025-08-01T03:46:48.118+0000] GC(1137) Pause Young (Allocation Failure)
[2025-08-01T03:46:48.301+0000] GC(1137) PSYoungGen: 854528K(931840K)->465920K(931840K) Eden: 465920K(465920K)->0K(465920K) From: 388608K(465920K)->465920K(465920K)
[2025-08-01T03:46:48.302+0000] GC(1137) ParOldGen: 1012761K(2796544K)->1432089K(2796544K)
[2025-08-01T03:46:48.302+0000] GC(1137) Metaspace: 10662K(10880K)->10662K(10880K) NonClass: 9396K(9536K)->9396K(9536K) Class: 1265K(1344K)->1265K(1344K)
[2025-08-01T03:46:48.302+0000] GC(1137) Pause Young (Allocation Failure) 1823M->1853M(3641M) 183.350ms
[2025-08-01T03:46:48.302+0000] GC(1137) User=1.43s Sys=0.02s Real=0.18s
[2025-08-01T03:46:48.390+0000] GC(1138) Pause Young (Allocation Failure)
[2025-08-01T03:46:48.515+0000] GC(1138) PSYoungGen: 931840K(931840K)->344416K(931840K) Eden: 465920K(465920K)->0K(465920K) From: 465920K(465920K)->344416K(465920K)
[2025-08-01T03:46:48.515+0000] GC(1138) ParOldGen: 1432089K(2796544K)->1794017K(2796544K)
[2025-08-01T03:46:48.515+0000] GC(1138) Metaspace: 10662K(10880K)->10662K(10880K) NonClass: 9396K(9536K)->9396K(9536K) Class: 1265K(1344K)->1265K(1344K)
[2025-08-01T03:46:48.515+0000] GC(1138) Pause Young (Allocation Failure) 2308M->2088M(3641M) 125.333ms
[2025-08-01T03:46:48.515+0000] GC(1138) User=0.94s Sys=0.03s Real=0.13s
[2025-08-01T03:46:48.606+0000] GC(1139) Pause Young (Allocation Failure)
[2025-08-01T03:46:48.717+0000] GC(1139) PSYoungGen: 810336K(931840K)->242272K(931840K) Eden: 465920K(465920K)->0K(465920K) From: 344416K(465920K)->242272K(465920K)
[2025-08-01T03:46:48.717+0000] GC(1139) ParOldGen: 1794017K(2796544K)->1896769K(2796544K)
[2025-08-01T03:46:48.717+0000] GC(1139) Metaspace: 10662K(10880K)->10662K(10880K) NonClass: 9396K(9536K)->9396K(9536K) Class: 1265K(1344K)->1265K(1344K)
[2025-08-01T03:46:48.717+0000] GC(1139) Pause Young (Allocation Failure) 2543M->2088M(3641M) 110.416ms
[2025-08-01T03:46:48.717+0000] GC(1139) User=0.83s Sys=0.04s Real=0.11s
[2025-08-01T03:46:48.808+0000] GC(1140) Pause Young (Allocation Failure)
[2025-08-01T03:46:48.916+0000] GC(1140) PSYoungGen: 708192K(931840K)->394976K(931840K) Eden: 465920K(465920K)->0K(465920K) From: 242272K(465920K)->394976K(465920K)
[2025-08-01T03:46:48.916+0000] GC(1140) ParOldGen: 1896769K(2796544K)->2037289K(2796544K)
[2025-08-01T03:46:48.916+0000] GC(1140) Metaspace: 10662K(10880K)->10662K(10880K) NonClass: 9396K(9536K)->9396K(9536K) Class: 1265K(1344K)->1265K(1344K)
[2025-08-01T03:46:48.916+0000] GC(1140) Pause Young (Allocation Failure) 2543M->2375M(3641M) 108.911ms
[2025-08-01T03:46:48.916+0000] GC(1140) User=0.78s Sys=0.04s Real=0.11s
[2025-08-01T03:46:49.009+0000] GC(1141) Pause Young (Allocation Failure)
[2025-08-01T03:46:49.185+0000] GC(1141) PSYoungGen: 860896K(931840K)->465920K(931840K) Eden: 465920K(465920K)->0K(465920K) From: 394976K(465920K)->465920K(465920K)
[2025-08-01T03:46:49.185+0000] GC(1141) ParOldGen: 2037289K(2796544K)->2462945K(2796544K)
[2025-08-01T03:46:49.185+0000] GC(1141) Metaspace: 10662K(10880K)->10662K(10880K) NonClass: 9396K(9536K)->9396K(9536K) Class: 1265K(1344K)->1265K(1344K)
[2025-08-01T03:46:49.185+0000] GC(1141) Pause Young (Allocation Failure) 2830M->2860M(3641M) 176.166ms
[2025-08-01T03:46:49.185+0000] GC(1141) User=1.30s Sys=0.07s Real=0.18s
[2025-08-01T03:46:49.280+0000] GC(1142) Pause Full (Ergonomics)
[2025-08-01T03:46:49.280+0000] GC(1142) Marking Phase
[2025-08-01T03:46:49.424+0000] GC(1142) Marking Phase 143.837ms
[2025-08-01T03:46:49.424+0000] GC(1142) Summary Phase
[2025-08-01T03:46:49.425+0000] GC(1142) Summary Phase 0.158ms
[2025-08-01T03:46:49.425+0000] GC(1142) Adjust Roots
[2025-08-01T03:46:49.428+0000] GC(1142) Adjust Roots 3.518ms
[2025-08-01T03:46:49.428+0000] GC(1142) Compaction Phase
[2025-08-01T03:46:49.635+0000] GC(1142) Compaction Phase 207.167ms
[2025-08-01T03:46:49.635+0000] GC(1142) Post Compact
[2025-08-01T03:46:49.657+0000] GC(1142) Post Compact 21.260ms
[2025-08-01T03:46:49.657+0000] GC(1142) PSYoungGen: 931840K(931840K)->0K(931840K) Eden: 465920K(465920K)->0K(465920K) From: 465920K(465920K)->0K(465920K)
[2025-08-01T03:46:49.657+0000] GC(1142) ParOldGen: 2462945K(2796544K)->1493412K(2796544K)
[2025-08-01T03:46:49.657+0000] GC(1142) Metaspace: 10662K(10880K)->10662K(10880K) NonClass: 9396K(9536K)->9396K(9536K) Class: 1265K(1344K)->1265K(1344K)
[2025-08-01T03:46:49.657+0000] GC(1142) Pause Full (Ergonomics) 3315M->1458M(3641M) 376.447ms
[2025-08-01T03:46:49.657+0000] GC(1142) User=2.75s Sys=0.00s Real=0.38s
[2025-08-01T03:46:49.802+0000] GC(1143) Pause Young (Allocation Failure)
[2025-08-01T03:46:49.901+0000] GC(1143) PSYoungGen: 465920K(931840K)->257888K(931840K) Eden: 465920K(465920K)->0K(465920K) From: 0K(465920K)->257888K(465920K)
[2025-08-01T03:46:49.902+0000] GC(1143) ParOldGen: 1493412K(2796544K)->1493412K(2796544K)
[2025-08-01T03:46:49.902+0000] GC(1143) Metaspace: 10662K(10880K)->10662K(10880K) NonClass: 9396K(9536K)->9396K(9536K) Class: 1265K(1344K)->1265K(1344K)
[2025-08-01T03:46:49.902+0000] GC(1143) Pause Young (Allocation Failure) 1913M->1710M(3641M) 99.265ms
[2025-08-01T03:46:49.902+0000] GC(1143) User=0.71s Sys=0.02s Real=0.10s
[2025-08-01T03:46:50.002+0000] GC(1144) Pause Young (Allocation Failure)
[2025-08-01T03:46:50.113+0000] GC(1144) PSYoungGen: 723808K(931840K)->390368K(931840K) Eden: 465920K(465920K)->0K(465920K) From: 257888K(465920K)->390368K(465920K)
[2025-08-01T03:46:50.113+0000] GC(1144) ParOldGen: 1493412K(2796544K)->1649364K(2796544K)
[2025-08-01T03:46:50.113+0000] GC(1144) Metaspace: 10662K(10880K)->10662K(10880K) NonClass: 9396K(9536K)->9396K(9536K) Class: 1265K(1344K)->1265K(1344K)
[2025-08-01T03:46:50.113+0000] GC(1144) Pause Young (Allocation Failure) 2165M->1991M(3641M) 111.351ms
[2025-08-01T03:46:50.113+0000] GC(1144) User=0.83s Sys=0.01s Real=0.12s
[2025-08-01T03:46:50.203+0000] GC(1145) Pause Young (Allocation Failure)
[2025-08-01T03:46:50.395+0000] GC(1145) PSYoungGen: 856288K(931840K)->465920K(931840K) Eden: 465920K(465920K)->0K(465920K) From: 390368K(465920K)->465920K(465920K)
[2025-08-01T03:46:50.396+0000] GC(1145) ParOldGen: 1649364K(2796544K)->2071524K(2796544K)
[2025-08-01T03:46:50.396+0000] GC(1145) Metaspace: 10662K(10880K)->10662K(10880K) NonClass: 9396K(9536K)->9396K(9536K) Class: 1265K(1344K)->1265K(1344K)
[2025-08-01T03:46:50.396+0000] GC(1145) Pause Young (Allocation Failure) 2446M->2477M(3641M) 192.571ms
[2025-08-01T03:46:50.396+0000] GC(1145) User=1.50s Sys=0.03s Real=0.19s
[2025-08-01T03:46:50.486+0000] GC(1146) Pause Young (Allocation Failure)
[2025-08-01T03:46:50.643+0000] GC(1146) PSYoungGen: 931840K(931840K)->465920K(931840K) Eden: 465920K(465920K)->0K(465920K) From: 465920K(465920K)->465920K(465920K)
[2025-08-01T03:46:50.643+0000] GC(1146) ParOldGen: 2071524K(2796544K)->2569988K(2796544K)
[2025-08-01T03:46:50.643+0000] GC(1146) Metaspace: 10662K(10880K)->10662K(10880K) NonClass: 9396K(9536K)->9396K(9536K) Class: 1265K(1344K)->1265K(1344K)
[2025-08-01T03:46:50.644+0000] GC(1146) Pause Young (Allocation Failure) 2932M->2964M(3641M) 157.052ms
[2025-08-01T03:46:50.644+0000] GC(1146) User=1.20s Sys=0.02s Real=0.16s
[2025-08-01T03:46:50.734+0000] GC(1147) Pause Full (Ergonomics)
[2025-08-01T03:46:50.734+0000] GC(1147) Marking Phase
[2025-08-01T03:46:50.811+0000] GC(1147) Marking Phase 76.854ms
[2025-08-01T03:46:50.811+0000] GC(1147) Summary Phase
[2025-08-01T03:46:50.811+0000] GC(1147) Summary Phase 0.137ms
[2025-08-01T03:46:50.811+0000] GC(1147) Adjust Roots
[2025-08-01T03:46:50.813+0000] GC(1147) Adjust Roots 1.991ms
[2025-08-01T03:46:50.813+0000] GC(1147) Compaction Phase
[2025-08-01T03:46:50.906+0000] GC(1147) Compaction Phase 92.243ms
[2025-08-01T03:46:50.906+0000] GC(1147) Post Compact
[2025-08-01T03:46:50.929+0000] GC(1147) Post Compact 22.959ms
[2025-08-01T03:46:50.929+0000] GC(1147) PSYoungGen: 931840K(931840K)->0K(931840K) Eden: 465920K(465920K)->0K(465920K) From: 465920K(465920K)->0K(465920K)
[2025-08-01T03:46:50.929+0000] GC(1147) ParOldGen: 2569988K(2796544K)->576732K(2796544K)
[2025-08-01T03:46:50.929+0000] GC(1147) Metaspace: 10662K(10880K)->10662K(10880K) NonClass: 9396K(9536K)->9396K(9536K) Class: 1265K(1344K)->1265K(1344K)
[2025-08-01T03:46:50.929+0000] GC(1147) Pause Full (Ergonomics) 3419M->563M(3641M) 194.683ms
[2025-08-01T03:46:50.929+0000] GC(1147) User=1.28s Sys=0.05s Real=0.19s
[2025-08-01T03:46:51.014+0000] GC(1148) Pause Young (Allocation Failure)
[2025-08-01T03:46:51.143+0000] GC(1148) PSYoungGen: 465920K(931840K)->379680K(931840K) Eden: 465920K(465920K)->0K(465920K) From: 0K(465920K)->379680K(465920K)
[2025-08-01T03:46:51.143+0000] GC(1148) ParOldGen: 576732K(2796544K)->576732K(2796544K)
[2025-08-01T03:46:51.143+0000] GC(1148) Metaspace: 10662K(10880K)->10662K(10880K) NonClass: 9396K(9536K)->9396K(9536K) Class: 1265K(1344K)->1265K(1344K)
[2025-08-01T03:46:51.143+0000] GC(1148) Pause Young (Allocation Failure) 1018M->933M(3641M) 128.615ms
[2025-08-01T03:46:51.143+0000] GC(1148) User=0.97s Sys=0.04s Real=0.12s
[2025-08-01T03:46:51.236+0000] GC(1149) Pause Young (Allocation Failure)
[2025-08-01T03:46:51.389+0000] GC(1149) PSYoungGen: 845600K(931840K)->465920K(931840K) Eden: 465920K(465920K)->0K(465920K) From: 379680K(465920K)->465920K(465920K)
[2025-08-01T03:46:51.389+0000] GC(1149) ParOldGen: 576732K(2796544K)->984004K(2796544K)
[2025-08-01T03:46:51.389+0000] GC(1149) Metaspace: 10662K(10880K)->10662K(10880K) NonClass: 9396K(9536K)->9396K(9536K) Class: 1265K(1344K)->1265K(1344K)
[2025-08-01T03:46:51.389+0000] GC(1149) Pause Young (Allocation Failure) 1388M->1415M(3641M) 153.420ms
[2025-08-01T03:46:51.389+0000] GC(1149) User=1.18s Sys=0.03s Real=0.15s
[2025-08-01T03:46:51.480+0000] GC(1150) Pause Young (Allocation Failure)
[2025-08-01T03:46:51.647+0000] GC(1150) PSYoungGen: 931840K(931840K)->348992K(931840K) Eden: 465920K(465920K)->0K(465920K) From: 465920K(465920K)->348992K(465920K)
[2025-08-01T03:46:51.647+0000] GC(1150) ParOldGen: 984004K(2796544K)->1340860K(2796544K)
[2025-08-01T03:46:51.647+0000] GC(1150) Metaspace: 10662K(10880K)->10662K(10880K) NonClass: 9396K(9536K)->9396K(9536K) Class: 1265K(1344K)->1265K(1344K)
[2025-08-01T03:46:51.647+0000] GC(1150) Pause Young (Allocation Failure) 1870M->1650M(3641M) 166.350ms
[2025-08-01T03:46:51.647+0000] GC(1150) User=1.23s Sys=0.06s Real=0.17s
[2025-08-01T03:46:51.734+0000] GC(1151) Pause Young (Allocation Failure)
[2025-08-01T03:46:51.840+0000] GC(1151) PSYoungGen: 814912K(931840K)->437472K(931840K) Eden: 465920K(465920K)->0K(465920K) From: 348992K(465920K)->437472K(465920K)
[2025-08-01T03:46:51.840+0000] GC(1151) ParOldGen: 1340860K(2796544K)->1578164K(2796544K)
[2025-08-01T03:46:51.840+0000] GC(1151) Metaspace: 10662K(10880K)->10662K(10880K) NonClass: 9396K(9536K)->9396K(9536K) Class: 1265K(1344K)->1265K(1344K)
[2025-08-01T03:46:51.840+0000] GC(1151) Pause Young (Allocation Failure) 2105M->1968M(3641M) 105.982ms
[2025-08-01T03:46:51.840+0000] GC(1151) User=0.81s Sys=0.01s Real=0.10s
[2025-08-01T03:46:51.932+0000] GC(1152) Pause Young (Allocation Failure)
[2025-08-01T03:46:52.049+0000] GC(1152) PSYoungGen: 903392K(931840K)->345696K(931840K) Eden: 465920K(465920K)->0K(465920K) From: 437472K(465920K)->345696K(465920K)
[2025-08-01T03:46:52.049+0000] GC(1152) ParOldGen: 1578164K(2796544K)->1800980K(2796544K)
[2025-08-01T03:46:52.049+0000] GC(1152) Metaspace: 10662K(10880K)->10662K(10880K) NonClass: 9396K(9536K)->9396K(9536K) Class: 1265K(1344K)->1265K(1344K)
[2025-08-01T03:46:52.049+0000] GC(1152) Pause Young (Allocation Failure) 2423M->2096M(3641M) 117.284ms
[2025-08-01T03:46:52.049+0000] GC(1152) User=0.80s Sys=0.05s Real=0.12s
[2025-08-01T03:46:52.137+0000] GC(1153) Pause Young (Allocation Failure)
[2025-08-01T03:46:52.280+0000] GC(1153) PSYoungGen: 811616K(931840K)->465920K(931840K) Eden: 465920K(465920K)->0K(465920K) From: 345696K(465920K)->465920K(465920K)
[2025-08-01T03:46:52.280+0000] GC(1153) ParOldGen: 1800980K(2796544K)->2175724K(2796544K)
[2025-08-01T03:46:52.280+0000] GC(1153) Metaspace: 10662K(10880K)->10662K(10880K) NonClass: 9396K(9536K)->9396K(9536K) Class: 1265K(1344K)->1265K(1344K)
[2025-08-01T03:46:52.280+0000] GC(1153) Pause Young (Allocation Failure) 2551M->2579M(3641M) 143.403ms
[2025-08-01T03:46:52.280+0000] GC(1153) User=1.04s Sys=0.05s Real=0.14s
[2025-08-01T03:46:52.293+0000] Heap
[2025-08-01T03:46:52.293+0000]  PSYoungGen      total 931840K, used 628306K [0x00000007aab00000, 0x0000000800000000, 0x0000000800000000)
[2025-08-01T03:46:52.293+0000]   eden space 465920K, 34% used [0x00000007aab00000,0x00000007b49948b8,0x00000007c7200000)
[2025-08-01T03:46:52.293+0000]   from space 465920K, 100% used [0x00000007e3900000,0x0000000800000000,0x0000000800000000)
[2025-08-01T03:46:52.293+0000]   to   space 465920K, 0% used [0x00000007c7200000,0x00000007c7200000,0x00000007e3900000)
[2025-08-01T03:46:52.293+0000]  ParOldGen       total 2796544K, used 2175724K [0x0000000700000000, 0x00000007aab00000, 0x00000007aab00000)
[2025-08-01T03:46:52.293+0000]   object space 2796544K, 77% used [0x0000000700000000,0x0000000784cbb208,0x00000007aab00000)
[2025-08-01T03:46:52.293+0000]  Metaspace       used 10741K, committed 10944K, reserved 1114112K
[2025-08-01T03:46:52.293+0000]   class space    used 1276K, committed 1344K, reserved 1048576K
