[2025-08-01T03:35:00.992+0000] CardTable entry size: 512
[2025-08-01T03:35:00.993+0000] Using Serial
[2025-08-01T03:35:01.010+0000] Version: 21.0.8+9-Ubuntu-0ubuntu124.04.1 (release)
[2025-08-01T03:35:01.010+0000] CPUs: 8 total, 8 available
[2025-08-01T03:35:01.010+0000] Memory: 7940M
[2025-08-01T03:35:01.010+0000] Large Page Support: Disabled
[2025-08-01T03:35:01.010+0000] NUMA Support: Disabled
[2025-08-01T03:35:01.010+0000] Compressed Oops: Enabled (Zero based)
[2025-08-01T03:35:01.010+0000] Heap Min Capacity: 4G
[2025-08-01T03:35:01.010+0000] Heap Initial Capacity: 4G
[2025-08-01T03:35:01.010+0000] Heap Max Capacity: 4G
[2025-08-01T03:35:01.010+0000] Pre-touch: Disabled
[2025-08-01T03:35:01.036+0000] CDS archive(s) mapped at: [0x0000715f3f000000-0x0000715f3fca0000-0x0000715f3fca0000), size 13238272, SharedBaseAddress: 0x0000715f3f000000, ArchiveRelocationMode: 1.
[2025-08-01T03:35:01.036+0000] Compressed class space mapped at: 0x0000715f40000000-0x0000715f80000000, reserved size: 1073741824
[2025-08-01T03:35:01.036+0000] Narrow klass base: 0x0000715f3f000000, Narrow klass shift: 0, Narrow klass range: 0x100000000
[2025-08-01T03:35:03.016+0000] GC(0) Pause Young (Allocation Failure)
[2025-08-01T03:35:04.905+0000] GC(0) DefNew: 1118528K(1258304K)->139776K(1258304K) Eden: 1118528K(1118528K)->0K(1118528K) From: 0K(139776K)->139776K(139776K)
[2025-08-01T03:35:04.906+0000] GC(0) Tenured: 1074K(2796224K)->765950K(2796224K)
[2025-08-01T03:35:04.906+0000] GC(0) Metaspace: 10658K(10880K)->10658K(10880K) NonClass: 9392K(9536K)->9392K(9536K) Class: 1265K(1344K)->1265K(1344K)
[2025-08-01T03:35:04.906+0000] GC(0) Pause Young (Allocation Failure) 1093M->884M(3959M) 1889.953ms
[2025-08-01T03:35:04.906+0000] GC(0) User=0.84s Sys=1.06s Real=1.89s
[2025-08-01T03:35:05.226+0000] GC(1) Pause Young (Allocation Failure)
[2025-08-01T03:35:05.531+0000] GC(1) DefNew: 1258304K(1258304K)->135142K(1258304K) Eden: 1118528K(1118528K)->0K(1118528K) From: 139776K(139776K)->135142K(139776K)
[2025-08-01T03:35:05.531+0000] GC(1) Tenured: 765950K(2796224K)->766908K(2796224K)
[2025-08-01T03:35:05.531+0000] GC(1) Metaspace: 10659K(10880K)->10659K(10880K) NonClass: 9393K(9536K)->9393K(9536K) Class: 1265K(1344K)->1265K(1344K)
[2025-08-01T03:35:05.531+0000] GC(1) Pause Young (Allocation Failure) 1976M->880M(3959M) 304.846ms
[2025-08-01T03:35:05.531+0000] GC(1) User=0.13s Sys=0.17s Real=0.30s
[2025-08-01T03:35:05.786+0000] GC(2) Pause Young (Allocation Failure)
[2025-08-01T03:35:08.277+0000] GC(2) DefNew: 1253670K(1258304K)->139775K(1258304K) Eden: 1118528K(1118528K)->0K(1118528K) From: 135142K(139776K)->139775K(139776K)
[2025-08-01T03:35:08.278+0000] GC(2) Tenured: 766908K(2796224K)->1848908K(2796224K)
[2025-08-01T03:35:08.278+0000] GC(2) Metaspace: 10659K(10880K)->10659K(10880K) NonClass: 9393K(9536K)->9393K(9536K) Class: 1265K(1344K)->1265K(1344K)
[2025-08-01T03:35:08.278+0000] GC(2) Pause Young (Allocation Failure) 1973M->1942M(3959M) 2491.185ms
[2025-08-01T03:35:08.278+0000] GC(2) User=1.09s Sys=1.40s Real=2.49s
[2025-08-01T03:35:08.566+0000] GC(3) Pause Young (Allocation Failure)
[2025-08-01T03:35:08.566+0000] GC(3) Pause Young (Allocation Failure) 3034M->3034M(3959M) 0.192ms
[2025-08-01T03:35:08.566+0000] GC(3) User=0.00s Sys=0.00s Real=0.00s
[2025-08-01T03:35:08.566+0000] GC(4) Pause Full (Allocation Failure)
[2025-08-01T03:35:08.566+0000] GC(4) Phase 1: Mark live objects
[2025-08-01T03:35:08.678+0000] GC(4) Phase 1: Mark live objects 111.494ms
[2025-08-01T03:35:08.678+0000] GC(4) Phase 2: Compute new object addresses
[2025-08-01T03:35:09.172+0000] GC(4) Phase 2: Compute new object addresses 493.565ms
[2025-08-01T03:35:09.172+0000] GC(4) Phase 3: Adjust pointers
[2025-08-01T03:35:09.246+0000] GC(4) Phase 3: Adjust pointers 74.331ms
[2025-08-01T03:35:09.246+0000] GC(4) Phase 4: Move objects
[2025-08-01T03:35:09.465+0000] GC(4) Phase 4: Move objects 219.162ms
[2025-08-01T03:35:09.467+0000] GC(4) DefNew: 1258303K(1258304K)->0K(1258304K) Eden: 1118528K(1118528K)->0K(1118528K) From: 139775K(139776K)->0K(139776K)
[2025-08-01T03:35:09.467+0000] GC(4) Tenured: 1848908K(2796224K)->607521K(2796224K)
[2025-08-01T03:35:09.467+0000] GC(4) Metaspace: 10659K(10880K)->10659K(10880K) NonClass: 9393K(9536K)->9393K(9536K) Class: 1265K(1344K)->1265K(1344K)
[2025-08-01T03:35:09.467+0000] GC(4) Pause Full (Allocation Failure) 3034M->593M(3959M) 900.581ms
[2025-08-01T03:35:09.467+0000] GC(4) User=0.90s Sys=0.00s Real=0.90s
[2025-08-01T03:35:09.696+0000] GC(5) Pause Young (Allocation Failure)
[2025-08-01T03:35:10.229+0000] GC(5) DefNew: 1118528K(1258304K)->139776K(1258304K) Eden: 1118528K(1118528K)->0K(1118528K) From: 0K(139776K)->139776K(139776K)
[2025-08-01T03:35:10.229+0000] GC(5) Tenured: 607521K(2796224K)->1287578K(2796224K)
[2025-08-01T03:35:10.229+0000] GC(5) Metaspace: 10659K(10880K)->10659K(10880K) NonClass: 9393K(9536K)->9393K(9536K) Class: 1265K(1344K)->1265K(1344K)
[2025-08-01T03:35:10.229+0000] GC(5) Pause Young (Allocation Failure) 1685M->1393M(3959M) 533.012ms
[2025-08-01T03:35:10.230+0000] GC(5) User=0.53s Sys=0.00s Real=0.53s
[2025-08-01T03:35:10.469+0000] GC(6) Pause Young (Allocation Failure)
[2025-08-01T03:35:11.190+0000] GC(6) DefNew: 1258304K(1258304K)->139776K(1258304K) Eden: 1118528K(1118528K)->0K(1118528K) From: 139776K(139776K)->139776K(139776K)
[2025-08-01T03:35:11.190+0000] GC(6) Tenured: 1287578K(2796224K)->1974437K(2796224K)
[2025-08-01T03:35:11.190+0000] GC(6) Metaspace: 10659K(10880K)->10659K(10880K) NonClass: 9393K(9536K)->9393K(9536K) Class: 1265K(1344K)->1265K(1344K)
[2025-08-01T03:35:11.190+0000] GC(6) Pause Young (Allocation Failure) 2486M->2064M(3959M) 720.750ms
[2025-08-01T03:35:11.190+0000] GC(6) User=0.57s Sys=0.16s Real=0.72s
[2025-08-01T03:35:11.420+0000] GC(7) Pause Young (Allocation Failure)
[2025-08-01T03:35:11.420+0000] GC(7) Pause Young (Allocation Failure) 3156M->3156M(3959M) 0.105ms
[2025-08-01T03:35:11.420+0000] GC(7) User=0.00s Sys=0.00s Real=0.00s
[2025-08-01T03:35:11.420+0000] GC(8) Pause Full (Allocation Failure)
[2025-08-01T03:35:11.420+0000] GC(8) Phase 1: Mark live objects
[2025-08-01T03:35:11.598+0000] GC(8) Phase 1: Mark live objects 177.488ms
[2025-08-01T03:35:11.598+0000] GC(8) Phase 2: Compute new object addresses
[2025-08-01T03:35:12.058+0000] GC(8) Phase 2: Compute new object addresses 459.566ms
[2025-08-01T03:35:12.058+0000] GC(8) Phase 3: Adjust pointers
[2025-08-01T03:35:12.231+0000] GC(8) Phase 3: Adjust pointers 173.009ms
[2025-08-01T03:35:12.231+0000] GC(8) Phase 4: Move objects
[2025-08-01T03:35:12.672+0000] GC(8) Phase 4: Move objects 440.557ms
[2025-08-01T03:35:12.673+0000] GC(8) DefNew: 1258304K(1258304K)->0K(1258304K) Eden: 1118528K(1118528K)->0K(1118528K) From: 139776K(139776K)->0K(139776K)
[2025-08-01T03:35:12.673+0000] GC(8) Tenured: 1974437K(2796224K)->1155781K(2796224K)
[2025-08-01T03:35:12.673+0000] GC(8) Metaspace: 10661K(10880K)->10661K(10880K) NonClass: 9396K(9536K)->9396K(9536K) Class: 1265K(1344K)->1265K(1344K)
[2025-08-01T03:35:12.673+0000] GC(8) Pause Full (Allocation Failure) 3156M->1128M(3959M) 1252.732ms
[2025-08-01T03:35:12.673+0000] GC(8) User=1.25s Sys=0.01s Real=1.25s
[2025-08-01T03:35:12.901+0000] GC(9) Pause Young (Allocation Failure)
[2025-08-01T03:35:13.857+0000] GC(9) DefNew: 1118528K(1258304K)->139776K(1258304K) Eden: 1118528K(1118528K)->0K(1118528K) From: 0K(139776K)->139776K(139776K)
[2025-08-01T03:35:13.857+0000] GC(9) Tenured: 1155781K(2796224K)->2124933K(2796224K)
[2025-08-01T03:35:13.857+0000] GC(9) Metaspace: 10661K(10880K)->10661K(10880K) NonClass: 9396K(9536K)->9396K(9536K) Class: 1265K(1344K)->1265K(1344K)
[2025-08-01T03:35:13.858+0000] GC(9) Pause Young (Allocation Failure) 2221M->2211M(3959M) 956.940ms
[2025-08-01T03:35:13.858+0000] GC(9) User=0.79s Sys=0.17s Real=0.96s
[2025-08-01T03:35:14.137+0000] GC(10) Pause Young (Allocation Failure)
[2025-08-01T03:35:14.137+0000] GC(10) Pause Young (Allocation Failure) 3303M->3303M(3959M) 0.136ms
[2025-08-01T03:35:14.137+0000] GC(10) User=0.00s Sys=0.00s Real=0.00s
[2025-08-01T03:35:14.137+0000] GC(11) Pause Full (Allocation Failure)
[2025-08-01T03:35:14.137+0000] GC(11) Phase 1: Mark live objects
[2025-08-01T03:35:14.249+0000] GC(11) Phase 1: Mark live objects 112.248ms
[2025-08-01T03:35:14.249+0000] GC(11) Phase 2: Compute new object addresses
[2025-08-01T03:35:14.792+0000] GC(11) Phase 2: Compute new object addresses 542.997ms
[2025-08-01T03:35:14.792+0000] GC(11) Phase 3: Adjust pointers
[2025-08-01T03:35:14.867+0000] GC(11) Phase 3: Adjust pointers 74.934ms
[2025-08-01T03:35:14.867+0000] GC(11) Phase 4: Move objects
[2025-08-01T03:35:15.047+0000] GC(11) Phase 4: Move objects 179.976ms
[2025-08-01T03:35:15.049+0000] GC(11) DefNew: 1258304K(1258304K)->0K(1258304K) Eden: 1118528K(1118528K)->0K(1118528K) From: 139776K(139776K)->0K(139776K)
[2025-08-01T03:35:15.049+0000] GC(11) Tenured: 2124933K(2796224K)->612441K(2796224K)
[2025-08-01T03:35:15.049+0000] GC(11) Metaspace: 10661K(10880K)->10661K(10880K) NonClass: 9396K(9536K)->9396K(9536K) Class: 1265K(1344K)->1265K(1344K)
[2025-08-01T03:35:15.049+0000] GC(11) Pause Full (Allocation Failure) 3303M->598M(3959M) 911.726ms
[2025-08-01T03:35:15.049+0000] GC(11) User=0.91s Sys=0.00s Real=0.91s
[2025-08-01T03:35:15.330+0000] GC(12) Pause Young (Allocation Failure)
[2025-08-01T03:35:15.900+0000] GC(12) DefNew: 1118528K(1258304K)->139775K(1258304K) Eden: 1118528K(1118528K)->0K(1118528K) From: 0K(139776K)->139775K(139776K)
[2025-08-01T03:35:15.900+0000] GC(12) Tenured: 612441K(2796224K)->1308759K(2796224K)
[2025-08-01T03:35:15.900+0000] GC(12) Metaspace: 10661K(10880K)->10661K(10880K) NonClass: 9396K(9536K)->9396K(9536K) Class: 1265K(1344K)->1265K(1344K)
[2025-08-01T03:35:15.900+0000] GC(12) Pause Young (Allocation Failure) 1690M->1414M(3959M) 569.609ms
[2025-08-01T03:35:15.900+0000] GC(12) User=0.57s Sys=0.00s Real=0.57s
[2025-08-01T03:35:16.164+0000] GC(13) Pause Young (Allocation Failure)
[2025-08-01T03:35:16.752+0000] GC(13) DefNew: 1258303K(1258304K)->139775K(1258304K) Eden: 1118528K(1118528K)->0K(1118528K) From: 139775K(139776K)->139775K(139776K)
[2025-08-01T03:35:16.752+0000] GC(13) Tenured: 1308759K(2796224K)->2009118K(2796224K)
[2025-08-01T03:35:16.752+0000] GC(13) Metaspace: 10661K(10880K)->10661K(10880K) NonClass: 9396K(9536K)->9396K(9536K) Class: 1265K(1344K)->1265K(1344K)
[2025-08-01T03:35:16.752+0000] GC(13) Pause Young (Allocation Failure) 2506M->2098M(3959M) 588.197ms
[2025-08-01T03:35:16.752+0000] GC(13) User=0.58s Sys=0.01s Real=0.58s
[2025-08-01T03:35:17.003+0000] GC(14) Pause Young (Allocation Failure)
[2025-08-01T03:35:17.003+0000] GC(14) Pause Young (Allocation Failure) 3190M->3190M(3959M) 0.106ms
[2025-08-01T03:35:17.003+0000] GC(14) User=0.00s Sys=0.00s Real=0.00s
[2025-08-01T03:35:17.003+0000] GC(15) Pause Full (Allocation Failure)
[2025-08-01T03:35:17.003+0000] GC(15) Phase 1: Mark live objects
[2025-08-01T03:35:17.033+0000] GC(15) Phase 1: Mark live objects 29.364ms
[2025-08-01T03:35:17.033+0000] GC(15) Phase 2: Compute new object addresses
[2025-08-01T03:35:17.508+0000] GC(15) Phase 2: Compute new object addresses 474.803ms
[2025-08-01T03:35:17.508+0000] GC(15) Phase 3: Adjust pointers
[2025-08-01T03:35:17.532+0000] GC(15) Phase 3: Adjust pointers 24.727ms
[2025-08-01T03:35:17.533+0000] GC(15) Phase 4: Move objects
[2025-08-01T03:35:17.580+0000] GC(15) Phase 4: Move objects 47.499ms
[2025-08-01T03:35:17.582+0000] GC(15) DefNew: 1258303K(1258304K)->0K(1258304K) Eden: 1118528K(1118528K)->0K(1118528K) From: 139775K(139776K)->0K(139776K)
[2025-08-01T03:35:17.582+0000] GC(15) Tenured: 2009118K(2796224K)->106613K(2796224K)
[2025-08-01T03:35:17.582+0000] GC(15) Metaspace: 10661K(10880K)->10661K(10880K) NonClass: 9396K(9536K)->9396K(9536K) Class: 1265K(1344K)->1265K(1344K)
[2025-08-01T03:35:17.582+0000] GC(15) Pause Full (Allocation Failure) 3190M->104M(3959M) 578.368ms
[2025-08-01T03:35:17.582+0000] GC(15) User=0.58s Sys=0.00s Real=0.57s
[2025-08-01T03:35:17.851+0000] GC(16) Pause Young (Allocation Failure)
[2025-08-01T03:35:18.655+0000] GC(16) DefNew: 1118528K(1258304K)->139775K(1258304K) Eden: 1118528K(1118528K)->0K(1118528K) From: 0K(139776K)->139775K(139776K)
[2025-08-01T03:35:18.655+0000] GC(16) Tenured: 106613K(2796224K)->1074281K(2796224K)
[2025-08-01T03:35:18.655+0000] GC(16) Metaspace: 10661K(10880K)->10661K(10880K) NonClass: 9396K(9536K)->9396K(9536K) Class: 1265K(1344K)->1265K(1344K)
[2025-08-01T03:35:18.655+0000] GC(16) Pause Young (Allocation Failure) 1196M->1185M(3959M) 803.682ms
[2025-08-01T03:35:18.655+0000] GC(16) User=0.81s Sys=0.00s Real=0.81s
[2025-08-01T03:35:18.905+0000] GC(17) Pause Young (Allocation Failure)
[2025-08-01T03:35:19.204+0000] GC(17) DefNew: 1258303K(1258304K)->139775K(1258304K) Eden: 1118528K(1118528K)->0K(1118528K) From: 139775K(139776K)->139775K(139776K)
[2025-08-01T03:35:19.204+0000] GC(17) Tenured: 1074281K(2796224K)->1403430K(2796224K)
[2025-08-01T03:35:19.204+0000] GC(17) Metaspace: 10661K(10880K)->10661K(10880K) NonClass: 9396K(9536K)->9396K(9536K) Class: 1265K(1344K)->1265K(1344K)
[2025-08-01T03:35:19.204+0000] GC(17) Pause Young (Allocation Failure) 2277M->1507M(3959M) 299.360ms
[2025-08-01T03:35:19.204+0000] GC(17) User=0.30s Sys=0.00s Real=0.30s
[2025-08-01T03:35:19.467+0000] GC(18) Pause Young (Allocation Failure)
[2025-08-01T03:35:20.163+0000] GC(18) DefNew: 1258303K(1258304K)->139775K(1258304K) Eden: 1118528K(1118528K)->0K(1118528K) From: 139775K(139776K)->139775K(139776K)
[2025-08-01T03:35:20.163+0000] GC(18) Tenured: 1403430K(2796224K)->2189652K(2796224K)
[2025-08-01T03:35:20.163+0000] GC(18) Metaspace: 10661K(10880K)->10661K(10880K) NonClass: 9396K(9536K)->9396K(9536K) Class: 1265K(1344K)->1265K(1344K)
[2025-08-01T03:35:20.164+0000] GC(18) Pause Young (Allocation Failure) 2599M->2274M(3959M) 696.017ms
[2025-08-01T03:35:20.164+0000] GC(18) User=0.59s Sys=0.12s Real=0.70s
[2025-08-01T03:35:20.427+0000] GC(19) Pause Young (Allocation Failure)
[2025-08-01T03:35:20.427+0000] GC(19) Pause Young (Allocation Failure) 3367M->3367M(3959M) 0.088ms
[2025-08-01T03:35:20.427+0000] GC(19) User=0.00s Sys=0.00s Real=0.00s
[2025-08-01T03:35:20.427+0000] GC(20) Pause Full (Allocation Failure)
[2025-08-01T03:35:20.427+0000] GC(20) Phase 1: Mark live objects
[2025-08-01T03:35:20.615+0000] GC(20) Phase 1: Mark live objects 187.369ms
[2025-08-01T03:35:20.615+0000] GC(20) Phase 2: Compute new object addresses
[2025-08-01T03:35:21.049+0000] GC(20) Phase 2: Compute new object addresses 434.096ms
[2025-08-01T03:35:21.049+0000] GC(20) Phase 3: Adjust pointers
[2025-08-01T03:35:21.218+0000] GC(20) Phase 3: Adjust pointers 169.648ms
[2025-08-01T03:35:21.219+0000] GC(20) Phase 4: Move objects
[2025-08-01T03:35:21.569+0000] GC(20) Phase 4: Move objects 349.853ms
[2025-08-01T03:35:21.570+0000] GC(20) DefNew: 1258303K(1258304K)->0K(1258304K) Eden: 1118528K(1118528K)->0K(1118528K) From: 139775K(139776K)->0K(139776K)
[2025-08-01T03:35:21.570+0000] GC(20) Tenured: 2189652K(2796224K)->856745K(2796224K)
[2025-08-01T03:35:21.570+0000] GC(20) Metaspace: 10661K(10880K)->10661K(10880K) NonClass: 9396K(9536K)->9396K(9536K) Class: 1265K(1344K)->1265K(1344K)
[2025-08-01T03:35:21.570+0000] GC(20) Pause Full (Allocation Failure) 3367M->836M(3959M) 1142.777ms
[2025-08-01T03:35:21.570+0000] GC(20) User=1.11s Sys=0.03s Real=1.14s
[2025-08-01T03:35:21.827+0000] GC(21) Pause Young (Allocation Failure)
[2025-08-01T03:35:21.919+0000] GC(21) DefNew: 1118528K(1258304K)->114918K(1258304K) Eden: 1118528K(1118528K)->0K(1118528K) From: 0K(139776K)->114918K(139776K)
[2025-08-01T03:35:21.919+0000] GC(21) Tenured: 856745K(2796224K)->856745K(2796224K)
[2025-08-01T03:35:21.919+0000] GC(21) Metaspace: 10661K(10880K)->10661K(10880K) NonClass: 9396K(9536K)->9396K(9536K) Class: 1265K(1344K)->1265K(1344K)
[2025-08-01T03:35:21.919+0000] GC(21) Pause Young (Allocation Failure) 1928M->948M(3959M) 92.344ms
[2025-08-01T03:35:21.919+0000] GC(21) User=0.09s Sys=0.00s Real=0.09s
[2025-08-01T03:35:22.191+0000] GC(22) Pause Young (Allocation Failure)
[2025-08-01T03:35:22.935+0000] GC(22) DefNew: 1233446K(1258304K)->139775K(1258304K) Eden: 1118528K(1118528K)->0K(1118528K) From: 114918K(139776K)->139775K(139776K)
[2025-08-01T03:35:22.935+0000] GC(22) Tenured: 856745K(2796224K)->1940285K(2796224K)
[2025-08-01T03:35:22.935+0000] GC(22) Metaspace: 10661K(10880K)->10661K(10880K) NonClass: 9396K(9536K)->9396K(9536K) Class: 1265K(1344K)->1265K(1344K)
[2025-08-01T03:35:22.935+0000] GC(22) Pause Young (Allocation Failure) 2041M->2031M(3959M) 743.940ms
[2025-08-01T03:35:22.935+0000] GC(22) User=0.75s Sys=0.00s Real=0.75s
[2025-08-01T03:35:23.190+0000] GC(23) Pause Young (Allocation Failure)
[2025-08-01T03:35:23.191+0000] GC(23) Pause Young (Allocation Failure) 3123M->3123M(3959M) 0.097ms
[2025-08-01T03:35:23.191+0000] GC(23) User=0.00s Sys=0.00s Real=0.00s
[2025-08-01T03:35:23.191+0000] GC(24) Pause Full (Allocation Failure)
[2025-08-01T03:35:23.191+0000] GC(24) Phase 1: Mark live objects
[2025-08-01T03:35:23.296+0000] GC(24) Phase 1: Mark live objects 104.889ms
[2025-08-01T03:35:23.296+0000] GC(24) Phase 2: Compute new object addresses
[2025-08-01T03:35:23.829+0000] GC(24) Phase 2: Compute new object addresses 532.977ms
[2025-08-01T03:35:23.829+0000] GC(24) Phase 3: Adjust pointers
[2025-08-01T03:35:23.930+0000] GC(24) Phase 3: Adjust pointers 100.948ms
[2025-08-01T03:35:23.930+0000] GC(24) Phase 4: Move objects
[2025-08-01T03:35:24.138+0000] GC(24) Phase 4: Move objects 208.628ms
[2025-08-01T03:35:24.140+0000] GC(24) DefNew: 1258303K(1258304K)->0K(1258304K) Eden: 1118528K(1118528K)->0K(1118528K) From: 139775K(139776K)->0K(139776K)
[2025-08-01T03:35:24.140+0000] GC(24) Tenured: 1940285K(2796224K)->600894K(2796224K)
[2025-08-01T03:35:24.140+0000] GC(24) Metaspace: 10661K(10880K)->10661K(10880K) NonClass: 9396K(9536K)->9396K(9536K) Class: 1265K(1344K)->1265K(1344K)
[2025-08-01T03:35:24.140+0000] GC(24) Pause Full (Allocation Failure) 3123M->586M(3959M) 949.314ms
[2025-08-01T03:35:24.140+0000] GC(24) User=0.95s Sys=0.00s Real=0.95s
[2025-08-01T03:35:24.387+0000] GC(25) Pause Young (Allocation Failure)
[2025-08-01T03:35:24.936+0000] GC(25) DefNew: 1118528K(1258304K)->139775K(1258304K) Eden: 1118528K(1118528K)->0K(1118528K) From: 0K(139776K)->139775K(139776K)
[2025-08-01T03:35:24.936+0000] GC(25) Tenured: 600894K(2796224K)->1303644K(2796224K)
[2025-08-01T03:35:24.936+0000] GC(25) Metaspace: 10661K(10880K)->10661K(10880K) NonClass: 9396K(9536K)->9396K(9536K) Class: 1265K(1344K)->1265K(1344K)
[2025-08-01T03:35:24.936+0000] GC(25) Pause Young (Allocation Failure) 1679M->1409M(3959M) 549.209ms
[2025-08-01T03:35:24.937+0000] GC(25) User=0.55s Sys=0.00s Real=0.55s
[2025-08-01T03:35:25.188+0000] GC(26) Pause Young (Allocation Failure)
[2025-08-01T03:35:25.746+0000] GC(26) DefNew: 1258303K(1258304K)->139776K(1258304K) Eden: 1118528K(1118528K)->0K(1118528K) From: 139775K(139776K)->139776K(139776K)
[2025-08-01T03:35:25.746+0000] GC(26) Tenured: 1303644K(2796224K)->2025868K(2796224K)
[2025-08-01T03:35:25.746+0000] GC(26) Metaspace: 10661K(10880K)->10661K(10880K) NonClass: 9396K(9536K)->9396K(9536K) Class: 1265K(1344K)->1265K(1344K)
[2025-08-01T03:35:25.746+0000] GC(26) Pause Young (Allocation Failure) 2501M->2114M(3959M) 558.432ms
[2025-08-01T03:35:25.746+0000] GC(26) User=0.56s Sys=0.00s Real=0.56s
[2025-08-01T03:35:25.985+0000] GC(27) Pause Young (Allocation Failure)
[2025-08-01T03:35:25.985+0000] GC(27) Pause Young (Allocation Failure) 3207M->3207M(3959M) 0.098ms
[2025-08-01T03:35:25.985+0000] GC(27) User=0.00s Sys=0.00s Real=0.00s
[2025-08-01T03:35:25.985+0000] GC(28) Pause Full (Allocation Failure)
[2025-08-01T03:35:25.985+0000] GC(28) Phase 1: Mark live objects
[2025-08-01T03:35:26.018+0000] GC(28) Phase 1: Mark live objects 33.633ms
[2025-08-01T03:35:26.018+0000] GC(28) Phase 2: Compute new object addresses
[2025-08-01T03:35:26.508+0000] GC(28) Phase 2: Compute new object addresses 489.722ms
[2025-08-01T03:35:26.508+0000] GC(28) Phase 3: Adjust pointers
[2025-08-01T03:35:26.538+0000] GC(28) Phase 3: Adjust pointers 30.003ms
[2025-08-01T03:35:26.538+0000] GC(28) Phase 4: Move objects
[2025-08-01T03:35:26.592+0000] GC(28) Phase 4: Move objects 53.192ms
[2025-08-01T03:35:26.593+0000] GC(28) DefNew: 1258304K(1258304K)->0K(1258304K) Eden: 1118528K(1118528K)->0K(1118528K) From: 139776K(139776K)->0K(139776K)
[2025-08-01T03:35:26.593+0000] GC(28) Tenured: 2025868K(2796224K)->238401K(2796224K)
[2025-08-01T03:35:26.593+0000] GC(28) Metaspace: 10661K(10880K)->10661K(10880K) NonClass: 9396K(9536K)->9396K(9536K) Class: 1265K(1344K)->1265K(1344K)
[2025-08-01T03:35:26.593+0000] GC(28) Pause Full (Allocation Failure) 3207M->232M(3959M) 608.518ms
[2025-08-01T03:35:26.593+0000] GC(28) User=0.61s Sys=0.00s Real=0.61s
[2025-08-01T03:35:26.835+0000] GC(29) Pause Young (Allocation Failure)
[2025-08-01T03:35:27.594+0000] GC(29) DefNew: 1118528K(1258304K)->139776K(1258304K) Eden: 1118528K(1118528K)->0K(1118528K) From: 0K(139776K)->139776K(139776K)
[2025-08-01T03:35:27.594+0000] GC(29) Tenured: 238401K(2796224K)->1208296K(2796224K)
[2025-08-01T03:35:27.594+0000] GC(29) Metaspace: 10661K(10880K)->10661K(10880K) NonClass: 9396K(9536K)->9396K(9536K) Class: 1265K(1344K)->1265K(1344K)
[2025-08-01T03:35:27.594+0000] GC(29) Pause Young (Allocation Failure) 1325M->1316M(3959M) 759.244ms
[2025-08-01T03:35:27.594+0000] GC(29) User=0.76s Sys=0.00s Real=0.76s
[2025-08-01T03:35:27.849+0000] GC(30) Pause Young (Allocation Failure)
[2025-08-01T03:35:28.197+0000] GC(30) DefNew: 1258304K(1258304K)->139775K(1258304K) Eden: 1118528K(1118528K)->0K(1118528K) From: 139776K(139776K)->139775K(139776K)
[2025-08-01T03:35:28.197+0000] GC(30) Tenured: 1208296K(2796224K)->1566316K(2796224K)
[2025-08-01T03:35:28.197+0000] GC(30) Metaspace: 10661K(10880K)->10661K(10880K) NonClass: 9396K(9536K)->9396K(9536K) Class: 1265K(1344K)->1265K(1344K)
[2025-08-01T03:35:28.197+0000] GC(30) Pause Young (Allocation Failure) 2408M->1666M(3959M) 348.022ms
[2025-08-01T03:35:28.197+0000] GC(30) User=0.35s Sys=0.00s Real=0.35s
[2025-08-01T03:35:28.434+0000] GC(31) Pause Young (Allocation Failure)
[2025-08-01T03:35:28.435+0000] GC(31) Pause Young (Allocation Failure) 2758M->2758M(3959M) 0.179ms
[2025-08-01T03:35:28.435+0000] GC(31) User=0.00s Sys=0.00s Real=0.00s
[2025-08-01T03:35:28.435+0000] GC(32) Pause Full (Allocation Failure)
[2025-08-01T03:35:28.435+0000] GC(32) Phase 1: Mark live objects
[2025-08-01T03:35:28.654+0000] GC(32) Phase 1: Mark live objects 219.525ms
[2025-08-01T03:35:28.654+0000] GC(32) Phase 2: Compute new object addresses
[2025-08-01T03:35:29.041+0000] GC(32) Phase 2: Compute new object addresses 386.713ms
[2025-08-01T03:35:29.041+0000] GC(32) Phase 3: Adjust pointers
[2025-08-01T03:35:29.240+0000] GC(32) Phase 3: Adjust pointers 198.302ms
[2025-08-01T03:35:29.240+0000] GC(32) Phase 4: Move objects
[2025-08-01T03:35:29.653+0000] GC(32) Phase 4: Move objects 412.930ms
[2025-08-01T03:35:29.653+0000] GC(32) DefNew: 1258303K(1258304K)->0K(1258304K) Eden: 1118528K(1118528K)->0K(1118528K) From: 139775K(139776K)->0K(139776K)
[2025-08-01T03:35:29.653+0000] GC(32) Tenured: 1566316K(2796224K)->1150605K(2796224K)
[2025-08-01T03:35:29.653+0000] GC(32) Metaspace: 10661K(10880K)->10661K(10880K) NonClass: 9396K(9536K)->9396K(9536K) Class: 1265K(1344K)->1265K(1344K)
[2025-08-01T03:35:29.653+0000] GC(32) Pause Full (Allocation Failure) 2758M->1123M(3959M) 1218.223ms
[2025-08-01T03:35:29.653+0000] GC(32) User=1.22s Sys=0.00s Real=1.21s
[2025-08-01T03:35:29.937+0000] GC(33) Pause Young (Allocation Failure)
[2025-08-01T03:35:30.541+0000] GC(33) DefNew: 1118528K(1258304K)->139776K(1258304K) Eden: 1118528K(1118528K)->0K(1118528K) From: 0K(139776K)->139776K(139776K)
[2025-08-01T03:35:30.541+0000] GC(33) Tenured: 1150605K(2796224K)->1875089K(2796224K)
[2025-08-01T03:35:30.541+0000] GC(33) Metaspace: 10661K(10880K)->10661K(10880K) NonClass: 9396K(9536K)->9396K(9536K) Class: 1265K(1344K)->1265K(1344K)
[2025-08-01T03:35:30.541+0000] GC(33) Pause Young (Allocation Failure) 2215M->1967M(3959M) 604.287ms
[2025-08-01T03:35:30.541+0000] GC(33) User=0.60s Sys=0.00s Real=0.60s
[2025-08-01T03:35:30.787+0000] GC(34) Pause Young (Allocation Failure)
[2025-08-01T03:35:30.787+0000] GC(34) Pause Young (Allocation Failure) 3059M->3059M(3959M) 0.094ms
[2025-08-01T03:35:30.787+0000] GC(34) User=0.01s Sys=0.00s Real=0.00s
[2025-08-01T03:35:30.787+0000] GC(35) Pause Full (Allocation Failure)
[2025-08-01T03:35:30.787+0000] GC(35) Phase 1: Mark live objects
[2025-08-01T03:35:30.820+0000] GC(35) Phase 1: Mark live objects 33.270ms
[2025-08-01T03:35:30.820+0000] GC(35) Phase 2: Compute new object addresses
[2025-08-01T03:35:31.289+0000] GC(35) Phase 2: Compute new object addresses 468.625ms
[2025-08-01T03:35:31.289+0000] GC(35) Phase 3: Adjust pointers
[2025-08-01T03:35:31.319+0000] GC(35) Phase 3: Adjust pointers 29.926ms
[2025-08-01T03:35:31.319+0000] GC(35) Phase 4: Move objects
[2025-08-01T03:35:31.373+0000] GC(35) Phase 4: Move objects 53.897ms
[2025-08-01T03:35:31.374+0000] GC(35) DefNew: 1258304K(1258304K)->0K(1258304K) Eden: 1118528K(1118528K)->0K(1118528K) From: 139776K(139776K)->0K(139776K)
[2025-08-01T03:35:31.374+0000] GC(35) Tenured: 1875089K(2796224K)->141560K(2796224K)
[2025-08-01T03:35:31.374+0000] GC(35) Metaspace: 10661K(10880K)->10661K(10880K) NonClass: 9396K(9536K)->9396K(9536K) Class: 1265K(1344K)->1265K(1344K)
[2025-08-01T03:35:31.374+0000] GC(35) Pause Full (Allocation Failure) 3059M->138M(3959M) 587.381ms
[2025-08-01T03:35:31.375+0000] GC(35) User=0.59s Sys=0.00s Real=0.59s
[2025-08-01T03:35:31.644+0000] GC(36) Pause Young (Allocation Failure)
[2025-08-01T03:35:32.401+0000] GC(36) DefNew: 1118528K(1258304K)->139775K(1258304K) Eden: 1118528K(1118528K)->0K(1118528K) From: 0K(139776K)->139775K(139776K)
[2025-08-01T03:35:32.401+0000] GC(36) Tenured: 141560K(2796224K)->1115461K(2796224K)
[2025-08-01T03:35:32.401+0000] GC(36) Metaspace: 10661K(10880K)->10661K(10880K) NonClass: 9396K(9536K)->9396K(9536K) Class: 1265K(1344K)->1265K(1344K)
[2025-08-01T03:35:32.401+0000] GC(36) Pause Young (Allocation Failure) 1230M->1225M(3959M) 756.365ms
[2025-08-01T03:35:32.401+0000] GC(36) User=0.76s Sys=0.00s Real=0.75s
[2025-08-01T03:35:32.635+0000] GC(37) Pause Young (Allocation Failure)
[2025-08-01T03:35:32.977+0000] GC(37) DefNew: 1258303K(1258304K)->139776K(1258304K) Eden: 1118528K(1118528K)->0K(1118528K) From: 139775K(139776K)->139776K(139776K)
[2025-08-01T03:35:32.978+0000] GC(37) Tenured: 1115461K(2796224K)->1476150K(2796224K)
[2025-08-01T03:35:32.978+0000] GC(37) Metaspace: 10661K(10880K)->10661K(10880K) NonClass: 9396K(9536K)->9396K(9536K) Class: 1265K(1344K)->1265K(1344K)
[2025-08-01T03:35:32.978+0000] GC(37) Pause Young (Allocation Failure) 2318M->1578M(3959M) 343.115ms
[2025-08-01T03:35:32.978+0000] GC(37) User=0.34s Sys=0.00s Real=0.34s
[2025-08-01T03:35:33.212+0000] GC(38) Pause Young (Allocation Failure)
[2025-08-01T03:35:33.867+0000] GC(38) DefNew: 1258304K(1258304K)->139776K(1258304K) Eden: 1118528K(1118528K)->0K(1118528K) From: 139776K(139776K)->139776K(139776K)
[2025-08-01T03:35:33.867+0000] GC(38) Tenured: 1476150K(2796224K)->2258886K(2796224K)
[2025-08-01T03:35:33.867+0000] GC(38) Metaspace: 10661K(10880K)->10661K(10880K) NonClass: 9396K(9536K)->9396K(9536K) Class: 1265K(1344K)->1265K(1344K)
[2025-08-01T03:35:33.867+0000] GC(38) Pause Young (Allocation Failure) 2670M->2342M(3959M) 655.029ms
[2025-08-01T03:35:33.867+0000] GC(38) User=0.56s Sys=0.10s Real=0.66s
[2025-08-01T03:35:34.100+0000] GC(39) Pause Young (Allocation Failure)
[2025-08-01T03:35:34.100+0000] GC(39) Pause Young (Allocation Failure) 3434M->3434M(3959M) 0.104ms
[2025-08-01T03:35:34.100+0000] GC(39) User=0.00s Sys=0.00s Real=0.00s
[2025-08-01T03:35:34.100+0000] GC(40) Pause Full (Allocation Failure)
[2025-08-01T03:35:34.100+0000] GC(40) Phase 1: Mark live objects
[2025-08-01T03:35:34.288+0000] GC(40) Phase 1: Mark live objects 188.212ms
[2025-08-01T03:35:34.288+0000] GC(40) Phase 2: Compute new object addresses
[2025-08-01T03:35:34.772+0000] GC(40) Phase 2: Compute new object addresses 483.172ms
[2025-08-01T03:35:34.772+0000] GC(40) Phase 3: Adjust pointers
[2025-08-01T03:35:34.921+0000] GC(40) Phase 3: Adjust pointers 149.312ms
[2025-08-01T03:35:34.921+0000] GC(40) Phase 4: Move objects
[2025-08-01T03:35:35.282+0000] GC(40) Phase 4: Move objects 360.696ms
[2025-08-01T03:35:35.283+0000] GC(40) DefNew: 1258304K(1258304K)->0K(1258304K) Eden: 1118528K(1118528K)->0K(1118528K) From: 139776K(139776K)->0K(139776K)
[2025-08-01T03:35:35.283+0000] GC(40) Tenured: 2258886K(2796224K)->1016061K(2796224K)
[2025-08-01T03:35:35.283+0000] GC(40) Metaspace: 10661K(10880K)->10661K(10880K) NonClass: 9396K(9536K)->9396K(9536K) Class: 1265K(1344K)->1265K(1344K)
[2025-08-01T03:35:35.283+0000] GC(40) Pause Full (Allocation Failure) 3434M->992M(3959M) 1183.167ms
[2025-08-01T03:35:35.283+0000] GC(40) User=1.19s Sys=0.00s Real=1.19s
[2025-08-01T03:35:35.512+0000] GC(41) Pause Young (Allocation Failure)
[2025-08-01T03:35:35.601+0000] GC(41) DefNew: 1118528K(1258304K)->138628K(1258304K) Eden: 1118528K(1118528K)->0K(1118528K) From: 0K(139776K)->138628K(139776K)
[2025-08-01T03:35:35.601+0000] GC(41) Tenured: 1016061K(2796224K)->1016061K(2796224K)
[2025-08-01T03:35:35.601+0000] GC(41) Metaspace: 10661K(10880K)->10661K(10880K) NonClass: 9396K(9536K)->9396K(9536K) Class: 1265K(1344K)->1265K(1344K)
[2025-08-01T03:35:35.601+0000] GC(41) Pause Young (Allocation Failure) 2084M->1127M(3959M) 89.352ms
[2025-08-01T03:35:35.601+0000] GC(41) User=0.08s Sys=0.01s Real=0.09s
[2025-08-01T03:35:35.829+0000] GC(42) Pause Young (Allocation Failure)
[2025-08-01T03:35:36.626+0000] GC(42) DefNew: 1257156K(1258304K)->139775K(1258304K) Eden: 1118528K(1118528K)->0K(1118528K) From: 138628K(139776K)->139775K(139776K)
[2025-08-01T03:35:36.626+0000] GC(42) Tenured: 1016061K(2796224K)->2123000K(2796224K)
[2025-08-01T03:35:36.626+0000] GC(42) Metaspace: 10661K(10880K)->10661K(10880K) NonClass: 9396K(9536K)->9396K(9536K) Class: 1265K(1344K)->1265K(1344K)
[2025-08-01T03:35:36.627+0000] GC(42) Pause Young (Allocation Failure) 2219M->2209M(3959M) 797.153ms
[2025-08-01T03:35:36.627+0000] GC(42) User=0.79s Sys=0.00s Real=0.80s
[2025-08-01T03:35:36.871+0000] GC(43) Pause Young (Allocation Failure)
[2025-08-01T03:35:36.871+0000] GC(43) Pause Young (Allocation Failure) 3302M->3302M(3959M) 0.114ms
[2025-08-01T03:35:36.871+0000] GC(43) User=0.00s Sys=0.00s Real=0.00s
[2025-08-01T03:35:36.871+0000] GC(44) Pause Full (Allocation Failure)
[2025-08-01T03:35:36.871+0000] GC(44) Phase 1: Mark live objects
[2025-08-01T03:35:36.992+0000] GC(44) Phase 1: Mark live objects 121.456ms
[2025-08-01T03:35:36.993+0000] GC(44) Phase 2: Compute new object addresses
[2025-08-01T03:35:37.487+0000] GC(44) Phase 2: Compute new object addresses 494.780ms
[2025-08-01T03:35:37.487+0000] GC(44) Phase 3: Adjust pointers
[2025-08-01T03:35:37.571+0000] GC(44) Phase 3: Adjust pointers 83.402ms
[2025-08-01T03:35:37.571+0000] GC(44) Phase 4: Move objects
[2025-08-01T03:35:37.769+0000] GC(44) Phase 4: Move objects 198.273ms
[2025-08-01T03:35:37.770+0000] GC(44) DefNew: 1258303K(1258304K)->0K(1258304K) Eden: 1118528K(1118528K)->0K(1118528K) From: 139775K(139776K)->0K(139776K)
[2025-08-01T03:35:37.770+0000] GC(44) Tenured: 2123000K(2796224K)->652890K(2796224K)
[2025-08-01T03:35:37.770+0000] GC(44) Metaspace: 10661K(10880K)->10661K(10880K) NonClass: 9396K(9536K)->9396K(9536K) Class: 1265K(1344K)->1265K(1344K)
[2025-08-01T03:35:37.771+0000] GC(44) Pause Full (Allocation Failure) 3302M->637M(3959M) 899.528ms
[2025-08-01T03:35:37.771+0000] GC(44) User=0.90s Sys=0.00s Real=0.90s
[2025-08-01T03:35:37.998+0000] GC(45) Pause Young (Allocation Failure)
[2025-08-01T03:35:38.548+0000] GC(45) DefNew: 1118528K(1258304K)->139775K(1258304K) Eden: 1118528K(1118528K)->0K(1118528K) From: 0K(139776K)->139775K(139776K)
[2025-08-01T03:35:38.548+0000] GC(45) Tenured: 652890K(2796224K)->1343882K(2796224K)
[2025-08-01T03:35:38.549+0000] GC(45) Metaspace: 10661K(10880K)->10661K(10880K) NonClass: 9396K(9536K)->9396K(9536K) Class: 1265K(1344K)->1265K(1344K)
[2025-08-01T03:35:38.549+0000] GC(45) Pause Young (Allocation Failure) 1729M->1448M(3959M) 550.408ms
[2025-08-01T03:35:38.549+0000] GC(45) User=0.55s Sys=0.00s Real=0.55s
[2025-08-01T03:35:38.777+0000] GC(46) Pause Young (Allocation Failure)
[2025-08-01T03:35:39.309+0000] GC(46) DefNew: 1258303K(1258304K)->139775K(1258304K) Eden: 1118528K(1118528K)->0K(1118528K) From: 139775K(139776K)->139775K(139776K)
[2025-08-01T03:35:39.309+0000] GC(46) Tenured: 1343882K(2796224K)->2087038K(2796224K)
[2025-08-01T03:35:39.309+0000] GC(46) Metaspace: 10661K(10880K)->10661K(10880K) NonClass: 9396K(9536K)->9396K(9536K) Class: 1265K(1344K)->1265K(1344K)
[2025-08-01T03:35:39.309+0000] GC(46) Pause Young (Allocation Failure) 2541M->2174M(3959M) 531.560ms
[2025-08-01T03:35:39.309+0000] GC(46) User=0.53s Sys=0.00s Real=0.53s
[2025-08-01T03:35:39.532+0000] GC(47) Pause Young (Allocation Failure)
[2025-08-01T03:35:39.532+0000] GC(47) Pause Young (Allocation Failure) 3266M->3266M(3959M) 0.097ms
[2025-08-01T03:35:39.532+0000] GC(47) User=0.01s Sys=0.00s Real=0.00s
[2025-08-01T03:35:39.532+0000] GC(48) Pause Full (Allocation Failure)
[2025-08-01T03:35:39.532+0000] GC(48) Phase 1: Mark live objects
[2025-08-01T03:35:39.570+0000] GC(48) Phase 1: Mark live objects 37.794ms
[2025-08-01T03:35:39.570+0000] GC(48) Phase 2: Compute new object addresses
[2025-08-01T03:35:40.080+0000] GC(48) Phase 2: Compute new object addresses 510.064ms
[2025-08-01T03:35:40.080+0000] GC(48) Phase 3: Adjust pointers
[2025-08-01T03:35:40.108+0000] GC(48) Phase 3: Adjust pointers 27.963ms
[2025-08-01T03:35:40.108+0000] GC(48) Phase 4: Move objects
[2025-08-01T03:35:40.164+0000] GC(48) Phase 4: Move objects 55.258ms
[2025-08-01T03:35:40.165+0000] GC(48) DefNew: 1258303K(1258304K)->0K(1258304K) Eden: 1118528K(1118528K)->0K(1118528K) From: 139775K(139776K)->0K(139776K)
[2025-08-01T03:35:40.165+0000] GC(48) Tenured: 2087038K(2796224K)->152842K(2796224K)
[2025-08-01T03:35:40.165+0000] GC(48) Metaspace: 10661K(10880K)->10661K(10880K) NonClass: 9396K(9536K)->9396K(9536K) Class: 1265K(1344K)->1265K(1344K)
[2025-08-01T03:35:40.165+0000] GC(48) Pause Full (Allocation Failure) 3266M->149M(3959M) 632.305ms
[2025-08-01T03:35:40.165+0000] GC(48) User=0.63s Sys=0.00s Real=0.64s
[2025-08-01T03:35:40.392+0000] GC(49) Pause Young (Allocation Failure)
[2025-08-01T03:35:41.110+0000] GC(49) DefNew: 1118528K(1258304K)->139775K(1258304K) Eden: 1118528K(1118528K)->0K(1118528K) From: 0K(139776K)->139775K(139776K)
[2025-08-01T03:35:41.110+0000] GC(49) Tenured: 152842K(2796224K)->1125079K(2796224K)
[2025-08-01T03:35:41.110+0000] GC(49) Metaspace: 10661K(10880K)->10661K(10880K) NonClass: 9396K(9536K)->9396K(9536K) Class: 1265K(1344K)->1265K(1344K)
[2025-08-01T03:35:41.110+0000] GC(49) Pause Young (Allocation Failure) 1241M->1235M(3959M) 718.260ms
[2025-08-01T03:35:41.110+0000] GC(49) User=0.72s Sys=0.00s Real=0.72s
[2025-08-01T03:35:41.335+0000] GC(50) Pause Young (Allocation Failure)
[2025-08-01T03:35:41.665+0000] GC(50) DefNew: 1258303K(1258304K)->139775K(1258304K) Eden: 1118528K(1118528K)->0K(1118528K) From: 139775K(139776K)->139775K(139776K)
[2025-08-01T03:35:41.665+0000] GC(50) Tenured: 1125079K(2796224K)->1500990K(2796224K)
[2025-08-01T03:35:41.665+0000] GC(50) Metaspace: 10661K(10880K)->10661K(10880K) NonClass: 9396K(9536K)->9396K(9536K) Class: 1265K(1344K)->1265K(1344K)
[2025-08-01T03:35:41.665+0000] GC(50) Pause Young (Allocation Failure) 2327M->1602M(3959M) 329.392ms
[2025-08-01T03:35:41.665+0000] GC(50) User=0.33s Sys=0.00s Real=0.33s
[2025-08-01T03:35:41.883+0000] GC(51) Pause Young (Allocation Failure)
[2025-08-01T03:35:42.505+0000] GC(51) DefNew: 1258303K(1258304K)->139775K(1258304K) Eden: 1118528K(1118528K)->0K(1118528K) From: 139775K(139776K)->139775K(139776K)
[2025-08-01T03:35:42.506+0000] GC(51) Tenured: 1500990K(2796224K)->2282734K(2796224K)
[2025-08-01T03:35:42.506+0000] GC(51) Metaspace: 10661K(10880K)->10661K(10880K) NonClass: 9396K(9536K)->9396K(9536K) Class: 1265K(1344K)->1265K(1344K)
[2025-08-01T03:35:42.506+0000] GC(51) Pause Young (Allocation Failure) 2694M->2365M(3959M) 622.544ms
[2025-08-01T03:35:42.506+0000] GC(51) User=0.60s Sys=0.03s Real=0.62s
[2025-08-01T03:35:42.732+0000] GC(52) Pause Young (Allocation Failure)
[2025-08-01T03:35:42.733+0000] GC(52) Pause Young (Allocation Failure) 3458M->3458M(3959M) 0.098ms
[2025-08-01T03:35:42.733+0000] GC(52) User=0.00s Sys=0.00s Real=0.00s
[2025-08-01T03:35:42.733+0000] GC(53) Pause Full (Allocation Failure)
[2025-08-01T03:35:42.733+0000] GC(53) Phase 1: Mark live objects
[2025-08-01T03:35:42.942+0000] GC(53) Phase 1: Mark live objects 208.987ms
[2025-08-01T03:35:42.942+0000] GC(53) Phase 2: Compute new object addresses
[2025-08-01T03:35:43.407+0000] GC(53) Phase 2: Compute new object addresses 465.095ms
[2025-08-01T03:35:43.407+0000] GC(53) Phase 3: Adjust pointers
[2025-08-01T03:35:43.572+0000] GC(53) Phase 3: Adjust pointers 165.400ms
[2025-08-01T03:35:43.572+0000] GC(53) Phase 4: Move objects
[2025-08-01T03:35:43.958+0000] GC(53) Phase 4: Move objects 386.059ms
[2025-08-01T03:35:43.960+0000] GC(53) DefNew: 1258303K(1258304K)->0K(1258304K) Eden: 1118528K(1118528K)->0K(1118528K) From: 139775K(139776K)->0K(139776K)
[2025-08-01T03:35:43.960+0000] GC(53) Tenured: 2282734K(2796224K)->1010284K(2796224K)
[2025-08-01T03:35:43.960+0000] GC(53) Metaspace: 10661K(10880K)->10661K(10880K) NonClass: 9396K(9536K)->9396K(9536K) Class: 1265K(1344K)->1265K(1344K)
[2025-08-01T03:35:43.960+0000] GC(53) Pause Full (Allocation Failure) 3458M->986M(3959M) 1227.351ms
[2025-08-01T03:35:43.960+0000] GC(53) User=1.24s Sys=0.00s Real=1.23s
[2025-08-01T03:35:44.171+0000] GC(54) Pause Young (Allocation Failure)
[2025-08-01T03:35:44.259+0000] GC(54) DefNew: 1118528K(1258304K)->139775K(1258304K) Eden: 1118528K(1118528K)->0K(1118528K) From: 0K(139776K)->139775K(139776K)
[2025-08-01T03:35:44.259+0000] GC(54) Tenured: 1010284K(2796224K)->1022806K(2796224K)
[2025-08-01T03:35:44.259+0000] GC(54) Metaspace: 10661K(10880K)->10661K(10880K) NonClass: 9396K(9536K)->9396K(9536K) Class: 1265K(1344K)->1265K(1344K)
[2025-08-01T03:35:44.259+0000] GC(54) Pause Young (Allocation Failure) 2078M->1135M(3959M) 87.943ms
[2025-08-01T03:35:44.259+0000] GC(54) User=0.09s Sys=0.00s Real=0.09s
[2025-08-01T03:35:44.479+0000] GC(55) Pause Young (Allocation Failure)
[2025-08-01T03:35:45.253+0000] GC(55) DefNew: 1258303K(1258304K)->139776K(1258304K) Eden: 1118528K(1118528K)->0K(1118528K) From: 139775K(139776K)->139776K(139776K)
[2025-08-01T03:35:45.253+0000] GC(55) Tenured: 1022806K(2796224K)->2130936K(2796224K)
[2025-08-01T03:35:45.254+0000] GC(55) Metaspace: 10661K(10880K)->10661K(10880K) NonClass: 9396K(9536K)->9396K(9536K) Class: 1265K(1344K)->1265K(1344K)
[2025-08-01T03:35:45.254+0000] GC(55) Pause Young (Allocation Failure) 2227M->2217M(3959M) 774.701ms
[2025-08-01T03:35:45.254+0000] GC(55) User=0.78s Sys=0.00s Real=0.78s
[2025-08-01T03:35:45.470+0000] GC(56) Pause Young (Allocation Failure)
[2025-08-01T03:35:45.470+0000] GC(56) Pause Young (Allocation Failure) 3309M->3309M(3959M) 0.094ms
[2025-08-01T03:35:45.470+0000] GC(56) User=0.00s Sys=0.00s Real=0.00s
[2025-08-01T03:35:45.470+0000] GC(57) Pause Full (Allocation Failure)
[2025-08-01T03:35:45.470+0000] GC(57) Phase 1: Mark live objects
[2025-08-01T03:35:45.578+0000] GC(57) Phase 1: Mark live objects 108.229ms
[2025-08-01T03:35:45.578+0000] GC(57) Phase 2: Compute new object addresses
[2025-08-01T03:35:46.142+0000] GC(57) Phase 2: Compute new object addresses 563.812ms
[2025-08-01T03:35:46.142+0000] GC(57) Phase 3: Adjust pointers
[2025-08-01T03:35:46.233+0000] GC(57) Phase 3: Adjust pointers 90.433ms
[2025-08-01T03:35:46.233+0000] GC(57) Phase 4: Move objects
[2025-08-01T03:35:46.477+0000] GC(57) Phase 4: Move objects 243.809ms
[2025-08-01T03:35:46.478+0000] GC(57) DefNew: 1258304K(1258304K)->0K(1258304K) Eden: 1118528K(1118528K)->0K(1118528K) From: 139776K(139776K)->0K(139776K)
[2025-08-01T03:35:46.478+0000] GC(57) Tenured: 2130936K(2796224K)->647140K(2796224K)
[2025-08-01T03:35:46.478+0000] GC(57) Metaspace: 10661K(10880K)->10661K(10880K) NonClass: 9396K(9536K)->9396K(9536K) Class: 1265K(1344K)->1265K(1344K)
[2025-08-01T03:35:46.478+0000] GC(57) Pause Full (Allocation Failure) 3309M->631M(3959M) 1008.366ms
[2025-08-01T03:35:46.478+0000] GC(57) User=1.01s Sys=0.00s Real=1.01s
[2025-08-01T03:35:46.704+0000] GC(58) Pause Young (Allocation Failure)
[2025-08-01T03:35:47.234+0000] GC(58) DefNew: 1118528K(1258304K)->139775K(1258304K) Eden: 1118528K(1118528K)->0K(1118528K) From: 0K(139776K)->139775K(139776K)
[2025-08-01T03:35:47.234+0000] GC(58) Tenured: 647140K(2796224K)->1338362K(2796224K)
[2025-08-01T03:35:47.234+0000] GC(58) Metaspace: 10661K(10880K)->10661K(10880K) NonClass: 9396K(9536K)->9396K(9536K) Class: 1265K(1344K)->1265K(1344K)
[2025-08-01T03:35:47.234+0000] GC(58) Pause Young (Allocation Failure) 1724M->1443M(3959M) 529.553ms
[2025-08-01T03:35:47.234+0000] GC(58) User=0.53s Sys=0.00s Real=0.52s
[2025-08-01T03:35:47.447+0000] GC(59) Pause Young (Allocation Failure)
[2025-08-01T03:35:48.020+0000] GC(59) DefNew: 1258303K(1258304K)->139775K(1258304K) Eden: 1118528K(1118528K)->0K(1118528K) From: 139775K(139776K)->139775K(139776K)
[2025-08-01T03:35:48.020+0000] GC(59) Tenured: 1338362K(2796224K)->2095602K(2796224K)
[2025-08-01T03:35:48.020+0000] GC(59) Metaspace: 10661K(10880K)->10661K(10880K) NonClass: 9396K(9536K)->9396K(9536K) Class: 1265K(1344K)->1265K(1344K)
[2025-08-01T03:35:48.020+0000] GC(59) Pause Young (Allocation Failure) 2535M->2182M(3959M) 573.859ms
[2025-08-01T03:35:48.021+0000] GC(59) User=0.57s Sys=0.00s Real=0.57s
[2025-08-01T03:35:48.241+0000] GC(60) Pause Young (Allocation Failure)
[2025-08-01T03:35:48.241+0000] GC(60) Pause Young (Allocation Failure) 3275M->3275M(3959M) 0.094ms
[2025-08-01T03:35:48.241+0000] GC(60) User=0.00s Sys=0.00s Real=0.00s
[2025-08-01T03:35:48.241+0000] GC(61) Pause Full (Allocation Failure)
[2025-08-01T03:35:48.241+0000] GC(61) Phase 1: Mark live objects
[2025-08-01T03:35:48.283+0000] GC(61) Phase 1: Mark live objects 42.163ms
[2025-08-01T03:35:48.284+0000] GC(61) Phase 2: Compute new object addresses
[2025-08-01T03:35:48.738+0000] GC(61) Phase 2: Compute new object addresses 454.835ms
[2025-08-01T03:35:48.738+0000] GC(61) Phase 3: Adjust pointers
[2025-08-01T03:35:48.767+0000] GC(61) Phase 3: Adjust pointers 29.007ms
[2025-08-01T03:35:48.767+0000] GC(61) Phase 4: Move objects
[2025-08-01T03:35:48.824+0000] GC(61) Phase 4: Move objects 56.574ms
[2025-08-01T03:35:48.825+0000] GC(61) DefNew: 1258303K(1258304K)->0K(1258304K) Eden: 1118528K(1118528K)->0K(1118528K) From: 139775K(139776K)->0K(139776K)
[2025-08-01T03:35:48.825+0000] GC(61) Tenured: 2095602K(2796224K)->306996K(2796224K)
[2025-08-01T03:35:48.825+0000] GC(61) Metaspace: 10661K(10880K)->10661K(10880K) NonClass: 9396K(9536K)->9396K(9536K) Class: 1265K(1344K)->1265K(1344K)
[2025-08-01T03:35:48.825+0000] GC(61) Pause Full (Allocation Failure) 3275M->299M(3959M) 583.901ms
[2025-08-01T03:35:48.825+0000] GC(61) User=0.59s Sys=0.00s Real=0.59s
[2025-08-01T03:35:49.040+0000] GC(62) Pause Young (Allocation Failure)
[2025-08-01T03:35:49.729+0000] GC(62) DefNew: 1118528K(1258304K)->139776K(1258304K) Eden: 1118528K(1118528K)->0K(1118528K) From: 0K(139776K)->139776K(139776K)
[2025-08-01T03:35:49.729+0000] GC(62) Tenured: 306996K(2796224K)->1279237K(2796224K)
[2025-08-01T03:35:49.729+0000] GC(62) Metaspace: 10661K(10880K)->10661K(10880K) NonClass: 9396K(9536K)->9396K(9536K) Class: 1265K(1344K)->1265K(1344K)
[2025-08-01T03:35:49.729+0000] GC(62) Pause Young (Allocation Failure) 1392M->1385M(3959M) 689.402ms
[2025-08-01T03:35:49.729+0000] GC(62) User=0.69s Sys=0.00s Real=0.69s
[2025-08-01T03:35:49.944+0000] GC(63) Pause Young (Allocation Failure)
[2025-08-01T03:35:50.266+0000] GC(63) DefNew: 1258304K(1258304K)->139775K(1258304K) Eden: 1118528K(1118528K)->0K(1118528K) From: 139776K(139776K)->139775K(139776K)
[2025-08-01T03:35:50.266+0000] GC(63) Tenured: 1279237K(2796224K)->1669250K(2796224K)
[2025-08-01T03:35:50.266+0000] GC(63) Metaspace: 10661K(10880K)->10661K(10880K) NonClass: 9396K(9536K)->9396K(9536K) Class: 1265K(1344K)->1265K(1344K)
[2025-08-01T03:35:50.266+0000] GC(63) Pause Young (Allocation Failure) 2478M->1766M(3959M) 321.816ms
[2025-08-01T03:35:50.266+0000] GC(63) User=0.32s Sys=0.00s Real=0.32s
[2025-08-01T03:35:50.481+0000] GC(64) Pause Young (Allocation Failure)
[2025-08-01T03:35:50.481+0000] GC(64) Pause Young (Allocation Failure) 2858M->2858M(3959M) 0.102ms
[2025-08-01T03:35:50.481+0000] GC(64) User=0.00s Sys=0.00s Real=0.00s
[2025-08-01T03:35:50.481+0000] GC(65) Pause Full (Allocation Failure)
[2025-08-01T03:35:50.481+0000] GC(65) Phase 1: Mark live objects
[2025-08-01T03:35:50.699+0000] GC(65) Phase 1: Mark live objects 217.250ms
[2025-08-01T03:35:50.699+0000] GC(65) Phase 2: Compute new object addresses
[2025-08-01T03:35:51.116+0000] GC(65) Phase 2: Compute new object addresses 417.478ms
[2025-08-01T03:35:51.116+0000] GC(65) Phase 3: Adjust pointers
[2025-08-01T03:35:51.293+0000] GC(65) Phase 3: Adjust pointers 176.393ms
[2025-08-01T03:35:51.293+0000] GC(65) Phase 4: Move objects
[2025-08-01T03:35:51.841+0000] GC(65) Phase 4: Move objects 547.908ms
[2025-08-01T03:35:51.842+0000] GC(65) DefNew: 1258303K(1258304K)->0K(1258304K) Eden: 1118528K(1118528K)->0K(1118528K) From: 139775K(139776K)->0K(139776K)
[2025-08-01T03:35:51.842+0000] GC(65) Tenured: 1669250K(2796224K)->1190294K(2796224K)
[2025-08-01T03:35:51.842+0000] GC(65) Metaspace: 10661K(10880K)->10661K(10880K) NonClass: 9396K(9536K)->9396K(9536K) Class: 1265K(1344K)->1265K(1344K)
[2025-08-01T03:35:51.842+0000] GC(65) Pause Full (Allocation Failure) 2858M->1162M(3959M) 1360.958ms
[2025-08-01T03:35:51.842+0000] GC(65) User=1.36s Sys=0.00s Real=1.36s
[2025-08-01T03:35:52.172+0000] GC(66) Pause Young (Allocation Failure)
[2025-08-01T03:35:52.755+0000] GC(66) DefNew: 1118528K(1258304K)->139776K(1258304K) Eden: 1118528K(1118528K)->0K(1118528K) From: 0K(139776K)->139776K(139776K)
[2025-08-01T03:35:52.755+0000] GC(66) Tenured: 1190294K(2796224K)->1952614K(2796224K)
[2025-08-01T03:35:52.755+0000] GC(66) Metaspace: 10661K(10880K)->10661K(10880K) NonClass: 9396K(9536K)->9396K(9536K) Class: 1265K(1344K)->1265K(1344K)
[2025-08-01T03:35:52.755+0000] GC(66) Pause Young (Allocation Failure) 2254M->2043M(3959M) 583.006ms
[2025-08-01T03:35:52.755+0000] GC(66) User=0.59s Sys=0.00s Real=0.59s
[2025-08-01T03:35:52.970+0000] GC(67) Pause Young (Allocation Failure)
[2025-08-01T03:35:52.970+0000] GC(67) Pause Young (Allocation Failure) 3135M->3135M(3959M) 0.117ms
[2025-08-01T03:35:52.970+0000] GC(67) User=0.00s Sys=0.00s Real=0.00s
[2025-08-01T03:35:52.970+0000] GC(68) Pause Full (Allocation Failure)
[2025-08-01T03:35:52.970+0000] GC(68) Phase 1: Mark live objects
[2025-08-01T03:35:53.013+0000] GC(68) Phase 1: Mark live objects 42.409ms
[2025-08-01T03:35:53.013+0000] GC(68) Phase 2: Compute new object addresses
[2025-08-01T03:35:53.534+0000] GC(68) Phase 2: Compute new object addresses 521.310ms
[2025-08-01T03:35:53.534+0000] GC(68) Phase 3: Adjust pointers
[2025-08-01T03:35:53.569+0000] GC(68) Phase 3: Adjust pointers 35.282ms
[2025-08-01T03:35:53.569+0000] GC(68) Phase 4: Move objects
[2025-08-01T03:35:53.635+0000] GC(68) Phase 4: Move objects 66.079ms
[2025-08-01T03:35:53.637+0000] GC(68) DefNew: 1258304K(1258304K)->0K(1258304K) Eden: 1118528K(1118528K)->0K(1118528K) From: 139776K(139776K)->0K(139776K)
[2025-08-01T03:35:53.637+0000] GC(68) Tenured: 1952614K(2796224K)->194697K(2796224K)
[2025-08-01T03:35:53.637+0000] GC(68) Metaspace: 10661K(10880K)->10661K(10880K) NonClass: 9396K(9536K)->9396K(9536K) Class: 1265K(1344K)->1265K(1344K)
[2025-08-01T03:35:53.637+0000] GC(68) Pause Full (Allocation Failure) 3135M->190M(3959M) 667.026ms
[2025-08-01T03:35:53.637+0000] GC(68) User=0.67s Sys=0.00s Real=0.67s
[2025-08-01T03:35:53.849+0000] GC(69) Pause Young (Allocation Failure)
[2025-08-01T03:35:54.552+0000] GC(69) DefNew: 1118528K(1258304K)->139775K(1258304K) Eden: 1118528K(1118528K)->0K(1118528K) From: 0K(139776K)->139775K(139776K)
[2025-08-01T03:35:54.552+0000] GC(69) Tenured: 194697K(2796224K)->1163059K(2796224K)
[2025-08-01T03:35:54.553+0000] GC(69) Metaspace: 10661K(10880K)->10661K(10880K) NonClass: 9396K(9536K)->9396K(9536K) Class: 1265K(1344K)->1265K(1344K)
[2025-08-01T03:35:54.553+0000] GC(69) Pause Young (Allocation Failure) 1282M->1272M(3959M) 704.190ms
[2025-08-01T03:35:54.553+0000] GC(69) User=0.71s Sys=0.00s Real=0.71s
[2025-08-01T03:35:54.765+0000] GC(70) Pause Young (Allocation Failure)
[2025-08-01T03:35:55.126+0000] GC(70) DefNew: 1258303K(1258304K)->139775K(1258304K) Eden: 1118528K(1118528K)->0K(1118528K) From: 139775K(139776K)->139775K(139776K)
[2025-08-01T03:35:55.126+0000] GC(70) Tenured: 1163059K(2796224K)->1562002K(2796224K)
[2025-08-01T03:35:55.126+0000] GC(70) Metaspace: 10661K(10880K)->10661K(10880K) NonClass: 9396K(9536K)->9396K(9536K) Class: 1265K(1344K)->1265K(1344K)
[2025-08-01T03:35:55.126+0000] GC(70) Pause Young (Allocation Failure) 2364M->1661M(3959M) 360.620ms
[2025-08-01T03:35:55.126+0000] GC(70) User=0.36s Sys=0.00s Real=0.36s
[2025-08-01T03:35:55.344+0000] GC(71) Pause Young (Allocation Failure)
[2025-08-01T03:35:55.344+0000] GC(71) Pause Young (Allocation Failure) 2754M->2754M(3959M) 0.117ms
[2025-08-01T03:35:55.344+0000] GC(71) User=0.00s Sys=0.00s Real=0.00s
[2025-08-01T03:35:55.344+0000] GC(72) Pause Full (Allocation Failure)
[2025-08-01T03:35:55.344+0000] GC(72) Phase 1: Mark live objects
[2025-08-01T03:35:55.572+0000] GC(72) Phase 1: Mark live objects 227.926ms
[2025-08-01T03:35:55.572+0000] GC(72) Phase 2: Compute new object addresses
[2025-08-01T03:35:56.021+0000] GC(72) Phase 2: Compute new object addresses 448.581ms
[2025-08-01T03:35:56.021+0000] GC(72) Phase 3: Adjust pointers
[2025-08-01T03:35:56.197+0000] GC(72) Phase 3: Adjust pointers 176.462ms
[2025-08-01T03:35:56.197+0000] GC(72) Phase 4: Move objects
[2025-08-01T03:35:56.677+0000] GC(72) Phase 4: Move objects 479.676ms
[2025-08-01T03:35:56.678+0000] GC(72) DefNew: 1258303K(1258304K)->0K(1258304K) Eden: 1118528K(1118528K)->0K(1118528K) From: 139775K(139776K)->0K(139776K)
[2025-08-01T03:35:56.678+0000] GC(72) Tenured: 1562002K(2796224K)->1310570K(2796224K)
[2025-08-01T03:35:56.678+0000] GC(72) Metaspace: 10661K(10880K)->10661K(10880K) NonClass: 9396K(9536K)->9396K(9536K) Class: 1265K(1344K)->1265K(1344K)
[2025-08-01T03:35:56.678+0000] GC(72) Pause Full (Allocation Failure) 2754M->1279M(3959M) 1334.349ms
[2025-08-01T03:35:56.678+0000] GC(72) User=1.33s Sys=0.00s Real=1.33s
[2025-08-01T03:35:56.890+0000] GC(73) Pause Young (Allocation Failure)
[2025-08-01T03:35:57.524+0000] GC(73) DefNew: 1118528K(1258304K)->139775K(1258304K) Eden: 1118528K(1118528K)->0K(1118528K) From: 0K(139776K)->139775K(139776K)
[2025-08-01T03:35:57.524+0000] GC(73) Tenured: 1310570K(2796224K)->2081829K(2796224K)
[2025-08-01T03:35:57.524+0000] GC(73) Metaspace: 10661K(10880K)->10661K(10880K) NonClass: 9396K(9536K)->9396K(9536K) Class: 1265K(1344K)->1265K(1344K)
[2025-08-01T03:35:57.524+0000] GC(73) Pause Young (Allocation Failure) 2372M->2169M(3959M) 633.845ms
[2025-08-01T03:35:57.524+0000] GC(73) User=0.64s Sys=0.00s Real=0.64s
[2025-08-01T03:35:57.742+0000] GC(74) Pause Young (Allocation Failure)
[2025-08-01T03:35:57.742+0000] GC(74) Pause Young (Allocation Failure) 3261M->3261M(3959M) 0.102ms
[2025-08-01T03:35:57.742+0000] GC(74) User=0.00s Sys=0.00s Real=0.00s
[2025-08-01T03:35:57.742+0000] GC(75) Pause Full (Allocation Failure)
[2025-08-01T03:35:57.742+0000] GC(75) Phase 1: Mark live objects
[2025-08-01T03:35:57.786+0000] GC(75) Phase 1: Mark live objects 43.427ms
[2025-08-01T03:35:57.786+0000] GC(75) Phase 2: Compute new object addresses
[2025-08-01T03:35:58.310+0000] GC(75) Phase 2: Compute new object addresses 523.819ms
[2025-08-01T03:35:58.310+0000] GC(75) Phase 3: Adjust pointers
[2025-08-01T03:35:58.343+0000] GC(75) Phase 3: Adjust pointers 32.726ms
[2025-08-01T03:35:58.343+0000] GC(75) Phase 4: Move objects
[2025-08-01T03:35:58.404+0000] GC(75) Phase 4: Move objects 61.299ms
[2025-08-01T03:35:58.405+0000] GC(75) DefNew: 1258303K(1258304K)->0K(1258304K) Eden: 1118528K(1118528K)->0K(1118528K) From: 139775K(139776K)->0K(139776K)
[2025-08-01T03:35:58.405+0000] GC(75) Tenured: 2081829K(2796224K)->317669K(2796224K)
[2025-08-01T03:35:58.405+0000] GC(75) Metaspace: 10661K(10880K)->10661K(10880K) NonClass: 9396K(9536K)->9396K(9536K) Class: 1265K(1344K)->1265K(1344K)
[2025-08-01T03:35:58.405+0000] GC(75) Pause Full (Allocation Failure) 3261M->310M(3959M) 662.826ms
[2025-08-01T03:35:58.405+0000] GC(75) User=0.66s Sys=0.00s Real=0.67s
[2025-08-01T03:35:58.615+0000] GC(76) Pause Young (Allocation Failure)
[2025-08-01T03:35:59.297+0000] GC(76) DefNew: 1118528K(1258304K)->139775K(1258304K) Eden: 1118528K(1118528K)->0K(1118528K) From: 0K(139776K)->139775K(139776K)
[2025-08-01T03:35:59.297+0000] GC(76) Tenured: 317669K(2796224K)->1289905K(2796224K)
[2025-08-01T03:35:59.297+0000] GC(76) Metaspace: 10661K(10880K)->10661K(10880K) NonClass: 9396K(9536K)->9396K(9536K) Class: 1265K(1344K)->1265K(1344K)
[2025-08-01T03:35:59.297+0000] GC(76) Pause Young (Allocation Failure) 1402M->1396M(3959M) 681.377ms
[2025-08-01T03:35:59.297+0000] GC(76) User=0.68s Sys=0.00s Real=0.68s
[2025-08-01T03:35:59.508+0000] GC(77) Pause Young (Allocation Failure)
[2025-08-01T03:35:59.898+0000] GC(77) DefNew: 1258303K(1258304K)->139776K(1258304K) Eden: 1118528K(1118528K)->0K(1118528K) From: 139775K(139776K)->139776K(139776K)
[2025-08-01T03:35:59.898+0000] GC(77) Tenured: 1289905K(2796224K)->1693927K(2796224K)
[2025-08-01T03:35:59.898+0000] GC(77) Metaspace: 10661K(10880K)->10661K(10880K) NonClass: 9396K(9536K)->9396K(9536K) Class: 1265K(1344K)->1265K(1344K)
[2025-08-01T03:35:59.898+0000] GC(77) Pause Young (Allocation Failure) 2488M->1790M(3959M) 390.365ms
[2025-08-01T03:35:59.898+0000] GC(77) User=0.39s Sys=0.00s Real=0.39s
[2025-08-01T03:36:00.131+0000] GC(78) Pause Young (Allocation Failure)
[2025-08-01T03:36:00.131+0000] GC(78) Pause Young (Allocation Failure) 2883M->2883M(3959M) 0.119ms
[2025-08-01T03:36:00.131+0000] GC(78) User=0.00s Sys=0.00s Real=0.00s
[2025-08-01T03:36:00.131+0000] GC(79) Pause Full (Allocation Failure)
[2025-08-01T03:36:00.131+0000] GC(79) Phase 1: Mark live objects
[2025-08-01T03:36:00.404+0000] GC(79) Phase 1: Mark live objects 272.791ms
[2025-08-01T03:36:00.404+0000] GC(79) Phase 2: Compute new object addresses
[2025-08-01T03:36:00.862+0000] GC(79) Phase 2: Compute new object addresses 457.648ms
[2025-08-01T03:36:00.862+0000] GC(79) Phase 3: Adjust pointers
[2025-08-01T03:36:01.099+0000] GC(79) Phase 3: Adjust pointers 236.612ms
[2025-08-01T03:36:01.099+0000] GC(79) Phase 4: Move objects
[2025-08-01T03:36:01.624+0000] GC(79) Phase 4: Move objects 525.421ms
[2025-08-01T03:36:01.625+0000] GC(79) DefNew: 1258304K(1258304K)->0K(1258304K) Eden: 1118528K(1118528K)->0K(1118528K) From: 139776K(139776K)->0K(139776K)
[2025-08-01T03:36:01.625+0000] GC(79) Tenured: 1693927K(2796224K)->1205091K(2796224K)
[2025-08-01T03:36:01.625+0000] GC(79) Metaspace: 10661K(10880K)->10661K(10880K) NonClass: 9396K(9536K)->9396K(9536K) Class: 1265K(1344K)->1265K(1344K)
[2025-08-01T03:36:01.625+0000] GC(79) Pause Full (Allocation Failure) 2883M->1176M(3959M) 1493.916ms
[2025-08-01T03:36:01.625+0000] GC(79) User=1.50s Sys=0.00s Real=1.50s
[2025-08-01T03:36:01.837+0000] GC(80) Pause Young (Allocation Failure)
[2025-08-01T03:36:02.417+0000] GC(80) DefNew: 1118528K(1258304K)->139776K(1258304K) Eden: 1118528K(1118528K)->0K(1118528K) From: 0K(139776K)->139776K(139776K)
[2025-08-01T03:36:02.417+0000] GC(80) Tenured: 1205091K(2796224K)->1981429K(2796224K)
[2025-08-01T03:36:02.417+0000] GC(80) Metaspace: 10661K(10880K)->10661K(10880K) NonClass: 9396K(9536K)->9396K(9536K) Class: 1265K(1344K)->1265K(1344K)
[2025-08-01T03:36:02.417+0000] GC(80) Pause Young (Allocation Failure) 2269M->2071M(3959M) 579.953ms
[2025-08-01T03:36:02.417+0000] GC(80) User=0.58s Sys=0.00s Real=0.58s
[2025-08-01T03:36:02.621+0000] GC(81) Pause Young (Allocation Failure)
[2025-08-01T03:36:02.622+0000] GC(81) Pause Young (Allocation Failure) 3163M->3163M(3959M) 0.117ms
[2025-08-01T03:36:02.622+0000] GC(81) User=0.00s Sys=0.00s Real=0.00s
[2025-08-01T03:36:02.622+0000] GC(82) Pause Full (Allocation Failure)
[2025-08-01T03:36:02.622+0000] GC(82) Phase 1: Mark live objects
[2025-08-01T03:36:02.655+0000] GC(82) Phase 1: Mark live objects 33.867ms
[2025-08-01T03:36:02.656+0000] GC(82) Phase 2: Compute new object addresses
[2025-08-01T03:36:03.147+0000] GC(82) Phase 2: Compute new object addresses 491.808ms
[2025-08-01T03:36:03.147+0000] GC(82) Phase 3: Adjust pointers
[2025-08-01T03:36:03.182+0000] GC(82) Phase 3: Adjust pointers 34.916ms
[2025-08-01T03:36:03.182+0000] GC(82) Phase 4: Move objects
[2025-08-01T03:36:03.255+0000] GC(82) Phase 4: Move objects 72.359ms
[2025-08-01T03:36:03.256+0000] GC(82) DefNew: 1258304K(1258304K)->0K(1258304K) Eden: 1118528K(1118528K)->0K(1118528K) From: 139776K(139776K)->0K(139776K)
[2025-08-01T03:36:03.256+0000] GC(82) Tenured: 1981429K(2796224K)->213727K(2796224K)
[2025-08-01T03:36:03.256+0000] GC(82) Metaspace: 10661K(10880K)->10661K(10880K) NonClass: 9396K(9536K)->9396K(9536K) Class: 1265K(1344K)->1265K(1344K)
[2025-08-01T03:36:03.256+0000] GC(82) Pause Full (Allocation Failure) 3163M->208M(3959M) 634.662ms
[2025-08-01T03:36:03.256+0000] GC(82) User=0.64s Sys=0.00s Real=0.64s
[2025-08-01T03:36:03.471+0000] GC(83) Pause Young (Allocation Failure)
[2025-08-01T03:36:04.185+0000] GC(83) DefNew: 1118528K(1258304K)->139775K(1258304K) Eden: 1118528K(1118528K)->0K(1118528K) From: 0K(139776K)->139775K(139776K)
[2025-08-01T03:36:04.185+0000] GC(83) Tenured: 213727K(2796224K)->1182085K(2796224K)
[2025-08-01T03:36:04.185+0000] GC(83) Metaspace: 10661K(10880K)->10661K(10880K) NonClass: 9396K(9536K)->9396K(9536K) Class: 1265K(1344K)->1265K(1344K)
[2025-08-01T03:36:04.185+0000] GC(83) Pause Young (Allocation Failure) 1301M->1290M(3959M) 714.731ms
[2025-08-01T03:36:04.185+0000] GC(83) User=0.71s Sys=0.00s Real=0.72s
[2025-08-01T03:36:04.395+0000] GC(84) Pause Young (Allocation Failure)
[2025-08-01T03:36:04.755+0000] GC(84) DefNew: 1258303K(1258304K)->139775K(1258304K) Eden: 1118528K(1118528K)->0K(1118528K) From: 139775K(139776K)->139775K(139776K)
[2025-08-01T03:36:04.755+0000] GC(84) Tenured: 1182085K(2796224K)->1595066K(2796224K)
[2025-08-01T03:36:04.755+0000] GC(84) Metaspace: 10661K(10880K)->10661K(10880K) NonClass: 9396K(9536K)->9396K(9536K) Class: 1265K(1344K)->1265K(1344K)
[2025-08-01T03:36:04.755+0000] GC(84) Pause Young (Allocation Failure) 2383M->1694M(3959M) 360.090ms
[2025-08-01T03:36:04.756+0000] GC(84) User=0.37s Sys=0.00s Real=0.36s
[2025-08-01T03:36:04.966+0000] GC(85) Pause Young (Allocation Failure)
[2025-08-01T03:36:04.966+0000] GC(85) Pause Young (Allocation Failure) 2786M->2786M(3959M) 0.131ms
[2025-08-01T03:36:04.966+0000] GC(85) User=0.00s Sys=0.00s Real=0.00s
[2025-08-01T03:36:04.967+0000] GC(86) Pause Full (Allocation Failure)
[2025-08-01T03:36:04.967+0000] GC(86) Phase 1: Mark live objects
[2025-08-01T03:36:05.203+0000] GC(86) Phase 1: Mark live objects 236.529ms
[2025-08-01T03:36:05.203+0000] GC(86) Phase 2: Compute new object addresses
[2025-08-01T03:36:05.672+0000] GC(86) Phase 2: Compute new object addresses 469.135ms
[2025-08-01T03:36:05.672+0000] GC(86) Phase 3: Adjust pointers
[2025-08-01T03:36:05.890+0000] GC(86) Phase 3: Adjust pointers 217.682ms
[2025-08-01T03:36:05.890+0000] GC(86) Phase 4: Move objects
[2025-08-01T03:36:06.420+0000] GC(86) Phase 4: Move objects 529.373ms
[2025-08-01T03:36:06.421+0000] GC(86) DefNew: 1258303K(1258304K)->0K(1258304K) Eden: 1118528K(1118528K)->0K(1118528K) From: 139775K(139776K)->0K(139776K)
[2025-08-01T03:36:06.421+0000] GC(86) Tenured: 1595066K(2796224K)->1332518K(2796224K)
[2025-08-01T03:36:06.421+0000] GC(86) Metaspace: 10661K(10880K)->10661K(10880K) NonClass: 9396K(9536K)->9396K(9536K) Class: 1265K(1344K)->1265K(1344K)
[2025-08-01T03:36:06.421+0000] GC(86) Pause Full (Allocation Failure) 2786M->1301M(3959M) 1454.503ms
[2025-08-01T03:36:06.421+0000] GC(86) User=1.46s Sys=0.00s Real=1.45s
[2025-08-01T03:36:06.651+0000] GC(87) Pause Young (Allocation Failure)
[2025-08-01T03:36:07.206+0000] GC(87) DefNew: 1118528K(1258304K)->139776K(1258304K) Eden: 1118528K(1118528K)->0K(1118528K) From: 0K(139776K)->139776K(139776K)
[2025-08-01T03:36:07.206+0000] GC(87) Tenured: 1332518K(2796224K)->2116649K(2796224K)
[2025-08-01T03:36:07.206+0000] GC(87) Metaspace: 10661K(10880K)->10661K(10880K) NonClass: 9396K(9536K)->9396K(9536K) Class: 1265K(1344K)->1265K(1344K)
[2025-08-01T03:36:07.206+0000] GC(87) Pause Young (Allocation Failure) 2393M->2203M(3959M) 554.751ms
[2025-08-01T03:36:07.206+0000] GC(87) User=0.56s Sys=0.00s Real=0.56s
[2025-08-01T03:36:07.412+0000] GC(88) Pause Young (Allocation Failure)
[2025-08-01T03:36:07.412+0000] GC(88) Pause Young (Allocation Failure) 3295M->3295M(3959M) 0.107ms
[2025-08-01T03:36:07.412+0000] GC(88) User=0.00s Sys=0.00s Real=0.00s
[2025-08-01T03:36:07.412+0000] GC(89) Pause Full (Allocation Failure)
[2025-08-01T03:36:07.412+0000] GC(89) Phase 1: Mark live objects
[2025-08-01T03:36:07.459+0000] GC(89) Phase 1: Mark live objects 46.759ms
[2025-08-01T03:36:07.459+0000] GC(89) Phase 2: Compute new object addresses
[2025-08-01T03:36:07.926+0000] GC(89) Phase 2: Compute new object addresses 466.674ms
[2025-08-01T03:36:07.926+0000] GC(89) Phase 3: Adjust pointers
[2025-08-01T03:36:07.961+0000] GC(89) Phase 3: Adjust pointers 35.377ms
[2025-08-01T03:36:07.961+0000] GC(89) Phase 4: Move objects
[2025-08-01T03:36:08.036+0000] GC(89) Phase 4: Move objects 74.327ms
[2025-08-01T03:36:08.037+0000] GC(89) DefNew: 1258304K(1258304K)->0K(1258304K) Eden: 1118528K(1118528K)->0K(1118528K) From: 139776K(139776K)->0K(139776K)
[2025-08-01T03:36:08.037+0000] GC(89) Tenured: 2116649K(2796224K)->318099K(2796224K)
[2025-08-01T03:36:08.037+0000] GC(89) Metaspace: 10661K(10880K)->10661K(10880K) NonClass: 9396K(9536K)->9396K(9536K) Class: 1265K(1344K)->1265K(1344K)
[2025-08-01T03:36:08.037+0000] GC(89) Pause Full (Allocation Failure) 3295M->310M(3959M) 624.662ms
[2025-08-01T03:36:08.037+0000] GC(89) User=0.62s Sys=0.00s Real=0.63s
[2025-08-01T03:36:08.283+0000] GC(90) Pause Young (Allocation Failure)
[2025-08-01T03:36:09.001+0000] GC(90) DefNew: 1118528K(1258304K)->139776K(1258304K) Eden: 1118528K(1118528K)->0K(1118528K) From: 0K(139776K)->139776K(139776K)
[2025-08-01T03:36:09.001+0000] GC(90) Tenured: 318099K(2796224K)->1291650K(2796224K)
[2025-08-01T03:36:09.001+0000] GC(90) Metaspace: 10661K(10880K)->10661K(10880K) NonClass: 9396K(9536K)->9396K(9536K) Class: 1265K(1344K)->1265K(1344K)
[2025-08-01T03:36:09.001+0000] GC(90) Pause Young (Allocation Failure) 1402M->1397M(3959M) 717.960ms
[2025-08-01T03:36:09.001+0000] GC(90) User=0.72s Sys=0.00s Real=0.71s
[2025-08-01T03:36:09.268+0000] GC(91) Pause Young (Allocation Failure)
[2025-08-01T03:36:09.654+0000] GC(91) DefNew: 1258304K(1258304K)->139775K(1258304K) Eden: 1118528K(1118528K)->0K(1118528K) From: 139776K(139776K)->139775K(139776K)
[2025-08-01T03:36:09.654+0000] GC(91) Tenured: 1291650K(2796224K)->1709564K(2796224K)
[2025-08-01T03:36:09.654+0000] GC(91) Metaspace: 10661K(10880K)->10661K(10880K) NonClass: 9396K(9536K)->9396K(9536K) Class: 1265K(1344K)->1265K(1344K)
[2025-08-01T03:36:09.654+0000] GC(91) Pause Young (Allocation Failure) 2490M->1805M(3959M) 385.967ms
[2025-08-01T03:36:09.654+0000] GC(91) User=0.38s Sys=0.00s Real=0.39s
[2025-08-01T03:36:09.869+0000] GC(92) Pause Young (Allocation Failure)
[2025-08-01T03:36:09.869+0000] GC(92) Pause Young (Allocation Failure) 2898M->2898M(3959M) 0.112ms
[2025-08-01T03:36:09.869+0000] GC(92) User=0.00s Sys=0.00s Real=0.00s
[2025-08-01T03:36:09.869+0000] GC(93) Pause Full (Allocation Failure)
[2025-08-01T03:36:09.869+0000] GC(93) Phase 1: Mark live objects
[2025-08-01T03:36:10.091+0000] GC(93) Phase 1: Mark live objects 222.073ms
[2025-08-01T03:36:10.091+0000] GC(93) Phase 2: Compute new object addresses
[2025-08-01T03:36:10.552+0000] GC(93) Phase 2: Compute new object addresses 461.293ms
[2025-08-01T03:36:10.552+0000] GC(93) Phase 3: Adjust pointers
[2025-08-01T03:36:10.768+0000] GC(93) Phase 3: Adjust pointers 215.809ms
[2025-08-01T03:36:10.768+0000] GC(93) Phase 4: Move objects
[2025-08-01T03:36:11.238+0000] GC(93) Phase 4: Move objects 469.788ms
[2025-08-01T03:36:11.239+0000] GC(93) DefNew: 1258303K(1258304K)->0K(1258304K) Eden: 1118528K(1118528K)->0K(1118528K) From: 139775K(139776K)->0K(139776K)
[2025-08-01T03:36:11.239+0000] GC(93) Tenured: 1709564K(2796224K)->1213111K(2796224K)
[2025-08-01T03:36:11.239+0000] GC(93) Metaspace: 10661K(10880K)->10661K(10880K) NonClass: 9396K(9536K)->9396K(9536K) Class: 1265K(1344K)->1265K(1344K)
[2025-08-01T03:36:11.239+0000] GC(93) Pause Full (Allocation Failure) 2898M->1184M(3959M) 1370.344ms
[2025-08-01T03:36:11.239+0000] GC(93) User=1.38s Sys=0.00s Real=1.37s
[2025-08-01T03:36:11.451+0000] GC(94) Pause Young (Allocation Failure)
[2025-08-01T03:36:12.035+0000] GC(94) DefNew: 1118528K(1258304K)->139775K(1258304K) Eden: 1118528K(1118528K)->0K(1118528K) From: 0K(139776K)->139775K(139776K)
[2025-08-01T03:36:12.035+0000] GC(94) Tenured: 1213111K(2796224K)->1996223K(2796224K)
[2025-08-01T03:36:12.035+0000] GC(94) Metaspace: 10661K(10880K)->10661K(10880K) NonClass: 9396K(9536K)->9396K(9536K) Class: 1265K(1344K)->1265K(1344K)
[2025-08-01T03:36:12.035+0000] GC(94) Pause Young (Allocation Failure) 2276M->2085M(3959M) 584.611ms
[2025-08-01T03:36:12.035+0000] GC(94) User=0.59s Sys=0.00s Real=0.59s
[2025-08-01T03:36:12.244+0000] GC(95) Pause Young (Allocation Failure)
[2025-08-01T03:36:12.244+0000] GC(95) Pause Young (Allocation Failure) 3178M->3178M(3959M) 0.079ms
[2025-08-01T03:36:12.244+0000] GC(95) User=0.00s Sys=0.00s Real=0.00s
[2025-08-01T03:36:12.244+0000] GC(96) Pause Full (Allocation Failure)
[2025-08-01T03:36:12.244+0000] GC(96) Phase 1: Mark live objects
[2025-08-01T03:36:12.288+0000] GC(96) Phase 1: Mark live objects 44.296ms
[2025-08-01T03:36:12.288+0000] GC(96) Phase 2: Compute new object addresses
[2025-08-01T03:36:12.824+0000] GC(96) Phase 2: Compute new object addresses 535.600ms
[2025-08-01T03:36:12.824+0000] GC(96) Phase 3: Adjust pointers
[2025-08-01T03:36:12.858+0000] GC(96) Phase 3: Adjust pointers 34.014ms
[2025-08-01T03:36:12.858+0000] GC(96) Phase 4: Move objects
[2025-08-01T03:36:12.927+0000] GC(96) Phase 4: Move objects 68.872ms
[2025-08-01T03:36:12.928+0000] GC(96) DefNew: 1258303K(1258304K)->0K(1258304K) Eden: 1118528K(1118528K)->0K(1118528K) From: 139775K(139776K)->0K(139776K)
[2025-08-01T03:36:12.928+0000] GC(96) Tenured: 1996223K(2796224K)->220842K(2796224K)
[2025-08-01T03:36:12.928+0000] GC(96) Metaspace: 10661K(10880K)->10661K(10880K) NonClass: 9396K(9536K)->9396K(9536K) Class: 1265K(1344K)->1265K(1344K)
[2025-08-01T03:36:12.928+0000] GC(96) Pause Full (Allocation Failure) 3178M->215M(3959M) 684.280ms
[2025-08-01T03:36:12.928+0000] GC(96) User=0.69s Sys=0.00s Real=0.68s
[2025-08-01T03:36:13.135+0000] GC(97) Pause Young (Allocation Failure)
[2025-08-01T03:36:13.869+0000] GC(97) DefNew: 1118528K(1258304K)->139776K(1258304K) Eden: 1118528K(1118528K)->0K(1118528K) From: 0K(139776K)->139776K(139776K)
[2025-08-01T03:36:13.869+0000] GC(97) Tenured: 220842K(2796224K)->1188346K(2796224K)
[2025-08-01T03:36:13.869+0000] GC(97) Metaspace: 10661K(10880K)->10661K(10880K) NonClass: 9396K(9536K)->9396K(9536K) Class: 1265K(1344K)->1265K(1344K)
[2025-08-01T03:36:13.869+0000] GC(97) Pause Young (Allocation Failure) 1307M->1296M(3959M) 733.771ms
[2025-08-01T03:36:13.869+0000] GC(97) User=0.74s Sys=0.00s Real=0.73s
[2025-08-01T03:36:14.080+0000] GC(98) Pause Young (Allocation Failure)
[2025-08-01T03:36:14.428+0000] GC(98) DefNew: 1258304K(1258304K)->139775K(1258304K) Eden: 1118528K(1118528K)->0K(1118528K) From: 139776K(139776K)->139775K(139776K)
[2025-08-01T03:36:14.428+0000] GC(98) Tenured: 1188346K(2796224K)->1602228K(2796224K)
[2025-08-01T03:36:14.428+0000] GC(98) Metaspace: 10661K(10880K)->10661K(10880K) NonClass: 9396K(9536K)->9396K(9536K) Class: 1265K(1344K)->1265K(1344K)
[2025-08-01T03:36:14.428+0000] GC(98) Pause Young (Allocation Failure) 2389M->1701M(3959M) 347.572ms
[2025-08-01T03:36:14.428+0000] GC(98) User=0.35s Sys=0.00s Real=0.35s
[2025-08-01T03:36:14.644+0000] GC(99) Pause Young (Allocation Failure)
[2025-08-01T03:36:14.644+0000] GC(99) Pause Young (Allocation Failure) 2793M->2793M(3959M) 0.099ms
[2025-08-01T03:36:14.644+0000] GC(99) User=0.00s Sys=0.00s Real=0.00s
[2025-08-01T03:36:14.644+0000] GC(100) Pause Full (Allocation Failure)
[2025-08-01T03:36:14.644+0000] GC(100) Phase 1: Mark live objects
[2025-08-01T03:36:14.862+0000] GC(100) Phase 1: Mark live objects 217.817ms
[2025-08-01T03:36:14.862+0000] GC(100) Phase 2: Compute new object addresses
[2025-08-01T03:36:15.294+0000] GC(100) Phase 2: Compute new object addresses 432.239ms
[2025-08-01T03:36:15.295+0000] GC(100) Phase 3: Adjust pointers
[2025-08-01T03:36:15.491+0000] GC(100) Phase 3: Adjust pointers 196.684ms
[2025-08-01T03:36:15.491+0000] GC(100) Phase 4: Move objects
[2025-08-01T03:36:16.032+0000] GC(100) Phase 4: Move objects 541.020ms
[2025-08-01T03:36:16.033+0000] GC(100) DefNew: 1258303K(1258304K)->0K(1258304K) Eden: 1118528K(1118528K)->0K(1118528K) From: 139775K(139776K)->0K(139776K)
[2025-08-01T03:36:16.033+0000] GC(100) Tenured: 1602228K(2796224K)->1318446K(2796224K)
[2025-08-01T03:36:16.033+0000] GC(100) Metaspace: 10661K(10880K)->10661K(10880K) NonClass: 9396K(9536K)->9396K(9536K) Class: 1265K(1344K)->1265K(1344K)
[2025-08-01T03:36:16.033+0000] GC(100) Pause Full (Allocation Failure) 2793M->1287M(3959M) 1389.202ms
[2025-08-01T03:36:16.034+0000] GC(100) User=1.40s Sys=0.00s Real=1.39s
[2025-08-01T03:36:16.286+0000] GC(101) Pause Young (Allocation Failure)
[2025-08-01T03:36:16.847+0000] GC(101) DefNew: 1118528K(1258304K)->139776K(1258304K) Eden: 1118528K(1118528K)->0K(1118528K) From: 0K(139776K)->139776K(139776K)
[2025-08-01T03:36:16.848+0000] GC(101) Tenured: 1318446K(2796224K)->2106605K(2796224K)
[2025-08-01T03:36:16.848+0000] GC(101) Metaspace: 10661K(10880K)->10661K(10880K) NonClass: 9396K(9536K)->9396K(9536K) Class: 1265K(1344K)->1265K(1344K)
[2025-08-01T03:36:16.848+0000] GC(101) Pause Young (Allocation Failure) 2379M->2193M(3959M) 561.700ms
[2025-08-01T03:36:16.848+0000] GC(101) User=0.56s Sys=0.00s Real=0.56s
[2025-08-01T03:36:17.105+0000] GC(102) Pause Young (Allocation Failure)
[2025-08-01T03:36:17.105+0000] GC(102) Pause Young (Allocation Failure) 3286M->3286M(3959M) 0.283ms
[2025-08-01T03:36:17.105+0000] GC(102) User=0.00s Sys=0.00s Real=0.00s
[2025-08-01T03:36:17.105+0000] GC(103) Pause Full (Allocation Failure)
[2025-08-01T03:36:17.105+0000] GC(103) Phase 1: Mark live objects
[2025-08-01T03:36:17.160+0000] GC(103) Phase 1: Mark live objects 54.374ms
[2025-08-01T03:36:17.160+0000] GC(103) Phase 2: Compute new object addresses
[2025-08-01T03:36:17.722+0000] GC(103) Phase 2: Compute new object addresses 562.276ms
[2025-08-01T03:36:17.722+0000] GC(103) Phase 3: Adjust pointers
[2025-08-01T03:36:17.763+0000] GC(103) Phase 3: Adjust pointers 41.141ms
[2025-08-01T03:36:17.763+0000] GC(103) Phase 4: Move objects
[2025-08-01T03:36:17.860+0000] GC(103) Phase 4: Move objects 96.987ms
[2025-08-01T03:36:17.862+0000] GC(103) DefNew: 1258304K(1258304K)->0K(1258304K) Eden: 1118528K(1118528K)->0K(1118528K) From: 139776K(139776K)->0K(139776K)
[2025-08-01T03:36:17.862+0000] GC(103) Tenured: 2106605K(2796224K)->331506K(2796224K)
[2025-08-01T03:36:17.862+0000] GC(103) Metaspace: 10661K(10880K)->10661K(10880K) NonClass: 9396K(9536K)->9396K(9536K) Class: 1265K(1344K)->1265K(1344K)
[2025-08-01T03:36:17.862+0000] GC(103) Pause Full (Allocation Failure) 3286M->323M(3959M) 756.891ms
[2025-08-01T03:36:17.862+0000] GC(103) User=0.76s Sys=0.00s Real=0.75s
[2025-08-01T03:36:18.111+0000] GC(104) Pause Young (Allocation Failure)
[2025-08-01T03:36:18.877+0000] GC(104) DefNew: 1118528K(1258304K)->139775K(1258304K) Eden: 1118528K(1118528K)->0K(1118528K) From: 0K(139776K)->139775K(139776K)
[2025-08-01T03:36:18.877+0000] GC(104) Tenured: 331506K(2796224K)->1299158K(2796224K)
[2025-08-01T03:36:18.877+0000] GC(104) Metaspace: 10661K(10880K)->10661K(10880K) NonClass: 9396K(9536K)->9396K(9536K) Class: 1265K(1344K)->1265K(1344K)
[2025-08-01T03:36:18.877+0000] GC(104) Pause Young (Allocation Failure) 1416M->1405M(3959M) 766.004ms
[2025-08-01T03:36:18.878+0000] GC(104) User=0.77s Sys=0.00s Real=0.77s
[2025-08-01T03:36:19.127+0000] GC(105) Pause Young (Allocation Failure)
[2025-08-01T03:36:19.466+0000] GC(105) DefNew: 1258303K(1258304K)->139775K(1258304K) Eden: 1118528K(1118528K)->0K(1118528K) From: 139775K(139776K)->139775K(139776K)
[2025-08-01T03:36:19.466+0000] GC(105) Tenured: 1299158K(2796224K)->1713787K(2796224K)
[2025-08-01T03:36:19.466+0000] GC(105) Metaspace: 10661K(10880K)->10661K(10880K) NonClass: 9396K(9536K)->9396K(9536K) Class: 1265K(1344K)->1265K(1344K)
[2025-08-01T03:36:19.466+0000] GC(105) Pause Young (Allocation Failure) 2497M->1810M(3959M) 339.042ms
[2025-08-01T03:36:19.466+0000] GC(105) User=0.34s Sys=0.00s Real=0.34s
[2025-08-01T03:36:19.684+0000] GC(106) Pause Young (Allocation Failure)
[2025-08-01T03:36:19.684+0000] GC(106) Pause Young (Allocation Failure) 2902M->2902M(3959M) 0.097ms
[2025-08-01T03:36:19.685+0000] GC(106) User=0.00s Sys=0.00s Real=0.00s
[2025-08-01T03:36:19.685+0000] GC(107) Pause Full (Allocation Failure)
[2025-08-01T03:36:19.685+0000] GC(107) Phase 1: Mark live objects
[2025-08-01T03:36:19.829+0000] GC(107) Phase 1: Mark live objects 144.265ms
[2025-08-01T03:36:19.829+0000] GC(107) Phase 2: Compute new object addresses
[2025-08-01T03:36:20.286+0000] GC(107) Phase 2: Compute new object addresses 457.366ms
[2025-08-01T03:36:20.286+0000] GC(107) Phase 3: Adjust pointers
[2025-08-01T03:36:20.422+0000] GC(107) Phase 3: Adjust pointers 135.484ms
[2025-08-01T03:36:20.422+0000] GC(107) Phase 4: Move objects
[2025-08-01T03:36:20.744+0000] GC(107) Phase 4: Move objects 322.190ms
[2025-08-01T03:36:20.745+0000] GC(107) DefNew: 1258303K(1258304K)->0K(1258304K) Eden: 1118528K(1118528K)->0K(1118528K) From: 139775K(139776K)->0K(139776K)
[2025-08-01T03:36:20.745+0000] GC(107) Tenured: 1713787K(2796224K)->750403K(2796224K)
[2025-08-01T03:36:20.745+0000] GC(107) Metaspace: 10661K(10880K)->10661K(10880K) NonClass: 9396K(9536K)->9396K(9536K) Class: 1265K(1344K)->1265K(1344K)
[2025-08-01T03:36:20.745+0000] GC(107) Pause Full (Allocation Failure) 2902M->732M(3959M) 1060.703ms
[2025-08-01T03:36:20.745+0000] GC(107) User=1.06s Sys=0.00s Real=1.06s
[2025-08-01T03:36:20.954+0000] GC(108) Pause Young (Allocation Failure)
[2025-08-01T03:36:21.530+0000] GC(108) DefNew: 1118528K(1258304K)->139775K(1258304K) Eden: 1118528K(1118528K)->0K(1118528K) From: 0K(139776K)->139775K(139776K)
[2025-08-01T03:36:21.530+0000] GC(108) Tenured: 750403K(2796224K)->1532079K(2796224K)
[2025-08-01T03:36:21.530+0000] GC(108) Metaspace: 10661K(10880K)->10661K(10880K) NonClass: 9396K(9536K)->9396K(9536K) Class: 1265K(1344K)->1265K(1344K)
[2025-08-01T03:36:21.530+0000] GC(108) Pause Young (Allocation Failure) 1825M->1632M(3959M) 575.444ms
[2025-08-01T03:36:21.530+0000] GC(108) User=0.58s Sys=0.00s Real=0.57s
[2025-08-01T03:36:21.755+0000] GC(109) Pause Young (Allocation Failure)
[2025-08-01T03:36:22.079+0000] GC(109) DefNew: 1258303K(1258304K)->139775K(1258304K) Eden: 1118528K(1118528K)->0K(1118528K) From: 139775K(139776K)->139775K(139776K)
[2025-08-01T03:36:22.079+0000] GC(109) Tenured: 1532079K(2796224K)->1855116K(2796224K)
[2025-08-01T03:36:22.079+0000] GC(109) Metaspace: 10661K(10880K)->10661K(10880K) NonClass: 9396K(9536K)->9396K(9536K) Class: 1265K(1344K)->1265K(1344K)
[2025-08-01T03:36:22.079+0000] GC(109) Pause Young (Allocation Failure) 2724M->1948M(3959M) 323.251ms
[2025-08-01T03:36:22.079+0000] GC(109) User=0.32s Sys=0.00s Real=0.32s
[2025-08-01T03:36:22.286+0000] GC(110) Pause Young (Allocation Failure)
[2025-08-01T03:36:22.286+0000] GC(110) Pause Young (Allocation Failure) 3040M->3040M(3959M) 0.285ms
[2025-08-01T03:36:22.286+0000] GC(110) User=0.00s Sys=0.00s Real=0.00s
[2025-08-01T03:36:22.286+0000] GC(111) Pause Full (Allocation Failure)
[2025-08-01T03:36:22.286+0000] GC(111) Phase 1: Mark live objects
[2025-08-01T03:36:22.561+0000] GC(111) Phase 1: Mark live objects 275.400ms
[2025-08-01T03:36:22.561+0000] GC(111) Phase 2: Compute new object addresses
[2025-08-01T03:36:23.033+0000] GC(111) Phase 2: Compute new object addresses 471.485ms
[2025-08-01T03:36:23.033+0000] GC(111) Phase 3: Adjust pointers
[2025-08-01T03:36:23.224+0000] GC(111) Phase 3: Adjust pointers 191.154ms
[2025-08-01T03:36:23.224+0000] GC(111) Phase 4: Move objects
[2025-08-01T03:36:23.746+0000] GC(111) Phase 4: Move objects 522.091ms
[2025-08-01T03:36:23.747+0000] GC(111) DefNew: 1258303K(1258304K)->0K(1258304K) Eden: 1118528K(1118528K)->0K(1118528K) From: 139775K(139776K)->0K(139776K)
[2025-08-01T03:36:23.747+0000] GC(111) Tenured: 1855116K(2796224K)->1325345K(2796224K)
[2025-08-01T03:36:23.747+0000] GC(111) Metaspace: 10661K(10880K)->10661K(10880K) NonClass: 9396K(9536K)->9396K(9536K) Class: 1265K(1344K)->1265K(1344K)
[2025-08-01T03:36:23.748+0000] GC(111) Pause Full (Allocation Failure) 3040M->1294M(3959M) 1461.554ms
[2025-08-01T03:36:23.748+0000] GC(111) User=1.46s Sys=0.00s Real=1.46s
[2025-08-01T03:36:23.956+0000] GC(112) Pause Young (Allocation Failure)
[2025-08-01T03:36:24.288+0000] GC(112) DefNew: 1118528K(1258304K)->139775K(1258304K) Eden: 1118528K(1118528K)->0K(1118528K) From: 0K(139776K)->139775K(139776K)
[2025-08-01T03:36:24.288+0000] GC(112) Tenured: 1325345K(2796224K)->1735424K(2796224K)
[2025-08-01T03:36:24.289+0000] GC(112) Metaspace: 10661K(10880K)->10661K(10880K) NonClass: 9396K(9536K)->9396K(9536K) Class: 1265K(1344K)->1265K(1344K)
[2025-08-01T03:36:24.289+0000] GC(112) Pause Young (Allocation Failure) 2386M->1831M(3959M) 332.683ms
[2025-08-01T03:36:24.289+0000] GC(112) User=0.33s Sys=0.00s Real=0.33s
[2025-08-01T03:36:24.504+0000] GC(113) Pause Young (Allocation Failure)
[2025-08-01T03:36:24.504+0000] GC(113) Pause Young (Allocation Failure) 2923M->2923M(3959M) 0.108ms
[2025-08-01T03:36:24.504+0000] GC(113) User=0.00s Sys=0.00s Real=0.00s
[2025-08-01T03:36:24.504+0000] GC(114) Pause Full (Allocation Failure)
[2025-08-01T03:36:24.504+0000] GC(114) Phase 1: Mark live objects
[2025-08-01T03:36:24.668+0000] GC(114) Phase 1: Mark live objects 164.358ms
[2025-08-01T03:36:24.668+0000] GC(114) Phase 2: Compute new object addresses
[2025-08-01T03:36:25.224+0000] GC(114) Phase 2: Compute new object addresses 555.325ms
[2025-08-01T03:36:25.224+0000] GC(114) Phase 3: Adjust pointers
[2025-08-01T03:36:25.340+0000] GC(114) Phase 3: Adjust pointers 116.558ms
[2025-08-01T03:36:25.341+0000] GC(114) Phase 4: Move objects
[2025-08-01T03:36:25.664+0000] GC(114) Phase 4: Move objects 323.209ms
[2025-08-01T03:36:25.665+0000] GC(114) DefNew: 1258303K(1258304K)->0K(1258304K) Eden: 1118528K(1118528K)->0K(1118528K) From: 139775K(139776K)->0K(139776K)
[2025-08-01T03:36:25.665+0000] GC(114) Tenured: 1735424K(2796224K)->765968K(2796224K)
[2025-08-01T03:36:25.665+0000] GC(114) Metaspace: 10661K(10880K)->10661K(10880K) NonClass: 9396K(9536K)->9396K(9536K) Class: 1265K(1344K)->1265K(1344K)
[2025-08-01T03:36:25.665+0000] GC(114) Pause Full (Allocation Failure) 2923M->748M(3959M) 1161.223ms
[2025-08-01T03:36:25.665+0000] GC(114) User=1.17s Sys=0.00s Real=1.16s
[2025-08-01T03:36:25.892+0000] GC(115) Pause Young (Allocation Failure)
[2025-08-01T03:36:26.467+0000] GC(115) DefNew: 1118528K(1258304K)->139775K(1258304K) Eden: 1118528K(1118528K)->0K(1118528K) From: 0K(139776K)->139775K(139776K)
[2025-08-01T03:36:26.467+0000] GC(115) Tenured: 765968K(2796224K)->1539986K(2796224K)
[2025-08-01T03:36:26.467+0000] GC(115) Metaspace: 10661K(10880K)->10661K(10880K) NonClass: 9396K(9536K)->9396K(9536K) Class: 1265K(1344K)->1265K(1344K)
[2025-08-01T03:36:26.467+0000] GC(115) Pause Young (Allocation Failure) 1840M->1640M(3959M) 575.120ms
[2025-08-01T03:36:26.467+0000] GC(115) User=0.58s Sys=0.00s Real=0.58s
[2025-08-01T03:36:26.682+0000] GC(116) Pause Young (Allocation Failure)
[2025-08-01T03:36:26.996+0000] GC(116) DefNew: 1258303K(1258304K)->139775K(1258304K) Eden: 1118528K(1118528K)->0K(1118528K) From: 139775K(139776K)->139775K(139776K)
[2025-08-01T03:36:26.996+0000] GC(116) Tenured: 1539986K(2796224K)->1861916K(2796224K)
[2025-08-01T03:36:26.996+0000] GC(116) Metaspace: 10661K(10880K)->10661K(10880K) NonClass: 9396K(9536K)->9396K(9536K) Class: 1265K(1344K)->1265K(1344K)
[2025-08-01T03:36:26.996+0000] GC(116) Pause Young (Allocation Failure) 2732M->1954M(3959M) 314.102ms
[2025-08-01T03:36:26.996+0000] GC(116) User=0.32s Sys=0.00s Real=0.32s
[2025-08-01T03:36:27.210+0000] GC(117) Pause Young (Allocation Failure)
[2025-08-01T03:36:27.210+0000] GC(117) Pause Young (Allocation Failure) 3047M->3047M(3959M) 0.081ms
[2025-08-01T03:36:27.210+0000] GC(117) User=0.00s Sys=0.00s Real=0.00s
[2025-08-01T03:36:27.210+0000] GC(118) Pause Full (Allocation Failure)
[2025-08-01T03:36:27.210+0000] GC(118) Phase 1: Mark live objects
[2025-08-01T03:36:27.456+0000] GC(118) Phase 1: Mark live objects 245.711ms
[2025-08-01T03:36:27.456+0000] GC(118) Phase 2: Compute new object addresses
[2025-08-01T03:36:27.887+0000] GC(118) Phase 2: Compute new object addresses 430.905ms
[2025-08-01T03:36:27.887+0000] GC(118) Phase 3: Adjust pointers
[2025-08-01T03:36:28.087+0000] GC(118) Phase 3: Adjust pointers 200.128ms
[2025-08-01T03:36:28.087+0000] GC(118) Phase 4: Move objects
[2025-08-01T03:36:28.647+0000] GC(118) Phase 4: Move objects 560.149ms
[2025-08-01T03:36:28.648+0000] GC(118) DefNew: 1258303K(1258304K)->0K(1258304K) Eden: 1118527K(1118528K)->0K(1118528K) From: 139775K(139776K)->0K(139776K)
[2025-08-01T03:36:28.648+0000] GC(118) Tenured: 1861916K(2796224K)->1337309K(2796224K)
[2025-08-01T03:36:28.648+0000] GC(118) Metaspace: 10661K(10880K)->10661K(10880K) NonClass: 9396K(9536K)->9396K(9536K) Class: 1265K(1344K)->1265K(1344K)
[2025-08-01T03:36:28.648+0000] GC(118) Pause Full (Allocation Failure) 3047M->1305M(3959M) 1438.209ms
[2025-08-01T03:36:28.648+0000] GC(118) User=1.45s Sys=0.00s Real=1.44s
[2025-08-01T03:36:28.868+0000] GC(119) Pause Young (Allocation Failure)
[2025-08-01T03:36:29.223+0000] GC(119) DefNew: 1118528K(1258304K)->139775K(1258304K) Eden: 1118528K(1118528K)->0K(1118528K) From: 0K(139776K)->139775K(139776K)
[2025-08-01T03:36:29.223+0000] GC(119) Tenured: 1337309K(2796224K)->1737616K(2796224K)
[2025-08-01T03:36:29.223+0000] GC(119) Metaspace: 10661K(10880K)->10661K(10880K) NonClass: 9396K(9536K)->9396K(9536K) Class: 1265K(1344K)->1265K(1344K)
[2025-08-01T03:36:29.223+0000] GC(119) Pause Young (Allocation Failure) 2398M->1833M(3959M) 355.547ms
[2025-08-01T03:36:29.223+0000] GC(119) User=0.36s Sys=0.00s Real=0.36s
[2025-08-01T03:36:29.440+0000] GC(120) Pause Young (Allocation Failure)
[2025-08-01T03:36:29.845+0000] GC(120) DefNew: 1258303K(1258304K)->139775K(1258304K) Eden: 1118528K(1118528K)->0K(1118528K) From: 139775K(139776K)->139775K(139776K)
[2025-08-01T03:36:29.845+0000] GC(120) Tenured: 1737616K(2796224K)->2184369K(2796224K)
[2025-08-01T03:36:29.845+0000] GC(120) Metaspace: 10661K(10880K)->10661K(10880K) NonClass: 9396K(9536K)->9396K(9536K) Class: 1265K(1344K)->1265K(1344K)
[2025-08-01T03:36:29.845+0000] GC(120) Pause Young (Allocation Failure) 2925M->2269M(3959M) 404.993ms
[2025-08-01T03:36:29.845+0000] GC(120) User=0.41s Sys=0.00s Real=0.41s
[2025-08-01T03:36:30.081+0000] GC(121) Pause Young (Allocation Failure)
[2025-08-01T03:36:30.081+0000] GC(121) Pause Young (Allocation Failure) 3361M->3361M(3959M) 0.114ms
[2025-08-01T03:36:30.081+0000] GC(121) User=0.00s Sys=0.00s Real=0.00s
[2025-08-01T03:36:30.081+0000] GC(122) Pause Full (Allocation Failure)
[2025-08-01T03:36:30.081+0000] GC(122) Phase 1: Mark live objects
[2025-08-01T03:36:30.258+0000] GC(122) Phase 1: Mark live objects 176.751ms
[2025-08-01T03:36:30.258+0000] GC(122) Phase 2: Compute new object addresses
[2025-08-01T03:36:30.861+0000] GC(122) Phase 2: Compute new object addresses 603.209ms
[2025-08-01T03:36:30.861+0000] GC(122) Phase 3: Adjust pointers
[2025-08-01T03:36:31.037+0000] GC(122) Phase 3: Adjust pointers 175.794ms
[2025-08-01T03:36:31.037+0000] GC(122) Phase 4: Move objects
[2025-08-01T03:36:31.431+0000] GC(122) Phase 4: Move objects 393.174ms
[2025-08-01T03:36:31.432+0000] GC(122) DefNew: 1258303K(1258304K)->0K(1258304K) Eden: 1118528K(1118528K)->0K(1118528K) From: 139775K(139776K)->0K(139776K)
[2025-08-01T03:36:31.432+0000] GC(122) Tenured: 2184369K(2796224K)->920508K(2796224K)
[2025-08-01T03:36:31.432+0000] GC(122) Metaspace: 10661K(10880K)->10661K(10880K) NonClass: 9396K(9536K)->9396K(9536K) Class: 1265K(1344K)->1265K(1344K)
[2025-08-01T03:36:31.432+0000] GC(122) Pause Full (Allocation Failure) 3361M->898M(3959M) 1350.872ms
[2025-08-01T03:36:31.432+0000] GC(122) User=1.36s Sys=0.00s Real=1.35s
[2025-08-01T03:36:31.652+0000] GC(123) Pause Young (Allocation Failure)
[2025-08-01T03:36:31.932+0000] GC(123) DefNew: 1118528K(1258304K)->139775K(1258304K) Eden: 1118528K(1118528K)->0K(1118528K) From: 0K(139776K)->139775K(139776K)
[2025-08-01T03:36:31.932+0000] GC(123) Tenured: 920508K(2796224K)->1241338K(2796224K)
[2025-08-01T03:36:31.932+0000] GC(123) Metaspace: 10661K(10880K)->10661K(10880K) NonClass: 9396K(9536K)->9396K(9536K) Class: 1265K(1344K)->1265K(1344K)
[2025-08-01T03:36:31.932+0000] GC(123) Pause Young (Allocation Failure) 1991M->1348M(3959M) 280.048ms
[2025-08-01T03:36:31.932+0000] GC(123) User=0.28s Sys=0.00s Real=0.28s
[2025-08-01T03:36:32.151+0000] GC(124) Pause Young (Allocation Failure)
[2025-08-01T03:36:32.875+0000] GC(124) DefNew: 1258303K(1258304K)->139775K(1258304K) Eden: 1118528K(1118528K)->0K(1118528K) From: 139775K(139776K)->139775K(139776K)
[2025-08-01T03:36:32.876+0000] GC(124) Tenured: 1241338K(2796224K)->2246820K(2796224K)
[2025-08-01T03:36:32.876+0000] GC(124) Metaspace: 10661K(10880K)->10661K(10880K) NonClass: 9396K(9536K)->9396K(9536K) Class: 1265K(1344K)->1265K(1344K)
[2025-08-01T03:36:32.876+0000] GC(124) Pause Young (Allocation Failure) 2441M->2330M(3959M) 724.417ms
[2025-08-01T03:36:32.876+0000] GC(124) User=0.73s Sys=0.00s Real=0.73s
[2025-08-01T03:36:33.090+0000] GC(125) Pause Young (Allocation Failure)
[2025-08-01T03:36:33.090+0000] GC(125) Pause Young (Allocation Failure) 3422M->3422M(3959M) 0.081ms
[2025-08-01T03:36:33.090+0000] GC(125) User=0.00s Sys=0.00s Real=0.00s
[2025-08-01T03:36:33.090+0000] GC(126) Pause Full (Allocation Failure)
[2025-08-01T03:36:33.090+0000] GC(126) Phase 1: Mark live objects
[2025-08-01T03:36:33.204+0000] GC(126) Phase 1: Mark live objects 113.868ms
[2025-08-01T03:36:33.204+0000] GC(126) Phase 2: Compute new object addresses
[2025-08-01T03:36:33.791+0000] GC(126) Phase 2: Compute new object addresses 586.925ms
[2025-08-01T03:36:33.791+0000] GC(126) Phase 3: Adjust pointers
[2025-08-01T03:36:33.891+0000] GC(126) Phase 3: Adjust pointers 100.175ms
[2025-08-01T03:36:33.891+0000] GC(126) Phase 4: Move objects
[2025-08-01T03:36:34.126+0000] GC(126) Phase 4: Move objects 234.054ms
[2025-08-01T03:36:34.127+0000] GC(126) DefNew: 1258303K(1258304K)->0K(1258304K) Eden: 1118528K(1118528K)->0K(1118528K) From: 139775K(139776K)->0K(139776K)
[2025-08-01T03:36:34.127+0000] GC(126) Tenured: 2246820K(2796224K)->652527K(2796224K)
[2025-08-01T03:36:34.127+0000] GC(126) Metaspace: 10661K(10880K)->10661K(10880K) NonClass: 9396K(9536K)->9396K(9536K) Class: 1265K(1344K)->1265K(1344K)
[2025-08-01T03:36:34.127+0000] GC(126) Pause Full (Allocation Failure) 3422M->637M(3959M) 1036.708ms
[2025-08-01T03:36:34.127+0000] GC(126) User=1.04s Sys=0.00s Real=1.04s
[2025-08-01T03:36:34.338+0000] GC(127) Pause Young (Allocation Failure)
[2025-08-01T03:36:34.673+0000] GC(127) DefNew: 1118528K(1258304K)->139775K(1258304K) Eden: 1118528K(1118528K)->0K(1118528K) From: 0K(139776K)->139775K(139776K)
[2025-08-01T03:36:34.673+0000] GC(127) Tenured: 652527K(2796224K)->1065740K(2796224K)
[2025-08-01T03:36:34.673+0000] GC(127) Metaspace: 10661K(10880K)->10661K(10880K) NonClass: 9396K(9536K)->9396K(9536K) Class: 1265K(1344K)->1265K(1344K)
[2025-08-01T03:36:34.673+0000] GC(127) Pause Young (Allocation Failure) 1729M->1177M(3959M) 335.165ms
[2025-08-01T03:36:34.673+0000] GC(127) User=0.34s Sys=0.00s Real=0.34s
[2025-08-01T03:36:34.890+0000] GC(128) Pause Young (Allocation Failure)
[2025-08-01T03:36:35.431+0000] GC(128) DefNew: 1258303K(1258304K)->139775K(1258304K) Eden: 1118528K(1118528K)->0K(1118528K) From: 139775K(139776K)->139775K(139776K)
[2025-08-01T03:36:35.431+0000] GC(128) Tenured: 1065740K(2796224K)->1825926K(2796224K)
[2025-08-01T03:36:35.431+0000] GC(128) Metaspace: 10661K(10880K)->10661K(10880K) NonClass: 9396K(9536K)->9396K(9536K) Class: 1265K(1344K)->1265K(1344K)
[2025-08-01T03:36:35.431+0000] GC(128) Pause Young (Allocation Failure) 2269M->1919M(3959M) 540.634ms
[2025-08-01T03:36:35.432+0000] GC(128) User=0.54s Sys=0.00s Real=0.54s
[2025-08-01T03:36:35.647+0000] GC(129) Pause Young (Allocation Failure)
[2025-08-01T03:36:35.647+0000] GC(129) Pause Young (Allocation Failure) 3011M->3011M(3959M) 0.154ms
[2025-08-01T03:36:35.647+0000] GC(129) User=0.00s Sys=0.00s Real=0.00s
[2025-08-01T03:36:35.647+0000] GC(130) Pause Full (Allocation Failure)
[2025-08-01T03:36:35.647+0000] GC(130) Phase 1: Mark live objects
[2025-08-01T03:36:35.777+0000] GC(130) Phase 1: Mark live objects 129.656ms
[2025-08-01T03:36:35.777+0000] GC(130) Phase 2: Compute new object addresses
[2025-08-01T03:36:36.208+0000] GC(130) Phase 2: Compute new object addresses 431.009ms
[2025-08-01T03:36:36.208+0000] GC(130) Phase 3: Adjust pointers
[2025-08-01T03:36:36.304+0000] GC(130) Phase 3: Adjust pointers 96.015ms
[2025-08-01T03:36:36.304+0000] GC(130) Phase 4: Move objects
[2025-08-01T03:36:36.540+0000] GC(130) Phase 4: Move objects 235.439ms
[2025-08-01T03:36:36.541+0000] GC(130) DefNew: 1258303K(1258304K)->0K(1258304K) Eden: 1118528K(1118528K)->0K(1118528K) From: 139775K(139776K)->0K(139776K)
[2025-08-01T03:36:36.541+0000] GC(130) Tenured: 1825926K(2796224K)->766529K(2796224K)
[2025-08-01T03:36:36.541+0000] GC(130) Metaspace: 10661K(10880K)->10661K(10880K) NonClass: 9396K(9536K)->9396K(9536K) Class: 1265K(1344K)->1265K(1344K)
[2025-08-01T03:36:36.541+0000] GC(130) Pause Full (Allocation Failure) 3011M->748M(3959M) 893.769ms
[2025-08-01T03:36:36.541+0000] GC(130) User=0.89s Sys=0.00s Real=0.89s
[2025-08-01T03:36:36.751+0000] GC(131) Pause Young (Allocation Failure)
[2025-08-01T03:36:37.479+0000] GC(131) DefNew: 1118528K(1258304K)->139775K(1258304K) Eden: 1118528K(1118528K)->0K(1118528K) From: 0K(139776K)->139775K(139776K)
[2025-08-01T03:36:37.479+0000] GC(131) Tenured: 766529K(2796224K)->1708696K(2796224K)
[2025-08-01T03:36:37.479+0000] GC(131) Metaspace: 10661K(10880K)->10661K(10880K) NonClass: 9396K(9536K)->9396K(9536K) Class: 1265K(1344K)->1265K(1344K)
[2025-08-01T03:36:37.479+0000] GC(131) Pause Young (Allocation Failure) 1840M->1805M(3959M) 727.486ms
[2025-08-01T03:36:37.479+0000] GC(131) User=0.73s Sys=0.00s Real=0.73s
[2025-08-01T03:36:37.693+0000] GC(132) Pause Young (Allocation Failure)
[2025-08-01T03:36:37.693+0000] GC(132) Pause Young (Allocation Failure) 2897M->2897M(3959M) 0.112ms
[2025-08-01T03:36:37.693+0000] GC(132) User=0.00s Sys=0.00s Real=0.00s
[2025-08-01T03:36:37.693+0000] GC(133) Pause Full (Allocation Failure)
[2025-08-01T03:36:37.693+0000] GC(133) Phase 1: Mark live objects
[2025-08-01T03:36:37.817+0000] GC(133) Phase 1: Mark live objects 123.540ms
[2025-08-01T03:36:37.817+0000] GC(133) Phase 2: Compute new object addresses
[2025-08-01T03:36:38.206+0000] GC(133) Phase 2: Compute new object addresses 389.285ms
[2025-08-01T03:36:38.206+0000] GC(133) Phase 3: Adjust pointers
[2025-08-01T03:36:38.300+0000] GC(133) Phase 3: Adjust pointers 93.298ms
[2025-08-01T03:36:38.300+0000] GC(133) Phase 4: Move objects
[2025-08-01T03:36:38.544+0000] GC(133) Phase 4: Move objects 244.054ms
[2025-08-01T03:36:38.545+0000] GC(133) DefNew: 1258303K(1258304K)->0K(1258304K) Eden: 1118528K(1118528K)->0K(1118528K) From: 139775K(139776K)->0K(139776K)
[2025-08-01T03:36:38.545+0000] GC(133) Tenured: 1708696K(2796224K)->671529K(2796224K)
[2025-08-01T03:36:38.546+0000] GC(133) Metaspace: 10661K(10880K)->10661K(10880K) NonClass: 9396K(9536K)->9396K(9536K) Class: 1265K(1344K)->1265K(1344K)
[2025-08-01T03:36:38.546+0000] GC(133) Pause Full (Allocation Failure) 2897M->655M(3959M) 852.234ms
[2025-08-01T03:36:38.546+0000] GC(133) User=0.86s Sys=0.00s Real=0.85s
[2025-08-01T03:36:38.755+0000] GC(134) Pause Young (Allocation Failure)
[2025-08-01T03:36:39.106+0000] GC(134) DefNew: 1118528K(1258304K)->139775K(1258304K) Eden: 1118528K(1118528K)->0K(1118528K) From: 0K(139776K)->139775K(139776K)
[2025-08-01T03:36:39.106+0000] GC(134) Tenured: 671529K(2796224K)->1084740K(2796224K)
[2025-08-01T03:36:39.106+0000] GC(134) Metaspace: 10661K(10880K)->10661K(10880K) NonClass: 9396K(9536K)->9396K(9536K) Class: 1265K(1344K)->1265K(1344K)
[2025-08-01T03:36:39.106+0000] GC(134) Pause Young (Allocation Failure) 1748M->1195M(3959M) 350.884ms
[2025-08-01T03:36:39.106+0000] GC(134) User=0.36s Sys=0.00s Real=0.35s
[2025-08-01T03:36:39.318+0000] GC(135) Pause Young (Allocation Failure)
[2025-08-01T03:36:39.922+0000] GC(135) DefNew: 1258303K(1258304K)->139775K(1258304K) Eden: 1118528K(1118528K)->0K(1118528K) From: 139775K(139776K)->139775K(139776K)
[2025-08-01T03:36:39.922+0000] GC(135) Tenured: 1084740K(2796224K)->1838012K(2796224K)
[2025-08-01T03:36:39.922+0000] GC(135) Metaspace: 10661K(10880K)->10661K(10880K) NonClass: 9396K(9536K)->9396K(9536K) Class: 1265K(1344K)->1265K(1344K)
[2025-08-01T03:36:39.922+0000] GC(135) Pause Young (Allocation Failure) 2288M->1931M(3959M) 603.943ms
[2025-08-01T03:36:39.922+0000] GC(135) User=0.60s Sys=0.00s Real=0.60s
[2025-08-01T03:36:40.137+0000] GC(136) Pause Young (Allocation Failure)
[2025-08-01T03:36:40.137+0000] GC(136) Pause Young (Allocation Failure) 3023M->3023M(3959M) 0.094ms
[2025-08-01T03:36:40.137+0000] GC(136) User=0.00s Sys=0.00s Real=0.00s
[2025-08-01T03:36:40.137+0000] GC(137) Pause Full (Allocation Failure)
[2025-08-01T03:36:40.137+0000] GC(137) Phase 1: Mark live objects
[2025-08-01T03:36:40.248+0000] GC(137) Phase 1: Mark live objects 110.572ms
[2025-08-01T03:36:40.248+0000] GC(137) Phase 2: Compute new object addresses
[2025-08-01T03:36:40.686+0000] GC(137) Phase 2: Compute new object addresses 438.027ms
[2025-08-01T03:36:40.686+0000] GC(137) Phase 3: Adjust pointers
[2025-08-01T03:36:40.785+0000] GC(137) Phase 3: Adjust pointers 98.926ms
[2025-08-01T03:36:40.785+0000] GC(137) Phase 4: Move objects
[2025-08-01T03:36:41.019+0000] GC(137) Phase 4: Move objects 233.581ms
[2025-08-01T03:36:41.020+0000] GC(137) DefNew: 1258303K(1258304K)->0K(1258304K) Eden: 1118528K(1118528K)->0K(1118528K) From: 139775K(139776K)->0K(139776K)
[2025-08-01T03:36:41.020+0000] GC(137) Tenured: 1838012K(2796224K)->628961K(2796224K)
[2025-08-01T03:36:41.020+0000] GC(137) Metaspace: 10661K(10880K)->10661K(10880K) NonClass: 9396K(9536K)->9396K(9536K) Class: 1265K(1344K)->1265K(1344K)
[2025-08-01T03:36:41.020+0000] GC(137) Pause Full (Allocation Failure) 3023M->614M(3959M) 882.428ms
[2025-08-01T03:36:41.020+0000] GC(137) User=0.88s Sys=0.00s Real=0.88s
[2025-08-01T03:36:41.230+0000] GC(138) Pause Young (Allocation Failure)
[2025-08-01T03:36:41.873+0000] GC(138) DefNew: 1118528K(1258304K)->139775K(1258304K) Eden: 1118528K(1118528K)->0K(1118528K) From: 0K(139776K)->139775K(139776K)
[2025-08-01T03:36:41.873+0000] GC(138) Tenured: 628961K(2796224K)->1564214K(2796224K)
[2025-08-01T03:36:41.873+0000] GC(138) Metaspace: 10661K(10880K)->10661K(10880K) NonClass: 9396K(9536K)->9396K(9536K) Class: 1265K(1344K)->1265K(1344K)
[2025-08-01T03:36:41.873+0000] GC(138) Pause Young (Allocation Failure) 1706M->1664M(3959M) 643.701ms
[2025-08-01T03:36:41.873+0000] GC(138) User=0.65s Sys=0.00s Real=0.65s
[2025-08-01T03:36:42.081+0000] GC(139) Pause Young (Allocation Failure)
[2025-08-01T03:36:42.081+0000] GC(139) Pause Young (Allocation Failure) 2756M->2756M(3959M) 0.108ms
[2025-08-01T03:36:42.081+0000] GC(139) User=0.00s Sys=0.00s Real=0.00s
[2025-08-01T03:36:42.081+0000] GC(140) Pause Full (Allocation Failure)
[2025-08-01T03:36:42.081+0000] GC(140) Phase 1: Mark live objects
[2025-08-01T03:36:42.195+0000] GC(140) Phase 1: Mark live objects 114.264ms
[2025-08-01T03:36:42.195+0000] GC(140) Phase 2: Compute new object addresses
[2025-08-01T03:36:42.617+0000] GC(140) Phase 2: Compute new object addresses 421.506ms
[2025-08-01T03:36:42.617+0000] GC(140) Phase 3: Adjust pointers
[2025-08-01T03:36:42.702+0000] GC(140) Phase 3: Adjust pointers 85.341ms
[2025-08-01T03:36:42.702+0000] GC(140) Phase 4: Move objects
[2025-08-01T03:36:42.893+0000] GC(140) Phase 4: Move objects 190.924ms
[2025-08-01T03:36:42.894+0000] GC(140) DefNew: 1258303K(1258304K)->0K(1258304K) Eden: 1118528K(1118528K)->0K(1118528K) From: 139775K(139776K)->0K(139776K)
[2025-08-01T03:36:42.894+0000] GC(140) Tenured: 1564214K(2796224K)->579509K(2796224K)
[2025-08-01T03:36:42.894+0000] GC(140) Metaspace: 10661K(10880K)->10661K(10880K) NonClass: 9396K(9536K)->9396K(9536K) Class: 1265K(1344K)->1265K(1344K)
[2025-08-01T03:36:42.894+0000] GC(140) Pause Full (Allocation Failure) 2756M->565M(3959M) 813.173ms
[2025-08-01T03:36:42.894+0000] GC(140) User=0.82s Sys=0.00s Real=0.82s
[2025-08-01T03:36:43.115+0000] GC(141) Pause Young (Allocation Failure)
[2025-08-01T03:36:43.484+0000] GC(141) DefNew: 1118528K(1258304K)->139775K(1258304K) Eden: 1118528K(1118528K)->0K(1118528K) From: 0K(139776K)->139775K(139776K)
[2025-08-01T03:36:43.484+0000] GC(141) Tenured: 579509K(2796224K)->992720K(2796224K)
[2025-08-01T03:36:43.484+0000] GC(141) Metaspace: 10661K(10880K)->10661K(10880K) NonClass: 9396K(9536K)->9396K(9536K) Class: 1265K(1344K)->1265K(1344K)
[2025-08-01T03:36:43.484+0000] GC(141) Pause Young (Allocation Failure) 1658M->1105M(3959M) 369.435ms
[2025-08-01T03:36:43.484+0000] GC(141) User=0.37s Sys=0.00s Real=0.37s
[2025-08-01T03:36:43.699+0000] GC(142) Pause Young (Allocation Failure)
[2025-08-01T03:36:44.250+0000] GC(142) DefNew: 1258303K(1258304K)->139775K(1258304K) Eden: 1118528K(1118528K)->0K(1118528K) From: 139775K(139776K)->139775K(139776K)
[2025-08-01T03:36:44.250+0000] GC(142) Tenured: 992720K(2796224K)->1739082K(2796224K)
[2025-08-01T03:36:44.251+0000] GC(142) Metaspace: 10661K(10880K)->10661K(10880K) NonClass: 9396K(9536K)->9396K(9536K) Class: 1265K(1344K)->1265K(1344K)
[2025-08-01T03:36:44.251+0000] GC(142) Pause Young (Allocation Failure) 2198M->1834M(3959M) 551.355ms
[2025-08-01T03:36:44.251+0000] GC(142) User=0.55s Sys=0.00s Real=0.55s
[2025-08-01T03:36:44.469+0000] GC(143) Pause Young (Allocation Failure)
[2025-08-01T03:36:44.469+0000] GC(143) Pause Young (Allocation Failure) 2927M->2927M(3959M) 0.103ms
[2025-08-01T03:36:44.469+0000] GC(143) User=0.00s Sys=0.00s Real=0.00s
[2025-08-01T03:36:44.469+0000] GC(144) Pause Full (Allocation Failure)
[2025-08-01T03:36:44.469+0000] GC(144) Phase 1: Mark live objects
[2025-08-01T03:36:44.586+0000] GC(144) Phase 1: Mark live objects 116.842ms
[2025-08-01T03:36:44.586+0000] GC(144) Phase 2: Compute new object addresses
[2025-08-01T03:36:45.004+0000] GC(144) Phase 2: Compute new object addresses 418.247ms
[2025-08-01T03:36:45.004+0000] GC(144) Phase 3: Adjust pointers
[2025-08-01T03:36:45.101+0000] GC(144) Phase 3: Adjust pointers 96.921ms
[2025-08-01T03:36:45.102+0000] GC(144) Phase 4: Move objects
[2025-08-01T03:36:45.323+0000] GC(144) Phase 4: Move objects 221.876ms
[2025-08-01T03:36:45.325+0000] GC(144) DefNew: 1258303K(1258304K)->0K(1258304K) Eden: 1118528K(1118528K)->0K(1118528K) From: 139775K(139776K)->0K(139776K)
[2025-08-01T03:36:45.325+0000] GC(144) Tenured: 1739082K(2796224K)->726699K(2796224K)
[2025-08-01T03:36:45.325+0000] GC(144) Metaspace: 10661K(10880K)->10661K(10880K) NonClass: 9396K(9536K)->9396K(9536K) Class: 1265K(1344K)->1265K(1344K)
[2025-08-01T03:36:45.325+0000] GC(144) Pause Full (Allocation Failure) 2927M->709M(3959M) 855.502ms
[2025-08-01T03:36:45.325+0000] GC(144) User=0.86s Sys=0.00s Real=0.86s
[2025-08-01T03:36:45.537+0000] GC(145) Pause Young (Allocation Failure)
[2025-08-01T03:36:46.201+0000] GC(145) DefNew: 1118528K(1258304K)->139775K(1258304K) Eden: 1118528K(1118528K)->0K(1118528K) From: 0K(139776K)->139775K(139776K)
[2025-08-01T03:36:46.201+0000] GC(145) Tenured: 726699K(2796224K)->1655041K(2796224K)
[2025-08-01T03:36:46.201+0000] GC(145) Metaspace: 10661K(10880K)->10661K(10880K) NonClass: 9396K(9536K)->9396K(9536K) Class: 1265K(1344K)->1265K(1344K)
[2025-08-01T03:36:46.201+0000] GC(145) Pause Young (Allocation Failure) 1801M->1752M(3959M) 663.468ms
[2025-08-01T03:36:46.201+0000] GC(145) User=0.66s Sys=0.00s Real=0.66s
[2025-08-01T03:36:46.420+0000] GC(146) Pause Young (Allocation Failure)
[2025-08-01T03:36:46.420+0000] GC(146) Pause Young (Allocation Failure) 2845M->2845M(3959M) 0.099ms
[2025-08-01T03:36:46.420+0000] GC(146) User=0.00s Sys=0.00s Real=0.00s
[2025-08-01T03:36:46.420+0000] GC(147) Pause Full (Allocation Failure)
[2025-08-01T03:36:46.420+0000] GC(147) Phase 1: Mark live objects
[2025-08-01T03:36:46.539+0000] GC(147) Phase 1: Mark live objects 118.947ms
[2025-08-01T03:36:46.539+0000] GC(147) Phase 2: Compute new object addresses
[2025-08-01T03:36:47.043+0000] GC(147) Phase 2: Compute new object addresses 503.549ms
[2025-08-01T03:36:47.043+0000] GC(147) Phase 3: Adjust pointers
[2025-08-01T03:36:47.152+0000] GC(147) Phase 3: Adjust pointers 108.848ms
[2025-08-01T03:36:47.152+0000] GC(147) Phase 4: Move objects
[2025-08-01T03:36:47.362+0000] GC(147) Phase 4: Move objects 210.507ms
[2025-08-01T03:36:47.364+0000] GC(147) DefNew: 1258303K(1258304K)->0K(1258304K) Eden: 1118528K(1118528K)->0K(1118528K) From: 139775K(139776K)->0K(139776K)
[2025-08-01T03:36:47.364+0000] GC(147) Tenured: 1655041K(2796224K)->631698K(2796224K)
[2025-08-01T03:36:47.364+0000] GC(147) Metaspace: 10661K(10880K)->10661K(10880K) NonClass: 9396K(9536K)->9396K(9536K) Class: 1265K(1344K)->1265K(1344K)
[2025-08-01T03:36:47.364+0000] GC(147) Pause Full (Allocation Failure) 2845M->616M(3959M) 943.347ms
[2025-08-01T03:36:47.364+0000] GC(147) User=0.94s Sys=0.00s Real=0.95s
[2025-08-01T03:36:47.583+0000] GC(148) Pause Young (Allocation Failure)
[2025-08-01T03:36:47.926+0000] GC(148) DefNew: 1118527K(1258304K)->139775K(1258304K) Eden: 1118527K(1118528K)->0K(1118528K) From: 0K(139776K)->139775K(139776K)
[2025-08-01T03:36:47.926+0000] GC(148) Tenured: 631698K(2796224K)->1044910K(2796224K)
[2025-08-01T03:36:47.926+0000] GC(148) Metaspace: 10661K(10880K)->10661K(10880K) NonClass: 9396K(9536K)->9396K(9536K) Class: 1265K(1344K)->1265K(1344K)
[2025-08-01T03:36:47.926+0000] GC(148) Pause Young (Allocation Failure) 1709M->1156M(3959M) 343.690ms
[2025-08-01T03:36:47.926+0000] GC(148) User=0.34s Sys=0.00s Real=0.35s
[2025-08-01T03:36:48.146+0000] GC(149) Pause Young (Allocation Failure)
[2025-08-01T03:36:48.729+0000] GC(149) DefNew: 1258303K(1258304K)->139775K(1258304K) Eden: 1118527K(1118528K)->0K(1118528K) From: 139775K(139776K)->139775K(139776K)
[2025-08-01T03:36:48.729+0000] GC(149) Tenured: 1044910K(2796224K)->1784357K(2796224K)
[2025-08-01T03:36:48.729+0000] GC(149) Metaspace: 10661K(10880K)->10661K(10880K) NonClass: 9396K(9536K)->9396K(9536K) Class: 1265K(1344K)->1265K(1344K)
[2025-08-01T03:36:48.729+0000] GC(149) Pause Young (Allocation Failure) 2249M->1879M(3959M) 583.079ms
[2025-08-01T03:36:48.729+0000] GC(149) User=0.59s Sys=0.00s Real=0.58s
[2025-08-01T03:36:48.945+0000] GC(150) Pause Young (Allocation Failure)
[2025-08-01T03:36:48.945+0000] GC(150) Pause Young (Allocation Failure) 2971M->2971M(3959M) 0.111ms
[2025-08-01T03:36:48.945+0000] GC(150) User=0.00s Sys=0.00s Real=0.00s
[2025-08-01T03:36:48.945+0000] GC(151) Pause Full (Allocation Failure)
[2025-08-01T03:36:48.945+0000] GC(151) Phase 1: Mark live objects
[2025-08-01T03:36:49.091+0000] GC(151) Phase 1: Mark live objects 145.813ms
[2025-08-01T03:36:49.091+0000] GC(151) Phase 2: Compute new object addresses
[2025-08-01T03:36:49.536+0000] GC(151) Phase 2: Compute new object addresses 444.584ms
[2025-08-01T03:36:49.536+0000] GC(151) Phase 3: Adjust pointers
[2025-08-01T03:36:49.631+0000] GC(151) Phase 3: Adjust pointers 95.047ms
[2025-08-01T03:36:49.631+0000] GC(151) Phase 4: Move objects
[2025-08-01T03:36:49.859+0000] GC(151) Phase 4: Move objects 227.510ms
[2025-08-01T03:36:49.860+0000] GC(151) DefNew: 1258303K(1258304K)->0K(1258304K) Eden: 1118528K(1118528K)->0K(1118528K) From: 139775K(139776K)->0K(139776K)
[2025-08-01T03:36:49.860+0000] GC(151) Tenured: 1784357K(2796224K)->615872K(2796224K)
[2025-08-01T03:36:49.860+0000] GC(151) Metaspace: 10661K(10880K)->10661K(10880K) NonClass: 9396K(9536K)->9396K(9536K) Class: 1265K(1344K)->1265K(1344K)
[2025-08-01T03:36:49.860+0000] GC(151) Pause Full (Allocation Failure) 2971M->601M(3959M) 914.378ms
[2025-08-01T03:36:49.860+0000] GC(151) User=0.92s Sys=0.00s Real=0.91s
[2025-08-01T03:36:50.101+0000] GC(152) Pause Young (Allocation Failure)
[2025-08-01T03:36:50.774+0000] GC(152) DefNew: 1118528K(1258304K)->139775K(1258304K) Eden: 1118528K(1118528K)->0K(1118528K) From: 0K(139776K)->139775K(139776K)
[2025-08-01T03:36:50.774+0000] GC(152) Tenured: 615872K(2796224K)->1537297K(2796224K)
[2025-08-01T03:36:50.774+0000] GC(152) Metaspace: 10661K(10880K)->10661K(10880K) NonClass: 9396K(9536K)->9396K(9536K) Class: 1265K(1344K)->1265K(1344K)
[2025-08-01T03:36:50.774+0000] GC(152) Pause Young (Allocation Failure) 1693M->1637M(3959M) 672.854ms
[2025-08-01T03:36:50.774+0000] GC(152) User=0.67s Sys=0.00s Real=0.68s
[2025-08-01T03:36:50.995+0000] GC(153) Pause Young (Allocation Failure)
[2025-08-01T03:36:51.319+0000] GC(153) DefNew: 1258303K(1258304K)->139776K(1258304K) Eden: 1118528K(1118528K)->0K(1118528K) From: 139775K(139776K)->139776K(139776K)
[2025-08-01T03:36:51.319+0000] GC(153) Tenured: 1537297K(2796224K)->1903058K(2796224K)
[2025-08-01T03:36:51.319+0000] GC(153) Metaspace: 10661K(10880K)->10661K(10880K) NonClass: 9396K(9536K)->9396K(9536K) Class: 1265K(1344K)->1265K(1344K)
[2025-08-01T03:36:51.319+0000] GC(153) Pause Young (Allocation Failure) 2730M->1994M(3959M) 323.704ms
[2025-08-01T03:36:51.319+0000] GC(153) User=0.32s Sys=0.00s Real=0.32s
[2025-08-01T03:36:51.555+0000] GC(154) Pause Young (Allocation Failure)
[2025-08-01T03:36:51.555+0000] GC(154) Pause Young (Allocation Failure) 3087M->3087M(3959M) 0.138ms
[2025-08-01T03:36:51.555+0000] GC(154) User=0.00s Sys=0.00s Real=0.00s
[2025-08-01T03:36:51.555+0000] GC(155) Pause Full (Allocation Failure)
[2025-08-01T03:36:51.556+0000] GC(155) Phase 1: Mark live objects
[2025-08-01T03:36:51.691+0000] GC(155) Phase 1: Mark live objects 135.311ms
[2025-08-01T03:36:51.691+0000] GC(155) Phase 2: Compute new object addresses
[2025-08-01T03:36:52.206+0000] GC(155) Phase 2: Compute new object addresses 515.418ms
[2025-08-01T03:36:52.206+0000] GC(155) Phase 3: Adjust pointers
[2025-08-01T03:36:52.334+0000] GC(155) Phase 3: Adjust pointers 127.211ms
[2025-08-01T03:36:52.334+0000] GC(155) Phase 4: Move objects
[2025-08-01T03:36:52.639+0000] GC(155) Phase 4: Move objects 305.138ms
[2025-08-01T03:36:52.640+0000] GC(155) DefNew: 1258304K(1258304K)->0K(1258304K) Eden: 1118528K(1118528K)->0K(1118528K) From: 139776K(139776K)->0K(139776K)
[2025-08-01T03:36:52.640+0000] GC(155) Tenured: 1903058K(2796224K)->843504K(2796224K)
[2025-08-01T03:36:52.640+0000] GC(155) Metaspace: 10661K(10880K)->10661K(10880K) NonClass: 9396K(9536K)->9396K(9536K) Class: 1265K(1344K)->1265K(1344K)
[2025-08-01T03:36:52.640+0000] GC(155) Pause Full (Allocation Failure) 3087M->823M(3959M) 1084.651ms
[2025-08-01T03:36:52.640+0000] GC(155) User=1.08s Sys=0.01s Real=1.08s
[2025-08-01T03:36:52.892+0000] GC(156) Pause Young (Allocation Failure)
[2025-08-01T03:36:53.476+0000] GC(156) DefNew: 1118528K(1258304K)->139775K(1258304K) Eden: 1118528K(1118528K)->0K(1118528K) From: 0K(139776K)->139775K(139776K)
[2025-08-01T03:36:53.476+0000] GC(156) Tenured: 843504K(2796224K)->1580321K(2796224K)
[2025-08-01T03:36:53.476+0000] GC(156) Metaspace: 10661K(10880K)->10661K(10880K) NonClass: 9396K(9536K)->9396K(9536K) Class: 1265K(1344K)->1265K(1344K)
[2025-08-01T03:36:53.476+0000] GC(156) Pause Young (Allocation Failure) 1916M->1679M(3959M) 584.775ms
[2025-08-01T03:36:53.476+0000] GC(156) User=0.58s Sys=0.00s Real=0.59s
[2025-08-01T03:36:53.752+0000] GC(157) Pause Young (Allocation Failure)
[2025-08-01T03:36:54.077+0000] GC(157) DefNew: 1258303K(1258304K)->139776K(1258304K) Eden: 1118528K(1118528K)->0K(1118528K) From: 139775K(139776K)->139776K(139776K)
[2025-08-01T03:36:54.077+0000] GC(157) Tenured: 1580321K(2796224K)->1928413K(2796224K)
[2025-08-01T03:36:54.077+0000] GC(157) Metaspace: 10661K(10880K)->10661K(10880K) NonClass: 9396K(9536K)->9396K(9536K) Class: 1265K(1344K)->1265K(1344K)
[2025-08-01T03:36:54.077+0000] GC(157) Pause Young (Allocation Failure) 2772M->2019M(3959M) 325.409ms
[2025-08-01T03:36:54.077+0000] GC(157) User=0.33s Sys=0.00s Real=0.33s
[2025-08-01T03:36:54.328+0000] GC(158) Pause Young (Allocation Failure)
[2025-08-01T03:36:54.328+0000] GC(158) Pause Young (Allocation Failure) 3112M->3112M(3959M) 0.118ms
[2025-08-01T03:36:54.328+0000] GC(158) User=0.00s Sys=0.00s Real=0.00s
[2025-08-01T03:36:54.328+0000] GC(159) Pause Full (Allocation Failure)
[2025-08-01T03:36:54.328+0000] GC(159) Phase 1: Mark live objects
[2025-08-01T03:36:54.592+0000] GC(159) Phase 1: Mark live objects 264.698ms
[2025-08-01T03:36:54.593+0000] GC(159) Phase 2: Compute new object addresses
[2025-08-01T03:36:55.098+0000] GC(159) Phase 2: Compute new object addresses 505.557ms
[2025-08-01T03:36:55.098+0000] GC(159) Phase 3: Adjust pointers
[2025-08-01T03:36:55.290+0000] GC(159) Phase 3: Adjust pointers 191.780ms
[2025-08-01T03:36:55.290+0000] GC(159) Phase 4: Move objects
[2025-08-01T03:36:55.813+0000] GC(159) Phase 4: Move objects 523.227ms
[2025-08-01T03:36:55.815+0000] GC(159) DefNew: 1258304K(1258304K)->0K(1258304K) Eden: 1118528K(1118528K)->0K(1118528K) From: 139776K(139776K)->0K(139776K)
[2025-08-01T03:36:55.815+0000] GC(159) Tenured: 1928413K(2796224K)->1409016K(2796224K)
[2025-08-01T03:36:55.815+0000] GC(159) Metaspace: 10661K(10880K)->10661K(10880K) NonClass: 9396K(9536K)->9396K(9536K) Class: 1265K(1344K)->1265K(1344K)
[2025-08-01T03:36:55.815+0000] GC(159) Pause Full (Allocation Failure) 3112M->1375M(3959M) 1486.898ms
[2025-08-01T03:36:55.815+0000] GC(159) User=1.48s Sys=0.01s Real=1.49s
[2025-08-01T03:36:56.042+0000] GC(160) Pause Young (Allocation Failure)
[2025-08-01T03:36:56.345+0000] GC(160) DefNew: 1118528K(1258304K)->139775K(1258304K) Eden: 1118528K(1118528K)->0K(1118528K) From: 0K(139776K)->139775K(139776K)
[2025-08-01T03:36:56.345+0000] GC(160) Tenured: 1409016K(2796224K)->1787451K(2796224K)
[2025-08-01T03:36:56.345+0000] GC(160) Metaspace: 10661K(10880K)->10661K(10880K) NonClass: 9396K(9536K)->9396K(9536K) Class: 1265K(1344K)->1265K(1344K)
[2025-08-01T03:36:56.345+0000] GC(160) Pause Young (Allocation Failure) 2468M->1882M(3959M) 303.061ms
[2025-08-01T03:36:56.345+0000] GC(160) User=0.30s Sys=0.00s Real=0.31s
[2025-08-01T03:36:56.556+0000] GC(161) Pause Young (Allocation Failure)
[2025-08-01T03:36:56.556+0000] GC(161) Pause Young (Allocation Failure) 2974M->2974M(3959M) 0.115ms
[2025-08-01T03:36:56.556+0000] GC(161) User=0.00s Sys=0.00s Real=0.00s
[2025-08-01T03:36:56.556+0000] GC(162) Pause Full (Allocation Failure)
[2025-08-01T03:36:56.556+0000] GC(162) Phase 1: Mark live objects
[2025-08-01T03:36:56.705+0000] GC(162) Phase 1: Mark live objects 149.389ms
[2025-08-01T03:36:56.705+0000] GC(162) Phase 2: Compute new object addresses
[2025-08-01T03:36:57.182+0000] GC(162) Phase 2: Compute new object addresses 476.418ms
[2025-08-01T03:36:57.182+0000] GC(162) Phase 3: Adjust pointers
[2025-08-01T03:36:57.284+0000] GC(162) Phase 3: Adjust pointers 102.133ms
[2025-08-01T03:36:57.284+0000] GC(162) Phase 4: Move objects
[2025-08-01T03:36:57.560+0000] GC(162) Phase 4: Move objects 275.784ms
[2025-08-01T03:36:57.561+0000] GC(162) DefNew: 1258303K(1258304K)->0K(1258304K) Eden: 1118528K(1118528K)->0K(1118528K) From: 139775K(139776K)->0K(139776K)
[2025-08-01T03:36:57.561+0000] GC(162) Tenured: 1787451K(2796224K)->855596K(2796224K)
[2025-08-01T03:36:57.561+0000] GC(162) Metaspace: 10661K(10880K)->10661K(10880K) NonClass: 9396K(9536K)->9396K(9536K) Class: 1265K(1344K)->1265K(1344K)
[2025-08-01T03:36:57.561+0000] GC(162) Pause Full (Allocation Failure) 2974M->835M(3959M) 1005.206ms
[2025-08-01T03:36:57.561+0000] GC(162) User=1.01s Sys=0.00s Real=1.00s
[2025-08-01T03:36:57.777+0000] GC(163) Pause Young (Allocation Failure)
[2025-08-01T03:36:58.326+0000] GC(163) DefNew: 1118528K(1258304K)->139775K(1258304K) Eden: 1118528K(1118528K)->0K(1118528K) From: 0K(139776K)->139775K(139776K)
[2025-08-01T03:36:58.326+0000] GC(163) Tenured: 855596K(2796224K)->1598177K(2796224K)
[2025-08-01T03:36:58.326+0000] GC(163) Metaspace: 10661K(10880K)->10661K(10880K) NonClass: 9396K(9536K)->9396K(9536K) Class: 1265K(1344K)->1265K(1344K)
[2025-08-01T03:36:58.326+0000] GC(163) Pause Young (Allocation Failure) 1927M->1697M(3959M) 549.564ms
[2025-08-01T03:36:58.326+0000] GC(163) User=0.56s Sys=0.00s Real=0.55s
[2025-08-01T03:36:58.548+0000] GC(164) Pause Young (Allocation Failure)
[2025-08-01T03:36:58.895+0000] GC(164) DefNew: 1258303K(1258304K)->139775K(1258304K) Eden: 1118528K(1118528K)->0K(1118528K) From: 139775K(139776K)->139775K(139776K)
[2025-08-01T03:36:58.895+0000] GC(164) Tenured: 1598177K(2796224K)->1973241K(2796224K)
[2025-08-01T03:36:58.895+0000] GC(164) Metaspace: 10661K(10880K)->10661K(10880K) NonClass: 9396K(9536K)->9396K(9536K) Class: 1265K(1344K)->1265K(1344K)
[2025-08-01T03:36:58.895+0000] GC(164) Pause Young (Allocation Failure) 2789M->2063M(3959M) 347.091ms
[2025-08-01T03:36:58.895+0000] GC(164) User=0.35s Sys=0.00s Real=0.35s
[2025-08-01T03:36:59.128+0000] GC(165) Pause Young (Allocation Failure)
[2025-08-01T03:36:59.128+0000] GC(165) Pause Young (Allocation Failure) 3155M->3155M(3959M) 0.074ms
[2025-08-01T03:36:59.128+0000] GC(165) User=0.00s Sys=0.00s Real=0.00s
[2025-08-01T03:36:59.128+0000] GC(166) Pause Full (Allocation Failure)
[2025-08-01T03:36:59.128+0000] GC(166) Phase 1: Mark live objects
[2025-08-01T03:36:59.381+0000] GC(166) Phase 1: Mark live objects 252.487ms
[2025-08-01T03:36:59.381+0000] GC(166) Phase 2: Compute new object addresses
[2025-08-01T03:36:59.825+0000] GC(166) Phase 2: Compute new object addresses 444.149ms
[2025-08-01T03:36:59.825+0000] GC(166) Phase 3: Adjust pointers
[2025-08-01T03:37:00.049+0000] GC(166) Phase 3: Adjust pointers 224.234ms
[2025-08-01T03:37:00.049+0000] GC(166) Phase 4: Move objects
[2025-08-01T03:37:00.596+0000] GC(166) Phase 4: Move objects 546.663ms
[2025-08-01T03:37:00.597+0000] GC(166) DefNew: 1258303K(1258304K)->0K(1258304K) Eden: 1118528K(1118528K)->0K(1118528K) From: 139775K(139776K)->0K(139776K)
[2025-08-01T03:37:00.597+0000] GC(166) Tenured: 1973241K(2796224K)->1271320K(2796224K)
[2025-08-01T03:37:00.597+0000] GC(166) Metaspace: 10661K(10880K)->10661K(10880K) NonClass: 9396K(9536K)->9396K(9536K) Class: 1265K(1344K)->1265K(1344K)
[2025-08-01T03:37:00.597+0000] GC(166) Pause Full (Allocation Failure) 3155M->1241M(3959M) 1468.922ms
[2025-08-01T03:37:00.597+0000] GC(166) User=1.47s Sys=0.00s Real=1.47s
[2025-08-01T03:37:00.817+0000] GC(167) Pause Young (Allocation Failure)
[2025-08-01T03:37:01.156+0000] GC(167) DefNew: 1118528K(1258304K)->139775K(1258304K) Eden: 1118528K(1118528K)->0K(1118528K) From: 0K(139776K)->139775K(139776K)
[2025-08-01T03:37:01.156+0000] GC(167) Tenured: 1271320K(2796224K)->1648657K(2796224K)
[2025-08-01T03:37:01.156+0000] GC(167) Metaspace: 10661K(10880K)->10661K(10880K) NonClass: 9396K(9536K)->9396K(9536K) Class: 1265K(1344K)->1265K(1344K)
[2025-08-01T03:37:01.157+0000] GC(167) Pause Young (Allocation Failure) 2333M->1746M(3959M) 339.954ms
[2025-08-01T03:37:01.157+0000] GC(167) User=0.34s Sys=0.00s Real=0.34s
[2025-08-01T03:37:01.378+0000] GC(168) Pause Young (Allocation Failure)
[2025-08-01T03:37:01.718+0000] GC(168) DefNew: 1258303K(1258304K)->139776K(1258304K) Eden: 1118528K(1118528K)->0K(1118528K) From: 139775K(139776K)->139776K(139776K)
[2025-08-01T03:37:01.722+0000] GC(168) Tenured: 1648657K(2796224K)->2096578K(2796224K)
[2025-08-01T03:37:01.723+0000] GC(168) Metaspace: 10661K(10880K)->10661K(10880K) NonClass: 9396K(9536K)->9396K(9536K) Class: 1265K(1344K)->1265K(1344K)
[2025-08-01T03:37:01.723+0000] GC(168) Pause Young (Allocation Failure) 2838M->2183M(3959M) 344.757ms
[2025-08-01T03:37:01.723+0000] GC(168) User=0.34s Sys=0.00s Real=0.34s
[2025-08-01T03:37:01.946+0000] GC(169) Pause Young (Allocation Failure)
[2025-08-01T03:37:01.946+0000] GC(169) Pause Young (Allocation Failure) 3276M->3276M(3959M) 0.094ms
[2025-08-01T03:37:01.946+0000] GC(169) User=0.00s Sys=0.00s Real=0.00s
[2025-08-01T03:37:01.946+0000] GC(170) Pause Full (Allocation Failure)
[2025-08-01T03:37:01.946+0000] GC(170) Phase 1: Mark live objects
[2025-08-01T03:37:02.146+0000] GC(170) Phase 1: Mark live objects 200.158ms
[2025-08-01T03:37:02.147+0000] GC(170) Phase 2: Compute new object addresses
[2025-08-01T03:37:02.640+0000] GC(170) Phase 2: Compute new object addresses 493.438ms
[2025-08-01T03:37:02.640+0000] GC(170) Phase 3: Adjust pointers
[2025-08-01T03:37:02.785+0000] GC(170) Phase 3: Adjust pointers 144.760ms
[2025-08-01T03:37:02.785+0000] GC(170) Phase 4: Move objects
[2025-08-01T03:37:03.120+0000] GC(170) Phase 4: Move objects 334.999ms
[2025-08-01T03:37:03.121+0000] GC(170) DefNew: 1258304K(1258304K)->0K(1258304K) Eden: 1118528K(1118528K)->0K(1118528K) From: 139776K(139776K)->0K(139776K)
[2025-08-01T03:37:03.121+0000] GC(170) Tenured: 2096578K(2796224K)->918897K(2796224K)
[2025-08-01T03:37:03.121+0000] GC(170) Metaspace: 10661K(10880K)->10661K(10880K) NonClass: 9396K(9536K)->9396K(9536K) Class: 1265K(1344K)->1265K(1344K)
[2025-08-01T03:37:03.121+0000] GC(170) Pause Full (Allocation Failure) 3276M->897M(3959M) 1175.310ms
[2025-08-01T03:37:03.121+0000] GC(170) User=1.18s Sys=0.00s Real=1.17s
[2025-08-01T03:37:03.336+0000] GC(171) Pause Young (Allocation Failure)
[2025-08-01T03:37:03.680+0000] GC(171) DefNew: 1118528K(1258304K)->139775K(1258304K) Eden: 1118528K(1118528K)->0K(1118528K) From: 0K(139776K)->139775K(139776K)
[2025-08-01T03:37:03.680+0000] GC(171) Tenured: 918897K(2796224K)->1301141K(2796224K)
[2025-08-01T03:37:03.680+0000] GC(171) Metaspace: 10661K(10880K)->10661K(10880K) NonClass: 9396K(9536K)->9396K(9536K) Class: 1265K(1344K)->1265K(1344K)
[2025-08-01T03:37:03.681+0000] GC(171) Pause Young (Allocation Failure) 1989M->1407M(3959M) 344.310ms
[2025-08-01T03:37:03.681+0000] GC(171) User=0.35s Sys=0.00s Real=0.34s
[2025-08-01T03:37:03.928+0000] GC(172) Pause Young (Allocation Failure)
[2025-08-01T03:37:04.617+0000] GC(172) DefNew: 1258303K(1258304K)->139775K(1258304K) Eden: 1118528K(1118528K)->0K(1118528K) From: 139775K(139776K)->139775K(139776K)
[2025-08-01T03:37:04.617+0000] GC(172) Tenured: 1301141K(2796224K)->2245323K(2796224K)
[2025-08-01T03:37:04.617+0000] GC(172) Metaspace: 10661K(10880K)->10661K(10880K) NonClass: 9396K(9536K)->9396K(9536K) Class: 1265K(1344K)->1265K(1344K)
[2025-08-01T03:37:04.617+0000] GC(172) Pause Young (Allocation Failure) 2499M->2329M(3959M) 688.971ms
[2025-08-01T03:37:04.617+0000] GC(172) User=0.69s Sys=0.00s Real=0.69s
[2025-08-01T03:37:04.834+0000] GC(173) Pause Young (Allocation Failure)
[2025-08-01T03:37:04.834+0000] GC(173) Pause Young (Allocation Failure) 3421M->3421M(3959M) 0.104ms
[2025-08-01T03:37:04.834+0000] GC(173) User=0.00s Sys=0.00s Real=0.00s
[2025-08-01T03:37:04.834+0000] GC(174) Pause Full (Allocation Failure)
[2025-08-01T03:37:04.834+0000] GC(174) Phase 1: Mark live objects
[2025-08-01T03:37:04.951+0000] GC(174) Phase 1: Mark live objects 117.063ms
[2025-08-01T03:37:04.952+0000] GC(174) Phase 2: Compute new object addresses
[2025-08-01T03:37:05.495+0000] GC(174) Phase 2: Compute new object addresses 542.947ms
[2025-08-01T03:37:05.495+0000] GC(174) Phase 3: Adjust pointers
[2025-08-01T03:37:05.584+0000] GC(174) Phase 3: Adjust pointers 88.983ms
[2025-08-01T03:37:05.584+0000] GC(174) Phase 4: Move objects
[2025-08-01T03:37:05.781+0000] GC(174) Phase 4: Move objects 197.377ms
[2025-08-01T03:37:05.782+0000] GC(174) DefNew: 1258303K(1258304K)->0K(1258304K) Eden: 1118528K(1118528K)->0K(1118528K) From: 139775K(139776K)->0K(139776K)
[2025-08-01T03:37:05.782+0000] GC(174) Tenured: 2245323K(2796224K)->665786K(2796224K)
[2025-08-01T03:37:05.782+0000] GC(174) Metaspace: 10661K(10880K)->10661K(10880K) NonClass: 9396K(9536K)->9396K(9536K) Class: 1265K(1344K)->1265K(1344K)
[2025-08-01T03:37:05.783+0000] GC(174) Pause Full (Allocation Failure) 3421M->650M(3959M) 948.132ms
[2025-08-01T03:37:05.783+0000] GC(174) User=0.95s Sys=0.00s Real=0.94s
[2025-08-01T03:37:05.991+0000] GC(175) Pause Young (Allocation Failure)
[2025-08-01T03:37:06.329+0000] GC(175) DefNew: 1118528K(1258304K)->139776K(1258304K) Eden: 1118528K(1118528K)->0K(1118528K) From: 0K(139776K)->139776K(139776K)
[2025-08-01T03:37:06.329+0000] GC(175) Tenured: 665786K(2796224K)->1083757K(2796224K)
[2025-08-01T03:37:06.329+0000] GC(175) Metaspace: 10661K(10880K)->10661K(10880K) NonClass: 9396K(9536K)->9396K(9536K) Class: 1265K(1344K)->1265K(1344K)
[2025-08-01T03:37:06.329+0000] GC(175) Pause Young (Allocation Failure) 1742M->1194M(3959M) 338.105ms
[2025-08-01T03:37:06.329+0000] GC(175) User=0.34s Sys=0.00s Real=0.34s
[2025-08-01T03:37:06.543+0000] GC(176) Pause Young (Allocation Failure)
[2025-08-01T03:37:07.102+0000] GC(176) DefNew: 1258304K(1258304K)->139775K(1258304K) Eden: 1118528K(1118528K)->0K(1118528K) From: 139776K(139776K)->139775K(139776K)
[2025-08-01T03:37:07.103+0000] GC(176) Tenured: 1083757K(2796224K)->1837480K(2796224K)
[2025-08-01T03:37:07.103+0000] GC(176) Metaspace: 10661K(10880K)->10661K(10880K) NonClass: 9396K(9536K)->9396K(9536K) Class: 1265K(1344K)->1265K(1344K)
[2025-08-01T03:37:07.103+0000] GC(176) Pause Young (Allocation Failure) 2287M->1930M(3959M) 559.282ms
[2025-08-01T03:37:07.103+0000] GC(176) User=0.56s Sys=0.00s Real=0.55s
[2025-08-01T03:37:07.314+0000] GC(177) Pause Young (Allocation Failure)
[2025-08-01T03:37:07.314+0000] GC(177) Pause Young (Allocation Failure) 3023M->3023M(3959M) 0.125ms
[2025-08-01T03:37:07.314+0000] GC(177) User=0.00s Sys=0.00s Real=0.00s
[2025-08-01T03:37:07.314+0000] GC(178) Pause Full (Allocation Failure)
[2025-08-01T03:37:07.314+0000] GC(178) Phase 1: Mark live objects
[2025-08-01T03:37:07.443+0000] GC(178) Phase 1: Mark live objects 129.227ms
[2025-08-01T03:37:07.444+0000] GC(178) Phase 2: Compute new object addresses
[2025-08-01T03:37:07.864+0000] GC(178) Phase 2: Compute new object addresses 420.481ms
[2025-08-01T03:37:07.864+0000] GC(178) Phase 3: Adjust pointers
[2025-08-01T03:37:07.976+0000] GC(178) Phase 3: Adjust pointers 111.909ms
[2025-08-01T03:37:07.976+0000] GC(178) Phase 4: Move objects
[2025-08-01T03:37:08.245+0000] GC(178) Phase 4: Move objects 268.565ms
[2025-08-01T03:37:08.245+0000] GC(178) DefNew: 1258303K(1258304K)->0K(1258304K) Eden: 1118528K(1118528K)->0K(1118528K) From: 139775K(139776K)->0K(139776K)
[2025-08-01T03:37:08.246+0000] GC(178) Tenured: 1837480K(2796224K)->770532K(2796224K)
[2025-08-01T03:37:08.246+0000] GC(178) Metaspace: 10661K(10880K)->10661K(10880K) NonClass: 9396K(9536K)->9396K(9536K) Class: 1265K(1344K)->1265K(1344K)
[2025-08-01T03:37:08.246+0000] GC(178) Pause Full (Allocation Failure) 3023M->752M(3959M) 931.351ms
[2025-08-01T03:37:08.246+0000] GC(178) User=0.93s Sys=0.00s Real=0.93s
[2025-08-01T03:37:08.457+0000] GC(179) Pause Young (Allocation Failure)
[2025-08-01T03:37:09.112+0000] GC(179) DefNew: 1118528K(1258304K)->139775K(1258304K) Eden: 1118528K(1118528K)->0K(1118528K) From: 0K(139776K)->139775K(139776K)
[2025-08-01T03:37:09.112+0000] GC(179) Tenured: 770532K(2796224K)->1641824K(2796224K)
[2025-08-01T03:37:09.112+0000] GC(179) Metaspace: 10661K(10880K)->10661K(10880K) NonClass: 9396K(9536K)->9396K(9536K) Class: 1265K(1344K)->1265K(1344K)
[2025-08-01T03:37:09.112+0000] GC(179) Pause Young (Allocation Failure) 1844M->1739M(3959M) 655.431ms
[2025-08-01T03:37:09.112+0000] GC(179) User=0.66s Sys=0.00s Real=0.65s
[2025-08-01T03:37:09.327+0000] GC(180) Pause Young (Allocation Failure)
[2025-08-01T03:37:09.669+0000] GC(180) DefNew: 1258303K(1258304K)->139775K(1258304K) Eden: 1118528K(1118528K)->0K(1118528K) From: 139775K(139776K)->139775K(139776K)
[2025-08-01T03:37:09.669+0000] GC(180) Tenured: 1641824K(2796224K)->2025959K(2796224K)
[2025-08-01T03:37:09.669+0000] GC(180) Metaspace: 10661K(10880K)->10661K(10880K) NonClass: 9396K(9536K)->9396K(9536K) Class: 1265K(1344K)->1265K(1344K)
[2025-08-01T03:37:09.669+0000] GC(180) Pause Young (Allocation Failure) 2832M->2114M(3959M) 341.546ms
[2025-08-01T03:37:09.669+0000] GC(180) User=0.34s Sys=0.00s Real=0.34s
[2025-08-01T03:37:09.916+0000] GC(181) Pause Young (Allocation Failure)
[2025-08-01T03:37:09.916+0000] GC(181) Pause Young (Allocation Failure) 3207M->3207M(3959M) 0.099ms
[2025-08-01T03:37:09.916+0000] GC(181) User=0.00s Sys=0.00s Real=0.00s
[2025-08-01T03:37:09.916+0000] GC(182) Pause Full (Allocation Failure)
[2025-08-01T03:37:09.916+0000] GC(182) Phase 1: Mark live objects
[2025-08-01T03:37:10.105+0000] GC(182) Phase 1: Mark live objects 188.852ms
[2025-08-01T03:37:10.105+0000] GC(182) Phase 2: Compute new object addresses
[2025-08-01T03:37:10.554+0000] GC(182) Phase 2: Compute new object addresses 449.254ms
[2025-08-01T03:37:10.554+0000] GC(182) Phase 3: Adjust pointers
[2025-08-01T03:37:10.659+0000] GC(182) Phase 3: Adjust pointers 104.604ms
[2025-08-01T03:37:10.659+0000] GC(182) Phase 4: Move objects
[2025-08-01T03:37:10.927+0000] GC(182) Phase 4: Move objects 267.464ms
[2025-08-01T03:37:10.928+0000] GC(182) DefNew: 1258303K(1258304K)->0K(1258304K) Eden: 1118528K(1118528K)->0K(1118528K) From: 139775K(139776K)->0K(139776K)
[2025-08-01T03:37:10.928+0000] GC(182) Tenured: 2025959K(2796224K)->722874K(2796224K)
[2025-08-01T03:37:10.928+0000] GC(182) Metaspace: 10661K(10880K)->10661K(10880K) NonClass: 9396K(9536K)->9396K(9536K) Class: 1265K(1344K)->1265K(1344K)
[2025-08-01T03:37:10.928+0000] GC(182) Pause Full (Allocation Failure) 3207M->705M(3959M) 1011.659ms
[2025-08-01T03:37:10.928+0000] GC(182) User=1.01s Sys=0.01s Real=1.01s
[2025-08-01T03:37:11.149+0000] GC(183) Pause Young (Allocation Failure)
[2025-08-01T03:37:11.725+0000] GC(183) DefNew: 1118528K(1258304K)->139776K(1258304K) Eden: 1118528K(1118528K)->0K(1118528K) From: 0K(139776K)->139776K(139776K)
[2025-08-01T03:37:11.725+0000] GC(183) Tenured: 722874K(2796224K)->1478165K(2796224K)
[2025-08-01T03:37:11.725+0000] GC(183) Metaspace: 10661K(10880K)->10661K(10880K) NonClass: 9396K(9536K)->9396K(9536K) Class: 1265K(1344K)->1265K(1344K)
[2025-08-01T03:37:11.725+0000] GC(183) Pause Young (Allocation Failure) 1798M->1580M(3959M) 576.285ms
[2025-08-01T03:37:11.725+0000] GC(183) User=0.58s Sys=0.00s Real=0.58s
[2025-08-01T03:37:11.938+0000] GC(184) Pause Young (Allocation Failure)
[2025-08-01T03:37:12.266+0000] GC(184) DefNew: 1258304K(1258304K)->139775K(1258304K) Eden: 1118528K(1118528K)->0K(1118528K) From: 139776K(139776K)->139775K(139776K)
[2025-08-01T03:37:12.266+0000] GC(184) Tenured: 1478165K(2796224K)->1859236K(2796224K)
[2025-08-01T03:37:12.266+0000] GC(184) Metaspace: 10661K(10880K)->10661K(10880K) NonClass: 9396K(9536K)->9396K(9536K) Class: 1265K(1344K)->1265K(1344K)
[2025-08-01T03:37:12.267+0000] GC(184) Pause Young (Allocation Failure) 2672M->1952M(3959M) 328.256ms
[2025-08-01T03:37:12.267+0000] GC(184) User=0.32s Sys=0.00s Real=0.33s
[2025-08-01T03:37:12.482+0000] GC(185) Pause Young (Allocation Failure)
[2025-08-01T03:37:12.482+0000] GC(185) Pause Young (Allocation Failure) 3044M->3044M(3959M) 0.114ms
[2025-08-01T03:37:12.482+0000] GC(185) User=0.00s Sys=0.00s Real=0.00s
[2025-08-01T03:37:12.482+0000] GC(186) Pause Full (Allocation Failure)
[2025-08-01T03:37:12.482+0000] GC(186) Phase 1: Mark live objects
[2025-08-01T03:37:12.720+0000] GC(186) Phase 1: Mark live objects 238.157ms
[2025-08-01T03:37:12.720+0000] GC(186) Phase 2: Compute new object addresses
[2025-08-01T03:37:13.203+0000] GC(186) Phase 2: Compute new object addresses 482.151ms
[2025-08-01T03:37:13.203+0000] GC(186) Phase 3: Adjust pointers
[2025-08-01T03:37:13.389+0000] GC(186) Phase 3: Adjust pointers 186.618ms
[2025-08-01T03:37:13.389+0000] GC(186) Phase 4: Move objects
[2025-08-01T03:37:13.867+0000] GC(186) Phase 4: Move objects 478.190ms
[2025-08-01T03:37:13.869+0000] GC(186) DefNew: 1258303K(1258304K)->0K(1258304K) Eden: 1118528K(1118528K)->0K(1118528K) From: 139775K(139776K)->0K(139776K)
[2025-08-01T03:37:13.869+0000] GC(186) Tenured: 1859236K(2796224K)->1415211K(2796224K)
[2025-08-01T03:37:13.869+0000] GC(186) Metaspace: 10661K(10880K)->10661K(10880K) NonClass: 9396K(9536K)->9396K(9536K) Class: 1265K(1344K)->1265K(1344K)
[2025-08-01T03:37:13.869+0000] GC(186) Pause Full (Allocation Failure) 3044M->1382M(3959M) 1386.546ms
[2025-08-01T03:37:13.869+0000] GC(186) User=1.40s Sys=0.00s Real=1.39s
[2025-08-01T03:37:14.086+0000] GC(187) Pause Young (Allocation Failure)
[2025-08-01T03:37:14.428+0000] GC(187) DefNew: 1118528K(1258304K)->139775K(1258304K) Eden: 1118528K(1118528K)->0K(1118528K) From: 0K(139776K)->139775K(139776K)
[2025-08-01T03:37:14.428+0000] GC(187) Tenured: 1415211K(2796224K)->1798529K(2796224K)
[2025-08-01T03:37:14.428+0000] GC(187) Metaspace: 10661K(10880K)->10661K(10880K) NonClass: 9396K(9536K)->9396K(9536K) Class: 1265K(1344K)->1265K(1344K)
[2025-08-01T03:37:14.428+0000] GC(187) Pause Young (Allocation Failure) 2474M->1892M(3959M) 342.091ms
[2025-08-01T03:37:14.428+0000] GC(187) User=0.34s Sys=0.00s Real=0.34s
[2025-08-01T03:37:14.644+0000] GC(188) Pause Young (Allocation Failure)
[2025-08-01T03:37:14.999+0000] GC(188) DefNew: 1258303K(1258304K)->139775K(1258304K) Eden: 1118528K(1118528K)->0K(1118528K) From: 139775K(139776K)->139775K(139776K)
[2025-08-01T03:37:14.999+0000] GC(188) Tenured: 1798529K(2796224K)->2254272K(2796224K)
[2025-08-01T03:37:14.999+0000] GC(188) Metaspace: 10661K(10880K)->10661K(10880K) NonClass: 9396K(9536K)->9396K(9536K) Class: 1265K(1344K)->1265K(1344K)
[2025-08-01T03:37:14.999+0000] GC(188) Pause Young (Allocation Failure) 2985M->2337M(3959M) 355.248ms
[2025-08-01T03:37:15.000+0000] GC(188) User=0.35s Sys=0.01s Real=0.35s
[2025-08-01T03:37:15.208+0000] GC(189) Pause Young (Allocation Failure)
[2025-08-01T03:37:15.208+0000] GC(189) Pause Young (Allocation Failure) 3430M->3430M(3959M) 0.134ms
[2025-08-01T03:37:15.208+0000] GC(189) User=0.00s Sys=0.00s Real=0.00s
[2025-08-01T03:37:15.208+0000] GC(190) Pause Full (Allocation Failure)
[2025-08-01T03:37:15.208+0000] GC(190) Phase 1: Mark live objects
[2025-08-01T03:37:15.423+0000] GC(190) Phase 1: Mark live objects 214.606ms
[2025-08-01T03:37:15.423+0000] GC(190) Phase 2: Compute new object addresses
[2025-08-01T03:37:16.007+0000] GC(190) Phase 2: Compute new object addresses 583.825ms
[2025-08-01T03:37:16.007+0000] GC(190) Phase 3: Adjust pointers
[2025-08-01T03:37:16.148+0000] GC(190) Phase 3: Adjust pointers 140.798ms
[2025-08-01T03:37:16.148+0000] GC(190) Phase 4: Move objects
[2025-08-01T03:37:16.494+0000] GC(190) Phase 4: Move objects 345.626ms
[2025-08-01T03:37:16.495+0000] GC(190) DefNew: 1258303K(1258304K)->0K(1258304K) Eden: 1118528K(1118528K)->0K(1118528K) From: 139775K(139776K)->0K(139776K)
[2025-08-01T03:37:16.495+0000] GC(190) Tenured: 2254272K(2796224K)->1045410K(2796224K)
[2025-08-01T03:37:16.495+0000] GC(190) Metaspace: 10661K(10880K)->10661K(10880K) NonClass: 9396K(9536K)->9396K(9536K) Class: 1265K(1344K)->1265K(1344K)
[2025-08-01T03:37:16.495+0000] GC(190) Pause Full (Allocation Failure) 3430M->1020M(3959M) 1286.393ms
[2025-08-01T03:37:16.495+0000] GC(190) User=1.29s Sys=0.00s Real=1.29s
[2025-08-01T03:37:16.709+0000] GC(191) Pause Young (Allocation Failure)
[2025-08-01T03:37:17.032+0000] GC(191) DefNew: 1118528K(1258304K)->139775K(1258304K) Eden: 1118528K(1118528K)->0K(1118528K) From: 0K(139776K)->139775K(139776K)
[2025-08-01T03:37:17.032+0000] GC(191) Tenured: 1045410K(2796224K)->1439492K(2796224K)
[2025-08-01T03:37:17.032+0000] GC(191) Metaspace: 10661K(10880K)->10661K(10880K) NonClass: 9396K(9536K)->9396K(9536K) Class: 1265K(1344K)->1265K(1344K)
[2025-08-01T03:37:17.032+0000] GC(191) Pause Young (Allocation Failure) 2113M->1542M(3959M) 323.180ms
[2025-08-01T03:37:17.032+0000] GC(191) User=0.33s Sys=0.01s Real=0.32s
[2025-08-01T03:37:17.244+0000] GC(192) Pause Young (Allocation Failure)
[2025-08-01T03:37:18.028+0000] GC(192) DefNew: 1258303K(1258304K)->139775K(1258304K) Eden: 1118528K(1118528K)->0K(1118528K) From: 139775K(139776K)->139775K(139776K)
[2025-08-01T03:37:18.028+0000] GC(192) Tenured: 1439492K(2796224K)->2371701K(2796224K)
[2025-08-01T03:37:18.029+0000] GC(192) Metaspace: 10661K(10880K)->10661K(10880K) NonClass: 9396K(9536K)->9396K(9536K) Class: 1265K(1344K)->1265K(1344K)
[2025-08-01T03:37:18.029+0000] GC(192) Pause Young (Allocation Failure) 2634M->2452M(3959M) 784.597ms
[2025-08-01T03:37:18.029+0000] GC(192) User=0.66s Sys=0.13s Real=0.78s
[2025-08-01T03:37:18.247+0000] GC(193) Pause Young (Allocation Failure)
[2025-08-01T03:37:18.247+0000] GC(193) Pause Young (Allocation Failure) 3544M->3544M(3959M) 0.114ms
[2025-08-01T03:37:18.247+0000] GC(193) User=0.00s Sys=0.00s Real=0.00s
[2025-08-01T03:37:18.247+0000] GC(194) Pause Full (Allocation Failure)
[2025-08-01T03:37:18.247+0000] GC(194) Phase 1: Mark live objects
[2025-08-01T03:37:18.370+0000] GC(194) Phase 1: Mark live objects 122.347ms
[2025-08-01T03:37:18.370+0000] GC(194) Phase 2: Compute new object addresses
[2025-08-01T03:37:18.923+0000] GC(194) Phase 2: Compute new object addresses 553.650ms
[2025-08-01T03:37:18.923+0000] GC(194) Phase 3: Adjust pointers
[2025-08-01T03:37:19.008+0000] GC(194) Phase 3: Adjust pointers 84.780ms
[2025-08-01T03:37:19.008+0000] GC(194) Phase 4: Move objects
[2025-08-01T03:37:19.199+0000] GC(194) Phase 4: Move objects 190.435ms
[2025-08-01T03:37:19.200+0000] GC(194) DefNew: 1258303K(1258304K)->0K(1258304K) Eden: 1118528K(1118528K)->0K(1118528K) From: 139775K(139776K)->0K(139776K)
[2025-08-01T03:37:19.200+0000] GC(194) Tenured: 2371701K(2796224K)->691734K(2796224K)
[2025-08-01T03:37:19.200+0000] GC(194) Metaspace: 10661K(10880K)->10661K(10880K) NonClass: 9396K(9536K)->9396K(9536K) Class: 1265K(1344K)->1265K(1344K)
[2025-08-01T03:37:19.200+0000] GC(194) Pause Full (Allocation Failure) 3544M->675M(3959M) 952.953ms
[2025-08-01T03:37:19.200+0000] GC(194) User=0.95s Sys=0.00s Real=0.95s
[2025-08-01T03:37:19.410+0000] GC(195) Pause Young (Allocation Failure)
[2025-08-01T03:37:19.767+0000] GC(195) DefNew: 1118528K(1258304K)->139775K(1258304K) Eden: 1118528K(1118528K)->0K(1118528K) From: 0K(139776K)->139775K(139776K)
[2025-08-01T03:37:19.767+0000] GC(195) Tenured: 691734K(2796224K)->1101907K(2796224K)
[2025-08-01T03:37:19.767+0000] GC(195) Metaspace: 10661K(10880K)->10661K(10880K) NonClass: 9396K(9536K)->9396K(9536K) Class: 1265K(1344K)->1265K(1344K)
[2025-08-01T03:37:19.767+0000] GC(195) Pause Young (Allocation Failure) 1767M->1212M(3959M) 357.238ms
[2025-08-01T03:37:19.767+0000] GC(195) User=0.36s Sys=0.01s Real=0.36s
[2025-08-01T03:37:19.984+0000] GC(196) Pause Young (Allocation Failure)
[2025-08-01T03:37:20.538+0000] GC(196) DefNew: 1258303K(1258304K)->139776K(1258304K) Eden: 1118528K(1118528K)->0K(1118528K) From: 139775K(139776K)->139776K(139776K)
[2025-08-01T03:37:20.538+0000] GC(196) Tenured: 1101907K(2796224K)->1871111K(2796224K)
[2025-08-01T03:37:20.538+0000] GC(196) Metaspace: 10661K(10880K)->10661K(10880K) NonClass: 9396K(9536K)->9396K(9536K) Class: 1265K(1344K)->1265K(1344K)
[2025-08-01T03:37:20.538+0000] GC(196) Pause Young (Allocation Failure) 2304M->1963M(3959M) 553.946ms
[2025-08-01T03:37:20.538+0000] GC(196) User=0.56s Sys=0.00s Real=0.55s
[2025-08-01T03:37:20.749+0000] GC(197) Pause Young (Allocation Failure)
[2025-08-01T03:37:20.749+0000] GC(197) Pause Young (Allocation Failure) 3056M->3056M(3959M) 0.109ms
[2025-08-01T03:37:20.749+0000] GC(197) User=0.00s Sys=0.00s Real=0.00s
[2025-08-01T03:37:20.749+0000] GC(198) Pause Full (Allocation Failure)
[2025-08-01T03:37:20.749+0000] GC(198) Phase 1: Mark live objects
[2025-08-01T03:37:20.871+0000] GC(198) Phase 1: Mark live objects 122.143ms
[2025-08-01T03:37:20.871+0000] GC(198) Phase 2: Compute new object addresses
[2025-08-01T03:37:21.296+0000] GC(198) Phase 2: Compute new object addresses 425.168ms
[2025-08-01T03:37:21.297+0000] GC(198) Phase 3: Adjust pointers
[2025-08-01T03:37:21.392+0000] GC(198) Phase 3: Adjust pointers 95.554ms
[2025-08-01T03:37:21.392+0000] GC(198) Phase 4: Move objects
[2025-08-01T03:37:21.660+0000] GC(198) Phase 4: Move objects 267.565ms
[2025-08-01T03:37:21.661+0000] GC(198) DefNew: 1258304K(1258304K)->0K(1258304K) Eden: 1118528K(1118528K)->0K(1118528K) From: 139776K(139776K)->0K(139776K)
[2025-08-01T03:37:21.661+0000] GC(198) Tenured: 1871111K(2796224K)->645341K(2796224K)
[2025-08-01T03:37:21.661+0000] GC(198) Metaspace: 10661K(10880K)->10661K(10880K) NonClass: 9396K(9536K)->9396K(9536K) Class: 1265K(1344K)->1265K(1344K)
[2025-08-01T03:37:21.661+0000] GC(198) Pause Full (Allocation Failure) 3056M->630M(3959M) 912.185ms
[2025-08-01T03:37:21.661+0000] GC(198) User=0.91s Sys=0.01s Real=0.91s
[2025-08-01T03:37:21.873+0000] GC(199) Pause Young (Allocation Failure)
[2025-08-01T03:37:22.480+0000] GC(199) DefNew: 1118528K(1258304K)->139775K(1258304K) Eden: 1118528K(1118528K)->0K(1118528K) From: 0K(139776K)->139775K(139776K)
[2025-08-01T03:37:22.480+0000] GC(199) Tenured: 645341K(2796224K)->1529071K(2796224K)
[2025-08-01T03:37:22.480+0000] GC(199) Metaspace: 10661K(10880K)->10661K(10880K) NonClass: 9396K(9536K)->9396K(9536K) Class: 1265K(1344K)->1265K(1344K)
[2025-08-01T03:37:22.480+0000] GC(199) Pause Young (Allocation Failure) 1722M->1629M(3959M) 607.106ms
[2025-08-01T03:37:22.480+0000] GC(199) User=0.61s Sys=0.00s Real=0.61s
[2025-08-01T03:37:22.691+0000] GC(200) Pause Young (Allocation Failure)
[2025-08-01T03:37:23.111+0000] GC(200) DefNew: 1258303K(1258304K)->139775K(1258304K) Eden: 1118528K(1118528K)->0K(1118528K) From: 139775K(139776K)->139775K(139776K)
[2025-08-01T03:37:23.111+0000] GC(200) Tenured: 1529071K(2796224K)->1927159K(2796224K)
[2025-08-01T03:37:23.111+0000] GC(200) Metaspace: 10661K(10880K)->10661K(10880K) NonClass: 9396K(9536K)->9396K(9536K) Class: 1265K(1344K)->1265K(1344K)
[2025-08-01T03:37:23.111+0000] GC(200) Pause Young (Allocation Failure) 2722M->2018M(3959M) 420.393ms
[2025-08-01T03:37:23.111+0000] GC(200) User=0.41s Sys=0.01s Real=0.42s
[2025-08-01T03:37:23.326+0000] GC(201) Pause Young (Allocation Failure)
[2025-08-01T03:37:23.326+0000] GC(201) Pause Young (Allocation Failure) 3110M->3110M(3959M) 0.128ms
[2025-08-01T03:37:23.326+0000] GC(201) User=0.00s Sys=0.00s Real=0.00s
[2025-08-01T03:37:23.326+0000] GC(202) Pause Full (Allocation Failure)
[2025-08-01T03:37:23.326+0000] GC(202) Phase 1: Mark live objects
[2025-08-01T03:37:23.476+0000] GC(202) Phase 1: Mark live objects 150.198ms
[2025-08-01T03:37:23.476+0000] GC(202) Phase 2: Compute new object addresses
[2025-08-01T03:37:23.970+0000] GC(202) Phase 2: Compute new object addresses 494.149ms
[2025-08-01T03:37:23.970+0000] GC(202) Phase 3: Adjust pointers
[2025-08-01T03:37:24.086+0000] GC(202) Phase 3: Adjust pointers 115.616ms
[2025-08-01T03:37:24.086+0000] GC(202) Phase 4: Move objects
[2025-08-01T03:37:24.381+0000] GC(202) Phase 4: Move objects 294.758ms
[2025-08-01T03:37:24.382+0000] GC(202) DefNew: 1258303K(1258304K)->0K(1258304K) Eden: 1118528K(1118528K)->0K(1118528K) From: 139775K(139776K)->0K(139776K)
[2025-08-01T03:37:24.382+0000] GC(202) Tenured: 1927159K(2796224K)->872927K(2796224K)
[2025-08-01T03:37:24.382+0000] GC(202) Metaspace: 10661K(10880K)->10661K(10880K) NonClass: 9396K(9536K)->9396K(9536K) Class: 1265K(1344K)->1265K(1344K)
[2025-08-01T03:37:24.382+0000] GC(202) Pause Full (Allocation Failure) 3110M->852M(3959M) 1056.111ms
[2025-08-01T03:37:24.382+0000] GC(202) User=1.06s Sys=0.00s Real=1.05s
[2025-08-01T03:37:24.589+0000] GC(203) Pause Young (Allocation Failure)
[2025-08-01T03:37:25.155+0000] GC(203) DefNew: 1118528K(1258304K)->139775K(1258304K) Eden: 1118528K(1118528K)->0K(1118528K) From: 0K(139776K)->139775K(139776K)
[2025-08-01T03:37:25.156+0000] GC(203) Tenured: 872927K(2796224K)->1643337K(2796224K)
[2025-08-01T03:37:25.156+0000] GC(203) Metaspace: 10661K(10880K)->10661K(10880K) NonClass: 9396K(9536K)->9396K(9536K) Class: 1265K(1344K)->1265K(1344K)
[2025-08-01T03:37:25.156+0000] GC(203) Pause Young (Allocation Failure) 1944M->1741M(3959M) 566.942ms
[2025-08-01T03:37:25.156+0000] GC(203) User=0.57s Sys=0.00s Real=0.57s
[2025-08-01T03:37:25.369+0000] GC(204) Pause Young (Allocation Failure)
[2025-08-01T03:37:25.707+0000] GC(204) DefNew: 1258303K(1258304K)->139775K(1258304K) Eden: 1118528K(1118528K)->0K(1118528K) From: 139775K(139776K)->139775K(139776K)
[2025-08-01T03:37:25.707+0000] GC(204) Tenured: 1643337K(2796224K)->2052032K(2796224K)
[2025-08-01T03:37:25.707+0000] GC(204) Metaspace: 10661K(10880K)->10661K(10880K) NonClass: 9396K(9536K)->9396K(9536K) Class: 1265K(1344K)->1265K(1344K)
[2025-08-01T03:37:25.707+0000] GC(204) Pause Young (Allocation Failure) 2833M->2140M(3959M) 338.148ms
[2025-08-01T03:37:25.707+0000] GC(204) User=0.34s Sys=0.00s Real=0.34s
[2025-08-01T03:37:25.919+0000] GC(205) Pause Young (Allocation Failure)
[2025-08-01T03:37:25.919+0000] GC(205) Pause Young (Allocation Failure) 3232M->3232M(3959M) 0.098ms
[2025-08-01T03:37:25.919+0000] GC(205) User=0.00s Sys=0.00s Real=0.00s
[2025-08-01T03:37:25.919+0000] GC(206) Pause Full (Allocation Failure)
[2025-08-01T03:37:25.919+0000] GC(206) Phase 1: Mark live objects
[2025-08-01T03:37:26.176+0000] GC(206) Phase 1: Mark live objects 256.956ms
[2025-08-01T03:37:26.176+0000] GC(206) Phase 2: Compute new object addresses
[2025-08-01T03:37:26.616+0000] GC(206) Phase 2: Compute new object addresses 439.083ms
[2025-08-01T03:37:26.616+0000] GC(206) Phase 3: Adjust pointers
[2025-08-01T03:37:26.807+0000] GC(206) Phase 3: Adjust pointers 191.680ms
[2025-08-01T03:37:26.807+0000] GC(206) Phase 4: Move objects
[2025-08-01T03:37:27.281+0000] GC(206) Phase 4: Move objects 473.489ms
[2025-08-01T03:37:27.282+0000] GC(206) DefNew: 1258303K(1258304K)->0K(1258304K) Eden: 1118528K(1118528K)->0K(1118528K) From: 139775K(139776K)->0K(139776K)
[2025-08-01T03:37:27.282+0000] GC(206) Tenured: 2052032K(2796224K)->1425848K(2796224K)
[2025-08-01T03:37:27.282+0000] GC(206) Metaspace: 10661K(10880K)->10661K(10880K) NonClass: 9396K(9536K)->9396K(9536K) Class: 1265K(1344K)->1265K(1344K)
[2025-08-01T03:37:27.282+0000] GC(206) Pause Full (Allocation Failure) 3232M->1392M(3959M) 1362.649ms
[2025-08-01T03:37:27.282+0000] GC(206) User=1.36s Sys=0.00s Real=1.36s
[2025-08-01T03:37:27.491+0000] GC(207) Pause Young (Allocation Failure)
[2025-08-01T03:37:27.830+0000] GC(207) DefNew: 1118528K(1258304K)->139776K(1258304K) Eden: 1118528K(1118528K)->0K(1118528K) From: 0K(139776K)->139776K(139776K)
[2025-08-01T03:37:27.830+0000] GC(207) Tenured: 1425848K(2796224K)->1836743K(2796224K)
[2025-08-01T03:37:27.830+0000] GC(207) Metaspace: 10661K(10880K)->10661K(10880K) NonClass: 9396K(9536K)->9396K(9536K) Class: 1265K(1344K)->1265K(1344K)
[2025-08-01T03:37:27.830+0000] GC(207) Pause Young (Allocation Failure) 2484M->1930M(3959M) 339.702ms
[2025-08-01T03:37:27.830+0000] GC(207) User=0.34s Sys=0.00s Real=0.34s
[2025-08-01T03:37:28.044+0000] GC(208) Pause Young (Allocation Failure)
[2025-08-01T03:37:28.411+0000] GC(208) DefNew: 1258304K(1258304K)->139775K(1258304K) Eden: 1118528K(1118528K)->0K(1118528K) From: 139776K(139776K)->139775K(139776K)
[2025-08-01T03:37:28.411+0000] GC(208) Tenured: 1836743K(2796224K)->2280453K(2796224K)
[2025-08-01T03:37:28.411+0000] GC(208) Metaspace: 10661K(10880K)->10661K(10880K) NonClass: 9396K(9536K)->9396K(9536K) Class: 1265K(1344K)->1265K(1344K)
[2025-08-01T03:37:28.412+0000] GC(208) Pause Young (Allocation Failure) 3022M->2363M(3959M) 367.596ms
[2025-08-01T03:37:28.412+0000] GC(208) User=0.37s Sys=0.00s Real=0.36s
[2025-08-01T03:37:28.622+0000] GC(209) Pause Young (Allocation Failure)
[2025-08-01T03:37:28.622+0000] GC(209) Pause Young (Allocation Failure) 3455M->3455M(3959M) 0.164ms
[2025-08-01T03:37:28.622+0000] GC(209) User=0.00s Sys=0.00s Real=0.00s
[2025-08-01T03:37:28.622+0000] GC(210) Pause Full (Allocation Failure)
[2025-08-01T03:37:28.622+0000] GC(210) Phase 1: Mark live objects
[2025-08-01T03:37:28.825+0000] GC(210) Phase 1: Mark live objects 203.062ms
[2025-08-01T03:37:28.825+0000] GC(210) Phase 2: Compute new object addresses
[2025-08-01T03:37:29.345+0000] GC(210) Phase 2: Compute new object addresses 519.461ms
[2025-08-01T03:37:29.345+0000] GC(210) Phase 3: Adjust pointers
[2025-08-01T03:37:29.493+0000] GC(210) Phase 3: Adjust pointers 147.760ms
[2025-08-01T03:37:29.493+0000] GC(210) Phase 4: Move objects
[2025-08-01T03:37:29.845+0000] GC(210) Phase 4: Move objects 352.795ms
[2025-08-01T03:37:29.847+0000] GC(210) DefNew: 1258303K(1258304K)->0K(1258304K) Eden: 1118528K(1118528K)->0K(1118528K) From: 139775K(139776K)->0K(139776K)
[2025-08-01T03:37:29.847+0000] GC(210) Tenured: 2280453K(2796224K)->1066568K(2796224K)
[2025-08-01T03:37:29.847+0000] GC(210) Metaspace: 10661K(10880K)->10661K(10880K) NonClass: 9396K(9536K)->9396K(9536K) Class: 1265K(1344K)->1265K(1344K)
[2025-08-01T03:37:29.847+0000] GC(210) Pause Full (Allocation Failure) 3455M->1041M(3959M) 1224.669ms
[2025-08-01T03:37:29.847+0000] GC(210) User=1.23s Sys=0.00s Real=1.23s
[2025-08-01T03:37:30.060+0000] GC(211) Pause Young (Allocation Failure)
[2025-08-01T03:37:30.403+0000] GC(211) DefNew: 1118528K(1258304K)->139775K(1258304K) Eden: 1118528K(1118528K)->0K(1118528K) From: 0K(139776K)->139775K(139776K)
[2025-08-01T03:37:30.403+0000] GC(211) Tenured: 1066568K(2796224K)->1475866K(2796224K)
[2025-08-01T03:37:30.403+0000] GC(211) Metaspace: 10661K(10880K)->10661K(10880K) NonClass: 9396K(9536K)->9396K(9536K) Class: 1265K(1344K)->1265K(1344K)
[2025-08-01T03:37:30.403+0000] GC(211) Pause Young (Allocation Failure) 2133M->1577M(3959M) 343.725ms
[2025-08-01T03:37:30.403+0000] GC(211) User=0.35s Sys=0.00s Real=0.35s
[2025-08-01T03:37:30.657+0000] GC(212) Pause Young (Allocation Failure)
[2025-08-01T03:37:31.400+0000] GC(212) DefNew: 1258303K(1258304K)->139775K(1258304K) Eden: 1118528K(1118528K)->0K(1118528K) From: 139775K(139776K)->139775K(139776K)
[2025-08-01T03:37:31.400+0000] GC(212) Tenured: 1475866K(2796224K)->2420009K(2796224K)
[2025-08-01T03:37:31.400+0000] GC(212) Metaspace: 10661K(10880K)->10661K(10880K) NonClass: 9396K(9536K)->9396K(9536K) Class: 1265K(1344K)->1265K(1344K)
[2025-08-01T03:37:31.400+0000] GC(212) Pause Young (Allocation Failure) 2670M->2499M(3959M) 743.380ms
[2025-08-01T03:37:31.400+0000] GC(212) User=0.68s Sys=0.06s Real=0.74s
[2025-08-01T03:37:31.684+0000] GC(213) Pause Young (Allocation Failure)
[2025-08-01T03:37:31.684+0000] GC(213) Pause Young (Allocation Failure) 3592M->3592M(3959M) 0.138ms
[2025-08-01T03:37:31.684+0000] GC(213) User=0.00s Sys=0.00s Real=0.00s
[2025-08-01T03:37:31.684+0000] GC(214) Pause Full (Allocation Failure)
[2025-08-01T03:37:31.684+0000] GC(214) Phase 1: Mark live objects
[2025-08-01T03:37:31.817+0000] GC(214) Phase 1: Mark live objects 132.857ms
[2025-08-01T03:37:31.817+0000] GC(214) Phase 2: Compute new object addresses
[2025-08-01T03:37:32.407+0000] GC(214) Phase 2: Compute new object addresses 590.001ms
[2025-08-01T03:37:32.407+0000] GC(214) Phase 3: Adjust pointers
[2025-08-01T03:37:32.516+0000] GC(214) Phase 3: Adjust pointers 108.738ms
[2025-08-01T03:37:32.516+0000] GC(214) Phase 4: Move objects
[2025-08-01T03:37:32.764+0000] GC(214) Phase 4: Move objects 248.181ms
[2025-08-01T03:37:32.766+0000] GC(214) DefNew: 1258303K(1258304K)->0K(1258304K) Eden: 1118528K(1118528K)->0K(1118528K) From: 139775K(139776K)->0K(139776K)
[2025-08-01T03:37:32.766+0000] GC(214) Tenured: 2420009K(2796224K)->577747K(2796224K)
[2025-08-01T03:37:32.766+0000] GC(214) Metaspace: 10661K(10880K)->10661K(10880K) NonClass: 9396K(9536K)->9396K(9536K) Class: 1265K(1344K)->1265K(1344K)
[2025-08-01T03:37:32.766+0000] GC(214) Pause Full (Allocation Failure) 3592M->564M(3959M) 1081.547ms
[2025-08-01T03:37:32.766+0000] GC(214) User=1.09s Sys=0.00s Real=1.08s
[2025-08-01T03:37:33.021+0000] GC(215) Pause Young (Allocation Failure)
[2025-08-01T03:37:33.208+0000] GC(215) DefNew: 1118528K(1258304K)->139775K(1258304K) Eden: 1118528K(1118528K)->0K(1118528K) From: 0K(139776K)->139775K(139776K)
[2025-08-01T03:37:33.209+0000] GC(215) Tenured: 577747K(2796224K)->723696K(2796224K)
[2025-08-01T03:37:33.209+0000] GC(215) Metaspace: 10661K(10880K)->10661K(10880K) NonClass: 9396K(9536K)->9396K(9536K) Class: 1265K(1344K)->1265K(1344K)
[2025-08-01T03:37:33.209+0000] GC(215) Pause Young (Allocation Failure) 1656M->843M(3959M) 187.538ms
[2025-08-01T03:37:33.209+0000] GC(215) User=0.19s Sys=0.00s Real=0.19s
[2025-08-01T03:37:33.451+0000] GC(216) Pause Young (Allocation Failure)
[2025-08-01T03:37:34.067+0000] GC(216) DefNew: 1258303K(1258304K)->139775K(1258304K) Eden: 1118528K(1118528K)->0K(1118528K) From: 139775K(139776K)->139775K(139776K)
[2025-08-01T03:37:34.068+0000] GC(216) Tenured: 723696K(2796224K)->1515483K(2796224K)
[2025-08-01T03:37:34.068+0000] GC(216) Metaspace: 10661K(10880K)->10661K(10880K) NonClass: 9396K(9536K)->9396K(9536K) Class: 1265K(1344K)->1265K(1344K)
[2025-08-01T03:37:34.068+0000] GC(216) Pause Young (Allocation Failure) 1935M->1616M(3959M) 617.757ms
[2025-08-01T03:37:34.068+0000] GC(216) User=0.62s Sys=0.00s Real=0.62s
[2025-08-01T03:37:34.324+0000] GC(217) Pause Young (Allocation Failure)
[2025-08-01T03:37:34.723+0000] GC(217) DefNew: 1258303K(1258304K)->139775K(1258304K) Eden: 1118528K(1118528K)->0K(1118528K) From: 139775K(139776K)->139775K(139776K)
[2025-08-01T03:37:34.723+0000] GC(217) Tenured: 1515483K(2796224K)->1941018K(2796224K)
[2025-08-01T03:37:34.723+0000] GC(217) Metaspace: 10661K(10880K)->10661K(10880K) NonClass: 9396K(9536K)->9396K(9536K) Class: 1265K(1344K)->1265K(1344K)
[2025-08-01T03:37:34.723+0000] GC(217) Pause Young (Allocation Failure) 2708M->2032M(3959M) 398.880ms
[2025-08-01T03:37:34.723+0000] GC(217) User=0.40s Sys=0.00s Real=0.40s
[2025-08-01T03:37:34.980+0000] GC(218) Pause Young (Allocation Failure)
[2025-08-01T03:37:34.981+0000] GC(218) Pause Young (Allocation Failure) 3124M->3124M(3959M) 0.086ms
[2025-08-01T03:37:34.981+0000] GC(218) User=0.00s Sys=0.00s Real=0.00s
[2025-08-01T03:37:34.981+0000] GC(219) Pause Full (Allocation Failure)
[2025-08-01T03:37:34.981+0000] GC(219) Phase 1: Mark live objects
[2025-08-01T03:37:35.237+0000] GC(219) Phase 1: Mark live objects 255.881ms
[2025-08-01T03:37:35.237+0000] GC(219) Phase 2: Compute new object addresses
[2025-08-01T03:37:35.765+0000] GC(219) Phase 2: Compute new object addresses 528.307ms
[2025-08-01T03:37:35.765+0000] GC(219) Phase 3: Adjust pointers
[2025-08-01T03:37:35.967+0000] GC(219) Phase 3: Adjust pointers 201.306ms
[2025-08-01T03:37:35.967+0000] GC(219) Phase 4: Move objects
[2025-08-01T03:37:36.498+0000] GC(219) Phase 4: Move objects 531.084ms
[2025-08-01T03:37:36.499+0000] GC(219) DefNew: 1258303K(1258304K)->0K(1258304K) Eden: 1118528K(1118528K)->0K(1118528K) From: 139775K(139776K)->0K(139776K)
[2025-08-01T03:37:36.499+0000] GC(219) Tenured: 1941018K(2796224K)->1413290K(2796224K)
[2025-08-01T03:37:36.499+0000] GC(219) Metaspace: 10661K(10880K)->10661K(10880K) NonClass: 9396K(9536K)->9396K(9536K) Class: 1265K(1344K)->1265K(1344K)
[2025-08-01T03:37:36.499+0000] GC(219) Pause Full (Allocation Failure) 3124M->1380M(3959M) 1518.385ms
[2025-08-01T03:37:36.499+0000] GC(219) User=1.52s Sys=0.00s Real=1.52s
[2025-08-01T03:37:36.787+0000] GC(220) Pause Young (Allocation Failure)
[2025-08-01T03:37:37.171+0000] GC(220) DefNew: 1118528K(1258304K)->139776K(1258304K) Eden: 1118528K(1118528K)->0K(1118528K) From: 0K(139776K)->139776K(139776K)
[2025-08-01T03:37:37.171+0000] GC(220) Tenured: 1413290K(2796224K)->1846130K(2796224K)
[2025-08-01T03:37:37.171+0000] GC(220) Metaspace: 10661K(10880K)->10661K(10880K) NonClass: 9396K(9536K)->9396K(9536K) Class: 1265K(1344K)->1265K(1344K)
[2025-08-01T03:37:37.172+0000] GC(220) Pause Young (Allocation Failure) 2472M->1939M(3959M) 384.752ms
[2025-08-01T03:37:37.172+0000] GC(220) User=0.39s Sys=0.00s Real=0.38s
[2025-08-01T03:37:37.440+0000] GC(221) Pause Young (Allocation Failure)
[2025-08-01T03:37:37.638+0000] GC(221) DefNew: 1258304K(1258304K)->139775K(1258304K) Eden: 1118528K(1118528K)->0K(1118528K) From: 139776K(139776K)->139775K(139776K)
[2025-08-01T03:37:37.638+0000] GC(221) Tenured: 1846130K(2796224K)->1999646K(2796224K)
[2025-08-01T03:37:37.638+0000] GC(221) Metaspace: 10661K(10880K)->10661K(10880K) NonClass: 9396K(9536K)->9396K(9536K) Class: 1265K(1344K)->1265K(1344K)
[2025-08-01T03:37:37.638+0000] GC(221) Pause Young (Allocation Failure) 3031M->2089M(3959M) 198.819ms
[2025-08-01T03:37:37.638+0000] GC(221) User=0.20s Sys=0.00s Real=0.20s
[2025-08-01T03:37:37.883+0000] GC(222) Pause Young (Allocation Failure)
[2025-08-01T03:37:37.883+0000] GC(222) Pause Young (Allocation Failure) 3181M->3181M(3959M) 0.099ms
[2025-08-01T03:37:37.883+0000] GC(222) User=0.00s Sys=0.00s Real=0.00s
[2025-08-01T03:37:37.883+0000] GC(223) Pause Full (Allocation Failure)
[2025-08-01T03:37:37.884+0000] GC(223) Phase 1: Mark live objects
[2025-08-01T03:37:38.078+0000] GC(223) Phase 1: Mark live objects 194.612ms
[2025-08-01T03:37:38.078+0000] GC(223) Phase 2: Compute new object addresses
[2025-08-01T03:37:38.596+0000] GC(223) Phase 2: Compute new object addresses 517.868ms
[2025-08-01T03:37:38.596+0000] GC(223) Phase 3: Adjust pointers
[2025-08-01T03:37:38.779+0000] GC(223) Phase 3: Adjust pointers 182.742ms
[2025-08-01T03:37:38.779+0000] GC(223) Phase 4: Move objects
[2025-08-01T03:37:39.176+0000] GC(223) Phase 4: Move objects 397.394ms
[2025-08-01T03:37:39.178+0000] GC(223) DefNew: 1258303K(1258304K)->0K(1258304K) Eden: 1118528K(1118528K)->0K(1118528K) From: 139775K(139776K)->0K(139776K)
[2025-08-01T03:37:39.178+0000] GC(223) Tenured: 1999646K(2796224K)->1076464K(2796224K)
[2025-08-01T03:37:39.178+0000] GC(223) Metaspace: 10661K(10880K)->10661K(10880K) NonClass: 9396K(9536K)->9396K(9536K) Class: 1265K(1344K)->1265K(1344K)
[2025-08-01T03:37:39.178+0000] GC(223) Pause Full (Allocation Failure) 3181M->1051M(3959M) 1294.190ms
[2025-08-01T03:37:39.178+0000] GC(223) User=1.30s Sys=0.00s Real=1.29s
[2025-08-01T03:37:39.430+0000] GC(224) Pause Young (Allocation Failure)
[2025-08-01T03:37:39.825+0000] GC(224) DefNew: 1118528K(1258304K)->139776K(1258304K) Eden: 1118528K(1118528K)->0K(1118528K) From: 0K(139776K)->139776K(139776K)
[2025-08-01T03:37:39.825+0000] GC(224) Tenured: 1076464K(2796224K)->1508372K(2796224K)
[2025-08-01T03:37:39.825+0000] GC(224) Metaspace: 10661K(10880K)->10661K(10880K) NonClass: 9396K(9536K)->9396K(9536K) Class: 1265K(1344K)->1265K(1344K)
[2025-08-01T03:37:39.825+0000] GC(224) Pause Young (Allocation Failure) 2143M->1609M(3959M) 395.481ms
[2025-08-01T03:37:39.825+0000] GC(224) User=0.40s Sys=0.00s Real=0.40s
[2025-08-01T03:37:40.104+0000] GC(225) Pause Young (Allocation Failure)
[2025-08-01T03:37:40.694+0000] GC(225) DefNew: 1258304K(1258304K)->139775K(1258304K) Eden: 1118528K(1118528K)->0K(1118528K) From: 139776K(139776K)->139775K(139776K)
[2025-08-01T03:37:40.694+0000] GC(225) Tenured: 1508372K(2796224K)->2448437K(2796224K)
[2025-08-01T03:37:40.694+0000] GC(225) Metaspace: 10661K(10880K)->10661K(10880K) NonClass: 9396K(9536K)->9396K(9536K) Class: 1265K(1344K)->1265K(1344K)
[2025-08-01T03:37:40.694+0000] GC(225) Pause Young (Allocation Failure) 2701M->2527M(3959M) 589.862ms
[2025-08-01T03:37:40.694+0000] GC(225) User=0.55s Sys=0.04s Real=0.59s
[2025-08-01T03:37:40.948+0000] GC(226) Pause Young (Allocation Failure)
[2025-08-01T03:37:40.948+0000] GC(226) Pause Young (Allocation Failure) 3619M->3619M(3959M) 0.093ms
[2025-08-01T03:37:40.948+0000] GC(226) User=0.00s Sys=0.00s Real=0.00s
[2025-08-01T03:37:40.948+0000] GC(227) Pause Full (Allocation Failure)
[2025-08-01T03:37:40.948+0000] GC(227) Phase 1: Mark live objects
[2025-08-01T03:37:41.075+0000] GC(227) Phase 1: Mark live objects 126.298ms
[2025-08-01T03:37:41.075+0000] GC(227) Phase 2: Compute new object addresses
[2025-08-01T03:37:41.589+0000] GC(227) Phase 2: Compute new object addresses 514.555ms
[2025-08-01T03:37:41.589+0000] GC(227) Phase 3: Adjust pointers
[2025-08-01T03:37:41.694+0000] GC(227) Phase 3: Adjust pointers 104.121ms
[2025-08-01T03:37:41.694+0000] GC(227) Phase 4: Move objects
[2025-08-01T03:37:41.965+0000] GC(227) Phase 4: Move objects 270.984ms
[2025-08-01T03:37:41.966+0000] GC(227) DefNew: 1258303K(1258304K)->0K(1258304K) Eden: 1118528K(1118528K)->0K(1118528K) From: 139775K(139776K)->0K(139776K)
[2025-08-01T03:37:41.966+0000] GC(227) Tenured: 2448437K(2796224K)->711038K(2796224K)
[2025-08-01T03:37:41.966+0000] GC(227) Metaspace: 10661K(10880K)->10661K(10880K) NonClass: 9396K(9536K)->9396K(9536K) Class: 1265K(1344K)->1265K(1344K)
[2025-08-01T03:37:41.967+0000] GC(227) Pause Full (Allocation Failure) 3619M->694M(3959M) 1018.123ms
[2025-08-01T03:37:41.967+0000] GC(227) User=1.02s Sys=0.00s Real=1.02s
[2025-08-01T03:37:42.237+0000] GC(228) Pause Young (Allocation Failure)
[2025-08-01T03:37:42.436+0000] GC(228) DefNew: 1118528K(1258304K)->139775K(1258304K) Eden: 1118528K(1118528K)->0K(1118528K) From: 0K(139776K)->139775K(139776K)
[2025-08-01T03:37:42.436+0000] GC(228) Tenured: 711038K(2796224K)->874298K(2796224K)
[2025-08-01T03:37:42.436+0000] GC(228) Metaspace: 10661K(10880K)->10661K(10880K) NonClass: 9396K(9536K)->9396K(9536K) Class: 1265K(1344K)->1265K(1344K)
[2025-08-01T03:37:42.436+0000] GC(228) Pause Young (Allocation Failure) 1786M->990M(3959M) 198.979ms
[2025-08-01T03:37:42.436+0000] GC(228) User=0.20s Sys=0.00s Real=0.20s
[2025-08-01T03:37:42.707+0000] GC(229) Pause Young (Allocation Failure)
[2025-08-01T03:37:43.312+0000] GC(229) DefNew: 1258303K(1258304K)->139776K(1258304K) Eden: 1118528K(1118528K)->0K(1118528K) From: 139775K(139776K)->139776K(139776K)
[2025-08-01T03:37:43.312+0000] GC(229) Tenured: 874298K(2796224K)->1672824K(2796224K)
[2025-08-01T03:37:43.312+0000] GC(229) Metaspace: 10661K(10880K)->10661K(10880K) NonClass: 9396K(9536K)->9396K(9536K) Class: 1265K(1344K)->1265K(1344K)
[2025-08-01T03:37:43.312+0000] GC(229) Pause Young (Allocation Failure) 2082M->1770M(3959M) 604.619ms
[2025-08-01T03:37:43.312+0000] GC(229) User=0.60s Sys=0.00s Real=0.60s
[2025-08-01T03:37:43.578+0000] GC(230) Pause Young (Allocation Failure)
[2025-08-01T03:37:43.969+0000] GC(230) DefNew: 1258304K(1258304K)->139775K(1258304K) Eden: 1118528K(1118528K)->0K(1118528K) From: 139776K(139776K)->139775K(139776K)
[2025-08-01T03:37:43.969+0000] GC(230) Tenured: 1672824K(2796224K)->2119586K(2796224K)
[2025-08-01T03:37:43.969+0000] GC(230) Metaspace: 10661K(10880K)->10661K(10880K) NonClass: 9396K(9536K)->9396K(9536K) Class: 1265K(1344K)->1265K(1344K)
[2025-08-01T03:37:43.969+0000] GC(230) Pause Young (Allocation Failure) 2862M->2206M(3959M) 390.905ms
[2025-08-01T03:37:43.969+0000] GC(230) User=0.39s Sys=0.00s Real=0.39s
[2025-08-01T03:37:44.235+0000] GC(231) Pause Young (Allocation Failure)
[2025-08-01T03:37:44.235+0000] GC(231) Pause Young (Allocation Failure) 3298M->3298M(3959M) 0.151ms
[2025-08-01T03:37:44.235+0000] GC(231) User=0.00s Sys=0.00s Real=0.00s
[2025-08-01T03:37:44.235+0000] GC(232) Pause Full (Allocation Failure)
[2025-08-01T03:37:44.235+0000] GC(232) Phase 1: Mark live objects
[2025-08-01T03:37:44.501+0000] GC(232) Phase 1: Mark live objects 266.477ms
[2025-08-01T03:37:44.502+0000] GC(232) Phase 2: Compute new object addresses
[2025-08-01T03:37:45.044+0000] GC(232) Phase 2: Compute new object addresses 542.202ms
[2025-08-01T03:37:45.044+0000] GC(232) Phase 3: Adjust pointers
[2025-08-01T03:37:45.241+0000] GC(232) Phase 3: Adjust pointers 196.997ms
[2025-08-01T03:37:45.241+0000] GC(232) Phase 4: Move objects
[2025-08-01T03:37:45.737+0000] GC(232) Phase 4: Move objects 495.730ms
[2025-08-01T03:37:45.738+0000] GC(232) DefNew: 1258303K(1258304K)->0K(1258304K) Eden: 1118528K(1118528K)->0K(1118528K) From: 139775K(139776K)->0K(139776K)
[2025-08-01T03:37:45.738+0000] GC(232) Tenured: 2119586K(2796224K)->1348639K(2796224K)
[2025-08-01T03:37:45.738+0000] GC(232) Metaspace: 10661K(10880K)->10661K(10880K) NonClass: 9396K(9536K)->9396K(9536K) Class: 1265K(1344K)->1265K(1344K)
[2025-08-01T03:37:45.738+0000] GC(232) Pause Full (Allocation Failure) 3298M->1317M(3959M) 1503.039ms
[2025-08-01T03:37:45.738+0000] GC(232) User=1.51s Sys=0.00s Real=1.50s
[2025-08-01T03:37:45.977+0000] GC(233) Pause Young (Allocation Failure)
[2025-08-01T03:37:46.372+0000] GC(233) DefNew: 1118528K(1258304K)->139775K(1258304K) Eden: 1118528K(1118528K)->0K(1118528K) From: 0K(139776K)->139775K(139776K)
[2025-08-01T03:37:46.372+0000] GC(233) Tenured: 1348639K(2796224K)->1794916K(2796224K)
[2025-08-01T03:37:46.372+0000] GC(233) Metaspace: 10661K(10880K)->10661K(10880K) NonClass: 9396K(9536K)->9396K(9536K) Class: 1265K(1344K)->1265K(1344K)
[2025-08-01T03:37:46.372+0000] GC(233) Pause Young (Allocation Failure) 2409M->1889M(3959M) 395.605ms
[2025-08-01T03:37:46.372+0000] GC(233) User=0.39s Sys=0.00s Real=0.39s
[2025-08-01T03:37:46.633+0000] GC(234) Pause Young (Allocation Failure)
[2025-08-01T03:37:46.832+0000] GC(234) DefNew: 1258303K(1258304K)->139775K(1258304K) Eden: 1118528K(1118528K)->0K(1118528K) From: 139775K(139776K)->139775K(139776K)
[2025-08-01T03:37:46.832+0000] GC(234) Tenured: 1794916K(2796224K)->1968006K(2796224K)
[2025-08-01T03:37:46.832+0000] GC(234) Metaspace: 10661K(10880K)->10661K(10880K) NonClass: 9396K(9536K)->9396K(9536K) Class: 1265K(1344K)->1265K(1344K)
[2025-08-01T03:37:46.832+0000] GC(234) Pause Young (Allocation Failure) 2981M->2058M(3959M) 199.047ms
[2025-08-01T03:37:46.832+0000] GC(234) User=0.20s Sys=0.00s Real=0.19s
[2025-08-01T03:37:47.067+0000] GC(235) Pause Young (Allocation Failure)
[2025-08-01T03:37:47.067+0000] GC(235) Pause Young (Allocation Failure) 3150M->3150M(3959M) 0.076ms
[2025-08-01T03:37:47.067+0000] GC(235) User=0.00s Sys=0.00s Real=0.00s
[2025-08-01T03:37:47.067+0000] GC(236) Pause Full (Allocation Failure)
[2025-08-01T03:37:47.067+0000] GC(236) Phase 1: Mark live objects
[2025-08-01T03:37:47.282+0000] GC(236) Phase 1: Mark live objects 214.682ms
[2025-08-01T03:37:47.282+0000] GC(236) Phase 2: Compute new object addresses
[2025-08-01T03:37:47.841+0000] GC(236) Phase 2: Compute new object addresses 559.505ms
[2025-08-01T03:37:47.841+0000] GC(236) Phase 3: Adjust pointers
[2025-08-01T03:37:48.025+0000] GC(236) Phase 3: Adjust pointers 183.358ms
[2025-08-01T03:37:48.025+0000] GC(236) Phase 4: Move objects
[2025-08-01T03:37:48.407+0000] GC(236) Phase 4: Move objects 382.027ms
[2025-08-01T03:37:48.408+0000] GC(236) DefNew: 1258303K(1258304K)->0K(1258304K) Eden: 1118528K(1118528K)->0K(1118528K) From: 139775K(139776K)->0K(139776K)
[2025-08-01T03:37:48.408+0000] GC(236) Tenured: 1968006K(2796224K)->1008740K(2796224K)
[2025-08-01T03:37:48.408+0000] GC(236) Metaspace: 10661K(10880K)->10661K(10880K) NonClass: 9396K(9536K)->9396K(9536K) Class: 1265K(1344K)->1265K(1344K)
[2025-08-01T03:37:48.408+0000] GC(236) Pause Full (Allocation Failure) 3150M->985M(3959M) 1341.154ms
[2025-08-01T03:37:48.408+0000] GC(236) User=1.34s Sys=0.00s Real=1.34s
[2025-08-01T03:37:48.644+0000] GC(237) Pause Young (Allocation Failure)
[2025-08-01T03:37:49.031+0000] GC(237) DefNew: 1118528K(1258304K)->139776K(1258304K) Eden: 1118528K(1118528K)->0K(1118528K) From: 0K(139776K)->139776K(139776K)
[2025-08-01T03:37:49.031+0000] GC(237) Tenured: 1008740K(2796224K)->1462918K(2796224K)
[2025-08-01T03:37:49.031+0000] GC(237) Metaspace: 10661K(10880K)->10661K(10880K) NonClass: 9396K(9536K)->9396K(9536K) Class: 1265K(1344K)->1265K(1344K)
[2025-08-01T03:37:49.031+0000] GC(237) Pause Young (Allocation Failure) 2077M->1565M(3959M) 386.622ms
[2025-08-01T03:37:49.031+0000] GC(237) User=0.39s Sys=0.00s Real=0.38s
[2025-08-01T03:37:49.275+0000] GC(238) Pause Young (Allocation Failure)
[2025-08-01T03:37:49.976+0000] GC(238) DefNew: 1258304K(1258304K)->139775K(1258304K) Eden: 1118528K(1118528K)->0K(1118528K) From: 139776K(139776K)->139775K(139776K)
[2025-08-01T03:37:49.976+0000] GC(238) Tenured: 1462918K(2796224K)->2396293K(2796224K)
[2025-08-01T03:37:49.976+0000] GC(238) Metaspace: 10661K(10880K)->10661K(10880K) NonClass: 9396K(9536K)->9396K(9536K) Class: 1265K(1344K)->1265K(1344K)
[2025-08-01T03:37:49.976+0000] GC(238) Pause Young (Allocation Failure) 2657M->2476M(3959M) 701.106ms
[2025-08-01T03:37:49.976+0000] GC(238) User=0.70s Sys=0.00s Real=0.70s
[2025-08-01T03:37:50.222+0000] GC(239) Pause Young (Allocation Failure)
[2025-08-01T03:37:50.222+0000] GC(239) Pause Young (Allocation Failure) 3568M->3568M(3959M) 0.176ms
[2025-08-01T03:37:50.222+0000] GC(239) User=0.00s Sys=0.01s Real=0.00s
[2025-08-01T03:37:50.222+0000] GC(240) Pause Full (Allocation Failure)
[2025-08-01T03:37:50.222+0000] GC(240) Phase 1: Mark live objects
[2025-08-01T03:37:50.351+0000] GC(240) Phase 1: Mark live objects 128.866ms
[2025-08-01T03:37:50.351+0000] GC(240) Phase 2: Compute new object addresses
[2025-08-01T03:37:50.989+0000] GC(240) Phase 2: Compute new object addresses 637.322ms
[2025-08-01T03:37:50.989+0000] GC(240) Phase 3: Adjust pointers
[2025-08-01T03:37:51.111+0000] GC(240) Phase 3: Adjust pointers 122.015ms
[2025-08-01T03:37:51.111+0000] GC(240) Phase 4: Move objects
[2025-08-01T03:37:51.333+0000] GC(240) Phase 4: Move objects 221.750ms
[2025-08-01T03:37:51.334+0000] GC(240) DefNew: 1258303K(1258304K)->0K(1258304K) Eden: 1118528K(1118528K)->0K(1118528K) From: 139775K(139776K)->0K(139776K)
[2025-08-01T03:37:51.334+0000] GC(240) Tenured: 2396293K(2796224K)->749382K(2796224K)
[2025-08-01T03:37:51.334+0000] GC(240) Metaspace: 10661K(10880K)->10661K(10880K) NonClass: 9396K(9536K)->9396K(9536K) Class: 1265K(1344K)->1265K(1344K)
[2025-08-01T03:37:51.334+0000] GC(240) Pause Full (Allocation Failure) 3568M->731M(3959M) 1111.967ms
[2025-08-01T03:37:51.334+0000] GC(240) User=1.11s Sys=0.00s Real=1.12s
[2025-08-01T03:37:51.552+0000] GC(241) Pause Young (Allocation Failure)
[2025-08-01T03:37:51.756+0000] GC(241) DefNew: 1118528K(1258304K)->139775K(1258304K) Eden: 1118528K(1118528K)->0K(1118528K) From: 0K(139776K)->139775K(139776K)
[2025-08-01T03:37:51.756+0000] GC(241) Tenured: 749382K(2796224K)->927060K(2796224K)
[2025-08-01T03:37:51.756+0000] GC(241) Metaspace: 10661K(10880K)->10661K(10880K) NonClass: 9396K(9536K)->9396K(9536K) Class: 1265K(1344K)->1265K(1344K)
[2025-08-01T03:37:51.756+0000] GC(241) Pause Young (Allocation Failure) 1824M->1041M(3959M) 204.013ms
[2025-08-01T03:37:51.756+0000] GC(241) User=0.20s Sys=0.00s Real=0.21s
[2025-08-01T03:37:51.993+0000] GC(242) Pause Young (Allocation Failure)
[2025-08-01T03:37:52.615+0000] GC(242) DefNew: 1258303K(1258304K)->139776K(1258304K) Eden: 1118528K(1118528K)->0K(1118528K) From: 139775K(139776K)->139776K(139776K)
[2025-08-01T03:37:52.615+0000] GC(242) Tenured: 927060K(2796224K)->1730740K(2796224K)
[2025-08-01T03:37:52.615+0000] GC(242) Metaspace: 10661K(10880K)->10661K(10880K) NonClass: 9396K(9536K)->9396K(9536K) Class: 1265K(1344K)->1265K(1344K)
[2025-08-01T03:37:52.615+0000] GC(242) Pause Young (Allocation Failure) 2134M->1826M(3959M) 622.129ms
[2025-08-01T03:37:52.615+0000] GC(242) User=0.62s Sys=0.00s Real=0.62s
[2025-08-01T03:37:52.856+0000] GC(243) Pause Young (Allocation Failure)
[2025-08-01T03:37:52.856+0000] GC(243) Pause Young (Allocation Failure) 2918M->2918M(3959M) 0.113ms
[2025-08-01T03:37:52.856+0000] GC(243) User=0.00s Sys=0.00s Real=0.00s
[2025-08-01T03:37:52.856+0000] GC(244) Pause Full (Allocation Failure)
[2025-08-01T03:37:52.856+0000] GC(244) Phase 1: Mark live objects
[2025-08-01T03:37:53.003+0000] GC(244) Phase 1: Mark live objects 147.254ms
[2025-08-01T03:37:53.003+0000] GC(244) Phase 2: Compute new object addresses
[2025-08-01T03:37:53.504+0000] GC(244) Phase 2: Compute new object addresses 500.896ms
[2025-08-01T03:37:53.505+0000] GC(244) Phase 3: Adjust pointers
[2025-08-01T03:37:53.615+0000] GC(244) Phase 3: Adjust pointers 110.551ms
[2025-08-01T03:37:53.615+0000] GC(244) Phase 4: Move objects
[2025-08-01T03:37:53.901+0000] GC(244) Phase 4: Move objects 286.018ms
[2025-08-01T03:37:53.903+0000] GC(244) DefNew: 1258304K(1258304K)->0K(1258304K) Eden: 1118528K(1118528K)->0K(1118528K) From: 139776K(139776K)->0K(139776K)
[2025-08-01T03:37:53.903+0000] GC(244) Tenured: 1730740K(2796224K)->849958K(2796224K)
[2025-08-01T03:37:53.903+0000] GC(244) Metaspace: 10661K(10880K)->10661K(10880K) NonClass: 9396K(9536K)->9396K(9536K) Class: 1265K(1344K)->1265K(1344K)
[2025-08-01T03:37:53.903+0000] GC(244) Pause Full (Allocation Failure) 2918M->830M(3959M) 1046.504ms
[2025-08-01T03:37:53.903+0000] GC(244) User=1.05s Sys=0.00s Real=1.04s
[2025-08-01T03:37:54.141+0000] GC(245) Pause Young (Allocation Failure)
[2025-08-01T03:37:54.822+0000] GC(245) DefNew: 1118528K(1258304K)->139776K(1258304K) Eden: 1118528K(1118528K)->0K(1118528K) From: 0K(139776K)->139776K(139776K)
[2025-08-01T03:37:54.822+0000] GC(245) Tenured: 849958K(2796224K)->1733657K(2796224K)
[2025-08-01T03:37:54.822+0000] GC(245) Metaspace: 10661K(10880K)->10661K(10880K) NonClass: 9396K(9536K)->9396K(9536K) Class: 1265K(1344K)->1265K(1344K)
[2025-08-01T03:37:54.822+0000] GC(245) Pause Young (Allocation Failure) 1922M->1829M(3959M) 681.480ms
[2025-08-01T03:37:54.822+0000] GC(245) User=0.68s Sys=0.00s Real=0.68s
[2025-08-01T03:37:55.049+0000] GC(246) Pause Young (Allocation Failure)
[2025-08-01T03:37:55.049+0000] GC(246) Pause Young (Allocation Failure) 2921M->2921M(3959M) 0.095ms
[2025-08-01T03:37:55.049+0000] GC(246) User=0.00s Sys=0.00s Real=0.00s
[2025-08-01T03:37:55.049+0000] GC(247) Pause Full (Allocation Failure)
[2025-08-01T03:37:55.049+0000] GC(247) Phase 1: Mark live objects
[2025-08-01T03:37:55.175+0000] GC(247) Phase 1: Mark live objects 126.418ms
[2025-08-01T03:37:55.175+0000] GC(247) Phase 2: Compute new object addresses
[2025-08-01T03:37:55.686+0000] GC(247) Phase 2: Compute new object addresses 510.478ms
[2025-08-01T03:37:55.686+0000] GC(247) Phase 3: Adjust pointers
[2025-08-01T03:37:55.799+0000] GC(247) Phase 3: Adjust pointers 112.813ms
[2025-08-01T03:37:55.799+0000] GC(247) Phase 4: Move objects
[2025-08-01T03:37:56.063+0000] GC(247) Phase 4: Move objects 264.038ms
[2025-08-01T03:37:56.064+0000] GC(247) DefNew: 1258304K(1258304K)->0K(1258304K) Eden: 1118528K(1118528K)->0K(1118528K) From: 139776K(139776K)->0K(139776K)
[2025-08-01T03:37:56.064+0000] GC(247) Tenured: 1733657K(2796224K)->621214K(2796224K)
[2025-08-01T03:37:56.064+0000] GC(247) Metaspace: 10661K(10880K)->10661K(10880K) NonClass: 9396K(9536K)->9396K(9536K) Class: 1265K(1344K)->1265K(1344K)
[2025-08-01T03:37:56.064+0000] GC(247) Pause Full (Allocation Failure) 2921M->606M(3959M) 1014.794ms
[2025-08-01T03:37:56.064+0000] GC(247) User=1.01s Sys=0.01s Real=1.02s
[2025-08-01T03:37:56.292+0000] GC(248) Pause Young (Allocation Failure)
[2025-08-01T03:37:56.538+0000] GC(248) DefNew: 1118528K(1258304K)->139775K(1258304K) Eden: 1118528K(1118528K)->0K(1118528K) From: 0K(139776K)->139775K(139776K)
[2025-08-01T03:37:56.538+0000] GC(248) Tenured: 621214K(2796224K)->811698K(2796224K)
[2025-08-01T03:37:56.538+0000] GC(248) Metaspace: 10661K(10880K)->10661K(10880K) NonClass: 9396K(9536K)->9396K(9536K) Class: 1265K(1344K)->1265K(1344K)
[2025-08-01T03:37:56.538+0000] GC(248) Pause Young (Allocation Failure) 1698M->929M(3959M) 245.466ms
[2025-08-01T03:37:56.538+0000] GC(248) User=0.24s Sys=0.00s Real=0.25s
[2025-08-01T03:37:56.774+0000] GC(249) Pause Young (Allocation Failure)
[2025-08-01T03:37:57.406+0000] GC(249) DefNew: 1258303K(1258304K)->139775K(1258304K) Eden: 1118528K(1118528K)->0K(1118528K) From: 139775K(139776K)->139775K(139776K)
[2025-08-01T03:37:57.406+0000] GC(249) Tenured: 811698K(2796224K)->1607533K(2796224K)
[2025-08-01T03:37:57.406+0000] GC(249) Metaspace: 10661K(10880K)->10661K(10880K) NonClass: 9396K(9536K)->9396K(9536K) Class: 1265K(1344K)->1265K(1344K)
[2025-08-01T03:37:57.406+0000] GC(249) Pause Young (Allocation Failure) 2021M->1706M(3959M) 631.923ms
[2025-08-01T03:37:57.406+0000] GC(249) User=0.63s Sys=0.00s Real=0.63s
[2025-08-01T03:37:57.642+0000] GC(250) Pause Young (Allocation Failure)
[2025-08-01T03:37:57.642+0000] GC(250) Pause Young (Allocation Failure) 2798M->2798M(3959M) 0.104ms
[2025-08-01T03:37:57.643+0000] GC(250) User=0.00s Sys=0.00s Real=0.00s
[2025-08-01T03:37:57.643+0000] GC(251) Pause Full (Allocation Failure)
[2025-08-01T03:37:57.643+0000] GC(251) Phase 1: Mark live objects
[2025-08-01T03:37:57.803+0000] GC(251) Phase 1: Mark live objects 160.912ms
[2025-08-01T03:37:57.804+0000] GC(251) Phase 2: Compute new object addresses
[2025-08-01T03:37:58.270+0000] GC(251) Phase 2: Compute new object addresses 466.291ms
[2025-08-01T03:37:58.270+0000] GC(251) Phase 3: Adjust pointers
[2025-08-01T03:37:58.408+0000] GC(251) Phase 3: Adjust pointers 137.888ms
[2025-08-01T03:37:58.408+0000] GC(251) Phase 4: Move objects
[2025-08-01T03:37:58.684+0000] GC(251) Phase 4: Move objects 275.758ms
[2025-08-01T03:37:58.685+0000] GC(251) DefNew: 1258303K(1258304K)->0K(1258304K) Eden: 1118528K(1118528K)->0K(1118528K) From: 139775K(139776K)->0K(139776K)
[2025-08-01T03:37:58.685+0000] GC(251) Tenured: 1607533K(2796224K)->841200K(2796224K)
[2025-08-01T03:37:58.685+0000] GC(251) Metaspace: 10661K(10880K)->10661K(10880K) NonClass: 9396K(9536K)->9396K(9536K) Class: 1265K(1344K)->1265K(1344K)
[2025-08-01T03:37:58.685+0000] GC(251) Pause Full (Allocation Failure) 2798M->821M(3959M) 1042.234ms
[2025-08-01T03:37:58.685+0000] GC(251) User=1.04s Sys=0.01s Real=1.05s
[2025-08-01T03:37:58.903+0000] GC(252) Pause Young (Allocation Failure)
[2025-08-01T03:37:59.539+0000] GC(252) DefNew: 1118528K(1258304K)->139775K(1258304K) Eden: 1118528K(1118528K)->0K(1118528K) From: 0K(139776K)->139775K(139776K)
[2025-08-01T03:37:59.539+0000] GC(252) Tenured: 841200K(2796224K)->1713308K(2796224K)
[2025-08-01T03:37:59.539+0000] GC(252) Metaspace: 10661K(10880K)->10661K(10880K) NonClass: 9396K(9536K)->9396K(9536K) Class: 1265K(1344K)->1265K(1344K)
[2025-08-01T03:37:59.539+0000] GC(252) Pause Young (Allocation Failure) 1913M->1809M(3959M) 635.581ms
[2025-08-01T03:37:59.539+0000] GC(252) User=0.64s Sys=0.00s Real=0.63s
[2025-08-01T03:37:59.762+0000] GC(253) Pause Young (Allocation Failure)
[2025-08-01T03:37:59.763+0000] GC(253) Pause Young (Allocation Failure) 2901M->2901M(3959M) 0.101ms
[2025-08-01T03:37:59.763+0000] GC(253) User=0.00s Sys=0.00s Real=0.00s
[2025-08-01T03:37:59.763+0000] GC(254) Pause Full (Allocation Failure)
[2025-08-01T03:37:59.763+0000] GC(254) Phase 1: Mark live objects
[2025-08-01T03:37:59.907+0000] GC(254) Phase 1: Mark live objects 143.917ms
[2025-08-01T03:37:59.907+0000] GC(254) Phase 2: Compute new object addresses
[2025-08-01T03:38:00.401+0000] GC(254) Phase 2: Compute new object addresses 493.734ms
[2025-08-01T03:38:00.401+0000] GC(254) Phase 3: Adjust pointers
[2025-08-01T03:38:00.514+0000] GC(254) Phase 3: Adjust pointers 113.616ms
[2025-08-01T03:38:00.514+0000] GC(254) Phase 4: Move objects
[2025-08-01T03:38:00.790+0000] GC(254) Phase 4: Move objects 275.931ms
[2025-08-01T03:38:00.791+0000] GC(254) DefNew: 1258303K(1258304K)->0K(1258304K) Eden: 1118528K(1118528K)->0K(1118528K) From: 139775K(139776K)->0K(139776K)
[2025-08-01T03:38:00.791+0000] GC(254) Tenured: 1713308K(2796224K)->751772K(2796224K)
[2025-08-01T03:38:00.791+0000] GC(254) Metaspace: 10661K(10880K)->10661K(10880K) NonClass: 9396K(9536K)->9396K(9536K) Class: 1265K(1344K)->1265K(1344K)
[2025-08-01T03:38:00.791+0000] GC(254) Pause Full (Allocation Failure) 2901M->734M(3959M) 1028.867ms
[2025-08-01T03:38:00.791+0000] GC(254) User=1.03s Sys=0.00s Real=1.03s
[2025-08-01T03:38:01.007+0000] GC(255) Pause Young (Allocation Failure)
[2025-08-01T03:38:01.242+0000] GC(255) DefNew: 1118528K(1258304K)->139775K(1258304K) Eden: 1118528K(1118528K)->0K(1118528K) From: 0K(139776K)->139775K(139776K)
[2025-08-01T03:38:01.242+0000] GC(255) Tenured: 751772K(2796224K)->943438K(2796224K)
[2025-08-01T03:38:01.242+0000] GC(255) Metaspace: 10661K(10880K)->10661K(10880K) NonClass: 9396K(9536K)->9396K(9536K) Class: 1265K(1344K)->1265K(1344K)
[2025-08-01T03:38:01.243+0000] GC(255) Pause Young (Allocation Failure) 1826M->1057M(3959M) 235.828ms
[2025-08-01T03:38:01.243+0000] GC(255) User=0.23s Sys=0.00s Real=0.23s
[2025-08-01T03:38:01.463+0000] GC(256) Pause Young (Allocation Failure)
[2025-08-01T03:38:02.114+0000] GC(256) DefNew: 1258303K(1258304K)->139775K(1258304K) Eden: 1118528K(1118528K)->0K(1118528K) From: 139775K(139776K)->139775K(139776K)
[2025-08-01T03:38:02.114+0000] GC(256) Tenured: 943438K(2796224K)->1751250K(2796224K)
[2025-08-01T03:38:02.114+0000] GC(256) Metaspace: 10661K(10880K)->10661K(10880K) NonClass: 9396K(9536K)->9396K(9536K) Class: 1265K(1344K)->1265K(1344K)
[2025-08-01T03:38:02.115+0000] GC(256) Pause Young (Allocation Failure) 2150M->1846M(3959M) 651.276ms
[2025-08-01T03:38:02.115+0000] GC(256) User=0.65s Sys=0.00s Real=0.65s
[2025-08-01T03:38:02.333+0000] GC(257) Pause Young (Allocation Failure)
[2025-08-01T03:38:02.333+0000] GC(257) Pause Young (Allocation Failure) 2939M->2939M(3959M) 0.097ms
[2025-08-01T03:38:02.333+0000] GC(257) User=0.00s Sys=0.00s Real=0.00s
[2025-08-01T03:38:02.333+0000] GC(258) Pause Full (Allocation Failure)
[2025-08-01T03:38:02.333+0000] GC(258) Phase 1: Mark live objects
[2025-08-01T03:38:02.490+0000] GC(258) Phase 1: Mark live objects 156.873ms
[2025-08-01T03:38:02.490+0000] GC(258) Phase 2: Compute new object addresses
[2025-08-01T03:38:02.978+0000] GC(258) Phase 2: Compute new object addresses 488.057ms
[2025-08-01T03:38:02.978+0000] GC(258) Phase 3: Adjust pointers
[2025-08-01T03:38:03.093+0000] GC(258) Phase 3: Adjust pointers 114.863ms
[2025-08-01T03:38:03.093+0000] GC(258) Phase 4: Move objects
[2025-08-01T03:38:03.351+0000] GC(258) Phase 4: Move objects 257.464ms
[2025-08-01T03:38:03.352+0000] GC(258) DefNew: 1258303K(1258304K)->0K(1258304K) Eden: 1118528K(1118528K)->0K(1118528K) From: 139775K(139776K)->0K(139776K)
[2025-08-01T03:38:03.352+0000] GC(258) Tenured: 1751250K(2796224K)->850439K(2796224K)
[2025-08-01T03:38:03.352+0000] GC(258) Metaspace: 10661K(10880K)->10661K(10880K) NonClass: 9396K(9536K)->9396K(9536K) Class: 1265K(1344K)->1265K(1344K)
[2025-08-01T03:38:03.352+0000] GC(258) Pause Full (Allocation Failure) 2939M->830M(3959M) 1018.656ms
[2025-08-01T03:38:03.352+0000] GC(258) User=1.02s Sys=0.00s Real=1.01s
[2025-08-01T03:38:03.564+0000] GC(259) Pause Young (Allocation Failure)
[2025-08-01T03:38:04.235+0000] GC(259) DefNew: 1118528K(1258304K)->139775K(1258304K) Eden: 1118528K(1118528K)->0K(1118528K) From: 0K(139776K)->139775K(139776K)
[2025-08-01T03:38:04.235+0000] GC(259) Tenured: 850439K(2796224K)->1734169K(2796224K)
[2025-08-01T03:38:04.235+0000] GC(259) Metaspace: 10661K(10880K)->10661K(10880K) NonClass: 9396K(9536K)->9396K(9536K) Class: 1265K(1344K)->1265K(1344K)
[2025-08-01T03:38:04.235+0000] GC(259) Pause Young (Allocation Failure) 1922M->1830M(3959M) 670.895ms
[2025-08-01T03:38:04.235+0000] GC(259) User=0.67s Sys=0.00s Real=0.67s
[2025-08-01T03:38:04.448+0000] GC(260) Pause Young (Allocation Failure)
[2025-08-01T03:38:04.449+0000] GC(260) Pause Young (Allocation Failure) 2922M->2922M(3959M) 0.099ms
[2025-08-01T03:38:04.449+0000] GC(260) User=0.00s Sys=0.00s Real=0.00s
[2025-08-01T03:38:04.449+0000] GC(261) Pause Full (Allocation Failure)
[2025-08-01T03:38:04.449+0000] GC(261) Phase 1: Mark live objects
[2025-08-01T03:38:04.566+0000] GC(261) Phase 1: Mark live objects 117.532ms
[2025-08-01T03:38:04.566+0000] GC(261) Phase 2: Compute new object addresses
[2025-08-01T03:38:04.962+0000] GC(261) Phase 2: Compute new object addresses 395.295ms
[2025-08-01T03:38:04.962+0000] GC(261) Phase 3: Adjust pointers
[2025-08-01T03:38:05.051+0000] GC(261) Phase 3: Adjust pointers 89.101ms
[2025-08-01T03:38:05.051+0000] GC(261) Phase 4: Move objects
[2025-08-01T03:38:05.257+0000] GC(261) Phase 4: Move objects 206.652ms
[2025-08-01T03:38:05.258+0000] GC(261) DefNew: 1258303K(1258304K)->0K(1258304K) Eden: 1118528K(1118528K)->0K(1118528K) From: 139775K(139776K)->0K(139776K)
[2025-08-01T03:38:05.258+0000] GC(261) Tenured: 1734169K(2796224K)->635965K(2796224K)
[2025-08-01T03:38:05.259+0000] GC(261) Metaspace: 10661K(10880K)->10661K(10880K) NonClass: 9396K(9536K)->9396K(9536K) Class: 1265K(1344K)->1265K(1344K)
[2025-08-01T03:38:05.259+0000] GC(261) Pause Full (Allocation Failure) 2922M->621M(3959M) 810.043ms
[2025-08-01T03:38:05.259+0000] GC(261) User=0.81s Sys=0.00s Real=0.81s
[2025-08-01T03:38:05.469+0000] GC(262) Pause Young (Allocation Failure)
[2025-08-01T03:38:05.724+0000] GC(262) DefNew: 1118528K(1258304K)->139775K(1258304K) Eden: 1118528K(1118528K)->0K(1118528K) From: 0K(139776K)->139775K(139776K)
[2025-08-01T03:38:05.724+0000] GC(262) Tenured: 635965K(2796224K)->840448K(2796224K)
[2025-08-01T03:38:05.724+0000] GC(262) Metaspace: 10661K(10880K)->10661K(10880K) NonClass: 9396K(9536K)->9396K(9536K) Class: 1265K(1344K)->1265K(1344K)
[2025-08-01T03:38:05.724+0000] GC(262) Pause Young (Allocation Failure) 1713M->957M(3959M) 254.831ms
[2025-08-01T03:38:05.724+0000] GC(262) User=0.26s Sys=0.00s Real=0.26s
[2025-08-01T03:38:05.949+0000] GC(263) Pause Young (Allocation Failure)
[2025-08-01T03:38:06.587+0000] GC(263) DefNew: 1258303K(1258304K)->139775K(1258304K) Eden: 1118528K(1118528K)->0K(1118528K) From: 139775K(139776K)->139775K(139776K)
[2025-08-01T03:38:06.588+0000] GC(263) Tenured: 840448K(2796224K)->1640510K(2796224K)
[2025-08-01T03:38:06.588+0000] GC(263) Metaspace: 10661K(10880K)->10661K(10880K) NonClass: 9396K(9536K)->9396K(9536K) Class: 1265K(1344K)->1265K(1344K)
[2025-08-01T03:38:06.588+0000] GC(263) Pause Young (Allocation Failure) 2049M->1738M(3959M) 639.228ms
[2025-08-01T03:38:06.588+0000] GC(263) User=0.64s Sys=0.00s Real=0.64s
[2025-08-01T03:38:06.807+0000] GC(264) Pause Young (Allocation Failure)
[2025-08-01T03:38:06.807+0000] GC(264) Pause Young (Allocation Failure) 2830M->2830M(3959M) 0.110ms
[2025-08-01T03:38:06.807+0000] GC(264) User=0.00s Sys=0.00s Real=0.00s
[2025-08-01T03:38:06.807+0000] GC(265) Pause Full (Allocation Failure)
[2025-08-01T03:38:06.807+0000] GC(265) Phase 1: Mark live objects
[2025-08-01T03:38:06.964+0000] GC(265) Phase 1: Mark live objects 156.457ms
[2025-08-01T03:38:06.964+0000] GC(265) Phase 2: Compute new object addresses
[2025-08-01T03:38:07.452+0000] GC(265) Phase 2: Compute new object addresses 487.607ms
[2025-08-01T03:38:07.452+0000] GC(265) Phase 3: Adjust pointers
[2025-08-01T03:38:07.583+0000] GC(265) Phase 3: Adjust pointers 131.433ms
[2025-08-01T03:38:07.584+0000] GC(265) Phase 4: Move objects
[2025-08-01T03:38:07.906+0000] GC(265) Phase 4: Move objects 322.260ms
[2025-08-01T03:38:07.907+0000] GC(265) DefNew: 1258303K(1258304K)->0K(1258304K) Eden: 1118528K(1118528K)->0K(1118528K) From: 139775K(139776K)->0K(139776K)
[2025-08-01T03:38:07.907+0000] GC(265) Tenured: 1640510K(2796224K)->864289K(2796224K)
[2025-08-01T03:38:07.907+0000] GC(265) Metaspace: 10661K(10880K)->10661K(10880K) NonClass: 9396K(9536K)->9396K(9536K) Class: 1265K(1344K)->1265K(1344K)
[2025-08-01T03:38:07.907+0000] GC(265) Pause Full (Allocation Failure) 2830M->844M(3959M) 1099.997ms
[2025-08-01T03:38:07.907+0000] GC(265) User=1.10s Sys=0.00s Real=1.10s
[2025-08-01T03:38:08.118+0000] GC(266) Pause Young (Allocation Failure)
[2025-08-01T03:38:08.797+0000] GC(266) DefNew: 1118528K(1258304K)->139775K(1258304K) Eden: 1118528K(1118528K)->0K(1118528K) From: 0K(139776K)->139775K(139776K)
[2025-08-01T03:38:08.797+0000] GC(266) Tenured: 864289K(2796224K)->1736390K(2796224K)
[2025-08-01T03:38:08.797+0000] GC(266) Metaspace: 10661K(10880K)->10661K(10880K) NonClass: 9396K(9536K)->9396K(9536K) Class: 1265K(1344K)->1265K(1344K)
[2025-08-01T03:38:08.797+0000] GC(266) Pause Young (Allocation Failure) 1936M->1832M(3959M) 678.404ms
[2025-08-01T03:38:08.797+0000] GC(266) User=0.68s Sys=0.00s Real=0.68s
[2025-08-01T03:38:09.022+0000] GC(267) Pause Young (Allocation Failure)
[2025-08-01T03:38:09.022+0000] GC(267) Pause Young (Allocation Failure) 2924M->2924M(3959M) 0.109ms
[2025-08-01T03:38:09.022+0000] GC(267) User=0.00s Sys=0.00s Real=0.00s
[2025-08-01T03:38:09.022+0000] GC(268) Pause Full (Allocation Failure)
[2025-08-01T03:38:09.022+0000] GC(268) Phase 1: Mark live objects
[2025-08-01T03:38:09.148+0000] GC(268) Phase 1: Mark live objects 125.922ms
[2025-08-01T03:38:09.148+0000] GC(268) Phase 2: Compute new object addresses
[2025-08-01T03:38:09.637+0000] GC(268) Phase 2: Compute new object addresses 488.652ms
[2025-08-01T03:38:09.637+0000] GC(268) Phase 3: Adjust pointers
[2025-08-01T03:38:09.762+0000] GC(268) Phase 3: Adjust pointers 125.737ms
[2025-08-01T03:38:09.762+0000] GC(268) Phase 4: Move objects
[2025-08-01T03:38:10.035+0000] GC(268) Phase 4: Move objects 272.685ms
[2025-08-01T03:38:10.036+0000] GC(268) DefNew: 1258303K(1258304K)->0K(1258304K) Eden: 1118528K(1118528K)->0K(1118528K) From: 139775K(139776K)->0K(139776K)
[2025-08-01T03:38:10.036+0000] GC(268) Tenured: 1736390K(2796224K)->774867K(2796224K)
[2025-08-01T03:38:10.036+0000] GC(268) Metaspace: 10661K(10880K)->10661K(10880K) NonClass: 9396K(9536K)->9396K(9536K) Class: 1265K(1344K)->1265K(1344K)
[2025-08-01T03:38:10.036+0000] GC(268) Pause Full (Allocation Failure) 2924M->756M(3959M) 1014.321ms
[2025-08-01T03:38:10.036+0000] GC(268) User=1.01s Sys=0.00s Real=1.02s
[2025-08-01T03:38:10.261+0000] GC(269) Pause Young (Allocation Failure)
[2025-08-01T03:38:10.511+0000] GC(269) DefNew: 1118528K(1258304K)->139775K(1258304K) Eden: 1118528K(1118528K)->0K(1118528K) From: 0K(139776K)->139775K(139776K)
[2025-08-01T03:38:10.511+0000] GC(269) Tenured: 774867K(2796224K)->978555K(2796224K)
[2025-08-01T03:38:10.511+0000] GC(269) Metaspace: 10661K(10880K)->10661K(10880K) NonClass: 9396K(9536K)->9396K(9536K) Class: 1265K(1344K)->1265K(1344K)
[2025-08-01T03:38:10.511+0000] GC(269) Pause Young (Allocation Failure) 1849M->1092M(3959M) 249.853ms
[2025-08-01T03:38:10.511+0000] GC(269) User=0.25s Sys=0.01s Real=0.25s
[2025-08-01T03:38:10.734+0000] GC(270) Pause Young (Allocation Failure)
[2025-08-01T03:38:11.312+0000] GC(270) DefNew: 1258303K(1258304K)->139775K(1258304K) Eden: 1118528K(1118528K)->0K(1118528K) From: 139775K(139776K)->139775K(139776K)
[2025-08-01T03:38:11.312+0000] GC(270) Tenured: 978555K(2796224K)->1789994K(2796224K)
[2025-08-01T03:38:11.312+0000] GC(270) Metaspace: 10661K(10880K)->10661K(10880K) NonClass: 9396K(9536K)->9396K(9536K) Class: 1265K(1344K)->1265K(1344K)
[2025-08-01T03:38:11.312+0000] GC(270) Pause Young (Allocation Failure) 2184M->1884M(3959M) 578.123ms
[2025-08-01T03:38:11.312+0000] GC(270) User=0.58s Sys=0.00s Real=0.57s
[2025-08-01T03:38:11.520+0000] GC(271) Pause Young (Allocation Failure)
[2025-08-01T03:38:11.520+0000] GC(271) Pause Young (Allocation Failure) 2976M->2976M(3959M) 0.093ms
[2025-08-01T03:38:11.520+0000] GC(271) User=0.00s Sys=0.00s Real=0.00s
[2025-08-01T03:38:11.520+0000] GC(272) Pause Full (Allocation Failure)
[2025-08-01T03:38:11.520+0000] GC(272) Phase 1: Mark live objects
[2025-08-01T03:38:11.678+0000] GC(272) Phase 1: Mark live objects 157.637ms
[2025-08-01T03:38:11.678+0000] GC(272) Phase 2: Compute new object addresses
[2025-08-01T03:38:12.150+0000] GC(272) Phase 2: Compute new object addresses 471.711ms
[2025-08-01T03:38:12.150+0000] GC(272) Phase 3: Adjust pointers
[2025-08-01T03:38:12.258+0000] GC(272) Phase 3: Adjust pointers 107.645ms
[2025-08-01T03:38:12.258+0000] GC(272) Phase 4: Move objects
[2025-08-01T03:38:12.530+0000] GC(272) Phase 4: Move objects 272.497ms
[2025-08-01T03:38:12.531+0000] GC(272) DefNew: 1258303K(1258304K)->0K(1258304K) Eden: 1118528K(1118528K)->0K(1118528K) From: 139775K(139776K)->0K(139776K)
[2025-08-01T03:38:12.531+0000] GC(272) Tenured: 1789994K(2796224K)->868908K(2796224K)
[2025-08-01T03:38:12.531+0000] GC(272) Metaspace: 10661K(10880K)->10661K(10880K) NonClass: 9396K(9536K)->9396K(9536K) Class: 1265K(1344K)->1265K(1344K)
[2025-08-01T03:38:12.531+0000] GC(272) Pause Full (Allocation Failure) 2976M->848M(3959M) 1010.961ms
[2025-08-01T03:38:12.531+0000] GC(272) User=1.01s Sys=0.01s Real=1.01s
[2025-08-01T03:38:12.746+0000] GC(273) Pause Young (Allocation Failure)
[2025-08-01T03:38:13.431+0000] GC(273) DefNew: 1118528K(1258304K)->139776K(1258304K) Eden: 1118528K(1118528K)->0K(1118528K) From: 0K(139776K)->139776K(139776K)
[2025-08-01T03:38:13.431+0000] GC(273) Tenured: 868908K(2796224K)->1750975K(2796224K)
[2025-08-01T03:38:13.431+0000] GC(273) Metaspace: 10661K(10880K)->10661K(10880K) NonClass: 9396K(9536K)->9396K(9536K) Class: 1265K(1344K)->1265K(1344K)
[2025-08-01T03:38:13.431+0000] GC(273) Pause Young (Allocation Failure) 1940M->1846M(3959M) 685.281ms
[2025-08-01T03:38:13.431+0000] GC(273) User=0.68s Sys=0.00s Real=0.68s
[2025-08-01T03:38:13.652+0000] GC(274) Pause Young (Allocation Failure)
[2025-08-01T03:38:13.652+0000] GC(274) Pause Young (Allocation Failure) 2938M->2938M(3959M) 0.168ms
[2025-08-01T03:38:13.652+0000] GC(274) User=0.00s Sys=0.00s Real=0.00s
[2025-08-01T03:38:13.652+0000] GC(275) Pause Full (Allocation Failure)
[2025-08-01T03:38:13.652+0000] GC(275) Phase 1: Mark live objects
[2025-08-01T03:38:13.782+0000] GC(275) Phase 1: Mark live objects 130.340ms
[2025-08-01T03:38:13.782+0000] GC(275) Phase 2: Compute new object addresses
[2025-08-01T03:38:14.231+0000] GC(275) Phase 2: Compute new object addresses 448.246ms
[2025-08-01T03:38:14.231+0000] GC(275) Phase 3: Adjust pointers
[2025-08-01T03:38:14.346+0000] GC(275) Phase 3: Adjust pointers 115.090ms
[2025-08-01T03:38:14.346+0000] GC(275) Phase 4: Move objects
[2025-08-01T03:38:14.629+0000] GC(275) Phase 4: Move objects 282.987ms
[2025-08-01T03:38:14.630+0000] GC(275) DefNew: 1258304K(1258304K)->0K(1258304K) Eden: 1118528K(1118528K)->0K(1118528K) From: 139776K(139776K)->0K(139776K)
[2025-08-01T03:38:14.630+0000] GC(275) Tenured: 1750975K(2796224K)->647110K(2796224K)
[2025-08-01T03:38:14.630+0000] GC(275) Metaspace: 10661K(10880K)->10661K(10880K) NonClass: 9396K(9536K)->9396K(9536K) Class: 1265K(1344K)->1265K(1344K)
[2025-08-01T03:38:14.630+0000] GC(275) Pause Full (Allocation Failure) 2938M->631M(3959M) 977.901ms
[2025-08-01T03:38:14.630+0000] GC(275) User=0.98s Sys=0.01s Real=0.98s
[2025-08-01T03:38:14.843+0000] GC(276) Pause Young (Allocation Failure)
[2025-08-01T03:38:15.062+0000] GC(276) DefNew: 1118528K(1258304K)->139775K(1258304K) Eden: 1118528K(1118528K)->0K(1118528K) From: 0K(139776K)->139775K(139776K)
[2025-08-01T03:38:15.062+0000] GC(276) Tenured: 647110K(2796224K)->861972K(2796224K)
[2025-08-01T03:38:15.062+0000] GC(276) Metaspace: 10661K(10880K)->10661K(10880K) NonClass: 9396K(9536K)->9396K(9536K) Class: 1265K(1344K)->1265K(1344K)
[2025-08-01T03:38:15.062+0000] GC(276) Pause Young (Allocation Failure) 1724M->978M(3959M) 219.192ms
[2025-08-01T03:38:15.062+0000] GC(276) User=0.22s Sys=0.00s Real=0.21s
[2025-08-01T03:38:15.272+0000] GC(277) Pause Young (Allocation Failure)
[2025-08-01T03:38:15.942+0000] GC(277) DefNew: 1258303K(1258304K)->139775K(1258304K) Eden: 1118528K(1118528K)->0K(1118528K) From: 139775K(139776K)->139775K(139776K)
[2025-08-01T03:38:15.942+0000] GC(277) Tenured: 861972K(2796224K)->1665168K(2796224K)
[2025-08-01T03:38:15.942+0000] GC(277) Metaspace: 10661K(10880K)->10661K(10880K) NonClass: 9396K(9536K)->9396K(9536K) Class: 1265K(1344K)->1265K(1344K)
[2025-08-01T03:38:15.942+0000] GC(277) Pause Young (Allocation Failure) 2070M->1762M(3959M) 670.007ms
[2025-08-01T03:38:15.942+0000] GC(277) User=0.67s Sys=0.00s Real=0.67s
[2025-08-01T03:38:16.158+0000] GC(278) Pause Young (Allocation Failure)
[2025-08-01T03:38:16.158+0000] GC(278) Pause Young (Allocation Failure) 2854M->2854M(3959M) 0.111ms
[2025-08-01T03:38:16.158+0000] GC(278) User=0.00s Sys=0.00s Real=0.00s
[2025-08-01T03:38:16.158+0000] GC(279) Pause Full (Allocation Failure)
[2025-08-01T03:38:16.158+0000] GC(279) Phase 1: Mark live objects
[2025-08-01T03:38:16.303+0000] GC(279) Phase 1: Mark live objects 145.275ms
[2025-08-01T03:38:16.303+0000] GC(279) Phase 2: Compute new object addresses
[2025-08-01T03:38:16.814+0000] GC(279) Phase 2: Compute new object addresses 510.106ms
[2025-08-01T03:38:16.814+0000] GC(279) Phase 3: Adjust pointers
[2025-08-01T03:38:16.951+0000] GC(279) Phase 3: Adjust pointers 137.320ms
[2025-08-01T03:38:16.951+0000] GC(279) Phase 4: Move objects
[2025-08-01T03:38:17.217+0000] GC(279) Phase 4: Move objects 266.232ms
[2025-08-01T03:38:17.218+0000] GC(279) DefNew: 1258303K(1258304K)->0K(1258304K) Eden: 1118528K(1118528K)->0K(1118528K) From: 139775K(139776K)->0K(139776K)
[2025-08-01T03:38:17.218+0000] GC(279) Tenured: 1665168K(2796224K)->846659K(2796224K)
[2025-08-01T03:38:17.218+0000] GC(279) Metaspace: 10661K(10880K)->10661K(10880K) NonClass: 9396K(9536K)->9396K(9536K) Class: 1265K(1344K)->1265K(1344K)
[2025-08-01T03:38:17.218+0000] GC(279) Pause Full (Allocation Failure) 2854M->826M(3959M) 1060.264ms
[2025-08-01T03:38:17.218+0000] GC(279) User=1.06s Sys=0.00s Real=1.06s
[2025-08-01T03:38:17.431+0000] GC(280) Pause Young (Allocation Failure)
[2025-08-01T03:38:18.124+0000] GC(280) DefNew: 1118528K(1258304K)->139776K(1258304K) Eden: 1118528K(1118528K)->0K(1118528K) From: 0K(139776K)->139776K(139776K)
[2025-08-01T03:38:18.124+0000] GC(280) Tenured: 846659K(2796224K)->1718762K(2796224K)
[2025-08-01T03:38:18.124+0000] GC(280) Metaspace: 10661K(10880K)->10661K(10880K) NonClass: 9396K(9536K)->9396K(9536K) Class: 1265K(1344K)->1265K(1344K)
[2025-08-01T03:38:18.124+0000] GC(280) Pause Young (Allocation Failure) 1919M->1814M(3959M) 693.907ms
[2025-08-01T03:38:18.124+0000] GC(280) User=0.70s Sys=0.00s Real=0.70s
[2025-08-01T03:38:18.335+0000] GC(281) Pause Young (Allocation Failure)
[2025-08-01T03:38:18.335+0000] GC(281) Pause Young (Allocation Failure) 2907M->2907M(3959M) 0.107ms
[2025-08-01T03:38:18.335+0000] GC(281) User=0.00s Sys=0.00s Real=0.00s
[2025-08-01T03:38:18.335+0000] GC(282) Pause Full (Allocation Failure)
[2025-08-01T03:38:18.335+0000] GC(282) Phase 1: Mark live objects
[2025-08-01T03:38:18.481+0000] GC(282) Phase 1: Mark live objects 145.993ms
[2025-08-01T03:38:18.482+0000] GC(282) Phase 2: Compute new object addresses
[2025-08-01T03:38:18.992+0000] GC(282) Phase 2: Compute new object addresses 510.145ms
[2025-08-01T03:38:18.992+0000] GC(282) Phase 3: Adjust pointers
[2025-08-01T03:38:19.110+0000] GC(282) Phase 3: Adjust pointers 118.588ms
[2025-08-01T03:38:19.110+0000] GC(282) Phase 4: Move objects
[2025-08-01T03:38:19.361+0000] GC(282) Phase 4: Move objects 250.146ms
[2025-08-01T03:38:19.362+0000] GC(282) DefNew: 1258304K(1258304K)->0K(1258304K) Eden: 1118528K(1118528K)->0K(1118528K) From: 139776K(139776K)->0K(139776K)
[2025-08-01T03:38:19.362+0000] GC(282) Tenured: 1718762K(2796224K)->784590K(2796224K)
[2025-08-01T03:38:19.362+0000] GC(282) Metaspace: 10661K(10880K)->10661K(10880K) NonClass: 9396K(9536K)->9396K(9536K) Class: 1265K(1344K)->1265K(1344K)
[2025-08-01T03:38:19.362+0000] GC(282) Pause Full (Allocation Failure) 2907M->766M(3959M) 1026.402ms
[2025-08-01T03:38:19.362+0000] GC(282) User=1.03s Sys=0.00s Real=1.02s
[2025-08-01T03:38:19.572+0000] GC(283) Pause Young (Allocation Failure)
[2025-08-01T03:38:19.793+0000] GC(283) DefNew: 1118528K(1258304K)->139775K(1258304K) Eden: 1118528K(1118528K)->0K(1118528K) From: 0K(139776K)->139775K(139776K)
[2025-08-01T03:38:19.793+0000] GC(283) Tenured: 784590K(2796224K)->1000661K(2796224K)
[2025-08-01T03:38:19.793+0000] GC(283) Metaspace: 10661K(10880K)->10661K(10880K) NonClass: 9396K(9536K)->9396K(9536K) Class: 1265K(1344K)->1265K(1344K)
[2025-08-01T03:38:19.793+0000] GC(283) Pause Young (Allocation Failure) 1858M->1113M(3959M) 221.296ms
[2025-08-01T03:38:19.793+0000] GC(283) User=0.22s Sys=0.01s Real=0.23s
[2025-08-01T03:38:20.003+0000] GC(284) Pause Young (Allocation Failure)
[2025-08-01T03:38:20.620+0000] GC(284) DefNew: 1258303K(1258304K)->139775K(1258304K) Eden: 1118528K(1118528K)->0K(1118528K) From: 139775K(139776K)->139775K(139776K)
[2025-08-01T03:38:20.620+0000] GC(284) Tenured: 1000661K(2796224K)->1815862K(2796224K)
[2025-08-01T03:38:20.620+0000] GC(284) Metaspace: 10661K(10880K)->10661K(10880K) NonClass: 9396K(9536K)->9396K(9536K) Class: 1265K(1344K)->1265K(1344K)
[2025-08-01T03:38:20.620+0000] GC(284) Pause Young (Allocation Failure) 2206M->1909M(3959M) 617.362ms
[2025-08-01T03:38:20.620+0000] GC(284) User=0.62s Sys=0.00s Real=0.61s
[2025-08-01T03:38:20.831+0000] GC(285) Pause Young (Allocation Failure)
[2025-08-01T03:38:20.832+0000] GC(285) Pause Young (Allocation Failure) 3002M->3002M(3959M) 0.106ms
[2025-08-01T03:38:20.832+0000] GC(285) User=0.00s Sys=0.00s Real=0.00s
[2025-08-01T03:38:20.832+0000] GC(286) Pause Full (Allocation Failure)
[2025-08-01T03:38:20.832+0000] GC(286) Phase 1: Mark live objects
[2025-08-01T03:38:20.988+0000] GC(286) Phase 1: Mark live objects 155.878ms
[2025-08-01T03:38:20.988+0000] GC(286) Phase 2: Compute new object addresses
[2025-08-01T03:38:21.504+0000] GC(286) Phase 2: Compute new object addresses 516.679ms
[2025-08-01T03:38:21.504+0000] GC(286) Phase 3: Adjust pointers
[2025-08-01T03:38:21.640+0000] GC(286) Phase 3: Adjust pointers 135.254ms
[2025-08-01T03:38:21.640+0000] GC(286) Phase 4: Move objects
[2025-08-01T03:38:21.922+0000] GC(286) Phase 4: Move objects 282.461ms
[2025-08-01T03:38:21.923+0000] GC(286) DefNew: 1258303K(1258304K)->0K(1258304K) Eden: 1118528K(1118528K)->0K(1118528K) From: 139775K(139776K)->0K(139776K)
[2025-08-01T03:38:21.923+0000] GC(286) Tenured: 1815862K(2796224K)->879933K(2796224K)
[2025-08-01T03:38:21.923+0000] GC(286) Metaspace: 10661K(10880K)->10661K(10880K) NonClass: 9396K(9536K)->9396K(9536K) Class: 1265K(1344K)->1265K(1344K)
[2025-08-01T03:38:21.923+0000] GC(286) Pause Full (Allocation Failure) 3002M->859M(3959M) 1091.781ms
[2025-08-01T03:38:21.923+0000] GC(286) User=1.10s Sys=0.00s Real=1.10s
[2025-08-01T03:38:22.141+0000] GC(287) Pause Young (Allocation Failure)
[2025-08-01T03:38:22.870+0000] GC(287) DefNew: 1118528K(1258304K)->139776K(1258304K) Eden: 1118528K(1118528K)->0K(1118528K) From: 0K(139776K)->139776K(139776K)
[2025-08-01T03:38:22.871+0000] GC(287) Tenured: 879933K(2796224K)->1763668K(2796224K)
[2025-08-01T03:38:22.871+0000] GC(287) Metaspace: 10661K(10880K)->10661K(10880K) NonClass: 9396K(9536K)->9396K(9536K) Class: 1265K(1344K)->1265K(1344K)
[2025-08-01T03:38:22.871+0000] GC(287) Pause Young (Allocation Failure) 1951M->1858M(3959M) 729.973ms
[2025-08-01T03:38:22.871+0000] GC(287) User=0.73s Sys=0.01s Real=0.73s
[2025-08-01T03:38:23.082+0000] GC(288) Pause Young (Allocation Failure)
[2025-08-01T03:38:23.082+0000] GC(288) Pause Young (Allocation Failure) 2951M->2951M(3959M) 0.096ms
[2025-08-01T03:38:23.082+0000] GC(288) User=0.00s Sys=0.00s Real=0.00s
[2025-08-01T03:38:23.082+0000] GC(289) Pause Full (Allocation Failure)
[2025-08-01T03:38:23.082+0000] GC(289) Phase 1: Mark live objects
[2025-08-01T03:38:23.242+0000] GC(289) Phase 1: Mark live objects 159.488ms
[2025-08-01T03:38:23.242+0000] GC(289) Phase 2: Compute new object addresses
[2025-08-01T03:38:23.693+0000] GC(289) Phase 2: Compute new object addresses 451.037ms
[2025-08-01T03:38:23.693+0000] GC(289) Phase 3: Adjust pointers
[2025-08-01T03:38:23.816+0000] GC(289) Phase 3: Adjust pointers 123.573ms
[2025-08-01T03:38:23.816+0000] GC(289) Phase 4: Move objects
[2025-08-01T03:38:24.073+0000] GC(289) Phase 4: Move objects 256.608ms
[2025-08-01T03:38:24.074+0000] GC(289) DefNew: 1258304K(1258304K)->0K(1258304K) Eden: 1118528K(1118528K)->0K(1118528K) From: 139776K(139776K)->0K(139776K)
[2025-08-01T03:38:24.074+0000] GC(289) Tenured: 1763668K(2796224K)->661941K(2796224K)
[2025-08-01T03:38:24.074+0000] GC(289) Metaspace: 10661K(10880K)->10661K(10880K) NonClass: 9396K(9536K)->9396K(9536K) Class: 1265K(1344K)->1265K(1344K)
[2025-08-01T03:38:24.074+0000] GC(289) Pause Full (Allocation Failure) 2951M->646M(3959M) 992.110ms
[2025-08-01T03:38:24.074+0000] GC(289) User=0.99s Sys=0.00s Real=1.00s
[2025-08-01T03:38:24.289+0000] GC(290) Pause Young (Allocation Failure)
[2025-08-01T03:38:24.538+0000] GC(290) DefNew: 1118528K(1258304K)->139775K(1258304K) Eden: 1118528K(1118528K)->0K(1118528K) From: 0K(139776K)->139775K(139776K)
[2025-08-01T03:38:24.538+0000] GC(290) Tenured: 661941K(2796224K)->890888K(2796224K)
[2025-08-01T03:38:24.538+0000] GC(290) Metaspace: 10661K(10880K)->10661K(10880K) NonClass: 9396K(9536K)->9396K(9536K) Class: 1265K(1344K)->1265K(1344K)
[2025-08-01T03:38:24.538+0000] GC(290) Pause Young (Allocation Failure) 1738M->1006M(3959M) 249.669ms
[2025-08-01T03:38:24.538+0000] GC(290) User=0.25s Sys=0.00s Real=0.25s
[2025-08-01T03:38:24.750+0000] GC(291) Pause Young (Allocation Failure)
[2025-08-01T03:38:25.420+0000] GC(291) DefNew: 1258303K(1258304K)->139775K(1258304K) Eden: 1118528K(1118528K)->0K(1118528K) From: 139775K(139776K)->139775K(139776K)
[2025-08-01T03:38:25.420+0000] GC(291) Tenured: 890888K(2796224K)->1698347K(2796224K)
[2025-08-01T03:38:25.420+0000] GC(291) Metaspace: 10661K(10880K)->10661K(10880K) NonClass: 9396K(9536K)->9396K(9536K) Class: 1265K(1344K)->1265K(1344K)
[2025-08-01T03:38:25.420+0000] GC(291) Pause Young (Allocation Failure) 2098M->1795M(3959M) 670.335ms
[2025-08-01T03:38:25.420+0000] GC(291) User=0.67s Sys=0.01s Real=0.67s
[2025-08-01T03:38:25.662+0000] GC(292) Pause Young (Allocation Failure)
[2025-08-01T03:38:25.662+0000] GC(292) Pause Young (Allocation Failure) 2887M->2887M(3959M) 0.091ms
[2025-08-01T03:38:25.662+0000] GC(292) User=0.00s Sys=0.00s Real=0.00s
[2025-08-01T03:38:25.662+0000] GC(293) Pause Full (Allocation Failure)
[2025-08-01T03:38:25.662+0000] GC(293) Phase 1: Mark live objects
[2025-08-01T03:38:25.835+0000] GC(293) Phase 1: Mark live objects 173.030ms
[2025-08-01T03:38:25.835+0000] GC(293) Phase 2: Compute new object addresses
[2025-08-01T03:38:26.299+0000] GC(293) Phase 2: Compute new object addresses 463.946ms
[2025-08-01T03:38:26.300+0000] GC(293) Phase 3: Adjust pointers
[2025-08-01T03:38:26.422+0000] GC(293) Phase 3: Adjust pointers 122.045ms
[2025-08-01T03:38:26.422+0000] GC(293) Phase 4: Move objects
[2025-08-01T03:38:26.713+0000] GC(293) Phase 4: Move objects 291.543ms
[2025-08-01T03:38:26.714+0000] GC(293) DefNew: 1258303K(1258304K)->0K(1258304K) Eden: 1118528K(1118528K)->0K(1118528K) From: 139775K(139776K)->0K(139776K)
[2025-08-01T03:38:26.714+0000] GC(293) Tenured: 1698347K(2796224K)->870850K(2796224K)
[2025-08-01T03:38:26.714+0000] GC(293) Metaspace: 10661K(10880K)->10661K(10880K) NonClass: 9396K(9536K)->9396K(9536K) Class: 1265K(1344K)->1265K(1344K)
[2025-08-01T03:38:26.714+0000] GC(293) Pause Full (Allocation Failure) 2887M->850M(3959M) 1051.728ms
[2025-08-01T03:38:26.714+0000] GC(293) User=1.05s Sys=0.00s Real=1.06s
[2025-08-01T03:38:26.963+0000] GC(294) Pause Young (Allocation Failure)
[2025-08-01T03:38:27.474+0000] GC(294) DefNew: 1118528K(1258304K)->139776K(1258304K) Eden: 1118528K(1118528K)->0K(1118528K) From: 0K(139776K)->139776K(139776K)
[2025-08-01T03:38:27.475+0000] GC(294) Tenured: 870850K(2796224K)->1476711K(2796224K)
[2025-08-01T03:38:27.475+0000] GC(294) Metaspace: 10661K(10880K)->10661K(10880K) NonClass: 9396K(9536K)->9396K(9536K) Class: 1265K(1344K)->1265K(1344K)
[2025-08-01T03:38:27.475+0000] GC(294) Pause Young (Allocation Failure) 1942M->1578M(3959M) 511.700ms
[2025-08-01T03:38:27.475+0000] GC(294) User=0.51s Sys=0.00s Real=0.52s
[2025-08-01T03:38:27.720+0000] GC(295) Pause Young (Allocation Failure)
[2025-08-01T03:38:28.168+0000] GC(295) DefNew: 1258304K(1258304K)->139775K(1258304K) Eden: 1118528K(1118528K)->0K(1118528K) From: 139776K(139776K)->139775K(139776K)
[2025-08-01T03:38:28.168+0000] GC(295) Tenured: 1476711K(2796224K)->1994565K(2796224K)
[2025-08-01T03:38:28.169+0000] GC(295) Metaspace: 10661K(10880K)->10661K(10880K) NonClass: 9396K(9536K)->9396K(9536K) Class: 1265K(1344K)->1265K(1344K)
[2025-08-01T03:38:28.169+0000] GC(295) Pause Young (Allocation Failure) 2670M->2084M(3959M) 449.001ms
[2025-08-01T03:38:28.169+0000] GC(295) User=0.45s Sys=0.00s Real=0.45s
[2025-08-01T03:38:28.409+0000] GC(296) Pause Young (Allocation Failure)
[2025-08-01T03:38:28.410+0000] GC(296) Pause Young (Allocation Failure) 3176M->3176M(3959M) 0.114ms
[2025-08-01T03:38:28.410+0000] GC(296) User=0.00s Sys=0.00s Real=0.00s
[2025-08-01T03:38:28.410+0000] GC(297) Pause Full (Allocation Failure)
[2025-08-01T03:38:28.410+0000] GC(297) Phase 1: Mark live objects
[2025-08-01T03:38:28.510+0000] GC(297) Phase 1: Mark live objects 100.739ms
[2025-08-01T03:38:28.511+0000] GC(297) Phase 2: Compute new object addresses
[2025-08-01T03:38:29.021+0000] GC(297) Phase 2: Compute new object addresses 510.538ms
[2025-08-01T03:38:29.021+0000] GC(297) Phase 3: Adjust pointers
[2025-08-01T03:38:29.080+0000] GC(297) Phase 3: Adjust pointers 58.986ms
[2025-08-01T03:38:29.080+0000] GC(297) Phase 4: Move objects
[2025-08-01T03:38:29.217+0000] GC(297) Phase 4: Move objects 136.171ms
[2025-08-01T03:38:29.217+0000] GC(297) DefNew: 1258303K(1258304K)->0K(1258304K) Eden: 1118528K(1118528K)->0K(1118528K) From: 139775K(139776K)->0K(139776K)
[2025-08-01T03:38:29.217+0000] GC(297) Tenured: 1994565K(2796224K)->539051K(2796224K)
[2025-08-01T03:38:29.217+0000] GC(297) Metaspace: 10661K(10880K)->10661K(10880K) NonClass: 9396K(9536K)->9396K(9536K) Class: 1265K(1344K)->1265K(1344K)
[2025-08-01T03:38:29.217+0000] GC(297) Pause Full (Allocation Failure) 3176M->526M(3959M) 807.739ms
[2025-08-01T03:38:29.217+0000] GC(297) User=0.81s Sys=0.00s Real=0.81s
[2025-08-01T03:38:29.456+0000] GC(298) Pause Young (Allocation Failure)
[2025-08-01T03:38:30.103+0000] GC(298) DefNew: 1118528K(1258304K)->139776K(1258304K) Eden: 1118528K(1118528K)->0K(1118528K) From: 0K(139776K)->139776K(139776K)
[2025-08-01T03:38:30.103+0000] GC(298) Tenured: 539051K(2796224K)->1326813K(2796224K)
[2025-08-01T03:38:30.103+0000] GC(298) Metaspace: 10661K(10880K)->10661K(10880K) NonClass: 9396K(9536K)->9396K(9536K) Class: 1265K(1344K)->1265K(1344K)
[2025-08-01T03:38:30.103+0000] GC(298) Pause Young (Allocation Failure) 1618M->1432M(3959M) 647.387ms
[2025-08-01T03:38:30.103+0000] GC(298) User=0.65s Sys=0.00s Real=0.65s
[2025-08-01T03:38:30.345+0000] GC(299) Pause Young (Allocation Failure)
[2025-08-01T03:38:30.801+0000] GC(299) DefNew: 1258304K(1258304K)->139775K(1258304K) Eden: 1118528K(1118528K)->0K(1118528K) From: 139776K(139776K)->139775K(139776K)
[2025-08-01T03:38:30.801+0000] GC(299) Tenured: 1326813K(2796224K)->1854676K(2796224K)
[2025-08-01T03:38:30.802+0000] GC(299) Metaspace: 10661K(10880K)->10661K(10880K) NonClass: 9396K(9536K)->9396K(9536K) Class: 1265K(1344K)->1265K(1344K)
[2025-08-01T03:38:30.802+0000] GC(299) Pause Young (Allocation Failure) 2524M->1947M(3959M) 456.300ms
[2025-08-01T03:38:30.802+0000] GC(299) User=0.46s Sys=0.00s Real=0.45s
[2025-08-01T03:38:31.056+0000] GC(300) Pause Young (Allocation Failure)
[2025-08-01T03:38:31.056+0000] GC(300) Pause Young (Allocation Failure) 3040M->3040M(3959M) 0.119ms
[2025-08-01T03:38:31.056+0000] GC(300) User=0.00s Sys=0.00s Real=0.00s
[2025-08-01T03:38:31.056+0000] GC(301) Pause Full (Allocation Failure)
[2025-08-01T03:38:31.056+0000] GC(301) Phase 1: Mark live objects
[2025-08-01T03:38:31.263+0000] GC(301) Phase 1: Mark live objects 206.409ms
[2025-08-01T03:38:31.263+0000] GC(301) Phase 2: Compute new object addresses
[2025-08-01T03:38:31.740+0000] GC(301) Phase 2: Compute new object addresses 477.116ms
[2025-08-01T03:38:31.740+0000] GC(301) Phase 3: Adjust pointers
[2025-08-01T03:38:31.906+0000] GC(301) Phase 3: Adjust pointers 166.275ms
[2025-08-01T03:38:31.906+0000] GC(301) Phase 4: Move objects
[2025-08-01T03:38:32.319+0000] GC(301) Phase 4: Move objects 412.408ms
[2025-08-01T03:38:32.320+0000] GC(301) DefNew: 1258303K(1258304K)->0K(1258304K) Eden: 1118528K(1118528K)->0K(1118528K) From: 139775K(139776K)->0K(139776K)
[2025-08-01T03:38:32.320+0000] GC(301) Tenured: 1854676K(2796224K)->1109276K(2796224K)
[2025-08-01T03:38:32.320+0000] GC(301) Metaspace: 10661K(10880K)->10661K(10880K) NonClass: 9396K(9536K)->9396K(9536K) Class: 1265K(1344K)->1265K(1344K)
[2025-08-01T03:38:32.320+0000] GC(301) Pause Full (Allocation Failure) 3040M->1083M(3959M) 1264.031ms
[2025-08-01T03:38:32.320+0000] GC(301) User=1.27s Sys=0.00s Real=1.26s
[2025-08-01T03:38:32.577+0000] GC(302) Pause Young (Allocation Failure)
[2025-08-01T03:38:33.028+0000] GC(302) DefNew: 1118528K(1258304K)->139775K(1258304K) Eden: 1118528K(1118528K)->0K(1118528K) From: 0K(139776K)->139775K(139776K)
[2025-08-01T03:38:33.028+0000] GC(302) Tenured: 1109276K(2796224K)->1645624K(2796224K)
[2025-08-01T03:38:33.028+0000] GC(302) Metaspace: 10661K(10880K)->10661K(10880K) NonClass: 9396K(9536K)->9396K(9536K) Class: 1265K(1344K)->1265K(1344K)
[2025-08-01T03:38:33.028+0000] GC(302) Pause Young (Allocation Failure) 2175M->1743M(3959M) 451.426ms
[2025-08-01T03:38:33.028+0000] GC(302) User=0.45s Sys=0.00s Real=0.45s
[2025-08-01T03:38:33.281+0000] GC(303) Pause Young (Allocation Failure)
[2025-08-01T03:38:33.281+0000] GC(303) Pause Young (Allocation Failure) 2835M->2835M(3959M) 0.130ms
[2025-08-01T03:38:33.281+0000] GC(303) User=0.00s Sys=0.00s Real=0.00s
[2025-08-01T03:38:33.281+0000] GC(304) Pause Full (Allocation Failure)
[2025-08-01T03:38:33.281+0000] GC(304) Phase 1: Mark live objects
[2025-08-01T03:38:33.384+0000] GC(304) Phase 1: Mark live objects 102.907ms
[2025-08-01T03:38:33.384+0000] GC(304) Phase 2: Compute new object addresses
[2025-08-01T03:38:33.874+0000] GC(304) Phase 2: Compute new object addresses 489.959ms
[2025-08-01T03:38:33.875+0000] GC(304) Phase 3: Adjust pointers
[2025-08-01T03:38:33.959+0000] GC(304) Phase 3: Adjust pointers 84.170ms
[2025-08-01T03:38:33.959+0000] GC(304) Phase 4: Move objects
[2025-08-01T03:38:34.121+0000] GC(304) Phase 4: Move objects 161.783ms
[2025-08-01T03:38:34.122+0000] GC(304) DefNew: 1258303K(1258304K)->0K(1258304K) Eden: 1118528K(1118528K)->0K(1118528K) From: 139775K(139776K)->0K(139776K)
[2025-08-01T03:38:34.122+0000] GC(304) Tenured: 1645624K(2796224K)->431091K(2796224K)
[2025-08-01T03:38:34.122+0000] GC(304) Metaspace: 10661K(10880K)->10661K(10880K) NonClass: 9396K(9536K)->9396K(9536K) Class: 1265K(1344K)->1265K(1344K)
[2025-08-01T03:38:34.122+0000] GC(304) Pause Full (Allocation Failure) 2835M->420M(3959M) 840.631ms
[2025-08-01T03:38:34.122+0000] GC(304) User=0.84s Sys=0.00s Real=0.84s
[2025-08-01T03:38:34.368+0000] GC(305) Pause Young (Allocation Failure)
[2025-08-01T03:38:34.997+0000] GC(305) DefNew: 1118528K(1258304K)->139775K(1258304K) Eden: 1118528K(1118528K)->0K(1118528K) From: 0K(139776K)->139775K(139776K)
[2025-08-01T03:38:34.997+0000] GC(305) Tenured: 431091K(2796224K)->1240464K(2796224K)
[2025-08-01T03:38:34.997+0000] GC(305) Metaspace: 10661K(10880K)->10661K(10880K) NonClass: 9396K(9536K)->9396K(9536K) Class: 1265K(1344K)->1265K(1344K)
[2025-08-01T03:38:34.997+0000] GC(305) Pause Young (Allocation Failure) 1513M->1347M(3959M) 628.205ms
[2025-08-01T03:38:34.997+0000] GC(305) User=0.63s Sys=0.00s Real=0.63s
[2025-08-01T03:38:35.233+0000] GC(306) Pause Young (Allocation Failure)
[2025-08-01T03:38:35.692+0000] GC(306) DefNew: 1258303K(1258304K)->139776K(1258304K) Eden: 1118528K(1118528K)->0K(1118528K) From: 139775K(139776K)->139776K(139776K)
[2025-08-01T03:38:35.692+0000] GC(306) Tenured: 1240464K(2796224K)->1757364K(2796224K)
[2025-08-01T03:38:35.692+0000] GC(306) Metaspace: 10661K(10880K)->10661K(10880K) NonClass: 9396K(9536K)->9396K(9536K) Class: 1265K(1344K)->1265K(1344K)
[2025-08-01T03:38:35.692+0000] GC(306) Pause Young (Allocation Failure) 2440M->1852M(3959M) 459.102ms
[2025-08-01T03:38:35.692+0000] GC(306) User=0.47s Sys=0.00s Real=0.45s
[2025-08-01T03:38:35.926+0000] GC(307) Pause Young (Allocation Failure)
[2025-08-01T03:38:35.926+0000] GC(307) Pause Young (Allocation Failure) 2944M->2944M(3959M) 0.099ms
[2025-08-01T03:38:35.926+0000] GC(307) User=0.00s Sys=0.00s Real=0.00s
[2025-08-01T03:38:35.926+0000] GC(308) Pause Full (Allocation Failure)
[2025-08-01T03:38:35.926+0000] GC(308) Phase 1: Mark live objects
[2025-08-01T03:38:36.134+0000] GC(308) Phase 1: Mark live objects 207.756ms
[2025-08-01T03:38:36.134+0000] GC(308) Phase 2: Compute new object addresses
[2025-08-01T03:38:36.617+0000] GC(308) Phase 2: Compute new object addresses 483.755ms
[2025-08-01T03:38:36.617+0000] GC(308) Phase 3: Adjust pointers
[2025-08-01T03:38:36.781+0000] GC(308) Phase 3: Adjust pointers 163.071ms
[2025-08-01T03:38:36.781+0000] GC(308) Phase 4: Move objects
[2025-08-01T03:38:37.192+0000] GC(308) Phase 4: Move objects 411.729ms
[2025-08-01T03:38:37.193+0000] GC(308) DefNew: 1258304K(1258304K)->0K(1258304K) Eden: 1118528K(1118528K)->0K(1118528K) From: 139776K(139776K)->0K(139776K)
[2025-08-01T03:38:37.193+0000] GC(308) Tenured: 1757364K(2796224K)->1103920K(2796224K)
[2025-08-01T03:38:37.193+0000] GC(308) Metaspace: 10661K(10880K)->10661K(10880K) NonClass: 9396K(9536K)->9396K(9536K) Class: 1265K(1344K)->1265K(1344K)
[2025-08-01T03:38:37.193+0000] GC(308) Pause Full (Allocation Failure) 2944M->1078M(3959M) 1267.664ms
[2025-08-01T03:38:37.194+0000] GC(308) User=1.27s Sys=0.00s Real=1.26s
[2025-08-01T03:38:37.423+0000] GC(309) Pause Young (Allocation Failure)
[2025-08-01T03:38:37.862+0000] GC(309) DefNew: 1118528K(1258304K)->139775K(1258304K) Eden: 1118528K(1118528K)->0K(1118528K) From: 0K(139776K)->139775K(139776K)
[2025-08-01T03:38:37.862+0000] GC(309) Tenured: 1103920K(2796224K)->1647034K(2796224K)
[2025-08-01T03:38:37.862+0000] GC(309) Metaspace: 10661K(10880K)->10661K(10880K) NonClass: 9396K(9536K)->9396K(9536K) Class: 1265K(1344K)->1265K(1344K)
[2025-08-01T03:38:37.862+0000] GC(309) Pause Young (Allocation Failure) 2170M->1744M(3959M) 439.182ms
[2025-08-01T03:38:37.862+0000] GC(309) User=0.44s Sys=0.01s Real=0.43s
[2025-08-01T03:38:38.084+0000] GC(310) Pause Young (Allocation Failure)
[2025-08-01T03:38:38.084+0000] GC(310) Pause Young (Allocation Failure) 2837M->2837M(3959M) 0.102ms
[2025-08-01T03:38:38.084+0000] GC(310) User=0.00s Sys=0.00s Real=0.00s
[2025-08-01T03:38:38.084+0000] GC(311) Pause Full (Allocation Failure)
[2025-08-01T03:38:38.084+0000] GC(311) Phase 1: Mark live objects
[2025-08-01T03:38:38.178+0000] GC(311) Phase 1: Mark live objects 93.265ms
[2025-08-01T03:38:38.178+0000] GC(311) Phase 2: Compute new object addresses
[2025-08-01T03:38:38.678+0000] GC(311) Phase 2: Compute new object addresses 499.983ms
[2025-08-01T03:38:38.678+0000] GC(311) Phase 3: Adjust pointers
[2025-08-01T03:38:38.752+0000] GC(311) Phase 3: Adjust pointers 74.417ms
[2025-08-01T03:38:38.753+0000] GC(311) Phase 4: Move objects
[2025-08-01T03:38:38.904+0000] GC(311) Phase 4: Move objects 150.998ms
[2025-08-01T03:38:38.904+0000] GC(311) DefNew: 1258303K(1258304K)->0K(1258304K) Eden: 1118528K(1118528K)->0K(1118528K) From: 139775K(139776K)->0K(139776K)
[2025-08-01T03:38:38.905+0000] GC(311) Tenured: 1647034K(2796224K)->547250K(2796224K)
[2025-08-01T03:38:38.905+0000] GC(311) Metaspace: 10661K(10880K)->10661K(10880K) NonClass: 9396K(9536K)->9396K(9536K) Class: 1265K(1344K)->1265K(1344K)
[2025-08-01T03:38:38.905+0000] GC(311) Pause Full (Allocation Failure) 2837M->534M(3959M) 820.349ms
[2025-08-01T03:38:38.905+0000] GC(311) User=0.82s Sys=0.00s Real=0.82s
[2025-08-01T03:38:39.127+0000] GC(312) Pause Young (Allocation Failure)
[2025-08-01T03:38:39.790+0000] GC(312) DefNew: 1118528K(1258304K)->139775K(1258304K) Eden: 1118528K(1118528K)->0K(1118528K) From: 0K(139776K)->139775K(139776K)
[2025-08-01T03:38:39.790+0000] GC(312) Tenured: 547250K(2796224K)->1360308K(2796224K)
[2025-08-01T03:38:39.790+0000] GC(312) Metaspace: 10661K(10880K)->10661K(10880K) NonClass: 9396K(9536K)->9396K(9536K) Class: 1265K(1344K)->1265K(1344K)
[2025-08-01T03:38:39.790+0000] GC(312) Pause Young (Allocation Failure) 1626M->1464M(3959M) 663.083ms
[2025-08-01T03:38:39.790+0000] GC(312) User=0.66s Sys=0.01s Real=0.66s
[2025-08-01T03:38:40.016+0000] GC(313) Pause Young (Allocation Failure)
[2025-08-01T03:38:40.433+0000] GC(313) DefNew: 1258303K(1258304K)->139775K(1258304K) Eden: 1118528K(1118528K)->0K(1118528K) From: 139775K(139776K)->139775K(139776K)
[2025-08-01T03:38:40.433+0000] GC(313) Tenured: 1360308K(2796224K)->1872950K(2796224K)
[2025-08-01T03:38:40.433+0000] GC(313) Metaspace: 10661K(10880K)->10661K(10880K) NonClass: 9396K(9536K)->9396K(9536K) Class: 1265K(1344K)->1265K(1344K)
[2025-08-01T03:38:40.433+0000] GC(313) Pause Young (Allocation Failure) 2557M->1965M(3959M) 416.696ms
[2025-08-01T03:38:40.433+0000] GC(313) User=0.42s Sys=0.00s Real=0.41s
[2025-08-01T03:38:40.668+0000] GC(314) Pause Young (Allocation Failure)
[2025-08-01T03:38:40.668+0000] GC(314) Pause Young (Allocation Failure) 3057M->3057M(3959M) 0.116ms
[2025-08-01T03:38:40.668+0000] GC(314) User=0.00s Sys=0.00s Real=0.00s
[2025-08-01T03:38:40.668+0000] GC(315) Pause Full (Allocation Failure)
[2025-08-01T03:38:40.668+0000] GC(315) Phase 1: Mark live objects
[2025-08-01T03:38:40.885+0000] GC(315) Phase 1: Mark live objects 217.382ms
[2025-08-01T03:38:40.885+0000] GC(315) Phase 2: Compute new object addresses
[2025-08-01T03:38:41.310+0000] GC(315) Phase 2: Compute new object addresses 424.697ms
[2025-08-01T03:38:41.310+0000] GC(315) Phase 3: Adjust pointers
[2025-08-01T03:38:41.460+0000] GC(315) Phase 3: Adjust pointers 150.054ms
[2025-08-01T03:38:41.460+0000] GC(315) Phase 4: Move objects
[2025-08-01T03:38:41.833+0000] GC(315) Phase 4: Move objects 373.210ms
[2025-08-01T03:38:41.835+0000] GC(315) DefNew: 1258303K(1258304K)->0K(1258304K) Eden: 1118528K(1118528K)->0K(1118528K) From: 139775K(139776K)->0K(139776K)
[2025-08-01T03:38:41.835+0000] GC(315) Tenured: 1872950K(2796224K)->1106689K(2796224K)
[2025-08-01T03:38:41.835+0000] GC(315) Metaspace: 10661K(10880K)->10661K(10880K) NonClass: 9396K(9536K)->9396K(9536K) Class: 1265K(1344K)->1265K(1344K)
[2025-08-01T03:38:41.835+0000] GC(315) Pause Full (Allocation Failure) 3057M->1080M(3959M) 1167.498ms
[2025-08-01T03:38:41.835+0000] GC(315) User=1.17s Sys=0.00s Real=1.17s
[2025-08-01T03:38:42.066+0000] GC(316) Pause Young (Allocation Failure)
[2025-08-01T03:38:42.494+0000] GC(316) DefNew: 1118528K(1258304K)->139775K(1258304K) Eden: 1118528K(1118528K)->0K(1118528K) From: 0K(139776K)->139775K(139776K)
[2025-08-01T03:38:42.494+0000] GC(316) Tenured: 1106689K(2796224K)->1653842K(2796224K)
[2025-08-01T03:38:42.494+0000] GC(316) Metaspace: 10661K(10880K)->10661K(10880K) NonClass: 9396K(9536K)->9396K(9536K) Class: 1265K(1344K)->1265K(1344K)
[2025-08-01T03:38:42.494+0000] GC(316) Pause Young (Allocation Failure) 2173M->1751M(3959M) 428.281ms
[2025-08-01T03:38:42.494+0000] GC(316) User=0.42s Sys=0.00s Real=0.43s
[2025-08-01T03:38:42.712+0000] GC(317) Pause Young (Allocation Failure)
[2025-08-01T03:38:42.966+0000] GC(317) DefNew: 1258303K(1258304K)->139775K(1258304K) Eden: 1118528K(1118528K)->0K(1118528K) From: 139775K(139776K)->139775K(139776K)
[2025-08-01T03:38:42.966+0000] GC(317) Tenured: 1653842K(2796224K)->1895523K(2796224K)
[2025-08-01T03:38:42.966+0000] GC(317) Metaspace: 10661K(10880K)->10661K(10880K) NonClass: 9396K(9536K)->9396K(9536K) Class: 1265K(1344K)->1265K(1344K)
[2025-08-01T03:38:42.966+0000] GC(317) Pause Young (Allocation Failure) 2843M->1987M(3959M) 254.164ms
[2025-08-01T03:38:42.966+0000] GC(317) User=0.25s Sys=0.00s Real=0.26s
[2025-08-01T03:38:43.215+0000] GC(318) Pause Young (Allocation Failure)
[2025-08-01T03:38:43.215+0000] GC(318) Pause Young (Allocation Failure) 3079M->3079M(3959M) 0.134ms
[2025-08-01T03:38:43.215+0000] GC(318) User=0.00s Sys=0.00s Real=0.00s
[2025-08-01T03:38:43.215+0000] GC(319) Pause Full (Allocation Failure)
[2025-08-01T03:38:43.215+0000] GC(319) Phase 1: Mark live objects
[2025-08-01T03:38:43.442+0000] GC(319) Phase 1: Mark live objects 226.805ms
[2025-08-01T03:38:43.442+0000] GC(319) Phase 2: Compute new object addresses
[2025-08-01T03:38:43.954+0000] GC(319) Phase 2: Compute new object addresses 511.697ms
[2025-08-01T03:38:43.954+0000] GC(319) Phase 3: Adjust pointers
[2025-08-01T03:38:44.157+0000] GC(319) Phase 3: Adjust pointers 203.190ms
[2025-08-01T03:38:44.157+0000] GC(319) Phase 4: Move objects
[2025-08-01T03:38:44.619+0000] GC(319) Phase 4: Move objects 461.904ms
[2025-08-01T03:38:44.621+0000] GC(319) DefNew: 1258303K(1258304K)->0K(1258304K) Eden: 1118528K(1118528K)->0K(1118528K) From: 139775K(139776K)->0K(139776K)
[2025-08-01T03:38:44.621+0000] GC(319) Tenured: 1895523K(2796224K)->1085441K(2796224K)
[2025-08-01T03:38:44.621+0000] GC(319) Metaspace: 10661K(10880K)->10661K(10880K) NonClass: 9396K(9536K)->9396K(9536K) Class: 1265K(1344K)->1265K(1344K)
[2025-08-01T03:38:44.621+0000] GC(319) Pause Full (Allocation Failure) 3079M->1060M(3959M) 1405.525ms
[2025-08-01T03:38:44.621+0000] GC(319) User=1.41s Sys=0.00s Real=1.40s
[2025-08-01T03:38:44.863+0000] GC(320) Pause Young (Allocation Failure)
[2025-08-01T03:38:45.250+0000] GC(320) DefNew: 1118528K(1258304K)->139776K(1258304K) Eden: 1118528K(1118528K)->0K(1118528K) From: 0K(139776K)->139776K(139776K)
[2025-08-01T03:38:45.250+0000] GC(320) Tenured: 1085441K(2796224K)->1591877K(2796224K)
[2025-08-01T03:38:45.250+0000] GC(320) Metaspace: 10661K(10880K)->10661K(10880K) NonClass: 9396K(9536K)->9396K(9536K) Class: 1265K(1344K)->1265K(1344K)
[2025-08-01T03:38:45.250+0000] GC(320) Pause Young (Allocation Failure) 2152M->1691M(3959M) 387.039ms
[2025-08-01T03:38:45.251+0000] GC(320) User=0.39s Sys=0.00s Real=0.38s
[2025-08-01T03:38:45.475+0000] GC(321) Pause Young (Allocation Failure)
[2025-08-01T03:38:46.051+0000] GC(321) DefNew: 1258304K(1258304K)->139775K(1258304K) Eden: 1118528K(1118528K)->0K(1118528K) From: 139776K(139776K)->139775K(139776K)
[2025-08-01T03:38:46.051+0000] GC(321) Tenured: 1591877K(2796224K)->2291147K(2796224K)
[2025-08-01T03:38:46.051+0000] GC(321) Metaspace: 10661K(10880K)->10661K(10880K) NonClass: 9396K(9536K)->9396K(9536K) Class: 1265K(1344K)->1265K(1344K)
[2025-08-01T03:38:46.051+0000] GC(321) Pause Young (Allocation Failure) 2783M->2373M(3959M) 575.208ms
[2025-08-01T03:38:46.051+0000] GC(321) User=0.57s Sys=0.00s Real=0.57s
[2025-08-01T03:38:46.281+0000] GC(322) Pause Young (Allocation Failure)
[2025-08-01T03:38:46.281+0000] GC(322) Pause Young (Allocation Failure) 3466M->3466M(3959M) 0.108ms
[2025-08-01T03:38:46.281+0000] GC(322) User=0.00s Sys=0.00s Real=0.00s
[2025-08-01T03:38:46.281+0000] GC(323) Pause Full (Allocation Failure)
[2025-08-01T03:38:46.281+0000] GC(323) Phase 1: Mark live objects
[2025-08-01T03:38:46.449+0000] GC(323) Phase 1: Mark live objects 168.020ms
[2025-08-01T03:38:46.449+0000] GC(323) Phase 2: Compute new object addresses
[2025-08-01T03:38:47.042+0000] GC(323) Phase 2: Compute new object addresses 592.099ms
[2025-08-01T03:38:47.042+0000] GC(323) Phase 3: Adjust pointers
[2025-08-01T03:38:47.154+0000] GC(323) Phase 3: Adjust pointers 112.371ms
[2025-08-01T03:38:47.154+0000] GC(323) Phase 4: Move objects
[2025-08-01T03:38:47.443+0000] GC(323) Phase 4: Move objects 289.371ms
[2025-08-01T03:38:47.445+0000] GC(323) DefNew: 1258303K(1258304K)->0K(1258304K) Eden: 1118528K(1118528K)->0K(1118528K) From: 139775K(139776K)->0K(139776K)
[2025-08-01T03:38:47.445+0000] GC(323) Tenured: 2291147K(2796224K)->843731K(2796224K)
[2025-08-01T03:38:47.445+0000] GC(323) Metaspace: 10661K(10880K)->10661K(10880K) NonClass: 9396K(9536K)->9396K(9536K) Class: 1265K(1344K)->1265K(1344K)
[2025-08-01T03:38:47.445+0000] GC(323) Pause Full (Allocation Failure) 3466M->823M(3959M) 1163.831ms
[2025-08-01T03:38:47.445+0000] GC(323) User=1.16s Sys=0.01s Real=1.17s
[2025-08-01T03:38:47.669+0000] GC(324) Pause Young (Allocation Failure)
[2025-08-01T03:38:47.940+0000] GC(324) DefNew: 1118528K(1258304K)->139775K(1258304K) Eden: 1118528K(1118528K)->0K(1118528K) From: 0K(139776K)->139775K(139776K)
[2025-08-01T03:38:47.940+0000] GC(324) Tenured: 843731K(2796224K)->1076857K(2796224K)
[2025-08-01T03:38:47.941+0000] GC(324) Metaspace: 10661K(10880K)->10661K(10880K) NonClass: 9396K(9536K)->9396K(9536K) Class: 1265K(1344K)->1265K(1344K)
[2025-08-01T03:38:47.941+0000] GC(324) Pause Young (Allocation Failure) 1916M->1188M(3959M) 271.578ms
[2025-08-01T03:38:47.941+0000] GC(324) User=0.27s Sys=0.00s Real=0.27s
[2025-08-01T03:38:48.161+0000] GC(325) Pause Young (Allocation Failure)
[2025-08-01T03:38:48.832+0000] GC(325) DefNew: 1258303K(1258304K)->139776K(1258304K) Eden: 1118528K(1118528K)->0K(1118528K) From: 139775K(139776K)->139776K(139776K)
[2025-08-01T03:38:48.832+0000] GC(325) Tenured: 1076857K(2796224K)->1937903K(2796224K)
[2025-08-01T03:38:48.832+0000] GC(325) Metaspace: 10661K(10880K)->10661K(10880K) NonClass: 9396K(9536K)->9396K(9536K) Class: 1265K(1344K)->1265K(1344K)
[2025-08-01T03:38:48.832+0000] GC(325) Pause Young (Allocation Failure) 2280M->2028M(3959M) 671.091ms
[2025-08-01T03:38:48.832+0000] GC(325) User=0.67s Sys=0.00s Real=0.67s
[2025-08-01T03:38:49.053+0000] GC(326) Pause Young (Allocation Failure)
[2025-08-01T03:38:49.053+0000] GC(326) Pause Young (Allocation Failure) 3121M->3121M(3959M) 0.117ms
[2025-08-01T03:38:49.053+0000] GC(326) User=0.00s Sys=0.00s Real=0.00s
[2025-08-01T03:38:49.053+0000] GC(327) Pause Full (Allocation Failure)
[2025-08-01T03:38:49.053+0000] GC(327) Phase 1: Mark live objects
[2025-08-01T03:38:49.213+0000] GC(327) Phase 1: Mark live objects 160.048ms
[2025-08-01T03:38:49.213+0000] GC(327) Phase 2: Compute new object addresses
[2025-08-01T03:38:49.759+0000] GC(327) Phase 2: Compute new object addresses 545.451ms
[2025-08-01T03:38:49.759+0000] GC(327) Phase 3: Adjust pointers
[2025-08-01T03:38:49.905+0000] GC(327) Phase 3: Adjust pointers 146.268ms
[2025-08-01T03:38:49.905+0000] GC(327) Phase 4: Move objects
[2025-08-01T03:38:50.225+0000] GC(327) Phase 4: Move objects 319.771ms
[2025-08-01T03:38:50.226+0000] GC(327) DefNew: 1258304K(1258304K)->0K(1258304K) Eden: 1118528K(1118528K)->0K(1118528K) From: 139776K(139776K)->0K(139776K)
[2025-08-01T03:38:50.226+0000] GC(327) Tenured: 1937903K(2796224K)->942476K(2796224K)
[2025-08-01T03:38:50.226+0000] GC(327) Metaspace: 10661K(10880K)->10661K(10880K) NonClass: 9396K(9536K)->9396K(9536K) Class: 1265K(1344K)->1265K(1344K)
[2025-08-01T03:38:50.226+0000] GC(327) Pause Full (Allocation Failure) 3121M->920M(3959M) 1173.063ms
[2025-08-01T03:38:50.226+0000] GC(327) User=1.18s Sys=0.00s Real=1.17s
[2025-08-01T03:38:50.442+0000] GC(328) Pause Young (Allocation Failure)
[2025-08-01T03:38:50.990+0000] GC(328) DefNew: 1118528K(1258304K)->139776K(1258304K) Eden: 1118528K(1118528K)->0K(1118528K) From: 0K(139776K)->139776K(139776K)
[2025-08-01T03:38:50.991+0000] GC(328) Tenured: 942476K(2796224K)->1593561K(2796224K)
[2025-08-01T03:38:50.991+0000] GC(328) Metaspace: 10661K(10880K)->10661K(10880K) NonClass: 9396K(9536K)->9396K(9536K) Class: 1265K(1344K)->1265K(1344K)
[2025-08-01T03:38:50.991+0000] GC(328) Pause Young (Allocation Failure) 2012M->1692M(3959M) 548.322ms
[2025-08-01T03:38:50.991+0000] GC(328) User=0.55s Sys=0.00s Real=0.55s
[2025-08-01T03:38:51.218+0000] GC(329) Pause Young (Allocation Failure)
[2025-08-01T03:38:51.713+0000] GC(329) DefNew: 1258304K(1258304K)->139775K(1258304K) Eden: 1118528K(1118528K)->0K(1118528K) From: 139776K(139776K)->139775K(139776K)
[2025-08-01T03:38:51.713+0000] GC(329) Tenured: 1593561K(2796224K)->2155636K(2796224K)
[2025-08-01T03:38:51.713+0000] GC(329) Metaspace: 10661K(10880K)->10661K(10880K) NonClass: 9396K(9536K)->9396K(9536K) Class: 1265K(1344K)->1265K(1344K)
[2025-08-01T03:38:51.713+0000] GC(329) Pause Young (Allocation Failure) 2785M->2241M(3959M) 495.572ms
[2025-08-01T03:38:51.713+0000] GC(329) User=0.50s Sys=0.00s Real=0.50s
[2025-08-01T03:38:51.931+0000] GC(330) Pause Young (Allocation Failure)
[2025-08-01T03:38:51.931+0000] GC(330) Pause Young (Allocation Failure) 3333M->3333M(3959M) 0.109ms
[2025-08-01T03:38:51.931+0000] GC(330) User=0.00s Sys=0.00s Real=0.00s
[2025-08-01T03:38:51.931+0000] GC(331) Pause Full (Allocation Failure)
[2025-08-01T03:38:51.931+0000] GC(331) Phase 1: Mark live objects
[2025-08-01T03:38:52.023+0000] GC(331) Phase 1: Mark live objects 91.799ms
[2025-08-01T03:38:52.023+0000] GC(331) Phase 2: Compute new object addresses
[2025-08-01T03:38:52.575+0000] GC(331) Phase 2: Compute new object addresses 551.534ms
[2025-08-01T03:38:52.575+0000] GC(331) Phase 3: Adjust pointers
[2025-08-01T03:38:52.655+0000] GC(331) Phase 3: Adjust pointers 79.815ms
[2025-08-01T03:38:52.655+0000] GC(331) Phase 4: Move objects
[2025-08-01T03:38:52.851+0000] GC(331) Phase 4: Move objects 196.528ms
[2025-08-01T03:38:52.853+0000] GC(331) DefNew: 1258303K(1258304K)->0K(1258304K) Eden: 1118528K(1118528K)->0K(1118528K) From: 139775K(139776K)->0K(139776K)
[2025-08-01T03:38:52.853+0000] GC(331) Tenured: 2155636K(2796224K)->575464K(2796224K)
[2025-08-01T03:38:52.853+0000] GC(331) Metaspace: 10661K(10880K)->10661K(10880K) NonClass: 9396K(9536K)->9396K(9536K) Class: 1265K(1344K)->1265K(1344K)
[2025-08-01T03:38:52.853+0000] GC(331) Pause Full (Allocation Failure) 3333M->561M(3959M) 921.402ms
[2025-08-01T03:38:52.853+0000] GC(331) User=0.91s Sys=0.01s Real=0.92s
[2025-08-01T03:38:53.076+0000] GC(332) Pause Young (Allocation Failure)
[2025-08-01T03:38:53.770+0000] GC(332) DefNew: 1118528K(1258304K)->139775K(1258304K) Eden: 1118528K(1118528K)->0K(1118528K) From: 0K(139776K)->139775K(139776K)
[2025-08-01T03:38:53.770+0000] GC(332) Tenured: 575464K(2796224K)->1417483K(2796224K)
[2025-08-01T03:38:53.770+0000] GC(332) Metaspace: 10661K(10880K)->10661K(10880K) NonClass: 9396K(9536K)->9396K(9536K) Class: 1265K(1344K)->1265K(1344K)
[2025-08-01T03:38:53.770+0000] GC(332) Pause Young (Allocation Failure) 1654M->1520M(3959M) 693.920ms
[2025-08-01T03:38:53.770+0000] GC(332) User=0.69s Sys=0.01s Real=0.69s
[2025-08-01T03:38:53.985+0000] GC(333) Pause Young (Allocation Failure)
[2025-08-01T03:38:54.382+0000] GC(333) DefNew: 1258303K(1258304K)->139775K(1258304K) Eden: 1118528K(1118528K)->0K(1118528K) From: 139775K(139776K)->139775K(139776K)
[2025-08-01T03:38:54.382+0000] GC(333) Tenured: 1417483K(2796224K)->1924902K(2796224K)
[2025-08-01T03:38:54.382+0000] GC(333) Metaspace: 10661K(10880K)->10661K(10880K) NonClass: 9396K(9536K)->9396K(9536K) Class: 1265K(1344K)->1265K(1344K)
[2025-08-01T03:38:54.382+0000] GC(333) Pause Young (Allocation Failure) 2613M->2016M(3959M) 396.921ms
[2025-08-01T03:38:54.382+0000] GC(333) User=0.38s Sys=0.01s Real=0.39s
[2025-08-01T03:38:54.598+0000] GC(334) Pause Young (Allocation Failure)
[2025-08-01T03:38:54.598+0000] GC(334) Pause Young (Allocation Failure) 3108M->3108M(3959M) 0.245ms
[2025-08-01T03:38:54.598+0000] GC(334) User=0.00s Sys=0.00s Real=0.00s
[2025-08-01T03:38:54.598+0000] GC(335) Pause Full (Allocation Failure)
[2025-08-01T03:38:54.598+0000] GC(335) Phase 1: Mark live objects
[2025-08-01T03:38:54.806+0000] GC(335) Phase 1: Mark live objects 207.607ms
[2025-08-01T03:38:54.806+0000] GC(335) Phase 2: Compute new object addresses
[2025-08-01T03:38:55.313+0000] GC(335) Phase 2: Compute new object addresses 507.624ms
[2025-08-01T03:38:55.313+0000] GC(335) Phase 3: Adjust pointers
[2025-08-01T03:38:55.495+0000] GC(335) Phase 3: Adjust pointers 181.132ms
[2025-08-01T03:38:55.495+0000] GC(335) Phase 4: Move objects
[2025-08-01T03:38:55.922+0000] GC(335) Phase 4: Move objects 427.632ms
[2025-08-01T03:38:55.923+0000] GC(335) DefNew: 1258303K(1258304K)->0K(1258304K) Eden: 1118528K(1118528K)->0K(1118528K) From: 139775K(139776K)->0K(139776K)
[2025-08-01T03:38:55.923+0000] GC(335) Tenured: 1924902K(2796224K)->1010620K(2796224K)
[2025-08-01T03:38:55.923+0000] GC(335) Metaspace: 10661K(10880K)->10661K(10880K) NonClass: 9396K(9536K)->9396K(9536K) Class: 1265K(1344K)->1265K(1344K)
[2025-08-01T03:38:55.923+0000] GC(335) Pause Full (Allocation Failure) 3108M->986M(3959M) 1325.523ms
[2025-08-01T03:38:55.923+0000] GC(335) User=1.32s Sys=0.01s Real=1.33s
[2025-08-01T03:38:56.139+0000] GC(336) Pause Young (Allocation Failure)
[2025-08-01T03:38:56.601+0000] GC(336) DefNew: 1118528K(1258304K)->139775K(1258304K) Eden: 1118528K(1118528K)->0K(1118528K) From: 0K(139776K)->139775K(139776K)
[2025-08-01T03:38:56.601+0000] GC(336) Tenured: 1010620K(2796224K)->1577755K(2796224K)
[2025-08-01T03:38:56.601+0000] GC(336) Metaspace: 10661K(10880K)->10661K(10880K) NonClass: 9396K(9536K)->9396K(9536K) Class: 1265K(1344K)->1265K(1344K)
[2025-08-01T03:38:56.601+0000] GC(336) Pause Young (Allocation Failure) 2079M->1677M(3959M) 462.840ms
[2025-08-01T03:38:56.601+0000] GC(336) User=0.47s Sys=0.00s Real=0.46s
[2025-08-01T03:38:56.817+0000] GC(337) Pause Young (Allocation Failure)
[2025-08-01T03:38:57.095+0000] GC(337) DefNew: 1258303K(1258304K)->139775K(1258304K) Eden: 1118528K(1118528K)->0K(1118528K) From: 139775K(139776K)->139775K(139776K)
[2025-08-01T03:38:57.095+0000] GC(337) Tenured: 1577755K(2796224K)->1828247K(2796224K)
[2025-08-01T03:38:57.095+0000] GC(337) Metaspace: 10661K(10880K)->10661K(10880K) NonClass: 9396K(9536K)->9396K(9536K) Class: 1265K(1344K)->1265K(1344K)
[2025-08-01T03:38:57.095+0000] GC(337) Pause Young (Allocation Failure) 2769M->1921M(3959M) 277.682ms
[2025-08-01T03:38:57.095+0000] GC(337) User=0.28s Sys=0.00s Real=0.28s
[2025-08-01T03:38:57.312+0000] GC(338) Pause Young (Allocation Failure)
[2025-08-01T03:38:57.313+0000] GC(338) Pause Young (Allocation Failure) 3014M->3014M(3959M) 0.075ms
[2025-08-01T03:38:57.313+0000] GC(338) User=0.00s Sys=0.00s Real=0.00s
[2025-08-01T03:38:57.313+0000] GC(339) Pause Full (Allocation Failure)
[2025-08-01T03:38:57.313+0000] GC(339) Phase 1: Mark live objects
[2025-08-01T03:38:57.561+0000] GC(339) Phase 1: Mark live objects 248.149ms
[2025-08-01T03:38:57.561+0000] GC(339) Phase 2: Compute new object addresses
[2025-08-01T03:38:58.111+0000] GC(339) Phase 2: Compute new object addresses 549.903ms
[2025-08-01T03:38:58.111+0000] GC(339) Phase 3: Adjust pointers
[2025-08-01T03:38:58.335+0000] GC(339) Phase 3: Adjust pointers 224.479ms
[2025-08-01T03:38:58.335+0000] GC(339) Phase 4: Move objects
[2025-08-01T03:38:58.818+0000] GC(339) Phase 4: Move objects 483.051ms
[2025-08-01T03:38:58.820+0000] GC(339) DefNew: 1258303K(1258304K)->0K(1258304K) Eden: 1118528K(1118528K)->0K(1118528K) From: 139775K(139776K)->0K(139776K)
[2025-08-01T03:38:58.820+0000] GC(339) Tenured: 1828247K(2796224K)->1237141K(2796224K)
[2025-08-01T03:38:58.820+0000] GC(339) Metaspace: 10661K(10880K)->10661K(10880K) NonClass: 9396K(9536K)->9396K(9536K) Class: 1265K(1344K)->1265K(1344K)
[2025-08-01T03:38:58.820+0000] GC(339) Pause Full (Allocation Failure) 3014M->1208M(3959M) 1507.104ms
[2025-08-01T03:38:58.820+0000] GC(339) User=1.51s Sys=0.01s Real=1.51s
[2025-08-01T03:38:59.034+0000] GC(340) Pause Young (Allocation Failure)
[2025-08-01T03:38:59.447+0000] GC(340) DefNew: 1118528K(1258304K)->139775K(1258304K) Eden: 1118528K(1118528K)->0K(1118528K) From: 0K(139776K)->139775K(139776K)
[2025-08-01T03:38:59.447+0000] GC(340) Tenured: 1237141K(2796224K)->1747463K(2796224K)
[2025-08-01T03:38:59.447+0000] GC(340) Metaspace: 10661K(10880K)->10661K(10880K) NonClass: 9396K(9536K)->9396K(9536K) Class: 1265K(1344K)->1265K(1344K)
[2025-08-01T03:38:59.447+0000] GC(340) Pause Young (Allocation Failure) 2300M->1843M(3959M) 413.580ms
[2025-08-01T03:38:59.447+0000] GC(340) User=0.42s Sys=0.00s Real=0.41s
[2025-08-01T03:38:59.668+0000] GC(341) Pause Young (Allocation Failure)
[2025-08-01T03:39:00.268+0000] GC(341) DefNew: 1258303K(1258304K)->139775K(1258304K) Eden: 1118528K(1118528K)->0K(1118528K) From: 139775K(139776K)->139775K(139776K)
[2025-08-01T03:39:00.268+0000] GC(341) Tenured: 1747463K(2796224K)->2465742K(2796224K)
[2025-08-01T03:39:00.268+0000] GC(341) Metaspace: 10661K(10880K)->10661K(10880K) NonClass: 9396K(9536K)->9396K(9536K) Class: 1265K(1344K)->1265K(1344K)
[2025-08-01T03:39:00.268+0000] GC(341) Pause Young (Allocation Failure) 2935M->2544M(3959M) 599.689ms
[2025-08-01T03:39:00.268+0000] GC(341) User=0.57s Sys=0.03s Real=0.60s
[2025-08-01T03:39:00.487+0000] GC(342) Pause Young (Allocation Failure)
[2025-08-01T03:39:00.488+0000] GC(342) Pause Young (Allocation Failure) 3636M->3636M(3959M) 0.441ms
[2025-08-01T03:39:00.488+0000] GC(342) User=0.00s Sys=0.00s Real=0.00s
[2025-08-01T03:39:00.488+0000] GC(343) Pause Full (Allocation Failure)
[2025-08-01T03:39:00.488+0000] GC(343) Phase 1: Mark live objects
[2025-08-01T03:39:00.657+0000] GC(343) Phase 1: Mark live objects 168.574ms
[2025-08-01T03:39:00.657+0000] GC(343) Phase 2: Compute new object addresses
[2025-08-01T03:39:01.216+0000] GC(343) Phase 2: Compute new object addresses 558.679ms
[2025-08-01T03:39:01.216+0000] GC(343) Phase 3: Adjust pointers
[2025-08-01T03:39:01.334+0000] GC(343) Phase 3: Adjust pointers 118.445ms
[2025-08-01T03:39:01.334+0000] GC(343) Phase 4: Move objects
[2025-08-01T03:39:01.636+0000] GC(343) Phase 4: Move objects 302.115ms
[2025-08-01T03:39:01.638+0000] GC(343) DefNew: 1258303K(1258304K)->0K(1258304K) Eden: 1118528K(1118528K)->0K(1118528K) From: 139775K(139776K)->0K(139776K)
[2025-08-01T03:39:01.638+0000] GC(343) Tenured: 2465742K(2796224K)->873988K(2796224K)
[2025-08-01T03:39:01.638+0000] GC(343) Metaspace: 10661K(10880K)->10661K(10880K) NonClass: 9396K(9536K)->9396K(9536K) Class: 1265K(1344K)->1265K(1344K)
[2025-08-01T03:39:01.638+0000] GC(343) Pause Full (Allocation Failure) 3636M->853M(3959M) 1149.678ms
[2025-08-01T03:39:01.638+0000] GC(343) User=1.14s Sys=0.02s Real=1.15s
[2025-08-01T03:39:01.854+0000] GC(344) Pause Young (Allocation Failure)
[2025-08-01T03:39:02.090+0000] GC(344) DefNew: 1118528K(1258304K)->139775K(1258304K) Eden: 1118528K(1118528K)->0K(1118528K) From: 0K(139776K)->139775K(139776K)
[2025-08-01T03:39:02.090+0000] GC(344) Tenured: 873988K(2796224K)->1102227K(2796224K)
[2025-08-01T03:39:02.090+0000] GC(344) Metaspace: 10661K(10880K)->10661K(10880K) NonClass: 9396K(9536K)->9396K(9536K) Class: 1265K(1344K)->1265K(1344K)
[2025-08-01T03:39:02.090+0000] GC(344) Pause Young (Allocation Failure) 1945M->1212M(3959M) 235.867ms
[2025-08-01T03:39:02.090+0000] GC(344) User=0.24s Sys=0.00s Real=0.23s
[2025-08-01T03:39:02.299+0000] GC(345) Pause Young (Allocation Failure)
[2025-08-01T03:39:02.833+0000] GC(345) DefNew: 1258303K(1258304K)->139775K(1258304K) Eden: 1118528K(1118528K)->0K(1118528K) From: 139775K(139776K)->139775K(139776K)
[2025-08-01T03:39:02.833+0000] GC(345) Tenured: 1102227K(2796224K)->1985222K(2796224K)
[2025-08-01T03:39:02.833+0000] GC(345) Metaspace: 10661K(10880K)->10661K(10880K) NonClass: 9396K(9536K)->9396K(9536K) Class: 1265K(1344K)->1265K(1344K)
[2025-08-01T03:39:02.833+0000] GC(345) Pause Young (Allocation Failure) 2305M->2075M(3959M) 533.744ms
[2025-08-01T03:39:02.833+0000] GC(345) User=0.54s Sys=0.00s Real=0.53s
[2025-08-01T03:39:03.049+0000] GC(346) Pause Young (Allocation Failure)
[2025-08-01T03:39:03.049+0000] GC(346) Pause Young (Allocation Failure) 3167M->3167M(3959M) 0.125ms
[2025-08-01T03:39:03.049+0000] GC(346) User=0.00s Sys=0.00s Real=0.00s
[2025-08-01T03:39:03.049+0000] GC(347) Pause Full (Allocation Failure)
[2025-08-01T03:39:03.049+0000] GC(347) Phase 1: Mark live objects
[2025-08-01T03:39:03.199+0000] GC(347) Phase 1: Mark live objects 150.240ms
[2025-08-01T03:39:03.199+0000] GC(347) Phase 2: Compute new object addresses
[2025-08-01T03:39:03.595+0000] GC(347) Phase 2: Compute new object addresses 396.100ms
[2025-08-01T03:39:03.595+0000] GC(347) Phase 3: Adjust pointers
[2025-08-01T03:39:03.727+0000] GC(347) Phase 3: Adjust pointers 131.834ms
[2025-08-01T03:39:03.727+0000] GC(347) Phase 4: Move objects
[2025-08-01T03:39:04.036+0000] GC(347) Phase 4: Move objects 308.280ms
[2025-08-01T03:39:04.037+0000] GC(347) DefNew: 1258303K(1258304K)->0K(1258304K) Eden: 1118528K(1118528K)->0K(1118528K) From: 139775K(139776K)->0K(139776K)
[2025-08-01T03:39:04.037+0000] GC(347) Tenured: 1985222K(2796224K)->967813K(2796224K)
[2025-08-01T03:39:04.037+0000] GC(347) Metaspace: 10661K(10880K)->10661K(10880K) NonClass: 9396K(9536K)->9396K(9536K) Class: 1265K(1344K)->1265K(1344K)
[2025-08-01T03:39:04.037+0000] GC(347) Pause Full (Allocation Failure) 3167M->945M(3959M) 987.779ms
[2025-08-01T03:39:04.037+0000] GC(347) User=0.98s Sys=0.00s Real=0.99s
[2025-08-01T03:39:04.248+0000] GC(348) Pause Young (Allocation Failure)
[2025-08-01T03:39:04.730+0000] GC(348) DefNew: 1118528K(1258304K)->139775K(1258304K) Eden: 1118528K(1118528K)->0K(1118528K) From: 0K(139776K)->139775K(139776K)
[2025-08-01T03:39:04.730+0000] GC(348) Tenured: 967813K(2796224K)->1639603K(2796224K)
[2025-08-01T03:39:04.730+0000] GC(348) Metaspace: 10661K(10880K)->10661K(10880K) NonClass: 9396K(9536K)->9396K(9536K) Class: 1265K(1344K)->1265K(1344K)
[2025-08-01T03:39:04.730+0000] GC(348) Pause Young (Allocation Failure) 2037M->1737M(3959M) 482.137ms
[2025-08-01T03:39:04.730+0000] GC(348) User=0.48s Sys=0.01s Real=0.48s
[2025-08-01T03:39:04.941+0000] GC(349) Pause Young (Allocation Failure)
[2025-08-01T03:39:05.415+0000] GC(349) DefNew: 1258303K(1258304K)->139775K(1258304K) Eden: 1118528K(1118528K)->0K(1118528K) From: 139775K(139776K)->139775K(139776K)
[2025-08-01T03:39:05.415+0000] GC(349) Tenured: 1639603K(2796224K)->2218512K(2796224K)
[2025-08-01T03:39:05.415+0000] GC(349) Metaspace: 10661K(10880K)->10661K(10880K) NonClass: 9396K(9536K)->9396K(9536K) Class: 1265K(1344K)->1265K(1344K)
[2025-08-01T03:39:05.415+0000] GC(349) Pause Young (Allocation Failure) 2829M->2303M(3959M) 474.536ms
[2025-08-01T03:39:05.416+0000] GC(349) User=0.47s Sys=0.01s Real=0.48s
[2025-08-01T03:39:05.630+0000] GC(350) Pause Young (Allocation Failure)
[2025-08-01T03:39:05.631+0000] GC(350) Pause Young (Allocation Failure) 3395M->3395M(3959M) 0.134ms
[2025-08-01T03:39:05.631+0000] GC(350) User=0.00s Sys=0.00s Real=0.00s
[2025-08-01T03:39:05.631+0000] GC(351) Pause Full (Allocation Failure)
[2025-08-01T03:39:05.631+0000] GC(351) Phase 1: Mark live objects
[2025-08-01T03:39:05.728+0000] GC(351) Phase 1: Mark live objects 96.909ms
[2025-08-01T03:39:05.728+0000] GC(351) Phase 2: Compute new object addresses
[2025-08-01T03:39:06.170+0000] GC(351) Phase 2: Compute new object addresses 442.725ms
[2025-08-01T03:39:06.170+0000] GC(351) Phase 3: Adjust pointers
[2025-08-01T03:39:06.234+0000] GC(351) Phase 3: Adjust pointers 63.747ms
[2025-08-01T03:39:06.234+0000] GC(351) Phase 4: Move objects
[2025-08-01T03:39:06.400+0000] GC(351) Phase 4: Move objects 166.023ms
[2025-08-01T03:39:06.401+0000] GC(351) DefNew: 1258303K(1258304K)->0K(1258304K) Eden: 1118528K(1118528K)->0K(1118528K) From: 139775K(139776K)->0K(139776K)
[2025-08-01T03:39:06.401+0000] GC(351) Tenured: 2218512K(2796224K)->471790K(2796224K)
[2025-08-01T03:39:06.401+0000] GC(351) Metaspace: 10661K(10880K)->10661K(10880K) NonClass: 9396K(9536K)->9396K(9536K) Class: 1265K(1344K)->1265K(1344K)
[2025-08-01T03:39:06.401+0000] GC(351) Pause Full (Allocation Failure) 3395M->460M(3959M) 770.772ms
[2025-08-01T03:39:06.401+0000] GC(351) User=0.76s Sys=0.01s Real=0.77s
[2025-08-01T03:39:06.615+0000] GC(352) Pause Young (Allocation Failure)
[2025-08-01T03:39:07.287+0000] GC(352) DefNew: 1118528K(1258304K)->139775K(1258304K) Eden: 1118528K(1118528K)->0K(1118528K) From: 0K(139776K)->139775K(139776K)
[2025-08-01T03:39:07.287+0000] GC(352) Tenured: 471790K(2796224K)->1330649K(2796224K)
[2025-08-01T03:39:07.287+0000] GC(352) Metaspace: 10661K(10880K)->10661K(10880K) NonClass: 9396K(9536K)->9396K(9536K) Class: 1265K(1344K)->1265K(1344K)
[2025-08-01T03:39:07.287+0000] GC(352) Pause Young (Allocation Failure) 1553M->1435M(3959M) 672.116ms
[2025-08-01T03:39:07.287+0000] GC(352) User=0.67s Sys=0.01s Real=0.67s
[2025-08-01T03:39:07.503+0000] GC(353) Pause Young (Allocation Failure)
[2025-08-01T03:39:07.911+0000] GC(353) DefNew: 1258303K(1258304K)->139776K(1258304K) Eden: 1118528K(1118528K)->0K(1118528K) From: 139775K(139776K)->139776K(139776K)
[2025-08-01T03:39:07.911+0000] GC(353) Tenured: 1330649K(2796224K)->1842053K(2796224K)
[2025-08-01T03:39:07.911+0000] GC(353) Metaspace: 10661K(10880K)->10661K(10880K) NonClass: 9396K(9536K)->9396K(9536K) Class: 1265K(1344K)->1265K(1344K)
[2025-08-01T03:39:07.911+0000] GC(353) Pause Young (Allocation Failure) 2528M->1935M(3959M) 408.905ms
[2025-08-01T03:39:07.912+0000] GC(353) User=0.40s Sys=0.00s Real=0.41s
[2025-08-01T03:39:08.121+0000] GC(354) Pause Young (Allocation Failure)
[2025-08-01T03:39:08.121+0000] GC(354) Pause Young (Allocation Failure) 3027M->3027M(3959M) 0.126ms
[2025-08-01T03:39:08.121+0000] GC(354) User=0.00s Sys=0.00s Real=0.00s
[2025-08-01T03:39:08.121+0000] GC(355) Pause Full (Allocation Failure)
[2025-08-01T03:39:08.121+0000] GC(355) Phase 1: Mark live objects
[2025-08-01T03:39:08.313+0000] GC(355) Phase 1: Mark live objects 192.151ms
[2025-08-01T03:39:08.313+0000] GC(355) Phase 2: Compute new object addresses
[2025-08-01T03:39:08.765+0000] GC(355) Phase 2: Compute new object addresses 451.225ms
[2025-08-01T03:39:08.765+0000] GC(355) Phase 3: Adjust pointers
[2025-08-01T03:39:08.942+0000] GC(355) Phase 3: Adjust pointers 177.175ms
[2025-08-01T03:39:08.942+0000] GC(355) Phase 4: Move objects
[2025-08-01T03:39:09.359+0000] GC(355) Phase 4: Move objects 417.533ms
[2025-08-01T03:39:09.360+0000] GC(355) DefNew: 1258304K(1258304K)->0K(1258304K) Eden: 1118528K(1118528K)->0K(1118528K) From: 139776K(139776K)->0K(139776K)
[2025-08-01T03:39:09.360+0000] GC(355) Tenured: 1842053K(2796224K)->1140995K(2796224K)
[2025-08-01T03:39:09.360+0000] GC(355) Metaspace: 10661K(10880K)->10661K(10880K) NonClass: 9396K(9536K)->9396K(9536K) Class: 1265K(1344K)->1265K(1344K)
[2025-08-01T03:39:09.361+0000] GC(355) Pause Full (Allocation Failure) 3027M->1114M(3959M) 1239.452ms
[2025-08-01T03:39:09.361+0000] GC(355) User=1.24s Sys=0.00s Real=1.24s
[2025-08-01T03:39:09.575+0000] GC(356) Pause Young (Allocation Failure)
[2025-08-01T03:39:09.995+0000] GC(356) DefNew: 1118528K(1258304K)->139775K(1258304K) Eden: 1118528K(1118528K)->0K(1118528K) From: 0K(139776K)->139775K(139776K)
[2025-08-01T03:39:09.995+0000] GC(356) Tenured: 1140995K(2796224K)->1728863K(2796224K)
[2025-08-01T03:39:09.995+0000] GC(356) Metaspace: 10661K(10880K)->10661K(10880K) NonClass: 9396K(9536K)->9396K(9536K) Class: 1265K(1344K)->1265K(1344K)
[2025-08-01T03:39:09.995+0000] GC(356) Pause Young (Allocation Failure) 2206M->1824M(3959M) 419.973ms
[2025-08-01T03:39:09.995+0000] GC(356) User=0.41s Sys=0.01s Real=0.42s
[2025-08-01T03:39:10.205+0000] GC(357) Pause Young (Allocation Failure)
[2025-08-01T03:39:10.205+0000] GC(357) Pause Young (Allocation Failure) 2917M->2917M(3959M) 0.128ms
[2025-08-01T03:39:10.205+0000] GC(357) User=0.00s Sys=0.00s Real=0.00s
[2025-08-01T03:39:10.205+0000] GC(358) Pause Full (Allocation Failure)
[2025-08-01T03:39:10.205+0000] GC(358) Phase 1: Mark live objects
[2025-08-01T03:39:10.300+0000] GC(358) Phase 1: Mark live objects 94.751ms
[2025-08-01T03:39:10.300+0000] GC(358) Phase 2: Compute new object addresses
[2025-08-01T03:39:10.809+0000] GC(358) Phase 2: Compute new object addresses 509.584ms
[2025-08-01T03:39:10.809+0000] GC(358) Phase 3: Adjust pointers
[2025-08-01T03:39:10.914+0000] GC(358) Phase 3: Adjust pointers 104.699ms
[2025-08-01T03:39:10.914+0000] GC(358) Phase 4: Move objects
[2025-08-01T03:39:11.091+0000] GC(358) Phase 4: Move objects 176.636ms
[2025-08-01T03:39:11.092+0000] GC(358) DefNew: 1258303K(1258304K)->0K(1258304K) Eden: 1118528K(1118528K)->0K(1118528K) From: 139775K(139776K)->0K(139776K)
[2025-08-01T03:39:11.092+0000] GC(358) Tenured: 1728863K(2796224K)->591100K(2796224K)
[2025-08-01T03:39:11.092+0000] GC(358) Metaspace: 10661K(10880K)->10661K(10880K) NonClass: 9396K(9536K)->9396K(9536K) Class: 1265K(1344K)->1265K(1344K)
[2025-08-01T03:39:11.092+0000] GC(358) Pause Full (Allocation Failure) 2917M->577M(3959M) 887.059ms
[2025-08-01T03:39:11.092+0000] GC(358) User=0.88s Sys=0.01s Real=0.88s
[2025-08-01T03:39:11.303+0000] GC(359) Pause Young (Allocation Failure)
[2025-08-01T03:39:11.965+0000] GC(359) DefNew: 1118528K(1258304K)->139776K(1258304K) Eden: 1118528K(1118528K)->0K(1118528K) From: 0K(139776K)->139776K(139776K)
[2025-08-01T03:39:11.965+0000] GC(359) Tenured: 591100K(2796224K)->1457653K(2796224K)
[2025-08-01T03:39:11.965+0000] GC(359) Metaspace: 10661K(10880K)->10661K(10880K) NonClass: 9396K(9536K)->9396K(9536K) Class: 1265K(1344K)->1265K(1344K)
[2025-08-01T03:39:11.965+0000] GC(359) Pause Young (Allocation Failure) 1669M->1559M(3959M) 662.273ms
[2025-08-01T03:39:11.965+0000] GC(359) User=0.65s Sys=0.02s Real=0.66s
[2025-08-01T03:39:12.172+0000] GC(360) Pause Young (Allocation Failure)
[2025-08-01T03:39:12.596+0000] GC(360) DefNew: 1258304K(1258304K)->139775K(1258304K) Eden: 1118528K(1118528K)->0K(1118528K) From: 139776K(139776K)->139775K(139776K)
[2025-08-01T03:39:12.597+0000] GC(360) Tenured: 1457653K(2796224K)->1965232K(2796224K)
[2025-08-01T03:39:12.597+0000] GC(360) Metaspace: 10661K(10880K)->10661K(10880K) NonClass: 9396K(9536K)->9396K(9536K) Class: 1265K(1344K)->1265K(1344K)
[2025-08-01T03:39:12.597+0000] GC(360) Pause Young (Allocation Failure) 2652M->2055M(3959M) 424.663ms
[2025-08-01T03:39:12.597+0000] GC(360) User=0.42s Sys=0.01s Real=0.43s
[2025-08-01T03:39:12.808+0000] GC(361) Pause Young (Allocation Failure)
[2025-08-01T03:39:12.808+0000] GC(361) Pause Young (Allocation Failure) 3147M->3147M(3959M) 0.141ms
[2025-08-01T03:39:12.808+0000] GC(361) User=0.00s Sys=0.00s Real=0.00s
[2025-08-01T03:39:12.808+0000] GC(362) Pause Full (Allocation Failure)
[2025-08-01T03:39:12.808+0000] GC(362) Phase 1: Mark live objects
[2025-08-01T03:39:13.006+0000] GC(362) Phase 1: Mark live objects 198.130ms
[2025-08-01T03:39:13.006+0000] GC(362) Phase 2: Compute new object addresses
[2025-08-01T03:39:13.418+0000] GC(362) Phase 2: Compute new object addresses 412.402ms
[2025-08-01T03:39:13.418+0000] GC(362) Phase 3: Adjust pointers
[2025-08-01T03:39:13.501+0000] GC(362) Phase 3: Adjust pointers 82.820ms
[2025-08-01T03:39:13.502+0000] GC(362) Phase 4: Move objects
[2025-08-01T03:39:13.868+0000] GC(362) Phase 4: Move objects 366.772ms
[2025-08-01T03:39:13.870+0000] GC(362) DefNew: 1258303K(1258304K)->0K(1258304K) Eden: 1118528K(1118528K)->0K(1118528K) From: 139775K(139776K)->0K(139776K)
[2025-08-01T03:39:13.870+0000] GC(362) Tenured: 1965232K(2796224K)->1152989K(2796224K)
[2025-08-01T03:39:13.870+0000] GC(362) Metaspace: 10661K(10880K)->10661K(10880K) NonClass: 9396K(9536K)->9396K(9536K) Class: 1265K(1344K)->1265K(1344K)
[2025-08-01T03:39:13.870+0000] GC(362) Pause Full (Allocation Failure) 3147M->1125M(3959M) 1062.452ms
[2025-08-01T03:39:13.870+0000] GC(362) User=1.05s Sys=0.01s Real=1.06s
[2025-08-01T03:39:14.081+0000] GC(363) Pause Young (Allocation Failure)
[2025-08-01T03:39:14.538+0000] GC(363) DefNew: 1118528K(1258304K)->139775K(1258304K) Eden: 1118528K(1118528K)->0K(1118528K) From: 0K(139776K)->139775K(139776K)
[2025-08-01T03:39:14.538+0000] GC(363) Tenured: 1152989K(2796224K)->1744696K(2796224K)
[2025-08-01T03:39:14.538+0000] GC(363) Metaspace: 10661K(10880K)->10661K(10880K) NonClass: 9396K(9536K)->9396K(9536K) Class: 1265K(1344K)->1265K(1344K)
[2025-08-01T03:39:14.538+0000] GC(363) Pause Young (Allocation Failure) 2218M->1840M(3959M) 457.515ms
[2025-08-01T03:39:14.538+0000] GC(363) User=0.45s Sys=0.00s Real=0.46s
[2025-08-01T03:39:14.765+0000] GC(364) Pause Young (Allocation Failure)
[2025-08-01T03:39:14.765+0000] GC(364) Pause Young (Allocation Failure) 2932M->2932M(3959M) 0.076ms
[2025-08-01T03:39:14.765+0000] GC(364) User=0.00s Sys=0.00s Real=0.00s
[2025-08-01T03:39:14.765+0000] GC(365) Pause Full (Allocation Failure)
[2025-08-01T03:39:14.765+0000] GC(365) Phase 1: Mark live objects
[2025-08-01T03:39:14.857+0000] GC(365) Phase 1: Mark live objects 91.461ms
[2025-08-01T03:39:14.857+0000] GC(365) Phase 2: Compute new object addresses
[2025-08-01T03:39:15.271+0000] GC(365) Phase 2: Compute new object addresses 414.658ms
[2025-08-01T03:39:15.272+0000] GC(365) Phase 3: Adjust pointers
[2025-08-01T03:39:15.345+0000] GC(365) Phase 3: Adjust pointers 73.388ms
[2025-08-01T03:39:15.345+0000] GC(365) Phase 4: Move objects
[2025-08-01T03:39:15.518+0000] GC(365) Phase 4: Move objects 172.842ms
[2025-08-01T03:39:15.519+0000] GC(365) DefNew: 1258303K(1258304K)->0K(1258304K) Eden: 1118528K(1118528K)->0K(1118528K) From: 139775K(139776K)->0K(139776K)
[2025-08-01T03:39:15.519+0000] GC(365) Tenured: 1744696K(2796224K)->485335K(2796224K)
[2025-08-01T03:39:15.519+0000] GC(365) Metaspace: 10661K(10880K)->10661K(10880K) NonClass: 9396K(9536K)->9396K(9536K) Class: 1265K(1344K)->1265K(1344K)
[2025-08-01T03:39:15.519+0000] GC(365) Pause Full (Allocation Failure) 2932M->473M(3959M) 753.757ms
[2025-08-01T03:39:15.519+0000] GC(365) User=0.75s Sys=0.00s Real=0.75s
[2025-08-01T03:39:15.733+0000] GC(366) Pause Young (Allocation Failure)
[2025-08-01T03:39:16.384+0000] GC(366) DefNew: 1118528K(1258304K)->139775K(1258304K) Eden: 1118528K(1118528K)->0K(1118528K) From: 0K(139776K)->139775K(139776K)
[2025-08-01T03:39:16.385+0000] GC(366) Tenured: 485335K(2796224K)->1356990K(2796224K)
[2025-08-01T03:39:16.385+0000] GC(366) Metaspace: 10661K(10880K)->10661K(10880K) NonClass: 9396K(9536K)->9396K(9536K) Class: 1265K(1344K)->1265K(1344K)
[2025-08-01T03:39:16.385+0000] GC(366) Pause Young (Allocation Failure) 1566M->1461M(3959M) 652.831ms
[2025-08-01T03:39:16.386+0000] GC(366) User=0.64s Sys=0.01s Real=0.66s
[2025-08-01T03:39:16.596+0000] GC(367) Pause Young (Allocation Failure)
[2025-08-01T03:39:16.988+0000] GC(367) DefNew: 1258303K(1258304K)->139775K(1258304K) Eden: 1118528K(1118528K)->0K(1118528K) From: 139775K(139776K)->139775K(139776K)
[2025-08-01T03:39:16.988+0000] GC(367) Tenured: 1356990K(2796224K)->1868482K(2796224K)
[2025-08-01T03:39:16.988+0000] GC(367) Metaspace: 10661K(10880K)->10661K(10880K) NonClass: 9396K(9536K)->9396K(9536K) Class: 1265K(1344K)->1265K(1344K)
[2025-08-01T03:39:16.988+0000] GC(367) Pause Young (Allocation Failure) 2553M->1961M(3959M) 392.619ms
[2025-08-01T03:39:16.988+0000] GC(367) User=0.38s Sys=0.01s Real=0.39s
[2025-08-01T03:39:17.195+0000] GC(368) Pause Young (Allocation Failure)
[2025-08-01T03:39:17.195+0000] GC(368) Pause Young (Allocation Failure) 3053M->3053M(3959M) 0.073ms
[2025-08-01T03:39:17.195+0000] GC(368) User=0.00s Sys=0.00s Real=0.00s
[2025-08-01T03:39:17.195+0000] GC(369) Pause Full (Allocation Failure)
[2025-08-01T03:39:17.195+0000] GC(369) Phase 1: Mark live objects
[2025-08-01T03:39:17.400+0000] GC(369) Phase 1: Mark live objects 205.386ms
[2025-08-01T03:39:17.401+0000] GC(369) Phase 2: Compute new object addresses
[2025-08-01T03:39:17.828+0000] GC(369) Phase 2: Compute new object addresses 426.971ms
[2025-08-01T03:39:17.828+0000] GC(369) Phase 3: Adjust pointers
[2025-08-01T03:39:18.009+0000] GC(369) Phase 3: Adjust pointers 181.168ms
[2025-08-01T03:39:18.009+0000] GC(369) Phase 4: Move objects
[2025-08-01T03:39:18.419+0000] GC(369) Phase 4: Move objects 409.836ms
[2025-08-01T03:39:18.420+0000] GC(369) DefNew: 1258303K(1258304K)->0K(1258304K) Eden: 1118528K(1118528K)->0K(1118528K) From: 139775K(139776K)->0K(139776K)
[2025-08-01T03:39:18.420+0000] GC(369) Tenured: 1868482K(2796224K)->1163686K(2796224K)
[2025-08-01T03:39:18.420+0000] GC(369) Metaspace: 10661K(10880K)->10661K(10880K) NonClass: 9396K(9536K)->9396K(9536K) Class: 1265K(1344K)->1265K(1344K)
[2025-08-01T03:39:18.420+0000] GC(369) Pause Full (Allocation Failure) 3053M->1136M(3959M) 1225.279ms
[2025-08-01T03:39:18.420+0000] GC(369) User=1.22s Sys=0.01s Real=1.22s
[2025-08-01T03:39:18.636+0000] GC(370) Pause Young (Allocation Failure)
[2025-08-01T03:39:19.109+0000] GC(370) DefNew: 1118528K(1258304K)->139776K(1258304K) Eden: 1118528K(1118528K)->0K(1118528K) From: 0K(139776K)->139776K(139776K)
[2025-08-01T03:39:19.109+0000] GC(370) Tenured: 1163686K(2796224K)->1763048K(2796224K)
[2025-08-01T03:39:19.109+0000] GC(370) Metaspace: 10661K(10880K)->10661K(10880K) NonClass: 9396K(9536K)->9396K(9536K) Class: 1265K(1344K)->1265K(1344K)
[2025-08-01T03:39:19.109+0000] GC(370) Pause Young (Allocation Failure) 2228M->1858M(3959M) 472.866ms
[2025-08-01T03:39:19.109+0000] GC(370) User=0.47s Sys=0.00s Real=0.47s
[2025-08-01T03:39:19.323+0000] GC(371) Pause Young (Allocation Failure)
[2025-08-01T03:39:19.323+0000] GC(371) Pause Young (Allocation Failure) 2950M->2950M(3959M) 0.109ms
[2025-08-01T03:39:19.323+0000] GC(371) User=0.01s Sys=0.00s Real=0.00s
[2025-08-01T03:39:19.323+0000] GC(372) Pause Full (Allocation Failure)
[2025-08-01T03:39:19.323+0000] GC(372) Phase 1: Mark live objects
[2025-08-01T03:39:19.496+0000] GC(372) Phase 1: Mark live objects 172.528ms
[2025-08-01T03:39:19.496+0000] GC(372) Phase 2: Compute new object addresses
[2025-08-01T03:39:19.970+0000] GC(372) Phase 2: Compute new object addresses 473.768ms
[2025-08-01T03:39:19.970+0000] GC(372) Phase 3: Adjust pointers
[2025-08-01T03:39:20.123+0000] GC(372) Phase 3: Adjust pointers 153.739ms
[2025-08-01T03:39:20.123+0000] GC(372) Phase 4: Move objects
[2025-08-01T03:39:20.515+0000] GC(372) Phase 4: Move objects 391.907ms
[2025-08-01T03:39:20.516+0000] GC(372) DefNew: 1258304K(1258304K)->0K(1258304K) Eden: 1118528K(1118528K)->0K(1118528K) From: 139776K(139776K)->0K(139776K)
[2025-08-01T03:39:20.517+0000] GC(372) Tenured: 1763048K(2796224K)->1075536K(2796224K)
[2025-08-01T03:39:20.517+0000] GC(372) Metaspace: 10661K(10880K)->10661K(10880K) NonClass: 9396K(9536K)->9396K(9536K) Class: 1265K(1344K)->1265K(1344K)
[2025-08-01T03:39:20.517+0000] GC(372) Pause Full (Allocation Failure) 2950M->1050M(3959M) 1193.489ms
[2025-08-01T03:39:20.517+0000] GC(372) User=1.18s Sys=0.01s Real=1.19s
[2025-08-01T03:39:20.736+0000] GC(373) Pause Young (Allocation Failure)
[2025-08-01T03:39:21.405+0000] GC(373) DefNew: 1118528K(1258304K)->139775K(1258304K) Eden: 1118528K(1118528K)->0K(1118528K) From: 0K(139776K)->139775K(139776K)
[2025-08-01T03:39:21.405+0000] GC(373) Tenured: 1075536K(2796224K)->1952048K(2796224K)
[2025-08-01T03:39:21.405+0000] GC(373) Metaspace: 10661K(10880K)->10661K(10880K) NonClass: 9396K(9536K)->9396K(9536K) Class: 1265K(1344K)->1265K(1344K)
[2025-08-01T03:39:21.405+0000] GC(373) Pause Young (Allocation Failure) 2142M->2042M(3959M) 669.833ms
[2025-08-01T03:39:21.405+0000] GC(373) User=0.67s Sys=0.00s Real=0.67s
[2025-08-01T03:39:21.614+0000] GC(374) Pause Young (Allocation Failure)
[2025-08-01T03:39:21.614+0000] GC(374) Pause Young (Allocation Failure) 3135M->3135M(3959M) 0.084ms
[2025-08-01T03:39:21.614+0000] GC(374) User=0.00s Sys=0.00s Real=0.00s
[2025-08-01T03:39:21.614+0000] GC(375) Pause Full (Allocation Failure)
[2025-08-01T03:39:21.614+0000] GC(375) Phase 1: Mark live objects
[2025-08-01T03:39:21.704+0000] GC(375) Phase 1: Mark live objects 89.498ms
[2025-08-01T03:39:21.704+0000] GC(375) Phase 2: Compute new object addresses
[2025-08-01T03:39:22.179+0000] GC(375) Phase 2: Compute new object addresses 475.601ms
[2025-08-01T03:39:22.179+0000] GC(375) Phase 3: Adjust pointers
[2025-08-01T03:39:22.239+0000] GC(375) Phase 3: Adjust pointers 59.651ms
[2025-08-01T03:39:22.239+0000] GC(375) Phase 4: Move objects
[2025-08-01T03:39:22.378+0000] GC(375) Phase 4: Move objects 138.537ms
[2025-08-01T03:39:22.379+0000] GC(375) DefNew: 1258303K(1258304K)->0K(1258304K) Eden: 1118528K(1118528K)->0K(1118528K) From: 139775K(139776K)->0K(139776K)
[2025-08-01T03:39:22.379+0000] GC(375) Tenured: 1952048K(2796224K)->525471K(2796224K)
[2025-08-01T03:39:22.379+0000] GC(375) Metaspace: 10661K(10880K)->10661K(10880K) NonClass: 9396K(9536K)->9396K(9536K) Class: 1265K(1344K)->1265K(1344K)
[2025-08-01T03:39:22.379+0000] GC(375) Pause Full (Allocation Failure) 3135M->513M(3959M) 765.103ms
[2025-08-01T03:39:22.379+0000] GC(375) User=0.76s Sys=0.01s Real=0.76s
[2025-08-01T03:39:22.587+0000] GC(376) Pause Young (Allocation Failure)
[2025-08-01T03:39:23.196+0000] GC(376) DefNew: 1118528K(1258304K)->139775K(1258304K) Eden: 1118528K(1118528K)->0K(1118528K) From: 0K(139776K)->139775K(139776K)
[2025-08-01T03:39:23.196+0000] GC(376) Tenured: 525471K(2796224K)->1217904K(2796224K)
[2025-08-01T03:39:23.196+0000] GC(376) Metaspace: 10661K(10880K)->10661K(10880K) NonClass: 9396K(9536K)->9396K(9536K) Class: 1265K(1344K)->1265K(1344K)
[2025-08-01T03:39:23.197+0000] GC(376) Pause Young (Allocation Failure) 1605M->1325M(3959M) 609.391ms
[2025-08-01T03:39:23.197+0000] GC(376) User=0.61s Sys=0.01s Real=0.61s
[2025-08-01T03:39:23.399+0000] GC(377) Pause Young (Allocation Failure)
[2025-08-01T03:39:23.900+0000] GC(377) DefNew: 1258303K(1258304K)->139775K(1258304K) Eden: 1118528K(1118528K)->0K(1118528K) From: 139775K(139776K)->139775K(139776K)
[2025-08-01T03:39:23.900+0000] GC(377) Tenured: 1217904K(2796224K)->1816729K(2796224K)
[2025-08-01T03:39:23.900+0000] GC(377) Metaspace: 10661K(10880K)->10661K(10880K) NonClass: 9396K(9536K)->9396K(9536K) Class: 1265K(1344K)->1265K(1344K)
[2025-08-01T03:39:23.900+0000] GC(377) Pause Young (Allocation Failure) 2418M->1910M(3959M) 500.870ms
[2025-08-01T03:39:23.900+0000] GC(377) User=0.50s Sys=0.00s Real=0.50s
[2025-08-01T03:39:24.110+0000] GC(378) Pause Young (Allocation Failure)
[2025-08-01T03:39:24.110+0000] GC(378) Pause Young (Allocation Failure) 3002M->3002M(3959M) 0.148ms
[2025-08-01T03:39:24.110+0000] GC(378) User=0.00s Sys=0.00s Real=0.00s
[2025-08-01T03:39:24.110+0000] GC(379) Pause Full (Allocation Failure)
[2025-08-01T03:39:24.110+0000] GC(379) Phase 1: Mark live objects
[2025-08-01T03:39:24.197+0000] GC(379) Phase 1: Mark live objects 86.812ms
[2025-08-01T03:39:24.197+0000] GC(379) Phase 2: Compute new object addresses
[2025-08-01T03:39:24.660+0000] GC(379) Phase 2: Compute new object addresses 463.012ms
[2025-08-01T03:39:24.660+0000] GC(379) Phase 3: Adjust pointers
[2025-08-01T03:39:24.749+0000] GC(379) Phase 3: Adjust pointers 88.111ms
[2025-08-01T03:39:24.749+0000] GC(379) Phase 4: Move objects
[2025-08-01T03:39:24.960+0000] GC(379) Phase 4: Move objects 211.531ms
[2025-08-01T03:39:24.962+0000] GC(379) DefNew: 1258303K(1258304K)->0K(1258304K) Eden: 1118528K(1118528K)->0K(1118528K) From: 139775K(139776K)->0K(139776K)
[2025-08-01T03:39:24.962+0000] GC(379) Tenured: 1816729K(2796224K)->490381K(2796224K)
[2025-08-01T03:39:24.962+0000] GC(379) Metaspace: 10661K(10880K)->10661K(10880K) NonClass: 9396K(9536K)->9396K(9536K) Class: 1265K(1344K)->1265K(1344K)
[2025-08-01T03:39:24.962+0000] GC(379) Pause Full (Allocation Failure) 3002M->478M(3959M) 851.465ms
[2025-08-01T03:39:24.962+0000] GC(379) User=0.84s Sys=0.01s Real=0.85s
[2025-08-01T03:39:25.171+0000] GC(380) Pause Young (Allocation Failure)
[2025-08-01T03:39:25.816+0000] GC(380) DefNew: 1118528K(1258304K)->139775K(1258304K) Eden: 1118528K(1118528K)->0K(1118528K) From: 0K(139776K)->139775K(139776K)
[2025-08-01T03:39:25.816+0000] GC(380) Tenured: 490381K(2796224K)->1366374K(2796224K)
[2025-08-01T03:39:25.817+0000] GC(380) Metaspace: 10661K(10880K)->10661K(10880K) NonClass: 9396K(9536K)->9396K(9536K) Class: 1265K(1344K)->1265K(1344K)
[2025-08-01T03:39:25.817+0000] GC(380) Pause Young (Allocation Failure) 1571M->1470M(3959M) 645.257ms
[2025-08-01T03:39:25.817+0000] GC(380) User=0.65s Sys=0.01s Real=0.65s
[2025-08-01T03:39:26.066+0000] GC(381) Pause Young (Allocation Failure)
[2025-08-01T03:39:26.306+0000] GC(381) DefNew: 1258303K(1258304K)->139775K(1258304K) Eden: 1118528K(1118528K)->0K(1118528K) From: 139775K(139776K)->139775K(139776K)
[2025-08-01T03:39:26.306+0000] GC(381) Tenured: 1366374K(2796224K)->1596232K(2796224K)
[2025-08-01T03:39:26.306+0000] GC(381) Metaspace: 10661K(10880K)->10661K(10880K) NonClass: 9396K(9536K)->9396K(9536K) Class: 1265K(1344K)->1265K(1344K)
[2025-08-01T03:39:26.306+0000] GC(381) Pause Young (Allocation Failure) 2563M->1695M(3959M) 240.218ms
[2025-08-01T03:39:26.306+0000] GC(381) User=0.24s Sys=0.01s Real=0.24s
[2025-08-01T03:39:26.521+0000] GC(382) Pause Young (Allocation Failure)
[2025-08-01T03:39:26.521+0000] GC(382) Pause Young (Allocation Failure) 2787M->2787M(3959M) 0.078ms
[2025-08-01T03:39:26.521+0000] GC(382) User=0.00s Sys=0.00s Real=0.00s
[2025-08-01T03:39:26.521+0000] GC(383) Pause Full (Allocation Failure)
[2025-08-01T03:39:26.521+0000] GC(383) Phase 1: Mark live objects
[2025-08-01T03:39:26.749+0000] GC(383) Phase 1: Mark live objects 227.915ms
[2025-08-01T03:39:26.749+0000] GC(383) Phase 2: Compute new object addresses
[2025-08-01T03:39:27.213+0000] GC(383) Phase 2: Compute new object addresses 463.776ms
[2025-08-01T03:39:27.213+0000] GC(383) Phase 3: Adjust pointers
[2025-08-01T03:39:27.401+0000] GC(383) Phase 3: Adjust pointers 187.935ms
[2025-08-01T03:39:27.401+0000] GC(383) Phase 4: Move objects
[2025-08-01T03:39:27.815+0000] GC(383) Phase 4: Move objects 413.888ms
[2025-08-01T03:39:27.816+0000] GC(383) DefNew: 1258303K(1258304K)->0K(1258304K) Eden: 1118528K(1118528K)->0K(1118528K) From: 139775K(139776K)->0K(139776K)
[2025-08-01T03:39:27.816+0000] GC(383) Tenured: 1596232K(2796224K)->1182056K(2796224K)
[2025-08-01T03:39:27.816+0000] GC(383) Metaspace: 10661K(10880K)->10661K(10880K) NonClass: 9396K(9536K)->9396K(9536K) Class: 1265K(1344K)->1265K(1344K)
[2025-08-01T03:39:27.816+0000] GC(383) Pause Full (Allocation Failure) 2787M->1154M(3959M) 1295.162ms
[2025-08-01T03:39:27.816+0000] GC(383) User=1.29s Sys=0.01s Real=1.30s
[2025-08-01T03:39:28.024+0000] GC(384) Pause Young (Allocation Failure)
[2025-08-01T03:39:28.473+0000] GC(384) DefNew: 1118528K(1258304K)->139776K(1258304K) Eden: 1118528K(1118528K)->0K(1118528K) From: 0K(139776K)->139776K(139776K)
[2025-08-01T03:39:28.473+0000] GC(384) Tenured: 1182056K(2796224K)->1781415K(2796224K)
[2025-08-01T03:39:28.473+0000] GC(384) Metaspace: 10661K(10880K)->10661K(10880K) NonClass: 9396K(9536K)->9396K(9536K) Class: 1265K(1344K)->1265K(1344K)
[2025-08-01T03:39:28.473+0000] GC(384) Pause Young (Allocation Failure) 2246M->1876M(3959M) 449.129ms
[2025-08-01T03:39:28.473+0000] GC(384) User=0.45s Sys=0.00s Real=0.45s
[2025-08-01T03:39:28.693+0000] GC(385) Pause Young (Allocation Failure)
[2025-08-01T03:39:28.693+0000] GC(385) Pause Young (Allocation Failure) 2968M->2968M(3959M) 0.076ms
[2025-08-01T03:39:28.693+0000] GC(385) User=0.00s Sys=0.00s Real=0.00s
[2025-08-01T03:39:28.693+0000] GC(386) Pause Full (Allocation Failure)
[2025-08-01T03:39:28.693+0000] GC(386) Phase 1: Mark live objects
[2025-08-01T03:39:28.877+0000] GC(386) Phase 1: Mark live objects 183.705ms
[2025-08-01T03:39:28.877+0000] GC(386) Phase 2: Compute new object addresses
[2025-08-01T03:39:29.317+0000] GC(386) Phase 2: Compute new object addresses 440.340ms
[2025-08-01T03:39:29.317+0000] GC(386) Phase 3: Adjust pointers
[2025-08-01T03:39:29.497+0000] GC(386) Phase 3: Adjust pointers 179.912ms
[2025-08-01T03:39:29.497+0000] GC(386) Phase 4: Move objects
[2025-08-01T03:39:29.878+0000] GC(386) Phase 4: Move objects 380.765ms
[2025-08-01T03:39:29.879+0000] GC(386) DefNew: 1258304K(1258304K)->0K(1258304K) Eden: 1118528K(1118528K)->0K(1118528K) From: 139776K(139776K)->0K(139776K)
[2025-08-01T03:39:29.879+0000] GC(386) Tenured: 1781415K(2796224K)->1089803K(2796224K)
[2025-08-01T03:39:29.879+0000] GC(386) Metaspace: 10661K(10880K)->10661K(10880K) NonClass: 9396K(9536K)->9396K(9536K) Class: 1265K(1344K)->1265K(1344K)
[2025-08-01T03:39:29.879+0000] GC(386) Pause Full (Allocation Failure) 2968M->1064M(3959M) 1186.145ms
[2025-08-01T03:39:29.879+0000] GC(386) User=1.19s Sys=0.00s Real=1.18s
[2025-08-01T03:39:30.097+0000] GC(387) Pause Young (Allocation Failure)
[2025-08-01T03:39:30.774+0000] GC(387) DefNew: 1118528K(1258304K)->139776K(1258304K) Eden: 1118528K(1118528K)->0K(1118528K) From: 0K(139776K)->139776K(139776K)
[2025-08-01T03:39:30.774+0000] GC(387) Tenured: 1089803K(2796224K)->1966313K(2796224K)
[2025-08-01T03:39:30.774+0000] GC(387) Metaspace: 10661K(10880K)->10661K(10880K) NonClass: 9396K(9536K)->9396K(9536K) Class: 1265K(1344K)->1265K(1344K)
[2025-08-01T03:39:30.775+0000] GC(387) Pause Young (Allocation Failure) 2156M->2056M(3959M) 677.439ms
[2025-08-01T03:39:30.775+0000] GC(387) User=0.68s Sys=0.00s Real=0.68s
[2025-08-01T03:39:30.990+0000] GC(388) Pause Young (Allocation Failure)
[2025-08-01T03:39:30.990+0000] GC(388) Pause Young (Allocation Failure) 3149M->3149M(3959M) 0.091ms
[2025-08-01T03:39:30.990+0000] GC(388) User=0.00s Sys=0.00s Real=0.00s
[2025-08-01T03:39:30.990+0000] GC(389) Pause Full (Allocation Failure)
[2025-08-01T03:39:30.990+0000] GC(389) Phase 1: Mark live objects
[2025-08-01T03:39:31.071+0000] GC(389) Phase 1: Mark live objects 81.292ms
[2025-08-01T03:39:31.072+0000] GC(389) Phase 2: Compute new object addresses
[2025-08-01T03:39:31.585+0000] GC(389) Phase 2: Compute new object addresses 513.373ms
[2025-08-01T03:39:31.585+0000] GC(389) Phase 3: Adjust pointers
[2025-08-01T03:39:31.659+0000] GC(389) Phase 3: Adjust pointers 73.601ms
[2025-08-01T03:39:31.659+0000] GC(389) Phase 4: Move objects
[2025-08-01T03:39:31.815+0000] GC(389) Phase 4: Move objects 156.640ms
[2025-08-01T03:39:31.816+0000] GC(389) DefNew: 1258304K(1258304K)->0K(1258304K) Eden: 1118528K(1118528K)->0K(1118528K) From: 139776K(139776K)->0K(139776K)
[2025-08-01T03:39:31.816+0000] GC(389) Tenured: 1966313K(2796224K)->535642K(2796224K)
[2025-08-01T03:39:31.816+0000] GC(389) Metaspace: 10661K(10880K)->10661K(10880K) NonClass: 9396K(9536K)->9396K(9536K) Class: 1265K(1344K)->1265K(1344K)
[2025-08-01T03:39:31.816+0000] GC(389) Pause Full (Allocation Failure) 3149M->523M(3959M) 826.151ms
[2025-08-01T03:39:31.816+0000] GC(389) User=0.83s Sys=0.00s Real=0.83s
[2025-08-01T03:39:32.027+0000] GC(390) Pause Young (Allocation Failure)
[2025-08-01T03:39:32.499+0000] GC(390) DefNew: 1118528K(1258304K)->139776K(1258304K) Eden: 1118528K(1118528K)->0K(1118528K) From: 0K(139776K)->139776K(139776K)
[2025-08-01T03:39:32.499+0000] GC(390) Tenured: 535642K(2796224K)->1227920K(2796224K)
[2025-08-01T03:39:32.499+0000] GC(390) Metaspace: 10661K(10880K)->10661K(10880K) NonClass: 9396K(9536K)->9396K(9536K) Class: 1265K(1344K)->1265K(1344K)
[2025-08-01T03:39:32.499+0000] GC(390) Pause Young (Allocation Failure) 1615M->1335M(3959M) 471.969ms
[2025-08-01T03:39:32.500+0000] GC(390) User=0.47s Sys=0.00s Real=0.47s
[2025-08-01T03:39:32.724+0000] GC(391) Pause Young (Allocation Failure)
[2025-08-01T03:39:33.226+0000] GC(391) DefNew: 1258304K(1258304K)->139775K(1258304K) Eden: 1118528K(1118528K)->0K(1118528K) From: 139776K(139776K)->139775K(139776K)
[2025-08-01T03:39:33.226+0000] GC(391) Tenured: 1227920K(2796224K)->1826766K(2796224K)
[2025-08-01T03:39:33.226+0000] GC(391) Metaspace: 10661K(10880K)->10661K(10880K) NonClass: 9396K(9536K)->9396K(9536K) Class: 1265K(1344K)->1265K(1344K)
[2025-08-01T03:39:33.226+0000] GC(391) Pause Young (Allocation Failure) 2427M->1920M(3959M) 501.514ms
[2025-08-01T03:39:33.226+0000] GC(391) User=0.50s Sys=0.01s Real=0.50s
[2025-08-01T03:39:33.437+0000] GC(392) Pause Young (Allocation Failure)
[2025-08-01T03:39:33.437+0000] GC(392) Pause Young (Allocation Failure) 3012M->3012M(3959M) 0.073ms
[2025-08-01T03:39:33.437+0000] GC(392) User=0.00s Sys=0.00s Real=0.00s
[2025-08-01T03:39:33.437+0000] GC(393) Pause Full (Allocation Failure)
[2025-08-01T03:39:33.437+0000] GC(393) Phase 1: Mark live objects
[2025-08-01T03:39:33.521+0000] GC(393) Phase 1: Mark live objects 84.028ms
[2025-08-01T03:39:33.521+0000] GC(393) Phase 2: Compute new object addresses
[2025-08-01T03:39:33.962+0000] GC(393) Phase 2: Compute new object addresses 440.425ms
[2025-08-01T03:39:33.962+0000] GC(393) Phase 3: Adjust pointers
[2025-08-01T03:39:34.041+0000] GC(393) Phase 3: Adjust pointers 78.521ms
[2025-08-01T03:39:34.041+0000] GC(393) Phase 4: Move objects
[2025-08-01T03:39:34.232+0000] GC(393) Phase 4: Move objects 191.304ms
[2025-08-01T03:39:34.233+0000] GC(393) DefNew: 1258303K(1258304K)->0K(1258304K) Eden: 1118528K(1118528K)->0K(1118528K) From: 139775K(139776K)->0K(139776K)
[2025-08-01T03:39:34.233+0000] GC(393) Tenured: 1826766K(2796224K)->491120K(2796224K)
[2025-08-01T03:39:34.233+0000] GC(393) Metaspace: 10661K(10880K)->10661K(10880K) NonClass: 9396K(9536K)->9396K(9536K) Class: 1265K(1344K)->1265K(1344K)
[2025-08-01T03:39:34.233+0000] GC(393) Pause Full (Allocation Failure) 3012M->479M(3959M) 795.865ms
[2025-08-01T03:39:34.233+0000] GC(393) User=0.79s Sys=0.00s Real=0.80s
[2025-08-01T03:39:34.439+0000] GC(394) Pause Young (Allocation Failure)
[2025-08-01T03:39:35.109+0000] GC(394) DefNew: 1118528K(1258304K)->139776K(1258304K) Eden: 1118528K(1118528K)->0K(1118528K) From: 0K(139776K)->139776K(139776K)
[2025-08-01T03:39:35.109+0000] GC(394) Tenured: 491120K(2796224K)->1367093K(2796224K)
[2025-08-01T03:39:35.109+0000] GC(394) Metaspace: 10661K(10880K)->10661K(10880K) NonClass: 9396K(9536K)->9396K(9536K) Class: 1265K(1344K)->1265K(1344K)
[2025-08-01T03:39:35.109+0000] GC(394) Pause Young (Allocation Failure) 1571M->1471M(3959M) 669.314ms
[2025-08-01T03:39:35.109+0000] GC(394) User=0.67s Sys=0.00s Real=0.67s
[2025-08-01T03:39:35.318+0000] GC(395) Pause Young (Allocation Failure)
[2025-08-01T03:39:35.542+0000] GC(395) DefNew: 1258304K(1258304K)->139775K(1258304K) Eden: 1118528K(1118528K)->0K(1118528K) From: 139776K(139776K)->139775K(139776K)
[2025-08-01T03:39:35.542+0000] GC(395) Tenured: 1367093K(2796224K)->1596940K(2796224K)
[2025-08-01T03:39:35.542+0000] GC(395) Metaspace: 10661K(10880K)->10661K(10880K) NonClass: 9396K(9536K)->9396K(9536K) Class: 1265K(1344K)->1265K(1344K)
[2025-08-01T03:39:35.542+0000] GC(395) Pause Young (Allocation Failure) 2563M->1696M(3959M) 224.098ms
[2025-08-01T03:39:35.542+0000] GC(395) User=0.22s Sys=0.00s Real=0.22s
[2025-08-01T03:39:35.740+0000] GC(396) Pause Young (Allocation Failure)
[2025-08-01T03:39:35.740+0000] GC(396) Pause Young (Allocation Failure) 2788M->2788M(3959M) 0.100ms
[2025-08-01T03:39:35.740+0000] GC(396) User=0.00s Sys=0.00s Real=0.00s
[2025-08-01T03:39:35.740+0000] GC(397) Pause Full (Allocation Failure)
[2025-08-01T03:39:35.740+0000] GC(397) Phase 1: Mark live objects
[2025-08-01T03:39:35.949+0000] GC(397) Phase 1: Mark live objects 208.829ms
[2025-08-01T03:39:35.949+0000] GC(397) Phase 2: Compute new object addresses
[2025-08-01T03:39:36.388+0000] GC(397) Phase 2: Compute new object addresses 438.850ms
[2025-08-01T03:39:36.388+0000] GC(397) Phase 3: Adjust pointers
[2025-08-01T03:39:36.557+0000] GC(397) Phase 3: Adjust pointers 168.665ms
[2025-08-01T03:39:36.557+0000] GC(397) Phase 4: Move objects
[2025-08-01T03:39:36.934+0000] GC(397) Phase 4: Move objects 377.052ms
[2025-08-01T03:39:36.935+0000] GC(397) DefNew: 1258303K(1258304K)->0K(1258304K) Eden: 1118528K(1118528K)->0K(1118528K) From: 139775K(139776K)->0K(139776K)
[2025-08-01T03:39:36.935+0000] GC(397) Tenured: 1596940K(2796224K)->1182759K(2796224K)
[2025-08-01T03:39:36.935+0000] GC(397) Metaspace: 10661K(10880K)->10661K(10880K) NonClass: 9396K(9536K)->9396K(9536K) Class: 1265K(1344K)->1265K(1344K)
[2025-08-01T03:39:36.935+0000] GC(397) Pause Full (Allocation Failure) 2788M->1155M(3959M) 1194.712ms
[2025-08-01T03:39:36.935+0000] GC(397) User=1.19s Sys=0.01s Real=1.20s
[2025-08-01T03:39:37.154+0000] GC(398) Pause Young (Allocation Failure)
[2025-08-01T03:39:37.631+0000] GC(398) DefNew: 1118528K(1258304K)->139775K(1258304K) Eden: 1118528K(1118528K)->0K(1118528K) From: 0K(139776K)->139775K(139776K)
[2025-08-01T03:39:37.631+0000] GC(398) Tenured: 1182759K(2796224K)->1782157K(2796224K)
[2025-08-01T03:39:37.631+0000] GC(398) Metaspace: 10661K(10880K)->10661K(10880K) NonClass: 9396K(9536K)->9396K(9536K) Class: 1265K(1344K)->1265K(1344K)
[2025-08-01T03:39:37.631+0000] GC(398) Pause Young (Allocation Failure) 2247M->1876M(3959M) 477.212ms
[2025-08-01T03:39:37.631+0000] GC(398) User=0.47s Sys=0.00s Real=0.47s
[2025-08-01T03:39:37.845+0000] GC(399) Pause Young (Allocation Failure)
[2025-08-01T03:39:37.845+0000] GC(399) Pause Young (Allocation Failure) 2969M->2969M(3959M) 0.059ms
[2025-08-01T03:39:37.845+0000] GC(399) User=0.00s Sys=0.00s Real=0.00s
[2025-08-01T03:39:37.845+0000] GC(400) Pause Full (Allocation Failure)
[2025-08-01T03:39:37.845+0000] GC(400) Phase 1: Mark live objects
[2025-08-01T03:39:38.010+0000] GC(400) Phase 1: Mark live objects 164.741ms
[2025-08-01T03:39:38.010+0000] GC(400) Phase 2: Compute new object addresses
[2025-08-01T03:39:38.454+0000] GC(400) Phase 2: Compute new object addresses 443.805ms
[2025-08-01T03:39:38.454+0000] GC(400) Phase 3: Adjust pointers
[2025-08-01T03:39:38.592+0000] GC(400) Phase 3: Adjust pointers 138.354ms
[2025-08-01T03:39:38.592+0000] GC(400) Phase 4: Move objects
[2025-08-01T03:39:38.942+0000] GC(400) Phase 4: Move objects 350.055ms
[2025-08-01T03:39:38.943+0000] GC(400) DefNew: 1258303K(1258304K)->0K(1258304K) Eden: 1118528K(1118528K)->0K(1118528K) From: 139775K(139776K)->0K(139776K)
[2025-08-01T03:39:38.944+0000] GC(400) Tenured: 1782157K(2796224K)->1090558K(2796224K)
[2025-08-01T03:39:38.944+0000] GC(400) Metaspace: 10661K(10880K)->10661K(10880K) NonClass: 9396K(9536K)->9396K(9536K) Class: 1265K(1344K)->1265K(1344K)
[2025-08-01T03:39:38.944+0000] GC(400) Pause Full (Allocation Failure) 2969M->1064M(3959M) 1098.678ms
[2025-08-01T03:39:38.944+0000] GC(400) User=1.09s Sys=0.01s Real=1.09s
[2025-08-01T03:39:39.166+0000] GC(401) Pause Young (Allocation Failure)
[2025-08-01T03:39:39.834+0000] GC(401) DefNew: 1118528K(1258304K)->139775K(1258304K) Eden: 1118528K(1118528K)->0K(1118528K) From: 0K(139776K)->139775K(139776K)
[2025-08-01T03:39:39.834+0000] GC(401) Tenured: 1090558K(2796224K)->1967067K(2796224K)
[2025-08-01T03:39:39.834+0000] GC(401) Metaspace: 10661K(10880K)->10661K(10880K) NonClass: 9396K(9536K)->9396K(9536K) Class: 1265K(1344K)->1265K(1344K)
[2025-08-01T03:39:39.835+0000] GC(401) Pause Young (Allocation Failure) 2157M->2057M(3959M) 669.000ms
[2025-08-01T03:39:39.835+0000] GC(401) User=0.67s Sys=0.01s Real=0.67s
[2025-08-01T03:39:40.044+0000] GC(402) Pause Young (Allocation Failure)
[2025-08-01T03:39:40.044+0000] GC(402) Pause Young (Allocation Failure) 3149M->3149M(3959M) 0.119ms
[2025-08-01T03:39:40.044+0000] GC(402) User=0.00s Sys=0.00s Real=0.00s
[2025-08-01T03:39:40.044+0000] GC(403) Pause Full (Allocation Failure)
[2025-08-01T03:39:40.044+0000] GC(403) Phase 1: Mark live objects
[2025-08-01T03:39:40.146+0000] GC(403) Phase 1: Mark live objects 102.191ms
[2025-08-01T03:39:40.146+0000] GC(403) Phase 2: Compute new object addresses
[2025-08-01T03:39:40.616+0000] GC(403) Phase 2: Compute new object addresses 470.104ms
[2025-08-01T03:39:40.617+0000] GC(403) Phase 3: Adjust pointers
[2025-08-01T03:39:40.675+0000] GC(403) Phase 3: Adjust pointers 58.827ms
[2025-08-01T03:39:40.675+0000] GC(403) Phase 4: Move objects
[2025-08-01T03:39:40.813+0000] GC(403) Phase 4: Move objects 138.005ms
[2025-08-01T03:39:40.815+0000] GC(403) DefNew: 1258303K(1258304K)->0K(1258304K) Eden: 1118528K(1118528K)->0K(1118528K) From: 139775K(139776K)->0K(139776K)
[2025-08-01T03:39:40.815+0000] GC(403) Tenured: 1967067K(2796224K)->536409K(2796224K)
[2025-08-01T03:39:40.815+0000] GC(403) Metaspace: 10661K(10880K)->10661K(10880K) NonClass: 9396K(9536K)->9396K(9536K) Class: 1265K(1344K)->1265K(1344K)
[2025-08-01T03:39:40.815+0000] GC(403) Pause Full (Allocation Failure) 3149M->523M(3959M) 770.963ms
[2025-08-01T03:39:40.815+0000] GC(403) User=0.77s Sys=0.01s Real=0.77s
[2025-08-01T03:39:41.030+0000] GC(404) Pause Young (Allocation Failure)
[2025-08-01T03:39:41.560+0000] GC(404) DefNew: 1118528K(1258304K)->139776K(1258304K) Eden: 1118528K(1118528K)->0K(1118528K) From: 0K(139776K)->139776K(139776K)
[2025-08-01T03:39:41.560+0000] GC(404) Tenured: 536409K(2796224K)->1228681K(2796224K)
[2025-08-01T03:39:41.560+0000] GC(404) Metaspace: 10661K(10880K)->10661K(10880K) NonClass: 9396K(9536K)->9396K(9536K) Class: 1265K(1344K)->1265K(1344K)
[2025-08-01T03:39:41.560+0000] GC(404) Pause Young (Allocation Failure) 1616M->1336M(3959M) 530.301ms
[2025-08-01T03:39:41.560+0000] GC(404) User=0.53s Sys=0.00s Real=0.53s
[2025-08-01T03:39:41.781+0000] GC(405) Pause Young (Allocation Failure)
[2025-08-01T03:39:42.273+0000] GC(405) DefNew: 1258304K(1258304K)->139775K(1258304K) Eden: 1118528K(1118528K)->0K(1118528K) From: 139776K(139776K)->139775K(139776K)
[2025-08-01T03:39:42.273+0000] GC(405) Tenured: 1228681K(2796224K)->1827525K(2796224K)
[2025-08-01T03:39:42.273+0000] GC(405) Metaspace: 10661K(10880K)->10661K(10880K) NonClass: 9396K(9536K)->9396K(9536K) Class: 1265K(1344K)->1265K(1344K)
[2025-08-01T03:39:42.273+0000] GC(405) Pause Young (Allocation Failure) 2428M->1921M(3959M) 492.204ms
[2025-08-01T03:39:42.273+0000] GC(405) User=0.49s Sys=0.01s Real=0.49s
[2025-08-01T03:39:42.492+0000] GC(406) Pause Young (Allocation Failure)
[2025-08-01T03:39:42.492+0000] GC(406) Pause Young (Allocation Failure) 3013M->3013M(3959M) 0.122ms
[2025-08-01T03:39:42.492+0000] GC(406) User=0.00s Sys=0.00s Real=0.00s
[2025-08-01T03:39:42.492+0000] GC(407) Pause Full (Allocation Failure)
[2025-08-01T03:39:42.492+0000] GC(407) Phase 1: Mark live objects
[2025-08-01T03:39:42.589+0000] GC(407) Phase 1: Mark live objects 96.775ms
[2025-08-01T03:39:42.589+0000] GC(407) Phase 2: Compute new object addresses
[2025-08-01T03:39:43.026+0000] GC(407) Phase 2: Compute new object addresses 437.545ms
[2025-08-01T03:39:43.027+0000] GC(407) Phase 3: Adjust pointers
[2025-08-01T03:39:43.092+0000] GC(407) Phase 3: Adjust pointers 65.036ms
[2025-08-01T03:39:43.092+0000] GC(407) Phase 4: Move objects
[2025-08-01T03:39:43.263+0000] GC(407) Phase 4: Move objects 171.605ms
[2025-08-01T03:39:43.264+0000] GC(407) DefNew: 1258303K(1258304K)->0K(1258304K) Eden: 1118528K(1118528K)->0K(1118528K) From: 139775K(139776K)->0K(139776K)
[2025-08-01T03:39:43.264+0000] GC(407) Tenured: 1827525K(2796224K)->491857K(2796224K)
[2025-08-01T03:39:43.264+0000] GC(407) Metaspace: 10661K(10880K)->10661K(10880K) NonClass: 9396K(9536K)->9396K(9536K) Class: 1265K(1344K)->1265K(1344K)
[2025-08-01T03:39:43.264+0000] GC(407) Pause Full (Allocation Failure) 3013M->480M(3959M) 772.440ms
[2025-08-01T03:39:43.264+0000] GC(407) User=0.77s Sys=0.00s Real=0.78s
[2025-08-01T03:39:43.462+0000] GC(408) Pause Young (Allocation Failure)
[2025-08-01T03:39:44.100+0000] GC(408) DefNew: 1118528K(1258304K)->139775K(1258304K) Eden: 1118528K(1118528K)->0K(1118528K) From: 0K(139776K)->139775K(139776K)
[2025-08-01T03:39:44.100+0000] GC(408) Tenured: 491857K(2796224K)->1363632K(2796224K)
[2025-08-01T03:39:44.100+0000] GC(408) Metaspace: 10661K(10880K)->10661K(10880K) NonClass: 9396K(9536K)->9396K(9536K) Class: 1265K(1344K)->1265K(1344K)
[2025-08-01T03:39:44.100+0000] GC(408) Pause Young (Allocation Failure) 1572M->1468M(3959M) 637.872ms
[2025-08-01T03:39:44.100+0000] GC(408) User=0.64s Sys=0.00s Real=0.64s
[2025-08-01T03:39:44.315+0000] GC(409) Pause Young (Allocation Failure)
[2025-08-01T03:39:44.566+0000] GC(409) DefNew: 1258303K(1258304K)->139775K(1258304K) Eden: 1118528K(1118528K)->0K(1118528K) From: 139775K(139776K)->139775K(139776K)
[2025-08-01T03:39:44.566+0000] GC(409) Tenured: 1363632K(2796224K)->1593482K(2796224K)
[2025-08-01T03:39:44.566+0000] GC(409) Metaspace: 10661K(10880K)->10661K(10880K) NonClass: 9396K(9536K)->9396K(9536K) Class: 1265K(1344K)->1265K(1344K)
[2025-08-01T03:39:44.566+0000] GC(409) Pause Young (Allocation Failure) 2560M->1692M(3959M) 251.060ms
[2025-08-01T03:39:44.566+0000] GC(409) User=0.25s Sys=0.01s Real=0.25s
[2025-08-01T03:39:44.770+0000] GC(410) Pause Young (Allocation Failure)
[2025-08-01T03:39:44.770+0000] GC(410) Pause Young (Allocation Failure) 2784M->2784M(3959M) 0.112ms
[2025-08-01T03:39:44.770+0000] GC(410) User=0.00s Sys=0.00s Real=0.00s
[2025-08-01T03:39:44.770+0000] GC(411) Pause Full (Allocation Failure)
[2025-08-01T03:39:44.770+0000] GC(411) Phase 1: Mark live objects
[2025-08-01T03:39:44.986+0000] GC(411) Phase 1: Mark live objects 216.507ms
[2025-08-01T03:39:44.986+0000] GC(411) Phase 2: Compute new object addresses
[2025-08-01T03:39:45.448+0000] GC(411) Phase 2: Compute new object addresses 461.291ms
[2025-08-01T03:39:45.448+0000] GC(411) Phase 3: Adjust pointers
[2025-08-01T03:39:45.629+0000] GC(411) Phase 3: Adjust pointers 181.273ms
[2025-08-01T03:39:45.629+0000] GC(411) Phase 4: Move objects
[2025-08-01T03:39:46.059+0000] GC(411) Phase 4: Move objects 429.896ms
[2025-08-01T03:39:46.060+0000] GC(411) DefNew: 1258303K(1258304K)->0K(1258304K) Eden: 1118528K(1118528K)->0K(1118528K) From: 139775K(139776K)->0K(139776K)
[2025-08-01T03:39:46.060+0000] GC(411) Tenured: 1593482K(2796224K)->1172164K(2796224K)
[2025-08-01T03:39:46.060+0000] GC(411) Metaspace: 10661K(10880K)->10661K(10880K) NonClass: 9396K(9536K)->9396K(9536K) Class: 1265K(1344K)->1265K(1344K)
[2025-08-01T03:39:46.060+0000] GC(411) Pause Full (Allocation Failure) 2784M->1144M(3959M) 1290.382ms
[2025-08-01T03:39:46.060+0000] GC(411) User=1.29s Sys=0.01s Real=1.29s
[2025-08-01T03:39:46.268+0000] GC(412) Pause Young (Allocation Failure)
[2025-08-01T03:39:46.757+0000] GC(412) DefNew: 1118528K(1258304K)->139776K(1258304K) Eden: 1118528K(1118528K)->0K(1118528K) From: 0K(139776K)->139776K(139776K)
[2025-08-01T03:39:46.757+0000] GC(412) Tenured: 1172164K(2796224K)->1771523K(2796224K)
[2025-08-01T03:39:46.757+0000] GC(412) Metaspace: 10661K(10880K)->10661K(10880K) NonClass: 9396K(9536K)->9396K(9536K) Class: 1265K(1344K)->1265K(1344K)
[2025-08-01T03:39:46.757+0000] GC(412) Pause Young (Allocation Failure) 2237M->1866M(3959M) 489.007ms
[2025-08-01T03:39:46.757+0000] GC(412) User=0.48s Sys=0.00s Real=0.49s
[2025-08-01T03:39:46.956+0000] GC(413) Pause Young (Allocation Failure)
[2025-08-01T03:39:46.956+0000] GC(413) Pause Young (Allocation Failure) 2958M->2958M(3959M) 0.155ms
[2025-08-01T03:39:46.956+0000] GC(413) User=0.00s Sys=0.00s Real=0.00s
[2025-08-01T03:39:46.956+0000] GC(414) Pause Full (Allocation Failure)
[2025-08-01T03:39:46.956+0000] GC(414) Phase 1: Mark live objects
[2025-08-01T03:39:47.119+0000] GC(414) Phase 1: Mark live objects 162.879ms
[2025-08-01T03:39:47.119+0000] GC(414) Phase 2: Compute new object addresses
[2025-08-01T03:39:47.616+0000] GC(414) Phase 2: Compute new object addresses 497.051ms
[2025-08-01T03:39:47.616+0000] GC(414) Phase 3: Adjust pointers
[2025-08-01T03:39:47.787+0000] GC(414) Phase 3: Adjust pointers 171.426ms
[2025-08-01T03:39:47.788+0000] GC(414) Phase 4: Move objects
[2025-08-01T03:39:48.147+0000] GC(414) Phase 4: Move objects 359.538ms
[2025-08-01T03:39:48.148+0000] GC(414) DefNew: 1258304K(1258304K)->0K(1258304K) Eden: 1118528K(1118528K)->0K(1118528K) From: 139776K(139776K)->0K(139776K)
[2025-08-01T03:39:48.148+0000] GC(414) Tenured: 1771523K(2796224K)->1080287K(2796224K)
[2025-08-01T03:39:48.148+0000] GC(414) Metaspace: 10661K(10880K)->10661K(10880K) NonClass: 9396K(9536K)->9396K(9536K) Class: 1265K(1344K)->1265K(1344K)
[2025-08-01T03:39:48.148+0000] GC(414) Pause Full (Allocation Failure) 2958M->1054M(3959M) 1192.202ms
[2025-08-01T03:39:48.148+0000] GC(414) User=1.19s Sys=0.01s Real=1.19s
[2025-08-01T03:39:48.359+0000] GC(415) Pause Young (Allocation Failure)
[2025-08-01T03:39:49.024+0000] GC(415) DefNew: 1118528K(1258304K)->139775K(1258304K) Eden: 1118528K(1118528K)->0K(1118528K) From: 0K(139776K)->139775K(139776K)
[2025-08-01T03:39:49.024+0000] GC(415) Tenured: 1080287K(2796224K)->1956795K(2796224K)
[2025-08-01T03:39:49.024+0000] GC(415) Metaspace: 10661K(10880K)->10661K(10880K) NonClass: 9396K(9536K)->9396K(9536K) Class: 1265K(1344K)->1265K(1344K)
[2025-08-01T03:39:49.024+0000] GC(415) Pause Young (Allocation Failure) 2147M->2047M(3959M) 665.755ms
[2025-08-01T03:39:49.024+0000] GC(415) User=0.67s Sys=0.00s Real=0.67s
[2025-08-01T03:39:49.246+0000] GC(416) Pause Young (Allocation Failure)
[2025-08-01T03:39:49.246+0000] GC(416) Pause Young (Allocation Failure) 3139M->3139M(3959M) 0.109ms
[2025-08-01T03:39:49.246+0000] GC(416) User=0.00s Sys=0.00s Real=0.00s
[2025-08-01T03:39:49.246+0000] GC(417) Pause Full (Allocation Failure)
[2025-08-01T03:39:49.246+0000] GC(417) Phase 1: Mark live objects
[2025-08-01T03:39:49.330+0000] GC(417) Phase 1: Mark live objects 84.326ms
[2025-08-01T03:39:49.330+0000] GC(417) Phase 2: Compute new object addresses
[2025-08-01T03:39:49.807+0000] GC(417) Phase 2: Compute new object addresses 477.352ms
[2025-08-01T03:39:49.808+0000] GC(417) Phase 3: Adjust pointers
[2025-08-01T03:39:49.870+0000] GC(417) Phase 3: Adjust pointers 62.161ms
[2025-08-01T03:39:49.870+0000] GC(417) Phase 4: Move objects
[2025-08-01T03:39:50.011+0000] GC(417) Phase 4: Move objects 141.469ms
[2025-08-01T03:39:50.012+0000] GC(417) DefNew: 1258303K(1258304K)->0K(1258304K) Eden: 1118528K(1118528K)->0K(1118528K) From: 139775K(139776K)->0K(139776K)
[2025-08-01T03:39:50.012+0000] GC(417) Tenured: 1956795K(2796224K)->530219K(2796224K)
[2025-08-01T03:39:50.012+0000] GC(417) Metaspace: 10661K(10880K)->10661K(10880K) NonClass: 9396K(9536K)->9396K(9536K) Class: 1265K(1344K)->1265K(1344K)
[2025-08-01T03:39:50.012+0000] GC(417) Pause Full (Allocation Failure) 3139M->517M(3959M) 766.525ms
[2025-08-01T03:39:50.012+0000] GC(417) User=0.76s Sys=0.00s Real=0.76s
[2025-08-01T03:39:50.228+0000] GC(418) Pause Young (Allocation Failure)
[2025-08-01T03:39:50.743+0000] GC(418) DefNew: 1118528K(1258304K)->139776K(1258304K) Eden: 1118528K(1118528K)->0K(1118528K) From: 0K(139776K)->139776K(139776K)
[2025-08-01T03:39:50.743+0000] GC(418) Tenured: 530219K(2796224K)->1222422K(2796224K)
[2025-08-01T03:39:50.743+0000] GC(418) Metaspace: 10661K(10880K)->10661K(10880K) NonClass: 9396K(9536K)->9396K(9536K) Class: 1265K(1344K)->1265K(1344K)
[2025-08-01T03:39:50.743+0000] GC(418) Pause Young (Allocation Failure) 1610M->1330M(3959M) 515.167ms
[2025-08-01T03:39:50.743+0000] GC(418) User=0.51s Sys=0.00s Real=0.52s
[2025-08-01T03:39:50.944+0000] GC(419) Pause Young (Allocation Failure)
[2025-08-01T03:39:51.435+0000] GC(419) DefNew: 1258304K(1258304K)->139775K(1258304K) Eden: 1118528K(1118528K)->0K(1118528K) From: 139776K(139776K)->139775K(139776K)
[2025-08-01T03:39:51.435+0000] GC(419) Tenured: 1222422K(2796224K)->1821286K(2796224K)
[2025-08-01T03:39:51.435+0000] GC(419) Metaspace: 10661K(10880K)->10661K(10880K) NonClass: 9396K(9536K)->9396K(9536K) Class: 1265K(1344K)->1265K(1344K)
[2025-08-01T03:39:51.435+0000] GC(419) Pause Young (Allocation Failure) 2422M->1915M(3959M) 491.218ms
[2025-08-01T03:39:51.435+0000] GC(419) User=0.49s Sys=0.00s Real=0.49s
[2025-08-01T03:39:51.684+0000] GC(420) Pause Young (Allocation Failure)
[2025-08-01T03:39:51.684+0000] GC(420) Pause Young (Allocation Failure) 3007M->3007M(3959M) 0.102ms
[2025-08-01T03:39:51.684+0000] GC(420) User=0.00s Sys=0.00s Real=0.00s
[2025-08-01T03:39:51.684+0000] GC(421) Pause Full (Allocation Failure)
[2025-08-01T03:39:51.684+0000] GC(421) Phase 1: Mark live objects
[2025-08-01T03:39:51.774+0000] GC(421) Phase 1: Mark live objects 90.186ms
[2025-08-01T03:39:51.774+0000] GC(421) Phase 2: Compute new object addresses
[2025-08-01T03:39:52.223+0000] GC(421) Phase 2: Compute new object addresses 448.537ms
[2025-08-01T03:39:52.223+0000] GC(421) Phase 3: Adjust pointers
[2025-08-01T03:39:52.304+0000] GC(421) Phase 3: Adjust pointers 80.539ms
[2025-08-01T03:39:52.304+0000] GC(421) Phase 4: Move objects
[2025-08-01T03:39:52.496+0000] GC(421) Phase 4: Move objects 191.844ms
[2025-08-01T03:39:52.497+0000] GC(421) DefNew: 1258303K(1258304K)->0K(1258304K) Eden: 1118528K(1118528K)->0K(1118528K) From: 139775K(139776K)->0K(139776K)
[2025-08-01T03:39:52.497+0000] GC(421) Tenured: 1821286K(2796224K)->492577K(2796224K)
[2025-08-01T03:39:52.497+0000] GC(421) Metaspace: 10661K(10880K)->10661K(10880K) NonClass: 9396K(9536K)->9396K(9536K) Class: 1265K(1344K)->1265K(1344K)
[2025-08-01T03:39:52.497+0000] GC(421) Pause Full (Allocation Failure) 3007M->481M(3959M) 812.682ms
[2025-08-01T03:39:52.497+0000] GC(421) User=0.81s Sys=0.00s Real=0.81s
[2025-08-01T03:39:52.699+0000] GC(422) Pause Young (Allocation Failure)
[2025-08-01T03:39:53.339+0000] GC(422) DefNew: 1118528K(1258304K)->139776K(1258304K) Eden: 1118528K(1118528K)->0K(1118528K) From: 0K(139776K)->139776K(139776K)
[2025-08-01T03:39:53.339+0000] GC(422) Tenured: 492577K(2796224K)->1368563K(2796224K)
[2025-08-01T03:39:53.339+0000] GC(422) Metaspace: 10661K(10880K)->10661K(10880K) NonClass: 9396K(9536K)->9396K(9536K) Class: 1265K(1344K)->1265K(1344K)
[2025-08-01T03:39:53.339+0000] GC(422) Pause Young (Allocation Failure) 1573M->1472M(3959M) 640.340ms
[2025-08-01T03:39:53.339+0000] GC(422) User=0.64s Sys=0.00s Real=0.64s
[2025-08-01T03:39:53.552+0000] GC(423) Pause Young (Allocation Failure)
[2025-08-01T03:39:53.789+0000] GC(423) DefNew: 1258304K(1258304K)->139775K(1258304K) Eden: 1118528K(1118528K)->0K(1118528K) From: 139776K(139776K)->139775K(139776K)
[2025-08-01T03:39:53.789+0000] GC(423) Tenured: 1368563K(2796224K)->1598409K(2796224K)
[2025-08-01T03:39:53.789+0000] GC(423) Metaspace: 10661K(10880K)->10661K(10880K) NonClass: 9396K(9536K)->9396K(9536K) Class: 1265K(1344K)->1265K(1344K)
[2025-08-01T03:39:53.789+0000] GC(423) Pause Young (Allocation Failure) 2565M->1697M(3959M) 237.389ms
[2025-08-01T03:39:53.789+0000] GC(423) User=0.24s Sys=0.00s Real=0.24s
[2025-08-01T03:39:53.986+0000] GC(424) Pause Young (Allocation Failure)
[2025-08-01T03:39:53.986+0000] GC(424) Pause Young (Allocation Failure) 2789M->2789M(3959M) 0.209ms
[2025-08-01T03:39:53.986+0000] GC(424) User=0.00s Sys=0.00s Real=0.00s
[2025-08-01T03:39:53.986+0000] GC(425) Pause Full (Allocation Failure)
[2025-08-01T03:39:53.986+0000] GC(425) Phase 1: Mark live objects
[2025-08-01T03:39:54.194+0000] GC(425) Phase 1: Mark live objects 208.003ms
[2025-08-01T03:39:54.194+0000] GC(425) Phase 2: Compute new object addresses
[2025-08-01T03:39:54.658+0000] GC(425) Phase 2: Compute new object addresses 464.308ms
[2025-08-01T03:39:54.658+0000] GC(425) Phase 3: Adjust pointers
[2025-08-01T03:39:54.832+0000] GC(425) Phase 3: Adjust pointers 173.320ms
[2025-08-01T03:39:54.832+0000] GC(425) Phase 4: Move objects
[2025-08-01T03:39:55.217+0000] GC(425) Phase 4: Move objects 385.025ms
[2025-08-01T03:39:55.218+0000] GC(425) DefNew: 1258303K(1258304K)->0K(1258304K) Eden: 1118528K(1118528K)->0K(1118528K) From: 139775K(139776K)->0K(139776K)
[2025-08-01T03:39:55.218+0000] GC(425) Tenured: 1598409K(2796224K)->1167631K(2796224K)
[2025-08-01T03:39:55.218+0000] GC(425) Metaspace: 10661K(10880K)->10661K(10880K) NonClass: 9396K(9536K)->9396K(9536K) Class: 1265K(1344K)->1265K(1344K)
[2025-08-01T03:39:55.218+0000] GC(425) Pause Full (Allocation Failure) 2789M->1140M(3959M) 1232.099ms
[2025-08-01T03:39:55.218+0000] GC(425) User=1.23s Sys=0.01s Real=1.23s
[2025-08-01T03:39:55.428+0000] GC(426) Pause Young (Allocation Failure)
[2025-08-01T03:39:55.907+0000] GC(426) DefNew: 1118528K(1258304K)->139775K(1258304K) Eden: 1118528K(1118528K)->0K(1118528K) From: 0K(139776K)->139775K(139776K)
[2025-08-01T03:39:55.907+0000] GC(426) Tenured: 1167631K(2796224K)->1766991K(2796224K)
[2025-08-01T03:39:55.907+0000] GC(426) Metaspace: 10661K(10880K)->10661K(10880K) NonClass: 9396K(9536K)->9396K(9536K) Class: 1265K(1344K)->1265K(1344K)
[2025-08-01T03:39:55.907+0000] GC(426) Pause Young (Allocation Failure) 2232M->1862M(3959M) 478.760ms
[2025-08-01T03:39:55.907+0000] GC(426) User=0.47s Sys=0.00s Real=0.48s
[2025-08-01T03:39:56.103+0000] GC(427) Pause Young (Allocation Failure)
[2025-08-01T03:39:56.104+0000] GC(427) Pause Young (Allocation Failure) 2954M->2954M(3959M) 0.103ms
[2025-08-01T03:39:56.104+0000] GC(427) User=0.00s Sys=0.00s Real=0.00s
[2025-08-01T03:39:56.104+0000] GC(428) Pause Full (Allocation Failure)
[2025-08-01T03:39:56.104+0000] GC(428) Phase 1: Mark live objects
[2025-08-01T03:39:56.255+0000] GC(428) Phase 1: Mark live objects 151.646ms
[2025-08-01T03:39:56.255+0000] GC(428) Phase 2: Compute new object addresses
[2025-08-01T03:39:56.760+0000] GC(428) Phase 2: Compute new object addresses 504.308ms
[2025-08-01T03:39:56.760+0000] GC(428) Phase 3: Adjust pointers
[2025-08-01T03:39:56.912+0000] GC(428) Phase 3: Adjust pointers 152.425ms
[2025-08-01T03:39:56.912+0000] GC(428) Phase 4: Move objects
[2025-08-01T03:39:57.246+0000] GC(428) Phase 4: Move objects 334.187ms
[2025-08-01T03:39:57.248+0000] GC(428) DefNew: 1258303K(1258304K)->0K(1258304K) Eden: 1118528K(1118528K)->0K(1118528K) From: 139775K(139776K)->0K(139776K)
[2025-08-01T03:39:57.248+0000] GC(428) Tenured: 1766991K(2796224K)->1071494K(2796224K)
[2025-08-01T03:39:57.248+0000] GC(428) Metaspace: 10661K(10880K)->10661K(10880K) NonClass: 9396K(9536K)->9396K(9536K) Class: 1265K(1344K)->1265K(1344K)
[2025-08-01T03:39:57.248+0000] GC(428) Pause Full (Allocation Failure) 2954M->1046M(3959M) 1144.087ms
[2025-08-01T03:39:57.248+0000] GC(428) User=1.15s Sys=0.00s Real=1.14s
[2025-08-01T03:39:57.453+0000] GC(429) Pause Young (Allocation Failure)
[2025-08-01T03:39:58.108+0000] GC(429) DefNew: 1118528K(1258304K)->139775K(1258304K) Eden: 1118528K(1118528K)->0K(1118528K) From: 0K(139776K)->139775K(139776K)
[2025-08-01T03:39:58.108+0000] GC(429) Tenured: 1071494K(2796224K)->1946923K(2796224K)
[2025-08-01T03:39:58.108+0000] GC(429) Metaspace: 10661K(10880K)->10661K(10880K) NonClass: 9396K(9536K)->9396K(9536K) Class: 1265K(1344K)->1265K(1344K)
[2025-08-01T03:39:58.108+0000] GC(429) Pause Young (Allocation Failure) 2138M->2037M(3959M) 655.251ms
[2025-08-01T03:39:58.109+0000] GC(429) User=0.65s Sys=0.01s Real=0.65s
[2025-08-01T03:39:58.316+0000] GC(430) Pause Young (Allocation Failure)
[2025-08-01T03:39:58.316+0000] GC(430) Pause Young (Allocation Failure) 3130M->3130M(3959M) 0.127ms
[2025-08-01T03:39:58.316+0000] GC(430) User=0.00s Sys=0.00s Real=0.00s
[2025-08-01T03:39:58.316+0000] GC(431) Pause Full (Allocation Failure)
[2025-08-01T03:39:58.316+0000] GC(431) Phase 1: Mark live objects
[2025-08-01T03:39:58.398+0000] GC(431) Phase 1: Mark live objects 81.725ms
[2025-08-01T03:39:58.398+0000] GC(431) Phase 2: Compute new object addresses
[2025-08-01T03:39:58.916+0000] GC(431) Phase 2: Compute new object addresses 517.532ms
[2025-08-01T03:39:58.916+0000] GC(431) Phase 3: Adjust pointers
[2025-08-01T03:39:58.982+0000] GC(431) Phase 3: Adjust pointers 66.535ms
[2025-08-01T03:39:58.982+0000] GC(431) Phase 4: Move objects
[2025-08-01T03:39:59.133+0000] GC(431) Phase 4: Move objects 150.408ms
[2025-08-01T03:39:59.134+0000] GC(431) DefNew: 1258303K(1258304K)->0K(1258304K) Eden: 1118528K(1118528K)->0K(1118528K) From: 139775K(139776K)->0K(139776K)
[2025-08-01T03:39:59.134+0000] GC(431) Tenured: 1946923K(2796224K)->524255K(2796224K)
[2025-08-01T03:39:59.134+0000] GC(431) Metaspace: 10661K(10880K)->10661K(10880K) NonClass: 9396K(9536K)->9396K(9536K) Class: 1265K(1344K)->1265K(1344K)
[2025-08-01T03:39:59.134+0000] GC(431) Pause Full (Allocation Failure) 3130M->511M(3959M) 817.808ms
[2025-08-01T03:39:59.134+0000] GC(431) User=0.82s Sys=0.00s Real=0.82s
[2025-08-01T03:39:59.357+0000] GC(432) Pause Young (Allocation Failure)
[2025-08-01T03:39:59.867+0000] GC(432) DefNew: 1118528K(1258304K)->139775K(1258304K) Eden: 1118528K(1118528K)->0K(1118528K) From: 0K(139776K)->139775K(139776K)
[2025-08-01T03:39:59.867+0000] GC(432) Tenured: 524255K(2796224K)->1217609K(2796224K)
[2025-08-01T03:39:59.867+0000] GC(432) Metaspace: 10661K(10880K)->10661K(10880K) NonClass: 9396K(9536K)->9396K(9536K) Class: 1265K(1344K)->1265K(1344K)
[2025-08-01T03:39:59.867+0000] GC(432) Pause Young (Allocation Failure) 1604M->1325M(3959M) 510.245ms
[2025-08-01T03:39:59.867+0000] GC(432) User=0.50s Sys=0.00s Real=0.51s
[2025-08-01T03:40:00.089+0000] GC(433) Pause Young (Allocation Failure)
[2025-08-01T03:40:00.590+0000] GC(433) DefNew: 1258303K(1258304K)->139775K(1258304K) Eden: 1118528K(1118528K)->0K(1118528K) From: 139775K(139776K)->139775K(139776K)
[2025-08-01T03:40:00.590+0000] GC(433) Tenured: 1217609K(2796224K)->1813947K(2796224K)
[2025-08-01T03:40:00.590+0000] GC(433) Metaspace: 10661K(10880K)->10661K(10880K) NonClass: 9396K(9536K)->9396K(9536K) Class: 1265K(1344K)->1265K(1344K)
[2025-08-01T03:40:00.590+0000] GC(433) Pause Young (Allocation Failure) 2417M->1907M(3959M) 500.816ms
[2025-08-01T03:40:00.590+0000] GC(433) User=0.50s Sys=0.01s Real=0.50s
[2025-08-01T03:40:00.812+0000] GC(434) Pause Young (Allocation Failure)
[2025-08-01T03:40:00.812+0000] GC(434) Pause Young (Allocation Failure) 3000M->3000M(3959M) 0.070ms
[2025-08-01T03:40:00.812+0000] GC(434) User=0.00s Sys=0.00s Real=0.00s
[2025-08-01T03:40:00.812+0000] GC(435) Pause Full (Allocation Failure)
[2025-08-01T03:40:00.812+0000] GC(435) Phase 1: Mark live objects
[2025-08-01T03:40:00.912+0000] GC(435) Phase 1: Mark live objects 99.060ms
[2025-08-01T03:40:00.912+0000] GC(435) Phase 2: Compute new object addresses
[2025-08-01T03:40:01.349+0000] GC(435) Phase 2: Compute new object addresses 437.061ms
[2025-08-01T03:40:01.349+0000] GC(435) Phase 3: Adjust pointers
[2025-08-01T03:40:01.437+0000] GC(435) Phase 3: Adjust pointers 88.514ms
[2025-08-01T03:40:01.437+0000] GC(435) Phase 4: Move objects
[2025-08-01T03:40:01.640+0000] GC(435) Phase 4: Move objects 202.418ms
[2025-08-01T03:40:01.641+0000] GC(435) DefNew: 1258303K(1258304K)->0K(1258304K) Eden: 1118528K(1118528K)->0K(1118528K) From: 139775K(139776K)->0K(139776K)
[2025-08-01T03:40:01.641+0000] GC(435) Tenured: 1813947K(2796224K)->493287K(2796224K)
[2025-08-01T03:40:01.641+0000] GC(435) Metaspace: 10661K(10880K)->10661K(10880K) NonClass: 9396K(9536K)->9396K(9536K) Class: 1265K(1344K)->1265K(1344K)
[2025-08-01T03:40:01.641+0000] GC(435) Pause Full (Allocation Failure) 3000M->481M(3959M) 828.593ms
[2025-08-01T03:40:01.641+0000] GC(435) User=0.83s Sys=0.01s Real=0.83s
[2025-08-01T03:40:01.843+0000] GC(436) Pause Young (Allocation Failure)
[2025-08-01T03:40:02.461+0000] GC(436) DefNew: 1118528K(1258304K)->139776K(1258304K) Eden: 1118528K(1118528K)->0K(1118528K) From: 0K(139776K)->139776K(139776K)
[2025-08-01T03:40:02.461+0000] GC(436) Tenured: 493287K(2796224K)->1369266K(2796224K)
[2025-08-01T03:40:02.461+0000] GC(436) Metaspace: 10661K(10880K)->10661K(10880K) NonClass: 9396K(9536K)->9396K(9536K) Class: 1265K(1344K)->1265K(1344K)
[2025-08-01T03:40:02.461+0000] GC(436) Pause Young (Allocation Failure) 1574M->1473M(3959M) 618.240ms
[2025-08-01T03:40:02.461+0000] GC(436) User=0.62s Sys=0.00s Real=0.62s
[2025-08-01T03:40:02.512+0000] Heap
[2025-08-01T03:40:02.512+0000]  def new generation   total 1258304K, used 428379K [0x0000000700000000, 0x0000000755550000, 0x0000000755550000)
[2025-08-01T03:40:02.512+0000]   eden space 1118528K,  25% used [0x0000000700000000, 0x00000007119d6ef0, 0x0000000744450000)
[2025-08-01T03:40:02.512+0000]   from space 139776K, 100% used [0x000000074ccd0000, 0x0000000755550000, 0x0000000755550000)
[2025-08-01T03:40:02.512+0000]   to   space 139776K,   0% used [0x0000000744450000, 0x0000000744450000, 0x000000074ccd0000)
[2025-08-01T03:40:02.512+0000]  tenured generation   total 2796224K, used 1369266K [0x0000000755550000, 0x0000000800000000, 0x0000000800000000)
[2025-08-01T03:40:02.512+0000]    the space 2796224K,  48% used [0x0000000755550000, 0x00000007a8e7c830, 0x00000007a8e7ca00, 0x0000000800000000)
[2025-08-01T03:40:02.512+0000]  Metaspace       used 10746K, committed 10944K, reserved 1114112K
[2025-08-01T03:40:02.512+0000]   class space    used 1276K, committed 1344K, reserved 1048576K
