[2025-08-01T02:20:58.446+0000] Using Concurrent Mark Sweep
[2025-08-01T02:20:58.446+0000] Heap address: 0x0000000700000000, size: 4096 MB, Compressed Oops mode: Zero based, Oop shift amount: 3
[2025-08-01T02:21:00.011+0000] GC(0) Pause Young (Allocation Failure)
[2025-08-01T02:21:00.014+0000] GC(0) Using 8 workers of 8 for evacuation
[2025-08-01T02:21:01.261+0000] GC(0) ParNew: 545344K->68095K(613440K)
[2025-08-01T02:21:01.261+0000] GC(0) CMS: 0K->414363K(3512768K)
[2025-08-01T02:21:01.261+0000] GC(0) Metaspace: 9702K(12544K)->9702K(12544K) NonClass: 8536K(11008K)->8536K(11008K) Class: 1166K(1536K)->1166K(1536K)
[2025-08-01T02:21:01.261+0000] GC(0) Pause Young (Allocation Failure) 532M->471M(4029M) 1250.572ms
[2025-08-01T02:21:01.261+0000] GC(0) User=1.54s Sys=1.70s Real=1.25s
[2025-08-01T02:21:01.374+0000] GC(1) Pause Young (Allocation Failure)
[2025-08-01T02:21:01.374+0000] GC(1) Using 8 workers of 8 for evacuation
[2025-08-01T02:21:01.703+0000] GC(1) ParNew: 613439K->68096K(613440K)
[2025-08-01T02:21:01.703+0000] GC(1) CMS: 414363K->939917K(3512768K)
[2025-08-01T02:21:01.703+0000] GC(1) Metaspace: 9703K(12544K)->9703K(12544K) NonClass: 8537K(11008K)->8537K(11008K) Class: 1166K(1536K)->1166K(1536K)
[2025-08-01T02:21:01.703+0000] GC(1) Pause Young (Allocation Failure) 1003M->984M(4029M) 329.081ms
[2025-08-01T02:21:01.703+0000] GC(1) User=1.20s Sys=1.22s Real=0.33s
[2025-08-01T02:21:01.854+0000] GC(2) Pause Young (Allocation Failure)
[2025-08-01T02:21:01.854+0000] GC(2) Using 8 workers of 8 for evacuation
[2025-08-01T02:21:02.183+0000] GC(2) ParNew: 613440K->68096K(613440K)
[2025-08-01T02:21:02.183+0000] GC(2) CMS: 939917K->1471611K(3512768K)
[2025-08-01T02:21:02.183+0000] GC(2) Metaspace: 9703K(12544K)->9703K(12544K) NonClass: 8537K(11008K)->8537K(11008K) Class: 1166K(1536K)->1166K(1536K)
[2025-08-01T02:21:02.183+0000] GC(2) Pause Young (Allocation Failure) 1516M->1503M(4029M) 329.270ms
[2025-08-01T02:21:02.183+0000] GC(2) User=1.31s Sys=1.26s Real=0.32s
[2025-08-01T02:21:02.285+0000] GC(3) Pause Young (Allocation Failure)
[2025-08-01T02:21:02.285+0000] GC(3) Using 8 workers of 8 for evacuation
[2025-08-01T02:21:02.352+0000] GC(3) ParNew: 613440K->68096K(613440K)
[2025-08-01T02:21:02.352+0000] GC(3) CMS: 1471611K->1623589K(3512768K)
[2025-08-01T02:21:02.352+0000] GC(3) Metaspace: 9703K(12544K)->9703K(12544K) NonClass: 8537K(11008K)->8537K(11008K) Class: 1166K(1536K)->1166K(1536K)
[2025-08-01T02:21:02.352+0000] GC(3) Pause Young (Allocation Failure) 2036M->1652M(4029M) 66.900ms
[2025-08-01T02:21:02.352+0000] GC(3) User=0.36s Sys=0.17s Real=0.06s
[2025-08-01T02:21:02.501+0000] GC(4) Pause Young (Allocation Failure)
[2025-08-01T02:21:02.501+0000] GC(4) Using 8 workers of 8 for evacuation
[2025-08-01T02:21:02.809+0000] GC(4) ParNew: 613440K->68096K(613440K)
[2025-08-01T02:21:02.809+0000] GC(4) CMS: 1623589K->2161916K(3512768K)
[2025-08-01T02:21:02.809+0000] GC(4) Metaspace: 9703K(12544K)->9703K(12544K) NonClass: 8537K(11008K)->8537K(11008K) Class: 1166K(1536K)->1166K(1536K)
[2025-08-01T02:21:02.809+0000] GC(4) Pause Young (Allocation Failure) 2184M->2177M(4029M) 308.178ms
[2025-08-01T02:21:02.809+0000] GC(4) User=1.12s Sys=1.21s Real=0.31s
[2025-08-01T02:21:02.810+0000] GC(5) Pause Initial Mark
[2025-08-01T02:21:02.815+0000] GC(5) Pause Initial Mark 2191M->2191M(4029M) 5.264ms
[2025-08-01T02:21:02.815+0000] GC(5) User=0.02s Sys=0.00s Real=0.01s
[2025-08-01T02:21:02.815+0000] GC(5) Concurrent Mark
[2025-08-01T02:21:02.816+0000] GC(5) Using 2 workers of 2 for marking
[2025-08-01T02:21:02.914+0000] GC(6) Pause Young (Allocation Failure)
[2025-08-01T02:21:02.914+0000] GC(6) Using 8 workers of 8 for evacuation
[2025-08-01T02:21:03.415+0000] GC(6) ParNew: 613440K->68096K(613440K)
[2025-08-01T02:21:03.415+0000] GC(6) CMS: 2161916K->2701317K(3512768K)
[2025-08-01T02:21:03.416+0000] GC(6) Metaspace: 9703K(12544K)->9703K(12544K) NonClass: 8537K(11008K)->8537K(11008K) Class: 1166K(1536K)->1166K(1536K)
[2025-08-01T02:21:03.416+0000] GC(6) Pause Young (Allocation Failure) 2710M->2704M(4029M) 501.653ms
[2025-08-01T02:21:03.416+0000] GC(6) User=1.30s Sys=2.64s Real=0.50s
[2025-08-01T02:21:03.524+0000] GC(7) Pause Young (Allocation Failure)
[2025-08-01T02:21:03.524+0000] GC(7) Using 8 workers of 8 for evacuation
[2025-08-01T02:21:03.821+0000] GC(7) ParNew: 613440K->68096K(613440K)
[2025-08-01T02:21:03.821+0000] GC(7) CMS: 2701317K->2964800K(3512768K)
[2025-08-01T02:21:03.821+0000] GC(7) Metaspace: 9703K(12544K)->9703K(12544K) NonClass: 8537K(11008K)->8537K(11008K) Class: 1166K(1536K)->1166K(1536K)
[2025-08-01T02:21:03.821+0000] GC(7) Pause Young (Allocation Failure) 3237M->2961M(4029M) 297.431ms
[2025-08-01T02:21:03.821+0000] GC(7) User=0.96s Sys=1.38s Real=0.29s
[2025-08-01T02:21:03.917+0000] GC(8) Pause Young (Allocation Failure)
[2025-08-01T02:21:03.918+0000] GC(8) Using 8 workers of 8 for evacuation
[2025-08-01T02:21:03.918+0000] GC(9) Pause Full (Allocation Failure)
[2025-08-01T02:21:04.001+0000] GC(5) Concurrent Mark 1186.410ms
[2025-08-01T02:21:04.002+0000] GC(5) User=3.31s Sys=4.32s Real=1.18s
[2025-08-01T02:21:04.003+0000] GC(9) Phase 1: Mark live objects
[2025-08-01T02:21:04.108+0000] GC(9) Phase 1: Mark live objects 105.180ms
[2025-08-01T02:21:04.108+0000] GC(9) Phase 2: Compute new object addresses
[2025-08-01T02:21:04.518+0000] GC(9) Phase 2: Compute new object addresses 410.173ms
[2025-08-01T02:21:04.518+0000] GC(9) Phase 3: Adjust pointers
[2025-08-01T02:21:04.598+0000] GC(9) Phase 3: Adjust pointers 79.670ms
[2025-08-01T02:21:04.598+0000] GC(9) Phase 4: Move objects
[2025-08-01T02:21:04.801+0000] GC(9) Phase 4: Move objects 202.697ms
[2025-08-01T02:21:04.860+0000] GC(9) Pause Full (Allocation Failure) 3494M->521M(4029M) 942.785ms
[2025-08-01T02:21:04.860+0000] GC(8) ParNew: 613440K->0K(613440K)
[2025-08-01T02:21:04.860+0000] GC(8) CMS: 2964800K->533968K(3512768K)
[2025-08-01T02:21:04.860+0000] GC(8) Metaspace: 9703K(12544K)->9703K(12544K) NonClass: 8537K(11008K)->8537K(11008K) Class: 1166K(1536K)->1166K(1536K)
[2025-08-01T02:21:04.860+0000] GC(8) Pause Young (Allocation Failure) 3494M->521M(4029M) 943.003ms
[2025-08-01T02:21:04.861+0000] GC(8) User=1.00s Sys=0.02s Real=0.94s
[2025-08-01T02:21:04.954+0000] GC(10) Pause Young (Allocation Failure)
[2025-08-01T02:21:04.954+0000] GC(10) Using 8 workers of 8 for evacuation
[2025-08-01T02:21:05.150+0000] GC(10) ParNew: 545344K->68096K(613440K)
[2025-08-01T02:21:05.150+0000] GC(10) CMS: 533968K->1008773K(3512768K)
[2025-08-01T02:21:05.150+0000] GC(10) Metaspace: 9703K(12544K)->9703K(12544K) NonClass: 8537K(11008K)->8537K(11008K) Class: 1166K(1536K)->1166K(1536K)
[2025-08-01T02:21:05.150+0000] GC(10) Pause Young (Allocation Failure) 1054M->1051M(4029M) 196.160ms
[2025-08-01T02:21:05.151+0000] GC(10) User=1.45s Sys=0.07s Real=0.19s
[2025-08-01T02:21:05.247+0000] GC(11) Pause Young (Allocation Failure)
[2025-08-01T02:21:05.247+0000] GC(11) Using 8 workers of 8 for evacuation
[2025-08-01T02:21:05.428+0000] GC(11) ParNew: 613440K->68096K(613440K)
[2025-08-01T02:21:05.428+0000] GC(11) CMS: 1008773K->1551631K(3512768K)
[2025-08-01T02:21:05.428+0000] GC(11) Metaspace: 9703K(12544K)->9703K(12544K) NonClass: 8537K(11008K)->8537K(11008K) Class: 1166K(1536K)->1166K(1536K)
[2025-08-01T02:21:05.428+0000] GC(11) Pause Young (Allocation Failure) 1584M->1581M(4029M) 180.807ms
[2025-08-01T02:21:05.428+0000] GC(11) User=1.31s Sys=0.09s Real=0.18s
[2025-08-01T02:21:05.519+0000] GC(12) Pause Young (Allocation Failure)
[2025-08-01T02:21:05.519+0000] GC(12) Using 8 workers of 8 for evacuation
[2025-08-01T02:21:05.613+0000] GC(12) ParNew: 613440K->68096K(613440K)
[2025-08-01T02:21:05.613+0000] GC(12) CMS: 1551631K->1788745K(3512768K)
[2025-08-01T02:21:05.613+0000] GC(12) Metaspace: 9703K(12544K)->9703K(12544K) NonClass: 8537K(11008K)->8537K(11008K) Class: 1166K(1536K)->1166K(1536K)
[2025-08-01T02:21:05.613+0000] GC(12) Pause Young (Allocation Failure) 2114M->1813M(4029M) 93.783ms
[2025-08-01T02:21:05.613+0000] GC(12) User=0.67s Sys=0.06s Real=0.09s
[2025-08-01T02:21:05.614+0000] GC(13) Pause Initial Mark
[2025-08-01T02:21:05.618+0000] GC(13) Pause Initial Mark 1824M->1824M(4029M) 3.705ms
[2025-08-01T02:21:05.618+0000] GC(13) User=0.01s Sys=0.00s Real=0.00s
[2025-08-01T02:21:05.618+0000] GC(13) Concurrent Mark
[2025-08-01T02:21:05.618+0000] GC(13) Using 2 workers of 2 for marking
[2025-08-01T02:21:05.673+0000] GC(13) Concurrent Mark 55.061ms
[2025-08-01T02:21:05.673+0000] GC(13) User=0.18s Sys=0.00s Real=0.06s
[2025-08-01T02:21:05.673+0000] GC(13) Concurrent Preclean
[2025-08-01T02:21:05.681+0000] GC(13) Concurrent Preclean 7.257ms
[2025-08-01T02:21:05.681+0000] GC(13) User=0.01s Sys=0.00s Real=0.00s
[2025-08-01T02:21:05.681+0000] GC(13) Concurrent Abortable Preclean
[2025-08-01T02:21:05.710+0000] GC(14) Pause Young (Allocation Failure)
[2025-08-01T02:21:05.710+0000] GC(14) Using 8 workers of 8 for evacuation
[2025-08-01T02:21:05.870+0000] GC(14) ParNew: 613440K->68096K(613440K)
[2025-08-01T02:21:05.870+0000] GC(14) CMS: 1788745K->2332110K(3512768K)
[2025-08-01T02:21:05.870+0000] GC(14) Metaspace: 9703K(12544K)->9703K(12544K) NonClass: 8537K(11008K)->8537K(11008K) Class: 1166K(1536K)->1166K(1536K)
[2025-08-01T02:21:05.870+0000] GC(14) Pause Young (Allocation Failure) 2345M->2343M(4029M) 160.143ms
[2025-08-01T02:21:05.870+0000] GC(14) User=1.24s Sys=0.00s Real=0.16s
[2025-08-01T02:21:05.961+0000] GC(15) Pause Young (Allocation Failure)
[2025-08-01T02:21:05.961+0000] GC(15) Using 8 workers of 8 for evacuation
[2025-08-01T02:21:06.150+0000] GC(15) ParNew: 613440K->68096K(613440K)
[2025-08-01T02:21:06.150+0000] GC(15) CMS: 2332110K->2873648K(3512768K)
[2025-08-01T02:21:06.150+0000] GC(15) Metaspace: 9703K(12544K)->9703K(12544K) NonClass: 8537K(11008K)->8537K(11008K) Class: 1166K(1536K)->1166K(1536K)
[2025-08-01T02:21:06.150+0000] GC(15) Pause Young (Allocation Failure) 2876M->2872M(4029M) 189.638ms
[2025-08-01T02:21:06.150+0000] GC(15) User=1.41s Sys=0.04s Real=0.19s
[2025-08-01T02:21:06.246+0000] GC(16) Pause Young (Allocation Failure)
[2025-08-01T02:21:06.246+0000] GC(16) Using 8 workers of 8 for evacuation
[2025-08-01T02:21:06.384+0000] GC(16) ParNew: 613440K->68096K(613440K)
[2025-08-01T02:21:06.384+0000] GC(16) CMS: 2873648K->3038572K(3512768K)
[2025-08-01T02:21:06.384+0000] GC(16) Metaspace: 9703K(12544K)->9703K(12544K) NonClass: 8537K(11008K)->8537K(11008K) Class: 1166K(1536K)->1166K(1536K)
[2025-08-01T02:21:06.384+0000] GC(16) Pause Young (Allocation Failure) 3405M->3033M(4029M) 138.660ms
[2025-08-01T02:21:06.385+0000] GC(16) User=0.75s Sys=0.26s Real=0.14s
[2025-08-01T02:21:06.482+0000] GC(17) Pause Young (Allocation Failure)
[2025-08-01T02:21:06.482+0000] GC(17) Using 8 workers of 8 for evacuation
[2025-08-01T02:21:06.482+0000] GC(18) Pause Full (Allocation Failure)
[2025-08-01T02:21:06.639+0000] GC(13) Concurrent Abortable Preclean 958.282ms
[2025-08-01T02:21:06.639+0000] GC(13) User=4.46s Sys=0.30s Real=0.96s
[2025-08-01T02:21:06.639+0000] GC(18) Phase 1: Mark live objects
[2025-08-01T02:21:06.769+0000] GC(18) Phase 1: Mark live objects 129.184ms
[2025-08-01T02:21:06.769+0000] GC(18) Phase 2: Compute new object addresses
[2025-08-01T02:21:07.222+0000] GC(18) Phase 2: Compute new object addresses 452.923ms
[2025-08-01T02:21:07.222+0000] GC(18) Phase 3: Adjust pointers
[2025-08-01T02:21:07.317+0000] GC(18) Phase 3: Adjust pointers 94.899ms
[2025-08-01T02:21:07.317+0000] GC(18) Phase 4: Move objects
[2025-08-01T02:21:07.563+0000] GC(18) Phase 4: Move objects 246.528ms
[2025-08-01T02:21:07.577+0000] GC(18) Pause Full (Allocation Failure) 3566M->618M(4029M) 1095.016ms
[2025-08-01T02:21:07.577+0000] GC(17) ParNew: 613440K->0K(613440K)
[2025-08-01T02:21:07.577+0000] GC(17) CMS: 3038572K->633650K(3512768K)
[2025-08-01T02:21:07.577+0000] GC(17) Metaspace: 9703K(12544K)->9703K(12544K) NonClass: 8537K(11008K)->8537K(11008K) Class: 1166K(1536K)->1166K(1536K)
[2025-08-01T02:21:07.577+0000] GC(17) Pause Young (Allocation Failure) 3566M->618M(4029M) 1095.286ms
[2025-08-01T02:21:07.577+0000] GC(17) User=1.09s Sys=0.00s Real=1.10s
[2025-08-01T02:21:07.671+0000] GC(19) Pause Young (Allocation Failure)
[2025-08-01T02:21:07.672+0000] GC(19) Using 8 workers of 8 for evacuation
[2025-08-01T02:21:07.823+0000] GC(19) ParNew: 545344K->68096K(613440K)
[2025-08-01T02:21:07.824+0000] GC(19) CMS: 633650K->1108997K(3512768K)
[2025-08-01T02:21:07.824+0000] GC(19) Metaspace: 9703K(12544K)->9703K(12544K) NonClass: 8537K(11008K)->8537K(11008K) Class: 1166K(1536K)->1166K(1536K)
[2025-08-01T02:21:07.824+0000] GC(19) Pause Young (Allocation Failure) 1151M->1149M(4029M) 152.178ms
[2025-08-01T02:21:07.824+0000] GC(19) User=1.14s Sys=0.00s Real=0.16s
[2025-08-01T02:21:07.916+0000] GC(20) Pause Young (Allocation Failure)
[2025-08-01T02:21:07.917+0000] GC(20) Using 8 workers of 8 for evacuation
[2025-08-01T02:21:08.081+0000] GC(20) ParNew: 613440K->68096K(613440K)
[2025-08-01T02:21:08.081+0000] GC(20) CMS: 1108997K->1518505K(3512768K)
[2025-08-01T02:21:08.081+0000] GC(20) Metaspace: 9703K(12544K)->9703K(12544K) NonClass: 8537K(11008K)->8537K(11008K) Class: 1166K(1536K)->1166K(1536K)
[2025-08-01T02:21:08.081+0000] GC(20) Pause Young (Allocation Failure) 1682M->1549M(4029M) 164.974ms
[2025-08-01T02:21:08.081+0000] GC(20) User=1.11s Sys=0.13s Real=0.16s
[2025-08-01T02:21:08.175+0000] GC(21) Pause Young (Allocation Failure)
[2025-08-01T02:21:08.175+0000] GC(21) Using 8 workers of 8 for evacuation
[2025-08-01T02:21:08.341+0000] GC(21) ParNew: 613440K->68096K(613440K)
[2025-08-01T02:21:08.341+0000] GC(21) CMS: 1518505K->1852992K(3512768K)
[2025-08-01T02:21:08.341+0000] GC(21) Metaspace: 9703K(12544K)->9703K(12544K) NonClass: 8537K(11008K)->8537K(11008K) Class: 1166K(1536K)->1166K(1536K)
[2025-08-01T02:21:08.341+0000] GC(21) Pause Young (Allocation Failure) 2081M->1876M(4029M) 166.202ms
[2025-08-01T02:21:08.341+0000] GC(21) User=1.21s Sys=0.08s Real=0.16s
[2025-08-01T02:21:08.349+0000] GC(22) Pause Initial Mark
[2025-08-01T02:21:08.353+0000] GC(22) Pause Initial Mark 1923M->1923M(4029M) 3.709ms
[2025-08-01T02:21:08.353+0000] GC(22) User=0.02s Sys=0.00s Real=0.00s
[2025-08-01T02:21:08.353+0000] GC(22) Concurrent Mark
[2025-08-01T02:21:08.353+0000] GC(22) Using 2 workers of 2 for marking
[2025-08-01T02:21:08.420+0000] GC(22) Concurrent Mark 66.832ms
[2025-08-01T02:21:08.420+0000] GC(22) User=0.20s Sys=0.00s Real=0.06s
[2025-08-01T02:21:08.420+0000] GC(22) Concurrent Preclean
[2025-08-01T02:21:08.428+0000] GC(22) Concurrent Preclean 8.159ms
[2025-08-01T02:21:08.428+0000] GC(22) User=0.03s Sys=0.00s Real=0.01s
[2025-08-01T02:21:08.428+0000] GC(22) Concurrent Abortable Preclean
[2025-08-01T02:21:08.441+0000] GC(23) Pause Young (Allocation Failure)
[2025-08-01T02:21:08.441+0000] GC(23) Using 8 workers of 8 for evacuation
[2025-08-01T02:21:08.625+0000] GC(23) ParNew: 613440K->68096K(613440K)
[2025-08-01T02:21:08.625+0000] GC(23) CMS: 1852992K->2397609K(3512768K)
[2025-08-01T02:21:08.625+0000] GC(23) Metaspace: 9703K(12544K)->9703K(12544K) NonClass: 8537K(11008K)->8537K(11008K) Class: 1166K(1536K)->1166K(1536K)
[2025-08-01T02:21:08.625+0000] GC(23) Pause Young (Allocation Failure) 2408M->2407M(4029M) 183.780ms
[2025-08-01T02:21:08.625+0000] GC(23) User=1.38s Sys=0.04s Real=0.19s
[2025-08-01T02:21:08.717+0000] GC(24) Pause Young (Allocation Failure)
[2025-08-01T02:21:08.717+0000] GC(24) Using 8 workers of 8 for evacuation
[2025-08-01T02:21:08.866+0000] GC(24) ParNew: 613440K->68096K(613440K)
[2025-08-01T02:21:08.866+0000] GC(24) CMS: 2397609K->2942582K(3512768K)
[2025-08-01T02:21:08.866+0000] GC(24) Metaspace: 9703K(12544K)->9703K(12544K) NonClass: 8537K(11008K)->8537K(11008K) Class: 1166K(1536K)->1166K(1536K)
[2025-08-01T02:21:08.866+0000] GC(24) Pause Young (Allocation Failure) 2940M->2940M(4029M) 148.759ms
[2025-08-01T02:21:08.866+0000] GC(24) User=1.17s Sys=0.00s Real=0.15s
[2025-08-01T02:21:08.961+0000] GC(25) Pause Young (Allocation Failure)
[2025-08-01T02:21:08.961+0000] GC(25) Using 8 workers of 8 for evacuation
[2025-08-01T02:21:08.961+0000] GC(26) Pause Full (Allocation Failure)
[2025-08-01T02:21:08.968+0000] GC(22) Concurrent Abortable Preclean 539.933ms
[2025-08-01T02:21:08.968+0000] GC(22) User=3.06s Sys=0.04s Real=0.54s
[2025-08-01T02:21:08.969+0000] GC(26) Phase 1: Mark live objects
[2025-08-01T02:21:09.004+0000] GC(26) Phase 1: Mark live objects 35.127ms
[2025-08-01T02:21:09.004+0000] GC(26) Phase 2: Compute new object addresses
[2025-08-01T02:21:09.449+0000] GC(26) Phase 2: Compute new object addresses 445.146ms
[2025-08-01T02:21:09.449+0000] GC(26) Phase 3: Adjust pointers
[2025-08-01T02:21:09.485+0000] GC(26) Phase 3: Adjust pointers 36.038ms
[2025-08-01T02:21:09.485+0000] GC(26) Phase 4: Move objects
[2025-08-01T02:21:09.560+0000] GC(26) Phase 4: Move objects 75.195ms
[2025-08-01T02:21:09.573+0000] GC(26) Pause Full (Allocation Failure) 3472M->186M(4029M) 612.151ms
[2025-08-01T02:21:09.573+0000] GC(25) ParNew: 613440K->0K(613440K)
[2025-08-01T02:21:09.573+0000] GC(25) CMS: 2942582K->191210K(3512768K)
[2025-08-01T02:21:09.573+0000] GC(25) Metaspace: 9703K(12544K)->9703K(12544K) NonClass: 8537K(11008K)->8537K(11008K) Class: 1166K(1536K)->1166K(1536K)
[2025-08-01T02:21:09.573+0000] GC(25) Pause Young (Allocation Failure) 3472M->186M(4029M) 612.409ms
[2025-08-01T02:21:09.573+0000] GC(25) User=0.61s Sys=0.00s Real=0.62s
[2025-08-01T02:21:09.675+0000] GC(27) Pause Young (Allocation Failure)
[2025-08-01T02:21:09.675+0000] GC(27) Using 8 workers of 8 for evacuation
[2025-08-01T02:21:09.866+0000] GC(27) ParNew: 545344K->68096K(613440K)
[2025-08-01T02:21:09.866+0000] GC(27) CMS: 191210K->670348K(3512768K)
[2025-08-01T02:21:09.866+0000] GC(27) Metaspace: 9703K(12544K)->9703K(12544K) NonClass: 8537K(11008K)->8537K(11008K) Class: 1166K(1536K)->1166K(1536K)
[2025-08-01T02:21:09.866+0000] GC(27) Pause Young (Allocation Failure) 719M->721M(4029M) 190.876ms
[2025-08-01T02:21:09.866+0000] GC(27) User=1.50s Sys=0.00s Real=0.19s
[2025-08-01T02:21:09.961+0000] GC(28) Pause Young (Allocation Failure)
[2025-08-01T02:21:09.961+0000] GC(28) Using 8 workers of 8 for evacuation
[2025-08-01T02:21:10.185+0000] GC(28) ParNew: 613440K->68096K(613440K)
[2025-08-01T02:21:10.185+0000] GC(28) CMS: 670348K->1214943K(3512768K)
[2025-08-01T02:21:10.185+0000] GC(28) Metaspace: 9703K(12544K)->9703K(12544K) NonClass: 8537K(11008K)->8537K(11008K) Class: 1166K(1536K)->1166K(1536K)
[2025-08-01T02:21:10.185+0000] GC(28) Pause Young (Allocation Failure) 1253M->1252M(4029M) 224.059ms
[2025-08-01T02:21:10.185+0000] GC(28) User=1.47s Sys=0.11s Real=0.23s
[2025-08-01T02:21:10.323+0000] GC(29) Pause Young (Allocation Failure)
[2025-08-01T02:21:10.324+0000] GC(29) Using 8 workers of 8 for evacuation
[2025-08-01T02:21:10.500+0000] GC(29) ParNew: 613440K->68096K(613440K)
[2025-08-01T02:21:10.500+0000] GC(29) CMS: 1214943K->1538704K(3512768K)
[2025-08-01T02:21:10.500+0000] GC(29) Metaspace: 9703K(12544K)->9703K(12544K) NonClass: 8537K(11008K)->8537K(11008K) Class: 1166K(1536K)->1166K(1536K)
[2025-08-01T02:21:10.500+0000] GC(29) Pause Young (Allocation Failure) 1785M->1569M(4029M) 177.048ms
[2025-08-01T02:21:10.501+0000] GC(29) User=1.25s Sys=0.10s Real=0.17s
[2025-08-01T02:21:10.595+0000] GC(30) Pause Young (Allocation Failure)
[2025-08-01T02:21:10.595+0000] GC(30) Using 8 workers of 8 for evacuation
[2025-08-01T02:21:10.737+0000] GC(30) ParNew: 613440K->68096K(613440K)
[2025-08-01T02:21:10.737+0000] GC(30) CMS: 1538704K->1901878K(3512768K)
[2025-08-01T02:21:10.737+0000] GC(30) Metaspace: 9703K(12544K)->9703K(12544K) NonClass: 8537K(11008K)->8537K(11008K) Class: 1166K(1536K)->1166K(1536K)
[2025-08-01T02:21:10.737+0000] GC(30) Pause Young (Allocation Failure) 2101M->1923M(4029M) 141.709ms
[2025-08-01T02:21:10.737+0000] GC(30) User=1.11s Sys=0.00s Real=0.14s
[2025-08-01T02:21:10.738+0000] GC(31) Pause Initial Mark
[2025-08-01T02:21:10.741+0000] GC(31) Pause Initial Mark 1931M->1931M(4029M) 3.399ms
[2025-08-01T02:21:10.741+0000] GC(31) User=0.02s Sys=0.00s Real=0.00s
[2025-08-01T02:21:10.741+0000] GC(31) Concurrent Mark
[2025-08-01T02:21:10.742+0000] GC(31) Using 2 workers of 2 for marking
[2025-08-01T02:21:10.829+0000] GC(31) Concurrent Mark 87.322ms
[2025-08-01T02:21:10.829+0000] GC(31) User=0.31s Sys=0.00s Real=0.09s
[2025-08-01T02:21:10.829+0000] GC(31) Concurrent Preclean
[2025-08-01T02:21:10.835+0000] GC(31) Concurrent Preclean 6.447ms
[2025-08-01T02:21:10.836+0000] GC(31) User=0.02s Sys=0.00s Real=0.01s
[2025-08-01T02:21:10.836+0000] GC(31) Concurrent Abortable Preclean
[2025-08-01T02:21:10.882+0000] GC(32) Pause Young (Allocation Failure)
[2025-08-01T02:21:10.882+0000] GC(32) Using 8 workers of 8 for evacuation
[2025-08-01T02:21:11.102+0000] GC(32) ParNew: 613440K->68096K(613440K)
[2025-08-01T02:21:11.102+0000] GC(32) CMS: 1901878K->2444343K(3512768K)
[2025-08-01T02:21:11.102+0000] GC(32) Metaspace: 9703K(12544K)->9703K(12544K) NonClass: 8537K(11008K)->8537K(11008K) Class: 1166K(1536K)->1166K(1536K)
[2025-08-01T02:21:11.102+0000] GC(32) Pause Young (Allocation Failure) 2456M->2453M(4029M) 219.587ms
[2025-08-01T02:21:11.102+0000] GC(32) User=1.68s Sys=0.04s Real=0.22s
[2025-08-01T02:21:11.202+0000] GC(33) Pause Young (Allocation Failure)
[2025-08-01T02:21:11.202+0000] GC(33) Using 8 workers of 8 for evacuation
[2025-08-01T02:21:11.374+0000] GC(33) ParNew: 613440K->68096K(613440K)
[2025-08-01T02:21:11.374+0000] GC(33) CMS: 2444343K->2862999K(3512768K)
[2025-08-01T02:21:11.374+0000] GC(33) Metaspace: 9703K(12544K)->9703K(12544K) NonClass: 8537K(11008K)->8537K(11008K) Class: 1166K(1536K)->1166K(1536K)
[2025-08-01T02:21:11.375+0000] GC(33) Pause Young (Allocation Failure) 2986M->2862M(4029M) 172.869ms
[2025-08-01T02:21:11.375+0000] GC(33) User=1.27s Sys=0.06s Real=0.18s
[2025-08-01T02:21:11.501+0000] GC(34) Pause Young (Allocation Failure)
[2025-08-01T02:21:11.502+0000] GC(34) Using 8 workers of 8 for evacuation
[2025-08-01T02:21:11.645+0000] GC(34) ParNew: 613440K->68096K(613440K)
[2025-08-01T02:21:11.645+0000] GC(34) CMS: 2862999K->3065692K(3512768K)
[2025-08-01T02:21:11.645+0000] GC(34) Metaspace: 9703K(12544K)->9703K(12544K) NonClass: 8537K(11008K)->8537K(11008K) Class: 1166K(1536K)->1166K(1536K)
[2025-08-01T02:21:11.645+0000] GC(34) Pause Young (Allocation Failure) 3394M->3060M(4029M) 143.286ms
[2025-08-01T02:21:11.645+0000] GC(34) User=1.04s Sys=0.08s Real=0.15s
[2025-08-01T02:21:11.738+0000] GC(35) Pause Young (Allocation Failure)
[2025-08-01T02:21:11.738+0000] GC(35) Using 8 workers of 8 for evacuation
[2025-08-01T02:21:11.738+0000] GC(36) Pause Full (Allocation Failure)
[2025-08-01T02:21:11.746+0000] GC(31) Concurrent Abortable Preclean 910.102ms
[2025-08-01T02:21:11.746+0000] GC(31) User=4.87s Sys=0.18s Real=0.91s
[2025-08-01T02:21:11.746+0000] GC(36) Phase 1: Mark live objects
[2025-08-01T02:21:11.894+0000] GC(36) Phase 1: Mark live objects 148.365ms
[2025-08-01T02:21:11.895+0000] GC(36) Phase 2: Compute new object addresses
[2025-08-01T02:21:12.328+0000] GC(36) Phase 2: Compute new object addresses 433.488ms
[2025-08-01T02:21:12.328+0000] GC(36) Phase 3: Adjust pointers
[2025-08-01T02:21:12.455+0000] GC(36) Phase 3: Adjust pointers 126.580ms
[2025-08-01T02:21:12.455+0000] GC(36) Phase 4: Move objects
[2025-08-01T02:21:12.784+0000] GC(36) Phase 4: Move objects 329.023ms
[2025-08-01T02:21:12.798+0000] GC(36) Pause Full (Allocation Failure) 3592M->823M(4029M) 1059.828ms
[2025-08-01T02:21:12.798+0000] GC(35) ParNew: 613440K->0K(613440K)
[2025-08-01T02:21:12.798+0000] GC(35) CMS: 3065692K->842972K(3512768K)
[2025-08-01T02:21:12.798+0000] GC(35) Metaspace: 9703K(12544K)->9703K(12544K) NonClass: 8537K(11008K)->8537K(11008K) Class: 1166K(1536K)->1166K(1536K)
[2025-08-01T02:21:12.798+0000] GC(35) Pause Young (Allocation Failure) 3592M->823M(4029M) 1060.069ms
[2025-08-01T02:21:12.798+0000] GC(35) User=1.06s Sys=0.00s Real=1.06s
[2025-08-01T02:21:12.903+0000] GC(37) Pause Young (Allocation Failure)
[2025-08-01T02:21:12.903+0000] GC(37) Using 8 workers of 8 for evacuation
[2025-08-01T02:21:13.051+0000] GC(37) ParNew: 545344K->68096K(613440K)
[2025-08-01T02:21:13.051+0000] GC(37) CMS: 842972K->1183593K(3512768K)
[2025-08-01T02:21:13.051+0000] GC(37) Metaspace: 9703K(12544K)->9703K(12544K) NonClass: 8537K(11008K)->8537K(11008K) Class: 1166K(1536K)->1166K(1536K)
[2025-08-01T02:21:13.051+0000] GC(37) Pause Young (Allocation Failure) 1355M->1222M(4029M) 147.976ms
[2025-08-01T02:21:13.051+0000] GC(37) User=1.08s Sys=0.04s Real=0.15s
[2025-08-01T02:21:13.145+0000] GC(38) Pause Young (Allocation Failure)
[2025-08-01T02:21:13.146+0000] GC(38) Using 8 workers of 8 for evacuation
[2025-08-01T02:21:13.279+0000] GC(38) ParNew: 613440K->68096K(613440K)
[2025-08-01T02:21:13.279+0000] GC(38) CMS: 1183593K->1612091K(3512768K)
[2025-08-01T02:21:13.279+0000] GC(38) Metaspace: 9703K(12544K)->9703K(12544K) NonClass: 8537K(11008K)->8537K(11008K) Class: 1166K(1536K)->1166K(1536K)
[2025-08-01T02:21:13.279+0000] GC(38) Pause Young (Allocation Failure) 1754M->1640M(4029M) 134.044ms
[2025-08-01T02:21:13.280+0000] GC(38) User=0.98s Sys=0.01s Real=0.13s
[2025-08-01T02:21:13.374+0000] GC(39) Pause Young (Allocation Failure)
[2025-08-01T02:21:13.374+0000] GC(39) Using 8 workers of 8 for evacuation
[2025-08-01T02:21:13.525+0000] GC(39) ParNew: 613440K->68096K(613440K)
[2025-08-01T02:21:13.525+0000] GC(39) CMS: 1612091K->2009728K(3512768K)
[2025-08-01T02:21:13.525+0000] GC(39) Metaspace: 9703K(12544K)->9703K(12544K) NonClass: 8537K(11008K)->8537K(11008K) Class: 1166K(1536K)->1166K(1536K)
[2025-08-01T02:21:13.525+0000] GC(39) Pause Young (Allocation Failure) 2173M->2029M(4029M) 151.124ms
[2025-08-01T02:21:13.525+0000] GC(39) User=1.14s Sys=0.04s Real=0.15s
[2025-08-01T02:21:13.526+0000] GC(40) Pause Initial Mark
[2025-08-01T02:21:13.530+0000] GC(40) Pause Initial Mark 2039M->2039M(4029M) 3.782ms
[2025-08-01T02:21:13.530+0000] GC(40) User=0.02s Sys=0.00s Real=0.00s
[2025-08-01T02:21:13.530+0000] GC(40) Concurrent Mark
[2025-08-01T02:21:13.530+0000] GC(40) Using 2 workers of 2 for marking
[2025-08-01T02:21:13.626+0000] GC(41) Pause Young (Allocation Failure)
[2025-08-01T02:21:13.626+0000] GC(41) Using 8 workers of 8 for evacuation
[2025-08-01T02:21:13.790+0000] GC(41) ParNew: 613440K->68096K(613440K)
[2025-08-01T02:21:13.790+0000] GC(41) CMS: 2009728K->2553845K(3512768K)
[2025-08-01T02:21:13.790+0000] GC(41) Metaspace: 9703K(12544K)->9703K(12544K) NonClass: 8537K(11008K)->8537K(11008K) Class: 1166K(1536K)->1166K(1536K)
[2025-08-01T02:21:13.790+0000] GC(41) Pause Young (Allocation Failure) 2561M->2560M(4029M) 164.148ms
[2025-08-01T02:21:13.790+0000] GC(41) User=1.27s Sys=0.00s Real=0.16s
[2025-08-01T02:21:13.884+0000] GC(42) Pause Young (Allocation Failure)
[2025-08-01T02:21:13.884+0000] GC(42) Using 8 workers of 8 for evacuation
[2025-08-01T02:21:14.033+0000] GC(42) ParNew: 613440K->68096K(613440K)
[2025-08-01T02:21:14.033+0000] GC(42) CMS: 2553845K->3057038K(3512768K)
[2025-08-01T02:21:14.033+0000] GC(42) Metaspace: 9703K(12544K)->9703K(12544K) NonClass: 8537K(11008K)->8537K(11008K) Class: 1166K(1536K)->1166K(1536K)
[2025-08-01T02:21:14.033+0000] GC(42) Pause Young (Allocation Failure) 3093M->3051M(4029M) 149.200ms
[2025-08-01T02:21:14.033+0000] GC(42) User=1.17s Sys=0.00s Real=0.15s
[2025-08-01T02:21:14.119+0000] GC(40) Concurrent Mark 588.127ms
[2025-08-01T02:21:14.119+0000] GC(40) User=3.42s Sys=0.00s Real=0.59s
[2025-08-01T02:21:14.119+0000] GC(40) Concurrent Preclean
[2025-08-01T02:21:14.127+0000] GC(43) Pause Young (Allocation Failure)
[2025-08-01T02:21:14.127+0000] GC(43) Using 8 workers of 8 for evacuation
[2025-08-01T02:21:14.127+0000] GC(44) Pause Full (Allocation Failure)
[2025-08-01T02:21:14.448+0000] GC(40) Concurrent Preclean 329.146ms
[2025-08-01T02:21:14.448+0000] GC(40) User=0.35s Sys=0.00s Real=0.33s
[2025-08-01T02:21:14.448+0000] GC(44) Phase 1: Mark live objects
[2025-08-01T02:21:14.552+0000] GC(44) Phase 1: Mark live objects 103.536ms
[2025-08-01T02:21:14.552+0000] GC(44) Phase 2: Compute new object addresses
[2025-08-01T02:21:15.026+0000] GC(44) Phase 2: Compute new object addresses 474.466ms
[2025-08-01T02:21:15.027+0000] GC(44) Phase 3: Adjust pointers
[2025-08-01T02:21:15.086+0000] GC(44) Phase 3: Adjust pointers 59.697ms
[2025-08-01T02:21:15.086+0000] GC(44) Phase 4: Move objects
[2025-08-01T02:21:15.240+0000] GC(44) Phase 4: Move objects 153.869ms
[2025-08-01T02:21:15.253+0000] GC(44) Pause Full (Allocation Failure) 3584M->390M(4029M) 1126.028ms
[2025-08-01T02:21:15.253+0000] GC(43) ParNew: 613440K->0K(613440K)
[2025-08-01T02:21:15.253+0000] GC(43) CMS: 3057038K->400175K(3512768K)
[2025-08-01T02:21:15.253+0000] GC(43) Metaspace: 9703K(12544K)->9703K(12544K) NonClass: 8537K(11008K)->8537K(11008K) Class: 1166K(1536K)->1166K(1536K)
[2025-08-01T02:21:15.253+0000] GC(43) Pause Young (Allocation Failure) 3584M->390M(4029M) 1126.299ms
[2025-08-01T02:21:15.253+0000] GC(43) User=1.13s Sys=0.00s Real=1.12s
[2025-08-01T02:21:15.361+0000] GC(45) Pause Young (Allocation Failure)
[2025-08-01T02:21:15.361+0000] GC(45) Using 8 workers of 8 for evacuation
[2025-08-01T02:21:15.586+0000] GC(45) ParNew: 545344K->68096K(613440K)
[2025-08-01T02:21:15.586+0000] GC(45) CMS: 400175K->875960K(3512768K)
[2025-08-01T02:21:15.586+0000] GC(45) Metaspace: 9703K(12544K)->9703K(12544K) NonClass: 8537K(11008K)->8537K(11008K) Class: 1166K(1536K)->1166K(1536K)
[2025-08-01T02:21:15.586+0000] GC(45) Pause Young (Allocation Failure) 923M->921M(4029M) 224.937ms
[2025-08-01T02:21:15.586+0000] GC(45) User=1.68s Sys=0.07s Real=0.23s
[2025-08-01T02:21:15.678+0000] GC(46) Pause Young (Allocation Failure)
[2025-08-01T02:21:15.678+0000] GC(46) Using 8 workers of 8 for evacuation
[2025-08-01T02:21:15.877+0000] GC(46) ParNew: 613440K->68094K(613440K)
[2025-08-01T02:21:15.877+0000] GC(46) CMS: 875960K->1298920K(3512768K)
[2025-08-01T02:21:15.877+0000] GC(46) Metaspace: 9703K(12544K)->9703K(12544K) NonClass: 8537K(11008K)->8537K(11008K) Class: 1166K(1536K)->1166K(1536K)
[2025-08-01T02:21:15.877+0000] GC(46) Pause Young (Allocation Failure) 1454M->1334M(4029M) 199.048ms
[2025-08-01T02:21:15.877+0000] GC(46) User=1.48s Sys=0.07s Real=0.20s
[2025-08-01T02:21:15.975+0000] GC(47) Pause Young (Allocation Failure)
[2025-08-01T02:21:15.975+0000] GC(47) Using 8 workers of 8 for evacuation
[2025-08-01T02:21:16.087+0000] GC(47) ParNew: 613438K->68096K(613440K)
[2025-08-01T02:21:16.087+0000] GC(47) CMS: 1298920K->1582707K(3512768K)
[2025-08-01T02:21:16.087+0000] GC(47) Metaspace: 9703K(12544K)->9703K(12544K) NonClass: 8537K(11008K)->8537K(11008K) Class: 1166K(1536K)->1166K(1536K)
[2025-08-01T02:21:16.087+0000] GC(47) Pause Young (Allocation Failure) 1867M->1612M(4029M) 112.209ms
[2025-08-01T02:21:16.087+0000] GC(47) User=0.84s Sys=0.03s Real=0.11s
[2025-08-01T02:21:16.183+0000] GC(48) Pause Young (Allocation Failure)
[2025-08-01T02:21:16.183+0000] GC(48) Using 8 workers of 8 for evacuation
[2025-08-01T02:21:16.311+0000] GC(48) ParNew: 613440K->68096K(613440K)
[2025-08-01T02:21:16.311+0000] GC(48) CMS: 1582707K->2004847K(3512768K)
[2025-08-01T02:21:16.311+0000] GC(48) Metaspace: 9703K(12544K)->9703K(12544K) NonClass: 8537K(11008K)->8537K(11008K) Class: 1166K(1536K)->1166K(1536K)
[2025-08-01T02:21:16.311+0000] GC(48) Pause Young (Allocation Failure) 2144M->2024M(4029M) 127.752ms
[2025-08-01T02:21:16.311+0000] GC(48) User=0.99s Sys=0.00s Real=0.12s
[2025-08-01T02:21:16.313+0000] GC(49) Pause Initial Mark
[2025-08-01T02:21:16.315+0000] GC(49) Pause Initial Mark 2037M->2037M(4029M) 2.923ms
[2025-08-01T02:21:16.316+0000] GC(49) User=0.01s Sys=0.00s Real=0.01s
[2025-08-01T02:21:16.316+0000] GC(49) Concurrent Mark
[2025-08-01T02:21:16.316+0000] GC(49) Using 2 workers of 2 for marking
[2025-08-01T02:21:16.416+0000] GC(50) Pause Young (Allocation Failure)
[2025-08-01T02:21:16.416+0000] GC(50) Using 8 workers of 8 for evacuation
[2025-08-01T02:21:16.539+0000] GC(50) ParNew: 613440K->68096K(613440K)
[2025-08-01T02:21:16.540+0000] GC(50) CMS: 2004847K->2391517K(3512768K)
[2025-08-01T02:21:16.540+0000] GC(50) Metaspace: 9703K(12544K)->9703K(12544K) NonClass: 8537K(11008K)->8537K(11008K) Class: 1166K(1536K)->1166K(1536K)
[2025-08-01T02:21:16.540+0000] GC(50) Pause Young (Allocation Failure) 2556M->2401M(4029M) 123.830ms
[2025-08-01T02:21:16.540+0000] GC(50) User=0.97s Sys=0.00s Real=0.12s
[2025-08-01T02:21:16.634+0000] GC(49) Concurrent Mark 318.352ms
[2025-08-01T02:21:16.634+0000] GC(49) User=1.70s Sys=0.00s Real=0.32s
[2025-08-01T02:21:16.634+0000] GC(49) Concurrent Preclean
[2025-08-01T02:21:16.635+0000] GC(51) Pause Young (Allocation Failure)
[2025-08-01T02:21:16.635+0000] GC(51) Using 8 workers of 8 for evacuation
[2025-08-01T02:21:16.757+0000] GC(51) ParNew: 613440K->68096K(613440K)
[2025-08-01T02:21:16.757+0000] GC(51) CMS: 2391517K->2792518K(3512768K)
[2025-08-01T02:21:16.758+0000] GC(51) Metaspace: 9703K(12544K)->9703K(12544K) NonClass: 8537K(11008K)->8537K(11008K) Class: 1166K(1536K)->1166K(1536K)
[2025-08-01T02:21:16.758+0000] GC(51) Pause Young (Allocation Failure) 2934M->2793M(4029M) 122.965ms
[2025-08-01T02:21:16.758+0000] GC(51) User=0.96s Sys=0.00s Real=0.12s
[2025-08-01T02:21:16.849+0000] GC(52) Pause Young (Allocation Failure)
[2025-08-01T02:21:16.849+0000] GC(52) Using 8 workers of 8 for evacuation
[2025-08-01T02:21:16.951+0000] GC(52) ParNew: 613440K->68096K(613440K)
[2025-08-01T02:21:16.951+0000] GC(52) CMS: 2792518K->3088935K(3512768K)
[2025-08-01T02:21:16.951+0000] GC(52) Metaspace: 9703K(12544K)->9703K(12544K) NonClass: 8537K(11008K)->8537K(11008K) Class: 1166K(1536K)->1166K(1536K)
[2025-08-01T02:21:16.951+0000] GC(52) Pause Young (Allocation Failure) 3326M->3083M(4029M) 102.044ms
[2025-08-01T02:21:16.951+0000] GC(52) User=0.79s Sys=0.00s Real=0.10s
[2025-08-01T02:21:17.041+0000] GC(53) Pause Young (Allocation Failure)
[2025-08-01T02:21:17.041+0000] GC(53) Using 8 workers of 8 for evacuation
[2025-08-01T02:21:17.041+0000] GC(54) Pause Full (Allocation Failure)
[2025-08-01T02:21:17.224+0000] GC(49) Concurrent Preclean 589.991ms
[2025-08-01T02:21:17.224+0000] GC(49) User=2.42s Sys=0.00s Real=0.59s
[2025-08-01T02:21:17.225+0000] GC(54) Phase 1: Mark live objects
[2025-08-01T02:21:17.408+0000] GC(54) Phase 1: Mark live objects 182.931ms
[2025-08-01T02:21:17.408+0000] GC(54) Phase 2: Compute new object addresses
[2025-08-01T02:21:17.895+0000] GC(54) Phase 2: Compute new object addresses 487.578ms
[2025-08-01T02:21:17.895+0000] GC(54) Phase 3: Adjust pointers
[2025-08-01T02:21:18.050+0000] GC(54) Phase 3: Adjust pointers 154.780ms
[2025-08-01T02:21:18.050+0000] GC(54) Phase 4: Move objects
[2025-08-01T02:21:18.492+0000] GC(54) Phase 4: Move objects 442.149ms
[2025-08-01T02:21:18.505+0000] GC(54) Pause Full (Allocation Failure) 3615M->1014M(4029M) 1463.820ms
[2025-08-01T02:21:18.505+0000] GC(53) ParNew: 613440K->0K(613440K)
[2025-08-01T02:21:18.505+0000] GC(53) CMS: 3088935K->1039297K(3512768K)
[2025-08-01T02:21:18.505+0000] GC(53) Metaspace: 9703K(12544K)->9703K(12544K) NonClass: 8537K(11008K)->8537K(11008K) Class: 1166K(1536K)->1166K(1536K)
[2025-08-01T02:21:18.505+0000] GC(53) Pause Young (Allocation Failure) 3615M->1014M(4029M) 1464.070ms
[2025-08-01T02:21:18.505+0000] GC(53) User=1.46s Sys=0.00s Real=1.47s
[2025-08-01T02:21:18.607+0000] GC(55) Pause Young (Allocation Failure)
[2025-08-01T02:21:18.607+0000] GC(55) Using 8 workers of 8 for evacuation
[2025-08-01T02:21:18.769+0000] GC(55) ParNew: 545344K->68096K(613440K)
[2025-08-01T02:21:18.769+0000] GC(55) CMS: 1039297K->1475865K(3512768K)
[2025-08-01T02:21:18.769+0000] GC(55) Metaspace: 9703K(12544K)->9703K(12544K) NonClass: 8537K(11008K)->8537K(11008K) Class: 1166K(1536K)->1166K(1536K)
[2025-08-01T02:21:18.769+0000] GC(55) Pause Young (Allocation Failure) 1547M->1507M(4029M) 161.348ms
[2025-08-01T02:21:18.769+0000] GC(55) User=1.25s Sys=0.00s Real=0.16s
[2025-08-01T02:21:18.861+0000] GC(56) Pause Young (Allocation Failure)
[2025-08-01T02:21:18.861+0000] GC(56) Using 8 workers of 8 for evacuation
[2025-08-01T02:21:18.970+0000] GC(56) ParNew: 613440K->68096K(613440K)
[2025-08-01T02:21:18.970+0000] GC(56) CMS: 1475865K->1803202K(3512768K)
[2025-08-01T02:21:18.970+0000] GC(56) Metaspace: 9703K(12544K)->9703K(12544K) NonClass: 8537K(11008K)->8537K(11008K) Class: 1166K(1536K)->1166K(1536K)
[2025-08-01T02:21:18.971+0000] GC(56) Pause Young (Allocation Failure) 2040M->1827M(4029M) 109.506ms
[2025-08-01T02:21:18.971+0000] GC(56) User=0.84s Sys=0.00s Real=0.11s
[2025-08-01T02:21:18.972+0000] GC(57) Pause Initial Mark
[2025-08-01T02:21:18.975+0000] GC(57) Pause Initial Mark 1835M->1835M(4029M) 3.504ms
[2025-08-01T02:21:18.975+0000] GC(57) User=0.02s Sys=0.00s Real=0.01s
[2025-08-01T02:21:18.975+0000] GC(57) Concurrent Mark
[2025-08-01T02:21:18.976+0000] GC(57) Using 2 workers of 2 for marking
[2025-08-01T02:21:19.071+0000] GC(58) Pause Young (Allocation Failure)
[2025-08-01T02:21:19.071+0000] GC(58) Using 8 workers of 8 for evacuation
[2025-08-01T02:21:19.211+0000] GC(58) ParNew: 613440K->68096K(613440K)
[2025-08-01T02:21:19.211+0000] GC(58) CMS: 1803202K->2268633K(3512768K)
[2025-08-01T02:21:19.211+0000] GC(58) Metaspace: 9703K(12544K)->9703K(12544K) NonClass: 8537K(11008K)->8537K(11008K) Class: 1166K(1536K)->1166K(1536K)
[2025-08-01T02:21:19.211+0000] GC(58) Pause Young (Allocation Failure) 2360M->2281M(4029M) 140.346ms
[2025-08-01T02:21:19.211+0000] GC(58) User=1.10s Sys=0.00s Real=0.14s
[2025-08-01T02:21:19.334+0000] GC(57) Concurrent Mark 358.907ms
[2025-08-01T02:21:19.334+0000] GC(57) User=1.87s Sys=0.00s Real=0.36s
[2025-08-01T02:21:19.335+0000] GC(57) Concurrent Preclean
[2025-08-01T02:21:19.351+0000] GC(59) Pause Young (Allocation Failure)
[2025-08-01T02:21:19.352+0000] GC(59) Using 8 workers of 8 for evacuation
[2025-08-01T02:21:19.486+0000] GC(59) ParNew: 613440K->68096K(613440K)
[2025-08-01T02:21:19.486+0000] GC(59) CMS: 2268633K->2696228K(3512768K)
[2025-08-01T02:21:19.487+0000] GC(59) Metaspace: 9703K(12544K)->9703K(12544K) NonClass: 8537K(11008K)->8537K(11008K) Class: 1166K(1536K)->1166K(1536K)
[2025-08-01T02:21:19.487+0000] GC(59) Pause Young (Allocation Failure) 2814M->2699M(4029M) 135.098ms
[2025-08-01T02:21:19.487+0000] GC(59) User=1.02s Sys=0.00s Real=0.14s
[2025-08-01T02:21:19.582+0000] GC(60) Pause Young (Allocation Failure)
[2025-08-01T02:21:19.582+0000] GC(60) Using 8 workers of 8 for evacuation
[2025-08-01T02:21:19.766+0000] GC(60) ParNew: 613440K->68096K(613440K)
[2025-08-01T02:21:19.766+0000] GC(60) CMS: 2696228K->3134639K(3512768K)
[2025-08-01T02:21:19.766+0000] GC(60) Metaspace: 9703K(12544K)->9703K(12544K) NonClass: 8537K(11008K)->8537K(11008K) Class: 1166K(1536K)->1166K(1536K)
[2025-08-01T02:21:19.766+0000] GC(60) Pause Young (Allocation Failure) 3232M->3127M(4029M) 183.795ms
[2025-08-01T02:21:19.766+0000] GC(60) User=1.31s Sys=0.12s Real=0.19s
[2025-08-01T02:21:19.912+0000] GC(61) Pause Young (Allocation Failure)
[2025-08-01T02:21:19.912+0000] GC(61) Using 8 workers of 8 for evacuation
[2025-08-01T02:21:19.912+0000] GC(62) Pause Full (Allocation Failure)
[2025-08-01T02:21:20.105+0000] GC(57) Concurrent Preclean 770.586ms
[2025-08-01T02:21:20.105+0000] GC(57) User=3.12s Sys=0.13s Real=0.77s
[2025-08-01T02:21:20.106+0000] GC(62) Phase 1: Mark live objects
[2025-08-01T02:21:20.249+0000] GC(62) Phase 1: Mark live objects 143.660ms
[2025-08-01T02:21:20.249+0000] GC(62) Phase 2: Compute new object addresses
[2025-08-01T02:21:20.742+0000] GC(62) Phase 2: Compute new object addresses 493.190ms
[2025-08-01T02:21:20.743+0000] GC(62) Phase 3: Adjust pointers
[2025-08-01T02:21:20.832+0000] GC(62) Phase 3: Adjust pointers 89.535ms
[2025-08-01T02:21:20.832+0000] GC(62) Phase 4: Move objects
[2025-08-01T02:21:21.052+0000] GC(62) Phase 4: Move objects 219.740ms
[2025-08-01T02:21:21.066+0000] GC(62) Pause Full (Allocation Failure) 3660M->586M(4029M) 1153.799ms
[2025-08-01T02:21:21.066+0000] GC(61) ParNew: 613440K->0K(613440K)
[2025-08-01T02:21:21.066+0000] GC(61) CMS: 3134639K->600791K(3512768K)
[2025-08-01T02:21:21.066+0000] GC(61) Metaspace: 9703K(12544K)->9703K(12544K) NonClass: 8537K(11008K)->8537K(11008K) Class: 1166K(1536K)->1166K(1536K)
[2025-08-01T02:21:21.066+0000] GC(61) Pause Young (Allocation Failure) 3660M->586M(4029M) 1154.055ms
[2025-08-01T02:21:21.066+0000] GC(61) User=1.15s Sys=0.01s Real=1.16s
[2025-08-01T02:21:21.175+0000] GC(63) Pause Young (Allocation Failure)
[2025-08-01T02:21:21.175+0000] GC(63) Using 8 workers of 8 for evacuation
[2025-08-01T02:21:21.412+0000] GC(63) ParNew: 545344K->68096K(613440K)
[2025-08-01T02:21:21.412+0000] GC(63) CMS: 600791K->1075031K(3512768K)
[2025-08-01T02:21:21.413+0000] GC(63) Metaspace: 9703K(12544K)->9703K(12544K) NonClass: 8537K(11008K)->8537K(11008K) Class: 1166K(1536K)->1166K(1536K)
[2025-08-01T02:21:21.413+0000] GC(63) Pause Young (Allocation Failure) 1119M->1116M(4029M) 237.321ms
[2025-08-01T02:21:21.413+0000] GC(63) User=1.75s Sys=0.11s Real=0.23s
[2025-08-01T02:21:21.536+0000] GC(64) Pause Young (Allocation Failure)
[2025-08-01T02:21:21.536+0000] GC(64) Using 8 workers of 8 for evacuation
[2025-08-01T02:21:21.676+0000] GC(64) ParNew: 613440K->68094K(613440K)
[2025-08-01T02:21:21.676+0000] GC(64) CMS: 1075031K->1427784K(3512768K)
[2025-08-01T02:21:21.676+0000] GC(64) Metaspace: 9703K(12544K)->9703K(12544K) NonClass: 8537K(11008K)->8537K(11008K) Class: 1166K(1536K)->1166K(1536K)
[2025-08-01T02:21:21.676+0000] GC(64) Pause Young (Allocation Failure) 1648M->1460M(4029M) 140.370ms
[2025-08-01T02:21:21.676+0000] GC(64) User=1.03s Sys=0.04s Real=0.14s
[2025-08-01T02:21:21.776+0000] GC(65) Pause Young (Allocation Failure)
[2025-08-01T02:21:21.776+0000] GC(65) Using 8 workers of 8 for evacuation
[2025-08-01T02:21:21.901+0000] GC(65) ParNew: 613438K->68096K(613440K)
[2025-08-01T02:21:21.901+0000] GC(65) CMS: 1427784K->1851154K(3512768K)
[2025-08-01T02:21:21.901+0000] GC(65) Metaspace: 9703K(12544K)->9703K(12544K) NonClass: 8537K(11008K)->8537K(11008K) Class: 1166K(1536K)->1166K(1536K)
[2025-08-01T02:21:21.901+0000] GC(65) Pause Young (Allocation Failure) 1993M->1874M(4029M) 125.703ms
[2025-08-01T02:21:21.901+0000] GC(65) User=0.96s Sys=0.01s Real=0.12s
[2025-08-01T02:21:21.902+0000] GC(66) Pause Initial Mark
[2025-08-01T02:21:21.904+0000] GC(66) Pause Initial Mark 1879M->1879M(4029M) 2.162ms
[2025-08-01T02:21:21.904+0000] GC(66) User=0.01s Sys=0.00s Real=0.01s
[2025-08-01T02:21:21.904+0000] GC(66) Concurrent Mark
[2025-08-01T02:21:21.904+0000] GC(66) Using 2 workers of 2 for marking
[2025-08-01T02:21:22.011+0000] GC(67) Pause Young (Allocation Failure)
[2025-08-01T02:21:22.011+0000] GC(67) Using 8 workers of 8 for evacuation
[2025-08-01T02:21:22.169+0000] GC(67) ParNew: 613440K->68096K(613440K)
[2025-08-01T02:21:22.169+0000] GC(67) CMS: 1851154K->2331517K(3512768K)
[2025-08-01T02:21:22.169+0000] GC(67) Metaspace: 9703K(12544K)->9703K(12544K) NonClass: 8537K(11008K)->8537K(11008K) Class: 1166K(1536K)->1166K(1536K)
[2025-08-01T02:21:22.169+0000] GC(67) Pause Young (Allocation Failure) 2406M->2343M(4029M) 158.032ms
[2025-08-01T02:21:22.169+0000] GC(67) User=1.22s Sys=0.02s Real=0.16s
[2025-08-01T02:21:22.267+0000] GC(68) Pause Young (Allocation Failure)
[2025-08-01T02:21:22.267+0000] GC(68) Using 8 workers of 8 for evacuation
[2025-08-01T02:21:22.410+0000] GC(68) ParNew: 613440K->68096K(613440K)
[2025-08-01T02:21:22.410+0000] GC(68) CMS: 2331517K->2766227K(3512768K)
[2025-08-01T02:21:22.410+0000] GC(68) Metaspace: 9703K(12544K)->9703K(12544K) NonClass: 8537K(11008K)->8537K(11008K) Class: 1166K(1536K)->1166K(1536K)
[2025-08-01T02:21:22.410+0000] GC(68) Pause Young (Allocation Failure) 2875M->2767M(4029M) 142.488ms
[2025-08-01T02:21:22.410+0000] GC(68) User=1.09s Sys=0.01s Real=0.14s
[2025-08-01T02:21:22.516+0000] GC(69) Pause Young (Allocation Failure)
[2025-08-01T02:21:22.516+0000] GC(69) Using 8 workers of 8 for evacuation
[2025-08-01T02:21:22.667+0000] GC(69) ParNew: 613440K->68096K(613440K)
[2025-08-01T02:21:22.667+0000] GC(69) CMS: 2766227K->3205661K(3512768K)
[2025-08-01T02:21:22.667+0000] GC(69) Metaspace: 9703K(12544K)->9703K(12544K) NonClass: 8537K(11008K)->8537K(11008K) Class: 1166K(1536K)->1166K(1536K)
[2025-08-01T02:21:22.667+0000] GC(69) Pause Young (Allocation Failure) 3300M->3197M(4029M) 151.255ms
[2025-08-01T02:21:22.668+0000] GC(69) User=1.06s Sys=0.13s Real=0.15s
[2025-08-01T02:21:22.753+0000] GC(66) Concurrent Mark 848.714ms
[2025-08-01T02:21:22.753+0000] GC(66) User=4.81s Sys=0.17s Real=0.85s
[2025-08-01T02:21:22.753+0000] GC(66) Concurrent Preclean
[2025-08-01T02:21:22.762+0000] GC(70) Pause Young (Allocation Failure)
[2025-08-01T02:21:22.763+0000] GC(70) Using 8 workers of 8 for evacuation
[2025-08-01T02:21:22.763+0000] GC(71) Pause Full (Allocation Failure)
[2025-08-01T02:21:23.187+0000] GC(66) Concurrent Preclean 433.470ms
[2025-08-01T02:21:23.187+0000] GC(66) User=0.45s Sys=0.00s Real=0.43s
[2025-08-01T02:21:23.187+0000] GC(71) Phase 1: Mark live objects
[2025-08-01T02:21:23.318+0000] GC(71) Phase 1: Mark live objects 130.323ms
[2025-08-01T02:21:23.318+0000] GC(71) Phase 2: Compute new object addresses
[2025-08-01T02:21:23.793+0000] GC(71) Phase 2: Compute new object addresses 475.177ms
[2025-08-01T02:21:23.793+0000] GC(71) Phase 3: Adjust pointers
[2025-08-01T02:21:23.905+0000] GC(71) Phase 3: Adjust pointers 112.510ms
[2025-08-01T02:21:23.906+0000] GC(71) Phase 4: Move objects
[2025-08-01T02:21:24.169+0000] GC(71) Phase 4: Move objects 263.535ms
[2025-08-01T02:21:24.183+0000] GC(71) Pause Full (Allocation Failure) 3729M->682M(4029M) 1420.117ms
[2025-08-01T02:21:24.183+0000] GC(70) ParNew: 613440K->0K(613440K)
[2025-08-01T02:21:24.183+0000] GC(70) CMS: 3205661K->699369K(3512768K)
[2025-08-01T02:21:24.183+0000] GC(70) Metaspace: 9703K(12544K)->9703K(12544K) NonClass: 8537K(11008K)->8537K(11008K) Class: 1166K(1536K)->1166K(1536K)
[2025-08-01T02:21:24.183+0000] GC(70) Pause Young (Allocation Failure) 3729M->682M(4029M) 1420.363ms
[2025-08-01T02:21:24.183+0000] GC(70) User=1.42s Sys=0.00s Real=1.42s
[2025-08-01T02:21:24.282+0000] GC(72) Pause Young (Allocation Failure)
[2025-08-01T02:21:24.282+0000] GC(72) Using 8 workers of 8 for evacuation
[2025-08-01T02:21:24.413+0000] GC(72) ParNew: 545344K->68096K(613440K)
[2025-08-01T02:21:24.413+0000] GC(72) CMS: 699369K->1057002K(3512768K)
[2025-08-01T02:21:24.413+0000] GC(72) Metaspace: 9703K(12544K)->9703K(12544K) NonClass: 8537K(11008K)->8537K(11008K) Class: 1166K(1536K)->1166K(1536K)
[2025-08-01T02:21:24.413+0000] GC(72) Pause Young (Allocation Failure) 1215M->1098M(4029M) 131.509ms
[2025-08-01T02:21:24.414+0000] GC(72) User=1.01s Sys=0.01s Real=0.14s
[2025-08-01T02:21:24.508+0000] GC(73) Pause Young (Allocation Failure)
[2025-08-01T02:21:24.509+0000] GC(73) Using 8 workers of 8 for evacuation
[2025-08-01T02:21:24.648+0000] GC(73) ParNew: 613440K->68096K(613440K)
[2025-08-01T02:21:24.649+0000] GC(73) CMS: 1057002K->1459114K(3512768K)
[2025-08-01T02:21:24.649+0000] GC(73) Metaspace: 9703K(12544K)->9703K(12544K) NonClass: 8537K(11008K)->8537K(11008K) Class: 1166K(1536K)->1166K(1536K)
[2025-08-01T02:21:24.649+0000] GC(73) Pause Young (Allocation Failure) 1631M->1491M(4029M) 140.174ms
[2025-08-01T02:21:24.649+0000] GC(73) User=1.05s Sys=0.02s Real=0.14s
[2025-08-01T02:21:24.747+0000] GC(74) Pause Young (Allocation Failure)
[2025-08-01T02:21:24.747+0000] GC(74) Using 8 workers of 8 for evacuation
[2025-08-01T02:21:24.871+0000] GC(74) ParNew: 613440K->68096K(613440K)
[2025-08-01T02:21:24.871+0000] GC(74) CMS: 1459114K->1741354K(3512768K)
[2025-08-01T02:21:24.871+0000] GC(74) Metaspace: 9703K(12544K)->9703K(12544K) NonClass: 8537K(11008K)->8537K(11008K) Class: 1166K(1536K)->1166K(1536K)
[2025-08-01T02:21:24.871+0000] GC(74) Pause Young (Allocation Failure) 2023M->1767M(4029M) 123.608ms
[2025-08-01T02:21:24.871+0000] GC(74) User=0.94s Sys=0.03s Real=0.12s
[2025-08-01T02:21:24.970+0000] GC(75) Pause Young (Allocation Failure)
[2025-08-01T02:21:24.970+0000] GC(75) Using 8 workers of 8 for evacuation
[2025-08-01T02:21:25.148+0000] GC(75) ParNew: 613440K->68094K(613440K)
[2025-08-01T02:21:25.148+0000] GC(75) CMS: 1741354K->2284173K(3512768K)
[2025-08-01T02:21:25.148+0000] GC(75) Metaspace: 9703K(12544K)->9703K(12544K) NonClass: 8537K(11008K)->8537K(11008K) Class: 1166K(1536K)->1166K(1536K)
[2025-08-01T02:21:25.148+0000] GC(75) Pause Young (Allocation Failure) 2299M->2297M(4029M) 178.218ms
[2025-08-01T02:21:25.148+0000] GC(75) User=1.33s Sys=0.03s Real=0.18s
[2025-08-01T02:21:25.153+0000] GC(76) Pause Initial Mark
[2025-08-01T02:21:25.156+0000] GC(76) Pause Initial Mark 2332M->2332M(4029M) 3.329ms
[2025-08-01T02:21:25.156+0000] GC(76) User=0.02s Sys=0.00s Real=0.00s
[2025-08-01T02:21:25.157+0000] GC(76) Concurrent Mark
[2025-08-01T02:21:25.157+0000] GC(76) Using 2 workers of 2 for marking
[2025-08-01T02:21:25.263+0000] GC(76) Concurrent Mark 106.072ms
[2025-08-01T02:21:25.263+0000] GC(76) User=0.34s Sys=0.00s Real=0.10s
[2025-08-01T02:21:25.263+0000] GC(76) Concurrent Preclean
[2025-08-01T02:21:25.270+0000] GC(76) Concurrent Preclean 6.809ms
[2025-08-01T02:21:25.270+0000] GC(76) User=0.01s Sys=0.00s Real=0.00s
[2025-08-01T02:21:25.270+0000] GC(76) Concurrent Abortable Preclean
[2025-08-01T02:21:25.302+0000] GC(77) Pause Young (Allocation Failure)
[2025-08-01T02:21:25.302+0000] GC(77) Using 8 workers of 8 for evacuation
[2025-08-01T02:21:25.482+0000] GC(77) ParNew: 613438K->68096K(613440K)
[2025-08-01T02:21:25.482+0000] GC(77) CMS: 2284173K->2773073K(3512768K)
[2025-08-01T02:21:25.482+0000] GC(77) Metaspace: 9703K(12544K)->9703K(12544K) NonClass: 8537K(11008K)->8537K(11008K) Class: 1166K(1536K)->1166K(1536K)
[2025-08-01T02:21:25.482+0000] GC(77) Pause Young (Allocation Failure) 2829M->2774M(4029M) 180.252ms
[2025-08-01T02:21:25.482+0000] GC(77) User=1.32s Sys=0.05s Real=0.18s
[2025-08-01T02:21:25.582+0000] GC(78) Pause Young (Allocation Failure)
[2025-08-01T02:21:25.582+0000] GC(78) Using 8 workers of 8 for evacuation
[2025-08-01T02:21:25.748+0000] GC(78) ParNew: 613440K->68096K(613440K)
[2025-08-01T02:21:25.748+0000] GC(78) CMS: 2773073K->3217739K(3512768K)
[2025-08-01T02:21:25.748+0000] GC(78) Metaspace: 9703K(12544K)->9703K(12544K) NonClass: 8537K(11008K)->8537K(11008K) Class: 1166K(1536K)->1166K(1536K)
[2025-08-01T02:21:25.748+0000] GC(78) Pause Young (Allocation Failure) 3307M->3208M(4029M) 166.358ms
[2025-08-01T02:21:25.748+0000] GC(78) User=1.16s Sys=0.08s Real=0.17s
[2025-08-01T02:21:25.891+0000] GC(79) Pause Young (Allocation Failure)
[2025-08-01T02:21:25.891+0000] GC(79) Using 8 workers of 8 for evacuation
[2025-08-01T02:21:25.892+0000] GC(80) Pause Full (Allocation Failure)
[2025-08-01T02:21:25.975+0000] GC(76) Concurrent Abortable Preclean 705.429ms
[2025-08-01T02:21:25.975+0000] GC(76) User=3.21s Sys=0.13s Real=0.71s
[2025-08-01T02:21:25.975+0000] GC(80) Phase 1: Mark live objects
[2025-08-01T02:21:26.126+0000] GC(80) Phase 1: Mark live objects 150.542ms
[2025-08-01T02:21:26.126+0000] GC(80) Phase 2: Compute new object addresses
[2025-08-01T02:21:26.637+0000] GC(80) Phase 2: Compute new object addresses 511.112ms
[2025-08-01T02:21:26.637+0000] GC(80) Phase 3: Adjust pointers
[2025-08-01T02:21:26.774+0000] GC(80) Phase 3: Adjust pointers 137.235ms
[2025-08-01T02:21:26.775+0000] GC(80) Phase 4: Move objects
[2025-08-01T02:21:27.109+0000] GC(80) Phase 4: Move objects 333.880ms
[2025-08-01T02:21:27.124+0000] GC(80) Pause Full (Allocation Failure) 3741M->788M(4029M) 1232.464ms
[2025-08-01T02:21:27.124+0000] GC(79) ParNew: 613440K->0K(613440K)
[2025-08-01T02:21:27.124+0000] GC(79) CMS: 3217739K->807670K(3512768K)
[2025-08-01T02:21:27.124+0000] GC(79) Metaspace: 9703K(12544K)->9703K(12544K) NonClass: 8537K(11008K)->8537K(11008K) Class: 1166K(1536K)->1166K(1536K)
[2025-08-01T02:21:27.124+0000] GC(79) Pause Young (Allocation Failure) 3741M->788M(4029M) 1232.790ms
[2025-08-01T02:21:27.124+0000] GC(79) User=1.22s Sys=0.01s Real=1.24s
[2025-08-01T02:21:27.224+0000] GC(81) Pause Young (Allocation Failure)
[2025-08-01T02:21:27.224+0000] GC(81) Using 8 workers of 8 for evacuation
[2025-08-01T02:21:27.379+0000] GC(81) ParNew: 545344K->68096K(613440K)
[2025-08-01T02:21:27.380+0000] GC(81) CMS: 807670K->1230952K(3512768K)
[2025-08-01T02:21:27.380+0000] GC(81) Metaspace: 9703K(12544K)->9703K(12544K) NonClass: 8537K(11008K)->8537K(11008K) Class: 1166K(1536K)->1166K(1536K)
[2025-08-01T02:21:27.380+0000] GC(81) Pause Young (Allocation Failure) 1321M->1268M(4029M) 155.480ms
[2025-08-01T02:21:27.380+0000] GC(81) User=1.16s Sys=0.04s Real=0.15s
[2025-08-01T02:21:27.475+0000] GC(82) Pause Young (Allocation Failure)
[2025-08-01T02:21:27.475+0000] GC(82) Using 8 workers of 8 for evacuation
[2025-08-01T02:21:27.651+0000] GC(82) ParNew: 613440K->68096K(613440K)
[2025-08-01T02:21:27.651+0000] GC(82) CMS: 1230952K->1783466K(3512768K)
[2025-08-01T02:21:27.651+0000] GC(82) Metaspace: 9703K(12544K)->9703K(12544K) NonClass: 8537K(11008K)->8537K(11008K) Class: 1166K(1536K)->1166K(1536K)
[2025-08-01T02:21:27.651+0000] GC(82) Pause Young (Allocation Failure) 1801M->1808M(4029M) 175.801ms
[2025-08-01T02:21:27.651+0000] GC(82) User=1.35s Sys=0.02s Real=0.17s
[2025-08-01T02:21:27.652+0000] GC(83) Pause Initial Mark
[2025-08-01T02:21:27.656+0000] GC(83) Pause Initial Mark 1818M->1818M(4029M) 3.317ms
[2025-08-01T02:21:27.656+0000] GC(83) User=0.02s Sys=0.00s Real=0.01s
[2025-08-01T02:21:27.656+0000] GC(83) Concurrent Mark
[2025-08-01T02:21:27.656+0000] GC(83) Using 2 workers of 2 for marking
[2025-08-01T02:21:27.805+0000] GC(84) Pause Young (Allocation Failure)
[2025-08-01T02:21:27.805+0000] GC(84) Using 8 workers of 8 for evacuation
[2025-08-01T02:21:27.904+0000] GC(84) ParNew: 613440K->68096K(613440K)
[2025-08-01T02:21:27.904+0000] GC(84) CMS: 1783466K->2090653K(3512768K)
[2025-08-01T02:21:27.904+0000] GC(84) Metaspace: 9703K(12544K)->9703K(12544K) NonClass: 8537K(11008K)->8537K(11008K) Class: 1166K(1536K)->1166K(1536K)
[2025-08-01T02:21:27.904+0000] GC(84) Pause Young (Allocation Failure) 2340M->2108M(4029M) 99.552ms
[2025-08-01T02:21:27.905+0000] GC(84) User=0.74s Sys=0.01s Real=0.10s
[2025-08-01T02:21:27.998+0000] GC(83) Concurrent Mark 341.962ms
[2025-08-01T02:21:27.998+0000] GC(83) User=1.53s Sys=0.01s Real=0.34s
[2025-08-01T02:21:27.998+0000] GC(83) Concurrent Preclean
[2025-08-01T02:21:28.003+0000] GC(85) Pause Young (Allocation Failure)
[2025-08-01T02:21:28.003+0000] GC(85) Using 8 workers of 8 for evacuation
[2025-08-01T02:21:28.144+0000] GC(85) ParNew: 613440K->68096K(613440K)
[2025-08-01T02:21:28.144+0000] GC(85) CMS: 2090653K->2547141K(3512768K)
[2025-08-01T02:21:28.144+0000] GC(85) Metaspace: 9703K(12544K)->9703K(12544K) NonClass: 8537K(11008K)->8537K(11008K) Class: 1166K(1536K)->1166K(1536K)
[2025-08-01T02:21:28.144+0000] GC(85) Pause Young (Allocation Failure) 2640M->2553M(4029M) 140.757ms
[2025-08-01T02:21:28.144+0000] GC(85) User=1.09s Sys=0.00s Real=0.14s
[2025-08-01T02:21:28.243+0000] GC(86) Pause Young (Allocation Failure)
[2025-08-01T02:21:28.243+0000] GC(86) Using 8 workers of 8 for evacuation
[2025-08-01T02:21:28.401+0000] GC(86) ParNew: 613440K->68096K(613440K)
[2025-08-01T02:21:28.401+0000] GC(86) CMS: 2547141K->3086259K(3512768K)
[2025-08-01T02:21:28.401+0000] GC(86) Metaspace: 9703K(12544K)->9703K(12544K) NonClass: 8537K(11008K)->8537K(11008K) Class: 1166K(1536K)->1166K(1536K)
[2025-08-01T02:21:28.401+0000] GC(86) Pause Young (Allocation Failure) 3086M->3080M(4029M) 158.354ms
[2025-08-01T02:21:28.401+0000] GC(86) User=1.23s Sys=0.01s Real=0.16s
[2025-08-01T02:21:28.495+0000] GC(87) Pause Young (Allocation Failure)
[2025-08-01T02:21:28.495+0000] GC(87) Using 8 workers of 8 for evacuation
[2025-08-01T02:21:28.495+0000] GC(88) Pause Full (Allocation Failure)
[2025-08-01T02:21:28.725+0000] GC(83) Concurrent Preclean 727.104ms
[2025-08-01T02:21:28.725+0000] GC(83) User=3.08s Sys=0.01s Real=0.73s
[2025-08-01T02:21:28.726+0000] GC(88) Phase 1: Mark live objects
[2025-08-01T02:21:28.866+0000] GC(88) Phase 1: Mark live objects 139.919ms
[2025-08-01T02:21:28.866+0000] GC(88) Phase 2: Compute new object addresses
[2025-08-01T02:21:29.367+0000] GC(88) Phase 2: Compute new object addresses 501.775ms
[2025-08-01T02:21:29.367+0000] GC(88) Phase 3: Adjust pointers
[2025-08-01T02:21:29.494+0000] GC(88) Phase 3: Adjust pointers 126.643ms
[2025-08-01T02:21:29.494+0000] GC(88) Phase 4: Move objects
[2025-08-01T02:21:29.828+0000] GC(88) Phase 4: Move objects 333.296ms
[2025-08-01T02:21:29.840+0000] GC(88) Pause Full (Allocation Failure) 3612M->808M(4029M) 1345.173ms
[2025-08-01T02:21:29.840+0000] GC(87) ParNew: 613440K->0K(613440K)
[2025-08-01T02:21:29.840+0000] GC(87) CMS: 3086259K->828039K(3512768K)
[2025-08-01T02:21:29.840+0000] GC(87) Metaspace: 9703K(12544K)->9703K(12544K) NonClass: 8537K(11008K)->8537K(11008K) Class: 1166K(1536K)->1166K(1536K)
[2025-08-01T02:21:29.841+0000] GC(87) Pause Young (Allocation Failure) 3612M->808M(4029M) 1345.498ms
[2025-08-01T02:21:29.841+0000] GC(87) User=1.35s Sys=0.00s Real=1.34s
[2025-08-01T02:21:29.950+0000] GC(89) Pause Young (Allocation Failure)
[2025-08-01T02:21:29.950+0000] GC(89) Using 8 workers of 8 for evacuation
[2025-08-01T02:21:30.139+0000] GC(89) ParNew: 545344K->68096K(613440K)
[2025-08-01T02:21:30.139+0000] GC(89) CMS: 828039K->1140565K(3512768K)
[2025-08-01T02:21:30.139+0000] GC(89) Metaspace: 9703K(12544K)->9703K(12544K) NonClass: 8537K(11008K)->8537K(11008K) Class: 1166K(1536K)->1166K(1536K)
[2025-08-01T02:21:30.139+0000] GC(89) Pause Young (Allocation Failure) 1341M->1180M(4029M) 189.297ms
[2025-08-01T02:21:30.139+0000] GC(89) User=1.42s Sys=0.04s Real=0.19s
[2025-08-01T02:21:30.239+0000] GC(90) Pause Young (Allocation Failure)
[2025-08-01T02:21:30.239+0000] GC(90) Using 8 workers of 8 for evacuation
[2025-08-01T02:21:30.454+0000] GC(90) ParNew: 613440K->68096K(613440K)
[2025-08-01T02:21:30.455+0000] GC(90) CMS: 1140565K->1683155K(3512768K)
[2025-08-01T02:21:30.455+0000] GC(90) Metaspace: 9703K(12544K)->9703K(12544K) NonClass: 8537K(11008K)->8537K(11008K) Class: 1166K(1536K)->1166K(1536K)
[2025-08-01T02:21:30.455+0000] GC(90) Pause Young (Allocation Failure) 1712M->1710M(4029M) 215.409ms
[2025-08-01T02:21:30.455+0000] GC(90) User=1.56s Sys=0.06s Real=0.22s
[2025-08-01T02:21:30.554+0000] GC(91) Pause Young (Allocation Failure)
[2025-08-01T02:21:30.554+0000] GC(91) Using 8 workers of 8 for evacuation
[2025-08-01T02:21:30.747+0000] GC(91) ParNew: 613440K->68096K(613440K)
[2025-08-01T02:21:30.747+0000] GC(91) CMS: 1683155K->2110311K(3512768K)
[2025-08-01T02:21:30.747+0000] GC(91) Metaspace: 9703K(12544K)->9703K(12544K) NonClass: 8537K(11008K)->8537K(11008K) Class: 1166K(1536K)->1166K(1536K)
[2025-08-01T02:21:30.747+0000] GC(91) Pause Young (Allocation Failure) 2242M->2127M(4029M) 193.414ms
[2025-08-01T02:21:30.747+0000] GC(91) User=1.46s Sys=0.04s Real=0.19s
[2025-08-01T02:21:30.753+0000] GC(92) Pause Initial Mark
[2025-08-01T02:21:30.757+0000] GC(92) Pause Initial Mark 2169M->2169M(4029M) 4.177ms
[2025-08-01T02:21:30.757+0000] GC(92) User=0.02s Sys=0.00s Real=0.01s
[2025-08-01T02:21:30.757+0000] GC(92) Concurrent Mark
[2025-08-01T02:21:30.757+0000] GC(92) Using 2 workers of 2 for marking
[2025-08-01T02:21:30.851+0000] GC(93) Pause Young (Allocation Failure)
[2025-08-01T02:21:30.852+0000] GC(93) Using 8 workers of 8 for evacuation
[2025-08-01T02:21:30.966+0000] GC(93) ParNew: 613440K->68096K(613440K)
[2025-08-01T02:21:30.966+0000] GC(93) CMS: 2110311K->2481415K(3512768K)
[2025-08-01T02:21:30.966+0000] GC(93) Metaspace: 9703K(12544K)->9703K(12544K) NonClass: 8537K(11008K)->8537K(11008K) Class: 1166K(1536K)->1166K(1536K)
[2025-08-01T02:21:30.966+0000] GC(93) Pause Young (Allocation Failure) 2659M->2489M(4029M) 114.443ms
[2025-08-01T02:21:30.966+0000] GC(93) User=0.88s Sys=0.00s Real=0.12s
[2025-08-01T02:21:31.049+0000] GC(92) Concurrent Mark 291.679ms
[2025-08-01T02:21:31.049+0000] GC(92) User=1.51s Sys=0.01s Real=0.29s
[2025-08-01T02:21:31.049+0000] GC(92) Concurrent Preclean
[2025-08-01T02:21:31.060+0000] GC(94) Pause Young (Allocation Failure)
[2025-08-01T02:21:31.060+0000] GC(94) Using 8 workers of 8 for evacuation
[2025-08-01T02:21:31.206+0000] GC(94) ParNew: 613440K->68096K(613440K)
[2025-08-01T02:21:31.206+0000] GC(94) CMS: 2481415K->2977910K(3512768K)
[2025-08-01T02:21:31.206+0000] GC(94) Metaspace: 9703K(12544K)->9703K(12544K) NonClass: 8537K(11008K)->8537K(11008K) Class: 1166K(1536K)->1166K(1536K)
[2025-08-01T02:21:31.206+0000] GC(94) Pause Young (Allocation Failure) 3022M->2974M(4029M) 146.239ms
[2025-08-01T02:21:31.206+0000] GC(94) User=1.13s Sys=0.00s Real=0.15s
[2025-08-01T02:21:31.304+0000] GC(95) Pause Young (Allocation Failure)
[2025-08-01T02:21:31.304+0000] GC(95) Using 8 workers of 8 for evacuation
[2025-08-01T02:21:31.304+0000] GC(96) Pause Full (Allocation Failure)
[2025-08-01T02:21:31.481+0000] GC(92) Concurrent Preclean 431.583ms
[2025-08-01T02:21:31.481+0000] GC(92) User=1.62s Sys=0.00s Real=0.43s
[2025-08-01T02:21:31.481+0000] GC(96) Phase 1: Mark live objects
[2025-08-01T02:21:31.605+0000] GC(96) Phase 1: Mark live objects 124.125ms
[2025-08-01T02:21:31.605+0000] GC(96) Phase 2: Compute new object addresses
[2025-08-01T02:21:32.014+0000] GC(96) Phase 2: Compute new object addresses 408.380ms
[2025-08-01T02:21:32.014+0000] GC(96) Phase 3: Adjust pointers
[2025-08-01T02:21:32.194+0000] GC(96) Phase 3: Adjust pointers 180.493ms
[2025-08-01T02:21:32.194+0000] GC(96) Phase 4: Move objects
[2025-08-01T02:21:32.711+0000] GC(96) Phase 4: Move objects 516.684ms
[2025-08-01T02:21:32.726+0000] GC(96) Pause Full (Allocation Failure) 3507M->1279M(4029M) 1421.725ms
[2025-08-01T02:21:32.726+0000] GC(95) ParNew: 613440K->0K(613440K)
[2025-08-01T02:21:32.726+0000] GC(95) CMS: 2977910K->1309905K(3512768K)
[2025-08-01T02:21:32.726+0000] GC(95) Metaspace: 9703K(12544K)->9703K(12544K) NonClass: 8537K(11008K)->8537K(11008K) Class: 1166K(1536K)->1166K(1536K)
[2025-08-01T02:21:32.726+0000] GC(95) Pause Young (Allocation Failure) 3507M->1279M(4029M) 1421.996ms
[2025-08-01T02:21:32.726+0000] GC(95) User=1.42s Sys=0.00s Real=1.42s
[2025-08-01T02:21:32.825+0000] GC(97) Pause Young (Allocation Failure)
[2025-08-01T02:21:32.825+0000] GC(97) Using 8 workers of 8 for evacuation
[2025-08-01T02:21:32.998+0000] GC(97) ParNew: 545344K->68096K(613440K)
[2025-08-01T02:21:32.998+0000] GC(97) CMS: 1309905K->1646941K(3512768K)
[2025-08-01T02:21:32.998+0000] GC(97) Metaspace: 9703K(12544K)->9703K(12544K) NonClass: 8537K(11008K)->8537K(11008K) Class: 1166K(1536K)->1166K(1536K)
[2025-08-01T02:21:32.998+0000] GC(97) Pause Young (Allocation Failure) 1811M->1674M(4029M) 173.059ms
[2025-08-01T02:21:32.998+0000] GC(97) User=1.26s Sys=0.03s Real=0.17s
[2025-08-01T02:21:33.095+0000] GC(98) Pause Young (Allocation Failure)
[2025-08-01T02:21:33.095+0000] GC(98) Using 8 workers of 8 for evacuation
[2025-08-01T02:21:33.220+0000] GC(98) ParNew: 613440K->68096K(613440K)
[2025-08-01T02:21:33.221+0000] GC(98) CMS: 1646941K->2005642K(3512768K)
[2025-08-01T02:21:33.221+0000] GC(98) Metaspace: 9703K(12544K)->9703K(12544K) NonClass: 8537K(11008K)->8537K(11008K) Class: 1166K(1536K)->1166K(1536K)
[2025-08-01T02:21:33.221+0000] GC(98) Pause Young (Allocation Failure) 2207M->2025M(4029M) 125.838ms
[2025-08-01T02:21:33.221+0000] GC(98) User=0.96s Sys=0.02s Real=0.12s
[2025-08-01T02:21:33.222+0000] GC(99) Pause Initial Mark
[2025-08-01T02:21:33.225+0000] GC(99) Pause Initial Mark 2033M->2033M(4029M) 3.543ms
[2025-08-01T02:21:33.225+0000] GC(99) User=0.03s Sys=0.00s Real=0.01s
[2025-08-01T02:21:33.225+0000] GC(99) Concurrent Mark
[2025-08-01T02:21:33.225+0000] GC(99) Using 2 workers of 2 for marking
[2025-08-01T02:21:33.321+0000] GC(100) Pause Young (Allocation Failure)
[2025-08-01T02:21:33.321+0000] GC(100) Using 8 workers of 8 for evacuation
[2025-08-01T02:21:33.491+0000] GC(100) ParNew: 613440K->68096K(613440K)
[2025-08-01T02:21:33.491+0000] GC(100) CMS: 2005642K->2548319K(3512768K)
[2025-08-01T02:21:33.491+0000] GC(100) Metaspace: 9703K(12544K)->9703K(12544K) NonClass: 8537K(11008K)->8537K(11008K) Class: 1166K(1536K)->1166K(1536K)
[2025-08-01T02:21:33.491+0000] GC(100) Pause Young (Allocation Failure) 2557M->2555M(4029M) 170.034ms
[2025-08-01T02:21:33.491+0000] GC(100) User=1.32s Sys=0.00s Real=0.17s
[2025-08-01T02:21:33.575+0000] GC(99) Concurrent Mark 350.133ms
[2025-08-01T02:21:33.576+0000] GC(99) User=1.95s Sys=0.00s Real=0.35s
[2025-08-01T02:21:33.576+0000] GC(99) Concurrent Preclean
[2025-08-01T02:21:33.584+0000] GC(101) Pause Young (Allocation Failure)
[2025-08-01T02:21:33.584+0000] GC(101) Using 8 workers of 8 for evacuation
[2025-08-01T02:21:33.693+0000] GC(101) ParNew: 613440K->68096K(613440K)
[2025-08-01T02:21:33.693+0000] GC(101) CMS: 2548319K->2851459K(3512768K)
[2025-08-01T02:21:33.693+0000] GC(101) Metaspace: 9703K(12544K)->9703K(12544K) NonClass: 8537K(11008K)->8537K(11008K) Class: 1166K(1536K)->1166K(1536K)
[2025-08-01T02:21:33.693+0000] GC(101) Pause Young (Allocation Failure) 3087M->2851M(4029M) 109.008ms
[2025-08-01T02:21:33.693+0000] GC(101) User=0.83s Sys=0.01s Real=0.11s
[2025-08-01T02:21:33.786+0000] GC(102) Pause Young (Allocation Failure)
[2025-08-01T02:21:33.786+0000] GC(102) Using 8 workers of 8 for evacuation
[2025-08-01T02:21:33.879+0000] GC(102) ParNew: 613440K->68096K(613440K)
[2025-08-01T02:21:33.879+0000] GC(102) CMS: 2851459K->3112194K(3512768K)
[2025-08-01T02:21:33.879+0000] GC(102) Metaspace: 9703K(12544K)->9703K(12544K) NonClass: 8537K(11008K)->8537K(11008K) Class: 1166K(1536K)->1166K(1536K)
[2025-08-01T02:21:33.879+0000] GC(102) Pause Young (Allocation Failure) 3383M->3105M(4029M) 93.080ms
[2025-08-01T02:21:33.879+0000] GC(102) User=0.72s Sys=0.01s Real=0.09s
[2025-08-01T02:21:33.980+0000] GC(103) Pause Young (Allocation Failure)
[2025-08-01T02:21:33.980+0000] GC(103) Using 8 workers of 8 for evacuation
[2025-08-01T02:21:33.980+0000] GC(104) Pause Full (Allocation Failure)
[2025-08-01T02:21:34.161+0000] GC(99) Concurrent Preclean 585.289ms
[2025-08-01T02:21:34.161+0000] GC(99) User=2.29s Sys=0.02s Real=0.58s
[2025-08-01T02:21:34.161+0000] GC(104) Phase 1: Mark live objects
[2025-08-01T02:21:34.343+0000] GC(104) Phase 1: Mark live objects 181.482ms
[2025-08-01T02:21:34.343+0000] GC(104) Phase 2: Compute new object addresses
[2025-08-01T02:21:34.835+0000] GC(104) Phase 2: Compute new object addresses 492.356ms
[2025-08-01T02:21:34.835+0000] GC(104) Phase 3: Adjust pointers
[2025-08-01T02:21:34.975+0000] GC(104) Phase 3: Adjust pointers 139.893ms
[2025-08-01T02:21:34.975+0000] GC(104) Phase 4: Move objects
[2025-08-01T02:21:35.297+0000] GC(104) Phase 4: Move objects 321.773ms
[2025-08-01T02:21:35.310+0000] GC(104) Pause Full (Allocation Failure) 3638M->846M(4029M) 1330.033ms
[2025-08-01T02:21:35.311+0000] GC(103) ParNew: 613440K->0K(613440K)
[2025-08-01T02:21:35.311+0000] GC(103) CMS: 3112194K->866752K(3512768K)
[2025-08-01T02:21:35.311+0000] GC(103) Metaspace: 9703K(12544K)->9703K(12544K) NonClass: 8537K(11008K)->8537K(11008K) Class: 1166K(1536K)->1166K(1536K)
[2025-08-01T02:21:35.311+0000] GC(103) Pause Young (Allocation Failure) 3638M->846M(4029M) 1330.303ms
[2025-08-01T02:21:35.311+0000] GC(103) User=1.33s Sys=0.00s Real=1.33s
[2025-08-01T02:21:35.407+0000] GC(105) Pause Young (Allocation Failure)
[2025-08-01T02:21:35.407+0000] GC(105) Using 8 workers of 8 for evacuation
[2025-08-01T02:21:35.587+0000] GC(105) ParNew: 545344K->68096K(613440K)
[2025-08-01T02:21:35.587+0000] GC(105) CMS: 866752K->1343351K(3512768K)
[2025-08-01T02:21:35.587+0000] GC(105) Metaspace: 9703K(12544K)->9703K(12544K) NonClass: 8537K(11008K)->8537K(11008K) Class: 1166K(1536K)->1166K(1536K)
[2025-08-01T02:21:35.587+0000] GC(105) Pause Young (Allocation Failure) 1379M->1378M(4029M) 180.610ms
[2025-08-01T02:21:35.587+0000] GC(105) User=1.39s Sys=0.03s Real=0.18s
[2025-08-01T02:21:35.683+0000] GC(106) Pause Young (Allocation Failure)
[2025-08-01T02:21:35.683+0000] GC(106) Using 8 workers of 8 for evacuation
[2025-08-01T02:21:35.867+0000] GC(106) ParNew: 613440K->68094K(613440K)
[2025-08-01T02:21:35.867+0000] GC(106) CMS: 1343351K->1776378K(3512768K)
[2025-08-01T02:21:35.867+0000] GC(106) Metaspace: 9703K(12544K)->9703K(12544K) NonClass: 8537K(11008K)->8537K(11008K) Class: 1166K(1536K)->1166K(1536K)
[2025-08-01T02:21:35.867+0000] GC(106) Pause Young (Allocation Failure) 1910M->1801M(4029M) 183.420ms
[2025-08-01T02:21:35.867+0000] GC(106) User=1.40s Sys=0.02s Real=0.18s
[2025-08-01T02:21:35.867+0000] GC(107) Pause Initial Mark
[2025-08-01T02:21:35.869+0000] GC(107) Pause Initial Mark 1809M->1809M(4029M) 2.207ms
[2025-08-01T02:21:35.869+0000] GC(107) User=0.01s Sys=0.00s Real=0.00s
[2025-08-01T02:21:35.870+0000] GC(107) Concurrent Mark
[2025-08-01T02:21:35.870+0000] GC(107) Using 2 workers of 2 for marking
[2025-08-01T02:21:35.967+0000] GC(108) Pause Young (Allocation Failure)
[2025-08-01T02:21:35.967+0000] GC(108) Using 8 workers of 8 for evacuation
[2025-08-01T02:21:36.107+0000] GC(108) ParNew: 613438K->68096K(613440K)
[2025-08-01T02:21:36.107+0000] GC(108) CMS: 1776378K->2186982K(3512768K)
[2025-08-01T02:21:36.107+0000] GC(108) Metaspace: 9703K(12544K)->9703K(12544K) NonClass: 8537K(11008K)->8537K(11008K) Class: 1166K(1536K)->1166K(1536K)
[2025-08-01T02:21:36.107+0000] GC(108) Pause Young (Allocation Failure) 2333M->2202M(4029M) 139.426ms
[2025-08-01T02:21:36.107+0000] GC(108) User=1.03s Sys=0.01s Real=0.14s
[2025-08-01T02:21:36.252+0000] GC(109) Pause Young (Allocation Failure)
[2025-08-01T02:21:36.252+0000] GC(109) Using 8 workers of 8 for evacuation
[2025-08-01T02:21:36.421+0000] GC(109) ParNew: 613440K->68096K(613440K)
[2025-08-01T02:21:36.421+0000] GC(109) CMS: 2186982K->2727805K(3512768K)
[2025-08-01T02:21:36.421+0000] GC(109) Metaspace: 9703K(12544K)->9703K(12544K) NonClass: 8537K(11008K)->8537K(11008K) Class: 1166K(1536K)->1166K(1536K)
[2025-08-01T02:21:36.421+0000] GC(109) Pause Young (Allocation Failure) 2734M->2730M(4029M) 168.741ms
[2025-08-01T02:21:36.421+0000] GC(109) User=1.30s Sys=0.02s Real=0.17s
[2025-08-01T02:21:36.517+0000] GC(110) Pause Young (Allocation Failure)
[2025-08-01T02:21:36.517+0000] GC(110) Using 8 workers of 8 for evacuation
[2025-08-01T02:21:36.630+0000] GC(110) ParNew: 613440K->68096K(613440K)
[2025-08-01T02:21:36.630+0000] GC(110) CMS: 2727805K->3062736K(3512768K)
[2025-08-01T02:21:36.630+0000] GC(110) Metaspace: 9703K(12544K)->9703K(12544K) NonClass: 8537K(11008K)->8537K(11008K) Class: 1166K(1536K)->1166K(1536K)
[2025-08-01T02:21:36.630+0000] GC(110) Pause Young (Allocation Failure) 3262M->3057M(4029M) 113.566ms
[2025-08-01T02:21:36.630+0000] GC(110) User=0.87s Sys=0.01s Real=0.11s
[2025-08-01T02:21:36.717+0000] GC(107) Concurrent Mark 847.707ms
[2025-08-01T02:21:36.717+0000] GC(107) User=4.72s Sys=0.04s Real=0.85s
[2025-08-01T02:21:36.717+0000] GC(107) Concurrent Preclean
[2025-08-01T02:21:36.768+0000] GC(111) Pause Young (Allocation Failure)
[2025-08-01T02:21:36.768+0000] GC(111) Using 8 workers of 8 for evacuation
[2025-08-01T02:21:36.768+0000] GC(112) Pause Full (Allocation Failure)
[2025-08-01T02:21:37.143+0000] GC(107) Concurrent Preclean 425.214ms
[2025-08-01T02:21:37.143+0000] GC(107) User=0.45s Sys=0.00s Real=0.42s
[2025-08-01T02:21:37.143+0000] GC(112) Phase 1: Mark live objects
[2025-08-01T02:21:37.229+0000] GC(112) Phase 1: Mark live objects 86.276ms
[2025-08-01T02:21:37.230+0000] GC(112) Phase 2: Compute new object addresses
[2025-08-01T02:21:37.730+0000] GC(112) Phase 2: Compute new object addresses 500.708ms
[2025-08-01T02:21:37.730+0000] GC(112) Phase 3: Adjust pointers
[2025-08-01T02:21:37.790+0000] GC(112) Phase 3: Adjust pointers 59.788ms
[2025-08-01T02:21:37.790+0000] GC(112) Phase 4: Move objects
[2025-08-01T02:21:37.954+0000] GC(112) Phase 4: Move objects 163.788ms
[2025-08-01T02:21:37.968+0000] GC(112) Pause Full (Allocation Failure) 3590M->416M(4029M) 1200.310ms
[2025-08-01T02:21:37.968+0000] GC(111) ParNew: 613440K->0K(613440K)
[2025-08-01T02:21:37.968+0000] GC(111) CMS: 3062736K->426617K(3512768K)
[2025-08-01T02:21:37.968+0000] GC(111) Metaspace: 9703K(12544K)->9703K(12544K) NonClass: 8537K(11008K)->8537K(11008K) Class: 1166K(1536K)->1166K(1536K)
[2025-08-01T02:21:37.968+0000] GC(111) Pause Young (Allocation Failure) 3590M->416M(4029M) 1200.586ms
[2025-08-01T02:21:37.968+0000] GC(111) User=1.21s Sys=0.00s Real=1.20s
[2025-08-01T02:21:38.084+0000] GC(113) Pause Young (Allocation Failure)
[2025-08-01T02:21:38.084+0000] GC(113) Using 8 workers of 8 for evacuation
[2025-08-01T02:21:38.314+0000] GC(113) ParNew: 545344K->68096K(613440K)
[2025-08-01T02:21:38.314+0000] GC(113) CMS: 426617K->905382K(3512768K)
[2025-08-01T02:21:38.314+0000] GC(113) Metaspace: 9703K(12544K)->9703K(12544K) NonClass: 8537K(11008K)->8537K(11008K) Class: 1166K(1536K)->1166K(1536K)
[2025-08-01T02:21:38.314+0000] GC(113) Pause Young (Allocation Failure) 949M->950M(4029M) 229.939ms
[2025-08-01T02:21:38.314+0000] GC(113) User=1.59s Sys=0.12s Real=0.23s
[2025-08-01T02:21:38.415+0000] GC(114) Pause Young (Allocation Failure)
[2025-08-01T02:21:38.415+0000] GC(114) Using 8 workers of 8 for evacuation
[2025-08-01T02:21:38.637+0000] GC(114) ParNew: 613440K->68096K(613440K)
[2025-08-01T02:21:38.637+0000] GC(114) CMS: 905382K->1449367K(3512768K)
[2025-08-01T02:21:38.637+0000] GC(114) Metaspace: 9703K(12544K)->9703K(12544K) NonClass: 8537K(11008K)->8537K(11008K) Class: 1166K(1536K)->1166K(1536K)
[2025-08-01T02:21:38.637+0000] GC(114) Pause Young (Allocation Failure) 1483M->1481M(4029M) 222.541ms
[2025-08-01T02:21:38.637+0000] GC(114) User=1.68s Sys=0.04s Real=0.22s
[2025-08-01T02:21:38.768+0000] GC(115) Pause Young (Allocation Failure)
[2025-08-01T02:21:38.768+0000] GC(115) Using 8 workers of 8 for evacuation
[2025-08-01T02:21:38.868+0000] GC(115) ParNew: 613440K->68096K(613440K)
[2025-08-01T02:21:38.868+0000] GC(115) CMS: 1449367K->1585548K(3512768K)
[2025-08-01T02:21:38.868+0000] GC(115) Metaspace: 9703K(12544K)->9703K(12544K) NonClass: 8537K(11008K)->8537K(11008K) Class: 1166K(1536K)->1166K(1536K)
[2025-08-01T02:21:38.868+0000] GC(115) Pause Young (Allocation Failure) 2014M->1614M(4029M) 100.079ms
[2025-08-01T02:21:38.868+0000] GC(115) User=0.76s Sys=0.02s Real=0.10s
[2025-08-01T02:21:38.967+0000] GC(116) Pause Young (Allocation Failure)
[2025-08-01T02:21:38.967+0000] GC(116) Using 8 workers of 8 for evacuation
[2025-08-01T02:21:39.146+0000] GC(116) ParNew: 613440K->68096K(613440K)
[2025-08-01T02:21:39.146+0000] GC(116) CMS: 1585548K->2129271K(3512768K)
[2025-08-01T02:21:39.146+0000] GC(116) Metaspace: 9703K(12544K)->9703K(12544K) NonClass: 8537K(11008K)->8537K(11008K) Class: 1166K(1536K)->1166K(1536K)
[2025-08-01T02:21:39.146+0000] GC(116) Pause Young (Allocation Failure) 2147M->2145M(4029M) 178.433ms
[2025-08-01T02:21:39.146+0000] GC(116) User=1.37s Sys=0.02s Real=0.18s
[2025-08-01T02:21:39.147+0000] GC(117) Pause Initial Mark
[2025-08-01T02:21:39.153+0000] GC(117) Pause Initial Mark 2153M->2153M(4029M) 5.621ms
[2025-08-01T02:21:39.153+0000] GC(117) User=0.02s Sys=0.00s Real=0.01s
[2025-08-01T02:21:39.153+0000] GC(117) Concurrent Mark
[2025-08-01T02:21:39.153+0000] GC(117) Using 2 workers of 2 for marking
[2025-08-01T02:21:39.250+0000] GC(118) Pause Young (Allocation Failure)
[2025-08-01T02:21:39.250+0000] GC(118) Using 8 workers of 8 for evacuation
[2025-08-01T02:21:39.419+0000] GC(118) ParNew: 613440K->68094K(613440K)
[2025-08-01T02:21:39.420+0000] GC(118) CMS: 2129271K->2669286K(3512768K)
[2025-08-01T02:21:39.420+0000] GC(118) Metaspace: 9703K(12544K)->9703K(12544K) NonClass: 8537K(11008K)->8537K(11008K) Class: 1166K(1536K)->1166K(1536K)
[2025-08-01T02:21:39.420+0000] GC(118) Pause Young (Allocation Failure) 2678M->2673M(4029M) 169.405ms
[2025-08-01T02:21:39.420+0000] GC(118) User=1.25s Sys=0.01s Real=0.17s
[2025-08-01T02:21:39.512+0000] GC(119) Pause Young (Allocation Failure)
[2025-08-01T02:21:39.512+0000] GC(119) Using 8 workers of 8 for evacuation
[2025-08-01T02:21:39.628+0000] GC(119) ParNew: 613438K->68096K(613440K)
[2025-08-01T02:21:39.628+0000] GC(119) CMS: 2669286K->3004784K(3512768K)
[2025-08-01T02:21:39.628+0000] GC(119) Metaspace: 9703K(12544K)->9703K(12544K) NonClass: 8537K(11008K)->8537K(11008K) Class: 1166K(1536K)->1166K(1536K)
[2025-08-01T02:21:39.628+0000] GC(119) Pause Young (Allocation Failure) 3205M->3000M(4029M) 116.351ms
[2025-08-01T02:21:39.629+0000] GC(119) User=0.91s Sys=0.00s Real=0.12s
[2025-08-01T02:21:39.699+0000] GC(117) Concurrent Mark 546.029ms
[2025-08-01T02:21:39.699+0000] GC(117) User=3.06s Sys=0.01s Real=0.54s
[2025-08-01T02:21:39.699+0000] GC(117) Concurrent Preclean
[2025-08-01T02:21:39.727+0000] GC(120) Pause Young (Allocation Failure)
[2025-08-01T02:21:39.727+0000] GC(120) Using 8 workers of 8 for evacuation
[2025-08-01T02:21:39.727+0000] GC(121) Pause Full (Allocation Failure)
[2025-08-01T02:21:39.982+0000] GC(117) Concurrent Preclean 282.722ms
[2025-08-01T02:21:39.982+0000] GC(117) User=0.38s Sys=0.00s Real=0.28s
[2025-08-01T02:21:39.983+0000] GC(121) Phase 1: Mark live objects
[2025-08-01T02:21:40.093+0000] GC(121) Phase 1: Mark live objects 110.910ms
[2025-08-01T02:21:40.094+0000] GC(121) Phase 2: Compute new object addresses
[2025-08-01T02:21:40.586+0000] GC(121) Phase 2: Compute new object addresses 492.580ms
[2025-08-01T02:21:40.586+0000] GC(121) Phase 3: Adjust pointers
[2025-08-01T02:21:40.684+0000] GC(121) Phase 3: Adjust pointers 98.102ms
[2025-08-01T02:21:40.684+0000] GC(121) Phase 4: Move objects
[2025-08-01T02:21:40.910+0000] GC(121) Phase 4: Move objects 225.798ms
[2025-08-01T02:21:40.925+0000] GC(121) Pause Full (Allocation Failure) 3533M->520M(4029M) 1198.170ms
[2025-08-01T02:21:40.925+0000] GC(120) ParNew: 613440K->0K(613440K)
[2025-08-01T02:21:40.925+0000] GC(120) CMS: 3004784K->532929K(3512768K)
[2025-08-01T02:21:40.926+0000] GC(120) Metaspace: 9703K(12544K)->9703K(12544K) NonClass: 8537K(11008K)->8537K(11008K) Class: 1166K(1536K)->1166K(1536K)
[2025-08-01T02:21:40.926+0000] GC(120) Pause Young (Allocation Failure) 3533M->520M(4029M) 1198.452ms
[2025-08-01T02:21:40.926+0000] GC(120) User=1.21s Sys=0.00s Real=1.20s
[2025-08-01T02:21:41.032+0000] GC(122) Pause Young (Allocation Failure)
[2025-08-01T02:21:41.032+0000] GC(122) Using 8 workers of 8 for evacuation
[2025-08-01T02:21:41.241+0000] GC(122) ParNew: 545344K->68096K(613440K)
[2025-08-01T02:21:41.241+0000] GC(122) CMS: 532929K->1006836K(3512768K)
[2025-08-01T02:21:41.241+0000] GC(122) Metaspace: 9703K(12544K)->9703K(12544K) NonClass: 8537K(11008K)->8537K(11008K) Class: 1166K(1536K)->1166K(1536K)
[2025-08-01T02:21:41.241+0000] GC(122) Pause Young (Allocation Failure) 1053M->1049M(4029M) 209.450ms
[2025-08-01T02:21:41.241+0000] GC(122) User=1.60s Sys=0.04s Real=0.21s
[2025-08-01T02:21:41.336+0000] GC(123) Pause Young (Allocation Failure)
[2025-08-01T02:21:41.336+0000] GC(123) Using 8 workers of 8 for evacuation
[2025-08-01T02:21:41.569+0000] GC(123) ParNew: 613440K->68094K(613440K)
[2025-08-01T02:21:41.569+0000] GC(123) CMS: 1006836K->1424069K(3512768K)
[2025-08-01T02:21:41.569+0000] GC(123) Metaspace: 9703K(12544K)->9703K(12544K) NonClass: 8537K(11008K)->8537K(11008K) Class: 1166K(1536K)->1166K(1536K)
[2025-08-01T02:21:41.569+0000] GC(123) Pause Young (Allocation Failure) 1582M->1457M(4029M) 233.066ms
[2025-08-01T02:21:41.569+0000] GC(123) User=1.71s Sys=0.08s Real=0.23s
[2025-08-01T02:21:41.661+0000] GC(124) Pause Young (Allocation Failure)
[2025-08-01T02:21:41.661+0000] GC(124) Using 8 workers of 8 for evacuation
[2025-08-01T02:21:41.750+0000] GC(124) ParNew: 613438K->68096K(613440K)
[2025-08-01T02:21:41.750+0000] GC(124) CMS: 1424069K->1655440K(3512768K)
[2025-08-01T02:21:41.750+0000] GC(124) Metaspace: 9703K(12544K)->9703K(12544K) NonClass: 8537K(11008K)->8537K(11008K) Class: 1166K(1536K)->1166K(1536K)
[2025-08-01T02:21:41.750+0000] GC(124) Pause Young (Allocation Failure) 1989M->1683M(4029M) 88.738ms
[2025-08-01T02:21:41.750+0000] GC(124) User=0.69s Sys=0.00s Real=0.09s
[2025-08-01T02:21:41.848+0000] GC(125) Pause Young (Allocation Failure)
[2025-08-01T02:21:41.848+0000] GC(125) Using 8 workers of 8 for evacuation
[2025-08-01T02:21:42.036+0000] GC(125) ParNew: 613440K->68096K(613440K)
[2025-08-01T02:21:42.036+0000] GC(125) CMS: 1655440K->2196994K(3512768K)
[2025-08-01T02:21:42.036+0000] GC(125) Metaspace: 9703K(12544K)->9703K(12544K) NonClass: 8537K(11008K)->8537K(11008K) Class: 1166K(1536K)->1166K(1536K)
[2025-08-01T02:21:42.036+0000] GC(125) Pause Young (Allocation Failure) 2215M->2212M(4029M) 188.183ms
[2025-08-01T02:21:42.036+0000] GC(125) User=1.46s Sys=0.01s Real=0.19s
[2025-08-01T02:21:42.045+0000] GC(126) Pause Initial Mark
[2025-08-01T02:21:42.051+0000] GC(126) Pause Initial Mark 2299M->2299M(4029M) 5.863ms
[2025-08-01T02:21:42.051+0000] GC(126) User=0.04s Sys=0.00s Real=0.00s
[2025-08-01T02:21:42.052+0000] GC(126) Concurrent Mark
[2025-08-01T02:21:42.052+0000] GC(126) Using 2 workers of 2 for marking
[2025-08-01T02:21:42.138+0000] GC(127) Pause Young (Allocation Failure)
[2025-08-01T02:21:42.138+0000] GC(127) Using 8 workers of 8 for evacuation
[2025-08-01T02:21:42.300+0000] GC(127) ParNew: 613440K->68096K(613440K)
[2025-08-01T02:21:42.300+0000] GC(127) CMS: 2196994K->2741361K(3512768K)
[2025-08-01T02:21:42.300+0000] GC(127) Metaspace: 9703K(12544K)->9703K(12544K) NonClass: 8537K(11008K)->8537K(11008K) Class: 1166K(1536K)->1166K(1536K)
[2025-08-01T02:21:42.300+0000] GC(127) Pause Young (Allocation Failure) 2744M->2743M(4029M) 162.217ms
[2025-08-01T02:21:42.300+0000] GC(127) User=1.25s Sys=0.00s Real=0.16s
[2025-08-01T02:21:42.397+0000] GC(128) Pause Young (Allocation Failure)
[2025-08-01T02:21:42.397+0000] GC(128) Using 8 workers of 8 for evacuation
[2025-08-01T02:21:42.484+0000] GC(128) ParNew: 613440K->68096K(613440K)
[2025-08-01T02:21:42.484+0000] GC(128) CMS: 2741361K->2966331K(3512768K)
[2025-08-01T02:21:42.484+0000] GC(128) Metaspace: 9703K(12544K)->9703K(12544K) NonClass: 8537K(11008K)->8537K(11008K) Class: 1166K(1536K)->1166K(1536K)
[2025-08-01T02:21:42.484+0000] GC(128) Pause Young (Allocation Failure) 3276M->2963M(4029M) 87.010ms
[2025-08-01T02:21:42.484+0000] GC(128) User=0.67s Sys=0.01s Real=0.09s
[2025-08-01T02:21:42.560+0000] GC(126) Concurrent Mark 508.363ms
[2025-08-01T02:21:42.560+0000] GC(126) User=2.83s Sys=0.02s Real=0.51s
[2025-08-01T02:21:42.560+0000] GC(126) Concurrent Preclean
[2025-08-01T02:21:42.575+0000] GC(129) Pause Young (Allocation Failure)
[2025-08-01T02:21:42.575+0000] GC(129) Using 8 workers of 8 for evacuation
[2025-08-01T02:21:42.575+0000] GC(130) Pause Full (Allocation Failure)
[2025-08-01T02:21:42.799+0000] GC(126) Concurrent Preclean 238.522ms
[2025-08-01T02:21:42.799+0000] GC(126) User=0.28s Sys=0.00s Real=0.24s
[2025-08-01T02:21:42.799+0000] GC(130) Phase 1: Mark live objects
[2025-08-01T02:21:42.920+0000] GC(130) Phase 1: Mark live objects 121.071ms
[2025-08-01T02:21:42.920+0000] GC(130) Phase 2: Compute new object addresses
[2025-08-01T02:21:43.374+0000] GC(130) Phase 2: Compute new object addresses 453.823ms
[2025-08-01T02:21:43.374+0000] GC(130) Phase 3: Adjust pointers
[2025-08-01T02:21:43.469+0000] GC(130) Phase 3: Adjust pointers 95.124ms
[2025-08-01T02:21:43.469+0000] GC(130) Phase 4: Move objects
[2025-08-01T02:21:43.711+0000] GC(130) Phase 4: Move objects 241.817ms
[2025-08-01T02:21:43.726+0000] GC(130) Pause Full (Allocation Failure) 3495M->617M(4029M) 1151.251ms
[2025-08-01T02:21:43.726+0000] GC(129) ParNew: 613440K->0K(613440K)
[2025-08-01T02:21:43.726+0000] GC(129) CMS: 2966331K->632790K(3512768K)
[2025-08-01T02:21:43.726+0000] GC(129) Metaspace: 9703K(12544K)->9703K(12544K) NonClass: 8537K(11008K)->8537K(11008K) Class: 1166K(1536K)->1166K(1536K)
[2025-08-01T02:21:43.726+0000] GC(129) Pause Young (Allocation Failure) 3495M->617M(4029M) 1151.594ms
[2025-08-01T02:21:43.726+0000] GC(129) User=1.10s Sys=0.05s Real=1.15s
[2025-08-01T02:21:43.820+0000] GC(131) Pause Young (Allocation Failure)
[2025-08-01T02:21:43.820+0000] GC(131) Using 8 workers of 8 for evacuation
[2025-08-01T02:21:43.994+0000] GC(131) ParNew: 545344K->68096K(613440K)
[2025-08-01T02:21:43.994+0000] GC(131) CMS: 632790K->1108482K(3512768K)
[2025-08-01T02:21:43.994+0000] GC(131) Metaspace: 9703K(12544K)->9703K(12544K) NonClass: 8537K(11008K)->8537K(11008K) Class: 1166K(1536K)->1166K(1536K)
[2025-08-01T02:21:43.994+0000] GC(131) Pause Young (Allocation Failure) 1150M->1149M(4029M) 173.879ms
[2025-08-01T02:21:43.994+0000] GC(131) User=1.30s Sys=0.01s Real=0.18s
[2025-08-01T02:21:44.090+0000] GC(132) Pause Young (Allocation Failure)
[2025-08-01T02:21:44.090+0000] GC(132) Using 8 workers of 8 for evacuation
[2025-08-01T02:21:44.290+0000] GC(132) ParNew: 613440K->68096K(613440K)
[2025-08-01T02:21:44.290+0000] GC(132) CMS: 1108482K->1423587K(3512768K)
[2025-08-01T02:21:44.290+0000] GC(132) Metaspace: 9703K(12544K)->9703K(12544K) NonClass: 8537K(11008K)->8537K(11008K) Class: 1166K(1536K)->1166K(1536K)
[2025-08-01T02:21:44.291+0000] GC(132) Pause Young (Allocation Failure) 1681M->1456M(4029M) 200.945ms
[2025-08-01T02:21:44.291+0000] GC(132) User=1.51s Sys=0.05s Real=0.20s
[2025-08-01T02:21:44.383+0000] GC(133) Pause Young (Allocation Failure)
[2025-08-01T02:21:44.383+0000] GC(133) Using 8 workers of 8 for evacuation
[2025-08-01T02:21:44.531+0000] GC(133) ParNew: 613440K->68096K(613440K)
[2025-08-01T02:21:44.531+0000] GC(133) CMS: 1423587K->1916695K(3512768K)
[2025-08-01T02:21:44.531+0000] GC(133) Metaspace: 9703K(12544K)->9703K(12544K) NonClass: 8537K(11008K)->8537K(11008K) Class: 1166K(1536K)->1166K(1536K)
[2025-08-01T02:21:44.531+0000] GC(133) Pause Young (Allocation Failure) 1989M->1938M(4029M) 148.684ms
[2025-08-01T02:21:44.531+0000] GC(133) User=1.09s Sys=0.03s Real=0.15s
[2025-08-01T02:21:44.533+0000] GC(134) Pause Initial Mark
[2025-08-01T02:21:44.536+0000] GC(134) Pause Initial Mark 1948M->1948M(4029M) 3.173ms
[2025-08-01T02:21:44.536+0000] GC(134) User=0.01s Sys=0.00s Real=0.01s
[2025-08-01T02:21:44.536+0000] GC(134) Concurrent Mark
[2025-08-01T02:21:44.536+0000] GC(134) Using 2 workers of 2 for marking
[2025-08-01T02:21:44.639+0000] GC(135) Pause Young (Allocation Failure)
[2025-08-01T02:21:44.640+0000] GC(135) Using 8 workers of 8 for evacuation
[2025-08-01T02:21:44.816+0000] GC(135) ParNew: 613440K->68096K(613440K)
[2025-08-01T02:21:44.817+0000] GC(135) CMS: 1916695K->2409196K(3512768K)
[2025-08-01T02:21:44.817+0000] GC(135) Metaspace: 9703K(12544K)->9703K(12544K) NonClass: 8537K(11008K)->8537K(11008K) Class: 1166K(1536K)->1166K(1536K)
[2025-08-01T02:21:44.817+0000] GC(135) Pause Young (Allocation Failure) 2470M->2419M(4029M) 177.227ms
[2025-08-01T02:21:44.817+0000] GC(135) User=1.30s Sys=0.05s Real=0.18s
[2025-08-01T02:21:44.906+0000] GC(136) Pause Young (Allocation Failure)
[2025-08-01T02:21:44.907+0000] GC(136) Using 8 workers of 8 for evacuation
[2025-08-01T02:21:45.044+0000] GC(136) ParNew: 613440K->68096K(613440K)
[2025-08-01T02:21:45.044+0000] GC(136) CMS: 2409196K->2803392K(3512768K)
[2025-08-01T02:21:45.044+0000] GC(136) Metaspace: 9703K(12544K)->9703K(12544K) NonClass: 8537K(11008K)->8537K(11008K) Class: 1166K(1536K)->1166K(1536K)
[2025-08-01T02:21:45.044+0000] GC(136) Pause Young (Allocation Failure) 2951M->2804M(4029M) 137.586ms
[2025-08-01T02:21:45.044+0000] GC(136) User=1.05s Sys=0.03s Real=0.14s
[2025-08-01T02:21:45.139+0000] GC(134) Concurrent Mark 602.929ms
[2025-08-01T02:21:45.139+0000] GC(134) User=3.43s Sys=0.08s Real=0.60s
[2025-08-01T02:21:45.139+0000] GC(134) Concurrent Preclean
[2025-08-01T02:21:45.147+0000] GC(137) Pause Young (Allocation Failure)
[2025-08-01T02:21:45.147+0000] GC(137) Using 8 workers of 8 for evacuation
[2025-08-01T02:21:45.274+0000] GC(137) ParNew: 613440K->68096K(613440K)
[2025-08-01T02:21:45.274+0000] GC(137) CMS: 2803392K->3169025K(3512768K)
[2025-08-01T02:21:45.274+0000] GC(137) Metaspace: 9703K(12544K)->9703K(12544K) NonClass: 8537K(11008K)->8537K(11008K) Class: 1166K(1536K)->1166K(1536K)
[2025-08-01T02:21:45.274+0000] GC(137) Pause Young (Allocation Failure) 3336M->3161M(4029M) 126.825ms
[2025-08-01T02:21:45.274+0000] GC(137) User=0.96s Sys=0.02s Real=0.13s
[2025-08-01T02:21:45.367+0000] GC(138) Pause Young (Allocation Failure)
[2025-08-01T02:21:45.367+0000] GC(138) Using 8 workers of 8 for evacuation
[2025-08-01T02:21:45.367+0000] GC(139) Pause Full (Allocation Failure)
[2025-08-01T02:21:45.654+0000] GC(134) Concurrent Preclean 514.695ms
[2025-08-01T02:21:45.654+0000] GC(134) User=1.52s Sys=0.03s Real=0.52s
[2025-08-01T02:21:45.654+0000] GC(139) Phase 1: Mark live objects
[2025-08-01T02:21:45.760+0000] GC(139) Phase 1: Mark live objects 105.614ms
[2025-08-01T02:21:45.761+0000] GC(139) Phase 2: Compute new object addresses
[2025-08-01T02:21:46.268+0000] GC(139) Phase 2: Compute new object addresses 506.985ms
[2025-08-01T02:21:46.268+0000] GC(139) Phase 3: Adjust pointers
[2025-08-01T02:21:46.389+0000] GC(139) Phase 3: Adjust pointers 121.023ms
[2025-08-01T02:21:46.389+0000] GC(139) Phase 4: Move objects
[2025-08-01T02:21:46.718+0000] GC(139) Phase 4: Move objects 329.208ms
[2025-08-01T02:21:46.731+0000] GC(139) Pause Full (Allocation Failure) 3693M->715M(4029M) 1364.603ms
[2025-08-01T02:21:46.731+0000] GC(138) ParNew: 613440K->0K(613440K)
[2025-08-01T02:21:46.731+0000] GC(138) CMS: 3169025K->732549K(3512768K)
[2025-08-01T02:21:46.731+0000] GC(138) Metaspace: 9703K(12544K)->9703K(12544K) NonClass: 8537K(11008K)->8537K(11008K) Class: 1166K(1536K)->1166K(1536K)
[2025-08-01T02:21:46.731+0000] GC(138) Pause Young (Allocation Failure) 3693M->715M(4029M) 1364.842ms
[2025-08-01T02:21:46.731+0000] GC(138) User=1.36s Sys=0.01s Real=1.36s
[2025-08-01T02:21:46.828+0000] GC(140) Pause Young (Allocation Failure)
[2025-08-01T02:21:46.828+0000] GC(140) Using 8 workers of 8 for evacuation
[2025-08-01T02:21:46.979+0000] GC(140) ParNew: 545344K->68096K(613440K)
[2025-08-01T02:21:46.979+0000] GC(140) CMS: 732549K->1209960K(3512768K)
[2025-08-01T02:21:46.979+0000] GC(140) Metaspace: 9703K(12544K)->9703K(12544K) NonClass: 8537K(11008K)->8537K(11008K) Class: 1166K(1536K)->1166K(1536K)
[2025-08-01T02:21:46.979+0000] GC(140) Pause Young (Allocation Failure) 1247M->1248M(4029M) 150.491ms
[2025-08-01T02:21:46.979+0000] GC(140) User=1.15s Sys=0.01s Real=0.15s
[2025-08-01T02:21:47.081+0000] GC(141) Pause Young (Allocation Failure)
[2025-08-01T02:21:47.081+0000] GC(141) Using 8 workers of 8 for evacuation
[2025-08-01T02:21:47.216+0000] GC(141) ParNew: 613440K->68096K(613440K)
[2025-08-01T02:21:47.216+0000] GC(141) CMS: 1209960K->1431736K(3512768K)
[2025-08-01T02:21:47.216+0000] GC(141) Metaspace: 9703K(12544K)->9703K(12544K) NonClass: 8537K(11008K)->8537K(11008K) Class: 1166K(1536K)->1166K(1536K)
[2025-08-01T02:21:47.216+0000] GC(141) Pause Young (Allocation Failure) 1780M->1464M(4029M) 134.579ms
[2025-08-01T02:21:47.216+0000] GC(141) User=1.00s Sys=0.03s Real=0.14s
[2025-08-01T02:21:47.311+0000] GC(142) Pause Young (Allocation Failure)
[2025-08-01T02:21:47.311+0000] GC(142) Using 8 workers of 8 for evacuation
[2025-08-01T02:21:47.569+0000] GC(142) ParNew: 613440K->68096K(613440K)
[2025-08-01T02:21:47.569+0000] GC(142) CMS: 1431736K->1976444K(3512768K)
[2025-08-01T02:21:47.569+0000] GC(142) Metaspace: 9703K(12544K)->9703K(12544K) NonClass: 8537K(11008K)->8537K(11008K) Class: 1166K(1536K)->1166K(1536K)
[2025-08-01T02:21:47.569+0000] GC(142) Pause Young (Allocation Failure) 1997M->1996M(4029M) 257.704ms
[2025-08-01T02:21:47.569+0000] GC(142) User=1.92s Sys=0.07s Real=0.26s
[2025-08-01T02:21:47.573+0000] GC(143) Pause Initial Mark
[2025-08-01T02:21:47.578+0000] GC(143) Pause Initial Mark 2054M->2054M(4029M) 4.389ms
[2025-08-01T02:21:47.578+0000] GC(143) User=0.03s Sys=0.01s Real=0.00s
[2025-08-01T02:21:47.578+0000] GC(143) Concurrent Mark
[2025-08-01T02:21:47.578+0000] GC(143) Using 2 workers of 2 for marking
[2025-08-01T02:21:47.669+0000] GC(144) Pause Young (Allocation Failure)
[2025-08-01T02:21:47.669+0000] GC(144) Using 8 workers of 8 for evacuation
[2025-08-01T02:21:47.824+0000] GC(144) ParNew: 613440K->68096K(613440K)
[2025-08-01T02:21:47.824+0000] GC(144) CMS: 1976444K->2469551K(3512768K)
[2025-08-01T02:21:47.824+0000] GC(144) Metaspace: 9703K(12544K)->9703K(12544K) NonClass: 8537K(11008K)->8537K(11008K) Class: 1166K(1536K)->1166K(1536K)
[2025-08-01T02:21:47.824+0000] GC(144) Pause Young (Allocation Failure) 2529M->2478M(4029M) 154.597ms
[2025-08-01T02:21:47.824+0000] GC(144) User=1.21s Sys=0.00s Real=0.16s
[2025-08-01T02:21:47.914+0000] GC(143) Concurrent Mark 335.443ms
[2025-08-01T02:21:47.914+0000] GC(143) User=1.84s Sys=0.00s Real=0.34s
[2025-08-01T02:21:47.914+0000] GC(143) Concurrent Preclean
[2025-08-01T02:21:47.920+0000] GC(145) Pause Young (Allocation Failure)
[2025-08-01T02:21:47.920+0000] GC(145) Using 8 workers of 8 for evacuation
[2025-08-01T02:21:48.020+0000] GC(145) ParNew: 613440K->68096K(613440K)
[2025-08-01T02:21:48.020+0000] GC(145) CMS: 2469551K->2725629K(3512768K)
[2025-08-01T02:21:48.020+0000] GC(145) Metaspace: 9703K(12544K)->9703K(12544K) NonClass: 8537K(11008K)->8537K(11008K) Class: 1166K(1536K)->1166K(1536K)
[2025-08-01T02:21:48.020+0000] GC(145) Pause Young (Allocation Failure) 3010M->2728M(4029M) 99.647ms
[2025-08-01T02:21:48.020+0000] GC(145) User=0.75s Sys=0.02s Real=0.10s
[2025-08-01T02:21:48.117+0000] GC(146) Pause Young (Allocation Failure)
[2025-08-01T02:21:48.117+0000] GC(146) Using 8 workers of 8 for evacuation
[2025-08-01T02:21:48.292+0000] GC(146) ParNew: 613440K->68096K(613440K)
[2025-08-01T02:21:48.292+0000] GC(146) CMS: 2725629K->3216070K(3512768K)
[2025-08-01T02:21:48.292+0000] GC(146) Metaspace: 9703K(12544K)->9703K(12544K) NonClass: 8537K(11008K)->8537K(11008K) Class: 1166K(1536K)->1166K(1536K)
[2025-08-01T02:21:48.292+0000] GC(146) Pause Young (Allocation Failure) 3260M->3207M(4029M) 175.299ms
[2025-08-01T02:21:48.292+0000] GC(146) User=1.35s Sys=0.03s Real=0.17s
[2025-08-01T02:21:48.386+0000] GC(147) Pause Young (Allocation Failure)
[2025-08-01T02:21:48.386+0000] GC(147) Using 8 workers of 8 for evacuation
[2025-08-01T02:21:48.386+0000] GC(148) Pause Full (Allocation Failure)
[2025-08-01T02:21:48.620+0000] GC(143) Concurrent Preclean 706.480ms
[2025-08-01T02:21:48.620+0000] GC(143) User=2.90s Sys=0.05s Real=0.70s
[2025-08-01T02:21:48.621+0000] GC(148) Phase 1: Mark live objects
[2025-08-01T02:21:48.766+0000] GC(148) Phase 1: Mark live objects 145.266ms
[2025-08-01T02:21:48.766+0000] GC(148) Phase 2: Compute new object addresses
[2025-08-01T02:21:49.240+0000] GC(148) Phase 2: Compute new object addresses 474.112ms
[2025-08-01T02:21:49.240+0000] GC(148) Phase 3: Adjust pointers
[2025-08-01T02:21:49.357+0000] GC(148) Phase 3: Adjust pointers 116.710ms
[2025-08-01T02:21:49.357+0000] GC(148) Phase 4: Move objects
[2025-08-01T02:21:49.705+0000] GC(148) Phase 4: Move objects 347.903ms
[2025-08-01T02:21:49.719+0000] GC(148) Pause Full (Allocation Failure) 3739M->820M(4029M) 1333.008ms
[2025-08-01T02:21:49.719+0000] GC(147) ParNew: 613440K->0K(613440K)
[2025-08-01T02:21:49.719+0000] GC(147) CMS: 3216070K->839880K(3512768K)
[2025-08-01T02:21:49.719+0000] GC(147) Metaspace: 9703K(12544K)->9703K(12544K) NonClass: 8537K(11008K)->8537K(11008K) Class: 1166K(1536K)->1166K(1536K)
[2025-08-01T02:21:49.719+0000] GC(147) Pause Young (Allocation Failure) 3739M->820M(4029M) 1333.260ms
[2025-08-01T02:21:49.719+0000] GC(147) User=1.34s Sys=0.00s Real=1.33s
[2025-08-01T02:21:49.819+0000] GC(149) Pause Young (Allocation Failure)
[2025-08-01T02:21:49.819+0000] GC(149) Using 8 workers of 8 for evacuation
[2025-08-01T02:21:49.966+0000] GC(149) ParNew: 545344K->68096K(613440K)
[2025-08-01T02:21:49.966+0000] GC(149) CMS: 839880K->1315914K(3512768K)
[2025-08-01T02:21:49.966+0000] GC(149) Metaspace: 9703K(12544K)->9703K(12544K) NonClass: 8537K(11008K)->8537K(11008K) Class: 1166K(1536K)->1166K(1536K)
[2025-08-01T02:21:49.966+0000] GC(149) Pause Young (Allocation Failure) 1352M->1351M(4029M) 147.117ms
[2025-08-01T02:21:49.966+0000] GC(149) User=1.12s Sys=0.01s Real=0.15s
[2025-08-01T02:21:50.059+0000] GC(150) Pause Young (Allocation Failure)
[2025-08-01T02:21:50.059+0000] GC(150) Using 8 workers of 8 for evacuation
[2025-08-01T02:21:50.167+0000] GC(150) ParNew: 613440K->68096K(613440K)
[2025-08-01T02:21:50.167+0000] GC(150) CMS: 1315914K->1619744K(3512768K)
[2025-08-01T02:21:50.167+0000] GC(150) Metaspace: 9703K(12544K)->9703K(12544K) NonClass: 8537K(11008K)->8537K(11008K) Class: 1166K(1536K)->1166K(1536K)
[2025-08-01T02:21:50.167+0000] GC(150) Pause Young (Allocation Failure) 1884M->1648M(4029M) 107.988ms
[2025-08-01T02:21:50.167+0000] GC(150) User=0.80s Sys=0.01s Real=0.11s
[2025-08-01T02:21:50.263+0000] GC(151) Pause Young (Allocation Failure)
[2025-08-01T02:21:50.263+0000] GC(151) Using 8 workers of 8 for evacuation
[2025-08-01T02:21:50.392+0000] GC(151) ParNew: 613440K->68096K(613440K)
[2025-08-01T02:21:50.392+0000] GC(151) CMS: 1619744K->2003206K(3512768K)
[2025-08-01T02:21:50.392+0000] GC(151) Metaspace: 9703K(12544K)->9703K(12544K) NonClass: 8537K(11008K)->8537K(11008K) Class: 1166K(1536K)->1166K(1536K)
[2025-08-01T02:21:50.392+0000] GC(151) Pause Young (Allocation Failure) 2180M->2022M(4029M) 128.732ms
[2025-08-01T02:21:50.392+0000] GC(151) User=0.99s Sys=0.01s Real=0.12s
[2025-08-01T02:21:50.393+0000] GC(152) Pause Initial Mark
[2025-08-01T02:21:50.396+0000] GC(152) Pause Initial Mark 2033M->2033M(4029M) 3.121ms
[2025-08-01T02:21:50.397+0000] GC(152) User=0.02s Sys=0.00s Real=0.00s
[2025-08-01T02:21:50.397+0000] GC(152) Concurrent Mark
[2025-08-01T02:21:50.397+0000] GC(152) Using 2 workers of 2 for marking
[2025-08-01T02:21:50.486+0000] GC(153) Pause Young (Allocation Failure)
[2025-08-01T02:21:50.486+0000] GC(153) Using 8 workers of 8 for evacuation
[2025-08-01T02:21:50.662+0000] GC(153) ParNew: 613440K->68096K(613440K)
[2025-08-01T02:21:50.662+0000] GC(153) CMS: 2003206K->2544109K(3512768K)
[2025-08-01T02:21:50.663+0000] GC(153) Metaspace: 9703K(12544K)->9703K(12544K) NonClass: 8537K(11008K)->8537K(11008K) Class: 1166K(1536K)->1166K(1536K)
[2025-08-01T02:21:50.663+0000] GC(153) Pause Young (Allocation Failure) 2555M->2550M(4029M) 176.209ms
[2025-08-01T02:21:50.663+0000] GC(153) User=1.32s Sys=0.04s Real=0.17s
[2025-08-01T02:21:50.752+0000] GC(154) Pause Young (Allocation Failure)
[2025-08-01T02:21:50.752+0000] GC(154) Using 8 workers of 8 for evacuation
[2025-08-01T02:21:50.853+0000] GC(154) ParNew: 613440K->68096K(613440K)
[2025-08-01T02:21:50.853+0000] GC(154) CMS: 2544109K->2853582K(3512768K)
[2025-08-01T02:21:50.853+0000] GC(154) Metaspace: 9703K(12544K)->9703K(12544K) NonClass: 8537K(11008K)->8537K(11008K) Class: 1166K(1536K)->1166K(1536K)
[2025-08-01T02:21:50.853+0000] GC(154) Pause Young (Allocation Failure) 3083M->2853M(4029M) 100.854ms
[2025-08-01T02:21:50.853+0000] GC(154) User=0.78s Sys=0.00s Real=0.10s
[2025-08-01T02:21:50.907+0000] GC(152) Concurrent Mark 509.918ms
[2025-08-01T02:21:50.907+0000] GC(152) User=2.89s Sys=0.04s Real=0.51s
[2025-08-01T02:21:50.907+0000] GC(152) Concurrent Preclean
[2025-08-01T02:21:50.949+0000] GC(155) Pause Young (Allocation Failure)
[2025-08-01T02:21:50.949+0000] GC(155) Using 8 workers of 8 for evacuation
[2025-08-01T02:21:51.168+0000] GC(155) ParNew: 613440K->68096K(613440K)
[2025-08-01T02:21:51.168+0000] GC(155) CMS: 2853582K->3336477K(3512768K)
[2025-08-01T02:21:51.168+0000] GC(155) Metaspace: 9703K(12544K)->9703K(12544K) NonClass: 8537K(11008K)->8537K(11008K) Class: 1166K(1536K)->1166K(1536K)
[2025-08-01T02:21:51.168+0000] GC(155) Pause Young (Allocation Failure) 3385M->3324M(4029M) 219.481ms
[2025-08-01T02:21:51.168+0000] GC(155) User=1.34s Sys=0.38s Real=0.22s
[2025-08-01T02:21:51.290+0000] GC(156) Pause Young (Allocation Failure)
[2025-08-01T02:21:51.291+0000] GC(156) Using 8 workers of 8 for evacuation
[2025-08-01T02:21:51.291+0000] GC(157) Pause Full (Allocation Failure)
[2025-08-01T02:21:51.588+0000] GC(152) Concurrent Preclean 681.531ms
[2025-08-01T02:21:51.588+0000] GC(152) User=2.08s Sys=0.38s Real=0.68s
[2025-08-01T02:21:51.589+0000] GC(157) Phase 1: Mark live objects
[2025-08-01T02:21:51.757+0000] GC(157) Phase 1: Mark live objects 167.983ms
[2025-08-01T02:21:51.757+0000] GC(157) Phase 2: Compute new object addresses
[2025-08-01T02:21:52.225+0000] GC(157) Phase 2: Compute new object addresses 468.007ms
[2025-08-01T02:21:52.225+0000] GC(157) Phase 3: Adjust pointers
[2025-08-01T02:21:52.355+0000] GC(157) Phase 3: Adjust pointers 130.171ms
[2025-08-01T02:21:52.355+0000] GC(157) Phase 4: Move objects
[2025-08-01T02:21:52.773+0000] GC(157) Phase 4: Move objects 418.159ms
[2025-08-01T02:21:52.786+0000] GC(157) Pause Full (Allocation Failure) 3857M->916M(4029M) 1495.478ms
[2025-08-01T02:21:52.786+0000] GC(156) ParNew: 613440K->0K(613440K)
[2025-08-01T02:21:52.786+0000] GC(156) CMS: 3336477K->938334K(3512768K)
[2025-08-01T02:21:52.786+0000] GC(156) Metaspace: 9703K(12544K)->9703K(12544K) NonClass: 8537K(11008K)->8537K(11008K) Class: 1166K(1536K)->1166K(1536K)
[2025-08-01T02:21:52.786+0000] GC(156) Pause Young (Allocation Failure) 3857M->916M(4029M) 1495.727ms
[2025-08-01T02:21:52.786+0000] GC(156) User=1.50s Sys=0.00s Real=1.50s
[2025-08-01T02:21:52.898+0000] GC(158) Pause Young (Allocation Failure)
[2025-08-01T02:21:52.898+0000] GC(158) Using 8 workers of 8 for evacuation
[2025-08-01T02:21:53.060+0000] GC(158) ParNew: 545344K->68096K(613440K)
[2025-08-01T02:21:53.060+0000] GC(158) CMS: 938334K->1322287K(3512768K)
[2025-08-01T02:21:53.060+0000] GC(158) Metaspace: 9703K(12544K)->9703K(12544K) NonClass: 8537K(11008K)->8537K(11008K) Class: 1166K(1536K)->1166K(1536K)
[2025-08-01T02:21:53.061+0000] GC(158) Pause Young (Allocation Failure) 1448M->1357M(4029M) 162.715ms
[2025-08-01T02:21:53.061+0000] GC(158) User=1.21s Sys=0.05s Real=0.16s
[2025-08-01T02:21:53.161+0000] GC(159) Pause Young (Allocation Failure)
[2025-08-01T02:21:53.161+0000] GC(159) Using 8 workers of 8 for evacuation
[2025-08-01T02:21:53.356+0000] GC(159) ParNew: 613440K->68096K(613440K)
[2025-08-01T02:21:53.356+0000] GC(159) CMS: 1322287K->1801468K(3512768K)
[2025-08-01T02:21:53.356+0000] GC(159) Metaspace: 9703K(12544K)->9703K(12544K) NonClass: 8537K(11008K)->8537K(11008K) Class: 1166K(1536K)->1166K(1536K)
[2025-08-01T02:21:53.356+0000] GC(159) Pause Young (Allocation Failure) 1890M->1825M(4029M) 194.666ms
[2025-08-01T02:21:53.356+0000] GC(159) User=1.48s Sys=0.04s Real=0.20s
[2025-08-01T02:21:53.357+0000] GC(160) Pause Initial Mark
[2025-08-01T02:21:53.361+0000] GC(160) Pause Initial Mark 1831M->1831M(4029M) 4.524ms
[2025-08-01T02:21:53.362+0000] GC(160) User=0.02s Sys=0.00s Real=0.00s
[2025-08-01T02:21:53.362+0000] GC(160) Concurrent Mark
[2025-08-01T02:21:53.362+0000] GC(160) Using 2 workers of 2 for marking
[2025-08-01T02:21:53.486+0000] GC(160) Concurrent Mark 123.745ms
[2025-08-01T02:21:53.486+0000] GC(160) User=0.40s Sys=0.00s Real=0.13s
[2025-08-01T02:21:53.486+0000] GC(160) Concurrent Preclean
[2025-08-01T02:21:53.493+0000] GC(160) Concurrent Preclean 7.448ms
[2025-08-01T02:21:53.493+0000] GC(160) User=0.01s Sys=0.00s Real=0.01s
[2025-08-01T02:21:53.493+0000] GC(160) Concurrent Abortable Preclean
[2025-08-01T02:21:53.505+0000] GC(161) Pause Young (Allocation Failure)
[2025-08-01T02:21:53.505+0000] GC(161) Using 8 workers of 8 for evacuation
[2025-08-01T02:21:53.653+0000] GC(161) ParNew: 613440K->68096K(613440K)
[2025-08-01T02:21:53.653+0000] GC(161) CMS: 1801468K->2209040K(3512768K)
[2025-08-01T02:21:53.653+0000] GC(161) Metaspace: 9703K(12544K)->9703K(12544K) NonClass: 8537K(11008K)->8537K(11008K) Class: 1166K(1536K)->1166K(1536K)
[2025-08-01T02:21:53.653+0000] GC(161) Pause Young (Allocation Failure) 2358M->2223M(4029M) 147.850ms
[2025-08-01T02:21:53.653+0000] GC(161) User=1.12s Sys=0.02s Real=0.15s
[2025-08-01T02:21:53.755+0000] GC(162) Pause Young (Allocation Failure)
[2025-08-01T02:21:53.755+0000] GC(162) Using 8 workers of 8 for evacuation
[2025-08-01T02:21:53.895+0000] GC(162) ParNew: 613440K->68096K(613440K)
[2025-08-01T02:21:53.895+0000] GC(162) CMS: 2209040K->2754307K(3512768K)
[2025-08-01T02:21:53.895+0000] GC(162) Metaspace: 9703K(12544K)->9703K(12544K) NonClass: 8537K(11008K)->8537K(11008K) Class: 1166K(1536K)->1166K(1536K)
[2025-08-01T02:21:53.895+0000] GC(162) Pause Young (Allocation Failure) 2756M->2756M(4029M) 139.459ms
[2025-08-01T02:21:53.895+0000] GC(162) User=1.10s Sys=0.00s Real=0.14s
[2025-08-01T02:21:54.047+0000] GC(163) Pause Young (Allocation Failure)
[2025-08-01T02:21:54.047+0000] GC(163) Using 8 workers of 8 for evacuation
[2025-08-01T02:21:54.255+0000] GC(163) ParNew: 613440K->68096K(613440K)
[2025-08-01T02:21:54.255+0000] GC(163) CMS: 2754307K->3127603K(3512768K)
[2025-08-01T02:21:54.255+0000] GC(163) Metaspace: 9703K(12544K)->9703K(12544K) NonClass: 8537K(11008K)->8537K(11008K) Class: 1166K(1536K)->1166K(1536K)
[2025-08-01T02:21:54.255+0000] GC(163) Pause Young (Allocation Failure) 3288M->3120M(4029M) 208.027ms
[2025-08-01T02:21:54.255+0000] GC(163) User=1.55s Sys=0.05s Real=0.21s
[2025-08-01T02:21:54.265+0000] GC(160) Concurrent Abortable Preclean 771.479ms
[2025-08-01T02:21:54.265+0000] GC(160) User=4.51s Sys=0.07s Real=0.77s
[2025-08-01T02:21:54.266+0000] GC(160) Pause Remark
[2025-08-01T02:21:54.296+0000] GC(160) Pause Remark 3229M->3229M(4029M) 30.459ms
[2025-08-01T02:21:54.296+0000] GC(160) User=0.22s Sys=0.01s Real=0.03s
[2025-08-01T02:21:54.296+0000] GC(160) Concurrent Sweep
[2025-08-01T02:21:54.389+0000] GC(164) Pause Young (Allocation Failure)
[2025-08-01T02:21:54.389+0000] GC(164) Using 8 workers of 8 for evacuation
[2025-08-01T02:21:54.506+0000] GC(164) ParNew: 613440K->68096K(613440K)
[2025-08-01T02:21:54.506+0000] GC(164) CMS: 2658117K->2981091K(3512768K)
[2025-08-01T02:21:54.506+0000] GC(164) Metaspace: 9703K(12544K)->9703K(12544K) NonClass: 8537K(11008K)->8537K(11008K) Class: 1166K(1536K)->1166K(1536K)
[2025-08-01T02:21:54.506+0000] GC(164) Pause Young (Allocation Failure) 3194M->2977M(4029M) 117.445ms
[2025-08-01T02:21:54.506+0000] GC(164) User=0.85s Sys=0.02s Real=0.12s
[2025-08-01T02:21:54.658+0000] GC(165) Pause Young (Allocation Failure)
[2025-08-01T02:21:54.658+0000] GC(165) Using 8 workers of 8 for evacuation
[2025-08-01T02:21:54.916+0000] GC(165) ParNew: 613440K->68096K(613440K)
[2025-08-01T02:21:54.916+0000] GC(165) CMS: 2609017K->3150433K(3512768K)
[2025-08-01T02:21:54.916+0000] GC(165) Metaspace: 9703K(12544K)->9703K(12544K) NonClass: 8537K(11008K)->8537K(11008K) Class: 1166K(1536K)->1166K(1536K)
[2025-08-01T02:21:54.916+0000] GC(165) Pause Young (Allocation Failure) 3146M->3143M(4029M) 258.097ms
[2025-08-01T02:21:54.916+0000] GC(165) User=1.31s Sys=0.02s Real=0.26s
[2025-08-01T02:21:55.018+0000] GC(166) Pause Young (Allocation Failure)
[2025-08-01T02:21:55.018+0000] GC(166) Using 8 workers of 8 for evacuation
[2025-08-01T02:21:55.191+0000] GC(166) ParNew: 613440K->68096K(613440K)
[2025-08-01T02:21:55.191+0000] GC(166) CMS: 2865456K->3329216K(3512768K)
[2025-08-01T02:21:55.191+0000] GC(166) Metaspace: 9703K(12544K)->9703K(12544K) NonClass: 8537K(11008K)->8537K(11008K) Class: 1166K(1536K)->1166K(1536K)
[2025-08-01T02:21:55.191+0000] GC(166) Pause Young (Allocation Failure) 3397M->3317M(4029M) 173.311ms
[2025-08-01T02:21:55.191+0000] GC(166) User=1.24s Sys=0.03s Real=0.17s
[2025-08-01T02:21:55.300+0000] GC(167) Pause Young (Allocation Failure)
[2025-08-01T02:21:55.300+0000] GC(167) Using 8 workers of 8 for evacuation
[2025-08-01T02:21:55.300+0000] GC(168) Pause Full (Allocation Failure)
[2025-08-01T02:21:55.391+0000] GC(160) Concurrent Sweep 1094.128ms
[2025-08-01T02:21:55.391+0000] GC(160) User=4.70s Sys=0.07s Real=1.09s
[2025-08-01T02:21:55.391+0000] GC(168) Phase 1: Mark live objects
[2025-08-01T02:21:55.452+0000] GC(168) Phase 1: Mark live objects 61.315ms
[2025-08-01T02:21:55.452+0000] GC(168) Phase 2: Compute new object addresses
[2025-08-01T02:21:55.967+0000] GC(168) Phase 2: Compute new object addresses 514.713ms
[2025-08-01T02:21:55.967+0000] GC(168) Phase 3: Adjust pointers
[2025-08-01T02:21:56.014+0000] GC(168) Phase 3: Adjust pointers 46.552ms
[2025-08-01T02:21:56.014+0000] GC(168) Phase 4: Move objects
[2025-08-01T02:21:56.123+0000] GC(168) Phase 4: Move objects 109.242ms
[2025-08-01T02:21:56.137+0000] GC(168) Pause Full (Allocation Failure) 3769M->280M(4029M) 836.980ms
[2025-08-01T02:21:56.137+0000] GC(167) ParNew: 613440K->0K(613440K)
[2025-08-01T02:21:56.137+0000] GC(167) CMS: 3246335K->287682K(3512768K)
[2025-08-01T02:21:56.137+0000] GC(167) Metaspace: 9703K(12544K)->9703K(12544K) NonClass: 8537K(11008K)->8537K(11008K) Class: 1166K(1536K)->1166K(1536K)
[2025-08-01T02:21:56.139+0000] GC(167) Pause Young (Allocation Failure) 3769M->280M(4029M) 838.959ms
[2025-08-01T02:21:56.139+0000] GC(167) User=0.84s Sys=0.00s Real=0.84s
[2025-08-01T02:21:56.139+0000] GC(160) Old: 1801468K->287682K(3512768K)
[2025-08-01T02:21:56.250+0000] GC(169) Pause Young (Allocation Failure)
[2025-08-01T02:21:56.250+0000] GC(169) Using 8 workers of 8 for evacuation
[2025-08-01T02:21:56.432+0000] GC(169) ParNew: 545344K->68096K(613440K)
[2025-08-01T02:21:56.433+0000] GC(169) CMS: 287682K->766870K(3512768K)
[2025-08-01T02:21:56.433+0000] GC(169) Metaspace: 9703K(12544K)->9703K(12544K) NonClass: 8537K(11008K)->8537K(11008K) Class: 1166K(1536K)->1166K(1536K)
[2025-08-01T02:21:56.433+0000] GC(169) Pause Young (Allocation Failure) 813M->815M(4029M) 182.206ms
[2025-08-01T02:21:56.433+0000] GC(169) User=1.34s Sys=0.02s Real=0.18s
[2025-08-01T02:21:56.537+0000] GC(170) Pause Young (Allocation Failure)
[2025-08-01T02:21:56.537+0000] GC(170) Using 8 workers of 8 for evacuation
[2025-08-01T02:21:56.775+0000] GC(170) ParNew: 613440K->68096K(613440K)
[2025-08-01T02:21:56.775+0000] GC(170) CMS: 766870K->1309478K(3512768K)
[2025-08-01T02:21:56.775+0000] GC(170) Metaspace: 9703K(12544K)->9703K(12544K) NonClass: 8537K(11008K)->8537K(11008K) Class: 1166K(1536K)->1166K(1536K)
[2025-08-01T02:21:56.775+0000] GC(170) Pause Young (Allocation Failure) 1347M->1345M(4029M) 238.091ms
[2025-08-01T02:21:56.775+0000] GC(170) User=1.83s Sys=0.04s Real=0.24s
[2025-08-01T02:21:56.932+0000] GC(171) Pause Young (Allocation Failure)
[2025-08-01T02:21:56.932+0000] GC(171) Using 8 workers of 8 for evacuation
[2025-08-01T02:21:57.181+0000] GC(171) ParNew: 613440K->68096K(613440K)
[2025-08-01T02:21:57.181+0000] GC(171) CMS: 1309478K->1732495K(3512768K)
[2025-08-01T02:21:57.181+0000] GC(171) Metaspace: 9703K(12544K)->9703K(12544K) NonClass: 8537K(11008K)->8537K(11008K) Class: 1166K(1536K)->1166K(1536K)
[2025-08-01T02:21:57.181+0000] GC(171) Pause Young (Allocation Failure) 1877M->1758M(4029M) 249.117ms
[2025-08-01T02:21:57.181+0000] GC(171) User=1.87s Sys=0.04s Real=0.25s
[2025-08-01T02:21:57.288+0000] GC(172) Pause Young (Allocation Failure)
[2025-08-01T02:21:57.288+0000] GC(172) Using 8 workers of 8 for evacuation
[2025-08-01T02:21:57.509+0000] GC(172) ParNew: 613440K->68096K(613440K)
[2025-08-01T02:21:57.510+0000] GC(172) CMS: 1732495K->2129313K(3512768K)
[2025-08-01T02:21:57.510+0000] GC(172) Metaspace: 9703K(12544K)->9703K(12544K) NonClass: 8537K(11008K)->8537K(11008K) Class: 1166K(1536K)->1166K(1536K)
[2025-08-01T02:21:57.510+0000] GC(172) Pause Young (Allocation Failure) 2290M->2145M(4029M) 221.452ms
[2025-08-01T02:21:57.510+0000] GC(172) User=1.67s Sys=0.05s Real=0.22s
[2025-08-01T02:21:57.510+0000] GC(173) Pause Initial Mark
[2025-08-01T02:21:57.512+0000] GC(173) Pause Initial Mark 2148M->2148M(4029M) 2.257ms
[2025-08-01T02:21:57.513+0000] GC(173) User=0.02s Sys=0.00s Real=0.00s
[2025-08-01T02:21:57.513+0000] GC(173) Concurrent Mark
[2025-08-01T02:21:57.513+0000] GC(173) Using 2 workers of 2 for marking
[2025-08-01T02:21:57.619+0000] GC(173) Concurrent Mark 105.928ms
[2025-08-01T02:21:57.619+0000] GC(173) User=0.33s Sys=0.00s Real=0.11s
[2025-08-01T02:21:57.619+0000] GC(173) Concurrent Preclean
[2025-08-01T02:21:57.626+0000] GC(173) Concurrent Preclean 7.622ms
[2025-08-01T02:21:57.626+0000] GC(173) User=0.01s Sys=0.00s Real=0.01s
[2025-08-01T02:21:57.626+0000] GC(173) Concurrent Abortable Preclean
[2025-08-01T02:21:57.658+0000] GC(174) Pause Young (Allocation Failure)
[2025-08-01T02:21:57.658+0000] GC(174) Using 8 workers of 8 for evacuation
[2025-08-01T02:21:57.829+0000] GC(174) ParNew: 613440K->68096K(613440K)
[2025-08-01T02:21:57.829+0000] GC(174) CMS: 2129313K->2674711K(3512768K)
[2025-08-01T02:21:57.829+0000] GC(174) Metaspace: 9703K(12544K)->9703K(12544K) NonClass: 8537K(11008K)->8537K(11008K) Class: 1166K(1536K)->1166K(1536K)
[2025-08-01T02:21:57.829+0000] GC(174) Pause Young (Allocation Failure) 2678M->2678M(4029M) 171.635ms
[2025-08-01T02:21:57.829+0000] GC(174) User=1.32s Sys=0.01s Real=0.17s
[2025-08-01T02:21:57.932+0000] GC(175) Pause Young (Allocation Failure)
[2025-08-01T02:21:57.932+0000] GC(175) Using 8 workers of 8 for evacuation
[2025-08-01T02:21:58.102+0000] GC(175) ParNew: 613440K->68096K(613440K)
[2025-08-01T02:21:58.102+0000] GC(175) CMS: 2674711K->3129006K(3512768K)
[2025-08-01T02:21:58.102+0000] GC(175) Metaspace: 9703K(12544K)->9703K(12544K) NonClass: 8537K(11008K)->8537K(11008K) Class: 1166K(1536K)->1166K(1536K)
[2025-08-01T02:21:58.102+0000] GC(175) Pause Young (Allocation Failure) 3211M->3122M(4029M) 170.646ms
[2025-08-01T02:21:58.102+0000] GC(175) User=1.26s Sys=0.05s Real=0.17s
[2025-08-01T02:21:58.241+0000] GC(176) Pause Young (Allocation Failure)
[2025-08-01T02:21:58.241+0000] GC(176) Using 8 workers of 8 for evacuation
[2025-08-01T02:21:58.241+0000] GC(177) Pause Full (Allocation Failure)
[2025-08-01T02:21:58.248+0000] GC(173) Concurrent Abortable Preclean 621.803ms
[2025-08-01T02:21:58.248+0000] GC(173) User=3.27s Sys=0.06s Real=0.62s
[2025-08-01T02:21:58.249+0000] GC(177) Phase 1: Mark live objects
[2025-08-01T02:21:58.320+0000] GC(177) Phase 1: Mark live objects 71.661ms
[2025-08-01T02:21:58.320+0000] GC(177) Phase 2: Compute new object addresses
[2025-08-01T02:21:58.819+0000] GC(177) Phase 2: Compute new object addresses 498.125ms
[2025-08-01T02:21:58.819+0000] GC(177) Phase 3: Adjust pointers
[2025-08-01T02:21:58.880+0000] GC(177) Phase 3: Adjust pointers 61.537ms
[2025-08-01T02:21:58.880+0000] GC(177) Phase 4: Move objects
[2025-08-01T02:21:59.043+0000] GC(177) Phase 4: Move objects 162.698ms
[2025-08-01T02:21:59.057+0000] GC(177) Pause Full (Allocation Failure) 3654M->390M(4029M) 816.040ms
[2025-08-01T02:21:59.057+0000] GC(176) ParNew: 613440K->0K(613440K)
[2025-08-01T02:21:59.057+0000] GC(176) CMS: 3129006K->399504K(3512768K)
[2025-08-01T02:21:59.057+0000] GC(176) Metaspace: 9703K(12544K)->9703K(12544K) NonClass: 8537K(11008K)->8537K(11008K) Class: 1166K(1536K)->1166K(1536K)
[2025-08-01T02:21:59.057+0000] GC(176) Pause Young (Allocation Failure) 3654M->390M(4029M) 816.318ms
[2025-08-01T02:21:59.057+0000] GC(176) User=0.82s Sys=0.00s Real=0.82s
[2025-08-01T02:21:59.170+0000] GC(178) Pause Young (Allocation Failure)
[2025-08-01T02:21:59.170+0000] GC(178) Using 8 workers of 8 for evacuation
[2025-08-01T02:21:59.355+0000] GC(178) ParNew: 545344K->68096K(613440K)
[2025-08-01T02:21:59.355+0000] GC(178) CMS: 399504K->875925K(3512768K)
[2025-08-01T02:21:59.355+0000] GC(178) Metaspace: 9703K(12544K)->9703K(12544K) NonClass: 8537K(11008K)->8537K(11008K) Class: 1166K(1536K)->1166K(1536K)
[2025-08-01T02:21:59.355+0000] GC(178) Pause Young (Allocation Failure) 922M->921M(4029M) 185.405ms
[2025-08-01T02:21:59.356+0000] GC(178) User=1.39s Sys=0.03s Real=0.19s
[2025-08-01T02:21:59.453+0000] GC(179) Pause Young (Allocation Failure)
[2025-08-01T02:21:59.453+0000] GC(179) Using 8 workers of 8 for evacuation
[2025-08-01T02:21:59.707+0000] GC(179) ParNew: 613440K->68096K(613440K)
[2025-08-01T02:21:59.707+0000] GC(179) CMS: 875925K->1417960K(3512768K)
[2025-08-01T02:21:59.707+0000] GC(179) Metaspace: 9703K(12544K)->9703K(12544K) NonClass: 8537K(11008K)->8537K(11008K) Class: 1166K(1536K)->1166K(1536K)
[2025-08-01T02:21:59.707+0000] GC(179) Pause Young (Allocation Failure) 1454M->1451M(4029M) 254.426ms
[2025-08-01T02:21:59.708+0000] GC(179) User=1.90s Sys=0.07s Real=0.25s
[2025-08-01T02:21:59.804+0000] GC(180) Pause Young (Allocation Failure)
[2025-08-01T02:21:59.804+0000] GC(180) Using 8 workers of 8 for evacuation
[2025-08-01T02:21:59.919+0000] GC(180) ParNew: 613440K->68096K(613440K)
[2025-08-01T02:21:59.919+0000] GC(180) CMS: 1417960K->1727150K(3512768K)
[2025-08-01T02:21:59.919+0000] GC(180) Metaspace: 9703K(12544K)->9703K(12544K) NonClass: 8537K(11008K)->8537K(11008K) Class: 1166K(1536K)->1166K(1536K)
[2025-08-01T02:21:59.919+0000] GC(180) Pause Young (Allocation Failure) 1983M->1753M(4029M) 115.187ms
[2025-08-01T02:21:59.919+0000] GC(180) User=0.85s Sys=0.01s Real=0.11s
[2025-08-01T02:22:00.013+0000] GC(181) Pause Young (Allocation Failure)
[2025-08-01T02:22:00.013+0000] GC(181) Using 8 workers of 8 for evacuation
[2025-08-01T02:22:00.182+0000] GC(181) ParNew: 613440K->68096K(613440K)
[2025-08-01T02:22:00.182+0000] GC(181) CMS: 1727150K->2244425K(3512768K)
[2025-08-01T02:22:00.182+0000] GC(181) Metaspace: 9703K(12544K)->9703K(12544K) NonClass: 8537K(11008K)->8537K(11008K) Class: 1166K(1536K)->1166K(1536K)
[2025-08-01T02:22:00.182+0000] GC(181) Pause Young (Allocation Failure) 2285M->2258M(4029M) 168.773ms
[2025-08-01T02:22:00.182+0000] GC(181) User=1.28s Sys=0.00s Real=0.16s
[2025-08-01T02:22:00.183+0000] GC(182) Pause Initial Mark
[2025-08-01T02:22:00.188+0000] GC(182) Pause Initial Mark 2268M->2268M(4029M) 5.451ms
[2025-08-01T02:22:00.188+0000] GC(182) User=0.02s Sys=0.00s Real=0.01s
[2025-08-01T02:22:00.188+0000] GC(182) Concurrent Mark
[2025-08-01T02:22:00.188+0000] GC(182) Using 2 workers of 2 for marking
[2025-08-01T02:22:00.283+0000] GC(183) Pause Young (Allocation Failure)
[2025-08-01T02:22:00.283+0000] GC(183) Using 8 workers of 8 for evacuation
[2025-08-01T02:22:00.448+0000] GC(183) ParNew: 613440K->68096K(613440K)
[2025-08-01T02:22:00.448+0000] GC(183) CMS: 2244425K->2787274K(3512768K)
[2025-08-01T02:22:00.448+0000] GC(183) Metaspace: 9703K(12544K)->9703K(12544K) NonClass: 8537K(11008K)->8537K(11008K) Class: 1166K(1536K)->1166K(1536K)
[2025-08-01T02:22:00.449+0000] GC(183) Pause Young (Allocation Failure) 2790M->2788M(4029M) 166.111ms
[2025-08-01T02:22:00.449+0000] GC(183) User=1.29s Sys=0.00s Real=0.17s
[2025-08-01T02:22:00.548+0000] GC(184) Pause Young (Allocation Failure)
[2025-08-01T02:22:00.548+0000] GC(184) Using 8 workers of 8 for evacuation
[2025-08-01T02:22:00.649+0000] GC(184) ParNew: 613440K->68096K(613440K)
[2025-08-01T02:22:00.649+0000] GC(184) CMS: 2787274K->3095933K(3512768K)
[2025-08-01T02:22:00.649+0000] GC(184) Metaspace: 9703K(12544K)->9703K(12544K) NonClass: 8537K(11008K)->8537K(11008K) Class: 1166K(1536K)->1166K(1536K)
[2025-08-01T02:22:00.649+0000] GC(184) Pause Young (Allocation Failure) 3321M->3089M(4029M) 101.606ms
[2025-08-01T02:22:00.649+0000] GC(184) User=0.78s Sys=0.00s Real=0.10s
[2025-08-01T02:22:00.726+0000] GC(182) Concurrent Mark 537.878ms
[2025-08-01T02:22:00.726+0000] GC(182) User=3.04s Sys=0.00s Real=0.54s
[2025-08-01T02:22:00.726+0000] GC(182) Concurrent Preclean
[2025-08-01T02:22:00.744+0000] GC(185) Pause Young (Allocation Failure)
[2025-08-01T02:22:00.744+0000] GC(185) Using 8 workers of 8 for evacuation
[2025-08-01T02:22:00.744+0000] GC(186) Pause Full (Allocation Failure)
[2025-08-01T02:22:00.998+0000] GC(182) Concurrent Preclean 272.042ms
[2025-08-01T02:22:00.999+0000] GC(182) User=0.33s Sys=0.00s Real=0.27s
[2025-08-01T02:22:00.999+0000] GC(186) Phase 1: Mark live objects
[2025-08-01T02:22:01.100+0000] GC(186) Phase 1: Mark live objects 101.261ms
[2025-08-01T02:22:01.100+0000] GC(186) Phase 2: Compute new object addresses
[2025-08-01T02:22:01.368+0000] GC(186) Phase 2: Compute new object addresses 267.123ms
[2025-08-01T02:22:01.368+0000] GC(186) Phase 3: Adjust pointers
[2025-08-01T02:22:01.460+0000] GC(186) Phase 3: Adjust pointers 92.820ms
[2025-08-01T02:22:01.461+0000] GC(186) Phase 4: Move objects
[2025-08-01T02:22:01.688+0000] GC(186) Phase 4: Move objects 227.375ms
[2025-08-01T02:22:01.694+0000] GC(186) Pause Full (Allocation Failure) 3622M->485M(4029M) 950.272ms
[2025-08-01T02:22:01.694+0000] GC(185) ParNew: 613440K->0K(613440K)
[2025-08-01T02:22:01.694+0000] GC(185) CMS: 3095933K->497153K(3512768K)
[2025-08-01T02:22:01.694+0000] GC(185) Metaspace: 9703K(12544K)->9703K(12544K) NonClass: 8537K(11008K)->8537K(11008K) Class: 1166K(1536K)->1166K(1536K)
[2025-08-01T02:22:01.694+0000] GC(185) Pause Young (Allocation Failure) 3622M->485M(4029M) 950.566ms
[2025-08-01T02:22:01.694+0000] GC(185) User=0.95s Sys=0.00s Real=0.95s
[2025-08-01T02:22:01.807+0000] GC(187) Pause Young (Allocation Failure)
[2025-08-01T02:22:01.807+0000] GC(187) Using 8 workers of 8 for evacuation
[2025-08-01T02:22:02.035+0000] GC(187) ParNew: 545344K->68096K(613440K)
[2025-08-01T02:22:02.036+0000] GC(187) CMS: 497153K->973492K(3512768K)
[2025-08-01T02:22:02.036+0000] GC(187) Metaspace: 9703K(12544K)->9703K(12544K) NonClass: 8537K(11008K)->8537K(11008K) Class: 1166K(1536K)->1166K(1536K)
[2025-08-01T02:22:02.036+0000] GC(187) Pause Young (Allocation Failure) 1018M->1017M(4029M) 228.618ms
[2025-08-01T02:22:02.036+0000] GC(187) User=1.73s Sys=0.02s Real=0.23s
[2025-08-01T02:22:02.132+0000] GC(188) Pause Young (Allocation Failure)
[2025-08-01T02:22:02.132+0000] GC(188) Using 8 workers of 8 for evacuation
[2025-08-01T02:22:02.257+0000] GC(188) ParNew: 613440K->68096K(613440K)
[2025-08-01T02:22:02.257+0000] GC(188) CMS: 973492K->1364686K(3512768K)
[2025-08-01T02:22:02.257+0000] GC(188) Metaspace: 9703K(12544K)->9703K(12544K) NonClass: 8537K(11008K)->8537K(11008K) Class: 1166K(1536K)->1166K(1536K)
[2025-08-01T02:22:02.257+0000] GC(188) Pause Young (Allocation Failure) 1549M->1399M(4029M) 125.278ms
[2025-08-01T02:22:02.258+0000] GC(188) User=0.97s Sys=0.00s Real=0.13s
[2025-08-01T02:22:02.350+0000] GC(189) Pause Young (Allocation Failure)
[2025-08-01T02:22:02.350+0000] GC(189) Using 8 workers of 8 for evacuation
[2025-08-01T02:22:02.512+0000] GC(189) ParNew: 613440K->68096K(613440K)
[2025-08-01T02:22:02.512+0000] GC(189) CMS: 1364686K->1566892K(3512768K)
[2025-08-01T02:22:02.512+0000] GC(189) Metaspace: 9703K(12544K)->9703K(12544K) NonClass: 8537K(11008K)->8537K(11008K) Class: 1166K(1536K)->1166K(1536K)
[2025-08-01T02:22:02.512+0000] GC(189) Pause Young (Allocation Failure) 1931M->1596M(4029M) 162.200ms
[2025-08-01T02:22:02.512+0000] GC(189) User=1.22s Sys=0.03s Real=0.16s
[2025-08-01T02:22:02.612+0000] GC(190) Pause Young (Allocation Failure)
[2025-08-01T02:22:02.612+0000] GC(190) Using 8 workers of 8 for evacuation
[2025-08-01T02:22:02.788+0000] GC(190) ParNew: 613440K->68096K(613440K)
[2025-08-01T02:22:02.788+0000] GC(190) CMS: 1566892K->2109862K(3512768K)
[2025-08-01T02:22:02.788+0000] GC(190) Metaspace: 9703K(12544K)->9703K(12544K) NonClass: 8537K(11008K)->8537K(11008K) Class: 1166K(1536K)->1166K(1536K)
[2025-08-01T02:22:02.788+0000] GC(190) Pause Young (Allocation Failure) 2129M->2126M(4029M) 175.757ms
[2025-08-01T02:22:02.788+0000] GC(190) User=1.34s Sys=0.02s Real=0.18s
[2025-08-01T02:22:02.789+0000] GC(191) Pause Initial Mark
[2025-08-01T02:22:02.794+0000] GC(191) Pause Initial Mark 2134M->2134M(4029M) 4.645ms
[2025-08-01T02:22:02.794+0000] GC(191) User=0.03s Sys=0.00s Real=0.01s
[2025-08-01T02:22:02.794+0000] GC(191) Concurrent Mark
[2025-08-01T02:22:02.794+0000] GC(191) Using 2 workers of 2 for marking
[2025-08-01T02:22:02.932+0000] GC(191) Concurrent Mark 137.737ms
[2025-08-01T02:22:02.932+0000] GC(191) User=0.43s Sys=0.00s Real=0.13s
[2025-08-01T02:22:02.932+0000] GC(191) Concurrent Preclean
[2025-08-01T02:22:02.937+0000] GC(192) Pause Young (Allocation Failure)
[2025-08-01T02:22:02.937+0000] GC(192) Using 8 workers of 8 for evacuation
[2025-08-01T02:22:03.092+0000] GC(192) ParNew: 613440K->68096K(613440K)
[2025-08-01T02:22:03.092+0000] GC(192) CMS: 2109862K->2653503K(3512768K)
[2025-08-01T02:22:03.092+0000] GC(192) Metaspace: 9703K(12544K)->9703K(12544K) NonClass: 8537K(11008K)->8537K(11008K) Class: 1166K(1536K)->1166K(1536K)
[2025-08-01T02:22:03.092+0000] GC(192) Pause Young (Allocation Failure) 2659M->2657M(4029M) 154.820ms
[2025-08-01T02:22:03.092+0000] GC(192) User=1.17s Sys=0.00s Real=0.15s
[2025-08-01T02:22:03.096+0000] GC(191) Concurrent Preclean 164.228ms
[2025-08-01T02:22:03.096+0000] GC(191) User=1.20s Sys=0.00s Real=0.17s
[2025-08-01T02:22:03.096+0000] GC(191) Concurrent Abortable Preclean
[2025-08-01T02:22:03.187+0000] GC(193) Pause Young (Allocation Failure)
[2025-08-01T02:22:03.187+0000] GC(193) Using 8 workers of 8 for evacuation
[2025-08-01T02:22:03.329+0000] GC(193) ParNew: 613440K->68094K(613440K)
[2025-08-01T02:22:03.329+0000] GC(193) CMS: 2653503K->3029868K(3512768K)
[2025-08-01T02:22:03.329+0000] GC(193) Metaspace: 9703K(12544K)->9703K(12544K) NonClass: 8537K(11008K)->8537K(11008K) Class: 1166K(1536K)->1166K(1536K)
[2025-08-01T02:22:03.329+0000] GC(193) Pause Young (Allocation Failure) 3190M->3025M(4029M) 141.828ms
[2025-08-01T02:22:03.329+0000] GC(193) User=1.08s Sys=0.03s Real=0.14s
[2025-08-01T02:22:03.432+0000] GC(194) Pause Young (Allocation Failure)
[2025-08-01T02:22:03.432+0000] GC(194) Using 8 workers of 8 for evacuation
[2025-08-01T02:22:03.432+0000] GC(195) Pause Full (Allocation Failure)
[2025-08-01T02:22:03.653+0000] GC(191) Concurrent Abortable Preclean 556.887ms
[2025-08-01T02:22:03.653+0000] GC(191) User=1.86s Sys=0.03s Real=0.56s
[2025-08-01T02:22:03.654+0000] GC(195) Phase 1: Mark live objects
[2025-08-01T02:22:03.776+0000] GC(195) Phase 1: Mark live objects 121.761ms
[2025-08-01T02:22:03.776+0000] GC(195) Phase 2: Compute new object addresses
[2025-08-01T02:22:04.217+0000] GC(195) Phase 2: Compute new object addresses 441.688ms
[2025-08-01T02:22:04.218+0000] GC(195) Phase 3: Adjust pointers
[2025-08-01T02:22:04.309+0000] GC(195) Phase 3: Adjust pointers 90.447ms
[2025-08-01T02:22:04.309+0000] GC(195) Phase 4: Move objects
[2025-08-01T02:22:04.555+0000] GC(195) Phase 4: Move objects 246.113ms
[2025-08-01T02:22:04.574+0000] GC(195) Pause Full (Allocation Failure) 3557M->585M(4029M) 1141.332ms
[2025-08-01T02:22:04.574+0000] GC(194) ParNew: 613438K->0K(613440K)
[2025-08-01T02:22:04.574+0000] GC(194) CMS: 3029868K->599579K(3512768K)
[2025-08-01T02:22:04.574+0000] GC(194) Metaspace: 9703K(12544K)->9703K(12544K) NonClass: 8537K(11008K)->8537K(11008K) Class: 1166K(1536K)->1166K(1536K)
[2025-08-01T02:22:04.574+0000] GC(194) Pause Young (Allocation Failure) 3557M->585M(4029M) 1141.602ms
[2025-08-01T02:22:04.574+0000] GC(194) User=1.15s Sys=0.00s Real=1.15s
[2025-08-01T02:22:04.707+0000] GC(196) Pause Young (Allocation Failure)
[2025-08-01T02:22:04.707+0000] GC(196) Using 8 workers of 8 for evacuation
[2025-08-01T02:22:04.895+0000] GC(196) ParNew: 545344K->68096K(613440K)
[2025-08-01T02:22:04.895+0000] GC(196) CMS: 599579K->1073527K(3512768K)
[2025-08-01T02:22:04.895+0000] GC(196) Metaspace: 9703K(12544K)->9703K(12544K) NonClass: 8537K(11008K)->8537K(11008K) Class: 1166K(1536K)->1166K(1536K)
[2025-08-01T02:22:04.896+0000] GC(196) Pause Young (Allocation Failure) 1118M->1114M(4029M) 188.194ms
[2025-08-01T02:22:04.896+0000] GC(196) User=1.47s Sys=0.01s Real=0.19s
[2025-08-01T02:22:04.996+0000] GC(197) Pause Young (Allocation Failure)
[2025-08-01T02:22:04.996+0000] GC(197) Using 8 workers of 8 for evacuation
[2025-08-01T02:22:05.190+0000] GC(197) ParNew: 613440K->68096K(613440K)
[2025-08-01T02:22:05.190+0000] GC(197) CMS: 1073527K->1406234K(3512768K)
[2025-08-01T02:22:05.190+0000] GC(197) Metaspace: 9703K(12544K)->9703K(12544K) NonClass: 8537K(11008K)->8537K(11008K) Class: 1166K(1536K)->1166K(1536K)
[2025-08-01T02:22:05.190+0000] GC(197) Pause Young (Allocation Failure) 1647M->1439M(4029M) 194.376ms
[2025-08-01T02:22:05.190+0000] GC(197) User=1.39s Sys=0.06s Real=0.19s
[2025-08-01T02:22:05.293+0000] GC(198) Pause Young (Allocation Failure)
[2025-08-01T02:22:05.294+0000] GC(198) Using 8 workers of 8 for evacuation
[2025-08-01T02:22:05.394+0000] GC(198) ParNew: 613440K->68096K(613440K)
[2025-08-01T02:22:05.394+0000] GC(198) CMS: 1406234K->1637553K(3512768K)
[2025-08-01T02:22:05.394+0000] GC(198) Metaspace: 9703K(12544K)->9703K(12544K) NonClass: 8537K(11008K)->8537K(11008K) Class: 1166K(1536K)->1166K(1536K)
[2025-08-01T02:22:05.394+0000] GC(198) Pause Young (Allocation Failure) 1972M->1665M(4029M) 100.888ms
[2025-08-01T02:22:05.394+0000] GC(198) User=0.76s Sys=0.03s Real=0.10s
[2025-08-01T02:22:05.495+0000] GC(199) Pause Young (Allocation Failure)
[2025-08-01T02:22:05.495+0000] GC(199) Using 8 workers of 8 for evacuation
[2025-08-01T02:22:05.667+0000] GC(199) ParNew: 613440K->68096K(613440K)
[2025-08-01T02:22:05.667+0000] GC(199) CMS: 1637553K->2181351K(3512768K)
[2025-08-01T02:22:05.667+0000] GC(199) Metaspace: 9703K(12544K)->9703K(12544K) NonClass: 8537K(11008K)->8537K(11008K) Class: 1166K(1536K)->1166K(1536K)
[2025-08-01T02:22:05.667+0000] GC(199) Pause Young (Allocation Failure) 2198M->2196M(4029M) 171.921ms
[2025-08-01T02:22:05.667+0000] GC(199) User=1.31s Sys=0.02s Real=0.17s
[2025-08-01T02:22:05.668+0000] GC(200) Pause Initial Mark
[2025-08-01T02:22:05.672+0000] GC(200) Pause Initial Mark 2204M->2204M(4029M) 3.333ms
[2025-08-01T02:22:05.672+0000] GC(200) User=0.02s Sys=0.00s Real=0.00s
[2025-08-01T02:22:05.672+0000] GC(200) Concurrent Mark
[2025-08-01T02:22:05.672+0000] GC(200) Using 2 workers of 2 for marking
[2025-08-01T02:22:05.770+0000] GC(201) Pause Young (Allocation Failure)
[2025-08-01T02:22:05.770+0000] GC(201) Using 8 workers of 8 for evacuation
[2025-08-01T02:22:05.879+0000] GC(201) ParNew: 613440K->68096K(613440K)
[2025-08-01T02:22:05.879+0000] GC(201) CMS: 2181351K->2588656K(3512768K)
[2025-08-01T02:22:05.879+0000] GC(201) Metaspace: 9703K(12544K)->9703K(12544K) NonClass: 8537K(11008K)->8537K(11008K) Class: 1166K(1536K)->1166K(1536K)
[2025-08-01T02:22:05.879+0000] GC(201) Pause Young (Allocation Failure) 2729M->2594M(4029M) 109.531ms
[2025-08-01T02:22:05.879+0000] GC(201) User=0.86s Sys=0.00s Real=0.11s
[2025-08-01T02:22:05.972+0000] GC(202) Pause Young (Allocation Failure)
[2025-08-01T02:22:05.972+0000] GC(202) Using 8 workers of 8 for evacuation
[2025-08-01T02:22:06.128+0000] GC(202) ParNew: 613440K->68096K(613440K)
[2025-08-01T02:22:06.128+0000] GC(202) CMS: 2588656K->3093980K(3512768K)
[2025-08-01T02:22:06.128+0000] GC(202) Metaspace: 9703K(12544K)->9703K(12544K) NonClass: 8537K(11008K)->8537K(11008K) Class: 1166K(1536K)->1166K(1536K)
[2025-08-01T02:22:06.128+0000] GC(202) Pause Young (Allocation Failure) 3127M->3087M(4029M) 155.486ms
[2025-08-01T02:22:06.128+0000] GC(202) User=1.22s Sys=0.00s Real=0.16s
[2025-08-01T02:22:06.226+0000] GC(203) Pause Young (Allocation Failure)
[2025-08-01T02:22:06.226+0000] GC(203) Using 8 workers of 8 for evacuation
[2025-08-01T02:22:06.226+0000] GC(204) Pause Full (Allocation Failure)
[2025-08-01T02:22:06.244+0000] GC(200) Concurrent Mark 572.176ms
[2025-08-01T02:22:06.244+0000] GC(200) User=3.22s Sys=0.00s Real=0.58s
[2025-08-01T02:22:06.245+0000] GC(204) Phase 1: Mark live objects
[2025-08-01T02:22:06.358+0000] GC(204) Phase 1: Mark live objects 113.040ms
[2025-08-01T02:22:06.358+0000] GC(204) Phase 2: Compute new object addresses
[2025-08-01T02:22:06.825+0000] GC(204) Phase 2: Compute new object addresses 466.792ms
[2025-08-01T02:22:06.825+0000] GC(204) Phase 3: Adjust pointers
[2025-08-01T02:22:06.924+0000] GC(204) Phase 3: Adjust pointers 98.986ms
[2025-08-01T02:22:06.924+0000] GC(204) Phase 4: Move objects
[2025-08-01T02:22:07.244+0000] GC(204) Phase 4: Move objects 319.956ms
[2025-08-01T02:22:07.260+0000] GC(204) Pause Full (Allocation Failure) 3620M->682M(4029M) 1034.022ms
[2025-08-01T02:22:07.260+0000] GC(203) ParNew: 613440K->0K(613440K)
[2025-08-01T02:22:07.260+0000] GC(203) CMS: 3093980K->698932K(3512768K)
[2025-08-01T02:22:07.260+0000] GC(203) Metaspace: 9703K(12544K)->9703K(12544K) NonClass: 8537K(11008K)->8537K(11008K) Class: 1166K(1536K)->1166K(1536K)
[2025-08-01T02:22:07.260+0000] GC(203) Pause Young (Allocation Failure) 3620M->682M(4029M) 1034.373ms
[2025-08-01T02:22:07.260+0000] GC(203) User=1.05s Sys=0.00s Real=1.03s
[2025-08-01T02:22:07.399+0000] GC(205) Pause Young (Allocation Failure)
[2025-08-01T02:22:07.399+0000] GC(205) Using 8 workers of 8 for evacuation
[2025-08-01T02:22:07.558+0000] GC(205) ParNew: 545344K->68096K(613440K)
[2025-08-01T02:22:07.558+0000] GC(205) CMS: 698932K->1177025K(3512768K)
[2025-08-01T02:22:07.558+0000] GC(205) Metaspace: 9703K(12544K)->9703K(12544K) NonClass: 8537K(11008K)->8537K(11008K) Class: 1166K(1536K)->1166K(1536K)
[2025-08-01T02:22:07.558+0000] GC(205) Pause Young (Allocation Failure) 1215M->1215M(4029M) 158.402ms
[2025-08-01T02:22:07.558+0000] GC(205) User=1.21s Sys=0.02s Real=0.16s
[2025-08-01T02:22:07.659+0000] GC(206) Pause Young (Allocation Failure)
[2025-08-01T02:22:07.659+0000] GC(206) Using 8 workers of 8 for evacuation
[2025-08-01T02:22:07.866+0000] GC(206) ParNew: 613440K->68096K(613440K)
[2025-08-01T02:22:07.866+0000] GC(206) CMS: 1177025K->1529978K(3512768K)
[2025-08-01T02:22:07.866+0000] GC(206) Metaspace: 9703K(12544K)->9703K(12544K) NonClass: 8537K(11008K)->8537K(11008K) Class: 1166K(1536K)->1166K(1536K)
[2025-08-01T02:22:07.866+0000] GC(206) Pause Young (Allocation Failure) 1748M->1560M(4029M) 206.663ms
[2025-08-01T02:22:07.866+0000] GC(206) User=1.57s Sys=0.05s Real=0.21s
[2025-08-01T02:22:08.016+0000] GC(207) Pause Young (Allocation Failure)
[2025-08-01T02:22:08.016+0000] GC(207) Using 8 workers of 8 for evacuation
[2025-08-01T02:22:08.215+0000] GC(207) ParNew: 613440K->68096K(613440K)
[2025-08-01T02:22:08.215+0000] GC(207) CMS: 1529978K->1855592K(3512768K)
[2025-08-01T02:22:08.215+0000] GC(207) Metaspace: 9703K(12544K)->9703K(12544K) NonClass: 8537K(11008K)->8537K(11008K) Class: 1166K(1536K)->1166K(1536K)
[2025-08-01T02:22:08.215+0000] GC(207) Pause Young (Allocation Failure) 2093M->1878M(4029M) 198.338ms
[2025-08-01T02:22:08.215+0000] GC(207) User=1.50s Sys=0.05s Real=0.20s
[2025-08-01T02:22:08.216+0000] GC(208) Pause Initial Mark
[2025-08-01T02:22:08.219+0000] GC(208) Pause Initial Mark 1886M->1886M(4029M) 3.544ms
[2025-08-01T02:22:08.219+0000] GC(208) User=0.02s Sys=0.00s Real=0.00s
[2025-08-01T02:22:08.219+0000] GC(208) Concurrent Mark
[2025-08-01T02:22:08.219+0000] GC(208) Using 2 workers of 2 for marking
[2025-08-01T02:22:08.306+0000] GC(208) Concurrent Mark 86.661ms
[2025-08-01T02:22:08.306+0000] GC(208) User=0.31s Sys=0.00s Real=0.09s
[2025-08-01T02:22:08.306+0000] GC(208) Concurrent Preclean
[2025-08-01T02:22:08.316+0000] GC(208) Concurrent Preclean 9.414ms
[2025-08-01T02:22:08.316+0000] GC(208) User=0.05s Sys=0.00s Real=0.01s
[2025-08-01T02:22:08.316+0000] GC(209) Pause Young (Allocation Failure)
[2025-08-01T02:22:08.316+0000] GC(209) Using 8 workers of 8 for evacuation
[2025-08-01T02:22:08.464+0000] GC(209) ParNew: 613440K->68096K(613440K)
[2025-08-01T02:22:08.464+0000] GC(209) CMS: 1855592K->2396308K(3512768K)
[2025-08-01T02:22:08.464+0000] GC(209) Metaspace: 9703K(12544K)->9703K(12544K) NonClass: 8537K(11008K)->8537K(11008K) Class: 1166K(1536K)->1166K(1536K)
[2025-08-01T02:22:08.464+0000] GC(209) Pause Young (Allocation Failure) 2411M->2406M(4029M) 147.662ms
[2025-08-01T02:22:08.464+0000] GC(209) User=1.16s Sys=0.00s Real=0.15s
[2025-08-01T02:22:08.465+0000] GC(208) Pause Remark
[2025-08-01T02:22:08.485+0000] GC(208) Pause Remark 2417M->2417M(4029M) 20.317ms
[2025-08-01T02:22:08.485+0000] GC(208) User=0.14s Sys=0.00s Real=0.02s
[2025-08-01T02:22:08.485+0000] GC(208) Concurrent Sweep
[2025-08-01T02:22:08.581+0000] GC(210) Pause Young (Allocation Failure)
[2025-08-01T02:22:08.581+0000] GC(210) Using 8 workers of 8 for evacuation
[2025-08-01T02:22:08.773+0000] GC(210) ParNew: 613440K->68096K(613440K)
[2025-08-01T02:22:08.773+0000] GC(210) CMS: 2014420K->2555470K(3512768K)
[2025-08-01T02:22:08.773+0000] GC(210) Metaspace: 9703K(12544K)->9703K(12544K) NonClass: 8537K(11008K)->8537K(11008K) Class: 1166K(1536K)->1166K(1536K)
[2025-08-01T02:22:08.773+0000] GC(210) Pause Young (Allocation Failure) 2566M->2562M(4029M) 192.617ms
[2025-08-01T02:22:08.773+0000] GC(210) User=1.25s Sys=0.01s Real=0.20s
[2025-08-01T02:22:08.868+0000] GC(211) Pause Young (Allocation Failure)
[2025-08-01T02:22:08.868+0000] GC(211) Using 8 workers of 8 for evacuation
[2025-08-01T02:22:09.039+0000] GC(211) ParNew: 613440K->68096K(613440K)
[2025-08-01T02:22:09.039+0000] GC(211) CMS: 2262571K->2656961K(3512768K)
[2025-08-01T02:22:09.039+0000] GC(211) Metaspace: 9703K(12544K)->9703K(12544K) NonClass: 8537K(11008K)->8537K(11008K) Class: 1166K(1536K)->1166K(1536K)
[2025-08-01T02:22:09.039+0000] GC(211) Pause Young (Allocation Failure) 2808M->2661M(4029M) 171.285ms
[2025-08-01T02:22:09.039+0000] GC(211) User=1.01s Sys=0.01s Real=0.17s
[2025-08-01T02:22:09.142+0000] GC(212) Pause Young (Allocation Failure)
[2025-08-01T02:22:09.142+0000] GC(212) Using 8 workers of 8 for evacuation
[2025-08-01T02:22:09.380+0000] GC(212) ParNew: 613440K->68096K(613440K)
[2025-08-01T02:22:09.380+0000] GC(212) CMS: 2037252K->2549216K(3512768K)
[2025-08-01T02:22:09.380+0000] GC(212) Metaspace: 9703K(12544K)->9703K(12544K) NonClass: 8537K(11008K)->8537K(11008K) Class: 1166K(1536K)->1166K(1536K)
[2025-08-01T02:22:09.380+0000] GC(212) Pause Young (Allocation Failure) 2588M->2555M(4029M) 238.541ms
[2025-08-01T02:22:09.380+0000] GC(212) User=1.31s Sys=0.08s Real=0.24s
[2025-08-01T02:22:09.475+0000] GC(213) Pause Young (Allocation Failure)
[2025-08-01T02:22:09.475+0000] GC(213) Using 8 workers of 8 for evacuation
[2025-08-01T02:22:09.657+0000] GC(213) ParNew: 613440K->68096K(613440K)
[2025-08-01T02:22:09.657+0000] GC(213) CMS: 2406206K->2947692K(3512768K)
[2025-08-01T02:22:09.657+0000] GC(213) Metaspace: 9703K(12544K)->9703K(12544K) NonClass: 8537K(11008K)->8537K(11008K) Class: 1166K(1536K)->1166K(1536K)
[2025-08-01T02:22:09.657+0000] GC(213) Pause Young (Allocation Failure) 2948M->2945M(4029M) 182.323ms
[2025-08-01T02:22:09.657+0000] GC(213) User=1.32s Sys=0.02s Real=0.18s
[2025-08-01T02:22:09.753+0000] GC(214) Pause Young (Allocation Failure)
[2025-08-01T02:22:09.753+0000] GC(214) Using 8 workers of 8 for evacuation
[2025-08-01T02:22:09.753+0000] GC(215) Pause Full (Allocation Failure)
[2025-08-01T02:22:09.758+0000] GC(208) Concurrent Sweep 1272.826ms
[2025-08-01T02:22:09.758+0000] GC(208) User=6.16s Sys=0.13s Real=1.27s
[2025-08-01T02:22:09.758+0000] GC(215) Phase 1: Mark live objects
[2025-08-01T02:22:09.839+0000] GC(215) Phase 1: Mark live objects 80.103ms
[2025-08-01T02:22:09.839+0000] GC(215) Phase 2: Compute new object addresses
[2025-08-01T02:22:10.301+0000] GC(215) Phase 2: Compute new object addresses 462.207ms
[2025-08-01T02:22:10.301+0000] GC(215) Phase 3: Adjust pointers
[2025-08-01T02:22:10.383+0000] GC(215) Phase 3: Adjust pointers 81.994ms
[2025-08-01T02:22:10.383+0000] GC(215) Phase 4: Move objects
[2025-08-01T02:22:10.599+0000] GC(215) Phase 4: Move objects 216.092ms
[2025-08-01T02:22:10.612+0000] GC(215) Pause Full (Allocation Failure) 3477M->485M(4029M) 858.856ms
[2025-08-01T02:22:10.612+0000] GC(214) ParNew: 613440K->0K(613440K)
[2025-08-01T02:22:10.612+0000] GC(214) CMS: 2947692K->497657K(3512768K)
[2025-08-01T02:22:10.612+0000] GC(214) Metaspace: 9703K(12544K)->9703K(12544K) NonClass: 8537K(11008K)->8537K(11008K) Class: 1166K(1536K)->1166K(1536K)
[2025-08-01T02:22:10.613+0000] GC(214) Pause Young (Allocation Failure) 3477M->485M(4029M) 860.368ms
[2025-08-01T02:22:10.613+0000] GC(214) User=0.86s Sys=0.00s Real=0.87s
[2025-08-01T02:22:10.616+0000] GC(208) Old: 1855592K->497657K(3512768K)
[2025-08-01T02:22:10.707+0000] GC(216) Pause Young (Allocation Failure)
[2025-08-01T02:22:10.707+0000] GC(216) Using 8 workers of 8 for evacuation
[2025-08-01T02:22:10.857+0000] GC(216) ParNew: 545344K->68096K(613440K)
[2025-08-01T02:22:10.857+0000] GC(216) CMS: 497657K->878811K(3512768K)
[2025-08-01T02:22:10.857+0000] GC(216) Metaspace: 9703K(12544K)->9703K(12544K) NonClass: 8537K(11008K)->8537K(11008K) Class: 1166K(1536K)->1166K(1536K)
[2025-08-01T02:22:10.857+0000] GC(216) Pause Young (Allocation Failure) 1018M->924M(4029M) 150.460ms
[2025-08-01T02:22:10.857+0000] GC(216) User=1.15s Sys=0.01s Real=0.15s
[2025-08-01T02:22:10.949+0000] GC(217) Pause Young (Allocation Failure)
[2025-08-01T02:22:10.949+0000] GC(217) Using 8 workers of 8 for evacuation
[2025-08-01T02:22:11.159+0000] GC(217) ParNew: 613440K->68096K(613440K)
[2025-08-01T02:22:11.159+0000] GC(217) CMS: 878811K->1424649K(3512768K)
[2025-08-01T02:22:11.159+0000] GC(217) Metaspace: 9703K(12544K)->9703K(12544K) NonClass: 8537K(11008K)->8537K(11008K) Class: 1166K(1536K)->1166K(1536K)
[2025-08-01T02:22:11.159+0000] GC(217) Pause Young (Allocation Failure) 1457M->1457M(4029M) 210.733ms
[2025-08-01T02:22:11.159+0000] GC(217) User=1.61s Sys=0.04s Real=0.21s
[2025-08-01T02:22:11.301+0000] GC(218) Pause Young (Allocation Failure)
[2025-08-01T02:22:11.301+0000] GC(218) Using 8 workers of 8 for evacuation
[2025-08-01T02:22:11.503+0000] GC(218) ParNew: 613440K->68096K(613440K)
[2025-08-01T02:22:11.503+0000] GC(218) CMS: 1424649K->1675030K(3512768K)
[2025-08-01T02:22:11.503+0000] GC(218) Metaspace: 9703K(12544K)->9703K(12544K) NonClass: 8537K(11008K)->8537K(11008K) Class: 1166K(1536K)->1166K(1536K)
[2025-08-01T02:22:11.503+0000] GC(218) Pause Young (Allocation Failure) 1990M->1702M(4029M) 202.238ms
[2025-08-01T02:22:11.503+0000] GC(218) User=1.45s Sys=0.06s Real=0.21s
[2025-08-01T02:22:11.611+0000] GC(219) Pause Young (Allocation Failure)
[2025-08-01T02:22:11.611+0000] GC(219) Using 8 workers of 8 for evacuation
[2025-08-01T02:22:11.797+0000] GC(219) ParNew: 613440K->68094K(613440K)
[2025-08-01T02:22:11.797+0000] GC(219) CMS: 1675030K->2142989K(3512768K)
[2025-08-01T02:22:11.797+0000] GC(219) Metaspace: 9703K(12544K)->9703K(12544K) NonClass: 8537K(11008K)->8537K(11008K) Class: 1166K(1536K)->1166K(1536K)
[2025-08-01T02:22:11.797+0000] GC(219) Pause Young (Allocation Failure) 2234M->2159M(4029M) 185.533ms
[2025-08-01T02:22:11.797+0000] GC(219) User=1.41s Sys=0.02s Real=0.19s
[2025-08-01T02:22:11.798+0000] GC(220) Pause Initial Mark
[2025-08-01T02:22:11.803+0000] GC(220) Pause Initial Mark 2167M->2167M(4029M) 4.410ms
[2025-08-01T02:22:11.803+0000] GC(220) User=0.02s Sys=0.00s Real=0.00s
[2025-08-01T02:22:11.803+0000] GC(220) Concurrent Mark
[2025-08-01T02:22:11.803+0000] GC(220) Using 2 workers of 2 for marking
[2025-08-01T02:22:11.869+0000] GC(220) Concurrent Mark 66.452ms
[2025-08-01T02:22:11.870+0000] GC(220) User=0.19s Sys=0.00s Real=0.06s
[2025-08-01T02:22:11.870+0000] GC(220) Concurrent Preclean
[2025-08-01T02:22:11.877+0000] GC(220) Concurrent Preclean 7.345ms
[2025-08-01T02:22:11.877+0000] GC(220) User=0.03s Sys=0.00s Real=0.01s
[2025-08-01T02:22:11.877+0000] GC(220) Concurrent Abortable Preclean
[2025-08-01T02:22:11.895+0000] GC(221) Pause Young (Allocation Failure)
[2025-08-01T02:22:11.895+0000] GC(221) Using 8 workers of 8 for evacuation
[2025-08-01T02:22:12.056+0000] GC(221) ParNew: 613438K->68096K(613440K)
[2025-08-01T02:22:12.056+0000] GC(221) CMS: 2142989K->2655694K(3512768K)
[2025-08-01T02:22:12.056+0000] GC(221) Metaspace: 9703K(12544K)->9703K(12544K) NonClass: 8537K(11008K)->8537K(11008K) Class: 1166K(1536K)->1166K(1536K)
[2025-08-01T02:22:12.056+0000] GC(221) Pause Young (Allocation Failure) 2691M->2659M(4029M) 160.579ms
[2025-08-01T02:22:12.056+0000] GC(221) User=1.25s Sys=0.01s Real=0.16s
[2025-08-01T02:22:12.152+0000] GC(222) Pause Young (Allocation Failure)
[2025-08-01T02:22:12.152+0000] GC(222) Using 8 workers of 8 for evacuation
[2025-08-01T02:22:12.361+0000] GC(222) ParNew: 613440K->68096K(613440K)
[2025-08-01T02:22:12.361+0000] GC(222) CMS: 2655694K->3195443K(3512768K)
[2025-08-01T02:22:12.361+0000] GC(222) Metaspace: 9703K(12544K)->9703K(12544K) NonClass: 8537K(11008K)->8537K(11008K) Class: 1166K(1536K)->1166K(1536K)
[2025-08-01T02:22:12.361+0000] GC(222) Pause Young (Allocation Failure) 3192M->3187M(4029M) 209.310ms
[2025-08-01T02:22:12.361+0000] GC(222) User=1.56s Sys=0.06s Real=0.21s
[2025-08-01T02:22:12.455+0000] GC(223) Pause Young (Allocation Failure)
[2025-08-01T02:22:12.455+0000] GC(223) Using 8 workers of 8 for evacuation
[2025-08-01T02:22:12.455+0000] GC(224) Pause Full (Allocation Failure)
[2025-08-01T02:22:12.629+0000] GC(220) Concurrent Abortable Preclean 751.357ms
[2025-08-01T02:22:12.629+0000] GC(220) User=3.56s Sys=0.07s Real=0.75s
[2025-08-01T02:22:12.629+0000] GC(224) Phase 1: Mark live objects
[2025-08-01T02:22:12.736+0000] GC(224) Phase 1: Mark live objects 107.046ms
[2025-08-01T02:22:12.736+0000] GC(224) Phase 2: Compute new object addresses
[2025-08-01T02:22:13.168+0000] GC(224) Phase 2: Compute new object addresses 432.067ms
[2025-08-01T02:22:13.168+0000] GC(224) Phase 3: Adjust pointers
[2025-08-01T02:22:13.257+0000] GC(224) Phase 3: Adjust pointers 88.947ms
[2025-08-01T02:22:13.257+0000] GC(224) Phase 4: Move objects
[2025-08-01T02:22:13.491+0000] GC(224) Phase 4: Move objects 234.095ms
[2025-08-01T02:22:13.504+0000] GC(224) Pause Full (Allocation Failure) 3719M->586M(4029M) 1049.327ms
[2025-08-01T02:22:13.504+0000] GC(223) ParNew: 613440K->0K(613440K)
[2025-08-01T02:22:13.504+0000] GC(223) CMS: 3195443K->600768K(3512768K)
[2025-08-01T02:22:13.504+0000] GC(223) Metaspace: 9703K(12544K)->9703K(12544K) NonClass: 8537K(11008K)->8537K(11008K) Class: 1166K(1536K)->1166K(1536K)
[2025-08-01T02:22:13.504+0000] GC(223) Pause Young (Allocation Failure) 3719M->586M(4029M) 1049.593ms
[2025-08-01T02:22:13.505+0000] GC(223) User=1.06s Sys=0.00s Real=1.05s
[2025-08-01T02:22:13.606+0000] GC(225) Pause Young (Allocation Failure)
[2025-08-01T02:22:13.606+0000] GC(225) Using 8 workers of 8 for evacuation
[2025-08-01T02:22:13.791+0000] GC(225) ParNew: 545344K->68096K(613440K)
[2025-08-01T02:22:13.791+0000] GC(225) CMS: 600768K->984425K(3512768K)
[2025-08-01T02:22:13.791+0000] GC(225) Metaspace: 9703K(12544K)->9703K(12544K) NonClass: 8537K(11008K)->8537K(11008K) Class: 1166K(1536K)->1166K(1536K)
[2025-08-01T02:22:13.791+0000] GC(225) Pause Young (Allocation Failure) 1119M->1027M(4029M) 185.542ms
[2025-08-01T02:22:13.791+0000] GC(225) User=1.41s Sys=0.04s Real=0.18s
[2025-08-01T02:22:13.881+0000] GC(226) Pause Young (Allocation Failure)
[2025-08-01T02:22:13.881+0000] GC(226) Using 8 workers of 8 for evacuation
[2025-08-01T02:22:14.044+0000] GC(226) ParNew: 613440K->68096K(613440K)
[2025-08-01T02:22:14.044+0000] GC(226) CMS: 984425K->1526207K(3512768K)
[2025-08-01T02:22:14.044+0000] GC(226) Metaspace: 9703K(12544K)->9703K(12544K) NonClass: 8537K(11008K)->8537K(11008K) Class: 1166K(1536K)->1166K(1536K)
[2025-08-01T02:22:14.045+0000] GC(226) Pause Young (Allocation Failure) 1560M->1556M(4029M) 163.451ms
[2025-08-01T02:22:14.045+0000] GC(226) User=1.28s Sys=0.00s Real=0.17s
[2025-08-01T02:22:14.137+0000] GC(227) Pause Young (Allocation Failure)
[2025-08-01T02:22:14.137+0000] GC(227) Using 8 workers of 8 for evacuation
[2025-08-01T02:22:14.252+0000] GC(227) ParNew: 613440K->68096K(613440K)
[2025-08-01T02:22:14.252+0000] GC(227) CMS: 1526207K->1795033K(3512768K)
[2025-08-01T02:22:14.252+0000] GC(227) Metaspace: 9703K(12544K)->9703K(12544K) NonClass: 8537K(11008K)->8537K(11008K) Class: 1166K(1536K)->1166K(1536K)
[2025-08-01T02:22:14.252+0000] GC(227) Pause Young (Allocation Failure) 2089M->1819M(4029M) 114.741ms
[2025-08-01T02:22:14.252+0000] GC(227) User=0.87s Sys=0.03s Real=0.11s
[2025-08-01T02:22:14.252+0000] GC(228) Pause Initial Mark
[2025-08-01T02:22:14.255+0000] GC(228) Pause Initial Mark 1827M->1827M(4029M) 2.892ms
[2025-08-01T02:22:14.255+0000] GC(228) User=0.02s Sys=0.00s Real=0.01s
[2025-08-01T02:22:14.255+0000] GC(228) Concurrent Mark
[2025-08-01T02:22:14.255+0000] GC(228) Using 2 workers of 2 for marking
[2025-08-01T02:22:14.326+0000] GC(228) Concurrent Mark 70.230ms
[2025-08-01T02:22:14.326+0000] GC(228) User=0.20s Sys=0.00s Real=0.07s
[2025-08-01T02:22:14.326+0000] GC(228) Concurrent Preclean
[2025-08-01T02:22:14.334+0000] GC(228) Concurrent Preclean 8.056ms
[2025-08-01T02:22:14.334+0000] GC(228) User=0.03s Sys=0.00s Real=0.01s
[2025-08-01T02:22:14.334+0000] GC(228) Concurrent Abortable Preclean
[2025-08-01T02:22:14.355+0000] GC(229) Pause Young (Allocation Failure)
[2025-08-01T02:22:14.355+0000] GC(229) Using 8 workers of 8 for evacuation
[2025-08-01T02:22:14.502+0000] GC(229) ParNew: 613440K->68096K(613440K)
[2025-08-01T02:22:14.502+0000] GC(229) CMS: 1795033K->2149834K(3512768K)
[2025-08-01T02:22:14.502+0000] GC(229) Metaspace: 9703K(12544K)->9703K(12544K) NonClass: 8537K(11008K)->8537K(11008K) Class: 1166K(1536K)->1166K(1536K)
[2025-08-01T02:22:14.502+0000] GC(229) Pause Young (Allocation Failure) 2352M->2165M(4029M) 147.507ms
[2025-08-01T02:22:14.502+0000] GC(229) User=1.09s Sys=0.03s Real=0.14s
[2025-08-01T02:22:14.595+0000] GC(230) Pause Young (Allocation Failure)
[2025-08-01T02:22:14.595+0000] GC(230) Using 8 workers of 8 for evacuation
[2025-08-01T02:22:14.767+0000] GC(230) ParNew: 613440K->68096K(613440K)
[2025-08-01T02:22:14.767+0000] GC(230) CMS: 2149834K->2694468K(3512768K)
[2025-08-01T02:22:14.767+0000] GC(230) Metaspace: 9703K(12544K)->9703K(12544K) NonClass: 8537K(11008K)->8537K(11008K) Class: 1166K(1536K)->1166K(1536K)
[2025-08-01T02:22:14.767+0000] GC(230) Pause Young (Allocation Failure) 2698M->2697M(4029M) 172.099ms
[2025-08-01T02:22:14.767+0000] GC(230) User=1.31s Sys=0.03s Real=0.17s
[2025-08-01T02:22:14.862+0000] GC(231) Pause Young (Allocation Failure)
[2025-08-01T02:22:14.862+0000] GC(231) Using 8 workers of 8 for evacuation
[2025-08-01T02:22:14.985+0000] GC(231) ParNew: 613440K->68096K(613440K)
[2025-08-01T02:22:14.985+0000] GC(231) CMS: 2694468K->3090900K(3512768K)
[2025-08-01T02:22:14.985+0000] GC(231) Metaspace: 9703K(12544K)->9703K(12544K) NonClass: 8537K(11008K)->8537K(11008K) Class: 1166K(1536K)->1166K(1536K)
[2025-08-01T02:22:14.985+0000] GC(231) Pause Young (Allocation Failure) 3230M->3084M(4029M) 123.292ms
[2025-08-01T02:22:14.985+0000] GC(231) User=0.96s Sys=0.00s Real=0.13s
[2025-08-01T02:22:15.078+0000] GC(232) Pause Young (Allocation Failure)
[2025-08-01T02:22:15.078+0000] GC(232) Using 8 workers of 8 for evacuation
[2025-08-01T02:22:15.078+0000] GC(233) Pause Full (Allocation Failure)
[2025-08-01T02:22:15.242+0000] GC(228) Concurrent Abortable Preclean 907.619ms
[2025-08-01T02:22:15.242+0000] GC(228) User=4.33s Sys=0.06s Real=0.90s
[2025-08-01T02:22:15.242+0000] GC(233) Phase 1: Mark live objects
[2025-08-01T02:22:15.379+0000] GC(233) Phase 1: Mark live objects 136.978ms
[2025-08-01T02:22:15.379+0000] GC(233) Phase 2: Compute new object addresses
[2025-08-01T02:22:15.830+0000] GC(233) Phase 2: Compute new object addresses 450.793ms
[2025-08-01T02:22:15.830+0000] GC(233) Phase 3: Adjust pointers
[2025-08-01T02:22:15.943+0000] GC(233) Phase 3: Adjust pointers 112.662ms
[2025-08-01T02:22:15.943+0000] GC(233) Phase 4: Move objects
[2025-08-01T02:22:16.268+0000] GC(233) Phase 4: Move objects 324.629ms
[2025-08-01T02:22:16.281+0000] GC(233) Pause Full (Allocation Failure) 3617M->685M(4029M) 1202.638ms
[2025-08-01T02:22:16.281+0000] GC(232) ParNew: 613440K->0K(613440K)
[2025-08-01T02:22:16.281+0000] GC(232) CMS: 3090900K->702350K(3512768K)
[2025-08-01T02:22:16.281+0000] GC(232) Metaspace: 9703K(12544K)->9703K(12544K) NonClass: 8537K(11008K)->8537K(11008K) Class: 1166K(1536K)->1166K(1536K)
[2025-08-01T02:22:16.281+0000] GC(232) Pause Young (Allocation Failure) 3617M->685M(4029M) 1202.917ms
[2025-08-01T02:22:16.281+0000] GC(232) User=1.21s Sys=0.00s Real=1.20s
[2025-08-01T02:22:16.378+0000] GC(234) Pause Young (Allocation Failure)
[2025-08-01T02:22:16.378+0000] GC(234) Using 8 workers of 8 for evacuation
[2025-08-01T02:22:16.569+0000] GC(234) ParNew: 545344K->68096K(613440K)
[2025-08-01T02:22:16.569+0000] GC(234) CMS: 702350K->1154171K(3512768K)
[2025-08-01T02:22:16.569+0000] GC(234) Metaspace: 9703K(12544K)->9703K(12544K) NonClass: 8537K(11008K)->8537K(11008K) Class: 1166K(1536K)->1166K(1536K)
[2025-08-01T02:22:16.569+0000] GC(234) Pause Young (Allocation Failure) 1218M->1193M(4029M) 190.923ms
[2025-08-01T02:22:16.569+0000] GC(234) User=1.45s Sys=0.03s Real=0.19s
[2025-08-01T02:22:16.663+0000] GC(235) Pause Young (Allocation Failure)
[2025-08-01T02:22:16.663+0000] GC(235) Using 8 workers of 8 for evacuation
[2025-08-01T02:22:16.820+0000] GC(235) ParNew: 613440K->68096K(613440K)
[2025-08-01T02:22:16.821+0000] GC(235) CMS: 1154171K->1698755K(3512768K)
[2025-08-01T02:22:16.821+0000] GC(235) Metaspace: 9703K(12544K)->9703K(12544K) NonClass: 8537K(11008K)->8537K(11008K) Class: 1166K(1536K)->1166K(1536K)
[2025-08-01T02:22:16.821+0000] GC(235) Pause Young (Allocation Failure) 1726M->1725M(4029M) 157.925ms
[2025-08-01T02:22:16.821+0000] GC(235) User=1.23s Sys=0.01s Real=0.16s
[2025-08-01T02:22:16.912+0000] GC(236) Pause Young (Allocation Failure)
[2025-08-01T02:22:16.912+0000] GC(236) Using 8 workers of 8 for evacuation
[2025-08-01T02:22:17.087+0000] GC(236) ParNew: 613440K->68096K(613440K)
[2025-08-01T02:22:17.087+0000] GC(236) CMS: 1698755K->2099600K(3512768K)
[2025-08-01T02:22:17.087+0000] GC(236) Metaspace: 9703K(12544K)->9703K(12544K) NonClass: 8537K(11008K)->8537K(11008K) Class: 1166K(1536K)->1166K(1536K)
[2025-08-01T02:22:17.087+0000] GC(236) Pause Young (Allocation Failure) 2258M->2116M(4029M) 175.211ms
[2025-08-01T02:22:17.087+0000] GC(236) User=1.30s Sys=0.04s Real=0.18s
[2025-08-01T02:22:17.088+0000] GC(237) Pause Initial Mark
[2025-08-01T02:22:17.092+0000] GC(237) Pause Initial Mark 2122M->2122M(4029M) 4.024ms
[2025-08-01T02:22:17.092+0000] GC(237) User=0.02s Sys=0.00s Real=0.00s
[2025-08-01T02:22:17.092+0000] GC(237) Concurrent Mark
[2025-08-01T02:22:17.092+0000] GC(237) Using 2 workers of 2 for marking
[2025-08-01T02:22:17.183+0000] GC(238) Pause Young (Allocation Failure)
[2025-08-01T02:22:17.184+0000] GC(238) Using 8 workers of 8 for evacuation
[2025-08-01T02:22:17.329+0000] GC(238) ParNew: 613440K->68096K(613440K)
[2025-08-01T02:22:17.329+0000] GC(238) CMS: 2099600K->2480636K(3512768K)
[2025-08-01T02:22:17.329+0000] GC(238) Metaspace: 9703K(12544K)->9703K(12544K) NonClass: 8537K(11008K)->8537K(11008K) Class: 1166K(1536K)->1166K(1536K)
[2025-08-01T02:22:17.329+0000] GC(238) Pause Young (Allocation Failure) 2649M->2488M(4029M) 145.747ms
[2025-08-01T02:22:17.329+0000] GC(238) User=1.12s Sys=0.01s Real=0.14s
[2025-08-01T02:22:17.426+0000] GC(239) Pause Young (Allocation Failure)
[2025-08-01T02:22:17.426+0000] GC(239) Using 8 workers of 8 for evacuation
[2025-08-01T02:22:17.626+0000] GC(239) ParNew: 613440K->68096K(613440K)
[2025-08-01T02:22:17.627+0000] GC(239) CMS: 2480636K->3022704K(3512768K)
[2025-08-01T02:22:17.627+0000] GC(239) Metaspace: 9703K(12544K)->9703K(12544K) NonClass: 8537K(11008K)->8537K(11008K) Class: 1166K(1536K)->1166K(1536K)
[2025-08-01T02:22:17.627+0000] GC(239) Pause Young (Allocation Failure) 3021M->3018M(4029M) 200.934ms
[2025-08-01T02:22:17.627+0000] GC(239) User=1.48s Sys=0.05s Real=0.20s
[2025-08-01T02:22:17.720+0000] GC(240) Pause Young (Allocation Failure)
[2025-08-01T02:22:17.720+0000] GC(240) Using 8 workers of 8 for evacuation
[2025-08-01T02:22:17.720+0000] GC(241) Pause Full (Allocation Failure)
[2025-08-01T02:22:17.735+0000] GC(237) Concurrent Mark 643.533ms
[2025-08-01T02:22:17.735+0000] GC(237) User=3.65s Sys=0.06s Real=0.65s
[2025-08-01T02:22:17.736+0000] GC(241) Phase 1: Mark live objects
[2025-08-01T02:22:17.853+0000] GC(241) Phase 1: Mark live objects 117.601ms
[2025-08-01T02:22:17.853+0000] GC(241) Phase 2: Compute new object addresses
[2025-08-01T02:22:18.331+0000] GC(241) Phase 2: Compute new object addresses 477.162ms
[2025-08-01T02:22:18.331+0000] GC(241) Phase 3: Adjust pointers
[2025-08-01T02:22:18.446+0000] GC(241) Phase 3: Adjust pointers 115.416ms
[2025-08-01T02:22:18.446+0000] GC(241) Phase 4: Move objects
[2025-08-01T02:22:18.777+0000] GC(241) Phase 4: Move objects 330.700ms
[2025-08-01T02:22:18.791+0000] GC(241) Pause Full (Allocation Failure) 3550M->713M(4029M) 1071.009ms
[2025-08-01T02:22:18.791+0000] GC(240) ParNew: 613440K->0K(613440K)
[2025-08-01T02:22:18.791+0000] GC(240) CMS: 3022704K->730597K(3512768K)
[2025-08-01T02:22:18.791+0000] GC(240) Metaspace: 9703K(12544K)->9703K(12544K) NonClass: 8537K(11008K)->8537K(11008K) Class: 1166K(1536K)->1166K(1536K)
[2025-08-01T02:22:18.791+0000] GC(240) Pause Young (Allocation Failure) 3550M->713M(4029M) 1071.304ms
[2025-08-01T02:22:18.791+0000] GC(240) User=1.08s Sys=0.00s Real=1.07s
[2025-08-01T02:22:18.893+0000] GC(242) Pause Young (Allocation Failure)
[2025-08-01T02:22:18.893+0000] GC(242) Using 8 workers of 8 for evacuation
[2025-08-01T02:22:19.206+0000] GC(242) ParNew: 545344K->68096K(613440K)
[2025-08-01T02:22:19.206+0000] GC(242) CMS: 730597K->1081539K(3512768K)
[2025-08-01T02:22:19.206+0000] GC(242) Metaspace: 9703K(12544K)->9703K(12544K) NonClass: 8537K(11008K)->8537K(11008K) Class: 1166K(1536K)->1166K(1536K)
[2025-08-01T02:22:19.206+0000] GC(242) Pause Young (Allocation Failure) 1246M->1122M(4029M) 313.548ms
[2025-08-01T02:22:19.206+0000] GC(242) User=2.40s Sys=0.07s Real=0.32s
[2025-08-01T02:22:19.302+0000] GC(243) Pause Young (Allocation Failure)
[2025-08-01T02:22:19.303+0000] GC(243) Using 8 workers of 8 for evacuation
[2025-08-01T02:22:19.533+0000] GC(243) ParNew: 613440K->68096K(613440K)
[2025-08-01T02:22:19.533+0000] GC(243) CMS: 1081539K->1597032K(3512768K)
[2025-08-01T02:22:19.533+0000] GC(243) Metaspace: 9703K(12544K)->9703K(12544K) NonClass: 8537K(11008K)->8537K(11008K) Class: 1166K(1536K)->1166K(1536K)
[2025-08-01T02:22:19.534+0000] GC(243) Pause Young (Allocation Failure) 1655M->1626M(4029M) 231.062ms
[2025-08-01T02:22:19.534+0000] GC(243) User=1.76s Sys=0.04s Real=0.24s
[2025-08-01T02:22:19.628+0000] GC(244) Pause Young (Allocation Failure)
[2025-08-01T02:22:19.629+0000] GC(244) Using 8 workers of 8 for evacuation
[2025-08-01T02:22:19.777+0000] GC(244) ParNew: 613440K->68096K(613440K)
[2025-08-01T02:22:19.777+0000] GC(244) CMS: 1597032K->2008426K(3512768K)
[2025-08-01T02:22:19.777+0000] GC(244) Metaspace: 9703K(12544K)->9703K(12544K) NonClass: 8537K(11008K)->8537K(11008K) Class: 1166K(1536K)->1166K(1536K)
[2025-08-01T02:22:19.778+0000] GC(244) Pause Young (Allocation Failure) 2158M->2027M(4029M) 149.097ms
[2025-08-01T02:22:19.778+0000] GC(244) User=1.07s Sys=0.05s Real=0.15s
[2025-08-01T02:22:19.784+0000] GC(245) Pause Initial Mark
[2025-08-01T02:22:19.788+0000] GC(245) Pause Initial Mark 2061M->2061M(4029M) 3.661ms
[2025-08-01T02:22:19.788+0000] GC(245) User=0.02s Sys=0.00s Real=0.00s
[2025-08-01T02:22:19.788+0000] GC(245) Concurrent Mark
[2025-08-01T02:22:19.788+0000] GC(245) Using 2 workers of 2 for marking
[2025-08-01T02:22:19.877+0000] GC(246) Pause Young (Allocation Failure)
[2025-08-01T02:22:19.877+0000] GC(246) Using 8 workers of 8 for evacuation
[2025-08-01T02:22:20.032+0000] GC(246) ParNew: 613440K->68096K(613440K)
[2025-08-01T02:22:20.033+0000] GC(246) CMS: 2008426K->2492032K(3512768K)
[2025-08-01T02:22:20.033+0000] GC(246) Metaspace: 9703K(12544K)->9703K(12544K) NonClass: 8537K(11008K)->8537K(11008K) Class: 1166K(1536K)->1166K(1536K)
[2025-08-01T02:22:20.033+0000] GC(246) Pause Young (Allocation Failure) 2560M->2500M(4029M) 155.593ms
[2025-08-01T02:22:20.033+0000] GC(246) User=1.23s Sys=0.00s Real=0.15s
[2025-08-01T02:22:20.127+0000] GC(247) Pause Young (Allocation Failure)
[2025-08-01T02:22:20.127+0000] GC(247) Using 8 workers of 8 for evacuation
[2025-08-01T02:22:20.257+0000] GC(247) ParNew: 613440K->68096K(613440K)
[2025-08-01T02:22:20.257+0000] GC(247) CMS: 2492032K->2881158K(3512768K)
[2025-08-01T02:22:20.257+0000] GC(247) Metaspace: 9703K(12544K)->9703K(12544K) NonClass: 8537K(11008K)->8537K(11008K) Class: 1166K(1536K)->1166K(1536K)
[2025-08-01T02:22:20.257+0000] GC(247) Pause Young (Allocation Failure) 3032M->2880M(4029M) 129.563ms
[2025-08-01T02:22:20.257+0000] GC(247) User=0.99s Sys=0.01s Real=0.13s
[2025-08-01T02:22:20.349+0000] GC(248) Pause Young (Allocation Failure)
[2025-08-01T02:22:20.349+0000] GC(248) Using 8 workers of 8 for evacuation
[2025-08-01T02:22:20.610+0000] GC(248) ParNew: 613440K->68096K(613440K)
[2025-08-01T02:22:20.610+0000] GC(248) CMS: 2881158K->3425919K(3512768K)
[2025-08-01T02:22:20.610+0000] GC(248) Metaspace: 9703K(12544K)->9703K(12544K) NonClass: 8537K(11008K)->8537K(11008K) Class: 1166K(1536K)->1166K(1536K)
[2025-08-01T02:22:20.610+0000] GC(248) Pause Young (Allocation Failure) 3412M->3412M(4029M) 261.011ms
[2025-08-01T02:22:20.610+0000] GC(248) User=1.77s Sys=0.30s Real=0.26s
[2025-08-01T02:22:20.703+0000] GC(245) Concurrent Mark 915.098ms
[2025-08-01T02:22:20.704+0000] GC(245) User=5.31s Sys=0.32s Real=0.92s
[2025-08-01T02:22:20.704+0000] GC(245) Concurrent Preclean
[2025-08-01T02:22:20.707+0000] GC(249) Pause Young (Allocation Failure)
[2025-08-01T02:22:20.707+0000] GC(249) Using 8 workers of 8 for evacuation
[2025-08-01T02:22:20.707+0000] GC(250) Pause Full (Allocation Failure)
[2025-08-01T02:22:21.141+0000] GC(245) Concurrent Preclean 437.835ms
[2025-08-01T02:22:21.141+0000] GC(245) User=0.45s Sys=0.00s Real=0.43s
[2025-08-01T02:22:21.142+0000] GC(250) Phase 1: Mark live objects
[2025-08-01T02:22:21.285+0000] GC(250) Phase 1: Mark live objects 143.074ms
[2025-08-01T02:22:21.285+0000] GC(250) Phase 2: Compute new object addresses
[2025-08-01T02:22:21.765+0000] GC(250) Phase 2: Compute new object addresses 480.199ms
[2025-08-01T02:22:21.765+0000] GC(250) Phase 3: Adjust pointers
[2025-08-01T02:22:21.878+0000] GC(250) Phase 3: Adjust pointers 112.688ms
[2025-08-01T02:22:21.878+0000] GC(250) Phase 4: Move objects
[2025-08-01T02:22:22.215+0000] GC(250) Phase 4: Move objects 336.868ms
[2025-08-01T02:22:22.231+0000] GC(250) Pause Full (Allocation Failure) 3944M->815M(4029M) 1523.344ms
[2025-08-01T02:22:22.231+0000] GC(249) ParNew: 613440K->0K(613440K)
[2025-08-01T02:22:22.231+0000] GC(249) CMS: 3425919K->835157K(3512768K)
[2025-08-01T02:22:22.231+0000] GC(249) Metaspace: 9703K(12544K)->9703K(12544K) NonClass: 8537K(11008K)->8537K(11008K) Class: 1166K(1536K)->1166K(1536K)
[2025-08-01T02:22:22.231+0000] GC(249) Pause Young (Allocation Failure) 3944M->815M(4029M) 1523.612ms
[2025-08-01T02:22:22.231+0000] GC(249) User=1.53s Sys=0.00s Real=1.52s
[2025-08-01T02:22:22.334+0000] GC(251) Pause Young (Allocation Failure)
[2025-08-01T02:22:22.334+0000] GC(251) Using 8 workers of 8 for evacuation
[2025-08-01T02:22:22.493+0000] GC(251) ParNew: 545344K->68096K(613440K)
[2025-08-01T02:22:22.493+0000] GC(251) CMS: 835157K->1220906K(3512768K)
[2025-08-01T02:22:22.493+0000] GC(251) Metaspace: 9703K(12544K)->9703K(12544K) NonClass: 8537K(11008K)->8537K(11008K) Class: 1166K(1536K)->1166K(1536K)
[2025-08-01T02:22:22.493+0000] GC(251) Pause Young (Allocation Failure) 1348M->1258M(4029M) 159.139ms
[2025-08-01T02:22:22.493+0000] GC(251) User=1.20s Sys=0.04s Real=0.16s
[2025-08-01T02:22:22.587+0000] GC(252) Pause Young (Allocation Failure)
[2025-08-01T02:22:22.588+0000] GC(252) Using 8 workers of 8 for evacuation
[2025-08-01T02:22:22.743+0000] GC(252) ParNew: 613440K->68096K(613440K)
[2025-08-01T02:22:22.743+0000] GC(252) CMS: 1220906K->1715719K(3512768K)
[2025-08-01T02:22:22.743+0000] GC(252) Metaspace: 9703K(12544K)->9703K(12544K) NonClass: 8537K(11008K)->8537K(11008K) Class: 1166K(1536K)->1166K(1536K)
[2025-08-01T02:22:22.743+0000] GC(252) Pause Young (Allocation Failure) 1791M->1742M(4029M) 155.914ms
[2025-08-01T02:22:22.743+0000] GC(252) User=1.19s Sys=0.02s Real=0.16s
[2025-08-01T02:22:22.838+0000] GC(253) Pause Young (Allocation Failure)
[2025-08-01T02:22:22.838+0000] GC(253) Using 8 workers of 8 for evacuation
[2025-08-01T02:22:22.924+0000] GC(253) ParNew: 613440K->68096K(613440K)
[2025-08-01T02:22:22.925+0000] GC(253) CMS: 1715719K->2014913K(3512768K)
[2025-08-01T02:22:22.925+0000] GC(253) Metaspace: 9703K(12544K)->9703K(12544K) NonClass: 8537K(11008K)->8537K(11008K) Class: 1166K(1536K)->1166K(1536K)
[2025-08-01T02:22:22.925+0000] GC(253) Pause Young (Allocation Failure) 2274M->2034M(4029M) 86.949ms
[2025-08-01T02:22:22.925+0000] GC(253) User=0.68s Sys=0.00s Real=0.09s
[2025-08-01T02:22:22.925+0000] GC(254) Pause Initial Mark
[2025-08-01T02:22:22.928+0000] GC(254) Pause Initial Mark 2041M->2041M(4029M) 2.443ms
[2025-08-01T02:22:22.928+0000] GC(254) User=0.01s Sys=0.00s Real=0.00s
[2025-08-01T02:22:22.928+0000] GC(254) Concurrent Mark
[2025-08-01T02:22:22.928+0000] GC(254) Using 2 workers of 2 for marking
[2025-08-01T02:22:23.022+0000] GC(255) Pause Young (Allocation Failure)
[2025-08-01T02:22:23.022+0000] GC(255) Using 8 workers of 8 for evacuation
[2025-08-01T02:22:23.196+0000] GC(255) ParNew: 613440K->68096K(613440K)
[2025-08-01T02:22:23.196+0000] GC(255) CMS: 2014913K->2420466K(3512768K)
[2025-08-01T02:22:23.196+0000] GC(255) Metaspace: 9703K(12544K)->9703K(12544K) NonClass: 8537K(11008K)->8537K(11008K) Class: 1166K(1536K)->1166K(1536K)
[2025-08-01T02:22:23.196+0000] GC(255) Pause Young (Allocation Failure) 2566M->2430M(4029M) 174.987ms
[2025-08-01T02:22:23.197+0000] GC(255) User=1.32s Sys=0.04s Real=0.18s
[2025-08-01T02:22:23.268+0000] GC(254) Concurrent Mark 339.993ms
[2025-08-01T02:22:23.268+0000] GC(254) User=1.89s Sys=0.04s Real=0.34s
[2025-08-01T02:22:23.268+0000] GC(254) Concurrent Preclean
[2025-08-01T02:22:23.287+0000] GC(256) Pause Young (Allocation Failure)
[2025-08-01T02:22:23.287+0000] GC(256) Using 8 workers of 8 for evacuation
[2025-08-01T02:22:23.405+0000] GC(256) ParNew: 613440K->68096K(613440K)
[2025-08-01T02:22:23.405+0000] GC(256) CMS: 2420466K->2840051K(3512768K)
[2025-08-01T02:22:23.405+0000] GC(256) Metaspace: 9703K(12544K)->9703K(12544K) NonClass: 8537K(11008K)->8537K(11008K) Class: 1166K(1536K)->1166K(1536K)
[2025-08-01T02:22:23.405+0000] GC(256) Pause Young (Allocation Failure) 2962M->2839M(4029M) 117.813ms
[2025-08-01T02:22:23.405+0000] GC(256) User=0.93s Sys=0.00s Real=0.12s
[2025-08-01T02:22:23.498+0000] GC(257) Pause Young (Allocation Failure)
[2025-08-01T02:22:23.498+0000] GC(257) Using 8 workers of 8 for evacuation
[2025-08-01T02:22:23.653+0000] GC(257) ParNew: 613440K->68096K(613440K)
[2025-08-01T02:22:23.653+0000] GC(257) CMS: 2840051K->3238806K(3512768K)
[2025-08-01T02:22:23.653+0000] GC(257) Metaspace: 9703K(12544K)->9703K(12544K) NonClass: 8537K(11008K)->8537K(11008K) Class: 1166K(1536K)->1166K(1536K)
[2025-08-01T02:22:23.653+0000] GC(257) Pause Young (Allocation Failure) 3372M->3229M(4029M) 155.676ms
[2025-08-01T02:22:23.653+0000] GC(257) User=1.16s Sys=0.03s Real=0.16s
[2025-08-01T02:22:23.744+0000] GC(258) Pause Young (Allocation Failure)
[2025-08-01T02:22:23.744+0000] GC(258) Using 8 workers of 8 for evacuation
[2025-08-01T02:22:23.744+0000] GC(259) Pause Full (Allocation Failure)
[2025-08-01T02:22:23.937+0000] GC(254) Concurrent Preclean 669.312ms
[2025-08-01T02:22:23.937+0000] GC(254) User=2.85s Sys=0.03s Real=0.67s
[2025-08-01T02:22:23.938+0000] GC(259) Phase 1: Mark live objects
[2025-08-01T02:22:24.086+0000] GC(259) Phase 1: Mark live objects 147.864ms
[2025-08-01T02:22:24.086+0000] GC(259) Phase 2: Compute new object addresses
[2025-08-01T02:22:24.588+0000] GC(259) Phase 2: Compute new object addresses 501.720ms
[2025-08-01T02:22:24.588+0000] GC(259) Phase 3: Adjust pointers
[2025-08-01T02:22:24.737+0000] GC(259) Phase 3: Adjust pointers 148.974ms
[2025-08-01T02:22:24.737+0000] GC(259) Phase 4: Move objects
[2025-08-01T02:22:25.125+0000] GC(259) Phase 4: Move objects 388.247ms
[2025-08-01T02:22:25.139+0000] GC(259) Pause Full (Allocation Failure) 3761M->916M(4029M) 1394.343ms
[2025-08-01T02:22:25.139+0000] GC(258) ParNew: 613440K->0K(613440K)
[2025-08-01T02:22:25.139+0000] GC(258) CMS: 3238806K->938774K(3512768K)
[2025-08-01T02:22:25.139+0000] GC(258) Metaspace: 9703K(12544K)->9703K(12544K) NonClass: 8537K(11008K)->8537K(11008K) Class: 1166K(1536K)->1166K(1536K)
[2025-08-01T02:22:25.139+0000] GC(258) Pause Young (Allocation Failure) 3761M->916M(4029M) 1394.590ms
[2025-08-01T02:22:25.139+0000] GC(258) User=1.40s Sys=0.00s Real=1.39s
[2025-08-01T02:22:25.237+0000] GC(260) Pause Young (Allocation Failure)
[2025-08-01T02:22:25.237+0000] GC(260) Using 8 workers of 8 for evacuation
[2025-08-01T02:22:25.452+0000] GC(260) ParNew: 545344K->68096K(613440K)
[2025-08-01T02:22:25.452+0000] GC(260) CMS: 938774K->1380069K(3512768K)
[2025-08-01T02:22:25.452+0000] GC(260) Metaspace: 9703K(12544K)->9703K(12544K) NonClass: 8537K(11008K)->8537K(11008K) Class: 1166K(1536K)->1166K(1536K)
[2025-08-01T02:22:25.452+0000] GC(260) Pause Young (Allocation Failure) 1449M->1414M(4029M) 215.346ms
[2025-08-01T02:22:25.452+0000] GC(260) User=1.61s Sys=0.05s Real=0.21s
[2025-08-01T02:22:25.545+0000] GC(261) Pause Young (Allocation Failure)
[2025-08-01T02:22:25.545+0000] GC(261) Using 8 workers of 8 for evacuation
[2025-08-01T02:22:25.690+0000] GC(261) ParNew: 613440K->68096K(613440K)
[2025-08-01T02:22:25.690+0000] GC(261) CMS: 1380069K->1821411K(3512768K)
[2025-08-01T02:22:25.690+0000] GC(261) Metaspace: 9703K(12544K)->9703K(12544K) NonClass: 8537K(11008K)->8537K(11008K) Class: 1166K(1536K)->1166K(1536K)
[2025-08-01T02:22:25.690+0000] GC(261) Pause Young (Allocation Failure) 1946M->1845M(4029M) 145.500ms
[2025-08-01T02:22:25.691+0000] GC(261) User=1.11s Sys=0.02s Real=0.14s
[2025-08-01T02:22:25.695+0000] GC(262) Pause Initial Mark
[2025-08-01T02:22:25.699+0000] GC(262) Pause Initial Mark 1884M->1884M(4029M) 4.059ms
[2025-08-01T02:22:25.699+0000] GC(262) User=0.02s Sys=0.00s Real=0.00s
[2025-08-01T02:22:25.700+0000] GC(262) Concurrent Mark
[2025-08-01T02:22:25.700+0000] GC(262) Using 2 workers of 2 for marking
[2025-08-01T02:22:25.794+0000] GC(263) Pause Young (Allocation Failure)
[2025-08-01T02:22:25.794+0000] GC(263) Using 8 workers of 8 for evacuation
[2025-08-01T02:22:25.904+0000] GC(263) ParNew: 613440K->68096K(613440K)
[2025-08-01T02:22:25.904+0000] GC(263) CMS: 1821411K->2203625K(3512768K)
[2025-08-01T02:22:25.904+0000] GC(263) Metaspace: 9703K(12544K)->9703K(12544K) NonClass: 8537K(11008K)->8537K(11008K) Class: 1166K(1536K)->1166K(1536K)
[2025-08-01T02:22:25.904+0000] GC(263) Pause Young (Allocation Failure) 2377M->2218M(4029M) 109.815ms
[2025-08-01T02:22:25.904+0000] GC(263) User=0.81s Sys=0.02s Real=0.11s
[2025-08-01T02:22:25.999+0000] GC(264) Pause Young (Allocation Failure)
[2025-08-01T02:22:25.999+0000] GC(264) Using 8 workers of 8 for evacuation
[2025-08-01T02:22:26.155+0000] GC(264) ParNew: 613440K->68096K(613440K)
[2025-08-01T02:22:26.155+0000] GC(264) CMS: 2203625K->2641676K(3512768K)
[2025-08-01T02:22:26.155+0000] GC(264) Metaspace: 9703K(12544K)->9703K(12544K) NonClass: 8537K(11008K)->8537K(11008K) Class: 1166K(1536K)->1166K(1536K)
[2025-08-01T02:22:26.155+0000] GC(264) Pause Young (Allocation Failure) 2751M->2646M(4029M) 155.853ms
[2025-08-01T02:22:26.155+0000] GC(264) User=1.18s Sys=0.02s Real=0.16s
[2025-08-01T02:22:26.248+0000] GC(265) Pause Young (Allocation Failure)
[2025-08-01T02:22:26.248+0000] GC(265) Using 8 workers of 8 for evacuation
[2025-08-01T02:22:26.391+0000] GC(265) ParNew: 613440K->68096K(613440K)
[2025-08-01T02:22:26.391+0000] GC(265) CMS: 2641676K->3049542K(3512768K)
[2025-08-01T02:22:26.391+0000] GC(265) Metaspace: 9703K(12544K)->9703K(12544K) NonClass: 8537K(11008K)->8537K(11008K) Class: 1166K(1536K)->1166K(1536K)
[2025-08-01T02:22:26.391+0000] GC(265) Pause Young (Allocation Failure) 3178M->3044M(4029M) 143.016ms
[2025-08-01T02:22:26.391+0000] GC(265) User=1.09s Sys=0.02s Real=0.14s
[2025-08-01T02:22:26.488+0000] GC(266) Pause Young (Allocation Failure)
[2025-08-01T02:22:26.488+0000] GC(266) Using 8 workers of 8 for evacuation
[2025-08-01T02:22:26.614+0000] GC(266) ParNew: 613440K->68096K(613440K)
[2025-08-01T02:22:26.614+0000] GC(266) CMS: 3049542K->3341247K(3512768K)
[2025-08-01T02:22:26.614+0000] GC(266) Metaspace: 9703K(12544K)->9703K(12544K) NonClass: 8537K(11008K)->8537K(11008K) Class: 1166K(1536K)->1166K(1536K)
[2025-08-01T02:22:26.614+0000] GC(266) Pause Young (Allocation Failure) 3577M->3329M(4029M) 126.195ms
[2025-08-01T02:22:26.614+0000] GC(266) User=0.95s Sys=0.03s Real=0.13s
[2025-08-01T02:22:26.688+0000] GC(262) Concurrent Mark 987.906ms
[2025-08-01T02:22:26.688+0000] GC(262) User=5.68s Sys=0.09s Real=0.99s
[2025-08-01T02:22:26.688+0000] GC(262) Concurrent Preclean
[2025-08-01T02:22:26.704+0000] GC(267) Pause Young (Allocation Failure)
[2025-08-01T02:22:26.705+0000] GC(267) Using 8 workers of 8 for evacuation
[2025-08-01T02:22:26.705+0000] GC(268) Pause Full (Allocation Failure)
[2025-08-01T02:22:27.146+0000] GC(262) Concurrent Preclean 457.857ms
[2025-08-01T02:22:27.146+0000] GC(262) User=0.50s Sys=0.02s Real=0.46s
[2025-08-01T02:22:27.146+0000] GC(268) Phase 1: Mark live objects
[2025-08-01T02:22:27.341+0000] GC(268) Phase 1: Mark live objects 194.959ms
[2025-08-01T02:22:27.341+0000] GC(268) Phase 2: Compute new object addresses
[2025-08-01T02:22:27.827+0000] GC(268) Phase 2: Compute new object addresses 485.416ms
[2025-08-01T02:22:27.827+0000] GC(268) Phase 3: Adjust pointers
[2025-08-01T02:22:27.991+0000] GC(268) Phase 3: Adjust pointers 164.066ms
[2025-08-01T02:22:27.991+0000] GC(268) Phase 4: Move objects
[2025-08-01T02:22:28.442+0000] GC(268) Phase 4: Move objects 450.795ms
[2025-08-01T02:22:28.458+0000] GC(268) Pause Full (Allocation Failure) 3861M->1010M(4029M) 1753.754ms
[2025-08-01T02:22:28.458+0000] GC(267) ParNew: 613440K->0K(613440K)
[2025-08-01T02:22:28.458+0000] GC(267) CMS: 3341247K->1034369K(3512768K)
[2025-08-01T02:22:28.458+0000] GC(267) Metaspace: 9703K(12544K)->9703K(12544K) NonClass: 8537K(11008K)->8537K(11008K) Class: 1166K(1536K)->1166K(1536K)
[2025-08-01T02:22:28.459+0000] GC(267) Pause Young (Allocation Failure) 3861M->1010M(4029M) 1754.027ms
[2025-08-01T02:22:28.459+0000] GC(267) User=1.73s Sys=0.02s Real=1.75s
[2025-08-01T02:22:28.564+0000] GC(269) Pause Young (Allocation Failure)
[2025-08-01T02:22:28.564+0000] GC(269) Using 8 workers of 8 for evacuation
[2025-08-01T02:22:28.728+0000] GC(269) ParNew: 545344K->68096K(613440K)
[2025-08-01T02:22:28.728+0000] GC(269) CMS: 1034369K->1464133K(3512768K)
[2025-08-01T02:22:28.728+0000] GC(269) Metaspace: 9703K(12544K)->9703K(12544K) NonClass: 8537K(11008K)->8537K(11008K) Class: 1166K(1536K)->1166K(1536K)
[2025-08-01T02:22:28.728+0000] GC(269) Pause Young (Allocation Failure) 1542M->1496M(4029M) 164.248ms
[2025-08-01T02:22:28.728+0000] GC(269) User=1.26s Sys=0.03s Real=0.16s
[2025-08-01T02:22:28.822+0000] GC(270) Pause Young (Allocation Failure)
[2025-08-01T02:22:28.822+0000] GC(270) Using 8 workers of 8 for evacuation
[2025-08-01T02:22:29.008+0000] GC(270) ParNew: 613440K->68096K(613440K)
[2025-08-01T02:22:29.008+0000] GC(270) CMS: 1464133K->1988576K(3512768K)
[2025-08-01T02:22:29.008+0000] GC(270) Metaspace: 9703K(12544K)->9703K(12544K) NonClass: 8537K(11008K)->8537K(11008K) Class: 1166K(1536K)->1166K(1536K)
[2025-08-01T02:22:29.008+0000] GC(270) Pause Young (Allocation Failure) 2028M->2008M(4029M) 185.993ms
[2025-08-01T02:22:29.008+0000] GC(270) User=1.40s Sys=0.01s Real=0.19s
[2025-08-01T02:22:29.009+0000] GC(271) Pause Initial Mark
[2025-08-01T02:22:29.011+0000] GC(271) Pause Initial Mark 2013M->2013M(4029M) 2.521ms
[2025-08-01T02:22:29.012+0000] GC(271) User=0.02s Sys=0.00s Real=0.00s
[2025-08-01T02:22:29.012+0000] GC(271) Concurrent Mark
[2025-08-01T02:22:29.012+0000] GC(271) Using 2 workers of 2 for marking
[2025-08-01T02:22:29.109+0000] GC(272) Pause Young (Allocation Failure)
[2025-08-01T02:22:29.109+0000] GC(272) Using 8 workers of 8 for evacuation
[2025-08-01T02:22:29.243+0000] GC(272) ParNew: 613440K->68096K(613440K)
[2025-08-01T02:22:29.243+0000] GC(272) CMS: 1988576K->2425959K(3512768K)
[2025-08-01T02:22:29.243+0000] GC(272) Metaspace: 9703K(12544K)->9703K(12544K) NonClass: 8537K(11008K)->8537K(11008K) Class: 1166K(1536K)->1166K(1536K)
[2025-08-01T02:22:29.243+0000] GC(272) Pause Young (Allocation Failure) 2541M->2435M(4029M) 133.720ms
[2025-08-01T02:22:29.243+0000] GC(272) User=1.05s Sys=0.00s Real=0.14s
[2025-08-01T02:22:29.336+0000] GC(273) Pause Young (Allocation Failure)
[2025-08-01T02:22:29.336+0000] GC(273) Using 8 workers of 8 for evacuation
[2025-08-01T02:22:29.473+0000] GC(273) ParNew: 613440K->68096K(613440K)
[2025-08-01T02:22:29.473+0000] GC(273) CMS: 2425959K->2869353K(3512768K)
[2025-08-01T02:22:29.473+0000] GC(273) Metaspace: 9703K(12544K)->9703K(12544K) NonClass: 8537K(11008K)->8537K(11008K) Class: 1166K(1536K)->1166K(1536K)
[2025-08-01T02:22:29.473+0000] GC(273) Pause Young (Allocation Failure) 2968M->2868M(4029M) 136.443ms
[2025-08-01T02:22:29.473+0000] GC(273) User=1.04s Sys=0.01s Real=0.13s
[2025-08-01T02:22:29.568+0000] GC(274) Pause Young (Allocation Failure)
[2025-08-01T02:22:29.568+0000] GC(274) Using 8 workers of 8 for evacuation
[2025-08-01T02:22:29.713+0000] GC(274) ParNew: 613440K->68094K(613440K)
[2025-08-01T02:22:29.713+0000] GC(274) CMS: 2869353K->3315645K(3512768K)
[2025-08-01T02:22:29.713+0000] GC(274) Metaspace: 9703K(12544K)->9703K(12544K) NonClass: 8537K(11008K)->8537K(11008K) Class: 1166K(1536K)->1166K(1536K)
[2025-08-01T02:22:29.713+0000] GC(274) Pause Young (Allocation Failure) 3401M->3304M(4029M) 145.160ms
[2025-08-01T02:22:29.713+0000] GC(274) User=1.12s Sys=0.02s Real=0.15s
[2025-08-01T02:22:29.840+0000] GC(275) Pause Young (Allocation Failure)
[2025-08-01T02:22:29.841+0000] GC(275) Using 8 workers of 8 for evacuation
[2025-08-01T02:22:29.841+0000] GC(276) Pause Full (Allocation Failure)
[2025-08-01T02:22:29.858+0000] GC(271) Concurrent Mark 846.100ms
[2025-08-01T02:22:29.858+0000] GC(271) User=4.71s Sys=0.03s Real=0.85s
[2025-08-01T02:22:29.858+0000] GC(276) Phase 1: Mark live objects
[2025-08-01T02:22:29.952+0000] GC(276) Phase 1: Mark live objects 93.778ms
[2025-08-01T02:22:29.952+0000] GC(276) Phase 2: Compute new object addresses
[2025-08-01T02:22:30.469+0000] GC(276) Phase 2: Compute new object addresses 517.071ms
[2025-08-01T02:22:30.469+0000] GC(276) Phase 3: Adjust pointers
[2025-08-01T02:22:30.570+0000] GC(276) Phase 3: Adjust pointers 100.906ms
[2025-08-01T02:22:30.570+0000] GC(276) Phase 4: Move objects
[2025-08-01T02:22:30.820+0000] GC(276) Phase 4: Move objects 249.623ms
[2025-08-01T02:22:30.832+0000] GC(276) Pause Full (Allocation Failure) 3836M->583M(4029M) 991.748ms
[2025-08-01T02:22:30.832+0000] GC(275) ParNew: 613438K->0K(613440K)
[2025-08-01T02:22:30.832+0000] GC(275) CMS: 3315645K->597978K(3512768K)
[2025-08-01T02:22:30.832+0000] GC(275) Metaspace: 9703K(12544K)->9703K(12544K) NonClass: 8537K(11008K)->8537K(11008K) Class: 1166K(1536K)->1166K(1536K)
[2025-08-01T02:22:30.833+0000] GC(275) Pause Young (Allocation Failure) 3836M->583M(4029M) 992.113ms
[2025-08-01T02:22:30.833+0000] GC(275) User=1.01s Sys=0.00s Real=0.99s
[2025-08-01T02:22:30.927+0000] GC(277) Pause Young (Allocation Failure)
[2025-08-01T02:22:30.927+0000] GC(277) Using 8 workers of 8 for evacuation
[2025-08-01T02:22:31.071+0000] GC(277) ParNew: 545344K->68096K(613440K)
[2025-08-01T02:22:31.071+0000] GC(277) CMS: 597978K->1076273K(3512768K)
[2025-08-01T02:22:31.071+0000] GC(277) Metaspace: 9703K(12544K)->9703K(12544K) NonClass: 8537K(11008K)->8537K(11008K) Class: 1166K(1536K)->1166K(1536K)
[2025-08-01T02:22:31.071+0000] GC(277) Pause Young (Allocation Failure) 1116M->1117M(4029M) 143.890ms
[2025-08-01T02:22:31.071+0000] GC(277) User=1.10s Sys=0.00s Real=0.14s
[2025-08-01T02:22:31.197+0000] GC(278) Pause Young (Allocation Failure)
[2025-08-01T02:22:31.197+0000] GC(278) Using 8 workers of 8 for evacuation
[2025-08-01T02:22:31.477+0000] GC(278) ParNew: 613440K->68096K(613440K)
[2025-08-01T02:22:31.477+0000] GC(278) CMS: 1076273K->1442401K(3512768K)
[2025-08-01T02:22:31.477+0000] GC(278) Metaspace: 9703K(12544K)->9703K(12544K) NonClass: 8537K(11008K)->8537K(11008K) Class: 1166K(1536K)->1166K(1536K)
[2025-08-01T02:22:31.477+0000] GC(278) Pause Young (Allocation Failure) 1650M->1475M(4029M) 279.655ms
[2025-08-01T02:22:31.477+0000] GC(278) User=2.08s Sys=0.07s Real=0.28s
[2025-08-01T02:22:31.571+0000] GC(279) Pause Young (Allocation Failure)
[2025-08-01T02:22:31.571+0000] GC(279) Using 8 workers of 8 for evacuation
[2025-08-01T02:22:31.752+0000] GC(279) ParNew: 613440K->68096K(613440K)
[2025-08-01T02:22:31.752+0000] GC(279) CMS: 1442401K->1868844K(3512768K)
[2025-08-01T02:22:31.752+0000] GC(279) Metaspace: 9703K(12544K)->9703K(12544K) NonClass: 8537K(11008K)->8537K(11008K) Class: 1166K(1536K)->1166K(1536K)
[2025-08-01T02:22:31.752+0000] GC(279) Pause Young (Allocation Failure) 2007M->1891M(4029M) 181.965ms
[2025-08-01T02:22:31.753+0000] GC(279) User=1.41s Sys=0.02s Real=0.18s
[2025-08-01T02:22:31.753+0000] GC(280) Pause Initial Mark
[2025-08-01T02:22:31.756+0000] GC(280) Pause Initial Mark 1896M->1896M(4029M) 2.944ms
[2025-08-01T02:22:31.757+0000] GC(280) User=0.01s Sys=0.00s Real=0.00s
[2025-08-01T02:22:31.757+0000] GC(280) Concurrent Mark
[2025-08-01T02:22:31.757+0000] GC(280) Using 2 workers of 2 for marking
[2025-08-01T02:22:31.853+0000] GC(281) Pause Young (Allocation Failure)
[2025-08-01T02:22:31.853+0000] GC(281) Using 8 workers of 8 for evacuation
[2025-08-01T02:22:31.987+0000] GC(281) ParNew: 613440K->68096K(613440K)
[2025-08-01T02:22:31.987+0000] GC(281) CMS: 1868844K->2342681K(3512768K)
[2025-08-01T02:22:31.987+0000] GC(281) Metaspace: 9703K(12544K)->9703K(12544K) NonClass: 8537K(11008K)->8537K(11008K) Class: 1166K(1536K)->1166K(1536K)
[2025-08-01T02:22:31.987+0000] GC(281) Pause Young (Allocation Failure) 2424M->2354M(4029M) 133.763ms
[2025-08-01T02:22:31.987+0000] GC(281) User=1.05s Sys=0.00s Real=0.13s
[2025-08-01T02:22:32.080+0000] GC(282) Pause Young (Allocation Failure)
[2025-08-01T02:22:32.080+0000] GC(282) Using 8 workers of 8 for evacuation
[2025-08-01T02:22:32.214+0000] GC(282) ParNew: 613440K->68096K(613440K)
[2025-08-01T02:22:32.214+0000] GC(282) CMS: 2342681K->2784144K(3512768K)
[2025-08-01T02:22:32.214+0000] GC(282) Metaspace: 9703K(12544K)->9703K(12544K) NonClass: 8537K(11008K)->8537K(11008K) Class: 1166K(1536K)->1166K(1536K)
[2025-08-01T02:22:32.214+0000] GC(282) Pause Young (Allocation Failure) 2886M->2785M(4029M) 133.890ms
[2025-08-01T02:22:32.214+0000] GC(282) User=1.05s Sys=0.00s Real=0.14s
[2025-08-01T02:22:32.308+0000] GC(280) Concurrent Mark 551.447ms
[2025-08-01T02:22:32.308+0000] GC(280) User=3.12s Sys=0.00s Real=0.55s
[2025-08-01T02:22:32.308+0000] GC(283) Pause Young (Allocation Failure)
[2025-08-01T02:22:32.308+0000] GC(283) Using 8 workers of 8 for evacuation
[2025-08-01T02:22:32.411+0000] GC(283) ParNew: 613440K->68096K(613440K)
[2025-08-01T02:22:32.411+0000] GC(283) CMS: 2784144K->3095592K(3512768K)
[2025-08-01T02:22:32.412+0000] GC(283) Metaspace: 9703K(12544K)->9703K(12544K) NonClass: 8537K(11008K)->8537K(11008K) Class: 1166K(1536K)->1166K(1536K)
[2025-08-01T02:22:32.412+0000] GC(283) Pause Young (Allocation Failure) 3317M->3089M(4029M) 103.124ms
[2025-08-01T02:22:32.412+0000] GC(283) User=0.79s Sys=0.00s Real=0.10s
[2025-08-01T02:22:32.412+0000] GC(280) Concurrent Preclean
[2025-08-01T02:22:32.503+0000] GC(284) Pause Young (Allocation Failure)
[2025-08-01T02:22:32.503+0000] GC(284) Using 8 workers of 8 for evacuation
[2025-08-01T02:22:32.503+0000] GC(285) Pause Full (Allocation Failure)
[2025-08-01T02:22:32.815+0000] GC(280) Concurrent Preclean 403.237ms
[2025-08-01T02:22:32.815+0000] GC(280) User=0.55s Sys=0.00s Real=0.41s
[2025-08-01T02:22:32.816+0000] GC(285) Phase 1: Mark live objects
[2025-08-01T02:22:32.930+0000] GC(285) Phase 1: Mark live objects 113.866ms
[2025-08-01T02:22:32.930+0000] GC(285) Phase 2: Compute new object addresses
[2025-08-01T02:22:33.432+0000] GC(285) Phase 2: Compute new object addresses 501.867ms
[2025-08-01T02:22:33.432+0000] GC(285) Phase 3: Adjust pointers
[2025-08-01T02:22:33.537+0000] GC(285) Phase 3: Adjust pointers 105.203ms
[2025-08-01T02:22:33.537+0000] GC(285) Phase 4: Move objects
[2025-08-01T02:22:33.829+0000] GC(285) Phase 4: Move objects 291.516ms
[2025-08-01T02:22:33.844+0000] GC(285) Pause Full (Allocation Failure) 3622M->683M(4029M) 1340.900ms
[2025-08-01T02:22:33.844+0000] GC(284) ParNew: 613440K->0K(613440K)
[2025-08-01T02:22:33.844+0000] GC(284) CMS: 3095592K->699476K(3512768K)
[2025-08-01T02:22:33.844+0000] GC(284) Metaspace: 9703K(12544K)->9703K(12544K) NonClass: 8537K(11008K)->8537K(11008K) Class: 1166K(1536K)->1166K(1536K)
[2025-08-01T02:22:33.844+0000] GC(284) Pause Young (Allocation Failure) 3622M->683M(4029M) 1341.159ms
[2025-08-01T02:22:33.844+0000] GC(284) User=1.34s Sys=0.00s Real=1.34s
[2025-08-01T02:22:33.948+0000] GC(286) Pause Young (Allocation Failure)
[2025-08-01T02:22:33.948+0000] GC(286) Using 8 workers of 8 for evacuation
[2025-08-01T02:22:34.158+0000] GC(286) ParNew: 545344K->68096K(613440K)
[2025-08-01T02:22:34.158+0000] GC(286) CMS: 699476K->1052576K(3512768K)
[2025-08-01T02:22:34.158+0000] GC(286) Metaspace: 9703K(12544K)->9703K(12544K) NonClass: 8537K(11008K)->8537K(11008K) Class: 1166K(1536K)->1166K(1536K)
[2025-08-01T02:22:34.158+0000] GC(286) Pause Young (Allocation Failure) 1215M->1094M(4029M) 209.714ms
[2025-08-01T02:22:34.158+0000] GC(286) User=1.56s Sys=0.05s Real=0.21s
[2025-08-01T02:22:34.257+0000] GC(287) Pause Young (Allocation Failure)
[2025-08-01T02:22:34.257+0000] GC(287) Using 8 workers of 8 for evacuation
[2025-08-01T02:22:34.432+0000] GC(287) ParNew: 613440K->68096K(613440K)
[2025-08-01T02:22:34.432+0000] GC(287) CMS: 1052576K->1447368K(3512768K)
[2025-08-01T02:22:34.432+0000] GC(287) Metaspace: 9703K(12544K)->9703K(12544K) NonClass: 8537K(11008K)->8537K(11008K) Class: 1166K(1536K)->1166K(1536K)
[2025-08-01T02:22:34.432+0000] GC(287) Pause Young (Allocation Failure) 1626M->1479M(4029M) 175.030ms
[2025-08-01T02:22:34.432+0000] GC(287) User=1.26s Sys=0.05s Real=0.17s
[2025-08-01T02:22:34.530+0000] GC(288) Pause Young (Allocation Failure)
[2025-08-01T02:22:34.530+0000] GC(288) Using 8 workers of 8 for evacuation
[2025-08-01T02:22:34.710+0000] GC(288) ParNew: 613440K->68096K(613440K)
[2025-08-01T02:22:34.710+0000] GC(288) CMS: 1447368K->1925393K(3512768K)
[2025-08-01T02:22:34.710+0000] GC(288) Metaspace: 9703K(12544K)->9703K(12544K) NonClass: 8537K(11008K)->8537K(11008K) Class: 1166K(1536K)->1166K(1536K)
[2025-08-01T02:22:34.710+0000] GC(288) Pause Young (Allocation Failure) 2012M->1946M(4029M) 179.996ms
[2025-08-01T02:22:34.710+0000] GC(288) User=1.34s Sys=0.04s Real=0.18s
[2025-08-01T02:22:34.711+0000] GC(289) Pause Initial Mark
[2025-08-01T02:22:34.714+0000] GC(289) Pause Initial Mark 1954M->1954M(4029M) 2.569ms
[2025-08-01T02:22:34.714+0000] GC(289) User=0.02s Sys=0.00s Real=0.01s
[2025-08-01T02:22:34.714+0000] GC(289) Concurrent Mark
[2025-08-01T02:22:34.714+0000] GC(289) Using 2 workers of 2 for marking
[2025-08-01T02:22:34.807+0000] GC(290) Pause Young (Allocation Failure)
[2025-08-01T02:22:34.807+0000] GC(290) Using 8 workers of 8 for evacuation
[2025-08-01T02:22:34.968+0000] GC(290) ParNew: 613440K->68096K(613440K)
[2025-08-01T02:22:34.968+0000] GC(290) CMS: 1925393K->2421381K(3512768K)
[2025-08-01T02:22:34.968+0000] GC(290) Metaspace: 9703K(12544K)->9703K(12544K) NonClass: 8537K(11008K)->8537K(11008K) Class: 1166K(1536K)->1166K(1536K)
[2025-08-01T02:22:34.968+0000] GC(290) Pause Young (Allocation Failure) 2479M->2431M(4029M) 161.328ms
[2025-08-01T02:22:34.968+0000] GC(290) User=1.24s Sys=0.02s Real=0.16s
[2025-08-01T02:22:35.062+0000] GC(291) Pause Young (Allocation Failure)
[2025-08-01T02:22:35.062+0000] GC(291) Using 8 workers of 8 for evacuation
[2025-08-01T02:22:35.201+0000] GC(291) ParNew: 613440K->68096K(613440K)
[2025-08-01T02:22:35.201+0000] GC(291) CMS: 2421381K->2897650K(3512768K)
[2025-08-01T02:22:35.201+0000] GC(291) Metaspace: 9703K(12544K)->9703K(12544K) NonClass: 8537K(11008K)->8537K(11008K) Class: 1166K(1536K)->1166K(1536K)
[2025-08-01T02:22:35.201+0000] GC(291) Pause Young (Allocation Failure) 2963M->2896M(4029M) 139.515ms
[2025-08-01T02:22:35.201+0000] GC(291) User=1.07s Sys=0.01s Real=0.14s
[2025-08-01T02:22:35.293+0000] GC(292) Pause Young (Allocation Failure)
[2025-08-01T02:22:35.293+0000] GC(292) Using 8 workers of 8 for evacuation
[2025-08-01T02:22:35.405+0000] GC(292) ParNew: 613440K->68096K(613440K)
[2025-08-01T02:22:35.405+0000] GC(292) CMS: 2897650K->3232548K(3512768K)
[2025-08-01T02:22:35.405+0000] GC(292) Metaspace: 9703K(12544K)->9703K(12544K) NonClass: 8537K(11008K)->8537K(11008K) Class: 1166K(1536K)->1166K(1536K)
[2025-08-01T02:22:35.405+0000] GC(292) Pause Young (Allocation Failure) 3428M->3223M(4029M) 112.641ms
[2025-08-01T02:22:35.405+0000] GC(292) User=0.87s Sys=0.01s Real=0.12s
[2025-08-01T02:22:35.489+0000] GC(289) Concurrent Mark 774.540ms
[2025-08-01T02:22:35.489+0000] GC(289) User=4.50s Sys=0.04s Real=0.77s
[2025-08-01T02:22:35.489+0000] GC(289) Concurrent Preclean
[2025-08-01T02:22:35.498+0000] GC(293) Pause Young (Allocation Failure)
[2025-08-01T02:22:35.499+0000] GC(293) Using 8 workers of 8 for evacuation
[2025-08-01T02:22:35.499+0000] GC(294) Pause Full (Allocation Failure)
[2025-08-01T02:22:35.897+0000] GC(289) Concurrent Preclean 408.430ms
[2025-08-01T02:22:35.897+0000] GC(289) User=0.44s Sys=0.00s Real=0.41s
[2025-08-01T02:22:35.898+0000] GC(294) Phase 1: Mark live objects
[2025-08-01T02:22:36.039+0000] GC(294) Phase 1: Mark live objects 140.697ms
[2025-08-01T02:22:36.039+0000] GC(294) Phase 2: Compute new object addresses
[2025-08-01T02:22:36.532+0000] GC(294) Phase 2: Compute new object addresses 492.895ms
[2025-08-01T02:22:36.532+0000] GC(294) Phase 3: Adjust pointers
[2025-08-01T02:22:36.665+0000] GC(294) Phase 3: Adjust pointers 133.027ms
[2025-08-01T02:22:36.665+0000] GC(294) Phase 4: Move objects
[2025-08-01T02:22:36.989+0000] GC(294) Phase 4: Move objects 324.464ms
[2025-08-01T02:22:37.003+0000] GC(294) Pause Full (Allocation Failure) 3755M->784M(4029M) 1504.769ms
[2025-08-01T02:22:37.003+0000] GC(293) ParNew: 613440K->0K(613440K)
[2025-08-01T02:22:37.003+0000] GC(293) CMS: 3232548K->803477K(3512768K)
[2025-08-01T02:22:37.003+0000] GC(293) Metaspace: 9703K(12544K)->9703K(12544K) NonClass: 8537K(11008K)->8537K(11008K) Class: 1166K(1536K)->1166K(1536K)
[2025-08-01T02:22:37.003+0000] GC(293) Pause Young (Allocation Failure) 3755M->784M(4029M) 1505.018ms
[2025-08-01T02:22:37.004+0000] GC(293) User=1.51s Sys=0.00s Real=1.50s
[2025-08-01T02:22:37.099+0000] GC(295) Pause Young (Allocation Failure)
[2025-08-01T02:22:37.099+0000] GC(295) Using 8 workers of 8 for evacuation
[2025-08-01T02:22:37.290+0000] GC(295) ParNew: 545344K->68096K(613440K)
[2025-08-01T02:22:37.290+0000] GC(295) CMS: 803477K->1186078K(3512768K)
[2025-08-01T02:22:37.290+0000] GC(295) Metaspace: 9703K(12544K)->9703K(12544K) NonClass: 8537K(11008K)->8537K(11008K) Class: 1166K(1536K)->1166K(1536K)
[2025-08-01T02:22:37.290+0000] GC(295) Pause Young (Allocation Failure) 1317M->1224M(4029M) 190.577ms
[2025-08-01T02:22:37.290+0000] GC(295) User=1.38s Sys=0.06s Real=0.19s
[2025-08-01T02:22:37.383+0000] GC(296) Pause Young (Allocation Failure)
[2025-08-01T02:22:37.383+0000] GC(296) Using 8 workers of 8 for evacuation
[2025-08-01T02:22:37.558+0000] GC(296) ParNew: 613440K->68096K(613440K)
[2025-08-01T02:22:37.558+0000] GC(296) CMS: 1186078K->1580996K(3512768K)
[2025-08-01T02:22:37.558+0000] GC(296) Metaspace: 9703K(12544K)->9703K(12544K) NonClass: 8537K(11008K)->8537K(11008K) Class: 1166K(1536K)->1166K(1536K)
[2025-08-01T02:22:37.558+0000] GC(296) Pause Young (Allocation Failure) 1757M->1610M(4029M) 174.780ms
[2025-08-01T02:22:37.558+0000] GC(296) User=1.32s Sys=0.04s Real=0.17s
[2025-08-01T02:22:37.649+0000] GC(297) Pause Young (Allocation Failure)
[2025-08-01T02:22:37.649+0000] GC(297) Using 8 workers of 8 for evacuation
[2025-08-01T02:22:37.766+0000] GC(297) ParNew: 613440K->68096K(613440K)
[2025-08-01T02:22:37.767+0000] GC(297) CMS: 1580996K->1911566K(3512768K)
[2025-08-01T02:22:37.767+0000] GC(297) Metaspace: 9703K(12544K)->9703K(12544K) NonClass: 8537K(11008K)->8537K(11008K) Class: 1166K(1536K)->1166K(1536K)
[2025-08-01T02:22:37.767+0000] GC(297) Pause Young (Allocation Failure) 2143M->1933M(4029M) 117.435ms
[2025-08-01T02:22:37.767+0000] GC(297) User=0.89s Sys=0.01s Real=0.12s
[2025-08-01T02:22:37.775+0000] GC(298) Pause Initial Mark
[2025-08-01T02:22:37.779+0000] GC(298) Pause Initial Mark 1988M->1988M(4029M) 3.917ms
[2025-08-01T02:22:37.779+0000] GC(298) User=0.02s Sys=0.01s Real=0.00s
[2025-08-01T02:22:37.779+0000] GC(298) Concurrent Mark
[2025-08-01T02:22:37.779+0000] GC(298) Using 2 workers of 2 for marking
[2025-08-01T02:22:37.867+0000] GC(299) Pause Young (Allocation Failure)
[2025-08-01T02:22:37.867+0000] GC(299) Using 8 workers of 8 for evacuation
[2025-08-01T02:22:37.980+0000] GC(299) ParNew: 613440K->68096K(613440K)
[2025-08-01T02:22:37.980+0000] GC(299) CMS: 1911566K->2295125K(3512768K)
[2025-08-01T02:22:37.980+0000] GC(299) Metaspace: 9703K(12544K)->9703K(12544K) NonClass: 8537K(11008K)->8537K(11008K) Class: 1166K(1536K)->1166K(1536K)
[2025-08-01T02:22:37.980+0000] GC(299) Pause Young (Allocation Failure) 2465M->2307M(4029M) 112.936ms
[2025-08-01T02:22:37.980+0000] GC(299) User=0.89s Sys=0.00s Real=0.11s
[2025-08-01T02:22:38.045+0000] GC(298) Concurrent Mark 266.026ms
[2025-08-01T02:22:38.045+0000] GC(298) User=1.42s Sys=0.00s Real=0.27s
[2025-08-01T02:22:38.045+0000] GC(298) Concurrent Preclean
[2025-08-01T02:22:38.074+0000] GC(300) Pause Young (Allocation Failure)
[2025-08-01T02:22:38.074+0000] GC(300) Using 8 workers of 8 for evacuation
[2025-08-01T02:22:38.245+0000] GC(300) ParNew: 613440K->68096K(613440K)
[2025-08-01T02:22:38.245+0000] GC(300) CMS: 2295125K->2838148K(3512768K)
[2025-08-01T02:22:38.245+0000] GC(300) Metaspace: 9703K(12544K)->9703K(12544K) NonClass: 8537K(11008K)->8537K(11008K) Class: 1166K(1536K)->1166K(1536K)
[2025-08-01T02:22:38.245+0000] GC(300) Pause Young (Allocation Failure) 2840M->2838M(4029M) 171.255ms
[2025-08-01T02:22:38.245+0000] GC(300) User=1.34s Sys=0.01s Real=0.17s
[2025-08-01T02:22:38.339+0000] GC(301) Pause Young (Allocation Failure)
[2025-08-01T02:22:38.339+0000] GC(301) Using 8 workers of 8 for evacuation
[2025-08-01T02:22:38.454+0000] GC(301) ParNew: 613440K->68096K(613440K)
[2025-08-01T02:22:38.454+0000] GC(301) CMS: 2838148K->3198916K(3512768K)
[2025-08-01T02:22:38.454+0000] GC(301) Metaspace: 9703K(12544K)->9703K(12544K) NonClass: 8537K(11008K)->8537K(11008K) Class: 1166K(1536K)->1166K(1536K)
[2025-08-01T02:22:38.454+0000] GC(301) Pause Young (Allocation Failure) 3370M->3190M(4029M) 114.468ms
[2025-08-01T02:22:38.454+0000] GC(301) User=0.88s Sys=0.01s Real=0.12s
[2025-08-01T02:22:38.547+0000] GC(302) Pause Young (Allocation Failure)
[2025-08-01T02:22:38.547+0000] GC(302) Using 8 workers of 8 for evacuation
[2025-08-01T02:22:38.547+0000] GC(303) Pause Full (Allocation Failure)
[2025-08-01T02:22:38.766+0000] GC(298) Concurrent Preclean 720.686ms
[2025-08-01T02:22:38.766+0000] GC(298) User=3.05s Sys=0.02s Real=0.72s
[2025-08-01T02:22:38.766+0000] GC(303) Phase 1: Mark live objects
[2025-08-01T02:22:38.924+0000] GC(303) Phase 1: Mark live objects 157.234ms
[2025-08-01T02:22:38.924+0000] GC(303) Phase 2: Compute new object addresses
[2025-08-01T02:22:39.426+0000] GC(303) Phase 2: Compute new object addresses 502.444ms
[2025-08-01T02:22:39.426+0000] GC(303) Phase 3: Adjust pointers
[2025-08-01T02:22:39.569+0000] GC(303) Phase 3: Adjust pointers 143.084ms
[2025-08-01T02:22:39.569+0000] GC(303) Phase 4: Move objects
[2025-08-01T02:22:39.906+0000] GC(303) Phase 4: Move objects 336.219ms
[2025-08-01T02:22:39.921+0000] GC(303) Pause Full (Allocation Failure) 3723M->886M(4029M) 1373.616ms
[2025-08-01T02:22:39.921+0000] GC(302) ParNew: 613440K->0K(613440K)
[2025-08-01T02:22:39.921+0000] GC(302) CMS: 3198916K->907420K(3512768K)
[2025-08-01T02:22:39.921+0000] GC(302) Metaspace: 9703K(12544K)->9703K(12544K) NonClass: 8537K(11008K)->8537K(11008K) Class: 1166K(1536K)->1166K(1536K)
[2025-08-01T02:22:39.921+0000] GC(302) Pause Young (Allocation Failure) 3723M->886M(4029M) 1373.995ms
[2025-08-01T02:22:39.921+0000] GC(302) User=1.38s Sys=0.00s Real=1.37s
[2025-08-01T02:22:40.026+0000] GC(304) Pause Young (Allocation Failure)
[2025-08-01T02:22:40.026+0000] GC(304) Using 8 workers of 8 for evacuation
[2025-08-01T02:22:40.244+0000] GC(304) ParNew: 545344K->68096K(613440K)
[2025-08-01T02:22:40.244+0000] GC(304) CMS: 907420K->1344258K(3512768K)
[2025-08-01T02:22:40.244+0000] GC(304) Metaspace: 9703K(12544K)->9703K(12544K) NonClass: 8537K(11008K)->8537K(11008K) Class: 1166K(1536K)->1166K(1536K)
[2025-08-01T02:22:40.244+0000] GC(304) Pause Young (Allocation Failure) 1418M->1379M(4029M) 218.350ms
[2025-08-01T02:22:40.244+0000] GC(304) User=1.62s Sys=0.05s Real=0.22s
[2025-08-01T02:22:40.341+0000] GC(305) Pause Young (Allocation Failure)
[2025-08-01T02:22:40.341+0000] GC(305) Using 8 workers of 8 for evacuation
[2025-08-01T02:22:40.469+0000] GC(305) ParNew: 613440K->68096K(613440K)
[2025-08-01T02:22:40.469+0000] GC(305) CMS: 1344258K->1767207K(3512768K)
[2025-08-01T02:22:40.469+0000] GC(305) Metaspace: 9703K(12544K)->9703K(12544K) NonClass: 8537K(11008K)->8537K(11008K) Class: 1166K(1536K)->1166K(1536K)
[2025-08-01T02:22:40.469+0000] GC(305) Pause Young (Allocation Failure) 1911M->1792M(4029M) 128.403ms
[2025-08-01T02:22:40.469+0000] GC(305) User=0.95s Sys=0.02s Real=0.13s
[2025-08-01T02:22:40.480+0000] GC(306) Pause Initial Mark
[2025-08-01T02:22:40.486+0000] GC(306) Pause Initial Mark 1876M->1876M(4029M) 5.885ms
[2025-08-01T02:22:40.486+0000] GC(306) User=0.04s Sys=0.00s Real=0.01s
[2025-08-01T02:22:40.487+0000] GC(306) Concurrent Mark
[2025-08-01T02:22:40.487+0000] GC(306) Using 2 workers of 2 for marking
[2025-08-01T02:22:40.573+0000] GC(307) Pause Young (Allocation Failure)
[2025-08-01T02:22:40.573+0000] GC(307) Using 8 workers of 8 for evacuation
[2025-08-01T02:22:40.685+0000] GC(307) ParNew: 613440K->68096K(613440K)
[2025-08-01T02:22:40.685+0000] GC(307) CMS: 1767207K->2097944K(3512768K)
[2025-08-01T02:22:40.685+0000] GC(307) Metaspace: 9703K(12544K)->9703K(12544K) NonClass: 8537K(11008K)->8537K(11008K) Class: 1166K(1536K)->1166K(1536K)
[2025-08-01T02:22:40.685+0000] GC(307) Pause Young (Allocation Failure) 2324M->2115M(4029M) 112.106ms
[2025-08-01T02:22:40.685+0000] GC(307) User=0.85s Sys=0.01s Real=0.11s
[2025-08-01T02:22:40.777+0000] GC(308) Pause Young (Allocation Failure)
[2025-08-01T02:22:40.777+0000] GC(308) Using 8 workers of 8 for evacuation
[2025-08-01T02:22:40.903+0000] GC(308) ParNew: 613440K->68096K(613440K)
[2025-08-01T02:22:40.903+0000] GC(308) CMS: 2097944K->2539419K(3512768K)
[2025-08-01T02:22:40.903+0000] GC(308) Metaspace: 9703K(12544K)->9703K(12544K) NonClass: 8537K(11008K)->8537K(11008K) Class: 1166K(1536K)->1166K(1536K)
[2025-08-01T02:22:40.903+0000] GC(308) Pause Young (Allocation Failure) 2647M->2546M(4029M) 125.834ms
[2025-08-01T02:22:40.903+0000] GC(308) User=0.96s Sys=0.01s Real=0.13s
[2025-08-01T02:22:41.000+0000] GC(309) Pause Young (Allocation Failure)
[2025-08-01T02:22:41.000+0000] GC(309) Using 8 workers of 8 for evacuation
[2025-08-01T02:22:41.157+0000] GC(309) ParNew: 613440K->68094K(613440K)
[2025-08-01T02:22:41.157+0000] GC(309) CMS: 2539419K->3080762K(3512768K)
[2025-08-01T02:22:41.158+0000] GC(309) Metaspace: 9703K(12544K)->9703K(12544K) NonClass: 8537K(11008K)->8537K(11008K) Class: 1166K(1536K)->1166K(1536K)
[2025-08-01T02:22:41.158+0000] GC(309) Pause Young (Allocation Failure) 3078M->3075M(4029M) 158.058ms
[2025-08-01T02:22:41.158+0000] GC(309) User=1.22s Sys=0.01s Real=0.16s
[2025-08-01T02:22:41.253+0000] GC(310) Pause Young (Allocation Failure)
[2025-08-01T02:22:41.253+0000] GC(310) Using 8 workers of 8 for evacuation
[2025-08-01T02:22:41.253+0000] GC(311) Pause Full (Allocation Failure)
[2025-08-01T02:22:41.284+0000] GC(306) Concurrent Mark 797.275ms
[2025-08-01T02:22:41.284+0000] GC(306) User=4.42s Sys=0.03s Real=0.80s
[2025-08-01T02:22:41.284+0000] GC(311) Phase 1: Mark live objects
[2025-08-01T02:22:41.360+0000] GC(311) Phase 1: Mark live objects 75.623ms
[2025-08-01T02:22:41.360+0000] GC(311) Phase 2: Compute new object addresses
[2025-08-01T02:22:41.864+0000] GC(311) Phase 2: Compute new object addresses 503.661ms
[2025-08-01T02:22:41.864+0000] GC(311) Phase 3: Adjust pointers
[2025-08-01T02:22:41.934+0000] GC(311) Phase 3: Adjust pointers 70.601ms
[2025-08-01T02:22:41.934+0000] GC(311) Phase 4: Move objects
[2025-08-01T02:22:42.132+0000] GC(311) Phase 4: Move objects 197.648ms
[2025-08-01T02:22:42.148+0000] GC(311) Pause Full (Allocation Failure) 3607M->450M(4029M) 894.989ms
[2025-08-01T02:22:42.148+0000] GC(310) ParNew: 613438K->0K(613440K)
[2025-08-01T02:22:42.148+0000] GC(310) CMS: 3080762K->461166K(3512768K)
[2025-08-01T02:22:42.148+0000] GC(310) Metaspace: 9703K(12544K)->9703K(12544K) NonClass: 8537K(11008K)->8537K(11008K) Class: 1166K(1536K)->1166K(1536K)
[2025-08-01T02:22:42.148+0000] GC(310) Pause Young (Allocation Failure) 3607M->450M(4029M) 895.302ms
[2025-08-01T02:22:42.148+0000] GC(310) User=0.92s Sys=0.00s Real=0.90s
[2025-08-01T02:22:42.252+0000] GC(312) Pause Young (Allocation Failure)
[2025-08-01T02:22:42.252+0000] GC(312) Using 8 workers of 8 for evacuation
[2025-08-01T02:22:42.432+0000] GC(312) ParNew: 545344K->68096K(613440K)
[2025-08-01T02:22:42.432+0000] GC(312) CMS: 461166K->830281K(3512768K)
[2025-08-01T02:22:42.432+0000] GC(312) Metaspace: 9703K(12544K)->9703K(12544K) NonClass: 8537K(11008K)->8537K(11008K) Class: 1166K(1536K)->1166K(1536K)
[2025-08-01T02:22:42.432+0000] GC(312) Pause Young (Allocation Failure) 982M->877M(4029M) 180.922ms
[2025-08-01T02:22:42.432+0000] GC(312) User=1.37s Sys=0.03s Real=0.18s
[2025-08-01T02:22:42.531+0000] GC(313) Pause Young (Allocation Failure)
[2025-08-01T02:22:42.531+0000] GC(313) Using 8 workers of 8 for evacuation
[2025-08-01T02:22:42.723+0000] GC(313) ParNew: 613440K->68096K(613440K)
[2025-08-01T02:22:42.723+0000] GC(313) CMS: 830281K->1373752K(3512768K)
[2025-08-01T02:22:42.723+0000] GC(313) Metaspace: 9703K(12544K)->9703K(12544K) NonClass: 8537K(11008K)->8537K(11008K) Class: 1166K(1536K)->1166K(1536K)
[2025-08-01T02:22:42.723+0000] GC(313) Pause Young (Allocation Failure) 1409M->1408M(4029M) 192.425ms
[2025-08-01T02:22:42.723+0000] GC(313) User=1.45s Sys=0.05s Real=0.20s
[2025-08-01T02:22:42.818+0000] GC(314) Pause Young (Allocation Failure)
[2025-08-01T02:22:42.818+0000] GC(314) Using 8 workers of 8 for evacuation
[2025-08-01T02:22:42.991+0000] GC(314) ParNew: 613440K->68096K(613440K)
[2025-08-01T02:22:42.991+0000] GC(314) CMS: 1373752K->1787387K(3512768K)
[2025-08-01T02:22:42.991+0000] GC(314) Metaspace: 9703K(12544K)->9703K(12544K) NonClass: 8537K(11008K)->8537K(11008K) Class: 1166K(1536K)->1166K(1536K)
[2025-08-01T02:22:42.991+0000] GC(314) Pause Young (Allocation Failure) 1940M->1811M(4029M) 173.174ms
[2025-08-01T02:22:42.991+0000] GC(314) User=1.30s Sys=0.04s Real=0.17s
[2025-08-01T02:22:42.992+0000] GC(315) Pause Initial Mark
[2025-08-01T02:22:42.995+0000] GC(315) Pause Initial Mark 1819M->1819M(4029M) 3.091ms
[2025-08-01T02:22:42.995+0000] GC(315) User=0.01s Sys=0.00s Real=0.01s
[2025-08-01T02:22:42.995+0000] GC(315) Concurrent Mark
[2025-08-01T02:22:42.995+0000] GC(315) Using 2 workers of 2 for marking
[2025-08-01T02:22:43.090+0000] GC(316) Pause Young (Allocation Failure)
[2025-08-01T02:22:43.090+0000] GC(316) Using 8 workers of 8 for evacuation
[2025-08-01T02:22:43.252+0000] GC(316) ParNew: 613440K->68096K(613440K)
[2025-08-01T02:22:43.252+0000] GC(316) CMS: 1787387K->2226383K(3512768K)
[2025-08-01T02:22:43.252+0000] GC(316) Metaspace: 9703K(12544K)->9703K(12544K) NonClass: 8537K(11008K)->8537K(11008K) Class: 1166K(1536K)->1166K(1536K)
[2025-08-01T02:22:43.252+0000] GC(316) Pause Young (Allocation Failure) 2344M->2240M(4029M) 161.284ms
[2025-08-01T02:22:43.252+0000] GC(316) User=1.23s Sys=0.03s Real=0.16s
[2025-08-01T02:22:43.345+0000] GC(317) Pause Young (Allocation Failure)
[2025-08-01T02:22:43.345+0000] GC(317) Using 8 workers of 8 for evacuation
[2025-08-01T02:22:43.504+0000] GC(317) ParNew: 613440K->68096K(613440K)
[2025-08-01T02:22:43.505+0000] GC(317) CMS: 2226383K->2722240K(3512768K)
[2025-08-01T02:22:43.505+0000] GC(317) Metaspace: 9703K(12544K)->9703K(12544K) NonClass: 8537K(11008K)->8537K(11008K) Class: 1166K(1536K)->1166K(1536K)
[2025-08-01T02:22:43.505+0000] GC(317) Pause Young (Allocation Failure) 2773M->2724M(4029M) 159.403ms
[2025-08-01T02:22:43.505+0000] GC(317) User=1.20s Sys=0.02s Real=0.16s
[2025-08-01T02:22:43.601+0000] GC(318) Pause Young (Allocation Failure)
[2025-08-01T02:22:43.601+0000] GC(318) Using 8 workers of 8 for evacuation
[2025-08-01T02:22:43.761+0000] GC(318) ParNew: 613440K->68096K(613440K)
[2025-08-01T02:22:43.761+0000] GC(318) CMS: 2722240K->3267259K(3512768K)
[2025-08-01T02:22:43.761+0000] GC(318) Metaspace: 9703K(12544K)->9703K(12544K) NonClass: 8537K(11008K)->8537K(11008K) Class: 1166K(1536K)->1166K(1536K)
[2025-08-01T02:22:43.762+0000] GC(318) Pause Young (Allocation Failure) 3257M->3257M(4029M) 160.434ms
[2025-08-01T02:22:43.762+0000] GC(318) User=1.25s Sys=0.00s Real=0.16s
[2025-08-01T02:22:43.858+0000] GC(319) Pause Young (Allocation Failure)
[2025-08-01T02:22:43.858+0000] GC(319) Using 8 workers of 8 for evacuation
[2025-08-01T02:22:43.858+0000] GC(320) Pause Full (Allocation Failure)
[2025-08-01T02:22:43.869+0000] GC(315) Concurrent Mark 873.732ms
[2025-08-01T02:22:43.869+0000] GC(315) User=5.14s Sys=0.05s Real=0.87s
[2025-08-01T02:22:43.869+0000] GC(320) Phase 1: Mark live objects
[2025-08-01T02:22:43.964+0000] GC(320) Phase 1: Mark live objects 94.766ms
[2025-08-01T02:22:43.964+0000] GC(320) Phase 2: Compute new object addresses
[2025-08-01T02:22:44.455+0000] GC(320) Phase 2: Compute new object addresses 491.084ms
[2025-08-01T02:22:44.455+0000] GC(320) Phase 3: Adjust pointers
[2025-08-01T02:22:44.566+0000] GC(320) Phase 3: Adjust pointers 110.674ms
[2025-08-01T02:22:44.566+0000] GC(320) Phase 4: Move objects
[2025-08-01T02:22:44.779+0000] GC(320) Phase 4: Move objects 213.269ms
[2025-08-01T02:22:44.792+0000] GC(320) Pause Full (Allocation Failure) 3789M->548M(4029M) 934.439ms
[2025-08-01T02:22:44.792+0000] GC(319) ParNew: 613440K->0K(613440K)
[2025-08-01T02:22:44.792+0000] GC(319) CMS: 3267259K->562080K(3512768K)
[2025-08-01T02:22:44.792+0000] GC(319) Metaspace: 9703K(12544K)->9703K(12544K) NonClass: 8537K(11008K)->8537K(11008K) Class: 1166K(1536K)->1166K(1536K)
[2025-08-01T02:22:44.793+0000] GC(319) Pause Young (Allocation Failure) 3789M->548M(4029M) 934.748ms
[2025-08-01T02:22:44.793+0000] GC(319) User=0.94s Sys=0.00s Real=0.93s
[2025-08-01T02:22:44.936+0000] GC(321) Pause Young (Allocation Failure)
[2025-08-01T02:22:44.936+0000] GC(321) Using 8 workers of 8 for evacuation
[2025-08-01T02:22:45.116+0000] GC(321) ParNew: 545344K->68096K(613440K)
[2025-08-01T02:22:45.116+0000] GC(321) CMS: 562080K->943361K(3512768K)
[2025-08-01T02:22:45.116+0000] GC(321) Metaspace: 9703K(12544K)->9703K(12544K) NonClass: 8537K(11008K)->8537K(11008K) Class: 1166K(1536K)->1166K(1536K)
[2025-08-01T02:22:45.116+0000] GC(321) Pause Young (Allocation Failure) 1081M->987M(4029M) 180.652ms
[2025-08-01T02:22:45.116+0000] GC(321) User=1.34s Sys=0.04s Real=0.18s
[2025-08-01T02:22:45.219+0000] GC(322) Pause Young (Allocation Failure)
[2025-08-01T02:22:45.219+0000] GC(322) Using 8 workers of 8 for evacuation
[2025-08-01T02:22:45.377+0000] GC(322) ParNew: 613440K->68096K(613440K)
[2025-08-01T02:22:45.377+0000] GC(322) CMS: 943361K->1488000K(3512768K)
[2025-08-01T02:22:45.377+0000] GC(322) Metaspace: 9703K(12544K)->9703K(12544K) NonClass: 8537K(11008K)->8537K(11008K) Class: 1166K(1536K)->1166K(1536K)
[2025-08-01T02:22:45.377+0000] GC(322) Pause Young (Allocation Failure) 1520M->1519M(4029M) 158.909ms
[2025-08-01T02:22:45.377+0000] GC(322) User=1.24s Sys=0.01s Real=0.16s
[2025-08-01T02:22:45.524+0000] GC(323) Pause Young (Allocation Failure)
[2025-08-01T02:22:45.524+0000] GC(323) Using 8 workers of 8 for evacuation
[2025-08-01T02:22:45.640+0000] GC(323) ParNew: 613440K->68096K(613440K)
[2025-08-01T02:22:45.640+0000] GC(323) CMS: 1488000K->1584816K(3512768K)
[2025-08-01T02:22:45.640+0000] GC(323) Metaspace: 9703K(12544K)->9703K(12544K) NonClass: 8537K(11008K)->8537K(11008K) Class: 1166K(1536K)->1166K(1536K)
[2025-08-01T02:22:45.640+0000] GC(323) Pause Young (Allocation Failure) 2052M->1614M(4029M) 116.285ms
[2025-08-01T02:22:45.640+0000] GC(323) User=0.77s Sys=0.06s Real=0.11s
[2025-08-01T02:22:45.737+0000] GC(324) Pause Young (Allocation Failure)
[2025-08-01T02:22:45.737+0000] GC(324) Using 8 workers of 8 for evacuation
[2025-08-01T02:22:45.910+0000] GC(324) ParNew: 613440K->68096K(613440K)
[2025-08-01T02:22:45.910+0000] GC(324) CMS: 1584816K->2128396K(3512768K)
[2025-08-01T02:22:45.910+0000] GC(324) Metaspace: 9703K(12544K)->9703K(12544K) NonClass: 8537K(11008K)->8537K(11008K) Class: 1166K(1536K)->1166K(1536K)
[2025-08-01T02:22:45.910+0000] GC(324) Pause Young (Allocation Failure) 2146M->2145M(4029M) 173.224ms
[2025-08-01T02:22:45.910+0000] GC(324) User=1.30s Sys=0.04s Real=0.17s
[2025-08-01T02:22:45.913+0000] GC(325) Pause Initial Mark
[2025-08-01T02:22:45.917+0000] GC(325) Pause Initial Mark 2168M->2168M(4029M) 3.456ms
[2025-08-01T02:22:45.917+0000] GC(325) User=0.03s Sys=0.00s Real=0.00s
[2025-08-01T02:22:45.917+0000] GC(325) Concurrent Mark
[2025-08-01T02:22:45.917+0000] GC(325) Using 2 workers of 2 for marking
[2025-08-01T02:22:46.012+0000] GC(325) Concurrent Mark 94.836ms
[2025-08-01T02:22:46.012+0000] GC(325) User=0.33s Sys=0.00s Real=0.09s
[2025-08-01T02:22:46.012+0000] GC(325) Concurrent Preclean
[2025-08-01T02:22:46.021+0000] GC(325) Concurrent Preclean 8.781ms
[2025-08-01T02:22:46.021+0000] GC(325) User=0.02s Sys=0.00s Real=0.01s
[2025-08-01T02:22:46.021+0000] GC(325) Concurrent Abortable Preclean
[2025-08-01T02:22:46.061+0000] GC(326) Pause Young (Allocation Failure)
[2025-08-01T02:22:46.061+0000] GC(326) Using 8 workers of 8 for evacuation
[2025-08-01T02:22:46.216+0000] GC(326) ParNew: 613440K->68096K(613440K)
[2025-08-01T02:22:46.216+0000] GC(326) CMS: 2128396K->2635935K(3512768K)
[2025-08-01T02:22:46.216+0000] GC(326) Metaspace: 9703K(12544K)->9703K(12544K) NonClass: 8537K(11008K)->8537K(11008K) Class: 1166K(1536K)->1166K(1536K)
[2025-08-01T02:22:46.216+0000] GC(326) Pause Young (Allocation Failure) 2677M->2640M(4029M) 155.052ms
[2025-08-01T02:22:46.216+0000] GC(326) User=1.18s Sys=0.01s Real=0.16s
[2025-08-01T02:22:46.313+0000] GC(327) Pause Young (Allocation Failure)
[2025-08-01T02:22:46.313+0000] GC(327) Using 8 workers of 8 for evacuation
[2025-08-01T02:22:46.471+0000] GC(327) ParNew: 613440K->68096K(613440K)
[2025-08-01T02:22:46.471+0000] GC(327) CMS: 2635935K->3180170K(3512768K)
[2025-08-01T02:22:46.471+0000] GC(327) Metaspace: 9703K(12544K)->9703K(12544K) NonClass: 8537K(11008K)->8537K(11008K) Class: 1166K(1536K)->1166K(1536K)
[2025-08-01T02:22:46.471+0000] GC(327) Pause Young (Allocation Failure) 3173M->3172M(4029M) 158.485ms
[2025-08-01T02:22:46.471+0000] GC(327) User=1.22s Sys=0.01s Real=0.16s
[2025-08-01T02:22:46.620+0000] GC(328) Pause Young (Allocation Failure)
[2025-08-01T02:22:46.620+0000] GC(328) Using 8 workers of 8 for evacuation
[2025-08-01T02:22:46.620+0000] GC(329) Pause Full (Allocation Failure)
[2025-08-01T02:22:46.627+0000] GC(325) Concurrent Abortable Preclean 605.688ms
[2025-08-01T02:22:46.627+0000] GC(325) User=3.08s Sys=0.04s Real=0.61s
[2025-08-01T02:22:46.627+0000] GC(329) Phase 1: Mark live objects
[2025-08-01T02:22:46.733+0000] GC(329) Phase 1: Mark live objects 105.689ms
[2025-08-01T02:22:46.733+0000] GC(329) Phase 2: Compute new object addresses
[2025-08-01T02:22:47.202+0000] GC(329) Phase 2: Compute new object addresses 469.023ms
[2025-08-01T02:22:47.202+0000] GC(329) Phase 3: Adjust pointers
[2025-08-01T02:22:47.294+0000] GC(329) Phase 3: Adjust pointers 91.756ms
[2025-08-01T02:22:47.294+0000] GC(329) Phase 4: Move objects
[2025-08-01T02:22:47.544+0000] GC(329) Phase 4: Move objects 250.220ms
[2025-08-01T02:22:47.557+0000] GC(329) Pause Full (Allocation Failure) 3704M->654M(4029M) 936.458ms
[2025-08-01T02:22:47.557+0000] GC(328) ParNew: 613440K->0K(613440K)
[2025-08-01T02:22:47.557+0000] GC(328) CMS: 3180170K->670012K(3512768K)
[2025-08-01T02:22:47.557+0000] GC(328) Metaspace: 9703K(12544K)->9703K(12544K) NonClass: 8537K(11008K)->8537K(11008K) Class: 1166K(1536K)->1166K(1536K)
[2025-08-01T02:22:47.557+0000] GC(328) Pause Young (Allocation Failure) 3704M->654M(4029M) 936.697ms
[2025-08-01T02:22:47.557+0000] GC(328) User=0.93s Sys=0.00s Real=0.94s
[2025-08-01T02:22:47.666+0000] GC(330) Pause Young (Allocation Failure)
[2025-08-01T02:22:47.666+0000] GC(330) Using 8 workers of 8 for evacuation
[2025-08-01T02:22:47.838+0000] GC(330) ParNew: 545344K->68096K(613440K)
[2025-08-01T02:22:47.838+0000] GC(330) CMS: 670012K->1053203K(3512768K)
[2025-08-01T02:22:47.838+0000] GC(330) Metaspace: 9703K(12544K)->9703K(12544K) NonClass: 8537K(11008K)->8537K(11008K) Class: 1166K(1536K)->1166K(1536K)
[2025-08-01T02:22:47.838+0000] GC(330) Pause Young (Allocation Failure) 1186M->1095M(4029M) 172.039ms
[2025-08-01T02:22:47.838+0000] GC(330) User=1.35s Sys=0.00s Real=0.17s
[2025-08-01T02:22:47.936+0000] GC(331) Pause Young (Allocation Failure)
[2025-08-01T02:22:47.936+0000] GC(331) Using 8 workers of 8 for evacuation
[2025-08-01T02:22:48.108+0000] GC(331) ParNew: 613440K->68096K(613440K)
[2025-08-01T02:22:48.108+0000] GC(331) CMS: 1053203K->1594568K(3512768K)
[2025-08-01T02:22:48.108+0000] GC(331) Metaspace: 9703K(12544K)->9703K(12544K) NonClass: 8537K(11008K)->8537K(11008K) Class: 1166K(1536K)->1166K(1536K)
[2025-08-01T02:22:48.108+0000] GC(331) Pause Young (Allocation Failure) 1627M->1623M(4029M) 172.219ms
[2025-08-01T02:22:48.108+0000] GC(331) User=1.32s Sys=0.01s Real=0.17s
[2025-08-01T02:22:48.205+0000] GC(332) Pause Young (Allocation Failure)
[2025-08-01T02:22:48.205+0000] GC(332) Using 8 workers of 8 for evacuation
[2025-08-01T02:22:48.324+0000] GC(332) ParNew: 613440K->68096K(613440K)
[2025-08-01T02:22:48.324+0000] GC(332) CMS: 1594568K->1792663K(3512768K)
[2025-08-01T02:22:48.324+0000] GC(332) Metaspace: 9703K(12544K)->9703K(12544K) NonClass: 8537K(11008K)->8537K(11008K) Class: 1166K(1536K)->1166K(1536K)
[2025-08-01T02:22:48.324+0000] GC(332) Pause Young (Allocation Failure) 2156M->1817M(4029M) 118.560ms
[2025-08-01T02:22:48.324+0000] GC(332) User=0.88s Sys=0.04s Real=0.12s
[2025-08-01T02:22:48.325+0000] GC(333) Pause Initial Mark
[2025-08-01T02:22:48.329+0000] GC(333) Pause Initial Mark 1824M->1824M(4029M) 4.425ms
[2025-08-01T02:22:48.329+0000] GC(333) User=0.02s Sys=0.00s Real=0.00s
[2025-08-01T02:22:48.329+0000] GC(333) Concurrent Mark
[2025-08-01T02:22:48.329+0000] GC(333) Using 2 workers of 2 for marking
[2025-08-01T02:22:48.406+0000] GC(333) Concurrent Mark 76.539ms
[2025-08-01T02:22:48.406+0000] GC(333) User=0.24s Sys=0.01s Real=0.08s
[2025-08-01T02:22:48.406+0000] GC(333) Concurrent Preclean
[2025-08-01T02:22:48.415+0000] GC(333) Concurrent Preclean 8.625ms
[2025-08-01T02:22:48.415+0000] GC(333) User=0.04s Sys=0.00s Real=0.01s
[2025-08-01T02:22:48.415+0000] GC(333) Concurrent Abortable Preclean
[2025-08-01T02:22:48.423+0000] GC(334) Pause Young (Allocation Failure)
[2025-08-01T02:22:48.423+0000] GC(334) Using 8 workers of 8 for evacuation
[2025-08-01T02:22:48.621+0000] GC(334) ParNew: 613440K->68096K(613440K)
[2025-08-01T02:22:48.621+0000] GC(334) CMS: 1792663K->2208560K(3512768K)
[2025-08-01T02:22:48.621+0000] GC(334) Metaspace: 9703K(12544K)->9703K(12544K) NonClass: 8537K(11008K)->8537K(11008K) Class: 1166K(1536K)->1166K(1536K)
[2025-08-01T02:22:48.621+0000] GC(334) Pause Young (Allocation Failure) 2349M->2223M(4029M) 197.942ms
[2025-08-01T02:22:48.621+0000] GC(334) User=1.51s Sys=0.05s Real=0.19s
[2025-08-01T02:22:48.714+0000] GC(335) Pause Young (Allocation Failure)
[2025-08-01T02:22:48.714+0000] GC(335) Using 8 workers of 8 for evacuation
[2025-08-01T02:22:48.858+0000] GC(335) ParNew: 613440K->68096K(613440K)
[2025-08-01T02:22:48.858+0000] GC(335) CMS: 2208560K->2751852K(3512768K)
[2025-08-01T02:22:48.858+0000] GC(335) Metaspace: 9703K(12544K)->9703K(12544K) NonClass: 8537K(11008K)->8537K(11008K) Class: 1166K(1536K)->1166K(1536K)
[2025-08-01T02:22:48.858+0000] GC(335) Pause Young (Allocation Failure) 2755M->2753M(4029M) 143.675ms
[2025-08-01T02:22:48.858+0000] GC(335) User=1.12s Sys=0.00s Real=0.14s
[2025-08-01T02:22:48.949+0000] GC(336) Pause Young (Allocation Failure)
[2025-08-01T02:22:48.950+0000] GC(336) Using 8 workers of 8 for evacuation
[2025-08-01T02:22:49.083+0000] GC(336) ParNew: 613440K->68096K(613440K)
[2025-08-01T02:22:49.083+0000] GC(336) CMS: 2751852K->3161744K(3512768K)
[2025-08-01T02:22:49.083+0000] GC(336) Metaspace: 9703K(12544K)->9703K(12544K) NonClass: 8537K(11008K)->8537K(11008K) Class: 1166K(1536K)->1166K(1536K)
[2025-08-01T02:22:49.083+0000] GC(336) Pause Young (Allocation Failure) 3286M->3154M(4029M) 133.160ms
[2025-08-01T02:22:49.083+0000] GC(336) User=1.04s Sys=0.00s Real=0.13s
[2025-08-01T02:22:49.173+0000] GC(337) Pause Young (Allocation Failure)
[2025-08-01T02:22:49.173+0000] GC(337) Using 8 workers of 8 for evacuation
[2025-08-01T02:22:49.173+0000] GC(338) Pause Full (Allocation Failure)
[2025-08-01T02:22:49.347+0000] GC(333) Concurrent Abortable Preclean 932.260ms
[2025-08-01T02:22:49.347+0000] GC(333) User=4.59s Sys=0.05s Real=0.93s
[2025-08-01T02:22:49.348+0000] GC(338) Phase 1: Mark live objects
[2025-08-01T02:22:49.482+0000] GC(338) Phase 1: Mark live objects 134.658ms
[2025-08-01T02:22:49.482+0000] GC(338) Phase 2: Compute new object addresses
[2025-08-01T02:22:49.948+0000] GC(338) Phase 2: Compute new object addresses 465.426ms
[2025-08-01T02:22:49.948+0000] GC(338) Phase 3: Adjust pointers
[2025-08-01T02:22:50.081+0000] GC(338) Phase 3: Adjust pointers 133.259ms
[2025-08-01T02:22:50.081+0000] GC(338) Phase 4: Move objects
[2025-08-01T02:22:50.409+0000] GC(338) Phase 4: Move objects 327.779ms
[2025-08-01T02:22:50.422+0000] GC(338) Pause Full (Allocation Failure) 3686M->751M(4029M) 1249.493ms
[2025-08-01T02:22:50.422+0000] GC(337) ParNew: 613440K->0K(613440K)
[2025-08-01T02:22:50.422+0000] GC(337) CMS: 3161744K->769970K(3512768K)
[2025-08-01T02:22:50.422+0000] GC(337) Metaspace: 9703K(12544K)->9703K(12544K) NonClass: 8537K(11008K)->8537K(11008K) Class: 1166K(1536K)->1166K(1536K)
[2025-08-01T02:22:50.422+0000] GC(337) Pause Young (Allocation Failure) 3686M->751M(4029M) 1249.764ms
[2025-08-01T02:22:50.422+0000] GC(337) User=1.25s Sys=0.00s Real=1.25s
[2025-08-01T02:22:50.558+0000] GC(339) Pause Young (Allocation Failure)
[2025-08-01T02:22:50.558+0000] GC(339) Using 8 workers of 8 for evacuation
[2025-08-01T02:22:50.731+0000] GC(339) ParNew: 545344K->68096K(613440K)
[2025-08-01T02:22:50.731+0000] GC(339) CMS: 769970K->1214438K(3512768K)
[2025-08-01T02:22:50.731+0000] GC(339) Metaspace: 9703K(12544K)->9703K(12544K) NonClass: 8537K(11008K)->8537K(11008K) Class: 1166K(1536K)->1166K(1536K)
[2025-08-01T02:22:50.731+0000] GC(339) Pause Young (Allocation Failure) 1284M->1252M(4029M) 172.924ms
[2025-08-01T02:22:50.731+0000] GC(339) User=1.27s Sys=0.04s Real=0.17s
[2025-08-01T02:22:50.825+0000] GC(340) Pause Young (Allocation Failure)
[2025-08-01T02:22:50.825+0000] GC(340) Using 8 workers of 8 for evacuation
[2025-08-01T02:22:51.023+0000] GC(340) ParNew: 613440K->68096K(613440K)
[2025-08-01T02:22:51.023+0000] GC(340) CMS: 1214438K->1760178K(3512768K)
[2025-08-01T02:22:51.023+0000] GC(340) Metaspace: 9703K(12544K)->9703K(12544K) NonClass: 8537K(11008K)->8537K(11008K) Class: 1166K(1536K)->1166K(1536K)
[2025-08-01T02:22:51.023+0000] GC(340) Pause Young (Allocation Failure) 1785M->1785M(4029M) 198.832ms
[2025-08-01T02:22:51.024+0000] GC(340) User=1.51s Sys=0.03s Real=0.20s
[2025-08-01T02:22:51.024+0000] GC(341) Pause Initial Mark
[2025-08-01T02:22:51.028+0000] GC(341) Pause Initial Mark 1788M->1788M(4029M) 4.023ms
[2025-08-01T02:22:51.028+0000] GC(341) User=0.02s Sys=0.00s Real=0.00s
[2025-08-01T02:22:51.029+0000] GC(341) Concurrent Mark
[2025-08-01T02:22:51.029+0000] GC(341) Using 2 workers of 2 for marking
[2025-08-01T02:22:51.127+0000] GC(342) Pause Young (Allocation Failure)
[2025-08-01T02:22:51.127+0000] GC(342) Using 8 workers of 8 for evacuation
[2025-08-01T02:22:51.271+0000] GC(342) ParNew: 613440K->68096K(613440K)
[2025-08-01T02:22:51.271+0000] GC(342) CMS: 1760178K->2194278K(3512768K)
[2025-08-01T02:22:51.271+0000] GC(342) Metaspace: 9703K(12544K)->9703K(12544K) NonClass: 8537K(11008K)->8537K(11008K) Class: 1166K(1536K)->1166K(1536K)
[2025-08-01T02:22:51.271+0000] GC(342) Pause Young (Allocation Failure) 2317M->2209M(4029M) 144.055ms
[2025-08-01T02:22:51.271+0000] GC(342) User=1.10s Sys=0.00s Real=0.14s
[2025-08-01T02:22:51.365+0000] GC(343) Pause Young (Allocation Failure)
[2025-08-01T02:22:51.365+0000] GC(343) Using 8 workers of 8 for evacuation
[2025-08-01T02:22:51.511+0000] GC(343) ParNew: 613440K->68096K(613440K)
[2025-08-01T02:22:51.511+0000] GC(343) CMS: 2194278K->2587786K(3512768K)
[2025-08-01T02:22:51.511+0000] GC(343) Metaspace: 9703K(12544K)->9703K(12544K) NonClass: 8537K(11008K)->8537K(11008K) Class: 1166K(1536K)->1166K(1536K)
[2025-08-01T02:22:51.511+0000] GC(343) Pause Young (Allocation Failure) 2741M->2593M(4029M) 145.733ms
[2025-08-01T02:22:51.511+0000] GC(343) User=1.11s Sys=0.03s Real=0.14s
[2025-08-01T02:22:51.610+0000] GC(344) Pause Young (Allocation Failure)
[2025-08-01T02:22:51.610+0000] GC(344) Using 8 workers of 8 for evacuation
[2025-08-01T02:22:51.788+0000] GC(344) ParNew: 613440K->68096K(613440K)
[2025-08-01T02:22:51.788+0000] GC(344) CMS: 2587786K->3128356K(3512768K)
[2025-08-01T02:22:51.788+0000] GC(344) Metaspace: 9703K(12544K)->9703K(12544K) NonClass: 8537K(11008K)->8537K(11008K) Class: 1166K(1536K)->1166K(1536K)
[2025-08-01T02:22:51.788+0000] GC(344) Pause Young (Allocation Failure) 3126M->3121M(4029M) 178.061ms
[2025-08-01T02:22:51.788+0000] GC(344) User=1.32s Sys=0.04s Real=0.18s
[2025-08-01T02:22:51.877+0000] GC(345) Pause Young (Allocation Failure)
[2025-08-01T02:22:51.877+0000] GC(345) Using 8 workers of 8 for evacuation
[2025-08-01T02:22:51.877+0000] GC(346) Pause Full (Allocation Failure)
[2025-08-01T02:22:51.974+0000] GC(341) Concurrent Mark 945.870ms
[2025-08-01T02:22:51.975+0000] GC(341) User=5.08s Sys=0.07s Real=0.95s
[2025-08-01T02:22:51.975+0000] GC(346) Phase 1: Mark live objects
[2025-08-01T02:22:52.104+0000] GC(346) Phase 1: Mark live objects 129.128ms
[2025-08-01T02:22:52.104+0000] GC(346) Phase 2: Compute new object addresses
[2025-08-01T02:22:52.589+0000] GC(346) Phase 2: Compute new object addresses 485.138ms
[2025-08-01T02:22:52.590+0000] GC(346) Phase 3: Adjust pointers
[2025-08-01T02:22:52.701+0000] GC(346) Phase 3: Adjust pointers 111.879ms
[2025-08-01T02:22:52.702+0000] GC(346) Phase 4: Move objects
[2025-08-01T02:22:53.003+0000] GC(346) Phase 4: Move objects 301.831ms
[2025-08-01T02:22:53.017+0000] GC(346) Pause Full (Allocation Failure) 3654M->771M(4029M) 1140.571ms
[2025-08-01T02:22:53.017+0000] GC(345) ParNew: 613440K->0K(613440K)
[2025-08-01T02:22:53.017+0000] GC(345) CMS: 3128356K->789537K(3512768K)
[2025-08-01T02:22:53.017+0000] GC(345) Metaspace: 9703K(12544K)->9703K(12544K) NonClass: 8537K(11008K)->8537K(11008K) Class: 1166K(1536K)->1166K(1536K)
[2025-08-01T02:22:53.017+0000] GC(345) Pause Young (Allocation Failure) 3654M->771M(4029M) 1140.799ms
[2025-08-01T02:22:53.017+0000] GC(345) User=1.24s Sys=0.00s Real=1.14s
[2025-08-01T02:22:53.120+0000] GC(347) Pause Young (Allocation Failure)
[2025-08-01T02:22:53.120+0000] GC(347) Using 8 workers of 8 for evacuation
[2025-08-01T02:22:53.310+0000] GC(347) ParNew: 545344K->68096K(613440K)
[2025-08-01T02:22:53.310+0000] GC(347) CMS: 789537K->1050759K(3512768K)
[2025-08-01T02:22:53.310+0000] GC(347) Metaspace: 9703K(12544K)->9703K(12544K) NonClass: 8537K(11008K)->8537K(11008K) Class: 1166K(1536K)->1166K(1536K)
[2025-08-01T02:22:53.310+0000] GC(347) Pause Young (Allocation Failure) 1303M->1092M(4029M) 189.869ms
[2025-08-01T02:22:53.310+0000] GC(347) User=1.43s Sys=0.06s Real=0.19s
[2025-08-01T02:22:53.412+0000] GC(348) Pause Young (Allocation Failure)
[2025-08-01T02:22:53.412+0000] GC(348) Using 8 workers of 8 for evacuation
[2025-08-01T02:22:53.626+0000] GC(348) ParNew: 613440K->68096K(613440K)
[2025-08-01T02:22:53.626+0000] GC(348) CMS: 1050759K->1595344K(3512768K)
[2025-08-01T02:22:53.626+0000] GC(348) Metaspace: 9703K(12544K)->9703K(12544K) NonClass: 8537K(11008K)->8537K(11008K) Class: 1166K(1536K)->1166K(1536K)
[2025-08-01T02:22:53.626+0000] GC(348) Pause Young (Allocation Failure) 1625M->1624M(4029M) 214.689ms
[2025-08-01T02:22:53.626+0000] GC(348) User=1.58s Sys=0.07s Real=0.22s
[2025-08-01T02:22:53.725+0000] GC(349) Pause Young (Allocation Failure)
[2025-08-01T02:22:53.725+0000] GC(349) Using 8 workers of 8 for evacuation
[2025-08-01T02:22:53.818+0000] GC(349) ParNew: 613440K->68096K(613440K)
[2025-08-01T02:22:53.818+0000] GC(349) CMS: 1595344K->1811419K(3512768K)
[2025-08-01T02:22:53.818+0000] GC(349) Metaspace: 9703K(12544K)->9703K(12544K) NonClass: 8537K(11008K)->8537K(11008K) Class: 1166K(1536K)->1166K(1536K)
[2025-08-01T02:22:53.818+0000] GC(349) Pause Young (Allocation Failure) 2157M->1835M(4029M) 93.238ms
[2025-08-01T02:22:53.818+0000] GC(349) User=0.70s Sys=0.01s Real=0.09s
[2025-08-01T02:22:53.819+0000] GC(350) Pause Initial Mark
[2025-08-01T02:22:53.822+0000] GC(350) Pause Initial Mark 1843M->1843M(4029M) 2.797ms
[2025-08-01T02:22:53.822+0000] GC(350) User=0.01s Sys=0.00s Real=0.00s
[2025-08-01T02:22:53.822+0000] GC(350) Concurrent Mark
[2025-08-01T02:22:53.822+0000] GC(350) Using 2 workers of 2 for marking
[2025-08-01T02:22:53.916+0000] GC(350) Concurrent Mark 93.653ms
[2025-08-01T02:22:53.916+0000] GC(350) User=0.36s Sys=0.00s Real=0.10s
[2025-08-01T02:22:53.916+0000] GC(350) Concurrent Preclean
[2025-08-01T02:22:53.924+0000] GC(350) Concurrent Preclean 8.282ms
[2025-08-01T02:22:53.924+0000] GC(350) User=0.02s Sys=0.00s Real=0.01s
[2025-08-01T02:22:53.925+0000] GC(351) Pause Young (Allocation Failure)
[2025-08-01T02:22:53.925+0000] GC(351) Using 8 workers of 8 for evacuation
[2025-08-01T02:22:54.096+0000] GC(351) ParNew: 613440K->68096K(613440K)
[2025-08-01T02:22:54.096+0000] GC(351) CMS: 1811419K->2356958K(3512768K)
[2025-08-01T02:22:54.096+0000] GC(351) Metaspace: 9703K(12544K)->9703K(12544K) NonClass: 8537K(11008K)->8537K(11008K) Class: 1166K(1536K)->1166K(1536K)
[2025-08-01T02:22:54.096+0000] GC(351) Pause Young (Allocation Failure) 2368M->2368M(4029M) 171.328ms
[2025-08-01T02:22:54.096+0000] GC(351) User=1.31s Sys=0.01s Real=0.17s
[2025-08-01T02:22:54.097+0000] GC(350) Pause Remark
[2025-08-01T02:22:54.113+0000] GC(350) Pause Remark 2370M->2370M(4029M) 16.250ms
[2025-08-01T02:22:54.113+0000] GC(350) User=0.11s Sys=0.00s Real=0.02s
[2025-08-01T02:22:54.113+0000] GC(350) Concurrent Sweep
[2025-08-01T02:22:54.211+0000] GC(352) Pause Young (Allocation Failure)
[2025-08-01T02:22:54.211+0000] GC(352) Using 8 workers of 8 for evacuation
[2025-08-01T02:22:54.365+0000] GC(352) ParNew: 613440K->68096K(613440K)
[2025-08-01T02:22:54.365+0000] GC(352) CMS: 1845829K->2254851K(3512768K)
[2025-08-01T02:22:54.365+0000] GC(352) Metaspace: 9703K(12544K)->9703K(12544K) NonClass: 8537K(11008K)->8537K(11008K) Class: 1166K(1536K)->1166K(1536K)
[2025-08-01T02:22:54.365+0000] GC(352) Pause Young (Allocation Failure) 2401M->2268M(4029M) 154.475ms
[2025-08-01T02:22:54.365+0000] GC(352) User=1.05s Sys=0.02s Real=0.16s
[2025-08-01T02:22:54.460+0000] GC(353) Pause Young (Allocation Failure)
[2025-08-01T02:22:54.460+0000] GC(353) Using 8 workers of 8 for evacuation
[2025-08-01T02:22:54.689+0000] GC(353) ParNew: 613440K->68096K(613440K)
[2025-08-01T02:22:54.689+0000] GC(353) CMS: 1940404K->2481932K(3512768K)
[2025-08-01T02:22:54.690+0000] GC(353) Metaspace: 9703K(12544K)->9703K(12544K) NonClass: 8537K(11008K)->8537K(11008K) Class: 1166K(1536K)->1166K(1536K)
[2025-08-01T02:22:54.690+0000] GC(353) Pause Young (Allocation Failure) 2493M->2490M(4029M) 230.044ms
[2025-08-01T02:22:54.690+0000] GC(353) User=1.28s Sys=0.04s Real=0.23s
[2025-08-01T02:22:54.784+0000] GC(354) Pause Young (Allocation Failure)
[2025-08-01T02:22:54.784+0000] GC(354) Using 8 workers of 8 for evacuation
[2025-08-01T02:22:54.920+0000] GC(354) ParNew: 613440K->68096K(613440K)
[2025-08-01T02:22:54.920+0000] GC(354) CMS: 2000357K->2415356K(3512768K)
[2025-08-01T02:22:54.920+0000] GC(354) Metaspace: 9703K(12544K)->9703K(12544K) NonClass: 8537K(11008K)->8537K(11008K) Class: 1166K(1536K)->1166K(1536K)
[2025-08-01T02:22:54.920+0000] GC(354) Pause Young (Allocation Failure) 2552M->2425M(4029M) 136.004ms
[2025-08-01T02:22:54.920+0000] GC(354) User=0.80s Sys=0.02s Real=0.13s
[2025-08-01T02:22:55.017+0000] GC(355) Pause Young (Allocation Failure)
[2025-08-01T02:22:55.017+0000] GC(355) Using 8 workers of 8 for evacuation
[2025-08-01T02:22:55.144+0000] GC(355) ParNew: 613440K->68096K(613440K)
[2025-08-01T02:22:55.144+0000] GC(355) CMS: 2415356K->2703881K(3512768K)
[2025-08-01T02:22:55.144+0000] GC(355) Metaspace: 9703K(12544K)->9703K(12544K) NonClass: 8537K(11008K)->8537K(11008K) Class: 1166K(1536K)->1166K(1536K)
[2025-08-01T02:22:55.144+0000] GC(355) Pause Young (Allocation Failure) 2957M->2707M(4029M) 126.841ms
[2025-08-01T02:22:55.144+0000] GC(355) User=0.92s Sys=0.03s Real=0.13s
[2025-08-01T02:22:55.185+0000] GC(350) Concurrent Sweep 1071.557ms
[2025-08-01T02:22:55.185+0000] GC(350) User=5.18s Sys=0.11s Real=1.07s
[2025-08-01T02:22:55.185+0000] GC(350) Concurrent Reset
[2025-08-01T02:22:55.195+0000] GC(350) Concurrent Reset 10.190ms
[2025-08-01T02:22:55.195+0000] GC(350) User=0.01s Sys=0.00s Real=0.01s
[2025-08-01T02:22:55.195+0000] GC(350) Old: 1811419K->2703881K(3512768K)
[2025-08-01T02:22:55.238+0000] GC(356) Pause Young (Allocation Failure)
[2025-08-01T02:22:55.238+0000] GC(356) Using 8 workers of 8 for evacuation
[2025-08-01T02:22:55.418+0000] GC(356) ParNew: 613440K->68096K(613440K)
[2025-08-01T02:22:55.418+0000] GC(356) CMS: 2703881K->3246132K(3512768K)
[2025-08-01T02:22:55.418+0000] GC(356) Metaspace: 9703K(12544K)->9703K(12544K) NonClass: 8537K(11008K)->8537K(11008K) Class: 1166K(1536K)->1166K(1536K)
[2025-08-01T02:22:55.418+0000] GC(356) Pause Young (Allocation Failure) 3239M->3236M(4029M) 180.697ms
[2025-08-01T02:22:55.418+0000] GC(356) User=1.39s Sys=0.02s Real=0.18s
[2025-08-01T02:22:55.419+0000] GC(357) Pause Initial Mark
[2025-08-01T02:22:55.424+0000] GC(357) Pause Initial Mark 3244M->3244M(4029M) 4.462ms
[2025-08-01T02:22:55.424+0000] GC(357) User=0.02s Sys=0.00s Real=0.01s
[2025-08-01T02:22:55.424+0000] GC(357) Concurrent Mark
[2025-08-01T02:22:55.424+0000] GC(357) Using 2 workers of 2 for marking
[2025-08-01T02:22:55.516+0000] GC(358) Pause Young (Allocation Failure)
[2025-08-01T02:22:55.516+0000] GC(358) Using 8 workers of 8 for evacuation
[2025-08-01T02:22:55.516+0000] GC(359) Pause Full (Allocation Failure)
[2025-08-01T02:22:55.607+0000] GC(357) Concurrent Mark 182.826ms
[2025-08-01T02:22:55.607+0000] GC(357) User=0.52s Sys=0.00s Real=0.18s
[2025-08-01T02:22:55.607+0000] GC(359) Phase 1: Mark live objects
[2025-08-01T02:22:55.726+0000] GC(359) Phase 1: Mark live objects 118.806ms
[2025-08-01T02:22:55.726+0000] GC(359) Phase 2: Compute new object addresses
[2025-08-01T02:22:56.194+0000] GC(359) Phase 2: Compute new object addresses 468.241ms
[2025-08-01T02:22:56.194+0000] GC(359) Phase 3: Adjust pointers
[2025-08-01T02:22:56.291+0000] GC(359) Phase 3: Adjust pointers 96.488ms
[2025-08-01T02:22:56.291+0000] GC(359) Phase 4: Move objects
[2025-08-01T02:22:56.565+0000] GC(359) Phase 4: Move objects 273.782ms
[2025-08-01T02:22:56.580+0000] GC(359) Pause Full (Allocation Failure) 3769M->658M(4029M) 1064.367ms
[2025-08-01T02:22:56.580+0000] GC(358) ParNew: 613440K->0K(613440K)
[2025-08-01T02:22:56.580+0000] GC(358) CMS: 3246132K->673944K(3512768K)
[2025-08-01T02:22:56.580+0000] GC(358) Metaspace: 9703K(12544K)->9703K(12544K) NonClass: 8537K(11008K)->8537K(11008K) Class: 1166K(1536K)->1166K(1536K)
[2025-08-01T02:22:56.581+0000] GC(358) Pause Young (Allocation Failure) 3769M->658M(4029M) 1064.767ms
[2025-08-01T02:22:56.581+0000] GC(358) User=1.16s Sys=0.00s Real=1.06s
[2025-08-01T02:22:56.685+0000] GC(360) Pause Young (Allocation Failure)
[2025-08-01T02:22:56.685+0000] GC(360) Using 8 workers of 8 for evacuation
[2025-08-01T02:22:56.900+0000] GC(360) ParNew: 545344K->68096K(613440K)
[2025-08-01T02:22:56.900+0000] GC(360) CMS: 673944K->1151631K(3512768K)
[2025-08-01T02:22:56.900+0000] GC(360) Metaspace: 9703K(12544K)->9703K(12544K) NonClass: 8537K(11008K)->8537K(11008K) Class: 1166K(1536K)->1166K(1536K)
[2025-08-01T02:22:56.900+0000] GC(360) Pause Young (Allocation Failure) 1190M->1191M(4029M) 214.871ms
[2025-08-01T02:22:56.900+0000] GC(360) User=1.62s Sys=0.04s Real=0.21s
[2025-08-01T02:22:56.995+0000] GC(361) Pause Young (Allocation Failure)
[2025-08-01T02:22:56.995+0000] GC(361) Using 8 workers of 8 for evacuation
[2025-08-01T02:22:57.157+0000] GC(361) ParNew: 613440K->68096K(613440K)
[2025-08-01T02:22:57.157+0000] GC(361) CMS: 1151631K->1599404K(3512768K)
[2025-08-01T02:22:57.157+0000] GC(361) Metaspace: 9703K(12544K)->9703K(12544K) NonClass: 8537K(11008K)->8537K(11008K) Class: 1166K(1536K)->1166K(1536K)
[2025-08-01T02:22:57.157+0000] GC(361) Pause Young (Allocation Failure) 1723M->1628M(4029M) 161.708ms
[2025-08-01T02:22:57.157+0000] GC(361) User=1.21s Sys=0.02s Real=0.16s
[2025-08-01T02:22:57.162+0000] GC(362) Pause Initial Mark
[2025-08-01T02:22:57.167+0000] GC(362) Pause Initial Mark 1672M->1672M(4029M) 4.623ms
[2025-08-01T02:22:57.167+0000] GC(362) User=0.03s Sys=0.00s Real=0.01s
[2025-08-01T02:22:57.167+0000] GC(362) Concurrent Mark
[2025-08-01T02:22:57.167+0000] GC(362) Using 2 workers of 2 for marking
[2025-08-01T02:22:57.257+0000] GC(363) Pause Young (Allocation Failure)
[2025-08-01T02:22:57.257+0000] GC(363) Using 8 workers of 8 for evacuation
[2025-08-01T02:22:57.393+0000] GC(363) ParNew: 613439K->68096K(613440K)
[2025-08-01T02:22:57.393+0000] GC(363) CMS: 1599404K->2037432K(3512768K)
[2025-08-01T02:22:57.393+0000] GC(363) Metaspace: 9703K(12544K)->9703K(12544K) NonClass: 8537K(11008K)->8537K(11008K) Class: 1166K(1536K)->1166K(1536K)
[2025-08-01T02:22:57.393+0000] GC(363) Pause Young (Allocation Failure) 2160M->2056M(4029M) 135.923ms
[2025-08-01T02:22:57.393+0000] GC(363) User=1.05s Sys=0.01s Real=0.14s
[2025-08-01T02:22:57.493+0000] GC(364) Pause Young (Allocation Failure)
[2025-08-01T02:22:57.493+0000] GC(364) Using 8 workers of 8 for evacuation
[2025-08-01T02:22:57.652+0000] GC(364) ParNew: 613440K->68094K(613440K)
[2025-08-01T02:22:57.652+0000] GC(364) CMS: 2037432K->2526676K(3512768K)
[2025-08-01T02:22:57.652+0000] GC(364) Metaspace: 9703K(12544K)->9703K(12544K) NonClass: 8537K(11008K)->8537K(11008K) Class: 1166K(1536K)->1166K(1536K)
[2025-08-01T02:22:57.652+0000] GC(364) Pause Young (Allocation Failure) 2588M->2533M(4029M) 159.549ms
[2025-08-01T02:22:57.652+0000] GC(364) User=1.24s Sys=0.01s Real=0.16s
[2025-08-01T02:22:57.750+0000] GC(365) Pause Young (Allocation Failure)
[2025-08-01T02:22:57.751+0000] GC(365) Using 8 workers of 8 for evacuation
[2025-08-01T02:22:57.871+0000] GC(365) ParNew: 613438K->68096K(613440K)
[2025-08-01T02:22:57.871+0000] GC(365) CMS: 2526676K->2830314K(3512768K)
[2025-08-01T02:22:57.871+0000] GC(365) Metaspace: 9703K(12544K)->9703K(12544K) NonClass: 8537K(11008K)->8537K(11008K) Class: 1166K(1536K)->1166K(1536K)
[2025-08-01T02:22:57.871+0000] GC(365) Pause Young (Allocation Failure) 3066M->2830M(4029M) 120.847ms
[2025-08-01T02:22:57.871+0000] GC(365) User=0.91s Sys=0.03s Real=0.12s
[2025-08-01T02:22:57.927+0000] GC(362) Concurrent Mark 759.655ms
[2025-08-01T02:22:57.927+0000] GC(362) User=4.43s Sys=0.07s Real=0.76s
[2025-08-01T02:22:57.927+0000] GC(362) Concurrent Preclean
[2025-08-01T02:22:57.963+0000] GC(366) Pause Young (Allocation Failure)
[2025-08-01T02:22:57.963+0000] GC(366) Using 8 workers of 8 for evacuation
[2025-08-01T02:22:58.131+0000] GC(366) ParNew: 613440K->68096K(613440K)
[2025-08-01T02:22:58.131+0000] GC(366) CMS: 2830314K->3370411K(3512768K)
[2025-08-01T02:22:58.131+0000] GC(366) Metaspace: 9703K(12544K)->9703K(12544K) NonClass: 8537K(11008K)->8537K(11008K) Class: 1166K(1536K)->1166K(1536K)
[2025-08-01T02:22:58.131+0000] GC(366) Pause Young (Allocation Failure) 3363M->3357M(4029M) 167.521ms
[2025-08-01T02:22:58.131+0000] GC(366) User=1.28s Sys=0.02s Real=0.16s
[2025-08-01T02:22:58.224+0000] GC(367) Pause Young (Allocation Failure)
[2025-08-01T02:22:58.224+0000] GC(367) Using 8 workers of 8 for evacuation
[2025-08-01T02:22:58.224+0000] GC(368) Pause Full (Allocation Failure)
[2025-08-01T02:22:58.679+0000] GC(362) Concurrent Preclean 752.193ms
[2025-08-01T02:22:58.679+0000] GC(362) User=2.09s Sys=0.02s Real=0.75s
[2025-08-01T02:22:58.679+0000] GC(368) Phase 1: Mark live objects
[2025-08-01T02:22:58.806+0000] GC(368) Phase 1: Mark live objects 126.938ms
[2025-08-01T02:22:58.806+0000] GC(368) Phase 2: Compute new object addresses
[2025-08-01T02:22:59.265+0000] GC(368) Phase 2: Compute new object addresses 458.798ms
[2025-08-01T02:22:59.265+0000] GC(368) Phase 3: Adjust pointers
[2025-08-01T02:22:59.336+0000] GC(368) Phase 3: Adjust pointers 71.318ms
[2025-08-01T02:22:59.336+0000] GC(368) Phase 4: Move objects
[2025-08-01T02:22:59.556+0000] GC(368) Phase 4: Move objects 219.272ms
[2025-08-01T02:22:59.563+0000] GC(368) Pause Full (Allocation Failure) 3890M->754M(4029M) 1338.869ms
[2025-08-01T02:22:59.563+0000] GC(367) ParNew: 613440K->0K(613440K)
[2025-08-01T02:22:59.563+0000] GC(367) CMS: 3370411K->772686K(3512768K)
[2025-08-01T02:22:59.563+0000] GC(367) Metaspace: 9703K(12544K)->9703K(12544K) NonClass: 8537K(11008K)->8537K(11008K) Class: 1166K(1536K)->1166K(1536K)
[2025-08-01T02:22:59.563+0000] GC(367) Pause Young (Allocation Failure) 3890M->754M(4029M) 1339.095ms
[2025-08-01T02:22:59.563+0000] GC(367) User=1.34s Sys=0.00s Real=1.33s
[2025-08-01T02:22:59.671+0000] GC(369) Pause Young (Allocation Failure)
[2025-08-01T02:22:59.671+0000] GC(369) Using 8 workers of 8 for evacuation
[2025-08-01T02:22:59.810+0000] GC(369) ParNew: 545344K->68096K(613440K)
[2025-08-01T02:22:59.810+0000] GC(369) CMS: 772686K->1115637K(3512768K)
[2025-08-01T02:22:59.810+0000] GC(369) Metaspace: 9703K(12544K)->9703K(12544K) NonClass: 8537K(11008K)->8537K(11008K) Class: 1166K(1536K)->1166K(1536K)
[2025-08-01T02:22:59.810+0000] GC(369) Pause Young (Allocation Failure) 1287M->1155M(4029M) 139.162ms
[2025-08-01T02:22:59.810+0000] GC(369) User=1.05s Sys=0.01s Real=0.14s
[2025-08-01T02:22:59.905+0000] GC(370) Pause Young (Allocation Failure)
[2025-08-01T02:22:59.905+0000] GC(370) Using 8 workers of 8 for evacuation
[2025-08-01T02:23:00.082+0000] GC(370) ParNew: 613440K->68096K(613440K)
[2025-08-01T02:23:00.082+0000] GC(370) CMS: 1115637K->1581909K(3512768K)
[2025-08-01T02:23:00.082+0000] GC(370) Metaspace: 9703K(12544K)->9703K(12544K) NonClass: 8537K(11008K)->8537K(11008K) Class: 1166K(1536K)->1166K(1536K)
[2025-08-01T02:23:00.082+0000] GC(370) Pause Young (Allocation Failure) 1688M->1611M(4029M) 176.931ms
[2025-08-01T02:23:00.082+0000] GC(370) User=1.29s Sys=0.03s Real=0.17s
[2025-08-01T02:23:00.083+0000] GC(371) Pause Initial Mark
[2025-08-01T02:23:00.085+0000] GC(371) Pause Initial Mark 1619M->1619M(4029M) 2.407ms
[2025-08-01T02:23:00.086+0000] GC(371) User=0.02s Sys=0.00s Real=0.00s
[2025-08-01T02:23:00.086+0000] GC(371) Concurrent Mark
[2025-08-01T02:23:00.086+0000] GC(371) Using 2 workers of 2 for marking
[2025-08-01T02:23:00.184+0000] GC(372) Pause Young (Allocation Failure)
[2025-08-01T02:23:00.184+0000] GC(372) Using 8 workers of 8 for evacuation
[2025-08-01T02:23:00.316+0000] GC(372) ParNew: 613440K->68096K(613440K)
[2025-08-01T02:23:00.316+0000] GC(372) CMS: 1581909K->1868787K(3512768K)
[2025-08-01T02:23:00.316+0000] GC(372) Metaspace: 9703K(12544K)->9703K(12544K) NonClass: 8537K(11008K)->8537K(11008K) Class: 1166K(1536K)->1166K(1536K)
[2025-08-01T02:23:00.316+0000] GC(372) Pause Young (Allocation Failure) 2143M->1891M(4029M) 131.501ms
[2025-08-01T02:23:00.316+0000] GC(372) User=1.00s Sys=0.04s Real=0.13s
[2025-08-01T02:23:00.416+0000] GC(373) Pause Young (Allocation Failure)
[2025-08-01T02:23:00.416+0000] GC(373) Using 8 workers of 8 for evacuation
[2025-08-01T02:23:00.592+0000] GC(373) ParNew: 613440K->68096K(613440K)
[2025-08-01T02:23:00.592+0000] GC(373) CMS: 1868787K->2413086K(3512768K)
[2025-08-01T02:23:00.592+0000] GC(373) Metaspace: 9703K(12544K)->9703K(12544K) NonClass: 8537K(11008K)->8537K(11008K) Class: 1166K(1536K)->1166K(1536K)
[2025-08-01T02:23:00.592+0000] GC(373) Pause Young (Allocation Failure) 2424M->2423M(4029M) 176.081ms
[2025-08-01T02:23:00.592+0000] GC(373) User=1.35s Sys=0.01s Real=0.17s
[2025-08-01T02:23:00.692+0000] GC(374) Pause Young (Allocation Failure)
[2025-08-01T02:23:00.692+0000] GC(374) Using 8 workers of 8 for evacuation
[2025-08-01T02:23:00.846+0000] GC(374) ParNew: 613440K->68096K(613440K)
[2025-08-01T02:23:00.846+0000] GC(374) CMS: 2413086K->2903182K(3512768K)
[2025-08-01T02:23:00.846+0000] GC(374) Metaspace: 9703K(12544K)->9703K(12544K) NonClass: 8537K(11008K)->8537K(11008K) Class: 1166K(1536K)->1166K(1536K)
[2025-08-01T02:23:00.846+0000] GC(374) Pause Young (Allocation Failure) 2955M->2901M(4029M) 154.010ms
[2025-08-01T02:23:00.846+0000] GC(374) User=1.18s Sys=0.02s Real=0.16s
[2025-08-01T02:23:00.939+0000] GC(375) Pause Young (Allocation Failure)
[2025-08-01T02:23:00.939+0000] GC(375) Using 8 workers of 8 for evacuation
[2025-08-01T02:23:00.939+0000] GC(376) Pause Full (Allocation Failure)
[2025-08-01T02:23:00.946+0000] GC(371) Concurrent Mark 860.396ms
[2025-08-01T02:23:00.946+0000] GC(371) User=4.98s Sys=0.07s Real=0.86s
[2025-08-01T02:23:00.947+0000] GC(376) Phase 1: Mark live objects
[2025-08-01T02:23:01.079+0000] GC(376) Phase 1: Mark live objects 132.815ms
[2025-08-01T02:23:01.079+0000] GC(376) Phase 2: Compute new object addresses
[2025-08-01T02:23:01.439+0000] GC(376) Phase 2: Compute new object addresses 359.670ms
[2025-08-01T02:23:01.439+0000] GC(376) Phase 3: Adjust pointers
[2025-08-01T02:23:01.545+0000] GC(376) Phase 3: Adjust pointers 106.117ms
[2025-08-01T02:23:01.545+0000] GC(376) Phase 4: Move objects
[2025-08-01T02:23:01.896+0000] GC(376) Phase 4: Move objects 350.737ms
[2025-08-01T02:23:01.912+0000] GC(376) Pause Full (Allocation Failure) 3434M->774M(4029M) 972.243ms
[2025-08-01T02:23:01.912+0000] GC(375) ParNew: 613440K->0K(613440K)
[2025-08-01T02:23:01.912+0000] GC(375) CMS: 2903182K->793130K(3512768K)
[2025-08-01T02:23:01.912+0000] GC(375) Metaspace: 9703K(12544K)->9703K(12544K) NonClass: 8537K(11008K)->8537K(11008K) Class: 1166K(1536K)->1166K(1536K)
[2025-08-01T02:23:01.912+0000] GC(375) Pause Young (Allocation Failure) 3434M->774M(4029M) 972.608ms
[2025-08-01T02:23:01.912+0000] GC(375) User=0.98s Sys=0.00s Real=0.97s
[2025-08-01T02:23:02.018+0000] GC(377) Pause Young (Allocation Failure)
[2025-08-01T02:23:02.018+0000] GC(377) Using 8 workers of 8 for evacuation
[2025-08-01T02:23:02.252+0000] GC(377) ParNew: 545344K->68096K(613440K)
[2025-08-01T02:23:02.252+0000] GC(377) CMS: 793130K->1242976K(3512768K)
[2025-08-01T02:23:02.252+0000] GC(377) Metaspace: 9703K(12544K)->9703K(12544K) NonClass: 8537K(11008K)->8537K(11008K) Class: 1166K(1536K)->1166K(1536K)
[2025-08-01T02:23:02.252+0000] GC(377) Pause Young (Allocation Failure) 1307M->1280M(4029M) 234.631ms
[2025-08-01T02:23:02.252+0000] GC(377) User=1.65s Sys=0.09s Real=0.23s
[2025-08-01T02:23:02.353+0000] GC(378) Pause Young (Allocation Failure)
[2025-08-01T02:23:02.353+0000] GC(378) Using 8 workers of 8 for evacuation
[2025-08-01T02:23:02.505+0000] GC(378) ParNew: 613440K->68096K(613440K)
[2025-08-01T02:23:02.505+0000] GC(378) CMS: 1242976K->1686629K(3512768K)
[2025-08-01T02:23:02.505+0000] GC(378) Metaspace: 9703K(12544K)->9703K(12544K) NonClass: 8537K(11008K)->8537K(11008K) Class: 1166K(1536K)->1166K(1536K)
[2025-08-01T02:23:02.505+0000] GC(378) Pause Young (Allocation Failure) 1812M->1713M(4029M) 151.846ms
[2025-08-01T02:23:02.505+0000] GC(378) User=1.14s Sys=0.03s Real=0.15s
[2025-08-01T02:23:02.505+0000] GC(379) Pause Initial Mark
[2025-08-01T02:23:02.508+0000] GC(379) Pause Initial Mark 1718M->1718M(4029M) 2.255ms
[2025-08-01T02:23:02.508+0000] GC(379) User=0.01s Sys=0.00s Real=0.00s
[2025-08-01T02:23:02.508+0000] GC(379) Concurrent Mark
[2025-08-01T02:23:02.508+0000] GC(379) Using 2 workers of 2 for marking
[2025-08-01T02:23:02.617+0000] GC(380) Pause Young (Allocation Failure)
[2025-08-01T02:23:02.617+0000] GC(380) Using 8 workers of 8 for evacuation
[2025-08-01T02:23:02.782+0000] GC(380) ParNew: 613440K->68096K(613440K)
[2025-08-01T02:23:02.782+0000] GC(380) CMS: 1686629K->2121054K(3512768K)
[2025-08-01T02:23:02.782+0000] GC(380) Metaspace: 9703K(12544K)->9703K(12544K) NonClass: 8537K(11008K)->8537K(11008K) Class: 1166K(1536K)->1166K(1536K)
[2025-08-01T02:23:02.782+0000] GC(380) Pause Young (Allocation Failure) 2246M->2137M(4029M) 164.865ms
[2025-08-01T02:23:02.782+0000] GC(380) User=1.23s Sys=0.03s Real=0.16s
[2025-08-01T02:23:02.886+0000] GC(381) Pause Young (Allocation Failure)
[2025-08-01T02:23:02.886+0000] GC(381) Using 8 workers of 8 for evacuation
[2025-08-01T02:23:03.034+0000] GC(381) ParNew: 613440K->68096K(613440K)
[2025-08-01T02:23:03.034+0000] GC(381) CMS: 2121054K->2515146K(3512768K)
[2025-08-01T02:23:03.034+0000] GC(381) Metaspace: 9703K(12544K)->9703K(12544K) NonClass: 8537K(11008K)->8537K(11008K) Class: 1166K(1536K)->1166K(1536K)
[2025-08-01T02:23:03.034+0000] GC(381) Pause Young (Allocation Failure) 2670M->2522M(4029M) 147.935ms
[2025-08-01T02:23:03.034+0000] GC(381) User=1.11s Sys=0.03s Real=0.15s
[2025-08-01T02:23:03.129+0000] GC(382) Pause Young (Allocation Failure)
[2025-08-01T02:23:03.129+0000] GC(382) Using 8 workers of 8 for evacuation
[2025-08-01T02:23:03.259+0000] GC(382) ParNew: 613440K->68096K(613440K)
[2025-08-01T02:23:03.259+0000] GC(382) CMS: 2515146K->2934027K(3512768K)
[2025-08-01T02:23:03.259+0000] GC(382) Metaspace: 9703K(12544K)->9703K(12544K) NonClass: 8537K(11008K)->8537K(11008K) Class: 1166K(1536K)->1166K(1536K)
[2025-08-01T02:23:03.259+0000] GC(382) Pause Young (Allocation Failure) 3055M->2931M(4029M) 129.916ms
[2025-08-01T02:23:03.259+0000] GC(382) User=0.97s Sys=0.02s Real=0.13s
[2025-08-01T02:23:03.354+0000] GC(379) Concurrent Mark 846.459ms
[2025-08-01T02:23:03.354+0000] GC(379) User=4.87s Sys=0.09s Real=0.85s
[2025-08-01T02:23:03.354+0000] GC(379) Concurrent Preclean
[2025-08-01T02:23:03.357+0000] GC(383) Pause Young (Allocation Failure)
[2025-08-01T02:23:03.357+0000] GC(383) Using 8 workers of 8 for evacuation
[2025-08-01T02:23:03.498+0000] GC(383) ParNew: 613440K->68096K(613440K)
[2025-08-01T02:23:03.498+0000] GC(383) CMS: 2934027K->3314683K(3512768K)
[2025-08-01T02:23:03.498+0000] GC(383) Metaspace: 9703K(12544K)->9703K(12544K) NonClass: 8537K(11008K)->8537K(11008K) Class: 1166K(1536K)->1166K(1536K)
[2025-08-01T02:23:03.498+0000] GC(383) Pause Young (Allocation Failure) 3464M->3303M(4029M) 140.717ms
[2025-08-01T02:23:03.498+0000] GC(383) User=1.07s Sys=0.02s Real=0.14s
[2025-08-01T02:23:03.593+0000] GC(384) Pause Young (Allocation Failure)
[2025-08-01T02:23:03.593+0000] GC(384) Using 8 workers of 8 for evacuation
[2025-08-01T02:23:03.594+0000] GC(385) Pause Full (Allocation Failure)
[2025-08-01T02:23:04.048+0000] GC(379) Concurrent Preclean 693.261ms
[2025-08-01T02:23:04.048+0000] GC(379) User=1.77s Sys=0.02s Real=0.69s
[2025-08-01T02:23:04.048+0000] GC(385) Phase 1: Mark live objects
[2025-08-01T02:23:04.202+0000] GC(385) Phase 1: Mark live objects 153.427ms
[2025-08-01T02:23:04.202+0000] GC(385) Phase 2: Compute new object addresses
[2025-08-01T02:23:04.675+0000] GC(385) Phase 2: Compute new object addresses 473.071ms
[2025-08-01T02:23:04.675+0000] GC(385) Phase 3: Adjust pointers
[2025-08-01T02:23:04.807+0000] GC(385) Phase 3: Adjust pointers 132.591ms
[2025-08-01T02:23:04.807+0000] GC(385) Phase 4: Move objects
[2025-08-01T02:23:05.140+0000] GC(385) Phase 4: Move objects 332.564ms
[2025-08-01T02:23:05.154+0000] GC(385) Pause Full (Allocation Failure) 3836M->877M(4029M) 1560.668ms
[2025-08-01T02:23:05.154+0000] GC(384) ParNew: 613440K->0K(613440K)
[2025-08-01T02:23:05.154+0000] GC(384) CMS: 3314683K->898783K(3512768K)
[2025-08-01T02:23:05.154+0000] GC(384) Metaspace: 9703K(12544K)->9703K(12544K) NonClass: 8537K(11008K)->8537K(11008K) Class: 1166K(1536K)->1166K(1536K)
[2025-08-01T02:23:05.154+0000] GC(384) Pause Young (Allocation Failure) 3836M->877M(4029M) 1560.922ms
[2025-08-01T02:23:05.154+0000] GC(384) User=1.57s Sys=0.00s Real=1.56s
[2025-08-01T02:23:05.259+0000] GC(386) Pause Young (Allocation Failure)
[2025-08-01T02:23:05.259+0000] GC(386) Using 8 workers of 8 for evacuation
[2025-08-01T02:23:05.514+0000] GC(386) ParNew: 545344K->68094K(613440K)
[2025-08-01T02:23:05.514+0000] GC(386) CMS: 898783K->1360256K(3512768K)
[2025-08-01T02:23:05.514+0000] GC(386) Metaspace: 9703K(12544K)->9703K(12544K) NonClass: 8537K(11008K)->8537K(11008K) Class: 1166K(1536K)->1166K(1536K)
[2025-08-01T02:23:05.514+0000] GC(386) Pause Young (Allocation Failure) 1410M->1394M(4029M) 255.340ms
[2025-08-01T02:23:05.514+0000] GC(386) User=1.84s Sys=0.09s Real=0.26s
[2025-08-01T02:23:05.609+0000] GC(387) Pause Young (Allocation Failure)
[2025-08-01T02:23:05.609+0000] GC(387) Using 8 workers of 8 for evacuation
[2025-08-01T02:23:05.759+0000] GC(387) ParNew: 613438K->68096K(613440K)
[2025-08-01T02:23:05.759+0000] GC(387) CMS: 1360256K->1858720K(3512768K)
[2025-08-01T02:23:05.759+0000] GC(387) Metaspace: 9703K(12544K)->9703K(12544K) NonClass: 8537K(11008K)->8537K(11008K) Class: 1166K(1536K)->1166K(1536K)
[2025-08-01T02:23:05.760+0000] GC(387) Pause Young (Allocation Failure) 1927M->1881M(4029M) 150.341ms
[2025-08-01T02:23:05.760+0000] GC(387) User=1.17s Sys=0.01s Real=0.15s
[2025-08-01T02:23:05.767+0000] GC(388) Pause Initial Mark
[2025-08-01T02:23:05.770+0000] GC(388) Pause Initial Mark 1929M->1929M(4029M) 3.282ms
[2025-08-01T02:23:05.770+0000] GC(388) User=0.02s Sys=0.00s Real=0.00s
[2025-08-01T02:23:05.770+0000] GC(388) Concurrent Mark
[2025-08-01T02:23:05.771+0000] GC(388) Using 2 workers of 2 for marking
[2025-08-01T02:23:05.863+0000] GC(389) Pause Young (Allocation Failure)
[2025-08-01T02:23:05.863+0000] GC(389) Using 8 workers of 8 for evacuation
[2025-08-01T02:23:06.019+0000] GC(389) ParNew: 613440K->68094K(613440K)
[2025-08-01T02:23:06.019+0000] GC(389) CMS: 1858720K->2338681K(3512768K)
[2025-08-01T02:23:06.019+0000] GC(389) Metaspace: 9703K(12544K)->9703K(12544K) NonClass: 8537K(11008K)->8537K(11008K) Class: 1166K(1536K)->1166K(1536K)
[2025-08-01T02:23:06.019+0000] GC(389) Pause Young (Allocation Failure) 2414M->2350M(4029M) 156.483ms
[2025-08-01T02:23:06.019+0000] GC(389) User=1.20s Sys=0.01s Real=0.16s
[2025-08-01T02:23:06.118+0000] GC(390) Pause Young (Allocation Failure)
[2025-08-01T02:23:06.118+0000] GC(390) Using 8 workers of 8 for evacuation
[2025-08-01T02:23:06.249+0000] GC(390) ParNew: 613438K->68096K(613440K)
[2025-08-01T02:23:06.249+0000] GC(390) CMS: 2338681K->2727274K(3512768K)
[2025-08-01T02:23:06.249+0000] GC(390) Metaspace: 9703K(12544K)->9703K(12544K) NonClass: 8537K(11008K)->8537K(11008K) Class: 1166K(1536K)->1166K(1536K)
[2025-08-01T02:23:06.249+0000] GC(390) Pause Young (Allocation Failure) 2882M->2729M(4029M) 131.037ms
[2025-08-01T02:23:06.249+0000] GC(390) User=0.99s Sys=0.01s Real=0.13s
[2025-08-01T02:23:06.346+0000] GC(391) Pause Young (Allocation Failure)
[2025-08-01T02:23:06.346+0000] GC(391) Using 8 workers of 8 for evacuation
[2025-08-01T02:23:06.475+0000] GC(391) ParNew: 613440K->68096K(613440K)
[2025-08-01T02:23:06.475+0000] GC(391) CMS: 2727274K->3171569K(3512768K)
[2025-08-01T02:23:06.475+0000] GC(391) Metaspace: 9703K(12544K)->9703K(12544K) NonClass: 8537K(11008K)->8537K(11008K) Class: 1166K(1536K)->1166K(1536K)
[2025-08-01T02:23:06.475+0000] GC(391) Pause Young (Allocation Failure) 3262M->3163M(4029M) 129.864ms
[2025-08-01T02:23:06.476+0000] GC(391) User=0.97s Sys=0.02s Real=0.13s
[2025-08-01T02:23:06.577+0000] GC(388) Concurrent Mark 806.522ms
[2025-08-01T02:23:06.577+0000] GC(388) User=4.58s Sys=0.06s Real=0.81s
[2025-08-01T02:23:06.577+0000] GC(388) Concurrent Preclean
[2025-08-01T02:23:06.614+0000] GC(392) Pause Young (Allocation Failure)
[2025-08-01T02:23:06.614+0000] GC(392) Using 8 workers of 8 for evacuation
[2025-08-01T02:23:06.614+0000] GC(393) Pause Full (Allocation Failure)
[2025-08-01T02:23:06.999+0000] GC(388) Concurrent Preclean 421.770ms
[2025-08-01T02:23:06.999+0000] GC(388) User=0.44s Sys=0.00s Real=0.42s
[2025-08-01T02:23:06.999+0000] GC(393) Phase 1: Mark live objects
[2025-08-01T02:23:07.158+0000] GC(393) Phase 1: Mark live objects 158.794ms
[2025-08-01T02:23:07.158+0000] GC(393) Phase 2: Compute new object addresses
[2025-08-01T02:23:07.506+0000] GC(393) Phase 2: Compute new object addresses 347.689ms
[2025-08-01T02:23:07.506+0000] GC(393) Phase 3: Adjust pointers
[2025-08-01T02:23:07.661+0000] GC(393) Phase 3: Adjust pointers 155.349ms
[2025-08-01T02:23:07.662+0000] GC(393) Phase 4: Move objects
[2025-08-01T02:23:08.051+0000] GC(393) Phase 4: Move objects 389.760ms
[2025-08-01T02:23:08.067+0000] GC(393) Pause Full (Allocation Failure) 3696M->902M(4029M) 1452.779ms
[2025-08-01T02:23:08.067+0000] GC(392) ParNew: 613440K->0K(613440K)
[2025-08-01T02:23:08.067+0000] GC(392) CMS: 3171569K->924296K(3512768K)
[2025-08-01T02:23:08.067+0000] GC(392) Metaspace: 9703K(12544K)->9703K(12544K) NonClass: 8537K(11008K)->8537K(11008K) Class: 1166K(1536K)->1166K(1536K)
[2025-08-01T02:23:08.067+0000] GC(392) Pause Young (Allocation Failure) 3696M->902M(4029M) 1453.326ms
[2025-08-01T02:23:08.067+0000] GC(392) User=1.46s Sys=0.00s Real=1.45s
[2025-08-01T02:23:08.166+0000] GC(394) Pause Young (Allocation Failure)
[2025-08-01T02:23:08.166+0000] GC(394) Using 8 workers of 8 for evacuation
[2025-08-01T02:23:08.275+0000] GC(394) ParNew: 545344K->68096K(613440K)
[2025-08-01T02:23:08.275+0000] GC(394) CMS: 924296K->1176526K(3512768K)
[2025-08-01T02:23:08.275+0000] GC(394) Metaspace: 9703K(12544K)->9703K(12544K) NonClass: 8537K(11008K)->8537K(11008K) Class: 1166K(1536K)->1166K(1536K)
[2025-08-01T02:23:08.275+0000] GC(394) Pause Young (Allocation Failure) 1435M->1215M(4029M) 108.928ms
[2025-08-01T02:23:08.275+0000] GC(394) User=0.83s Sys=0.01s Real=0.11s
[2025-08-01T02:23:08.371+0000] GC(395) Pause Young (Allocation Failure)
[2025-08-01T02:23:08.371+0000] GC(395) Using 8 workers of 8 for evacuation
[2025-08-01T02:23:08.540+0000] GC(395) ParNew: 613440K->68096K(613440K)
[2025-08-01T02:23:08.540+0000] GC(395) CMS: 1176526K->1721735K(3512768K)
[2025-08-01T02:23:08.540+0000] GC(395) Metaspace: 9703K(12544K)->9703K(12544K) NonClass: 8537K(11008K)->8537K(11008K) Class: 1166K(1536K)->1166K(1536K)
[2025-08-01T02:23:08.540+0000] GC(395) Pause Young (Allocation Failure) 1748M->1747M(4029M) 169.787ms
[2025-08-01T02:23:08.540+0000] GC(395) User=1.28s Sys=0.02s Real=0.17s
[2025-08-01T02:23:08.541+0000] GC(396) Pause Initial Mark
[2025-08-01T02:23:08.546+0000] GC(396) Pause Initial Mark 1755M->1755M(4029M) 4.503ms
[2025-08-01T02:23:08.546+0000] GC(396) User=0.03s Sys=0.00s Real=0.01s
[2025-08-01T02:23:08.546+0000] GC(396) Concurrent Mark
[2025-08-01T02:23:08.546+0000] GC(396) Using 2 workers of 2 for marking
[2025-08-01T02:23:08.653+0000] GC(396) Concurrent Mark 106.589ms
[2025-08-01T02:23:08.653+0000] GC(396) User=0.34s Sys=0.01s Real=0.11s
[2025-08-01T02:23:08.653+0000] GC(396) Concurrent Preclean
[2025-08-01T02:23:08.660+0000] GC(396) Concurrent Preclean 7.348ms
[2025-08-01T02:23:08.660+0000] GC(396) User=0.01s Sys=0.00s Real=0.00s
[2025-08-01T02:23:08.660+0000] GC(396) Concurrent Abortable Preclean
[2025-08-01T02:23:08.691+0000] GC(397) Pause Young (Allocation Failure)
[2025-08-01T02:23:08.691+0000] GC(397) Using 8 workers of 8 for evacuation
[2025-08-01T02:23:08.860+0000] GC(397) ParNew: 613440K->68096K(613440K)
[2025-08-01T02:23:08.860+0000] GC(397) CMS: 1721735K->2253975K(3512768K)
[2025-08-01T02:23:08.860+0000] GC(397) Metaspace: 9703K(12544K)->9703K(12544K) NonClass: 8537K(11008K)->8537K(11008K) Class: 1166K(1536K)->1166K(1536K)
[2025-08-01T02:23:08.860+0000] GC(397) Pause Young (Allocation Failure) 2280M->2267M(4029M) 168.748ms
[2025-08-01T02:23:08.860+0000] GC(397) User=1.30s Sys=0.03s Real=0.17s
[2025-08-01T02:23:08.953+0000] GC(398) Pause Young (Allocation Failure)
[2025-08-01T02:23:08.953+0000] GC(398) Using 8 workers of 8 for evacuation
[2025-08-01T02:23:09.107+0000] GC(398) ParNew: 613440K->68094K(613440K)
[2025-08-01T02:23:09.107+0000] GC(398) CMS: 2253975K->2714271K(3512768K)
[2025-08-01T02:23:09.107+0000] GC(398) Metaspace: 9703K(12544K)->9703K(12544K) NonClass: 8537K(11008K)->8537K(11008K) Class: 1166K(1536K)->1166K(1536K)
[2025-08-01T02:23:09.107+0000] GC(398) Pause Young (Allocation Failure) 2800M->2717M(4029M) 154.334ms
[2025-08-01T02:23:09.107+0000] GC(398) User=1.18s Sys=0.01s Real=0.16s
[2025-08-01T02:23:09.252+0000] GC(399) Pause Young (Allocation Failure)
[2025-08-01T02:23:09.252+0000] GC(399) Using 8 workers of 8 for evacuation
[2025-08-01T02:23:09.477+0000] GC(399) ParNew: 613438K->68096K(613440K)
[2025-08-01T02:23:09.478+0000] GC(399) CMS: 2714271K->3206616K(3512768K)
[2025-08-01T02:23:09.478+0000] GC(399) Metaspace: 9703K(12544K)->9703K(12544K) NonClass: 8537K(11008K)->8537K(11008K) Class: 1166K(1536K)->1166K(1536K)
[2025-08-01T02:23:09.478+0000] GC(399) Pause Young (Allocation Failure) 3249M->3197M(4029M) 225.894ms
[2025-08-01T02:23:09.478+0000] GC(399) User=1.70s Sys=0.06s Real=0.23s
[2025-08-01T02:23:09.485+0000] GC(396) Concurrent Abortable Preclean 825.108ms
[2025-08-01T02:23:09.486+0000] GC(396) User=4.85s Sys=0.10s Real=0.83s
[2025-08-01T02:23:09.486+0000] GC(396) Pause Remark
[2025-08-01T02:23:09.511+0000] GC(396) Pause Remark 3285M->3285M(4029M) 24.391ms
[2025-08-01T02:23:09.511+0000] GC(396) User=0.16s Sys=0.00s Real=0.02s
[2025-08-01T02:23:09.511+0000] GC(396) Concurrent Sweep
[2025-08-01T02:23:09.602+0000] GC(400) Pause Young (Allocation Failure)
[2025-08-01T02:23:09.602+0000] GC(400) Using 8 workers of 8 for evacuation
[2025-08-01T02:23:09.783+0000] GC(400) ParNew: 613440K->68096K(613440K)
[2025-08-01T02:23:09.783+0000] GC(400) CMS: 2700240K->3185821K(3512768K)
[2025-08-01T02:23:09.783+0000] GC(400) Metaspace: 9703K(12544K)->9703K(12544K) NonClass: 8537K(11008K)->8537K(11008K) Class: 1166K(1536K)->1166K(1536K)
[2025-08-01T02:23:09.783+0000] GC(400) Pause Young (Allocation Failure) 3236M->3177M(4029M) 180.855ms
[2025-08-01T02:23:09.783+0000] GC(400) User=1.18s Sys=0.03s Real=0.19s
[2025-08-01T02:23:09.880+0000] GC(401) Pause Young (Allocation Failure)
[2025-08-01T02:23:09.881+0000] GC(401) Using 8 workers of 8 for evacuation
[2025-08-01T02:23:10.057+0000] GC(401) ParNew: 613440K->68096K(613440K)
[2025-08-01T02:23:10.058+0000] GC(401) CMS: 2871025K->3262789K(3512768K)
[2025-08-01T02:23:10.058+0000] GC(401) Metaspace: 9703K(12544K)->9703K(12544K) NonClass: 8537K(11008K)->8537K(11008K) Class: 1166K(1536K)->1166K(1536K)
[2025-08-01T02:23:10.058+0000] GC(401) Pause Young (Allocation Failure) 3402M->3252M(4029M) 177.135ms
[2025-08-01T02:23:10.058+0000] GC(401) User=1.07s Sys=0.01s Real=0.18s
[2025-08-01T02:23:10.160+0000] GC(402) Pause Young (Allocation Failure)
[2025-08-01T02:23:10.160+0000] GC(402) Using 8 workers of 8 for evacuation
[2025-08-01T02:23:10.161+0000] GC(403) Pause Full (Allocation Failure)
[2025-08-01T02:23:10.355+0000] GC(396) Concurrent Sweep 843.714ms
[2025-08-01T02:23:10.355+0000] GC(396) User=3.21s Sys=0.04s Real=0.85s
[2025-08-01T02:23:10.355+0000] GC(403) Phase 1: Mark live objects
[2025-08-01T02:23:10.507+0000] GC(403) Phase 1: Mark live objects 151.400ms
[2025-08-01T02:23:10.507+0000] GC(403) Phase 2: Compute new object addresses
[2025-08-01T02:23:11.028+0000] GC(403) Phase 2: Compute new object addresses 520.948ms
[2025-08-01T02:23:11.028+0000] GC(403) Phase 3: Adjust pointers
[2025-08-01T02:23:11.160+0000] GC(403) Phase 3: Adjust pointers 132.399ms
[2025-08-01T02:23:11.160+0000] GC(403) Phase 4: Move objects
[2025-08-01T02:23:11.451+0000] GC(403) Phase 4: Move objects 290.698ms
[2025-08-01T02:23:11.465+0000] GC(403) Pause Full (Allocation Failure) 3544M->633M(4029M) 1304.003ms
[2025-08-01T02:23:11.465+0000] GC(402) ParNew: 613440K->0K(613440K)
[2025-08-01T02:23:11.465+0000] GC(402) CMS: 3016185K->648482K(3512768K)
[2025-08-01T02:23:11.465+0000] GC(402) Metaspace: 9703K(12544K)->9703K(12544K) NonClass: 8537K(11008K)->8537K(11008K) Class: 1166K(1536K)->1166K(1536K)
[2025-08-01T02:23:11.466+0000] GC(402) Pause Young (Allocation Failure) 3544M->633M(4029M) 1305.568ms
[2025-08-01T02:23:11.466+0000] GC(402) User=1.30s Sys=0.00s Real=1.31s
[2025-08-01T02:23:11.475+0000] GC(396) Old: 1721735K->648482K(3512768K)
[2025-08-01T02:23:11.580+0000] GC(404) Pause Young (Allocation Failure)
[2025-08-01T02:23:11.580+0000] GC(404) Using 8 workers of 8 for evacuation
[2025-08-01T02:23:11.742+0000] GC(404) ParNew: 545344K->68096K(613440K)
[2025-08-01T02:23:11.742+0000] GC(404) CMS: 648482K->1091999K(3512768K)
[2025-08-01T02:23:11.742+0000] GC(404) Metaspace: 9703K(12544K)->9703K(12544K) NonClass: 8537K(11008K)->8537K(11008K) Class: 1166K(1536K)->1166K(1536K)
[2025-08-01T02:23:11.742+0000] GC(404) Pause Young (Allocation Failure) 1165M->1132M(4029M) 162.384ms
[2025-08-01T02:23:11.742+0000] GC(404) User=1.20s Sys=0.04s Real=0.16s
[2025-08-01T02:23:11.838+0000] GC(405) Pause Young (Allocation Failure)
[2025-08-01T02:23:11.838+0000] GC(405) Using 8 workers of 8 for evacuation
[2025-08-01T02:23:11.985+0000] GC(405) ParNew: 613440K->68096K(613440K)
[2025-08-01T02:23:11.985+0000] GC(405) CMS: 1091999K->1634112K(3512768K)
[2025-08-01T02:23:11.985+0000] GC(405) Metaspace: 9703K(12544K)->9703K(12544K) NonClass: 8537K(11008K)->8537K(11008K) Class: 1166K(1536K)->1166K(1536K)
[2025-08-01T02:23:11.985+0000] GC(405) Pause Young (Allocation Failure) 1665M->1662M(4029M) 146.992ms
[2025-08-01T02:23:11.985+0000] GC(405) User=1.15s Sys=0.01s Real=0.15s
[2025-08-01T02:23:11.986+0000] GC(406) Pause Initial Mark
[2025-08-01T02:23:11.991+0000] GC(406) Pause Initial Mark 1670M->1670M(4029M) 4.180ms
[2025-08-01T02:23:11.991+0000] GC(406) User=0.02s Sys=0.00s Real=0.00s
[2025-08-01T02:23:11.991+0000] GC(406) Concurrent Mark
[2025-08-01T02:23:11.991+0000] GC(406) Using 2 workers of 2 for marking
[2025-08-01T02:23:12.093+0000] GC(407) Pause Young (Allocation Failure)
[2025-08-01T02:23:12.093+0000] GC(407) Using 8 workers of 8 for evacuation
[2025-08-01T02:23:12.244+0000] GC(407) ParNew: 613440K->68096K(613440K)
[2025-08-01T02:23:12.244+0000] GC(407) CMS: 1634112K->2137628K(3512768K)
[2025-08-01T02:23:12.244+0000] GC(407) Metaspace: 9703K(12544K)->9703K(12544K) NonClass: 8537K(11008K)->8537K(11008K) Class: 1166K(1536K)->1166K(1536K)
[2025-08-01T02:23:12.244+0000] GC(407) Pause Young (Allocation Failure) 2194M->2154M(4029M) 151.044ms
[2025-08-01T02:23:12.244+0000] GC(407) User=1.18s Sys=0.01s Real=0.15s
[2025-08-01T02:23:12.336+0000] GC(408) Pause Young (Allocation Failure)
[2025-08-01T02:23:12.336+0000] GC(408) Using 8 workers of 8 for evacuation
[2025-08-01T02:23:12.459+0000] GC(408) ParNew: 613440K->68096K(613440K)
[2025-08-01T02:23:12.459+0000] GC(408) CMS: 2137628K->2479370K(3512768K)
[2025-08-01T02:23:12.459+0000] GC(408) Metaspace: 9703K(12544K)->9703K(12544K) NonClass: 8537K(11008K)->8537K(11008K) Class: 1166K(1536K)->1166K(1536K)
[2025-08-01T02:23:12.459+0000] GC(408) Pause Young (Allocation Failure) 2686M->2487M(4029M) 122.900ms
[2025-08-01T02:23:12.459+0000] GC(408) User=0.91s Sys=0.03s Real=0.12s
[2025-08-01T02:23:12.551+0000] GC(409) Pause Young (Allocation Failure)
[2025-08-01T02:23:12.552+0000] GC(409) Using 8 workers of 8 for evacuation
[2025-08-01T02:23:12.736+0000] GC(409) ParNew: 613440K->68096K(613440K)
[2025-08-01T02:23:12.736+0000] GC(409) CMS: 2479370K->3022119K(3512768K)
[2025-08-01T02:23:12.736+0000] GC(409) Metaspace: 9703K(12544K)->9703K(12544K) NonClass: 8537K(11008K)->8537K(11008K) Class: 1166K(1536K)->1166K(1536K)
[2025-08-01T02:23:12.736+0000] GC(409) Pause Young (Allocation Failure) 3020M->3017M(4029M) 184.173ms
[2025-08-01T02:23:12.736+0000] GC(409) User=1.37s Sys=0.05s Real=0.19s
[2025-08-01T02:23:12.817+0000] GC(406) Concurrent Mark 825.885ms
[2025-08-01T02:23:12.817+0000] GC(406) User=4.74s Sys=0.09s Real=0.83s
[2025-08-01T02:23:12.817+0000] GC(406) Concurrent Preclean
[2025-08-01T02:23:12.828+0000] GC(410) Pause Young (Allocation Failure)
[2025-08-01T02:23:12.829+0000] GC(410) Using 8 workers of 8 for evacuation
[2025-08-01T02:23:12.829+0000] GC(411) Pause Full (Allocation Failure)
[2025-08-01T02:23:13.247+0000] GC(406) Concurrent Preclean 430.392ms
[2025-08-01T02:23:13.248+0000] GC(406) User=0.48s Sys=0.00s Real=0.43s
[2025-08-01T02:23:13.248+0000] GC(411) Phase 1: Mark live objects
[2025-08-01T02:23:13.454+0000] GC(411) Phase 1: Mark live objects 205.828ms
[2025-08-01T02:23:13.454+0000] GC(411) Phase 2: Compute new object addresses
[2025-08-01T02:23:13.877+0000] GC(411) Phase 2: Compute new object addresses 423.134ms
[2025-08-01T02:23:13.877+0000] GC(411) Phase 3: Adjust pointers
[2025-08-01T02:23:14.045+0000] GC(411) Phase 3: Adjust pointers 167.695ms
[2025-08-01T02:23:14.045+0000] GC(411) Phase 4: Move objects
[2025-08-01T02:23:14.483+0000] GC(411) Phase 4: Move objects 437.511ms
[2025-08-01T02:23:14.497+0000] GC(411) Pause Full (Allocation Failure) 3550M->1100M(4029M) 1667.948ms
[2025-08-01T02:23:14.497+0000] GC(410) ParNew: 613440K->0K(613440K)
[2025-08-01T02:23:14.497+0000] GC(410) CMS: 3022119K->1127246K(3512768K)
[2025-08-01T02:23:14.497+0000] GC(410) Metaspace: 9703K(12544K)->9703K(12544K) NonClass: 8537K(11008K)->8537K(11008K) Class: 1166K(1536K)->1166K(1536K)
[2025-08-01T02:23:14.497+0000] GC(410) Pause Young (Allocation Failure) 3550M->1100M(4029M) 1668.190ms
[2025-08-01T02:23:14.497+0000] GC(410) User=1.66s Sys=0.00s Real=1.67s
[2025-08-01T02:23:14.594+0000] GC(412) Pause Young (Allocation Failure)
[2025-08-01T02:23:14.594+0000] GC(412) Using 8 workers of 8 for evacuation
[2025-08-01T02:23:14.740+0000] GC(412) ParNew: 545344K->68096K(613440K)
[2025-08-01T02:23:14.740+0000] GC(412) CMS: 1127246K->1274996K(3512768K)
[2025-08-01T02:23:14.740+0000] GC(412) Metaspace: 9703K(12544K)->9703K(12544K) NonClass: 8537K(11008K)->8537K(11008K) Class: 1166K(1536K)->1166K(1536K)
[2025-08-01T02:23:14.740+0000] GC(412) Pause Young (Allocation Failure) 1633M->1311M(4029M) 146.471ms
[2025-08-01T02:23:14.740+0000] GC(412) User=1.10s Sys=0.03s Real=0.14s
[2025-08-01T02:23:14.832+0000] GC(413) Pause Young (Allocation Failure)
[2025-08-01T02:23:14.833+0000] GC(413) Using 8 workers of 8 for evacuation
[2025-08-01T02:23:14.982+0000] GC(413) ParNew: 613440K->68096K(613440K)
[2025-08-01T02:23:14.982+0000] GC(413) CMS: 1274996K->1818533K(3512768K)
[2025-08-01T02:23:14.982+0000] GC(413) Metaspace: 9703K(12544K)->9703K(12544K) NonClass: 8537K(11008K)->8537K(11008K) Class: 1166K(1536K)->1166K(1536K)
[2025-08-01T02:23:14.982+0000] GC(413) Pause Young (Allocation Failure) 1844M->1842M(4029M) 149.589ms
[2025-08-01T02:23:14.982+0000] GC(413) User=1.14s Sys=0.01s Real=0.15s
[2025-08-01T02:23:14.983+0000] GC(414) Pause Initial Mark
[2025-08-01T02:23:14.985+0000] GC(414) Pause Initial Mark 1847M->1847M(4029M) 2.871ms
[2025-08-01T02:23:14.986+0000] GC(414) User=0.01s Sys=0.00s Real=0.01s
[2025-08-01T02:23:14.986+0000] GC(414) Concurrent Mark
[2025-08-01T02:23:14.986+0000] GC(414) Using 2 workers of 2 for marking
[2025-08-01T02:23:15.080+0000] GC(415) Pause Young (Allocation Failure)
[2025-08-01T02:23:15.080+0000] GC(415) Using 8 workers of 8 for evacuation
[2025-08-01T02:23:15.240+0000] GC(415) ParNew: 613440K->68096K(613440K)
[2025-08-01T02:23:15.241+0000] GC(415) CMS: 1818533K->2360714K(3512768K)
[2025-08-01T02:23:15.241+0000] GC(415) Metaspace: 9703K(12544K)->9703K(12544K) NonClass: 8537K(11008K)->8537K(11008K) Class: 1166K(1536K)->1166K(1536K)
[2025-08-01T02:23:15.241+0000] GC(415) Pause Young (Allocation Failure) 2374M->2371M(4029M) 160.191ms
[2025-08-01T02:23:15.241+0000] GC(415) User=1.26s Sys=0.00s Real=0.16s
[2025-08-01T02:23:15.334+0000] GC(416) Pause Young (Allocation Failure)
[2025-08-01T02:23:15.334+0000] GC(416) Using 8 workers of 8 for evacuation
[2025-08-01T02:23:15.464+0000] GC(416) ParNew: 613440K->68096K(613440K)
[2025-08-01T02:23:15.464+0000] GC(416) CMS: 2360714K->2739081K(3512768K)
[2025-08-01T02:23:15.464+0000] GC(416) Metaspace: 9703K(12544K)->9703K(12544K) NonClass: 8537K(11008K)->8537K(11008K) Class: 1166K(1536K)->1166K(1536K)
[2025-08-01T02:23:15.464+0000] GC(416) Pause Young (Allocation Failure) 2904M->2741M(4029M) 130.771ms
[2025-08-01T02:23:15.464+0000] GC(416) User=0.99s Sys=0.02s Real=0.13s
[2025-08-01T02:23:15.557+0000] GC(417) Pause Young (Allocation Failure)
[2025-08-01T02:23:15.557+0000] GC(417) Using 8 workers of 8 for evacuation
[2025-08-01T02:23:15.704+0000] GC(417) ParNew: 613440K->68096K(613440K)
[2025-08-01T02:23:15.705+0000] GC(417) CMS: 2739081K->3201317K(3512768K)
[2025-08-01T02:23:15.705+0000] GC(417) Metaspace: 9703K(12544K)->9703K(12544K) NonClass: 8537K(11008K)->8537K(11008K) Class: 1166K(1536K)->1166K(1536K)
[2025-08-01T02:23:15.705+0000] GC(417) Pause Young (Allocation Failure) 3273M->3192M(4029M) 147.950ms
[2025-08-01T02:23:15.705+0000] GC(417) User=1.13s Sys=0.01s Real=0.15s
[2025-08-01T02:23:15.782+0000] GC(414) Concurrent Mark 796.010ms
[2025-08-01T02:23:15.782+0000] GC(414) User=4.66s Sys=0.04s Real=0.79s
[2025-08-01T02:23:15.782+0000] GC(414) Concurrent Preclean
[2025-08-01T02:23:15.798+0000] GC(418) Pause Young (Allocation Failure)
[2025-08-01T02:23:15.798+0000] GC(418) Using 8 workers of 8 for evacuation
[2025-08-01T02:23:15.798+0000] GC(419) Pause Full (Allocation Failure)
[2025-08-01T02:23:16.212+0000] GC(414) Concurrent Preclean 429.595ms
[2025-08-01T02:23:16.212+0000] GC(414) User=0.48s Sys=0.00s Real=0.43s
[2025-08-01T02:23:16.212+0000] GC(419) Phase 1: Mark live objects
[2025-08-01T02:23:16.416+0000] GC(419) Phase 1: Mark live objects 203.409ms
[2025-08-01T02:23:16.416+0000] GC(419) Phase 2: Compute new object addresses
[2025-08-01T02:23:16.866+0000] GC(419) Phase 2: Compute new object addresses 450.240ms
[2025-08-01T02:23:16.866+0000] GC(419) Phase 3: Adjust pointers
[2025-08-01T02:23:17.024+0000] GC(419) Phase 3: Adjust pointers 158.379ms
[2025-08-01T02:23:17.024+0000] GC(419) Phase 4: Move objects
[2025-08-01T02:23:17.514+0000] GC(419) Phase 4: Move objects 489.747ms
[2025-08-01T02:23:17.528+0000] GC(419) Pause Full (Allocation Failure) 3725M->1117M(4029M) 1729.927ms
[2025-08-01T02:23:17.528+0000] GC(418) ParNew: 613440K->0K(613440K)
[2025-08-01T02:23:17.528+0000] GC(418) CMS: 3201317K->1144607K(3512768K)
[2025-08-01T02:23:17.528+0000] GC(418) Metaspace: 9703K(12544K)->9703K(12544K) NonClass: 8537K(11008K)->8537K(11008K) Class: 1166K(1536K)->1166K(1536K)
[2025-08-01T02:23:17.528+0000] GC(418) Pause Young (Allocation Failure) 3725M->1117M(4029M) 1730.160ms
[2025-08-01T02:23:17.528+0000] GC(418) User=1.73s Sys=0.00s Real=1.73s
[2025-08-01T02:23:17.622+0000] GC(420) Pause Young (Allocation Failure)
[2025-08-01T02:23:17.623+0000] GC(420) Using 8 workers of 8 for evacuation
[2025-08-01T02:23:17.790+0000] GC(420) ParNew: 545344K->68096K(613440K)
[2025-08-01T02:23:17.790+0000] GC(420) CMS: 1144607K->1529109K(3512768K)
[2025-08-01T02:23:17.790+0000] GC(420) Metaspace: 9703K(12544K)->9703K(12544K) NonClass: 8537K(11008K)->8537K(11008K) Class: 1166K(1536K)->1166K(1536K)
[2025-08-01T02:23:17.790+0000] GC(420) Pause Young (Allocation Failure) 1650M->1559M(4029M) 167.288ms
[2025-08-01T02:23:17.790+0000] GC(420) User=1.23s Sys=0.03s Real=0.17s
[2025-08-01T02:23:17.885+0000] GC(421) Pause Young (Allocation Failure)
[2025-08-01T02:23:17.885+0000] GC(421) Using 8 workers of 8 for evacuation
[2025-08-01T02:23:17.997+0000] GC(421) ParNew: 613440K->68096K(613440K)
[2025-08-01T02:23:17.997+0000] GC(421) CMS: 1529109K->1800341K(3512768K)
[2025-08-01T02:23:17.997+0000] GC(421) Metaspace: 9703K(12544K)->9703K(12544K) NonClass: 8537K(11008K)->8537K(11008K) Class: 1166K(1536K)->1166K(1536K)
[2025-08-01T02:23:17.997+0000] GC(421) Pause Young (Allocation Failure) 2092M->1824M(4029M) 111.448ms
[2025-08-01T02:23:17.997+0000] GC(421) User=0.85s Sys=0.02s Real=0.11s
[2025-08-01T02:23:18.090+0000] GC(422) Pause Young (Allocation Failure)
[2025-08-01T02:23:18.091+0000] GC(422) Using 8 workers of 8 for evacuation
[2025-08-01T02:23:18.310+0000] GC(422) ParNew: 613440K->68096K(613440K)
[2025-08-01T02:23:18.310+0000] GC(422) CMS: 1800341K->2342710K(3512768K)
[2025-08-01T02:23:18.310+0000] GC(422) Metaspace: 9703K(12544K)->9703K(12544K) NonClass: 8537K(11008K)->8537K(11008K) Class: 1166K(1536K)->1166K(1536K)
[2025-08-01T02:23:18.310+0000] GC(422) Pause Young (Allocation Failure) 2357M->2354M(4029M) 219.797ms
[2025-08-01T02:23:18.310+0000] GC(422) User=1.64s Sys=0.05s Real=0.22s
[2025-08-01T02:23:18.315+0000] GC(423) Pause Initial Mark
[2025-08-01T02:23:18.319+0000] GC(423) Pause Initial Mark 2386M->2386M(4029M) 3.896ms
[2025-08-01T02:23:18.319+0000] GC(423) User=0.03s Sys=0.00s Real=0.00s
[2025-08-01T02:23:18.319+0000] GC(423) Concurrent Mark
[2025-08-01T02:23:18.319+0000] GC(423) Using 2 workers of 2 for marking
[2025-08-01T02:23:18.411+0000] GC(424) Pause Young (Allocation Failure)
[2025-08-01T02:23:18.411+0000] GC(424) Using 8 workers of 8 for evacuation
[2025-08-01T02:23:18.552+0000] GC(424) ParNew: 613440K->68096K(613440K)
[2025-08-01T02:23:18.552+0000] GC(424) CMS: 2342710K->2742850K(3512768K)
[2025-08-01T02:23:18.552+0000] GC(424) Metaspace: 9703K(12544K)->9703K(12544K) NonClass: 8537K(11008K)->8537K(11008K) Class: 1166K(1536K)->1166K(1536K)
[2025-08-01T02:23:18.552+0000] GC(424) Pause Young (Allocation Failure) 2886M->2745M(4029M) 141.521ms
[2025-08-01T02:23:18.552+0000] GC(424) User=1.08s Sys=0.01s Real=0.14s
[2025-08-01T02:23:18.644+0000] GC(425) Pause Young (Allocation Failure)
[2025-08-01T02:23:18.644+0000] GC(425) Using 8 workers of 8 for evacuation
[2025-08-01T02:23:18.742+0000] GC(425) ParNew: 613440K->68096K(613440K)
[2025-08-01T02:23:18.742+0000] GC(425) CMS: 2742850K->3022955K(3512768K)
[2025-08-01T02:23:18.742+0000] GC(425) Metaspace: 9703K(12544K)->9703K(12544K) NonClass: 8537K(11008K)->8537K(11008K) Class: 1166K(1536K)->1166K(1536K)
[2025-08-01T02:23:18.742+0000] GC(425) Pause Young (Allocation Failure) 3277M->3018M(4029M) 98.700ms
[2025-08-01T02:23:18.742+0000] GC(425) User=0.76s Sys=0.00s Real=0.09s
[2025-08-01T02:23:18.825+0000] GC(423) Concurrent Mark 506.499ms
[2025-08-01T02:23:18.826+0000] GC(423) User=2.78s Sys=0.02s Real=0.51s
[2025-08-01T02:23:18.826+0000] GC(423) Concurrent Preclean
[2025-08-01T02:23:18.842+0000] GC(426) Pause Young (Allocation Failure)
[2025-08-01T02:23:18.842+0000] GC(426) Using 8 workers of 8 for evacuation
[2025-08-01T02:23:18.842+0000] GC(427) Pause Full (Allocation Failure)
[2025-08-01T02:23:19.046+0000] GC(423) Concurrent Preclean 220.667ms
[2025-08-01T02:23:19.046+0000] GC(423) User=0.28s Sys=0.00s Real=0.22s
[2025-08-01T02:23:19.047+0000] GC(427) Phase 1: Mark live objects
[2025-08-01T02:23:19.190+0000] GC(427) Phase 1: Mark live objects 143.608ms
[2025-08-01T02:23:19.190+0000] GC(427) Phase 2: Compute new object addresses
[2025-08-01T02:23:19.693+0000] GC(427) Phase 2: Compute new object addresses 502.982ms
[2025-08-01T02:23:19.693+0000] GC(427) Phase 3: Adjust pointers
[2025-08-01T02:23:19.813+0000] GC(427) Phase 3: Adjust pointers 119.817ms
[2025-08-01T02:23:19.813+0000] GC(427) Phase 4: Move objects
[2025-08-01T02:23:20.097+0000] GC(427) Phase 4: Move objects 283.736ms
[2025-08-01T02:23:20.113+0000] GC(427) Pause Full (Allocation Failure) 3551M->684M(4029M) 1271.104ms
[2025-08-01T02:23:20.113+0000] GC(426) ParNew: 613440K->0K(613440K)
[2025-08-01T02:23:20.113+0000] GC(426) CMS: 3022955K->700467K(3512768K)
[2025-08-01T02:23:20.113+0000] GC(426) Metaspace: 9703K(12544K)->9703K(12544K) NonClass: 8537K(11008K)->8537K(11008K) Class: 1166K(1536K)->1166K(1536K)
[2025-08-01T02:23:20.113+0000] GC(426) Pause Young (Allocation Failure) 3551M->684M(4029M) 1271.330ms
[2025-08-01T02:23:20.113+0000] GC(426) User=1.24s Sys=0.04s Real=1.27s
[2025-08-01T02:23:20.221+0000] GC(428) Pause Young (Allocation Failure)
[2025-08-01T02:23:20.221+0000] GC(428) Using 8 workers of 8 for evacuation
[2025-08-01T02:23:20.401+0000] GC(428) ParNew: 545344K->68096K(613440K)
[2025-08-01T02:23:20.401+0000] GC(428) CMS: 700467K->1174918K(3512768K)
[2025-08-01T02:23:20.401+0000] GC(428) Metaspace: 9703K(12544K)->9703K(12544K) NonClass: 8537K(11008K)->8537K(11008K) Class: 1166K(1536K)->1166K(1536K)
[2025-08-01T02:23:20.401+0000] GC(428) Pause Young (Allocation Failure) 1216M->1213M(4029M) 180.279ms
[2025-08-01T02:23:20.401+0000] GC(428) User=1.34s Sys=0.03s Real=0.18s
[2025-08-01T02:23:20.535+0000] GC(429) Pause Young (Allocation Failure)
[2025-08-01T02:23:20.535+0000] GC(429) Using 8 workers of 8 for evacuation
[2025-08-01T02:23:20.616+0000] GC(429) ParNew: 613440K->68096K(613440K)
[2025-08-01T02:23:20.616+0000] GC(429) CMS: 1174918K->1322912K(3512768K)
[2025-08-01T02:23:20.616+0000] GC(429) Metaspace: 9703K(12544K)->9703K(12544K) NonClass: 8537K(11008K)->8537K(11008K) Class: 1166K(1536K)->1166K(1536K)
[2025-08-01T02:23:20.616+0000] GC(429) Pause Young (Allocation Failure) 1746M->1358M(4029M) 81.003ms
[2025-08-01T02:23:20.616+0000] GC(429) User=0.58s Sys=0.02s Real=0.08s
[2025-08-01T02:23:20.721+0000] GC(430) Pause Young (Allocation Failure)
[2025-08-01T02:23:20.721+0000] GC(430) Using 8 workers of 8 for evacuation
[2025-08-01T02:23:20.911+0000] GC(430) ParNew: 613440K->68096K(613440K)
[2025-08-01T02:23:20.911+0000] GC(430) CMS: 1322912K->1867783K(3512768K)
[2025-08-01T02:23:20.911+0000] GC(430) Metaspace: 9703K(12544K)->9703K(12544K) NonClass: 8537K(11008K)->8537K(11008K) Class: 1166K(1536K)->1166K(1536K)
[2025-08-01T02:23:20.911+0000] GC(430) Pause Young (Allocation Failure) 1890M->1890M(4029M) 190.255ms
[2025-08-01T02:23:20.911+0000] GC(430) User=1.43s Sys=0.03s Real=0.19s
[2025-08-01T02:23:20.912+0000] GC(431) Pause Initial Mark
[2025-08-01T02:23:20.915+0000] GC(431) Pause Initial Mark 1901M->1901M(4029M) 3.134ms
[2025-08-01T02:23:20.916+0000] GC(431) User=0.01s Sys=0.00s Real=0.01s
[2025-08-01T02:23:20.916+0000] GC(431) Concurrent Mark
[2025-08-01T02:23:20.916+0000] GC(431) Using 2 workers of 2 for marking
[2025-08-01T02:23:21.017+0000] GC(432) Pause Young (Allocation Failure)
[2025-08-01T02:23:21.017+0000] GC(432) Using 8 workers of 8 for evacuation
[2025-08-01T02:23:21.183+0000] GC(432) ParNew: 613440K->68096K(613440K)
[2025-08-01T02:23:21.183+0000] GC(432) CMS: 1867783K->2355000K(3512768K)
[2025-08-01T02:23:21.183+0000] GC(432) Metaspace: 9703K(12544K)->9703K(12544K) NonClass: 8537K(11008K)->8537K(11008K) Class: 1166K(1536K)->1166K(1536K)
[2025-08-01T02:23:21.183+0000] GC(432) Pause Young (Allocation Failure) 2423M->2366M(4029M) 166.027ms
[2025-08-01T02:23:21.183+0000] GC(432) User=1.26s Sys=0.03s Real=0.17s
[2025-08-01T02:23:21.279+0000] GC(433) Pause Young (Allocation Failure)
[2025-08-01T02:23:21.279+0000] GC(433) Using 8 workers of 8 for evacuation
[2025-08-01T02:23:21.417+0000] GC(433) ParNew: 613440K->68096K(613440K)
[2025-08-01T02:23:21.417+0000] GC(433) CMS: 2355000K->2781862K(3512768K)
[2025-08-01T02:23:21.417+0000] GC(433) Metaspace: 9703K(12544K)->9703K(12544K) NonClass: 8537K(11008K)->8537K(11008K) Class: 1166K(1536K)->1166K(1536K)
[2025-08-01T02:23:21.417+0000] GC(433) Pause Young (Allocation Failure) 2898M->2783M(4029M) 138.236ms
[2025-08-01T02:23:21.418+0000] GC(433) User=1.07s Sys=0.01s Real=0.14s
[2025-08-01T02:23:21.515+0000] GC(434) Pause Young (Allocation Failure)
[2025-08-01T02:23:21.515+0000] GC(434) Using 8 workers of 8 for evacuation
[2025-08-01T02:23:21.672+0000] GC(434) ParNew: 613440K->68096K(613440K)
[2025-08-01T02:23:21.672+0000] GC(434) CMS: 2781862K->3221374K(3512768K)
[2025-08-01T02:23:21.672+0000] GC(434) Metaspace: 9703K(12544K)->9703K(12544K) NonClass: 8537K(11008K)->8537K(11008K) Class: 1166K(1536K)->1166K(1536K)
[2025-08-01T02:23:21.672+0000] GC(434) Pause Young (Allocation Failure) 3315M->3212M(4029M) 157.686ms
[2025-08-01T02:23:21.672+0000] GC(434) User=1.23s Sys=0.00s Real=0.15s
[2025-08-01T02:23:21.757+0000] GC(431) Concurrent Mark 841.569ms
[2025-08-01T02:23:21.757+0000] GC(431) User=4.94s Sys=0.04s Real=0.84s
[2025-08-01T02:23:21.757+0000] GC(431) Concurrent Preclean
[2025-08-01T02:23:21.764+0000] GC(435) Pause Young (Allocation Failure)
[2025-08-01T02:23:21.764+0000] GC(435) Using 8 workers of 8 for evacuation
[2025-08-01T02:23:21.764+0000] GC(436) Pause Full (Allocation Failure)
[2025-08-01T02:23:22.215+0000] GC(431) Concurrent Preclean 457.785ms
[2025-08-01T02:23:22.219+0000] GC(431) User=0.46s Sys=0.02s Real=0.46s
[2025-08-01T02:23:22.228+0000] GC(436) Phase 1: Mark live objects
[2025-08-01T02:23:22.377+0000] GC(436) Phase 1: Mark live objects 148.821ms
[2025-08-01T02:23:22.377+0000] GC(436) Phase 2: Compute new object addresses
[2025-08-01T02:23:22.818+0000] GC(436) Phase 2: Compute new object addresses 440.873ms
[2025-08-01T02:23:22.818+0000] GC(436) Phase 3: Adjust pointers
[2025-08-01T02:23:22.925+0000] GC(436) Phase 3: Adjust pointers 107.357ms
[2025-08-01T02:23:22.925+0000] GC(436) Phase 4: Move objects
[2025-08-01T02:23:23.271+0000] GC(436) Phase 4: Move objects 345.448ms
[2025-08-01T02:23:23.286+0000] GC(436) Pause Full (Allocation Failure) 3744M->783M(4029M) 1521.217ms
[2025-08-01T02:23:23.286+0000] GC(435) ParNew: 613440K->0K(613440K)
[2025-08-01T02:23:23.286+0000] GC(435) CMS: 3221374K->801806K(3512768K)
[2025-08-01T02:23:23.286+0000] GC(435) Metaspace: 9703K(12544K)->9703K(12544K) NonClass: 8537K(11008K)->8537K(11008K) Class: 1166K(1536K)->1166K(1536K)
[2025-08-01T02:23:23.286+0000] GC(435) Pause Young (Allocation Failure) 3744M->783M(4029M) 1521.455ms
[2025-08-01T02:23:23.286+0000] GC(435) User=1.46s Sys=0.07s Real=1.52s
[2025-08-01T02:23:23.385+0000] GC(437) Pause Young (Allocation Failure)
[2025-08-01T02:23:23.385+0000] GC(437) Using 8 workers of 8 for evacuation
[2025-08-01T02:23:23.537+0000] GC(437) ParNew: 545344K->68096K(613440K)
[2025-08-01T02:23:23.537+0000] GC(437) CMS: 801806K->1163314K(3512768K)
[2025-08-01T02:23:23.537+0000] GC(437) Metaspace: 9703K(12544K)->9703K(12544K) NonClass: 8537K(11008K)->8537K(11008K) Class: 1166K(1536K)->1166K(1536K)
[2025-08-01T02:23:23.537+0000] GC(437) Pause Young (Allocation Failure) 1315M->1202M(4029M) 151.749ms
[2025-08-01T02:23:23.537+0000] GC(437) User=1.14s Sys=0.04s Real=0.15s
[2025-08-01T02:23:23.632+0000] GC(438) Pause Young (Allocation Failure)
[2025-08-01T02:23:23.632+0000] GC(438) Using 8 workers of 8 for evacuation
[2025-08-01T02:23:23.770+0000] GC(438) ParNew: 613440K->68096K(613440K)
[2025-08-01T02:23:23.770+0000] GC(438) CMS: 1163314K->1476403K(3512768K)
[2025-08-01T02:23:23.770+0000] GC(438) Metaspace: 9703K(12544K)->9703K(12544K) NonClass: 8537K(11008K)->8537K(11008K) Class: 1166K(1536K)->1166K(1536K)
[2025-08-01T02:23:23.770+0000] GC(438) Pause Young (Allocation Failure) 1735M->1508M(4029M) 138.671ms
[2025-08-01T02:23:23.770+0000] GC(438) User=1.03s Sys=0.01s Real=0.14s
[2025-08-01T02:23:23.867+0000] GC(439) Pause Young (Allocation Failure)
[2025-08-01T02:23:23.867+0000] GC(439) Using 8 workers of 8 for evacuation
[2025-08-01T02:23:24.014+0000] GC(439) ParNew: 613440K->68096K(613440K)
[2025-08-01T02:23:24.014+0000] GC(439) CMS: 1476403K->2019018K(3512768K)
[2025-08-01T02:23:24.014+0000] GC(439) Metaspace: 9703K(12544K)->9703K(12544K) NonClass: 8537K(11008K)->8537K(11008K) Class: 1166K(1536K)->1166K(1536K)
[2025-08-01T02:23:24.014+0000] GC(439) Pause Young (Allocation Failure) 2040M->2038M(4029M) 147.060ms
[2025-08-01T02:23:24.014+0000] GC(439) User=1.12s Sys=0.01s Real=0.15s
[2025-08-01T02:23:24.015+0000] GC(440) Pause Initial Mark
[2025-08-01T02:23:24.018+0000] GC(440) Pause Initial Mark 2046M->2046M(4029M) 2.748ms
[2025-08-01T02:23:24.018+0000] GC(440) User=0.01s Sys=0.00s Real=0.00s
[2025-08-01T02:23:24.018+0000] GC(440) Concurrent Mark
[2025-08-01T02:23:24.018+0000] GC(440) Using 2 workers of 2 for marking
[2025-08-01T02:23:24.167+0000] GC(441) Pause Young (Allocation Failure)
[2025-08-01T02:23:24.167+0000] GC(441) Using 8 workers of 8 for evacuation
[2025-08-01T02:23:24.337+0000] GC(441) ParNew: 613440K->68096K(613440K)
[2025-08-01T02:23:24.338+0000] GC(441) CMS: 2019018K->2516195K(3512768K)
[2025-08-01T02:23:24.338+0000] GC(441) Metaspace: 9703K(12544K)->9703K(12544K) NonClass: 8537K(11008K)->8537K(11008K) Class: 1166K(1536K)->1166K(1536K)
[2025-08-01T02:23:24.338+0000] GC(441) Pause Young (Allocation Failure) 2570M->2523M(4029M) 170.391ms
[2025-08-01T02:23:24.338+0000] GC(441) User=1.29s Sys=0.03s Real=0.17s
[2025-08-01T02:23:24.442+0000] GC(442) Pause Young (Allocation Failure)
[2025-08-01T02:23:24.442+0000] GC(442) Using 8 workers of 8 for evacuation
[2025-08-01T02:23:24.613+0000] GC(442) ParNew: 613440K->68096K(613440K)
[2025-08-01T02:23:24.613+0000] GC(442) CMS: 2516195K->2988975K(3512768K)
[2025-08-01T02:23:24.613+0000] GC(442) Metaspace: 9703K(12544K)->9703K(12544K) NonClass: 8537K(11008K)->8537K(11008K) Class: 1166K(1536K)->1166K(1536K)
[2025-08-01T02:23:24.613+0000] GC(442) Pause Young (Allocation Failure) 3056M->2985M(4029M) 171.436ms
[2025-08-01T02:23:24.613+0000] GC(442) User=1.30s Sys=0.03s Real=0.18s
[2025-08-01T02:23:24.699+0000] GC(440) Concurrent Mark 680.873ms
[2025-08-01T02:23:24.699+0000] GC(440) User=3.80s Sys=0.07s Real=0.68s
[2025-08-01T02:23:24.699+0000] GC(440) Concurrent Preclean
[2025-08-01T02:23:24.754+0000] GC(443) Pause Young (Allocation Failure)
[2025-08-01T02:23:24.754+0000] GC(443) Using 8 workers of 8 for evacuation
[2025-08-01T02:23:24.754+0000] GC(444) Pause Full (Allocation Failure)
[2025-08-01T02:23:25.010+0000] GC(440) Concurrent Preclean 310.422ms
[2025-08-01T02:23:25.010+0000] GC(440) User=0.34s Sys=0.00s Real=0.31s
[2025-08-01T02:23:25.010+0000] GC(444) Phase 1: Mark live objects
[2025-08-01T02:23:25.145+0000] GC(444) Phase 1: Mark live objects 134.885ms
[2025-08-01T02:23:25.145+0000] GC(444) Phase 2: Compute new object addresses
[2025-08-01T02:23:25.593+0000] GC(444) Phase 2: Compute new object addresses 448.181ms
[2025-08-01T02:23:25.593+0000] GC(444) Phase 3: Adjust pointers
[2025-08-01T02:23:25.719+0000] GC(444) Phase 3: Adjust pointers 125.491ms
[2025-08-01T02:23:25.719+0000] GC(444) Phase 4: Move objects
[2025-08-01T02:23:26.021+0000] GC(444) Phase 4: Move objects 301.938ms
[2025-08-01T02:23:26.037+0000] GC(444) Pause Full (Allocation Failure) 3517M->806M(4029M) 1282.969ms
[2025-08-01T02:23:26.037+0000] GC(443) ParNew: 613440K->0K(613440K)
[2025-08-01T02:23:26.037+0000] GC(443) CMS: 2988975K->826166K(3512768K)
[2025-08-01T02:23:26.037+0000] GC(443) Metaspace: 9703K(12544K)->9703K(12544K) NonClass: 8537K(11008K)->8537K(11008K) Class: 1166K(1536K)->1166K(1536K)
[2025-08-01T02:23:26.037+0000] GC(443) Pause Young (Allocation Failure) 3517M->806M(4029M) 1283.225ms
[2025-08-01T02:23:26.037+0000] GC(443) User=1.23s Sys=0.06s Real=1.28s
[2025-08-01T02:23:26.146+0000] GC(445) Pause Young (Allocation Failure)
[2025-08-01T02:23:26.146+0000] GC(445) Using 8 workers of 8 for evacuation
[2025-08-01T02:23:26.293+0000] GC(445) ParNew: 545344K->68096K(613440K)
[2025-08-01T02:23:26.293+0000] GC(445) CMS: 826166K->1219660K(3512768K)
[2025-08-01T02:23:26.293+0000] GC(445) Metaspace: 9703K(12544K)->9703K(12544K) NonClass: 8537K(11008K)->8537K(11008K) Class: 1166K(1536K)->1166K(1536K)
[2025-08-01T02:23:26.293+0000] GC(445) Pause Young (Allocation Failure) 1339M->1257M(4029M) 146.996ms
[2025-08-01T02:23:26.293+0000] GC(445) User=1.11s Sys=0.03s Real=0.15s
[2025-08-01T02:23:26.394+0000] GC(446) Pause Young (Allocation Failure)
[2025-08-01T02:23:26.394+0000] GC(446) Using 8 workers of 8 for evacuation
[2025-08-01T02:23:26.561+0000] GC(446) ParNew: 613440K->68096K(613440K)
[2025-08-01T02:23:26.561+0000] GC(446) CMS: 1219660K->1617803K(3512768K)
[2025-08-01T02:23:26.561+0000] GC(446) Metaspace: 9703K(12544K)->9703K(12544K) NonClass: 8537K(11008K)->8537K(11008K) Class: 1166K(1536K)->1166K(1536K)
[2025-08-01T02:23:26.561+0000] GC(446) Pause Young (Allocation Failure) 1790M->1646M(4029M) 166.941ms
[2025-08-01T02:23:26.561+0000] GC(446) User=1.26s Sys=0.03s Real=0.16s
[2025-08-01T02:23:26.697+0000] GC(447) Pause Young (Allocation Failure)
[2025-08-01T02:23:26.697+0000] GC(447) Using 8 workers of 8 for evacuation
[2025-08-01T02:23:26.863+0000] GC(447) ParNew: 613440K->68096K(613440K)
[2025-08-01T02:23:26.863+0000] GC(447) CMS: 1617803K->1999424K(3512768K)
[2025-08-01T02:23:26.863+0000] GC(447) Metaspace: 9703K(12544K)->9703K(12544K) NonClass: 8537K(11008K)->8537K(11008K) Class: 1166K(1536K)->1166K(1536K)
[2025-08-01T02:23:26.863+0000] GC(447) Pause Young (Allocation Failure) 2178M->2019M(4029M) 166.285ms
[2025-08-01T02:23:26.863+0000] GC(447) User=1.29s Sys=0.02s Real=0.17s
[2025-08-01T02:23:26.869+0000] GC(448) Pause Initial Mark
[2025-08-01T02:23:26.872+0000] GC(448) Pause Initial Mark 2072M->2072M(4029M) 3.178ms
[2025-08-01T02:23:26.872+0000] GC(448) User=0.02s Sys=0.00s Real=0.00s
[2025-08-01T02:23:26.872+0000] GC(448) Concurrent Mark
[2025-08-01T02:23:26.872+0000] GC(448) Using 2 workers of 2 for marking
[2025-08-01T02:23:26.975+0000] GC(449) Pause Young (Allocation Failure)
[2025-08-01T02:23:26.975+0000] GC(449) Using 8 workers of 8 for evacuation
[2025-08-01T02:23:27.154+0000] GC(449) ParNew: 613440K->68096K(613440K)
[2025-08-01T02:23:27.154+0000] GC(449) CMS: 1999424K->2543937K(3512768K)
[2025-08-01T02:23:27.154+0000] GC(449) Metaspace: 9703K(12544K)->9703K(12544K) NonClass: 8537K(11008K)->8537K(11008K) Class: 1166K(1536K)->1166K(1536K)
[2025-08-01T02:23:27.154+0000] GC(449) Pause Young (Allocation Failure) 2551M->2550M(4029M) 179.616ms
[2025-08-01T02:23:27.154+0000] GC(449) User=1.32s Sys=0.03s Real=0.18s
[2025-08-01T02:23:27.272+0000] GC(448) Concurrent Mark 399.883ms
[2025-08-01T02:23:27.272+0000] GC(448) User=2.17s Sys=0.04s Real=0.40s
[2025-08-01T02:23:27.272+0000] GC(448) Concurrent Preclean
[2025-08-01T02:23:27.299+0000] GC(450) Pause Young (Allocation Failure)
[2025-08-01T02:23:27.299+0000] GC(450) Using 8 workers of 8 for evacuation
[2025-08-01T02:23:27.417+0000] GC(450) ParNew: 613440K->68096K(613440K)
[2025-08-01T02:23:27.417+0000] GC(450) CMS: 2543937K->2871805K(3512768K)
[2025-08-01T02:23:27.417+0000] GC(450) Metaspace: 9703K(12544K)->9703K(12544K) NonClass: 8537K(11008K)->8537K(11008K) Class: 1166K(1536K)->1166K(1536K)
[2025-08-01T02:23:27.417+0000] GC(450) Pause Young (Allocation Failure) 3083M->2870M(4029M) 118.299ms
[2025-08-01T02:23:27.417+0000] GC(450) User=0.91s Sys=0.01s Real=0.12s
[2025-08-01T02:23:27.518+0000] GC(451) Pause Young (Allocation Failure)
[2025-08-01T02:23:27.518+0000] GC(451) Using 8 workers of 8 for evacuation
[2025-08-01T02:23:27.681+0000] GC(451) ParNew: 613440K->68096K(613440K)
[2025-08-01T02:23:27.681+0000] GC(451) CMS: 2871805K->3304684K(3512768K)
[2025-08-01T02:23:27.681+0000] GC(451) Metaspace: 9703K(12544K)->9703K(12544K) NonClass: 8537K(11008K)->8537K(11008K) Class: 1166K(1536K)->1166K(1536K)
[2025-08-01T02:23:27.681+0000] GC(451) Pause Young (Allocation Failure) 3403M->3293M(4029M) 162.777ms
[2025-08-01T02:23:27.681+0000] GC(451) User=1.26s Sys=0.02s Real=0.16s
[2025-08-01T02:23:27.781+0000] GC(452) Pause Young (Allocation Failure)
[2025-08-01T02:23:27.781+0000] GC(452) Using 8 workers of 8 for evacuation
[2025-08-01T02:23:27.781+0000] GC(453) Pause Full (Allocation Failure)
[2025-08-01T02:23:27.996+0000] GC(448) Concurrent Preclean 723.843ms
[2025-08-01T02:23:27.996+0000] GC(448) User=2.99s Sys=0.03s Real=0.73s
[2025-08-01T02:23:27.997+0000] GC(453) Phase 1: Mark live objects
[2025-08-01T02:23:28.185+0000] GC(453) Phase 1: Mark live objects 188.559ms
[2025-08-01T02:23:28.185+0000] GC(453) Phase 2: Compute new object addresses
[2025-08-01T02:23:28.629+0000] GC(453) Phase 2: Compute new object addresses 443.865ms
[2025-08-01T02:23:28.629+0000] GC(453) Phase 3: Adjust pointers
[2025-08-01T02:23:28.730+0000] GC(453) Phase 3: Adjust pointers 101.043ms
[2025-08-01T02:23:28.730+0000] GC(453) Phase 4: Move objects
[2025-08-01T02:23:29.120+0000] GC(453) Phase 4: Move objects 389.808ms
[2025-08-01T02:23:29.134+0000] GC(453) Pause Full (Allocation Failure) 3826M->908M(4029M) 1353.663ms
[2025-08-01T02:23:29.134+0000] GC(452) ParNew: 613440K->0K(613440K)
[2025-08-01T02:23:29.134+0000] GC(452) CMS: 3304684K->930468K(3512768K)
[2025-08-01T02:23:29.134+0000] GC(452) Metaspace: 9703K(12544K)->9703K(12544K) NonClass: 8537K(11008K)->8537K(11008K) Class: 1166K(1536K)->1166K(1536K)
[2025-08-01T02:23:29.135+0000] GC(452) Pause Young (Allocation Failure) 3826M->908M(4029M) 1353.939ms
[2025-08-01T02:23:29.135+0000] GC(452) User=1.32s Sys=0.04s Real=1.36s
[2025-08-01T02:23:29.238+0000] GC(454) Pause Young (Allocation Failure)
[2025-08-01T02:23:29.238+0000] GC(454) Using 8 workers of 8 for evacuation
[2025-08-01T02:23:29.435+0000] GC(454) ParNew: 545344K->68096K(613440K)
[2025-08-01T02:23:29.435+0000] GC(454) CMS: 930468K->1305472K(3512768K)
[2025-08-01T02:23:29.435+0000] GC(454) Metaspace: 9703K(12544K)->9703K(12544K) NonClass: 8537K(11008K)->8537K(11008K) Class: 1166K(1536K)->1166K(1536K)
[2025-08-01T02:23:29.435+0000] GC(454) Pause Young (Allocation Failure) 1441M->1341M(4029M) 196.913ms
[2025-08-01T02:23:29.435+0000] GC(454) User=1.52s Sys=0.02s Real=0.20s
[2025-08-01T02:23:29.533+0000] GC(455) Pause Young (Allocation Failure)
[2025-08-01T02:23:29.533+0000] GC(455) Using 8 workers of 8 for evacuation
[2025-08-01T02:23:29.696+0000] GC(455) ParNew: 613440K->68096K(613440K)
[2025-08-01T02:23:29.696+0000] GC(455) CMS: 1305472K->1819913K(3512768K)
[2025-08-01T02:23:29.696+0000] GC(455) Metaspace: 9703K(12544K)->9703K(12544K) NonClass: 8537K(11008K)->8537K(11008K) Class: 1166K(1536K)->1166K(1536K)
[2025-08-01T02:23:29.696+0000] GC(455) Pause Young (Allocation Failure) 1873M->1843M(4029M) 162.687ms
[2025-08-01T02:23:29.696+0000] GC(455) User=1.24s Sys=0.03s Real=0.16s
[2025-08-01T02:23:29.696+0000] GC(456) Pause Initial Mark
[2025-08-01T02:23:29.700+0000] GC(456) Pause Initial Mark 1851M->1851M(4029M) 3.730ms
[2025-08-01T02:23:29.700+0000] GC(456) User=0.02s Sys=0.00s Real=0.00s
[2025-08-01T02:23:29.700+0000] GC(456) Concurrent Mark
[2025-08-01T02:23:29.700+0000] GC(456) Using 2 workers of 2 for marking
[2025-08-01T02:23:29.797+0000] GC(457) Pause Young (Allocation Failure)
[2025-08-01T02:23:29.797+0000] GC(457) Using 8 workers of 8 for evacuation
[2025-08-01T02:23:29.920+0000] GC(457) ParNew: 613440K->68096K(613440K)
[2025-08-01T02:23:29.920+0000] GC(457) CMS: 1819913K->2239346K(3512768K)
[2025-08-01T02:23:29.920+0000] GC(457) Metaspace: 9703K(12544K)->9703K(12544K) NonClass: 8537K(11008K)->8537K(11008K) Class: 1166K(1536K)->1166K(1536K)
[2025-08-01T02:23:29.920+0000] GC(457) Pause Young (Allocation Failure) 2376M->2253M(4029M) 123.753ms
[2025-08-01T02:23:29.920+0000] GC(457) User=0.97s Sys=0.00s Real=0.12s
[2025-08-01T02:23:30.016+0000] GC(456) Concurrent Mark 315.121ms
[2025-08-01T02:23:30.016+0000] GC(456) User=1.66s Sys=0.00s Real=0.32s
[2025-08-01T02:23:30.016+0000] GC(458) Pause Young (Allocation Failure)
[2025-08-01T02:23:30.016+0000] GC(458) Using 8 workers of 8 for evacuation
[2025-08-01T02:23:30.186+0000] GC(458) ParNew: 613440K->68096K(613440K)
[2025-08-01T02:23:30.186+0000] GC(458) CMS: 2239346K->2781087K(3512768K)
[2025-08-01T02:23:30.186+0000] GC(458) Metaspace: 9703K(12544K)->9703K(12544K) NonClass: 8537K(11008K)->8537K(11008K) Class: 1166K(1536K)->1166K(1536K)
[2025-08-01T02:23:30.187+0000] GC(458) Pause Young (Allocation Failure) 2785M->2782M(4029M) 170.632ms
[2025-08-01T02:23:30.187+0000] GC(458) User=1.32s Sys=0.02s Real=0.17s
[2025-08-01T02:23:30.187+0000] GC(456) Concurrent Preclean
[2025-08-01T02:23:30.281+0000] GC(459) Pause Young (Allocation Failure)
[2025-08-01T02:23:30.281+0000] GC(459) Using 8 workers of 8 for evacuation
[2025-08-01T02:23:30.405+0000] GC(459) ParNew: 613440K->68096K(613440K)
[2025-08-01T02:23:30.405+0000] GC(459) CMS: 2781087K->3175206K(3512768K)
[2025-08-01T02:23:30.405+0000] GC(459) Metaspace: 9703K(12544K)->9703K(12544K) NonClass: 8537K(11008K)->8537K(11008K) Class: 1166K(1536K)->1166K(1536K)
[2025-08-01T02:23:30.405+0000] GC(459) Pause Young (Allocation Failure) 3314M->3167M(4029M) 124.328ms
[2025-08-01T02:23:30.405+0000] GC(459) User=0.97s Sys=0.00s Real=0.13s
[2025-08-01T02:23:30.506+0000] GC(460) Pause Young (Allocation Failure)
[2025-08-01T02:23:30.506+0000] GC(460) Using 8 workers of 8 for evacuation
[2025-08-01T02:23:30.507+0000] GC(461) Pause Full (Allocation Failure)
[2025-08-01T02:23:30.761+0000] GC(456) Concurrent Preclean 573.871ms
[2025-08-01T02:23:30.761+0000] GC(456) User=1.76s Sys=0.01s Real=0.57s
[2025-08-01T02:23:30.761+0000] GC(461) Phase 1: Mark live objects
[2025-08-01T02:23:30.851+0000] GC(461) Phase 1: Mark live objects 90.074ms
[2025-08-01T02:23:30.851+0000] GC(461) Phase 2: Compute new object addresses
[2025-08-01T02:23:31.363+0000] GC(461) Phase 2: Compute new object addresses 511.550ms
[2025-08-01T02:23:31.363+0000] GC(461) Phase 3: Adjust pointers
[2025-08-01T02:23:31.446+0000] GC(461) Phase 3: Adjust pointers 83.328ms
[2025-08-01T02:23:31.446+0000] GC(461) Phase 4: Move objects
[2025-08-01T02:23:31.648+0000] GC(461) Phase 4: Move objects 202.157ms
[2025-08-01T02:23:31.664+0000] GC(461) Pause Full (Allocation Failure) 3699M->478M(4029M) 1157.184ms
[2025-08-01T02:23:31.664+0000] GC(460) ParNew: 613440K->0K(613440K)
[2025-08-01T02:23:31.664+0000] GC(460) CMS: 3175206K->490205K(3512768K)
[2025-08-01T02:23:31.664+0000] GC(460) Metaspace: 9703K(12544K)->9703K(12544K) NonClass: 8537K(11008K)->8537K(11008K) Class: 1166K(1536K)->1166K(1536K)
[2025-08-01T02:23:31.664+0000] GC(460) Pause Young (Allocation Failure) 3699M->478M(4029M) 1157.483ms
[2025-08-01T02:23:31.664+0000] GC(460) User=1.12s Sys=0.04s Real=1.16s
[2025-08-01T02:23:31.760+0000] GC(462) Pause Young (Allocation Failure)
[2025-08-01T02:23:31.760+0000] GC(462) Using 8 workers of 8 for evacuation
[2025-08-01T02:23:31.914+0000] GC(462) ParNew: 545344K->68096K(613440K)
[2025-08-01T02:23:31.914+0000] GC(462) CMS: 490205K->966855K(3512768K)
[2025-08-01T02:23:31.914+0000] GC(462) Metaspace: 9703K(12544K)->9703K(12544K) NonClass: 8537K(11008K)->8537K(11008K) Class: 1166K(1536K)->1166K(1536K)
[2025-08-01T02:23:31.914+0000] GC(462) Pause Young (Allocation Failure) 1011M->1010M(4029M) 154.052ms
[2025-08-01T02:23:31.914+0000] GC(462) User=1.17s Sys=0.02s Real=0.16s
[2025-08-01T02:23:32.014+0000] GC(463) Pause Young (Allocation Failure)
[2025-08-01T02:23:32.014+0000] GC(463) Using 8 workers of 8 for evacuation
[2025-08-01T02:23:32.159+0000] GC(463) ParNew: 613440K->68096K(613440K)
[2025-08-01T02:23:32.159+0000] GC(463) CMS: 966855K->1255016K(3512768K)
[2025-08-01T02:23:32.159+0000] GC(463) Metaspace: 9703K(12544K)->9703K(12544K) NonClass: 8537K(11008K)->8537K(11008K) Class: 1166K(1536K)->1166K(1536K)
[2025-08-01T02:23:32.159+0000] GC(463) Pause Young (Allocation Failure) 1543M->1292M(4029M) 145.098ms
[2025-08-01T02:23:32.159+0000] GC(463) User=1.06s Sys=0.05s Real=0.14s
[2025-08-01T02:23:32.256+0000] GC(464) Pause Young (Allocation Failure)
[2025-08-01T02:23:32.257+0000] GC(464) Using 8 workers of 8 for evacuation
[2025-08-01T02:23:32.432+0000] GC(464) ParNew: 613440K->68096K(613440K)
[2025-08-01T02:23:32.432+0000] GC(464) CMS: 1255016K->1637314K(3512768K)
[2025-08-01T02:23:32.432+0000] GC(464) Metaspace: 9703K(12544K)->9703K(12544K) NonClass: 8537K(11008K)->8537K(11008K) Class: 1166K(1536K)->1166K(1536K)
[2025-08-01T02:23:32.433+0000] GC(464) Pause Young (Allocation Failure) 1824M->1665M(4029M) 176.439ms
[2025-08-01T02:23:32.433+0000] GC(464) User=1.30s Sys=0.05s Real=0.18s
[2025-08-01T02:23:32.434+0000] GC(465) Pause Initial Mark
[2025-08-01T02:23:32.437+0000] GC(465) Pause Initial Mark 1673M->1673M(4029M) 3.034ms
[2025-08-01T02:23:32.437+0000] GC(465) User=0.02s Sys=0.00s Real=0.00s
[2025-08-01T02:23:32.437+0000] GC(465) Concurrent Mark
[2025-08-01T02:23:32.437+0000] GC(465) Using 2 workers of 2 for marking
[2025-08-01T02:23:32.532+0000] GC(466) Pause Young (Allocation Failure)
[2025-08-01T02:23:32.532+0000] GC(466) Using 8 workers of 8 for evacuation
[2025-08-01T02:23:32.673+0000] GC(466) ParNew: 613440K->68096K(613440K)
[2025-08-01T02:23:32.673+0000] GC(466) CMS: 1637314K->2071654K(3512768K)
[2025-08-01T02:23:32.673+0000] GC(466) Metaspace: 9703K(12544K)->9703K(12544K) NonClass: 8537K(11008K)->8537K(11008K) Class: 1166K(1536K)->1166K(1536K)
[2025-08-01T02:23:32.673+0000] GC(466) Pause Young (Allocation Failure) 2198M->2089M(4029M) 141.695ms
[2025-08-01T02:23:32.673+0000] GC(466) User=1.10s Sys=0.01s Real=0.15s
[2025-08-01T02:23:32.769+0000] GC(467) Pause Young (Allocation Failure)
[2025-08-01T02:23:32.769+0000] GC(467) Using 8 workers of 8 for evacuation
[2025-08-01T02:23:32.880+0000] GC(467) ParNew: 613440K->68096K(613440K)
[2025-08-01T02:23:32.880+0000] GC(467) CMS: 2071654K->2483412K(3512768K)
[2025-08-01T02:23:32.880+0000] GC(467) Metaspace: 9703K(12544K)->9703K(12544K) NonClass: 8537K(11008K)->8537K(11008K) Class: 1166K(1536K)->1166K(1536K)
[2025-08-01T02:23:32.880+0000] GC(467) Pause Young (Allocation Failure) 2622M->2491M(4029M) 110.971ms
[2025-08-01T02:23:32.880+0000] GC(467) User=0.87s Sys=0.00s Real=0.11s
[2025-08-01T02:23:32.938+0000] GC(465) Concurrent Mark 500.993ms
[2025-08-01T02:23:32.938+0000] GC(465) User=2.83s Sys=0.01s Real=0.50s
[2025-08-01T02:23:32.938+0000] GC(465) Concurrent Preclean
[2025-08-01T02:23:33.014+0000] GC(468) Pause Young (Allocation Failure)
[2025-08-01T02:23:33.014+0000] GC(468) Using 8 workers of 8 for evacuation
[2025-08-01T02:23:33.153+0000] GC(468) ParNew: 613440K->68096K(613440K)
[2025-08-01T02:23:33.153+0000] GC(468) CMS: 2483412K->2961817K(3512768K)
[2025-08-01T02:23:33.153+0000] GC(468) Metaspace: 9703K(12544K)->9703K(12544K) NonClass: 8537K(11008K)->8537K(11008K) Class: 1166K(1536K)->1166K(1536K)
[2025-08-01T02:23:33.153+0000] GC(468) Pause Young (Allocation Failure) 3024M->2958M(4029M) 139.088ms
[2025-08-01T02:23:33.153+0000] GC(468) User=1.10s Sys=0.00s Real=0.13s
[2025-08-01T02:23:33.246+0000] GC(469) Pause Young (Allocation Failure)
[2025-08-01T02:23:33.246+0000] GC(469) Using 8 workers of 8 for evacuation
[2025-08-01T02:23:33.384+0000] GC(469) ParNew: 613440K->68096K(613440K)
[2025-08-01T02:23:33.384+0000] GC(469) CMS: 2961817K->3426571K(3512768K)
[2025-08-01T02:23:33.384+0000] GC(469) Metaspace: 9703K(12544K)->9703K(12544K) NonClass: 8537K(11008K)->8537K(11008K) Class: 1166K(1536K)->1166K(1536K)
[2025-08-01T02:23:33.384+0000] GC(469) Pause Young (Allocation Failure) 3491M->3412M(4029M) 137.661ms
[2025-08-01T02:23:33.384+0000] GC(469) User=1.05s Sys=0.00s Real=0.14s
[2025-08-01T02:23:33.521+0000] GC(470) Pause Young (Allocation Failure)
[2025-08-01T02:23:33.521+0000] GC(470) Using 8 workers of 8 for evacuation
[2025-08-01T02:23:33.521+0000] GC(471) Pause Full (Allocation Failure)
[2025-08-01T02:23:33.773+0000] GC(465) Concurrent Preclean 834.572ms
[2025-08-01T02:23:33.773+0000] GC(465) User=3.15s Sys=0.00s Real=0.84s
[2025-08-01T02:23:33.773+0000] GC(471) Phase 1: Mark live objects
[2025-08-01T02:23:33.903+0000] GC(471) Phase 1: Mark live objects 129.963ms
[2025-08-01T02:23:33.903+0000] GC(471) Phase 2: Compute new object addresses
[2025-08-01T02:23:34.389+0000] GC(471) Phase 2: Compute new object addresses 485.779ms
[2025-08-01T02:23:34.389+0000] GC(471) Phase 3: Adjust pointers
[2025-08-01T02:23:34.483+0000] GC(471) Phase 3: Adjust pointers 94.278ms
[2025-08-01T02:23:34.483+0000] GC(471) Phase 4: Move objects
[2025-08-01T02:23:34.748+0000] GC(471) Phase 4: Move objects 264.097ms
[2025-08-01T02:23:34.761+0000] GC(471) Pause Full (Allocation Failure) 3945M->658M(4029M) 1240.221ms
[2025-08-01T02:23:34.761+0000] GC(470) ParNew: 613440K->0K(613440K)
[2025-08-01T02:23:34.761+0000] GC(470) CMS: 3426571K->674062K(3512768K)
[2025-08-01T02:23:34.761+0000] GC(470) Metaspace: 9703K(12544K)->9703K(12544K) NonClass: 8537K(11008K)->8537K(11008K) Class: 1166K(1536K)->1166K(1536K)
[2025-08-01T02:23:34.761+0000] GC(470) Pause Young (Allocation Failure) 3945M->658M(4029M) 1240.456ms
[2025-08-01T02:23:34.762+0000] GC(470) User=1.25s Sys=0.00s Real=1.24s
[2025-08-01T02:23:34.874+0000] GC(472) Pause Young (Allocation Failure)
[2025-08-01T02:23:34.874+0000] GC(472) Using 8 workers of 8 for evacuation
[2025-08-01T02:23:35.012+0000] GC(472) ParNew: 545344K->68096K(613440K)
[2025-08-01T02:23:35.013+0000] GC(472) CMS: 674062K->1057260K(3512768K)
[2025-08-01T02:23:35.013+0000] GC(472) Metaspace: 9703K(12544K)->9703K(12544K) NonClass: 8537K(11008K)->8537K(11008K) Class: 1166K(1536K)->1166K(1536K)
[2025-08-01T02:23:35.013+0000] GC(472) Pause Young (Allocation Failure) 1190M->1098M(4029M) 138.636ms
[2025-08-01T02:23:35.013+0000] GC(472) User=1.07s Sys=0.01s Real=0.13s
[2025-08-01T02:23:35.118+0000] GC(473) Pause Young (Allocation Failure)
[2025-08-01T02:23:35.118+0000] GC(473) Using 8 workers of 8 for evacuation
[2025-08-01T02:23:35.307+0000] GC(473) ParNew: 613440K->68096K(613440K)
[2025-08-01T02:23:35.307+0000] GC(473) CMS: 1057260K->1600449K(3512768K)
[2025-08-01T02:23:35.308+0000] GC(473) Metaspace: 9703K(12544K)->9703K(12544K) NonClass: 8537K(11008K)->8537K(11008K) Class: 1166K(1536K)->1166K(1536K)
[2025-08-01T02:23:35.308+0000] GC(473) Pause Young (Allocation Failure) 1631M->1629M(4029M) 189.236ms
[2025-08-01T02:23:35.308+0000] GC(473) User=1.44s Sys=0.03s Real=0.19s
[2025-08-01T02:23:35.308+0000] GC(474) Pause Initial Mark
[2025-08-01T02:23:35.313+0000] GC(474) Pause Initial Mark 1634M->1634M(4029M) 5.273ms
[2025-08-01T02:23:35.314+0000] GC(474) User=0.03s Sys=0.00s Real=0.01s
[2025-08-01T02:23:35.314+0000] GC(474) Concurrent Mark
[2025-08-01T02:23:35.314+0000] GC(474) Using 2 workers of 2 for marking
[2025-08-01T02:23:35.456+0000] GC(474) Concurrent Mark 142.465ms
[2025-08-01T02:23:35.456+0000] GC(474) User=0.42s Sys=0.00s Real=0.14s
[2025-08-01T02:23:35.456+0000] GC(474) Concurrent Preclean
[2025-08-01T02:23:35.466+0000] GC(474) Concurrent Preclean 9.710ms
[2025-08-01T02:23:35.466+0000] GC(474) User=0.03s Sys=0.00s Real=0.01s
[2025-08-01T02:23:35.466+0000] GC(475) Pause Young (Allocation Failure)
[2025-08-01T02:23:35.466+0000] GC(475) Using 8 workers of 8 for evacuation
[2025-08-01T02:23:35.621+0000] GC(475) ParNew: 613440K->68096K(613440K)
[2025-08-01T02:23:35.621+0000] GC(475) CMS: 1600449K->2026696K(3512768K)
[2025-08-01T02:23:35.621+0000] GC(475) Metaspace: 9703K(12544K)->9703K(12544K) NonClass: 8537K(11008K)->8537K(11008K) Class: 1166K(1536K)->1166K(1536K)
[2025-08-01T02:23:35.621+0000] GC(475) Pause Young (Allocation Failure) 2162M->2045M(4029M) 155.142ms
[2025-08-01T02:23:35.621+0000] GC(475) User=1.18s Sys=0.02s Real=0.15s
[2025-08-01T02:23:35.622+0000] GC(474) Pause Remark
[2025-08-01T02:23:35.637+0000] GC(474) Pause Remark 2048M->2048M(4029M) 15.149ms
[2025-08-01T02:23:35.637+0000] GC(474) User=0.11s Sys=0.00s Real=0.02s
[2025-08-01T02:23:35.638+0000] GC(474) Concurrent Sweep
[2025-08-01T02:23:35.735+0000] GC(476) Pause Young (Allocation Failure)
[2025-08-01T02:23:35.735+0000] GC(476) Using 8 workers of 8 for evacuation
[2025-08-01T02:23:35.878+0000] GC(476) ParNew: 613440K->68096K(613440K)
[2025-08-01T02:23:35.878+0000] GC(476) CMS: 1603089K->1957309K(3512768K)
[2025-08-01T02:23:35.878+0000] GC(476) Metaspace: 9703K(12544K)->9703K(12544K) NonClass: 8537K(11008K)->8537K(11008K) Class: 1166K(1536K)->1166K(1536K)
[2025-08-01T02:23:35.878+0000] GC(476) Pause Young (Allocation Failure) 2164M->1977M(4029M) 143.780ms
[2025-08-01T02:23:35.879+0000] GC(476) User=0.98s Sys=0.02s Real=0.14s
[2025-08-01T02:23:35.972+0000] GC(477) Pause Young (Allocation Failure)
[2025-08-01T02:23:35.972+0000] GC(477) Using 8 workers of 8 for evacuation
[2025-08-01T02:23:36.181+0000] GC(477) ParNew: 613440K->68096K(613440K)
[2025-08-01T02:23:36.181+0000] GC(477) CMS: 1724566K->2269171K(3512768K)
[2025-08-01T02:23:36.181+0000] GC(477) Metaspace: 9703K(12544K)->9703K(12544K) NonClass: 8537K(11008K)->8537K(11008K) Class: 1166K(1536K)->1166K(1536K)
[2025-08-01T02:23:36.181+0000] GC(477) Pause Young (Allocation Failure) 2283M->2282M(4029M) 208.637ms
[2025-08-01T02:23:36.181+0000] GC(477) User=1.28s Sys=0.03s Real=0.21s
[2025-08-01T02:23:36.278+0000] GC(478) Pause Young (Allocation Failure)
[2025-08-01T02:23:36.278+0000] GC(478) Using 8 workers of 8 for evacuation
[2025-08-01T02:23:36.431+0000] GC(478) ParNew: 613440K->68096K(613440K)
[2025-08-01T02:23:36.431+0000] GC(478) CMS: 2095713K->2540338K(3512768K)
[2025-08-01T02:23:36.431+0000] GC(478) Metaspace: 9703K(12544K)->9703K(12544K) NonClass: 8537K(11008K)->8537K(11008K) Class: 1166K(1536K)->1166K(1536K)
[2025-08-01T02:23:36.431+0000] GC(478) Pause Young (Allocation Failure) 2645M->2547M(4029M) 153.312ms
[2025-08-01T02:23:36.431+0000] GC(478) User=1.04s Sys=0.03s Real=0.15s
[2025-08-01T02:23:36.524+0000] GC(479) Pause Young (Allocation Failure)
[2025-08-01T02:23:36.524+0000] GC(479) Using 8 workers of 8 for evacuation
[2025-08-01T02:23:36.722+0000] GC(479) ParNew: 613440K->68096K(613440K)
[2025-08-01T02:23:36.722+0000] GC(479) CMS: 2540338K->2919733K(3512768K)
[2025-08-01T02:23:36.722+0000] GC(479) Metaspace: 9703K(12544K)->9703K(12544K) NonClass: 8537K(11008K)->8537K(11008K) Class: 1166K(1536K)->1166K(1536K)
[2025-08-01T02:23:36.722+0000] GC(479) Pause Young (Allocation Failure) 3079M->2917M(4029M) 197.231ms
[2025-08-01T02:23:36.722+0000] GC(479) User=1.51s Sys=0.04s Real=0.19s
[2025-08-01T02:23:36.774+0000] GC(474) Concurrent Sweep 1136.751ms
[2025-08-01T02:23:36.775+0000] GC(474) User=5.93s Sys=0.12s Real=1.14s
[2025-08-01T02:23:36.775+0000] GC(474) Concurrent Reset
[2025-08-01T02:23:36.790+0000] GC(474) Concurrent Reset 15.202ms
[2025-08-01T02:23:36.790+0000] GC(474) User=0.04s Sys=0.00s Real=0.01s
[2025-08-01T02:23:36.790+0000] GC(474) Old: 1600449K->2919733K(3512768K)
[2025-08-01T02:23:36.854+0000] GC(480) Pause Young (Allocation Failure)
[2025-08-01T02:23:36.854+0000] GC(480) Using 8 workers of 8 for evacuation
[2025-08-01T02:23:37.026+0000] GC(480) ParNew: 613440K->68096K(613440K)
[2025-08-01T02:23:37.026+0000] GC(480) CMS: 2919733K->3406728K(3512768K)
[2025-08-01T02:23:37.026+0000] GC(480) Metaspace: 9703K(12544K)->9703K(12544K) NonClass: 8537K(11008K)->8537K(11008K) Class: 1166K(1536K)->1166K(1536K)
[2025-08-01T02:23:37.026+0000] GC(480) Pause Young (Allocation Failure) 3450M->3393M(4029M) 172.323ms
[2025-08-01T02:23:37.026+0000] GC(480) User=1.29s Sys=0.05s Real=0.17s
[2025-08-01T02:23:37.032+0000] GC(481) Pause Initial Mark
[2025-08-01T02:23:37.036+0000] GC(481) Pause Initial Mark 3438M->3438M(4029M) 4.057ms
[2025-08-01T02:23:37.036+0000] GC(481) User=0.03s Sys=0.00s Real=0.01s
[2025-08-01T02:23:37.037+0000] GC(481) Concurrent Mark
[2025-08-01T02:23:37.037+0000] GC(481) Using 2 workers of 2 for marking
[2025-08-01T02:23:37.130+0000] GC(482) Pause Young (Allocation Failure)
[2025-08-01T02:23:37.130+0000] GC(482) Using 8 workers of 8 for evacuation
[2025-08-01T02:23:37.130+0000] GC(483) Pause Full (Allocation Failure)
[2025-08-01T02:23:37.184+0000] GC(481) Concurrent Mark 147.309ms
[2025-08-01T02:23:37.184+0000] GC(481) User=0.45s Sys=0.00s Real=0.15s
[2025-08-01T02:23:37.184+0000] GC(483) Phase 1: Mark live objects
[2025-08-01T02:23:37.405+0000] GC(483) Phase 1: Mark live objects 220.508ms
[2025-08-01T02:23:37.405+0000] GC(483) Phase 2: Compute new object addresses
[2025-08-01T02:23:37.897+0000] GC(483) Phase 2: Compute new object addresses 491.673ms
[2025-08-01T02:23:37.897+0000] GC(483) Phase 3: Adjust pointers
[2025-08-01T02:23:38.114+0000] GC(483) Phase 3: Adjust pointers 217.573ms
[2025-08-01T02:23:38.114+0000] GC(483) Phase 4: Move objects
[2025-08-01T02:23:38.727+0000] GC(483) Phase 4: Move objects 612.525ms
[2025-08-01T02:23:38.744+0000] GC(483) Pause Full (Allocation Failure) 3925M->1366M(4029M) 1614.142ms
[2025-08-01T02:23:38.744+0000] GC(482) ParNew: 613440K->0K(613440K)
[2025-08-01T02:23:38.744+0000] GC(482) CMS: 3406728K->1399468K(3512768K)
[2025-08-01T02:23:38.744+0000] GC(482) Metaspace: 9703K(12544K)->9703K(12544K) NonClass: 8537K(11008K)->8537K(11008K) Class: 1166K(1536K)->1166K(1536K)
[2025-08-01T02:23:38.744+0000] GC(482) Pause Young (Allocation Failure) 3925M->1366M(4029M) 1614.404ms
[2025-08-01T02:23:38.744+0000] GC(482) User=1.61s Sys=0.05s Real=1.62s
[2025-08-01T02:23:38.843+0000] GC(484) Pause Young (Allocation Failure)
[2025-08-01T02:23:38.843+0000] GC(484) Using 8 workers of 8 for evacuation
[2025-08-01T02:23:38.934+0000] GC(484) ParNew: 545344K->68096K(613440K)
[2025-08-01T02:23:38.934+0000] GC(484) CMS: 1399468K->1643130K(3512768K)
[2025-08-01T02:23:38.934+0000] GC(484) Metaspace: 9703K(12544K)->9703K(12544K) NonClass: 8537K(11008K)->8537K(11008K) Class: 1166K(1536K)->1166K(1536K)
[2025-08-01T02:23:38.934+0000] GC(484) Pause Young (Allocation Failure) 1899M->1671M(4029M) 90.495ms
[2025-08-01T02:23:38.934+0000] GC(484) User=0.70s Sys=0.00s Real=0.09s
[2025-08-01T02:23:39.030+0000] GC(485) Pause Young (Allocation Failure)
[2025-08-01T02:23:39.030+0000] GC(485) Using 8 workers of 8 for evacuation
[2025-08-01T02:23:39.188+0000] GC(485) ParNew: 613440K->68096K(613440K)
[2025-08-01T02:23:39.188+0000] GC(485) CMS: 1643130K->2069124K(3512768K)
[2025-08-01T02:23:39.188+0000] GC(485) Metaspace: 9703K(12544K)->9703K(12544K) NonClass: 8537K(11008K)->8537K(11008K) Class: 1166K(1536K)->1166K(1536K)
[2025-08-01T02:23:39.188+0000] GC(485) Pause Young (Allocation Failure) 2203M->2087M(4029M) 158.662ms
[2025-08-01T02:23:39.188+0000] GC(485) User=1.22s Sys=0.03s Real=0.16s
[2025-08-01T02:23:39.189+0000] GC(486) Pause Initial Mark
[2025-08-01T02:23:39.195+0000] GC(486) Pause Initial Mark 2097M->2097M(4029M) 5.942ms
[2025-08-01T02:23:39.195+0000] GC(486) User=0.02s Sys=0.00s Real=0.01s
[2025-08-01T02:23:39.196+0000] GC(486) Concurrent Mark
[2025-08-01T02:23:39.196+0000] GC(486) Using 2 workers of 2 for marking
[2025-08-01T02:23:39.289+0000] GC(487) Pause Young (Allocation Failure)
[2025-08-01T02:23:39.289+0000] GC(487) Using 8 workers of 8 for evacuation
[2025-08-01T02:23:39.485+0000] GC(487) ParNew: 613440K->68096K(613440K)
[2025-08-01T02:23:39.486+0000] GC(487) CMS: 2069124K->2612677K(3512768K)
[2025-08-01T02:23:39.486+0000] GC(487) Metaspace: 9703K(12544K)->9703K(12544K) NonClass: 8537K(11008K)->8537K(11008K) Class: 1166K(1536K)->1166K(1536K)
[2025-08-01T02:23:39.486+0000] GC(487) Pause Young (Allocation Failure) 2619M->2617M(4029M) 196.435ms
[2025-08-01T02:23:39.486+0000] GC(487) User=1.50s Sys=0.03s Real=0.20s
[2025-08-01T02:23:39.578+0000] GC(488) Pause Young (Allocation Failure)
[2025-08-01T02:23:39.579+0000] GC(488) Using 8 workers of 8 for evacuation
[2025-08-01T02:23:39.681+0000] GC(488) ParNew: 613440K->68096K(613440K)
[2025-08-01T02:23:39.681+0000] GC(488) CMS: 2612677K->2921681K(3512768K)
[2025-08-01T02:23:39.681+0000] GC(488) Metaspace: 9703K(12544K)->9703K(12544K) NonClass: 8537K(11008K)->8537K(11008K) Class: 1166K(1536K)->1166K(1536K)
[2025-08-01T02:23:39.681+0000] GC(488) Pause Young (Allocation Failure) 3150M->2919M(4029M) 102.249ms
[2025-08-01T02:23:39.681+0000] GC(488) User=0.79s Sys=0.01s Real=0.10s
[2025-08-01T02:23:39.735+0000] GC(486) Concurrent Mark 539.678ms
[2025-08-01T02:23:39.735+0000] GC(486) User=3.12s Sys=0.04s Real=0.54s
[2025-08-01T02:23:39.735+0000] GC(486) Concurrent Preclean
[2025-08-01T02:23:39.773+0000] GC(489) Pause Young (Allocation Failure)
[2025-08-01T02:23:39.773+0000] GC(489) Using 8 workers of 8 for evacuation
[2025-08-01T02:23:39.773+0000] GC(490) Pause Full (Allocation Failure)
[2025-08-01T02:23:40.003+0000] GC(486) Concurrent Preclean 267.663ms
[2025-08-01T02:23:40.003+0000] GC(486) User=0.36s Sys=0.00s Real=0.27s
[2025-08-01T02:23:40.004+0000] GC(490) Phase 1: Mark live objects
[2025-08-01T02:23:40.180+0000] GC(490) Phase 1: Mark live objects 176.346ms
[2025-08-01T02:23:40.180+0000] GC(490) Phase 2: Compute new object addresses
[2025-08-01T02:23:40.649+0000] GC(490) Phase 2: Compute new object addresses 468.578ms
[2025-08-01T02:23:40.649+0000] GC(490) Phase 3: Adjust pointers
[2025-08-01T02:23:40.775+0000] GC(490) Phase 3: Adjust pointers 125.961ms
[2025-08-01T02:23:40.775+0000] GC(490) Phase 4: Move objects
[2025-08-01T02:23:41.115+0000] GC(490) Phase 4: Move objects 340.475ms
[2025-08-01T02:23:41.129+0000] GC(490) Pause Full (Allocation Failure) 3452M->857M(4029M) 1355.459ms
[2025-08-01T02:23:41.129+0000] GC(489) ParNew: 613440K->0K(613440K)
[2025-08-01T02:23:41.129+0000] GC(489) CMS: 2921681K->877866K(3512768K)
[2025-08-01T02:23:41.129+0000] GC(489) Metaspace: 9703K(12544K)->9703K(12544K) NonClass: 8537K(11008K)->8537K(11008K) Class: 1166K(1536K)->1166K(1536K)
[2025-08-01T02:23:41.129+0000] GC(489) Pause Young (Allocation Failure) 3452M->857M(4029M) 1355.757ms
[2025-08-01T02:23:41.129+0000] GC(489) User=1.30s Sys=0.05s Real=1.35s
[2025-08-01T02:23:41.234+0000] GC(491) Pause Young (Allocation Failure)
[2025-08-01T02:23:41.234+0000] GC(491) Using 8 workers of 8 for evacuation
[2025-08-01T02:23:41.442+0000] GC(491) ParNew: 545344K->68096K(613440K)
[2025-08-01T02:23:41.442+0000] GC(491) CMS: 877866K->1314730K(3512768K)
[2025-08-01T02:23:41.442+0000] GC(491) Metaspace: 9703K(12544K)->9703K(12544K) NonClass: 8537K(11008K)->8537K(11008K) Class: 1166K(1536K)->1166K(1536K)
[2025-08-01T02:23:41.442+0000] GC(491) Pause Young (Allocation Failure) 1389M->1350M(4029M) 207.920ms
[2025-08-01T02:23:41.442+0000] GC(491) User=1.57s Sys=0.04s Real=0.20s
[2025-08-01T02:23:41.541+0000] GC(492) Pause Young (Allocation Failure)
[2025-08-01T02:23:41.541+0000] GC(492) Using 8 workers of 8 for evacuation
[2025-08-01T02:23:41.708+0000] GC(492) ParNew: 613440K->68094K(613440K)
[2025-08-01T02:23:41.708+0000] GC(492) CMS: 1314730K->1858414K(3512768K)
[2025-08-01T02:23:41.708+0000] GC(492) Metaspace: 9703K(12544K)->9703K(12544K) NonClass: 8537K(11008K)->8537K(11008K) Class: 1166K(1536K)->1166K(1536K)
[2025-08-01T02:23:41.708+0000] GC(492) Pause Young (Allocation Failure) 1882M->1881M(4029M) 167.386ms
[2025-08-01T02:23:41.708+0000] GC(492) User=1.23s Sys=0.03s Real=0.17s
[2025-08-01T02:23:41.709+0000] GC(493) Pause Initial Mark
[2025-08-01T02:23:41.712+0000] GC(493) Pause Initial Mark 1886M->1886M(4029M) 3.603ms
[2025-08-01T02:23:41.712+0000] GC(493) User=0.02s Sys=0.00s Real=0.00s
[2025-08-01T02:23:41.713+0000] GC(493) Concurrent Mark
[2025-08-01T02:23:41.713+0000] GC(493) Using 2 workers of 2 for marking
[2025-08-01T02:23:41.810+0000] GC(494) Pause Young (Allocation Failure)
[2025-08-01T02:23:41.810+0000] GC(494) Using 8 workers of 8 for evacuation
[2025-08-01T02:23:41.936+0000] GC(494) ParNew: 613438K->68096K(613440K)
[2025-08-01T02:23:41.936+0000] GC(494) CMS: 1858414K->2228435K(3512768K)
[2025-08-01T02:23:41.936+0000] GC(494) Metaspace: 9703K(12544K)->9703K(12544K) NonClass: 8537K(11008K)->8537K(11008K) Class: 1166K(1536K)->1166K(1536K)
[2025-08-01T02:23:41.936+0000] GC(494) Pause Young (Allocation Failure) 2413M->2242M(4029M) 125.877ms
[2025-08-01T02:23:41.936+0000] GC(494) User=0.96s Sys=0.02s Real=0.13s
[2025-08-01T02:23:42.031+0000] GC(495) Pause Young (Allocation Failure)
[2025-08-01T02:23:42.031+0000] GC(495) Using 8 workers of 8 for evacuation
[2025-08-01T02:23:42.160+0000] GC(495) ParNew: 613440K->68096K(613440K)
[2025-08-01T02:23:42.160+0000] GC(495) CMS: 2228435K->2654201K(3512768K)
[2025-08-01T02:23:42.160+0000] GC(495) Metaspace: 9703K(12544K)->9703K(12544K) NonClass: 8537K(11008K)->8537K(11008K) Class: 1166K(1536K)->1166K(1536K)
[2025-08-01T02:23:42.161+0000] GC(495) Pause Young (Allocation Failure) 2775M->2658M(4029M) 129.154ms
[2025-08-01T02:23:42.161+0000] GC(495) User=0.97s Sys=0.01s Real=0.13s
[2025-08-01T02:23:42.262+0000] GC(496) Pause Young (Allocation Failure)
[2025-08-01T02:23:42.262+0000] GC(496) Using 8 workers of 8 for evacuation
[2025-08-01T02:23:42.435+0000] GC(496) ParNew: 613440K->68096K(613440K)
[2025-08-01T02:23:42.435+0000] GC(496) CMS: 2654201K->3196488K(3512768K)
[2025-08-01T02:23:42.435+0000] GC(496) Metaspace: 9703K(12544K)->9703K(12544K) NonClass: 8537K(11008K)->8537K(11008K) Class: 1166K(1536K)->1166K(1536K)
[2025-08-01T02:23:42.435+0000] GC(496) Pause Young (Allocation Failure) 3191M->3188M(4029M) 173.475ms
[2025-08-01T02:23:42.435+0000] GC(496) User=1.32s Sys=0.02s Real=0.18s
[2025-08-01T02:23:42.527+0000] GC(497) Pause Young (Allocation Failure)
[2025-08-01T02:23:42.527+0000] GC(497) Using 8 workers of 8 for evacuation
[2025-08-01T02:23:42.527+0000] GC(498) Pause Full (Allocation Failure)
[2025-08-01T02:23:42.567+0000] GC(493) Concurrent Mark 854.506ms
[2025-08-01T02:23:42.567+0000] GC(493) User=4.73s Sys=0.06s Real=0.86s
[2025-08-01T02:23:42.568+0000] GC(498) Phase 1: Mark live objects
[2025-08-01T02:23:42.637+0000] GC(498) Phase 1: Mark live objects 69.377ms
[2025-08-01T02:23:42.637+0000] GC(498) Phase 2: Compute new object addresses
[2025-08-01T02:23:43.160+0000] GC(498) Phase 2: Compute new object addresses 522.957ms
[2025-08-01T02:23:43.160+0000] GC(498) Phase 3: Adjust pointers
[2025-08-01T02:23:43.236+0000] GC(498) Phase 3: Adjust pointers 75.858ms
[2025-08-01T02:23:43.236+0000] GC(498) Phase 4: Move objects
[2025-08-01T02:23:43.417+0000] GC(498) Phase 4: Move objects 180.853ms
[2025-08-01T02:23:43.433+0000] GC(498) Pause Full (Allocation Failure) 3720M->422M(4029M) 905.759ms
[2025-08-01T02:23:43.433+0000] GC(497) ParNew: 613440K->0K(613440K)
[2025-08-01T02:23:43.433+0000] GC(497) CMS: 3196488K->432647K(3512768K)
[2025-08-01T02:23:43.433+0000] GC(497) Metaspace: 9703K(12544K)->9703K(12544K) NonClass: 8537K(11008K)->8537K(11008K) Class: 1166K(1536K)->1166K(1536K)
[2025-08-01T02:23:43.433+0000] GC(497) Pause Young (Allocation Failure) 3720M->422M(4029M) 906.101ms
[2025-08-01T02:23:43.433+0000] GC(497) User=0.94s Sys=0.00s Real=0.91s
[2025-08-01T02:23:43.535+0000] GC(499) Pause Young (Allocation Failure)
[2025-08-01T02:23:43.535+0000] GC(499) Using 8 workers of 8 for evacuation
[2025-08-01T02:23:43.683+0000] GC(499) ParNew: 545344K->68096K(613440K)
[2025-08-01T02:23:43.683+0000] GC(499) CMS: 432647K->789661K(3512768K)
[2025-08-01T02:23:43.683+0000] GC(499) Metaspace: 9703K(12544K)->9703K(12544K) NonClass: 8537K(11008K)->8537K(11008K) Class: 1166K(1536K)->1166K(1536K)
[2025-08-01T02:23:43.683+0000] GC(499) Pause Young (Allocation Failure) 955M->837M(4029M) 148.301ms
[2025-08-01T02:23:43.683+0000] GC(499) User=1.07s Sys=0.03s Real=0.15s
[2025-08-01T02:23:43.785+0000] GC(500) Pause Young (Allocation Failure)
[2025-08-01T02:23:43.785+0000] GC(500) Using 8 workers of 8 for evacuation
[2025-08-01T02:23:43.972+0000] GC(500) ParNew: 613440K->68096K(613440K)
[2025-08-01T02:23:43.972+0000] GC(500) CMS: 789661K->1332746K(3512768K)
[2025-08-01T02:23:43.972+0000] GC(500) Metaspace: 9703K(12544K)->9703K(12544K) NonClass: 8537K(11008K)->8537K(11008K) Class: 1166K(1536K)->1166K(1536K)
[2025-08-01T02:23:43.972+0000] GC(500) Pause Young (Allocation Failure) 1370M->1368M(4029M) 187.201ms
[2025-08-01T02:23:43.972+0000] GC(500) User=1.43s Sys=0.02s Real=0.18s
[2025-08-01T02:23:43.974+0000] GC(501) Pause Initial Mark
[2025-08-01T02:23:43.977+0000] GC(501) Pause Initial Mark 1378M->1378M(4029M) 3.070ms
[2025-08-01T02:23:43.977+0000] GC(501) User=0.02s Sys=0.00s Real=0.00s
[2025-08-01T02:23:43.977+0000] GC(501) Concurrent Mark
[2025-08-01T02:23:43.977+0000] GC(501) Using 2 workers of 2 for marking
[2025-08-01T02:23:44.103+0000] GC(502) Pause Young (Allocation Failure)
[2025-08-01T02:23:44.103+0000] GC(502) Using 8 workers of 8 for evacuation
[2025-08-01T02:23:44.198+0000] GC(502) ParNew: 613440K->68096K(613440K)
[2025-08-01T02:23:44.199+0000] GC(502) CMS: 1332746K->1554511K(3512768K)
[2025-08-01T02:23:44.199+0000] GC(502) Metaspace: 9703K(12544K)->9703K(12544K) NonClass: 8537K(11008K)->8537K(11008K) Class: 1166K(1536K)->1166K(1536K)
[2025-08-01T02:23:44.199+0000] GC(502) Pause Young (Allocation Failure) 1900M->1584M(4029M) 95.506ms
[2025-08-01T02:23:44.199+0000] GC(502) User=0.72s Sys=0.02s Real=0.09s
[2025-08-01T02:23:44.299+0000] GC(501) Concurrent Mark 322.244ms
[2025-08-01T02:23:44.299+0000] GC(501) User=1.53s Sys=0.02s Real=0.32s
[2025-08-01T02:23:44.299+0000] GC(501) Concurrent Preclean
[2025-08-01T02:23:44.301+0000] GC(503) Pause Young (Allocation Failure)
[2025-08-01T02:23:44.301+0000] GC(503) Using 8 workers of 8 for evacuation
[2025-08-01T02:23:44.454+0000] GC(503) ParNew: 613440K->68096K(613440K)
[2025-08-01T02:23:44.454+0000] GC(503) CMS: 1554511K->1980935K(3512768K)
[2025-08-01T02:23:44.454+0000] GC(503) Metaspace: 9703K(12544K)->9703K(12544K) NonClass: 8537K(11008K)->8537K(11008K) Class: 1166K(1536K)->1166K(1536K)
[2025-08-01T02:23:44.454+0000] GC(503) Pause Young (Allocation Failure) 2117M->2001M(4029M) 152.840ms
[2025-08-01T02:23:44.454+0000] GC(503) User=1.16s Sys=0.03s Real=0.16s
[2025-08-01T02:23:44.551+0000] GC(504) Pause Young (Allocation Failure)
[2025-08-01T02:23:44.551+0000] GC(504) Using 8 workers of 8 for evacuation
[2025-08-01T02:23:44.720+0000] GC(504) ParNew: 613440K->68094K(613440K)
[2025-08-01T02:23:44.720+0000] GC(504) CMS: 1980935K->2458644K(3512768K)
[2025-08-01T02:23:44.720+0000] GC(504) Metaspace: 9703K(12544K)->9703K(12544K) NonClass: 8537K(11008K)->8537K(11008K) Class: 1166K(1536K)->1166K(1536K)
[2025-08-01T02:23:44.720+0000] GC(504) Pause Young (Allocation Failure) 2533M->2467M(4029M) 169.092ms
[2025-08-01T02:23:44.720+0000] GC(504) User=1.26s Sys=0.04s Real=0.17s
[2025-08-01T02:23:44.857+0000] GC(505) Pause Young (Allocation Failure)
[2025-08-01T02:23:44.857+0000] GC(505) Using 8 workers of 8 for evacuation
[2025-08-01T02:23:45.042+0000] GC(505) ParNew: 613438K->68096K(613440K)
[2025-08-01T02:23:45.042+0000] GC(505) CMS: 2458644K->2814711K(3512768K)
[2025-08-01T02:23:45.042+0000] GC(505) Metaspace: 9703K(12544K)->9703K(12544K) NonClass: 8537K(11008K)->8537K(11008K) Class: 1166K(1536K)->1166K(1536K)
[2025-08-01T02:23:45.042+0000] GC(505) Pause Young (Allocation Failure) 3000M->2815M(4029M) 185.054ms
[2025-08-01T02:23:45.042+0000] GC(505) User=1.43s Sys=0.03s Real=0.18s
[2025-08-01T02:23:45.137+0000] GC(506) Pause Young (Allocation Failure)
[2025-08-01T02:23:45.137+0000] GC(506) Using 8 workers of 8 for evacuation
[2025-08-01T02:23:45.259+0000] GC(506) ParNew: 613440K->68096K(613440K)
[2025-08-01T02:23:45.259+0000] GC(506) CMS: 2814711K->3128800K(3512768K)
[2025-08-01T02:23:45.259+0000] GC(506) Metaspace: 9703K(12544K)->9703K(12544K) NonClass: 8537K(11008K)->8537K(11008K) Class: 1166K(1536K)->1166K(1536K)
[2025-08-01T02:23:45.259+0000] GC(506) Pause Young (Allocation Failure) 3347M->3121M(4029M) 122.340ms
[2025-08-01T02:23:45.259+0000] GC(506) User=0.93s Sys=0.03s Real=0.12s
[2025-08-01T02:23:45.361+0000] GC(507) Pause Young (Allocation Failure)
[2025-08-01T02:23:45.361+0000] GC(507) Using 8 workers of 8 for evacuation
[2025-08-01T02:23:45.361+0000] GC(508) Pause Full (Allocation Failure)
[2025-08-01T02:23:45.573+0000] GC(501) Concurrent Preclean 1273.693ms
[2025-08-01T02:23:45.573+0000] GC(501) User=6.09s Sys=0.13s Real=1.28s
[2025-08-01T02:23:45.573+0000] GC(508) Phase 1: Mark live objects
[2025-08-01T02:23:45.751+0000] GC(508) Phase 1: Mark live objects 177.081ms
[2025-08-01T02:23:45.751+0000] GC(508) Phase 2: Compute new object addresses
[2025-08-01T02:23:46.192+0000] GC(508) Phase 2: Compute new object addresses 441.783ms
[2025-08-01T02:23:46.192+0000] GC(508) Phase 3: Adjust pointers
[2025-08-01T02:23:46.345+0000] GC(508) Phase 3: Adjust pointers 152.903ms
[2025-08-01T02:23:46.345+0000] GC(508) Phase 4: Move objects
[2025-08-01T02:23:46.764+0000] GC(508) Phase 4: Move objects 418.980ms
[2025-08-01T02:23:46.781+0000] GC(508) Pause Full (Allocation Failure) 3654M->1054M(4029M) 1419.593ms
[2025-08-01T02:23:46.781+0000] GC(507) ParNew: 613440K->0K(613440K)
[2025-08-01T02:23:46.781+0000] GC(507) CMS: 3128800K->1079445K(3512768K)
[2025-08-01T02:23:46.781+0000] GC(507) Metaspace: 9703K(12544K)->9703K(12544K) NonClass: 8537K(11008K)->8537K(11008K) Class: 1166K(1536K)->1166K(1536K)
[2025-08-01T02:23:46.781+0000] GC(507) Pause Young (Allocation Failure) 3654M->1054M(4029M) 1419.803ms
[2025-08-01T02:23:46.781+0000] GC(507) User=1.43s Sys=0.00s Real=1.42s
[2025-08-01T02:23:46.932+0000] GC(509) Pause Young (Allocation Failure)
[2025-08-01T02:23:46.932+0000] GC(509) Using 8 workers of 8 for evacuation
[2025-08-01T02:23:47.119+0000] GC(509) ParNew: 545344K->68096K(613440K)
[2025-08-01T02:23:47.119+0000] GC(509) CMS: 1079445K->1547569K(3512768K)
[2025-08-01T02:23:47.119+0000] GC(509) Metaspace: 9703K(12544K)->9703K(12544K) NonClass: 8537K(11008K)->8537K(11008K) Class: 1166K(1536K)->1166K(1536K)
[2025-08-01T02:23:47.119+0000] GC(509) Pause Young (Allocation Failure) 1586M->1577M(4029M) 187.185ms
[2025-08-01T02:23:47.119+0000] GC(509) User=1.39s Sys=0.05s Real=0.19s
[2025-08-01T02:23:47.217+0000] GC(510) Pause Young (Allocation Failure)
[2025-08-01T02:23:47.218+0000] GC(510) Using 8 workers of 8 for evacuation
[2025-08-01T02:23:47.476+0000] GC(510) ParNew: 613440K->68096K(613440K)
[2025-08-01T02:23:47.476+0000] GC(510) CMS: 1547569K->2035728K(3512768K)
[2025-08-01T02:23:47.476+0000] GC(510) Metaspace: 9703K(12544K)->9703K(12544K) NonClass: 8537K(11008K)->8537K(11008K) Class: 1166K(1536K)->1166K(1536K)
[2025-08-01T02:23:47.476+0000] GC(510) Pause Young (Allocation Failure) 2110M->2054M(4029M) 258.812ms
[2025-08-01T02:23:47.476+0000] GC(510) User=1.91s Sys=0.06s Real=0.26s
[2025-08-01T02:23:47.477+0000] GC(511) Pause Initial Mark
[2025-08-01T02:23:47.480+0000] GC(511) Pause Initial Mark 2059M->2059M(4029M) 3.074ms
[2025-08-01T02:23:47.480+0000] GC(511) User=0.02s Sys=0.00s Real=0.00s
[2025-08-01T02:23:47.480+0000] GC(511) Concurrent Mark
[2025-08-01T02:23:47.480+0000] GC(511) Using 2 workers of 2 for marking
[2025-08-01T02:23:47.627+0000] GC(511) Concurrent Mark 146.862ms
[2025-08-01T02:23:47.627+0000] GC(511) User=0.44s Sys=0.00s Real=0.15s
[2025-08-01T02:23:47.627+0000] GC(511) Concurrent Preclean
[2025-08-01T02:23:47.632+0000] GC(512) Pause Young (Allocation Failure)
[2025-08-01T02:23:47.632+0000] GC(512) Using 8 workers of 8 for evacuation
[2025-08-01T02:23:47.784+0000] GC(512) ParNew: 613440K->68096K(613440K)
[2025-08-01T02:23:47.784+0000] GC(512) CMS: 2035728K->2520102K(3512768K)
[2025-08-01T02:23:47.784+0000] GC(512) Metaspace: 9703K(12544K)->9703K(12544K) NonClass: 8537K(11008K)->8537K(11008K) Class: 1166K(1536K)->1166K(1536K)
[2025-08-01T02:23:47.784+0000] GC(512) Pause Young (Allocation Failure) 2587M->2527M(4029M) 151.512ms
[2025-08-01T02:23:47.784+0000] GC(512) User=1.18s Sys=0.01s Real=0.16s
[2025-08-01T02:23:47.789+0000] GC(511) Concurrent Preclean 161.638ms
[2025-08-01T02:23:47.789+0000] GC(511) User=1.22s Sys=0.01s Real=0.16s
[2025-08-01T02:23:47.789+0000] GC(511) Concurrent Abortable Preclean
[2025-08-01T02:23:47.875+0000] GC(513) Pause Young (Allocation Failure)
[2025-08-01T02:23:47.875+0000] GC(513) Using 8 workers of 8 for evacuation
[2025-08-01T02:23:48.023+0000] GC(513) ParNew: 613440K->68096K(613440K)
[2025-08-01T02:23:48.023+0000] GC(513) CMS: 2520102K->2955183K(3512768K)
[2025-08-01T02:23:48.023+0000] GC(513) Metaspace: 9703K(12544K)->9703K(12544K) NonClass: 8537K(11008K)->8537K(11008K) Class: 1166K(1536K)->1166K(1536K)
[2025-08-01T02:23:48.023+0000] GC(513) Pause Young (Allocation Failure) 3060M->2952M(4029M) 148.730ms
[2025-08-01T02:23:48.023+0000] GC(513) User=1.08s Sys=0.02s Real=0.15s
[2025-08-01T02:23:48.121+0000] GC(514) Pause Young (Allocation Failure)
[2025-08-01T02:23:48.121+0000] GC(514) Using 8 workers of 8 for evacuation
[2025-08-01T02:23:48.250+0000] GC(514) ParNew: 613440K->68096K(613440K)
[2025-08-01T02:23:48.250+0000] GC(514) CMS: 2955183K->3345970K(3512768K)
[2025-08-01T02:23:48.250+0000] GC(514) Metaspace: 9703K(12544K)->9703K(12544K) NonClass: 8537K(11008K)->8537K(11008K) Class: 1166K(1536K)->1166K(1536K)
[2025-08-01T02:23:48.250+0000] GC(514) Pause Young (Allocation Failure) 3484M->3334M(4029M) 129.221ms
[2025-08-01T02:23:48.250+0000] GC(514) User=1.00s Sys=0.00s Real=0.13s
[2025-08-01T02:23:48.345+0000] GC(515) Pause Young (Allocation Failure)
[2025-08-01T02:23:48.345+0000] GC(515) Using 8 workers of 8 for evacuation
[2025-08-01T02:23:48.345+0000] GC(516) Pause Full (Allocation Failure)
[2025-08-01T02:23:48.584+0000] GC(511) Concurrent Abortable Preclean 794.712ms
[2025-08-01T02:23:48.584+0000] GC(511) User=3.00s Sys=0.03s Real=0.79s
[2025-08-01T02:23:48.584+0000] GC(516) Phase 1: Mark live objects
[2025-08-01T02:23:48.703+0000] GC(516) Phase 1: Mark live objects 119.271ms
[2025-08-01T02:23:48.704+0000] GC(516) Phase 2: Compute new object addresses
[2025-08-01T02:23:49.214+0000] GC(516) Phase 2: Compute new object addresses 509.937ms
[2025-08-01T02:23:49.214+0000] GC(516) Phase 3: Adjust pointers
[2025-08-01T02:23:49.313+0000] GC(516) Phase 3: Adjust pointers 99.624ms
[2025-08-01T02:23:49.313+0000] GC(516) Phase 4: Move objects
[2025-08-01T02:23:49.566+0000] GC(516) Phase 4: Move objects 252.651ms
[2025-08-01T02:23:49.581+0000] GC(516) Pause Full (Allocation Failure) 3866M->630M(4029M) 1235.493ms
[2025-08-01T02:23:49.581+0000] GC(515) ParNew: 613440K->0K(613440K)
[2025-08-01T02:23:49.581+0000] GC(515) CMS: 3345970K->645926K(3512768K)
[2025-08-01T02:23:49.581+0000] GC(515) Metaspace: 9703K(12544K)->9703K(12544K) NonClass: 8537K(11008K)->8537K(11008K) Class: 1166K(1536K)->1166K(1536K)
[2025-08-01T02:23:49.581+0000] GC(515) Pause Young (Allocation Failure) 3866M->630M(4029M) 1235.757ms
[2025-08-01T02:23:49.581+0000] GC(515) User=1.24s Sys=0.00s Real=1.23s
[2025-08-01T02:23:49.676+0000] GC(517) Pause Young (Allocation Failure)
[2025-08-01T02:23:49.676+0000] GC(517) Using 8 workers of 8 for evacuation
[2025-08-01T02:23:49.796+0000] GC(517) ParNew: 545344K->68096K(613440K)
[2025-08-01T02:23:49.796+0000] GC(517) CMS: 645926K->990705K(3512768K)
[2025-08-01T02:23:49.796+0000] GC(517) Metaspace: 9703K(12544K)->9703K(12544K) NonClass: 8537K(11008K)->8537K(11008K) Class: 1166K(1536K)->1166K(1536K)
[2025-08-01T02:23:49.796+0000] GC(517) Pause Young (Allocation Failure) 1163M->1033M(4029M) 120.376ms
[2025-08-01T02:23:49.796+0000] GC(517) User=0.93s Sys=0.00s Real=0.12s
[2025-08-01T02:23:49.886+0000] GC(518) Pause Young (Allocation Failure)
[2025-08-01T02:23:49.886+0000] GC(518) Using 8 workers of 8 for evacuation
[2025-08-01T02:23:50.070+0000] GC(518) ParNew: 613440K->68096K(613440K)
[2025-08-01T02:23:50.070+0000] GC(518) CMS: 990705K->1533358K(3512768K)
[2025-08-01T02:23:50.070+0000] GC(518) Metaspace: 9703K(12544K)->9703K(12544K) NonClass: 8537K(11008K)->8537K(11008K) Class: 1166K(1536K)->1166K(1536K)
[2025-08-01T02:23:50.070+0000] GC(518) Pause Young (Allocation Failure) 1566M->1563M(4029M) 183.732ms
[2025-08-01T02:23:50.070+0000] GC(518) User=1.38s Sys=0.03s Real=0.18s
[2025-08-01T02:23:50.071+0000] GC(519) Pause Initial Mark
[2025-08-01T02:23:50.075+0000] GC(519) Pause Initial Mark 1571M->1571M(4029M) 3.906ms
[2025-08-01T02:23:50.075+0000] GC(519) User=0.02s Sys=0.00s Real=0.01s
[2025-08-01T02:23:50.075+0000] GC(519) Concurrent Mark
[2025-08-01T02:23:50.075+0000] GC(519) Using 2 workers of 2 for marking
[2025-08-01T02:23:50.170+0000] GC(520) Pause Young (Allocation Failure)
[2025-08-01T02:23:50.170+0000] GC(520) Using 8 workers of 8 for evacuation
[2025-08-01T02:23:50.257+0000] GC(520) ParNew: 613440K->68096K(613440K)
[2025-08-01T02:23:50.257+0000] GC(520) CMS: 1533358K->1758199K(3512768K)
[2025-08-01T02:23:50.257+0000] GC(520) Metaspace: 9703K(12544K)->9703K(12544K) NonClass: 8537K(11008K)->8537K(11008K) Class: 1166K(1536K)->1166K(1536K)
[2025-08-01T02:23:50.257+0000] GC(520) Pause Young (Allocation Failure) 2096M->1783M(4029M) 87.089ms
[2025-08-01T02:23:50.257+0000] GC(520) User=0.67s Sys=0.01s Real=0.09s
[2025-08-01T02:23:50.388+0000] GC(521) Pause Young (Allocation Failure)
[2025-08-01T02:23:50.389+0000] GC(521) Using 8 workers of 8 for evacuation
[2025-08-01T02:23:50.589+0000] GC(521) ParNew: 613440K->68096K(613440K)
[2025-08-01T02:23:50.589+0000] GC(521) CMS: 1758199K->2302086K(3512768K)
[2025-08-01T02:23:50.589+0000] GC(521) Metaspace: 9703K(12544K)->9703K(12544K) NonClass: 8537K(11008K)->8537K(11008K) Class: 1166K(1536K)->1166K(1536K)
[2025-08-01T02:23:50.589+0000] GC(521) Pause Young (Allocation Failure) 2316M->2314M(4029M) 200.800ms
[2025-08-01T02:23:50.589+0000] GC(521) User=1.53s Sys=0.04s Real=0.20s
[2025-08-01T02:23:50.685+0000] GC(522) Pause Young (Allocation Failure)
[2025-08-01T02:23:50.685+0000] GC(522) Using 8 workers of 8 for evacuation
[2025-08-01T02:23:50.827+0000] GC(522) ParNew: 613440K->68096K(613440K)
[2025-08-01T02:23:50.827+0000] GC(522) CMS: 2302086K->2741827K(3512768K)
[2025-08-01T02:23:50.827+0000] GC(522) Metaspace: 9703K(12544K)->9703K(12544K) NonClass: 8537K(11008K)->8537K(11008K) Class: 1166K(1536K)->1166K(1536K)
[2025-08-01T02:23:50.827+0000] GC(522) Pause Young (Allocation Failure) 2847M->2744M(4029M) 141.625ms
[2025-08-01T02:23:50.827+0000] GC(522) User=1.10s Sys=0.02s Real=0.14s
[2025-08-01T02:23:50.891+0000] GC(519) Concurrent Mark 815.482ms
[2025-08-01T02:23:50.891+0000] GC(519) User=4.61s Sys=0.07s Real=0.81s
[2025-08-01T02:23:50.891+0000] GC(519) Concurrent Preclean
[2025-08-01T02:23:50.934+0000] GC(523) Pause Young (Allocation Failure)
[2025-08-01T02:23:50.934+0000] GC(523) Using 8 workers of 8 for evacuation
[2025-08-01T02:23:51.009+0000] GC(523) ParNew: 613440K->68096K(613440K)
[2025-08-01T02:23:51.009+0000] GC(523) CMS: 2741827K->2834660K(3512768K)
[2025-08-01T02:23:51.009+0000] GC(523) Metaspace: 9703K(12544K)->9703K(12544K) NonClass: 8537K(11008K)->8537K(11008K) Class: 1166K(1536K)->1166K(1536K)
[2025-08-01T02:23:51.009+0000] GC(523) Pause Young (Allocation Failure) 3276M->2834M(4029M) 74.654ms
[2025-08-01T02:23:51.009+0000] GC(523) User=0.57s Sys=0.01s Real=0.07s
[2025-08-01T02:23:51.103+0000] GC(524) Pause Young (Allocation Failure)
[2025-08-01T02:23:51.103+0000] GC(524) Using 8 workers of 8 for evacuation
[2025-08-01T02:23:51.272+0000] GC(524) ParNew: 613440K->68096K(613440K)
[2025-08-01T02:23:51.272+0000] GC(524) CMS: 2834660K->3377914K(3512768K)
[2025-08-01T02:23:51.272+0000] GC(524) Metaspace: 9703K(12544K)->9703K(12544K) NonClass: 8537K(11008K)->8537K(11008K) Class: 1166K(1536K)->1166K(1536K)
[2025-08-01T02:23:51.272+0000] GC(524) Pause Young (Allocation Failure) 3367M->3365M(4029M) 169.387ms
[2025-08-01T02:23:51.273+0000] GC(524) User=1.29s Sys=0.03s Real=0.16s
[2025-08-01T02:23:51.369+0000] GC(525) Pause Young (Allocation Failure)
[2025-08-01T02:23:51.369+0000] GC(525) Using 8 workers of 8 for evacuation
[2025-08-01T02:23:51.369+0000] GC(526) Pause Full (Allocation Failure)
[2025-08-01T02:23:51.740+0000] GC(519) Concurrent Preclean 849.295ms
[2025-08-01T02:23:51.740+0000] GC(519) User=2.93s Sys=0.04s Real=0.85s
[2025-08-01T02:23:51.741+0000] GC(526) Phase 1: Mark live objects
[2025-08-01T02:23:51.934+0000] GC(526) Phase 1: Mark live objects 193.854ms
[2025-08-01T02:23:51.934+0000] GC(526) Phase 2: Compute new object addresses
[2025-08-01T02:23:52.463+0000] GC(526) Phase 2: Compute new object addresses 528.812ms
[2025-08-01T02:23:52.463+0000] GC(526) Phase 3: Adjust pointers
[2025-08-01T02:23:52.672+0000] GC(526) Phase 3: Adjust pointers 209.004ms
[2025-08-01T02:23:52.672+0000] GC(526) Phase 4: Move objects
[2025-08-01T02:23:53.247+0000] GC(526) Phase 4: Move objects 574.830ms
[2025-08-01T02:23:53.260+0000] GC(526) Pause Full (Allocation Failure) 3897M->1260M(4029M) 1891.097ms
[2025-08-01T02:23:53.260+0000] GC(525) ParNew: 613440K->0K(613440K)
[2025-08-01T02:23:53.260+0000] GC(525) CMS: 3377914K->1290512K(3512768K)
[2025-08-01T02:23:53.260+0000] GC(525) Metaspace: 9703K(12544K)->9703K(12544K) NonClass: 8537K(11008K)->8537K(11008K) Class: 1166K(1536K)->1166K(1536K)
[2025-08-01T02:23:53.260+0000] GC(525) Pause Young (Allocation Failure) 3897M->1260M(4029M) 1891.498ms
[2025-08-01T02:23:53.260+0000] GC(525) User=1.90s Sys=0.00s Real=1.89s
[2025-08-01T02:23:53.369+0000] GC(527) Pause Young (Allocation Failure)
[2025-08-01T02:23:53.369+0000] GC(527) Using 8 workers of 8 for evacuation
[2025-08-01T02:23:53.574+0000] GC(527) ParNew: 545344K->68096K(613440K)
[2025-08-01T02:23:53.574+0000] GC(527) CMS: 1290512K->1756361K(3512768K)
[2025-08-01T02:23:53.574+0000] GC(527) Metaspace: 9703K(12544K)->9703K(12544K) NonClass: 8537K(11008K)->8537K(11008K) Class: 1166K(1536K)->1166K(1536K)
[2025-08-01T02:23:53.574+0000] GC(527) Pause Young (Allocation Failure) 1792M->1781M(4029M) 205.476ms
[2025-08-01T02:23:53.574+0000] GC(527) User=1.55s Sys=0.04s Real=0.21s
[2025-08-01T02:23:53.669+0000] GC(528) Pause Young (Allocation Failure)
[2025-08-01T02:23:53.669+0000] GC(528) Using 8 workers of 8 for evacuation
[2025-08-01T02:23:53.789+0000] GC(528) ParNew: 613440K->68096K(613440K)
[2025-08-01T02:23:53.789+0000] GC(528) CMS: 1756361K->2125076K(3512768K)
[2025-08-01T02:23:53.789+0000] GC(528) Metaspace: 9703K(12544K)->9703K(12544K) NonClass: 8537K(11008K)->8537K(11008K) Class: 1166K(1536K)->1166K(1536K)
[2025-08-01T02:23:53.789+0000] GC(528) Pause Young (Allocation Failure) 2314M->2141M(4029M) 120.396ms
[2025-08-01T02:23:53.789+0000] GC(528) User=0.92s Sys=0.01s Real=0.12s
[2025-08-01T02:23:53.790+0000] GC(529) Pause Initial Mark
[2025-08-01T02:23:53.794+0000] GC(529) Pause Initial Mark 2149M->2149M(4029M) 3.965ms
[2025-08-01T02:23:53.794+0000] GC(529) User=0.02s Sys=0.00s Real=0.01s
[2025-08-01T02:23:53.794+0000] GC(529) Concurrent Mark
[2025-08-01T02:23:53.794+0000] GC(529) Using 2 workers of 2 for marking
[2025-08-01T02:23:53.889+0000] GC(530) Pause Young (Allocation Failure)
[2025-08-01T02:23:53.889+0000] GC(530) Using 8 workers of 8 for evacuation
[2025-08-01T02:23:54.108+0000] GC(530) ParNew: 613440K->68096K(613440K)
[2025-08-01T02:23:54.108+0000] GC(530) CMS: 2125076K->2668065K(3512768K)
[2025-08-01T02:23:54.109+0000] GC(530) Metaspace: 9703K(12544K)->9703K(12544K) NonClass: 8537K(11008K)->8537K(11008K) Class: 1166K(1536K)->1166K(1536K)
[2025-08-01T02:23:54.109+0000] GC(530) Pause Young (Allocation Failure) 2674M->2672M(4029M) 219.142ms
[2025-08-01T02:23:54.109+0000] GC(530) User=1.62s Sys=0.06s Real=0.22s
[2025-08-01T02:23:54.210+0000] GC(531) Pause Young (Allocation Failure)
[2025-08-01T02:23:54.210+0000] GC(531) Using 8 workers of 8 for evacuation
[2025-08-01T02:23:54.374+0000] GC(531) ParNew: 613440K->68096K(613440K)
[2025-08-01T02:23:54.374+0000] GC(531) CMS: 2668065K->3099039K(3512768K)
[2025-08-01T02:23:54.374+0000] GC(531) Metaspace: 9703K(12544K)->9703K(12544K) NonClass: 8537K(11008K)->8537K(11008K) Class: 1166K(1536K)->1166K(1536K)
[2025-08-01T02:23:54.374+0000] GC(531) Pause Young (Allocation Failure) 3204M->3092M(4029M) 163.844ms
[2025-08-01T02:23:54.374+0000] GC(531) User=1.24s Sys=0.04s Real=0.17s
[2025-08-01T02:23:54.445+0000] GC(529) Concurrent Mark 650.880ms
[2025-08-01T02:23:54.445+0000] GC(529) User=3.80s Sys=0.11s Real=0.65s
[2025-08-01T02:23:54.445+0000] GC(529) Concurrent Preclean
[2025-08-01T02:23:54.476+0000] GC(532) Pause Young (Allocation Failure)
[2025-08-01T02:23:54.476+0000] GC(532) Using 8 workers of 8 for evacuation
[2025-08-01T02:23:54.476+0000] GC(533) Pause Full (Allocation Failure)
[2025-08-01T02:23:54.798+0000] GC(529) Concurrent Preclean 352.640ms
[2025-08-01T02:23:54.798+0000] GC(529) User=0.44s Sys=0.00s Real=0.35s
[2025-08-01T02:23:54.798+0000] GC(533) Phase 1: Mark live objects
[2025-08-01T02:23:54.830+0000] GC(533) Phase 1: Mark live objects 31.569ms
[2025-08-01T02:23:54.830+0000] GC(533) Phase 2: Compute new object addresses
[2025-08-01T02:23:55.309+0000] GC(533) Phase 2: Compute new object addresses 478.765ms
[2025-08-01T02:23:55.309+0000] GC(533) Phase 3: Adjust pointers
[2025-08-01T02:23:55.360+0000] GC(533) Phase 3: Adjust pointers 51.597ms
[2025-08-01T02:23:55.361+0000] GC(533) Phase 4: Move objects
[2025-08-01T02:23:55.487+0000] GC(533) Phase 4: Move objects 125.938ms
[2025-08-01T02:23:55.501+0000] GC(533) Pause Full (Allocation Failure) 3625M->299M(4029M) 1024.433ms
[2025-08-01T02:23:55.501+0000] GC(532) ParNew: 613440K->0K(613440K)
[2025-08-01T02:23:55.501+0000] GC(532) CMS: 3099039K->306194K(3512768K)
[2025-08-01T02:23:55.501+0000] GC(532) Metaspace: 9703K(12544K)->9703K(12544K) NonClass: 8537K(11008K)->8537K(11008K) Class: 1166K(1536K)->1166K(1536K)
[2025-08-01T02:23:55.501+0000] GC(532) Pause Young (Allocation Failure) 3625M->299M(4029M) 1024.690ms
[2025-08-01T02:23:55.501+0000] GC(532) User=1.03s Sys=0.00s Real=1.02s
[2025-08-01T02:23:55.610+0000] GC(534) Pause Young (Allocation Failure)
[2025-08-01T02:23:55.610+0000] GC(534) Using 8 workers of 8 for evacuation
[2025-08-01T02:23:55.777+0000] GC(534) ParNew: 545344K->68096K(613440K)
[2025-08-01T02:23:55.777+0000] GC(534) CMS: 306194K->782549K(3512768K)
[2025-08-01T02:23:55.777+0000] GC(534) Metaspace: 9703K(12544K)->9703K(12544K) NonClass: 8537K(11008K)->8537K(11008K) Class: 1166K(1536K)->1166K(1536K)
[2025-08-01T02:23:55.777+0000] GC(534) Pause Young (Allocation Failure) 831M->830M(4029M) 167.131ms
[2025-08-01T02:23:55.777+0000] GC(534) User=1.28s Sys=0.01s Real=0.17s
[2025-08-01T02:23:55.869+0000] GC(535) Pause Young (Allocation Failure)
[2025-08-01T02:23:55.870+0000] GC(535) Using 8 workers of 8 for evacuation
[2025-08-01T02:23:56.039+0000] GC(535) ParNew: 613440K->68096K(613440K)
[2025-08-01T02:23:56.039+0000] GC(535) CMS: 782549K->1325469K(3512768K)
[2025-08-01T02:23:56.039+0000] GC(535) Metaspace: 9703K(12544K)->9703K(12544K) NonClass: 8537K(11008K)->8537K(11008K) Class: 1166K(1536K)->1166K(1536K)
[2025-08-01T02:23:56.039+0000] GC(535) Pause Young (Allocation Failure) 1363M->1360M(4029M) 169.780ms
[2025-08-01T02:23:56.039+0000] GC(535) User=1.30s Sys=0.02s Real=0.17s
[2025-08-01T02:23:56.040+0000] GC(536) Pause Initial Mark
[2025-08-01T02:23:56.044+0000] GC(536) Pause Initial Mark 1368M->1368M(4029M) 4.273ms
[2025-08-01T02:23:56.044+0000] GC(536) User=0.02s Sys=0.00s Real=0.01s
[2025-08-01T02:23:56.044+0000] GC(536) Concurrent Mark
[2025-08-01T02:23:56.044+0000] GC(536) Using 2 workers of 2 for marking
[2025-08-01T02:23:56.150+0000] GC(537) Pause Young (Allocation Failure)
[2025-08-01T02:23:56.150+0000] GC(537) Using 8 workers of 8 for evacuation
[2025-08-01T02:23:56.239+0000] GC(537) ParNew: 613440K->68096K(613440K)
[2025-08-01T02:23:56.239+0000] GC(537) CMS: 1325469K->1523730K(3512768K)
[2025-08-01T02:23:56.239+0000] GC(537) Metaspace: 9703K(12544K)->9703K(12544K) NonClass: 8537K(11008K)->8537K(11008K) Class: 1166K(1536K)->1166K(1536K)
[2025-08-01T02:23:56.239+0000] GC(537) Pause Young (Allocation Failure) 1893M->1554M(4029M) 89.860ms
[2025-08-01T02:23:56.239+0000] GC(537) User=0.69s Sys=0.02s Real=0.09s
[2025-08-01T02:23:56.336+0000] GC(538) Pause Young (Allocation Failure)
[2025-08-01T02:23:56.336+0000] GC(538) Using 8 workers of 8 for evacuation
[2025-08-01T02:23:56.490+0000] GC(538) ParNew: 613440K->68096K(613440K)
[2025-08-01T02:23:56.491+0000] GC(538) CMS: 1523730K->2020470K(3512768K)
[2025-08-01T02:23:56.491+0000] GC(538) Metaspace: 9703K(12544K)->9703K(12544K) NonClass: 8537K(11008K)->8537K(11008K) Class: 1166K(1536K)->1166K(1536K)
[2025-08-01T02:23:56.491+0000] GC(538) Pause Young (Allocation Failure) 2087M->2039M(4029M) 154.763ms
[2025-08-01T02:23:56.491+0000] GC(538) User=1.19s Sys=0.02s Real=0.15s
[2025-08-01T02:23:56.596+0000] GC(539) Pause Young (Allocation Failure)
[2025-08-01T02:23:56.596+0000] GC(539) Using 8 workers of 8 for evacuation
[2025-08-01T02:23:56.763+0000] GC(539) ParNew: 613440K->68096K(613440K)
[2025-08-01T02:23:56.763+0000] GC(539) CMS: 2020470K->2565912K(3512768K)
[2025-08-01T02:23:56.763+0000] GC(539) Metaspace: 9703K(12544K)->9703K(12544K) NonClass: 8537K(11008K)->8537K(11008K) Class: 1166K(1536K)->1166K(1536K)
[2025-08-01T02:23:56.763+0000] GC(539) Pause Young (Allocation Failure) 2572M->2572M(4029M) 166.926ms
[2025-08-01T02:23:56.763+0000] GC(539) User=1.28s Sys=0.01s Real=0.17s
[2025-08-01T02:23:56.922+0000] GC(540) Pause Young (Allocation Failure)
[2025-08-01T02:23:56.922+0000] GC(540) Using 8 workers of 8 for evacuation
[2025-08-01T02:23:57.081+0000] GC(540) ParNew: 613440K->68096K(613440K)
[2025-08-01T02:23:57.081+0000] GC(540) CMS: 2565912K->2983577K(3512768K)
[2025-08-01T02:23:57.081+0000] GC(540) Metaspace: 9703K(12544K)->9703K(12544K) NonClass: 8537K(11008K)->8537K(11008K) Class: 1166K(1536K)->1166K(1536K)
[2025-08-01T02:23:57.081+0000] GC(540) Pause Young (Allocation Failure) 3104M->2980M(4029M) 159.416ms
[2025-08-01T02:23:57.081+0000] GC(540) User=1.21s Sys=0.02s Real=0.16s
[2025-08-01T02:23:57.154+0000] GC(536) Concurrent Mark 1109.677ms
[2025-08-01T02:23:57.154+0000] GC(536) User=6.34s Sys=0.08s Real=1.11s
[2025-08-01T02:23:57.154+0000] GC(536) Concurrent Preclean
[2025-08-01T02:23:57.181+0000] GC(541) Pause Young (Allocation Failure)
[2025-08-01T02:23:57.181+0000] GC(541) Using 8 workers of 8 for evacuation
[2025-08-01T02:23:57.181+0000] GC(542) Pause Full (Allocation Failure)
[2025-08-01T02:23:57.706+0000] GC(536) Concurrent Preclean 551.663ms
[2025-08-01T02:23:57.706+0000] GC(536) User=0.65s Sys=0.00s Real=0.55s
[2025-08-01T02:23:57.707+0000] GC(542) Phase 1: Mark live objects
[2025-08-01T02:23:57.780+0000] GC(542) Phase 1: Mark live objects 73.199ms
[2025-08-01T02:23:57.780+0000] GC(542) Phase 2: Compute new object addresses
[2025-08-01T02:23:58.208+0000] GC(542) Phase 2: Compute new object addresses 428.161ms
[2025-08-01T02:23:58.208+0000] GC(542) Phase 3: Adjust pointers
[2025-08-01T02:23:58.295+0000] GC(542) Phase 3: Adjust pointers 86.893ms
[2025-08-01T02:23:58.295+0000] GC(542) Phase 4: Move objects
[2025-08-01T02:23:58.486+0000] GC(542) Phase 4: Move objects 190.695ms
[2025-08-01T02:23:58.503+0000] GC(542) Pause Full (Allocation Failure) 3512M->402M(4029M) 1321.920ms
[2025-08-01T02:23:58.503+0000] GC(541) ParNew: 613440K->0K(613440K)
[2025-08-01T02:23:58.503+0000] GC(541) CMS: 2983577K->411877K(3512768K)
[2025-08-01T02:23:58.503+0000] GC(541) Metaspace: 9703K(12544K)->9703K(12544K) NonClass: 8537K(11008K)->8537K(11008K) Class: 1166K(1536K)->1166K(1536K)
[2025-08-01T02:23:58.504+0000] GC(541) Pause Young (Allocation Failure) 3512M->402M(4029M) 1322.199ms
[2025-08-01T02:23:58.504+0000] GC(541) User=1.32s Sys=0.00s Real=1.33s
[2025-08-01T02:23:58.658+0000] GC(543) Pause Young (Allocation Failure)
[2025-08-01T02:23:58.658+0000] GC(543) Using 8 workers of 8 for evacuation
[2025-08-01T02:23:58.860+0000] GC(543) ParNew: 545344K->68094K(613440K)
[2025-08-01T02:23:58.860+0000] GC(543) CMS: 411877K->884914K(3512768K)
[2025-08-01T02:23:58.860+0000] GC(543) Metaspace: 9703K(12544K)->9703K(12544K) NonClass: 8537K(11008K)->8537K(11008K) Class: 1166K(1536K)->1166K(1536K)
[2025-08-01T02:23:58.860+0000] GC(543) Pause Young (Allocation Failure) 934M->930M(4029M) 202.025ms
[2025-08-01T02:23:58.860+0000] GC(543) User=1.57s Sys=0.01s Real=0.20s
[2025-08-01T02:23:58.956+0000] GC(544) Pause Young (Allocation Failure)
[2025-08-01T02:23:58.956+0000] GC(544) Using 8 workers of 8 for evacuation
[2025-08-01T02:23:59.128+0000] GC(544) ParNew: 613438K->68096K(613440K)
[2025-08-01T02:23:59.128+0000] GC(544) CMS: 884914K->1430755K(3512768K)
[2025-08-01T02:23:59.128+0000] GC(544) Metaspace: 9703K(12544K)->9703K(12544K) NonClass: 8537K(11008K)->8537K(11008K) Class: 1166K(1536K)->1166K(1536K)
[2025-08-01T02:23:59.128+0000] GC(544) Pause Young (Allocation Failure) 1463M->1463M(4029M) 172.873ms
[2025-08-01T02:23:59.128+0000] GC(544) User=1.30s Sys=0.01s Real=0.17s
[2025-08-01T02:23:59.129+0000] GC(545) Pause Initial Mark
[2025-08-01T02:23:59.137+0000] GC(545) Pause Initial Mark 1469M->1469M(4029M) 7.796ms
[2025-08-01T02:23:59.137+0000] GC(545) User=0.03s Sys=0.00s Real=0.01s
[2025-08-01T02:23:59.137+0000] GC(545) Concurrent Mark
[2025-08-01T02:23:59.137+0000] GC(545) Using 2 workers of 2 for marking
[2025-08-01T02:23:59.238+0000] GC(546) Pause Young (Allocation Failure)
[2025-08-01T02:23:59.238+0000] GC(546) Using 8 workers of 8 for evacuation
[2025-08-01T02:23:59.366+0000] GC(546) ParNew: 613440K->68096K(613440K)
[2025-08-01T02:23:59.366+0000] GC(546) CMS: 1430755K->1847008K(3512768K)
[2025-08-01T02:23:59.366+0000] GC(546) Metaspace: 9703K(12544K)->9703K(12544K) NonClass: 8537K(11008K)->8537K(11008K) Class: 1166K(1536K)->1166K(1536K)
[2025-08-01T02:23:59.366+0000] GC(546) Pause Young (Allocation Failure) 1996M->1870M(4029M) 128.121ms
[2025-08-01T02:23:59.366+0000] GC(546) User=1.00s Sys=0.01s Real=0.13s
[2025-08-01T02:23:59.506+0000] GC(547) Pause Young (Allocation Failure)
[2025-08-01T02:23:59.506+0000] GC(547) Using 8 workers of 8 for evacuation
[2025-08-01T02:23:59.672+0000] GC(547) ParNew: 613440K->68096K(613440K)
[2025-08-01T02:23:59.672+0000] GC(547) CMS: 1847008K->2358069K(3512768K)
[2025-08-01T02:23:59.672+0000] GC(547) Metaspace: 9703K(12544K)->9703K(12544K) NonClass: 8537K(11008K)->8537K(11008K) Class: 1166K(1536K)->1166K(1536K)
[2025-08-01T02:23:59.672+0000] GC(547) Pause Young (Allocation Failure) 2402M->2369M(4029M) 165.745ms
[2025-08-01T02:23:59.672+0000] GC(547) User=1.28s Sys=0.00s Real=0.16s
[2025-08-01T02:23:59.767+0000] GC(548) Pause Young (Allocation Failure)
[2025-08-01T02:23:59.767+0000] GC(548) Using 8 workers of 8 for evacuation
[2025-08-01T02:23:59.922+0000] GC(548) ParNew: 613440K->68096K(613440K)
[2025-08-01T02:23:59.922+0000] GC(548) CMS: 2358069K->2902634K(3512768K)
[2025-08-01T02:23:59.922+0000] GC(548) Metaspace: 9703K(12544K)->9703K(12544K) NonClass: 8537K(11008K)->8537K(11008K) Class: 1166K(1536K)->1166K(1536K)
[2025-08-01T02:23:59.922+0000] GC(548) Pause Young (Allocation Failure) 2901M->2901M(4029M) 155.636ms
[2025-08-01T02:23:59.922+0000] GC(548) User=1.21s Sys=0.01s Real=0.15s
[2025-08-01T02:24:00.059+0000] GC(549) Pause Young (Allocation Failure)
[2025-08-01T02:24:00.059+0000] GC(549) Using 8 workers of 8 for evacuation
[2025-08-01T02:24:00.059+0000] GC(550) Pause Full (Allocation Failure)
[2025-08-01T02:24:00.091+0000] GC(545) Concurrent Mark 953.465ms
[2025-08-01T02:24:00.091+0000] GC(545) User=5.18s Sys=0.02s Real=0.95s
[2025-08-01T02:24:00.091+0000] GC(550) Phase 1: Mark live objects
[2025-08-01T02:24:00.241+0000] GC(550) Phase 1: Mark live objects 149.970ms
[2025-08-01T02:24:00.241+0000] GC(550) Phase 2: Compute new object addresses
[2025-08-01T02:24:00.670+0000] GC(550) Phase 2: Compute new object addresses 428.588ms
[2025-08-01T02:24:00.670+0000] GC(550) Phase 3: Adjust pointers
[2025-08-01T02:24:00.794+0000] GC(550) Phase 3: Adjust pointers 124.142ms
[2025-08-01T02:24:00.794+0000] GC(550) Phase 4: Move objects
[2025-08-01T02:24:01.158+0000] GC(550) Phase 4: Move objects 363.507ms
[2025-08-01T02:24:01.171+0000] GC(550) Pause Full (Allocation Failure) 3433M->876M(4029M) 1112.713ms
[2025-08-01T02:24:01.172+0000] GC(549) ParNew: 613440K->0K(613440K)
[2025-08-01T02:24:01.172+0000] GC(549) CMS: 2902634K->897289K(3512768K)
[2025-08-01T02:24:01.172+0000] GC(549) Metaspace: 9703K(12544K)->9703K(12544K) NonClass: 8537K(11008K)->8537K(11008K) Class: 1166K(1536K)->1166K(1536K)
[2025-08-01T02:24:01.172+0000] GC(549) Pause Young (Allocation Failure) 3433M->876M(4029M) 1113.423ms
[2025-08-01T02:24:01.172+0000] GC(549) User=1.15s Sys=0.00s Real=1.11s
[2025-08-01T02:24:01.282+0000] GC(551) Pause Young (Allocation Failure)
[2025-08-01T02:24:01.282+0000] GC(551) Using 8 workers of 8 for evacuation
[2025-08-01T02:24:01.447+0000] GC(551) ParNew: 545344K->68096K(613440K)
[2025-08-01T02:24:01.447+0000] GC(551) CMS: 897289K->1234032K(3512768K)
[2025-08-01T02:24:01.447+0000] GC(551) Metaspace: 9703K(12544K)->9703K(12544K) NonClass: 8537K(11008K)->8537K(11008K) Class: 1166K(1536K)->1166K(1536K)
[2025-08-01T02:24:01.447+0000] GC(551) Pause Young (Allocation Failure) 1408M->1271M(4029M) 165.478ms
[2025-08-01T02:24:01.447+0000] GC(551) User=1.27s Sys=0.03s Real=0.17s
[2025-08-01T02:24:01.540+0000] GC(552) Pause Young (Allocation Failure)
[2025-08-01T02:24:01.540+0000] GC(552) Using 8 workers of 8 for evacuation
[2025-08-01T02:24:01.692+0000] GC(552) ParNew: 613440K->68096K(613440K)
[2025-08-01T02:24:01.692+0000] GC(552) CMS: 1234032K->1776528K(3512768K)
[2025-08-01T02:24:01.692+0000] GC(552) Metaspace: 9703K(12544K)->9703K(12544K) NonClass: 8537K(11008K)->8537K(11008K) Class: 1166K(1536K)->1166K(1536K)
[2025-08-01T02:24:01.692+0000] GC(552) Pause Young (Allocation Failure) 1804M->1801M(4029M) 151.874ms
[2025-08-01T02:24:01.692+0000] GC(552) User=1.18s Sys=0.01s Real=0.15s
[2025-08-01T02:24:01.693+0000] GC(553) Pause Initial Mark
[2025-08-01T02:24:01.695+0000] GC(553) Pause Initial Mark 1806M->1806M(4029M) 2.501ms
[2025-08-01T02:24:01.696+0000] GC(553) User=0.02s Sys=0.00s Real=0.00s
[2025-08-01T02:24:01.696+0000] GC(553) Concurrent Mark
[2025-08-01T02:24:01.696+0000] GC(553) Using 2 workers of 2 for marking
[2025-08-01T02:24:01.832+0000] GC(554) Pause Young (Allocation Failure)
[2025-08-01T02:24:01.832+0000] GC(554) Using 8 workers of 8 for evacuation
[2025-08-01T02:24:01.960+0000] GC(554) ParNew: 613440K->68096K(613440K)
[2025-08-01T02:24:01.960+0000] GC(554) CMS: 1776528K->2205078K(3512768K)
[2025-08-01T02:24:01.960+0000] GC(554) Metaspace: 9703K(12544K)->9703K(12544K) NonClass: 8537K(11008K)->8537K(11008K) Class: 1166K(1536K)->1166K(1536K)
[2025-08-01T02:24:01.960+0000] GC(554) Pause Young (Allocation Failure) 2333M->2219M(4029M) 127.984ms
[2025-08-01T02:24:01.960+0000] GC(554) User=0.99s Sys=0.00s Real=0.13s
[2025-08-01T02:24:02.057+0000] GC(555) Pause Young (Allocation Failure)
[2025-08-01T02:24:02.057+0000] GC(555) Using 8 workers of 8 for evacuation
[2025-08-01T02:24:02.141+0000] GC(555) ParNew: 613440K->68096K(613440K)
[2025-08-01T02:24:02.142+0000] GC(555) CMS: 2205078K->2419018K(3512768K)
[2025-08-01T02:24:02.142+0000] GC(555) Metaspace: 9703K(12544K)->9703K(12544K) NonClass: 8537K(11008K)->8537K(11008K) Class: 1166K(1536K)->1166K(1536K)
[2025-08-01T02:24:02.142+0000] GC(555) Pause Young (Allocation Failure) 2752M->2428M(4029M) 84.644ms
[2025-08-01T02:24:02.142+0000] GC(555) User=0.65s Sys=0.02s Real=0.08s
[2025-08-01T02:24:02.194+0000] GC(553) Concurrent Mark 498.209ms
[2025-08-01T02:24:02.194+0000] GC(553) User=2.57s Sys=0.02s Real=0.50s
[2025-08-01T02:24:02.194+0000] GC(553) Concurrent Preclean
[2025-08-01T02:24:02.240+0000] GC(556) Pause Young (Allocation Failure)
[2025-08-01T02:24:02.240+0000] GC(556) Using 8 workers of 8 for evacuation
[2025-08-01T02:24:02.419+0000] GC(556) ParNew: 613440K->68096K(613440K)
[2025-08-01T02:24:02.419+0000] GC(556) CMS: 2419018K->2959494K(3512768K)
[2025-08-01T02:24:02.419+0000] GC(556) Metaspace: 9703K(12544K)->9703K(12544K) NonClass: 8537K(11008K)->8537K(11008K) Class: 1166K(1536K)->1166K(1536K)
[2025-08-01T02:24:02.419+0000] GC(556) Pause Young (Allocation Failure) 2961M->2956M(4029M) 179.095ms
[2025-08-01T02:24:02.419+0000] GC(556) User=1.35s Sys=0.03s Real=0.18s
[2025-08-01T02:24:02.517+0000] GC(557) Pause Young (Allocation Failure)
[2025-08-01T02:24:02.517+0000] GC(557) Using 8 workers of 8 for evacuation
[2025-08-01T02:24:02.517+0000] GC(558) Pause Full (Allocation Failure)
[2025-08-01T02:24:02.764+0000] GC(553) Concurrent Preclean 569.814ms
[2025-08-01T02:24:02.764+0000] GC(553) User=2.01s Sys=0.03s Real=0.57s
[2025-08-01T02:24:02.764+0000] GC(558) Phase 1: Mark live objects
[2025-08-01T02:24:02.973+0000] GC(558) Phase 1: Mark live objects 208.759ms
[2025-08-01T02:24:02.973+0000] GC(558) Phase 2: Compute new object addresses
[2025-08-01T02:24:03.423+0000] GC(558) Phase 2: Compute new object addresses 449.267ms
[2025-08-01T02:24:03.423+0000] GC(558) Phase 3: Adjust pointers
[2025-08-01T02:24:03.637+0000] GC(558) Phase 3: Adjust pointers 214.007ms
[2025-08-01T02:24:03.637+0000] GC(558) Phase 4: Move objects
[2025-08-01T02:24:04.220+0000] GC(558) Phase 4: Move objects 583.017ms
[2025-08-01T02:24:04.232+0000] GC(558) Pause Full (Allocation Failure) 3489M->1347M(4029M) 1714.968ms
[2025-08-01T02:24:04.233+0000] GC(557) ParNew: 613440K->0K(613440K)
[2025-08-01T02:24:04.233+0000] GC(557) CMS: 2959494K->1380060K(3512768K)
[2025-08-01T02:24:04.233+0000] GC(557) Metaspace: 9703K(12544K)->9703K(12544K) NonClass: 8537K(11008K)->8537K(11008K) Class: 1166K(1536K)->1166K(1536K)
[2025-08-01T02:24:04.233+0000] GC(557) Pause Young (Allocation Failure) 3489M->1347M(4029M) 1715.239ms
[2025-08-01T02:24:04.233+0000] GC(557) User=1.72s Sys=0.00s Real=1.71s
[2025-08-01T02:24:04.347+0000] GC(559) Pause Young (Allocation Failure)
[2025-08-01T02:24:04.347+0000] GC(559) Using 8 workers of 8 for evacuation
[2025-08-01T02:24:04.463+0000] GC(559) ParNew: 545344K->68096K(613440K)
[2025-08-01T02:24:04.463+0000] GC(559) CMS: 1380060K->1551531K(3512768K)
[2025-08-01T02:24:04.463+0000] GC(559) Metaspace: 9703K(12544K)->9703K(12544K) NonClass: 8537K(11008K)->8537K(11008K) Class: 1166K(1536K)->1166K(1536K)
[2025-08-01T02:24:04.463+0000] GC(559) Pause Young (Allocation Failure) 1880M->1581M(4029M) 116.821ms
[2025-08-01T02:24:04.463+0000] GC(559) User=0.88s Sys=0.03s Real=0.12s
[2025-08-01T02:24:04.557+0000] GC(560) Pause Young (Allocation Failure)
[2025-08-01T02:24:04.557+0000] GC(560) Using 8 workers of 8 for evacuation
[2025-08-01T02:24:04.726+0000] GC(560) ParNew: 613440K->68096K(613440K)
[2025-08-01T02:24:04.726+0000] GC(560) CMS: 1551531K->2069893K(3512768K)
[2025-08-01T02:24:04.726+0000] GC(560) Metaspace: 9703K(12544K)->9703K(12544K) NonClass: 8537K(11008K)->8537K(11008K) Class: 1166K(1536K)->1166K(1536K)
[2025-08-01T02:24:04.726+0000] GC(560) Pause Young (Allocation Failure) 2114M->2087M(4029M) 168.953ms
[2025-08-01T02:24:04.726+0000] GC(560) User=1.29s Sys=0.02s Real=0.17s
[2025-08-01T02:24:04.728+0000] GC(561) Pause Initial Mark
[2025-08-01T02:24:04.732+0000] GC(561) Pause Initial Mark 2095M->2095M(4029M) 4.839ms
[2025-08-01T02:24:04.733+0000] GC(561) User=0.02s Sys=0.00s Real=0.00s
[2025-08-01T02:24:04.733+0000] GC(561) Concurrent Mark
[2025-08-01T02:24:04.733+0000] GC(561) Using 2 workers of 2 for marking
[2025-08-01T02:24:04.822+0000] GC(562) Pause Young (Allocation Failure)
[2025-08-01T02:24:04.822+0000] GC(562) Using 8 workers of 8 for evacuation
[2025-08-01T02:24:04.994+0000] GC(562) ParNew: 613440K->68096K(613440K)
[2025-08-01T02:24:04.994+0000] GC(562) CMS: 2069893K->2614660K(3512768K)
[2025-08-01T02:24:04.994+0000] GC(562) Metaspace: 9703K(12544K)->9703K(12544K) NonClass: 8537K(11008K)->8537K(11008K) Class: 1166K(1536K)->1166K(1536K)
[2025-08-01T02:24:04.994+0000] GC(562) Pause Young (Allocation Failure) 2620M->2619M(4029M) 171.775ms
[2025-08-01T02:24:04.994+0000] GC(562) User=1.32s Sys=0.02s Real=0.18s
[2025-08-01T02:24:05.090+0000] GC(563) Pause Young (Allocation Failure)
[2025-08-01T02:24:05.090+0000] GC(563) Using 8 workers of 8 for evacuation
[2025-08-01T02:24:05.255+0000] GC(563) ParNew: 613440K->68096K(613440K)
[2025-08-01T02:24:05.255+0000] GC(563) CMS: 2614660K->3035029K(3512768K)
[2025-08-01T02:24:05.255+0000] GC(563) Metaspace: 9703K(12544K)->9703K(12544K) NonClass: 8537K(11008K)->8537K(11008K) Class: 1166K(1536K)->1166K(1536K)
[2025-08-01T02:24:05.255+0000] GC(563) Pause Young (Allocation Failure) 3152M->3030M(4029M) 164.807ms
[2025-08-01T02:24:05.255+0000] GC(563) User=1.24s Sys=0.02s Real=0.17s
[2025-08-01T02:24:05.334+0000] GC(561) Concurrent Mark 601.466ms
[2025-08-01T02:24:05.334+0000] GC(561) User=3.47s Sys=0.04s Real=0.60s
[2025-08-01T02:24:05.334+0000] GC(561) Concurrent Preclean
[2025-08-01T02:24:05.390+0000] GC(564) Pause Young (Allocation Failure)
[2025-08-01T02:24:05.390+0000] GC(564) Using 8 workers of 8 for evacuation
[2025-08-01T02:24:05.390+0000] GC(565) Pause Full (Allocation Failure)
[2025-08-01T02:24:05.638+0000] GC(561) Concurrent Preclean 303.113ms
[2025-08-01T02:24:05.638+0000] GC(561) User=0.36s Sys=0.01s Real=0.30s
[2025-08-01T02:24:05.638+0000] GC(565) Phase 1: Mark live objects
[2025-08-01T02:24:05.728+0000] GC(565) Phase 1: Mark live objects 89.673ms
[2025-08-01T02:24:05.728+0000] GC(565) Phase 2: Compute new object addresses
[2025-08-01T02:24:06.188+0000] GC(565) Phase 2: Compute new object addresses 460.468ms
[2025-08-01T02:24:06.189+0000] GC(565) Phase 3: Adjust pointers
[2025-08-01T02:24:06.267+0000] GC(565) Phase 3: Adjust pointers 78.560ms
[2025-08-01T02:24:06.267+0000] GC(565) Phase 4: Move objects
[2025-08-01T02:24:06.442+0000] GC(565) Phase 4: Move objects 174.567ms
[2025-08-01T02:24:06.457+0000] GC(565) Pause Full (Allocation Failure) 3562M->385M(4029M) 1066.100ms
[2025-08-01T02:24:06.457+0000] GC(564) ParNew: 613440K->0K(613440K)
[2025-08-01T02:24:06.457+0000] GC(564) CMS: 3035029K->394453K(3512768K)
[2025-08-01T02:24:06.457+0000] GC(564) Metaspace: 9703K(12544K)->9703K(12544K) NonClass: 8537K(11008K)->8537K(11008K) Class: 1166K(1536K)->1166K(1536K)
[2025-08-01T02:24:06.457+0000] GC(564) Pause Young (Allocation Failure) 3562M->385M(4029M) 1066.363ms
[2025-08-01T02:24:06.457+0000] GC(564) User=1.03s Sys=0.04s Real=1.07s
[2025-08-01T02:24:06.563+0000] GC(566) Pause Young (Allocation Failure)
[2025-08-01T02:24:06.563+0000] GC(566) Using 8 workers of 8 for evacuation
[2025-08-01T02:24:06.750+0000] GC(566) ParNew: 545344K->68096K(613440K)
[2025-08-01T02:24:06.750+0000] GC(566) CMS: 394453K->873647K(3512768K)
[2025-08-01T02:24:06.750+0000] GC(566) Metaspace: 9703K(12544K)->9703K(12544K) NonClass: 8537K(11008K)->8537K(11008K) Class: 1166K(1536K)->1166K(1536K)
[2025-08-01T02:24:06.750+0000] GC(566) Pause Young (Allocation Failure) 917M->919M(4029M) 186.978ms
[2025-08-01T02:24:06.750+0000] GC(566) User=1.41s Sys=0.02s Real=0.19s
[2025-08-01T02:24:06.847+0000] GC(567) Pause Young (Allocation Failure)
[2025-08-01T02:24:06.847+0000] GC(567) Using 8 workers of 8 for evacuation
[2025-08-01T02:24:07.062+0000] GC(567) ParNew: 613437K->68096K(613440K)
[2025-08-01T02:24:07.062+0000] GC(567) CMS: 873647K->1413223K(3512768K)
[2025-08-01T02:24:07.062+0000] GC(567) Metaspace: 9703K(12544K)->9703K(12544K) NonClass: 8537K(11008K)->8537K(11008K) Class: 1166K(1536K)->1166K(1536K)
[2025-08-01T02:24:07.063+0000] GC(567) Pause Young (Allocation Failure) 1452M->1446M(4029M) 215.437ms
[2025-08-01T02:24:07.063+0000] GC(567) User=1.68s Sys=0.01s Real=0.21s
[2025-08-01T02:24:07.064+0000] GC(568) Pause Initial Mark
[2025-08-01T02:24:07.067+0000] GC(568) Pause Initial Mark 1457M->1457M(4029M) 3.007ms
[2025-08-01T02:24:07.067+0000] GC(568) User=0.01s Sys=0.00s Real=0.00s
[2025-08-01T02:24:07.067+0000] GC(568) Concurrent Mark
[2025-08-01T02:24:07.067+0000] GC(568) Using 2 workers of 2 for marking
[2025-08-01T02:24:07.212+0000] GC(569) Pause Young (Allocation Failure)
[2025-08-01T02:24:07.212+0000] GC(569) Using 8 workers of 8 for evacuation
[2025-08-01T02:24:07.332+0000] GC(569) ParNew: 613440K->68096K(613440K)
[2025-08-01T02:24:07.332+0000] GC(569) CMS: 1413223K->1724321K(3512768K)
[2025-08-01T02:24:07.332+0000] GC(569) Metaspace: 9703K(12544K)->9703K(12544K) NonClass: 8537K(11008K)->8537K(11008K) Class: 1166K(1536K)->1166K(1536K)
[2025-08-01T02:24:07.332+0000] GC(569) Pause Young (Allocation Failure) 1979M->1750M(4029M) 120.051ms
[2025-08-01T02:24:07.332+0000] GC(569) User=0.91s Sys=0.02s Real=0.12s
[2025-08-01T02:24:07.432+0000] GC(570) Pause Young (Allocation Failure)
[2025-08-01T02:24:07.432+0000] GC(570) Using 8 workers of 8 for evacuation
[2025-08-01T02:24:07.588+0000] GC(570) ParNew: 613440K->68096K(613440K)
[2025-08-01T02:24:07.588+0000] GC(570) CMS: 1724321K->2186205K(3512768K)
[2025-08-01T02:24:07.588+0000] GC(570) Metaspace: 9703K(12544K)->9703K(12544K) NonClass: 8537K(11008K)->8537K(11008K) Class: 1166K(1536K)->1166K(1536K)
[2025-08-01T02:24:07.588+0000] GC(570) Pause Young (Allocation Failure) 2282M->2201M(4029M) 155.494ms
[2025-08-01T02:24:07.588+0000] GC(570) User=1.19s Sys=0.02s Real=0.16s
[2025-08-01T02:24:07.667+0000] GC(568) Concurrent Mark 599.420ms
[2025-08-01T02:24:07.667+0000] GC(568) User=3.23s Sys=0.05s Real=0.60s
[2025-08-01T02:24:07.667+0000] GC(568) Concurrent Preclean
[2025-08-01T02:24:07.733+0000] GC(571) Pause Young (Allocation Failure)
[2025-08-01T02:24:07.734+0000] GC(571) Using 8 workers of 8 for evacuation
[2025-08-01T02:24:07.895+0000] GC(571) ParNew: 613440K->68096K(613440K)
[2025-08-01T02:24:07.895+0000] GC(571) CMS: 2186205K->2729423K(3512768K)
[2025-08-01T02:24:07.895+0000] GC(571) Metaspace: 9703K(12544K)->9703K(12544K) NonClass: 8537K(11008K)->8537K(11008K) Class: 1166K(1536K)->1166K(1536K)
[2025-08-01T02:24:07.895+0000] GC(571) Pause Young (Allocation Failure) 2734M->2731M(4029M) 161.443ms
[2025-08-01T02:24:07.895+0000] GC(571) User=1.25s Sys=0.02s Real=0.16s
[2025-08-01T02:24:07.990+0000] GC(572) Pause Young (Allocation Failure)
[2025-08-01T02:24:07.990+0000] GC(572) Using 8 workers of 8 for evacuation
[2025-08-01T02:24:08.055+0000] GC(572) ParNew: 613440K->68096K(613440K)
[2025-08-01T02:24:08.055+0000] GC(572) CMS: 2729423K->2893029K(3512768K)
[2025-08-01T02:24:08.055+0000] GC(572) Metaspace: 9703K(12544K)->9703K(12544K) NonClass: 8537K(11008K)->8537K(11008K) Class: 1166K(1536K)->1166K(1536K)
[2025-08-01T02:24:08.055+0000] GC(572) Pause Young (Allocation Failure) 3264M->2891M(4029M) 64.935ms
[2025-08-01T02:24:08.055+0000] GC(572) User=0.50s Sys=0.00s Real=0.07s
[2025-08-01T02:24:08.156+0000] GC(573) Pause Young (Allocation Failure)
[2025-08-01T02:24:08.156+0000] GC(573) Using 8 workers of 8 for evacuation
[2025-08-01T02:24:08.348+0000] GC(573) ParNew: 613440K->68096K(613440K)
[2025-08-01T02:24:08.348+0000] GC(573) CMS: 2893029K->3264260K(3512768K)
[2025-08-01T02:24:08.348+0000] GC(573) Metaspace: 9703K(12544K)->9703K(12544K) NonClass: 8537K(11008K)->8537K(11008K) Class: 1166K(1536K)->1166K(1536K)
[2025-08-01T02:24:08.348+0000] GC(573) Pause Young (Allocation Failure) 3424M->3254M(4029M) 191.361ms
[2025-08-01T02:24:08.348+0000] GC(573) User=1.43s Sys=0.04s Real=0.19s
[2025-08-01T02:24:08.456+0000] GC(574) Pause Young (Allocation Failure)
[2025-08-01T02:24:08.456+0000] GC(574) Using 8 workers of 8 for evacuation
[2025-08-01T02:24:08.457+0000] GC(575) Pause Full (Allocation Failure)
[2025-08-01T02:24:08.719+0000] GC(568) Concurrent Preclean 1051.654ms
[2025-08-01T02:24:08.719+0000] GC(568) User=4.42s Sys=0.08s Real=1.05s
[2025-08-01T02:24:08.719+0000] GC(575) Phase 1: Mark live objects
[2025-08-01T02:24:08.881+0000] GC(575) Phase 1: Mark live objects 161.844ms
[2025-08-01T02:24:08.881+0000] GC(575) Phase 2: Compute new object addresses
[2025-08-01T02:24:09.402+0000] GC(575) Phase 2: Compute new object addresses 520.279ms
[2025-08-01T02:24:09.402+0000] GC(575) Phase 3: Adjust pointers
[2025-08-01T02:24:09.565+0000] GC(575) Phase 3: Adjust pointers 163.535ms
[2025-08-01T02:24:09.565+0000] GC(575) Phase 4: Move objects
[2025-08-01T02:24:09.964+0000] GC(575) Phase 4: Move objects 399.003ms
[2025-08-01T02:24:09.978+0000] GC(575) Pause Full (Allocation Failure) 3786M->1013M(4029M) 1521.470ms
[2025-08-01T02:24:09.978+0000] GC(574) ParNew: 613440K->0K(613440K)
[2025-08-01T02:24:09.978+0000] GC(574) CMS: 3264260K->1038310K(3512768K)
[2025-08-01T02:24:09.978+0000] GC(574) Metaspace: 9703K(12544K)->9703K(12544K) NonClass: 8537K(11008K)->8537K(11008K) Class: 1166K(1536K)->1166K(1536K)
[2025-08-01T02:24:09.978+0000] GC(574) Pause Young (Allocation Failure) 3786M->1013M(4029M) 1521.795ms
[2025-08-01T02:24:09.978+0000] GC(574) User=1.45s Sys=0.07s Real=1.52s
[2025-08-01T02:24:10.090+0000] GC(576) Pause Young (Allocation Failure)
[2025-08-01T02:24:10.090+0000] GC(576) Using 8 workers of 8 for evacuation
[2025-08-01T02:24:10.261+0000] GC(576) ParNew: 545344K->68096K(613440K)
[2025-08-01T02:24:10.261+0000] GC(576) CMS: 1038310K->1516378K(3512768K)
[2025-08-01T02:24:10.261+0000] GC(576) Metaspace: 9703K(12544K)->9703K(12544K) NonClass: 8537K(11008K)->8537K(11008K) Class: 1166K(1536K)->1166K(1536K)
[2025-08-01T02:24:10.261+0000] GC(576) Pause Young (Allocation Failure) 1546M->1547M(4029M) 171.209ms
[2025-08-01T02:24:10.261+0000] GC(576) User=1.32s Sys=0.01s Real=0.17s
[2025-08-01T02:24:10.363+0000] GC(577) Pause Young (Allocation Failure)
[2025-08-01T02:24:10.363+0000] GC(577) Using 8 workers of 8 for evacuation
[2025-08-01T02:24:10.495+0000] GC(577) ParNew: 613440K->68096K(613440K)
[2025-08-01T02:24:10.495+0000] GC(577) CMS: 1516378K->1897805K(3512768K)
[2025-08-01T02:24:10.495+0000] GC(577) Metaspace: 9703K(12544K)->9703K(12544K) NonClass: 8537K(11008K)->8537K(11008K) Class: 1166K(1536K)->1166K(1536K)
[2025-08-01T02:24:10.495+0000] GC(577) Pause Young (Allocation Failure) 2079M->1919M(4029M) 131.591ms
[2025-08-01T02:24:10.495+0000] GC(577) User=0.97s Sys=0.03s Real=0.13s
[2025-08-01T02:24:10.495+0000] GC(578) Pause Initial Mark
[2025-08-01T02:24:10.499+0000] GC(578) Pause Initial Mark 1925M->1925M(4029M) 3.122ms
[2025-08-01T02:24:10.499+0000] GC(578) User=0.01s Sys=0.00s Real=0.00s
[2025-08-01T02:24:10.499+0000] GC(578) Concurrent Mark
[2025-08-01T02:24:10.499+0000] GC(578) Using 2 workers of 2 for marking
[2025-08-01T02:24:10.551+0000] GC(578) Concurrent Mark 52.447ms
[2025-08-01T02:24:10.552+0000] GC(578) User=0.12s Sys=0.00s Real=0.05s
[2025-08-01T02:24:10.552+0000] GC(578) Concurrent Preclean
[2025-08-01T02:24:10.561+0000] GC(578) Concurrent Preclean 9.178ms
[2025-08-01T02:24:10.561+0000] GC(578) User=0.04s Sys=0.01s Real=0.01s
[2025-08-01T02:24:10.561+0000] GC(578) Concurrent Abortable Preclean
[2025-08-01T02:24:10.632+0000] GC(579) Pause Young (Allocation Failure)
[2025-08-01T02:24:10.632+0000] GC(579) Using 8 workers of 8 for evacuation
[2025-08-01T02:24:10.795+0000] GC(579) ParNew: 613239K->68096K(613440K)
[2025-08-01T02:24:10.795+0000] GC(579) CMS: 1897805K->2410353K(3512768K)
[2025-08-01T02:24:10.795+0000] GC(579) Metaspace: 9703K(12544K)->9703K(12544K) NonClass: 8537K(11008K)->8537K(11008K) Class: 1166K(1536K)->1166K(1536K)
[2025-08-01T02:24:10.795+0000] GC(579) Pause Young (Allocation Failure) 2452M->2420M(4029M) 162.905ms
[2025-08-01T02:24:10.795+0000] GC(579) User=1.28s Sys=0.01s Real=0.17s
[2025-08-01T02:24:10.890+0000] GC(580) Pause Young (Allocation Failure)
[2025-08-01T02:24:10.890+0000] GC(580) Using 8 workers of 8 for evacuation
[2025-08-01T02:24:11.134+0000] GC(580) ParNew: 613440K->68096K(613440K)
[2025-08-01T02:24:11.134+0000] GC(580) CMS: 2410353K->2955064K(3512768K)
[2025-08-01T02:24:11.134+0000] GC(580) Metaspace: 9703K(12544K)->9703K(12544K) NonClass: 8537K(11008K)->8537K(11008K) Class: 1166K(1536K)->1166K(1536K)
[2025-08-01T02:24:11.134+0000] GC(580) Pause Young (Allocation Failure) 2952M->2952M(4029M) 244.822ms
[2025-08-01T02:24:11.134+0000] GC(580) User=1.85s Sys=0.04s Real=0.25s
[2025-08-01T02:24:11.228+0000] GC(581) Pause Young (Allocation Failure)
[2025-08-01T02:24:11.228+0000] GC(581) Using 8 workers of 8 for evacuation
[2025-08-01T02:24:11.228+0000] GC(582) Pause Full (Allocation Failure)
[2025-08-01T02:24:11.236+0000] GC(578) Concurrent Abortable Preclean 674.585ms
[2025-08-01T02:24:11.236+0000] GC(578) User=3.82s Sys=0.05s Real=0.68s
[2025-08-01T02:24:11.236+0000] GC(582) Phase 1: Mark live objects
[2025-08-01T02:24:11.403+0000] GC(582) Phase 1: Mark live objects 167.121ms
[2025-08-01T02:24:11.404+0000] GC(582) Phase 2: Compute new object addresses
[2025-08-01T02:24:11.880+0000] GC(582) Phase 2: Compute new object addresses 476.435ms
[2025-08-01T02:24:11.880+0000] GC(582) Phase 3: Adjust pointers
[2025-08-01T02:24:12.035+0000] GC(582) Phase 3: Adjust pointers 154.908ms
[2025-08-01T02:24:12.035+0000] GC(582) Phase 4: Move objects
[2025-08-01T02:24:12.466+0000] GC(582) Phase 4: Move objects 431.262ms
[2025-08-01T02:24:12.480+0000] GC(582) Pause Full (Allocation Failure) 3484M->960M(4029M) 1252.279ms
[2025-08-01T02:24:12.480+0000] GC(581) ParNew: 613440K->0K(613440K)
[2025-08-01T02:24:12.480+0000] GC(581) CMS: 2955064K->983049K(3512768K)
[2025-08-01T02:24:12.480+0000] GC(581) Metaspace: 9703K(12544K)->9703K(12544K) NonClass: 8537K(11008K)->8537K(11008K) Class: 1166K(1536K)->1166K(1536K)
[2025-08-01T02:24:12.480+0000] GC(581) Pause Young (Allocation Failure) 3484M->960M(4029M) 1252.521ms
[2025-08-01T02:24:12.480+0000] GC(581) User=1.25s Sys=0.00s Real=1.25s
[2025-08-01T02:24:12.639+0000] GC(583) Pause Young (Allocation Failure)
[2025-08-01T02:24:12.639+0000] GC(583) Using 8 workers of 8 for evacuation
[2025-08-01T02:24:12.768+0000] GC(583) ParNew: 545344K->68096K(613440K)
[2025-08-01T02:24:12.768+0000] GC(583) CMS: 983049K->1363647K(3512768K)
[2025-08-01T02:24:12.768+0000] GC(583) Metaspace: 9703K(12544K)->9703K(12544K) NonClass: 8537K(11008K)->8537K(11008K) Class: 1166K(1536K)->1166K(1536K)
[2025-08-01T02:24:12.768+0000] GC(583) Pause Young (Allocation Failure) 1492M->1398M(4029M) 128.854ms
[2025-08-01T02:24:12.768+0000] GC(583) User=1.00s Sys=0.01s Real=0.13s
[2025-08-01T02:24:12.861+0000] GC(584) Pause Young (Allocation Failure)
[2025-08-01T02:24:12.861+0000] GC(584) Using 8 workers of 8 for evacuation
[2025-08-01T02:24:13.064+0000] GC(584) ParNew: 613440K->68096K(613440K)
[2025-08-01T02:24:13.064+0000] GC(584) CMS: 1363647K->1907208K(3512768K)
[2025-08-01T02:24:13.064+0000] GC(584) Metaspace: 9703K(12544K)->9703K(12544K) NonClass: 8537K(11008K)->8537K(11008K) Class: 1166K(1536K)->1166K(1536K)
[2025-08-01T02:24:13.064+0000] GC(584) Pause Young (Allocation Failure) 1930M->1929M(4029M) 202.543ms
[2025-08-01T02:24:13.064+0000] GC(584) User=1.57s Sys=0.01s Real=0.21s
[2025-08-01T02:24:13.066+0000] GC(585) Pause Initial Mark
[2025-08-01T02:24:13.069+0000] GC(585) Pause Initial Mark 1934M->1934M(4029M) 3.894ms
[2025-08-01T02:24:13.069+0000] GC(585) User=0.02s Sys=0.00s Real=0.00s
[2025-08-01T02:24:13.070+0000] GC(585) Concurrent Mark
[2025-08-01T02:24:13.070+0000] GC(585) Using 2 workers of 2 for marking
[2025-08-01T02:24:13.166+0000] GC(586) Pause Young (Allocation Failure)
[2025-08-01T02:24:13.166+0000] GC(586) Using 8 workers of 8 for evacuation
[2025-08-01T02:24:13.270+0000] GC(586) ParNew: 613440K->68096K(613440K)
[2025-08-01T02:24:13.270+0000] GC(586) CMS: 1907208K->2186653K(3512768K)
[2025-08-01T02:24:13.270+0000] GC(586) Metaspace: 9703K(12544K)->9703K(12544K) NonClass: 8537K(11008K)->8537K(11008K) Class: 1166K(1536K)->1166K(1536K)
[2025-08-01T02:24:13.270+0000] GC(586) Pause Young (Allocation Failure) 2461M->2201M(4029M) 104.301ms
[2025-08-01T02:24:13.270+0000] GC(586) User=0.81s Sys=0.01s Real=0.10s
[2025-08-01T02:24:13.362+0000] GC(587) Pause Young (Allocation Failure)
[2025-08-01T02:24:13.362+0000] GC(587) Using 8 workers of 8 for evacuation
[2025-08-01T02:24:13.487+0000] GC(587) ParNew: 613440K->68096K(613440K)
[2025-08-01T02:24:13.487+0000] GC(587) CMS: 2186653K->2498319K(3512768K)
[2025-08-01T02:24:13.487+0000] GC(587) Metaspace: 9703K(12544K)->9703K(12544K) NonClass: 8537K(11008K)->8537K(11008K) Class: 1166K(1536K)->1166K(1536K)
[2025-08-01T02:24:13.487+0000] GC(587) Pause Young (Allocation Failure) 2734M->2506M(4029M) 124.480ms
[2025-08-01T02:24:13.487+0000] GC(587) User=0.93s Sys=0.02s Real=0.13s
[2025-08-01T02:24:13.598+0000] GC(588) Pause Young (Allocation Failure)
[2025-08-01T02:24:13.598+0000] GC(588) Using 8 workers of 8 for evacuation
[2025-08-01T02:24:13.798+0000] GC(588) ParNew: 613440K->68096K(613440K)
[2025-08-01T02:24:13.798+0000] GC(588) CMS: 2498319K->3039025K(3512768K)
[2025-08-01T02:24:13.798+0000] GC(588) Metaspace: 9703K(12544K)->9703K(12544K) NonClass: 8537K(11008K)->8537K(11008K) Class: 1166K(1536K)->1166K(1536K)
[2025-08-01T02:24:13.798+0000] GC(588) Pause Young (Allocation Failure) 3038M->3034M(4029M) 199.653ms
[2025-08-01T02:24:13.798+0000] GC(588) User=1.50s Sys=0.03s Real=0.20s
[2025-08-01T02:24:13.882+0000] GC(585) Concurrent Mark 811.974ms
[2025-08-01T02:24:13.882+0000] GC(585) User=4.59s Sys=0.07s Real=0.81s
[2025-08-01T02:24:13.882+0000] GC(585) Concurrent Preclean
[2025-08-01T02:24:13.893+0000] GC(589) Pause Young (Allocation Failure)
[2025-08-01T02:24:13.893+0000] GC(589) Using 8 workers of 8 for evacuation
[2025-08-01T02:24:13.893+0000] GC(590) Pause Full (Allocation Failure)
[2025-08-01T02:24:14.265+0000] GC(585) Concurrent Preclean 382.557ms
[2025-08-01T02:24:14.265+0000] GC(585) User=0.41s Sys=0.00s Real=0.39s
[2025-08-01T02:24:14.265+0000] GC(590) Phase 1: Mark live objects
[2025-08-01T02:24:14.499+0000] GC(590) Phase 1: Mark live objects 233.759ms
[2025-08-01T02:24:14.499+0000] GC(590) Phase 2: Compute new object addresses
[2025-08-01T02:24:14.951+0000] GC(590) Phase 2: Compute new object addresses 452.183ms
[2025-08-01T02:24:14.952+0000] GC(590) Phase 3: Adjust pointers
[2025-08-01T02:24:15.179+0000] GC(590) Phase 3: Adjust pointers 227.236ms
[2025-08-01T02:24:15.179+0000] GC(590) Phase 4: Move objects
[2025-08-01T02:24:15.779+0000] GC(590) Phase 4: Move objects 600.199ms
[2025-08-01T02:24:15.794+0000] GC(590) Pause Full (Allocation Failure) 3566M->1430M(4029M) 1900.072ms
[2025-08-01T02:24:15.794+0000] GC(589) ParNew: 613440K->0K(613440K)
[2025-08-01T02:24:15.794+0000] GC(589) CMS: 3039025K->1464327K(3512768K)
[2025-08-01T02:24:15.794+0000] GC(589) Metaspace: 9703K(12544K)->9703K(12544K) NonClass: 8537K(11008K)->8537K(11008K) Class: 1166K(1536K)->1166K(1536K)
[2025-08-01T02:24:15.794+0000] GC(589) Pause Young (Allocation Failure) 3566M->1430M(4029M) 1900.329ms
[2025-08-01T02:24:15.794+0000] GC(589) User=1.91s Sys=0.00s Real=1.90s
[2025-08-01T02:24:15.890+0000] GC(591) Pause Young (Allocation Failure)
[2025-08-01T02:24:15.890+0000] GC(591) Using 8 workers of 8 for evacuation
[2025-08-01T02:24:15.983+0000] GC(591) ParNew: 545344K->68096K(613440K)
[2025-08-01T02:24:15.983+0000] GC(591) CMS: 1464327K->1677593K(3512768K)
[2025-08-01T02:24:15.983+0000] GC(591) Metaspace: 9703K(12544K)->9703K(12544K) NonClass: 8537K(11008K)->8537K(11008K) Class: 1166K(1536K)->1166K(1536K)
[2025-08-01T02:24:15.983+0000] GC(591) Pause Young (Allocation Failure) 1962M->1704M(4029M) 93.446ms
[2025-08-01T02:24:15.983+0000] GC(591) User=0.72s Sys=0.01s Real=0.10s
[2025-08-01T02:24:16.116+0000] GC(592) Pause Young (Allocation Failure)
[2025-08-01T02:24:16.116+0000] GC(592) Using 8 workers of 8 for evacuation
[2025-08-01T02:24:16.324+0000] GC(592) ParNew: 613440K->68096K(613440K)
[2025-08-01T02:24:16.324+0000] GC(592) CMS: 1677593K->2195545K(3512768K)
[2025-08-01T02:24:16.324+0000] GC(592) Metaspace: 9703K(12544K)->9703K(12544K) NonClass: 8537K(11008K)->8537K(11008K) Class: 1166K(1536K)->1166K(1536K)
[2025-08-01T02:24:16.324+0000] GC(592) Pause Young (Allocation Failure) 2237M->2210M(4029M) 208.075ms
[2025-08-01T02:24:16.324+0000] GC(592) User=1.60s Sys=0.03s Real=0.21s
[2025-08-01T02:24:16.325+0000] GC(593) Pause Initial Mark
[2025-08-01T02:24:16.329+0000] GC(593) Pause Initial Mark 2221M->2221M(4029M) 3.981ms
[2025-08-01T02:24:16.329+0000] GC(593) User=0.02s Sys=0.00s Real=0.00s
[2025-08-01T02:24:16.329+0000] GC(593) Concurrent Mark
[2025-08-01T02:24:16.330+0000] GC(593) Using 2 workers of 2 for marking
[2025-08-01T02:24:16.426+0000] GC(594) Pause Young (Allocation Failure)
[2025-08-01T02:24:16.426+0000] GC(594) Using 8 workers of 8 for evacuation
[2025-08-01T02:24:16.598+0000] GC(594) ParNew: 613440K->68096K(613440K)
[2025-08-01T02:24:16.598+0000] GC(594) CMS: 2195545K->2741036K(3512768K)
[2025-08-01T02:24:16.598+0000] GC(594) Metaspace: 9703K(12544K)->9703K(12544K) NonClass: 8537K(11008K)->8537K(11008K) Class: 1166K(1536K)->1166K(1536K)
[2025-08-01T02:24:16.598+0000] GC(594) Pause Young (Allocation Failure) 2743M->2743M(4029M) 172.407ms
[2025-08-01T02:24:16.598+0000] GC(594) User=1.32s Sys=0.02s Real=0.17s
[2025-08-01T02:24:16.712+0000] GC(593) Concurrent Mark 382.743ms
[2025-08-01T02:24:16.712+0000] GC(593) User=2.09s Sys=0.02s Real=0.38s
[2025-08-01T02:24:16.712+0000] GC(593) Concurrent Preclean
[2025-08-01T02:24:16.740+0000] GC(595) Pause Young (Allocation Failure)
[2025-08-01T02:24:16.741+0000] GC(595) Using 8 workers of 8 for evacuation
[2025-08-01T02:24:16.810+0000] GC(595) ParNew: 613440K->68096K(613440K)
[2025-08-01T02:24:16.810+0000] GC(595) CMS: 2741036K->2840075K(3512768K)
[2025-08-01T02:24:16.810+0000] GC(595) Metaspace: 9703K(12544K)->9703K(12544K) NonClass: 8537K(11008K)->8537K(11008K) Class: 1166K(1536K)->1166K(1536K)
[2025-08-01T02:24:16.810+0000] GC(595) Pause Young (Allocation Failure) 3275M->2840M(4029M) 69.893ms
[2025-08-01T02:24:16.810+0000] GC(595) User=0.52s Sys=0.01s Real=0.07s
[2025-08-01T02:24:16.905+0000] GC(596) Pause Young (Allocation Failure)
[2025-08-01T02:24:16.905+0000] GC(596) Using 8 workers of 8 for evacuation
[2025-08-01T02:24:17.065+0000] GC(596) ParNew: 613440K->68096K(613440K)
[2025-08-01T02:24:17.065+0000] GC(596) CMS: 2840075K->3251900K(3512768K)
[2025-08-01T02:24:17.065+0000] GC(596) Metaspace: 9703K(12544K)->9703K(12544K) NonClass: 8537K(11008K)->8537K(11008K) Class: 1166K(1536K)->1166K(1536K)
[2025-08-01T02:24:17.065+0000] GC(596) Pause Young (Allocation Failure) 3372M->3242M(4029M) 160.080ms
[2025-08-01T02:24:17.065+0000] GC(596) User=1.22s Sys=0.03s Real=0.16s
[2025-08-01T02:24:17.160+0000] GC(597) Pause Young (Allocation Failure)
[2025-08-01T02:24:17.160+0000] GC(597) Using 8 workers of 8 for evacuation
[2025-08-01T02:24:17.160+0000] GC(598) Pause Full (Allocation Failure)
[2025-08-01T02:24:17.286+0000] GC(593) Concurrent Preclean 573.815ms
[2025-08-01T02:24:17.286+0000] GC(593) User=2.43s Sys=0.04s Real=0.58s
[2025-08-01T02:24:17.287+0000] GC(598) Phase 1: Mark live objects
[2025-08-01T02:24:17.499+0000] GC(598) Phase 1: Mark live objects 212.326ms
[2025-08-01T02:24:17.499+0000] GC(598) Phase 2: Compute new object addresses
[2025-08-01T02:24:18.020+0000] GC(598) Phase 2: Compute new object addresses 520.867ms
[2025-08-01T02:24:18.020+0000] GC(598) Phase 3: Adjust pointers
[2025-08-01T02:24:18.185+0000] GC(598) Phase 3: Adjust pointers 164.493ms
[2025-08-01T02:24:18.185+0000] GC(598) Phase 4: Move objects
[2025-08-01T02:24:18.604+0000] GC(598) Phase 4: Move objects 419.169ms
[2025-08-01T02:24:18.617+0000] GC(598) Pause Full (Allocation Failure) 3774M->1002M(4029M) 1456.875ms
[2025-08-01T02:24:18.617+0000] GC(597) ParNew: 613440K->0K(613440K)
[2025-08-01T02:24:18.617+0000] GC(597) CMS: 3251900K->1026256K(3512768K)
[2025-08-01T02:24:18.617+0000] GC(597) Metaspace: 9703K(12544K)->9703K(12544K) NonClass: 8537K(11008K)->8537K(11008K) Class: 1166K(1536K)->1166K(1536K)
[2025-08-01T02:24:18.617+0000] GC(597) Pause Young (Allocation Failure) 3774M->1002M(4029M) 1457.160ms
[2025-08-01T02:24:18.617+0000] GC(597) User=1.46s Sys=0.00s Real=1.46s
[2025-08-01T02:24:18.756+0000] GC(599) Pause Young (Allocation Failure)
[2025-08-01T02:24:18.756+0000] GC(599) Using 8 workers of 8 for evacuation
[2025-08-01T02:24:18.931+0000] GC(599) ParNew: 545344K->68096K(613440K)
[2025-08-01T02:24:18.931+0000] GC(599) CMS: 1026256K->1503053K(3512768K)
[2025-08-01T02:24:18.931+0000] GC(599) Metaspace: 9703K(12544K)->9703K(12544K) NonClass: 8537K(11008K)->8537K(11008K) Class: 1166K(1536K)->1166K(1536K)
[2025-08-01T02:24:18.931+0000] GC(599) Pause Young (Allocation Failure) 1534M->1534M(4029M) 175.290ms
[2025-08-01T02:24:18.931+0000] GC(599) User=1.24s Sys=0.04s Real=0.17s
[2025-08-01T02:24:19.026+0000] GC(600) Pause Young (Allocation Failure)
[2025-08-01T02:24:19.026+0000] GC(600) Using 8 workers of 8 for evacuation
[2025-08-01T02:24:19.166+0000] GC(600) ParNew: 613440K->68096K(613440K)
[2025-08-01T02:24:19.166+0000] GC(600) CMS: 1503053K->1691640K(3512768K)
[2025-08-01T02:24:19.166+0000] GC(600) Metaspace: 9703K(12544K)->9703K(12544K) NonClass: 8537K(11008K)->8537K(11008K) Class: 1166K(1536K)->1166K(1536K)
[2025-08-01T02:24:19.166+0000] GC(600) Pause Young (Allocation Failure) 2066M->1718M(4029M) 140.010ms
[2025-08-01T02:24:19.166+0000] GC(600) User=1.06s Sys=0.03s Real=0.14s
[2025-08-01T02:24:19.308+0000] GC(601) Pause Young (Allocation Failure)
[2025-08-01T02:24:19.308+0000] GC(601) Using 8 workers of 8 for evacuation
[2025-08-01T02:24:19.529+0000] GC(601) ParNew: 613440K->68096K(613440K)
[2025-08-01T02:24:19.529+0000] GC(601) CMS: 1691640K->2223494K(3512768K)
[2025-08-01T02:24:19.529+0000] GC(601) Metaspace: 9703K(12544K)->9703K(12544K) NonClass: 8537K(11008K)->8537K(11008K) Class: 1166K(1536K)->1166K(1536K)
[2025-08-01T02:24:19.529+0000] GC(601) Pause Young (Allocation Failure) 2251M->2237M(4029M) 221.343ms
[2025-08-01T02:24:19.529+0000] GC(601) User=1.68s Sys=0.04s Real=0.22s
[2025-08-01T02:24:19.530+0000] GC(602) Pause Initial Mark
[2025-08-01T02:24:19.533+0000] GC(602) Pause Initial Mark 2248M->2248M(4029M) 3.458ms
[2025-08-01T02:24:19.534+0000] GC(602) User=0.02s Sys=0.00s Real=0.01s
[2025-08-01T02:24:19.534+0000] GC(602) Concurrent Mark
[2025-08-01T02:24:19.534+0000] GC(602) Using 2 workers of 2 for marking
[2025-08-01T02:24:19.629+0000] GC(603) Pause Young (Allocation Failure)
[2025-08-01T02:24:19.629+0000] GC(603) Using 8 workers of 8 for evacuation
[2025-08-01T02:24:19.785+0000] GC(603) ParNew: 613440K->68096K(613440K)
[2025-08-01T02:24:19.785+0000] GC(603) CMS: 2223494K->2766450K(3512768K)
[2025-08-01T02:24:19.785+0000] GC(603) Metaspace: 9703K(12544K)->9703K(12544K) NonClass: 8537K(11008K)->8537K(11008K) Class: 1166K(1536K)->1166K(1536K)
[2025-08-01T02:24:19.785+0000] GC(603) Pause Young (Allocation Failure) 2770M->2768M(4029M) 155.772ms
[2025-08-01T02:24:19.785+0000] GC(603) User=1.21s Sys=0.00s Real=0.16s
[2025-08-01T02:24:19.877+0000] GC(604) Pause Young (Allocation Failure)
[2025-08-01T02:24:19.877+0000] GC(604) Using 8 workers of 8 for evacuation
[2025-08-01T02:24:19.980+0000] GC(604) ParNew: 613440K->68096K(613440K)
[2025-08-01T02:24:19.981+0000] GC(604) CMS: 2766450K->3085600K(3512768K)
[2025-08-01T02:24:19.981+0000] GC(604) Metaspace: 9703K(12544K)->9703K(12544K) NonClass: 8537K(11008K)->8537K(11008K) Class: 1166K(1536K)->1166K(1536K)
[2025-08-01T02:24:19.981+0000] GC(604) Pause Young (Allocation Failure) 3300M->3079M(4029M) 103.811ms
[2025-08-01T02:24:19.981+0000] GC(604) User=0.82s Sys=0.00s Real=0.10s
[2025-08-01T02:24:20.058+0000] GC(602) Concurrent Mark 524.717ms
[2025-08-01T02:24:20.059+0000] GC(602) User=2.98s Sys=0.01s Real=0.52s
[2025-08-01T02:24:20.059+0000] GC(602) Concurrent Preclean
[2025-08-01T02:24:20.106+0000] GC(605) Pause Young (Allocation Failure)
[2025-08-01T02:24:20.106+0000] GC(605) Using 8 workers of 8 for evacuation
[2025-08-01T02:24:20.107+0000] GC(606) Pause Full (Allocation Failure)
[2025-08-01T02:24:20.341+0000] GC(602) Concurrent Preclean 282.021ms
[2025-08-01T02:24:20.341+0000] GC(602) User=0.32s Sys=0.00s Real=0.28s
[2025-08-01T02:24:20.341+0000] GC(606) Phase 1: Mark live objects
[2025-08-01T02:24:20.460+0000] GC(606) Phase 1: Mark live objects 118.985ms
[2025-08-01T02:24:20.460+0000] GC(606) Phase 2: Compute new object addresses
[2025-08-01T02:24:20.944+0000] GC(606) Phase 2: Compute new object addresses 483.740ms
[2025-08-01T02:24:20.944+0000] GC(606) Phase 3: Adjust pointers
[2025-08-01T02:24:21.044+0000] GC(606) Phase 3: Adjust pointers 99.952ms
[2025-08-01T02:24:21.044+0000] GC(606) Phase 4: Move objects
[2025-08-01T02:24:21.275+0000] GC(606) Phase 4: Move objects 231.069ms
[2025-08-01T02:24:21.290+0000] GC(606) Pause Full (Allocation Failure) 3612M->567M(4029M) 1183.313ms
[2025-08-01T02:24:21.290+0000] GC(605) ParNew: 613440K->0K(613440K)
[2025-08-01T02:24:21.290+0000] GC(605) CMS: 3085600K->581416K(3512768K)
[2025-08-01T02:24:21.290+0000] GC(605) Metaspace: 9703K(12544K)->9703K(12544K) NonClass: 8537K(11008K)->8537K(11008K) Class: 1166K(1536K)->1166K(1536K)
[2025-08-01T02:24:21.290+0000] GC(605) Pause Young (Allocation Failure) 3612M->567M(4029M) 1183.609ms
[2025-08-01T02:24:21.290+0000] GC(605) User=1.19s Sys=0.00s Real=1.18s
[2025-08-01T02:24:21.397+0000] GC(607) Pause Young (Allocation Failure)
[2025-08-01T02:24:21.397+0000] GC(607) Using 8 workers of 8 for evacuation
[2025-08-01T02:24:21.570+0000] GC(607) ParNew: 545344K->68096K(613440K)
[2025-08-01T02:24:21.570+0000] GC(607) CMS: 581416K->1058657K(3512768K)
[2025-08-01T02:24:21.570+0000] GC(607) Metaspace: 9703K(12544K)->9703K(12544K) NonClass: 8537K(11008K)->8537K(11008K) Class: 1166K(1536K)->1166K(1536K)
[2025-08-01T02:24:21.570+0000] GC(607) Pause Young (Allocation Failure) 1100M->1100M(4029M) 173.288ms
[2025-08-01T02:24:21.571+0000] GC(607) User=1.33s Sys=0.03s Real=0.17s
[2025-08-01T02:24:21.668+0000] GC(608) Pause Young (Allocation Failure)
[2025-08-01T02:24:21.669+0000] GC(608) Using 8 workers of 8 for evacuation
[2025-08-01T02:24:21.821+0000] GC(608) ParNew: 613440K->68096K(613440K)
[2025-08-01T02:24:21.821+0000] GC(608) CMS: 1058657K->1464590K(3512768K)
[2025-08-01T02:24:21.821+0000] GC(608) Metaspace: 9703K(12544K)->9703K(12544K) NonClass: 8537K(11008K)->8537K(11008K) Class: 1166K(1536K)->1166K(1536K)
[2025-08-01T02:24:21.821+0000] GC(608) Pause Young (Allocation Failure) 1632M->1496M(4029M) 152.705ms
[2025-08-01T02:24:21.821+0000] GC(608) User=1.17s Sys=0.02s Real=0.15s
[2025-08-01T02:24:21.823+0000] GC(609) Pause Initial Mark
[2025-08-01T02:24:21.830+0000] GC(609) Pause Initial Mark 1520M->1520M(4029M) 6.334ms
[2025-08-01T02:24:21.830+0000] GC(609) User=0.04s Sys=0.00s Real=0.00s
[2025-08-01T02:24:21.830+0000] GC(609) Concurrent Mark
[2025-08-01T02:24:21.830+0000] GC(609) Using 2 workers of 2 for marking
[2025-08-01T02:24:21.956+0000] GC(609) Concurrent Mark 125.683ms
[2025-08-01T02:24:21.956+0000] GC(609) User=0.37s Sys=0.01s Real=0.13s
[2025-08-01T02:24:21.956+0000] GC(610) Pause Young (Allocation Failure)
[2025-08-01T02:24:21.956+0000] GC(610) Using 8 workers of 8 for evacuation
[2025-08-01T02:24:22.053+0000] GC(610) ParNew: 613440K->68096K(613440K)
[2025-08-01T02:24:22.053+0000] GC(610) CMS: 1464590K->1741493K(3512768K)
[2025-08-01T02:24:22.053+0000] GC(610) Metaspace: 9703K(12544K)->9703K(12544K) NonClass: 8537K(11008K)->8537K(11008K) Class: 1166K(1536K)->1166K(1536K)
[2025-08-01T02:24:22.053+0000] GC(610) Pause Young (Allocation Failure) 2029M->1767M(4029M) 96.568ms
[2025-08-01T02:24:22.053+0000] GC(610) User=0.75s Sys=0.01s Real=0.09s
[2025-08-01T02:24:22.053+0000] GC(609) Concurrent Preclean
[2025-08-01T02:24:22.144+0000] GC(611) Pause Young (Allocation Failure)
[2025-08-01T02:24:22.144+0000] GC(611) Using 8 workers of 8 for evacuation
[2025-08-01T02:24:22.339+0000] GC(611) ParNew: 613440K->68096K(613440K)
[2025-08-01T02:24:22.339+0000] GC(611) CMS: 1741493K->2286421K(3512768K)
[2025-08-01T02:24:22.339+0000] GC(611) Metaspace: 9703K(12544K)->9703K(12544K) NonClass: 8537K(11008K)->8537K(11008K) Class: 1166K(1536K)->1166K(1536K)
[2025-08-01T02:24:22.339+0000] GC(611) Pause Young (Allocation Failure) 2299M->2299M(4029M) 195.168ms
[2025-08-01T02:24:22.340+0000] GC(611) User=1.49s Sys=0.04s Real=0.19s
[2025-08-01T02:24:22.435+0000] GC(612) Pause Young (Allocation Failure)
[2025-08-01T02:24:22.435+0000] GC(612) Using 8 workers of 8 for evacuation
[2025-08-01T02:24:22.569+0000] GC(612) ParNew: 613440K->68096K(613440K)
[2025-08-01T02:24:22.569+0000] GC(612) CMS: 2286421K->2697368K(3512768K)
[2025-08-01T02:24:22.569+0000] GC(612) Metaspace: 9703K(12544K)->9703K(12544K) NonClass: 8537K(11008K)->8537K(11008K) Class: 1166K(1536K)->1166K(1536K)
[2025-08-01T02:24:22.569+0000] GC(612) Pause Young (Allocation Failure) 2831M->2700M(4029M) 134.207ms
[2025-08-01T02:24:22.569+0000] GC(612) User=1.03s Sys=0.02s Real=0.13s
[2025-08-01T02:24:22.706+0000] GC(613) Pause Young (Allocation Failure)
[2025-08-01T02:24:22.706+0000] GC(613) Using 8 workers of 8 for evacuation
[2025-08-01T02:24:22.804+0000] GC(613) ParNew: 613440K->68096K(613440K)
[2025-08-01T02:24:22.804+0000] GC(613) CMS: 2697368K->2993379K(3512768K)
[2025-08-01T02:24:22.804+0000] GC(613) Metaspace: 9703K(12544K)->9703K(12544K) NonClass: 8537K(11008K)->8537K(11008K) Class: 1166K(1536K)->1166K(1536K)
[2025-08-01T02:24:22.804+0000] GC(613) Pause Young (Allocation Failure) 3233M->2989M(4029M) 97.707ms
[2025-08-01T02:24:22.804+0000] GC(613) User=0.76s Sys=0.01s Real=0.10s
[2025-08-01T02:24:22.898+0000] GC(614) Pause Young (Allocation Failure)
[2025-08-01T02:24:22.898+0000] GC(614) Using 8 workers of 8 for evacuation
[2025-08-01T02:24:22.898+0000] GC(615) Pause Full (Allocation Failure)
[2025-08-01T02:24:22.993+0000] GC(609) Concurrent Preclean 939.292ms
[2025-08-01T02:24:22.993+0000] GC(609) User=4.43s Sys=0.07s Real=0.93s
[2025-08-01T02:24:22.993+0000] GC(615) Phase 1: Mark live objects
[2025-08-01T02:24:23.131+0000] GC(615) Phase 1: Mark live objects 137.972ms
[2025-08-01T02:24:23.131+0000] GC(615) Phase 2: Compute new object addresses
[2025-08-01T02:24:23.555+0000] GC(615) Phase 2: Compute new object addresses 424.014ms
[2025-08-01T02:24:23.555+0000] GC(615) Phase 3: Adjust pointers
[2025-08-01T02:24:23.676+0000] GC(615) Phase 3: Adjust pointers 120.769ms
[2025-08-01T02:24:23.676+0000] GC(615) Phase 4: Move objects
[2025-08-01T02:24:23.924+0000] GC(615) Phase 4: Move objects 247.279ms
[2025-08-01T02:24:23.936+0000] GC(615) Pause Full (Allocation Failure) 3522M->670M(4029M) 1038.179ms
[2025-08-01T02:24:23.936+0000] GC(614) ParNew: 613440K->0K(613440K)
[2025-08-01T02:24:23.936+0000] GC(614) CMS: 2993379K->686228K(3512768K)
[2025-08-01T02:24:23.936+0000] GC(614) Metaspace: 9703K(12544K)->9703K(12544K) NonClass: 8537K(11008K)->8537K(11008K) Class: 1166K(1536K)->1166K(1536K)
[2025-08-01T02:24:23.936+0000] GC(614) Pause Young (Allocation Failure) 3522M->670M(4029M) 1038.490ms
[2025-08-01T02:24:23.936+0000] GC(614) User=1.04s Sys=0.00s Real=1.04s
[2025-08-01T02:24:24.065+0000] GC(616) Pause Young (Allocation Failure)
[2025-08-01T02:24:24.065+0000] GC(616) Using 8 workers of 8 for evacuation
[2025-08-01T02:24:24.202+0000] GC(616) ParNew: 545344K->68096K(613440K)
[2025-08-01T02:24:24.202+0000] GC(616) CMS: 686228K->1016549K(3512768K)
[2025-08-01T02:24:24.202+0000] GC(616) Metaspace: 9703K(12544K)->9703K(12544K) NonClass: 8537K(11008K)->8537K(11008K) Class: 1166K(1536K)->1166K(1536K)
[2025-08-01T02:24:24.202+0000] GC(616) Pause Young (Allocation Failure) 1202M->1059M(4029M) 137.117ms
[2025-08-01T02:24:24.202+0000] GC(616) User=1.00s Sys=0.02s Real=0.13s
[2025-08-01T02:24:24.297+0000] GC(617) Pause Young (Allocation Failure)
[2025-08-01T02:24:24.298+0000] GC(617) Using 8 workers of 8 for evacuation
[2025-08-01T02:24:24.528+0000] GC(617) ParNew: 613440K->68096K(613440K)
[2025-08-01T02:24:24.528+0000] GC(617) CMS: 1016549K->1562594K(3512768K)
[2025-08-01T02:24:24.528+0000] GC(617) Metaspace: 9703K(12544K)->9703K(12544K) NonClass: 8537K(11008K)->8537K(11008K) Class: 1166K(1536K)->1166K(1536K)
[2025-08-01T02:24:24.528+0000] GC(617) Pause Young (Allocation Failure) 1591M->1592M(4029M) 230.310ms
[2025-08-01T02:24:24.528+0000] GC(617) User=1.78s Sys=0.02s Real=0.23s
[2025-08-01T02:24:24.536+0000] GC(618) Pause Initial Mark
[2025-08-01T02:24:24.540+0000] GC(618) Pause Initial Mark 1639M->1639M(4029M) 3.886ms
[2025-08-01T02:24:24.540+0000] GC(618) User=0.02s Sys=0.00s Real=0.00s
[2025-08-01T02:24:24.540+0000] GC(618) Concurrent Mark
[2025-08-01T02:24:24.540+0000] GC(618) Using 2 workers of 2 for marking
[2025-08-01T02:24:24.632+0000] GC(619) Pause Young (Allocation Failure)
[2025-08-01T02:24:24.632+0000] GC(619) Using 8 workers of 8 for evacuation
[2025-08-01T02:24:24.769+0000] GC(619) ParNew: 613440K->68096K(613440K)
[2025-08-01T02:24:24.769+0000] GC(619) CMS: 1562594K->1990830K(3512768K)
[2025-08-01T02:24:24.769+0000] GC(619) Metaspace: 9703K(12544K)->9703K(12544K) NonClass: 8537K(11008K)->8537K(11008K) Class: 1166K(1536K)->1166K(1536K)
[2025-08-01T02:24:24.769+0000] GC(619) Pause Young (Allocation Failure) 2125M->2010M(4029M) 136.624ms
[2025-08-01T02:24:24.769+0000] GC(619) User=1.06s Sys=0.01s Real=0.14s
[2025-08-01T02:24:24.860+0000] GC(620) Pause Young (Allocation Failure)
[2025-08-01T02:24:24.860+0000] GC(620) Using 8 workers of 8 for evacuation
[2025-08-01T02:24:25.016+0000] GC(620) ParNew: 613440K->68096K(613440K)
[2025-08-01T02:24:25.016+0000] GC(620) CMS: 1990830K->2493057K(3512768K)
[2025-08-01T02:24:25.016+0000] GC(620) Metaspace: 9703K(12544K)->9703K(12544K) NonClass: 8537K(11008K)->8537K(11008K) Class: 1166K(1536K)->1166K(1536K)
[2025-08-01T02:24:25.016+0000] GC(620) Pause Young (Allocation Failure) 2543M->2501M(4029M) 156.350ms
[2025-08-01T02:24:25.016+0000] GC(620) User=1.20s Sys=0.00s Real=0.16s
[2025-08-01T02:24:25.106+0000] GC(621) Pause Young (Allocation Failure)
[2025-08-01T02:24:25.106+0000] GC(621) Using 8 workers of 8 for evacuation
[2025-08-01T02:24:25.279+0000] GC(621) ParNew: 613440K->68096K(613440K)
[2025-08-01T02:24:25.279+0000] GC(621) CMS: 2493057K->3016170K(3512768K)
[2025-08-01T02:24:25.279+0000] GC(621) Metaspace: 9703K(12544K)->9703K(12544K) NonClass: 8537K(11008K)->8537K(11008K) Class: 1166K(1536K)->1166K(1536K)
[2025-08-01T02:24:25.279+0000] GC(621) Pause Young (Allocation Failure) 3033M->3011M(4029M) 172.618ms
[2025-08-01T02:24:25.279+0000] GC(621) User=1.33s Sys=0.03s Real=0.17s
[2025-08-01T02:24:25.370+0000] GC(622) Pause Young (Allocation Failure)
[2025-08-01T02:24:25.370+0000] GC(622) Using 8 workers of 8 for evacuation
[2025-08-01T02:24:25.370+0000] GC(623) Pause Full (Allocation Failure)
[2025-08-01T02:24:25.468+0000] GC(618) Concurrent Mark 927.623ms
[2025-08-01T02:24:25.468+0000] GC(618) User=5.06s Sys=0.04s Real=0.93s
[2025-08-01T02:24:25.468+0000] GC(623) Phase 1: Mark live objects
[2025-08-01T02:24:25.583+0000] GC(623) Phase 1: Mark live objects 114.932ms
[2025-08-01T02:24:25.583+0000] GC(623) Phase 2: Compute new object addresses
[2025-08-01T02:24:26.025+0000] GC(623) Phase 2: Compute new object addresses 442.028ms
[2025-08-01T02:24:26.025+0000] GC(623) Phase 3: Adjust pointers
[2025-08-01T02:24:26.127+0000] GC(623) Phase 3: Adjust pointers 101.430ms
[2025-08-01T02:24:26.127+0000] GC(623) Phase 4: Move objects
[2025-08-01T02:24:26.406+0000] GC(623) Phase 4: Move objects 279.062ms
[2025-08-01T02:24:26.421+0000] GC(623) Pause Full (Allocation Failure) 3544M->687M(4029M) 1051.222ms
[2025-08-01T02:24:26.421+0000] GC(622) ParNew: 613440K->0K(613440K)
[2025-08-01T02:24:26.421+0000] GC(622) CMS: 3016170K->704150K(3512768K)
[2025-08-01T02:24:26.422+0000] GC(622) Metaspace: 9703K(12544K)->9703K(12544K) NonClass: 8537K(11008K)->8537K(11008K) Class: 1166K(1536K)->1166K(1536K)
[2025-08-01T02:24:26.422+0000] GC(622) Pause Young (Allocation Failure) 3544M->687M(4029M) 1051.600ms
[2025-08-01T02:24:26.422+0000] GC(622) User=1.15s Sys=0.00s Real=1.05s
[2025-08-01T02:24:26.517+0000] GC(624) Pause Young (Allocation Failure)
[2025-08-01T02:24:26.517+0000] GC(624) Using 8 workers of 8 for evacuation
[2025-08-01T02:24:26.678+0000] GC(624) ParNew: 545344K->68096K(613440K)
[2025-08-01T02:24:26.678+0000] GC(624) CMS: 704150K->1085949K(3512768K)
[2025-08-01T02:24:26.678+0000] GC(624) Metaspace: 9703K(12544K)->9703K(12544K) NonClass: 8537K(11008K)->8537K(11008K) Class: 1166K(1536K)->1166K(1536K)
[2025-08-01T02:24:26.678+0000] GC(624) Pause Young (Allocation Failure) 1220M->1126M(4029M) 160.507ms
[2025-08-01T02:24:26.678+0000] GC(624) User=1.19s Sys=0.04s Real=0.16s
[2025-08-01T02:24:26.768+0000] GC(625) Pause Young (Allocation Failure)
[2025-08-01T02:24:26.768+0000] GC(625) Using 8 workers of 8 for evacuation
[2025-08-01T02:24:26.909+0000] GC(625) ParNew: 613440K->68096K(613440K)
[2025-08-01T02:24:26.909+0000] GC(625) CMS: 1085949K->1537536K(3512768K)
[2025-08-01T02:24:26.909+0000] GC(625) Metaspace: 9703K(12544K)->9703K(12544K) NonClass: 8537K(11008K)->8537K(11008K) Class: 1166K(1536K)->1166K(1536K)
[2025-08-01T02:24:26.909+0000] GC(625) Pause Young (Allocation Failure) 1659M->1568M(4029M) 140.909ms
[2025-08-01T02:24:26.909+0000] GC(625) User=1.09s Sys=0.01s Real=0.14s
[2025-08-01T02:24:26.909+0000] GC(626) Pause Initial Mark
[2025-08-01T02:24:26.912+0000] GC(626) Pause Initial Mark 1575M->1575M(4029M) 2.637ms
[2025-08-01T02:24:26.912+0000] GC(626) User=0.02s Sys=0.00s Real=0.00s
[2025-08-01T02:24:26.912+0000] GC(626) Concurrent Mark
[2025-08-01T02:24:26.912+0000] GC(626) Using 2 workers of 2 for marking
[2025-08-01T02:24:27.023+0000] GC(627) Pause Young (Allocation Failure)
[2025-08-01T02:24:27.023+0000] GC(627) Using 8 workers of 8 for evacuation
[2025-08-01T02:24:27.170+0000] GC(627) ParNew: 613440K->68096K(613440K)
[2025-08-01T02:24:27.170+0000] GC(627) CMS: 1537536K->1918574K(3512768K)
[2025-08-01T02:24:27.170+0000] GC(627) Metaspace: 9703K(12544K)->9703K(12544K) NonClass: 8537K(11008K)->8537K(11008K) Class: 1166K(1536K)->1166K(1536K)
[2025-08-01T02:24:27.170+0000] GC(627) Pause Young (Allocation Failure) 2100M->1940M(4029M) 146.894ms
[2025-08-01T02:24:27.170+0000] GC(627) User=1.10s Sys=0.02s Real=0.14s
[2025-08-01T02:24:27.266+0000] GC(628) Pause Young (Allocation Failure)
[2025-08-01T02:24:27.266+0000] GC(628) Using 8 workers of 8 for evacuation
[2025-08-01T02:24:27.470+0000] GC(628) ParNew: 613440K->68096K(613440K)
[2025-08-01T02:24:27.470+0000] GC(628) CMS: 1918574K->2442815K(3512768K)
[2025-08-01T02:24:27.470+0000] GC(628) Metaspace: 9703K(12544K)->9703K(12544K) NonClass: 8537K(11008K)->8537K(11008K) Class: 1166K(1536K)->1166K(1536K)
[2025-08-01T02:24:27.470+0000] GC(628) Pause Young (Allocation Failure) 2472M->2452M(4029M) 204.487ms
[2025-08-01T02:24:27.470+0000] GC(628) User=1.57s Sys=0.04s Real=0.20s
[2025-08-01T02:24:27.559+0000] GC(626) Concurrent Mark 646.715ms
[2025-08-01T02:24:27.559+0000] GC(626) User=3.74s Sys=0.07s Real=0.65s
[2025-08-01T02:24:27.559+0000] GC(626) Concurrent Preclean
[2025-08-01T02:24:27.564+0000] GC(629) Pause Young (Allocation Failure)
[2025-08-01T02:24:27.564+0000] GC(629) Using 8 workers of 8 for evacuation
[2025-08-01T02:24:27.681+0000] GC(629) ParNew: 613440K->68096K(613440K)
[2025-08-01T02:24:27.681+0000] GC(629) CMS: 2442815K->2788838K(3512768K)
[2025-08-01T02:24:27.681+0000] GC(629) Metaspace: 9703K(12544K)->9703K(12544K) NonClass: 8537K(11008K)->8537K(11008K) Class: 1166K(1536K)->1166K(1536K)
[2025-08-01T02:24:27.681+0000] GC(629) Pause Young (Allocation Failure) 2984M->2789M(4029M) 117.057ms
[2025-08-01T02:24:27.681+0000] GC(629) User=0.89s Sys=0.02s Real=0.11s
[2025-08-01T02:24:27.774+0000] GC(630) Pause Young (Allocation Failure)
[2025-08-01T02:24:27.774+0000] GC(630) Using 8 workers of 8 for evacuation
[2025-08-01T02:24:27.936+0000] GC(630) ParNew: 613440K->68096K(613440K)
[2025-08-01T02:24:27.936+0000] GC(630) CMS: 2788838K->3330469K(3512768K)
[2025-08-01T02:24:27.936+0000] GC(630) Metaspace: 9703K(12544K)->9703K(12544K) NonClass: 8537K(11008K)->8537K(11008K) Class: 1166K(1536K)->1166K(1536K)
[2025-08-01T02:24:27.936+0000] GC(630) Pause Young (Allocation Failure) 3322M->3318M(4029M) 161.362ms
[2025-08-01T02:24:27.936+0000] GC(630) User=1.23s Sys=0.01s Real=0.16s
[2025-08-01T02:24:28.029+0000] GC(631) Pause Young (Allocation Failure)
[2025-08-01T02:24:28.029+0000] GC(631) Using 8 workers of 8 for evacuation
[2025-08-01T02:24:28.029+0000] GC(632) Pause Full (Allocation Failure)
[2025-08-01T02:24:28.430+0000] GC(626) Concurrent Preclean 871.217ms
[2025-08-01T02:24:28.430+0000] GC(626) User=3.01s Sys=0.03s Real=0.87s
[2025-08-01T02:24:28.431+0000] GC(632) Phase 1: Mark live objects
[2025-08-01T02:24:28.576+0000] GC(632) Phase 1: Mark live objects 145.068ms
[2025-08-01T02:24:28.576+0000] GC(632) Phase 2: Compute new object addresses
[2025-08-01T02:24:28.953+0000] GC(632) Phase 2: Compute new object addresses 376.531ms
[2025-08-01T02:24:28.953+0000] GC(632) Phase 3: Adjust pointers
[2025-08-01T02:24:29.095+0000] GC(632) Phase 3: Adjust pointers 142.058ms
[2025-08-01T02:24:29.095+0000] GC(632) Phase 4: Move objects
[2025-08-01T02:24:29.450+0000] GC(632) Phase 4: Move objects 354.786ms
[2025-08-01T02:24:29.464+0000] GC(632) Pause Full (Allocation Failure) 3851M->782M(4029M) 1434.349ms
[2025-08-01T02:24:29.464+0000] GC(631) ParNew: 613440K->0K(613440K)
[2025-08-01T02:24:29.464+0000] GC(631) CMS: 3330469K->801332K(3512768K)
[2025-08-01T02:24:29.464+0000] GC(631) Metaspace: 9703K(12544K)->9703K(12544K) NonClass: 8537K(11008K)->8537K(11008K) Class: 1166K(1536K)->1166K(1536K)
[2025-08-01T02:24:29.464+0000] GC(631) Pause Young (Allocation Failure) 3851M->782M(4029M) 1434.706ms
[2025-08-01T02:24:29.464+0000] GC(631) User=1.44s Sys=0.00s Real=1.44s
[2025-08-01T02:24:29.559+0000] GC(633) Pause Young (Allocation Failure)
[2025-08-01T02:24:29.559+0000] GC(633) Using 8 workers of 8 for evacuation
[2025-08-01T02:24:29.719+0000] GC(633) ParNew: 545344K->68094K(613440K)
[2025-08-01T02:24:29.719+0000] GC(633) CMS: 801332K->1159458K(3512768K)
[2025-08-01T02:24:29.719+0000] GC(633) Metaspace: 9703K(12544K)->9703K(12544K) NonClass: 8537K(11008K)->8537K(11008K) Class: 1166K(1536K)->1166K(1536K)
[2025-08-01T02:24:29.719+0000] GC(633) Pause Young (Allocation Failure) 1315M->1198M(4029M) 159.685ms
[2025-08-01T02:24:29.719+0000] GC(633) User=1.20s Sys=0.02s Real=0.16s
[2025-08-01T02:24:29.812+0000] GC(634) Pause Young (Allocation Failure)
[2025-08-01T02:24:29.813+0000] GC(634) Using 8 workers of 8 for evacuation
[2025-08-01T02:24:29.943+0000] GC(634) ParNew: 613438K->68096K(613440K)
[2025-08-01T02:24:29.943+0000] GC(634) CMS: 1159458K->1666338K(3512768K)
[2025-08-01T02:24:29.943+0000] GC(634) Metaspace: 9703K(12544K)->9703K(12544K) NonClass: 8537K(11008K)->8537K(11008K) Class: 1166K(1536K)->1166K(1536K)
[2025-08-01T02:24:29.943+0000] GC(634) Pause Young (Allocation Failure) 1731M->1693M(4029M) 130.763ms
[2025-08-01T02:24:29.943+0000] GC(634) User=1.00s Sys=0.01s Real=0.14s
[2025-08-01T02:24:29.944+0000] GC(635) Pause Initial Mark
[2025-08-01T02:24:29.947+0000] GC(635) Pause Initial Mark 1704M->1704M(4029M) 2.677ms
[2025-08-01T02:24:29.947+0000] GC(635) User=0.02s Sys=0.00s Real=0.00s
[2025-08-01T02:24:29.947+0000] GC(635) Concurrent Mark
[2025-08-01T02:24:29.947+0000] GC(635) Using 2 workers of 2 for marking
[2025-08-01T02:24:30.038+0000] GC(636) Pause Young (Allocation Failure)
[2025-08-01T02:24:30.038+0000] GC(636) Using 8 workers of 8 for evacuation
[2025-08-01T02:24:30.155+0000] GC(636) ParNew: 613440K->68096K(613440K)
[2025-08-01T02:24:30.155+0000] GC(636) CMS: 1666338K->1962957K(3512768K)
[2025-08-01T02:24:30.155+0000] GC(636) Metaspace: 9703K(12544K)->9703K(12544K) NonClass: 8537K(11008K)->8537K(11008K) Class: 1166K(1536K)->1166K(1536K)
[2025-08-01T02:24:30.155+0000] GC(636) Pause Young (Allocation Failure) 2226M->1983M(4029M) 117.010ms
[2025-08-01T02:24:30.155+0000] GC(636) User=0.85s Sys=0.03s Real=0.12s
[2025-08-01T02:24:30.253+0000] GC(637) Pause Young (Allocation Failure)
[2025-08-01T02:24:30.253+0000] GC(637) Using 8 workers of 8 for evacuation
[2025-08-01T02:24:30.586+0000] GC(637) ParNew: 613440K->68096K(613440K)
[2025-08-01T02:24:30.586+0000] GC(637) CMS: 1962957K->2512068K(3512768K)
[2025-08-01T02:24:30.586+0000] GC(637) Metaspace: 9703K(12544K)->9703K(12544K) NonClass: 8537K(11008K)->8537K(11008K) Class: 1166K(1536K)->1166K(1536K)
[2025-08-01T02:24:30.586+0000] GC(637) Pause Young (Allocation Failure) 2516M->2519M(4029M) 333.034ms
[2025-08-01T02:24:30.586+0000] GC(637) User=2.50s Sys=0.09s Real=0.34s
[2025-08-01T02:24:30.686+0000] GC(638) Pause Young (Allocation Failure)
[2025-08-01T02:24:30.686+0000] GC(638) Using 8 workers of 8 for evacuation
[2025-08-01T02:24:30.792+0000] GC(638) ParNew: 613440K->68096K(613440K)
[2025-08-01T02:24:30.792+0000] GC(638) CMS: 2512068K->2853584K(3512768K)
[2025-08-01T02:24:30.792+0000] GC(638) Metaspace: 9703K(12544K)->9703K(12544K) NonClass: 8537K(11008K)->8537K(11008K) Class: 1166K(1536K)->1166K(1536K)
[2025-08-01T02:24:30.792+0000] GC(638) Pause Young (Allocation Failure) 3052M->2853M(4029M) 106.605ms
[2025-08-01T02:24:30.793+0000] GC(638) User=0.83s Sys=0.00s Real=0.10s
[2025-08-01T02:24:30.869+0000] GC(635) Concurrent Mark 921.937ms
[2025-08-01T02:24:30.869+0000] GC(635) User=5.50s Sys=0.13s Real=0.92s
[2025-08-01T02:24:30.869+0000] GC(635) Concurrent Preclean
[2025-08-01T02:24:30.888+0000] GC(639) Pause Young (Allocation Failure)
[2025-08-01T02:24:30.888+0000] GC(639) Using 8 workers of 8 for evacuation
[2025-08-01T02:24:31.052+0000] GC(639) ParNew: 613440K->68096K(613440K)
[2025-08-01T02:24:31.052+0000] GC(639) CMS: 2853584K->3394915K(3512768K)
[2025-08-01T02:24:31.052+0000] GC(639) Metaspace: 9703K(12544K)->9703K(12544K) NonClass: 8537K(11008K)->8537K(11008K) Class: 1166K(1536K)->1166K(1536K)
[2025-08-01T02:24:31.052+0000] GC(639) Pause Young (Allocation Failure) 3385M->3381M(4029M) 164.622ms
[2025-08-01T02:24:31.052+0000] GC(639) User=1.26s Sys=0.02s Real=0.16s
[2025-08-01T02:24:31.150+0000] GC(640) Pause Young (Allocation Failure)
[2025-08-01T02:24:31.150+0000] GC(640) Using 8 workers of 8 for evacuation
[2025-08-01T02:24:31.150+0000] GC(641) Pause Full (Allocation Failure)
[2025-08-01T02:24:31.603+0000] GC(635) Concurrent Preclean 734.050ms
[2025-08-01T02:24:31.603+0000] GC(635) User=2.04s Sys=0.03s Real=0.74s
[2025-08-01T02:24:31.606+0000] GC(641) Phase 1: Mark live objects
[2025-08-01T02:24:31.765+0000] GC(641) Phase 1: Mark live objects 158.693ms
[2025-08-01T02:24:31.765+0000] GC(641) Phase 2: Compute new object addresses
[2025-08-01T02:24:32.295+0000] GC(641) Phase 2: Compute new object addresses 530.607ms
[2025-08-01T02:24:32.295+0000] GC(641) Phase 3: Adjust pointers
[2025-08-01T02:24:32.439+0000] GC(641) Phase 3: Adjust pointers 143.139ms
[2025-08-01T02:24:32.439+0000] GC(641) Phase 4: Move objects
[2025-08-01T02:24:32.792+0000] GC(641) Phase 4: Move objects 353.527ms
[2025-08-01T02:24:32.808+0000] GC(641) Pause Full (Allocation Failure) 3914M->878M(4029M) 1658.047ms
[2025-08-01T02:24:32.808+0000] GC(640) ParNew: 613440K->0K(613440K)
[2025-08-01T02:24:32.808+0000] GC(640) CMS: 3394915K->899764K(3512768K)
[2025-08-01T02:24:32.808+0000] GC(640) Metaspace: 9703K(12544K)->9703K(12544K) NonClass: 8537K(11008K)->8537K(11008K) Class: 1166K(1536K)->1166K(1536K)
[2025-08-01T02:24:32.808+0000] GC(640) Pause Young (Allocation Failure) 3914M->878M(4029M) 1658.277ms
[2025-08-01T02:24:32.808+0000] GC(640) User=1.60s Sys=0.06s Real=1.66s
[2025-08-01T02:24:32.908+0000] GC(642) Pause Young (Allocation Failure)
[2025-08-01T02:24:32.908+0000] GC(642) Using 8 workers of 8 for evacuation
[2025-08-01T02:24:33.024+0000] GC(642) ParNew: 545344K->68096K(613440K)
[2025-08-01T02:24:33.024+0000] GC(642) CMS: 899764K->1139665K(3512768K)
[2025-08-01T02:24:33.024+0000] GC(642) Metaspace: 9703K(12544K)->9703K(12544K) NonClass: 8537K(11008K)->8537K(11008K) Class: 1166K(1536K)->1166K(1536K)
[2025-08-01T02:24:33.024+0000] GC(642) Pause Young (Allocation Failure) 1411M->1179M(4029M) 116.841ms
[2025-08-01T02:24:33.025+0000] GC(642) User=0.89s Sys=0.02s Real=0.12s
[2025-08-01T02:24:33.120+0000] GC(643) Pause Young (Allocation Failure)
[2025-08-01T02:24:33.120+0000] GC(643) Using 8 workers of 8 for evacuation
[2025-08-01T02:24:33.420+0000] GC(643) ParNew: 613440K->68096K(613440K)
[2025-08-01T02:24:33.420+0000] GC(643) CMS: 1139665K->1683899K(3512768K)
[2025-08-01T02:24:33.420+0000] GC(643) Metaspace: 9703K(12544K)->9703K(12544K) NonClass: 8537K(11008K)->8537K(11008K) Class: 1166K(1536K)->1166K(1536K)
[2025-08-01T02:24:33.420+0000] GC(643) Pause Young (Allocation Failure) 1712M->1710M(4029M) 300.173ms
[2025-08-01T02:24:33.420+0000] GC(643) User=2.10s Sys=0.11s Real=0.30s
[2025-08-01T02:24:33.421+0000] GC(644) Pause Initial Mark
[2025-08-01T02:24:33.425+0000] GC(644) Pause Initial Mark 1718M->1718M(4029M) 3.442ms
[2025-08-01T02:24:33.425+0000] GC(644) User=0.01s Sys=0.00s Real=0.01s
[2025-08-01T02:24:33.425+0000] GC(644) Concurrent Mark
[2025-08-01T02:24:33.425+0000] GC(644) Using 2 workers of 2 for marking
[2025-08-01T02:24:33.525+0000] GC(645) Pause Young (Allocation Failure)
[2025-08-01T02:24:33.525+0000] GC(645) Using 8 workers of 8 for evacuation
[2025-08-01T02:24:33.664+0000] GC(645) ParNew: 613440K->68096K(613440K)
[2025-08-01T02:24:33.664+0000] GC(645) CMS: 1683899K->2026214K(3512768K)
[2025-08-01T02:24:33.664+0000] GC(645) Metaspace: 9703K(12544K)->9703K(12544K) NonClass: 8537K(11008K)->8537K(11008K) Class: 1166K(1536K)->1166K(1536K)
[2025-08-01T02:24:33.664+0000] GC(645) Pause Young (Allocation Failure) 2243M->2045M(4029M) 139.403ms
[2025-08-01T02:24:33.664+0000] GC(645) User=1.07s Sys=0.02s Real=0.14s
[2025-08-01T02:24:33.765+0000] GC(646) Pause Young (Allocation Failure)
[2025-08-01T02:24:33.765+0000] GC(646) Using 8 workers of 8 for evacuation
[2025-08-01T02:24:33.954+0000] GC(646) ParNew: 613440K->68096K(613440K)
[2025-08-01T02:24:33.954+0000] GC(646) CMS: 2026214K->2568201K(3512768K)
[2025-08-01T02:24:33.954+0000] GC(646) Metaspace: 9703K(12544K)->9703K(12544K) NonClass: 8537K(11008K)->8537K(11008K) Class: 1166K(1536K)->1166K(1536K)
[2025-08-01T02:24:33.954+0000] GC(646) Pause Young (Allocation Failure) 2577M->2574M(4029M) 189.468ms
[2025-08-01T02:24:33.954+0000] GC(646) User=1.45s Sys=0.03s Real=0.19s
[2025-08-01T02:24:34.052+0000] GC(647) Pause Young (Allocation Failure)
[2025-08-01T02:24:34.052+0000] GC(647) Using 8 workers of 8 for evacuation
[2025-08-01T02:24:34.176+0000] GC(647) ParNew: 613440K->68096K(613440K)
[2025-08-01T02:24:34.176+0000] GC(647) CMS: 2568201K->2981640K(3512768K)
[2025-08-01T02:24:34.176+0000] GC(647) Metaspace: 9703K(12544K)->9703K(12544K) NonClass: 8537K(11008K)->8537K(11008K) Class: 1166K(1536K)->1166K(1536K)
[2025-08-01T02:24:34.176+0000] GC(647) Pause Young (Allocation Failure) 3107M->2978M(4029M) 124.204ms
[2025-08-01T02:24:34.177+0000] GC(647) User=0.95s Sys=0.00s Real=0.13s
[2025-08-01T02:24:34.277+0000] GC(648) Pause Young (Allocation Failure)
[2025-08-01T02:24:34.277+0000] GC(648) Using 8 workers of 8 for evacuation
[2025-08-01T02:24:34.277+0000] GC(649) Pause Full (Allocation Failure)
[2025-08-01T02:24:34.301+0000] GC(644) Concurrent Mark 876.497ms
[2025-08-01T02:24:34.302+0000] GC(644) User=5.01s Sys=0.06s Real=0.87s
[2025-08-01T02:24:34.302+0000] GC(649) Phase 1: Mark live objects
[2025-08-01T02:24:34.375+0000] GC(649) Phase 1: Mark live objects 73.029ms
[2025-08-01T02:24:34.375+0000] GC(649) Phase 2: Compute new object addresses
[2025-08-01T02:24:34.828+0000] GC(649) Phase 2: Compute new object addresses 452.598ms
[2025-08-01T02:24:34.828+0000] GC(649) Phase 3: Adjust pointers
[2025-08-01T02:24:34.886+0000] GC(649) Phase 3: Adjust pointers 58.211ms
[2025-08-01T02:24:34.886+0000] GC(649) Phase 4: Move objects
[2025-08-01T02:24:35.066+0000] GC(649) Phase 4: Move objects 179.348ms
[2025-08-01T02:24:35.079+0000] GC(649) Pause Full (Allocation Failure) 3510M->447M(4029M) 801.580ms
[2025-08-01T02:24:35.079+0000] GC(648) ParNew: 613440K->0K(613440K)
[2025-08-01T02:24:35.079+0000] GC(648) CMS: 2981640K->458475K(3512768K)
[2025-08-01T02:24:35.079+0000] GC(648) Metaspace: 9703K(12544K)->9703K(12544K) NonClass: 8537K(11008K)->8537K(11008K) Class: 1166K(1536K)->1166K(1536K)
[2025-08-01T02:24:35.079+0000] GC(648) Pause Young (Allocation Failure) 3510M->447M(4029M) 801.835ms
[2025-08-01T02:24:35.079+0000] GC(648) User=0.79s Sys=0.03s Real=0.80s
[2025-08-01T02:24:35.182+0000] GC(650) Pause Young (Allocation Failure)
[2025-08-01T02:24:35.182+0000] GC(650) Using 8 workers of 8 for evacuation
[2025-08-01T02:24:35.366+0000] GC(650) ParNew: 545344K->68096K(613440K)
[2025-08-01T02:24:35.366+0000] GC(650) CMS: 458475K->934933K(3512768K)
[2025-08-01T02:24:35.366+0000] GC(650) Metaspace: 9703K(12544K)->9703K(12544K) NonClass: 8537K(11008K)->8537K(11008K) Class: 1166K(1536K)->1166K(1536K)
[2025-08-01T02:24:35.366+0000] GC(650) Pause Young (Allocation Failure) 980M->979M(4029M) 183.975ms
[2025-08-01T02:24:35.366+0000] GC(650) User=1.29s Sys=0.04s Real=0.19s
[2025-08-01T02:24:35.463+0000] GC(651) Pause Young (Allocation Failure)
[2025-08-01T02:24:35.463+0000] GC(651) Using 8 workers of 8 for evacuation
[2025-08-01T02:24:35.586+0000] GC(651) ParNew: 613440K->68096K(613440K)
[2025-08-01T02:24:35.586+0000] GC(651) CMS: 934933K->1233592K(3512768K)
[2025-08-01T02:24:35.586+0000] GC(651) Metaspace: 9703K(12544K)->9703K(12544K) NonClass: 8537K(11008K)->8537K(11008K) Class: 1166K(1536K)->1166K(1536K)
[2025-08-01T02:24:35.586+0000] GC(651) Pause Young (Allocation Failure) 1512M->1271M(4029M) 123.831ms
[2025-08-01T02:24:35.586+0000] GC(651) User=0.95s Sys=0.02s Real=0.13s
[2025-08-01T02:24:35.719+0000] GC(652) Pause Young (Allocation Failure)
[2025-08-01T02:24:35.719+0000] GC(652) Using 8 workers of 8 for evacuation
[2025-08-01T02:24:35.922+0000] GC(652) ParNew: 613440K->68096K(613440K)
[2025-08-01T02:24:35.923+0000] GC(652) CMS: 1233592K->1775627K(3512768K)
[2025-08-01T02:24:35.923+0000] GC(652) Metaspace: 9703K(12544K)->9703K(12544K) NonClass: 8537K(11008K)->8537K(11008K) Class: 1166K(1536K)->1166K(1536K)
[2025-08-01T02:24:35.923+0000] GC(652) Pause Young (Allocation Failure) 1803M->1800M(4029M) 203.545ms
[2025-08-01T02:24:35.923+0000] GC(652) User=1.53s Sys=0.03s Real=0.20s
[2025-08-01T02:24:35.929+0000] GC(653) Pause Initial Mark
[2025-08-01T02:24:35.934+0000] GC(653) Pause Initial Mark 1850M->1850M(4029M) 5.263ms
[2025-08-01T02:24:35.935+0000] GC(653) User=0.03s Sys=0.00s Real=0.01s
[2025-08-01T02:24:35.935+0000] GC(653) Concurrent Mark
[2025-08-01T02:24:35.935+0000] GC(653) Using 2 workers of 2 for marking
[2025-08-01T02:24:36.027+0000] GC(654) Pause Young (Allocation Failure)
[2025-08-01T02:24:36.027+0000] GC(654) Using 8 workers of 8 for evacuation
[2025-08-01T02:24:36.151+0000] GC(654) ParNew: 613440K->68096K(613440K)
[2025-08-01T02:24:36.151+0000] GC(654) CMS: 1775627K->2148588K(3512768K)
[2025-08-01T02:24:36.151+0000] GC(654) Metaspace: 9703K(12544K)->9703K(12544K) NonClass: 8537K(11008K)->8537K(11008K) Class: 1166K(1536K)->1166K(1536K)
[2025-08-01T02:24:36.151+0000] GC(654) Pause Young (Allocation Failure) 2333M->2164M(4029M) 124.346ms
[2025-08-01T02:24:36.151+0000] GC(654) User=0.94s Sys=0.01s Real=0.12s
[2025-08-01T02:24:36.288+0000] GC(655) Pause Young (Allocation Failure)
[2025-08-01T02:24:36.289+0000] GC(655) Using 8 workers of 8 for evacuation
[2025-08-01T02:24:36.371+0000] GC(655) ParNew: 613440K->68096K(613440K)
[2025-08-01T02:24:36.371+0000] GC(655) CMS: 2148588K->2371003K(3512768K)
[2025-08-01T02:24:36.371+0000] GC(655) Metaspace: 9703K(12544K)->9703K(12544K) NonClass: 8537K(11008K)->8537K(11008K) Class: 1166K(1536K)->1166K(1536K)
[2025-08-01T02:24:36.371+0000] GC(655) Pause Young (Allocation Failure) 2697M->2381M(4029M) 82.546ms
[2025-08-01T02:24:36.371+0000] GC(655) User=0.63s Sys=0.00s Real=0.08s
[2025-08-01T02:24:36.429+0000] GC(653) Concurrent Mark 494.150ms
[2025-08-01T02:24:36.429+0000] GC(653) User=2.58s Sys=0.01s Real=0.49s
[2025-08-01T02:24:36.429+0000] GC(653) Concurrent Preclean
[2025-08-01T02:24:36.469+0000] GC(656) Pause Young (Allocation Failure)
[2025-08-01T02:24:36.469+0000] GC(656) Using 8 workers of 8 for evacuation
[2025-08-01T02:24:36.620+0000] GC(656) ParNew: 613440K->68096K(613440K)
[2025-08-01T02:24:36.620+0000] GC(656) CMS: 2371003K->2913108K(3512768K)
[2025-08-01T02:24:36.620+0000] GC(656) Metaspace: 9703K(12544K)->9703K(12544K) NonClass: 8537K(11008K)->8537K(11008K) Class: 1166K(1536K)->1166K(1536K)
[2025-08-01T02:24:36.620+0000] GC(656) Pause Young (Allocation Failure) 2914M->2911M(4029M) 151.048ms
[2025-08-01T02:24:36.620+0000] GC(656) User=1.17s Sys=0.02s Real=0.15s
[2025-08-01T02:24:36.730+0000] GC(657) Pause Young (Allocation Failure)
[2025-08-01T02:24:36.730+0000] GC(657) Using 8 workers of 8 for evacuation
[2025-08-01T02:24:36.730+0000] GC(658) Pause Full (Allocation Failure)
[2025-08-01T02:24:36.969+0000] GC(653) Concurrent Preclean 540.303ms
[2025-08-01T02:24:36.969+0000] GC(653) User=1.84s Sys=0.02s Real=0.54s
[2025-08-01T02:24:36.970+0000] GC(658) Phase 1: Mark live objects
[2025-08-01T02:24:37.222+0000] GC(658) Phase 1: Mark live objects 251.725ms
[2025-08-01T02:24:37.222+0000] GC(658) Phase 2: Compute new object addresses
[2025-08-01T02:24:37.671+0000] GC(658) Phase 2: Compute new object addresses 449.177ms
[2025-08-01T02:24:37.671+0000] GC(658) Phase 3: Adjust pointers
[2025-08-01T02:24:37.875+0000] GC(658) Phase 3: Adjust pointers 203.609ms
[2025-08-01T02:24:37.875+0000] GC(658) Phase 4: Move objects
[2025-08-01T02:24:38.493+0000] GC(658) Phase 4: Move objects 618.282ms
[2025-08-01T02:24:38.506+0000] GC(658) Pause Full (Allocation Failure) 3443M->1452M(4029M) 1776.015ms
[2025-08-01T02:24:38.506+0000] GC(657) ParNew: 613440K->0K(613440K)
[2025-08-01T02:24:38.506+0000] GC(657) CMS: 2913108K->1487871K(3512768K)
[2025-08-01T02:24:38.506+0000] GC(657) Metaspace: 9703K(12544K)->9703K(12544K) NonClass: 8537K(11008K)->8537K(11008K) Class: 1166K(1536K)->1166K(1536K)
[2025-08-01T02:24:38.506+0000] GC(657) Pause Young (Allocation Failure) 3443M->1452M(4029M) 1776.361ms
[2025-08-01T02:24:38.506+0000] GC(657) User=1.74s Sys=0.04s Real=1.78s
[2025-08-01T02:24:38.657+0000] GC(659) Pause Young (Allocation Failure)
[2025-08-01T02:24:38.657+0000] GC(659) Using 8 workers of 8 for evacuation
[2025-08-01T02:24:38.806+0000] GC(659) ParNew: 545344K->68096K(613440K)
[2025-08-01T02:24:38.806+0000] GC(659) CMS: 1487871K->1766948K(3512768K)
[2025-08-01T02:24:38.806+0000] GC(659) Metaspace: 9703K(12544K)->9703K(12544K) NonClass: 8537K(11008K)->8537K(11008K) Class: 1166K(1536K)->1166K(1536K)
[2025-08-01T02:24:38.806+0000] GC(659) Pause Young (Allocation Failure) 1985M->1792M(4029M) 148.509ms
[2025-08-01T02:24:38.806+0000] GC(659) User=1.12s Sys=0.03s Real=0.15s
[2025-08-01T02:24:38.904+0000] GC(660) Pause Young (Allocation Failure)
[2025-08-01T02:24:38.904+0000] GC(660) Using 8 workers of 8 for evacuation
[2025-08-01T02:24:39.069+0000] GC(660) ParNew: 613440K->68096K(613440K)
[2025-08-01T02:24:39.069+0000] GC(660) CMS: 1766948K->2236372K(3512768K)
[2025-08-01T02:24:39.069+0000] GC(660) Metaspace: 9703K(12544K)->9703K(12544K) NonClass: 8537K(11008K)->8537K(11008K) Class: 1166K(1536K)->1166K(1536K)
[2025-08-01T02:24:39.069+0000] GC(660) Pause Young (Allocation Failure) 2324M->2250M(4029M) 165.512ms
[2025-08-01T02:24:39.070+0000] GC(660) User=1.28s Sys=0.03s Real=0.16s
[2025-08-01T02:24:39.070+0000] GC(661) Pause Initial Mark
[2025-08-01T02:24:39.074+0000] GC(661) Pause Initial Mark 2258M->2258M(4029M) 3.872ms
[2025-08-01T02:24:39.074+0000] GC(661) User=0.01s Sys=0.00s Real=0.01s
[2025-08-01T02:24:39.074+0000] GC(661) Concurrent Mark
[2025-08-01T02:24:39.074+0000] GC(661) Using 2 workers of 2 for marking
[2025-08-01T02:24:39.200+0000] GC(661) Concurrent Mark 125.766ms
[2025-08-01T02:24:39.200+0000] GC(661) User=0.39s Sys=0.00s Real=0.12s
[2025-08-01T02:24:39.200+0000] GC(661) Concurrent Preclean
[2025-08-01T02:24:39.208+0000] GC(661) Concurrent Preclean 7.695ms
[2025-08-01T02:24:39.208+0000] GC(661) User=0.01s Sys=0.00s Real=0.01s
[2025-08-01T02:24:39.208+0000] GC(661) Concurrent Abortable Preclean
[2025-08-01T02:24:39.214+0000] GC(662) Pause Young (Allocation Failure)
[2025-08-01T02:24:39.214+0000] GC(662) Using 8 workers of 8 for evacuation
[2025-08-01T02:24:39.404+0000] GC(662) ParNew: 613440K->68096K(613440K)
[2025-08-01T02:24:39.404+0000] GC(662) CMS: 2236372K->2779882K(3512768K)
[2025-08-01T02:24:39.404+0000] GC(662) Metaspace: 9703K(12544K)->9703K(12544K) NonClass: 8537K(11008K)->8537K(11008K) Class: 1166K(1536K)->1166K(1536K)
[2025-08-01T02:24:39.404+0000] GC(662) Pause Young (Allocation Failure) 2783M->2781M(4029M) 190.199ms
[2025-08-01T02:24:39.404+0000] GC(662) User=1.46s Sys=0.02s Real=0.19s
[2025-08-01T02:24:39.503+0000] GC(663) Pause Young (Allocation Failure)
[2025-08-01T02:24:39.503+0000] GC(663) Using 8 workers of 8 for evacuation
[2025-08-01T02:24:39.660+0000] GC(663) ParNew: 613440K->68096K(613440K)
[2025-08-01T02:24:39.660+0000] GC(663) CMS: 2779882K->3128079K(3512768K)
[2025-08-01T02:24:39.660+0000] GC(663) Metaspace: 9703K(12544K)->9703K(12544K) NonClass: 8537K(11008K)->8537K(11008K) Class: 1166K(1536K)->1166K(1536K)
[2025-08-01T02:24:39.660+0000] GC(663) Pause Young (Allocation Failure) 3313M->3121M(4029M) 156.997ms
[2025-08-01T02:24:39.660+0000] GC(663) User=1.21s Sys=0.02s Real=0.15s
[2025-08-01T02:24:39.801+0000] GC(664) Pause Young (Allocation Failure)
[2025-08-01T02:24:39.801+0000] GC(664) Using 8 workers of 8 for evacuation
[2025-08-01T02:24:39.801+0000] GC(665) Pause Full (Allocation Failure)
[2025-08-01T02:24:39.877+0000] GC(661) Concurrent Abortable Preclean 669.390ms
[2025-08-01T02:24:39.877+0000] GC(661) User=3.38s Sys=0.04s Real=0.67s
[2025-08-01T02:24:39.878+0000] GC(665) Phase 1: Mark live objects
[2025-08-01T02:24:39.969+0000] GC(665) Phase 1: Mark live objects 91.195ms
[2025-08-01T02:24:39.970+0000] GC(665) Phase 2: Compute new object addresses
[2025-08-01T02:24:40.507+0000] GC(665) Phase 2: Compute new object addresses 536.321ms
[2025-08-01T02:24:40.507+0000] GC(665) Phase 3: Adjust pointers
[2025-08-01T02:24:40.619+0000] GC(665) Phase 3: Adjust pointers 111.955ms
[2025-08-01T02:24:40.619+0000] GC(665) Phase 4: Move objects
[2025-08-01T02:24:40.834+0000] GC(665) Phase 4: Move objects 215.051ms
[2025-08-01T02:24:40.841+0000] GC(665) Pause Full (Allocation Failure) 3653M->489M(4029M) 1040.613ms
[2025-08-01T02:24:40.842+0000] GC(664) ParNew: 613440K->0K(613440K)
[2025-08-01T02:24:40.842+0000] GC(664) CMS: 3128079K->501688K(3512768K)
[2025-08-01T02:24:40.842+0000] GC(664) Metaspace: 9703K(12544K)->9703K(12544K) NonClass: 8537K(11008K)->8537K(11008K) Class: 1166K(1536K)->1166K(1536K)
[2025-08-01T02:24:40.842+0000] GC(664) Pause Young (Allocation Failure) 3653M->489M(4029M) 1040.923ms
[2025-08-01T02:24:40.842+0000] GC(664) User=0.98s Sys=0.06s Real=1.04s
[2025-08-01T02:24:40.960+0000] GC(666) Pause Young (Allocation Failure)
[2025-08-01T02:24:40.960+0000] GC(666) Using 8 workers of 8 for evacuation
[2025-08-01T02:24:41.221+0000] GC(666) ParNew: 545344K->68096K(613440K)
[2025-08-01T02:24:41.221+0000] GC(666) CMS: 501688K->980699K(3512768K)
[2025-08-01T02:24:41.221+0000] GC(666) Metaspace: 9703K(12544K)->9703K(12544K) NonClass: 8537K(11008K)->8537K(11008K) Class: 1166K(1536K)->1166K(1536K)
[2025-08-01T02:24:41.221+0000] GC(666) Pause Young (Allocation Failure) 1022M->1024M(4029M) 261.550ms
[2025-08-01T02:24:41.221+0000] GC(666) User=1.96s Sys=0.06s Real=0.26s
[2025-08-01T02:24:41.324+0000] GC(667) Pause Young (Allocation Failure)
[2025-08-01T02:24:41.324+0000] GC(667) Using 8 workers of 8 for evacuation
[2025-08-01T02:24:41.533+0000] GC(667) ParNew: 613440K->68096K(613440K)
[2025-08-01T02:24:41.533+0000] GC(667) CMS: 980699K->1523790K(3512768K)
[2025-08-01T02:24:41.533+0000] GC(667) Metaspace: 9703K(12544K)->9703K(12544K) NonClass: 8537K(11008K)->8537K(11008K) Class: 1166K(1536K)->1166K(1536K)
[2025-08-01T02:24:41.533+0000] GC(667) Pause Young (Allocation Failure) 1556M->1554M(4029M) 209.653ms
[2025-08-01T02:24:41.533+0000] GC(667) User=1.57s Sys=0.05s Real=0.21s
[2025-08-01T02:24:41.537+0000] GC(668) Pause Initial Mark
[2025-08-01T02:24:41.541+0000] GC(668) Pause Initial Mark 1578M->1578M(4029M) 3.396ms
[2025-08-01T02:24:41.541+0000] GC(668) User=0.02s Sys=0.00s Real=0.00s
[2025-08-01T02:24:41.541+0000] GC(668) Concurrent Mark
[2025-08-01T02:24:41.541+0000] GC(668) Using 2 workers of 2 for marking
[2025-08-01T02:24:41.638+0000] GC(669) Pause Young (Allocation Failure)
[2025-08-01T02:24:41.638+0000] GC(669) Using 8 workers of 8 for evacuation
[2025-08-01T02:24:41.791+0000] GC(669) ParNew: 613440K->68096K(613440K)
[2025-08-01T02:24:41.791+0000] GC(669) CMS: 1523790K->1916225K(3512768K)
[2025-08-01T02:24:41.791+0000] GC(669) Metaspace: 9703K(12544K)->9703K(12544K) NonClass: 8537K(11008K)->8537K(11008K) Class: 1166K(1536K)->1166K(1536K)
[2025-08-01T02:24:41.791+0000] GC(669) Pause Young (Allocation Failure) 2087M->1937M(4029M) 153.453ms
[2025-08-01T02:24:41.791+0000] GC(669) User=1.16s Sys=0.02s Real=0.15s
[2025-08-01T02:24:41.882+0000] GC(668) Concurrent Mark 340.308ms
[2025-08-01T02:24:41.882+0000] GC(668) User=1.82s Sys=0.02s Real=0.34s
[2025-08-01T02:24:41.882+0000] GC(668) Concurrent Preclean
[2025-08-01T02:24:41.884+0000] GC(670) Pause Young (Allocation Failure)
[2025-08-01T02:24:41.884+0000] GC(670) Using 8 workers of 8 for evacuation
[2025-08-01T02:24:42.052+0000] GC(670) ParNew: 613440K->68094K(613440K)
[2025-08-01T02:24:42.052+0000] GC(670) CMS: 1916225K->2431958K(3512768K)
[2025-08-01T02:24:42.052+0000] GC(670) Metaspace: 9703K(12544K)->9703K(12544K) NonClass: 8537K(11008K)->8537K(11008K) Class: 1166K(1536K)->1166K(1536K)
[2025-08-01T02:24:42.052+0000] GC(670) Pause Young (Allocation Failure) 2470M->2441M(4029M) 168.302ms
[2025-08-01T02:24:42.052+0000] GC(670) User=1.30s Sys=0.02s Real=0.16s
[2025-08-01T02:24:42.148+0000] GC(671) Pause Young (Allocation Failure)
[2025-08-01T02:24:42.148+0000] GC(671) Using 8 workers of 8 for evacuation
[2025-08-01T02:24:42.323+0000] GC(671) ParNew: 613438K->68096K(613440K)
[2025-08-01T02:24:42.323+0000] GC(671) CMS: 2431958K->2975253K(3512768K)
[2025-08-01T02:24:42.323+0000] GC(671) Metaspace: 9703K(12544K)->9703K(12544K) NonClass: 8537K(11008K)->8537K(11008K) Class: 1166K(1536K)->1166K(1536K)
[2025-08-01T02:24:42.323+0000] GC(671) Pause Young (Allocation Failure) 2974M->2972M(4029M) 175.850ms
[2025-08-01T02:24:42.323+0000] GC(671) User=1.33s Sys=0.03s Real=0.18s
[2025-08-01T02:24:42.416+0000] GC(672) Pause Young (Allocation Failure)
[2025-08-01T02:24:42.416+0000] GC(672) Using 8 workers of 8 for evacuation
[2025-08-01T02:24:42.416+0000] GC(673) Pause Full (Allocation Failure)
[2025-08-01T02:24:42.707+0000] GC(668) Concurrent Preclean 825.619ms
[2025-08-01T02:24:42.707+0000] GC(668) User=3.41s Sys=0.05s Real=0.83s
[2025-08-01T02:24:42.708+0000] GC(673) Phase 1: Mark live objects
[2025-08-01T02:24:42.796+0000] GC(673) Phase 1: Mark live objects 88.506ms
[2025-08-01T02:24:42.796+0000] GC(673) Phase 2: Compute new object addresses
[2025-08-01T02:24:43.164+0000] GC(673) Phase 2: Compute new object addresses 367.954ms
[2025-08-01T02:24:43.164+0000] GC(673) Phase 3: Adjust pointers
[2025-08-01T02:24:43.221+0000] GC(673) Phase 3: Adjust pointers 57.019ms
[2025-08-01T02:24:43.222+0000] GC(673) Phase 4: Move objects
[2025-08-01T02:24:43.420+0000] GC(673) Phase 4: Move objects 198.935ms
[2025-08-01T02:24:43.442+0000] GC(673) Pause Full (Allocation Failure) 3504M->509M(4029M) 1026.118ms
[2025-08-01T02:24:43.443+0000] GC(672) ParNew: 613440K->0K(613440K)
[2025-08-01T02:24:43.443+0000] GC(672) CMS: 2975253K->521677K(3512768K)
[2025-08-01T02:24:43.443+0000] GC(672) Metaspace: 9703K(12544K)->9703K(12544K) NonClass: 8537K(11008K)->8537K(11008K) Class: 1166K(1536K)->1166K(1536K)
[2025-08-01T02:24:43.443+0000] GC(672) Pause Young (Allocation Failure) 3504M->509M(4029M) 1026.328ms
[2025-08-01T02:24:43.443+0000] GC(672) User=1.00s Sys=0.03s Real=1.02s
[2025-08-01T02:24:43.553+0000] GC(674) Pause Young (Allocation Failure)
[2025-08-01T02:24:43.553+0000] GC(674) Using 8 workers of 8 for evacuation
[2025-08-01T02:24:43.784+0000] GC(674) ParNew: 545344K->68096K(613440K)
[2025-08-01T02:24:43.784+0000] GC(674) CMS: 521677K->903694K(3512768K)
[2025-08-01T02:24:43.784+0000] GC(674) Metaspace: 9703K(12544K)->9703K(12544K) NonClass: 8537K(11008K)->8537K(11008K) Class: 1166K(1536K)->1166K(1536K)
[2025-08-01T02:24:43.784+0000] GC(674) Pause Young (Allocation Failure) 1042M->949M(4029M) 230.738ms
[2025-08-01T02:24:43.784+0000] GC(674) User=1.63s Sys=0.06s Real=0.23s
[2025-08-01T02:24:43.882+0000] GC(675) Pause Young (Allocation Failure)
[2025-08-01T02:24:43.882+0000] GC(675) Using 8 workers of 8 for evacuation
[2025-08-01T02:24:44.064+0000] GC(675) ParNew: 613440K->68096K(613440K)
[2025-08-01T02:24:44.064+0000] GC(675) CMS: 903694K->1447084K(3512768K)
[2025-08-01T02:24:44.064+0000] GC(675) Metaspace: 9703K(12544K)->9703K(12544K) NonClass: 8537K(11008K)->8537K(11008K) Class: 1166K(1536K)->1166K(1536K)
[2025-08-01T02:24:44.064+0000] GC(675) Pause Young (Allocation Failure) 1481M->1479M(4029M) 181.683ms
[2025-08-01T02:24:44.064+0000] GC(675) User=1.34s Sys=0.04s Real=0.19s
[2025-08-01T02:24:44.065+0000] GC(676) Pause Initial Mark
[2025-08-01T02:24:44.070+0000] GC(676) Pause Initial Mark 1490M->1490M(4029M) 4.288ms
[2025-08-01T02:24:44.070+0000] GC(676) User=0.02s Sys=0.00s Real=0.00s
[2025-08-01T02:24:44.070+0000] GC(676) Concurrent Mark
[2025-08-01T02:24:44.070+0000] GC(676) Using 2 workers of 2 for marking
[2025-08-01T02:24:44.166+0000] GC(677) Pause Young (Allocation Failure)
[2025-08-01T02:24:44.166+0000] GC(677) Using 8 workers of 8 for evacuation
[2025-08-01T02:24:44.255+0000] GC(677) ParNew: 613440K->68096K(613440K)
[2025-08-01T02:24:44.255+0000] GC(677) CMS: 1447084K->1684448K(3512768K)
[2025-08-01T02:24:44.255+0000] GC(677) Metaspace: 9703K(12544K)->9703K(12544K) NonClass: 8537K(11008K)->8537K(11008K) Class: 1166K(1536K)->1166K(1536K)
[2025-08-01T02:24:44.255+0000] GC(677) Pause Young (Allocation Failure) 2012M->1711M(4029M) 89.380ms
[2025-08-01T02:24:44.255+0000] GC(677) User=0.69s Sys=0.01s Real=0.09s
[2025-08-01T02:24:44.350+0000] GC(678) Pause Young (Allocation Failure)
[2025-08-01T02:24:44.350+0000] GC(678) Using 8 workers of 8 for evacuation
[2025-08-01T02:24:44.457+0000] GC(678) ParNew: 613440K->68096K(613440K)
[2025-08-01T02:24:44.457+0000] GC(678) CMS: 1684448K->1989748K(3512768K)
[2025-08-01T02:24:44.457+0000] GC(678) Metaspace: 9703K(12544K)->9703K(12544K) NonClass: 8537K(11008K)->8537K(11008K) Class: 1166K(1536K)->1166K(1536K)
[2025-08-01T02:24:44.457+0000] GC(678) Pause Young (Allocation Failure) 2244M->2009M(4029M) 106.568ms
[2025-08-01T02:24:44.457+0000] GC(678) User=0.83s Sys=0.01s Real=0.11s
[2025-08-01T02:24:44.559+0000] GC(679) Pause Young (Allocation Failure)
[2025-08-01T02:24:44.560+0000] GC(679) Using 8 workers of 8 for evacuation
[2025-08-01T02:24:44.765+0000] GC(679) ParNew: 613440K->68096K(613440K)
[2025-08-01T02:24:44.765+0000] GC(679) CMS: 1989748K->2533020K(3512768K)
[2025-08-01T02:24:44.765+0000] GC(679) Metaspace: 9703K(12544K)->9703K(12544K) NonClass: 8537K(11008K)->8537K(11008K) Class: 1166K(1536K)->1166K(1536K)
[2025-08-01T02:24:44.765+0000] GC(679) Pause Young (Allocation Failure) 2542M->2540M(4029M) 205.083ms
[2025-08-01T02:24:44.765+0000] GC(679) User=1.50s Sys=0.05s Real=0.21s
[2025-08-01T02:24:44.855+0000] GC(676) Concurrent Mark 785.011ms
[2025-08-01T02:24:44.855+0000] GC(676) User=4.43s Sys=0.07s Real=0.79s
[2025-08-01T02:24:44.855+0000] GC(676) Concurrent Preclean
[2025-08-01T02:24:44.856+0000] GC(680) Pause Young (Allocation Failure)
[2025-08-01T02:24:44.856+0000] GC(680) Using 8 workers of 8 for evacuation
[2025-08-01T02:24:45.010+0000] GC(680) ParNew: 613440K->68096K(613440K)
[2025-08-01T02:24:45.010+0000] GC(680) CMS: 2533020K->3076385K(3512768K)
[2025-08-01T02:24:45.010+0000] GC(680) Metaspace: 9703K(12544K)->9703K(12544K) NonClass: 8537K(11008K)->8537K(11008K) Class: 1166K(1536K)->1166K(1536K)
[2025-08-01T02:24:45.010+0000] GC(680) Pause Young (Allocation Failure) 3072M->3070M(4029M) 154.345ms
[2025-08-01T02:24:45.010+0000] GC(680) User=1.20s Sys=0.00s Real=0.15s
[2025-08-01T02:24:45.106+0000] GC(681) Pause Young (Allocation Failure)
[2025-08-01T02:24:45.106+0000] GC(681) Using 8 workers of 8 for evacuation
[2025-08-01T02:24:45.106+0000] GC(682) Pause Full (Allocation Failure)
[2025-08-01T02:24:45.557+0000] GC(676) Concurrent Preclean 702.046ms
[2025-08-01T02:24:45.557+0000] GC(676) User=1.91s Sys=0.00s Real=0.70s
[2025-08-01T02:24:45.558+0000] GC(682) Phase 1: Mark live objects
[2025-08-01T02:24:45.662+0000] GC(682) Phase 1: Mark live objects 104.741ms
[2025-08-01T02:24:45.663+0000] GC(682) Phase 2: Compute new object addresses
[2025-08-01T02:24:46.092+0000] GC(682) Phase 2: Compute new object addresses 429.053ms
[2025-08-01T02:24:46.092+0000] GC(682) Phase 3: Adjust pointers
[2025-08-01T02:24:46.191+0000] GC(682) Phase 3: Adjust pointers 98.827ms
[2025-08-01T02:24:46.191+0000] GC(682) Phase 4: Move objects
[2025-08-01T02:24:46.422+0000] GC(682) Phase 4: Move objects 231.431ms
[2025-08-01T02:24:46.435+0000] GC(682) Pause Full (Allocation Failure) 3603M->608M(4029M) 1329.482ms
[2025-08-01T02:24:46.435+0000] GC(681) ParNew: 613440K->0K(613440K)
[2025-08-01T02:24:46.435+0000] GC(681) CMS: 3076385K->623552K(3512768K)
[2025-08-01T02:24:46.435+0000] GC(681) Metaspace: 9703K(12544K)->9703K(12544K) NonClass: 8537K(11008K)->8537K(11008K) Class: 1166K(1536K)->1166K(1536K)
[2025-08-01T02:24:46.435+0000] GC(681) Pause Young (Allocation Failure) 3603M->608M(4029M) 1329.734ms
[2025-08-01T02:24:46.435+0000] GC(681) User=1.33s Sys=0.00s Real=1.33s
[2025-08-01T02:24:46.540+0000] GC(683) Pause Young (Allocation Failure)
[2025-08-01T02:24:46.541+0000] GC(683) Using 8 workers of 8 for evacuation
[2025-08-01T02:24:46.710+0000] GC(683) ParNew: 545344K->68096K(613440K)
[2025-08-01T02:24:46.710+0000] GC(683) CMS: 623552K->1075886K(3512768K)
[2025-08-01T02:24:46.710+0000] GC(683) Metaspace: 9703K(12544K)->9703K(12544K) NonClass: 8537K(11008K)->8537K(11008K) Class: 1166K(1536K)->1166K(1536K)
[2025-08-01T02:24:46.710+0000] GC(683) Pause Young (Allocation Failure) 1141M->1117M(4029M) 169.924ms
[2025-08-01T02:24:46.710+0000] GC(683) User=1.25s Sys=0.02s Real=0.17s
[2025-08-01T02:24:46.807+0000] GC(684) Pause Young (Allocation Failure)
[2025-08-01T02:24:46.807+0000] GC(684) Using 8 workers of 8 for evacuation
[2025-08-01T02:24:46.980+0000] GC(684) ParNew: 613440K->68094K(613440K)
[2025-08-01T02:24:46.980+0000] GC(684) CMS: 1075886K->1618541K(3512768K)
[2025-08-01T02:24:46.980+0000] GC(684) Metaspace: 9703K(12544K)->9703K(12544K) NonClass: 8537K(11008K)->8537K(11008K) Class: 1166K(1536K)->1166K(1536K)
[2025-08-01T02:24:46.980+0000] GC(684) Pause Young (Allocation Failure) 1649M->1647M(4029M) 172.814ms
[2025-08-01T02:24:46.980+0000] GC(684) User=1.27s Sys=0.02s Real=0.17s
[2025-08-01T02:24:46.981+0000] GC(685) Pause Initial Mark
[2025-08-01T02:24:46.985+0000] GC(685) Pause Initial Mark 1654M->1654M(4029M) 3.738ms
[2025-08-01T02:24:46.985+0000] GC(685) User=0.02s Sys=0.00s Real=0.01s
[2025-08-01T02:24:46.985+0000] GC(685) Concurrent Mark
[2025-08-01T02:24:46.985+0000] GC(685) Using 2 workers of 2 for marking
[2025-08-01T02:24:47.082+0000] GC(686) Pause Young (Allocation Failure)
[2025-08-01T02:24:47.082+0000] GC(686) Using 8 workers of 8 for evacuation
[2025-08-01T02:24:47.231+0000] GC(686) ParNew: 613438K->68096K(613440K)
[2025-08-01T02:24:47.231+0000] GC(686) CMS: 1618541K->2052586K(3512768K)
[2025-08-01T02:24:47.231+0000] GC(686) Metaspace: 9703K(12544K)->9703K(12544K) NonClass: 8537K(11008K)->8537K(11008K) Class: 1166K(1536K)->1166K(1536K)
[2025-08-01T02:24:47.231+0000] GC(686) Pause Young (Allocation Failure) 2179M->2070M(4029M) 149.544ms
[2025-08-01T02:24:47.231+0000] GC(686) User=1.14s Sys=0.03s Real=0.15s
[2025-08-01T02:24:47.332+0000] GC(687) Pause Young (Allocation Failure)
[2025-08-01T02:24:47.332+0000] GC(687) Using 8 workers of 8 for evacuation
[2025-08-01T02:24:47.443+0000] GC(687) ParNew: 613440K->68096K(613440K)
[2025-08-01T02:24:47.443+0000] GC(687) CMS: 2052586K->2411487K(3512768K)
[2025-08-01T02:24:47.443+0000] GC(687) Metaspace: 9703K(12544K)->9703K(12544K) NonClass: 8537K(11008K)->8537K(11008K) Class: 1166K(1536K)->1166K(1536K)
[2025-08-01T02:24:47.443+0000] GC(687) Pause Young (Allocation Failure) 2603M->2421M(4029M) 111.057ms
[2025-08-01T02:24:47.443+0000] GC(687) User=0.87s Sys=0.00s Real=0.12s
[2025-08-01T02:24:47.538+0000] GC(688) Pause Young (Allocation Failure)
[2025-08-01T02:24:47.538+0000] GC(688) Using 8 workers of 8 for evacuation
[2025-08-01T02:24:47.699+0000] GC(688) ParNew: 613440K->68096K(613440K)
[2025-08-01T02:24:47.699+0000] GC(688) CMS: 2411487K->2954587K(3512768K)
[2025-08-01T02:24:47.699+0000] GC(688) Metaspace: 9703K(12544K)->9703K(12544K) NonClass: 8537K(11008K)->8537K(11008K) Class: 1166K(1536K)->1166K(1536K)
[2025-08-01T02:24:47.699+0000] GC(688) Pause Young (Allocation Failure) 2954M->2951M(4029M) 160.918ms
[2025-08-01T02:24:47.699+0000] GC(688) User=1.24s Sys=0.01s Real=0.16s
[2025-08-01T02:24:47.797+0000] GC(689) Pause Young (Allocation Failure)
[2025-08-01T02:24:47.797+0000] GC(689) Using 8 workers of 8 for evacuation
[2025-08-01T02:24:47.798+0000] GC(690) Pause Full (Allocation Failure)
[2025-08-01T02:24:47.849+0000] GC(685) Concurrent Mark 863.953ms
[2025-08-01T02:24:47.849+0000] GC(685) User=4.79s Sys=0.04s Real=0.86s
[2025-08-01T02:24:47.850+0000] GC(690) Phase 1: Mark live objects
[2025-08-01T02:24:48.005+0000] GC(690) Phase 1: Mark live objects 155.593ms
[2025-08-01T02:24:48.005+0000] GC(690) Phase 2: Compute new object addresses
[2025-08-01T02:24:48.446+0000] GC(690) Phase 2: Compute new object addresses 441.028ms
[2025-08-01T02:24:48.446+0000] GC(690) Phase 3: Adjust pointers
[2025-08-01T02:24:48.623+0000] GC(690) Phase 3: Adjust pointers 176.247ms
[2025-08-01T02:24:48.623+0000] GC(690) Phase 4: Move objects
[2025-08-01T02:24:49.088+0000] GC(690) Phase 4: Move objects 465.251ms
[2025-08-01T02:24:49.104+0000] GC(690) Pause Full (Allocation Failure) 3484M->1079M(4029M) 1306.589ms
[2025-08-01T02:24:49.104+0000] GC(689) ParNew: 613440K->0K(613440K)
[2025-08-01T02:24:49.104+0000] GC(689) CMS: 2954587K->1105581K(3512768K)
[2025-08-01T02:24:49.104+0000] GC(689) Metaspace: 9703K(12544K)->9703K(12544K) NonClass: 8537K(11008K)->8537K(11008K) Class: 1166K(1536K)->1166K(1536K)
[2025-08-01T02:24:49.104+0000] GC(689) Pause Young (Allocation Failure) 3484M->1079M(4029M) 1306.853ms
[2025-08-01T02:24:49.104+0000] GC(689) User=1.36s Sys=0.00s Real=1.31s
[2025-08-01T02:24:49.201+0000] GC(691) Pause Young (Allocation Failure)
[2025-08-01T02:24:49.201+0000] GC(691) Using 8 workers of 8 for evacuation
[2025-08-01T02:24:49.308+0000] GC(691) ParNew: 545344K->68096K(613440K)
[2025-08-01T02:24:49.308+0000] GC(691) CMS: 1105581K->1277291K(3512768K)
[2025-08-01T02:24:49.308+0000] GC(691) Metaspace: 9703K(12544K)->9703K(12544K) NonClass: 8537K(11008K)->8537K(11008K) Class: 1166K(1536K)->1166K(1536K)
[2025-08-01T02:24:49.308+0000] GC(691) Pause Young (Allocation Failure) 1612M->1313M(4029M) 107.073ms
[2025-08-01T02:24:49.308+0000] GC(691) User=0.79s Sys=0.02s Real=0.11s
[2025-08-01T02:24:49.407+0000] GC(692) Pause Young (Allocation Failure)
[2025-08-01T02:24:49.407+0000] GC(692) Using 8 workers of 8 for evacuation
[2025-08-01T02:24:49.644+0000] GC(692) ParNew: 613440K->68096K(613440K)
[2025-08-01T02:24:49.644+0000] GC(692) CMS: 1277291K->1820033K(3512768K)
[2025-08-01T02:24:49.644+0000] GC(692) Metaspace: 9703K(12544K)->9703K(12544K) NonClass: 8537K(11008K)->8537K(11008K) Class: 1166K(1536K)->1166K(1536K)
[2025-08-01T02:24:49.644+0000] GC(692) Pause Young (Allocation Failure) 1846M->1843M(4029M) 236.203ms
[2025-08-01T02:24:49.644+0000] GC(692) User=1.77s Sys=0.04s Real=0.24s
[2025-08-01T02:24:49.647+0000] GC(693) Pause Initial Mark
[2025-08-01T02:24:49.651+0000] GC(693) Pause Initial Mark 1880M->1880M(4029M) 3.584ms
[2025-08-01T02:24:49.651+0000] GC(693) User=0.02s Sys=0.00s Real=0.00s
[2025-08-01T02:24:49.651+0000] GC(693) Concurrent Mark
[2025-08-01T02:24:49.651+0000] GC(693) Using 2 workers of 2 for marking
[2025-08-01T02:24:49.778+0000] GC(694) Pause Young (Allocation Failure)
[2025-08-01T02:24:49.778+0000] GC(694) Using 8 workers of 8 for evacuation
[2025-08-01T02:24:49.949+0000] GC(694) ParNew: 613440K->68096K(613440K)
[2025-08-01T02:24:49.949+0000] GC(694) CMS: 1820033K->2365324K(3512768K)
[2025-08-01T02:24:49.949+0000] GC(694) Metaspace: 9703K(12544K)->9703K(12544K) NonClass: 8537K(11008K)->8537K(11008K) Class: 1166K(1536K)->1166K(1536K)
[2025-08-01T02:24:49.949+0000] GC(694) Pause Young (Allocation Failure) 2376M->2376M(4029M) 171.016ms
[2025-08-01T02:24:49.949+0000] GC(694) User=1.32s Sys=0.01s Real=0.17s
[2025-08-01T02:24:50.045+0000] GC(693) Concurrent Mark 394.293ms
[2025-08-01T02:24:50.046+0000] GC(693) User=2.09s Sys=0.02s Real=0.40s
[2025-08-01T02:24:50.046+0000] GC(693) Concurrent Preclean
[2025-08-01T02:24:50.051+0000] GC(695) Pause Young (Allocation Failure)
[2025-08-01T02:24:50.051+0000] GC(695) Using 8 workers of 8 for evacuation
[2025-08-01T02:24:50.186+0000] GC(695) ParNew: 613440K->68096K(613440K)
[2025-08-01T02:24:50.186+0000] GC(695) CMS: 2365324K->2738990K(3512768K)
[2025-08-01T02:24:50.186+0000] GC(695) Metaspace: 9703K(12544K)->9703K(12544K) NonClass: 8537K(11008K)->8537K(11008K) Class: 1166K(1536K)->1166K(1536K)
[2025-08-01T02:24:50.186+0000] GC(695) Pause Young (Allocation Failure) 2908M->2741M(4029M) 135.259ms
[2025-08-01T02:24:50.186+0000] GC(695) User=1.02s Sys=0.02s Real=0.14s
[2025-08-01T02:24:50.319+0000] GC(696) Pause Young (Allocation Failure)
[2025-08-01T02:24:50.319+0000] GC(696) Using 8 workers of 8 for evacuation
[2025-08-01T02:24:50.454+0000] GC(696) ParNew: 613440K->68096K(613440K)
[2025-08-01T02:24:50.455+0000] GC(696) CMS: 2738990K->3126973K(3512768K)
[2025-08-01T02:24:50.455+0000] GC(696) Metaspace: 9703K(12544K)->9703K(12544K) NonClass: 8537K(11008K)->8537K(11008K) Class: 1166K(1536K)->1166K(1536K)
[2025-08-01T02:24:50.455+0000] GC(696) Pause Young (Allocation Failure) 3273M->3120M(4029M) 135.573ms
[2025-08-01T02:24:50.455+0000] GC(696) User=1.03s Sys=0.03s Real=0.14s
[2025-08-01T02:24:50.560+0000] GC(697) Pause Young (Allocation Failure)
[2025-08-01T02:24:50.561+0000] GC(697) Using 8 workers of 8 for evacuation
[2025-08-01T02:24:50.561+0000] GC(698) Pause Full (Allocation Failure)
[2025-08-01T02:24:50.780+0000] GC(693) Concurrent Preclean 734.309ms
[2025-08-01T02:24:50.780+0000] GC(693) User=2.95s Sys=0.05s Real=0.73s
[2025-08-01T02:24:50.780+0000] GC(698) Phase 1: Mark live objects
[2025-08-01T02:24:51.007+0000] GC(698) Phase 1: Mark live objects 226.384ms
[2025-08-01T02:24:51.007+0000] GC(698) Phase 2: Compute new object addresses
[2025-08-01T02:24:51.470+0000] GC(698) Phase 2: Compute new object addresses 463.299ms
[2025-08-01T02:24:51.470+0000] GC(698) Phase 3: Adjust pointers
[2025-08-01T02:24:51.621+0000] GC(698) Phase 3: Adjust pointers 150.918ms
[2025-08-01T02:24:51.621+0000] GC(698) Phase 4: Move objects
[2025-08-01T02:24:52.047+0000] GC(698) Phase 4: Move objects 425.352ms
[2025-08-01T02:24:52.060+0000] GC(698) Pause Full (Allocation Failure) 3652M->1103M(4029M) 1499.745ms
[2025-08-01T02:24:52.060+0000] GC(697) ParNew: 613440K->0K(613440K)
[2025-08-01T02:24:52.060+0000] GC(697) CMS: 3126973K->1129487K(3512768K)
[2025-08-01T02:24:52.060+0000] GC(697) Metaspace: 9703K(12544K)->9703K(12544K) NonClass: 8537K(11008K)->8537K(11008K) Class: 1166K(1536K)->1166K(1536K)
[2025-08-01T02:24:52.060+0000] GC(697) Pause Young (Allocation Failure) 3652M->1103M(4029M) 1499.991ms
[2025-08-01T02:24:52.060+0000] GC(697) User=1.50s Sys=0.00s Real=1.50s
[2025-08-01T02:24:52.179+0000] GC(699) Pause Young (Allocation Failure)
[2025-08-01T02:24:52.179+0000] GC(699) Using 8 workers of 8 for evacuation
[2025-08-01T02:24:52.354+0000] GC(699) ParNew: 545344K->68096K(613440K)
[2025-08-01T02:24:52.354+0000] GC(699) CMS: 1129487K->1604005K(3512768K)
[2025-08-01T02:24:52.354+0000] GC(699) Metaspace: 9703K(12544K)->9703K(12544K) NonClass: 8537K(11008K)->8537K(11008K) Class: 1166K(1536K)->1166K(1536K)
[2025-08-01T02:24:52.354+0000] GC(699) Pause Young (Allocation Failure) 1635M->1632M(4029M) 175.402ms
[2025-08-01T02:24:52.354+0000] GC(699) User=1.30s Sys=0.02s Real=0.18s
[2025-08-01T02:24:52.448+0000] GC(700) Pause Young (Allocation Failure)
[2025-08-01T02:24:52.448+0000] GC(700) Using 8 workers of 8 for evacuation
[2025-08-01T02:24:52.617+0000] GC(700) ParNew: 613440K->68096K(613440K)
[2025-08-01T02:24:52.617+0000] GC(700) CMS: 1604005K->1874943K(3512768K)
[2025-08-01T02:24:52.617+0000] GC(700) Metaspace: 9703K(12544K)->9703K(12544K) NonClass: 8537K(11008K)->8537K(11008K) Class: 1166K(1536K)->1166K(1536K)
[2025-08-01T02:24:52.617+0000] GC(700) Pause Young (Allocation Failure) 2165M->1897M(4029M) 169.231ms
[2025-08-01T02:24:52.617+0000] GC(700) User=1.30s Sys=0.03s Real=0.17s
[2025-08-01T02:24:52.714+0000] GC(701) Pause Young (Allocation Failure)
[2025-08-01T02:24:52.714+0000] GC(701) Using 8 workers of 8 for evacuation
[2025-08-01T02:24:52.918+0000] GC(701) ParNew: 613440K->68096K(613440K)
[2025-08-01T02:24:52.918+0000] GC(701) CMS: 1874943K->2416673K(3512768K)
[2025-08-01T02:24:52.918+0000] GC(701) Metaspace: 9703K(12544K)->9703K(12544K) NonClass: 8537K(11008K)->8537K(11008K) Class: 1166K(1536K)->1166K(1536K)
[2025-08-01T02:24:52.918+0000] GC(701) Pause Young (Allocation Failure) 2430M->2426M(4029M) 204.312ms
[2025-08-01T02:24:52.918+0000] GC(701) User=1.53s Sys=0.05s Real=0.20s
[2025-08-01T02:24:52.919+0000] GC(702) Pause Initial Mark
[2025-08-01T02:24:52.921+0000] GC(702) Pause Initial Mark 2434M->2434M(4029M) 1.953ms
[2025-08-01T02:24:52.921+0000] GC(702) User=0.01s Sys=0.00s Real=0.00s
[2025-08-01T02:24:52.921+0000] GC(702) Concurrent Mark
[2025-08-01T02:24:52.921+0000] GC(702) Using 2 workers of 2 for marking
[2025-08-01T02:24:53.017+0000] GC(703) Pause Young (Allocation Failure)
[2025-08-01T02:24:53.018+0000] GC(703) Using 8 workers of 8 for evacuation
[2025-08-01T02:24:53.189+0000] GC(703) ParNew: 613440K->68096K(613440K)
[2025-08-01T02:24:53.189+0000] GC(703) CMS: 2416673K->2957764K(3512768K)
[2025-08-01T02:24:53.189+0000] GC(703) Metaspace: 9703K(12544K)->9703K(12544K) NonClass: 8537K(11008K)->8537K(11008K) Class: 1166K(1536K)->1166K(1536K)
[2025-08-01T02:24:53.190+0000] GC(703) Pause Young (Allocation Failure) 2959M->2954M(4029M) 172.088ms
[2025-08-01T02:24:53.190+0000] GC(703) User=1.27s Sys=0.02s Real=0.17s
[2025-08-01T02:24:53.283+0000] GC(704) Pause Young (Allocation Failure)
[2025-08-01T02:24:53.283+0000] GC(704) Using 8 workers of 8 for evacuation
[2025-08-01T02:24:53.283+0000] GC(705) Pause Full (Allocation Failure)
[2025-08-01T02:24:53.331+0000] GC(702) Concurrent Mark 409.816ms
[2025-08-01T02:24:53.331+0000] GC(702) User=2.03s Sys=0.02s Real=0.41s
[2025-08-01T02:24:53.331+0000] GC(705) Phase 1: Mark live objects
[2025-08-01T02:24:53.362+0000] GC(705) Phase 1: Mark live objects 30.482ms
[2025-08-01T02:24:53.362+0000] GC(705) Phase 2: Compute new object addresses
[2025-08-01T02:24:53.867+0000] GC(705) Phase 2: Compute new object addresses 505.162ms
[2025-08-01T02:24:53.867+0000] GC(705) Phase 3: Adjust pointers
[2025-08-01T02:24:53.890+0000] GC(705) Phase 3: Adjust pointers 22.708ms
[2025-08-01T02:24:53.890+0000] GC(705) Phase 4: Move objects
[2025-08-01T02:24:53.936+0000] GC(705) Phase 4: Move objects 46.063ms
[2025-08-01T02:24:53.948+0000] GC(705) Pause Full (Allocation Failure) 3487M->135M(4029M) 665.475ms
[2025-08-01T02:24:53.948+0000] GC(704) ParNew: 613440K->0K(613440K)
[2025-08-01T02:24:53.948+0000] GC(704) CMS: 2957764K->139023K(3512768K)
[2025-08-01T02:24:53.948+0000] GC(704) Metaspace: 9703K(12544K)->9703K(12544K) NonClass: 8537K(11008K)->8537K(11008K) Class: 1166K(1536K)->1166K(1536K)
[2025-08-01T02:24:53.948+0000] GC(704) Pause Young (Allocation Failure) 3487M->135M(4029M) 665.715ms
[2025-08-01T02:24:53.948+0000] GC(704) User=0.71s Sys=0.00s Real=0.67s
[2025-08-01T02:24:54.049+0000] GC(706) Pause Young (Allocation Failure)
[2025-08-01T02:24:54.049+0000] GC(706) Using 8 workers of 8 for evacuation
[2025-08-01T02:24:54.262+0000] GC(706) ParNew: 545344K->68096K(613440K)
[2025-08-01T02:24:54.262+0000] GC(706) CMS: 139023K->612939K(3512768K)
[2025-08-01T02:24:54.262+0000] GC(706) Metaspace: 9703K(12544K)->9703K(12544K) NonClass: 8537K(11008K)->8537K(11008K) Class: 1166K(1536K)->1166K(1536K)
[2025-08-01T02:24:54.262+0000] GC(706) Pause Young (Allocation Failure) 668M->665M(4029M) 212.468ms
[2025-08-01T02:24:54.262+0000] GC(706) User=1.50s Sys=0.04s Real=0.21s
[2025-08-01T02:24:54.368+0000] GC(707) Pause Young (Allocation Failure)
[2025-08-01T02:24:54.368+0000] GC(707) Using 8 workers of 8 for evacuation
[2025-08-01T02:24:54.586+0000] GC(707) ParNew: 613440K->68096K(613440K)
[2025-08-01T02:24:54.586+0000] GC(707) CMS: 612939K->1155766K(3512768K)
[2025-08-01T02:24:54.586+0000] GC(707) Metaspace: 9703K(12544K)->9703K(12544K) NonClass: 8537K(11008K)->8537K(11008K) Class: 1166K(1536K)->1166K(1536K)
[2025-08-01T02:24:54.586+0000] GC(707) Pause Young (Allocation Failure) 1197M->1195M(4029M) 218.083ms
[2025-08-01T02:24:54.586+0000] GC(707) User=1.64s Sys=0.04s Real=0.22s
[2025-08-01T02:24:54.593+0000] GC(708) Pause Initial Mark
[2025-08-01T02:24:54.595+0000] GC(708) Pause Initial Mark 1232M->1232M(4029M) 2.752ms
[2025-08-01T02:24:54.595+0000] GC(708) User=0.02s Sys=0.00s Real=0.01s
[2025-08-01T02:24:54.596+0000] GC(708) Concurrent Mark
[2025-08-01T02:24:54.596+0000] GC(708) Using 2 workers of 2 for marking
[2025-08-01T02:24:54.690+0000] GC(709) Pause Young (Allocation Failure)
[2025-08-01T02:24:54.690+0000] GC(709) Using 8 workers of 8 for evacuation
[2025-08-01T02:24:54.853+0000] GC(709) ParNew: 613440K->68096K(613440K)
[2025-08-01T02:24:54.853+0000] GC(709) CMS: 1155766K->1701466K(3512768K)
[2025-08-01T02:24:54.853+0000] GC(709) Metaspace: 9703K(12544K)->9703K(12544K) NonClass: 8537K(11008K)->8537K(11008K) Class: 1166K(1536K)->1166K(1536K)
[2025-08-01T02:24:54.853+0000] GC(709) Pause Young (Allocation Failure) 1727M->1728M(4029M) 163.669ms
[2025-08-01T02:24:54.853+0000] GC(709) User=1.27s Sys=0.02s Real=0.17s
[2025-08-01T02:24:54.998+0000] GC(710) Pause Young (Allocation Failure)
[2025-08-01T02:24:54.998+0000] GC(710) Using 8 workers of 8 for evacuation
[2025-08-01T02:24:55.146+0000] GC(710) ParNew: 613440K->68096K(613440K)
[2025-08-01T02:24:55.146+0000] GC(710) CMS: 1701466K->2074425K(3512768K)
[2025-08-01T02:24:55.146+0000] GC(710) Metaspace: 9703K(12544K)->9703K(12544K) NonClass: 8537K(11008K)->8537K(11008K) Class: 1166K(1536K)->1166K(1536K)
[2025-08-01T02:24:55.146+0000] GC(710) Pause Young (Allocation Failure) 2260M->2092M(4029M) 147.884ms
[2025-08-01T02:24:55.146+0000] GC(710) User=1.12s Sys=0.03s Real=0.15s
[2025-08-01T02:24:55.245+0000] GC(711) Pause Young (Allocation Failure)
[2025-08-01T02:24:55.245+0000] GC(711) Using 8 workers of 8 for evacuation
[2025-08-01T02:24:55.490+0000] GC(711) ParNew: 613440K->68094K(613440K)
[2025-08-01T02:24:55.490+0000] GC(711) CMS: 2074425K->2618741K(3512768K)
[2025-08-01T02:24:55.490+0000] GC(711) Metaspace: 9703K(12544K)->9703K(12544K) NonClass: 8537K(11008K)->8537K(11008K) Class: 1166K(1536K)->1166K(1536K)
[2025-08-01T02:24:55.490+0000] GC(711) Pause Young (Allocation Failure) 2624M->2623M(4029M) 244.885ms
[2025-08-01T02:24:55.490+0000] GC(711) User=1.83s Sys=0.06s Real=0.24s
[2025-08-01T02:24:55.591+0000] GC(712) Pause Young (Allocation Failure)
[2025-08-01T02:24:55.591+0000] GC(712) Using 8 workers of 8 for evacuation
[2025-08-01T02:24:55.764+0000] GC(712) ParNew: 613438K->68096K(613440K)
[2025-08-01T02:24:55.764+0000] GC(712) CMS: 2618741K->3160985K(3512768K)
[2025-08-01T02:24:55.764+0000] GC(712) Metaspace: 9703K(12544K)->9703K(12544K) NonClass: 8537K(11008K)->8537K(11008K) Class: 1166K(1536K)->1166K(1536K)
[2025-08-01T02:24:55.764+0000] GC(712) Pause Young (Allocation Failure) 3156M->3153M(4029M) 173.624ms
[2025-08-01T02:24:55.764+0000] GC(712) User=1.32s Sys=0.02s Real=0.18s
[2025-08-01T02:24:55.860+0000] GC(708) Concurrent Mark 1264.713ms
[2025-08-01T02:24:55.860+0000] GC(708) User=7.48s Sys=0.13s Real=1.26s
[2025-08-01T02:24:55.860+0000] GC(708) Concurrent Preclean
[2025-08-01T02:24:55.901+0000] GC(713) Pause Young (Allocation Failure)
[2025-08-01T02:24:55.901+0000] GC(713) Using 8 workers of 8 for evacuation
[2025-08-01T02:24:55.901+0000] GC(714) Pause Full (Allocation Failure)
[2025-08-01T02:24:56.523+0000] GC(708) Concurrent Preclean 662.198ms
[2025-08-01T02:24:56.523+0000] GC(708) User=0.67s Sys=0.00s Real=0.66s
[2025-08-01T02:24:56.523+0000] GC(714) Phase 1: Mark live objects
[2025-08-01T02:24:56.571+0000] GC(714) Phase 1: Mark live objects 47.684ms
[2025-08-01T02:24:56.571+0000] GC(714) Phase 2: Compute new object addresses
[2025-08-01T02:24:56.987+0000] GC(714) Phase 2: Compute new object addresses 416.452ms
[2025-08-01T02:24:56.987+0000] GC(714) Phase 3: Adjust pointers
[2025-08-01T02:24:57.036+0000] GC(714) Phase 3: Adjust pointers 48.206ms
[2025-08-01T02:24:57.036+0000] GC(714) Phase 4: Move objects
[2025-08-01T02:24:57.129+0000] GC(714) Phase 4: Move objects 93.533ms
[2025-08-01T02:24:57.143+0000] GC(714) Pause Full (Allocation Failure) 3685M->236M(4029M) 1241.814ms
[2025-08-01T02:24:57.143+0000] GC(713) ParNew: 613440K->0K(613440K)
[2025-08-01T02:24:57.143+0000] GC(713) CMS: 3160985K->241842K(3512768K)
[2025-08-01T02:24:57.143+0000] GC(713) Metaspace: 9703K(12544K)->9703K(12544K) NonClass: 8537K(11008K)->8537K(11008K) Class: 1166K(1536K)->1166K(1536K)
[2025-08-01T02:24:57.143+0000] GC(713) Pause Young (Allocation Failure) 3685M->236M(4029M) 1242.063ms
[2025-08-01T02:24:57.143+0000] GC(713) User=1.24s Sys=0.00s Real=1.24s
[2025-08-01T02:24:57.258+0000] GC(715) Pause Young (Allocation Failure)
[2025-08-01T02:24:57.259+0000] GC(715) Using 8 workers of 8 for evacuation
[2025-08-01T02:24:57.448+0000] GC(715) ParNew: 545344K->68096K(613440K)
[2025-08-01T02:24:57.448+0000] GC(715) CMS: 241842K->719981K(3512768K)
[2025-08-01T02:24:57.448+0000] GC(715) Metaspace: 9703K(12544K)->9703K(12544K) NonClass: 8537K(11008K)->8537K(11008K) Class: 1166K(1536K)->1166K(1536K)
[2025-08-01T02:24:57.448+0000] GC(715) Pause Young (Allocation Failure) 768M->769M(4029M) 189.610ms
[2025-08-01T02:24:57.448+0000] GC(715) User=1.35s Sys=0.05s Real=0.19s
[2025-08-01T02:24:57.576+0000] GC(716) Pause Young (Allocation Failure)
[2025-08-01T02:24:57.576+0000] GC(716) Using 8 workers of 8 for evacuation
[2025-08-01T02:24:57.751+0000] GC(716) ParNew: 613440K->68096K(613440K)
[2025-08-01T02:24:57.751+0000] GC(716) CMS: 719981K->1260802K(3512768K)
[2025-08-01T02:24:57.751+0000] GC(716) Metaspace: 9703K(12544K)->9703K(12544K) NonClass: 8537K(11008K)->8537K(11008K) Class: 1166K(1536K)->1166K(1536K)
[2025-08-01T02:24:57.751+0000] GC(716) Pause Young (Allocation Failure) 1302M->1297M(4029M) 175.080ms
[2025-08-01T02:24:57.751+0000] GC(716) User=1.33s Sys=0.01s Real=0.17s
[2025-08-01T02:24:57.752+0000] GC(717) Pause Initial Mark
[2025-08-01T02:24:57.756+0000] GC(717) Pause Initial Mark 1305M->1305M(4029M) 4.166ms
[2025-08-01T02:24:57.756+0000] GC(717) User=0.02s Sys=0.01s Real=0.01s
[2025-08-01T02:24:57.756+0000] GC(717) Concurrent Mark
[2025-08-01T02:24:57.756+0000] GC(717) Using 2 workers of 2 for marking
[2025-08-01T02:24:57.851+0000] GC(718) Pause Young (Allocation Failure)
[2025-08-01T02:24:57.851+0000] GC(718) Using 8 workers of 8 for evacuation
[2025-08-01T02:24:57.950+0000] GC(718) ParNew: 613440K->68096K(613440K)
[2025-08-01T02:24:57.950+0000] GC(718) CMS: 1260802K->1610550K(3512768K)
[2025-08-01T02:24:57.950+0000] GC(718) Metaspace: 9703K(12544K)->9703K(12544K) NonClass: 8537K(11008K)->8537K(11008K) Class: 1166K(1536K)->1166K(1536K)
[2025-08-01T02:24:57.950+0000] GC(718) Pause Young (Allocation Failure) 1830M->1639M(4029M) 98.581ms
[2025-08-01T02:24:57.950+0000] GC(718) User=0.77s Sys=0.00s Real=0.10s
[2025-08-01T02:24:58.044+0000] GC(719) Pause Young (Allocation Failure)
[2025-08-01T02:24:58.044+0000] GC(719) Using 8 workers of 8 for evacuation
[2025-08-01T02:24:58.179+0000] GC(719) ParNew: 613440K->68096K(613440K)
[2025-08-01T02:24:58.179+0000] GC(719) CMS: 1610550K->2012434K(3512768K)
[2025-08-01T02:24:58.179+0000] GC(719) Metaspace: 9703K(12544K)->9703K(12544K) NonClass: 8537K(11008K)->8537K(11008K) Class: 1166K(1536K)->1166K(1536K)
[2025-08-01T02:24:58.179+0000] GC(719) Pause Young (Allocation Failure) 2171M->2031M(4029M) 134.667ms
[2025-08-01T02:24:58.179+0000] GC(719) User=1.04s Sys=0.01s Real=0.13s
[2025-08-01T02:24:58.273+0000] GC(720) Pause Young (Allocation Failure)
[2025-08-01T02:24:58.273+0000] GC(720) Using 8 workers of 8 for evacuation
[2025-08-01T02:24:58.429+0000] GC(720) ParNew: 613440K->68096K(613440K)
[2025-08-01T02:24:58.429+0000] GC(720) CMS: 2012434K->2557600K(3512768K)
[2025-08-01T02:24:58.429+0000] GC(720) Metaspace: 9703K(12544K)->9703K(12544K) NonClass: 8537K(11008K)->8537K(11008K) Class: 1166K(1536K)->1166K(1536K)
[2025-08-01T02:24:58.429+0000] GC(720) Pause Young (Allocation Failure) 2564M->2564M(4029M) 156.191ms
[2025-08-01T02:24:58.430+0000] GC(720) User=1.18s Sys=0.01s Real=0.15s
[2025-08-01T02:24:58.525+0000] GC(721) Pause Young (Allocation Failure)
[2025-08-01T02:24:58.525+0000] GC(721) Using 8 workers of 8 for evacuation
[2025-08-01T02:24:58.668+0000] GC(721) ParNew: 613440K->68096K(613440K)
[2025-08-01T02:24:58.668+0000] GC(721) CMS: 2557600K->2961643K(3512768K)
[2025-08-01T02:24:58.668+0000] GC(721) Metaspace: 9703K(12544K)->9703K(12544K) NonClass: 8537K(11008K)->8537K(11008K) Class: 1166K(1536K)->1166K(1536K)
[2025-08-01T02:24:58.668+0000] GC(721) Pause Young (Allocation Failure) 3096M->2958M(4029M) 143.054ms
[2025-08-01T02:24:58.668+0000] GC(721) User=1.09s Sys=0.02s Real=0.14s
[2025-08-01T02:24:58.762+0000] GC(717) Concurrent Mark 1005.502ms
[2025-08-01T02:24:58.762+0000] GC(717) User=5.80s Sys=0.04s Real=1.00s
[2025-08-01T02:24:58.762+0000] GC(717) Concurrent Preclean
[2025-08-01T02:24:58.797+0000] GC(722) Pause Young (Allocation Failure)
[2025-08-01T02:24:58.797+0000] GC(722) Using 8 workers of 8 for evacuation
[2025-08-01T02:24:58.797+0000] GC(723) Pause Full (Allocation Failure)
[2025-08-01T02:24:59.164+0000] GC(717) Concurrent Preclean 402.360ms
[2025-08-01T02:24:59.164+0000] GC(717) User=0.42s Sys=0.00s Real=0.41s
[2025-08-01T02:24:59.165+0000] GC(723) Phase 1: Mark live objects
[2025-08-01T02:24:59.230+0000] GC(723) Phase 1: Mark live objects 65.231ms
[2025-08-01T02:24:59.230+0000] GC(723) Phase 2: Compute new object addresses
[2025-08-01T02:24:59.629+0000] GC(723) Phase 2: Compute new object addresses 399.293ms
[2025-08-01T02:24:59.630+0000] GC(723) Phase 3: Adjust pointers
[2025-08-01T02:24:59.682+0000] GC(723) Phase 3: Adjust pointers 52.264ms
[2025-08-01T02:24:59.682+0000] GC(723) Phase 4: Move objects
[2025-08-01T02:24:59.799+0000] GC(723) Phase 4: Move objects 117.217ms
[2025-08-01T02:24:59.812+0000] GC(723) Pause Full (Allocation Failure) 3491M->334M(4029M) 1014.978ms
[2025-08-01T02:24:59.812+0000] GC(722) ParNew: 613440K->0K(613440K)
[2025-08-01T02:24:59.812+0000] GC(722) CMS: 2961643K->342867K(3512768K)
[2025-08-01T02:24:59.812+0000] GC(722) Metaspace: 9703K(12544K)->9703K(12544K) NonClass: 8537K(11008K)->8537K(11008K) Class: 1166K(1536K)->1166K(1536K)
[2025-08-01T02:24:59.812+0000] GC(722) Pause Young (Allocation Failure) 3491M->334M(4029M) 1015.609ms
[2025-08-01T02:24:59.812+0000] GC(722) User=1.02s Sys=0.00s Real=1.01s
[2025-08-01T02:24:59.908+0000] GC(724) Pause Young (Allocation Failure)
[2025-08-01T02:24:59.908+0000] GC(724) Using 8 workers of 8 for evacuation
[2025-08-01T02:25:00.110+0000] GC(724) ParNew: 545344K->68096K(613440K)
[2025-08-01T02:25:00.110+0000] GC(724) CMS: 342867K->821317K(3512768K)
[2025-08-01T02:25:00.110+0000] GC(724) Metaspace: 9703K(12544K)->9703K(12544K) NonClass: 8537K(11008K)->8537K(11008K) Class: 1166K(1536K)->1166K(1536K)
[2025-08-01T02:25:00.110+0000] GC(724) Pause Young (Allocation Failure) 867M->868M(4029M) 201.566ms
[2025-08-01T02:25:00.110+0000] GC(724) User=1.55s Sys=0.02s Real=0.20s
[2025-08-01T02:25:00.242+0000] GC(725) Pause Young (Allocation Failure)
[2025-08-01T02:25:00.242+0000] GC(725) Using 8 workers of 8 for evacuation
[2025-08-01T02:25:00.452+0000] GC(725) ParNew: 613440K->68096K(613440K)
[2025-08-01T02:25:00.452+0000] GC(725) CMS: 821317K->1207442K(3512768K)
[2025-08-01T02:25:00.452+0000] GC(725) Metaspace: 9703K(12544K)->9703K(12544K) NonClass: 8537K(11008K)->8537K(11008K) Class: 1166K(1536K)->1166K(1536K)
[2025-08-01T02:25:00.452+0000] GC(725) Pause Young (Allocation Failure) 1401M->1245M(4029M) 209.739ms
[2025-08-01T02:25:00.452+0000] GC(725) User=1.55s Sys=0.06s Real=0.21s
[2025-08-01T02:25:00.549+0000] GC(726) Pause Young (Allocation Failure)
[2025-08-01T02:25:00.549+0000] GC(726) Using 8 workers of 8 for evacuation
[2025-08-01T02:25:00.710+0000] GC(726) ParNew: 613440K->68096K(613440K)
[2025-08-01T02:25:00.710+0000] GC(726) CMS: 1207442K->1666563K(3512768K)
[2025-08-01T02:25:00.710+0000] GC(726) Metaspace: 9703K(12544K)->9703K(12544K) NonClass: 8537K(11008K)->8537K(11008K) Class: 1166K(1536K)->1166K(1536K)
[2025-08-01T02:25:00.710+0000] GC(726) Pause Young (Allocation Failure) 1778M->1694M(4029M) 161.516ms
[2025-08-01T02:25:00.710+0000] GC(726) User=1.23s Sys=0.02s Real=0.16s
[2025-08-01T02:25:00.711+0000] GC(727) Pause Initial Mark
[2025-08-01T02:25:00.714+0000] GC(727) Pause Initial Mark 1696M->1696M(4029M) 2.959ms
[2025-08-01T02:25:00.714+0000] GC(727) User=0.01s Sys=0.00s Real=0.01s
[2025-08-01T02:25:00.714+0000] GC(727) Concurrent Mark
[2025-08-01T02:25:00.714+0000] GC(727) Using 2 workers of 2 for marking
[2025-08-01T02:25:00.812+0000] GC(728) Pause Young (Allocation Failure)
[2025-08-01T02:25:00.812+0000] GC(728) Using 8 workers of 8 for evacuation
[2025-08-01T02:25:00.949+0000] GC(728) ParNew: 613440K->68096K(613440K)
[2025-08-01T02:25:00.949+0000] GC(728) CMS: 1666563K->2080584K(3512768K)
[2025-08-01T02:25:00.949+0000] GC(728) Metaspace: 9703K(12544K)->9703K(12544K) NonClass: 8537K(11008K)->8537K(11008K) Class: 1166K(1536K)->1166K(1536K)
[2025-08-01T02:25:00.949+0000] GC(728) Pause Young (Allocation Failure) 2226M->2098M(4029M) 137.142ms
[2025-08-01T02:25:00.949+0000] GC(728) User=1.03s Sys=0.02s Real=0.14s
[2025-08-01T02:25:01.045+0000] GC(729) Pause Young (Allocation Failure)
[2025-08-01T02:25:01.045+0000] GC(729) Using 8 workers of 8 for evacuation
[2025-08-01T02:25:01.191+0000] GC(729) ParNew: 613440K->68096K(613440K)
[2025-08-01T02:25:01.191+0000] GC(729) CMS: 2080584K->2625641K(3512768K)
[2025-08-01T02:25:01.191+0000] GC(729) Metaspace: 9703K(12544K)->9703K(12544K) NonClass: 8537K(11008K)->8537K(11008K) Class: 1166K(1536K)->1166K(1536K)
[2025-08-01T02:25:01.191+0000] GC(729) Pause Young (Allocation Failure) 2630M->2630M(4029M) 145.256ms
[2025-08-01T02:25:01.191+0000] GC(729) User=1.13s Sys=0.01s Real=0.14s
[2025-08-01T02:25:01.290+0000] GC(730) Pause Young (Allocation Failure)
[2025-08-01T02:25:01.290+0000] GC(730) Using 8 workers of 8 for evacuation
[2025-08-01T02:25:01.406+0000] GC(730) ParNew: 613440K->68096K(613440K)
[2025-08-01T02:25:01.407+0000] GC(730) CMS: 2625641K->2998990K(3512768K)
[2025-08-01T02:25:01.407+0000] GC(730) Metaspace: 9703K(12544K)->9703K(12544K) NonClass: 8537K(11008K)->8537K(11008K) Class: 1166K(1536K)->1166K(1536K)
[2025-08-01T02:25:01.407+0000] GC(730) Pause Young (Allocation Failure) 3163M->2995M(4029M) 116.858ms
[2025-08-01T02:25:01.407+0000] GC(730) User=0.91s Sys=0.00s Real=0.12s
[2025-08-01T02:25:01.475+0000] GC(727) Concurrent Mark 760.640ms
[2025-08-01T02:25:01.475+0000] GC(727) User=4.38s Sys=0.04s Real=0.76s
[2025-08-01T02:25:01.475+0000] GC(727) Concurrent Preclean
[2025-08-01T02:25:01.496+0000] GC(731) Pause Young (Allocation Failure)
[2025-08-01T02:25:01.496+0000] GC(731) Using 8 workers of 8 for evacuation
[2025-08-01T02:25:01.496+0000] GC(732) Pause Full (Allocation Failure)
[2025-08-01T02:25:01.861+0000] GC(727) Concurrent Preclean 386.225ms
[2025-08-01T02:25:01.861+0000] GC(727) User=0.43s Sys=0.00s Real=0.38s
[2025-08-01T02:25:01.862+0000] GC(732) Phase 1: Mark live objects
[2025-08-01T02:25:01.943+0000] GC(732) Phase 1: Mark live objects 81.671ms
[2025-08-01T02:25:01.943+0000] GC(732) Phase 2: Compute new object addresses
[2025-08-01T02:25:02.364+0000] GC(732) Phase 2: Compute new object addresses 421.252ms
[2025-08-01T02:25:02.365+0000] GC(732) Phase 3: Adjust pointers
[2025-08-01T02:25:02.431+0000] GC(732) Phase 3: Adjust pointers 66.675ms
[2025-08-01T02:25:02.431+0000] GC(732) Phase 4: Move objects
[2025-08-01T02:25:02.606+0000] GC(732) Phase 4: Move objects 174.844ms
[2025-08-01T02:25:02.618+0000] GC(732) Pause Full (Allocation Failure) 3527M->441M(4029M) 1121.854ms
[2025-08-01T02:25:02.619+0000] GC(731) ParNew: 613440K->0K(613440K)
[2025-08-01T02:25:02.619+0000] GC(731) CMS: 2998990K->452234K(3512768K)
[2025-08-01T02:25:02.619+0000] GC(731) Metaspace: 9703K(12544K)->9703K(12544K) NonClass: 8537K(11008K)->8537K(11008K) Class: 1166K(1536K)->1166K(1536K)
[2025-08-01T02:25:02.619+0000] GC(731) Pause Young (Allocation Failure) 3527M->441M(4029M) 1122.287ms
[2025-08-01T02:25:02.619+0000] GC(731) User=1.12s Sys=0.00s Real=1.12s
[2025-08-01T02:25:02.713+0000] GC(733) Pause Young (Allocation Failure)
[2025-08-01T02:25:02.713+0000] GC(733) Using 8 workers of 8 for evacuation
[2025-08-01T02:25:02.881+0000] GC(733) ParNew: 545344K->68096K(613440K)
[2025-08-01T02:25:02.881+0000] GC(733) CMS: 452234K->927566K(3512768K)
[2025-08-01T02:25:02.881+0000] GC(733) Metaspace: 9703K(12544K)->9703K(12544K) NonClass: 8537K(11008K)->8537K(11008K) Class: 1166K(1536K)->1166K(1536K)
[2025-08-01T02:25:02.881+0000] GC(733) Pause Young (Allocation Failure) 974M->972M(4029M) 167.738ms
[2025-08-01T02:25:02.881+0000] GC(733) User=1.29s Sys=0.02s Real=0.16s
[2025-08-01T02:25:02.974+0000] GC(734) Pause Young (Allocation Failure)
[2025-08-01T02:25:02.974+0000] GC(734) Using 8 workers of 8 for evacuation
[2025-08-01T02:25:03.163+0000] GC(734) ParNew: 613440K->68096K(613440K)
[2025-08-01T02:25:03.163+0000] GC(734) CMS: 927566K->1359581K(3512768K)
[2025-08-01T02:25:03.163+0000] GC(734) Metaspace: 9703K(12544K)->9703K(12544K) NonClass: 8537K(11008K)->8537K(11008K) Class: 1166K(1536K)->1166K(1536K)
[2025-08-01T02:25:03.163+0000] GC(734) Pause Young (Allocation Failure) 1504M->1394M(4029M) 188.753ms
[2025-08-01T02:25:03.163+0000] GC(734) User=1.39s Sys=0.05s Real=0.18s
[2025-08-01T02:25:03.171+0000] GC(735) Pause Initial Mark
[2025-08-01T02:25:03.176+0000] GC(735) Pause Initial Mark 1447M->1447M(4029M) 4.586ms
[2025-08-01T02:25:03.176+0000] GC(735) User=0.03s Sys=0.00s Real=0.01s
[2025-08-01T02:25:03.176+0000] GC(735) Concurrent Mark
[2025-08-01T02:25:03.176+0000] GC(735) Using 2 workers of 2 for marking
[2025-08-01T02:25:03.263+0000] GC(736) Pause Young (Allocation Failure)
[2025-08-01T02:25:03.263+0000] GC(736) Using 8 workers of 8 for evacuation
[2025-08-01T02:25:03.419+0000] GC(736) ParNew: 613440K->68096K(613440K)
[2025-08-01T02:25:03.419+0000] GC(736) CMS: 1359581K->1872050K(3512768K)
[2025-08-01T02:25:03.419+0000] GC(736) Metaspace: 9703K(12544K)->9703K(12544K) NonClass: 8537K(11008K)->8537K(11008K) Class: 1166K(1536K)->1166K(1536K)
[2025-08-01T02:25:03.419+0000] GC(736) Pause Young (Allocation Failure) 1926M->1894M(4029M) 156.557ms
[2025-08-01T02:25:03.419+0000] GC(736) User=1.20s Sys=0.02s Real=0.16s
[2025-08-01T02:25:03.512+0000] GC(735) Concurrent Mark 335.809ms
[2025-08-01T02:25:03.512+0000] GC(735) User=1.86s Sys=0.02s Real=0.33s
[2025-08-01T02:25:03.512+0000] GC(735) Concurrent Preclean
[2025-08-01T02:25:03.513+0000] GC(737) Pause Young (Allocation Failure)
[2025-08-01T02:25:03.513+0000] GC(737) Using 8 workers of 8 for evacuation
[2025-08-01T02:25:03.661+0000] GC(737) ParNew: 613440K->68096K(613440K)
[2025-08-01T02:25:03.661+0000] GC(737) CMS: 1872050K->2306070K(3512768K)
[2025-08-01T02:25:03.661+0000] GC(737) Metaspace: 9703K(12544K)->9703K(12544K) NonClass: 8537K(11008K)->8537K(11008K) Class: 1166K(1536K)->1166K(1536K)
[2025-08-01T02:25:03.661+0000] GC(737) Pause Young (Allocation Failure) 2427M->2318M(4029M) 147.812ms
[2025-08-01T02:25:03.661+0000] GC(737) User=1.08s Sys=0.03s Real=0.14s
[2025-08-01T02:25:03.756+0000] GC(738) Pause Young (Allocation Failure)
[2025-08-01T02:25:03.756+0000] GC(738) Using 8 workers of 8 for evacuation
[2025-08-01T02:25:03.884+0000] GC(738) ParNew: 613440K->68096K(613440K)
[2025-08-01T02:25:03.884+0000] GC(738) CMS: 2306070K->2697334K(3512768K)
[2025-08-01T02:25:03.884+0000] GC(738) Metaspace: 9703K(12544K)->9703K(12544K) NonClass: 8537K(11008K)->8537K(11008K) Class: 1166K(1536K)->1166K(1536K)
[2025-08-01T02:25:03.884+0000] GC(738) Pause Young (Allocation Failure) 2851M->2700M(4029M) 127.893ms
[2025-08-01T02:25:03.884+0000] GC(738) User=0.98s Sys=0.01s Real=0.13s
[2025-08-01T02:25:03.975+0000] GC(739) Pause Young (Allocation Failure)
[2025-08-01T02:25:03.975+0000] GC(739) Using 8 workers of 8 for evacuation
[2025-08-01T02:25:04.108+0000] GC(739) ParNew: 613440K->68096K(613440K)
[2025-08-01T02:25:04.108+0000] GC(739) CMS: 2697334K->3147799K(3512768K)
[2025-08-01T02:25:04.108+0000] GC(739) Metaspace: 9703K(12544K)->9703K(12544K) NonClass: 8537K(11008K)->8537K(11008K) Class: 1166K(1536K)->1166K(1536K)
[2025-08-01T02:25:04.108+0000] GC(739) Pause Young (Allocation Failure) 3233M->3140M(4029M) 133.149ms
[2025-08-01T02:25:04.108+0000] GC(739) User=1.02s Sys=0.01s Real=0.13s
[2025-08-01T02:25:04.212+0000] GC(740) Pause Young (Allocation Failure)
[2025-08-01T02:25:04.212+0000] GC(740) Using 8 workers of 8 for evacuation
[2025-08-01T02:25:04.212+0000] GC(741) Pause Full (Allocation Failure)
[2025-08-01T02:25:04.507+0000] GC(735) Concurrent Preclean 994.973ms
[2025-08-01T02:25:04.507+0000] GC(735) User=4.17s Sys=0.06s Real=1.00s
[2025-08-01T02:25:04.508+0000] GC(741) Phase 1: Mark live objects
[2025-08-01T02:25:04.690+0000] GC(741) Phase 1: Mark live objects 182.730ms
[2025-08-01T02:25:04.690+0000] GC(741) Phase 2: Compute new object addresses
[2025-08-01T02:25:05.155+0000] GC(741) Phase 2: Compute new object addresses 464.777ms
[2025-08-01T02:25:05.155+0000] GC(741) Phase 3: Adjust pointers
[2025-08-01T02:25:05.310+0000] GC(741) Phase 3: Adjust pointers 154.481ms
[2025-08-01T02:25:05.310+0000] GC(741) Phase 4: Move objects
[2025-08-01T02:25:05.703+0000] GC(741) Phase 4: Move objects 393.475ms
[2025-08-01T02:25:05.717+0000] GC(741) Pause Full (Allocation Failure) 3673M->989M(4029M) 1505.132ms
[2025-08-01T02:25:05.717+0000] GC(740) ParNew: 613440K->0K(613440K)
[2025-08-01T02:25:05.717+0000] GC(740) CMS: 3147799K->1013569K(3512768K)
[2025-08-01T02:25:05.718+0000] GC(740) Metaspace: 9703K(12544K)->9703K(12544K) NonClass: 8537K(11008K)->8537K(11008K) Class: 1166K(1536K)->1166K(1536K)
[2025-08-01T02:25:05.718+0000] GC(740) Pause Young (Allocation Failure) 3673M->989M(4029M) 1505.528ms
[2025-08-01T02:25:05.718+0000] GC(740) User=1.51s Sys=0.00s Real=1.51s
[2025-08-01T02:25:05.812+0000] GC(742) Pause Young (Allocation Failure)
[2025-08-01T02:25:05.813+0000] GC(742) Using 8 workers of 8 for evacuation
[2025-08-01T02:25:05.951+0000] GC(742) ParNew: 545344K->68096K(613440K)
[2025-08-01T02:25:05.952+0000] GC(742) CMS: 1013569K->1486916K(3512768K)
[2025-08-01T02:25:05.952+0000] GC(742) Metaspace: 9703K(12544K)->9703K(12544K) NonClass: 8537K(11008K)->8537K(11008K) Class: 1166K(1536K)->1166K(1536K)
[2025-08-01T02:25:05.952+0000] GC(742) Pause Young (Allocation Failure) 1522M->1518M(4029M) 139.156ms
[2025-08-01T02:25:05.952+0000] GC(742) User=1.07s Sys=0.01s Real=0.14s
[2025-08-01T02:25:06.044+0000] GC(743) Pause Young (Allocation Failure)
[2025-08-01T02:25:06.044+0000] GC(743) Using 8 workers of 8 for evacuation
[2025-08-01T02:25:06.219+0000] GC(743) ParNew: 613440K->68094K(613440K)
[2025-08-01T02:25:06.219+0000] GC(743) CMS: 1486916K->1887527K(3512768K)
[2025-08-01T02:25:06.219+0000] GC(743) Metaspace: 9703K(12544K)->9703K(12544K) NonClass: 8537K(11008K)->8537K(11008K) Class: 1166K(1536K)->1166K(1536K)
[2025-08-01T02:25:06.219+0000] GC(743) Pause Young (Allocation Failure) 2051M->1909M(4029M) 174.938ms
[2025-08-01T02:25:06.219+0000] GC(743) User=1.32s Sys=0.03s Real=0.17s
[2025-08-01T02:25:06.228+0000] GC(744) Pause Initial Mark
[2025-08-01T02:25:06.232+0000] GC(744) Pause Initial Mark 1960M->1960M(4029M) 3.716ms
[2025-08-01T02:25:06.232+0000] GC(744) User=0.03s Sys=0.00s Real=0.00s
[2025-08-01T02:25:06.232+0000] GC(744) Concurrent Mark
[2025-08-01T02:25:06.232+0000] GC(744) Using 2 workers of 2 for marking
[2025-08-01T02:25:06.319+0000] GC(745) Pause Young (Allocation Failure)
[2025-08-01T02:25:06.319+0000] GC(745) Using 8 workers of 8 for evacuation
[2025-08-01T02:25:06.446+0000] GC(745) ParNew: 613438K->68096K(613440K)
[2025-08-01T02:25:06.446+0000] GC(745) CMS: 1887527K->2286037K(3512768K)
[2025-08-01T02:25:06.446+0000] GC(745) Metaspace: 9703K(12544K)->9703K(12544K) NonClass: 8537K(11008K)->8537K(11008K) Class: 1166K(1536K)->1166K(1536K)
[2025-08-01T02:25:06.446+0000] GC(745) Pause Young (Allocation Failure) 2442M->2298M(4029M) 126.841ms
[2025-08-01T02:25:06.446+0000] GC(745) User=0.97s Sys=0.01s Real=0.13s
[2025-08-01T02:25:06.538+0000] GC(744) Concurrent Mark 306.022ms
[2025-08-01T02:25:06.538+0000] GC(744) User=1.60s Sys=0.01s Real=0.31s
[2025-08-01T02:25:06.538+0000] GC(744) Concurrent Preclean
[2025-08-01T02:25:06.582+0000] GC(746) Pause Young (Allocation Failure)
[2025-08-01T02:25:06.582+0000] GC(746) Using 8 workers of 8 for evacuation
[2025-08-01T02:25:06.732+0000] GC(746) ParNew: 613440K->68096K(613440K)
[2025-08-01T02:25:06.732+0000] GC(746) CMS: 2286037K->2717628K(3512768K)
[2025-08-01T02:25:06.732+0000] GC(746) Metaspace: 9703K(12544K)->9703K(12544K) NonClass: 8537K(11008K)->8537K(11008K) Class: 1166K(1536K)->1166K(1536K)
[2025-08-01T02:25:06.732+0000] GC(746) Pause Young (Allocation Failure) 2831M->2720M(4029M) 150.216ms
[2025-08-01T02:25:06.732+0000] GC(746) User=1.11s Sys=0.02s Real=0.15s
[2025-08-01T02:25:06.826+0000] GC(747) Pause Young (Allocation Failure)
[2025-08-01T02:25:06.826+0000] GC(747) Using 8 workers of 8 for evacuation
[2025-08-01T02:25:06.976+0000] GC(747) ParNew: 613440K->68096K(613440K)
[2025-08-01T02:25:06.976+0000] GC(747) CMS: 2717628K->3156818K(3512768K)
[2025-08-01T02:25:06.976+0000] GC(747) Metaspace: 9703K(12544K)->9703K(12544K) NonClass: 8537K(11008K)->8537K(11008K) Class: 1166K(1536K)->1166K(1536K)
[2025-08-01T02:25:06.976+0000] GC(747) Pause Young (Allocation Failure) 3252M->3149M(4029M) 150.601ms
[2025-08-01T02:25:06.976+0000] GC(747) User=1.13s Sys=0.04s Real=0.15s
[2025-08-01T02:25:07.070+0000] GC(748) Pause Young (Allocation Failure)
[2025-08-01T02:25:07.070+0000] GC(748) Using 8 workers of 8 for evacuation
[2025-08-01T02:25:07.070+0000] GC(749) Pause Full (Allocation Failure)
[2025-08-01T02:25:07.238+0000] GC(744) Concurrent Preclean 699.469ms
[2025-08-01T02:25:07.238+0000] GC(744) User=2.99s Sys=0.06s Real=0.70s
[2025-08-01T02:25:07.238+0000] GC(749) Phase 1: Mark live objects
[2025-08-01T02:25:07.354+0000] GC(749) Phase 1: Mark live objects 116.343ms
[2025-08-01T02:25:07.354+0000] GC(749) Phase 2: Compute new object addresses
[2025-08-01T02:25:07.818+0000] GC(749) Phase 2: Compute new object addresses 463.221ms
[2025-08-01T02:25:07.818+0000] GC(749) Phase 3: Adjust pointers
[2025-08-01T02:25:07.892+0000] GC(749) Phase 3: Adjust pointers 74.661ms
[2025-08-01T02:25:07.892+0000] GC(749) Phase 4: Move objects
[2025-08-01T02:25:08.110+0000] GC(749) Phase 4: Move objects 217.132ms
[2025-08-01T02:25:08.124+0000] GC(749) Pause Full (Allocation Failure) 3681M->561M(4029M) 1053.940ms
[2025-08-01T02:25:08.124+0000] GC(748) ParNew: 613440K->0K(613440K)
[2025-08-01T02:25:08.124+0000] GC(748) CMS: 3156818K->574476K(3512768K)
[2025-08-01T02:25:08.124+0000] GC(748) Metaspace: 9703K(12544K)->9703K(12544K) NonClass: 8537K(11008K)->8537K(11008K) Class: 1166K(1536K)->1166K(1536K)
[2025-08-01T02:25:08.124+0000] GC(748) Pause Young (Allocation Failure) 3681M->561M(4029M) 1054.155ms
[2025-08-01T02:25:08.124+0000] GC(748) User=1.05s Sys=0.00s Real=1.06s
[2025-08-01T02:25:08.223+0000] GC(750) Pause Young (Allocation Failure)
[2025-08-01T02:25:08.223+0000] GC(750) Using 8 workers of 8 for evacuation
[2025-08-01T02:25:08.399+0000] GC(750) ParNew: 545344K->68096K(613440K)
[2025-08-01T02:25:08.399+0000] GC(750) CMS: 574476K->1052766K(3512768K)
[2025-08-01T02:25:08.399+0000] GC(750) Metaspace: 9703K(12544K)->9703K(12544K) NonClass: 8537K(11008K)->8537K(11008K) Class: 1166K(1536K)->1166K(1536K)
[2025-08-01T02:25:08.399+0000] GC(750) Pause Young (Allocation Failure) 1093M->1094M(4029M) 176.471ms
[2025-08-01T02:25:08.399+0000] GC(750) User=1.38s Sys=0.01s Real=0.18s
[2025-08-01T02:25:08.493+0000] GC(751) Pause Young (Allocation Failure)
[2025-08-01T02:25:08.493+0000] GC(751) Using 8 workers of 8 for evacuation
[2025-08-01T02:25:08.615+0000] GC(751) ParNew: 613440K->68096K(613440K)
[2025-08-01T02:25:08.615+0000] GC(751) CMS: 1052766K->1346324K(3512768K)
[2025-08-01T02:25:08.615+0000] GC(751) Metaspace: 9703K(12544K)->9703K(12544K) NonClass: 8537K(11008K)->8537K(11008K) Class: 1166K(1536K)->1166K(1536K)
[2025-08-01T02:25:08.615+0000] GC(751) Pause Young (Allocation Failure) 1627M->1381M(4029M) 121.539ms
[2025-08-01T02:25:08.615+0000] GC(751) User=0.91s Sys=0.02s Real=0.12s
[2025-08-01T02:25:08.706+0000] GC(752) Pause Young (Allocation Failure)
[2025-08-01T02:25:08.707+0000] GC(752) Using 8 workers of 8 for evacuation
[2025-08-01T02:25:08.853+0000] GC(752) ParNew: 613440K->68096K(613440K)
[2025-08-01T02:25:08.853+0000] GC(752) CMS: 1346324K->1780510K(3512768K)
[2025-08-01T02:25:08.853+0000] GC(752) Metaspace: 9703K(12544K)->9703K(12544K) NonClass: 8537K(11008K)->8537K(11008K) Class: 1166K(1536K)->1166K(1536K)
[2025-08-01T02:25:08.853+0000] GC(752) Pause Young (Allocation Failure) 1913M->1805M(4029M) 146.315ms
[2025-08-01T02:25:08.853+0000] GC(752) User=1.06s Sys=0.03s Real=0.14s
[2025-08-01T02:25:08.853+0000] GC(753) Pause Initial Mark
[2025-08-01T02:25:08.856+0000] GC(753) Pause Initial Mark 1813M->1813M(4029M) 3.049ms
[2025-08-01T02:25:08.856+0000] GC(753) User=0.02s Sys=0.00s Real=0.00s
[2025-08-01T02:25:08.857+0000] GC(753) Concurrent Mark
[2025-08-01T02:25:08.857+0000] GC(753) Using 2 workers of 2 for marking
[2025-08-01T02:25:08.951+0000] GC(754) Pause Young (Allocation Failure)
[2025-08-01T02:25:08.951+0000] GC(754) Using 8 workers of 8 for evacuation
[2025-08-01T02:25:09.095+0000] GC(754) ParNew: 613440K->68096K(613440K)
[2025-08-01T02:25:09.095+0000] GC(754) CMS: 1780510K->2266655K(3512768K)
[2025-08-01T02:25:09.095+0000] GC(754) Metaspace: 9703K(12544K)->9703K(12544K) NonClass: 8537K(11008K)->8537K(11008K) Class: 1166K(1536K)->1166K(1536K)
[2025-08-01T02:25:09.095+0000] GC(754) Pause Young (Allocation Failure) 2337M->2280M(4029M) 144.414ms
[2025-08-01T02:25:09.095+0000] GC(754) User=1.12s Sys=0.01s Real=0.15s
[2025-08-01T02:25:09.192+0000] GC(753) Concurrent Mark 334.860ms
[2025-08-01T02:25:09.192+0000] GC(753) User=1.81s Sys=0.02s Real=0.33s
[2025-08-01T02:25:09.192+0000] GC(753) Concurrent Preclean
[2025-08-01T02:25:09.226+0000] GC(755) Pause Young (Allocation Failure)
[2025-08-01T02:25:09.226+0000] GC(755) Using 8 workers of 8 for evacuation
[2025-08-01T02:25:09.310+0000] GC(755) ParNew: 613440K->68096K(613440K)
[2025-08-01T02:25:09.310+0000] GC(755) CMS: 2266655K->2468796K(3512768K)
[2025-08-01T02:25:09.310+0000] GC(755) Metaspace: 9703K(12544K)->9703K(12544K) NonClass: 8537K(11008K)->8537K(11008K) Class: 1166K(1536K)->1166K(1536K)
[2025-08-01T02:25:09.310+0000] GC(755) Pause Young (Allocation Failure) 2812M->2477M(4029M) 84.678ms
[2025-08-01T02:25:09.310+0000] GC(755) User=0.64s Sys=0.00s Real=0.08s
[2025-08-01T02:25:09.403+0000] GC(756) Pause Young (Allocation Failure)
[2025-08-01T02:25:09.403+0000] GC(756) Using 8 workers of 8 for evacuation
[2025-08-01T02:25:09.615+0000] GC(756) ParNew: 613440K->68096K(613440K)
[2025-08-01T02:25:09.616+0000] GC(756) CMS: 2468796K->3013048K(3512768K)
[2025-08-01T02:25:09.616+0000] GC(756) Metaspace: 9703K(12544K)->9703K(12544K) NonClass: 8537K(11008K)->8537K(11008K) Class: 1166K(1536K)->1166K(1536K)
[2025-08-01T02:25:09.616+0000] GC(756) Pause Young (Allocation Failure) 3009M->3008M(4029M) 212.249ms
[2025-08-01T02:25:09.616+0000] GC(756) User=1.62s Sys=0.04s Real=0.21s
[2025-08-01T02:25:09.742+0000] GC(757) Pause Young (Allocation Failure)
[2025-08-01T02:25:09.742+0000] GC(757) Using 8 workers of 8 for evacuation
[2025-08-01T02:25:09.742+0000] GC(758) Pause Full (Allocation Failure)
[2025-08-01T02:25:09.880+0000] GC(753) Concurrent Preclean 688.888ms
[2025-08-01T02:25:09.881+0000] GC(753) User=2.98s Sys=0.06s Real=0.69s
[2025-08-01T02:25:09.881+0000] GC(758) Phase 1: Mark live objects
[2025-08-01T02:25:09.993+0000] GC(758) Phase 1: Mark live objects 112.275ms
[2025-08-01T02:25:09.993+0000] GC(758) Phase 2: Compute new object addresses
[2025-08-01T02:25:10.423+0000] GC(758) Phase 2: Compute new object addresses 429.303ms
[2025-08-01T02:25:10.423+0000] GC(758) Phase 3: Adjust pointers
[2025-08-01T02:25:10.519+0000] GC(758) Phase 3: Adjust pointers 96.211ms
[2025-08-01T02:25:10.519+0000] GC(758) Phase 4: Move objects
[2025-08-01T02:25:10.772+0000] GC(758) Phase 4: Move objects 253.162ms
[2025-08-01T02:25:10.784+0000] GC(758) Pause Full (Allocation Failure) 3541M->661M(4029M) 1042.000ms
[2025-08-01T02:25:10.784+0000] GC(757) ParNew: 613440K->0K(613440K)
[2025-08-01T02:25:10.784+0000] GC(757) CMS: 3013048K->677552K(3512768K)
[2025-08-01T02:25:10.784+0000] GC(757) Metaspace: 9703K(12544K)->9703K(12544K) NonClass: 8537K(11008K)->8537K(11008K) Class: 1166K(1536K)->1166K(1536K)
[2025-08-01T02:25:10.784+0000] GC(757) Pause Young (Allocation Failure) 3541M->661M(4029M) 1042.234ms
[2025-08-01T02:25:10.784+0000] GC(757) User=1.04s Sys=0.00s Real=1.05s
[2025-08-01T02:25:10.880+0000] GC(759) Pause Young (Allocation Failure)
[2025-08-01T02:25:10.880+0000] GC(759) Using 8 workers of 8 for evacuation
[2025-08-01T02:25:11.032+0000] GC(759) ParNew: 545344K->68096K(613440K)
[2025-08-01T02:25:11.032+0000] GC(759) CMS: 677552K->1156329K(3512768K)
[2025-08-01T02:25:11.032+0000] GC(759) Metaspace: 9703K(12544K)->9703K(12544K) NonClass: 8537K(11008K)->8537K(11008K) Class: 1166K(1536K)->1166K(1536K)
[2025-08-01T02:25:11.032+0000] GC(759) Pause Young (Allocation Failure) 1194M->1195M(4029M) 152.237ms
[2025-08-01T02:25:11.032+0000] GC(759) User=1.17s Sys=0.03s Real=0.15s
[2025-08-01T02:25:11.128+0000] GC(760) Pause Young (Allocation Failure)
[2025-08-01T02:25:11.129+0000] GC(760) Using 8 workers of 8 for evacuation
[2025-08-01T02:25:11.280+0000] GC(760) ParNew: 613440K->68096K(613440K)
[2025-08-01T02:25:11.280+0000] GC(760) CMS: 1156329K->1555501K(3512768K)
[2025-08-01T02:25:11.280+0000] GC(760) Metaspace: 9703K(12544K)->9703K(12544K) NonClass: 8537K(11008K)->8537K(11008K) Class: 1166K(1536K)->1166K(1536K)
[2025-08-01T02:25:11.280+0000] GC(760) Pause Young (Allocation Failure) 1728M->1585M(4029M) 151.912ms
[2025-08-01T02:25:11.280+0000] GC(760) User=1.15s Sys=0.02s Real=0.15s
[2025-08-01T02:25:11.281+0000] GC(761) Pause Initial Mark
[2025-08-01T02:25:11.285+0000] GC(761) Pause Initial Mark 1593M->1593M(4029M) 3.738ms
[2025-08-01T02:25:11.285+0000] GC(761) User=0.02s Sys=0.00s Real=0.01s
[2025-08-01T02:25:11.285+0000] GC(761) Concurrent Mark
[2025-08-01T02:25:11.285+0000] GC(761) Using 2 workers of 2 for marking
[2025-08-01T02:25:11.379+0000] GC(762) Pause Young (Allocation Failure)
[2025-08-01T02:25:11.379+0000] GC(762) Using 8 workers of 8 for evacuation
[2025-08-01T02:25:11.510+0000] GC(762) ParNew: 613440K->68096K(613440K)
[2025-08-01T02:25:11.510+0000] GC(762) CMS: 1555501K->1996949K(3512768K)
[2025-08-01T02:25:11.510+0000] GC(762) Metaspace: 9703K(12544K)->9703K(12544K) NonClass: 8537K(11008K)->8537K(11008K) Class: 1166K(1536K)->1166K(1536K)
[2025-08-01T02:25:11.511+0000] GC(762) Pause Young (Allocation Failure) 2118M->2016M(4029M) 131.901ms
[2025-08-01T02:25:11.511+0000] GC(762) User=1.03s Sys=0.01s Real=0.13s
[2025-08-01T02:25:11.608+0000] GC(763) Pause Young (Allocation Failure)
[2025-08-01T02:25:11.608+0000] GC(763) Using 8 workers of 8 for evacuation
[2025-08-01T02:25:11.761+0000] GC(763) ParNew: 613440K->68096K(613440K)
[2025-08-01T02:25:11.761+0000] GC(763) CMS: 1996949K->2492453K(3512768K)
[2025-08-01T02:25:11.761+0000] GC(763) Metaspace: 9703K(12544K)->9703K(12544K) NonClass: 8537K(11008K)->8537K(11008K) Class: 1166K(1536K)->1166K(1536K)
[2025-08-01T02:25:11.762+0000] GC(763) Pause Young (Allocation Failure) 2549M->2500M(4029M) 154.005ms
[2025-08-01T02:25:11.762+0000] GC(763) User=1.19s Sys=0.01s Real=0.15s
[2025-08-01T02:25:11.853+0000] GC(761) Concurrent Mark 567.646ms
[2025-08-01T02:25:11.853+0000] GC(761) User=3.23s Sys=0.02s Real=0.57s
[2025-08-01T02:25:11.853+0000] GC(764) Pause Young (Allocation Failure)
[2025-08-01T02:25:11.853+0000] GC(764) Using 8 workers of 8 for evacuation
[2025-08-01T02:25:11.928+0000] GC(764) ParNew: 613440K->68096K(613440K)
[2025-08-01T02:25:11.928+0000] GC(764) CMS: 2492453K->2771669K(3512768K)
[2025-08-01T02:25:11.928+0000] GC(764) Metaspace: 9703K(12544K)->9703K(12544K) NonClass: 8537K(11008K)->8537K(11008K) Class: 1166K(1536K)->1166K(1536K)
[2025-08-01T02:25:11.928+0000] GC(764) Pause Young (Allocation Failure) 3033M->2773M(4029M) 75.161ms
[2025-08-01T02:25:11.928+0000] GC(764) User=0.59s Sys=0.00s Real=0.07s
[2025-08-01T02:25:11.929+0000] GC(761) Concurrent Preclean
[2025-08-01T02:25:12.021+0000] GC(765) Pause Young (Allocation Failure)
[2025-08-01T02:25:12.021+0000] GC(765) Using 8 workers of 8 for evacuation
[2025-08-01T02:25:12.191+0000] GC(765) ParNew: 613440K->68096K(613440K)
[2025-08-01T02:25:12.192+0000] GC(765) CMS: 2771669K->3313877K(3512768K)
[2025-08-01T02:25:12.192+0000] GC(765) Metaspace: 9703K(12544K)->9703K(12544K) NonClass: 8537K(11008K)->8537K(11008K) Class: 1166K(1536K)->1166K(1536K)
[2025-08-01T02:25:12.192+0000] GC(765) Pause Young (Allocation Failure) 3305M->3302M(4029M) 170.874ms
[2025-08-01T02:25:12.192+0000] GC(765) User=1.29s Sys=0.02s Real=0.17s
[2025-08-01T02:25:12.282+0000] GC(766) Pause Young (Allocation Failure)
[2025-08-01T02:25:12.282+0000] GC(766) Using 8 workers of 8 for evacuation
[2025-08-01T02:25:12.282+0000] GC(767) Pause Full (Allocation Failure)
[2025-08-01T02:25:12.652+0000] GC(761) Concurrent Preclean 723.670ms
[2025-08-01T02:25:12.652+0000] GC(761) User=2.13s Sys=0.02s Real=0.72s
[2025-08-01T02:25:12.653+0000] GC(767) Phase 1: Mark live objects
[2025-08-01T02:25:12.831+0000] GC(767) Phase 1: Mark live objects 178.858ms
[2025-08-01T02:25:12.831+0000] GC(767) Phase 2: Compute new object addresses
[2025-08-01T02:25:13.277+0000] GC(767) Phase 2: Compute new object addresses 445.041ms
[2025-08-01T02:25:13.277+0000] GC(767) Phase 3: Adjust pointers
[2025-08-01T02:25:13.383+0000] GC(767) Phase 3: Adjust pointers 106.758ms
[2025-08-01T02:25:13.384+0000] GC(767) Phase 4: Move objects
[2025-08-01T02:25:13.679+0000] GC(767) Phase 4: Move objects 295.702ms
[2025-08-01T02:25:13.692+0000] GC(767) Pause Full (Allocation Failure) 3835M->762M(4029M) 1410.137ms
[2025-08-01T02:25:13.692+0000] GC(766) ParNew: 613440K->0K(613440K)
[2025-08-01T02:25:13.692+0000] GC(766) CMS: 3313877K->780355K(3512768K)
[2025-08-01T02:25:13.692+0000] GC(766) Metaspace: 9703K(12544K)->9703K(12544K) NonClass: 8537K(11008K)->8537K(11008K) Class: 1166K(1536K)->1166K(1536K)
[2025-08-01T02:25:13.692+0000] GC(766) Pause Young (Allocation Failure) 3835M->762M(4029M) 1410.422ms
[2025-08-01T02:25:13.692+0000] GC(766) User=1.41s Sys=0.00s Real=1.41s
[2025-08-01T02:25:13.784+0000] GC(768) Pause Young (Allocation Failure)
[2025-08-01T02:25:13.784+0000] GC(768) Using 8 workers of 8 for evacuation
[2025-08-01T02:25:13.886+0000] GC(768) ParNew: 545344K->68096K(613440K)
[2025-08-01T02:25:13.886+0000] GC(768) CMS: 780355K->1129401K(3512768K)
[2025-08-01T02:25:13.886+0000] GC(768) Metaspace: 9703K(12544K)->9703K(12544K) NonClass: 8537K(11008K)->8537K(11008K) Class: 1166K(1536K)->1166K(1536K)
[2025-08-01T02:25:13.886+0000] GC(768) Pause Young (Allocation Failure) 1294M->1169M(4029M) 102.235ms
[2025-08-01T02:25:13.886+0000] GC(768) User=0.78s Sys=0.00s Real=0.10s
[2025-08-01T02:25:13.979+0000] GC(769) Pause Young (Allocation Failure)
[2025-08-01T02:25:13.979+0000] GC(769) Using 8 workers of 8 for evacuation
[2025-08-01T02:25:14.146+0000] GC(769) ParNew: 613440K->68096K(613440K)
[2025-08-01T02:25:14.146+0000] GC(769) CMS: 1129401K->1604987K(3512768K)
[2025-08-01T02:25:14.146+0000] GC(769) Metaspace: 9703K(12544K)->9703K(12544K) NonClass: 8537K(11008K)->8537K(11008K) Class: 1166K(1536K)->1166K(1536K)
[2025-08-01T02:25:14.146+0000] GC(769) Pause Young (Allocation Failure) 1701M->1633M(4029M) 166.726ms
[2025-08-01T02:25:14.146+0000] GC(769) User=1.28s Sys=0.03s Real=0.17s
[2025-08-01T02:25:14.147+0000] GC(770) Pause Initial Mark
[2025-08-01T02:25:14.150+0000] GC(770) Pause Initial Mark 1644M->1644M(4029M) 3.337ms
[2025-08-01T02:25:14.150+0000] GC(770) User=0.02s Sys=0.00s Real=0.00s
[2025-08-01T02:25:14.151+0000] GC(770) Concurrent Mark
[2025-08-01T02:25:14.151+0000] GC(770) Using 2 workers of 2 for marking
[2025-08-01T02:25:14.241+0000] GC(771) Pause Young (Allocation Failure)
[2025-08-01T02:25:14.241+0000] GC(771) Using 8 workers of 8 for evacuation
[2025-08-01T02:25:14.372+0000] GC(771) ParNew: 613440K->68096K(613440K)
[2025-08-01T02:25:14.372+0000] GC(771) CMS: 1604987K->2048464K(3512768K)
[2025-08-01T02:25:14.373+0000] GC(771) Metaspace: 9703K(12544K)->9703K(12544K) NonClass: 8537K(11008K)->8537K(11008K) Class: 1166K(1536K)->1166K(1536K)
[2025-08-01T02:25:14.373+0000] GC(771) Pause Young (Allocation Failure) 2166M->2066M(4029M) 131.996ms
[2025-08-01T02:25:14.373+0000] GC(771) User=1.02s Sys=0.00s Real=0.13s
[2025-08-01T02:25:14.467+0000] GC(772) Pause Young (Allocation Failure)
[2025-08-01T02:25:14.467+0000] GC(772) Using 8 workers of 8 for evacuation
[2025-08-01T02:25:14.610+0000] GC(772) ParNew: 613440K->68096K(613440K)
[2025-08-01T02:25:14.610+0000] GC(772) CMS: 2048464K->2549740K(3512768K)
[2025-08-01T02:25:14.610+0000] GC(772) Metaspace: 9703K(12544K)->9703K(12544K) NonClass: 8537K(11008K)->8537K(11008K) Class: 1166K(1536K)->1166K(1536K)
[2025-08-01T02:25:14.610+0000] GC(772) Pause Young (Allocation Failure) 2599M->2556M(4029M) 143.502ms
[2025-08-01T02:25:14.610+0000] GC(772) User=1.12s Sys=0.01s Real=0.14s
[2025-08-01T02:25:14.704+0000] GC(773) Pause Young (Allocation Failure)
[2025-08-01T02:25:14.704+0000] GC(773) Using 8 workers of 8 for evacuation
[2025-08-01T02:25:14.860+0000] GC(773) ParNew: 613440K->68096K(613440K)
[2025-08-01T02:25:14.860+0000] GC(773) CMS: 2549740K->2941070K(3512768K)
[2025-08-01T02:25:14.860+0000] GC(773) Metaspace: 9703K(12544K)->9703K(12544K) NonClass: 8537K(11008K)->8537K(11008K) Class: 1166K(1536K)->1166K(1536K)
[2025-08-01T02:25:14.860+0000] GC(773) Pause Young (Allocation Failure) 3089M->2938M(4029M) 155.407ms
[2025-08-01T02:25:14.860+0000] GC(773) User=1.20s Sys=0.03s Real=0.15s
[2025-08-01T02:25:14.921+0000] GC(770) Concurrent Mark 769.854ms
[2025-08-01T02:25:14.921+0000] GC(770) User=4.50s Sys=0.04s Real=0.77s
[2025-08-01T02:25:14.921+0000] GC(770) Concurrent Preclean
[2025-08-01T02:25:14.950+0000] GC(774) Pause Young (Allocation Failure)
[2025-08-01T02:25:14.950+0000] GC(774) Using 8 workers of 8 for evacuation
[2025-08-01T02:25:15.075+0000] GC(774) ParNew: 613440K->68096K(613440K)
[2025-08-01T02:25:15.075+0000] GC(774) CMS: 2941070K->3346839K(3512768K)
[2025-08-01T02:25:15.075+0000] GC(774) Metaspace: 9703K(12544K)->9703K(12544K) NonClass: 8537K(11008K)->8537K(11008K) Class: 1166K(1536K)->1166K(1536K)
[2025-08-01T02:25:15.075+0000] GC(774) Pause Young (Allocation Failure) 3471M->3334M(4029M) 124.848ms
[2025-08-01T02:25:15.075+0000] GC(774) User=0.96s Sys=0.02s Real=0.13s
[2025-08-01T02:25:15.165+0000] GC(775) Pause Young (Allocation Failure)
[2025-08-01T02:25:15.165+0000] GC(775) Using 8 workers of 8 for evacuation
[2025-08-01T02:25:15.165+0000] GC(776) Pause Full (Allocation Failure)
[2025-08-01T02:25:15.587+0000] GC(770) Concurrent Preclean 665.996ms
[2025-08-01T02:25:15.587+0000] GC(770) User=1.71s Sys=0.02s Real=0.67s
[2025-08-01T02:25:15.587+0000] GC(776) Phase 1: Mark live objects
[2025-08-01T02:25:15.730+0000] GC(776) Phase 1: Mark live objects 142.864ms
[2025-08-01T02:25:15.730+0000] GC(776) Phase 2: Compute new object addresses
[2025-08-01T02:25:16.214+0000] GC(776) Phase 2: Compute new object addresses 483.481ms
[2025-08-01T02:25:16.214+0000] GC(776) Phase 3: Adjust pointers
[2025-08-01T02:25:16.351+0000] GC(776) Phase 3: Adjust pointers 137.032ms
[2025-08-01T02:25:16.351+0000] GC(776) Phase 4: Move objects
[2025-08-01T02:25:16.680+0000] GC(776) Phase 4: Move objects 329.688ms
[2025-08-01T02:25:16.694+0000] GC(776) Pause Full (Allocation Failure) 3867M->862M(4029M) 1528.318ms
[2025-08-01T02:25:16.694+0000] GC(775) ParNew: 613440K->0K(613440K)
[2025-08-01T02:25:16.694+0000] GC(775) CMS: 3346839K->883525K(3512768K)
[2025-08-01T02:25:16.694+0000] GC(775) Metaspace: 9703K(12544K)->9703K(12544K) NonClass: 8537K(11008K)->8537K(11008K) Class: 1166K(1536K)->1166K(1536K)
[2025-08-01T02:25:16.694+0000] GC(775) Pause Young (Allocation Failure) 3867M->862M(4029M) 1528.551ms
[2025-08-01T02:25:16.694+0000] GC(775) User=1.53s Sys=0.01s Real=1.53s
[2025-08-01T02:25:16.790+0000] GC(777) Pause Young (Allocation Failure)
[2025-08-01T02:25:16.790+0000] GC(777) Using 8 workers of 8 for evacuation
[2025-08-01T02:25:16.989+0000] GC(777) ParNew: 545344K->68096K(613440K)
[2025-08-01T02:25:16.989+0000] GC(777) CMS: 883525K->1268443K(3512768K)
[2025-08-01T02:25:16.989+0000] GC(777) Metaspace: 9703K(12544K)->9703K(12544K) NonClass: 8537K(11008K)->8537K(11008K) Class: 1166K(1536K)->1166K(1536K)
[2025-08-01T02:25:16.989+0000] GC(777) Pause Young (Allocation Failure) 1395M->1305M(4029M) 199.036ms
[2025-08-01T02:25:16.989+0000] GC(777) User=1.46s Sys=0.06s Real=0.20s
[2025-08-01T02:25:17.078+0000] GC(778) Pause Young (Allocation Failure)
[2025-08-01T02:25:17.078+0000] GC(778) Using 8 workers of 8 for evacuation
[2025-08-01T02:25:17.229+0000] GC(778) ParNew: 613440K->68096K(613440K)
[2025-08-01T02:25:17.229+0000] GC(778) CMS: 1268443K->1750537K(3512768K)
[2025-08-01T02:25:17.229+0000] GC(778) Metaspace: 9703K(12544K)->9703K(12544K) NonClass: 8537K(11008K)->8537K(11008K) Class: 1166K(1536K)->1166K(1536K)
[2025-08-01T02:25:17.229+0000] GC(778) Pause Young (Allocation Failure) 1837M->1776M(4029M) 151.386ms
[2025-08-01T02:25:17.229+0000] GC(778) User=1.15s Sys=0.02s Real=0.15s
[2025-08-01T02:25:17.230+0000] GC(779) Pause Initial Mark
[2025-08-01T02:25:17.233+0000] GC(779) Pause Initial Mark 1786M->1786M(4029M) 2.957ms
[2025-08-01T02:25:17.233+0000] GC(779) User=0.02s Sys=0.00s Real=0.01s
[2025-08-01T02:25:17.233+0000] GC(779) Concurrent Mark
[2025-08-01T02:25:17.233+0000] GC(779) Using 2 workers of 2 for marking
[2025-08-01T02:25:17.325+0000] GC(780) Pause Young (Allocation Failure)
[2025-08-01T02:25:17.326+0000] GC(780) Using 8 workers of 8 for evacuation
[2025-08-01T02:25:17.437+0000] GC(780) ParNew: 613440K->68096K(613440K)
[2025-08-01T02:25:17.437+0000] GC(780) CMS: 1750537K->2066163K(3512768K)
[2025-08-01T02:25:17.437+0000] GC(780) Metaspace: 9703K(12544K)->9703K(12544K) NonClass: 8537K(11008K)->8537K(11008K) Class: 1166K(1536K)->1166K(1536K)
[2025-08-01T02:25:17.437+0000] GC(780) Pause Young (Allocation Failure) 2308M->2084M(4029M) 111.732ms
[2025-08-01T02:25:17.437+0000] GC(780) User=0.85s Sys=0.02s Real=0.11s
[2025-08-01T02:25:17.526+0000] GC(781) Pause Young (Allocation Failure)
[2025-08-01T02:25:17.526+0000] GC(781) Using 8 workers of 8 for evacuation
[2025-08-01T02:25:17.648+0000] GC(781) ParNew: 613440K->68096K(613440K)
[2025-08-01T02:25:17.648+0000] GC(781) CMS: 2066163K->2487471K(3512768K)
[2025-08-01T02:25:17.648+0000] GC(781) Metaspace: 9703K(12544K)->9703K(12544K) NonClass: 8537K(11008K)->8537K(11008K) Class: 1166K(1536K)->1166K(1536K)
[2025-08-01T02:25:17.648+0000] GC(781) Pause Young (Allocation Failure) 2616M->2495M(4029M) 121.582ms
[2025-08-01T02:25:17.648+0000] GC(781) User=0.94s Sys=0.00s Real=0.12s
[2025-08-01T02:25:17.740+0000] GC(782) Pause Young (Allocation Failure)
[2025-08-01T02:25:17.740+0000] GC(782) Using 8 workers of 8 for evacuation
[2025-08-01T02:25:17.916+0000] GC(782) ParNew: 613440K->68096K(613440K)
[2025-08-01T02:25:17.916+0000] GC(782) CMS: 2487471K->3031913K(3512768K)
[2025-08-01T02:25:17.916+0000] GC(782) Metaspace: 9703K(12544K)->9703K(12544K) NonClass: 8537K(11008K)->8537K(11008K) Class: 1166K(1536K)->1166K(1536K)
[2025-08-01T02:25:17.916+0000] GC(782) Pause Young (Allocation Failure) 3028M->3027M(4029M) 175.925ms
[2025-08-01T02:25:17.916+0000] GC(782) User=1.34s Sys=0.02s Real=0.18s
[2025-08-01T02:25:17.993+0000] GC(779) Concurrent Mark 760.022ms
[2025-08-01T02:25:17.993+0000] GC(779) User=4.37s Sys=0.04s Real=0.76s
[2025-08-01T02:25:17.993+0000] GC(779) Concurrent Preclean
[2025-08-01T02:25:18.045+0000] GC(783) Pause Young (Allocation Failure)
[2025-08-01T02:25:18.045+0000] GC(783) Using 8 workers of 8 for evacuation
[2025-08-01T02:25:18.045+0000] GC(784) Pause Full (Allocation Failure)
[2025-08-01T02:25:18.359+0000] GC(779) Concurrent Preclean 365.636ms
[2025-08-01T02:25:18.359+0000] GC(779) User=0.39s Sys=0.00s Real=0.36s
[2025-08-01T02:25:18.359+0000] GC(784) Phase 1: Mark live objects
[2025-08-01T02:25:18.551+0000] GC(784) Phase 1: Mark live objects 191.916ms
[2025-08-01T02:25:18.556+0000] GC(784) Phase 2: Compute new object addresses
[2025-08-01T02:25:18.994+0000] GC(784) Phase 2: Compute new object addresses 438.280ms
[2025-08-01T02:25:18.994+0000] GC(784) Phase 3: Adjust pointers
[2025-08-01T02:25:19.115+0000] GC(784) Phase 3: Adjust pointers 120.330ms
[2025-08-01T02:25:19.115+0000] GC(784) Phase 4: Move objects
[2025-08-01T02:25:19.492+0000] GC(784) Phase 4: Move objects 377.544ms
[2025-08-01T02:25:19.506+0000] GC(784) Pause Full (Allocation Failure) 3559M->885M(4029M) 1460.379ms
[2025-08-01T02:25:19.506+0000] GC(783) ParNew: 613440K->0K(613440K)
[2025-08-01T02:25:19.506+0000] GC(783) CMS: 3031913K->906373K(3512768K)
[2025-08-01T02:25:19.506+0000] GC(783) Metaspace: 9703K(12544K)->9703K(12544K) NonClass: 8537K(11008K)->8537K(11008K) Class: 1166K(1536K)->1166K(1536K)
[2025-08-01T02:25:19.506+0000] GC(783) Pause Young (Allocation Failure) 3559M->885M(4029M) 1460.629ms
[2025-08-01T02:25:19.506+0000] GC(783) User=1.46s Sys=0.01s Real=1.46s
[2025-08-01T02:25:19.614+0000] GC(785) Pause Young (Allocation Failure)
[2025-08-01T02:25:19.614+0000] GC(785) Using 8 workers of 8 for evacuation
[2025-08-01T02:25:19.789+0000] GC(785) ParNew: 545344K->68096K(613440K)
[2025-08-01T02:25:19.789+0000] GC(785) CMS: 906373K->1327802K(3512768K)
[2025-08-01T02:25:19.789+0000] GC(785) Metaspace: 9703K(12544K)->9703K(12544K) NonClass: 8537K(11008K)->8537K(11008K) Class: 1166K(1536K)->1166K(1536K)
[2025-08-01T02:25:19.789+0000] GC(785) Pause Young (Allocation Failure) 1417M->1363M(4029M) 174.698ms
[2025-08-01T02:25:19.789+0000] GC(785) User=1.31s Sys=0.02s Real=0.17s
[2025-08-01T02:25:19.917+0000] GC(786) Pause Young (Allocation Failure)
[2025-08-01T02:25:19.917+0000] GC(786) Using 8 workers of 8 for evacuation
[2025-08-01T02:25:20.103+0000] GC(786) ParNew: 613440K->68096K(613440K)
[2025-08-01T02:25:20.103+0000] GC(786) CMS: 1327802K->1818929K(3512768K)
[2025-08-01T02:25:20.103+0000] GC(786) Metaspace: 9703K(12544K)->9703K(12544K) NonClass: 8537K(11008K)->8537K(11008K) Class: 1166K(1536K)->1166K(1536K)
[2025-08-01T02:25:20.103+0000] GC(786) Pause Young (Allocation Failure) 1895M->1842M(4029M) 186.318ms
[2025-08-01T02:25:20.103+0000] GC(786) User=1.39s Sys=0.04s Real=0.19s
[2025-08-01T02:25:20.104+0000] GC(787) Pause Initial Mark
[2025-08-01T02:25:20.108+0000] GC(787) Pause Initial Mark 1850M->1850M(4029M) 3.580ms
[2025-08-01T02:25:20.108+0000] GC(787) User=0.02s Sys=0.00s Real=0.00s
[2025-08-01T02:25:20.108+0000] GC(787) Concurrent Mark
[2025-08-01T02:25:20.108+0000] GC(787) Using 2 workers of 2 for marking
[2025-08-01T02:25:20.205+0000] GC(788) Pause Young (Allocation Failure)
[2025-08-01T02:25:20.206+0000] GC(788) Using 8 workers of 8 for evacuation
[2025-08-01T02:25:20.314+0000] GC(788) ParNew: 613440K->68096K(613440K)
[2025-08-01T02:25:20.314+0000] GC(788) CMS: 1818929K->2145305K(3512768K)
[2025-08-01T02:25:20.314+0000] GC(788) Metaspace: 9703K(12544K)->9703K(12544K) NonClass: 8537K(11008K)->8537K(11008K) Class: 1166K(1536K)->1166K(1536K)
[2025-08-01T02:25:20.314+0000] GC(788) Pause Young (Allocation Failure) 2375M->2161M(4029M) 108.274ms
[2025-08-01T02:25:20.314+0000] GC(788) User=0.83s Sys=0.02s Real=0.11s
[2025-08-01T02:25:20.404+0000] GC(789) Pause Young (Allocation Failure)
[2025-08-01T02:25:20.405+0000] GC(789) Using 8 workers of 8 for evacuation
[2025-08-01T02:25:20.535+0000] GC(789) ParNew: 613440K->68096K(613440K)
[2025-08-01T02:25:20.535+0000] GC(789) CMS: 2145305K->2559278K(3512768K)
[2025-08-01T02:25:20.535+0000] GC(789) Metaspace: 9703K(12544K)->9703K(12544K) NonClass: 8537K(11008K)->8537K(11008K) Class: 1166K(1536K)->1166K(1536K)
[2025-08-01T02:25:20.535+0000] GC(789) Pause Young (Allocation Failure) 2694M->2565M(4029M) 130.189ms
[2025-08-01T02:25:20.535+0000] GC(789) User=1.01s Sys=0.01s Real=0.13s
[2025-08-01T02:25:20.628+0000] GC(790) Pause Young (Allocation Failure)
[2025-08-01T02:25:20.628+0000] GC(790) Using 8 workers of 8 for evacuation
[2025-08-01T02:25:20.763+0000] GC(790) ParNew: 613440K->68096K(613440K)
[2025-08-01T02:25:20.763+0000] GC(790) CMS: 2559278K->2992570K(3512768K)
[2025-08-01T02:25:20.763+0000] GC(790) Metaspace: 9703K(12544K)->9703K(12544K) NonClass: 8537K(11008K)->8537K(11008K) Class: 1166K(1536K)->1166K(1536K)
[2025-08-01T02:25:20.763+0000] GC(790) Pause Young (Allocation Failure) 3098M->2988M(4029M) 135.434ms
[2025-08-01T02:25:20.763+0000] GC(790) User=1.04s Sys=0.02s Real=0.14s
[2025-08-01T02:25:20.847+0000] GC(787) Concurrent Mark 738.744ms
[2025-08-01T02:25:20.847+0000] GC(787) User=4.20s Sys=0.05s Real=0.74s
[2025-08-01T02:25:20.847+0000] GC(787) Concurrent Preclean
[2025-08-01T02:25:20.856+0000] GC(791) Pause Young (Allocation Failure)
[2025-08-01T02:25:20.856+0000] GC(791) Using 8 workers of 8 for evacuation
[2025-08-01T02:25:20.972+0000] GC(791) ParNew: 613440K->68096K(613440K)
[2025-08-01T02:25:20.972+0000] GC(791) CMS: 2992570K->3412750K(3512768K)
[2025-08-01T02:25:20.972+0000] GC(791) Metaspace: 9703K(12544K)->9703K(12544K) NonClass: 8537K(11008K)->8537K(11008K) Class: 1166K(1536K)->1166K(1536K)
[2025-08-01T02:25:20.972+0000] GC(791) Pause Young (Allocation Failure) 3521M->3399M(4029M) 116.589ms
[2025-08-01T02:25:20.972+0000] GC(791) User=0.91s Sys=0.01s Real=0.11s
[2025-08-01T02:25:21.064+0000] GC(792) Pause Young (Allocation Failure)
[2025-08-01T02:25:21.064+0000] GC(792) Using 8 workers of 8 for evacuation
[2025-08-01T02:25:21.064+0000] GC(793) Pause Full (Allocation Failure)
[2025-08-01T02:25:21.447+0000] GC(787) Concurrent Preclean 599.838ms
[2025-08-01T02:25:21.447+0000] GC(787) User=1.55s Sys=0.01s Real=0.60s
[2025-08-01T02:25:21.447+0000] GC(793) Phase 1: Mark live objects
[2025-08-01T02:25:21.652+0000] GC(793) Phase 1: Mark live objects 204.782ms
[2025-08-01T02:25:21.652+0000] GC(793) Phase 2: Compute new object addresses
[2025-08-01T02:25:22.213+0000] GC(793) Phase 2: Compute new object addresses 560.396ms
[2025-08-01T02:25:22.213+0000] GC(793) Phase 3: Adjust pointers
[2025-08-01T02:25:22.368+0000] GC(793) Phase 3: Adjust pointers 155.475ms
[2025-08-01T02:25:22.368+0000] GC(793) Phase 4: Move objects
[2025-08-01T02:25:22.793+0000] GC(793) Phase 4: Move objects 424.550ms
[2025-08-01T02:25:22.806+0000] GC(793) Pause Full (Allocation Failure) 3931M->982M(4029M) 1742.417ms
[2025-08-01T02:25:22.806+0000] GC(792) ParNew: 613440K->0K(613440K)
[2025-08-01T02:25:22.806+0000] GC(792) CMS: 3412750K->1006412K(3512768K)
[2025-08-01T02:25:22.806+0000] GC(792) Metaspace: 9703K(12544K)->9703K(12544K) NonClass: 8537K(11008K)->8537K(11008K) Class: 1166K(1536K)->1166K(1536K)
[2025-08-01T02:25:22.806+0000] GC(792) Pause Young (Allocation Failure) 3931M->982M(4029M) 1742.642ms
[2025-08-01T02:25:22.806+0000] GC(792) User=1.74s Sys=0.01s Real=1.74s
[2025-08-01T02:25:22.900+0000] GC(794) Pause Young (Allocation Failure)
[2025-08-01T02:25:22.900+0000] GC(794) Using 8 workers of 8 for evacuation
[2025-08-01T02:25:23.033+0000] GC(794) ParNew: 545344K->68096K(613440K)
[2025-08-01T02:25:23.033+0000] GC(794) CMS: 1006412K->1277260K(3512768K)
[2025-08-01T02:25:23.033+0000] GC(794) Metaspace: 9703K(12544K)->9703K(12544K) NonClass: 8537K(11008K)->8537K(11008K) Class: 1166K(1536K)->1166K(1536K)
[2025-08-01T02:25:23.033+0000] GC(794) Pause Young (Allocation Failure) 1515M->1313M(4029M) 133.291ms
[2025-08-01T02:25:23.033+0000] GC(794) User=1.00s Sys=0.03s Real=0.14s
[2025-08-01T02:25:23.126+0000] GC(795) Pause Young (Allocation Failure)
[2025-08-01T02:25:23.126+0000] GC(795) Using 8 workers of 8 for evacuation
[2025-08-01T02:25:23.318+0000] GC(795) ParNew: 613440K->68096K(613440K)
[2025-08-01T02:25:23.318+0000] GC(795) CMS: 1277260K->1819582K(3512768K)
[2025-08-01T02:25:23.319+0000] GC(795) Metaspace: 9703K(12544K)->9703K(12544K) NonClass: 8537K(11008K)->8537K(11008K) Class: 1166K(1536K)->1166K(1536K)
[2025-08-01T02:25:23.319+0000] GC(795) Pause Young (Allocation Failure) 1846M->1843M(4029M) 192.188ms
[2025-08-01T02:25:23.319+0000] GC(795) User=1.40s Sys=0.04s Real=0.19s
[2025-08-01T02:25:23.326+0000] GC(796) Pause Initial Mark
[2025-08-01T02:25:23.329+0000] GC(796) Pause Initial Mark 1888M->1888M(4029M) 3.086ms
[2025-08-01T02:25:23.329+0000] GC(796) User=0.02s Sys=0.00s Real=0.00s
[2025-08-01T02:25:23.329+0000] GC(796) Concurrent Mark
[2025-08-01T02:25:23.329+0000] GC(796) Using 2 workers of 2 for marking
[2025-08-01T02:25:23.427+0000] GC(797) Pause Young (Allocation Failure)
[2025-08-01T02:25:23.427+0000] GC(797) Using 8 workers of 8 for evacuation
[2025-08-01T02:25:23.543+0000] GC(797) ParNew: 613440K->68096K(613440K)
[2025-08-01T02:25:23.543+0000] GC(797) CMS: 1819582K->2221323K(3512768K)
[2025-08-01T02:25:23.543+0000] GC(797) Metaspace: 9703K(12544K)->9703K(12544K) NonClass: 8537K(11008K)->8537K(11008K) Class: 1166K(1536K)->1166K(1536K)
[2025-08-01T02:25:23.543+0000] GC(797) Pause Young (Allocation Failure) 2375M->2235M(4029M) 116.821ms
[2025-08-01T02:25:23.543+0000] GC(797) User=0.91s Sys=0.00s Real=0.12s
[2025-08-01T02:25:23.634+0000] GC(796) Concurrent Mark 305.292ms
[2025-08-01T02:25:23.634+0000] GC(796) User=1.58s Sys=0.00s Real=0.31s
[2025-08-01T02:25:23.634+0000] GC(796) Concurrent Preclean
[2025-08-01T02:25:23.670+0000] GC(798) Pause Young (Allocation Failure)
[2025-08-01T02:25:23.670+0000] GC(798) Using 8 workers of 8 for evacuation
[2025-08-01T02:25:23.747+0000] GC(798) ParNew: 613439K->68096K(613440K)
[2025-08-01T02:25:23.747+0000] GC(798) CMS: 2221323K->2425297K(3512768K)
[2025-08-01T02:25:23.747+0000] GC(798) Metaspace: 9703K(12544K)->9703K(12544K) NonClass: 8537K(11008K)->8537K(11008K) Class: 1166K(1536K)->1166K(1536K)
[2025-08-01T02:25:23.747+0000] GC(798) Pause Young (Allocation Failure) 2768M->2434M(4029M) 77.188ms
[2025-08-01T02:25:23.747+0000] GC(798) User=0.60s Sys=0.01s Real=0.08s
[2025-08-01T02:25:23.843+0000] GC(799) Pause Young (Allocation Failure)
[2025-08-01T02:25:23.843+0000] GC(799) Using 8 workers of 8 for evacuation
[2025-08-01T02:25:23.989+0000] GC(799) ParNew: 613440K->68096K(613440K)
[2025-08-01T02:25:23.989+0000] GC(799) CMS: 2425297K->2969723K(3512768K)
[2025-08-01T02:25:23.989+0000] GC(799) Metaspace: 9703K(12544K)->9703K(12544K) NonClass: 8537K(11008K)->8537K(11008K) Class: 1166K(1536K)->1166K(1536K)
[2025-08-01T02:25:23.990+0000] GC(799) Pause Young (Allocation Failure) 2967M->2966M(4029M) 146.445ms
[2025-08-01T02:25:23.990+0000] GC(799) User=1.14s Sys=0.00s Real=0.14s
[2025-08-01T02:25:24.092+0000] GC(800) Pause Young (Allocation Failure)
[2025-08-01T02:25:24.092+0000] GC(800) Using 8 workers of 8 for evacuation
[2025-08-01T02:25:24.092+0000] GC(801) Pause Full (Allocation Failure)
[2025-08-01T02:25:24.222+0000] GC(796) Concurrent Preclean 587.064ms
[2025-08-01T02:25:24.222+0000] GC(796) User=2.46s Sys=0.02s Real=0.58s
[2025-08-01T02:25:24.222+0000] GC(801) Phase 1: Mark live objects
[2025-08-01T02:25:24.385+0000] GC(801) Phase 1: Mark live objects 163.469ms
[2025-08-01T02:25:24.386+0000] GC(801) Phase 2: Compute new object addresses
[2025-08-01T02:25:24.824+0000] GC(801) Phase 2: Compute new object addresses 438.301ms
[2025-08-01T02:25:24.824+0000] GC(801) Phase 3: Adjust pointers
[2025-08-01T02:25:24.951+0000] GC(801) Phase 3: Adjust pointers 127.567ms
[2025-08-01T02:25:24.952+0000] GC(801) Phase 4: Move objects
[2025-08-01T02:25:25.382+0000] GC(801) Phase 4: Move objects 430.234ms
[2025-08-01T02:25:25.395+0000] GC(801) Pause Full (Allocation Failure) 3499M->1002M(4029M) 1302.733ms
[2025-08-01T02:25:25.395+0000] GC(800) ParNew: 613440K->0K(613440K)
[2025-08-01T02:25:25.395+0000] GC(800) CMS: 2969723K->1026922K(3512768K)
[2025-08-01T02:25:25.395+0000] GC(800) Metaspace: 9703K(12544K)->9703K(12544K) NonClass: 8537K(11008K)->8537K(11008K) Class: 1166K(1536K)->1166K(1536K)
[2025-08-01T02:25:25.395+0000] GC(800) Pause Young (Allocation Failure) 3499M->1002M(4029M) 1303.123ms
[2025-08-01T02:25:25.395+0000] GC(800) User=1.31s Sys=0.00s Real=1.31s
[2025-08-01T02:25:25.492+0000] GC(802) Pause Young (Allocation Failure)
[2025-08-01T02:25:25.493+0000] GC(802) Using 8 workers of 8 for evacuation
[2025-08-01T02:25:25.633+0000] GC(802) ParNew: 545344K->68096K(613440K)
[2025-08-01T02:25:25.634+0000] GC(802) CMS: 1026922K->1485758K(3512768K)
[2025-08-01T02:25:25.634+0000] GC(802) Metaspace: 9703K(12544K)->9703K(12544K) NonClass: 8537K(11008K)->8537K(11008K) Class: 1166K(1536K)->1166K(1536K)
[2025-08-01T02:25:25.634+0000] GC(802) Pause Young (Allocation Failure) 1535M->1517M(4029M) 141.076ms
[2025-08-01T02:25:25.634+0000] GC(802) User=1.06s Sys=0.01s Real=0.15s
[2025-08-01T02:25:25.728+0000] GC(803) Pause Young (Allocation Failure)
[2025-08-01T02:25:25.728+0000] GC(803) Using 8 workers of 8 for evacuation
[2025-08-01T02:25:25.854+0000] GC(803) ParNew: 613440K->68096K(613440K)
[2025-08-01T02:25:25.854+0000] GC(803) CMS: 1485758K->1910236K(3512768K)
[2025-08-01T02:25:25.854+0000] GC(803) Metaspace: 9703K(12544K)->9703K(12544K) NonClass: 8537K(11008K)->8537K(11008K) Class: 1166K(1536K)->1166K(1536K)
[2025-08-01T02:25:25.854+0000] GC(803) Pause Young (Allocation Failure) 2049M->1931M(4029M) 126.244ms
[2025-08-01T02:25:25.854+0000] GC(803) User=0.98s Sys=0.00s Real=0.13s
[2025-08-01T02:25:25.854+0000] GC(804) Pause Initial Mark
[2025-08-01T02:25:25.857+0000] GC(804) Pause Initial Mark 1939M->1939M(4029M) 2.505ms
[2025-08-01T02:25:25.857+0000] GC(804) User=0.02s Sys=0.00s Real=0.00s
[2025-08-01T02:25:25.857+0000] GC(804) Concurrent Mark
[2025-08-01T02:25:25.857+0000] GC(804) Using 2 workers of 2 for marking
[2025-08-01T02:25:25.954+0000] GC(805) Pause Young (Allocation Failure)
[2025-08-01T02:25:25.954+0000] GC(805) Using 8 workers of 8 for evacuation
[2025-08-01T02:25:26.125+0000] GC(805) ParNew: 613440K->68096K(613440K)
[2025-08-01T02:25:26.125+0000] GC(805) CMS: 1910236K->2453615K(3512768K)
[2025-08-01T02:25:26.125+0000] GC(805) Metaspace: 9703K(12544K)->9703K(12544K) NonClass: 8537K(11008K)->8537K(11008K) Class: 1166K(1536K)->1166K(1536K)
[2025-08-01T02:25:26.125+0000] GC(805) Pause Young (Allocation Failure) 2464M->2462M(4029M) 170.862ms
[2025-08-01T02:25:26.125+0000] GC(805) User=1.32s Sys=0.01s Real=0.17s
[2025-08-01T02:25:26.221+0000] GC(806) Pause Young (Allocation Failure)
[2025-08-01T02:25:26.221+0000] GC(806) Using 8 workers of 8 for evacuation
[2025-08-01T02:25:26.370+0000] GC(806) ParNew: 613440K->68096K(613440K)
[2025-08-01T02:25:26.370+0000] GC(806) CMS: 2453615K->2850313K(3512768K)
[2025-08-01T02:25:26.370+0000] GC(806) Metaspace: 9703K(12544K)->9703K(12544K) NonClass: 8537K(11008K)->8537K(11008K) Class: 1166K(1536K)->1166K(1536K)
[2025-08-01T02:25:26.370+0000] GC(806) Pause Young (Allocation Failure) 2995M->2850M(4029M) 148.832ms
[2025-08-01T02:25:26.370+0000] GC(806) User=1.04s Sys=0.05s Real=0.15s
[2025-08-01T02:25:26.436+0000] GC(804) Concurrent Mark 579.013ms
[2025-08-01T02:25:26.436+0000] GC(804) User=3.25s Sys=0.07s Real=0.58s
[2025-08-01T02:25:26.436+0000] GC(804) Concurrent Preclean
[2025-08-01T02:25:26.461+0000] GC(807) Pause Young (Allocation Failure)
[2025-08-01T02:25:26.461+0000] GC(807) Using 8 workers of 8 for evacuation
[2025-08-01T02:25:26.570+0000] GC(807) ParNew: 613440K->68096K(613440K)
[2025-08-01T02:25:26.571+0000] GC(807) CMS: 2850313K->3154981K(3512768K)
[2025-08-01T02:25:26.571+0000] GC(807) Metaspace: 9703K(12544K)->9703K(12544K) NonClass: 8537K(11008K)->8537K(11008K) Class: 1166K(1536K)->1166K(1536K)
[2025-08-01T02:25:26.571+0000] GC(807) Pause Young (Allocation Failure) 3382M->3147M(4029M) 109.458ms
[2025-08-01T02:25:26.571+0000] GC(807) User=0.84s Sys=0.02s Real=0.11s
[2025-08-01T02:25:26.660+0000] GC(808) Pause Young (Allocation Failure)
[2025-08-01T02:25:26.661+0000] GC(808) Using 8 workers of 8 for evacuation
[2025-08-01T02:25:26.661+0000] GC(809) Pause Full (Allocation Failure)
[2025-08-01T02:25:26.929+0000] GC(804) Concurrent Preclean 492.950ms
[2025-08-01T02:25:26.929+0000] GC(804) User=1.44s Sys=0.02s Real=0.49s
[2025-08-01T02:25:26.930+0000] GC(809) Phase 1: Mark live objects
[2025-08-01T02:25:27.089+0000] GC(809) Phase 1: Mark live objects 159.820ms
[2025-08-01T02:25:27.089+0000] GC(809) Phase 2: Compute new object addresses
[2025-08-01T02:25:27.516+0000] GC(809) Phase 2: Compute new object addresses 426.942ms
[2025-08-01T02:25:27.516+0000] GC(809) Phase 3: Adjust pointers
[2025-08-01T02:25:27.653+0000] GC(809) Phase 3: Adjust pointers 136.720ms
[2025-08-01T02:25:27.653+0000] GC(809) Phase 4: Move objects
[2025-08-01T02:25:28.053+0000] GC(809) Phase 4: Move objects 399.262ms
[2025-08-01T02:25:28.068+0000] GC(809) Pause Full (Allocation Failure) 3680M->1025M(4029M) 1407.016ms
[2025-08-01T02:25:28.068+0000] GC(808) ParNew: 613440K->0K(613440K)
[2025-08-01T02:25:28.068+0000] GC(808) CMS: 3154981K->1050602K(3512768K)
[2025-08-01T02:25:28.068+0000] GC(808) Metaspace: 9703K(12544K)->9703K(12544K) NonClass: 8537K(11008K)->8537K(11008K) Class: 1166K(1536K)->1166K(1536K)
[2025-08-01T02:25:28.068+0000] GC(808) Pause Young (Allocation Failure) 3680M->1025M(4029M) 1407.260ms
[2025-08-01T02:25:28.068+0000] GC(808) User=1.41s Sys=0.00s Real=1.41s
[2025-08-01T02:25:28.221+0000] GC(810) Pause Young (Allocation Failure)
[2025-08-01T02:25:28.221+0000] GC(810) Using 8 workers of 8 for evacuation
[2025-08-01T02:25:28.331+0000] GC(810) ParNew: 545344K->68094K(613440K)
[2025-08-01T02:25:28.331+0000] GC(810) CMS: 1050602K->1297331K(3512768K)
[2025-08-01T02:25:28.331+0000] GC(810) Metaspace: 9703K(12544K)->9703K(12544K) NonClass: 8537K(11008K)->8537K(11008K) Class: 1166K(1536K)->1166K(1536K)
[2025-08-01T02:25:28.331+0000] GC(810) Pause Young (Allocation Failure) 1558M->1333M(4029M) 109.825ms
[2025-08-01T02:25:28.331+0000] GC(810) User=0.80s Sys=0.02s Real=0.11s
[2025-08-01T02:25:28.429+0000] GC(811) Pause Young (Allocation Failure)
[2025-08-01T02:25:28.429+0000] GC(811) Using 8 workers of 8 for evacuation
[2025-08-01T02:25:28.586+0000] GC(811) ParNew: 613438K->68096K(613440K)
[2025-08-01T02:25:28.586+0000] GC(811) CMS: 1297331K->1841163K(3512768K)
[2025-08-01T02:25:28.586+0000] GC(811) Metaspace: 9703K(12544K)->9703K(12544K) NonClass: 8537K(11008K)->8537K(11008K) Class: 1166K(1536K)->1166K(1536K)
[2025-08-01T02:25:28.586+0000] GC(811) Pause Young (Allocation Failure) 1865M->1864M(4029M) 157.346ms
[2025-08-01T02:25:28.586+0000] GC(811) User=1.21s Sys=0.01s Real=0.16s
[2025-08-01T02:25:28.587+0000] GC(812) Pause Initial Mark
[2025-08-01T02:25:28.590+0000] GC(812) Pause Initial Mark 1875M->1875M(4029M) 3.727ms
[2025-08-01T02:25:28.590+0000] GC(812) User=0.01s Sys=0.00s Real=0.00s
[2025-08-01T02:25:28.591+0000] GC(812) Concurrent Mark
[2025-08-01T02:25:28.591+0000] GC(812) Using 2 workers of 2 for marking
[2025-08-01T02:25:28.726+0000] GC(812) Concurrent Mark 135.709ms
[2025-08-01T02:25:28.726+0000] GC(812) User=0.41s Sys=0.00s Real=0.14s
[2025-08-01T02:25:28.726+0000] GC(812) Concurrent Preclean
[2025-08-01T02:25:28.730+0000] GC(813) Pause Young (Allocation Failure)
[2025-08-01T02:25:28.730+0000] GC(813) Using 8 workers of 8 for evacuation
[2025-08-01T02:25:28.866+0000] GC(813) ParNew: 613440K->68096K(613440K)
[2025-08-01T02:25:28.867+0000] GC(813) CMS: 1841163K->2279077K(3512768K)
[2025-08-01T02:25:28.867+0000] GC(813) Metaspace: 9703K(12544K)->9703K(12544K) NonClass: 8537K(11008K)->8537K(11008K) Class: 1166K(1536K)->1166K(1536K)
[2025-08-01T02:25:28.867+0000] GC(813) Pause Young (Allocation Failure) 2397M->2292M(4029M) 136.669ms
[2025-08-01T02:25:28.867+0000] GC(813) User=1.05s Sys=0.02s Real=0.14s
[2025-08-01T02:25:28.873+0000] GC(812) Concurrent Preclean 146.748ms
[2025-08-01T02:25:28.873+0000] GC(812) User=1.09s Sys=0.02s Real=0.15s
[2025-08-01T02:25:28.873+0000] GC(812) Concurrent Abortable Preclean
[2025-08-01T02:25:28.972+0000] GC(814) Pause Young (Allocation Failure)
[2025-08-01T02:25:28.972+0000] GC(814) Using 8 workers of 8 for evacuation
[2025-08-01T02:25:29.154+0000] GC(814) ParNew: 613440K->68094K(613440K)
[2025-08-01T02:25:29.154+0000] GC(814) CMS: 2279077K->2824544K(3512768K)
[2025-08-01T02:25:29.154+0000] GC(814) Metaspace: 9703K(12544K)->9703K(12544K) NonClass: 8537K(11008K)->8537K(11008K) Class: 1166K(1536K)->1166K(1536K)
[2025-08-01T02:25:29.154+0000] GC(814) Pause Young (Allocation Failure) 2824M->2824M(4029M) 182.188ms
[2025-08-01T02:25:29.154+0000] GC(814) User=1.39s Sys=0.03s Real=0.19s
[2025-08-01T02:25:29.290+0000] GC(815) Pause Young (Allocation Failure)
[2025-08-01T02:25:29.290+0000] GC(815) Using 8 workers of 8 for evacuation
[2025-08-01T02:25:29.448+0000] GC(815) ParNew: 613438K->68096K(613440K)
[2025-08-01T02:25:29.448+0000] GC(815) CMS: 2824544K->3309440K(3512768K)
[2025-08-01T02:25:29.448+0000] GC(815) Metaspace: 9703K(12544K)->9703K(12544K) NonClass: 8537K(11008K)->8537K(11008K) Class: 1166K(1536K)->1166K(1536K)
[2025-08-01T02:25:29.448+0000] GC(815) Pause Young (Allocation Failure) 3357M->3298M(4029M) 158.212ms
[2025-08-01T02:25:29.448+0000] GC(815) User=1.18s Sys=0.02s Real=0.16s
[2025-08-01T02:25:29.544+0000] GC(816) Pause Young (Allocation Failure)
[2025-08-01T02:25:29.544+0000] GC(816) Using 8 workers of 8 for evacuation
[2025-08-01T02:25:29.544+0000] GC(817) Pause Full (Allocation Failure)
[2025-08-01T02:25:29.797+0000] GC(812) Concurrent Abortable Preclean 923.785ms
[2025-08-01T02:25:29.797+0000] GC(812) User=3.68s Sys=0.05s Real=0.92s
[2025-08-01T02:25:29.798+0000] GC(817) Phase 1: Mark live objects
[2025-08-01T02:25:29.899+0000] GC(817) Phase 1: Mark live objects 101.385ms
[2025-08-01T02:25:29.899+0000] GC(817) Phase 2: Compute new object addresses
[2025-08-01T02:25:30.414+0000] GC(817) Phase 2: Compute new object addresses 514.879ms
[2025-08-01T02:25:30.414+0000] GC(817) Phase 3: Adjust pointers
[2025-08-01T02:25:30.514+0000] GC(817) Phase 3: Adjust pointers 100.067ms
[2025-08-01T02:25:30.514+0000] GC(817) Phase 4: Move objects
[2025-08-01T02:25:30.779+0000] GC(817) Phase 4: Move objects 264.954ms
[2025-08-01T02:25:30.794+0000] GC(817) Pause Full (Allocation Failure) 3830M->601M(4029M) 1249.704ms
[2025-08-01T02:25:30.794+0000] GC(816) ParNew: 613440K->0K(613440K)
[2025-08-01T02:25:30.794+0000] GC(816) CMS: 3309440K->615503K(3512768K)
[2025-08-01T02:25:30.794+0000] GC(816) Metaspace: 9703K(12544K)->9703K(12544K) NonClass: 8537K(11008K)->8537K(11008K) Class: 1166K(1536K)->1166K(1536K)
[2025-08-01T02:25:30.794+0000] GC(816) Pause Young (Allocation Failure) 3830M->601M(4029M) 1249.956ms
[2025-08-01T02:25:30.794+0000] GC(816) User=1.25s Sys=0.00s Real=1.25s
[2025-08-01T02:25:30.901+0000] GC(818) Pause Young (Allocation Failure)
[2025-08-01T02:25:30.901+0000] GC(818) Using 8 workers of 8 for evacuation
[2025-08-01T02:25:31.078+0000] GC(818) ParNew: 545344K->68096K(613440K)
[2025-08-01T02:25:31.078+0000] GC(818) CMS: 615503K->1092066K(3512768K)
[2025-08-01T02:25:31.078+0000] GC(818) Metaspace: 9703K(12544K)->9703K(12544K) NonClass: 8537K(11008K)->8537K(11008K) Class: 1166K(1536K)->1166K(1536K)
[2025-08-01T02:25:31.078+0000] GC(818) Pause Young (Allocation Failure) 1133M->1132M(4029M) 177.551ms
[2025-08-01T02:25:31.078+0000] GC(818) User=1.34s Sys=0.03s Real=0.18s
[2025-08-01T02:25:31.210+0000] GC(819) Pause Young (Allocation Failure)
[2025-08-01T02:25:31.210+0000] GC(819) Using 8 workers of 8 for evacuation
[2025-08-01T02:25:31.419+0000] GC(819) ParNew: 613440K->68095K(613440K)
[2025-08-01T02:25:31.420+0000] GC(819) CMS: 1092066K->1462204K(3512768K)
[2025-08-01T02:25:31.420+0000] GC(819) Metaspace: 9703K(12544K)->9703K(12544K) NonClass: 8537K(11008K)->8537K(11008K) Class: 1166K(1536K)->1166K(1536K)
[2025-08-01T02:25:31.420+0000] GC(819) Pause Young (Allocation Failure) 1665M->1494M(4029M) 209.690ms
[2025-08-01T02:25:31.420+0000] GC(819) User=1.57s Sys=0.05s Real=0.21s
[2025-08-01T02:25:31.518+0000] GC(820) Pause Young (Allocation Failure)
[2025-08-01T02:25:31.518+0000] GC(820) Using 8 workers of 8 for evacuation
[2025-08-01T02:25:31.668+0000] GC(820) ParNew: 613439K->68096K(613440K)
[2025-08-01T02:25:31.668+0000] GC(820) CMS: 1462204K->1904897K(3512768K)
[2025-08-01T02:25:31.668+0000] GC(820) Metaspace: 9703K(12544K)->9703K(12544K) NonClass: 8537K(11008K)->8537K(11008K) Class: 1166K(1536K)->1166K(1536K)
[2025-08-01T02:25:31.668+0000] GC(820) Pause Young (Allocation Failure) 2026M->1926M(4029M) 150.063ms
[2025-08-01T02:25:31.668+0000] GC(820) User=1.15s Sys=0.01s Real=0.15s
[2025-08-01T02:25:31.669+0000] GC(821) Pause Initial Mark
[2025-08-01T02:25:31.671+0000] GC(821) Pause Initial Mark 1929M->1929M(4029M) 2.054ms
[2025-08-01T02:25:31.671+0000] GC(821) User=0.01s Sys=0.00s Real=0.00s
[2025-08-01T02:25:31.671+0000] GC(821) Concurrent Mark
[2025-08-01T02:25:31.671+0000] GC(821) Using 2 workers of 2 for marking
[2025-08-01T02:25:31.773+0000] GC(822) Pause Young (Allocation Failure)
[2025-08-01T02:25:31.773+0000] GC(822) Using 8 workers of 8 for evacuation
[2025-08-01T02:25:31.907+0000] GC(822) ParNew: 613440K->68096K(613440K)
[2025-08-01T02:25:31.907+0000] GC(822) CMS: 1904897K->2379523K(3512768K)
[2025-08-01T02:25:31.907+0000] GC(822) Metaspace: 9703K(12544K)->9703K(12544K) NonClass: 8537K(11008K)->8537K(11008K) Class: 1166K(1536K)->1166K(1536K)
[2025-08-01T02:25:31.907+0000] GC(822) Pause Young (Allocation Failure) 2459M->2390M(4029M) 133.818ms
[2025-08-01T02:25:31.907+0000] GC(822) User=1.06s Sys=0.00s Real=0.13s
[2025-08-01T02:25:32.009+0000] GC(821) Concurrent Mark 337.816ms
[2025-08-01T02:25:32.009+0000] GC(821) User=1.80s Sys=0.00s Real=0.34s
[2025-08-01T02:25:32.009+0000] GC(821) Concurrent Preclean
[2025-08-01T02:25:32.045+0000] GC(823) Pause Young (Allocation Failure)
[2025-08-01T02:25:32.045+0000] GC(823) Using 8 workers of 8 for evacuation
[2025-08-01T02:25:32.207+0000] GC(823) ParNew: 613440K->68096K(613440K)
[2025-08-01T02:25:32.207+0000] GC(823) CMS: 2379523K->2816185K(3512768K)
[2025-08-01T02:25:32.207+0000] GC(823) Metaspace: 9703K(12544K)->9703K(12544K) NonClass: 8537K(11008K)->8537K(11008K) Class: 1166K(1536K)->1166K(1536K)
[2025-08-01T02:25:32.207+0000] GC(823) Pause Young (Allocation Failure) 2922M->2816M(4029M) 161.901ms
[2025-08-01T02:25:32.207+0000] GC(823) User=1.22s Sys=0.03s Real=0.16s
[2025-08-01T02:25:32.301+0000] GC(824) Pause Young (Allocation Failure)
[2025-08-01T02:25:32.301+0000] GC(824) Using 8 workers of 8 for evacuation
[2025-08-01T02:25:32.440+0000] GC(824) ParNew: 613440K->68096K(613440K)
[2025-08-01T02:25:32.440+0000] GC(824) CMS: 2816185K->3283185K(3512768K)
[2025-08-01T02:25:32.440+0000] GC(824) Metaspace: 9703K(12544K)->9703K(12544K) NonClass: 8537K(11008K)->8537K(11008K) Class: 1166K(1536K)->1166K(1536K)
[2025-08-01T02:25:32.441+0000] GC(824) Pause Young (Allocation Failure) 3349M->3272M(4029M) 139.687ms
[2025-08-01T02:25:32.441+0000] GC(824) User=1.09s Sys=0.00s Real=0.14s
[2025-08-01T02:25:32.583+0000] GC(825) Pause Young (Allocation Failure)
[2025-08-01T02:25:32.583+0000] GC(825) Using 8 workers of 8 for evacuation
[2025-08-01T02:25:32.583+0000] GC(826) Pause Full (Allocation Failure)
[2025-08-01T02:25:32.746+0000] GC(821) Concurrent Preclean 737.227ms
[2025-08-01T02:25:32.746+0000] GC(821) User=3.11s Sys=0.04s Real=0.74s
[2025-08-01T02:25:32.747+0000] GC(826) Phase 1: Mark live objects
[2025-08-01T02:25:32.873+0000] GC(826) Phase 1: Mark live objects 126.300ms
[2025-08-01T02:25:32.873+0000] GC(826) Phase 2: Compute new object addresses
[2025-08-01T02:25:33.319+0000] GC(826) Phase 2: Compute new object addresses 446.083ms
[2025-08-01T02:25:33.319+0000] GC(826) Phase 3: Adjust pointers
[2025-08-01T02:25:33.386+0000] GC(826) Phase 3: Adjust pointers 66.539ms
[2025-08-01T02:25:33.386+0000] GC(826) Phase 4: Move objects
[2025-08-01T02:25:33.699+0000] GC(826) Phase 4: Move objects 312.962ms
[2025-08-01T02:25:33.714+0000] GC(826) Pause Full (Allocation Failure) 3805M->707M(4029M) 1131.229ms
[2025-08-01T02:25:33.714+0000] GC(825) ParNew: 613440K->0K(613440K)
[2025-08-01T02:25:33.714+0000] GC(825) CMS: 3283185K->724743K(3512768K)
[2025-08-01T02:25:33.714+0000] GC(825) Metaspace: 9703K(12544K)->9703K(12544K) NonClass: 8537K(11008K)->8537K(11008K) Class: 1166K(1536K)->1166K(1536K)
[2025-08-01T02:25:33.714+0000] GC(825) Pause Young (Allocation Failure) 3805M->707M(4029M) 1131.571ms
[2025-08-01T02:25:33.714+0000] GC(825) User=1.14s Sys=0.00s Real=1.14s
[2025-08-01T02:25:33.816+0000] GC(827) Pause Young (Allocation Failure)
[2025-08-01T02:25:33.816+0000] GC(827) Using 8 workers of 8 for evacuation
[2025-08-01T02:25:34.036+0000] GC(827) ParNew: 545344K->68096K(613440K)
[2025-08-01T02:25:34.036+0000] GC(827) CMS: 724743K->1201822K(3512768K)
[2025-08-01T02:25:34.037+0000] GC(827) Metaspace: 9703K(12544K)->9703K(12544K) NonClass: 8537K(11008K)->8537K(11008K) Class: 1166K(1536K)->1166K(1536K)
[2025-08-01T02:25:34.037+0000] GC(827) Pause Young (Allocation Failure) 1240M->1240M(4029M) 220.185ms
[2025-08-01T02:25:34.037+0000] GC(827) User=1.69s Sys=0.03s Real=0.22s
[2025-08-01T02:25:34.166+0000] GC(828) Pause Young (Allocation Failure)
[2025-08-01T02:25:34.166+0000] GC(828) Using 8 workers of 8 for evacuation
[2025-08-01T02:25:34.307+0000] GC(828) ParNew: 613440K->68096K(613440K)
[2025-08-01T02:25:34.308+0000] GC(828) CMS: 1201822K->1576551K(3512768K)
[2025-08-01T02:25:34.308+0000] GC(828) Metaspace: 9703K(12544K)->9703K(12544K) NonClass: 8537K(11008K)->8537K(11008K) Class: 1166K(1536K)->1166K(1536K)
[2025-08-01T02:25:34.308+0000] GC(828) Pause Young (Allocation Failure) 1772M->1606M(4029M) 141.526ms
[2025-08-01T02:25:34.308+0000] GC(828) User=1.07s Sys=0.02s Real=0.14s
[2025-08-01T02:25:34.405+0000] GC(829) Pause Young (Allocation Failure)
[2025-08-01T02:25:34.405+0000] GC(829) Using 8 workers of 8 for evacuation
[2025-08-01T02:25:34.614+0000] GC(829) ParNew: 613440K->68096K(613440K)
[2025-08-01T02:25:34.614+0000] GC(829) CMS: 1576551K->1900610K(3512768K)
[2025-08-01T02:25:34.614+0000] GC(829) Metaspace: 9703K(12544K)->9703K(12544K) NonClass: 8537K(11008K)->8537K(11008K) Class: 1166K(1536K)->1166K(1536K)
[2025-08-01T02:25:34.614+0000] GC(829) Pause Young (Allocation Failure) 2138M->1922M(4029M) 208.627ms
[2025-08-01T02:25:34.614+0000] GC(829) User=1.55s Sys=0.04s Real=0.21s
[2025-08-01T02:25:34.614+0000] GC(830) Pause Initial Mark
[2025-08-01T02:25:34.616+0000] GC(830) Pause Initial Mark 1930M->1930M(4029M) 1.925ms
[2025-08-01T02:25:34.616+0000] GC(830) User=0.01s Sys=0.00s Real=0.00s
[2025-08-01T02:25:34.616+0000] GC(830) Concurrent Mark
[2025-08-01T02:25:34.616+0000] GC(830) Using 2 workers of 2 for marking
[2025-08-01T02:25:34.696+0000] GC(830) Concurrent Mark 79.457ms
[2025-08-01T02:25:34.696+0000] GC(830) User=0.25s Sys=0.00s Real=0.08s
[2025-08-01T02:25:34.696+0000] GC(830) Concurrent Preclean
[2025-08-01T02:25:34.706+0000] GC(830) Concurrent Preclean 9.688ms
[2025-08-01T02:25:34.706+0000] GC(830) User=0.04s Sys=0.00s Real=0.01s
[2025-08-01T02:25:34.706+0000] GC(830) Concurrent Abortable Preclean
[2025-08-01T02:25:34.713+0000] GC(831) Pause Young (Allocation Failure)
[2025-08-01T02:25:34.713+0000] GC(831) Using 8 workers of 8 for evacuation
[2025-08-01T02:25:34.861+0000] GC(831) ParNew: 613440K->68096K(613440K)
[2025-08-01T02:25:34.861+0000] GC(831) CMS: 1900610K->2439631K(3512768K)
[2025-08-01T02:25:34.861+0000] GC(831) Metaspace: 9703K(12544K)->9703K(12544K) NonClass: 8537K(11008K)->8537K(11008K) Class: 1166K(1536K)->1166K(1536K)
[2025-08-01T02:25:34.861+0000] GC(831) Pause Young (Allocation Failure) 2455M->2448M(4029M) 147.610ms
[2025-08-01T02:25:34.861+0000] GC(831) User=1.17s Sys=0.00s Real=0.14s
[2025-08-01T02:25:34.952+0000] GC(832) Pause Young (Allocation Failure)
[2025-08-01T02:25:34.952+0000] GC(832) Using 8 workers of 8 for evacuation
[2025-08-01T02:25:35.081+0000] GC(832) ParNew: 613440K->68096K(613440K)
[2025-08-01T02:25:35.081+0000] GC(832) CMS: 2439631K->2889159K(3512768K)
[2025-08-01T02:25:35.081+0000] GC(832) Metaspace: 9703K(12544K)->9703K(12544K) NonClass: 8537K(11008K)->8537K(11008K) Class: 1166K(1536K)->1166K(1536K)
[2025-08-01T02:25:35.081+0000] GC(832) Pause Young (Allocation Failure) 2981M->2887M(4029M) 129.386ms
[2025-08-01T02:25:35.081+0000] GC(832) User=1.00s Sys=0.01s Real=0.13s
[2025-08-01T02:25:35.202+0000] GC(833) Pause Young (Allocation Failure)
[2025-08-01T02:25:35.202+0000] GC(833) Using 8 workers of 8 for evacuation
[2025-08-01T02:25:35.326+0000] GC(833) ParNew: 613440K->68096K(613440K)
[2025-08-01T02:25:35.326+0000] GC(833) CMS: 2889159K->3091529K(3512768K)
[2025-08-01T02:25:35.326+0000] GC(833) Metaspace: 9703K(12544K)->9703K(12544K) NonClass: 8537K(11008K)->8537K(11008K) Class: 1166K(1536K)->1166K(1536K)
[2025-08-01T02:25:35.326+0000] GC(833) Pause Young (Allocation Failure) 3420M->3085M(4029M) 123.659ms
[2025-08-01T02:25:35.326+0000] GC(833) User=0.92s Sys=0.03s Real=0.13s
[2025-08-01T02:25:35.335+0000] GC(830) Concurrent Abortable Preclean 629.030ms
[2025-08-01T02:25:35.335+0000] GC(830) User=3.76s Sys=0.04s Real=0.63s
[2025-08-01T02:25:35.336+0000] GC(830) Pause Remark
[2025-08-01T02:25:35.366+0000] GC(830) Pause Remark 3199M->3199M(4029M) 30.117ms
[2025-08-01T02:25:35.366+0000] GC(830) User=0.22s Sys=0.01s Real=0.03s
[2025-08-01T02:25:35.367+0000] GC(830) Concurrent Sweep
[2025-08-01T02:25:35.447+0000] GC(834) Pause Young (Allocation Failure)
[2025-08-01T02:25:35.448+0000] GC(834) Using 8 workers of 8 for evacuation
[2025-08-01T02:25:35.625+0000] GC(834) ParNew: 613440K->68096K(613440K)
[2025-08-01T02:25:35.625+0000] GC(834) CMS: 2727623K->3270820K(3512768K)
[2025-08-01T02:25:35.625+0000] GC(834) Metaspace: 9703K(12544K)->9703K(12544K) NonClass: 8537K(11008K)->8537K(11008K) Class: 1166K(1536K)->1166K(1536K)
[2025-08-01T02:25:35.625+0000] GC(834) Pause Young (Allocation Failure) 3262M->3260M(4029M) 177.374ms
[2025-08-01T02:25:35.625+0000] GC(834) User=1.12s Sys=0.02s Real=0.18s
[2025-08-01T02:25:35.720+0000] GC(835) Pause Young (Allocation Failure)
[2025-08-01T02:25:35.720+0000] GC(835) Using 8 workers of 8 for evacuation
[2025-08-01T02:25:35.720+0000] GC(836) Pause Full (Allocation Failure)
[2025-08-01T02:25:35.998+0000] GC(830) Concurrent Sweep 631.535ms
[2025-08-01T02:25:35.998+0000] GC(830) User=1.85s Sys=0.03s Real=0.63s
[2025-08-01T02:25:35.999+0000] GC(836) Phase 1: Mark live objects
[2025-08-01T02:25:36.244+0000] GC(836) Phase 1: Mark live objects 245.646ms
[2025-08-01T02:25:36.245+0000] GC(836) Phase 2: Compute new object addresses
[2025-08-01T02:25:36.763+0000] GC(836) Phase 2: Compute new object addresses 518.010ms
[2025-08-01T02:25:36.763+0000] GC(836) Phase 3: Adjust pointers
[2025-08-01T02:25:36.951+0000] GC(836) Phase 3: Adjust pointers 188.756ms
[2025-08-01T02:25:36.951+0000] GC(836) Phase 4: Move objects
[2025-08-01T02:25:37.349+0000] GC(836) Phase 4: Move objects 397.857ms
[2025-08-01T02:25:37.364+0000] GC(836) Pause Full (Allocation Failure) 3482M->1336M(4029M) 1643.974ms
[2025-08-01T02:25:37.364+0000] GC(835) ParNew: 613440K->0K(613440K)
[2025-08-01T02:25:37.364+0000] GC(835) CMS: 2953066K->1368401K(3512768K)
[2025-08-01T02:25:37.364+0000] GC(835) Metaspace: 9703K(12544K)->9703K(12544K) NonClass: 8537K(11008K)->8537K(11008K) Class: 1166K(1536K)->1166K(1536K)
[2025-08-01T02:25:37.365+0000] GC(835) Pause Young (Allocation Failure) 3482M->1336M(4029M) 1645.249ms
[2025-08-01T02:25:37.365+0000] GC(835) User=1.65s Sys=0.01s Real=1.65s
[2025-08-01T02:25:37.366+0000] GC(830) Old: 1900610K->1368401K(3512768K)
[2025-08-01T02:25:37.462+0000] GC(837) Pause Young (Allocation Failure)
[2025-08-01T02:25:37.462+0000] GC(837) Using 8 workers of 8 for evacuation
[2025-08-01T02:25:37.720+0000] GC(837) ParNew: 545344K->68096K(613440K)
[2025-08-01T02:25:37.720+0000] GC(837) CMS: 1368401K->1714286K(3512768K)
[2025-08-01T02:25:37.721+0000] GC(837) Metaspace: 9703K(12544K)->9703K(12544K) NonClass: 8537K(11008K)->8537K(11008K) Class: 1166K(1536K)->1166K(1536K)
[2025-08-01T02:25:37.721+0000] GC(837) Pause Young (Allocation Failure) 1868M->1740M(4029M) 258.786ms
[2025-08-01T02:25:37.721+0000] GC(837) User=1.93s Sys=0.07s Real=0.26s
[2025-08-01T02:25:37.817+0000] GC(838) Pause Young (Allocation Failure)
[2025-08-01T02:25:37.817+0000] GC(838) Using 8 workers of 8 for evacuation
[2025-08-01T02:25:37.932+0000] GC(838) ParNew: 613440K->68094K(613440K)
[2025-08-01T02:25:37.932+0000] GC(838) CMS: 1714286K->2125655K(3512768K)
[2025-08-01T02:25:37.932+0000] GC(838) Metaspace: 9703K(12544K)->9703K(12544K) NonClass: 8537K(11008K)->8537K(11008K) Class: 1166K(1536K)->1166K(1536K)
[2025-08-01T02:25:37.932+0000] GC(838) Pause Young (Allocation Failure) 2273M->2142M(4029M) 115.412ms
[2025-08-01T02:25:37.932+0000] GC(838) User=0.89s Sys=0.00s Real=0.11s
[2025-08-01T02:25:37.933+0000] GC(839) Pause Initial Mark
[2025-08-01T02:25:37.935+0000] GC(839) Pause Initial Mark 2147M->2147M(4029M) 2.613ms
[2025-08-01T02:25:37.935+0000] GC(839) User=0.01s Sys=0.00s Real=0.01s
[2025-08-01T02:25:37.936+0000] GC(839) Concurrent Mark
[2025-08-01T02:25:37.936+0000] GC(839) Using 2 workers of 2 for marking
[2025-08-01T02:25:38.031+0000] GC(840) Pause Young (Allocation Failure)
[2025-08-01T02:25:38.031+0000] GC(840) Using 8 workers of 8 for evacuation
[2025-08-01T02:25:38.195+0000] GC(840) ParNew: 613438K->68096K(613440K)
[2025-08-01T02:25:38.195+0000] GC(840) CMS: 2125655K->2666476K(3512768K)
[2025-08-01T02:25:38.195+0000] GC(840) Metaspace: 9703K(12544K)->9703K(12544K) NonClass: 8537K(11008K)->8537K(11008K) Class: 1166K(1536K)->1166K(1536K)
[2025-08-01T02:25:38.195+0000] GC(840) Pause Young (Allocation Failure) 2674M->2670M(4029M) 163.908ms
[2025-08-01T02:25:38.195+0000] GC(840) User=1.27s Sys=0.00s Real=0.17s
[2025-08-01T02:25:38.272+0000] GC(839) Concurrent Mark 336.636ms
[2025-08-01T02:25:38.272+0000] GC(839) User=1.87s Sys=0.00s Real=0.33s
[2025-08-01T02:25:38.272+0000] GC(839) Concurrent Preclean
[2025-08-01T02:25:38.286+0000] GC(841) Pause Young (Allocation Failure)
[2025-08-01T02:25:38.286+0000] GC(841) Using 8 workers of 8 for evacuation
[2025-08-01T02:25:38.418+0000] GC(841) ParNew: 613440K->68096K(613440K)
[2025-08-01T02:25:38.418+0000] GC(841) CMS: 2666476K->3115285K(3512768K)
[2025-08-01T02:25:38.418+0000] GC(841) Metaspace: 9703K(12544K)->9703K(12544K) NonClass: 8537K(11008K)->8537K(11008K) Class: 1166K(1536K)->1166K(1536K)
[2025-08-01T02:25:38.418+0000] GC(841) Pause Young (Allocation Failure) 3203M->3108M(4029M) 132.030ms
[2025-08-01T02:25:38.418+0000] GC(841) User=1.02s Sys=0.01s Real=0.13s
[2025-08-01T02:25:38.514+0000] GC(842) Pause Young (Allocation Failure)
[2025-08-01T02:25:38.514+0000] GC(842) Using 8 workers of 8 for evacuation
[2025-08-01T02:25:38.514+0000] GC(843) Pause Full (Allocation Failure)
[2025-08-01T02:25:38.720+0000] GC(839) Concurrent Preclean 447.100ms
[2025-08-01T02:25:38.720+0000] GC(839) User=1.54s Sys=0.01s Real=0.45s
[2025-08-01T02:25:38.720+0000] GC(843) Phase 1: Mark live objects
[2025-08-01T02:25:38.798+0000] GC(843) Phase 1: Mark live objects 77.567ms
[2025-08-01T02:25:38.798+0000] GC(843) Phase 2: Compute new object addresses
[2025-08-01T02:25:39.288+0000] GC(843) Phase 2: Compute new object addresses 489.775ms
[2025-08-01T02:25:39.288+0000] GC(843) Phase 3: Adjust pointers
[2025-08-01T02:25:39.343+0000] GC(843) Phase 3: Adjust pointers 55.265ms
[2025-08-01T02:25:39.343+0000] GC(843) Phase 4: Move objects
[2025-08-01T02:25:39.474+0000] GC(843) Phase 4: Move objects 131.051ms
[2025-08-01T02:25:39.489+0000] GC(843) Pause Full (Allocation Failure) 3641M->368M(4029M) 974.470ms
[2025-08-01T02:25:39.489+0000] GC(842) ParNew: 613440K->0K(613440K)
[2025-08-01T02:25:39.489+0000] GC(842) CMS: 3115285K->377740K(3512768K)
[2025-08-01T02:25:39.489+0000] GC(842) Metaspace: 9703K(12544K)->9703K(12544K) NonClass: 8537K(11008K)->8537K(11008K) Class: 1166K(1536K)->1166K(1536K)
[2025-08-01T02:25:39.489+0000] GC(842) Pause Young (Allocation Failure) 3641M->368M(4029M) 975.144ms
[2025-08-01T02:25:39.489+0000] GC(842) User=0.97s Sys=0.00s Real=0.97s
[2025-08-01T02:25:39.586+0000] GC(844) Pause Young (Allocation Failure)
[2025-08-01T02:25:39.586+0000] GC(844) Using 8 workers of 8 for evacuation
[2025-08-01T02:25:39.747+0000] GC(844) ParNew: 545344K->68096K(613440K)
[2025-08-01T02:25:39.747+0000] GC(844) CMS: 377740K->856718K(3512768K)
[2025-08-01T02:25:39.747+0000] GC(844) Metaspace: 9703K(12544K)->9703K(12544K) NonClass: 8537K(11008K)->8537K(11008K) Class: 1166K(1536K)->1166K(1536K)
[2025-08-01T02:25:39.747+0000] GC(844) Pause Young (Allocation Failure) 901M->903M(4029M) 161.174ms
[2025-08-01T02:25:39.747+0000] GC(844) User=1.22s Sys=0.02s Real=0.16s
[2025-08-01T02:25:39.839+0000] GC(845) Pause Young (Allocation Failure)
[2025-08-01T02:25:39.839+0000] GC(845) Using 8 workers of 8 for evacuation
[2025-08-01T02:25:39.956+0000] GC(845) ParNew: 613440K->68096K(613440K)
[2025-08-01T02:25:39.956+0000] GC(845) CMS: 856718K->1271112K(3512768K)
[2025-08-01T02:25:39.956+0000] GC(845) Metaspace: 9703K(12544K)->9703K(12544K) NonClass: 8537K(11008K)->8537K(11008K) Class: 1166K(1536K)->1166K(1536K)
[2025-08-01T02:25:39.956+0000] GC(845) Pause Young (Allocation Failure) 1435M->1307M(4029M) 117.199ms
[2025-08-01T02:25:39.956+0000] GC(845) User=0.91s Sys=0.01s Real=0.12s
[2025-08-01T02:25:39.966+0000] GC(846) Pause Initial Mark
[2025-08-01T02:25:39.971+0000] GC(846) Pause Initial Mark 1381M->1381M(4029M) 4.673ms
[2025-08-01T02:25:39.971+0000] GC(846) User=0.04s Sys=0.00s Real=0.00s
[2025-08-01T02:25:39.971+0000] GC(846) Concurrent Mark
[2025-08-01T02:25:39.971+0000] GC(846) Using 2 workers of 2 for marking
[2025-08-01T02:25:40.054+0000] GC(847) Pause Young (Allocation Failure)
[2025-08-01T02:25:40.054+0000] GC(847) Using 8 workers of 8 for evacuation
[2025-08-01T02:25:40.177+0000] GC(847) ParNew: 613440K->68096K(613440K)
[2025-08-01T02:25:40.177+0000] GC(847) CMS: 1271112K->1571528K(3512768K)
[2025-08-01T02:25:40.177+0000] GC(847) Metaspace: 9703K(12544K)->9703K(12544K) NonClass: 8537K(11008K)->8537K(11008K) Class: 1166K(1536K)->1166K(1536K)
[2025-08-01T02:25:40.177+0000] GC(847) Pause Young (Allocation Failure) 1840M->1601M(4029M) 123.291ms
[2025-08-01T02:25:40.177+0000] GC(847) User=0.93s Sys=0.02s Real=0.12s
[2025-08-01T02:25:40.268+0000] GC(848) Pause Young (Allocation Failure)
[2025-08-01T02:25:40.268+0000] GC(848) Using 8 workers of 8 for evacuation
[2025-08-01T02:25:40.412+0000] GC(848) ParNew: 613440K->68096K(613440K)
[2025-08-01T02:25:40.412+0000] GC(848) CMS: 1571528K->2012009K(3512768K)
[2025-08-01T02:25:40.412+0000] GC(848) Metaspace: 9703K(12544K)->9703K(12544K) NonClass: 8537K(11008K)->8537K(11008K) Class: 1166K(1536K)->1166K(1536K)
[2025-08-01T02:25:40.412+0000] GC(848) Pause Young (Allocation Failure) 2133M->2031M(4029M) 144.100ms
[2025-08-01T02:25:40.412+0000] GC(848) User=1.10s Sys=0.01s Real=0.14s
[2025-08-01T02:25:40.508+0000] GC(849) Pause Young (Allocation Failure)
[2025-08-01T02:25:40.508+0000] GC(849) Using 8 workers of 8 for evacuation
[2025-08-01T02:25:40.681+0000] GC(849) ParNew: 613440K->68096K(613440K)
[2025-08-01T02:25:40.681+0000] GC(849) CMS: 2012009K->2555250K(3512768K)
[2025-08-01T02:25:40.681+0000] GC(849) Metaspace: 9703K(12544K)->9703K(12544K) NonClass: 8537K(11008K)->8537K(11008K) Class: 1166K(1536K)->1166K(1536K)
[2025-08-01T02:25:40.681+0000] GC(849) Pause Young (Allocation Failure) 2563M->2561M(4029M) 173.560ms
[2025-08-01T02:25:40.681+0000] GC(849) User=1.34s Sys=0.02s Real=0.17s
[2025-08-01T02:25:40.769+0000] GC(846) Concurrent Mark 797.972ms
[2025-08-01T02:25:40.769+0000] GC(846) User=4.63s Sys=0.05s Real=0.80s
[2025-08-01T02:25:40.769+0000] GC(846) Concurrent Preclean
[2025-08-01T02:25:40.777+0000] GC(850) Pause Young (Allocation Failure)
[2025-08-01T02:25:40.777+0000] GC(850) Using 8 workers of 8 for evacuation
[2025-08-01T02:25:40.837+0000] GC(850) ParNew: 613440K->68096K(613440K)
[2025-08-01T02:25:40.837+0000] GC(850) CMS: 2555250K->2708420K(3512768K)
[2025-08-01T02:25:40.837+0000] GC(850) Metaspace: 9703K(12544K)->9703K(12544K) NonClass: 8537K(11008K)->8537K(11008K) Class: 1166K(1536K)->1166K(1536K)
[2025-08-01T02:25:40.837+0000] GC(850) Pause Young (Allocation Failure) 3094M->2711M(4029M) 59.752ms
[2025-08-01T02:25:40.837+0000] GC(850) User=0.43s Sys=0.01s Real=0.06s
[2025-08-01T02:25:40.941+0000] GC(851) Pause Young (Allocation Failure)
[2025-08-01T02:25:40.941+0000] GC(851) Using 8 workers of 8 for evacuation
[2025-08-01T02:25:41.128+0000] GC(851) ParNew: 613440K->68096K(613440K)
[2025-08-01T02:25:41.128+0000] GC(851) CMS: 2708420K->3253781K(3512768K)
[2025-08-01T02:25:41.128+0000] GC(851) Metaspace: 9703K(12544K)->9703K(12544K) NonClass: 8537K(11008K)->8537K(11008K) Class: 1166K(1536K)->1166K(1536K)
[2025-08-01T02:25:41.128+0000] GC(851) Pause Young (Allocation Failure) 3244M->3244M(4029M) 187.119ms
[2025-08-01T02:25:41.128+0000] GC(851) User=1.42s Sys=0.03s Real=0.19s
[2025-08-01T02:25:41.232+0000] GC(852) Pause Young (Allocation Failure)
[2025-08-01T02:25:41.232+0000] GC(852) Using 8 workers of 8 for evacuation
[2025-08-01T02:25:41.232+0000] GC(853) Pause Full (Allocation Failure)
[2025-08-01T02:25:41.635+0000] GC(846) Concurrent Preclean 866.276ms
[2025-08-01T02:25:41.635+0000] GC(846) User=2.91s Sys=0.04s Real=0.87s
[2025-08-01T02:25:41.636+0000] GC(853) Phase 1: Mark live objects
[2025-08-01T02:25:41.788+0000] GC(853) Phase 1: Mark live objects 152.140ms
[2025-08-01T02:25:41.788+0000] GC(853) Phase 2: Compute new object addresses
[2025-08-01T02:25:42.190+0000] GC(853) Phase 2: Compute new object addresses 401.435ms
[2025-08-01T02:25:42.190+0000] GC(853) Phase 3: Adjust pointers
[2025-08-01T02:25:42.330+0000] GC(853) Phase 3: Adjust pointers 139.906ms
[2025-08-01T02:25:42.330+0000] GC(853) Phase 4: Move objects
[2025-08-01T02:25:42.722+0000] GC(853) Phase 4: Move objects 392.077ms
[2025-08-01T02:25:42.735+0000] GC(853) Pause Full (Allocation Failure) 3776M->1000M(4029M) 1502.741ms
[2025-08-01T02:25:42.735+0000] GC(852) ParNew: 613440K->0K(613440K)
[2025-08-01T02:25:42.735+0000] GC(852) CMS: 3253781K->1024035K(3512768K)
[2025-08-01T02:25:42.735+0000] GC(852) Metaspace: 9703K(12544K)->9703K(12544K) NonClass: 8537K(11008K)->8537K(11008K) Class: 1166K(1536K)->1166K(1536K)
[2025-08-01T02:25:42.735+0000] GC(852) Pause Young (Allocation Failure) 3776M->1000M(4029M) 1503.098ms
[2025-08-01T02:25:42.735+0000] GC(852) User=1.50s Sys=0.00s Real=1.51s
[2025-08-01T02:25:42.839+0000] GC(854) Pause Young (Allocation Failure)
[2025-08-01T02:25:42.839+0000] GC(854) Using 8 workers of 8 for evacuation
[2025-08-01T02:25:42.959+0000] GC(854) ParNew: 545344K->68096K(613440K)
[2025-08-01T02:25:42.959+0000] GC(854) CMS: 1024035K->1409403K(3512768K)
[2025-08-01T02:25:42.959+0000] GC(854) Metaspace: 9703K(12544K)->9703K(12544K) NonClass: 8537K(11008K)->8537K(11008K) Class: 1166K(1536K)->1166K(1536K)
[2025-08-01T02:25:42.959+0000] GC(854) Pause Young (Allocation Failure) 1532M->1442M(4029M) 119.795ms
[2025-08-01T02:25:42.959+0000] GC(854) User=0.88s Sys=0.01s Real=0.12s
[2025-08-01T02:25:43.052+0000] GC(855) Pause Young (Allocation Failure)
[2025-08-01T02:25:43.052+0000] GC(855) Using 8 workers of 8 for evacuation
[2025-08-01T02:25:43.201+0000] GC(855) ParNew: 613440K->68096K(613440K)
[2025-08-01T02:25:43.201+0000] GC(855) CMS: 1409403K->1811914K(3512768K)
[2025-08-01T02:25:43.201+0000] GC(855) Metaspace: 9703K(12544K)->9703K(12544K) NonClass: 8537K(11008K)->8537K(11008K) Class: 1166K(1536K)->1166K(1536K)
[2025-08-01T02:25:43.201+0000] GC(855) Pause Young (Allocation Failure) 1975M->1835M(4029M) 148.727ms
[2025-08-01T02:25:43.201+0000] GC(855) User=1.13s Sys=0.02s Real=0.15s
[2025-08-01T02:25:43.202+0000] GC(856) Pause Initial Mark
[2025-08-01T02:25:43.205+0000] GC(856) Pause Initial Mark 1841M->1841M(4029M) 3.209ms
[2025-08-01T02:25:43.205+0000] GC(856) User=0.01s Sys=0.00s Real=0.01s
[2025-08-01T02:25:43.205+0000] GC(856) Concurrent Mark
[2025-08-01T02:25:43.205+0000] GC(856) Using 2 workers of 2 for marking
[2025-08-01T02:25:43.327+0000] GC(856) Concurrent Mark 121.890ms
[2025-08-01T02:25:43.327+0000] GC(856) User=0.41s Sys=0.00s Real=0.12s
[2025-08-01T02:25:43.327+0000] GC(856) Concurrent Preclean
[2025-08-01T02:25:43.333+0000] GC(856) Concurrent Preclean 5.886ms
[2025-08-01T02:25:43.333+0000] GC(856) User=0.00s Sys=0.00s Real=0.00s
[2025-08-01T02:25:43.333+0000] GC(856) Concurrent Abortable Preclean
[2025-08-01T02:25:43.343+0000] GC(857) Pause Young (Allocation Failure)
[2025-08-01T02:25:43.343+0000] GC(857) Using 8 workers of 8 for evacuation
[2025-08-01T02:25:43.529+0000] GC(857) ParNew: 613440K->68096K(613440K)
[2025-08-01T02:25:43.529+0000] GC(857) CMS: 1811914K->2222051K(3512768K)
[2025-08-01T02:25:43.529+0000] GC(857) Metaspace: 9703K(12544K)->9703K(12544K) NonClass: 8537K(11008K)->8537K(11008K) Class: 1166K(1536K)->1166K(1536K)
[2025-08-01T02:25:43.529+0000] GC(857) Pause Young (Allocation Failure) 2368M->2236M(4029M) 186.552ms
[2025-08-01T02:25:43.529+0000] GC(857) User=1.42s Sys=0.03s Real=0.19s
[2025-08-01T02:25:43.625+0000] GC(858) Pause Young (Allocation Failure)
[2025-08-01T02:25:43.625+0000] GC(858) Using 8 workers of 8 for evacuation
[2025-08-01T02:25:43.794+0000] GC(858) ParNew: 613440K->68094K(613440K)
[2025-08-01T02:25:43.794+0000] GC(858) CMS: 2222051K->2767084K(3512768K)
[2025-08-01T02:25:43.794+0000] GC(858) Metaspace: 9703K(12544K)->9703K(12544K) NonClass: 8537K(11008K)->8537K(11008K) Class: 1166K(1536K)->1166K(1536K)
[2025-08-01T02:25:43.794+0000] GC(858) Pause Young (Allocation Failure) 2769M->2768M(4029M) 169.453ms
[2025-08-01T02:25:43.794+0000] GC(858) User=1.31s Sys=0.01s Real=0.17s
[2025-08-01T02:25:43.910+0000] GC(859) Pause Young (Allocation Failure)
[2025-08-01T02:25:43.910+0000] GC(859) Using 8 workers of 8 for evacuation
[2025-08-01T02:25:43.993+0000] GC(859) ParNew: 613438K->68096K(613440K)
[2025-08-01T02:25:43.993+0000] GC(859) CMS: 2767084K->3010876K(3512768K)
[2025-08-01T02:25:43.993+0000] GC(859) Metaspace: 9703K(12544K)->9703K(12544K) NonClass: 8537K(11008K)->8537K(11008K) Class: 1166K(1536K)->1166K(1536K)
[2025-08-01T02:25:43.993+0000] GC(859) Pause Young (Allocation Failure) 3301M->3006M(4029M) 82.416ms
[2025-08-01T02:25:43.993+0000] GC(859) User=0.62s Sys=0.00s Real=0.08s
[2025-08-01T02:25:44.104+0000] GC(860) Pause Young (Allocation Failure)
[2025-08-01T02:25:44.104+0000] GC(860) Using 8 workers of 8 for evacuation
[2025-08-01T02:25:44.104+0000] GC(861) Pause Full (Allocation Failure)
[2025-08-01T02:25:44.179+0000] GC(856) Concurrent Abortable Preclean 845.499ms
[2025-08-01T02:25:44.179+0000] GC(856) User=4.34s Sys=0.05s Real=0.85s
[2025-08-01T02:25:44.179+0000] GC(861) Phase 1: Mark live objects
[2025-08-01T02:25:44.353+0000] GC(861) Phase 1: Mark live objects 173.707ms
[2025-08-01T02:25:44.353+0000] GC(861) Phase 2: Compute new object addresses
[2025-08-01T02:25:44.821+0000] GC(861) Phase 2: Compute new object addresses 468.582ms
[2025-08-01T02:25:44.822+0000] GC(861) Phase 3: Adjust pointers
[2025-08-01T02:25:44.956+0000] GC(861) Phase 3: Adjust pointers 134.757ms
[2025-08-01T02:25:44.956+0000] GC(861) Phase 4: Move objects
[2025-08-01T02:25:45.339+0000] GC(861) Phase 4: Move objects 382.443ms
[2025-08-01T02:25:45.352+0000] GC(861) Pause Full (Allocation Failure) 3539M->1021M(4029M) 1248.011ms
[2025-08-01T02:25:45.352+0000] GC(860) ParNew: 613440K->0K(613440K)
[2025-08-01T02:25:45.352+0000] GC(860) CMS: 3010876K->1046149K(3512768K)
[2025-08-01T02:25:45.352+0000] GC(860) Metaspace: 9703K(12544K)->9703K(12544K) NonClass: 8537K(11008K)->8537K(11008K) Class: 1166K(1536K)->1166K(1536K)
[2025-08-01T02:25:45.352+0000] GC(860) Pause Young (Allocation Failure) 3539M->1021M(4029M) 1248.248ms
[2025-08-01T02:25:45.352+0000] GC(860) User=1.25s Sys=0.00s Real=1.24s
[2025-08-01T02:25:45.457+0000] GC(862) Pause Young (Allocation Failure)
[2025-08-01T02:25:45.457+0000] GC(862) Using 8 workers of 8 for evacuation
[2025-08-01T02:25:45.724+0000] GC(862) ParNew: 545344K->68096K(613440K)
[2025-08-01T02:25:45.724+0000] GC(862) CMS: 1046149K->1477479K(3512768K)
[2025-08-01T02:25:45.724+0000] GC(862) Metaspace: 9703K(12544K)->9703K(12544K) NonClass: 8537K(11008K)->8537K(11008K) Class: 1166K(1536K)->1166K(1536K)
[2025-08-01T02:25:45.724+0000] GC(862) Pause Young (Allocation Failure) 1554M->1509M(4029M) 266.780ms
[2025-08-01T02:25:45.724+0000] GC(862) User=2.01s Sys=0.06s Real=0.27s
[2025-08-01T02:25:45.817+0000] GC(863) Pause Young (Allocation Failure)
[2025-08-01T02:25:45.817+0000] GC(863) Using 8 workers of 8 for evacuation
[2025-08-01T02:25:45.957+0000] GC(863) ParNew: 613440K->68096K(613440K)
[2025-08-01T02:25:45.957+0000] GC(863) CMS: 1477479K->1803735K(3512768K)
[2025-08-01T02:25:45.957+0000] GC(863) Metaspace: 9703K(12544K)->9703K(12544K) NonClass: 8537K(11008K)->8537K(11008K) Class: 1166K(1536K)->1166K(1536K)
[2025-08-01T02:25:45.957+0000] GC(863) Pause Young (Allocation Failure) 2041M->1827M(4029M) 140.183ms
[2025-08-01T02:25:45.958+0000] GC(863) User=1.04s Sys=0.01s Real=0.14s
[2025-08-01T02:25:46.053+0000] GC(864) Pause Young (Allocation Failure)
[2025-08-01T02:25:46.053+0000] GC(864) Using 8 workers of 8 for evacuation
[2025-08-01T02:25:46.230+0000] GC(864) ParNew: 613440K->68096K(613440K)
[2025-08-01T02:25:46.230+0000] GC(864) CMS: 1803735K->2237042K(3512768K)
[2025-08-01T02:25:46.230+0000] GC(864) Metaspace: 9703K(12544K)->9703K(12544K) NonClass: 8537K(11008K)->8537K(11008K) Class: 1166K(1536K)->1166K(1536K)
[2025-08-01T02:25:46.230+0000] GC(864) Pause Young (Allocation Failure) 2360M->2251M(4029M) 176.989ms
[2025-08-01T02:25:46.230+0000] GC(864) User=1.37s Sys=0.01s Real=0.17s
[2025-08-01T02:25:46.231+0000] GC(865) Pause Initial Mark
[2025-08-01T02:25:46.233+0000] GC(865) Pause Initial Mark 2256M->2256M(4029M) 2.325ms
[2025-08-01T02:25:46.233+0000] GC(865) User=0.01s Sys=0.00s Real=0.01s
[2025-08-01T02:25:46.233+0000] GC(865) Concurrent Mark
[2025-08-01T02:25:46.233+0000] GC(865) Using 2 workers of 2 for marking
[2025-08-01T02:25:46.329+0000] GC(866) Pause Young (Allocation Failure)
[2025-08-01T02:25:46.329+0000] GC(866) Using 8 workers of 8 for evacuation
[2025-08-01T02:25:46.468+0000] GC(866) ParNew: 613440K->68096K(613440K)
[2025-08-01T02:25:46.468+0000] GC(866) CMS: 2237042K->2653026K(3512768K)
[2025-08-01T02:25:46.468+0000] GC(866) Metaspace: 9703K(12544K)->9703K(12544K) NonClass: 8537K(11008K)->8537K(11008K) Class: 1166K(1536K)->1166K(1536K)
[2025-08-01T02:25:46.469+0000] GC(866) Pause Young (Allocation Failure) 2783M->2657M(4029M) 139.593ms
[2025-08-01T02:25:46.469+0000] GC(866) User=1.08s Sys=0.01s Real=0.14s
[2025-08-01T02:25:46.566+0000] GC(867) Pause Young (Allocation Failure)
[2025-08-01T02:25:46.566+0000] GC(867) Using 8 workers of 8 for evacuation
[2025-08-01T02:25:46.689+0000] GC(867) ParNew: 613440K->68096K(613440K)
[2025-08-01T02:25:46.689+0000] GC(867) CMS: 2653026K->3083945K(3512768K)
[2025-08-01T02:25:46.689+0000] GC(867) Metaspace: 9703K(12544K)->9703K(12544K) NonClass: 8537K(11008K)->8537K(11008K) Class: 1166K(1536K)->1166K(1536K)
[2025-08-01T02:25:46.689+0000] GC(867) Pause Young (Allocation Failure) 3189M->3078M(4029M) 123.273ms
[2025-08-01T02:25:46.689+0000] GC(867) User=0.96s Sys=0.01s Real=0.12s
[2025-08-01T02:25:46.756+0000] GC(865) Concurrent Mark 522.517ms
[2025-08-01T02:25:46.756+0000] GC(865) User=2.94s Sys=0.02s Real=0.52s
[2025-08-01T02:25:46.756+0000] GC(865) Concurrent Preclean
[2025-08-01T02:25:46.779+0000] GC(868) Pause Young (Allocation Failure)
[2025-08-01T02:25:46.779+0000] GC(868) Using 8 workers of 8 for evacuation
[2025-08-01T02:25:46.779+0000] GC(869) Pause Full (Allocation Failure)
[2025-08-01T02:25:47.006+0000] GC(865) Concurrent Preclean 250.583ms
[2025-08-01T02:25:47.006+0000] GC(865) User=0.30s Sys=0.00s Real=0.25s
[2025-08-01T02:25:47.007+0000] GC(869) Phase 1: Mark live objects
[2025-08-01T02:25:47.125+0000] GC(869) Phase 1: Mark live objects 117.604ms
[2025-08-01T02:25:47.125+0000] GC(869) Phase 2: Compute new object addresses
[2025-08-01T02:25:47.621+0000] GC(869) Phase 2: Compute new object addresses 495.911ms
[2025-08-01T02:25:47.621+0000] GC(869) Phase 3: Adjust pointers
[2025-08-01T02:25:47.707+0000] GC(869) Phase 3: Adjust pointers 86.514ms
[2025-08-01T02:25:47.707+0000] GC(869) Phase 4: Move objects
[2025-08-01T02:25:47.923+0000] GC(869) Phase 4: Move objects 215.339ms
[2025-08-01T02:25:47.937+0000] GC(869) Pause Full (Allocation Failure) 3610M->592M(4029M) 1157.943ms
[2025-08-01T02:25:47.937+0000] GC(868) ParNew: 613440K->0K(613440K)
[2025-08-01T02:25:47.937+0000] GC(868) CMS: 3083945K->606474K(3512768K)
[2025-08-01T02:25:47.937+0000] GC(868) Metaspace: 9703K(12544K)->9703K(12544K) NonClass: 8537K(11008K)->8537K(11008K) Class: 1166K(1536K)->1166K(1536K)
[2025-08-01T02:25:47.937+0000] GC(868) Pause Young (Allocation Failure) 3610M->592M(4029M) 1158.344ms
[2025-08-01T02:25:47.937+0000] GC(868) User=1.17s Sys=0.00s Real=1.16s
[2025-08-01T02:25:48.041+0000] GC(870) Pause Young (Allocation Failure)
[2025-08-01T02:25:48.041+0000] GC(870) Using 8 workers of 8 for evacuation
[2025-08-01T02:25:48.349+0000] GC(870) ParNew: 545344K->68096K(613440K)
[2025-08-01T02:25:48.349+0000] GC(870) CMS: 606474K->953860K(3512768K)
[2025-08-01T02:25:48.349+0000] GC(870) Metaspace: 9703K(12544K)->9703K(12544K) NonClass: 8537K(11008K)->8537K(11008K) Class: 1166K(1536K)->1166K(1536K)
[2025-08-01T02:25:48.349+0000] GC(870) Pause Young (Allocation Failure) 1124M->998M(4029M) 307.970ms
[2025-08-01T02:25:48.349+0000] GC(870) User=2.34s Sys=0.06s Real=0.31s
[2025-08-01T02:25:48.443+0000] GC(871) Pause Young (Allocation Failure)
[2025-08-01T02:25:48.443+0000] GC(871) Using 8 workers of 8 for evacuation
[2025-08-01T02:25:48.626+0000] GC(871) ParNew: 613440K->68096K(613440K)
[2025-08-01T02:25:48.626+0000] GC(871) CMS: 953860K->1497946K(3512768K)
[2025-08-01T02:25:48.626+0000] GC(871) Metaspace: 9703K(12544K)->9703K(12544K) NonClass: 8537K(11008K)->8537K(11008K) Class: 1166K(1536K)->1166K(1536K)
[2025-08-01T02:25:48.626+0000] GC(871) Pause Young (Allocation Failure) 1530M->1529M(4029M) 182.764ms
[2025-08-01T02:25:48.626+0000] GC(871) User=1.41s Sys=0.03s Real=0.18s
[2025-08-01T02:25:48.627+0000] GC(872) Pause Initial Mark
[2025-08-01T02:25:48.633+0000] GC(872) Pause Initial Mark 1537M->1537M(4029M) 5.563ms
[2025-08-01T02:25:48.633+0000] GC(872) User=0.03s Sys=0.00s Real=0.00s
[2025-08-01T02:25:48.633+0000] GC(872) Concurrent Mark
[2025-08-01T02:25:48.633+0000] GC(872) Using 2 workers of 2 for marking
[2025-08-01T02:25:48.768+0000] GC(873) Pause Young (Allocation Failure)
[2025-08-01T02:25:48.768+0000] GC(873) Using 8 workers of 8 for evacuation
[2025-08-01T02:25:48.879+0000] GC(873) ParNew: 613440K->68096K(613440K)
[2025-08-01T02:25:48.879+0000] GC(873) CMS: 1497946K->1882146K(3512768K)
[2025-08-01T02:25:48.879+0000] GC(873) Metaspace: 9703K(12544K)->9703K(12544K) NonClass: 8537K(11008K)->8537K(11008K) Class: 1166K(1536K)->1166K(1536K)
[2025-08-01T02:25:48.879+0000] GC(873) Pause Young (Allocation Failure) 2061M->1904M(4029M) 111.976ms
[2025-08-01T02:25:48.879+0000] GC(873) User=0.87s Sys=0.01s Real=0.11s
[2025-08-01T02:25:48.986+0000] GC(874) Pause Young (Allocation Failure)
[2025-08-01T02:25:48.986+0000] GC(874) Using 8 workers of 8 for evacuation
[2025-08-01T02:25:49.149+0000] GC(874) ParNew: 613440K->68094K(613440K)
[2025-08-01T02:25:49.149+0000] GC(874) CMS: 1882146K->2357113K(3512768K)
[2025-08-01T02:25:49.149+0000] GC(874) Metaspace: 9703K(12544K)->9703K(12544K) NonClass: 8537K(11008K)->8537K(11008K) Class: 1166K(1536K)->1166K(1536K)
[2025-08-01T02:25:49.149+0000] GC(874) Pause Young (Allocation Failure) 2437M->2368M(4029M) 163.258ms
[2025-08-01T02:25:49.150+0000] GC(874) User=1.17s Sys=0.04s Real=0.16s
[2025-08-01T02:25:49.251+0000] GC(875) Pause Young (Allocation Failure)
[2025-08-01T02:25:49.251+0000] GC(875) Using 8 workers of 8 for evacuation
[2025-08-01T02:25:49.398+0000] GC(875) ParNew: 613438K->68096K(613440K)
[2025-08-01T02:25:49.398+0000] GC(875) CMS: 2357113K->2819644K(3512768K)
[2025-08-01T02:25:49.398+0000] GC(875) Metaspace: 9703K(12544K)->9703K(12544K) NonClass: 8537K(11008K)->8537K(11008K) Class: 1166K(1536K)->1166K(1536K)
[2025-08-01T02:25:49.398+0000] GC(875) Pause Young (Allocation Failure) 2900M->2820M(4029M) 147.106ms
[2025-08-01T02:25:49.398+0000] GC(875) User=1.14s Sys=0.01s Real=0.15s
[2025-08-01T02:25:49.471+0000] GC(872) Concurrent Mark 838.402ms
[2025-08-01T02:25:49.471+0000] GC(872) User=4.62s Sys=0.06s Real=0.83s
[2025-08-01T02:25:49.471+0000] GC(872) Concurrent Preclean
[2025-08-01T02:25:49.537+0000] GC(876) Pause Young (Allocation Failure)
[2025-08-01T02:25:49.537+0000] GC(876) Using 8 workers of 8 for evacuation
[2025-08-01T02:25:49.673+0000] GC(876) ParNew: 613440K->68096K(613440K)
[2025-08-01T02:25:49.673+0000] GC(876) CMS: 2819644K->3133389K(3512768K)
[2025-08-01T02:25:49.673+0000] GC(876) Metaspace: 9703K(12544K)->9703K(12544K) NonClass: 8537K(11008K)->8537K(11008K) Class: 1166K(1536K)->1166K(1536K)
[2025-08-01T02:25:49.673+0000] GC(876) Pause Young (Allocation Failure) 3352M->3126M(4029M) 136.058ms
[2025-08-01T02:25:49.673+0000] GC(876) User=1.02s Sys=0.02s Real=0.14s
[2025-08-01T02:25:49.769+0000] GC(877) Pause Young (Allocation Failure)
[2025-08-01T02:25:49.769+0000] GC(877) Using 8 workers of 8 for evacuation
[2025-08-01T02:25:49.769+0000] GC(878) Pause Full (Allocation Failure)
[2025-08-01T02:25:50.108+0000] GC(872) Concurrent Preclean 636.898ms
[2025-08-01T02:25:50.109+0000] GC(872) User=1.77s Sys=0.02s Real=0.64s
[2025-08-01T02:25:50.109+0000] GC(878) Phase 1: Mark live objects
[2025-08-01T02:25:50.220+0000] GC(878) Phase 1: Mark live objects 111.602ms
[2025-08-01T02:25:50.220+0000] GC(878) Phase 2: Compute new object addresses
[2025-08-01T02:25:50.623+0000] GC(878) Phase 2: Compute new object addresses 402.375ms
[2025-08-01T02:25:50.623+0000] GC(878) Phase 3: Adjust pointers
[2025-08-01T02:25:50.715+0000] GC(878) Phase 3: Adjust pointers 92.247ms
[2025-08-01T02:25:50.715+0000] GC(878) Phase 4: Move objects
[2025-08-01T02:25:50.961+0000] GC(878) Phase 4: Move objects 245.987ms
[2025-08-01T02:25:50.975+0000] GC(878) Pause Full (Allocation Failure) 3659M->694M(4029M) 1206.355ms
[2025-08-01T02:25:50.975+0000] GC(877) ParNew: 613440K->0K(613440K)
[2025-08-01T02:25:50.975+0000] GC(877) CMS: 3133389K->710769K(3512768K)
[2025-08-01T02:25:50.975+0000] GC(877) Metaspace: 9703K(12544K)->9703K(12544K) NonClass: 8537K(11008K)->8537K(11008K) Class: 1166K(1536K)->1166K(1536K)
[2025-08-01T02:25:50.975+0000] GC(877) Pause Young (Allocation Failure) 3659M->694M(4029M) 1206.635ms
[2025-08-01T02:25:50.975+0000] GC(877) User=1.21s Sys=0.00s Real=1.21s
[2025-08-01T02:25:51.104+0000] GC(879) Pause Young (Allocation Failure)
[2025-08-01T02:25:51.104+0000] GC(879) Using 8 workers of 8 for evacuation
[2025-08-01T02:25:51.240+0000] GC(879) ParNew: 545344K->68096K(613440K)
[2025-08-01T02:25:51.240+0000] GC(879) CMS: 710769K->1090981K(3512768K)
[2025-08-01T02:25:51.240+0000] GC(879) Metaspace: 9703K(12544K)->9703K(12544K) NonClass: 8537K(11008K)->8537K(11008K) Class: 1166K(1536K)->1166K(1536K)
[2025-08-01T02:25:51.240+0000] GC(879) Pause Young (Allocation Failure) 1226M->1131M(4029M) 136.196ms
[2025-08-01T02:25:51.240+0000] GC(879) User=0.97s Sys=0.03s Real=0.13s
[2025-08-01T02:25:51.341+0000] GC(880) Pause Young (Allocation Failure)
[2025-08-01T02:25:51.341+0000] GC(880) Using 8 workers of 8 for evacuation
[2025-08-01T02:25:51.532+0000] GC(880) ParNew: 613440K->68096K(613440K)
[2025-08-01T02:25:51.532+0000] GC(880) CMS: 1090981K->1635651K(3512768K)
[2025-08-01T02:25:51.532+0000] GC(880) Metaspace: 9703K(12544K)->9703K(12544K) NonClass: 8537K(11008K)->8537K(11008K) Class: 1166K(1536K)->1166K(1536K)
[2025-08-01T02:25:51.532+0000] GC(880) Pause Young (Allocation Failure) 1664M->1663M(4029M) 191.198ms
[2025-08-01T02:25:51.532+0000] GC(880) User=1.47s Sys=0.02s Real=0.19s
[2025-08-01T02:25:51.541+0000] GC(881) Pause Initial Mark
[2025-08-01T02:25:51.547+0000] GC(881) Pause Initial Mark 1749M->1749M(4029M) 5.519ms
[2025-08-01T02:25:51.547+0000] GC(881) User=0.04s Sys=0.00s Real=0.01s
[2025-08-01T02:25:51.547+0000] GC(881) Concurrent Mark
[2025-08-01T02:25:51.547+0000] GC(881) Using 2 workers of 2 for marking
[2025-08-01T02:25:51.632+0000] GC(881) Concurrent Mark 85.050ms
[2025-08-01T02:25:51.632+0000] GC(881) User=0.30s Sys=0.00s Real=0.08s
[2025-08-01T02:25:51.632+0000] GC(881) Concurrent Preclean
[2025-08-01T02:25:51.636+0000] GC(882) Pause Young (Allocation Failure)
[2025-08-01T02:25:51.636+0000] GC(882) Using 8 workers of 8 for evacuation
[2025-08-01T02:25:51.740+0000] GC(882) ParNew: 613440K->68096K(613440K)
[2025-08-01T02:25:51.740+0000] GC(882) CMS: 1635651K->1902010K(3512768K)
[2025-08-01T02:25:51.740+0000] GC(882) Metaspace: 9703K(12544K)->9703K(12544K) NonClass: 8537K(11008K)->8537K(11008K) Class: 1166K(1536K)->1166K(1536K)
[2025-08-01T02:25:51.740+0000] GC(882) Pause Young (Allocation Failure) 2196M->1923M(4029M) 104.076ms
[2025-08-01T02:25:51.740+0000] GC(882) User=0.80s Sys=0.01s Real=0.10s
[2025-08-01T02:25:51.745+0000] GC(881) Concurrent Preclean 112.983ms
[2025-08-01T02:25:51.745+0000] GC(881) User=0.83s Sys=0.01s Real=0.12s
[2025-08-01T02:25:51.745+0000] GC(881) Concurrent Abortable Preclean
[2025-08-01T02:25:51.834+0000] GC(883) Pause Young (Allocation Failure)
[2025-08-01T02:25:51.834+0000] GC(883) Using 8 workers of 8 for evacuation
[2025-08-01T02:25:52.000+0000] GC(883) ParNew: 613440K->68096K(613440K)
[2025-08-01T02:25:52.000+0000] GC(883) CMS: 1902010K->2445813K(3512768K)
[2025-08-01T02:25:52.000+0000] GC(883) Metaspace: 9703K(12544K)->9703K(12544K) NonClass: 8537K(11008K)->8537K(11008K) Class: 1166K(1536K)->1166K(1536K)
[2025-08-01T02:25:52.000+0000] GC(883) Pause Young (Allocation Failure) 2456M->2454M(4029M) 166.631ms
[2025-08-01T02:25:52.000+0000] GC(883) User=1.29s Sys=0.01s Real=0.16s
[2025-08-01T02:25:52.092+0000] GC(884) Pause Young (Allocation Failure)
[2025-08-01T02:25:52.092+0000] GC(884) Using 8 workers of 8 for evacuation
[2025-08-01T02:25:52.230+0000] GC(884) ParNew: 613440K->68096K(613440K)
[2025-08-01T02:25:52.230+0000] GC(884) CMS: 2445813K->2886192K(3512768K)
[2025-08-01T02:25:52.230+0000] GC(884) Metaspace: 9703K(12544K)->9703K(12544K) NonClass: 8537K(11008K)->8537K(11008K) Class: 1166K(1536K)->1166K(1536K)
[2025-08-01T02:25:52.230+0000] GC(884) Pause Young (Allocation Failure) 2987M->2885M(4029M) 138.064ms
[2025-08-01T02:25:52.230+0000] GC(884) User=1.06s Sys=0.00s Real=0.14s
[2025-08-01T02:25:52.323+0000] GC(885) Pause Young (Allocation Failure)
[2025-08-01T02:25:52.323+0000] GC(885) Using 8 workers of 8 for evacuation
[2025-08-01T02:25:52.438+0000] GC(885) ParNew: 613440K->68096K(613440K)
[2025-08-01T02:25:52.438+0000] GC(885) CMS: 2886192K->3227164K(3512768K)
[2025-08-01T02:25:52.438+0000] GC(885) Metaspace: 9703K(12544K)->9703K(12544K) NonClass: 8537K(11008K)->8537K(11008K) Class: 1166K(1536K)->1166K(1536K)
[2025-08-01T02:25:52.438+0000] GC(885) Pause Young (Allocation Failure) 3417M->3218M(4029M) 114.682ms
[2025-08-01T02:25:52.438+0000] GC(885) User=0.87s Sys=0.01s Real=0.11s
[2025-08-01T02:25:52.543+0000] GC(886) Pause Young (Allocation Failure)
[2025-08-01T02:25:52.543+0000] GC(886) Using 8 workers of 8 for evacuation
[2025-08-01T02:25:52.543+0000] GC(887) Pause Full (Allocation Failure)
[2025-08-01T02:25:52.780+0000] GC(881) Concurrent Abortable Preclean 1034.333ms
[2025-08-01T02:25:52.780+0000] GC(881) User=4.49s Sys=0.03s Real=1.03s
[2025-08-01T02:25:52.780+0000] GC(887) Phase 1: Mark live objects
[2025-08-01T02:25:52.892+0000] GC(887) Phase 1: Mark live objects 111.465ms
[2025-08-01T02:25:52.892+0000] GC(887) Phase 2: Compute new object addresses
[2025-08-01T02:25:53.344+0000] GC(887) Phase 2: Compute new object addresses 451.604ms
[2025-08-01T02:25:53.344+0000] GC(887) Phase 3: Adjust pointers
[2025-08-01T02:25:53.490+0000] GC(887) Phase 3: Adjust pointers 145.844ms
[2025-08-01T02:25:53.490+0000] GC(887) Phase 4: Move objects
[2025-08-01T02:25:53.809+0000] GC(887) Phase 4: Move objects 319.224ms
[2025-08-01T02:25:53.821+0000] GC(887) Pause Full (Allocation Failure) 3750M->791M(4029M) 1277.889ms
[2025-08-01T02:25:53.821+0000] GC(886) ParNew: 613440K->0K(613440K)
[2025-08-01T02:25:53.821+0000] GC(886) CMS: 3227164K->810120K(3512768K)
[2025-08-01T02:25:53.821+0000] GC(886) Metaspace: 9703K(12544K)->9703K(12544K) NonClass: 8537K(11008K)->8537K(11008K) Class: 1166K(1536K)->1166K(1536K)
[2025-08-01T02:25:53.821+0000] GC(886) Pause Young (Allocation Failure) 3750M->791M(4029M) 1278.146ms
[2025-08-01T02:25:53.821+0000] GC(886) User=1.28s Sys=0.00s Real=1.27s
[2025-08-01T02:25:53.917+0000] GC(888) Pause Young (Allocation Failure)
[2025-08-01T02:25:53.917+0000] GC(888) Using 8 workers of 8 for evacuation
[2025-08-01T02:25:54.048+0000] GC(888) ParNew: 545344K->68096K(613440K)
[2025-08-01T02:25:54.048+0000] GC(888) CMS: 810120K->1152858K(3512768K)
[2025-08-01T02:25:54.048+0000] GC(888) Metaspace: 9703K(12544K)->9703K(12544K) NonClass: 8537K(11008K)->8537K(11008K) Class: 1166K(1536K)->1166K(1536K)
[2025-08-01T02:25:54.048+0000] GC(888) Pause Young (Allocation Failure) 1323M->1192M(4029M) 131.457ms
[2025-08-01T02:25:54.048+0000] GC(888) User=1.00s Sys=0.02s Real=0.13s
[2025-08-01T02:25:54.141+0000] GC(889) Pause Young (Allocation Failure)
[2025-08-01T02:25:54.141+0000] GC(889) Using 8 workers of 8 for evacuation
[2025-08-01T02:25:54.283+0000] GC(889) ParNew: 613440K->68096K(613440K)
[2025-08-01T02:25:54.283+0000] GC(889) CMS: 1152858K->1426744K(3512768K)
[2025-08-01T02:25:54.283+0000] GC(889) Metaspace: 9703K(12544K)->9703K(12544K) NonClass: 8537K(11008K)->8537K(11008K) Class: 1166K(1536K)->1166K(1536K)
[2025-08-01T02:25:54.283+0000] GC(889) Pause Young (Allocation Failure) 1724M->1459M(4029M) 142.455ms
[2025-08-01T02:25:54.283+0000] GC(889) User=1.09s Sys=0.02s Real=0.15s
[2025-08-01T02:25:54.378+0000] GC(890) Pause Young (Allocation Failure)
[2025-08-01T02:25:54.378+0000] GC(890) Using 8 workers of 8 for evacuation
[2025-08-01T02:25:54.552+0000] GC(890) ParNew: 613440K->68096K(613440K)
[2025-08-01T02:25:54.552+0000] GC(890) CMS: 1426744K->1817176K(3512768K)
[2025-08-01T02:25:54.552+0000] GC(890) Metaspace: 9703K(12544K)->9703K(12544K) NonClass: 8537K(11008K)->8537K(11008K) Class: 1166K(1536K)->1166K(1536K)
[2025-08-01T02:25:54.552+0000] GC(890) Pause Young (Allocation Failure) 1992M->1841M(4029M) 174.379ms
[2025-08-01T02:25:54.552+0000] GC(890) User=1.33s Sys=0.04s Real=0.17s
[2025-08-01T02:25:54.553+0000] GC(891) Pause Initial Mark
[2025-08-01T02:25:54.556+0000] GC(891) Pause Initial Mark 1846M->1846M(4029M) 3.124ms
[2025-08-01T02:25:54.556+0000] GC(891) User=0.01s Sys=0.00s Real=0.01s
[2025-08-01T02:25:54.556+0000] GC(891) Concurrent Mark
[2025-08-01T02:25:54.556+0000] GC(891) Using 2 workers of 2 for marking
[2025-08-01T02:25:54.648+0000] GC(891) Concurrent Mark 92.342ms
[2025-08-01T02:25:54.648+0000] GC(891) User=0.32s Sys=0.00s Real=0.09s
[2025-08-01T02:25:54.648+0000] GC(891) Concurrent Preclean
[2025-08-01T02:25:54.656+0000] GC(891) Concurrent Preclean 7.310ms
[2025-08-01T02:25:54.656+0000] GC(891) User=0.01s Sys=0.00s Real=0.01s
[2025-08-01T02:25:54.656+0000] GC(892) Pause Young (Allocation Failure)
[2025-08-01T02:25:54.656+0000] GC(892) Using 8 workers of 8 for evacuation
[2025-08-01T02:25:54.827+0000] GC(892) ParNew: 613440K->68096K(613440K)
[2025-08-01T02:25:54.827+0000] GC(892) CMS: 1817176K->2360484K(3512768K)
[2025-08-01T02:25:54.827+0000] GC(892) Metaspace: 9703K(12544K)->9703K(12544K) NonClass: 8537K(11008K)->8537K(11008K) Class: 1166K(1536K)->1166K(1536K)
[2025-08-01T02:25:54.827+0000] GC(892) Pause Young (Allocation Failure) 2373M->2371M(4029M) 171.013ms
[2025-08-01T02:25:54.827+0000] GC(892) User=1.33s Sys=0.01s Real=0.17s
[2025-08-01T02:25:54.828+0000] GC(891) Pause Remark
[2025-08-01T02:25:54.844+0000] GC(891) Pause Remark 2382M->2382M(4029M) 16.648ms
[2025-08-01T02:25:54.844+0000] GC(891) User=0.11s Sys=0.00s Real=0.02s
[2025-08-01T02:25:54.845+0000] GC(891) Concurrent Sweep
[2025-08-01T02:25:54.937+0000] GC(893) Pause Young (Allocation Failure)
[2025-08-01T02:25:54.937+0000] GC(893) Using 8 workers of 8 for evacuation
[2025-08-01T02:25:55.098+0000] GC(893) ParNew: 613440K->68096K(613440K)
[2025-08-01T02:25:55.098+0000] GC(893) CMS: 1927006K->2375242K(3512768K)
[2025-08-01T02:25:55.098+0000] GC(893) Metaspace: 9703K(12544K)->9703K(12544K) NonClass: 8537K(11008K)->8537K(11008K) Class: 1166K(1536K)->1166K(1536K)
[2025-08-01T02:25:55.098+0000] GC(893) Pause Young (Allocation Failure) 2480M->2386M(4029M) 160.339ms
[2025-08-01T02:25:55.098+0000] GC(893) User=1.05s Sys=0.01s Real=0.16s
[2025-08-01T02:25:55.199+0000] GC(894) Pause Young (Allocation Failure)
[2025-08-01T02:25:55.199+0000] GC(894) Using 8 workers of 8 for evacuation
[2025-08-01T02:25:55.382+0000] GC(894) ParNew: 613440K->68096K(613440K)
[2025-08-01T02:25:55.382+0000] GC(894) CMS: 2091363K->2541444K(3512768K)
[2025-08-01T02:25:55.382+0000] GC(894) Metaspace: 9703K(12544K)->9703K(12544K) NonClass: 8537K(11008K)->8537K(11008K) Class: 1166K(1536K)->1166K(1536K)
[2025-08-01T02:25:55.382+0000] GC(894) Pause Young (Allocation Failure) 2641M->2548M(4029M) 182.445ms
[2025-08-01T02:25:55.382+0000] GC(894) User=1.02s Sys=0.03s Real=0.18s
[2025-08-01T02:25:55.474+0000] GC(895) Pause Young (Allocation Failure)
[2025-08-01T02:25:55.474+0000] GC(895) Using 8 workers of 8 for evacuation
[2025-08-01T02:25:55.647+0000] GC(895) ParNew: 613440K->68094K(613440K)
[2025-08-01T02:25:55.647+0000] GC(895) CMS: 1984801K->2478120K(3512768K)
[2025-08-01T02:25:55.647+0000] GC(895) Metaspace: 9703K(12544K)->9703K(12544K) NonClass: 8537K(11008K)->8537K(11008K) Class: 1166K(1536K)->1166K(1536K)
[2025-08-01T02:25:55.647+0000] GC(895) Pause Young (Allocation Failure) 2537M->2486M(4029M) 172.772ms
[2025-08-01T02:25:55.647+0000] GC(895) User=1.16s Sys=0.01s Real=0.17s
[2025-08-01T02:25:55.741+0000] GC(896) Pause Young (Allocation Failure)
[2025-08-01T02:25:55.741+0000] GC(896) Using 8 workers of 8 for evacuation
[2025-08-01T02:25:55.901+0000] GC(896) ParNew: 613438K->68096K(613440K)
[2025-08-01T02:25:55.901+0000] GC(896) CMS: 2462460K->3006469K(3512768K)
[2025-08-01T02:25:55.901+0000] GC(896) Metaspace: 9703K(12544K)->9703K(12544K) NonClass: 8537K(11008K)->8537K(11008K) Class: 1166K(1536K)->1166K(1536K)
[2025-08-01T02:25:55.901+0000] GC(896) Pause Young (Allocation Failure) 3003M->3002M(4029M) 160.320ms
[2025-08-01T02:25:55.901+0000] GC(896) User=1.20s Sys=0.02s Real=0.16s
[2025-08-01T02:25:55.997+0000] GC(891) Concurrent Sweep 1152.540ms
[2025-08-01T02:25:55.997+0000] GC(891) User=5.71s Sys=0.07s Real=1.15s
[2025-08-01T02:25:55.997+0000] GC(891) Concurrent Reset
[2025-08-01T02:25:56.008+0000] GC(891) Concurrent Reset 10.919ms
[2025-08-01T02:25:56.008+0000] GC(891) User=0.01s Sys=0.00s Real=0.01s
[2025-08-01T02:25:56.008+0000] GC(891) Old: 1817176K->3006469K(3512768K)
[2025-08-01T02:25:56.044+0000] GC(897) Pause Young (Allocation Failure)
[2025-08-01T02:25:56.044+0000] GC(897) Using 8 workers of 8 for evacuation
[2025-08-01T02:25:56.044+0000] GC(898) Pause Full (Allocation Failure)
[2025-08-01T02:25:56.045+0000] GC(898) Phase 1: Mark live objects
[2025-08-01T02:25:56.141+0000] GC(898) Phase 1: Mark live objects 96.397ms
[2025-08-01T02:25:56.141+0000] GC(898) Phase 2: Compute new object addresses
[2025-08-01T02:25:56.567+0000] GC(898) Phase 2: Compute new object addresses 425.428ms
[2025-08-01T02:25:56.567+0000] GC(898) Phase 3: Adjust pointers
[2025-08-01T02:25:56.655+0000] GC(898) Phase 3: Adjust pointers 88.447ms
[2025-08-01T02:25:56.655+0000] GC(898) Phase 4: Move objects
[2025-08-01T02:25:56.872+0000] GC(898) Phase 4: Move objects 216.422ms
[2025-08-01T02:25:56.884+0000] GC(898) Pause Full (Allocation Failure) 3535M->596M(4029M) 839.392ms
[2025-08-01T02:25:56.884+0000] GC(897) ParNew: 613440K->0K(613440K)
[2025-08-01T02:25:56.884+0000] GC(897) CMS: 3006469K->610588K(3512768K)
[2025-08-01T02:25:56.884+0000] GC(897) Metaspace: 9703K(12544K)->9703K(12544K) NonClass: 8537K(11008K)->8537K(11008K) Class: 1166K(1536K)->1166K(1536K)
[2025-08-01T02:25:56.884+0000] GC(897) Pause Young (Allocation Failure) 3535M->596M(4029M) 839.627ms
[2025-08-01T02:25:56.884+0000] GC(897) User=0.84s Sys=0.00s Real=0.84s
[2025-08-01T02:25:56.981+0000] GC(899) Pause Young (Allocation Failure)
[2025-08-01T02:25:56.981+0000] GC(899) Using 8 workers of 8 for evacuation
[2025-08-01T02:25:57.131+0000] GC(899) ParNew: 545344K->68096K(613440K)
[2025-08-01T02:25:57.131+0000] GC(899) CMS: 610588K->1012920K(3512768K)
[2025-08-01T02:25:57.131+0000] GC(899) Metaspace: 9703K(12544K)->9703K(12544K) NonClass: 8537K(11008K)->8537K(11008K) Class: 1166K(1536K)->1166K(1536K)
[2025-08-01T02:25:57.131+0000] GC(899) Pause Young (Allocation Failure) 1128M->1055M(4029M) 150.444ms
[2025-08-01T02:25:57.131+0000] GC(899) User=1.13s Sys=0.03s Real=0.15s
[2025-08-01T02:25:57.276+0000] GC(900) Pause Young (Allocation Failure)
[2025-08-01T02:25:57.276+0000] GC(900) Using 8 workers of 8 for evacuation
[2025-08-01T02:25:57.489+0000] GC(900) ParNew: 613440K->68096K(613440K)
[2025-08-01T02:25:57.489+0000] GC(900) CMS: 1012920K->1558072K(3512768K)
[2025-08-01T02:25:57.489+0000] GC(900) Metaspace: 9703K(12544K)->9703K(12544K) NonClass: 8537K(11008K)->8537K(11008K) Class: 1166K(1536K)->1166K(1536K)
[2025-08-01T02:25:57.489+0000] GC(900) Pause Young (Allocation Failure) 1588M->1588M(4029M) 213.258ms
[2025-08-01T02:25:57.489+0000] GC(900) User=1.59s Sys=0.03s Real=0.21s
[2025-08-01T02:25:57.490+0000] GC(901) Pause Initial Mark
[2025-08-01T02:25:57.493+0000] GC(901) Pause Initial Mark 1595M->1595M(4029M) 2.868ms
[2025-08-01T02:25:57.493+0000] GC(901) User=0.02s Sys=0.01s Real=0.01s
[2025-08-01T02:25:57.493+0000] GC(901) Concurrent Mark
[2025-08-01T02:25:57.493+0000] GC(901) Using 2 workers of 2 for marking
[2025-08-01T02:25:57.588+0000] GC(902) Pause Young (Allocation Failure)
[2025-08-01T02:25:57.588+0000] GC(902) Using 8 workers of 8 for evacuation
[2025-08-01T02:25:57.718+0000] GC(902) ParNew: 613440K->68096K(613440K)
[2025-08-01T02:25:57.718+0000] GC(902) CMS: 1558072K->2004387K(3512768K)
[2025-08-01T02:25:57.718+0000] GC(902) Metaspace: 9703K(12544K)->9703K(12544K) NonClass: 8537K(11008K)->8537K(11008K) Class: 1166K(1536K)->1166K(1536K)
[2025-08-01T02:25:57.718+0000] GC(902) Pause Young (Allocation Failure) 2120M->2023M(4029M) 129.968ms
[2025-08-01T02:25:57.718+0000] GC(902) User=1.02s Sys=0.00s Real=0.13s
[2025-08-01T02:25:57.863+0000] GC(903) Pause Young (Allocation Failure)
[2025-08-01T02:25:57.863+0000] GC(903) Using 8 workers of 8 for evacuation
[2025-08-01T02:25:57.971+0000] GC(903) ParNew: 613440K->68096K(613440K)
[2025-08-01T02:25:57.971+0000] GC(903) CMS: 2004387K->2330832K(3512768K)
[2025-08-01T02:25:57.971+0000] GC(903) Metaspace: 9703K(12544K)->9703K(12544K) NonClass: 8537K(11008K)->8537K(11008K) Class: 1166K(1536K)->1166K(1536K)
[2025-08-01T02:25:57.971+0000] GC(903) Pause Young (Allocation Failure) 2556M->2342M(4029M) 107.299ms
[2025-08-01T02:25:57.971+0000] GC(903) User=0.82s Sys=0.01s Real=0.10s
[2025-08-01T02:25:58.046+0000] GC(901) Concurrent Mark 552.980ms
[2025-08-01T02:25:58.046+0000] GC(901) User=2.92s Sys=0.01s Real=0.55s
[2025-08-01T02:25:58.046+0000] GC(901) Concurrent Preclean
[2025-08-01T02:25:58.062+0000] GC(904) Pause Young (Allocation Failure)
[2025-08-01T02:25:58.062+0000] GC(904) Using 8 workers of 8 for evacuation
[2025-08-01T02:25:58.228+0000] GC(904) ParNew: 613440K->68094K(613440K)
[2025-08-01T02:25:58.228+0000] GC(904) CMS: 2330832K->2874135K(3512768K)
[2025-08-01T02:25:58.228+0000] GC(904) Metaspace: 9703K(12544K)->9703K(12544K) NonClass: 8537K(11008K)->8537K(11008K) Class: 1166K(1536K)->1166K(1536K)
[2025-08-01T02:25:58.228+0000] GC(904) Pause Young (Allocation Failure) 2875M->2873M(4029M) 166.331ms
[2025-08-01T02:25:58.228+0000] GC(904) User=1.29s Sys=0.01s Real=0.17s
[2025-08-01T02:25:58.365+0000] GC(905) Pause Young (Allocation Failure)
[2025-08-01T02:25:58.365+0000] GC(905) Using 8 workers of 8 for evacuation
[2025-08-01T02:25:58.565+0000] GC(905) ParNew: 613438K->68096K(613440K)
[2025-08-01T02:25:58.565+0000] GC(905) CMS: 2874135K->3294404K(3512768K)
[2025-08-01T02:25:58.565+0000] GC(905) Metaspace: 9703K(12544K)->9703K(12544K) NonClass: 8537K(11008K)->8537K(11008K) Class: 1166K(1536K)->1166K(1536K)
[2025-08-01T02:25:58.565+0000] GC(905) Pause Young (Allocation Failure) 3405M->3283M(4029M) 200.284ms
[2025-08-01T02:25:58.565+0000] GC(905) User=1.46s Sys=0.06s Real=0.20s
[2025-08-01T02:25:58.656+0000] GC(906) Pause Young (Allocation Failure)
[2025-08-01T02:25:58.656+0000] GC(906) Using 8 workers of 8 for evacuation
[2025-08-01T02:25:58.656+0000] GC(907) Pause Full (Allocation Failure)
[2025-08-01T02:25:58.939+0000] GC(901) Concurrent Preclean 892.815ms
[2025-08-01T02:25:58.939+0000] GC(901) User=3.65s Sys=0.07s Real=0.89s
[2025-08-01T02:25:58.940+0000] GC(907) Phase 1: Mark live objects
[2025-08-01T02:25:59.050+0000] GC(907) Phase 1: Mark live objects 110.386ms
[2025-08-01T02:25:59.050+0000] GC(907) Phase 2: Compute new object addresses
[2025-08-01T02:25:59.482+0000] GC(907) Phase 2: Compute new object addresses 432.268ms
[2025-08-01T02:25:59.482+0000] GC(907) Phase 3: Adjust pointers
[2025-08-01T02:25:59.587+0000] GC(907) Phase 3: Adjust pointers 105.149ms
[2025-08-01T02:25:59.588+0000] GC(907) Phase 4: Move objects
[2025-08-01T02:25:59.849+0000] GC(907) Phase 4: Move objects 261.561ms
[2025-08-01T02:25:59.863+0000] GC(907) Pause Full (Allocation Failure) 3816M->703M(4029M) 1206.872ms
[2025-08-01T02:25:59.863+0000] GC(906) ParNew: 613440K->0K(613440K)
[2025-08-01T02:25:59.863+0000] GC(906) CMS: 3294404K->720100K(3512768K)
[2025-08-01T02:25:59.863+0000] GC(906) Metaspace: 9703K(12544K)->9703K(12544K) NonClass: 8537K(11008K)->8537K(11008K) Class: 1166K(1536K)->1166K(1536K)
[2025-08-01T02:25:59.863+0000] GC(906) Pause Young (Allocation Failure) 3816M->703M(4029M) 1207.101ms
[2025-08-01T02:25:59.863+0000] GC(906) User=1.21s Sys=0.00s Real=1.20s
[2025-08-01T02:25:59.867+0000] Heap
[2025-08-01T02:25:59.867+0000]  par new generation   total 613440K, used 40790K [0x0000000700000000, 0x0000000729990000, 0x0000000729990000)
[2025-08-01T02:25:59.867+0000]   eden space 545344K,   7% used [0x0000000700000000, 0x00000007027d5b28, 0x0000000721490000)
[2025-08-01T02:25:59.867+0000]   from space 68096K,   0% used [0x0000000721490000, 0x0000000721490000, 0x0000000725710000)
[2025-08-01T02:25:59.867+0000]   to   space 68096K,   0% used [0x0000000725710000, 0x0000000725710000, 0x0000000729990000)
[2025-08-01T02:25:59.867+0000]  concurrent mark-sweep generation total 3512768K, used 720100K [0x0000000729990000, 0x0000000800000000, 0x0000000800000000)
[2025-08-01T02:25:59.867+0000]  Metaspace       used 9706K, capacity 12439K, committed 12544K, reserved 1060864K
[2025-08-01T02:25:59.867+0000]   class space    used 1166K, capacity 1493K, committed 1536K, reserved 1048576K
