[2025-08-01T02:34:21.013+0000] Heap region size: 2M
[2025-08-01T02:34:21.080+0000] Using G1
[2025-08-01T02:34:21.080+0000] Heap address: 0x0000000700000000, size: 4096 MB, Compressed Oops mode: Zero based, Oop shift amount: 3
[2025-08-01T02:34:21.081+0000] Mark closed archive regions in map: [0x00000007ffe00000, 0x00000007ffe6bff8]
[2025-08-01T02:34:21.081+0000] Mark open archive regions in map: [0x00000007ffd00000, 0x00000007ffd47ff8]
[2025-08-01T02:34:22.501+0000] GC(0) Pause Young (Normal) (G1 Evacuation Pause)
[2025-08-01T02:34:22.507+0000] GC(0) Using 8 workers of 8 for evacuation
[2025-08-01T02:34:22.834+0000] GC(0) MMU target violated: 201.0ms (200.0ms/201.0ms)
[2025-08-01T02:34:22.834+0000] GC(0)   Pre Evacuate Collection Set: 0.1ms
[2025-08-01T02:34:22.834+0000] GC(0)   Evacuate Collection Set: 325.1ms
[2025-08-01T02:34:22.834+0000] GC(0)   Post Evacuate Collection Set: 1.0ms
[2025-08-01T02:34:22.834+0000] GC(0)   Other: 6.2ms
[2025-08-01T02:34:22.834+0000] GC(0) Eden regions: 102->0(89)
[2025-08-01T02:34:22.834+0000] GC(0) Survivor regions: 0->13(13)
[2025-08-01T02:34:22.834+0000] GC(0) Old regions: 2->79
[2025-08-01T02:34:22.834+0000] GC(0) Humongous regions: 0->0
[2025-08-01T02:34:22.834+0000] GC(0) Metaspace: 9702K(12544K)->9702K(12544K) NonClass: 8536K(11008K)->8536K(11008K) Class: 1166K(1536K)->1166K(1536K)
[2025-08-01T02:34:22.834+0000] GC(0) Pause Young (Normal) (G1 Evacuation Pause) 205M->180M(4096M) 332.525ms
[2025-08-01T02:34:22.834+0000] GC(0) User=0.76s Sys=1.57s Real=0.34s
[2025-08-01T02:34:22.856+0000] GC(1) Pause Young (Normal) (G1 Evacuation Pause)
[2025-08-01T02:34:22.856+0000] GC(1) Using 8 workers of 8 for evacuation
[2025-08-01T02:34:22.919+0000] GC(1)   Pre Evacuate Collection Set: 0.1ms
[2025-08-01T02:34:22.919+0000] GC(1)   Evacuate Collection Set: 62.8ms
[2025-08-01T02:34:22.919+0000] GC(1)   Post Evacuate Collection Set: 0.7ms
[2025-08-01T02:34:22.919+0000] GC(1)   Other: 0.4ms
[2025-08-01T02:34:22.919+0000] GC(1) Eden regions: 89->0(89)
[2025-08-01T02:34:22.919+0000] GC(1) Survivor regions: 13->13(13)
[2025-08-01T02:34:22.920+0000] GC(1) Old regions: 79->168
[2025-08-01T02:34:22.920+0000] GC(1) Humongous regions: 0->0
[2025-08-01T02:34:22.920+0000] GC(1) Metaspace: 9706K(12544K)->9706K(12544K) NonClass: 8540K(11008K)->8540K(11008K) Class: 1166K(1536K)->1166K(1536K)
[2025-08-01T02:34:22.920+0000] GC(1) Pause Young (Normal) (G1 Evacuation Pause) 358M->358M(4096M) 64.028ms
[2025-08-01T02:34:22.920+0000] GC(1) User=0.21s Sys=0.28s Real=0.06s
[2025-08-01T02:34:22.937+0000] GC(2) Pause Young (Normal) (G1 Evacuation Pause)
[2025-08-01T02:34:22.937+0000] GC(2) Using 8 workers of 8 for evacuation
[2025-08-01T02:34:22.994+0000] GC(2)   Pre Evacuate Collection Set: 0.1ms
[2025-08-01T02:34:22.994+0000] GC(2)   Evacuate Collection Set: 55.7ms
[2025-08-01T02:34:22.994+0000] GC(2)   Post Evacuate Collection Set: 0.9ms
[2025-08-01T02:34:22.994+0000] GC(2)   Other: 0.3ms
[2025-08-01T02:34:22.994+0000] GC(2) Eden regions: 89->0(89)
[2025-08-01T02:34:22.994+0000] GC(2) Survivor regions: 13->13(13)
[2025-08-01T02:34:22.994+0000] GC(2) Old regions: 168->258
[2025-08-01T02:34:22.994+0000] GC(2) Humongous regions: 0->0
[2025-08-01T02:34:22.994+0000] GC(2) Metaspace: 9706K(12544K)->9706K(12544K) NonClass: 8540K(11008K)->8540K(11008K) Class: 1166K(1536K)->1166K(1536K)
[2025-08-01T02:34:22.994+0000] GC(2) Pause Young (Normal) (G1 Evacuation Pause) 536M->539M(4096M) 57.114ms
[2025-08-01T02:34:22.995+0000] GC(2) User=0.20s Sys=0.25s Real=0.06s
[2025-08-01T02:34:23.016+0000] GC(3) Pause Young (Normal) (G1 Evacuation Pause)
[2025-08-01T02:34:23.016+0000] GC(3) Using 8 workers of 8 for evacuation
[2025-08-01T02:34:23.092+0000] GC(3)   Pre Evacuate Collection Set: 0.1ms
[2025-08-01T02:34:23.092+0000] GC(3)   Evacuate Collection Set: 74.4ms
[2025-08-01T02:34:23.092+0000] GC(3)   Post Evacuate Collection Set: 0.7ms
[2025-08-01T02:34:23.092+0000] GC(3)   Other: 0.3ms
[2025-08-01T02:34:23.092+0000] GC(3) Eden regions: 89->0(89)
[2025-08-01T02:34:23.092+0000] GC(3) Survivor regions: 13->13(13)
[2025-08-01T02:34:23.092+0000] GC(3) Old regions: 258->348
[2025-08-01T02:34:23.092+0000] GC(3) Humongous regions: 0->0
[2025-08-01T02:34:23.092+0000] GC(3) Metaspace: 9706K(12544K)->9706K(12544K) NonClass: 8540K(11008K)->8540K(11008K) Class: 1166K(1536K)->1166K(1536K)
[2025-08-01T02:34:23.092+0000] GC(3) Pause Young (Normal) (G1 Evacuation Pause) 717M->718M(4096M) 75.626ms
[2025-08-01T02:34:23.092+0000] GC(3) User=0.26s Sys=0.33s Real=0.07s
[2025-08-01T02:34:23.108+0000] GC(4) Pause Young (Normal) (G1 Evacuation Pause)
[2025-08-01T02:34:23.108+0000] GC(4) Using 8 workers of 8 for evacuation
[2025-08-01T02:34:23.181+0000] GC(4)   Pre Evacuate Collection Set: 0.1ms
[2025-08-01T02:34:23.181+0000] GC(4)   Evacuate Collection Set: 71.6ms
[2025-08-01T02:34:23.181+0000] GC(4)   Post Evacuate Collection Set: 0.7ms
[2025-08-01T02:34:23.181+0000] GC(4)   Other: 0.3ms
[2025-08-01T02:34:23.181+0000] GC(4) Eden regions: 89->0(89)
[2025-08-01T02:34:23.181+0000] GC(4) Survivor regions: 13->13(13)
[2025-08-01T02:34:23.181+0000] GC(4) Old regions: 348->439
[2025-08-01T02:34:23.181+0000] GC(4) Humongous regions: 0->0
[2025-08-01T02:34:23.181+0000] GC(4) Metaspace: 9706K(12544K)->9706K(12544K) NonClass: 8540K(11008K)->8540K(11008K) Class: 1166K(1536K)->1166K(1536K)
[2025-08-01T02:34:23.181+0000] GC(4) Pause Young (Normal) (G1 Evacuation Pause) 896M->901M(4096M) 72.791ms
[2025-08-01T02:34:23.181+0000] GC(4) User=0.24s Sys=0.32s Real=0.07s
[2025-08-01T02:34:23.199+0000] GC(5) Pause Young (Normal) (G1 Evacuation Pause)
[2025-08-01T02:34:23.199+0000] GC(5) Using 8 workers of 8 for evacuation
[2025-08-01T02:34:23.266+0000] GC(5)   Pre Evacuate Collection Set: 0.1ms
[2025-08-01T02:34:23.266+0000] GC(5)   Evacuate Collection Set: 65.4ms
[2025-08-01T02:34:23.266+0000] GC(5)   Post Evacuate Collection Set: 0.8ms
[2025-08-01T02:34:23.266+0000] GC(5)   Other: 0.3ms
[2025-08-01T02:34:23.266+0000] GC(5) Eden regions: 89->0(89)
[2025-08-01T02:34:23.266+0000] GC(5) Survivor regions: 13->13(13)
[2025-08-01T02:34:23.266+0000] GC(5) Old regions: 439->530
[2025-08-01T02:34:23.266+0000] GC(5) Humongous regions: 0->0
[2025-08-01T02:34:23.266+0000] GC(5) Metaspace: 9706K(12544K)->9706K(12544K) NonClass: 8540K(11008K)->8540K(11008K) Class: 1166K(1536K)->1166K(1536K)
[2025-08-01T02:34:23.266+0000] GC(5) Pause Young (Normal) (G1 Evacuation Pause) 1079M->1082M(4096M) 66.684ms
[2025-08-01T02:34:23.266+0000] GC(5) User=0.24s Sys=0.27s Real=0.07s
[2025-08-01T02:34:23.282+0000] GC(6) Pause Young (Normal) (G1 Evacuation Pause)
[2025-08-01T02:34:23.282+0000] GC(6) Using 8 workers of 8 for evacuation
[2025-08-01T02:34:23.343+0000] GC(6)   Pre Evacuate Collection Set: 0.1ms
[2025-08-01T02:34:23.343+0000] GC(6)   Evacuate Collection Set: 59.4ms
[2025-08-01T02:34:23.343+0000] GC(6)   Post Evacuate Collection Set: 0.7ms
[2025-08-01T02:34:23.343+0000] GC(6)   Other: 0.3ms
[2025-08-01T02:34:23.343+0000] GC(6) Eden regions: 89->0(89)
[2025-08-01T02:34:23.343+0000] GC(6) Survivor regions: 13->13(13)
[2025-08-01T02:34:23.343+0000] GC(6) Old regions: 530->620
[2025-08-01T02:34:23.343+0000] GC(6) Humongous regions: 0->0
[2025-08-01T02:34:23.343+0000] GC(6) Metaspace: 9706K(12544K)->9706K(12544K) NonClass: 8540K(11008K)->8540K(11008K) Class: 1166K(1536K)->1166K(1536K)
[2025-08-01T02:34:23.343+0000] GC(6) Pause Young (Normal) (G1 Evacuation Pause) 1260M->1263M(4096M) 60.668ms
[2025-08-01T02:34:23.343+0000] GC(6) User=0.21s Sys=0.26s Real=0.07s
[2025-08-01T02:34:23.361+0000] GC(7) Pause Young (Normal) (G1 Evacuation Pause)
[2025-08-01T02:34:23.361+0000] GC(7) Using 8 workers of 8 for evacuation
[2025-08-01T02:34:23.435+0000] GC(7)   Pre Evacuate Collection Set: 0.2ms
[2025-08-01T02:34:23.435+0000] GC(7)   Evacuate Collection Set: 73.2ms
[2025-08-01T02:34:23.435+0000] GC(7)   Post Evacuate Collection Set: 0.7ms
[2025-08-01T02:34:23.435+0000] GC(7)   Other: 0.3ms
[2025-08-01T02:34:23.435+0000] GC(7) Eden regions: 89->0(89)
[2025-08-01T02:34:23.435+0000] GC(7) Survivor regions: 13->13(13)
[2025-08-01T02:34:23.435+0000] GC(7) Old regions: 620->710
[2025-08-01T02:34:23.435+0000] GC(7) Humongous regions: 0->0
[2025-08-01T02:34:23.435+0000] GC(7) Metaspace: 9706K(12544K)->9706K(12544K) NonClass: 8540K(11008K)->8540K(11008K) Class: 1166K(1536K)->1166K(1536K)
[2025-08-01T02:34:23.435+0000] GC(7) Pause Young (Normal) (G1 Evacuation Pause) 1441M->1442M(4096M) 74.628ms
[2025-08-01T02:34:23.435+0000] GC(7) User=0.28s Sys=0.31s Real=0.08s
[2025-08-01T02:34:23.452+0000] GC(8) Pause Young (Normal) (G1 Evacuation Pause)
[2025-08-01T02:34:23.452+0000] GC(8) Using 8 workers of 8 for evacuation
[2025-08-01T02:34:23.514+0000] GC(8)   Pre Evacuate Collection Set: 0.2ms
[2025-08-01T02:34:23.514+0000] GC(8)   Evacuate Collection Set: 61.4ms
[2025-08-01T02:34:23.514+0000] GC(8)   Post Evacuate Collection Set: 0.8ms
[2025-08-01T02:34:23.514+0000] GC(8)   Other: 0.3ms
[2025-08-01T02:34:23.514+0000] GC(8) Eden regions: 89->0(89)
[2025-08-01T02:34:23.514+0000] GC(8) Survivor regions: 13->13(13)
[2025-08-01T02:34:23.514+0000] GC(8) Old regions: 710->800
[2025-08-01T02:34:23.514+0000] GC(8) Humongous regions: 0->0
[2025-08-01T02:34:23.515+0000] GC(8) Metaspace: 9706K(12544K)->9706K(12544K) NonClass: 8540K(11008K)->8540K(11008K) Class: 1166K(1536K)->1166K(1536K)
[2025-08-01T02:34:23.515+0000] GC(8) Pause Young (Normal) (G1 Evacuation Pause) 1620M->1623M(4096M) 62.841ms
[2025-08-01T02:34:23.515+0000] GC(8) User=0.22s Sys=0.27s Real=0.07s
[2025-08-01T02:34:23.531+0000] GC(9) Pause Young (Normal) (G1 Evacuation Pause)
[2025-08-01T02:34:23.531+0000] GC(9) Using 8 workers of 8 for evacuation
[2025-08-01T02:34:23.595+0000] GC(9)   Pre Evacuate Collection Set: 0.1ms
[2025-08-01T02:34:23.595+0000] GC(9)   Evacuate Collection Set: 63.2ms
[2025-08-01T02:34:23.595+0000] GC(9)   Post Evacuate Collection Set: 0.6ms
[2025-08-01T02:34:23.595+0000] GC(9)   Other: 0.3ms
[2025-08-01T02:34:23.595+0000] GC(9) Eden regions: 89->0(89)
[2025-08-01T02:34:23.595+0000] GC(9) Survivor regions: 13->13(13)
[2025-08-01T02:34:23.595+0000] GC(9) Old regions: 800->892
[2025-08-01T02:34:23.595+0000] GC(9) Humongous regions: 0->0
[2025-08-01T02:34:23.595+0000] GC(9) Metaspace: 9706K(12544K)->9706K(12544K) NonClass: 8540K(11008K)->8540K(11008K) Class: 1166K(1536K)->1166K(1536K)
[2025-08-01T02:34:23.595+0000] GC(9) Pause Young (Normal) (G1 Evacuation Pause) 1801M->1806M(4096M) 64.292ms
[2025-08-01T02:34:23.595+0000] GC(9) User=0.25s Sys=0.25s Real=0.07s
[2025-08-01T02:34:23.664+0000] GC(10) Pause Young (Normal) (G1 Evacuation Pause)
[2025-08-01T02:34:23.664+0000] GC(10) Using 8 workers of 8 for evacuation
[2025-08-01T02:34:23.735+0000] GC(10)   Pre Evacuate Collection Set: 0.1ms
[2025-08-01T02:34:23.735+0000] GC(10)   Evacuate Collection Set: 69.0ms
[2025-08-01T02:34:23.735+0000] GC(10)   Post Evacuate Collection Set: 0.8ms
[2025-08-01T02:34:23.735+0000] GC(10)   Other: 0.3ms
[2025-08-01T02:34:23.735+0000] GC(10) Eden regions: 89->0(89)
[2025-08-01T02:34:23.735+0000] GC(10) Survivor regions: 13->13(13)
[2025-08-01T02:34:23.735+0000] GC(10) Old regions: 892->950
[2025-08-01T02:34:23.735+0000] GC(10) Humongous regions: 0->0
[2025-08-01T02:34:23.735+0000] GC(10) Metaspace: 9706K(12544K)->9706K(12544K) NonClass: 8540K(11008K)->8540K(11008K) Class: 1166K(1536K)->1166K(1536K)
[2025-08-01T02:34:23.735+0000] GC(10) Pause Young (Normal) (G1 Evacuation Pause) 1984M->1922M(4096M) 70.382ms
[2025-08-01T02:34:23.735+0000] GC(10) User=0.26s Sys=0.28s Real=0.07s
[2025-08-01T02:34:23.751+0000] GC(11) Pause Young (Concurrent Start) (G1 Evacuation Pause)
[2025-08-01T02:34:23.752+0000] GC(11) Using 8 workers of 8 for evacuation
[2025-08-01T02:34:23.826+0000] GC(11)   Pre Evacuate Collection Set: 0.1ms
[2025-08-01T02:34:23.826+0000] GC(11)   Evacuate Collection Set: 72.7ms
[2025-08-01T02:34:23.826+0000] GC(11)   Post Evacuate Collection Set: 0.7ms
[2025-08-01T02:34:23.826+0000] GC(11)   Other: 0.6ms
[2025-08-01T02:34:23.826+0000] GC(11) Eden regions: 89->0(89)
[2025-08-01T02:34:23.826+0000] GC(11) Survivor regions: 13->13(13)
[2025-08-01T02:34:23.826+0000] GC(11) Old regions: 950->1040
[2025-08-01T02:34:23.826+0000] GC(11) Humongous regions: 0->0
[2025-08-01T02:34:23.826+0000] GC(11) Metaspace: 9706K(12544K)->9706K(12544K) NonClass: 8540K(11008K)->8540K(11008K) Class: 1166K(1536K)->1166K(1536K)
[2025-08-01T02:34:23.826+0000] GC(11) Pause Young (Concurrent Start) (G1 Evacuation Pause) 2100M->2103M(4096M) 74.238ms
[2025-08-01T02:34:23.826+0000] GC(11) User=0.28s Sys=0.29s Real=0.08s
[2025-08-01T02:34:23.826+0000] GC(12) Concurrent Cycle
[2025-08-01T02:34:23.826+0000] GC(12) Concurrent Clear Claimed Marks
[2025-08-01T02:34:23.826+0000] GC(12) Concurrent Clear Claimed Marks 0.133ms
[2025-08-01T02:34:23.826+0000] GC(12) Concurrent Scan Root Regions
[2025-08-01T02:34:23.831+0000] GC(12) Concurrent Scan Root Regions 4.601ms
[2025-08-01T02:34:23.831+0000] GC(12) Concurrent Mark (2.826s)
[2025-08-01T02:34:23.831+0000] GC(12) Concurrent Mark From Roots
[2025-08-01T02:34:23.831+0000] GC(12) Using 2 workers of 2 for marking
[2025-08-01T02:34:23.893+0000] GC(13) Pause Young (Normal) (G1 Evacuation Pause)
[2025-08-01T02:34:23.893+0000] GC(13) Using 8 workers of 8 for evacuation
[2025-08-01T02:34:23.951+0000] GC(13)   Pre Evacuate Collection Set: 0.1ms
[2025-08-01T02:34:23.951+0000] GC(13)   Evacuate Collection Set: 56.7ms
[2025-08-01T02:34:23.951+0000] GC(13)   Post Evacuate Collection Set: 0.5ms
[2025-08-01T02:34:23.951+0000] GC(13)   Other: 0.2ms
[2025-08-01T02:34:23.951+0000] GC(13) Eden regions: 89->0(89)
[2025-08-01T02:34:23.951+0000] GC(13) Survivor regions: 13->13(13)
[2025-08-01T02:34:23.951+0000] GC(13) Old regions: 1040->1131
[2025-08-01T02:34:23.951+0000] GC(13) Humongous regions: 0->0
[2025-08-01T02:34:23.951+0000] GC(13) Metaspace: 9706K(12544K)->9706K(12544K) NonClass: 8540K(11008K)->8540K(11008K) Class: 1166K(1536K)->1166K(1536K)
[2025-08-01T02:34:23.951+0000] GC(13) Pause Young (Normal) (G1 Evacuation Pause) 2281M->2284M(4096M) 57.654ms
[2025-08-01T02:34:23.951+0000] GC(13) User=0.21s Sys=0.24s Real=0.05s
[2025-08-01T02:34:23.971+0000] GC(14) Pause Young (Normal) (G1 Evacuation Pause)
[2025-08-01T02:34:23.971+0000] GC(14) Using 8 workers of 8 for evacuation
[2025-08-01T02:34:24.047+0000] GC(14)   Pre Evacuate Collection Set: 0.1ms
[2025-08-01T02:34:24.047+0000] GC(14)   Evacuate Collection Set: 75.1ms
[2025-08-01T02:34:24.047+0000] GC(14)   Post Evacuate Collection Set: 0.6ms
[2025-08-01T02:34:24.047+0000] GC(14)   Other: 0.3ms
[2025-08-01T02:34:24.047+0000] GC(14) Eden regions: 89->0(89)
[2025-08-01T02:34:24.047+0000] GC(14) Survivor regions: 13->13(13)
[2025-08-01T02:34:24.047+0000] GC(14) Old regions: 1131->1222
[2025-08-01T02:34:24.047+0000] GC(14) Humongous regions: 0->0
[2025-08-01T02:34:24.047+0000] GC(14) Metaspace: 9706K(12544K)->9706K(12544K) NonClass: 8540K(11008K)->8540K(11008K) Class: 1166K(1536K)->1166K(1536K)
[2025-08-01T02:34:24.047+0000] GC(14) Pause Young (Normal) (G1 Evacuation Pause) 2462M->2466M(4096M) 76.347ms
[2025-08-01T02:34:24.047+0000] GC(14) User=0.24s Sys=0.36s Real=0.08s
[2025-08-01T02:34:24.093+0000] GC(12) Concurrent Mark From Roots 262.411ms
[2025-08-01T02:34:24.093+0000] GC(12) Concurrent Preclean
[2025-08-01T02:34:24.094+0000] GC(12) Concurrent Preclean 0.311ms
[2025-08-01T02:34:24.094+0000] GC(12) Concurrent Mark (2.826s, 3.089s) 262.822ms
[2025-08-01T02:34:24.094+0000] GC(12) Pause Remark
[2025-08-01T02:34:24.096+0000] GC(12) Cleaned string and symbol table, strings: 2906 processed, 14 removed, symbols: 23497 processed, 8 removed
[2025-08-01T02:34:24.099+0000] GC(12) Pause Remark 2526M->788M(4096M) 4.667ms
[2025-08-01T02:34:24.099+0000] GC(12) User=0.02s Sys=0.00s Real=0.00s
[2025-08-01T02:34:24.099+0000] GC(12) Concurrent Rebuild Remembered Sets
[2025-08-01T02:34:24.112+0000] GC(15) Pause Young (Normal) (G1 Evacuation Pause)
[2025-08-01T02:34:24.112+0000] GC(15) Using 8 workers of 8 for evacuation
[2025-08-01T02:34:24.144+0000] GC(15)   Pre Evacuate Collection Set: 0.1ms
[2025-08-01T02:34:24.144+0000] GC(15)   Evacuate Collection Set: 30.7ms
[2025-08-01T02:34:24.144+0000] GC(15)   Post Evacuate Collection Set: 0.7ms
[2025-08-01T02:34:24.144+0000] GC(15)   Other: 0.3ms
[2025-08-01T02:34:24.144+0000] GC(15) Eden regions: 89->0(89)
[2025-08-01T02:34:24.144+0000] GC(15) Survivor regions: 13->13(13)
[2025-08-01T02:34:24.144+0000] GC(15) Old regions: 353->444
[2025-08-01T02:34:24.144+0000] GC(15) Humongous regions: 0->0
[2025-08-01T02:34:24.144+0000] GC(15) Metaspace: 9706K(12544K)->9706K(12544K) NonClass: 8540K(11008K)->8540K(11008K) Class: 1166K(1536K)->1166K(1536K)
[2025-08-01T02:34:24.144+0000] GC(15) Pause Young (Normal) (G1 Evacuation Pause) 906M->910M(4096M) 31.866ms
[2025-08-01T02:34:24.144+0000] GC(15) User=0.25s Sys=0.00s Real=0.04s
[2025-08-01T02:34:24.160+0000] GC(16) Pause Young (Normal) (G1 Evacuation Pause)
[2025-08-01T02:34:24.160+0000] GC(16) Using 8 workers of 8 for evacuation
[2025-08-01T02:34:24.191+0000] GC(16)   Pre Evacuate Collection Set: 0.1ms
[2025-08-01T02:34:24.191+0000] GC(16)   Evacuate Collection Set: 30.0ms
[2025-08-01T02:34:24.191+0000] GC(16)   Post Evacuate Collection Set: 0.7ms
[2025-08-01T02:34:24.191+0000] GC(16)   Other: 0.3ms
[2025-08-01T02:34:24.191+0000] GC(16) Eden regions: 89->0(89)
[2025-08-01T02:34:24.191+0000] GC(16) Survivor regions: 13->13(13)
[2025-08-01T02:34:24.191+0000] GC(16) Old regions: 444->535
[2025-08-01T02:34:24.191+0000] GC(16) Humongous regions: 0->0
[2025-08-01T02:34:24.191+0000] GC(16) Metaspace: 9706K(12544K)->9706K(12544K) NonClass: 8540K(11008K)->8540K(11008K) Class: 1166K(1536K)->1166K(1536K)
[2025-08-01T02:34:24.191+0000] GC(16) Pause Young (Normal) (G1 Evacuation Pause) 1088M->1092M(4096M) 31.221ms
[2025-08-01T02:34:24.191+0000] GC(16) User=0.23s Sys=0.00s Real=0.03s
[2025-08-01T02:34:24.265+0000] GC(17) Pause Young (Normal) (G1 Evacuation Pause)
[2025-08-01T02:34:24.265+0000] GC(17) Using 8 workers of 8 for evacuation
[2025-08-01T02:34:24.336+0000] GC(17)   Pre Evacuate Collection Set: 0.1ms
[2025-08-01T02:34:24.336+0000] GC(17)   Evacuate Collection Set: 70.1ms
[2025-08-01T02:34:24.336+0000] GC(17)   Post Evacuate Collection Set: 0.6ms
[2025-08-01T02:34:24.336+0000] GC(17)   Other: 0.3ms
[2025-08-01T02:34:24.336+0000] GC(17) Eden regions: 89->0(89)
[2025-08-01T02:34:24.336+0000] GC(17) Survivor regions: 13->13(13)
[2025-08-01T02:34:24.336+0000] GC(17) Old regions: 535->625
[2025-08-01T02:34:24.336+0000] GC(17) Humongous regions: 0->0
[2025-08-01T02:34:24.336+0000] GC(17) Metaspace: 9706K(12544K)->9706K(12544K) NonClass: 8540K(11008K)->8540K(11008K) Class: 1166K(1536K)->1166K(1536K)
[2025-08-01T02:34:24.336+0000] GC(17) Pause Young (Normal) (G1 Evacuation Pause) 1270M->1273M(4096M) 71.289ms
[2025-08-01T02:34:24.336+0000] GC(17) User=0.36s Sys=0.13s Real=0.07s
[2025-08-01T02:34:24.357+0000] GC(18) Pause Young (Normal) (G1 Evacuation Pause)
[2025-08-01T02:34:24.357+0000] GC(18) Using 8 workers of 8 for evacuation
[2025-08-01T02:34:24.393+0000] GC(18)   Pre Evacuate Collection Set: 0.1ms
[2025-08-01T02:34:24.393+0000] GC(18)   Evacuate Collection Set: 34.2ms
[2025-08-01T02:34:24.393+0000] GC(18)   Post Evacuate Collection Set: 0.8ms
[2025-08-01T02:34:24.393+0000] GC(18)   Other: 0.3ms
[2025-08-01T02:34:24.393+0000] GC(18) Eden regions: 89->0(89)
[2025-08-01T02:34:24.393+0000] GC(18) Survivor regions: 13->13(13)
[2025-08-01T02:34:24.393+0000] GC(18) Old regions: 625->716
[2025-08-01T02:34:24.393+0000] GC(18) Humongous regions: 0->0
[2025-08-01T02:34:24.393+0000] GC(18) Metaspace: 9706K(12544K)->9706K(12544K) NonClass: 8540K(11008K)->8540K(11008K) Class: 1166K(1536K)->1166K(1536K)
[2025-08-01T02:34:24.393+0000] GC(18) Pause Young (Normal) (G1 Evacuation Pause) 1451M->1455M(4096M) 35.512ms
[2025-08-01T02:34:24.393+0000] GC(18) User=0.26s Sys=0.01s Real=0.03s
[2025-08-01T02:34:24.406+0000] GC(12) Concurrent Rebuild Remembered Sets 307.336ms
[2025-08-01T02:34:24.407+0000] GC(12) Pause Cleanup
[2025-08-01T02:34:24.408+0000] GC(12) Pause Cleanup 1525M->1525M(4096M) 0.895ms
[2025-08-01T02:34:24.408+0000] GC(12) User=0.00s Sys=0.00s Real=0.00s
[2025-08-01T02:34:24.408+0000] GC(12) Concurrent Cleanup for Next Mark
[2025-08-01T02:34:24.456+0000] GC(12) Concurrent Cleanup for Next Mark 48.798ms
[2025-08-01T02:34:24.457+0000] GC(12) Concurrent Cycle 630.685ms
[2025-08-01T02:34:24.457+0000] GC(19) Pause Young (Normal) (G1 Evacuation Pause)
[2025-08-01T02:34:24.457+0000] GC(19) Using 8 workers of 8 for evacuation
[2025-08-01T02:34:24.497+0000] GC(19)   Pre Evacuate Collection Set: 0.1ms
[2025-08-01T02:34:24.497+0000] GC(19)   Evacuate Collection Set: 38.7ms
[2025-08-01T02:34:24.497+0000] GC(19)   Post Evacuate Collection Set: 1.0ms
[2025-08-01T02:34:24.497+0000] GC(19)   Other: 0.3ms
[2025-08-01T02:34:24.498+0000] GC(19) Eden regions: 89->0(89)
[2025-08-01T02:34:24.498+0000] GC(19) Survivor regions: 13->13(13)
[2025-08-01T02:34:24.498+0000] GC(19) Old regions: 716->806
[2025-08-01T02:34:24.498+0000] GC(19) Humongous regions: 0->0
[2025-08-01T02:34:24.498+0000] GC(19) Metaspace: 9706K(12544K)->9706K(12544K) NonClass: 8540K(11008K)->8540K(11008K) Class: 1166K(1536K)->1166K(1536K)
[2025-08-01T02:34:24.498+0000] GC(19) Pause Young (Normal) (G1 Evacuation Pause) 1633M->1634M(4096M) 40.185ms
[2025-08-01T02:34:24.498+0000] GC(19) User=0.29s Sys=0.02s Real=0.04s
[2025-08-01T02:34:24.514+0000] GC(20) Pause Young (Normal) (G1 Evacuation Pause)
[2025-08-01T02:34:24.514+0000] GC(20) Using 8 workers of 8 for evacuation
[2025-08-01T02:34:24.547+0000] GC(20)   Pre Evacuate Collection Set: 0.1ms
[2025-08-01T02:34:24.547+0000] GC(20)   Evacuate Collection Set: 31.5ms
[2025-08-01T02:34:24.547+0000] GC(20)   Post Evacuate Collection Set: 0.6ms
[2025-08-01T02:34:24.547+0000] GC(20)   Other: 0.3ms
[2025-08-01T02:34:24.547+0000] GC(20) Eden regions: 89->0(89)
[2025-08-01T02:34:24.547+0000] GC(20) Survivor regions: 13->13(13)
[2025-08-01T02:34:24.547+0000] GC(20) Old regions: 806->897
[2025-08-01T02:34:24.547+0000] GC(20) Humongous regions: 0->0
[2025-08-01T02:34:24.547+0000] GC(20) Metaspace: 9706K(12544K)->9706K(12544K) NonClass: 8540K(11008K)->8540K(11008K) Class: 1166K(1536K)->1166K(1536K)
[2025-08-01T02:34:24.547+0000] GC(20) Pause Young (Normal) (G1 Evacuation Pause) 1812M->1816M(4096M) 32.798ms
[2025-08-01T02:34:24.547+0000] GC(20) User=0.24s Sys=0.01s Real=0.03s
[2025-08-01T02:34:24.613+0000] GC(21) Pause Young (Normal) (G1 Evacuation Pause)
[2025-08-01T02:34:24.613+0000] GC(21) Using 8 workers of 8 for evacuation
[2025-08-01T02:34:24.648+0000] GC(21)   Pre Evacuate Collection Set: 0.1ms
[2025-08-01T02:34:24.648+0000] GC(21)   Evacuate Collection Set: 33.7ms
[2025-08-01T02:34:24.648+0000] GC(21)   Post Evacuate Collection Set: 0.8ms
[2025-08-01T02:34:24.648+0000] GC(21)   Other: 0.3ms
[2025-08-01T02:34:24.648+0000] GC(21) Eden regions: 89->0(89)
[2025-08-01T02:34:24.648+0000] GC(21) Survivor regions: 13->13(13)
[2025-08-01T02:34:24.648+0000] GC(21) Old regions: 897->936
[2025-08-01T02:34:24.648+0000] GC(21) Humongous regions: 0->0
[2025-08-01T02:34:24.648+0000] GC(21) Metaspace: 9706K(12544K)->9706K(12544K) NonClass: 8540K(11008K)->8540K(11008K) Class: 1166K(1536K)->1166K(1536K)
[2025-08-01T02:34:24.648+0000] GC(21) Pause Young (Normal) (G1 Evacuation Pause) 1994M->1894M(4096M) 34.998ms
[2025-08-01T02:34:24.648+0000] GC(21) User=0.23s Sys=0.03s Real=0.03s
[2025-08-01T02:34:24.667+0000] GC(22) Pause Young (Concurrent Start) (G1 Evacuation Pause)
[2025-08-01T02:34:24.667+0000] GC(22) Using 8 workers of 8 for evacuation
[2025-08-01T02:34:24.710+0000] GC(22)   Pre Evacuate Collection Set: 0.1ms
[2025-08-01T02:34:24.710+0000] GC(22)   Evacuate Collection Set: 42.0ms
[2025-08-01T02:34:24.710+0000] GC(22)   Post Evacuate Collection Set: 0.8ms
[2025-08-01T02:34:24.710+0000] GC(22)   Other: 0.4ms
[2025-08-01T02:34:24.710+0000] GC(22) Eden regions: 89->0(89)
[2025-08-01T02:34:24.710+0000] GC(22) Survivor regions: 13->13(13)
[2025-08-01T02:34:24.710+0000] GC(22) Old regions: 936->1026
[2025-08-01T02:34:24.710+0000] GC(22) Humongous regions: 0->0
[2025-08-01T02:34:24.710+0000] GC(22) Metaspace: 9706K(12544K)->9706K(12544K) NonClass: 8540K(11008K)->8540K(11008K) Class: 1166K(1536K)->1166K(1536K)
[2025-08-01T02:34:24.710+0000] GC(22) Pause Young (Concurrent Start) (G1 Evacuation Pause) 2072M->2075M(4096M) 43.336ms
[2025-08-01T02:34:24.711+0000] GC(22) User=0.30s Sys=0.04s Real=0.04s
[2025-08-01T02:34:24.711+0000] GC(23) Concurrent Cycle
[2025-08-01T02:34:24.711+0000] GC(23) Concurrent Clear Claimed Marks
[2025-08-01T02:34:24.711+0000] GC(23) Concurrent Clear Claimed Marks 0.061ms
[2025-08-01T02:34:24.711+0000] GC(23) Concurrent Scan Root Regions
[2025-08-01T02:34:24.714+0000] GC(23) Concurrent Scan Root Regions 2.819ms
[2025-08-01T02:34:24.714+0000] GC(23) Concurrent Mark (3.709s)
[2025-08-01T02:34:24.714+0000] GC(23) Concurrent Mark From Roots
[2025-08-01T02:34:24.714+0000] GC(23) Using 2 workers of 2 for marking
[2025-08-01T02:34:24.768+0000] GC(23) Concurrent Mark From Roots 53.981ms
[2025-08-01T02:34:24.768+0000] GC(23) Concurrent Preclean
[2025-08-01T02:34:24.768+0000] GC(23) Concurrent Preclean 0.430ms
[2025-08-01T02:34:24.768+0000] GC(23) Concurrent Mark (3.709s, 3.764s) 54.509ms
[2025-08-01T02:34:24.768+0000] GC(23) Pause Remark
[2025-08-01T02:34:24.771+0000] GC(23) Cleaned string and symbol table, strings: 2892 processed, 0 removed, symbols: 23489 processed, 0 removed
[2025-08-01T02:34:24.773+0000] GC(23) Pause Remark 2251M->529M(4096M) 4.030ms
[2025-08-01T02:34:24.773+0000] GC(23) User=0.01s Sys=0.00s Real=0.00s
[2025-08-01T02:34:24.773+0000] GC(23) Concurrent Rebuild Remembered Sets
[2025-08-01T02:34:24.774+0000] GC(24) Pause Young (Normal) (G1 Evacuation Pause)
[2025-08-01T02:34:24.774+0000] GC(24) Using 8 workers of 8 for evacuation
[2025-08-01T02:34:24.811+0000] GC(24)   Pre Evacuate Collection Set: 0.0ms
[2025-08-01T02:34:24.811+0000] GC(24)   Evacuate Collection Set: 36.2ms
[2025-08-01T02:34:24.811+0000] GC(24)   Post Evacuate Collection Set: 0.6ms
[2025-08-01T02:34:24.811+0000] GC(24)   Other: 0.3ms
[2025-08-01T02:34:24.811+0000] GC(24) Eden regions: 89->0(89)
[2025-08-01T02:34:24.811+0000] GC(24) Survivor regions: 13->13(13)
[2025-08-01T02:34:24.811+0000] GC(24) Old regions: 165->256
[2025-08-01T02:34:24.811+0000] GC(24) Humongous regions: 0->0
[2025-08-01T02:34:24.811+0000] GC(24) Metaspace: 9706K(12544K)->9706K(12544K) NonClass: 8540K(11008K)->8540K(11008K) Class: 1166K(1536K)->1166K(1536K)
[2025-08-01T02:34:24.811+0000] GC(24) Pause Young (Normal) (G1 Evacuation Pause) 531M->535M(4096M) 37.334ms
[2025-08-01T02:34:24.811+0000] GC(24) User=0.26s Sys=0.00s Real=0.03s
[2025-08-01T02:34:24.827+0000] GC(25) Pause Young (Normal) (G1 Evacuation Pause)
[2025-08-01T02:34:24.827+0000] GC(25) Using 8 workers of 8 for evacuation
[2025-08-01T02:34:24.867+0000] GC(25)   Pre Evacuate Collection Set: 0.1ms
[2025-08-01T02:34:24.868+0000] GC(25)   Evacuate Collection Set: 39.3ms
[2025-08-01T02:34:24.868+0000] GC(25)   Post Evacuate Collection Set: 1.1ms
[2025-08-01T02:34:24.868+0000] GC(25)   Other: 0.3ms
[2025-08-01T02:34:24.868+0000] GC(25) Eden regions: 89->0(89)
[2025-08-01T02:34:24.868+0000] GC(25) Survivor regions: 13->13(13)
[2025-08-01T02:34:24.868+0000] GC(25) Old regions: 256->347
[2025-08-01T02:34:24.868+0000] GC(25) Humongous regions: 0->0
[2025-08-01T02:34:24.868+0000] GC(25) Metaspace: 9706K(12544K)->9706K(12544K) NonClass: 8540K(11008K)->8540K(11008K) Class: 1166K(1536K)->1166K(1536K)
[2025-08-01T02:34:24.868+0000] GC(25) Pause Young (Normal) (G1 Evacuation Pause) 713M->716M(4096M) 40.982ms
[2025-08-01T02:34:24.868+0000] GC(25) User=0.30s Sys=0.01s Real=0.04s
[2025-08-01T02:34:24.884+0000] GC(26) Pause Young (Normal) (G1 Evacuation Pause)
[2025-08-01T02:34:24.884+0000] GC(26) Using 8 workers of 8 for evacuation
[2025-08-01T02:34:24.919+0000] GC(26)   Pre Evacuate Collection Set: 0.1ms
[2025-08-01T02:34:24.920+0000] GC(26)   Evacuate Collection Set: 34.0ms
[2025-08-01T02:34:24.920+0000] GC(26)   Post Evacuate Collection Set: 0.7ms
[2025-08-01T02:34:24.920+0000] GC(26)   Other: 0.3ms
[2025-08-01T02:34:24.920+0000] GC(26) Eden regions: 89->0(89)
[2025-08-01T02:34:24.920+0000] GC(26) Survivor regions: 13->13(13)
[2025-08-01T02:34:24.920+0000] GC(26) Old regions: 347->437
[2025-08-01T02:34:24.920+0000] GC(26) Humongous regions: 0->0
[2025-08-01T02:34:24.920+0000] GC(26) Metaspace: 9706K(12544K)->9706K(12544K) NonClass: 8540K(11008K)->8540K(11008K) Class: 1166K(1536K)->1166K(1536K)
[2025-08-01T02:34:24.920+0000] GC(26) Pause Young (Normal) (G1 Evacuation Pause) 894M->897M(4096M) 35.224ms
[2025-08-01T02:34:24.920+0000] GC(26) User=0.25s Sys=0.01s Real=0.03s
[2025-08-01T02:34:24.938+0000] GC(23) Concurrent Rebuild Remembered Sets 165.390ms
[2025-08-01T02:34:24.939+0000] GC(23) Pause Cleanup
[2025-08-01T02:34:24.939+0000] GC(23) Pause Cleanup 953M->953M(4096M) 0.585ms
[2025-08-01T02:34:24.939+0000] GC(23) User=0.00s Sys=0.00s Real=0.00s
[2025-08-01T02:34:24.939+0000] GC(23) Concurrent Cleanup for Next Mark
[2025-08-01T02:34:24.965+0000] GC(27) Pause Young (Normal) (G1 Evacuation Pause)
[2025-08-01T02:34:24.965+0000] GC(27) Using 8 workers of 8 for evacuation
[2025-08-01T02:34:25.000+0000] GC(27)   Pre Evacuate Collection Set: 0.1ms
[2025-08-01T02:34:25.000+0000] GC(27)   Evacuate Collection Set: 34.1ms
[2025-08-01T02:34:25.000+0000] GC(27)   Post Evacuate Collection Set: 0.8ms
[2025-08-01T02:34:25.000+0000] GC(27)   Other: 0.4ms
[2025-08-01T02:34:25.000+0000] GC(27) Eden regions: 89->0(89)
[2025-08-01T02:34:25.000+0000] GC(27) Survivor regions: 13->13(13)
[2025-08-01T02:34:25.000+0000] GC(27) Old regions: 437->528
[2025-08-01T02:34:25.000+0000] GC(27) Humongous regions: 0->0
[2025-08-01T02:34:25.000+0000] GC(27) Metaspace: 9706K(12544K)->9706K(12544K) NonClass: 8540K(11008K)->8540K(11008K) Class: 1166K(1536K)->1166K(1536K)
[2025-08-01T02:34:25.000+0000] GC(27) Pause Young (Normal) (G1 Evacuation Pause) 1075M->1078M(4096M) 35.521ms
[2025-08-01T02:34:25.000+0000] GC(27) User=0.25s Sys=0.00s Real=0.03s
[2025-08-01T02:34:25.029+0000] GC(28) Pause Young (Normal) (G1 Evacuation Pause)
[2025-08-01T02:34:25.029+0000] GC(28) Using 8 workers of 8 for evacuation
[2025-08-01T02:34:25.065+0000] GC(28)   Pre Evacuate Collection Set: 0.1ms
[2025-08-01T02:34:25.065+0000] GC(28)   Evacuate Collection Set: 35.4ms
[2025-08-01T02:34:25.065+0000] GC(28)   Post Evacuate Collection Set: 0.7ms
[2025-08-01T02:34:25.065+0000] GC(28)   Other: 0.4ms
[2025-08-01T02:34:25.065+0000] GC(28) Eden regions: 89->0(89)
[2025-08-01T02:34:25.065+0000] GC(28) Survivor regions: 13->13(13)
[2025-08-01T02:34:25.065+0000] GC(28) Old regions: 528->619
[2025-08-01T02:34:25.065+0000] GC(28) Humongous regions: 0->0
[2025-08-01T02:34:25.065+0000] GC(28) Metaspace: 9706K(12544K)->9706K(12544K) NonClass: 8540K(11008K)->8540K(11008K) Class: 1166K(1536K)->1166K(1536K)
[2025-08-01T02:34:25.065+0000] GC(28) Pause Young (Normal) (G1 Evacuation Pause) 1256M->1260M(4096M) 36.677ms
[2025-08-01T02:34:25.065+0000] GC(28) User=0.26s Sys=0.02s Real=0.04s
[2025-08-01T02:34:25.095+0000] GC(29) Pause Young (Normal) (G1 Evacuation Pause)
[2025-08-01T02:34:25.095+0000] GC(29) Using 8 workers of 8 for evacuation
[2025-08-01T02:34:25.130+0000] GC(29)   Pre Evacuate Collection Set: 0.1ms
[2025-08-01T02:34:25.130+0000] GC(29)   Evacuate Collection Set: 33.5ms
[2025-08-01T02:34:25.130+0000] GC(29)   Post Evacuate Collection Set: 0.9ms
[2025-08-01T02:34:25.130+0000] GC(29)   Other: 0.3ms
[2025-08-01T02:34:25.130+0000] GC(29) Eden regions: 89->0(89)
[2025-08-01T02:34:25.130+0000] GC(29) Survivor regions: 13->13(13)
[2025-08-01T02:34:25.130+0000] GC(29) Old regions: 619->679
[2025-08-01T02:34:25.130+0000] GC(29) Humongous regions: 0->0
[2025-08-01T02:34:25.130+0000] GC(29) Metaspace: 9706K(12544K)->9706K(12544K) NonClass: 8540K(11008K)->8540K(11008K) Class: 1166K(1536K)->1166K(1536K)
[2025-08-01T02:34:25.130+0000] GC(29) Pause Young (Normal) (G1 Evacuation Pause) 1438M->1380M(4096M) 34.999ms
[2025-08-01T02:34:25.130+0000] GC(29) User=0.25s Sys=0.02s Real=0.03s
[2025-08-01T02:34:25.156+0000] GC(30) Pause Young (Normal) (G1 Evacuation Pause)
[2025-08-01T02:34:25.156+0000] GC(30) Using 8 workers of 8 for evacuation
[2025-08-01T02:34:25.192+0000] GC(30)   Pre Evacuate Collection Set: 0.1ms
[2025-08-01T02:34:25.192+0000] GC(30)   Evacuate Collection Set: 34.9ms
[2025-08-01T02:34:25.192+0000] GC(30)   Post Evacuate Collection Set: 0.8ms
[2025-08-01T02:34:25.192+0000] GC(30)   Other: 0.3ms
[2025-08-01T02:34:25.193+0000] GC(30) Eden regions: 89->0(89)
[2025-08-01T02:34:25.193+0000] GC(30) Survivor regions: 13->13(13)
[2025-08-01T02:34:25.193+0000] GC(30) Old regions: 679->769
[2025-08-01T02:34:25.193+0000] GC(30) Humongous regions: 0->0
[2025-08-01T02:34:25.193+0000] GC(30) Metaspace: 9706K(12544K)->9706K(12544K) NonClass: 8540K(11008K)->8540K(11008K) Class: 1166K(1536K)->1166K(1536K)
[2025-08-01T02:34:25.193+0000] GC(30) Pause Young (Normal) (G1 Evacuation Pause) 1558M->1561M(4096M) 36.185ms
[2025-08-01T02:34:25.193+0000] GC(30) User=0.26s Sys=0.01s Real=0.03s
[2025-08-01T02:34:25.223+0000] GC(31) Pause Young (Normal) (G1 Evacuation Pause)
[2025-08-01T02:34:25.223+0000] GC(31) Using 8 workers of 8 for evacuation
[2025-08-01T02:34:25.261+0000] GC(31)   Pre Evacuate Collection Set: 0.1ms
[2025-08-01T02:34:25.261+0000] GC(31)   Evacuate Collection Set: 36.6ms
[2025-08-01T02:34:25.261+0000] GC(31)   Post Evacuate Collection Set: 0.7ms
[2025-08-01T02:34:25.261+0000] GC(31)   Other: 0.3ms
[2025-08-01T02:34:25.261+0000] GC(31) Eden regions: 89->0(89)
[2025-08-01T02:34:25.261+0000] GC(31) Survivor regions: 13->13(13)
[2025-08-01T02:34:25.261+0000] GC(31) Old regions: 769->860
[2025-08-01T02:34:25.261+0000] GC(31) Humongous regions: 0->0
[2025-08-01T02:34:25.261+0000] GC(31) Metaspace: 9706K(12544K)->9706K(12544K) NonClass: 8540K(11008K)->8540K(11008K) Class: 1166K(1536K)->1166K(1536K)
[2025-08-01T02:34:25.261+0000] GC(31) Pause Young (Normal) (G1 Evacuation Pause) 1739M->1742M(4096M) 37.918ms
[2025-08-01T02:34:25.261+0000] GC(31) User=0.26s Sys=0.02s Real=0.03s
[2025-08-01T02:34:25.284+0000] GC(32) Pause Young (Normal) (G1 Evacuation Pause)
[2025-08-01T02:34:25.284+0000] GC(32) Using 8 workers of 8 for evacuation
[2025-08-01T02:34:25.315+0000] GC(32)   Pre Evacuate Collection Set: 0.1ms
[2025-08-01T02:34:25.315+0000] GC(32)   Evacuate Collection Set: 30.4ms
[2025-08-01T02:34:25.315+0000] GC(32)   Post Evacuate Collection Set: 0.6ms
[2025-08-01T02:34:25.315+0000] GC(32)   Other: 0.3ms
[2025-08-01T02:34:25.316+0000] GC(32) Eden regions: 89->0(89)
[2025-08-01T02:34:25.316+0000] GC(32) Survivor regions: 13->13(13)
[2025-08-01T02:34:25.316+0000] GC(32) Old regions: 860->936
[2025-08-01T02:34:25.316+0000] GC(32) Humongous regions: 0->0
[2025-08-01T02:34:25.316+0000] GC(32) Metaspace: 9706K(12544K)->9706K(12544K) NonClass: 8540K(11008K)->8540K(11008K) Class: 1166K(1536K)->1166K(1536K)
[2025-08-01T02:34:25.316+0000] GC(32) Pause Young (Normal) (G1 Evacuation Pause) 1920M->1895M(4096M) 31.547ms
[2025-08-01T02:34:25.316+0000] GC(32) User=0.24s Sys=0.01s Real=0.03s
[2025-08-01T02:34:25.348+0000] GC(33) Pause Young (Normal) (G1 Evacuation Pause)
[2025-08-01T02:34:25.348+0000] GC(33) Using 8 workers of 8 for evacuation
[2025-08-01T02:34:25.368+0000] GC(33)   Pre Evacuate Collection Set: 0.1ms
[2025-08-01T02:34:25.368+0000] GC(33)   Evacuate Collection Set: 19.4ms
[2025-08-01T02:34:25.368+0000] GC(33)   Post Evacuate Collection Set: 0.7ms
[2025-08-01T02:34:25.368+0000] GC(33)   Other: 0.3ms
[2025-08-01T02:34:25.368+0000] GC(33) Eden regions: 89->0(89)
[2025-08-01T02:34:25.368+0000] GC(33) Survivor regions: 13->13(13)
[2025-08-01T02:34:25.368+0000] GC(33) Old regions: 936->981
[2025-08-01T02:34:25.368+0000] GC(33) Humongous regions: 0->0
[2025-08-01T02:34:25.368+0000] GC(33) Metaspace: 9706K(12544K)->9706K(12544K) NonClass: 8540K(11008K)->8540K(11008K) Class: 1166K(1536K)->1166K(1536K)
[2025-08-01T02:34:25.368+0000] GC(33) Pause Young (Normal) (G1 Evacuation Pause) 2073M->1984M(4096M) 20.683ms
[2025-08-01T02:34:25.368+0000] GC(33) User=0.13s Sys=0.01s Real=0.02s
[2025-08-01T02:34:25.405+0000] GC(34) Pause Young (Normal) (G1 Evacuation Pause)
[2025-08-01T02:34:25.405+0000] GC(34) Using 8 workers of 8 for evacuation
[2025-08-01T02:34:25.444+0000] GC(34)   Pre Evacuate Collection Set: 0.2ms
[2025-08-01T02:34:25.444+0000] GC(34)   Evacuate Collection Set: 37.8ms
[2025-08-01T02:34:25.444+0000] GC(34)   Post Evacuate Collection Set: 0.7ms
[2025-08-01T02:34:25.444+0000] GC(34)   Other: 0.3ms
[2025-08-01T02:34:25.444+0000] GC(34) Eden regions: 89->0(89)
[2025-08-01T02:34:25.444+0000] GC(34) Survivor regions: 13->13(13)
[2025-08-01T02:34:25.444+0000] GC(34) Old regions: 981->1071
[2025-08-01T02:34:25.444+0000] GC(34) Humongous regions: 0->0
[2025-08-01T02:34:25.444+0000] GC(34) Metaspace: 9706K(12544K)->9706K(12544K) NonClass: 8540K(11008K)->8540K(11008K) Class: 1166K(1536K)->1166K(1536K)
[2025-08-01T02:34:25.444+0000] GC(34) Pause Young (Normal) (G1 Evacuation Pause) 2162M->2165M(4096M) 39.176ms
[2025-08-01T02:34:25.444+0000] GC(34) User=0.26s Sys=0.02s Real=0.04s
[2025-08-01T02:34:25.466+0000] GC(35) Pause Young (Normal) (G1 Evacuation Pause)
[2025-08-01T02:34:25.466+0000] GC(35) Using 8 workers of 8 for evacuation
[2025-08-01T02:34:25.496+0000] GC(35)   Pre Evacuate Collection Set: 0.1ms
[2025-08-01T02:34:25.496+0000] GC(35)   Evacuate Collection Set: 29.4ms
[2025-08-01T02:34:25.496+0000] GC(35)   Post Evacuate Collection Set: 0.6ms
[2025-08-01T02:34:25.496+0000] GC(35)   Other: 0.2ms
[2025-08-01T02:34:25.496+0000] GC(35) Eden regions: 89->0(89)
[2025-08-01T02:34:25.496+0000] GC(35) Survivor regions: 13->13(13)
[2025-08-01T02:34:25.496+0000] GC(35) Old regions: 1071->1162
[2025-08-01T02:34:25.497+0000] GC(35) Humongous regions: 0->0
[2025-08-01T02:34:25.497+0000] GC(35) Metaspace: 9706K(12544K)->9706K(12544K) NonClass: 8540K(11008K)->8540K(11008K) Class: 1166K(1536K)->1166K(1536K)
[2025-08-01T02:34:25.497+0000] GC(35) Pause Young (Normal) (G1 Evacuation Pause) 2343M->2346M(4096M) 30.493ms
[2025-08-01T02:34:25.497+0000] GC(35) User=0.23s Sys=0.00s Real=0.03s
[2025-08-01T02:34:25.533+0000] GC(36) Pause Young (Normal) (G1 Evacuation Pause)
[2025-08-01T02:34:25.533+0000] GC(36) Using 8 workers of 8 for evacuation
[2025-08-01T02:34:25.584+0000] GC(36)   Pre Evacuate Collection Set: 0.1ms
[2025-08-01T02:34:25.584+0000] GC(36)   Evacuate Collection Set: 50.3ms
[2025-08-01T02:34:25.585+0000] GC(36)   Post Evacuate Collection Set: 0.5ms
[2025-08-01T02:34:25.585+0000] GC(36)   Other: 0.3ms
[2025-08-01T02:34:25.585+0000] GC(36) Eden regions: 89->0(89)
[2025-08-01T02:34:25.585+0000] GC(36) Survivor regions: 13->13(13)
[2025-08-01T02:34:25.585+0000] GC(36) Old regions: 1162->1252
[2025-08-01T02:34:25.585+0000] GC(36) Humongous regions: 0->0
[2025-08-01T02:34:25.585+0000] GC(36) Metaspace: 9706K(12544K)->9706K(12544K) NonClass: 8540K(11008K)->8540K(11008K) Class: 1166K(1536K)->1166K(1536K)
[2025-08-01T02:34:25.585+0000] GC(36) Pause Young (Normal) (G1 Evacuation Pause) 2524M->2527M(4096M) 51.292ms
[2025-08-01T02:34:25.585+0000] GC(36) User=0.27s Sys=0.12s Real=0.05s
[2025-08-01T02:34:25.606+0000] GC(37) Pause Young (Normal) (G1 Evacuation Pause)
[2025-08-01T02:34:25.606+0000] GC(37) Using 8 workers of 8 for evacuation
[2025-08-01T02:34:25.688+0000] GC(37)   Pre Evacuate Collection Set: 0.1ms
[2025-08-01T02:34:25.688+0000] GC(37)   Evacuate Collection Set: 80.2ms
[2025-08-01T02:34:25.688+0000] GC(37)   Post Evacuate Collection Set: 1.1ms
[2025-08-01T02:34:25.688+0000] GC(37)   Other: 0.4ms
[2025-08-01T02:34:25.688+0000] GC(37) Eden regions: 89->0(89)
[2025-08-01T02:34:25.688+0000] GC(37) Survivor regions: 13->13(13)
[2025-08-01T02:34:25.688+0000] GC(37) Old regions: 1252->1343
[2025-08-01T02:34:25.688+0000] GC(37) Humongous regions: 0->0
[2025-08-01T02:34:25.688+0000] GC(37) Metaspace: 9706K(12544K)->9706K(12544K) NonClass: 8540K(11008K)->8540K(11008K) Class: 1166K(1536K)->1166K(1536K)
[2025-08-01T02:34:25.688+0000] GC(37) Pause Young (Normal) (G1 Evacuation Pause) 2705M->2708M(4096M) 81.739ms
[2025-08-01T02:34:25.688+0000] GC(37) User=0.26s Sys=0.38s Real=0.08s
[2025-08-01T02:34:25.713+0000] GC(38) Pause Young (Normal) (G1 Evacuation Pause)
[2025-08-01T02:34:25.713+0000] GC(38) Using 8 workers of 8 for evacuation
[2025-08-01T02:34:25.786+0000] GC(38)   Pre Evacuate Collection Set: 0.1ms
[2025-08-01T02:34:25.786+0000] GC(38)   Evacuate Collection Set: 72.0ms
[2025-08-01T02:34:25.786+0000] GC(38)   Post Evacuate Collection Set: 0.6ms
[2025-08-01T02:34:25.786+0000] GC(38)   Other: 0.3ms
[2025-08-01T02:34:25.786+0000] GC(38) Eden regions: 89->0(89)
[2025-08-01T02:34:25.786+0000] GC(38) Survivor regions: 13->13(13)
[2025-08-01T02:34:25.786+0000] GC(38) Old regions: 1343->1434
[2025-08-01T02:34:25.786+0000] GC(38) Humongous regions: 0->0
[2025-08-01T02:34:25.786+0000] GC(38) Metaspace: 9706K(12544K)->9706K(12544K) NonClass: 8540K(11008K)->8540K(11008K) Class: 1166K(1536K)->1166K(1536K)
[2025-08-01T02:34:25.786+0000] GC(38) Pause Young (Normal) (G1 Evacuation Pause) 2886M->2890M(4096M) 73.089ms
[2025-08-01T02:34:25.786+0000] GC(38) User=0.22s Sys=0.36s Real=0.07s
[2025-08-01T02:34:25.815+0000] GC(39) Pause Young (Normal) (G1 Evacuation Pause)
[2025-08-01T02:34:25.815+0000] GC(39) Using 8 workers of 8 for evacuation
[2025-08-01T02:34:25.896+0000] GC(39)   Pre Evacuate Collection Set: 0.1ms
[2025-08-01T02:34:25.896+0000] GC(39)   Evacuate Collection Set: 80.4ms
[2025-08-01T02:34:25.896+0000] GC(39)   Post Evacuate Collection Set: 0.4ms
[2025-08-01T02:34:25.896+0000] GC(39)   Other: 0.2ms
[2025-08-01T02:34:25.896+0000] GC(39) Eden regions: 89->0(89)
[2025-08-01T02:34:25.896+0000] GC(39) Survivor regions: 13->13(13)
[2025-08-01T02:34:25.896+0000] GC(39) Old regions: 1434->1512
[2025-08-01T02:34:25.896+0000] GC(39) Humongous regions: 0->0
[2025-08-01T02:34:25.896+0000] GC(39) Metaspace: 9706K(12544K)->9706K(12544K) NonClass: 8540K(11008K)->8540K(11008K) Class: 1166K(1536K)->1166K(1536K)
[2025-08-01T02:34:25.896+0000] GC(39) Pause Young (Normal) (G1 Evacuation Pause) 3068M->3047M(4096M) 81.118ms
[2025-08-01T02:34:25.896+0000] GC(39) User=0.29s Sys=0.34s Real=0.08s
[2025-08-01T02:34:25.920+0000] GC(40) Pause Young (Normal) (G1 Evacuation Pause)
[2025-08-01T02:34:25.920+0000] GC(40) Using 8 workers of 8 for evacuation
[2025-08-01T02:34:25.991+0000] GC(40)   Pre Evacuate Collection Set: 0.1ms
[2025-08-01T02:34:25.992+0000] GC(40)   Evacuate Collection Set: 70.6ms
[2025-08-01T02:34:25.992+0000] GC(40)   Post Evacuate Collection Set: 0.6ms
[2025-08-01T02:34:25.992+0000] GC(40)   Other: 0.2ms
[2025-08-01T02:34:25.992+0000] GC(40) Eden regions: 89->0(89)
[2025-08-01T02:34:25.992+0000] GC(40) Survivor regions: 13->13(13)
[2025-08-01T02:34:25.992+0000] GC(40) Old regions: 1512->1603
[2025-08-01T02:34:25.992+0000] GC(40) Humongous regions: 0->0
[2025-08-01T02:34:25.992+0000] GC(40) Metaspace: 9706K(12544K)->9706K(12544K) NonClass: 8540K(11008K)->8540K(11008K) Class: 1166K(1536K)->1166K(1536K)
[2025-08-01T02:34:25.992+0000] GC(40) Pause Young (Normal) (G1 Evacuation Pause) 3225M->3229M(4096M) 71.666ms
[2025-08-01T02:34:25.992+0000] GC(40) User=0.25s Sys=0.31s Real=0.07s
[2025-08-01T02:34:26.019+0000] GC(41) Pause Young (Normal) (G1 Evacuation Pause)
[2025-08-01T02:34:26.019+0000] GC(41) Using 8 workers of 8 for evacuation
[2025-08-01T02:34:26.109+0000] GC(41)   Pre Evacuate Collection Set: 0.1ms
[2025-08-01T02:34:26.109+0000] GC(41)   Evacuate Collection Set: 88.5ms
[2025-08-01T02:34:26.109+0000] GC(41)   Post Evacuate Collection Set: 0.5ms
[2025-08-01T02:34:26.109+0000] GC(41)   Other: 0.3ms
[2025-08-01T02:34:26.109+0000] GC(41) Eden regions: 89->0(89)
[2025-08-01T02:34:26.109+0000] GC(41) Survivor regions: 13->13(13)
[2025-08-01T02:34:26.109+0000] GC(41) Old regions: 1603->1693
[2025-08-01T02:34:26.109+0000] GC(41) Humongous regions: 0->0
[2025-08-01T02:34:26.109+0000] GC(41) Metaspace: 9706K(12544K)->9706K(12544K) NonClass: 8540K(11008K)->8540K(11008K) Class: 1166K(1536K)->1166K(1536K)
[2025-08-01T02:34:26.109+0000] GC(41) Pause Young (Normal) (G1 Evacuation Pause) 3407M->3409M(4096M) 90.126ms
[2025-08-01T02:34:26.110+0000] GC(41) User=0.27s Sys=0.43s Real=0.09s
[2025-08-01T02:34:26.136+0000] GC(42) Pause Young (Normal) (G1 Evacuation Pause)
[2025-08-01T02:34:26.136+0000] GC(42) Using 8 workers of 8 for evacuation
[2025-08-01T02:34:26.209+0000] GC(42)   Pre Evacuate Collection Set: 0.1ms
[2025-08-01T02:34:26.209+0000] GC(42)   Evacuate Collection Set: 72.2ms
[2025-08-01T02:34:26.209+0000] GC(42)   Post Evacuate Collection Set: 0.7ms
[2025-08-01T02:34:26.209+0000] GC(42)   Other: 0.4ms
[2025-08-01T02:34:26.209+0000] GC(42) Eden regions: 89->0(89)
[2025-08-01T02:34:26.209+0000] GC(42) Survivor regions: 13->13(13)
[2025-08-01T02:34:26.209+0000] GC(42) Old regions: 1693->1768
[2025-08-01T02:34:26.209+0000] GC(42) Humongous regions: 0->0
[2025-08-01T02:34:26.209+0000] GC(42) Metaspace: 9706K(12544K)->9706K(12544K) NonClass: 8540K(11008K)->8540K(11008K) Class: 1166K(1536K)->1166K(1536K)
[2025-08-01T02:34:26.209+0000] GC(42) Pause Young (Normal) (G1 Evacuation Pause) 3587M->3559M(4096M) 73.616ms
[2025-08-01T02:34:26.209+0000] GC(42) User=0.25s Sys=0.32s Real=0.07s
[2025-08-01T02:34:26.221+0000] GC(23) Concurrent Cleanup for Next Mark 1282.165ms
[2025-08-01T02:34:26.222+0000] GC(23) Concurrent Cycle 1510.962ms
[2025-08-01T02:34:26.231+0000] GC(43) Pause Young (Normal) (G1 Evacuation Pause)
[2025-08-01T02:34:26.231+0000] GC(43) Using 8 workers of 8 for evacuation
[2025-08-01T02:34:26.295+0000] GC(43)   Pre Evacuate Collection Set: 0.1ms
[2025-08-01T02:34:26.295+0000] GC(43)   Evacuate Collection Set: 63.2ms
[2025-08-01T02:34:26.295+0000] GC(43)   Post Evacuate Collection Set: 0.5ms
[2025-08-01T02:34:26.295+0000] GC(43)   Other: 0.2ms
[2025-08-01T02:34:26.295+0000] GC(43) Eden regions: 89->0(89)
[2025-08-01T02:34:26.295+0000] GC(43) Survivor regions: 13->13(13)
[2025-08-01T02:34:26.295+0000] GC(43) Old regions: 1768->1839
[2025-08-01T02:34:26.295+0000] GC(43) Humongous regions: 0->0
[2025-08-01T02:34:26.295+0000] GC(43) Metaspace: 9706K(12544K)->9706K(12544K) NonClass: 8540K(11008K)->8540K(11008K) Class: 1166K(1536K)->1166K(1536K)
[2025-08-01T02:34:26.295+0000] GC(43) Pause Young (Normal) (G1 Evacuation Pause) 3737M->3701M(4096M) 64.151ms
[2025-08-01T02:34:26.295+0000] GC(43) User=0.20s Sys=0.30s Real=0.07s
[2025-08-01T02:34:26.312+0000] GC(44) Pause Young (Concurrent Start) (G1 Evacuation Pause)
[2025-08-01T02:34:26.312+0000] GC(44) Using 8 workers of 8 for evacuation
[2025-08-01T02:34:26.370+0000] GC(44)   Pre Evacuate Collection Set: 0.1ms
[2025-08-01T02:34:26.370+0000] GC(44)   Evacuate Collection Set: 56.5ms
[2025-08-01T02:34:26.370+0000] GC(44)   Post Evacuate Collection Set: 0.6ms
[2025-08-01T02:34:26.370+0000] GC(44)   Other: 0.3ms
[2025-08-01T02:34:26.370+0000] GC(44) Eden regions: 89->0(89)
[2025-08-01T02:34:26.370+0000] GC(44) Survivor regions: 13->13(13)
[2025-08-01T02:34:26.370+0000] GC(44) Old regions: 1839->1910
[2025-08-01T02:34:26.370+0000] GC(44) Humongous regions: 0->0
[2025-08-01T02:34:26.370+0000] GC(44) Metaspace: 9706K(12544K)->9706K(12544K) NonClass: 8540K(11008K)->8540K(11008K) Class: 1166K(1536K)->1166K(1536K)
[2025-08-01T02:34:26.370+0000] GC(44) Pause Young (Concurrent Start) (G1 Evacuation Pause) 3879M->3842M(4096M) 57.555ms
[2025-08-01T02:34:26.370+0000] GC(44) User=0.20s Sys=0.25s Real=0.06s
[2025-08-01T02:34:26.370+0000] GC(45) Concurrent Cycle
[2025-08-01T02:34:26.370+0000] GC(45) Concurrent Clear Claimed Marks
[2025-08-01T02:34:26.370+0000] GC(45) Concurrent Clear Claimed Marks 0.067ms
[2025-08-01T02:34:26.370+0000] GC(45) Concurrent Scan Root Regions
[2025-08-01T02:34:26.374+0000] GC(45) Concurrent Scan Root Regions 3.345ms
[2025-08-01T02:34:26.374+0000] GC(45) Concurrent Mark (5.369s)
[2025-08-01T02:34:26.374+0000] GC(45) Concurrent Mark From Roots
[2025-08-01T02:34:26.374+0000] GC(45) Using 2 workers of 2 for marking
[2025-08-01T02:34:26.389+0000] GC(46) Pause Young (Normal) (G1 Evacuation Pause)
[2025-08-01T02:34:26.389+0000] GC(46) Using 8 workers of 8 for evacuation
[2025-08-01T02:34:26.433+0000] GC(46) To-space exhausted
[2025-08-01T02:34:26.433+0000] GC(46)   Pre Evacuate Collection Set: 0.1ms
[2025-08-01T02:34:26.433+0000] GC(46)   Evacuate Collection Set: 34.0ms
[2025-08-01T02:34:26.433+0000] GC(46)   Post Evacuate Collection Set: 8.9ms
[2025-08-01T02:34:26.433+0000] GC(46)   Other: 0.3ms
[2025-08-01T02:34:26.433+0000] GC(46) Eden regions: 89->0(89)
[2025-08-01T02:34:26.433+0000] GC(46) Survivor regions: 13->13(13)
[2025-08-01T02:34:26.433+0000] GC(46) Old regions: 1910->2023
[2025-08-01T02:34:26.433+0000] GC(46) Humongous regions: 0->0
[2025-08-01T02:34:26.433+0000] GC(46) Metaspace: 9706K(12544K)->9706K(12544K) NonClass: 8540K(11008K)->8540K(11008K) Class: 1166K(1536K)->1166K(1536K)
[2025-08-01T02:34:26.433+0000] GC(46) Pause Young (Normal) (G1 Evacuation Pause) 4020M->4069M(4096M) 43.462ms
[2025-08-01T02:34:26.433+0000] GC(46) User=0.22s Sys=0.10s Real=0.04s
[2025-08-01T02:34:26.436+0000] GC(47) Pause Young (Normal) (G1 Evacuation Pause)
[2025-08-01T02:34:26.436+0000] GC(47) Using 8 workers of 8 for evacuation
[2025-08-01T02:34:26.445+0000] GC(47) To-space exhausted
[2025-08-01T02:34:26.446+0000] GC(47)   Pre Evacuate Collection Set: 0.1ms
[2025-08-01T02:34:26.446+0000] GC(47)   Evacuate Collection Set: 5.9ms
[2025-08-01T02:34:26.446+0000] GC(47)   Post Evacuate Collection Set: 3.4ms
[2025-08-01T02:34:26.446+0000] GC(47)   Other: 0.4ms
[2025-08-01T02:34:26.446+0000] GC(47) Eden regions: 12->0(102)
[2025-08-01T02:34:26.446+0000] GC(47) Survivor regions: 13->0(13)
[2025-08-01T02:34:26.446+0000] GC(47) Old regions: 2023->2048
[2025-08-01T02:34:26.446+0000] GC(47) Humongous regions: 0->0
[2025-08-01T02:34:26.446+0000] GC(47) Metaspace: 9706K(12544K)->9706K(12544K) NonClass: 8540K(11008K)->8540K(11008K) Class: 1166K(1536K)->1166K(1536K)
[2025-08-01T02:34:26.446+0000] GC(47) Pause Young (Normal) (G1 Evacuation Pause) 4093M->4093M(4096M) 10.004ms
[2025-08-01T02:34:26.446+0000] GC(47) User=0.05s Sys=0.00s Real=0.01s
[2025-08-01T02:34:26.446+0000] GC(48) Using 8 workers of 8 for full compaction
[2025-08-01T02:34:26.446+0000] GC(48) Pause Full (G1 Evacuation Pause)
[2025-08-01T02:34:26.452+0000] GC(48) Phase 1: Mark live objects
[2025-08-01T02:34:26.483+0000] GC(48) Cleaned string and symbol table, strings: 2892 processed, 59 removed, symbols: 23489 processed, 0 removed
[2025-08-01T02:34:26.483+0000] GC(48) Phase 1: Mark live objects 31.056ms
[2025-08-01T02:34:26.483+0000] GC(48) Phase 2: Prepare for compaction
[2025-08-01T02:34:26.514+0000] GC(48) Phase 2: Prepare for compaction 30.874ms
[2025-08-01T02:34:26.514+0000] GC(48) Phase 3: Adjust pointers
[2025-08-01T02:34:26.545+0000] GC(48) Phase 3: Adjust pointers 30.433ms
[2025-08-01T02:34:26.545+0000] GC(48) Phase 4: Compact heap
[2025-08-01T02:34:26.652+0000] GC(48) Phase 4: Compact heap 107.336ms
[2025-08-01T02:34:26.654+0000] GC(48) Eden regions: 0->0(112)
[2025-08-01T02:34:26.654+0000] GC(48) Survivor regions: 0->0(13)
[2025-08-01T02:34:26.654+0000] GC(48) Old regions: 2048->300
[2025-08-01T02:34:26.654+0000] GC(48) Humongous regions: 0->0
[2025-08-01T02:34:26.654+0000] GC(48) Metaspace: 9706K(12544K)->9706K(12544K) NonClass: 8540K(11008K)->8540K(11008K) Class: 1166K(1536K)->1166K(1536K)
[2025-08-01T02:34:26.654+0000] GC(48) Pause Full (G1 Evacuation Pause) 4093M->588M(4096M) 208.370ms
[2025-08-01T02:34:26.655+0000] GC(48) User=1.35s Sys=0.10s Real=0.21s
[2025-08-01T02:34:26.655+0000] GC(45) Concurrent Mark From Roots 281.697ms
[2025-08-01T02:34:26.655+0000] GC(45) Concurrent Mark Abort
[2025-08-01T02:34:26.655+0000] GC(45) Concurrent Cycle 285.339ms
[2025-08-01T02:34:26.678+0000] GC(49) Pause Young (Normal) (G1 Evacuation Pause)
[2025-08-01T02:34:26.678+0000] GC(49) Using 8 workers of 8 for evacuation
[2025-08-01T02:34:26.723+0000] GC(49)   Pre Evacuate Collection Set: 0.1ms
[2025-08-01T02:34:26.723+0000] GC(49)   Evacuate Collection Set: 43.6ms
[2025-08-01T02:34:26.723+0000] GC(49)   Post Evacuate Collection Set: 0.9ms
[2025-08-01T02:34:26.723+0000] GC(49)   Other: 0.3ms
[2025-08-01T02:34:26.723+0000] GC(49) Eden regions: 112->0(962)
[2025-08-01T02:34:26.723+0000] GC(49) Survivor regions: 0->14(14)
[2025-08-01T02:34:26.723+0000] GC(49) Old regions: 300->398
[2025-08-01T02:34:26.723+0000] GC(49) Humongous regions: 0->0
[2025-08-01T02:34:26.723+0000] GC(49) Metaspace: 9706K(12544K)->9706K(12544K) NonClass: 8540K(11008K)->8540K(11008K) Class: 1166K(1536K)->1166K(1536K)
[2025-08-01T02:34:26.723+0000] GC(49) Pause Young (Normal) (G1 Evacuation Pause) 812M->812M(4096M) 45.066ms
[2025-08-01T02:34:26.723+0000] GC(49) User=0.31s Sys=0.02s Real=0.05s
[2025-08-01T02:34:27.148+0000] GC(50) Pause Young (Normal) (G1 Evacuation Pause)
[2025-08-01T02:34:27.148+0000] GC(50) Using 8 workers of 8 for evacuation
[2025-08-01T02:34:27.401+0000] GC(50) MMU target violated: 201.0ms (200.0ms/201.0ms)
[2025-08-01T02:34:27.401+0000] GC(50)   Pre Evacuate Collection Set: 0.1ms
[2025-08-01T02:34:27.401+0000] GC(50)   Evacuate Collection Set: 250.0ms
[2025-08-01T02:34:27.401+0000] GC(50)   Post Evacuate Collection Set: 1.4ms
[2025-08-01T02:34:27.401+0000] GC(50)   Other: 1.2ms
[2025-08-01T02:34:27.401+0000] GC(50) Eden regions: 962->0(134)
[2025-08-01T02:34:27.401+0000] GC(50) Survivor regions: 14->122(122)
[2025-08-01T02:34:27.401+0000] GC(50) Old regions: 398->738
[2025-08-01T02:34:27.401+0000] GC(50) Humongous regions: 0->0
[2025-08-01T02:34:27.401+0000] GC(50) Metaspace: 9706K(12544K)->9706K(12544K) NonClass: 8540K(11008K)->8540K(11008K) Class: 1166K(1536K)->1166K(1536K)
[2025-08-01T02:34:27.401+0000] GC(50) Pause Young (Normal) (G1 Evacuation Pause) 2736M->1707M(4096M) 252.945ms
[2025-08-01T02:34:27.401+0000] GC(50) User=1.82s Sys=0.17s Real=0.25s
[2025-08-01T02:34:27.468+0000] GC(51) Pause Young (Normal) (G1 Evacuation Pause)
[2025-08-01T02:34:27.468+0000] GC(51) Using 8 workers of 8 for evacuation
[2025-08-01T02:34:27.585+0000] GC(51)   Pre Evacuate Collection Set: 0.2ms
[2025-08-01T02:34:27.585+0000] GC(51)   Evacuate Collection Set: 114.8ms
[2025-08-01T02:34:27.585+0000] GC(51)   Post Evacuate Collection Set: 1.1ms
[2025-08-01T02:34:27.585+0000] GC(51)   Other: 0.3ms
[2025-08-01T02:34:27.585+0000] GC(51) Eden regions: 134->0(136)
[2025-08-01T02:34:27.585+0000] GC(51) Survivor regions: 122->32(32)
[2025-08-01T02:34:27.585+0000] GC(51) Old regions: 738->881
[2025-08-01T02:34:27.585+0000] GC(51) Humongous regions: 0->0
[2025-08-01T02:34:27.585+0000] GC(51) Metaspace: 9706K(12544K)->9706K(12544K) NonClass: 8540K(11008K)->8540K(11008K) Class: 1166K(1536K)->1166K(1536K)
[2025-08-01T02:34:27.585+0000] GC(51) Pause Young (Normal) (G1 Evacuation Pause) 1975M->1813M(4096M) 116.536ms
[2025-08-01T02:34:27.585+0000] GC(51) User=0.77s Sys=0.14s Real=0.12s
[2025-08-01T02:34:27.610+0000] GC(52) Pause Young (Normal) (G1 Evacuation Pause)
[2025-08-01T02:34:27.610+0000] GC(52) Using 8 workers of 8 for evacuation
[2025-08-01T02:34:27.671+0000] GC(52)   Pre Evacuate Collection Set: 0.1ms
[2025-08-01T02:34:27.671+0000] GC(52)   Evacuate Collection Set: 60.0ms
[2025-08-01T02:34:27.671+0000] GC(52)   Post Evacuate Collection Set: 1.2ms
[2025-08-01T02:34:27.671+0000] GC(52)   Other: 0.2ms
[2025-08-01T02:34:27.671+0000] GC(52) Eden regions: 136->0(138)
[2025-08-01T02:34:27.671+0000] GC(52) Survivor regions: 32->21(21)
[2025-08-01T02:34:27.671+0000] GC(52) Old regions: 881->1029
[2025-08-01T02:34:27.671+0000] GC(52) Humongous regions: 0->0
[2025-08-01T02:34:27.671+0000] GC(52) Metaspace: 9706K(12544K)->9706K(12544K) NonClass: 8540K(11008K)->8540K(11008K) Class: 1166K(1536K)->1166K(1536K)
[2025-08-01T02:34:27.671+0000] GC(52) Pause Young (Normal) (G1 Evacuation Pause) 2085M->2088M(4096M) 61.644ms
[2025-08-01T02:34:27.671+0000] GC(52) User=0.43s Sys=0.02s Real=0.06s
[2025-08-01T02:34:27.752+0000] GC(53) Pause Young (Concurrent Start) (G1 Evacuation Pause)
[2025-08-01T02:34:27.752+0000] GC(53) Using 8 workers of 8 for evacuation
[2025-08-01T02:34:27.842+0000] GC(53)   Pre Evacuate Collection Set: 0.1ms
[2025-08-01T02:34:27.842+0000] GC(53)   Evacuate Collection Set: 88.4ms
[2025-08-01T02:34:27.842+0000] GC(53)   Post Evacuate Collection Set: 0.7ms
[2025-08-01T02:34:27.842+0000] GC(53)   Other: 0.4ms
[2025-08-01T02:34:27.842+0000] GC(53) Eden regions: 138->0(121)
[2025-08-01T02:34:27.842+0000] GC(53) Survivor regions: 21->20(20)
[2025-08-01T02:34:27.842+0000] GC(53) Old regions: 1029->1170
[2025-08-01T02:34:27.842+0000] GC(53) Humongous regions: 0->0
[2025-08-01T02:34:27.842+0000] GC(53) Metaspace: 9706K(12544K)->9706K(12544K) NonClass: 8540K(11008K)->8540K(11008K) Class: 1166K(1536K)->1166K(1536K)
[2025-08-01T02:34:27.842+0000] GC(53) Pause Young (Concurrent Start) (G1 Evacuation Pause) 2364M->2368M(4096M) 89.847ms
[2025-08-01T02:34:27.842+0000] GC(53) User=0.55s Sys=0.08s Real=0.09s
[2025-08-01T02:34:27.842+0000] GC(54) Concurrent Cycle
[2025-08-01T02:34:27.842+0000] GC(54) Concurrent Clear Claimed Marks
[2025-08-01T02:34:27.842+0000] GC(54) Concurrent Clear Claimed Marks 0.060ms
[2025-08-01T02:34:27.842+0000] GC(54) Concurrent Scan Root Regions
[2025-08-01T02:34:27.848+0000] GC(54) Concurrent Scan Root Regions 5.742ms
[2025-08-01T02:34:27.848+0000] GC(54) Concurrent Mark (6.844s)
[2025-08-01T02:34:27.848+0000] GC(54) Concurrent Mark From Roots
[2025-08-01T02:34:27.848+0000] GC(54) Using 2 workers of 2 for marking
[2025-08-01T02:34:27.914+0000] GC(55) Pause Young (Normal) (G1 Evacuation Pause)
[2025-08-01T02:34:27.914+0000] GC(55) Using 8 workers of 8 for evacuation
[2025-08-01T02:34:27.973+0000] GC(55)   Pre Evacuate Collection Set: 0.2ms
[2025-08-01T02:34:27.973+0000] GC(55)   Evacuate Collection Set: 58.3ms
[2025-08-01T02:34:27.973+0000] GC(55)   Post Evacuate Collection Set: 0.7ms
[2025-08-01T02:34:27.973+0000] GC(55)   Other: 0.3ms
[2025-08-01T02:34:27.973+0000] GC(55) Eden regions: 121->0(132)
[2025-08-01T02:34:27.973+0000] GC(55) Survivor regions: 20->18(18)
[2025-08-01T02:34:27.973+0000] GC(55) Old regions: 1170->1237
[2025-08-01T02:34:27.973+0000] GC(55) Humongous regions: 0->0
[2025-08-01T02:34:27.973+0000] GC(55) Metaspace: 9706K(12544K)->9706K(12544K) NonClass: 8540K(11008K)->8540K(11008K) Class: 1166K(1536K)->1166K(1536K)
[2025-08-01T02:34:27.973+0000] GC(55) Pause Young (Normal) (G1 Evacuation Pause) 2610M->2497M(4096M) 59.677ms
[2025-08-01T02:34:27.973+0000] GC(55) User=0.43s Sys=0.04s Real=0.06s
[2025-08-01T02:34:27.997+0000] GC(56) Pause Young (Normal) (G1 Evacuation Pause)
[2025-08-01T02:34:27.997+0000] GC(56) Using 8 workers of 8 for evacuation
[2025-08-01T02:34:28.036+0000] GC(56)   Pre Evacuate Collection Set: 0.1ms
[2025-08-01T02:34:28.036+0000] GC(56)   Evacuate Collection Set: 37.2ms
[2025-08-01T02:34:28.036+0000] GC(56)   Post Evacuate Collection Set: 0.6ms
[2025-08-01T02:34:28.036+0000] GC(56)   Other: 0.3ms
[2025-08-01T02:34:28.036+0000] GC(56) Eden regions: 132->0(133)
[2025-08-01T02:34:28.036+0000] GC(56) Survivor regions: 18->19(19)
[2025-08-01T02:34:28.036+0000] GC(56) Old regions: 1237->1339
[2025-08-01T02:34:28.036+0000] GC(56) Humongous regions: 0->0
[2025-08-01T02:34:28.036+0000] GC(56) Metaspace: 9706K(12544K)->9706K(12544K) NonClass: 8540K(11008K)->8540K(11008K) Class: 1166K(1536K)->1166K(1536K)
[2025-08-01T02:34:28.036+0000] GC(56) Pause Young (Normal) (G1 Evacuation Pause) 2761M->2704M(4096M) 38.339ms
[2025-08-01T02:34:28.036+0000] GC(56) User=0.28s Sys=0.00s Real=0.04s
[2025-08-01T02:34:28.096+0000] GC(57) Pause Young (Normal) (G1 Evacuation Pause)
[2025-08-01T02:34:28.096+0000] GC(57) Using 8 workers of 8 for evacuation
[2025-08-01T02:34:28.167+0000] GC(57)   Pre Evacuate Collection Set: 0.1ms
[2025-08-01T02:34:28.167+0000] GC(57)   Evacuate Collection Set: 69.1ms
[2025-08-01T02:34:28.167+0000] GC(57)   Post Evacuate Collection Set: 0.7ms
[2025-08-01T02:34:28.167+0000] GC(57)   Other: 0.3ms
[2025-08-01T02:34:28.167+0000] GC(57) Eden regions: 133->0(112)
[2025-08-01T02:34:28.167+0000] GC(57) Survivor regions: 19->19(19)
[2025-08-01T02:34:28.167+0000] GC(57) Old regions: 1339->1474
[2025-08-01T02:34:28.167+0000] GC(57) Humongous regions: 0->0
[2025-08-01T02:34:28.167+0000] GC(57) Metaspace: 9706K(12544K)->9706K(12544K) NonClass: 8540K(11008K)->8540K(11008K) Class: 1166K(1536K)->1166K(1536K)
[2025-08-01T02:34:28.167+0000] GC(57) Pause Young (Normal) (G1 Evacuation Pause) 2970M->2974M(4096M) 70.367ms
[2025-08-01T02:34:28.167+0000] GC(57) User=0.50s Sys=0.03s Real=0.07s
[2025-08-01T02:34:28.187+0000] GC(58) Pause Young (Normal) (G1 Evacuation Pause)
[2025-08-01T02:34:28.187+0000] GC(58) Using 8 workers of 8 for evacuation
[2025-08-01T02:34:28.242+0000] GC(58)   Pre Evacuate Collection Set: 0.1ms
[2025-08-01T02:34:28.242+0000] GC(58)   Evacuate Collection Set: 54.1ms
[2025-08-01T02:34:28.242+0000] GC(58)   Post Evacuate Collection Set: 0.9ms
[2025-08-01T02:34:28.242+0000] GC(58)   Other: 0.3ms
[2025-08-01T02:34:28.242+0000] GC(58) Eden regions: 112->0(85)
[2025-08-01T02:34:28.242+0000] GC(58) Survivor regions: 19->17(17)
[2025-08-01T02:34:28.242+0000] GC(58) Old regions: 1474->1589
[2025-08-01T02:34:28.242+0000] GC(58) Humongous regions: 0->0
[2025-08-01T02:34:28.242+0000] GC(58) Metaspace: 9706K(12544K)->9706K(12544K) NonClass: 8540K(11008K)->8540K(11008K) Class: 1166K(1536K)->1166K(1536K)
[2025-08-01T02:34:28.242+0000] GC(58) Pause Young (Normal) (G1 Evacuation Pause) 3198M->3200M(4096M) 55.604ms
[2025-08-01T02:34:28.242+0000] GC(58) User=0.42s Sys=0.02s Real=0.05s
[2025-08-01T02:34:28.305+0000] GC(59) Pause Young (Normal) (G1 Evacuation Pause)
[2025-08-01T02:34:28.305+0000] GC(59) Using 8 workers of 8 for evacuation
[2025-08-01T02:34:28.340+0000] GC(59)   Pre Evacuate Collection Set: 0.1ms
[2025-08-01T02:34:28.340+0000] GC(59)   Evacuate Collection Set: 33.8ms
[2025-08-01T02:34:28.340+0000] GC(59)   Post Evacuate Collection Set: 0.6ms
[2025-08-01T02:34:28.340+0000] GC(59)   Other: 0.3ms
[2025-08-01T02:34:28.340+0000] GC(59) Eden regions: 85->0(89)
[2025-08-01T02:34:28.340+0000] GC(59) Survivor regions: 17->13(13)
[2025-08-01T02:34:28.340+0000] GC(59) Old regions: 1589->1660
[2025-08-01T02:34:28.340+0000] GC(59) Humongous regions: 0->0
[2025-08-01T02:34:28.340+0000] GC(59) Metaspace: 9706K(12544K)->9706K(12544K) NonClass: 8540K(11008K)->8540K(11008K) Class: 1166K(1536K)->1166K(1536K)
[2025-08-01T02:34:28.340+0000] GC(59) Pause Young (Normal) (G1 Evacuation Pause) 3370M->3333M(4096M) 34.832ms
[2025-08-01T02:34:28.340+0000] GC(59) User=0.24s Sys=0.02s Real=0.03s
[2025-08-01T02:34:28.356+0000] GC(60) Pause Young (Normal) (G1 Evacuation Pause)
[2025-08-01T02:34:28.356+0000] GC(60) Using 8 workers of 8 for evacuation
[2025-08-01T02:34:28.390+0000] GC(60)   Pre Evacuate Collection Set: 0.1ms
[2025-08-01T02:34:28.390+0000] GC(60)   Evacuate Collection Set: 33.2ms
[2025-08-01T02:34:28.391+0000] GC(60)   Post Evacuate Collection Set: 0.7ms
[2025-08-01T02:34:28.391+0000] GC(60)   Other: 0.3ms
[2025-08-01T02:34:28.391+0000] GC(60) Eden regions: 89->0(89)
[2025-08-01T02:34:28.391+0000] GC(60) Survivor regions: 13->13(13)
[2025-08-01T02:34:28.391+0000] GC(60) Old regions: 1660->1751
[2025-08-01T02:34:28.391+0000] GC(60) Humongous regions: 0->0
[2025-08-01T02:34:28.391+0000] GC(60) Metaspace: 9706K(12544K)->9706K(12544K) NonClass: 8540K(11008K)->8540K(11008K) Class: 1166K(1536K)->1166K(1536K)
[2025-08-01T02:34:28.391+0000] GC(60) Pause Young (Normal) (G1 Evacuation Pause) 3511M->3515M(4096M) 34.395ms
[2025-08-01T02:34:28.391+0000] GC(60) User=0.26s Sys=0.00s Real=0.03s
[2025-08-01T02:34:28.395+0000] GC(54) Concurrent Mark From Roots 546.615ms
[2025-08-01T02:34:28.395+0000] GC(54) Concurrent Preclean
[2025-08-01T02:34:28.395+0000] GC(54) Concurrent Preclean 0.302ms
[2025-08-01T02:34:28.395+0000] GC(54) Concurrent Mark (6.844s, 7.391s) 547.043ms
[2025-08-01T02:34:28.396+0000] GC(54) Pause Remark
[2025-08-01T02:34:28.398+0000] GC(54) Cleaned string and symbol table, strings: 2833 processed, 0 removed, symbols: 23489 processed, 0 removed
[2025-08-01T02:34:28.399+0000] GC(54) Pause Remark 3563M->2706M(4096M) 3.584ms
[2025-08-01T02:34:28.399+0000] GC(54) User=0.01s Sys=0.00s Real=0.00s
[2025-08-01T02:34:28.399+0000] GC(54) Concurrent Rebuild Remembered Sets
[2025-08-01T02:34:28.452+0000] GC(61) Pause Young (Normal) (G1 Evacuation Pause)
[2025-08-01T02:34:28.452+0000] GC(61) Using 8 workers of 8 for evacuation
[2025-08-01T02:34:28.484+0000] GC(61)   Pre Evacuate Collection Set: 0.1ms
[2025-08-01T02:34:28.484+0000] GC(61)   Evacuate Collection Set: 30.5ms
[2025-08-01T02:34:28.484+0000] GC(61)   Post Evacuate Collection Set: 0.7ms
[2025-08-01T02:34:28.484+0000] GC(61)   Other: 0.3ms
[2025-08-01T02:34:28.484+0000] GC(61) Eden regions: 89->0(133)
[2025-08-01T02:34:28.484+0000] GC(61) Survivor regions: 13->13(13)
[2025-08-01T02:34:28.484+0000] GC(61) Old regions: 1318->1408
[2025-08-01T02:34:28.484+0000] GC(61) Humongous regions: 0->0
[2025-08-01T02:34:28.484+0000] GC(61) Metaspace: 9706K(12544K)->9706K(12544K) NonClass: 8540K(11008K)->8540K(11008K) Class: 1166K(1536K)->1166K(1536K)
[2025-08-01T02:34:28.484+0000] GC(61) Pause Young (Normal) (G1 Evacuation Pause) 2836M->2838M(4096M) 31.785ms
[2025-08-01T02:34:28.484+0000] GC(61) User=0.23s Sys=0.00s Real=0.04s
[2025-08-01T02:34:28.512+0000] GC(62) Pause Young (Normal) (G1 Evacuation Pause)
[2025-08-01T02:34:28.512+0000] GC(62) Using 8 workers of 8 for evacuation
[2025-08-01T02:34:28.561+0000] GC(62)   Pre Evacuate Collection Set: 0.1ms
[2025-08-01T02:34:28.561+0000] GC(62)   Evacuate Collection Set: 48.0ms
[2025-08-01T02:34:28.561+0000] GC(62)   Post Evacuate Collection Set: 0.8ms
[2025-08-01T02:34:28.561+0000] GC(62)   Other: 0.3ms
[2025-08-01T02:34:28.561+0000] GC(62) Eden regions: 133->0(90)
[2025-08-01T02:34:28.561+0000] GC(62) Survivor regions: 13->19(19)
[2025-08-01T02:34:28.561+0000] GC(62) Old regions: 1408->1535
[2025-08-01T02:34:28.561+0000] GC(62) Humongous regions: 0->0
[2025-08-01T02:34:28.561+0000] GC(62) Metaspace: 9706K(12544K)->9706K(12544K) NonClass: 8540K(11008K)->8540K(11008K) Class: 1166K(1536K)->1166K(1536K)
[2025-08-01T02:34:28.561+0000] GC(62) Pause Young (Normal) (G1 Evacuation Pause) 3104M->3105M(4096M) 49.344ms
[2025-08-01T02:34:28.562+0000] GC(62) User=0.38s Sys=0.00s Real=0.05s
[2025-08-01T02:34:28.581+0000] GC(63) Pause Young (Normal) (G1 Evacuation Pause)
[2025-08-01T02:34:28.581+0000] GC(63) Using 8 workers of 8 for evacuation
[2025-08-01T02:34:28.626+0000] GC(63)   Pre Evacuate Collection Set: 0.1ms
[2025-08-01T02:34:28.626+0000] GC(63)   Evacuate Collection Set: 43.7ms
[2025-08-01T02:34:28.626+0000] GC(63)   Post Evacuate Collection Set: 0.6ms
[2025-08-01T02:34:28.626+0000] GC(63)   Other: 0.3ms
[2025-08-01T02:34:28.626+0000] GC(63) Eden regions: 90->0(88)
[2025-08-01T02:34:28.626+0000] GC(63) Survivor regions: 19->14(14)
[2025-08-01T02:34:28.626+0000] GC(63) Old regions: 1535->1632
[2025-08-01T02:34:28.626+0000] GC(63) Humongous regions: 0->0
[2025-08-01T02:34:28.626+0000] GC(63) Metaspace: 9706K(12544K)->9706K(12544K) NonClass: 8540K(11008K)->8540K(11008K) Class: 1166K(1536K)->1166K(1536K)
[2025-08-01T02:34:28.626+0000] GC(63) Pause Young (Normal) (G1 Evacuation Pause) 3285M->3289M(4096M) 44.866ms
[2025-08-01T02:34:28.626+0000] GC(63) User=0.34s Sys=0.00s Real=0.05s
[2025-08-01T02:34:28.647+0000] GC(64) Pause Young (Normal) (G1 Evacuation Pause)
[2025-08-01T02:34:28.647+0000] GC(64) Using 8 workers of 8 for evacuation
[2025-08-01T02:34:28.683+0000] GC(64)   Pre Evacuate Collection Set: 0.1ms
[2025-08-01T02:34:28.683+0000] GC(64)   Evacuate Collection Set: 34.7ms
[2025-08-01T02:34:28.683+0000] GC(64)   Post Evacuate Collection Set: 0.5ms
[2025-08-01T02:34:28.683+0000] GC(64)   Other: 0.2ms
[2025-08-01T02:34:28.683+0000] GC(64) Eden regions: 88->0(89)
[2025-08-01T02:34:28.683+0000] GC(64) Survivor regions: 14->13(13)
[2025-08-01T02:34:28.683+0000] GC(64) Old regions: 1632->1707
[2025-08-01T02:34:28.683+0000] GC(64) Humongous regions: 0->0
[2025-08-01T02:34:28.683+0000] GC(64) Metaspace: 9706K(12544K)->9706K(12544K) NonClass: 8540K(11008K)->8540K(11008K) Class: 1166K(1536K)->1166K(1536K)
[2025-08-01T02:34:28.683+0000] GC(64) Pause Young (Normal) (G1 Evacuation Pause) 3465M->3437M(4096M) 35.737ms
[2025-08-01T02:34:28.683+0000] GC(64) User=0.27s Sys=0.00s Real=0.04s
[2025-08-01T02:34:28.703+0000] GC(65) Pause Young (Normal) (G1 Evacuation Pause)
[2025-08-01T02:34:28.703+0000] GC(65) Using 8 workers of 8 for evacuation
[2025-08-01T02:34:28.733+0000] GC(65)   Pre Evacuate Collection Set: 0.1ms
[2025-08-01T02:34:28.733+0000] GC(65)   Evacuate Collection Set: 29.0ms
[2025-08-01T02:34:28.733+0000] GC(65)   Post Evacuate Collection Set: 0.7ms
[2025-08-01T02:34:28.733+0000] GC(65)   Other: 0.3ms
[2025-08-01T02:34:28.733+0000] GC(65) Eden regions: 89->0(89)
[2025-08-01T02:34:28.733+0000] GC(65) Survivor regions: 13->13(13)
[2025-08-01T02:34:28.733+0000] GC(65) Old regions: 1707->1786
[2025-08-01T02:34:28.733+0000] GC(65) Humongous regions: 0->0
[2025-08-01T02:34:28.733+0000] GC(65) Metaspace: 9706K(12544K)->9706K(12544K) NonClass: 8540K(11008K)->8540K(11008K) Class: 1166K(1536K)->1166K(1536K)
[2025-08-01T02:34:28.733+0000] GC(65) Pause Young (Normal) (G1 Evacuation Pause) 3615M->3595M(4096M) 30.261ms
[2025-08-01T02:34:28.733+0000] GC(65) User=0.23s Sys=0.00s Real=0.03s
[2025-08-01T02:34:28.757+0000] GC(66) Pause Young (Normal) (G1 Evacuation Pause)
[2025-08-01T02:34:28.757+0000] GC(66) Using 8 workers of 8 for evacuation
[2025-08-01T02:34:28.815+0000] GC(66)   Pre Evacuate Collection Set: 0.1ms
[2025-08-01T02:34:28.815+0000] GC(66)   Evacuate Collection Set: 56.8ms
[2025-08-01T02:34:28.815+0000] GC(66)   Post Evacuate Collection Set: 0.6ms
[2025-08-01T02:34:28.815+0000] GC(66)   Other: 0.2ms
[2025-08-01T02:34:28.815+0000] GC(66) Eden regions: 89->0(89)
[2025-08-01T02:34:28.815+0000] GC(66) Survivor regions: 13->13(13)
[2025-08-01T02:34:28.815+0000] GC(66) Old regions: 1786->1877
[2025-08-01T02:34:28.815+0000] GC(66) Humongous regions: 0->0
[2025-08-01T02:34:28.815+0000] GC(66) Metaspace: 9706K(12544K)->9706K(12544K) NonClass: 8540K(11008K)->8540K(11008K) Class: 1166K(1536K)->1166K(1536K)
[2025-08-01T02:34:28.815+0000] GC(66) Pause Young (Normal) (G1 Evacuation Pause) 3773M->3776M(4096M) 57.852ms
[2025-08-01T02:34:28.815+0000] GC(66) User=0.44s Sys=0.00s Real=0.06s
[2025-08-01T02:34:28.835+0000] GC(67) Pause Young (Normal) (G1 Evacuation Pause)
[2025-08-01T02:34:28.835+0000] GC(67) Using 8 workers of 8 for evacuation
[2025-08-01T02:34:28.873+0000] GC(67) To-space exhausted
[2025-08-01T02:34:28.873+0000] GC(67)   Pre Evacuate Collection Set: 0.1ms
[2025-08-01T02:34:28.873+0000] GC(67)   Evacuate Collection Set: 32.5ms
[2025-08-01T02:34:28.873+0000] GC(67)   Post Evacuate Collection Set: 5.3ms
[2025-08-01T02:34:28.873+0000] GC(67)   Other: 0.3ms
[2025-08-01T02:34:28.873+0000] GC(67) Eden regions: 89->0(89)
[2025-08-01T02:34:28.873+0000] GC(67) Survivor regions: 13->13(13)
[2025-08-01T02:34:28.873+0000] GC(67) Old regions: 1877->1980
[2025-08-01T02:34:28.873+0000] GC(67) Humongous regions: 0->0
[2025-08-01T02:34:28.873+0000] GC(67) Metaspace: 9706K(12544K)->9706K(12544K) NonClass: 8540K(11008K)->8540K(11008K) Class: 1166K(1536K)->1166K(1536K)
[2025-08-01T02:34:28.873+0000] GC(67) Pause Young (Normal) (G1 Evacuation Pause) 3954M->3983M(4096M) 38.325ms
[2025-08-01T02:34:28.873+0000] GC(67) User=0.27s Sys=0.00s Real=0.04s
[2025-08-01T02:34:28.886+0000] GC(68) Pause Young (Normal) (G1 Evacuation Pause)
[2025-08-01T02:34:28.886+0000] GC(68) Using 8 workers of 8 for evacuation
[2025-08-01T02:34:28.905+0000] GC(68) To-space exhausted
[2025-08-01T02:34:28.905+0000] GC(68)   Pre Evacuate Collection Set: 0.1ms
[2025-08-01T02:34:28.905+0000] GC(68)   Evacuate Collection Set: 11.7ms
[2025-08-01T02:34:28.905+0000] GC(68)   Post Evacuate Collection Set: 6.7ms
[2025-08-01T02:34:28.905+0000] GC(68)   Other: 0.3ms
[2025-08-01T02:34:28.905+0000] GC(68) Eden regions: 55->0(102)
[2025-08-01T02:34:28.905+0000] GC(68) Survivor regions: 13->0(13)
[2025-08-01T02:34:28.905+0000] GC(68) Old regions: 1980->2048
[2025-08-01T02:34:28.905+0000] GC(68) Humongous regions: 0->0
[2025-08-01T02:34:28.905+0000] GC(68) Metaspace: 9706K(12544K)->9706K(12544K) NonClass: 8540K(11008K)->8540K(11008K) Class: 1166K(1536K)->1166K(1536K)
[2025-08-01T02:34:28.905+0000] GC(68) Pause Young (Normal) (G1 Evacuation Pause) 4093M->4093M(4096M) 18.891ms
[2025-08-01T02:34:28.905+0000] GC(68) User=0.13s Sys=0.00s Real=0.02s
[2025-08-01T02:34:28.905+0000] GC(69) Using 8 workers of 8 for full compaction
[2025-08-01T02:34:28.905+0000] GC(69) Pause Full (G1 Evacuation Pause)
[2025-08-01T02:34:28.910+0000] GC(69) Phase 1: Mark live objects
[2025-08-01T02:34:28.944+0000] GC(69) Cleaned string and symbol table, strings: 2833 processed, 0 removed, symbols: 23489 processed, 0 removed
[2025-08-01T02:34:28.944+0000] GC(69) Phase 1: Mark live objects 34.021ms
[2025-08-01T02:34:28.944+0000] GC(69) Phase 2: Prepare for compaction
[2025-08-01T02:34:28.989+0000] GC(69) Phase 2: Prepare for compaction 44.732ms
[2025-08-01T02:34:28.989+0000] GC(69) Phase 3: Adjust pointers
[2025-08-01T02:34:29.031+0000] GC(69) Phase 3: Adjust pointers 41.991ms
[2025-08-01T02:34:29.031+0000] GC(69) Phase 4: Compact heap
[2025-08-01T02:34:29.186+0000] GC(69) Phase 4: Compact heap 154.372ms
[2025-08-01T02:34:29.188+0000] GC(69) Eden regions: 0->0(165)
[2025-08-01T02:34:29.188+0000] GC(69) Survivor regions: 0->0(13)
[2025-08-01T02:34:29.188+0000] GC(69) Old regions: 2048->456
[2025-08-01T02:34:29.188+0000] GC(69) Humongous regions: 0->0
[2025-08-01T02:34:29.188+0000] GC(69) Metaspace: 9706K(12544K)->9706K(12544K) NonClass: 8540K(11008K)->8540K(11008K) Class: 1166K(1536K)->1166K(1536K)
[2025-08-01T02:34:29.188+0000] GC(69) Pause Full (G1 Evacuation Pause) 4093M->903M(4096M) 282.613ms
[2025-08-01T02:34:29.188+0000] GC(69) User=1.94s Sys=0.04s Real=0.28s
[2025-08-01T02:34:29.189+0000] GC(54) Concurrent Rebuild Remembered Sets 789.808ms
[2025-08-01T02:34:29.189+0000] GC(54) Concurrent Mark Abort
[2025-08-01T02:34:29.189+0000] GC(54) Concurrent Cycle 1347.019ms
[2025-08-01T02:34:29.264+0000] GC(70) Pause Young (Normal) (G1 Evacuation Pause)
[2025-08-01T02:34:29.264+0000] GC(70) Using 8 workers of 8 for evacuation
[2025-08-01T02:34:29.343+0000] GC(70)   Pre Evacuate Collection Set: 0.1ms
[2025-08-01T02:34:29.343+0000] GC(70)   Evacuate Collection Set: 77.9ms
[2025-08-01T02:34:29.343+0000] GC(70)   Post Evacuate Collection Set: 0.7ms
[2025-08-01T02:34:29.343+0000] GC(70)   Other: 0.3ms
[2025-08-01T02:34:29.343+0000] GC(70) Eden regions: 165->0(166)
[2025-08-01T02:34:29.343+0000] GC(70) Survivor regions: 0->21(21)
[2025-08-01T02:34:29.343+0000] GC(70) Old regions: 456->576
[2025-08-01T02:34:29.343+0000] GC(70) Humongous regions: 0->0
[2025-08-01T02:34:29.343+0000] GC(70) Metaspace: 9706K(12544K)->9706K(12544K) NonClass: 8540K(11008K)->8540K(11008K) Class: 1166K(1536K)->1166K(1536K)
[2025-08-01T02:34:29.343+0000] GC(70) Pause Young (Normal) (G1 Evacuation Pause) 1233M->1184M(4096M) 79.217ms
[2025-08-01T02:34:29.343+0000] GC(70) User=0.55s Sys=0.06s Real=0.08s
[2025-08-01T02:34:29.422+0000] GC(71) Pause Young (Normal) (G1 Evacuation Pause)
[2025-08-01T02:34:29.422+0000] GC(71) Using 8 workers of 8 for evacuation
[2025-08-01T02:34:29.527+0000] GC(71)   Pre Evacuate Collection Set: 0.1ms
[2025-08-01T02:34:29.527+0000] GC(71)   Evacuate Collection Set: 103.6ms
[2025-08-01T02:34:29.527+0000] GC(71)   Post Evacuate Collection Set: 1.0ms
[2025-08-01T02:34:29.527+0000] GC(71)   Other: 0.3ms
[2025-08-01T02:34:29.527+0000] GC(71) Eden regions: 166->0(156)
[2025-08-01T02:34:29.527+0000] GC(71) Survivor regions: 21->24(24)
[2025-08-01T02:34:29.527+0000] GC(71) Old regions: 576->740
[2025-08-01T02:34:29.527+0000] GC(71) Humongous regions: 0->0
[2025-08-01T02:34:29.527+0000] GC(71) Metaspace: 9706K(12544K)->9706K(12544K) NonClass: 8540K(11008K)->8540K(11008K) Class: 1166K(1536K)->1166K(1536K)
[2025-08-01T02:34:29.527+0000] GC(71) Pause Young (Normal) (G1 Evacuation Pause) 1516M->1519M(4096M) 105.166ms
[2025-08-01T02:34:29.527+0000] GC(71) User=0.67s Sys=0.11s Real=0.11s
[2025-08-01T02:34:29.555+0000] GC(72) Pause Young (Normal) (G1 Evacuation Pause)
[2025-08-01T02:34:29.555+0000] GC(72) Using 8 workers of 8 for evacuation
[2025-08-01T02:34:29.617+0000] GC(72)   Pre Evacuate Collection Set: 0.1ms
[2025-08-01T02:34:29.617+0000] GC(72)   Evacuate Collection Set: 60.4ms
[2025-08-01T02:34:29.617+0000] GC(72)   Post Evacuate Collection Set: 0.8ms
[2025-08-01T02:34:29.617+0000] GC(72)   Other: 0.3ms
[2025-08-01T02:34:29.617+0000] GC(72) Eden regions: 156->0(151)
[2025-08-01T02:34:29.617+0000] GC(72) Survivor regions: 24->23(23)
[2025-08-01T02:34:29.617+0000] GC(72) Old regions: 740->898
[2025-08-01T02:34:29.617+0000] GC(72) Humongous regions: 0->0
[2025-08-01T02:34:29.617+0000] GC(72) Metaspace: 9706K(12544K)->9706K(12544K) NonClass: 8540K(11008K)->8540K(11008K) Class: 1166K(1536K)->1166K(1536K)
[2025-08-01T02:34:29.617+0000] GC(72) Pause Young (Normal) (G1 Evacuation Pause) 1831M->1833M(4096M) 61.826ms
[2025-08-01T02:34:29.617+0000] GC(72) User=0.47s Sys=0.01s Real=0.06s
[2025-08-01T02:34:29.690+0000] GC(73) Pause Young (Normal) (G1 Evacuation Pause)
[2025-08-01T02:34:29.690+0000] GC(73) Using 8 workers of 8 for evacuation
[2025-08-01T02:34:29.744+0000] GC(73)   Pre Evacuate Collection Set: 0.1ms
[2025-08-01T02:34:29.744+0000] GC(73)   Evacuate Collection Set: 51.7ms
[2025-08-01T02:34:29.744+0000] GC(73)   Post Evacuate Collection Set: 1.2ms
[2025-08-01T02:34:29.744+0000] GC(73)   Other: 0.3ms
[2025-08-01T02:34:29.744+0000] GC(73) Eden regions: 151->0(188)
[2025-08-01T02:34:29.744+0000] GC(73) Survivor regions: 23->22(22)
[2025-08-01T02:34:29.744+0000] GC(73) Old regions: 898->978
[2025-08-01T02:34:29.744+0000] GC(73) Humongous regions: 0->0
[2025-08-01T02:34:29.744+0000] GC(73) Metaspace: 9706K(12544K)->9706K(12544K) NonClass: 8540K(11008K)->8540K(11008K) Class: 1166K(1536K)->1166K(1536K)
[2025-08-01T02:34:29.744+0000] GC(73) Pause Young (Normal) (G1 Evacuation Pause) 2135M->1990M(4096M) 53.703ms
[2025-08-01T02:34:29.744+0000] GC(73) User=0.37s Sys=0.03s Real=0.06s
[2025-08-01T02:34:29.828+0000] GC(74) Pause Young (Concurrent Start) (G1 Evacuation Pause)
[2025-08-01T02:34:29.830+0000] GC(74) Using 8 workers of 8 for evacuation
[2025-08-01T02:34:29.906+0000] GC(74)   Pre Evacuate Collection Set: 0.1ms
[2025-08-01T02:34:29.906+0000] GC(74)   Evacuate Collection Set: 75.0ms
[2025-08-01T02:34:29.906+0000] GC(74)   Post Evacuate Collection Set: 0.5ms
[2025-08-01T02:34:29.906+0000] GC(74)   Other: 2.2ms
[2025-08-01T02:34:29.906+0000] GC(74) Eden regions: 188->0(210)
[2025-08-01T02:34:29.906+0000] GC(74) Survivor regions: 22->27(27)
[2025-08-01T02:34:29.906+0000] GC(74) Old regions: 978->1163
[2025-08-01T02:34:29.906+0000] GC(74) Humongous regions: 0->0
[2025-08-01T02:34:29.906+0000] GC(74) Metaspace: 9706K(12544K)->9706K(12544K) NonClass: 8540K(11008K)->8540K(11008K) Class: 1166K(1536K)->1166K(1536K)
[2025-08-01T02:34:29.906+0000] GC(74) Pause Young (Concurrent Start) (G1 Evacuation Pause) 2366M->2371M(4096M) 78.090ms
[2025-08-01T02:34:29.906+0000] GC(74) User=0.57s Sys=0.03s Real=0.08s
[2025-08-01T02:34:29.906+0000] GC(75) Concurrent Cycle
[2025-08-01T02:34:29.906+0000] GC(75) Concurrent Clear Claimed Marks
[2025-08-01T02:34:29.906+0000] GC(75) Concurrent Clear Claimed Marks 0.041ms
[2025-08-01T02:34:29.906+0000] GC(75) Concurrent Scan Root Regions
[2025-08-01T02:34:29.913+0000] GC(75) Concurrent Scan Root Regions 7.166ms
[2025-08-01T02:34:29.913+0000] GC(75) Concurrent Mark (8.909s)
[2025-08-01T02:34:29.913+0000] GC(75) Concurrent Mark From Roots
[2025-08-01T02:34:29.913+0000] GC(75) Using 2 workers of 2 for marking
[2025-08-01T02:34:29.996+0000] GC(76) Pause Young (Normal) (G1 Evacuation Pause)
[2025-08-01T02:34:29.996+0000] GC(76) Using 8 workers of 8 for evacuation
[2025-08-01T02:34:30.075+0000] GC(76)   Pre Evacuate Collection Set: 0.1ms
[2025-08-01T02:34:30.075+0000] GC(76)   Evacuate Collection Set: 77.8ms
[2025-08-01T02:34:30.075+0000] GC(76)   Post Evacuate Collection Set: 0.9ms
[2025-08-01T02:34:30.075+0000] GC(76)   Other: 0.2ms
[2025-08-01T02:34:30.075+0000] GC(76) Eden regions: 210->0(138)
[2025-08-01T02:34:30.075+0000] GC(76) Survivor regions: 27->30(30)
[2025-08-01T02:34:30.075+0000] GC(76) Old regions: 1163->1372
[2025-08-01T02:34:30.076+0000] GC(76) Humongous regions: 0->0
[2025-08-01T02:34:30.076+0000] GC(76) Metaspace: 9706K(12544K)->9706K(12544K) NonClass: 8540K(11008K)->8540K(11008K) Class: 1166K(1536K)->1166K(1536K)
[2025-08-01T02:34:30.076+0000] GC(76) Pause Young (Normal) (G1 Evacuation Pause) 2791M->2794M(4096M) 79.217ms
[2025-08-01T02:34:30.076+0000] GC(76) User=0.61s Sys=0.00s Real=0.08s
[2025-08-01T02:34:30.147+0000] GC(75) Concurrent Mark From Roots 233.049ms
[2025-08-01T02:34:30.147+0000] GC(75) Concurrent Preclean
[2025-08-01T02:34:30.147+0000] GC(75) Concurrent Preclean 0.682ms
[2025-08-01T02:34:30.147+0000] GC(75) Concurrent Mark (8.909s, 9.143s) 233.902ms
[2025-08-01T02:34:30.148+0000] GC(75) Pause Remark
[2025-08-01T02:34:30.151+0000] GC(75) Cleaned string and symbol table, strings: 2833 processed, 0 removed, symbols: 23489 processed, 0 removed
[2025-08-01T02:34:30.154+0000] GC(75) Pause Remark 3068M->1852M(4096M) 6.191ms
[2025-08-01T02:34:30.154+0000] GC(75) User=0.02s Sys=0.00s Real=0.01s
[2025-08-01T02:34:30.154+0000] GC(75) Concurrent Rebuild Remembered Sets
[2025-08-01T02:34:30.156+0000] GC(77) Pause Young (Normal) (G1 Evacuation Pause)
[2025-08-01T02:34:30.156+0000] GC(77) Using 8 workers of 8 for evacuation
[2025-08-01T02:34:30.280+0000] GC(77)   Pre Evacuate Collection Set: 0.1ms
[2025-08-01T02:34:30.280+0000] GC(77)   Evacuate Collection Set: 123.0ms
[2025-08-01T02:34:30.280+0000] GC(77)   Post Evacuate Collection Set: 0.9ms
[2025-08-01T02:34:30.280+0000] GC(77)   Other: 0.3ms
[2025-08-01T02:34:30.280+0000] GC(77) Eden regions: 138->0(294)
[2025-08-01T02:34:30.280+0000] GC(77) Survivor regions: 30->21(21)
[2025-08-01T02:34:30.280+0000] GC(77) Old regions: 761->901
[2025-08-01T02:34:30.280+0000] GC(77) Humongous regions: 0->0
[2025-08-01T02:34:30.280+0000] GC(77) Metaspace: 9706K(12544K)->9706K(12544K) NonClass: 8540K(11008K)->8540K(11008K) Class: 1166K(1536K)->1166K(1536K)
[2025-08-01T02:34:30.280+0000] GC(77) Pause Young (Normal) (G1 Evacuation Pause) 1854M->1840M(4096M) 124.485ms
[2025-08-01T02:34:30.280+0000] GC(77) User=0.88s Sys=0.09s Real=0.12s
[2025-08-01T02:34:30.420+0000] GC(78) Pause Young (Normal) (G1 Evacuation Pause)
[2025-08-01T02:34:30.420+0000] GC(78) Using 8 workers of 8 for evacuation
[2025-08-01T02:34:30.456+0000] GC(78)   Pre Evacuate Collection Set: 0.1ms
[2025-08-01T02:34:30.456+0000] GC(78)   Evacuate Collection Set: 34.5ms
[2025-08-01T02:34:30.456+0000] GC(78)   Post Evacuate Collection Set: 0.9ms
[2025-08-01T02:34:30.456+0000] GC(78)   Other: 0.4ms
[2025-08-01T02:34:30.456+0000] GC(78) Eden regions: 294->0(301)
[2025-08-01T02:34:30.456+0000] GC(78) Survivor regions: 21->40(40)
[2025-08-01T02:34:30.456+0000] GC(78) Old regions: 901->941
[2025-08-01T02:34:30.456+0000] GC(78) Humongous regions: 0->0
[2025-08-01T02:34:30.456+0000] GC(78) Metaspace: 9706K(12544K)->9706K(12544K) NonClass: 8540K(11008K)->8540K(11008K) Class: 1166K(1536K)->1166K(1536K)
[2025-08-01T02:34:30.456+0000] GC(78) Pause Young (Normal) (G1 Evacuation Pause) 2428M->1959M(4096M) 36.144ms
[2025-08-01T02:34:30.456+0000] GC(78) User=0.27s Sys=0.00s Real=0.04s
[2025-08-01T02:34:30.512+0000] GC(75) Concurrent Rebuild Remembered Sets 357.384ms
[2025-08-01T02:34:30.512+0000] GC(75) Pause Cleanup
[2025-08-01T02:34:30.513+0000] GC(75) Pause Cleanup 2291M->2291M(4096M) 0.745ms
[2025-08-01T02:34:30.513+0000] GC(75) User=0.00s Sys=0.00s Real=0.00s
[2025-08-01T02:34:30.513+0000] GC(75) Concurrent Cleanup for Next Mark
[2025-08-01T02:34:30.521+0000] GC(75) Concurrent Cleanup for Next Mark 7.990ms
[2025-08-01T02:34:30.521+0000] GC(75) Concurrent Cycle 615.091ms
[2025-08-01T02:34:30.557+0000] GC(79) Pause Young (Prepare Mixed) (G1 Evacuation Pause)
[2025-08-01T02:34:30.557+0000] GC(79) Using 8 workers of 8 for evacuation
[2025-08-01T02:34:30.658+0000] GC(79)   Pre Evacuate Collection Set: 0.1ms
[2025-08-01T02:34:30.658+0000] GC(79)   Evacuate Collection Set: 99.0ms
[2025-08-01T02:34:30.658+0000] GC(79)   Post Evacuate Collection Set: 1.7ms
[2025-08-01T02:34:30.658+0000] GC(79)   Other: 0.4ms
[2025-08-01T02:34:30.658+0000] GC(79) Eden regions: 301->0(59)
[2025-08-01T02:34:30.658+0000] GC(79) Survivor regions: 40->43(43)
[2025-08-01T02:34:30.658+0000] GC(79) Old regions: 941->1240
[2025-08-01T02:34:30.658+0000] GC(79) Humongous regions: 0->0
[2025-08-01T02:34:30.658+0000] GC(79) Metaspace: 9706K(12544K)->9706K(12544K) NonClass: 8540K(11008K)->8540K(11008K) Class: 1166K(1536K)->1166K(1536K)
[2025-08-01T02:34:30.658+0000] GC(79) Pause Young (Prepare Mixed) (G1 Evacuation Pause) 2561M->2562M(4096M) 101.502ms
[2025-08-01T02:34:30.658+0000] GC(79) User=0.76s Sys=0.00s Real=0.10s
[2025-08-01T02:34:30.669+0000] GC(80) Pause Young (Mixed) (G1 Evacuation Pause)
[2025-08-01T02:34:30.669+0000] GC(80) Using 8 workers of 8 for evacuation
[2025-08-01T02:34:30.699+0000] GC(80)   Pre Evacuate Collection Set: 0.2ms
[2025-08-01T02:34:30.700+0000] GC(80)   Evacuate Collection Set: 28.8ms
[2025-08-01T02:34:30.700+0000] GC(80)   Post Evacuate Collection Set: 1.0ms
[2025-08-01T02:34:30.700+0000] GC(80)   Other: 0.4ms
[2025-08-01T02:34:30.700+0000] GC(80) Eden regions: 59->0(196)
[2025-08-01T02:34:30.700+0000] GC(80) Survivor regions: 43->13(13)
[2025-08-01T02:34:30.700+0000] GC(80) Old regions: 1240->1220
[2025-08-01T02:34:30.700+0000] GC(80) Humongous regions: 0->0
[2025-08-01T02:34:30.700+0000] GC(80) Metaspace: 9706K(12544K)->9706K(12544K) NonClass: 8540K(11008K)->8540K(11008K) Class: 1166K(1536K)->1166K(1536K)
[2025-08-01T02:34:30.700+0000] GC(80) Pause Young (Mixed) (G1 Evacuation Pause) 2680M->2463M(4096M) 30.537ms
[2025-08-01T02:34:30.700+0000] GC(80) User=0.23s Sys=0.00s Real=0.03s
[2025-08-01T02:34:30.775+0000] GC(81) Pause Young (Concurrent Start) (G1 Evacuation Pause)
[2025-08-01T02:34:30.775+0000] GC(81) Using 8 workers of 8 for evacuation
[2025-08-01T02:34:30.846+0000] GC(81)   Pre Evacuate Collection Set: 0.1ms
[2025-08-01T02:34:30.846+0000] GC(81)   Evacuate Collection Set: 70.3ms
[2025-08-01T02:34:30.846+0000] GC(81)   Post Evacuate Collection Set: 0.8ms
[2025-08-01T02:34:30.846+0000] GC(81)   Other: 0.4ms
[2025-08-01T02:34:30.846+0000] GC(81) Eden regions: 196->0(139)
[2025-08-01T02:34:30.846+0000] GC(81) Survivor regions: 13->27(27)
[2025-08-01T02:34:30.846+0000] GC(81) Old regions: 1220->1372
[2025-08-01T02:34:30.846+0000] GC(81) Humongous regions: 0->0
[2025-08-01T02:34:30.846+0000] GC(81) Metaspace: 9706K(12544K)->9706K(12544K) NonClass: 8540K(11008K)->8540K(11008K) Class: 1166K(1536K)->1166K(1536K)
[2025-08-01T02:34:30.846+0000] GC(81) Pause Young (Concurrent Start) (G1 Evacuation Pause) 2855M->2794M(4096M) 71.582ms
[2025-08-01T02:34:30.846+0000] GC(81) User=0.54s Sys=0.00s Real=0.07s
[2025-08-01T02:34:30.846+0000] GC(82) Concurrent Cycle
[2025-08-01T02:34:30.846+0000] GC(82) Concurrent Clear Claimed Marks
[2025-08-01T02:34:30.846+0000] GC(82) Concurrent Clear Claimed Marks 0.061ms
[2025-08-01T02:34:30.846+0000] GC(82) Concurrent Scan Root Regions
[2025-08-01T02:34:30.853+0000] GC(82) Concurrent Scan Root Regions 6.716ms
[2025-08-01T02:34:30.853+0000] GC(82) Concurrent Mark (9.849s)
[2025-08-01T02:34:30.853+0000] GC(82) Concurrent Mark From Roots
[2025-08-01T02:34:30.853+0000] GC(82) Using 2 workers of 2 for marking
[2025-08-01T02:34:30.873+0000] GC(83) Pause Young (Normal) (G1 Evacuation Pause)
[2025-08-01T02:34:30.873+0000] GC(83) Using 8 workers of 8 for evacuation
[2025-08-01T02:34:30.923+0000] GC(83)   Pre Evacuate Collection Set: 0.1ms
[2025-08-01T02:34:30.923+0000] GC(83)   Evacuate Collection Set: 48.4ms
[2025-08-01T02:34:30.923+0000] GC(83)   Post Evacuate Collection Set: 0.8ms
[2025-08-01T02:34:30.923+0000] GC(83)   Other: 0.3ms
[2025-08-01T02:34:30.923+0000] GC(83) Eden regions: 139->0(95)
[2025-08-01T02:34:30.923+0000] GC(83) Survivor regions: 27->21(21)
[2025-08-01T02:34:30.923+0000] GC(83) Old regions: 1372->1517
[2025-08-01T02:34:30.923+0000] GC(83) Humongous regions: 0->0
[2025-08-01T02:34:30.923+0000] GC(83) Metaspace: 9706K(12544K)->9706K(12544K) NonClass: 8540K(11008K)->8540K(11008K) Class: 1166K(1536K)->1166K(1536K)
[2025-08-01T02:34:30.923+0000] GC(83) Pause Young (Normal) (G1 Evacuation Pause) 3072M->3072M(4096M) 49.680ms
[2025-08-01T02:34:30.923+0000] GC(83) User=0.39s Sys=0.00s Real=0.04s
[2025-08-01T02:34:30.984+0000] GC(84) Pause Young (Normal) (G1 Evacuation Pause)
[2025-08-01T02:34:30.984+0000] GC(84) Using 8 workers of 8 for evacuation
[2025-08-01T02:34:31.025+0000] GC(84)   Pre Evacuate Collection Set: 0.1ms
[2025-08-01T02:34:31.025+0000] GC(84)   Evacuate Collection Set: 39.9ms
[2025-08-01T02:34:31.025+0000] GC(84)   Post Evacuate Collection Set: 0.7ms
[2025-08-01T02:34:31.025+0000] GC(84)   Other: 0.3ms
[2025-08-01T02:34:31.025+0000] GC(84) Eden regions: 95->0(87)
[2025-08-01T02:34:31.025+0000] GC(84) Survivor regions: 21->15(15)
[2025-08-01T02:34:31.025+0000] GC(84) Old regions: 1517->1619
[2025-08-01T02:34:31.025+0000] GC(84) Humongous regions: 0->0
[2025-08-01T02:34:31.025+0000] GC(84) Metaspace: 9706K(12544K)->9706K(12544K) NonClass: 8540K(11008K)->8540K(11008K) Class: 1166K(1536K)->1166K(1536K)
[2025-08-01T02:34:31.025+0000] GC(84) Pause Young (Normal) (G1 Evacuation Pause) 3262M->3265M(4096M) 41.129ms
[2025-08-01T02:34:31.025+0000] GC(84) User=0.31s Sys=0.00s Real=0.04s
[2025-08-01T02:34:31.042+0000] GC(85) Pause Young (Normal) (G1 Evacuation Pause)
[2025-08-01T02:34:31.042+0000] GC(85) Using 8 workers of 8 for evacuation
[2025-08-01T02:34:31.074+0000] GC(85)   Pre Evacuate Collection Set: 0.1ms
[2025-08-01T02:34:31.074+0000] GC(85)   Evacuate Collection Set: 30.9ms
[2025-08-01T02:34:31.074+0000] GC(85)   Post Evacuate Collection Set: 0.8ms
[2025-08-01T02:34:31.074+0000] GC(85)   Other: 0.3ms
[2025-08-01T02:34:31.074+0000] GC(85) Eden regions: 87->0(89)
[2025-08-01T02:34:31.074+0000] GC(85) Survivor regions: 15->13(13)
[2025-08-01T02:34:31.074+0000] GC(85) Old regions: 1619->1711
[2025-08-01T02:34:31.074+0000] GC(85) Humongous regions: 0->0
[2025-08-01T02:34:31.074+0000] GC(85) Metaspace: 9706K(12544K)->9706K(12544K) NonClass: 8540K(11008K)->8540K(11008K) Class: 1166K(1536K)->1166K(1536K)
[2025-08-01T02:34:31.074+0000] GC(85) Pause Young (Normal) (G1 Evacuation Pause) 3439M->3444M(4096M) 32.289ms
[2025-08-01T02:34:31.074+0000] GC(85) User=0.25s Sys=0.00s Real=0.04s
[2025-08-01T02:34:31.143+0000] GC(86) Pause Young (Normal) (G1 Evacuation Pause)
[2025-08-01T02:34:31.143+0000] GC(86) Using 8 workers of 8 for evacuation
[2025-08-01T02:34:31.163+0000] GC(86)   Pre Evacuate Collection Set: 0.1ms
[2025-08-01T02:34:31.163+0000] GC(86)   Evacuate Collection Set: 18.6ms
[2025-08-01T02:34:31.163+0000] GC(86)   Post Evacuate Collection Set: 0.4ms
[2025-08-01T02:34:31.163+0000] GC(86)   Other: 0.3ms
[2025-08-01T02:34:31.163+0000] GC(86) Eden regions: 89->0(89)
[2025-08-01T02:34:31.163+0000] GC(86) Survivor regions: 13->13(13)
[2025-08-01T02:34:31.163+0000] GC(86) Old regions: 1711->1758
[2025-08-01T02:34:31.163+0000] GC(86) Humongous regions: 0->0
[2025-08-01T02:34:31.163+0000] GC(86) Metaspace: 9706K(12544K)->9706K(12544K) NonClass: 8540K(11008K)->8540K(11008K) Class: 1166K(1536K)->1166K(1536K)
[2025-08-01T02:34:31.163+0000] GC(86) Pause Young (Normal) (G1 Evacuation Pause) 3622M->3538M(4096M) 19.497ms
[2025-08-01T02:34:31.163+0000] GC(86) User=0.14s Sys=0.00s Real=0.01s
[2025-08-01T02:34:31.166+0000] GC(82) Concurrent Mark From Roots 312.627ms
[2025-08-01T02:34:31.166+0000] GC(82) Concurrent Preclean
[2025-08-01T02:34:31.166+0000] GC(82) Concurrent Preclean 0.321ms
[2025-08-01T02:34:31.166+0000] GC(82) Concurrent Mark (9.849s, 10.162s) 313.078ms
[2025-08-01T02:34:31.168+0000] GC(82) Pause Remark
[2025-08-01T02:34:31.171+0000] GC(82) Cleaned string and symbol table, strings: 2833 processed, 0 removed, symbols: 23489 processed, 0 removed
[2025-08-01T02:34:31.172+0000] GC(82) Pause Remark 3586M->1876M(4096M) 4.272ms
[2025-08-01T02:34:31.172+0000] GC(82) User=0.02s Sys=0.00s Real=0.00s
[2025-08-01T02:34:31.172+0000] GC(82) Concurrent Rebuild Remembered Sets
[2025-08-01T02:34:31.184+0000] GC(87) Pause Young (Normal) (G1 Evacuation Pause)
[2025-08-01T02:34:31.184+0000] GC(87) Using 8 workers of 8 for evacuation
[2025-08-01T02:34:31.214+0000] GC(87)   Pre Evacuate Collection Set: 0.1ms
[2025-08-01T02:34:31.214+0000] GC(87)   Evacuate Collection Set: 28.8ms
[2025-08-01T02:34:31.214+0000] GC(87)   Post Evacuate Collection Set: 0.9ms
[2025-08-01T02:34:31.214+0000] GC(87)   Other: 0.3ms
[2025-08-01T02:34:31.214+0000] GC(87) Eden regions: 89->0(279)
[2025-08-01T02:34:31.214+0000] GC(87) Survivor regions: 13->13(13)
[2025-08-01T02:34:31.214+0000] GC(87) Old regions: 903->994
[2025-08-01T02:34:31.214+0000] GC(87) Humongous regions: 0->0
[2025-08-01T02:34:31.214+0000] GC(87) Metaspace: 9706K(12544K)->9706K(12544K) NonClass: 8540K(11008K)->8540K(11008K) Class: 1166K(1536K)->1166K(1536K)
[2025-08-01T02:34:31.215+0000] GC(87) Pause Young (Normal) (G1 Evacuation Pause) 2006M->2010M(4096M) 30.273ms
[2025-08-01T02:34:31.215+0000] GC(87) User=0.23s Sys=0.00s Real=0.03s
[2025-08-01T02:34:31.363+0000] GC(88) Pause Young (Normal) (G1 Evacuation Pause)
[2025-08-01T02:34:31.363+0000] GC(88) Using 8 workers of 8 for evacuation
[2025-08-01T02:34:31.457+0000] GC(88)   Pre Evacuate Collection Set: 0.1ms
[2025-08-01T02:34:31.458+0000] GC(88)   Evacuate Collection Set: 92.7ms
[2025-08-01T02:34:31.458+0000] GC(88)   Post Evacuate Collection Set: 1.0ms
[2025-08-01T02:34:31.458+0000] GC(88)   Other: 0.3ms
[2025-08-01T02:34:31.458+0000] GC(88) Eden regions: 279->0(205)
[2025-08-01T02:34:31.458+0000] GC(88) Survivor regions: 13->37(37)
[2025-08-01T02:34:31.458+0000] GC(88) Old regions: 994->1183
[2025-08-01T02:34:31.458+0000] GC(88) Humongous regions: 0->0
[2025-08-01T02:34:31.458+0000] GC(88) Metaspace: 9706K(12544K)->9706K(12544K) NonClass: 8540K(11008K)->8540K(11008K) Class: 1166K(1536K)->1166K(1536K)
[2025-08-01T02:34:31.458+0000] GC(88) Pause Young (Normal) (G1 Evacuation Pause) 2568M->2436M(4096M) 94.256ms
[2025-08-01T02:34:31.458+0000] GC(88) User=0.71s Sys=0.01s Real=0.09s
[2025-08-01T02:34:31.540+0000] GC(89) Pause Young (Normal) (G1 Evacuation Pause)
[2025-08-01T02:34:31.540+0000] GC(89) Using 8 workers of 8 for evacuation
[2025-08-01T02:34:31.632+0000] GC(89)   Pre Evacuate Collection Set: 0.1ms
[2025-08-01T02:34:31.632+0000] GC(89)   Evacuate Collection Set: 90.7ms
[2025-08-01T02:34:31.632+0000] GC(89)   Post Evacuate Collection Set: 0.7ms
[2025-08-01T02:34:31.632+0000] GC(89)   Other: 0.3ms
[2025-08-01T02:34:31.632+0000] GC(89) Eden regions: 205->0(132)
[2025-08-01T02:34:31.632+0000] GC(89) Survivor regions: 37->31(31)
[2025-08-01T02:34:31.632+0000] GC(89) Old regions: 1183->1395
[2025-08-01T02:34:31.632+0000] GC(89) Humongous regions: 0->0
[2025-08-01T02:34:31.632+0000] GC(89) Metaspace: 9706K(12544K)->9706K(12544K) NonClass: 8540K(11008K)->8540K(11008K) Class: 1166K(1536K)->1166K(1536K)
[2025-08-01T02:34:31.632+0000] GC(89) Pause Young (Normal) (G1 Evacuation Pause) 2846M->2848M(4096M) 91.969ms
[2025-08-01T02:34:31.632+0000] GC(89) User=0.64s Sys=0.04s Real=0.09s
[2025-08-01T02:34:31.661+0000] GC(82) Concurrent Rebuild Remembered Sets 488.874ms
[2025-08-01T02:34:31.661+0000] GC(82) Pause Cleanup
[2025-08-01T02:34:31.663+0000] GC(82) Pause Cleanup 3089M->3089M(4096M) 1.211ms
[2025-08-01T02:34:31.663+0000] GC(82) User=0.00s Sys=0.00s Real=0.00s
[2025-08-01T02:34:31.663+0000] GC(82) Concurrent Cleanup for Next Mark
[2025-08-01T02:34:31.671+0000] GC(82) Concurrent Cleanup for Next Mark 8.119ms
[2025-08-01T02:34:31.671+0000] GC(82) Concurrent Cycle 824.640ms
[2025-08-01T02:34:31.705+0000] GC(90) Pause Young (Normal) (G1 Evacuation Pause)
[2025-08-01T02:34:31.705+0000] GC(90) Using 8 workers of 8 for evacuation
[2025-08-01T02:34:31.752+0000] GC(90)   Pre Evacuate Collection Set: 0.1ms
[2025-08-01T02:34:31.752+0000] GC(90)   Evacuate Collection Set: 45.9ms
[2025-08-01T02:34:31.752+0000] GC(90)   Post Evacuate Collection Set: 1.0ms
[2025-08-01T02:34:31.752+0000] GC(90)   Other: 0.3ms
[2025-08-01T02:34:31.752+0000] GC(90) Eden regions: 132->0(89)
[2025-08-01T02:34:31.752+0000] GC(90) Survivor regions: 31->21(21)
[2025-08-01T02:34:31.752+0000] GC(90) Old regions: 1395->1537
[2025-08-01T02:34:31.752+0000] GC(90) Humongous regions: 0->0
[2025-08-01T02:34:31.752+0000] GC(90) Metaspace: 9706K(12544K)->9706K(12544K) NonClass: 8540K(11008K)->8540K(11008K) Class: 1166K(1536K)->1166K(1536K)
[2025-08-01T02:34:31.752+0000] GC(90) Pause Young (Normal) (G1 Evacuation Pause) 3112M->3113M(4096M) 47.336ms
[2025-08-01T02:34:31.752+0000] GC(90) User=0.37s Sys=0.00s Real=0.04s
[2025-08-01T02:34:31.769+0000] GC(91) Pause Young (Concurrent Start) (G1 Evacuation Pause)
[2025-08-01T02:34:31.769+0000] GC(91) Using 8 workers of 8 for evacuation
[2025-08-01T02:34:31.801+0000] GC(91)   Pre Evacuate Collection Set: 0.1ms
[2025-08-01T02:34:31.801+0000] GC(91)   Evacuate Collection Set: 31.3ms
[2025-08-01T02:34:31.801+0000] GC(91)   Post Evacuate Collection Set: 0.7ms
[2025-08-01T02:34:31.801+0000] GC(91)   Other: 0.4ms
[2025-08-01T02:34:31.801+0000] GC(91) Eden regions: 89->0(88)
[2025-08-01T02:34:31.801+0000] GC(91) Survivor regions: 21->14(14)
[2025-08-01T02:34:31.801+0000] GC(91) Old regions: 1537->1635
[2025-08-01T02:34:31.801+0000] GC(91) Humongous regions: 0->0
[2025-08-01T02:34:31.801+0000] GC(91) Metaspace: 9706K(12544K)->9706K(12544K) NonClass: 8540K(11008K)->8540K(11008K) Class: 1166K(1536K)->1166K(1536K)
[2025-08-01T02:34:31.801+0000] GC(91) Pause Young (Concurrent Start) (G1 Evacuation Pause) 3291M->3294M(4096M) 32.617ms
[2025-08-01T02:34:31.801+0000] GC(91) User=0.25s Sys=0.00s Real=0.03s
[2025-08-01T02:34:31.801+0000] GC(92) Concurrent Cycle
[2025-08-01T02:34:31.801+0000] GC(92) Concurrent Clear Claimed Marks
[2025-08-01T02:34:31.801+0000] GC(92) Concurrent Clear Claimed Marks 0.064ms
[2025-08-01T02:34:31.801+0000] GC(92) Concurrent Scan Root Regions
[2025-08-01T02:34:31.807+0000] GC(92) Concurrent Scan Root Regions 5.262ms
[2025-08-01T02:34:31.807+0000] GC(92) Concurrent Mark (10.803s)
[2025-08-01T02:34:31.807+0000] GC(92) Concurrent Mark From Roots
[2025-08-01T02:34:31.807+0000] GC(92) Using 2 workers of 2 for marking
[2025-08-01T02:34:31.865+0000] GC(93) Pause Young (Normal) (G1 Evacuation Pause)
[2025-08-01T02:34:31.865+0000] GC(93) Using 8 workers of 8 for evacuation
[2025-08-01T02:34:31.878+0000] GC(93)   Pre Evacuate Collection Set: 0.1ms
[2025-08-01T02:34:31.878+0000] GC(93)   Evacuate Collection Set: 11.6ms
[2025-08-01T02:34:31.878+0000] GC(93)   Post Evacuate Collection Set: 0.6ms
[2025-08-01T02:34:31.878+0000] GC(93)   Other: 0.3ms
[2025-08-01T02:34:31.878+0000] GC(93) Eden regions: 88->0(89)
[2025-08-01T02:34:31.878+0000] GC(93) Survivor regions: 14->13(13)
[2025-08-01T02:34:31.878+0000] GC(93) Old regions: 1635->1658
[2025-08-01T02:34:31.878+0000] GC(93) Humongous regions: 0->0
[2025-08-01T02:34:31.878+0000] GC(93) Metaspace: 9706K(12544K)->9706K(12544K) NonClass: 8540K(11008K)->8540K(11008K) Class: 1166K(1536K)->1166K(1536K)
[2025-08-01T02:34:31.878+0000] GC(93) Pause Young (Normal) (G1 Evacuation Pause) 3470M->3339M(4096M) 12.790ms
[2025-08-01T02:34:31.878+0000] GC(93) User=0.09s Sys=0.00s Real=0.01s
[2025-08-01T02:34:31.895+0000] GC(94) Pause Young (Normal) (G1 Evacuation Pause)
[2025-08-01T02:34:31.895+0000] GC(94) Using 8 workers of 8 for evacuation
[2025-08-01T02:34:31.924+0000] GC(94)   Pre Evacuate Collection Set: 0.1ms
[2025-08-01T02:34:31.924+0000] GC(94)   Evacuate Collection Set: 27.9ms
[2025-08-01T02:34:31.924+0000] GC(94)   Post Evacuate Collection Set: 0.8ms
[2025-08-01T02:34:31.924+0000] GC(94)   Other: 0.3ms
[2025-08-01T02:34:31.924+0000] GC(94) Eden regions: 89->0(89)
[2025-08-01T02:34:31.924+0000] GC(94) Survivor regions: 13->13(13)
[2025-08-01T02:34:31.924+0000] GC(94) Old regions: 1658->1748
[2025-08-01T02:34:31.924+0000] GC(94) Humongous regions: 0->0
[2025-08-01T02:34:31.924+0000] GC(94) Metaspace: 9706K(12544K)->9706K(12544K) NonClass: 8540K(11008K)->8540K(11008K) Class: 1166K(1536K)->1166K(1536K)
[2025-08-01T02:34:31.924+0000] GC(94) Pause Young (Normal) (G1 Evacuation Pause) 3517M->3519M(4096M) 29.197ms
[2025-08-01T02:34:31.924+0000] GC(94) User=0.23s Sys=0.00s Real=0.03s
[2025-08-01T02:34:31.989+0000] GC(95) Pause Young (Normal) (G1 Evacuation Pause)
[2025-08-01T02:34:31.989+0000] GC(95) Using 8 workers of 8 for evacuation
[2025-08-01T02:34:32.024+0000] GC(95)   Pre Evacuate Collection Set: 0.1ms
[2025-08-01T02:34:32.024+0000] GC(95)   Evacuate Collection Set: 34.3ms
[2025-08-01T02:34:32.024+0000] GC(95)   Post Evacuate Collection Set: 0.7ms
[2025-08-01T02:34:32.024+0000] GC(95)   Other: 0.4ms
[2025-08-01T02:34:32.024+0000] GC(95) Eden regions: 89->0(89)
[2025-08-01T02:34:32.024+0000] GC(95) Survivor regions: 13->13(13)
[2025-08-01T02:34:32.024+0000] GC(95) Old regions: 1748->1839
[2025-08-01T02:34:32.024+0000] GC(95) Humongous regions: 0->0
[2025-08-01T02:34:32.024+0000] GC(95) Metaspace: 9706K(12544K)->9706K(12544K) NonClass: 8540K(11008K)->8540K(11008K) Class: 1166K(1536K)->1166K(1536K)
[2025-08-01T02:34:32.024+0000] GC(95) Pause Young (Normal) (G1 Evacuation Pause) 3697M->3701M(4096M) 35.593ms
[2025-08-01T02:34:32.024+0000] GC(95) User=0.24s Sys=0.00s Real=0.04s
[2025-08-01T02:34:32.042+0000] GC(96) Pause Young (Normal) (G1 Evacuation Pause)
[2025-08-01T02:34:32.042+0000] GC(96) Using 8 workers of 8 for evacuation
[2025-08-01T02:34:32.081+0000] GC(96)   Pre Evacuate Collection Set: 0.1ms
[2025-08-01T02:34:32.081+0000] GC(96)   Evacuate Collection Set: 38.3ms
[2025-08-01T02:34:32.081+0000] GC(96)   Post Evacuate Collection Set: 0.6ms
[2025-08-01T02:34:32.081+0000] GC(96)   Other: 0.3ms
[2025-08-01T02:34:32.081+0000] GC(96) Eden regions: 89->0(89)
[2025-08-01T02:34:32.081+0000] GC(96) Survivor regions: 13->13(13)
[2025-08-01T02:34:32.081+0000] GC(96) Old regions: 1839->1930
[2025-08-01T02:34:32.081+0000] GC(96) Humongous regions: 0->0
[2025-08-01T02:34:32.081+0000] GC(96) Metaspace: 9706K(12544K)->9706K(12544K) NonClass: 8540K(11008K)->8540K(11008K) Class: 1166K(1536K)->1166K(1536K)
[2025-08-01T02:34:32.082+0000] GC(96) Pause Young (Normal) (G1 Evacuation Pause) 3879M->3883M(4096M) 39.343ms
[2025-08-01T02:34:32.082+0000] GC(96) User=0.27s Sys=0.00s Real=0.04s
[2025-08-01T02:34:32.104+0000] GC(97) Pause Young (Normal) (G1 Evacuation Pause)
[2025-08-01T02:34:32.104+0000] GC(97) Using 8 workers of 8 for evacuation
[2025-08-01T02:34:32.135+0000] GC(97) To-space exhausted
[2025-08-01T02:34:32.135+0000] GC(97)   Pre Evacuate Collection Set: 0.1ms
[2025-08-01T02:34:32.135+0000] GC(97)   Evacuate Collection Set: 20.4ms
[2025-08-01T02:34:32.135+0000] GC(97)   Post Evacuate Collection Set: 10.4ms
[2025-08-01T02:34:32.135+0000] GC(97)   Other: 0.4ms
[2025-08-01T02:34:32.135+0000] GC(97) Eden regions: 89->0(94)
[2025-08-01T02:34:32.135+0000] GC(97) Survivor regions: 13->8(13)
[2025-08-01T02:34:32.135+0000] GC(97) Old regions: 1930->2029
[2025-08-01T02:34:32.135+0000] GC(97) Humongous regions: 0->0
[2025-08-01T02:34:32.135+0000] GC(97) Metaspace: 9706K(12544K)->9706K(12544K) NonClass: 8540K(11008K)->8540K(11008K) Class: 1166K(1536K)->1166K(1536K)
[2025-08-01T02:34:32.135+0000] GC(97) Pause Young (Normal) (G1 Evacuation Pause) 4061M->4071M(4096M) 31.455ms
[2025-08-01T02:34:32.135+0000] GC(97) User=0.23s Sys=0.00s Real=0.03s
[2025-08-01T02:34:32.145+0000] GC(98) Pause Young (Normal) (G1 Evacuation Pause)
[2025-08-01T02:34:32.145+0000] GC(98) Using 8 workers of 8 for evacuation
[2025-08-01T02:34:32.152+0000] GC(98) To-space exhausted
[2025-08-01T02:34:32.152+0000] GC(98)   Pre Evacuate Collection Set: 0.1ms
[2025-08-01T02:34:32.152+0000] GC(98)   Evacuate Collection Set: 4.9ms
[2025-08-01T02:34:32.152+0000] GC(98)   Post Evacuate Collection Set: 2.6ms
[2025-08-01T02:34:32.153+0000] GC(98)   Other: 0.4ms
[2025-08-01T02:34:32.153+0000] GC(98) Eden regions: 11->0(102)
[2025-08-01T02:34:32.153+0000] GC(98) Survivor regions: 8->0(13)
[2025-08-01T02:34:32.153+0000] GC(98) Old regions: 2029->2048
[2025-08-01T02:34:32.153+0000] GC(98) Humongous regions: 0->0
[2025-08-01T02:34:32.153+0000] GC(98) Metaspace: 9706K(12544K)->9706K(12544K) NonClass: 8540K(11008K)->8540K(11008K) Class: 1166K(1536K)->1166K(1536K)
[2025-08-01T02:34:32.153+0000] GC(98) Pause Young (Normal) (G1 Evacuation Pause) 4093M->4093M(4096M) 8.080ms
[2025-08-01T02:34:32.153+0000] GC(98) User=0.05s Sys=0.00s Real=0.00s
[2025-08-01T02:34:32.153+0000] GC(99) Using 8 workers of 8 for full compaction
[2025-08-01T02:34:32.153+0000] GC(99) Pause Full (G1 Evacuation Pause)
[2025-08-01T02:34:32.158+0000] GC(99) Phase 1: Mark live objects
[2025-08-01T02:34:32.188+0000] GC(99) Cleaned string and symbol table, strings: 2833 processed, 0 removed, symbols: 23489 processed, 0 removed
[2025-08-01T02:34:32.188+0000] GC(99) Phase 1: Mark live objects 29.844ms
[2025-08-01T02:34:32.188+0000] GC(99) Phase 2: Prepare for compaction
[2025-08-01T02:34:32.216+0000] GC(99) Phase 2: Prepare for compaction 27.912ms
[2025-08-01T02:34:32.216+0000] GC(99) Phase 3: Adjust pointers
[2025-08-01T02:34:32.247+0000] GC(99) Phase 3: Adjust pointers 31.585ms
[2025-08-01T02:34:32.247+0000] GC(99) Phase 4: Compact heap
[2025-08-01T02:34:32.335+0000] GC(99) Phase 4: Compact heap 88.118ms
[2025-08-01T02:34:32.338+0000] GC(99) Eden regions: 0->0(279)
[2025-08-01T02:34:32.338+0000] GC(99) Survivor regions: 0->0(13)
[2025-08-01T02:34:32.338+0000] GC(99) Old regions: 2048->291
[2025-08-01T02:34:32.338+0000] GC(99) Humongous regions: 0->0
[2025-08-01T02:34:32.338+0000] GC(99) Metaspace: 9706K(12544K)->9706K(12544K) NonClass: 8540K(11008K)->8540K(11008K) Class: 1166K(1536K)->1166K(1536K)
[2025-08-01T02:34:32.338+0000] GC(99) Pause Full (G1 Evacuation Pause) 4093M->570M(4096M) 185.374ms
[2025-08-01T02:34:32.338+0000] GC(99) User=1.30s Sys=0.03s Real=0.19s
[2025-08-01T02:34:32.339+0000] GC(92) Concurrent Mark From Roots 531.481ms
[2025-08-01T02:34:32.339+0000] GC(92) Concurrent Mark Abort
[2025-08-01T02:34:32.339+0000] GC(92) Concurrent Cycle 537.319ms
[2025-08-01T02:34:32.445+0000] GC(100) Pause Young (Normal) (G1 Evacuation Pause)
[2025-08-01T02:34:32.445+0000] GC(100) Using 8 workers of 8 for evacuation
[2025-08-01T02:34:32.609+0000] GC(100)   Pre Evacuate Collection Set: 0.1ms
[2025-08-01T02:34:32.609+0000] GC(100)   Evacuate Collection Set: 163.1ms
[2025-08-01T02:34:32.609+0000] GC(100)   Post Evacuate Collection Set: 0.6ms
[2025-08-01T02:34:32.609+0000] GC(100)   Other: 0.4ms
[2025-08-01T02:34:32.609+0000] GC(100) Eden regions: 279->0(238)
[2025-08-01T02:34:32.609+0000] GC(100) Survivor regions: 0->35(35)
[2025-08-01T02:34:32.609+0000] GC(100) Old regions: 291->536
[2025-08-01T02:34:32.609+0000] GC(100) Humongous regions: 0->0
[2025-08-01T02:34:32.609+0000] GC(100) Metaspace: 9706K(12544K)->9706K(12544K) NonClass: 8540K(11008K)->8540K(11008K) Class: 1166K(1536K)->1166K(1536K)
[2025-08-01T02:34:32.609+0000] GC(100) Pause Young (Normal) (G1 Evacuation Pause) 1128M->1129M(4096M) 164.309ms
[2025-08-01T02:34:32.609+0000] GC(100) User=1.15s Sys=0.09s Real=0.16s
[2025-08-01T02:34:32.706+0000] GC(101) Pause Young (Normal) (G1 Evacuation Pause)
[2025-08-01T02:34:32.706+0000] GC(101) Using 8 workers of 8 for evacuation
[2025-08-01T02:34:32.789+0000] GC(101)   Pre Evacuate Collection Set: 0.1ms
[2025-08-01T02:34:32.789+0000] GC(101)   Evacuate Collection Set: 81.5ms
[2025-08-01T02:34:32.789+0000] GC(101)   Post Evacuate Collection Set: 1.1ms
[2025-08-01T02:34:32.789+0000] GC(101)   Other: 0.3ms
[2025-08-01T02:34:32.789+0000] GC(101) Eden regions: 238->0(268)
[2025-08-01T02:34:32.789+0000] GC(101) Survivor regions: 35->35(35)
[2025-08-01T02:34:32.789+0000] GC(101) Old regions: 536->701
[2025-08-01T02:34:32.789+0000] GC(101) Humongous regions: 0->0
[2025-08-01T02:34:32.789+0000] GC(101) Metaspace: 9706K(12544K)->9706K(12544K) NonClass: 8540K(11008K)->8540K(11008K) Class: 1166K(1536K)->1166K(1536K)
[2025-08-01T02:34:32.789+0000] GC(101) Pause Young (Normal) (G1 Evacuation Pause) 1605M->1460M(4096M) 83.181ms
[2025-08-01T02:34:32.789+0000] GC(101) User=0.61s Sys=0.03s Real=0.08s
[2025-08-01T02:34:32.934+0000] GC(102) Pause Young (Normal) (G1 Evacuation Pause)
[2025-08-01T02:34:32.934+0000] GC(102) Using 8 workers of 8 for evacuation
[2025-08-01T02:34:33.046+0000] GC(102)   Pre Evacuate Collection Set: 0.1ms
[2025-08-01T02:34:33.046+0000] GC(102)   Evacuate Collection Set: 110.4ms
[2025-08-01T02:34:33.046+0000] GC(102)   Post Evacuate Collection Set: 1.0ms
[2025-08-01T02:34:33.046+0000] GC(102)   Other: 0.3ms
[2025-08-01T02:34:33.046+0000] GC(102) Eden regions: 268->0(277)
[2025-08-01T02:34:33.046+0000] GC(102) Survivor regions: 35->38(38)
[2025-08-01T02:34:33.046+0000] GC(102) Old regions: 701->939
[2025-08-01T02:34:33.046+0000] GC(102) Humongous regions: 0->0
[2025-08-01T02:34:33.046+0000] GC(102) Metaspace: 9706K(12544K)->9706K(12544K) NonClass: 8540K(11008K)->8540K(11008K) Class: 1166K(1536K)->1166K(1536K)
[2025-08-01T02:34:33.046+0000] GC(102) Pause Young (Normal) (G1 Evacuation Pause) 1996M->1942M(4096M) 111.974ms
[2025-08-01T02:34:33.046+0000] GC(102) User=0.82s Sys=0.04s Real=0.11s
[2025-08-01T02:34:33.149+0000] GC(103) Pause Young (Concurrent Start) (G1 Evacuation Pause)
[2025-08-01T02:34:33.149+0000] GC(103) Using 8 workers of 8 for evacuation
[2025-08-01T02:34:33.266+0000] GC(103)   Pre Evacuate Collection Set: 0.1ms
[2025-08-01T02:34:33.266+0000] GC(103)   Evacuate Collection Set: 115.8ms
[2025-08-01T02:34:33.266+0000] GC(103)   Post Evacuate Collection Set: 0.7ms
[2025-08-01T02:34:33.266+0000] GC(103)   Other: 0.5ms
[2025-08-01T02:34:33.266+0000] GC(103) Eden regions: 277->0(200)
[2025-08-01T02:34:33.266+0000] GC(103) Survivor regions: 38->40(40)
[2025-08-01T02:34:33.266+0000] GC(103) Old regions: 939->1173
[2025-08-01T02:34:33.266+0000] GC(103) Humongous regions: 0->0
[2025-08-01T02:34:33.266+0000] GC(103) Metaspace: 9706K(12544K)->9706K(12544K) NonClass: 8540K(11008K)->8540K(11008K) Class: 1166K(1536K)->1166K(1536K)
[2025-08-01T02:34:33.266+0000] GC(103) Pause Young (Concurrent Start) (G1 Evacuation Pause) 2496M->2413M(4096M) 117.142ms
[2025-08-01T02:34:33.266+0000] GC(103) User=0.89s Sys=0.03s Real=0.12s
[2025-08-01T02:34:33.266+0000] GC(104) Concurrent Cycle
[2025-08-01T02:34:33.266+0000] GC(104) Concurrent Clear Claimed Marks
[2025-08-01T02:34:33.266+0000] GC(104) Concurrent Clear Claimed Marks 0.064ms
[2025-08-01T02:34:33.266+0000] GC(104) Concurrent Scan Root Regions
[2025-08-01T02:34:33.276+0000] GC(104) Concurrent Scan Root Regions 10.056ms
[2025-08-01T02:34:33.277+0000] GC(104) Concurrent Mark (12.272s)
[2025-08-01T02:34:33.277+0000] GC(104) Concurrent Mark From Roots
[2025-08-01T02:34:33.277+0000] GC(104) Using 2 workers of 2 for marking
[2025-08-01T02:34:33.352+0000] GC(105) Pause Young (Normal) (G1 Evacuation Pause)
[2025-08-01T02:34:33.352+0000] GC(105) Using 8 workers of 8 for evacuation
[2025-08-01T02:34:33.443+0000] GC(105)   Pre Evacuate Collection Set: 0.1ms
[2025-08-01T02:34:33.443+0000] GC(105)   Evacuate Collection Set: 90.1ms
[2025-08-01T02:34:33.444+0000] GC(105)   Post Evacuate Collection Set: 0.8ms
[2025-08-01T02:34:33.444+0000] GC(105)   Other: 0.3ms
[2025-08-01T02:34:33.444+0000] GC(105) Eden regions: 200->0(133)
[2025-08-01T02:34:33.444+0000] GC(105) Survivor regions: 40->30(30)
[2025-08-01T02:34:33.444+0000] GC(105) Old regions: 1173->1385
[2025-08-01T02:34:33.444+0000] GC(105) Humongous regions: 0->0
[2025-08-01T02:34:33.444+0000] GC(105) Metaspace: 9706K(12544K)->9706K(12544K) NonClass: 8540K(11008K)->8540K(11008K) Class: 1166K(1536K)->1166K(1536K)
[2025-08-01T02:34:33.444+0000] GC(105) Pause Young (Normal) (G1 Evacuation Pause) 2813M->2817M(4096M) 91.486ms
[2025-08-01T02:34:33.444+0000] GC(105) User=0.67s Sys=0.04s Real=0.10s
[2025-08-01T02:34:33.515+0000] GC(106) Pause Young (Normal) (G1 Evacuation Pause)
[2025-08-01T02:34:33.515+0000] GC(106) Using 8 workers of 8 for evacuation
[2025-08-01T02:34:33.556+0000] GC(106)   Pre Evacuate Collection Set: 0.1ms
[2025-08-01T02:34:33.556+0000] GC(106)   Evacuate Collection Set: 40.5ms
[2025-08-01T02:34:33.556+0000] GC(106)   Post Evacuate Collection Set: 1.0ms
[2025-08-01T02:34:33.556+0000] GC(106)   Other: 0.3ms
[2025-08-01T02:34:33.556+0000] GC(106) Eden regions: 133->0(101)
[2025-08-01T02:34:33.556+0000] GC(106) Survivor regions: 30->21(21)
[2025-08-01T02:34:33.556+0000] GC(106) Old regions: 1385->1499
[2025-08-01T02:34:33.556+0000] GC(106) Humongous regions: 0->0
[2025-08-01T02:34:33.556+0000] GC(106) Metaspace: 9706K(12544K)->9706K(12544K) NonClass: 8540K(11008K)->8540K(11008K) Class: 1166K(1536K)->1166K(1536K)
[2025-08-01T02:34:33.556+0000] GC(106) Pause Young (Normal) (G1 Evacuation Pause) 3083M->3027M(4096M) 41.932ms
[2025-08-01T02:34:33.556+0000] GC(106) User=0.31s Sys=0.00s Real=0.04s
[2025-08-01T02:34:33.579+0000] GC(104) Concurrent Mark From Roots 302.291ms
[2025-08-01T02:34:33.579+0000] GC(104) Concurrent Preclean
[2025-08-01T02:34:33.579+0000] GC(104) Concurrent Preclean 0.303ms
[2025-08-01T02:34:33.579+0000] GC(104) Concurrent Mark (12.272s, 12.575s) 302.696ms
[2025-08-01T02:34:33.580+0000] GC(104) Pause Remark
[2025-08-01T02:34:33.582+0000] GC(104) Cleaned string and symbol table, strings: 2833 processed, 0 removed, symbols: 23489 processed, 0 removed
[2025-08-01T02:34:33.584+0000] GC(104) Pause Remark 3202M->1835M(4096M) 4.376ms
[2025-08-01T02:34:33.584+0000] GC(104) User=0.01s Sys=0.00s Real=0.01s
[2025-08-01T02:34:33.584+0000] GC(104) Concurrent Rebuild Remembered Sets
[2025-08-01T02:34:33.622+0000] GC(107) Pause Young (Normal) (G1 Evacuation Pause)
[2025-08-01T02:34:33.622+0000] GC(107) Using 8 workers of 8 for evacuation
[2025-08-01T02:34:33.674+0000] GC(107)   Pre Evacuate Collection Set: 0.1ms
[2025-08-01T02:34:33.674+0000] GC(107)   Evacuate Collection Set: 50.6ms
[2025-08-01T02:34:33.674+0000] GC(107)   Post Evacuate Collection Set: 0.8ms
[2025-08-01T02:34:33.674+0000] GC(107)   Other: 0.3ms
[2025-08-01T02:34:33.674+0000] GC(107) Eden regions: 101->0(315)
[2025-08-01T02:34:33.674+0000] GC(107) Survivor regions: 21->16(16)
[2025-08-01T02:34:33.674+0000] GC(107) Old regions: 811->866
[2025-08-01T02:34:33.674+0000] GC(107) Humongous regions: 0->0
[2025-08-01T02:34:33.674+0000] GC(107) Metaspace: 9706K(12544K)->9706K(12544K) NonClass: 8540K(11008K)->8540K(11008K) Class: 1166K(1536K)->1166K(1536K)
[2025-08-01T02:34:33.674+0000] GC(107) Pause Young (Normal) (G1 Evacuation Pause) 1862M->1761M(4096M) 51.934ms
[2025-08-01T02:34:33.674+0000] GC(107) User=0.36s Sys=0.03s Real=0.06s
[2025-08-01T02:34:33.779+0000] GC(108) Pause Young (Normal) (G1 Evacuation Pause)
[2025-08-01T02:34:33.779+0000] GC(108) Using 8 workers of 8 for evacuation
[2025-08-01T02:34:33.875+0000] GC(108)   Pre Evacuate Collection Set: 0.1ms
[2025-08-01T02:34:33.875+0000] GC(108)   Evacuate Collection Set: 94.9ms
[2025-08-01T02:34:33.875+0000] GC(108)   Post Evacuate Collection Set: 1.0ms
[2025-08-01T02:34:33.875+0000] GC(108)   Other: 0.3ms
[2025-08-01T02:34:33.875+0000] GC(108) Eden regions: 315->0(241)
[2025-08-01T02:34:33.875+0000] GC(108) Survivor regions: 16->42(42)
[2025-08-01T02:34:33.875+0000] GC(108) Old regions: 866->1071
[2025-08-01T02:34:33.875+0000] GC(108) Humongous regions: 0->0
[2025-08-01T02:34:33.875+0000] GC(108) Metaspace: 9706K(12544K)->9706K(12544K) NonClass: 8540K(11008K)->8540K(11008K) Class: 1166K(1536K)->1166K(1536K)
[2025-08-01T02:34:33.875+0000] GC(108) Pause Young (Normal) (G1 Evacuation Pause) 2391M->2222M(4096M) 96.495ms
[2025-08-01T02:34:33.875+0000] GC(108) User=0.73s Sys=0.02s Real=0.10s
[2025-08-01T02:34:33.962+0000] GC(109) Pause Young (Normal) (G1 Evacuation Pause)
[2025-08-01T02:34:33.962+0000] GC(109) Using 8 workers of 8 for evacuation
[2025-08-01T02:34:34.070+0000] GC(109)   Pre Evacuate Collection Set: 0.1ms
[2025-08-01T02:34:34.070+0000] GC(109)   Evacuate Collection Set: 106.3ms
[2025-08-01T02:34:34.070+0000] GC(109)   Post Evacuate Collection Set: 0.8ms
[2025-08-01T02:34:34.070+0000] GC(109)   Other: 0.3ms
[2025-08-01T02:34:34.070+0000] GC(109) Eden regions: 241->0(157)
[2025-08-01T02:34:34.070+0000] GC(109) Survivor regions: 42->36(36)
[2025-08-01T02:34:34.070+0000] GC(109) Old regions: 1071->1319
[2025-08-01T02:34:34.070+0000] GC(109) Humongous regions: 0->0
[2025-08-01T02:34:34.070+0000] GC(109) Metaspace: 9706K(12544K)->9706K(12544K) NonClass: 8540K(11008K)->8540K(11008K) Class: 1166K(1536K)->1166K(1536K)
[2025-08-01T02:34:34.070+0000] GC(109) Pause Young (Normal) (G1 Evacuation Pause) 2704M->2706M(4096M) 107.680ms
[2025-08-01T02:34:34.070+0000] GC(109) User=0.81s Sys=0.03s Real=0.11s
[2025-08-01T02:34:34.084+0000] GC(104) Concurrent Rebuild Remembered Sets 499.881ms
[2025-08-01T02:34:34.084+0000] GC(104) Pause Cleanup
[2025-08-01T02:34:34.086+0000] GC(104) Pause Cleanup 2860M->2860M(4096M) 1.417ms
[2025-08-01T02:34:34.086+0000] GC(104) User=0.01s Sys=0.00s Real=0.00s
[2025-08-01T02:34:34.086+0000] GC(104) Concurrent Cleanup for Next Mark
[2025-08-01T02:34:34.096+0000] GC(104) Concurrent Cleanup for Next Mark 10.137ms
[2025-08-01T02:34:34.096+0000] GC(104) Concurrent Cycle 829.996ms
[2025-08-01T02:34:34.143+0000] GC(110) Pause Young (Normal) (G1 Evacuation Pause)
[2025-08-01T02:34:34.143+0000] GC(110) Using 8 workers of 8 for evacuation
[2025-08-01T02:34:34.208+0000] GC(110)   Pre Evacuate Collection Set: 0.1ms
[2025-08-01T02:34:34.208+0000] GC(110)   Evacuate Collection Set: 63.6ms
[2025-08-01T02:34:34.208+0000] GC(110)   Post Evacuate Collection Set: 0.9ms
[2025-08-01T02:34:34.208+0000] GC(110)   Other: 0.4ms
[2025-08-01T02:34:34.208+0000] GC(110) Eden regions: 157->0(127)
[2025-08-01T02:34:34.208+0000] GC(110) Survivor regions: 36->25(25)
[2025-08-01T02:34:34.208+0000] GC(110) Old regions: 1319->1435
[2025-08-01T02:34:34.208+0000] GC(110) Humongous regions: 0->0
[2025-08-01T02:34:34.208+0000] GC(110) Metaspace: 9706K(12544K)->9706K(12544K) NonClass: 8540K(11008K)->8540K(11008K) Class: 1166K(1536K)->1166K(1536K)
[2025-08-01T02:34:34.208+0000] GC(110) Pause Young (Normal) (G1 Evacuation Pause) 3020M->2916M(4096M) 65.093ms
[2025-08-01T02:34:34.208+0000] GC(110) User=0.47s Sys=0.03s Real=0.07s
[2025-08-01T02:34:34.232+0000] GC(111) Pause Young (Concurrent Start) (G1 Evacuation Pause)
[2025-08-01T02:34:34.232+0000] GC(111) Using 8 workers of 8 for evacuation
[2025-08-01T02:34:34.292+0000] GC(111)   Pre Evacuate Collection Set: 0.1ms
[2025-08-01T02:34:34.292+0000] GC(111)   Evacuate Collection Set: 59.2ms
[2025-08-01T02:34:34.292+0000] GC(111)   Post Evacuate Collection Set: 0.8ms
[2025-08-01T02:34:34.292+0000] GC(111)   Other: 0.4ms
[2025-08-01T02:34:34.292+0000] GC(111) Eden regions: 127->0(83)
[2025-08-01T02:34:34.293+0000] GC(111) Survivor regions: 25->19(19)
[2025-08-01T02:34:34.293+0000] GC(111) Old regions: 1435->1569
[2025-08-01T02:34:34.293+0000] GC(111) Humongous regions: 0->0
[2025-08-01T02:34:34.293+0000] GC(111) Metaspace: 9706K(12544K)->9706K(12544K) NonClass: 8540K(11008K)->8540K(11008K) Class: 1166K(1536K)->1166K(1536K)
[2025-08-01T02:34:34.293+0000] GC(111) Pause Young (Concurrent Start) (G1 Evacuation Pause) 3170M->3173M(4096M) 60.655ms
[2025-08-01T02:34:34.293+0000] GC(111) User=0.44s Sys=0.03s Real=0.06s
[2025-08-01T02:34:34.293+0000] GC(112) Concurrent Cycle
[2025-08-01T02:34:34.293+0000] GC(112) Concurrent Clear Claimed Marks
[2025-08-01T02:34:34.293+0000] GC(112) Concurrent Clear Claimed Marks 0.068ms
[2025-08-01T02:34:34.293+0000] GC(112) Concurrent Scan Root Regions
[2025-08-01T02:34:34.297+0000] GC(112) Concurrent Scan Root Regions 3.778ms
[2025-08-01T02:34:34.297+0000] GC(112) Concurrent Mark (13.292s)
[2025-08-01T02:34:34.297+0000] GC(112) Concurrent Mark From Roots
[2025-08-01T02:34:34.297+0000] GC(112) Using 2 workers of 2 for marking
[2025-08-01T02:34:34.352+0000] GC(113) Pause Young (Normal) (G1 Evacuation Pause)
[2025-08-01T02:34:34.352+0000] GC(113) Using 8 workers of 8 for evacuation
[2025-08-01T02:34:34.373+0000] GC(113)   Pre Evacuate Collection Set: 0.1ms
[2025-08-01T02:34:34.373+0000] GC(113)   Evacuate Collection Set: 19.6ms
[2025-08-01T02:34:34.373+0000] GC(113)   Post Evacuate Collection Set: 0.9ms
[2025-08-01T02:34:34.373+0000] GC(113)   Other: 0.3ms
[2025-08-01T02:34:34.373+0000] GC(113) Eden regions: 83->0(89)
[2025-08-01T02:34:34.373+0000] GC(113) Survivor regions: 19->13(13)
[2025-08-01T02:34:34.373+0000] GC(113) Old regions: 1569->1606
[2025-08-01T02:34:34.373+0000] GC(113) Humongous regions: 0->0
[2025-08-01T02:34:34.373+0000] GC(113) Metaspace: 9706K(12544K)->9706K(12544K) NonClass: 8540K(11008K)->8540K(11008K) Class: 1166K(1536K)->1166K(1536K)
[2025-08-01T02:34:34.373+0000] GC(113) Pause Young (Normal) (G1 Evacuation Pause) 3339M->3235M(4096M) 20.988ms
[2025-08-01T02:34:34.373+0000] GC(113) User=0.16s Sys=0.00s Real=0.03s
[2025-08-01T02:34:34.389+0000] GC(114) Pause Young (Normal) (G1 Evacuation Pause)
[2025-08-01T02:34:34.389+0000] GC(114) Using 8 workers of 8 for evacuation
[2025-08-01T02:34:34.421+0000] GC(114)   Pre Evacuate Collection Set: 0.1ms
[2025-08-01T02:34:34.421+0000] GC(114)   Evacuate Collection Set: 31.3ms
[2025-08-01T02:34:34.421+0000] GC(114)   Post Evacuate Collection Set: 0.6ms
[2025-08-01T02:34:34.421+0000] GC(114)   Other: 0.3ms
[2025-08-01T02:34:34.421+0000] GC(114) Eden regions: 89->0(89)
[2025-08-01T02:34:34.421+0000] GC(114) Survivor regions: 13->13(13)
[2025-08-01T02:34:34.421+0000] GC(114) Old regions: 1606->1697
[2025-08-01T02:34:34.421+0000] GC(114) Humongous regions: 0->0
[2025-08-01T02:34:34.421+0000] GC(114) Metaspace: 9706K(12544K)->9706K(12544K) NonClass: 8540K(11008K)->8540K(11008K) Class: 1166K(1536K)->1166K(1536K)
[2025-08-01T02:34:34.421+0000] GC(114) Pause Young (Normal) (G1 Evacuation Pause) 3413M->3417M(4096M) 32.491ms
[2025-08-01T02:34:34.421+0000] GC(114) User=0.25s Sys=0.01s Real=0.03s
[2025-08-01T02:34:34.485+0000] GC(115) Pause Young (Normal) (G1 Evacuation Pause)
[2025-08-01T02:34:34.485+0000] GC(115) Using 8 workers of 8 for evacuation
[2025-08-01T02:34:34.519+0000] GC(115)   Pre Evacuate Collection Set: 0.1ms
[2025-08-01T02:34:34.519+0000] GC(115)   Evacuate Collection Set: 33.2ms
[2025-08-01T02:34:34.520+0000] GC(115)   Post Evacuate Collection Set: 0.7ms
[2025-08-01T02:34:34.520+0000] GC(115)   Other: 0.3ms
[2025-08-01T02:34:34.520+0000] GC(115) Eden regions: 89->0(89)
[2025-08-01T02:34:34.520+0000] GC(115) Survivor regions: 13->13(13)
[2025-08-01T02:34:34.520+0000] GC(115) Old regions: 1697->1789
[2025-08-01T02:34:34.520+0000] GC(115) Humongous regions: 0->0
[2025-08-01T02:34:34.520+0000] GC(115) Metaspace: 9706K(12544K)->9706K(12544K) NonClass: 8540K(11008K)->8540K(11008K) Class: 1166K(1536K)->1166K(1536K)
[2025-08-01T02:34:34.520+0000] GC(115) Pause Young (Normal) (G1 Evacuation Pause) 3595M->3600M(4096M) 34.353ms
[2025-08-01T02:34:34.520+0000] GC(115) User=0.26s Sys=0.00s Real=0.03s
[2025-08-01T02:34:34.536+0000] GC(116) Pause Young (Normal) (G1 Evacuation Pause)
[2025-08-01T02:34:34.536+0000] GC(116) Using 8 workers of 8 for evacuation
[2025-08-01T02:34:34.572+0000] GC(116)   Pre Evacuate Collection Set: 0.1ms
[2025-08-01T02:34:34.572+0000] GC(116)   Evacuate Collection Set: 35.0ms
[2025-08-01T02:34:34.572+0000] GC(116)   Post Evacuate Collection Set: 0.5ms
[2025-08-01T02:34:34.572+0000] GC(116)   Other: 0.3ms
[2025-08-01T02:34:34.572+0000] GC(116) Eden regions: 89->0(89)
[2025-08-01T02:34:34.572+0000] GC(116) Survivor regions: 13->13(13)
[2025-08-01T02:34:34.572+0000] GC(116) Old regions: 1789->1879
[2025-08-01T02:34:34.572+0000] GC(116) Humongous regions: 0->0
[2025-08-01T02:34:34.572+0000] GC(116) Metaspace: 9706K(12544K)->9706K(12544K) NonClass: 8540K(11008K)->8540K(11008K) Class: 1166K(1536K)->1166K(1536K)
[2025-08-01T02:34:34.572+0000] GC(116) Pause Young (Normal) (G1 Evacuation Pause) 3778M->3781M(4096M) 36.042ms
[2025-08-01T02:34:34.572+0000] GC(116) User=0.27s Sys=0.01s Real=0.03s
[2025-08-01T02:34:34.638+0000] GC(117) Pause Young (Normal) (G1 Evacuation Pause)
[2025-08-01T02:34:34.638+0000] GC(117) Using 8 workers of 8 for evacuation
[2025-08-01T02:34:34.680+0000] GC(117) To-space exhausted
[2025-08-01T02:34:34.680+0000] GC(117)   Pre Evacuate Collection Set: 0.1ms
[2025-08-01T02:34:34.680+0000] GC(117)   Evacuate Collection Set: 34.8ms
[2025-08-01T02:34:34.680+0000] GC(117)   Post Evacuate Collection Set: 6.3ms
[2025-08-01T02:34:34.680+0000] GC(117)   Other: 0.3ms
[2025-08-01T02:34:34.680+0000] GC(117) Eden regions: 89->0(89)
[2025-08-01T02:34:34.680+0000] GC(117) Survivor regions: 13->13(13)
[2025-08-01T02:34:34.680+0000] GC(117) Old regions: 1879->1972
[2025-08-01T02:34:34.680+0000] GC(117) Humongous regions: 0->0
[2025-08-01T02:34:34.680+0000] GC(117) Metaspace: 9706K(12544K)->9706K(12544K) NonClass: 8540K(11008K)->8540K(11008K) Class: 1166K(1536K)->1166K(1536K)
[2025-08-01T02:34:34.680+0000] GC(117) Pause Young (Normal) (G1 Evacuation Pause) 3959M->3967M(4096M) 41.716ms
[2025-08-01T02:34:34.680+0000] GC(117) User=0.28s Sys=0.01s Real=0.04s
[2025-08-01T02:34:34.692+0000] GC(118) Pause Young (Normal) (G1 Evacuation Pause)
[2025-08-01T02:34:34.692+0000] GC(118) Using 8 workers of 8 for evacuation
[2025-08-01T02:34:34.715+0000] GC(118) To-space exhausted
[2025-08-01T02:34:34.715+0000] GC(118)   Pre Evacuate Collection Set: 0.2ms
[2025-08-01T02:34:34.715+0000] GC(118)   Evacuate Collection Set: 15.0ms
[2025-08-01T02:34:34.715+0000] GC(118)   Post Evacuate Collection Set: 7.5ms
[2025-08-01T02:34:34.715+0000] GC(118)   Other: 0.3ms
[2025-08-01T02:34:34.715+0000] GC(118) Eden regions: 63->0(102)
[2025-08-01T02:34:34.715+0000] GC(118) Survivor regions: 13->0(13)
[2025-08-01T02:34:34.715+0000] GC(118) Old regions: 1972->2048
[2025-08-01T02:34:34.715+0000] GC(118) Humongous regions: 0->0
[2025-08-01T02:34:34.715+0000] GC(118) Metaspace: 9706K(12544K)->9706K(12544K) NonClass: 8540K(11008K)->8540K(11008K) Class: 1166K(1536K)->1166K(1536K)
[2025-08-01T02:34:34.715+0000] GC(118) Pause Young (Normal) (G1 Evacuation Pause) 4093M->4093M(4096M) 23.219ms
[2025-08-01T02:34:34.715+0000] GC(118) User=0.15s Sys=0.00s Real=0.03s
[2025-08-01T02:34:34.715+0000] GC(119) Using 8 workers of 8 for full compaction
[2025-08-01T02:34:34.715+0000] GC(119) Pause Full (G1 Evacuation Pause)
[2025-08-01T02:34:34.720+0000] GC(119) Phase 1: Mark live objects
[2025-08-01T02:34:34.753+0000] GC(119) Cleaned string and symbol table, strings: 2833 processed, 0 removed, symbols: 23489 processed, 0 removed
[2025-08-01T02:34:34.753+0000] GC(119) Phase 1: Mark live objects 32.775ms
[2025-08-01T02:34:34.753+0000] GC(119) Phase 2: Prepare for compaction
[2025-08-01T02:34:34.792+0000] GC(119) Phase 2: Prepare for compaction 38.428ms
[2025-08-01T02:34:34.792+0000] GC(119) Phase 3: Adjust pointers
[2025-08-01T02:34:34.826+0000] GC(119) Phase 3: Adjust pointers 34.184ms
[2025-08-01T02:34:34.826+0000] GC(119) Phase 4: Compact heap
[2025-08-01T02:34:34.936+0000] GC(119) Phase 4: Compact heap 110.286ms
[2025-08-01T02:34:34.938+0000] GC(119) Eden regions: 0->0(393)
[2025-08-01T02:34:34.938+0000] GC(119) Survivor regions: 0->0(13)
[2025-08-01T02:34:34.938+0000] GC(119) Old regions: 2048->414
[2025-08-01T02:34:34.938+0000] GC(119) Humongous regions: 0->0
[2025-08-01T02:34:34.938+0000] GC(119) Metaspace: 9706K(12544K)->9706K(12544K) NonClass: 8540K(11008K)->8540K(11008K) Class: 1166K(1536K)->1166K(1536K)
[2025-08-01T02:34:34.938+0000] GC(119) Pause Full (G1 Evacuation Pause) 4093M->816M(4096M) 223.329ms
[2025-08-01T02:34:34.938+0000] GC(119) User=1.66s Sys=0.00s Real=0.22s
[2025-08-01T02:34:34.939+0000] GC(112) Concurrent Mark From Roots 642.134ms
[2025-08-01T02:34:34.939+0000] GC(112) Concurrent Mark Abort
[2025-08-01T02:34:34.939+0000] GC(112) Concurrent Cycle 646.236ms
[2025-08-01T02:34:35.111+0000] GC(120) Pause Young (Normal) (G1 Evacuation Pause)
[2025-08-01T02:34:35.111+0000] GC(120) Using 8 workers of 8 for evacuation
[2025-08-01T02:34:35.280+0000] GC(120)   Pre Evacuate Collection Set: 0.1ms
[2025-08-01T02:34:35.280+0000] GC(120)   Evacuate Collection Set: 168.0ms
[2025-08-01T02:34:35.280+0000] GC(120)   Post Evacuate Collection Set: 1.0ms
[2025-08-01T02:34:35.280+0000] GC(120)   Other: 0.3ms
[2025-08-01T02:34:35.280+0000] GC(120) Eden regions: 393->0(343)
[2025-08-01T02:34:35.280+0000] GC(120) Survivor regions: 0->50(50)
[2025-08-01T02:34:35.280+0000] GC(120) Old regions: 414->690
[2025-08-01T02:34:35.281+0000] GC(120) Humongous regions: 0->0
[2025-08-01T02:34:35.281+0000] GC(120) Metaspace: 9706K(12544K)->9706K(12544K) NonClass: 8540K(11008K)->8540K(11008K) Class: 1166K(1536K)->1166K(1536K)
[2025-08-01T02:34:35.281+0000] GC(120) Pause Young (Normal) (G1 Evacuation Pause) 1602M->1468M(4096M) 169.532ms
[2025-08-01T02:34:35.281+0000] GC(120) User=1.28s Sys=0.03s Real=0.17s
[2025-08-01T02:34:35.449+0000] GC(121) Pause Young (Normal) (G1 Evacuation Pause)
[2025-08-01T02:34:35.450+0000] GC(121) Using 8 workers of 8 for evacuation
[2025-08-01T02:34:35.601+0000] GC(121)   Pre Evacuate Collection Set: 0.1ms
[2025-08-01T02:34:35.601+0000] GC(121)   Evacuate Collection Set: 150.1ms
[2025-08-01T02:34:35.601+0000] GC(121)   Post Evacuate Collection Set: 1.0ms
[2025-08-01T02:34:35.601+0000] GC(121)   Other: 0.5ms
[2025-08-01T02:34:35.601+0000] GC(121) Eden regions: 343->0(259)
[2025-08-01T02:34:35.601+0000] GC(121) Survivor regions: 50->50(50)
[2025-08-01T02:34:35.601+0000] GC(121) Old regions: 690->981
[2025-08-01T02:34:35.601+0000] GC(121) Humongous regions: 0->0
[2025-08-01T02:34:35.601+0000] GC(121) Metaspace: 9706K(12544K)->9706K(12544K) NonClass: 8540K(11008K)->8540K(11008K) Class: 1166K(1536K)->1166K(1536K)
[2025-08-01T02:34:35.601+0000] GC(121) Pause Young (Normal) (G1 Evacuation Pause) 2154M->2050M(4096M) 151.916ms
[2025-08-01T02:34:35.601+0000] GC(121) User=1.16s Sys=0.01s Real=0.15s
[2025-08-01T02:34:35.707+0000] GC(122) Pause Young (Concurrent Start) (G1 Evacuation Pause)
[2025-08-01T02:34:35.707+0000] GC(122) Using 8 workers of 8 for evacuation
[2025-08-01T02:34:35.869+0000] GC(122)   Pre Evacuate Collection Set: 0.1ms
[2025-08-01T02:34:35.869+0000] GC(122)   Evacuate Collection Set: 160.8ms
[2025-08-01T02:34:35.869+0000] GC(122)   Post Evacuate Collection Set: 0.9ms
[2025-08-01T02:34:35.869+0000] GC(122)   Other: 0.3ms
[2025-08-01T02:34:35.869+0000] GC(122) Eden regions: 259->0(184)
[2025-08-01T02:34:35.869+0000] GC(122) Survivor regions: 50->39(39)
[2025-08-01T02:34:35.869+0000] GC(122) Old regions: 981->1218
[2025-08-01T02:34:35.869+0000] GC(122) Humongous regions: 0->0
[2025-08-01T02:34:35.869+0000] GC(122) Metaspace: 9706K(12544K)->9706K(12544K) NonClass: 8540K(11008K)->8540K(11008K) Class: 1166K(1536K)->1166K(1536K)
[2025-08-01T02:34:35.869+0000] GC(122) Pause Young (Concurrent Start) (G1 Evacuation Pause) 2568M->2502M(4096M) 162.304ms
[2025-08-01T02:34:35.869+0000] GC(122) User=1.13s Sys=0.07s Real=0.16s
[2025-08-01T02:34:35.870+0000] GC(123) Concurrent Cycle
[2025-08-01T02:34:35.870+0000] GC(123) Concurrent Clear Claimed Marks
[2025-08-01T02:34:35.870+0000] GC(123) Concurrent Clear Claimed Marks 0.064ms
[2025-08-01T02:34:35.870+0000] GC(123) Concurrent Scan Root Regions
[2025-08-01T02:34:35.879+0000] GC(123) Concurrent Scan Root Regions 9.633ms
[2025-08-01T02:34:35.879+0000] GC(123) Concurrent Mark (14.875s)
[2025-08-01T02:34:35.879+0000] GC(123) Concurrent Mark From Roots
[2025-08-01T02:34:35.879+0000] GC(123) Using 2 workers of 2 for marking
[2025-08-01T02:34:35.947+0000] GC(124) Pause Young (Normal) (G1 Evacuation Pause)
[2025-08-01T02:34:35.947+0000] GC(124) Using 8 workers of 8 for evacuation
[2025-08-01T02:34:36.013+0000] GC(124)   Pre Evacuate Collection Set: 0.1ms
[2025-08-01T02:34:36.013+0000] GC(124)   Evacuate Collection Set: 64.6ms
[2025-08-01T02:34:36.013+0000] GC(124)   Post Evacuate Collection Set: 0.9ms
[2025-08-01T02:34:36.013+0000] GC(124)   Other: 0.3ms
[2025-08-01T02:34:36.013+0000] GC(124) Eden regions: 184->0(148)
[2025-08-01T02:34:36.013+0000] GC(124) Survivor regions: 39->28(28)
[2025-08-01T02:34:36.013+0000] GC(124) Old regions: 1218->1356
[2025-08-01T02:34:36.013+0000] GC(124) Humongous regions: 0->0
[2025-08-01T02:34:36.013+0000] GC(124) Metaspace: 9706K(12544K)->9706K(12544K) NonClass: 8540K(11008K)->8540K(11008K) Class: 1166K(1536K)->1166K(1536K)
[2025-08-01T02:34:36.013+0000] GC(124) Pause Young (Normal) (G1 Evacuation Pause) 2870M->2756M(4096M) 66.040ms
[2025-08-01T02:34:36.013+0000] GC(124) User=0.49s Sys=0.01s Real=0.07s
[2025-08-01T02:34:36.040+0000] GC(125) Pause Young (Normal) (G1 Evacuation Pause)
[2025-08-01T02:34:36.040+0000] GC(125) Using 8 workers of 8 for evacuation
[2025-08-01T02:34:36.095+0000] GC(125)   Pre Evacuate Collection Set: 0.1ms
[2025-08-01T02:34:36.095+0000] GC(125)   Evacuate Collection Set: 54.0ms
[2025-08-01T02:34:36.095+0000] GC(125)   Post Evacuate Collection Set: 0.6ms
[2025-08-01T02:34:36.095+0000] GC(125)   Other: 0.4ms
[2025-08-01T02:34:36.095+0000] GC(125) Eden regions: 148->0(98)
[2025-08-01T02:34:36.095+0000] GC(125) Survivor regions: 28->22(22)
[2025-08-01T02:34:36.095+0000] GC(125) Old regions: 1356->1511
[2025-08-01T02:34:36.095+0000] GC(125) Humongous regions: 0->0
[2025-08-01T02:34:36.095+0000] GC(125) Metaspace: 9706K(12544K)->9706K(12544K) NonClass: 8540K(11008K)->8540K(11008K) Class: 1166K(1536K)->1166K(1536K)
[2025-08-01T02:34:36.095+0000] GC(125) Pause Young (Normal) (G1 Evacuation Pause) 3052M->3054M(4096M) 55.119ms
[2025-08-01T02:34:36.095+0000] GC(125) User=0.43s Sys=0.00s Real=0.06s
[2025-08-01T02:34:36.164+0000] GC(126) Pause Young (Normal) (G1 Evacuation Pause)
[2025-08-01T02:34:36.164+0000] GC(126) Using 8 workers of 8 for evacuation
[2025-08-01T02:34:36.211+0000] GC(126)   Pre Evacuate Collection Set: 0.3ms
[2025-08-01T02:34:36.211+0000] GC(126)   Evacuate Collection Set: 45.1ms
[2025-08-01T02:34:36.211+0000] GC(126)   Post Evacuate Collection Set: 1.5ms
[2025-08-01T02:34:36.211+0000] GC(126)   Other: 0.5ms
[2025-08-01T02:34:36.211+0000] GC(126) Eden regions: 98->0(87)
[2025-08-01T02:34:36.211+0000] GC(126) Survivor regions: 22->15(15)
[2025-08-01T02:34:36.211+0000] GC(126) Old regions: 1511->1593
[2025-08-01T02:34:36.211+0000] GC(126) Humongous regions: 0->0
[2025-08-01T02:34:36.211+0000] GC(126) Metaspace: 9706K(12544K)->9706K(12544K) NonClass: 8540K(11008K)->8540K(11008K) Class: 1166K(1536K)->1166K(1536K)
[2025-08-01T02:34:36.211+0000] GC(126) Pause Young (Normal) (G1 Evacuation Pause) 3250M->3203M(4096M) 47.678ms
[2025-08-01T02:34:36.211+0000] GC(126) User=0.33s Sys=0.03s Real=0.04s
[2025-08-01T02:34:36.228+0000] GC(127) Pause Young (Normal) (G1 Evacuation Pause)
[2025-08-01T02:34:36.228+0000] GC(127) Using 8 workers of 8 for evacuation
[2025-08-01T02:34:36.267+0000] GC(127)   Pre Evacuate Collection Set: 0.1ms
[2025-08-01T02:34:36.267+0000] GC(127)   Evacuate Collection Set: 37.7ms
[2025-08-01T02:34:36.267+0000] GC(127)   Post Evacuate Collection Set: 1.1ms
[2025-08-01T02:34:36.267+0000] GC(127)   Other: 0.3ms
[2025-08-01T02:34:36.267+0000] GC(127) Eden regions: 87->0(89)
[2025-08-01T02:34:36.267+0000] GC(127) Survivor regions: 15->13(13)
[2025-08-01T02:34:36.267+0000] GC(127) Old regions: 1593->1683
[2025-08-01T02:34:36.267+0000] GC(127) Humongous regions: 0->0
[2025-08-01T02:34:36.267+0000] GC(127) Metaspace: 9706K(12544K)->9706K(12544K) NonClass: 8540K(11008K)->8540K(11008K) Class: 1166K(1536K)->1166K(1536K)
[2025-08-01T02:34:36.267+0000] GC(127) Pause Young (Normal) (G1 Evacuation Pause) 3377M->3380M(4096M) 39.341ms
[2025-08-01T02:34:36.267+0000] GC(127) User=0.29s Sys=0.01s Real=0.04s
[2025-08-01T02:34:36.279+0000] GC(123) Concurrent Mark From Roots 399.150ms
[2025-08-01T02:34:36.279+0000] GC(123) Concurrent Preclean
[2025-08-01T02:34:36.279+0000] GC(123) Concurrent Preclean 0.386ms
[2025-08-01T02:34:36.279+0000] GC(123) Concurrent Mark (14.875s, 15.275s) 399.628ms
[2025-08-01T02:34:36.279+0000] GC(123) Pause Remark
[2025-08-01T02:34:36.282+0000] GC(123) Cleaned string and symbol table, strings: 2833 processed, 0 removed, symbols: 23489 processed, 0 removed
[2025-08-01T02:34:36.283+0000] GC(123) Pause Remark 3438M->2253M(4096M) 3.861ms
[2025-08-01T02:34:36.283+0000] GC(123) User=0.02s Sys=0.00s Real=0.01s
[2025-08-01T02:34:36.283+0000] GC(123) Concurrent Rebuild Remembered Sets
[2025-08-01T02:34:36.336+0000] GC(128) Pause Young (Normal) (G1 Evacuation Pause)
[2025-08-01T02:34:36.336+0000] GC(128) Using 8 workers of 8 for evacuation
[2025-08-01T02:34:36.386+0000] GC(128)   Pre Evacuate Collection Set: 0.1ms
[2025-08-01T02:34:36.386+0000] GC(128)   Evacuate Collection Set: 48.7ms
[2025-08-01T02:34:36.386+0000] GC(128)   Post Evacuate Collection Set: 1.0ms
[2025-08-01T02:34:36.386+0000] GC(128)   Other: 0.3ms
[2025-08-01T02:34:36.386+0000] GC(128) Eden regions: 89->0(209)
[2025-08-01T02:34:36.386+0000] GC(128) Survivor regions: 13->13(13)
[2025-08-01T02:34:36.386+0000] GC(128) Old regions: 1086->1177
[2025-08-01T02:34:36.387+0000] GC(128) Humongous regions: 0->0
[2025-08-01T02:34:36.387+0000] GC(128) Metaspace: 9706K(12544K)->9706K(12544K) NonClass: 8540K(11008K)->8540K(11008K) Class: 1166K(1536K)->1166K(1536K)
[2025-08-01T02:34:36.387+0000] GC(128) Pause Young (Normal) (G1 Evacuation Pause) 2373M->2377M(4096M) 50.199ms
[2025-08-01T02:34:36.387+0000] GC(128) User=0.36s Sys=0.02s Real=0.05s
[2025-08-01T02:34:36.473+0000] GC(129) Pause Young (Normal) (G1 Evacuation Pause)
[2025-08-01T02:34:36.473+0000] GC(129) Using 8 workers of 8 for evacuation
[2025-08-01T02:34:36.551+0000] GC(129)   Pre Evacuate Collection Set: 0.1ms
[2025-08-01T02:34:36.551+0000] GC(129)   Evacuate Collection Set: 77.0ms
[2025-08-01T02:34:36.551+0000] GC(129)   Post Evacuate Collection Set: 0.8ms
[2025-08-01T02:34:36.551+0000] GC(129)   Other: 0.4ms
[2025-08-01T02:34:36.551+0000] GC(129) Eden regions: 209->0(151)
[2025-08-01T02:34:36.551+0000] GC(129) Survivor regions: 13->28(28)
[2025-08-01T02:34:36.551+0000] GC(129) Old regions: 1177->1340
[2025-08-01T02:34:36.551+0000] GC(129) Humongous regions: 0->0
[2025-08-01T02:34:36.551+0000] GC(129) Metaspace: 9706K(12544K)->9706K(12544K) NonClass: 8540K(11008K)->8540K(11008K) Class: 1166K(1536K)->1166K(1536K)
[2025-08-01T02:34:36.551+0000] GC(129) Pause Young (Normal) (G1 Evacuation Pause) 2795M->2733M(4096M) 78.515ms
[2025-08-01T02:34:36.551+0000] GC(129) User=0.59s Sys=0.02s Real=0.08s
[2025-08-01T02:34:36.628+0000] GC(130) Pause Young (Normal) (G1 Evacuation Pause)
[2025-08-01T02:34:36.628+0000] GC(130) Using 8 workers of 8 for evacuation
[2025-08-01T02:34:36.696+0000] GC(130)   Pre Evacuate Collection Set: 0.1ms
[2025-08-01T02:34:36.696+0000] GC(130)   Evacuate Collection Set: 66.4ms
[2025-08-01T02:34:36.696+0000] GC(130)   Post Evacuate Collection Set: 0.7ms
[2025-08-01T02:34:36.696+0000] GC(130)   Other: 0.3ms
[2025-08-01T02:34:36.696+0000] GC(130) Eden regions: 151->0(100)
[2025-08-01T02:34:36.696+0000] GC(130) Survivor regions: 28->23(23)
[2025-08-01T02:34:36.696+0000] GC(130) Old regions: 1340->1499
[2025-08-01T02:34:36.696+0000] GC(130) Humongous regions: 0->0
[2025-08-01T02:34:36.696+0000] GC(130) Metaspace: 9706K(12544K)->9706K(12544K) NonClass: 8540K(11008K)->8540K(11008K) Class: 1166K(1536K)->1166K(1536K)
[2025-08-01T02:34:36.696+0000] GC(130) Pause Young (Normal) (G1 Evacuation Pause) 3035M->3040M(4096M) 67.762ms
[2025-08-01T02:34:36.696+0000] GC(130) User=0.50s Sys=0.02s Real=0.07s
[2025-08-01T02:34:36.714+0000] GC(131) Pause Young (Normal) (G1 Evacuation Pause)
[2025-08-01T02:34:36.714+0000] GC(131) Using 8 workers of 8 for evacuation
[2025-08-01T02:34:36.750+0000] GC(131)   Pre Evacuate Collection Set: 0.1ms
[2025-08-01T02:34:36.750+0000] GC(131)   Evacuate Collection Set: 34.5ms
[2025-08-01T02:34:36.750+0000] GC(131)   Post Evacuate Collection Set: 0.9ms
[2025-08-01T02:34:36.750+0000] GC(131)   Other: 0.3ms
[2025-08-01T02:34:36.750+0000] GC(131) Eden regions: 100->0(86)
[2025-08-01T02:34:36.750+0000] GC(131) Survivor regions: 23->16(16)
[2025-08-01T02:34:36.750+0000] GC(131) Old regions: 1499->1607
[2025-08-01T02:34:36.750+0000] GC(131) Humongous regions: 0->0
[2025-08-01T02:34:36.750+0000] GC(131) Metaspace: 9706K(12544K)->9706K(12544K) NonClass: 8540K(11008K)->8540K(11008K) Class: 1166K(1536K)->1166K(1536K)
[2025-08-01T02:34:36.750+0000] GC(131) Pause Young (Normal) (G1 Evacuation Pause) 3240M->3243M(4096M) 35.871ms
[2025-08-01T02:34:36.750+0000] GC(131) User=0.27s Sys=0.00s Real=0.03s
[2025-08-01T02:34:36.808+0000] GC(132) Pause Young (Normal) (G1 Evacuation Pause)
[2025-08-01T02:34:36.808+0000] GC(132) Using 8 workers of 8 for evacuation
[2025-08-01T02:34:36.830+0000] GC(132)   Pre Evacuate Collection Set: 0.1ms
[2025-08-01T02:34:36.830+0000] GC(132)   Evacuate Collection Set: 21.0ms
[2025-08-01T02:34:36.830+0000] GC(132)   Post Evacuate Collection Set: 0.6ms
[2025-08-01T02:34:36.830+0000] GC(132)   Other: 0.2ms
[2025-08-01T02:34:36.830+0000] GC(132) Eden regions: 86->0(89)
[2025-08-01T02:34:36.830+0000] GC(132) Survivor regions: 16->13(13)
[2025-08-01T02:34:36.830+0000] GC(132) Old regions: 1607->1636
[2025-08-01T02:34:36.830+0000] GC(132) Humongous regions: 0->0
[2025-08-01T02:34:36.830+0000] GC(132) Metaspace: 9706K(12544K)->9706K(12544K) NonClass: 8540K(11008K)->8540K(11008K) Class: 1166K(1536K)->1166K(1536K)
[2025-08-01T02:34:36.830+0000] GC(132) Pause Young (Normal) (G1 Evacuation Pause) 3415M->3295M(4096M) 22.071ms
[2025-08-01T02:34:36.830+0000] GC(132) User=0.14s Sys=0.00s Real=0.02s
[2025-08-01T02:34:36.847+0000] GC(133) Pause Young (Normal) (G1 Evacuation Pause)
[2025-08-01T02:34:36.847+0000] GC(133) Using 8 workers of 8 for evacuation
[2025-08-01T02:34:36.889+0000] GC(133)   Pre Evacuate Collection Set: 0.1ms
[2025-08-01T02:34:36.889+0000] GC(133)   Evacuate Collection Set: 41.3ms
[2025-08-01T02:34:36.889+0000] GC(133)   Post Evacuate Collection Set: 0.6ms
[2025-08-01T02:34:36.889+0000] GC(133)   Other: 0.3ms
[2025-08-01T02:34:36.889+0000] GC(133) Eden regions: 89->0(89)
[2025-08-01T02:34:36.889+0000] GC(133) Survivor regions: 13->13(13)
[2025-08-01T02:34:36.889+0000] GC(133) Old regions: 1636->1727
[2025-08-01T02:34:36.889+0000] GC(133) Humongous regions: 0->0
[2025-08-01T02:34:36.889+0000] GC(133) Metaspace: 9706K(12544K)->9706K(12544K) NonClass: 8540K(11008K)->8540K(11008K) Class: 1166K(1536K)->1166K(1536K)
[2025-08-01T02:34:36.890+0000] GC(133) Pause Young (Normal) (G1 Evacuation Pause) 3473M->3477M(4096M) 42.443ms
[2025-08-01T02:34:36.890+0000] GC(133) User=0.29s Sys=0.01s Real=0.04s
[2025-08-01T02:34:36.911+0000] GC(123) Concurrent Rebuild Remembered Sets 627.215ms
[2025-08-01T02:34:36.911+0000] GC(123) Pause Cleanup
[2025-08-01T02:34:36.911+0000] GC(123) Pause Cleanup 3624M->3624M(4096M) 0.585ms
[2025-08-01T02:34:36.911+0000] GC(123) User=0.00s Sys=0.00s Real=0.00s
[2025-08-01T02:34:36.911+0000] GC(123) Concurrent Cleanup for Next Mark
[2025-08-01T02:34:36.918+0000] GC(123) Concurrent Cleanup for Next Mark 6.535ms
[2025-08-01T02:34:36.918+0000] GC(123) Concurrent Cycle 1048.489ms
[2025-08-01T02:34:36.954+0000] GC(134) Pause Young (Prepare Mixed) (G1 Evacuation Pause)
[2025-08-01T02:34:36.954+0000] GC(134) Using 8 workers of 8 for evacuation
[2025-08-01T02:34:36.981+0000] GC(134)   Pre Evacuate Collection Set: 0.1ms
[2025-08-01T02:34:36.981+0000] GC(134)   Evacuate Collection Set: 25.6ms
[2025-08-01T02:34:36.981+0000] GC(134)   Post Evacuate Collection Set: 1.1ms
[2025-08-01T02:34:36.981+0000] GC(134)   Other: 0.3ms
[2025-08-01T02:34:36.981+0000] GC(134) Eden regions: 89->0(89)
[2025-08-01T02:34:36.981+0000] GC(134) Survivor regions: 13->13(13)
[2025-08-01T02:34:36.981+0000] GC(134) Old regions: 1727->1796
[2025-08-01T02:34:36.981+0000] GC(134) Humongous regions: 0->0
[2025-08-01T02:34:36.981+0000] GC(134) Metaspace: 9706K(12544K)->9706K(12544K) NonClass: 8540K(11008K)->8540K(11008K) Class: 1166K(1536K)->1166K(1536K)
[2025-08-01T02:34:36.981+0000] GC(134) Pause Young (Prepare Mixed) (G1 Evacuation Pause) 3655M->3615M(4096M) 27.287ms
[2025-08-01T02:34:36.981+0000] GC(134) User=0.21s Sys=0.00s Real=0.02s
[2025-08-01T02:34:36.999+0000] GC(135) Pause Young (Mixed) (G1 Evacuation Pause)
[2025-08-01T02:34:36.999+0000] GC(135) Using 8 workers of 8 for evacuation
[2025-08-01T02:34:37.037+0000] GC(135)   Pre Evacuate Collection Set: 0.1ms
[2025-08-01T02:34:37.037+0000] GC(135)   Evacuate Collection Set: 36.9ms
[2025-08-01T02:34:37.037+0000] GC(135)   Post Evacuate Collection Set: 0.9ms
[2025-08-01T02:34:37.037+0000] GC(135)   Other: 0.4ms
[2025-08-01T02:34:37.037+0000] GC(135) Eden regions: 89->0(89)
[2025-08-01T02:34:37.037+0000] GC(135) Survivor regions: 13->13(13)
[2025-08-01T02:34:37.038+0000] GC(135) Old regions: 1796->1828
[2025-08-01T02:34:37.038+0000] GC(135) Humongous regions: 0->0
[2025-08-01T02:34:37.038+0000] GC(135) Metaspace: 9706K(12544K)->9706K(12544K) NonClass: 8540K(11008K)->8540K(11008K) Class: 1166K(1536K)->1166K(1536K)
[2025-08-01T02:34:37.038+0000] GC(135) Pause Young (Mixed) (G1 Evacuation Pause) 3793M->3678M(4096M) 38.434ms
[2025-08-01T02:34:37.038+0000] GC(135) User=0.28s Sys=0.00s Real=0.04s
[2025-08-01T02:34:37.101+0000] GC(136) Pause Young (Concurrent Start) (G1 Evacuation Pause)
[2025-08-01T02:34:37.101+0000] GC(136) Using 8 workers of 8 for evacuation
[2025-08-01T02:34:37.164+0000] GC(136)   Pre Evacuate Collection Set: 0.1ms
[2025-08-01T02:34:37.164+0000] GC(136)   Evacuate Collection Set: 61.7ms
[2025-08-01T02:34:37.164+0000] GC(136)   Post Evacuate Collection Set: 0.8ms
[2025-08-01T02:34:37.164+0000] GC(136)   Other: 0.5ms
[2025-08-01T02:34:37.164+0000] GC(136) Eden regions: 89->0(89)
[2025-08-01T02:34:37.164+0000] GC(136) Survivor regions: 13->13(13)
[2025-08-01T02:34:37.164+0000] GC(136) Old regions: 1828->1918
[2025-08-01T02:34:37.164+0000] GC(136) Humongous regions: 0->0
[2025-08-01T02:34:37.164+0000] GC(136) Metaspace: 9706K(12544K)->9706K(12544K) NonClass: 8540K(11008K)->8540K(11008K) Class: 1166K(1536K)->1166K(1536K)
[2025-08-01T02:34:37.164+0000] GC(136) Pause Young (Concurrent Start) (G1 Evacuation Pause) 3856M->3859M(4096M) 63.235ms
[2025-08-01T02:34:37.164+0000] GC(136) User=0.43s Sys=0.02s Real=0.07s
[2025-08-01T02:34:37.165+0000] GC(137) Concurrent Cycle
[2025-08-01T02:34:37.165+0000] GC(137) Concurrent Clear Claimed Marks
[2025-08-01T02:34:37.165+0000] GC(137) Concurrent Clear Claimed Marks 0.065ms
[2025-08-01T02:34:37.165+0000] GC(137) Concurrent Scan Root Regions
[2025-08-01T02:34:37.168+0000] GC(137) Concurrent Scan Root Regions 3.168ms
[2025-08-01T02:34:37.168+0000] GC(137) Concurrent Mark (16.164s)
[2025-08-01T02:34:37.168+0000] GC(137) Concurrent Mark From Roots
[2025-08-01T02:34:37.168+0000] GC(137) Using 2 workers of 2 for marking
[2025-08-01T02:34:37.182+0000] GC(138) Pause Young (Normal) (G1 Evacuation Pause)
[2025-08-01T02:34:37.182+0000] GC(138) Using 8 workers of 8 for evacuation
[2025-08-01T02:34:37.225+0000] GC(138) To-space exhausted
[2025-08-01T02:34:37.225+0000] GC(138)   Pre Evacuate Collection Set: 0.1ms
[2025-08-01T02:34:37.225+0000] GC(138)   Evacuate Collection Set: 34.6ms
[2025-08-01T02:34:37.225+0000] GC(138)   Post Evacuate Collection Set: 8.2ms
[2025-08-01T02:34:37.225+0000] GC(138)   Other: 0.5ms
[2025-08-01T02:34:37.225+0000] GC(138) Eden regions: 89->0(90)
[2025-08-01T02:34:37.225+0000] GC(138) Survivor regions: 13->12(13)
[2025-08-01T02:34:37.225+0000] GC(138) Old regions: 1918->2015
[2025-08-01T02:34:37.225+0000] GC(138) Humongous regions: 0->0
[2025-08-01T02:34:37.225+0000] GC(138) Metaspace: 9706K(12544K)->9706K(12544K) NonClass: 8540K(11008K)->8540K(11008K) Class: 1166K(1536K)->1166K(1536K)
[2025-08-01T02:34:37.225+0000] GC(138) Pause Young (Normal) (G1 Evacuation Pause) 4037M->4051M(4096M) 43.561ms
[2025-08-01T02:34:37.225+0000] GC(138) User=0.32s Sys=0.01s Real=0.05s
[2025-08-01T02:34:37.229+0000] GC(139) Pause Young (Normal) (G1 Evacuation Pause)
[2025-08-01T02:34:37.230+0000] GC(139) Using 8 workers of 8 for evacuation
[2025-08-01T02:34:37.242+0000] GC(139) To-space exhausted
[2025-08-01T02:34:37.242+0000] GC(139)   Pre Evacuate Collection Set: 0.1ms
[2025-08-01T02:34:37.242+0000] GC(139)   Evacuate Collection Set: 8.3ms
[2025-08-01T02:34:37.242+0000] GC(139)   Post Evacuate Collection Set: 3.9ms
[2025-08-01T02:34:37.242+0000] GC(139)   Other: 0.3ms
[2025-08-01T02:34:37.242+0000] GC(139) Eden regions: 21->0(102)
[2025-08-01T02:34:37.242+0000] GC(139) Survivor regions: 12->0(13)
[2025-08-01T02:34:37.242+0000] GC(139) Old regions: 2015->2048
[2025-08-01T02:34:37.242+0000] GC(139) Humongous regions: 0->0
[2025-08-01T02:34:37.242+0000] GC(139) Metaspace: 9706K(12544K)->9706K(12544K) NonClass: 8540K(11008K)->8540K(11008K) Class: 1166K(1536K)->1166K(1536K)
[2025-08-01T02:34:37.242+0000] GC(139) Pause Young (Normal) (G1 Evacuation Pause) 4093M->4093M(4096M) 12.688ms
[2025-08-01T02:34:37.242+0000] GC(139) User=0.08s Sys=0.00s Real=0.01s
[2025-08-01T02:34:37.242+0000] GC(140) Using 8 workers of 8 for full compaction
[2025-08-01T02:34:37.242+0000] GC(140) Pause Full (G1 Evacuation Pause)
[2025-08-01T02:34:37.248+0000] GC(140) Phase 1: Mark live objects
[2025-08-01T02:34:37.309+0000] GC(140) Cleaned string and symbol table, strings: 2833 processed, 0 removed, symbols: 23489 processed, 0 removed
[2025-08-01T02:34:37.309+0000] GC(140) Phase 1: Mark live objects 61.068ms
[2025-08-01T02:34:37.309+0000] GC(140) Phase 2: Prepare for compaction
[2025-08-01T02:34:37.360+0000] GC(140) Phase 2: Prepare for compaction 50.883ms
[2025-08-01T02:34:37.360+0000] GC(140) Phase 3: Adjust pointers
[2025-08-01T02:34:37.405+0000] GC(140) Phase 3: Adjust pointers 45.780ms
[2025-08-01T02:34:37.406+0000] GC(140) Phase 4: Compact heap
[2025-08-01T02:34:37.554+0000] GC(140) Phase 4: Compact heap 148.339ms
[2025-08-01T02:34:37.556+0000] GC(140) Eden regions: 0->0(423)
[2025-08-01T02:34:37.556+0000] GC(140) Survivor regions: 0->0(13)
[2025-08-01T02:34:37.556+0000] GC(140) Old regions: 2048->537
[2025-08-01T02:34:37.556+0000] GC(140) Humongous regions: 0->0
[2025-08-01T02:34:37.556+0000] GC(140) Metaspace: 9706K(12544K)->9706K(12544K) NonClass: 8540K(11008K)->8540K(11008K) Class: 1166K(1536K)->1166K(1536K)
[2025-08-01T02:34:37.556+0000] GC(140) Pause Full (G1 Evacuation Pause) 4093M->1066M(4096M) 313.987ms
[2025-08-01T02:34:37.556+0000] GC(140) User=2.31s Sys=0.01s Real=0.32s
[2025-08-01T02:34:37.557+0000] GC(137) Concurrent Mark From Roots 388.639ms
[2025-08-01T02:34:37.557+0000] GC(137) Concurrent Mark Abort
[2025-08-01T02:34:37.557+0000] GC(137) Concurrent Cycle 392.075ms
[2025-08-01T02:34:37.765+0000] GC(141) Pause Young (Normal) (G1 Evacuation Pause)
[2025-08-01T02:34:37.765+0000] GC(141) Using 8 workers of 8 for evacuation
[2025-08-01T02:34:37.832+0000] GC(141)   Pre Evacuate Collection Set: 0.1ms
[2025-08-01T02:34:37.832+0000] GC(141)   Evacuate Collection Set: 64.9ms
[2025-08-01T02:34:37.832+0000] GC(141)   Post Evacuate Collection Set: 1.2ms
[2025-08-01T02:34:37.832+0000] GC(141)   Other: 0.3ms
[2025-08-01T02:34:37.832+0000] GC(141) Eden regions: 423->0(379)
[2025-08-01T02:34:37.832+0000] GC(141) Survivor regions: 0->53(53)
[2025-08-01T02:34:37.832+0000] GC(141) Old regions: 537->688
[2025-08-01T02:34:37.832+0000] GC(141) Humongous regions: 0->0
[2025-08-01T02:34:37.832+0000] GC(141) Metaspace: 9706K(12544K)->9706K(12544K) NonClass: 8540K(11008K)->8540K(11008K) Class: 1166K(1536K)->1166K(1536K)
[2025-08-01T02:34:37.832+0000] GC(141) Pause Young (Normal) (G1 Evacuation Pause) 1912M->1473M(4096M) 66.607ms
[2025-08-01T02:34:37.832+0000] GC(141) User=0.52s Sys=0.00s Real=0.06s
[2025-08-01T02:34:37.999+0000] GC(142) Pause Young (Normal) (G1 Evacuation Pause)
[2025-08-01T02:34:37.999+0000] GC(142) Using 8 workers of 8 for evacuation
[2025-08-01T02:34:38.145+0000] GC(142)   Pre Evacuate Collection Set: 0.1ms
[2025-08-01T02:34:38.145+0000] GC(142)   Evacuate Collection Set: 144.1ms
[2025-08-01T02:34:38.145+0000] GC(142)   Post Evacuate Collection Set: 1.0ms
[2025-08-01T02:34:38.145+0000] GC(142)   Other: 0.3ms
[2025-08-01T02:34:38.145+0000] GC(142) Eden regions: 379->0(265)
[2025-08-01T02:34:38.145+0000] GC(142) Survivor regions: 53->54(54)
[2025-08-01T02:34:38.145+0000] GC(142) Old regions: 688->996
[2025-08-01T02:34:38.145+0000] GC(142) Humongous regions: 0->0
[2025-08-01T02:34:38.145+0000] GC(142) Metaspace: 9706K(12544K)->9706K(12544K) NonClass: 8540K(11008K)->8540K(11008K) Class: 1166K(1536K)->1166K(1536K)
[2025-08-01T02:34:38.145+0000] GC(142) Pause Young (Normal) (G1 Evacuation Pause) 2231M->2092M(4096M) 145.944ms
[2025-08-01T02:34:38.145+0000] GC(142) User=1.09s Sys=0.05s Real=0.15s
[2025-08-01T02:34:38.246+0000] GC(143) Pause Young (Concurrent Start) (G1 Evacuation Pause)
[2025-08-01T02:34:38.246+0000] GC(143) Using 8 workers of 8 for evacuation
[2025-08-01T02:34:38.390+0000] GC(143)   Pre Evacuate Collection Set: 0.1ms
[2025-08-01T02:34:38.390+0000] GC(143)   Evacuate Collection Set: 141.9ms
[2025-08-01T02:34:38.390+0000] GC(143)   Post Evacuate Collection Set: 0.9ms
[2025-08-01T02:34:38.390+0000] GC(143)   Other: 0.4ms
[2025-08-01T02:34:38.390+0000] GC(143) Eden regions: 265->0(185)
[2025-08-01T02:34:38.390+0000] GC(143) Survivor regions: 54->40(40)
[2025-08-01T02:34:38.390+0000] GC(143) Old regions: 996->1230
[2025-08-01T02:34:38.390+0000] GC(143) Humongous regions: 0->0
[2025-08-01T02:34:38.390+0000] GC(143) Metaspace: 9706K(12544K)->9706K(12544K) NonClass: 8540K(11008K)->8540K(11008K) Class: 1166K(1536K)->1166K(1536K)
[2025-08-01T02:34:38.390+0000] GC(143) Pause Young (Concurrent Start) (G1 Evacuation Pause) 2621M->2532M(4096M) 143.514ms
[2025-08-01T02:34:38.390+0000] GC(143) User=1.03s Sys=0.07s Real=0.14s
[2025-08-01T02:34:38.390+0000] GC(144) Concurrent Cycle
[2025-08-01T02:34:38.390+0000] GC(144) Concurrent Clear Claimed Marks
[2025-08-01T02:34:38.390+0000] GC(144) Concurrent Clear Claimed Marks 0.060ms
[2025-08-01T02:34:38.390+0000] GC(144) Concurrent Scan Root Regions
[2025-08-01T02:34:38.400+0000] GC(144) Concurrent Scan Root Regions 9.795ms
[2025-08-01T02:34:38.400+0000] GC(144) Concurrent Mark (17.396s)
[2025-08-01T02:34:38.400+0000] GC(144) Concurrent Mark From Roots
[2025-08-01T02:34:38.400+0000] GC(144) Using 2 workers of 2 for marking
[2025-08-01T02:34:38.481+0000] GC(145) Pause Young (Normal) (G1 Evacuation Pause)
[2025-08-01T02:34:38.481+0000] GC(145) Using 8 workers of 8 for evacuation
[2025-08-01T02:34:38.569+0000] GC(145)   Pre Evacuate Collection Set: 0.1ms
[2025-08-01T02:34:38.569+0000] GC(145)   Evacuate Collection Set: 85.8ms
[2025-08-01T02:34:38.569+0000] GC(145)   Post Evacuate Collection Set: 1.4ms
[2025-08-01T02:34:38.569+0000] GC(145)   Other: 0.3ms
[2025-08-01T02:34:38.569+0000] GC(145) Eden regions: 185->0(122)
[2025-08-01T02:34:38.569+0000] GC(145) Survivor regions: 40->29(29)
[2025-08-01T02:34:38.569+0000] GC(145) Old regions: 1230->1428
[2025-08-01T02:34:38.569+0000] GC(145) Humongous regions: 0->0
[2025-08-01T02:34:38.569+0000] GC(145) Metaspace: 9706K(12544K)->9706K(12544K) NonClass: 8540K(11008K)->8540K(11008K) Class: 1166K(1536K)->1166K(1536K)
[2025-08-01T02:34:38.569+0000] GC(145) Pause Young (Normal) (G1 Evacuation Pause) 2902M->2906M(4096M) 87.707ms
[2025-08-01T02:34:38.569+0000] GC(145) User=0.63s Sys=0.03s Real=0.09s
[2025-08-01T02:34:38.640+0000] GC(146) Pause Young (Normal) (G1 Evacuation Pause)
[2025-08-01T02:34:38.640+0000] GC(146) Using 8 workers of 8 for evacuation
[2025-08-01T02:34:38.694+0000] GC(146)   Pre Evacuate Collection Set: 0.1ms
[2025-08-01T02:34:38.694+0000] GC(146)   Evacuate Collection Set: 52.2ms
[2025-08-01T02:34:38.694+0000] GC(146)   Post Evacuate Collection Set: 1.5ms
[2025-08-01T02:34:38.694+0000] GC(146)   Other: 0.3ms
[2025-08-01T02:34:38.694+0000] GC(146) Eden regions: 122->0(104)
[2025-08-01T02:34:38.694+0000] GC(146) Survivor regions: 29->19(19)
[2025-08-01T02:34:38.694+0000] GC(146) Old regions: 1428->1507
[2025-08-01T02:34:38.694+0000] GC(146) Humongous regions: 0->0
[2025-08-01T02:34:38.694+0000] GC(146) Metaspace: 9706K(12544K)->9706K(12544K) NonClass: 8540K(11008K)->8540K(11008K) Class: 1166K(1536K)->1166K(1536K)
[2025-08-01T02:34:38.694+0000] GC(146) Pause Young (Normal) (G1 Evacuation Pause) 3150M->3043M(4096M) 54.318ms
[2025-08-01T02:34:38.694+0000] GC(146) User=0.37s Sys=0.03s Real=0.06s
[2025-08-01T02:34:38.715+0000] GC(147) Pause Young (Normal) (G1 Evacuation Pause)
[2025-08-01T02:34:38.715+0000] GC(147) Using 8 workers of 8 for evacuation
[2025-08-01T02:34:38.755+0000] GC(147)   Pre Evacuate Collection Set: 0.2ms
[2025-08-01T02:34:38.755+0000] GC(147)   Evacuate Collection Set: 38.5ms
[2025-08-01T02:34:38.755+0000] GC(147)   Post Evacuate Collection Set: 1.0ms
[2025-08-01T02:34:38.755+0000] GC(147)   Other: 0.3ms
[2025-08-01T02:34:38.755+0000] GC(147) Eden regions: 104->0(86)
[2025-08-01T02:34:38.755+0000] GC(147) Survivor regions: 19->16(16)
[2025-08-01T02:34:38.755+0000] GC(147) Old regions: 1507->1616
[2025-08-01T02:34:38.755+0000] GC(147) Humongous regions: 0->0
[2025-08-01T02:34:38.755+0000] GC(147) Metaspace: 9706K(12544K)->9706K(12544K) NonClass: 8540K(11008K)->8540K(11008K) Class: 1166K(1536K)->1166K(1536K)
[2025-08-01T02:34:38.755+0000] GC(147) Pause Young (Normal) (G1 Evacuation Pause) 3251M->3255M(4096M) 40.108ms
[2025-08-01T02:34:38.755+0000] GC(147) User=0.30s Sys=0.00s Real=0.04s
[2025-08-01T02:34:38.770+0000] GC(144) Concurrent Mark From Roots 369.954ms
[2025-08-01T02:34:38.770+0000] GC(144) Concurrent Preclean
[2025-08-01T02:34:38.770+0000] GC(144) Concurrent Preclean 0.298ms
[2025-08-01T02:34:38.770+0000] GC(144) Concurrent Mark (17.396s, 17.766s) 370.355ms
[2025-08-01T02:34:38.771+0000] GC(144) Pause Remark
[2025-08-01T02:34:38.773+0000] GC(144) Cleaned string and symbol table, strings: 2833 processed, 0 removed, symbols: 23489 processed, 0 removed
[2025-08-01T02:34:38.774+0000] GC(144) Pause Remark 3313M->1920M(4096M) 3.402ms
[2025-08-01T02:34:38.774+0000] GC(144) User=0.01s Sys=0.00s Real=0.01s
[2025-08-01T02:34:38.774+0000] GC(144) Concurrent Rebuild Remembered Sets
[2025-08-01T02:34:38.819+0000] GC(148) Pause Young (Normal) (G1 Evacuation Pause)
[2025-08-01T02:34:38.819+0000] GC(148) Using 8 workers of 8 for evacuation
[2025-08-01T02:34:38.853+0000] GC(148)   Pre Evacuate Collection Set: 0.1ms
[2025-08-01T02:34:38.853+0000] GC(148)   Evacuate Collection Set: 32.7ms
[2025-08-01T02:34:38.853+0000] GC(148)   Post Evacuate Collection Set: 0.7ms
[2025-08-01T02:34:38.853+0000] GC(148)   Other: 0.3ms
[2025-08-01T02:34:38.853+0000] GC(148) Eden regions: 86->0(270)
[2025-08-01T02:34:38.853+0000] GC(148) Survivor regions: 16->13(13)
[2025-08-01T02:34:38.853+0000] GC(148) Old regions: 917->1000
[2025-08-01T02:34:38.853+0000] GC(148) Humongous regions: 0->0
[2025-08-01T02:34:38.853+0000] GC(148) Metaspace: 9706K(12544K)->9706K(12544K) NonClass: 8540K(11008K)->8540K(11008K) Class: 1166K(1536K)->1166K(1536K)
[2025-08-01T02:34:38.853+0000] GC(148) Pause Young (Normal) (G1 Evacuation Pause) 2034M->2022M(4096M) 34.001ms
[2025-08-01T02:34:38.853+0000] GC(148) User=0.26s Sys=0.00s Real=0.04s
[2025-08-01T02:34:38.951+0000] GC(149) Pause Young (Normal) (G1 Evacuation Pause)
[2025-08-01T02:34:38.951+0000] GC(149) Using 8 workers of 8 for evacuation
[2025-08-01T02:34:39.024+0000] GC(149)   Pre Evacuate Collection Set: 0.1ms
[2025-08-01T02:34:39.024+0000] GC(149)   Evacuate Collection Set: 72.1ms
[2025-08-01T02:34:39.024+0000] GC(149)   Post Evacuate Collection Set: 1.2ms
[2025-08-01T02:34:39.024+0000] GC(149)   Other: 0.3ms
[2025-08-01T02:34:39.024+0000] GC(149) Eden regions: 270->0(206)
[2025-08-01T02:34:39.024+0000] GC(149) Survivor regions: 13->36(36)
[2025-08-01T02:34:39.024+0000] GC(149) Old regions: 1000->1177
[2025-08-01T02:34:39.024+0000] GC(149) Humongous regions: 0->0
[2025-08-01T02:34:39.024+0000] GC(149) Metaspace: 9706K(12544K)->9706K(12544K) NonClass: 8540K(11008K)->8540K(11008K) Class: 1166K(1536K)->1166K(1536K)
[2025-08-01T02:34:39.024+0000] GC(149) Pause Young (Normal) (G1 Evacuation Pause) 2562M->2423M(4096M) 73.846ms
[2025-08-01T02:34:39.024+0000] GC(149) User=0.54s Sys=0.01s Real=0.08s
[2025-08-01T02:34:39.107+0000] GC(150) Pause Young (Normal) (G1 Evacuation Pause)
[2025-08-01T02:34:39.107+0000] GC(150) Using 8 workers of 8 for evacuation
[2025-08-01T02:34:39.194+0000] GC(150)   Pre Evacuate Collection Set: 0.1ms
[2025-08-01T02:34:39.195+0000] GC(150)   Evacuate Collection Set: 86.0ms
[2025-08-01T02:34:39.195+0000] GC(150)   Post Evacuate Collection Set: 0.8ms
[2025-08-01T02:34:39.195+0000] GC(150)   Other: 0.3ms
[2025-08-01T02:34:39.195+0000] GC(150) Eden regions: 206->0(135)
[2025-08-01T02:34:39.195+0000] GC(150) Survivor regions: 36->31(31)
[2025-08-01T02:34:39.195+0000] GC(150) Old regions: 1177->1390
[2025-08-01T02:34:39.195+0000] GC(150) Humongous regions: 0->0
[2025-08-01T02:34:39.195+0000] GC(150) Metaspace: 9706K(12544K)->9706K(12544K) NonClass: 8540K(11008K)->8540K(11008K) Class: 1166K(1536K)->1166K(1536K)
[2025-08-01T02:34:39.195+0000] GC(150) Pause Young (Normal) (G1 Evacuation Pause) 2835M->2839M(4096M) 87.425ms
[2025-08-01T02:34:39.195+0000] GC(150) User=0.64s Sys=0.02s Real=0.09s
[2025-08-01T02:34:39.243+0000] GC(144) Concurrent Rebuild Remembered Sets 468.827ms
[2025-08-01T02:34:39.243+0000] GC(144) Pause Cleanup
[2025-08-01T02:34:39.244+0000] GC(144) Pause Cleanup 2949M->2949M(4096M) 0.976ms
[2025-08-01T02:34:39.244+0000] GC(144) User=0.00s Sys=0.00s Real=0.00s
[2025-08-01T02:34:39.245+0000] GC(144) Concurrent Cleanup for Next Mark
[2025-08-01T02:34:39.254+0000] GC(144) Concurrent Cleanup for Next Mark 9.424ms
[2025-08-01T02:34:39.254+0000] GC(144) Concurrent Cycle 864.172ms
[2025-08-01T02:34:39.267+0000] GC(151) Pause Young (Normal) (G1 Evacuation Pause)
[2025-08-01T02:34:39.267+0000] GC(151) Using 8 workers of 8 for evacuation
[2025-08-01T02:34:39.346+0000] GC(151)   Pre Evacuate Collection Set: 0.1ms
[2025-08-01T02:34:39.346+0000] GC(151)   Evacuate Collection Set: 77.4ms
[2025-08-01T02:34:39.346+0000] GC(151)   Post Evacuate Collection Set: 1.0ms
[2025-08-01T02:34:39.346+0000] GC(151)   Other: 0.4ms
[2025-08-01T02:34:39.346+0000] GC(151) Eden regions: 135->0(89)
[2025-08-01T02:34:39.346+0000] GC(151) Survivor regions: 31->21(21)
[2025-08-01T02:34:39.346+0000] GC(151) Old regions: 1390->1537
[2025-08-01T02:34:39.346+0000] GC(151) Humongous regions: 0->0
[2025-08-01T02:34:39.346+0000] GC(151) Metaspace: 9706K(12544K)->9706K(12544K) NonClass: 8540K(11008K)->8540K(11008K) Class: 1166K(1536K)->1166K(1536K)
[2025-08-01T02:34:39.346+0000] GC(151) Pause Young (Normal) (G1 Evacuation Pause) 3109M->3112M(4096M) 79.024ms
[2025-08-01T02:34:39.346+0000] GC(151) User=0.57s Sys=0.04s Real=0.08s
[2025-08-01T02:34:39.364+0000] GC(152) Pause Young (Concurrent Start) (G1 Evacuation Pause)
[2025-08-01T02:34:39.364+0000] GC(152) Using 8 workers of 8 for evacuation
[2025-08-01T02:34:39.400+0000] GC(152)   Pre Evacuate Collection Set: 0.1ms
[2025-08-01T02:34:39.400+0000] GC(152)   Evacuate Collection Set: 34.8ms
[2025-08-01T02:34:39.400+0000] GC(152)   Post Evacuate Collection Set: 0.6ms
[2025-08-01T02:34:39.400+0000] GC(152)   Other: 0.3ms
[2025-08-01T02:34:39.400+0000] GC(152) Eden regions: 89->0(88)
[2025-08-01T02:34:39.400+0000] GC(152) Survivor regions: 21->14(14)
[2025-08-01T02:34:39.400+0000] GC(152) Old regions: 1537->1581
[2025-08-01T02:34:39.400+0000] GC(152) Humongous regions: 0->0
[2025-08-01T02:34:39.400+0000] GC(152) Metaspace: 9706K(12544K)->9706K(12544K) NonClass: 8540K(11008K)->8540K(11008K) Class: 1166K(1536K)->1166K(1536K)
[2025-08-01T02:34:39.400+0000] GC(152) Pause Young (Concurrent Start) (G1 Evacuation Pause) 3290M->3186M(4096M) 35.897ms
[2025-08-01T02:34:39.400+0000] GC(152) User=0.24s Sys=0.01s Real=0.03s
[2025-08-01T02:34:39.400+0000] GC(153) Concurrent Cycle
[2025-08-01T02:34:39.400+0000] GC(153) Concurrent Clear Claimed Marks
[2025-08-01T02:34:39.400+0000] GC(153) Concurrent Clear Claimed Marks 0.088ms
[2025-08-01T02:34:39.400+0000] GC(153) Concurrent Scan Root Regions
[2025-08-01T02:34:39.403+0000] GC(153) Concurrent Scan Root Regions 2.449ms
[2025-08-01T02:34:39.403+0000] GC(153) Concurrent Mark (18.398s)
[2025-08-01T02:34:39.403+0000] GC(153) Concurrent Mark From Roots
[2025-08-01T02:34:39.403+0000] GC(153) Using 2 workers of 2 for marking
[2025-08-01T02:34:39.427+0000] GC(154) Pause Young (Normal) (G1 Evacuation Pause)
[2025-08-01T02:34:39.427+0000] GC(154) Using 8 workers of 8 for evacuation
[2025-08-01T02:34:39.465+0000] GC(154)   Pre Evacuate Collection Set: 0.1ms
[2025-08-01T02:34:39.465+0000] GC(154)   Evacuate Collection Set: 36.7ms
[2025-08-01T02:34:39.465+0000] GC(154)   Post Evacuate Collection Set: 0.8ms
[2025-08-01T02:34:39.465+0000] GC(154)   Other: 0.3ms
[2025-08-01T02:34:39.465+0000] GC(154) Eden regions: 88->0(89)
[2025-08-01T02:34:39.465+0000] GC(154) Survivor regions: 14->13(13)
[2025-08-01T02:34:39.465+0000] GC(154) Old regions: 1581->1671
[2025-08-01T02:34:39.465+0000] GC(154) Humongous regions: 0->0
[2025-08-01T02:34:39.465+0000] GC(154) Metaspace: 9706K(12544K)->9706K(12544K) NonClass: 8540K(11008K)->8540K(11008K) Class: 1166K(1536K)->1166K(1536K)
[2025-08-01T02:34:39.465+0000] GC(154) Pause Young (Normal) (G1 Evacuation Pause) 3362M->3364M(4096M) 37.950ms
[2025-08-01T02:34:39.465+0000] GC(154) User=0.28s Sys=0.00s Real=0.04s
[2025-08-01T02:34:39.483+0000] GC(155) Pause Young (Normal) (G1 Evacuation Pause)
[2025-08-01T02:34:39.483+0000] GC(155) Using 8 workers of 8 for evacuation
[2025-08-01T02:34:39.512+0000] GC(155)   Pre Evacuate Collection Set: 0.1ms
[2025-08-01T02:34:39.512+0000] GC(155)   Evacuate Collection Set: 27.8ms
[2025-08-01T02:34:39.512+0000] GC(155)   Post Evacuate Collection Set: 0.6ms
[2025-08-01T02:34:39.512+0000] GC(155)   Other: 0.3ms
[2025-08-01T02:34:39.512+0000] GC(155) Eden regions: 89->0(89)
[2025-08-01T02:34:39.512+0000] GC(155) Survivor regions: 13->13(13)
[2025-08-01T02:34:39.512+0000] GC(155) Old regions: 1671->1737
[2025-08-01T02:34:39.512+0000] GC(155) Humongous regions: 0->0
[2025-08-01T02:34:39.512+0000] GC(155) Metaspace: 9706K(12544K)->9706K(12544K) NonClass: 8540K(11008K)->8540K(11008K) Class: 1166K(1536K)->1166K(1536K)
[2025-08-01T02:34:39.512+0000] GC(155) Pause Young (Normal) (G1 Evacuation Pause) 3542M->3497M(4096M) 28.955ms
[2025-08-01T02:34:39.512+0000] GC(155) User=0.21s Sys=0.00s Real=0.02s
[2025-08-01T02:34:39.544+0000] GC(156) Pause Young (Normal) (G1 Evacuation Pause)
[2025-08-01T02:34:39.544+0000] GC(156) Using 8 workers of 8 for evacuation
[2025-08-01T02:34:39.577+0000] GC(156)   Pre Evacuate Collection Set: 0.1ms
[2025-08-01T02:34:39.577+0000] GC(156)   Evacuate Collection Set: 31.7ms
[2025-08-01T02:34:39.577+0000] GC(156)   Post Evacuate Collection Set: 0.6ms
[2025-08-01T02:34:39.577+0000] GC(156)   Other: 0.3ms
[2025-08-01T02:34:39.577+0000] GC(156) Eden regions: 89->0(89)
[2025-08-01T02:34:39.577+0000] GC(156) Survivor regions: 13->13(13)
[2025-08-01T02:34:39.577+0000] GC(156) Old regions: 1737->1828
[2025-08-01T02:34:39.577+0000] GC(156) Humongous regions: 0->0
[2025-08-01T02:34:39.577+0000] GC(156) Metaspace: 9706K(12544K)->9706K(12544K) NonClass: 8540K(11008K)->8540K(11008K) Class: 1166K(1536K)->1166K(1536K)
[2025-08-01T02:34:39.577+0000] GC(156) Pause Young (Normal) (G1 Evacuation Pause) 3675M->3678M(4096M) 32.872ms
[2025-08-01T02:34:39.577+0000] GC(156) User=0.23s Sys=0.00s Real=0.03s
[2025-08-01T02:34:39.593+0000] GC(157) Pause Young (Normal) (G1 Evacuation Pause)
[2025-08-01T02:34:39.593+0000] GC(157) Using 8 workers of 8 for evacuation
[2025-08-01T02:34:39.626+0000] GC(157)   Pre Evacuate Collection Set: 0.1ms
[2025-08-01T02:34:39.626+0000] GC(157)   Evacuate Collection Set: 31.3ms
[2025-08-01T02:34:39.626+0000] GC(157)   Post Evacuate Collection Set: 0.7ms
[2025-08-01T02:34:39.626+0000] GC(157)   Other: 0.3ms
[2025-08-01T02:34:39.626+0000] GC(157) Eden regions: 89->0(89)
[2025-08-01T02:34:39.626+0000] GC(157) Survivor regions: 13->13(13)
[2025-08-01T02:34:39.626+0000] GC(157) Old regions: 1828->1918
[2025-08-01T02:34:39.626+0000] GC(157) Humongous regions: 0->0
[2025-08-01T02:34:39.626+0000] GC(157) Metaspace: 9706K(12544K)->9706K(12544K) NonClass: 8540K(11008K)->8540K(11008K) Class: 1166K(1536K)->1166K(1536K)
[2025-08-01T02:34:39.626+0000] GC(157) Pause Young (Normal) (G1 Evacuation Pause) 3856M->3858M(4096M) 32.460ms
[2025-08-01T02:34:39.626+0000] GC(157) User=0.23s Sys=0.00s Real=0.03s
[2025-08-01T02:34:39.658+0000] GC(158) Pause Young (Normal) (G1 Evacuation Pause)
[2025-08-01T02:34:39.658+0000] GC(158) Using 8 workers of 8 for evacuation
[2025-08-01T02:34:39.687+0000] GC(158) To-space exhausted
[2025-08-01T02:34:39.687+0000] GC(158)   Pre Evacuate Collection Set: 0.1ms
[2025-08-01T02:34:39.687+0000] GC(158)   Evacuate Collection Set: 21.6ms
[2025-08-01T02:34:39.687+0000] GC(158)   Post Evacuate Collection Set: 6.8ms
[2025-08-01T02:34:39.687+0000] GC(158)   Other: 0.3ms
[2025-08-01T02:34:39.687+0000] GC(158) Eden regions: 89->0(89)
[2025-08-01T02:34:39.687+0000] GC(158) Survivor regions: 13->13(13)
[2025-08-01T02:34:39.687+0000] GC(158) Old regions: 1918->1998
[2025-08-01T02:34:39.687+0000] GC(158) Humongous regions: 0->0
[2025-08-01T02:34:39.687+0000] GC(158) Metaspace: 9706K(12544K)->9706K(12544K) NonClass: 8540K(11008K)->8540K(11008K) Class: 1166K(1536K)->1166K(1536K)
[2025-08-01T02:34:39.687+0000] GC(158) Pause Young (Normal) (G1 Evacuation Pause) 4036M->4019M(4096M) 29.095ms
[2025-08-01T02:34:39.687+0000] GC(158) User=0.21s Sys=0.00s Real=0.03s
[2025-08-01T02:34:39.694+0000] GC(159) Pause Young (Normal) (G1 Evacuation Pause)
[2025-08-01T02:34:39.694+0000] GC(159) Using 8 workers of 8 for evacuation
[2025-08-01T02:34:39.714+0000] GC(159) To-space exhausted
[2025-08-01T02:34:39.714+0000] GC(159)   Pre Evacuate Collection Set: 0.1ms
[2025-08-01T02:34:39.714+0000] GC(159)   Evacuate Collection Set: 13.0ms
[2025-08-01T02:34:39.714+0000] GC(159)   Post Evacuate Collection Set: 6.6ms
[2025-08-01T02:34:39.714+0000] GC(159)   Other: 0.3ms
[2025-08-01T02:34:39.714+0000] GC(159) Eden regions: 37->0(102)
[2025-08-01T02:34:39.714+0000] GC(159) Survivor regions: 13->0(13)
[2025-08-01T02:34:39.714+0000] GC(159) Old regions: 1998->2048
[2025-08-01T02:34:39.714+0000] GC(159) Humongous regions: 0->0
[2025-08-01T02:34:39.714+0000] GC(159) Metaspace: 9706K(12544K)->9706K(12544K) NonClass: 8540K(11008K)->8540K(11008K) Class: 1166K(1536K)->1166K(1536K)
[2025-08-01T02:34:39.714+0000] GC(159) Pause Young (Normal) (G1 Evacuation Pause) 4093M->4093M(4096M) 20.146ms
[2025-08-01T02:34:39.714+0000] GC(159) User=0.14s Sys=0.00s Real=0.02s
[2025-08-01T02:34:39.714+0000] GC(160) Using 8 workers of 8 for full compaction
[2025-08-01T02:34:39.714+0000] GC(160) Pause Full (G1 Evacuation Pause)
[2025-08-01T02:34:39.719+0000] GC(160) Phase 1: Mark live objects
[2025-08-01T02:34:39.754+0000] GC(160) Cleaned string and symbol table, strings: 2833 processed, 0 removed, symbols: 23489 processed, 0 removed
[2025-08-01T02:34:39.754+0000] GC(160) Phase 1: Mark live objects 35.232ms
[2025-08-01T02:34:39.754+0000] GC(160) Phase 2: Prepare for compaction
[2025-08-01T02:34:39.788+0000] GC(160) Phase 2: Prepare for compaction 33.430ms
[2025-08-01T02:34:39.788+0000] GC(160) Phase 3: Adjust pointers
[2025-08-01T02:34:39.818+0000] GC(160) Phase 3: Adjust pointers 30.057ms
[2025-08-01T02:34:39.818+0000] GC(160) Phase 4: Compact heap
[2025-08-01T02:34:39.917+0000] GC(160) Phase 4: Compact heap 98.656ms
[2025-08-01T02:34:39.918+0000] GC(160) Eden regions: 0->0(512)
[2025-08-01T02:34:39.918+0000] GC(160) Survivor regions: 0->0(13)
[2025-08-01T02:34:39.918+0000] GC(160) Old regions: 2048->341
[2025-08-01T02:34:39.918+0000] GC(160) Humongous regions: 0->0
[2025-08-01T02:34:39.918+0000] GC(160) Metaspace: 9706K(12544K)->9706K(12544K) NonClass: 8540K(11008K)->8540K(11008K) Class: 1166K(1536K)->1166K(1536K)
[2025-08-01T02:34:39.918+0000] GC(160) Pause Full (G1 Evacuation Pause) 4093M->669M(4096M) 204.012ms
[2025-08-01T02:34:39.918+0000] GC(160) User=1.46s Sys=0.02s Real=0.20s
[2025-08-01T02:34:39.919+0000] GC(153) Concurrent Mark From Roots 515.973ms
[2025-08-01T02:34:39.919+0000] GC(153) Concurrent Mark Abort
[2025-08-01T02:34:39.919+0000] GC(153) Concurrent Cycle 518.674ms
[2025-08-01T02:34:40.123+0000] GC(161) Pause Young (Normal) (G1 Evacuation Pause)
[2025-08-01T02:34:40.123+0000] GC(161) Using 8 workers of 8 for evacuation
[2025-08-01T02:34:40.257+0000] GC(161)   Pre Evacuate Collection Set: 0.1ms
[2025-08-01T02:34:40.257+0000] GC(161)   Evacuate Collection Set: 132.2ms
[2025-08-01T02:34:40.257+0000] GC(161)   Post Evacuate Collection Set: 1.0ms
[2025-08-01T02:34:40.257+0000] GC(161)   Other: 0.3ms
[2025-08-01T02:34:40.257+0000] GC(161) Eden regions: 512->0(419)
[2025-08-01T02:34:40.257+0000] GC(161) Survivor regions: 0->64(64)
[2025-08-01T02:34:40.257+0000] GC(161) Old regions: 341->604
[2025-08-01T02:34:40.257+0000] GC(161) Humongous regions: 0->0
[2025-08-01T02:34:40.257+0000] GC(161) Metaspace: 9706K(12544K)->9706K(12544K) NonClass: 8540K(11008K)->8540K(11008K) Class: 1166K(1536K)->1166K(1536K)
[2025-08-01T02:34:40.257+0000] GC(161) Pause Young (Normal) (G1 Evacuation Pause) 1693M->1323M(4096M) 133.820ms
[2025-08-01T02:34:40.257+0000] GC(161) User=0.98s Sys=0.05s Real=0.13s
[2025-08-01T02:34:40.430+0000] GC(162) Pause Young (Normal) (G1 Evacuation Pause)
[2025-08-01T02:34:40.430+0000] GC(162) Using 8 workers of 8 for evacuation
[2025-08-01T02:34:40.619+0000] GC(162)   Pre Evacuate Collection Set: 0.2ms
[2025-08-01T02:34:40.619+0000] GC(162)   Evacuate Collection Set: 188.0ms
[2025-08-01T02:34:40.619+0000] GC(162)   Post Evacuate Collection Set: 1.0ms
[2025-08-01T02:34:40.619+0000] GC(162)   Other: 0.3ms
[2025-08-01T02:34:40.619+0000] GC(162) Eden regions: 419->0(323)
[2025-08-01T02:34:40.619+0000] GC(162) Survivor regions: 64->61(61)
[2025-08-01T02:34:40.619+0000] GC(162) Old regions: 604->857
[2025-08-01T02:34:40.619+0000] GC(162) Humongous regions: 0->0
[2025-08-01T02:34:40.619+0000] GC(162) Metaspace: 9706K(12544K)->9706K(12544K) NonClass: 8540K(11008K)->8540K(11008K) Class: 1166K(1536K)->1166K(1536K)
[2025-08-01T02:34:40.619+0000] GC(162) Pause Young (Normal) (G1 Evacuation Pause) 2161M->1822M(4096M) 189.653ms
[2025-08-01T02:34:40.619+0000] GC(162) User=1.38s Sys=0.09s Real=0.19s
[2025-08-01T02:34:40.771+0000] GC(163) Pause Young (Normal) (G1 Evacuation Pause)
[2025-08-01T02:34:40.771+0000] GC(163) Using 8 workers of 8 for evacuation
[2025-08-01T02:34:40.890+0000] GC(163)   Pre Evacuate Collection Set: 0.1ms
[2025-08-01T02:34:40.890+0000] GC(163)   Evacuate Collection Set: 116.4ms
[2025-08-01T02:34:40.890+0000] GC(163)   Post Evacuate Collection Set: 1.6ms
[2025-08-01T02:34:40.890+0000] GC(163)   Other: 0.3ms
[2025-08-01T02:34:40.890+0000] GC(163) Eden regions: 323->0(295)
[2025-08-01T02:34:40.890+0000] GC(163) Survivor regions: 61->48(48)
[2025-08-01T02:34:40.890+0000] GC(163) Old regions: 857->991
[2025-08-01T02:34:40.890+0000] GC(163) Humongous regions: 0->0
[2025-08-01T02:34:40.890+0000] GC(163) Metaspace: 9706K(12544K)->9706K(12544K) NonClass: 8540K(11008K)->8540K(11008K) Class: 1166K(1536K)->1166K(1536K)
[2025-08-01T02:34:40.890+0000] GC(163) Pause Young (Normal) (G1 Evacuation Pause) 2468M->2064M(4096M) 118.909ms
[2025-08-01T02:34:40.890+0000] GC(163) User=0.86s Sys=0.05s Real=0.12s
[2025-08-01T02:34:41.005+0000] GC(164) Pause Young (Concurrent Start) (G1 Evacuation Pause)
[2025-08-01T02:34:41.005+0000] GC(164) Using 8 workers of 8 for evacuation
[2025-08-01T02:34:41.188+0000] GC(164)   Pre Evacuate Collection Set: 0.1ms
[2025-08-01T02:34:41.188+0000] GC(164)   Evacuate Collection Set: 181.2ms
[2025-08-01T02:34:41.188+0000] GC(164)   Post Evacuate Collection Set: 0.8ms
[2025-08-01T02:34:41.188+0000] GC(164)   Other: 0.3ms
[2025-08-01T02:34:41.188+0000] GC(164) Eden regions: 295->0(169)
[2025-08-01T02:34:41.188+0000] GC(164) Survivor regions: 48->43(43)
[2025-08-01T02:34:41.188+0000] GC(164) Old regions: 991->1293
[2025-08-01T02:34:41.188+0000] GC(164) Humongous regions: 0->0
[2025-08-01T02:34:41.188+0000] GC(164) Metaspace: 9706K(12544K)->9706K(12544K) NonClass: 8540K(11008K)->8540K(11008K) Class: 1166K(1536K)->1166K(1536K)
[2025-08-01T02:34:41.188+0000] GC(164) Pause Young (Concurrent Start) (G1 Evacuation Pause) 2654M->2658M(4096M) 182.624ms
[2025-08-01T02:34:41.188+0000] GC(164) User=1.38s Sys=0.05s Real=0.18s
[2025-08-01T02:34:41.188+0000] GC(165) Concurrent Cycle
[2025-08-01T02:34:41.188+0000] GC(165) Concurrent Clear Claimed Marks
[2025-08-01T02:34:41.188+0000] GC(165) Concurrent Clear Claimed Marks 0.054ms
[2025-08-01T02:34:41.188+0000] GC(165) Concurrent Scan Root Regions
[2025-08-01T02:34:41.199+0000] GC(165) Concurrent Scan Root Regions 11.040ms
[2025-08-01T02:34:41.199+0000] GC(165) Concurrent Mark (20.195s)
[2025-08-01T02:34:41.199+0000] GC(165) Concurrent Mark From Roots
[2025-08-01T02:34:41.199+0000] GC(165) Using 2 workers of 2 for marking
[2025-08-01T02:34:41.275+0000] GC(166) Pause Young (Normal) (G1 Evacuation Pause)
[2025-08-01T02:34:41.275+0000] GC(166) Using 8 workers of 8 for evacuation
[2025-08-01T02:34:41.360+0000] GC(166)   Pre Evacuate Collection Set: 0.1ms
[2025-08-01T02:34:41.360+0000] GC(166)   Evacuate Collection Set: 82.6ms
[2025-08-01T02:34:41.360+0000] GC(166)   Post Evacuate Collection Set: 1.2ms
[2025-08-01T02:34:41.360+0000] GC(166)   Other: 0.3ms
[2025-08-01T02:34:41.360+0000] GC(166) Eden regions: 169->0(118)
[2025-08-01T02:34:41.360+0000] GC(166) Survivor regions: 43->27(27)
[2025-08-01T02:34:41.360+0000] GC(166) Old regions: 1293->1450
[2025-08-01T02:34:41.360+0000] GC(166) Humongous regions: 0->0
[2025-08-01T02:34:41.360+0000] GC(166) Metaspace: 9706K(12544K)->9706K(12544K) NonClass: 8540K(11008K)->8540K(11008K) Class: 1166K(1536K)->1166K(1536K)
[2025-08-01T02:34:41.360+0000] GC(166) Pause Young (Normal) (G1 Evacuation Pause) 2996M->2941M(4096M) 84.399ms
[2025-08-01T02:34:41.360+0000] GC(166) User=0.60s Sys=0.05s Real=0.08s
[2025-08-01T02:34:41.431+0000] GC(167) Pause Young (Normal) (G1 Evacuation Pause)
[2025-08-01T02:34:41.431+0000] GC(167) Using 8 workers of 8 for evacuation
[2025-08-01T02:34:41.493+0000] GC(167)   Pre Evacuate Collection Set: 0.1ms
[2025-08-01T02:34:41.493+0000] GC(167)   Evacuate Collection Set: 60.8ms
[2025-08-01T02:34:41.493+0000] GC(167)   Post Evacuate Collection Set: 0.7ms
[2025-08-01T02:34:41.493+0000] GC(167)   Other: 0.3ms
[2025-08-01T02:34:41.493+0000] GC(167) Eden regions: 118->0(87)
[2025-08-01T02:34:41.493+0000] GC(167) Survivor regions: 27->19(19)
[2025-08-01T02:34:41.493+0000] GC(167) Old regions: 1450->1551
[2025-08-01T02:34:41.493+0000] GC(167) Humongous regions: 0->0
[2025-08-01T02:34:41.493+0000] GC(167) Metaspace: 9706K(12544K)->9706K(12544K) NonClass: 8540K(11008K)->8540K(11008K) Class: 1166K(1536K)->1166K(1536K)
[2025-08-01T02:34:41.493+0000] GC(167) Pause Young (Normal) (G1 Evacuation Pause) 3177M->3126M(4096M) 61.893ms
[2025-08-01T02:34:41.493+0000] GC(167) User=0.43s Sys=0.03s Real=0.07s
[2025-08-01T02:34:41.511+0000] GC(168) Pause Young (Normal) (G1 Evacuation Pause)
[2025-08-01T02:34:41.511+0000] GC(168) Using 8 workers of 8 for evacuation
[2025-08-01T02:34:41.555+0000] GC(168)   Pre Evacuate Collection Set: 0.1ms
[2025-08-01T02:34:41.555+0000] GC(168)   Evacuate Collection Set: 42.7ms
[2025-08-01T02:34:41.555+0000] GC(168)   Post Evacuate Collection Set: 0.7ms
[2025-08-01T02:34:41.555+0000] GC(168)   Other: 0.2ms
[2025-08-01T02:34:41.555+0000] GC(168) Eden regions: 87->0(88)
[2025-08-01T02:34:41.555+0000] GC(168) Survivor regions: 19->14(14)
[2025-08-01T02:34:41.555+0000] GC(168) Old regions: 1551->1645
[2025-08-01T02:34:41.555+0000] GC(168) Humongous regions: 0->0
[2025-08-01T02:34:41.555+0000] GC(168) Metaspace: 9706K(12544K)->9706K(12544K) NonClass: 8540K(11008K)->8540K(11008K) Class: 1166K(1536K)->1166K(1536K)
[2025-08-01T02:34:41.555+0000] GC(168) Pause Young (Normal) (G1 Evacuation Pause) 3300M->3304M(4096M) 43.876ms
[2025-08-01T02:34:41.555+0000] GC(168) User=0.33s Sys=0.00s Real=0.05s
[2025-08-01T02:34:41.597+0000] GC(165) Concurrent Mark From Roots 397.209ms
[2025-08-01T02:34:41.597+0000] GC(165) Concurrent Preclean
[2025-08-01T02:34:41.597+0000] GC(165) Concurrent Preclean 0.309ms
[2025-08-01T02:34:41.597+0000] GC(165) Concurrent Mark (20.195s, 20.592s) 397.647ms
[2025-08-01T02:34:41.597+0000] GC(165) Pause Remark
[2025-08-01T02:34:41.599+0000] GC(165) Cleaned string and symbol table, strings: 2833 processed, 0 removed, symbols: 23489 processed, 0 removed
[2025-08-01T02:34:41.601+0000] GC(165) Pause Remark 3409M->2013M(4096M) 3.292ms
[2025-08-01T02:34:41.601+0000] GC(165) User=0.00s Sys=0.00s Real=0.00s
[2025-08-01T02:34:41.601+0000] GC(165) Concurrent Rebuild Remembered Sets
[2025-08-01T02:34:41.620+0000] GC(169) Pause Young (Normal) (G1 Evacuation Pause)
[2025-08-01T02:34:41.620+0000] GC(169) Using 8 workers of 8 for evacuation
[2025-08-01T02:34:41.654+0000] GC(169)   Pre Evacuate Collection Set: 0.1ms
[2025-08-01T02:34:41.654+0000] GC(169)   Evacuate Collection Set: 33.4ms
[2025-08-01T02:34:41.654+0000] GC(169)   Post Evacuate Collection Set: 0.7ms
[2025-08-01T02:34:41.654+0000] GC(169)   Other: 0.4ms
[2025-08-01T02:34:41.654+0000] GC(169) Eden regions: 88->0(265)
[2025-08-01T02:34:41.654+0000] GC(169) Survivor regions: 14->13(13)
[2025-08-01T02:34:41.654+0000] GC(169) Old regions: 942->1032
[2025-08-01T02:34:41.654+0000] GC(169) Humongous regions: 0->0
[2025-08-01T02:34:41.654+0000] GC(169) Metaspace: 9706K(12544K)->9706K(12544K) NonClass: 8540K(11008K)->8540K(11008K) Class: 1166K(1536K)->1166K(1536K)
[2025-08-01T02:34:41.654+0000] GC(169) Pause Young (Normal) (G1 Evacuation Pause) 2084M->2087M(4096M) 34.684ms
[2025-08-01T02:34:41.654+0000] GC(169) User=0.25s Sys=0.00s Real=0.04s
[2025-08-01T02:34:41.751+0000] GC(170) Pause Young (Normal) (G1 Evacuation Pause)
[2025-08-01T02:34:41.751+0000] GC(170) Using 8 workers of 8 for evacuation
[2025-08-01T02:34:41.818+0000] GC(170)   Pre Evacuate Collection Set: 0.1ms
[2025-08-01T02:34:41.818+0000] GC(170)   Evacuate Collection Set: 66.1ms
[2025-08-01T02:34:41.818+0000] GC(170)   Post Evacuate Collection Set: 0.8ms
[2025-08-01T02:34:41.818+0000] GC(170)   Other: 0.3ms
[2025-08-01T02:34:41.818+0000] GC(170) Eden regions: 265->0(199)
[2025-08-01T02:34:41.818+0000] GC(170) Survivor regions: 13->35(35)
[2025-08-01T02:34:41.818+0000] GC(170) Old regions: 1032->1205
[2025-08-01T02:34:41.818+0000] GC(170) Humongous regions: 0->0
[2025-08-01T02:34:41.818+0000] GC(170) Metaspace: 9706K(12544K)->9706K(12544K) NonClass: 8540K(11008K)->8540K(11008K) Class: 1166K(1536K)->1166K(1536K)
[2025-08-01T02:34:41.818+0000] GC(170) Pause Young (Normal) (G1 Evacuation Pause) 2617M->2477M(4096M) 67.407ms
[2025-08-01T02:34:41.818+0000] GC(170) User=0.52s Sys=0.00s Real=0.07s
[2025-08-01T02:34:41.905+0000] GC(171) Pause Young (Normal) (G1 Evacuation Pause)
[2025-08-01T02:34:41.905+0000] GC(171) Using 8 workers of 8 for evacuation
[2025-08-01T02:34:41.982+0000] GC(171)   Pre Evacuate Collection Set: 0.1ms
[2025-08-01T02:34:41.983+0000] GC(171)   Evacuate Collection Set: 76.5ms
[2025-08-01T02:34:41.983+0000] GC(171)   Post Evacuate Collection Set: 0.9ms
[2025-08-01T02:34:41.983+0000] GC(171)   Other: 0.3ms
[2025-08-01T02:34:41.983+0000] GC(171) Eden regions: 199->0(126)
[2025-08-01T02:34:41.983+0000] GC(171) Survivor regions: 35->30(30)
[2025-08-01T02:34:41.983+0000] GC(171) Old regions: 1205->1411
[2025-08-01T02:34:41.983+0000] GC(171) Humongous regions: 0->0
[2025-08-01T02:34:41.983+0000] GC(171) Metaspace: 9706K(12544K)->9706K(12544K) NonClass: 8540K(11008K)->8540K(11008K) Class: 1166K(1536K)->1166K(1536K)
[2025-08-01T02:34:41.983+0000] GC(171) Pause Young (Normal) (G1 Evacuation Pause) 2875M->2878M(4096M) 77.905ms
[2025-08-01T02:34:41.983+0000] GC(171) User=0.59s Sys=0.00s Real=0.07s
[2025-08-01T02:34:42.056+0000] GC(172) Pause Young (Normal) (G1 Evacuation Pause)
[2025-08-01T02:34:42.056+0000] GC(172) Using 8 workers of 8 for evacuation
[2025-08-01T02:34:42.101+0000] GC(172)   Pre Evacuate Collection Set: 0.1ms
[2025-08-01T02:34:42.101+0000] GC(172)   Evacuate Collection Set: 43.6ms
[2025-08-01T02:34:42.101+0000] GC(172)   Post Evacuate Collection Set: 0.6ms
[2025-08-01T02:34:42.101+0000] GC(172)   Other: 0.4ms
[2025-08-01T02:34:42.101+0000] GC(172) Eden regions: 126->0(94)
[2025-08-01T02:34:42.101+0000] GC(172) Survivor regions: 30->20(20)
[2025-08-01T02:34:42.101+0000] GC(172) Old regions: 1411->1525
[2025-08-01T02:34:42.101+0000] GC(172) Humongous regions: 0->0
[2025-08-01T02:34:42.101+0000] GC(172) Metaspace: 9706K(12544K)->9706K(12544K) NonClass: 8540K(11008K)->8540K(11008K) Class: 1166K(1536K)->1166K(1536K)
[2025-08-01T02:34:42.101+0000] GC(172) Pause Young (Normal) (G1 Evacuation Pause) 3130M->3086M(4096M) 44.869ms
[2025-08-01T02:34:42.101+0000] GC(172) User=0.34s Sys=0.01s Real=0.04s
[2025-08-01T02:34:42.116+0000] GC(165) Concurrent Rebuild Remembered Sets 515.388ms
[2025-08-01T02:34:42.117+0000] GC(165) Pause Cleanup
[2025-08-01T02:34:42.118+0000] GC(165) Pause Cleanup 3270M->3270M(4096M) 0.790ms
[2025-08-01T02:34:42.118+0000] GC(165) User=0.01s Sys=0.00s Real=0.00s
[2025-08-01T02:34:42.118+0000] GC(165) Concurrent Cleanup for Next Mark
[2025-08-01T02:34:42.119+0000] GC(173) Pause Young (Prepare Mixed) (G1 Evacuation Pause)
[2025-08-01T02:34:42.119+0000] GC(173) Using 8 workers of 8 for evacuation
[2025-08-01T02:34:42.164+0000] GC(173)   Pre Evacuate Collection Set: 0.1ms
[2025-08-01T02:34:42.164+0000] GC(173)   Evacuate Collection Set: 44.0ms
[2025-08-01T02:34:42.164+0000] GC(173)   Post Evacuate Collection Set: 0.7ms
[2025-08-01T02:34:42.164+0000] GC(173)   Other: 0.2ms
[2025-08-01T02:34:42.164+0000] GC(173) Eden regions: 94->0(87)
[2025-08-01T02:34:42.164+0000] GC(173) Survivor regions: 20->15(15)
[2025-08-01T02:34:42.164+0000] GC(173) Old regions: 1525->1597
[2025-08-01T02:34:42.164+0000] GC(173) Humongous regions: 0->0
[2025-08-01T02:34:42.164+0000] GC(173) Metaspace: 9706K(12544K)->9706K(12544K) NonClass: 8540K(11008K)->8540K(11008K) Class: 1166K(1536K)->1166K(1536K)
[2025-08-01T02:34:42.164+0000] GC(173) Pause Young (Prepare Mixed) (G1 Evacuation Pause) 3274M->3220M(4096M) 45.179ms
[2025-08-01T02:34:42.164+0000] GC(173) User=0.34s Sys=0.01s Real=0.05s
[2025-08-01T02:34:42.174+0000] GC(165) Concurrent Cleanup for Next Mark 55.448ms
[2025-08-01T02:34:42.174+0000] GC(165) Concurrent Cycle 985.706ms
[2025-08-01T02:34:42.189+0000] GC(174) Pause Young (Mixed) (G1 Evacuation Pause)
[2025-08-01T02:34:42.190+0000] GC(174) Using 8 workers of 8 for evacuation
[2025-08-01T02:34:42.232+0000] GC(174)   Pre Evacuate Collection Set: 0.1ms
[2025-08-01T02:34:42.232+0000] GC(174)   Evacuate Collection Set: 41.6ms
[2025-08-01T02:34:42.232+0000] GC(174)   Post Evacuate Collection Set: 0.6ms
[2025-08-01T02:34:42.232+0000] GC(174)   Other: 0.4ms
[2025-08-01T02:34:42.232+0000] GC(174) Eden regions: 87->0(89)
[2025-08-01T02:34:42.232+0000] GC(174) Survivor regions: 15->13(13)
[2025-08-01T02:34:42.232+0000] GC(174) Old regions: 1597->1685
[2025-08-01T02:34:42.232+0000] GC(174) Humongous regions: 0->0
[2025-08-01T02:34:42.232+0000] GC(174) Metaspace: 9706K(12544K)->9706K(12544K) NonClass: 8540K(11008K)->8540K(11008K) Class: 1166K(1536K)->1166K(1536K)
[2025-08-01T02:34:42.232+0000] GC(174) Pause Young (Mixed) (G1 Evacuation Pause) 3394M->3393M(4096M) 42.939ms
[2025-08-01T02:34:42.232+0000] GC(174) User=0.32s Sys=0.01s Real=0.04s
[2025-08-01T02:34:42.254+0000] GC(175) Pause Young (Concurrent Start) (G1 Evacuation Pause)
[2025-08-01T02:34:42.254+0000] GC(175) Using 8 workers of 8 for evacuation
[2025-08-01T02:34:42.290+0000] GC(175)   Pre Evacuate Collection Set: 0.1ms
[2025-08-01T02:34:42.290+0000] GC(175)   Evacuate Collection Set: 35.0ms
[2025-08-01T02:34:42.290+0000] GC(175)   Post Evacuate Collection Set: 0.6ms
[2025-08-01T02:34:42.290+0000] GC(175)   Other: 0.3ms
[2025-08-01T02:34:42.290+0000] GC(175) Eden regions: 89->0(89)
[2025-08-01T02:34:42.290+0000] GC(175) Survivor regions: 13->13(13)
[2025-08-01T02:34:42.290+0000] GC(175) Old regions: 1685->1776
[2025-08-01T02:34:42.291+0000] GC(175) Humongous regions: 0->0
[2025-08-01T02:34:42.291+0000] GC(175) Metaspace: 9706K(12544K)->9706K(12544K) NonClass: 8540K(11008K)->8540K(11008K) Class: 1166K(1536K)->1166K(1536K)
[2025-08-01T02:34:42.291+0000] GC(175) Pause Young (Concurrent Start) (G1 Evacuation Pause) 3571M->3574M(4096M) 36.100ms
[2025-08-01T02:34:42.291+0000] GC(175) User=0.25s Sys=0.00s Real=0.03s
[2025-08-01T02:34:42.291+0000] GC(176) Concurrent Cycle
[2025-08-01T02:34:42.291+0000] GC(176) Concurrent Clear Claimed Marks
[2025-08-01T02:34:42.291+0000] GC(176) Concurrent Clear Claimed Marks 0.139ms
[2025-08-01T02:34:42.291+0000] GC(176) Concurrent Scan Root Regions
[2025-08-01T02:34:42.295+0000] GC(176) Concurrent Scan Root Regions 3.752ms
[2025-08-01T02:34:42.295+0000] GC(176) Concurrent Mark (21.290s)
[2025-08-01T02:34:42.295+0000] GC(176) Concurrent Mark From Roots
[2025-08-01T02:34:42.295+0000] GC(176) Using 2 workers of 2 for marking
[2025-08-01T02:34:42.311+0000] GC(177) Pause Young (Normal) (G1 Evacuation Pause)
[2025-08-01T02:34:42.311+0000] GC(177) Using 8 workers of 8 for evacuation
[2025-08-01T02:34:42.343+0000] GC(177)   Pre Evacuate Collection Set: 0.1ms
[2025-08-01T02:34:42.343+0000] GC(177)   Evacuate Collection Set: 31.0ms
[2025-08-01T02:34:42.343+0000] GC(177)   Post Evacuate Collection Set: 0.6ms
[2025-08-01T02:34:42.343+0000] GC(177)   Other: 0.3ms
[2025-08-01T02:34:42.343+0000] GC(177) Eden regions: 89->0(89)
[2025-08-01T02:34:42.343+0000] GC(177) Survivor regions: 13->13(13)
[2025-08-01T02:34:42.343+0000] GC(177) Old regions: 1776->1866
[2025-08-01T02:34:42.343+0000] GC(177) Humongous regions: 0->0
[2025-08-01T02:34:42.343+0000] GC(177) Metaspace: 9706K(12544K)->9706K(12544K) NonClass: 8540K(11008K)->8540K(11008K) Class: 1166K(1536K)->1166K(1536K)
[2025-08-01T02:34:42.343+0000] GC(177) Pause Young (Normal) (G1 Evacuation Pause) 3752M->3755M(4096M) 32.126ms
[2025-08-01T02:34:42.344+0000] GC(177) User=0.24s Sys=0.00s Real=0.04s
[2025-08-01T02:34:42.365+0000] GC(178) Pause Young (Normal) (G1 Evacuation Pause)
[2025-08-01T02:34:42.365+0000] GC(178) Using 8 workers of 8 for evacuation
[2025-08-01T02:34:42.400+0000] GC(178) To-space exhausted
[2025-08-01T02:34:42.400+0000] GC(178)   Pre Evacuate Collection Set: 0.1ms
[2025-08-01T02:34:42.400+0000] GC(178)   Evacuate Collection Set: 30.3ms
[2025-08-01T02:34:42.400+0000] GC(178)   Post Evacuate Collection Set: 4.5ms
[2025-08-01T02:34:42.400+0000] GC(178)   Other: 0.4ms
[2025-08-01T02:34:42.400+0000] GC(178) Eden regions: 89->0(89)
[2025-08-01T02:34:42.400+0000] GC(178) Survivor regions: 13->13(13)
[2025-08-01T02:34:42.400+0000] GC(178) Old regions: 1866->1961
[2025-08-01T02:34:42.400+0000] GC(178) Humongous regions: 0->0
[2025-08-01T02:34:42.400+0000] GC(178) Metaspace: 9706K(12544K)->9706K(12544K) NonClass: 8540K(11008K)->8540K(11008K) Class: 1166K(1536K)->1166K(1536K)
[2025-08-01T02:34:42.400+0000] GC(178) Pause Young (Normal) (G1 Evacuation Pause) 3933M->3945M(4096M) 35.370ms
[2025-08-01T02:34:42.400+0000] GC(178) User=0.26s Sys=0.00s Real=0.03s
[2025-08-01T02:34:42.418+0000] GC(179) Pause Young (Normal) (G1 Evacuation Pause)
[2025-08-01T02:34:42.418+0000] GC(179) Using 8 workers of 8 for evacuation
[2025-08-01T02:34:42.447+0000] GC(179) To-space exhausted
[2025-08-01T02:34:42.448+0000] GC(179)   Pre Evacuate Collection Set: 0.1ms
[2025-08-01T02:34:42.448+0000] GC(179)   Evacuate Collection Set: 20.4ms
[2025-08-01T02:34:42.448+0000] GC(179)   Post Evacuate Collection Set: 9.2ms
[2025-08-01T02:34:42.448+0000] GC(179)   Other: 0.4ms
[2025-08-01T02:34:42.448+0000] GC(179) Eden regions: 74->0(102)
[2025-08-01T02:34:42.448+0000] GC(179) Survivor regions: 13->0(13)
[2025-08-01T02:34:42.448+0000] GC(179) Old regions: 1961->2048
[2025-08-01T02:34:42.448+0000] GC(179) Humongous regions: 0->0
[2025-08-01T02:34:42.448+0000] GC(179) Metaspace: 9706K(12544K)->9706K(12544K) NonClass: 8540K(11008K)->8540K(11008K) Class: 1166K(1536K)->1166K(1536K)
[2025-08-01T02:34:42.448+0000] GC(179) Pause Young (Normal) (G1 Evacuation Pause) 4093M->4093M(4096M) 30.137ms
[2025-08-01T02:34:42.448+0000] GC(179) User=0.22s Sys=0.00s Real=0.03s
[2025-08-01T02:34:42.448+0000] GC(180) Using 8 workers of 8 for full compaction
[2025-08-01T02:34:42.448+0000] GC(180) Pause Full (G1 Evacuation Pause)
[2025-08-01T02:34:42.453+0000] GC(180) Phase 1: Mark live objects
[2025-08-01T02:34:42.481+0000] GC(180) Cleaned string and symbol table, strings: 2833 processed, 0 removed, symbols: 23489 processed, 0 removed
[2025-08-01T02:34:42.481+0000] GC(180) Phase 1: Mark live objects 27.941ms
[2025-08-01T02:34:42.481+0000] GC(180) Phase 2: Prepare for compaction
[2025-08-01T02:34:42.513+0000] GC(180) Phase 2: Prepare for compaction 32.268ms
[2025-08-01T02:34:42.513+0000] GC(180) Phase 3: Adjust pointers
[2025-08-01T02:34:42.551+0000] GC(180) Phase 3: Adjust pointers 37.121ms
[2025-08-01T02:34:42.551+0000] GC(180) Phase 4: Compact heap
[2025-08-01T02:34:42.651+0000] GC(180) Phase 4: Compact heap 100.162ms
[2025-08-01T02:34:42.653+0000] GC(180) Eden regions: 0->0(455)
[2025-08-01T02:34:42.653+0000] GC(180) Survivor regions: 0->0(13)
[2025-08-01T02:34:42.653+0000] GC(180) Old regions: 2048->295
[2025-08-01T02:34:42.653+0000] GC(180) Humongous regions: 0->0
[2025-08-01T02:34:42.653+0000] GC(180) Metaspace: 9706K(12544K)->9706K(12544K) NonClass: 8540K(11008K)->8540K(11008K) Class: 1166K(1536K)->1166K(1536K)
[2025-08-01T02:34:42.653+0000] GC(180) Pause Full (G1 Evacuation Pause) 4093M->581M(4096M) 205.269ms
[2025-08-01T02:34:42.653+0000] GC(180) User=1.38s Sys=0.03s Real=0.21s
[2025-08-01T02:34:42.654+0000] GC(176) Concurrent Mark From Roots 359.384ms
[2025-08-01T02:34:42.654+0000] GC(176) Concurrent Mark Abort
[2025-08-01T02:34:42.654+0000] GC(176) Concurrent Cycle 363.530ms
[2025-08-01T02:34:42.833+0000] GC(181) Pause Young (Normal) (G1 Evacuation Pause)
[2025-08-01T02:34:42.833+0000] GC(181) Using 8 workers of 8 for evacuation
[2025-08-01T02:34:42.971+0000] GC(181)   Pre Evacuate Collection Set: 0.1ms
[2025-08-01T02:34:42.971+0000] GC(181)   Evacuate Collection Set: 135.9ms
[2025-08-01T02:34:42.971+0000] GC(181)   Post Evacuate Collection Set: 1.4ms
[2025-08-01T02:34:42.971+0000] GC(181)   Other: 0.4ms
[2025-08-01T02:34:42.971+0000] GC(181) Eden regions: 455->0(412)
[2025-08-01T02:34:42.971+0000] GC(181) Survivor regions: 0->57(57)
[2025-08-01T02:34:42.971+0000] GC(181) Old regions: 295->500
[2025-08-01T02:34:42.971+0000] GC(181) Humongous regions: 0->0
[2025-08-01T02:34:42.971+0000] GC(181) Metaspace: 9706K(12544K)->9706K(12544K) NonClass: 8540K(11008K)->8540K(11008K) Class: 1166K(1536K)->1166K(1536K)
[2025-08-01T02:34:42.971+0000] GC(181) Pause Young (Normal) (G1 Evacuation Pause) 1491M->1103M(4096M) 138.155ms
[2025-08-01T02:34:42.971+0000] GC(181) User=1.03s Sys=0.03s Real=0.13s
[2025-08-01T02:34:43.143+0000] GC(182) Pause Young (Concurrent Start) (G1 Evacuation Pause)
[2025-08-01T02:34:43.143+0000] GC(182) Using 8 workers of 8 for evacuation
[2025-08-01T02:34:43.275+0000] GC(182)   Pre Evacuate Collection Set: 0.1ms
[2025-08-01T02:34:43.275+0000] GC(182)   Evacuate Collection Set: 129.9ms
[2025-08-01T02:34:43.275+0000] GC(182)   Post Evacuate Collection Set: 1.3ms
[2025-08-01T02:34:43.275+0000] GC(182)   Other: 0.5ms
[2025-08-01T02:34:43.275+0000] GC(182) Eden regions: 412->0(400)
[2025-08-01T02:34:43.275+0000] GC(182) Survivor regions: 57->59(59)
[2025-08-01T02:34:43.275+0000] GC(182) Old regions: 500->675
[2025-08-01T02:34:43.275+0000] GC(182) Humongous regions: 0->0
[2025-08-01T02:34:43.275+0000] GC(182) Metaspace: 9706K(12544K)->9706K(12544K) NonClass: 8540K(11008K)->8540K(11008K) Class: 1166K(1536K)->1166K(1536K)
[2025-08-01T02:34:43.275+0000] GC(182) Pause Young (Concurrent Start) (G1 Evacuation Pause) 1927M->1458M(4096M) 132.072ms
[2025-08-01T02:34:43.275+0000] GC(182) User=0.96s Sys=0.07s Real=0.13s
[2025-08-01T02:34:43.275+0000] GC(183) Concurrent Cycle
[2025-08-01T02:34:43.275+0000] GC(183) Concurrent Clear Claimed Marks
[2025-08-01T02:34:43.275+0000] GC(183) Concurrent Clear Claimed Marks 0.059ms
[2025-08-01T02:34:43.275+0000] GC(183) Concurrent Scan Root Regions
[2025-08-01T02:34:43.297+0000] GC(183) Concurrent Scan Root Regions 21.324ms
[2025-08-01T02:34:43.297+0000] GC(183) Concurrent Mark (22.293s)
[2025-08-01T02:34:43.297+0000] GC(183) Concurrent Mark From Roots
[2025-08-01T02:34:43.297+0000] GC(183) Using 2 workers of 2 for marking
[2025-08-01T02:34:43.391+0000] GC(183) Concurrent Mark From Roots 94.328ms
[2025-08-01T02:34:43.391+0000] GC(183) Concurrent Preclean
[2025-08-01T02:34:43.392+0000] GC(183) Concurrent Preclean 0.431ms
[2025-08-01T02:34:43.392+0000] GC(183) Concurrent Mark (22.293s, 22.387s) 94.887ms
[2025-08-01T02:34:43.392+0000] GC(183) Pause Remark
[2025-08-01T02:34:43.395+0000] GC(183) Cleaned string and symbol table, strings: 2833 processed, 0 removed, symbols: 23489 processed, 0 removed
[2025-08-01T02:34:43.396+0000] GC(183) Pause Remark 2104M->1318M(4096M) 3.712ms
[2025-08-01T02:34:43.396+0000] GC(183) User=0.01s Sys=0.00s Real=0.01s
[2025-08-01T02:34:43.396+0000] GC(183) Concurrent Rebuild Remembered Sets
[2025-08-01T02:34:43.447+0000] GC(184) Pause Young (Normal) (G1 Evacuation Pause)
[2025-08-01T02:34:43.447+0000] GC(184) Using 8 workers of 8 for evacuation
[2025-08-01T02:34:43.581+0000] GC(184)   Pre Evacuate Collection Set: 0.1ms
[2025-08-01T02:34:43.582+0000] GC(184)   Evacuate Collection Set: 133.4ms
[2025-08-01T02:34:43.582+0000] GC(184)   Post Evacuate Collection Set: 1.0ms
[2025-08-01T02:34:43.582+0000] GC(184)   Other: 0.5ms
[2025-08-01T02:34:43.582+0000] GC(184) Eden regions: 400->0(436)
[2025-08-01T02:34:43.582+0000] GC(184) Survivor regions: 59->58(58)
[2025-08-01T02:34:43.582+0000] GC(184) Old regions: 279->563
[2025-08-01T02:34:43.582+0000] GC(184) Humongous regions: 0->0
[2025-08-01T02:34:43.582+0000] GC(184) Metaspace: 9706K(12544K)->9706K(12544K) NonClass: 8540K(11008K)->8540K(11008K) Class: 1166K(1536K)->1166K(1536K)
[2025-08-01T02:34:43.582+0000] GC(184) Pause Young (Normal) (G1 Evacuation Pause) 1472M->1238M(4096M) 135.099ms
[2025-08-01T02:34:43.582+0000] GC(184) User=0.99s Sys=0.03s Real=0.13s
[2025-08-01T02:34:43.600+0000] GC(183) Concurrent Rebuild Remembered Sets 203.921ms
[2025-08-01T02:34:43.601+0000] GC(183) Pause Cleanup
[2025-08-01T02:34:43.602+0000] GC(183) Pause Cleanup 1429M->1429M(4096M) 0.781ms
[2025-08-01T02:34:43.602+0000] GC(183) User=0.01s Sys=0.00s Real=0.00s
[2025-08-01T02:34:43.602+0000] GC(183) Concurrent Cleanup for Next Mark
[2025-08-01T02:34:43.612+0000] GC(183) Concurrent Cleanup for Next Mark 10.245ms
[2025-08-01T02:34:43.613+0000] GC(183) Concurrent Cycle 337.126ms
[2025-08-01T02:34:43.749+0000] GC(185) Pause Young (Normal) (G1 Evacuation Pause)
[2025-08-01T02:34:43.749+0000] GC(185) Using 8 workers of 8 for evacuation
[2025-08-01T02:34:43.899+0000] GC(185)   Pre Evacuate Collection Set: 0.1ms
[2025-08-01T02:34:43.899+0000] GC(185)   Evacuate Collection Set: 148.4ms
[2025-08-01T02:34:43.899+0000] GC(185)   Post Evacuate Collection Set: 1.5ms
[2025-08-01T02:34:43.899+0000] GC(185)   Other: 0.4ms
[2025-08-01T02:34:43.899+0000] GC(185) Eden regions: 436->0(336)
[2025-08-01T02:34:43.899+0000] GC(185) Survivor regions: 58->62(62)
[2025-08-01T02:34:43.899+0000] GC(185) Old regions: 563->829
[2025-08-01T02:34:43.899+0000] GC(185) Humongous regions: 0->0
[2025-08-01T02:34:43.899+0000] GC(185) Metaspace: 9706K(12544K)->9706K(12544K) NonClass: 8540K(11008K)->8540K(11008K) Class: 1166K(1536K)->1166K(1536K)
[2025-08-01T02:34:43.899+0000] GC(185) Pause Young (Normal) (G1 Evacuation Pause) 2110M->1778M(4096M) 150.492ms
[2025-08-01T02:34:43.899+0000] GC(185) User=1.14s Sys=0.03s Real=0.15s
[2025-08-01T02:34:44.063+0000] GC(186) Pause Young (Concurrent Start) (G1 Evacuation Pause)
[2025-08-01T02:34:44.063+0000] GC(186) Using 8 workers of 8 for evacuation
[2025-08-01T02:34:44.309+0000] GC(186) MMU target violated: 201.0ms (200.0ms/201.0ms)
[2025-08-01T02:34:44.309+0000] GC(186)   Pre Evacuate Collection Set: 0.2ms
[2025-08-01T02:34:44.309+0000] GC(186)   Evacuate Collection Set: 244.2ms
[2025-08-01T02:34:44.309+0000] GC(186)   Post Evacuate Collection Set: 1.0ms
[2025-08-01T02:34:44.309+0000] GC(186)   Other: 1.4ms
[2025-08-01T02:34:44.309+0000] GC(186) Eden regions: 336->0(218)
[2025-08-01T02:34:44.309+0000] GC(186) Survivor regions: 62->50(50)
[2025-08-01T02:34:44.309+0000] GC(186) Old regions: 829->1133
[2025-08-01T02:34:44.309+0000] GC(186) Humongous regions: 0->0
[2025-08-01T02:34:44.310+0000] GC(186) Metaspace: 9706K(12544K)->9706K(12544K) NonClass: 8540K(11008K)->8540K(11008K) Class: 1166K(1536K)->1166K(1536K)
[2025-08-01T02:34:44.310+0000] GC(186) Pause Young (Concurrent Start) (G1 Evacuation Pause) 2450M->2362M(4096M) 246.878ms
[2025-08-01T02:34:44.310+0000] GC(186) User=1.80s Sys=0.12s Real=0.25s
[2025-08-01T02:34:44.310+0000] GC(187) Concurrent Cycle
[2025-08-01T02:34:44.310+0000] GC(187) Concurrent Clear Claimed Marks
[2025-08-01T02:34:44.310+0000] GC(187) Concurrent Clear Claimed Marks 0.150ms
[2025-08-01T02:34:44.310+0000] GC(187) Concurrent Scan Root Regions
[2025-08-01T02:34:44.321+0000] GC(187) Concurrent Scan Root Regions 11.419ms
[2025-08-01T02:34:44.321+0000] GC(187) Concurrent Mark (23.317s)
[2025-08-01T02:34:44.321+0000] GC(187) Concurrent Mark From Roots
[2025-08-01T02:34:44.321+0000] GC(187) Using 2 workers of 2 for marking
[2025-08-01T02:34:44.401+0000] GC(188) Pause Young (Normal) (G1 Evacuation Pause)
[2025-08-01T02:34:44.401+0000] GC(188) Using 8 workers of 8 for evacuation
[2025-08-01T02:34:44.489+0000] GC(188)   Pre Evacuate Collection Set: 0.1ms
[2025-08-01T02:34:44.489+0000] GC(188)   Evacuate Collection Set: 86.8ms
[2025-08-01T02:34:44.489+0000] GC(188)   Post Evacuate Collection Set: 0.9ms
[2025-08-01T02:34:44.489+0000] GC(188)   Other: 0.3ms
[2025-08-01T02:34:44.489+0000] GC(188) Eden regions: 218->0(186)
[2025-08-01T02:34:44.489+0000] GC(188) Survivor regions: 50->34(34)
[2025-08-01T02:34:44.489+0000] GC(188) Old regions: 1133->1264
[2025-08-01T02:34:44.489+0000] GC(188) Humongous regions: 0->0
[2025-08-01T02:34:44.489+0000] GC(188) Metaspace: 9706K(12544K)->9706K(12544K) NonClass: 8540K(11008K)->8540K(11008K) Class: 1166K(1536K)->1166K(1536K)
[2025-08-01T02:34:44.489+0000] GC(188) Pause Young (Normal) (G1 Evacuation Pause) 2798M->2592M(4096M) 88.255ms
[2025-08-01T02:34:44.489+0000] GC(188) User=0.66s Sys=0.03s Real=0.09s
[2025-08-01T02:34:44.569+0000] GC(189) Pause Young (Normal) (G1 Evacuation Pause)
[2025-08-01T02:34:44.569+0000] GC(189) Using 8 workers of 8 for evacuation
[2025-08-01T02:34:44.641+0000] GC(189)   Pre Evacuate Collection Set: 0.2ms
[2025-08-01T02:34:44.641+0000] GC(189)   Evacuate Collection Set: 71.4ms
[2025-08-01T02:34:44.641+0000] GC(189)   Post Evacuate Collection Set: 0.9ms
[2025-08-01T02:34:44.641+0000] GC(189)   Other: 0.3ms
[2025-08-01T02:34:44.641+0000] GC(189) Eden regions: 186->0(116)
[2025-08-01T02:34:44.641+0000] GC(189) Survivor regions: 34->28(28)
[2025-08-01T02:34:44.641+0000] GC(189) Old regions: 1264->1458
[2025-08-01T02:34:44.642+0000] GC(189) Humongous regions: 0->0
[2025-08-01T02:34:44.642+0000] GC(189) Metaspace: 9706K(12544K)->9706K(12544K) NonClass: 8540K(11008K)->8540K(11008K) Class: 1166K(1536K)->1166K(1536K)
[2025-08-01T02:34:44.642+0000] GC(189) Pause Young (Normal) (G1 Evacuation Pause) 2964M->2968M(4096M) 72.901ms
[2025-08-01T02:34:44.642+0000] GC(189) User=0.56s Sys=0.00s Real=0.07s
[2025-08-01T02:34:44.663+0000] GC(190) Pause Young (Normal) (G1 Evacuation Pause)
[2025-08-01T02:34:44.663+0000] GC(190) Using 8 workers of 8 for evacuation
[2025-08-01T02:34:44.696+0000] GC(190)   Pre Evacuate Collection Set: 0.1ms
[2025-08-01T02:34:44.696+0000] GC(190)   Evacuate Collection Set: 32.0ms
[2025-08-01T02:34:44.696+0000] GC(190)   Post Evacuate Collection Set: 0.8ms
[2025-08-01T02:34:44.696+0000] GC(190)   Other: 0.3ms
[2025-08-01T02:34:44.696+0000] GC(190) Eden regions: 116->0(92)
[2025-08-01T02:34:44.696+0000] GC(190) Survivor regions: 28->18(18)
[2025-08-01T02:34:44.696+0000] GC(190) Old regions: 1458->1547
[2025-08-01T02:34:44.696+0000] GC(190) Humongous regions: 0->0
[2025-08-01T02:34:44.696+0000] GC(190) Metaspace: 9706K(12544K)->9706K(12544K) NonClass: 8540K(11008K)->8540K(11008K) Class: 1166K(1536K)->1166K(1536K)
[2025-08-01T02:34:44.696+0000] GC(190) Pause Young (Normal) (G1 Evacuation Pause) 3200M->3126M(4096M) 33.408ms
[2025-08-01T02:34:44.696+0000] GC(190) User=0.25s Sys=0.00s Real=0.03s
[2025-08-01T02:34:44.713+0000] GC(187) Concurrent Mark From Roots 391.933ms
[2025-08-01T02:34:44.713+0000] GC(187) Concurrent Preclean
[2025-08-01T02:34:44.714+0000] GC(187) Concurrent Preclean 0.308ms
[2025-08-01T02:34:44.714+0000] GC(187) Concurrent Mark (23.317s, 23.709s) 392.339ms
[2025-08-01T02:34:44.714+0000] GC(187) Pause Remark
[2025-08-01T02:34:44.716+0000] GC(187) Cleaned string and symbol table, strings: 2833 processed, 0 removed, symbols: 23489 processed, 0 removed
[2025-08-01T02:34:44.717+0000] GC(187) Pause Remark 3208M->2100M(4096M) 3.266ms
[2025-08-01T02:34:44.717+0000] GC(187) User=0.01s Sys=0.01s Real=0.00s
[2025-08-01T02:34:44.718+0000] GC(187) Concurrent Rebuild Remembered Sets
[2025-08-01T02:34:44.736+0000] GC(191) Pause Young (Normal) (G1 Evacuation Pause)
[2025-08-01T02:34:44.736+0000] GC(191) Using 8 workers of 8 for evacuation
[2025-08-01T02:34:44.776+0000] GC(191)   Pre Evacuate Collection Set: 0.2ms
[2025-08-01T02:34:44.776+0000] GC(191)   Evacuate Collection Set: 39.5ms
[2025-08-01T02:34:44.776+0000] GC(191)   Post Evacuate Collection Set: 0.8ms
[2025-08-01T02:34:44.776+0000] GC(191)   Other: 0.3ms
[2025-08-01T02:34:44.776+0000] GC(191) Eden regions: 92->0(244)
[2025-08-01T02:34:44.776+0000] GC(191) Survivor regions: 18->14(14)
[2025-08-01T02:34:44.776+0000] GC(191) Old regions: 993->1091
[2025-08-01T02:34:44.776+0000] GC(191) Humongous regions: 0->0
[2025-08-01T02:34:44.776+0000] GC(191) Metaspace: 9706K(12544K)->9706K(12544K) NonClass: 8540K(11008K)->8540K(11008K) Class: 1166K(1536K)->1166K(1536K)
[2025-08-01T02:34:44.776+0000] GC(191) Pause Young (Normal) (G1 Evacuation Pause) 2202M->2206M(4096M) 40.783ms
[2025-08-01T02:34:44.777+0000] GC(191) User=0.31s Sys=0.00s Real=0.04s
[2025-08-01T02:34:44.864+0000] GC(192) Pause Young (Normal) (G1 Evacuation Pause)
[2025-08-01T02:34:44.864+0000] GC(192) Using 8 workers of 8 for evacuation
[2025-08-01T02:34:44.929+0000] GC(192)   Pre Evacuate Collection Set: 0.1ms
[2025-08-01T02:34:44.929+0000] GC(192)   Evacuate Collection Set: 63.9ms
[2025-08-01T02:34:44.929+0000] GC(192)   Post Evacuate Collection Set: 0.8ms
[2025-08-01T02:34:44.930+0000] GC(192)   Other: 0.3ms
[2025-08-01T02:34:44.930+0000] GC(192) Eden regions: 244->0(176)
[2025-08-01T02:34:44.930+0000] GC(192) Survivor regions: 14->33(33)
[2025-08-01T02:34:44.930+0000] GC(192) Old regions: 1091->1272
[2025-08-01T02:34:44.930+0000] GC(192) Humongous regions: 0->0
[2025-08-01T02:34:44.930+0000] GC(192) Metaspace: 9706K(12544K)->9706K(12544K) NonClass: 8540K(11008K)->8540K(11008K) Class: 1166K(1536K)->1166K(1536K)
[2025-08-01T02:34:44.930+0000] GC(192) Pause Young (Normal) (G1 Evacuation Pause) 2694M->2606M(4096M) 65.226ms
[2025-08-01T02:34:44.930+0000] GC(192) User=0.50s Sys=0.00s Real=0.06s
[2025-08-01T02:34:45.008+0000] GC(193) Pause Young (Normal) (G1 Evacuation Pause)
[2025-08-01T02:34:45.008+0000] GC(193) Using 8 workers of 8 for evacuation
[2025-08-01T02:34:45.086+0000] GC(193)   Pre Evacuate Collection Set: 0.1ms
[2025-08-01T02:34:45.086+0000] GC(193)   Evacuate Collection Set: 77.1ms
[2025-08-01T02:34:45.086+0000] GC(193)   Post Evacuate Collection Set: 0.6ms
[2025-08-01T02:34:45.086+0000] GC(193)   Other: 0.3ms
[2025-08-01T02:34:45.086+0000] GC(193) Eden regions: 176->0(126)
[2025-08-01T02:34:45.087+0000] GC(193) Survivor regions: 33->27(27)
[2025-08-01T02:34:45.087+0000] GC(193) Old regions: 1272->1422
[2025-08-01T02:34:45.087+0000] GC(193) Humongous regions: 0->0
[2025-08-01T02:34:45.087+0000] GC(193) Metaspace: 9706K(12544K)->9706K(12544K) NonClass: 8540K(11008K)->8540K(11008K) Class: 1166K(1536K)->1166K(1536K)
[2025-08-01T02:34:45.087+0000] GC(193) Pause Young (Normal) (G1 Evacuation Pause) 2958M->2895M(4096M) 78.283ms
[2025-08-01T02:34:45.087+0000] GC(193) User=0.58s Sys=0.01s Real=0.08s
[2025-08-01T02:34:45.115+0000] GC(194) Pause Young (Normal) (G1 Evacuation Pause)
[2025-08-01T02:34:45.115+0000] GC(194) Using 8 workers of 8 for evacuation
[2025-08-01T02:34:45.156+0000] GC(194)   Pre Evacuate Collection Set: 0.1ms
[2025-08-01T02:34:45.156+0000] GC(194)   Evacuate Collection Set: 39.5ms
[2025-08-01T02:34:45.156+0000] GC(194)   Post Evacuate Collection Set: 0.7ms
[2025-08-01T02:34:45.156+0000] GC(194)   Other: 0.3ms
[2025-08-01T02:34:45.156+0000] GC(194) Eden regions: 126->0(97)
[2025-08-01T02:34:45.156+0000] GC(194) Survivor regions: 27->20(20)
[2025-08-01T02:34:45.156+0000] GC(194) Old regions: 1422->1522
[2025-08-01T02:34:45.156+0000] GC(194) Humongous regions: 0->0
[2025-08-01T02:34:45.156+0000] GC(194) Metaspace: 9706K(12544K)->9706K(12544K) NonClass: 8540K(11008K)->8540K(11008K) Class: 1166K(1536K)->1166K(1536K)
[2025-08-01T02:34:45.156+0000] GC(194) Pause Young (Normal) (G1 Evacuation Pause) 3147M->3081M(4096M) 40.855ms
[2025-08-01T02:34:45.156+0000] GC(194) User=0.28s Sys=0.01s Real=0.04s
[2025-08-01T02:34:45.179+0000] GC(195) Pause Young (Normal) (G1 Evacuation Pause)
[2025-08-01T02:34:45.179+0000] GC(195) Using 8 workers of 8 for evacuation
[2025-08-01T02:34:45.215+0000] GC(195)   Pre Evacuate Collection Set: 0.1ms
[2025-08-01T02:34:45.215+0000] GC(195)   Evacuate Collection Set: 34.7ms
[2025-08-01T02:34:45.215+0000] GC(195)   Post Evacuate Collection Set: 0.9ms
[2025-08-01T02:34:45.215+0000] GC(195)   Other: 0.3ms
[2025-08-01T02:34:45.215+0000] GC(195) Eden regions: 97->0(87)
[2025-08-01T02:34:45.215+0000] GC(195) Survivor regions: 20->15(15)
[2025-08-01T02:34:45.215+0000] GC(195) Old regions: 1522->1626
[2025-08-01T02:34:45.215+0000] GC(195) Humongous regions: 0->0
[2025-08-01T02:34:45.215+0000] GC(195) Metaspace: 9706K(12544K)->9706K(12544K) NonClass: 8540K(11008K)->8540K(11008K) Class: 1166K(1536K)->1166K(1536K)
[2025-08-01T02:34:45.215+0000] GC(195) Pause Young (Normal) (G1 Evacuation Pause) 3275M->3279M(4096M) 36.176ms
[2025-08-01T02:34:45.215+0000] GC(195) User=0.28s Sys=0.00s Real=0.04s
[2025-08-01T02:34:45.276+0000] GC(196) Pause Young (Normal) (G1 Evacuation Pause)
[2025-08-01T02:34:45.276+0000] GC(196) Using 8 workers of 8 for evacuation
[2025-08-01T02:34:45.307+0000] GC(196)   Pre Evacuate Collection Set: 0.1ms
[2025-08-01T02:34:45.307+0000] GC(196)   Evacuate Collection Set: 29.2ms
[2025-08-01T02:34:45.307+0000] GC(196)   Post Evacuate Collection Set: 2.0ms
[2025-08-01T02:34:45.307+0000] GC(196)   Other: 0.3ms
[2025-08-01T02:34:45.307+0000] GC(196) Eden regions: 87->0(89)
[2025-08-01T02:34:45.307+0000] GC(196) Survivor regions: 15->13(13)
[2025-08-01T02:34:45.307+0000] GC(196) Old regions: 1626->1672
[2025-08-01T02:34:45.307+0000] GC(196) Humongous regions: 0->0
[2025-08-01T02:34:45.307+0000] GC(196) Metaspace: 9706K(12544K)->9706K(12544K) NonClass: 8540K(11008K)->8540K(11008K) Class: 1166K(1536K)->1166K(1536K)
[2025-08-01T02:34:45.307+0000] GC(196) Pause Young (Normal) (G1 Evacuation Pause) 3453M->3366M(4096M) 31.875ms
[2025-08-01T02:34:45.308+0000] GC(196) User=0.23s Sys=0.00s Real=0.03s
[2025-08-01T02:34:45.323+0000] GC(197) Pause Young (Normal) (G1 Evacuation Pause)
[2025-08-01T02:34:45.323+0000] GC(197) Using 8 workers of 8 for evacuation
[2025-08-01T02:34:45.352+0000] GC(197)   Pre Evacuate Collection Set: 0.1ms
[2025-08-01T02:34:45.352+0000] GC(197)   Evacuate Collection Set: 27.8ms
[2025-08-01T02:34:45.352+0000] GC(197)   Post Evacuate Collection Set: 0.7ms
[2025-08-01T02:34:45.352+0000] GC(197)   Other: 0.3ms
[2025-08-01T02:34:45.352+0000] GC(197) Eden regions: 89->0(89)
[2025-08-01T02:34:45.352+0000] GC(197) Survivor regions: 13->13(13)
[2025-08-01T02:34:45.352+0000] GC(197) Old regions: 1672->1763
[2025-08-01T02:34:45.352+0000] GC(197) Humongous regions: 0->0
[2025-08-01T02:34:45.352+0000] GC(197) Metaspace: 9706K(12544K)->9706K(12544K) NonClass: 8540K(11008K)->8540K(11008K) Class: 1166K(1536K)->1166K(1536K)
[2025-08-01T02:34:45.352+0000] GC(197) Pause Young (Normal) (G1 Evacuation Pause) 3544M->3548M(4096M) 29.067ms
[2025-08-01T02:34:45.352+0000] GC(197) User=0.22s Sys=0.00s Real=0.02s
[2025-08-01T02:34:45.361+0000] GC(187) Concurrent Rebuild Remembered Sets 643.011ms
[2025-08-01T02:34:45.362+0000] GC(187) Pause Cleanup
[2025-08-01T02:34:45.362+0000] GC(187) Pause Cleanup 3650M->3650M(4096M) 0.820ms
[2025-08-01T02:34:45.363+0000] GC(187) User=0.00s Sys=0.00s Real=0.00s
[2025-08-01T02:34:45.363+0000] GC(187) Concurrent Cleanup for Next Mark
[2025-08-01T02:34:45.372+0000] GC(198) Pause Young (Prepare Mixed) (G1 Evacuation Pause)
[2025-08-01T02:34:45.372+0000] GC(198) Using 8 workers of 8 for evacuation
[2025-08-01T02:34:45.404+0000] GC(198)   Pre Evacuate Collection Set: 0.1ms
[2025-08-01T02:34:45.404+0000] GC(198)   Evacuate Collection Set: 31.2ms
[2025-08-01T02:34:45.404+0000] GC(198)   Post Evacuate Collection Set: 0.5ms
[2025-08-01T02:34:45.404+0000] GC(198)   Other: 0.3ms
[2025-08-01T02:34:45.404+0000] GC(198) Eden regions: 89->0(89)
[2025-08-01T02:34:45.404+0000] GC(198) Survivor regions: 13->13(13)
[2025-08-01T02:34:45.404+0000] GC(198) Old regions: 1763->1853
[2025-08-01T02:34:45.404+0000] GC(198) Humongous regions: 0->0
[2025-08-01T02:34:45.404+0000] GC(198) Metaspace: 9706K(12544K)->9706K(12544K) NonClass: 8540K(11008K)->8540K(11008K) Class: 1166K(1536K)->1166K(1536K)
[2025-08-01T02:34:45.404+0000] GC(198) Pause Young (Prepare Mixed) (G1 Evacuation Pause) 3726M->3729M(4096M) 32.394ms
[2025-08-01T02:34:45.404+0000] GC(198) User=0.25s Sys=0.00s Real=0.04s
[2025-08-01T02:34:45.407+0000] GC(187) Concurrent Cleanup for Next Mark 44.521ms
[2025-08-01T02:34:45.407+0000] GC(187) Concurrent Cycle 1097.513ms
[2025-08-01T02:34:45.445+0000] GC(199) Pause Young (Mixed) (G1 Evacuation Pause)
[2025-08-01T02:34:45.445+0000] GC(199) Using 8 workers of 8 for evacuation
[2025-08-01T02:34:45.506+0000] GC(199) To-space exhausted
[2025-08-01T02:34:45.506+0000] GC(199)   Pre Evacuate Collection Set: 0.1ms
[2025-08-01T02:34:45.506+0000] GC(199)   Evacuate Collection Set: 57.2ms
[2025-08-01T02:34:45.506+0000] GC(199)   Post Evacuate Collection Set: 3.2ms
[2025-08-01T02:34:45.506+0000] GC(199)   Other: 0.6ms
[2025-08-01T02:34:45.506+0000] GC(199) Eden regions: 89->0(89)
[2025-08-01T02:34:45.506+0000] GC(199) Survivor regions: 13->13(13)
[2025-08-01T02:34:45.506+0000] GC(199) Old regions: 1853->1948
[2025-08-01T02:34:45.506+0000] GC(199) Humongous regions: 0->0
[2025-08-01T02:34:45.506+0000] GC(199) Metaspace: 9706K(12544K)->9706K(12544K) NonClass: 8540K(11008K)->8540K(11008K) Class: 1166K(1536K)->1166K(1536K)
[2025-08-01T02:34:45.506+0000] GC(199) Pause Young (Mixed) (G1 Evacuation Pause) 3907M->3919M(4096M) 61.191ms
[2025-08-01T02:34:45.506+0000] GC(199) User=0.43s Sys=0.02s Real=0.06s
[2025-08-01T02:34:45.529+0000] GC(200) Pause Young (Concurrent Start) (G1 Evacuation Pause)
[2025-08-01T02:34:45.529+0000] GC(200) Using 8 workers of 8 for evacuation
[2025-08-01T02:34:45.577+0000] GC(200) To-space exhausted
[2025-08-01T02:34:45.577+0000] GC(200)   Pre Evacuate Collection Set: 0.1ms
[2025-08-01T02:34:45.577+0000] GC(200)   Evacuate Collection Set: 29.2ms
[2025-08-01T02:34:45.577+0000] GC(200)   Post Evacuate Collection Set: 18.0ms
[2025-08-01T02:34:45.577+0000] GC(200)   Other: 0.4ms
[2025-08-01T02:34:45.577+0000] GC(200) Eden regions: 87->0(102)
[2025-08-01T02:34:45.577+0000] GC(200) Survivor regions: 13->0(13)
[2025-08-01T02:34:45.577+0000] GC(200) Old regions: 1948->2048
[2025-08-01T02:34:45.577+0000] GC(200) Humongous regions: 0->0
[2025-08-01T02:34:45.577+0000] GC(200) Metaspace: 9706K(12544K)->9706K(12544K) NonClass: 8540K(11008K)->8540K(11008K) Class: 1166K(1536K)->1166K(1536K)
[2025-08-01T02:34:45.577+0000] GC(200) Pause Young (Concurrent Start) (G1 Evacuation Pause) 4093M->4093M(4096M) 47.765ms
[2025-08-01T02:34:45.577+0000] GC(200) User=0.34s Sys=0.02s Real=0.05s
[2025-08-01T02:34:45.577+0000] GC(201) Using 8 workers of 8 for full compaction
[2025-08-01T02:34:45.577+0000] GC(201) Pause Full (G1 Evacuation Pause)
[2025-08-01T02:34:45.579+0000] GC(202) Concurrent Cycle
[2025-08-01T02:34:45.580+0000] GC(202) Concurrent Clear Claimed Marks
[2025-08-01T02:34:45.580+0000] GC(202) Concurrent Clear Claimed Marks 0.115ms
[2025-08-01T02:34:45.580+0000] GC(202) Concurrent Scan Root Regions
[2025-08-01T02:34:45.580+0000] GC(202) Concurrent Scan Root Regions 0.007ms
[2025-08-01T02:34:45.580+0000] GC(202) Concurrent Mark (24.575s)
[2025-08-01T02:34:45.580+0000] GC(202) Concurrent Mark From Roots
[2025-08-01T02:34:45.580+0000] GC(202) Using 2 workers of 2 for marking
[2025-08-01T02:34:45.583+0000] GC(201) Phase 1: Mark live objects
[2025-08-01T02:34:45.631+0000] GC(201) Cleaned string and symbol table, strings: 2833 processed, 0 removed, symbols: 23489 processed, 0 removed
[2025-08-01T02:34:45.631+0000] GC(201) Phase 1: Mark live objects 48.640ms
[2025-08-01T02:34:45.631+0000] GC(201) Phase 2: Prepare for compaction
[2025-08-01T02:34:45.688+0000] GC(201) Phase 2: Prepare for compaction 56.304ms
[2025-08-01T02:34:45.688+0000] GC(201) Phase 3: Adjust pointers
[2025-08-01T02:34:45.736+0000] GC(201) Phase 3: Adjust pointers 47.825ms
[2025-08-01T02:34:45.736+0000] GC(201) Phase 4: Compact heap
[2025-08-01T02:34:45.910+0000] GC(201) Phase 4: Compact heap 173.889ms
[2025-08-01T02:34:45.911+0000] GC(201) Eden regions: 0->0(461)
[2025-08-01T02:34:45.912+0000] GC(201) Survivor regions: 0->0(13)
[2025-08-01T02:34:45.912+0000] GC(201) Old regions: 2048->635
[2025-08-01T02:34:45.912+0000] GC(201) Humongous regions: 0->0
[2025-08-01T02:34:45.912+0000] GC(201) Metaspace: 9706K(12544K)->9706K(12544K) NonClass: 8540K(11008K)->8540K(11008K) Class: 1166K(1536K)->1166K(1536K)
[2025-08-01T02:34:45.912+0000] GC(201) Pause Full (G1 Evacuation Pause) 4093M->1259M(4096M) 334.743ms
[2025-08-01T02:34:45.912+0000] GC(201) User=2.55s Sys=0.00s Real=0.33s
[2025-08-01T02:34:45.912+0000] GC(202) Concurrent Mark From Roots 332.337ms
[2025-08-01T02:34:45.912+0000] GC(202) Concurrent Mark Abort
[2025-08-01T02:34:45.912+0000] GC(202) Concurrent Cycle 332.657ms
[2025-08-01T02:34:46.124+0000] GC(203) Pause Young (Normal) (G1 Evacuation Pause)
[2025-08-01T02:34:46.124+0000] GC(203) Using 8 workers of 8 for evacuation
[2025-08-01T02:34:46.339+0000] GC(203) MMU target violated: 201.0ms (200.0ms/201.0ms)
[2025-08-01T02:34:46.339+0000] GC(203)   Pre Evacuate Collection Set: 0.1ms
[2025-08-01T02:34:46.339+0000] GC(203)   Evacuate Collection Set: 213.9ms
[2025-08-01T02:34:46.339+0000] GC(203)   Post Evacuate Collection Set: 1.1ms
[2025-08-01T02:34:46.339+0000] GC(203)   Other: 0.4ms
[2025-08-01T02:34:46.339+0000] GC(203) Eden regions: 461->0(312)
[2025-08-01T02:34:46.339+0000] GC(203) Survivor regions: 0->58(58)
[2025-08-01T02:34:46.339+0000] GC(203) Old regions: 635->901
[2025-08-01T02:34:46.339+0000] GC(203) Humongous regions: 0->0
[2025-08-01T02:34:46.339+0000] GC(203) Metaspace: 9706K(12544K)->9706K(12544K) NonClass: 8540K(11008K)->8540K(11008K) Class: 1166K(1536K)->1166K(1536K)
[2025-08-01T02:34:46.340+0000] GC(203) Pause Young (Normal) (G1 Evacuation Pause) 2181M->1907M(4096M) 215.651ms
[2025-08-01T02:34:46.340+0000] GC(203) User=1.60s Sys=0.09s Real=0.21s
[2025-08-01T02:34:46.447+0000] GC(204) Pause Young (Concurrent Start) (G1 Evacuation Pause)
[2025-08-01T02:34:46.447+0000] GC(204) Using 8 workers of 8 for evacuation
[2025-08-01T02:34:46.566+0000] GC(204)   Pre Evacuate Collection Set: 0.1ms
[2025-08-01T02:34:46.566+0000] GC(204)   Evacuate Collection Set: 117.8ms
[2025-08-01T02:34:46.566+0000] GC(204)   Post Evacuate Collection Set: 1.0ms
[2025-08-01T02:34:46.566+0000] GC(204)   Other: 0.6ms
[2025-08-01T02:34:46.566+0000] GC(204) Eden regions: 312->0(209)
[2025-08-01T02:34:46.566+0000] GC(204) Survivor regions: 58->47(47)
[2025-08-01T02:34:46.566+0000] GC(204) Old regions: 901->1166
[2025-08-01T02:34:46.566+0000] GC(204) Humongous regions: 0->0
[2025-08-01T02:34:46.566+0000] GC(204) Metaspace: 9706K(12544K)->9706K(12544K) NonClass: 8540K(11008K)->8540K(11008K) Class: 1166K(1536K)->1166K(1536K)
[2025-08-01T02:34:46.566+0000] GC(204) Pause Young (Concurrent Start) (G1 Evacuation Pause) 2531M->2414M(4096M) 119.660ms
[2025-08-01T02:34:46.566+0000] GC(204) User=0.90s Sys=0.03s Real=0.12s
[2025-08-01T02:34:46.566+0000] GC(205) Concurrent Cycle
[2025-08-01T02:34:46.566+0000] GC(205) Concurrent Clear Claimed Marks
[2025-08-01T02:34:46.567+0000] GC(205) Concurrent Clear Claimed Marks 0.057ms
[2025-08-01T02:34:46.567+0000] GC(205) Concurrent Scan Root Regions
[2025-08-01T02:34:46.577+0000] GC(205) Concurrent Scan Root Regions 10.272ms
[2025-08-01T02:34:46.577+0000] GC(205) Concurrent Mark (25.572s)
[2025-08-01T02:34:46.577+0000] GC(205) Concurrent Mark From Roots
[2025-08-01T02:34:46.577+0000] GC(205) Using 2 workers of 2 for marking
[2025-08-01T02:34:46.661+0000] GC(206) Pause Young (Normal) (G1 Evacuation Pause)
[2025-08-01T02:34:46.661+0000] GC(206) Using 8 workers of 8 for evacuation
[2025-08-01T02:34:46.753+0000] GC(206)   Pre Evacuate Collection Set: 0.1ms
[2025-08-01T02:34:46.753+0000] GC(206)   Evacuate Collection Set: 90.4ms
[2025-08-01T02:34:46.753+0000] GC(206)   Post Evacuate Collection Set: 0.9ms
[2025-08-01T02:34:46.753+0000] GC(206)   Other: 0.3ms
[2025-08-01T02:34:46.753+0000] GC(206) Eden regions: 209->0(131)
[2025-08-01T02:34:46.753+0000] GC(206) Survivor regions: 47->32(32)
[2025-08-01T02:34:46.753+0000] GC(206) Old regions: 1166->1392
[2025-08-01T02:34:46.753+0000] GC(206) Humongous regions: 0->0
[2025-08-01T02:34:46.753+0000] GC(206) Metaspace: 9706K(12544K)->9706K(12544K) NonClass: 8540K(11008K)->8540K(11008K) Class: 1166K(1536K)->1166K(1536K)
[2025-08-01T02:34:46.753+0000] GC(206) Pause Young (Normal) (G1 Evacuation Pause) 2832M->2836M(4096M) 91.894ms
[2025-08-01T02:34:46.753+0000] GC(206) User=0.70s Sys=0.02s Real=0.10s
[2025-08-01T02:34:46.829+0000] GC(207) Pause Young (Normal) (G1 Evacuation Pause)
[2025-08-01T02:34:46.829+0000] GC(207) Using 8 workers of 8 for evacuation
[2025-08-01T02:34:46.882+0000] GC(207)   Pre Evacuate Collection Set: 0.1ms
[2025-08-01T02:34:46.882+0000] GC(207)   Evacuate Collection Set: 52.1ms
[2025-08-01T02:34:46.882+0000] GC(207)   Post Evacuate Collection Set: 0.7ms
[2025-08-01T02:34:46.882+0000] GC(207)   Other: 0.5ms
[2025-08-01T02:34:46.882+0000] GC(207) Eden regions: 131->0(96)
[2025-08-01T02:34:46.882+0000] GC(207) Survivor regions: 32->21(21)
[2025-08-01T02:34:46.882+0000] GC(207) Old regions: 1392->1514
[2025-08-01T02:34:46.882+0000] GC(207) Humongous regions: 0->0
[2025-08-01T02:34:46.882+0000] GC(207) Metaspace: 9706K(12544K)->9706K(12544K) NonClass: 8540K(11008K)->8540K(11008K) Class: 1166K(1536K)->1166K(1536K)
[2025-08-01T02:34:46.882+0000] GC(207) Pause Young (Normal) (G1 Evacuation Pause) 3098M->3058M(4096M) 53.604ms
[2025-08-01T02:34:46.882+0000] GC(207) User=0.42s Sys=0.00s Real=0.05s
[2025-08-01T02:34:46.910+0000] GC(205) Concurrent Mark From Roots 333.450ms
[2025-08-01T02:34:46.910+0000] GC(205) Concurrent Preclean
[2025-08-01T02:34:46.911+0000] GC(205) Concurrent Preclean 0.178ms
[2025-08-01T02:34:46.911+0000] GC(205) Concurrent Mark (25.572s, 25.906s) 333.694ms
[2025-08-01T02:34:46.911+0000] GC(205) Pause Remark
[2025-08-01T02:34:46.912+0000] GC(205) Cleaned string and symbol table, strings: 2833 processed, 0 removed, symbols: 23489 processed, 0 removed
[2025-08-01T02:34:46.913+0000] GC(205) Pause Remark 3199M->1979M(4096M) 2.393ms
[2025-08-01T02:34:46.914+0000] GC(205) User=0.01s Sys=0.00s Real=0.01s
[2025-08-01T02:34:46.914+0000] GC(205) Concurrent Rebuild Remembered Sets
[2025-08-01T02:34:46.948+0000] GC(208) Pause Young (Normal) (G1 Evacuation Pause)
[2025-08-01T02:34:46.948+0000] GC(208) Using 8 workers of 8 for evacuation
[2025-08-01T02:34:47.033+0000] GC(208)   Pre Evacuate Collection Set: 0.1ms
[2025-08-01T02:34:47.033+0000] GC(208)   Evacuate Collection Set: 83.4ms
[2025-08-01T02:34:47.033+0000] GC(208)   Post Evacuate Collection Set: 0.7ms
[2025-08-01T02:34:47.033+0000] GC(208)   Other: 0.3ms
[2025-08-01T02:34:47.033+0000] GC(208) Eden regions: 96->0(283)
[2025-08-01T02:34:47.033+0000] GC(208) Survivor regions: 21->15(15)
[2025-08-01T02:34:47.033+0000] GC(208) Old regions: 900->986
[2025-08-01T02:34:47.033+0000] GC(208) Humongous regions: 0->0
[2025-08-01T02:34:47.033+0000] GC(208) Metaspace: 9706K(12544K)->9706K(12544K) NonClass: 8540K(11008K)->8540K(11008K) Class: 1166K(1536K)->1166K(1536K)
[2025-08-01T02:34:47.033+0000] GC(208) Pause Young (Normal) (G1 Evacuation Pause) 2030M->1998M(4096M) 84.732ms
[2025-08-01T02:34:47.033+0000] GC(208) User=0.63s Sys=0.03s Real=0.08s
[2025-08-01T02:34:47.132+0000] GC(209) Pause Young (Normal) (G1 Evacuation Pause)
[2025-08-01T02:34:47.132+0000] GC(209) Using 8 workers of 8 for evacuation
[2025-08-01T02:34:47.216+0000] GC(209)   Pre Evacuate Collection Set: 0.1ms
[2025-08-01T02:34:47.216+0000] GC(209)   Evacuate Collection Set: 82.7ms
[2025-08-01T02:34:47.216+0000] GC(209)   Post Evacuate Collection Set: 0.8ms
[2025-08-01T02:34:47.216+0000] GC(209)   Other: 0.3ms
[2025-08-01T02:34:47.216+0000] GC(209) Eden regions: 283->0(176)
[2025-08-01T02:34:47.216+0000] GC(209) Survivor regions: 15->38(38)
[2025-08-01T02:34:47.216+0000] GC(209) Old regions: 986->1248
[2025-08-01T02:34:47.216+0000] GC(209) Humongous regions: 0->0
[2025-08-01T02:34:47.216+0000] GC(209) Metaspace: 9706K(12544K)->9706K(12544K) NonClass: 8540K(11008K)->8540K(11008K) Class: 1166K(1536K)->1166K(1536K)
[2025-08-01T02:34:47.216+0000] GC(209) Pause Young (Normal) (G1 Evacuation Pause) 2564M->2568M(4096M) 84.084ms
[2025-08-01T02:34:47.216+0000] GC(209) User=0.64s Sys=0.00s Real=0.09s
[2025-08-01T02:34:47.293+0000] GC(210) Pause Young (Normal) (G1 Evacuation Pause)
[2025-08-01T02:34:47.293+0000] GC(210) Using 8 workers of 8 for evacuation
[2025-08-01T02:34:47.395+0000] GC(210)   Pre Evacuate Collection Set: 0.1ms
[2025-08-01T02:34:47.395+0000] GC(210)   Evacuate Collection Set: 100.5ms
[2025-08-01T02:34:47.395+0000] GC(210)   Post Evacuate Collection Set: 0.9ms
[2025-08-01T02:34:47.395+0000] GC(210)   Other: 0.3ms
[2025-08-01T02:34:47.395+0000] GC(210) Eden regions: 176->0(128)
[2025-08-01T02:34:47.395+0000] GC(210) Survivor regions: 38->27(27)
[2025-08-01T02:34:47.395+0000] GC(210) Old regions: 1248->1407
[2025-08-01T02:34:47.395+0000] GC(210) Humongous regions: 0->0
[2025-08-01T02:34:47.395+0000] GC(210) Metaspace: 9706K(12544K)->9706K(12544K) NonClass: 8540K(11008K)->8540K(11008K) Class: 1166K(1536K)->1166K(1536K)
[2025-08-01T02:34:47.395+0000] GC(210) Pause Young (Normal) (G1 Evacuation Pause) 2920M->2865M(4096M) 101.945ms
[2025-08-01T02:34:47.395+0000] GC(210) User=0.76s Sys=0.04s Real=0.10s
[2025-08-01T02:34:47.452+0000] GC(205) Concurrent Rebuild Remembered Sets 538.410ms
[2025-08-01T02:34:47.453+0000] GC(205) Pause Cleanup
[2025-08-01T02:34:47.454+0000] GC(205) Pause Cleanup 3009M->3009M(4096M) 1.511ms
[2025-08-01T02:34:47.454+0000] GC(205) User=0.00s Sys=0.00s Real=0.01s
[2025-08-01T02:34:47.454+0000] GC(205) Concurrent Cleanup for Next Mark
[2025-08-01T02:34:47.468+0000] GC(211) Pause Young (Normal) (G1 Evacuation Pause)
[2025-08-01T02:34:47.468+0000] GC(211) Using 8 workers of 8 for evacuation
[2025-08-01T02:34:47.527+0000] GC(211)   Pre Evacuate Collection Set: 0.1ms
[2025-08-01T02:34:47.528+0000] GC(211)   Evacuate Collection Set: 58.4ms
[2025-08-01T02:34:47.528+0000] GC(211)   Post Evacuate Collection Set: 0.8ms
[2025-08-01T02:34:47.528+0000] GC(211)   Other: 0.3ms
[2025-08-01T02:34:47.528+0000] GC(211) Eden regions: 128->0(87)
[2025-08-01T02:34:47.528+0000] GC(211) Survivor regions: 27->20(20)
[2025-08-01T02:34:47.528+0000] GC(211) Old regions: 1407->1544
[2025-08-01T02:34:47.528+0000] GC(211) Humongous regions: 0->0
[2025-08-01T02:34:47.528+0000] GC(211) Metaspace: 9706K(12544K)->9706K(12544K) NonClass: 8540K(11008K)->8540K(11008K) Class: 1166K(1536K)->1166K(1536K)
[2025-08-01T02:34:47.528+0000] GC(211) Pause Young (Normal) (G1 Evacuation Pause) 3121M->3124M(4096M) 59.657ms
[2025-08-01T02:34:47.528+0000] GC(211) User=0.44s Sys=0.02s Real=0.06s
[2025-08-01T02:34:47.530+0000] GC(205) Concurrent Cleanup for Next Mark 75.251ms
[2025-08-01T02:34:47.530+0000] GC(205) Concurrent Cycle 963.174ms
[2025-08-01T02:34:47.544+0000] GC(212) Pause Young (Normal) (G1 Evacuation Pause)
[2025-08-01T02:34:47.544+0000] GC(212) Using 8 workers of 8 for evacuation
[2025-08-01T02:34:47.574+0000] GC(212)   Pre Evacuate Collection Set: 0.1ms
[2025-08-01T02:34:47.574+0000] GC(212)   Evacuate Collection Set: 28.6ms
[2025-08-01T02:34:47.574+0000] GC(212)   Post Evacuate Collection Set: 0.6ms
[2025-08-01T02:34:47.574+0000] GC(212)   Other: 0.3ms
[2025-08-01T02:34:47.574+0000] GC(212) Eden regions: 87->0(88)
[2025-08-01T02:34:47.574+0000] GC(212) Survivor regions: 20->14(14)
[2025-08-01T02:34:47.574+0000] GC(212) Old regions: 1544->1619
[2025-08-01T02:34:47.574+0000] GC(212) Humongous regions: 0->0
[2025-08-01T02:34:47.574+0000] GC(212) Metaspace: 9706K(12544K)->9706K(12544K) NonClass: 8540K(11008K)->8540K(11008K) Class: 1166K(1536K)->1166K(1536K)
[2025-08-01T02:34:47.574+0000] GC(212) Pause Young (Normal) (G1 Evacuation Pause) 3298M->3262M(4096M) 29.856ms
[2025-08-01T02:34:47.574+0000] GC(212) User=0.22s Sys=0.00s Real=0.03s
[2025-08-01T02:34:47.633+0000] GC(213) Pause Young (Concurrent Start) (G1 Evacuation Pause)
[2025-08-01T02:34:47.633+0000] GC(213) Using 8 workers of 8 for evacuation
[2025-08-01T02:34:47.711+0000] GC(213)   Pre Evacuate Collection Set: 0.1ms
[2025-08-01T02:34:47.711+0000] GC(213)   Evacuate Collection Set: 76.4ms
[2025-08-01T02:34:47.711+0000] GC(213)   Post Evacuate Collection Set: 1.0ms
[2025-08-01T02:34:47.711+0000] GC(213)   Other: 0.5ms
[2025-08-01T02:34:47.711+0000] GC(213) Eden regions: 88->0(89)
[2025-08-01T02:34:47.711+0000] GC(213) Survivor regions: 14->13(13)
[2025-08-01T02:34:47.711+0000] GC(213) Old regions: 1619->1697
[2025-08-01T02:34:47.711+0000] GC(213) Humongous regions: 0->0
[2025-08-01T02:34:47.711+0000] GC(213) Metaspace: 9706K(12544K)->9706K(12544K) NonClass: 8540K(11008K)->8540K(11008K) Class: 1166K(1536K)->1166K(1536K)
[2025-08-01T02:34:47.711+0000] GC(213) Pause Young (Concurrent Start) (G1 Evacuation Pause) 3438M->3416M(4096M) 78.323ms
[2025-08-01T02:34:47.711+0000] GC(213) User=0.57s Sys=0.02s Real=0.08s
[2025-08-01T02:34:47.711+0000] GC(214) Concurrent Cycle
[2025-08-01T02:34:47.712+0000] GC(214) Concurrent Clear Claimed Marks
[2025-08-01T02:34:47.712+0000] GC(214) Concurrent Clear Claimed Marks 0.162ms
[2025-08-01T02:34:47.712+0000] GC(214) Concurrent Scan Root Regions
[2025-08-01T02:34:47.716+0000] GC(214) Concurrent Scan Root Regions 4.498ms
[2025-08-01T02:34:47.716+0000] GC(214) Concurrent Mark (26.712s)
[2025-08-01T02:34:47.716+0000] GC(214) Concurrent Mark From Roots
[2025-08-01T02:34:47.716+0000] GC(214) Using 2 workers of 2 for marking
[2025-08-01T02:34:47.738+0000] GC(215) Pause Young (Normal) (G1 Evacuation Pause)
[2025-08-01T02:34:47.738+0000] GC(215) Using 8 workers of 8 for evacuation
[2025-08-01T02:34:47.798+0000] GC(215)   Pre Evacuate Collection Set: 0.1ms
[2025-08-01T02:34:47.798+0000] GC(215)   Evacuate Collection Set: 57.7ms
[2025-08-01T02:34:47.798+0000] GC(215)   Post Evacuate Collection Set: 1.2ms
[2025-08-01T02:34:47.798+0000] GC(215)   Other: 0.4ms
[2025-08-01T02:34:47.798+0000] GC(215) Eden regions: 89->0(89)
[2025-08-01T02:34:47.798+0000] GC(215) Survivor regions: 13->13(13)
[2025-08-01T02:34:47.798+0000] GC(215) Old regions: 1697->1788
[2025-08-01T02:34:47.798+0000] GC(215) Humongous regions: 0->0
[2025-08-01T02:34:47.798+0000] GC(215) Metaspace: 9706K(12544K)->9706K(12544K) NonClass: 8540K(11008K)->8540K(11008K) Class: 1166K(1536K)->1166K(1536K)
[2025-08-01T02:34:47.798+0000] GC(215) Pause Young (Normal) (G1 Evacuation Pause) 3594M->3598M(4096M) 59.683ms
[2025-08-01T02:34:47.798+0000] GC(215) User=0.45s Sys=0.01s Real=0.06s
[2025-08-01T02:34:47.870+0000] GC(216) Pause Young (Normal) (G1 Evacuation Pause)
[2025-08-01T02:34:47.870+0000] GC(216) Using 8 workers of 8 for evacuation
[2025-08-01T02:34:47.896+0000] GC(216)   Pre Evacuate Collection Set: 0.1ms
[2025-08-01T02:34:47.896+0000] GC(216)   Evacuate Collection Set: 25.6ms
[2025-08-01T02:34:47.896+0000] GC(216)   Post Evacuate Collection Set: 0.4ms
[2025-08-01T02:34:47.896+0000] GC(216)   Other: 0.3ms
[2025-08-01T02:34:47.896+0000] GC(216) Eden regions: 89->0(89)
[2025-08-01T02:34:47.896+0000] GC(216) Survivor regions: 13->13(13)
[2025-08-01T02:34:47.896+0000] GC(216) Old regions: 1788->1863
[2025-08-01T02:34:47.896+0000] GC(216) Humongous regions: 0->0
[2025-08-01T02:34:47.896+0000] GC(216) Metaspace: 9706K(12544K)->9706K(12544K) NonClass: 8540K(11008K)->8540K(11008K) Class: 1166K(1536K)->1166K(1536K)
[2025-08-01T02:34:47.896+0000] GC(216) Pause Young (Normal) (G1 Evacuation Pause) 3776M->3749M(4096M) 26.520ms
[2025-08-01T02:34:47.896+0000] GC(216) User=0.19s Sys=0.00s Real=0.03s
[2025-08-01T02:34:47.913+0000] GC(217) Pause Young (Normal) (G1 Evacuation Pause)
[2025-08-01T02:34:47.913+0000] GC(217) Using 8 workers of 8 for evacuation
[2025-08-01T02:34:47.945+0000] GC(217) To-space exhausted
[2025-08-01T02:34:47.945+0000] GC(217)   Pre Evacuate Collection Set: 0.1ms
[2025-08-01T02:34:47.945+0000] GC(217)   Evacuate Collection Set: 28.2ms
[2025-08-01T02:34:47.945+0000] GC(217)   Post Evacuate Collection Set: 3.4ms
[2025-08-01T02:34:47.945+0000] GC(217)   Other: 0.3ms
[2025-08-01T02:34:47.945+0000] GC(217) Eden regions: 89->0(89)
[2025-08-01T02:34:47.945+0000] GC(217) Survivor regions: 13->13(13)
[2025-08-01T02:34:47.945+0000] GC(217) Old regions: 1863->1958
[2025-08-01T02:34:47.945+0000] GC(217) Humongous regions: 0->0
[2025-08-01T02:34:47.945+0000] GC(217) Metaspace: 9706K(12544K)->9706K(12544K) NonClass: 8540K(11008K)->8540K(11008K) Class: 1166K(1536K)->1166K(1536K)
[2025-08-01T02:34:47.945+0000] GC(217) Pause Young (Normal) (G1 Evacuation Pause) 3927M->3939M(4096M) 32.196ms
[2025-08-01T02:34:47.945+0000] GC(217) User=0.24s Sys=0.00s Real=0.04s
[2025-08-01T02:34:47.994+0000] GC(214) Concurrent Mark From Roots 277.979ms
[2025-08-01T02:34:47.994+0000] GC(214) Concurrent Preclean
[2025-08-01T02:34:47.995+0000] GC(214) Concurrent Preclean 0.302ms
[2025-08-01T02:34:47.995+0000] GC(214) Concurrent Mark (26.712s, 26.990s) 278.377ms
[2025-08-01T02:34:47.995+0000] GC(214) Pause Remark
[2025-08-01T02:34:48.000+0000] GC(214) Cleaned string and symbol table, strings: 2833 processed, 0 removed, symbols: 23489 processed, 0 removed
[2025-08-01T02:34:48.003+0000] GC(214) Pause Remark 4091M->1991M(4096M) 7.604ms
[2025-08-01T02:34:48.003+0000] GC(214) User=0.03s Sys=0.00s Real=0.00s
[2025-08-01T02:34:48.003+0000] GC(214) Concurrent Rebuild Remembered Sets
[2025-08-01T02:34:48.010+0000] GC(218) Pause Young (Normal) (G1 Evacuation Pause)
[2025-08-01T02:34:48.010+0000] GC(218) Using 8 workers of 8 for evacuation
[2025-08-01T02:34:48.060+0000] GC(218)   Pre Evacuate Collection Set: 0.1ms
[2025-08-01T02:34:48.060+0000] GC(218)   Evacuate Collection Set: 48.0ms
[2025-08-01T02:34:48.060+0000] GC(218)   Post Evacuate Collection Set: 1.4ms
[2025-08-01T02:34:48.060+0000] GC(218)   Other: 0.3ms
[2025-08-01T02:34:48.060+0000] GC(218) Eden regions: 89->0(269)
[2025-08-01T02:34:48.060+0000] GC(218) Survivor regions: 13->13(13)
[2025-08-01T02:34:48.060+0000] GC(218) Old regions: 908->999
[2025-08-01T02:34:48.060+0000] GC(218) Humongous regions: 0->0
[2025-08-01T02:34:48.060+0000] GC(218) Metaspace: 9706K(12544K)->9706K(12544K) NonClass: 8540K(11008K)->8540K(11008K) Class: 1166K(1536K)->1166K(1536K)
[2025-08-01T02:34:48.060+0000] GC(218) Pause Young (Normal) (G1 Evacuation Pause) 2017M->2021M(4096M) 49.866ms
[2025-08-01T02:34:48.060+0000] GC(218) User=0.34s Sys=0.03s Real=0.05s
[2025-08-01T02:34:48.161+0000] GC(219) Pause Young (Normal) (G1 Evacuation Pause)
[2025-08-01T02:34:48.161+0000] GC(219) Using 8 workers of 8 for evacuation
[2025-08-01T02:34:48.238+0000] GC(219)   Pre Evacuate Collection Set: 0.1ms
[2025-08-01T02:34:48.238+0000] GC(219)   Evacuate Collection Set: 75.9ms
[2025-08-01T02:34:48.238+0000] GC(219)   Post Evacuate Collection Set: 0.8ms
[2025-08-01T02:34:48.238+0000] GC(219)   Other: 0.3ms
[2025-08-01T02:34:48.238+0000] GC(219) Eden regions: 269->0(195)
[2025-08-01T02:34:48.238+0000] GC(219) Survivor regions: 13->36(36)
[2025-08-01T02:34:48.238+0000] GC(219) Old regions: 999->1200
[2025-08-01T02:34:48.238+0000] GC(219) Humongous regions: 0->0
[2025-08-01T02:34:48.238+0000] GC(219) Metaspace: 9706K(12544K)->9706K(12544K) NonClass: 8540K(11008K)->8540K(11008K) Class: 1166K(1536K)->1166K(1536K)
[2025-08-01T02:34:48.238+0000] GC(219) Pause Young (Normal) (G1 Evacuation Pause) 2559M->2468M(4096M) 77.261ms
[2025-08-01T02:34:48.238+0000] GC(219) User=0.57s Sys=0.01s Real=0.08s
[2025-08-01T02:34:48.330+0000] GC(220) Pause Young (Normal) (G1 Evacuation Pause)
[2025-08-01T02:34:48.330+0000] GC(220) Using 8 workers of 8 for evacuation
[2025-08-01T02:34:48.510+0000] GC(220)   Pre Evacuate Collection Set: 0.1ms
[2025-08-01T02:34:48.510+0000] GC(220)   Evacuate Collection Set: 178.3ms
[2025-08-01T02:34:48.510+0000] GC(220)   Post Evacuate Collection Set: 1.1ms
[2025-08-01T02:34:48.510+0000] GC(220)   Other: 0.3ms
[2025-08-01T02:34:48.510+0000] GC(220) Eden regions: 195->0(141)
[2025-08-01T02:34:48.510+0000] GC(220) Survivor regions: 36->29(29)
[2025-08-01T02:34:48.510+0000] GC(220) Old regions: 1200->1370
[2025-08-01T02:34:48.510+0000] GC(220) Humongous regions: 0->0
[2025-08-01T02:34:48.510+0000] GC(220) Metaspace: 9706K(12544K)->9706K(12544K) NonClass: 8540K(11008K)->8540K(11008K) Class: 1166K(1536K)->1166K(1536K)
[2025-08-01T02:34:48.510+0000] GC(220) Pause Young (Normal) (G1 Evacuation Pause) 2858M->2794M(4096M) 180.017ms
[2025-08-01T02:34:48.510+0000] GC(220) User=1.31s Sys=0.10s Real=0.18s
[2025-08-01T02:34:48.545+0000] GC(214) Concurrent Rebuild Remembered Sets 541.393ms
[2025-08-01T02:34:48.545+0000] GC(214) Pause Cleanup
[2025-08-01T02:34:48.546+0000] GC(214) Pause Cleanup 2925M->2925M(4096M) 0.905ms
[2025-08-01T02:34:48.546+0000] GC(214) User=0.00s Sys=0.00s Real=0.00s
[2025-08-01T02:34:48.546+0000] GC(214) Concurrent Cleanup for Next Mark
[2025-08-01T02:34:48.554+0000] GC(214) Concurrent Cleanup for Next Mark 7.946ms
[2025-08-01T02:34:48.554+0000] GC(214) Concurrent Cycle 842.828ms
[2025-08-01T02:34:48.584+0000] GC(221) Pause Young (Prepare Mixed) (G1 Evacuation Pause)
[2025-08-01T02:34:48.584+0000] GC(221) Using 8 workers of 8 for evacuation
[2025-08-01T02:34:48.635+0000] GC(221)   Pre Evacuate Collection Set: 0.1ms
[2025-08-01T02:34:48.636+0000] GC(221)   Evacuate Collection Set: 50.1ms
[2025-08-01T02:34:48.636+0000] GC(221)   Post Evacuate Collection Set: 0.8ms
[2025-08-01T02:34:48.636+0000] GC(221)   Other: 0.3ms
[2025-08-01T02:34:48.636+0000] GC(221) Eden regions: 141->0(80)
[2025-08-01T02:34:48.636+0000] GC(221) Survivor regions: 29->22(22)
[2025-08-01T02:34:48.636+0000] GC(221) Old regions: 1370->1486
[2025-08-01T02:34:48.636+0000] GC(221) Humongous regions: 0->0
[2025-08-01T02:34:48.636+0000] GC(221) Metaspace: 9706K(12544K)->9706K(12544K) NonClass: 8540K(11008K)->8540K(11008K) Class: 1166K(1536K)->1166K(1536K)
[2025-08-01T02:34:48.636+0000] GC(221) Pause Young (Prepare Mixed) (G1 Evacuation Pause) 3076M->3013M(4096M) 51.433ms
[2025-08-01T02:34:48.636+0000] GC(221) User=0.39s Sys=0.01s Real=0.05s
[2025-08-01T02:34:48.650+0000] GC(222) Pause Young (Mixed) (G1 Evacuation Pause)
[2025-08-01T02:34:48.650+0000] GC(222) Using 8 workers of 8 for evacuation
[2025-08-01T02:34:48.677+0000] GC(222)   Pre Evacuate Collection Set: 0.2ms
[2025-08-01T02:34:48.677+0000] GC(222)   Evacuate Collection Set: 25.6ms
[2025-08-01T02:34:48.677+0000] GC(222)   Post Evacuate Collection Set: 1.2ms
[2025-08-01T02:34:48.677+0000] GC(222)   Other: 0.3ms
[2025-08-01T02:34:48.677+0000] GC(222) Eden regions: 80->0(89)
[2025-08-01T02:34:48.677+0000] GC(222) Survivor regions: 22->13(13)
[2025-08-01T02:34:48.677+0000] GC(222) Old regions: 1486->1349
[2025-08-01T02:34:48.677+0000] GC(222) Humongous regions: 0->0
[2025-08-01T02:34:48.677+0000] GC(222) Metaspace: 9706K(12544K)->9706K(12544K) NonClass: 8540K(11008K)->8540K(11008K) Class: 1166K(1536K)->1166K(1536K)
[2025-08-01T02:34:48.677+0000] GC(222) Pause Young (Mixed) (G1 Evacuation Pause) 3173M->2720M(4096M) 27.364ms
[2025-08-01T02:34:48.678+0000] GC(222) User=0.20s Sys=0.01s Real=0.03s
[2025-08-01T02:34:48.736+0000] GC(223) Pause Young (Mixed) (G1 Evacuation Pause)
[2025-08-01T02:34:48.736+0000] GC(223) Using 8 workers of 8 for evacuation
[2025-08-01T02:34:48.807+0000] GC(223)   Pre Evacuate Collection Set: 0.3ms
[2025-08-01T02:34:48.807+0000] GC(223)   Evacuate Collection Set: 69.7ms
[2025-08-01T02:34:48.807+0000] GC(223)   Post Evacuate Collection Set: 0.9ms
[2025-08-01T02:34:48.807+0000] GC(223)   Other: 0.7ms
[2025-08-01T02:34:48.807+0000] GC(223) Eden regions: 89->0(150)
[2025-08-01T02:34:48.807+0000] GC(223) Survivor regions: 13->13(13)
[2025-08-01T02:34:48.807+0000] GC(223) Old regions: 1349->1370
[2025-08-01T02:34:48.807+0000] GC(223) Humongous regions: 0->0
[2025-08-01T02:34:48.807+0000] GC(223) Metaspace: 9706K(12544K)->9706K(12544K) NonClass: 8540K(11008K)->8540K(11008K) Class: 1166K(1536K)->1166K(1536K)
[2025-08-01T02:34:48.807+0000] GC(223) Pause Young (Mixed) (G1 Evacuation Pause) 2898M->2762M(4096M) 71.818ms
[2025-08-01T02:34:48.807+0000] GC(223) User=0.50s Sys=0.03s Real=0.07s
[2025-08-01T02:34:48.837+0000] GC(224) Pause Young (Concurrent Start) (G1 Evacuation Pause)
[2025-08-01T02:34:48.837+0000] GC(224) Using 8 workers of 8 for evacuation
[2025-08-01T02:34:48.897+0000] GC(224)   Pre Evacuate Collection Set: 0.1ms
[2025-08-01T02:34:48.897+0000] GC(224)   Evacuate Collection Set: 59.5ms
[2025-08-01T02:34:48.897+0000] GC(224)   Post Evacuate Collection Set: 0.7ms
[2025-08-01T02:34:48.897+0000] GC(224)   Other: 0.3ms
[2025-08-01T02:34:48.897+0000] GC(224) Eden regions: 150->0(97)
[2025-08-01T02:34:48.897+0000] GC(224) Survivor regions: 13->21(21)
[2025-08-01T02:34:48.897+0000] GC(224) Old regions: 1370->1513
[2025-08-01T02:34:48.897+0000] GC(224) Humongous regions: 0->0
[2025-08-01T02:34:48.897+0000] GC(224) Metaspace: 9706K(12544K)->9706K(12544K) NonClass: 8540K(11008K)->8540K(11008K) Class: 1166K(1536K)->1166K(1536K)
[2025-08-01T02:34:48.897+0000] GC(224) Pause Young (Concurrent Start) (G1 Evacuation Pause) 3062M->3064M(4096M) 60.772ms
[2025-08-01T02:34:48.897+0000] GC(224) User=0.46s Sys=0.02s Real=0.06s
[2025-08-01T02:34:48.898+0000] GC(225) Concurrent Cycle
[2025-08-01T02:34:48.898+0000] GC(225) Concurrent Clear Claimed Marks
[2025-08-01T02:34:48.898+0000] GC(225) Concurrent Clear Claimed Marks 0.078ms
[2025-08-01T02:34:48.898+0000] GC(225) Concurrent Scan Root Regions
[2025-08-01T02:34:48.903+0000] GC(225) Concurrent Scan Root Regions 4.914ms
[2025-08-01T02:34:48.903+0000] GC(225) Concurrent Mark (27.898s)
[2025-08-01T02:34:48.903+0000] GC(225) Concurrent Mark From Roots
[2025-08-01T02:34:48.903+0000] GC(225) Using 2 workers of 2 for marking
[2025-08-01T02:34:48.959+0000] GC(226) Pause Young (Normal) (G1 Evacuation Pause)
[2025-08-01T02:34:48.959+0000] GC(226) Using 8 workers of 8 for evacuation
[2025-08-01T02:34:49.014+0000] GC(226)   Pre Evacuate Collection Set: 0.1ms
[2025-08-01T02:34:49.014+0000] GC(226)   Evacuate Collection Set: 53.7ms
[2025-08-01T02:34:49.014+0000] GC(226)   Post Evacuate Collection Set: 1.1ms
[2025-08-01T02:34:49.014+0000] GC(226)   Other: 0.3ms
[2025-08-01T02:34:49.014+0000] GC(226) Eden regions: 97->0(87)
[2025-08-01T02:34:49.014+0000] GC(226) Survivor regions: 21->15(15)
[2025-08-01T02:34:49.015+0000] GC(226) Old regions: 1513->1617
[2025-08-01T02:34:49.015+0000] GC(226) Humongous regions: 0->0
[2025-08-01T02:34:49.015+0000] GC(226) Metaspace: 9706K(12544K)->9706K(12544K) NonClass: 8540K(11008K)->8540K(11008K) Class: 1166K(1536K)->1166K(1536K)
[2025-08-01T02:34:49.015+0000] GC(226) Pause Young (Normal) (G1 Evacuation Pause) 3258M->3261M(4096M) 55.346ms
[2025-08-01T02:34:49.015+0000] GC(226) User=0.40s Sys=0.02s Real=0.06s
[2025-08-01T02:34:49.031+0000] GC(227) Pause Young (Normal) (G1 Evacuation Pause)
[2025-08-01T02:34:49.031+0000] GC(227) Using 8 workers of 8 for evacuation
[2025-08-01T02:34:49.063+0000] GC(227)   Pre Evacuate Collection Set: 0.1ms
[2025-08-01T02:34:49.063+0000] GC(227)   Evacuate Collection Set: 30.9ms
[2025-08-01T02:34:49.063+0000] GC(227)   Post Evacuate Collection Set: 0.7ms
[2025-08-01T02:34:49.063+0000] GC(227)   Other: 0.3ms
[2025-08-01T02:34:49.063+0000] GC(227) Eden regions: 87->0(89)
[2025-08-01T02:34:49.063+0000] GC(227) Survivor regions: 15->13(13)
[2025-08-01T02:34:49.063+0000] GC(227) Old regions: 1617->1708
[2025-08-01T02:34:49.063+0000] GC(227) Humongous regions: 0->0
[2025-08-01T02:34:49.063+0000] GC(227) Metaspace: 9706K(12544K)->9706K(12544K) NonClass: 8540K(11008K)->8540K(11008K) Class: 1166K(1536K)->1166K(1536K)
[2025-08-01T02:34:49.063+0000] GC(227) Pause Young (Normal) (G1 Evacuation Pause) 3435M->3439M(4096M) 32.176ms
[2025-08-01T02:34:49.063+0000] GC(227) User=0.25s Sys=0.00s Real=0.04s
[2025-08-01T02:34:49.129+0000] GC(228) Pause Young (Normal) (G1 Evacuation Pause)
[2025-08-01T02:34:49.129+0000] GC(228) Using 8 workers of 8 for evacuation
[2025-08-01T02:34:49.175+0000] GC(228)   Pre Evacuate Collection Set: 0.2ms
[2025-08-01T02:34:49.175+0000] GC(228)   Evacuate Collection Set: 45.1ms
[2025-08-01T02:34:49.175+0000] GC(228)   Post Evacuate Collection Set: 1.2ms
[2025-08-01T02:34:49.175+0000] GC(228)   Other: 0.3ms
[2025-08-01T02:34:49.175+0000] GC(228) Eden regions: 89->0(89)
[2025-08-01T02:34:49.175+0000] GC(228) Survivor regions: 13->13(13)
[2025-08-01T02:34:49.176+0000] GC(228) Old regions: 1708->1760
[2025-08-01T02:34:49.176+0000] GC(228) Humongous regions: 0->0
[2025-08-01T02:34:49.176+0000] GC(228) Metaspace: 9706K(12544K)->9706K(12544K) NonClass: 8540K(11008K)->8540K(11008K) Class: 1166K(1536K)->1166K(1536K)
[2025-08-01T02:34:49.176+0000] GC(228) Pause Young (Normal) (G1 Evacuation Pause) 3617M->3542M(4096M) 46.872ms
[2025-08-01T02:34:49.176+0000] GC(228) User=0.33s Sys=0.02s Real=0.05s
[2025-08-01T02:34:49.193+0000] GC(229) Pause Young (Normal) (G1 Evacuation Pause)
[2025-08-01T02:34:49.193+0000] GC(229) Using 8 workers of 8 for evacuation
[2025-08-01T02:34:49.227+0000] GC(229)   Pre Evacuate Collection Set: 0.1ms
[2025-08-01T02:34:49.227+0000] GC(229)   Evacuate Collection Set: 33.2ms
[2025-08-01T02:34:49.227+0000] GC(229)   Post Evacuate Collection Set: 1.0ms
[2025-08-01T02:34:49.227+0000] GC(229)   Other: 0.4ms
[2025-08-01T02:34:49.227+0000] GC(229) Eden regions: 89->0(89)
[2025-08-01T02:34:49.227+0000] GC(229) Survivor regions: 13->13(13)
[2025-08-01T02:34:49.227+0000] GC(229) Old regions: 1760->1850
[2025-08-01T02:34:49.227+0000] GC(229) Humongous regions: 0->0
[2025-08-01T02:34:49.227+0000] GC(229) Metaspace: 9706K(12544K)->9706K(12544K) NonClass: 8540K(11008K)->8540K(11008K) Class: 1166K(1536K)->1166K(1536K)
[2025-08-01T02:34:49.228+0000] GC(229) Pause Young (Normal) (G1 Evacuation Pause) 3720M->3723M(4096M) 34.694ms
[2025-08-01T02:34:49.228+0000] GC(229) User=0.24s Sys=0.01s Real=0.03s
[2025-08-01T02:34:49.264+0000] GC(225) Concurrent Mark From Roots 361.598ms
[2025-08-01T02:34:49.264+0000] GC(225) Concurrent Preclean
[2025-08-01T02:34:49.265+0000] GC(225) Concurrent Preclean 0.305ms
[2025-08-01T02:34:49.265+0000] GC(225) Concurrent Mark (27.898s, 28.260s) 361.989ms
[2025-08-01T02:34:49.265+0000] GC(225) Pause Remark
[2025-08-01T02:34:49.268+0000] GC(225) Cleaned string and symbol table, strings: 2833 processed, 0 removed, symbols: 23489 processed, 0 removed
[2025-08-01T02:34:49.269+0000] GC(225) Pause Remark 3839M->1997M(4096M) 4.219ms
[2025-08-01T02:34:49.269+0000] GC(225) User=0.02s Sys=0.00s Real=0.00s
[2025-08-01T02:34:49.269+0000] GC(225) Concurrent Rebuild Remembered Sets
[2025-08-01T02:34:49.294+0000] GC(230) Pause Young (Normal) (G1 Evacuation Pause)
[2025-08-01T02:34:49.294+0000] GC(230) Using 8 workers of 8 for evacuation
[2025-08-01T02:34:49.336+0000] GC(230)   Pre Evacuate Collection Set: 0.1ms
[2025-08-01T02:34:49.336+0000] GC(230)   Evacuate Collection Set: 41.0ms
[2025-08-01T02:34:49.336+0000] GC(230)   Post Evacuate Collection Set: 0.6ms
[2025-08-01T02:34:49.336+0000] GC(230)   Other: 0.3ms
[2025-08-01T02:34:49.336+0000] GC(230) Eden regions: 89->0(264)
[2025-08-01T02:34:49.336+0000] GC(230) Survivor regions: 13->13(13)
[2025-08-01T02:34:49.336+0000] GC(230) Old regions: 929->1021
[2025-08-01T02:34:49.336+0000] GC(230) Humongous regions: 0->0
[2025-08-01T02:34:49.336+0000] GC(230) Metaspace: 9706K(12544K)->9706K(12544K) NonClass: 8540K(11008K)->8540K(11008K) Class: 1166K(1536K)->1166K(1536K)
[2025-08-01T02:34:49.336+0000] GC(230) Pause Young (Normal) (G1 Evacuation Pause) 2059M->2064M(4096M) 42.111ms
[2025-08-01T02:34:49.336+0000] GC(230) User=0.31s Sys=0.01s Real=0.04s
[2025-08-01T02:34:49.431+0000] GC(231) Pause Young (Normal) (G1 Evacuation Pause)
[2025-08-01T02:34:49.431+0000] GC(231) Using 8 workers of 8 for evacuation
[2025-08-01T02:34:49.503+0000] GC(231)   Pre Evacuate Collection Set: 0.1ms
[2025-08-01T02:34:49.503+0000] GC(231)   Evacuate Collection Set: 70.8ms
[2025-08-01T02:34:49.503+0000] GC(231)   Post Evacuate Collection Set: 0.9ms
[2025-08-01T02:34:49.503+0000] GC(231)   Other: 0.3ms
[2025-08-01T02:34:49.503+0000] GC(231) Eden regions: 264->0(204)
[2025-08-01T02:34:49.503+0000] GC(231) Survivor regions: 13->35(35)
[2025-08-01T02:34:49.503+0000] GC(231) Old regions: 1021->1188
[2025-08-01T02:34:49.503+0000] GC(231) Humongous regions: 0->0
[2025-08-01T02:34:49.503+0000] GC(231) Metaspace: 9706K(12544K)->9706K(12544K) NonClass: 8540K(11008K)->8540K(11008K) Class: 1166K(1536K)->1166K(1536K)
[2025-08-01T02:34:49.503+0000] GC(231) Pause Young (Normal) (G1 Evacuation Pause) 2592M->2442M(4096M) 72.256ms
[2025-08-01T02:34:49.503+0000] GC(231) User=0.55s Sys=0.01s Real=0.08s
[2025-08-01T02:34:49.589+0000] GC(232) Pause Young (Normal) (G1 Evacuation Pause)
[2025-08-01T02:34:49.589+0000] GC(232) Using 8 workers of 8 for evacuation
[2025-08-01T02:34:49.672+0000] GC(232)   Pre Evacuate Collection Set: 0.1ms
[2025-08-01T02:34:49.672+0000] GC(232)   Evacuate Collection Set: 81.0ms
[2025-08-01T02:34:49.672+0000] GC(232)   Post Evacuate Collection Set: 0.9ms
[2025-08-01T02:34:49.672+0000] GC(232)   Other: 0.3ms
[2025-08-01T02:34:49.672+0000] GC(232) Eden regions: 204->0(130)
[2025-08-01T02:34:49.672+0000] GC(232) Survivor regions: 35->30(30)
[2025-08-01T02:34:49.672+0000] GC(232) Old regions: 1188->1398
[2025-08-01T02:34:49.672+0000] GC(232) Humongous regions: 0->0
[2025-08-01T02:34:49.672+0000] GC(232) Metaspace: 9706K(12544K)->9706K(12544K) NonClass: 8540K(11008K)->8540K(11008K) Class: 1166K(1536K)->1166K(1536K)
[2025-08-01T02:34:49.672+0000] GC(232) Pause Young (Normal) (G1 Evacuation Pause) 2850M->2853M(4096M) 82.526ms
[2025-08-01T02:34:49.672+0000] GC(232) User=0.63s Sys=0.01s Real=0.08s
[2025-08-01T02:34:49.741+0000] GC(233) Pause Young (Normal) (G1 Evacuation Pause)
[2025-08-01T02:34:49.741+0000] GC(233) Using 8 workers of 8 for evacuation
[2025-08-01T02:34:49.794+0000] GC(233)   Pre Evacuate Collection Set: 0.2ms
[2025-08-01T02:34:49.794+0000] GC(233)   Evacuate Collection Set: 52.0ms
[2025-08-01T02:34:49.794+0000] GC(233)   Post Evacuate Collection Set: 0.7ms
[2025-08-01T02:34:49.794+0000] GC(233)   Other: 0.3ms
[2025-08-01T02:34:49.794+0000] GC(233) Eden regions: 130->0(88)
[2025-08-01T02:34:49.794+0000] GC(233) Survivor regions: 30->20(20)
[2025-08-01T02:34:49.794+0000] GC(233) Old regions: 1398->1540
[2025-08-01T02:34:49.794+0000] GC(233) Humongous regions: 0->0
[2025-08-01T02:34:49.794+0000] GC(233) Metaspace: 9706K(12544K)->9706K(12544K) NonClass: 8540K(11008K)->8540K(11008K) Class: 1166K(1536K)->1166K(1536K)
[2025-08-01T02:34:49.794+0000] GC(233) Pause Young (Normal) (G1 Evacuation Pause) 3113M->3116M(4096M) 53.438ms
[2025-08-01T02:34:49.794+0000] GC(233) User=0.40s Sys=0.01s Real=0.06s
[2025-08-01T02:34:49.808+0000] GC(225) Concurrent Rebuild Remembered Sets 538.465ms
[2025-08-01T02:34:49.809+0000] GC(225) Pause Cleanup
[2025-08-01T02:34:49.810+0000] GC(225) Pause Cleanup 3280M->3280M(4096M) 0.766ms
[2025-08-01T02:34:49.810+0000] GC(225) User=0.00s Sys=0.00s Real=0.00s
[2025-08-01T02:34:49.810+0000] GC(225) Concurrent Cleanup for Next Mark
[2025-08-01T02:34:49.812+0000] GC(234) Pause Young (Prepare Mixed) (G1 Evacuation Pause)
[2025-08-01T02:34:49.812+0000] GC(234) Using 8 workers of 8 for evacuation
[2025-08-01T02:34:49.844+0000] GC(234)   Pre Evacuate Collection Set: 0.1ms
[2025-08-01T02:34:49.844+0000] GC(234)   Evacuate Collection Set: 30.9ms
[2025-08-01T02:34:49.844+0000] GC(234)   Post Evacuate Collection Set: 0.7ms
[2025-08-01T02:34:49.844+0000] GC(234)   Other: 0.3ms
[2025-08-01T02:34:49.844+0000] GC(234) Eden regions: 88->0(88)
[2025-08-01T02:34:49.844+0000] GC(234) Survivor regions: 20->14(14)
[2025-08-01T02:34:49.844+0000] GC(234) Old regions: 1540->1636
[2025-08-01T02:34:49.844+0000] GC(234) Humongous regions: 0->0
[2025-08-01T02:34:49.844+0000] GC(234) Metaspace: 9706K(12544K)->9706K(12544K) NonClass: 8540K(11008K)->8540K(11008K) Class: 1166K(1536K)->1166K(1536K)
[2025-08-01T02:34:49.844+0000] GC(234) Pause Young (Prepare Mixed) (G1 Evacuation Pause) 3292M->3296M(4096M) 32.161ms
[2025-08-01T02:34:49.844+0000] GC(234) User=0.24s Sys=0.00s Real=0.04s
[2025-08-01T02:34:49.856+0000] GC(225) Concurrent Cleanup for Next Mark 45.331ms
[2025-08-01T02:34:49.856+0000] GC(225) Concurrent Cycle 958.132ms
[2025-08-01T02:34:49.908+0000] GC(235) Pause Young (Mixed) (G1 Evacuation Pause)
[2025-08-01T02:34:49.908+0000] GC(235) Using 8 workers of 8 for evacuation
[2025-08-01T02:34:49.944+0000] GC(235)   Pre Evacuate Collection Set: 0.1ms
[2025-08-01T02:34:49.945+0000] GC(235)   Evacuate Collection Set: 34.0ms
[2025-08-01T02:34:49.945+0000] GC(235)   Post Evacuate Collection Set: 1.4ms
[2025-08-01T02:34:49.945+0000] GC(235)   Other: 0.7ms
[2025-08-01T02:34:49.945+0000] GC(235) Eden regions: 88->0(89)
[2025-08-01T02:34:49.945+0000] GC(235) Survivor regions: 14->13(13)
[2025-08-01T02:34:49.945+0000] GC(235) Old regions: 1636->1683
[2025-08-01T02:34:49.945+0000] GC(235) Humongous regions: 0->0
[2025-08-01T02:34:49.945+0000] GC(235) Metaspace: 9706K(12544K)->9706K(12544K) NonClass: 8540K(11008K)->8540K(11008K) Class: 1166K(1536K)->1166K(1536K)
[2025-08-01T02:34:49.945+0000] GC(235) Pause Young (Mixed) (G1 Evacuation Pause) 3472M->3388M(4096M) 36.374ms
[2025-08-01T02:34:49.945+0000] GC(235) User=0.26s Sys=0.01s Real=0.04s
[2025-08-01T02:34:49.964+0000] GC(236) Pause Young (Concurrent Start) (G1 Evacuation Pause)
[2025-08-01T02:34:49.964+0000] GC(236) Using 8 workers of 8 for evacuation
[2025-08-01T02:34:50.033+0000] GC(236)   Pre Evacuate Collection Set: 0.2ms
[2025-08-01T02:34:50.033+0000] GC(236)   Evacuate Collection Set: 65.9ms
[2025-08-01T02:34:50.033+0000] GC(236)   Post Evacuate Collection Set: 1.4ms
[2025-08-01T02:34:50.033+0000] GC(236)   Other: 0.7ms
[2025-08-01T02:34:50.033+0000] GC(236) Eden regions: 89->0(89)
[2025-08-01T02:34:50.033+0000] GC(236) Survivor regions: 13->13(13)
[2025-08-01T02:34:50.033+0000] GC(236) Old regions: 1683->1773
[2025-08-01T02:34:50.033+0000] GC(236) Humongous regions: 0->0
[2025-08-01T02:34:50.033+0000] GC(236) Metaspace: 9706K(12544K)->9706K(12544K) NonClass: 8540K(11008K)->8540K(11008K) Class: 1166K(1536K)->1166K(1536K)
[2025-08-01T02:34:50.033+0000] GC(236) Pause Young (Concurrent Start) (G1 Evacuation Pause) 3566M->3569M(4096M) 68.472ms
[2025-08-01T02:34:50.033+0000] GC(236) User=0.51s Sys=0.02s Real=0.06s
[2025-08-01T02:34:50.033+0000] GC(237) Concurrent Cycle
[2025-08-01T02:34:50.033+0000] GC(237) Concurrent Clear Claimed Marks
[2025-08-01T02:34:50.033+0000] GC(237) Concurrent Clear Claimed Marks 0.101ms
[2025-08-01T02:34:50.033+0000] GC(237) Concurrent Scan Root Regions
[2025-08-01T02:34:50.039+0000] GC(237) Concurrent Scan Root Regions 5.689ms
[2025-08-01T02:34:50.039+0000] GC(237) Concurrent Mark (29.035s)
[2025-08-01T02:34:50.039+0000] GC(237) Concurrent Mark From Roots
[2025-08-01T02:34:50.039+0000] GC(237) Using 2 workers of 2 for marking
[2025-08-01T02:34:50.058+0000] GC(238) Pause Young (Normal) (G1 Evacuation Pause)
[2025-08-01T02:34:50.058+0000] GC(238) Using 8 workers of 8 for evacuation
[2025-08-01T02:34:50.088+0000] GC(238)   Pre Evacuate Collection Set: 0.1ms
[2025-08-01T02:34:50.088+0000] GC(238)   Evacuate Collection Set: 28.6ms
[2025-08-01T02:34:50.088+0000] GC(238)   Post Evacuate Collection Set: 0.7ms
[2025-08-01T02:34:50.088+0000] GC(238)   Other: 0.3ms
[2025-08-01T02:34:50.088+0000] GC(238) Eden regions: 89->0(89)
[2025-08-01T02:34:50.088+0000] GC(238) Survivor regions: 13->13(13)
[2025-08-01T02:34:50.088+0000] GC(238) Old regions: 1773->1839
[2025-08-01T02:34:50.088+0000] GC(238) Humongous regions: 0->0
[2025-08-01T02:34:50.088+0000] GC(238) Metaspace: 9706K(12544K)->9706K(12544K) NonClass: 8540K(11008K)->8540K(11008K) Class: 1166K(1536K)->1166K(1536K)
[2025-08-01T02:34:50.088+0000] GC(238) Pause Young (Normal) (G1 Evacuation Pause) 3747M->3701M(4096M) 29.829ms
[2025-08-01T02:34:50.088+0000] GC(238) User=0.23s Sys=0.00s Real=0.03s
[2025-08-01T02:34:50.118+0000] GC(239) Pause Young (Normal) (G1 Evacuation Pause)
[2025-08-01T02:34:50.118+0000] GC(239) Using 8 workers of 8 for evacuation
[2025-08-01T02:34:50.153+0000] GC(239)   Pre Evacuate Collection Set: 0.1ms
[2025-08-01T02:34:50.153+0000] GC(239)   Evacuate Collection Set: 34.7ms
[2025-08-01T02:34:50.153+0000] GC(239)   Post Evacuate Collection Set: 0.6ms
[2025-08-01T02:34:50.153+0000] GC(239)   Other: 0.3ms
[2025-08-01T02:34:50.153+0000] GC(239) Eden regions: 89->0(89)
[2025-08-01T02:34:50.153+0000] GC(239) Survivor regions: 13->13(13)
[2025-08-01T02:34:50.153+0000] GC(239) Old regions: 1839->1930
[2025-08-01T02:34:50.153+0000] GC(239) Humongous regions: 0->0
[2025-08-01T02:34:50.153+0000] GC(239) Metaspace: 9706K(12544K)->9706K(12544K) NonClass: 8540K(11008K)->8540K(11008K) Class: 1166K(1536K)->1166K(1536K)
[2025-08-01T02:34:50.153+0000] GC(239) Pause Young (Normal) (G1 Evacuation Pause) 3879M->3882M(4096M) 35.905ms
[2025-08-01T02:34:50.153+0000] GC(239) User=0.26s Sys=0.01s Real=0.04s
[2025-08-01T02:34:50.171+0000] GC(240) Pause Young (Normal) (G1 Evacuation Pause)
[2025-08-01T02:34:50.172+0000] GC(240) Using 8 workers of 8 for evacuation
[2025-08-01T02:34:50.201+0000] GC(240) To-space exhausted
[2025-08-01T02:34:50.201+0000] GC(240)   Pre Evacuate Collection Set: 0.1ms
[2025-08-01T02:34:50.201+0000] GC(240)   Evacuate Collection Set: 18.5ms
[2025-08-01T02:34:50.201+0000] GC(240)   Post Evacuate Collection Set: 10.5ms
[2025-08-01T02:34:50.201+0000] GC(240)   Other: 0.4ms
[2025-08-01T02:34:50.201+0000] GC(240) Eden regions: 89->0(94)
[2025-08-01T02:34:50.201+0000] GC(240) Survivor regions: 13->8(13)
[2025-08-01T02:34:50.201+0000] GC(240) Old regions: 1930->2030
[2025-08-01T02:34:50.201+0000] GC(240) Humongous regions: 0->0
[2025-08-01T02:34:50.201+0000] GC(240) Metaspace: 9706K(12544K)->9706K(12544K) NonClass: 8540K(11008K)->8540K(11008K) Class: 1166K(1536K)->1166K(1536K)
[2025-08-01T02:34:50.201+0000] GC(240) Pause Young (Normal) (G1 Evacuation Pause) 4060M->4073M(4096M) 29.608ms
[2025-08-01T02:34:50.201+0000] GC(240) User=0.22s Sys=0.00s Real=0.03s
[2025-08-01T02:34:50.207+0000] GC(241) Pause Young (Normal) (G1 Evacuation Pause)
[2025-08-01T02:34:50.207+0000] GC(241) Using 8 workers of 8 for evacuation
[2025-08-01T02:34:50.214+0000] GC(241) To-space exhausted
[2025-08-01T02:34:50.214+0000] GC(241)   Pre Evacuate Collection Set: 0.1ms
[2025-08-01T02:34:50.214+0000] GC(241)   Evacuate Collection Set: 4.7ms
[2025-08-01T02:34:50.214+0000] GC(241)   Post Evacuate Collection Set: 2.6ms
[2025-08-01T02:34:50.214+0000] GC(241)   Other: 0.3ms
[2025-08-01T02:34:50.214+0000] GC(241) Eden regions: 10->0(102)
[2025-08-01T02:34:50.214+0000] GC(241) Survivor regions: 8->0(13)
[2025-08-01T02:34:50.214+0000] GC(241) Old regions: 2030->2048
[2025-08-01T02:34:50.214+0000] GC(241) Humongous regions: 0->0
[2025-08-01T02:34:50.214+0000] GC(241) Metaspace: 9706K(12544K)->9706K(12544K) NonClass: 8540K(11008K)->8540K(11008K) Class: 1166K(1536K)->1166K(1536K)
[2025-08-01T02:34:50.214+0000] GC(241) Pause Young (Normal) (G1 Evacuation Pause) 4093M->4093M(4096M) 7.802ms
[2025-08-01T02:34:50.214+0000] GC(241) User=0.05s Sys=0.00s Real=0.01s
[2025-08-01T02:34:50.214+0000] GC(242) Using 8 workers of 8 for full compaction
[2025-08-01T02:34:50.214+0000] GC(242) Pause Full (G1 Evacuation Pause)
[2025-08-01T02:34:50.220+0000] GC(242) Phase 1: Mark live objects
[2025-08-01T02:34:50.251+0000] GC(242) Cleaned string and symbol table, strings: 2833 processed, 0 removed, symbols: 23489 processed, 0 removed
[2025-08-01T02:34:50.251+0000] GC(242) Phase 1: Mark live objects 31.513ms
[2025-08-01T02:34:50.251+0000] GC(242) Phase 2: Prepare for compaction
[2025-08-01T02:34:50.278+0000] GC(242) Phase 2: Prepare for compaction 26.578ms
[2025-08-01T02:34:50.278+0000] GC(242) Phase 3: Adjust pointers
[2025-08-01T02:34:50.300+0000] GC(242) Phase 3: Adjust pointers 21.596ms
[2025-08-01T02:34:50.300+0000] GC(242) Phase 4: Compact heap
[2025-08-01T02:34:50.378+0000] GC(242) Phase 4: Compact heap 78.330ms
[2025-08-01T02:34:50.381+0000] GC(242) Eden regions: 0->0(453)
[2025-08-01T02:34:50.381+0000] GC(242) Survivor regions: 0->0(13)
[2025-08-01T02:34:50.381+0000] GC(242) Old regions: 2048->276
[2025-08-01T02:34:50.381+0000] GC(242) Humongous regions: 0->0
[2025-08-01T02:34:50.381+0000] GC(242) Metaspace: 9706K(12544K)->9706K(12544K) NonClass: 8540K(11008K)->8540K(11008K) Class: 1166K(1536K)->1166K(1536K)
[2025-08-01T02:34:50.381+0000] GC(242) Pause Full (G1 Evacuation Pause) 4093M->541M(4096M) 166.350ms
[2025-08-01T02:34:50.381+0000] GC(242) User=1.14s Sys=0.01s Real=0.16s
[2025-08-01T02:34:50.381+0000] GC(237) Concurrent Mark From Roots 342.286ms
[2025-08-01T02:34:50.381+0000] GC(237) Concurrent Mark Abort
[2025-08-01T02:34:50.381+0000] GC(237) Concurrent Cycle 348.403ms
[2025-08-01T02:34:50.566+0000] GC(243) Pause Young (Normal) (G1 Evacuation Pause)
[2025-08-01T02:34:50.566+0000] GC(243) Using 8 workers of 8 for evacuation
[2025-08-01T02:34:50.778+0000] GC(243) MMU target violated: 201.0ms (200.0ms/201.0ms)
[2025-08-01T02:34:50.778+0000] GC(243)   Pre Evacuate Collection Set: 0.1ms
[2025-08-01T02:34:50.778+0000] GC(243)   Evacuate Collection Set: 210.8ms
[2025-08-01T02:34:50.778+0000] GC(243)   Post Evacuate Collection Set: 0.7ms
[2025-08-01T02:34:50.778+0000] GC(243)   Other: 0.5ms
[2025-08-01T02:34:50.778+0000] GC(243) Eden regions: 453->0(362)
[2025-08-01T02:34:50.778+0000] GC(243) Survivor regions: 0->57(57)
[2025-08-01T02:34:50.778+0000] GC(243) Old regions: 276->577
[2025-08-01T02:34:50.778+0000] GC(243) Humongous regions: 0->0
[2025-08-01T02:34:50.778+0000] GC(243) Metaspace: 9706K(12544K)->9706K(12544K) NonClass: 8540K(11008K)->8540K(11008K) Class: 1166K(1536K)->1166K(1536K)
[2025-08-01T02:34:50.778+0000] GC(243) Pause Young (Normal) (G1 Evacuation Pause) 1447M->1257M(4096M) 212.130ms
[2025-08-01T02:34:50.778+0000] GC(243) User=1.58s Sys=0.08s Real=0.21s
[2025-08-01T02:34:50.940+0000] GC(244) Pause Young (Concurrent Start) (G1 Evacuation Pause)
[2025-08-01T02:34:50.940+0000] GC(244) Using 8 workers of 8 for evacuation
[2025-08-01T02:34:51.117+0000] GC(244)   Pre Evacuate Collection Set: 0.1ms
[2025-08-01T02:34:51.117+0000] GC(244)   Evacuate Collection Set: 176.0ms
[2025-08-01T02:34:51.117+0000] GC(244)   Post Evacuate Collection Set: 0.9ms
[2025-08-01T02:34:51.117+0000] GC(244)   Other: 0.4ms
[2025-08-01T02:34:51.117+0000] GC(244) Eden regions: 362->0(318)
[2025-08-01T02:34:51.117+0000] GC(244) Survivor regions: 57->53(53)
[2025-08-01T02:34:51.117+0000] GC(244) Old regions: 577->828
[2025-08-01T02:34:51.118+0000] GC(244) Humongous regions: 0->0
[2025-08-01T02:34:51.118+0000] GC(244) Metaspace: 9706K(12544K)->9706K(12544K) NonClass: 8540K(11008K)->8540K(11008K) Class: 1166K(1536K)->1166K(1536K)
[2025-08-01T02:34:51.118+0000] GC(244) Pause Young (Concurrent Start) (G1 Evacuation Pause) 1981M->1750M(4096M) 177.453ms
[2025-08-01T02:34:51.118+0000] GC(244) User=1.28s Sys=0.07s Real=0.18s
[2025-08-01T02:34:51.118+0000] GC(245) Concurrent Cycle
[2025-08-01T02:34:51.118+0000] GC(245) Concurrent Clear Claimed Marks
[2025-08-01T02:34:51.118+0000] GC(245) Concurrent Clear Claimed Marks 0.061ms
[2025-08-01T02:34:51.118+0000] GC(245) Concurrent Scan Root Regions
[2025-08-01T02:34:51.131+0000] GC(245) Concurrent Scan Root Regions 12.676ms
[2025-08-01T02:34:51.131+0000] GC(245) Concurrent Mark (30.126s)
[2025-08-01T02:34:51.131+0000] GC(245) Concurrent Mark From Roots
[2025-08-01T02:34:51.131+0000] GC(245) Using 2 workers of 2 for marking
[2025-08-01T02:34:51.266+0000] GC(246) Pause Young (Normal) (G1 Evacuation Pause)
[2025-08-01T02:34:51.266+0000] GC(246) Using 8 workers of 8 for evacuation
[2025-08-01T02:34:51.408+0000] GC(246)   Pre Evacuate Collection Set: 0.1ms
[2025-08-01T02:34:51.408+0000] GC(246)   Evacuate Collection Set: 140.1ms
[2025-08-01T02:34:51.408+0000] GC(246)   Post Evacuate Collection Set: 0.9ms
[2025-08-01T02:34:51.408+0000] GC(246)   Other: 0.3ms
[2025-08-01T02:34:51.408+0000] GC(246) Eden regions: 318->0(212)
[2025-08-01T02:34:51.408+0000] GC(246) Survivor regions: 53->47(47)
[2025-08-01T02:34:51.408+0000] GC(246) Old regions: 828->1129
[2025-08-01T02:34:51.408+0000] GC(246) Humongous regions: 0->0
[2025-08-01T02:34:51.408+0000] GC(246) Metaspace: 9706K(12544K)->9706K(12544K) NonClass: 8540K(11008K)->8540K(11008K) Class: 1166K(1536K)->1166K(1536K)
[2025-08-01T02:34:51.408+0000] GC(246) Pause Young (Normal) (G1 Evacuation Pause) 2386M->2340M(4096M) 141.543ms
[2025-08-01T02:34:51.408+0000] GC(246) User=0.98s Sys=0.06s Real=0.14s
[2025-08-01T02:34:51.409+0000] GC(245) Concurrent Mark From Roots 278.492ms
[2025-08-01T02:34:51.409+0000] GC(245) Concurrent Preclean
[2025-08-01T02:34:51.410+0000] GC(245) Concurrent Preclean 0.325ms
[2025-08-01T02:34:51.410+0000] GC(245) Concurrent Mark (30.126s, 30.405s) 278.934ms
[2025-08-01T02:34:51.410+0000] GC(245) Pause Remark
[2025-08-01T02:34:51.412+0000] GC(245) Cleaned string and symbol table, strings: 2833 processed, 0 removed, symbols: 23489 processed, 0 removed
[2025-08-01T02:34:51.413+0000] GC(245) Pause Remark 2364M->1864M(4096M) 2.893ms
[2025-08-01T02:34:51.413+0000] GC(245) User=0.01s Sys=0.00s Real=0.01s
[2025-08-01T02:34:51.413+0000] GC(245) Concurrent Rebuild Remembered Sets
[2025-08-01T02:34:51.495+0000] GC(247) Pause Young (Normal) (G1 Evacuation Pause)
[2025-08-01T02:34:51.495+0000] GC(247) Using 8 workers of 8 for evacuation
[2025-08-01T02:34:51.567+0000] GC(247)   Pre Evacuate Collection Set: 0.1ms
[2025-08-01T02:34:51.567+0000] GC(247)   Evacuate Collection Set: 71.1ms
[2025-08-01T02:34:51.567+0000] GC(247)   Post Evacuate Collection Set: 0.9ms
[2025-08-01T02:34:51.567+0000] GC(247)   Other: 0.5ms
[2025-08-01T02:34:51.567+0000] GC(247) Eden regions: 212->0(248)
[2025-08-01T02:34:51.567+0000] GC(247) Survivor regions: 47->33(33)
[2025-08-01T02:34:51.567+0000] GC(247) Old regions: 875->1045
[2025-08-01T02:34:51.567+0000] GC(247) Humongous regions: 0->0
[2025-08-01T02:34:51.567+0000] GC(247) Metaspace: 9706K(12544K)->9706K(12544K) NonClass: 8540K(11008K)->8540K(11008K) Class: 1166K(1536K)->1166K(1536K)
[2025-08-01T02:34:51.567+0000] GC(247) Pause Young (Normal) (G1 Evacuation Pause) 2264M->2153M(4096M) 72.683ms
[2025-08-01T02:34:51.568+0000] GC(247) User=0.56s Sys=0.01s Real=0.07s
[2025-08-01T02:34:51.661+0000] GC(248) Pause Young (Normal) (G1 Evacuation Pause)
[2025-08-01T02:34:51.661+0000] GC(248) Using 8 workers of 8 for evacuation
[2025-08-01T02:34:51.746+0000] GC(248)   Pre Evacuate Collection Set: 0.1ms
[2025-08-01T02:34:51.746+0000] GC(248)   Evacuate Collection Set: 83.0ms
[2025-08-01T02:34:51.746+0000] GC(248)   Post Evacuate Collection Set: 1.2ms
[2025-08-01T02:34:51.746+0000] GC(248)   Other: 0.3ms
[2025-08-01T02:34:51.746+0000] GC(248) Eden regions: 248->0(180)
[2025-08-01T02:34:51.746+0000] GC(248) Survivor regions: 33->36(36)
[2025-08-01T02:34:51.746+0000] GC(248) Old regions: 1045->1251
[2025-08-01T02:34:51.746+0000] GC(248) Humongous regions: 0->0
[2025-08-01T02:34:51.746+0000] GC(248) Metaspace: 9706K(12544K)->9706K(12544K) NonClass: 8540K(11008K)->8540K(11008K) Class: 1166K(1536K)->1166K(1536K)
[2025-08-01T02:34:51.746+0000] GC(248) Pause Young (Normal) (G1 Evacuation Pause) 2649M->2571M(4096M) 84.730ms
[2025-08-01T02:34:51.746+0000] GC(248) User=0.64s Sys=0.01s Real=0.09s
[2025-08-01T02:34:51.789+0000] GC(245) Concurrent Rebuild Remembered Sets 375.796ms
[2025-08-01T02:34:51.790+0000] GC(245) Pause Cleanup
[2025-08-01T02:34:51.791+0000] GC(245) Pause Cleanup 2744M->2744M(4096M) 1.290ms
[2025-08-01T02:34:51.791+0000] GC(245) User=0.00s Sys=0.00s Real=0.00s
[2025-08-01T02:34:51.791+0000] GC(245) Concurrent Cleanup for Next Mark
[2025-08-01T02:34:51.799+0000] GC(245) Concurrent Cleanup for Next Mark 8.358ms
[2025-08-01T02:34:51.799+0000] GC(245) Concurrent Cycle 681.821ms
[2025-08-01T02:34:51.830+0000] GC(249) Pause Young (Prepare Mixed) (G1 Evacuation Pause)
[2025-08-01T02:34:51.830+0000] GC(249) Using 8 workers of 8 for evacuation
[2025-08-01T02:34:51.893+0000] GC(249)   Pre Evacuate Collection Set: 0.1ms
[2025-08-01T02:34:51.893+0000] GC(249)   Evacuate Collection Set: 61.4ms
[2025-08-01T02:34:51.893+0000] GC(249)   Post Evacuate Collection Set: 0.8ms
[2025-08-01T02:34:51.893+0000] GC(249)   Other: 0.3ms
[2025-08-01T02:34:51.893+0000] GC(249) Eden regions: 180->0(75)
[2025-08-01T02:34:51.893+0000] GC(249) Survivor regions: 36->27(27)
[2025-08-01T02:34:51.893+0000] GC(249) Old regions: 1251->1376
[2025-08-01T02:34:51.893+0000] GC(249) Humongous regions: 0->0
[2025-08-01T02:34:51.893+0000] GC(249) Metaspace: 9706K(12544K)->9706K(12544K) NonClass: 8540K(11008K)->8540K(11008K) Class: 1166K(1536K)->1166K(1536K)
[2025-08-01T02:34:51.893+0000] GC(249) Pause Young (Prepare Mixed) (G1 Evacuation Pause) 2931M->2803M(4096M) 63.020ms
[2025-08-01T02:34:51.893+0000] GC(249) User=0.47s Sys=0.01s Real=0.07s
[2025-08-01T02:34:51.907+0000] GC(250) Pause Young (Mixed) (G1 Evacuation Pause)
[2025-08-01T02:34:51.907+0000] GC(250) Using 8 workers of 8 for evacuation
[2025-08-01T02:34:51.937+0000] GC(250)   Pre Evacuate Collection Set: 0.2ms
[2025-08-01T02:34:51.937+0000] GC(250)   Evacuate Collection Set: 28.2ms
[2025-08-01T02:34:51.937+0000] GC(250)   Post Evacuate Collection Set: 1.2ms
[2025-08-01T02:34:51.937+0000] GC(250)   Other: 0.4ms
[2025-08-01T02:34:51.937+0000] GC(250) Eden regions: 75->0(169)
[2025-08-01T02:34:51.937+0000] GC(250) Survivor regions: 27->13(13)
[2025-08-01T02:34:51.937+0000] GC(250) Old regions: 1376->1320
[2025-08-01T02:34:51.937+0000] GC(250) Humongous regions: 0->0
[2025-08-01T02:34:51.937+0000] GC(250) Metaspace: 9706K(12544K)->9706K(12544K) NonClass: 8540K(11008K)->8540K(11008K) Class: 1166K(1536K)->1166K(1536K)
[2025-08-01T02:34:51.937+0000] GC(250) Pause Young (Mixed) (G1 Evacuation Pause) 2953M->2662M(4096M) 30.140ms
[2025-08-01T02:34:51.937+0000] GC(250) User=0.23s Sys=0.00s Real=0.03s
[2025-08-01T02:34:52.012+0000] GC(251) Pause Young (Concurrent Start) (G1 Evacuation Pause)
[2025-08-01T02:34:52.012+0000] GC(251) Using 8 workers of 8 for evacuation
[2025-08-01T02:34:52.117+0000] GC(251)   Pre Evacuate Collection Set: 0.1ms
[2025-08-01T02:34:52.117+0000] GC(251)   Evacuate Collection Set: 103.2ms
[2025-08-01T02:34:52.117+0000] GC(251)   Post Evacuate Collection Set: 1.5ms
[2025-08-01T02:34:52.118+0000] GC(251)   Other: 0.3ms
[2025-08-01T02:34:52.118+0000] GC(251) Eden regions: 169->0(107)
[2025-08-01T02:34:52.118+0000] GC(251) Survivor regions: 13->23(23)
[2025-08-01T02:34:52.118+0000] GC(251) Old regions: 1320->1480
[2025-08-01T02:34:52.118+0000] GC(251) Humongous regions: 0->0
[2025-08-01T02:34:52.118+0000] GC(251) Metaspace: 9706K(12544K)->9706K(12544K) NonClass: 8540K(11008K)->8540K(11008K) Class: 1166K(1536K)->1166K(1536K)
[2025-08-01T02:34:52.118+0000] GC(251) Pause Young (Concurrent Start) (G1 Evacuation Pause) 3000M->3003M(4096M) 105.424ms
[2025-08-01T02:34:52.118+0000] GC(251) User=0.76s Sys=0.05s Real=0.11s
[2025-08-01T02:34:52.118+0000] GC(252) Concurrent Cycle
[2025-08-01T02:34:52.118+0000] GC(252) Concurrent Clear Claimed Marks
[2025-08-01T02:34:52.118+0000] GC(252) Concurrent Clear Claimed Marks 0.073ms
[2025-08-01T02:34:52.118+0000] GC(252) Concurrent Scan Root Regions
[2025-08-01T02:34:52.124+0000] GC(252) Concurrent Scan Root Regions 6.264ms
[2025-08-01T02:34:52.124+0000] GC(252) Concurrent Mark (31.120s)
[2025-08-01T02:34:52.124+0000] GC(252) Concurrent Mark From Roots
[2025-08-01T02:34:52.124+0000] GC(252) Using 2 workers of 2 for marking
[2025-08-01T02:34:52.181+0000] GC(253) Pause Young (Normal) (G1 Evacuation Pause)
[2025-08-01T02:34:52.181+0000] GC(253) Using 8 workers of 8 for evacuation
[2025-08-01T02:34:52.244+0000] GC(253)   Pre Evacuate Collection Set: 0.1ms
[2025-08-01T02:34:52.244+0000] GC(253)   Evacuate Collection Set: 62.4ms
[2025-08-01T02:34:52.244+0000] GC(253)   Post Evacuate Collection Set: 0.7ms
[2025-08-01T02:34:52.244+0000] GC(253)   Other: 0.3ms
[2025-08-01T02:34:52.244+0000] GC(253) Eden regions: 107->0(85)
[2025-08-01T02:34:52.244+0000] GC(253) Survivor regions: 23->17(17)
[2025-08-01T02:34:52.244+0000] GC(253) Old regions: 1480->1595
[2025-08-01T02:34:52.244+0000] GC(253) Humongous regions: 0->0
[2025-08-01T02:34:52.244+0000] GC(253) Metaspace: 9706K(12544K)->9706K(12544K) NonClass: 8540K(11008K)->8540K(11008K) Class: 1166K(1536K)->1166K(1536K)
[2025-08-01T02:34:52.244+0000] GC(253) Pause Young (Normal) (G1 Evacuation Pause) 3217M->3220M(4096M) 63.572ms
[2025-08-01T02:34:52.245+0000] GC(253) User=0.43s Sys=0.02s Real=0.07s
[2025-08-01T02:34:52.261+0000] GC(254) Pause Young (Normal) (G1 Evacuation Pause)
[2025-08-01T02:34:52.261+0000] GC(254) Using 8 workers of 8 for evacuation
[2025-08-01T02:34:52.294+0000] GC(254)   Pre Evacuate Collection Set: 0.1ms
[2025-08-01T02:34:52.294+0000] GC(254)   Evacuate Collection Set: 31.9ms
[2025-08-01T02:34:52.294+0000] GC(254)   Post Evacuate Collection Set: 0.6ms
[2025-08-01T02:34:52.294+0000] GC(254)   Other: 0.3ms
[2025-08-01T02:34:52.294+0000] GC(254) Eden regions: 85->0(89)
[2025-08-01T02:34:52.294+0000] GC(254) Survivor regions: 17->13(13)
[2025-08-01T02:34:52.294+0000] GC(254) Old regions: 1595->1685
[2025-08-01T02:34:52.294+0000] GC(254) Humongous regions: 0->0
[2025-08-01T02:34:52.294+0000] GC(254) Metaspace: 9706K(12544K)->9706K(12544K) NonClass: 8540K(11008K)->8540K(11008K) Class: 1166K(1536K)->1166K(1536K)
[2025-08-01T02:34:52.294+0000] GC(254) Pause Young (Normal) (G1 Evacuation Pause) 3390M->3392M(4096M) 33.110ms
[2025-08-01T02:34:52.294+0000] GC(254) User=0.24s Sys=0.01s Real=0.04s
[2025-08-01T02:34:52.359+0000] GC(255) Pause Young (Normal) (G1 Evacuation Pause)
[2025-08-01T02:34:52.359+0000] GC(255) Using 8 workers of 8 for evacuation
[2025-08-01T02:34:52.407+0000] GC(255)   Pre Evacuate Collection Set: 0.1ms
[2025-08-01T02:34:52.407+0000] GC(255)   Evacuate Collection Set: 45.1ms
[2025-08-01T02:34:52.407+0000] GC(255)   Post Evacuate Collection Set: 1.9ms
[2025-08-01T02:34:52.407+0000] GC(255)   Other: 0.3ms
[2025-08-01T02:34:52.407+0000] GC(255) Eden regions: 89->0(89)
[2025-08-01T02:34:52.407+0000] GC(255) Survivor regions: 13->13(13)
[2025-08-01T02:34:52.407+0000] GC(255) Old regions: 1685->1763
[2025-08-01T02:34:52.407+0000] GC(255) Humongous regions: 0->0
[2025-08-01T02:34:52.407+0000] GC(255) Metaspace: 9706K(12544K)->9706K(12544K) NonClass: 8540K(11008K)->8540K(11008K) Class: 1166K(1536K)->1166K(1536K)
[2025-08-01T02:34:52.407+0000] GC(255) Pause Young (Normal) (G1 Evacuation Pause) 3570M->3549M(4096M) 47.552ms
[2025-08-01T02:34:52.407+0000] GC(255) User=0.32s Sys=0.02s Real=0.05s
[2025-08-01T02:34:52.424+0000] GC(256) Pause Young (Normal) (G1 Evacuation Pause)
[2025-08-01T02:34:52.424+0000] GC(256) Using 8 workers of 8 for evacuation
[2025-08-01T02:34:52.459+0000] GC(256)   Pre Evacuate Collection Set: 0.1ms
[2025-08-01T02:34:52.459+0000] GC(256)   Evacuate Collection Set: 33.5ms
[2025-08-01T02:34:52.459+0000] GC(256)   Post Evacuate Collection Set: 0.6ms
[2025-08-01T02:34:52.459+0000] GC(256)   Other: 0.3ms
[2025-08-01T02:34:52.459+0000] GC(256) Eden regions: 89->0(89)
[2025-08-01T02:34:52.459+0000] GC(256) Survivor regions: 13->13(13)
[2025-08-01T02:34:52.459+0000] GC(256) Old regions: 1763->1854
[2025-08-01T02:34:52.459+0000] GC(256) Humongous regions: 0->0
[2025-08-01T02:34:52.459+0000] GC(256) Metaspace: 9706K(12544K)->9706K(12544K) NonClass: 8540K(11008K)->8540K(11008K) Class: 1166K(1536K)->1166K(1536K)
[2025-08-01T02:34:52.459+0000] GC(256) Pause Young (Normal) (G1 Evacuation Pause) 3727M->3731M(4096M) 34.695ms
[2025-08-01T02:34:52.459+0000] GC(256) User=0.25s Sys=0.00s Real=0.03s
[2025-08-01T02:34:52.495+0000] GC(252) Concurrent Mark From Roots 370.058ms
[2025-08-01T02:34:52.495+0000] GC(252) Concurrent Preclean
[2025-08-01T02:34:52.495+0000] GC(252) Concurrent Preclean 0.442ms
[2025-08-01T02:34:52.495+0000] GC(252) Concurrent Mark (31.120s, 31.491s) 370.614ms
[2025-08-01T02:34:52.495+0000] GC(252) Pause Remark
[2025-08-01T02:34:52.497+0000] GC(252) Cleaned string and symbol table, strings: 2833 processed, 0 removed, symbols: 23489 processed, 0 removed
[2025-08-01T02:34:52.499+0000] GC(252) Pause Remark 3854M->2040M(4096M) 3.640ms
[2025-08-01T02:34:52.499+0000] GC(252) User=0.02s Sys=0.00s Real=0.00s
[2025-08-01T02:34:52.499+0000] GC(252) Concurrent Rebuild Remembered Sets
[2025-08-01T02:34:52.525+0000] GC(257) Pause Young (Normal) (G1 Evacuation Pause)
[2025-08-01T02:34:52.525+0000] GC(257) Using 8 workers of 8 for evacuation
[2025-08-01T02:34:52.546+0000] GC(257)   Pre Evacuate Collection Set: 0.1ms
[2025-08-01T02:34:52.546+0000] GC(257)   Evacuate Collection Set: 19.9ms
[2025-08-01T02:34:52.546+0000] GC(257)   Post Evacuate Collection Set: 0.7ms
[2025-08-01T02:34:52.546+0000] GC(257)   Other: 0.3ms
[2025-08-01T02:34:52.546+0000] GC(257) Eden regions: 89->0(269)
[2025-08-01T02:34:52.546+0000] GC(257) Survivor regions: 13->13(13)
[2025-08-01T02:34:52.546+0000] GC(257) Old regions: 947->997
[2025-08-01T02:34:52.546+0000] GC(257) Humongous regions: 0->0
[2025-08-01T02:34:52.546+0000] GC(257) Metaspace: 9706K(12544K)->9706K(12544K) NonClass: 8540K(11008K)->8540K(11008K) Class: 1166K(1536K)->1166K(1536K)
[2025-08-01T02:34:52.546+0000] GC(257) Pause Young (Normal) (G1 Evacuation Pause) 2095M->2016M(4096M) 21.110ms
[2025-08-01T02:34:52.546+0000] GC(257) User=0.16s Sys=0.00s Real=0.02s
[2025-08-01T02:34:52.642+0000] GC(258) Pause Young (Normal) (G1 Evacuation Pause)
[2025-08-01T02:34:52.642+0000] GC(258) Using 8 workers of 8 for evacuation
[2025-08-01T02:34:52.719+0000] GC(258)   Pre Evacuate Collection Set: 0.1ms
[2025-08-01T02:34:52.720+0000] GC(258)   Evacuate Collection Set: 76.0ms
[2025-08-01T02:34:52.720+0000] GC(258)   Post Evacuate Collection Set: 1.1ms
[2025-08-01T02:34:52.720+0000] GC(258)   Other: 0.4ms
[2025-08-01T02:34:52.720+0000] GC(258) Eden regions: 269->0(195)
[2025-08-01T02:34:52.720+0000] GC(258) Survivor regions: 13->36(36)
[2025-08-01T02:34:52.720+0000] GC(258) Old regions: 997->1205
[2025-08-01T02:34:52.720+0000] GC(258) Humongous regions: 0->0
[2025-08-01T02:34:52.720+0000] GC(258) Metaspace: 9706K(12544K)->9706K(12544K) NonClass: 8540K(11008K)->8540K(11008K) Class: 1166K(1536K)->1166K(1536K)
[2025-08-01T02:34:52.720+0000] GC(258) Pause Young (Normal) (G1 Evacuation Pause) 2554M->2478M(4096M) 77.808ms
[2025-08-01T02:34:52.720+0000] GC(258) User=0.60s Sys=0.00s Real=0.08s
[2025-08-01T02:34:52.805+0000] GC(259) Pause Young (Normal) (G1 Evacuation Pause)
[2025-08-01T02:34:52.805+0000] GC(259) Using 8 workers of 8 for evacuation
[2025-08-01T02:34:52.880+0000] GC(259)   Pre Evacuate Collection Set: 0.1ms
[2025-08-01T02:34:52.880+0000] GC(259)   Evacuate Collection Set: 73.0ms
[2025-08-01T02:34:52.880+0000] GC(259)   Post Evacuate Collection Set: 0.8ms
[2025-08-01T02:34:52.880+0000] GC(259)   Other: 0.3ms
[2025-08-01T02:34:52.880+0000] GC(259) Eden regions: 195->0(127)
[2025-08-01T02:34:52.880+0000] GC(259) Survivor regions: 36->29(29)
[2025-08-01T02:34:52.880+0000] GC(259) Old regions: 1205->1408
[2025-08-01T02:34:52.880+0000] GC(259) Humongous regions: 0->0
[2025-08-01T02:34:52.880+0000] GC(259) Metaspace: 9706K(12544K)->9706K(12544K) NonClass: 8540K(11008K)->8540K(11008K) Class: 1166K(1536K)->1166K(1536K)
[2025-08-01T02:34:52.880+0000] GC(259) Pause Young (Normal) (G1 Evacuation Pause) 2868M->2870M(4096M) 74.309ms
[2025-08-01T02:34:52.880+0000] GC(259) User=0.57s Sys=0.00s Real=0.07s
[2025-08-01T02:34:52.950+0000] GC(260) Pause Young (Normal) (G1 Evacuation Pause)
[2025-08-01T02:34:52.950+0000] GC(260) Using 8 workers of 8 for evacuation
[2025-08-01T02:34:52.997+0000] GC(260)   Pre Evacuate Collection Set: 0.1ms
[2025-08-01T02:34:52.997+0000] GC(260)   Evacuate Collection Set: 45.7ms
[2025-08-01T02:34:52.997+0000] GC(260)   Post Evacuate Collection Set: 0.8ms
[2025-08-01T02:34:52.997+0000] GC(260)   Other: 0.8ms
[2025-08-01T02:34:52.997+0000] GC(260) Eden regions: 127->0(86)
[2025-08-01T02:34:52.997+0000] GC(260) Survivor regions: 29->20(20)
[2025-08-01T02:34:52.997+0000] GC(260) Old regions: 1408->1546
[2025-08-01T02:34:52.997+0000] GC(260) Humongous regions: 0->0
[2025-08-01T02:34:52.997+0000] GC(260) Metaspace: 9706K(12544K)->9706K(12544K) NonClass: 8540K(11008K)->8540K(11008K) Class: 1166K(1536K)->1166K(1536K)
[2025-08-01T02:34:52.997+0000] GC(260) Pause Young (Normal) (G1 Evacuation Pause) 3124M->3128M(4096M) 47.023ms
[2025-08-01T02:34:52.997+0000] GC(260) User=0.36s Sys=0.00s Real=0.05s
[2025-08-01T02:34:53.006+0000] GC(252) Concurrent Rebuild Remembered Sets 507.082ms
[2025-08-01T02:34:53.007+0000] GC(252) Pause Cleanup
[2025-08-01T02:34:53.008+0000] GC(252) Pause Cleanup 3236M->3236M(4096M) 1.133ms
[2025-08-01T02:34:53.008+0000] GC(252) User=0.00s Sys=0.00s Real=0.00s
[2025-08-01T02:34:53.008+0000] GC(252) Concurrent Cleanup for Next Mark
[2025-08-01T02:34:53.017+0000] GC(261) Pause Young (Prepare Mixed) (G1 Evacuation Pause)
[2025-08-01T02:34:53.017+0000] GC(261) Using 8 workers of 8 for evacuation
[2025-08-01T02:34:53.045+0000] GC(261)   Pre Evacuate Collection Set: 0.1ms
[2025-08-01T02:34:53.045+0000] GC(261)   Evacuate Collection Set: 27.2ms
[2025-08-01T02:34:53.045+0000] GC(261)   Post Evacuate Collection Set: 0.8ms
[2025-08-01T02:34:53.045+0000] GC(261)   Other: 0.3ms
[2025-08-01T02:34:53.045+0000] GC(261) Eden regions: 86->0(88)
[2025-08-01T02:34:53.045+0000] GC(261) Survivor regions: 20->14(14)
[2025-08-01T02:34:53.045+0000] GC(261) Old regions: 1546->1619
[2025-08-01T02:34:53.045+0000] GC(261) Humongous regions: 0->0
[2025-08-01T02:34:53.045+0000] GC(261) Metaspace: 9706K(12544K)->9706K(12544K) NonClass: 8540K(11008K)->8540K(11008K) Class: 1166K(1536K)->1166K(1536K)
[2025-08-01T02:34:53.045+0000] GC(261) Pause Young (Prepare Mixed) (G1 Evacuation Pause) 3300M->3263M(4096M) 28.491ms
[2025-08-01T02:34:53.045+0000] GC(261) User=0.21s Sys=0.01s Real=0.03s
[2025-08-01T02:34:53.049+0000] GC(252) Concurrent Cleanup for Next Mark 40.462ms
[2025-08-01T02:34:53.049+0000] GC(252) Concurrent Cycle 931.218ms
[2025-08-01T02:34:53.082+0000] GC(262) Pause Young (Mixed) (G1 Evacuation Pause)
[2025-08-01T02:34:53.082+0000] GC(262) Using 8 workers of 8 for evacuation
[2025-08-01T02:34:53.122+0000] GC(262)   Pre Evacuate Collection Set: 0.2ms
[2025-08-01T02:34:53.122+0000] GC(262)   Evacuate Collection Set: 39.2ms
[2025-08-01T02:34:53.122+0000] GC(262)   Post Evacuate Collection Set: 0.7ms
[2025-08-01T02:34:53.122+0000] GC(262)   Other: 0.5ms
[2025-08-01T02:34:53.122+0000] GC(262) Eden regions: 88->0(89)
[2025-08-01T02:34:53.122+0000] GC(262) Survivor regions: 14->13(13)
[2025-08-01T02:34:53.122+0000] GC(262) Old regions: 1619->1695
[2025-08-01T02:34:53.122+0000] GC(262) Humongous regions: 0->0
[2025-08-01T02:34:53.122+0000] GC(262) Metaspace: 9706K(12544K)->9706K(12544K) NonClass: 8540K(11008K)->8540K(11008K) Class: 1166K(1536K)->1166K(1536K)
[2025-08-01T02:34:53.122+0000] GC(262) Pause Young (Mixed) (G1 Evacuation Pause) 3439M->3412M(4096M) 40.668ms
[2025-08-01T02:34:53.122+0000] GC(262) User=0.30s Sys=0.01s Real=0.04s
[2025-08-01T02:34:53.142+0000] GC(263) Pause Young (Concurrent Start) (G1 Evacuation Pause)
[2025-08-01T02:34:53.142+0000] GC(263) Using 8 workers of 8 for evacuation
[2025-08-01T02:34:53.186+0000] GC(263)   Pre Evacuate Collection Set: 0.1ms
[2025-08-01T02:34:53.187+0000] GC(263)   Evacuate Collection Set: 43.4ms
[2025-08-01T02:34:53.187+0000] GC(263)   Post Evacuate Collection Set: 0.6ms
[2025-08-01T02:34:53.187+0000] GC(263)   Other: 0.4ms
[2025-08-01T02:34:53.187+0000] GC(263) Eden regions: 89->0(89)
[2025-08-01T02:34:53.187+0000] GC(263) Survivor regions: 13->13(13)
[2025-08-01T02:34:53.187+0000] GC(263) Old regions: 1695->1785
[2025-08-01T02:34:53.187+0000] GC(263) Humongous regions: 0->0
[2025-08-01T02:34:53.187+0000] GC(263) Metaspace: 9706K(12544K)->9706K(12544K) NonClass: 8540K(11008K)->8540K(11008K) Class: 1166K(1536K)->1166K(1536K)
[2025-08-01T02:34:53.187+0000] GC(263) Pause Young (Concurrent Start) (G1 Evacuation Pause) 3590M->3593M(4096M) 44.538ms
[2025-08-01T02:34:53.187+0000] GC(263) User=0.34s Sys=0.01s Real=0.05s
[2025-08-01T02:34:53.187+0000] GC(264) Concurrent Cycle
[2025-08-01T02:34:53.187+0000] GC(264) Concurrent Clear Claimed Marks
[2025-08-01T02:34:53.187+0000] GC(264) Concurrent Clear Claimed Marks 0.066ms
[2025-08-01T02:34:53.187+0000] GC(264) Concurrent Scan Root Regions
[2025-08-01T02:34:53.190+0000] GC(264) Concurrent Scan Root Regions 3.494ms
[2025-08-01T02:34:53.191+0000] GC(264) Concurrent Mark (32.186s)
[2025-08-01T02:34:53.191+0000] GC(264) Concurrent Mark From Roots
[2025-08-01T02:34:53.191+0000] GC(264) Using 2 workers of 2 for marking
[2025-08-01T02:34:53.207+0000] GC(265) Pause Young (Normal) (G1 Evacuation Pause)
[2025-08-01T02:34:53.207+0000] GC(265) Using 8 workers of 8 for evacuation
[2025-08-01T02:34:53.238+0000] GC(265)   Pre Evacuate Collection Set: 0.1ms
[2025-08-01T02:34:53.238+0000] GC(265)   Evacuate Collection Set: 29.7ms
[2025-08-01T02:34:53.238+0000] GC(265)   Post Evacuate Collection Set: 0.5ms
[2025-08-01T02:34:53.238+0000] GC(265)   Other: 0.4ms
[2025-08-01T02:34:53.238+0000] GC(265) Eden regions: 89->0(89)
[2025-08-01T02:34:53.238+0000] GC(265) Survivor regions: 13->13(13)
[2025-08-01T02:34:53.238+0000] GC(265) Old regions: 1785->1847
[2025-08-01T02:34:53.238+0000] GC(265) Humongous regions: 0->0
[2025-08-01T02:34:53.238+0000] GC(265) Metaspace: 9706K(12544K)->9706K(12544K) NonClass: 8540K(11008K)->8540K(11008K) Class: 1166K(1536K)->1166K(1536K)
[2025-08-01T02:34:53.238+0000] GC(265) Pause Young (Normal) (G1 Evacuation Pause) 3771M->3716M(4096M) 30.786ms
[2025-08-01T02:34:53.238+0000] GC(265) User=0.23s Sys=0.00s Real=0.03s
[2025-08-01T02:34:53.264+0000] GC(266) Pause Young (Normal) (G1 Evacuation Pause)
[2025-08-01T02:34:53.264+0000] GC(266) Using 8 workers of 8 for evacuation
[2025-08-01T02:34:53.308+0000] GC(266)   Pre Evacuate Collection Set: 0.1ms
[2025-08-01T02:34:53.308+0000] GC(266)   Evacuate Collection Set: 42.6ms
[2025-08-01T02:34:53.308+0000] GC(266)   Post Evacuate Collection Set: 0.5ms
[2025-08-01T02:34:53.308+0000] GC(266)   Other: 0.3ms
[2025-08-01T02:34:53.308+0000] GC(266) Eden regions: 89->0(89)
[2025-08-01T02:34:53.308+0000] GC(266) Survivor regions: 13->13(13)
[2025-08-01T02:34:53.308+0000] GC(266) Old regions: 1847->1918
[2025-08-01T02:34:53.308+0000] GC(266) Humongous regions: 0->0
[2025-08-01T02:34:53.308+0000] GC(266) Metaspace: 9706K(12544K)->9706K(12544K) NonClass: 8540K(11008K)->8540K(11008K) Class: 1166K(1536K)->1166K(1536K)
[2025-08-01T02:34:53.308+0000] GC(266) Pause Young (Normal) (G1 Evacuation Pause) 3894M->3859M(4096M) 43.703ms
[2025-08-01T02:34:53.308+0000] GC(266) User=0.31s Sys=0.02s Real=0.04s
[2025-08-01T02:34:53.329+0000] GC(267) Pause Young (Normal) (G1 Evacuation Pause)
[2025-08-01T02:34:53.329+0000] GC(267) Using 8 workers of 8 for evacuation
[2025-08-01T02:34:53.366+0000] GC(267) To-space exhausted
[2025-08-01T02:34:53.366+0000] GC(267)   Pre Evacuate Collection Set: 0.1ms
[2025-08-01T02:34:53.366+0000] GC(267)   Evacuate Collection Set: 27.3ms
[2025-08-01T02:34:53.366+0000] GC(267)   Post Evacuate Collection Set: 9.8ms
[2025-08-01T02:34:53.366+0000] GC(267)   Other: 0.4ms
[2025-08-01T02:34:53.366+0000] GC(267) Eden regions: 89->0(89)
[2025-08-01T02:34:53.366+0000] GC(267) Survivor regions: 13->13(13)
[2025-08-01T02:34:53.366+0000] GC(267) Old regions: 1918->2027
[2025-08-01T02:34:53.366+0000] GC(267) Humongous regions: 0->0
[2025-08-01T02:34:53.366+0000] GC(267) Metaspace: 9706K(12544K)->9706K(12544K) NonClass: 8540K(11008K)->8540K(11008K) Class: 1166K(1536K)->1166K(1536K)
[2025-08-01T02:34:53.366+0000] GC(267) Pause Young (Normal) (G1 Evacuation Pause) 4037M->4077M(4096M) 37.748ms
[2025-08-01T02:34:53.366+0000] GC(267) User=0.28s Sys=0.01s Real=0.04s
[2025-08-01T02:34:53.371+0000] GC(268) Pause Young (Normal) (G1 Evacuation Pause)
[2025-08-01T02:34:53.371+0000] GC(268) Using 8 workers of 8 for evacuation
[2025-08-01T02:34:53.381+0000] GC(268) To-space exhausted
[2025-08-01T02:34:53.382+0000] GC(268)   Pre Evacuate Collection Set: 0.2ms
[2025-08-01T02:34:53.382+0000] GC(268)   Evacuate Collection Set: 7.7ms
[2025-08-01T02:34:53.382+0000] GC(268)   Post Evacuate Collection Set: 2.8ms
[2025-08-01T02:34:53.382+0000] GC(268)   Other: 0.3ms
[2025-08-01T02:34:53.382+0000] GC(268) Eden regions: 8->0(102)
[2025-08-01T02:34:53.382+0000] GC(268) Survivor regions: 13->0(13)
[2025-08-01T02:34:53.382+0000] GC(268) Old regions: 2027->2048
[2025-08-01T02:34:53.382+0000] GC(268) Humongous regions: 0->0
[2025-08-01T02:34:53.382+0000] GC(268) Metaspace: 9706K(12544K)->9706K(12544K) NonClass: 8540K(11008K)->8540K(11008K) Class: 1166K(1536K)->1166K(1536K)
[2025-08-01T02:34:53.382+0000] GC(268) Pause Young (Normal) (G1 Evacuation Pause) 4093M->4093M(4096M) 11.089ms
[2025-08-01T02:34:53.382+0000] GC(268) User=0.06s Sys=0.00s Real=0.01s
[2025-08-01T02:34:53.382+0000] GC(269) Using 8 workers of 8 for full compaction
[2025-08-01T02:34:53.382+0000] GC(269) Pause Full (G1 Evacuation Pause)
[2025-08-01T02:34:53.387+0000] GC(269) Phase 1: Mark live objects
[2025-08-01T02:34:53.413+0000] GC(269) Cleaned string and symbol table, strings: 2833 processed, 0 removed, symbols: 23489 processed, 0 removed
[2025-08-01T02:34:53.413+0000] GC(269) Phase 1: Mark live objects 25.774ms
[2025-08-01T02:34:53.413+0000] GC(269) Phase 2: Prepare for compaction
[2025-08-01T02:34:53.440+0000] GC(269) Phase 2: Prepare for compaction 26.876ms
[2025-08-01T02:34:53.440+0000] GC(269) Phase 3: Adjust pointers
[2025-08-01T02:34:53.465+0000] GC(269) Phase 3: Adjust pointers 24.382ms
[2025-08-01T02:34:53.465+0000] GC(269) Phase 4: Compact heap
[2025-08-01T02:34:53.542+0000] GC(269) Phase 4: Compact heap 77.710ms
[2025-08-01T02:34:53.545+0000] GC(269) Eden regions: 0->0(507)
[2025-08-01T02:34:53.545+0000] GC(269) Survivor regions: 0->0(13)
[2025-08-01T02:34:53.545+0000] GC(269) Old regions: 2048->260
[2025-08-01T02:34:53.545+0000] GC(269) Humongous regions: 0->0
[2025-08-01T02:34:53.545+0000] GC(269) Metaspace: 9706K(12544K)->9706K(12544K) NonClass: 8540K(11008K)->8540K(11008K) Class: 1166K(1536K)->1166K(1536K)
[2025-08-01T02:34:53.545+0000] GC(269) Pause Full (G1 Evacuation Pause) 4093M->510M(4096M) 163.409ms
[2025-08-01T02:34:53.545+0000] GC(269) User=1.09s Sys=0.02s Real=0.17s
[2025-08-01T02:34:53.546+0000] GC(264) Concurrent Mark From Roots 355.023ms
[2025-08-01T02:34:53.546+0000] GC(264) Concurrent Mark Abort
[2025-08-01T02:34:53.546+0000] GC(264) Concurrent Cycle 358.910ms
[2025-08-01T02:34:53.766+0000] GC(270) Pause Young (Normal) (G1 Evacuation Pause)
[2025-08-01T02:34:53.767+0000] GC(270) Using 8 workers of 8 for evacuation
[2025-08-01T02:34:53.940+0000] GC(270)   Pre Evacuate Collection Set: 0.1ms
[2025-08-01T02:34:53.940+0000] GC(270)   Evacuate Collection Set: 172.2ms
[2025-08-01T02:34:53.940+0000] GC(270)   Post Evacuate Collection Set: 0.9ms
[2025-08-01T02:34:53.940+0000] GC(270)   Other: 0.4ms
[2025-08-01T02:34:53.940+0000] GC(270) Eden regions: 507->0(384)
[2025-08-01T02:34:53.940+0000] GC(270) Survivor regions: 0->64(64)
[2025-08-01T02:34:53.940+0000] GC(270) Old regions: 260->602
[2025-08-01T02:34:53.940+0000] GC(270) Humongous regions: 0->0
[2025-08-01T02:34:53.940+0000] GC(270) Metaspace: 9706K(12544K)->9706K(12544K) NonClass: 8540K(11008K)->8540K(11008K) Class: 1166K(1536K)->1166K(1536K)
[2025-08-01T02:34:53.940+0000] GC(270) Pause Young (Normal) (G1 Evacuation Pause) 1524M->1321M(4096M) 173.864ms
[2025-08-01T02:34:53.940+0000] GC(270) User=1.34s Sys=0.03s Real=0.17s
[2025-08-01T02:34:54.110+0000] GC(271) Pause Young (Concurrent Start) (G1 Evacuation Pause)
[2025-08-01T02:34:54.110+0000] GC(271) Using 8 workers of 8 for evacuation
[2025-08-01T02:34:54.248+0000] GC(271)   Pre Evacuate Collection Set: 0.1ms
[2025-08-01T02:34:54.248+0000] GC(271)   Evacuate Collection Set: 135.5ms
[2025-08-01T02:34:54.248+0000] GC(271)   Post Evacuate Collection Set: 1.1ms
[2025-08-01T02:34:54.248+0000] GC(271)   Other: 0.5ms
[2025-08-01T02:34:54.248+0000] GC(271) Eden regions: 384->0(339)
[2025-08-01T02:34:54.248+0000] GC(271) Survivor regions: 64->56(56)
[2025-08-01T02:34:54.248+0000] GC(271) Old regions: 602->776
[2025-08-01T02:34:54.248+0000] GC(271) Humongous regions: 0->0
[2025-08-01T02:34:54.248+0000] GC(271) Metaspace: 9706K(12544K)->9706K(12544K) NonClass: 8540K(11008K)->8540K(11008K) Class: 1166K(1536K)->1166K(1536K)
[2025-08-01T02:34:54.248+0000] GC(271) Pause Young (Concurrent Start) (G1 Evacuation Pause) 2089M->1654M(4096M) 137.375ms
[2025-08-01T02:34:54.248+0000] GC(271) User=1.02s Sys=0.05s Real=0.14s
[2025-08-01T02:34:54.248+0000] GC(272) Concurrent Cycle
[2025-08-01T02:34:54.248+0000] GC(272) Concurrent Clear Claimed Marks
[2025-08-01T02:34:54.248+0000] GC(272) Concurrent Clear Claimed Marks 0.064ms
[2025-08-01T02:34:54.248+0000] GC(272) Concurrent Scan Root Regions
[2025-08-01T02:34:54.267+0000] GC(272) Concurrent Scan Root Regions 19.119ms
[2025-08-01T02:34:54.267+0000] GC(272) Concurrent Mark (33.263s)
[2025-08-01T02:34:54.267+0000] GC(272) Concurrent Mark From Roots
[2025-08-01T02:34:54.267+0000] GC(272) Using 2 workers of 2 for marking
[2025-08-01T02:34:54.355+0000] GC(272) Concurrent Mark From Roots 87.489ms
[2025-08-01T02:34:54.355+0000] GC(272) Concurrent Preclean
[2025-08-01T02:34:54.355+0000] GC(272) Concurrent Preclean 0.312ms
[2025-08-01T02:34:54.355+0000] GC(272) Concurrent Mark (33.263s, 33.351s) 87.919ms
[2025-08-01T02:34:54.356+0000] GC(272) Pause Remark
[2025-08-01T02:34:54.360+0000] GC(272) Cleaned string and symbol table, strings: 2833 processed, 0 removed, symbols: 23489 processed, 0 removed
[2025-08-01T02:34:54.361+0000] GC(272) Pause Remark 2226M->1177M(4096M) 5.455ms
[2025-08-01T02:34:54.361+0000] GC(272) User=0.02s Sys=0.00s Real=0.00s
[2025-08-01T02:34:54.361+0000] GC(272) Concurrent Rebuild Remembered Sets
[2025-08-01T02:34:54.410+0000] GC(273) Pause Young (Normal) (G1 Evacuation Pause)
[2025-08-01T02:34:54.411+0000] GC(273) Using 8 workers of 8 for evacuation
[2025-08-01T02:34:54.539+0000] GC(273)   Pre Evacuate Collection Set: 0.1ms
[2025-08-01T02:34:54.539+0000] GC(273)   Evacuate Collection Set: 126.8ms
[2025-08-01T02:34:54.539+0000] GC(273)   Post Evacuate Collection Set: 1.0ms
[2025-08-01T02:34:54.539+0000] GC(273)   Other: 0.3ms
[2025-08-01T02:34:54.539+0000] GC(273) Eden regions: 339->0(393)
[2025-08-01T02:34:54.539+0000] GC(273) Survivor regions: 56->50(50)
[2025-08-01T02:34:54.539+0000] GC(273) Old regions: 248->594
[2025-08-01T02:34:54.539+0000] GC(273) Humongous regions: 0->0
[2025-08-01T02:34:54.539+0000] GC(273) Metaspace: 9706K(12544K)->9706K(12544K) NonClass: 8540K(11008K)->8540K(11008K) Class: 1166K(1536K)->1166K(1536K)
[2025-08-01T02:34:54.539+0000] GC(273) Pause Young (Normal) (G1 Evacuation Pause) 1283M->1284M(4096M) 128.257ms
[2025-08-01T02:34:54.539+0000] GC(273) User=0.89s Sys=0.03s Real=0.13s
[2025-08-01T02:34:54.561+0000] GC(272) Concurrent Rebuild Remembered Sets 199.740ms
[2025-08-01T02:34:54.562+0000] GC(272) Pause Cleanup
[2025-08-01T02:34:54.562+0000] GC(272) Pause Cleanup 1520M->1520M(4096M) 0.762ms
[2025-08-01T02:34:54.562+0000] GC(272) User=0.00s Sys=0.01s Real=0.00s
[2025-08-01T02:34:54.562+0000] GC(272) Concurrent Cleanup for Next Mark
[2025-08-01T02:34:54.573+0000] GC(272) Concurrent Cleanup for Next Mark 11.003ms
[2025-08-01T02:34:54.574+0000] GC(272) Concurrent Cycle 325.458ms
[2025-08-01T02:34:54.705+0000] GC(274) Pause Young (Normal) (G1 Evacuation Pause)
[2025-08-01T02:34:54.705+0000] GC(274) Using 8 workers of 8 for evacuation
[2025-08-01T02:34:54.846+0000] GC(274)   Pre Evacuate Collection Set: 0.1ms
[2025-08-01T02:34:54.846+0000] GC(274)   Evacuate Collection Set: 138.8ms
[2025-08-01T02:34:54.846+0000] GC(274)   Post Evacuate Collection Set: 2.1ms
[2025-08-01T02:34:54.846+0000] GC(274)   Other: 0.4ms
[2025-08-01T02:34:54.846+0000] GC(274) Eden regions: 393->0(359)
[2025-08-01T02:34:54.846+0000] GC(274) Survivor regions: 50->56(56)
[2025-08-01T02:34:54.846+0000] GC(274) Old regions: 594->745
[2025-08-01T02:34:54.846+0000] GC(274) Humongous regions: 0->0
[2025-08-01T02:34:54.847+0000] GC(274) Metaspace: 9706K(12544K)->9706K(12544K) NonClass: 8540K(11008K)->8540K(11008K) Class: 1166K(1536K)->1166K(1536K)
[2025-08-01T02:34:54.847+0000] GC(274) Pause Young (Normal) (G1 Evacuation Pause) 2070M->1599M(4096M) 141.574ms
[2025-08-01T02:34:54.847+0000] GC(274) User=1.07s Sys=0.02s Real=0.14s
[2025-08-01T02:34:55.016+0000] GC(275) Pause Young (Concurrent Start) (G1 Evacuation Pause)
[2025-08-01T02:34:55.016+0000] GC(275) Using 8 workers of 8 for evacuation
[2025-08-01T02:34:55.124+0000] GC(275)   Pre Evacuate Collection Set: 0.1ms
[2025-08-01T02:34:55.124+0000] GC(275)   Evacuate Collection Set: 106.4ms
[2025-08-01T02:34:55.124+0000] GC(275)   Post Evacuate Collection Set: 0.9ms
[2025-08-01T02:34:55.124+0000] GC(275)   Other: 0.4ms
[2025-08-01T02:34:55.124+0000] GC(275) Eden regions: 359->0(239)
[2025-08-01T02:34:55.124+0000] GC(275) Survivor regions: 56->52(52)
[2025-08-01T02:34:55.124+0000] GC(275) Old regions: 745->1050
[2025-08-01T02:34:55.124+0000] GC(275) Humongous regions: 0->0
[2025-08-01T02:34:55.124+0000] GC(275) Metaspace: 9706K(12544K)->9706K(12544K) NonClass: 8540K(11008K)->8540K(11008K) Class: 1166K(1536K)->1166K(1536K)
[2025-08-01T02:34:55.124+0000] GC(275) Pause Young (Concurrent Start) (G1 Evacuation Pause) 2317M->2201M(4096M) 108.048ms
[2025-08-01T02:34:55.124+0000] GC(275) User=0.84s Sys=0.00s Real=0.11s
[2025-08-01T02:34:55.124+0000] GC(276) Concurrent Cycle
[2025-08-01T02:34:55.124+0000] GC(276) Concurrent Clear Claimed Marks
[2025-08-01T02:34:55.124+0000] GC(276) Concurrent Clear Claimed Marks 0.061ms
[2025-08-01T02:34:55.124+0000] GC(276) Concurrent Scan Root Regions
[2025-08-01T02:34:55.138+0000] GC(276) Concurrent Scan Root Regions 13.682ms
[2025-08-01T02:34:55.138+0000] GC(276) Concurrent Mark (34.134s)
[2025-08-01T02:34:55.138+0000] GC(276) Concurrent Mark From Roots
[2025-08-01T02:34:55.138+0000] GC(276) Using 2 workers of 2 for marking
[2025-08-01T02:34:55.222+0000] GC(277) Pause Young (Normal) (G1 Evacuation Pause)
[2025-08-01T02:34:55.222+0000] GC(277) Using 8 workers of 8 for evacuation
[2025-08-01T02:34:55.319+0000] GC(277)   Pre Evacuate Collection Set: 0.1ms
[2025-08-01T02:34:55.319+0000] GC(277)   Evacuate Collection Set: 95.5ms
[2025-08-01T02:34:55.319+0000] GC(277)   Post Evacuate Collection Set: 0.9ms
[2025-08-01T02:34:55.319+0000] GC(277)   Other: 0.3ms
[2025-08-01T02:34:55.319+0000] GC(277) Eden regions: 239->0(183)
[2025-08-01T02:34:55.319+0000] GC(277) Survivor regions: 52->37(37)
[2025-08-01T02:34:55.319+0000] GC(277) Old regions: 1050->1247
[2025-08-01T02:34:55.319+0000] GC(277) Humongous regions: 0->0
[2025-08-01T02:34:55.319+0000] GC(277) Metaspace: 9706K(12544K)->9706K(12544K) NonClass: 8540K(11008K)->8540K(11008K) Class: 1166K(1536K)->1166K(1536K)
[2025-08-01T02:34:55.319+0000] GC(277) Pause Young (Normal) (G1 Evacuation Pause) 2679M->2564M(4096M) 96.944ms
[2025-08-01T02:34:55.319+0000] GC(277) User=0.71s Sys=0.03s Real=0.10s
[2025-08-01T02:34:55.398+0000] GC(276) Concurrent Mark From Roots 259.247ms
[2025-08-01T02:34:55.398+0000] GC(276) Concurrent Preclean
[2025-08-01T02:34:55.398+0000] GC(276) Concurrent Preclean 0.657ms
[2025-08-01T02:34:55.398+0000] GC(276) Concurrent Mark (34.134s, 34.394s) 260.070ms
[2025-08-01T02:34:55.399+0000] GC(276) Pause Remark
[2025-08-01T02:34:55.404+0000] GC(276) Cleaned string and symbol table, strings: 2833 processed, 0 removed, symbols: 23489 processed, 0 removed
[2025-08-01T02:34:55.406+0000] GC(276) Pause Remark 2876M->1702M(4096M) 6.729ms
[2025-08-01T02:34:55.406+0000] GC(276) User=0.03s Sys=0.00s Real=0.01s
[2025-08-01T02:34:55.406+0000] GC(276) Concurrent Rebuild Remembered Sets
[2025-08-01T02:34:55.412+0000] GC(278) Pause Young (Normal) (G1 Evacuation Pause)
[2025-08-01T02:34:55.412+0000] GC(278) Using 8 workers of 8 for evacuation
[2025-08-01T02:34:55.489+0000] GC(278)   Pre Evacuate Collection Set: 0.1ms
[2025-08-01T02:34:55.489+0000] GC(278)   Evacuate Collection Set: 75.9ms
[2025-08-01T02:34:55.489+0000] GC(278)   Post Evacuate Collection Set: 0.9ms
[2025-08-01T02:34:55.489+0000] GC(278)   Other: 0.3ms
[2025-08-01T02:34:55.489+0000] GC(278) Eden regions: 183->0(316)
[2025-08-01T02:34:55.489+0000] GC(278) Survivor regions: 37->28(28)
[2025-08-01T02:34:55.489+0000] GC(278) Old regions: 660->854
[2025-08-01T02:34:55.489+0000] GC(278) Humongous regions: 0->0
[2025-08-01T02:34:55.489+0000] GC(278) Metaspace: 9706K(12544K)->9706K(12544K) NonClass: 8540K(11008K)->8540K(11008K) Class: 1166K(1536K)->1166K(1536K)
[2025-08-01T02:34:55.489+0000] GC(278) Pause Young (Normal) (G1 Evacuation Pause) 1756M->1761M(4096M) 77.314ms
[2025-08-01T02:34:55.489+0000] GC(278) User=0.57s Sys=0.03s Real=0.08s
[2025-08-01T02:34:55.638+0000] GC(279) Pause Young (Normal) (G1 Evacuation Pause)
[2025-08-01T02:34:55.638+0000] GC(279) Using 8 workers of 8 for evacuation
[2025-08-01T02:34:55.706+0000] GC(279)   Pre Evacuate Collection Set: 0.1ms
[2025-08-01T02:34:55.706+0000] GC(279)   Evacuate Collection Set: 67.1ms
[2025-08-01T02:34:55.706+0000] GC(279)   Post Evacuate Collection Set: 1.0ms
[2025-08-01T02:34:55.706+0000] GC(279)   Other: 0.4ms
[2025-08-01T02:34:55.706+0000] GC(279) Eden regions: 316->0(261)
[2025-08-01T02:34:55.706+0000] GC(279) Survivor regions: 28->43(43)
[2025-08-01T02:34:55.706+0000] GC(279) Old regions: 854->1018
[2025-08-01T02:34:55.706+0000] GC(279) Humongous regions: 0->0
[2025-08-01T02:34:55.706+0000] GC(279) Metaspace: 9706K(12544K)->9706K(12544K) NonClass: 8540K(11008K)->8540K(11008K) Class: 1166K(1536K)->1166K(1536K)
[2025-08-01T02:34:55.707+0000] GC(279) Pause Young (Normal) (G1 Evacuation Pause) 2393M->2118M(4096M) 68.672ms
[2025-08-01T02:34:55.707+0000] GC(279) User=0.52s Sys=0.00s Real=0.07s
[2025-08-01T02:34:55.755+0000] GC(276) Concurrent Rebuild Remembered Sets 349.277ms
[2025-08-01T02:34:55.755+0000] GC(276) Pause Cleanup
[2025-08-01T02:34:55.757+0000] GC(276) Pause Cleanup 2422M->2422M(4096M) 1.226ms
[2025-08-01T02:34:55.757+0000] GC(276) User=0.00s Sys=0.00s Real=0.00s
[2025-08-01T02:34:55.757+0000] GC(276) Concurrent Cleanup for Next Mark
[2025-08-01T02:34:55.765+0000] GC(276) Concurrent Cleanup for Next Mark 8.142ms
[2025-08-01T02:34:55.765+0000] GC(276) Concurrent Cycle 640.896ms
[2025-08-01T02:34:55.801+0000] GC(280) Pause Young (Normal) (G1 Evacuation Pause)
[2025-08-01T02:34:55.801+0000] GC(280) Using 8 workers of 8 for evacuation
[2025-08-01T02:34:55.905+0000] GC(280)   Pre Evacuate Collection Set: 0.1ms
[2025-08-01T02:34:55.905+0000] GC(280)   Evacuate Collection Set: 102.9ms
[2025-08-01T02:34:55.905+0000] GC(280)   Post Evacuate Collection Set: 0.8ms
[2025-08-01T02:34:55.905+0000] GC(280)   Other: 0.3ms
[2025-08-01T02:34:55.905+0000] GC(280) Eden regions: 261->0(164)
[2025-08-01T02:34:55.905+0000] GC(280) Survivor regions: 43->38(38)
[2025-08-01T02:34:55.905+0000] GC(280) Old regions: 1018->1285
[2025-08-01T02:34:55.905+0000] GC(280) Humongous regions: 0->0
[2025-08-01T02:34:55.905+0000] GC(280) Metaspace: 9706K(12544K)->9706K(12544K) NonClass: 8540K(11008K)->8540K(11008K) Class: 1166K(1536K)->1166K(1536K)
[2025-08-01T02:34:55.905+0000] GC(280) Pause Young (Normal) (G1 Evacuation Pause) 2640M->2643M(4096M) 104.265ms
[2025-08-01T02:34:55.905+0000] GC(280) User=0.78s Sys=0.03s Real=0.11s
[2025-08-01T02:34:55.982+0000] GC(281) Pause Young (Concurrent Start) (G1 Evacuation Pause)
[2025-08-01T02:34:55.982+0000] GC(281) Using 8 workers of 8 for evacuation
[2025-08-01T02:34:56.097+0000] GC(281)   Pre Evacuate Collection Set: 0.1ms
[2025-08-01T02:34:56.097+0000] GC(281)   Evacuate Collection Set: 112.8ms
[2025-08-01T02:34:56.097+0000] GC(281)   Post Evacuate Collection Set: 1.6ms
[2025-08-01T02:34:56.097+0000] GC(281)   Other: 0.5ms
[2025-08-01T02:34:56.097+0000] GC(281) Eden regions: 164->0(122)
[2025-08-01T02:34:56.097+0000] GC(281) Survivor regions: 38->26(26)
[2025-08-01T02:34:56.097+0000] GC(281) Old regions: 1285->1431
[2025-08-01T02:34:56.097+0000] GC(281) Humongous regions: 0->0
[2025-08-01T02:34:56.097+0000] GC(281) Metaspace: 9706K(12544K)->9706K(12544K) NonClass: 8540K(11008K)->8540K(11008K) Class: 1166K(1536K)->1166K(1536K)
[2025-08-01T02:34:56.097+0000] GC(281) Pause Young (Concurrent Start) (G1 Evacuation Pause) 2971M->2910M(4096M) 115.350ms
[2025-08-01T02:34:56.097+0000] GC(281) User=0.85s Sys=0.04s Real=0.12s
[2025-08-01T02:34:56.098+0000] GC(282) Concurrent Cycle
[2025-08-01T02:34:56.098+0000] GC(282) Concurrent Clear Claimed Marks
[2025-08-01T02:34:56.098+0000] GC(282) Concurrent Clear Claimed Marks 0.098ms
[2025-08-01T02:34:56.098+0000] GC(282) Concurrent Scan Root Regions
[2025-08-01T02:34:56.109+0000] GC(282) Concurrent Scan Root Regions 10.741ms
[2025-08-01T02:34:56.109+0000] GC(282) Concurrent Mark (35.104s)
[2025-08-01T02:34:56.109+0000] GC(282) Concurrent Mark From Roots
[2025-08-01T02:34:56.109+0000] GC(282) Using 2 workers of 2 for marking
[2025-08-01T02:34:56.140+0000] GC(283) Pause Young (Normal) (G1 Evacuation Pause)
[2025-08-01T02:34:56.140+0000] GC(283) Using 8 workers of 8 for evacuation
[2025-08-01T02:34:56.217+0000] GC(283)   Pre Evacuate Collection Set: 0.1ms
[2025-08-01T02:34:56.217+0000] GC(283)   Evacuate Collection Set: 76.2ms
[2025-08-01T02:34:56.217+0000] GC(283)   Post Evacuate Collection Set: 0.8ms
[2025-08-01T02:34:56.217+0000] GC(283)   Other: 0.5ms
[2025-08-01T02:34:56.217+0000] GC(283) Eden regions: 122->0(83)
[2025-08-01T02:34:56.217+0000] GC(283) Survivor regions: 26->19(19)
[2025-08-01T02:34:56.217+0000] GC(283) Old regions: 1431->1562
[2025-08-01T02:34:56.217+0000] GC(283) Humongous regions: 0->0
[2025-08-01T02:34:56.217+0000] GC(283) Metaspace: 9706K(12544K)->9706K(12544K) NonClass: 8540K(11008K)->8540K(11008K) Class: 1166K(1536K)->1166K(1536K)
[2025-08-01T02:34:56.217+0000] GC(283) Pause Young (Normal) (G1 Evacuation Pause) 3154M->3158M(4096M) 77.753ms
[2025-08-01T02:34:56.217+0000] GC(283) User=0.58s Sys=0.02s Real=0.08s
[2025-08-01T02:34:56.238+0000] GC(284) Pause Young (Normal) (G1 Evacuation Pause)
[2025-08-01T02:34:56.238+0000] GC(284) Using 8 workers of 8 for evacuation
[2025-08-01T02:34:56.270+0000] GC(284)   Pre Evacuate Collection Set: 0.1ms
[2025-08-01T02:34:56.270+0000] GC(284)   Evacuate Collection Set: 30.5ms
[2025-08-01T02:34:56.270+0000] GC(284)   Post Evacuate Collection Set: 0.7ms
[2025-08-01T02:34:56.270+0000] GC(284)   Other: 0.3ms
[2025-08-01T02:34:56.270+0000] GC(284) Eden regions: 83->0(89)
[2025-08-01T02:34:56.270+0000] GC(284) Survivor regions: 19->13(13)
[2025-08-01T02:34:56.270+0000] GC(284) Old regions: 1562->1652
[2025-08-01T02:34:56.270+0000] GC(284) Humongous regions: 0->0
[2025-08-01T02:34:56.270+0000] GC(284) Metaspace: 9706K(12544K)->9706K(12544K) NonClass: 8540K(11008K)->8540K(11008K) Class: 1166K(1536K)->1166K(1536K)
[2025-08-01T02:34:56.270+0000] GC(284) Pause Young (Normal) (G1 Evacuation Pause) 3324M->3326M(4096M) 31.755ms
[2025-08-01T02:34:56.270+0000] GC(284) User=0.24s Sys=0.00s Real=0.03s
[2025-08-01T02:34:56.292+0000] GC(285) Pause Young (Normal) (G1 Evacuation Pause)
[2025-08-01T02:34:56.292+0000] GC(285) Using 8 workers of 8 for evacuation
[2025-08-01T02:34:56.328+0000] GC(285)   Pre Evacuate Collection Set: 0.1ms
[2025-08-01T02:34:56.328+0000] GC(285)   Evacuate Collection Set: 35.4ms
[2025-08-01T02:34:56.328+0000] GC(285)   Post Evacuate Collection Set: 0.8ms
[2025-08-01T02:34:56.329+0000] GC(285)   Other: 0.3ms
[2025-08-01T02:34:56.329+0000] GC(285) Eden regions: 89->0(89)
[2025-08-01T02:34:56.329+0000] GC(285) Survivor regions: 13->13(13)
[2025-08-01T02:34:56.329+0000] GC(285) Old regions: 1652->1730
[2025-08-01T02:34:56.329+0000] GC(285) Humongous regions: 0->0
[2025-08-01T02:34:56.329+0000] GC(285) Metaspace: 9706K(12544K)->9706K(12544K) NonClass: 8540K(11008K)->8540K(11008K) Class: 1166K(1536K)->1166K(1536K)
[2025-08-01T02:34:56.329+0000] GC(285) Pause Young (Normal) (G1 Evacuation Pause) 3504M->3482M(4096M) 36.866ms
[2025-08-01T02:34:56.329+0000] GC(285) User=0.27s Sys=0.00s Real=0.04s
[2025-08-01T02:34:56.348+0000] GC(286) Pause Young (Normal) (G1 Evacuation Pause)
[2025-08-01T02:34:56.348+0000] GC(286) Using 8 workers of 8 for evacuation
[2025-08-01T02:34:56.374+0000] GC(286)   Pre Evacuate Collection Set: 0.1ms
[2025-08-01T02:34:56.374+0000] GC(286)   Evacuate Collection Set: 24.2ms
[2025-08-01T02:34:56.374+0000] GC(286)   Post Evacuate Collection Set: 0.7ms
[2025-08-01T02:34:56.374+0000] GC(286)   Other: 0.3ms
[2025-08-01T02:34:56.374+0000] GC(286) Eden regions: 89->0(89)
[2025-08-01T02:34:56.374+0000] GC(286) Survivor regions: 13->13(13)
[2025-08-01T02:34:56.374+0000] GC(286) Old regions: 1730->1791
[2025-08-01T02:34:56.374+0000] GC(286) Humongous regions: 0->0
[2025-08-01T02:34:56.374+0000] GC(286) Metaspace: 9706K(12544K)->9706K(12544K) NonClass: 8540K(11008K)->8540K(11008K) Class: 1166K(1536K)->1166K(1536K)
[2025-08-01T02:34:56.374+0000] GC(286) Pause Young (Normal) (G1 Evacuation Pause) 3660M->3604M(4096M) 25.492ms
[2025-08-01T02:34:56.374+0000] GC(286) User=0.19s Sys=0.00s Real=0.03s
[2025-08-01T02:34:56.408+0000] GC(287) Pause Young (Normal) (G1 Evacuation Pause)
[2025-08-01T02:34:56.408+0000] GC(287) Using 8 workers of 8 for evacuation
[2025-08-01T02:34:56.445+0000] GC(287)   Pre Evacuate Collection Set: 0.1ms
[2025-08-01T02:34:56.445+0000] GC(287)   Evacuate Collection Set: 35.9ms
[2025-08-01T02:34:56.445+0000] GC(287)   Post Evacuate Collection Set: 0.6ms
[2025-08-01T02:34:56.445+0000] GC(287)   Other: 0.3ms
[2025-08-01T02:34:56.445+0000] GC(287) Eden regions: 89->0(89)
[2025-08-01T02:34:56.445+0000] GC(287) Survivor regions: 13->13(13)
[2025-08-01T02:34:56.445+0000] GC(287) Old regions: 1791->1881
[2025-08-01T02:34:56.445+0000] GC(287) Humongous regions: 0->0
[2025-08-01T02:34:56.445+0000] GC(287) Metaspace: 9706K(12544K)->9706K(12544K) NonClass: 8540K(11008K)->8540K(11008K) Class: 1166K(1536K)->1166K(1536K)
[2025-08-01T02:34:56.445+0000] GC(287) Pause Young (Normal) (G1 Evacuation Pause) 3782M->3784M(4096M) 37.043ms
[2025-08-01T02:34:56.445+0000] GC(287) User=0.28s Sys=0.01s Real=0.04s
[2025-08-01T02:34:56.463+0000] GC(288) Pause Young (Normal) (G1 Evacuation Pause)
[2025-08-01T02:34:56.463+0000] GC(288) Using 8 workers of 8 for evacuation
[2025-08-01T02:34:56.500+0000] GC(288) To-space exhausted
[2025-08-01T02:34:56.500+0000] GC(288)   Pre Evacuate Collection Set: 0.1ms
[2025-08-01T02:34:56.500+0000] GC(288)   Evacuate Collection Set: 29.8ms
[2025-08-01T02:34:56.500+0000] GC(288)   Post Evacuate Collection Set: 6.9ms
[2025-08-01T02:34:56.500+0000] GC(288)   Other: 0.3ms
[2025-08-01T02:34:56.500+0000] GC(288) Eden regions: 89->0(89)
[2025-08-01T02:34:56.500+0000] GC(288) Survivor regions: 13->13(13)
[2025-08-01T02:34:56.501+0000] GC(288) Old regions: 1881->1999
[2025-08-01T02:34:56.501+0000] GC(288) Humongous regions: 0->0
[2025-08-01T02:34:56.501+0000] GC(288) Metaspace: 9706K(12544K)->9706K(12544K) NonClass: 8540K(11008K)->8540K(11008K) Class: 1166K(1536K)->1166K(1536K)
[2025-08-01T02:34:56.501+0000] GC(288) Pause Young (Normal) (G1 Evacuation Pause) 3962M->4021M(4096M) 37.296ms
[2025-08-01T02:34:56.501+0000] GC(288) User=0.28s Sys=0.00s Real=0.03s
[2025-08-01T02:34:56.509+0000] GC(289) Pause Young (Normal) (G1 Evacuation Pause)
[2025-08-01T02:34:56.509+0000] GC(289) Using 8 workers of 8 for evacuation
[2025-08-01T02:34:56.530+0000] GC(289) To-space exhausted
[2025-08-01T02:34:56.531+0000] GC(289)   Pre Evacuate Collection Set: 0.1ms
[2025-08-01T02:34:56.531+0000] GC(289)   Evacuate Collection Set: 15.6ms
[2025-08-01T02:34:56.531+0000] GC(289)   Post Evacuate Collection Set: 5.7ms
[2025-08-01T02:34:56.531+0000] GC(289)   Other: 0.4ms
[2025-08-01T02:34:56.531+0000] GC(289) Eden regions: 36->0(102)
[2025-08-01T02:34:56.531+0000] GC(289) Survivor regions: 13->0(13)
[2025-08-01T02:34:56.531+0000] GC(289) Old regions: 1999->2048
[2025-08-01T02:34:56.531+0000] GC(289) Humongous regions: 0->0
[2025-08-01T02:34:56.531+0000] GC(289) Metaspace: 9706K(12544K)->9706K(12544K) NonClass: 8540K(11008K)->8540K(11008K) Class: 1166K(1536K)->1166K(1536K)
[2025-08-01T02:34:56.531+0000] GC(289) Pause Young (Normal) (G1 Evacuation Pause) 4093M->4093M(4096M) 21.845ms
[2025-08-01T02:34:56.531+0000] GC(289) User=0.15s Sys=0.01s Real=0.02s
[2025-08-01T02:34:56.531+0000] GC(290) Using 8 workers of 8 for full compaction
[2025-08-01T02:34:56.531+0000] GC(290) Pause Full (G1 Evacuation Pause)
[2025-08-01T02:34:56.537+0000] GC(290) Phase 1: Mark live objects
[2025-08-01T02:34:56.577+0000] GC(290) Cleaned string and symbol table, strings: 2833 processed, 0 removed, symbols: 23489 processed, 0 removed
[2025-08-01T02:34:56.577+0000] GC(290) Phase 1: Mark live objects 40.008ms
[2025-08-01T02:34:56.577+0000] GC(290) Phase 2: Prepare for compaction
[2025-08-01T02:34:56.613+0000] GC(290) Phase 2: Prepare for compaction 35.880ms
[2025-08-01T02:34:56.613+0000] GC(290) Phase 3: Adjust pointers
[2025-08-01T02:34:56.644+0000] GC(290) Phase 3: Adjust pointers 30.986ms
[2025-08-01T02:34:56.644+0000] GC(290) Phase 4: Compact heap
[2025-08-01T02:34:56.754+0000] GC(290) Phase 4: Compact heap 110.038ms
[2025-08-01T02:34:56.756+0000] GC(290) Eden regions: 0->0(402)
[2025-08-01T02:34:56.756+0000] GC(290) Survivor regions: 0->0(13)
[2025-08-01T02:34:56.756+0000] GC(290) Old regions: 2048->380
[2025-08-01T02:34:56.756+0000] GC(290) Humongous regions: 0->0
[2025-08-01T02:34:56.756+0000] GC(290) Metaspace: 9706K(12544K)->9706K(12544K) NonClass: 8540K(11008K)->8540K(11008K) Class: 1166K(1536K)->1166K(1536K)
[2025-08-01T02:34:56.756+0000] GC(290) Pause Full (G1 Evacuation Pause) 4093M->750M(4096M) 225.394ms
[2025-08-01T02:34:56.756+0000] GC(290) User=1.56s Sys=0.02s Real=0.23s
[2025-08-01T02:34:56.757+0000] GC(282) Concurrent Mark From Roots 647.875ms
[2025-08-01T02:34:56.757+0000] GC(282) Concurrent Mark Abort
[2025-08-01T02:34:56.757+0000] GC(282) Concurrent Cycle 659.086ms
[2025-08-01T02:34:56.919+0000] GC(291) Pause Young (Normal) (G1 Evacuation Pause)
[2025-08-01T02:34:56.919+0000] GC(291) Using 8 workers of 8 for evacuation
[2025-08-01T02:34:57.063+0000] GC(291)   Pre Evacuate Collection Set: 0.1ms
[2025-08-01T02:34:57.063+0000] GC(291)   Evacuate Collection Set: 142.8ms
[2025-08-01T02:34:57.063+0000] GC(291)   Post Evacuate Collection Set: 1.0ms
[2025-08-01T02:34:57.063+0000] GC(291)   Other: 0.4ms
[2025-08-01T02:34:57.063+0000] GC(291) Eden regions: 402->0(367)
[2025-08-01T02:34:57.063+0000] GC(291) Survivor regions: 0->51(51)
[2025-08-01T02:34:57.063+0000] GC(291) Old regions: 380->686
[2025-08-01T02:34:57.063+0000] GC(291) Humongous regions: 0->0
[2025-08-01T02:34:57.063+0000] GC(291) Metaspace: 9706K(12544K)->9706K(12544K) NonClass: 8540K(11008K)->8540K(11008K) Class: 1166K(1536K)->1166K(1536K)
[2025-08-01T02:34:57.063+0000] GC(291) Pause Young (Normal) (G1 Evacuation Pause) 1554M->1463M(4096M) 144.480ms
[2025-08-01T02:34:57.063+0000] GC(291) User=1.05s Sys=0.07s Real=0.15s
[2025-08-01T02:34:57.222+0000] GC(292) Pause Young (Concurrent Start) (G1 Evacuation Pause)
[2025-08-01T02:34:57.222+0000] GC(292) Using 8 workers of 8 for evacuation
[2025-08-01T02:34:57.318+0000] GC(292)   Pre Evacuate Collection Set: 0.1ms
[2025-08-01T02:34:57.318+0000] GC(292)   Evacuate Collection Set: 94.7ms
[2025-08-01T02:34:57.318+0000] GC(292)   Post Evacuate Collection Set: 1.0ms
[2025-08-01T02:34:57.318+0000] GC(292)   Other: 0.6ms
[2025-08-01T02:34:57.318+0000] GC(292) Eden regions: 367->0(333)
[2025-08-01T02:34:57.318+0000] GC(292) Survivor regions: 51->53(53)
[2025-08-01T02:34:57.318+0000] GC(292) Old regions: 686->836
[2025-08-01T02:34:57.318+0000] GC(292) Humongous regions: 0->0
[2025-08-01T02:34:57.318+0000] GC(292) Metaspace: 9706K(12544K)->9706K(12544K) NonClass: 8540K(11008K)->8540K(11008K) Class: 1166K(1536K)->1166K(1536K)
[2025-08-01T02:34:57.318+0000] GC(292) Pause Young (Concurrent Start) (G1 Evacuation Pause) 2197M->1768M(4096M) 96.384ms
[2025-08-01T02:34:57.318+0000] GC(292) User=0.70s Sys=0.03s Real=0.10s
[2025-08-01T02:34:57.318+0000] GC(293) Concurrent Cycle
[2025-08-01T02:34:57.319+0000] GC(293) Concurrent Clear Claimed Marks
[2025-08-01T02:34:57.319+0000] GC(293) Concurrent Clear Claimed Marks 0.062ms
[2025-08-01T02:34:57.319+0000] GC(293) Concurrent Scan Root Regions
[2025-08-01T02:34:57.333+0000] GC(293) Concurrent Scan Root Regions 14.123ms
[2025-08-01T02:34:57.333+0000] GC(293) Concurrent Mark (36.328s)
[2025-08-01T02:34:57.333+0000] GC(293) Concurrent Mark From Roots
[2025-08-01T02:34:57.333+0000] GC(293) Using 2 workers of 2 for marking
[2025-08-01T02:34:57.437+0000] GC(293) Concurrent Mark From Roots 104.179ms
[2025-08-01T02:34:57.437+0000] GC(293) Concurrent Preclean
[2025-08-01T02:34:57.437+0000] GC(293) Concurrent Preclean 0.312ms
[2025-08-01T02:34:57.437+0000] GC(293) Concurrent Mark (36.328s, 36.433s) 104.603ms
[2025-08-01T02:34:57.438+0000] GC(293) Pause Remark
[2025-08-01T02:34:57.452+0000] GC(293) Cleaned string and symbol table, strings: 2833 processed, 0 removed, symbols: 23489 processed, 0 removed
[2025-08-01T02:34:57.453+0000] GC(293) Pause Remark 2368M->1271M(4096M) 15.400ms
[2025-08-01T02:34:57.453+0000] GC(293) User=0.08s Sys=0.00s Real=0.02s
[2025-08-01T02:34:57.454+0000] GC(293) Concurrent Rebuild Remembered Sets
[2025-08-01T02:34:57.467+0000] GC(294) Pause Young (Normal) (G1 Evacuation Pause)
[2025-08-01T02:34:57.467+0000] GC(294) Using 8 workers of 8 for evacuation
[2025-08-01T02:34:57.576+0000] GC(294)   Pre Evacuate Collection Set: 0.1ms
[2025-08-01T02:34:57.576+0000] GC(294)   Evacuate Collection Set: 107.3ms
[2025-08-01T02:34:57.576+0000] GC(294)   Post Evacuate Collection Set: 1.0ms
[2025-08-01T02:34:57.576+0000] GC(294)   Other: 0.3ms
[2025-08-01T02:34:57.576+0000] GC(294) Eden regions: 333->0(458)
[2025-08-01T02:34:57.576+0000] GC(294) Survivor regions: 53->49(49)
[2025-08-01T02:34:57.576+0000] GC(294) Old regions: 284->516
[2025-08-01T02:34:57.576+0000] GC(294) Humongous regions: 0->0
[2025-08-01T02:34:57.576+0000] GC(294) Metaspace: 9706K(12544K)->9706K(12544K) NonClass: 8540K(11008K)->8540K(11008K) Class: 1166K(1536K)->1166K(1536K)
[2025-08-01T02:34:57.576+0000] GC(294) Pause Young (Normal) (G1 Evacuation Pause) 1337M->1127M(4096M) 108.915ms
[2025-08-01T02:34:57.576+0000] GC(294) User=0.80s Sys=0.04s Real=0.11s
[2025-08-01T02:34:57.635+0000] GC(293) Concurrent Rebuild Remembered Sets 181.499ms
[2025-08-01T02:34:57.636+0000] GC(293) Pause Cleanup
[2025-08-01T02:34:57.636+0000] GC(293) Pause Cleanup 1441M->1441M(4096M) 0.746ms
[2025-08-01T02:34:57.636+0000] GC(293) User=0.00s Sys=0.00s Real=0.00s
[2025-08-01T02:34:57.637+0000] GC(293) Concurrent Cleanup for Next Mark
[2025-08-01T02:34:57.647+0000] GC(293) Concurrent Cleanup for Next Mark 10.469ms
[2025-08-01T02:34:57.647+0000] GC(293) Concurrent Cycle 328.608ms
[2025-08-01T02:34:57.753+0000] GC(295) Pause Young (Normal) (G1 Evacuation Pause)
[2025-08-01T02:34:57.753+0000] GC(295) Using 8 workers of 8 for evacuation
[2025-08-01T02:34:57.884+0000] GC(295)   Pre Evacuate Collection Set: 0.1ms
[2025-08-01T02:34:57.884+0000] GC(295)   Evacuate Collection Set: 129.1ms
[2025-08-01T02:34:57.884+0000] GC(295)   Post Evacuate Collection Set: 1.0ms
[2025-08-01T02:34:57.884+0000] GC(295)   Other: 0.3ms
[2025-08-01T02:34:57.884+0000] GC(295) Eden regions: 458->0(384)
[2025-08-01T02:34:57.884+0000] GC(295) Survivor regions: 49->64(64)
[2025-08-01T02:34:57.884+0000] GC(295) Old regions: 516->721
[2025-08-01T02:34:57.884+0000] GC(295) Humongous regions: 0->0
[2025-08-01T02:34:57.884+0000] GC(295) Metaspace: 9706K(12544K)->9706K(12544K) NonClass: 8540K(11008K)->8540K(11008K) Class: 1166K(1536K)->1166K(1536K)
[2025-08-01T02:34:57.884+0000] GC(295) Pause Young (Normal) (G1 Evacuation Pause) 2043M->1566M(4096M) 130.672ms
[2025-08-01T02:34:57.884+0000] GC(295) User=0.93s Sys=0.05s Real=0.13s
[2025-08-01T02:34:58.046+0000] GC(296) Pause Young (Concurrent Start) (G1 Evacuation Pause)
[2025-08-01T02:34:58.046+0000] GC(296) Using 8 workers of 8 for evacuation
[2025-08-01T02:34:58.246+0000] GC(296) MMU target violated: 200.1ms (200.0ms/201.0ms)
[2025-08-01T02:34:58.247+0000] GC(296)   Pre Evacuate Collection Set: 0.1ms
[2025-08-01T02:34:58.247+0000] GC(296)   Evacuate Collection Set: 198.8ms
[2025-08-01T02:34:58.247+0000] GC(296)   Post Evacuate Collection Set: 0.9ms
[2025-08-01T02:34:58.247+0000] GC(296)   Other: 0.5ms
[2025-08-01T02:34:58.247+0000] GC(296) Eden regions: 384->0(238)
[2025-08-01T02:34:58.247+0000] GC(296) Survivor regions: 64->56(56)
[2025-08-01T02:34:58.247+0000] GC(296) Old regions: 721->1067
[2025-08-01T02:34:58.247+0000] GC(296) Humongous regions: 0->0
[2025-08-01T02:34:58.247+0000] GC(296) Metaspace: 9706K(12544K)->9706K(12544K) NonClass: 8540K(11008K)->8540K(11008K) Class: 1166K(1536K)->1166K(1536K)
[2025-08-01T02:34:58.247+0000] GC(296) Pause Young (Concurrent Start) (G1 Evacuation Pause) 2334M->2243M(4096M) 200.414ms
[2025-08-01T02:34:58.247+0000] GC(296) User=1.51s Sys=0.05s Real=0.20s
[2025-08-01T02:34:58.247+0000] GC(297) Concurrent Cycle
[2025-08-01T02:34:58.247+0000] GC(297) Concurrent Clear Claimed Marks
[2025-08-01T02:34:58.247+0000] GC(297) Concurrent Clear Claimed Marks 0.062ms
[2025-08-01T02:34:58.247+0000] GC(297) Concurrent Scan Root Regions
[2025-08-01T02:34:58.259+0000] GC(297) Concurrent Scan Root Regions 12.273ms
[2025-08-01T02:34:58.259+0000] GC(297) Concurrent Mark (37.255s)
[2025-08-01T02:34:58.259+0000] GC(297) Concurrent Mark From Roots
[2025-08-01T02:34:58.259+0000] GC(297) Using 2 workers of 2 for marking
[2025-08-01T02:34:58.339+0000] GC(298) Pause Young (Normal) (G1 Evacuation Pause)
[2025-08-01T02:34:58.339+0000] GC(298) Using 8 workers of 8 for evacuation
[2025-08-01T02:34:58.440+0000] GC(298)   Pre Evacuate Collection Set: 0.1ms
[2025-08-01T02:34:58.441+0000] GC(298)   Evacuate Collection Set: 100.2ms
[2025-08-01T02:34:58.441+0000] GC(298)   Post Evacuate Collection Set: 1.2ms
[2025-08-01T02:34:58.441+0000] GC(298)   Other: 0.3ms
[2025-08-01T02:34:58.441+0000] GC(298) Eden regions: 238->0(161)
[2025-08-01T02:34:58.441+0000] GC(298) Survivor regions: 56->37(37)
[2025-08-01T02:34:58.441+0000] GC(298) Old regions: 1067->1301
[2025-08-01T02:34:58.441+0000] GC(298) Humongous regions: 0->0
[2025-08-01T02:34:58.441+0000] GC(298) Metaspace: 9706K(12544K)->9706K(12544K) NonClass: 8540K(11008K)->8540K(11008K) Class: 1166K(1536K)->1166K(1536K)
[2025-08-01T02:34:58.441+0000] GC(298) Pause Young (Normal) (G1 Evacuation Pause) 2719M->2672M(4096M) 101.967ms
[2025-08-01T02:34:58.441+0000] GC(298) User=0.76s Sys=0.03s Real=0.10s
[2025-08-01T02:34:58.514+0000] GC(299) Pause Young (Normal) (G1 Evacuation Pause)
[2025-08-01T02:34:58.514+0000] GC(299) Using 8 workers of 8 for evacuation
[2025-08-01T02:34:58.572+0000] GC(299)   Pre Evacuate Collection Set: 0.1ms
[2025-08-01T02:34:58.572+0000] GC(299)   Evacuate Collection Set: 56.9ms
[2025-08-01T02:34:58.572+0000] GC(299)   Post Evacuate Collection Set: 0.7ms
[2025-08-01T02:34:58.573+0000] GC(299)   Other: 0.3ms
[2025-08-01T02:34:58.573+0000] GC(299) Eden regions: 161->0(129)
[2025-08-01T02:34:58.573+0000] GC(299) Survivor regions: 37->25(25)
[2025-08-01T02:34:58.573+0000] GC(299) Old regions: 1301->1426
[2025-08-01T02:34:58.573+0000] GC(299) Humongous regions: 0->0
[2025-08-01T02:34:58.573+0000] GC(299) Metaspace: 9706K(12544K)->9706K(12544K) NonClass: 8540K(11008K)->8540K(11008K) Class: 1166K(1536K)->1166K(1536K)
[2025-08-01T02:34:58.573+0000] GC(299) Pause Young (Normal) (G1 Evacuation Pause) 2994M->2898M(4096M) 58.242ms
[2025-08-01T02:34:58.573+0000] GC(299) User=0.41s Sys=0.01s Real=0.05s
[2025-08-01T02:34:58.602+0000] GC(297) Concurrent Mark From Roots 342.226ms
[2025-08-01T02:34:58.602+0000] GC(297) Concurrent Preclean
[2025-08-01T02:34:58.602+0000] GC(297) Concurrent Preclean 0.335ms
[2025-08-01T02:34:58.602+0000] GC(297) Concurrent Mark (37.255s, 37.598s) 342.653ms
[2025-08-01T02:34:58.602+0000] GC(297) Pause Remark
[2025-08-01T02:34:58.606+0000] GC(297) Cleaned string and symbol table, strings: 2833 processed, 0 removed, symbols: 23489 processed, 0 removed
[2025-08-01T02:34:58.608+0000] GC(297) Pause Remark 3081M->2059M(4096M) 5.575ms
[2025-08-01T02:34:58.608+0000] GC(297) User=0.02s Sys=0.00s Real=0.01s
[2025-08-01T02:34:58.608+0000] GC(297) Concurrent Rebuild Remembered Sets
[2025-08-01T02:34:58.643+0000] GC(300) Pause Young (Normal) (G1 Evacuation Pause)
[2025-08-01T02:34:58.643+0000] GC(300) Using 8 workers of 8 for evacuation
[2025-08-01T02:34:58.685+0000] GC(300)   Pre Evacuate Collection Set: 0.1ms
[2025-08-01T02:34:58.685+0000] GC(300)   Evacuate Collection Set: 39.4ms
[2025-08-01T02:34:58.685+0000] GC(300)   Post Evacuate Collection Set: 2.6ms
[2025-08-01T02:34:58.685+0000] GC(300)   Other: 0.4ms
[2025-08-01T02:34:58.685+0000] GC(300) Eden regions: 129->0(272)
[2025-08-01T02:34:58.685+0000] GC(300) Survivor regions: 25->20(20)
[2025-08-01T02:34:58.685+0000] GC(300) Old regions: 915->1017
[2025-08-01T02:34:58.685+0000] GC(300) Humongous regions: 0->0
[2025-08-01T02:34:58.685+0000] GC(300) Metaspace: 9706K(12544K)->9706K(12544K) NonClass: 8540K(11008K)->8540K(11008K) Class: 1166K(1536K)->1166K(1536K)
[2025-08-01T02:34:58.685+0000] GC(300) Pause Young (Normal) (G1 Evacuation Pause) 2134M->2071M(4096M) 42.605ms
[2025-08-01T02:34:58.685+0000] GC(300) User=0.30s Sys=0.00s Real=0.05s
[2025-08-01T02:34:58.785+0000] GC(301) Pause Young (Normal) (G1 Evacuation Pause)
[2025-08-01T02:34:58.785+0000] GC(301) Using 8 workers of 8 for evacuation
[2025-08-01T02:34:58.869+0000] GC(301)   Pre Evacuate Collection Set: 0.1ms
[2025-08-01T02:34:58.869+0000] GC(301)   Evacuate Collection Set: 82.9ms
[2025-08-01T02:34:58.869+0000] GC(301)   Post Evacuate Collection Set: 0.8ms
[2025-08-01T02:34:58.869+0000] GC(301)   Other: 0.4ms
[2025-08-01T02:34:58.869+0000] GC(301) Eden regions: 272->0(179)
[2025-08-01T02:34:58.869+0000] GC(301) Survivor regions: 20->37(37)
[2025-08-01T02:34:58.869+0000] GC(301) Old regions: 1017->1248
[2025-08-01T02:34:58.869+0000] GC(301) Humongous regions: 0->0
[2025-08-01T02:34:58.869+0000] GC(301) Metaspace: 9706K(12544K)->9706K(12544K) NonClass: 8540K(11008K)->8540K(11008K) Class: 1166K(1536K)->1166K(1536K)
[2025-08-01T02:34:58.869+0000] GC(301) Pause Young (Normal) (G1 Evacuation Pause) 2615M->2566M(4096M) 84.409ms
[2025-08-01T02:34:58.869+0000] GC(301) User=0.65s Sys=0.00s Real=0.08s
[2025-08-01T02:34:58.947+0000] GC(302) Pause Young (Normal) (G1 Evacuation Pause)
[2025-08-01T02:34:58.947+0000] GC(302) Using 8 workers of 8 for evacuation
[2025-08-01T02:34:59.040+0000] GC(302)   Pre Evacuate Collection Set: 0.1ms
[2025-08-01T02:34:59.040+0000] GC(302)   Evacuate Collection Set: 91.5ms
[2025-08-01T02:34:59.040+0000] GC(302)   Post Evacuate Collection Set: 0.9ms
[2025-08-01T02:34:59.040+0000] GC(302)   Other: 0.3ms
[2025-08-01T02:34:59.040+0000] GC(302) Eden regions: 179->0(119)
[2025-08-01T02:34:59.040+0000] GC(302) Survivor regions: 37->27(27)
[2025-08-01T02:34:59.040+0000] GC(302) Old regions: 1248->1438
[2025-08-01T02:34:59.040+0000] GC(302) Humongous regions: 0->0
[2025-08-01T02:34:59.040+0000] GC(302) Metaspace: 9706K(12544K)->9706K(12544K) NonClass: 8540K(11008K)->8540K(11008K) Class: 1166K(1536K)->1166K(1536K)
[2025-08-01T02:34:59.040+0000] GC(302) Pause Young (Normal) (G1 Evacuation Pause) 2924M->2927M(4096M) 92.969ms
[2025-08-01T02:34:59.040+0000] GC(302) User=0.68s Sys=0.03s Real=0.09s
[2025-08-01T02:34:59.091+0000] GC(297) Concurrent Rebuild Remembered Sets 482.638ms
[2025-08-01T02:34:59.091+0000] GC(297) Pause Cleanup
[2025-08-01T02:34:59.092+0000] GC(297) Pause Cleanup 3127M->3127M(4096M) 0.890ms
[2025-08-01T02:34:59.092+0000] GC(297) User=0.00s Sys=0.00s Real=0.00s
[2025-08-01T02:34:59.092+0000] GC(297) Concurrent Cleanup for Next Mark
[2025-08-01T02:34:59.100+0000] GC(297) Concurrent Cleanup for Next Mark 7.997ms
[2025-08-01T02:34:59.100+0000] GC(297) Concurrent Cycle 853.316ms
[2025-08-01T02:34:59.105+0000] GC(303) Pause Young (Normal) (G1 Evacuation Pause)
[2025-08-01T02:34:59.105+0000] GC(303) Using 8 workers of 8 for evacuation
[2025-08-01T02:34:59.162+0000] GC(303)   Pre Evacuate Collection Set: 0.1ms
[2025-08-01T02:34:59.162+0000] GC(303)   Evacuate Collection Set: 55.9ms
[2025-08-01T02:34:59.162+0000] GC(303)   Post Evacuate Collection Set: 0.7ms
[2025-08-01T02:34:59.162+0000] GC(303)   Other: 0.3ms
[2025-08-01T02:34:59.162+0000] GC(303) Eden regions: 119->0(85)
[2025-08-01T02:34:59.163+0000] GC(303) Survivor regions: 27->19(19)
[2025-08-01T02:34:59.163+0000] GC(303) Old regions: 1438->1552
[2025-08-01T02:34:59.163+0000] GC(303) Humongous regions: 0->0
[2025-08-01T02:34:59.163+0000] GC(303) Metaspace: 9706K(12544K)->9706K(12544K) NonClass: 8540K(11008K)->8540K(11008K) Class: 1166K(1536K)->1166K(1536K)
[2025-08-01T02:34:59.163+0000] GC(303) Pause Young (Normal) (G1 Evacuation Pause) 3165M->3139M(4096M) 57.217ms
[2025-08-01T02:34:59.163+0000] GC(303) User=0.40s Sys=0.02s Real=0.05s
[2025-08-01T02:34:59.177+0000] GC(304) Pause Young (Concurrent Start) (G1 Evacuation Pause)
[2025-08-01T02:34:59.177+0000] GC(304) Using 8 workers of 8 for evacuation
[2025-08-01T02:34:59.219+0000] GC(304)   Pre Evacuate Collection Set: 0.1ms
[2025-08-01T02:34:59.219+0000] GC(304)   Evacuate Collection Set: 41.1ms
[2025-08-01T02:34:59.219+0000] GC(304)   Post Evacuate Collection Set: 0.8ms
[2025-08-01T02:34:59.219+0000] GC(304)   Other: 0.4ms
[2025-08-01T02:34:59.219+0000] GC(304) Eden regions: 85->0(89)
[2025-08-01T02:34:59.219+0000] GC(304) Survivor regions: 19->13(13)
[2025-08-01T02:34:59.219+0000] GC(304) Old regions: 1552->1645
[2025-08-01T02:34:59.219+0000] GC(304) Humongous regions: 0->0
[2025-08-01T02:34:59.219+0000] GC(304) Metaspace: 9706K(12544K)->9706K(12544K) NonClass: 8540K(11008K)->8540K(11008K) Class: 1166K(1536K)->1166K(1536K)
[2025-08-01T02:34:59.219+0000] GC(304) Pause Young (Concurrent Start) (G1 Evacuation Pause) 3309M->3312M(4096M) 42.457ms
[2025-08-01T02:34:59.219+0000] GC(304) User=0.31s Sys=0.01s Real=0.04s
[2025-08-01T02:34:59.220+0000] GC(305) Concurrent Cycle
[2025-08-01T02:34:59.220+0000] GC(305) Concurrent Clear Claimed Marks
[2025-08-01T02:34:59.220+0000] GC(305) Concurrent Clear Claimed Marks 0.101ms
[2025-08-01T02:34:59.220+0000] GC(305) Concurrent Scan Root Regions
[2025-08-01T02:34:59.225+0000] GC(305) Concurrent Scan Root Regions 4.938ms
[2025-08-01T02:34:59.225+0000] GC(305) Concurrent Mark (38.220s)
[2025-08-01T02:34:59.225+0000] GC(305) Concurrent Mark From Roots
[2025-08-01T02:34:59.225+0000] GC(305) Using 2 workers of 2 for marking
[2025-08-01T02:34:59.280+0000] GC(306) Pause Young (Normal) (G1 Evacuation Pause)
[2025-08-01T02:34:59.280+0000] GC(306) Using 8 workers of 8 for evacuation
[2025-08-01T02:34:59.308+0000] GC(306)   Pre Evacuate Collection Set: 0.1ms
[2025-08-01T02:34:59.308+0000] GC(306)   Evacuate Collection Set: 26.5ms
[2025-08-01T02:34:59.308+0000] GC(306)   Post Evacuate Collection Set: 0.7ms
[2025-08-01T02:34:59.308+0000] GC(306)   Other: 0.4ms
[2025-08-01T02:34:59.308+0000] GC(306) Eden regions: 89->0(89)
[2025-08-01T02:34:59.308+0000] GC(306) Survivor regions: 13->13(13)
[2025-08-01T02:34:59.308+0000] GC(306) Old regions: 1645->1713
[2025-08-01T02:34:59.308+0000] GC(306) Humongous regions: 0->0
[2025-08-01T02:34:59.308+0000] GC(306) Metaspace: 9706K(12544K)->9706K(12544K) NonClass: 8540K(11008K)->8540K(11008K) Class: 1166K(1536K)->1166K(1536K)
[2025-08-01T02:34:59.308+0000] GC(306) Pause Young (Normal) (G1 Evacuation Pause) 3490M->3448M(4096M) 27.784ms
[2025-08-01T02:34:59.308+0000] GC(306) User=0.20s Sys=0.01s Real=0.03s
[2025-08-01T02:34:59.325+0000] GC(307) Pause Young (Normal) (G1 Evacuation Pause)
[2025-08-01T02:34:59.325+0000] GC(307) Using 8 workers of 8 for evacuation
[2025-08-01T02:34:59.361+0000] GC(307)   Pre Evacuate Collection Set: 0.1ms
[2025-08-01T02:34:59.361+0000] GC(307)   Evacuate Collection Set: 35.2ms
[2025-08-01T02:34:59.361+0000] GC(307)   Post Evacuate Collection Set: 0.6ms
[2025-08-01T02:34:59.361+0000] GC(307)   Other: 0.3ms
[2025-08-01T02:34:59.361+0000] GC(307) Eden regions: 89->0(89)
[2025-08-01T02:34:59.361+0000] GC(307) Survivor regions: 13->13(13)
[2025-08-01T02:34:59.361+0000] GC(307) Old regions: 1713->1804
[2025-08-01T02:34:59.361+0000] GC(307) Humongous regions: 0->0
[2025-08-01T02:34:59.361+0000] GC(307) Metaspace: 9706K(12544K)->9706K(12544K) NonClass: 8540K(11008K)->8540K(11008K) Class: 1166K(1536K)->1166K(1536K)
[2025-08-01T02:34:59.361+0000] GC(307) Pause Young (Normal) (G1 Evacuation Pause) 3626M->3630M(4096M) 36.294ms
[2025-08-01T02:34:59.361+0000] GC(307) User=0.27s Sys=0.00s Real=0.03s
[2025-08-01T02:34:59.423+0000] GC(308) Pause Young (Normal) (G1 Evacuation Pause)
[2025-08-01T02:34:59.423+0000] GC(308) Using 8 workers of 8 for evacuation
[2025-08-01T02:34:59.456+0000] GC(308)   Pre Evacuate Collection Set: 0.1ms
[2025-08-01T02:34:59.456+0000] GC(308)   Evacuate Collection Set: 32.3ms
[2025-08-01T02:34:59.456+0000] GC(308)   Post Evacuate Collection Set: 0.5ms
[2025-08-01T02:34:59.456+0000] GC(308)   Other: 0.3ms
[2025-08-01T02:34:59.456+0000] GC(308) Eden regions: 89->0(89)
[2025-08-01T02:34:59.456+0000] GC(308) Survivor regions: 13->13(13)
[2025-08-01T02:34:59.456+0000] GC(308) Old regions: 1804->1839
[2025-08-01T02:34:59.456+0000] GC(308) Humongous regions: 0->0
[2025-08-01T02:34:59.456+0000] GC(308) Metaspace: 9706K(12544K)->9706K(12544K) NonClass: 8540K(11008K)->8540K(11008K) Class: 1166K(1536K)->1166K(1536K)
[2025-08-01T02:34:59.456+0000] GC(308) Pause Young (Normal) (G1 Evacuation Pause) 3808M->3701M(4096M) 33.436ms
[2025-08-01T02:34:59.456+0000] GC(308) User=0.24s Sys=0.01s Real=0.04s
[2025-08-01T02:34:59.473+0000] GC(309) Pause Young (Normal) (G1 Evacuation Pause)
[2025-08-01T02:34:59.473+0000] GC(309) Using 8 workers of 8 for evacuation
[2025-08-01T02:34:59.515+0000] GC(309)   Pre Evacuate Collection Set: 0.1ms
[2025-08-01T02:34:59.515+0000] GC(309)   Evacuate Collection Set: 40.3ms
[2025-08-01T02:34:59.515+0000] GC(309)   Post Evacuate Collection Set: 0.7ms
[2025-08-01T02:34:59.515+0000] GC(309)   Other: 0.3ms
[2025-08-01T02:34:59.515+0000] GC(309) Eden regions: 89->0(89)
[2025-08-01T02:34:59.515+0000] GC(309) Survivor regions: 13->13(13)
[2025-08-01T02:34:59.515+0000] GC(309) Old regions: 1839->1930
[2025-08-01T02:34:59.515+0000] GC(309) Humongous regions: 0->0
[2025-08-01T02:34:59.515+0000] GC(309) Metaspace: 9706K(12544K)->9706K(12544K) NonClass: 8540K(11008K)->8540K(11008K) Class: 1166K(1536K)->1166K(1536K)
[2025-08-01T02:34:59.515+0000] GC(309) Pause Young (Normal) (G1 Evacuation Pause) 3879M->3882M(4096M) 41.517ms
[2025-08-01T02:34:59.515+0000] GC(309) User=0.31s Sys=0.01s Real=0.04s
[2025-08-01T02:34:59.577+0000] GC(310) Pause Young (Normal) (G1 Evacuation Pause)
[2025-08-01T02:34:59.577+0000] GC(310) Using 8 workers of 8 for evacuation
[2025-08-01T02:34:59.619+0000] GC(310) To-space exhausted
[2025-08-01T02:34:59.619+0000] GC(310)   Pre Evacuate Collection Set: 0.1ms
[2025-08-01T02:34:59.619+0000] GC(310)   Evacuate Collection Set: 26.1ms
[2025-08-01T02:34:59.619+0000] GC(310)   Post Evacuate Collection Set: 15.0ms
[2025-08-01T02:34:59.619+0000] GC(310)   Other: 0.3ms
[2025-08-01T02:34:59.619+0000] GC(310) Eden regions: 89->0(96)
[2025-08-01T02:34:59.619+0000] GC(310) Survivor regions: 13->6(13)
[2025-08-01T02:34:59.619+0000] GC(310) Old regions: 1930->2040
[2025-08-01T02:34:59.619+0000] GC(310) Humongous regions: 0->0
[2025-08-01T02:34:59.619+0000] GC(310) Metaspace: 9706K(12544K)->9706K(12544K) NonClass: 8540K(11008K)->8540K(11008K) Class: 1166K(1536K)->1166K(1536K)
[2025-08-01T02:34:59.619+0000] GC(310) Pause Young (Normal) (G1 Evacuation Pause) 4060M->4089M(4096M) 41.700ms
[2025-08-01T02:34:59.619+0000] GC(310) User=0.29s Sys=0.01s Real=0.04s
[2025-08-01T02:34:59.621+0000] GC(311) Pause Young (Normal) (G1 Evacuation Pause)
[2025-08-01T02:34:59.621+0000] GC(311) Using 8 workers of 8 for evacuation
[2025-08-01T02:34:59.628+0000] GC(311) To-space exhausted
[2025-08-01T02:34:59.628+0000] GC(311)   Pre Evacuate Collection Set: 0.1ms
[2025-08-01T02:34:59.628+0000] GC(311)   Evacuate Collection Set: 4.8ms
[2025-08-01T02:34:59.628+0000] GC(311)   Post Evacuate Collection Set: 2.3ms
[2025-08-01T02:34:59.628+0000] GC(311)   Other: 0.2ms
[2025-08-01T02:34:59.628+0000] GC(311) Eden regions: 2->0(102)
[2025-08-01T02:34:59.628+0000] GC(311) Survivor regions: 6->0(13)
[2025-08-01T02:34:59.628+0000] GC(311) Old regions: 2040->2048
[2025-08-01T02:34:59.628+0000] GC(311) Humongous regions: 0->0
[2025-08-01T02:34:59.628+0000] GC(311) Metaspace: 9706K(12544K)->9706K(12544K) NonClass: 8540K(11008K)->8540K(11008K) Class: 1166K(1536K)->1166K(1536K)
[2025-08-01T02:34:59.628+0000] GC(311) Pause Young (Normal) (G1 Evacuation Pause) 4093M->4093M(4096M) 7.501ms
[2025-08-01T02:34:59.628+0000] GC(311) User=0.04s Sys=0.00s Real=0.01s
[2025-08-01T02:34:59.628+0000] GC(312) Using 8 workers of 8 for full compaction
[2025-08-01T02:34:59.628+0000] GC(312) Pause Full (G1 Evacuation Pause)
[2025-08-01T02:34:59.635+0000] GC(312) Phase 1: Mark live objects
[2025-08-01T02:34:59.671+0000] GC(312) Cleaned string and symbol table, strings: 2833 processed, 0 removed, symbols: 23489 processed, 0 removed
[2025-08-01T02:34:59.671+0000] GC(312) Phase 1: Mark live objects 35.696ms
[2025-08-01T02:34:59.671+0000] GC(312) Phase 2: Prepare for compaction
[2025-08-01T02:34:59.704+0000] GC(312) Phase 2: Prepare for compaction 32.962ms
[2025-08-01T02:34:59.704+0000] GC(312) Phase 3: Adjust pointers
[2025-08-01T02:34:59.734+0000] GC(312) Phase 3: Adjust pointers 29.942ms
[2025-08-01T02:34:59.734+0000] GC(312) Phase 4: Compact heap
[2025-08-01T02:34:59.839+0000] GC(312) Phase 4: Compact heap 105.023ms
[2025-08-01T02:34:59.841+0000] GC(312) Eden regions: 0->0(492)
[2025-08-01T02:34:59.842+0000] GC(312) Survivor regions: 0->0(13)
[2025-08-01T02:34:59.842+0000] GC(312) Old regions: 2048->335
[2025-08-01T02:34:59.842+0000] GC(312) Humongous regions: 0->0
[2025-08-01T02:34:59.842+0000] GC(312) Metaspace: 9706K(12544K)->9706K(12544K) NonClass: 8540K(11008K)->8540K(11008K) Class: 1166K(1536K)->1166K(1536K)
[2025-08-01T02:34:59.842+0000] GC(312) Pause Full (G1 Evacuation Pause) 4093M->657M(4096M) 213.367ms
[2025-08-01T02:34:59.842+0000] GC(312) User=1.41s Sys=0.02s Real=0.21s
[2025-08-01T02:34:59.846+0000] GC(305) Concurrent Mark From Roots 620.934ms
[2025-08-01T02:34:59.846+0000] GC(305) Concurrent Mark Abort
[2025-08-01T02:34:59.846+0000] GC(305) Concurrent Cycle 626.444ms
[2025-08-01T02:35:00.040+0000] GC(313) Pause Young (Normal) (G1 Evacuation Pause)
[2025-08-01T02:35:00.040+0000] GC(313) Using 8 workers of 8 for evacuation
[2025-08-01T02:35:00.220+0000] GC(313)   Pre Evacuate Collection Set: 0.1ms
[2025-08-01T02:35:00.220+0000] GC(313)   Evacuate Collection Set: 178.1ms
[2025-08-01T02:35:00.220+0000] GC(313)   Post Evacuate Collection Set: 1.2ms
[2025-08-01T02:35:00.220+0000] GC(313)   Other: 0.5ms
[2025-08-01T02:35:00.220+0000] GC(313) Eden regions: 492->0(364)
[2025-08-01T02:35:00.220+0000] GC(313) Survivor regions: 0->62(62)
[2025-08-01T02:35:00.220+0000] GC(313) Old regions: 335->681
[2025-08-01T02:35:00.220+0000] GC(313) Humongous regions: 0->0
[2025-08-01T02:35:00.220+0000] GC(313) Metaspace: 9706K(12544K)->9706K(12544K) NonClass: 8540K(11008K)->8540K(11008K) Class: 1166K(1536K)->1166K(1536K)
[2025-08-01T02:35:00.220+0000] GC(313) Pause Young (Normal) (G1 Evacuation Pause) 1641M->1472M(4096M) 180.048ms
[2025-08-01T02:35:00.220+0000] GC(313) User=1.36s Sys=0.05s Real=0.18s
[2025-08-01T02:35:00.377+0000] GC(314) Pause Young (Concurrent Start) (G1 Evacuation Pause)
[2025-08-01T02:35:00.377+0000] GC(314) Using 8 workers of 8 for evacuation
[2025-08-01T02:35:00.503+0000] GC(314)   Pre Evacuate Collection Set: 0.1ms
[2025-08-01T02:35:00.503+0000] GC(314)   Evacuate Collection Set: 124.6ms
[2025-08-01T02:35:00.503+0000] GC(314)   Post Evacuate Collection Set: 1.1ms
[2025-08-01T02:35:00.503+0000] GC(314)   Other: 0.4ms
[2025-08-01T02:35:00.503+0000] GC(314) Eden regions: 364->0(310)
[2025-08-01T02:35:00.503+0000] GC(314) Survivor regions: 62->54(54)
[2025-08-01T02:35:00.503+0000] GC(314) Old regions: 681->870
[2025-08-01T02:35:00.503+0000] GC(314) Humongous regions: 0->0
[2025-08-01T02:35:00.503+0000] GC(314) Metaspace: 9706K(12544K)->9706K(12544K) NonClass: 8540K(11008K)->8540K(11008K) Class: 1166K(1536K)->1166K(1536K)
[2025-08-01T02:35:00.503+0000] GC(314) Pause Young (Concurrent Start) (G1 Evacuation Pause) 2200M->1834M(4096M) 126.371ms
[2025-08-01T02:35:00.503+0000] GC(314) User=0.95s Sys=0.03s Real=0.13s
[2025-08-01T02:35:00.504+0000] GC(315) Concurrent Cycle
[2025-08-01T02:35:00.504+0000] GC(315) Concurrent Clear Claimed Marks
[2025-08-01T02:35:00.504+0000] GC(315) Concurrent Clear Claimed Marks 0.111ms
[2025-08-01T02:35:00.504+0000] GC(315) Concurrent Scan Root Regions
[2025-08-01T02:35:00.516+0000] GC(315) Concurrent Scan Root Regions 12.230ms
[2025-08-01T02:35:00.516+0000] GC(315) Concurrent Mark (39.512s)
[2025-08-01T02:35:00.516+0000] GC(315) Concurrent Mark From Roots
[2025-08-01T02:35:00.516+0000] GC(315) Using 2 workers of 2 for marking
[2025-08-01T02:35:00.614+0000] GC(315) Concurrent Mark From Roots 97.616ms
[2025-08-01T02:35:00.614+0000] GC(315) Concurrent Preclean
[2025-08-01T02:35:00.614+0000] GC(315) Concurrent Preclean 0.309ms
[2025-08-01T02:35:00.614+0000] GC(315) Concurrent Mark (39.512s, 39.610s) 98.019ms
[2025-08-01T02:35:00.615+0000] GC(315) Pause Remark
[2025-08-01T02:35:00.618+0000] GC(315) Cleaned string and symbol table, strings: 2833 processed, 0 removed, symbols: 23489 processed, 0 removed
[2025-08-01T02:35:00.622+0000] GC(315) Pause Remark 2371M->1395M(4096M) 7.010ms
[2025-08-01T02:35:00.622+0000] GC(315) User=0.02s Sys=0.00s Real=0.00s
[2025-08-01T02:35:00.622+0000] GC(315) Concurrent Rebuild Remembered Sets
[2025-08-01T02:35:00.651+0000] GC(316) Pause Young (Normal) (G1 Evacuation Pause)
[2025-08-01T02:35:00.651+0000] GC(316) Using 8 workers of 8 for evacuation
[2025-08-01T02:35:00.754+0000] GC(316)   Pre Evacuate Collection Set: 0.1ms
[2025-08-01T02:35:00.754+0000] GC(316)   Evacuate Collection Set: 102.0ms
[2025-08-01T02:35:00.754+0000] GC(316)   Post Evacuate Collection Set: 0.6ms
[2025-08-01T02:35:00.754+0000] GC(316)   Other: 0.3ms
[2025-08-01T02:35:00.754+0000] GC(316) Eden regions: 310->0(419)
[2025-08-01T02:35:00.754+0000] GC(316) Survivor regions: 54->46(46)
[2025-08-01T02:35:00.754+0000] GC(316) Old regions: 377->601
[2025-08-01T02:35:00.754+0000] GC(316) Humongous regions: 0->0
[2025-08-01T02:35:00.754+0000] GC(316) Metaspace: 9706K(12544K)->9706K(12544K) NonClass: 8540K(11008K)->8540K(11008K) Class: 1166K(1536K)->1166K(1536K)
[2025-08-01T02:35:00.754+0000] GC(316) Pause Young (Normal) (G1 Evacuation Pause) 1478M->1290M(4096M) 103.118ms
[2025-08-01T02:35:00.754+0000] GC(316) User=0.74s Sys=0.02s Real=0.11s
[2025-08-01T02:35:00.813+0000] GC(315) Concurrent Rebuild Remembered Sets 190.548ms
[2025-08-01T02:35:00.813+0000] GC(315) Pause Cleanup
[2025-08-01T02:35:00.814+0000] GC(315) Pause Cleanup 1569M->1569M(4096M) 0.596ms
[2025-08-01T02:35:00.814+0000] GC(315) User=0.00s Sys=0.00s Real=0.00s
[2025-08-01T02:35:00.814+0000] GC(315) Concurrent Cleanup for Next Mark
[2025-08-01T02:35:00.823+0000] GC(315) Concurrent Cleanup for Next Mark 9.079ms
[2025-08-01T02:35:00.823+0000] GC(315) Concurrent Cycle 319.283ms
[2025-08-01T02:35:00.920+0000] GC(317) Pause Young (Prepare Mixed) (G1 Evacuation Pause)
[2025-08-01T02:35:00.920+0000] GC(317) Using 8 workers of 8 for evacuation
[2025-08-01T02:35:01.015+0000] GC(317)   Pre Evacuate Collection Set: 0.1ms
[2025-08-01T02:35:01.016+0000] GC(317)   Evacuate Collection Set: 94.6ms
[2025-08-01T02:35:01.016+0000] GC(317)   Post Evacuate Collection Set: 0.9ms
[2025-08-01T02:35:01.016+0000] GC(317)   Other: 0.3ms
[2025-08-01T02:35:01.016+0000] GC(317) Eden regions: 419->0(43)
[2025-08-01T02:35:01.016+0000] GC(317) Survivor regions: 46->59(59)
[2025-08-01T02:35:01.016+0000] GC(317) Old regions: 601->793
[2025-08-01T02:35:01.016+0000] GC(317) Humongous regions: 0->0
[2025-08-01T02:35:01.016+0000] GC(317) Metaspace: 9706K(12544K)->9706K(12544K) NonClass: 8540K(11008K)->8540K(11008K) Class: 1166K(1536K)->1166K(1536K)
[2025-08-01T02:35:01.016+0000] GC(317) Pause Young (Prepare Mixed) (G1 Evacuation Pause) 2128M->1701M(4096M) 96.064ms
[2025-08-01T02:35:01.016+0000] GC(317) User=0.73s Sys=0.02s Real=0.10s
[2025-08-01T02:35:01.024+0000] GC(318) Pause Young (Mixed) (G1 Evacuation Pause)
[2025-08-01T02:35:01.024+0000] GC(318) Using 8 workers of 8 for evacuation
[2025-08-01T02:35:01.055+0000] GC(318)   Pre Evacuate Collection Set: 0.2ms
[2025-08-01T02:35:01.055+0000] GC(318)   Evacuate Collection Set: 29.9ms
[2025-08-01T02:35:01.055+0000] GC(318)   Post Evacuate Collection Set: 0.8ms
[2025-08-01T02:35:01.055+0000] GC(318)   Other: 0.5ms
[2025-08-01T02:35:01.055+0000] GC(318) Eden regions: 43->0(355)
[2025-08-01T02:35:01.055+0000] GC(318) Survivor regions: 59->13(13)
[2025-08-01T02:35:01.055+0000] GC(318) Old regions: 793->833
[2025-08-01T02:35:01.055+0000] GC(318) Humongous regions: 0->0
[2025-08-01T02:35:01.055+0000] GC(318) Metaspace: 9706K(12544K)->9706K(12544K) NonClass: 8540K(11008K)->8540K(11008K) Class: 1166K(1536K)->1166K(1536K)
[2025-08-01T02:35:01.055+0000] GC(318) Pause Young (Mixed) (G1 Evacuation Pause) 1787M->1689M(4096M) 31.618ms
[2025-08-01T02:35:01.055+0000] GC(318) User=0.24s Sys=0.00s Real=0.03s
[2025-08-01T02:35:01.215+0000] GC(319) Pause Young (Concurrent Start) (G1 Evacuation Pause)
[2025-08-01T02:35:01.215+0000] GC(319) Using 8 workers of 8 for evacuation
[2025-08-01T02:35:01.374+0000] GC(319)   Pre Evacuate Collection Set: 0.1ms
[2025-08-01T02:35:01.374+0000] GC(319)   Evacuate Collection Set: 157.6ms
[2025-08-01T02:35:01.374+0000] GC(319)   Post Evacuate Collection Set: 1.0ms
[2025-08-01T02:35:01.374+0000] GC(319)   Other: 0.5ms
[2025-08-01T02:35:01.374+0000] GC(319) Eden regions: 355->0(218)
[2025-08-01T02:35:01.374+0000] GC(319) Survivor regions: 13->46(46)
[2025-08-01T02:35:01.374+0000] GC(319) Old regions: 833->1131
[2025-08-01T02:35:01.374+0000] GC(319) Humongous regions: 0->0
[2025-08-01T02:35:01.374+0000] GC(319) Metaspace: 9706K(12544K)->9706K(12544K) NonClass: 8540K(11008K)->8540K(11008K) Class: 1166K(1536K)->1166K(1536K)
[2025-08-01T02:35:01.374+0000] GC(319) Pause Young (Concurrent Start) (G1 Evacuation Pause) 2399M->2350M(4096M) 159.493ms
[2025-08-01T02:35:01.374+0000] GC(319) User=1.20s Sys=0.04s Real=0.16s
[2025-08-01T02:35:01.374+0000] GC(320) Concurrent Cycle
[2025-08-01T02:35:01.374+0000] GC(320) Concurrent Clear Claimed Marks
[2025-08-01T02:35:01.374+0000] GC(320) Concurrent Clear Claimed Marks 0.111ms
[2025-08-01T02:35:01.374+0000] GC(320) Concurrent Scan Root Regions
[2025-08-01T02:35:01.385+0000] GC(320) Concurrent Scan Root Regions 10.391ms
[2025-08-01T02:35:01.385+0000] GC(320) Concurrent Mark (40.381s)
[2025-08-01T02:35:01.385+0000] GC(320) Concurrent Mark From Roots
[2025-08-01T02:35:01.385+0000] GC(320) Using 2 workers of 2 for marking
[2025-08-01T02:35:01.463+0000] GC(321) Pause Young (Normal) (G1 Evacuation Pause)
[2025-08-01T02:35:01.463+0000] GC(321) Using 8 workers of 8 for evacuation
[2025-08-01T02:35:01.542+0000] GC(321)   Pre Evacuate Collection Set: 0.1ms
[2025-08-01T02:35:01.542+0000] GC(321)   Evacuate Collection Set: 77.7ms
[2025-08-01T02:35:01.542+0000] GC(321)   Post Evacuate Collection Set: 0.8ms
[2025-08-01T02:35:01.542+0000] GC(321)   Other: 0.3ms
[2025-08-01T02:35:01.542+0000] GC(321) Eden regions: 218->0(153)
[2025-08-01T02:35:01.542+0000] GC(321) Survivor regions: 46->33(33)
[2025-08-01T02:35:01.542+0000] GC(321) Old regions: 1131->1329
[2025-08-01T02:35:01.542+0000] GC(321) Humongous regions: 0->0
[2025-08-01T02:35:01.542+0000] GC(321) Metaspace: 9706K(12544K)->9706K(12544K) NonClass: 8540K(11008K)->8540K(11008K) Class: 1166K(1536K)->1166K(1536K)
[2025-08-01T02:35:01.542+0000] GC(321) Pause Young (Normal) (G1 Evacuation Pause) 2786M->2720M(4096M) 79.069ms
[2025-08-01T02:35:01.542+0000] GC(321) User=0.61s Sys=0.01s Real=0.07s
[2025-08-01T02:35:01.614+0000] GC(322) Pause Young (Normal) (G1 Evacuation Pause)
[2025-08-01T02:35:01.614+0000] GC(322) Using 8 workers of 8 for evacuation
[2025-08-01T02:35:01.686+0000] GC(322)   Pre Evacuate Collection Set: 0.1ms
[2025-08-01T02:35:01.686+0000] GC(322)   Evacuate Collection Set: 70.9ms
[2025-08-01T02:35:01.686+0000] GC(322)   Post Evacuate Collection Set: 0.8ms
[2025-08-01T02:35:01.686+0000] GC(322)   Other: 0.3ms
[2025-08-01T02:35:01.686+0000] GC(322) Eden regions: 153->0(125)
[2025-08-01T02:35:01.686+0000] GC(322) Survivor regions: 33->24(24)
[2025-08-01T02:35:01.686+0000] GC(322) Old regions: 1329->1441
[2025-08-01T02:35:01.686+0000] GC(322) Humongous regions: 0->0
[2025-08-01T02:35:01.686+0000] GC(322) Metaspace: 9706K(12544K)->9706K(12544K) NonClass: 8540K(11008K)->8540K(11008K) Class: 1166K(1536K)->1166K(1536K)
[2025-08-01T02:35:01.686+0000] GC(322) Pause Young (Normal) (G1 Evacuation Pause) 3026M->2927M(4096M) 72.162ms
[2025-08-01T02:35:01.686+0000] GC(322) User=0.53s Sys=0.02s Real=0.07s
[2025-08-01T02:35:01.711+0000] GC(323) Pause Young (Normal) (G1 Evacuation Pause)
[2025-08-01T02:35:01.711+0000] GC(323) Using 8 workers of 8 for evacuation
[2025-08-01T02:35:01.750+0000] GC(323)   Pre Evacuate Collection Set: 0.1ms
[2025-08-01T02:35:01.750+0000] GC(323)   Evacuate Collection Set: 37.2ms
[2025-08-01T02:35:01.750+0000] GC(323)   Post Evacuate Collection Set: 1.2ms
[2025-08-01T02:35:01.750+0000] GC(323)   Other: 0.3ms
[2025-08-01T02:35:01.750+0000] GC(323) Eden regions: 125->0(96)
[2025-08-01T02:35:01.750+0000] GC(323) Survivor regions: 24->19(19)
[2025-08-01T02:35:01.750+0000] GC(323) Old regions: 1441->1537
[2025-08-01T02:35:01.750+0000] GC(323) Humongous regions: 0->0
[2025-08-01T02:35:01.750+0000] GC(323) Metaspace: 9706K(12544K)->9706K(12544K) NonClass: 8540K(11008K)->8540K(11008K) Class: 1166K(1536K)->1166K(1536K)
[2025-08-01T02:35:01.750+0000] GC(323) Pause Young (Normal) (G1 Evacuation Pause) 3177M->3108M(4096M) 39.061ms
[2025-08-01T02:35:01.750+0000] GC(323) User=0.29s Sys=0.00s Real=0.04s
[2025-08-01T02:35:01.763+0000] GC(320) Concurrent Mark From Roots 378.209ms
[2025-08-01T02:35:01.763+0000] GC(320) Concurrent Preclean
[2025-08-01T02:35:01.764+0000] GC(320) Concurrent Preclean 0.807ms
[2025-08-01T02:35:01.764+0000] GC(320) Concurrent Mark (40.381s, 40.760s) 379.321ms
[2025-08-01T02:35:01.765+0000] GC(320) Pause Remark
[2025-08-01T02:35:01.769+0000] GC(320) Cleaned string and symbol table, strings: 2833 processed, 0 removed, symbols: 23489 processed, 0 removed
[2025-08-01T02:35:01.770+0000] GC(320) Pause Remark 3192M->2072M(4096M) 5.581ms
[2025-08-01T02:35:01.770+0000] GC(320) User=0.02s Sys=0.00s Real=0.00s
[2025-08-01T02:35:01.770+0000] GC(320) Concurrent Rebuild Remembered Sets
[2025-08-01T02:35:01.781+0000] GC(324) Pause Young (Normal) (G1 Evacuation Pause)
[2025-08-01T02:35:01.781+0000] GC(324) Using 8 workers of 8 for evacuation
[2025-08-01T02:35:01.819+0000] GC(324)   Pre Evacuate Collection Set: 0.1ms
[2025-08-01T02:35:01.819+0000] GC(324)   Evacuate Collection Set: 37.0ms
[2025-08-01T02:35:01.819+0000] GC(324)   Post Evacuate Collection Set: 0.7ms
[2025-08-01T02:35:01.819+0000] GC(324)   Other: 0.3ms
[2025-08-01T02:35:01.819+0000] GC(324) Eden regions: 96->0(249)
[2025-08-01T02:35:01.819+0000] GC(324) Survivor regions: 19->15(15)
[2025-08-01T02:35:01.819+0000] GC(324) Old regions: 977->1079
[2025-08-01T02:35:01.819+0000] GC(324) Humongous regions: 0->0
[2025-08-01T02:35:01.819+0000] GC(324) Metaspace: 9706K(12544K)->9706K(12544K) NonClass: 8540K(11008K)->8540K(11008K) Class: 1166K(1536K)->1166K(1536K)
[2025-08-01T02:35:01.819+0000] GC(324) Pause Young (Normal) (G1 Evacuation Pause) 2180M->2184M(4096M) 38.277ms
[2025-08-01T02:35:01.819+0000] GC(324) User=0.28s Sys=0.00s Real=0.04s
[2025-08-01T02:35:01.908+0000] GC(325) Pause Young (Normal) (G1 Evacuation Pause)
[2025-08-01T02:35:01.909+0000] GC(325) Using 8 workers of 8 for evacuation
[2025-08-01T02:35:01.986+0000] GC(325)   Pre Evacuate Collection Set: 0.1ms
[2025-08-01T02:35:01.986+0000] GC(325)   Evacuate Collection Set: 76.1ms
[2025-08-01T02:35:01.986+0000] GC(325)   Post Evacuate Collection Set: 0.9ms
[2025-08-01T02:35:01.986+0000] GC(325)   Other: 0.2ms
[2025-08-01T02:35:01.986+0000] GC(325) Eden regions: 249->0(167)
[2025-08-01T02:35:01.986+0000] GC(325) Survivor regions: 15->33(33)
[2025-08-01T02:35:01.986+0000] GC(325) Old regions: 1079->1287
[2025-08-01T02:35:01.986+0000] GC(325) Humongous regions: 0->0
[2025-08-01T02:35:01.986+0000] GC(325) Metaspace: 9706K(12544K)->9706K(12544K) NonClass: 8540K(11008K)->8540K(11008K) Class: 1166K(1536K)->1166K(1536K)
[2025-08-01T02:35:01.986+0000] GC(325) Pause Young (Normal) (G1 Evacuation Pause) 2682M->2636M(4096M) 77.499ms
[2025-08-01T02:35:01.986+0000] GC(325) User=0.58s Sys=0.00s Real=0.08s
[2025-08-01T02:35:02.057+0000] GC(326) Pause Young (Normal) (G1 Evacuation Pause)
[2025-08-01T02:35:02.057+0000] GC(326) Using 8 workers of 8 for evacuation
[2025-08-01T02:35:02.124+0000] GC(326)   Pre Evacuate Collection Set: 0.1ms
[2025-08-01T02:35:02.124+0000] GC(326)   Evacuate Collection Set: 65.6ms
[2025-08-01T02:35:02.124+0000] GC(326)   Post Evacuate Collection Set: 1.0ms
[2025-08-01T02:35:02.124+0000] GC(326)   Other: 0.3ms
[2025-08-01T02:35:02.124+0000] GC(326) Eden regions: 167->0(134)
[2025-08-01T02:35:02.124+0000] GC(326) Survivor regions: 33->25(25)
[2025-08-01T02:35:02.124+0000] GC(326) Old regions: 1287->1411
[2025-08-01T02:35:02.124+0000] GC(326) Humongous regions: 0->0
[2025-08-01T02:35:02.124+0000] GC(326) Metaspace: 9706K(12544K)->9706K(12544K) NonClass: 8540K(11008K)->8540K(11008K) Class: 1166K(1536K)->1166K(1536K)
[2025-08-01T02:35:02.124+0000] GC(326) Pause Young (Normal) (G1 Evacuation Pause) 2970M->2868M(4096M) 67.123ms
[2025-08-01T02:35:02.124+0000] GC(326) User=0.50s Sys=0.02s Real=0.07s
[2025-08-01T02:35:02.184+0000] GC(327) Pause Young (Normal) (G1 Evacuation Pause)
[2025-08-01T02:35:02.184+0000] GC(327) Using 8 workers of 8 for evacuation
[2025-08-01T02:35:02.245+0000] GC(327)   Pre Evacuate Collection Set: 0.1ms
[2025-08-01T02:35:02.245+0000] GC(327)   Evacuate Collection Set: 60.1ms
[2025-08-01T02:35:02.245+0000] GC(327)   Post Evacuate Collection Set: 0.6ms
[2025-08-01T02:35:02.245+0000] GC(327)   Other: 0.3ms
[2025-08-01T02:35:02.245+0000] GC(327) Eden regions: 134->0(86)
[2025-08-01T02:35:02.245+0000] GC(327) Survivor regions: 25->20(20)
[2025-08-01T02:35:02.245+0000] GC(327) Old regions: 1411->1551
[2025-08-01T02:35:02.245+0000] GC(327) Humongous regions: 0->0
[2025-08-01T02:35:02.245+0000] GC(327) Metaspace: 9706K(12544K)->9706K(12544K) NonClass: 8540K(11008K)->8540K(11008K) Class: 1166K(1536K)->1166K(1536K)
[2025-08-01T02:35:02.245+0000] GC(327) Pause Young (Normal) (G1 Evacuation Pause) 3136M->3139M(4096M) 61.322ms
[2025-08-01T02:35:02.245+0000] GC(327) User=0.46s Sys=0.01s Real=0.06s
[2025-08-01T02:35:02.261+0000] GC(328) Pause Young (Normal) (G1 Evacuation Pause)
[2025-08-01T02:35:02.261+0000] GC(328) Using 8 workers of 8 for evacuation
[2025-08-01T02:35:02.298+0000] GC(328)   Pre Evacuate Collection Set: 0.1ms
[2025-08-01T02:35:02.298+0000] GC(328)   Evacuate Collection Set: 36.0ms
[2025-08-01T02:35:02.298+0000] GC(328)   Post Evacuate Collection Set: 0.7ms
[2025-08-01T02:35:02.298+0000] GC(328)   Other: 0.3ms
[2025-08-01T02:35:02.298+0000] GC(328) Eden regions: 86->0(88)
[2025-08-01T02:35:02.298+0000] GC(328) Survivor regions: 20->14(14)
[2025-08-01T02:35:02.298+0000] GC(328) Old regions: 1551->1646
[2025-08-01T02:35:02.298+0000] GC(328) Humongous regions: 0->0
[2025-08-01T02:35:02.298+0000] GC(328) Metaspace: 9706K(12544K)->9706K(12544K) NonClass: 8540K(11008K)->8540K(11008K) Class: 1166K(1536K)->1166K(1536K)
[2025-08-01T02:35:02.298+0000] GC(328) Pause Young (Normal) (G1 Evacuation Pause) 3311M->3316M(4096M) 37.103ms
[2025-08-01T02:35:02.298+0000] GC(328) User=0.28s Sys=0.01s Real=0.04s
[2025-08-01T02:35:02.350+0000] GC(320) Concurrent Rebuild Remembered Sets 579.477ms
[2025-08-01T02:35:02.350+0000] GC(320) Pause Cleanup
[2025-08-01T02:35:02.351+0000] GC(320) Pause Cleanup 3491M->3491M(4096M) 0.798ms
[2025-08-01T02:35:02.351+0000] GC(320) User=0.00s Sys=0.00s Real=0.00s
[2025-08-01T02:35:02.351+0000] GC(320) Concurrent Cleanup for Next Mark
[2025-08-01T02:35:02.360+0000] GC(320) Concurrent Cleanup for Next Mark 8.287ms
[2025-08-01T02:35:02.360+0000] GC(320) Concurrent Cycle 985.430ms
[2025-08-01T02:35:02.363+0000] GC(329) Pause Young (Prepare Mixed) (G1 Evacuation Pause)
[2025-08-01T02:35:02.363+0000] GC(329) Using 8 workers of 8 for evacuation
[2025-08-01T02:35:02.391+0000] GC(329)   Pre Evacuate Collection Set: 0.1ms
[2025-08-01T02:35:02.391+0000] GC(329)   Evacuate Collection Set: 26.7ms
[2025-08-01T02:35:02.391+0000] GC(329)   Post Evacuate Collection Set: 0.9ms
[2025-08-01T02:35:02.391+0000] GC(329)   Other: 0.3ms
[2025-08-01T02:35:02.391+0000] GC(329) Eden regions: 88->0(89)
[2025-08-01T02:35:02.391+0000] GC(329) Survivor regions: 14->13(13)
[2025-08-01T02:35:02.391+0000] GC(329) Old regions: 1646->1681
[2025-08-01T02:35:02.391+0000] GC(329) Humongous regions: 0->0
[2025-08-01T02:35:02.391+0000] GC(329) Metaspace: 9706K(12544K)->9706K(12544K) NonClass: 8540K(11008K)->8540K(11008K) Class: 1166K(1536K)->1166K(1536K)
[2025-08-01T02:35:02.391+0000] GC(329) Pause Young (Prepare Mixed) (G1 Evacuation Pause) 3492M->3385M(4096M) 28.266ms
[2025-08-01T02:35:02.391+0000] GC(329) User=0.20s Sys=0.00s Real=0.03s
[2025-08-01T02:35:02.406+0000] GC(330) Pause Young (Mixed) (G1 Evacuation Pause)
[2025-08-01T02:35:02.407+0000] GC(330) Using 8 workers of 8 for evacuation
[2025-08-01T02:35:02.441+0000] GC(330)   Pre Evacuate Collection Set: 0.1ms
[2025-08-01T02:35:02.441+0000] GC(330)   Evacuate Collection Set: 33.5ms
[2025-08-01T02:35:02.441+0000] GC(330)   Post Evacuate Collection Set: 0.7ms
[2025-08-01T02:35:02.441+0000] GC(330)   Other: 0.5ms
[2025-08-01T02:35:02.441+0000] GC(330) Eden regions: 89->0(89)
[2025-08-01T02:35:02.441+0000] GC(330) Survivor regions: 13->13(13)
[2025-08-01T02:35:02.441+0000] GC(330) Old regions: 1681->1761
[2025-08-01T02:35:02.441+0000] GC(330) Humongous regions: 0->0
[2025-08-01T02:35:02.441+0000] GC(330) Metaspace: 9706K(12544K)->9706K(12544K) NonClass: 8540K(11008K)->8540K(11008K) Class: 1166K(1536K)->1166K(1536K)
[2025-08-01T02:35:02.441+0000] GC(330) Pause Young (Mixed) (G1 Evacuation Pause) 3563M->3545M(4096M) 34.938ms
[2025-08-01T02:35:02.441+0000] GC(330) User=0.26s Sys=0.01s Real=0.03s
[2025-08-01T02:35:02.457+0000] GC(331) Pause Young (Concurrent Start) (G1 Evacuation Pause)
[2025-08-01T02:35:02.457+0000] GC(331) Using 8 workers of 8 for evacuation
[2025-08-01T02:35:02.488+0000] GC(331)   Pre Evacuate Collection Set: 0.1ms
[2025-08-01T02:35:02.489+0000] GC(331)   Evacuate Collection Set: 30.1ms
[2025-08-01T02:35:02.489+0000] GC(331)   Post Evacuate Collection Set: 0.6ms
[2025-08-01T02:35:02.489+0000] GC(331)   Other: 0.4ms
[2025-08-01T02:35:02.489+0000] GC(331) Eden regions: 89->0(89)
[2025-08-01T02:35:02.489+0000] GC(331) Survivor regions: 13->13(13)
[2025-08-01T02:35:02.489+0000] GC(331) Old regions: 1761->1852
[2025-08-01T02:35:02.489+0000] GC(331) Humongous regions: 0->0
[2025-08-01T02:35:02.489+0000] GC(331) Metaspace: 9706K(12544K)->9706K(12544K) NonClass: 8540K(11008K)->8540K(11008K) Class: 1166K(1536K)->1166K(1536K)
[2025-08-01T02:35:02.489+0000] GC(331) Pause Young (Concurrent Start) (G1 Evacuation Pause) 3723M->3726M(4096M) 31.287ms
[2025-08-01T02:35:02.489+0000] GC(331) User=0.23s Sys=0.01s Real=0.03s
[2025-08-01T02:35:02.489+0000] GC(332) Concurrent Cycle
[2025-08-01T02:35:02.489+0000] GC(332) Concurrent Clear Claimed Marks
[2025-08-01T02:35:02.489+0000] GC(332) Concurrent Clear Claimed Marks 0.060ms
[2025-08-01T02:35:02.489+0000] GC(332) Concurrent Scan Root Regions
[2025-08-01T02:35:02.491+0000] GC(332) Concurrent Scan Root Regions 2.208ms
[2025-08-01T02:35:02.491+0000] GC(332) Concurrent Mark (41.487s)
[2025-08-01T02:35:02.491+0000] GC(332) Concurrent Mark From Roots
[2025-08-01T02:35:02.491+0000] GC(332) Using 2 workers of 2 for marking
[2025-08-01T02:35:02.530+0000] GC(333) Pause Young (Normal) (G1 Evacuation Pause)
[2025-08-01T02:35:02.530+0000] GC(333) Using 8 workers of 8 for evacuation
[2025-08-01T02:35:02.570+0000] GC(333) To-space exhausted
[2025-08-01T02:35:02.570+0000] GC(333)   Pre Evacuate Collection Set: 0.1ms
[2025-08-01T02:35:02.570+0000] GC(333)   Evacuate Collection Set: 36.9ms
[2025-08-01T02:35:02.570+0000] GC(333)   Post Evacuate Collection Set: 2.6ms
[2025-08-01T02:35:02.570+0000] GC(333)   Other: 0.4ms
[2025-08-01T02:35:02.570+0000] GC(333) Eden regions: 89->0(89)
[2025-08-01T02:35:02.570+0000] GC(333) Survivor regions: 13->13(13)
[2025-08-01T02:35:02.570+0000] GC(333) Old regions: 1852->1952
[2025-08-01T02:35:02.570+0000] GC(333) Humongous regions: 0->0
[2025-08-01T02:35:02.570+0000] GC(333) Metaspace: 9706K(12544K)->9706K(12544K) NonClass: 8540K(11008K)->8540K(11008K) Class: 1166K(1536K)->1166K(1536K)
[2025-08-01T02:35:02.570+0000] GC(333) Pause Young (Normal) (G1 Evacuation Pause) 3904M->3927M(4096M) 40.093ms
[2025-08-01T02:35:02.570+0000] GC(333) User=0.29s Sys=0.01s Real=0.04s
[2025-08-01T02:35:02.591+0000] GC(334) Pause Young (Normal) (G1 Evacuation Pause)
[2025-08-01T02:35:02.591+0000] GC(334) Using 8 workers of 8 for evacuation
[2025-08-01T02:35:02.628+0000] GC(334) To-space exhausted
[2025-08-01T02:35:02.628+0000] GC(334)   Pre Evacuate Collection Set: 0.1ms
[2025-08-01T02:35:02.628+0000] GC(334)   Evacuate Collection Set: 25.2ms
[2025-08-01T02:35:02.628+0000] GC(334)   Post Evacuate Collection Set: 11.7ms
[2025-08-01T02:35:02.628+0000] GC(334)   Other: 0.4ms
[2025-08-01T02:35:02.628+0000] GC(334) Eden regions: 83->0(102)
[2025-08-01T02:35:02.628+0000] GC(334) Survivor regions: 13->0(13)
[2025-08-01T02:35:02.628+0000] GC(334) Old regions: 1952->2048
[2025-08-01T02:35:02.628+0000] GC(334) Humongous regions: 0->0
[2025-08-01T02:35:02.628+0000] GC(334) Metaspace: 9706K(12544K)->9706K(12544K) NonClass: 8540K(11008K)->8540K(11008K) Class: 1166K(1536K)->1166K(1536K)
[2025-08-01T02:35:02.628+0000] GC(334) Pause Young (Normal) (G1 Evacuation Pause) 4093M->4093M(4096M) 37.570ms
[2025-08-01T02:35:02.628+0000] GC(334) User=0.26s Sys=0.01s Real=0.04s
[2025-08-01T02:35:02.628+0000] GC(335) Using 8 workers of 8 for full compaction
[2025-08-01T02:35:02.628+0000] GC(335) Pause Full (G1 Evacuation Pause)
[2025-08-01T02:35:02.635+0000] GC(335) Phase 1: Mark live objects
[2025-08-01T02:35:02.685+0000] GC(335) Cleaned string and symbol table, strings: 2833 processed, 0 removed, symbols: 23489 processed, 0 removed
[2025-08-01T02:35:02.685+0000] GC(335) Phase 1: Mark live objects 50.121ms
[2025-08-01T02:35:02.685+0000] GC(335) Phase 2: Prepare for compaction
[2025-08-01T02:35:02.738+0000] GC(335) Phase 2: Prepare for compaction 53.724ms
[2025-08-01T02:35:02.739+0000] GC(335) Phase 3: Adjust pointers
[2025-08-01T02:35:02.784+0000] GC(335) Phase 3: Adjust pointers 45.788ms
[2025-08-01T02:35:02.784+0000] GC(335) Phase 4: Compact heap
[2025-08-01T02:35:02.938+0000] GC(335) Phase 4: Compact heap 153.174ms
[2025-08-01T02:35:02.940+0000] GC(335) Eden regions: 0->0(428)
[2025-08-01T02:35:02.940+0000] GC(335) Survivor regions: 0->0(13)
[2025-08-01T02:35:02.940+0000] GC(335) Old regions: 2048->586
[2025-08-01T02:35:02.940+0000] GC(335) Humongous regions: 0->0
[2025-08-01T02:35:02.940+0000] GC(335) Metaspace: 9706K(12544K)->9706K(12544K) NonClass: 8540K(11008K)->8540K(11008K) Class: 1166K(1536K)->1166K(1536K)
[2025-08-01T02:35:02.940+0000] GC(335) Pause Full (G1 Evacuation Pause) 4093M->1161M(4096M) 311.513ms
[2025-08-01T02:35:02.940+0000] GC(335) User=2.32s Sys=0.00s Real=0.31s
[2025-08-01T02:35:02.940+0000] GC(332) Concurrent Mark From Roots 448.975ms
[2025-08-01T02:35:02.940+0000] GC(332) Concurrent Mark Abort
[2025-08-01T02:35:02.940+0000] GC(332) Concurrent Cycle 451.397ms
[2025-08-01T02:35:03.106+0000] GC(336) Pause Young (Normal) (G1 Evacuation Pause)
[2025-08-01T02:35:03.107+0000] GC(336) Using 8 workers of 8 for evacuation
[2025-08-01T02:35:03.311+0000] GC(336) MMU target violated: 201.0ms (200.0ms/201.0ms)
[2025-08-01T02:35:03.311+0000] GC(336)   Pre Evacuate Collection Set: 0.2ms
[2025-08-01T02:35:03.311+0000] GC(336)   Evacuate Collection Set: 202.6ms
[2025-08-01T02:35:03.311+0000] GC(336)   Post Evacuate Collection Set: 1.1ms
[2025-08-01T02:35:03.311+0000] GC(336)   Other: 0.5ms
[2025-08-01T02:35:03.311+0000] GC(336) Eden regions: 428->0(285)
[2025-08-01T02:35:03.311+0000] GC(336) Survivor regions: 0->54(54)
[2025-08-01T02:35:03.311+0000] GC(336) Old regions: 586->908
[2025-08-01T02:35:03.311+0000] GC(336) Humongous regions: 0->0
[2025-08-01T02:35:03.311+0000] GC(336) Metaspace: 9706K(12544K)->9706K(12544K) NonClass: 8540K(11008K)->8540K(11008K) Class: 1166K(1536K)->1166K(1536K)
[2025-08-01T02:35:03.311+0000] GC(336) Pause Young (Normal) (G1 Evacuation Pause) 2017M->1913M(4096M) 204.413ms
[2025-08-01T02:35:03.311+0000] GC(336) User=1.52s Sys=0.06s Real=0.20s
[2025-08-01T02:35:03.410+0000] GC(337) Pause Young (Concurrent Start) (G1 Evacuation Pause)
[2025-08-01T02:35:03.410+0000] GC(337) Using 8 workers of 8 for evacuation
[2025-08-01T02:35:03.507+0000] GC(337)   Pre Evacuate Collection Set: 0.1ms
[2025-08-01T02:35:03.507+0000] GC(337)   Evacuate Collection Set: 95.8ms
[2025-08-01T02:35:03.507+0000] GC(337)   Post Evacuate Collection Set: 0.9ms
[2025-08-01T02:35:03.507+0000] GC(337)   Other: 0.4ms
[2025-08-01T02:35:03.507+0000] GC(337) Eden regions: 285->0(222)
[2025-08-01T02:35:03.507+0000] GC(337) Survivor regions: 54->43(43)
[2025-08-01T02:35:03.507+0000] GC(337) Old regions: 908->1113
[2025-08-01T02:35:03.507+0000] GC(337) Humongous regions: 0->0
[2025-08-01T02:35:03.507+0000] GC(337) Metaspace: 9706K(12544K)->9706K(12544K) NonClass: 8540K(11008K)->8540K(11008K) Class: 1166K(1536K)->1166K(1536K)
[2025-08-01T02:35:03.507+0000] GC(337) Pause Young (Concurrent Start) (G1 Evacuation Pause) 2483M->2300M(4096M) 97.323ms
[2025-08-01T02:35:03.508+0000] GC(337) User=0.72s Sys=0.02s Real=0.10s
[2025-08-01T02:35:03.508+0000] GC(338) Concurrent Cycle
[2025-08-01T02:35:03.508+0000] GC(338) Concurrent Clear Claimed Marks
[2025-08-01T02:35:03.508+0000] GC(338) Concurrent Clear Claimed Marks 0.046ms
[2025-08-01T02:35:03.508+0000] GC(338) Concurrent Scan Root Regions
[2025-08-01T02:35:03.517+0000] GC(338) Concurrent Scan Root Regions 9.745ms
[2025-08-01T02:35:03.518+0000] GC(338) Concurrent Mark (42.513s)
[2025-08-01T02:35:03.518+0000] GC(338) Concurrent Mark From Roots
[2025-08-01T02:35:03.518+0000] GC(338) Using 2 workers of 2 for marking
[2025-08-01T02:35:03.594+0000] GC(339) Pause Young (Normal) (G1 Evacuation Pause)
[2025-08-01T02:35:03.594+0000] GC(339) Using 8 workers of 8 for evacuation
[2025-08-01T02:35:03.701+0000] GC(339)   Pre Evacuate Collection Set: 0.1ms
[2025-08-01T02:35:03.701+0000] GC(339)   Evacuate Collection Set: 105.7ms
[2025-08-01T02:35:03.701+0000] GC(339)   Post Evacuate Collection Set: 1.0ms
[2025-08-01T02:35:03.701+0000] GC(339)   Other: 0.3ms
[2025-08-01T02:35:03.701+0000] GC(339) Eden regions: 222->0(145)
[2025-08-01T02:35:03.701+0000] GC(339) Survivor regions: 43->34(34)
[2025-08-01T02:35:03.701+0000] GC(339) Old regions: 1113->1345
[2025-08-01T02:35:03.701+0000] GC(339) Humongous regions: 0->0
[2025-08-01T02:35:03.701+0000] GC(339) Metaspace: 9706K(12544K)->9706K(12544K) NonClass: 8540K(11008K)->8540K(11008K) Class: 1166K(1536K)->1166K(1536K)
[2025-08-01T02:35:03.701+0000] GC(339) Pause Young (Normal) (G1 Evacuation Pause) 2744M->2747M(4096M) 107.294ms
[2025-08-01T02:35:03.701+0000] GC(339) User=0.79s Sys=0.02s Real=0.10s
[2025-08-01T02:35:03.769+0000] GC(338) Concurrent Mark From Roots 251.206ms
[2025-08-01T02:35:03.769+0000] GC(338) Concurrent Preclean
[2025-08-01T02:35:03.769+0000] GC(338) Concurrent Preclean 0.307ms
[2025-08-01T02:35:03.769+0000] GC(338) Concurrent Mark (42.513s, 42.765s) 251.675ms
[2025-08-01T02:35:03.770+0000] GC(338) Pause Remark
[2025-08-01T02:35:03.772+0000] GC(338) Cleaned string and symbol table, strings: 2833 processed, 0 removed, symbols: 23489 processed, 0 removed
[2025-08-01T02:35:03.774+0000] GC(338) Pause Remark 3029M->1799M(4096M) 4.748ms
[2025-08-01T02:35:03.774+0000] GC(338) User=0.02s Sys=0.00s Real=0.01s
[2025-08-01T02:35:03.775+0000] GC(338) Concurrent Rebuild Remembered Sets
[2025-08-01T02:35:03.776+0000] GC(340) Pause Young (Normal) (G1 Evacuation Pause)
[2025-08-01T02:35:03.776+0000] GC(340) Using 8 workers of 8 for evacuation
[2025-08-01T02:35:03.825+0000] GC(340)   Pre Evacuate Collection Set: 0.1ms
[2025-08-01T02:35:03.825+0000] GC(340)   Evacuate Collection Set: 47.7ms
[2025-08-01T02:35:03.825+0000] GC(340)   Post Evacuate Collection Set: 0.8ms
[2025-08-01T02:35:03.825+0000] GC(340)   Other: 0.2ms
[2025-08-01T02:35:03.825+0000] GC(340) Eden regions: 145->0(331)
[2025-08-01T02:35:03.825+0000] GC(340) Survivor regions: 34->23(23)
[2025-08-01T02:35:03.825+0000] GC(340) Old regions: 726->827
[2025-08-01T02:35:03.825+0000] GC(340) Humongous regions: 0->0
[2025-08-01T02:35:03.825+0000] GC(340) Metaspace: 9706K(12544K)->9706K(12544K) NonClass: 8540K(11008K)->8540K(11008K) Class: 1166K(1536K)->1166K(1536K)
[2025-08-01T02:35:03.825+0000] GC(340) Pause Young (Normal) (G1 Evacuation Pause) 1807M->1696M(4096M) 49.093ms
[2025-08-01T02:35:03.825+0000] GC(340) User=0.38s Sys=0.01s Real=0.05s
[2025-08-01T02:35:03.933+0000] GC(341) Pause Young (Normal) (G1 Evacuation Pause)
[2025-08-01T02:35:03.933+0000] GC(341) Using 8 workers of 8 for evacuation
[2025-08-01T02:35:04.011+0000] GC(341)   Pre Evacuate Collection Set: 0.1ms
[2025-08-01T02:35:04.011+0000] GC(341)   Evacuate Collection Set: 76.3ms
[2025-08-01T02:35:04.011+0000] GC(341)   Post Evacuate Collection Set: 0.7ms
[2025-08-01T02:35:04.011+0000] GC(341)   Other: 0.2ms
[2025-08-01T02:35:04.011+0000] GC(341) Eden regions: 331->0(253)
[2025-08-01T02:35:04.011+0000] GC(341) Survivor regions: 23->45(45)
[2025-08-01T02:35:04.011+0000] GC(341) Old regions: 827->1041
[2025-08-01T02:35:04.011+0000] GC(341) Humongous regions: 0->0
[2025-08-01T02:35:04.011+0000] GC(341) Metaspace: 9706K(12544K)->9706K(12544K) NonClass: 8540K(11008K)->8540K(11008K) Class: 1166K(1536K)->1166K(1536K)
[2025-08-01T02:35:04.011+0000] GC(341) Pause Young (Normal) (G1 Evacuation Pause) 2358M->2168M(4096M) 77.363ms
[2025-08-01T02:35:04.011+0000] GC(341) User=0.60s Sys=0.00s Real=0.07s
[2025-08-01T02:35:04.102+0000] GC(338) Concurrent Rebuild Remembered Sets 327.294ms
[2025-08-01T02:35:04.102+0000] GC(338) Pause Cleanup
[2025-08-01T02:35:04.103+0000] GC(338) Pause Cleanup 2672M->2672M(4096M) 0.989ms
[2025-08-01T02:35:04.103+0000] GC(338) User=0.00s Sys=0.00s Real=0.01s
[2025-08-01T02:35:04.104+0000] GC(338) Concurrent Cleanup for Next Mark
[2025-08-01T02:35:04.104+0000] GC(342) Pause Young (Prepare Mixed) (G1 Evacuation Pause)
[2025-08-01T02:35:04.104+0000] GC(342) Using 8 workers of 8 for evacuation
[2025-08-01T02:35:04.200+0000] GC(342)   Pre Evacuate Collection Set: 0.1ms
[2025-08-01T02:35:04.200+0000] GC(342)   Evacuate Collection Set: 94.7ms
[2025-08-01T02:35:04.200+0000] GC(342)   Post Evacuate Collection Set: 0.6ms
[2025-08-01T02:35:04.200+0000] GC(342)   Other: 0.3ms
[2025-08-01T02:35:04.200+0000] GC(342) Eden regions: 253->0(64)
[2025-08-01T02:35:04.200+0000] GC(342) Survivor regions: 45->38(38)
[2025-08-01T02:35:04.200+0000] GC(342) Old regions: 1041->1282
[2025-08-01T02:35:04.200+0000] GC(342) Humongous regions: 0->0
[2025-08-01T02:35:04.200+0000] GC(342) Metaspace: 9706K(12544K)->9706K(12544K) NonClass: 8540K(11008K)->8540K(11008K) Class: 1166K(1536K)->1166K(1536K)
[2025-08-01T02:35:04.200+0000] GC(342) Pause Young (Prepare Mixed) (G1 Evacuation Pause) 2674M->2637M(4096M) 95.810ms
[2025-08-01T02:35:04.200+0000] GC(342) User=0.74s Sys=0.02s Real=0.09s
[2025-08-01T02:35:04.214+0000] GC(338) Concurrent Cleanup for Next Mark 110.535ms
[2025-08-01T02:35:04.214+0000] GC(338) Concurrent Cycle 706.582ms
[2025-08-01T02:35:04.216+0000] GC(343) Pause Young (Mixed) (G1 Evacuation Pause)
[2025-08-01T02:35:04.216+0000] GC(343) Using 8 workers of 8 for evacuation
[2025-08-01T02:35:04.250+0000] GC(343)   Pre Evacuate Collection Set: 0.1ms
[2025-08-01T02:35:04.250+0000] GC(343)   Evacuate Collection Set: 32.5ms
[2025-08-01T02:35:04.250+0000] GC(343)   Post Evacuate Collection Set: 0.7ms
[2025-08-01T02:35:04.250+0000] GC(343)   Other: 0.5ms
[2025-08-01T02:35:04.250+0000] GC(343) Eden regions: 64->0(162)
[2025-08-01T02:35:04.250+0000] GC(343) Survivor regions: 38->13(13)
[2025-08-01T02:35:04.250+0000] GC(343) Old regions: 1282->1323
[2025-08-01T02:35:04.250+0000] GC(343) Humongous regions: 0->0
[2025-08-01T02:35:04.250+0000] GC(343) Metaspace: 9706K(12544K)->9706K(12544K) NonClass: 8540K(11008K)->8540K(11008K) Class: 1166K(1536K)->1166K(1536K)
[2025-08-01T02:35:04.250+0000] GC(343) Pause Young (Mixed) (G1 Evacuation Pause) 2765M->2669M(4096M) 34.042ms
[2025-08-01T02:35:04.250+0000] GC(343) User=0.26s Sys=0.00s Real=0.03s
[2025-08-01T02:35:04.320+0000] GC(344) Pause Young (Concurrent Start) (G1 Evacuation Pause)
[2025-08-01T02:35:04.320+0000] GC(344) Using 8 workers of 8 for evacuation
[2025-08-01T02:35:04.375+0000] GC(344)   Pre Evacuate Collection Set: 0.1ms
[2025-08-01T02:35:04.375+0000] GC(344)   Evacuate Collection Set: 54.2ms
[2025-08-01T02:35:04.375+0000] GC(344)   Post Evacuate Collection Set: 0.7ms
[2025-08-01T02:35:04.376+0000] GC(344)   Other: 0.4ms
[2025-08-01T02:35:04.376+0000] GC(344) Eden regions: 162->0(130)
[2025-08-01T02:35:04.376+0000] GC(344) Survivor regions: 13->22(22)
[2025-08-01T02:35:04.376+0000] GC(344) Old regions: 1323->1429
[2025-08-01T02:35:04.376+0000] GC(344) Humongous regions: 0->0
[2025-08-01T02:35:04.376+0000] GC(344) Metaspace: 9706K(12544K)->9706K(12544K) NonClass: 8540K(11008K)->8540K(11008K) Class: 1166K(1536K)->1166K(1536K)
[2025-08-01T02:35:04.376+0000] GC(344) Pause Young (Concurrent Start) (G1 Evacuation Pause) 2993M->2899M(4096M) 55.568ms
[2025-08-01T02:35:04.376+0000] GC(344) User=0.38s Sys=0.01s Real=0.06s
[2025-08-01T02:35:04.376+0000] GC(345) Concurrent Cycle
[2025-08-01T02:35:04.376+0000] GC(345) Concurrent Clear Claimed Marks
[2025-08-01T02:35:04.376+0000] GC(345) Concurrent Clear Claimed Marks 0.065ms
[2025-08-01T02:35:04.376+0000] GC(345) Concurrent Scan Root Regions
[2025-08-01T02:35:04.382+0000] GC(345) Concurrent Scan Root Regions 6.149ms
[2025-08-01T02:35:04.382+0000] GC(345) Concurrent Mark (43.378s)
[2025-08-01T02:35:04.382+0000] GC(345) Concurrent Mark From Roots
[2025-08-01T02:35:04.382+0000] GC(345) Using 2 workers of 2 for marking
[2025-08-01T02:35:04.400+0000] GC(346) Pause Young (Normal) (G1 Evacuation Pause)
[2025-08-01T02:35:04.400+0000] GC(346) Using 8 workers of 8 for evacuation
[2025-08-01T02:35:04.454+0000] GC(346)   Pre Evacuate Collection Set: 0.1ms
[2025-08-01T02:35:04.454+0000] GC(346)   Evacuate Collection Set: 52.7ms
[2025-08-01T02:35:04.454+0000] GC(346)   Post Evacuate Collection Set: 0.5ms
[2025-08-01T02:35:04.454+0000] GC(346)   Other: 0.3ms
[2025-08-01T02:35:04.454+0000] GC(346) Eden regions: 130->0(84)
[2025-08-01T02:35:04.454+0000] GC(346) Survivor regions: 22->19(19)
[2025-08-01T02:35:04.454+0000] GC(346) Old regions: 1429->1564
[2025-08-01T02:35:04.454+0000] GC(346) Humongous regions: 0->0
[2025-08-01T02:35:04.454+0000] GC(346) Metaspace: 9706K(12544K)->9706K(12544K) NonClass: 8540K(11008K)->8540K(11008K) Class: 1166K(1536K)->1166K(1536K)
[2025-08-01T02:35:04.454+0000] GC(346) Pause Young (Normal) (G1 Evacuation Pause) 3159M->3162M(4096M) 53.819ms
[2025-08-01T02:35:04.454+0000] GC(346) User=0.40s Sys=0.01s Real=0.06s
[2025-08-01T02:35:04.514+0000] GC(347) Pause Young (Normal) (G1 Evacuation Pause)
[2025-08-01T02:35:04.515+0000] GC(347) Using 8 workers of 8 for evacuation
[2025-08-01T02:35:04.558+0000] GC(347)   Pre Evacuate Collection Set: 0.1ms
[2025-08-01T02:35:04.558+0000] GC(347)   Evacuate Collection Set: 42.4ms
[2025-08-01T02:35:04.558+0000] GC(347)   Post Evacuate Collection Set: 0.5ms
[2025-08-01T02:35:04.558+0000] GC(347)   Other: 0.4ms
[2025-08-01T02:35:04.558+0000] GC(347) Eden regions: 84->0(89)
[2025-08-01T02:35:04.558+0000] GC(347) Survivor regions: 19->13(13)
[2025-08-01T02:35:04.558+0000] GC(347) Old regions: 1564->1646
[2025-08-01T02:35:04.558+0000] GC(347) Humongous regions: 0->0
[2025-08-01T02:35:04.558+0000] GC(347) Metaspace: 9706K(12544K)->9706K(12544K) NonClass: 8540K(11008K)->8540K(11008K) Class: 1166K(1536K)->1166K(1536K)
[2025-08-01T02:35:04.558+0000] GC(347) Pause Young (Normal) (G1 Evacuation Pause) 3330M->3314M(4096M) 43.654ms
[2025-08-01T02:35:04.558+0000] GC(347) User=0.31s Sys=0.02s Real=0.04s
[2025-08-01T02:35:04.575+0000] GC(348) Pause Young (Normal) (G1 Evacuation Pause)
[2025-08-01T02:35:04.575+0000] GC(348) Using 8 workers of 8 for evacuation
[2025-08-01T02:35:04.607+0000] GC(348)   Pre Evacuate Collection Set: 0.1ms
[2025-08-01T02:35:04.607+0000] GC(348)   Evacuate Collection Set: 30.7ms
[2025-08-01T02:35:04.607+0000] GC(348)   Post Evacuate Collection Set: 0.5ms
[2025-08-01T02:35:04.607+0000] GC(348)   Other: 0.3ms
[2025-08-01T02:35:04.607+0000] GC(348) Eden regions: 89->0(89)
[2025-08-01T02:35:04.607+0000] GC(348) Survivor regions: 13->13(13)
[2025-08-01T02:35:04.607+0000] GC(348) Old regions: 1646->1737
[2025-08-01T02:35:04.607+0000] GC(348) Humongous regions: 0->0
[2025-08-01T02:35:04.607+0000] GC(348) Metaspace: 9706K(12544K)->9706K(12544K) NonClass: 8540K(11008K)->8540K(11008K) Class: 1166K(1536K)->1166K(1536K)
[2025-08-01T02:35:04.607+0000] GC(348) Pause Young (Normal) (G1 Evacuation Pause) 3492M->3497M(4096M) 31.857ms
[2025-08-01T02:35:04.607+0000] GC(348) User=0.25s Sys=0.00s Real=0.03s
[2025-08-01T02:35:04.672+0000] GC(349) Pause Young (Normal) (G1 Evacuation Pause)
[2025-08-01T02:35:04.673+0000] GC(349) Using 8 workers of 8 for evacuation
[2025-08-01T02:35:04.691+0000] GC(349)   Pre Evacuate Collection Set: 0.1ms
[2025-08-01T02:35:04.691+0000] GC(349)   Evacuate Collection Set: 17.6ms
[2025-08-01T02:35:04.691+0000] GC(349)   Post Evacuate Collection Set: 0.5ms
[2025-08-01T02:35:04.691+0000] GC(349)   Other: 0.3ms
[2025-08-01T02:35:04.691+0000] GC(349) Eden regions: 89->0(89)
[2025-08-01T02:35:04.691+0000] GC(349) Survivor regions: 13->13(13)
[2025-08-01T02:35:04.691+0000] GC(349) Old regions: 1737->1778
[2025-08-01T02:35:04.691+0000] GC(349) Humongous regions: 0->0
[2025-08-01T02:35:04.691+0000] GC(349) Metaspace: 9706K(12544K)->9706K(12544K) NonClass: 8540K(11008K)->8540K(11008K) Class: 1166K(1536K)->1166K(1536K)
[2025-08-01T02:35:04.691+0000] GC(349) Pause Young (Normal) (G1 Evacuation Pause) 3675M->3579M(4096M) 18.614ms
[2025-08-01T02:35:04.691+0000] GC(349) User=0.14s Sys=0.00s Real=0.02s
[2025-08-01T02:35:04.707+0000] GC(350) Pause Young (Normal) (G1 Evacuation Pause)
[2025-08-01T02:35:04.707+0000] GC(350) Using 8 workers of 8 for evacuation
[2025-08-01T02:35:04.747+0000] GC(350)   Pre Evacuate Collection Set: 0.1ms
[2025-08-01T02:35:04.747+0000] GC(350)   Evacuate Collection Set: 38.7ms
[2025-08-01T02:35:04.747+0000] GC(350)   Post Evacuate Collection Set: 0.8ms
[2025-08-01T02:35:04.747+0000] GC(350)   Other: 0.3ms
[2025-08-01T02:35:04.747+0000] GC(350) Eden regions: 89->0(89)
[2025-08-01T02:35:04.747+0000] GC(350) Survivor regions: 13->13(13)
[2025-08-01T02:35:04.747+0000] GC(350) Old regions: 1778->1869
[2025-08-01T02:35:04.747+0000] GC(350) Humongous regions: 0->0
[2025-08-01T02:35:04.747+0000] GC(350) Metaspace: 9706K(12544K)->9706K(12544K) NonClass: 8540K(11008K)->8540K(11008K) Class: 1166K(1536K)->1166K(1536K)
[2025-08-01T02:35:04.747+0000] GC(350) Pause Young (Normal) (G1 Evacuation Pause) 3757M->3760M(4096M) 39.977ms
[2025-08-01T02:35:04.747+0000] GC(350) User=0.29s Sys=0.01s Real=0.04s
[2025-08-01T02:35:04.755+0000] GC(345) Concurrent Mark From Roots 373.234ms
[2025-08-01T02:35:04.756+0000] GC(345) Concurrent Preclean
[2025-08-01T02:35:04.756+0000] GC(345) Concurrent Preclean 0.372ms
[2025-08-01T02:35:04.756+0000] GC(345) Concurrent Mark (43.378s, 43.751s) 373.754ms
[2025-08-01T02:35:04.756+0000] GC(345) Pause Remark
[2025-08-01T02:35:04.759+0000] GC(345) Cleaned string and symbol table, strings: 2833 processed, 0 removed, symbols: 23489 processed, 0 removed
[2025-08-01T02:35:04.760+0000] GC(345) Pause Remark 3862M->2266M(4096M) 3.688ms
[2025-08-01T02:35:04.760+0000] GC(345) User=0.02s Sys=0.00s Real=0.00s
[2025-08-01T02:35:04.760+0000] GC(345) Concurrent Rebuild Remembered Sets
[2025-08-01T02:35:04.816+0000] GC(351) Pause Young (Normal) (G1 Evacuation Pause)
[2025-08-01T02:35:04.816+0000] GC(351) Using 8 workers of 8 for evacuation
[2025-08-01T02:35:04.852+0000] GC(351)   Pre Evacuate Collection Set: 0.1ms
[2025-08-01T02:35:04.852+0000] GC(351)   Evacuate Collection Set: 34.9ms
[2025-08-01T02:35:04.852+0000] GC(351)   Post Evacuate Collection Set: 0.7ms
[2025-08-01T02:35:04.852+0000] GC(351)   Other: 0.3ms
[2025-08-01T02:35:04.852+0000] GC(351) Eden regions: 89->0(211)
[2025-08-01T02:35:04.852+0000] GC(351) Survivor regions: 13->13(13)
[2025-08-01T02:35:04.852+0000] GC(351) Old regions: 1071->1161
[2025-08-01T02:35:04.852+0000] GC(351) Humongous regions: 0->0
[2025-08-01T02:35:04.853+0000] GC(351) Metaspace: 9706K(12544K)->9706K(12544K) NonClass: 8540K(11008K)->8540K(11008K) Class: 1166K(1536K)->1166K(1536K)
[2025-08-01T02:35:04.853+0000] GC(351) Pause Young (Normal) (G1 Evacuation Pause) 2342M->2345M(4096M) 36.229ms
[2025-08-01T02:35:04.853+0000] GC(351) User=0.28s Sys=0.01s Real=0.03s
[2025-08-01T02:35:04.940+0000] GC(352) Pause Young (Normal) (G1 Evacuation Pause)
[2025-08-01T02:35:04.940+0000] GC(352) Using 8 workers of 8 for evacuation
[2025-08-01T02:35:05.023+0000] GC(352)   Pre Evacuate Collection Set: 0.1ms
[2025-08-01T02:35:05.023+0000] GC(352)   Evacuate Collection Set: 80.8ms
[2025-08-01T02:35:05.023+0000] GC(352)   Post Evacuate Collection Set: 1.2ms
[2025-08-01T02:35:05.023+0000] GC(352)   Other: 0.3ms
[2025-08-01T02:35:05.023+0000] GC(352) Eden regions: 211->0(142)
[2025-08-01T02:35:05.023+0000] GC(352) Survivor regions: 13->28(28)
[2025-08-01T02:35:05.023+0000] GC(352) Old regions: 1161->1359
[2025-08-01T02:35:05.023+0000] GC(352) Humongous regions: 0->0
[2025-08-01T02:35:05.023+0000] GC(352) Metaspace: 9706K(12544K)->9706K(12544K) NonClass: 8540K(11008K)->8540K(11008K) Class: 1166K(1536K)->1166K(1536K)
[2025-08-01T02:35:05.023+0000] GC(352) Pause Young (Normal) (G1 Evacuation Pause) 2767M->2770M(4096M) 82.533ms
[2025-08-01T02:35:05.023+0000] GC(352) User=0.62s Sys=0.01s Real=0.08s
[2025-08-01T02:35:05.049+0000] GC(353) Pause Young (Normal) (G1 Evacuation Pause)
[2025-08-01T02:35:05.049+0000] GC(353) Using 8 workers of 8 for evacuation
[2025-08-01T02:35:05.106+0000] GC(353)   Pre Evacuate Collection Set: 0.1ms
[2025-08-01T02:35:05.106+0000] GC(353)   Evacuate Collection Set: 55.8ms
[2025-08-01T02:35:05.106+0000] GC(353)   Post Evacuate Collection Set: 0.7ms
[2025-08-01T02:35:05.106+0000] GC(353)   Other: 0.3ms
[2025-08-01T02:35:05.106+0000] GC(353) Eden regions: 142->0(97)
[2025-08-01T02:35:05.106+0000] GC(353) Survivor regions: 28->22(22)
[2025-08-01T02:35:05.106+0000] GC(353) Old regions: 1359->1508
[2025-08-01T02:35:05.106+0000] GC(353) Humongous regions: 0->0
[2025-08-01T02:35:05.106+0000] GC(353) Metaspace: 9706K(12544K)->9706K(12544K) NonClass: 8540K(11008K)->8540K(11008K) Class: 1166K(1536K)->1166K(1536K)
[2025-08-01T02:35:05.106+0000] GC(353) Pause Young (Normal) (G1 Evacuation Pause) 3054M->3057M(4096M) 57.038ms
[2025-08-01T02:35:05.106+0000] GC(353) User=0.44s Sys=0.02s Real=0.06s
[2025-08-01T02:35:05.132+0000] GC(354) Pause Young (Normal) (G1 Evacuation Pause)
[2025-08-01T02:35:05.132+0000] GC(354) Using 8 workers of 8 for evacuation
[2025-08-01T02:35:05.178+0000] GC(354)   Pre Evacuate Collection Set: 0.1ms
[2025-08-01T02:35:05.178+0000] GC(354)   Evacuate Collection Set: 45.2ms
[2025-08-01T02:35:05.178+0000] GC(354)   Post Evacuate Collection Set: 0.4ms
[2025-08-01T02:35:05.178+0000] GC(354)   Other: 0.4ms
[2025-08-01T02:35:05.178+0000] GC(354) Eden regions: 97->0(87)
[2025-08-01T02:35:05.178+0000] GC(354) Survivor regions: 22->15(15)
[2025-08-01T02:35:05.178+0000] GC(354) Old regions: 1508->1602
[2025-08-01T02:35:05.178+0000] GC(354) Humongous regions: 0->0
[2025-08-01T02:35:05.178+0000] GC(354) Metaspace: 9706K(12544K)->9706K(12544K) NonClass: 8540K(11008K)->8540K(11008K) Class: 1166K(1536K)->1166K(1536K)
[2025-08-01T02:35:05.178+0000] GC(354) Pause Young (Normal) (G1 Evacuation Pause) 3251M->3230M(4096M) 46.385ms
[2025-08-01T02:35:05.178+0000] GC(354) User=0.34s Sys=0.01s Real=0.05s
[2025-08-01T02:35:05.202+0000] GC(355) Pause Young (Normal) (G1 Evacuation Pause)
[2025-08-01T02:35:05.202+0000] GC(355) Using 8 workers of 8 for evacuation
[2025-08-01T02:35:05.239+0000] GC(355)   Pre Evacuate Collection Set: 0.1ms
[2025-08-01T02:35:05.239+0000] GC(355)   Evacuate Collection Set: 36.3ms
[2025-08-01T02:35:05.239+0000] GC(355)   Post Evacuate Collection Set: 0.5ms
[2025-08-01T02:35:05.239+0000] GC(355)   Other: 0.3ms
[2025-08-01T02:35:05.239+0000] GC(355) Eden regions: 87->0(89)
[2025-08-01T02:35:05.239+0000] GC(355) Survivor regions: 15->13(13)
[2025-08-01T02:35:05.239+0000] GC(355) Old regions: 1602->1684
[2025-08-01T02:35:05.239+0000] GC(355) Humongous regions: 0->0
[2025-08-01T02:35:05.239+0000] GC(355) Metaspace: 9706K(12544K)->9706K(12544K) NonClass: 8540K(11008K)->8540K(11008K) Class: 1166K(1536K)->1166K(1536K)
[2025-08-01T02:35:05.239+0000] GC(355) Pause Young (Normal) (G1 Evacuation Pause) 3404M->3391M(4096M) 37.400ms
[2025-08-01T02:35:05.239+0000] GC(355) User=0.27s Sys=0.01s Real=0.04s
[2025-08-01T02:35:05.262+0000] GC(356) Pause Young (Normal) (G1 Evacuation Pause)
[2025-08-01T02:35:05.262+0000] GC(356) Using 8 workers of 8 for evacuation
[2025-08-01T02:35:05.315+0000] GC(356)   Pre Evacuate Collection Set: 0.1ms
[2025-08-01T02:35:05.315+0000] GC(356)   Evacuate Collection Set: 52.7ms
[2025-08-01T02:35:05.315+0000] GC(356)   Post Evacuate Collection Set: 0.7ms
[2025-08-01T02:35:05.315+0000] GC(356)   Other: 0.3ms
[2025-08-01T02:35:05.315+0000] GC(356) Eden regions: 89->0(89)
[2025-08-01T02:35:05.315+0000] GC(356) Survivor regions: 13->13(13)
[2025-08-01T02:35:05.315+0000] GC(356) Old regions: 1684->1775
[2025-08-01T02:35:05.315+0000] GC(356) Humongous regions: 0->0
[2025-08-01T02:35:05.315+0000] GC(356) Metaspace: 9706K(12544K)->9706K(12544K) NonClass: 8540K(11008K)->8540K(11008K) Class: 1166K(1536K)->1166K(1536K)
[2025-08-01T02:35:05.316+0000] GC(356) Pause Young (Normal) (G1 Evacuation Pause) 3569M->3572M(4096M) 54.012ms
[2025-08-01T02:35:05.316+0000] GC(356) User=0.41s Sys=0.01s Real=0.06s
[2025-08-01T02:35:05.337+0000] GC(357) Pause Young (Normal) (G1 Evacuation Pause)
[2025-08-01T02:35:05.337+0000] GC(357) Using 8 workers of 8 for evacuation
[2025-08-01T02:35:05.379+0000] GC(357)   Pre Evacuate Collection Set: 0.1ms
[2025-08-01T02:35:05.379+0000] GC(357)   Evacuate Collection Set: 40.8ms
[2025-08-01T02:35:05.379+0000] GC(357)   Post Evacuate Collection Set: 0.7ms
[2025-08-01T02:35:05.379+0000] GC(357)   Other: 0.3ms
[2025-08-01T02:35:05.379+0000] GC(357) Eden regions: 89->0(89)
[2025-08-01T02:35:05.379+0000] GC(357) Survivor regions: 13->13(13)
[2025-08-01T02:35:05.379+0000] GC(357) Old regions: 1775->1858
[2025-08-01T02:35:05.379+0000] GC(357) Humongous regions: 0->0
[2025-08-01T02:35:05.379+0000] GC(357) Metaspace: 9706K(12544K)->9706K(12544K) NonClass: 8540K(11008K)->8540K(11008K) Class: 1166K(1536K)->1166K(1536K)
[2025-08-01T02:35:05.379+0000] GC(357) Pause Young (Normal) (G1 Evacuation Pause) 3750M->3739M(4096M) 41.963ms
[2025-08-01T02:35:05.379+0000] GC(357) User=0.31s Sys=0.01s Real=0.04s
[2025-08-01T02:35:05.402+0000] GC(358) Pause Young (Normal) (G1 Evacuation Pause)
[2025-08-01T02:35:05.402+0000] GC(358) Using 8 workers of 8 for evacuation
[2025-08-01T02:35:05.443+0000] GC(358) To-space exhausted
[2025-08-01T02:35:05.443+0000] GC(358)   Pre Evacuate Collection Set: 0.2ms
[2025-08-01T02:35:05.443+0000] GC(358)   Evacuate Collection Set: 38.1ms
[2025-08-01T02:35:05.443+0000] GC(358)   Post Evacuate Collection Set: 2.7ms
[2025-08-01T02:35:05.443+0000] GC(358)   Other: 0.4ms
[2025-08-01T02:35:05.443+0000] GC(358) Eden regions: 89->0(89)
[2025-08-01T02:35:05.443+0000] GC(358) Survivor regions: 13->13(13)
[2025-08-01T02:35:05.443+0000] GC(358) Old regions: 1858->1947
[2025-08-01T02:35:05.443+0000] GC(358) Humongous regions: 0->0
[2025-08-01T02:35:05.443+0000] GC(358) Metaspace: 9706K(12544K)->9706K(12544K) NonClass: 8540K(11008K)->8540K(11008K) Class: 1166K(1536K)->1166K(1536K)
[2025-08-01T02:35:05.443+0000] GC(358) Pause Young (Normal) (G1 Evacuation Pause) 3917M->3917M(4096M) 41.481ms
[2025-08-01T02:35:05.443+0000] GC(358) User=0.29s Sys=0.01s Real=0.05s
[2025-08-01T02:35:05.448+0000] GC(345) Concurrent Rebuild Remembered Sets 687.618ms
[2025-08-01T02:35:05.448+0000] GC(345) Pause Cleanup
[2025-08-01T02:35:05.450+0000] GC(345) Pause Cleanup 3961M->3961M(4096M) 1.220ms
[2025-08-01T02:35:05.450+0000] GC(345) User=0.00s Sys=0.00s Real=0.00s
[2025-08-01T02:35:05.450+0000] GC(345) Concurrent Cleanup for Next Mark
[2025-08-01T02:35:05.461+0000] GC(345) Concurrent Cleanup for Next Mark 11.238ms
[2025-08-01T02:35:05.461+0000] GC(345) Concurrent Cycle 1085.295ms
[2025-08-01T02:35:05.468+0000] GC(359) Pause Young (Prepare Mixed) (G1 Evacuation Pause)
[2025-08-01T02:35:05.469+0000] GC(359) Using 8 workers of 8 for evacuation
[2025-08-01T02:35:05.514+0000] GC(359) To-space exhausted
[2025-08-01T02:35:05.514+0000] GC(359)   Pre Evacuate Collection Set: 0.1ms
[2025-08-01T02:35:05.514+0000] GC(359)   Evacuate Collection Set: 33.4ms
[2025-08-01T02:35:05.514+0000] GC(359)   Post Evacuate Collection Set: 11.2ms
[2025-08-01T02:35:05.514+0000] GC(359)   Other: 0.4ms
[2025-08-01T02:35:05.514+0000] GC(359) Eden regions: 88->0(102)
[2025-08-01T02:35:05.514+0000] GC(359) Survivor regions: 13->0(13)
[2025-08-01T02:35:05.514+0000] GC(359) Old regions: 1947->2048
[2025-08-01T02:35:05.514+0000] GC(359) Humongous regions: 0->0
[2025-08-01T02:35:05.514+0000] GC(359) Metaspace: 9706K(12544K)->9706K(12544K) NonClass: 8540K(11008K)->8540K(11008K) Class: 1166K(1536K)->1166K(1536K)
[2025-08-01T02:35:05.514+0000] GC(359) Pause Young (Prepare Mixed) (G1 Evacuation Pause) 4093M->4093M(4096M) 45.306ms
[2025-08-01T02:35:05.514+0000] GC(359) User=0.32s Sys=0.01s Real=0.05s
[2025-08-01T02:35:05.514+0000] GC(360) Using 8 workers of 8 for full compaction
[2025-08-01T02:35:05.514+0000] GC(360) Pause Full (G1 Evacuation Pause)
[2025-08-01T02:35:05.514+0000] GC(360) Phase 1: Mark live objects
[2025-08-01T02:35:05.550+0000] GC(360) Cleaned string and symbol table, strings: 2833 processed, 0 removed, symbols: 23489 processed, 0 removed
[2025-08-01T02:35:05.550+0000] GC(360) Phase 1: Mark live objects 36.295ms
[2025-08-01T02:35:05.550+0000] GC(360) Phase 2: Prepare for compaction
[2025-08-01T02:35:05.586+0000] GC(360) Phase 2: Prepare for compaction 35.947ms
[2025-08-01T02:35:05.587+0000] GC(360) Phase 3: Adjust pointers
[2025-08-01T02:35:05.613+0000] GC(360) Phase 3: Adjust pointers 26.054ms
[2025-08-01T02:35:05.613+0000] GC(360) Phase 4: Compact heap
[2025-08-01T02:35:05.707+0000] GC(360) Phase 4: Compact heap 94.657ms
[2025-08-01T02:35:05.710+0000] GC(360) Eden regions: 0->0(564)
[2025-08-01T02:35:05.710+0000] GC(360) Survivor regions: 0->0(13)
[2025-08-01T02:35:05.710+0000] GC(360) Old regions: 2048->315
[2025-08-01T02:35:05.710+0000] GC(360) Humongous regions: 0->0
[2025-08-01T02:35:05.710+0000] GC(360) Metaspace: 9706K(12544K)->9706K(12544K) NonClass: 8540K(11008K)->8540K(11008K) Class: 1166K(1536K)->1166K(1536K)
[2025-08-01T02:35:05.710+0000] GC(360) Pause Full (G1 Evacuation Pause) 4093M->620M(4096M) 195.914ms
[2025-08-01T02:35:05.710+0000] GC(360) User=1.40s Sys=0.02s Real=0.19s
[2025-08-01T02:35:05.951+0000] GC(361) Pause Young (Concurrent Start) (G1 Evacuation Pause)
[2025-08-01T02:35:05.951+0000] GC(361) Using 8 workers of 8 for evacuation
[2025-08-01T02:35:06.136+0000] GC(361)   Pre Evacuate Collection Set: 0.1ms
[2025-08-01T02:35:06.137+0000] GC(361)   Evacuate Collection Set: 183.7ms
[2025-08-01T02:35:06.137+0000] GC(361)   Post Evacuate Collection Set: 1.3ms
[2025-08-01T02:35:06.137+0000] GC(361)   Other: 0.6ms
[2025-08-01T02:35:06.137+0000] GC(361) Eden regions: 564->0(442)
[2025-08-01T02:35:06.137+0000] GC(361) Survivor regions: 0->71(71)
[2025-08-01T02:35:06.137+0000] GC(361) Old regions: 315->576
[2025-08-01T02:35:06.137+0000] GC(361) Humongous regions: 0->0
[2025-08-01T02:35:06.137+0000] GC(361) Metaspace: 9706K(12544K)->9706K(12544K) NonClass: 8540K(11008K)->8540K(11008K) Class: 1166K(1536K)->1166K(1536K)
[2025-08-01T02:35:06.137+0000] GC(361) Pause Young (Concurrent Start) (G1 Evacuation Pause) 1748M->1282M(4096M) 185.890ms
[2025-08-01T02:35:06.137+0000] GC(361) User=1.37s Sys=0.07s Real=0.19s
[2025-08-01T02:35:06.137+0000] GC(362) Concurrent Cycle
[2025-08-01T02:35:06.137+0000] GC(362) Concurrent Clear Claimed Marks
[2025-08-01T02:35:06.137+0000] GC(362) Concurrent Clear Claimed Marks 0.067ms
[2025-08-01T02:35:06.137+0000] GC(362) Concurrent Scan Root Regions
[2025-08-01T02:35:06.154+0000] GC(362) Concurrent Scan Root Regions 16.705ms
[2025-08-01T02:35:06.154+0000] GC(362) Concurrent Mark (45.150s)
[2025-08-01T02:35:06.154+0000] GC(362) Concurrent Mark From Roots
[2025-08-01T02:35:06.154+0000] GC(362) Using 2 workers of 2 for marking
[2025-08-01T02:35:06.295+0000] GC(362) Concurrent Mark From Roots 140.529ms
[2025-08-01T02:35:06.295+0000] GC(362) Concurrent Preclean
[2025-08-01T02:35:06.295+0000] GC(362) Concurrent Preclean 0.372ms
[2025-08-01T02:35:06.295+0000] GC(362) Concurrent Mark (45.150s, 45.291s) 141.045ms
[2025-08-01T02:35:06.296+0000] GC(362) Pause Remark
[2025-08-01T02:35:06.298+0000] GC(362) Cleaned string and symbol table, strings: 2833 processed, 0 removed, symbols: 23489 processed, 0 removed
[2025-08-01T02:35:06.299+0000] GC(362) Pause Remark 2060M->1820M(4096M) 3.175ms
[2025-08-01T02:35:06.299+0000] GC(362) User=0.01s Sys=0.00s Real=0.00s
[2025-08-01T02:35:06.299+0000] GC(362) Concurrent Rebuild Remembered Sets
[2025-08-01T02:35:06.315+0000] GC(363) Pause Young (Normal) (G1 Evacuation Pause)
[2025-08-01T02:35:06.316+0000] GC(363) Using 8 workers of 8 for evacuation
[2025-08-01T02:35:06.443+0000] GC(363)   Pre Evacuate Collection Set: 0.3ms
[2025-08-01T02:35:06.443+0000] GC(363)   Evacuate Collection Set: 125.9ms
[2025-08-01T02:35:06.443+0000] GC(363)   Post Evacuate Collection Set: 1.1ms
[2025-08-01T02:35:06.443+0000] GC(363)   Other: 0.6ms
[2025-08-01T02:35:06.443+0000] GC(363) Eden regions: 442->0(344)
[2025-08-01T02:35:06.443+0000] GC(363) Survivor regions: 71->65(65)
[2025-08-01T02:35:06.443+0000] GC(363) Old regions: 455->773
[2025-08-01T02:35:06.443+0000] GC(363) Humongous regions: 0->0
[2025-08-01T02:35:06.444+0000] GC(363) Metaspace: 9706K(12544K)->9706K(12544K) NonClass: 8540K(11008K)->8540K(11008K) Class: 1166K(1536K)->1166K(1536K)
[2025-08-01T02:35:06.444+0000] GC(363) Pause Young (Normal) (G1 Evacuation Pause) 1926M->1667M(4096M) 128.092ms
[2025-08-01T02:35:06.444+0000] GC(363) User=0.95s Sys=0.01s Real=0.13s
[2025-08-01T02:35:06.554+0000] GC(362) Concurrent Rebuild Remembered Sets 255.302ms
[2025-08-01T02:35:06.555+0000] GC(362) Pause Cleanup
[2025-08-01T02:35:06.556+0000] GC(362) Pause Cleanup 2304M->2304M(4096M) 1.117ms
[2025-08-01T02:35:06.556+0000] GC(362) User=0.00s Sys=0.00s Real=0.00s
[2025-08-01T02:35:06.556+0000] GC(362) Concurrent Cleanup for Next Mark
[2025-08-01T02:35:06.564+0000] GC(362) Concurrent Cleanup for Next Mark 7.929ms
[2025-08-01T02:35:06.564+0000] GC(362) Concurrent Cycle 426.875ms
[2025-08-01T02:35:06.577+0000] GC(364) Pause Young (Normal) (G1 Evacuation Pause)
[2025-08-01T02:35:06.577+0000] GC(364) Using 8 workers of 8 for evacuation
[2025-08-01T02:35:06.658+0000] GC(364)   Pre Evacuate Collection Set: 0.1ms
[2025-08-01T02:35:06.658+0000] GC(364)   Evacuate Collection Set: 79.2ms
[2025-08-01T02:35:06.658+0000] GC(364)   Post Evacuate Collection Set: 0.9ms
[2025-08-01T02:35:06.658+0000] GC(364)   Other: 0.3ms
[2025-08-01T02:35:06.658+0000] GC(364) Eden regions: 344->0(311)
[2025-08-01T02:35:06.658+0000] GC(364) Survivor regions: 65->52(52)
[2025-08-01T02:35:06.658+0000] GC(364) Old regions: 773->921
[2025-08-01T02:35:06.658+0000] GC(364) Humongous regions: 0->0
[2025-08-01T02:35:06.658+0000] GC(364) Metaspace: 9706K(12544K)->9706K(12544K) NonClass: 8540K(11008K)->8540K(11008K) Class: 1166K(1536K)->1166K(1536K)
[2025-08-01T02:35:06.658+0000] GC(364) Pause Young (Normal) (G1 Evacuation Pause) 2355M->1936M(4096M) 80.746ms
[2025-08-01T02:35:06.658+0000] GC(364) User=0.60s Sys=0.02s Real=0.08s
[2025-08-01T02:35:06.763+0000] GC(365) Pause Young (Concurrent Start) (G1 Evacuation Pause)
[2025-08-01T02:35:06.763+0000] GC(365) Using 8 workers of 8 for evacuation
[2025-08-01T02:35:06.906+0000] GC(365)   Pre Evacuate Collection Set: 0.1ms
[2025-08-01T02:35:06.906+0000] GC(365)   Evacuate Collection Set: 140.9ms
[2025-08-01T02:35:06.906+0000] GC(365)   Post Evacuate Collection Set: 0.9ms
[2025-08-01T02:35:06.906+0000] GC(365)   Other: 0.4ms
[2025-08-01T02:35:06.906+0000] GC(365) Eden regions: 311->0(220)
[2025-08-01T02:35:06.906+0000] GC(365) Survivor regions: 52->46(46)
[2025-08-01T02:35:06.906+0000] GC(365) Old regions: 921->1154
[2025-08-01T02:35:06.906+0000] GC(365) Humongous regions: 0->0
[2025-08-01T02:35:06.906+0000] GC(365) Metaspace: 9706K(12544K)->9706K(12544K) NonClass: 8540K(11008K)->8540K(11008K) Class: 1166K(1536K)->1166K(1536K)
[2025-08-01T02:35:06.906+0000] GC(365) Pause Young (Concurrent Start) (G1 Evacuation Pause) 2558M->2390M(4096M) 142.531ms
[2025-08-01T02:35:06.906+0000] GC(365) User=1.03s Sys=0.04s Real=0.14s
[2025-08-01T02:35:06.906+0000] GC(366) Concurrent Cycle
[2025-08-01T02:35:06.906+0000] GC(366) Concurrent Clear Claimed Marks
[2025-08-01T02:35:06.906+0000] GC(366) Concurrent Clear Claimed Marks 0.051ms
[2025-08-01T02:35:06.906+0000] GC(366) Concurrent Scan Root Regions
[2025-08-01T02:35:06.918+0000] GC(366) Concurrent Scan Root Regions 11.591ms
[2025-08-01T02:35:06.918+0000] GC(366) Concurrent Mark (45.913s)
[2025-08-01T02:35:06.918+0000] GC(366) Concurrent Mark From Roots
[2025-08-01T02:35:06.918+0000] GC(366) Using 2 workers of 2 for marking
[2025-08-01T02:35:06.995+0000] GC(367) Pause Young (Normal) (G1 Evacuation Pause)
[2025-08-01T02:35:06.995+0000] GC(367) Using 8 workers of 8 for evacuation
[2025-08-01T02:35:07.067+0000] GC(367)   Pre Evacuate Collection Set: 0.1ms
[2025-08-01T02:35:07.067+0000] GC(367)   Evacuate Collection Set: 70.2ms
[2025-08-01T02:35:07.067+0000] GC(367)   Post Evacuate Collection Set: 0.9ms
[2025-08-01T02:35:07.067+0000] GC(367)   Other: 0.5ms
[2025-08-01T02:35:07.067+0000] GC(367) Eden regions: 220->0(148)
[2025-08-01T02:35:07.067+0000] GC(367) Survivor regions: 46->34(34)
[2025-08-01T02:35:07.067+0000] GC(367) Old regions: 1154->1360
[2025-08-01T02:35:07.067+0000] GC(367) Humongous regions: 0->0
[2025-08-01T02:35:07.067+0000] GC(367) Metaspace: 9706K(12544K)->9706K(12544K) NonClass: 8540K(11008K)->8540K(11008K) Class: 1166K(1536K)->1166K(1536K)
[2025-08-01T02:35:07.067+0000] GC(367) Pause Young (Normal) (G1 Evacuation Pause) 2830M->2779M(4096M) 71.776ms
[2025-08-01T02:35:07.067+0000] GC(367) User=0.56s Sys=0.00s Real=0.07s
[2025-08-01T02:35:07.129+0000] GC(366) Concurrent Mark From Roots 211.027ms
[2025-08-01T02:35:07.129+0000] GC(366) Concurrent Preclean
[2025-08-01T02:35:07.129+0000] GC(366) Concurrent Preclean 0.317ms
[2025-08-01T02:35:07.129+0000] GC(366) Concurrent Mark (45.913s, 46.125s) 211.510ms
[2025-08-01T02:35:07.129+0000] GC(366) Pause Remark
[2025-08-01T02:35:07.131+0000] GC(366) Cleaned string and symbol table, strings: 2833 processed, 0 removed, symbols: 23489 processed, 0 removed
[2025-08-01T02:35:07.132+0000] GC(366) Pause Remark 3009M->1667M(4096M) 2.619ms
[2025-08-01T02:35:07.132+0000] GC(366) User=0.00s Sys=0.00s Real=0.00s
[2025-08-01T02:35:07.132+0000] GC(366) Concurrent Rebuild Remembered Sets
[2025-08-01T02:35:07.140+0000] GC(368) Pause Young (Normal) (G1 Evacuation Pause)
[2025-08-01T02:35:07.140+0000] GC(368) Using 8 workers of 8 for evacuation
[2025-08-01T02:35:07.199+0000] GC(368)   Pre Evacuate Collection Set: 0.1ms
[2025-08-01T02:35:07.199+0000] GC(368)   Evacuate Collection Set: 57.3ms
[2025-08-01T02:35:07.199+0000] GC(368)   Post Evacuate Collection Set: 0.8ms
[2025-08-01T02:35:07.199+0000] GC(368)   Other: 0.3ms
[2025-08-01T02:35:07.199+0000] GC(368) Eden regions: 148->0(327)
[2025-08-01T02:35:07.199+0000] GC(368) Survivor regions: 34->23(23)
[2025-08-01T02:35:07.199+0000] GC(368) Old regions: 686->846
[2025-08-01T02:35:07.199+0000] GC(368) Humongous regions: 0->0
[2025-08-01T02:35:07.199+0000] GC(368) Metaspace: 9706K(12544K)->9706K(12544K) NonClass: 8540K(11008K)->8540K(11008K) Class: 1166K(1536K)->1166K(1536K)
[2025-08-01T02:35:07.199+0000] GC(368) Pause Young (Normal) (G1 Evacuation Pause) 1733M->1734M(4096M) 58.753ms
[2025-08-01T02:35:07.199+0000] GC(368) User=0.41s Sys=0.00s Real=0.06s
[2025-08-01T02:35:07.344+0000] GC(369) Pause Young (Normal) (G1 Evacuation Pause)
[2025-08-01T02:35:07.344+0000] GC(369) Using 8 workers of 8 for evacuation
[2025-08-01T02:35:07.477+0000] GC(369)   Pre Evacuate Collection Set: 0.1ms
[2025-08-01T02:35:07.477+0000] GC(369)   Evacuate Collection Set: 131.5ms
[2025-08-01T02:35:07.477+0000] GC(369)   Post Evacuate Collection Set: 0.8ms
[2025-08-01T02:35:07.477+0000] GC(369)   Other: 0.4ms
[2025-08-01T02:35:07.477+0000] GC(369) Eden regions: 327->0(260)
[2025-08-01T02:35:07.477+0000] GC(369) Survivor regions: 23->44(44)
[2025-08-01T02:35:07.477+0000] GC(369) Old regions: 846->1027
[2025-08-01T02:35:07.477+0000] GC(369) Humongous regions: 0->0
[2025-08-01T02:35:07.477+0000] GC(369) Metaspace: 9706K(12544K)->9706K(12544K) NonClass: 8540K(11008K)->8540K(11008K) Class: 1166K(1536K)->1166K(1536K)
[2025-08-01T02:35:07.477+0000] GC(369) Pause Young (Normal) (G1 Evacuation Pause) 2388M->2139M(4096M) 132.876ms
[2025-08-01T02:35:07.477+0000] GC(369) User=1.01s Sys=0.03s Real=0.13s
[2025-08-01T02:35:07.517+0000] GC(366) Concurrent Rebuild Remembered Sets 385.019ms
[2025-08-01T02:35:07.518+0000] GC(366) Pause Cleanup
[2025-08-01T02:35:07.518+0000] GC(366) Pause Cleanup 2432M->2432M(4096M) 0.763ms
[2025-08-01T02:35:07.518+0000] GC(366) User=0.00s Sys=0.00s Real=0.00s
[2025-08-01T02:35:07.519+0000] GC(366) Concurrent Cleanup for Next Mark
[2025-08-01T02:35:07.527+0000] GC(366) Concurrent Cleanup for Next Mark 8.417ms
[2025-08-01T02:35:07.527+0000] GC(366) Concurrent Cycle 621.135ms
[2025-08-01T02:35:07.569+0000] GC(370) Pause Young (Prepare Mixed) (G1 Evacuation Pause)
[2025-08-01T02:35:07.569+0000] GC(370) Using 8 workers of 8 for evacuation
[2025-08-01T02:35:07.640+0000] GC(370)   Pre Evacuate Collection Set: 0.1ms
[2025-08-01T02:35:07.640+0000] GC(370)   Evacuate Collection Set: 69.8ms
[2025-08-01T02:35:07.640+0000] GC(370)   Post Evacuate Collection Set: 1.0ms
[2025-08-01T02:35:07.640+0000] GC(370)   Other: 0.3ms
[2025-08-01T02:35:07.640+0000] GC(370) Eden regions: 260->0(64)
[2025-08-01T02:35:07.640+0000] GC(370) Survivor regions: 44->38(38)
[2025-08-01T02:35:07.640+0000] GC(370) Old regions: 1027->1164
[2025-08-01T02:35:07.640+0000] GC(370) Humongous regions: 0->0
[2025-08-01T02:35:07.640+0000] GC(370) Metaspace: 9706K(12544K)->9706K(12544K) NonClass: 8540K(11008K)->8540K(11008K) Class: 1166K(1536K)->1166K(1536K)
[2025-08-01T02:35:07.641+0000] GC(370) Pause Young (Prepare Mixed) (G1 Evacuation Pause) 2659M->2400M(4096M) 71.366ms
[2025-08-01T02:35:07.641+0000] GC(370) User=0.54s Sys=0.01s Real=0.07s
[2025-08-01T02:35:07.654+0000] GC(371) Pause Young (Mixed) (G1 Evacuation Pause)
[2025-08-01T02:35:07.654+0000] GC(371) Using 8 workers of 8 for evacuation
[2025-08-01T02:35:07.693+0000] GC(371)   Pre Evacuate Collection Set: 0.1ms
[2025-08-01T02:35:07.694+0000] GC(371)   Evacuate Collection Set: 38.4ms
[2025-08-01T02:35:07.694+0000] GC(371)   Post Evacuate Collection Set: 0.8ms
[2025-08-01T02:35:07.694+0000] GC(371)   Other: 0.6ms
[2025-08-01T02:35:07.694+0000] GC(371) Eden regions: 64->0(209)
[2025-08-01T02:35:07.694+0000] GC(371) Survivor regions: 38->13(13)
[2025-08-01T02:35:07.694+0000] GC(371) Old regions: 1164->1218
[2025-08-01T02:35:07.694+0000] GC(371) Humongous regions: 0->0
[2025-08-01T02:35:07.694+0000] GC(371) Metaspace: 9706K(12544K)->9706K(12544K) NonClass: 8540K(11008K)->8540K(11008K) Class: 1166K(1536K)->1166K(1536K)
[2025-08-01T02:35:07.694+0000] GC(371) Pause Young (Mixed) (G1 Evacuation Pause) 2528M->2459M(4096M) 40.047ms
[2025-08-01T02:35:07.694+0000] GC(371) User=0.30s Sys=0.00s Real=0.04s
[2025-08-01T02:35:07.777+0000] GC(372) Pause Young (Concurrent Start) (G1 Evacuation Pause)
[2025-08-01T02:35:07.778+0000] GC(372) Using 8 workers of 8 for evacuation
[2025-08-01T02:35:07.849+0000] GC(372)   Pre Evacuate Collection Set: 0.1ms
[2025-08-01T02:35:07.849+0000] GC(372)   Evacuate Collection Set: 70.5ms
[2025-08-01T02:35:07.849+0000] GC(372)   Post Evacuate Collection Set: 0.8ms
[2025-08-01T02:35:07.849+0000] GC(372)   Other: 0.4ms
[2025-08-01T02:35:07.849+0000] GC(372) Eden regions: 209->0(130)
[2025-08-01T02:35:07.849+0000] GC(372) Survivor regions: 13->28(28)
[2025-08-01T02:35:07.849+0000] GC(372) Old regions: 1218->1414
[2025-08-01T02:35:07.849+0000] GC(372) Humongous regions: 0->0
[2025-08-01T02:35:07.849+0000] GC(372) Metaspace: 9706K(12544K)->9706K(12544K) NonClass: 8540K(11008K)->8540K(11008K) Class: 1166K(1536K)->1166K(1536K)
[2025-08-01T02:35:07.849+0000] GC(372) Pause Young (Concurrent Start) (G1 Evacuation Pause) 2877M->2881M(4096M) 71.988ms
[2025-08-01T02:35:07.849+0000] GC(372) User=0.54s Sys=0.00s Real=0.07s
[2025-08-01T02:35:07.850+0000] GC(373) Concurrent Cycle
[2025-08-01T02:35:07.850+0000] GC(373) Concurrent Clear Claimed Marks
[2025-08-01T02:35:07.850+0000] GC(373) Concurrent Clear Claimed Marks 0.065ms
[2025-08-01T02:35:07.850+0000] GC(373) Concurrent Scan Root Regions
[2025-08-01T02:35:07.857+0000] GC(373) Concurrent Scan Root Regions 7.393ms
[2025-08-01T02:35:07.857+0000] GC(373) Concurrent Mark (46.853s)
[2025-08-01T02:35:07.857+0000] GC(373) Concurrent Mark From Roots
[2025-08-01T02:35:07.857+0000] GC(373) Using 2 workers of 2 for marking
[2025-08-01T02:35:07.911+0000] GC(374) Pause Young (Normal) (G1 Evacuation Pause)
[2025-08-01T02:35:07.911+0000] GC(374) Using 8 workers of 8 for evacuation
[2025-08-01T02:35:07.955+0000] GC(374)   Pre Evacuate Collection Set: 0.1ms
[2025-08-01T02:35:07.956+0000] GC(374)   Evacuate Collection Set: 43.5ms
[2025-08-01T02:35:07.956+0000] GC(374)   Post Evacuate Collection Set: 0.7ms
[2025-08-01T02:35:07.956+0000] GC(374)   Other: 0.3ms
[2025-08-01T02:35:07.956+0000] GC(374) Eden regions: 130->0(108)
[2025-08-01T02:35:07.956+0000] GC(374) Survivor regions: 28->20(20)
[2025-08-01T02:35:07.956+0000] GC(374) Old regions: 1414->1500
[2025-08-01T02:35:07.956+0000] GC(374) Humongous regions: 0->0
[2025-08-01T02:35:07.956+0000] GC(374) Metaspace: 9706K(12544K)->9706K(12544K) NonClass: 8540K(11008K)->8540K(11008K) Class: 1166K(1536K)->1166K(1536K)
[2025-08-01T02:35:07.956+0000] GC(374) Pause Young (Normal) (G1 Evacuation Pause) 3141M->3037M(4096M) 44.710ms
[2025-08-01T02:35:07.956+0000] GC(374) User=0.31s Sys=0.01s Real=0.05s
[2025-08-01T02:35:07.977+0000] GC(375) Pause Young (Normal) (G1 Evacuation Pause)
[2025-08-01T02:35:07.977+0000] GC(375) Using 8 workers of 8 for evacuation
[2025-08-01T02:35:08.022+0000] GC(375)   Pre Evacuate Collection Set: 0.1ms
[2025-08-01T02:35:08.022+0000] GC(375)   Evacuate Collection Set: 43.1ms
[2025-08-01T02:35:08.022+0000] GC(375)   Post Evacuate Collection Set: 0.7ms
[2025-08-01T02:35:08.022+0000] GC(375)   Other: 0.3ms
[2025-08-01T02:35:08.022+0000] GC(375) Eden regions: 108->0(86)
[2025-08-01T02:35:08.022+0000] GC(375) Survivor regions: 20->16(16)
[2025-08-01T02:35:08.022+0000] GC(375) Old regions: 1500->1614
[2025-08-01T02:35:08.022+0000] GC(375) Humongous regions: 0->0
[2025-08-01T02:35:08.022+0000] GC(375) Metaspace: 9706K(12544K)->9706K(12544K) NonClass: 8540K(11008K)->8540K(11008K) Class: 1166K(1536K)->1166K(1536K)
[2025-08-01T02:35:08.022+0000] GC(375) Pause Young (Normal) (G1 Evacuation Pause) 3253M->3257M(4096M) 44.397ms
[2025-08-01T02:35:08.022+0000] GC(375) User=0.32s Sys=0.02s Real=0.04s
[2025-08-01T02:35:08.085+0000] GC(376) Pause Young (Normal) (G1 Evacuation Pause)
[2025-08-01T02:35:08.085+0000] GC(376) Using 8 workers of 8 for evacuation
[2025-08-01T02:35:08.123+0000] GC(376)   Pre Evacuate Collection Set: 0.1ms
[2025-08-01T02:35:08.123+0000] GC(376)   Evacuate Collection Set: 37.3ms
[2025-08-01T02:35:08.123+0000] GC(376)   Post Evacuate Collection Set: 0.6ms
[2025-08-01T02:35:08.123+0000] GC(376)   Other: 0.3ms
[2025-08-01T02:35:08.123+0000] GC(376) Eden regions: 86->0(89)
[2025-08-01T02:35:08.123+0000] GC(376) Survivor regions: 16->13(13)
[2025-08-01T02:35:08.123+0000] GC(376) Old regions: 1614->1704
[2025-08-01T02:35:08.123+0000] GC(376) Humongous regions: 0->0
[2025-08-01T02:35:08.123+0000] GC(376) Metaspace: 9706K(12544K)->9706K(12544K) NonClass: 8540K(11008K)->8540K(11008K) Class: 1166K(1536K)->1166K(1536K)
[2025-08-01T02:35:08.123+0000] GC(376) Pause Young (Normal) (G1 Evacuation Pause) 3429M->3431M(4096M) 38.421ms
[2025-08-01T02:35:08.123+0000] GC(376) User=0.29s Sys=0.01s Real=0.04s
[2025-08-01T02:35:08.139+0000] GC(377) Pause Young (Normal) (G1 Evacuation Pause)
[2025-08-01T02:35:08.139+0000] GC(377) Using 8 workers of 8 for evacuation
[2025-08-01T02:35:08.176+0000] GC(377)   Pre Evacuate Collection Set: 0.1ms
[2025-08-01T02:35:08.176+0000] GC(377)   Evacuate Collection Set: 35.8ms
[2025-08-01T02:35:08.176+0000] GC(377)   Post Evacuate Collection Set: 0.4ms
[2025-08-01T02:35:08.176+0000] GC(377)   Other: 0.2ms
[2025-08-01T02:35:08.176+0000] GC(377) Eden regions: 89->0(89)
[2025-08-01T02:35:08.176+0000] GC(377) Survivor regions: 13->13(13)
[2025-08-01T02:35:08.176+0000] GC(377) Old regions: 1704->1795
[2025-08-01T02:35:08.176+0000] GC(377) Humongous regions: 0->0
[2025-08-01T02:35:08.176+0000] GC(377) Metaspace: 9706K(12544K)->9706K(12544K) NonClass: 8540K(11008K)->8540K(11008K) Class: 1166K(1536K)->1166K(1536K)
[2025-08-01T02:35:08.176+0000] GC(377) Pause Young (Normal) (G1 Evacuation Pause) 3609M->3613M(4096M) 36.664ms
[2025-08-01T02:35:08.176+0000] GC(377) User=0.27s Sys=0.01s Real=0.04s
[2025-08-01T02:35:08.211+0000] GC(373) Concurrent Mark From Roots 354.112ms
[2025-08-01T02:35:08.211+0000] GC(373) Concurrent Preclean
[2025-08-01T02:35:08.212+0000] GC(373) Concurrent Preclean 0.301ms
[2025-08-01T02:35:08.212+0000] GC(373) Concurrent Mark (46.853s, 47.207s) 354.514ms
[2025-08-01T02:35:08.212+0000] GC(373) Pause Remark
[2025-08-01T02:35:08.215+0000] GC(373) Cleaned string and symbol table, strings: 2833 processed, 0 removed, symbols: 23489 processed, 0 removed
[2025-08-01T02:35:08.217+0000] GC(373) Pause Remark 3733M->1955M(4096M) 4.629ms
[2025-08-01T02:35:08.217+0000] GC(373) User=0.02s Sys=0.00s Real=0.01s
[2025-08-01T02:35:08.217+0000] GC(373) Concurrent Rebuild Remembered Sets
[2025-08-01T02:35:08.240+0000] GC(378) Pause Young (Normal) (G1 Evacuation Pause)
[2025-08-01T02:35:08.240+0000] GC(378) Using 8 workers of 8 for evacuation
[2025-08-01T02:35:08.280+0000] GC(378)   Pre Evacuate Collection Set: 0.1ms
[2025-08-01T02:35:08.280+0000] GC(378)   Evacuate Collection Set: 39.2ms
[2025-08-01T02:35:08.280+0000] GC(378)   Post Evacuate Collection Set: 0.7ms
[2025-08-01T02:35:08.280+0000] GC(378)   Other: 0.3ms
[2025-08-01T02:35:08.280+0000] GC(378) Eden regions: 89->0(288)
[2025-08-01T02:35:08.280+0000] GC(378) Survivor regions: 13->13(13)
[2025-08-01T02:35:08.280+0000] GC(378) Old regions: 906->969
[2025-08-01T02:35:08.280+0000] GC(378) Humongous regions: 0->0
[2025-08-01T02:35:08.280+0000] GC(378) Metaspace: 9706K(12544K)->9706K(12544K) NonClass: 8540K(11008K)->8540K(11008K) Class: 1166K(1536K)->1166K(1536K)
[2025-08-01T02:35:08.280+0000] GC(378) Pause Young (Normal) (G1 Evacuation Pause) 2013M->1961M(4096M) 40.539ms
[2025-08-01T02:35:08.280+0000] GC(378) User=0.29s Sys=0.01s Real=0.04s
[2025-08-01T02:35:08.381+0000] GC(379) Pause Young (Normal) (G1 Evacuation Pause)
[2025-08-01T02:35:08.381+0000] GC(379) Using 8 workers of 8 for evacuation
[2025-08-01T02:35:08.496+0000] GC(379)   Pre Evacuate Collection Set: 0.1ms
[2025-08-01T02:35:08.496+0000] GC(379)   Evacuate Collection Set: 113.9ms
[2025-08-01T02:35:08.496+0000] GC(379)   Post Evacuate Collection Set: 0.7ms
[2025-08-01T02:35:08.496+0000] GC(379)   Other: 0.3ms
[2025-08-01T02:35:08.496+0000] GC(379) Eden regions: 288->0(202)
[2025-08-01T02:35:08.497+0000] GC(379) Survivor regions: 13->38(38)
[2025-08-01T02:35:08.497+0000] GC(379) Old regions: 969->1185
[2025-08-01T02:35:08.497+0000] GC(379) Humongous regions: 0->0
[2025-08-01T02:35:08.497+0000] GC(379) Metaspace: 9706K(12544K)->9706K(12544K) NonClass: 8540K(11008K)->8540K(11008K) Class: 1166K(1536K)->1166K(1536K)
[2025-08-01T02:35:08.497+0000] GC(379) Pause Young (Normal) (G1 Evacuation Pause) 2537M->2442M(4096M) 115.175ms
[2025-08-01T02:35:08.497+0000] GC(379) User=0.87s Sys=0.03s Real=0.12s
[2025-08-01T02:35:08.583+0000] GC(380) Pause Young (Normal) (G1 Evacuation Pause)
[2025-08-01T02:35:08.583+0000] GC(380) Using 8 workers of 8 for evacuation
[2025-08-01T02:35:08.664+0000] GC(380)   Pre Evacuate Collection Set: 0.1ms
[2025-08-01T02:35:08.664+0000] GC(380)   Evacuate Collection Set: 79.2ms
[2025-08-01T02:35:08.664+0000] GC(380)   Post Evacuate Collection Set: 1.9ms
[2025-08-01T02:35:08.664+0000] GC(380)   Other: 0.4ms
[2025-08-01T02:35:08.664+0000] GC(380) Eden regions: 202->0(159)
[2025-08-01T02:35:08.664+0000] GC(380) Survivor regions: 38->30(30)
[2025-08-01T02:35:08.664+0000] GC(380) Old regions: 1185->1330
[2025-08-01T02:35:08.664+0000] GC(380) Humongous regions: 0->0
[2025-08-01T02:35:08.664+0000] GC(380) Metaspace: 9706K(12544K)->9706K(12544K) NonClass: 8540K(11008K)->8540K(11008K) Class: 1166K(1536K)->1166K(1536K)
[2025-08-01T02:35:08.664+0000] GC(380) Pause Young (Normal) (G1 Evacuation Pause) 2846M->2717M(4096M) 81.712ms
[2025-08-01T02:35:08.664+0000] GC(380) User=0.59s Sys=0.03s Real=0.09s
[2025-08-01T02:35:08.738+0000] GC(381) Pause Young (Normal) (G1 Evacuation Pause)
[2025-08-01T02:35:08.738+0000] GC(381) Using 8 workers of 8 for evacuation
[2025-08-01T02:35:08.810+0000] GC(381)   Pre Evacuate Collection Set: 0.1ms
[2025-08-01T02:35:08.810+0000] GC(381)   Evacuate Collection Set: 70.7ms
[2025-08-01T02:35:08.810+0000] GC(381)   Post Evacuate Collection Set: 0.6ms
[2025-08-01T02:35:08.810+0000] GC(381)   Other: 0.3ms
[2025-08-01T02:35:08.810+0000] GC(381) Eden regions: 159->0(103)
[2025-08-01T02:35:08.810+0000] GC(381) Survivor regions: 30->24(24)
[2025-08-01T02:35:08.810+0000] GC(381) Old regions: 1330->1497
[2025-08-01T02:35:08.810+0000] GC(381) Humongous regions: 0->0
[2025-08-01T02:35:08.810+0000] GC(381) Metaspace: 9706K(12544K)->9706K(12544K) NonClass: 8540K(11008K)->8540K(11008K) Class: 1166K(1536K)->1166K(1536K)
[2025-08-01T02:35:08.810+0000] GC(381) Pause Young (Normal) (G1 Evacuation Pause) 3035M->3038M(4096M) 71.999ms
[2025-08-01T02:35:08.810+0000] GC(381) User=0.54s Sys=0.02s Real=0.07s
[2025-08-01T02:35:08.812+0000] GC(373) Concurrent Rebuild Remembered Sets 594.944ms
[2025-08-01T02:35:08.812+0000] GC(373) Pause Cleanup
[2025-08-01T02:35:08.814+0000] GC(373) Pause Cleanup 3060M->3060M(4096M) 1.160ms
[2025-08-01T02:35:08.814+0000] GC(373) User=0.01s Sys=0.00s Real=0.01s
[2025-08-01T02:35:08.814+0000] GC(373) Concurrent Cleanup for Next Mark
[2025-08-01T02:35:08.828+0000] GC(373) Concurrent Cleanup for Next Mark 13.827ms
[2025-08-01T02:35:08.828+0000] GC(373) Concurrent Cycle 978.086ms
[2025-08-01T02:35:08.834+0000] GC(382) Pause Young (Normal) (G1 Evacuation Pause)
[2025-08-01T02:35:08.834+0000] GC(382) Using 8 workers of 8 for evacuation
[2025-08-01T02:35:08.876+0000] GC(382)   Pre Evacuate Collection Set: 0.2ms
[2025-08-01T02:35:08.876+0000] GC(382)   Evacuate Collection Set: 40.8ms
[2025-08-01T02:35:08.876+0000] GC(382)   Post Evacuate Collection Set: 0.9ms
[2025-08-01T02:35:08.876+0000] GC(382)   Other: 0.3ms
[2025-08-01T02:35:08.876+0000] GC(382) Eden regions: 103->0(86)
[2025-08-01T02:35:08.876+0000] GC(382) Survivor regions: 24->16(16)
[2025-08-01T02:35:08.876+0000] GC(382) Old regions: 1497->1609
[2025-08-01T02:35:08.876+0000] GC(382) Humongous regions: 0->0
[2025-08-01T02:35:08.876+0000] GC(382) Metaspace: 9706K(12544K)->9706K(12544K) NonClass: 8540K(11008K)->8540K(11008K) Class: 1166K(1536K)->1166K(1536K)
[2025-08-01T02:35:08.876+0000] GC(382) Pause Young (Normal) (G1 Evacuation Pause) 3244M->3247M(4096M) 42.334ms
[2025-08-01T02:35:08.876+0000] GC(382) User=0.30s Sys=0.00s Real=0.04s
[2025-08-01T02:35:08.895+0000] GC(383) Pause Young (Concurrent Start) (G1 Evacuation Pause)
[2025-08-01T02:35:08.895+0000] GC(383) Using 8 workers of 8 for evacuation
[2025-08-01T02:35:08.919+0000] GC(383)   Pre Evacuate Collection Set: 0.1ms
[2025-08-01T02:35:08.919+0000] GC(383)   Evacuate Collection Set: 22.9ms
[2025-08-01T02:35:08.919+0000] GC(383)   Post Evacuate Collection Set: 0.8ms
[2025-08-01T02:35:08.919+0000] GC(383)   Other: 0.3ms
[2025-08-01T02:35:08.919+0000] GC(383) Eden regions: 86->0(89)
[2025-08-01T02:35:08.919+0000] GC(383) Survivor regions: 16->13(13)
[2025-08-01T02:35:08.919+0000] GC(383) Old regions: 1609->1681
[2025-08-01T02:35:08.920+0000] GC(383) Humongous regions: 0->0
[2025-08-01T02:35:08.920+0000] GC(383) Metaspace: 9706K(12544K)->9706K(12544K) NonClass: 8540K(11008K)->8540K(11008K) Class: 1166K(1536K)->1166K(1536K)
[2025-08-01T02:35:08.920+0000] GC(383) Pause Young (Concurrent Start) (G1 Evacuation Pause) 3419M->3384M(4096M) 24.196ms
[2025-08-01T02:35:08.920+0000] GC(383) User=0.18s Sys=0.00s Real=0.02s
[2025-08-01T02:35:08.920+0000] GC(384) Concurrent Cycle
[2025-08-01T02:35:08.920+0000] GC(384) Concurrent Clear Claimed Marks
[2025-08-01T02:35:08.920+0000] GC(384) Concurrent Clear Claimed Marks 0.053ms
[2025-08-01T02:35:08.920+0000] GC(384) Concurrent Scan Root Regions
[2025-08-01T02:35:08.922+0000] GC(384) Concurrent Scan Root Regions 2.572ms
[2025-08-01T02:35:08.922+0000] GC(384) Concurrent Mark (47.918s)
[2025-08-01T02:35:08.922+0000] GC(384) Concurrent Mark From Roots
[2025-08-01T02:35:08.922+0000] GC(384) Using 2 workers of 2 for marking
[2025-08-01T02:35:08.952+0000] GC(385) Pause Young (Normal) (G1 Evacuation Pause)
[2025-08-01T02:35:08.952+0000] GC(385) Using 8 workers of 8 for evacuation
[2025-08-01T02:35:08.978+0000] GC(385)   Pre Evacuate Collection Set: 0.1ms
[2025-08-01T02:35:08.978+0000] GC(385)   Evacuate Collection Set: 24.4ms
[2025-08-01T02:35:08.978+0000] GC(385)   Post Evacuate Collection Set: 0.7ms
[2025-08-01T02:35:08.978+0000] GC(385)   Other: 0.3ms
[2025-08-01T02:35:08.978+0000] GC(385) Eden regions: 89->0(89)
[2025-08-01T02:35:08.978+0000] GC(385) Survivor regions: 13->13(13)
[2025-08-01T02:35:08.978+0000] GC(385) Old regions: 1681->1747
[2025-08-01T02:35:08.978+0000] GC(385) Humongous regions: 0->0
[2025-08-01T02:35:08.978+0000] GC(385) Metaspace: 9706K(12544K)->9706K(12544K) NonClass: 8540K(11008K)->8540K(11008K) Class: 1166K(1536K)->1166K(1536K)
[2025-08-01T02:35:08.978+0000] GC(385) Pause Young (Normal) (G1 Evacuation Pause) 3562M->3516M(4096M) 25.749ms
[2025-08-01T02:35:08.978+0000] GC(385) User=0.19s Sys=0.00s Real=0.03s
[2025-08-01T02:35:08.996+0000] GC(386) Pause Young (Normal) (G1 Evacuation Pause)
[2025-08-01T02:35:08.996+0000] GC(386) Using 8 workers of 8 for evacuation
[2025-08-01T02:35:09.026+0000] GC(386)   Pre Evacuate Collection Set: 0.1ms
[2025-08-01T02:35:09.026+0000] GC(386)   Evacuate Collection Set: 28.9ms
[2025-08-01T02:35:09.026+0000] GC(386)   Post Evacuate Collection Set: 0.6ms
[2025-08-01T02:35:09.026+0000] GC(386)   Other: 0.2ms
[2025-08-01T02:35:09.026+0000] GC(386) Eden regions: 89->0(89)
[2025-08-01T02:35:09.026+0000] GC(386) Survivor regions: 13->13(13)
[2025-08-01T02:35:09.026+0000] GC(386) Old regions: 1747->1837
[2025-08-01T02:35:09.026+0000] GC(386) Humongous regions: 0->0
[2025-08-01T02:35:09.026+0000] GC(386) Metaspace: 9706K(12544K)->9706K(12544K) NonClass: 8540K(11008K)->8540K(11008K) Class: 1166K(1536K)->1166K(1536K)
[2025-08-01T02:35:09.026+0000] GC(386) Pause Young (Normal) (G1 Evacuation Pause) 3694M->3697M(4096M) 29.918ms
[2025-08-01T02:35:09.026+0000] GC(386) User=0.23s Sys=0.00s Real=0.03s
[2025-08-01T02:35:09.056+0000] GC(387) Pause Young (Normal) (G1 Evacuation Pause)
[2025-08-01T02:35:09.056+0000] GC(387) Using 8 workers of 8 for evacuation
[2025-08-01T02:35:09.080+0000] GC(387)   Pre Evacuate Collection Set: 0.1ms
[2025-08-01T02:35:09.080+0000] GC(387)   Evacuate Collection Set: 23.0ms
[2025-08-01T02:35:09.080+0000] GC(387)   Post Evacuate Collection Set: 0.7ms
[2025-08-01T02:35:09.080+0000] GC(387)   Other: 0.3ms
[2025-08-01T02:35:09.080+0000] GC(387) Eden regions: 89->0(89)
[2025-08-01T02:35:09.080+0000] GC(387) Survivor regions: 13->13(13)
[2025-08-01T02:35:09.080+0000] GC(387) Old regions: 1837->1904
[2025-08-01T02:35:09.080+0000] GC(387) Humongous regions: 0->0
[2025-08-01T02:35:09.080+0000] GC(387) Metaspace: 9706K(12544K)->9706K(12544K) NonClass: 8540K(11008K)->8540K(11008K) Class: 1166K(1536K)->1166K(1536K)
[2025-08-01T02:35:09.080+0000] GC(387) Pause Young (Normal) (G1 Evacuation Pause) 3875M->3830M(4096M) 24.173ms
[2025-08-01T02:35:09.080+0000] GC(387) User=0.18s Sys=0.00s Real=0.02s
[2025-08-01T02:35:09.102+0000] GC(388) Pause Young (Normal) (G1 Evacuation Pause)
[2025-08-01T02:35:09.102+0000] GC(388) Using 8 workers of 8 for evacuation
[2025-08-01T02:35:09.133+0000] GC(388) To-space exhausted
[2025-08-01T02:35:09.133+0000] GC(388)   Pre Evacuate Collection Set: 0.1ms
[2025-08-01T02:35:09.133+0000] GC(388)   Evacuate Collection Set: 23.1ms
[2025-08-01T02:35:09.133+0000] GC(388)   Post Evacuate Collection Set: 7.8ms
[2025-08-01T02:35:09.134+0000] GC(388)   Other: 0.4ms
[2025-08-01T02:35:09.134+0000] GC(388) Eden regions: 89->0(89)
[2025-08-01T02:35:09.134+0000] GC(388) Survivor regions: 13->13(13)
[2025-08-01T02:35:09.134+0000] GC(388) Old regions: 1904->2010
[2025-08-01T02:35:09.134+0000] GC(388) Humongous regions: 0->0
[2025-08-01T02:35:09.134+0000] GC(388) Metaspace: 9706K(12544K)->9706K(12544K) NonClass: 8540K(11008K)->8540K(11008K) Class: 1166K(1536K)->1166K(1536K)
[2025-08-01T02:35:09.134+0000] GC(388) Pause Young (Normal) (G1 Evacuation Pause) 4008M->4043M(4096M) 31.523ms
[2025-08-01T02:35:09.134+0000] GC(388) User=0.23s Sys=0.00s Real=0.04s
[2025-08-01T02:35:09.141+0000] GC(389) Pause Young (Normal) (G1 Evacuation Pause)
[2025-08-01T02:35:09.141+0000] GC(389) Using 8 workers of 8 for evacuation
[2025-08-01T02:35:09.154+0000] GC(389) To-space exhausted
[2025-08-01T02:35:09.154+0000] GC(389)   Pre Evacuate Collection Set: 0.1ms
[2025-08-01T02:35:09.154+0000] GC(389)   Evacuate Collection Set: 8.7ms
[2025-08-01T02:35:09.154+0000] GC(389)   Post Evacuate Collection Set: 4.1ms
[2025-08-01T02:35:09.154+0000] GC(389)   Other: 0.4ms
[2025-08-01T02:35:09.154+0000] GC(389) Eden regions: 25->0(102)
[2025-08-01T02:35:09.154+0000] GC(389) Survivor regions: 13->0(13)
[2025-08-01T02:35:09.154+0000] GC(389) Old regions: 2010->2048
[2025-08-01T02:35:09.154+0000] GC(389) Humongous regions: 0->0
[2025-08-01T02:35:09.154+0000] GC(389) Metaspace: 9706K(12544K)->9706K(12544K) NonClass: 8540K(11008K)->8540K(11008K) Class: 1166K(1536K)->1166K(1536K)
[2025-08-01T02:35:09.154+0000] GC(389) Pause Young (Normal) (G1 Evacuation Pause) 4093M->4093M(4096M) 13.403ms
[2025-08-01T02:35:09.154+0000] GC(389) User=0.07s Sys=0.00s Real=0.02s
[2025-08-01T02:35:09.154+0000] GC(390) Using 8 workers of 8 for full compaction
[2025-08-01T02:35:09.154+0000] GC(390) Pause Full (G1 Evacuation Pause)
[2025-08-01T02:35:09.161+0000] GC(390) Phase 1: Mark live objects
[2025-08-01T02:35:09.194+0000] GC(390) Cleaned string and symbol table, strings: 2833 processed, 0 removed, symbols: 23489 processed, 0 removed
[2025-08-01T02:35:09.194+0000] GC(390) Phase 1: Mark live objects 32.846ms
[2025-08-01T02:35:09.194+0000] GC(390) Phase 2: Prepare for compaction
[2025-08-01T02:35:09.230+0000] GC(390) Phase 2: Prepare for compaction 35.605ms
[2025-08-01T02:35:09.230+0000] GC(390) Phase 3: Adjust pointers
[2025-08-01T02:35:09.265+0000] GC(390) Phase 3: Adjust pointers 35.267ms
[2025-08-01T02:35:09.265+0000] GC(390) Phase 4: Compact heap
[2025-08-01T02:35:09.396+0000] GC(390) Phase 4: Compact heap 130.928ms
[2025-08-01T02:35:09.398+0000] GC(390) Eden regions: 0->0(472)
[2025-08-01T02:35:09.398+0000] GC(390) Survivor regions: 0->0(13)
[2025-08-01T02:35:09.398+0000] GC(390) Old regions: 2048->399
[2025-08-01T02:35:09.398+0000] GC(390) Humongous regions: 0->0
[2025-08-01T02:35:09.398+0000] GC(390) Metaspace: 9706K(12544K)->9706K(12544K) NonClass: 8540K(11008K)->8540K(11008K) Class: 1166K(1536K)->1166K(1536K)
[2025-08-01T02:35:09.398+0000] GC(390) Pause Full (G1 Evacuation Pause) 4093M->784M(4096M) 243.944ms
[2025-08-01T02:35:09.398+0000] GC(390) User=1.69s Sys=0.02s Real=0.24s
[2025-08-01T02:35:09.399+0000] GC(384) Concurrent Mark From Roots 476.132ms
[2025-08-01T02:35:09.399+0000] GC(384) Concurrent Mark Abort
[2025-08-01T02:35:09.399+0000] GC(384) Concurrent Cycle 478.914ms
[2025-08-01T02:35:09.585+0000] GC(391) Pause Young (Normal) (G1 Evacuation Pause)
[2025-08-01T02:35:09.585+0000] GC(391) Using 8 workers of 8 for evacuation
[2025-08-01T02:35:09.812+0000] GC(391) MMU target violated: 201.0ms (200.0ms/201.0ms)
[2025-08-01T02:35:09.812+0000] GC(391)   Pre Evacuate Collection Set: 0.1ms
[2025-08-01T02:35:09.812+0000] GC(391)   Evacuate Collection Set: 225.7ms
[2025-08-01T02:35:09.812+0000] GC(391)   Post Evacuate Collection Set: 0.9ms
[2025-08-01T02:35:09.812+0000] GC(391)   Other: 0.4ms
[2025-08-01T02:35:09.812+0000] GC(391) Eden regions: 472->0(326)
[2025-08-01T02:35:09.812+0000] GC(391) Survivor regions: 0->59(59)
[2025-08-01T02:35:09.812+0000] GC(391) Old regions: 399->767
[2025-08-01T02:35:09.812+0000] GC(391) Humongous regions: 0->0
[2025-08-01T02:35:09.812+0000] GC(391) Metaspace: 9706K(12544K)->9706K(12544K) NonClass: 8540K(11008K)->8540K(11008K) Class: 1166K(1536K)->1166K(1536K)
[2025-08-01T02:35:09.812+0000] GC(391) Pause Young (Normal) (G1 Evacuation Pause) 1728M->1637M(4096M) 227.298ms
[2025-08-01T02:35:09.813+0000] GC(391) User=1.64s Sys=0.08s Real=0.22s
[2025-08-01T02:35:09.935+0000] GC(392) Pause Young (Concurrent Start) (G1 Evacuation Pause)
[2025-08-01T02:35:09.935+0000] GC(392) Using 8 workers of 8 for evacuation
[2025-08-01T02:35:10.037+0000] GC(392)   Pre Evacuate Collection Set: 0.1ms
[2025-08-01T02:35:10.037+0000] GC(392)   Evacuate Collection Set: 100.7ms
[2025-08-01T02:35:10.037+0000] GC(392)   Post Evacuate Collection Set: 1.0ms
[2025-08-01T02:35:10.037+0000] GC(392)   Other: 0.4ms
[2025-08-01T02:35:10.037+0000] GC(392) Eden regions: 326->0(292)
[2025-08-01T02:35:10.037+0000] GC(392) Survivor regions: 59->49(49)
[2025-08-01T02:35:10.037+0000] GC(392) Old regions: 767->923
[2025-08-01T02:35:10.037+0000] GC(392) Humongous regions: 0->0
[2025-08-01T02:35:10.038+0000] GC(392) Metaspace: 9706K(12544K)->9706K(12544K) NonClass: 8540K(11008K)->8540K(11008K) Class: 1166K(1536K)->1166K(1536K)
[2025-08-01T02:35:10.038+0000] GC(392) Pause Young (Concurrent Start) (G1 Evacuation Pause) 2289M->1930M(4096M) 102.321ms
[2025-08-01T02:35:10.038+0000] GC(392) User=0.75s Sys=0.04s Real=0.10s
[2025-08-01T02:35:10.038+0000] GC(393) Concurrent Cycle
[2025-08-01T02:35:10.038+0000] GC(393) Concurrent Clear Claimed Marks
[2025-08-01T02:35:10.038+0000] GC(393) Concurrent Clear Claimed Marks 0.044ms
[2025-08-01T02:35:10.038+0000] GC(393) Concurrent Scan Root Regions
[2025-08-01T02:35:10.053+0000] GC(393) Concurrent Scan Root Regions 14.971ms
[2025-08-01T02:35:10.053+0000] GC(393) Concurrent Mark (49.048s)
[2025-08-01T02:35:10.053+0000] GC(393) Concurrent Mark From Roots
[2025-08-01T02:35:10.053+0000] GC(393) Using 2 workers of 2 for marking
[2025-08-01T02:35:10.145+0000] GC(394) Pause Young (Normal) (G1 Evacuation Pause)
[2025-08-01T02:35:10.145+0000] GC(394) Using 8 workers of 8 for evacuation
[2025-08-01T02:35:10.241+0000] GC(394)   Pre Evacuate Collection Set: 0.1ms
[2025-08-01T02:35:10.241+0000] GC(394)   Evacuate Collection Set: 94.2ms
[2025-08-01T02:35:10.241+0000] GC(394)   Post Evacuate Collection Set: 0.7ms
[2025-08-01T02:35:10.241+0000] GC(394)   Other: 0.3ms
[2025-08-01T02:35:10.241+0000] GC(394) Eden regions: 292->0(210)
[2025-08-01T02:35:10.241+0000] GC(394) Survivor regions: 49->43(43)
[2025-08-01T02:35:10.241+0000] GC(394) Old regions: 923->1158
[2025-08-01T02:35:10.241+0000] GC(394) Humongous regions: 0->0
[2025-08-01T02:35:10.241+0000] GC(394) Metaspace: 9706K(12544K)->9706K(12544K) NonClass: 8540K(11008K)->8540K(11008K) Class: 1166K(1536K)->1166K(1536K)
[2025-08-01T02:35:10.241+0000] GC(394) Pause Young (Normal) (G1 Evacuation Pause) 2514M->2387M(4096M) 95.465ms
[2025-08-01T02:35:10.241+0000] GC(394) User=0.72s Sys=0.00s Real=0.09s
[2025-08-01T02:35:10.257+0000] GC(393) Concurrent Mark From Roots 204.540ms
[2025-08-01T02:35:10.257+0000] GC(393) Concurrent Preclean
[2025-08-01T02:35:10.258+0000] GC(393) Concurrent Preclean 0.312ms
[2025-08-01T02:35:10.258+0000] GC(393) Concurrent Mark (49.048s, 49.253s) 204.943ms
[2025-08-01T02:35:10.258+0000] GC(393) Pause Remark
[2025-08-01T02:35:10.260+0000] GC(393) Cleaned string and symbol table, strings: 2833 processed, 0 removed, symbols: 23489 processed, 0 removed
[2025-08-01T02:35:10.262+0000] GC(393) Pause Remark 2512M->1635M(4096M) 3.502ms
[2025-08-01T02:35:10.262+0000] GC(393) User=0.01s Sys=0.00s Real=0.00s
[2025-08-01T02:35:10.262+0000] GC(393) Concurrent Rebuild Remembered Sets
[2025-08-01T02:35:10.329+0000] GC(395) Pause Young (Normal) (G1 Evacuation Pause)
[2025-08-01T02:35:10.329+0000] GC(395) Using 8 workers of 8 for evacuation
[2025-08-01T02:35:10.420+0000] GC(395)   Pre Evacuate Collection Set: 0.1ms
[2025-08-01T02:35:10.420+0000] GC(395)   Evacuate Collection Set: 89.7ms
[2025-08-01T02:35:10.420+0000] GC(395)   Post Evacuate Collection Set: 1.0ms
[2025-08-01T02:35:10.420+0000] GC(395)   Other: 0.3ms
[2025-08-01T02:35:10.420+0000] GC(395) Eden regions: 210->0(284)
[2025-08-01T02:35:10.420+0000] GC(395) Survivor regions: 43->32(32)
[2025-08-01T02:35:10.420+0000] GC(395) Old regions: 714->937
[2025-08-01T02:35:10.420+0000] GC(395) Humongous regions: 0->0
[2025-08-01T02:35:10.420+0000] GC(395) Metaspace: 9706K(12544K)->9706K(12544K) NonClass: 8540K(11008K)->8540K(11008K) Class: 1166K(1536K)->1166K(1536K)
[2025-08-01T02:35:10.420+0000] GC(395) Pause Young (Normal) (G1 Evacuation Pause) 1930M->1934M(4096M) 91.281ms
[2025-08-01T02:35:10.420+0000] GC(395) User=0.69s Sys=0.02s Real=0.09s
[2025-08-01T02:35:10.514+0000] GC(393) Concurrent Rebuild Remembered Sets 251.966ms
[2025-08-01T02:35:10.514+0000] GC(393) Pause Cleanup
[2025-08-01T02:35:10.515+0000] GC(393) Pause Cleanup 2362M->2362M(4096M) 0.618ms
[2025-08-01T02:35:10.515+0000] GC(393) User=0.00s Sys=0.00s Real=0.00s
[2025-08-01T02:35:10.515+0000] GC(393) Concurrent Cleanup for Next Mark
[2025-08-01T02:35:10.523+0000] GC(393) Concurrent Cleanup for Next Mark 8.399ms
[2025-08-01T02:35:10.523+0000] GC(393) Concurrent Cycle 485.781ms
[2025-08-01T02:35:10.568+0000] GC(396) Pause Young (Prepare Mixed) (G1 Evacuation Pause)
[2025-08-01T02:35:10.568+0000] GC(396) Using 8 workers of 8 for evacuation
[2025-08-01T02:35:10.688+0000] GC(396)   Pre Evacuate Collection Set: 0.1ms
[2025-08-01T02:35:10.688+0000] GC(396)   Evacuate Collection Set: 119.0ms
[2025-08-01T02:35:10.688+0000] GC(396)   Post Evacuate Collection Set: 1.0ms
[2025-08-01T02:35:10.689+0000] GC(396)   Other: 0.3ms
[2025-08-01T02:35:10.689+0000] GC(396) Eden regions: 284->0(62)
[2025-08-01T02:35:10.689+0000] GC(396) Survivor regions: 32->40(40)
[2025-08-01T02:35:10.689+0000] GC(396) Old regions: 937->1095
[2025-08-01T02:35:10.689+0000] GC(396) Humongous regions: 0->0
[2025-08-01T02:35:10.689+0000] GC(396) Metaspace: 9706K(12544K)->9706K(12544K) NonClass: 8540K(11008K)->8540K(11008K) Class: 1166K(1536K)->1166K(1536K)
[2025-08-01T02:35:10.689+0000] GC(396) Pause Young (Prepare Mixed) (G1 Evacuation Pause) 2502M->2267M(4096M) 120.445ms
[2025-08-01T02:35:10.689+0000] GC(396) User=0.91s Sys=0.02s Real=0.12s
[2025-08-01T02:35:10.700+0000] GC(397) Pause Young (Mixed) (G1 Evacuation Pause)
[2025-08-01T02:35:10.700+0000] GC(397) Using 8 workers of 8 for evacuation
[2025-08-01T02:35:10.735+0000] GC(397)   Pre Evacuate Collection Set: 0.2ms
[2025-08-01T02:35:10.735+0000] GC(397)   Evacuate Collection Set: 32.8ms
[2025-08-01T02:35:10.735+0000] GC(397)   Post Evacuate Collection Set: 1.1ms
[2025-08-01T02:35:10.735+0000] GC(397)   Other: 0.4ms
[2025-08-01T02:35:10.735+0000] GC(397) Eden regions: 62->0(272)
[2025-08-01T02:35:10.735+0000] GC(397) Survivor regions: 40->13(13)
[2025-08-01T02:35:10.735+0000] GC(397) Old regions: 1095->1022
[2025-08-01T02:35:10.735+0000] GC(397) Humongous regions: 0->0
[2025-08-01T02:35:10.735+0000] GC(397) Metaspace: 9706K(12544K)->9706K(12544K) NonClass: 8540K(11008K)->8540K(11008K) Class: 1166K(1536K)->1166K(1536K)
[2025-08-01T02:35:10.735+0000] GC(397) Pause Young (Mixed) (G1 Evacuation Pause) 2391M->2067M(4096M) 34.837ms
[2025-08-01T02:35:10.735+0000] GC(397) User=0.26s Sys=0.01s Real=0.04s
[2025-08-01T02:35:10.880+0000] GC(398) Pause Young (Concurrent Start) (G1 Evacuation Pause)
[2025-08-01T02:35:10.880+0000] GC(398) Using 8 workers of 8 for evacuation
[2025-08-01T02:35:11.001+0000] GC(398)   Pre Evacuate Collection Set: 0.1ms
[2025-08-01T02:35:11.001+0000] GC(398)   Evacuate Collection Set: 119.9ms
[2025-08-01T02:35:11.001+0000] GC(398)   Post Evacuate Collection Set: 0.9ms
[2025-08-01T02:35:11.001+0000] GC(398)   Other: 0.4ms
[2025-08-01T02:35:11.001+0000] GC(398) Eden regions: 272->0(205)
[2025-08-01T02:35:11.001+0000] GC(398) Survivor regions: 13->36(36)
[2025-08-01T02:35:11.001+0000] GC(398) Old regions: 1022->1190
[2025-08-01T02:35:11.001+0000] GC(398) Humongous regions: 0->0
[2025-08-01T02:35:11.001+0000] GC(398) Metaspace: 9706K(12544K)->9706K(12544K) NonClass: 8540K(11008K)->8540K(11008K) Class: 1166K(1536K)->1166K(1536K)
[2025-08-01T02:35:11.002+0000] GC(398) Pause Young (Concurrent Start) (G1 Evacuation Pause) 2611M->2449M(4096M) 121.440ms
[2025-08-01T02:35:11.002+0000] GC(398) User=0.91s Sys=0.03s Real=0.12s
[2025-08-01T02:35:11.002+0000] GC(399) Concurrent Cycle
[2025-08-01T02:35:11.002+0000] GC(399) Concurrent Clear Claimed Marks
[2025-08-01T02:35:11.002+0000] GC(399) Concurrent Clear Claimed Marks 0.064ms
[2025-08-01T02:35:11.002+0000] GC(399) Concurrent Scan Root Regions
[2025-08-01T02:35:11.010+0000] GC(399) Concurrent Scan Root Regions 8.452ms
[2025-08-01T02:35:11.010+0000] GC(399) Concurrent Mark (50.006s)
[2025-08-01T02:35:11.010+0000] GC(399) Concurrent Mark From Roots
[2025-08-01T02:35:11.010+0000] GC(399) Using 2 workers of 2 for marking
[2025-08-01T02:35:11.085+0000] GC(400) Pause Young (Normal) (G1 Evacuation Pause)
[2025-08-01T02:35:11.085+0000] GC(400) Using 8 workers of 8 for evacuation
[2025-08-01T02:35:11.157+0000] GC(400)   Pre Evacuate Collection Set: 0.1ms
[2025-08-01T02:35:11.157+0000] GC(400)   Evacuate Collection Set: 70.7ms
[2025-08-01T02:35:11.157+0000] GC(400)   Post Evacuate Collection Set: 0.8ms
[2025-08-01T02:35:11.157+0000] GC(400)   Other: 0.5ms
[2025-08-01T02:35:11.157+0000] GC(400) Eden regions: 205->0(131)
[2025-08-01T02:35:11.157+0000] GC(400) Survivor regions: 36->31(31)
[2025-08-01T02:35:11.157+0000] GC(400) Old regions: 1190->1402
[2025-08-01T02:35:11.157+0000] GC(400) Humongous regions: 0->0
[2025-08-01T02:35:11.157+0000] GC(400) Metaspace: 9706K(12544K)->9706K(12544K) NonClass: 8540K(11008K)->8540K(11008K) Class: 1166K(1536K)->1166K(1536K)
[2025-08-01T02:35:11.157+0000] GC(400) Pause Young (Normal) (G1 Evacuation Pause) 2859M->2863M(4096M) 72.105ms
[2025-08-01T02:35:11.157+0000] GC(400) User=0.57s Sys=0.00s Real=0.07s
[2025-08-01T02:35:11.185+0000] GC(399) Concurrent Mark From Roots 175.060ms
[2025-08-01T02:35:11.185+0000] GC(399) Concurrent Preclean
[2025-08-01T02:35:11.186+0000] GC(399) Concurrent Preclean 0.438ms
[2025-08-01T02:35:11.186+0000] GC(399) Concurrent Mark (50.006s, 50.181s) 175.601ms
[2025-08-01T02:35:11.186+0000] GC(399) Pause Remark
[2025-08-01T02:35:11.188+0000] GC(399) Cleaned string and symbol table, strings: 2833 processed, 0 removed, symbols: 23489 processed, 0 removed
[2025-08-01T02:35:11.190+0000] GC(399) Pause Remark 3092M->1332M(4096M) 3.502ms
[2025-08-01T02:35:11.190+0000] GC(399) User=0.01s Sys=0.00s Real=0.00s
[2025-08-01T02:35:11.190+0000] GC(399) Concurrent Rebuild Remembered Sets
[2025-08-01T02:35:11.220+0000] GC(401) Pause Young (Normal) (G1 Evacuation Pause)
[2025-08-01T02:35:11.221+0000] GC(401) Using 8 workers of 8 for evacuation
[2025-08-01T02:35:11.288+0000] GC(401)   Pre Evacuate Collection Set: 0.1ms
[2025-08-01T02:35:11.288+0000] GC(401)   Evacuate Collection Set: 66.3ms
[2025-08-01T02:35:11.288+0000] GC(401)   Post Evacuate Collection Set: 0.8ms
[2025-08-01T02:35:11.288+0000] GC(401)   Other: 0.4ms
[2025-08-01T02:35:11.288+0000] GC(401) Eden regions: 131->0(404)
[2025-08-01T02:35:11.288+0000] GC(401) Survivor regions: 31->21(21)
[2025-08-01T02:35:11.288+0000] GC(401) Old regions: 522->665
[2025-08-01T02:35:11.288+0000] GC(401) Humongous regions: 0->0
[2025-08-01T02:35:11.288+0000] GC(401) Metaspace: 9706K(12544K)->9706K(12544K) NonClass: 8540K(11008K)->8540K(11008K) Class: 1166K(1536K)->1166K(1536K)
[2025-08-01T02:35:11.288+0000] GC(401) Pause Young (Normal) (G1 Evacuation Pause) 1365M->1369M(4096M) 67.679ms
[2025-08-01T02:35:11.288+0000] GC(401) User=0.49s Sys=0.02s Real=0.07s
[2025-08-01T02:35:11.410+0000] GC(399) Concurrent Rebuild Remembered Sets 220.594ms
[2025-08-01T02:35:11.411+0000] GC(399) Pause Cleanup
[2025-08-01T02:35:11.411+0000] GC(399) Pause Cleanup 2060M->2060M(4096M) 0.623ms
[2025-08-01T02:35:11.411+0000] GC(399) User=0.00s Sys=0.00s Real=0.00s
[2025-08-01T02:35:11.411+0000] GC(399) Concurrent Cleanup for Next Mark
[2025-08-01T02:35:11.420+0000] GC(399) Concurrent Cleanup for Next Mark 8.125ms
[2025-08-01T02:35:11.420+0000] GC(399) Concurrent Cycle 418.020ms
[2025-08-01T02:35:11.452+0000] GC(402) Pause Young (Normal) (G1 Evacuation Pause)
[2025-08-01T02:35:11.452+0000] GC(402) Using 8 workers of 8 for evacuation
[2025-08-01T02:35:11.572+0000] GC(402)   Pre Evacuate Collection Set: 0.1ms
[2025-08-01T02:35:11.572+0000] GC(402)   Evacuate Collection Set: 117.7ms
[2025-08-01T02:35:11.572+0000] GC(402)   Post Evacuate Collection Set: 1.3ms
[2025-08-01T02:35:11.572+0000] GC(402)   Other: 0.4ms
[2025-08-01T02:35:11.572+0000] GC(402) Eden regions: 404->0(324)
[2025-08-01T02:35:11.572+0000] GC(402) Survivor regions: 21->54(54)
[2025-08-01T02:35:11.572+0000] GC(402) Old regions: 665->860
[2025-08-01T02:35:11.572+0000] GC(402) Humongous regions: 0->0
[2025-08-01T02:35:11.572+0000] GC(402) Metaspace: 9706K(12544K)->9706K(12544K) NonClass: 8540K(11008K)->8540K(11008K) Class: 1166K(1536K)->1166K(1536K)
[2025-08-01T02:35:11.572+0000] GC(402) Pause Young (Normal) (G1 Evacuation Pause) 2177M->1825M(4096M) 119.704ms
[2025-08-01T02:35:11.572+0000] GC(402) User=0.90s Sys=0.04s Real=0.12s
[2025-08-01T02:35:11.703+0000] GC(403) Pause Young (Concurrent Start) (G1 Evacuation Pause)
[2025-08-01T02:35:11.703+0000] GC(403) Using 8 workers of 8 for evacuation
[2025-08-01T02:35:11.802+0000] GC(403)   Pre Evacuate Collection Set: 0.2ms
[2025-08-01T02:35:11.802+0000] GC(403)   Evacuate Collection Set: 97.4ms
[2025-08-01T02:35:11.802+0000] GC(403)   Post Evacuate Collection Set: 1.0ms
[2025-08-01T02:35:11.802+0000] GC(403)   Other: 1.1ms
[2025-08-01T02:35:11.802+0000] GC(403) Eden regions: 324->0(214)
[2025-08-01T02:35:11.802+0000] GC(403) Survivor regions: 54->48(48)
[2025-08-01T02:35:11.802+0000] GC(403) Old regions: 860->1128
[2025-08-01T02:35:11.802+0000] GC(403) Humongous regions: 0->0
[2025-08-01T02:35:11.802+0000] GC(403) Metaspace: 9706K(12544K)->9706K(12544K) NonClass: 8540K(11008K)->8540K(11008K) Class: 1166K(1536K)->1166K(1536K)
[2025-08-01T02:35:11.803+0000] GC(403) Pause Young (Concurrent Start) (G1 Evacuation Pause) 2473M->2348M(4096M) 99.116ms
[2025-08-01T02:35:11.803+0000] GC(403) User=0.76s Sys=0.01s Real=0.09s
[2025-08-01T02:35:11.803+0000] GC(404) Concurrent Cycle
[2025-08-01T02:35:11.803+0000] GC(404) Concurrent Clear Claimed Marks
[2025-08-01T02:35:11.803+0000] GC(404) Concurrent Clear Claimed Marks 0.056ms
[2025-08-01T02:35:11.803+0000] GC(404) Concurrent Scan Root Regions
[2025-08-01T02:35:11.814+0000] GC(404) Concurrent Scan Root Regions 11.276ms
[2025-08-01T02:35:11.814+0000] GC(404) Concurrent Mark (50.810s)
[2025-08-01T02:35:11.814+0000] GC(404) Concurrent Mark From Roots
[2025-08-01T02:35:11.814+0000] GC(404) Using 2 workers of 2 for marking
[2025-08-01T02:35:11.889+0000] GC(405) Pause Young (Normal) (G1 Evacuation Pause)
[2025-08-01T02:35:11.889+0000] GC(405) Using 8 workers of 8 for evacuation
[2025-08-01T02:35:11.987+0000] GC(405)   Pre Evacuate Collection Set: 0.1ms
[2025-08-01T02:35:11.987+0000] GC(405)   Evacuate Collection Set: 97.4ms
[2025-08-01T02:35:11.987+0000] GC(405)   Post Evacuate Collection Set: 0.7ms
[2025-08-01T02:35:11.987+0000] GC(405)   Other: 0.3ms
[2025-08-01T02:35:11.987+0000] GC(405) Eden regions: 214->0(142)
[2025-08-01T02:35:11.987+0000] GC(405) Survivor regions: 48->33(33)
[2025-08-01T02:35:11.987+0000] GC(405) Old regions: 1128->1358
[2025-08-01T02:35:11.987+0000] GC(405) Humongous regions: 0->0
[2025-08-01T02:35:11.987+0000] GC(405) Metaspace: 9706K(12544K)->9706K(12544K) NonClass: 8540K(11008K)->8540K(11008K) Class: 1166K(1536K)->1166K(1536K)
[2025-08-01T02:35:11.987+0000] GC(405) Pause Young (Normal) (G1 Evacuation Pause) 2776M->2779M(4096M) 98.695ms
[2025-08-01T02:35:11.987+0000] GC(405) User=0.74s Sys=0.02s Real=0.10s
[2025-08-01T02:35:12.050+0000] GC(406) Pause Young (Normal) (G1 Evacuation Pause)
[2025-08-01T02:35:12.050+0000] GC(406) Using 8 workers of 8 for evacuation
[2025-08-01T02:35:12.087+0000] GC(406)   Pre Evacuate Collection Set: 0.1ms
[2025-08-01T02:35:12.087+0000] GC(406)   Evacuate Collection Set: 36.0ms
[2025-08-01T02:35:12.087+0000] GC(406)   Post Evacuate Collection Set: 0.9ms
[2025-08-01T02:35:12.087+0000] GC(406)   Other: 0.2ms
[2025-08-01T02:35:12.087+0000] GC(406) Eden regions: 142->0(121)
[2025-08-01T02:35:12.087+0000] GC(406) Survivor regions: 33->22(22)
[2025-08-01T02:35:12.087+0000] GC(406) Old regions: 1358->1448
[2025-08-01T02:35:12.087+0000] GC(406) Humongous regions: 0->0
[2025-08-01T02:35:12.087+0000] GC(406) Metaspace: 9706K(12544K)->9706K(12544K) NonClass: 8540K(11008K)->8540K(11008K) Class: 1166K(1536K)->1166K(1536K)
[2025-08-01T02:35:12.087+0000] GC(406) Pause Young (Normal) (G1 Evacuation Pause) 3063M->2937M(4096M) 37.390ms
[2025-08-01T02:35:12.087+0000] GC(406) User=0.27s Sys=0.00s Real=0.04s
[2025-08-01T02:35:12.111+0000] GC(404) Concurrent Mark From Roots 297.169ms
[2025-08-01T02:35:12.111+0000] GC(404) Concurrent Preclean
[2025-08-01T02:35:12.112+0000] GC(407) Pause Young (Normal) (G1 Evacuation Pause)
[2025-08-01T02:35:12.112+0000] GC(407) Using 8 workers of 8 for evacuation
[2025-08-01T02:35:12.155+0000] GC(407)   Pre Evacuate Collection Set: 0.1ms
[2025-08-01T02:35:12.155+0000] GC(407)   Evacuate Collection Set: 41.9ms
[2025-08-01T02:35:12.155+0000] GC(407)   Post Evacuate Collection Set: 0.9ms
[2025-08-01T02:35:12.155+0000] GC(407)   Other: 0.2ms
[2025-08-01T02:35:12.155+0000] GC(407) Eden regions: 121->0(84)
[2025-08-01T02:35:12.155+0000] GC(407) Survivor regions: 22->18(18)
[2025-08-01T02:35:12.155+0000] GC(407) Old regions: 1448->1575
[2025-08-01T02:35:12.155+0000] GC(407) Humongous regions: 0->0
[2025-08-01T02:35:12.155+0000] GC(407) Metaspace: 9706K(12544K)->9706K(12544K) NonClass: 8540K(11008K)->8540K(11008K) Class: 1166K(1536K)->1166K(1536K)
[2025-08-01T02:35:12.155+0000] GC(407) Pause Young (Normal) (G1 Evacuation Pause) 3179M->3182M(4096M) 43.287ms
[2025-08-01T02:35:12.155+0000] GC(407) User=0.32s Sys=0.00s Real=0.05s
[2025-08-01T02:35:12.155+0000] GC(404) Concurrent Preclean 43.962ms
[2025-08-01T02:35:12.155+0000] GC(404) Concurrent Mark (50.810s, 51.151s) 341.268ms
[2025-08-01T02:35:12.156+0000] GC(404) Pause Remark
[2025-08-01T02:35:12.159+0000] GC(404) Cleaned string and symbol table, strings: 2833 processed, 0 removed, symbols: 23489 processed, 0 removed
[2025-08-01T02:35:12.160+0000] GC(404) Pause Remark 3186M->1878M(4096M) 4.010ms
[2025-08-01T02:35:12.160+0000] GC(404) User=0.01s Sys=0.00s Real=0.00s
[2025-08-01T02:35:12.160+0000] GC(404) Concurrent Rebuild Remembered Sets
[2025-08-01T02:35:12.179+0000] GC(408) Pause Young (Normal) (G1 Evacuation Pause)
[2025-08-01T02:35:12.179+0000] GC(408) Using 8 workers of 8 for evacuation
[2025-08-01T02:35:12.217+0000] GC(408)   Pre Evacuate Collection Set: 0.1ms
[2025-08-01T02:35:12.217+0000] GC(408)   Evacuate Collection Set: 37.0ms
[2025-08-01T02:35:12.217+0000] GC(408)   Post Evacuate Collection Set: 0.6ms
[2025-08-01T02:35:12.217+0000] GC(408)   Other: 0.3ms
[2025-08-01T02:35:12.217+0000] GC(408) Eden regions: 84->0(282)
[2025-08-01T02:35:12.217+0000] GC(408) Survivor regions: 18->13(13)
[2025-08-01T02:35:12.217+0000] GC(408) Old regions: 921->989
[2025-08-01T02:35:12.217+0000] GC(408) Humongous regions: 0->0
[2025-08-01T02:35:12.217+0000] GC(408) Metaspace: 9706K(12544K)->9706K(12544K) NonClass: 8540K(11008K)->8540K(11008K) Class: 1166K(1536K)->1166K(1536K)
[2025-08-01T02:35:12.217+0000] GC(408) Pause Young (Normal) (G1 Evacuation Pause) 2042M->2001M(4096M) 38.185ms
[2025-08-01T02:35:12.217+0000] GC(408) User=0.28s Sys=0.01s Real=0.04s
[2025-08-01T02:35:12.316+0000] GC(409) Pause Young (Normal) (G1 Evacuation Pause)
[2025-08-01T02:35:12.316+0000] GC(409) Using 8 workers of 8 for evacuation
[2025-08-01T02:35:12.388+0000] GC(409)   Pre Evacuate Collection Set: 0.1ms
[2025-08-01T02:35:12.388+0000] GC(409)   Evacuate Collection Set: 71.4ms
[2025-08-01T02:35:12.388+0000] GC(409)   Post Evacuate Collection Set: 1.2ms
[2025-08-01T02:35:12.389+0000] GC(409)   Other: 0.3ms
[2025-08-01T02:35:12.389+0000] GC(409) Eden regions: 282->0(194)
[2025-08-01T02:35:12.389+0000] GC(409) Survivor regions: 13->37(37)
[2025-08-01T02:35:12.389+0000] GC(409) Old regions: 989->1200
[2025-08-01T02:35:12.389+0000] GC(409) Humongous regions: 0->0
[2025-08-01T02:35:12.389+0000] GC(409) Metaspace: 9706K(12544K)->9706K(12544K) NonClass: 8540K(11008K)->8540K(11008K) Class: 1166K(1536K)->1166K(1536K)
[2025-08-01T02:35:12.389+0000] GC(409) Pause Young (Normal) (G1 Evacuation Pause) 2565M->2470M(4096M) 73.092ms
[2025-08-01T02:35:12.389+0000] GC(409) User=0.57s Sys=0.00s Real=0.07s
[2025-08-01T02:35:12.468+0000] GC(410) Pause Young (Normal) (G1 Evacuation Pause)
[2025-08-01T02:35:12.468+0000] GC(410) Using 8 workers of 8 for evacuation
[2025-08-01T02:35:12.553+0000] GC(410)   Pre Evacuate Collection Set: 0.1ms
[2025-08-01T02:35:12.553+0000] GC(410)   Evacuate Collection Set: 83.5ms
[2025-08-01T02:35:12.553+0000] GC(410)   Post Evacuate Collection Set: 0.9ms
[2025-08-01T02:35:12.553+0000] GC(410)   Other: 0.3ms
[2025-08-01T02:35:12.553+0000] GC(410) Eden regions: 194->0(128)
[2025-08-01T02:35:12.553+0000] GC(410) Survivor regions: 37->29(29)
[2025-08-01T02:35:12.553+0000] GC(410) Old regions: 1200->1404
[2025-08-01T02:35:12.553+0000] GC(410) Humongous regions: 0->0
[2025-08-01T02:35:12.553+0000] GC(410) Metaspace: 9706K(12544K)->9706K(12544K) NonClass: 8540K(11008K)->8540K(11008K) Class: 1166K(1536K)->1166K(1536K)
[2025-08-01T02:35:12.553+0000] GC(410) Pause Young (Normal) (G1 Evacuation Pause) 2858M->2862M(4096M) 84.932ms
[2025-08-01T02:35:12.553+0000] GC(410) User=0.66s Sys=0.01s Real=0.09s
[2025-08-01T02:35:12.624+0000] GC(411) Pause Young (Normal) (G1 Evacuation Pause)
[2025-08-01T02:35:12.624+0000] GC(411) Using 8 workers of 8 for evacuation
[2025-08-01T02:35:12.674+0000] GC(411)   Pre Evacuate Collection Set: 0.1ms
[2025-08-01T02:35:12.674+0000] GC(411)   Evacuate Collection Set: 48.7ms
[2025-08-01T02:35:12.674+0000] GC(411)   Post Evacuate Collection Set: 0.6ms
[2025-08-01T02:35:12.674+0000] GC(411)   Other: 0.3ms
[2025-08-01T02:35:12.674+0000] GC(411) Eden regions: 128->0(105)
[2025-08-01T02:35:12.674+0000] GC(411) Survivor regions: 29->20(20)
[2025-08-01T02:35:12.674+0000] GC(411) Old regions: 1404->1499
[2025-08-01T02:35:12.674+0000] GC(411) Humongous regions: 0->0
[2025-08-01T02:35:12.674+0000] GC(411) Metaspace: 9706K(12544K)->9706K(12544K) NonClass: 8540K(11008K)->8540K(11008K) Class: 1166K(1536K)->1166K(1536K)
[2025-08-01T02:35:12.674+0000] GC(411) Pause Young (Normal) (G1 Evacuation Pause) 3118M->3034M(4096M) 49.853ms
[2025-08-01T02:35:12.674+0000] GC(411) User=0.37s Sys=0.01s Real=0.05s
[2025-08-01T02:35:12.684+0000] GC(404) Concurrent Rebuild Remembered Sets 523.401ms
[2025-08-01T02:35:12.684+0000] GC(404) Pause Cleanup
[2025-08-01T02:35:12.685+0000] GC(404) Pause Cleanup 3146M->3146M(4096M) 0.906ms
[2025-08-01T02:35:12.685+0000] GC(404) User=0.00s Sys=0.00s Real=0.00s
[2025-08-01T02:35:12.685+0000] GC(404) Concurrent Cleanup for Next Mark
[2025-08-01T02:35:12.698+0000] GC(404) Concurrent Cleanup for Next Mark 13.019ms
[2025-08-01T02:35:12.698+0000] GC(404) Concurrent Cycle 895.806ms
[2025-08-01T02:35:12.699+0000] GC(412) Pause Young (Normal) (G1 Evacuation Pause)
[2025-08-01T02:35:12.699+0000] GC(412) Using 8 workers of 8 for evacuation
[2025-08-01T02:35:12.742+0000] GC(412)   Pre Evacuate Collection Set: 0.1ms
[2025-08-01T02:35:12.742+0000] GC(412)   Evacuate Collection Set: 41.4ms
[2025-08-01T02:35:12.742+0000] GC(412)   Post Evacuate Collection Set: 0.8ms
[2025-08-01T02:35:12.742+0000] GC(412)   Other: 0.3ms
[2025-08-01T02:35:12.742+0000] GC(412) Eden regions: 105->0(86)
[2025-08-01T02:35:12.742+0000] GC(412) Survivor regions: 20->16(16)
[2025-08-01T02:35:12.742+0000] GC(412) Old regions: 1499->1609
[2025-08-01T02:35:12.742+0000] GC(412) Humongous regions: 0->0
[2025-08-01T02:35:12.742+0000] GC(412) Metaspace: 9706K(12544K)->9706K(12544K) NonClass: 8540K(11008K)->8540K(11008K) Class: 1166K(1536K)->1166K(1536K)
[2025-08-01T02:35:12.742+0000] GC(412) Pause Young (Normal) (G1 Evacuation Pause) 3244M->3246M(4096M) 42.729ms
[2025-08-01T02:35:12.742+0000] GC(412) User=0.32s Sys=0.01s Real=0.04s
[2025-08-01T02:35:12.761+0000] GC(413) Pause Young (Concurrent Start) (G1 Evacuation Pause)
[2025-08-01T02:35:12.761+0000] GC(413) Using 8 workers of 8 for evacuation
[2025-08-01T02:35:12.793+0000] GC(413)   Pre Evacuate Collection Set: 0.1ms
[2025-08-01T02:35:12.793+0000] GC(413)   Evacuate Collection Set: 30.8ms
[2025-08-01T02:35:12.793+0000] GC(413)   Post Evacuate Collection Set: 0.9ms
[2025-08-01T02:35:12.793+0000] GC(413)   Other: 0.4ms
[2025-08-01T02:35:12.793+0000] GC(413) Eden regions: 86->0(89)
[2025-08-01T02:35:12.793+0000] GC(413) Survivor regions: 16->13(13)
[2025-08-01T02:35:12.793+0000] GC(413) Old regions: 1609->1686
[2025-08-01T02:35:12.793+0000] GC(413) Humongous regions: 0->0
[2025-08-01T02:35:12.793+0000] GC(413) Metaspace: 9706K(12544K)->9706K(12544K) NonClass: 8540K(11008K)->8540K(11008K) Class: 1166K(1536K)->1166K(1536K)
[2025-08-01T02:35:12.793+0000] GC(413) Pause Young (Concurrent Start) (G1 Evacuation Pause) 3418M->3394M(4096M) 32.317ms
[2025-08-01T02:35:12.793+0000] GC(413) User=0.23s Sys=0.01s Real=0.04s
[2025-08-01T02:35:12.794+0000] GC(414) Concurrent Cycle
[2025-08-01T02:35:12.794+0000] GC(414) Concurrent Clear Claimed Marks
[2025-08-01T02:35:12.794+0000] GC(414) Concurrent Clear Claimed Marks 0.053ms
[2025-08-01T02:35:12.794+0000] GC(414) Concurrent Scan Root Regions
[2025-08-01T02:35:12.796+0000] GC(414) Concurrent Scan Root Regions 2.505ms
[2025-08-01T02:35:12.796+0000] GC(414) Concurrent Mark (51.792s)
[2025-08-01T02:35:12.796+0000] GC(414) Concurrent Mark From Roots
[2025-08-01T02:35:12.796+0000] GC(414) Using 2 workers of 2 for marking
[2025-08-01T02:35:12.815+0000] GC(415) Pause Young (Normal) (G1 Evacuation Pause)
[2025-08-01T02:35:12.815+0000] GC(415) Using 8 workers of 8 for evacuation
[2025-08-01T02:35:12.846+0000] GC(415)   Pre Evacuate Collection Set: 0.1ms
[2025-08-01T02:35:12.846+0000] GC(415)   Evacuate Collection Set: 29.8ms
[2025-08-01T02:35:12.846+0000] GC(415)   Post Evacuate Collection Set: 0.6ms
[2025-08-01T02:35:12.846+0000] GC(415)   Other: 0.3ms
[2025-08-01T02:35:12.846+0000] GC(415) Eden regions: 89->0(89)
[2025-08-01T02:35:12.846+0000] GC(415) Survivor regions: 13->13(13)
[2025-08-01T02:35:12.846+0000] GC(415) Old regions: 1686->1760
[2025-08-01T02:35:12.846+0000] GC(415) Humongous regions: 0->0
[2025-08-01T02:35:12.846+0000] GC(415) Metaspace: 9706K(12544K)->9706K(12544K) NonClass: 8540K(11008K)->8540K(11008K) Class: 1166K(1536K)->1166K(1536K)
[2025-08-01T02:35:12.846+0000] GC(415) Pause Young (Normal) (G1 Evacuation Pause) 3572M->3542M(4096M) 30.847ms
[2025-08-01T02:35:12.846+0000] GC(415) User=0.23s Sys=0.00s Real=0.03s
[2025-08-01T02:35:12.869+0000] GC(416) Pause Young (Normal) (G1 Evacuation Pause)
[2025-08-01T02:35:12.870+0000] GC(416) Using 8 workers of 8 for evacuation
[2025-08-01T02:35:12.900+0000] GC(416)   Pre Evacuate Collection Set: 0.1ms
[2025-08-01T02:35:12.900+0000] GC(416)   Evacuate Collection Set: 29.4ms
[2025-08-01T02:35:12.900+0000] GC(416)   Post Evacuate Collection Set: 0.5ms
[2025-08-01T02:35:12.900+0000] GC(416)   Other: 0.3ms
[2025-08-01T02:35:12.900+0000] GC(416) Eden regions: 89->0(89)
[2025-08-01T02:35:12.900+0000] GC(416) Survivor regions: 13->13(13)
[2025-08-01T02:35:12.900+0000] GC(416) Old regions: 1760->1850
[2025-08-01T02:35:12.900+0000] GC(416) Humongous regions: 0->0
[2025-08-01T02:35:12.900+0000] GC(416) Metaspace: 9706K(12544K)->9706K(12544K) NonClass: 8540K(11008K)->8540K(11008K) Class: 1166K(1536K)->1166K(1536K)
[2025-08-01T02:35:12.900+0000] GC(416) Pause Young (Normal) (G1 Evacuation Pause) 3720M->3723M(4096M) 30.534ms
[2025-08-01T02:35:12.900+0000] GC(416) User=0.23s Sys=0.00s Real=0.03s
[2025-08-01T02:35:12.918+0000] GC(417) Pause Young (Normal) (G1 Evacuation Pause)
[2025-08-01T02:35:12.918+0000] GC(417) Using 8 workers of 8 for evacuation
[2025-08-01T02:35:12.947+0000] GC(417)   Pre Evacuate Collection Set: 0.1ms
[2025-08-01T02:35:12.948+0000] GC(417)   Evacuate Collection Set: 27.8ms
[2025-08-01T02:35:12.948+0000] GC(417)   Post Evacuate Collection Set: 1.0ms
[2025-08-01T02:35:12.948+0000] GC(417)   Other: 0.3ms
[2025-08-01T02:35:12.948+0000] GC(417) Eden regions: 89->0(89)
[2025-08-01T02:35:12.948+0000] GC(417) Survivor regions: 13->13(13)
[2025-08-01T02:35:12.948+0000] GC(417) Old regions: 1850->1922
[2025-08-01T02:35:12.948+0000] GC(417) Humongous regions: 0->0
[2025-08-01T02:35:12.948+0000] GC(417) Metaspace: 9706K(12544K)->9706K(12544K) NonClass: 8540K(11008K)->8540K(11008K) Class: 1166K(1536K)->1166K(1536K)
[2025-08-01T02:35:12.948+0000] GC(417) Pause Young (Normal) (G1 Evacuation Pause) 3901M->3866M(4096M) 29.272ms
[2025-08-01T02:35:12.948+0000] GC(417) User=0.22s Sys=0.00s Real=0.03s
[2025-08-01T02:35:12.974+0000] GC(418) Pause Young (Normal) (G1 Evacuation Pause)
[2025-08-01T02:35:12.974+0000] GC(418) Using 8 workers of 8 for evacuation
[2025-08-01T02:35:13.012+0000] GC(418) To-space exhausted
[2025-08-01T02:35:13.012+0000] GC(418)   Pre Evacuate Collection Set: 0.1ms
[2025-08-01T02:35:13.012+0000] GC(418)   Evacuate Collection Set: 28.0ms
[2025-08-01T02:35:13.012+0000] GC(418)   Post Evacuate Collection Set: 9.5ms
[2025-08-01T02:35:13.012+0000] GC(418)   Other: 0.3ms
[2025-08-01T02:35:13.012+0000] GC(418) Eden regions: 89->0(89)
[2025-08-01T02:35:13.012+0000] GC(418) Survivor regions: 13->13(13)
[2025-08-01T02:35:13.012+0000] GC(418) Old regions: 1922->2024
[2025-08-01T02:35:13.012+0000] GC(418) Humongous regions: 0->0
[2025-08-01T02:35:13.012+0000] GC(418) Metaspace: 9706K(12544K)->9706K(12544K) NonClass: 8540K(11008K)->8540K(11008K) Class: 1166K(1536K)->1166K(1536K)
[2025-08-01T02:35:13.012+0000] GC(418) Pause Young (Normal) (G1 Evacuation Pause) 4044M->4071M(4096M) 38.083ms
[2025-08-01T02:35:13.012+0000] GC(418) User=0.28s Sys=0.00s Real=0.03s
[2025-08-01T02:35:13.015+0000] GC(419) Pause Young (Normal) (G1 Evacuation Pause)
[2025-08-01T02:35:13.015+0000] GC(419) Using 8 workers of 8 for evacuation
[2025-08-01T02:35:13.027+0000] GC(419) To-space exhausted
[2025-08-01T02:35:13.027+0000] GC(419)   Pre Evacuate Collection Set: 0.1ms
[2025-08-01T02:35:13.027+0000] GC(419)   Evacuate Collection Set: 8.1ms
[2025-08-01T02:35:13.027+0000] GC(419)   Post Evacuate Collection Set: 3.2ms
[2025-08-01T02:35:13.027+0000] GC(419)   Other: 0.3ms
[2025-08-01T02:35:13.027+0000] GC(419) Eden regions: 11->0(102)
[2025-08-01T02:35:13.027+0000] GC(419) Survivor regions: 13->0(13)
[2025-08-01T02:35:13.027+0000] GC(419) Old regions: 2024->2048
[2025-08-01T02:35:13.027+0000] GC(419) Humongous regions: 0->0
[2025-08-01T02:35:13.027+0000] GC(419) Metaspace: 9706K(12544K)->9706K(12544K) NonClass: 8540K(11008K)->8540K(11008K) Class: 1166K(1536K)->1166K(1536K)
[2025-08-01T02:35:13.027+0000] GC(419) Pause Young (Normal) (G1 Evacuation Pause) 4093M->4093M(4096M) 11.839ms
[2025-08-01T02:35:13.027+0000] GC(419) User=0.07s Sys=0.01s Real=0.01s
[2025-08-01T02:35:13.027+0000] GC(420) Using 8 workers of 8 for full compaction
[2025-08-01T02:35:13.027+0000] GC(420) Pause Full (G1 Evacuation Pause)
[2025-08-01T02:35:13.033+0000] GC(420) Phase 1: Mark live objects
[2025-08-01T02:35:13.060+0000] GC(420) Cleaned string and symbol table, strings: 2833 processed, 0 removed, symbols: 23489 processed, 0 removed
[2025-08-01T02:35:13.060+0000] GC(420) Phase 1: Mark live objects 27.123ms
[2025-08-01T02:35:13.060+0000] GC(420) Phase 2: Prepare for compaction
[2025-08-01T02:35:13.092+0000] GC(420) Phase 2: Prepare for compaction 32.112ms
[2025-08-01T02:35:13.092+0000] GC(420) Phase 3: Adjust pointers
[2025-08-01T02:35:13.125+0000] GC(420) Phase 3: Adjust pointers 32.441ms
[2025-08-01T02:35:13.125+0000] GC(420) Phase 4: Compact heap
[2025-08-01T02:35:13.222+0000] GC(420) Phase 4: Compact heap 97.158ms
[2025-08-01T02:35:13.224+0000] GC(420) Eden regions: 0->0(544)
[2025-08-01T02:35:13.224+0000] GC(420) Survivor regions: 0->0(13)
[2025-08-01T02:35:13.224+0000] GC(420) Old regions: 2048->350
[2025-08-01T02:35:13.224+0000] GC(420) Humongous regions: 0->0
[2025-08-01T02:35:13.224+0000] GC(420) Metaspace: 9706K(12544K)->9706K(12544K) NonClass: 8540K(11008K)->8540K(11008K) Class: 1166K(1536K)->1166K(1536K)
[2025-08-01T02:35:13.224+0000] GC(420) Pause Full (G1 Evacuation Pause) 4093M->689M(4096M) 197.510ms
[2025-08-01T02:35:13.225+0000] GC(420) User=1.45s Sys=0.00s Real=0.20s
[2025-08-01T02:35:13.225+0000] GC(414) Concurrent Mark From Roots 428.714ms
[2025-08-01T02:35:13.225+0000] GC(414) Concurrent Mark Abort
[2025-08-01T02:35:13.225+0000] GC(414) Concurrent Cycle 431.490ms
[2025-08-01T02:35:13.457+0000] GC(421) Pause Young (Normal) (G1 Evacuation Pause)
[2025-08-01T02:35:13.457+0000] GC(421) Using 8 workers of 8 for evacuation
[2025-08-01T02:35:13.584+0000] GC(421)   Pre Evacuate Collection Set: 0.2ms
[2025-08-01T02:35:13.584+0000] GC(421)   Evacuate Collection Set: 125.5ms
[2025-08-01T02:35:13.584+0000] GC(421)   Post Evacuate Collection Set: 1.1ms
[2025-08-01T02:35:13.584+0000] GC(421)   Other: 0.4ms
[2025-08-01T02:35:13.584+0000] GC(421) Eden regions: 544->0(422)
[2025-08-01T02:35:13.584+0000] GC(421) Survivor regions: 0->68(68)
[2025-08-01T02:35:13.584+0000] GC(421) Old regions: 350->606
[2025-08-01T02:35:13.584+0000] GC(421) Humongous regions: 0->0
[2025-08-01T02:35:13.584+0000] GC(421) Metaspace: 9706K(12544K)->9706K(12544K) NonClass: 8540K(11008K)->8540K(11008K) Class: 1166K(1536K)->1166K(1536K)
[2025-08-01T02:35:13.584+0000] GC(421) Pause Young (Normal) (G1 Evacuation Pause) 1777M->1336M(4096M) 127.432ms
[2025-08-01T02:35:13.584+0000] GC(421) User=0.95s Sys=0.03s Real=0.13s
[2025-08-01T02:35:13.747+0000] GC(422) Pause Young (Concurrent Start) (G1 Evacuation Pause)
[2025-08-01T02:35:13.747+0000] GC(422) Using 8 workers of 8 for evacuation
[2025-08-01T02:35:13.933+0000] GC(422)   Pre Evacuate Collection Set: 0.2ms
[2025-08-01T02:35:13.933+0000] GC(422)   Evacuate Collection Set: 183.6ms
[2025-08-01T02:35:13.933+0000] GC(422)   Post Evacuate Collection Set: 1.0ms
[2025-08-01T02:35:13.933+0000] GC(422)   Other: 0.5ms
[2025-08-01T02:35:13.933+0000] GC(422) Eden regions: 422->0(301)
[2025-08-01T02:35:13.933+0000] GC(422) Survivor regions: 68->62(62)
[2025-08-01T02:35:13.933+0000] GC(422) Old regions: 606->912
[2025-08-01T02:35:13.933+0000] GC(422) Humongous regions: 0->0
[2025-08-01T02:35:13.933+0000] GC(422) Metaspace: 9706K(12544K)->9706K(12544K) NonClass: 8540K(11008K)->8540K(11008K) Class: 1166K(1536K)->1166K(1536K)
[2025-08-01T02:35:13.933+0000] GC(422) Pause Young (Concurrent Start) (G1 Evacuation Pause) 2180M->1937M(4096M) 185.397ms
[2025-08-01T02:35:13.933+0000] GC(422) User=1.38s Sys=0.03s Real=0.18s
[2025-08-01T02:35:13.933+0000] GC(423) Concurrent Cycle
[2025-08-01T02:35:13.933+0000] GC(423) Concurrent Clear Claimed Marks
[2025-08-01T02:35:13.933+0000] GC(423) Concurrent Clear Claimed Marks 0.065ms
[2025-08-01T02:35:13.933+0000] GC(423) Concurrent Scan Root Regions
[2025-08-01T02:35:13.946+0000] GC(423) Concurrent Scan Root Regions 13.044ms
[2025-08-01T02:35:13.946+0000] GC(423) Concurrent Mark (52.942s)
[2025-08-01T02:35:13.946+0000] GC(423) Concurrent Mark From Roots
[2025-08-01T02:35:13.946+0000] GC(423) Using 2 workers of 2 for marking
[2025-08-01T02:35:14.068+0000] GC(424) Pause Young (Normal) (G1 Evacuation Pause)
[2025-08-01T02:35:14.068+0000] GC(424) Using 8 workers of 8 for evacuation
[2025-08-01T02:35:14.171+0000] GC(424)   Pre Evacuate Collection Set: 0.1ms
[2025-08-01T02:35:14.171+0000] GC(424)   Evacuate Collection Set: 101.1ms
[2025-08-01T02:35:14.171+0000] GC(424)   Post Evacuate Collection Set: 1.2ms
[2025-08-01T02:35:14.171+0000] GC(424)   Other: 0.3ms
[2025-08-01T02:35:14.171+0000] GC(424) Eden regions: 301->0(218)
[2025-08-01T02:35:14.171+0000] GC(424) Survivor regions: 62->46(46)
[2025-08-01T02:35:14.171+0000] GC(424) Old regions: 912->1147
[2025-08-01T02:35:14.171+0000] GC(424) Humongous regions: 0->0
[2025-08-01T02:35:14.171+0000] GC(424) Metaspace: 9706K(12544K)->9706K(12544K) NonClass: 8540K(11008K)->8540K(11008K) Class: 1166K(1536K)->1166K(1536K)
[2025-08-01T02:35:14.171+0000] GC(424) Pause Young (Normal) (G1 Evacuation Pause) 2539M->2375M(4096M) 103.023ms
[2025-08-01T02:35:14.171+0000] GC(424) User=0.78s Sys=0.02s Real=0.10s
[2025-08-01T02:35:14.193+0000] GC(423) Concurrent Mark From Roots 246.903ms
[2025-08-01T02:35:14.193+0000] GC(423) Concurrent Preclean
[2025-08-01T02:35:14.193+0000] GC(423) Concurrent Preclean 0.187ms
[2025-08-01T02:35:14.193+0000] GC(423) Concurrent Mark (52.942s, 53.189s) 247.179ms
[2025-08-01T02:35:14.194+0000] GC(423) Pause Remark
[2025-08-01T02:35:14.195+0000] GC(423) Cleaned string and symbol table, strings: 2833 processed, 0 removed, symbols: 23489 processed, 0 removed
[2025-08-01T02:35:14.196+0000] GC(423) Pause Remark 2602M->1712M(4096M) 2.044ms
[2025-08-01T02:35:14.196+0000] GC(423) User=0.01s Sys=0.01s Real=0.00s
[2025-08-01T02:35:14.196+0000] GC(423) Concurrent Rebuild Remembered Sets
[2025-08-01T02:35:14.261+0000] GC(425) Pause Young (Normal) (G1 Evacuation Pause)
[2025-08-01T02:35:14.261+0000] GC(425) Using 8 workers of 8 for evacuation
[2025-08-01T02:35:14.334+0000] GC(425)   Pre Evacuate Collection Set: 0.1ms
[2025-08-01T02:35:14.334+0000] GC(425)   Evacuate Collection Set: 71.0ms
[2025-08-01T02:35:14.334+0000] GC(425)   Post Evacuate Collection Set: 1.0ms
[2025-08-01T02:35:14.334+0000] GC(425)   Other: 0.3ms
[2025-08-01T02:35:14.334+0000] GC(425) Eden regions: 218->0(359)
[2025-08-01T02:35:14.334+0000] GC(425) Survivor regions: 46->33(33)
[2025-08-01T02:35:14.334+0000] GC(425) Old regions: 698->804
[2025-08-01T02:35:14.334+0000] GC(425) Humongous regions: 0->0
[2025-08-01T02:35:14.334+0000] GC(425) Metaspace: 9706K(12544K)->9706K(12544K) NonClass: 8540K(11008K)->8540K(11008K) Class: 1166K(1536K)->1166K(1536K)
[2025-08-01T02:35:14.334+0000] GC(425) Pause Young (Normal) (G1 Evacuation Pause) 1921M->1670M(4096M) 72.620ms
[2025-08-01T02:35:14.334+0000] GC(425) User=0.52s Sys=0.02s Real=0.08s
[2025-08-01T02:35:14.465+0000] GC(423) Concurrent Rebuild Remembered Sets 268.137ms
[2025-08-01T02:35:14.465+0000] GC(423) Pause Cleanup
[2025-08-01T02:35:14.467+0000] GC(423) Pause Cleanup 2320M->2320M(4096M) 1.217ms
[2025-08-01T02:35:14.467+0000] GC(423) User=0.00s Sys=0.00s Real=0.00s
[2025-08-01T02:35:14.467+0000] GC(423) Concurrent Cleanup for Next Mark
[2025-08-01T02:35:14.477+0000] GC(423) Concurrent Cleanup for Next Mark 9.686ms
[2025-08-01T02:35:14.477+0000] GC(423) Concurrent Cycle 543.593ms
[2025-08-01T02:35:14.487+0000] GC(426) Pause Young (Prepare Mixed) (G1 Evacuation Pause)
[2025-08-01T02:35:14.487+0000] GC(426) Using 8 workers of 8 for evacuation
[2025-08-01T02:35:14.617+0000] GC(426)   Pre Evacuate Collection Set: 0.1ms
[2025-08-01T02:35:14.617+0000] GC(426)   Evacuate Collection Set: 128.5ms
[2025-08-01T02:35:14.617+0000] GC(426)   Post Evacuate Collection Set: 1.0ms
[2025-08-01T02:35:14.617+0000] GC(426)   Other: 0.3ms
[2025-08-01T02:35:14.617+0000] GC(426) Eden regions: 359->0(53)
[2025-08-01T02:35:14.617+0000] GC(426) Survivor regions: 33->49(49)
[2025-08-01T02:35:14.617+0000] GC(426) Old regions: 804->1081
[2025-08-01T02:35:14.617+0000] GC(426) Humongous regions: 0->0
[2025-08-01T02:35:14.617+0000] GC(426) Metaspace: 9706K(12544K)->9706K(12544K) NonClass: 8540K(11008K)->8540K(11008K) Class: 1166K(1536K)->1166K(1536K)
[2025-08-01T02:35:14.617+0000] GC(426) Pause Young (Prepare Mixed) (G1 Evacuation Pause) 2388M->2257M(4096M) 130.108ms
[2025-08-01T02:35:14.617+0000] GC(426) User=0.99s Sys=0.03s Real=0.13s
[2025-08-01T02:35:14.627+0000] GC(427) Pause Young (Mixed) (G1 Evacuation Pause)
[2025-08-01T02:35:14.627+0000] GC(427) Using 8 workers of 8 for evacuation
[2025-08-01T02:35:14.661+0000] GC(427)   Pre Evacuate Collection Set: 0.1ms
[2025-08-01T02:35:14.661+0000] GC(427)   Evacuate Collection Set: 32.4ms
[2025-08-01T02:35:14.661+0000] GC(427)   Post Evacuate Collection Set: 0.8ms
[2025-08-01T02:35:14.661+0000] GC(427)   Other: 0.4ms
[2025-08-01T02:35:14.661+0000] GC(427) Eden regions: 53->0(230)
[2025-08-01T02:35:14.661+0000] GC(427) Survivor regions: 49->13(13)
[2025-08-01T02:35:14.661+0000] GC(427) Old regions: 1081->1156
[2025-08-01T02:35:14.661+0000] GC(427) Humongous regions: 0->0
[2025-08-01T02:35:14.661+0000] GC(427) Metaspace: 9706K(12544K)->9706K(12544K) NonClass: 8540K(11008K)->8540K(11008K) Class: 1166K(1536K)->1166K(1536K)
[2025-08-01T02:35:14.661+0000] GC(427) Pause Young (Mixed) (G1 Evacuation Pause) 2363M->2335M(4096M) 33.908ms
[2025-08-01T02:35:14.661+0000] GC(427) User=0.25s Sys=0.00s Real=0.03s
[2025-08-01T02:35:14.749+0000] GC(428) Pause Young (Concurrent Start) (G1 Evacuation Pause)
[2025-08-01T02:35:14.749+0000] GC(428) Using 8 workers of 8 for evacuation
[2025-08-01T02:35:14.855+0000] GC(428)   Pre Evacuate Collection Set: 0.1ms
[2025-08-01T02:35:14.855+0000] GC(428)   Evacuate Collection Set: 103.8ms
[2025-08-01T02:35:14.855+0000] GC(428)   Post Evacuate Collection Set: 1.0ms
[2025-08-01T02:35:14.855+0000] GC(428)   Other: 0.5ms
[2025-08-01T02:35:14.855+0000] GC(428) Eden regions: 230->0(141)
[2025-08-01T02:35:14.855+0000] GC(428) Survivor regions: 13->31(31)
[2025-08-01T02:35:14.855+0000] GC(428) Old regions: 1156->1371
[2025-08-01T02:35:14.855+0000] GC(428) Humongous regions: 0->0
[2025-08-01T02:35:14.855+0000] GC(428) Metaspace: 9706K(12544K)->9706K(12544K) NonClass: 8540K(11008K)->8540K(11008K) Class: 1166K(1536K)->1166K(1536K)
[2025-08-01T02:35:14.855+0000] GC(428) Pause Young (Concurrent Start) (G1 Evacuation Pause) 2795M->2800M(4096M) 105.532ms
[2025-08-01T02:35:14.855+0000] GC(428) User=0.80s Sys=0.02s Real=0.11s
[2025-08-01T02:35:14.855+0000] GC(429) Concurrent Cycle
[2025-08-01T02:35:14.855+0000] GC(429) Concurrent Clear Claimed Marks
[2025-08-01T02:35:14.855+0000] GC(429) Concurrent Clear Claimed Marks 0.068ms
[2025-08-01T02:35:14.855+0000] GC(429) Concurrent Scan Root Regions
[2025-08-01T02:35:14.863+0000] GC(429) Concurrent Scan Root Regions 7.821ms
[2025-08-01T02:35:14.863+0000] GC(429) Concurrent Mark (53.859s)
[2025-08-01T02:35:14.863+0000] GC(429) Concurrent Mark From Roots
[2025-08-01T02:35:14.863+0000] GC(429) Using 2 workers of 2 for marking
[2025-08-01T02:35:14.931+0000] GC(430) Pause Young (Normal) (G1 Evacuation Pause)
[2025-08-01T02:35:14.931+0000] GC(430) Using 8 workers of 8 for evacuation
[2025-08-01T02:35:14.982+0000] GC(430)   Pre Evacuate Collection Set: 0.1ms
[2025-08-01T02:35:14.982+0000] GC(430)   Evacuate Collection Set: 50.8ms
[2025-08-01T02:35:14.982+0000] GC(430)   Post Evacuate Collection Set: 0.5ms
[2025-08-01T02:35:14.982+0000] GC(430)   Other: 0.3ms
[2025-08-01T02:35:14.982+0000] GC(430) Eden regions: 141->0(101)
[2025-08-01T02:35:14.983+0000] GC(430) Survivor regions: 31->22(22)
[2025-08-01T02:35:14.983+0000] GC(430) Old regions: 1371->1501
[2025-08-01T02:35:14.983+0000] GC(430) Humongous regions: 0->0
[2025-08-01T02:35:14.983+0000] GC(430) Metaspace: 9706K(12544K)->9706K(12544K) NonClass: 8540K(11008K)->8540K(11008K) Class: 1166K(1536K)->1166K(1536K)
[2025-08-01T02:35:14.983+0000] GC(430) Pause Young (Normal) (G1 Evacuation Pause) 3082M->3043M(4096M) 51.925ms
[2025-08-01T02:35:14.983+0000] GC(430) User=0.40s Sys=0.00s Real=0.05s
[2025-08-01T02:35:15.002+0000] GC(431) Pause Young (Normal) (G1 Evacuation Pause)
[2025-08-01T02:35:15.002+0000] GC(431) Using 8 workers of 8 for evacuation
[2025-08-01T02:35:15.035+0000] GC(431)   Pre Evacuate Collection Set: 0.1ms
[2025-08-01T02:35:15.036+0000] GC(431)   Evacuate Collection Set: 32.7ms
[2025-08-01T02:35:15.036+0000] GC(431)   Post Evacuate Collection Set: 0.7ms
[2025-08-01T02:35:15.036+0000] GC(431)   Other: 0.4ms
[2025-08-01T02:35:15.036+0000] GC(431) Eden regions: 101->0(86)
[2025-08-01T02:35:15.036+0000] GC(431) Survivor regions: 22->16(16)
[2025-08-01T02:35:15.036+0000] GC(431) Old regions: 1501->1587
[2025-08-01T02:35:15.036+0000] GC(431) Humongous regions: 0->0
[2025-08-01T02:35:15.036+0000] GC(431) Metaspace: 9706K(12544K)->9706K(12544K) NonClass: 8540K(11008K)->8540K(11008K) Class: 1166K(1536K)->1166K(1536K)
[2025-08-01T02:35:15.036+0000] GC(431) Pause Young (Normal) (G1 Evacuation Pause) 3245M->3203M(4096M) 33.977ms
[2025-08-01T02:35:15.036+0000] GC(431) User=0.26s Sys=0.01s Real=0.04s
[2025-08-01T02:35:15.070+0000] GC(432) Pause Young (Normal) (G1 Evacuation Pause)
[2025-08-01T02:35:15.070+0000] GC(432) Using 8 workers of 8 for evacuation
[2025-08-01T02:35:15.103+0000] GC(432)   Pre Evacuate Collection Set: 0.1ms
[2025-08-01T02:35:15.103+0000] GC(432)   Evacuate Collection Set: 31.7ms
[2025-08-01T02:35:15.103+0000] GC(432)   Post Evacuate Collection Set: 0.7ms
[2025-08-01T02:35:15.103+0000] GC(432)   Other: 0.4ms
[2025-08-01T02:35:15.103+0000] GC(432) Eden regions: 86->0(89)
[2025-08-01T02:35:15.103+0000] GC(432) Survivor regions: 16->13(13)
[2025-08-01T02:35:15.103+0000] GC(432) Old regions: 1587->1666
[2025-08-01T02:35:15.103+0000] GC(432) Humongous regions: 0->0
[2025-08-01T02:35:15.103+0000] GC(432) Metaspace: 9706K(12544K)->9706K(12544K) NonClass: 8540K(11008K)->8540K(11008K) Class: 1166K(1536K)->1166K(1536K)
[2025-08-01T02:35:15.103+0000] GC(432) Pause Young (Normal) (G1 Evacuation Pause) 3375M->3355M(4096M) 32.914ms
[2025-08-01T02:35:15.103+0000] GC(432) User=0.24s Sys=0.00s Real=0.04s
[2025-08-01T02:35:15.124+0000] GC(433) Pause Young (Normal) (G1 Evacuation Pause)
[2025-08-01T02:35:15.124+0000] GC(433) Using 8 workers of 8 for evacuation
[2025-08-01T02:35:15.154+0000] GC(433)   Pre Evacuate Collection Set: 0.1ms
[2025-08-01T02:35:15.154+0000] GC(433)   Evacuate Collection Set: 28.8ms
[2025-08-01T02:35:15.154+0000] GC(433)   Post Evacuate Collection Set: 0.7ms
[2025-08-01T02:35:15.154+0000] GC(433)   Other: 0.3ms
[2025-08-01T02:35:15.154+0000] GC(433) Eden regions: 89->0(89)
[2025-08-01T02:35:15.154+0000] GC(433) Survivor regions: 13->13(13)
[2025-08-01T02:35:15.154+0000] GC(433) Old regions: 1666->1738
[2025-08-01T02:35:15.154+0000] GC(433) Humongous regions: 0->0
[2025-08-01T02:35:15.154+0000] GC(433) Metaspace: 9706K(12544K)->9706K(12544K) NonClass: 8540K(11008K)->8540K(11008K) Class: 1166K(1536K)->1166K(1536K)
[2025-08-01T02:35:15.154+0000] GC(433) Pause Young (Normal) (G1 Evacuation Pause) 3533M->3498M(4096M) 30.015ms
[2025-08-01T02:35:15.154+0000] GC(433) User=0.21s Sys=0.00s Real=0.03s
[2025-08-01T02:35:15.177+0000] GC(434) Pause Young (Normal) (G1 Evacuation Pause)
[2025-08-01T02:35:15.177+0000] GC(434) Using 8 workers of 8 for evacuation
[2025-08-01T02:35:15.220+0000] GC(434)   Pre Evacuate Collection Set: 0.1ms
[2025-08-01T02:35:15.220+0000] GC(434)   Evacuate Collection Set: 42.0ms
[2025-08-01T02:35:15.220+0000] GC(434)   Post Evacuate Collection Set: 0.6ms
[2025-08-01T02:35:15.220+0000] GC(434)   Other: 0.3ms
[2025-08-01T02:35:15.220+0000] GC(434) Eden regions: 89->0(89)
[2025-08-01T02:35:15.220+0000] GC(434) Survivor regions: 13->13(13)
[2025-08-01T02:35:15.220+0000] GC(434) Old regions: 1738->1828
[2025-08-01T02:35:15.220+0000] GC(434) Humongous regions: 0->0
[2025-08-01T02:35:15.220+0000] GC(434) Metaspace: 9706K(12544K)->9706K(12544K) NonClass: 8540K(11008K)->8540K(11008K) Class: 1166K(1536K)->1166K(1536K)
[2025-08-01T02:35:15.220+0000] GC(434) Pause Young (Normal) (G1 Evacuation Pause) 3676M->3679M(4096M) 43.145ms
[2025-08-01T02:35:15.220+0000] GC(434) User=0.29s Sys=0.00s Real=0.04s
[2025-08-01T02:35:15.239+0000] GC(435) Pause Young (Normal) (G1 Evacuation Pause)
[2025-08-01T02:35:15.239+0000] GC(435) Using 8 workers of 8 for evacuation
[2025-08-01T02:35:15.278+0000] GC(435)   Pre Evacuate Collection Set: 0.1ms
[2025-08-01T02:35:15.279+0000] GC(435)   Evacuate Collection Set: 38.0ms
[2025-08-01T02:35:15.279+0000] GC(435)   Post Evacuate Collection Set: 0.8ms
[2025-08-01T02:35:15.279+0000] GC(435)   Other: 0.2ms
[2025-08-01T02:35:15.279+0000] GC(435) Eden regions: 89->0(89)
[2025-08-01T02:35:15.279+0000] GC(435) Survivor regions: 13->13(13)
[2025-08-01T02:35:15.279+0000] GC(435) Old regions: 1828->1919
[2025-08-01T02:35:15.279+0000] GC(435) Humongous regions: 0->0
[2025-08-01T02:35:15.279+0000] GC(435) Metaspace: 9706K(12544K)->9706K(12544K) NonClass: 8540K(11008K)->8540K(11008K) Class: 1166K(1536K)->1166K(1536K)
[2025-08-01T02:35:15.279+0000] GC(435) Pause Young (Normal) (G1 Evacuation Pause) 3857M->3860M(4096M) 39.339ms
[2025-08-01T02:35:15.279+0000] GC(435) User=0.28s Sys=0.00s Real=0.04s
[2025-08-01T02:35:15.298+0000] GC(436) Pause Young (Normal) (G1 Evacuation Pause)
[2025-08-01T02:35:15.298+0000] GC(436) Using 8 workers of 8 for evacuation
[2025-08-01T02:35:15.342+0000] GC(436) To-space exhausted
[2025-08-01T02:35:15.342+0000] GC(436)   Pre Evacuate Collection Set: 0.1ms
[2025-08-01T02:35:15.342+0000] GC(436)   Evacuate Collection Set: 32.6ms
[2025-08-01T02:35:15.342+0000] GC(436)   Post Evacuate Collection Set: 10.6ms
[2025-08-01T02:35:15.342+0000] GC(436)   Other: 0.4ms
[2025-08-01T02:35:15.342+0000] GC(436) Eden regions: 89->0(89)
[2025-08-01T02:35:15.342+0000] GC(436) Survivor regions: 13->13(13)
[2025-08-01T02:35:15.342+0000] GC(436) Old regions: 1919->2019
[2025-08-01T02:35:15.342+0000] GC(436) Humongous regions: 0->0
[2025-08-01T02:35:15.342+0000] GC(436) Metaspace: 9706K(12544K)->9706K(12544K) NonClass: 8540K(11008K)->8540K(11008K) Class: 1166K(1536K)->1166K(1536K)
[2025-08-01T02:35:15.342+0000] GC(436) Pause Young (Normal) (G1 Evacuation Pause) 4038M->4061M(4096M) 43.814ms
[2025-08-01T02:35:15.342+0000] GC(436) User=0.32s Sys=0.00s Real=0.04s
[2025-08-01T02:35:15.345+0000] GC(437) Pause Young (Normal) (G1 Evacuation Pause)
[2025-08-01T02:35:15.346+0000] GC(437) Using 8 workers of 8 for evacuation
[2025-08-01T02:35:15.355+0000] GC(437) To-space exhausted
[2025-08-01T02:35:15.355+0000] GC(437)   Pre Evacuate Collection Set: 0.1ms
[2025-08-01T02:35:15.355+0000] GC(437)   Evacuate Collection Set: 5.6ms
[2025-08-01T02:35:15.355+0000] GC(437)   Post Evacuate Collection Set: 3.8ms
[2025-08-01T02:35:15.355+0000] GC(437)   Other: 0.3ms
[2025-08-01T02:35:15.355+0000] GC(437) Eden regions: 16->0(102)
[2025-08-01T02:35:15.355+0000] GC(437) Survivor regions: 13->0(13)
[2025-08-01T02:35:15.355+0000] GC(437) Old regions: 2019->2048
[2025-08-01T02:35:15.355+0000] GC(437) Humongous regions: 0->0
[2025-08-01T02:35:15.355+0000] GC(437) Metaspace: 9706K(12544K)->9706K(12544K) NonClass: 8540K(11008K)->8540K(11008K) Class: 1166K(1536K)->1166K(1536K)
[2025-08-01T02:35:15.355+0000] GC(437) Pause Young (Normal) (G1 Evacuation Pause) 4093M->4093M(4096M) 9.819ms
[2025-08-01T02:35:15.355+0000] GC(437) User=0.06s Sys=0.00s Real=0.01s
[2025-08-01T02:35:15.355+0000] GC(438) Using 8 workers of 8 for full compaction
[2025-08-01T02:35:15.355+0000] GC(438) Pause Full (G1 Evacuation Pause)
[2025-08-01T02:35:15.361+0000] GC(438) Phase 1: Mark live objects
[2025-08-01T02:35:15.397+0000] GC(438) Cleaned string and symbol table, strings: 2833 processed, 0 removed, symbols: 23489 processed, 0 removed
[2025-08-01T02:35:15.397+0000] GC(438) Phase 1: Mark live objects 36.466ms
[2025-08-01T02:35:15.397+0000] GC(438) Phase 2: Prepare for compaction
[2025-08-01T02:35:15.441+0000] GC(438) Phase 2: Prepare for compaction 43.388ms
[2025-08-01T02:35:15.441+0000] GC(438) Phase 3: Adjust pointers
[2025-08-01T02:35:15.484+0000] GC(438) Phase 3: Adjust pointers 43.741ms
[2025-08-01T02:35:15.484+0000] GC(438) Phase 4: Compact heap
[2025-08-01T02:35:15.620+0000] GC(438) Phase 4: Compact heap 135.145ms
[2025-08-01T02:35:15.622+0000] GC(438) Eden regions: 0->0(474)
[2025-08-01T02:35:15.622+0000] GC(438) Survivor regions: 0->0(13)
[2025-08-01T02:35:15.622+0000] GC(438) Old regions: 2048->460
[2025-08-01T02:35:15.622+0000] GC(438) Humongous regions: 0->0
[2025-08-01T02:35:15.622+0000] GC(438) Metaspace: 9706K(12544K)->9706K(12544K) NonClass: 8540K(11008K)->8540K(11008K) Class: 1166K(1536K)->1166K(1536K)
[2025-08-01T02:35:15.622+0000] GC(438) Pause Full (G1 Evacuation Pause) 4093M->910M(4096M) 266.888ms
[2025-08-01T02:35:15.622+0000] GC(438) User=1.97s Sys=0.01s Real=0.26s
[2025-08-01T02:35:15.623+0000] GC(429) Concurrent Mark From Roots 759.433ms
[2025-08-01T02:35:15.623+0000] GC(429) Concurrent Mark Abort
[2025-08-01T02:35:15.623+0000] GC(429) Concurrent Cycle 767.543ms
[2025-08-01T02:35:15.839+0000] GC(439) Pause Young (Normal) (G1 Evacuation Pause)
[2025-08-01T02:35:15.839+0000] GC(439) Using 8 workers of 8 for evacuation
[2025-08-01T02:35:15.937+0000] GC(439)   Pre Evacuate Collection Set: 0.1ms
[2025-08-01T02:35:15.937+0000] GC(439)   Evacuate Collection Set: 95.9ms
[2025-08-01T02:35:15.937+0000] GC(439)   Post Evacuate Collection Set: 1.2ms
[2025-08-01T02:35:15.937+0000] GC(439)   Other: 0.6ms
[2025-08-01T02:35:15.937+0000] GC(439) Eden regions: 474->0(454)
[2025-08-01T02:35:15.937+0000] GC(439) Survivor regions: 0->60(60)
[2025-08-01T02:35:15.937+0000] GC(439) Old regions: 460->559
[2025-08-01T02:35:15.937+0000] GC(439) Humongous regions: 0->0
[2025-08-01T02:35:15.937+0000] GC(439) Metaspace: 9706K(12544K)->9706K(12544K) NonClass: 8540K(11008K)->8540K(11008K) Class: 1166K(1536K)->1166K(1536K)
[2025-08-01T02:35:15.937+0000] GC(439) Pause Young (Normal) (G1 Evacuation Pause) 1858M->1228M(4096M) 98.008ms
[2025-08-01T02:35:15.937+0000] GC(439) User=0.73s Sys=0.02s Real=0.10s
[2025-08-01T02:35:16.124+0000] GC(440) Pause Young (Concurrent Start) (G1 Evacuation Pause)
[2025-08-01T02:35:16.124+0000] GC(440) Using 8 workers of 8 for evacuation
[2025-08-01T02:35:16.339+0000] GC(440) MMU target violated: 201.0ms (200.0ms/201.0ms)
[2025-08-01T02:35:16.339+0000] GC(440)   Pre Evacuate Collection Set: 0.2ms
[2025-08-01T02:35:16.339+0000] GC(440)   Evacuate Collection Set: 212.7ms
[2025-08-01T02:35:16.339+0000] GC(440)   Post Evacuate Collection Set: 1.0ms
[2025-08-01T02:35:16.339+0000] GC(440)   Other: 0.6ms
[2025-08-01T02:35:16.339+0000] GC(440) Eden regions: 454->0(280)
[2025-08-01T02:35:16.339+0000] GC(440) Survivor regions: 60->65(65)
[2025-08-01T02:35:16.339+0000] GC(440) Old regions: 559->946
[2025-08-01T02:35:16.339+0000] GC(440) Humongous regions: 0->0
[2025-08-01T02:35:16.339+0000] GC(440) Metaspace: 9706K(12544K)->9706K(12544K) NonClass: 8540K(11008K)->8540K(11008K) Class: 1166K(1536K)->1166K(1536K)
[2025-08-01T02:35:16.339+0000] GC(440) Pause Young (Concurrent Start) (G1 Evacuation Pause) 2136M->2012M(4096M) 214.719ms
[2025-08-01T02:35:16.339+0000] GC(440) User=1.55s Sys=0.07s Real=0.21s
[2025-08-01T02:35:16.339+0000] GC(441) Concurrent Cycle
[2025-08-01T02:35:16.339+0000] GC(441) Concurrent Clear Claimed Marks
[2025-08-01T02:35:16.339+0000] GC(441) Concurrent Clear Claimed Marks 0.067ms
[2025-08-01T02:35:16.339+0000] GC(441) Concurrent Scan Root Regions
[2025-08-01T02:35:16.354+0000] GC(441) Concurrent Scan Root Regions 14.911ms
[2025-08-01T02:35:16.354+0000] GC(441) Concurrent Mark (55.350s)
[2025-08-01T02:35:16.354+0000] GC(441) Concurrent Mark From Roots
[2025-08-01T02:35:16.354+0000] GC(441) Using 2 workers of 2 for marking
[2025-08-01T02:35:16.485+0000] GC(442) Pause Young (Normal) (G1 Evacuation Pause)
[2025-08-01T02:35:16.485+0000] GC(442) Using 8 workers of 8 for evacuation
[2025-08-01T02:35:16.579+0000] GC(442)   Pre Evacuate Collection Set: 0.1ms
[2025-08-01T02:35:16.579+0000] GC(442)   Evacuate Collection Set: 91.8ms
[2025-08-01T02:35:16.579+0000] GC(442)   Post Evacuate Collection Set: 1.1ms
[2025-08-01T02:35:16.579+0000] GC(442)   Other: 0.3ms
[2025-08-01T02:35:16.579+0000] GC(442) Eden regions: 280->0(207)
[2025-08-01T02:35:16.579+0000] GC(442) Survivor regions: 65->44(44)
[2025-08-01T02:35:16.579+0000] GC(442) Old regions: 946->1182
[2025-08-01T02:35:16.579+0000] GC(442) Humongous regions: 0->0
[2025-08-01T02:35:16.579+0000] GC(442) Metaspace: 9706K(12544K)->9706K(12544K) NonClass: 8540K(11008K)->8540K(11008K) Class: 1166K(1536K)->1166K(1536K)
[2025-08-01T02:35:16.579+0000] GC(442) Pause Young (Normal) (G1 Evacuation Pause) 2572M->2442M(4096M) 93.400ms
[2025-08-01T02:35:16.579+0000] GC(442) User=0.72s Sys=0.01s Real=0.09s
[2025-08-01T02:35:16.615+0000] GC(441) Concurrent Mark From Roots 260.317ms
[2025-08-01T02:35:16.615+0000] GC(441) Concurrent Preclean
[2025-08-01T02:35:16.615+0000] GC(441) Concurrent Preclean 0.302ms
[2025-08-01T02:35:16.615+0000] GC(441) Concurrent Mark (55.350s, 55.611s) 260.786ms
[2025-08-01T02:35:16.616+0000] GC(441) Pause Remark
[2025-08-01T02:35:16.619+0000] GC(441) Cleaned string and symbol table, strings: 2833 processed, 0 removed, symbols: 23489 processed, 0 removed
[2025-08-01T02:35:16.620+0000] GC(441) Pause Remark 2747M->1806M(4096M) 4.346ms
[2025-08-01T02:35:16.620+0000] GC(441) User=0.02s Sys=0.01s Real=0.00s
[2025-08-01T02:35:16.620+0000] GC(441) Concurrent Rebuild Remembered Sets
[2025-08-01T02:35:16.664+0000] GC(443) Pause Young (Normal) (G1 Evacuation Pause)
[2025-08-01T02:35:16.664+0000] GC(443) Using 8 workers of 8 for evacuation
[2025-08-01T02:35:16.717+0000] GC(443)   Pre Evacuate Collection Set: 0.1ms
[2025-08-01T02:35:16.717+0000] GC(443)   Evacuate Collection Set: 51.4ms
[2025-08-01T02:35:16.717+0000] GC(443)   Post Evacuate Collection Set: 1.1ms
[2025-08-01T02:35:16.717+0000] GC(443)   Other: 0.3ms
[2025-08-01T02:35:16.717+0000] GC(443) Eden regions: 207->0(341)
[2025-08-01T02:35:16.717+0000] GC(443) Survivor regions: 44->32(32)
[2025-08-01T02:35:16.717+0000] GC(443) Old regions: 708->822
[2025-08-01T02:35:16.717+0000] GC(443) Humongous regions: 0->0
[2025-08-01T02:35:16.717+0000] GC(443) Metaspace: 9706K(12544K)->9706K(12544K) NonClass: 8540K(11008K)->8540K(11008K) Class: 1166K(1536K)->1166K(1536K)
[2025-08-01T02:35:16.717+0000] GC(443) Pause Young (Normal) (G1 Evacuation Pause) 1915M->1705M(4096M) 53.112ms
[2025-08-01T02:35:16.717+0000] GC(443) User=0.40s Sys=0.01s Real=0.05s
[2025-08-01T02:35:16.881+0000] GC(444) Pause Young (Normal) (G1 Evacuation Pause)
[2025-08-01T02:35:16.881+0000] GC(444) Using 8 workers of 8 for evacuation
[2025-08-01T02:35:16.988+0000] GC(444)   Pre Evacuate Collection Set: 0.1ms
[2025-08-01T02:35:16.988+0000] GC(444)   Evacuate Collection Set: 106.6ms
[2025-08-01T02:35:16.988+0000] GC(444)   Post Evacuate Collection Set: 0.9ms
[2025-08-01T02:35:16.988+0000] GC(444)   Other: 0.2ms
[2025-08-01T02:35:16.988+0000] GC(444) Eden regions: 341->0(223)
[2025-08-01T02:35:16.988+0000] GC(444) Survivor regions: 32->47(47)
[2025-08-01T02:35:16.988+0000] GC(444) Old regions: 822->1118
[2025-08-01T02:35:16.988+0000] GC(444) Humongous regions: 0->0
[2025-08-01T02:35:16.989+0000] GC(444) Metaspace: 9706K(12544K)->9706K(12544K) NonClass: 8540K(11008K)->8540K(11008K) Class: 1166K(1536K)->1166K(1536K)
[2025-08-01T02:35:16.989+0000] GC(444) Pause Young (Normal) (G1 Evacuation Pause) 2387M->2326M(4096M) 108.019ms
[2025-08-01T02:35:16.989+0000] GC(444) User=0.84s Sys=0.00s Real=0.11s
[2025-08-01T02:35:17.012+0000] GC(441) Concurrent Rebuild Remembered Sets 391.843ms
[2025-08-01T02:35:17.012+0000] GC(441) Pause Cleanup
[2025-08-01T02:35:17.013+0000] GC(441) Pause Cleanup 2584M->2584M(4096M) 0.832ms
[2025-08-01T02:35:17.013+0000] GC(441) User=0.00s Sys=0.00s Real=0.01s
[2025-08-01T02:35:17.013+0000] GC(441) Concurrent Cleanup for Next Mark
[2025-08-01T02:35:17.023+0000] GC(441) Concurrent Cleanup for Next Mark 9.566ms
[2025-08-01T02:35:17.023+0000] GC(441) Concurrent Cycle 683.811ms
[2025-08-01T02:35:17.076+0000] GC(445) Pause Young (Normal) (G1 Evacuation Pause)
[2025-08-01T02:35:17.076+0000] GC(445) Using 8 workers of 8 for evacuation
[2025-08-01T02:35:17.174+0000] GC(445)   Pre Evacuate Collection Set: 0.1ms
[2025-08-01T02:35:17.174+0000] GC(445)   Evacuate Collection Set: 97.0ms
[2025-08-01T02:35:17.174+0000] GC(445)   Post Evacuate Collection Set: 0.7ms
[2025-08-01T02:35:17.174+0000] GC(445)   Other: 0.4ms
[2025-08-01T02:35:17.174+0000] GC(445) Eden regions: 223->0(144)
[2025-08-01T02:35:17.174+0000] GC(445) Survivor regions: 47->34(34)
[2025-08-01T02:35:17.174+0000] GC(445) Old regions: 1118->1356
[2025-08-01T02:35:17.174+0000] GC(445) Humongous regions: 0->0
[2025-08-01T02:35:17.174+0000] GC(445) Metaspace: 9706K(12544K)->9706K(12544K) NonClass: 8540K(11008K)->8540K(11008K) Class: 1166K(1536K)->1166K(1536K)
[2025-08-01T02:35:17.174+0000] GC(445) Pause Young (Normal) (G1 Evacuation Pause) 2772M->2776M(4096M) 98.459ms
[2025-08-01T02:35:17.174+0000] GC(445) User=0.76s Sys=0.01s Real=0.10s
[2025-08-01T02:35:17.245+0000] GC(446) Pause Young (Concurrent Start) (G1 Evacuation Pause)
[2025-08-01T02:35:17.246+0000] GC(446) Using 8 workers of 8 for evacuation
[2025-08-01T02:35:17.306+0000] GC(446)   Pre Evacuate Collection Set: 0.2ms
[2025-08-01T02:35:17.306+0000] GC(446)   Evacuate Collection Set: 58.7ms
[2025-08-01T02:35:17.306+0000] GC(446)   Post Evacuate Collection Set: 0.7ms
[2025-08-01T02:35:17.306+0000] GC(446)   Other: 0.6ms
[2025-08-01T02:35:17.306+0000] GC(446) Eden regions: 144->0(115)
[2025-08-01T02:35:17.306+0000] GC(446) Survivor regions: 34->23(23)
[2025-08-01T02:35:17.306+0000] GC(446) Old regions: 1356->1468
[2025-08-01T02:35:17.306+0000] GC(446) Humongous regions: 0->0
[2025-08-01T02:35:17.306+0000] GC(446) Metaspace: 9706K(12544K)->9706K(12544K) NonClass: 8540K(11008K)->8540K(11008K) Class: 1166K(1536K)->1166K(1536K)
[2025-08-01T02:35:17.306+0000] GC(446) Pause Young (Concurrent Start) (G1 Evacuation Pause) 3064M->2979M(4096M) 60.318ms
[2025-08-01T02:35:17.306+0000] GC(446) User=0.43s Sys=0.02s Real=0.06s
[2025-08-01T02:35:17.306+0000] GC(447) Concurrent Cycle
[2025-08-01T02:35:17.306+0000] GC(447) Concurrent Clear Claimed Marks
[2025-08-01T02:35:17.310+0000] GC(447) Concurrent Clear Claimed Marks 0.060ms
[2025-08-01T02:35:17.310+0000] GC(447) Concurrent Scan Root Regions
[2025-08-01T02:35:17.317+0000] GC(447) Concurrent Scan Root Regions 7.281ms
[2025-08-01T02:35:17.317+0000] GC(447) Concurrent Mark (56.313s)
[2025-08-01T02:35:17.317+0000] GC(447) Concurrent Mark From Roots
[2025-08-01T02:35:17.317+0000] GC(447) Using 2 workers of 2 for marking
[2025-08-01T02:35:17.330+0000] GC(448) Pause Young (Normal) (G1 Evacuation Pause)
[2025-08-01T02:35:17.331+0000] GC(448) Using 8 workers of 8 for evacuation
[2025-08-01T02:35:17.374+0000] GC(448)   Pre Evacuate Collection Set: 0.1ms
[2025-08-01T02:35:17.374+0000] GC(448)   Evacuate Collection Set: 42.4ms
[2025-08-01T02:35:17.374+0000] GC(448)   Post Evacuate Collection Set: 0.9ms
[2025-08-01T02:35:17.374+0000] GC(448)   Other: 0.3ms
[2025-08-01T02:35:17.374+0000] GC(448) Eden regions: 115->0(89)
[2025-08-01T02:35:17.374+0000] GC(448) Survivor regions: 23->18(18)
[2025-08-01T02:35:17.374+0000] GC(448) Old regions: 1468->1557
[2025-08-01T02:35:17.374+0000] GC(448) Humongous regions: 0->0
[2025-08-01T02:35:17.374+0000] GC(448) Metaspace: 9706K(12544K)->9706K(12544K) NonClass: 8540K(11008K)->8540K(11008K) Class: 1166K(1536K)->1166K(1536K)
[2025-08-01T02:35:17.375+0000] GC(448) Pause Young (Normal) (G1 Evacuation Pause) 3209M->3147M(4096M) 44.085ms
[2025-08-01T02:35:17.375+0000] GC(448) User=0.30s Sys=0.01s Real=0.05s
[2025-08-01T02:35:17.396+0000] GC(449) Pause Young (Normal) (G1 Evacuation Pause)
[2025-08-01T02:35:17.396+0000] GC(449) Using 8 workers of 8 for evacuation
[2025-08-01T02:35:17.437+0000] GC(449)   Pre Evacuate Collection Set: 0.1ms
[2025-08-01T02:35:17.437+0000] GC(449)   Evacuate Collection Set: 39.6ms
[2025-08-01T02:35:17.437+0000] GC(449)   Post Evacuate Collection Set: 0.7ms
[2025-08-01T02:35:17.437+0000] GC(449)   Other: 0.3ms
[2025-08-01T02:35:17.437+0000] GC(449) Eden regions: 89->0(88)
[2025-08-01T02:35:17.437+0000] GC(449) Survivor regions: 18->14(14)
[2025-08-01T02:35:17.437+0000] GC(449) Old regions: 1557->1639
[2025-08-01T02:35:17.437+0000] GC(449) Humongous regions: 0->0
[2025-08-01T02:35:17.437+0000] GC(449) Metaspace: 9706K(12544K)->9706K(12544K) NonClass: 8540K(11008K)->8540K(11008K) Class: 1166K(1536K)->1166K(1536K)
[2025-08-01T02:35:17.437+0000] GC(449) Pause Young (Normal) (G1 Evacuation Pause) 3325M->3302M(4096M) 40.911ms
[2025-08-01T02:35:17.437+0000] GC(449) User=0.30s Sys=0.01s Real=0.04s
[2025-08-01T02:35:17.458+0000] GC(450) Pause Young (Normal) (G1 Evacuation Pause)
[2025-08-01T02:35:17.458+0000] GC(450) Using 8 workers of 8 for evacuation
[2025-08-01T02:35:17.496+0000] GC(450)   Pre Evacuate Collection Set: 0.1ms
[2025-08-01T02:35:17.496+0000] GC(450)   Evacuate Collection Set: 36.9ms
[2025-08-01T02:35:17.496+0000] GC(450)   Post Evacuate Collection Set: 0.6ms
[2025-08-01T02:35:17.496+0000] GC(450)   Other: 0.3ms
[2025-08-01T02:35:17.496+0000] GC(450) Eden regions: 88->0(89)
[2025-08-01T02:35:17.496+0000] GC(450) Survivor regions: 14->13(13)
[2025-08-01T02:35:17.496+0000] GC(450) Old regions: 1639->1712
[2025-08-01T02:35:17.496+0000] GC(450) Humongous regions: 0->0
[2025-08-01T02:35:17.496+0000] GC(450) Metaspace: 9706K(12544K)->9706K(12544K) NonClass: 8540K(11008K)->8540K(11008K) Class: 1166K(1536K)->1166K(1536K)
[2025-08-01T02:35:17.496+0000] GC(450) Pause Young (Normal) (G1 Evacuation Pause) 3478M->3447M(4096M) 38.067ms
[2025-08-01T02:35:17.496+0000] GC(450) User=0.28s Sys=0.01s Real=0.04s
[2025-08-01T02:35:17.516+0000] GC(451) Pause Young (Normal) (G1 Evacuation Pause)
[2025-08-01T02:35:17.516+0000] GC(451) Using 8 workers of 8 for evacuation
[2025-08-01T02:35:17.547+0000] GC(451)   Pre Evacuate Collection Set: 0.1ms
[2025-08-01T02:35:17.547+0000] GC(451)   Evacuate Collection Set: 29.6ms
[2025-08-01T02:35:17.547+0000] GC(451)   Post Evacuate Collection Set: 0.7ms
[2025-08-01T02:35:17.547+0000] GC(451)   Other: 0.3ms
[2025-08-01T02:35:17.547+0000] GC(451) Eden regions: 89->0(89)
[2025-08-01T02:35:17.547+0000] GC(451) Survivor regions: 13->13(13)
[2025-08-01T02:35:17.547+0000] GC(451) Old regions: 1712->1803
[2025-08-01T02:35:17.547+0000] GC(451) Humongous regions: 0->0
[2025-08-01T02:35:17.547+0000] GC(451) Metaspace: 9706K(12544K)->9706K(12544K) NonClass: 8540K(11008K)->8540K(11008K) Class: 1166K(1536K)->1166K(1536K)
[2025-08-01T02:35:17.547+0000] GC(451) Pause Young (Normal) (G1 Evacuation Pause) 3625M->3629M(4096M) 30.955ms
[2025-08-01T02:35:17.547+0000] GC(451) User=0.23s Sys=0.00s Real=0.03s
[2025-08-01T02:35:17.572+0000] GC(452) Pause Young (Normal) (G1 Evacuation Pause)
[2025-08-01T02:35:17.572+0000] GC(452) Using 8 workers of 8 for evacuation
[2025-08-01T02:35:17.601+0000] GC(452)   Pre Evacuate Collection Set: 0.1ms
[2025-08-01T02:35:17.601+0000] GC(452)   Evacuate Collection Set: 28.4ms
[2025-08-01T02:35:17.601+0000] GC(452)   Post Evacuate Collection Set: 0.6ms
[2025-08-01T02:35:17.601+0000] GC(452)   Other: 0.3ms
[2025-08-01T02:35:17.601+0000] GC(452) Eden regions: 89->0(89)
[2025-08-01T02:35:17.601+0000] GC(452) Survivor regions: 13->13(13)
[2025-08-01T02:35:17.601+0000] GC(452) Old regions: 1803->1894
[2025-08-01T02:35:17.601+0000] GC(452) Humongous regions: 0->0
[2025-08-01T02:35:17.601+0000] GC(452) Metaspace: 9706K(12544K)->9706K(12544K) NonClass: 8540K(11008K)->8540K(11008K) Class: 1166K(1536K)->1166K(1536K)
[2025-08-01T02:35:17.601+0000] GC(452) Pause Young (Normal) (G1 Evacuation Pause) 3807M->3810M(4096M) 29.495ms
[2025-08-01T02:35:17.602+0000] GC(452) User=0.23s Sys=0.00s Real=0.03s
[2025-08-01T02:35:17.621+0000] GC(453) Pause Young (Normal) (G1 Evacuation Pause)
[2025-08-01T02:35:17.621+0000] GC(453) Using 8 workers of 8 for evacuation
[2025-08-01T02:35:17.658+0000] GC(453) To-space exhausted
[2025-08-01T02:35:17.658+0000] GC(453)   Pre Evacuate Collection Set: 0.1ms
[2025-08-01T02:35:17.658+0000] GC(453)   Evacuate Collection Set: 27.8ms
[2025-08-01T02:35:17.658+0000] GC(453)   Post Evacuate Collection Set: 8.7ms
[2025-08-01T02:35:17.658+0000] GC(453)   Other: 0.4ms
[2025-08-01T02:35:17.658+0000] GC(453) Eden regions: 89->0(89)
[2025-08-01T02:35:17.658+0000] GC(453) Survivor regions: 13->13(13)
[2025-08-01T02:35:17.658+0000] GC(453) Old regions: 1894->2005
[2025-08-01T02:35:17.658+0000] GC(453) Humongous regions: 0->0
[2025-08-01T02:35:17.658+0000] GC(453) Metaspace: 9706K(12544K)->9706K(12544K) NonClass: 8540K(11008K)->8540K(11008K) Class: 1166K(1536K)->1166K(1536K)
[2025-08-01T02:35:17.658+0000] GC(453) Pause Young (Normal) (G1 Evacuation Pause) 3988M->4033M(4096M) 37.029ms
[2025-08-01T02:35:17.658+0000] GC(453) User=0.25s Sys=0.00s Real=0.04s
[2025-08-01T02:35:17.666+0000] GC(454) Pause Young (Normal) (G1 Evacuation Pause)
[2025-08-01T02:35:17.666+0000] GC(454) Using 8 workers of 8 for evacuation
[2025-08-01T02:35:17.685+0000] GC(454) To-space exhausted
[2025-08-01T02:35:17.685+0000] GC(454)   Pre Evacuate Collection Set: 0.1ms
[2025-08-01T02:35:17.685+0000] GC(454)   Evacuate Collection Set: 12.3ms
[2025-08-01T02:35:17.685+0000] GC(454)   Post Evacuate Collection Set: 7.0ms
[2025-08-01T02:35:17.685+0000] GC(454)   Other: 0.4ms
[2025-08-01T02:35:17.685+0000] GC(454) Eden regions: 30->0(102)
[2025-08-01T02:35:17.685+0000] GC(454) Survivor regions: 13->0(13)
[2025-08-01T02:35:17.685+0000] GC(454) Old regions: 2005->2048
[2025-08-01T02:35:17.685+0000] GC(454) Humongous regions: 0->0
[2025-08-01T02:35:17.685+0000] GC(454) Metaspace: 9706K(12544K)->9706K(12544K) NonClass: 8540K(11008K)->8540K(11008K) Class: 1166K(1536K)->1166K(1536K)
[2025-08-01T02:35:17.685+0000] GC(454) Pause Young (Normal) (G1 Evacuation Pause) 4093M->4093M(4096M) 19.894ms
[2025-08-01T02:35:17.685+0000] GC(454) User=0.13s Sys=0.00s Real=0.02s
[2025-08-01T02:35:17.686+0000] GC(455) Using 8 workers of 8 for full compaction
[2025-08-01T02:35:17.686+0000] GC(455) Pause Full (G1 Evacuation Pause)
[2025-08-01T02:35:17.690+0000] GC(455) Phase 1: Mark live objects
[2025-08-01T02:35:17.733+0000] GC(455) Cleaned string and symbol table, strings: 2833 processed, 0 removed, symbols: 23489 processed, 0 removed
[2025-08-01T02:35:17.733+0000] GC(455) Phase 1: Mark live objects 42.761ms
[2025-08-01T02:35:17.733+0000] GC(455) Phase 2: Prepare for compaction
[2025-08-01T02:35:17.773+0000] GC(455) Phase 2: Prepare for compaction 40.078ms
[2025-08-01T02:35:17.773+0000] GC(455) Phase 3: Adjust pointers
[2025-08-01T02:35:17.811+0000] GC(455) Phase 3: Adjust pointers 37.875ms
[2025-08-01T02:35:17.811+0000] GC(455) Phase 4: Compact heap
[2025-08-01T02:35:17.942+0000] GC(455) Phase 4: Compact heap 130.765ms
[2025-08-01T02:35:17.944+0000] GC(455) Eden regions: 0->0(453)
[2025-08-01T02:35:17.944+0000] GC(455) Survivor regions: 0->0(13)
[2025-08-01T02:35:17.944+0000] GC(455) Old regions: 2048->457
[2025-08-01T02:35:17.944+0000] GC(455) Humongous regions: 0->0
[2025-08-01T02:35:17.944+0000] GC(455) Metaspace: 9706K(12544K)->9706K(12544K) NonClass: 8540K(11008K)->8540K(11008K) Class: 1166K(1536K)->1166K(1536K)
[2025-08-01T02:35:17.944+0000] GC(455) Pause Full (G1 Evacuation Pause) 4093M->904M(4096M) 258.535ms
[2025-08-01T02:35:17.944+0000] GC(455) User=1.90s Sys=0.01s Real=0.26s
[2025-08-01T02:35:17.945+0000] GC(447) Concurrent Mark From Roots 627.320ms
[2025-08-01T02:35:17.945+0000] GC(447) Concurrent Mark Abort
[2025-08-01T02:35:17.945+0000] GC(447) Concurrent Cycle 638.746ms
[2025-08-01T02:35:18.113+0000] GC(456) Pause Young (Normal) (G1 Evacuation Pause)
[2025-08-01T02:35:18.113+0000] GC(456) Using 8 workers of 8 for evacuation
[2025-08-01T02:35:18.228+0000] GC(456)   Pre Evacuate Collection Set: 0.1ms
[2025-08-01T02:35:18.228+0000] GC(456)   Evacuate Collection Set: 113.7ms
[2025-08-01T02:35:18.228+0000] GC(456)   Post Evacuate Collection Set: 0.8ms
[2025-08-01T02:35:18.228+0000] GC(456)   Other: 0.4ms
[2025-08-01T02:35:18.228+0000] GC(456) Eden regions: 453->0(380)
[2025-08-01T02:35:18.228+0000] GC(456) Survivor regions: 0->57(57)
[2025-08-01T02:35:18.228+0000] GC(456) Old regions: 457->669
[2025-08-01T02:35:18.228+0000] GC(456) Humongous regions: 0->0
[2025-08-01T02:35:18.228+0000] GC(456) Metaspace: 9706K(12544K)->9706K(12544K) NonClass: 8540K(11008K)->8540K(11008K) Class: 1166K(1536K)->1166K(1536K)
[2025-08-01T02:35:18.228+0000] GC(456) Pause Young (Normal) (G1 Evacuation Pause) 1810M->1442M(4096M) 115.146ms
[2025-08-01T02:35:18.228+0000] GC(456) User=0.84s Sys=0.06s Real=0.11s
[2025-08-01T02:35:18.389+0000] GC(457) Pause Young (Concurrent Start) (G1 Evacuation Pause)
[2025-08-01T02:35:18.389+0000] GC(457) Using 8 workers of 8 for evacuation
[2025-08-01T02:35:18.542+0000] GC(457)   Pre Evacuate Collection Set: 0.1ms
[2025-08-01T02:35:18.542+0000] GC(457)   Evacuate Collection Set: 150.4ms
[2025-08-01T02:35:18.542+0000] GC(457)   Post Evacuate Collection Set: 0.9ms
[2025-08-01T02:35:18.542+0000] GC(457)   Other: 1.0ms
[2025-08-01T02:35:18.542+0000] GC(457) Eden regions: 380->0(270)
[2025-08-01T02:35:18.542+0000] GC(457) Survivor regions: 57->55(55)
[2025-08-01T02:35:18.542+0000] GC(457) Old regions: 669->964
[2025-08-01T02:35:18.542+0000] GC(457) Humongous regions: 0->0
[2025-08-01T02:35:18.542+0000] GC(457) Metaspace: 9706K(12544K)->9706K(12544K) NonClass: 8540K(11008K)->8540K(11008K) Class: 1166K(1536K)->1166K(1536K)
[2025-08-01T02:35:18.542+0000] GC(457) Pause Young (Concurrent Start) (G1 Evacuation Pause) 2202M->2027M(4096M) 152.653ms
[2025-08-01T02:35:18.542+0000] GC(457) User=1.07s Sys=0.05s Real=0.15s
[2025-08-01T02:35:18.542+0000] GC(458) Concurrent Cycle
[2025-08-01T02:35:18.542+0000] GC(458) Concurrent Clear Claimed Marks
[2025-08-01T02:35:18.542+0000] GC(458) Concurrent Clear Claimed Marks 0.105ms
[2025-08-01T02:35:18.542+0000] GC(458) Concurrent Scan Root Regions
[2025-08-01T02:35:18.554+0000] GC(458) Concurrent Scan Root Regions 11.303ms
[2025-08-01T02:35:18.554+0000] GC(458) Concurrent Mark (57.549s)
[2025-08-01T02:35:18.554+0000] GC(458) Concurrent Mark From Roots
[2025-08-01T02:35:18.554+0000] GC(458) Using 2 workers of 2 for marking
[2025-08-01T02:35:18.639+0000] GC(459) Pause Young (Normal) (G1 Evacuation Pause)
[2025-08-01T02:35:18.639+0000] GC(459) Using 8 workers of 8 for evacuation
[2025-08-01T02:35:18.752+0000] GC(459)   Pre Evacuate Collection Set: 0.1ms
[2025-08-01T02:35:18.752+0000] GC(459)   Evacuate Collection Set: 111.7ms
[2025-08-01T02:35:18.752+0000] GC(459)   Post Evacuate Collection Set: 1.1ms
[2025-08-01T02:35:18.752+0000] GC(459)   Other: 0.4ms
[2025-08-01T02:35:18.752+0000] GC(459) Eden regions: 270->0(175)
[2025-08-01T02:35:18.752+0000] GC(459) Survivor regions: 55->41(41)
[2025-08-01T02:35:18.752+0000] GC(459) Old regions: 964->1249
[2025-08-01T02:35:18.752+0000] GC(459) Humongous regions: 0->0
[2025-08-01T02:35:18.752+0000] GC(459) Metaspace: 9706K(12544K)->9706K(12544K) NonClass: 8540K(11008K)->8540K(11008K) Class: 1166K(1536K)->1166K(1536K)
[2025-08-01T02:35:18.752+0000] GC(459) Pause Young (Normal) (G1 Evacuation Pause) 2567M->2570M(4096M) 113.467ms
[2025-08-01T02:35:18.752+0000] GC(459) User=0.86s Sys=0.03s Real=0.11s
[2025-08-01T02:35:18.797+0000] GC(458) Concurrent Mark From Roots 242.985ms
[2025-08-01T02:35:18.797+0000] GC(458) Concurrent Preclean
[2025-08-01T02:35:18.797+0000] GC(458) Concurrent Preclean 0.302ms
[2025-08-01T02:35:18.797+0000] GC(458) Concurrent Mark (57.549s, 57.793s) 243.424ms
[2025-08-01T02:35:18.797+0000] GC(458) Pause Remark
[2025-08-01T02:35:18.801+0000] GC(458) Cleaned string and symbol table, strings: 2833 processed, 0 removed, symbols: 23489 processed, 0 removed
[2025-08-01T02:35:18.802+0000] GC(458) Pause Remark 2730M->1667M(4096M) 4.828ms
[2025-08-01T02:35:18.802+0000] GC(458) User=0.02s Sys=0.00s Real=0.00s
[2025-08-01T02:35:18.802+0000] GC(458) Concurrent Rebuild Remembered Sets
[2025-08-01T02:35:18.831+0000] GC(460) Pause Young (Normal) (G1 Evacuation Pause)
[2025-08-01T02:35:18.831+0000] GC(460) Using 8 workers of 8 for evacuation
[2025-08-01T02:35:18.898+0000] GC(460)   Pre Evacuate Collection Set: 0.2ms
[2025-08-01T02:35:18.898+0000] GC(460)   Evacuate Collection Set: 66.2ms
[2025-08-01T02:35:18.898+0000] GC(460)   Post Evacuate Collection Set: 0.8ms
[2025-08-01T02:35:18.898+0000] GC(460)   Other: 0.3ms
[2025-08-01T02:35:18.898+0000] GC(460) Eden regions: 175->0(298)
[2025-08-01T02:35:18.898+0000] GC(460) Survivor regions: 41->27(27)
[2025-08-01T02:35:18.898+0000] GC(460) Old regions: 714->886
[2025-08-01T02:35:18.898+0000] GC(460) Humongous regions: 0->0
[2025-08-01T02:35:18.898+0000] GC(460) Metaspace: 9706K(12544K)->9706K(12544K) NonClass: 8540K(11008K)->8540K(11008K) Class: 1166K(1536K)->1166K(1536K)
[2025-08-01T02:35:18.898+0000] GC(460) Pause Young (Normal) (G1 Evacuation Pause) 1857M->1822M(4096M) 67.550ms
[2025-08-01T02:35:18.898+0000] GC(460) User=0.51s Sys=0.02s Real=0.07s
[2025-08-01T02:35:19.043+0000] GC(461) Pause Young (Normal) (G1 Evacuation Pause)
[2025-08-01T02:35:19.043+0000] GC(461) Using 8 workers of 8 for evacuation
[2025-08-01T02:35:19.136+0000] GC(461)   Pre Evacuate Collection Set: 0.1ms
[2025-08-01T02:35:19.136+0000] GC(461)   Evacuate Collection Set: 91.5ms
[2025-08-01T02:35:19.136+0000] GC(461)   Post Evacuate Collection Set: 1.0ms
[2025-08-01T02:35:19.136+0000] GC(461)   Other: 0.3ms
[2025-08-01T02:35:19.136+0000] GC(461) Eden regions: 298->0(256)
[2025-08-01T02:35:19.136+0000] GC(461) Survivor regions: 27->41(41)
[2025-08-01T02:35:19.136+0000] GC(461) Old regions: 886->1027
[2025-08-01T02:35:19.136+0000] GC(461) Humongous regions: 0->0
[2025-08-01T02:35:19.136+0000] GC(461) Metaspace: 9706K(12544K)->9706K(12544K) NonClass: 8540K(11008K)->8540K(11008K) Class: 1166K(1536K)->1166K(1536K)
[2025-08-01T02:35:19.136+0000] GC(461) Pause Young (Normal) (G1 Evacuation Pause) 2418M->2133M(4096M) 93.081ms
[2025-08-01T02:35:19.136+0000] GC(461) User=0.68s Sys=0.03s Real=0.09s
[2025-08-01T02:35:19.165+0000] GC(458) Concurrent Rebuild Remembered Sets 363.094ms
[2025-08-01T02:35:19.166+0000] GC(458) Pause Cleanup
[2025-08-01T02:35:19.167+0000] GC(458) Pause Cleanup 2429M->2429M(4096M) 0.701ms
[2025-08-01T02:35:19.167+0000] GC(458) User=0.00s Sys=0.00s Real=0.00s
[2025-08-01T02:35:19.167+0000] GC(458) Concurrent Cleanup for Next Mark
[2025-08-01T02:35:19.175+0000] GC(458) Concurrent Cleanup for Next Mark 8.464ms
[2025-08-01T02:35:19.175+0000] GC(458) Concurrent Cycle 633.201ms
[2025-08-01T02:35:19.228+0000] GC(462) Pause Young (Normal) (G1 Evacuation Pause)
[2025-08-01T02:35:19.228+0000] GC(462) Using 8 workers of 8 for evacuation
[2025-08-01T02:35:19.330+0000] GC(462)   Pre Evacuate Collection Set: 0.1ms
[2025-08-01T02:35:19.330+0000] GC(462)   Evacuate Collection Set: 100.7ms
[2025-08-01T02:35:19.330+0000] GC(462)   Post Evacuate Collection Set: 1.0ms
[2025-08-01T02:35:19.330+0000] GC(462)   Other: 0.3ms
[2025-08-01T02:35:19.330+0000] GC(462) Eden regions: 256->0(164)
[2025-08-01T02:35:19.330+0000] GC(462) Survivor regions: 41->38(38)
[2025-08-01T02:35:19.330+0000] GC(462) Old regions: 1027->1287
[2025-08-01T02:35:19.330+0000] GC(462) Humongous regions: 0->0
[2025-08-01T02:35:19.330+0000] GC(462) Metaspace: 9706K(12544K)->9706K(12544K) NonClass: 8540K(11008K)->8540K(11008K) Class: 1166K(1536K)->1166K(1536K)
[2025-08-01T02:35:19.330+0000] GC(462) Pause Young (Normal) (G1 Evacuation Pause) 2645M->2646M(4096M) 102.185ms
[2025-08-01T02:35:19.330+0000] GC(462) User=0.78s Sys=0.01s Real=0.10s
[2025-08-01T02:35:19.405+0000] GC(463) Pause Young (Concurrent Start) (G1 Evacuation Pause)
[2025-08-01T02:35:19.405+0000] GC(463) Using 8 workers of 8 for evacuation
[2025-08-01T02:35:19.474+0000] GC(463)   Pre Evacuate Collection Set: 0.1ms
[2025-08-01T02:35:19.474+0000] GC(463)   Evacuate Collection Set: 67.2ms
[2025-08-01T02:35:19.474+0000] GC(463)   Post Evacuate Collection Set: 0.7ms
[2025-08-01T02:35:19.474+0000] GC(463)   Other: 0.4ms
[2025-08-01T02:35:19.474+0000] GC(463) Eden regions: 164->0(133)
[2025-08-01T02:35:19.474+0000] GC(463) Survivor regions: 38->26(26)
[2025-08-01T02:35:19.474+0000] GC(463) Old regions: 1287->1407
[2025-08-01T02:35:19.474+0000] GC(463) Humongous regions: 0->0
[2025-08-01T02:35:19.474+0000] GC(463) Metaspace: 9706K(12544K)->9706K(12544K) NonClass: 8540K(11008K)->8540K(11008K) Class: 1166K(1536K)->1166K(1536K)
[2025-08-01T02:35:19.474+0000] GC(463) Pause Young (Concurrent Start) (G1 Evacuation Pause) 2974M->2862M(4096M) 68.719ms
[2025-08-01T02:35:19.474+0000] GC(463) User=0.45s Sys=0.02s Real=0.07s
[2025-08-01T02:35:19.474+0000] GC(464) Concurrent Cycle
[2025-08-01T02:35:19.474+0000] GC(464) Concurrent Clear Claimed Marks
[2025-08-01T02:35:19.474+0000] GC(464) Concurrent Clear Claimed Marks 0.111ms
[2025-08-01T02:35:19.474+0000] GC(464) Concurrent Scan Root Regions
[2025-08-01T02:35:19.486+0000] GC(464) Concurrent Scan Root Regions 11.191ms
[2025-08-01T02:35:19.486+0000] GC(464) Concurrent Mark (58.481s)
[2025-08-01T02:35:19.486+0000] GC(464) Concurrent Mark From Roots
[2025-08-01T02:35:19.486+0000] GC(464) Using 2 workers of 2 for marking
[2025-08-01T02:35:19.506+0000] GC(465) Pause Young (Normal) (G1 Evacuation Pause)
[2025-08-01T02:35:19.506+0000] GC(465) Using 8 workers of 8 for evacuation
[2025-08-01T02:35:19.561+0000] GC(465)   Pre Evacuate Collection Set: 0.1ms
[2025-08-01T02:35:19.561+0000] GC(465)   Evacuate Collection Set: 53.3ms
[2025-08-01T02:35:19.561+0000] GC(465)   Post Evacuate Collection Set: 0.8ms
[2025-08-01T02:35:19.561+0000] GC(465)   Other: 0.3ms
[2025-08-01T02:35:19.561+0000] GC(465) Eden regions: 133->0(87)
[2025-08-01T02:35:19.561+0000] GC(465) Survivor regions: 26->20(20)
[2025-08-01T02:35:19.561+0000] GC(465) Old regions: 1407->1547
[2025-08-01T02:35:19.561+0000] GC(465) Humongous regions: 0->0
[2025-08-01T02:35:19.561+0000] GC(465) Metaspace: 9706K(12544K)->9706K(12544K) NonClass: 8540K(11008K)->8540K(11008K) Class: 1166K(1536K)->1166K(1536K)
[2025-08-01T02:35:19.561+0000] GC(465) Pause Young (Normal) (G1 Evacuation Pause) 3128M->3131M(4096M) 54.581ms
[2025-08-01T02:35:19.561+0000] GC(465) User=0.39s Sys=0.00s Real=0.05s
[2025-08-01T02:35:19.583+0000] GC(466) Pause Young (Normal) (G1 Evacuation Pause)
[2025-08-01T02:35:19.583+0000] GC(466) Using 8 workers of 8 for evacuation
[2025-08-01T02:35:19.623+0000] GC(466)   Pre Evacuate Collection Set: 0.1ms
[2025-08-01T02:35:19.623+0000] GC(466)   Evacuate Collection Set: 39.1ms
[2025-08-01T02:35:19.623+0000] GC(466)   Post Evacuate Collection Set: 0.9ms
[2025-08-01T02:35:19.623+0000] GC(466)   Other: 0.4ms
[2025-08-01T02:35:19.623+0000] GC(466) Eden regions: 87->0(88)
[2025-08-01T02:35:19.623+0000] GC(466) Survivor regions: 20->14(14)
[2025-08-01T02:35:19.623+0000] GC(466) Old regions: 1547->1641
[2025-08-01T02:35:19.623+0000] GC(466) Humongous regions: 0->0
[2025-08-01T02:35:19.623+0000] GC(466) Metaspace: 9706K(12544K)->9706K(12544K) NonClass: 8540K(11008K)->8540K(11008K) Class: 1166K(1536K)->1166K(1536K)
[2025-08-01T02:35:19.623+0000] GC(466) Pause Young (Normal) (G1 Evacuation Pause) 3305M->3307M(4096M) 40.587ms
[2025-08-01T02:35:19.624+0000] GC(466) User=0.31s Sys=0.00s Real=0.04s
[2025-08-01T02:35:19.646+0000] GC(467) Pause Young (Normal) (G1 Evacuation Pause)
[2025-08-01T02:35:19.646+0000] GC(467) Using 8 workers of 8 for evacuation
[2025-08-01T02:35:19.680+0000] GC(467)   Pre Evacuate Collection Set: 0.1ms
[2025-08-01T02:35:19.680+0000] GC(467)   Evacuate Collection Set: 33.0ms
[2025-08-01T02:35:19.680+0000] GC(467)   Post Evacuate Collection Set: 0.5ms
[2025-08-01T02:35:19.680+0000] GC(467)   Other: 0.3ms
[2025-08-01T02:35:19.680+0000] GC(467) Eden regions: 88->0(89)
[2025-08-01T02:35:19.680+0000] GC(467) Survivor regions: 14->13(13)
[2025-08-01T02:35:19.680+0000] GC(467) Old regions: 1641->1724
[2025-08-01T02:35:19.680+0000] GC(467) Humongous regions: 0->0
[2025-08-01T02:35:19.680+0000] GC(467) Metaspace: 9706K(12544K)->9706K(12544K) NonClass: 8540K(11008K)->8540K(11008K) Class: 1166K(1536K)->1166K(1536K)
[2025-08-01T02:35:19.680+0000] GC(467) Pause Young (Normal) (G1 Evacuation Pause) 3483M->3470M(4096M) 34.021ms
[2025-08-01T02:35:19.680+0000] GC(467) User=0.26s Sys=0.00s Real=0.03s
[2025-08-01T02:35:19.702+0000] GC(468) Pause Young (Normal) (G1 Evacuation Pause)
[2025-08-01T02:35:19.702+0000] GC(468) Using 8 workers of 8 for evacuation
[2025-08-01T02:35:19.736+0000] GC(468)   Pre Evacuate Collection Set: 0.1ms
[2025-08-01T02:35:19.736+0000] GC(468)   Evacuate Collection Set: 33.0ms
[2025-08-01T02:35:19.736+0000] GC(468)   Post Evacuate Collection Set: 0.8ms
[2025-08-01T02:35:19.736+0000] GC(468)   Other: 0.3ms
[2025-08-01T02:35:19.736+0000] GC(468) Eden regions: 89->0(89)
[2025-08-01T02:35:19.736+0000] GC(468) Survivor regions: 13->13(13)
[2025-08-01T02:35:19.736+0000] GC(468) Old regions: 1724->1803
[2025-08-01T02:35:19.736+0000] GC(468) Humongous regions: 0->0
[2025-08-01T02:35:19.736+0000] GC(468) Metaspace: 9706K(12544K)->9706K(12544K) NonClass: 8540K(11008K)->8540K(11008K) Class: 1166K(1536K)->1166K(1536K)
[2025-08-01T02:35:19.737+0000] GC(468) Pause Young (Normal) (G1 Evacuation Pause) 3648M->3628M(4096M) 34.245ms
[2025-08-01T02:35:19.737+0000] GC(468) User=0.24s Sys=0.00s Real=0.04s
[2025-08-01T02:35:19.759+0000] GC(469) Pause Young (Normal) (G1 Evacuation Pause)
[2025-08-01T02:35:19.759+0000] GC(469) Using 8 workers of 8 for evacuation
[2025-08-01T02:35:19.790+0000] GC(469)   Pre Evacuate Collection Set: 0.1ms
[2025-08-01T02:35:19.790+0000] GC(469)   Evacuate Collection Set: 30.5ms
[2025-08-01T02:35:19.790+0000] GC(469)   Post Evacuate Collection Set: 0.6ms
[2025-08-01T02:35:19.790+0000] GC(469)   Other: 0.3ms
[2025-08-01T02:35:19.790+0000] GC(469) Eden regions: 89->0(89)
[2025-08-01T02:35:19.790+0000] GC(469) Survivor regions: 13->13(13)
[2025-08-01T02:35:19.790+0000] GC(469) Old regions: 1803->1878
[2025-08-01T02:35:19.790+0000] GC(469) Humongous regions: 0->0
[2025-08-01T02:35:19.790+0000] GC(469) Metaspace: 9706K(12544K)->9706K(12544K) NonClass: 8540K(11008K)->8540K(11008K) Class: 1166K(1536K)->1166K(1536K)
[2025-08-01T02:35:19.790+0000] GC(469) Pause Young (Normal) (G1 Evacuation Pause) 3806M->3779M(4096M) 31.725ms
[2025-08-01T02:35:19.790+0000] GC(469) User=0.24s Sys=0.00s Real=0.03s
[2025-08-01T02:35:19.813+0000] GC(470) Pause Young (Normal) (G1 Evacuation Pause)
[2025-08-01T02:35:19.813+0000] GC(470) Using 8 workers of 8 for evacuation
[2025-08-01T02:35:19.855+0000] GC(470) To-space exhausted
[2025-08-01T02:35:19.855+0000] GC(470)   Pre Evacuate Collection Set: 0.1ms
[2025-08-01T02:35:19.855+0000] GC(470)   Evacuate Collection Set: 34.8ms
[2025-08-01T02:35:19.855+0000] GC(470)   Post Evacuate Collection Set: 6.9ms
[2025-08-01T02:35:19.855+0000] GC(470)   Other: 0.3ms
[2025-08-01T02:35:19.855+0000] GC(470) Eden regions: 89->0(89)
[2025-08-01T02:35:19.855+0000] GC(470) Survivor regions: 13->13(13)
[2025-08-01T02:35:19.855+0000] GC(470) Old regions: 1878->1986
[2025-08-01T02:35:19.855+0000] GC(470) Humongous regions: 0->0
[2025-08-01T02:35:19.855+0000] GC(470) Metaspace: 9706K(12544K)->9706K(12544K) NonClass: 8540K(11008K)->8540K(11008K) Class: 1166K(1536K)->1166K(1536K)
[2025-08-01T02:35:19.855+0000] GC(470) Pause Young (Normal) (G1 Evacuation Pause) 3957M->3995M(4096M) 42.311ms
[2025-08-01T02:35:19.856+0000] GC(470) User=0.32s Sys=0.00s Real=0.04s
[2025-08-01T02:35:19.865+0000] GC(471) Pause Young (Normal) (G1 Evacuation Pause)
[2025-08-01T02:35:19.866+0000] GC(471) Using 8 workers of 8 for evacuation
[2025-08-01T02:35:19.887+0000] GC(471) To-space exhausted
[2025-08-01T02:35:19.887+0000] GC(471)   Pre Evacuate Collection Set: 0.1ms
[2025-08-01T02:35:19.887+0000] GC(471)   Evacuate Collection Set: 14.5ms
[2025-08-01T02:35:19.887+0000] GC(471)   Post Evacuate Collection Set: 6.7ms
[2025-08-01T02:35:19.887+0000] GC(471)   Other: 0.3ms
[2025-08-01T02:35:19.887+0000] GC(471) Eden regions: 49->0(102)
[2025-08-01T02:35:19.887+0000] GC(471) Survivor regions: 13->0(13)
[2025-08-01T02:35:19.887+0000] GC(471) Old regions: 1986->2048
[2025-08-01T02:35:19.887+0000] GC(471) Humongous regions: 0->0
[2025-08-01T02:35:19.887+0000] GC(471) Metaspace: 9706K(12544K)->9706K(12544K) NonClass: 8540K(11008K)->8540K(11008K) Class: 1166K(1536K)->1166K(1536K)
[2025-08-01T02:35:19.887+0000] GC(471) Pause Young (Normal) (G1 Evacuation Pause) 4093M->4093M(4096M) 21.721ms
[2025-08-01T02:35:19.887+0000] GC(471) User=0.15s Sys=0.00s Real=0.02s
[2025-08-01T02:35:19.887+0000] GC(472) Using 8 workers of 8 for full compaction
[2025-08-01T02:35:19.887+0000] GC(472) Pause Full (G1 Evacuation Pause)
[2025-08-01T02:35:19.893+0000] GC(472) Phase 1: Mark live objects
[2025-08-01T02:35:19.920+0000] GC(472) Cleaned string and symbol table, strings: 2833 processed, 0 removed, symbols: 23489 processed, 0 removed
[2025-08-01T02:35:19.920+0000] GC(472) Phase 1: Mark live objects 27.971ms
[2025-08-01T02:35:19.920+0000] GC(472) Phase 2: Prepare for compaction
[2025-08-01T02:35:19.950+0000] GC(472) Phase 2: Prepare for compaction 29.832ms
[2025-08-01T02:35:19.950+0000] GC(472) Phase 3: Adjust pointers
[2025-08-01T02:35:19.981+0000] GC(472) Phase 3: Adjust pointers 30.668ms
[2025-08-01T02:35:19.981+0000] GC(472) Phase 4: Compact heap
[2025-08-01T02:35:20.087+0000] GC(472) Phase 4: Compact heap 105.596ms
[2025-08-01T02:35:20.089+0000] GC(472) Eden regions: 0->0(485)
[2025-08-01T02:35:20.089+0000] GC(472) Survivor regions: 0->0(13)
[2025-08-01T02:35:20.089+0000] GC(472) Old regions: 2048->361
[2025-08-01T02:35:20.089+0000] GC(472) Humongous regions: 0->0
[2025-08-01T02:35:20.089+0000] GC(472) Metaspace: 9706K(12544K)->9706K(12544K) NonClass: 8540K(11008K)->8540K(11008K) Class: 1166K(1536K)->1166K(1536K)
[2025-08-01T02:35:20.089+0000] GC(472) Pause Full (G1 Evacuation Pause) 4093M->711M(4096M) 202.097ms
[2025-08-01T02:35:20.090+0000] GC(472) User=1.50s Sys=0.00s Real=0.20s
[2025-08-01T02:35:20.090+0000] GC(464) Concurrent Mark From Roots 604.244ms
[2025-08-01T02:35:20.090+0000] GC(464) Concurrent Mark Abort
[2025-08-01T02:35:20.090+0000] GC(464) Concurrent Cycle 615.779ms
[2025-08-01T02:35:20.275+0000] GC(473) Pause Young (Normal) (G1 Evacuation Pause)
[2025-08-01T02:35:20.275+0000] GC(473) Using 8 workers of 8 for evacuation
[2025-08-01T02:35:20.511+0000] GC(473) MMU target violated: 201.0ms (200.0ms/201.0ms)
[2025-08-01T02:35:20.511+0000] GC(473)   Pre Evacuate Collection Set: 0.1ms
[2025-08-01T02:35:20.511+0000] GC(473)   Evacuate Collection Set: 234.1ms
[2025-08-01T02:35:20.511+0000] GC(473)   Post Evacuate Collection Set: 1.2ms
[2025-08-01T02:35:20.511+0000] GC(473)   Other: 0.5ms
[2025-08-01T02:35:20.511+0000] GC(473) Eden regions: 485->0(349)
[2025-08-01T02:35:20.511+0000] GC(473) Survivor regions: 0->61(61)
[2025-08-01T02:35:20.511+0000] GC(473) Old regions: 361->711
[2025-08-01T02:35:20.511+0000] GC(473) Humongous regions: 0->0
[2025-08-01T02:35:20.511+0000] GC(473) Metaspace: 9706K(12544K)->9706K(12544K) NonClass: 8540K(11008K)->8540K(11008K) Class: 1166K(1536K)->1166K(1536K)
[2025-08-01T02:35:20.511+0000] GC(473) Pause Young (Normal) (G1 Evacuation Pause) 1681M->1532M(4096M) 236.004ms
[2025-08-01T02:35:20.511+0000] GC(473) User=1.77s Sys=0.07s Real=0.23s
[2025-08-01T02:35:20.672+0000] GC(474) Pause Young (Concurrent Start) (G1 Evacuation Pause)
[2025-08-01T02:35:20.672+0000] GC(474) Using 8 workers of 8 for evacuation
[2025-08-01T02:35:20.827+0000] GC(474)   Pre Evacuate Collection Set: 0.1ms
[2025-08-01T02:35:20.827+0000] GC(474)   Evacuate Collection Set: 153.1ms
[2025-08-01T02:35:20.827+0000] GC(474)   Post Evacuate Collection Set: 1.6ms
[2025-08-01T02:35:20.827+0000] GC(474)   Other: 0.5ms
[2025-08-01T02:35:20.827+0000] GC(474) Eden regions: 349->0(296)
[2025-08-01T02:35:20.827+0000] GC(474) Survivor regions: 61->52(52)
[2025-08-01T02:35:20.827+0000] GC(474) Old regions: 711->901
[2025-08-01T02:35:20.827+0000] GC(474) Humongous regions: 0->0
[2025-08-01T02:35:20.827+0000] GC(474) Metaspace: 9706K(12544K)->9706K(12544K) NonClass: 8540K(11008K)->8540K(11008K) Class: 1166K(1536K)->1166K(1536K)
[2025-08-01T02:35:20.827+0000] GC(474) Pause Young (Concurrent Start) (G1 Evacuation Pause) 2230M->1894M(4096M) 155.617ms
[2025-08-01T02:35:20.827+0000] GC(474) User=1.13s Sys=0.04s Real=0.16s
[2025-08-01T02:35:20.828+0000] GC(475) Concurrent Cycle
[2025-08-01T02:35:20.828+0000] GC(475) Concurrent Clear Claimed Marks
[2025-08-01T02:35:20.828+0000] GC(475) Concurrent Clear Claimed Marks 0.256ms
[2025-08-01T02:35:20.828+0000] GC(475) Concurrent Scan Root Regions
[2025-08-01T02:35:20.849+0000] GC(475) Concurrent Scan Root Regions 20.907ms
[2025-08-01T02:35:20.849+0000] GC(475) Concurrent Mark (59.845s)
[2025-08-01T02:35:20.849+0000] GC(475) Concurrent Mark From Roots
[2025-08-01T02:35:20.849+0000] GC(475) Using 2 workers of 2 for marking
[2025-08-01T02:35:20.941+0000] GC(475) Concurrent Mark From Roots 91.550ms
[2025-08-01T02:35:20.941+0000] GC(475) Concurrent Preclean
[2025-08-01T02:35:20.941+0000] GC(475) Concurrent Preclean 0.413ms
[2025-08-01T02:35:20.941+0000] GC(475) Concurrent Mark (59.845s, 59.937s) 92.070ms
[2025-08-01T02:35:20.941+0000] GC(475) Pause Remark
[2025-08-01T02:35:20.943+0000] GC(475) Cleaned string and symbol table, strings: 2833 processed, 0 removed, symbols: 23489 processed, 0 removed
[2025-08-01T02:35:20.944+0000] GC(475) Pause Remark 2425M->1293M(4096M) 2.854ms
[2025-08-01T02:35:20.944+0000] GC(475) User=0.01s Sys=0.00s Real=0.01s
[2025-08-01T02:35:20.944+0000] GC(475) Concurrent Rebuild Remembered Sets
[2025-08-01T02:35:20.990+0000] GC(476) Pause Young (Normal) (G1 Evacuation Pause)
[2025-08-01T02:35:20.990+0000] GC(476) Using 8 workers of 8 for evacuation
[2025-08-01T02:35:21.087+0000] GC(476)   Pre Evacuate Collection Set: 0.1ms
[2025-08-01T02:35:21.087+0000] GC(476)   Evacuate Collection Set: 95.1ms
[2025-08-01T02:35:21.087+0000] GC(476)   Post Evacuate Collection Set: 1.2ms
[2025-08-01T02:35:21.087+0000] GC(476)   Other: 0.3ms
[2025-08-01T02:35:21.087+0000] GC(476) Eden regions: 296->0(433)
[2025-08-01T02:35:21.087+0000] GC(476) Survivor regions: 52->44(44)
[2025-08-01T02:35:21.087+0000] GC(476) Old regions: 331->548
[2025-08-01T02:35:21.087+0000] GC(476) Humongous regions: 0->0
[2025-08-01T02:35:21.087+0000] GC(476) Metaspace: 9706K(12544K)->9706K(12544K) NonClass: 8540K(11008K)->8540K(11008K) Class: 1166K(1536K)->1166K(1536K)
[2025-08-01T02:35:21.087+0000] GC(476) Pause Young (Normal) (G1 Evacuation Pause) 1354M->1181M(4096M) 96.869ms
[2025-08-01T02:35:21.087+0000] GC(476) User=0.73s Sys=0.03s Real=0.10s
[2025-08-01T02:35:21.128+0000] GC(475) Concurrent Rebuild Remembered Sets 183.502ms
[2025-08-01T02:35:21.128+0000] GC(475) Pause Cleanup
[2025-08-01T02:35:21.129+0000] GC(475) Pause Cleanup 1484M->1484M(4096M) 1.042ms
[2025-08-01T02:35:21.129+0000] GC(475) User=0.00s Sys=0.00s Real=0.00s
[2025-08-01T02:35:21.130+0000] GC(475) Concurrent Cleanup for Next Mark
[2025-08-01T02:35:21.137+0000] GC(475) Concurrent Cleanup for Next Mark 7.804ms
[2025-08-01T02:35:21.137+0000] GC(475) Concurrent Cycle 309.774ms
[2025-08-01T02:35:21.260+0000] GC(477) Pause Young (Normal) (G1 Evacuation Pause)
[2025-08-01T02:35:21.260+0000] GC(477) Using 8 workers of 8 for evacuation
[2025-08-01T02:35:21.405+0000] GC(477)   Pre Evacuate Collection Set: 0.1ms
[2025-08-01T02:35:21.405+0000] GC(477)   Evacuate Collection Set: 143.8ms
[2025-08-01T02:35:21.405+0000] GC(477)   Post Evacuate Collection Set: 1.0ms
[2025-08-01T02:35:21.405+0000] GC(477)   Other: 0.4ms
[2025-08-01T02:35:21.405+0000] GC(477) Eden regions: 433->0(305)
[2025-08-01T02:35:21.405+0000] GC(477) Survivor regions: 44->60(60)
[2025-08-01T02:35:21.405+0000] GC(477) Old regions: 548->872
[2025-08-01T02:35:21.405+0000] GC(477) Humongous regions: 0->0
[2025-08-01T02:35:21.405+0000] GC(477) Metaspace: 9706K(12544K)->9706K(12544K) NonClass: 8540K(11008K)->8540K(11008K) Class: 1166K(1536K)->1166K(1536K)
[2025-08-01T02:35:21.405+0000] GC(477) Pause Young (Normal) (G1 Evacuation Pause) 2047M->1861M(4096M) 145.512ms
[2025-08-01T02:35:21.405+0000] GC(477) User=1.10s Sys=0.03s Real=0.15s
[2025-08-01T02:35:21.561+0000] GC(478) Pause Young (Concurrent Start) (G1 Evacuation Pause)
[2025-08-01T02:35:21.561+0000] GC(478) Using 8 workers of 8 for evacuation
[2025-08-01T02:35:21.720+0000] GC(478)   Pre Evacuate Collection Set: 0.1ms
[2025-08-01T02:35:21.721+0000] GC(478)   Evacuate Collection Set: 158.4ms
[2025-08-01T02:35:21.721+0000] GC(478)   Post Evacuate Collection Set: 1.0ms
[2025-08-01T02:35:21.721+0000] GC(478)   Other: 0.4ms
[2025-08-01T02:35:21.721+0000] GC(478) Eden regions: 305->0(218)
[2025-08-01T02:35:21.721+0000] GC(478) Survivor regions: 60->46(46)
[2025-08-01T02:35:21.721+0000] GC(478) Old regions: 872->1114
[2025-08-01T02:35:21.721+0000] GC(478) Humongous regions: 0->0
[2025-08-01T02:35:21.721+0000] GC(478) Metaspace: 9706K(12544K)->9706K(12544K) NonClass: 8540K(11008K)->8540K(11008K) Class: 1166K(1536K)->1166K(1536K)
[2025-08-01T02:35:21.721+0000] GC(478) Pause Young (Concurrent Start) (G1 Evacuation Pause) 2471M->2317M(4096M) 159.905ms
[2025-08-01T02:35:21.721+0000] GC(478) User=1.13s Sys=0.06s Real=0.16s
[2025-08-01T02:35:21.721+0000] GC(479) Concurrent Cycle
[2025-08-01T02:35:21.721+0000] GC(479) Concurrent Clear Claimed Marks
[2025-08-01T02:35:21.721+0000] GC(479) Concurrent Clear Claimed Marks 0.046ms
[2025-08-01T02:35:21.721+0000] GC(479) Concurrent Scan Root Regions
[2025-08-01T02:35:21.733+0000] GC(479) Concurrent Scan Root Regions 11.852ms
[2025-08-01T02:35:21.733+0000] GC(479) Concurrent Mark (60.728s)
[2025-08-01T02:35:21.733+0000] GC(479) Concurrent Mark From Roots
[2025-08-01T02:35:21.733+0000] GC(479) Using 2 workers of 2 for marking
[2025-08-01T02:35:21.809+0000] GC(480) Pause Young (Normal) (G1 Evacuation Pause)
[2025-08-01T02:35:21.809+0000] GC(480) Using 8 workers of 8 for evacuation
[2025-08-01T02:35:21.893+0000] GC(480)   Pre Evacuate Collection Set: 0.1ms
[2025-08-01T02:35:21.893+0000] GC(480)   Evacuate Collection Set: 82.7ms
[2025-08-01T02:35:21.893+0000] GC(480)   Post Evacuate Collection Set: 1.0ms
[2025-08-01T02:35:21.893+0000] GC(480)   Other: 0.3ms
[2025-08-01T02:35:21.893+0000] GC(480) Eden regions: 218->0(165)
[2025-08-01T02:35:21.893+0000] GC(480) Survivor regions: 46->33(33)
[2025-08-01T02:35:21.893+0000] GC(480) Old regions: 1114->1296
[2025-08-01T02:35:21.893+0000] GC(480) Humongous regions: 0->0
[2025-08-01T02:35:21.893+0000] GC(480) Metaspace: 9706K(12544K)->9706K(12544K) NonClass: 8540K(11008K)->8540K(11008K) Class: 1166K(1536K)->1166K(1536K)
[2025-08-01T02:35:21.893+0000] GC(480) Pause Young (Normal) (G1 Evacuation Pause) 2753M->2654M(4096M) 84.161ms
[2025-08-01T02:35:21.893+0000] GC(480) User=0.63s Sys=0.01s Real=0.09s
[2025-08-01T02:35:21.971+0000] GC(481) Pause Young (Normal) (G1 Evacuation Pause)
[2025-08-01T02:35:21.971+0000] GC(481) Using 8 workers of 8 for evacuation
[2025-08-01T02:35:22.058+0000] GC(481)   Pre Evacuate Collection Set: 0.1ms
[2025-08-01T02:35:22.058+0000] GC(481)   Evacuate Collection Set: 86.5ms
[2025-08-01T02:35:22.058+0000] GC(481)   Post Evacuate Collection Set: 0.7ms
[2025-08-01T02:35:22.058+0000] GC(481)   Other: 0.4ms
[2025-08-01T02:35:22.058+0000] GC(481) Eden regions: 165->0(108)
[2025-08-01T02:35:22.058+0000] GC(481) Survivor regions: 33->25(25)
[2025-08-01T02:35:22.058+0000] GC(481) Old regions: 1296->1471
[2025-08-01T02:35:22.058+0000] GC(481) Humongous regions: 0->0
[2025-08-01T02:35:22.058+0000] GC(481) Metaspace: 9706K(12544K)->9706K(12544K) NonClass: 8540K(11008K)->8540K(11008K) Class: 1166K(1536K)->1166K(1536K)
[2025-08-01T02:35:22.058+0000] GC(481) Pause Young (Normal) (G1 Evacuation Pause) 2984M->2988M(4096M) 87.815ms
[2025-08-01T02:35:22.058+0000] GC(481) User=0.64s Sys=0.02s Real=0.09s
[2025-08-01T02:35:22.070+0000] GC(479) Concurrent Mark From Roots 336.722ms
[2025-08-01T02:35:22.070+0000] GC(479) Concurrent Preclean
[2025-08-01T02:35:22.070+0000] GC(479) Concurrent Preclean 0.247ms
[2025-08-01T02:35:22.070+0000] GC(479) Concurrent Mark (60.728s, 61.065s) 337.076ms
[2025-08-01T02:35:22.071+0000] GC(479) Pause Remark
[2025-08-01T02:35:22.075+0000] GC(479) Cleaned string and symbol table, strings: 2833 processed, 0 removed, symbols: 23489 processed, 0 removed
[2025-08-01T02:35:22.077+0000] GC(479) Pause Remark 3111M->1863M(4096M) 5.902ms
[2025-08-01T02:35:22.077+0000] GC(479) User=0.03s Sys=0.00s Real=0.01s
[2025-08-01T02:35:22.077+0000] GC(479) Concurrent Rebuild Remembered Sets
[2025-08-01T02:35:22.089+0000] GC(482) Pause Young (Normal) (G1 Evacuation Pause)
[2025-08-01T02:35:22.089+0000] GC(482) Using 8 workers of 8 for evacuation
[2025-08-01T02:35:22.129+0000] GC(482)   Pre Evacuate Collection Set: 0.1ms
[2025-08-01T02:35:22.129+0000] GC(482)   Evacuate Collection Set: 39.5ms
[2025-08-01T02:35:22.129+0000] GC(482)   Post Evacuate Collection Set: 0.6ms
[2025-08-01T02:35:22.129+0000] GC(482)   Other: 0.3ms
[2025-08-01T02:35:22.129+0000] GC(482) Eden regions: 108->0(295)
[2025-08-01T02:35:22.129+0000] GC(482) Survivor regions: 25->17(17)
[2025-08-01T02:35:22.129+0000] GC(482) Old regions: 847->945
[2025-08-01T02:35:22.129+0000] GC(482) Humongous regions: 0->0
[2025-08-01T02:35:22.129+0000] GC(482) Metaspace: 9706K(12544K)->9706K(12544K) NonClass: 8540K(11008K)->8540K(11008K) Class: 1166K(1536K)->1166K(1536K)
[2025-08-01T02:35:22.129+0000] GC(482) Pause Young (Normal) (G1 Evacuation Pause) 1956M->1921M(4096M) 40.633ms
[2025-08-01T02:35:22.129+0000] GC(482) User=0.31s Sys=0.00s Real=0.04s
[2025-08-01T02:35:22.232+0000] GC(483) Pause Young (Normal) (G1 Evacuation Pause)
[2025-08-01T02:35:22.232+0000] GC(483) Using 8 workers of 8 for evacuation
[2025-08-01T02:35:22.308+0000] GC(483)   Pre Evacuate Collection Set: 0.1ms
[2025-08-01T02:35:22.308+0000] GC(483)   Evacuate Collection Set: 75.5ms
[2025-08-01T02:35:22.308+0000] GC(483)   Post Evacuate Collection Set: 0.8ms
[2025-08-01T02:35:22.308+0000] GC(483)   Other: 0.3ms
[2025-08-01T02:35:22.308+0000] GC(483) Eden regions: 295->0(231)
[2025-08-01T02:35:22.308+0000] GC(483) Survivor regions: 17->39(39)
[2025-08-01T02:35:22.308+0000] GC(483) Old regions: 945->1112
[2025-08-01T02:35:22.308+0000] GC(483) Humongous regions: 0->0
[2025-08-01T02:35:22.308+0000] GC(483) Metaspace: 9706K(12544K)->9706K(12544K) NonClass: 8540K(11008K)->8540K(11008K) Class: 1166K(1536K)->1166K(1536K)
[2025-08-01T02:35:22.308+0000] GC(483) Pause Young (Normal) (G1 Evacuation Pause) 2511M->2298M(4096M) 76.953ms
[2025-08-01T02:35:22.309+0000] GC(483) User=0.58s Sys=0.02s Real=0.08s
[2025-08-01T02:35:22.405+0000] GC(484) Pause Young (Normal) (G1 Evacuation Pause)
[2025-08-01T02:35:22.405+0000] GC(484) Using 8 workers of 8 for evacuation
[2025-08-01T02:35:22.509+0000] GC(484)   Pre Evacuate Collection Set: 0.1ms
[2025-08-01T02:35:22.509+0000] GC(484)   Evacuate Collection Set: 102.5ms
[2025-08-01T02:35:22.509+0000] GC(484)   Post Evacuate Collection Set: 0.8ms
[2025-08-01T02:35:22.509+0000] GC(484)   Other: 0.3ms
[2025-08-01T02:35:22.509+0000] GC(484) Eden regions: 231->0(146)
[2025-08-01T02:35:22.509+0000] GC(484) Survivor regions: 39->34(34)
[2025-08-01T02:35:22.509+0000] GC(484) Old regions: 1112->1349
[2025-08-01T02:35:22.509+0000] GC(484) Humongous regions: 0->0
[2025-08-01T02:35:22.509+0000] GC(484) Metaspace: 9706K(12544K)->9706K(12544K) NonClass: 8540K(11008K)->8540K(11008K) Class: 1166K(1536K)->1166K(1536K)
[2025-08-01T02:35:22.509+0000] GC(484) Pause Young (Normal) (G1 Evacuation Pause) 2760M->2762M(4096M) 103.917ms
[2025-08-01T02:35:22.509+0000] GC(484) User=0.79s Sys=0.03s Real=0.10s
[2025-08-01T02:35:22.555+0000] GC(479) Concurrent Rebuild Remembered Sets 478.103ms
[2025-08-01T02:35:22.555+0000] GC(479) Pause Cleanup
[2025-08-01T02:35:22.556+0000] GC(479) Pause Cleanup 2992M->2992M(4096M) 0.940ms
[2025-08-01T02:35:22.556+0000] GC(479) User=0.00s Sys=0.00s Real=0.00s
[2025-08-01T02:35:22.556+0000] GC(479) Concurrent Cleanup for Next Mark
[2025-08-01T02:35:22.565+0000] GC(479) Concurrent Cleanup for Next Mark 8.653ms
[2025-08-01T02:35:22.565+0000] GC(479) Concurrent Cycle 844.271ms
[2025-08-01T02:35:22.576+0000] GC(485) Pause Young (Prepare Mixed) (G1 Evacuation Pause)
[2025-08-01T02:35:22.576+0000] GC(485) Using 8 workers of 8 for evacuation
[2025-08-01T02:35:22.638+0000] GC(485)   Pre Evacuate Collection Set: 0.1ms
[2025-08-01T02:35:22.638+0000] GC(485)   Evacuate Collection Set: 60.7ms
[2025-08-01T02:35:22.638+0000] GC(485)   Post Evacuate Collection Set: 1.0ms
[2025-08-01T02:35:22.638+0000] GC(485)   Other: 0.3ms
[2025-08-01T02:35:22.638+0000] GC(485) Eden regions: 146->0(79)
[2025-08-01T02:35:22.638+0000] GC(485) Survivor regions: 34->23(23)
[2025-08-01T02:35:22.638+0000] GC(485) Old regions: 1349->1498
[2025-08-01T02:35:22.638+0000] GC(485) Humongous regions: 0->0
[2025-08-01T02:35:22.638+0000] GC(485) Metaspace: 9706K(12544K)->9706K(12544K) NonClass: 8540K(11008K)->8540K(11008K) Class: 1166K(1536K)->1166K(1536K)
[2025-08-01T02:35:22.639+0000] GC(485) Pause Young (Prepare Mixed) (G1 Evacuation Pause) 3054M->3039M(4096M) 62.175ms
[2025-08-01T02:35:22.639+0000] GC(485) User=0.43s Sys=0.03s Real=0.06s
[2025-08-01T02:35:22.653+0000] GC(486) Pause Young (Mixed) (G1 Evacuation Pause)
[2025-08-01T02:35:22.653+0000] GC(486) Using 8 workers of 8 for evacuation
[2025-08-01T02:35:22.684+0000] GC(486)   Pre Evacuate Collection Set: 0.1ms
[2025-08-01T02:35:22.684+0000] GC(486)   Evacuate Collection Set: 29.8ms
[2025-08-01T02:35:22.684+0000] GC(486)   Post Evacuate Collection Set: 0.6ms
[2025-08-01T02:35:22.684+0000] GC(486)   Other: 0.5ms
[2025-08-01T02:35:22.684+0000] GC(486) Eden regions: 79->0(89)
[2025-08-01T02:35:22.684+0000] GC(486) Survivor regions: 23->13(13)
[2025-08-01T02:35:22.684+0000] GC(486) Old regions: 1498->1570
[2025-08-01T02:35:22.684+0000] GC(486) Humongous regions: 0->0
[2025-08-01T02:35:22.684+0000] GC(486) Metaspace: 9706K(12544K)->9706K(12544K) NonClass: 8540K(11008K)->8540K(11008K) Class: 1166K(1536K)->1166K(1536K)
[2025-08-01T02:35:22.684+0000] GC(486) Pause Young (Mixed) (G1 Evacuation Pause) 3197M->3163M(4096M) 31.214ms
[2025-08-01T02:35:22.684+0000] GC(486) User=0.24s Sys=0.00s Real=0.03s
[2025-08-01T02:35:22.710+0000] GC(487) Pause Young (Concurrent Start) (G1 Evacuation Pause)
[2025-08-01T02:35:22.710+0000] GC(487) Using 8 workers of 8 for evacuation
[2025-08-01T02:35:22.735+0000] GC(487)   Pre Evacuate Collection Set: 0.1ms
[2025-08-01T02:35:22.735+0000] GC(487)   Evacuate Collection Set: 23.3ms
[2025-08-01T02:35:22.735+0000] GC(487)   Post Evacuate Collection Set: 0.7ms
[2025-08-01T02:35:22.735+0000] GC(487)   Other: 0.4ms
[2025-08-01T02:35:22.735+0000] GC(487) Eden regions: 89->0(89)
[2025-08-01T02:35:22.735+0000] GC(487) Survivor regions: 13->13(13)
[2025-08-01T02:35:22.735+0000] GC(487) Old regions: 1570->1634
[2025-08-01T02:35:22.735+0000] GC(487) Humongous regions: 0->0
[2025-08-01T02:35:22.735+0000] GC(487) Metaspace: 9706K(12544K)->9706K(12544K) NonClass: 8540K(11008K)->8540K(11008K) Class: 1166K(1536K)->1166K(1536K)
[2025-08-01T02:35:22.735+0000] GC(487) Pause Young (Concurrent Start) (G1 Evacuation Pause) 3341M->3290M(4096M) 24.828ms
[2025-08-01T02:35:22.735+0000] GC(487) User=0.18s Sys=0.00s Real=0.03s
[2025-08-01T02:35:22.735+0000] GC(488) Concurrent Cycle
[2025-08-01T02:35:22.736+0000] GC(488) Concurrent Clear Claimed Marks
[2025-08-01T02:35:22.736+0000] GC(488) Concurrent Clear Claimed Marks 0.063ms
[2025-08-01T02:35:22.736+0000] GC(488) Concurrent Scan Root Regions
[2025-08-01T02:35:22.738+0000] GC(488) Concurrent Scan Root Regions 2.024ms
[2025-08-01T02:35:22.738+0000] GC(488) Concurrent Mark (61.733s)
[2025-08-01T02:35:22.738+0000] GC(488) Concurrent Mark From Roots
[2025-08-01T02:35:22.738+0000] GC(488) Using 2 workers of 2 for marking
[2025-08-01T02:35:22.759+0000] GC(489) Pause Young (Normal) (G1 Evacuation Pause)
[2025-08-01T02:35:22.759+0000] GC(489) Using 8 workers of 8 for evacuation
[2025-08-01T02:35:22.794+0000] GC(489)   Pre Evacuate Collection Set: 0.1ms
[2025-08-01T02:35:22.794+0000] GC(489)   Evacuate Collection Set: 34.3ms
[2025-08-01T02:35:22.794+0000] GC(489)   Post Evacuate Collection Set: 0.6ms
[2025-08-01T02:35:22.794+0000] GC(489)   Other: 0.2ms
[2025-08-01T02:35:22.794+0000] GC(489) Eden regions: 89->0(89)
[2025-08-01T02:35:22.794+0000] GC(489) Survivor regions: 13->13(13)
[2025-08-01T02:35:22.794+0000] GC(489) Old regions: 1634->1724
[2025-08-01T02:35:22.794+0000] GC(489) Humongous regions: 0->0
[2025-08-01T02:35:22.794+0000] GC(489) Metaspace: 9706K(12544K)->9706K(12544K) NonClass: 8540K(11008K)->8540K(11008K) Class: 1166K(1536K)->1166K(1536K)
[2025-08-01T02:35:22.794+0000] GC(489) Pause Young (Normal) (G1 Evacuation Pause) 3468M->3470M(4096M) 35.407ms
[2025-08-01T02:35:22.795+0000] GC(489) User=0.27s Sys=0.00s Real=0.04s
[2025-08-01T02:35:22.812+0000] GC(490) Pause Young (Normal) (G1 Evacuation Pause)
[2025-08-01T02:35:22.812+0000] GC(490) Using 8 workers of 8 for evacuation
[2025-08-01T02:35:22.848+0000] GC(490)   Pre Evacuate Collection Set: 0.1ms
[2025-08-01T02:35:22.848+0000] GC(490)   Evacuate Collection Set: 35.0ms
[2025-08-01T02:35:22.848+0000] GC(490)   Post Evacuate Collection Set: 0.6ms
[2025-08-01T02:35:22.848+0000] GC(490)   Other: 0.3ms
[2025-08-01T02:35:22.848+0000] GC(490) Eden regions: 89->0(89)
[2025-08-01T02:35:22.848+0000] GC(490) Survivor regions: 13->13(13)
[2025-08-01T02:35:22.848+0000] GC(490) Old regions: 1724->1815
[2025-08-01T02:35:22.848+0000] GC(490) Humongous regions: 0->0
[2025-08-01T02:35:22.848+0000] GC(490) Metaspace: 9706K(12544K)->9706K(12544K) NonClass: 8540K(11008K)->8540K(11008K) Class: 1166K(1536K)->1166K(1536K)
[2025-08-01T02:35:22.848+0000] GC(490) Pause Young (Normal) (G1 Evacuation Pause) 3648M->3652M(4096M) 36.135ms
[2025-08-01T02:35:22.848+0000] GC(490) User=0.25s Sys=0.00s Real=0.04s
[2025-08-01T02:35:22.904+0000] GC(491) Pause Young (Normal) (G1 Evacuation Pause)
[2025-08-01T02:35:22.904+0000] GC(491) Using 8 workers of 8 for evacuation
[2025-08-01T02:35:22.922+0000] GC(491)   Pre Evacuate Collection Set: 0.1ms
[2025-08-01T02:35:22.922+0000] GC(491)   Evacuate Collection Set: 17.0ms
[2025-08-01T02:35:22.922+0000] GC(491)   Post Evacuate Collection Set: 0.6ms
[2025-08-01T02:35:22.922+0000] GC(491)   Other: 0.3ms
[2025-08-01T02:35:22.922+0000] GC(491) Eden regions: 89->0(89)
[2025-08-01T02:35:22.922+0000] GC(491) Survivor regions: 13->13(13)
[2025-08-01T02:35:22.922+0000] GC(491) Old regions: 1815->1850
[2025-08-01T02:35:22.922+0000] GC(491) Humongous regions: 0->0
[2025-08-01T02:35:22.922+0000] GC(491) Metaspace: 9706K(12544K)->9706K(12544K) NonClass: 8540K(11008K)->8540K(11008K) Class: 1166K(1536K)->1166K(1536K)
[2025-08-01T02:35:22.922+0000] GC(491) Pause Young (Normal) (G1 Evacuation Pause) 3830M->3722M(4096M) 18.095ms
[2025-08-01T02:35:22.922+0000] GC(491) User=0.13s Sys=0.01s Real=0.01s
[2025-08-01T02:35:22.939+0000] GC(492) Pause Young (Normal) (G1 Evacuation Pause)
[2025-08-01T02:35:22.939+0000] GC(492) Using 8 workers of 8 for evacuation
[2025-08-01T02:35:22.971+0000] GC(492) To-space exhausted
[2025-08-01T02:35:22.971+0000] GC(492)   Pre Evacuate Collection Set: 0.1ms
[2025-08-01T02:35:22.971+0000] GC(492)   Evacuate Collection Set: 29.4ms
[2025-08-01T02:35:22.971+0000] GC(492)   Post Evacuate Collection Set: 2.1ms
[2025-08-01T02:35:22.971+0000] GC(492)   Other: 0.3ms
[2025-08-01T02:35:22.971+0000] GC(492) Eden regions: 89->0(89)
[2025-08-01T02:35:22.971+0000] GC(492) Survivor regions: 13->13(13)
[2025-08-01T02:35:22.971+0000] GC(492) Old regions: 1850->1945
[2025-08-01T02:35:22.971+0000] GC(492) Humongous regions: 0->0
[2025-08-01T02:35:22.971+0000] GC(492) Metaspace: 9706K(12544K)->9706K(12544K) NonClass: 8540K(11008K)->8540K(11008K) Class: 1166K(1536K)->1166K(1536K)
[2025-08-01T02:35:22.971+0000] GC(492) Pause Young (Normal) (G1 Evacuation Pause) 3900M->3913M(4096M) 32.008ms
[2025-08-01T02:35:22.971+0000] GC(492) User=0.23s Sys=0.00s Real=0.03s
[2025-08-01T02:35:23.019+0000] GC(488) Concurrent Mark From Roots 280.815ms
[2025-08-01T02:35:23.019+0000] GC(488) Concurrent Preclean
[2025-08-01T02:35:23.019+0000] GC(488) Concurrent Preclean 0.392ms
[2025-08-01T02:35:23.019+0000] GC(488) Concurrent Mark (61.733s, 62.015s) 281.316ms
[2025-08-01T02:35:23.019+0000] GC(488) Pause Remark
[2025-08-01T02:35:23.021+0000] GC(488) Cleaned string and symbol table, strings: 2833 processed, 0 removed, symbols: 23489 processed, 0 removed
[2025-08-01T02:35:23.023+0000] GC(488) Pause Remark 4073M->2013M(4096M) 3.248ms
[2025-08-01T02:35:23.023+0000] GC(488) User=0.01s Sys=0.00s Real=0.00s
[2025-08-01T02:35:23.023+0000] GC(488) Concurrent Rebuild Remembered Sets
[2025-08-01T02:35:23.033+0000] GC(493) Pause Young (Normal) (G1 Evacuation Pause)
[2025-08-01T02:35:23.033+0000] GC(493) Using 8 workers of 8 for evacuation
[2025-08-01T02:35:23.074+0000] GC(493)   Pre Evacuate Collection Set: 0.1ms
[2025-08-01T02:35:23.074+0000] GC(493)   Evacuate Collection Set: 39.7ms
[2025-08-01T02:35:23.074+0000] GC(493)   Post Evacuate Collection Set: 0.9ms
[2025-08-01T02:35:23.074+0000] GC(493)   Other: 0.3ms
[2025-08-01T02:35:23.074+0000] GC(493) Eden regions: 89->0(270)
[2025-08-01T02:35:23.074+0000] GC(493) Survivor regions: 13->13(13)
[2025-08-01T02:35:23.074+0000] GC(493) Old regions: 915->1006
[2025-08-01T02:35:23.074+0000] GC(493) Humongous regions: 0->0
[2025-08-01T02:35:23.075+0000] GC(493) Metaspace: 9706K(12544K)->9706K(12544K) NonClass: 8540K(11008K)->8540K(11008K) Class: 1166K(1536K)->1166K(1536K)
[2025-08-01T02:35:23.075+0000] GC(493) Pause Young (Normal) (G1 Evacuation Pause) 2031M->2034M(4096M) 41.198ms
[2025-08-01T02:35:23.075+0000] GC(493) User=0.31s Sys=0.02s Real=0.04s
[2025-08-01T02:35:23.170+0000] GC(494) Pause Young (Normal) (G1 Evacuation Pause)
[2025-08-01T02:35:23.171+0000] GC(494) Using 8 workers of 8 for evacuation
[2025-08-01T02:35:23.246+0000] GC(494)   Pre Evacuate Collection Set: 0.1ms
[2025-08-01T02:35:23.246+0000] GC(494)   Evacuate Collection Set: 74.3ms
[2025-08-01T02:35:23.246+0000] GC(494)   Post Evacuate Collection Set: 1.1ms
[2025-08-01T02:35:23.246+0000] GC(494)   Other: 0.3ms
[2025-08-01T02:35:23.246+0000] GC(494) Eden regions: 270->0(193)
[2025-08-01T02:35:23.246+0000] GC(494) Survivor regions: 13->36(36)
[2025-08-01T02:35:23.246+0000] GC(494) Old regions: 1006->1209
[2025-08-01T02:35:23.246+0000] GC(494) Humongous regions: 0->0
[2025-08-01T02:35:23.246+0000] GC(494) Metaspace: 9706K(12544K)->9706K(12544K) NonClass: 8540K(11008K)->8540K(11008K) Class: 1166K(1536K)->1166K(1536K)
[2025-08-01T02:35:23.247+0000] GC(494) Pause Young (Normal) (G1 Evacuation Pause) 2574M->2486M(4096M) 76.044ms
[2025-08-01T02:35:23.247+0000] GC(494) User=0.59s Sys=0.00s Real=0.08s
[2025-08-01T02:35:23.342+0000] GC(495) Pause Young (Normal) (G1 Evacuation Pause)
[2025-08-01T02:35:23.342+0000] GC(495) Using 8 workers of 8 for evacuation
[2025-08-01T02:35:23.440+0000] GC(495)   Pre Evacuate Collection Set: 0.1ms
[2025-08-01T02:35:23.440+0000] GC(495)   Evacuate Collection Set: 97.0ms
[2025-08-01T02:35:23.440+0000] GC(495)   Post Evacuate Collection Set: 1.1ms
[2025-08-01T02:35:23.440+0000] GC(495)   Other: 0.4ms
[2025-08-01T02:35:23.440+0000] GC(495) Eden regions: 193->0(127)
[2025-08-01T02:35:23.440+0000] GC(495) Survivor regions: 36->29(29)
[2025-08-01T02:35:23.440+0000] GC(495) Old regions: 1209->1410
[2025-08-01T02:35:23.440+0000] GC(495) Humongous regions: 0->0
[2025-08-01T02:35:23.440+0000] GC(495) Metaspace: 9706K(12544K)->9706K(12544K) NonClass: 8540K(11008K)->8540K(11008K) Class: 1166K(1536K)->1166K(1536K)
[2025-08-01T02:35:23.440+0000] GC(495) Pause Young (Normal) (G1 Evacuation Pause) 2872M->2875M(4096M) 98.693ms
[2025-08-01T02:35:23.440+0000] GC(495) User=0.73s Sys=0.03s Real=0.10s
[2025-08-01T02:35:23.482+0000] GC(488) Concurrent Rebuild Remembered Sets 459.706ms
[2025-08-01T02:35:23.483+0000] GC(488) Pause Cleanup
[2025-08-01T02:35:23.484+0000] GC(488) Pause Cleanup 3018M->3018M(4096M) 1.110ms
[2025-08-01T02:35:23.484+0000] GC(488) User=0.01s Sys=0.00s Real=0.00s
[2025-08-01T02:35:23.484+0000] GC(488) Concurrent Cleanup for Next Mark
[2025-08-01T02:35:23.492+0000] GC(488) Concurrent Cleanup for Next Mark 8.037ms
[2025-08-01T02:35:23.492+0000] GC(488) Concurrent Cycle 756.698ms
[2025-08-01T02:35:23.511+0000] GC(496) Pause Young (Prepare Mixed) (G1 Evacuation Pause)
[2025-08-01T02:35:23.511+0000] GC(496) Using 8 workers of 8 for evacuation
[2025-08-01T02:35:23.560+0000] GC(496)   Pre Evacuate Collection Set: 0.2ms
[2025-08-01T02:35:23.560+0000] GC(496)   Evacuate Collection Set: 48.4ms
[2025-08-01T02:35:23.560+0000] GC(496)   Post Evacuate Collection Set: 0.8ms
[2025-08-01T02:35:23.560+0000] GC(496)   Other: 0.3ms
[2025-08-01T02:35:23.560+0000] GC(496) Eden regions: 127->0(82)
[2025-08-01T02:35:23.560+0000] GC(496) Survivor regions: 29->20(20)
[2025-08-01T02:35:23.560+0000] GC(496) Old regions: 1410->1534
[2025-08-01T02:35:23.560+0000] GC(496) Humongous regions: 0->0
[2025-08-01T02:35:23.560+0000] GC(496) Metaspace: 9706K(12544K)->9706K(12544K) NonClass: 8540K(11008K)->8540K(11008K) Class: 1166K(1536K)->1166K(1536K)
[2025-08-01T02:35:23.560+0000] GC(496) Pause Young (Prepare Mixed) (G1 Evacuation Pause) 3129M->3105M(4096M) 49.810ms
[2025-08-01T02:35:23.561+0000] GC(496) User=0.37s Sys=0.01s Real=0.05s
[2025-08-01T02:35:23.574+0000] GC(497) Pause Young (Mixed) (G1 Evacuation Pause)
[2025-08-01T02:35:23.574+0000] GC(497) Using 8 workers of 8 for evacuation
[2025-08-01T02:35:23.622+0000] GC(497)   Pre Evacuate Collection Set: 0.2ms
[2025-08-01T02:35:23.622+0000] GC(497)   Evacuate Collection Set: 46.2ms
[2025-08-01T02:35:23.622+0000] GC(497)   Post Evacuate Collection Set: 1.0ms
[2025-08-01T02:35:23.622+0000] GC(497)   Other: 0.6ms
[2025-08-01T02:35:23.622+0000] GC(497) Eden regions: 82->0(114)
[2025-08-01T02:35:23.622+0000] GC(497) Survivor regions: 20->13(13)
[2025-08-01T02:35:23.622+0000] GC(497) Old regions: 1534->1465
[2025-08-01T02:35:23.622+0000] GC(497) Humongous regions: 0->0
[2025-08-01T02:35:23.622+0000] GC(497) Metaspace: 9706K(12544K)->9706K(12544K) NonClass: 8540K(11008K)->8540K(11008K) Class: 1166K(1536K)->1166K(1536K)
[2025-08-01T02:35:23.622+0000] GC(497) Pause Young (Mixed) (G1 Evacuation Pause) 3269M->2952M(4096M) 48.151ms
[2025-08-01T02:35:23.623+0000] GC(497) User=0.34s Sys=0.01s Real=0.04s
[2025-08-01T02:35:23.685+0000] GC(498) Pause Young (Concurrent Start) (G1 Evacuation Pause)
[2025-08-01T02:35:23.685+0000] GC(498) Using 8 workers of 8 for evacuation
[2025-08-01T02:35:23.725+0000] GC(498)   Pre Evacuate Collection Set: 0.1ms
[2025-08-01T02:35:23.725+0000] GC(498)   Evacuate Collection Set: 38.5ms
[2025-08-01T02:35:23.725+0000] GC(498)   Post Evacuate Collection Set: 0.4ms
[2025-08-01T02:35:23.725+0000] GC(498)   Other: 0.4ms
[2025-08-01T02:35:23.725+0000] GC(498) Eden regions: 114->0(94)
[2025-08-01T02:35:23.725+0000] GC(498) Survivor regions: 13->16(16)
[2025-08-01T02:35:23.725+0000] GC(498) Old regions: 1465->1532
[2025-08-01T02:35:23.725+0000] GC(498) Humongous regions: 0->0
[2025-08-01T02:35:23.725+0000] GC(498) Metaspace: 9706K(12544K)->9706K(12544K) NonClass: 8540K(11008K)->8540K(11008K) Class: 1166K(1536K)->1166K(1536K)
[2025-08-01T02:35:23.725+0000] GC(498) Pause Young (Concurrent Start) (G1 Evacuation Pause) 3180M->3093M(4096M) 39.505ms
[2025-08-01T02:35:23.725+0000] GC(498) User=0.29s Sys=0.00s Real=0.04s
[2025-08-01T02:35:23.725+0000] GC(499) Concurrent Cycle
[2025-08-01T02:35:23.725+0000] GC(499) Concurrent Clear Claimed Marks
[2025-08-01T02:35:23.725+0000] GC(499) Concurrent Clear Claimed Marks 0.048ms
[2025-08-01T02:35:23.725+0000] GC(499) Concurrent Scan Root Regions
[2025-08-01T02:35:23.731+0000] GC(499) Concurrent Scan Root Regions 6.165ms
[2025-08-01T02:35:23.731+0000] GC(499) Concurrent Mark (62.727s)
[2025-08-01T02:35:23.731+0000] GC(499) Concurrent Mark From Roots
[2025-08-01T02:35:23.731+0000] GC(499) Using 2 workers of 2 for marking
[2025-08-01T02:35:23.744+0000] GC(500) Pause Young (Normal) (G1 Evacuation Pause)
[2025-08-01T02:35:23.745+0000] GC(500) Using 8 workers of 8 for evacuation
[2025-08-01T02:35:23.777+0000] GC(500)   Pre Evacuate Collection Set: 0.1ms
[2025-08-01T02:35:23.777+0000] GC(500)   Evacuate Collection Set: 31.8ms
[2025-08-01T02:35:23.777+0000] GC(500)   Post Evacuate Collection Set: 0.6ms
[2025-08-01T02:35:23.777+0000] GC(500)   Other: 0.3ms
[2025-08-01T02:35:23.777+0000] GC(500) Eden regions: 94->0(88)
[2025-08-01T02:35:23.777+0000] GC(500) Survivor regions: 16->14(14)
[2025-08-01T02:35:23.777+0000] GC(500) Old regions: 1532->1630
[2025-08-01T02:35:23.777+0000] GC(500) Humongous regions: 0->0
[2025-08-01T02:35:23.777+0000] GC(500) Metaspace: 9706K(12544K)->9706K(12544K) NonClass: 8540K(11008K)->8540K(11008K) Class: 1166K(1536K)->1166K(1536K)
[2025-08-01T02:35:23.777+0000] GC(500) Pause Young (Normal) (G1 Evacuation Pause) 3281M->3285M(4096M) 32.873ms
[2025-08-01T02:35:23.777+0000] GC(500) User=0.25s Sys=0.00s Real=0.03s
[2025-08-01T02:35:23.840+0000] GC(501) Pause Young (Normal) (G1 Evacuation Pause)
[2025-08-01T02:35:23.840+0000] GC(501) Using 8 workers of 8 for evacuation
[2025-08-01T02:35:23.883+0000] GC(501)   Pre Evacuate Collection Set: 0.1ms
[2025-08-01T02:35:23.883+0000] GC(501)   Evacuate Collection Set: 41.3ms
[2025-08-01T02:35:23.883+0000] GC(501)   Post Evacuate Collection Set: 0.8ms
[2025-08-01T02:35:23.883+0000] GC(501)   Other: 0.4ms
[2025-08-01T02:35:23.883+0000] GC(501) Eden regions: 88->0(89)
[2025-08-01T02:35:23.883+0000] GC(501) Survivor regions: 14->13(13)
[2025-08-01T02:35:23.883+0000] GC(501) Old regions: 1630->1721
[2025-08-01T02:35:23.883+0000] GC(501) Humongous regions: 0->0
[2025-08-01T02:35:23.883+0000] GC(501) Metaspace: 9706K(12544K)->9706K(12544K) NonClass: 8540K(11008K)->8540K(11008K) Class: 1166K(1536K)->1166K(1536K)
[2025-08-01T02:35:23.883+0000] GC(501) Pause Young (Normal) (G1 Evacuation Pause) 3461M->3464M(4096M) 42.808ms
[2025-08-01T02:35:23.883+0000] GC(501) User=0.30s Sys=0.02s Real=0.05s
[2025-08-01T02:35:23.904+0000] GC(502) Pause Young (Normal) (G1 Evacuation Pause)
[2025-08-01T02:35:23.904+0000] GC(502) Using 8 workers of 8 for evacuation
[2025-08-01T02:35:23.939+0000] GC(502)   Pre Evacuate Collection Set: 0.1ms
[2025-08-01T02:35:23.939+0000] GC(502)   Evacuate Collection Set: 34.1ms
[2025-08-01T02:35:23.939+0000] GC(502)   Post Evacuate Collection Set: 0.9ms
[2025-08-01T02:35:23.939+0000] GC(502)   Other: 0.2ms
[2025-08-01T02:35:23.939+0000] GC(502) Eden regions: 89->0(89)
[2025-08-01T02:35:23.939+0000] GC(502) Survivor regions: 13->13(13)
[2025-08-01T02:35:23.939+0000] GC(502) Old regions: 1721->1811
[2025-08-01T02:35:23.939+0000] GC(502) Humongous regions: 0->0
[2025-08-01T02:35:23.939+0000] GC(502) Metaspace: 9706K(12544K)->9706K(12544K) NonClass: 8540K(11008K)->8540K(11008K) Class: 1166K(1536K)->1166K(1536K)
[2025-08-01T02:35:23.939+0000] GC(502) Pause Young (Normal) (G1 Evacuation Pause) 3642M->3644M(4096M) 35.520ms
[2025-08-01T02:35:23.939+0000] GC(502) User=0.26s Sys=0.01s Real=0.03s
[2025-08-01T02:35:23.955+0000] GC(499) Concurrent Mark From Roots 223.912ms
[2025-08-01T02:35:23.955+0000] GC(499) Concurrent Preclean
[2025-08-01T02:35:23.955+0000] GC(499) Concurrent Preclean 0.305ms
[2025-08-01T02:35:23.955+0000] GC(499) Concurrent Mark (62.727s, 62.951s) 224.307ms
[2025-08-01T02:35:23.956+0000] GC(499) Pause Remark
[2025-08-01T02:35:23.958+0000] GC(499) Cleaned string and symbol table, strings: 2833 processed, 0 removed, symbols: 23489 processed, 0 removed
[2025-08-01T02:35:23.961+0000] GC(499) Pause Remark 3778M->1682M(4096M) 5.049ms
[2025-08-01T02:35:23.961+0000] GC(499) User=0.02s Sys=0.00s Real=0.00s
[2025-08-01T02:35:23.961+0000] GC(499) Concurrent Rebuild Remembered Sets
[2025-08-01T02:35:24.001+0000] GC(503) Pause Young (Normal) (G1 Evacuation Pause)
[2025-08-01T02:35:24.001+0000] GC(503) Using 8 workers of 8 for evacuation
[2025-08-01T02:35:24.039+0000] GC(503)   Pre Evacuate Collection Set: 0.1ms
[2025-08-01T02:35:24.039+0000] GC(503)   Evacuate Collection Set: 36.8ms
[2025-08-01T02:35:24.039+0000] GC(503)   Post Evacuate Collection Set: 0.7ms
[2025-08-01T02:35:24.039+0000] GC(503)   Other: 0.4ms
[2025-08-01T02:35:24.039+0000] GC(503) Eden regions: 89->0(330)
[2025-08-01T02:35:24.039+0000] GC(503) Survivor regions: 13->13(13)
[2025-08-01T02:35:24.039+0000] GC(503) Old regions: 763->850
[2025-08-01T02:35:24.039+0000] GC(503) Humongous regions: 0->0
[2025-08-01T02:35:24.039+0000] GC(503) Metaspace: 9706K(12544K)->9706K(12544K) NonClass: 8540K(11008K)->8540K(11008K) Class: 1166K(1536K)->1166K(1536K)
[2025-08-01T02:35:24.039+0000] GC(503) Pause Young (Normal) (G1 Evacuation Pause) 1726M->1723M(4096M) 38.195ms
[2025-08-01T02:35:24.039+0000] GC(503) User=0.28s Sys=0.01s Real=0.04s
[2025-08-01T02:35:24.154+0000] GC(504) Pause Young (Normal) (G1 Evacuation Pause)
[2025-08-01T02:35:24.154+0000] GC(504) Using 8 workers of 8 for evacuation
[2025-08-01T02:35:24.250+0000] GC(504)   Pre Evacuate Collection Set: 0.1ms
[2025-08-01T02:35:24.250+0000] GC(504)   Evacuate Collection Set: 94.3ms
[2025-08-01T02:35:24.250+0000] GC(504)   Post Evacuate Collection Set: 1.0ms
[2025-08-01T02:35:24.250+0000] GC(504)   Other: 0.4ms
[2025-08-01T02:35:24.250+0000] GC(504) Eden regions: 330->0(227)
[2025-08-01T02:35:24.250+0000] GC(504) Survivor regions: 13->43(43)
[2025-08-01T02:35:24.250+0000] GC(504) Old regions: 850->1103
[2025-08-01T02:35:24.250+0000] GC(504) Humongous regions: 0->0
[2025-08-01T02:35:24.250+0000] GC(504) Metaspace: 9706K(12544K)->9706K(12544K) NonClass: 8540K(11008K)->8540K(11008K) Class: 1166K(1536K)->1166K(1536K)
[2025-08-01T02:35:24.250+0000] GC(504) Pause Young (Normal) (G1 Evacuation Pause) 2383M->2289M(4096M) 95.992ms
[2025-08-01T02:35:24.250+0000] GC(504) User=0.74s Sys=0.01s Real=0.09s
[2025-08-01T02:35:24.283+0000] GC(499) Concurrent Rebuild Remembered Sets 322.159ms
[2025-08-01T02:35:24.283+0000] GC(499) Pause Cleanup
[2025-08-01T02:35:24.284+0000] GC(499) Pause Cleanup 2400M->2400M(4096M) 0.756ms
[2025-08-01T02:35:24.284+0000] GC(499) User=0.01s Sys=0.00s Real=0.00s
[2025-08-01T02:35:24.284+0000] GC(499) Concurrent Cleanup for Next Mark
[2025-08-01T02:35:24.292+0000] GC(499) Concurrent Cleanup for Next Mark 7.242ms
[2025-08-01T02:35:24.292+0000] GC(499) Concurrent Cycle 566.916ms
[2025-08-01T02:35:24.339+0000] GC(505) Pause Young (Prepare Mixed) (G1 Evacuation Pause)
[2025-08-01T02:35:24.340+0000] GC(505) Using 8 workers of 8 for evacuation
[2025-08-01T02:35:24.454+0000] GC(505)   Pre Evacuate Collection Set: 0.1ms
[2025-08-01T02:35:24.455+0000] GC(505)   Evacuate Collection Set: 113.6ms
[2025-08-01T02:35:24.455+0000] GC(505)   Post Evacuate Collection Set: 0.9ms
[2025-08-01T02:35:24.455+0000] GC(505)   Other: 0.4ms
[2025-08-01T02:35:24.455+0000] GC(505) Eden regions: 227->0(68)
[2025-08-01T02:35:24.455+0000] GC(505) Survivor regions: 43->34(34)
[2025-08-01T02:35:24.455+0000] GC(505) Old regions: 1103->1221
[2025-08-01T02:35:24.455+0000] GC(505) Humongous regions: 0->0
[2025-08-01T02:35:24.455+0000] GC(505) Metaspace: 9706K(12544K)->9706K(12544K) NonClass: 8540K(11008K)->8540K(11008K) Class: 1166K(1536K)->1166K(1536K)
[2025-08-01T02:35:24.455+0000] GC(505) Pause Young (Prepare Mixed) (G1 Evacuation Pause) 2743M->2507M(4096M) 115.216ms
[2025-08-01T02:35:24.455+0000] GC(505) User=0.86s Sys=0.03s Real=0.12s
[2025-08-01T02:35:24.468+0000] GC(506) Pause Young (Mixed) (G1 Evacuation Pause)
[2025-08-01T02:35:24.468+0000] GC(506) Using 8 workers of 8 for evacuation
[2025-08-01T02:35:24.535+0000] GC(506)   Pre Evacuate Collection Set: 0.2ms
[2025-08-01T02:35:24.535+0000] GC(506)   Evacuate Collection Set: 64.7ms
[2025-08-01T02:35:24.535+0000] GC(506)   Post Evacuate Collection Set: 1.2ms
[2025-08-01T02:35:24.535+0000] GC(506)   Other: 0.5ms
[2025-08-01T02:35:24.535+0000] GC(506) Eden regions: 68->0(230)
[2025-08-01T02:35:24.535+0000] GC(506) Survivor regions: 34->13(13)
[2025-08-01T02:35:24.535+0000] GC(506) Old regions: 1221->1149
[2025-08-01T02:35:24.536+0000] GC(506) Humongous regions: 0->0
[2025-08-01T02:35:24.536+0000] GC(506) Metaspace: 9706K(12544K)->9706K(12544K) NonClass: 8540K(11008K)->8540K(11008K) Class: 1166K(1536K)->1166K(1536K)
[2025-08-01T02:35:24.536+0000] GC(506) Pause Young (Mixed) (G1 Evacuation Pause) 2643M->2321M(4096M) 67.459ms
[2025-08-01T02:35:24.536+0000] GC(506) User=0.47s Sys=0.02s Real=0.07s
[2025-08-01T02:35:24.629+0000] GC(507) Pause Young (Concurrent Start) (G1 Evacuation Pause)
[2025-08-01T02:35:24.629+0000] GC(507) Using 8 workers of 8 for evacuation
[2025-08-01T02:35:24.723+0000] GC(507)   Pre Evacuate Collection Set: 0.1ms
[2025-08-01T02:35:24.723+0000] GC(507)   Evacuate Collection Set: 92.8ms
[2025-08-01T02:35:24.723+0000] GC(507)   Post Evacuate Collection Set: 1.1ms
[2025-08-01T02:35:24.723+0000] GC(507)   Other: 0.8ms
[2025-08-01T02:35:24.723+0000] GC(507) Eden regions: 230->0(166)
[2025-08-01T02:35:24.724+0000] GC(507) Survivor regions: 13->31(31)
[2025-08-01T02:35:24.724+0000] GC(507) Old regions: 1149->1315
[2025-08-01T02:35:24.724+0000] GC(507) Humongous regions: 0->0
[2025-08-01T02:35:24.724+0000] GC(507) Metaspace: 9706K(12544K)->9706K(12544K) NonClass: 8540K(11008K)->8540K(11008K) Class: 1166K(1536K)->1166K(1536K)
[2025-08-01T02:35:24.724+0000] GC(507) Pause Young (Concurrent Start) (G1 Evacuation Pause) 2781M->2688M(4096M) 95.019ms
[2025-08-01T02:35:24.724+0000] GC(507) User=0.64s Sys=0.05s Real=0.10s
[2025-08-01T02:35:24.724+0000] GC(508) Concurrent Cycle
[2025-08-01T02:35:24.724+0000] GC(508) Concurrent Clear Claimed Marks
[2025-08-01T02:35:24.724+0000] GC(508) Concurrent Clear Claimed Marks 0.174ms
[2025-08-01T02:35:24.724+0000] GC(508) Concurrent Scan Root Regions
[2025-08-01T02:35:24.733+0000] GC(508) Concurrent Scan Root Regions 9.188ms
[2025-08-01T02:35:24.733+0000] GC(508) Concurrent Mark (63.729s)
[2025-08-01T02:35:24.733+0000] GC(508) Concurrent Mark From Roots
[2025-08-01T02:35:24.733+0000] GC(508) Using 2 workers of 2 for marking
[2025-08-01T02:35:24.804+0000] GC(509) Pause Young (Normal) (G1 Evacuation Pause)
[2025-08-01T02:35:24.804+0000] GC(509) Using 8 workers of 8 for evacuation
[2025-08-01T02:35:24.871+0000] GC(509)   Pre Evacuate Collection Set: 0.1ms
[2025-08-01T02:35:24.872+0000] GC(509)   Evacuate Collection Set: 66.3ms
[2025-08-01T02:35:24.872+0000] GC(509)   Post Evacuate Collection Set: 0.8ms
[2025-08-01T02:35:24.872+0000] GC(509)   Other: 0.4ms
[2025-08-01T02:35:24.872+0000] GC(509) Eden regions: 166->0(103)
[2025-08-01T02:35:24.872+0000] GC(509) Survivor regions: 31->25(25)
[2025-08-01T02:35:24.872+0000] GC(509) Old regions: 1315->1488
[2025-08-01T02:35:24.872+0000] GC(509) Humongous regions: 0->0
[2025-08-01T02:35:24.872+0000] GC(509) Metaspace: 9706K(12544K)->9706K(12544K) NonClass: 8540K(11008K)->8540K(11008K) Class: 1166K(1536K)->1166K(1536K)
[2025-08-01T02:35:24.872+0000] GC(509) Pause Young (Normal) (G1 Evacuation Pause) 3020M->3023M(4096M) 67.650ms
[2025-08-01T02:35:24.872+0000] GC(509) User=0.51s Sys=0.01s Real=0.06s
[2025-08-01T02:35:24.921+0000] GC(508) Concurrent Mark From Roots 187.574ms
[2025-08-01T02:35:24.921+0000] GC(508) Concurrent Preclean
[2025-08-01T02:35:24.921+0000] GC(508) Concurrent Preclean 0.300ms
[2025-08-01T02:35:24.921+0000] GC(508) Concurrent Mark (63.729s, 63.917s) 187.955ms
[2025-08-01T02:35:24.922+0000] GC(508) Pause Remark
[2025-08-01T02:35:24.924+0000] GC(508) Cleaned string and symbol table, strings: 2833 processed, 0 removed, symbols: 23489 processed, 0 removed
[2025-08-01T02:35:24.925+0000] GC(508) Pause Remark 3202M->1418M(4096M) 3.479ms
[2025-08-01T02:35:24.925+0000] GC(508) User=0.01s Sys=0.00s Real=0.01s
[2025-08-01T02:35:24.925+0000] GC(508) Concurrent Rebuild Remembered Sets
[2025-08-01T02:35:24.938+0000] GC(510) Pause Young (Normal) (G1 Evacuation Pause)
[2025-08-01T02:35:24.938+0000] GC(510) Using 8 workers of 8 for evacuation
[2025-08-01T02:35:24.983+0000] GC(510)   Pre Evacuate Collection Set: 0.1ms
[2025-08-01T02:35:24.983+0000] GC(510)   Evacuate Collection Set: 43.1ms
[2025-08-01T02:35:24.983+0000] GC(510)   Post Evacuate Collection Set: 0.8ms
[2025-08-01T02:35:24.983+0000] GC(510)   Other: 0.3ms
[2025-08-01T02:35:24.983+0000] GC(510) Eden regions: 103->0(409)
[2025-08-01T02:35:24.983+0000] GC(510) Survivor regions: 25->16(16)
[2025-08-01T02:35:24.983+0000] GC(510) Old regions: 596->687
[2025-08-01T02:35:24.983+0000] GC(510) Humongous regions: 0->0
[2025-08-01T02:35:24.983+0000] GC(510) Metaspace: 9706K(12544K)->9706K(12544K) NonClass: 8540K(11008K)->8540K(11008K) Class: 1166K(1536K)->1166K(1536K)
[2025-08-01T02:35:24.983+0000] GC(510) Pause Young (Normal) (G1 Evacuation Pause) 1445M->1403M(4096M) 44.407ms
[2025-08-01T02:35:24.983+0000] GC(510) User=0.33s Sys=0.01s Real=0.04s
[2025-08-01T02:35:25.128+0000] GC(508) Concurrent Rebuild Remembered Sets 202.958ms
[2025-08-01T02:35:25.129+0000] GC(508) Pause Cleanup
[2025-08-01T02:35:25.129+0000] GC(508) Pause Cleanup 2100M->2100M(4096M) 0.883ms
[2025-08-01T02:35:25.130+0000] GC(508) User=0.01s Sys=0.00s Real=0.00s
[2025-08-01T02:35:25.130+0000] GC(508) Concurrent Cleanup for Next Mark
[2025-08-01T02:35:25.138+0000] GC(508) Concurrent Cleanup for Next Mark 8.553ms
[2025-08-01T02:35:25.138+0000] GC(508) Concurrent Cycle 414.527ms
[2025-08-01T02:35:25.150+0000] GC(511) Pause Young (Prepare Mixed) (G1 Evacuation Pause)
[2025-08-01T02:35:25.150+0000] GC(511) Using 8 workers of 8 for evacuation
[2025-08-01T02:35:25.245+0000] GC(511)   Pre Evacuate Collection Set: 0.1ms
[2025-08-01T02:35:25.245+0000] GC(511)   Evacuate Collection Set: 94.2ms
[2025-08-01T02:35:25.245+0000] GC(511)   Post Evacuate Collection Set: 0.8ms
[2025-08-01T02:35:25.245+0000] GC(511)   Other: 0.3ms
[2025-08-01T02:35:25.245+0000] GC(511) Eden regions: 409->0(48)
[2025-08-01T02:35:25.245+0000] GC(511) Survivor regions: 16->54(54)
[2025-08-01T02:35:25.245+0000] GC(511) Old regions: 687->882
[2025-08-01T02:35:25.245+0000] GC(511) Humongous regions: 0->0
[2025-08-01T02:35:25.245+0000] GC(511) Metaspace: 9706K(12544K)->9706K(12544K) NonClass: 8540K(11008K)->8540K(11008K) Class: 1166K(1536K)->1166K(1536K)
[2025-08-01T02:35:25.245+0000] GC(511) Pause Young (Prepare Mixed) (G1 Evacuation Pause) 2221M->1869M(4096M) 95.526ms
[2025-08-01T02:35:25.245+0000] GC(511) User=0.71s Sys=0.02s Real=0.10s
[2025-08-01T02:35:25.254+0000] GC(512) Pause Young (Mixed) (G1 Evacuation Pause)
[2025-08-01T02:35:25.254+0000] GC(512) Using 8 workers of 8 for evacuation
[2025-08-01T02:35:25.284+0000] GC(512)   Pre Evacuate Collection Set: 0.1ms
[2025-08-01T02:35:25.285+0000] GC(512)   Evacuate Collection Set: 29.5ms
[2025-08-01T02:35:25.285+0000] GC(512)   Post Evacuate Collection Set: 0.8ms
[2025-08-01T02:35:25.285+0000] GC(512)   Other: 0.5ms
[2025-08-01T02:35:25.285+0000] GC(512) Eden regions: 48->0(311)
[2025-08-01T02:35:25.285+0000] GC(512) Survivor regions: 54->13(13)
[2025-08-01T02:35:25.285+0000] GC(512) Old regions: 882->965
[2025-08-01T02:35:25.285+0000] GC(512) Humongous regions: 0->0
[2025-08-01T02:35:25.285+0000] GC(512) Metaspace: 9706K(12544K)->9706K(12544K) NonClass: 8540K(11008K)->8540K(11008K) Class: 1166K(1536K)->1166K(1536K)
[2025-08-01T02:35:25.285+0000] GC(512) Pause Young (Mixed) (G1 Evacuation Pause) 1965M->1953M(4096M) 31.091ms
[2025-08-01T02:35:25.285+0000] GC(512) User=0.24s Sys=0.01s Real=0.03s
[2025-08-01T02:35:25.442+0000] GC(513) Pause Young (Concurrent Start) (G1 Evacuation Pause)
[2025-08-01T02:35:25.442+0000] GC(513) Using 8 workers of 8 for evacuation
[2025-08-01T02:35:25.585+0000] GC(513)   Pre Evacuate Collection Set: 0.1ms
[2025-08-01T02:35:25.585+0000] GC(513)   Evacuate Collection Set: 141.9ms
[2025-08-01T02:35:25.585+0000] GC(513)   Post Evacuate Collection Set: 0.8ms
[2025-08-01T02:35:25.585+0000] GC(513)   Other: 0.4ms
[2025-08-01T02:35:25.585+0000] GC(513) Eden regions: 311->0(187)
[2025-08-01T02:35:25.585+0000] GC(513) Survivor regions: 13->41(41)
[2025-08-01T02:35:25.585+0000] GC(513) Old regions: 965->1227
[2025-08-01T02:35:25.585+0000] GC(513) Humongous regions: 0->0
[2025-08-01T02:35:25.585+0000] GC(513) Metaspace: 9706K(12544K)->9706K(12544K) NonClass: 8540K(11008K)->8540K(11008K) Class: 1166K(1536K)->1166K(1536K)
[2025-08-01T02:35:25.585+0000] GC(513) Pause Young (Concurrent Start) (G1 Evacuation Pause) 2575M->2533M(4096M) 143.381ms
[2025-08-01T02:35:25.585+0000] GC(513) User=1.06s Sys=0.05s Real=0.15s
[2025-08-01T02:35:25.585+0000] GC(514) Concurrent Cycle
[2025-08-01T02:35:25.585+0000] GC(514) Concurrent Clear Claimed Marks
[2025-08-01T02:35:25.585+0000] GC(514) Concurrent Clear Claimed Marks 0.062ms
[2025-08-01T02:35:25.585+0000] GC(514) Concurrent Scan Root Regions
[2025-08-01T02:35:25.595+0000] GC(514) Concurrent Scan Root Regions 10.219ms
[2025-08-01T02:35:25.596+0000] GC(514) Concurrent Mark (64.591s)
[2025-08-01T02:35:25.596+0000] GC(514) Concurrent Mark From Roots
[2025-08-01T02:35:25.596+0000] GC(514) Using 2 workers of 2 for marking
[2025-08-01T02:35:25.665+0000] GC(515) Pause Young (Normal) (G1 Evacuation Pause)
[2025-08-01T02:35:25.665+0000] GC(515) Using 8 workers of 8 for evacuation
[2025-08-01T02:35:25.735+0000] GC(515)   Pre Evacuate Collection Set: 0.1ms
[2025-08-01T02:35:25.735+0000] GC(515)   Evacuate Collection Set: 68.5ms
[2025-08-01T02:35:25.735+0000] GC(515)   Post Evacuate Collection Set: 1.2ms
[2025-08-01T02:35:25.735+0000] GC(515)   Other: 0.3ms
[2025-08-01T02:35:25.735+0000] GC(515) Eden regions: 187->0(145)
[2025-08-01T02:35:25.735+0000] GC(515) Survivor regions: 41->29(29)
[2025-08-01T02:35:25.735+0000] GC(515) Old regions: 1227->1371
[2025-08-01T02:35:25.735+0000] GC(515) Humongous regions: 0->0
[2025-08-01T02:35:25.735+0000] GC(515) Metaspace: 9706K(12544K)->9706K(12544K) NonClass: 8540K(11008K)->8540K(11008K) Class: 1166K(1536K)->1166K(1536K)
[2025-08-01T02:35:25.735+0000] GC(515) Pause Young (Normal) (G1 Evacuation Pause) 2907M->2797M(4096M) 70.327ms
[2025-08-01T02:35:25.735+0000] GC(515) User=0.51s Sys=0.01s Real=0.07s
[2025-08-01T02:35:25.797+0000] GC(516) Pause Young (Normal) (G1 Evacuation Pause)
[2025-08-01T02:35:25.798+0000] GC(516) Using 8 workers of 8 for evacuation
[2025-08-01T02:35:25.873+0000] GC(516)   Pre Evacuate Collection Set: 0.1ms
[2025-08-01T02:35:25.873+0000] GC(516)   Evacuate Collection Set: 74.3ms
[2025-08-01T02:35:25.873+0000] GC(516)   Post Evacuate Collection Set: 0.9ms
[2025-08-01T02:35:25.873+0000] GC(516)   Other: 0.3ms
[2025-08-01T02:35:25.873+0000] GC(516) Eden regions: 145->0(93)
[2025-08-01T02:35:25.873+0000] GC(516) Survivor regions: 29->22(22)
[2025-08-01T02:35:25.873+0000] GC(516) Old regions: 1371->1525
[2025-08-01T02:35:25.873+0000] GC(516) Humongous regions: 0->0
[2025-08-01T02:35:25.873+0000] GC(516) Metaspace: 9706K(12544K)->9706K(12544K) NonClass: 8540K(11008K)->8540K(11008K) Class: 1166K(1536K)->1166K(1536K)
[2025-08-01T02:35:25.873+0000] GC(516) Pause Young (Normal) (G1 Evacuation Pause) 3087M->3091M(4096M) 75.723ms
[2025-08-01T02:35:25.873+0000] GC(516) User=0.56s Sys=0.02s Real=0.08s
[2025-08-01T02:35:25.892+0000] GC(517) Pause Young (Normal) (G1 Evacuation Pause)
[2025-08-01T02:35:25.892+0000] GC(517) Using 8 workers of 8 for evacuation
[2025-08-01T02:35:25.920+0000] GC(517)   Pre Evacuate Collection Set: 0.1ms
[2025-08-01T02:35:25.920+0000] GC(517)   Evacuate Collection Set: 27.0ms
[2025-08-01T02:35:25.920+0000] GC(517)   Post Evacuate Collection Set: 0.7ms
[2025-08-01T02:35:25.920+0000] GC(517)   Other: 0.2ms
[2025-08-01T02:35:25.920+0000] GC(517) Eden regions: 93->0(87)
[2025-08-01T02:35:25.920+0000] GC(517) Survivor regions: 22->15(15)
[2025-08-01T02:35:25.920+0000] GC(517) Old regions: 1525->1605
[2025-08-01T02:35:25.920+0000] GC(517) Humongous regions: 0->0
[2025-08-01T02:35:25.920+0000] GC(517) Metaspace: 9706K(12544K)->9706K(12544K) NonClass: 8540K(11008K)->8540K(11008K) Class: 1166K(1536K)->1166K(1536K)
[2025-08-01T02:35:25.920+0000] GC(517) Pause Young (Normal) (G1 Evacuation Pause) 3277M->3237M(4096M) 28.125ms
[2025-08-01T02:35:25.920+0000] GC(517) User=0.21s Sys=0.00s Real=0.03s
[2025-08-01T02:35:25.947+0000] GC(514) Concurrent Mark From Roots 351.373ms
[2025-08-01T02:35:25.947+0000] GC(514) Concurrent Preclean
[2025-08-01T02:35:25.947+0000] GC(514) Concurrent Preclean 0.304ms
[2025-08-01T02:35:25.947+0000] GC(514) Concurrent Mark (64.591s, 64.943s) 351.776ms
[2025-08-01T02:35:25.948+0000] GC(514) Pause Remark
[2025-08-01T02:35:25.950+0000] GC(514) Cleaned string and symbol table, strings: 2833 processed, 0 removed, symbols: 23489 processed, 0 removed
[2025-08-01T02:35:25.951+0000] GC(514) Pause Remark 3400M->2032M(4096M) 3.306ms
[2025-08-01T02:35:25.951+0000] GC(514) User=0.01s Sys=0.00s Real=0.00s
[2025-08-01T02:35:25.951+0000] GC(514) Concurrent Rebuild Remembered Sets
[2025-08-01T02:35:25.954+0000] GC(518) Pause Young (Normal) (G1 Evacuation Pause)
[2025-08-01T02:35:25.954+0000] GC(518) Using 8 workers of 8 for evacuation
[2025-08-01T02:35:25.982+0000] GC(518)   Pre Evacuate Collection Set: 0.1ms
[2025-08-01T02:35:25.982+0000] GC(518)   Evacuate Collection Set: 27.2ms
[2025-08-01T02:35:25.983+0000] GC(518)   Post Evacuate Collection Set: 0.9ms
[2025-08-01T02:35:25.983+0000] GC(518)   Other: 0.3ms
[2025-08-01T02:35:25.983+0000] GC(518) Eden regions: 87->0(291)
[2025-08-01T02:35:25.983+0000] GC(518) Survivor regions: 15->13(13)
[2025-08-01T02:35:25.983+0000] GC(518) Old regions: 921->985
[2025-08-01T02:35:25.983+0000] GC(518) Humongous regions: 0->0
[2025-08-01T02:35:25.983+0000] GC(518) Metaspace: 9706K(12544K)->9706K(12544K) NonClass: 8540K(11008K)->8540K(11008K) Class: 1166K(1536K)->1166K(1536K)
[2025-08-01T02:35:25.983+0000] GC(518) Pause Young (Normal) (G1 Evacuation Pause) 2043M->1992M(4096M) 28.643ms
[2025-08-01T02:35:25.983+0000] GC(518) User=0.21s Sys=0.00s Real=0.02s
[2025-08-01T02:35:26.081+0000] GC(519) Pause Young (Normal) (G1 Evacuation Pause)
[2025-08-01T02:35:26.082+0000] GC(519) Using 8 workers of 8 for evacuation
[2025-08-01T02:35:26.190+0000] GC(519)   Pre Evacuate Collection Set: 0.1ms
[2025-08-01T02:35:26.191+0000] GC(519)   Evacuate Collection Set: 108.1ms
[2025-08-01T02:35:26.191+0000] GC(519)   Post Evacuate Collection Set: 0.6ms
[2025-08-01T02:35:26.191+0000] GC(519)   Other: 0.3ms
[2025-08-01T02:35:26.191+0000] GC(519) Eden regions: 291->0(197)
[2025-08-01T02:35:26.191+0000] GC(519) Survivor regions: 13->38(38)
[2025-08-01T02:35:26.191+0000] GC(519) Old regions: 985->1203
[2025-08-01T02:35:26.191+0000] GC(519) Humongous regions: 0->0
[2025-08-01T02:35:26.191+0000] GC(519) Metaspace: 9706K(12544K)->9706K(12544K) NonClass: 8540K(11008K)->8540K(11008K) Class: 1166K(1536K)->1166K(1536K)
[2025-08-01T02:35:26.191+0000] GC(519) Pause Young (Normal) (G1 Evacuation Pause) 2574M->2478M(4096M) 109.181ms
[2025-08-01T02:35:26.191+0000] GC(519) User=0.82s Sys=0.03s Real=0.11s
[2025-08-01T02:35:26.272+0000] GC(520) Pause Young (Normal) (G1 Evacuation Pause)
[2025-08-01T02:35:26.272+0000] GC(520) Using 8 workers of 8 for evacuation
[2025-08-01T02:35:26.358+0000] GC(520)   Pre Evacuate Collection Set: 0.1ms
[2025-08-01T02:35:26.358+0000] GC(520)   Evacuate Collection Set: 84.5ms
[2025-08-01T02:35:26.358+0000] GC(520)   Post Evacuate Collection Set: 0.7ms
[2025-08-01T02:35:26.358+0000] GC(520)   Other: 0.3ms
[2025-08-01T02:35:26.358+0000] GC(520) Eden regions: 197->0(127)
[2025-08-01T02:35:26.358+0000] GC(520) Survivor regions: 38->30(30)
[2025-08-01T02:35:26.358+0000] GC(520) Old regions: 1203->1410
[2025-08-01T02:35:26.358+0000] GC(520) Humongous regions: 0->0
[2025-08-01T02:35:26.358+0000] GC(520) Metaspace: 9706K(12544K)->9706K(12544K) NonClass: 8540K(11008K)->8540K(11008K) Class: 1166K(1536K)->1166K(1536K)
[2025-08-01T02:35:26.358+0000] GC(520) Pause Young (Normal) (G1 Evacuation Pause) 2872M->2877M(4096M) 85.758ms
[2025-08-01T02:35:26.358+0000] GC(520) User=0.66s Sys=0.01s Real=0.09s
[2025-08-01T02:35:26.428+0000] GC(521) Pause Young (Normal) (G1 Evacuation Pause)
[2025-08-01T02:35:26.428+0000] GC(521) Using 8 workers of 8 for evacuation
[2025-08-01T02:35:26.500+0000] GC(521)   Pre Evacuate Collection Set: 0.1ms
[2025-08-01T02:35:26.500+0000] GC(521)   Evacuate Collection Set: 70.6ms
[2025-08-01T02:35:26.500+0000] GC(521)   Post Evacuate Collection Set: 0.9ms
[2025-08-01T02:35:26.500+0000] GC(521)   Other: 0.3ms
[2025-08-01T02:35:26.500+0000] GC(521) Eden regions: 127->0(93)
[2025-08-01T02:35:26.500+0000] GC(521) Survivor regions: 30->20(20)
[2025-08-01T02:35:26.500+0000] GC(521) Old regions: 1410->1528
[2025-08-01T02:35:26.500+0000] GC(521) Humongous regions: 0->0
[2025-08-01T02:35:26.500+0000] GC(521) Metaspace: 9706K(12544K)->9706K(12544K) NonClass: 8540K(11008K)->8540K(11008K) Class: 1166K(1536K)->1166K(1536K)
[2025-08-01T02:35:26.500+0000] GC(521) Pause Young (Normal) (G1 Evacuation Pause) 3131M->3092M(4096M) 72.148ms
[2025-08-01T02:35:26.500+0000] GC(521) User=0.55s Sys=0.01s Real=0.07s
[2025-08-01T02:35:26.517+0000] GC(522) Pause Young (Normal) (G1 Evacuation Pause)
[2025-08-01T02:35:26.517+0000] GC(522) Using 8 workers of 8 for evacuation
[2025-08-01T02:35:26.549+0000] GC(522)   Pre Evacuate Collection Set: 0.1ms
[2025-08-01T02:35:26.549+0000] GC(522)   Evacuate Collection Set: 31.3ms
[2025-08-01T02:35:26.549+0000] GC(522)   Post Evacuate Collection Set: 0.7ms
[2025-08-01T02:35:26.549+0000] GC(522)   Other: 0.3ms
[2025-08-01T02:35:26.549+0000] GC(522) Eden regions: 93->0(87)
[2025-08-01T02:35:26.549+0000] GC(522) Survivor regions: 20->15(15)
[2025-08-01T02:35:26.549+0000] GC(522) Old regions: 1528->1627
[2025-08-01T02:35:26.549+0000] GC(522) Humongous regions: 0->0
[2025-08-01T02:35:26.549+0000] GC(522) Metaspace: 9706K(12544K)->9706K(12544K) NonClass: 8540K(11008K)->8540K(11008K) Class: 1166K(1536K)->1166K(1536K)
[2025-08-01T02:35:26.550+0000] GC(522) Pause Young (Normal) (G1 Evacuation Pause) 3278M->3281M(4096M) 32.523ms
[2025-08-01T02:35:26.550+0000] GC(522) User=0.25s Sys=0.00s Real=0.03s
[2025-08-01T02:35:26.560+0000] GC(514) Concurrent Rebuild Remembered Sets 609.070ms
[2025-08-01T02:35:26.561+0000] GC(514) Pause Cleanup
[2025-08-01T02:35:26.561+0000] GC(514) Pause Cleanup 3350M->3350M(4096M) 0.773ms
[2025-08-01T02:35:26.561+0000] GC(514) User=0.00s Sys=0.00s Real=0.00s
[2025-08-01T02:35:26.562+0000] GC(514) Concurrent Cleanup for Next Mark
[2025-08-01T02:35:26.569+0000] GC(514) Concurrent Cleanup for Next Mark 7.857ms
[2025-08-01T02:35:26.570+0000] GC(514) Concurrent Cycle 984.380ms
[2025-08-01T02:35:26.613+0000] GC(523) Pause Young (Prepare Mixed) (G1 Evacuation Pause)
[2025-08-01T02:35:26.613+0000] GC(523) Using 8 workers of 8 for evacuation
[2025-08-01T02:35:26.652+0000] GC(523)   Pre Evacuate Collection Set: 0.1ms
[2025-08-01T02:35:26.652+0000] GC(523)   Evacuate Collection Set: 37.6ms
[2025-08-01T02:35:26.652+0000] GC(523)   Post Evacuate Collection Set: 0.6ms
[2025-08-01T02:35:26.652+0000] GC(523)   Other: 0.3ms
[2025-08-01T02:35:26.652+0000] GC(523) Eden regions: 87->0(89)
[2025-08-01T02:35:26.652+0000] GC(523) Survivor regions: 15->13(13)
[2025-08-01T02:35:26.652+0000] GC(523) Old regions: 1627->1696
[2025-08-01T02:35:26.652+0000] GC(523) Humongous regions: 0->0
[2025-08-01T02:35:26.652+0000] GC(523) Metaspace: 9706K(12544K)->9706K(12544K) NonClass: 8540K(11008K)->8540K(11008K) Class: 1166K(1536K)->1166K(1536K)
[2025-08-01T02:35:26.652+0000] GC(523) Pause Young (Prepare Mixed) (G1 Evacuation Pause) 3455M->3414M(4096M) 38.744ms
[2025-08-01T02:35:26.652+0000] GC(523) User=0.27s Sys=0.01s Real=0.03s
[2025-08-01T02:35:26.668+0000] GC(524) Pause Young (Mixed) (G1 Evacuation Pause)
[2025-08-01T02:35:26.668+0000] GC(524) Using 8 workers of 8 for evacuation
[2025-08-01T02:35:26.707+0000] GC(524)   Pre Evacuate Collection Set: 0.1ms
[2025-08-01T02:35:26.707+0000] GC(524)   Evacuate Collection Set: 37.9ms
[2025-08-01T02:35:26.707+0000] GC(524)   Post Evacuate Collection Set: 0.6ms
[2025-08-01T02:35:26.707+0000] GC(524)   Other: 0.6ms
[2025-08-01T02:35:26.707+0000] GC(524) Eden regions: 89->0(89)
[2025-08-01T02:35:26.707+0000] GC(524) Survivor regions: 13->13(13)
[2025-08-01T02:35:26.707+0000] GC(524) Old regions: 1696->1781
[2025-08-01T02:35:26.707+0000] GC(524) Humongous regions: 0->0
[2025-08-01T02:35:26.707+0000] GC(524) Metaspace: 9706K(12544K)->9706K(12544K) NonClass: 8540K(11008K)->8540K(11008K) Class: 1166K(1536K)->1166K(1536K)
[2025-08-01T02:35:26.707+0000] GC(524) Pause Young (Mixed) (G1 Evacuation Pause) 3592M->3585M(4096M) 39.345ms
[2025-08-01T02:35:26.707+0000] GC(524) User=0.29s Sys=0.01s Real=0.04s
[2025-08-01T02:35:26.773+0000] GC(525) Pause Young (Concurrent Start) (G1 Evacuation Pause)
[2025-08-01T02:35:26.773+0000] GC(525) Using 8 workers of 8 for evacuation
[2025-08-01T02:35:26.842+0000] GC(525)   Pre Evacuate Collection Set: 0.1ms
[2025-08-01T02:35:26.842+0000] GC(525)   Evacuate Collection Set: 67.1ms
[2025-08-01T02:35:26.842+0000] GC(525)   Post Evacuate Collection Set: 1.1ms
[2025-08-01T02:35:26.842+0000] GC(525)   Other: 0.6ms
[2025-08-01T02:35:26.842+0000] GC(525) Eden regions: 89->0(89)
[2025-08-01T02:35:26.842+0000] GC(525) Survivor regions: 13->13(13)
[2025-08-01T02:35:26.842+0000] GC(525) Old regions: 1781->1861
[2025-08-01T02:35:26.842+0000] GC(525) Humongous regions: 0->0
[2025-08-01T02:35:26.842+0000] GC(525) Metaspace: 9706K(12544K)->9706K(12544K) NonClass: 8540K(11008K)->8540K(11008K) Class: 1166K(1536K)->1166K(1536K)
[2025-08-01T02:35:26.842+0000] GC(525) Pause Young (Concurrent Start) (G1 Evacuation Pause) 3763M->3745M(4096M) 69.049ms
[2025-08-01T02:35:26.842+0000] GC(525) User=0.50s Sys=0.01s Real=0.06s
[2025-08-01T02:35:26.842+0000] GC(526) Concurrent Cycle
[2025-08-01T02:35:26.842+0000] GC(526) Concurrent Clear Claimed Marks
[2025-08-01T02:35:26.842+0000] GC(526) Concurrent Clear Claimed Marks 0.048ms
[2025-08-01T02:35:26.842+0000] GC(526) Concurrent Scan Root Regions
[2025-08-01T02:35:26.846+0000] GC(526) Concurrent Scan Root Regions 3.502ms
[2025-08-01T02:35:26.846+0000] GC(526) Concurrent Mark (65.842s)
[2025-08-01T02:35:26.846+0000] GC(526) Concurrent Mark From Roots
[2025-08-01T02:35:26.846+0000] GC(526) Using 2 workers of 2 for marking
[2025-08-01T02:35:26.866+0000] GC(527) Pause Young (Normal) (G1 Evacuation Pause)
[2025-08-01T02:35:26.866+0000] GC(527) Using 8 workers of 8 for evacuation
[2025-08-01T02:35:26.903+0000] GC(527) To-space exhausted
[2025-08-01T02:35:26.903+0000] GC(527)   Pre Evacuate Collection Set: 0.1ms
[2025-08-01T02:35:26.903+0000] GC(527)   Evacuate Collection Set: 33.0ms
[2025-08-01T02:35:26.903+0000] GC(527)   Post Evacuate Collection Set: 3.4ms
[2025-08-01T02:35:26.903+0000] GC(527)   Other: 0.3ms
[2025-08-01T02:35:26.903+0000] GC(527) Eden regions: 89->0(89)
[2025-08-01T02:35:26.903+0000] GC(527) Survivor regions: 13->13(13)
[2025-08-01T02:35:26.903+0000] GC(527) Old regions: 1861->1958
[2025-08-01T02:35:26.903+0000] GC(527) Humongous regions: 0->0
[2025-08-01T02:35:26.903+0000] GC(527) Metaspace: 9706K(12544K)->9706K(12544K) NonClass: 8540K(11008K)->8540K(11008K) Class: 1166K(1536K)->1166K(1536K)
[2025-08-01T02:35:26.903+0000] GC(527) Pause Young (Normal) (G1 Evacuation Pause) 3923M->3939M(4096M) 36.840ms
[2025-08-01T02:35:26.903+0000] GC(527) User=0.27s Sys=0.00s Real=0.03s
[2025-08-01T02:35:26.966+0000] GC(528) Pause Young (Normal) (G1 Evacuation Pause)
[2025-08-01T02:35:26.966+0000] GC(528) Using 8 workers of 8 for evacuation
[2025-08-01T02:35:26.992+0000] GC(528) To-space exhausted
[2025-08-01T02:35:26.992+0000] GC(528)   Pre Evacuate Collection Set: 0.1ms
[2025-08-01T02:35:26.992+0000] GC(528)   Evacuate Collection Set: 16.3ms
[2025-08-01T02:35:26.992+0000] GC(528)   Post Evacuate Collection Set: 9.3ms
[2025-08-01T02:35:26.992+0000] GC(528)   Other: 0.4ms
[2025-08-01T02:35:26.992+0000] GC(528) Eden regions: 77->0(102)
[2025-08-01T02:35:26.992+0000] GC(528) Survivor regions: 13->0(13)
[2025-08-01T02:35:26.992+0000] GC(528) Old regions: 1958->2048
[2025-08-01T02:35:26.992+0000] GC(528) Humongous regions: 0->0
[2025-08-01T02:35:26.992+0000] GC(528) Metaspace: 9706K(12544K)->9706K(12544K) NonClass: 8540K(11008K)->8540K(11008K) Class: 1166K(1536K)->1166K(1536K)
[2025-08-01T02:35:26.993+0000] GC(528) Pause Young (Normal) (G1 Evacuation Pause) 4093M->4093M(4096M) 26.257ms
[2025-08-01T02:35:26.993+0000] GC(528) User=0.19s Sys=0.00s Real=0.02s
[2025-08-01T02:35:26.993+0000] GC(529) Using 8 workers of 8 for full compaction
[2025-08-01T02:35:26.993+0000] GC(529) Pause Full (G1 Evacuation Pause)
[2025-08-01T02:35:27.001+0000] GC(529) Phase 1: Mark live objects
[2025-08-01T02:35:27.043+0000] GC(529) Cleaned string and symbol table, strings: 2833 processed, 0 removed, symbols: 23489 processed, 0 removed
[2025-08-01T02:35:27.043+0000] GC(529) Phase 1: Mark live objects 42.527ms
[2025-08-01T02:35:27.043+0000] GC(529) Phase 2: Prepare for compaction
[2025-08-01T02:35:27.081+0000] GC(529) Phase 2: Prepare for compaction 37.134ms
[2025-08-01T02:35:27.081+0000] GC(529) Phase 3: Adjust pointers
[2025-08-01T02:35:27.115+0000] GC(529) Phase 3: Adjust pointers 34.805ms
[2025-08-01T02:35:27.115+0000] GC(529) Phase 4: Compact heap
[2025-08-01T02:35:27.211+0000] GC(529) Phase 4: Compact heap 95.062ms
[2025-08-01T02:35:27.213+0000] GC(529) Eden regions: 0->0(494)
[2025-08-01T02:35:27.213+0000] GC(529) Survivor regions: 0->0(13)
[2025-08-01T02:35:27.213+0000] GC(529) Old regions: 2048->320
[2025-08-01T02:35:27.213+0000] GC(529) Humongous regions: 0->0
[2025-08-01T02:35:27.213+0000] GC(529) Metaspace: 9706K(12544K)->9706K(12544K) NonClass: 8540K(11008K)->8540K(11008K) Class: 1166K(1536K)->1166K(1536K)
[2025-08-01T02:35:27.213+0000] GC(529) Pause Full (G1 Evacuation Pause) 4093M->630M(4096M) 220.243ms
[2025-08-01T02:35:27.213+0000] GC(529) User=1.55s Sys=0.03s Real=0.23s
[2025-08-01T02:35:27.213+0000] GC(526) Concurrent Mark From Roots 366.838ms
[2025-08-01T02:35:27.213+0000] GC(526) Concurrent Mark Abort
[2025-08-01T02:35:27.213+0000] GC(526) Concurrent Cycle 371.066ms
[2025-08-01T02:35:27.411+0000] GC(530) Pause Young (Normal) (G1 Evacuation Pause)
[2025-08-01T02:35:27.411+0000] GC(530) Using 8 workers of 8 for evacuation
[2025-08-01T02:35:27.620+0000] GC(530) MMU target violated: 201.0ms (200.0ms/201.0ms)
[2025-08-01T02:35:27.620+0000] GC(530)   Pre Evacuate Collection Set: 0.1ms
[2025-08-01T02:35:27.620+0000] GC(530)   Evacuate Collection Set: 207.4ms
[2025-08-01T02:35:27.620+0000] GC(530)   Post Evacuate Collection Set: 1.2ms
[2025-08-01T02:35:27.620+0000] GC(530)   Other: 0.5ms
[2025-08-01T02:35:27.620+0000] GC(530) Eden regions: 494->0(373)
[2025-08-01T02:35:27.620+0000] GC(530) Survivor regions: 0->62(62)
[2025-08-01T02:35:27.620+0000] GC(530) Old regions: 320->673
[2025-08-01T02:35:27.620+0000] GC(530) Humongous regions: 0->0
[2025-08-01T02:35:27.620+0000] GC(530) Metaspace: 9706K(12544K)->9706K(12544K) NonClass: 8540K(11008K)->8540K(11008K) Class: 1166K(1536K)->1166K(1536K)
[2025-08-01T02:35:27.620+0000] GC(530) Pause Young (Normal) (G1 Evacuation Pause) 1618M->1460M(4096M) 209.301ms
[2025-08-01T02:35:27.620+0000] GC(530) User=1.56s Sys=0.07s Real=0.21s
[2025-08-01T02:35:27.808+0000] GC(531) Pause Young (Concurrent Start) (G1 Evacuation Pause)
[2025-08-01T02:35:27.809+0000] GC(531) Using 8 workers of 8 for evacuation
[2025-08-01T02:35:27.970+0000] GC(531)   Pre Evacuate Collection Set: 0.1ms
[2025-08-01T02:35:27.970+0000] GC(531)   Evacuate Collection Set: 160.1ms
[2025-08-01T02:35:27.971+0000] GC(531)   Post Evacuate Collection Set: 0.9ms
[2025-08-01T02:35:27.971+0000] GC(531)   Other: 0.9ms
[2025-08-01T02:35:27.971+0000] GC(531) Eden regions: 373->0(266)
[2025-08-01T02:35:27.971+0000] GC(531) Survivor regions: 62->55(55)
[2025-08-01T02:35:27.971+0000] GC(531) Old regions: 673->971
[2025-08-01T02:35:27.971+0000] GC(531) Humongous regions: 0->0
[2025-08-01T02:35:27.971+0000] GC(531) Metaspace: 9706K(12544K)->9706K(12544K) NonClass: 8540K(11008K)->8540K(11008K) Class: 1166K(1536K)->1166K(1536K)
[2025-08-01T02:35:27.971+0000] GC(531) Pause Young (Concurrent Start) (G1 Evacuation Pause) 2206M->2041M(4096M) 162.151ms
[2025-08-01T02:35:27.971+0000] GC(531) User=1.18s Sys=0.04s Real=0.16s
[2025-08-01T02:35:27.971+0000] GC(532) Concurrent Cycle
[2025-08-01T02:35:27.971+0000] GC(532) Concurrent Clear Claimed Marks
[2025-08-01T02:35:27.971+0000] GC(532) Concurrent Clear Claimed Marks 0.166ms
[2025-08-01T02:35:27.971+0000] GC(532) Concurrent Scan Root Regions
[2025-08-01T02:35:27.982+0000] GC(532) Concurrent Scan Root Regions 11.032ms
[2025-08-01T02:35:27.982+0000] GC(532) Concurrent Mark (66.978s)
[2025-08-01T02:35:27.982+0000] GC(532) Concurrent Mark From Roots
[2025-08-01T02:35:27.982+0000] GC(532) Using 2 workers of 2 for marking
[2025-08-01T02:35:28.067+0000] GC(533) Pause Young (Normal) (G1 Evacuation Pause)
[2025-08-01T02:35:28.067+0000] GC(533) Using 8 workers of 8 for evacuation
[2025-08-01T02:35:28.178+0000] GC(533)   Pre Evacuate Collection Set: 0.1ms
[2025-08-01T02:35:28.178+0000] GC(533)   Evacuate Collection Set: 109.2ms
[2025-08-01T02:35:28.178+0000] GC(533)   Post Evacuate Collection Set: 1.0ms
[2025-08-01T02:35:28.178+0000] GC(533)   Other: 0.3ms
[2025-08-01T02:35:28.178+0000] GC(533) Eden regions: 266->0(176)
[2025-08-01T02:35:28.178+0000] GC(533) Survivor regions: 55->41(41)
[2025-08-01T02:35:28.178+0000] GC(533) Old regions: 971->1239
[2025-08-01T02:35:28.178+0000] GC(533) Humongous regions: 0->0
[2025-08-01T02:35:28.178+0000] GC(533) Metaspace: 9706K(12544K)->9706K(12544K) NonClass: 8540K(11008K)->8540K(11008K) Class: 1166K(1536K)->1166K(1536K)
[2025-08-01T02:35:28.178+0000] GC(533) Pause Young (Normal) (G1 Evacuation Pause) 2573M->2549M(4096M) 110.742ms
[2025-08-01T02:35:28.178+0000] GC(533) User=0.85s Sys=0.02s Real=0.11s
[2025-08-01T02:35:28.249+0000] GC(534) Pause Young (Normal) (G1 Evacuation Pause)
[2025-08-01T02:35:28.249+0000] GC(534) Using 8 workers of 8 for evacuation
[2025-08-01T02:35:28.301+0000] GC(534)   Pre Evacuate Collection Set: 0.1ms
[2025-08-01T02:35:28.301+0000] GC(534)   Evacuate Collection Set: 50.7ms
[2025-08-01T02:35:28.301+0000] GC(534)   Post Evacuate Collection Set: 0.8ms
[2025-08-01T02:35:28.301+0000] GC(534)   Other: 0.4ms
[2025-08-01T02:35:28.301+0000] GC(534) Eden regions: 176->0(142)
[2025-08-01T02:35:28.301+0000] GC(534) Survivor regions: 41->28(28)
[2025-08-01T02:35:28.301+0000] GC(534) Old regions: 1239->1373
[2025-08-01T02:35:28.301+0000] GC(534) Humongous regions: 0->0
[2025-08-01T02:35:28.301+0000] GC(534) Metaspace: 9706K(12544K)->9706K(12544K) NonClass: 8540K(11008K)->8540K(11008K) Class: 1166K(1536K)->1166K(1536K)
[2025-08-01T02:35:28.301+0000] GC(534) Pause Young (Normal) (G1 Evacuation Pause) 2901M->2791M(4096M) 52.089ms
[2025-08-01T02:35:28.301+0000] GC(534) User=0.40s Sys=0.00s Real=0.05s
[2025-08-01T02:35:28.325+0000] GC(532) Concurrent Mark From Roots 342.941ms
[2025-08-01T02:35:28.325+0000] GC(532) Concurrent Preclean
[2025-08-01T02:35:28.325+0000] GC(532) Concurrent Preclean 0.299ms
[2025-08-01T02:35:28.325+0000] GC(532) Concurrent Mark (66.978s, 67.321s) 343.330ms
[2025-08-01T02:35:28.326+0000] GC(532) Pause Remark
[2025-08-01T02:35:28.328+0000] GC(532) Cleaned string and symbol table, strings: 2833 processed, 0 removed, symbols: 23489 processed, 0 removed
[2025-08-01T02:35:28.329+0000] GC(532) Pause Remark 3000M->2339M(4096M) 3.484ms
[2025-08-01T02:35:28.329+0000] GC(532) User=0.01s Sys=0.00s Real=0.00s
[2025-08-01T02:35:28.329+0000] GC(532) Concurrent Rebuild Remembered Sets
[2025-08-01T02:35:28.365+0000] GC(535) Pause Young (Normal) (G1 Evacuation Pause)
[2025-08-01T02:35:28.365+0000] GC(535) Using 8 workers of 8 for evacuation
[2025-08-01T02:35:28.421+0000] GC(535)   Pre Evacuate Collection Set: 0.1ms
[2025-08-01T02:35:28.421+0000] GC(535)   Evacuate Collection Set: 55.2ms
[2025-08-01T02:35:28.421+0000] GC(535)   Post Evacuate Collection Set: 0.8ms
[2025-08-01T02:35:28.421+0000] GC(535)   Other: 0.3ms
[2025-08-01T02:35:28.421+0000] GC(535) Eden regions: 142->0(210)
[2025-08-01T02:35:28.421+0000] GC(535) Survivor regions: 28->22(22)
[2025-08-01T02:35:28.421+0000] GC(535) Old regions: 1039->1170
[2025-08-01T02:35:28.421+0000] GC(535) Humongous regions: 0->0
[2025-08-01T02:35:28.421+0000] GC(535) Metaspace: 9706K(12544K)->9706K(12544K) NonClass: 8540K(11008K)->8540K(11008K) Class: 1166K(1536K)->1166K(1536K)
[2025-08-01T02:35:28.422+0000] GC(535) Pause Young (Normal) (G1 Evacuation Pause) 2414M->2380M(4096M) 56.504ms
[2025-08-01T02:35:28.422+0000] GC(535) User=0.43s Sys=0.01s Real=0.05s
[2025-08-01T02:35:28.509+0000] GC(536) Pause Young (Normal) (G1 Evacuation Pause)
[2025-08-01T02:35:28.509+0000] GC(536) Using 8 workers of 8 for evacuation
[2025-08-01T02:35:28.593+0000] GC(536)   Pre Evacuate Collection Set: 0.1ms
[2025-08-01T02:35:28.593+0000] GC(536)   Evacuate Collection Set: 82.9ms
[2025-08-01T02:35:28.593+0000] GC(536)   Post Evacuate Collection Set: 0.9ms
[2025-08-01T02:35:28.593+0000] GC(536)   Other: 0.3ms
[2025-08-01T02:35:28.593+0000] GC(536) Eden regions: 210->0(149)
[2025-08-01T02:35:28.593+0000] GC(536) Survivor regions: 22->29(29)
[2025-08-01T02:35:28.593+0000] GC(536) Old regions: 1170->1347
[2025-08-01T02:35:28.593+0000] GC(536) Humongous regions: 0->0
[2025-08-01T02:35:28.593+0000] GC(536) Metaspace: 9706K(12544K)->9706K(12544K) NonClass: 8540K(11008K)->8540K(11008K) Class: 1166K(1536K)->1166K(1536K)
[2025-08-01T02:35:28.593+0000] GC(536) Pause Young (Normal) (G1 Evacuation Pause) 2800M->2748M(4096M) 84.281ms
[2025-08-01T02:35:28.593+0000] GC(536) User=0.63s Sys=0.02s Real=0.09s
[2025-08-01T02:35:28.663+0000] GC(537) Pause Young (Normal) (G1 Evacuation Pause)
[2025-08-01T02:35:28.664+0000] GC(537) Using 8 workers of 8 for evacuation
[2025-08-01T02:35:28.714+0000] GC(537)   Pre Evacuate Collection Set: 0.1ms
[2025-08-01T02:35:28.714+0000] GC(537)   Evacuate Collection Set: 48.6ms
[2025-08-01T02:35:28.714+0000] GC(537)   Post Evacuate Collection Set: 1.5ms
[2025-08-01T02:35:28.714+0000] GC(537)   Other: 0.3ms
[2025-08-01T02:35:28.714+0000] GC(537) Eden regions: 149->0(117)
[2025-08-01T02:35:28.714+0000] GC(537) Survivor regions: 29->23(23)
[2025-08-01T02:35:28.714+0000] GC(537) Old regions: 1347->1458
[2025-08-01T02:35:28.714+0000] GC(537) Humongous regions: 0->0
[2025-08-01T02:35:28.714+0000] GC(537) Metaspace: 9706K(12544K)->9706K(12544K) NonClass: 8540K(11008K)->8540K(11008K) Class: 1166K(1536K)->1166K(1536K)
[2025-08-01T02:35:28.714+0000] GC(537) Pause Young (Normal) (G1 Evacuation Pause) 3046M->2958M(4096M) 50.665ms
[2025-08-01T02:35:28.714+0000] GC(537) User=0.38s Sys=0.01s Real=0.05s
[2025-08-01T02:35:28.737+0000] GC(538) Pause Young (Normal) (G1 Evacuation Pause)
[2025-08-01T02:35:28.737+0000] GC(538) Using 8 workers of 8 for evacuation
[2025-08-01T02:35:28.793+0000] GC(538)   Pre Evacuate Collection Set: 0.1ms
[2025-08-01T02:35:28.793+0000] GC(538)   Evacuate Collection Set: 55.0ms
[2025-08-01T02:35:28.793+0000] GC(538)   Post Evacuate Collection Set: 0.8ms
[2025-08-01T02:35:28.793+0000] GC(538)   Other: 0.3ms
[2025-08-01T02:35:28.793+0000] GC(538) Eden regions: 117->0(84)
[2025-08-01T02:35:28.793+0000] GC(538) Survivor regions: 23->18(18)
[2025-08-01T02:35:28.793+0000] GC(538) Old regions: 1458->1581
[2025-08-01T02:35:28.793+0000] GC(538) Humongous regions: 0->0
[2025-08-01T02:35:28.793+0000] GC(538) Metaspace: 9706K(12544K)->9706K(12544K) NonClass: 8540K(11008K)->8540K(11008K) Class: 1166K(1536K)->1166K(1536K)
[2025-08-01T02:35:28.793+0000] GC(538) Pause Young (Normal) (G1 Evacuation Pause) 3192M->3194M(4096M) 56.332ms
[2025-08-01T02:35:28.793+0000] GC(538) User=0.43s Sys=0.01s Real=0.06s
[2025-08-01T02:35:28.848+0000] GC(539) Pause Young (Normal) (G1 Evacuation Pause)
[2025-08-01T02:35:28.848+0000] GC(539) Using 8 workers of 8 for evacuation
[2025-08-01T02:35:28.884+0000] GC(539)   Pre Evacuate Collection Set: 0.1ms
[2025-08-01T02:35:28.884+0000] GC(539)   Evacuate Collection Set: 35.3ms
[2025-08-01T02:35:28.884+0000] GC(539)   Post Evacuate Collection Set: 0.6ms
[2025-08-01T02:35:28.884+0000] GC(539)   Other: 0.3ms
[2025-08-01T02:35:28.884+0000] GC(539) Eden regions: 84->0(89)
[2025-08-01T02:35:28.884+0000] GC(539) Survivor regions: 18->13(13)
[2025-08-01T02:35:28.884+0000] GC(539) Old regions: 1581->1671
[2025-08-01T02:35:28.884+0000] GC(539) Humongous regions: 0->0
[2025-08-01T02:35:28.884+0000] GC(539) Metaspace: 9706K(12544K)->9706K(12544K) NonClass: 8540K(11008K)->8540K(11008K) Class: 1166K(1536K)->1166K(1536K)
[2025-08-01T02:35:28.885+0000] GC(539) Pause Young (Normal) (G1 Evacuation Pause) 3362M->3364M(4096M) 36.432ms
[2025-08-01T02:35:28.885+0000] GC(539) User=0.26s Sys=0.01s Real=0.04s
[2025-08-01T02:35:28.901+0000] GC(540) Pause Young (Normal) (G1 Evacuation Pause)
[2025-08-01T02:35:28.901+0000] GC(540) Using 8 workers of 8 for evacuation
[2025-08-01T02:35:28.938+0000] GC(540)   Pre Evacuate Collection Set: 0.1ms
[2025-08-01T02:35:28.938+0000] GC(540)   Evacuate Collection Set: 35.9ms
[2025-08-01T02:35:28.938+0000] GC(540)   Post Evacuate Collection Set: 0.6ms
[2025-08-01T02:35:28.938+0000] GC(540)   Other: 0.3ms
[2025-08-01T02:35:28.938+0000] GC(540) Eden regions: 89->0(89)
[2025-08-01T02:35:28.938+0000] GC(540) Survivor regions: 13->13(13)
[2025-08-01T02:35:28.938+0000] GC(540) Old regions: 1671->1762
[2025-08-01T02:35:28.938+0000] GC(540) Humongous regions: 0->0
[2025-08-01T02:35:28.938+0000] GC(540) Metaspace: 9706K(12544K)->9706K(12544K) NonClass: 8540K(11008K)->8540K(11008K) Class: 1166K(1536K)->1166K(1536K)
[2025-08-01T02:35:28.938+0000] GC(540) Pause Young (Normal) (G1 Evacuation Pause) 3542M->3546M(4096M) 37.080ms
[2025-08-01T02:35:28.938+0000] GC(540) User=0.28s Sys=0.01s Real=0.04s
[2025-08-01T02:35:28.950+0000] GC(532) Concurrent Rebuild Remembered Sets 620.595ms
[2025-08-01T02:35:28.950+0000] GC(532) Pause Cleanup
[2025-08-01T02:35:28.951+0000] GC(532) Pause Cleanup 3670M->3670M(4096M) 0.800ms
[2025-08-01T02:35:28.951+0000] GC(532) User=0.01s Sys=0.00s Real=0.00s
[2025-08-01T02:35:28.951+0000] GC(532) Concurrent Cleanup for Next Mark
[2025-08-01T02:35:28.961+0000] GC(532) Concurrent Cleanup for Next Mark 9.299ms
[2025-08-01T02:35:28.961+0000] GC(532) Concurrent Cycle 989.985ms
[2025-08-01T02:35:29.001+0000] GC(541) Pause Young (Prepare Mixed) (G1 Evacuation Pause)
[2025-08-01T02:35:29.001+0000] GC(541) Using 8 workers of 8 for evacuation
[2025-08-01T02:35:29.045+0000] GC(541)   Pre Evacuate Collection Set: 0.1ms
[2025-08-01T02:35:29.045+0000] GC(541)   Evacuate Collection Set: 42.8ms
[2025-08-01T02:35:29.045+0000] GC(541)   Post Evacuate Collection Set: 0.6ms
[2025-08-01T02:35:29.045+0000] GC(541)   Other: 0.3ms
[2025-08-01T02:35:29.045+0000] GC(541) Eden regions: 89->0(89)
[2025-08-01T02:35:29.045+0000] GC(541) Survivor regions: 13->13(13)
[2025-08-01T02:35:29.045+0000] GC(541) Old regions: 1762->1826
[2025-08-01T02:35:29.045+0000] GC(541) Humongous regions: 0->0
[2025-08-01T02:35:29.045+0000] GC(541) Metaspace: 9706K(12544K)->9706K(12544K) NonClass: 8540K(11008K)->8540K(11008K) Class: 1166K(1536K)->1166K(1536K)
[2025-08-01T02:35:29.045+0000] GC(541) Pause Young (Prepare Mixed) (G1 Evacuation Pause) 3724M->3674M(4096M) 44.012ms
[2025-08-01T02:35:29.045+0000] GC(541) User=0.30s Sys=0.02s Real=0.05s
[2025-08-01T02:35:29.063+0000] GC(542) Pause Young (Mixed) (G1 Evacuation Pause)
[2025-08-01T02:35:29.064+0000] GC(542) Using 8 workers of 8 for evacuation
[2025-08-01T02:35:29.108+0000] GC(542)   Pre Evacuate Collection Set: 0.2ms
[2025-08-01T02:35:29.108+0000] GC(542)   Evacuate Collection Set: 43.0ms
[2025-08-01T02:35:29.108+0000] GC(542)   Post Evacuate Collection Set: 0.6ms
[2025-08-01T02:35:29.108+0000] GC(542)   Other: 0.5ms
[2025-08-01T02:35:29.108+0000] GC(542) Eden regions: 89->0(89)
[2025-08-01T02:35:29.108+0000] GC(542) Survivor regions: 13->13(13)
[2025-08-01T02:35:29.108+0000] GC(542) Old regions: 1826->1826
[2025-08-01T02:35:29.108+0000] GC(542) Humongous regions: 0->0
[2025-08-01T02:35:29.108+0000] GC(542) Metaspace: 9706K(12544K)->9706K(12544K) NonClass: 8540K(11008K)->8540K(11008K) Class: 1166K(1536K)->1166K(1536K)
[2025-08-01T02:35:29.108+0000] GC(542) Pause Young (Mixed) (G1 Evacuation Pause) 3852M->3674M(4096M) 44.425ms
[2025-08-01T02:35:29.108+0000] GC(542) User=0.33s Sys=0.01s Real=0.04s
[2025-08-01T02:35:29.172+0000] GC(543) Pause Young (Concurrent Start) (G1 Evacuation Pause)
[2025-08-01T02:35:29.172+0000] GC(543) Using 8 workers of 8 for evacuation
[2025-08-01T02:35:29.229+0000] GC(543)   Pre Evacuate Collection Set: 0.1ms
[2025-08-01T02:35:29.230+0000] GC(543)   Evacuate Collection Set: 56.1ms
[2025-08-01T02:35:29.230+0000] GC(543)   Post Evacuate Collection Set: 0.6ms
[2025-08-01T02:35:29.230+0000] GC(543)   Other: 0.3ms
[2025-08-01T02:35:29.230+0000] GC(543) Eden regions: 89->0(89)
[2025-08-01T02:35:29.230+0000] GC(543) Survivor regions: 13->13(13)
[2025-08-01T02:35:29.230+0000] GC(543) Old regions: 1826->1868
[2025-08-01T02:35:29.230+0000] GC(543) Humongous regions: 0->0
[2025-08-01T02:35:29.230+0000] GC(543) Metaspace: 9706K(12544K)->9706K(12544K) NonClass: 8540K(11008K)->8540K(11008K) Class: 1166K(1536K)->1166K(1536K)
[2025-08-01T02:35:29.230+0000] GC(543) Pause Young (Concurrent Start) (G1 Evacuation Pause) 3852M->3759M(4096M) 57.339ms
[2025-08-01T02:35:29.230+0000] GC(543) User=0.43s Sys=0.02s Real=0.06s
[2025-08-01T02:35:29.230+0000] GC(544) Concurrent Cycle
[2025-08-01T02:35:29.230+0000] GC(544) Concurrent Clear Claimed Marks
[2025-08-01T02:35:29.230+0000] GC(544) Concurrent Clear Claimed Marks 0.046ms
[2025-08-01T02:35:29.230+0000] GC(544) Concurrent Scan Root Regions
[2025-08-01T02:35:29.233+0000] GC(544) Concurrent Scan Root Regions 2.812ms
[2025-08-01T02:35:29.233+0000] GC(544) Concurrent Mark (68.229s)
[2025-08-01T02:35:29.233+0000] GC(544) Concurrent Mark From Roots
[2025-08-01T02:35:29.233+0000] GC(544) Using 2 workers of 2 for marking
[2025-08-01T02:35:29.246+0000] GC(545) Pause Young (Normal) (G1 Evacuation Pause)
[2025-08-01T02:35:29.246+0000] GC(545) Using 8 workers of 8 for evacuation
[2025-08-01T02:35:29.280+0000] GC(545) To-space exhausted
[2025-08-01T02:35:29.280+0000] GC(545)   Pre Evacuate Collection Set: 0.1ms
[2025-08-01T02:35:29.280+0000] GC(545)   Evacuate Collection Set: 28.5ms
[2025-08-01T02:35:29.280+0000] GC(545)   Post Evacuate Collection Set: 5.3ms
[2025-08-01T02:35:29.280+0000] GC(545)   Other: 0.3ms
[2025-08-01T02:35:29.280+0000] GC(545) Eden regions: 89->0(89)
[2025-08-01T02:35:29.280+0000] GC(545) Survivor regions: 13->13(13)
[2025-08-01T02:35:29.280+0000] GC(545) Old regions: 1868->1970
[2025-08-01T02:35:29.280+0000] GC(545) Humongous regions: 0->0
[2025-08-01T02:35:29.280+0000] GC(545) Metaspace: 9706K(12544K)->9706K(12544K) NonClass: 8540K(11008K)->8540K(11008K) Class: 1166K(1536K)->1166K(1536K)
[2025-08-01T02:35:29.280+0000] GC(545) Pause Young (Normal) (G1 Evacuation Pause) 3937M->3963M(4096M) 34.367ms
[2025-08-01T02:35:29.280+0000] GC(545) User=0.24s Sys=0.00s Real=0.03s
[2025-08-01T02:35:29.292+0000] GC(546) Pause Young (Normal) (G1 Evacuation Pause)
[2025-08-01T02:35:29.293+0000] GC(546) Using 8 workers of 8 for evacuation
[2025-08-01T02:35:29.322+0000] GC(546) To-space exhausted
[2025-08-01T02:35:29.322+0000] GC(546)   Pre Evacuate Collection Set: 0.1ms
[2025-08-01T02:35:29.322+0000] GC(546)   Evacuate Collection Set: 20.7ms
[2025-08-01T02:35:29.322+0000] GC(546)   Post Evacuate Collection Set: 8.8ms
[2025-08-01T02:35:29.322+0000] GC(546)   Other: 0.3ms
[2025-08-01T02:35:29.322+0000] GC(546) Eden regions: 65->0(102)
[2025-08-01T02:35:29.322+0000] GC(546) Survivor regions: 13->0(13)
[2025-08-01T02:35:29.322+0000] GC(546) Old regions: 1970->2048
[2025-08-01T02:35:29.323+0000] GC(546) Humongous regions: 0->0
[2025-08-01T02:35:29.323+0000] GC(546) Metaspace: 9706K(12544K)->9706K(12544K) NonClass: 8540K(11008K)->8540K(11008K) Class: 1166K(1536K)->1166K(1536K)
[2025-08-01T02:35:29.323+0000] GC(546) Pause Young (Normal) (G1 Evacuation Pause) 4093M->4093M(4096M) 30.089ms
[2025-08-01T02:35:29.323+0000] GC(546) User=0.20s Sys=0.01s Real=0.03s
[2025-08-01T02:35:29.323+0000] GC(547) Using 8 workers of 8 for full compaction
[2025-08-01T02:35:29.323+0000] GC(547) Pause Full (G1 Evacuation Pause)
[2025-08-01T02:35:29.328+0000] GC(547) Phase 1: Mark live objects
[2025-08-01T02:35:29.368+0000] GC(547) Cleaned string and symbol table, strings: 2833 processed, 0 removed, symbols: 23489 processed, 0 removed
[2025-08-01T02:35:29.368+0000] GC(547) Phase 1: Mark live objects 39.467ms
[2025-08-01T02:35:29.368+0000] GC(547) Phase 2: Prepare for compaction
[2025-08-01T02:35:29.402+0000] GC(547) Phase 2: Prepare for compaction 34.171ms
[2025-08-01T02:35:29.402+0000] GC(547) Phase 3: Adjust pointers
[2025-08-01T02:35:29.435+0000] GC(547) Phase 3: Adjust pointers 32.532ms
[2025-08-01T02:35:29.435+0000] GC(547) Phase 4: Compact heap
[2025-08-01T02:35:29.546+0000] GC(547) Phase 4: Compact heap 111.634ms
[2025-08-01T02:35:29.549+0000] GC(547) Eden regions: 0->0(457)
[2025-08-01T02:35:29.549+0000] GC(547) Survivor regions: 0->0(13)
[2025-08-01T02:35:29.549+0000] GC(547) Old regions: 2048->350
[2025-08-01T02:35:29.549+0000] GC(547) Humongous regions: 0->0
[2025-08-01T02:35:29.549+0000] GC(547) Metaspace: 9706K(12544K)->9706K(12544K) NonClass: 8540K(11008K)->8540K(11008K) Class: 1166K(1536K)->1166K(1536K)
[2025-08-01T02:35:29.549+0000] GC(547) Pause Full (G1 Evacuation Pause) 4093M->688M(4096M) 226.069ms
[2025-08-01T02:35:29.549+0000] GC(547) User=1.55s Sys=0.03s Real=0.23s
[2025-08-01T02:35:29.549+0000] GC(544) Concurrent Mark From Roots 316.099ms
[2025-08-01T02:35:29.549+0000] GC(544) Concurrent Mark Abort
[2025-08-01T02:35:29.549+0000] GC(544) Concurrent Cycle 319.295ms
[2025-08-01T02:35:29.793+0000] GC(548) Pause Young (Normal) (G1 Evacuation Pause)
[2025-08-01T02:35:29.793+0000] GC(548) Using 8 workers of 8 for evacuation
[2025-08-01T02:35:29.930+0000] GC(548)   Pre Evacuate Collection Set: 0.2ms
[2025-08-01T02:35:29.930+0000] GC(548)   Evacuate Collection Set: 135.8ms
[2025-08-01T02:35:29.930+0000] GC(548)   Post Evacuate Collection Set: 0.8ms
[2025-08-01T02:35:29.930+0000] GC(548)   Other: 0.4ms
[2025-08-01T02:35:29.930+0000] GC(548) Eden regions: 457->0(352)
[2025-08-01T02:35:29.930+0000] GC(548) Survivor regions: 0->58(58)
[2025-08-01T02:35:29.930+0000] GC(548) Old regions: 350->697
[2025-08-01T02:35:29.930+0000] GC(548) Humongous regions: 0->0
[2025-08-01T02:35:29.930+0000] GC(548) Metaspace: 9706K(12544K)->9706K(12544K) NonClass: 8540K(11008K)->8540K(11008K) Class: 1166K(1536K)->1166K(1536K)
[2025-08-01T02:35:29.930+0000] GC(548) Pause Young (Normal) (G1 Evacuation Pause) 1602M->1496M(4096M) 137.171ms
[2025-08-01T02:35:29.930+0000] GC(548) User=1.01s Sys=0.03s Real=0.13s
[2025-08-01T02:35:30.109+0000] GC(549) Pause Young (Concurrent Start) (G1 Evacuation Pause)
[2025-08-01T02:35:30.109+0000] GC(549) Using 8 workers of 8 for evacuation
[2025-08-01T02:35:30.222+0000] GC(549)   Pre Evacuate Collection Set: 0.1ms
[2025-08-01T02:35:30.222+0000] GC(549)   Evacuate Collection Set: 110.8ms
[2025-08-01T02:35:30.222+0000] GC(549)   Post Evacuate Collection Set: 1.2ms
[2025-08-01T02:35:30.222+0000] GC(549)   Other: 0.7ms
[2025-08-01T02:35:30.222+0000] GC(549) Eden regions: 352->0(321)
[2025-08-01T02:35:30.222+0000] GC(549) Survivor regions: 58->52(52)
[2025-08-01T02:35:30.222+0000] GC(549) Old regions: 697->839
[2025-08-01T02:35:30.222+0000] GC(549) Humongous regions: 0->0
[2025-08-01T02:35:30.222+0000] GC(549) Metaspace: 9706K(12544K)->9706K(12544K) NonClass: 8540K(11008K)->8540K(11008K) Class: 1166K(1536K)->1166K(1536K)
[2025-08-01T02:35:30.222+0000] GC(549) Pause Young (Concurrent Start) (G1 Evacuation Pause) 2200M->1770M(4096M) 112.703ms
[2025-08-01T02:35:30.222+0000] GC(549) User=0.81s Sys=0.03s Real=0.11s
[2025-08-01T02:35:30.222+0000] GC(550) Concurrent Cycle
[2025-08-01T02:35:30.222+0000] GC(550) Concurrent Clear Claimed Marks
[2025-08-01T02:35:30.222+0000] GC(550) Concurrent Clear Claimed Marks 0.061ms
[2025-08-01T02:35:30.222+0000] GC(550) Concurrent Scan Root Regions
[2025-08-01T02:35:30.239+0000] GC(550) Concurrent Scan Root Regions 16.800ms
[2025-08-01T02:35:30.239+0000] GC(550) Concurrent Mark (69.235s)
[2025-08-01T02:35:30.239+0000] GC(550) Concurrent Mark From Roots
[2025-08-01T02:35:30.239+0000] GC(550) Using 2 workers of 2 for marking
[2025-08-01T02:35:30.303+0000] GC(550) Concurrent Mark From Roots 64.332ms
[2025-08-01T02:35:30.303+0000] GC(550) Concurrent Preclean
[2025-08-01T02:35:30.304+0000] GC(550) Concurrent Preclean 0.333ms
[2025-08-01T02:35:30.304+0000] GC(550) Concurrent Mark (69.235s, 69.299s) 64.770ms
[2025-08-01T02:35:30.304+0000] GC(550) Pause Remark
[2025-08-01T02:35:30.310+0000] GC(550) Cleaned string and symbol table, strings: 2833 processed, 0 removed, symbols: 23489 processed, 0 removed
[2025-08-01T02:35:30.311+0000] GC(550) Pause Remark 2114M->1165M(4096M) 6.571ms
[2025-08-01T02:35:30.311+0000] GC(550) User=0.02s Sys=0.00s Real=0.00s
[2025-08-01T02:35:30.311+0000] GC(550) Concurrent Rebuild Remembered Sets
[2025-08-01T02:35:30.337+0000] GC(551) Pause Young (Normal) (G1 Evacuation Pause)
[2025-08-01T02:35:30.337+0000] GC(551) Using 8 workers of 8 for evacuation
[2025-08-01T02:35:30.466+0000] GC(551)   Pre Evacuate Collection Set: 0.1ms
[2025-08-01T02:35:30.466+0000] GC(551)   Evacuate Collection Set: 127.2ms
[2025-08-01T02:35:30.466+0000] GC(551)   Post Evacuate Collection Set: 0.8ms
[2025-08-01T02:35:30.466+0000] GC(551)   Other: 0.4ms
[2025-08-01T02:35:30.466+0000] GC(551) Eden regions: 321->0(363)
[2025-08-01T02:35:30.466+0000] GC(551) Survivor regions: 52->47(47)
[2025-08-01T02:35:30.466+0000] GC(551) Old regions: 360->687
[2025-08-01T02:35:30.466+0000] GC(551) Humongous regions: 0->0
[2025-08-01T02:35:30.466+0000] GC(551) Metaspace: 9706K(12544K)->9706K(12544K) NonClass: 8540K(11008K)->8540K(11008K) Class: 1166K(1536K)->1166K(1536K)
[2025-08-01T02:35:30.466+0000] GC(551) Pause Young (Normal) (G1 Evacuation Pause) 1463M->1465M(4096M) 128.721ms
[2025-08-01T02:35:30.466+0000] GC(551) User=0.98s Sys=0.03s Real=0.13s
[2025-08-01T02:35:30.515+0000] GC(550) Concurrent Rebuild Remembered Sets 204.415ms
[2025-08-01T02:35:30.516+0000] GC(550) Pause Cleanup
[2025-08-01T02:35:30.517+0000] GC(550) Pause Cleanup 1519M->1519M(4096M) 0.939ms
[2025-08-01T02:35:30.517+0000] GC(550) User=0.01s Sys=0.00s Real=0.00s
[2025-08-01T02:35:30.517+0000] GC(550) Concurrent Cleanup for Next Mark
[2025-08-01T02:35:30.529+0000] GC(550) Concurrent Cleanup for Next Mark 11.513ms
[2025-08-01T02:35:30.529+0000] GC(550) Concurrent Cycle 306.610ms
[2025-08-01T02:35:30.642+0000] GC(552) Pause Young (Prepare Mixed) (G1 Evacuation Pause)
[2025-08-01T02:35:30.642+0000] GC(552) Using 8 workers of 8 for evacuation
[2025-08-01T02:35:30.796+0000] GC(552)   Pre Evacuate Collection Set: 0.1ms
[2025-08-01T02:35:30.797+0000] GC(552)   Evacuate Collection Set: 152.9ms
[2025-08-01T02:35:30.797+0000] GC(552)   Post Evacuate Collection Set: 1.2ms
[2025-08-01T02:35:30.797+0000] GC(552)   Other: 0.3ms
[2025-08-01T02:35:30.797+0000] GC(552) Eden regions: 363->0(50)
[2025-08-01T02:35:30.797+0000] GC(552) Survivor regions: 47->52(52)
[2025-08-01T02:35:30.797+0000] GC(552) Old regions: 687->965
[2025-08-01T02:35:30.797+0000] GC(552) Humongous regions: 0->0
[2025-08-01T02:35:30.797+0000] GC(552) Metaspace: 9706K(12544K)->9706K(12544K) NonClass: 8540K(11008K)->8540K(11008K) Class: 1166K(1536K)->1166K(1536K)
[2025-08-01T02:35:30.797+0000] GC(552) Pause Young (Prepare Mixed) (G1 Evacuation Pause) 2191M->2030M(4096M) 154.736ms
[2025-08-01T02:35:30.797+0000] GC(552) User=1.13s Sys=0.03s Real=0.16s
[2025-08-01T02:35:30.856+0000] GC(553) Pause Young (Mixed) (G1 Evacuation Pause)
[2025-08-01T02:35:30.856+0000] GC(553) Using 8 workers of 8 for evacuation
[2025-08-01T02:35:30.894+0000] GC(553)   Pre Evacuate Collection Set: 0.1ms
[2025-08-01T02:35:30.894+0000] GC(553)   Evacuate Collection Set: 37.3ms
[2025-08-01T02:35:30.894+0000] GC(553)   Post Evacuate Collection Set: 1.0ms
[2025-08-01T02:35:30.894+0000] GC(553)   Other: 0.4ms
[2025-08-01T02:35:30.894+0000] GC(553) Eden regions: 50->0(269)
[2025-08-01T02:35:30.894+0000] GC(553) Survivor regions: 52->13(13)
[2025-08-01T02:35:30.894+0000] GC(553) Old regions: 965->993
[2025-08-01T02:35:30.894+0000] GC(553) Humongous regions: 0->0
[2025-08-01T02:35:30.894+0000] GC(553) Metaspace: 9706K(12544K)->9706K(12544K) NonClass: 8540K(11008K)->8540K(11008K) Class: 1166K(1536K)->1166K(1536K)
[2025-08-01T02:35:30.894+0000] GC(553) Pause Young (Mixed) (G1 Evacuation Pause) 2130M->2009M(4096M) 38.851ms
[2025-08-01T02:35:30.894+0000] GC(553) User=0.29s Sys=0.01s Real=0.04s
[2025-08-01T02:35:30.993+0000] GC(554) Pause Young (Concurrent Start) (G1 Evacuation Pause)
[2025-08-01T02:35:30.993+0000] GC(554) Using 8 workers of 8 for evacuation
[2025-08-01T02:35:31.142+0000] GC(554)   Pre Evacuate Collection Set: 0.1ms
[2025-08-01T02:35:31.142+0000] GC(554)   Evacuate Collection Set: 147.0ms
[2025-08-01T02:35:31.142+0000] GC(554)   Post Evacuate Collection Set: 1.7ms
[2025-08-01T02:35:31.143+0000] GC(554)   Other: 2.2ms
[2025-08-01T02:35:31.143+0000] GC(554) Eden regions: 269->0(213)
[2025-08-01T02:35:31.143+0000] GC(554) Survivor regions: 13->36(36)
[2025-08-01T02:35:31.143+0000] GC(554) Old regions: 993->1157
[2025-08-01T02:35:31.143+0000] GC(554) Humongous regions: 0->0
[2025-08-01T02:35:31.143+0000] GC(554) Metaspace: 9706K(12544K)->9706K(12544K) NonClass: 8540K(11008K)->8540K(11008K) Class: 1166K(1536K)->1166K(1536K)
[2025-08-01T02:35:31.143+0000] GC(554) Pause Young (Concurrent Start) (G1 Evacuation Pause) 2547M->2382M(4096M) 149.488ms
[2025-08-01T02:35:31.143+0000] GC(554) User=1.12s Sys=0.05s Real=0.15s
[2025-08-01T02:35:31.143+0000] GC(555) Concurrent Cycle
[2025-08-01T02:35:31.143+0000] GC(555) Concurrent Clear Claimed Marks
[2025-08-01T02:35:31.143+0000] GC(555) Concurrent Clear Claimed Marks 0.118ms
[2025-08-01T02:35:31.143+0000] GC(555) Concurrent Scan Root Regions
[2025-08-01T02:35:31.153+0000] GC(555) Concurrent Scan Root Regions 9.793ms
[2025-08-01T02:35:31.153+0000] GC(555) Concurrent Mark (70.148s)
[2025-08-01T02:35:31.153+0000] GC(555) Concurrent Mark From Roots
[2025-08-01T02:35:31.153+0000] GC(555) Using 2 workers of 2 for marking
[2025-08-01T02:35:31.230+0000] GC(556) Pause Young (Normal) (G1 Evacuation Pause)
[2025-08-01T02:35:31.231+0000] GC(556) Using 8 workers of 8 for evacuation
[2025-08-01T02:35:31.324+0000] GC(556)   Pre Evacuate Collection Set: 0.1ms
[2025-08-01T02:35:31.324+0000] GC(556)   Evacuate Collection Set: 92.0ms
[2025-08-01T02:35:31.324+0000] GC(556)   Post Evacuate Collection Set: 0.8ms
[2025-08-01T02:35:31.324+0000] GC(556)   Other: 0.3ms
[2025-08-01T02:35:31.324+0000] GC(556) Eden regions: 213->0(137)
[2025-08-01T02:35:31.324+0000] GC(556) Survivor regions: 36->32(32)
[2025-08-01T02:35:31.324+0000] GC(556) Old regions: 1157->1376
[2025-08-01T02:35:31.324+0000] GC(556) Humongous regions: 0->0
[2025-08-01T02:35:31.324+0000] GC(556) Metaspace: 9706K(12544K)->9706K(12544K) NonClass: 8540K(11008K)->8540K(11008K) Class: 1166K(1536K)->1166K(1536K)
[2025-08-01T02:35:31.324+0000] GC(556) Pause Young (Normal) (G1 Evacuation Pause) 2808M->2813M(4096M) 93.372ms
[2025-08-01T02:35:31.324+0000] GC(556) User=0.70s Sys=0.04s Real=0.10s
[2025-08-01T02:35:31.374+0000] GC(555) Concurrent Mark From Roots 221.415ms
[2025-08-01T02:35:31.375+0000] GC(555) Concurrent Preclean
[2025-08-01T02:35:31.375+0000] GC(555) Concurrent Preclean 0.302ms
[2025-08-01T02:35:31.375+0000] GC(555) Concurrent Mark (70.148s, 70.371s) 222.156ms
[2025-08-01T02:35:31.375+0000] GC(555) Pause Remark
[2025-08-01T02:35:31.379+0000] GC(555) Cleaned string and symbol table, strings: 2833 processed, 0 removed, symbols: 23489 processed, 0 removed
[2025-08-01T02:35:31.381+0000] GC(555) Pause Remark 2886M->1464M(4096M) 6.079ms
[2025-08-01T02:35:31.381+0000] GC(555) User=0.02s Sys=0.00s Real=0.00s
[2025-08-01T02:35:31.382+0000] GC(555) Concurrent Rebuild Remembered Sets
[2025-08-01T02:35:31.402+0000] GC(557) Pause Young (Normal) (G1 Evacuation Pause)
[2025-08-01T02:35:31.402+0000] GC(557) Using 8 workers of 8 for evacuation
[2025-08-01T02:35:31.566+0000] GC(557)   Pre Evacuate Collection Set: 0.1ms
[2025-08-01T02:35:31.566+0000] GC(557)   Evacuate Collection Set: 162.0ms
[2025-08-01T02:35:31.566+0000] GC(557)   Post Evacuate Collection Set: 1.1ms
[2025-08-01T02:35:31.566+0000] GC(557)   Other: 0.3ms
[2025-08-01T02:35:31.566+0000] GC(557) Eden regions: 137->0(329)
[2025-08-01T02:35:31.566+0000] GC(557) Survivor regions: 32->22(22)
[2025-08-01T02:35:31.566+0000] GC(557) Old regions: 665->805
[2025-08-01T02:35:31.566+0000] GC(557) Humongous regions: 0->0
[2025-08-01T02:35:31.566+0000] GC(557) Metaspace: 9706K(12544K)->9706K(12544K) NonClass: 8540K(11008K)->8540K(11008K) Class: 1166K(1536K)->1166K(1536K)
[2025-08-01T02:35:31.566+0000] GC(557) Pause Young (Normal) (G1 Evacuation Pause) 1665M->1650M(4096M) 163.625ms
[2025-08-01T02:35:31.566+0000] GC(557) User=1.21s Sys=0.05s Real=0.17s
[2025-08-01T02:35:31.732+0000] GC(558) Pause Young (Normal) (G1 Evacuation Pause)
[2025-08-01T02:35:31.732+0000] GC(558) Using 8 workers of 8 for evacuation
[2025-08-01T02:35:31.908+0000] GC(558)   Pre Evacuate Collection Set: 0.1ms
[2025-08-01T02:35:31.908+0000] GC(558)   Evacuate Collection Set: 173.7ms
[2025-08-01T02:35:31.908+0000] GC(558)   Post Evacuate Collection Set: 1.0ms
[2025-08-01T02:35:31.908+0000] GC(558)   Other: 0.5ms
[2025-08-01T02:35:31.908+0000] GC(558) Eden regions: 329->0(221)
[2025-08-01T02:35:31.908+0000] GC(558) Survivor regions: 22->44(44)
[2025-08-01T02:35:31.908+0000] GC(558) Old regions: 805->1097
[2025-08-01T02:35:31.908+0000] GC(558) Humongous regions: 0->0
[2025-08-01T02:35:31.908+0000] GC(558) Metaspace: 9706K(12544K)->9706K(12544K) NonClass: 8540K(11008K)->8540K(11008K) Class: 1166K(1536K)->1166K(1536K)
[2025-08-01T02:35:31.908+0000] GC(558) Pause Young (Normal) (G1 Evacuation Pause) 2308M->2278M(4096M) 175.532ms
[2025-08-01T02:35:31.908+0000] GC(558) User=1.33s Sys=0.05s Real=0.18s
[2025-08-01T02:35:31.925+0000] GC(555) Concurrent Rebuild Remembered Sets 543.319ms
[2025-08-01T02:35:31.926+0000] GC(555) Pause Cleanup
[2025-08-01T02:35:31.928+0000] GC(555) Pause Cleanup 2486M->2486M(4096M) 1.620ms
[2025-08-01T02:35:31.928+0000] GC(555) User=0.00s Sys=0.00s Real=0.00s
[2025-08-01T02:35:31.928+0000] GC(555) Concurrent Cleanup for Next Mark
[2025-08-01T02:35:31.936+0000] GC(555) Concurrent Cleanup for Next Mark 7.843ms
[2025-08-01T02:35:31.936+0000] GC(555) Concurrent Cycle 792.856ms
[2025-08-01T02:35:31.997+0000] GC(559) Pause Young (Prepare Mixed) (G1 Evacuation Pause)
[2025-08-01T02:35:31.997+0000] GC(559) Using 8 workers of 8 for evacuation
[2025-08-01T02:35:32.127+0000] GC(559)   Pre Evacuate Collection Set: 0.1ms
[2025-08-01T02:35:32.127+0000] GC(559)   Evacuate Collection Set: 128.2ms
[2025-08-01T02:35:32.127+0000] GC(559)   Post Evacuate Collection Set: 1.3ms
[2025-08-01T02:35:32.127+0000] GC(559)   Other: 0.4ms
[2025-08-01T02:35:32.127+0000] GC(559) Eden regions: 221->0(68)
[2025-08-01T02:35:32.127+0000] GC(559) Survivor regions: 44->34(34)
[2025-08-01T02:35:32.127+0000] GC(559) Old regions: 1097->1244
[2025-08-01T02:35:32.127+0000] GC(559) Humongous regions: 0->0
[2025-08-01T02:35:32.127+0000] GC(559) Metaspace: 9706K(12544K)->9706K(12544K) NonClass: 8540K(11008K)->8540K(11008K) Class: 1166K(1536K)->1166K(1536K)
[2025-08-01T02:35:32.127+0000] GC(559) Pause Young (Prepare Mixed) (G1 Evacuation Pause) 2720M->2553M(4096M) 130.223ms
[2025-08-01T02:35:32.127+0000] GC(559) User=0.94s Sys=0.05s Real=0.13s
[2025-08-01T02:35:32.144+0000] GC(560) Pause Young (Mixed) (G1 Evacuation Pause)
[2025-08-01T02:35:32.144+0000] GC(560) Using 8 workers of 8 for evacuation
[2025-08-01T02:35:32.195+0000] GC(560)   Pre Evacuate Collection Set: 0.1ms
[2025-08-01T02:35:32.195+0000] GC(560)   Evacuate Collection Set: 48.8ms
[2025-08-01T02:35:32.195+0000] GC(560)   Post Evacuate Collection Set: 0.8ms
[2025-08-01T02:35:32.195+0000] GC(560)   Other: 0.4ms
[2025-08-01T02:35:32.195+0000] GC(560) Eden regions: 68->0(170)
[2025-08-01T02:35:32.195+0000] GC(560) Survivor regions: 34->13(13)
[2025-08-01T02:35:32.195+0000] GC(560) Old regions: 1244->1300
[2025-08-01T02:35:32.195+0000] GC(560) Humongous regions: 0->0
[2025-08-01T02:35:32.195+0000] GC(560) Metaspace: 9706K(12544K)->9706K(12544K) NonClass: 8540K(11008K)->8540K(11008K) Class: 1166K(1536K)->1166K(1536K)
[2025-08-01T02:35:32.195+0000] GC(560) Pause Young (Mixed) (G1 Evacuation Pause) 2689M->2622M(4096M) 50.360ms
[2025-08-01T02:35:32.195+0000] GC(560) User=0.37s Sys=0.02s Real=0.05s
[2025-08-01T02:35:32.266+0000] GC(561) Pause Young (Concurrent Start) (G1 Evacuation Pause)
[2025-08-01T02:35:32.266+0000] GC(561) Using 8 workers of 8 for evacuation
[2025-08-01T02:35:32.361+0000] GC(561)   Pre Evacuate Collection Set: 0.1ms
[2025-08-01T02:35:32.361+0000] GC(561)   Evacuate Collection Set: 93.8ms
[2025-08-01T02:35:32.361+0000] GC(561)   Post Evacuate Collection Set: 0.9ms
[2025-08-01T02:35:32.361+0000] GC(561)   Other: 0.5ms
[2025-08-01T02:35:32.361+0000] GC(561) Eden regions: 170->0(112)
[2025-08-01T02:35:32.362+0000] GC(561) Survivor regions: 13->23(23)
[2025-08-01T02:35:32.362+0000] GC(561) Old regions: 1300->1461
[2025-08-01T02:35:32.362+0000] GC(561) Humongous regions: 0->0
[2025-08-01T02:35:32.362+0000] GC(561) Metaspace: 9706K(12544K)->9706K(12544K) NonClass: 8540K(11008K)->8540K(11008K) Class: 1166K(1536K)->1166K(1536K)
[2025-08-01T02:35:32.362+0000] GC(561) Pause Young (Concurrent Start) (G1 Evacuation Pause) 2962M->2965M(4096M) 95.416ms
[2025-08-01T02:35:32.362+0000] GC(561) User=0.70s Sys=0.02s Real=0.09s
[2025-08-01T02:35:32.362+0000] GC(562) Concurrent Cycle
[2025-08-01T02:35:32.362+0000] GC(562) Concurrent Clear Claimed Marks
[2025-08-01T02:35:32.362+0000] GC(562) Concurrent Clear Claimed Marks 0.337ms
[2025-08-01T02:35:32.362+0000] GC(562) Concurrent Scan Root Regions
[2025-08-01T02:35:32.372+0000] GC(562) Concurrent Scan Root Regions 10.021ms
[2025-08-01T02:35:32.372+0000] GC(562) Concurrent Mark (71.368s)
[2025-08-01T02:35:32.372+0000] GC(562) Concurrent Mark From Roots
[2025-08-01T02:35:32.372+0000] GC(562) Using 2 workers of 2 for marking
[2025-08-01T02:35:32.422+0000] GC(563) Pause Young (Normal) (G1 Evacuation Pause)
[2025-08-01T02:35:32.422+0000] GC(563) Using 8 workers of 8 for evacuation
[2025-08-01T02:35:32.477+0000] GC(563)   Pre Evacuate Collection Set: 0.1ms
[2025-08-01T02:35:32.477+0000] GC(563)   Evacuate Collection Set: 53.9ms
[2025-08-01T02:35:32.477+0000] GC(563)   Post Evacuate Collection Set: 0.8ms
[2025-08-01T02:35:32.477+0000] GC(563)   Other: 0.3ms
[2025-08-01T02:35:32.477+0000] GC(563) Eden regions: 112->0(101)
[2025-08-01T02:35:32.477+0000] GC(563) Survivor regions: 23->17(17)
[2025-08-01T02:35:32.477+0000] GC(563) Old regions: 1461->1514
[2025-08-01T02:35:32.477+0000] GC(563) Humongous regions: 0->0
[2025-08-01T02:35:32.477+0000] GC(563) Metaspace: 9706K(12544K)->9706K(12544K) NonClass: 8540K(11008K)->8540K(11008K) Class: 1166K(1536K)->1166K(1536K)
[2025-08-01T02:35:32.477+0000] GC(563) Pause Young (Normal) (G1 Evacuation Pause) 3189M->3058M(4096M) 55.245ms
[2025-08-01T02:35:32.477+0000] GC(563) User=0.41s Sys=0.01s Real=0.06s
[2025-08-01T02:35:32.504+0000] GC(564) Pause Young (Normal) (G1 Evacuation Pause)
[2025-08-01T02:35:32.504+0000] GC(564) Using 8 workers of 8 for evacuation
[2025-08-01T02:35:32.558+0000] GC(564)   Pre Evacuate Collection Set: 0.1ms
[2025-08-01T02:35:32.558+0000] GC(564)   Evacuate Collection Set: 52.5ms
[2025-08-01T02:35:32.558+0000] GC(564)   Post Evacuate Collection Set: 0.7ms
[2025-08-01T02:35:32.558+0000] GC(564)   Other: 0.2ms
[2025-08-01T02:35:32.558+0000] GC(564) Eden regions: 101->0(87)
[2025-08-01T02:35:32.558+0000] GC(564) Survivor regions: 17->15(15)
[2025-08-01T02:35:32.558+0000] GC(564) Old regions: 1514->1618
[2025-08-01T02:35:32.558+0000] GC(564) Humongous regions: 0->0
[2025-08-01T02:35:32.558+0000] GC(564) Metaspace: 9706K(12544K)->9706K(12544K) NonClass: 8540K(11008K)->8540K(11008K) Class: 1166K(1536K)->1166K(1536K)
[2025-08-01T02:35:32.558+0000] GC(564) Pause Young (Normal) (G1 Evacuation Pause) 3260M->3263M(4096M) 53.646ms
[2025-08-01T02:35:32.558+0000] GC(564) User=0.39s Sys=0.01s Real=0.05s
[2025-08-01T02:35:32.625+0000] GC(565) Pause Young (Normal) (G1 Evacuation Pause)
[2025-08-01T02:35:32.625+0000] GC(565) Using 8 workers of 8 for evacuation
[2025-08-01T02:35:32.677+0000] GC(565)   Pre Evacuate Collection Set: 0.1ms
[2025-08-01T02:35:32.677+0000] GC(565)   Evacuate Collection Set: 50.7ms
[2025-08-01T02:35:32.677+0000] GC(565)   Post Evacuate Collection Set: 0.8ms
[2025-08-01T02:35:32.677+0000] GC(565)   Other: 0.3ms
[2025-08-01T02:35:32.677+0000] GC(565) Eden regions: 87->0(89)
[2025-08-01T02:35:32.677+0000] GC(565) Survivor regions: 15->13(13)
[2025-08-01T02:35:32.677+0000] GC(565) Old regions: 1618->1709
[2025-08-01T02:35:32.677+0000] GC(565) Humongous regions: 0->0
[2025-08-01T02:35:32.677+0000] GC(565) Metaspace: 9706K(12544K)->9706K(12544K) NonClass: 8540K(11008K)->8540K(11008K) Class: 1166K(1536K)->1166K(1536K)
[2025-08-01T02:35:32.677+0000] GC(565) Pause Young (Normal) (G1 Evacuation Pause) 3437M->3440M(4096M) 51.952ms
[2025-08-01T02:35:32.677+0000] GC(565) User=0.38s Sys=0.01s Real=0.05s
[2025-08-01T02:35:32.695+0000] GC(566) Pause Young (Normal) (G1 Evacuation Pause)
[2025-08-01T02:35:32.695+0000] GC(566) Using 8 workers of 8 for evacuation
[2025-08-01T02:35:32.728+0000] GC(566)   Pre Evacuate Collection Set: 0.1ms
[2025-08-01T02:35:32.728+0000] GC(566)   Evacuate Collection Set: 31.6ms
[2025-08-01T02:35:32.728+0000] GC(566)   Post Evacuate Collection Set: 0.9ms
[2025-08-01T02:35:32.728+0000] GC(566)   Other: 0.3ms
[2025-08-01T02:35:32.728+0000] GC(566) Eden regions: 89->0(89)
[2025-08-01T02:35:32.728+0000] GC(566) Survivor regions: 13->13(13)
[2025-08-01T02:35:32.728+0000] GC(566) Old regions: 1709->1800
[2025-08-01T02:35:32.728+0000] GC(566) Humongous regions: 0->0
[2025-08-01T02:35:32.728+0000] GC(566) Metaspace: 9706K(12544K)->9706K(12544K) NonClass: 8540K(11008K)->8540K(11008K) Class: 1166K(1536K)->1166K(1536K)
[2025-08-01T02:35:32.728+0000] GC(566) Pause Young (Normal) (G1 Evacuation Pause) 3618M->3623M(4096M) 33.062ms
[2025-08-01T02:35:32.728+0000] GC(566) User=0.24s Sys=0.00s Real=0.03s
[2025-08-01T02:35:32.794+0000] GC(567) Pause Young (Normal) (G1 Evacuation Pause)
[2025-08-01T02:35:32.794+0000] GC(567) Using 8 workers of 8 for evacuation
[2025-08-01T02:35:32.829+0000] GC(567)   Pre Evacuate Collection Set: 0.1ms
[2025-08-01T02:35:32.829+0000] GC(567)   Evacuate Collection Set: 34.4ms
[2025-08-01T02:35:32.829+0000] GC(567)   Post Evacuate Collection Set: 0.5ms
[2025-08-01T02:35:32.829+0000] GC(567)   Other: 0.2ms
[2025-08-01T02:35:32.829+0000] GC(567) Eden regions: 89->0(89)
[2025-08-01T02:35:32.829+0000] GC(567) Survivor regions: 13->13(13)
[2025-08-01T02:35:32.829+0000] GC(567) Old regions: 1800->1865
[2025-08-01T02:35:32.830+0000] GC(567) Humongous regions: 0->0
[2025-08-01T02:35:32.830+0000] GC(567) Metaspace: 9706K(12544K)->9706K(12544K) NonClass: 8540K(11008K)->8540K(11008K) Class: 1166K(1536K)->1166K(1536K)
[2025-08-01T02:35:32.830+0000] GC(567) Pause Young (Normal) (G1 Evacuation Pause) 3801M->3752M(4096M) 35.320ms
[2025-08-01T02:35:32.830+0000] GC(567) User=0.26s Sys=0.01s Real=0.03s
[2025-08-01T02:35:32.846+0000] GC(568) Pause Young (Normal) (G1 Evacuation Pause)
[2025-08-01T02:35:32.846+0000] GC(568) Using 8 workers of 8 for evacuation
[2025-08-01T02:35:32.882+0000] GC(568) To-space exhausted
[2025-08-01T02:35:32.882+0000] GC(568)   Pre Evacuate Collection Set: 0.1ms
[2025-08-01T02:35:32.882+0000] GC(568)   Evacuate Collection Set: 32.5ms
[2025-08-01T02:35:32.882+0000] GC(568)   Post Evacuate Collection Set: 3.2ms
[2025-08-01T02:35:32.882+0000] GC(568)   Other: 0.3ms
[2025-08-01T02:35:32.882+0000] GC(568) Eden regions: 89->0(89)
[2025-08-01T02:35:32.882+0000] GC(568) Survivor regions: 13->13(13)
[2025-08-01T02:35:32.882+0000] GC(568) Old regions: 1865->1964
[2025-08-01T02:35:32.882+0000] GC(568) Humongous regions: 0->0
[2025-08-01T02:35:32.882+0000] GC(568) Metaspace: 9706K(12544K)->9706K(12544K) NonClass: 8540K(11008K)->8540K(11008K) Class: 1166K(1536K)->1166K(1536K)
[2025-08-01T02:35:32.883+0000] GC(568) Pause Young (Normal) (G1 Evacuation Pause) 3930M->3951M(4096M) 36.316ms
[2025-08-01T02:35:32.883+0000] GC(568) User=0.27s Sys=0.00s Real=0.03s
[2025-08-01T02:35:32.895+0000] GC(569) Pause Young (Normal) (G1 Evacuation Pause)
[2025-08-01T02:35:32.896+0000] GC(569) Using 8 workers of 8 for evacuation
[2025-08-01T02:35:32.918+0000] GC(569) To-space exhausted
[2025-08-01T02:35:32.918+0000] GC(569)   Pre Evacuate Collection Set: 0.1ms
[2025-08-01T02:35:32.918+0000] GC(569)   Evacuate Collection Set: 13.4ms
[2025-08-01T02:35:32.918+0000] GC(569)   Post Evacuate Collection Set: 9.1ms
[2025-08-01T02:35:32.918+0000] GC(569)   Other: 0.3ms
[2025-08-01T02:35:32.918+0000] GC(569) Eden regions: 71->0(102)
[2025-08-01T02:35:32.918+0000] GC(569) Survivor regions: 13->0(13)
[2025-08-01T02:35:32.918+0000] GC(569) Old regions: 1964->2048
[2025-08-01T02:35:32.918+0000] GC(569) Humongous regions: 0->0
[2025-08-01T02:35:32.918+0000] GC(569) Metaspace: 9706K(12544K)->9706K(12544K) NonClass: 8540K(11008K)->8540K(11008K) Class: 1166K(1536K)->1166K(1536K)
[2025-08-01T02:35:32.918+0000] GC(569) Pause Young (Normal) (G1 Evacuation Pause) 4093M->4093M(4096M) 23.030ms
[2025-08-01T02:35:32.919+0000] GC(569) User=0.17s Sys=0.00s Real=0.02s
[2025-08-01T02:35:32.919+0000] GC(570) Using 8 workers of 8 for full compaction
[2025-08-01T02:35:32.919+0000] GC(570) Pause Full (G1 Evacuation Pause)
[2025-08-01T02:35:32.925+0000] GC(570) Phase 1: Mark live objects
[2025-08-01T02:35:32.964+0000] GC(570) Cleaned string and symbol table, strings: 2833 processed, 0 removed, symbols: 23489 processed, 0 removed
[2025-08-01T02:35:32.964+0000] GC(570) Phase 1: Mark live objects 39.546ms
[2025-08-01T02:35:32.964+0000] GC(570) Phase 2: Prepare for compaction
[2025-08-01T02:35:33.009+0000] GC(570) Phase 2: Prepare for compaction 44.281ms
[2025-08-01T02:35:33.009+0000] GC(570) Phase 3: Adjust pointers
[2025-08-01T02:35:33.053+0000] GC(570) Phase 3: Adjust pointers 44.148ms
[2025-08-01T02:35:33.053+0000] GC(570) Phase 4: Compact heap
[2025-08-01T02:35:33.199+0000] GC(570) Phase 4: Compact heap 146.496ms
[2025-08-01T02:35:33.201+0000] GC(570) Eden regions: 0->0(390)
[2025-08-01T02:35:33.202+0000] GC(570) Survivor regions: 0->0(13)
[2025-08-01T02:35:33.202+0000] GC(570) Old regions: 2048->543
[2025-08-01T02:35:33.202+0000] GC(570) Humongous regions: 0->0
[2025-08-01T02:35:33.202+0000] GC(570) Metaspace: 9706K(12544K)->9706K(12544K) NonClass: 8540K(11008K)->8540K(11008K) Class: 1166K(1536K)->1166K(1536K)
[2025-08-01T02:35:33.202+0000] GC(570) Pause Full (G1 Evacuation Pause) 4093M->1076M(4096M) 283.047ms
[2025-08-01T02:35:33.202+0000] GC(570) User=2.11s Sys=0.00s Real=0.28s
[2025-08-01T02:35:33.205+0000] GC(562) Concurrent Mark From Roots 832.827ms
[2025-08-01T02:35:33.205+0000] GC(562) Concurrent Mark Abort
[2025-08-01T02:35:33.205+0000] GC(562) Concurrent Cycle 843.601ms
[2025-08-01T02:35:33.372+0000] GC(571) Pause Young (Normal) (G1 Evacuation Pause)
[2025-08-01T02:35:33.372+0000] GC(571) Using 8 workers of 8 for evacuation
[2025-08-01T02:35:33.531+0000] GC(571)   Pre Evacuate Collection Set: 0.1ms
[2025-08-01T02:35:33.531+0000] GC(571)   Evacuate Collection Set: 157.4ms
[2025-08-01T02:35:33.531+0000] GC(571)   Post Evacuate Collection Set: 1.2ms
[2025-08-01T02:35:33.531+0000] GC(571)   Other: 0.3ms
[2025-08-01T02:35:33.531+0000] GC(571) Eden regions: 390->0(327)
[2025-08-01T02:35:33.531+0000] GC(571) Survivor regions: 0->49(49)
[2025-08-01T02:35:33.531+0000] GC(571) Old regions: 543->791
[2025-08-01T02:35:33.531+0000] GC(571) Humongous regions: 0->0
[2025-08-01T02:35:33.532+0000] GC(571) Metaspace: 9706K(12544K)->9706K(12544K) NonClass: 8540K(11008K)->8540K(11008K) Class: 1166K(1536K)->1166K(1536K)
[2025-08-01T02:35:33.532+0000] GC(571) Pause Young (Normal) (G1 Evacuation Pause) 1856M->1670M(4096M) 159.135ms
[2025-08-01T02:35:33.532+0000] GC(571) User=1.19s Sys=0.06s Real=0.16s
[2025-08-01T02:35:33.674+0000] GC(572) Pause Young (Concurrent Start) (G1 Evacuation Pause)
[2025-08-01T02:35:33.674+0000] GC(572) Using 8 workers of 8 for evacuation
[2025-08-01T02:35:33.768+0000] GC(572)   Pre Evacuate Collection Set: 0.1ms
[2025-08-01T02:35:33.768+0000] GC(572)   Evacuate Collection Set: 92.4ms
[2025-08-01T02:35:33.768+0000] GC(572)   Post Evacuate Collection Set: 1.0ms
[2025-08-01T02:35:33.768+0000] GC(572)   Other: 0.5ms
[2025-08-01T02:35:33.768+0000] GC(572) Eden regions: 327->0(268)
[2025-08-01T02:35:33.768+0000] GC(572) Survivor regions: 49->47(47)
[2025-08-01T02:35:33.768+0000] GC(572) Old regions: 791->997
[2025-08-01T02:35:33.768+0000] GC(572) Humongous regions: 0->0
[2025-08-01T02:35:33.768+0000] GC(572) Metaspace: 9706K(12544K)->9706K(12544K) NonClass: 8540K(11008K)->8540K(11008K) Class: 1166K(1536K)->1166K(1536K)
[2025-08-01T02:35:33.768+0000] GC(572) Pause Young (Concurrent Start) (G1 Evacuation Pause) 2324M->2078M(4096M) 94.312ms
[2025-08-01T02:35:33.768+0000] GC(572) User=0.72s Sys=0.01s Real=0.09s
[2025-08-01T02:35:33.768+0000] GC(573) Concurrent Cycle
[2025-08-01T02:35:33.768+0000] GC(573) Concurrent Clear Claimed Marks
[2025-08-01T02:35:33.768+0000] GC(573) Concurrent Clear Claimed Marks 0.064ms
[2025-08-01T02:35:33.768+0000] GC(573) Concurrent Scan Root Regions
[2025-08-01T02:35:33.782+0000] GC(573) Concurrent Scan Root Regions 13.783ms
[2025-08-01T02:35:33.782+0000] GC(573) Concurrent Mark (72.778s)
[2025-08-01T02:35:33.782+0000] GC(573) Concurrent Mark From Roots
[2025-08-01T02:35:33.782+0000] GC(573) Using 2 workers of 2 for marking
[2025-08-01T02:35:33.873+0000] GC(574) Pause Young (Normal) (G1 Evacuation Pause)
[2025-08-01T02:35:33.873+0000] GC(574) Using 8 workers of 8 for evacuation
[2025-08-01T02:35:33.957+0000] GC(574)   Pre Evacuate Collection Set: 0.1ms
[2025-08-01T02:35:33.958+0000] GC(574)   Evacuate Collection Set: 83.5ms
[2025-08-01T02:35:33.958+0000] GC(574)   Post Evacuate Collection Set: 1.0ms
[2025-08-01T02:35:33.958+0000] GC(574)   Other: 0.4ms
[2025-08-01T02:35:33.958+0000] GC(574) Eden regions: 268->0(197)
[2025-08-01T02:35:33.958+0000] GC(574) Survivor regions: 47->40(40)
[2025-08-01T02:35:33.958+0000] GC(574) Old regions: 997->1207
[2025-08-01T02:35:33.958+0000] GC(574) Humongous regions: 0->0
[2025-08-01T02:35:33.958+0000] GC(574) Metaspace: 9706K(12544K)->9706K(12544K) NonClass: 8540K(11008K)->8540K(11008K) Class: 1166K(1536K)->1166K(1536K)
[2025-08-01T02:35:33.958+0000] GC(574) Pause Young (Normal) (G1 Evacuation Pause) 2614M->2483M(4096M) 85.129ms
[2025-08-01T02:35:33.958+0000] GC(574) User=0.66s Sys=0.01s Real=0.09s
[2025-08-01T02:35:34.005+0000] GC(573) Concurrent Mark From Roots 222.808ms
[2025-08-01T02:35:34.005+0000] GC(573) Concurrent Preclean
[2025-08-01T02:35:34.005+0000] GC(573) Concurrent Preclean 0.298ms
[2025-08-01T02:35:34.005+0000] GC(573) Concurrent Mark (72.778s, 73.001s) 223.183ms
[2025-08-01T02:35:34.006+0000] GC(573) Pause Remark
[2025-08-01T02:35:34.008+0000] GC(573) Cleaned string and symbol table, strings: 2833 processed, 0 removed, symbols: 23489 processed, 0 removed
[2025-08-01T02:35:34.009+0000] GC(573) Pause Remark 2710M->1605M(4096M) 3.476ms
[2025-08-01T02:35:34.009+0000] GC(573) User=0.00s Sys=0.00s Real=0.00s
[2025-08-01T02:35:34.009+0000] GC(573) Concurrent Rebuild Remembered Sets
[2025-08-01T02:35:34.040+0000] GC(575) Pause Young (Normal) (G1 Evacuation Pause)
[2025-08-01T02:35:34.040+0000] GC(575) Using 8 workers of 8 for evacuation
[2025-08-01T02:35:34.127+0000] GC(575)   Pre Evacuate Collection Set: 0.1ms
[2025-08-01T02:35:34.128+0000] GC(575)   Evacuate Collection Set: 86.1ms
[2025-08-01T02:35:34.128+0000] GC(575)   Post Evacuate Collection Set: 1.0ms
[2025-08-01T02:35:34.128+0000] GC(575)   Other: 0.5ms
[2025-08-01T02:35:34.128+0000] GC(575) Eden regions: 197->0(311)
[2025-08-01T02:35:34.128+0000] GC(575) Survivor regions: 40->30(30)
[2025-08-01T02:35:34.128+0000] GC(575) Old regions: 651->859
[2025-08-01T02:35:34.128+0000] GC(575) Humongous regions: 0->0
[2025-08-01T02:35:34.128+0000] GC(575) Metaspace: 9706K(12544K)->9706K(12544K) NonClass: 8540K(11008K)->8540K(11008K) Class: 1166K(1536K)->1166K(1536K)
[2025-08-01T02:35:34.128+0000] GC(575) Pause Young (Normal) (G1 Evacuation Pause) 1772M->1775M(4096M) 87.822ms
[2025-08-01T02:35:34.128+0000] GC(575) User=0.63s Sys=0.01s Real=0.09s
[2025-08-01T02:35:34.269+0000] GC(573) Concurrent Rebuild Remembered Sets 259.368ms
[2025-08-01T02:35:34.269+0000] GC(573) Pause Cleanup
[2025-08-01T02:35:34.270+0000] GC(573) Pause Cleanup 2332M->2332M(4096M) 0.900ms
[2025-08-01T02:35:34.270+0000] GC(573) User=0.01s Sys=0.00s Real=0.00s
[2025-08-01T02:35:34.270+0000] GC(573) Concurrent Cleanup for Next Mark
[2025-08-01T02:35:34.284+0000] GC(576) Pause Young (Prepare Mixed) (G1 Evacuation Pause)
[2025-08-01T02:35:34.284+0000] GC(576) Using 8 workers of 8 for evacuation
[2025-08-01T02:35:34.375+0000] GC(576)   Pre Evacuate Collection Set: 0.1ms
[2025-08-01T02:35:34.375+0000] GC(576)   Evacuate Collection Set: 89.8ms
[2025-08-01T02:35:34.375+0000] GC(576)   Post Evacuate Collection Set: 0.9ms
[2025-08-01T02:35:34.375+0000] GC(576)   Other: 0.3ms
[2025-08-01T02:35:34.375+0000] GC(576) Eden regions: 311->0(59)
[2025-08-01T02:35:34.375+0000] GC(576) Survivor regions: 30->43(43)
[2025-08-01T02:35:34.375+0000] GC(576) Old regions: 859->1089
[2025-08-01T02:35:34.375+0000] GC(576) Humongous regions: 0->0
[2025-08-01T02:35:34.375+0000] GC(576) Metaspace: 9706K(12544K)->9706K(12544K) NonClass: 8540K(11008K)->8540K(11008K) Class: 1166K(1536K)->1166K(1536K)
[2025-08-01T02:35:34.375+0000] GC(576) Pause Young (Prepare Mixed) (G1 Evacuation Pause) 2397M->2261M(4096M) 91.245ms
[2025-08-01T02:35:34.375+0000] GC(576) User=0.67s Sys=0.00s Real=0.09s
[2025-08-01T02:35:34.377+0000] GC(573) Concurrent Cleanup for Next Mark 107.100ms
[2025-08-01T02:35:34.377+0000] GC(573) Concurrent Cycle 609.269ms
[2025-08-01T02:35:34.386+0000] GC(577) Pause Young (Mixed) (G1 Evacuation Pause)
[2025-08-01T02:35:34.386+0000] GC(577) Using 8 workers of 8 for evacuation
[2025-08-01T02:35:34.417+0000] GC(577)   Pre Evacuate Collection Set: 0.1ms
[2025-08-01T02:35:34.417+0000] GC(577)   Evacuate Collection Set: 29.6ms
[2025-08-01T02:35:34.417+0000] GC(577)   Post Evacuate Collection Set: 0.8ms
[2025-08-01T02:35:34.417+0000] GC(577)   Other: 0.4ms
[2025-08-01T02:35:34.417+0000] GC(577) Eden regions: 59->0(216)
[2025-08-01T02:35:34.417+0000] GC(577) Survivor regions: 43->13(13)
[2025-08-01T02:35:34.417+0000] GC(577) Old regions: 1089->1147
[2025-08-01T02:35:34.417+0000] GC(577) Humongous regions: 0->0
[2025-08-01T02:35:34.417+0000] GC(577) Metaspace: 9706K(12544K)->9706K(12544K) NonClass: 8540K(11008K)->8540K(11008K) Class: 1166K(1536K)->1166K(1536K)
[2025-08-01T02:35:34.417+0000] GC(577) Pause Young (Mixed) (G1 Evacuation Pause) 2379M->2317M(4096M) 31.001ms
[2025-08-01T02:35:34.417+0000] GC(577) User=0.23s Sys=0.00s Real=0.03s
[2025-08-01T02:35:34.512+0000] GC(578) Pause Young (Concurrent Start) (G1 Evacuation Pause)
[2025-08-01T02:35:34.512+0000] GC(578) Using 8 workers of 8 for evacuation
[2025-08-01T02:35:34.636+0000] GC(578)   Pre Evacuate Collection Set: 0.1ms
[2025-08-01T02:35:34.636+0000] GC(578)   Evacuate Collection Set: 122.4ms
[2025-08-01T02:35:34.636+0000] GC(578)   Post Evacuate Collection Set: 0.9ms
[2025-08-01T02:35:34.636+0000] GC(578)   Other: 0.4ms
[2025-08-01T02:35:34.636+0000] GC(578) Eden regions: 216->0(153)
[2025-08-01T02:35:34.636+0000] GC(578) Survivor regions: 13->29(29)
[2025-08-01T02:35:34.636+0000] GC(578) Old regions: 1147->1326
[2025-08-01T02:35:34.636+0000] GC(578) Humongous regions: 0->0
[2025-08-01T02:35:34.636+0000] GC(578) Metaspace: 9706K(12544K)->9706K(12544K) NonClass: 8540K(11008K)->8540K(11008K) Class: 1166K(1536K)->1166K(1536K)
[2025-08-01T02:35:34.636+0000] GC(578) Pause Young (Concurrent Start) (G1 Evacuation Pause) 2749M->2707M(4096M) 124.053ms
[2025-08-01T02:35:34.636+0000] GC(578) User=0.92s Sys=0.03s Real=0.13s
[2025-08-01T02:35:34.637+0000] GC(579) Concurrent Cycle
[2025-08-01T02:35:34.637+0000] GC(579) Concurrent Clear Claimed Marks
[2025-08-01T02:35:34.637+0000] GC(579) Concurrent Clear Claimed Marks 0.070ms
[2025-08-01T02:35:34.637+0000] GC(579) Concurrent Scan Root Regions
[2025-08-01T02:35:34.645+0000] GC(579) Concurrent Scan Root Regions 8.207ms
[2025-08-01T02:35:34.645+0000] GC(579) Concurrent Mark (73.641s)
[2025-08-01T02:35:34.645+0000] GC(579) Concurrent Mark From Roots
[2025-08-01T02:35:34.645+0000] GC(579) Using 2 workers of 2 for marking
[2025-08-01T02:35:34.714+0000] GC(580) Pause Young (Normal) (G1 Evacuation Pause)
[2025-08-01T02:35:34.714+0000] GC(580) Using 8 workers of 8 for evacuation
[2025-08-01T02:35:34.765+0000] GC(580)   Pre Evacuate Collection Set: 0.1ms
[2025-08-01T02:35:34.765+0000] GC(580)   Evacuate Collection Set: 49.1ms
[2025-08-01T02:35:34.765+0000] GC(580)   Post Evacuate Collection Set: 1.0ms
[2025-08-01T02:35:34.765+0000] GC(580)   Other: 0.3ms
[2025-08-01T02:35:34.765+0000] GC(580) Eden regions: 153->0(111)
[2025-08-01T02:35:34.765+0000] GC(580) Survivor regions: 29->23(23)
[2025-08-01T02:35:34.765+0000] GC(580) Old regions: 1326->1464
[2025-08-01T02:35:34.765+0000] GC(580) Humongous regions: 0->0
[2025-08-01T02:35:34.765+0000] GC(580) Metaspace: 9706K(12544K)->9706K(12544K) NonClass: 8540K(11008K)->8540K(11008K) Class: 1166K(1536K)->1166K(1536K)
[2025-08-01T02:35:34.765+0000] GC(580) Pause Young (Normal) (G1 Evacuation Pause) 3013M->2970M(4096M) 50.623ms
[2025-08-01T02:35:34.765+0000] GC(580) User=0.38s Sys=0.01s Real=0.05s
[2025-08-01T02:35:34.832+0000] GC(581) Pause Young (Normal) (G1 Evacuation Pause)
[2025-08-01T02:35:34.832+0000] GC(581) Using 8 workers of 8 for evacuation
[2025-08-01T02:35:34.871+0000] GC(581)   Pre Evacuate Collection Set: 0.1ms
[2025-08-01T02:35:34.871+0000] GC(581)   Evacuate Collection Set: 37.4ms
[2025-08-01T02:35:34.871+0000] GC(581)   Post Evacuate Collection Set: 0.6ms
[2025-08-01T02:35:34.871+0000] GC(581)   Other: 0.3ms
[2025-08-01T02:35:34.871+0000] GC(581) Eden regions: 111->0(85)
[2025-08-01T02:35:34.871+0000] GC(581) Survivor regions: 23->17(17)
[2025-08-01T02:35:34.871+0000] GC(581) Old regions: 1464->1583
[2025-08-01T02:35:34.871+0000] GC(581) Humongous regions: 0->0
[2025-08-01T02:35:34.871+0000] GC(581) Metaspace: 9706K(12544K)->9706K(12544K) NonClass: 8540K(11008K)->8540K(11008K) Class: 1166K(1536K)->1166K(1536K)
[2025-08-01T02:35:34.871+0000] GC(581) Pause Young (Normal) (G1 Evacuation Pause) 3192M->3196M(4096M) 38.593ms
[2025-08-01T02:35:34.871+0000] GC(581) User=0.30s Sys=0.00s Real=0.04s
[2025-08-01T02:35:34.886+0000] GC(582) Pause Young (Normal) (G1 Evacuation Pause)
[2025-08-01T02:35:34.886+0000] GC(582) Using 8 workers of 8 for evacuation
[2025-08-01T02:35:34.925+0000] GC(582)   Pre Evacuate Collection Set: 0.1ms
[2025-08-01T02:35:34.925+0000] GC(582)   Evacuate Collection Set: 37.7ms
[2025-08-01T02:35:34.925+0000] GC(582)   Post Evacuate Collection Set: 0.8ms
[2025-08-01T02:35:34.925+0000] GC(582)   Other: 0.3ms
[2025-08-01T02:35:34.925+0000] GC(582) Eden regions: 85->0(89)
[2025-08-01T02:35:34.925+0000] GC(582) Survivor regions: 17->13(13)
[2025-08-01T02:35:34.925+0000] GC(582) Old regions: 1583->1674
[2025-08-01T02:35:34.925+0000] GC(582) Humongous regions: 0->0
[2025-08-01T02:35:34.925+0000] GC(582) Metaspace: 9706K(12544K)->9706K(12544K) NonClass: 8540K(11008K)->8540K(11008K) Class: 1166K(1536K)->1166K(1536K)
[2025-08-01T02:35:34.925+0000] GC(582) Pause Young (Normal) (G1 Evacuation Pause) 3366M->3370M(4096M) 39.042ms
[2025-08-01T02:35:34.925+0000] GC(582) User=0.29s Sys=0.00s Real=0.04s
[2025-08-01T02:35:34.959+0000] GC(579) Concurrent Mark From Roots 314.009ms
[2025-08-01T02:35:34.959+0000] GC(579) Concurrent Preclean
[2025-08-01T02:35:34.959+0000] GC(579) Concurrent Preclean 0.300ms
[2025-08-01T02:35:34.959+0000] GC(579) Concurrent Mark (73.641s, 73.955s) 314.411ms
[2025-08-01T02:35:34.960+0000] GC(579) Pause Remark
[2025-08-01T02:35:34.964+0000] GC(579) Cleaned string and symbol table, strings: 2833 processed, 0 removed, symbols: 23489 processed, 0 removed
[2025-08-01T02:35:34.966+0000] GC(579) Pause Remark 3503M->2235M(4096M) 6.142ms
[2025-08-01T02:35:34.966+0000] GC(579) User=0.03s Sys=0.00s Real=0.01s
[2025-08-01T02:35:34.966+0000] GC(579) Concurrent Rebuild Remembered Sets
[2025-08-01T02:35:34.989+0000] GC(583) Pause Young (Normal) (G1 Evacuation Pause)
[2025-08-01T02:35:34.989+0000] GC(583) Using 8 workers of 8 for evacuation
[2025-08-01T02:35:35.017+0000] GC(583)   Pre Evacuate Collection Set: 0.1ms
[2025-08-01T02:35:35.017+0000] GC(583)   Evacuate Collection Set: 26.7ms
[2025-08-01T02:35:35.017+0000] GC(583)   Post Evacuate Collection Set: 0.8ms
[2025-08-01T02:35:35.017+0000] GC(583)   Other: 0.3ms
[2025-08-01T02:35:35.017+0000] GC(583) Eden regions: 89->0(243)
[2025-08-01T02:35:35.017+0000] GC(583) Survivor regions: 13->13(13)
[2025-08-01T02:35:35.017+0000] GC(583) Old regions: 1040->1086
[2025-08-01T02:35:35.017+0000] GC(583) Humongous regions: 0->0
[2025-08-01T02:35:35.017+0000] GC(583) Metaspace: 9706K(12544K)->9706K(12544K) NonClass: 8540K(11008K)->8540K(11008K) Class: 1166K(1536K)->1166K(1536K)
[2025-08-01T02:35:35.017+0000] GC(583) Pause Young (Normal) (G1 Evacuation Pause) 2280M->2195M(4096M) 28.079ms
[2025-08-01T02:35:35.017+0000] GC(583) User=0.19s Sys=0.01s Real=0.03s
[2025-08-01T02:35:35.110+0000] GC(584) Pause Young (Normal) (G1 Evacuation Pause)
[2025-08-01T02:35:35.110+0000] GC(584) Using 8 workers of 8 for evacuation
[2025-08-01T02:35:35.215+0000] GC(584)   Pre Evacuate Collection Set: 0.1ms
[2025-08-01T02:35:35.215+0000] GC(584)   Evacuate Collection Set: 103.8ms
[2025-08-01T02:35:35.216+0000] GC(584)   Post Evacuate Collection Set: 0.8ms
[2025-08-01T02:35:35.216+0000] GC(584)   Other: 0.3ms
[2025-08-01T02:35:35.216+0000] GC(584) Eden regions: 243->0(158)
[2025-08-01T02:35:35.216+0000] GC(584) Survivor regions: 13->32(32)
[2025-08-01T02:35:35.216+0000] GC(584) Old regions: 1086->1312
[2025-08-01T02:35:35.216+0000] GC(584) Humongous regions: 0->0
[2025-08-01T02:35:35.216+0000] GC(584) Metaspace: 9706K(12544K)->9706K(12544K) NonClass: 8540K(11008K)->8540K(11008K) Class: 1166K(1536K)->1166K(1536K)
[2025-08-01T02:35:35.216+0000] GC(584) Pause Young (Normal) (G1 Evacuation Pause) 2681M->2685M(4096M) 105.229ms
[2025-08-01T02:35:35.216+0000] GC(584) User=0.77s Sys=0.03s Real=0.11s
[2025-08-01T02:35:35.289+0000] GC(585) Pause Young (Normal) (G1 Evacuation Pause)
[2025-08-01T02:35:35.289+0000] GC(585) Using 8 workers of 8 for evacuation
[2025-08-01T02:35:35.372+0000] GC(585)   Pre Evacuate Collection Set: 0.1ms
[2025-08-01T02:35:35.372+0000] GC(585)   Evacuate Collection Set: 82.3ms
[2025-08-01T02:35:35.372+0000] GC(585)   Post Evacuate Collection Set: 0.8ms
[2025-08-01T02:35:35.372+0000] GC(585)   Other: 0.4ms
[2025-08-01T02:35:35.372+0000] GC(585) Eden regions: 158->0(109)
[2025-08-01T02:35:35.372+0000] GC(585) Survivor regions: 32->24(24)
[2025-08-01T02:35:35.372+0000] GC(585) Old regions: 1312->1469
[2025-08-01T02:35:35.372+0000] GC(585) Humongous regions: 0->0
[2025-08-01T02:35:35.372+0000] GC(585) Metaspace: 9706K(12544K)->9706K(12544K) NonClass: 8540K(11008K)->8540K(11008K) Class: 1166K(1536K)->1166K(1536K)
[2025-08-01T02:35:35.372+0000] GC(585) Pause Young (Normal) (G1 Evacuation Pause) 3001M->2982M(4096M) 83.714ms
[2025-08-01T02:35:35.372+0000] GC(585) User=0.62s Sys=0.01s Real=0.08s
[2025-08-01T02:35:35.391+0000] GC(586) Pause Young (Normal) (G1 Evacuation Pause)
[2025-08-01T02:35:35.391+0000] GC(586) Using 8 workers of 8 for evacuation
[2025-08-01T02:35:35.437+0000] GC(586)   Pre Evacuate Collection Set: 0.1ms
[2025-08-01T02:35:35.437+0000] GC(586)   Evacuate Collection Set: 44.7ms
[2025-08-01T02:35:35.437+0000] GC(586)   Post Evacuate Collection Set: 0.6ms
[2025-08-01T02:35:35.437+0000] GC(586)   Other: 0.3ms
[2025-08-01T02:35:35.437+0000] GC(586) Eden regions: 109->0(85)
[2025-08-01T02:35:35.437+0000] GC(586) Survivor regions: 24->17(17)
[2025-08-01T02:35:35.437+0000] GC(586) Old regions: 1469->1587
[2025-08-01T02:35:35.437+0000] GC(586) Humongous regions: 0->0
[2025-08-01T02:35:35.437+0000] GC(586) Metaspace: 9706K(12544K)->9706K(12544K) NonClass: 8540K(11008K)->8540K(11008K) Class: 1166K(1536K)->1166K(1536K)
[2025-08-01T02:35:35.437+0000] GC(586) Pause Young (Normal) (G1 Evacuation Pause) 3200M->3204M(4096M) 45.860ms
[2025-08-01T02:35:35.437+0000] GC(586) User=0.36s Sys=0.00s Real=0.05s
[2025-08-01T02:35:35.501+0000] GC(587) Pause Young (Normal) (G1 Evacuation Pause)
[2025-08-01T02:35:35.501+0000] GC(587) Using 8 workers of 8 for evacuation
[2025-08-01T02:35:35.549+0000] GC(587)   Pre Evacuate Collection Set: 0.1ms
[2025-08-01T02:35:35.549+0000] GC(587)   Evacuate Collection Set: 46.6ms
[2025-08-01T02:35:35.549+0000] GC(587)   Post Evacuate Collection Set: 0.5ms
[2025-08-01T02:35:35.549+0000] GC(587)   Other: 0.3ms
[2025-08-01T02:35:35.549+0000] GC(587) Eden regions: 85->0(89)
[2025-08-01T02:35:35.549+0000] GC(587) Survivor regions: 17->13(13)
[2025-08-01T02:35:35.549+0000] GC(587) Old regions: 1587->1666
[2025-08-01T02:35:35.549+0000] GC(587) Humongous regions: 0->0
[2025-08-01T02:35:35.549+0000] GC(587) Metaspace: 9706K(12544K)->9706K(12544K) NonClass: 8540K(11008K)->8540K(11008K) Class: 1166K(1536K)->1166K(1536K)
[2025-08-01T02:35:35.549+0000] GC(587) Pause Young (Normal) (G1 Evacuation Pause) 3374M->3355M(4096M) 47.744ms
[2025-08-01T02:35:35.549+0000] GC(587) User=0.35s Sys=0.01s Real=0.05s
[2025-08-01T02:35:35.565+0000] GC(588) Pause Young (Normal) (G1 Evacuation Pause)
[2025-08-01T02:35:35.565+0000] GC(588) Using 8 workers of 8 for evacuation
[2025-08-01T02:35:35.622+0000] GC(588)   Pre Evacuate Collection Set: 0.1ms
[2025-08-01T02:35:35.622+0000] GC(588)   Evacuate Collection Set: 56.3ms
[2025-08-01T02:35:35.622+0000] GC(588)   Post Evacuate Collection Set: 0.7ms
[2025-08-01T02:35:35.622+0000] GC(588)   Other: 0.3ms
[2025-08-01T02:35:35.623+0000] GC(588) Eden regions: 89->0(89)
[2025-08-01T02:35:35.623+0000] GC(588) Survivor regions: 13->13(13)
[2025-08-01T02:35:35.623+0000] GC(588) Old regions: 1666->1757
[2025-08-01T02:35:35.623+0000] GC(588) Humongous regions: 0->0
[2025-08-01T02:35:35.623+0000] GC(588) Metaspace: 9706K(12544K)->9706K(12544K) NonClass: 8540K(11008K)->8540K(11008K) Class: 1166K(1536K)->1166K(1536K)
[2025-08-01T02:35:35.623+0000] GC(588) Pause Young (Normal) (G1 Evacuation Pause) 3533M->3536M(4096M) 57.481ms
[2025-08-01T02:35:35.623+0000] GC(588) User=0.43s Sys=0.01s Real=0.05s
[2025-08-01T02:35:35.625+0000] GC(579) Concurrent Rebuild Remembered Sets 659.026ms
[2025-08-01T02:35:35.626+0000] GC(579) Pause Cleanup
[2025-08-01T02:35:35.627+0000] GC(579) Pause Cleanup 3564M->3564M(4096M) 1.284ms
[2025-08-01T02:35:35.627+0000] GC(579) User=0.00s Sys=0.01s Real=0.00s
[2025-08-01T02:35:35.627+0000] GC(579) Concurrent Cleanup for Next Mark
[2025-08-01T02:35:35.640+0000] GC(579) Concurrent Cleanup for Next Mark 12.399ms
[2025-08-01T02:35:35.640+0000] GC(579) Concurrent Cycle 1003.156ms
[2025-08-01T02:35:35.691+0000] GC(589) Pause Young (Prepare Mixed) (G1 Evacuation Pause)
[2025-08-01T02:35:35.691+0000] GC(589) Using 8 workers of 8 for evacuation
[2025-08-01T02:35:35.733+0000] GC(589)   Pre Evacuate Collection Set: 0.1ms
[2025-08-01T02:35:35.733+0000] GC(589)   Evacuate Collection Set: 40.8ms
[2025-08-01T02:35:35.734+0000] GC(589)   Post Evacuate Collection Set: 0.9ms
[2025-08-01T02:35:35.734+0000] GC(589)   Other: 0.3ms
[2025-08-01T02:35:35.734+0000] GC(589) Eden regions: 89->0(89)
[2025-08-01T02:35:35.734+0000] GC(589) Survivor regions: 13->13(13)
[2025-08-01T02:35:35.734+0000] GC(589) Old regions: 1757->1847
[2025-08-01T02:35:35.734+0000] GC(589) Humongous regions: 0->0
[2025-08-01T02:35:35.734+0000] GC(589) Metaspace: 9706K(12544K)->9706K(12544K) NonClass: 8540K(11008K)->8540K(11008K) Class: 1166K(1536K)->1166K(1536K)
[2025-08-01T02:35:35.734+0000] GC(589) Pause Young (Prepare Mixed) (G1 Evacuation Pause) 3714M->3717M(4096M) 42.302ms
[2025-08-01T02:35:35.734+0000] GC(589) User=0.29s Sys=0.00s Real=0.05s
[2025-08-01T02:35:35.750+0000] GC(590) Pause Young (Mixed) (G1 Evacuation Pause)
[2025-08-01T02:35:35.750+0000] GC(590) Using 8 workers of 8 for evacuation
[2025-08-01T02:35:35.783+0000] GC(590) To-space exhausted
[2025-08-01T02:35:35.783+0000] GC(590)   Pre Evacuate Collection Set: 0.2ms
[2025-08-01T02:35:35.783+0000] GC(590)   Evacuate Collection Set: 29.8ms
[2025-08-01T02:35:35.783+0000] GC(590)   Post Evacuate Collection Set: 2.5ms
[2025-08-01T02:35:35.783+0000] GC(590)   Other: 0.6ms
[2025-08-01T02:35:35.783+0000] GC(590) Eden regions: 89->0(89)
[2025-08-01T02:35:35.783+0000] GC(590) Survivor regions: 13->13(13)
[2025-08-01T02:35:35.783+0000] GC(590) Old regions: 1847->1806
[2025-08-01T02:35:35.783+0000] GC(590) Humongous regions: 0->0
[2025-08-01T02:35:35.783+0000] GC(590) Metaspace: 9706K(12544K)->9706K(12544K) NonClass: 8540K(11008K)->8540K(11008K) Class: 1166K(1536K)->1166K(1536K)
[2025-08-01T02:35:35.783+0000] GC(590) Pause Young (Mixed) (G1 Evacuation Pause) 3895M->3635M(4096M) 33.368ms
[2025-08-01T02:35:35.783+0000] GC(590) User=0.24s Sys=0.00s Real=0.04s
[2025-08-01T02:35:35.847+0000] GC(591) Pause Young (Concurrent Start) (G1 Evacuation Pause)
[2025-08-01T02:35:35.848+0000] GC(591) Using 8 workers of 8 for evacuation
[2025-08-01T02:35:35.881+0000] GC(591)   Pre Evacuate Collection Set: 0.2ms
[2025-08-01T02:35:35.881+0000] GC(591)   Evacuate Collection Set: 32.3ms
[2025-08-01T02:35:35.881+0000] GC(591)   Post Evacuate Collection Set: 0.6ms
[2025-08-01T02:35:35.881+0000] GC(591)   Other: 0.4ms
[2025-08-01T02:35:35.881+0000] GC(591) Eden regions: 89->0(89)
[2025-08-01T02:35:35.881+0000] GC(591) Survivor regions: 13->13(13)
[2025-08-01T02:35:35.881+0000] GC(591) Old regions: 1806->1851
[2025-08-01T02:35:35.881+0000] GC(591) Humongous regions: 0->0
[2025-08-01T02:35:35.881+0000] GC(591) Metaspace: 9706K(12544K)->9706K(12544K) NonClass: 8540K(11008K)->8540K(11008K) Class: 1166K(1536K)->1166K(1536K)
[2025-08-01T02:35:35.881+0000] GC(591) Pause Young (Concurrent Start) (G1 Evacuation Pause) 3813M->3724M(4096M) 33.562ms
[2025-08-01T02:35:35.881+0000] GC(591) User=0.23s Sys=0.01s Real=0.03s
[2025-08-01T02:35:35.881+0000] GC(592) Concurrent Cycle
[2025-08-01T02:35:35.881+0000] GC(592) Concurrent Clear Claimed Marks
[2025-08-01T02:35:35.881+0000] GC(592) Concurrent Clear Claimed Marks 0.044ms
[2025-08-01T02:35:35.881+0000] GC(592) Concurrent Scan Root Regions
[2025-08-01T02:35:35.884+0000] GC(592) Concurrent Scan Root Regions 3.307ms
[2025-08-01T02:35:35.885+0000] GC(592) Concurrent Mark (74.880s)
[2025-08-01T02:35:35.885+0000] GC(592) Concurrent Mark From Roots
[2025-08-01T02:35:35.885+0000] GC(592) Using 2 workers of 2 for marking
[2025-08-01T02:35:35.898+0000] GC(593) Pause Young (Normal) (G1 Evacuation Pause)
[2025-08-01T02:35:35.898+0000] GC(593) Using 8 workers of 8 for evacuation
[2025-08-01T02:35:35.935+0000] GC(593) To-space exhausted
[2025-08-01T02:35:35.936+0000] GC(593)   Pre Evacuate Collection Set: 0.1ms
[2025-08-01T02:35:35.936+0000] GC(593)   Evacuate Collection Set: 34.3ms
[2025-08-01T02:35:35.936+0000] GC(593)   Post Evacuate Collection Set: 2.8ms
[2025-08-01T02:35:35.936+0000] GC(593)   Other: 0.3ms
[2025-08-01T02:35:35.936+0000] GC(593) Eden regions: 89->0(89)
[2025-08-01T02:35:35.936+0000] GC(593) Survivor regions: 13->13(13)
[2025-08-01T02:35:35.936+0000] GC(593) Old regions: 1851->1956
[2025-08-01T02:35:35.936+0000] GC(593) Humongous regions: 0->0
[2025-08-01T02:35:35.936+0000] GC(593) Metaspace: 9706K(12544K)->9706K(12544K) NonClass: 8540K(11008K)->8540K(11008K) Class: 1166K(1536K)->1166K(1536K)
[2025-08-01T02:35:35.936+0000] GC(593) Pause Young (Normal) (G1 Evacuation Pause) 3902M->3935M(4096M) 37.535ms
[2025-08-01T02:35:35.936+0000] GC(593) User=0.27s Sys=0.00s Real=0.04s
[2025-08-01T02:35:35.994+0000] GC(594) Pause Young (Normal) (G1 Evacuation Pause)
[2025-08-01T02:35:35.994+0000] GC(594) Using 8 workers of 8 for evacuation
[2025-08-01T02:35:36.041+0000] GC(594) To-space exhausted
[2025-08-01T02:35:36.041+0000] GC(594)   Pre Evacuate Collection Set: 0.1ms
[2025-08-01T02:35:36.042+0000] GC(594)   Evacuate Collection Set: 21.1ms
[2025-08-01T02:35:36.042+0000] GC(594)   Post Evacuate Collection Set: 25.7ms
[2025-08-01T02:35:36.042+0000] GC(594)   Other: 0.4ms
[2025-08-01T02:35:36.042+0000] GC(594) Eden regions: 79->0(102)
[2025-08-01T02:35:36.042+0000] GC(594) Survivor regions: 13->0(13)
[2025-08-01T02:35:36.042+0000] GC(594) Old regions: 1956->2048
[2025-08-01T02:35:36.042+0000] GC(594) Humongous regions: 0->0
[2025-08-01T02:35:36.042+0000] GC(594) Metaspace: 9706K(12544K)->9706K(12544K) NonClass: 8540K(11008K)->8540K(11008K) Class: 1166K(1536K)->1166K(1536K)
[2025-08-01T02:35:36.042+0000] GC(594) Pause Young (Normal) (G1 Evacuation Pause) 4093M->4093M(4096M) 47.491ms
[2025-08-01T02:35:36.042+0000] GC(594) User=0.33s Sys=0.01s Real=0.04s
[2025-08-01T02:35:36.042+0000] GC(595) Using 8 workers of 8 for full compaction
[2025-08-01T02:35:36.042+0000] GC(595) Pause Full (G1 Evacuation Pause)
[2025-08-01T02:35:36.052+0000] GC(595) Phase 1: Mark live objects
[2025-08-01T02:35:36.099+0000] GC(595) Cleaned string and symbol table, strings: 2833 processed, 0 removed, symbols: 23489 processed, 0 removed
[2025-08-01T02:35:36.099+0000] GC(595) Phase 1: Mark live objects 46.253ms
[2025-08-01T02:35:36.099+0000] GC(595) Phase 2: Prepare for compaction
[2025-08-01T02:35:36.122+0000] GC(595) Phase 2: Prepare for compaction 22.875ms
[2025-08-01T02:35:36.122+0000] GC(595) Phase 3: Adjust pointers
[2025-08-01T02:35:36.147+0000] GC(595) Phase 3: Adjust pointers 25.627ms
[2025-08-01T02:35:36.147+0000] GC(595) Phase 4: Compact heap
[2025-08-01T02:35:36.224+0000] GC(595) Phase 4: Compact heap 76.636ms
[2025-08-01T02:35:36.227+0000] GC(595) Eden regions: 0->0(452)
[2025-08-01T02:35:36.227+0000] GC(595) Survivor regions: 0->0(13)
[2025-08-01T02:35:36.227+0000] GC(595) Old regions: 2048->251
[2025-08-01T02:35:36.227+0000] GC(595) Humongous regions: 0->0
[2025-08-01T02:35:36.227+0000] GC(595) Metaspace: 9706K(12544K)->9706K(12544K) NonClass: 8540K(11008K)->8540K(11008K) Class: 1166K(1536K)->1166K(1536K)
[2025-08-01T02:35:36.227+0000] GC(595) Pause Full (G1 Evacuation Pause) 4093M->491M(4096M) 184.880ms
[2025-08-01T02:35:36.227+0000] GC(595) User=1.27s Sys=0.03s Real=0.19s
[2025-08-01T02:35:36.227+0000] GC(592) Concurrent Mark From Roots 342.636ms
[2025-08-01T02:35:36.227+0000] GC(592) Concurrent Mark Abort
[2025-08-01T02:35:36.227+0000] GC(592) Concurrent Cycle 346.170ms
[2025-08-01T02:35:36.405+0000] GC(596) Pause Young (Normal) (G1 Evacuation Pause)
[2025-08-01T02:35:36.405+0000] GC(596) Using 8 workers of 8 for evacuation
[2025-08-01T02:35:36.578+0000] GC(596)   Pre Evacuate Collection Set: 0.1ms
[2025-08-01T02:35:36.578+0000] GC(596)   Evacuate Collection Set: 172.4ms
[2025-08-01T02:35:36.578+0000] GC(596)   Post Evacuate Collection Set: 1.0ms
[2025-08-01T02:35:36.578+0000] GC(596)   Other: 0.4ms
[2025-08-01T02:35:36.579+0000] GC(596) Eden regions: 452->0(397)
[2025-08-01T02:35:36.579+0000] GC(596) Survivor regions: 0->57(57)
[2025-08-01T02:35:36.579+0000] GC(596) Old regions: 251->568
[2025-08-01T02:35:36.579+0000] GC(596) Humongous regions: 0->0
[2025-08-01T02:35:36.579+0000] GC(596) Metaspace: 9706K(12544K)->9706K(12544K) NonClass: 8540K(11008K)->8540K(11008K) Class: 1166K(1536K)->1166K(1536K)
[2025-08-01T02:35:36.579+0000] GC(596) Pause Young (Normal) (G1 Evacuation Pause) 1395M->1239M(4096M) 174.020ms
[2025-08-01T02:35:36.579+0000] GC(596) User=1.33s Sys=0.03s Real=0.17s
[2025-08-01T02:35:36.757+0000] GC(597) Pause Young (Concurrent Start) (G1 Evacuation Pause)
[2025-08-01T02:35:36.758+0000] GC(597) Using 8 workers of 8 for evacuation
[2025-08-01T02:35:36.849+0000] GC(597)   Pre Evacuate Collection Set: 0.1ms
[2025-08-01T02:35:36.849+0000] GC(597)   Evacuate Collection Set: 89.3ms
[2025-08-01T02:35:36.849+0000] GC(597)   Post Evacuate Collection Set: 1.1ms
[2025-08-01T02:35:36.849+0000] GC(597)   Other: 0.5ms
[2025-08-01T02:35:36.849+0000] GC(597) Eden regions: 397->0(333)
[2025-08-01T02:35:36.849+0000] GC(597) Survivor regions: 57->57(57)
[2025-08-01T02:35:36.849+0000] GC(597) Old regions: 568->791
[2025-08-01T02:35:36.849+0000] GC(597) Humongous regions: 0->0
[2025-08-01T02:35:36.849+0000] GC(597) Metaspace: 9706K(12544K)->9706K(12544K) NonClass: 8540K(11008K)->8540K(11008K) Class: 1166K(1536K)->1166K(1536K)
[2025-08-01T02:35:36.849+0000] GC(597) Pause Young (Concurrent Start) (G1 Evacuation Pause) 2033M->1685M(4096M) 91.245ms
[2025-08-01T02:35:36.849+0000] GC(597) User=0.68s Sys=0.00s Real=0.09s
[2025-08-01T02:35:36.849+0000] GC(598) Concurrent Cycle
[2025-08-01T02:35:36.849+0000] GC(598) Concurrent Clear Claimed Marks
[2025-08-01T02:35:36.849+0000] GC(598) Concurrent Clear Claimed Marks 0.061ms
[2025-08-01T02:35:36.849+0000] GC(598) Concurrent Scan Root Regions
[2025-08-01T02:35:36.864+0000] GC(598) Concurrent Scan Root Regions 15.255ms
[2025-08-01T02:35:36.864+0000] GC(598) Concurrent Mark (75.860s)
[2025-08-01T02:35:36.864+0000] GC(598) Concurrent Mark From Roots
[2025-08-01T02:35:36.864+0000] GC(598) Using 2 workers of 2 for marking
[2025-08-01T02:35:37.003+0000] GC(598) Concurrent Mark From Roots 138.785ms
[2025-08-01T02:35:37.003+0000] GC(598) Concurrent Preclean
[2025-08-01T02:35:37.004+0000] GC(598) Concurrent Preclean 0.418ms
[2025-08-01T02:35:37.004+0000] GC(598) Concurrent Mark (75.860s, 75.999s) 139.340ms
[2025-08-01T02:35:37.004+0000] GC(598) Pause Remark
[2025-08-01T02:35:37.007+0000] GC(598) Cleaned string and symbol table, strings: 2833 processed, 0 removed, symbols: 23489 processed, 0 removed
[2025-08-01T02:35:37.009+0000] GC(598) Pause Remark 2303M->1807M(4096M) 4.221ms
[2025-08-01T02:35:37.009+0000] GC(598) User=0.02s Sys=0.00s Real=0.00s
[2025-08-01T02:35:37.009+0000] GC(598) Concurrent Rebuild Remembered Sets
[2025-08-01T02:35:37.013+0000] GC(599) Pause Young (Normal) (G1 Evacuation Pause)
[2025-08-01T02:35:37.013+0000] GC(599) Using 8 workers of 8 for evacuation
[2025-08-01T02:35:37.102+0000] GC(599)   Pre Evacuate Collection Set: 0.1ms
[2025-08-01T02:35:37.102+0000] GC(599)   Evacuate Collection Set: 86.8ms
[2025-08-01T02:35:37.102+0000] GC(599)   Post Evacuate Collection Set: 1.0ms
[2025-08-01T02:35:37.102+0000] GC(599)   Other: 0.3ms
[2025-08-01T02:35:37.102+0000] GC(599) Eden regions: 333->0(355)
[2025-08-01T02:35:37.102+0000] GC(599) Survivor regions: 57->49(49)
[2025-08-01T02:35:37.102+0000] GC(599) Old regions: 539->753
[2025-08-01T02:35:37.102+0000] GC(599) Humongous regions: 0->0
[2025-08-01T02:35:37.102+0000] GC(599) Metaspace: 9706K(12544K)->9706K(12544K) NonClass: 8540K(11008K)->8540K(11008K) Class: 1166K(1536K)->1166K(1536K)
[2025-08-01T02:35:37.102+0000] GC(599) Pause Young (Normal) (G1 Evacuation Pause) 1855M->1600M(4096M) 88.332ms
[2025-08-01T02:35:37.102+0000] GC(599) User=0.67s Sys=0.02s Real=0.08s
[2025-08-01T02:35:37.231+0000] GC(598) Concurrent Rebuild Remembered Sets 221.731ms
[2025-08-01T02:35:37.231+0000] GC(598) Pause Cleanup
[2025-08-01T02:35:37.232+0000] GC(598) Pause Cleanup 2199M->2199M(4096M) 0.651ms
[2025-08-01T02:35:37.232+0000] GC(598) User=0.00s Sys=0.00s Real=0.00s
[2025-08-01T02:35:37.232+0000] GC(598) Concurrent Cleanup for Next Mark
[2025-08-01T02:35:37.239+0000] GC(598) Concurrent Cleanup for Next Mark 6.803ms
[2025-08-01T02:35:37.239+0000] GC(598) Concurrent Cycle 390.001ms
[2025-08-01T02:35:37.261+0000] GC(600) Pause Young (Prepare Mixed) (G1 Evacuation Pause)
[2025-08-01T02:35:37.261+0000] GC(600) Using 8 workers of 8 for evacuation
[2025-08-01T02:35:37.378+0000] GC(600)   Pre Evacuate Collection Set: 0.1ms
[2025-08-01T02:35:37.378+0000] GC(600)   Evacuate Collection Set: 115.6ms
[2025-08-01T02:35:37.378+0000] GC(600)   Post Evacuate Collection Set: 1.0ms
[2025-08-01T02:35:37.378+0000] GC(600)   Other: 0.3ms
[2025-08-01T02:35:37.378+0000] GC(600) Eden regions: 355->0(51)
[2025-08-01T02:35:37.378+0000] GC(600) Survivor regions: 49->51(51)
[2025-08-01T02:35:37.378+0000] GC(600) Old regions: 753->1107
[2025-08-01T02:35:37.378+0000] GC(600) Humongous regions: 0->0
[2025-08-01T02:35:37.378+0000] GC(600) Metaspace: 9706K(12544K)->9706K(12544K) NonClass: 8540K(11008K)->8540K(11008K) Class: 1166K(1536K)->1166K(1536K)
[2025-08-01T02:35:37.378+0000] GC(600) Pause Young (Prepare Mixed) (G1 Evacuation Pause) 2310M->2313M(4096M) 117.134ms
[2025-08-01T02:35:37.378+0000] GC(600) User=0.93s Sys=0.00s Real=0.12s
[2025-08-01T02:35:37.387+0000] GC(601) Pause Young (Mixed) (G1 Evacuation Pause)
[2025-08-01T02:35:37.387+0000] GC(601) Using 8 workers of 8 for evacuation
[2025-08-01T02:35:37.417+0000] GC(601)   Pre Evacuate Collection Set: 0.1ms
[2025-08-01T02:35:37.417+0000] GC(601)   Evacuate Collection Set: 28.9ms
[2025-08-01T02:35:37.417+0000] GC(601)   Post Evacuate Collection Set: 0.8ms
[2025-08-01T02:35:37.417+0000] GC(601)   Other: 0.4ms
[2025-08-01T02:35:37.418+0000] GC(601) Eden regions: 51->0(228)
[2025-08-01T02:35:37.418+0000] GC(601) Survivor regions: 51->13(13)
[2025-08-01T02:35:37.418+0000] GC(601) Old regions: 1107->1121
[2025-08-01T02:35:37.418+0000] GC(601) Humongous regions: 0->0
[2025-08-01T02:35:37.418+0000] GC(601) Metaspace: 9706K(12544K)->9706K(12544K) NonClass: 8540K(11008K)->8540K(11008K) Class: 1166K(1536K)->1166K(1536K)
[2025-08-01T02:35:37.418+0000] GC(601) Pause Young (Mixed) (G1 Evacuation Pause) 2415M->2264M(4096M) 30.380ms
[2025-08-01T02:35:37.418+0000] GC(601) User=0.23s Sys=0.00s Real=0.03s
[2025-08-01T02:35:37.508+0000] GC(602) Pause Young (Concurrent Start) (G1 Evacuation Pause)
[2025-08-01T02:35:37.508+0000] GC(602) Using 8 workers of 8 for evacuation
[2025-08-01T02:35:37.591+0000] GC(602)   Pre Evacuate Collection Set: 0.1ms
[2025-08-01T02:35:37.591+0000] GC(602)   Evacuate Collection Set: 81.4ms
[2025-08-01T02:35:37.591+0000] GC(602)   Post Evacuate Collection Set: 0.8ms
[2025-08-01T02:35:37.591+0000] GC(602)   Other: 0.4ms
[2025-08-01T02:35:37.591+0000] GC(602) Eden regions: 228->0(162)
[2025-08-01T02:35:37.591+0000] GC(602) Survivor regions: 13->31(31)
[2025-08-01T02:35:37.591+0000] GC(602) Old regions: 1121->1298
[2025-08-01T02:35:37.591+0000] GC(602) Humongous regions: 0->0
[2025-08-01T02:35:37.591+0000] GC(602) Metaspace: 9706K(12544K)->9706K(12544K) NonClass: 8540K(11008K)->8540K(11008K) Class: 1166K(1536K)->1166K(1536K)
[2025-08-01T02:35:37.591+0000] GC(602) Pause Young (Concurrent Start) (G1 Evacuation Pause) 2720M->2654M(4096M) 82.978ms
[2025-08-01T02:35:37.591+0000] GC(602) User=0.63s Sys=0.01s Real=0.08s
[2025-08-01T02:35:37.594+0000] GC(603) Concurrent Cycle
[2025-08-01T02:35:37.594+0000] GC(603) Concurrent Clear Claimed Marks
[2025-08-01T02:35:37.595+0000] GC(603) Concurrent Clear Claimed Marks 0.094ms
[2025-08-01T02:35:37.595+0000] GC(603) Concurrent Scan Root Regions
[2025-08-01T02:35:37.602+0000] GC(603) Concurrent Scan Root Regions 6.995ms
[2025-08-01T02:35:37.602+0000] GC(603) Concurrent Mark (76.597s)
[2025-08-01T02:35:37.602+0000] GC(603) Concurrent Mark From Roots
[2025-08-01T02:35:37.602+0000] GC(603) Using 2 workers of 2 for marking
[2025-08-01T02:35:37.667+0000] GC(604) Pause Young (Normal) (G1 Evacuation Pause)
[2025-08-01T02:35:37.667+0000] GC(604) Using 8 workers of 8 for evacuation
[2025-08-01T02:35:37.736+0000] GC(604)   Pre Evacuate Collection Set: 0.1ms
[2025-08-01T02:35:37.736+0000] GC(604)   Evacuate Collection Set: 66.8ms
[2025-08-01T02:35:37.736+0000] GC(604)   Post Evacuate Collection Set: 0.8ms
[2025-08-01T02:35:37.736+0000] GC(604)   Other: 1.7ms
[2025-08-01T02:35:37.736+0000] GC(604) Eden regions: 162->0(114)
[2025-08-01T02:35:37.736+0000] GC(604) Survivor regions: 31->25(25)
[2025-08-01T02:35:37.736+0000] GC(604) Old regions: 1298->1451
[2025-08-01T02:35:37.736+0000] GC(604) Humongous regions: 0->0
[2025-08-01T02:35:37.736+0000] GC(604) Metaspace: 9706K(12544K)->9706K(12544K) NonClass: 8540K(11008K)->8540K(11008K) Class: 1166K(1536K)->1166K(1536K)
[2025-08-01T02:35:37.736+0000] GC(604) Pause Young (Normal) (G1 Evacuation Pause) 2978M->2948M(4096M) 69.464ms
[2025-08-01T02:35:37.736+0000] GC(604) User=0.51s Sys=0.01s Real=0.07s
[2025-08-01T02:35:37.803+0000] GC(605) Pause Young (Normal) (G1 Evacuation Pause)
[2025-08-01T02:35:37.803+0000] GC(605) Using 8 workers of 8 for evacuation
[2025-08-01T02:35:37.847+0000] GC(605)   Pre Evacuate Collection Set: 0.1ms
[2025-08-01T02:35:37.847+0000] GC(605)   Evacuate Collection Set: 42.7ms
[2025-08-01T02:35:37.847+0000] GC(605)   Post Evacuate Collection Set: 0.7ms
[2025-08-01T02:35:37.847+0000] GC(605)   Other: 0.3ms
[2025-08-01T02:35:37.847+0000] GC(605) Eden regions: 114->0(86)
[2025-08-01T02:35:37.847+0000] GC(605) Survivor regions: 25->18(18)
[2025-08-01T02:35:37.847+0000] GC(605) Old regions: 1451->1552
[2025-08-01T02:35:37.847+0000] GC(605) Humongous regions: 0->0
[2025-08-01T02:35:37.847+0000] GC(605) Metaspace: 9706K(12544K)->9706K(12544K) NonClass: 8540K(11008K)->8540K(11008K) Class: 1166K(1536K)->1166K(1536K)
[2025-08-01T02:35:37.847+0000] GC(605) Pause Young (Normal) (G1 Evacuation Pause) 3176M->3136M(4096M) 44.020ms
[2025-08-01T02:35:37.847+0000] GC(605) User=0.33s Sys=0.00s Real=0.04s
[2025-08-01T02:35:37.863+0000] GC(606) Pause Young (Normal) (G1 Evacuation Pause)
[2025-08-01T02:35:37.863+0000] GC(606) Using 8 workers of 8 for evacuation
[2025-08-01T02:35:37.896+0000] GC(606)   Pre Evacuate Collection Set: 0.2ms
[2025-08-01T02:35:37.896+0000] GC(606)   Evacuate Collection Set: 32.4ms
[2025-08-01T02:35:37.896+0000] GC(606)   Post Evacuate Collection Set: 0.5ms
[2025-08-01T02:35:37.896+0000] GC(606)   Other: 0.2ms
[2025-08-01T02:35:37.896+0000] GC(606) Eden regions: 86->0(89)
[2025-08-01T02:35:37.896+0000] GC(606) Survivor regions: 18->13(13)
[2025-08-01T02:35:37.896+0000] GC(606) Old regions: 1552->1645
[2025-08-01T02:35:37.896+0000] GC(606) Humongous regions: 0->0
[2025-08-01T02:35:37.896+0000] GC(606) Metaspace: 9706K(12544K)->9706K(12544K) NonClass: 8540K(11008K)->8540K(11008K) Class: 1166K(1536K)->1166K(1536K)
[2025-08-01T02:35:37.896+0000] GC(606) Pause Young (Normal) (G1 Evacuation Pause) 3308M->3313M(4096M) 33.430ms
[2025-08-01T02:35:37.896+0000] GC(606) User=0.25s Sys=0.01s Real=0.04s
[2025-08-01T02:35:37.925+0000] GC(603) Concurrent Mark From Roots 323.491ms
[2025-08-01T02:35:37.925+0000] GC(603) Concurrent Preclean
[2025-08-01T02:35:37.925+0000] GC(603) Concurrent Preclean 0.302ms
[2025-08-01T02:35:37.925+0000] GC(603) Concurrent Mark (76.597s, 76.921s) 323.878ms
[2025-08-01T02:35:37.926+0000] GC(603) Pause Remark
[2025-08-01T02:35:37.927+0000] GC(603) Cleaned string and symbol table, strings: 2833 processed, 0 removed, symbols: 23489 processed, 0 removed
[2025-08-01T02:35:37.928+0000] GC(603) Pause Remark 3457M->2257M(4096M) 2.431ms
[2025-08-01T02:35:37.928+0000] GC(603) User=0.01s Sys=0.01s Real=0.00s
[2025-08-01T02:35:37.928+0000] GC(603) Concurrent Rebuild Remembered Sets
[2025-08-01T02:35:37.957+0000] GC(607) Pause Young (Normal) (G1 Evacuation Pause)
[2025-08-01T02:35:37.957+0000] GC(607) Using 8 workers of 8 for evacuation
[2025-08-01T02:35:37.988+0000] GC(607)   Pre Evacuate Collection Set: 0.1ms
[2025-08-01T02:35:37.988+0000] GC(607)   Evacuate Collection Set: 30.4ms
[2025-08-01T02:35:37.988+0000] GC(607)   Post Evacuate Collection Set: 0.8ms
[2025-08-01T02:35:37.988+0000] GC(607)   Other: 0.3ms
[2025-08-01T02:35:37.988+0000] GC(607) Eden regions: 89->0(225)
[2025-08-01T02:35:37.988+0000] GC(607) Survivor regions: 13->13(13)
[2025-08-01T02:35:37.988+0000] GC(607) Old regions: 1045->1136
[2025-08-01T02:35:37.988+0000] GC(607) Humongous regions: 0->0
[2025-08-01T02:35:37.988+0000] GC(607) Metaspace: 9706K(12544K)->9706K(12544K) NonClass: 8540K(11008K)->8540K(11008K) Class: 1166K(1536K)->1166K(1536K)
[2025-08-01T02:35:37.988+0000] GC(607) Pause Young (Normal) (G1 Evacuation Pause) 2291M->2294M(4096M) 31.752ms
[2025-08-01T02:35:37.988+0000] GC(607) User=0.24s Sys=0.00s Real=0.03s
[2025-08-01T02:35:38.076+0000] GC(608) Pause Young (Normal) (G1 Evacuation Pause)
[2025-08-01T02:35:38.076+0000] GC(608) Using 8 workers of 8 for evacuation
[2025-08-01T02:35:38.145+0000] GC(608)   Pre Evacuate Collection Set: 0.1ms
[2025-08-01T02:35:38.145+0000] GC(608)   Evacuate Collection Set: 68.1ms
[2025-08-01T02:35:38.145+0000] GC(608)   Post Evacuate Collection Set: 0.8ms
[2025-08-01T02:35:38.145+0000] GC(608)   Other: 0.3ms
[2025-08-01T02:35:38.145+0000] GC(608) Eden regions: 225->0(167)
[2025-08-01T02:35:38.145+0000] GC(608) Survivor regions: 13->30(30)
[2025-08-01T02:35:38.145+0000] GC(608) Old regions: 1136->1297
[2025-08-01T02:35:38.145+0000] GC(608) Humongous regions: 0->0
[2025-08-01T02:35:38.145+0000] GC(608) Metaspace: 9706K(12544K)->9706K(12544K) NonClass: 8540K(11008K)->8540K(11008K) Class: 1166K(1536K)->1166K(1536K)
[2025-08-01T02:35:38.145+0000] GC(608) Pause Young (Normal) (G1 Evacuation Pause) 2744M->2650M(4096M) 69.483ms
[2025-08-01T02:35:38.145+0000] GC(608) User=0.52s Sys=0.01s Real=0.07s
[2025-08-01T02:35:38.223+0000] GC(609) Pause Young (Normal) (G1 Evacuation Pause)
[2025-08-01T02:35:38.223+0000] GC(609) Using 8 workers of 8 for evacuation
[2025-08-01T02:35:38.321+0000] GC(609)   Pre Evacuate Collection Set: 0.1ms
[2025-08-01T02:35:38.321+0000] GC(609)   Evacuate Collection Set: 97.5ms
[2025-08-01T02:35:38.321+0000] GC(609)   Post Evacuate Collection Set: 1.0ms
[2025-08-01T02:35:38.322+0000] GC(609)   Other: 0.3ms
[2025-08-01T02:35:38.322+0000] GC(609) Eden regions: 167->0(117)
[2025-08-01T02:35:38.322+0000] GC(609) Survivor regions: 30->25(25)
[2025-08-01T02:35:38.322+0000] GC(609) Old regions: 1297->1448
[2025-08-01T02:35:38.322+0000] GC(609) Humongous regions: 0->0
[2025-08-01T02:35:38.322+0000] GC(609) Metaspace: 9706K(12544K)->9706K(12544K) NonClass: 8540K(11008K)->8540K(11008K) Class: 1166K(1536K)->1166K(1536K)
[2025-08-01T02:35:38.322+0000] GC(609) Pause Young (Normal) (G1 Evacuation Pause) 2984M->2942M(4096M) 99.047ms
[2025-08-01T02:35:38.322+0000] GC(609) User=0.73s Sys=0.02s Real=0.10s
[2025-08-01T02:35:38.344+0000] GC(610) Pause Young (Normal) (G1 Evacuation Pause)
[2025-08-01T02:35:38.344+0000] GC(610) Using 8 workers of 8 for evacuation
[2025-08-01T02:35:38.389+0000] GC(610)   Pre Evacuate Collection Set: 0.1ms
[2025-08-01T02:35:38.389+0000] GC(610)   Evacuate Collection Set: 43.8ms
[2025-08-01T02:35:38.389+0000] GC(610)   Post Evacuate Collection Set: 0.6ms
[2025-08-01T02:35:38.389+0000] GC(610)   Other: 0.3ms
[2025-08-01T02:35:38.389+0000] GC(610) Eden regions: 117->0(84)
[2025-08-01T02:35:38.389+0000] GC(610) Survivor regions: 25->18(18)
[2025-08-01T02:35:38.389+0000] GC(610) Old regions: 1448->1574
[2025-08-01T02:35:38.389+0000] GC(610) Humongous regions: 0->0
[2025-08-01T02:35:38.389+0000] GC(610) Metaspace: 9706K(12544K)->9706K(12544K) NonClass: 8540K(11008K)->8540K(11008K) Class: 1166K(1536K)->1166K(1536K)
[2025-08-01T02:35:38.389+0000] GC(610) Pause Young (Normal) (G1 Evacuation Pause) 3176M->3180M(4096M) 45.014ms
[2025-08-01T02:35:38.389+0000] GC(610) User=0.34s Sys=0.01s Real=0.04s
[2025-08-01T02:35:38.448+0000] GC(611) Pause Young (Normal) (G1 Evacuation Pause)
[2025-08-01T02:35:38.448+0000] GC(611) Using 8 workers of 8 for evacuation
[2025-08-01T02:35:38.488+0000] GC(611)   Pre Evacuate Collection Set: 0.1ms
[2025-08-01T02:35:38.488+0000] GC(611)   Evacuate Collection Set: 39.1ms
[2025-08-01T02:35:38.488+0000] GC(611)   Post Evacuate Collection Set: 0.5ms
[2025-08-01T02:35:38.488+0000] GC(611)   Other: 0.3ms
[2025-08-01T02:35:38.488+0000] GC(611) Eden regions: 84->0(89)
[2025-08-01T02:35:38.488+0000] GC(611) Survivor regions: 18->13(13)
[2025-08-01T02:35:38.488+0000] GC(611) Old regions: 1574->1653
[2025-08-01T02:35:38.488+0000] GC(611) Humongous regions: 0->0
[2025-08-01T02:35:38.488+0000] GC(611) Metaspace: 9706K(12544K)->9706K(12544K) NonClass: 8540K(11008K)->8540K(11008K) Class: 1166K(1536K)->1166K(1536K)
[2025-08-01T02:35:38.488+0000] GC(611) Pause Young (Normal) (G1 Evacuation Pause) 3348M->3328M(4096M) 40.117ms
[2025-08-01T02:35:38.488+0000] GC(611) User=0.30s Sys=0.01s Real=0.04s
[2025-08-01T02:35:38.494+0000] GC(603) Concurrent Rebuild Remembered Sets 565.965ms
[2025-08-01T02:35:38.495+0000] GC(603) Pause Cleanup
[2025-08-01T02:35:38.496+0000] GC(603) Pause Cleanup 3398M->3398M(4096M) 1.376ms
[2025-08-01T02:35:38.496+0000] GC(603) User=0.00s Sys=0.00s Real=0.00s
[2025-08-01T02:35:38.496+0000] GC(603) Concurrent Cleanup for Next Mark
[2025-08-01T02:35:38.508+0000] GC(612) Pause Young (Prepare Mixed) (G1 Evacuation Pause)
[2025-08-01T02:35:38.508+0000] GC(612) Using 8 workers of 8 for evacuation
[2025-08-01T02:35:38.545+0000] GC(612)   Pre Evacuate Collection Set: 0.1ms
[2025-08-01T02:35:38.545+0000] GC(612)   Evacuate Collection Set: 35.7ms
[2025-08-01T02:35:38.545+0000] GC(612)   Post Evacuate Collection Set: 0.6ms
[2025-08-01T02:35:38.545+0000] GC(612)   Other: 0.3ms
[2025-08-01T02:35:38.545+0000] GC(612) Eden regions: 89->0(89)
[2025-08-01T02:35:38.545+0000] GC(612) Survivor regions: 13->13(13)
[2025-08-01T02:35:38.545+0000] GC(612) Old regions: 1653->1743
[2025-08-01T02:35:38.545+0000] GC(612) Humongous regions: 0->0
[2025-08-01T02:35:38.545+0000] GC(612) Metaspace: 9706K(12544K)->9706K(12544K) NonClass: 8540K(11008K)->8540K(11008K) Class: 1166K(1536K)->1166K(1536K)
[2025-08-01T02:35:38.545+0000] GC(612) Pause Young (Prepare Mixed) (G1 Evacuation Pause) 3506M->3509M(4096M) 36.815ms
[2025-08-01T02:35:38.545+0000] GC(612) User=0.28s Sys=0.01s Real=0.04s
[2025-08-01T02:35:38.548+0000] GC(603) Concurrent Cleanup for Next Mark 51.581ms
[2025-08-01T02:35:38.548+0000] GC(603) Concurrent Cycle 956.796ms
[2025-08-01T02:35:38.611+0000] GC(613) Pause Young (Mixed) (G1 Evacuation Pause)
[2025-08-01T02:35:38.611+0000] GC(613) Using 8 workers of 8 for evacuation
[2025-08-01T02:35:38.672+0000] GC(613)   Pre Evacuate Collection Set: 0.3ms
[2025-08-01T02:35:38.672+0000] GC(613)   Evacuate Collection Set: 59.7ms
[2025-08-01T02:35:38.672+0000] GC(613)   Post Evacuate Collection Set: 0.9ms
[2025-08-01T02:35:38.672+0000] GC(613)   Other: 0.4ms
[2025-08-01T02:35:38.672+0000] GC(613) Eden regions: 89->0(89)
[2025-08-01T02:35:38.672+0000] GC(613) Survivor regions: 13->13(13)
[2025-08-01T02:35:38.672+0000] GC(613) Old regions: 1743->1610
[2025-08-01T02:35:38.672+0000] GC(613) Humongous regions: 0->0
[2025-08-01T02:35:38.672+0000] GC(613) Metaspace: 9706K(12544K)->9706K(12544K) NonClass: 8540K(11008K)->8540K(11008K) Class: 1166K(1536K)->1166K(1536K)
[2025-08-01T02:35:38.672+0000] GC(613) Pause Young (Mixed) (G1 Evacuation Pause) 3687M->3243M(4096M) 61.334ms
[2025-08-01T02:35:38.672+0000] GC(613) User=0.41s Sys=0.01s Real=0.06s
[2025-08-01T02:35:38.688+0000] GC(614) Pause Young (Mixed) (G1 Evacuation Pause)
[2025-08-01T02:35:38.689+0000] GC(614) Using 8 workers of 8 for evacuation
[2025-08-01T02:35:38.739+0000] GC(614)   Pre Evacuate Collection Set: 0.1ms
[2025-08-01T02:35:38.739+0000] GC(614)   Evacuate Collection Set: 49.6ms
[2025-08-01T02:35:38.739+0000] GC(614)   Post Evacuate Collection Set: 0.7ms
[2025-08-01T02:35:38.740+0000] GC(614)   Other: 0.6ms
[2025-08-01T02:35:38.740+0000] GC(614) Eden regions: 89->0(89)
[2025-08-01T02:35:38.740+0000] GC(614) Survivor regions: 13->13(13)
[2025-08-01T02:35:38.740+0000] GC(614) Old regions: 1610->1686
[2025-08-01T02:35:38.740+0000] GC(614) Humongous regions: 0->0
[2025-08-01T02:35:38.740+0000] GC(614) Metaspace: 9706K(12544K)->9706K(12544K) NonClass: 8540K(11008K)->8540K(11008K) Class: 1166K(1536K)->1166K(1536K)
[2025-08-01T02:35:38.740+0000] GC(614) Pause Young (Mixed) (G1 Evacuation Pause) 3421M->3395M(4096M) 51.101ms
[2025-08-01T02:35:38.740+0000] GC(614) User=0.38s Sys=0.01s Real=0.05s
[2025-08-01T02:35:38.804+0000] GC(615) Pause Young (Concurrent Start) (G1 Evacuation Pause)
[2025-08-01T02:35:38.805+0000] GC(615) Using 8 workers of 8 for evacuation
[2025-08-01T02:35:38.866+0000] GC(615)   Pre Evacuate Collection Set: 0.2ms
[2025-08-01T02:35:38.866+0000] GC(615)   Evacuate Collection Set: 60.4ms
[2025-08-01T02:35:38.866+0000] GC(615)   Post Evacuate Collection Set: 0.5ms
[2025-08-01T02:35:38.866+0000] GC(615)   Other: 0.6ms
[2025-08-01T02:35:38.866+0000] GC(615) Eden regions: 89->0(89)
[2025-08-01T02:35:38.866+0000] GC(615) Survivor regions: 13->13(13)
[2025-08-01T02:35:38.866+0000] GC(615) Old regions: 1686->1776
[2025-08-01T02:35:38.866+0000] GC(615) Humongous regions: 0->0
[2025-08-01T02:35:38.866+0000] GC(615) Metaspace: 9706K(12544K)->9706K(12544K) NonClass: 8540K(11008K)->8540K(11008K) Class: 1166K(1536K)->1166K(1536K)
[2025-08-01T02:35:38.866+0000] GC(615) Pause Young (Concurrent Start) (G1 Evacuation Pause) 3573M->3575M(4096M) 61.674ms
[2025-08-01T02:35:38.866+0000] GC(615) User=0.42s Sys=0.02s Real=0.06s
[2025-08-01T02:35:38.866+0000] GC(616) Concurrent Cycle
[2025-08-01T02:35:38.866+0000] GC(616) Concurrent Clear Claimed Marks
[2025-08-01T02:35:38.866+0000] GC(616) Concurrent Clear Claimed Marks 0.049ms
[2025-08-01T02:35:38.866+0000] GC(616) Concurrent Scan Root Regions
[2025-08-01T02:35:38.871+0000] GC(616) Concurrent Scan Root Regions 4.633ms
[2025-08-01T02:35:38.871+0000] GC(616) Concurrent Mark (77.867s)
[2025-08-01T02:35:38.871+0000] GC(616) Concurrent Mark From Roots
[2025-08-01T02:35:38.871+0000] GC(616) Using 2 workers of 2 for marking
[2025-08-01T02:35:38.887+0000] GC(617) Pause Young (Normal) (G1 Evacuation Pause)
[2025-08-01T02:35:38.887+0000] GC(617) Using 8 workers of 8 for evacuation
[2025-08-01T02:35:38.930+0000] GC(617)   Pre Evacuate Collection Set: 0.1ms
[2025-08-01T02:35:38.930+0000] GC(617)   Evacuate Collection Set: 41.7ms
[2025-08-01T02:35:38.930+0000] GC(617)   Post Evacuate Collection Set: 0.6ms
[2025-08-01T02:35:38.930+0000] GC(617)   Other: 0.5ms
[2025-08-01T02:35:38.930+0000] GC(617) Eden regions: 89->0(89)
[2025-08-01T02:35:38.930+0000] GC(617) Survivor regions: 13->13(13)
[2025-08-01T02:35:38.930+0000] GC(617) Old regions: 1776->1867
[2025-08-01T02:35:38.930+0000] GC(617) Humongous regions: 0->0
[2025-08-01T02:35:38.930+0000] GC(617) Metaspace: 9706K(12544K)->9706K(12544K) NonClass: 8540K(11008K)->8540K(11008K) Class: 1166K(1536K)->1166K(1536K)
[2025-08-01T02:35:38.930+0000] GC(617) Pause Young (Normal) (G1 Evacuation Pause) 3753M->3757M(4096M) 43.073ms
[2025-08-01T02:35:38.930+0000] GC(617) User=0.31s Sys=0.00s Real=0.04s
[2025-08-01T02:35:38.995+0000] GC(618) Pause Young (Normal) (G1 Evacuation Pause)
[2025-08-01T02:35:38.995+0000] GC(618) Using 8 workers of 8 for evacuation
[2025-08-01T02:35:39.019+0000] GC(618)   Pre Evacuate Collection Set: 0.1ms
[2025-08-01T02:35:39.019+0000] GC(618)   Evacuate Collection Set: 23.2ms
[2025-08-01T02:35:39.019+0000] GC(618)   Post Evacuate Collection Set: 0.6ms
[2025-08-01T02:35:39.019+0000] GC(618)   Other: 0.3ms
[2025-08-01T02:35:39.019+0000] GC(618) Eden regions: 89->0(89)
[2025-08-01T02:35:39.019+0000] GC(618) Survivor regions: 13->13(13)
[2025-08-01T02:35:39.019+0000] GC(618) Old regions: 1867->1911
[2025-08-01T02:35:39.019+0000] GC(618) Humongous regions: 0->0
[2025-08-01T02:35:39.019+0000] GC(618) Metaspace: 9706K(12544K)->9706K(12544K) NonClass: 8540K(11008K)->8540K(11008K) Class: 1166K(1536K)->1166K(1536K)
[2025-08-01T02:35:39.019+0000] GC(618) Pause Young (Normal) (G1 Evacuation Pause) 3935M->3845M(4096M) 24.346ms
[2025-08-01T02:35:39.019+0000] GC(618) User=0.19s Sys=0.00s Real=0.02s
[2025-08-01T02:35:39.036+0000] GC(619) Pause Young (Normal) (G1 Evacuation Pause)
[2025-08-01T02:35:39.036+0000] GC(619) Using 8 workers of 8 for evacuation
[2025-08-01T02:35:39.073+0000] GC(619) To-space exhausted
[2025-08-01T02:35:39.073+0000] GC(619)   Pre Evacuate Collection Set: 0.1ms
[2025-08-01T02:35:39.074+0000] GC(619)   Evacuate Collection Set: 28.7ms
[2025-08-01T02:35:39.074+0000] GC(619)   Post Evacuate Collection Set: 8.3ms
[2025-08-01T02:35:39.074+0000] GC(619)   Other: 0.3ms
[2025-08-01T02:35:39.074+0000] GC(619) Eden regions: 89->0(89)
[2025-08-01T02:35:39.074+0000] GC(619) Survivor regions: 13->13(13)
[2025-08-01T02:35:39.074+0000] GC(619) Old regions: 1911->2012
[2025-08-01T02:35:39.074+0000] GC(619) Humongous regions: 0->0
[2025-08-01T02:35:39.074+0000] GC(619) Metaspace: 9706K(12544K)->9706K(12544K) NonClass: 8540K(11008K)->8540K(11008K) Class: 1166K(1536K)->1166K(1536K)
[2025-08-01T02:35:39.074+0000] GC(619) Pause Young (Normal) (G1 Evacuation Pause) 4023M->4047M(4096M) 37.499ms
[2025-08-01T02:35:39.074+0000] GC(619) User=0.27s Sys=0.00s Real=0.04s
[2025-08-01T02:35:39.078+0000] GC(620) Pause Young (Normal) (G1 Evacuation Pause)
[2025-08-01T02:35:39.078+0000] GC(620) Using 8 workers of 8 for evacuation
[2025-08-01T02:35:39.090+0000] GC(620) To-space exhausted
[2025-08-01T02:35:39.090+0000] GC(620)   Pre Evacuate Collection Set: 0.1ms
[2025-08-01T02:35:39.090+0000] GC(620)   Evacuate Collection Set: 6.7ms
[2025-08-01T02:35:39.090+0000] GC(620)   Post Evacuate Collection Set: 4.8ms
[2025-08-01T02:35:39.090+0000] GC(620)   Other: 0.3ms
[2025-08-01T02:35:39.090+0000] GC(620) Eden regions: 23->0(102)
[2025-08-01T02:35:39.090+0000] GC(620) Survivor regions: 13->0(13)
[2025-08-01T02:35:39.090+0000] GC(620) Old regions: 2012->2048
[2025-08-01T02:35:39.090+0000] GC(620) Humongous regions: 0->0
[2025-08-01T02:35:39.090+0000] GC(620) Metaspace: 9706K(12544K)->9706K(12544K) NonClass: 8540K(11008K)->8540K(11008K) Class: 1166K(1536K)->1166K(1536K)
[2025-08-01T02:35:39.090+0000] GC(620) Pause Young (Normal) (G1 Evacuation Pause) 4093M->4093M(4096M) 12.075ms
[2025-08-01T02:35:39.090+0000] GC(620) User=0.09s Sys=0.00s Real=0.01s
[2025-08-01T02:35:39.090+0000] GC(621) Using 8 workers of 8 for full compaction
[2025-08-01T02:35:39.090+0000] GC(621) Pause Full (G1 Evacuation Pause)
[2025-08-01T02:35:39.096+0000] GC(621) Phase 1: Mark live objects
[2025-08-01T02:35:39.128+0000] GC(621) Cleaned string and symbol table, strings: 2833 processed, 0 removed, symbols: 23489 processed, 0 removed
[2025-08-01T02:35:39.128+0000] GC(621) Phase 1: Mark live objects 32.615ms
[2025-08-01T02:35:39.128+0000] GC(621) Phase 2: Prepare for compaction
[2025-08-01T02:35:39.167+0000] GC(621) Phase 2: Prepare for compaction 38.837ms
[2025-08-01T02:35:39.167+0000] GC(621) Phase 3: Adjust pointers
[2025-08-01T02:35:39.200+0000] GC(621) Phase 3: Adjust pointers 32.337ms
[2025-08-01T02:35:39.200+0000] GC(621) Phase 4: Compact heap
[2025-08-01T02:35:39.310+0000] GC(621) Phase 4: Compact heap 110.473ms
[2025-08-01T02:35:39.313+0000] GC(621) Eden regions: 0->0(463)
[2025-08-01T02:35:39.313+0000] GC(621) Survivor regions: 0->0(13)
[2025-08-01T02:35:39.313+0000] GC(621) Old regions: 2048->365
[2025-08-01T02:35:39.313+0000] GC(621) Humongous regions: 0->0
[2025-08-01T02:35:39.313+0000] GC(621) Metaspace: 9706K(12544K)->9706K(12544K) NonClass: 8540K(11008K)->8540K(11008K) Class: 1166K(1536K)->1166K(1536K)
[2025-08-01T02:35:39.313+0000] GC(621) Pause Full (G1 Evacuation Pause) 4093M->720M(4096M) 222.947ms
[2025-08-01T02:35:39.313+0000] GC(621) User=1.54s Sys=0.04s Real=0.23s
[2025-08-01T02:35:39.314+0000] GC(616) Concurrent Mark From Roots 442.579ms
[2025-08-01T02:35:39.314+0000] GC(616) Concurrent Mark Abort
[2025-08-01T02:35:39.314+0000] GC(616) Concurrent Cycle 447.463ms
[2025-08-01T02:35:39.546+0000] GC(622) Pause Young (Normal) (G1 Evacuation Pause)
[2025-08-01T02:35:39.546+0000] GC(622) Using 8 workers of 8 for evacuation
[2025-08-01T02:35:39.691+0000] GC(622)   Pre Evacuate Collection Set: 0.1ms
[2025-08-01T02:35:39.691+0000] GC(622)   Evacuate Collection Set: 143.3ms
[2025-08-01T02:35:39.691+0000] GC(622)   Post Evacuate Collection Set: 1.1ms
[2025-08-01T02:35:39.691+0000] GC(622)   Other: 0.4ms
[2025-08-01T02:35:39.691+0000] GC(622) Eden regions: 463->0(391)
[2025-08-01T02:35:39.691+0000] GC(622) Survivor regions: 0->58(58)
[2025-08-01T02:35:39.691+0000] GC(622) Old regions: 365->611
[2025-08-01T02:35:39.691+0000] GC(622) Humongous regions: 0->0
[2025-08-01T02:35:39.691+0000] GC(622) Metaspace: 9706K(12544K)->9706K(12544K) NonClass: 8540K(11008K)->8540K(11008K) Class: 1166K(1536K)->1166K(1536K)
[2025-08-01T02:35:39.691+0000] GC(622) Pause Young (Normal) (G1 Evacuation Pause) 1646M->1327M(4096M) 145.027ms
[2025-08-01T02:35:39.691+0000] GC(622) User=1.07s Sys=0.04s Real=0.14s
[2025-08-01T02:35:39.868+0000] GC(623) Pause Young (Concurrent Start) (G1 Evacuation Pause)
[2025-08-01T02:35:39.868+0000] GC(623) Using 8 workers of 8 for evacuation
[2025-08-01T02:35:39.974+0000] GC(623)   Pre Evacuate Collection Set: 0.1ms
[2025-08-01T02:35:39.974+0000] GC(623)   Evacuate Collection Set: 103.8ms
[2025-08-01T02:35:39.974+0000] GC(623)   Post Evacuate Collection Set: 1.1ms
[2025-08-01T02:35:39.974+0000] GC(623)   Other: 0.5ms
[2025-08-01T02:35:39.974+0000] GC(623) Eden regions: 391->0(339)
[2025-08-01T02:35:39.974+0000] GC(623) Survivor regions: 58->57(57)
[2025-08-01T02:35:39.974+0000] GC(623) Old regions: 611->803
[2025-08-01T02:35:39.974+0000] GC(623) Humongous regions: 0->0
[2025-08-01T02:35:39.974+0000] GC(623) Metaspace: 9706K(12544K)->9706K(12544K) NonClass: 8540K(11008K)->8540K(11008K) Class: 1166K(1536K)->1166K(1536K)
[2025-08-01T02:35:39.974+0000] GC(623) Pause Young (Concurrent Start) (G1 Evacuation Pause) 2109M->1709M(4096M) 105.627ms
[2025-08-01T02:35:39.974+0000] GC(623) User=0.75s Sys=0.02s Real=0.11s
[2025-08-01T02:35:39.974+0000] GC(624) Concurrent Cycle
[2025-08-01T02:35:39.974+0000] GC(624) Concurrent Clear Claimed Marks
[2025-08-01T02:35:39.974+0000] GC(624) Concurrent Clear Claimed Marks 0.068ms
[2025-08-01T02:35:39.974+0000] GC(624) Concurrent Scan Root Regions
[2025-08-01T02:35:39.989+0000] GC(624) Concurrent Scan Root Regions 14.251ms
[2025-08-01T02:35:39.989+0000] GC(624) Concurrent Mark (78.984s)
[2025-08-01T02:35:39.989+0000] GC(624) Concurrent Mark From Roots
[2025-08-01T02:35:39.989+0000] GC(624) Using 2 workers of 2 for marking
[2025-08-01T02:35:40.102+0000] GC(624) Concurrent Mark From Roots 113.433ms
[2025-08-01T02:35:40.102+0000] GC(624) Concurrent Preclean
[2025-08-01T02:35:40.103+0000] GC(624) Concurrent Preclean 0.308ms
[2025-08-01T02:35:40.103+0000] GC(624) Concurrent Mark (78.984s, 79.098s) 113.828ms
[2025-08-01T02:35:40.103+0000] GC(624) Pause Remark
[2025-08-01T02:35:40.108+0000] GC(624) Cleaned string and symbol table, strings: 2833 processed, 0 removed, symbols: 23489 processed, 0 removed
[2025-08-01T02:35:40.109+0000] GC(624) Pause Remark 2283M->1508M(4096M) 5.905ms
[2025-08-01T02:35:40.109+0000] GC(624) User=0.02s Sys=0.01s Real=0.00s
[2025-08-01T02:35:40.109+0000] GC(624) Concurrent Rebuild Remembered Sets
[2025-08-01T02:35:40.145+0000] GC(625) Pause Young (Normal) (G1 Evacuation Pause)
[2025-08-01T02:35:40.145+0000] GC(625) Using 8 workers of 8 for evacuation
[2025-08-01T02:35:40.255+0000] GC(625)   Pre Evacuate Collection Set: 0.1ms
[2025-08-01T02:35:40.255+0000] GC(625)   Evacuate Collection Set: 108.7ms
[2025-08-01T02:35:40.255+0000] GC(625)   Post Evacuate Collection Set: 1.1ms
[2025-08-01T02:35:40.256+0000] GC(625)   Other: 0.3ms
[2025-08-01T02:35:40.256+0000] GC(625) Eden regions: 339->0(389)
[2025-08-01T02:35:40.256+0000] GC(625) Survivor regions: 57->50(50)
[2025-08-01T02:35:40.256+0000] GC(625) Old regions: 412->662
[2025-08-01T02:35:40.256+0000] GC(625) Humongous regions: 0->0
[2025-08-01T02:35:40.256+0000] GC(625) Metaspace: 9706K(12544K)->9706K(12544K) NonClass: 8540K(11008K)->8540K(11008K) Class: 1166K(1536K)->1166K(1536K)
[2025-08-01T02:35:40.256+0000] GC(625) Pause Young (Normal) (G1 Evacuation Pause) 1612M->1421M(4096M) 110.361ms
[2025-08-01T02:35:40.256+0000] GC(625) User=0.80s Sys=0.02s Real=0.11s
[2025-08-01T02:35:40.315+0000] GC(624) Concurrent Rebuild Remembered Sets 205.933ms
[2025-08-01T02:35:40.316+0000] GC(624) Pause Cleanup
[2025-08-01T02:35:40.316+0000] GC(624) Pause Cleanup 1681M->1681M(4096M) 0.618ms
[2025-08-01T02:35:40.316+0000] GC(624) User=0.00s Sys=0.00s Real=0.00s
[2025-08-01T02:35:40.316+0000] GC(624) Concurrent Cleanup for Next Mark
[2025-08-01T02:35:40.326+0000] GC(624) Concurrent Cleanup for Next Mark 9.554ms
[2025-08-01T02:35:40.326+0000] GC(624) Concurrent Cycle 351.719ms
[2025-08-01T02:35:40.415+0000] GC(626) Pause Young (Prepare Mixed) (G1 Evacuation Pause)
[2025-08-01T02:35:40.415+0000] GC(626) Using 8 workers of 8 for evacuation
[2025-08-01T02:35:40.631+0000] GC(626) MMU target violated: 201.0ms (200.0ms/201.0ms)
[2025-08-01T02:35:40.631+0000] GC(626)   Pre Evacuate Collection Set: 0.1ms
[2025-08-01T02:35:40.631+0000] GC(626)   Evacuate Collection Set: 215.0ms
[2025-08-01T02:35:40.631+0000] GC(626)   Post Evacuate Collection Set: 1.0ms
[2025-08-01T02:35:40.631+0000] GC(626)   Other: 0.6ms
[2025-08-01T02:35:40.631+0000] GC(626) Eden regions: 389->0(47)
[2025-08-01T02:35:40.631+0000] GC(626) Survivor regions: 50->55(55)
[2025-08-01T02:35:40.631+0000] GC(626) Old regions: 662->1022
[2025-08-01T02:35:40.632+0000] GC(626) Humongous regions: 0->0
[2025-08-01T02:35:40.632+0000] GC(626) Metaspace: 9706K(12544K)->9706K(12544K) NonClass: 8540K(11008K)->8540K(11008K) Class: 1166K(1536K)->1166K(1536K)
[2025-08-01T02:35:40.632+0000] GC(626) Pause Young (Prepare Mixed) (G1 Evacuation Pause) 2199M->2150M(4096M) 216.540ms
[2025-08-01T02:35:40.632+0000] GC(626) User=1.62s Sys=0.06s Real=0.21s
[2025-08-01T02:35:40.640+0000] GC(627) Pause Young (Mixed) (G1 Evacuation Pause)
[2025-08-01T02:35:40.640+0000] GC(627) Using 8 workers of 8 for evacuation
[2025-08-01T02:35:40.671+0000] GC(627)   Pre Evacuate Collection Set: 0.1ms
[2025-08-01T02:35:40.671+0000] GC(627)   Evacuate Collection Set: 29.8ms
[2025-08-01T02:35:40.671+0000] GC(627)   Post Evacuate Collection Set: 0.9ms
[2025-08-01T02:35:40.672+0000] GC(627)   Other: 0.4ms
[2025-08-01T02:35:40.672+0000] GC(627) Eden regions: 47->0(252)
[2025-08-01T02:35:40.672+0000] GC(627) Survivor regions: 55->13(13)
[2025-08-01T02:35:40.672+0000] GC(627) Old regions: 1022->1055
[2025-08-01T02:35:40.672+0000] GC(627) Humongous regions: 0->0
[2025-08-01T02:35:40.672+0000] GC(627) Metaspace: 9706K(12544K)->9706K(12544K) NonClass: 8540K(11008K)->8540K(11008K) Class: 1166K(1536K)->1166K(1536K)
[2025-08-01T02:35:40.672+0000] GC(627) Pause Young (Mixed) (G1 Evacuation Pause) 2244M->2133M(4096M) 31.407ms
[2025-08-01T02:35:40.672+0000] GC(627) User=0.24s Sys=0.00s Real=0.03s
[2025-08-01T02:35:40.762+0000] GC(628) Pause Young (Concurrent Start) (G1 Evacuation Pause)
[2025-08-01T02:35:40.762+0000] GC(628) Using 8 workers of 8 for evacuation
[2025-08-01T02:35:40.846+0000] GC(628)   Pre Evacuate Collection Set: 0.1ms
[2025-08-01T02:35:40.846+0000] GC(628)   Evacuate Collection Set: 81.8ms
[2025-08-01T02:35:40.846+0000] GC(628)   Post Evacuate Collection Set: 1.2ms
[2025-08-01T02:35:40.846+0000] GC(628)   Other: 0.4ms
[2025-08-01T02:35:40.846+0000] GC(628) Eden regions: 252->0(181)
[2025-08-01T02:35:40.846+0000] GC(628) Survivor regions: 13->34(34)
[2025-08-01T02:35:40.846+0000] GC(628) Old regions: 1055->1238
[2025-08-01T02:35:40.846+0000] GC(628) Humongous regions: 0->0
[2025-08-01T02:35:40.846+0000] GC(628) Metaspace: 9706K(12544K)->9706K(12544K) NonClass: 8540K(11008K)->8540K(11008K) Class: 1166K(1536K)->1166K(1536K)
[2025-08-01T02:35:40.846+0000] GC(628) Pause Young (Concurrent Start) (G1 Evacuation Pause) 2637M->2541M(4096M) 83.746ms
[2025-08-01T02:35:40.846+0000] GC(628) User=0.63s Sys=0.02s Real=0.09s
[2025-08-01T02:35:40.846+0000] GC(629) Concurrent Cycle
[2025-08-01T02:35:40.846+0000] GC(629) Concurrent Clear Claimed Marks
[2025-08-01T02:35:40.846+0000] GC(629) Concurrent Clear Claimed Marks 0.065ms
[2025-08-01T02:35:40.846+0000] GC(629) Concurrent Scan Root Regions
[2025-08-01T02:35:40.855+0000] GC(629) Concurrent Scan Root Regions 8.594ms
[2025-08-01T02:35:40.855+0000] GC(629) Concurrent Mark (79.851s)
[2025-08-01T02:35:40.855+0000] GC(629) Concurrent Mark From Roots
[2025-08-01T02:35:40.855+0000] GC(629) Using 2 workers of 2 for marking
[2025-08-01T02:35:40.923+0000] GC(630) Pause Young (Normal) (G1 Evacuation Pause)
[2025-08-01T02:35:40.923+0000] GC(630) Using 8 workers of 8 for evacuation
[2025-08-01T02:35:40.978+0000] GC(630)   Pre Evacuate Collection Set: 0.1ms
[2025-08-01T02:35:40.978+0000] GC(630)   Evacuate Collection Set: 53.7ms
[2025-08-01T02:35:40.978+0000] GC(630)   Post Evacuate Collection Set: 0.7ms
[2025-08-01T02:35:40.978+0000] GC(630)   Other: 0.4ms
[2025-08-01T02:35:40.978+0000] GC(630) Eden regions: 181->0(144)
[2025-08-01T02:35:40.978+0000] GC(630) Survivor regions: 34->27(27)
[2025-08-01T02:35:40.978+0000] GC(630) Old regions: 1238->1373
[2025-08-01T02:35:40.978+0000] GC(630) Humongous regions: 0->0
[2025-08-01T02:35:40.978+0000] GC(630) Metaspace: 9706K(12544K)->9706K(12544K) NonClass: 8540K(11008K)->8540K(11008K) Class: 1166K(1536K)->1166K(1536K)
[2025-08-01T02:35:40.978+0000] GC(630) Pause Young (Normal) (G1 Evacuation Pause) 2903M->2797M(4096M) 54.953ms
[2025-08-01T02:35:40.978+0000] GC(630) User=0.42s Sys=0.01s Real=0.05s
[2025-08-01T02:35:41.004+0000] GC(631) Pause Young (Normal) (G1 Evacuation Pause)
[2025-08-01T02:35:41.004+0000] GC(631) Using 8 workers of 8 for evacuation
[2025-08-01T02:35:41.056+0000] GC(631)   Pre Evacuate Collection Set: 0.1ms
[2025-08-01T02:35:41.056+0000] GC(631)   Evacuate Collection Set: 51.5ms
[2025-08-01T02:35:41.056+0000] GC(631)   Post Evacuate Collection Set: 0.9ms
[2025-08-01T02:35:41.057+0000] GC(631)   Other: 0.3ms
[2025-08-01T02:35:41.057+0000] GC(631) Eden regions: 144->0(109)
[2025-08-01T02:35:41.057+0000] GC(631) Survivor regions: 27->22(22)
[2025-08-01T02:35:41.057+0000] GC(631) Old regions: 1373->1488
[2025-08-01T02:35:41.057+0000] GC(631) Humongous regions: 0->0
[2025-08-01T02:35:41.057+0000] GC(631) Metaspace: 9706K(12544K)->9706K(12544K) NonClass: 8540K(11008K)->8540K(11008K) Class: 1166K(1536K)->1166K(1536K)
[2025-08-01T02:35:41.057+0000] GC(631) Pause Young (Normal) (G1 Evacuation Pause) 3085M->3016M(4096M) 52.966ms
[2025-08-01T02:35:41.057+0000] GC(631) User=0.39s Sys=0.01s Real=0.05s
[2025-08-01T02:35:41.121+0000] GC(632) Pause Young (Normal) (G1 Evacuation Pause)
[2025-08-01T02:35:41.121+0000] GC(632) Using 8 workers of 8 for evacuation
[2025-08-01T02:35:41.171+0000] GC(632)   Pre Evacuate Collection Set: 0.1ms
[2025-08-01T02:35:41.171+0000] GC(632)   Evacuate Collection Set: 49.8ms
[2025-08-01T02:35:41.171+0000] GC(632)   Post Evacuate Collection Set: 0.7ms
[2025-08-01T02:35:41.172+0000] GC(632)   Other: 0.3ms
[2025-08-01T02:35:41.172+0000] GC(632) Eden regions: 109->0(85)
[2025-08-01T02:35:41.172+0000] GC(632) Survivor regions: 22->17(17)
[2025-08-01T02:35:41.172+0000] GC(632) Old regions: 1488->1604
[2025-08-01T02:35:41.172+0000] GC(632) Humongous regions: 0->0
[2025-08-01T02:35:41.172+0000] GC(632) Metaspace: 9706K(12544K)->9706K(12544K) NonClass: 8540K(11008K)->8540K(11008K) Class: 1166K(1536K)->1166K(1536K)
[2025-08-01T02:35:41.172+0000] GC(632) Pause Young (Normal) (G1 Evacuation Pause) 3234M->3239M(4096M) 51.027ms
[2025-08-01T02:35:41.172+0000] GC(632) User=0.38s Sys=0.01s Real=0.05s
[2025-08-01T02:35:41.184+0000] GC(629) Concurrent Mark From Roots 328.688ms
[2025-08-01T02:35:41.184+0000] GC(629) Concurrent Preclean
[2025-08-01T02:35:41.184+0000] GC(629) Concurrent Preclean 0.318ms
[2025-08-01T02:35:41.184+0000] GC(629) Concurrent Mark (79.851s, 80.180s) 329.144ms
[2025-08-01T02:35:41.185+0000] GC(629) Pause Remark
[2025-08-01T02:35:41.187+0000] GC(629) Cleaned string and symbol table, strings: 2833 processed, 0 removed, symbols: 23489 processed, 0 removed
[2025-08-01T02:35:41.188+0000] GC(629) Pause Remark 3391M->1999M(4096M) 2.712ms
[2025-08-01T02:35:41.188+0000] GC(629) User=0.01s Sys=0.00s Real=0.00s
[2025-08-01T02:35:41.188+0000] GC(629) Concurrent Rebuild Remembered Sets
[2025-08-01T02:35:41.190+0000] GC(633) Pause Young (Normal) (G1 Evacuation Pause)
[2025-08-01T02:35:41.191+0000] GC(633) Using 8 workers of 8 for evacuation
[2025-08-01T02:35:41.227+0000] GC(633)   Pre Evacuate Collection Set: 0.1ms
[2025-08-01T02:35:41.227+0000] GC(633)   Evacuate Collection Set: 35.2ms
[2025-08-01T02:35:41.227+0000] GC(633)   Post Evacuate Collection Set: 0.7ms
[2025-08-01T02:35:41.227+0000] GC(633)   Other: 0.3ms
[2025-08-01T02:35:41.227+0000] GC(633) Eden regions: 85->0(277)
[2025-08-01T02:35:41.227+0000] GC(633) Survivor regions: 17->13(13)
[2025-08-01T02:35:41.227+0000] GC(633) Old regions: 908->999
[2025-08-01T02:35:41.227+0000] GC(633) Humongous regions: 0->0
[2025-08-01T02:35:41.227+0000] GC(633) Metaspace: 9706K(12544K)->9706K(12544K) NonClass: 8540K(11008K)->8540K(11008K) Class: 1166K(1536K)->1166K(1536K)
[2025-08-01T02:35:41.227+0000] GC(633) Pause Young (Normal) (G1 Evacuation Pause) 2017M->2021M(4096M) 36.459ms
[2025-08-01T02:35:41.227+0000] GC(633) User=0.25s Sys=0.01s Real=0.04s
[2025-08-01T02:35:41.369+0000] GC(634) Pause Young (Normal) (G1 Evacuation Pause)
[2025-08-01T02:35:41.369+0000] GC(634) Using 8 workers of 8 for evacuation
[2025-08-01T02:35:41.439+0000] GC(634)   Pre Evacuate Collection Set: 0.1ms
[2025-08-01T02:35:41.439+0000] GC(634)   Evacuate Collection Set: 68.2ms
[2025-08-01T02:35:41.439+0000] GC(634)   Post Evacuate Collection Set: 1.0ms
[2025-08-01T02:35:41.439+0000] GC(634)   Other: 0.4ms
[2025-08-01T02:35:41.439+0000] GC(634) Eden regions: 277->0(229)
[2025-08-01T02:35:41.439+0000] GC(634) Survivor regions: 13->37(37)
[2025-08-01T02:35:41.439+0000] GC(634) Old regions: 999->1137
[2025-08-01T02:35:41.439+0000] GC(634) Humongous regions: 0->0
[2025-08-01T02:35:41.439+0000] GC(634) Metaspace: 9706K(12544K)->9706K(12544K) NonClass: 8540K(11008K)->8540K(11008K) Class: 1166K(1536K)->1166K(1536K)
[2025-08-01T02:35:41.439+0000] GC(634) Pause Young (Normal) (G1 Evacuation Pause) 2575M->2344M(4096M) 69.920ms
[2025-08-01T02:35:41.439+0000] GC(634) User=0.53s Sys=0.01s Real=0.07s
[2025-08-01T02:35:41.530+0000] GC(635) Pause Young (Normal) (G1 Evacuation Pause)
[2025-08-01T02:35:41.530+0000] GC(635) Using 8 workers of 8 for evacuation
[2025-08-01T02:35:41.627+0000] GC(635)   Pre Evacuate Collection Set: 0.1ms
[2025-08-01T02:35:41.627+0000] GC(635)   Evacuate Collection Set: 95.8ms
[2025-08-01T02:35:41.627+0000] GC(635)   Post Evacuate Collection Set: 0.9ms
[2025-08-01T02:35:41.627+0000] GC(635)   Other: 0.4ms
[2025-08-01T02:35:41.627+0000] GC(635) Eden regions: 229->0(141)
[2025-08-01T02:35:41.627+0000] GC(635) Survivor regions: 37->34(34)
[2025-08-01T02:35:41.627+0000] GC(635) Old regions: 1137->1370
[2025-08-01T02:35:41.627+0000] GC(635) Humongous regions: 0->0
[2025-08-01T02:35:41.627+0000] GC(635) Metaspace: 9706K(12544K)->9706K(12544K) NonClass: 8540K(11008K)->8540K(11008K) Class: 1166K(1536K)->1166K(1536K)
[2025-08-01T02:35:41.627+0000] GC(635) Pause Young (Normal) (G1 Evacuation Pause) 2802M->2805M(4096M) 97.389ms
[2025-08-01T02:35:41.627+0000] GC(635) User=0.74s Sys=0.02s Real=0.10s
[2025-08-01T02:35:41.650+0000] GC(629) Concurrent Rebuild Remembered Sets 461.930ms
[2025-08-01T02:35:41.651+0000] GC(629) Pause Cleanup
[2025-08-01T02:35:41.652+0000] GC(629) Pause Cleanup 3051M->3051M(4096M) 0.953ms
[2025-08-01T02:35:41.652+0000] GC(629) User=0.01s Sys=0.00s Real=0.00s
[2025-08-01T02:35:41.652+0000] GC(629) Concurrent Cleanup for Next Mark
[2025-08-01T02:35:41.660+0000] GC(629) Concurrent Cleanup for Next Mark 8.723ms
[2025-08-01T02:35:41.660+0000] GC(629) Concurrent Cycle 814.094ms
[2025-08-01T02:35:41.699+0000] GC(636) Pause Young (Prepare Mixed) (G1 Evacuation Pause)
[2025-08-01T02:35:41.699+0000] GC(636) Using 8 workers of 8 for evacuation
[2025-08-01T02:35:41.743+0000] GC(636)   Pre Evacuate Collection Set: 0.2ms
[2025-08-01T02:35:41.743+0000] GC(636)   Evacuate Collection Set: 43.0ms
[2025-08-01T02:35:41.743+0000] GC(636)   Post Evacuate Collection Set: 0.8ms
[2025-08-01T02:35:41.743+0000] GC(636)   Other: 0.3ms
[2025-08-01T02:35:41.743+0000] GC(636) Eden regions: 141->0(80)
[2025-08-01T02:35:41.743+0000] GC(636) Survivor regions: 34->22(22)
[2025-08-01T02:35:41.743+0000] GC(636) Old regions: 1370->1451
[2025-08-01T02:35:41.743+0000] GC(636) Humongous regions: 0->0
[2025-08-01T02:35:41.743+0000] GC(636) Metaspace: 9706K(12544K)->9706K(12544K) NonClass: 8540K(11008K)->8540K(11008K) Class: 1166K(1536K)->1166K(1536K)
[2025-08-01T02:35:41.743+0000] GC(636) Pause Young (Prepare Mixed) (G1 Evacuation Pause) 3087M->2942M(4096M) 44.509ms
[2025-08-01T02:35:41.743+0000] GC(636) User=0.34s Sys=0.00s Real=0.04s
[2025-08-01T02:35:41.759+0000] GC(637) Pause Young (Mixed) (G1 Evacuation Pause)
[2025-08-01T02:35:41.759+0000] GC(637) Using 8 workers of 8 for evacuation
[2025-08-01T02:35:41.793+0000] GC(637)   Pre Evacuate Collection Set: 0.1ms
[2025-08-01T02:35:41.794+0000] GC(637)   Evacuate Collection Set: 33.1ms
[2025-08-01T02:35:41.794+0000] GC(637)   Post Evacuate Collection Set: 0.8ms
[2025-08-01T02:35:41.794+0000] GC(637)   Other: 0.4ms
[2025-08-01T02:35:41.794+0000] GC(637) Eden regions: 80->0(111)
[2025-08-01T02:35:41.794+0000] GC(637) Survivor regions: 22->13(13)
[2025-08-01T02:35:41.794+0000] GC(637) Old regions: 1451->1489
[2025-08-01T02:35:41.794+0000] GC(637) Humongous regions: 0->0
[2025-08-01T02:35:41.794+0000] GC(637) Metaspace: 9706K(12544K)->9706K(12544K) NonClass: 8540K(11008K)->8540K(11008K) Class: 1166K(1536K)->1166K(1536K)
[2025-08-01T02:35:41.794+0000] GC(637) Pause Young (Mixed) (G1 Evacuation Pause) 3102M->3000M(4096M) 34.581ms
[2025-08-01T02:35:41.794+0000] GC(637) User=0.27s Sys=0.00s Real=0.04s
[2025-08-01T02:35:41.859+0000] GC(638) Pause Young (Concurrent Start) (G1 Evacuation Pause)
[2025-08-01T02:35:41.859+0000] GC(638) Using 8 workers of 8 for evacuation
[2025-08-01T02:35:41.937+0000] GC(638)   Pre Evacuate Collection Set: 0.1ms
[2025-08-01T02:35:41.937+0000] GC(638)   Evacuate Collection Set: 76.7ms
[2025-08-01T02:35:41.937+0000] GC(638)   Post Evacuate Collection Set: 0.8ms
[2025-08-01T02:35:41.937+0000] GC(638)   Other: 0.8ms
[2025-08-01T02:35:41.937+0000] GC(638) Eden regions: 111->0(86)
[2025-08-01T02:35:41.937+0000] GC(638) Survivor regions: 13->16(16)
[2025-08-01T02:35:41.937+0000] GC(638) Old regions: 1489->1597
[2025-08-01T02:35:41.937+0000] GC(638) Humongous regions: 0->0
[2025-08-01T02:35:41.937+0000] GC(638) Metaspace: 9706K(12544K)->9706K(12544K) NonClass: 8540K(11008K)->8540K(11008K) Class: 1166K(1536K)->1166K(1536K)
[2025-08-01T02:35:41.938+0000] GC(638) Pause Young (Concurrent Start) (G1 Evacuation Pause) 3222M->3223M(4096M) 78.766ms
[2025-08-01T02:35:41.938+0000] GC(638) User=0.57s Sys=0.02s Real=0.08s
[2025-08-01T02:35:41.938+0000] GC(639) Concurrent Cycle
[2025-08-01T02:35:41.938+0000] GC(639) Concurrent Clear Claimed Marks
[2025-08-01T02:35:41.939+0000] GC(639) Concurrent Clear Claimed Marks 0.600ms
[2025-08-01T02:35:41.939+0000] GC(639) Concurrent Scan Root Regions
[2025-08-01T02:35:41.943+0000] GC(639) Concurrent Scan Root Regions 4.025ms
[2025-08-01T02:35:41.943+0000] GC(639) Concurrent Mark (80.938s)
[2025-08-01T02:35:41.943+0000] GC(639) Concurrent Mark From Roots
[2025-08-01T02:35:41.943+0000] GC(639) Using 2 workers of 2 for marking
[2025-08-01T02:35:41.954+0000] GC(640) Pause Young (Normal) (G1 Evacuation Pause)
[2025-08-01T02:35:41.954+0000] GC(640) Using 8 workers of 8 for evacuation
[2025-08-01T02:35:41.985+0000] GC(640)   Pre Evacuate Collection Set: 0.1ms
[2025-08-01T02:35:41.985+0000] GC(640)   Evacuate Collection Set: 30.1ms
[2025-08-01T02:35:41.985+0000] GC(640)   Post Evacuate Collection Set: 0.6ms
[2025-08-01T02:35:41.985+0000] GC(640)   Other: 0.3ms
[2025-08-01T02:35:41.985+0000] GC(640) Eden regions: 86->0(89)
[2025-08-01T02:35:41.985+0000] GC(640) Survivor regions: 16->13(13)
[2025-08-01T02:35:41.985+0000] GC(640) Old regions: 1597->1688
[2025-08-01T02:35:41.985+0000] GC(640) Humongous regions: 0->0
[2025-08-01T02:35:41.985+0000] GC(640) Metaspace: 9706K(12544K)->9706K(12544K) NonClass: 8540K(11008K)->8540K(11008K) Class: 1166K(1536K)->1166K(1536K)
[2025-08-01T02:35:41.985+0000] GC(640) Pause Young (Normal) (G1 Evacuation Pause) 3395M->3399M(4096M) 31.246ms
[2025-08-01T02:35:41.985+0000] GC(640) User=0.23s Sys=0.00s Real=0.03s
[2025-08-01T02:35:42.047+0000] GC(641) Pause Young (Normal) (G1 Evacuation Pause)
[2025-08-01T02:35:42.047+0000] GC(641) Using 8 workers of 8 for evacuation
[2025-08-01T02:35:42.071+0000] GC(641)   Pre Evacuate Collection Set: 0.1ms
[2025-08-01T02:35:42.071+0000] GC(641)   Evacuate Collection Set: 22.6ms
[2025-08-01T02:35:42.071+0000] GC(641)   Post Evacuate Collection Set: 0.5ms
[2025-08-01T02:35:42.071+0000] GC(641)   Other: 0.3ms
[2025-08-01T02:35:42.071+0000] GC(641) Eden regions: 89->0(89)
[2025-08-01T02:35:42.071+0000] GC(641) Survivor regions: 13->13(13)
[2025-08-01T02:35:42.071+0000] GC(641) Old regions: 1688->1752
[2025-08-01T02:35:42.071+0000] GC(641) Humongous regions: 0->0
[2025-08-01T02:35:42.071+0000] GC(641) Metaspace: 9706K(12544K)->9706K(12544K) NonClass: 8540K(11008K)->8540K(11008K) Class: 1166K(1536K)->1166K(1536K)
[2025-08-01T02:35:42.071+0000] GC(641) Pause Young (Normal) (G1 Evacuation Pause) 3577M->3526M(4096M) 23.796ms
[2025-08-01T02:35:42.071+0000] GC(641) User=0.18s Sys=0.00s Real=0.02s
[2025-08-01T02:35:42.087+0000] GC(642) Pause Young (Normal) (G1 Evacuation Pause)
[2025-08-01T02:35:42.087+0000] GC(642) Using 8 workers of 8 for evacuation
[2025-08-01T02:35:42.123+0000] GC(642)   Pre Evacuate Collection Set: 0.1ms
[2025-08-01T02:35:42.123+0000] GC(642)   Evacuate Collection Set: 34.5ms
[2025-08-01T02:35:42.123+0000] GC(642)   Post Evacuate Collection Set: 0.6ms
[2025-08-01T02:35:42.123+0000] GC(642)   Other: 0.3ms
[2025-08-01T02:35:42.123+0000] GC(642) Eden regions: 89->0(89)
[2025-08-01T02:35:42.123+0000] GC(642) Survivor regions: 13->13(13)
[2025-08-01T02:35:42.123+0000] GC(642) Old regions: 1752->1843
[2025-08-01T02:35:42.123+0000] GC(642) Humongous regions: 0->0
[2025-08-01T02:35:42.123+0000] GC(642) Metaspace: 9706K(12544K)->9706K(12544K) NonClass: 8540K(11008K)->8540K(11008K) Class: 1166K(1536K)->1166K(1536K)
[2025-08-01T02:35:42.123+0000] GC(642) Pause Young (Normal) (G1 Evacuation Pause) 3704M->3708M(4096M) 35.691ms
[2025-08-01T02:35:42.123+0000] GC(642) User=0.26s Sys=0.00s Real=0.04s
[2025-08-01T02:35:42.187+0000] GC(643) Pause Young (Normal) (G1 Evacuation Pause)
[2025-08-01T02:35:42.187+0000] GC(643) Using 8 workers of 8 for evacuation
[2025-08-01T02:35:42.219+0000] GC(643)   Pre Evacuate Collection Set: 0.1ms
[2025-08-01T02:35:42.219+0000] GC(643)   Evacuate Collection Set: 31.3ms
[2025-08-01T02:35:42.219+0000] GC(643)   Post Evacuate Collection Set: 0.4ms
[2025-08-01T02:35:42.220+0000] GC(643)   Other: 0.3ms
[2025-08-01T02:35:42.220+0000] GC(643) Eden regions: 89->0(89)
[2025-08-01T02:35:42.220+0000] GC(643) Survivor regions: 13->13(13)
[2025-08-01T02:35:42.220+0000] GC(643) Old regions: 1843->1908
[2025-08-01T02:35:42.220+0000] GC(643) Humongous regions: 0->0
[2025-08-01T02:35:42.220+0000] GC(643) Metaspace: 9706K(12544K)->9706K(12544K) NonClass: 8540K(11008K)->8540K(11008K) Class: 1166K(1536K)->1166K(1536K)
[2025-08-01T02:35:42.220+0000] GC(643) Pause Young (Normal) (G1 Evacuation Pause) 3886M->3839M(4096M) 32.357ms
[2025-08-01T02:35:42.220+0000] GC(643) User=0.23s Sys=0.00s Real=0.03s
[2025-08-01T02:35:42.237+0000] GC(644) Pause Young (Normal) (G1 Evacuation Pause)
[2025-08-01T02:35:42.237+0000] GC(644) Using 8 workers of 8 for evacuation
[2025-08-01T02:35:42.275+0000] GC(644) To-space exhausted
[2025-08-01T02:35:42.275+0000] GC(644)   Pre Evacuate Collection Set: 0.1ms
[2025-08-01T02:35:42.275+0000] GC(644)   Evacuate Collection Set: 24.8ms
[2025-08-01T02:35:42.275+0000] GC(644)   Post Evacuate Collection Set: 12.2ms
[2025-08-01T02:35:42.275+0000] GC(644)   Other: 0.3ms
[2025-08-01T02:35:42.275+0000] GC(644) Eden regions: 89->0(89)
[2025-08-01T02:35:42.275+0000] GC(644) Survivor regions: 13->13(13)
[2025-08-01T02:35:42.275+0000] GC(644) Old regions: 1908->2009
[2025-08-01T02:35:42.275+0000] GC(644) Humongous regions: 0->0
[2025-08-01T02:35:42.275+0000] GC(644) Metaspace: 9706K(12544K)->9706K(12544K) NonClass: 8540K(11008K)->8540K(11008K) Class: 1166K(1536K)->1166K(1536K)
[2025-08-01T02:35:42.275+0000] GC(644) Pause Young (Normal) (G1 Evacuation Pause) 4017M->4041M(4096M) 37.386ms
[2025-08-01T02:35:42.275+0000] GC(644) User=0.27s Sys=0.00s Real=0.04s
[2025-08-01T02:35:42.280+0000] GC(645) Pause Young (Normal) (G1 Evacuation Pause)
[2025-08-01T02:35:42.280+0000] GC(645) Using 8 workers of 8 for evacuation
[2025-08-01T02:35:42.290+0000] GC(645) To-space exhausted
[2025-08-01T02:35:42.291+0000] GC(645)   Pre Evacuate Collection Set: 0.1ms
[2025-08-01T02:35:42.291+0000] GC(645)   Evacuate Collection Set: 5.6ms
[2025-08-01T02:35:42.291+0000] GC(645)   Post Evacuate Collection Set: 5.0ms
[2025-08-01T02:35:42.291+0000] GC(645)   Other: 0.4ms
[2025-08-01T02:35:42.291+0000] GC(645) Eden regions: 26->0(102)
[2025-08-01T02:35:42.291+0000] GC(645) Survivor regions: 13->0(13)
[2025-08-01T02:35:42.291+0000] GC(645) Old regions: 2009->2048
[2025-08-01T02:35:42.291+0000] GC(645) Humongous regions: 0->0
[2025-08-01T02:35:42.291+0000] GC(645) Metaspace: 9706K(12544K)->9706K(12544K) NonClass: 8540K(11008K)->8540K(11008K) Class: 1166K(1536K)->1166K(1536K)
[2025-08-01T02:35:42.291+0000] GC(645) Pause Young (Normal) (G1 Evacuation Pause) 4093M->4093M(4096M) 11.071ms
[2025-08-01T02:35:42.291+0000] GC(645) User=0.06s Sys=0.00s Real=0.01s
[2025-08-01T02:35:42.291+0000] GC(646) Using 8 workers of 8 for full compaction
[2025-08-01T02:35:42.291+0000] GC(646) Pause Full (G1 Evacuation Pause)
[2025-08-01T02:35:42.297+0000] GC(646) Phase 1: Mark live objects
[2025-08-01T02:35:42.334+0000] GC(646) Cleaned string and symbol table, strings: 2833 processed, 0 removed, symbols: 23489 processed, 0 removed
[2025-08-01T02:35:42.334+0000] GC(646) Phase 1: Mark live objects 37.052ms
[2025-08-01T02:35:42.334+0000] GC(646) Phase 2: Prepare for compaction
[2025-08-01T02:35:42.380+0000] GC(646) Phase 2: Prepare for compaction 46.009ms
[2025-08-01T02:35:42.380+0000] GC(646) Phase 3: Adjust pointers
[2025-08-01T02:35:42.425+0000] GC(646) Phase 3: Adjust pointers 45.126ms
[2025-08-01T02:35:42.425+0000] GC(646) Phase 4: Compact heap
[2025-08-01T02:35:42.585+0000] GC(646) Phase 4: Compact heap 160.013ms
[2025-08-01T02:35:42.588+0000] GC(646) Eden regions: 0->0(487)
[2025-08-01T02:35:42.588+0000] GC(646) Survivor regions: 0->0(13)
[2025-08-01T02:35:42.588+0000] GC(646) Old regions: 2048->451
[2025-08-01T02:35:42.588+0000] GC(646) Humongous regions: 0->0
[2025-08-01T02:35:42.588+0000] GC(646) Metaspace: 9706K(12544K)->9706K(12544K) NonClass: 8540K(11008K)->8540K(11008K) Class: 1166K(1536K)->1166K(1536K)
[2025-08-01T02:35:42.588+0000] GC(646) Pause Full (G1 Evacuation Pause) 4093M->890M(4096M) 296.864ms
[2025-08-01T02:35:42.588+0000] GC(646) User=1.98s Sys=0.07s Real=0.30s
[2025-08-01T02:35:42.588+0000] GC(639) Concurrent Mark From Roots 645.506ms
[2025-08-01T02:35:42.588+0000] GC(639) Concurrent Mark Abort
[2025-08-01T02:35:42.588+0000] GC(639) Concurrent Cycle 650.384ms
[2025-08-01T02:35:42.827+0000] GC(647) Pause Young (Normal) (G1 Evacuation Pause)
[2025-08-01T02:35:42.827+0000] GC(647) Using 8 workers of 8 for evacuation
[2025-08-01T02:35:43.004+0000] GC(647)   Pre Evacuate Collection Set: 0.1ms
[2025-08-01T02:35:43.004+0000] GC(647)   Evacuate Collection Set: 175.2ms
[2025-08-01T02:35:43.004+0000] GC(647)   Post Evacuate Collection Set: 1.0ms
[2025-08-01T02:35:43.004+0000] GC(647)   Other: 0.9ms
[2025-08-01T02:35:43.004+0000] GC(647) Eden regions: 487->0(348)
[2025-08-01T02:35:43.004+0000] GC(647) Survivor regions: 0->61(61)
[2025-08-01T02:35:43.004+0000] GC(647) Old regions: 451->759
[2025-08-01T02:35:43.004+0000] GC(647) Humongous regions: 0->0
[2025-08-01T02:35:43.004+0000] GC(647) Metaspace: 9706K(12544K)->9706K(12544K) NonClass: 8540K(11008K)->8540K(11008K) Class: 1166K(1536K)->1166K(1536K)
[2025-08-01T02:35:43.004+0000] GC(647) Pause Young (Normal) (G1 Evacuation Pause) 1864M->1627M(4096M) 177.515ms
[2025-08-01T02:35:43.004+0000] GC(647) User=1.31s Sys=0.05s Real=0.18s
[2025-08-01T02:35:43.161+0000] GC(648) Pause Young (Concurrent Start) (G1 Evacuation Pause)
[2025-08-01T02:35:43.161+0000] GC(648) Using 8 workers of 8 for evacuation
[2025-08-01T02:35:43.281+0000] GC(648)   Pre Evacuate Collection Set: 0.1ms
[2025-08-01T02:35:43.281+0000] GC(648)   Evacuate Collection Set: 117.6ms
[2025-08-01T02:35:43.281+0000] GC(648)   Post Evacuate Collection Set: 1.0ms
[2025-08-01T02:35:43.281+0000] GC(648)   Other: 0.4ms
[2025-08-01T02:35:43.281+0000] GC(648) Eden regions: 348->0(275)
[2025-08-01T02:35:43.281+0000] GC(648) Survivor regions: 61->52(52)
[2025-08-01T02:35:43.281+0000] GC(648) Old regions: 759->976
[2025-08-01T02:35:43.281+0000] GC(648) Humongous regions: 0->0
[2025-08-01T02:35:43.281+0000] GC(648) Metaspace: 9706K(12544K)->9706K(12544K) NonClass: 8540K(11008K)->8540K(11008K) Class: 1166K(1536K)->1166K(1536K)
[2025-08-01T02:35:43.281+0000] GC(648) Pause Young (Concurrent Start) (G1 Evacuation Pause) 2323M->2043M(4096M) 119.350ms
[2025-08-01T02:35:43.281+0000] GC(648) User=0.89s Sys=0.03s Real=0.12s
[2025-08-01T02:35:43.281+0000] GC(649) Concurrent Cycle
[2025-08-01T02:35:43.281+0000] GC(649) Concurrent Clear Claimed Marks
[2025-08-01T02:35:43.281+0000] GC(649) Concurrent Clear Claimed Marks 0.154ms
[2025-08-01T02:35:43.281+0000] GC(649) Concurrent Scan Root Regions
[2025-08-01T02:35:43.294+0000] GC(649) Concurrent Scan Root Regions 13.070ms
[2025-08-01T02:35:43.294+0000] GC(649) Concurrent Mark (82.290s)
[2025-08-01T02:35:43.294+0000] GC(649) Concurrent Mark From Roots
[2025-08-01T02:35:43.294+0000] GC(649) Using 2 workers of 2 for marking
[2025-08-01T02:35:43.380+0000] GC(650) Pause Young (Normal) (G1 Evacuation Pause)
[2025-08-01T02:35:43.380+0000] GC(650) Using 8 workers of 8 for evacuation
[2025-08-01T02:35:43.468+0000] GC(650)   Pre Evacuate Collection Set: 0.1ms
[2025-08-01T02:35:43.468+0000] GC(650)   Evacuate Collection Set: 86.5ms
[2025-08-01T02:35:43.468+0000] GC(650)   Post Evacuate Collection Set: 1.1ms
[2025-08-01T02:35:43.468+0000] GC(650)   Other: 0.3ms
[2025-08-01T02:35:43.468+0000] GC(650) Eden regions: 275->0(209)
[2025-08-01T02:35:43.468+0000] GC(650) Survivor regions: 52->41(41)
[2025-08-01T02:35:43.468+0000] GC(650) Old regions: 976->1180
[2025-08-01T02:35:43.468+0000] GC(650) Humongous regions: 0->0
[2025-08-01T02:35:43.468+0000] GC(650) Metaspace: 9706K(12544K)->9706K(12544K) NonClass: 8540K(11008K)->8540K(11008K) Class: 1166K(1536K)->1166K(1536K)
[2025-08-01T02:35:43.468+0000] GC(650) Pause Young (Normal) (G1 Evacuation Pause) 2593M->2429M(4096M) 88.186ms
[2025-08-01T02:35:43.469+0000] GC(650) User=0.67s Sys=0.02s Real=0.09s
[2025-08-01T02:35:43.518+0000] GC(649) Concurrent Mark From Roots 223.728ms
[2025-08-01T02:35:43.518+0000] GC(649) Concurrent Preclean
[2025-08-01T02:35:43.518+0000] GC(649) Concurrent Preclean 0.297ms
[2025-08-01T02:35:43.518+0000] GC(649) Concurrent Mark (82.290s, 82.514s) 224.128ms
[2025-08-01T02:35:43.519+0000] GC(649) Pause Remark
[2025-08-01T02:35:43.521+0000] GC(649) Cleaned string and symbol table, strings: 2833 processed, 0 removed, symbols: 23489 processed, 0 removed
[2025-08-01T02:35:43.523+0000] GC(649) Pause Remark 2594M->1699M(4096M) 3.761ms
[2025-08-01T02:35:43.523+0000] GC(649) User=0.02s Sys=0.00s Real=0.00s
[2025-08-01T02:35:43.523+0000] GC(649) Concurrent Rebuild Remembered Sets
[2025-08-01T02:35:43.552+0000] GC(651) Pause Young (Normal) (G1 Evacuation Pause)
[2025-08-01T02:35:43.552+0000] GC(651) Using 8 workers of 8 for evacuation
[2025-08-01T02:35:43.643+0000] GC(651)   Pre Evacuate Collection Set: 0.1ms
[2025-08-01T02:35:43.643+0000] GC(651)   Evacuate Collection Set: 89.4ms
[2025-08-01T02:35:43.643+0000] GC(651)   Post Evacuate Collection Set: 1.0ms
[2025-08-01T02:35:43.643+0000] GC(651)   Other: 0.3ms
[2025-08-01T02:35:43.643+0000] GC(651) Eden regions: 209->0(302)
[2025-08-01T02:35:43.643+0000] GC(651) Survivor regions: 41->32(32)
[2025-08-01T02:35:43.643+0000] GC(651) Old regions: 728->918
[2025-08-01T02:35:43.643+0000] GC(651) Humongous regions: 0->0
[2025-08-01T02:35:43.643+0000] GC(651) Metaspace: 9706K(12544K)->9706K(12544K) NonClass: 8540K(11008K)->8540K(11008K) Class: 1166K(1536K)->1166K(1536K)
[2025-08-01T02:35:43.643+0000] GC(651) Pause Young (Normal) (G1 Evacuation Pause) 1952M->1897M(4096M) 91.003ms
[2025-08-01T02:35:43.643+0000] GC(651) User=0.68s Sys=0.01s Real=0.10s
[2025-08-01T02:35:43.782+0000] GC(652) Pause Young (Normal) (G1 Evacuation Pause)
[2025-08-01T02:35:43.782+0000] GC(652) Using 8 workers of 8 for evacuation
[2025-08-01T02:35:43.881+0000] GC(652)   Pre Evacuate Collection Set: 0.1ms
[2025-08-01T02:35:43.881+0000] GC(652)   Evacuate Collection Set: 98.3ms
[2025-08-01T02:35:43.881+0000] GC(652)   Post Evacuate Collection Set: 0.6ms
[2025-08-01T02:35:43.881+0000] GC(652)   Other: 0.4ms
[2025-08-01T02:35:43.881+0000] GC(652) Eden regions: 302->0(204)
[2025-08-01T02:35:43.881+0000] GC(652) Survivor regions: 32->42(42)
[2025-08-01T02:35:43.881+0000] GC(652) Old regions: 918->1161
[2025-08-01T02:35:43.881+0000] GC(652) Humongous regions: 0->0
[2025-08-01T02:35:43.881+0000] GC(652) Metaspace: 9706K(12544K)->9706K(12544K) NonClass: 8540K(11008K)->8540K(11008K) Class: 1166K(1536K)->1166K(1536K)
[2025-08-01T02:35:43.881+0000] GC(652) Pause Young (Normal) (G1 Evacuation Pause) 2501M->2403M(4096M) 99.595ms
[2025-08-01T02:35:43.881+0000] GC(652) User=0.76s Sys=0.02s Real=0.10s
[2025-08-01T02:35:43.899+0000] GC(649) Concurrent Rebuild Remembered Sets 375.985ms
[2025-08-01T02:35:43.899+0000] GC(649) Pause Cleanup
[2025-08-01T02:35:43.900+0000] GC(649) Pause Cleanup 2589M->2589M(4096M) 0.483ms
[2025-08-01T02:35:43.900+0000] GC(649) User=0.00s Sys=0.00s Real=0.00s
[2025-08-01T02:35:43.900+0000] GC(649) Concurrent Cleanup for Next Mark
[2025-08-01T02:35:43.912+0000] GC(649) Concurrent Cleanup for Next Mark 12.005ms
[2025-08-01T02:35:43.912+0000] GC(649) Concurrent Cycle 631.041ms
[2025-08-01T02:35:43.963+0000] GC(653) Pause Young (Prepare Mixed) (G1 Evacuation Pause)
[2025-08-01T02:35:43.963+0000] GC(653) Using 8 workers of 8 for evacuation
[2025-08-01T02:35:44.046+0000] GC(653)   Pre Evacuate Collection Set: 0.1ms
[2025-08-01T02:35:44.046+0000] GC(653)   Evacuate Collection Set: 82.2ms
[2025-08-01T02:35:44.046+0000] GC(653)   Post Evacuate Collection Set: 0.5ms
[2025-08-01T02:35:44.046+0000] GC(653)   Other: 0.3ms
[2025-08-01T02:35:44.046+0000] GC(653) Eden regions: 204->0(71)
[2025-08-01T02:35:44.046+0000] GC(653) Survivor regions: 42->31(31)
[2025-08-01T02:35:44.046+0000] GC(653) Old regions: 1161->1320
[2025-08-01T02:35:44.046+0000] GC(653) Humongous regions: 0->0
[2025-08-01T02:35:44.046+0000] GC(653) Metaspace: 9706K(12544K)->9706K(12544K) NonClass: 8540K(11008K)->8540K(11008K) Class: 1166K(1536K)->1166K(1536K)
[2025-08-01T02:35:44.046+0000] GC(653) Pause Young (Prepare Mixed) (G1 Evacuation Pause) 2811M->2698M(4096M) 83.209ms
[2025-08-01T02:35:44.046+0000] GC(653) User=0.63s Sys=0.02s Real=0.08s
[2025-08-01T02:35:44.061+0000] GC(654) Pause Young (Mixed) (G1 Evacuation Pause)
[2025-08-01T02:35:44.061+0000] GC(654) Using 8 workers of 8 for evacuation
[2025-08-01T02:35:44.100+0000] GC(654)   Pre Evacuate Collection Set: 0.2ms
[2025-08-01T02:35:44.101+0000] GC(654)   Evacuate Collection Set: 38.4ms
[2025-08-01T02:35:44.101+0000] GC(654)   Post Evacuate Collection Set: 1.0ms
[2025-08-01T02:35:44.101+0000] GC(654)   Other: 0.5ms
[2025-08-01T02:35:44.101+0000] GC(654) Eden regions: 71->0(173)
[2025-08-01T02:35:44.101+0000] GC(654) Survivor regions: 31->13(13)
[2025-08-01T02:35:44.101+0000] GC(654) Old regions: 1320->1294
[2025-08-01T02:35:44.101+0000] GC(654) Humongous regions: 0->0
[2025-08-01T02:35:44.101+0000] GC(654) Metaspace: 9706K(12544K)->9706K(12544K) NonClass: 8540K(11008K)->8540K(11008K) Class: 1166K(1536K)->1166K(1536K)
[2025-08-01T02:35:44.101+0000] GC(654) Pause Young (Mixed) (G1 Evacuation Pause) 2840M->2611M(4096M) 40.169ms
[2025-08-01T02:35:44.101+0000] GC(654) User=0.29s Sys=0.01s Real=0.04s
[2025-08-01T02:35:44.178+0000] GC(655) Pause Young (Concurrent Start) (G1 Evacuation Pause)
[2025-08-01T02:35:44.178+0000] GC(655) Using 8 workers of 8 for evacuation
[2025-08-01T02:35:44.240+0000] GC(655)   Pre Evacuate Collection Set: 0.1ms
[2025-08-01T02:35:44.240+0000] GC(655)   Evacuate Collection Set: 60.5ms
[2025-08-01T02:35:44.240+0000] GC(655)   Post Evacuate Collection Set: 0.9ms
[2025-08-01T02:35:44.240+0000] GC(655)   Other: 0.5ms
[2025-08-01T02:35:44.240+0000] GC(655) Eden regions: 173->0(146)
[2025-08-01T02:35:44.240+0000] GC(655) Survivor regions: 13->24(24)
[2025-08-01T02:35:44.240+0000] GC(655) Old regions: 1294->1387
[2025-08-01T02:35:44.240+0000] GC(655) Humongous regions: 0->0
[2025-08-01T02:35:44.240+0000] GC(655) Metaspace: 9706K(12544K)->9706K(12544K) NonClass: 8540K(11008K)->8540K(11008K) Class: 1166K(1536K)->1166K(1536K)
[2025-08-01T02:35:44.240+0000] GC(655) Pause Young (Concurrent Start) (G1 Evacuation Pause) 2957M->2819M(4096M) 62.127ms
[2025-08-01T02:35:44.240+0000] GC(655) User=0.46s Sys=0.02s Real=0.06s
[2025-08-01T02:35:44.240+0000] GC(656) Concurrent Cycle
[2025-08-01T02:35:44.240+0000] GC(656) Concurrent Clear Claimed Marks
[2025-08-01T02:35:44.240+0000] GC(656) Concurrent Clear Claimed Marks 0.103ms
[2025-08-01T02:35:44.240+0000] GC(656) Concurrent Scan Root Regions
[2025-08-01T02:35:44.250+0000] GC(656) Concurrent Scan Root Regions 10.076ms
[2025-08-01T02:35:44.250+0000] GC(656) Concurrent Mark (83.246s)
[2025-08-01T02:35:44.250+0000] GC(656) Concurrent Mark From Roots
[2025-08-01T02:35:44.250+0000] GC(656) Using 2 workers of 2 for marking
[2025-08-01T02:35:44.318+0000] GC(657) Pause Young (Normal) (G1 Evacuation Pause)
[2025-08-01T02:35:44.319+0000] GC(657) Using 8 workers of 8 for evacuation
[2025-08-01T02:35:44.389+0000] GC(657)   Pre Evacuate Collection Set: 0.1ms
[2025-08-01T02:35:44.389+0000] GC(657)   Evacuate Collection Set: 69.2ms
[2025-08-01T02:35:44.389+0000] GC(657)   Post Evacuate Collection Set: 1.3ms
[2025-08-01T02:35:44.389+0000] GC(657)   Other: 0.3ms
[2025-08-01T02:35:44.389+0000] GC(657) Eden regions: 146->0(91)
[2025-08-01T02:35:44.389+0000] GC(657) Survivor regions: 24->22(22)
[2025-08-01T02:35:44.389+0000] GC(657) Old regions: 1387->1537
[2025-08-01T02:35:44.389+0000] GC(657) Humongous regions: 0->0
[2025-08-01T02:35:44.389+0000] GC(657) Metaspace: 9706K(12544K)->9706K(12544K) NonClass: 8540K(11008K)->8540K(11008K) Class: 1166K(1536K)->1166K(1536K)
[2025-08-01T02:35:44.389+0000] GC(657) Pause Young (Normal) (G1 Evacuation Pause) 3111M->3114M(4096M) 71.003ms
[2025-08-01T02:35:44.390+0000] GC(657) User=0.51s Sys=0.03s Real=0.07s
[2025-08-01T02:35:44.407+0000] GC(658) Pause Young (Normal) (G1 Evacuation Pause)
[2025-08-01T02:35:44.408+0000] GC(658) Using 8 workers of 8 for evacuation
[2025-08-01T02:35:44.445+0000] GC(658)   Pre Evacuate Collection Set: 0.1ms
[2025-08-01T02:35:44.445+0000] GC(658)   Evacuate Collection Set: 36.3ms
[2025-08-01T02:35:44.445+0000] GC(658)   Post Evacuate Collection Set: 0.5ms
[2025-08-01T02:35:44.445+0000] GC(658)   Other: 0.3ms
[2025-08-01T02:35:44.445+0000] GC(658) Eden regions: 91->0(87)
[2025-08-01T02:35:44.445+0000] GC(658) Survivor regions: 22->15(15)
[2025-08-01T02:35:44.445+0000] GC(658) Old regions: 1537->1637
[2025-08-01T02:35:44.445+0000] GC(658) Humongous regions: 0->0
[2025-08-01T02:35:44.445+0000] GC(658) Metaspace: 9706K(12544K)->9706K(12544K) NonClass: 8540K(11008K)->8540K(11008K) Class: 1166K(1536K)->1166K(1536K)
[2025-08-01T02:35:44.445+0000] GC(658) Pause Young (Normal) (G1 Evacuation Pause) 3296M->3301M(4096M) 37.415ms
[2025-08-01T02:35:44.445+0000] GC(658) User=0.26s Sys=0.00s Real=0.04s
[2025-08-01T02:35:44.462+0000] GC(656) Concurrent Mark From Roots 211.674ms
[2025-08-01T02:35:44.462+0000] GC(656) Concurrent Preclean
[2025-08-01T02:35:44.462+0000] GC(656) Concurrent Preclean 0.351ms
[2025-08-01T02:35:44.462+0000] GC(656) Concurrent Mark (83.246s, 83.458s) 212.120ms
[2025-08-01T02:35:44.463+0000] GC(656) Pause Remark
[2025-08-01T02:35:44.467+0000] GC(656) Cleaned string and symbol table, strings: 2833 processed, 0 removed, symbols: 23489 processed, 0 removed
[2025-08-01T02:35:44.469+0000] GC(656) Pause Remark 3428M->1510M(4096M) 5.304ms
[2025-08-01T02:35:44.469+0000] GC(656) User=0.02s Sys=0.01s Real=0.00s
[2025-08-01T02:35:44.469+0000] GC(656) Concurrent Rebuild Remembered Sets
[2025-08-01T02:35:44.511+0000] GC(659) Pause Young (Normal) (G1 Evacuation Pause)
[2025-08-01T02:35:44.511+0000] GC(659) Using 8 workers of 8 for evacuation
[2025-08-01T02:35:44.544+0000] GC(659)   Pre Evacuate Collection Set: 0.1ms
[2025-08-01T02:35:44.544+0000] GC(659)   Evacuate Collection Set: 31.9ms
[2025-08-01T02:35:44.544+0000] GC(659)   Post Evacuate Collection Set: 1.1ms
[2025-08-01T02:35:44.545+0000] GC(659)   Other: 0.3ms
[2025-08-01T02:35:44.545+0000] GC(659) Eden regions: 87->0(393)
[2025-08-01T02:35:44.545+0000] GC(659) Survivor regions: 15->13(13)
[2025-08-01T02:35:44.545+0000] GC(659) Old regions: 678->747
[2025-08-01T02:35:44.545+0000] GC(659) Humongous regions: 0->0
[2025-08-01T02:35:44.545+0000] GC(659) Metaspace: 9706K(12544K)->9706K(12544K) NonClass: 8540K(11008K)->8540K(11008K) Class: 1166K(1536K)->1166K(1536K)
[2025-08-01T02:35:44.545+0000] GC(659) Pause Young (Normal) (G1 Evacuation Pause) 1557M->1516M(4096M) 33.505ms
[2025-08-01T02:35:44.545+0000] GC(659) User=0.24s Sys=0.00s Real=0.04s
[2025-08-01T02:35:44.669+0000] GC(656) Concurrent Rebuild Remembered Sets 199.865ms
[2025-08-01T02:35:44.669+0000] GC(656) Pause Cleanup
[2025-08-01T02:35:44.670+0000] GC(656) Pause Cleanup 2193M->2193M(4096M) 0.735ms
[2025-08-01T02:35:44.670+0000] GC(656) User=0.00s Sys=0.00s Real=0.00s
[2025-08-01T02:35:44.670+0000] GC(656) Concurrent Cleanup for Next Mark
[2025-08-01T02:35:44.679+0000] GC(656) Concurrent Cleanup for Next Mark 8.658ms
[2025-08-01T02:35:44.679+0000] GC(656) Concurrent Cycle 438.680ms
[2025-08-01T02:35:44.713+0000] GC(660) Pause Young (Prepare Mixed) (G1 Evacuation Pause)
[2025-08-01T02:35:44.713+0000] GC(660) Using 8 workers of 8 for evacuation
[2025-08-01T02:35:44.806+0000] GC(660)   Pre Evacuate Collection Set: 0.1ms
[2025-08-01T02:35:44.806+0000] GC(660)   Evacuate Collection Set: 90.9ms
[2025-08-01T02:35:44.806+0000] GC(660)   Post Evacuate Collection Set: 1.0ms
[2025-08-01T02:35:44.806+0000] GC(660)   Other: 0.3ms
[2025-08-01T02:35:44.806+0000] GC(660) Eden regions: 393->0(51)
[2025-08-01T02:35:44.806+0000] GC(660) Survivor regions: 13->51(51)
[2025-08-01T02:35:44.806+0000] GC(660) Old regions: 747->1019
[2025-08-01T02:35:44.806+0000] GC(660) Humongous regions: 0->0
[2025-08-01T02:35:44.806+0000] GC(660) Metaspace: 9706K(12544K)->9706K(12544K) NonClass: 8540K(11008K)->8540K(11008K) Class: 1166K(1536K)->1166K(1536K)
[2025-08-01T02:35:44.806+0000] GC(660) Pause Young (Prepare Mixed) (G1 Evacuation Pause) 2302M->2137M(4096M) 92.594ms
[2025-08-01T02:35:44.806+0000] GC(660) User=0.72s Sys=0.00s Real=0.09s
[2025-08-01T02:35:44.816+0000] GC(661) Pause Young (Mixed) (G1 Evacuation Pause)
[2025-08-01T02:35:44.816+0000] GC(661) Using 8 workers of 8 for evacuation
[2025-08-01T02:35:44.845+0000] GC(661)   Pre Evacuate Collection Set: 0.2ms
[2025-08-01T02:35:44.846+0000] GC(661)   Evacuate Collection Set: 28.1ms
[2025-08-01T02:35:44.846+0000] GC(661)   Post Evacuate Collection Set: 1.0ms
[2025-08-01T02:35:44.846+0000] GC(661)   Other: 0.5ms
[2025-08-01T02:35:44.846+0000] GC(661) Eden regions: 51->0(285)
[2025-08-01T02:35:44.846+0000] GC(661) Survivor regions: 51->13(13)
[2025-08-01T02:35:44.846+0000] GC(661) Old regions: 1019->1003
[2025-08-01T02:35:44.846+0000] GC(661) Humongous regions: 0->0
[2025-08-01T02:35:44.846+0000] GC(661) Metaspace: 9706K(12544K)->9706K(12544K) NonClass: 8540K(11008K)->8540K(11008K) Class: 1166K(1536K)->1166K(1536K)
[2025-08-01T02:35:44.846+0000] GC(661) Pause Young (Mixed) (G1 Evacuation Pause) 2239M->2028M(4096M) 29.997ms
[2025-08-01T02:35:44.846+0000] GC(661) User=0.22s Sys=0.00s Real=0.03s
[2025-08-01T02:35:44.987+0000] GC(662) Pause Young (Concurrent Start) (G1 Evacuation Pause)
[2025-08-01T02:35:44.987+0000] GC(662) Using 8 workers of 8 for evacuation
[2025-08-01T02:35:45.126+0000] GC(662)   Pre Evacuate Collection Set: 0.1ms
[2025-08-01T02:35:45.126+0000] GC(662)   Evacuate Collection Set: 136.8ms
[2025-08-01T02:35:45.126+0000] GC(662)   Post Evacuate Collection Set: 0.8ms
[2025-08-01T02:35:45.126+0000] GC(662)   Other: 0.5ms
[2025-08-01T02:35:45.126+0000] GC(662) Eden regions: 285->0(186)
[2025-08-01T02:35:45.126+0000] GC(662) Survivor regions: 13->38(38)
[2025-08-01T02:35:45.126+0000] GC(662) Old regions: 1003->1223
[2025-08-01T02:35:45.126+0000] GC(662) Humongous regions: 0->0
[2025-08-01T02:35:45.126+0000] GC(662) Metaspace: 9706K(12544K)->9706K(12544K) NonClass: 8540K(11008K)->8540K(11008K) Class: 1166K(1536K)->1166K(1536K)
[2025-08-01T02:35:45.126+0000] GC(662) Pause Young (Concurrent Start) (G1 Evacuation Pause) 2598M->2518M(4096M) 138.395ms
[2025-08-01T02:35:45.126+0000] GC(662) User=1.01s Sys=0.05s Real=0.14s
[2025-08-01T02:35:45.126+0000] GC(663) Concurrent Cycle
[2025-08-01T02:35:45.126+0000] GC(663) Concurrent Clear Claimed Marks
[2025-08-01T02:35:45.126+0000] GC(663) Concurrent Clear Claimed Marks 0.058ms
[2025-08-01T02:35:45.126+0000] GC(663) Concurrent Scan Root Regions
[2025-08-01T02:35:45.134+0000] GC(663) Concurrent Scan Root Regions 7.929ms
[2025-08-01T02:35:45.134+0000] GC(663) Concurrent Mark (84.130s)
[2025-08-01T02:35:45.134+0000] GC(663) Concurrent Mark From Roots
[2025-08-01T02:35:45.134+0000] GC(663) Using 2 workers of 2 for marking
[2025-08-01T02:35:45.210+0000] GC(664) Pause Young (Normal) (G1 Evacuation Pause)
[2025-08-01T02:35:45.210+0000] GC(664) Using 8 workers of 8 for evacuation
[2025-08-01T02:35:45.290+0000] GC(664)   Pre Evacuate Collection Set: 0.1ms
[2025-08-01T02:35:45.290+0000] GC(664)   Evacuate Collection Set: 78.7ms
[2025-08-01T02:35:45.290+0000] GC(664)   Post Evacuate Collection Set: 1.2ms
[2025-08-01T02:35:45.290+0000] GC(664)   Other: 0.4ms
[2025-08-01T02:35:45.290+0000] GC(664) Eden regions: 186->0(145)
[2025-08-01T02:35:45.290+0000] GC(664) Survivor regions: 38->28(28)
[2025-08-01T02:35:45.290+0000] GC(664) Old regions: 1223->1369
[2025-08-01T02:35:45.290+0000] GC(664) Humongous regions: 0->0
[2025-08-01T02:35:45.290+0000] GC(664) Metaspace: 9706K(12544K)->9706K(12544K) NonClass: 8540K(11008K)->8540K(11008K) Class: 1166K(1536K)->1166K(1536K)
[2025-08-01T02:35:45.290+0000] GC(664) Pause Young (Normal) (G1 Evacuation Pause) 2890M->2790M(4096M) 80.667ms
[2025-08-01T02:35:45.290+0000] GC(664) User=0.61s Sys=0.02s Real=0.08s
[2025-08-01T02:35:45.322+0000] GC(665) Pause Young (Normal) (G1 Evacuation Pause)
[2025-08-01T02:35:45.322+0000] GC(665) Using 8 workers of 8 for evacuation
[2025-08-01T02:35:45.378+0000] GC(665)   Pre Evacuate Collection Set: 0.1ms
[2025-08-01T02:35:45.378+0000] GC(665)   Evacuate Collection Set: 54.9ms
[2025-08-01T02:35:45.378+0000] GC(665)   Post Evacuate Collection Set: 0.6ms
[2025-08-01T02:35:45.378+0000] GC(665)   Other: 0.3ms
[2025-08-01T02:35:45.378+0000] GC(665) Eden regions: 145->0(95)
[2025-08-01T02:35:45.378+0000] GC(665) Survivor regions: 28->22(22)
[2025-08-01T02:35:45.378+0000] GC(665) Old regions: 1369->1521
[2025-08-01T02:35:45.378+0000] GC(665) Humongous regions: 0->0
[2025-08-01T02:35:45.378+0000] GC(665) Metaspace: 9706K(12544K)->9706K(12544K) NonClass: 8540K(11008K)->8540K(11008K) Class: 1166K(1536K)->1166K(1536K)
[2025-08-01T02:35:45.378+0000] GC(665) Pause Young (Normal) (G1 Evacuation Pause) 3080M->3082M(4096M) 55.951ms
[2025-08-01T02:35:45.378+0000] GC(665) User=0.43s Sys=0.00s Real=0.06s
[2025-08-01T02:35:45.398+0000] GC(666) Pause Young (Normal) (G1 Evacuation Pause)
[2025-08-01T02:35:45.398+0000] GC(666) Using 8 workers of 8 for evacuation
[2025-08-01T02:35:45.433+0000] GC(666)   Pre Evacuate Collection Set: 0.1ms
[2025-08-01T02:35:45.433+0000] GC(666)   Evacuate Collection Set: 34.3ms
[2025-08-01T02:35:45.433+0000] GC(666)   Post Evacuate Collection Set: 0.4ms
[2025-08-01T02:35:45.433+0000] GC(666)   Other: 0.3ms
[2025-08-01T02:35:45.433+0000] GC(666) Eden regions: 95->0(87)
[2025-08-01T02:35:45.433+0000] GC(666) Survivor regions: 22->15(15)
[2025-08-01T02:35:45.433+0000] GC(666) Old regions: 1521->1624
[2025-08-01T02:35:45.433+0000] GC(666) Humongous regions: 0->0
[2025-08-01T02:35:45.433+0000] GC(666) Metaspace: 9706K(12544K)->9706K(12544K) NonClass: 8540K(11008K)->8540K(11008K) Class: 1166K(1536K)->1166K(1536K)
[2025-08-01T02:35:45.433+0000] GC(666) Pause Young (Normal) (G1 Evacuation Pause) 3272M->3275M(4096M) 35.116ms
[2025-08-01T02:35:45.434+0000] GC(666) User=0.25s Sys=0.01s Real=0.04s
[2025-08-01T02:35:45.455+0000] GC(667) Pause Young (Normal) (G1 Evacuation Pause)
[2025-08-01T02:35:45.455+0000] GC(667) Using 8 workers of 8 for evacuation
[2025-08-01T02:35:45.487+0000] GC(667)   Pre Evacuate Collection Set: 0.1ms
[2025-08-01T02:35:45.487+0000] GC(667)   Evacuate Collection Set: 31.2ms
[2025-08-01T02:35:45.487+0000] GC(667)   Post Evacuate Collection Set: 0.6ms
[2025-08-01T02:35:45.487+0000] GC(667)   Other: 0.3ms
[2025-08-01T02:35:45.487+0000] GC(667) Eden regions: 87->0(89)
[2025-08-01T02:35:45.487+0000] GC(667) Survivor regions: 15->13(13)
[2025-08-01T02:35:45.487+0000] GC(667) Old regions: 1624->1696
[2025-08-01T02:35:45.487+0000] GC(667) Humongous regions: 0->0
[2025-08-01T02:35:45.487+0000] GC(667) Metaspace: 9706K(12544K)->9706K(12544K) NonClass: 8540K(11008K)->8540K(11008K) Class: 1166K(1536K)->1166K(1536K)
[2025-08-01T02:35:45.487+0000] GC(667) Pause Young (Normal) (G1 Evacuation Pause) 3449M->3414M(4096M) 32.256ms
[2025-08-01T02:35:45.487+0000] GC(667) User=0.24s Sys=0.00s Real=0.03s
[2025-08-01T02:35:45.511+0000] GC(663) Concurrent Mark From Roots 376.805ms
[2025-08-01T02:35:45.511+0000] GC(663) Concurrent Preclean
[2025-08-01T02:35:45.511+0000] GC(663) Concurrent Preclean 0.309ms
[2025-08-01T02:35:45.511+0000] GC(663) Concurrent Mark (84.130s, 84.507s) 377.228ms
[2025-08-01T02:35:45.512+0000] GC(663) Pause Remark
[2025-08-01T02:35:45.515+0000] GC(663) Cleaned string and symbol table, strings: 2833 processed, 0 removed, symbols: 23489 processed, 0 removed
[2025-08-01T02:35:45.517+0000] GC(663) Pause Remark 3588M->2196M(4096M) 5.263ms
[2025-08-01T02:35:45.517+0000] GC(663) User=0.03s Sys=0.00s Real=0.01s
[2025-08-01T02:35:45.517+0000] GC(663) Concurrent Rebuild Remembered Sets
[2025-08-01T02:35:45.518+0000] GC(668) Pause Young (Normal) (G1 Evacuation Pause)
[2025-08-01T02:35:45.518+0000] GC(668) Using 8 workers of 8 for evacuation
[2025-08-01T02:35:45.548+0000] GC(668)   Pre Evacuate Collection Set: 0.1ms
[2025-08-01T02:35:45.548+0000] GC(668)   Evacuate Collection Set: 29.0ms
[2025-08-01T02:35:45.548+0000] GC(668)   Post Evacuate Collection Set: 0.9ms
[2025-08-01T02:35:45.548+0000] GC(668)   Other: 0.2ms
[2025-08-01T02:35:45.548+0000] GC(668) Eden regions: 89->0(244)
[2025-08-01T02:35:45.548+0000] GC(668) Survivor regions: 13->13(13)
[2025-08-01T02:35:45.549+0000] GC(668) Old regions: 1000->1091
[2025-08-01T02:35:45.549+0000] GC(668) Humongous regions: 0->0
[2025-08-01T02:35:45.549+0000] GC(668) Metaspace: 9706K(12544K)->9706K(12544K) NonClass: 8540K(11008K)->8540K(11008K) Class: 1166K(1536K)->1166K(1536K)
[2025-08-01T02:35:45.549+0000] GC(668) Pause Young (Normal) (G1 Evacuation Pause) 2200M->2204M(4096M) 30.403ms
[2025-08-01T02:35:45.549+0000] GC(668) User=0.23s Sys=0.00s Real=0.03s
[2025-08-01T02:35:45.646+0000] GC(669) Pause Young (Normal) (G1 Evacuation Pause)
[2025-08-01T02:35:45.646+0000] GC(669) Using 8 workers of 8 for evacuation
[2025-08-01T02:35:45.710+0000] GC(669)   Pre Evacuate Collection Set: 0.1ms
[2025-08-01T02:35:45.710+0000] GC(669)   Evacuate Collection Set: 62.8ms
[2025-08-01T02:35:45.710+0000] GC(669)   Post Evacuate Collection Set: 0.7ms
[2025-08-01T02:35:45.710+0000] GC(669)   Other: 0.4ms
[2025-08-01T02:35:45.710+0000] GC(669) Eden regions: 244->0(181)
[2025-08-01T02:35:45.710+0000] GC(669) Survivor regions: 13->33(33)
[2025-08-01T02:35:45.710+0000] GC(669) Old regions: 1091->1249
[2025-08-01T02:35:45.710+0000] GC(669) Humongous regions: 0->0
[2025-08-01T02:35:45.710+0000] GC(669) Metaspace: 9706K(12544K)->9706K(12544K) NonClass: 8540K(11008K)->8540K(11008K) Class: 1166K(1536K)->1166K(1536K)
[2025-08-01T02:35:45.710+0000] GC(669) Pause Young (Normal) (G1 Evacuation Pause) 2692M->2560M(4096M) 64.161ms
[2025-08-01T02:35:45.710+0000] GC(669) User=0.47s Sys=0.00s Real=0.06s
[2025-08-01T02:35:45.806+0000] GC(670) Pause Young (Normal) (G1 Evacuation Pause)
[2025-08-01T02:35:45.806+0000] GC(670) Using 8 workers of 8 for evacuation
[2025-08-01T02:35:45.880+0000] GC(670)   Pre Evacuate Collection Set: 0.1ms
[2025-08-01T02:35:45.880+0000] GC(670)   Evacuate Collection Set: 73.5ms
[2025-08-01T02:35:45.880+0000] GC(670)   Post Evacuate Collection Set: 0.5ms
[2025-08-01T02:35:45.880+0000] GC(670)   Other: 0.3ms
[2025-08-01T02:35:45.880+0000] GC(670) Eden regions: 181->0(139)
[2025-08-01T02:35:45.880+0000] GC(670) Survivor regions: 33->27(27)
[2025-08-01T02:35:45.880+0000] GC(670) Old regions: 1249->1383
[2025-08-01T02:35:45.880+0000] GC(670) Humongous regions: 0->0
[2025-08-01T02:35:45.880+0000] GC(670) Metaspace: 9706K(12544K)->9706K(12544K) NonClass: 8540K(11008K)->8540K(11008K) Class: 1166K(1536K)->1166K(1536K)
[2025-08-01T02:35:45.880+0000] GC(670) Pause Young (Normal) (G1 Evacuation Pause) 2922M->2816M(4096M) 74.539ms
[2025-08-01T02:35:45.880+0000] GC(670) User=0.56s Sys=0.01s Real=0.07s
[2025-08-01T02:35:45.958+0000] GC(671) Pause Young (Normal) (G1 Evacuation Pause)
[2025-08-01T02:35:45.958+0000] GC(671) Using 8 workers of 8 for evacuation
[2025-08-01T02:35:46.030+0000] GC(671)   Pre Evacuate Collection Set: 0.1ms
[2025-08-01T02:35:46.030+0000] GC(671)   Evacuate Collection Set: 71.0ms
[2025-08-01T02:35:46.030+0000] GC(671)   Post Evacuate Collection Set: 0.6ms
[2025-08-01T02:35:46.030+0000] GC(671)   Other: 0.3ms
[2025-08-01T02:35:46.030+0000] GC(671) Eden regions: 139->0(91)
[2025-08-01T02:35:46.030+0000] GC(671) Survivor regions: 27->21(21)
[2025-08-01T02:35:46.030+0000] GC(671) Old regions: 1383->1529
[2025-08-01T02:35:46.030+0000] GC(671) Humongous regions: 0->0
[2025-08-01T02:35:46.030+0000] GC(671) Metaspace: 9706K(12544K)->9706K(12544K) NonClass: 8540K(11008K)->8540K(11008K) Class: 1166K(1536K)->1166K(1536K)
[2025-08-01T02:35:46.030+0000] GC(671) Pause Young (Normal) (G1 Evacuation Pause) 3094M->3097M(4096M) 72.168ms
[2025-08-01T02:35:46.030+0000] GC(671) User=0.51s Sys=0.02s Real=0.07s
[2025-08-01T02:35:46.051+0000] GC(672) Pause Young (Normal) (G1 Evacuation Pause)
[2025-08-01T02:35:46.051+0000] GC(672) Using 8 workers of 8 for evacuation
[2025-08-01T02:35:46.121+0000] GC(672)   Pre Evacuate Collection Set: 0.1ms
[2025-08-01T02:35:46.121+0000] GC(672)   Evacuate Collection Set: 68.4ms
[2025-08-01T02:35:46.121+0000] GC(672)   Post Evacuate Collection Set: 0.5ms
[2025-08-01T02:35:46.121+0000] GC(672)   Other: 0.3ms
[2025-08-01T02:35:46.121+0000] GC(672) Eden regions: 91->0(88)
[2025-08-01T02:35:46.121+0000] GC(672) Survivor regions: 21->14(14)
[2025-08-01T02:35:46.121+0000] GC(672) Old regions: 1529->1630
[2025-08-01T02:35:46.121+0000] GC(672) Humongous regions: 0->0
[2025-08-01T02:35:46.121+0000] GC(672) Metaspace: 9706K(12544K)->9706K(12544K) NonClass: 8540K(11008K)->8540K(11008K) Class: 1166K(1536K)->1166K(1536K)
[2025-08-01T02:35:46.121+0000] GC(672) Pause Young (Normal) (G1 Evacuation Pause) 3279M->3284M(4096M) 69.472ms
[2025-08-01T02:35:46.121+0000] GC(672) User=0.53s Sys=0.01s Real=0.07s
[2025-08-01T02:35:46.138+0000] GC(663) Concurrent Rebuild Remembered Sets 620.990ms
[2025-08-01T02:35:46.139+0000] GC(663) Pause Cleanup
[2025-08-01T02:35:46.139+0000] GC(663) Pause Cleanup 3339M->3339M(4096M) 0.875ms
[2025-08-01T02:35:46.139+0000] GC(663) User=0.00s Sys=0.00s Real=0.00s
[2025-08-01T02:35:46.140+0000] GC(663) Concurrent Cleanup for Next Mark
[2025-08-01T02:35:46.147+0000] GC(663) Concurrent Cleanup for Next Mark 7.933ms
[2025-08-01T02:35:46.148+0000] GC(663) Concurrent Cycle 1021.573ms
[2025-08-01T02:35:46.187+0000] GC(673) Pause Young (Prepare Mixed) (G1 Evacuation Pause)
[2025-08-01T02:35:46.187+0000] GC(673) Using 8 workers of 8 for evacuation
[2025-08-01T02:35:46.234+0000] GC(673)   Pre Evacuate Collection Set: 0.1ms
[2025-08-01T02:35:46.234+0000] GC(673)   Evacuate Collection Set: 46.3ms
[2025-08-01T02:35:46.235+0000] GC(673)   Post Evacuate Collection Set: 0.7ms
[2025-08-01T02:35:46.235+0000] GC(673)   Other: 0.3ms
[2025-08-01T02:35:46.235+0000] GC(673) Eden regions: 88->0(89)
[2025-08-01T02:35:46.235+0000] GC(673) Survivor regions: 14->13(13)
[2025-08-01T02:35:46.235+0000] GC(673) Old regions: 1630->1721
[2025-08-01T02:35:46.235+0000] GC(673) Humongous regions: 0->0
[2025-08-01T02:35:46.235+0000] GC(673) Metaspace: 9706K(12544K)->9706K(12544K) NonClass: 8540K(11008K)->8540K(11008K) Class: 1166K(1536K)->1166K(1536K)
[2025-08-01T02:35:46.235+0000] GC(673) Pause Young (Prepare Mixed) (G1 Evacuation Pause) 3460M->3464M(4096M) 47.488ms
[2025-08-01T02:35:46.235+0000] GC(673) User=0.34s Sys=0.01s Real=0.05s
[2025-08-01T02:35:46.251+0000] GC(674) Pause Young (Mixed) (G1 Evacuation Pause)
[2025-08-01T02:35:46.251+0000] GC(674) Using 8 workers of 8 for evacuation
[2025-08-01T02:35:46.300+0000] GC(674)   Pre Evacuate Collection Set: 0.1ms
[2025-08-01T02:35:46.300+0000] GC(674)   Evacuate Collection Set: 46.4ms
[2025-08-01T02:35:46.300+0000] GC(674)   Post Evacuate Collection Set: 1.3ms
[2025-08-01T02:35:46.300+0000] GC(674)   Other: 0.4ms
[2025-08-01T02:35:46.300+0000] GC(674) Eden regions: 89->0(89)
[2025-08-01T02:35:46.300+0000] GC(674) Survivor regions: 13->13(13)
[2025-08-01T02:35:46.300+0000] GC(674) Old regions: 1721->1740
[2025-08-01T02:35:46.300+0000] GC(674) Humongous regions: 0->0
[2025-08-01T02:35:46.300+0000] GC(674) Metaspace: 9706K(12544K)->9706K(12544K) NonClass: 8540K(11008K)->8540K(11008K) Class: 1166K(1536K)->1166K(1536K)
[2025-08-01T02:35:46.300+0000] GC(674) Pause Young (Mixed) (G1 Evacuation Pause) 3642M->3503M(4096M) 48.432ms
[2025-08-01T02:35:46.300+0000] GC(674) User=0.35s Sys=0.02s Real=0.05s
[2025-08-01T02:35:46.365+0000] GC(675) Pause Young (Concurrent Start) (G1 Evacuation Pause)
[2025-08-01T02:35:46.365+0000] GC(675) Using 8 workers of 8 for evacuation
[2025-08-01T02:35:46.416+0000] GC(675)   Pre Evacuate Collection Set: 0.1ms
[2025-08-01T02:35:46.416+0000] GC(675)   Evacuate Collection Set: 48.8ms
[2025-08-01T02:35:46.416+0000] GC(675)   Post Evacuate Collection Set: 1.3ms
[2025-08-01T02:35:46.416+0000] GC(675)   Other: 0.5ms
[2025-08-01T02:35:46.416+0000] GC(675) Eden regions: 89->0(89)
[2025-08-01T02:35:46.416+0000] GC(675) Survivor regions: 13->13(13)
[2025-08-01T02:35:46.416+0000] GC(675) Old regions: 1740->1821
[2025-08-01T02:35:46.416+0000] GC(675) Humongous regions: 0->0
[2025-08-01T02:35:46.416+0000] GC(675) Metaspace: 9706K(12544K)->9706K(12544K) NonClass: 8540K(11008K)->8540K(11008K) Class: 1166K(1536K)->1166K(1536K)
[2025-08-01T02:35:46.416+0000] GC(675) Pause Young (Concurrent Start) (G1 Evacuation Pause) 3681M->3665M(4096M) 51.037ms
[2025-08-01T02:35:46.416+0000] GC(675) User=0.36s Sys=0.01s Real=0.05s
[2025-08-01T02:35:46.417+0000] GC(676) Concurrent Cycle
[2025-08-01T02:35:46.417+0000] GC(676) Concurrent Clear Claimed Marks
[2025-08-01T02:35:46.417+0000] GC(676) Concurrent Clear Claimed Marks 0.091ms
[2025-08-01T02:35:46.417+0000] GC(676) Concurrent Scan Root Regions
[2025-08-01T02:35:46.423+0000] GC(676) Concurrent Scan Root Regions 5.918ms
[2025-08-01T02:35:46.423+0000] GC(676) Concurrent Mark (85.418s)
[2025-08-01T02:35:46.423+0000] GC(676) Concurrent Mark From Roots
[2025-08-01T02:35:46.423+0000] GC(676) Using 2 workers of 2 for marking
[2025-08-01T02:35:46.447+0000] GC(677) Pause Young (Normal) (G1 Evacuation Pause)
[2025-08-01T02:35:46.447+0000] GC(677) Using 8 workers of 8 for evacuation
[2025-08-01T02:35:46.556+0000] GC(677)   Pre Evacuate Collection Set: 0.1ms
[2025-08-01T02:35:46.556+0000] GC(677)   Evacuate Collection Set: 108.2ms
[2025-08-01T02:35:46.556+0000] GC(677)   Post Evacuate Collection Set: 0.5ms
[2025-08-01T02:35:46.556+0000] GC(677)   Other: 0.4ms
[2025-08-01T02:35:46.556+0000] GC(677) Eden regions: 89->0(89)
[2025-08-01T02:35:46.556+0000] GC(677) Survivor regions: 13->13(13)
[2025-08-01T02:35:46.556+0000] GC(677) Old regions: 1821->1912
[2025-08-01T02:35:46.556+0000] GC(677) Humongous regions: 0->0
[2025-08-01T02:35:46.556+0000] GC(677) Metaspace: 9706K(12544K)->9706K(12544K) NonClass: 8540K(11008K)->8540K(11008K) Class: 1166K(1536K)->1166K(1536K)
[2025-08-01T02:35:46.556+0000] GC(677) Pause Young (Normal) (G1 Evacuation Pause) 3843M->3847M(4096M) 109.387ms
[2025-08-01T02:35:46.556+0000] GC(677) User=0.74s Sys=0.05s Real=0.11s
[2025-08-01T02:35:46.629+0000] GC(678) Pause Young (Normal) (G1 Evacuation Pause)
[2025-08-01T02:35:46.629+0000] GC(678) Using 8 workers of 8 for evacuation
[2025-08-01T02:35:46.681+0000] GC(678) To-space exhausted
[2025-08-01T02:35:46.681+0000] GC(678)   Pre Evacuate Collection Set: 0.1ms
[2025-08-01T02:35:46.681+0000] GC(678)   Evacuate Collection Set: 42.3ms
[2025-08-01T02:35:46.681+0000] GC(678)   Post Evacuate Collection Set: 9.0ms
[2025-08-01T02:35:46.681+0000] GC(678)   Other: 0.4ms
[2025-08-01T02:35:46.681+0000] GC(678) Eden regions: 89->0(89)
[2025-08-01T02:35:46.681+0000] GC(678) Survivor regions: 13->13(13)
[2025-08-01T02:35:46.681+0000] GC(678) Old regions: 1912->2014
[2025-08-01T02:35:46.681+0000] GC(678) Humongous regions: 0->0
[2025-08-01T02:35:46.681+0000] GC(678) Metaspace: 9706K(12544K)->9706K(12544K) NonClass: 8540K(11008K)->8540K(11008K) Class: 1166K(1536K)->1166K(1536K)
[2025-08-01T02:35:46.681+0000] GC(678) Pause Young (Normal) (G1 Evacuation Pause) 4025M->4051M(4096M) 51.838ms
[2025-08-01T02:35:46.681+0000] GC(678) User=0.39s Sys=0.01s Real=0.05s
[2025-08-01T02:35:46.687+0000] GC(679) Pause Young (Normal) (G1 Evacuation Pause)
[2025-08-01T02:35:46.688+0000] GC(679) Using 8 workers of 8 for evacuation
[2025-08-01T02:35:46.701+0000] GC(679) To-space exhausted
[2025-08-01T02:35:46.701+0000] GC(679)   Pre Evacuate Collection Set: 0.1ms
[2025-08-01T02:35:46.701+0000] GC(679)   Evacuate Collection Set: 8.4ms
[2025-08-01T02:35:46.701+0000] GC(679)   Post Evacuate Collection Set: 4.5ms
[2025-08-01T02:35:46.701+0000] GC(679)   Other: 0.4ms
[2025-08-01T02:35:46.701+0000] GC(679) Eden regions: 21->0(102)
[2025-08-01T02:35:46.701+0000] GC(679) Survivor regions: 13->0(13)
[2025-08-01T02:35:46.701+0000] GC(679) Old regions: 2014->2048
[2025-08-01T02:35:46.701+0000] GC(679) Humongous regions: 0->0
[2025-08-01T02:35:46.701+0000] GC(679) Metaspace: 9706K(12544K)->9706K(12544K) NonClass: 8540K(11008K)->8540K(11008K) Class: 1166K(1536K)->1166K(1536K)
[2025-08-01T02:35:46.701+0000] GC(679) Pause Young (Normal) (G1 Evacuation Pause) 4093M->4093M(4096M) 13.595ms
[2025-08-01T02:35:46.701+0000] GC(679) User=0.08s Sys=0.01s Real=0.01s
[2025-08-01T02:35:46.701+0000] GC(680) Using 8 workers of 8 for full compaction
[2025-08-01T02:35:46.701+0000] GC(680) Pause Full (G1 Evacuation Pause)
[2025-08-01T02:35:46.709+0000] GC(680) Phase 1: Mark live objects
[2025-08-01T02:35:46.740+0000] GC(680) Cleaned string and symbol table, strings: 2833 processed, 0 removed, symbols: 23489 processed, 0 removed
[2025-08-01T02:35:46.741+0000] GC(680) Phase 1: Mark live objects 31.311ms
[2025-08-01T02:35:46.741+0000] GC(680) Phase 2: Prepare for compaction
[2025-08-01T02:35:46.774+0000] GC(680) Phase 2: Prepare for compaction 33.562ms
[2025-08-01T02:35:46.774+0000] GC(680) Phase 3: Adjust pointers
[2025-08-01T02:35:46.804+0000] GC(680) Phase 3: Adjust pointers 29.327ms
[2025-08-01T02:35:46.804+0000] GC(680) Phase 4: Compact heap
[2025-08-01T02:35:46.898+0000] GC(680) Phase 4: Compact heap 94.055ms
[2025-08-01T02:35:46.900+0000] GC(680) Eden regions: 0->0(478)
[2025-08-01T02:35:46.900+0000] GC(680) Survivor regions: 0->0(13)
[2025-08-01T02:35:46.900+0000] GC(680) Old regions: 2048->318
[2025-08-01T02:35:46.900+0000] GC(680) Humongous regions: 0->0
[2025-08-01T02:35:46.900+0000] GC(680) Metaspace: 9706K(12544K)->9706K(12544K) NonClass: 8540K(11008K)->8540K(11008K) Class: 1166K(1536K)->1166K(1536K)
[2025-08-01T02:35:46.900+0000] GC(680) Pause Full (G1 Evacuation Pause) 4093M->623M(4096M) 198.799ms
[2025-08-01T02:35:46.900+0000] GC(680) User=1.40s Sys=0.02s Real=0.20s
[2025-08-01T02:35:46.900+0000] GC(676) Concurrent Mark From Roots 477.523ms
[2025-08-01T02:35:46.900+0000] GC(676) Concurrent Mark Abort
[2025-08-01T02:35:46.900+0000] GC(676) Concurrent Cycle 483.799ms
[2025-08-01T02:35:47.142+0000] GC(681) Pause Young (Normal) (G1 Evacuation Pause)
[2025-08-01T02:35:47.142+0000] GC(681) Using 8 workers of 8 for evacuation
[2025-08-01T02:35:47.395+0000] GC(681) MMU target violated: 201.0ms (200.0ms/201.0ms)
[2025-08-01T02:35:47.396+0000] GC(681)   Pre Evacuate Collection Set: 0.1ms
[2025-08-01T02:35:47.396+0000] GC(681)   Evacuate Collection Set: 252.1ms
[2025-08-01T02:35:47.396+0000] GC(681)   Post Evacuate Collection Set: 1.0ms
[2025-08-01T02:35:47.396+0000] GC(681)   Other: 0.6ms
[2025-08-01T02:35:47.396+0000] GC(681) Eden regions: 478->0(346)
[2025-08-01T02:35:47.396+0000] GC(681) Survivor regions: 0->60(60)
[2025-08-01T02:35:47.396+0000] GC(681) Old regions: 318->704
[2025-08-01T02:35:47.396+0000] GC(681) Humongous regions: 0->0
[2025-08-01T02:35:47.396+0000] GC(681) Metaspace: 9706K(12544K)->9706K(12544K) NonClass: 8540K(11008K)->8540K(11008K) Class: 1166K(1536K)->1166K(1536K)
[2025-08-01T02:35:47.396+0000] GC(681) Pause Young (Normal) (G1 Evacuation Pause) 1579M->1515M(4096M) 253.849ms
[2025-08-01T02:35:47.396+0000] GC(681) User=1.87s Sys=0.08s Real=0.26s
[2025-08-01T02:35:47.515+0000] GC(682) Pause Young (Concurrent Start) (G1 Evacuation Pause)
[2025-08-01T02:35:47.515+0000] GC(682) Using 8 workers of 8 for evacuation
[2025-08-01T02:35:47.630+0000] GC(682)   Pre Evacuate Collection Set: 0.1ms
[2025-08-01T02:35:47.630+0000] GC(682)   Evacuate Collection Set: 113.2ms
[2025-08-01T02:35:47.630+0000] GC(682)   Post Evacuate Collection Set: 1.0ms
[2025-08-01T02:35:47.630+0000] GC(682)   Other: 1.0ms
[2025-08-01T02:35:47.630+0000] GC(682) Eden regions: 346->0(297)
[2025-08-01T02:35:47.630+0000] GC(682) Survivor regions: 60->51(51)
[2025-08-01T02:35:47.630+0000] GC(682) Old regions: 704->905
[2025-08-01T02:35:47.630+0000] GC(682) Humongous regions: 0->0
[2025-08-01T02:35:47.630+0000] GC(682) Metaspace: 9706K(12544K)->9706K(12544K) NonClass: 8540K(11008K)->8540K(11008K) Class: 1166K(1536K)->1166K(1536K)
[2025-08-01T02:35:47.630+0000] GC(682) Pause Young (Concurrent Start) (G1 Evacuation Pause) 2207M->1898M(4096M) 115.344ms
[2025-08-01T02:35:47.630+0000] GC(682) User=0.79s Sys=0.03s Real=0.11s
[2025-08-01T02:35:47.630+0000] GC(683) Concurrent Cycle
[2025-08-01T02:35:47.630+0000] GC(683) Concurrent Clear Claimed Marks
[2025-08-01T02:35:47.630+0000] GC(683) Concurrent Clear Claimed Marks 0.061ms
[2025-08-01T02:35:47.630+0000] GC(683) Concurrent Scan Root Regions
[2025-08-01T02:35:47.639+0000] GC(683) Concurrent Scan Root Regions 9.128ms
[2025-08-01T02:35:47.639+0000] GC(683) Concurrent Mark (86.635s)
[2025-08-01T02:35:47.639+0000] GC(683) Concurrent Mark From Roots
[2025-08-01T02:35:47.640+0000] GC(683) Using 2 workers of 2 for marking
[2025-08-01T02:35:47.785+0000] GC(684) Pause Young (Normal) (G1 Evacuation Pause)
[2025-08-01T02:35:47.785+0000] GC(684) Using 8 workers of 8 for evacuation
[2025-08-01T02:35:47.875+0000] GC(684)   Pre Evacuate Collection Set: 0.1ms
[2025-08-01T02:35:47.875+0000] GC(684)   Evacuate Collection Set: 88.9ms
[2025-08-01T02:35:47.875+0000] GC(684)   Post Evacuate Collection Set: 1.0ms
[2025-08-01T02:35:47.875+0000] GC(684)   Other: 0.5ms
[2025-08-01T02:35:47.875+0000] GC(684) Eden regions: 297->0(220)
[2025-08-01T02:35:47.875+0000] GC(684) Survivor regions: 51->44(44)
[2025-08-01T02:35:47.875+0000] GC(684) Old regions: 905->1133
[2025-08-01T02:35:47.875+0000] GC(684) Humongous regions: 0->0
[2025-08-01T02:35:47.875+0000] GC(684) Metaspace: 9706K(12544K)->9706K(12544K) NonClass: 8540K(11008K)->8540K(11008K) Class: 1166K(1536K)->1166K(1536K)
[2025-08-01T02:35:47.875+0000] GC(684) Pause Young (Normal) (G1 Evacuation Pause) 2492M->2340M(4096M) 90.584ms
[2025-08-01T02:35:47.875+0000] GC(684) User=0.69s Sys=0.02s Real=0.09s
[2025-08-01T02:35:47.903+0000] GC(683) Concurrent Mark From Roots 263.808ms
[2025-08-01T02:35:47.903+0000] GC(683) Concurrent Preclean
[2025-08-01T02:35:47.904+0000] GC(683) Concurrent Preclean 0.299ms
[2025-08-01T02:35:47.904+0000] GC(683) Concurrent Mark (86.635s, 86.899s) 264.203ms
[2025-08-01T02:35:47.904+0000] GC(683) Pause Remark
[2025-08-01T02:35:47.906+0000] GC(683) Cleaned string and symbol table, strings: 2833 processed, 0 removed, symbols: 23489 processed, 0 removed
[2025-08-01T02:35:47.907+0000] GC(683) Pause Remark 2569M->2121M(4096M) 2.833ms
[2025-08-01T02:35:47.907+0000] GC(683) User=0.01s Sys=0.01s Real=0.00s
[2025-08-01T02:35:47.907+0000] GC(683) Concurrent Rebuild Remembered Sets
[2025-08-01T02:35:47.966+0000] GC(685) Pause Young (Normal) (G1 Evacuation Pause)
[2025-08-01T02:35:47.966+0000] GC(685) Using 8 workers of 8 for evacuation
[2025-08-01T02:35:48.047+0000] GC(685)   Pre Evacuate Collection Set: 0.1ms
[2025-08-01T02:35:48.047+0000] GC(685)   Evacuate Collection Set: 79.5ms
[2025-08-01T02:35:48.047+0000] GC(685)   Post Evacuate Collection Set: 1.0ms
[2025-08-01T02:35:48.047+0000] GC(685)   Other: 0.3ms
[2025-08-01T02:35:48.047+0000] GC(685) Eden regions: 220->0(216)
[2025-08-01T02:35:48.047+0000] GC(685) Survivor regions: 44->33(33)
[2025-08-01T02:35:48.047+0000] GC(685) Old regions: 904->1136
[2025-08-01T02:35:48.047+0000] GC(685) Humongous regions: 0->0
[2025-08-01T02:35:48.047+0000] GC(685) Metaspace: 9706K(12544K)->9706K(12544K) NonClass: 8540K(11008K)->8540K(11008K) Class: 1166K(1536K)->1166K(1536K)
[2025-08-01T02:35:48.047+0000] GC(685) Pause Young (Normal) (G1 Evacuation Pause) 2332M->2335M(4096M) 81.135ms
[2025-08-01T02:35:48.047+0000] GC(685) User=0.63s Sys=0.01s Real=0.08s
[2025-08-01T02:35:48.139+0000] GC(686) Pause Young (Normal) (G1 Evacuation Pause)
[2025-08-01T02:35:48.139+0000] GC(686) Using 8 workers of 8 for evacuation
[2025-08-01T02:35:48.210+0000] GC(686)   Pre Evacuate Collection Set: 0.1ms
[2025-08-01T02:35:48.210+0000] GC(686)   Evacuate Collection Set: 70.1ms
[2025-08-01T02:35:48.210+0000] GC(686)   Post Evacuate Collection Set: 0.8ms
[2025-08-01T02:35:48.210+0000] GC(686)   Other: 0.4ms
[2025-08-01T02:35:48.210+0000] GC(686) Eden regions: 216->0(167)
[2025-08-01T02:35:48.210+0000] GC(686) Survivor regions: 33->32(32)
[2025-08-01T02:35:48.210+0000] GC(686) Old regions: 1136->1298
[2025-08-01T02:35:48.210+0000] GC(686) Humongous regions: 0->0
[2025-08-01T02:35:48.210+0000] GC(686) Metaspace: 9706K(12544K)->9706K(12544K) NonClass: 8540K(11008K)->8540K(11008K) Class: 1166K(1536K)->1166K(1536K)
[2025-08-01T02:35:48.210+0000] GC(686) Pause Young (Normal) (G1 Evacuation Pause) 2767M->2656M(4096M) 71.456ms
[2025-08-01T02:35:48.210+0000] GC(686) User=0.53s Sys=0.01s Real=0.07s
[2025-08-01T02:35:48.280+0000] GC(683) Concurrent Rebuild Remembered Sets 373.507ms
[2025-08-01T02:35:48.281+0000] GC(683) Pause Cleanup
[2025-08-01T02:35:48.282+0000] GC(683) Pause Cleanup 2932M->2932M(4096M) 0.838ms
[2025-08-01T02:35:48.282+0000] GC(683) User=0.01s Sys=0.00s Real=0.00s
[2025-08-01T02:35:48.282+0000] GC(683) Concurrent Cleanup for Next Mark
[2025-08-01T02:35:48.292+0000] GC(687) Pause Young (Prepare Mixed) (G1 Evacuation Pause)
[2025-08-01T02:35:48.292+0000] GC(687) Using 8 workers of 8 for evacuation
[2025-08-01T02:35:48.359+0000] GC(687)   Pre Evacuate Collection Set: 0.1ms
[2025-08-01T02:35:48.359+0000] GC(687)   Evacuate Collection Set: 65.5ms
[2025-08-01T02:35:48.359+0000] GC(687)   Post Evacuate Collection Set: 1.0ms
[2025-08-01T02:35:48.359+0000] GC(687)   Other: 0.3ms
[2025-08-01T02:35:48.359+0000] GC(687) Eden regions: 167->0(77)
[2025-08-01T02:35:48.359+0000] GC(687) Survivor regions: 32->25(25)
[2025-08-01T02:35:48.359+0000] GC(687) Old regions: 1298->1445
[2025-08-01T02:35:48.359+0000] GC(687) Humongous regions: 0->0
[2025-08-01T02:35:48.359+0000] GC(687) Metaspace: 9706K(12544K)->9706K(12544K) NonClass: 8540K(11008K)->8540K(11008K) Class: 1166K(1536K)->1166K(1536K)
[2025-08-01T02:35:48.360+0000] GC(687) Pause Young (Prepare Mixed) (G1 Evacuation Pause) 2990M->2937M(4096M) 67.092ms
[2025-08-01T02:35:48.360+0000] GC(687) User=0.49s Sys=0.02s Real=0.07s
[2025-08-01T02:35:48.368+0000] GC(683) Concurrent Cleanup for Next Mark 85.245ms
[2025-08-01T02:35:48.368+0000] GC(683) Concurrent Cycle 738.140ms
[2025-08-01T02:35:48.377+0000] GC(688) Pause Young (Mixed) (G1 Evacuation Pause)
[2025-08-01T02:35:48.377+0000] GC(688) Using 8 workers of 8 for evacuation
[2025-08-01T02:35:48.417+0000] GC(688)   Pre Evacuate Collection Set: 0.2ms
[2025-08-01T02:35:48.417+0000] GC(688)   Evacuate Collection Set: 38.4ms
[2025-08-01T02:35:48.417+0000] GC(688)   Post Evacuate Collection Set: 0.6ms
[2025-08-01T02:35:48.417+0000] GC(688)   Other: 0.3ms
[2025-08-01T02:35:48.417+0000] GC(688) Eden regions: 77->0(89)
[2025-08-01T02:35:48.417+0000] GC(688) Survivor regions: 25->13(13)
[2025-08-01T02:35:48.417+0000] GC(688) Old regions: 1445->1314
[2025-08-01T02:35:48.417+0000] GC(688) Humongous regions: 0->0
[2025-08-01T02:35:48.417+0000] GC(688) Metaspace: 9706K(12544K)->9706K(12544K) NonClass: 8540K(11008K)->8540K(11008K) Class: 1166K(1536K)->1166K(1536K)
[2025-08-01T02:35:48.417+0000] GC(688) Pause Young (Mixed) (G1 Evacuation Pause) 3091M->2650M(4096M) 39.702ms
[2025-08-01T02:35:48.417+0000] GC(688) User=0.29s Sys=0.01s Real=0.04s
[2025-08-01T02:35:48.438+0000] GC(689) Pause Young (Mixed) (G1 Evacuation Pause)
[2025-08-01T02:35:48.438+0000] GC(689) Using 8 workers of 8 for evacuation
[2025-08-01T02:35:48.483+0000] GC(689)   Pre Evacuate Collection Set: 0.1ms
[2025-08-01T02:35:48.483+0000] GC(689)   Evacuate Collection Set: 43.8ms
[2025-08-01T02:35:48.483+0000] GC(689)   Post Evacuate Collection Set: 0.6ms
[2025-08-01T02:35:48.483+0000] GC(689)   Other: 0.4ms
[2025-08-01T02:35:48.483+0000] GC(689) Eden regions: 89->0(139)
[2025-08-01T02:35:48.483+0000] GC(689) Survivor regions: 13->13(13)
[2025-08-01T02:35:48.483+0000] GC(689) Old regions: 1314->1402
[2025-08-01T02:35:48.483+0000] GC(689) Humongous regions: 0->0
[2025-08-01T02:35:48.483+0000] GC(689) Metaspace: 9706K(12544K)->9706K(12544K) NonClass: 8540K(11008K)->8540K(11008K) Class: 1166K(1536K)->1166K(1536K)
[2025-08-01T02:35:48.483+0000] GC(689) Pause Young (Mixed) (G1 Evacuation Pause) 2828M->2827M(4096M) 45.055ms
[2025-08-01T02:35:48.483+0000] GC(689) User=0.33s Sys=0.01s Real=0.05s
[2025-08-01T02:35:48.546+0000] GC(690) Pause Young (Concurrent Start) (G1 Evacuation Pause)
[2025-08-01T02:35:48.546+0000] GC(690) Using 8 workers of 8 for evacuation
[2025-08-01T02:35:48.626+0000] GC(690)   Pre Evacuate Collection Set: 0.1ms
[2025-08-01T02:35:48.626+0000] GC(690)   Evacuate Collection Set: 77.8ms
[2025-08-01T02:35:48.626+0000] GC(690)   Post Evacuate Collection Set: 0.9ms
[2025-08-01T02:35:48.626+0000] GC(690)   Other: 0.4ms
[2025-08-01T02:35:48.626+0000] GC(690) Eden regions: 139->0(96)
[2025-08-01T02:35:48.626+0000] GC(690) Survivor regions: 13->19(19)
[2025-08-01T02:35:48.626+0000] GC(690) Old regions: 1402->1519
[2025-08-01T02:35:48.626+0000] GC(690) Humongous regions: 0->0
[2025-08-01T02:35:48.626+0000] GC(690) Metaspace: 9706K(12544K)->9706K(12544K) NonClass: 8540K(11008K)->8540K(11008K) Class: 1166K(1536K)->1166K(1536K)
[2025-08-01T02:35:48.626+0000] GC(690) Pause Young (Concurrent Start) (G1 Evacuation Pause) 3105M->3073M(4096M) 79.391ms
[2025-08-01T02:35:48.626+0000] GC(690) User=0.58s Sys=0.02s Real=0.08s
[2025-08-01T02:35:48.626+0000] GC(691) Concurrent Cycle
[2025-08-01T02:35:48.626+0000] GC(691) Concurrent Clear Claimed Marks
[2025-08-01T02:35:48.626+0000] GC(691) Concurrent Clear Claimed Marks 0.061ms
[2025-08-01T02:35:48.626+0000] GC(691) Concurrent Scan Root Regions
[2025-08-01T02:35:48.632+0000] GC(691) Concurrent Scan Root Regions 6.337ms
[2025-08-01T02:35:48.633+0000] GC(691) Concurrent Mark (87.629s)
[2025-08-01T02:35:48.633+0000] GC(691) Concurrent Mark From Roots
[2025-08-01T02:35:48.633+0000] GC(691) Using 2 workers of 2 for marking
[2025-08-01T02:35:48.649+0000] GC(692) Pause Young (Normal) (G1 Evacuation Pause)
[2025-08-01T02:35:48.650+0000] GC(692) Using 8 workers of 8 for evacuation
[2025-08-01T02:35:48.692+0000] GC(692)   Pre Evacuate Collection Set: 0.1ms
[2025-08-01T02:35:48.692+0000] GC(692)   Evacuate Collection Set: 41.8ms
[2025-08-01T02:35:48.692+0000] GC(692)   Post Evacuate Collection Set: 0.7ms
[2025-08-01T02:35:48.692+0000] GC(692)   Other: 0.2ms
[2025-08-01T02:35:48.692+0000] GC(692) Eden regions: 96->0(87)
[2025-08-01T02:35:48.692+0000] GC(692) Survivor regions: 19->15(15)
[2025-08-01T02:35:48.692+0000] GC(692) Old regions: 1519->1621
[2025-08-01T02:35:48.692+0000] GC(692) Humongous regions: 0->0
[2025-08-01T02:35:48.692+0000] GC(692) Metaspace: 9706K(12544K)->9706K(12544K) NonClass: 8540K(11008K)->8540K(11008K) Class: 1166K(1536K)->1166K(1536K)
[2025-08-01T02:35:48.692+0000] GC(692) Pause Young (Normal) (G1 Evacuation Pause) 3265M->3269M(4096M) 42.932ms
[2025-08-01T02:35:48.692+0000] GC(692) User=0.30s Sys=0.01s Real=0.04s
[2025-08-01T02:35:48.755+0000] GC(693) Pause Young (Normal) (G1 Evacuation Pause)
[2025-08-01T02:35:48.756+0000] GC(693) Using 8 workers of 8 for evacuation
[2025-08-01T02:35:48.789+0000] GC(693)   Pre Evacuate Collection Set: 0.1ms
[2025-08-01T02:35:48.789+0000] GC(693)   Evacuate Collection Set: 32.6ms
[2025-08-01T02:35:48.789+0000] GC(693)   Post Evacuate Collection Set: 0.6ms
[2025-08-01T02:35:48.789+0000] GC(693)   Other: 0.3ms
[2025-08-01T02:35:48.789+0000] GC(693) Eden regions: 87->0(89)
[2025-08-01T02:35:48.789+0000] GC(693) Survivor regions: 15->13(13)
[2025-08-01T02:35:48.789+0000] GC(693) Old regions: 1621->1712
[2025-08-01T02:35:48.789+0000] GC(693) Humongous regions: 0->0
[2025-08-01T02:35:48.789+0000] GC(693) Metaspace: 9706K(12544K)->9706K(12544K) NonClass: 8540K(11008K)->8540K(11008K) Class: 1166K(1536K)->1166K(1536K)
[2025-08-01T02:35:48.789+0000] GC(693) Pause Young (Normal) (G1 Evacuation Pause) 3443M->3447M(4096M) 33.666ms
[2025-08-01T02:35:48.789+0000] GC(693) User=0.25s Sys=0.01s Real=0.03s
[2025-08-01T02:35:48.810+0000] GC(694) Pause Young (Normal) (G1 Evacuation Pause)
[2025-08-01T02:35:48.810+0000] GC(694) Using 8 workers of 8 for evacuation
[2025-08-01T02:35:48.846+0000] GC(694)   Pre Evacuate Collection Set: 0.1ms
[2025-08-01T02:35:48.846+0000] GC(694)   Evacuate Collection Set: 34.9ms
[2025-08-01T02:35:48.846+0000] GC(694)   Post Evacuate Collection Set: 0.4ms
[2025-08-01T02:35:48.846+0000] GC(694)   Other: 0.2ms
[2025-08-01T02:35:48.846+0000] GC(694) Eden regions: 89->0(89)
[2025-08-01T02:35:48.846+0000] GC(694) Survivor regions: 13->13(13)
[2025-08-01T02:35:48.846+0000] GC(694) Old regions: 1712->1803
[2025-08-01T02:35:48.846+0000] GC(694) Humongous regions: 0->0
[2025-08-01T02:35:48.846+0000] GC(694) Metaspace: 9706K(12544K)->9706K(12544K) NonClass: 8540K(11008K)->8540K(11008K) Class: 1166K(1536K)->1166K(1536K)
[2025-08-01T02:35:48.846+0000] GC(694) Pause Young (Normal) (G1 Evacuation Pause) 3625M->3628M(4096M) 35.885ms
[2025-08-01T02:35:48.846+0000] GC(694) User=0.26s Sys=0.00s Real=0.04s
[2025-08-01T02:35:48.886+0000] GC(691) Concurrent Mark From Roots 252.520ms
[2025-08-01T02:35:48.886+0000] GC(691) Concurrent Preclean
[2025-08-01T02:35:48.886+0000] GC(691) Concurrent Preclean 0.346ms
[2025-08-01T02:35:48.886+0000] GC(691) Concurrent Mark (87.629s, 87.882s) 253.196ms
[2025-08-01T02:35:48.887+0000] GC(691) Pause Remark
[2025-08-01T02:35:48.889+0000] GC(691) Cleaned string and symbol table, strings: 2833 processed, 0 removed, symbols: 23489 processed, 0 removed
[2025-08-01T02:35:48.891+0000] GC(691) Pause Remark 3761M->1561M(4096M) 4.383ms
[2025-08-01T02:35:48.891+0000] GC(691) User=0.01s Sys=0.01s Real=0.00s
[2025-08-01T02:35:48.891+0000] GC(691) Concurrent Rebuild Remembered Sets
[2025-08-01T02:35:48.910+0000] GC(695) Pause Young (Normal) (G1 Evacuation Pause)
[2025-08-01T02:35:48.910+0000] GC(695) Using 8 workers of 8 for evacuation
[2025-08-01T02:35:48.939+0000] GC(695)   Pre Evacuate Collection Set: 0.1ms
[2025-08-01T02:35:48.939+0000] GC(695)   Evacuate Collection Set: 27.9ms
[2025-08-01T02:35:48.939+0000] GC(695)   Post Evacuate Collection Set: 0.8ms
[2025-08-01T02:35:48.939+0000] GC(695)   Other: 0.2ms
[2025-08-01T02:35:48.939+0000] GC(695) Eden regions: 89->0(363)
[2025-08-01T02:35:48.939+0000] GC(695) Survivor regions: 13->13(13)
[2025-08-01T02:35:48.939+0000] GC(695) Old regions: 703->767
[2025-08-01T02:35:48.939+0000] GC(695) Humongous regions: 0->0
[2025-08-01T02:35:48.939+0000] GC(695) Metaspace: 9706K(12544K)->9706K(12544K) NonClass: 8540K(11008K)->8540K(11008K) Class: 1166K(1536K)->1166K(1536K)
[2025-08-01T02:35:48.939+0000] GC(695) Pause Young (Normal) (G1 Evacuation Pause) 1606M->1557M(4096M) 29.074ms
[2025-08-01T02:35:48.939+0000] GC(695) User=0.19s Sys=0.00s Real=0.03s
[2025-08-01T02:35:49.090+0000] GC(696) Pause Young (Normal) (G1 Evacuation Pause)
[2025-08-01T02:35:49.090+0000] GC(696) Using 8 workers of 8 for evacuation
[2025-08-01T02:35:49.171+0000] GC(696)   Pre Evacuate Collection Set: 0.1ms
[2025-08-01T02:35:49.171+0000] GC(696)   Evacuate Collection Set: 79.8ms
[2025-08-01T02:35:49.171+0000] GC(696)   Post Evacuate Collection Set: 1.0ms
[2025-08-01T02:35:49.171+0000] GC(696)   Other: 0.3ms
[2025-08-01T02:35:49.172+0000] GC(696) Eden regions: 363->0(279)
[2025-08-01T02:35:49.172+0000] GC(696) Survivor regions: 13->47(47)
[2025-08-01T02:35:49.172+0000] GC(696) Old regions: 767->976
[2025-08-01T02:35:49.172+0000] GC(696) Humongous regions: 0->0
[2025-08-01T02:35:49.172+0000] GC(696) Metaspace: 9706K(12544K)->9706K(12544K) NonClass: 8540K(11008K)->8540K(11008K) Class: 1166K(1536K)->1166K(1536K)
[2025-08-01T02:35:49.172+0000] GC(696) Pause Young (Normal) (G1 Evacuation Pause) 2283M->2043M(4096M) 81.388ms
[2025-08-01T02:35:49.172+0000] GC(696) User=0.60s Sys=0.01s Real=0.08s
[2025-08-01T02:35:49.215+0000] GC(691) Concurrent Rebuild Remembered Sets 323.824ms
[2025-08-01T02:35:49.215+0000] GC(691) Pause Cleanup
[2025-08-01T02:35:49.216+0000] GC(691) Pause Cleanup 2359M->2359M(4096M) 0.787ms
[2025-08-01T02:35:49.216+0000] GC(691) User=0.00s Sys=0.00s Real=0.00s
[2025-08-01T02:35:49.216+0000] GC(691) Concurrent Cleanup for Next Mark
[2025-08-01T02:35:49.223+0000] GC(691) Concurrent Cleanup for Next Mark 6.855ms
[2025-08-01T02:35:49.223+0000] GC(691) Concurrent Cycle 597.199ms
[2025-08-01T02:35:49.268+0000] GC(697) Pause Young (Prepare Mixed) (G1 Evacuation Pause)
[2025-08-01T02:35:49.268+0000] GC(697) Using 8 workers of 8 for evacuation
[2025-08-01T02:35:49.382+0000] GC(697)   Pre Evacuate Collection Set: 0.1ms
[2025-08-01T02:35:49.382+0000] GC(697)   Evacuate Collection Set: 113.1ms
[2025-08-01T02:35:49.383+0000] GC(697)   Post Evacuate Collection Set: 1.1ms
[2025-08-01T02:35:49.383+0000] GC(697)   Other: 0.4ms
[2025-08-01T02:35:49.383+0000] GC(697) Eden regions: 279->0(61)
[2025-08-01T02:35:49.383+0000] GC(697) Survivor regions: 47->41(41)
[2025-08-01T02:35:49.383+0000] GC(697) Old regions: 976->1204
[2025-08-01T02:35:49.383+0000] GC(697) Humongous regions: 0->0
[2025-08-01T02:35:49.383+0000] GC(697) Metaspace: 9706K(12544K)->9706K(12544K) NonClass: 8540K(11008K)->8540K(11008K) Class: 1166K(1536K)->1166K(1536K)
[2025-08-01T02:35:49.383+0000] GC(697) Pause Young (Prepare Mixed) (G1 Evacuation Pause) 2601M->2487M(4096M) 114.765ms
[2025-08-01T02:35:49.383+0000] GC(697) User=0.88s Sys=0.02s Real=0.11s
[2025-08-01T02:35:49.393+0000] GC(698) Pause Young (Mixed) (G1 Evacuation Pause)
[2025-08-01T02:35:49.393+0000] GC(698) Using 8 workers of 8 for evacuation
[2025-08-01T02:35:49.425+0000] GC(698)   Pre Evacuate Collection Set: 0.1ms
[2025-08-01T02:35:49.426+0000] GC(698)   Evacuate Collection Set: 30.5ms
[2025-08-01T02:35:49.426+0000] GC(698)   Post Evacuate Collection Set: 1.0ms
[2025-08-01T02:35:49.426+0000] GC(698)   Other: 0.5ms
[2025-08-01T02:35:49.426+0000] GC(698) Eden regions: 61->0(186)
[2025-08-01T02:35:49.426+0000] GC(698) Survivor regions: 41->13(13)
[2025-08-01T02:35:49.426+0000] GC(698) Old regions: 1204->1263
[2025-08-01T02:35:49.426+0000] GC(698) Humongous regions: 0->0
[2025-08-01T02:35:49.426+0000] GC(698) Metaspace: 9706K(12544K)->9706K(12544K) NonClass: 8540K(11008K)->8540K(11008K) Class: 1166K(1536K)->1166K(1536K)
[2025-08-01T02:35:49.426+0000] GC(698) Pause Young (Mixed) (G1 Evacuation Pause) 2609M->2549M(4096M) 32.290ms
[2025-08-01T02:35:49.426+0000] GC(698) User=0.24s Sys=0.00s Real=0.03s
[2025-08-01T02:35:49.503+0000] GC(699) Pause Young (Concurrent Start) (G1 Evacuation Pause)
[2025-08-01T02:35:49.503+0000] GC(699) Using 8 workers of 8 for evacuation
[2025-08-01T02:35:49.595+0000] GC(699)   Pre Evacuate Collection Set: 0.7ms
[2025-08-01T02:35:49.595+0000] GC(699)   Evacuate Collection Set: 89.6ms
[2025-08-01T02:35:49.595+0000] GC(699)   Post Evacuate Collection Set: 1.1ms
[2025-08-01T02:35:49.595+0000] GC(699)   Other: 0.5ms
[2025-08-01T02:35:49.595+0000] GC(699) Eden regions: 186->0(118)
[2025-08-01T02:35:49.595+0000] GC(699) Survivor regions: 13->25(25)
[2025-08-01T02:35:49.595+0000] GC(699) Old regions: 1263->1438
[2025-08-01T02:35:49.595+0000] GC(699) Humongous regions: 0->0
[2025-08-01T02:35:49.595+0000] GC(699) Metaspace: 9706K(12544K)->9706K(12544K) NonClass: 8540K(11008K)->8540K(11008K) Class: 1166K(1536K)->1166K(1536K)
[2025-08-01T02:35:49.595+0000] GC(699) Pause Young (Concurrent Start) (G1 Evacuation Pause) 2921M->2923M(4096M) 92.061ms
[2025-08-01T02:35:49.595+0000] GC(699) User=0.68s Sys=0.02s Real=0.09s
[2025-08-01T02:35:49.596+0000] GC(700) Concurrent Cycle
[2025-08-01T02:35:49.596+0000] GC(700) Concurrent Clear Claimed Marks
[2025-08-01T02:35:49.596+0000] GC(700) Concurrent Clear Claimed Marks 0.060ms
[2025-08-01T02:35:49.596+0000] GC(700) Concurrent Scan Root Regions
[2025-08-01T02:35:49.603+0000] GC(700) Concurrent Scan Root Regions 7.727ms
[2025-08-01T02:35:49.604+0000] GC(700) Concurrent Mark (88.599s)
[2025-08-01T02:35:49.604+0000] GC(700) Concurrent Mark From Roots
[2025-08-01T02:35:49.604+0000] GC(700) Using 2 workers of 2 for marking
[2025-08-01T02:35:49.664+0000] GC(701) Pause Young (Normal) (G1 Evacuation Pause)
[2025-08-01T02:35:49.664+0000] GC(701) Using 8 workers of 8 for evacuation
[2025-08-01T02:35:49.692+0000] GC(701)   Pre Evacuate Collection Set: 0.5ms
[2025-08-01T02:35:49.692+0000] GC(701)   Evacuate Collection Set: 26.8ms
[2025-08-01T02:35:49.692+0000] GC(701)   Post Evacuate Collection Set: 0.8ms
[2025-08-01T02:35:49.692+0000] GC(701)   Other: 0.5ms
[2025-08-01T02:35:49.692+0000] GC(701) Eden regions: 118->0(107)
[2025-08-01T02:35:49.692+0000] GC(701) Survivor regions: 25->18(18)
[2025-08-01T02:35:49.692+0000] GC(701) Old regions: 1438->1498
[2025-08-01T02:35:49.692+0000] GC(701) Humongous regions: 0->0
[2025-08-01T02:35:49.692+0000] GC(701) Metaspace: 9706K(12544K)->9706K(12544K) NonClass: 8540K(11008K)->8540K(11008K) Class: 1166K(1536K)->1166K(1536K)
[2025-08-01T02:35:49.692+0000] GC(701) Pause Young (Normal) (G1 Evacuation Pause) 3159M->3029M(4096M) 28.786ms
[2025-08-01T02:35:49.692+0000] GC(701) User=0.21s Sys=0.00s Real=0.02s
[2025-08-01T02:35:49.717+0000] GC(702) Pause Young (Normal) (G1 Evacuation Pause)
[2025-08-01T02:35:49.717+0000] GC(702) Using 8 workers of 8 for evacuation
[2025-08-01T02:35:49.755+0000] GC(702)   Pre Evacuate Collection Set: 0.1ms
[2025-08-01T02:35:49.755+0000] GC(702)   Evacuate Collection Set: 36.9ms
[2025-08-01T02:35:49.755+0000] GC(702)   Post Evacuate Collection Set: 0.6ms
[2025-08-01T02:35:49.755+0000] GC(702)   Other: 0.2ms
[2025-08-01T02:35:49.755+0000] GC(702) Eden regions: 107->0(86)
[2025-08-01T02:35:49.755+0000] GC(702) Survivor regions: 18->16(16)
[2025-08-01T02:35:49.755+0000] GC(702) Old regions: 1498->1609
[2025-08-01T02:35:49.755+0000] GC(702) Humongous regions: 0->0
[2025-08-01T02:35:49.755+0000] GC(702) Metaspace: 9706K(12544K)->9706K(12544K) NonClass: 8540K(11008K)->8540K(11008K) Class: 1166K(1536K)->1166K(1536K)
[2025-08-01T02:35:49.755+0000] GC(702) Pause Young (Normal) (G1 Evacuation Pause) 3243M->3247M(4096M) 38.004ms
[2025-08-01T02:35:49.755+0000] GC(702) User=0.28s Sys=0.00s Real=0.04s
[2025-08-01T02:35:49.823+0000] GC(703) Pause Young (Normal) (G1 Evacuation Pause)
[2025-08-01T02:35:49.823+0000] GC(703) Using 8 workers of 8 for evacuation
[2025-08-01T02:35:49.854+0000] GC(703)   Pre Evacuate Collection Set: 0.1ms
[2025-08-01T02:35:49.854+0000] GC(703)   Evacuate Collection Set: 29.8ms
[2025-08-01T02:35:49.854+0000] GC(703)   Post Evacuate Collection Set: 0.7ms
[2025-08-01T02:35:49.854+0000] GC(703)   Other: 0.3ms
[2025-08-01T02:35:49.854+0000] GC(703) Eden regions: 86->0(89)
[2025-08-01T02:35:49.854+0000] GC(703) Survivor regions: 16->13(13)
[2025-08-01T02:35:49.854+0000] GC(703) Old regions: 1609->1687
[2025-08-01T02:35:49.854+0000] GC(703) Humongous regions: 0->0
[2025-08-01T02:35:49.854+0000] GC(703) Metaspace: 9706K(12544K)->9706K(12544K) NonClass: 8540K(11008K)->8540K(11008K) Class: 1166K(1536K)->1166K(1536K)
[2025-08-01T02:35:49.854+0000] GC(703) Pause Young (Normal) (G1 Evacuation Pause) 3419M->3396M(4096M) 31.012ms
[2025-08-01T02:35:49.854+0000] GC(703) User=0.23s Sys=0.00s Real=0.03s
[2025-08-01T02:35:49.872+0000] GC(704) Pause Young (Normal) (G1 Evacuation Pause)
[2025-08-01T02:35:49.872+0000] GC(704) Using 8 workers of 8 for evacuation
[2025-08-01T02:35:49.904+0000] GC(704)   Pre Evacuate Collection Set: 0.1ms
[2025-08-01T02:35:49.904+0000] GC(704)   Evacuate Collection Set: 31.1ms
[2025-08-01T02:35:49.904+0000] GC(704)   Post Evacuate Collection Set: 0.8ms
[2025-08-01T02:35:49.905+0000] GC(704)   Other: 0.3ms
[2025-08-01T02:35:49.905+0000] GC(704) Eden regions: 89->0(89)
[2025-08-01T02:35:49.905+0000] GC(704) Survivor regions: 13->13(13)
[2025-08-01T02:35:49.905+0000] GC(704) Old regions: 1687->1778
[2025-08-01T02:35:49.905+0000] GC(704) Humongous regions: 0->0
[2025-08-01T02:35:49.905+0000] GC(704) Metaspace: 9706K(12544K)->9706K(12544K) NonClass: 8540K(11008K)->8540K(11008K) Class: 1166K(1536K)->1166K(1536K)
[2025-08-01T02:35:49.905+0000] GC(704) Pause Young (Normal) (G1 Evacuation Pause) 3574M->3579M(4096M) 32.393ms
[2025-08-01T02:35:49.905+0000] GC(704) User=0.24s Sys=0.01s Real=0.04s
[2025-08-01T02:35:49.972+0000] GC(705) Pause Young (Normal) (G1 Evacuation Pause)
[2025-08-01T02:35:49.972+0000] GC(705) Using 8 workers of 8 for evacuation
[2025-08-01T02:35:50.004+0000] GC(705)   Pre Evacuate Collection Set: 0.1ms
[2025-08-01T02:35:50.004+0000] GC(705)   Evacuate Collection Set: 30.3ms
[2025-08-01T02:35:50.004+0000] GC(705)   Post Evacuate Collection Set: 0.6ms
[2025-08-01T02:35:50.004+0000] GC(705)   Other: 0.3ms
[2025-08-01T02:35:50.004+0000] GC(705) Eden regions: 89->0(89)
[2025-08-01T02:35:50.004+0000] GC(705) Survivor regions: 13->13(13)
[2025-08-01T02:35:50.004+0000] GC(705) Old regions: 1778->1869
[2025-08-01T02:35:50.004+0000] GC(705) Humongous regions: 0->0
[2025-08-01T02:35:50.004+0000] GC(705) Metaspace: 9706K(12544K)->9706K(12544K) NonClass: 8540K(11008K)->8540K(11008K) Class: 1166K(1536K)->1166K(1536K)
[2025-08-01T02:35:50.004+0000] GC(705) Pause Young (Normal) (G1 Evacuation Pause) 3757M->3761M(4096M) 31.491ms
[2025-08-01T02:35:50.004+0000] GC(705) User=0.24s Sys=0.00s Real=0.04s
[2025-08-01T02:35:50.023+0000] GC(706) Pause Young (Normal) (G1 Evacuation Pause)
[2025-08-01T02:35:50.023+0000] GC(706) Using 8 workers of 8 for evacuation
[2025-08-01T02:35:50.059+0000] GC(706) To-space exhausted
[2025-08-01T02:35:50.059+0000] GC(706)   Pre Evacuate Collection Set: 0.1ms
[2025-08-01T02:35:50.059+0000] GC(706)   Evacuate Collection Set: 30.5ms
[2025-08-01T02:35:50.059+0000] GC(706)   Post Evacuate Collection Set: 4.9ms
[2025-08-01T02:35:50.059+0000] GC(706)   Other: 0.4ms
[2025-08-01T02:35:50.059+0000] GC(706) Eden regions: 89->0(89)
[2025-08-01T02:35:50.059+0000] GC(706) Survivor regions: 13->13(13)
[2025-08-01T02:35:50.059+0000] GC(706) Old regions: 1869->1977
[2025-08-01T02:35:50.059+0000] GC(706) Humongous regions: 0->0
[2025-08-01T02:35:50.059+0000] GC(706) Metaspace: 9706K(12544K)->9706K(12544K) NonClass: 8540K(11008K)->8540K(11008K) Class: 1166K(1536K)->1166K(1536K)
[2025-08-01T02:35:50.059+0000] GC(706) Pause Young (Normal) (G1 Evacuation Pause) 3939M->3977M(4096M) 36.058ms
[2025-08-01T02:35:50.059+0000] GC(706) User=0.26s Sys=0.00s Real=0.03s
[2025-08-01T02:35:50.076+0000] GC(700) Concurrent Mark From Roots 471.955ms
[2025-08-01T02:35:50.076+0000] GC(700) Concurrent Preclean
[2025-08-01T02:35:50.076+0000] GC(700) Concurrent Preclean 0.406ms
[2025-08-01T02:35:50.076+0000] GC(700) Concurrent Mark (88.599s, 89.072s) 472.467ms
[2025-08-01T02:35:50.076+0000] GC(700) Pause Remark
[2025-08-01T02:35:50.080+0000] GC(700) Cleaned string and symbol table, strings: 2833 processed, 0 removed, symbols: 23489 processed, 0 removed
[2025-08-01T02:35:50.081+0000] GC(700) Pause Remark 4074M->2624M(4096M) 4.546ms
[2025-08-01T02:35:50.081+0000] GC(700) User=0.02s Sys=0.00s Real=0.00s
[2025-08-01T02:35:50.081+0000] GC(700) Concurrent Rebuild Remembered Sets
[2025-08-01T02:35:50.126+0000] GC(707) Pause Young (Normal) (G1 Evacuation Pause)
[2025-08-01T02:35:50.127+0000] GC(707) Using 8 workers of 8 for evacuation
[2025-08-01T02:35:50.156+0000] GC(707)   Pre Evacuate Collection Set: 0.3ms
[2025-08-01T02:35:50.156+0000] GC(707)   Evacuate Collection Set: 28.2ms
[2025-08-01T02:35:50.156+0000] GC(707)   Post Evacuate Collection Set: 0.8ms
[2025-08-01T02:35:50.156+0000] GC(707)   Other: 0.5ms
[2025-08-01T02:35:50.156+0000] GC(707) Eden regions: 89->0(165)
[2025-08-01T02:35:50.156+0000] GC(707) Survivor regions: 13->13(13)
[2025-08-01T02:35:50.156+0000] GC(707) Old regions: 1252->1326
[2025-08-01T02:35:50.156+0000] GC(707) Humongous regions: 0->0
[2025-08-01T02:35:50.156+0000] GC(707) Metaspace: 9706K(12544K)->9706K(12544K) NonClass: 8540K(11008K)->8540K(11008K) Class: 1166K(1536K)->1166K(1536K)
[2025-08-01T02:35:50.156+0000] GC(707) Pause Young (Normal) (G1 Evacuation Pause) 2705M->2675M(4096M) 30.005ms
[2025-08-01T02:35:50.156+0000] GC(707) User=0.21s Sys=0.01s Real=0.03s
[2025-08-01T02:35:50.239+0000] GC(708) Pause Young (Normal) (G1 Evacuation Pause)
[2025-08-01T02:35:50.239+0000] GC(708) Using 8 workers of 8 for evacuation
[2025-08-01T02:35:50.295+0000] GC(708)   Pre Evacuate Collection Set: 0.1ms
[2025-08-01T02:35:50.295+0000] GC(708)   Evacuate Collection Set: 54.7ms
[2025-08-01T02:35:50.295+0000] GC(708)   Post Evacuate Collection Set: 1.0ms
[2025-08-01T02:35:50.295+0000] GC(708)   Other: 0.3ms
[2025-08-01T02:35:50.295+0000] GC(708) Eden regions: 165->0(107)
[2025-08-01T02:35:50.295+0000] GC(708) Survivor regions: 13->23(23)
[2025-08-01T02:35:50.295+0000] GC(708) Old regions: 1326->1483
[2025-08-01T02:35:50.295+0000] GC(708) Humongous regions: 0->0
[2025-08-01T02:35:50.295+0000] GC(708) Metaspace: 9706K(12544K)->9706K(12544K) NonClass: 8540K(11008K)->8540K(11008K) Class: 1166K(1536K)->1166K(1536K)
[2025-08-01T02:35:50.295+0000] GC(708) Pause Young (Normal) (G1 Evacuation Pause) 3005M->3009M(4096M) 56.183ms
[2025-08-01T02:35:50.295+0000] GC(708) User=0.40s Sys=0.00s Real=0.06s
[2025-08-01T02:35:50.317+0000] GC(709) Pause Young (Normal) (G1 Evacuation Pause)
[2025-08-01T02:35:50.317+0000] GC(709) Using 8 workers of 8 for evacuation
[2025-08-01T02:35:50.390+0000] GC(709)   Pre Evacuate Collection Set: 0.1ms
[2025-08-01T02:35:50.390+0000] GC(709)   Evacuate Collection Set: 71.5ms
[2025-08-01T02:35:50.390+0000] GC(709)   Post Evacuate Collection Set: 0.7ms
[2025-08-01T02:35:50.390+0000] GC(709)   Other: 0.7ms
[2025-08-01T02:35:50.390+0000] GC(709) Eden regions: 107->0(85)
[2025-08-01T02:35:50.390+0000] GC(709) Survivor regions: 23->17(17)
[2025-08-01T02:35:50.390+0000] GC(709) Old regions: 1483->1597
[2025-08-01T02:35:50.390+0000] GC(709) Humongous regions: 0->0
[2025-08-01T02:35:50.390+0000] GC(709) Metaspace: 9706K(12544K)->9706K(12544K) NonClass: 8540K(11008K)->8540K(11008K) Class: 1166K(1536K)->1166K(1536K)
[2025-08-01T02:35:50.390+0000] GC(709) Pause Young (Normal) (G1 Evacuation Pause) 3223M->3225M(4096M) 73.169ms
[2025-08-01T02:35:50.390+0000] GC(709) User=0.54s Sys=0.02s Real=0.07s
[2025-08-01T02:35:50.458+0000] GC(710) Pause Young (Normal) (G1 Evacuation Pause)
[2025-08-01T02:35:50.458+0000] GC(710) Using 8 workers of 8 for evacuation
[2025-08-01T02:35:50.492+0000] GC(710)   Pre Evacuate Collection Set: 0.1ms
[2025-08-01T02:35:50.493+0000] GC(710)   Evacuate Collection Set: 33.3ms
[2025-08-01T02:35:50.493+0000] GC(710)   Post Evacuate Collection Set: 0.7ms
[2025-08-01T02:35:50.493+0000] GC(710)   Other: 0.3ms
[2025-08-01T02:35:50.493+0000] GC(710) Eden regions: 85->0(89)
[2025-08-01T02:35:50.493+0000] GC(710) Survivor regions: 17->13(13)
[2025-08-01T02:35:50.493+0000] GC(710) Old regions: 1597->1651
[2025-08-01T02:35:50.493+0000] GC(710) Humongous regions: 0->0
[2025-08-01T02:35:50.493+0000] GC(710) Metaspace: 9706K(12544K)->9706K(12544K) NonClass: 8540K(11008K)->8540K(11008K) Class: 1166K(1536K)->1166K(1536K)
[2025-08-01T02:35:50.493+0000] GC(710) Pause Young (Normal) (G1 Evacuation Pause) 3395M->3324M(4096M) 34.482ms
[2025-08-01T02:35:50.493+0000] GC(710) User=0.24s Sys=0.01s Real=0.03s
[2025-08-01T02:35:50.515+0000] GC(711) Pause Young (Normal) (G1 Evacuation Pause)
[2025-08-01T02:35:50.515+0000] GC(711) Using 8 workers of 8 for evacuation
[2025-08-01T02:35:50.550+0000] GC(711)   Pre Evacuate Collection Set: 0.1ms
[2025-08-01T02:35:50.550+0000] GC(711)   Evacuate Collection Set: 34.3ms
[2025-08-01T02:35:50.550+0000] GC(711)   Post Evacuate Collection Set: 0.7ms
[2025-08-01T02:35:50.550+0000] GC(711)   Other: 0.4ms
[2025-08-01T02:35:50.550+0000] GC(711) Eden regions: 89->0(89)
[2025-08-01T02:35:50.550+0000] GC(711) Survivor regions: 13->13(13)
[2025-08-01T02:35:50.550+0000] GC(711) Old regions: 1651->1741
[2025-08-01T02:35:50.550+0000] GC(711) Humongous regions: 0->0
[2025-08-01T02:35:50.550+0000] GC(711) Metaspace: 9706K(12544K)->9706K(12544K) NonClass: 8540K(11008K)->8540K(11008K) Class: 1166K(1536K)->1166K(1536K)
[2025-08-01T02:35:50.550+0000] GC(711) Pause Young (Normal) (G1 Evacuation Pause) 3502M->3505M(4096M) 35.630ms
[2025-08-01T02:35:50.550+0000] GC(711) User=0.25s Sys=0.01s Real=0.03s
[2025-08-01T02:35:50.616+0000] GC(712) Pause Young (Normal) (G1 Evacuation Pause)
[2025-08-01T02:35:50.616+0000] GC(712) Using 8 workers of 8 for evacuation
[2025-08-01T02:35:50.644+0000] GC(712)   Pre Evacuate Collection Set: 0.1ms
[2025-08-01T02:35:50.645+0000] GC(712)   Evacuate Collection Set: 27.5ms
[2025-08-01T02:35:50.645+0000] GC(712)   Post Evacuate Collection Set: 0.8ms
[2025-08-01T02:35:50.645+0000] GC(712)   Other: 0.4ms
[2025-08-01T02:35:50.645+0000] GC(712) Eden regions: 89->0(89)
[2025-08-01T02:35:50.645+0000] GC(712) Survivor regions: 13->13(13)
[2025-08-01T02:35:50.645+0000] GC(712) Old regions: 1741->1823
[2025-08-01T02:35:50.645+0000] GC(712) Humongous regions: 0->0
[2025-08-01T02:35:50.645+0000] GC(712) Metaspace: 9706K(12544K)->9706K(12544K) NonClass: 8540K(11008K)->8540K(11008K) Class: 1166K(1536K)->1166K(1536K)
[2025-08-01T02:35:50.645+0000] GC(712) Pause Young (Normal) (G1 Evacuation Pause) 3683M->3668M(4096M) 28.940ms
[2025-08-01T02:35:50.645+0000] GC(712) User=0.21s Sys=0.00s Real=0.03s
[2025-08-01T02:35:50.665+0000] GC(713) Pause Young (Normal) (G1 Evacuation Pause)
[2025-08-01T02:35:50.665+0000] GC(713) Using 8 workers of 8 for evacuation
[2025-08-01T02:35:50.702+0000] GC(713)   Pre Evacuate Collection Set: 0.1ms
[2025-08-01T02:35:50.702+0000] GC(713)   Evacuate Collection Set: 36.1ms
[2025-08-01T02:35:50.702+0000] GC(713)   Post Evacuate Collection Set: 0.8ms
[2025-08-01T02:35:50.702+0000] GC(713)   Other: 0.3ms
[2025-08-01T02:35:50.702+0000] GC(713) Eden regions: 89->0(89)
[2025-08-01T02:35:50.702+0000] GC(713) Survivor regions: 13->13(13)
[2025-08-01T02:35:50.702+0000] GC(713) Old regions: 1823->1914
[2025-08-01T02:35:50.702+0000] GC(713) Humongous regions: 0->0
[2025-08-01T02:35:50.702+0000] GC(713) Metaspace: 9706K(12544K)->9706K(12544K) NonClass: 8540K(11008K)->8540K(11008K) Class: 1166K(1536K)->1166K(1536K)
[2025-08-01T02:35:50.702+0000] GC(713) Pause Young (Normal) (G1 Evacuation Pause) 3846M->3850M(4096M) 37.460ms
[2025-08-01T02:35:50.703+0000] GC(713) User=0.27s Sys=0.01s Real=0.03s
[2025-08-01T02:35:50.766+0000] GC(714) Pause Young (Normal) (G1 Evacuation Pause)
[2025-08-01T02:35:50.766+0000] GC(714) Using 8 workers of 8 for evacuation
[2025-08-01T02:35:50.801+0000] GC(714) To-space exhausted
[2025-08-01T02:35:50.801+0000] GC(714)   Pre Evacuate Collection Set: 0.1ms
[2025-08-01T02:35:50.801+0000] GC(714)   Evacuate Collection Set: 22.7ms
[2025-08-01T02:35:50.801+0000] GC(714)   Post Evacuate Collection Set: 12.1ms
[2025-08-01T02:35:50.801+0000] GC(714)   Other: 0.3ms
[2025-08-01T02:35:50.801+0000] GC(714) Eden regions: 89->0(89)
[2025-08-01T02:35:50.801+0000] GC(714) Survivor regions: 13->13(13)
[2025-08-01T02:35:50.801+0000] GC(714) Old regions: 1914->2015
[2025-08-01T02:35:50.801+0000] GC(714) Humongous regions: 0->0
[2025-08-01T02:35:50.801+0000] GC(714) Metaspace: 9706K(12544K)->9706K(12544K) NonClass: 8540K(11008K)->8540K(11008K) Class: 1166K(1536K)->1166K(1536K)
[2025-08-01T02:35:50.801+0000] GC(714) Pause Young (Normal) (G1 Evacuation Pause) 4028M->4053M(4096M) 35.292ms
[2025-08-01T02:35:50.802+0000] GC(714) User=0.24s Sys=0.01s Real=0.03s
[2025-08-01T02:35:50.806+0000] GC(715) Pause Young (Normal) (G1 Evacuation Pause)
[2025-08-01T02:35:50.806+0000] GC(715) Using 8 workers of 8 for evacuation
[2025-08-01T02:35:50.819+0000] GC(715) To-space exhausted
[2025-08-01T02:35:50.819+0000] GC(715)   Pre Evacuate Collection Set: 0.1ms
[2025-08-01T02:35:50.819+0000] GC(715)   Evacuate Collection Set: 8.1ms
[2025-08-01T02:35:50.819+0000] GC(715)   Post Evacuate Collection Set: 4.2ms
[2025-08-01T02:35:50.819+0000] GC(715)   Other: 0.3ms
[2025-08-01T02:35:50.819+0000] GC(715) Eden regions: 20->0(102)
[2025-08-01T02:35:50.819+0000] GC(715) Survivor regions: 13->0(13)
[2025-08-01T02:35:50.819+0000] GC(715) Old regions: 2015->2048
[2025-08-01T02:35:50.819+0000] GC(715) Humongous regions: 0->0
[2025-08-01T02:35:50.819+0000] GC(715) Metaspace: 9706K(12544K)->9706K(12544K) NonClass: 8540K(11008K)->8540K(11008K) Class: 1166K(1536K)->1166K(1536K)
[2025-08-01T02:35:50.819+0000] GC(715) Pause Young (Normal) (G1 Evacuation Pause) 4093M->4093M(4096M) 12.871ms
[2025-08-01T02:35:50.819+0000] GC(715) User=0.08s Sys=0.00s Real=0.01s
[2025-08-01T02:35:50.819+0000] GC(716) Using 8 workers of 8 for full compaction
[2025-08-01T02:35:50.819+0000] GC(716) Pause Full (G1 Evacuation Pause)
[2025-08-01T02:35:50.825+0000] GC(716) Phase 1: Mark live objects
[2025-08-01T02:35:50.872+0000] GC(716) Cleaned string and symbol table, strings: 2833 processed, 0 removed, symbols: 23489 processed, 0 removed
[2025-08-01T02:35:50.872+0000] GC(716) Phase 1: Mark live objects 47.707ms
[2025-08-01T02:35:50.872+0000] GC(716) Phase 2: Prepare for compaction
[2025-08-01T02:35:50.912+0000] GC(716) Phase 2: Prepare for compaction 39.424ms
[2025-08-01T02:35:50.912+0000] GC(716) Phase 3: Adjust pointers
[2025-08-01T02:35:50.943+0000] GC(716) Phase 3: Adjust pointers 31.541ms
[2025-08-01T02:35:50.943+0000] GC(716) Phase 4: Compact heap
[2025-08-01T02:35:51.075+0000] GC(716) Phase 4: Compact heap 131.611ms
[2025-08-01T02:35:51.077+0000] GC(716) Eden regions: 0->0(465)
[2025-08-01T02:35:51.077+0000] GC(716) Survivor regions: 0->0(13)
[2025-08-01T02:35:51.077+0000] GC(716) Old regions: 2048->472
[2025-08-01T02:35:51.077+0000] GC(716) Humongous regions: 0->0
[2025-08-01T02:35:51.077+0000] GC(716) Metaspace: 9706K(12544K)->9706K(12544K) NonClass: 8540K(11008K)->8540K(11008K) Class: 1166K(1536K)->1166K(1536K)
[2025-08-01T02:35:51.077+0000] GC(716) Pause Full (G1 Evacuation Pause) 4093M->933M(4096M) 258.439ms
[2025-08-01T02:35:51.078+0000] GC(716) User=1.92s Sys=0.02s Real=0.26s
[2025-08-01T02:35:51.078+0000] GC(700) Concurrent Rebuild Remembered Sets 997.019ms
[2025-08-01T02:35:51.078+0000] GC(700) Concurrent Mark Abort
[2025-08-01T02:35:51.078+0000] GC(700) Concurrent Cycle 1482.461ms
[2025-08-01T02:35:51.259+0000] GC(717) Pause Young (Normal) (G1 Evacuation Pause)
[2025-08-01T02:35:51.259+0000] GC(717) Using 8 workers of 8 for evacuation
[2025-08-01T02:35:51.502+0000] GC(717) MMU target violated: 201.0ms (200.0ms/201.0ms)
[2025-08-01T02:35:51.503+0000] GC(717)   Pre Evacuate Collection Set: 0.1ms
[2025-08-01T02:35:51.503+0000] GC(717)   Evacuate Collection Set: 242.0ms
[2025-08-01T02:35:51.503+0000] GC(717)   Post Evacuate Collection Set: 1.0ms
[2025-08-01T02:35:51.503+0000] GC(717)   Other: 0.5ms
[2025-08-01T02:35:51.503+0000] GC(717) Eden regions: 465->0(305)
[2025-08-01T02:35:51.503+0000] GC(717) Survivor regions: 0->59(59)
[2025-08-01T02:35:51.503+0000] GC(717) Old regions: 472->842
[2025-08-01T02:35:51.503+0000] GC(717) Humongous regions: 0->0
[2025-08-01T02:35:51.503+0000] GC(717) Metaspace: 9706K(12544K)->9706K(12544K) NonClass: 8540K(11008K)->8540K(11008K) Class: 1166K(1536K)->1166K(1536K)
[2025-08-01T02:35:51.503+0000] GC(717) Pause Young (Normal) (G1 Evacuation Pause) 1863M->1790M(4096M) 243.649ms
[2025-08-01T02:35:51.503+0000] GC(717) User=1.84s Sys=0.06s Real=0.24s
[2025-08-01T02:35:51.652+0000] GC(718) Pause Young (Concurrent Start) (G1 Evacuation Pause)
[2025-08-01T02:35:51.652+0000] GC(718) Using 8 workers of 8 for evacuation
[2025-08-01T02:35:51.816+0000] GC(718)   Pre Evacuate Collection Set: 0.1ms
[2025-08-01T02:35:51.816+0000] GC(718)   Evacuate Collection Set: 162.5ms
[2025-08-01T02:35:51.816+0000] GC(718)   Post Evacuate Collection Set: 1.0ms
[2025-08-01T02:35:51.816+0000] GC(718)   Other: 0.5ms
[2025-08-01T02:35:51.816+0000] GC(718) Eden regions: 305->0(235)
[2025-08-01T02:35:51.816+0000] GC(718) Survivor regions: 59->46(46)
[2025-08-01T02:35:51.816+0000] GC(718) Old regions: 842->1054
[2025-08-01T02:35:51.816+0000] GC(718) Humongous regions: 0->0
[2025-08-01T02:35:51.816+0000] GC(718) Metaspace: 9706K(12544K)->9706K(12544K) NonClass: 8540K(11008K)->8540K(11008K) Class: 1166K(1536K)->1166K(1536K)
[2025-08-01T02:35:51.816+0000] GC(718) Pause Young (Concurrent Start) (G1 Evacuation Pause) 2400M->2188M(4096M) 164.336ms
[2025-08-01T02:35:51.816+0000] GC(718) User=1.22s Sys=0.03s Real=0.17s
[2025-08-01T02:35:51.816+0000] GC(719) Concurrent Cycle
[2025-08-01T02:35:51.816+0000] GC(719) Concurrent Clear Claimed Marks
[2025-08-01T02:35:51.816+0000] GC(719) Concurrent Clear Claimed Marks 0.062ms
[2025-08-01T02:35:51.816+0000] GC(719) Concurrent Scan Root Regions
[2025-08-01T02:35:51.828+0000] GC(719) Concurrent Scan Root Regions 11.923ms
[2025-08-01T02:35:51.828+0000] GC(719) Concurrent Mark (90.824s)
[2025-08-01T02:35:51.828+0000] GC(719) Concurrent Mark From Roots
[2025-08-01T02:35:51.828+0000] GC(719) Using 2 workers of 2 for marking
[2025-08-01T02:35:51.915+0000] GC(720) Pause Young (Normal) (G1 Evacuation Pause)
[2025-08-01T02:35:51.915+0000] GC(720) Using 8 workers of 8 for evacuation
[2025-08-01T02:35:52.052+0000] GC(720)   Pre Evacuate Collection Set: 0.1ms
[2025-08-01T02:35:52.052+0000] GC(720)   Evacuate Collection Set: 136.3ms
[2025-08-01T02:35:52.052+0000] GC(720)   Post Evacuate Collection Set: 0.8ms
[2025-08-01T02:35:52.052+0000] GC(720)   Other: 0.3ms
[2025-08-01T02:35:52.052+0000] GC(720) Eden regions: 235->0(158)
[2025-08-01T02:35:52.052+0000] GC(720) Survivor regions: 46->36(36)
[2025-08-01T02:35:52.052+0000] GC(720) Old regions: 1054->1301
[2025-08-01T02:35:52.052+0000] GC(720) Humongous regions: 0->0
[2025-08-01T02:35:52.052+0000] GC(720) Metaspace: 9706K(12544K)->9706K(12544K) NonClass: 8540K(11008K)->8540K(11008K) Class: 1166K(1536K)->1166K(1536K)
[2025-08-01T02:35:52.052+0000] GC(720) Pause Young (Normal) (G1 Evacuation Pause) 2658M->2662M(4096M) 137.695ms
[2025-08-01T02:35:52.052+0000] GC(720) User=1.05s Sys=0.03s Real=0.13s
[2025-08-01T02:35:52.090+0000] GC(719) Concurrent Mark From Roots 262.254ms
[2025-08-01T02:35:52.091+0000] GC(719) Concurrent Preclean
[2025-08-01T02:35:52.091+0000] GC(719) Concurrent Preclean 0.442ms
[2025-08-01T02:35:52.091+0000] GC(719) Concurrent Mark (90.824s, 91.087s) 262.804ms
[2025-08-01T02:35:52.091+0000] GC(719) Pause Remark
[2025-08-01T02:35:52.093+0000] GC(719) Cleaned string and symbol table, strings: 2833 processed, 0 removed, symbols: 23489 processed, 0 removed
[2025-08-01T02:35:52.094+0000] GC(719) Pause Remark 2813M->1805M(4096M) 2.935ms
[2025-08-01T02:35:52.094+0000] GC(719) User=0.01s Sys=0.00s Real=0.01s
[2025-08-01T02:35:52.094+0000] GC(719) Concurrent Rebuild Remembered Sets
[2025-08-01T02:35:52.134+0000] GC(721) Pause Young (Normal) (G1 Evacuation Pause)
[2025-08-01T02:35:52.134+0000] GC(721) Using 8 workers of 8 for evacuation
[2025-08-01T02:35:52.208+0000] GC(721)   Pre Evacuate Collection Set: 0.1ms
[2025-08-01T02:35:52.208+0000] GC(721)   Evacuate Collection Set: 72.8ms
[2025-08-01T02:35:52.208+0000] GC(721)   Post Evacuate Collection Set: 0.8ms
[2025-08-01T02:35:52.208+0000] GC(721)   Other: 0.3ms
[2025-08-01T02:35:52.208+0000] GC(721) Eden regions: 158->0(283)
[2025-08-01T02:35:52.208+0000] GC(721) Survivor regions: 36->25(25)
[2025-08-01T02:35:52.208+0000] GC(721) Old regions: 793->941
[2025-08-01T02:35:52.208+0000] GC(721) Humongous regions: 0->0
[2025-08-01T02:35:52.208+0000] GC(721) Metaspace: 9706K(12544K)->9706K(12544K) NonClass: 8540K(11008K)->8540K(11008K) Class: 1166K(1536K)->1166K(1536K)
[2025-08-01T02:35:52.208+0000] GC(721) Pause Young (Normal) (G1 Evacuation Pause) 1970M->1929M(4096M) 74.261ms
[2025-08-01T02:35:52.208+0000] GC(721) User=0.56s Sys=0.01s Real=0.07s
[2025-08-01T02:35:52.347+0000] GC(722) Pause Young (Normal) (G1 Evacuation Pause)
[2025-08-01T02:35:52.347+0000] GC(722) Using 8 workers of 8 for evacuation
[2025-08-01T02:35:52.393+0000] GC(722)   Pre Evacuate Collection Set: 0.1ms
[2025-08-01T02:35:52.393+0000] GC(722)   Evacuate Collection Set: 44.7ms
[2025-08-01T02:35:52.393+0000] GC(722)   Post Evacuate Collection Set: 1.0ms
[2025-08-01T02:35:52.393+0000] GC(722)   Other: 0.3ms
[2025-08-01T02:35:52.393+0000] GC(722) Eden regions: 283->0(287)
[2025-08-01T02:35:52.393+0000] GC(722) Survivor regions: 25->39(39)
[2025-08-01T02:35:52.393+0000] GC(722) Old regions: 941->988
[2025-08-01T02:35:52.393+0000] GC(722) Humongous regions: 0->0
[2025-08-01T02:35:52.393+0000] GC(722) Metaspace: 9706K(12544K)->9706K(12544K) NonClass: 8540K(11008K)->8540K(11008K) Class: 1166K(1536K)->1166K(1536K)
[2025-08-01T02:35:52.393+0000] GC(722) Pause Young (Normal) (G1 Evacuation Pause) 2495M->2050M(4096M) 46.266ms
[2025-08-01T02:35:52.393+0000] GC(722) User=0.33s Sys=0.01s Real=0.05s
[2025-08-01T02:35:52.404+0000] GC(719) Concurrent Rebuild Remembered Sets 310.083ms
[2025-08-01T02:35:52.405+0000] GC(719) Pause Cleanup
[2025-08-01T02:35:52.406+0000] GC(719) Pause Cleanup 2182M->2182M(4096M) 0.779ms
[2025-08-01T02:35:52.406+0000] GC(719) User=0.00s Sys=0.00s Real=0.00s
[2025-08-01T02:35:52.406+0000] GC(719) Concurrent Cleanup for Next Mark
[2025-08-01T02:35:52.422+0000] GC(719) Concurrent Cleanup for Next Mark 15.409ms
[2025-08-01T02:35:52.422+0000] GC(719) Concurrent Cycle 605.514ms
[2025-08-01T02:35:52.502+0000] GC(723) Pause Young (Prepare Mixed) (G1 Evacuation Pause)
[2025-08-01T02:35:52.502+0000] GC(723) Using 8 workers of 8 for evacuation
[2025-08-01T02:35:52.645+0000] GC(723)   Pre Evacuate Collection Set: 0.1ms
[2025-08-01T02:35:52.645+0000] GC(723)   Evacuate Collection Set: 141.5ms
[2025-08-01T02:35:52.645+0000] GC(723)   Post Evacuate Collection Set: 1.2ms
[2025-08-01T02:35:52.645+0000] GC(723)   Other: 0.3ms
[2025-08-01T02:35:52.645+0000] GC(723) Eden regions: 287->0(61)
[2025-08-01T02:35:52.645+0000] GC(723) Survivor regions: 39->41(41)
[2025-08-01T02:35:52.645+0000] GC(723) Old regions: 988->1275
[2025-08-01T02:35:52.645+0000] GC(723) Humongous regions: 0->0
[2025-08-01T02:35:52.645+0000] GC(723) Metaspace: 9706K(12544K)->9706K(12544K) NonClass: 8540K(11008K)->8540K(11008K) Class: 1166K(1536K)->1166K(1536K)
[2025-08-01T02:35:52.646+0000] GC(723) Pause Young (Prepare Mixed) (G1 Evacuation Pause) 2624M->2628M(4096M) 143.230ms
[2025-08-01T02:35:52.646+0000] GC(723) User=1.05s Sys=0.04s Real=0.15s
[2025-08-01T02:35:52.658+0000] GC(724) Pause Young (Mixed) (G1 Evacuation Pause)
[2025-08-01T02:35:52.658+0000] GC(724) Using 8 workers of 8 for evacuation
[2025-08-01T02:35:52.701+0000] GC(724)   Pre Evacuate Collection Set: 0.2ms
[2025-08-01T02:35:52.701+0000] GC(724)   Evacuate Collection Set: 41.5ms
[2025-08-01T02:35:52.701+0000] GC(724)   Post Evacuate Collection Set: 1.2ms
[2025-08-01T02:35:52.701+0000] GC(724)   Other: 0.5ms
[2025-08-01T02:35:52.701+0000] GC(724) Eden regions: 61->0(207)
[2025-08-01T02:35:52.702+0000] GC(724) Survivor regions: 41->13(13)
[2025-08-01T02:35:52.702+0000] GC(724) Old regions: 1275->1189
[2025-08-01T02:35:52.702+0000] GC(724) Humongous regions: 0->0
[2025-08-01T02:35:52.702+0000] GC(724) Metaspace: 9706K(12544K)->9706K(12544K) NonClass: 8540K(11008K)->8540K(11008K) Class: 1166K(1536K)->1166K(1536K)
[2025-08-01T02:35:52.702+0000] GC(724) Pause Young (Mixed) (G1 Evacuation Pause) 2750M->2400M(4096M) 43.542ms
[2025-08-01T02:35:52.702+0000] GC(724) User=0.32s Sys=0.01s Real=0.04s
[2025-08-01T02:35:52.860+0000] GC(725) Pause Young (Concurrent Start) (G1 Evacuation Pause)
[2025-08-01T02:35:52.860+0000] GC(725) Using 8 workers of 8 for evacuation
[2025-08-01T02:35:52.940+0000] GC(725)   Pre Evacuate Collection Set: 0.1ms
[2025-08-01T02:35:52.940+0000] GC(725)   Evacuate Collection Set: 77.6ms
[2025-08-01T02:35:52.940+0000] GC(725)   Post Evacuate Collection Set: 1.1ms
[2025-08-01T02:35:52.940+0000] GC(725)   Other: 0.4ms
[2025-08-01T02:35:52.940+0000] GC(725) Eden regions: 207->0(160)
[2025-08-01T02:35:52.940+0000] GC(725) Survivor regions: 13->28(28)
[2025-08-01T02:35:52.940+0000] GC(725) Old regions: 1189->1330
[2025-08-01T02:35:52.940+0000] GC(725) Humongous regions: 0->0
[2025-08-01T02:35:52.940+0000] GC(725) Metaspace: 9706K(12544K)->9706K(12544K) NonClass: 8540K(11008K)->8540K(11008K) Class: 1166K(1536K)->1166K(1536K)
[2025-08-01T02:35:52.940+0000] GC(725) Pause Young (Concurrent Start) (G1 Evacuation Pause) 2814M->2713M(4096M) 79.284ms
[2025-08-01T02:35:52.940+0000] GC(725) User=0.54s Sys=0.02s Real=0.08s
[2025-08-01T02:35:52.940+0000] GC(726) Concurrent Cycle
[2025-08-01T02:35:52.940+0000] GC(726) Concurrent Clear Claimed Marks
[2025-08-01T02:35:52.940+0000] GC(726) Concurrent Clear Claimed Marks 0.062ms
[2025-08-01T02:35:52.940+0000] GC(726) Concurrent Scan Root Regions
[2025-08-01T02:35:52.947+0000] GC(726) Concurrent Scan Root Regions 6.963ms
[2025-08-01T02:35:52.947+0000] GC(726) Concurrent Mark (91.943s)
[2025-08-01T02:35:52.947+0000] GC(726) Concurrent Mark From Roots
[2025-08-01T02:35:52.947+0000] GC(726) Using 2 workers of 2 for marking
[2025-08-01T02:35:52.971+0000] GC(727) Pause Young (Normal) (G1 Evacuation Pause)
[2025-08-01T02:35:52.972+0000] GC(727) Using 8 workers of 8 for evacuation
[2025-08-01T02:35:53.028+0000] GC(727)   Pre Evacuate Collection Set: 0.1ms
[2025-08-01T02:35:53.028+0000] GC(727)   Evacuate Collection Set: 54.9ms
[2025-08-01T02:35:53.028+0000] GC(727)   Post Evacuate Collection Set: 0.8ms
[2025-08-01T02:35:53.028+0000] GC(727)   Other: 0.3ms
[2025-08-01T02:35:53.028+0000] GC(727) Eden regions: 160->0(103)
[2025-08-01T02:35:53.028+0000] GC(727) Survivor regions: 28->24(24)
[2025-08-01T02:35:53.028+0000] GC(727) Old regions: 1330->1495
[2025-08-01T02:35:53.028+0000] GC(727) Humongous regions: 0->0
[2025-08-01T02:35:53.028+0000] GC(727) Metaspace: 9706K(12544K)->9706K(12544K) NonClass: 8540K(11008K)->8540K(11008K) Class: 1166K(1536K)->1166K(1536K)
[2025-08-01T02:35:53.028+0000] GC(727) Pause Young (Normal) (G1 Evacuation Pause) 3033M->3035M(4096M) 56.271ms
[2025-08-01T02:35:53.028+0000] GC(727) User=0.43s Sys=0.00s Real=0.06s
[2025-08-01T02:35:53.082+0000] GC(728) Pause Young (Normal) (G1 Evacuation Pause)
[2025-08-01T02:35:53.082+0000] GC(728) Using 8 workers of 8 for evacuation
[2025-08-01T02:35:53.133+0000] GC(728)   Pre Evacuate Collection Set: 0.1ms
[2025-08-01T02:35:53.133+0000] GC(728)   Evacuate Collection Set: 50.1ms
[2025-08-01T02:35:53.133+0000] GC(728)   Post Evacuate Collection Set: 0.7ms
[2025-08-01T02:35:53.133+0000] GC(728)   Other: 0.3ms
[2025-08-01T02:35:53.133+0000] GC(728) Eden regions: 103->0(91)
[2025-08-01T02:35:53.133+0000] GC(728) Survivor regions: 24->16(16)
[2025-08-01T02:35:53.133+0000] GC(728) Old regions: 1495->1556
[2025-08-01T02:35:53.133+0000] GC(728) Humongous regions: 0->0
[2025-08-01T02:35:53.133+0000] GC(728) Metaspace: 9706K(12544K)->9706K(12544K) NonClass: 8540K(11008K)->8540K(11008K) Class: 1166K(1536K)->1166K(1536K)
[2025-08-01T02:35:53.133+0000] GC(728) Pause Young (Normal) (G1 Evacuation Pause) 3241M->3140M(4096M) 51.269ms
[2025-08-01T02:35:53.133+0000] GC(728) User=0.37s Sys=0.02s Real=0.06s
[2025-08-01T02:35:53.151+0000] GC(729) Pause Young (Normal) (G1 Evacuation Pause)
[2025-08-01T02:35:53.151+0000] GC(729) Using 8 workers of 8 for evacuation
[2025-08-01T02:35:53.194+0000] GC(729)   Pre Evacuate Collection Set: 0.1ms
[2025-08-01T02:35:53.195+0000] GC(729)   Evacuate Collection Set: 42.3ms
[2025-08-01T02:35:53.195+0000] GC(729)   Post Evacuate Collection Set: 1.1ms
[2025-08-01T02:35:53.195+0000] GC(729)   Other: 0.3ms
[2025-08-01T02:35:53.195+0000] GC(729) Eden regions: 91->0(88)
[2025-08-01T02:35:53.195+0000] GC(729) Survivor regions: 16->14(14)
[2025-08-01T02:35:53.195+0000] GC(729) Old regions: 1556->1651
[2025-08-01T02:35:53.195+0000] GC(729) Humongous regions: 0->0
[2025-08-01T02:35:53.195+0000] GC(729) Metaspace: 9706K(12544K)->9706K(12544K) NonClass: 8540K(11008K)->8540K(11008K) Class: 1166K(1536K)->1166K(1536K)
[2025-08-01T02:35:53.195+0000] GC(729) Pause Young (Normal) (G1 Evacuation Pause) 3322M->3326M(4096M) 44.044ms
[2025-08-01T02:35:53.195+0000] GC(729) User=0.32s Sys=0.01s Real=0.05s
[2025-08-01T02:35:53.261+0000] GC(730) Pause Young (Normal) (G1 Evacuation Pause)
[2025-08-01T02:35:53.261+0000] GC(730) Using 8 workers of 8 for evacuation
[2025-08-01T02:35:53.292+0000] GC(730)   Pre Evacuate Collection Set: 0.1ms
[2025-08-01T02:35:53.292+0000] GC(730)   Evacuate Collection Set: 29.1ms
[2025-08-01T02:35:53.292+0000] GC(730)   Post Evacuate Collection Set: 1.1ms
[2025-08-01T02:35:53.292+0000] GC(730)   Other: 0.3ms
[2025-08-01T02:35:53.292+0000] GC(730) Eden regions: 88->0(89)
[2025-08-01T02:35:53.292+0000] GC(730) Survivor regions: 14->13(13)
[2025-08-01T02:35:53.292+0000] GC(730) Old regions: 1651->1693
[2025-08-01T02:35:53.292+0000] GC(730) Humongous regions: 0->0
[2025-08-01T02:35:53.292+0000] GC(730) Metaspace: 9706K(12544K)->9706K(12544K) NonClass: 8540K(11008K)->8540K(11008K) Class: 1166K(1536K)->1166K(1536K)
[2025-08-01T02:35:53.292+0000] GC(730) Pause Young (Normal) (G1 Evacuation Pause) 3502M->3409M(4096M) 30.722ms
[2025-08-01T02:35:53.292+0000] GC(730) User=0.20s Sys=0.01s Real=0.03s
[2025-08-01T02:35:53.311+0000] GC(731) Pause Young (Normal) (G1 Evacuation Pause)
[2025-08-01T02:35:53.311+0000] GC(731) Using 8 workers of 8 for evacuation
[2025-08-01T02:35:53.357+0000] GC(731)   Pre Evacuate Collection Set: 0.1ms
[2025-08-01T02:35:53.357+0000] GC(731)   Evacuate Collection Set: 45.2ms
[2025-08-01T02:35:53.357+0000] GC(731)   Post Evacuate Collection Set: 0.6ms
[2025-08-01T02:35:53.357+0000] GC(731)   Other: 0.3ms
[2025-08-01T02:35:53.357+0000] GC(731) Eden regions: 89->0(89)
[2025-08-01T02:35:53.357+0000] GC(731) Survivor regions: 13->13(13)
[2025-08-01T02:35:53.357+0000] GC(731) Old regions: 1693->1785
[2025-08-01T02:35:53.357+0000] GC(731) Humongous regions: 0->0
[2025-08-01T02:35:53.357+0000] GC(731) Metaspace: 9706K(12544K)->9706K(12544K) NonClass: 8540K(11008K)->8540K(11008K) Class: 1166K(1536K)->1166K(1536K)
[2025-08-01T02:35:53.357+0000] GC(731) Pause Young (Normal) (G1 Evacuation Pause) 3587M->3592M(4096M) 46.345ms
[2025-08-01T02:35:53.357+0000] GC(731) User=0.34s Sys=0.01s Real=0.05s
[2025-08-01T02:35:53.360+0000] GC(726) Concurrent Mark From Roots 412.747ms
[2025-08-01T02:35:53.360+0000] GC(726) Concurrent Preclean
[2025-08-01T02:35:53.360+0000] GC(726) Concurrent Preclean 0.324ms
[2025-08-01T02:35:53.360+0000] GC(726) Concurrent Mark (91.943s, 92.356s) 413.203ms
[2025-08-01T02:35:53.361+0000] GC(726) Pause Remark
[2025-08-01T02:35:53.365+0000] GC(726) Cleaned string and symbol table, strings: 2833 processed, 0 removed, symbols: 23489 processed, 0 removed
[2025-08-01T02:35:53.366+0000] GC(726) Pause Remark 3630M->1982M(4096M) 5.090ms
[2025-08-01T02:35:53.366+0000] GC(726) User=0.02s Sys=0.00s Real=0.01s
[2025-08-01T02:35:53.366+0000] GC(726) Concurrent Rebuild Remembered Sets
[2025-08-01T02:35:53.425+0000] GC(732) Pause Young (Normal) (G1 Evacuation Pause)
[2025-08-01T02:35:53.425+0000] GC(732) Using 8 workers of 8 for evacuation
[2025-08-01T02:35:53.462+0000] GC(732)   Pre Evacuate Collection Set: 0.1ms
[2025-08-01T02:35:53.462+0000] GC(732)   Evacuate Collection Set: 35.8ms
[2025-08-01T02:35:53.462+0000] GC(732)   Post Evacuate Collection Set: 0.8ms
[2025-08-01T02:35:53.462+0000] GC(732)   Other: 0.3ms
[2025-08-01T02:35:53.462+0000] GC(732) Eden regions: 89->0(256)
[2025-08-01T02:35:53.462+0000] GC(732) Survivor regions: 13->13(13)
[2025-08-01T02:35:53.462+0000] GC(732) Old regions: 961->1051
[2025-08-01T02:35:53.462+0000] GC(732) Humongous regions: 0->0
[2025-08-01T02:35:53.462+0000] GC(732) Metaspace: 9706K(12544K)->9706K(12544K) NonClass: 8540K(11008K)->8540K(11008K) Class: 1166K(1536K)->1166K(1536K)
[2025-08-01T02:35:53.463+0000] GC(732) Pause Young (Normal) (G1 Evacuation Pause) 2122M->2125M(4096M) 37.122ms
[2025-08-01T02:35:53.463+0000] GC(732) User=0.28s Sys=0.01s Real=0.03s
[2025-08-01T02:35:53.565+0000] GC(733) Pause Young (Normal) (G1 Evacuation Pause)
[2025-08-01T02:35:53.565+0000] GC(733) Using 8 workers of 8 for evacuation
[2025-08-01T02:35:53.674+0000] GC(733)   Pre Evacuate Collection Set: 0.1ms
[2025-08-01T02:35:53.674+0000] GC(733)   Evacuate Collection Set: 108.5ms
[2025-08-01T02:35:53.674+0000] GC(733)   Post Evacuate Collection Set: 0.7ms
[2025-08-01T02:35:53.675+0000] GC(733)   Other: 0.2ms
[2025-08-01T02:35:53.675+0000] GC(733) Eden regions: 256->0(185)
[2025-08-01T02:35:53.675+0000] GC(733) Survivor regions: 13->34(34)
[2025-08-01T02:35:53.675+0000] GC(733) Old regions: 1051->1240
[2025-08-01T02:35:53.675+0000] GC(733) Humongous regions: 0->0
[2025-08-01T02:35:53.675+0000] GC(733) Metaspace: 9706K(12544K)->9706K(12544K) NonClass: 8540K(11008K)->8540K(11008K) Class: 1166K(1536K)->1166K(1536K)
[2025-08-01T02:35:53.675+0000] GC(733) Pause Young (Normal) (G1 Evacuation Pause) 2637M->2545M(4096M) 109.769ms
[2025-08-01T02:35:53.675+0000] GC(733) User=0.83s Sys=0.02s Real=0.11s
[2025-08-01T02:35:53.758+0000] GC(734) Pause Young (Normal) (G1 Evacuation Pause)
[2025-08-01T02:35:53.759+0000] GC(734) Using 8 workers of 8 for evacuation
[2025-08-01T02:35:53.825+0000] GC(734)   Pre Evacuate Collection Set: 0.1ms
[2025-08-01T02:35:53.825+0000] GC(734)   Evacuate Collection Set: 65.7ms
[2025-08-01T02:35:53.826+0000] GC(734)   Post Evacuate Collection Set: 0.9ms
[2025-08-01T02:35:53.826+0000] GC(734)   Other: 0.3ms
[2025-08-01T02:35:53.826+0000] GC(734) Eden regions: 185->0(121)
[2025-08-01T02:35:53.826+0000] GC(734) Survivor regions: 34->28(28)
[2025-08-01T02:35:53.826+0000] GC(734) Old regions: 1240->1432
[2025-08-01T02:35:53.826+0000] GC(734) Humongous regions: 0->0
[2025-08-01T02:35:53.826+0000] GC(734) Metaspace: 9706K(12544K)->9706K(12544K) NonClass: 8540K(11008K)->8540K(11008K) Class: 1166K(1536K)->1166K(1536K)
[2025-08-01T02:35:53.826+0000] GC(734) Pause Young (Normal) (G1 Evacuation Pause) 2915M->2917M(4096M) 67.175ms
[2025-08-01T02:35:53.826+0000] GC(734) User=0.52s Sys=0.01s Real=0.07s
[2025-08-01T02:35:53.878+0000] GC(726) Concurrent Rebuild Remembered Sets 511.448ms
[2025-08-01T02:35:53.878+0000] GC(726) Pause Cleanup
[2025-08-01T02:35:53.879+0000] GC(726) Pause Cleanup 3121M->3121M(4096M) 0.585ms
[2025-08-01T02:35:53.879+0000] GC(726) User=0.00s Sys=0.00s Real=0.00s
[2025-08-01T02:35:53.879+0000] GC(726) Concurrent Cleanup for Next Mark
[2025-08-01T02:35:53.886+0000] GC(726) Concurrent Cleanup for Next Mark 6.784ms
[2025-08-01T02:35:53.886+0000] GC(726) Concurrent Cycle 945.913ms
[2025-08-01T02:35:53.898+0000] GC(735) Pause Young (Normal) (G1 Evacuation Pause)
[2025-08-01T02:35:53.898+0000] GC(735) Using 8 workers of 8 for evacuation
[2025-08-01T02:35:53.936+0000] GC(735)   Pre Evacuate Collection Set: 0.2ms
[2025-08-01T02:35:53.936+0000] GC(735)   Evacuate Collection Set: 37.3ms
[2025-08-01T02:35:53.937+0000] GC(735)   Post Evacuate Collection Set: 1.0ms
[2025-08-01T02:35:53.937+0000] GC(735)   Other: 0.2ms
[2025-08-01T02:35:53.937+0000] GC(735) Eden regions: 121->0(93)
[2025-08-01T02:35:53.937+0000] GC(735) Survivor regions: 28->19(19)
[2025-08-01T02:35:53.937+0000] GC(735) Old regions: 1432->1532
[2025-08-01T02:35:53.937+0000] GC(735) Humongous regions: 0->0
[2025-08-01T02:35:53.937+0000] GC(735) Metaspace: 9706K(12544K)->9706K(12544K) NonClass: 8540K(11008K)->8540K(11008K) Class: 1166K(1536K)->1166K(1536K)
[2025-08-01T02:35:53.937+0000] GC(735) Pause Young (Normal) (G1 Evacuation Pause) 3159M->3099M(4096M) 38.961ms
[2025-08-01T02:35:53.937+0000] GC(735) User=0.29s Sys=0.01s Real=0.04s
[2025-08-01T02:35:53.953+0000] GC(736) Pause Young (Concurrent Start) (G1 Evacuation Pause)
[2025-08-01T02:35:53.953+0000] GC(736) Using 8 workers of 8 for evacuation
[2025-08-01T02:35:53.990+0000] GC(736)   Pre Evacuate Collection Set: 0.1ms
[2025-08-01T02:35:53.990+0000] GC(736)   Evacuate Collection Set: 35.8ms
[2025-08-01T02:35:53.990+0000] GC(736)   Post Evacuate Collection Set: 0.8ms
[2025-08-01T02:35:53.990+0000] GC(736)   Other: 0.4ms
[2025-08-01T02:35:53.990+0000] GC(736) Eden regions: 93->0(88)
[2025-08-01T02:35:53.990+0000] GC(736) Survivor regions: 19->14(14)
[2025-08-01T02:35:53.990+0000] GC(736) Old regions: 1532->1632
[2025-08-01T02:35:53.990+0000] GC(736) Humongous regions: 0->0
[2025-08-01T02:35:53.990+0000] GC(736) Metaspace: 9706K(12544K)->9706K(12544K) NonClass: 8540K(11008K)->8540K(11008K) Class: 1166K(1536K)->1166K(1536K)
[2025-08-01T02:35:53.990+0000] GC(736) Pause Young (Concurrent Start) (G1 Evacuation Pause) 3285M->3289M(4096M) 37.192ms
[2025-08-01T02:35:53.990+0000] GC(736) User=0.26s Sys=0.00s Real=0.03s
[2025-08-01T02:35:53.991+0000] GC(737) Concurrent Cycle
[2025-08-01T02:35:53.991+0000] GC(737) Concurrent Clear Claimed Marks
[2025-08-01T02:35:53.991+0000] GC(737) Concurrent Clear Claimed Marks 0.058ms
[2025-08-01T02:35:53.991+0000] GC(737) Concurrent Scan Root Regions
[2025-08-01T02:35:53.995+0000] GC(737) Concurrent Scan Root Regions 4.479ms
[2025-08-01T02:35:53.995+0000] GC(737) Concurrent Mark (92.991s)
[2025-08-01T02:35:53.995+0000] GC(737) Concurrent Mark From Roots
[2025-08-01T02:35:53.995+0000] GC(737) Using 2 workers of 2 for marking
[2025-08-01T02:35:54.058+0000] GC(738) Pause Young (Normal) (G1 Evacuation Pause)
[2025-08-01T02:35:54.058+0000] GC(738) Using 8 workers of 8 for evacuation
[2025-08-01T02:35:54.106+0000] GC(738)   Pre Evacuate Collection Set: 0.1ms
[2025-08-01T02:35:54.106+0000] GC(738)   Evacuate Collection Set: 46.3ms
[2025-08-01T02:35:54.106+0000] GC(738)   Post Evacuate Collection Set: 0.6ms
[2025-08-01T02:35:54.106+0000] GC(738)   Other: 0.4ms
[2025-08-01T02:35:54.106+0000] GC(738) Eden regions: 88->0(89)
[2025-08-01T02:35:54.106+0000] GC(738) Survivor regions: 14->13(13)
[2025-08-01T02:35:54.106+0000] GC(738) Old regions: 1632->1680
[2025-08-01T02:35:54.106+0000] GC(738) Humongous regions: 0->0
[2025-08-01T02:35:54.106+0000] GC(738) Metaspace: 9706K(12544K)->9706K(12544K) NonClass: 8540K(11008K)->8540K(11008K) Class: 1166K(1536K)->1166K(1536K)
[2025-08-01T02:35:54.106+0000] GC(738) Pause Young (Normal) (G1 Evacuation Pause) 3465M->3382M(4096M) 47.687ms
[2025-08-01T02:35:54.106+0000] GC(738) User=0.36s Sys=0.01s Real=0.05s
[2025-08-01T02:35:54.123+0000] GC(739) Pause Young (Normal) (G1 Evacuation Pause)
[2025-08-01T02:35:54.123+0000] GC(739) Using 8 workers of 8 for evacuation
[2025-08-01T02:35:54.158+0000] GC(739)   Pre Evacuate Collection Set: 0.1ms
[2025-08-01T02:35:54.158+0000] GC(739)   Evacuate Collection Set: 34.0ms
[2025-08-01T02:35:54.158+0000] GC(739)   Post Evacuate Collection Set: 0.7ms
[2025-08-01T02:35:54.158+0000] GC(739)   Other: 0.4ms
[2025-08-01T02:35:54.158+0000] GC(739) Eden regions: 89->0(89)
[2025-08-01T02:35:54.158+0000] GC(739) Survivor regions: 13->13(13)
[2025-08-01T02:35:54.158+0000] GC(739) Old regions: 1680->1771
[2025-08-01T02:35:54.158+0000] GC(739) Humongous regions: 0->0
[2025-08-01T02:35:54.158+0000] GC(739) Metaspace: 9706K(12544K)->9706K(12544K) NonClass: 8540K(11008K)->8540K(11008K) Class: 1166K(1536K)->1166K(1536K)
[2025-08-01T02:35:54.158+0000] GC(739) Pause Young (Normal) (G1 Evacuation Pause) 3560M->3564M(4096M) 35.309ms
[2025-08-01T02:35:54.158+0000] GC(739) User=0.26s Sys=0.00s Real=0.03s
[2025-08-01T02:35:54.223+0000] GC(740) Pause Young (Normal) (G1 Evacuation Pause)
[2025-08-01T02:35:54.223+0000] GC(740) Using 8 workers of 8 for evacuation
[2025-08-01T02:35:54.264+0000] GC(740)   Pre Evacuate Collection Set: 0.1ms
[2025-08-01T02:35:54.264+0000] GC(740)   Evacuate Collection Set: 40.7ms
[2025-08-01T02:35:54.264+0000] GC(740)   Post Evacuate Collection Set: 0.5ms
[2025-08-01T02:35:54.264+0000] GC(740)   Other: 0.3ms
[2025-08-01T02:35:54.264+0000] GC(740) Eden regions: 89->0(89)
[2025-08-01T02:35:54.264+0000] GC(740) Survivor regions: 13->13(13)
[2025-08-01T02:35:54.264+0000] GC(740) Old regions: 1771->1861
[2025-08-01T02:35:54.264+0000] GC(740) Humongous regions: 0->0
[2025-08-01T02:35:54.264+0000] GC(740) Metaspace: 9706K(12544K)->9706K(12544K) NonClass: 8540K(11008K)->8540K(11008K) Class: 1166K(1536K)->1166K(1536K)
[2025-08-01T02:35:54.264+0000] GC(740) Pause Young (Normal) (G1 Evacuation Pause) 3742M->3744M(4096M) 41.766ms
[2025-08-01T02:35:54.264+0000] GC(740) User=0.31s Sys=0.01s Real=0.05s
[2025-08-01T02:35:54.280+0000] GC(741) Pause Young (Normal) (G1 Evacuation Pause)
[2025-08-01T02:35:54.280+0000] GC(741) Using 8 workers of 8 for evacuation
[2025-08-01T02:35:54.313+0000] GC(741) To-space exhausted
[2025-08-01T02:35:54.313+0000] GC(741)   Pre Evacuate Collection Set: 0.1ms
[2025-08-01T02:35:54.313+0000] GC(741)   Evacuate Collection Set: 29.0ms
[2025-08-01T02:35:54.313+0000] GC(741)   Post Evacuate Collection Set: 3.6ms
[2025-08-01T02:35:54.313+0000] GC(741)   Other: 0.4ms
[2025-08-01T02:35:54.313+0000] GC(741) Eden regions: 89->0(89)
[2025-08-01T02:35:54.313+0000] GC(741) Survivor regions: 13->13(13)
[2025-08-01T02:35:54.313+0000] GC(741) Old regions: 1861->1962
[2025-08-01T02:35:54.313+0000] GC(741) Humongous regions: 0->0
[2025-08-01T02:35:54.313+0000] GC(741) Metaspace: 9706K(12544K)->9706K(12544K) NonClass: 8540K(11008K)->8540K(11008K) Class: 1166K(1536K)->1166K(1536K)
[2025-08-01T02:35:54.313+0000] GC(741) Pause Young (Normal) (G1 Evacuation Pause) 3922M->3947M(4096M) 33.107ms
[2025-08-01T02:35:54.313+0000] GC(741) User=0.25s Sys=0.01s Real=0.03s
[2025-08-01T02:35:54.327+0000] GC(742) Pause Young (Normal) (G1 Evacuation Pause)
[2025-08-01T02:35:54.327+0000] GC(742) Using 8 workers of 8 for evacuation
[2025-08-01T02:35:54.355+0000] GC(742) To-space exhausted
[2025-08-01T02:35:54.355+0000] GC(742)   Pre Evacuate Collection Set: 0.1ms
[2025-08-01T02:35:54.355+0000] GC(742)   Evacuate Collection Set: 19.3ms
[2025-08-01T02:35:54.355+0000] GC(742)   Post Evacuate Collection Set: 8.8ms
[2025-08-01T02:35:54.355+0000] GC(742)   Other: 0.4ms
[2025-08-01T02:35:54.355+0000] GC(742) Eden regions: 73->0(102)
[2025-08-01T02:35:54.355+0000] GC(742) Survivor regions: 13->0(13)
[2025-08-01T02:35:54.355+0000] GC(742) Old regions: 1962->2048
[2025-08-01T02:35:54.355+0000] GC(742) Humongous regions: 0->0
[2025-08-01T02:35:54.355+0000] GC(742) Metaspace: 9706K(12544K)->9706K(12544K) NonClass: 8540K(11008K)->8540K(11008K) Class: 1166K(1536K)->1166K(1536K)
[2025-08-01T02:35:54.355+0000] GC(742) Pause Young (Normal) (G1 Evacuation Pause) 4093M->4093M(4096M) 28.673ms
[2025-08-01T02:35:54.355+0000] GC(742) User=0.20s Sys=0.00s Real=0.03s
[2025-08-01T02:35:54.355+0000] GC(743) Using 8 workers of 8 for full compaction
[2025-08-01T02:35:54.355+0000] GC(743) Pause Full (G1 Evacuation Pause)
[2025-08-01T02:35:54.361+0000] GC(743) Phase 1: Mark live objects
[2025-08-01T02:35:54.424+0000] GC(743) Cleaned string and symbol table, strings: 2833 processed, 0 removed, symbols: 23489 processed, 0 removed
[2025-08-01T02:35:54.424+0000] GC(743) Phase 1: Mark live objects 63.165ms
[2025-08-01T02:35:54.424+0000] GC(743) Phase 2: Prepare for compaction
[2025-08-01T02:35:54.469+0000] GC(743) Phase 2: Prepare for compaction 45.008ms
[2025-08-01T02:35:54.470+0000] GC(743) Phase 3: Adjust pointers
[2025-08-01T02:35:54.515+0000] GC(743) Phase 3: Adjust pointers 45.859ms
[2025-08-01T02:35:54.516+0000] GC(743) Phase 4: Compact heap
[2025-08-01T02:35:54.669+0000] GC(743) Phase 4: Compact heap 153.561ms
[2025-08-01T02:35:54.672+0000] GC(743) Eden regions: 0->0(454)
[2025-08-01T02:35:54.672+0000] GC(743) Survivor regions: 0->0(13)
[2025-08-01T02:35:54.672+0000] GC(743) Old regions: 2048->522
[2025-08-01T02:35:54.672+0000] GC(743) Humongous regions: 0->0
[2025-08-01T02:35:54.672+0000] GC(743) Metaspace: 9706K(12544K)->9706K(12544K) NonClass: 8540K(11008K)->8540K(11008K) Class: 1166K(1536K)->1166K(1536K)
[2025-08-01T02:35:54.672+0000] GC(743) Pause Full (G1 Evacuation Pause) 4093M->1033M(4096M) 316.525ms
[2025-08-01T02:35:54.672+0000] GC(743) User=2.30s Sys=0.05s Real=0.31s
[2025-08-01T02:35:54.672+0000] GC(737) Concurrent Mark From Roots 677.120ms
[2025-08-01T02:35:54.672+0000] GC(737) Concurrent Mark Abort
[2025-08-01T02:35:54.672+0000] GC(737) Concurrent Cycle 681.874ms
[2025-08-01T02:35:54.846+0000] GC(744) Pause Young (Normal) (G1 Evacuation Pause)
[2025-08-01T02:35:54.846+0000] GC(744) Using 8 workers of 8 for evacuation
[2025-08-01T02:35:54.965+0000] GC(744)   Pre Evacuate Collection Set: 0.1ms
[2025-08-01T02:35:54.965+0000] GC(744)   Evacuate Collection Set: 117.8ms
[2025-08-01T02:35:54.965+0000] GC(744)   Post Evacuate Collection Set: 1.0ms
[2025-08-01T02:35:54.965+0000] GC(744)   Other: 0.5ms
[2025-08-01T02:35:54.965+0000] GC(744) Eden regions: 454->0(321)
[2025-08-01T02:35:54.965+0000] GC(744) Survivor regions: 0->57(57)
[2025-08-01T02:35:54.965+0000] GC(744) Old regions: 522->830
[2025-08-01T02:35:54.965+0000] GC(744) Humongous regions: 0->0
[2025-08-01T02:35:54.965+0000] GC(744) Metaspace: 9706K(12544K)->9706K(12544K) NonClass: 8540K(11008K)->8540K(11008K) Class: 1166K(1536K)->1166K(1536K)
[2025-08-01T02:35:54.965+0000] GC(744) Pause Young (Normal) (G1 Evacuation Pause) 1941M->1763M(4096M) 119.536ms
[2025-08-01T02:35:54.965+0000] GC(744) User=0.87s Sys=0.03s Real=0.12s
[2025-08-01T02:35:55.088+0000] GC(745) Pause Young (Concurrent Start) (G1 Evacuation Pause)
[2025-08-01T02:35:55.088+0000] GC(745) Using 8 workers of 8 for evacuation
[2025-08-01T02:35:55.271+0000] GC(745)   Pre Evacuate Collection Set: 0.1ms
[2025-08-01T02:35:55.271+0000] GC(745)   Evacuate Collection Set: 180.0ms
[2025-08-01T02:35:55.271+0000] GC(745)   Post Evacuate Collection Set: 2.1ms
[2025-08-01T02:35:55.271+0000] GC(745)   Other: 0.8ms
[2025-08-01T02:35:55.271+0000] GC(745) Eden regions: 321->0(233)
[2025-08-01T02:35:55.271+0000] GC(745) Survivor regions: 57->48(48)
[2025-08-01T02:35:55.271+0000] GC(745) Old regions: 830->1081
[2025-08-01T02:35:55.271+0000] GC(745) Humongous regions: 0->0
[2025-08-01T02:35:55.271+0000] GC(745) Metaspace: 9706K(12544K)->9706K(12544K) NonClass: 8540K(11008K)->8540K(11008K) Class: 1166K(1536K)->1166K(1536K)
[2025-08-01T02:35:55.272+0000] GC(745) Pause Young (Concurrent Start) (G1 Evacuation Pause) 2405M->2246M(4096M) 183.281ms
[2025-08-01T02:35:55.272+0000] GC(745) User=1.39s Sys=0.04s Real=0.18s
[2025-08-01T02:35:55.274+0000] GC(746) Concurrent Cycle
[2025-08-01T02:35:55.274+0000] GC(746) Concurrent Clear Claimed Marks
[2025-08-01T02:35:55.274+0000] GC(746) Concurrent Clear Claimed Marks 0.111ms
[2025-08-01T02:35:55.274+0000] GC(746) Concurrent Scan Root Regions
[2025-08-01T02:35:55.291+0000] GC(746) Concurrent Scan Root Regions 17.144ms
[2025-08-01T02:35:55.291+0000] GC(746) Concurrent Mark (94.287s)
[2025-08-01T02:35:55.291+0000] GC(746) Concurrent Mark From Roots
[2025-08-01T02:35:55.291+0000] GC(746) Using 2 workers of 2 for marking
[2025-08-01T02:35:55.372+0000] GC(747) Pause Young (Normal) (G1 Evacuation Pause)
[2025-08-01T02:35:55.372+0000] GC(747) Using 8 workers of 8 for evacuation
[2025-08-01T02:35:55.451+0000] GC(747)   Pre Evacuate Collection Set: 0.1ms
[2025-08-01T02:35:55.451+0000] GC(747)   Evacuate Collection Set: 77.8ms
[2025-08-01T02:35:55.451+0000] GC(747)   Post Evacuate Collection Set: 0.9ms
[2025-08-01T02:35:55.451+0000] GC(747)   Other: 0.3ms
[2025-08-01T02:35:55.451+0000] GC(747) Eden regions: 233->0(172)
[2025-08-01T02:35:55.451+0000] GC(747) Survivor regions: 48->36(36)
[2025-08-01T02:35:55.451+0000] GC(747) Old regions: 1081->1271
[2025-08-01T02:35:55.451+0000] GC(747) Humongous regions: 0->0
[2025-08-01T02:35:55.451+0000] GC(747) Metaspace: 9706K(12544K)->9706K(12544K) NonClass: 8540K(11008K)->8540K(11008K) Class: 1166K(1536K)->1166K(1536K)
[2025-08-01T02:35:55.451+0000] GC(747) Pause Young (Normal) (G1 Evacuation Pause) 2712M->2602M(4096M) 79.168ms
[2025-08-01T02:35:55.451+0000] GC(747) User=0.61s Sys=0.01s Real=0.08s
[2025-08-01T02:35:55.521+0000] GC(746) Concurrent Mark From Roots 229.727ms
[2025-08-01T02:35:55.521+0000] GC(746) Concurrent Preclean
[2025-08-01T02:35:55.521+0000] GC(746) Concurrent Preclean 0.334ms
[2025-08-01T02:35:55.522+0000] GC(746) Concurrent Mark (94.287s, 94.517s) 230.177ms
[2025-08-01T02:35:55.523+0000] GC(746) Pause Remark
[2025-08-01T02:35:55.525+0000] GC(746) Cleaned string and symbol table, strings: 2833 processed, 0 removed, symbols: 23489 processed, 0 removed
[2025-08-01T02:35:55.527+0000] GC(746) Pause Remark 2882M->1820M(4096M) 4.133ms
[2025-08-01T02:35:55.527+0000] GC(746) User=0.02s Sys=0.00s Real=0.01s
[2025-08-01T02:35:55.527+0000] GC(746) Concurrent Rebuild Remembered Sets
[2025-08-01T02:35:55.535+0000] GC(748) Pause Young (Normal) (G1 Evacuation Pause)
[2025-08-01T02:35:55.535+0000] GC(748) Using 8 workers of 8 for evacuation
[2025-08-01T02:35:55.592+0000] GC(748)   Pre Evacuate Collection Set: 0.1ms
[2025-08-01T02:35:55.592+0000] GC(748)   Evacuate Collection Set: 56.3ms
[2025-08-01T02:35:55.592+0000] GC(748)   Post Evacuate Collection Set: 0.9ms
[2025-08-01T02:35:55.592+0000] GC(748)   Other: 0.3ms
[2025-08-01T02:35:55.592+0000] GC(748) Eden regions: 172->0(320)
[2025-08-01T02:35:55.592+0000] GC(748) Survivor regions: 36->26(26)
[2025-08-01T02:35:55.592+0000] GC(748) Old regions: 736->876
[2025-08-01T02:35:55.592+0000] GC(748) Humongous regions: 0->0
[2025-08-01T02:35:55.592+0000] GC(748) Metaspace: 9706K(12544K)->9706K(12544K) NonClass: 8540K(11008K)->8540K(11008K) Class: 1166K(1536K)->1166K(1536K)
[2025-08-01T02:35:55.592+0000] GC(748) Pause Young (Normal) (G1 Evacuation Pause) 1884M->1801M(4096M) 57.687ms
[2025-08-01T02:35:55.592+0000] GC(748) User=0.41s Sys=0.01s Real=0.05s
[2025-08-01T02:35:55.732+0000] GC(749) Pause Young (Normal) (G1 Evacuation Pause)
[2025-08-01T02:35:55.732+0000] GC(749) Using 8 workers of 8 for evacuation
[2025-08-01T02:35:55.863+0000] GC(749)   Pre Evacuate Collection Set: 0.1ms
[2025-08-01T02:35:55.863+0000] GC(749)   Evacuate Collection Set: 128.6ms
[2025-08-01T02:35:55.863+0000] GC(749)   Post Evacuate Collection Set: 1.3ms
[2025-08-01T02:35:55.863+0000] GC(749)   Other: 0.3ms
[2025-08-01T02:35:55.863+0000] GC(749) Eden regions: 320->0(274)
[2025-08-01T02:35:55.863+0000] GC(749) Survivor regions: 26->44(44)
[2025-08-01T02:35:55.863+0000] GC(749) Old regions: 876->1020
[2025-08-01T02:35:55.863+0000] GC(749) Humongous regions: 0->0
[2025-08-01T02:35:55.863+0000] GC(749) Metaspace: 9706K(12544K)->9706K(12544K) NonClass: 8540K(11008K)->8540K(11008K) Class: 1166K(1536K)->1166K(1536K)
[2025-08-01T02:35:55.863+0000] GC(749) Pause Young (Normal) (G1 Evacuation Pause) 2441M->2124M(4096M) 130.464ms
[2025-08-01T02:35:55.863+0000] GC(749) User=0.99s Sys=0.02s Real=0.13s
[2025-08-01T02:35:55.905+0000] GC(746) Concurrent Rebuild Remembered Sets 378.269ms
[2025-08-01T02:35:55.906+0000] GC(746) Pause Cleanup
[2025-08-01T02:35:55.906+0000] GC(746) Pause Cleanup 2481M->2481M(4096M) 0.512ms
[2025-08-01T02:35:55.906+0000] GC(746) User=0.00s Sys=0.00s Real=0.00s
[2025-08-01T02:35:55.906+0000] GC(746) Concurrent Cleanup for Next Mark
[2025-08-01T02:35:55.913+0000] GC(746) Concurrent Cleanup for Next Mark 6.750ms
[2025-08-01T02:35:55.913+0000] GC(746) Concurrent Cycle 640.383ms
[2025-08-01T02:35:55.963+0000] GC(750) Pause Young (Prepare Mixed) (G1 Evacuation Pause)
[2025-08-01T02:35:55.963+0000] GC(750) Using 8 workers of 8 for evacuation
[2025-08-01T02:35:56.058+0000] GC(750)   Pre Evacuate Collection Set: 0.1ms
[2025-08-01T02:35:56.058+0000] GC(750)   Evacuate Collection Set: 93.5ms
[2025-08-01T02:35:56.058+0000] GC(750)   Post Evacuate Collection Set: 0.9ms
[2025-08-01T02:35:56.058+0000] GC(750)   Other: 0.3ms
[2025-08-01T02:35:56.058+0000] GC(750) Eden regions: 274->0(62)
[2025-08-01T02:35:56.058+0000] GC(750) Survivor regions: 44->40(40)
[2025-08-01T02:35:56.058+0000] GC(750) Old regions: 1020->1299
[2025-08-01T02:35:56.058+0000] GC(750) Humongous regions: 0->0
[2025-08-01T02:35:56.058+0000] GC(750) Metaspace: 9706K(12544K)->9706K(12544K) NonClass: 8540K(11008K)->8540K(11008K) Class: 1166K(1536K)->1166K(1536K)
[2025-08-01T02:35:56.058+0000] GC(750) Pause Young (Prepare Mixed) (G1 Evacuation Pause) 2672M->2674M(4096M) 94.920ms
[2025-08-01T02:35:56.058+0000] GC(750) User=0.73s Sys=0.00s Real=0.09s
[2025-08-01T02:35:56.069+0000] GC(751) Pause Young (Mixed) (G1 Evacuation Pause)
[2025-08-01T02:35:56.069+0000] GC(751) Using 8 workers of 8 for evacuation
[2025-08-01T02:35:56.105+0000] GC(751)   Pre Evacuate Collection Set: 0.1ms
[2025-08-01T02:35:56.105+0000] GC(751)   Evacuate Collection Set: 33.7ms
[2025-08-01T02:35:56.105+0000] GC(751)   Post Evacuate Collection Set: 1.2ms
[2025-08-01T02:35:56.105+0000] GC(751)   Other: 0.4ms
[2025-08-01T02:35:56.105+0000] GC(751) Eden regions: 62->0(167)
[2025-08-01T02:35:56.105+0000] GC(751) Survivor regions: 40->13(13)
[2025-08-01T02:35:56.105+0000] GC(751) Old regions: 1299->1317
[2025-08-01T02:35:56.105+0000] GC(751) Humongous regions: 0->0
[2025-08-01T02:35:56.105+0000] GC(751) Metaspace: 9706K(12544K)->9706K(12544K) NonClass: 8540K(11008K)->8540K(11008K) Class: 1166K(1536K)->1166K(1536K)
[2025-08-01T02:35:56.105+0000] GC(751) Pause Young (Mixed) (G1 Evacuation Pause) 2798M->2656M(4096M) 35.687ms
[2025-08-01T02:35:56.105+0000] GC(751) User=0.26s Sys=0.01s Real=0.04s
[2025-08-01T02:35:56.181+0000] GC(752) Pause Young (Concurrent Start) (G1 Evacuation Pause)
[2025-08-01T02:35:56.181+0000] GC(752) Using 8 workers of 8 for evacuation
[2025-08-01T02:35:56.308+0000] GC(752)   Pre Evacuate Collection Set: 0.5ms
[2025-08-01T02:35:56.308+0000] GC(752)   Evacuate Collection Set: 124.1ms
[2025-08-01T02:35:56.308+0000] GC(752)   Post Evacuate Collection Set: 1.0ms
[2025-08-01T02:35:56.308+0000] GC(752)   Other: 0.8ms
[2025-08-01T02:35:56.308+0000] GC(752) Eden regions: 167->0(111)
[2025-08-01T02:35:56.308+0000] GC(752) Survivor regions: 13->23(23)
[2025-08-01T02:35:56.308+0000] GC(752) Old regions: 1317->1468
[2025-08-01T02:35:56.308+0000] GC(752) Humongous regions: 0->0
[2025-08-01T02:35:56.308+0000] GC(752) Metaspace: 9706K(12544K)->9706K(12544K) NonClass: 8540K(11008K)->8540K(11008K) Class: 1166K(1536K)->1166K(1536K)
[2025-08-01T02:35:56.308+0000] GC(752) Pause Young (Concurrent Start) (G1 Evacuation Pause) 2990M->2978M(4096M) 126.484ms
[2025-08-01T02:35:56.308+0000] GC(752) User=0.93s Sys=0.03s Real=0.13s
[2025-08-01T02:35:56.308+0000] GC(753) Concurrent Cycle
[2025-08-01T02:35:56.308+0000] GC(753) Concurrent Clear Claimed Marks
[2025-08-01T02:35:56.308+0000] GC(753) Concurrent Clear Claimed Marks 0.051ms
[2025-08-01T02:35:56.308+0000] GC(753) Concurrent Scan Root Regions
[2025-08-01T02:35:56.314+0000] GC(753) Concurrent Scan Root Regions 6.209ms
[2025-08-01T02:35:56.314+0000] GC(753) Concurrent Mark (95.310s)
[2025-08-01T02:35:56.314+0000] GC(753) Concurrent Mark From Roots
[2025-08-01T02:35:56.314+0000] GC(753) Using 2 workers of 2 for marking
[2025-08-01T02:35:56.375+0000] GC(754) Pause Young (Normal) (G1 Evacuation Pause)
[2025-08-01T02:35:56.375+0000] GC(754) Using 8 workers of 8 for evacuation
[2025-08-01T02:35:56.425+0000] GC(754)   Pre Evacuate Collection Set: 0.1ms
[2025-08-01T02:35:56.425+0000] GC(754)   Evacuate Collection Set: 49.5ms
[2025-08-01T02:35:56.425+0000] GC(754)   Post Evacuate Collection Set: 0.6ms
[2025-08-01T02:35:56.425+0000] GC(754)   Other: 0.4ms
[2025-08-01T02:35:56.425+0000] GC(754) Eden regions: 111->0(85)
[2025-08-01T02:35:56.425+0000] GC(754) Survivor regions: 23->17(17)
[2025-08-01T02:35:56.425+0000] GC(754) Old regions: 1468->1568
[2025-08-01T02:35:56.425+0000] GC(754) Humongous regions: 0->0
[2025-08-01T02:35:56.425+0000] GC(754) Metaspace: 9706K(12544K)->9706K(12544K) NonClass: 8540K(11008K)->8540K(11008K) Class: 1166K(1536K)->1166K(1536K)
[2025-08-01T02:35:56.426+0000] GC(754) Pause Young (Normal) (G1 Evacuation Pause) 3200M->3167M(4096M) 50.707ms
[2025-08-01T02:35:56.426+0000] GC(754) User=0.36s Sys=0.03s Real=0.05s
[2025-08-01T02:35:56.441+0000] GC(755) Pause Young (Normal) (G1 Evacuation Pause)
[2025-08-01T02:35:56.441+0000] GC(755) Using 8 workers of 8 for evacuation
[2025-08-01T02:35:56.474+0000] GC(755)   Pre Evacuate Collection Set: 0.1ms
[2025-08-01T02:35:56.474+0000] GC(755)   Evacuate Collection Set: 32.2ms
[2025-08-01T02:35:56.474+0000] GC(755)   Post Evacuate Collection Set: 0.5ms
[2025-08-01T02:35:56.474+0000] GC(755)   Other: 0.3ms
[2025-08-01T02:35:56.474+0000] GC(755) Eden regions: 85->0(89)
[2025-08-01T02:35:56.474+0000] GC(755) Survivor regions: 17->13(13)
[2025-08-01T02:35:56.474+0000] GC(755) Old regions: 1568->1659
[2025-08-01T02:35:56.474+0000] GC(755) Humongous regions: 0->0
[2025-08-01T02:35:56.474+0000] GC(755) Metaspace: 9706K(12544K)->9706K(12544K) NonClass: 8540K(11008K)->8540K(11008K) Class: 1166K(1536K)->1166K(1536K)
[2025-08-01T02:35:56.474+0000] GC(755) Pause Young (Normal) (G1 Evacuation Pause) 3337M->3341M(4096M) 33.188ms
[2025-08-01T02:35:56.474+0000] GC(755) User=0.25s Sys=0.00s Real=0.04s
[2025-08-01T02:35:56.538+0000] GC(756) Pause Young (Normal) (G1 Evacuation Pause)
[2025-08-01T02:35:56.538+0000] GC(756) Using 8 workers of 8 for evacuation
[2025-08-01T02:35:56.573+0000] GC(756)   Pre Evacuate Collection Set: 0.1ms
[2025-08-01T02:35:56.573+0000] GC(756)   Evacuate Collection Set: 34.1ms
[2025-08-01T02:35:56.573+0000] GC(756)   Post Evacuate Collection Set: 0.7ms
[2025-08-01T02:35:56.573+0000] GC(756)   Other: 0.3ms
[2025-08-01T02:35:56.573+0000] GC(756) Eden regions: 89->0(89)
[2025-08-01T02:35:56.573+0000] GC(756) Survivor regions: 13->13(13)
[2025-08-01T02:35:56.573+0000] GC(756) Old regions: 1659->1724
[2025-08-01T02:35:56.573+0000] GC(756) Humongous regions: 0->0
[2025-08-01T02:35:56.573+0000] GC(756) Metaspace: 9706K(12544K)->9706K(12544K) NonClass: 8540K(11008K)->8540K(11008K) Class: 1166K(1536K)->1166K(1536K)
[2025-08-01T02:35:56.573+0000] GC(756) Pause Young (Normal) (G1 Evacuation Pause) 3519M->3470M(4096M) 35.222ms
[2025-08-01T02:35:56.573+0000] GC(756) User=0.26s Sys=0.01s Real=0.04s
[2025-08-01T02:35:56.590+0000] GC(757) Pause Young (Normal) (G1 Evacuation Pause)
[2025-08-01T02:35:56.590+0000] GC(757) Using 8 workers of 8 for evacuation
[2025-08-01T02:35:56.628+0000] GC(757)   Pre Evacuate Collection Set: 0.1ms
[2025-08-01T02:35:56.628+0000] GC(757)   Evacuate Collection Set: 37.2ms
[2025-08-01T02:35:56.628+0000] GC(757)   Post Evacuate Collection Set: 0.6ms
[2025-08-01T02:35:56.628+0000] GC(757)   Other: 0.3ms
[2025-08-01T02:35:56.628+0000] GC(757) Eden regions: 89->0(89)
[2025-08-01T02:35:56.628+0000] GC(757) Survivor regions: 13->13(13)
[2025-08-01T02:35:56.628+0000] GC(757) Old regions: 1724->1815
[2025-08-01T02:35:56.628+0000] GC(757) Humongous regions: 0->0
[2025-08-01T02:35:56.628+0000] GC(757) Metaspace: 9706K(12544K)->9706K(12544K) NonClass: 8540K(11008K)->8540K(11008K) Class: 1166K(1536K)->1166K(1536K)
[2025-08-01T02:35:56.628+0000] GC(757) Pause Young (Normal) (G1 Evacuation Pause) 3648M->3652M(4096M) 38.314ms
[2025-08-01T02:35:56.629+0000] GC(757) User=0.29s Sys=0.01s Real=0.04s
[2025-08-01T02:35:56.679+0000] GC(753) Concurrent Mark From Roots 364.367ms
[2025-08-01T02:35:56.679+0000] GC(753) Concurrent Preclean
[2025-08-01T02:35:56.679+0000] GC(753) Concurrent Preclean 0.305ms
[2025-08-01T02:35:56.679+0000] GC(753) Concurrent Mark (95.310s, 95.675s) 364.769ms
[2025-08-01T02:35:56.679+0000] GC(753) Pause Remark
[2025-08-01T02:35:56.682+0000] GC(753) Cleaned string and symbol table, strings: 2833 processed, 0 removed, symbols: 23489 processed, 0 removed
[2025-08-01T02:35:56.684+0000] GC(753) Pause Remark 3794M->2164M(4096M) 4.512ms
[2025-08-01T02:35:56.684+0000] GC(753) User=0.01s Sys=0.00s Real=0.01s
[2025-08-01T02:35:56.684+0000] GC(753) Concurrent Rebuild Remembered Sets
[2025-08-01T02:35:56.695+0000] GC(758) Pause Young (Normal) (G1 Evacuation Pause)
[2025-08-01T02:35:56.695+0000] GC(758) Using 8 workers of 8 for evacuation
[2025-08-01T02:35:56.732+0000] GC(758)   Pre Evacuate Collection Set: 0.2ms
[2025-08-01T02:35:56.732+0000] GC(758)   Evacuate Collection Set: 36.6ms
[2025-08-01T02:35:56.732+0000] GC(758)   Post Evacuate Collection Set: 0.7ms
[2025-08-01T02:35:56.733+0000] GC(758)   Other: 0.3ms
[2025-08-01T02:35:56.733+0000] GC(758) Eden regions: 89->0(257)
[2025-08-01T02:35:56.733+0000] GC(758) Survivor regions: 13->13(13)
[2025-08-01T02:35:56.733+0000] GC(758) Old regions: 1000->1068
[2025-08-01T02:35:56.733+0000] GC(758) Humongous regions: 0->0
[2025-08-01T02:35:56.733+0000] GC(758) Metaspace: 9706K(12544K)->9706K(12544K) NonClass: 8540K(11008K)->8540K(11008K) Class: 1166K(1536K)->1166K(1536K)
[2025-08-01T02:35:56.733+0000] GC(758) Pause Young (Normal) (G1 Evacuation Pause) 2200M->2158M(4096M) 37.977ms
[2025-08-01T02:35:56.733+0000] GC(758) User=0.28s Sys=0.01s Real=0.03s
[2025-08-01T02:35:56.825+0000] GC(759) Pause Young (Normal) (G1 Evacuation Pause)
[2025-08-01T02:35:56.825+0000] GC(759) Using 8 workers of 8 for evacuation
[2025-08-01T02:35:56.919+0000] GC(759)   Pre Evacuate Collection Set: 0.2ms
[2025-08-01T02:35:56.919+0000] GC(759)   Evacuate Collection Set: 93.2ms
[2025-08-01T02:35:56.919+0000] GC(759)   Post Evacuate Collection Set: 0.8ms
[2025-08-01T02:35:56.919+0000] GC(759)   Other: 0.3ms
[2025-08-01T02:35:56.919+0000] GC(759) Eden regions: 257->0(160)
[2025-08-01T02:35:56.919+0000] GC(759) Survivor regions: 13->34(34)
[2025-08-01T02:35:56.919+0000] GC(759) Old regions: 1068->1305
[2025-08-01T02:35:56.919+0000] GC(759) Humongous regions: 0->0
[2025-08-01T02:35:56.919+0000] GC(759) Metaspace: 9706K(12544K)->9706K(12544K) NonClass: 8540K(11008K)->8540K(11008K) Class: 1166K(1536K)->1166K(1536K)
[2025-08-01T02:35:56.919+0000] GC(759) Pause Young (Normal) (G1 Evacuation Pause) 2672M->2675M(4096M) 94.738ms
[2025-08-01T02:35:56.919+0000] GC(759) User=0.73s Sys=0.01s Real=0.09s
[2025-08-01T02:35:56.995+0000] GC(760) Pause Young (Normal) (G1 Evacuation Pause)
[2025-08-01T02:35:56.995+0000] GC(760) Using 8 workers of 8 for evacuation
[2025-08-01T02:35:57.060+0000] GC(760)   Pre Evacuate Collection Set: 0.1ms
[2025-08-01T02:35:57.060+0000] GC(760)   Evacuate Collection Set: 63.7ms
[2025-08-01T02:35:57.060+0000] GC(760)   Post Evacuate Collection Set: 0.8ms
[2025-08-01T02:35:57.060+0000] GC(760)   Other: 0.4ms
[2025-08-01T02:35:57.060+0000] GC(760) Eden regions: 160->0(111)
[2025-08-01T02:35:57.060+0000] GC(760) Survivor regions: 34->25(25)
[2025-08-01T02:35:57.060+0000] GC(760) Old regions: 1305->1464
[2025-08-01T02:35:57.060+0000] GC(760) Humongous regions: 0->0
[2025-08-01T02:35:57.060+0000] GC(760) Metaspace: 9706K(12544K)->9706K(12544K) NonClass: 8540K(11008K)->8540K(11008K) Class: 1166K(1536K)->1166K(1536K)
[2025-08-01T02:35:57.060+0000] GC(760) Pause Young (Normal) (G1 Evacuation Pause) 2995M->2974M(4096M) 65.220ms
[2025-08-01T02:35:57.060+0000] GC(760) User=0.50s Sys=0.01s Real=0.06s
[2025-08-01T02:35:57.080+0000] GC(761) Pause Young (Normal) (G1 Evacuation Pause)
[2025-08-01T02:35:57.080+0000] GC(761) Using 8 workers of 8 for evacuation
[2025-08-01T02:35:57.121+0000] GC(761)   Pre Evacuate Collection Set: 0.1ms
[2025-08-01T02:35:57.121+0000] GC(761)   Evacuate Collection Set: 40.2ms
[2025-08-01T02:35:57.121+0000] GC(761)   Post Evacuate Collection Set: 0.7ms
[2025-08-01T02:35:57.121+0000] GC(761)   Other: 0.2ms
[2025-08-01T02:35:57.121+0000] GC(761) Eden regions: 111->0(85)
[2025-08-01T02:35:57.121+0000] GC(761) Survivor regions: 25->17(17)
[2025-08-01T02:35:57.121+0000] GC(761) Old regions: 1464->1584
[2025-08-01T02:35:57.121+0000] GC(761) Humongous regions: 0->0
[2025-08-01T02:35:57.121+0000] GC(761) Metaspace: 9706K(12544K)->9706K(12544K) NonClass: 8540K(11008K)->8540K(11008K) Class: 1166K(1536K)->1166K(1536K)
[2025-08-01T02:35:57.122+0000] GC(761) Pause Young (Normal) (G1 Evacuation Pause) 3196M->3199M(4096M) 41.431ms
[2025-08-01T02:35:57.122+0000] GC(761) User=0.31s Sys=0.00s Real=0.04s
[2025-08-01T02:35:57.187+0000] GC(762) Pause Young (Normal) (G1 Evacuation Pause)
[2025-08-01T02:35:57.187+0000] GC(762) Using 8 workers of 8 for evacuation
[2025-08-01T02:35:57.233+0000] GC(762)   Pre Evacuate Collection Set: 0.1ms
[2025-08-01T02:35:57.233+0000] GC(762)   Evacuate Collection Set: 44.8ms
[2025-08-01T02:35:57.233+0000] GC(762)   Post Evacuate Collection Set: 0.9ms
[2025-08-01T02:35:57.233+0000] GC(762)   Other: 0.3ms
[2025-08-01T02:35:57.233+0000] GC(762) Eden regions: 85->0(89)
[2025-08-01T02:35:57.233+0000] GC(762) Survivor regions: 17->13(13)
[2025-08-01T02:35:57.234+0000] GC(762) Old regions: 1584->1657
[2025-08-01T02:35:57.234+0000] GC(762) Humongous regions: 0->0
[2025-08-01T02:35:57.234+0000] GC(762) Metaspace: 9706K(12544K)->9706K(12544K) NonClass: 8540K(11008K)->8540K(11008K) Class: 1166K(1536K)->1166K(1536K)
[2025-08-01T02:35:57.234+0000] GC(762) Pause Young (Normal) (G1 Evacuation Pause) 3369M->3337M(4096M) 46.403ms
[2025-08-01T02:35:57.234+0000] GC(762) User=0.34s Sys=0.01s Real=0.05s
[2025-08-01T02:35:57.250+0000] GC(763) Pause Young (Normal) (G1 Evacuation Pause)
[2025-08-01T02:35:57.250+0000] GC(763) Using 8 workers of 8 for evacuation
[2025-08-01T02:35:57.284+0000] GC(763)   Pre Evacuate Collection Set: 0.1ms
[2025-08-01T02:35:57.284+0000] GC(763)   Evacuate Collection Set: 32.6ms
[2025-08-01T02:35:57.284+0000] GC(763)   Post Evacuate Collection Set: 0.5ms
[2025-08-01T02:35:57.284+0000] GC(763)   Other: 0.3ms
[2025-08-01T02:35:57.284+0000] GC(763) Eden regions: 89->0(89)
[2025-08-01T02:35:57.284+0000] GC(763) Survivor regions: 13->13(13)
[2025-08-01T02:35:57.284+0000] GC(763) Old regions: 1657->1749
[2025-08-01T02:35:57.284+0000] GC(763) Humongous regions: 0->0
[2025-08-01T02:35:57.284+0000] GC(763) Metaspace: 9706K(12544K)->9706K(12544K) NonClass: 8540K(11008K)->8540K(11008K) Class: 1166K(1536K)->1166K(1536K)
[2025-08-01T02:35:57.284+0000] GC(763) Pause Young (Normal) (G1 Evacuation Pause) 3515M->3520M(4096M) 33.660ms
[2025-08-01T02:35:57.284+0000] GC(763) User=0.25s Sys=0.00s Real=0.04s
[2025-08-01T02:35:57.292+0000] GC(753) Concurrent Rebuild Remembered Sets 608.281ms
[2025-08-01T02:35:57.293+0000] GC(753) Pause Cleanup
[2025-08-01T02:35:57.294+0000] GC(753) Pause Cleanup 3610M->3610M(4096M) 0.930ms
[2025-08-01T02:35:57.294+0000] GC(753) User=0.00s Sys=0.00s Real=0.00s
[2025-08-01T02:35:57.294+0000] GC(753) Concurrent Cleanup for Next Mark
[2025-08-01T02:35:57.303+0000] GC(753) Concurrent Cleanup for Next Mark 8.310ms
[2025-08-01T02:35:57.303+0000] GC(753) Concurrent Cycle 994.577ms
[2025-08-01T02:35:57.350+0000] GC(764) Pause Young (Prepare Mixed) (G1 Evacuation Pause)
[2025-08-01T02:35:57.350+0000] GC(764) Using 8 workers of 8 for evacuation
[2025-08-01T02:35:57.410+0000] GC(764)   Pre Evacuate Collection Set: 0.1ms
[2025-08-01T02:35:57.410+0000] GC(764)   Evacuate Collection Set: 58.5ms
[2025-08-01T02:35:57.410+0000] GC(764)   Post Evacuate Collection Set: 0.8ms
[2025-08-01T02:35:57.410+0000] GC(764)   Other: 0.4ms
[2025-08-01T02:35:57.410+0000] GC(764) Eden regions: 89->0(89)
[2025-08-01T02:35:57.410+0000] GC(764) Survivor regions: 13->13(13)
[2025-08-01T02:35:57.410+0000] GC(764) Old regions: 1749->1824
[2025-08-01T02:35:57.410+0000] GC(764) Humongous regions: 0->0
[2025-08-01T02:35:57.410+0000] GC(764) Metaspace: 9706K(12544K)->9706K(12544K) NonClass: 8540K(11008K)->8540K(11008K) Class: 1166K(1536K)->1166K(1536K)
[2025-08-01T02:35:57.410+0000] GC(764) Pause Young (Prepare Mixed) (G1 Evacuation Pause) 3698M->3670M(4096M) 59.870ms
[2025-08-01T02:35:57.410+0000] GC(764) User=0.45s Sys=0.01s Real=0.06s
[2025-08-01T02:35:57.426+0000] GC(765) Pause Young (Mixed) (G1 Evacuation Pause)
[2025-08-01T02:35:57.426+0000] GC(765) Using 8 workers of 8 for evacuation
[2025-08-01T02:35:57.465+0000] GC(765)   Pre Evacuate Collection Set: 0.1ms
[2025-08-01T02:35:57.465+0000] GC(765)   Evacuate Collection Set: 38.0ms
[2025-08-01T02:35:57.465+0000] GC(765)   Post Evacuate Collection Set: 0.7ms
[2025-08-01T02:35:57.465+0000] GC(765)   Other: 0.5ms
[2025-08-01T02:35:57.465+0000] GC(765) Eden regions: 89->0(89)
[2025-08-01T02:35:57.465+0000] GC(765) Survivor regions: 13->13(13)
[2025-08-01T02:35:57.465+0000] GC(765) Old regions: 1824->1857
[2025-08-01T02:35:57.465+0000] GC(765) Humongous regions: 0->0
[2025-08-01T02:35:57.465+0000] GC(765) Metaspace: 9706K(12544K)->9706K(12544K) NonClass: 8540K(11008K)->8540K(11008K) Class: 1166K(1536K)->1166K(1536K)
[2025-08-01T02:35:57.465+0000] GC(765) Pause Young (Mixed) (G1 Evacuation Pause) 3848M->3737M(4096M) 39.543ms
[2025-08-01T02:35:57.465+0000] GC(765) User=0.29s Sys=0.01s Real=0.04s
[2025-08-01T02:35:57.529+0000] GC(766) Pause Young (Concurrent Start) (G1 Evacuation Pause)
[2025-08-01T02:35:57.529+0000] GC(766) Using 8 workers of 8 for evacuation
[2025-08-01T02:35:57.582+0000] GC(766) To-space exhausted
[2025-08-01T02:35:57.582+0000] GC(766)   Pre Evacuate Collection Set: 0.1ms
[2025-08-01T02:35:57.582+0000] GC(766)   Evacuate Collection Set: 46.6ms
[2025-08-01T02:35:57.582+0000] GC(766)   Post Evacuate Collection Set: 5.2ms
[2025-08-01T02:35:57.582+0000] GC(766)   Other: 0.5ms
[2025-08-01T02:35:57.582+0000] GC(766) Eden regions: 89->0(89)
[2025-08-01T02:35:57.582+0000] GC(766) Survivor regions: 13->13(13)
[2025-08-01T02:35:57.582+0000] GC(766) Old regions: 1857->1953
[2025-08-01T02:35:57.582+0000] GC(766) Humongous regions: 0->0
[2025-08-01T02:35:57.582+0000] GC(766) Metaspace: 9706K(12544K)->9706K(12544K) NonClass: 8540K(11008K)->8540K(11008K) Class: 1166K(1536K)->1166K(1536K)
[2025-08-01T02:35:57.582+0000] GC(766) Pause Young (Concurrent Start) (G1 Evacuation Pause) 3915M->3929M(4096M) 52.454ms
[2025-08-01T02:35:57.582+0000] GC(766) User=0.32s Sys=0.03s Real=0.05s
[2025-08-01T02:35:57.582+0000] GC(767) Concurrent Cycle
[2025-08-01T02:35:57.582+0000] GC(767) Concurrent Clear Claimed Marks
[2025-08-01T02:35:57.582+0000] GC(767) Concurrent Clear Claimed Marks 0.042ms
[2025-08-01T02:35:57.582+0000] GC(767) Concurrent Scan Root Regions
[2025-08-01T02:35:57.586+0000] GC(767) Concurrent Scan Root Regions 3.897ms
[2025-08-01T02:35:57.586+0000] GC(767) Concurrent Mark (96.582s)
[2025-08-01T02:35:57.586+0000] GC(767) Concurrent Mark From Roots
[2025-08-01T02:35:57.586+0000] GC(767) Using 2 workers of 2 for marking
[2025-08-01T02:35:57.600+0000] GC(768) Pause Young (Normal) (G1 Evacuation Pause)
[2025-08-01T02:35:57.600+0000] GC(768) Using 8 workers of 8 for evacuation
[2025-08-01T02:35:57.625+0000] GC(768) To-space exhausted
[2025-08-01T02:35:57.625+0000] GC(768)   Pre Evacuate Collection Set: 0.1ms
[2025-08-01T02:35:57.625+0000] GC(768)   Evacuate Collection Set: 15.1ms
[2025-08-01T02:35:57.625+0000] GC(768)   Post Evacuate Collection Set: 10.0ms
[2025-08-01T02:35:57.625+0000] GC(768)   Other: 0.3ms
[2025-08-01T02:35:57.625+0000] GC(768) Eden regions: 82->0(102)
[2025-08-01T02:35:57.625+0000] GC(768) Survivor regions: 13->0(13)
[2025-08-01T02:35:57.626+0000] GC(768) Old regions: 1953->2048
[2025-08-01T02:35:57.626+0000] GC(768) Humongous regions: 0->0
[2025-08-01T02:35:57.626+0000] GC(768) Metaspace: 9706K(12544K)->9706K(12544K) NonClass: 8540K(11008K)->8540K(11008K) Class: 1166K(1536K)->1166K(1536K)
[2025-08-01T02:35:57.626+0000] GC(768) Pause Young (Normal) (G1 Evacuation Pause) 4093M->4093M(4096M) 25.567ms
[2025-08-01T02:35:57.626+0000] GC(768) User=0.19s Sys=0.00s Real=0.03s
[2025-08-01T02:35:57.626+0000] GC(769) Using 8 workers of 8 for full compaction
[2025-08-01T02:35:57.626+0000] GC(769) Pause Full (G1 Evacuation Pause)
[2025-08-01T02:35:57.630+0000] GC(769) Phase 1: Mark live objects
[2025-08-01T02:35:57.669+0000] GC(769) Cleaned string and symbol table, strings: 2833 processed, 0 removed, symbols: 23489 processed, 0 removed
[2025-08-01T02:35:57.669+0000] GC(769) Phase 1: Mark live objects 38.683ms
[2025-08-01T02:35:57.669+0000] GC(769) Phase 2: Prepare for compaction
[2025-08-01T02:35:57.711+0000] GC(769) Phase 2: Prepare for compaction 41.478ms
[2025-08-01T02:35:57.711+0000] GC(769) Phase 3: Adjust pointers
[2025-08-01T02:35:57.746+0000] GC(769) Phase 3: Adjust pointers 35.384ms
[2025-08-01T02:35:57.746+0000] GC(769) Phase 4: Compact heap
[2025-08-01T02:35:57.876+0000] GC(769) Phase 4: Compact heap 130.157ms
[2025-08-01T02:35:57.879+0000] GC(769) Eden regions: 0->0(514)
[2025-08-01T02:35:57.879+0000] GC(769) Survivor regions: 0->0(13)
[2025-08-01T02:35:57.879+0000] GC(769) Old regions: 2048->453
[2025-08-01T02:35:57.879+0000] GC(769) Humongous regions: 0->0
[2025-08-01T02:35:57.879+0000] GC(769) Metaspace: 9706K(12544K)->9706K(12544K) NonClass: 8540K(11008K)->8540K(11008K) Class: 1166K(1536K)->1166K(1536K)
[2025-08-01T02:35:57.879+0000] GC(769) Pause Full (G1 Evacuation Pause) 4093M->893M(4096M) 253.732ms
[2025-08-01T02:35:57.879+0000] GC(769) User=1.89s Sys=0.02s Real=0.25s
[2025-08-01T02:35:57.880+0000] GC(767) Concurrent Mark From Roots 293.954ms
[2025-08-01T02:35:57.880+0000] GC(767) Concurrent Mark Abort
[2025-08-01T02:35:57.880+0000] GC(767) Concurrent Cycle 298.052ms
[2025-08-01T02:35:58.122+0000] GC(770) Pause Young (Normal) (G1 Evacuation Pause)
[2025-08-01T02:35:58.122+0000] GC(770) Using 8 workers of 8 for evacuation
[2025-08-01T02:35:58.434+0000] GC(770) MMU target violated: 201.0ms (200.0ms/201.0ms)
[2025-08-01T02:35:58.434+0000] GC(770)   Pre Evacuate Collection Set: 0.1ms
[2025-08-01T02:35:58.434+0000] GC(770)   Evacuate Collection Set: 310.0ms
[2025-08-01T02:35:58.434+0000] GC(770)   Post Evacuate Collection Set: 1.0ms
[2025-08-01T02:35:58.434+0000] GC(770)   Other: 0.7ms
[2025-08-01T02:35:58.434+0000] GC(770) Eden regions: 514->0(357)
[2025-08-01T02:35:58.434+0000] GC(770) Survivor regions: 0->65(65)
[2025-08-01T02:35:58.434+0000] GC(770) Old regions: 453->768
[2025-08-01T02:35:58.434+0000] GC(770) Humongous regions: 0->0
[2025-08-01T02:35:58.434+0000] GC(770) Metaspace: 9706K(12544K)->9706K(12544K) NonClass: 8540K(11008K)->8540K(11008K) Class: 1166K(1536K)->1166K(1536K)
[2025-08-01T02:35:58.434+0000] GC(770) Pause Young (Normal) (G1 Evacuation Pause) 1921M->1653M(4096M) 311.770ms
[2025-08-01T02:35:58.434+0000] GC(770) User=2.32s Sys=0.10s Real=0.32s
[2025-08-01T02:35:58.598+0000] GC(771) Pause Young (Concurrent Start) (G1 Evacuation Pause)
[2025-08-01T02:35:58.598+0000] GC(771) Using 8 workers of 8 for evacuation
[2025-08-01T02:35:58.731+0000] GC(771)   Pre Evacuate Collection Set: 0.1ms
[2025-08-01T02:35:58.731+0000] GC(771)   Evacuate Collection Set: 131.5ms
[2025-08-01T02:35:58.731+0000] GC(771)   Post Evacuate Collection Set: 1.6ms
[2025-08-01T02:35:58.731+0000] GC(771)   Other: 0.5ms
[2025-08-01T02:35:58.731+0000] GC(771) Eden regions: 357->0(253)
[2025-08-01T02:35:58.731+0000] GC(771) Survivor regions: 65->53(53)
[2025-08-01T02:35:58.732+0000] GC(771) Old regions: 768->1030
[2025-08-01T02:35:58.732+0000] GC(771) Humongous regions: 0->0
[2025-08-01T02:35:58.732+0000] GC(771) Metaspace: 9706K(12544K)->9706K(12544K) NonClass: 8540K(11008K)->8540K(11008K) Class: 1166K(1536K)->1166K(1536K)
[2025-08-01T02:35:58.732+0000] GC(771) Pause Young (Concurrent Start) (G1 Evacuation Pause) 2367M->2153M(4096M) 133.901ms
[2025-08-01T02:35:58.732+0000] GC(771) User=0.96s Sys=0.04s Real=0.13s
[2025-08-01T02:35:58.732+0000] GC(772) Concurrent Cycle
[2025-08-01T02:35:58.732+0000] GC(772) Concurrent Clear Claimed Marks
[2025-08-01T02:35:58.732+0000] GC(772) Concurrent Clear Claimed Marks 0.069ms
[2025-08-01T02:35:58.732+0000] GC(772) Concurrent Scan Root Regions
[2025-08-01T02:35:58.744+0000] GC(772) Concurrent Scan Root Regions 12.233ms
[2025-08-01T02:35:58.744+0000] GC(772) Concurrent Mark (97.740s)
[2025-08-01T02:35:58.744+0000] GC(772) Concurrent Mark From Roots
[2025-08-01T02:35:58.744+0000] GC(772) Using 2 workers of 2 for marking
[2025-08-01T02:35:58.826+0000] GC(773) Pause Young (Normal) (G1 Evacuation Pause)
[2025-08-01T02:35:58.826+0000] GC(773) Using 8 workers of 8 for evacuation
[2025-08-01T02:35:58.920+0000] GC(773)   Pre Evacuate Collection Set: 0.1ms
[2025-08-01T02:35:58.921+0000] GC(773)   Evacuate Collection Set: 93.7ms
[2025-08-01T02:35:58.921+0000] GC(773)   Post Evacuate Collection Set: 0.9ms
[2025-08-01T02:35:58.921+0000] GC(773)   Other: 0.3ms
[2025-08-01T02:35:58.921+0000] GC(773) Eden regions: 253->0(178)
[2025-08-01T02:35:58.921+0000] GC(773) Survivor regions: 53->39(39)
[2025-08-01T02:35:58.921+0000] GC(773) Old regions: 1030->1253
[2025-08-01T02:35:58.921+0000] GC(773) Humongous regions: 0->0
[2025-08-01T02:35:58.921+0000] GC(773) Metaspace: 9706K(12544K)->9706K(12544K) NonClass: 8540K(11008K)->8540K(11008K) Class: 1166K(1536K)->1166K(1536K)
[2025-08-01T02:35:58.921+0000] GC(773) Pause Young (Normal) (G1 Evacuation Pause) 2659M->2571M(4096M) 95.125ms
[2025-08-01T02:35:58.921+0000] GC(773) User=0.72s Sys=0.03s Real=0.09s
[2025-08-01T02:35:58.987+0000] GC(772) Concurrent Mark From Roots 242.545ms
[2025-08-01T02:35:58.987+0000] GC(772) Concurrent Preclean
[2025-08-01T02:35:58.987+0000] GC(772) Concurrent Preclean 0.323ms
[2025-08-01T02:35:58.987+0000] GC(772) Concurrent Mark (97.740s, 97.983s) 242.975ms
[2025-08-01T02:35:58.988+0000] GC(772) Pause Remark
[2025-08-01T02:35:58.991+0000] GC(772) Cleaned string and symbol table, strings: 2833 processed, 0 removed, symbols: 23489 processed, 0 removed
[2025-08-01T02:35:58.992+0000] GC(772) Pause Remark 2819M->1843M(4096M) 4.640ms
[2025-08-01T02:35:58.992+0000] GC(772) User=0.01s Sys=0.00s Real=0.00s
[2025-08-01T02:35:58.992+0000] GC(772) Concurrent Rebuild Remembered Sets
[2025-08-01T02:35:59.003+0000] GC(774) Pause Young (Normal) (G1 Evacuation Pause)
[2025-08-01T02:35:59.004+0000] GC(774) Using 8 workers of 8 for evacuation
[2025-08-01T02:35:59.074+0000] GC(774)   Pre Evacuate Collection Set: 0.1ms
[2025-08-01T02:35:59.074+0000] GC(774)   Evacuate Collection Set: 68.9ms
[2025-08-01T02:35:59.074+0000] GC(774)   Post Evacuate Collection Set: 0.9ms
[2025-08-01T02:35:59.074+0000] GC(774)   Other: 0.3ms
[2025-08-01T02:35:59.074+0000] GC(774) Eden regions: 178->0(286)
[2025-08-01T02:35:59.074+0000] GC(774) Survivor regions: 39->28(28)
[2025-08-01T02:35:59.074+0000] GC(774) Old regions: 760->951
[2025-08-01T02:35:59.074+0000] GC(774) Humongous regions: 0->0
[2025-08-01T02:35:59.074+0000] GC(774) Metaspace: 9706K(12544K)->9706K(12544K) NonClass: 8540K(11008K)->8540K(11008K) Class: 1166K(1536K)->1166K(1536K)
[2025-08-01T02:35:59.074+0000] GC(774) Pause Young (Normal) (G1 Evacuation Pause) 1951M->1955M(4096M) 70.269ms
[2025-08-01T02:35:59.074+0000] GC(774) User=0.51s Sys=0.00s Real=0.07s
[2025-08-01T02:35:59.173+0000] GC(775) Pause Young (Normal) (G1 Evacuation Pause)
[2025-08-01T02:35:59.173+0000] GC(775) Using 8 workers of 8 for evacuation
[2025-08-01T02:35:59.259+0000] GC(775)   Pre Evacuate Collection Set: 0.1ms
[2025-08-01T02:35:59.259+0000] GC(775)   Evacuate Collection Set: 84.7ms
[2025-08-01T02:35:59.259+0000] GC(775)   Post Evacuate Collection Set: 0.9ms
[2025-08-01T02:35:59.259+0000] GC(775)   Other: 0.3ms
[2025-08-01T02:35:59.259+0000] GC(775) Eden regions: 286->0(211)
[2025-08-01T02:35:59.259+0000] GC(775) Survivor regions: 28->40(40)
[2025-08-01T02:35:59.259+0000] GC(775) Old regions: 951->1150
[2025-08-01T02:35:59.259+0000] GC(775) Humongous regions: 0->0
[2025-08-01T02:35:59.259+0000] GC(775) Metaspace: 9706K(12544K)->9706K(12544K) NonClass: 8540K(11008K)->8540K(11008K) Class: 1166K(1536K)->1166K(1536K)
[2025-08-01T02:35:59.259+0000] GC(775) Pause Young (Normal) (G1 Evacuation Pause) 2527M->2376M(4096M) 86.139ms
[2025-08-01T02:35:59.259+0000] GC(775) User=0.64s Sys=0.02s Real=0.08s
[2025-08-01T02:35:59.341+0000] GC(776) Pause Young (Normal) (G1 Evacuation Pause)
[2025-08-01T02:35:59.341+0000] GC(776) Using 8 workers of 8 for evacuation
[2025-08-01T02:35:59.425+0000] GC(776)   Pre Evacuate Collection Set: 0.1ms
[2025-08-01T02:35:59.425+0000] GC(776)   Evacuate Collection Set: 82.1ms
[2025-08-01T02:35:59.425+0000] GC(776)   Post Evacuate Collection Set: 0.9ms
[2025-08-01T02:35:59.425+0000] GC(776)   Other: 0.3ms
[2025-08-01T02:35:59.425+0000] GC(776) Eden regions: 211->0(141)
[2025-08-01T02:35:59.425+0000] GC(776) Survivor regions: 40->32(32)
[2025-08-01T02:35:59.425+0000] GC(776) Old regions: 1150->1359
[2025-08-01T02:35:59.425+0000] GC(776) Humongous regions: 0->0
[2025-08-01T02:35:59.425+0000] GC(776) Metaspace: 9706K(12544K)->9706K(12544K) NonClass: 8540K(11008K)->8540K(11008K) Class: 1166K(1536K)->1166K(1536K)
[2025-08-01T02:35:59.425+0000] GC(776) Pause Young (Normal) (G1 Evacuation Pause) 2798M->2779M(4096M) 83.478ms
[2025-08-01T02:35:59.425+0000] GC(776) User=0.65s Sys=0.00s Real=0.09s
[2025-08-01T02:35:59.443+0000] GC(772) Concurrent Rebuild Remembered Sets 450.218ms
[2025-08-01T02:35:59.443+0000] GC(772) Pause Cleanup
[2025-08-01T02:35:59.444+0000] GC(772) Pause Cleanup 2907M->2907M(4096M) 0.608ms
[2025-08-01T02:35:59.444+0000] GC(772) User=0.00s Sys=0.00s Real=0.00s
[2025-08-01T02:35:59.444+0000] GC(772) Concurrent Cleanup for Next Mark
[2025-08-01T02:35:59.452+0000] GC(772) Concurrent Cleanup for Next Mark 8.492ms
[2025-08-01T02:35:59.453+0000] GC(772) Concurrent Cycle 720.817ms
[2025-08-01T02:35:59.493+0000] GC(777) Pause Young (Prepare Mixed) (G1 Evacuation Pause)
[2025-08-01T02:35:59.493+0000] GC(777) Using 8 workers of 8 for evacuation
[2025-08-01T02:35:59.584+0000] GC(777)   Pre Evacuate Collection Set: 0.1ms
[2025-08-01T02:35:59.584+0000] GC(777)   Evacuate Collection Set: 89.2ms
[2025-08-01T02:35:59.584+0000] GC(777)   Post Evacuate Collection Set: 0.7ms
[2025-08-01T02:35:59.584+0000] GC(777)   Other: 0.3ms
[2025-08-01T02:35:59.584+0000] GC(777) Eden regions: 141->0(80)
[2025-08-01T02:35:59.584+0000] GC(777) Survivor regions: 32->22(22)
[2025-08-01T02:35:59.584+0000] GC(777) Old regions: 1359->1480
[2025-08-01T02:35:59.584+0000] GC(777) Humongous regions: 0->0
[2025-08-01T02:35:59.584+0000] GC(777) Metaspace: 9706K(12544K)->9706K(12544K) NonClass: 8540K(11008K)->8540K(11008K) Class: 1166K(1536K)->1166K(1536K)
[2025-08-01T02:35:59.584+0000] GC(777) Pause Young (Prepare Mixed) (G1 Evacuation Pause) 3061M->3001M(4096M) 90.414ms
[2025-08-01T02:35:59.584+0000] GC(777) User=0.67s Sys=0.03s Real=0.09s
[2025-08-01T02:35:59.600+0000] GC(778) Pause Young (Mixed) (G1 Evacuation Pause)
[2025-08-01T02:35:59.600+0000] GC(778) Using 8 workers of 8 for evacuation
[2025-08-01T02:35:59.658+0000] GC(778)   Pre Evacuate Collection Set: 0.1ms
[2025-08-01T02:35:59.658+0000] GC(778)   Evacuate Collection Set: 56.6ms
[2025-08-01T02:35:59.658+0000] GC(778)   Post Evacuate Collection Set: 0.9ms
[2025-08-01T02:35:59.658+0000] GC(778)   Other: 0.5ms
[2025-08-01T02:35:59.658+0000] GC(778) Eden regions: 80->0(104)
[2025-08-01T02:35:59.658+0000] GC(778) Survivor regions: 22->13(13)
[2025-08-01T02:35:59.658+0000] GC(778) Old regions: 1480->1497
[2025-08-01T02:35:59.658+0000] GC(778) Humongous regions: 0->0
[2025-08-01T02:35:59.658+0000] GC(778) Metaspace: 9706K(12544K)->9706K(12544K) NonClass: 8540K(11008K)->8540K(11008K) Class: 1166K(1536K)->1166K(1536K)
[2025-08-01T02:35:59.658+0000] GC(778) Pause Young (Mixed) (G1 Evacuation Pause) 3161M->3016M(4096M) 58.359ms
[2025-08-01T02:35:59.658+0000] GC(778) User=0.44s Sys=0.01s Real=0.06s
[2025-08-01T02:35:59.680+0000] GC(779) Pause Young (Concurrent Start) (G1 Evacuation Pause)
[2025-08-01T02:35:59.680+0000] GC(779) Using 8 workers of 8 for evacuation
[2025-08-01T02:35:59.726+0000] GC(779)   Pre Evacuate Collection Set: 0.1ms
[2025-08-01T02:35:59.726+0000] GC(779)   Evacuate Collection Set: 44.1ms
[2025-08-01T02:35:59.726+0000] GC(779)   Post Evacuate Collection Set: 1.0ms
[2025-08-01T02:35:59.726+0000] GC(779)   Other: 0.3ms
[2025-08-01T02:35:59.726+0000] GC(779) Eden regions: 104->0(87)
[2025-08-01T02:35:59.726+0000] GC(779) Survivor regions: 13->15(15)
[2025-08-01T02:35:59.726+0000] GC(779) Old regions: 1497->1600
[2025-08-01T02:35:59.726+0000] GC(779) Humongous regions: 0->0
[2025-08-01T02:35:59.726+0000] GC(779) Metaspace: 9706K(12544K)->9706K(12544K) NonClass: 8540K(11008K)->8540K(11008K) Class: 1166K(1536K)->1166K(1536K)
[2025-08-01T02:35:59.726+0000] GC(779) Pause Young (Concurrent Start) (G1 Evacuation Pause) 3224M->3227M(4096M) 45.815ms
[2025-08-01T02:35:59.726+0000] GC(779) User=0.35s Sys=0.01s Real=0.05s
[2025-08-01T02:35:59.726+0000] GC(780) Concurrent Cycle
[2025-08-01T02:35:59.726+0000] GC(780) Concurrent Clear Claimed Marks
[2025-08-01T02:35:59.726+0000] GC(780) Concurrent Clear Claimed Marks 0.062ms
[2025-08-01T02:35:59.726+0000] GC(780) Concurrent Scan Root Regions
[2025-08-01T02:35:59.733+0000] GC(780) Concurrent Scan Root Regions 7.113ms
[2025-08-01T02:35:59.733+0000] GC(780) Concurrent Mark (98.729s)
[2025-08-01T02:35:59.733+0000] GC(780) Concurrent Mark From Roots
[2025-08-01T02:35:59.733+0000] GC(780) Using 2 workers of 2 for marking
[2025-08-01T02:35:59.749+0000] GC(781) Pause Young (Normal) (G1 Evacuation Pause)
[2025-08-01T02:35:59.749+0000] GC(781) Using 8 workers of 8 for evacuation
[2025-08-01T02:35:59.806+0000] GC(781)   Pre Evacuate Collection Set: 0.1ms
[2025-08-01T02:35:59.807+0000] GC(781)   Evacuate Collection Set: 56.5ms
[2025-08-01T02:35:59.807+0000] GC(781)   Post Evacuate Collection Set: 0.5ms
[2025-08-01T02:35:59.807+0000] GC(781)   Other: 0.3ms
[2025-08-01T02:35:59.807+0000] GC(781) Eden regions: 87->0(89)
[2025-08-01T02:35:59.807+0000] GC(781) Survivor regions: 15->13(13)
[2025-08-01T02:35:59.807+0000] GC(781) Old regions: 1600->1691
[2025-08-01T02:35:59.807+0000] GC(781) Humongous regions: 0->0
[2025-08-01T02:35:59.807+0000] GC(781) Metaspace: 9706K(12544K)->9706K(12544K) NonClass: 8540K(11008K)->8540K(11008K) Class: 1166K(1536K)->1166K(1536K)
[2025-08-01T02:35:59.807+0000] GC(781) Pause Young (Normal) (G1 Evacuation Pause) 3401M->3405M(4096M) 57.479ms
[2025-08-01T02:35:59.807+0000] GC(781) User=0.43s Sys=0.01s Real=0.06s
[2025-08-01T02:35:59.827+0000] GC(782) Pause Young (Normal) (G1 Evacuation Pause)
[2025-08-01T02:35:59.827+0000] GC(782) Using 8 workers of 8 for evacuation
[2025-08-01T02:35:59.863+0000] GC(782)   Pre Evacuate Collection Set: 0.1ms
[2025-08-01T02:35:59.863+0000] GC(782)   Evacuate Collection Set: 35.5ms
[2025-08-01T02:35:59.863+0000] GC(782)   Post Evacuate Collection Set: 0.7ms
[2025-08-01T02:35:59.863+0000] GC(782)   Other: 0.2ms
[2025-08-01T02:35:59.863+0000] GC(782) Eden regions: 89->0(89)
[2025-08-01T02:35:59.863+0000] GC(782) Survivor regions: 13->13(13)
[2025-08-01T02:35:59.863+0000] GC(782) Old regions: 1691->1781
[2025-08-01T02:35:59.863+0000] GC(782) Humongous regions: 0->0
[2025-08-01T02:35:59.863+0000] GC(782) Metaspace: 9706K(12544K)->9706K(12544K) NonClass: 8540K(11008K)->8540K(11008K) Class: 1166K(1536K)->1166K(1536K)
[2025-08-01T02:35:59.863+0000] GC(782) Pause Young (Normal) (G1 Evacuation Pause) 3583M->3584M(4096M) 36.655ms
[2025-08-01T02:35:59.864+0000] GC(782) User=0.28s Sys=0.01s Real=0.04s
[2025-08-01T02:35:59.882+0000] GC(783) Pause Young (Normal) (G1 Evacuation Pause)
[2025-08-01T02:35:59.882+0000] GC(783) Using 8 workers of 8 for evacuation
[2025-08-01T02:35:59.907+0000] GC(783)   Pre Evacuate Collection Set: 0.1ms
[2025-08-01T02:35:59.907+0000] GC(783)   Evacuate Collection Set: 24.3ms
[2025-08-01T02:35:59.907+0000] GC(783)   Post Evacuate Collection Set: 0.5ms
[2025-08-01T02:35:59.907+0000] GC(783)   Other: 0.2ms
[2025-08-01T02:35:59.907+0000] GC(783) Eden regions: 89->0(89)
[2025-08-01T02:35:59.907+0000] GC(783) Survivor regions: 13->13(13)
[2025-08-01T02:35:59.907+0000] GC(783) Old regions: 1781->1843
[2025-08-01T02:35:59.907+0000] GC(783) Humongous regions: 0->0
[2025-08-01T02:35:59.907+0000] GC(783) Metaspace: 9706K(12544K)->9706K(12544K) NonClass: 8540K(11008K)->8540K(11008K) Class: 1166K(1536K)->1166K(1536K)
[2025-08-01T02:35:59.907+0000] GC(783) Pause Young (Normal) (G1 Evacuation Pause) 3762M->3709M(4096M) 25.238ms
[2025-08-01T02:35:59.907+0000] GC(783) User=0.19s Sys=0.00s Real=0.03s
[2025-08-01T02:35:59.940+0000] GC(784) Pause Young (Normal) (G1 Evacuation Pause)
[2025-08-01T02:35:59.940+0000] GC(784) Using 8 workers of 8 for evacuation
[2025-08-01T02:35:59.983+0000] GC(784)   Pre Evacuate Collection Set: 0.1ms
[2025-08-01T02:35:59.983+0000] GC(784)   Evacuate Collection Set: 40.8ms
[2025-08-01T02:35:59.983+0000] GC(784)   Post Evacuate Collection Set: 1.1ms
[2025-08-01T02:35:59.983+0000] GC(784)   Other: 0.3ms
[2025-08-01T02:35:59.983+0000] GC(784) Eden regions: 89->0(89)
[2025-08-01T02:35:59.983+0000] GC(784) Survivor regions: 13->13(13)
[2025-08-01T02:35:59.983+0000] GC(784) Old regions: 1843->1915
[2025-08-01T02:35:59.983+0000] GC(784) Humongous regions: 0->0
[2025-08-01T02:35:59.983+0000] GC(784) Metaspace: 9706K(12544K)->9706K(12544K) NonClass: 8540K(11008K)->8540K(11008K) Class: 1166K(1536K)->1166K(1536K)
[2025-08-01T02:35:59.983+0000] GC(784) Pause Young (Normal) (G1 Evacuation Pause) 3887M->3853M(4096M) 42.453ms
[2025-08-01T02:35:59.983+0000] GC(784) User=0.31s Sys=0.01s Real=0.04s
[2025-08-01T02:36:00.001+0000] GC(785) Pause Young (Normal) (G1 Evacuation Pause)
[2025-08-01T02:36:00.001+0000] GC(785) Using 8 workers of 8 for evacuation
[2025-08-01T02:36:00.064+0000] GC(785) To-space exhausted
[2025-08-01T02:36:00.064+0000] GC(785)   Pre Evacuate Collection Set: 0.1ms
[2025-08-01T02:36:00.064+0000] GC(785)   Evacuate Collection Set: 51.5ms
[2025-08-01T02:36:00.064+0000] GC(785)   Post Evacuate Collection Set: 11.4ms
[2025-08-01T02:36:00.064+0000] GC(785)   Other: 0.3ms
[2025-08-01T02:36:00.064+0000] GC(785) Eden regions: 89->0(89)
[2025-08-01T02:36:00.064+0000] GC(785) Survivor regions: 13->13(13)
[2025-08-01T02:36:00.064+0000] GC(785) Old regions: 1915->2018
[2025-08-01T02:36:00.064+0000] GC(785) Humongous regions: 0->0
[2025-08-01T02:36:00.064+0000] GC(785) Metaspace: 9706K(12544K)->9706K(12544K) NonClass: 8540K(11008K)->8540K(11008K) Class: 1166K(1536K)->1166K(1536K)
[2025-08-01T02:36:00.064+0000] GC(785) Pause Young (Normal) (G1 Evacuation Pause) 4031M->4059M(4096M) 63.320ms
[2025-08-01T02:36:00.064+0000] GC(785) User=0.43s Sys=0.02s Real=0.07s
[2025-08-01T02:36:00.068+0000] GC(786) Pause Young (Normal) (G1 Evacuation Pause)
[2025-08-01T02:36:00.068+0000] GC(786) Using 8 workers of 8 for evacuation
[2025-08-01T02:36:00.080+0000] GC(786) To-space exhausted
[2025-08-01T02:36:00.080+0000] GC(786)   Pre Evacuate Collection Set: 0.1ms
[2025-08-01T02:36:00.080+0000] GC(786)   Evacuate Collection Set: 7.7ms
[2025-08-01T02:36:00.080+0000] GC(786)   Post Evacuate Collection Set: 3.6ms
[2025-08-01T02:36:00.080+0000] GC(786)   Other: 0.4ms
[2025-08-01T02:36:00.080+0000] GC(786) Eden regions: 17->0(102)
[2025-08-01T02:36:00.080+0000] GC(786) Survivor regions: 13->0(13)
[2025-08-01T02:36:00.080+0000] GC(786) Old regions: 2018->2048
[2025-08-01T02:36:00.080+0000] GC(786) Humongous regions: 0->0
[2025-08-01T02:36:00.080+0000] GC(786) Metaspace: 9706K(12544K)->9706K(12544K) NonClass: 8540K(11008K)->8540K(11008K) Class: 1166K(1536K)->1166K(1536K)
[2025-08-01T02:36:00.080+0000] GC(786) Pause Young (Normal) (G1 Evacuation Pause) 4093M->4093M(4096M) 11.782ms
[2025-08-01T02:36:00.080+0000] GC(786) User=0.06s Sys=0.00s Real=0.01s
[2025-08-01T02:36:00.080+0000] GC(787) Using 8 workers of 8 for full compaction
[2025-08-01T02:36:00.080+0000] GC(787) Pause Full (G1 Evacuation Pause)
[2025-08-01T02:36:00.086+0000] GC(787) Phase 1: Mark live objects
[2025-08-01T02:36:00.124+0000] GC(787) Cleaned string and symbol table, strings: 2833 processed, 0 removed, symbols: 23489 processed, 0 removed
[2025-08-01T02:36:00.124+0000] GC(787) Phase 1: Mark live objects 38.623ms
[2025-08-01T02:36:00.124+0000] GC(787) Phase 2: Prepare for compaction
[2025-08-01T02:36:00.163+0000] GC(787) Phase 2: Prepare for compaction 38.774ms
[2025-08-01T02:36:00.163+0000] GC(787) Phase 3: Adjust pointers
[2025-08-01T02:36:00.190+0000] GC(787) Phase 3: Adjust pointers 26.345ms
[2025-08-01T02:36:00.190+0000] GC(787) Phase 4: Compact heap
[2025-08-01T02:36:00.290+0000] GC(787) Phase 4: Compact heap 100.519ms
[2025-08-01T02:36:00.293+0000] GC(787) Eden regions: 0->0(499)
[2025-08-01T02:36:00.293+0000] GC(787) Survivor regions: 0->0(13)
[2025-08-01T02:36:00.293+0000] GC(787) Old regions: 2048->323
[2025-08-01T02:36:00.293+0000] GC(787) Humongous regions: 0->0
[2025-08-01T02:36:00.293+0000] GC(787) Metaspace: 9706K(12544K)->9706K(12544K) NonClass: 8540K(11008K)->8540K(11008K) Class: 1166K(1536K)->1166K(1536K)
[2025-08-01T02:36:00.293+0000] GC(787) Pause Full (G1 Evacuation Pause) 4093M->633M(4096M) 213.210ms
[2025-08-01T02:36:00.294+0000] GC(787) User=1.55s Sys=0.03s Real=0.22s
[2025-08-01T02:36:00.294+0000] GC(780) Concurrent Mark From Roots 560.847ms
[2025-08-01T02:36:00.294+0000] GC(780) Concurrent Mark Abort
[2025-08-01T02:36:00.294+0000] GC(780) Concurrent Cycle 568.322ms
[2025-08-01T02:36:00.525+0000] GC(788) Pause Young (Normal) (G1 Evacuation Pause)
[2025-08-01T02:36:00.525+0000] GC(788) Using 8 workers of 8 for evacuation
[2025-08-01T02:36:00.757+0000] GC(788) MMU target violated: 201.0ms (200.0ms/201.0ms)
[2025-08-01T02:36:00.757+0000] GC(788)   Pre Evacuate Collection Set: 0.1ms
[2025-08-01T02:36:00.757+0000] GC(788)   Evacuate Collection Set: 230.2ms
[2025-08-01T02:36:00.757+0000] GC(788)   Post Evacuate Collection Set: 1.4ms
[2025-08-01T02:36:00.757+0000] GC(788)   Other: 0.5ms
[2025-08-01T02:36:00.757+0000] GC(788) Eden regions: 499->0(353)
[2025-08-01T02:36:00.757+0000] GC(788) Survivor regions: 0->63(63)
[2025-08-01T02:36:00.757+0000] GC(788) Old regions: 323->705
[2025-08-01T02:36:00.757+0000] GC(788) Humongous regions: 0->0
[2025-08-01T02:36:00.757+0000] GC(788) Metaspace: 9706K(12544K)->9706K(12544K) NonClass: 8540K(11008K)->8540K(11008K) Class: 1166K(1536K)->1166K(1536K)
[2025-08-01T02:36:00.757+0000] GC(788) Pause Young (Normal) (G1 Evacuation Pause) 1631M->1522M(4096M) 232.249ms
[2025-08-01T02:36:00.757+0000] GC(788) User=1.76s Sys=0.05s Real=0.23s
[2025-08-01T02:36:00.913+0000] GC(789) Pause Young (Concurrent Start) (G1 Evacuation Pause)
[2025-08-01T02:36:00.913+0000] GC(789) Using 8 workers of 8 for evacuation
[2025-08-01T02:36:01.123+0000] GC(789) MMU target violated: 201.0ms (200.0ms/201.0ms)
[2025-08-01T02:36:01.123+0000] GC(789)   Pre Evacuate Collection Set: 0.1ms
[2025-08-01T02:36:01.123+0000] GC(789)   Evacuate Collection Set: 208.1ms
[2025-08-01T02:36:01.123+0000] GC(789)   Post Evacuate Collection Set: 0.9ms
[2025-08-01T02:36:01.123+0000] GC(789)   Other: 0.6ms
[2025-08-01T02:36:01.123+0000] GC(789) Eden regions: 353->0(319)
[2025-08-01T02:36:01.123+0000] GC(789) Survivor regions: 63->52(52)
[2025-08-01T02:36:01.123+0000] GC(789) Old regions: 705->856
[2025-08-01T02:36:01.123+0000] GC(789) Humongous regions: 0->0
[2025-08-01T02:36:01.123+0000] GC(789) Metaspace: 9706K(12544K)->9706K(12544K) NonClass: 8540K(11008K)->8540K(11008K) Class: 1166K(1536K)->1166K(1536K)
[2025-08-01T02:36:01.123+0000] GC(789) Pause Young (Concurrent Start) (G1 Evacuation Pause) 2228M->1802M(4096M) 209.830ms
[2025-08-01T02:36:01.123+0000] GC(789) User=1.55s Sys=0.06s Real=0.21s
[2025-08-01T02:36:01.123+0000] GC(790) Concurrent Cycle
[2025-08-01T02:36:01.123+0000] GC(790) Concurrent Clear Claimed Marks
[2025-08-01T02:36:01.123+0000] GC(790) Concurrent Clear Claimed Marks 0.072ms
[2025-08-01T02:36:01.123+0000] GC(790) Concurrent Scan Root Regions
[2025-08-01T02:36:01.137+0000] GC(790) Concurrent Scan Root Regions 13.426ms
[2025-08-01T02:36:01.137+0000] GC(790) Concurrent Mark (100.133s)
[2025-08-01T02:36:01.137+0000] GC(790) Concurrent Mark From Roots
[2025-08-01T02:36:01.137+0000] GC(790) Using 2 workers of 2 for marking
[2025-08-01T02:36:01.219+0000] GC(790) Concurrent Mark From Roots 82.291ms
[2025-08-01T02:36:01.219+0000] GC(790) Concurrent Preclean
[2025-08-01T02:36:01.220+0000] GC(790) Concurrent Preclean 0.305ms
[2025-08-01T02:36:01.220+0000] GC(790) Concurrent Mark (100.133s, 100.215s) 82.731ms
[2025-08-01T02:36:01.221+0000] GC(790) Pause Remark
[2025-08-01T02:36:01.223+0000] GC(790) Cleaned string and symbol table, strings: 2833 processed, 0 removed, symbols: 23489 processed, 0 removed
[2025-08-01T02:36:01.225+0000] GC(790) Pause Remark 2348M->1576M(4096M) 4.300ms
[2025-08-01T02:36:01.225+0000] GC(790) User=0.01s Sys=0.00s Real=0.01s
[2025-08-01T02:36:01.225+0000] GC(790) Concurrent Rebuild Remembered Sets
[2025-08-01T02:36:01.236+0000] GC(791) Pause Young (Normal) (G1 Evacuation Pause)
[2025-08-01T02:36:01.236+0000] GC(791) Using 8 workers of 8 for evacuation
[2025-08-01T02:36:01.339+0000] GC(791)   Pre Evacuate Collection Set: 0.1ms
[2025-08-01T02:36:01.339+0000] GC(791)   Evacuate Collection Set: 101.6ms
[2025-08-01T02:36:01.339+0000] GC(791)   Post Evacuate Collection Set: 1.0ms
[2025-08-01T02:36:01.339+0000] GC(791)   Other: 0.3ms
[2025-08-01T02:36:01.339+0000] GC(791) Eden regions: 319->0(382)
[2025-08-01T02:36:01.339+0000] GC(791) Survivor regions: 52->47(47)
[2025-08-01T02:36:01.339+0000] GC(791) Old regions: 465->704
[2025-08-01T02:36:01.339+0000] GC(791) Humongous regions: 0->0
[2025-08-01T02:36:01.339+0000] GC(791) Metaspace: 9706K(12544K)->9706K(12544K) NonClass: 8540K(11008K)->8540K(11008K) Class: 1166K(1536K)->1166K(1536K)
[2025-08-01T02:36:01.340+0000] GC(791) Pause Young (Normal) (G1 Evacuation Pause) 1668M->1498M(4096M) 103.145ms
[2025-08-01T02:36:01.340+0000] GC(791) User=0.78s Sys=0.02s Real=0.10s
[2025-08-01T02:36:01.412+0000] GC(790) Concurrent Rebuild Remembered Sets 186.449ms
[2025-08-01T02:36:01.412+0000] GC(790) Pause Cleanup
[2025-08-01T02:36:01.413+0000] GC(790) Pause Cleanup 1840M->1840M(4096M) 0.535ms
[2025-08-01T02:36:01.413+0000] GC(790) User=0.00s Sys=0.00s Real=0.00s
[2025-08-01T02:36:01.413+0000] GC(790) Concurrent Cleanup for Next Mark
[2025-08-01T02:36:01.426+0000] GC(790) Concurrent Cleanup for Next Mark 13.075ms
[2025-08-01T02:36:01.426+0000] GC(790) Concurrent Cycle 302.827ms
[2025-08-01T02:36:01.501+0000] GC(792) Pause Young (Prepare Mixed) (G1 Evacuation Pause)
[2025-08-01T02:36:01.501+0000] GC(792) Using 8 workers of 8 for evacuation
[2025-08-01T02:36:01.738+0000] GC(792) MMU target violated: 201.0ms (200.0ms/201.0ms)
[2025-08-01T02:36:01.738+0000] GC(792)   Pre Evacuate Collection Set: 0.1ms
[2025-08-01T02:36:01.738+0000] GC(792)   Evacuate Collection Set: 235.1ms
[2025-08-01T02:36:01.738+0000] GC(792)   Post Evacuate Collection Set: 1.0ms
[2025-08-01T02:36:01.738+0000] GC(792)   Other: 0.5ms
[2025-08-01T02:36:01.738+0000] GC(792) Eden regions: 382->0(48)
[2025-08-01T02:36:01.738+0000] GC(792) Survivor regions: 47->54(54)
[2025-08-01T02:36:01.738+0000] GC(792) Old regions: 704->1080
[2025-08-01T02:36:01.738+0000] GC(792) Humongous regions: 0->0
[2025-08-01T02:36:01.738+0000] GC(792) Metaspace: 9706K(12544K)->9706K(12544K) NonClass: 8540K(11008K)->8540K(11008K) Class: 1166K(1536K)->1166K(1536K)
[2025-08-01T02:36:01.738+0000] GC(792) Pause Young (Prepare Mixed) (G1 Evacuation Pause) 2262M->2265M(4096M) 236.857ms
[2025-08-01T02:36:01.738+0000] GC(792) User=1.79s Sys=0.06s Real=0.24s
[2025-08-01T02:36:01.749+0000] GC(793) Pause Young (Mixed) (G1 Evacuation Pause)
[2025-08-01T02:36:01.749+0000] GC(793) Using 8 workers of 8 for evacuation
[2025-08-01T02:36:01.771+0000] GC(793)   Pre Evacuate Collection Set: 0.2ms
[2025-08-01T02:36:01.771+0000] GC(793)   Evacuate Collection Set: 20.1ms
[2025-08-01T02:36:01.771+0000] GC(793)   Post Evacuate Collection Set: 1.0ms
[2025-08-01T02:36:01.771+0000] GC(793)   Other: 0.4ms
[2025-08-01T02:36:01.771+0000] GC(793) Eden regions: 48->0(284)
[2025-08-01T02:36:01.771+0000] GC(793) Survivor regions: 54->13(13)
[2025-08-01T02:36:01.771+0000] GC(793) Old regions: 1080->961
[2025-08-01T02:36:01.771+0000] GC(793) Humongous regions: 0->0
[2025-08-01T02:36:01.771+0000] GC(793) Metaspace: 9706K(12544K)->9706K(12544K) NonClass: 8540K(11008K)->8540K(11008K) Class: 1166K(1536K)->1166K(1536K)
[2025-08-01T02:36:01.771+0000] GC(793) Pause Young (Mixed) (G1 Evacuation Pause) 2361M->1945M(4096M) 21.872ms
[2025-08-01T02:36:01.771+0000] GC(793) User=0.15s Sys=0.00s Real=0.02s
[2025-08-01T02:36:01.882+0000] GC(794) Pause Young (Concurrent Start) (G1 Evacuation Pause)
[2025-08-01T02:36:01.882+0000] GC(794) Using 8 workers of 8 for evacuation
[2025-08-01T02:36:01.968+0000] GC(794)   Pre Evacuate Collection Set: 0.1ms
[2025-08-01T02:36:01.968+0000] GC(794)   Evacuate Collection Set: 85.1ms
[2025-08-01T02:36:01.968+0000] GC(794)   Post Evacuate Collection Set: 1.0ms
[2025-08-01T02:36:01.968+0000] GC(794)   Other: 0.4ms
[2025-08-01T02:36:01.968+0000] GC(794) Eden regions: 284->0(193)
[2025-08-01T02:36:01.968+0000] GC(794) Survivor regions: 13->38(38)
[2025-08-01T02:36:01.968+0000] GC(794) Old regions: 961->1197
[2025-08-01T02:36:01.968+0000] GC(794) Humongous regions: 0->0
[2025-08-01T02:36:01.968+0000] GC(794) Metaspace: 9706K(12544K)->9706K(12544K) NonClass: 8540K(11008K)->8540K(11008K) Class: 1166K(1536K)->1166K(1536K)
[2025-08-01T02:36:01.968+0000] GC(794) Pause Young (Concurrent Start) (G1 Evacuation Pause) 2513M->2466M(4096M) 86.786ms
[2025-08-01T02:36:01.969+0000] GC(794) User=0.66s Sys=0.00s Real=0.09s
[2025-08-01T02:36:01.969+0000] GC(795) Concurrent Cycle
[2025-08-01T02:36:01.969+0000] GC(795) Concurrent Clear Claimed Marks
[2025-08-01T02:36:01.969+0000] GC(795) Concurrent Clear Claimed Marks 0.051ms
[2025-08-01T02:36:01.969+0000] GC(795) Concurrent Scan Root Regions
[2025-08-01T02:36:01.977+0000] GC(795) Concurrent Scan Root Regions 8.336ms
[2025-08-01T02:36:01.977+0000] GC(795) Concurrent Mark (100.973s)
[2025-08-01T02:36:01.977+0000] GC(795) Concurrent Mark From Roots
[2025-08-01T02:36:01.977+0000] GC(795) Using 2 workers of 2 for marking
[2025-08-01T02:36:02.048+0000] GC(796) Pause Young (Normal) (G1 Evacuation Pause)
[2025-08-01T02:36:02.048+0000] GC(796) Using 8 workers of 8 for evacuation
[2025-08-01T02:36:02.101+0000] GC(796)   Pre Evacuate Collection Set: 0.1ms
[2025-08-01T02:36:02.101+0000] GC(796)   Evacuate Collection Set: 52.1ms
[2025-08-01T02:36:02.101+0000] GC(796)   Post Evacuate Collection Set: 0.9ms
[2025-08-01T02:36:02.101+0000] GC(796)   Other: 0.3ms
[2025-08-01T02:36:02.101+0000] GC(796) Eden regions: 193->0(153)
[2025-08-01T02:36:02.101+0000] GC(796) Survivor regions: 38->29(29)
[2025-08-01T02:36:02.101+0000] GC(796) Old regions: 1197->1343
[2025-08-01T02:36:02.101+0000] GC(796) Humongous regions: 0->0
[2025-08-01T02:36:02.101+0000] GC(796) Metaspace: 9706K(12544K)->9706K(12544K) NonClass: 8540K(11008K)->8540K(11008K) Class: 1166K(1536K)->1166K(1536K)
[2025-08-01T02:36:02.101+0000] GC(796) Pause Young (Normal) (G1 Evacuation Pause) 2852M->2741M(4096M) 53.516ms
[2025-08-01T02:36:02.101+0000] GC(796) User=0.40s Sys=0.00s Real=0.05s
[2025-08-01T02:36:02.167+0000] GC(797) Pause Young (Normal) (G1 Evacuation Pause)
[2025-08-01T02:36:02.167+0000] GC(797) Using 8 workers of 8 for evacuation
[2025-08-01T02:36:02.233+0000] GC(797)   Pre Evacuate Collection Set: 0.1ms
[2025-08-01T02:36:02.233+0000] GC(797)   Evacuate Collection Set: 64.7ms
[2025-08-01T02:36:02.233+0000] GC(797)   Post Evacuate Collection Set: 0.8ms
[2025-08-01T02:36:02.233+0000] GC(797)   Other: 0.3ms
[2025-08-01T02:36:02.233+0000] GC(797) Eden regions: 153->0(99)
[2025-08-01T02:36:02.233+0000] GC(797) Survivor regions: 29->23(23)
[2025-08-01T02:36:02.233+0000] GC(797) Old regions: 1343->1504
[2025-08-01T02:36:02.233+0000] GC(797) Humongous regions: 0->0
[2025-08-01T02:36:02.233+0000] GC(797) Metaspace: 9706K(12544K)->9706K(12544K) NonClass: 8540K(11008K)->8540K(11008K) Class: 1166K(1536K)->1166K(1536K)
[2025-08-01T02:36:02.233+0000] GC(797) Pause Young (Normal) (G1 Evacuation Pause) 3047M->3050M(4096M) 66.020ms
[2025-08-01T02:36:02.233+0000] GC(797) User=0.50s Sys=0.01s Real=0.07s
[2025-08-01T02:36:02.246+0000] GC(795) Concurrent Mark From Roots 269.199ms
[2025-08-01T02:36:02.246+0000] GC(795) Concurrent Preclean
[2025-08-01T02:36:02.247+0000] GC(795) Concurrent Preclean 0.281ms
[2025-08-01T02:36:02.247+0000] GC(795) Concurrent Mark (100.973s, 101.242s) 269.593ms
[2025-08-01T02:36:02.247+0000] GC(795) Pause Remark
[2025-08-01T02:36:02.250+0000] GC(795) Cleaned string and symbol table, strings: 2833 processed, 0 removed, symbols: 23489 processed, 0 removed
[2025-08-01T02:36:02.251+0000] GC(795) Pause Remark 3204M->1748M(4096M) 4.078ms
[2025-08-01T02:36:02.251+0000] GC(795) User=0.01s Sys=0.00s Real=0.00s
[2025-08-01T02:36:02.251+0000] GC(795) Concurrent Rebuild Remembered Sets
[2025-08-01T02:36:02.256+0000] GC(798) Pause Young (Normal) (G1 Evacuation Pause)
[2025-08-01T02:36:02.256+0000] GC(798) Using 8 workers of 8 for evacuation
[2025-08-01T02:36:02.302+0000] GC(798)   Pre Evacuate Collection Set: 0.1ms
[2025-08-01T02:36:02.302+0000] GC(798)   Evacuate Collection Set: 44.4ms
[2025-08-01T02:36:02.302+0000] GC(798)   Post Evacuate Collection Set: 0.9ms
[2025-08-01T02:36:02.302+0000] GC(798)   Other: 0.3ms
[2025-08-01T02:36:02.302+0000] GC(798) Eden regions: 99->0(307)
[2025-08-01T02:36:02.302+0000] GC(798) Survivor regions: 23->16(16)
[2025-08-01T02:36:02.302+0000] GC(798) Old regions: 776->883
[2025-08-01T02:36:02.302+0000] GC(798) Humongous regions: 0->0
[2025-08-01T02:36:02.302+0000] GC(798) Metaspace: 9706K(12544K)->9706K(12544K) NonClass: 8540K(11008K)->8540K(11008K) Class: 1166K(1536K)->1166K(1536K)
[2025-08-01T02:36:02.302+0000] GC(798) Pause Young (Normal) (G1 Evacuation Pause) 1792M->1795M(4096M) 45.765ms
[2025-08-01T02:36:02.302+0000] GC(798) User=0.34s Sys=0.01s Real=0.04s
[2025-08-01T02:36:02.439+0000] GC(799) Pause Young (Normal) (G1 Evacuation Pause)
[2025-08-01T02:36:02.439+0000] GC(799) Using 8 workers of 8 for evacuation
[2025-08-01T02:36:02.551+0000] GC(799)   Pre Evacuate Collection Set: 0.1ms
[2025-08-01T02:36:02.551+0000] GC(799)   Evacuate Collection Set: 111.2ms
[2025-08-01T02:36:02.552+0000] GC(799)   Post Evacuate Collection Set: 0.8ms
[2025-08-01T02:36:02.552+0000] GC(799)   Other: 0.3ms
[2025-08-01T02:36:02.552+0000] GC(799) Eden regions: 307->0(272)
[2025-08-01T02:36:02.552+0000] GC(799) Survivor regions: 16->41(41)
[2025-08-01T02:36:02.552+0000] GC(799) Old regions: 883->1002
[2025-08-01T02:36:02.552+0000] GC(799) Humongous regions: 0->0
[2025-08-01T02:36:02.552+0000] GC(799) Metaspace: 9706K(12544K)->9706K(12544K) NonClass: 8540K(11008K)->8540K(11008K) Class: 1166K(1536K)->1166K(1536K)
[2025-08-01T02:36:02.552+0000] GC(799) Pause Young (Normal) (G1 Evacuation Pause) 2409M->2083M(4096M) 112.603ms
[2025-08-01T02:36:02.552+0000] GC(799) User=0.85s Sys=0.04s Real=0.11s
[2025-08-01T02:36:02.629+0000] GC(795) Concurrent Rebuild Remembered Sets 377.182ms
[2025-08-01T02:36:02.629+0000] GC(795) Pause Cleanup
[2025-08-01T02:36:02.630+0000] GC(795) Pause Cleanup 2443M->2443M(4096M) 0.883ms
[2025-08-01T02:36:02.630+0000] GC(795) User=0.00s Sys=0.00s Real=0.00s
[2025-08-01T02:36:02.630+0000] GC(795) Concurrent Cleanup for Next Mark
[2025-08-01T02:36:02.651+0000] GC(795) Concurrent Cleanup for Next Mark 20.656ms
[2025-08-01T02:36:02.651+0000] GC(795) Concurrent Cycle 682.221ms
[2025-08-01T02:36:02.659+0000] GC(800) Pause Young (Prepare Mixed) (G1 Evacuation Pause)
[2025-08-01T02:36:02.659+0000] GC(800) Using 8 workers of 8 for evacuation
[2025-08-01T02:36:02.784+0000] GC(800)   Pre Evacuate Collection Set: 0.1ms
[2025-08-01T02:36:02.784+0000] GC(800)   Evacuate Collection Set: 123.6ms
[2025-08-01T02:36:02.784+0000] GC(800)   Post Evacuate Collection Set: 0.8ms
[2025-08-01T02:36:02.784+0000] GC(800)   Other: 0.3ms
[2025-08-01T02:36:02.784+0000] GC(800) Eden regions: 272->0(62)
[2025-08-01T02:36:02.784+0000] GC(800) Survivor regions: 41->40(40)
[2025-08-01T02:36:02.784+0000] GC(800) Old regions: 1002->1276
[2025-08-01T02:36:02.784+0000] GC(800) Humongous regions: 0->0
[2025-08-01T02:36:02.784+0000] GC(800) Metaspace: 9706K(12544K)->9706K(12544K) NonClass: 8540K(11008K)->8540K(11008K) Class: 1166K(1536K)->1166K(1536K)
[2025-08-01T02:36:02.784+0000] GC(800) Pause Young (Prepare Mixed) (G1 Evacuation Pause) 2627M->2629M(4096M) 125.045ms
[2025-08-01T02:36:02.784+0000] GC(800) User=0.94s Sys=0.04s Real=0.13s
[2025-08-01T02:36:02.796+0000] GC(801) Pause Young (Mixed) (G1 Evacuation Pause)
[2025-08-01T02:36:02.796+0000] GC(801) Using 8 workers of 8 for evacuation
[2025-08-01T02:36:02.836+0000] GC(801)   Pre Evacuate Collection Set: 0.1ms
[2025-08-01T02:36:02.836+0000] GC(801)   Evacuate Collection Set: 39.6ms
[2025-08-01T02:36:02.836+0000] GC(801)   Post Evacuate Collection Set: 0.7ms
[2025-08-01T02:36:02.837+0000] GC(801)   Other: 0.5ms
[2025-08-01T02:36:02.837+0000] GC(801) Eden regions: 62->0(151)
[2025-08-01T02:36:02.837+0000] GC(801) Survivor regions: 40->13(13)
[2025-08-01T02:36:02.837+0000] GC(801) Old regions: 1276->1355
[2025-08-01T02:36:02.837+0000] GC(801) Humongous regions: 0->0
[2025-08-01T02:36:02.837+0000] GC(801) Metaspace: 9706K(12544K)->9706K(12544K) NonClass: 8540K(11008K)->8540K(11008K) Class: 1166K(1536K)->1166K(1536K)
[2025-08-01T02:36:02.837+0000] GC(801) Pause Young (Mixed) (G1 Evacuation Pause) 2753M->2732M(4096M) 41.038ms
[2025-08-01T02:36:02.837+0000] GC(801) User=0.31s Sys=0.00s Real=0.04s
[2025-08-01T02:36:02.919+0000] GC(802) Pause Young (Concurrent Start) (G1 Evacuation Pause)
[2025-08-01T02:36:02.919+0000] GC(802) Using 8 workers of 8 for evacuation
[2025-08-01T02:36:02.994+0000] GC(802)   Pre Evacuate Collection Set: 0.1ms
[2025-08-01T02:36:02.994+0000] GC(802)   Evacuate Collection Set: 73.3ms
[2025-08-01T02:36:02.994+0000] GC(802)   Post Evacuate Collection Set: 0.9ms
[2025-08-01T02:36:02.994+0000] GC(802)   Other: 0.4ms
[2025-08-01T02:36:02.994+0000] GC(802) Eden regions: 151->0(104)
[2025-08-01T02:36:02.994+0000] GC(802) Survivor regions: 13->21(21)
[2025-08-01T02:36:02.994+0000] GC(802) Old regions: 1355->1488
[2025-08-01T02:36:02.994+0000] GC(802) Humongous regions: 0->0
[2025-08-01T02:36:02.994+0000] GC(802) Metaspace: 9706K(12544K)->9706K(12544K) NonClass: 8540K(11008K)->8540K(11008K) Class: 1166K(1536K)->1166K(1536K)
[2025-08-01T02:36:02.994+0000] GC(802) Pause Young (Concurrent Start) (G1 Evacuation Pause) 3034M->3015M(4096M) 74.812ms
[2025-08-01T02:36:02.994+0000] GC(802) User=0.55s Sys=0.01s Real=0.08s
[2025-08-01T02:36:02.994+0000] GC(803) Concurrent Cycle
[2025-08-01T02:36:02.994+0000] GC(803) Concurrent Clear Claimed Marks
[2025-08-01T02:36:02.994+0000] GC(803) Concurrent Clear Claimed Marks 0.066ms
[2025-08-01T02:36:02.994+0000] GC(803) Concurrent Scan Root Regions
[2025-08-01T02:36:03.000+0000] GC(803) Concurrent Scan Root Regions 5.030ms
[2025-08-01T02:36:03.000+0000] GC(803) Concurrent Mark (101.995s)
[2025-08-01T02:36:03.000+0000] GC(803) Concurrent Mark From Roots
[2025-08-01T02:36:03.000+0000] GC(803) Using 2 workers of 2 for marking
[2025-08-01T02:36:03.065+0000] GC(804) Pause Young (Normal) (G1 Evacuation Pause)
[2025-08-01T02:36:03.065+0000] GC(804) Using 8 workers of 8 for evacuation
[2025-08-01T02:36:03.146+0000] GC(804)   Pre Evacuate Collection Set: 0.1ms
[2025-08-01T02:36:03.146+0000] GC(804)   Evacuate Collection Set: 78.8ms
[2025-08-01T02:36:03.146+0000] GC(804)   Post Evacuate Collection Set: 1.3ms
[2025-08-01T02:36:03.146+0000] GC(804)   Other: 0.7ms
[2025-08-01T02:36:03.146+0000] GC(804) Eden regions: 104->0(86)
[2025-08-01T02:36:03.146+0000] GC(804) Survivor regions: 21->16(16)
[2025-08-01T02:36:03.146+0000] GC(804) Old regions: 1488->1599
[2025-08-01T02:36:03.146+0000] GC(804) Humongous regions: 0->0
[2025-08-01T02:36:03.146+0000] GC(804) Metaspace: 9706K(12544K)->9706K(12544K) NonClass: 8540K(11008K)->8540K(11008K) Class: 1166K(1536K)->1166K(1536K)
[2025-08-01T02:36:03.146+0000] GC(804) Pause Young (Normal) (G1 Evacuation Pause) 3223M->3227M(4096M) 81.035ms
[2025-08-01T02:36:03.146+0000] GC(804) User=0.58s Sys=0.03s Real=0.08s
[2025-08-01T02:36:03.161+0000] GC(805) Pause Young (Normal) (G1 Evacuation Pause)
[2025-08-01T02:36:03.161+0000] GC(805) Using 8 workers of 8 for evacuation
[2025-08-01T02:36:03.199+0000] GC(805)   Pre Evacuate Collection Set: 0.1ms
[2025-08-01T02:36:03.199+0000] GC(805)   Evacuate Collection Set: 37.5ms
[2025-08-01T02:36:03.199+0000] GC(805)   Post Evacuate Collection Set: 0.6ms
[2025-08-01T02:36:03.199+0000] GC(805)   Other: 0.3ms
[2025-08-01T02:36:03.199+0000] GC(805) Eden regions: 86->0(89)
[2025-08-01T02:36:03.199+0000] GC(805) Survivor regions: 16->13(13)
[2025-08-01T02:36:03.199+0000] GC(805) Old regions: 1599->1690
[2025-08-01T02:36:03.199+0000] GC(805) Humongous regions: 0->0
[2025-08-01T02:36:03.199+0000] GC(805) Metaspace: 9706K(12544K)->9706K(12544K) NonClass: 8540K(11008K)->8540K(11008K) Class: 1166K(1536K)->1166K(1536K)
[2025-08-01T02:36:03.199+0000] GC(805) Pause Young (Normal) (G1 Evacuation Pause) 3399M->3402M(4096M) 38.634ms
[2025-08-01T02:36:03.199+0000] GC(805) User=0.27s Sys=0.01s Real=0.04s
[2025-08-01T02:36:03.266+0000] GC(806) Pause Young (Normal) (G1 Evacuation Pause)
[2025-08-01T02:36:03.267+0000] GC(806) Using 8 workers of 8 for evacuation
[2025-08-01T02:36:03.291+0000] GC(806)   Pre Evacuate Collection Set: 0.1ms
[2025-08-01T02:36:03.291+0000] GC(806)   Evacuate Collection Set: 23.4ms
[2025-08-01T02:36:03.291+0000] GC(806)   Post Evacuate Collection Set: 1.0ms
[2025-08-01T02:36:03.291+0000] GC(806)   Other: 0.3ms
[2025-08-01T02:36:03.291+0000] GC(806) Eden regions: 89->0(89)
[2025-08-01T02:36:03.291+0000] GC(806) Survivor regions: 13->13(13)
[2025-08-01T02:36:03.291+0000] GC(806) Old regions: 1690->1751
[2025-08-01T02:36:03.291+0000] GC(806) Humongous regions: 0->0
[2025-08-01T02:36:03.291+0000] GC(806) Metaspace: 9706K(12544K)->9706K(12544K) NonClass: 8540K(11008K)->8540K(11008K) Class: 1166K(1536K)->1166K(1536K)
[2025-08-01T02:36:03.291+0000] GC(806) Pause Young (Normal) (G1 Evacuation Pause) 3580M->3525M(4096M) 24.980ms
[2025-08-01T02:36:03.291+0000] GC(806) User=0.18s Sys=0.00s Real=0.02s
[2025-08-01T02:36:03.308+0000] GC(807) Pause Young (Normal) (G1 Evacuation Pause)
[2025-08-01T02:36:03.308+0000] GC(807) Using 8 workers of 8 for evacuation
[2025-08-01T02:36:03.340+0000] GC(807)   Pre Evacuate Collection Set: 0.1ms
[2025-08-01T02:36:03.340+0000] GC(807)   Evacuate Collection Set: 31.9ms
[2025-08-01T02:36:03.340+0000] GC(807)   Post Evacuate Collection Set: 0.6ms
[2025-08-01T02:36:03.341+0000] GC(807)   Other: 0.4ms
[2025-08-01T02:36:03.341+0000] GC(807) Eden regions: 89->0(89)
[2025-08-01T02:36:03.341+0000] GC(807) Survivor regions: 13->13(13)
[2025-08-01T02:36:03.341+0000] GC(807) Old regions: 1751->1843
[2025-08-01T02:36:03.341+0000] GC(807) Humongous regions: 0->0
[2025-08-01T02:36:03.341+0000] GC(807) Metaspace: 9706K(12544K)->9706K(12544K) NonClass: 8540K(11008K)->8540K(11008K) Class: 1166K(1536K)->1166K(1536K)
[2025-08-01T02:36:03.341+0000] GC(807) Pause Young (Normal) (G1 Evacuation Pause) 3703M->3708M(4096M) 33.064ms
[2025-08-01T02:36:03.341+0000] GC(807) User=0.24s Sys=0.00s Real=0.03s
[2025-08-01T02:36:03.375+0000] GC(803) Concurrent Mark From Roots 375.759ms
[2025-08-01T02:36:03.375+0000] GC(803) Concurrent Preclean
[2025-08-01T02:36:03.376+0000] GC(803) Concurrent Preclean 0.349ms
[2025-08-01T02:36:03.376+0000] GC(803) Concurrent Mark (101.995s, 102.371s) 376.199ms
[2025-08-01T02:36:03.376+0000] GC(803) Pause Remark
[2025-08-01T02:36:03.378+0000] GC(803) Cleaned string and symbol table, strings: 2833 processed, 0 removed, symbols: 23489 processed, 0 removed
[2025-08-01T02:36:03.380+0000] GC(803) Pause Remark 3809M->1999M(4096M) 4.081ms
[2025-08-01T02:36:03.380+0000] GC(803) User=0.01s Sys=0.00s Real=0.00s
[2025-08-01T02:36:03.381+0000] GC(803) Concurrent Rebuild Remembered Sets
[2025-08-01T02:36:03.405+0000] GC(808) Pause Young (Normal) (G1 Evacuation Pause)
[2025-08-01T02:36:03.405+0000] GC(808) Using 8 workers of 8 for evacuation
[2025-08-01T02:36:03.447+0000] GC(808)   Pre Evacuate Collection Set: 0.1ms
[2025-08-01T02:36:03.448+0000] GC(808)   Evacuate Collection Set: 41.3ms
[2025-08-01T02:36:03.448+0000] GC(808)   Post Evacuate Collection Set: 0.8ms
[2025-08-01T02:36:03.448+0000] GC(808)   Other: 0.3ms
[2025-08-01T02:36:03.448+0000] GC(808) Eden regions: 89->0(268)
[2025-08-01T02:36:03.448+0000] GC(808) Survivor regions: 13->13(13)
[2025-08-01T02:36:03.448+0000] GC(808) Old regions: 938->1011
[2025-08-01T02:36:03.448+0000] GC(808) Humongous regions: 0->0
[2025-08-01T02:36:03.448+0000] GC(808) Metaspace: 9706K(12544K)->9706K(12544K) NonClass: 8540K(11008K)->8540K(11008K) Class: 1166K(1536K)->1166K(1536K)
[2025-08-01T02:36:03.448+0000] GC(808) Pause Young (Normal) (G1 Evacuation Pause) 2076M->2045M(4096M) 42.658ms
[2025-08-01T02:36:03.448+0000] GC(808) User=0.31s Sys=0.01s Real=0.04s
[2025-08-01T02:36:03.541+0000] GC(809) Pause Young (Normal) (G1 Evacuation Pause)
[2025-08-01T02:36:03.542+0000] GC(809) Using 8 workers of 8 for evacuation
[2025-08-01T02:36:03.631+0000] GC(809)   Pre Evacuate Collection Set: 0.1ms
[2025-08-01T02:36:03.631+0000] GC(809)   Evacuate Collection Set: 88.5ms
[2025-08-01T02:36:03.631+0000] GC(809)   Post Evacuate Collection Set: 0.9ms
[2025-08-01T02:36:03.631+0000] GC(809)   Other: 0.3ms
[2025-08-01T02:36:03.631+0000] GC(809) Eden regions: 268->0(205)
[2025-08-01T02:36:03.631+0000] GC(809) Survivor regions: 13->36(36)
[2025-08-01T02:36:03.631+0000] GC(809) Old regions: 1011->1186
[2025-08-01T02:36:03.631+0000] GC(809) Humongous regions: 0->0
[2025-08-01T02:36:03.631+0000] GC(809) Metaspace: 9706K(12544K)->9706K(12544K) NonClass: 8540K(11008K)->8540K(11008K) Class: 1166K(1536K)->1166K(1536K)
[2025-08-01T02:36:03.631+0000] GC(809) Pause Young (Normal) (G1 Evacuation Pause) 2581M->2441M(4096M) 89.971ms
[2025-08-01T02:36:03.631+0000] GC(809) User=0.68s Sys=0.02s Real=0.09s
[2025-08-01T02:36:03.714+0000] GC(810) Pause Young (Normal) (G1 Evacuation Pause)
[2025-08-01T02:36:03.714+0000] GC(810) Using 8 workers of 8 for evacuation
[2025-08-01T02:36:03.797+0000] GC(810)   Pre Evacuate Collection Set: 0.1ms
[2025-08-01T02:36:03.797+0000] GC(810)   Evacuate Collection Set: 81.4ms
[2025-08-01T02:36:03.797+0000] GC(810)   Post Evacuate Collection Set: 1.0ms
[2025-08-01T02:36:03.797+0000] GC(810)   Other: 0.3ms
[2025-08-01T02:36:03.797+0000] GC(810) Eden regions: 205->0(133)
[2025-08-01T02:36:03.797+0000] GC(810) Survivor regions: 36->31(31)
[2025-08-01T02:36:03.797+0000] GC(810) Old regions: 1186->1398
[2025-08-01T02:36:03.797+0000] GC(810) Humongous regions: 0->0
[2025-08-01T02:36:03.797+0000] GC(810) Metaspace: 9706K(12544K)->9706K(12544K) NonClass: 8540K(11008K)->8540K(11008K) Class: 1166K(1536K)->1166K(1536K)
[2025-08-01T02:36:03.797+0000] GC(810) Pause Young (Normal) (G1 Evacuation Pause) 2851M->2855M(4096M) 82.947ms
[2025-08-01T02:36:03.797+0000] GC(810) User=0.65s Sys=0.01s Real=0.08s
[2025-08-01T02:36:03.867+0000] GC(811) Pause Young (Normal) (G1 Evacuation Pause)
[2025-08-01T02:36:03.867+0000] GC(811) Using 8 workers of 8 for evacuation
[2025-08-01T02:36:03.917+0000] GC(811)   Pre Evacuate Collection Set: 0.1ms
[2025-08-01T02:36:03.917+0000] GC(811)   Evacuate Collection Set: 48.9ms
[2025-08-01T02:36:03.917+0000] GC(811)   Post Evacuate Collection Set: 0.7ms
[2025-08-01T02:36:03.917+0000] GC(811)   Other: 0.3ms
[2025-08-01T02:36:03.917+0000] GC(811) Eden regions: 133->0(87)
[2025-08-01T02:36:03.917+0000] GC(811) Survivor regions: 31->21(21)
[2025-08-01T02:36:03.917+0000] GC(811) Old regions: 1398->1544
[2025-08-01T02:36:03.917+0000] GC(811) Humongous regions: 0->0
[2025-08-01T02:36:03.917+0000] GC(811) Metaspace: 9706K(12544K)->9706K(12544K) NonClass: 8540K(11008K)->8540K(11008K) Class: 1166K(1536K)->1166K(1536K)
[2025-08-01T02:36:03.917+0000] GC(811) Pause Young (Normal) (G1 Evacuation Pause) 3121M->3126M(4096M) 50.075ms
[2025-08-01T02:36:03.917+0000] GC(811) User=0.38s Sys=0.00s Real=0.05s
[2025-08-01T02:36:03.931+0000] GC(803) Concurrent Rebuild Remembered Sets 550.623ms
[2025-08-01T02:36:03.932+0000] GC(803) Pause Cleanup
[2025-08-01T02:36:03.933+0000] GC(803) Pause Cleanup 3290M->3290M(4096M) 0.895ms
[2025-08-01T02:36:03.933+0000] GC(803) User=0.00s Sys=0.00s Real=0.00s
[2025-08-01T02:36:03.933+0000] GC(803) Concurrent Cleanup for Next Mark
[2025-08-01T02:36:03.934+0000] GC(812) Pause Young (Normal) (G1 Evacuation Pause)
[2025-08-01T02:36:03.934+0000] GC(812) Using 8 workers of 8 for evacuation
[2025-08-01T02:36:03.965+0000] GC(812)   Pre Evacuate Collection Set: 0.1ms
[2025-08-01T02:36:03.965+0000] GC(812)   Evacuate Collection Set: 30.0ms
[2025-08-01T02:36:03.965+0000] GC(812)   Post Evacuate Collection Set: 0.6ms
[2025-08-01T02:36:03.965+0000] GC(812)   Other: 0.3ms
[2025-08-01T02:36:03.965+0000] GC(812) Eden regions: 87->0(88)
[2025-08-01T02:36:03.965+0000] GC(812) Survivor regions: 21->14(14)
[2025-08-01T02:36:03.965+0000] GC(812) Old regions: 1544->1640
[2025-08-01T02:36:03.965+0000] GC(812) Humongous regions: 0->0
[2025-08-01T02:36:03.965+0000] GC(812) Metaspace: 9706K(12544K)->9706K(12544K) NonClass: 8540K(11008K)->8540K(11008K) Class: 1166K(1536K)->1166K(1536K)
[2025-08-01T02:36:03.965+0000] GC(812) Pause Young (Normal) (G1 Evacuation Pause) 3300M->3304M(4096M) 31.096ms
[2025-08-01T02:36:03.965+0000] GC(812) User=0.23s Sys=0.00s Real=0.03s
[2025-08-01T02:36:03.975+0000] GC(803) Concurrent Cleanup for Next Mark 41.919ms
[2025-08-01T02:36:03.975+0000] GC(803) Concurrent Cycle 980.423ms
[2025-08-01T02:36:04.024+0000] GC(813) Pause Young (Normal) (G1 Evacuation Pause)
[2025-08-01T02:36:04.024+0000] GC(813) Using 8 workers of 8 for evacuation
[2025-08-01T02:36:04.045+0000] GC(813)   Pre Evacuate Collection Set: 0.1ms
[2025-08-01T02:36:04.045+0000] GC(813)   Evacuate Collection Set: 19.7ms
[2025-08-01T02:36:04.045+0000] GC(813)   Post Evacuate Collection Set: 0.7ms
[2025-08-01T02:36:04.045+0000] GC(813)   Other: 0.3ms
[2025-08-01T02:36:04.045+0000] GC(813) Eden regions: 88->0(89)
[2025-08-01T02:36:04.045+0000] GC(813) Survivor regions: 14->13(13)
[2025-08-01T02:36:04.045+0000] GC(813) Old regions: 1640->1660
[2025-08-01T02:36:04.045+0000] GC(813) Humongous regions: 0->0
[2025-08-01T02:36:04.045+0000] GC(813) Metaspace: 9706K(12544K)->9706K(12544K) NonClass: 8540K(11008K)->8540K(11008K) Class: 1166K(1536K)->1166K(1536K)
[2025-08-01T02:36:04.045+0000] GC(813) Pause Young (Normal) (G1 Evacuation Pause) 3480M->3343M(4096M) 20.883ms
[2025-08-01T02:36:04.045+0000] GC(813) User=0.15s Sys=0.00s Real=0.02s
[2025-08-01T02:36:04.064+0000] GC(814) Pause Young (Concurrent Start) (G1 Evacuation Pause)
[2025-08-01T02:36:04.064+0000] GC(814) Using 8 workers of 8 for evacuation
[2025-08-01T02:36:04.117+0000] GC(814)   Pre Evacuate Collection Set: 0.2ms
[2025-08-01T02:36:04.117+0000] GC(814)   Evacuate Collection Set: 51.7ms
[2025-08-01T02:36:04.117+0000] GC(814)   Post Evacuate Collection Set: 0.6ms
[2025-08-01T02:36:04.117+0000] GC(814)   Other: 0.4ms
[2025-08-01T02:36:04.117+0000] GC(814) Eden regions: 89->0(89)
[2025-08-01T02:36:04.117+0000] GC(814) Survivor regions: 13->13(13)
[2025-08-01T02:36:04.117+0000] GC(814) Old regions: 1660->1751
[2025-08-01T02:36:04.117+0000] GC(814) Humongous regions: 0->0
[2025-08-01T02:36:04.117+0000] GC(814) Metaspace: 9706K(12544K)->9706K(12544K) NonClass: 8540K(11008K)->8540K(11008K) Class: 1166K(1536K)->1166K(1536K)
[2025-08-01T02:36:04.117+0000] GC(814) Pause Young (Concurrent Start) (G1 Evacuation Pause) 3521M->3524M(4096M) 53.027ms
[2025-08-01T02:36:04.117+0000] GC(814) User=0.39s Sys=0.02s Real=0.05s
[2025-08-01T02:36:04.117+0000] GC(815) Concurrent Cycle
[2025-08-01T02:36:04.117+0000] GC(815) Concurrent Clear Claimed Marks
[2025-08-01T02:36:04.117+0000] GC(815) Concurrent Clear Claimed Marks 0.104ms
[2025-08-01T02:36:04.117+0000] GC(815) Concurrent Scan Root Regions
[2025-08-01T02:36:04.121+0000] GC(815) Concurrent Scan Root Regions 3.628ms
[2025-08-01T02:36:04.121+0000] GC(815) Concurrent Mark (103.117s)
[2025-08-01T02:36:04.121+0000] GC(815) Concurrent Mark From Roots
[2025-08-01T02:36:04.121+0000] GC(815) Using 2 workers of 2 for marking
[2025-08-01T02:36:04.181+0000] GC(816) Pause Young (Normal) (G1 Evacuation Pause)
[2025-08-01T02:36:04.181+0000] GC(816) Using 8 workers of 8 for evacuation
[2025-08-01T02:36:04.219+0000] GC(816)   Pre Evacuate Collection Set: 0.1ms
[2025-08-01T02:36:04.219+0000] GC(816)   Evacuate Collection Set: 37.1ms
[2025-08-01T02:36:04.220+0000] GC(816)   Post Evacuate Collection Set: 1.0ms
[2025-08-01T02:36:04.220+0000] GC(816)   Other: 0.3ms
[2025-08-01T02:36:04.220+0000] GC(816) Eden regions: 89->0(89)
[2025-08-01T02:36:04.220+0000] GC(816) Survivor regions: 13->13(13)
[2025-08-01T02:36:04.220+0000] GC(816) Old regions: 1751->1842
[2025-08-01T02:36:04.220+0000] GC(816) Humongous regions: 0->0
[2025-08-01T02:36:04.220+0000] GC(816) Metaspace: 9706K(12544K)->9706K(12544K) NonClass: 8540K(11008K)->8540K(11008K) Class: 1166K(1536K)->1166K(1536K)
[2025-08-01T02:36:04.220+0000] GC(816) Pause Young (Normal) (G1 Evacuation Pause) 3702M->3706M(4096M) 38.609ms
[2025-08-01T02:36:04.220+0000] GC(816) User=0.27s Sys=0.01s Real=0.04s
[2025-08-01T02:36:04.238+0000] GC(817) Pause Young (Normal) (G1 Evacuation Pause)
[2025-08-01T02:36:04.238+0000] GC(817) Using 8 workers of 8 for evacuation
[2025-08-01T02:36:04.268+0000] GC(817)   Pre Evacuate Collection Set: 0.1ms
[2025-08-01T02:36:04.268+0000] GC(817)   Evacuate Collection Set: 29.5ms
[2025-08-01T02:36:04.268+0000] GC(817)   Post Evacuate Collection Set: 0.7ms
[2025-08-01T02:36:04.269+0000] GC(817)   Other: 0.4ms
[2025-08-01T02:36:04.269+0000] GC(817) Eden regions: 89->0(89)
[2025-08-01T02:36:04.269+0000] GC(817) Survivor regions: 13->13(13)
[2025-08-01T02:36:04.269+0000] GC(817) Old regions: 1842->1933
[2025-08-01T02:36:04.269+0000] GC(817) Humongous regions: 0->0
[2025-08-01T02:36:04.269+0000] GC(817) Metaspace: 9706K(12544K)->9706K(12544K) NonClass: 8540K(11008K)->8540K(11008K) Class: 1166K(1536K)->1166K(1536K)
[2025-08-01T02:36:04.269+0000] GC(817) Pause Young (Normal) (G1 Evacuation Pause) 3884M->3888M(4096M) 30.850ms
[2025-08-01T02:36:04.269+0000] GC(817) User=0.22s Sys=0.00s Real=0.03s
[2025-08-01T02:36:04.285+0000] GC(818) Pause Young (Normal) (G1 Evacuation Pause)
[2025-08-01T02:36:04.285+0000] GC(818) Using 8 workers of 8 for evacuation
[2025-08-01T02:36:04.316+0000] GC(818) To-space exhausted
[2025-08-01T02:36:04.316+0000] GC(818)   Pre Evacuate Collection Set: 0.1ms
[2025-08-01T02:36:04.316+0000] GC(818)   Evacuate Collection Set: 19.9ms
[2025-08-01T02:36:04.316+0000] GC(818)   Post Evacuate Collection Set: 10.2ms
[2025-08-01T02:36:04.316+0000] GC(818)   Other: 0.3ms
[2025-08-01T02:36:04.316+0000] GC(818) Eden regions: 89->0(98)
[2025-08-01T02:36:04.316+0000] GC(818) Survivor regions: 13->4(13)
[2025-08-01T02:36:04.316+0000] GC(818) Old regions: 1933->2043
[2025-08-01T02:36:04.316+0000] GC(818) Humongous regions: 0->0
[2025-08-01T02:36:04.316+0000] GC(818) Metaspace: 9706K(12544K)->9706K(12544K) NonClass: 8540K(11008K)->8540K(11008K) Class: 1166K(1536K)->1166K(1536K)
[2025-08-01T02:36:04.316+0000] GC(818) Pause Young (Normal) (G1 Evacuation Pause) 4066M->4091M(4096M) 30.640ms
[2025-08-01T02:36:04.316+0000] GC(818) User=0.22s Sys=0.00s Real=0.03s
[2025-08-01T02:36:04.327+0000] GC(815) Concurrent Mark From Roots 205.739ms
[2025-08-01T02:36:04.327+0000] GC(815) Concurrent Preclean
[2025-08-01T02:36:04.327+0000] GC(815) Concurrent Preclean 0.335ms
[2025-08-01T02:36:04.327+0000] GC(815) Concurrent Mark (103.117s, 103.323s) 206.164ms
[2025-08-01T02:36:04.328+0000] GC(815) Pause Remark
[2025-08-01T02:36:04.329+0000] GC(815) Cleaned string and symbol table, strings: 2833 processed, 0 removed, symbols: 23489 processed, 0 removed
[2025-08-01T02:36:04.331+0000] GC(815) Pause Remark 4092M->1598M(4096M) 2.883ms
[2025-08-01T02:36:04.331+0000] GC(815) User=0.01s Sys=0.00s Real=0.00s
[2025-08-01T02:36:04.331+0000] GC(815) Concurrent Rebuild Remembered Sets
[2025-08-01T02:36:04.351+0000] GC(819) Pause Young (Normal) (G1 Evacuation Pause)
[2025-08-01T02:36:04.351+0000] GC(819) Using 8 workers of 8 for evacuation
[2025-08-01T02:36:04.392+0000] GC(819)   Pre Evacuate Collection Set: 0.1ms
[2025-08-01T02:36:04.392+0000] GC(819)   Evacuate Collection Set: 38.8ms
[2025-08-01T02:36:04.392+0000] GC(819)   Post Evacuate Collection Set: 1.0ms
[2025-08-01T02:36:04.392+0000] GC(819)   Other: 0.3ms
[2025-08-01T02:36:04.392+0000] GC(819) Eden regions: 98->0(299)
[2025-08-01T02:36:04.392+0000] GC(819) Survivor regions: 4->13(13)
[2025-08-01T02:36:04.392+0000] GC(819) Old regions: 796->886
[2025-08-01T02:36:04.392+0000] GC(819) Humongous regions: 0->0
[2025-08-01T02:36:04.392+0000] GC(819) Metaspace: 9706K(12544K)->9706K(12544K) NonClass: 8540K(11008K)->8540K(11008K) Class: 1166K(1536K)->1166K(1536K)
[2025-08-01T02:36:04.392+0000] GC(819) Pause Young (Normal) (G1 Evacuation Pause) 1793M->1795M(4096M) 40.317ms
[2025-08-01T02:36:04.392+0000] GC(819) User=0.31s Sys=0.00s Real=0.04s
[2025-08-01T02:36:04.536+0000] GC(820) Pause Young (Normal) (G1 Evacuation Pause)
[2025-08-01T02:36:04.536+0000] GC(820) Using 8 workers of 8 for evacuation
[2025-08-01T02:36:04.627+0000] GC(820)   Pre Evacuate Collection Set: 0.1ms
[2025-08-01T02:36:04.627+0000] GC(820)   Evacuate Collection Set: 89.6ms
[2025-08-01T02:36:04.627+0000] GC(820)   Post Evacuate Collection Set: 0.8ms
[2025-08-01T02:36:04.627+0000] GC(820)   Other: 0.3ms
[2025-08-01T02:36:04.627+0000] GC(820) Eden regions: 299->0(202)
[2025-08-01T02:36:04.627+0000] GC(820) Survivor regions: 13->39(39)
[2025-08-01T02:36:04.627+0000] GC(820) Old regions: 886->1161
[2025-08-01T02:36:04.627+0000] GC(820) Humongous regions: 0->0
[2025-08-01T02:36:04.627+0000] GC(820) Metaspace: 9706K(12544K)->9706K(12544K) NonClass: 8540K(11008K)->8540K(11008K) Class: 1166K(1536K)->1166K(1536K)
[2025-08-01T02:36:04.627+0000] GC(820) Pause Young (Normal) (G1 Evacuation Pause) 2393M->2397M(4096M) 91.064ms
[2025-08-01T02:36:04.627+0000] GC(820) User=0.68s Sys=0.00s Real=0.09s
[2025-08-01T02:36:04.636+0000] GC(815) Concurrent Rebuild Remembered Sets 305.173ms
[2025-08-01T02:36:04.637+0000] GC(815) Pause Cleanup
[2025-08-01T02:36:04.637+0000] GC(815) Pause Cleanup 2487M->2487M(4096M) 0.914ms
[2025-08-01T02:36:04.638+0000] GC(815) User=0.00s Sys=0.00s Real=0.00s
[2025-08-01T02:36:04.638+0000] GC(815) Concurrent Cleanup for Next Mark
[2025-08-01T02:36:04.653+0000] GC(815) Concurrent Cleanup for Next Mark 15.318ms
[2025-08-01T02:36:04.653+0000] GC(815) Concurrent Cycle 535.877ms
[2025-08-01T02:36:04.717+0000] GC(821) Pause Young (Prepare Mixed) (G1 Evacuation Pause)
[2025-08-01T02:36:04.717+0000] GC(821) Using 8 workers of 8 for evacuation
[2025-08-01T02:36:04.759+0000] GC(821)   Pre Evacuate Collection Set: 0.1ms
[2025-08-01T02:36:04.759+0000] GC(821)   Evacuate Collection Set: 37.9ms
[2025-08-01T02:36:04.759+0000] GC(821)   Post Evacuate Collection Set: 2.0ms
[2025-08-01T02:36:04.759+0000] GC(821)   Other: 1.9ms
[2025-08-01T02:36:04.759+0000] GC(821) Eden regions: 202->0(71)
[2025-08-01T02:36:04.759+0000] GC(821) Survivor regions: 39->31(31)
[2025-08-01T02:36:04.759+0000] GC(821) Old regions: 1161->1241
[2025-08-01T02:36:04.759+0000] GC(821) Humongous regions: 0->0
[2025-08-01T02:36:04.759+0000] GC(821) Metaspace: 9706K(12544K)->9706K(12544K) NonClass: 8540K(11008K)->8540K(11008K) Class: 1166K(1536K)->1166K(1536K)
[2025-08-01T02:36:04.759+0000] GC(821) Pause Young (Prepare Mixed) (G1 Evacuation Pause) 2801M->2540M(4096M) 42.066ms
[2025-08-01T02:36:04.759+0000] GC(821) User=0.28s Sys=0.00s Real=0.04s
[2025-08-01T02:36:04.772+0000] GC(822) Pause Young (Mixed) (G1 Evacuation Pause)
[2025-08-01T02:36:04.772+0000] GC(822) Using 8 workers of 8 for evacuation
[2025-08-01T02:36:04.805+0000] GC(822)   Pre Evacuate Collection Set: 0.2ms
[2025-08-01T02:36:04.805+0000] GC(822)   Evacuate Collection Set: 31.7ms
[2025-08-01T02:36:04.805+0000] GC(822)   Post Evacuate Collection Set: 0.9ms
[2025-08-01T02:36:04.805+0000] GC(822)   Other: 0.4ms
[2025-08-01T02:36:04.805+0000] GC(822) Eden regions: 71->0(227)
[2025-08-01T02:36:04.805+0000] GC(822) Survivor regions: 31->13(13)
[2025-08-01T02:36:04.806+0000] GC(822) Old regions: 1241->1140
[2025-08-01T02:36:04.806+0000] GC(822) Humongous regions: 0->0
[2025-08-01T02:36:04.806+0000] GC(822) Metaspace: 9706K(12544K)->9706K(12544K) NonClass: 8540K(11008K)->8540K(11008K) Class: 1166K(1536K)->1166K(1536K)
[2025-08-01T02:36:04.806+0000] GC(822) Pause Young (Mixed) (G1 Evacuation Pause) 2682M->2303M(4096M) 33.388ms
[2025-08-01T02:36:04.806+0000] GC(822) User=0.24s Sys=0.00s Real=0.04s
[2025-08-01T02:36:04.894+0000] GC(823) Pause Young (Concurrent Start) (G1 Evacuation Pause)
[2025-08-01T02:36:04.894+0000] GC(823) Using 8 workers of 8 for evacuation
[2025-08-01T02:36:05.030+0000] GC(823)   Pre Evacuate Collection Set: 0.1ms
[2025-08-01T02:36:05.030+0000] GC(823)   Evacuate Collection Set: 134.0ms
[2025-08-01T02:36:05.030+0000] GC(823)   Post Evacuate Collection Set: 1.0ms
[2025-08-01T02:36:05.030+0000] GC(823)   Other: 0.4ms
[2025-08-01T02:36:05.030+0000] GC(823) Eden regions: 227->0(147)
[2025-08-01T02:36:05.030+0000] GC(823) Survivor regions: 13->30(30)
[2025-08-01T02:36:05.030+0000] GC(823) Old regions: 1140->1351
[2025-08-01T02:36:05.030+0000] GC(823) Humongous regions: 0->0
[2025-08-01T02:36:05.030+0000] GC(823) Metaspace: 9706K(12544K)->9706K(12544K) NonClass: 8540K(11008K)->8540K(11008K) Class: 1166K(1536K)->1166K(1536K)
[2025-08-01T02:36:05.030+0000] GC(823) Pause Young (Concurrent Start) (G1 Evacuation Pause) 2757M->2759M(4096M) 135.651ms
[2025-08-01T02:36:05.030+0000] GC(823) User=1.00s Sys=0.04s Real=0.13s
[2025-08-01T02:36:05.030+0000] GC(824) Concurrent Cycle
[2025-08-01T02:36:05.030+0000] GC(824) Concurrent Clear Claimed Marks
[2025-08-01T02:36:05.030+0000] GC(824) Concurrent Clear Claimed Marks 0.058ms
[2025-08-01T02:36:05.030+0000] GC(824) Concurrent Scan Root Regions
[2025-08-01T02:36:05.037+0000] GC(824) Concurrent Scan Root Regions 6.755ms
[2025-08-01T02:36:05.037+0000] GC(824) Concurrent Mark (104.032s)
[2025-08-01T02:36:05.037+0000] GC(824) Concurrent Mark From Roots
[2025-08-01T02:36:05.037+0000] GC(824) Using 2 workers of 2 for marking
[2025-08-01T02:36:05.099+0000] GC(825) Pause Young (Normal) (G1 Evacuation Pause)
[2025-08-01T02:36:05.099+0000] GC(825) Using 8 workers of 8 for evacuation
[2025-08-01T02:36:05.177+0000] GC(825)   Pre Evacuate Collection Set: 0.1ms
[2025-08-01T02:36:05.177+0000] GC(825)   Evacuate Collection Set: 76.9ms
[2025-08-01T02:36:05.178+0000] GC(825)   Post Evacuate Collection Set: 0.7ms
[2025-08-01T02:36:05.178+0000] GC(825)   Other: 1.0ms
[2025-08-01T02:36:05.178+0000] GC(825) Eden regions: 147->0(101)
[2025-08-01T02:36:05.178+0000] GC(825) Survivor regions: 30->23(23)
[2025-08-01T02:36:05.178+0000] GC(825) Old regions: 1351->1496
[2025-08-01T02:36:05.178+0000] GC(825) Humongous regions: 0->0
[2025-08-01T02:36:05.178+0000] GC(825) Metaspace: 9706K(12544K)->9706K(12544K) NonClass: 8540K(11008K)->8540K(11008K) Class: 1166K(1536K)->1166K(1536K)
[2025-08-01T02:36:05.178+0000] GC(825) Pause Young (Normal) (G1 Evacuation Pause) 3053M->3035M(4096M) 78.819ms
[2025-08-01T02:36:05.178+0000] GC(825) User=0.53s Sys=0.02s Real=0.08s
[2025-08-01T02:36:05.197+0000] GC(826) Pause Young (Normal) (G1 Evacuation Pause)
[2025-08-01T02:36:05.197+0000] GC(826) Using 8 workers of 8 for evacuation
[2025-08-01T02:36:05.241+0000] GC(826)   Pre Evacuate Collection Set: 0.2ms
[2025-08-01T02:36:05.241+0000] GC(826)   Evacuate Collection Set: 43.0ms
[2025-08-01T02:36:05.241+0000] GC(826)   Post Evacuate Collection Set: 0.7ms
[2025-08-01T02:36:05.241+0000] GC(826)   Other: 0.3ms
[2025-08-01T02:36:05.241+0000] GC(826) Eden regions: 101->0(86)
[2025-08-01T02:36:05.241+0000] GC(826) Survivor regions: 23->16(16)
[2025-08-01T02:36:05.241+0000] GC(826) Old regions: 1496->1606
[2025-08-01T02:36:05.241+0000] GC(826) Humongous regions: 0->0
[2025-08-01T02:36:05.241+0000] GC(826) Metaspace: 9706K(12544K)->9706K(12544K) NonClass: 8540K(11008K)->8540K(11008K) Class: 1166K(1536K)->1166K(1536K)
[2025-08-01T02:36:05.241+0000] GC(826) Pause Young (Normal) (G1 Evacuation Pause) 3237M->3241M(4096M) 44.374ms
[2025-08-01T02:36:05.241+0000] GC(826) User=0.31s Sys=0.01s Real=0.04s
[2025-08-01T02:36:05.261+0000] GC(827) Pause Young (Normal) (G1 Evacuation Pause)
[2025-08-01T02:36:05.261+0000] GC(827) Using 8 workers of 8 for evacuation
[2025-08-01T02:36:05.292+0000] GC(827)   Pre Evacuate Collection Set: 0.1ms
[2025-08-01T02:36:05.292+0000] GC(827)   Evacuate Collection Set: 29.9ms
[2025-08-01T02:36:05.292+0000] GC(827)   Post Evacuate Collection Set: 0.8ms
[2025-08-01T02:36:05.292+0000] GC(827)   Other: 0.3ms
[2025-08-01T02:36:05.292+0000] GC(827) Eden regions: 86->0(89)
[2025-08-01T02:36:05.292+0000] GC(827) Survivor regions: 16->13(13)
[2025-08-01T02:36:05.292+0000] GC(827) Old regions: 1606->1697
[2025-08-01T02:36:05.292+0000] GC(827) Humongous regions: 0->0
[2025-08-01T02:36:05.292+0000] GC(827) Metaspace: 9706K(12544K)->9706K(12544K) NonClass: 8540K(11008K)->8540K(11008K) Class: 1166K(1536K)->1166K(1536K)
[2025-08-01T02:36:05.292+0000] GC(827) Pause Young (Normal) (G1 Evacuation Pause) 3413M->3416M(4096M) 31.250ms
[2025-08-01T02:36:05.292+0000] GC(827) User=0.23s Sys=0.00s Real=0.03s
[2025-08-01T02:36:05.316+0000] GC(828) Pause Young (Normal) (G1 Evacuation Pause)
[2025-08-01T02:36:05.316+0000] GC(828) Using 8 workers of 8 for evacuation
[2025-08-01T02:36:05.349+0000] GC(828)   Pre Evacuate Collection Set: 0.1ms
[2025-08-01T02:36:05.349+0000] GC(828)   Evacuate Collection Set: 31.4ms
[2025-08-01T02:36:05.349+0000] GC(828)   Post Evacuate Collection Set: 0.8ms
[2025-08-01T02:36:05.349+0000] GC(828)   Other: 0.6ms
[2025-08-01T02:36:05.349+0000] GC(828) Eden regions: 89->0(89)
[2025-08-01T02:36:05.349+0000] GC(828) Survivor regions: 13->13(13)
[2025-08-01T02:36:05.349+0000] GC(828) Old regions: 1697->1788
[2025-08-01T02:36:05.349+0000] GC(828) Humongous regions: 0->0
[2025-08-01T02:36:05.349+0000] GC(828) Metaspace: 9706K(12544K)->9706K(12544K) NonClass: 8540K(11008K)->8540K(11008K) Class: 1166K(1536K)->1166K(1536K)
[2025-08-01T02:36:05.349+0000] GC(828) Pause Young (Normal) (G1 Evacuation Pause) 3594M->3598M(4096M) 33.108ms
[2025-08-01T02:36:05.349+0000] GC(828) User=0.25s Sys=0.00s Real=0.03s
[2025-08-01T02:36:05.367+0000] GC(829) Pause Young (Normal) (G1 Evacuation Pause)
[2025-08-01T02:36:05.368+0000] GC(829) Using 8 workers of 8 for evacuation
[2025-08-01T02:36:05.389+0000] GC(829)   Pre Evacuate Collection Set: 0.1ms
[2025-08-01T02:36:05.389+0000] GC(829)   Evacuate Collection Set: 20.3ms
[2025-08-01T02:36:05.389+0000] GC(829)   Post Evacuate Collection Set: 0.6ms
[2025-08-01T02:36:05.389+0000] GC(829)   Other: 0.3ms
[2025-08-01T02:36:05.389+0000] GC(829) Eden regions: 89->0(89)
[2025-08-01T02:36:05.389+0000] GC(829) Survivor regions: 13->13(13)
[2025-08-01T02:36:05.389+0000] GC(829) Old regions: 1788->1834
[2025-08-01T02:36:05.389+0000] GC(829) Humongous regions: 0->0
[2025-08-01T02:36:05.389+0000] GC(829) Metaspace: 9706K(12544K)->9706K(12544K) NonClass: 8540K(11008K)->8540K(11008K) Class: 1166K(1536K)->1166K(1536K)
[2025-08-01T02:36:05.389+0000] GC(829) Pause Young (Normal) (G1 Evacuation Pause) 3776M->3690M(4096M) 21.491ms
[2025-08-01T02:36:05.389+0000] GC(829) User=0.16s Sys=0.00s Real=0.02s
[2025-08-01T02:36:05.427+0000] GC(830) Pause Young (Normal) (G1 Evacuation Pause)
[2025-08-01T02:36:05.427+0000] GC(830) Using 8 workers of 8 for evacuation
[2025-08-01T02:36:05.457+0000] GC(830)   Pre Evacuate Collection Set: 0.1ms
[2025-08-01T02:36:05.458+0000] GC(830)   Evacuate Collection Set: 29.2ms
[2025-08-01T02:36:05.458+0000] GC(830)   Post Evacuate Collection Set: 0.7ms
[2025-08-01T02:36:05.458+0000] GC(830)   Other: 0.3ms
[2025-08-01T02:36:05.458+0000] GC(830) Eden regions: 89->0(89)
[2025-08-01T02:36:05.458+0000] GC(830) Survivor regions: 13->13(13)
[2025-08-01T02:36:05.458+0000] GC(830) Old regions: 1834->1899
[2025-08-01T02:36:05.458+0000] GC(830) Humongous regions: 0->0
[2025-08-01T02:36:05.458+0000] GC(830) Metaspace: 9706K(12544K)->9706K(12544K) NonClass: 8540K(11008K)->8540K(11008K) Class: 1166K(1536K)->1166K(1536K)
[2025-08-01T02:36:05.458+0000] GC(830) Pause Young (Normal) (G1 Evacuation Pause) 3868M->3821M(4096M) 30.392ms
[2025-08-01T02:36:05.458+0000] GC(830) User=0.23s Sys=0.01s Real=0.03s
[2025-08-01T02:36:05.475+0000] GC(831) Pause Young (Normal) (G1 Evacuation Pause)
[2025-08-01T02:36:05.475+0000] GC(831) Using 8 workers of 8 for evacuation
[2025-08-01T02:36:05.507+0000] GC(831) To-space exhausted
[2025-08-01T02:36:05.507+0000] GC(831)   Pre Evacuate Collection Set: 0.1ms
[2025-08-01T02:36:05.507+0000] GC(831)   Evacuate Collection Set: 24.2ms
[2025-08-01T02:36:05.507+0000] GC(831)   Post Evacuate Collection Set: 7.1ms
[2025-08-01T02:36:05.507+0000] GC(831)   Other: 0.4ms
[2025-08-01T02:36:05.507+0000] GC(831) Eden regions: 89->0(89)
[2025-08-01T02:36:05.507+0000] GC(831) Survivor regions: 13->13(13)
[2025-08-01T02:36:05.507+0000] GC(831) Old regions: 1899->2002
[2025-08-01T02:36:05.507+0000] GC(831) Humongous regions: 0->0
[2025-08-01T02:36:05.507+0000] GC(831) Metaspace: 9706K(12544K)->9706K(12544K) NonClass: 8540K(11008K)->8540K(11008K) Class: 1166K(1536K)->1166K(1536K)
[2025-08-01T02:36:05.507+0000] GC(831) Pause Young (Normal) (G1 Evacuation Pause) 3999M->4027M(4096M) 31.761ms
[2025-08-01T02:36:05.507+0000] GC(831) User=0.24s Sys=0.00s Real=0.03s
[2025-08-01T02:36:05.515+0000] GC(832) Pause Young (Normal) (G1 Evacuation Pause)
[2025-08-01T02:36:05.515+0000] GC(832) Using 8 workers of 8 for evacuation
[2025-08-01T02:36:05.531+0000] GC(832) To-space exhausted
[2025-08-01T02:36:05.531+0000] GC(832)   Pre Evacuate Collection Set: 0.1ms
[2025-08-01T02:36:05.531+0000] GC(832)   Evacuate Collection Set: 10.0ms
[2025-08-01T02:36:05.531+0000] GC(832)   Post Evacuate Collection Set: 4.9ms
[2025-08-01T02:36:05.531+0000] GC(832)   Other: 0.3ms
[2025-08-01T02:36:05.531+0000] GC(832) Eden regions: 33->0(102)
[2025-08-01T02:36:05.531+0000] GC(832) Survivor regions: 13->0(13)
[2025-08-01T02:36:05.531+0000] GC(832) Old regions: 2002->2048
[2025-08-01T02:36:05.531+0000] GC(832) Humongous regions: 0->0
[2025-08-01T02:36:05.531+0000] GC(832) Metaspace: 9706K(12544K)->9706K(12544K) NonClass: 8540K(11008K)->8540K(11008K) Class: 1166K(1536K)->1166K(1536K)
[2025-08-01T02:36:05.531+0000] GC(832) Pause Young (Normal) (G1 Evacuation Pause) 4093M->4093M(4096M) 15.567ms
[2025-08-01T02:36:05.531+0000] GC(832) User=0.10s Sys=0.00s Real=0.01s
[2025-08-01T02:36:05.531+0000] GC(833) Using 8 workers of 8 for full compaction
[2025-08-01T02:36:05.531+0000] GC(833) Pause Full (G1 Evacuation Pause)
[2025-08-01T02:36:05.537+0000] GC(833) Phase 1: Mark live objects
[2025-08-01T02:36:05.568+0000] GC(833) Cleaned string and symbol table, strings: 2833 processed, 0 removed, symbols: 23489 processed, 0 removed
[2025-08-01T02:36:05.568+0000] GC(833) Phase 1: Mark live objects 31.002ms
[2025-08-01T02:36:05.568+0000] GC(833) Phase 2: Prepare for compaction
[2025-08-01T02:36:05.602+0000] GC(833) Phase 2: Prepare for compaction 34.425ms
[2025-08-01T02:36:05.602+0000] GC(833) Phase 3: Adjust pointers
[2025-08-01T02:36:05.635+0000] GC(833) Phase 3: Adjust pointers 32.507ms
[2025-08-01T02:36:05.635+0000] GC(833) Phase 4: Compact heap
[2025-08-01T02:36:05.742+0000] GC(833) Phase 4: Compact heap 106.724ms
[2025-08-01T02:36:05.744+0000] GC(833) Eden regions: 0->0(504)
[2025-08-01T02:36:05.744+0000] GC(833) Survivor regions: 0->0(13)
[2025-08-01T02:36:05.744+0000] GC(833) Old regions: 2048->323
[2025-08-01T02:36:05.744+0000] GC(833) Humongous regions: 0->0
[2025-08-01T02:36:05.744+0000] GC(833) Metaspace: 9706K(12544K)->9706K(12544K) NonClass: 8540K(11008K)->8540K(11008K) Class: 1166K(1536K)->1166K(1536K)
[2025-08-01T02:36:05.744+0000] GC(833) Pause Full (G1 Evacuation Pause) 4093M->634M(4096M) 212.603ms
[2025-08-01T02:36:05.744+0000] GC(833) User=1.44s Sys=0.04s Real=0.22s
[2025-08-01T02:36:05.744+0000] GC(824) Concurrent Mark From Roots 707.198ms
[2025-08-01T02:36:05.744+0000] GC(824) Concurrent Mark Abort
[2025-08-01T02:36:05.744+0000] GC(824) Concurrent Cycle 714.233ms
[2025-08-01T02:36:05.969+0000] GC(834) Pause Young (Normal) (G1 Evacuation Pause)
[2025-08-01T02:36:05.969+0000] GC(834) Using 8 workers of 8 for evacuation
[2025-08-01T02:36:06.265+0000] GC(834) MMU target violated: 201.0ms (200.0ms/201.0ms)
[2025-08-01T02:36:06.265+0000] GC(834)   Pre Evacuate Collection Set: 0.1ms
[2025-08-01T02:36:06.265+0000] GC(834)   Evacuate Collection Set: 294.6ms
[2025-08-01T02:36:06.265+0000] GC(834)   Post Evacuate Collection Set: 0.9ms
[2025-08-01T02:36:06.265+0000] GC(834)   Other: 0.5ms
[2025-08-01T02:36:06.265+0000] GC(834) Eden regions: 504->0(346)
[2025-08-01T02:36:06.265+0000] GC(834) Survivor regions: 0->63(63)
[2025-08-01T02:36:06.265+0000] GC(834) Old regions: 323->715
[2025-08-01T02:36:06.265+0000] GC(834) Humongous regions: 0->0
[2025-08-01T02:36:06.265+0000] GC(834) Metaspace: 9706K(12544K)->9706K(12544K) NonClass: 8540K(11008K)->8540K(11008K) Class: 1166K(1536K)->1166K(1536K)
[2025-08-01T02:36:06.265+0000] GC(834) Pause Young (Normal) (G1 Evacuation Pause) 1642M->1543M(4096M) 296.317ms
[2025-08-01T02:36:06.265+0000] GC(834) User=2.23s Sys=0.09s Real=0.30s
[2025-08-01T02:36:06.420+0000] GC(835) Pause Young (Concurrent Start) (G1 Evacuation Pause)
[2025-08-01T02:36:06.420+0000] GC(835) Using 8 workers of 8 for evacuation
[2025-08-01T02:36:06.583+0000] GC(835)   Pre Evacuate Collection Set: 0.1ms
[2025-08-01T02:36:06.583+0000] GC(835)   Evacuate Collection Set: 160.9ms
[2025-08-01T02:36:06.583+0000] GC(835)   Post Evacuate Collection Set: 1.0ms
[2025-08-01T02:36:06.583+0000] GC(835)   Other: 0.5ms
[2025-08-01T02:36:06.583+0000] GC(835) Eden regions: 346->0(315)
[2025-08-01T02:36:06.583+0000] GC(835) Survivor regions: 63->52(52)
[2025-08-01T02:36:06.583+0000] GC(835) Old regions: 715->860
[2025-08-01T02:36:06.583+0000] GC(835) Humongous regions: 0->0
[2025-08-01T02:36:06.583+0000] GC(835) Metaspace: 9706K(12544K)->9706K(12544K) NonClass: 8540K(11008K)->8540K(11008K) Class: 1166K(1536K)->1166K(1536K)
[2025-08-01T02:36:06.583+0000] GC(835) Pause Young (Concurrent Start) (G1 Evacuation Pause) 2235M->1812M(4096M) 162.761ms
[2025-08-01T02:36:06.583+0000] GC(835) User=1.18s Sys=0.03s Real=0.16s
[2025-08-01T02:36:06.583+0000] GC(836) Concurrent Cycle
[2025-08-01T02:36:06.583+0000] GC(836) Concurrent Clear Claimed Marks
[2025-08-01T02:36:06.583+0000] GC(836) Concurrent Clear Claimed Marks 0.069ms
[2025-08-01T02:36:06.583+0000] GC(836) Concurrent Scan Root Regions
[2025-08-01T02:36:06.605+0000] GC(836) Concurrent Scan Root Regions 21.171ms
[2025-08-01T02:36:06.605+0000] GC(836) Concurrent Mark (105.600s)
[2025-08-01T02:36:06.605+0000] GC(836) Concurrent Mark From Roots
[2025-08-01T02:36:06.605+0000] GC(836) Using 2 workers of 2 for marking
[2025-08-01T02:36:06.703+0000] GC(837) Pause Young (Normal) (G1 Evacuation Pause)
[2025-08-01T02:36:06.703+0000] GC(837) Using 8 workers of 8 for evacuation
[2025-08-01T02:36:06.792+0000] GC(837)   Pre Evacuate Collection Set: 0.1ms
[2025-08-01T02:36:06.792+0000] GC(837)   Evacuate Collection Set: 87.1ms
[2025-08-01T02:36:06.792+0000] GC(837)   Post Evacuate Collection Set: 0.9ms
[2025-08-01T02:36:06.792+0000] GC(837)   Other: 0.3ms
[2025-08-01T02:36:06.792+0000] GC(837) Eden regions: 315->0(238)
[2025-08-01T02:36:06.792+0000] GC(837) Survivor regions: 52->46(46)
[2025-08-01T02:36:06.792+0000] GC(837) Old regions: 860->1089
[2025-08-01T02:36:06.792+0000] GC(837) Humongous regions: 0->0
[2025-08-01T02:36:06.792+0000] GC(837) Metaspace: 9706K(12544K)->9706K(12544K) NonClass: 8540K(11008K)->8540K(11008K) Class: 1166K(1536K)->1166K(1536K)
[2025-08-01T02:36:06.792+0000] GC(837) Pause Young (Normal) (G1 Evacuation Pause) 2442M->2258M(4096M) 88.479ms
[2025-08-01T02:36:06.792+0000] GC(837) User=0.69s Sys=0.00s Real=0.08s
[2025-08-01T02:36:06.800+0000] GC(836) Concurrent Mark From Roots 195.205ms
[2025-08-01T02:36:06.800+0000] GC(836) Concurrent Preclean
[2025-08-01T02:36:06.800+0000] GC(836) Concurrent Preclean 0.321ms
[2025-08-01T02:36:06.800+0000] GC(836) Concurrent Mark (105.600s, 105.796s) 195.652ms
[2025-08-01T02:36:06.801+0000] GC(836) Pause Remark
[2025-08-01T02:36:06.802+0000] GC(836) Cleaned string and symbol table, strings: 2833 processed, 0 removed, symbols: 23489 processed, 0 removed
[2025-08-01T02:36:06.803+0000] GC(836) Pause Remark 2352M->1431M(4096M) 2.628ms
[2025-08-01T02:36:06.803+0000] GC(836) User=0.01s Sys=0.00s Real=0.01s
[2025-08-01T02:36:06.803+0000] GC(836) Concurrent Rebuild Remembered Sets
[2025-08-01T02:36:06.880+0000] GC(838) Pause Young (Normal) (G1 Evacuation Pause)
[2025-08-01T02:36:06.880+0000] GC(838) Using 8 workers of 8 for evacuation
[2025-08-01T02:36:06.963+0000] GC(838)   Pre Evacuate Collection Set: 0.1ms
[2025-08-01T02:36:06.963+0000] GC(838)   Evacuate Collection Set: 81.7ms
[2025-08-01T02:36:06.963+0000] GC(838)   Post Evacuate Collection Set: 0.9ms
[2025-08-01T02:36:06.963+0000] GC(838)   Other: 0.2ms
[2025-08-01T02:36:06.963+0000] GC(838) Eden regions: 238->0(307)
[2025-08-01T02:36:06.963+0000] GC(838) Survivor regions: 46->36(36)
[2025-08-01T02:36:06.963+0000] GC(838) Old regions: 626->875
[2025-08-01T02:36:06.963+0000] GC(838) Humongous regions: 0->0
[2025-08-01T02:36:06.963+0000] GC(838) Metaspace: 9706K(12544K)->9706K(12544K) NonClass: 8540K(11008K)->8540K(11008K) Class: 1166K(1536K)->1166K(1536K)
[2025-08-01T02:36:06.963+0000] GC(838) Pause Young (Normal) (G1 Evacuation Pause) 1813M->1815M(4096M) 83.043ms
[2025-08-01T02:36:06.963+0000] GC(838) User=0.65s Sys=0.01s Real=0.08s
[2025-08-01T02:36:07.032+0000] GC(836) Concurrent Rebuild Remembered Sets 228.970ms
[2025-08-01T02:36:07.034+0000] GC(836) Pause Cleanup
[2025-08-01T02:36:07.034+0000] GC(836) Pause Cleanup 2111M->2111M(4096M) 0.567ms
[2025-08-01T02:36:07.034+0000] GC(836) User=0.00s Sys=0.00s Real=0.00s
[2025-08-01T02:36:07.034+0000] GC(836) Concurrent Cleanup for Next Mark
[2025-08-01T02:36:07.046+0000] GC(836) Concurrent Cleanup for Next Mark 11.894ms
[2025-08-01T02:36:07.046+0000] GC(836) Concurrent Cycle 463.090ms
[2025-08-01T02:36:07.067+0000] GC(839) Pause Young (Prepare Mixed) (G1 Evacuation Pause)
[2025-08-01T02:36:07.067+0000] GC(839) Using 8 workers of 8 for evacuation
[2025-08-01T02:36:07.128+0000] GC(839)   Pre Evacuate Collection Set: 0.1ms
[2025-08-01T02:36:07.128+0000] GC(839)   Evacuate Collection Set: 58.9ms
[2025-08-01T02:36:07.128+0000] GC(839)   Post Evacuate Collection Set: 1.0ms
[2025-08-01T02:36:07.128+0000] GC(839)   Other: 0.3ms
[2025-08-01T02:36:07.128+0000] GC(839) Eden regions: 307->0(59)
[2025-08-01T02:36:07.128+0000] GC(839) Survivor regions: 36->43(43)
[2025-08-01T02:36:07.128+0000] GC(839) Old regions: 875->988
[2025-08-01T02:36:07.128+0000] GC(839) Humongous regions: 0->0
[2025-08-01T02:36:07.128+0000] GC(839) Metaspace: 9706K(12544K)->9706K(12544K) NonClass: 8540K(11008K)->8540K(11008K) Class: 1166K(1536K)->1166K(1536K)
[2025-08-01T02:36:07.128+0000] GC(839) Pause Young (Prepare Mixed) (G1 Evacuation Pause) 2429M->2055M(4096M) 60.452ms
[2025-08-01T02:36:07.128+0000] GC(839) User=0.46s Sys=0.01s Real=0.06s
[2025-08-01T02:36:07.145+0000] GC(840) Pause Young (Mixed) (G1 Evacuation Pause)
[2025-08-01T02:36:07.145+0000] GC(840) Using 8 workers of 8 for evacuation
[2025-08-01T02:36:07.180+0000] GC(840)   Pre Evacuate Collection Set: 0.1ms
[2025-08-01T02:36:07.180+0000] GC(840)   Evacuate Collection Set: 32.9ms
[2025-08-01T02:36:07.180+0000] GC(840)   Post Evacuate Collection Set: 1.0ms
[2025-08-01T02:36:07.180+0000] GC(840)   Other: 0.4ms
[2025-08-01T02:36:07.180+0000] GC(840) Eden regions: 59->0(294)
[2025-08-01T02:36:07.180+0000] GC(840) Survivor regions: 43->13(13)
[2025-08-01T02:36:07.180+0000] GC(840) Old regions: 988->986
[2025-08-01T02:36:07.180+0000] GC(840) Humongous regions: 0->0
[2025-08-01T02:36:07.180+0000] GC(840) Metaspace: 9706K(12544K)->9706K(12544K) NonClass: 8540K(11008K)->8540K(11008K) Class: 1166K(1536K)->1166K(1536K)
[2025-08-01T02:36:07.180+0000] GC(840) Pause Young (Mixed) (G1 Evacuation Pause) 2173M->1994M(4096M) 34.597ms
[2025-08-01T02:36:07.180+0000] GC(840) User=0.24s Sys=0.00s Real=0.03s
[2025-08-01T02:36:07.280+0000] GC(841) Pause Young (Concurrent Start) (G1 Evacuation Pause)
[2025-08-01T02:36:07.280+0000] GC(841) Using 8 workers of 8 for evacuation
[2025-08-01T02:36:07.379+0000] GC(841)   Pre Evacuate Collection Set: 0.2ms
[2025-08-01T02:36:07.379+0000] GC(841)   Evacuate Collection Set: 96.3ms
[2025-08-01T02:36:07.379+0000] GC(841)   Post Evacuate Collection Set: 1.4ms
[2025-08-01T02:36:07.379+0000] GC(841)   Other: 0.5ms
[2025-08-01T02:36:07.379+0000] GC(841) Eden regions: 294->0(218)
[2025-08-01T02:36:07.379+0000] GC(841) Survivor regions: 13->39(39)
[2025-08-01T02:36:07.379+0000] GC(841) Old regions: 986->1165
[2025-08-01T02:36:07.379+0000] GC(841) Humongous regions: 0->0
[2025-08-01T02:36:07.379+0000] GC(841) Metaspace: 9706K(12544K)->9706K(12544K) NonClass: 8540K(11008K)->8540K(11008K) Class: 1166K(1536K)->1166K(1536K)
[2025-08-01T02:36:07.379+0000] GC(841) Pause Young (Concurrent Start) (G1 Evacuation Pause) 2582M->2404M(4096M) 98.477ms
[2025-08-01T02:36:07.379+0000] GC(841) User=0.67s Sys=0.04s Real=0.10s
[2025-08-01T02:36:07.379+0000] GC(842) Concurrent Cycle
[2025-08-01T02:36:07.379+0000] GC(842) Concurrent Clear Claimed Marks
[2025-08-01T02:36:07.379+0000] GC(842) Concurrent Clear Claimed Marks 0.061ms
[2025-08-01T02:36:07.379+0000] GC(842) Concurrent Scan Root Regions
[2025-08-01T02:36:07.389+0000] GC(842) Concurrent Scan Root Regions 9.633ms
[2025-08-01T02:36:07.389+0000] GC(842) Concurrent Mark (106.384s)
[2025-08-01T02:36:07.389+0000] GC(842) Concurrent Mark From Roots
[2025-08-01T02:36:07.389+0000] GC(842) Using 2 workers of 2 for marking
[2025-08-01T02:36:07.465+0000] GC(843) Pause Young (Normal) (G1 Evacuation Pause)
[2025-08-01T02:36:07.465+0000] GC(843) Using 8 workers of 8 for evacuation
[2025-08-01T02:36:07.569+0000] GC(843)   Pre Evacuate Collection Set: 0.1ms
[2025-08-01T02:36:07.570+0000] GC(843)   Evacuate Collection Set: 103.1ms
[2025-08-01T02:36:07.570+0000] GC(843)   Post Evacuate Collection Set: 1.2ms
[2025-08-01T02:36:07.570+0000] GC(843)   Other: 0.4ms
[2025-08-01T02:36:07.570+0000] GC(843) Eden regions: 218->0(135)
[2025-08-01T02:36:07.570+0000] GC(843) Survivor regions: 39->33(33)
[2025-08-01T02:36:07.570+0000] GC(843) Old regions: 1165->1391
[2025-08-01T02:36:07.570+0000] GC(843) Humongous regions: 0->0
[2025-08-01T02:36:07.570+0000] GC(843) Metaspace: 9706K(12544K)->9706K(12544K) NonClass: 8540K(11008K)->8540K(11008K) Class: 1166K(1536K)->1166K(1536K)
[2025-08-01T02:36:07.570+0000] GC(843) Pause Young (Normal) (G1 Evacuation Pause) 2840M->2844M(4096M) 104.977ms
[2025-08-01T02:36:07.570+0000] GC(843) User=0.78s Sys=0.02s Real=0.10s
[2025-08-01T02:36:07.624+0000] GC(842) Concurrent Mark From Roots 234.639ms
[2025-08-01T02:36:07.624+0000] GC(842) Concurrent Preclean
[2025-08-01T02:36:07.624+0000] GC(842) Concurrent Preclean 0.518ms
[2025-08-01T02:36:07.624+0000] GC(842) Concurrent Mark (106.384s, 106.620s) 235.307ms
[2025-08-01T02:36:07.625+0000] GC(842) Pause Remark
[2025-08-01T02:36:07.627+0000] GC(842) Cleaned string and symbol table, strings: 2833 processed, 0 removed, symbols: 23489 processed, 0 removed
[2025-08-01T02:36:07.629+0000] GC(842) Pause Remark 3037M->1401M(4096M) 4.394ms
[2025-08-01T02:36:07.629+0000] GC(842) User=0.01s Sys=0.00s Real=0.00s
[2025-08-01T02:36:07.629+0000] GC(842) Concurrent Rebuild Remembered Sets
[2025-08-01T02:36:07.639+0000] GC(844) Pause Young (Normal) (G1 Evacuation Pause)
[2025-08-01T02:36:07.639+0000] GC(844) Using 8 workers of 8 for evacuation
[2025-08-01T02:36:07.707+0000] GC(844)   Pre Evacuate Collection Set: 0.1ms
[2025-08-01T02:36:07.707+0000] GC(844)   Evacuate Collection Set: 67.0ms
[2025-08-01T02:36:07.707+0000] GC(844)   Post Evacuate Collection Set: 0.8ms
[2025-08-01T02:36:07.707+0000] GC(844)   Other: 0.3ms
[2025-08-01T02:36:07.707+0000] GC(844) Eden regions: 135->0(374)
[2025-08-01T02:36:07.707+0000] GC(844) Survivor regions: 33->21(21)
[2025-08-01T02:36:07.707+0000] GC(844) Old regions: 573->721
[2025-08-01T02:36:07.708+0000] GC(844) Humongous regions: 0->0
[2025-08-01T02:36:07.708+0000] GC(844) Metaspace: 9706K(12544K)->9706K(12544K) NonClass: 8540K(11008K)->8540K(11008K) Class: 1166K(1536K)->1166K(1536K)
[2025-08-01T02:36:07.708+0000] GC(844) Pause Young (Normal) (G1 Evacuation Pause) 1478M->1481M(4096M) 68.332ms
[2025-08-01T02:36:07.708+0000] GC(844) User=0.52s Sys=0.01s Real=0.07s
[2025-08-01T02:36:07.865+0000] GC(845) Pause Young (Normal) (G1 Evacuation Pause)
[2025-08-01T02:36:07.865+0000] GC(845) Using 8 workers of 8 for evacuation
[2025-08-01T02:36:07.961+0000] GC(845)   Pre Evacuate Collection Set: 0.1ms
[2025-08-01T02:36:07.962+0000] GC(845)   Evacuate Collection Set: 95.0ms
[2025-08-01T02:36:07.962+0000] GC(845)   Post Evacuate Collection Set: 1.2ms
[2025-08-01T02:36:07.962+0000] GC(845)   Other: 0.3ms
[2025-08-01T02:36:07.962+0000] GC(845) Eden regions: 374->0(269)
[2025-08-01T02:36:07.962+0000] GC(845) Survivor regions: 21->50(50)
[2025-08-01T02:36:07.962+0000] GC(845) Old regions: 721->964
[2025-08-01T02:36:07.962+0000] GC(845) Humongous regions: 0->0
[2025-08-01T02:36:07.962+0000] GC(845) Metaspace: 9706K(12544K)->9706K(12544K) NonClass: 8540K(11008K)->8540K(11008K) Class: 1166K(1536K)->1166K(1536K)
[2025-08-01T02:36:07.962+0000] GC(845) Pause Young (Normal) (G1 Evacuation Pause) 2229M->2024M(4096M) 96.766ms
[2025-08-01T02:36:07.962+0000] GC(845) User=0.74s Sys=0.01s Real=0.09s
[2025-08-01T02:36:07.988+0000] GC(842) Concurrent Rebuild Remembered Sets 359.175ms
[2025-08-01T02:36:07.989+0000] GC(842) Pause Cleanup
[2025-08-01T02:36:07.989+0000] GC(842) Pause Cleanup 2258M->2258M(4096M) 0.599ms
[2025-08-01T02:36:07.989+0000] GC(842) User=0.00s Sys=0.00s Real=0.00s
[2025-08-01T02:36:07.989+0000] GC(842) Concurrent Cleanup for Next Mark
[2025-08-01T02:36:07.997+0000] GC(842) Concurrent Cleanup for Next Mark 7.810ms
[2025-08-01T02:36:07.997+0000] GC(842) Concurrent Cycle 618.304ms
[2025-08-01T02:36:08.057+0000] GC(846) Pause Young (Normal) (G1 Evacuation Pause)
[2025-08-01T02:36:08.057+0000] GC(846) Using 8 workers of 8 for evacuation
[2025-08-01T02:36:08.150+0000] GC(846)   Pre Evacuate Collection Set: 0.1ms
[2025-08-01T02:36:08.150+0000] GC(846)   Evacuate Collection Set: 91.4ms
[2025-08-01T02:36:08.150+0000] GC(846)   Post Evacuate Collection Set: 0.9ms
[2025-08-01T02:36:08.150+0000] GC(846)   Other: 0.3ms
[2025-08-01T02:36:08.150+0000] GC(846) Eden regions: 269->0(193)
[2025-08-01T02:36:08.150+0000] GC(846) Survivor regions: 50->40(40)
[2025-08-01T02:36:08.150+0000] GC(846) Old regions: 964->1193
[2025-08-01T02:36:08.150+0000] GC(846) Humongous regions: 0->0
[2025-08-01T02:36:08.150+0000] GC(846) Metaspace: 9706K(12544K)->9706K(12544K) NonClass: 8540K(11008K)->8540K(11008K) Class: 1166K(1536K)->1166K(1536K)
[2025-08-01T02:36:08.150+0000] GC(846) Pause Young (Normal) (G1 Evacuation Pause) 2562M->2462M(4096M) 92.875ms
[2025-08-01T02:36:08.150+0000] GC(846) User=0.70s Sys=0.03s Real=0.09s
[2025-08-01T02:36:08.229+0000] GC(847) Pause Young (Concurrent Start) (G1 Evacuation Pause)
[2025-08-01T02:36:08.229+0000] GC(847) Using 8 workers of 8 for evacuation
[2025-08-01T02:36:08.321+0000] GC(847)   Pre Evacuate Collection Set: 0.1ms
[2025-08-01T02:36:08.321+0000] GC(847)   Evacuate Collection Set: 91.4ms
[2025-08-01T02:36:08.321+0000] GC(847)   Post Evacuate Collection Set: 0.9ms
[2025-08-01T02:36:08.321+0000] GC(847)   Other: 0.5ms
[2025-08-01T02:36:08.321+0000] GC(847) Eden regions: 193->0(130)
[2025-08-01T02:36:08.321+0000] GC(847) Survivor regions: 40->30(30)
[2025-08-01T02:36:08.321+0000] GC(847) Old regions: 1193->1397
[2025-08-01T02:36:08.321+0000] GC(847) Humongous regions: 0->0
[2025-08-01T02:36:08.321+0000] GC(847) Metaspace: 9706K(12544K)->9706K(12544K) NonClass: 8540K(11008K)->8540K(11008K) Class: 1166K(1536K)->1166K(1536K)
[2025-08-01T02:36:08.322+0000] GC(847) Pause Young (Concurrent Start) (G1 Evacuation Pause) 2848M->2851M(4096M) 92.993ms
[2025-08-01T02:36:08.322+0000] GC(847) User=0.70s Sys=0.02s Real=0.09s
[2025-08-01T02:36:08.322+0000] GC(848) Concurrent Cycle
[2025-08-01T02:36:08.322+0000] GC(848) Concurrent Clear Claimed Marks
[2025-08-01T02:36:08.322+0000] GC(848) Concurrent Clear Claimed Marks 0.067ms
[2025-08-01T02:36:08.322+0000] GC(848) Concurrent Scan Root Regions
[2025-08-01T02:36:08.330+0000] GC(848) Concurrent Scan Root Regions 7.492ms
[2025-08-01T02:36:08.330+0000] GC(848) Concurrent Mark (107.325s)
[2025-08-01T02:36:08.330+0000] GC(848) Concurrent Mark From Roots
[2025-08-01T02:36:08.330+0000] GC(848) Using 2 workers of 2 for marking
[2025-08-01T02:36:08.385+0000] GC(849) Pause Young (Normal) (G1 Evacuation Pause)
[2025-08-01T02:36:08.385+0000] GC(849) Using 8 workers of 8 for evacuation
[2025-08-01T02:36:08.413+0000] GC(849)   Pre Evacuate Collection Set: 0.1ms
[2025-08-01T02:36:08.413+0000] GC(849)   Evacuate Collection Set: 26.4ms
[2025-08-01T02:36:08.413+0000] GC(849)   Post Evacuate Collection Set: 0.7ms
[2025-08-01T02:36:08.413+0000] GC(849)   Other: 0.3ms
[2025-08-01T02:36:08.413+0000] GC(849) Eden regions: 130->0(128)
[2025-08-01T02:36:08.413+0000] GC(849) Survivor regions: 30->20(20)
[2025-08-01T02:36:08.413+0000] GC(849) Old regions: 1397->1437
[2025-08-01T02:36:08.413+0000] GC(849) Humongous regions: 0->0
[2025-08-01T02:36:08.413+0000] GC(849) Metaspace: 9706K(12544K)->9706K(12544K) NonClass: 8540K(11008K)->8540K(11008K) Class: 1166K(1536K)->1166K(1536K)
[2025-08-01T02:36:08.413+0000] GC(849) Pause Young (Normal) (G1 Evacuation Pause) 3111M->2910M(4096M) 27.670ms
[2025-08-01T02:36:08.413+0000] GC(849) User=0.19s Sys=0.01s Real=0.02s
[2025-08-01T02:36:08.437+0000] GC(850) Pause Young (Normal) (G1 Evacuation Pause)
[2025-08-01T02:36:08.437+0000] GC(850) Using 8 workers of 8 for evacuation
[2025-08-01T02:36:08.489+0000] GC(850)   Pre Evacuate Collection Set: 0.1ms
[2025-08-01T02:36:08.489+0000] GC(850)   Evacuate Collection Set: 51.5ms
[2025-08-01T02:36:08.489+0000] GC(850)   Post Evacuate Collection Set: 0.7ms
[2025-08-01T02:36:08.489+0000] GC(850)   Other: 0.4ms
[2025-08-01T02:36:08.489+0000] GC(850) Eden regions: 128->0(83)
[2025-08-01T02:36:08.489+0000] GC(850) Survivor regions: 20->19(19)
[2025-08-01T02:36:08.489+0000] GC(850) Old regions: 1437->1567
[2025-08-01T02:36:08.489+0000] GC(850) Humongous regions: 0->0
[2025-08-01T02:36:08.489+0000] GC(850) Metaspace: 9706K(12544K)->9706K(12544K) NonClass: 8540K(11008K)->8540K(11008K) Class: 1166K(1536K)->1166K(1536K)
[2025-08-01T02:36:08.490+0000] GC(850) Pause Young (Normal) (G1 Evacuation Pause) 3166M->3169M(4096M) 52.878ms
[2025-08-01T02:36:08.490+0000] GC(850) User=0.39s Sys=0.01s Real=0.05s
[2025-08-01T02:36:08.550+0000] GC(851) Pause Young (Normal) (G1 Evacuation Pause)
[2025-08-01T02:36:08.550+0000] GC(851) Using 8 workers of 8 for evacuation
[2025-08-01T02:36:08.655+0000] GC(851)   Pre Evacuate Collection Set: 0.1ms
[2025-08-01T02:36:08.655+0000] GC(851)   Evacuate Collection Set: 103.4ms
[2025-08-01T02:36:08.655+0000] GC(851)   Post Evacuate Collection Set: 0.6ms
[2025-08-01T02:36:08.655+0000] GC(851)   Other: 0.3ms
[2025-08-01T02:36:08.655+0000] GC(851) Eden regions: 83->0(89)
[2025-08-01T02:36:08.655+0000] GC(851) Survivor regions: 19->13(13)
[2025-08-01T02:36:08.655+0000] GC(851) Old regions: 1567->1645
[2025-08-01T02:36:08.655+0000] GC(851) Humongous regions: 0->0
[2025-08-01T02:36:08.655+0000] GC(851) Metaspace: 9706K(12544K)->9706K(12544K) NonClass: 8540K(11008K)->8540K(11008K) Class: 1166K(1536K)->1166K(1536K)
[2025-08-01T02:36:08.655+0000] GC(851) Pause Young (Normal) (G1 Evacuation Pause) 3335M->3313M(4096M) 104.540ms
[2025-08-01T02:36:08.655+0000] GC(851) User=0.77s Sys=0.03s Real=0.11s
[2025-08-01T02:36:08.672+0000] GC(852) Pause Young (Normal) (G1 Evacuation Pause)
[2025-08-01T02:36:08.672+0000] GC(852) Using 8 workers of 8 for evacuation
[2025-08-01T02:36:08.714+0000] GC(852)   Pre Evacuate Collection Set: 0.1ms
[2025-08-01T02:36:08.714+0000] GC(852)   Evacuate Collection Set: 41.3ms
[2025-08-01T02:36:08.714+0000] GC(852)   Post Evacuate Collection Set: 0.6ms
[2025-08-01T02:36:08.714+0000] GC(852)   Other: 0.3ms
[2025-08-01T02:36:08.714+0000] GC(852) Eden regions: 89->0(89)
[2025-08-01T02:36:08.714+0000] GC(852) Survivor regions: 13->13(13)
[2025-08-01T02:36:08.714+0000] GC(852) Old regions: 1645->1736
[2025-08-01T02:36:08.714+0000] GC(852) Humongous regions: 0->0
[2025-08-01T02:36:08.714+0000] GC(852) Metaspace: 9706K(12544K)->9706K(12544K) NonClass: 8540K(11008K)->8540K(11008K) Class: 1166K(1536K)->1166K(1536K)
[2025-08-01T02:36:08.714+0000] GC(852) Pause Young (Normal) (G1 Evacuation Pause) 3491M->3495M(4096M) 42.440ms
[2025-08-01T02:36:08.714+0000] GC(852) User=0.31s Sys=0.01s Real=0.05s
[2025-08-01T02:36:08.779+0000] GC(853) Pause Young (Normal) (G1 Evacuation Pause)
[2025-08-01T02:36:08.779+0000] GC(853) Using 8 workers of 8 for evacuation
[2025-08-01T02:36:08.811+0000] GC(853)   Pre Evacuate Collection Set: 0.1ms
[2025-08-01T02:36:08.811+0000] GC(853)   Evacuate Collection Set: 30.9ms
[2025-08-01T02:36:08.811+0000] GC(853)   Post Evacuate Collection Set: 0.5ms
[2025-08-01T02:36:08.811+0000] GC(853)   Other: 0.2ms
[2025-08-01T02:36:08.811+0000] GC(853) Eden regions: 89->0(89)
[2025-08-01T02:36:08.811+0000] GC(853) Survivor regions: 13->13(13)
[2025-08-01T02:36:08.811+0000] GC(853) Old regions: 1736->1801
[2025-08-01T02:36:08.811+0000] GC(853) Humongous regions: 0->0
[2025-08-01T02:36:08.811+0000] GC(853) Metaspace: 9706K(12544K)->9706K(12544K) NonClass: 8540K(11008K)->8540K(11008K) Class: 1166K(1536K)->1166K(1536K)
[2025-08-01T02:36:08.811+0000] GC(853) Pause Young (Normal) (G1 Evacuation Pause) 3673M->3625M(4096M) 31.807ms
[2025-08-01T02:36:08.811+0000] GC(853) User=0.23s Sys=0.01s Real=0.03s
[2025-08-01T02:36:08.827+0000] GC(854) Pause Young (Normal) (G1 Evacuation Pause)
[2025-08-01T02:36:08.827+0000] GC(854) Using 8 workers of 8 for evacuation
[2025-08-01T02:36:08.858+0000] GC(854)   Pre Evacuate Collection Set: 0.2ms
[2025-08-01T02:36:08.858+0000] GC(854)   Evacuate Collection Set: 30.2ms
[2025-08-01T02:36:08.858+0000] GC(854)   Post Evacuate Collection Set: 0.5ms
[2025-08-01T02:36:08.858+0000] GC(854)   Other: 0.4ms
[2025-08-01T02:36:08.858+0000] GC(854) Eden regions: 89->0(89)
[2025-08-01T02:36:08.858+0000] GC(854) Survivor regions: 13->13(13)
[2025-08-01T02:36:08.858+0000] GC(854) Old regions: 1801->1893
[2025-08-01T02:36:08.858+0000] GC(854) Humongous regions: 0->0
[2025-08-01T02:36:08.858+0000] GC(854) Metaspace: 9706K(12544K)->9706K(12544K) NonClass: 8540K(11008K)->8540K(11008K) Class: 1166K(1536K)->1166K(1536K)
[2025-08-01T02:36:08.858+0000] GC(854) Pause Young (Normal) (G1 Evacuation Pause) 3803M->3808M(4096M) 31.525ms
[2025-08-01T02:36:08.858+0000] GC(854) User=0.23s Sys=0.00s Real=0.03s
[2025-08-01T02:36:08.869+0000] GC(848) Concurrent Mark From Roots 538.838ms
[2025-08-01T02:36:08.869+0000] GC(848) Concurrent Preclean
[2025-08-01T02:36:08.869+0000] GC(848) Concurrent Preclean 0.545ms
[2025-08-01T02:36:08.869+0000] GC(848) Concurrent Mark (107.325s, 107.865s) 539.558ms
[2025-08-01T02:36:08.870+0000] GC(848) Pause Remark
[2025-08-01T02:36:08.872+0000] GC(848) Cleaned string and symbol table, strings: 2833 processed, 0 removed, symbols: 23489 processed, 0 removed
[2025-08-01T02:36:08.874+0000] GC(848) Pause Remark 3934M->2506M(4096M) 4.073ms
[2025-08-01T02:36:08.874+0000] GC(848) User=0.01s Sys=0.01s Real=0.01s
[2025-08-01T02:36:08.874+0000] GC(848) Concurrent Rebuild Remembered Sets
[2025-08-01T02:36:08.927+0000] GC(855) Pause Young (Normal) (G1 Evacuation Pause)
[2025-08-01T02:36:08.927+0000] GC(855) Using 8 workers of 8 for evacuation
[2025-08-01T02:36:08.965+0000] GC(855)   Pre Evacuate Collection Set: 0.1ms
[2025-08-01T02:36:08.965+0000] GC(855)   Evacuate Collection Set: 37.2ms
[2025-08-01T02:36:08.965+0000] GC(855)   Post Evacuate Collection Set: 0.5ms
[2025-08-01T02:36:08.965+0000] GC(855)   Other: 0.3ms
[2025-08-01T02:36:08.965+0000] GC(855) Eden regions: 89->0(177)
[2025-08-01T02:36:08.965+0000] GC(855) Survivor regions: 13->13(13)
[2025-08-01T02:36:08.965+0000] GC(855) Old regions: 1179->1269
[2025-08-01T02:36:08.965+0000] GC(855) Humongous regions: 0->0
[2025-08-01T02:36:08.965+0000] GC(855) Metaspace: 9706K(12544K)->9706K(12544K) NonClass: 8540K(11008K)->8540K(11008K) Class: 1166K(1536K)->1166K(1536K)
[2025-08-01T02:36:08.965+0000] GC(855) Pause Young (Normal) (G1 Evacuation Pause) 2558M->2561M(4096M) 38.391ms
[2025-08-01T02:36:08.965+0000] GC(855) User=0.28s Sys=0.00s Real=0.04s
[2025-08-01T02:36:08.997+0000] GC(856) Pause Young (Normal) (G1 Evacuation Pause)
[2025-08-01T02:36:08.997+0000] GC(856) Using 8 workers of 8 for evacuation
[2025-08-01T02:36:09.054+0000] GC(856)   Pre Evacuate Collection Set: 0.1ms
[2025-08-01T02:36:09.054+0000] GC(856)   Evacuate Collection Set: 55.5ms
[2025-08-01T02:36:09.054+0000] GC(856)   Post Evacuate Collection Set: 0.9ms
[2025-08-01T02:36:09.054+0000] GC(856)   Other: 0.4ms
[2025-08-01T02:36:09.054+0000] GC(856) Eden regions: 177->0(119)
[2025-08-01T02:36:09.054+0000] GC(856) Survivor regions: 13->24(24)
[2025-08-01T02:36:09.054+0000] GC(856) Old regions: 1269->1437
[2025-08-01T02:36:09.054+0000] GC(856) Humongous regions: 0->0
[2025-08-01T02:36:09.054+0000] GC(856) Metaspace: 9706K(12544K)->9706K(12544K) NonClass: 8540K(11008K)->8540K(11008K) Class: 1166K(1536K)->1166K(1536K)
[2025-08-01T02:36:09.054+0000] GC(856) Pause Young (Normal) (G1 Evacuation Pause) 2915M->2918M(4096M) 57.021ms
[2025-08-01T02:36:09.054+0000] GC(856) User=0.44s Sys=0.00s Real=0.06s
[2025-08-01T02:36:09.113+0000] GC(857) Pause Young (Normal) (G1 Evacuation Pause)
[2025-08-01T02:36:09.113+0000] GC(857) Using 8 workers of 8 for evacuation
[2025-08-01T02:36:09.229+0000] GC(857)   Pre Evacuate Collection Set: 0.3ms
[2025-08-01T02:36:09.229+0000] GC(857)   Evacuate Collection Set: 114.6ms
[2025-08-01T02:36:09.229+0000] GC(857)   Post Evacuate Collection Set: 0.8ms
[2025-08-01T02:36:09.229+0000] GC(857)   Other: 0.3ms
[2025-08-01T02:36:09.229+0000] GC(857) Eden regions: 119->0(102)
[2025-08-01T02:36:09.229+0000] GC(857) Survivor regions: 24->18(18)
[2025-08-01T02:36:09.229+0000] GC(857) Old regions: 1437->1512
[2025-08-01T02:36:09.229+0000] GC(857) Humongous regions: 0->0
[2025-08-01T02:36:09.229+0000] GC(857) Metaspace: 9706K(12544K)->9706K(12544K) NonClass: 8540K(11008K)->8540K(11008K) Class: 1166K(1536K)->1166K(1536K)
[2025-08-01T02:36:09.229+0000] GC(857) Pause Young (Normal) (G1 Evacuation Pause) 3156M->3056M(4096M) 116.246ms
[2025-08-01T02:36:09.229+0000] GC(857) User=0.87s Sys=0.03s Real=0.12s
[2025-08-01T02:36:09.248+0000] GC(858) Pause Young (Normal) (G1 Evacuation Pause)
[2025-08-01T02:36:09.248+0000] GC(858) Using 8 workers of 8 for evacuation
[2025-08-01T02:36:09.292+0000] GC(858)   Pre Evacuate Collection Set: 0.1ms
[2025-08-01T02:36:09.292+0000] GC(858)   Evacuate Collection Set: 43.1ms
[2025-08-01T02:36:09.292+0000] GC(858)   Post Evacuate Collection Set: 0.9ms
[2025-08-01T02:36:09.292+0000] GC(858)   Other: 0.4ms
[2025-08-01T02:36:09.292+0000] GC(858) Eden regions: 102->0(87)
[2025-08-01T02:36:09.292+0000] GC(858) Survivor regions: 18->15(15)
[2025-08-01T02:36:09.292+0000] GC(858) Old regions: 1512->1618
[2025-08-01T02:36:09.292+0000] GC(858) Humongous regions: 0->0
[2025-08-01T02:36:09.292+0000] GC(858) Metaspace: 9706K(12544K)->9706K(12544K) NonClass: 8540K(11008K)->8540K(11008K) Class: 1166K(1536K)->1166K(1536K)
[2025-08-01T02:36:09.292+0000] GC(858) Pause Young (Normal) (G1 Evacuation Pause) 3260M->3263M(4096M) 44.584ms
[2025-08-01T02:36:09.292+0000] GC(858) User=0.33s Sys=0.01s Real=0.04s
[2025-08-01T02:36:09.356+0000] GC(859) Pause Young (Normal) (G1 Evacuation Pause)
[2025-08-01T02:36:09.356+0000] GC(859) Using 8 workers of 8 for evacuation
[2025-08-01T02:36:09.388+0000] GC(859)   Pre Evacuate Collection Set: 0.1ms
[2025-08-01T02:36:09.388+0000] GC(859)   Evacuate Collection Set: 31.4ms
[2025-08-01T02:36:09.388+0000] GC(859)   Post Evacuate Collection Set: 0.6ms
[2025-08-01T02:36:09.388+0000] GC(859)   Other: 0.3ms
[2025-08-01T02:36:09.388+0000] GC(859) Eden regions: 87->0(89)
[2025-08-01T02:36:09.388+0000] GC(859) Survivor regions: 15->13(13)
[2025-08-01T02:36:09.388+0000] GC(859) Old regions: 1618->1674
[2025-08-01T02:36:09.388+0000] GC(859) Humongous regions: 0->0
[2025-08-01T02:36:09.388+0000] GC(859) Metaspace: 9706K(12544K)->9706K(12544K) NonClass: 8540K(11008K)->8540K(11008K) Class: 1166K(1536K)->1166K(1536K)
[2025-08-01T02:36:09.388+0000] GC(859) Pause Young (Normal) (G1 Evacuation Pause) 3437M->3370M(4096M) 32.472ms
[2025-08-01T02:36:09.388+0000] GC(859) User=0.21s Sys=0.01s Real=0.03s
[2025-08-01T02:36:09.407+0000] GC(860) Pause Young (Normal) (G1 Evacuation Pause)
[2025-08-01T02:36:09.407+0000] GC(860) Using 8 workers of 8 for evacuation
[2025-08-01T02:36:09.444+0000] GC(860)   Pre Evacuate Collection Set: 0.1ms
[2025-08-01T02:36:09.444+0000] GC(860)   Evacuate Collection Set: 35.6ms
[2025-08-01T02:36:09.444+0000] GC(860)   Post Evacuate Collection Set: 0.6ms
[2025-08-01T02:36:09.444+0000] GC(860)   Other: 0.3ms
[2025-08-01T02:36:09.444+0000] GC(860) Eden regions: 89->0(89)
[2025-08-01T02:36:09.444+0000] GC(860) Survivor regions: 13->13(13)
[2025-08-01T02:36:09.444+0000] GC(860) Old regions: 1674->1765
[2025-08-01T02:36:09.444+0000] GC(860) Humongous regions: 0->0
[2025-08-01T02:36:09.444+0000] GC(860) Metaspace: 9706K(12544K)->9706K(12544K) NonClass: 8540K(11008K)->8540K(11008K) Class: 1166K(1536K)->1166K(1536K)
[2025-08-01T02:36:09.444+0000] GC(860) Pause Young (Normal) (G1 Evacuation Pause) 3548M->3552M(4096M) 36.799ms
[2025-08-01T02:36:09.444+0000] GC(860) User=0.26s Sys=0.00s Real=0.04s
[2025-08-01T02:36:09.507+0000] GC(861) Pause Young (Normal) (G1 Evacuation Pause)
[2025-08-01T02:36:09.507+0000] GC(861) Using 8 workers of 8 for evacuation
[2025-08-01T02:36:09.566+0000] GC(861)   Pre Evacuate Collection Set: 0.1ms
[2025-08-01T02:36:09.566+0000] GC(861)   Evacuate Collection Set: 56.7ms
[2025-08-01T02:36:09.566+0000] GC(861)   Post Evacuate Collection Set: 1.3ms
[2025-08-01T02:36:09.566+0000] GC(861)   Other: 0.3ms
[2025-08-01T02:36:09.566+0000] GC(861) Eden regions: 89->0(89)
[2025-08-01T02:36:09.566+0000] GC(861) Survivor regions: 13->13(13)
[2025-08-01T02:36:09.566+0000] GC(861) Old regions: 1765->1856
[2025-08-01T02:36:09.566+0000] GC(861) Humongous regions: 0->0
[2025-08-01T02:36:09.566+0000] GC(861) Metaspace: 9706K(12544K)->9706K(12544K) NonClass: 8540K(11008K)->8540K(11008K) Class: 1166K(1536K)->1166K(1536K)
[2025-08-01T02:36:09.566+0000] GC(861) Pause Young (Normal) (G1 Evacuation Pause) 3730M->3734M(4096M) 58.608ms
[2025-08-01T02:36:09.566+0000] GC(861) User=0.45s Sys=0.01s Real=0.06s
[2025-08-01T02:36:09.582+0000] GC(862) Pause Young (Normal) (G1 Evacuation Pause)
[2025-08-01T02:36:09.582+0000] GC(862) Using 8 workers of 8 for evacuation
[2025-08-01T02:36:09.614+0000] GC(862) To-space exhausted
[2025-08-01T02:36:09.614+0000] GC(862)   Pre Evacuate Collection Set: 0.1ms
[2025-08-01T02:36:09.614+0000] GC(862)   Evacuate Collection Set: 28.7ms
[2025-08-01T02:36:09.614+0000] GC(862)   Post Evacuate Collection Set: 2.7ms
[2025-08-01T02:36:09.614+0000] GC(862)   Other: 0.4ms
[2025-08-01T02:36:09.614+0000] GC(862) Eden regions: 89->0(89)
[2025-08-01T02:36:09.614+0000] GC(862) Survivor regions: 13->13(13)
[2025-08-01T02:36:09.614+0000] GC(862) Old regions: 1856->1953
[2025-08-01T02:36:09.614+0000] GC(862) Humongous regions: 0->0
[2025-08-01T02:36:09.614+0000] GC(862) Metaspace: 9706K(12544K)->9706K(12544K) NonClass: 8540K(11008K)->8540K(11008K) Class: 1166K(1536K)->1166K(1536K)
[2025-08-01T02:36:09.614+0000] GC(862) Pause Young (Normal) (G1 Evacuation Pause) 3912M->3929M(4096M) 31.942ms
[2025-08-01T02:36:09.614+0000] GC(862) User=0.23s Sys=0.00s Real=0.04s
[2025-08-01T02:36:09.649+0000] GC(848) Concurrent Rebuild Remembered Sets 775.228ms
[2025-08-01T02:36:09.650+0000] GC(848) Pause Cleanup
[2025-08-01T02:36:09.651+0000] GC(848) Pause Cleanup 4053M->4053M(4096M) 1.396ms
[2025-08-01T02:36:09.651+0000] GC(848) User=0.00s Sys=0.00s Real=0.00s
[2025-08-01T02:36:09.652+0000] GC(848) Concurrent Cleanup for Next Mark
[2025-08-01T02:36:09.659+0000] GC(848) Concurrent Cleanup for Next Mark 7.384ms
[2025-08-01T02:36:09.659+0000] GC(848) Concurrent Cycle 1336.995ms
[2025-08-01T02:36:09.678+0000] GC(863) Pause Young (Normal) (G1 Evacuation Pause)
[2025-08-01T02:36:09.678+0000] GC(863) Using 8 workers of 8 for evacuation
[2025-08-01T02:36:09.705+0000] GC(863) To-space exhausted
[2025-08-01T02:36:09.706+0000] GC(863)   Pre Evacuate Collection Set: 0.1ms
[2025-08-01T02:36:09.706+0000] GC(863)   Evacuate Collection Set: 16.5ms
[2025-08-01T02:36:09.706+0000] GC(863)   Post Evacuate Collection Set: 11.1ms
[2025-08-01T02:36:09.706+0000] GC(863)   Other: 0.3ms
[2025-08-01T02:36:09.706+0000] GC(863) Eden regions: 82->0(102)
[2025-08-01T02:36:09.706+0000] GC(863) Survivor regions: 13->0(13)
[2025-08-01T02:36:09.706+0000] GC(863) Old regions: 1953->2048
[2025-08-01T02:36:09.706+0000] GC(863) Humongous regions: 0->0
[2025-08-01T02:36:09.706+0000] GC(863) Metaspace: 9706K(12544K)->9706K(12544K) NonClass: 8540K(11008K)->8540K(11008K) Class: 1166K(1536K)->1166K(1536K)
[2025-08-01T02:36:09.706+0000] GC(863) Pause Young (Normal) (G1 Evacuation Pause) 4093M->4093M(4096M) 28.123ms
[2025-08-01T02:36:09.706+0000] GC(863) User=0.20s Sys=0.00s Real=0.03s
[2025-08-01T02:36:09.706+0000] GC(864) Using 8 workers of 8 for full compaction
[2025-08-01T02:36:09.706+0000] GC(864) Pause Full (G1 Evacuation Pause)
[2025-08-01T02:36:09.706+0000] GC(864) Phase 1: Mark live objects
[2025-08-01T02:36:09.736+0000] GC(864) Cleaned string and symbol table, strings: 2833 processed, 0 removed, symbols: 23489 processed, 0 removed
[2025-08-01T02:36:09.736+0000] GC(864) Phase 1: Mark live objects 29.846ms
[2025-08-01T02:36:09.736+0000] GC(864) Phase 2: Prepare for compaction
[2025-08-01T02:36:09.769+0000] GC(864) Phase 2: Prepare for compaction 33.045ms
[2025-08-01T02:36:09.769+0000] GC(864) Phase 3: Adjust pointers
[2025-08-01T02:36:09.797+0000] GC(864) Phase 3: Adjust pointers 27.944ms
[2025-08-01T02:36:09.797+0000] GC(864) Phase 4: Compact heap
[2025-08-01T02:36:09.895+0000] GC(864) Phase 4: Compact heap 97.974ms
[2025-08-01T02:36:09.897+0000] GC(864) Eden regions: 0->0(571)
[2025-08-01T02:36:09.897+0000] GC(864) Survivor regions: 0->0(13)
[2025-08-01T02:36:09.897+0000] GC(864) Old regions: 2048->354
[2025-08-01T02:36:09.897+0000] GC(864) Humongous regions: 0->0
[2025-08-01T02:36:09.897+0000] GC(864) Metaspace: 9706K(12544K)->9706K(12544K) NonClass: 8540K(11008K)->8540K(11008K) Class: 1166K(1536K)->1166K(1536K)
[2025-08-01T02:36:09.897+0000] GC(864) Pause Full (G1 Evacuation Pause) 4093M->696M(4096M) 191.285ms
[2025-08-01T02:36:09.897+0000] GC(864) User=1.39s Sys=0.01s Real=0.19s
[2025-08-01T02:36:10.157+0000] GC(865) Pause Young (Concurrent Start) (G1 Evacuation Pause)
[2025-08-01T02:36:10.157+0000] GC(865) Using 8 workers of 8 for evacuation
[2025-08-01T02:36:10.328+0000] GC(865)   Pre Evacuate Collection Set: 0.1ms
[2025-08-01T02:36:10.328+0000] GC(865)   Evacuate Collection Set: 167.5ms
[2025-08-01T02:36:10.328+0000] GC(865)   Post Evacuate Collection Set: 2.0ms
[2025-08-01T02:36:10.328+0000] GC(865)   Other: 0.7ms
[2025-08-01T02:36:10.328+0000] GC(865) Eden regions: 571->0(510)
[2025-08-01T02:36:10.328+0000] GC(865) Survivor regions: 0->72(72)
[2025-08-01T02:36:10.328+0000] GC(865) Old regions: 354->504
[2025-08-01T02:36:10.328+0000] GC(865) Humongous regions: 0->0
[2025-08-01T02:36:10.328+0000] GC(865) Metaspace: 9706K(12544K)->9706K(12544K) NonClass: 8540K(11008K)->8540K(11008K) Class: 1166K(1536K)->1166K(1536K)
[2025-08-01T02:36:10.328+0000] GC(865) Pause Young (Concurrent Start) (G1 Evacuation Pause) 1838M->1139M(4096M) 170.626ms
[2025-08-01T02:36:10.328+0000] GC(865) User=1.27s Sys=0.05s Real=0.17s
[2025-08-01T02:36:10.328+0000] GC(866) Concurrent Cycle
[2025-08-01T02:36:10.328+0000] GC(866) Concurrent Clear Claimed Marks
[2025-08-01T02:36:10.328+0000] GC(866) Concurrent Clear Claimed Marks 0.183ms
[2025-08-01T02:36:10.328+0000] GC(866) Concurrent Scan Root Regions
[2025-08-01T02:36:10.356+0000] GC(866) Concurrent Scan Root Regions 27.330ms
[2025-08-01T02:36:10.357+0000] GC(866) Concurrent Mark (109.352s)
[2025-08-01T02:36:10.357+0000] GC(866) Concurrent Mark From Roots
[2025-08-01T02:36:10.357+0000] GC(866) Using 2 workers of 2 for marking
[2025-08-01T02:36:10.449+0000] GC(866) Concurrent Mark From Roots 92.109ms
[2025-08-01T02:36:10.449+0000] GC(866) Concurrent Preclean
[2025-08-01T02:36:10.449+0000] GC(866) Concurrent Preclean 0.224ms
[2025-08-01T02:36:10.449+0000] GC(866) Concurrent Mark (109.352s, 109.445s) 92.585ms
[2025-08-01T02:36:10.450+0000] GC(866) Pause Remark
[2025-08-01T02:36:10.454+0000] GC(866) Cleaned string and symbol table, strings: 2833 processed, 0 removed, symbols: 23489 processed, 0 removed
[2025-08-01T02:36:10.455+0000] GC(866) Pause Remark 1736M->1163M(4096M) 4.473ms
[2025-08-01T02:36:10.455+0000] GC(866) User=0.01s Sys=0.00s Real=0.01s
[2025-08-01T02:36:10.455+0000] GC(866) Concurrent Rebuild Remembered Sets
[2025-08-01T02:36:10.510+0000] GC(866) Concurrent Rebuild Remembered Sets 54.881ms
[2025-08-01T02:36:10.511+0000] GC(866) Pause Cleanup
[2025-08-01T02:36:10.511+0000] GC(866) Pause Cleanup 1260M->1260M(4096M) 0.834ms
[2025-08-01T02:36:10.512+0000] GC(866) User=0.00s Sys=0.00s Real=0.00s
[2025-08-01T02:36:10.512+0000] GC(866) Concurrent Cleanup for Next Mark
[2025-08-01T02:36:10.527+0000] GC(866) Concurrent Cleanup for Next Mark 15.445ms
[2025-08-01T02:36:10.527+0000] GC(866) Concurrent Cycle 199.262ms
[2025-08-01T02:36:10.589+0000] GC(867) Pause Young (Normal) (G1 Evacuation Pause)
[2025-08-01T02:36:10.589+0000] GC(867) Using 8 workers of 8 for evacuation
[2025-08-01T02:36:10.829+0000] GC(867) MMU target violated: 201.0ms (200.0ms/201.0ms)
[2025-08-01T02:36:10.829+0000] GC(867)   Pre Evacuate Collection Set: 0.1ms
[2025-08-01T02:36:10.829+0000] GC(867)   Evacuate Collection Set: 237.9ms
[2025-08-01T02:36:10.829+0000] GC(867)   Post Evacuate Collection Set: 1.2ms
[2025-08-01T02:36:10.829+0000] GC(867)   Other: 0.5ms
[2025-08-01T02:36:10.829+0000] GC(867) Eden regions: 510->0(360)
[2025-08-01T02:36:10.829+0000] GC(867) Survivor regions: 72->73(73)
[2025-08-01T02:36:10.829+0000] GC(867) Old regions: 213->612
[2025-08-01T02:36:10.829+0000] GC(867) Humongous regions: 0->0
[2025-08-01T02:36:10.829+0000] GC(867) Metaspace: 9706K(12544K)->9706K(12544K) NonClass: 8540K(11008K)->8540K(11008K) Class: 1166K(1536K)->1166K(1536K)
[2025-08-01T02:36:10.829+0000] GC(867) Pause Young (Normal) (G1 Evacuation Pause) 1586M->1367M(4096M) 239.798ms
[2025-08-01T02:36:10.829+0000] GC(867) User=1.80s Sys=0.06s Real=0.24s
[2025-08-01T02:36:10.981+0000] GC(868) Pause Young (Concurrent Start) (G1 Evacuation Pause)
[2025-08-01T02:36:10.981+0000] GC(868) Using 8 workers of 8 for evacuation
[2025-08-01T02:36:11.052+0000] GC(868)   Pre Evacuate Collection Set: 0.1ms
[2025-08-01T02:36:11.052+0000] GC(868)   Evacuate Collection Set: 70.1ms
[2025-08-01T02:36:11.052+0000] GC(868)   Post Evacuate Collection Set: 1.0ms
[2025-08-01T02:36:11.052+0000] GC(868)   Other: 0.5ms
[2025-08-01T02:36:11.052+0000] GC(868) Eden regions: 360->0(422)
[2025-08-01T02:36:11.052+0000] GC(868) Survivor regions: 73->55(55)
[2025-08-01T02:36:11.052+0000] GC(868) Old regions: 612->721
[2025-08-01T02:36:11.052+0000] GC(868) Humongous regions: 0->0
[2025-08-01T02:36:11.052+0000] GC(868) Metaspace: 9706K(12544K)->9706K(12544K) NonClass: 8540K(11008K)->8540K(11008K) Class: 1166K(1536K)->1166K(1536K)
[2025-08-01T02:36:11.052+0000] GC(868) Pause Young (Concurrent Start) (G1 Evacuation Pause) 2087M->1548M(4096M) 71.816ms
[2025-08-01T02:36:11.052+0000] GC(868) User=0.53s Sys=0.02s Real=0.07s
[2025-08-01T02:36:11.053+0000] GC(869) Concurrent Cycle
[2025-08-01T02:36:11.053+0000] GC(869) Concurrent Clear Claimed Marks
[2025-08-01T02:36:11.053+0000] GC(869) Concurrent Clear Claimed Marks 0.063ms
[2025-08-01T02:36:11.053+0000] GC(869) Concurrent Scan Root Regions
[2025-08-01T02:36:11.066+0000] GC(869) Concurrent Scan Root Regions 13.816ms
[2025-08-01T02:36:11.067+0000] GC(869) Concurrent Mark (110.062s)
[2025-08-01T02:36:11.067+0000] GC(869) Concurrent Mark From Roots
[2025-08-01T02:36:11.067+0000] GC(869) Using 2 workers of 2 for marking
[2025-08-01T02:36:11.129+0000] GC(869) Concurrent Mark From Roots 62.271ms
[2025-08-01T02:36:11.129+0000] GC(869) Concurrent Preclean
[2025-08-01T02:36:11.129+0000] GC(869) Concurrent Preclean 0.370ms
[2025-08-01T02:36:11.129+0000] GC(869) Concurrent Mark (110.062s, 110.125s) 62.751ms
[2025-08-01T02:36:11.130+0000] GC(869) Pause Remark
[2025-08-01T02:36:11.133+0000] GC(869) Cleaned string and symbol table, strings: 2833 processed, 0 removed, symbols: 23489 processed, 0 removed
[2025-08-01T02:36:11.135+0000] GC(869) Pause Remark 1910M->904M(4096M) 4.493ms
[2025-08-01T02:36:11.135+0000] GC(869) User=0.03s Sys=0.00s Real=0.01s
[2025-08-01T02:36:11.135+0000] GC(869) Concurrent Rebuild Remembered Sets
[2025-08-01T02:36:11.194+0000] GC(869) Concurrent Rebuild Remembered Sets 59.081ms
[2025-08-01T02:36:11.194+0000] GC(869) Pause Cleanup
[2025-08-01T02:36:11.195+0000] GC(869) Pause Cleanup 1238M->1238M(4096M) 0.731ms
[2025-08-01T02:36:11.195+0000] GC(869) User=0.01s Sys=0.00s Real=0.00s
[2025-08-01T02:36:11.195+0000] GC(869) Concurrent Cleanup for Next Mark
[2025-08-01T02:36:11.203+0000] GC(869) Concurrent Cleanup for Next Mark 8.160ms
[2025-08-01T02:36:11.203+0000] GC(869) Concurrent Cycle 150.920ms
[2025-08-01T02:36:11.228+0000] GC(870) Pause Young (Normal) (G1 Evacuation Pause)
[2025-08-01T02:36:11.228+0000] GC(870) Using 8 workers of 8 for evacuation
[2025-08-01T02:36:11.353+0000] GC(870)   Pre Evacuate Collection Set: 0.1ms
[2025-08-01T02:36:11.353+0000] GC(870)   Evacuate Collection Set: 123.1ms
[2025-08-01T02:36:11.353+0000] GC(870)   Post Evacuate Collection Set: 1.1ms
[2025-08-01T02:36:11.353+0000] GC(870)   Other: 0.3ms
[2025-08-01T02:36:11.353+0000] GC(870) Eden regions: 422->0(478)
[2025-08-01T02:36:11.353+0000] GC(870) Survivor regions: 55->60(60)
[2025-08-01T02:36:11.353+0000] GC(870) Old regions: 218->522
[2025-08-01T02:36:11.353+0000] GC(870) Humongous regions: 0->0
[2025-08-01T02:36:11.353+0000] GC(870) Metaspace: 9706K(12544K)->9706K(12544K) NonClass: 8540K(11008K)->8540K(11008K) Class: 1166K(1536K)->1166K(1536K)
[2025-08-01T02:36:11.353+0000] GC(870) Pause Young (Normal) (G1 Evacuation Pause) 1386M->1160M(4096M) 124.760ms
[2025-08-01T02:36:11.353+0000] GC(870) User=0.96s Sys=0.01s Real=0.12s
[2025-08-01T02:36:11.569+0000] GC(871) Pause Young (Concurrent Start) (G1 Evacuation Pause)
[2025-08-01T02:36:11.569+0000] GC(871) Using 8 workers of 8 for evacuation
[2025-08-01T02:36:11.648+0000] GC(871)   Pre Evacuate Collection Set: 0.2ms
[2025-08-01T02:36:11.648+0000] GC(871)   Evacuate Collection Set: 74.8ms
[2025-08-01T02:36:11.648+0000] GC(871)   Post Evacuate Collection Set: 3.3ms
[2025-08-01T02:36:11.648+0000] GC(871)   Other: 0.4ms
[2025-08-01T02:36:11.648+0000] GC(871) Eden regions: 478->0(460)
[2025-08-01T02:36:11.648+0000] GC(871) Survivor regions: 60->68(68)
[2025-08-01T02:36:11.648+0000] GC(871) Old regions: 522->634
[2025-08-01T02:36:11.648+0000] GC(871) Humongous regions: 0->0
[2025-08-01T02:36:11.648+0000] GC(871) Metaspace: 9706K(12544K)->9706K(12544K) NonClass: 8540K(11008K)->8540K(11008K) Class: 1166K(1536K)->1166K(1536K)
[2025-08-01T02:36:11.648+0000] GC(871) Pause Young (Concurrent Start) (G1 Evacuation Pause) 2116M->1400M(4096M) 78.787ms
[2025-08-01T02:36:11.648+0000] GC(871) User=0.57s Sys=0.02s Real=0.08s
[2025-08-01T02:36:11.648+0000] GC(872) Concurrent Cycle
[2025-08-01T02:36:11.648+0000] GC(872) Concurrent Clear Claimed Marks
[2025-08-01T02:36:11.648+0000] GC(872) Concurrent Clear Claimed Marks 0.049ms
[2025-08-01T02:36:11.648+0000] GC(872) Concurrent Scan Root Regions
[2025-08-01T02:36:11.666+0000] GC(872) Concurrent Scan Root Regions 17.416ms
[2025-08-01T02:36:11.666+0000] GC(872) Concurrent Mark (110.661s)
[2025-08-01T02:36:11.666+0000] GC(872) Concurrent Mark From Roots
[2025-08-01T02:36:11.666+0000] GC(872) Using 2 workers of 2 for marking
[2025-08-01T02:36:11.719+0000] GC(872) Concurrent Mark From Roots 53.173ms
[2025-08-01T02:36:11.719+0000] GC(872) Concurrent Preclean
[2025-08-01T02:36:11.719+0000] GC(872) Concurrent Preclean 0.313ms
[2025-08-01T02:36:11.719+0000] GC(872) Concurrent Mark (110.661s, 110.715s) 53.595ms
[2025-08-01T02:36:11.720+0000] GC(872) Pause Remark
[2025-08-01T02:36:11.723+0000] GC(872) Cleaned string and symbol table, strings: 2833 processed, 0 removed, symbols: 23489 processed, 0 removed
[2025-08-01T02:36:11.725+0000] GC(872) Pause Remark 1744M->834M(4096M) 4.754ms
[2025-08-01T02:36:11.725+0000] GC(872) User=0.02s Sys=0.00s Real=0.01s
[2025-08-01T02:36:11.725+0000] GC(872) Concurrent Rebuild Remembered Sets
[2025-08-01T02:36:11.781+0000] GC(872) Concurrent Rebuild Remembered Sets 56.569ms
[2025-08-01T02:36:11.782+0000] GC(872) Pause Cleanup
[2025-08-01T02:36:11.782+0000] GC(872) Pause Cleanup 1194M->1194M(4096M) 0.436ms
[2025-08-01T02:36:11.782+0000] GC(872) User=0.00s Sys=0.00s Real=0.00s
[2025-08-01T02:36:11.783+0000] GC(872) Concurrent Cleanup for Next Mark
[2025-08-01T02:36:11.790+0000] GC(872) Concurrent Cleanup for Next Mark 7.917ms
[2025-08-01T02:36:11.791+0000] GC(872) Concurrent Cycle 142.280ms
[2025-08-01T02:36:11.831+0000] GC(873) Pause Young (Normal) (G1 Evacuation Pause)
[2025-08-01T02:36:11.831+0000] GC(873) Using 8 workers of 8 for evacuation
[2025-08-01T02:36:11.978+0000] GC(873)   Pre Evacuate Collection Set: 0.1ms
[2025-08-01T02:36:11.978+0000] GC(873)   Evacuate Collection Set: 145.8ms
[2025-08-01T02:36:11.978+0000] GC(873)   Post Evacuate Collection Set: 1.0ms
[2025-08-01T02:36:11.978+0000] GC(873)   Other: 0.3ms
[2025-08-01T02:36:11.978+0000] GC(873) Eden regions: 460->0(480)
[2025-08-01T02:36:11.978+0000] GC(873) Survivor regions: 68->66(66)
[2025-08-01T02:36:11.978+0000] GC(873) Old regions: 179->513
[2025-08-01T02:36:11.978+0000] GC(873) Humongous regions: 0->0
[2025-08-01T02:36:11.978+0000] GC(873) Metaspace: 9706K(12544K)->9706K(12544K) NonClass: 8540K(11008K)->8540K(11008K) Class: 1166K(1536K)->1166K(1536K)
[2025-08-01T02:36:11.978+0000] GC(873) Pause Young (Normal) (G1 Evacuation Pause) 1410M->1155M(4096M) 147.334ms
[2025-08-01T02:36:11.978+0000] GC(873) User=1.11s Sys=0.05s Real=0.15s
[2025-08-01T02:36:12.221+0000] GC(874) Pause Young (Concurrent Start) (G1 Evacuation Pause)
[2025-08-01T02:36:12.221+0000] GC(874) Using 8 workers of 8 for evacuation
[2025-08-01T02:36:12.349+0000] GC(874)   Pre Evacuate Collection Set: 0.1ms
[2025-08-01T02:36:12.349+0000] GC(874)   Evacuate Collection Set: 124.6ms
[2025-08-01T02:36:12.349+0000] GC(874)   Post Evacuate Collection Set: 2.1ms
[2025-08-01T02:36:12.349+0000] GC(874)   Other: 0.6ms
[2025-08-01T02:36:12.349+0000] GC(874) Eden regions: 480->0(446)
[2025-08-01T02:36:12.349+0000] GC(874) Survivor regions: 66->69(69)
[2025-08-01T02:36:12.349+0000] GC(874) Old regions: 513->650
[2025-08-01T02:36:12.349+0000] GC(874) Humongous regions: 0->0
[2025-08-01T02:36:12.349+0000] GC(874) Metaspace: 9706K(12544K)->9706K(12544K) NonClass: 8540K(11008K)->8540K(11008K) Class: 1166K(1536K)->1166K(1536K)
[2025-08-01T02:36:12.349+0000] GC(874) Pause Young (Concurrent Start) (G1 Evacuation Pause) 2115M->1434M(4096M) 127.938ms
[2025-08-01T02:36:12.349+0000] GC(874) User=0.93s Sys=0.04s Real=0.13s
[2025-08-01T02:36:12.349+0000] GC(875) Concurrent Cycle
[2025-08-01T02:36:12.349+0000] GC(875) Concurrent Clear Claimed Marks
[2025-08-01T02:36:12.349+0000] GC(875) Concurrent Clear Claimed Marks 0.137ms
[2025-08-01T02:36:12.349+0000] GC(875) Concurrent Scan Root Regions
[2025-08-01T02:36:12.374+0000] GC(875) Concurrent Scan Root Regions 24.097ms
[2025-08-01T02:36:12.374+0000] GC(875) Concurrent Mark (111.369s)
[2025-08-01T02:36:12.374+0000] GC(875) Concurrent Mark From Roots
[2025-08-01T02:36:12.374+0000] GC(875) Using 2 workers of 2 for marking
[2025-08-01T02:36:12.442+0000] GC(875) Concurrent Mark From Roots 68.381ms
[2025-08-01T02:36:12.442+0000] GC(875) Concurrent Preclean
[2025-08-01T02:36:12.443+0000] GC(875) Concurrent Preclean 0.315ms
[2025-08-01T02:36:12.443+0000] GC(875) Concurrent Mark (111.369s, 111.438s) 68.841ms
[2025-08-01T02:36:12.443+0000] GC(875) Pause Remark
[2025-08-01T02:36:12.446+0000] GC(875) Cleaned string and symbol table, strings: 2833 processed, 0 removed, symbols: 23489 processed, 0 removed
[2025-08-01T02:36:12.448+0000] GC(875) Pause Remark 1826M->1016M(4096M) 4.966ms
[2025-08-01T02:36:12.448+0000] GC(875) User=0.02s Sys=0.00s Real=0.00s
[2025-08-01T02:36:12.448+0000] GC(875) Concurrent Rebuild Remembered Sets
[2025-08-01T02:36:12.510+0000] GC(875) Concurrent Rebuild Remembered Sets 61.987ms
[2025-08-01T02:36:12.511+0000] GC(875) Pause Cleanup
[2025-08-01T02:36:12.511+0000] GC(875) Pause Cleanup 1256M->1256M(4096M) 0.568ms
[2025-08-01T02:36:12.511+0000] GC(875) User=0.00s Sys=0.00s Real=0.00s
[2025-08-01T02:36:12.511+0000] GC(875) Concurrent Cleanup for Next Mark
[2025-08-01T02:36:12.520+0000] GC(875) Concurrent Cleanup for Next Mark 8.203ms
[2025-08-01T02:36:12.520+0000] GC(875) Concurrent Cycle 170.466ms
[2025-08-01T02:36:12.544+0000] GC(876) Pause Young (Normal) (G1 Evacuation Pause)
[2025-08-01T02:36:12.544+0000] GC(876) Using 8 workers of 8 for evacuation
[2025-08-01T02:36:12.684+0000] GC(876)   Pre Evacuate Collection Set: 0.1ms
[2025-08-01T02:36:12.684+0000] GC(876)   Evacuate Collection Set: 137.8ms
[2025-08-01T02:36:12.684+0000] GC(876)   Post Evacuate Collection Set: 1.4ms
[2025-08-01T02:36:12.684+0000] GC(876)   Other: 0.3ms
[2025-08-01T02:36:12.684+0000] GC(876) Eden regions: 446->0(444)
[2025-08-01T02:36:12.684+0000] GC(876) Survivor regions: 69->65(65)
[2025-08-01T02:36:12.684+0000] GC(876) Old regions: 245->588
[2025-08-01T02:36:12.684+0000] GC(876) Humongous regions: 0->0
[2025-08-01T02:36:12.684+0000] GC(876) Metaspace: 9706K(12544K)->9706K(12544K) NonClass: 8540K(11008K)->8540K(11008K) Class: 1166K(1536K)->1166K(1536K)
[2025-08-01T02:36:12.684+0000] GC(876) Pause Young (Normal) (G1 Evacuation Pause) 1516M->1302M(4096M) 139.707ms
[2025-08-01T02:36:12.684+0000] GC(876) User=1.04s Sys=0.02s Real=0.14s
[2025-08-01T02:36:12.877+0000] GC(877) Pause Young (Concurrent Start) (G1 Evacuation Pause)
[2025-08-01T02:36:12.877+0000] GC(877) Using 8 workers of 8 for evacuation
[2025-08-01T02:36:12.992+0000] GC(877)   Pre Evacuate Collection Set: 0.1ms
[2025-08-01T02:36:12.992+0000] GC(877)   Evacuate Collection Set: 112.7ms
[2025-08-01T02:36:12.992+0000] GC(877)   Post Evacuate Collection Set: 1.4ms
[2025-08-01T02:36:12.992+0000] GC(877)   Other: 0.6ms
[2025-08-01T02:36:12.992+0000] GC(877) Eden regions: 444->0(417)
[2025-08-01T02:36:12.992+0000] GC(877) Survivor regions: 65->64(64)
[2025-08-01T02:36:12.992+0000] GC(877) Old regions: 588->716
[2025-08-01T02:36:12.992+0000] GC(877) Humongous regions: 0->0
[2025-08-01T02:36:12.992+0000] GC(877) Metaspace: 9706K(12544K)->9706K(12544K) NonClass: 8540K(11008K)->8540K(11008K) Class: 1166K(1536K)->1166K(1536K)
[2025-08-01T02:36:12.992+0000] GC(877) Pause Young (Concurrent Start) (G1 Evacuation Pause) 2190M->1557M(4096M) 115.152ms
[2025-08-01T02:36:12.993+0000] GC(877) User=0.87s Sys=0.01s Real=0.11s
[2025-08-01T02:36:12.993+0000] GC(878) Concurrent Cycle
[2025-08-01T02:36:12.993+0000] GC(878) Concurrent Clear Claimed Marks
[2025-08-01T02:36:12.993+0000] GC(878) Concurrent Clear Claimed Marks 0.096ms
[2025-08-01T02:36:12.993+0000] GC(878) Concurrent Scan Root Regions
[2025-08-01T02:36:13.010+0000] GC(878) Concurrent Scan Root Regions 17.444ms
[2025-08-01T02:36:13.011+0000] GC(878) Concurrent Mark (112.006s)
[2025-08-01T02:36:13.011+0000] GC(878) Concurrent Mark From Roots
[2025-08-01T02:36:13.011+0000] GC(878) Using 2 workers of 2 for marking
[2025-08-01T02:36:13.095+0000] GC(878) Concurrent Mark From Roots 84.041ms
[2025-08-01T02:36:13.095+0000] GC(878) Concurrent Preclean
[2025-08-01T02:36:13.095+0000] GC(878) Concurrent Preclean 0.405ms
[2025-08-01T02:36:13.095+0000] GC(878) Concurrent Mark (112.006s, 112.091s) 84.581ms
[2025-08-01T02:36:13.095+0000] GC(878) Pause Remark
[2025-08-01T02:36:13.097+0000] GC(878) Cleaned string and symbol table, strings: 2833 processed, 0 removed, symbols: 23489 processed, 0 removed
[2025-08-01T02:36:13.099+0000] GC(878) Pause Remark 2037M->1091M(4096M) 3.268ms
[2025-08-01T02:36:13.099+0000] GC(878) User=0.01s Sys=0.00s Real=0.00s
[2025-08-01T02:36:13.099+0000] GC(878) Concurrent Rebuild Remembered Sets
[2025-08-01T02:36:13.161+0000] GC(878) Concurrent Rebuild Remembered Sets 61.876ms
[2025-08-01T02:36:13.161+0000] GC(878) Pause Cleanup
[2025-08-01T02:36:13.162+0000] GC(878) Pause Cleanup 1419M->1419M(4096M) 0.903ms
[2025-08-01T02:36:13.162+0000] GC(878) User=0.01s Sys=0.00s Real=0.00s
[2025-08-01T02:36:13.162+0000] GC(878) Concurrent Cleanup for Next Mark
[2025-08-01T02:36:13.170+0000] GC(879) Pause Young (Normal) (G1 Evacuation Pause)
[2025-08-01T02:36:13.170+0000] GC(879) Using 8 workers of 8 for evacuation
[2025-08-01T02:36:13.274+0000] GC(879)   Pre Evacuate Collection Set: 0.1ms
[2025-08-01T02:36:13.274+0000] GC(879)   Evacuate Collection Set: 102.5ms
[2025-08-01T02:36:13.274+0000] GC(879)   Post Evacuate Collection Set: 0.9ms
[2025-08-01T02:36:13.274+0000] GC(879)   Other: 0.3ms
[2025-08-01T02:36:13.274+0000] GC(879) Eden regions: 417->0(472)
[2025-08-01T02:36:13.274+0000] GC(879) Survivor regions: 64->61(61)
[2025-08-01T02:36:13.274+0000] GC(879) Old regions: 243->548
[2025-08-01T02:36:13.274+0000] GC(879) Humongous regions: 0->0
[2025-08-01T02:36:13.274+0000] GC(879) Metaspace: 9706K(12544K)->9706K(12544K) NonClass: 8540K(11008K)->8540K(11008K) Class: 1166K(1536K)->1166K(1536K)
[2025-08-01T02:36:13.274+0000] GC(879) Pause Young (Normal) (G1 Evacuation Pause) 1445M->1215M(4096M) 103.998ms
[2025-08-01T02:36:13.274+0000] GC(879) User=0.79s Sys=0.00s Real=0.11s
[2025-08-01T02:36:13.279+0000] GC(878) Concurrent Cleanup for Next Mark 116.233ms
[2025-08-01T02:36:13.279+0000] GC(878) Concurrent Cycle 285.929ms
[2025-08-01T02:36:13.458+0000] GC(880) Pause Young (Normal) (G1 Evacuation Pause)
[2025-08-01T02:36:13.458+0000] GC(880) Using 8 workers of 8 for evacuation
[2025-08-01T02:36:13.600+0000] GC(880)   Pre Evacuate Collection Set: 0.2ms
[2025-08-01T02:36:13.600+0000] GC(880)   Evacuate Collection Set: 140.1ms
[2025-08-01T02:36:13.600+0000] GC(880)   Post Evacuate Collection Set: 1.9ms
[2025-08-01T02:36:13.600+0000] GC(880)   Other: 0.4ms
[2025-08-01T02:36:13.600+0000] GC(880) Eden regions: 472->0(433)
[2025-08-01T02:36:13.600+0000] GC(880) Survivor regions: 61->67(67)
[2025-08-01T02:36:13.600+0000] GC(880) Old regions: 548->680
[2025-08-01T02:36:13.600+0000] GC(880) Humongous regions: 0->0
[2025-08-01T02:36:13.600+0000] GC(880) Metaspace: 9706K(12544K)->9706K(12544K) NonClass: 8540K(11008K)->8540K(11008K) Class: 1166K(1536K)->1166K(1536K)
[2025-08-01T02:36:13.600+0000] GC(880) Pause Young (Normal) (G1 Evacuation Pause) 2159M->1491M(4096M) 142.775ms
[2025-08-01T02:36:13.600+0000] GC(880) User=0.97s Sys=0.07s Real=0.14s
[2025-08-01T02:36:13.779+0000] GC(881) Pause Young (Concurrent Start) (G1 Evacuation Pause)
[2025-08-01T02:36:13.779+0000] GC(881) Using 8 workers of 8 for evacuation
[2025-08-01T02:36:14.002+0000] GC(881) MMU target violated: 201.0ms (200.0ms/201.0ms)
[2025-08-01T02:36:14.002+0000] GC(881)   Pre Evacuate Collection Set: 0.1ms
[2025-08-01T02:36:14.002+0000] GC(881)   Evacuate Collection Set: 222.4ms
[2025-08-01T02:36:14.002+0000] GC(881)   Post Evacuate Collection Set: 0.9ms
[2025-08-01T02:36:14.003+0000] GC(881)   Other: 0.5ms
[2025-08-01T02:36:14.003+0000] GC(881) Eden regions: 433->0(289)
[2025-08-01T02:36:14.003+0000] GC(881) Survivor regions: 67->63(63)
[2025-08-01T02:36:14.003+0000] GC(881) Old regions: 680->985
[2025-08-01T02:36:14.003+0000] GC(881) Humongous regions: 0->0
[2025-08-01T02:36:14.003+0000] GC(881) Metaspace: 9706K(12544K)->9706K(12544K) NonClass: 8540K(11008K)->8540K(11008K) Class: 1166K(1536K)->1166K(1536K)
[2025-08-01T02:36:14.003+0000] GC(881) Pause Young (Concurrent Start) (G1 Evacuation Pause) 2357M->2092M(4096M) 224.068ms
[2025-08-01T02:36:14.003+0000] GC(881) User=1.70s Sys=0.05s Real=0.22s
[2025-08-01T02:36:14.003+0000] GC(882) Concurrent Cycle
[2025-08-01T02:36:14.003+0000] GC(882) Concurrent Clear Claimed Marks
[2025-08-01T02:36:14.003+0000] GC(882) Concurrent Clear Claimed Marks 0.137ms
[2025-08-01T02:36:14.003+0000] GC(882) Concurrent Scan Root Regions
[2025-08-01T02:36:14.017+0000] GC(882) Concurrent Scan Root Regions 14.258ms
[2025-08-01T02:36:14.017+0000] GC(882) Concurrent Mark (113.013s)
[2025-08-01T02:36:14.017+0000] GC(882) Concurrent Mark From Roots
[2025-08-01T02:36:14.017+0000] GC(882) Using 2 workers of 2 for marking
[2025-08-01T02:36:14.102+0000] GC(883) Pause Young (Normal) (G1 Evacuation Pause)
[2025-08-01T02:36:14.102+0000] GC(883) Using 8 workers of 8 for evacuation
[2025-08-01T02:36:14.210+0000] GC(883)   Pre Evacuate Collection Set: 0.1ms
[2025-08-01T02:36:14.210+0000] GC(883)   Evacuate Collection Set: 106.1ms
[2025-08-01T02:36:14.210+0000] GC(883)   Post Evacuate Collection Set: 0.8ms
[2025-08-01T02:36:14.210+0000] GC(883)   Other: 0.3ms
[2025-08-01T02:36:14.210+0000] GC(883) Eden regions: 289->0(167)
[2025-08-01T02:36:14.210+0000] GC(883) Survivor regions: 63->44(44)
[2025-08-01T02:36:14.210+0000] GC(883) Old regions: 985->1294
[2025-08-01T02:36:14.210+0000] GC(883) Humongous regions: 0->0
[2025-08-01T02:36:14.210+0000] GC(883) Metaspace: 9706K(12544K)->9706K(12544K) NonClass: 8540K(11008K)->8540K(11008K) Class: 1166K(1536K)->1166K(1536K)
[2025-08-01T02:36:14.210+0000] GC(883) Pause Young (Normal) (G1 Evacuation Pause) 2670M->2673M(4096M) 107.451ms
[2025-08-01T02:36:14.210+0000] GC(883) User=0.84s Sys=0.00s Real=0.11s
[2025-08-01T02:36:14.269+0000] GC(882) Concurrent Mark From Roots 251.844ms
[2025-08-01T02:36:14.269+0000] GC(882) Concurrent Preclean
[2025-08-01T02:36:14.270+0000] GC(882) Concurrent Preclean 0.318ms
[2025-08-01T02:36:14.270+0000] GC(882) Concurrent Mark (113.013s, 113.265s) 252.302ms
[2025-08-01T02:36:14.270+0000] GC(882) Pause Remark
[2025-08-01T02:36:14.273+0000] GC(882) Cleaned string and symbol table, strings: 2833 processed, 0 removed, symbols: 23489 processed, 0 removed
[2025-08-01T02:36:14.274+0000] GC(882) Pause Remark 2853M->1825M(4096M) 3.817ms
[2025-08-01T02:36:14.274+0000] GC(882) User=0.01s Sys=0.00s Real=0.01s
[2025-08-01T02:36:14.274+0000] GC(882) Concurrent Rebuild Remembered Sets
[2025-08-01T02:36:14.290+0000] GC(884) Pause Young (Normal) (G1 Evacuation Pause)
[2025-08-01T02:36:14.290+0000] GC(884) Using 8 workers of 8 for evacuation
[2025-08-01T02:36:14.331+0000] GC(884)   Pre Evacuate Collection Set: 0.1ms
[2025-08-01T02:36:14.331+0000] GC(884)   Evacuate Collection Set: 39.1ms
[2025-08-01T02:36:14.331+0000] GC(884)   Post Evacuate Collection Set: 1.4ms
[2025-08-01T02:36:14.331+0000] GC(884)   Other: 0.3ms
[2025-08-01T02:36:14.331+0000] GC(884) Eden regions: 167->0(336)
[2025-08-01T02:36:14.331+0000] GC(884) Survivor regions: 44->27(27)
[2025-08-01T02:36:14.331+0000] GC(884) Old regions: 780->869
[2025-08-01T02:36:14.331+0000] GC(884) Humongous regions: 0->0
[2025-08-01T02:36:14.331+0000] GC(884) Metaspace: 9706K(12544K)->9706K(12544K) NonClass: 8540K(11008K)->8540K(11008K) Class: 1166K(1536K)->1166K(1536K)
[2025-08-01T02:36:14.331+0000] GC(884) Pause Young (Normal) (G1 Evacuation Pause) 1979M->1788M(4096M) 41.046ms
[2025-08-01T02:36:14.331+0000] GC(884) User=0.30s Sys=0.01s Real=0.04s
[2025-08-01T02:36:14.486+0000] GC(885) Pause Young (Normal) (G1 Evacuation Pause)
[2025-08-01T02:36:14.486+0000] GC(885) Using 8 workers of 8 for evacuation
[2025-08-01T02:36:14.603+0000] GC(885)   Pre Evacuate Collection Set: 0.1ms
[2025-08-01T02:36:14.603+0000] GC(885)   Evacuate Collection Set: 115.9ms
[2025-08-01T02:36:14.603+0000] GC(885)   Post Evacuate Collection Set: 0.9ms
[2025-08-01T02:36:14.603+0000] GC(885)   Other: 0.3ms
[2025-08-01T02:36:14.603+0000] GC(885) Eden regions: 336->0(199)
[2025-08-01T02:36:14.603+0000] GC(885) Survivor regions: 27->46(46)
[2025-08-01T02:36:14.603+0000] GC(885) Old regions: 869->1188
[2025-08-01T02:36:14.603+0000] GC(885) Humongous regions: 0->0
[2025-08-01T02:36:14.603+0000] GC(885) Metaspace: 9706K(12544K)->9706K(12544K) NonClass: 8540K(11008K)->8540K(11008K) Class: 1166K(1536K)->1166K(1536K)
[2025-08-01T02:36:14.603+0000] GC(885) Pause Young (Normal) (G1 Evacuation Pause) 2460M->2464M(4096M) 117.284ms
[2025-08-01T02:36:14.603+0000] GC(885) User=0.91s Sys=0.01s Real=0.12s
[2025-08-01T02:36:14.657+0000] GC(882) Concurrent Rebuild Remembered Sets 382.845ms
[2025-08-01T02:36:14.658+0000] GC(882) Pause Cleanup
[2025-08-01T02:36:14.658+0000] GC(882) Pause Cleanup 2694M->2694M(4096M) 0.660ms
[2025-08-01T02:36:14.658+0000] GC(882) User=0.00s Sys=0.00s Real=0.00s
[2025-08-01T02:36:14.658+0000] GC(882) Concurrent Cleanup for Next Mark
[2025-08-01T02:36:14.666+0000] GC(882) Concurrent Cleanup for Next Mark 7.819ms
[2025-08-01T02:36:14.666+0000] GC(882) Concurrent Cycle 663.471ms
[2025-08-01T02:36:14.689+0000] GC(886) Pause Young (Prepare Mixed) (G1 Evacuation Pause)
[2025-08-01T02:36:14.689+0000] GC(886) Using 8 workers of 8 for evacuation
[2025-08-01T02:36:14.768+0000] GC(886)   Pre Evacuate Collection Set: 0.1ms
[2025-08-01T02:36:14.768+0000] GC(886)   Evacuate Collection Set: 78.2ms
[2025-08-01T02:36:14.768+0000] GC(886)   Post Evacuate Collection Set: 1.1ms
[2025-08-01T02:36:14.768+0000] GC(886)   Other: 0.3ms
[2025-08-01T02:36:14.768+0000] GC(886) Eden regions: 199->0(71)
[2025-08-01T02:36:14.768+0000] GC(886) Survivor regions: 46->31(31)
[2025-08-01T02:36:14.768+0000] GC(886) Old regions: 1188->1366
[2025-08-01T02:36:14.768+0000] GC(886) Humongous regions: 0->0
[2025-08-01T02:36:14.768+0000] GC(886) Metaspace: 9706K(12544K)->9706K(12544K) NonClass: 8540K(11008K)->8540K(11008K) Class: 1166K(1536K)->1166K(1536K)
[2025-08-01T02:36:14.768+0000] GC(886) Pause Young (Prepare Mixed) (G1 Evacuation Pause) 2862M->2790M(4096M) 79.938ms
[2025-08-01T02:36:14.768+0000] GC(886) User=0.60s Sys=0.02s Real=0.08s
[2025-08-01T02:36:14.781+0000] GC(887) Pause Young (Mixed) (G1 Evacuation Pause)
[2025-08-01T02:36:14.781+0000] GC(887) Using 8 workers of 8 for evacuation
[2025-08-01T02:36:14.814+0000] GC(887)   Pre Evacuate Collection Set: 0.1ms
[2025-08-01T02:36:14.814+0000] GC(887)   Evacuate Collection Set: 31.9ms
[2025-08-01T02:36:14.814+0000] GC(887)   Post Evacuate Collection Set: 0.8ms
[2025-08-01T02:36:14.814+0000] GC(887)   Other: 0.4ms
[2025-08-01T02:36:14.814+0000] GC(887) Eden regions: 71->0(124)
[2025-08-01T02:36:14.815+0000] GC(887) Survivor regions: 31->13(13)
[2025-08-01T02:36:14.815+0000] GC(887) Old regions: 1366->1442
[2025-08-01T02:36:14.815+0000] GC(887) Humongous regions: 0->0
[2025-08-01T02:36:14.815+0000] GC(887) Metaspace: 9706K(12544K)->9706K(12544K) NonClass: 8540K(11008K)->8540K(11008K) Class: 1166K(1536K)->1166K(1536K)
[2025-08-01T02:36:14.815+0000] GC(887) Pause Young (Mixed) (G1 Evacuation Pause) 2932M->2907M(4096M) 33.339ms
[2025-08-01T02:36:14.815+0000] GC(887) User=0.25s Sys=0.00s Real=0.04s
[2025-08-01T02:36:14.883+0000] GC(888) Pause Young (Concurrent Start) (G1 Evacuation Pause)
[2025-08-01T02:36:14.883+0000] GC(888) Using 8 workers of 8 for evacuation
[2025-08-01T02:36:14.923+0000] GC(888)   Pre Evacuate Collection Set: 0.1ms
[2025-08-01T02:36:14.923+0000] GC(888)   Evacuate Collection Set: 37.4ms
[2025-08-01T02:36:14.923+0000] GC(888)   Post Evacuate Collection Set: 1.2ms
[2025-08-01T02:36:14.923+0000] GC(888)   Other: 0.5ms
[2025-08-01T02:36:14.923+0000] GC(888) Eden regions: 124->0(101)
[2025-08-01T02:36:14.923+0000] GC(888) Survivor regions: 13->18(18)
[2025-08-01T02:36:14.923+0000] GC(888) Old regions: 1442->1514
[2025-08-01T02:36:14.923+0000] GC(888) Humongous regions: 0->0
[2025-08-01T02:36:14.923+0000] GC(888) Metaspace: 9706K(12544K)->9706K(12544K) NonClass: 8540K(11008K)->8540K(11008K) Class: 1166K(1536K)->1166K(1536K)
[2025-08-01T02:36:14.923+0000] GC(888) Pause Young (Concurrent Start) (G1 Evacuation Pause) 3155M->3061M(4096M) 39.699ms
[2025-08-01T02:36:14.923+0000] GC(888) User=0.29s Sys=0.01s Real=0.04s
[2025-08-01T02:36:14.923+0000] GC(889) Concurrent Cycle
[2025-08-01T02:36:14.924+0000] GC(889) Concurrent Clear Claimed Marks
[2025-08-01T02:36:14.924+0000] GC(889) Concurrent Clear Claimed Marks 0.261ms
[2025-08-01T02:36:14.924+0000] GC(889) Concurrent Scan Root Regions
[2025-08-01T02:36:14.931+0000] GC(889) Concurrent Scan Root Regions 6.703ms
[2025-08-01T02:36:14.931+0000] GC(889) Concurrent Mark (113.926s)
[2025-08-01T02:36:14.931+0000] GC(889) Concurrent Mark From Roots
[2025-08-01T02:36:14.931+0000] GC(889) Using 2 workers of 2 for marking
[2025-08-01T02:36:14.948+0000] GC(890) Pause Young (Normal) (G1 Evacuation Pause)
[2025-08-01T02:36:14.948+0000] GC(890) Using 8 workers of 8 for evacuation
[2025-08-01T02:36:15.008+0000] GC(890)   Pre Evacuate Collection Set: 0.1ms
[2025-08-01T02:36:15.009+0000] GC(890)   Evacuate Collection Set: 58.8ms
[2025-08-01T02:36:15.009+0000] GC(890)   Post Evacuate Collection Set: 1.0ms
[2025-08-01T02:36:15.009+0000] GC(890)   Other: 0.3ms
[2025-08-01T02:36:15.009+0000] GC(890) Eden regions: 101->0(87)
[2025-08-01T02:36:15.009+0000] GC(890) Survivor regions: 18->15(15)
[2025-08-01T02:36:15.009+0000] GC(890) Old regions: 1514->1620
[2025-08-01T02:36:15.009+0000] GC(890) Humongous regions: 0->0
[2025-08-01T02:36:15.009+0000] GC(890) Metaspace: 9706K(12544K)->9706K(12544K) NonClass: 8540K(11008K)->8540K(11008K) Class: 1166K(1536K)->1166K(1536K)
[2025-08-01T02:36:15.009+0000] GC(890) Pause Young (Normal) (G1 Evacuation Pause) 3263M->3266M(4096M) 60.481ms
[2025-08-01T02:36:15.009+0000] GC(890) User=0.47s Sys=0.00s Real=0.06s
[2025-08-01T02:36:15.078+0000] GC(891) Pause Young (Normal) (G1 Evacuation Pause)
[2025-08-01T02:36:15.078+0000] GC(891) Using 8 workers of 8 for evacuation
[2025-08-01T02:36:15.117+0000] GC(891)   Pre Evacuate Collection Set: 0.1ms
[2025-08-01T02:36:15.117+0000] GC(891)   Evacuate Collection Set: 37.7ms
[2025-08-01T02:36:15.117+0000] GC(891)   Post Evacuate Collection Set: 0.9ms
[2025-08-01T02:36:15.117+0000] GC(891)   Other: 0.3ms
[2025-08-01T02:36:15.117+0000] GC(891) Eden regions: 87->0(89)
[2025-08-01T02:36:15.117+0000] GC(891) Survivor regions: 15->13(13)
[2025-08-01T02:36:15.117+0000] GC(891) Old regions: 1620->1699
[2025-08-01T02:36:15.117+0000] GC(891) Humongous regions: 0->0
[2025-08-01T02:36:15.117+0000] GC(891) Metaspace: 9706K(12544K)->9706K(12544K) NonClass: 8540K(11008K)->8540K(11008K) Class: 1166K(1536K)->1166K(1536K)
[2025-08-01T02:36:15.117+0000] GC(891) Pause Young (Normal) (G1 Evacuation Pause) 3440M->3420M(4096M) 39.062ms
[2025-08-01T02:36:15.117+0000] GC(891) User=0.29s Sys=0.01s Real=0.04s
[2025-08-01T02:36:15.134+0000] GC(892) Pause Young (Normal) (G1 Evacuation Pause)
[2025-08-01T02:36:15.134+0000] GC(892) Using 8 workers of 8 for evacuation
[2025-08-01T02:36:15.182+0000] GC(892)   Pre Evacuate Collection Set: 0.1ms
[2025-08-01T02:36:15.182+0000] GC(892)   Evacuate Collection Set: 47.3ms
[2025-08-01T02:36:15.182+0000] GC(892)   Post Evacuate Collection Set: 0.4ms
[2025-08-01T02:36:15.182+0000] GC(892)   Other: 0.4ms
[2025-08-01T02:36:15.182+0000] GC(892) Eden regions: 89->0(89)
[2025-08-01T02:36:15.182+0000] GC(892) Survivor regions: 13->13(13)
[2025-08-01T02:36:15.182+0000] GC(892) Old regions: 1699->1790
[2025-08-01T02:36:15.182+0000] GC(892) Humongous regions: 0->0
[2025-08-01T02:36:15.182+0000] GC(892) Metaspace: 9706K(12544K)->9706K(12544K) NonClass: 8540K(11008K)->8540K(11008K) Class: 1166K(1536K)->1166K(1536K)
[2025-08-01T02:36:15.182+0000] GC(892) Pause Young (Normal) (G1 Evacuation Pause) 3598M->3603M(4096M) 48.436ms
[2025-08-01T02:36:15.182+0000] GC(892) User=0.36s Sys=0.00s Real=0.04s
[2025-08-01T02:36:15.241+0000] GC(893) Pause Young (Normal) (G1 Evacuation Pause)
[2025-08-01T02:36:15.241+0000] GC(893) Using 8 workers of 8 for evacuation
[2025-08-01T02:36:15.278+0000] GC(893)   Pre Evacuate Collection Set: 0.1ms
[2025-08-01T02:36:15.278+0000] GC(893)   Evacuate Collection Set: 36.5ms
[2025-08-01T02:36:15.278+0000] GC(893)   Post Evacuate Collection Set: 0.6ms
[2025-08-01T02:36:15.278+0000] GC(893)   Other: 0.4ms
[2025-08-01T02:36:15.278+0000] GC(893) Eden regions: 89->0(89)
[2025-08-01T02:36:15.278+0000] GC(893) Survivor regions: 13->13(13)
[2025-08-01T02:36:15.278+0000] GC(893) Old regions: 1790->1881
[2025-08-01T02:36:15.278+0000] GC(893) Humongous regions: 0->0
[2025-08-01T02:36:15.278+0000] GC(893) Metaspace: 9706K(12544K)->9706K(12544K) NonClass: 8540K(11008K)->8540K(11008K) Class: 1166K(1536K)->1166K(1536K)
[2025-08-01T02:36:15.278+0000] GC(893) Pause Young (Normal) (G1 Evacuation Pause) 3781M->3784M(4096M) 37.712ms
[2025-08-01T02:36:15.278+0000] GC(893) User=0.29s Sys=0.00s Real=0.04s
[2025-08-01T02:36:15.297+0000] GC(894) Pause Young (Normal) (G1 Evacuation Pause)
[2025-08-01T02:36:15.297+0000] GC(894) Using 8 workers of 8 for evacuation
[2025-08-01T02:36:15.338+0000] GC(894) To-space exhausted
[2025-08-01T02:36:15.338+0000] GC(894)   Pre Evacuate Collection Set: 0.2ms
[2025-08-01T02:36:15.338+0000] GC(894)   Evacuate Collection Set: 34.6ms
[2025-08-01T02:36:15.338+0000] GC(894)   Post Evacuate Collection Set: 6.2ms
[2025-08-01T02:36:15.338+0000] GC(894)   Other: 0.4ms
[2025-08-01T02:36:15.338+0000] GC(894) Eden regions: 89->0(89)
[2025-08-01T02:36:15.338+0000] GC(894) Survivor regions: 13->13(13)
[2025-08-01T02:36:15.338+0000] GC(894) Old regions: 1881->1990
[2025-08-01T02:36:15.338+0000] GC(894) Humongous regions: 0->0
[2025-08-01T02:36:15.338+0000] GC(894) Metaspace: 9706K(12544K)->9706K(12544K) NonClass: 8540K(11008K)->8540K(11008K) Class: 1166K(1536K)->1166K(1536K)
[2025-08-01T02:36:15.338+0000] GC(894) Pause Young (Normal) (G1 Evacuation Pause) 3962M->4003M(4096M) 41.528ms
[2025-08-01T02:36:15.338+0000] GC(894) User=0.31s Sys=0.01s Real=0.04s
[2025-08-01T02:36:15.349+0000] GC(895) Pause Young (Normal) (G1 Evacuation Pause)
[2025-08-01T02:36:15.350+0000] GC(895) Using 8 workers of 8 for evacuation
[2025-08-01T02:36:15.368+0000] GC(895) To-space exhausted
[2025-08-01T02:36:15.368+0000] GC(895)   Pre Evacuate Collection Set: 0.1ms
[2025-08-01T02:36:15.368+0000] GC(895)   Evacuate Collection Set: 10.7ms
[2025-08-01T02:36:15.368+0000] GC(895)   Post Evacuate Collection Set: 7.5ms
[2025-08-01T02:36:15.368+0000] GC(895)   Other: 0.4ms
[2025-08-01T02:36:15.368+0000] GC(895) Eden regions: 45->0(102)
[2025-08-01T02:36:15.368+0000] GC(895) Survivor regions: 13->0(13)
[2025-08-01T02:36:15.368+0000] GC(895) Old regions: 1990->2048
[2025-08-01T02:36:15.368+0000] GC(895) Humongous regions: 0->0
[2025-08-01T02:36:15.368+0000] GC(895) Metaspace: 9706K(12544K)->9706K(12544K) NonClass: 8540K(11008K)->8540K(11008K) Class: 1166K(1536K)->1166K(1536K)
[2025-08-01T02:36:15.368+0000] GC(895) Pause Young (Normal) (G1 Evacuation Pause) 4093M->4093M(4096M) 18.736ms
[2025-08-01T02:36:15.368+0000] GC(895) User=0.13s Sys=0.00s Real=0.02s
[2025-08-01T02:36:15.368+0000] GC(896) Using 8 workers of 8 for full compaction
[2025-08-01T02:36:15.368+0000] GC(896) Pause Full (G1 Evacuation Pause)
[2025-08-01T02:36:15.374+0000] GC(896) Phase 1: Mark live objects
[2025-08-01T02:36:15.419+0000] GC(896) Cleaned string and symbol table, strings: 2833 processed, 0 removed, symbols: 23489 processed, 0 removed
[2025-08-01T02:36:15.419+0000] GC(896) Phase 1: Mark live objects 45.180ms
[2025-08-01T02:36:15.419+0000] GC(896) Phase 2: Prepare for compaction
[2025-08-01T02:36:15.467+0000] GC(896) Phase 2: Prepare for compaction 47.586ms
[2025-08-01T02:36:15.467+0000] GC(896) Phase 3: Adjust pointers
[2025-08-01T02:36:15.507+0000] GC(896) Phase 3: Adjust pointers 40.218ms
[2025-08-01T02:36:15.507+0000] GC(896) Phase 4: Compact heap
[2025-08-01T02:36:15.652+0000] GC(896) Phase 4: Compact heap 144.756ms
[2025-08-01T02:36:15.654+0000] GC(896) Eden regions: 0->0(438)
[2025-08-01T02:36:15.654+0000] GC(896) Survivor regions: 0->0(13)
[2025-08-01T02:36:15.655+0000] GC(896) Old regions: 2048->522
[2025-08-01T02:36:15.655+0000] GC(896) Humongous regions: 0->0
[2025-08-01T02:36:15.655+0000] GC(896) Metaspace: 9706K(12544K)->9706K(12544K) NonClass: 8540K(11008K)->8540K(11008K) Class: 1166K(1536K)->1166K(1536K)
[2025-08-01T02:36:15.655+0000] GC(896) Pause Full (G1 Evacuation Pause) 4093M->1036M(4096M) 286.242ms
[2025-08-01T02:36:15.655+0000] GC(896) User=2.14s Sys=0.00s Real=0.29s
[2025-08-01T02:36:15.655+0000] GC(889) Concurrent Mark From Roots 724.237ms
[2025-08-01T02:36:15.655+0000] GC(889) Concurrent Mark Abort
[2025-08-01T02:36:15.655+0000] GC(889) Concurrent Cycle 731.522ms
[2025-08-01T02:36:15.829+0000] GC(897) Pause Young (Normal) (G1 Evacuation Pause)
[2025-08-01T02:36:15.829+0000] GC(897) Using 8 workers of 8 for evacuation
[2025-08-01T02:36:15.999+0000] GC(897)   Pre Evacuate Collection Set: 0.1ms
[2025-08-01T02:36:15.999+0000] GC(897)   Evacuate Collection Set: 168.1ms
[2025-08-01T02:36:15.999+0000] GC(897)   Post Evacuate Collection Set: 1.0ms
[2025-08-01T02:36:15.999+0000] GC(897)   Other: 0.4ms
[2025-08-01T02:36:15.999+0000] GC(897) Eden regions: 438->0(335)
[2025-08-01T02:36:15.999+0000] GC(897) Survivor regions: 0->55(55)
[2025-08-01T02:36:15.999+0000] GC(897) Old regions: 522->793
[2025-08-01T02:36:15.999+0000] GC(897) Humongous regions: 0->0
[2025-08-01T02:36:15.999+0000] GC(897) Metaspace: 9706K(12544K)->9706K(12544K) NonClass: 8540K(11008K)->8540K(11008K) Class: 1166K(1536K)->1166K(1536K)
[2025-08-01T02:36:15.999+0000] GC(897) Pause Young (Normal) (G1 Evacuation Pause) 1912M->1688M(4096M) 169.801ms
[2025-08-01T02:36:15.999+0000] GC(897) User=1.27s Sys=0.04s Real=0.17s
[2025-08-01T02:36:16.128+0000] GC(898) Pause Young (Concurrent Start) (G1 Evacuation Pause)
[2025-08-01T02:36:16.128+0000] GC(898) Using 8 workers of 8 for evacuation
[2025-08-01T02:36:16.280+0000] GC(898)   Pre Evacuate Collection Set: 0.1ms
[2025-08-01T02:36:16.281+0000] GC(898)   Evacuate Collection Set: 151.7ms
[2025-08-01T02:36:16.281+0000] GC(898)   Post Evacuate Collection Set: 0.7ms
[2025-08-01T02:36:16.281+0000] GC(898)   Other: 0.5ms
[2025-08-01T02:36:16.281+0000] GC(898) Eden regions: 335->0(244)
[2025-08-01T02:36:16.281+0000] GC(898) Survivor regions: 55->49(49)
[2025-08-01T02:36:16.281+0000] GC(898) Old regions: 793->1049
[2025-08-01T02:36:16.281+0000] GC(898) Humongous regions: 0->0
[2025-08-01T02:36:16.281+0000] GC(898) Metaspace: 9706K(12544K)->9706K(12544K) NonClass: 8540K(11008K)->8540K(11008K) Class: 1166K(1536K)->1166K(1536K)
[2025-08-01T02:36:16.281+0000] GC(898) Pause Young (Concurrent Start) (G1 Evacuation Pause) 2358M->2188M(4096M) 153.080ms
[2025-08-01T02:36:16.281+0000] GC(898) User=1.16s Sys=0.04s Real=0.15s
[2025-08-01T02:36:16.281+0000] GC(899) Concurrent Cycle
[2025-08-01T02:36:16.281+0000] GC(899) Concurrent Clear Claimed Marks
[2025-08-01T02:36:16.281+0000] GC(899) Concurrent Clear Claimed Marks 0.163ms
[2025-08-01T02:36:16.281+0000] GC(899) Concurrent Scan Root Regions
[2025-08-01T02:36:16.293+0000] GC(899) Concurrent Scan Root Regions 12.209ms
[2025-08-01T02:36:16.293+0000] GC(899) Concurrent Mark (115.289s)
[2025-08-01T02:36:16.293+0000] GC(899) Concurrent Mark From Roots
[2025-08-01T02:36:16.293+0000] GC(899) Using 2 workers of 2 for marking
[2025-08-01T02:36:16.376+0000] GC(900) Pause Young (Normal) (G1 Evacuation Pause)
[2025-08-01T02:36:16.376+0000] GC(900) Using 8 workers of 8 for evacuation
[2025-08-01T02:36:16.581+0000] GC(900) MMU target violated: 201.0ms (200.0ms/201.0ms)
[2025-08-01T02:36:16.581+0000] GC(900)   Pre Evacuate Collection Set: 0.1ms
[2025-08-01T02:36:16.581+0000] GC(900)   Evacuate Collection Set: 203.2ms
[2025-08-01T02:36:16.581+0000] GC(900)   Post Evacuate Collection Set: 0.9ms
[2025-08-01T02:36:16.581+0000] GC(900)   Other: 0.4ms
[2025-08-01T02:36:16.581+0000] GC(900) Eden regions: 244->0(181)
[2025-08-01T02:36:16.581+0000] GC(900) Survivor regions: 49->37(37)
[2025-08-01T02:36:16.581+0000] GC(900) Old regions: 1049->1250
[2025-08-01T02:36:16.581+0000] GC(900) Humongous regions: 0->0
[2025-08-01T02:36:16.581+0000] GC(900) Metaspace: 9706K(12544K)->9706K(12544K) NonClass: 8540K(11008K)->8540K(11008K) Class: 1166K(1536K)->1166K(1536K)
[2025-08-01T02:36:16.581+0000] GC(900) Pause Young (Normal) (G1 Evacuation Pause) 2676M->2566M(4096M) 204.787ms
[2025-08-01T02:36:16.581+0000] GC(900) User=1.55s Sys=0.07s Real=0.20s
[2025-08-01T02:36:16.647+0000] GC(899) Concurrent Mark From Roots 354.144ms
[2025-08-01T02:36:16.648+0000] GC(899) Concurrent Preclean
[2025-08-01T02:36:16.648+0000] GC(899) Concurrent Preclean 0.316ms
[2025-08-01T02:36:16.648+0000] GC(899) Concurrent Mark (115.289s, 115.643s) 354.571ms
[2025-08-01T02:36:16.648+0000] GC(899) Pause Remark
[2025-08-01T02:36:16.651+0000] GC(899) Cleaned string and symbol table, strings: 2833 processed, 0 removed, symbols: 23489 processed, 0 removed
[2025-08-01T02:36:16.655+0000] GC(899) Pause Remark 2838M->1773M(4096M) 6.359ms
[2025-08-01T02:36:16.655+0000] GC(899) User=0.02s Sys=0.00s Real=0.01s
[2025-08-01T02:36:16.655+0000] GC(899) Concurrent Rebuild Remembered Sets
[2025-08-01T02:36:16.665+0000] GC(901) Pause Young (Normal) (G1 Evacuation Pause)
[2025-08-01T02:36:16.665+0000] GC(901) Using 8 workers of 8 for evacuation
[2025-08-01T02:36:16.739+0000] GC(901)   Pre Evacuate Collection Set: 0.1ms
[2025-08-01T02:36:16.739+0000] GC(901)   Evacuate Collection Set: 72.0ms
[2025-08-01T02:36:16.739+0000] GC(901)   Post Evacuate Collection Set: 1.1ms
[2025-08-01T02:36:16.739+0000] GC(901)   Other: 0.3ms
[2025-08-01T02:36:16.739+0000] GC(901) Eden regions: 181->0(297)
[2025-08-01T02:36:16.739+0000] GC(901) Survivor regions: 37->28(28)
[2025-08-01T02:36:16.739+0000] GC(901) Old regions: 715->906
[2025-08-01T02:36:16.739+0000] GC(901) Humongous regions: 0->0
[2025-08-01T02:36:16.739+0000] GC(901) Metaspace: 9706K(12544K)->9706K(12544K) NonClass: 8540K(11008K)->8540K(11008K) Class: 1166K(1536K)->1166K(1536K)
[2025-08-01T02:36:16.739+0000] GC(901) Pause Young (Normal) (G1 Evacuation Pause) 1863M->1865M(4096M) 73.679ms
[2025-08-01T02:36:16.739+0000] GC(901) User=0.52s Sys=0.02s Real=0.07s
[2025-08-01T02:36:16.866+0000] GC(902) Pause Young (Normal) (G1 Evacuation Pause)
[2025-08-01T02:36:16.866+0000] GC(902) Using 8 workers of 8 for evacuation
[2025-08-01T02:36:16.919+0000] GC(902)   Pre Evacuate Collection Set: 0.1ms
[2025-08-01T02:36:16.919+0000] GC(902)   Evacuate Collection Set: 51.1ms
[2025-08-01T02:36:16.919+0000] GC(902)   Post Evacuate Collection Set: 1.0ms
[2025-08-01T02:36:16.919+0000] GC(902)   Other: 0.4ms
[2025-08-01T02:36:16.919+0000] GC(902) Eden regions: 297->0(275)
[2025-08-01T02:36:16.919+0000] GC(902) Survivor regions: 28->41(41)
[2025-08-01T02:36:16.919+0000] GC(902) Old regions: 906->1010
[2025-08-01T02:36:16.919+0000] GC(902) Humongous regions: 0->0
[2025-08-01T02:36:16.919+0000] GC(902) Metaspace: 9706K(12544K)->9706K(12544K) NonClass: 8540K(11008K)->8540K(11008K) Class: 1166K(1536K)->1166K(1536K)
[2025-08-01T02:36:16.919+0000] GC(902) Pause Young (Normal) (G1 Evacuation Pause) 2459M->2098M(4096M) 52.785ms
[2025-08-01T02:36:16.919+0000] GC(902) User=0.39s Sys=0.00s Real=0.05s
[2025-08-01T02:36:16.971+0000] GC(899) Concurrent Rebuild Remembered Sets 316.333ms
[2025-08-01T02:36:16.972+0000] GC(899) Pause Cleanup
[2025-08-01T02:36:16.973+0000] GC(899) Pause Cleanup 2439M->2439M(4096M) 0.781ms
[2025-08-01T02:36:16.973+0000] GC(899) User=0.00s Sys=0.00s Real=0.00s
[2025-08-01T02:36:16.973+0000] GC(899) Concurrent Cleanup for Next Mark
[2025-08-01T02:36:16.980+0000] GC(899) Concurrent Cleanup for Next Mark 7.703ms
[2025-08-01T02:36:16.980+0000] GC(899) Concurrent Cycle 699.690ms
[2025-08-01T02:36:17.025+0000] GC(903) Pause Young (Prepare Mixed) (G1 Evacuation Pause)
[2025-08-01T02:36:17.025+0000] GC(903) Using 8 workers of 8 for evacuation
[2025-08-01T02:36:17.167+0000] GC(903)   Pre Evacuate Collection Set: 0.1ms
[2025-08-01T02:36:17.167+0000] GC(903)   Evacuate Collection Set: 141.1ms
[2025-08-01T02:36:17.167+0000] GC(903)   Post Evacuate Collection Set: 0.9ms
[2025-08-01T02:36:17.167+0000] GC(903)   Other: 0.4ms
[2025-08-01T02:36:17.167+0000] GC(903) Eden regions: 275->0(62)
[2025-08-01T02:36:17.167+0000] GC(903) Survivor regions: 41->40(40)
[2025-08-01T02:36:17.167+0000] GC(903) Old regions: 1010->1288
[2025-08-01T02:36:17.167+0000] GC(903) Humongous regions: 0->0
[2025-08-01T02:36:17.167+0000] GC(903) Metaspace: 9706K(12544K)->9706K(12544K) NonClass: 8540K(11008K)->8540K(11008K) Class: 1166K(1536K)->1166K(1536K)
[2025-08-01T02:36:17.167+0000] GC(903) Pause Young (Prepare Mixed) (G1 Evacuation Pause) 2648M->2652M(4096M) 142.604ms
[2025-08-01T02:36:17.167+0000] GC(903) User=1.08s Sys=0.04s Real=0.14s
[2025-08-01T02:36:17.179+0000] GC(904) Pause Young (Mixed) (G1 Evacuation Pause)
[2025-08-01T02:36:17.179+0000] GC(904) Using 8 workers of 8 for evacuation
[2025-08-01T02:36:17.215+0000] GC(904)   Pre Evacuate Collection Set: 0.2ms
[2025-08-01T02:36:17.215+0000] GC(904)   Evacuate Collection Set: 34.1ms
[2025-08-01T02:36:17.215+0000] GC(904)   Post Evacuate Collection Set: 1.0ms
[2025-08-01T02:36:17.215+0000] GC(904)   Other: 0.6ms
[2025-08-01T02:36:17.215+0000] GC(904) Eden regions: 62->0(169)
[2025-08-01T02:36:17.215+0000] GC(904) Survivor regions: 40->13(13)
[2025-08-01T02:36:17.215+0000] GC(904) Old regions: 1288->1302
[2025-08-01T02:36:17.215+0000] GC(904) Humongous regions: 0->0
[2025-08-01T02:36:17.215+0000] GC(904) Metaspace: 9706K(12544K)->9706K(12544K) NonClass: 8540K(11008K)->8540K(11008K) Class: 1166K(1536K)->1166K(1536K)
[2025-08-01T02:36:17.215+0000] GC(904) Pause Young (Mixed) (G1 Evacuation Pause) 2776M->2627M(4096M) 36.235ms
[2025-08-01T02:36:17.215+0000] GC(904) User=0.27s Sys=0.00s Real=0.04s
[2025-08-01T02:36:17.297+0000] GC(905) Pause Young (Concurrent Start) (G1 Evacuation Pause)
[2025-08-01T02:36:17.298+0000] GC(905) Using 8 workers of 8 for evacuation
[2025-08-01T02:36:17.415+0000] GC(905)   Pre Evacuate Collection Set: 0.1ms
[2025-08-01T02:36:17.415+0000] GC(905)   Evacuate Collection Set: 115.5ms
[2025-08-01T02:36:17.415+0000] GC(905)   Post Evacuate Collection Set: 1.3ms
[2025-08-01T02:36:17.415+0000] GC(905)   Other: 1.4ms
[2025-08-01T02:36:17.415+0000] GC(905) Eden regions: 169->0(114)
[2025-08-01T02:36:17.415+0000] GC(905) Survivor regions: 13->23(23)
[2025-08-01T02:36:17.415+0000] GC(905) Old regions: 1302->1457
[2025-08-01T02:36:17.415+0000] GC(905) Humongous regions: 0->0
[2025-08-01T02:36:17.416+0000] GC(905) Metaspace: 9706K(12544K)->9706K(12544K) NonClass: 8540K(11008K)->8540K(11008K) Class: 1166K(1536K)->1166K(1536K)
[2025-08-01T02:36:17.416+0000] GC(905) Pause Young (Concurrent Start) (G1 Evacuation Pause) 2965M->2956M(4096M) 118.177ms
[2025-08-01T02:36:17.416+0000] GC(905) User=0.87s Sys=0.04s Real=0.12s
[2025-08-01T02:36:17.416+0000] GC(906) Concurrent Cycle
[2025-08-01T02:36:17.416+0000] GC(906) Concurrent Clear Claimed Marks
[2025-08-01T02:36:17.416+0000] GC(906) Concurrent Clear Claimed Marks 0.431ms
[2025-08-01T02:36:17.416+0000] GC(906) Concurrent Scan Root Regions
[2025-08-01T02:36:17.422+0000] GC(906) Concurrent Scan Root Regions 5.486ms
[2025-08-01T02:36:17.422+0000] GC(906) Concurrent Mark (116.417s)
[2025-08-01T02:36:17.422+0000] GC(906) Concurrent Mark From Roots
[2025-08-01T02:36:17.422+0000] GC(906) Using 2 workers of 2 for marking
[2025-08-01T02:36:17.489+0000] GC(907) Pause Young (Normal) (G1 Evacuation Pause)
[2025-08-01T02:36:17.489+0000] GC(907) Using 8 workers of 8 for evacuation
[2025-08-01T02:36:17.544+0000] GC(907)   Pre Evacuate Collection Set: 0.1ms
[2025-08-01T02:36:17.544+0000] GC(907)   Evacuate Collection Set: 54.4ms
[2025-08-01T02:36:17.544+0000] GC(907)   Post Evacuate Collection Set: 0.6ms
[2025-08-01T02:36:17.544+0000] GC(907)   Other: 0.4ms
[2025-08-01T02:36:17.544+0000] GC(907) Eden regions: 114->0(84)
[2025-08-01T02:36:17.544+0000] GC(907) Survivor regions: 23->18(18)
[2025-08-01T02:36:17.544+0000] GC(907) Old regions: 1457->1578
[2025-08-01T02:36:17.544+0000] GC(907) Humongous regions: 0->0
[2025-08-01T02:36:17.544+0000] GC(907) Metaspace: 9706K(12544K)->9706K(12544K) NonClass: 8540K(11008K)->8540K(11008K) Class: 1166K(1536K)->1166K(1536K)
[2025-08-01T02:36:17.544+0000] GC(907) Pause Young (Normal) (G1 Evacuation Pause) 3184M->3188M(4096M) 55.663ms
[2025-08-01T02:36:17.545+0000] GC(907) User=0.39s Sys=0.01s Real=0.06s
[2025-08-01T02:36:17.560+0000] GC(908) Pause Young (Normal) (G1 Evacuation Pause)
[2025-08-01T02:36:17.560+0000] GC(908) Using 8 workers of 8 for evacuation
[2025-08-01T02:36:17.584+0000] GC(908)   Pre Evacuate Collection Set: 0.1ms
[2025-08-01T02:36:17.584+0000] GC(908)   Evacuate Collection Set: 22.9ms
[2025-08-01T02:36:17.584+0000] GC(908)   Post Evacuate Collection Set: 0.6ms
[2025-08-01T02:36:17.584+0000] GC(908)   Other: 0.3ms
[2025-08-01T02:36:17.584+0000] GC(908) Eden regions: 84->0(89)
[2025-08-01T02:36:17.584+0000] GC(908) Survivor regions: 18->13(13)
[2025-08-01T02:36:17.584+0000] GC(908) Old regions: 1578->1646
[2025-08-01T02:36:17.584+0000] GC(908) Humongous regions: 0->0
[2025-08-01T02:36:17.584+0000] GC(908) Metaspace: 9706K(12544K)->9706K(12544K) NonClass: 8540K(11008K)->8540K(11008K) Class: 1166K(1536K)->1166K(1536K)
[2025-08-01T02:36:17.584+0000] GC(908) Pause Young (Normal) (G1 Evacuation Pause) 3356M->3315M(4096M) 23.976ms
[2025-08-01T02:36:17.584+0000] GC(908) User=0.19s Sys=0.00s Real=0.03s
[2025-08-01T02:36:17.628+0000] GC(909) Pause Young (Normal) (G1 Evacuation Pause)
[2025-08-01T02:36:17.628+0000] GC(909) Using 8 workers of 8 for evacuation
[2025-08-01T02:36:17.678+0000] GC(909)   Pre Evacuate Collection Set: 0.1ms
[2025-08-01T02:36:17.678+0000] GC(909)   Evacuate Collection Set: 48.3ms
[2025-08-01T02:36:17.678+0000] GC(909)   Post Evacuate Collection Set: 0.5ms
[2025-08-01T02:36:17.678+0000] GC(909)   Other: 0.3ms
[2025-08-01T02:36:17.678+0000] GC(909) Eden regions: 89->0(89)
[2025-08-01T02:36:17.678+0000] GC(909) Survivor regions: 13->13(13)
[2025-08-01T02:36:17.678+0000] GC(909) Old regions: 1646->1737
[2025-08-01T02:36:17.678+0000] GC(909) Humongous regions: 0->0
[2025-08-01T02:36:17.678+0000] GC(909) Metaspace: 9706K(12544K)->9706K(12544K) NonClass: 8540K(11008K)->8540K(11008K) Class: 1166K(1536K)->1166K(1536K)
[2025-08-01T02:36:17.678+0000] GC(909) Pause Young (Normal) (G1 Evacuation Pause) 3493M->3497M(4096M) 49.339ms
[2025-08-01T02:36:17.678+0000] GC(909) User=0.35s Sys=0.01s Real=0.05s
[2025-08-01T02:36:17.700+0000] GC(910) Pause Young (Normal) (G1 Evacuation Pause)
[2025-08-01T02:36:17.700+0000] GC(910) Using 8 workers of 8 for evacuation
[2025-08-01T02:36:17.747+0000] GC(910)   Pre Evacuate Collection Set: 0.1ms
[2025-08-01T02:36:17.747+0000] GC(910)   Evacuate Collection Set: 46.1ms
[2025-08-01T02:36:17.747+0000] GC(910)   Post Evacuate Collection Set: 0.7ms
[2025-08-01T02:36:17.747+0000] GC(910)   Other: 0.3ms
[2025-08-01T02:36:17.747+0000] GC(910) Eden regions: 89->0(89)
[2025-08-01T02:36:17.747+0000] GC(910) Survivor regions: 13->13(13)
[2025-08-01T02:36:17.747+0000] GC(910) Old regions: 1737->1820
[2025-08-01T02:36:17.747+0000] GC(910) Humongous regions: 0->0
[2025-08-01T02:36:17.747+0000] GC(910) Metaspace: 9706K(12544K)->9706K(12544K) NonClass: 8540K(11008K)->8540K(11008K) Class: 1166K(1536K)->1166K(1536K)
[2025-08-01T02:36:17.747+0000] GC(910) Pause Young (Normal) (G1 Evacuation Pause) 3675M->3663M(4096M) 47.372ms
[2025-08-01T02:36:17.748+0000] GC(910) User=0.33s Sys=0.02s Real=0.05s
[2025-08-01T02:36:17.771+0000] GC(911) Pause Young (Normal) (G1 Evacuation Pause)
[2025-08-01T02:36:17.771+0000] GC(911) Using 8 workers of 8 for evacuation
[2025-08-01T02:36:17.802+0000] GC(911)   Pre Evacuate Collection Set: 0.1ms
[2025-08-01T02:36:17.802+0000] GC(911)   Evacuate Collection Set: 30.6ms
[2025-08-01T02:36:17.802+0000] GC(911)   Post Evacuate Collection Set: 0.5ms
[2025-08-01T02:36:17.802+0000] GC(911)   Other: 0.3ms
[2025-08-01T02:36:17.802+0000] GC(911) Eden regions: 89->0(89)
[2025-08-01T02:36:17.802+0000] GC(911) Survivor regions: 13->13(13)
[2025-08-01T02:36:17.802+0000] GC(911) Old regions: 1820->1900
[2025-08-01T02:36:17.802+0000] GC(911) Humongous regions: 0->0
[2025-08-01T02:36:17.802+0000] GC(911) Metaspace: 9706K(12544K)->9706K(12544K) NonClass: 8540K(11008K)->8540K(11008K) Class: 1166K(1536K)->1166K(1536K)
[2025-08-01T02:36:17.802+0000] GC(911) Pause Young (Normal) (G1 Evacuation Pause) 3841M->3823M(4096M) 31.721ms
[2025-08-01T02:36:17.802+0000] GC(911) User=0.24s Sys=0.01s Real=0.03s
[2025-08-01T02:36:17.824+0000] GC(912) Pause Young (Normal) (G1 Evacuation Pause)
[2025-08-01T02:36:17.824+0000] GC(912) Using 8 workers of 8 for evacuation
[2025-08-01T02:36:17.872+0000] GC(912) To-space exhausted
[2025-08-01T02:36:17.872+0000] GC(912)   Pre Evacuate Collection Set: 0.1ms
[2025-08-01T02:36:17.872+0000] GC(912)   Evacuate Collection Set: 40.2ms
[2025-08-01T02:36:17.872+0000] GC(912)   Post Evacuate Collection Set: 7.2ms
[2025-08-01T02:36:17.872+0000] GC(912)   Other: 0.3ms
[2025-08-01T02:36:17.872+0000] GC(912) Eden regions: 89->0(89)
[2025-08-01T02:36:17.872+0000] GC(912) Survivor regions: 13->13(13)
[2025-08-01T02:36:17.872+0000] GC(912) Old regions: 1900->2006
[2025-08-01T02:36:17.872+0000] GC(912) Humongous regions: 0->0
[2025-08-01T02:36:17.872+0000] GC(912) Metaspace: 9706K(12544K)->9706K(12544K) NonClass: 8540K(11008K)->8540K(11008K) Class: 1166K(1536K)->1166K(1536K)
[2025-08-01T02:36:17.872+0000] GC(912) Pause Young (Normal) (G1 Evacuation Pause) 4001M->4035M(4096M) 47.995ms
[2025-08-01T02:36:17.872+0000] GC(912) User=0.34s Sys=0.01s Real=0.04s
[2025-08-01T02:36:17.878+0000] GC(913) Pause Young (Normal) (G1 Evacuation Pause)
[2025-08-01T02:36:17.878+0000] GC(913) Using 8 workers of 8 for evacuation
[2025-08-01T02:36:17.889+0000] GC(913) To-space exhausted
[2025-08-01T02:36:17.889+0000] GC(913)   Pre Evacuate Collection Set: 0.1ms
[2025-08-01T02:36:17.889+0000] GC(913)   Evacuate Collection Set: 6.4ms
[2025-08-01T02:36:17.889+0000] GC(913)   Post Evacuate Collection Set: 4.7ms
[2025-08-01T02:36:17.889+0000] GC(913)   Other: 0.4ms
[2025-08-01T02:36:17.889+0000] GC(913) Eden regions: 29->0(102)
[2025-08-01T02:36:17.889+0000] GC(913) Survivor regions: 13->0(13)
[2025-08-01T02:36:17.889+0000] GC(913) Old regions: 2006->2048
[2025-08-01T02:36:17.889+0000] GC(913) Humongous regions: 0->0
[2025-08-01T02:36:17.889+0000] GC(913) Metaspace: 9706K(12544K)->9706K(12544K) NonClass: 8540K(11008K)->8540K(11008K) Class: 1166K(1536K)->1166K(1536K)
[2025-08-01T02:36:17.889+0000] GC(913) Pause Young (Normal) (G1 Evacuation Pause) 4093M->4093M(4096M) 11.742ms
[2025-08-01T02:36:17.890+0000] GC(913) User=0.08s Sys=0.00s Real=0.01s
[2025-08-01T02:36:17.890+0000] GC(914) Using 8 workers of 8 for full compaction
[2025-08-01T02:36:17.890+0000] GC(914) Pause Full (G1 Evacuation Pause)
[2025-08-01T02:36:17.894+0000] GC(914) Phase 1: Mark live objects
[2025-08-01T02:36:17.924+0000] GC(914) Cleaned string and symbol table, strings: 2833 processed, 0 removed, symbols: 23489 processed, 0 removed
[2025-08-01T02:36:17.924+0000] GC(914) Phase 1: Mark live objects 29.651ms
[2025-08-01T02:36:17.924+0000] GC(914) Phase 2: Prepare for compaction
[2025-08-01T02:36:17.958+0000] GC(914) Phase 2: Prepare for compaction 33.801ms
[2025-08-01T02:36:17.958+0000] GC(914) Phase 3: Adjust pointers
[2025-08-01T02:36:17.991+0000] GC(914) Phase 3: Adjust pointers 32.635ms
[2025-08-01T02:36:17.991+0000] GC(914) Phase 4: Compact heap
[2025-08-01T02:36:18.101+0000] GC(914) Phase 4: Compact heap 110.605ms
[2025-08-01T02:36:18.104+0000] GC(914) Eden regions: 0->0(413)
[2025-08-01T02:36:18.104+0000] GC(914) Survivor regions: 0->0(13)
[2025-08-01T02:36:18.104+0000] GC(914) Old regions: 2048->392
[2025-08-01T02:36:18.104+0000] GC(914) Humongous regions: 0->0
[2025-08-01T02:36:18.104+0000] GC(914) Metaspace: 9706K(12544K)->9706K(12544K) NonClass: 8540K(11008K)->8540K(11008K) Class: 1166K(1536K)->1166K(1536K)
[2025-08-01T02:36:18.104+0000] GC(914) Pause Full (G1 Evacuation Pause) 4093M->774M(4096M) 214.440ms
[2025-08-01T02:36:18.104+0000] GC(914) User=1.63s Sys=0.00s Real=0.22s
[2025-08-01T02:36:18.106+0000] GC(906) Concurrent Mark From Roots 684.207ms
[2025-08-01T02:36:18.106+0000] GC(906) Concurrent Mark Abort
[2025-08-01T02:36:18.106+0000] GC(906) Concurrent Cycle 690.466ms
[2025-08-01T02:36:18.273+0000] GC(915) Pause Young (Normal) (G1 Evacuation Pause)
[2025-08-01T02:36:18.273+0000] GC(915) Using 8 workers of 8 for evacuation
[2025-08-01T02:36:18.523+0000] GC(915) MMU target violated: 201.0ms (200.0ms/201.0ms)
[2025-08-01T02:36:18.523+0000] GC(915)   Pre Evacuate Collection Set: 0.1ms
[2025-08-01T02:36:18.523+0000] GC(915)   Evacuate Collection Set: 247.9ms
[2025-08-01T02:36:18.523+0000] GC(915)   Post Evacuate Collection Set: 1.0ms
[2025-08-01T02:36:18.523+0000] GC(915)   Other: 0.5ms
[2025-08-01T02:36:18.523+0000] GC(915) Eden regions: 413->0(322)
[2025-08-01T02:36:18.523+0000] GC(915) Survivor regions: 0->52(52)
[2025-08-01T02:36:18.523+0000] GC(915) Old regions: 392->708
[2025-08-01T02:36:18.523+0000] GC(915) Humongous regions: 0->0
[2025-08-01T02:36:18.523+0000] GC(915) Metaspace: 9706K(12544K)->9706K(12544K) NonClass: 8540K(11008K)->8540K(11008K) Class: 1166K(1536K)->1166K(1536K)
[2025-08-01T02:36:18.523+0000] GC(915) Pause Young (Normal) (G1 Evacuation Pause) 1600M->1510M(4096M) 249.868ms
[2025-08-01T02:36:18.523+0000] GC(915) User=1.86s Sys=0.09s Real=0.25s
[2025-08-01T02:36:18.682+0000] GC(916) Pause Young (Concurrent Start) (G1 Evacuation Pause)
[2025-08-01T02:36:18.682+0000] GC(916) Using 8 workers of 8 for evacuation
[2025-08-01T02:36:18.799+0000] GC(916)   Pre Evacuate Collection Set: 0.1ms
[2025-08-01T02:36:18.799+0000] GC(916)   Evacuate Collection Set: 115.9ms
[2025-08-01T02:36:18.799+0000] GC(916)   Post Evacuate Collection Set: 0.8ms
[2025-08-01T02:36:18.799+0000] GC(916)   Other: 0.6ms
[2025-08-01T02:36:18.799+0000] GC(916) Eden regions: 322->0(339)
[2025-08-01T02:36:18.799+0000] GC(916) Survivor regions: 52->47(47)
[2025-08-01T02:36:18.799+0000] GC(916) Old regions: 708->817
[2025-08-01T02:36:18.799+0000] GC(916) Humongous regions: 0->0
[2025-08-01T02:36:18.799+0000] GC(916) Metaspace: 9706K(12544K)->9706K(12544K) NonClass: 8540K(11008K)->8540K(11008K) Class: 1166K(1536K)->1166K(1536K)
[2025-08-01T02:36:18.799+0000] GC(916) Pause Young (Concurrent Start) (G1 Evacuation Pause) 2154M->1717M(4096M) 117.508ms
[2025-08-01T02:36:18.799+0000] GC(916) User=0.85s Sys=0.03s Real=0.12s
[2025-08-01T02:36:18.799+0000] GC(917) Concurrent Cycle
[2025-08-01T02:36:18.799+0000] GC(917) Concurrent Clear Claimed Marks
[2025-08-01T02:36:18.799+0000] GC(917) Concurrent Clear Claimed Marks 0.063ms
[2025-08-01T02:36:18.799+0000] GC(917) Concurrent Scan Root Regions
[2025-08-01T02:36:18.823+0000] GC(917) Concurrent Scan Root Regions 23.787ms
[2025-08-01T02:36:18.823+0000] GC(917) Concurrent Mark (117.819s)
[2025-08-01T02:36:18.823+0000] GC(917) Concurrent Mark From Roots
[2025-08-01T02:36:18.823+0000] GC(917) Using 2 workers of 2 for marking
[2025-08-01T02:36:18.914+0000] GC(917) Concurrent Mark From Roots 90.868ms
[2025-08-01T02:36:18.914+0000] GC(917) Concurrent Preclean
[2025-08-01T02:36:18.915+0000] GC(917) Concurrent Preclean 0.901ms
[2025-08-01T02:36:18.915+0000] GC(917) Concurrent Mark (117.819s, 117.911s) 91.972ms
[2025-08-01T02:36:18.916+0000] GC(917) Pause Remark
[2025-08-01T02:36:18.919+0000] GC(917) Cleaned string and symbol table, strings: 2833 processed, 0 removed, symbols: 23489 processed, 0 removed
[2025-08-01T02:36:18.921+0000] GC(917) Pause Remark 2285M->1380M(4096M) 4.881ms
[2025-08-01T02:36:18.921+0000] GC(917) User=0.02s Sys=0.00s Real=0.00s
[2025-08-01T02:36:18.921+0000] GC(917) Concurrent Rebuild Remembered Sets
[2025-08-01T02:36:18.974+0000] GC(918) Pause Young (Normal) (G1 Evacuation Pause)
[2025-08-01T02:36:18.974+0000] GC(918) Using 8 workers of 8 for evacuation
[2025-08-01T02:36:19.070+0000] GC(918)   Pre Evacuate Collection Set: 0.1ms
[2025-08-01T02:36:19.070+0000] GC(918)   Evacuate Collection Set: 94.4ms
[2025-08-01T02:36:19.070+0000] GC(918)   Post Evacuate Collection Set: 1.1ms
[2025-08-01T02:36:19.070+0000] GC(918)   Other: 0.4ms
[2025-08-01T02:36:19.070+0000] GC(918) Eden regions: 339->0(418)
[2025-08-01T02:36:19.070+0000] GC(918) Survivor regions: 47->49(49)
[2025-08-01T02:36:19.070+0000] GC(918) Old regions: 361->596
[2025-08-01T02:36:19.070+0000] GC(918) Humongous regions: 0->0
[2025-08-01T02:36:19.070+0000] GC(918) Metaspace: 9706K(12544K)->9706K(12544K) NonClass: 8540K(11008K)->8540K(11008K) Class: 1166K(1536K)->1166K(1536K)
[2025-08-01T02:36:19.070+0000] GC(918) Pause Young (Normal) (G1 Evacuation Pause) 1490M->1286M(4096M) 96.115ms
[2025-08-01T02:36:19.070+0000] GC(918) User=0.73s Sys=0.02s Real=0.09s
[2025-08-01T02:36:19.084+0000] GC(917) Concurrent Rebuild Remembered Sets 162.707ms
[2025-08-01T02:36:19.084+0000] GC(917) Pause Cleanup
[2025-08-01T02:36:19.085+0000] GC(917) Pause Cleanup 1446M->1446M(4096M) 0.638ms
[2025-08-01T02:36:19.085+0000] GC(917) User=0.00s Sys=0.00s Real=0.00s
[2025-08-01T02:36:19.085+0000] GC(917) Concurrent Cleanup for Next Mark
[2025-08-01T02:36:19.099+0000] GC(917) Concurrent Cleanup for Next Mark 14.389ms
[2025-08-01T02:36:19.100+0000] GC(917) Concurrent Cycle 300.271ms
[2025-08-01T02:36:19.249+0000] GC(919) Pause Young (Prepare Mixed) (G1 Evacuation Pause)
[2025-08-01T02:36:19.249+0000] GC(919) Using 8 workers of 8 for evacuation
[2025-08-01T02:36:19.416+0000] GC(919)   Pre Evacuate Collection Set: 0.1ms
[2025-08-01T02:36:19.416+0000] GC(919)   Evacuate Collection Set: 165.9ms
[2025-08-01T02:36:19.416+0000] GC(919)   Post Evacuate Collection Set: 1.1ms
[2025-08-01T02:36:19.416+0000] GC(919)   Other: 0.3ms
[2025-08-01T02:36:19.416+0000] GC(919) Eden regions: 418->0(43)
[2025-08-01T02:36:19.416+0000] GC(919) Survivor regions: 49->59(59)
[2025-08-01T02:36:19.416+0000] GC(919) Old regions: 596->896
[2025-08-01T02:36:19.416+0000] GC(919) Humongous regions: 0->0
[2025-08-01T02:36:19.416+0000] GC(919) Metaspace: 9706K(12544K)->9706K(12544K) NonClass: 8540K(11008K)->8540K(11008K) Class: 1166K(1536K)->1166K(1536K)
[2025-08-01T02:36:19.416+0000] GC(919) Pause Young (Prepare Mixed) (G1 Evacuation Pause) 2122M->1907M(4096M) 167.528ms
[2025-08-01T02:36:19.416+0000] GC(919) User=1.24s Sys=0.05s Real=0.17s
[2025-08-01T02:36:19.424+0000] GC(920) Pause Young (Mixed) (G1 Evacuation Pause)
[2025-08-01T02:36:19.424+0000] GC(920) Using 8 workers of 8 for evacuation
[2025-08-01T02:36:19.464+0000] GC(920)   Pre Evacuate Collection Set: 0.2ms
[2025-08-01T02:36:19.464+0000] GC(920)   Evacuate Collection Set: 38.9ms
[2025-08-01T02:36:19.464+0000] GC(920)   Post Evacuate Collection Set: 0.9ms
[2025-08-01T02:36:19.464+0000] GC(920)   Other: 0.4ms
[2025-08-01T02:36:19.464+0000] GC(920) Eden regions: 43->0(320)
[2025-08-01T02:36:19.464+0000] GC(920) Survivor regions: 59->13(13)
[2025-08-01T02:36:19.464+0000] GC(920) Old regions: 896->894
[2025-08-01T02:36:19.464+0000] GC(920) Humongous regions: 0->0
[2025-08-01T02:36:19.464+0000] GC(920) Metaspace: 9706K(12544K)->9706K(12544K) NonClass: 8540K(11008K)->8540K(11008K) Class: 1166K(1536K)->1166K(1536K)
[2025-08-01T02:36:19.464+0000] GC(920) Pause Young (Mixed) (G1 Evacuation Pause) 1993M->1810M(4096M) 40.555ms
[2025-08-01T02:36:19.465+0000] GC(920) User=0.29s Sys=0.01s Real=0.04s
[2025-08-01T02:36:19.626+0000] GC(921) Pause Young (Concurrent Start) (G1 Evacuation Pause)
[2025-08-01T02:36:19.626+0000] GC(921) Using 8 workers of 8 for evacuation
[2025-08-01T02:36:19.814+0000] GC(921)   Pre Evacuate Collection Set: 0.1ms
[2025-08-01T02:36:19.814+0000] GC(921)   Evacuate Collection Set: 185.5ms
[2025-08-01T02:36:19.814+0000] GC(921)   Post Evacuate Collection Set: 1.7ms
[2025-08-01T02:36:19.814+0000] GC(921)   Other: 0.9ms
[2025-08-01T02:36:19.814+0000] GC(921) Eden regions: 320->0(211)
[2025-08-01T02:36:19.814+0000] GC(921) Survivor regions: 13->42(42)
[2025-08-01T02:36:19.814+0000] GC(921) Old regions: 894->1148
[2025-08-01T02:36:19.814+0000] GC(921) Humongous regions: 0->0
[2025-08-01T02:36:19.814+0000] GC(921) Metaspace: 9706K(12544K)->9706K(12544K) NonClass: 8540K(11008K)->8540K(11008K) Class: 1166K(1536K)->1166K(1536K)
[2025-08-01T02:36:19.814+0000] GC(921) Pause Young (Concurrent Start) (G1 Evacuation Pause) 2450M->2377M(4096M) 188.552ms
[2025-08-01T02:36:19.814+0000] GC(921) User=1.41s Sys=0.05s Real=0.19s
[2025-08-01T02:36:19.815+0000] GC(922) Concurrent Cycle
[2025-08-01T02:36:19.815+0000] GC(922) Concurrent Clear Claimed Marks
[2025-08-01T02:36:19.815+0000] GC(922) Concurrent Clear Claimed Marks 0.071ms
[2025-08-01T02:36:19.815+0000] GC(922) Concurrent Scan Root Regions
[2025-08-01T02:36:19.832+0000] GC(922) Concurrent Scan Root Regions 16.912ms
[2025-08-01T02:36:19.832+0000] GC(922) Concurrent Mark (118.827s)
[2025-08-01T02:36:19.832+0000] GC(922) Concurrent Mark From Roots
[2025-08-01T02:36:19.832+0000] GC(922) Using 2 workers of 2 for marking
[2025-08-01T02:36:19.911+0000] GC(923) Pause Young (Normal) (G1 Evacuation Pause)
[2025-08-01T02:36:19.911+0000] GC(923) Using 8 workers of 8 for evacuation
[2025-08-01T02:36:19.979+0000] GC(923)   Pre Evacuate Collection Set: 0.1ms
[2025-08-01T02:36:19.979+0000] GC(923)   Evacuate Collection Set: 66.8ms
[2025-08-01T02:36:19.979+0000] GC(923)   Post Evacuate Collection Set: 0.9ms
[2025-08-01T02:36:19.979+0000] GC(923)   Other: 0.2ms
[2025-08-01T02:36:19.980+0000] GC(923) Eden regions: 211->0(155)
[2025-08-01T02:36:19.980+0000] GC(923) Survivor regions: 42->32(32)
[2025-08-01T02:36:19.980+0000] GC(923) Old regions: 1148->1330
[2025-08-01T02:36:19.980+0000] GC(923) Humongous regions: 0->0
[2025-08-01T02:36:19.980+0000] GC(923) Metaspace: 9706K(12544K)->9706K(12544K) NonClass: 8540K(11008K)->8540K(11008K) Class: 1166K(1536K)->1166K(1536K)
[2025-08-01T02:36:19.980+0000] GC(923) Pause Young (Normal) (G1 Evacuation Pause) 2799M->2721M(4096M) 68.265ms
[2025-08-01T02:36:19.980+0000] GC(923) User=0.50s Sys=0.00s Real=0.07s
[2025-08-01T02:36:20.053+0000] GC(924) Pause Young (Normal) (G1 Evacuation Pause)
[2025-08-01T02:36:20.053+0000] GC(924) Using 8 workers of 8 for evacuation
[2025-08-01T02:36:20.132+0000] GC(924)   Pre Evacuate Collection Set: 0.1ms
[2025-08-01T02:36:20.133+0000] GC(924)   Evacuate Collection Set: 78.6ms
[2025-08-01T02:36:20.133+0000] GC(924)   Post Evacuate Collection Set: 1.0ms
[2025-08-01T02:36:20.133+0000] GC(924)   Other: 0.3ms
[2025-08-01T02:36:20.133+0000] GC(924) Eden regions: 155->0(102)
[2025-08-01T02:36:20.133+0000] GC(924) Survivor regions: 32->24(24)
[2025-08-01T02:36:20.133+0000] GC(924) Old regions: 1330->1495
[2025-08-01T02:36:20.133+0000] GC(924) Humongous regions: 0->0
[2025-08-01T02:36:20.133+0000] GC(924) Metaspace: 9706K(12544K)->9706K(12544K) NonClass: 8540K(11008K)->8540K(11008K) Class: 1166K(1536K)->1166K(1536K)
[2025-08-01T02:36:20.133+0000] GC(924) Pause Young (Normal) (G1 Evacuation Pause) 3031M->3034M(4096M) 80.125ms
[2025-08-01T02:36:20.133+0000] GC(924) User=0.60s Sys=0.02s Real=0.08s
[2025-08-01T02:36:20.152+0000] GC(925) Pause Young (Normal) (G1 Evacuation Pause)
[2025-08-01T02:36:20.152+0000] GC(925) Using 8 workers of 8 for evacuation
[2025-08-01T02:36:20.200+0000] GC(925)   Pre Evacuate Collection Set: 0.1ms
[2025-08-01T02:36:20.200+0000] GC(925)   Evacuate Collection Set: 46.2ms
[2025-08-01T02:36:20.200+0000] GC(925)   Post Evacuate Collection Set: 0.9ms
[2025-08-01T02:36:20.200+0000] GC(925)   Other: 0.3ms
[2025-08-01T02:36:20.200+0000] GC(925) Eden regions: 102->0(86)
[2025-08-01T02:36:20.200+0000] GC(925) Survivor regions: 24->16(16)
[2025-08-01T02:36:20.200+0000] GC(925) Old regions: 1495->1606
[2025-08-01T02:36:20.200+0000] GC(925) Humongous regions: 0->0
[2025-08-01T02:36:20.200+0000] GC(925) Metaspace: 9706K(12544K)->9706K(12544K) NonClass: 8540K(11008K)->8540K(11008K) Class: 1166K(1536K)->1166K(1536K)
[2025-08-01T02:36:20.200+0000] GC(925) Pause Young (Normal) (G1 Evacuation Pause) 3238M->3241M(4096M) 47.603ms
[2025-08-01T02:36:20.200+0000] GC(925) User=0.36s Sys=0.01s Real=0.05s
[2025-08-01T02:36:20.205+0000] GC(922) Concurrent Mark From Roots 373.057ms
[2025-08-01T02:36:20.205+0000] GC(922) Concurrent Preclean
[2025-08-01T02:36:20.205+0000] GC(922) Concurrent Preclean 0.325ms
[2025-08-01T02:36:20.205+0000] GC(922) Concurrent Mark (118.827s, 119.201s) 373.521ms
[2025-08-01T02:36:20.206+0000] GC(922) Pause Remark
[2025-08-01T02:36:20.209+0000] GC(922) Cleaned string and symbol table, strings: 2833 processed, 0 removed, symbols: 23489 processed, 0 removed
[2025-08-01T02:36:20.210+0000] GC(922) Pause Remark 3299M->2071M(4096M) 4.238ms
[2025-08-01T02:36:20.211+0000] GC(922) User=0.02s Sys=0.00s Real=0.00s
[2025-08-01T02:36:20.211+0000] GC(922) Concurrent Rebuild Remembered Sets
[2025-08-01T02:36:20.224+0000] GC(926) Pause Young (Normal) (G1 Evacuation Pause)
[2025-08-01T02:36:20.225+0000] GC(926) Using 8 workers of 8 for evacuation
[2025-08-01T02:36:20.256+0000] GC(926)   Pre Evacuate Collection Set: 0.1ms
[2025-08-01T02:36:20.256+0000] GC(926)   Evacuate Collection Set: 30.3ms
[2025-08-01T02:36:20.256+0000] GC(926)   Post Evacuate Collection Set: 0.7ms
[2025-08-01T02:36:20.256+0000] GC(926)   Other: 0.3ms
[2025-08-01T02:36:20.256+0000] GC(926) Eden regions: 86->0(244)
[2025-08-01T02:36:20.256+0000] GC(926) Survivor regions: 16->13(13)
[2025-08-01T02:36:20.256+0000] GC(926) Old regions: 992->1073
[2025-08-01T02:36:20.256+0000] GC(926) Humongous regions: 0->0
[2025-08-01T02:36:20.256+0000] GC(926) Metaspace: 9706K(12544K)->9706K(12544K) NonClass: 8540K(11008K)->8540K(11008K) Class: 1166K(1536K)->1166K(1536K)
[2025-08-01T02:36:20.256+0000] GC(926) Pause Young (Normal) (G1 Evacuation Pause) 2185M->2168M(4096M) 31.467ms
[2025-08-01T02:36:20.256+0000] GC(926) User=0.24s Sys=0.00s Real=0.03s
[2025-08-01T02:36:20.347+0000] GC(927) Pause Young (Normal) (G1 Evacuation Pause)
[2025-08-01T02:36:20.347+0000] GC(927) Using 8 workers of 8 for evacuation
[2025-08-01T02:36:20.445+0000] GC(927)   Pre Evacuate Collection Set: 0.1ms
[2025-08-01T02:36:20.445+0000] GC(927)   Evacuate Collection Set: 96.9ms
[2025-08-01T02:36:20.445+0000] GC(927)   Post Evacuate Collection Set: 0.9ms
[2025-08-01T02:36:20.445+0000] GC(927)   Other: 0.3ms
[2025-08-01T02:36:20.445+0000] GC(927) Eden regions: 244->0(171)
[2025-08-01T02:36:20.445+0000] GC(927) Survivor regions: 13->33(33)
[2025-08-01T02:36:20.445+0000] GC(927) Old regions: 1073->1268
[2025-08-01T02:36:20.445+0000] GC(927) Humongous regions: 0->0
[2025-08-01T02:36:20.445+0000] GC(927) Metaspace: 9706K(12544K)->9706K(12544K) NonClass: 8540K(11008K)->8540K(11008K) Class: 1166K(1536K)->1166K(1536K)
[2025-08-01T02:36:20.445+0000] GC(927) Pause Young (Normal) (G1 Evacuation Pause) 2656M->2599M(4096M) 98.703ms
[2025-08-01T02:36:20.445+0000] GC(927) User=0.75s Sys=0.02s Real=0.10s
[2025-08-01T02:36:20.523+0000] GC(928) Pause Young (Normal) (G1 Evacuation Pause)
[2025-08-01T02:36:20.523+0000] GC(928) Using 8 workers of 8 for evacuation
[2025-08-01T02:36:20.602+0000] GC(928)   Pre Evacuate Collection Set: 0.1ms
[2025-08-01T02:36:20.602+0000] GC(928)   Evacuate Collection Set: 78.1ms
[2025-08-01T02:36:20.602+0000] GC(928)   Post Evacuate Collection Set: 1.0ms
[2025-08-01T02:36:20.602+0000] GC(928)   Other: 0.3ms
[2025-08-01T02:36:20.602+0000] GC(928) Eden regions: 171->0(115)
[2025-08-01T02:36:20.602+0000] GC(928) Survivor regions: 33->26(26)
[2025-08-01T02:36:20.602+0000] GC(928) Old regions: 1268->1447
[2025-08-01T02:36:20.602+0000] GC(928) Humongous regions: 0->0
[2025-08-01T02:36:20.602+0000] GC(928) Metaspace: 9706K(12544K)->9706K(12544K) NonClass: 8540K(11008K)->8540K(11008K) Class: 1166K(1536K)->1166K(1536K)
[2025-08-01T02:36:20.602+0000] GC(928) Pause Young (Normal) (G1 Evacuation Pause) 2941M->2942M(4096M) 79.711ms
[2025-08-01T02:36:20.602+0000] GC(928) User=0.60s Sys=0.02s Real=0.08s
[2025-08-01T02:36:20.623+0000] GC(929) Pause Young (Normal) (G1 Evacuation Pause)
[2025-08-01T02:36:20.623+0000] GC(929) Using 8 workers of 8 for evacuation
[2025-08-01T02:36:20.657+0000] GC(929)   Pre Evacuate Collection Set: 0.1ms
[2025-08-01T02:36:20.657+0000] GC(929)   Evacuate Collection Set: 33.0ms
[2025-08-01T02:36:20.657+0000] GC(929)   Post Evacuate Collection Set: 0.6ms
[2025-08-01T02:36:20.657+0000] GC(929)   Other: 0.4ms
[2025-08-01T02:36:20.657+0000] GC(929) Eden regions: 115->0(92)
[2025-08-01T02:36:20.657+0000] GC(929) Survivor regions: 26->18(18)
[2025-08-01T02:36:20.657+0000] GC(929) Old regions: 1447->1537
[2025-08-01T02:36:20.657+0000] GC(929) Humongous regions: 0->0
[2025-08-01T02:36:20.657+0000] GC(929) Metaspace: 9706K(12544K)->9706K(12544K) NonClass: 8540K(11008K)->8540K(11008K) Class: 1166K(1536K)->1166K(1536K)
[2025-08-01T02:36:20.657+0000] GC(929) Pause Young (Normal) (G1 Evacuation Pause) 3172M->3107M(4096M) 34.361ms
[2025-08-01T02:36:20.657+0000] GC(929) User=0.26s Sys=0.01s Real=0.03s
[2025-08-01T02:36:20.714+0000] GC(930) Pause Young (Normal) (G1 Evacuation Pause)
[2025-08-01T02:36:20.714+0000] GC(930) Using 8 workers of 8 for evacuation
[2025-08-01T02:36:20.750+0000] GC(930)   Pre Evacuate Collection Set: 0.1ms
[2025-08-01T02:36:20.750+0000] GC(930)   Evacuate Collection Set: 35.0ms
[2025-08-01T02:36:20.750+0000] GC(930)   Post Evacuate Collection Set: 0.8ms
[2025-08-01T02:36:20.750+0000] GC(930)   Other: 0.4ms
[2025-08-01T02:36:20.750+0000] GC(930) Eden regions: 92->0(88)
[2025-08-01T02:36:20.750+0000] GC(930) Survivor regions: 18->14(14)
[2025-08-01T02:36:20.750+0000] GC(930) Old regions: 1537->1635
[2025-08-01T02:36:20.750+0000] GC(930) Humongous regions: 0->0
[2025-08-01T02:36:20.750+0000] GC(930) Metaspace: 9706K(12544K)->9706K(12544K) NonClass: 8540K(11008K)->8540K(11008K) Class: 1166K(1536K)->1166K(1536K)
[2025-08-01T02:36:20.750+0000] GC(930) Pause Young (Normal) (G1 Evacuation Pause) 3291M->3294M(4096M) 36.472ms
[2025-08-01T02:36:20.750+0000] GC(930) User=0.28s Sys=0.00s Real=0.03s
[2025-08-01T02:36:20.766+0000] GC(931) Pause Young (Normal) (G1 Evacuation Pause)
[2025-08-01T02:36:20.767+0000] GC(931) Using 8 workers of 8 for evacuation
[2025-08-01T02:36:20.796+0000] GC(931)   Pre Evacuate Collection Set: 0.1ms
[2025-08-01T02:36:20.796+0000] GC(931)   Evacuate Collection Set: 28.6ms
[2025-08-01T02:36:20.796+0000] GC(931)   Post Evacuate Collection Set: 0.8ms
[2025-08-01T02:36:20.796+0000] GC(931)   Other: 0.3ms
[2025-08-01T02:36:20.796+0000] GC(931) Eden regions: 88->0(89)
[2025-08-01T02:36:20.796+0000] GC(931) Survivor regions: 14->13(13)
[2025-08-01T02:36:20.796+0000] GC(931) Old regions: 1635->1725
[2025-08-01T02:36:20.796+0000] GC(931) Humongous regions: 0->0
[2025-08-01T02:36:20.796+0000] GC(931) Metaspace: 9706K(12544K)->9706K(12544K) NonClass: 8540K(11008K)->8540K(11008K) Class: 1166K(1536K)->1166K(1536K)
[2025-08-01T02:36:20.796+0000] GC(931) Pause Young (Normal) (G1 Evacuation Pause) 3470M->3473M(4096M) 29.908ms
[2025-08-01T02:36:20.796+0000] GC(931) User=0.23s Sys=0.00s Real=0.03s
[2025-08-01T02:36:20.810+0000] GC(922) Concurrent Rebuild Remembered Sets 599.757ms
[2025-08-01T02:36:20.811+0000] GC(922) Pause Cleanup
[2025-08-01T02:36:20.812+0000] GC(922) Pause Cleanup 3627M->3627M(4096M) 1.181ms
[2025-08-01T02:36:20.812+0000] GC(922) User=0.00s Sys=0.00s Real=0.00s
[2025-08-01T02:36:20.812+0000] GC(922) Concurrent Cleanup for Next Mark
[2025-08-01T02:36:20.821+0000] GC(922) Concurrent Cleanup for Next Mark 8.246ms
[2025-08-01T02:36:20.821+0000] GC(922) Concurrent Cycle 1006.103ms
[2025-08-01T02:36:20.857+0000] GC(932) Pause Young (Prepare Mixed) (G1 Evacuation Pause)
[2025-08-01T02:36:20.857+0000] GC(932) Using 8 workers of 8 for evacuation
[2025-08-01T02:36:20.890+0000] GC(932)   Pre Evacuate Collection Set: 0.1ms
[2025-08-01T02:36:20.890+0000] GC(932)   Evacuate Collection Set: 32.3ms
[2025-08-01T02:36:20.890+0000] GC(932)   Post Evacuate Collection Set: 0.5ms
[2025-08-01T02:36:20.891+0000] GC(932)   Other: 0.3ms
[2025-08-01T02:36:20.891+0000] GC(932) Eden regions: 89->0(89)
[2025-08-01T02:36:20.891+0000] GC(932) Survivor regions: 13->13(13)
[2025-08-01T02:36:20.891+0000] GC(932) Old regions: 1725->1815
[2025-08-01T02:36:20.891+0000] GC(932) Humongous regions: 0->0
[2025-08-01T02:36:20.891+0000] GC(932) Metaspace: 9706K(12544K)->9706K(12544K) NonClass: 8540K(11008K)->8540K(11008K) Class: 1166K(1536K)->1166K(1536K)
[2025-08-01T02:36:20.891+0000] GC(932) Pause Young (Prepare Mixed) (G1 Evacuation Pause) 3651M->3653M(4096M) 33.341ms
[2025-08-01T02:36:20.891+0000] GC(932) User=0.23s Sys=0.00s Real=0.03s
[2025-08-01T02:36:20.908+0000] GC(933) Pause Young (Mixed) (G1 Evacuation Pause)
[2025-08-01T02:36:20.908+0000] GC(933) Using 8 workers of 8 for evacuation
[2025-08-01T02:36:20.935+0000] GC(933)   Pre Evacuate Collection Set: 0.1ms
[2025-08-01T02:36:20.935+0000] GC(933)   Evacuate Collection Set: 26.4ms
[2025-08-01T02:36:20.935+0000] GC(933)   Post Evacuate Collection Set: 0.6ms
[2025-08-01T02:36:20.935+0000] GC(933)   Other: 0.4ms
[2025-08-01T02:36:20.935+0000] GC(933) Eden regions: 89->0(89)
[2025-08-01T02:36:20.935+0000] GC(933) Survivor regions: 13->13(13)
[2025-08-01T02:36:20.935+0000] GC(933) Old regions: 1815->1859
[2025-08-01T02:36:20.935+0000] GC(933) Humongous regions: 0->0
[2025-08-01T02:36:20.935+0000] GC(933) Metaspace: 9706K(12544K)->9706K(12544K) NonClass: 8540K(11008K)->8540K(11008K) Class: 1166K(1536K)->1166K(1536K)
[2025-08-01T02:36:20.935+0000] GC(933) Pause Young (Mixed) (G1 Evacuation Pause) 3831M->3741M(4096M) 27.571ms
[2025-08-01T02:36:20.935+0000] GC(933) User=0.21s Sys=0.00s Real=0.03s
[2025-08-01T02:36:20.998+0000] GC(934) Pause Young (Concurrent Start) (G1 Evacuation Pause)
[2025-08-01T02:36:20.998+0000] GC(934) Using 8 workers of 8 for evacuation
[2025-08-01T02:36:21.022+0000] GC(934)   Pre Evacuate Collection Set: 0.2ms
[2025-08-01T02:36:21.022+0000] GC(934)   Evacuate Collection Set: 23.0ms
[2025-08-01T02:36:21.022+0000] GC(934)   Post Evacuate Collection Set: 0.4ms
[2025-08-01T02:36:21.022+0000] GC(934)   Other: 0.4ms
[2025-08-01T02:36:21.022+0000] GC(934) Eden regions: 89->0(89)
[2025-08-01T02:36:21.022+0000] GC(934) Survivor regions: 13->13(13)
[2025-08-01T02:36:21.022+0000] GC(934) Old regions: 1859->1877
[2025-08-01T02:36:21.022+0000] GC(934) Humongous regions: 0->0
[2025-08-01T02:36:21.022+0000] GC(934) Metaspace: 9706K(12544K)->9706K(12544K) NonClass: 8540K(11008K)->8540K(11008K) Class: 1166K(1536K)->1166K(1536K)
[2025-08-01T02:36:21.022+0000] GC(934) Pause Young (Concurrent Start) (G1 Evacuation Pause) 3919M->3776M(4096M) 24.048ms
[2025-08-01T02:36:21.022+0000] GC(934) User=0.17s Sys=0.01s Real=0.02s
[2025-08-01T02:36:21.023+0000] GC(935) Concurrent Cycle
[2025-08-01T02:36:21.023+0000] GC(935) Concurrent Clear Claimed Marks
[2025-08-01T02:36:21.023+0000] GC(935) Concurrent Clear Claimed Marks 0.044ms
[2025-08-01T02:36:21.023+0000] GC(935) Concurrent Scan Root Regions
[2025-08-01T02:36:21.026+0000] GC(935) Concurrent Scan Root Regions 3.762ms
[2025-08-01T02:36:21.027+0000] GC(935) Concurrent Mark (120.022s)
[2025-08-01T02:36:21.027+0000] GC(935) Concurrent Mark From Roots
[2025-08-01T02:36:21.027+0000] GC(935) Using 2 workers of 2 for marking
[2025-08-01T02:36:21.039+0000] GC(936) Pause Young (Normal) (G1 Evacuation Pause)
[2025-08-01T02:36:21.039+0000] GC(936) Using 8 workers of 8 for evacuation
[2025-08-01T02:36:21.073+0000] GC(936) To-space exhausted
[2025-08-01T02:36:21.073+0000] GC(936)   Pre Evacuate Collection Set: 0.1ms
[2025-08-01T02:36:21.073+0000] GC(936)   Evacuate Collection Set: 28.1ms
[2025-08-01T02:36:21.073+0000] GC(936)   Post Evacuate Collection Set: 5.1ms
[2025-08-01T02:36:21.073+0000] GC(936)   Other: 0.4ms
[2025-08-01T02:36:21.073+0000] GC(936) Eden regions: 89->0(89)
[2025-08-01T02:36:21.073+0000] GC(936) Survivor regions: 13->13(13)
[2025-08-01T02:36:21.073+0000] GC(936) Old regions: 1877->1982
[2025-08-01T02:36:21.073+0000] GC(936) Humongous regions: 0->0
[2025-08-01T02:36:21.073+0000] GC(936) Metaspace: 9706K(12544K)->9706K(12544K) NonClass: 8540K(11008K)->8540K(11008K) Class: 1166K(1536K)->1166K(1536K)
[2025-08-01T02:36:21.073+0000] GC(936) Pause Young (Normal) (G1 Evacuation Pause) 3954M->3987M(4096M) 33.744ms
[2025-08-01T02:36:21.073+0000] GC(936) User=0.24s Sys=0.00s Real=0.04s
[2025-08-01T02:36:21.084+0000] GC(937) Pause Young (Normal) (G1 Evacuation Pause)
[2025-08-01T02:36:21.084+0000] GC(937) Using 8 workers of 8 for evacuation
[2025-08-01T02:36:21.111+0000] GC(937) To-space exhausted
[2025-08-01T02:36:21.111+0000] GC(937)   Pre Evacuate Collection Set: 0.1ms
[2025-08-01T02:36:21.111+0000] GC(937)   Evacuate Collection Set: 15.4ms
[2025-08-01T02:36:21.111+0000] GC(937)   Post Evacuate Collection Set: 11.5ms
[2025-08-01T02:36:21.111+0000] GC(937)   Other: 0.4ms
[2025-08-01T02:36:21.111+0000] GC(937) Eden regions: 53->0(102)
[2025-08-01T02:36:21.111+0000] GC(937) Survivor regions: 13->0(13)
[2025-08-01T02:36:21.111+0000] GC(937) Old regions: 1982->2048
[2025-08-01T02:36:21.111+0000] GC(937) Humongous regions: 0->0
[2025-08-01T02:36:21.111+0000] GC(937) Metaspace: 9706K(12544K)->9706K(12544K) NonClass: 8540K(11008K)->8540K(11008K) Class: 1166K(1536K)->1166K(1536K)
[2025-08-01T02:36:21.111+0000] GC(937) Pause Young (Normal) (G1 Evacuation Pause) 4093M->4093M(4096M) 27.532ms
[2025-08-01T02:36:21.111+0000] GC(937) User=0.20s Sys=0.01s Real=0.02s
[2025-08-01T02:36:21.111+0000] GC(938) Using 8 workers of 8 for full compaction
[2025-08-01T02:36:21.111+0000] GC(938) Pause Full (G1 Evacuation Pause)
[2025-08-01T02:36:21.116+0000] GC(938) Phase 1: Mark live objects
[2025-08-01T02:36:21.140+0000] GC(938) Cleaned string and symbol table, strings: 2833 processed, 0 removed, symbols: 23489 processed, 0 removed
[2025-08-01T02:36:21.141+0000] GC(938) Phase 1: Mark live objects 24.454ms
[2025-08-01T02:36:21.141+0000] GC(938) Phase 2: Prepare for compaction
[2025-08-01T02:36:21.168+0000] GC(938) Phase 2: Prepare for compaction 27.644ms
[2025-08-01T02:36:21.168+0000] GC(938) Phase 3: Adjust pointers
[2025-08-01T02:36:21.196+0000] GC(938) Phase 3: Adjust pointers 27.520ms
[2025-08-01T02:36:21.196+0000] GC(938) Phase 4: Compact heap
[2025-08-01T02:36:21.285+0000] GC(938) Phase 4: Compact heap 88.776ms
[2025-08-01T02:36:21.287+0000] GC(938) Eden regions: 0->0(518)
[2025-08-01T02:36:21.287+0000] GC(938) Survivor regions: 0->0(13)
[2025-08-01T02:36:21.287+0000] GC(938) Old regions: 2048->299
[2025-08-01T02:36:21.287+0000] GC(938) Humongous regions: 0->0
[2025-08-01T02:36:21.287+0000] GC(938) Metaspace: 9706K(12544K)->9706K(12544K) NonClass: 8540K(11008K)->8540K(11008K) Class: 1166K(1536K)->1166K(1536K)
[2025-08-01T02:36:21.288+0000] GC(938) Pause Full (G1 Evacuation Pause) 4093M->587M(4096M) 176.141ms
[2025-08-01T02:36:21.288+0000] GC(938) User=1.30s Sys=0.00s Real=0.18s
[2025-08-01T02:36:21.288+0000] GC(935) Concurrent Mark From Roots 261.447ms
[2025-08-01T02:36:21.288+0000] GC(935) Concurrent Mark Abort
[2025-08-01T02:36:21.288+0000] GC(935) Concurrent Cycle 265.442ms
[2025-08-01T02:36:21.541+0000] GC(939) Pause Young (Normal) (G1 Evacuation Pause)
[2025-08-01T02:36:21.541+0000] GC(939) Using 8 workers of 8 for evacuation
[2025-08-01T02:36:21.666+0000] GC(939)   Pre Evacuate Collection Set: 0.1ms
[2025-08-01T02:36:21.666+0000] GC(939)   Evacuate Collection Set: 122.7ms
[2025-08-01T02:36:21.666+0000] GC(939)   Post Evacuate Collection Set: 1.4ms
[2025-08-01T02:36:21.666+0000] GC(939)   Other: 0.4ms
[2025-08-01T02:36:21.666+0000] GC(939) Eden regions: 518->0(372)
[2025-08-01T02:36:21.666+0000] GC(939) Survivor regions: 0->65(65)
[2025-08-01T02:36:21.666+0000] GC(939) Old regions: 299->695
[2025-08-01T02:36:21.666+0000] GC(939) Humongous regions: 0->0
[2025-08-01T02:36:21.666+0000] GC(939) Metaspace: 9706K(12544K)->9706K(12544K) NonClass: 8540K(11008K)->8540K(11008K) Class: 1166K(1536K)->1166K(1536K)
[2025-08-01T02:36:21.666+0000] GC(939) Pause Young (Normal) (G1 Evacuation Pause) 1623M->1508M(4096M) 124.670ms
[2025-08-01T02:36:21.666+0000] GC(939) User=0.97s Sys=0.00s Real=0.13s
[2025-08-01T02:36:21.828+0000] GC(940) Pause Young (Concurrent Start) (G1 Evacuation Pause)
[2025-08-01T02:36:21.828+0000] GC(940) Using 8 workers of 8 for evacuation
[2025-08-01T02:36:21.893+0000] GC(940)   Pre Evacuate Collection Set: 0.1ms
[2025-08-01T02:36:21.893+0000] GC(940)   Evacuate Collection Set: 62.8ms
[2025-08-01T02:36:21.893+0000] GC(940)   Post Evacuate Collection Set: 0.9ms
[2025-08-01T02:36:21.893+0000] GC(940)   Other: 0.5ms
[2025-08-01T02:36:21.893+0000] GC(940) Eden regions: 372->0(335)
[2025-08-01T02:36:21.893+0000] GC(940) Survivor regions: 65->55(55)
[2025-08-01T02:36:21.893+0000] GC(940) Old regions: 695->845
[2025-08-01T02:36:21.893+0000] GC(940) Humongous regions: 0->0
[2025-08-01T02:36:21.893+0000] GC(940) Metaspace: 9706K(12544K)->9706K(12544K) NonClass: 8540K(11008K)->8540K(11008K) Class: 1166K(1536K)->1166K(1536K)
[2025-08-01T02:36:21.893+0000] GC(940) Pause Young (Concurrent Start) (G1 Evacuation Pause) 2252M->1789M(4096M) 64.505ms
[2025-08-01T02:36:21.893+0000] GC(940) User=0.49s Sys=0.00s Real=0.06s
[2025-08-01T02:36:21.893+0000] GC(941) Concurrent Cycle
[2025-08-01T02:36:21.893+0000] GC(941) Concurrent Clear Claimed Marks
[2025-08-01T02:36:21.893+0000] GC(941) Concurrent Clear Claimed Marks 0.076ms
[2025-08-01T02:36:21.893+0000] GC(941) Concurrent Scan Root Regions
[2025-08-01T02:36:21.907+0000] GC(941) Concurrent Scan Root Regions 13.392ms
[2025-08-01T02:36:21.907+0000] GC(941) Concurrent Mark (120.902s)
[2025-08-01T02:36:21.907+0000] GC(941) Concurrent Mark From Roots
[2025-08-01T02:36:21.907+0000] GC(941) Using 2 workers of 2 for marking
[2025-08-01T02:36:21.991+0000] GC(941) Concurrent Mark From Roots 84.260ms
[2025-08-01T02:36:21.991+0000] GC(941) Concurrent Preclean
[2025-08-01T02:36:21.991+0000] GC(941) Concurrent Preclean 0.325ms
[2025-08-01T02:36:21.991+0000] GC(941) Concurrent Mark (120.902s, 120.987s) 84.683ms
[2025-08-01T02:36:21.992+0000] GC(941) Pause Remark
[2025-08-01T02:36:21.993+0000] GC(941) Cleaned string and symbol table, strings: 2833 processed, 0 removed, symbols: 23489 processed, 0 removed
[2025-08-01T02:36:21.994+0000] GC(941) Pause Remark 2343M->1541M(4096M) 2.852ms
[2025-08-01T02:36:21.994+0000] GC(941) User=0.01s Sys=0.00s Real=0.01s
[2025-08-01T02:36:21.995+0000] GC(941) Concurrent Rebuild Remembered Sets
[2025-08-01T02:36:22.045+0000] GC(942) Pause Young (Normal) (G1 Evacuation Pause)
[2025-08-01T02:36:22.045+0000] GC(942) Using 8 workers of 8 for evacuation
[2025-08-01T02:36:22.152+0000] GC(942)   Pre Evacuate Collection Set: 0.1ms
[2025-08-01T02:36:22.153+0000] GC(942)   Evacuate Collection Set: 106.1ms
[2025-08-01T02:36:22.153+0000] GC(942)   Post Evacuate Collection Set: 1.1ms
[2025-08-01T02:36:22.153+0000] GC(942)   Other: 0.4ms
[2025-08-01T02:36:22.153+0000] GC(942) Eden regions: 335->0(387)
[2025-08-01T02:36:22.153+0000] GC(942) Survivor regions: 55->49(49)
[2025-08-01T02:36:22.153+0000] GC(942) Old regions: 440->703
[2025-08-01T02:36:22.153+0000] GC(942) Humongous regions: 0->0
[2025-08-01T02:36:22.153+0000] GC(942) Metaspace: 9706K(12544K)->9706K(12544K) NonClass: 8540K(11008K)->8540K(11008K) Class: 1166K(1536K)->1166K(1536K)
[2025-08-01T02:36:22.153+0000] GC(942) Pause Young (Normal) (G1 Evacuation Pause) 1657M->1500M(4096M) 107.800ms
[2025-08-01T02:36:22.153+0000] GC(942) User=0.81s Sys=0.03s Real=0.10s
[2025-08-01T02:36:22.185+0000] GC(941) Concurrent Rebuild Remembered Sets 190.840ms
[2025-08-01T02:36:22.186+0000] GC(941) Pause Cleanup
[2025-08-01T02:36:22.187+0000] GC(941) Pause Cleanup 1745M->1745M(4096M) 0.754ms
[2025-08-01T02:36:22.187+0000] GC(941) User=0.00s Sys=0.00s Real=0.00s
[2025-08-01T02:36:22.187+0000] GC(941) Concurrent Cleanup for Next Mark
[2025-08-01T02:36:22.195+0000] GC(941) Concurrent Cleanup for Next Mark 8.083ms
[2025-08-01T02:36:22.195+0000] GC(941) Concurrent Cycle 302.206ms
[2025-08-01T02:36:22.321+0000] GC(943) Pause Young (Prepare Mixed) (G1 Evacuation Pause)
[2025-08-01T02:36:22.321+0000] GC(943) Using 8 workers of 8 for evacuation
[2025-08-01T02:36:22.470+0000] GC(943)   Pre Evacuate Collection Set: 0.1ms
[2025-08-01T02:36:22.471+0000] GC(943)   Evacuate Collection Set: 146.0ms
[2025-08-01T02:36:22.471+0000] GC(943)   Post Evacuate Collection Set: 3.2ms
[2025-08-01T02:36:22.471+0000] GC(943)   Other: 0.3ms
[2025-08-01T02:36:22.471+0000] GC(943) Eden regions: 387->0(47)
[2025-08-01T02:36:22.471+0000] GC(943) Survivor regions: 49->55(55)
[2025-08-01T02:36:22.471+0000] GC(943) Old regions: 703->985
[2025-08-01T02:36:22.471+0000] GC(943) Humongous regions: 0->0
[2025-08-01T02:36:22.471+0000] GC(943) Metaspace: 9706K(12544K)->9706K(12544K) NonClass: 8540K(11008K)->8540K(11008K) Class: 1166K(1536K)->1166K(1536K)
[2025-08-01T02:36:22.471+0000] GC(943) Pause Young (Prepare Mixed) (G1 Evacuation Pause) 2274M->2076M(4096M) 149.760ms
[2025-08-01T02:36:22.471+0000] GC(943) User=1.12s Sys=0.03s Real=0.15s
[2025-08-01T02:36:22.479+0000] GC(944) Pause Young (Mixed) (G1 Evacuation Pause)
[2025-08-01T02:36:22.479+0000] GC(944) Using 8 workers of 8 for evacuation
[2025-08-01T02:36:22.517+0000] GC(944)   Pre Evacuate Collection Set: 0.2ms
[2025-08-01T02:36:22.517+0000] GC(944)   Evacuate Collection Set: 35.7ms
[2025-08-01T02:36:22.517+0000] GC(944)   Post Evacuate Collection Set: 1.0ms
[2025-08-01T02:36:22.517+0000] GC(944)   Other: 0.4ms
[2025-08-01T02:36:22.517+0000] GC(944) Eden regions: 47->0(300)
[2025-08-01T02:36:22.517+0000] GC(944) Survivor regions: 55->13(13)
[2025-08-01T02:36:22.517+0000] GC(944) Old regions: 985->953
[2025-08-01T02:36:22.517+0000] GC(944) Humongous regions: 0->0
[2025-08-01T02:36:22.517+0000] GC(944) Metaspace: 9706K(12544K)->9706K(12544K) NonClass: 8540K(11008K)->8540K(11008K) Class: 1166K(1536K)->1166K(1536K)
[2025-08-01T02:36:22.517+0000] GC(944) Pause Young (Mixed) (G1 Evacuation Pause) 2170M->1928M(4096M) 37.515ms
[2025-08-01T02:36:22.517+0000] GC(944) User=0.28s Sys=0.01s Real=0.04s
[2025-08-01T02:36:22.669+0000] GC(945) Pause Young (Concurrent Start) (G1 Evacuation Pause)
[2025-08-01T02:36:22.669+0000] GC(945) Using 8 workers of 8 for evacuation
[2025-08-01T02:36:22.828+0000] GC(945)   Pre Evacuate Collection Set: 0.1ms
[2025-08-01T02:36:22.829+0000] GC(945)   Evacuate Collection Set: 158.2ms
[2025-08-01T02:36:22.829+0000] GC(945)   Post Evacuate Collection Set: 0.8ms
[2025-08-01T02:36:22.829+0000] GC(945)   Other: 0.6ms
[2025-08-01T02:36:22.829+0000] GC(945) Eden regions: 300->0(193)
[2025-08-01T02:36:22.829+0000] GC(945) Survivor regions: 13->40(40)
[2025-08-01T02:36:22.829+0000] GC(945) Old regions: 953->1202
[2025-08-01T02:36:22.829+0000] GC(945) Humongous regions: 0->0
[2025-08-01T02:36:22.829+0000] GC(945) Metaspace: 9706K(12544K)->9706K(12544K) NonClass: 8540K(11008K)->8540K(11008K) Class: 1166K(1536K)->1166K(1536K)
[2025-08-01T02:36:22.829+0000] GC(945) Pause Young (Concurrent Start) (G1 Evacuation Pause) 2528M->2480M(4096M) 159.631ms
[2025-08-01T02:36:22.829+0000] GC(945) User=1.21s Sys=0.04s Real=0.16s
[2025-08-01T02:36:22.829+0000] GC(946) Concurrent Cycle
[2025-08-01T02:36:22.829+0000] GC(946) Concurrent Clear Claimed Marks
[2025-08-01T02:36:22.829+0000] GC(946) Concurrent Clear Claimed Marks 0.072ms
[2025-08-01T02:36:22.829+0000] GC(946) Concurrent Scan Root Regions
[2025-08-01T02:36:22.840+0000] GC(946) Concurrent Scan Root Regions 10.382ms
[2025-08-01T02:36:22.840+0000] GC(946) Concurrent Mark (121.835s)
[2025-08-01T02:36:22.840+0000] GC(946) Concurrent Mark From Roots
[2025-08-01T02:36:22.840+0000] GC(946) Using 2 workers of 2 for marking
[2025-08-01T02:36:22.911+0000] GC(947) Pause Young (Normal) (G1 Evacuation Pause)
[2025-08-01T02:36:22.911+0000] GC(947) Using 8 workers of 8 for evacuation
[2025-08-01T02:36:22.990+0000] GC(947)   Pre Evacuate Collection Set: 0.1ms
[2025-08-01T02:36:22.990+0000] GC(947)   Evacuate Collection Set: 77.9ms
[2025-08-01T02:36:22.990+0000] GC(947)   Post Evacuate Collection Set: 1.0ms
[2025-08-01T02:36:22.990+0000] GC(947)   Other: 0.3ms
[2025-08-01T02:36:22.991+0000] GC(947) Eden regions: 193->0(142)
[2025-08-01T02:36:22.991+0000] GC(947) Survivor regions: 40->30(30)
[2025-08-01T02:36:22.991+0000] GC(947) Old regions: 1202->1370
[2025-08-01T02:36:22.991+0000] GC(947) Humongous regions: 0->0
[2025-08-01T02:36:22.991+0000] GC(947) Metaspace: 9706K(12544K)->9706K(12544K) NonClass: 8540K(11008K)->8540K(11008K) Class: 1166K(1536K)->1166K(1536K)
[2025-08-01T02:36:22.991+0000] GC(947) Pause Young (Normal) (G1 Evacuation Pause) 2866M->2796M(4096M) 79.347ms
[2025-08-01T02:36:22.991+0000] GC(947) User=0.54s Sys=0.05s Real=0.08s
[2025-08-01T02:36:23.062+0000] GC(948) Pause Young (Normal) (G1 Evacuation Pause)
[2025-08-01T02:36:23.062+0000] GC(948) Using 8 workers of 8 for evacuation
[2025-08-01T02:36:23.121+0000] GC(948)   Pre Evacuate Collection Set: 0.1ms
[2025-08-01T02:36:23.121+0000] GC(948)   Evacuate Collection Set: 58.2ms
[2025-08-01T02:36:23.121+0000] GC(948)   Post Evacuate Collection Set: 0.6ms
[2025-08-01T02:36:23.121+0000] GC(948)   Other: 0.6ms
[2025-08-01T02:36:23.121+0000] GC(948) Eden regions: 142->0(94)
[2025-08-01T02:36:23.121+0000] GC(948) Survivor regions: 30->22(22)
[2025-08-01T02:36:23.121+0000] GC(948) Old regions: 1370->1521
[2025-08-01T02:36:23.121+0000] GC(948) Humongous regions: 0->0
[2025-08-01T02:36:23.121+0000] GC(948) Metaspace: 9706K(12544K)->9706K(12544K) NonClass: 8540K(11008K)->8540K(11008K) Class: 1166K(1536K)->1166K(1536K)
[2025-08-01T02:36:23.121+0000] GC(948) Pause Young (Normal) (G1 Evacuation Pause) 3080M->3083M(4096M) 59.626ms
[2025-08-01T02:36:23.121+0000] GC(948) User=0.45s Sys=0.01s Real=0.06s
[2025-08-01T02:36:23.138+0000] GC(949) Pause Young (Normal) (G1 Evacuation Pause)
[2025-08-01T02:36:23.138+0000] GC(949) Using 8 workers of 8 for evacuation
[2025-08-01T02:36:23.178+0000] GC(949)   Pre Evacuate Collection Set: 0.1ms
[2025-08-01T02:36:23.178+0000] GC(949)   Evacuate Collection Set: 39.1ms
[2025-08-01T02:36:23.178+0000] GC(949)   Post Evacuate Collection Set: 0.5ms
[2025-08-01T02:36:23.178+0000] GC(949)   Other: 0.3ms
[2025-08-01T02:36:23.178+0000] GC(949) Eden regions: 94->0(87)
[2025-08-01T02:36:23.178+0000] GC(949) Survivor regions: 22->15(15)
[2025-08-01T02:36:23.178+0000] GC(949) Old regions: 1521->1624
[2025-08-01T02:36:23.178+0000] GC(949) Humongous regions: 0->0
[2025-08-01T02:36:23.178+0000] GC(949) Metaspace: 9706K(12544K)->9706K(12544K) NonClass: 8540K(11008K)->8540K(11008K) Class: 1166K(1536K)->1166K(1536K)
[2025-08-01T02:36:23.178+0000] GC(949) Pause Young (Normal) (G1 Evacuation Pause) 3271M->3274M(4096M) 40.089ms
[2025-08-01T02:36:23.178+0000] GC(949) User=0.31s Sys=0.00s Real=0.04s
[2025-08-01T02:36:23.186+0000] GC(946) Concurrent Mark From Roots 345.954ms
[2025-08-01T02:36:23.186+0000] GC(946) Concurrent Preclean
[2025-08-01T02:36:23.186+0000] GC(946) Concurrent Preclean 0.467ms
[2025-08-01T02:36:23.186+0000] GC(946) Concurrent Mark (121.835s, 122.182s) 346.561ms
[2025-08-01T02:36:23.187+0000] GC(946) Pause Remark
[2025-08-01T02:36:23.190+0000] GC(946) Cleaned string and symbol table, strings: 2833 processed, 0 removed, symbols: 23489 processed, 0 removed
[2025-08-01T02:36:23.191+0000] GC(946) Pause Remark 3360M->2132M(4096M) 4.234ms
[2025-08-01T02:36:23.191+0000] GC(946) User=0.01s Sys=0.00s Real=0.00s
[2025-08-01T02:36:23.191+0000] GC(946) Concurrent Rebuild Remembered Sets
[2025-08-01T02:36:23.207+0000] GC(950) Pause Young (Normal) (G1 Evacuation Pause)
[2025-08-01T02:36:23.207+0000] GC(950) Using 8 workers of 8 for evacuation
[2025-08-01T02:36:23.239+0000] GC(950)   Pre Evacuate Collection Set: 0.1ms
[2025-08-01T02:36:23.239+0000] GC(950)   Evacuate Collection Set: 30.7ms
[2025-08-01T02:36:23.239+0000] GC(950)   Post Evacuate Collection Set: 0.6ms
[2025-08-01T02:36:23.239+0000] GC(950)   Other: 0.3ms
[2025-08-01T02:36:23.239+0000] GC(950) Eden regions: 87->0(243)
[2025-08-01T02:36:23.239+0000] GC(950) Survivor regions: 15->13(13)
[2025-08-01T02:36:23.239+0000] GC(950) Old regions: 1010->1082
[2025-08-01T02:36:23.239+0000] GC(950) Humongous regions: 0->0
[2025-08-01T02:36:23.239+0000] GC(950) Metaspace: 9706K(12544K)->9706K(12544K) NonClass: 8540K(11008K)->8540K(11008K) Class: 1166K(1536K)->1166K(1536K)
[2025-08-01T02:36:23.239+0000] GC(950) Pause Young (Normal) (G1 Evacuation Pause) 2220M->2186M(4096M) 31.887ms
[2025-08-01T02:36:23.239+0000] GC(950) User=0.25s Sys=0.00s Real=0.03s
[2025-08-01T02:36:23.328+0000] GC(951) Pause Young (Normal) (G1 Evacuation Pause)
[2025-08-01T02:36:23.328+0000] GC(951) Using 8 workers of 8 for evacuation
[2025-08-01T02:36:23.405+0000] GC(951)   Pre Evacuate Collection Set: 0.1ms
[2025-08-01T02:36:23.405+0000] GC(951)   Evacuate Collection Set: 75.2ms
[2025-08-01T02:36:23.405+0000] GC(951)   Post Evacuate Collection Set: 1.0ms
[2025-08-01T02:36:23.405+0000] GC(951)   Other: 0.3ms
[2025-08-01T02:36:23.405+0000] GC(951) Eden regions: 243->0(182)
[2025-08-01T02:36:23.405+0000] GC(951) Survivor regions: 13->32(32)
[2025-08-01T02:36:23.405+0000] GC(951) Old regions: 1082->1250
[2025-08-01T02:36:23.405+0000] GC(951) Humongous regions: 0->0
[2025-08-01T02:36:23.405+0000] GC(951) Metaspace: 9706K(12544K)->9706K(12544K) NonClass: 8540K(11008K)->8540K(11008K) Class: 1166K(1536K)->1166K(1536K)
[2025-08-01T02:36:23.405+0000] GC(951) Pause Young (Normal) (G1 Evacuation Pause) 2672M->2560M(4096M) 76.727ms
[2025-08-01T02:36:23.405+0000] GC(951) User=0.57s Sys=0.01s Real=0.08s
[2025-08-01T02:36:23.485+0000] GC(952) Pause Young (Normal) (G1 Evacuation Pause)
[2025-08-01T02:36:23.485+0000] GC(952) Using 8 workers of 8 for evacuation
[2025-08-01T02:36:23.578+0000] GC(952)   Pre Evacuate Collection Set: 0.1ms
[2025-08-01T02:36:23.578+0000] GC(952)   Evacuate Collection Set: 91.9ms
[2025-08-01T02:36:23.578+0000] GC(952)   Post Evacuate Collection Set: 0.9ms
[2025-08-01T02:36:23.578+0000] GC(952)   Other: 0.3ms
[2025-08-01T02:36:23.578+0000] GC(952) Eden regions: 182->0(118)
[2025-08-01T02:36:23.578+0000] GC(952) Survivor regions: 32->27(27)
[2025-08-01T02:36:23.578+0000] GC(952) Old regions: 1250->1439
[2025-08-01T02:36:23.578+0000] GC(952) Humongous regions: 0->0
[2025-08-01T02:36:23.578+0000] GC(952) Metaspace: 9706K(12544K)->9706K(12544K) NonClass: 8540K(11008K)->8540K(11008K) Class: 1166K(1536K)->1166K(1536K)
[2025-08-01T02:36:23.578+0000] GC(952) Pause Young (Normal) (G1 Evacuation Pause) 2924M->2928M(4096M) 93.342ms
[2025-08-01T02:36:23.578+0000] GC(952) User=0.70s Sys=0.03s Real=0.09s
[2025-08-01T02:36:23.601+0000] GC(953) Pause Young (Normal) (G1 Evacuation Pause)
[2025-08-01T02:36:23.601+0000] GC(953) Using 8 workers of 8 for evacuation
[2025-08-01T02:36:23.638+0000] GC(953)   Pre Evacuate Collection Set: 0.1ms
[2025-08-01T02:36:23.638+0000] GC(953)   Evacuate Collection Set: 36.1ms
[2025-08-01T02:36:23.638+0000] GC(953)   Post Evacuate Collection Set: 0.6ms
[2025-08-01T02:36:23.638+0000] GC(953)   Other: 0.3ms
[2025-08-01T02:36:23.638+0000] GC(953) Eden regions: 118->0(94)
[2025-08-01T02:36:23.638+0000] GC(953) Survivor regions: 27->19(19)
[2025-08-01T02:36:23.638+0000] GC(953) Old regions: 1439->1529
[2025-08-01T02:36:23.638+0000] GC(953) Humongous regions: 0->0
[2025-08-01T02:36:23.639+0000] GC(953) Metaspace: 9706K(12544K)->9706K(12544K) NonClass: 8540K(11008K)->8540K(11008K) Class: 1166K(1536K)->1166K(1536K)
[2025-08-01T02:36:23.639+0000] GC(953) Pause Young (Normal) (G1 Evacuation Pause) 3164M->3093M(4096M) 37.172ms
[2025-08-01T02:36:23.639+0000] GC(953) User=0.28s Sys=0.00s Real=0.04s
[2025-08-01T02:36:23.666+0000] GC(954) Pause Young (Normal) (G1 Evacuation Pause)
[2025-08-01T02:36:23.666+0000] GC(954) Using 8 workers of 8 for evacuation
[2025-08-01T02:36:23.703+0000] GC(954)   Pre Evacuate Collection Set: 0.1ms
[2025-08-01T02:36:23.703+0000] GC(954)   Evacuate Collection Set: 35.9ms
[2025-08-01T02:36:23.703+0000] GC(954)   Post Evacuate Collection Set: 0.9ms
[2025-08-01T02:36:23.703+0000] GC(954)   Other: 0.3ms
[2025-08-01T02:36:23.703+0000] GC(954) Eden regions: 94->0(87)
[2025-08-01T02:36:23.703+0000] GC(954) Survivor regions: 19->15(15)
[2025-08-01T02:36:23.703+0000] GC(954) Old regions: 1529->1629
[2025-08-01T02:36:23.703+0000] GC(954) Humongous regions: 0->0
[2025-08-01T02:36:23.703+0000] GC(954) Metaspace: 9706K(12544K)->9706K(12544K) NonClass: 8540K(11008K)->8540K(11008K) Class: 1166K(1536K)->1166K(1536K)
[2025-08-01T02:36:23.704+0000] GC(954) Pause Young (Normal) (G1 Evacuation Pause) 3281M->3285M(4096M) 37.358ms
[2025-08-01T02:36:23.704+0000] GC(954) User=0.28s Sys=0.00s Real=0.04s
[2025-08-01T02:36:23.726+0000] GC(955) Pause Young (Normal) (G1 Evacuation Pause)
[2025-08-01T02:36:23.726+0000] GC(955) Using 8 workers of 8 for evacuation
[2025-08-01T02:36:23.759+0000] GC(955)   Pre Evacuate Collection Set: 0.2ms
[2025-08-01T02:36:23.759+0000] GC(955)   Evacuate Collection Set: 32.6ms
[2025-08-01T02:36:23.759+0000] GC(955)   Post Evacuate Collection Set: 0.6ms
[2025-08-01T02:36:23.759+0000] GC(955)   Other: 0.3ms
[2025-08-01T02:36:23.759+0000] GC(955) Eden regions: 87->0(89)
[2025-08-01T02:36:23.759+0000] GC(955) Survivor regions: 15->13(13)
[2025-08-01T02:36:23.759+0000] GC(955) Old regions: 1629->1719
[2025-08-01T02:36:23.759+0000] GC(955) Humongous regions: 0->0
[2025-08-01T02:36:23.759+0000] GC(955) Metaspace: 9706K(12544K)->9706K(12544K) NonClass: 8540K(11008K)->8540K(11008K) Class: 1166K(1536K)->1166K(1536K)
[2025-08-01T02:36:23.759+0000] GC(955) Pause Young (Normal) (G1 Evacuation Pause) 3459M->3461M(4096M) 33.750ms
[2025-08-01T02:36:23.760+0000] GC(955) User=0.25s Sys=0.00s Real=0.03s
[2025-08-01T02:36:23.782+0000] GC(956) Pause Young (Normal) (G1 Evacuation Pause)
[2025-08-01T02:36:23.782+0000] GC(956) Using 8 workers of 8 for evacuation
[2025-08-01T02:36:23.813+0000] GC(956)   Pre Evacuate Collection Set: 0.1ms
[2025-08-01T02:36:23.813+0000] GC(956)   Evacuate Collection Set: 30.3ms
[2025-08-01T02:36:23.813+0000] GC(956)   Post Evacuate Collection Set: 0.7ms
[2025-08-01T02:36:23.813+0000] GC(956)   Other: 0.4ms
[2025-08-01T02:36:23.813+0000] GC(956) Eden regions: 89->0(89)
[2025-08-01T02:36:23.813+0000] GC(956) Survivor regions: 13->13(13)
[2025-08-01T02:36:23.813+0000] GC(956) Old regions: 1719->1810
[2025-08-01T02:36:23.813+0000] GC(956) Humongous regions: 0->0
[2025-08-01T02:36:23.813+0000] GC(956) Metaspace: 9706K(12544K)->9706K(12544K) NonClass: 8540K(11008K)->8540K(11008K) Class: 1166K(1536K)->1166K(1536K)
[2025-08-01T02:36:23.813+0000] GC(956) Pause Young (Normal) (G1 Evacuation Pause) 3639M->3642M(4096M) 31.642ms
[2025-08-01T02:36:23.813+0000] GC(956) User=0.23s Sys=0.00s Real=0.04s
[2025-08-01T02:36:23.829+0000] GC(946) Concurrent Rebuild Remembered Sets 638.038ms
[2025-08-01T02:36:23.830+0000] GC(946) Pause Cleanup
[2025-08-01T02:36:23.831+0000] GC(946) Pause Cleanup 3803M->3803M(4096M) 0.577ms
[2025-08-01T02:36:23.831+0000] GC(946) User=0.00s Sys=0.00s Real=0.00s
[2025-08-01T02:36:23.831+0000] GC(946) Concurrent Cleanup for Next Mark
[2025-08-01T02:36:23.837+0000] GC(957) Pause Young (Prepare Mixed) (G1 Evacuation Pause)
[2025-08-01T02:36:23.837+0000] GC(957) Using 8 workers of 8 for evacuation
[2025-08-01T02:36:23.866+0000] GC(957)   Pre Evacuate Collection Set: 0.2ms
[2025-08-01T02:36:23.866+0000] GC(957)   Evacuate Collection Set: 28.4ms
[2025-08-01T02:36:23.866+0000] GC(957)   Post Evacuate Collection Set: 0.6ms
[2025-08-01T02:36:23.866+0000] GC(957)   Other: 0.4ms
[2025-08-01T02:36:23.866+0000] GC(957) Eden regions: 89->0(89)
[2025-08-01T02:36:23.866+0000] GC(957) Survivor regions: 13->13(13)
[2025-08-01T02:36:23.866+0000] GC(957) Old regions: 1810->1884
[2025-08-01T02:36:23.866+0000] GC(957) Humongous regions: 0->0
[2025-08-01T02:36:23.866+0000] GC(957) Metaspace: 9706K(12544K)->9706K(12544K) NonClass: 8540K(11008K)->8540K(11008K) Class: 1166K(1536K)->1166K(1536K)
[2025-08-01T02:36:23.866+0000] GC(957) Pause Young (Prepare Mixed) (G1 Evacuation Pause) 3820M->3791M(4096M) 29.686ms
[2025-08-01T02:36:23.866+0000] GC(957) User=0.22s Sys=0.00s Real=0.03s
[2025-08-01T02:36:23.870+0000] GC(946) Concurrent Cleanup for Next Mark 39.028ms
[2025-08-01T02:36:23.870+0000] GC(946) Concurrent Cycle 1041.358ms
[2025-08-01T02:36:23.889+0000] GC(958) Pause Young (Mixed) (G1 Evacuation Pause)
[2025-08-01T02:36:23.889+0000] GC(958) Using 8 workers of 8 for evacuation
[2025-08-01T02:36:23.921+0000] GC(958) To-space exhausted
[2025-08-01T02:36:23.921+0000] GC(958)   Pre Evacuate Collection Set: 0.1ms
[2025-08-01T02:36:23.921+0000] GC(958)   Evacuate Collection Set: 26.9ms
[2025-08-01T02:36:23.921+0000] GC(958)   Post Evacuate Collection Set: 4.7ms
[2025-08-01T02:36:23.921+0000] GC(958)   Other: 0.4ms
[2025-08-01T02:36:23.921+0000] GC(958) Eden regions: 89->0(89)
[2025-08-01T02:36:23.921+0000] GC(958) Survivor regions: 13->13(13)
[2025-08-01T02:36:23.922+0000] GC(958) Old regions: 1884->1880
[2025-08-01T02:36:23.922+0000] GC(958) Humongous regions: 0->0
[2025-08-01T02:36:23.922+0000] GC(958) Metaspace: 9706K(12544K)->9706K(12544K) NonClass: 8540K(11008K)->8540K(11008K) Class: 1166K(1536K)->1166K(1536K)
[2025-08-01T02:36:23.922+0000] GC(958) Pause Young (Mixed) (G1 Evacuation Pause) 3969M->3783M(4096M) 32.218ms
[2025-08-01T02:36:23.922+0000] GC(958) User=0.22s Sys=0.00s Real=0.03s
[2025-08-01T02:36:23.939+0000] GC(959) Pause Young (Concurrent Start) (G1 Evacuation Pause)
[2025-08-01T02:36:23.939+0000] GC(959) Using 8 workers of 8 for evacuation
[2025-08-01T02:36:23.966+0000] GC(959) To-space exhausted
[2025-08-01T02:36:23.966+0000] GC(959)   Pre Evacuate Collection Set: 0.1ms
[2025-08-01T02:36:23.966+0000] GC(959)   Evacuate Collection Set: 22.0ms
[2025-08-01T02:36:23.966+0000] GC(959)   Post Evacuate Collection Set: 4.2ms
[2025-08-01T02:36:23.966+0000] GC(959)   Other: 0.4ms
[2025-08-01T02:36:23.966+0000] GC(959) Eden regions: 89->0(89)
[2025-08-01T02:36:23.966+0000] GC(959) Survivor regions: 13->13(13)
[2025-08-01T02:36:23.966+0000] GC(959) Old regions: 1880->1969
[2025-08-01T02:36:23.966+0000] GC(959) Humongous regions: 0->0
[2025-08-01T02:36:23.966+0000] GC(959) Metaspace: 9706K(12544K)->9706K(12544K) NonClass: 8540K(11008K)->8540K(11008K) Class: 1166K(1536K)->1166K(1536K)
[2025-08-01T02:36:23.966+0000] GC(959) Pause Young (Concurrent Start) (G1 Evacuation Pause) 3961M->3961M(4096M) 26.799ms
[2025-08-01T02:36:23.966+0000] GC(959) User=0.19s Sys=0.00s Real=0.03s
[2025-08-01T02:36:23.966+0000] GC(960) Concurrent Cycle
[2025-08-01T02:36:23.966+0000] GC(960) Concurrent Clear Claimed Marks
[2025-08-01T02:36:23.966+0000] GC(960) Concurrent Clear Claimed Marks 0.059ms
[2025-08-01T02:36:23.966+0000] GC(960) Concurrent Scan Root Regions
[2025-08-01T02:36:23.968+0000] GC(960) Concurrent Scan Root Regions 1.940ms
[2025-08-01T02:36:23.968+0000] GC(960) Concurrent Mark (122.964s)
[2025-08-01T02:36:23.968+0000] GC(960) Concurrent Mark From Roots
[2025-08-01T02:36:23.968+0000] GC(960) Using 2 workers of 2 for marking
[2025-08-01T02:36:23.994+0000] GC(961) Pause Young (Normal) (G1 Evacuation Pause)
[2025-08-01T02:36:23.994+0000] GC(961) Using 8 workers of 8 for evacuation
[2025-08-01T02:36:24.022+0000] GC(961) To-space exhausted
[2025-08-01T02:36:24.022+0000] GC(961)   Pre Evacuate Collection Set: 0.1ms
[2025-08-01T02:36:24.022+0000] GC(961)   Evacuate Collection Set: 19.6ms
[2025-08-01T02:36:24.022+0000] GC(961)   Post Evacuate Collection Set: 7.5ms
[2025-08-01T02:36:24.022+0000] GC(961)   Other: 0.3ms
[2025-08-01T02:36:24.022+0000] GC(961) Eden regions: 66->0(102)
[2025-08-01T02:36:24.022+0000] GC(961) Survivor regions: 13->0(13)
[2025-08-01T02:36:24.022+0000] GC(961) Old regions: 1969->2048
[2025-08-01T02:36:24.022+0000] GC(961) Humongous regions: 0->0
[2025-08-01T02:36:24.022+0000] GC(961) Metaspace: 9706K(12544K)->9706K(12544K) NonClass: 8540K(11008K)->8540K(11008K) Class: 1166K(1536K)->1166K(1536K)
[2025-08-01T02:36:24.022+0000] GC(961) Pause Young (Normal) (G1 Evacuation Pause) 4093M->4093M(4096M) 27.786ms
[2025-08-01T02:36:24.022+0000] GC(961) User=0.19s Sys=0.00s Real=0.02s
[2025-08-01T02:36:24.022+0000] GC(962) Using 8 workers of 8 for full compaction
[2025-08-01T02:36:24.022+0000] GC(962) Pause Full (G1 Evacuation Pause)
[2025-08-01T02:36:24.027+0000] GC(962) Phase 1: Mark live objects
[2025-08-01T02:36:24.052+0000] GC(962) Cleaned string and symbol table, strings: 2833 processed, 0 removed, symbols: 23489 processed, 0 removed
[2025-08-01T02:36:24.052+0000] GC(962) Phase 1: Mark live objects 24.659ms
[2025-08-01T02:36:24.052+0000] GC(962) Phase 2: Prepare for compaction
[2025-08-01T02:36:24.083+0000] GC(962) Phase 2: Prepare for compaction 31.082ms
[2025-08-01T02:36:24.083+0000] GC(962) Phase 3: Adjust pointers
[2025-08-01T02:36:24.110+0000] GC(962) Phase 3: Adjust pointers 26.455ms
[2025-08-01T02:36:24.110+0000] GC(962) Phase 4: Compact heap
[2025-08-01T02:36:24.198+0000] GC(962) Phase 4: Compact heap 88.575ms
[2025-08-01T02:36:24.201+0000] GC(962) Eden regions: 0->0(514)
[2025-08-01T02:36:24.201+0000] GC(962) Survivor regions: 0->0(13)
[2025-08-01T02:36:24.201+0000] GC(962) Old regions: 2048->298
[2025-08-01T02:36:24.201+0000] GC(962) Humongous regions: 0->0
[2025-08-01T02:36:24.201+0000] GC(962) Metaspace: 9706K(12544K)->9706K(12544K) NonClass: 8540K(11008K)->8540K(11008K) Class: 1166K(1536K)->1166K(1536K)
[2025-08-01T02:36:24.201+0000] GC(962) Pause Full (G1 Evacuation Pause) 4093M->584M(4096M) 179.054ms
[2025-08-01T02:36:24.201+0000] GC(962) User=1.31s Sys=0.01s Real=0.18s
[2025-08-01T02:36:24.201+0000] GC(960) Concurrent Mark From Roots 232.998ms
[2025-08-01T02:36:24.202+0000] GC(960) Concurrent Mark Abort
[2025-08-01T02:36:24.202+0000] GC(960) Concurrent Cycle 235.206ms
[2025-08-01T02:36:24.412+0000] GC(963) Pause Young (Normal) (G1 Evacuation Pause)
[2025-08-01T02:36:24.412+0000] GC(963) Using 8 workers of 8 for evacuation
[2025-08-01T02:36:24.558+0000] GC(963)   Pre Evacuate Collection Set: 0.1ms
[2025-08-01T02:36:24.559+0000] GC(963)   Evacuate Collection Set: 144.8ms
[2025-08-01T02:36:24.559+0000] GC(963)   Post Evacuate Collection Set: 1.0ms
[2025-08-01T02:36:24.559+0000] GC(963)   Other: 0.4ms
[2025-08-01T02:36:24.559+0000] GC(963) Eden regions: 514->0(367)
[2025-08-01T02:36:24.559+0000] GC(963) Survivor regions: 0->65(65)
[2025-08-01T02:36:24.559+0000] GC(963) Old regions: 298->668
[2025-08-01T02:36:24.559+0000] GC(963) Humongous regions: 0->0
[2025-08-01T02:36:24.559+0000] GC(963) Metaspace: 9706K(12544K)->9706K(12544K) NonClass: 8540K(11008K)->8540K(11008K) Class: 1166K(1536K)->1166K(1536K)
[2025-08-01T02:36:24.559+0000] GC(963) Pause Young (Normal) (G1 Evacuation Pause) 1612M->1453M(4096M) 146.508ms
[2025-08-01T02:36:24.559+0000] GC(963) User=1.14s Sys=0.01s Real=0.15s
[2025-08-01T02:36:24.705+0000] GC(964) Pause Young (Concurrent Start) (G1 Evacuation Pause)
[2025-08-01T02:36:24.705+0000] GC(964) Using 8 workers of 8 for evacuation
[2025-08-01T02:36:24.771+0000] GC(964)   Pre Evacuate Collection Set: 0.1ms
[2025-08-01T02:36:24.771+0000] GC(964)   Evacuate Collection Set: 64.0ms
[2025-08-01T02:36:24.771+0000] GC(964)   Post Evacuate Collection Set: 1.4ms
[2025-08-01T02:36:24.771+0000] GC(964)   Other: 0.4ms
[2025-08-01T02:36:24.771+0000] GC(964) Eden regions: 367->0(328)
[2025-08-01T02:36:24.771+0000] GC(964) Survivor regions: 65->54(54)
[2025-08-01T02:36:24.771+0000] GC(964) Old regions: 668->834
[2025-08-01T02:36:24.771+0000] GC(964) Humongous regions: 0->0
[2025-08-01T02:36:24.771+0000] GC(964) Metaspace: 9706K(12544K)->9706K(12544K) NonClass: 8540K(11008K)->8540K(11008K) Class: 1166K(1536K)->1166K(1536K)
[2025-08-01T02:36:24.771+0000] GC(964) Pause Young (Concurrent Start) (G1 Evacuation Pause) 2187M->1763M(4096M) 66.144ms
[2025-08-01T02:36:24.772+0000] GC(964) User=0.51s Sys=0.00s Real=0.06s
[2025-08-01T02:36:24.772+0000] GC(965) Concurrent Cycle
[2025-08-01T02:36:24.772+0000] GC(965) Concurrent Clear Claimed Marks
[2025-08-01T02:36:24.772+0000] GC(965) Concurrent Clear Claimed Marks 0.062ms
[2025-08-01T02:36:24.772+0000] GC(965) Concurrent Scan Root Regions
[2025-08-01T02:36:24.786+0000] GC(965) Concurrent Scan Root Regions 14.285ms
[2025-08-01T02:36:24.786+0000] GC(965) Concurrent Mark (123.782s)
[2025-08-01T02:36:24.786+0000] GC(965) Concurrent Mark From Roots
[2025-08-01T02:36:24.786+0000] GC(965) Using 2 workers of 2 for marking
[2025-08-01T02:36:24.865+0000] GC(965) Concurrent Mark From Roots 79.071ms
[2025-08-01T02:36:24.865+0000] GC(965) Concurrent Preclean
[2025-08-01T02:36:24.866+0000] GC(965) Concurrent Preclean 0.386ms
[2025-08-01T02:36:24.866+0000] GC(965) Concurrent Mark (123.782s, 123.861s) 79.582ms
[2025-08-01T02:36:24.866+0000] GC(965) Pause Remark
[2025-08-01T02:36:24.869+0000] GC(965) Cleaned string and symbol table, strings: 2833 processed, 0 removed, symbols: 23489 processed, 0 removed
[2025-08-01T02:36:24.870+0000] GC(965) Pause Remark 2299M->1284M(4096M) 3.913ms
[2025-08-01T02:36:24.870+0000] GC(965) User=0.01s Sys=0.01s Real=0.00s
[2025-08-01T02:36:24.870+0000] GC(965) Concurrent Rebuild Remembered Sets
[2025-08-01T02:36:24.882+0000] GC(966) Pause Young (Normal) (G1 Evacuation Pause)
[2025-08-01T02:36:24.882+0000] GC(966) Using 8 workers of 8 for evacuation
[2025-08-01T02:36:25.007+0000] GC(966)   Pre Evacuate Collection Set: 0.1ms
[2025-08-01T02:36:25.008+0000] GC(966)   Evacuate Collection Set: 123.4ms
[2025-08-01T02:36:25.008+0000] GC(966)   Post Evacuate Collection Set: 1.4ms
[2025-08-01T02:36:25.008+0000] GC(966)   Other: 0.3ms
[2025-08-01T02:36:25.008+0000] GC(966) Eden regions: 328->0(378)
[2025-08-01T02:36:25.008+0000] GC(966) Survivor regions: 54->48(48)
[2025-08-01T02:36:25.008+0000] GC(966) Old regions: 322->657
[2025-08-01T02:36:25.008+0000] GC(966) Humongous regions: 0->0
[2025-08-01T02:36:25.008+0000] GC(966) Metaspace: 9706K(12544K)->9706K(12544K) NonClass: 8540K(11008K)->8540K(11008K) Class: 1166K(1536K)->1166K(1536K)
[2025-08-01T02:36:25.008+0000] GC(966) Pause Young (Normal) (G1 Evacuation Pause) 1404M->1406M(4096M) 125.355ms
[2025-08-01T02:36:25.008+0000] GC(966) User=0.95s Sys=0.00s Real=0.13s
[2025-08-01T02:36:25.062+0000] GC(965) Concurrent Rebuild Remembered Sets 191.588ms
[2025-08-01T02:36:25.062+0000] GC(965) Pause Cleanup
[2025-08-01T02:36:25.063+0000] GC(965) Pause Cleanup 1542M->1542M(4096M) 0.710ms
[2025-08-01T02:36:25.063+0000] GC(965) User=0.01s Sys=0.00s Real=0.01s
[2025-08-01T02:36:25.063+0000] GC(965) Concurrent Cleanup for Next Mark
[2025-08-01T02:36:25.076+0000] GC(965) Concurrent Cleanup for Next Mark 12.941ms
[2025-08-01T02:36:25.076+0000] GC(965) Concurrent Cycle 304.593ms
[2025-08-01T02:36:25.170+0000] GC(967) Pause Young (Prepare Mixed) (G1 Evacuation Pause)
[2025-08-01T02:36:25.170+0000] GC(967) Using 8 workers of 8 for evacuation
[2025-08-01T02:36:25.304+0000] GC(967)   Pre Evacuate Collection Set: 0.1ms
[2025-08-01T02:36:25.304+0000] GC(967)   Evacuate Collection Set: 132.8ms
[2025-08-01T02:36:25.304+0000] GC(967)   Post Evacuate Collection Set: 1.3ms
[2025-08-01T02:36:25.305+0000] GC(967)   Other: 0.5ms
[2025-08-01T02:36:25.305+0000] GC(967) Eden regions: 378->0(48)
[2025-08-01T02:36:25.305+0000] GC(967) Survivor regions: 48->54(54)
[2025-08-01T02:36:25.305+0000] GC(967) Old regions: 657->914
[2025-08-01T02:36:25.305+0000] GC(967) Humongous regions: 0->0
[2025-08-01T02:36:25.305+0000] GC(967) Metaspace: 9706K(12544K)->9706K(12544K) NonClass: 8540K(11008K)->8540K(11008K) Class: 1166K(1536K)->1166K(1536K)
[2025-08-01T02:36:25.305+0000] GC(967) Pause Young (Prepare Mixed) (G1 Evacuation Pause) 2162M->1933M(4096M) 134.567ms
[2025-08-01T02:36:25.305+0000] GC(967) User=1.01s Sys=0.04s Real=0.14s
[2025-08-01T02:36:25.315+0000] GC(968) Pause Young (Mixed) (G1 Evacuation Pause)
[2025-08-01T02:36:25.315+0000] GC(968) Using 8 workers of 8 for evacuation
[2025-08-01T02:36:25.338+0000] GC(968)   Pre Evacuate Collection Set: 0.1ms
[2025-08-01T02:36:25.338+0000] GC(968)   Evacuate Collection Set: 22.4ms
[2025-08-01T02:36:25.338+0000] GC(968)   Post Evacuate Collection Set: 0.8ms
[2025-08-01T02:36:25.338+0000] GC(968)   Other: 0.4ms
[2025-08-01T02:36:25.338+0000] GC(968) Eden regions: 48->0(278)
[2025-08-01T02:36:25.338+0000] GC(968) Survivor regions: 54->13(13)
[2025-08-01T02:36:25.338+0000] GC(968) Old regions: 914->977
[2025-08-01T02:36:25.338+0000] GC(968) Humongous regions: 0->0
[2025-08-01T02:36:25.338+0000] GC(968) Metaspace: 9706K(12544K)->9706K(12544K) NonClass: 8540K(11008K)->8540K(11008K) Class: 1166K(1536K)->1166K(1536K)
[2025-08-01T02:36:25.338+0000] GC(968) Pause Young (Mixed) (G1 Evacuation Pause) 2029M->1977M(4096M) 23.861ms
[2025-08-01T02:36:25.339+0000] GC(968) User=0.18s Sys=0.00s Real=0.02s
[2025-08-01T02:36:25.452+0000] GC(969) Pause Young (Concurrent Start) (G1 Evacuation Pause)
[2025-08-01T02:36:25.452+0000] GC(969) Using 8 workers of 8 for evacuation
[2025-08-01T02:36:25.610+0000] GC(969)   Pre Evacuate Collection Set: 0.1ms
[2025-08-01T02:36:25.610+0000] GC(969)   Evacuate Collection Set: 156.8ms
[2025-08-01T02:36:25.610+0000] GC(969)   Post Evacuate Collection Set: 0.7ms
[2025-08-01T02:36:25.610+0000] GC(969)   Other: 0.5ms
[2025-08-01T02:36:25.610+0000] GC(969) Eden regions: 278->0(201)
[2025-08-01T02:36:25.610+0000] GC(969) Survivor regions: 13->37(37)
[2025-08-01T02:36:25.610+0000] GC(969) Old regions: 977->1183
[2025-08-01T02:36:25.610+0000] GC(969) Humongous regions: 0->0
[2025-08-01T02:36:25.610+0000] GC(969) Metaspace: 9706K(12544K)->9706K(12544K) NonClass: 8540K(11008K)->8540K(11008K) Class: 1166K(1536K)->1166K(1536K)
[2025-08-01T02:36:25.610+0000] GC(969) Pause Young (Concurrent Start) (G1 Evacuation Pause) 2533M->2436M(4096M) 158.174ms
[2025-08-01T02:36:25.610+0000] GC(969) User=1.18s Sys=0.05s Real=0.16s
[2025-08-01T02:36:25.611+0000] GC(970) Concurrent Cycle
[2025-08-01T02:36:25.611+0000] GC(970) Concurrent Clear Claimed Marks
[2025-08-01T02:36:25.611+0000] GC(970) Concurrent Clear Claimed Marks 0.047ms
[2025-08-01T02:36:25.611+0000] GC(970) Concurrent Scan Root Regions
[2025-08-01T02:36:25.624+0000] GC(970) Concurrent Scan Root Regions 13.873ms
[2025-08-01T02:36:25.625+0000] GC(970) Concurrent Mark (124.620s)
[2025-08-01T02:36:25.625+0000] GC(970) Concurrent Mark From Roots
[2025-08-01T02:36:25.625+0000] GC(970) Using 2 workers of 2 for marking
[2025-08-01T02:36:25.695+0000] GC(971) Pause Young (Normal) (G1 Evacuation Pause)
[2025-08-01T02:36:25.695+0000] GC(971) Using 8 workers of 8 for evacuation
[2025-08-01T02:36:25.756+0000] GC(971)   Pre Evacuate Collection Set: 0.1ms
[2025-08-01T02:36:25.756+0000] GC(971)   Evacuate Collection Set: 59.3ms
[2025-08-01T02:36:25.756+0000] GC(971)   Post Evacuate Collection Set: 1.2ms
[2025-08-01T02:36:25.756+0000] GC(971)   Other: 0.4ms
[2025-08-01T02:36:25.756+0000] GC(971) Eden regions: 201->0(153)
[2025-08-01T02:36:25.756+0000] GC(971) Survivor regions: 37->30(30)
[2025-08-01T02:36:25.756+0000] GC(971) Old regions: 1183->1336
[2025-08-01T02:36:25.756+0000] GC(971) Humongous regions: 0->0
[2025-08-01T02:36:25.756+0000] GC(971) Metaspace: 9706K(12544K)->9706K(12544K) NonClass: 8540K(11008K)->8540K(11008K) Class: 1166K(1536K)->1166K(1536K)
[2025-08-01T02:36:25.756+0000] GC(971) Pause Young (Normal) (G1 Evacuation Pause) 2838M->2728M(4096M) 61.061ms
[2025-08-01T02:36:25.756+0000] GC(971) User=0.48s Sys=0.00s Real=0.06s
[2025-08-01T02:36:25.823+0000] GC(972) Pause Young (Normal) (G1 Evacuation Pause)
[2025-08-01T02:36:25.823+0000] GC(972) Using 8 workers of 8 for evacuation
[2025-08-01T02:36:25.879+0000] GC(972)   Pre Evacuate Collection Set: 0.1ms
[2025-08-01T02:36:25.879+0000] GC(972)   Evacuate Collection Set: 55.3ms
[2025-08-01T02:36:25.879+0000] GC(972)   Post Evacuate Collection Set: 0.5ms
[2025-08-01T02:36:25.879+0000] GC(972)   Other: 0.2ms
[2025-08-01T02:36:25.879+0000] GC(972) Eden regions: 153->0(101)
[2025-08-01T02:36:25.879+0000] GC(972) Survivor regions: 30->23(23)
[2025-08-01T02:36:25.879+0000] GC(972) Old regions: 1336->1497
[2025-08-01T02:36:25.880+0000] GC(972) Humongous regions: 0->0
[2025-08-01T02:36:25.880+0000] GC(972) Metaspace: 9706K(12544K)->9706K(12544K) NonClass: 8540K(11008K)->8540K(11008K) Class: 1166K(1536K)->1166K(1536K)
[2025-08-01T02:36:25.880+0000] GC(972) Pause Young (Normal) (G1 Evacuation Pause) 3034M->3037M(4096M) 56.298ms
[2025-08-01T02:36:25.880+0000] GC(972) User=0.43s Sys=0.01s Real=0.05s
[2025-08-01T02:36:25.895+0000] GC(970) Concurrent Mark From Roots 269.993ms
[2025-08-01T02:36:25.895+0000] GC(970) Concurrent Preclean
[2025-08-01T02:36:25.895+0000] GC(970) Concurrent Preclean 0.225ms
[2025-08-01T02:36:25.895+0000] GC(970) Concurrent Mark (124.620s, 124.890s) 270.315ms
[2025-08-01T02:36:25.895+0000] GC(970) Pause Remark
[2025-08-01T02:36:25.897+0000] GC(970) Cleaned string and symbol table, strings: 2833 processed, 0 removed, symbols: 23489 processed, 0 removed
[2025-08-01T02:36:25.898+0000] GC(970) Pause Remark 3207M->1793M(4096M) 2.547ms
[2025-08-01T02:36:25.898+0000] GC(970) User=0.01s Sys=0.00s Real=0.00s
[2025-08-01T02:36:25.898+0000] GC(970) Concurrent Rebuild Remembered Sets
[2025-08-01T02:36:25.902+0000] GC(973) Pause Young (Normal) (G1 Evacuation Pause)
[2025-08-01T02:36:25.902+0000] GC(973) Using 8 workers of 8 for evacuation
[2025-08-01T02:36:25.939+0000] GC(973)   Pre Evacuate Collection Set: 0.1ms
[2025-08-01T02:36:25.939+0000] GC(973)   Evacuate Collection Set: 36.2ms
[2025-08-01T02:36:25.939+0000] GC(973)   Post Evacuate Collection Set: 0.6ms
[2025-08-01T02:36:25.939+0000] GC(973)   Other: 0.3ms
[2025-08-01T02:36:25.939+0000] GC(973) Eden regions: 101->0(304)
[2025-08-01T02:36:25.939+0000] GC(973) Survivor regions: 23->16(16)
[2025-08-01T02:36:25.939+0000] GC(973) Old regions: 790->900
[2025-08-01T02:36:25.939+0000] GC(973) Humongous regions: 0->0
[2025-08-01T02:36:25.939+0000] GC(973) Metaspace: 9706K(12544K)->9706K(12544K) NonClass: 8540K(11008K)->8540K(11008K) Class: 1166K(1536K)->1166K(1536K)
[2025-08-01T02:36:25.939+0000] GC(973) Pause Young (Normal) (G1 Evacuation Pause) 1825M->1829M(4096M) 37.457ms
[2025-08-01T02:36:25.939+0000] GC(973) User=0.28s Sys=0.00s Real=0.04s
[2025-08-01T02:36:26.068+0000] GC(974) Pause Young (Normal) (G1 Evacuation Pause)
[2025-08-01T02:36:26.068+0000] GC(974) Using 8 workers of 8 for evacuation
[2025-08-01T02:36:26.161+0000] GC(974)   Pre Evacuate Collection Set: 0.1ms
[2025-08-01T02:36:26.161+0000] GC(974)   Evacuate Collection Set: 91.0ms
[2025-08-01T02:36:26.161+0000] GC(974)   Post Evacuate Collection Set: 1.2ms
[2025-08-01T02:36:26.161+0000] GC(974)   Other: 0.3ms
[2025-08-01T02:36:26.161+0000] GC(974) Eden regions: 304->0(268)
[2025-08-01T02:36:26.161+0000] GC(974) Survivor regions: 16->40(40)
[2025-08-01T02:36:26.161+0000] GC(974) Old regions: 900->1023
[2025-08-01T02:36:26.161+0000] GC(974) Humongous regions: 0->0
[2025-08-01T02:36:26.161+0000] GC(974) Metaspace: 9706K(12544K)->9706K(12544K) NonClass: 8540K(11008K)->8540K(11008K) Class: 1166K(1536K)->1166K(1536K)
[2025-08-01T02:36:26.161+0000] GC(974) Pause Young (Normal) (G1 Evacuation Pause) 2437M->2123M(4096M) 92.895ms
[2025-08-01T02:36:26.161+0000] GC(974) User=0.70s Sys=0.03s Real=0.09s
[2025-08-01T02:36:26.269+0000] GC(975) Pause Young (Normal) (G1 Evacuation Pause)
[2025-08-01T02:36:26.270+0000] GC(975) Using 8 workers of 8 for evacuation
[2025-08-01T02:36:26.402+0000] GC(975)   Pre Evacuate Collection Set: 0.1ms
[2025-08-01T02:36:26.402+0000] GC(975)   Evacuate Collection Set: 130.9ms
[2025-08-01T02:36:26.402+0000] GC(975)   Post Evacuate Collection Set: 0.9ms
[2025-08-01T02:36:26.402+0000] GC(975)   Other: 0.3ms
[2025-08-01T02:36:26.402+0000] GC(975) Eden regions: 268->0(161)
[2025-08-01T02:36:26.402+0000] GC(975) Survivor regions: 40->39(39)
[2025-08-01T02:36:26.402+0000] GC(975) Old regions: 1023->1294
[2025-08-01T02:36:26.402+0000] GC(975) Humongous regions: 0->0
[2025-08-01T02:36:26.402+0000] GC(975) Metaspace: 9706K(12544K)->9706K(12544K) NonClass: 8540K(11008K)->8540K(11008K) Class: 1166K(1536K)->1166K(1536K)
[2025-08-01T02:36:26.402+0000] GC(975) Pause Young (Normal) (G1 Evacuation Pause) 2659M->2663M(4096M) 132.410ms
[2025-08-01T02:36:26.402+0000] GC(975) User=1.00s Sys=0.04s Real=0.13s
[2025-08-01T02:36:26.404+0000] GC(970) Concurrent Rebuild Remembered Sets 506.018ms
[2025-08-01T02:36:26.404+0000] GC(970) Pause Cleanup
[2025-08-01T02:36:26.405+0000] GC(970) Pause Cleanup 2685M->2685M(4096M) 1.070ms
[2025-08-01T02:36:26.406+0000] GC(970) User=0.00s Sys=0.00s Real=0.00s
[2025-08-01T02:36:26.406+0000] GC(970) Concurrent Cleanup for Next Mark
[2025-08-01T02:36:26.419+0000] GC(970) Concurrent Cleanup for Next Mark 13.645ms
[2025-08-01T02:36:26.419+0000] GC(970) Concurrent Cycle 808.984ms
[2025-08-01T02:36:26.485+0000] GC(976) Pause Young (Prepare Mixed) (G1 Evacuation Pause)
[2025-08-01T02:36:26.485+0000] GC(976) Using 8 workers of 8 for evacuation
[2025-08-01T02:36:26.562+0000] GC(976)   Pre Evacuate Collection Set: 0.1ms
[2025-08-01T02:36:26.562+0000] GC(976)   Evacuate Collection Set: 75.9ms
[2025-08-01T02:36:26.562+0000] GC(976)   Post Evacuate Collection Set: 0.9ms
[2025-08-01T02:36:26.562+0000] GC(976)   Other: 0.3ms
[2025-08-01T02:36:26.563+0000] GC(976) Eden regions: 161->0(77)
[2025-08-01T02:36:26.563+0000] GC(976) Survivor regions: 39->25(25)
[2025-08-01T02:36:26.563+0000] GC(976) Old regions: 1294->1443
[2025-08-01T02:36:26.563+0000] GC(976) Humongous regions: 0->0
[2025-08-01T02:36:26.563+0000] GC(976) Metaspace: 9706K(12544K)->9706K(12544K) NonClass: 8540K(11008K)->8540K(11008K) Class: 1166K(1536K)->1166K(1536K)
[2025-08-01T02:36:26.563+0000] GC(976) Pause Young (Prepare Mixed) (G1 Evacuation Pause) 2985M->2932M(4096M) 77.355ms
[2025-08-01T02:36:26.563+0000] GC(976) User=0.57s Sys=0.01s Real=0.07s
[2025-08-01T02:36:26.577+0000] GC(977) Pause Young (Mixed) (G1 Evacuation Pause)
[2025-08-01T02:36:26.577+0000] GC(977) Using 8 workers of 8 for evacuation
[2025-08-01T02:36:26.621+0000] GC(977)   Pre Evacuate Collection Set: 0.1ms
[2025-08-01T02:36:26.621+0000] GC(977)   Evacuate Collection Set: 42.4ms
[2025-08-01T02:36:26.621+0000] GC(977)   Post Evacuate Collection Set: 0.6ms
[2025-08-01T02:36:26.621+0000] GC(977)   Other: 0.6ms
[2025-08-01T02:36:26.621+0000] GC(977) Eden regions: 77->0(97)
[2025-08-01T02:36:26.621+0000] GC(977) Survivor regions: 25->13(13)
[2025-08-01T02:36:26.621+0000] GC(977) Old regions: 1443->1521
[2025-08-01T02:36:26.621+0000] GC(977) Humongous regions: 0->0
[2025-08-01T02:36:26.621+0000] GC(977) Metaspace: 9706K(12544K)->9706K(12544K) NonClass: 8540K(11008K)->8540K(11008K) Class: 1166K(1536K)->1166K(1536K)
[2025-08-01T02:36:26.621+0000] GC(977) Pause Young (Mixed) (G1 Evacuation Pause) 3086M->3065M(4096M) 44.015ms
[2025-08-01T02:36:26.621+0000] GC(977) User=0.33s Sys=0.01s Real=0.04s
[2025-08-01T02:36:26.695+0000] GC(978) Pause Young (Concurrent Start) (G1 Evacuation Pause)
[2025-08-01T02:36:26.695+0000] GC(978) Using 8 workers of 8 for evacuation
[2025-08-01T02:36:26.753+0000] GC(978)   Pre Evacuate Collection Set: 0.1ms
[2025-08-01T02:36:26.753+0000] GC(978)   Evacuate Collection Set: 57.1ms
[2025-08-01T02:36:26.753+0000] GC(978)   Post Evacuate Collection Set: 0.7ms
[2025-08-01T02:36:26.753+0000] GC(978)   Other: 0.4ms
[2025-08-01T02:36:26.753+0000] GC(978) Eden regions: 97->0(88)
[2025-08-01T02:36:26.753+0000] GC(978) Survivor regions: 13->14(14)
[2025-08-01T02:36:26.753+0000] GC(978) Old regions: 1521->1620
[2025-08-01T02:36:26.753+0000] GC(978) Humongous regions: 0->0
[2025-08-01T02:36:26.753+0000] GC(978) Metaspace: 9706K(12544K)->9706K(12544K) NonClass: 8540K(11008K)->8540K(11008K) Class: 1166K(1536K)->1166K(1536K)
[2025-08-01T02:36:26.753+0000] GC(978) Pause Young (Concurrent Start) (G1 Evacuation Pause) 3259M->3264M(4096M) 58.462ms
[2025-08-01T02:36:26.753+0000] GC(978) User=0.41s Sys=0.02s Real=0.06s
[2025-08-01T02:36:26.754+0000] GC(979) Concurrent Cycle
[2025-08-01T02:36:26.754+0000] GC(979) Concurrent Clear Claimed Marks
[2025-08-01T02:36:26.754+0000] GC(979) Concurrent Clear Claimed Marks 0.068ms
[2025-08-01T02:36:26.754+0000] GC(979) Concurrent Scan Root Regions
[2025-08-01T02:36:26.758+0000] GC(979) Concurrent Scan Root Regions 3.925ms
[2025-08-01T02:36:26.758+0000] GC(979) Concurrent Mark (125.753s)
[2025-08-01T02:36:26.758+0000] GC(979) Concurrent Mark From Roots
[2025-08-01T02:36:26.758+0000] GC(979) Using 2 workers of 2 for marking
[2025-08-01T02:36:26.772+0000] GC(980) Pause Young (Normal) (G1 Evacuation Pause)
[2025-08-01T02:36:26.772+0000] GC(980) Using 8 workers of 8 for evacuation
[2025-08-01T02:36:26.804+0000] GC(980)   Pre Evacuate Collection Set: 0.1ms
[2025-08-01T02:36:26.804+0000] GC(980)   Evacuate Collection Set: 30.9ms
[2025-08-01T02:36:26.804+0000] GC(980)   Post Evacuate Collection Set: 0.8ms
[2025-08-01T02:36:26.804+0000] GC(980)   Other: 0.3ms
[2025-08-01T02:36:26.804+0000] GC(980) Eden regions: 88->0(89)
[2025-08-01T02:36:26.804+0000] GC(980) Survivor regions: 14->13(13)
[2025-08-01T02:36:26.804+0000] GC(980) Old regions: 1620->1662
[2025-08-01T02:36:26.804+0000] GC(980) Humongous regions: 0->0
[2025-08-01T02:36:26.804+0000] GC(980) Metaspace: 9706K(12544K)->9706K(12544K) NonClass: 8540K(11008K)->8540K(11008K) Class: 1166K(1536K)->1166K(1536K)
[2025-08-01T02:36:26.804+0000] GC(980) Pause Young (Normal) (G1 Evacuation Pause) 3440M->3347M(4096M) 32.135ms
[2025-08-01T02:36:26.804+0000] GC(980) User=0.23s Sys=0.01s Real=0.04s
[2025-08-01T02:36:26.840+0000] GC(981) Pause Young (Normal) (G1 Evacuation Pause)
[2025-08-01T02:36:26.840+0000] GC(981) Using 8 workers of 8 for evacuation
[2025-08-01T02:36:26.882+0000] GC(981)   Pre Evacuate Collection Set: 0.1ms
[2025-08-01T02:36:26.882+0000] GC(981)   Evacuate Collection Set: 41.2ms
[2025-08-01T02:36:26.882+0000] GC(981)   Post Evacuate Collection Set: 0.4ms
[2025-08-01T02:36:26.882+0000] GC(981)   Other: 0.3ms
[2025-08-01T02:36:26.882+0000] GC(981) Eden regions: 89->0(89)
[2025-08-01T02:36:26.882+0000] GC(981) Survivor regions: 13->13(13)
[2025-08-01T02:36:26.882+0000] GC(981) Old regions: 1662->1754
[2025-08-01T02:36:26.882+0000] GC(981) Humongous regions: 0->0
[2025-08-01T02:36:26.882+0000] GC(981) Metaspace: 9706K(12544K)->9706K(12544K) NonClass: 8540K(11008K)->8540K(11008K) Class: 1166K(1536K)->1166K(1536K)
[2025-08-01T02:36:26.882+0000] GC(981) Pause Young (Normal) (G1 Evacuation Pause) 3525M->3530M(4096M) 42.103ms
[2025-08-01T02:36:26.882+0000] GC(981) User=0.30s Sys=0.02s Real=0.04s
[2025-08-01T02:36:26.899+0000] GC(982) Pause Young (Normal) (G1 Evacuation Pause)
[2025-08-01T02:36:26.899+0000] GC(982) Using 8 workers of 8 for evacuation
[2025-08-01T02:36:26.931+0000] GC(982)   Pre Evacuate Collection Set: 0.1ms
[2025-08-01T02:36:26.931+0000] GC(982)   Evacuate Collection Set: 30.6ms
[2025-08-01T02:36:26.931+0000] GC(982)   Post Evacuate Collection Set: 0.4ms
[2025-08-01T02:36:26.931+0000] GC(982)   Other: 0.2ms
[2025-08-01T02:36:26.931+0000] GC(982) Eden regions: 89->0(89)
[2025-08-01T02:36:26.931+0000] GC(982) Survivor regions: 13->13(13)
[2025-08-01T02:36:26.931+0000] GC(982) Old regions: 1754->1844
[2025-08-01T02:36:26.931+0000] GC(982) Humongous regions: 0->0
[2025-08-01T02:36:26.931+0000] GC(982) Metaspace: 9706K(12544K)->9706K(12544K) NonClass: 8540K(11008K)->8540K(11008K) Class: 1166K(1536K)->1166K(1536K)
[2025-08-01T02:36:26.931+0000] GC(982) Pause Young (Normal) (G1 Evacuation Pause) 3708M->3710M(4096M) 31.534ms
[2025-08-01T02:36:26.931+0000] GC(982) User=0.20s Sys=0.00s Real=0.03s
[2025-08-01T02:36:26.956+0000] GC(983) Pause Young (Normal) (G1 Evacuation Pause)
[2025-08-01T02:36:26.956+0000] GC(983) Using 8 workers of 8 for evacuation
[2025-08-01T02:36:26.984+0000] GC(983)   Pre Evacuate Collection Set: 0.1ms
[2025-08-01T02:36:26.984+0000] GC(983)   Evacuate Collection Set: 26.9ms
[2025-08-01T02:36:26.984+0000] GC(983)   Post Evacuate Collection Set: 0.6ms
[2025-08-01T02:36:26.984+0000] GC(983)   Other: 0.3ms
[2025-08-01T02:36:26.984+0000] GC(983) Eden regions: 89->0(89)
[2025-08-01T02:36:26.984+0000] GC(983) Survivor regions: 13->13(13)
[2025-08-01T02:36:26.984+0000] GC(983) Old regions: 1844->1918
[2025-08-01T02:36:26.984+0000] GC(983) Humongous regions: 0->0
[2025-08-01T02:36:26.984+0000] GC(983) Metaspace: 9706K(12544K)->9706K(12544K) NonClass: 8540K(11008K)->8540K(11008K) Class: 1166K(1536K)->1166K(1536K)
[2025-08-01T02:36:26.984+0000] GC(983) Pause Young (Normal) (G1 Evacuation Pause) 3888M->3859M(4096M) 27.961ms
[2025-08-01T02:36:26.984+0000] GC(983) User=0.22s Sys=0.00s Real=0.03s
[2025-08-01T02:36:27.003+0000] GC(984) Pause Young (Normal) (G1 Evacuation Pause)
[2025-08-01T02:36:27.004+0000] GC(984) Using 8 workers of 8 for evacuation
[2025-08-01T02:36:27.037+0000] GC(984) To-space exhausted
[2025-08-01T02:36:27.037+0000] GC(984)   Pre Evacuate Collection Set: 0.1ms
[2025-08-01T02:36:27.037+0000] GC(984)   Evacuate Collection Set: 21.8ms
[2025-08-01T02:36:27.037+0000] GC(984)   Post Evacuate Collection Set: 11.8ms
[2025-08-01T02:36:27.037+0000] GC(984)   Other: 0.3ms
[2025-08-01T02:36:27.037+0000] GC(984) Eden regions: 89->0(89)
[2025-08-01T02:36:27.037+0000] GC(984) Survivor regions: 13->13(13)
[2025-08-01T02:36:27.037+0000] GC(984) Old regions: 1918->2023
[2025-08-01T02:36:27.037+0000] GC(984) Humongous regions: 0->0
[2025-08-01T02:36:27.037+0000] GC(984) Metaspace: 9706K(12544K)->9706K(12544K) NonClass: 8540K(11008K)->8540K(11008K) Class: 1166K(1536K)->1166K(1536K)
[2025-08-01T02:36:27.037+0000] GC(984) Pause Young (Normal) (G1 Evacuation Pause) 4037M->4069M(4096M) 34.007ms
[2025-08-01T02:36:27.037+0000] GC(984) User=0.25s Sys=0.01s Real=0.03s
[2025-08-01T02:36:27.042+0000] GC(985) Pause Young (Normal) (G1 Evacuation Pause)
[2025-08-01T02:36:27.042+0000] GC(985) Using 8 workers of 8 for evacuation
[2025-08-01T02:36:27.057+0000] GC(985) To-space exhausted
[2025-08-01T02:36:27.057+0000] GC(985)   Pre Evacuate Collection Set: 0.1ms
[2025-08-01T02:36:27.057+0000] GC(985)   Evacuate Collection Set: 11.1ms
[2025-08-01T02:36:27.057+0000] GC(985)   Post Evacuate Collection Set: 4.0ms
[2025-08-01T02:36:27.057+0000] GC(985)   Other: 0.4ms
[2025-08-01T02:36:27.057+0000] GC(985) Eden regions: 12->0(102)
[2025-08-01T02:36:27.057+0000] GC(985) Survivor regions: 13->0(13)
[2025-08-01T02:36:27.057+0000] GC(985) Old regions: 2023->2048
[2025-08-01T02:36:27.057+0000] GC(985) Humongous regions: 0->0
[2025-08-01T02:36:27.057+0000] GC(985) Metaspace: 9706K(12544K)->9706K(12544K) NonClass: 8540K(11008K)->8540K(11008K) Class: 1166K(1536K)->1166K(1536K)
[2025-08-01T02:36:27.057+0000] GC(985) Pause Young (Normal) (G1 Evacuation Pause) 4093M->4093M(4096M) 15.659ms
[2025-08-01T02:36:27.057+0000] GC(985) User=0.10s Sys=0.01s Real=0.02s
[2025-08-01T02:36:27.057+0000] GC(986) Using 8 workers of 8 for full compaction
[2025-08-01T02:36:27.057+0000] GC(986) Pause Full (G1 Evacuation Pause)
[2025-08-01T02:36:27.064+0000] GC(986) Phase 1: Mark live objects
[2025-08-01T02:36:27.098+0000] GC(986) Cleaned string and symbol table, strings: 2833 processed, 0 removed, symbols: 23489 processed, 0 removed
[2025-08-01T02:36:27.098+0000] GC(986) Phase 1: Mark live objects 34.388ms
[2025-08-01T02:36:27.098+0000] GC(986) Phase 2: Prepare for compaction
[2025-08-01T02:36:27.133+0000] GC(986) Phase 2: Prepare for compaction 34.660ms
[2025-08-01T02:36:27.133+0000] GC(986) Phase 3: Adjust pointers
[2025-08-01T02:36:27.170+0000] GC(986) Phase 3: Adjust pointers 36.649ms
[2025-08-01T02:36:27.170+0000] GC(986) Phase 4: Compact heap
[2025-08-01T02:36:27.289+0000] GC(986) Phase 4: Compact heap 119.216ms
[2025-08-01T02:36:27.292+0000] GC(986) Eden regions: 0->0(467)
[2025-08-01T02:36:27.292+0000] GC(986) Survivor regions: 0->0(13)
[2025-08-01T02:36:27.292+0000] GC(986) Old regions: 2048->407
[2025-08-01T02:36:27.292+0000] GC(986) Humongous regions: 0->0
[2025-08-01T02:36:27.292+0000] GC(986) Metaspace: 9706K(12544K)->9706K(12544K) NonClass: 8540K(11008K)->8540K(11008K) Class: 1166K(1536K)->1166K(1536K)
[2025-08-01T02:36:27.292+0000] GC(986) Pause Full (G1 Evacuation Pause) 4093M->803M(4096M) 234.324ms
[2025-08-01T02:36:27.292+0000] GC(986) User=1.70s Sys=0.01s Real=0.23s
[2025-08-01T02:36:27.292+0000] GC(979) Concurrent Mark From Roots 534.364ms
[2025-08-01T02:36:27.292+0000] GC(979) Concurrent Mark Abort
[2025-08-01T02:36:27.292+0000] GC(979) Concurrent Cycle 538.631ms
[2025-08-01T02:36:27.479+0000] GC(987) Pause Young (Normal) (G1 Evacuation Pause)
[2025-08-01T02:36:27.479+0000] GC(987) Using 8 workers of 8 for evacuation
[2025-08-01T02:36:27.729+0000] GC(987) MMU target violated: 201.0ms (200.0ms/201.0ms)
[2025-08-01T02:36:27.730+0000] GC(987)   Pre Evacuate Collection Set: 0.1ms
[2025-08-01T02:36:27.730+0000] GC(987)   Evacuate Collection Set: 248.8ms
[2025-08-01T02:36:27.730+0000] GC(987)   Post Evacuate Collection Set: 1.4ms
[2025-08-01T02:36:27.730+0000] GC(987)   Other: 0.5ms
[2025-08-01T02:36:27.730+0000] GC(987) Eden regions: 467->0(331)
[2025-08-01T02:36:27.730+0000] GC(987) Survivor regions: 0->59(59)
[2025-08-01T02:36:27.730+0000] GC(987) Old regions: 407->762
[2025-08-01T02:36:27.730+0000] GC(987) Humongous regions: 0->0
[2025-08-01T02:36:27.730+0000] GC(987) Metaspace: 9706K(12544K)->9706K(12544K) NonClass: 8540K(11008K)->8540K(11008K) Class: 1166K(1536K)->1166K(1536K)
[2025-08-01T02:36:27.730+0000] GC(987) Pause Young (Normal) (G1 Evacuation Pause) 1737M->1631M(4096M) 250.957ms
[2025-08-01T02:36:27.730+0000] GC(987) User=1.88s Sys=0.06s Real=0.25s
[2025-08-01T02:36:27.874+0000] GC(988) Pause Young (Concurrent Start) (G1 Evacuation Pause)
[2025-08-01T02:36:27.875+0000] GC(988) Using 8 workers of 8 for evacuation
[2025-08-01T02:36:28.001+0000] GC(988)   Pre Evacuate Collection Set: 0.1ms
[2025-08-01T02:36:28.001+0000] GC(988)   Evacuate Collection Set: 123.6ms
[2025-08-01T02:36:28.001+0000] GC(988)   Post Evacuate Collection Set: 1.9ms
[2025-08-01T02:36:28.001+0000] GC(988)   Other: 0.5ms
[2025-08-01T02:36:28.001+0000] GC(988) Eden regions: 331->0(275)
[2025-08-01T02:36:28.001+0000] GC(988) Survivor regions: 59->49(49)
[2025-08-01T02:36:28.001+0000] GC(988) Old regions: 762->957
[2025-08-01T02:36:28.001+0000] GC(988) Humongous regions: 0->0
[2025-08-01T02:36:28.001+0000] GC(988) Metaspace: 9706K(12544K)->9706K(12544K) NonClass: 8540K(11008K)->8540K(11008K) Class: 1166K(1536K)->1166K(1536K)
[2025-08-01T02:36:28.001+0000] GC(988) Pause Young (Concurrent Start) (G1 Evacuation Pause) 2293M->2001M(4096M) 126.537ms
[2025-08-01T02:36:28.001+0000] GC(988) User=0.94s Sys=0.02s Real=0.12s
[2025-08-01T02:36:28.001+0000] GC(989) Concurrent Cycle
[2025-08-01T02:36:28.001+0000] GC(989) Concurrent Clear Claimed Marks
[2025-08-01T02:36:28.001+0000] GC(989) Concurrent Clear Claimed Marks 0.070ms
[2025-08-01T02:36:28.002+0000] GC(989) Concurrent Scan Root Regions
[2025-08-01T02:36:28.016+0000] GC(989) Concurrent Scan Root Regions 14.122ms
[2025-08-01T02:36:28.016+0000] GC(989) Concurrent Mark (127.011s)
[2025-08-01T02:36:28.016+0000] GC(989) Concurrent Mark From Roots
[2025-08-01T02:36:28.016+0000] GC(989) Using 2 workers of 2 for marking
[2025-08-01T02:36:28.103+0000] GC(990) Pause Young (Normal) (G1 Evacuation Pause)
[2025-08-01T02:36:28.103+0000] GC(990) Using 8 workers of 8 for evacuation
[2025-08-01T02:36:28.214+0000] GC(990)   Pre Evacuate Collection Set: 0.1ms
[2025-08-01T02:36:28.214+0000] GC(990)   Evacuate Collection Set: 109.1ms
[2025-08-01T02:36:28.214+0000] GC(990)   Post Evacuate Collection Set: 1.0ms
[2025-08-01T02:36:28.214+0000] GC(990)   Other: 0.3ms
[2025-08-01T02:36:28.214+0000] GC(990) Eden regions: 275->0(179)
[2025-08-01T02:36:28.214+0000] GC(990) Survivor regions: 49->41(41)
[2025-08-01T02:36:28.214+0000] GC(990) Old regions: 957->1242
[2025-08-01T02:36:28.214+0000] GC(990) Humongous regions: 0->0
[2025-08-01T02:36:28.214+0000] GC(990) Metaspace: 9706K(12544K)->9706K(12544K) NonClass: 8540K(11008K)->8540K(11008K) Class: 1166K(1536K)->1166K(1536K)
[2025-08-01T02:36:28.214+0000] GC(990) Pause Young (Normal) (G1 Evacuation Pause) 2551M->2554M(4096M) 110.705ms
[2025-08-01T02:36:28.214+0000] GC(990) User=0.81s Sys=0.03s Real=0.11s
[2025-08-01T02:36:28.242+0000] GC(989) Concurrent Mark From Roots 226.282ms
[2025-08-01T02:36:28.242+0000] GC(989) Concurrent Preclean
[2025-08-01T02:36:28.243+0000] GC(989) Concurrent Preclean 0.286ms
[2025-08-01T02:36:28.243+0000] GC(989) Concurrent Mark (127.011s, 127.238s) 226.680ms
[2025-08-01T02:36:28.243+0000] GC(989) Pause Remark
[2025-08-01T02:36:28.246+0000] GC(989) Cleaned string and symbol table, strings: 2833 processed, 0 removed, symbols: 23489 processed, 0 removed
[2025-08-01T02:36:28.247+0000] GC(989) Pause Remark 2798M->1820M(4096M) 4.266ms
[2025-08-01T02:36:28.247+0000] GC(989) User=0.01s Sys=0.01s Real=0.00s
[2025-08-01T02:36:28.247+0000] GC(989) Concurrent Rebuild Remembered Sets
[2025-08-01T02:36:28.290+0000] GC(991) Pause Young (Normal) (G1 Evacuation Pause)
[2025-08-01T02:36:28.290+0000] GC(991) Using 8 workers of 8 for evacuation
[2025-08-01T02:36:28.356+0000] GC(991)   Pre Evacuate Collection Set: 0.1ms
[2025-08-01T02:36:28.357+0000] GC(991)   Evacuate Collection Set: 65.0ms
[2025-08-01T02:36:28.357+0000] GC(991)   Post Evacuate Collection Set: 0.8ms
[2025-08-01T02:36:28.357+0000] GC(991)   Other: 0.3ms
[2025-08-01T02:36:28.357+0000] GC(991) Eden regions: 179->0(287)
[2025-08-01T02:36:28.357+0000] GC(991) Survivor regions: 41->28(28)
[2025-08-01T02:36:28.357+0000] GC(991) Old regions: 749->919
[2025-08-01T02:36:28.357+0000] GC(991) Humongous regions: 0->0
[2025-08-01T02:36:28.357+0000] GC(991) Metaspace: 9706K(12544K)->9706K(12544K) NonClass: 8540K(11008K)->8540K(11008K) Class: 1166K(1536K)->1166K(1536K)
[2025-08-01T02:36:28.357+0000] GC(991) Pause Young (Normal) (G1 Evacuation Pause) 1934M->1890M(4096M) 66.367ms
[2025-08-01T02:36:28.357+0000] GC(991) User=0.50s Sys=0.00s Real=0.07s
[2025-08-01T02:36:28.454+0000] GC(992) Pause Young (Normal) (G1 Evacuation Pause)
[2025-08-01T02:36:28.454+0000] GC(992) Using 8 workers of 8 for evacuation
[2025-08-01T02:36:28.537+0000] GC(992)   Pre Evacuate Collection Set: 0.1ms
[2025-08-01T02:36:28.537+0000] GC(992)   Evacuate Collection Set: 82.0ms
[2025-08-01T02:36:28.537+0000] GC(992)   Post Evacuate Collection Set: 1.1ms
[2025-08-01T02:36:28.538+0000] GC(992)   Other: 0.3ms
[2025-08-01T02:36:28.538+0000] GC(992) Eden regions: 287->0(231)
[2025-08-01T02:36:28.538+0000] GC(992) Survivor regions: 28->40(40)
[2025-08-01T02:36:28.538+0000] GC(992) Old regions: 919->1089
[2025-08-01T02:36:28.538+0000] GC(992) Humongous regions: 0->0
[2025-08-01T02:36:28.538+0000] GC(992) Metaspace: 9706K(12544K)->9706K(12544K) NonClass: 8540K(11008K)->8540K(11008K) Class: 1166K(1536K)->1166K(1536K)
[2025-08-01T02:36:28.538+0000] GC(992) Pause Young (Normal) (G1 Evacuation Pause) 2464M->2255M(4096M) 83.724ms
[2025-08-01T02:36:28.538+0000] GC(992) User=0.64s Sys=0.02s Real=0.08s
[2025-08-01T02:36:28.574+0000] GC(989) Concurrent Rebuild Remembered Sets 326.320ms
[2025-08-01T02:36:28.574+0000] GC(989) Pause Cleanup
[2025-08-01T02:36:28.575+0000] GC(989) Pause Cleanup 2473M->2473M(4096M) 0.610ms
[2025-08-01T02:36:28.575+0000] GC(989) User=0.00s Sys=0.00s Real=0.00s
[2025-08-01T02:36:28.575+0000] GC(989) Concurrent Cleanup for Next Mark
[2025-08-01T02:36:28.583+0000] GC(989) Concurrent Cleanup for Next Mark 7.783ms
[2025-08-01T02:36:28.583+0000] GC(989) Concurrent Cycle 581.498ms
[2025-08-01T02:36:28.621+0000] GC(993) Pause Young (Prepare Mixed) (G1 Evacuation Pause)
[2025-08-01T02:36:28.621+0000] GC(993) Using 8 workers of 8 for evacuation
[2025-08-01T02:36:28.734+0000] GC(993)   Pre Evacuate Collection Set: 0.1ms
[2025-08-01T02:36:28.734+0000] GC(993)   Evacuate Collection Set: 111.1ms
[2025-08-01T02:36:28.734+0000] GC(993)   Post Evacuate Collection Set: 1.1ms
[2025-08-01T02:36:28.734+0000] GC(993)   Other: 0.3ms
[2025-08-01T02:36:28.734+0000] GC(993) Eden regions: 231->0(68)
[2025-08-01T02:36:28.734+0000] GC(993) Survivor regions: 40->34(34)
[2025-08-01T02:36:28.734+0000] GC(993) Old regions: 1089->1275
[2025-08-01T02:36:28.734+0000] GC(993) Humongous regions: 0->0
[2025-08-01T02:36:28.734+0000] GC(993) Metaspace: 9706K(12544K)->9706K(12544K) NonClass: 8540K(11008K)->8540K(11008K) Class: 1166K(1536K)->1166K(1536K)
[2025-08-01T02:36:28.734+0000] GC(993) Pause Young (Prepare Mixed) (G1 Evacuation Pause) 2717M->2615M(4096M) 112.825ms
[2025-08-01T02:36:28.734+0000] GC(993) User=0.85s Sys=0.03s Real=0.12s
[2025-08-01T02:36:28.747+0000] GC(994) Pause Young (Mixed) (G1 Evacuation Pause)
[2025-08-01T02:36:28.747+0000] GC(994) Using 8 workers of 8 for evacuation
[2025-08-01T02:36:28.794+0000] GC(994)   Pre Evacuate Collection Set: 0.2ms
[2025-08-01T02:36:28.794+0000] GC(994)   Evacuate Collection Set: 46.4ms
[2025-08-01T02:36:28.794+0000] GC(994)   Post Evacuate Collection Set: 0.8ms
[2025-08-01T02:36:28.795+0000] GC(994)   Other: 0.4ms
[2025-08-01T02:36:28.795+0000] GC(994) Eden regions: 68->0(192)
[2025-08-01T02:36:28.795+0000] GC(994) Survivor regions: 34->13(13)
[2025-08-01T02:36:28.795+0000] GC(994) Old regions: 1275->1241
[2025-08-01T02:36:28.795+0000] GC(994) Humongous regions: 0->0
[2025-08-01T02:36:28.795+0000] GC(994) Metaspace: 9706K(12544K)->9706K(12544K) NonClass: 8540K(11008K)->8540K(11008K) Class: 1166K(1536K)->1166K(1536K)
[2025-08-01T02:36:28.795+0000] GC(994) Pause Young (Mixed) (G1 Evacuation Pause) 2751M->2504M(4096M) 47.965ms
[2025-08-01T02:36:28.795+0000] GC(994) User=0.35s Sys=0.02s Real=0.05s
[2025-08-01T02:36:28.880+0000] GC(995) Pause Young (Concurrent Start) (G1 Evacuation Pause)
[2025-08-01T02:36:28.880+0000] GC(995) Using 8 workers of 8 for evacuation
[2025-08-01T02:36:28.949+0000] GC(995)   Pre Evacuate Collection Set: 0.2ms
[2025-08-01T02:36:28.949+0000] GC(995)   Evacuate Collection Set: 68.5ms
[2025-08-01T02:36:28.949+0000] GC(995)   Post Evacuate Collection Set: 0.9ms
[2025-08-01T02:36:28.949+0000] GC(995)   Other: 0.3ms
[2025-08-01T02:36:28.950+0000] GC(995) Eden regions: 192->0(123)
[2025-08-01T02:36:28.950+0000] GC(995) Survivor regions: 13->26(26)
[2025-08-01T02:36:28.950+0000] GC(995) Old regions: 1241->1421
[2025-08-01T02:36:28.950+0000] GC(995) Humongous regions: 0->0
[2025-08-01T02:36:28.950+0000] GC(995) Metaspace: 9706K(12544K)->9706K(12544K) NonClass: 8540K(11008K)->8540K(11008K) Class: 1166K(1536K)->1166K(1536K)
[2025-08-01T02:36:28.950+0000] GC(995) Pause Young (Concurrent Start) (G1 Evacuation Pause) 2888M->2890M(4096M) 69.932ms
[2025-08-01T02:36:28.950+0000] GC(995) User=0.53s Sys=0.00s Real=0.07s
[2025-08-01T02:36:28.950+0000] GC(996) Concurrent Cycle
[2025-08-01T02:36:28.950+0000] GC(996) Concurrent Clear Claimed Marks
[2025-08-01T02:36:28.950+0000] GC(996) Concurrent Clear Claimed Marks 0.072ms
[2025-08-01T02:36:28.950+0000] GC(996) Concurrent Scan Root Regions
[2025-08-01T02:36:28.958+0000] GC(996) Concurrent Scan Root Regions 7.525ms
[2025-08-01T02:36:28.958+0000] GC(996) Concurrent Mark (127.953s)
[2025-08-01T02:36:28.958+0000] GC(996) Concurrent Mark From Roots
[2025-08-01T02:36:28.958+0000] GC(996) Using 2 workers of 2 for marking
[2025-08-01T02:36:29.027+0000] GC(997) Pause Young (Normal) (G1 Evacuation Pause)
[2025-08-01T02:36:29.028+0000] GC(997) Using 8 workers of 8 for evacuation
[2025-08-01T02:36:29.080+0000] GC(997)   Pre Evacuate Collection Set: 0.4ms
[2025-08-01T02:36:29.080+0000] GC(997)   Evacuate Collection Set: 50.5ms
[2025-08-01T02:36:29.080+0000] GC(997)   Post Evacuate Collection Set: 0.9ms
[2025-08-01T02:36:29.080+0000] GC(997)   Other: 0.4ms
[2025-08-01T02:36:29.080+0000] GC(997) Eden regions: 123->0(91)
[2025-08-01T02:36:29.080+0000] GC(997) Survivor regions: 26->19(19)
[2025-08-01T02:36:29.080+0000] GC(997) Old regions: 1421->1534
[2025-08-01T02:36:29.080+0000] GC(997) Humongous regions: 0->0
[2025-08-01T02:36:29.080+0000] GC(997) Metaspace: 9706K(12544K)->9706K(12544K) NonClass: 8540K(11008K)->8540K(11008K) Class: 1166K(1536K)->1166K(1536K)
[2025-08-01T02:36:29.080+0000] GC(997) Pause Young (Normal) (G1 Evacuation Pause) 3136M->3102M(4096M) 52.277ms
[2025-08-01T02:36:29.080+0000] GC(997) User=0.38s Sys=0.00s Real=0.05s
[2025-08-01T02:36:29.096+0000] GC(998) Pause Young (Normal) (G1 Evacuation Pause)
[2025-08-01T02:36:29.097+0000] GC(998) Using 8 workers of 8 for evacuation
[2025-08-01T02:36:29.152+0000] GC(998)   Pre Evacuate Collection Set: 0.1ms
[2025-08-01T02:36:29.152+0000] GC(998)   Evacuate Collection Set: 54.0ms
[2025-08-01T02:36:29.152+0000] GC(998)   Post Evacuate Collection Set: 0.8ms
[2025-08-01T02:36:29.152+0000] GC(998)   Other: 0.3ms
[2025-08-01T02:36:29.152+0000] GC(998) Eden regions: 91->0(88)
[2025-08-01T02:36:29.152+0000] GC(998) Survivor regions: 19->14(14)
[2025-08-01T02:36:29.152+0000] GC(998) Old regions: 1534->1631
[2025-08-01T02:36:29.152+0000] GC(998) Humongous regions: 0->0
[2025-08-01T02:36:29.152+0000] GC(998) Metaspace: 9706K(12544K)->9706K(12544K) NonClass: 8540K(11008K)->8540K(11008K) Class: 1166K(1536K)->1166K(1536K)
[2025-08-01T02:36:29.152+0000] GC(998) Pause Young (Normal) (G1 Evacuation Pause) 3284M->3287M(4096M) 55.329ms
[2025-08-01T02:36:29.152+0000] GC(998) User=0.40s Sys=0.02s Real=0.05s
[2025-08-01T02:36:29.211+0000] GC(999) Pause Young (Normal) (G1 Evacuation Pause)
[2025-08-01T02:36:29.211+0000] GC(999) Using 8 workers of 8 for evacuation
[2025-08-01T02:36:29.241+0000] GC(999)   Pre Evacuate Collection Set: 0.1ms
[2025-08-01T02:36:29.241+0000] GC(999)   Evacuate Collection Set: 29.0ms
[2025-08-01T02:36:29.241+0000] GC(999)   Post Evacuate Collection Set: 0.7ms
[2025-08-01T02:36:29.241+0000] GC(999)   Other: 0.3ms
[2025-08-01T02:36:29.241+0000] GC(999) Eden regions: 88->0(89)
[2025-08-01T02:36:29.241+0000] GC(999) Survivor regions: 14->13(13)
[2025-08-01T02:36:29.241+0000] GC(999) Old regions: 1631->1681
[2025-08-01T02:36:29.241+0000] GC(999) Humongous regions: 0->0
[2025-08-01T02:36:29.241+0000] GC(999) Metaspace: 9706K(12544K)->9706K(12544K) NonClass: 8540K(11008K)->8540K(11008K) Class: 1166K(1536K)->1166K(1536K)
[2025-08-01T02:36:29.241+0000] GC(999) Pause Young (Normal) (G1 Evacuation Pause) 3463M->3384M(4096M) 30.197ms
[2025-08-01T02:36:29.241+0000] GC(999) User=0.22s Sys=0.00s Real=0.03s
[2025-08-01T02:36:29.257+0000] GC(1000) Pause Young (Normal) (G1 Evacuation Pause)
[2025-08-01T02:36:29.257+0000] GC(1000) Using 8 workers of 8 for evacuation
[2025-08-01T02:36:29.333+0000] GC(1000)   Pre Evacuate Collection Set: 0.1ms
[2025-08-01T02:36:29.333+0000] GC(1000)   Evacuate Collection Set: 74.3ms
[2025-08-01T02:36:29.333+0000] GC(1000)   Post Evacuate Collection Set: 0.7ms
[2025-08-01T02:36:29.333+0000] GC(1000)   Other: 0.3ms
[2025-08-01T02:36:29.333+0000] GC(1000) Eden regions: 89->0(89)
[2025-08-01T02:36:29.333+0000] GC(1000) Survivor regions: 13->13(13)
[2025-08-01T02:36:29.333+0000] GC(1000) Old regions: 1681->1772
[2025-08-01T02:36:29.333+0000] GC(1000) Humongous regions: 0->0
[2025-08-01T02:36:29.333+0000] GC(1000) Metaspace: 9706K(12544K)->9706K(12544K) NonClass: 8540K(11008K)->8540K(11008K) Class: 1166K(1536K)->1166K(1536K)
[2025-08-01T02:36:29.333+0000] GC(1000) Pause Young (Normal) (G1 Evacuation Pause) 3562M->3566M(4096M) 75.657ms
[2025-08-01T02:36:29.333+0000] GC(1000) User=0.53s Sys=0.03s Real=0.08s
[2025-08-01T02:36:29.398+0000] GC(1001) Pause Young (Normal) (G1 Evacuation Pause)
[2025-08-01T02:36:29.398+0000] GC(1001) Using 8 workers of 8 for evacuation
[2025-08-01T02:36:29.425+0000] GC(1001)   Pre Evacuate Collection Set: 0.1ms
[2025-08-01T02:36:29.425+0000] GC(1001)   Evacuate Collection Set: 25.7ms
[2025-08-01T02:36:29.425+0000] GC(1001)   Post Evacuate Collection Set: 0.6ms
[2025-08-01T02:36:29.425+0000] GC(1001)   Other: 0.4ms
[2025-08-01T02:36:29.425+0000] GC(1001) Eden regions: 89->0(89)
[2025-08-01T02:36:29.425+0000] GC(1001) Survivor regions: 13->13(13)
[2025-08-01T02:36:29.425+0000] GC(1001) Old regions: 1772->1836
[2025-08-01T02:36:29.425+0000] GC(1001) Humongous regions: 0->0
[2025-08-01T02:36:29.425+0000] GC(1001) Metaspace: 9706K(12544K)->9706K(12544K) NonClass: 8540K(11008K)->8540K(11008K) Class: 1166K(1536K)->1166K(1536K)
[2025-08-01T02:36:29.425+0000] GC(1001) Pause Young (Normal) (G1 Evacuation Pause) 3744M->3694M(4096M) 26.908ms
[2025-08-01T02:36:29.425+0000] GC(1001) User=0.20s Sys=0.00s Real=0.03s
[2025-08-01T02:36:29.442+0000] GC(1002) Pause Young (Normal) (G1 Evacuation Pause)
[2025-08-01T02:36:29.442+0000] GC(1002) Using 8 workers of 8 for evacuation
[2025-08-01T02:36:29.478+0000] GC(1002)   Pre Evacuate Collection Set: 0.1ms
[2025-08-01T02:36:29.478+0000] GC(1002)   Evacuate Collection Set: 35.2ms
[2025-08-01T02:36:29.478+0000] GC(1002)   Post Evacuate Collection Set: 0.4ms
[2025-08-01T02:36:29.478+0000] GC(1002)   Other: 0.3ms
[2025-08-01T02:36:29.478+0000] GC(1002) Eden regions: 89->0(89)
[2025-08-01T02:36:29.478+0000] GC(1002) Survivor regions: 13->13(13)
[2025-08-01T02:36:29.478+0000] GC(1002) Old regions: 1836->1927
[2025-08-01T02:36:29.478+0000] GC(1002) Humongous regions: 0->0
[2025-08-01T02:36:29.478+0000] GC(1002) Metaspace: 9706K(12544K)->9706K(12544K) NonClass: 8540K(11008K)->8540K(11008K) Class: 1166K(1536K)->1166K(1536K)
[2025-08-01T02:36:29.478+0000] GC(1002) Pause Young (Normal) (G1 Evacuation Pause) 3872M->3876M(4096M) 36.125ms
[2025-08-01T02:36:29.479+0000] GC(1002) User=0.27s Sys=0.00s Real=0.04s
[2025-08-01T02:36:29.496+0000] GC(1003) Pause Young (Normal) (G1 Evacuation Pause)
[2025-08-01T02:36:29.496+0000] GC(1003) Using 8 workers of 8 for evacuation
[2025-08-01T02:36:29.533+0000] GC(1003) To-space exhausted
[2025-08-01T02:36:29.533+0000] GC(1003)   Pre Evacuate Collection Set: 0.1ms
[2025-08-01T02:36:29.533+0000] GC(1003)   Evacuate Collection Set: 25.9ms
[2025-08-01T02:36:29.533+0000] GC(1003)   Post Evacuate Collection Set: 10.7ms
[2025-08-01T02:36:29.533+0000] GC(1003)   Other: 0.3ms
[2025-08-01T02:36:29.533+0000] GC(1003) Eden regions: 89->0(92)
[2025-08-01T02:36:29.533+0000] GC(1003) Survivor regions: 13->10(13)
[2025-08-01T02:36:29.533+0000] GC(1003) Old regions: 1927->2031
[2025-08-01T02:36:29.533+0000] GC(1003) Humongous regions: 0->0
[2025-08-01T02:36:29.533+0000] GC(1003) Metaspace: 9706K(12544K)->9706K(12544K) NonClass: 8540K(11008K)->8540K(11008K) Class: 1166K(1536K)->1166K(1536K)
[2025-08-01T02:36:29.533+0000] GC(1003) Pause Young (Normal) (G1 Evacuation Pause) 4054M->4079M(4096M) 37.174ms
[2025-08-01T02:36:29.533+0000] GC(1003) User=0.27s Sys=0.00s Real=0.04s
[2025-08-01T02:36:29.535+0000] GC(996) Concurrent Mark From Roots 577.047ms
[2025-08-01T02:36:29.535+0000] GC(996) Concurrent Preclean
[2025-08-01T02:36:29.535+0000] GC(996) Concurrent Preclean 0.329ms
[2025-08-01T02:36:29.535+0000] GC(996) Concurrent Mark (127.953s, 128.531s) 577.510ms
[2025-08-01T02:36:29.535+0000] GC(996) Pause Remark
[2025-08-01T02:36:29.538+0000] GC(996) Cleaned string and symbol table, strings: 2833 processed, 0 removed, symbols: 23489 processed, 0 removed
[2025-08-01T02:36:29.539+0000] GC(996) Pause Remark 4083M->2677M(4096M) 4.018ms
[2025-08-01T02:36:29.540+0000] GC(996) User=0.01s Sys=0.00s Real=0.00s
[2025-08-01T02:36:29.540+0000] GC(996) Concurrent Rebuild Remembered Sets
[2025-08-01T02:36:29.559+0000] GC(1004) Pause Young (Normal) (G1 Evacuation Pause)
[2025-08-01T02:36:29.559+0000] GC(1004) Using 8 workers of 8 for evacuation
[2025-08-01T02:36:29.595+0000] GC(1004)   Pre Evacuate Collection Set: 0.1ms
[2025-08-01T02:36:29.595+0000] GC(1004)   Evacuate Collection Set: 35.0ms
[2025-08-01T02:36:29.595+0000] GC(1004)   Post Evacuate Collection Set: 0.9ms
[2025-08-01T02:36:29.595+0000] GC(1004)   Other: 0.3ms
[2025-08-01T02:36:29.595+0000] GC(1004) Eden regions: 92->0(134)
[2025-08-01T02:36:29.595+0000] GC(1004) Survivor regions: 10->13(13)
[2025-08-01T02:36:29.595+0000] GC(1004) Old regions: 1328->1420
[2025-08-01T02:36:29.595+0000] GC(1004) Humongous regions: 0->0
[2025-08-01T02:36:29.595+0000] GC(1004) Metaspace: 9706K(12544K)->9706K(12544K) NonClass: 8540K(11008K)->8540K(11008K) Class: 1166K(1536K)->1166K(1536K)
[2025-08-01T02:36:29.595+0000] GC(1004) Pause Young (Normal) (G1 Evacuation Pause) 2857M->2862M(4096M) 36.467ms
[2025-08-01T02:36:29.595+0000] GC(1004) User=0.28s Sys=0.00s Real=0.04s
[2025-08-01T02:36:29.663+0000] GC(1005) Pause Young (Normal) (G1 Evacuation Pause)
[2025-08-01T02:36:29.663+0000] GC(1005) Using 8 workers of 8 for evacuation
[2025-08-01T02:36:29.717+0000] GC(1005)   Pre Evacuate Collection Set: 0.1ms
[2025-08-01T02:36:29.717+0000] GC(1005)   Evacuate Collection Set: 52.3ms
[2025-08-01T02:36:29.717+0000] GC(1005)   Post Evacuate Collection Set: 0.5ms
[2025-08-01T02:36:29.717+0000] GC(1005)   Other: 0.3ms
[2025-08-01T02:36:29.717+0000] GC(1005) Eden regions: 134->0(87)
[2025-08-01T02:36:29.717+0000] GC(1005) Survivor regions: 13->19(19)
[2025-08-01T02:36:29.717+0000] GC(1005) Old regions: 1420->1550
[2025-08-01T02:36:29.717+0000] GC(1005) Humongous regions: 0->0
[2025-08-01T02:36:29.717+0000] GC(1005) Metaspace: 9706K(12544K)->9706K(12544K) NonClass: 8540K(11008K)->8540K(11008K) Class: 1166K(1536K)->1166K(1536K)
[2025-08-01T02:36:29.717+0000] GC(1005) Pause Young (Normal) (G1 Evacuation Pause) 3130M->3134M(4096M) 53.351ms
[2025-08-01T02:36:29.717+0000] GC(1005) User=0.41s Sys=0.01s Real=0.05s
[2025-08-01T02:36:29.733+0000] GC(1006) Pause Young (Normal) (G1 Evacuation Pause)
[2025-08-01T02:36:29.733+0000] GC(1006) Using 8 workers of 8 for evacuation
[2025-08-01T02:36:29.772+0000] GC(1006)   Pre Evacuate Collection Set: 0.1ms
[2025-08-01T02:36:29.773+0000] GC(1006)   Evacuate Collection Set: 38.8ms
[2025-08-01T02:36:29.773+0000] GC(1006)   Post Evacuate Collection Set: 0.8ms
[2025-08-01T02:36:29.773+0000] GC(1006)   Other: 0.3ms
[2025-08-01T02:36:29.773+0000] GC(1006) Eden regions: 87->0(88)
[2025-08-01T02:36:29.773+0000] GC(1006) Survivor regions: 19->14(14)
[2025-08-01T02:36:29.773+0000] GC(1006) Old regions: 1550->1644
[2025-08-01T02:36:29.773+0000] GC(1006) Humongous regions: 0->0
[2025-08-01T02:36:29.773+0000] GC(1006) Metaspace: 9706K(12544K)->9706K(12544K) NonClass: 8540K(11008K)->8540K(11008K) Class: 1166K(1536K)->1166K(1536K)
[2025-08-01T02:36:29.773+0000] GC(1006) Pause Young (Normal) (G1 Evacuation Pause) 3308M->3313M(4096M) 40.176ms
[2025-08-01T02:36:29.773+0000] GC(1006) User=0.30s Sys=0.00s Real=0.04s
[2025-08-01T02:36:29.837+0000] GC(1007) Pause Young (Normal) (G1 Evacuation Pause)
[2025-08-01T02:36:29.837+0000] GC(1007) Using 8 workers of 8 for evacuation
[2025-08-01T02:36:29.871+0000] GC(1007)   Pre Evacuate Collection Set: 0.1ms
[2025-08-01T02:36:29.871+0000] GC(1007)   Evacuate Collection Set: 33.9ms
[2025-08-01T02:36:29.871+0000] GC(1007)   Post Evacuate Collection Set: 0.5ms
[2025-08-01T02:36:29.871+0000] GC(1007)   Other: 0.3ms
[2025-08-01T02:36:29.871+0000] GC(1007) Eden regions: 88->0(89)
[2025-08-01T02:36:29.871+0000] GC(1007) Survivor regions: 14->13(13)
[2025-08-01T02:36:29.871+0000] GC(1007) Old regions: 1644->1728
[2025-08-01T02:36:29.871+0000] GC(1007) Humongous regions: 0->0
[2025-08-01T02:36:29.872+0000] GC(1007) Metaspace: 9706K(12544K)->9706K(12544K) NonClass: 8540K(11008K)->8540K(11008K) Class: 1166K(1536K)->1166K(1536K)
[2025-08-01T02:36:29.872+0000] GC(1007) Pause Young (Normal) (G1 Evacuation Pause) 3489M->3478M(4096M) 34.967ms
[2025-08-01T02:36:29.872+0000] GC(1007) User=0.25s Sys=0.02s Real=0.03s
[2025-08-01T02:36:29.887+0000] GC(1008) Pause Young (Normal) (G1 Evacuation Pause)
[2025-08-01T02:36:29.887+0000] GC(1008) Using 8 workers of 8 for evacuation
[2025-08-01T02:36:29.918+0000] GC(1008)   Pre Evacuate Collection Set: 0.1ms
[2025-08-01T02:36:29.918+0000] GC(1008)   Evacuate Collection Set: 29.9ms
[2025-08-01T02:36:29.918+0000] GC(1008)   Post Evacuate Collection Set: 0.5ms
[2025-08-01T02:36:29.918+0000] GC(1008)   Other: 0.3ms
[2025-08-01T02:36:29.918+0000] GC(1008) Eden regions: 89->0(89)
[2025-08-01T02:36:29.918+0000] GC(1008) Survivor regions: 13->13(13)
[2025-08-01T02:36:29.918+0000] GC(1008) Old regions: 1728->1819
[2025-08-01T02:36:29.918+0000] GC(1008) Humongous regions: 0->0
[2025-08-01T02:36:29.918+0000] GC(1008) Metaspace: 9706K(12544K)->9706K(12544K) NonClass: 8540K(11008K)->8540K(11008K) Class: 1166K(1536K)->1166K(1536K)
[2025-08-01T02:36:29.918+0000] GC(1008) Pause Young (Normal) (G1 Evacuation Pause) 3656M->3660M(4096M) 30.926ms
[2025-08-01T02:36:29.918+0000] GC(1008) User=0.24s Sys=0.00s Real=0.03s
[2025-08-01T02:36:29.981+0000] GC(1009) Pause Young (Normal) (G1 Evacuation Pause)
[2025-08-01T02:36:29.981+0000] GC(1009) Using 8 workers of 8 for evacuation
[2025-08-01T02:36:30.010+0000] GC(1009)   Pre Evacuate Collection Set: 0.1ms
[2025-08-01T02:36:30.010+0000] GC(1009)   Evacuate Collection Set: 27.6ms
[2025-08-01T02:36:30.010+0000] GC(1009)   Post Evacuate Collection Set: 0.6ms
[2025-08-01T02:36:30.010+0000] GC(1009)   Other: 0.2ms
[2025-08-01T02:36:30.010+0000] GC(1009) Eden regions: 89->0(89)
[2025-08-01T02:36:30.010+0000] GC(1009) Survivor regions: 13->13(13)
[2025-08-01T02:36:30.010+0000] GC(1009) Old regions: 1819->1879
[2025-08-01T02:36:30.010+0000] GC(1009) Humongous regions: 0->0
[2025-08-01T02:36:30.010+0000] GC(1009) Metaspace: 9706K(12544K)->9706K(12544K) NonClass: 8540K(11008K)->8540K(11008K) Class: 1166K(1536K)->1166K(1536K)
[2025-08-01T02:36:30.010+0000] GC(1009) Pause Young (Normal) (G1 Evacuation Pause) 3838M->3780M(4096M) 28.752ms
[2025-08-01T02:36:30.010+0000] GC(1009) User=0.21s Sys=0.00s Real=0.03s
[2025-08-01T02:36:30.026+0000] GC(1010) Pause Young (Normal) (G1 Evacuation Pause)
[2025-08-01T02:36:30.026+0000] GC(1010) Using 8 workers of 8 for evacuation
[2025-08-01T02:36:30.060+0000] GC(1010) To-space exhausted
[2025-08-01T02:36:30.060+0000] GC(1010)   Pre Evacuate Collection Set: 0.1ms
[2025-08-01T02:36:30.060+0000] GC(1010)   Evacuate Collection Set: 28.5ms
[2025-08-01T02:36:30.060+0000] GC(1010)   Post Evacuate Collection Set: 4.9ms
[2025-08-01T02:36:30.060+0000] GC(1010)   Other: 0.3ms
[2025-08-01T02:36:30.060+0000] GC(1010) Eden regions: 89->0(89)
[2025-08-01T02:36:30.060+0000] GC(1010) Survivor regions: 13->13(13)
[2025-08-01T02:36:30.060+0000] GC(1010) Old regions: 1879->1972
[2025-08-01T02:36:30.060+0000] GC(1010) Humongous regions: 0->0
[2025-08-01T02:36:30.060+0000] GC(1010) Metaspace: 9706K(12544K)->9706K(12544K) NonClass: 8540K(11008K)->8540K(11008K) Class: 1166K(1536K)->1166K(1536K)
[2025-08-01T02:36:30.060+0000] GC(1010) Pause Young (Normal) (G1 Evacuation Pause) 3958M->3967M(4096M) 33.977ms
[2025-08-01T02:36:30.060+0000] GC(1010) User=0.23s Sys=0.00s Real=0.03s
[2025-08-01T02:36:30.118+0000] GC(1011) Pause Young (Normal) (G1 Evacuation Pause)
[2025-08-01T02:36:30.118+0000] GC(1011) Using 8 workers of 8 for evacuation
[2025-08-01T02:36:30.149+0000] GC(1011) To-space exhausted
[2025-08-01T02:36:30.149+0000] GC(1011)   Pre Evacuate Collection Set: 0.1ms
[2025-08-01T02:36:30.149+0000] GC(1011)   Evacuate Collection Set: 19.9ms
[2025-08-01T02:36:30.149+0000] GC(1011)   Post Evacuate Collection Set: 10.5ms
[2025-08-01T02:36:30.149+0000] GC(1011)   Other: 0.4ms
[2025-08-01T02:36:30.149+0000] GC(1011) Eden regions: 63->0(102)
[2025-08-01T02:36:30.149+0000] GC(1011) Survivor regions: 13->0(13)
[2025-08-01T02:36:30.149+0000] GC(1011) Old regions: 1972->2048
[2025-08-01T02:36:30.149+0000] GC(1011) Humongous regions: 0->0
[2025-08-01T02:36:30.149+0000] GC(1011) Metaspace: 9706K(12544K)->9706K(12544K) NonClass: 8540K(11008K)->8540K(11008K) Class: 1166K(1536K)->1166K(1536K)
[2025-08-01T02:36:30.149+0000] GC(1011) Pause Young (Normal) (G1 Evacuation Pause) 4093M->4093M(4096M) 31.085ms
[2025-08-01T02:36:30.149+0000] GC(1011) User=0.21s Sys=0.01s Real=0.03s
[2025-08-01T02:36:30.149+0000] GC(1012) Using 8 workers of 8 for full compaction
[2025-08-01T02:36:30.149+0000] GC(1012) Pause Full (G1 Evacuation Pause)
[2025-08-01T02:36:30.156+0000] GC(1012) Phase 1: Mark live objects
[2025-08-01T02:36:30.192+0000] GC(1012) Cleaned string and symbol table, strings: 2833 processed, 0 removed, symbols: 23489 processed, 0 removed
[2025-08-01T02:36:30.192+0000] GC(1012) Phase 1: Mark live objects 36.355ms
[2025-08-01T02:36:30.192+0000] GC(1012) Phase 2: Prepare for compaction
[2025-08-01T02:36:30.212+0000] GC(1012) Phase 2: Prepare for compaction 19.932ms
[2025-08-01T02:36:30.212+0000] GC(1012) Phase 3: Adjust pointers
[2025-08-01T02:36:30.232+0000] GC(1012) Phase 3: Adjust pointers 19.751ms
[2025-08-01T02:36:30.232+0000] GC(1012) Phase 4: Compact heap
[2025-08-01T02:36:30.295+0000] GC(1012) Phase 4: Compact heap 63.148ms
[2025-08-01T02:36:30.297+0000] GC(1012) Eden regions: 0->0(484)
[2025-08-01T02:36:30.297+0000] GC(1012) Survivor regions: 0->0(13)
[2025-08-01T02:36:30.297+0000] GC(1012) Old regions: 2048->203
[2025-08-01T02:36:30.297+0000] GC(1012) Humongous regions: 0->0
[2025-08-01T02:36:30.297+0000] GC(1012) Metaspace: 9706K(12544K)->9706K(12544K) NonClass: 8540K(11008K)->8540K(11008K) Class: 1166K(1536K)->1166K(1536K)
[2025-08-01T02:36:30.297+0000] GC(1012) Pause Full (G1 Evacuation Pause) 4093M->398M(4096M) 148.148ms
[2025-08-01T02:36:30.297+0000] GC(1012) User=0.96s Sys=0.02s Real=0.15s
[2025-08-01T02:36:30.298+0000] GC(996) Concurrent Rebuild Remembered Sets 758.095ms
[2025-08-01T02:36:30.298+0000] GC(996) Concurrent Mark Abort
[2025-08-01T02:36:30.298+0000] GC(996) Concurrent Cycle 1348.129ms
[2025-08-01T02:36:30.499+0000] GC(1013) Pause Young (Normal) (G1 Evacuation Pause)
[2025-08-01T02:36:30.499+0000] GC(1013) Using 8 workers of 8 for evacuation
[2025-08-01T02:36:30.733+0000] GC(1013) MMU target violated: 201.0ms (200.0ms/201.0ms)
[2025-08-01T02:36:30.733+0000] GC(1013)   Pre Evacuate Collection Set: 0.1ms
[2025-08-01T02:36:30.733+0000] GC(1013)   Evacuate Collection Set: 232.1ms
[2025-08-01T02:36:30.733+0000] GC(1013)   Post Evacuate Collection Set: 1.4ms
[2025-08-01T02:36:30.733+0000] GC(1013)   Other: 3.9ms
[2025-08-01T02:36:30.733+0000] GC(1013) Eden regions: 484->0(371)
[2025-08-01T02:36:30.733+0000] GC(1013) Survivor regions: 0->61(61)
[2025-08-01T02:36:30.733+0000] GC(1013) Old regions: 203->627
[2025-08-01T02:36:30.733+0000] GC(1013) Humongous regions: 0->0
[2025-08-01T02:36:30.733+0000] GC(1013) Metaspace: 9706K(12544K)->9706K(12544K) NonClass: 8540K(11008K)->8540K(11008K) Class: 1166K(1536K)->1166K(1536K)
[2025-08-01T02:36:30.733+0000] GC(1013) Pause Young (Normal) (G1 Evacuation Pause) 1366M->1367M(4096M) 234.812ms
[2025-08-01T02:36:30.733+0000] GC(1013) User=1.76s Sys=0.06s Real=0.24s
[2025-08-01T02:36:30.900+0000] GC(1014) Pause Young (Concurrent Start) (G1 Evacuation Pause)
[2025-08-01T02:36:30.900+0000] GC(1014) Using 8 workers of 8 for evacuation
[2025-08-01T02:36:30.979+0000] GC(1014)   Pre Evacuate Collection Set: 0.1ms
[2025-08-01T02:36:30.979+0000] GC(1014)   Evacuate Collection Set: 77.7ms
[2025-08-01T02:36:30.980+0000] GC(1014)   Post Evacuate Collection Set: 1.1ms
[2025-08-01T02:36:30.980+0000] GC(1014)   Other: 0.4ms
[2025-08-01T02:36:30.980+0000] GC(1014) Eden regions: 371->0(318)
[2025-08-01T02:36:30.980+0000] GC(1014) Survivor regions: 61->54(54)
[2025-08-01T02:36:30.980+0000] GC(1014) Old regions: 627->826
[2025-08-01T02:36:30.980+0000] GC(1014) Humongous regions: 0->0
[2025-08-01T02:36:30.980+0000] GC(1014) Metaspace: 9706K(12544K)->9706K(12544K) NonClass: 8540K(11008K)->8540K(11008K) Class: 1166K(1536K)->1166K(1536K)
[2025-08-01T02:36:30.980+0000] GC(1014) Pause Young (Concurrent Start) (G1 Evacuation Pause) 2109M->1751M(4096M) 79.399ms
[2025-08-01T02:36:30.980+0000] GC(1014) User=0.60s Sys=0.00s Real=0.08s
[2025-08-01T02:36:30.980+0000] GC(1015) Concurrent Cycle
[2025-08-01T02:36:30.980+0000] GC(1015) Concurrent Clear Claimed Marks
[2025-08-01T02:36:30.980+0000] GC(1015) Concurrent Clear Claimed Marks 0.072ms
[2025-08-01T02:36:30.980+0000] GC(1015) Concurrent Scan Root Regions
[2025-08-01T02:36:30.991+0000] GC(1015) Concurrent Scan Root Regions 11.039ms
[2025-08-01T02:36:30.991+0000] GC(1015) Concurrent Mark (129.987s)
[2025-08-01T02:36:30.991+0000] GC(1015) Concurrent Mark From Roots
[2025-08-01T02:36:30.991+0000] GC(1015) Using 2 workers of 2 for marking
[2025-08-01T02:36:31.121+0000] GC(1015) Concurrent Mark From Roots 129.518ms
[2025-08-01T02:36:31.121+0000] GC(1015) Concurrent Preclean
[2025-08-01T02:36:31.121+0000] GC(1015) Concurrent Preclean 0.511ms
[2025-08-01T02:36:31.121+0000] GC(1015) Concurrent Mark (129.987s, 130.117s) 130.255ms
[2025-08-01T02:36:31.122+0000] GC(1015) Pause Remark
[2025-08-01T02:36:31.124+0000] GC(1015) Cleaned string and symbol table, strings: 2833 processed, 0 removed, symbols: 23489 processed, 0 removed
[2025-08-01T02:36:31.125+0000] GC(1015) Pause Remark 2257M->1559M(4096M) 3.767ms
[2025-08-01T02:36:31.126+0000] GC(1015) User=0.01s Sys=0.00s Real=0.01s
[2025-08-01T02:36:31.126+0000] GC(1015) Concurrent Rebuild Remembered Sets
[2025-08-01T02:36:31.138+0000] GC(1016) Pause Young (Normal) (G1 Evacuation Pause)
[2025-08-01T02:36:31.138+0000] GC(1016) Using 8 workers of 8 for evacuation
[2025-08-01T02:36:31.255+0000] GC(1016)   Pre Evacuate Collection Set: 0.1ms
[2025-08-01T02:36:31.255+0000] GC(1016)   Evacuate Collection Set: 115.2ms
[2025-08-01T02:36:31.255+0000] GC(1016)   Post Evacuate Collection Set: 1.0ms
[2025-08-01T02:36:31.255+0000] GC(1016)   Other: 0.3ms
[2025-08-01T02:36:31.255+0000] GC(1016) Eden regions: 318->0(332)
[2025-08-01T02:36:31.255+0000] GC(1016) Survivor regions: 54->47(47)
[2025-08-01T02:36:31.255+0000] GC(1016) Old regions: 475->771
[2025-08-01T02:36:31.255+0000] GC(1016) Humongous regions: 0->0
[2025-08-01T02:36:31.255+0000] GC(1016) Metaspace: 9706K(12544K)->9706K(12544K) NonClass: 8540K(11008K)->8540K(11008K) Class: 1166K(1536K)->1166K(1536K)
[2025-08-01T02:36:31.255+0000] GC(1016) Pause Young (Normal) (G1 Evacuation Pause) 1689M->1631M(4096M) 116.780ms
[2025-08-01T02:36:31.255+0000] GC(1016) User=0.83s Sys=0.00s Real=0.12s
[2025-08-01T02:36:31.370+0000] GC(1015) Concurrent Rebuild Remembered Sets 244.132ms
[2025-08-01T02:36:31.370+0000] GC(1015) Pause Cleanup
[2025-08-01T02:36:31.372+0000] GC(1015) Pause Cleanup 2169M->2169M(4096M) 1.390ms
[2025-08-01T02:36:31.372+0000] GC(1015) User=0.00s Sys=0.00s Real=0.00s
[2025-08-01T02:36:31.372+0000] GC(1015) Concurrent Cleanup for Next Mark
[2025-08-01T02:36:31.380+0000] GC(1015) Concurrent Cleanup for Next Mark 8.506ms
[2025-08-01T02:36:31.380+0000] GC(1015) Concurrent Cycle 400.561ms
[2025-08-01T02:36:31.410+0000] GC(1017) Pause Young (Prepare Mixed) (G1 Evacuation Pause)
[2025-08-01T02:36:31.410+0000] GC(1017) Using 8 workers of 8 for evacuation
[2025-08-01T02:36:31.506+0000] GC(1017)   Pre Evacuate Collection Set: 0.2ms
[2025-08-01T02:36:31.506+0000] GC(1017)   Evacuate Collection Set: 95.0ms
[2025-08-01T02:36:31.506+0000] GC(1017)   Post Evacuate Collection Set: 1.1ms
[2025-08-01T02:36:31.506+0000] GC(1017)   Other: 0.3ms
[2025-08-01T02:36:31.506+0000] GC(1017) Eden regions: 332->0(54)
[2025-08-01T02:36:31.506+0000] GC(1017) Survivor regions: 47->48(48)
[2025-08-01T02:36:31.506+0000] GC(1017) Old regions: 771->1037
[2025-08-01T02:36:31.506+0000] GC(1017) Humongous regions: 0->0
[2025-08-01T02:36:31.506+0000] GC(1017) Metaspace: 9706K(12544K)->9706K(12544K) NonClass: 8540K(11008K)->8540K(11008K) Class: 1166K(1536K)->1166K(1536K)
[2025-08-01T02:36:31.506+0000] GC(1017) Pause Young (Prepare Mixed) (G1 Evacuation Pause) 2295M->2165M(4096M) 96.688ms
[2025-08-01T02:36:31.506+0000] GC(1017) User=0.74s Sys=0.00s Real=0.10s
[2025-08-01T02:36:31.518+0000] GC(1018) Pause Young (Mixed) (G1 Evacuation Pause)
[2025-08-01T02:36:31.518+0000] GC(1018) Using 8 workers of 8 for evacuation
[2025-08-01T02:36:31.549+0000] GC(1018)   Pre Evacuate Collection Set: 0.1ms
[2025-08-01T02:36:31.549+0000] GC(1018)   Evacuate Collection Set: 29.7ms
[2025-08-01T02:36:31.549+0000] GC(1018)   Post Evacuate Collection Set: 0.9ms
[2025-08-01T02:36:31.549+0000] GC(1018)   Other: 0.4ms
[2025-08-01T02:36:31.549+0000] GC(1018) Eden regions: 54->0(247)
[2025-08-01T02:36:31.549+0000] GC(1018) Survivor regions: 48->13(13)
[2025-08-01T02:36:31.549+0000] GC(1018) Old regions: 1037->1067
[2025-08-01T02:36:31.549+0000] GC(1018) Humongous regions: 0->0
[2025-08-01T02:36:31.549+0000] GC(1018) Metaspace: 9706K(12544K)->9706K(12544K) NonClass: 8540K(11008K)->8540K(11008K) Class: 1166K(1536K)->1166K(1536K)
[2025-08-01T02:36:31.549+0000] GC(1018) Pause Young (Mixed) (G1 Evacuation Pause) 2273M->2157M(4096M) 31.399ms
[2025-08-01T02:36:31.549+0000] GC(1018) User=0.24s Sys=0.00s Real=0.03s
[2025-08-01T02:36:31.638+0000] GC(1019) Pause Young (Concurrent Start) (G1 Evacuation Pause)
[2025-08-01T02:36:31.639+0000] GC(1019) Using 8 workers of 8 for evacuation
[2025-08-01T02:36:31.705+0000] GC(1019)   Pre Evacuate Collection Set: 0.1ms
[2025-08-01T02:36:31.705+0000] GC(1019)   Evacuate Collection Set: 65.6ms
[2025-08-01T02:36:31.705+0000] GC(1019)   Post Evacuate Collection Set: 0.8ms
[2025-08-01T02:36:31.705+0000] GC(1019)   Other: 0.4ms
[2025-08-01T02:36:31.705+0000] GC(1019) Eden regions: 247->0(209)
[2025-08-01T02:36:31.705+0000] GC(1019) Survivor regions: 13->33(33)
[2025-08-01T02:36:31.706+0000] GC(1019) Old regions: 1067->1175
[2025-08-01T02:36:31.706+0000] GC(1019) Humongous regions: 0->0
[2025-08-01T02:36:31.706+0000] GC(1019) Metaspace: 9706K(12544K)->9706K(12544K) NonClass: 8540K(11008K)->8540K(11008K) Class: 1166K(1536K)->1166K(1536K)
[2025-08-01T02:36:31.706+0000] GC(1019) Pause Young (Concurrent Start) (G1 Evacuation Pause) 2651M->2412M(4096M) 67.120ms
[2025-08-01T02:36:31.706+0000] GC(1019) User=0.50s Sys=0.02s Real=0.07s
[2025-08-01T02:36:31.706+0000] GC(1020) Concurrent Cycle
[2025-08-01T02:36:31.706+0000] GC(1020) Concurrent Clear Claimed Marks
[2025-08-01T02:36:31.706+0000] GC(1020) Concurrent Clear Claimed Marks 0.117ms
[2025-08-01T02:36:31.706+0000] GC(1020) Concurrent Scan Root Regions
[2025-08-01T02:36:31.714+0000] GC(1020) Concurrent Scan Root Regions 8.197ms
[2025-08-01T02:36:31.714+0000] GC(1020) Concurrent Mark (130.710s)
[2025-08-01T02:36:31.714+0000] GC(1020) Concurrent Mark From Roots
[2025-08-01T02:36:31.714+0000] GC(1020) Using 2 workers of 2 for marking
[2025-08-01T02:36:31.788+0000] GC(1021) Pause Young (Normal) (G1 Evacuation Pause)
[2025-08-01T02:36:31.788+0000] GC(1021) Using 8 workers of 8 for evacuation
[2025-08-01T02:36:31.858+0000] GC(1021)   Pre Evacuate Collection Set: 0.1ms
[2025-08-01T02:36:31.858+0000] GC(1021)   Evacuate Collection Set: 69.4ms
[2025-08-01T02:36:31.858+0000] GC(1021)   Post Evacuate Collection Set: 0.7ms
[2025-08-01T02:36:31.858+0000] GC(1021)   Other: 0.4ms
[2025-08-01T02:36:31.858+0000] GC(1021) Eden regions: 209->0(134)
[2025-08-01T02:36:31.858+0000] GC(1021) Survivor regions: 33->31(31)
[2025-08-01T02:36:31.858+0000] GC(1021) Old regions: 1175->1388
[2025-08-01T02:36:31.858+0000] GC(1021) Humongous regions: 0->0
[2025-08-01T02:36:31.858+0000] GC(1021) Metaspace: 9706K(12544K)->9706K(12544K) NonClass: 8540K(11008K)->8540K(11008K) Class: 1166K(1536K)->1166K(1536K)
[2025-08-01T02:36:31.858+0000] GC(1021) Pause Young (Normal) (G1 Evacuation Pause) 2830M->2834M(4096M) 70.786ms
[2025-08-01T02:36:31.858+0000] GC(1021) User=0.55s Sys=0.00s Real=0.07s
[2025-08-01T02:36:31.860+0000] GC(1020) Concurrent Mark From Roots 146.213ms
[2025-08-01T02:36:31.861+0000] GC(1020) Concurrent Preclean
[2025-08-01T02:36:31.861+0000] GC(1020) Concurrent Preclean 0.601ms
[2025-08-01T02:36:31.861+0000] GC(1020) Concurrent Mark (130.710s, 130.857s) 146.995ms
[2025-08-01T02:36:31.862+0000] GC(1020) Pause Remark
[2025-08-01T02:36:31.864+0000] GC(1020) Cleaned string and symbol table, strings: 2833 processed, 0 removed, symbols: 23489 processed, 0 removed
[2025-08-01T02:36:31.865+0000] GC(1020) Pause Remark 2860M->1032M(4096M) 3.665ms
[2025-08-01T02:36:31.865+0000] GC(1020) User=0.01s Sys=0.01s Real=0.01s
[2025-08-01T02:36:31.866+0000] GC(1020) Concurrent Rebuild Remembered Sets
[2025-08-01T02:36:31.919+0000] GC(1022) Pause Young (Normal) (G1 Evacuation Pause)
[2025-08-01T02:36:31.919+0000] GC(1022) Using 8 workers of 8 for evacuation
[2025-08-01T02:36:31.969+0000] GC(1022)   Pre Evacuate Collection Set: 0.1ms
[2025-08-01T02:36:31.970+0000] GC(1022)   Evacuate Collection Set: 48.7ms
[2025-08-01T02:36:31.970+0000] GC(1022)   Post Evacuate Collection Set: 1.1ms
[2025-08-01T02:36:31.970+0000] GC(1022)   Other: 0.3ms
[2025-08-01T02:36:31.970+0000] GC(1022) Eden regions: 134->0(419)
[2025-08-01T02:36:31.970+0000] GC(1022) Survivor regions: 31->21(21)
[2025-08-01T02:36:31.970+0000] GC(1022) Old regions: 474->619
[2025-08-01T02:36:31.970+0000] GC(1022) Humongous regions: 0->0
[2025-08-01T02:36:31.970+0000] GC(1022) Metaspace: 9706K(12544K)->9706K(12544K) NonClass: 8540K(11008K)->8540K(11008K) Class: 1166K(1536K)->1166K(1536K)
[2025-08-01T02:36:31.970+0000] GC(1022) Pause Young (Normal) (G1 Evacuation Pause) 1274M->1277M(4096M) 50.301ms
[2025-08-01T02:36:31.970+0000] GC(1022) User=0.39s Sys=0.00s Real=0.05s
[2025-08-01T02:36:32.037+0000] GC(1020) Concurrent Rebuild Remembered Sets 171.358ms
[2025-08-01T02:36:32.037+0000] GC(1020) Pause Cleanup
[2025-08-01T02:36:32.038+0000] GC(1020) Pause Cleanup 1607M->1607M(4096M) 0.606ms
[2025-08-01T02:36:32.038+0000] GC(1020) User=0.00s Sys=0.00s Real=0.00s
[2025-08-01T02:36:32.038+0000] GC(1020) Concurrent Cleanup for Next Mark
[2025-08-01T02:36:32.047+0000] GC(1020) Concurrent Cleanup for Next Mark 9.180ms
[2025-08-01T02:36:32.047+0000] GC(1020) Concurrent Cycle 341.665ms
[2025-08-01T02:36:32.141+0000] GC(1023) Pause Young (Normal) (G1 Evacuation Pause)
[2025-08-01T02:36:32.141+0000] GC(1023) Using 8 workers of 8 for evacuation
[2025-08-01T02:36:32.252+0000] GC(1023)   Pre Evacuate Collection Set: 0.2ms
[2025-08-01T02:36:32.252+0000] GC(1023)   Evacuate Collection Set: 110.3ms
[2025-08-01T02:36:32.252+0000] GC(1023)   Post Evacuate Collection Set: 0.9ms
[2025-08-01T02:36:32.252+0000] GC(1023)   Other: 0.4ms
[2025-08-01T02:36:32.252+0000] GC(1023) Eden regions: 419->0(383)
[2025-08-01T02:36:32.252+0000] GC(1023) Survivor regions: 21->55(55)
[2025-08-01T02:36:32.252+0000] GC(1023) Old regions: 619->748
[2025-08-01T02:36:32.252+0000] GC(1023) Humongous regions: 0->0
[2025-08-01T02:36:32.252+0000] GC(1023) Metaspace: 9706K(12544K)->9706K(12544K) NonClass: 8540K(11008K)->8540K(11008K) Class: 1166K(1536K)->1166K(1536K)
[2025-08-01T02:36:32.252+0000] GC(1023) Pause Young (Normal) (G1 Evacuation Pause) 2115M->1602M(4096M) 111.924ms
[2025-08-01T02:36:32.252+0000] GC(1023) User=0.83s Sys=0.04s Real=0.11s
[2025-08-01T02:36:32.424+0000] GC(1024) Pause Young (Concurrent Start) (G1 Evacuation Pause)
[2025-08-01T02:36:32.424+0000] GC(1024) Using 8 workers of 8 for evacuation
[2025-08-01T02:36:32.620+0000] GC(1024)   Pre Evacuate Collection Set: 0.1ms
[2025-08-01T02:36:32.620+0000] GC(1024)   Evacuate Collection Set: 194.8ms
[2025-08-01T02:36:32.620+0000] GC(1024)   Post Evacuate Collection Set: 1.1ms
[2025-08-01T02:36:32.620+0000] GC(1024)   Other: 0.6ms
[2025-08-01T02:36:32.620+0000] GC(1024) Eden regions: 383->0(234)
[2025-08-01T02:36:32.620+0000] GC(1024) Survivor regions: 55->55(55)
[2025-08-01T02:36:32.620+0000] GC(1024) Old regions: 748->1071
[2025-08-01T02:36:32.620+0000] GC(1024) Humongous regions: 0->0
[2025-08-01T02:36:32.620+0000] GC(1024) Metaspace: 9706K(12544K)->9706K(12544K) NonClass: 8540K(11008K)->8540K(11008K) Class: 1166K(1536K)->1166K(1536K)
[2025-08-01T02:36:32.620+0000] GC(1024) Pause Young (Concurrent Start) (G1 Evacuation Pause) 2368M->2249M(4096M) 196.638ms
[2025-08-01T02:36:32.620+0000] GC(1024) User=1.50s Sys=0.04s Real=0.19s
[2025-08-01T02:36:32.620+0000] GC(1025) Concurrent Cycle
[2025-08-01T02:36:32.621+0000] GC(1025) Concurrent Clear Claimed Marks
[2025-08-01T02:36:32.621+0000] GC(1025) Concurrent Clear Claimed Marks 0.086ms
[2025-08-01T02:36:32.621+0000] GC(1025) Concurrent Scan Root Regions
[2025-08-01T02:36:32.634+0000] GC(1025) Concurrent Scan Root Regions 13.434ms
[2025-08-01T02:36:32.634+0000] GC(1025) Concurrent Mark (131.630s)
[2025-08-01T02:36:32.634+0000] GC(1025) Concurrent Mark From Roots
[2025-08-01T02:36:32.634+0000] GC(1025) Using 2 workers of 2 for marking
[2025-08-01T02:36:32.711+0000] GC(1026) Pause Young (Normal) (G1 Evacuation Pause)
[2025-08-01T02:36:32.711+0000] GC(1026) Using 8 workers of 8 for evacuation
[2025-08-01T02:36:32.798+0000] GC(1026)   Pre Evacuate Collection Set: 0.1ms
[2025-08-01T02:36:32.798+0000] GC(1026)   Evacuate Collection Set: 85.8ms
[2025-08-01T02:36:32.798+0000] GC(1026)   Post Evacuate Collection Set: 0.9ms
[2025-08-01T02:36:32.798+0000] GC(1026)   Other: 0.3ms
[2025-08-01T02:36:32.798+0000] GC(1026) Eden regions: 234->0(151)
[2025-08-01T02:36:32.798+0000] GC(1026) Survivor regions: 55->37(37)
[2025-08-01T02:36:32.798+0000] GC(1026) Old regions: 1071->1325
[2025-08-01T02:36:32.798+0000] GC(1026) Humongous regions: 0->0
[2025-08-01T02:36:32.798+0000] GC(1026) Metaspace: 9706K(12544K)->9706K(12544K) NonClass: 8540K(11008K)->8540K(11008K) Class: 1166K(1536K)->1166K(1536K)
[2025-08-01T02:36:32.798+0000] GC(1026) Pause Young (Normal) (G1 Evacuation Pause) 2717M->2720M(4096M) 87.202ms
[2025-08-01T02:36:32.798+0000] GC(1026) User=0.67s Sys=0.01s Real=0.09s
[2025-08-01T02:36:32.867+0000] GC(1025) Concurrent Mark From Roots 232.421ms
[2025-08-01T02:36:32.867+0000] GC(1025) Concurrent Preclean
[2025-08-01T02:36:32.867+0000] GC(1025) Concurrent Preclean 0.520ms
[2025-08-01T02:36:32.867+0000] GC(1025) Concurrent Mark (131.630s, 131.863s) 233.089ms
[2025-08-01T02:36:32.868+0000] GC(1025) Pause Remark
[2025-08-01T02:36:32.872+0000] GC(1025) Cleaned string and symbol table, strings: 2833 processed, 0 removed, symbols: 23489 processed, 0 removed
[2025-08-01T02:36:32.873+0000] GC(1025) Pause Remark 2948M->1726M(4096M) 5.556ms
[2025-08-01T02:36:32.873+0000] GC(1025) User=0.02s Sys=0.00s Real=0.01s
[2025-08-01T02:36:32.874+0000] GC(1025) Concurrent Rebuild Remembered Sets
[2025-08-01T02:36:32.881+0000] GC(1027) Pause Young (Normal) (G1 Evacuation Pause)
[2025-08-01T02:36:32.881+0000] GC(1027) Using 8 workers of 8 for evacuation
[2025-08-01T02:36:32.937+0000] GC(1027)   Pre Evacuate Collection Set: 0.1ms
[2025-08-01T02:36:32.937+0000] GC(1027)   Evacuate Collection Set: 54.9ms
[2025-08-01T02:36:32.937+0000] GC(1027)   Post Evacuate Collection Set: 1.0ms
[2025-08-01T02:36:32.937+0000] GC(1027)   Other: 0.2ms
[2025-08-01T02:36:32.938+0000] GC(1027) Eden regions: 151->0(319)
[2025-08-01T02:36:32.938+0000] GC(1027) Survivor regions: 37->24(24)
[2025-08-01T02:36:32.938+0000] GC(1027) Old regions: 714->861
[2025-08-01T02:36:32.938+0000] GC(1027) Humongous regions: 0->0
[2025-08-01T02:36:32.938+0000] GC(1027) Metaspace: 9706K(12544K)->9706K(12544K) NonClass: 8540K(11008K)->8540K(11008K) Class: 1166K(1536K)->1166K(1536K)
[2025-08-01T02:36:32.938+0000] GC(1027) Pause Young (Normal) (G1 Evacuation Pause) 1800M->1766M(4096M) 56.372ms
[2025-08-01T02:36:32.938+0000] GC(1027) User=0.41s Sys=0.01s Real=0.06s
[2025-08-01T02:36:33.090+0000] GC(1028) Pause Young (Normal) (G1 Evacuation Pause)
[2025-08-01T02:36:33.090+0000] GC(1028) Using 8 workers of 8 for evacuation
[2025-08-01T02:36:33.173+0000] GC(1028)   Pre Evacuate Collection Set: 0.1ms
[2025-08-01T02:36:33.173+0000] GC(1028)   Evacuate Collection Set: 81.0ms
[2025-08-01T02:36:33.173+0000] GC(1028)   Post Evacuate Collection Set: 1.1ms
[2025-08-01T02:36:33.173+0000] GC(1028)   Other: 0.3ms
[2025-08-01T02:36:33.173+0000] GC(1028) Eden regions: 319->0(256)
[2025-08-01T02:36:33.173+0000] GC(1028) Survivor regions: 24->43(43)
[2025-08-01T02:36:33.173+0000] GC(1028) Old regions: 861->1030
[2025-08-01T02:36:33.173+0000] GC(1028) Humongous regions: 0->0
[2025-08-01T02:36:33.173+0000] GC(1028) Metaspace: 9706K(12544K)->9706K(12544K) NonClass: 8540K(11008K)->8540K(11008K) Class: 1166K(1536K)->1166K(1536K)
[2025-08-01T02:36:33.173+0000] GC(1028) Pause Young (Normal) (G1 Evacuation Pause) 2404M->2143M(4096M) 82.714ms
[2025-08-01T02:36:33.173+0000] GC(1028) User=0.64s Sys=0.01s Real=0.08s
[2025-08-01T02:36:33.234+0000] GC(1025) Concurrent Rebuild Remembered Sets 360.220ms
[2025-08-01T02:36:33.234+0000] GC(1025) Pause Cleanup
[2025-08-01T02:36:33.235+0000] GC(1025) Pause Cleanup 2422M->2422M(4096M) 0.777ms
[2025-08-01T02:36:33.235+0000] GC(1025) User=0.00s Sys=0.00s Real=0.00s
[2025-08-01T02:36:33.235+0000] GC(1025) Concurrent Cleanup for Next Mark
[2025-08-01T02:36:33.243+0000] GC(1025) Concurrent Cleanup for Next Mark 8.113ms
[2025-08-01T02:36:33.243+0000] GC(1025) Concurrent Cycle 622.786ms
[2025-08-01T02:36:33.274+0000] GC(1029) Pause Young (Normal) (G1 Evacuation Pause)
[2025-08-01T02:36:33.275+0000] GC(1029) Using 8 workers of 8 for evacuation
[2025-08-01T02:36:33.399+0000] GC(1029)   Pre Evacuate Collection Set: 0.1ms
[2025-08-01T02:36:33.399+0000] GC(1029)   Evacuate Collection Set: 123.7ms
[2025-08-01T02:36:33.399+0000] GC(1029)   Post Evacuate Collection Set: 0.8ms
[2025-08-01T02:36:33.399+0000] GC(1029)   Other: 0.3ms
[2025-08-01T02:36:33.399+0000] GC(1029) Eden regions: 256->0(162)
[2025-08-01T02:36:33.399+0000] GC(1029) Survivor regions: 43->38(38)
[2025-08-01T02:36:33.399+0000] GC(1029) Old regions: 1030->1292
[2025-08-01T02:36:33.399+0000] GC(1029) Humongous regions: 0->0
[2025-08-01T02:36:33.399+0000] GC(1029) Metaspace: 9706K(12544K)->9706K(12544K) NonClass: 8540K(11008K)->8540K(11008K) Class: 1166K(1536K)->1166K(1536K)
[2025-08-01T02:36:33.399+0000] GC(1029) Pause Young (Normal) (G1 Evacuation Pause) 2655M->2657M(4096M) 124.986ms
[2025-08-01T02:36:33.400+0000] GC(1029) User=0.87s Sys=0.05s Real=0.12s
[2025-08-01T02:36:33.482+0000] GC(1030) Pause Young (Concurrent Start) (G1 Evacuation Pause)
[2025-08-01T02:36:33.482+0000] GC(1030) Using 8 workers of 8 for evacuation
[2025-08-01T02:36:33.616+0000] GC(1030)   Pre Evacuate Collection Set: 0.2ms
[2025-08-01T02:36:33.616+0000] GC(1030)   Evacuate Collection Set: 132.3ms
[2025-08-01T02:36:33.616+0000] GC(1030)   Post Evacuate Collection Set: 1.2ms
[2025-08-01T02:36:33.616+0000] GC(1030)   Other: 0.4ms
[2025-08-01T02:36:33.616+0000] GC(1030) Eden regions: 162->0(109)
[2025-08-01T02:36:33.616+0000] GC(1030) Survivor regions: 38->25(25)
[2025-08-01T02:36:33.616+0000] GC(1030) Old regions: 1292->1469
[2025-08-01T02:36:33.616+0000] GC(1030) Humongous regions: 0->0
[2025-08-01T02:36:33.616+0000] GC(1030) Metaspace: 9706K(12544K)->9706K(12544K) NonClass: 8540K(11008K)->8540K(11008K) Class: 1166K(1536K)->1166K(1536K)
[2025-08-01T02:36:33.616+0000] GC(1030) Pause Young (Concurrent Start) (G1 Evacuation Pause) 2981M->2985M(4096M) 134.318ms
[2025-08-01T02:36:33.616+0000] GC(1030) User=1.01s Sys=0.03s Real=0.14s
[2025-08-01T02:36:33.616+0000] GC(1031) Concurrent Cycle
[2025-08-01T02:36:33.616+0000] GC(1031) Concurrent Clear Claimed Marks
[2025-08-01T02:36:33.616+0000] GC(1031) Concurrent Clear Claimed Marks 0.094ms
[2025-08-01T02:36:33.616+0000] GC(1031) Concurrent Scan Root Regions
[2025-08-01T02:36:33.625+0000] GC(1031) Concurrent Scan Root Regions 8.495ms
[2025-08-01T02:36:33.625+0000] GC(1031) Concurrent Mark (132.621s)
[2025-08-01T02:36:33.625+0000] GC(1031) Concurrent Mark From Roots
[2025-08-01T02:36:33.625+0000] GC(1031) Using 2 workers of 2 for marking
[2025-08-01T02:36:33.684+0000] GC(1032) Pause Young (Normal) (G1 Evacuation Pause)
[2025-08-01T02:36:33.684+0000] GC(1032) Using 8 workers of 8 for evacuation
[2025-08-01T02:36:33.731+0000] GC(1032)   Pre Evacuate Collection Set: 0.1ms
[2025-08-01T02:36:33.731+0000] GC(1032)   Evacuate Collection Set: 44.8ms
[2025-08-01T02:36:33.731+0000] GC(1032)   Post Evacuate Collection Set: 1.2ms
[2025-08-01T02:36:33.731+0000] GC(1032)   Other: 0.3ms
[2025-08-01T02:36:33.731+0000] GC(1032) Eden regions: 109->0(86)
[2025-08-01T02:36:33.731+0000] GC(1032) Survivor regions: 25->17(17)
[2025-08-01T02:36:33.731+0000] GC(1032) Old regions: 1469->1557
[2025-08-01T02:36:33.731+0000] GC(1032) Humongous regions: 0->0
[2025-08-01T02:36:33.731+0000] GC(1032) Metaspace: 9706K(12544K)->9706K(12544K) NonClass: 8540K(11008K)->8540K(11008K) Class: 1166K(1536K)->1166K(1536K)
[2025-08-01T02:36:33.731+0000] GC(1032) Pause Young (Normal) (G1 Evacuation Pause) 3203M->3144M(4096M) 46.629ms
[2025-08-01T02:36:33.731+0000] GC(1032) User=0.34s Sys=0.02s Real=0.04s
[2025-08-01T02:36:33.747+0000] GC(1033) Pause Young (Normal) (G1 Evacuation Pause)
[2025-08-01T02:36:33.747+0000] GC(1033) Using 8 workers of 8 for evacuation
[2025-08-01T02:36:33.780+0000] GC(1033)   Pre Evacuate Collection Set: 0.1ms
[2025-08-01T02:36:33.780+0000] GC(1033)   Evacuate Collection Set: 32.6ms
[2025-08-01T02:36:33.780+0000] GC(1033)   Post Evacuate Collection Set: 0.7ms
[2025-08-01T02:36:33.780+0000] GC(1033)   Other: 0.3ms
[2025-08-01T02:36:33.780+0000] GC(1033) Eden regions: 86->0(89)
[2025-08-01T02:36:33.780+0000] GC(1033) Survivor regions: 17->13(13)
[2025-08-01T02:36:33.780+0000] GC(1033) Old regions: 1557->1649
[2025-08-01T02:36:33.780+0000] GC(1033) Humongous regions: 0->0
[2025-08-01T02:36:33.780+0000] GC(1033) Metaspace: 9706K(12544K)->9706K(12544K) NonClass: 8540K(11008K)->8540K(11008K) Class: 1166K(1536K)->1166K(1536K)
[2025-08-01T02:36:33.780+0000] GC(1033) Pause Young (Normal) (G1 Evacuation Pause) 3316M->3320M(4096M) 33.729ms
[2025-08-01T02:36:33.780+0000] GC(1033) User=0.26s Sys=0.00s Real=0.03s
[2025-08-01T02:36:33.802+0000] GC(1034) Pause Young (Normal) (G1 Evacuation Pause)
[2025-08-01T02:36:33.802+0000] GC(1034) Using 8 workers of 8 for evacuation
[2025-08-01T02:36:33.820+0000] GC(1034)   Pre Evacuate Collection Set: 0.1ms
[2025-08-01T02:36:33.820+0000] GC(1034)   Evacuate Collection Set: 17.1ms
[2025-08-01T02:36:33.820+0000] GC(1034)   Post Evacuate Collection Set: 0.5ms
[2025-08-01T02:36:33.820+0000] GC(1034)   Other: 0.3ms
[2025-08-01T02:36:33.820+0000] GC(1034) Eden regions: 89->0(89)
[2025-08-01T02:36:33.820+0000] GC(1034) Survivor regions: 13->13(13)
[2025-08-01T02:36:33.820+0000] GC(1034) Old regions: 1649->1684
[2025-08-01T02:36:33.820+0000] GC(1034) Humongous regions: 0->0
[2025-08-01T02:36:33.820+0000] GC(1034) Metaspace: 9706K(12544K)->9706K(12544K) NonClass: 8540K(11008K)->8540K(11008K) Class: 1166K(1536K)->1166K(1536K)
[2025-08-01T02:36:33.820+0000] GC(1034) Pause Young (Normal) (G1 Evacuation Pause) 3498M->3391M(4096M) 18.175ms
[2025-08-01T02:36:33.820+0000] GC(1034) User=0.13s Sys=0.00s Real=0.02s
[2025-08-01T02:36:33.857+0000] GC(1035) Pause Young (Normal) (G1 Evacuation Pause)
[2025-08-01T02:36:33.857+0000] GC(1035) Using 8 workers of 8 for evacuation
[2025-08-01T02:36:33.881+0000] GC(1035)   Pre Evacuate Collection Set: 0.3ms
[2025-08-01T02:36:33.881+0000] GC(1035)   Evacuate Collection Set: 23.9ms
[2025-08-01T02:36:33.881+0000] GC(1035)   Post Evacuate Collection Set: 0.3ms
[2025-08-01T02:36:33.882+0000] GC(1035)   Other: 0.3ms
[2025-08-01T02:36:33.882+0000] GC(1035) Eden regions: 89->0(89)
[2025-08-01T02:36:33.882+0000] GC(1035) Survivor regions: 13->13(13)
[2025-08-01T02:36:33.882+0000] GC(1035) Old regions: 1684->1742
[2025-08-01T02:36:33.882+0000] GC(1035) Humongous regions: 0->0
[2025-08-01T02:36:33.882+0000] GC(1035) Metaspace: 9706K(12544K)->9706K(12544K) NonClass: 8540K(11008K)->8540K(11008K) Class: 1166K(1536K)->1166K(1536K)
[2025-08-01T02:36:33.882+0000] GC(1035) Pause Young (Normal) (G1 Evacuation Pause) 3569M->3507M(4096M) 24.938ms
[2025-08-01T02:36:33.882+0000] GC(1035) User=0.19s Sys=0.01s Real=0.02s
[2025-08-01T02:36:33.898+0000] GC(1036) Pause Young (Normal) (G1 Evacuation Pause)
[2025-08-01T02:36:33.898+0000] GC(1036) Using 8 workers of 8 for evacuation
[2025-08-01T02:36:33.930+0000] GC(1036)   Pre Evacuate Collection Set: 0.1ms
[2025-08-01T02:36:33.930+0000] GC(1036)   Evacuate Collection Set: 31.0ms
[2025-08-01T02:36:33.930+0000] GC(1036)   Post Evacuate Collection Set: 0.4ms
[2025-08-01T02:36:33.930+0000] GC(1036)   Other: 0.2ms
[2025-08-01T02:36:33.930+0000] GC(1036) Eden regions: 89->0(89)
[2025-08-01T02:36:33.930+0000] GC(1036) Survivor regions: 13->13(13)
[2025-08-01T02:36:33.930+0000] GC(1036) Old regions: 1742->1833
[2025-08-01T02:36:33.930+0000] GC(1036) Humongous regions: 0->0
[2025-08-01T02:36:33.930+0000] GC(1036) Metaspace: 9706K(12544K)->9706K(12544K) NonClass: 8540K(11008K)->8540K(11008K) Class: 1166K(1536K)->1166K(1536K)
[2025-08-01T02:36:33.930+0000] GC(1036) Pause Young (Normal) (G1 Evacuation Pause) 3685M->3688M(4096M) 31.968ms
[2025-08-01T02:36:33.930+0000] GC(1036) User=0.23s Sys=0.00s Real=0.03s
[2025-08-01T02:36:33.987+0000] GC(1037) Pause Young (Normal) (G1 Evacuation Pause)
[2025-08-01T02:36:33.987+0000] GC(1037) Using 8 workers of 8 for evacuation
[2025-08-01T02:36:34.031+0000] GC(1037)   Pre Evacuate Collection Set: 0.1ms
[2025-08-01T02:36:34.031+0000] GC(1037)   Evacuate Collection Set: 43.6ms
[2025-08-01T02:36:34.032+0000] GC(1037)   Post Evacuate Collection Set: 0.5ms
[2025-08-01T02:36:34.032+0000] GC(1037)   Other: 0.3ms
[2025-08-01T02:36:34.032+0000] GC(1037) Eden regions: 89->0(89)
[2025-08-01T02:36:34.032+0000] GC(1037) Survivor regions: 13->13(13)
[2025-08-01T02:36:34.032+0000] GC(1037) Old regions: 1833->1924
[2025-08-01T02:36:34.032+0000] GC(1037) Humongous regions: 0->0
[2025-08-01T02:36:34.032+0000] GC(1037) Metaspace: 9706K(12544K)->9706K(12544K) NonClass: 8540K(11008K)->8540K(11008K) Class: 1166K(1536K)->1166K(1536K)
[2025-08-01T02:36:34.032+0000] GC(1037) Pause Young (Normal) (G1 Evacuation Pause) 3866M->3870M(4096M) 44.620ms
[2025-08-01T02:36:34.032+0000] GC(1037) User=0.33s Sys=0.00s Real=0.04s
[2025-08-01T02:36:34.048+0000] GC(1038) Pause Young (Normal) (G1 Evacuation Pause)
[2025-08-01T02:36:34.048+0000] GC(1038) Using 8 workers of 8 for evacuation
[2025-08-01T02:36:34.081+0000] GC(1038) To-space exhausted
[2025-08-01T02:36:34.081+0000] GC(1038)   Pre Evacuate Collection Set: 0.1ms
[2025-08-01T02:36:34.081+0000] GC(1038)   Evacuate Collection Set: 22.7ms
[2025-08-01T02:36:34.081+0000] GC(1038)   Post Evacuate Collection Set: 9.4ms
[2025-08-01T02:36:34.081+0000] GC(1038)   Other: 0.4ms
[2025-08-01T02:36:34.081+0000] GC(1038) Eden regions: 89->0(92)
[2025-08-01T02:36:34.081+0000] GC(1038) Survivor regions: 13->10(13)
[2025-08-01T02:36:34.081+0000] GC(1038) Old regions: 1924->2028
[2025-08-01T02:36:34.081+0000] GC(1038) Humongous regions: 0->0
[2025-08-01T02:36:34.081+0000] GC(1038) Metaspace: 9706K(12544K)->9706K(12544K) NonClass: 8540K(11008K)->8540K(11008K) Class: 1166K(1536K)->1166K(1536K)
[2025-08-01T02:36:34.081+0000] GC(1038) Pause Young (Normal) (G1 Evacuation Pause) 4048M->4073M(4096M) 32.645ms
[2025-08-01T02:36:34.081+0000] GC(1038) User=0.22s Sys=0.00s Real=0.03s
[2025-08-01T02:36:34.083+0000] GC(1039) Pause Young (Normal) (G1 Evacuation Pause)
[2025-08-01T02:36:34.084+0000] GC(1039) Using 8 workers of 8 for evacuation
[2025-08-01T02:36:34.092+0000] GC(1039) To-space exhausted
[2025-08-01T02:36:34.092+0000] GC(1039)   Pre Evacuate Collection Set: 0.1ms
[2025-08-01T02:36:34.092+0000] GC(1039)   Evacuate Collection Set: 5.2ms
[2025-08-01T02:36:34.092+0000] GC(1039)   Post Evacuate Collection Set: 2.8ms
[2025-08-01T02:36:34.092+0000] GC(1039)   Other: 0.3ms
[2025-08-01T02:36:34.092+0000] GC(1039) Eden regions: 10->0(102)
[2025-08-01T02:36:34.092+0000] GC(1039) Survivor regions: 10->0(13)
[2025-08-01T02:36:34.092+0000] GC(1039) Old regions: 2028->2048
[2025-08-01T02:36:34.092+0000] GC(1039) Humongous regions: 0->0
[2025-08-01T02:36:34.092+0000] GC(1039) Metaspace: 9706K(12544K)->9706K(12544K) NonClass: 8540K(11008K)->8540K(11008K) Class: 1166K(1536K)->1166K(1536K)
[2025-08-01T02:36:34.092+0000] GC(1039) Pause Young (Normal) (G1 Evacuation Pause) 4093M->4093M(4096M) 8.617ms
[2025-08-01T02:36:34.092+0000] GC(1039) User=0.05s Sys=0.00s Real=0.00s
[2025-08-01T02:36:34.092+0000] GC(1040) Using 8 workers of 8 for full compaction
[2025-08-01T02:36:34.092+0000] GC(1040) Pause Full (G1 Evacuation Pause)
[2025-08-01T02:36:34.098+0000] GC(1040) Phase 1: Mark live objects
[2025-08-01T02:36:34.127+0000] GC(1040) Cleaned string and symbol table, strings: 2833 processed, 0 removed, symbols: 23489 processed, 0 removed
[2025-08-01T02:36:34.127+0000] GC(1040) Phase 1: Mark live objects 29.021ms
[2025-08-01T02:36:34.127+0000] GC(1040) Phase 2: Prepare for compaction
[2025-08-01T02:36:34.162+0000] GC(1040) Phase 2: Prepare for compaction 35.471ms
[2025-08-01T02:36:34.162+0000] GC(1040) Phase 3: Adjust pointers
[2025-08-01T02:36:34.197+0000] GC(1040) Phase 3: Adjust pointers 34.424ms
[2025-08-01T02:36:34.197+0000] GC(1040) Phase 4: Compact heap
[2025-08-01T02:36:34.315+0000] GC(1040) Phase 4: Compact heap 117.847ms
[2025-08-01T02:36:34.317+0000] GC(1040) Eden regions: 0->0(467)
[2025-08-01T02:36:34.317+0000] GC(1040) Survivor regions: 0->0(13)
[2025-08-01T02:36:34.317+0000] GC(1040) Old regions: 2048->404
[2025-08-01T02:36:34.317+0000] GC(1040) Humongous regions: 0->0
[2025-08-01T02:36:34.317+0000] GC(1040) Metaspace: 9706K(12544K)->9706K(12544K) NonClass: 8540K(11008K)->8540K(11008K) Class: 1166K(1536K)->1166K(1536K)
[2025-08-01T02:36:34.317+0000] GC(1040) Pause Full (G1 Evacuation Pause) 4093M->795M(4096M) 225.071ms
[2025-08-01T02:36:34.317+0000] GC(1040) User=1.66s Sys=0.01s Real=0.23s
[2025-08-01T02:36:34.318+0000] GC(1031) Concurrent Mark From Roots 692.558ms
[2025-08-01T02:36:34.318+0000] GC(1031) Concurrent Mark Abort
[2025-08-01T02:36:34.318+0000] GC(1031) Concurrent Cycle 701.500ms
[2025-08-01T02:36:34.567+0000] GC(1041) Pause Young (Normal) (G1 Evacuation Pause)
[2025-08-01T02:36:34.567+0000] GC(1041) Using 8 workers of 8 for evacuation
[2025-08-01T02:36:34.724+0000] GC(1041)   Pre Evacuate Collection Set: 0.1ms
[2025-08-01T02:36:34.724+0000] GC(1041)   Evacuate Collection Set: 154.5ms
[2025-08-01T02:36:34.724+0000] GC(1041)   Post Evacuate Collection Set: 1.5ms
[2025-08-01T02:36:34.724+0000] GC(1041)   Other: 0.3ms
[2025-08-01T02:36:34.724+0000] GC(1041) Eden regions: 467->0(339)
[2025-08-01T02:36:34.724+0000] GC(1041) Survivor regions: 0->59(59)
[2025-08-01T02:36:34.724+0000] GC(1041) Old regions: 404->748
[2025-08-01T02:36:34.724+0000] GC(1041) Humongous regions: 0->0
[2025-08-01T02:36:34.724+0000] GC(1041) Metaspace: 9706K(12544K)->9706K(12544K) NonClass: 8540K(11008K)->8540K(11008K) Class: 1166K(1536K)->1166K(1536K)
[2025-08-01T02:36:34.724+0000] GC(1041) Pause Young (Normal) (G1 Evacuation Pause) 1729M->1599M(4096M) 156.557ms
[2025-08-01T02:36:34.724+0000] GC(1041) User=1.18s Sys=0.03s Real=0.16s
[2025-08-01T02:36:34.880+0000] GC(1042) Pause Young (Concurrent Start) (G1 Evacuation Pause)
[2025-08-01T02:36:34.880+0000] GC(1042) Using 8 workers of 8 for evacuation
[2025-08-01T02:36:35.051+0000] GC(1042)   Pre Evacuate Collection Set: 0.1ms
[2025-08-01T02:36:35.051+0000] GC(1042)   Evacuate Collection Set: 169.0ms
[2025-08-01T02:36:35.051+0000] GC(1042)   Post Evacuate Collection Set: 1.2ms
[2025-08-01T02:36:35.051+0000] GC(1042)   Other: 0.4ms
[2025-08-01T02:36:35.051+0000] GC(1042) Eden regions: 339->0(280)
[2025-08-01T02:36:35.051+0000] GC(1042) Survivor regions: 59->50(50)
[2025-08-01T02:36:35.051+0000] GC(1042) Old regions: 748->940
[2025-08-01T02:36:35.051+0000] GC(1042) Humongous regions: 0->0
[2025-08-01T02:36:35.051+0000] GC(1042) Metaspace: 9706K(12544K)->9706K(12544K) NonClass: 8540K(11008K)->8540K(11008K) Class: 1166K(1536K)->1166K(1536K)
[2025-08-01T02:36:35.051+0000] GC(1042) Pause Young (Concurrent Start) (G1 Evacuation Pause) 2277M->1966M(4096M) 171.073ms
[2025-08-01T02:36:35.051+0000] GC(1042) User=1.29s Sys=0.03s Real=0.17s
[2025-08-01T02:36:35.052+0000] GC(1043) Concurrent Cycle
[2025-08-01T02:36:35.052+0000] GC(1043) Concurrent Clear Claimed Marks
[2025-08-01T02:36:35.052+0000] GC(1043) Concurrent Clear Claimed Marks 0.075ms
[2025-08-01T02:36:35.052+0000] GC(1043) Concurrent Scan Root Regions
[2025-08-01T02:36:35.072+0000] GC(1043) Concurrent Scan Root Regions 19.966ms
[2025-08-01T02:36:35.072+0000] GC(1043) Concurrent Mark (134.067s)
[2025-08-01T02:36:35.072+0000] GC(1043) Concurrent Mark From Roots
[2025-08-01T02:36:35.072+0000] GC(1043) Using 2 workers of 2 for marking
[2025-08-01T02:36:35.167+0000] GC(1044) Pause Young (Normal) (G1 Evacuation Pause)
[2025-08-01T02:36:35.167+0000] GC(1044) Using 8 workers of 8 for evacuation
[2025-08-01T02:36:35.265+0000] GC(1044)   Pre Evacuate Collection Set: 0.1ms
[2025-08-01T02:36:35.265+0000] GC(1044)   Evacuate Collection Set: 96.4ms
[2025-08-01T02:36:35.265+0000] GC(1044)   Post Evacuate Collection Set: 0.9ms
[2025-08-01T02:36:35.265+0000] GC(1044)   Other: 0.4ms
[2025-08-01T02:36:35.265+0000] GC(1044) Eden regions: 280->0(178)
[2025-08-01T02:36:35.265+0000] GC(1044) Survivor regions: 50->42(42)
[2025-08-01T02:36:35.265+0000] GC(1044) Old regions: 940->1230
[2025-08-01T02:36:35.265+0000] GC(1044) Humongous regions: 0->0
[2025-08-01T02:36:35.265+0000] GC(1044) Metaspace: 9706K(12544K)->9706K(12544K) NonClass: 8540K(11008K)->8540K(11008K) Class: 1166K(1536K)->1166K(1536K)
[2025-08-01T02:36:35.265+0000] GC(1044) Pause Young (Normal) (G1 Evacuation Pause) 2526M->2531M(4096M) 97.987ms
[2025-08-01T02:36:35.265+0000] GC(1044) User=0.76s Sys=0.00s Real=0.10s
[2025-08-01T02:36:35.291+0000] GC(1043) Concurrent Mark From Roots 219.593ms
[2025-08-01T02:36:35.292+0000] GC(1043) Concurrent Preclean
[2025-08-01T02:36:35.292+0000] GC(1043) Concurrent Preclean 0.315ms
[2025-08-01T02:36:35.292+0000] GC(1043) Concurrent Mark (134.067s, 134.287s) 220.104ms
[2025-08-01T02:36:35.292+0000] GC(1043) Pause Remark
[2025-08-01T02:36:35.296+0000] GC(1043) Cleaned string and symbol table, strings: 2833 processed, 0 removed, symbols: 23489 processed, 0 removed
[2025-08-01T02:36:35.297+0000] GC(1043) Pause Remark 2758M->1848M(4096M) 5.125ms
[2025-08-01T02:36:35.297+0000] GC(1043) User=0.01s Sys=0.01s Real=0.01s
[2025-08-01T02:36:35.297+0000] GC(1043) Concurrent Rebuild Remembered Sets
[2025-08-01T02:36:35.343+0000] GC(1045) Pause Young (Normal) (G1 Evacuation Pause)
[2025-08-01T02:36:35.343+0000] GC(1045) Using 8 workers of 8 for evacuation
[2025-08-01T02:36:35.417+0000] GC(1045)   Pre Evacuate Collection Set: 0.1ms
[2025-08-01T02:36:35.417+0000] GC(1045)   Evacuate Collection Set: 73.1ms
[2025-08-01T02:36:35.417+0000] GC(1045)   Post Evacuate Collection Set: 0.6ms
[2025-08-01T02:36:35.417+0000] GC(1045)   Other: 0.3ms
[2025-08-01T02:36:35.417+0000] GC(1045) Eden regions: 178->0(281)
[2025-08-01T02:36:35.417+0000] GC(1045) Survivor regions: 42->28(28)
[2025-08-01T02:36:35.417+0000] GC(1045) Old regions: 770->938
[2025-08-01T02:36:35.417+0000] GC(1045) Humongous regions: 0->0
[2025-08-01T02:36:35.417+0000] GC(1045) Metaspace: 9706K(12544K)->9706K(12544K) NonClass: 8540K(11008K)->8540K(11008K) Class: 1166K(1536K)->1166K(1536K)
[2025-08-01T02:36:35.417+0000] GC(1045) Pause Young (Normal) (G1 Evacuation Pause) 1977M->1928M(4096M) 74.185ms
[2025-08-01T02:36:35.417+0000] GC(1045) User=0.54s Sys=0.02s Real=0.07s
[2025-08-01T02:36:35.516+0000] GC(1046) Pause Young (Normal) (G1 Evacuation Pause)
[2025-08-01T02:36:35.516+0000] GC(1046) Using 8 workers of 8 for evacuation
[2025-08-01T02:36:35.580+0000] GC(1046)   Pre Evacuate Collection Set: 0.1ms
[2025-08-01T02:36:35.580+0000] GC(1046)   Evacuate Collection Set: 62.1ms
[2025-08-01T02:36:35.580+0000] GC(1046)   Post Evacuate Collection Set: 0.9ms
[2025-08-01T02:36:35.580+0000] GC(1046)   Other: 0.3ms
[2025-08-01T02:36:35.580+0000] GC(1046) Eden regions: 281->0(236)
[2025-08-01T02:36:35.580+0000] GC(1046) Survivor regions: 28->39(39)
[2025-08-01T02:36:35.580+0000] GC(1046) Old regions: 938->1088
[2025-08-01T02:36:35.580+0000] GC(1046) Humongous regions: 0->0
[2025-08-01T02:36:35.580+0000] GC(1046) Metaspace: 9706K(12544K)->9706K(12544K) NonClass: 8540K(11008K)->8540K(11008K) Class: 1166K(1536K)->1166K(1536K)
[2025-08-01T02:36:35.580+0000] GC(1046) Pause Young (Normal) (G1 Evacuation Pause) 2490M->2250M(4096M) 63.586ms
[2025-08-01T02:36:35.580+0000] GC(1046) User=0.48s Sys=0.01s Real=0.06s
[2025-08-01T02:36:35.618+0000] GC(1043) Concurrent Rebuild Remembered Sets 320.590ms
[2025-08-01T02:36:35.618+0000] GC(1043) Pause Cleanup
[2025-08-01T02:36:35.619+0000] GC(1043) Pause Cleanup 2465M->2465M(4096M) 0.771ms
[2025-08-01T02:36:35.619+0000] GC(1043) User=0.00s Sys=0.00s Real=0.00s
[2025-08-01T02:36:35.619+0000] GC(1043) Concurrent Cleanup for Next Mark
[2025-08-01T02:36:35.626+0000] GC(1043) Concurrent Cleanup for Next Mark 7.142ms
[2025-08-01T02:36:35.626+0000] GC(1043) Concurrent Cycle 574.971ms
[2025-08-01T02:36:35.667+0000] GC(1047) Pause Young (Prepare Mixed) (G1 Evacuation Pause)
[2025-08-01T02:36:35.667+0000] GC(1047) Using 8 workers of 8 for evacuation
[2025-08-01T02:36:35.763+0000] GC(1047)   Pre Evacuate Collection Set: 0.1ms
[2025-08-01T02:36:35.763+0000] GC(1047)   Evacuate Collection Set: 94.1ms
[2025-08-01T02:36:35.763+0000] GC(1047)   Post Evacuate Collection Set: 1.0ms
[2025-08-01T02:36:35.763+0000] GC(1047)   Other: 0.4ms
[2025-08-01T02:36:35.763+0000] GC(1047) Eden regions: 236->0(67)
[2025-08-01T02:36:35.763+0000] GC(1047) Survivor regions: 39->35(35)
[2025-08-01T02:36:35.763+0000] GC(1047) Old regions: 1088->1308
[2025-08-01T02:36:35.763+0000] GC(1047) Humongous regions: 0->0
[2025-08-01T02:36:35.763+0000] GC(1047) Metaspace: 9706K(12544K)->9706K(12544K) NonClass: 8540K(11008K)->8540K(11008K) Class: 1166K(1536K)->1166K(1536K)
[2025-08-01T02:36:35.763+0000] GC(1047) Pause Young (Prepare Mixed) (G1 Evacuation Pause) 2722M->2682M(4096M) 95.803ms
[2025-08-01T02:36:35.763+0000] GC(1047) User=0.73s Sys=0.02s Real=0.10s
[2025-08-01T02:36:35.774+0000] GC(1048) Pause Young (Mixed) (G1 Evacuation Pause)
[2025-08-01T02:36:35.774+0000] GC(1048) Using 8 workers of 8 for evacuation
[2025-08-01T02:36:35.810+0000] GC(1048)   Pre Evacuate Collection Set: 0.2ms
[2025-08-01T02:36:35.810+0000] GC(1048)   Evacuate Collection Set: 34.8ms
[2025-08-01T02:36:35.811+0000] GC(1048)   Post Evacuate Collection Set: 0.8ms
[2025-08-01T02:36:35.811+0000] GC(1048)   Other: 0.4ms
[2025-08-01T02:36:35.811+0000] GC(1048) Eden regions: 67->0(178)
[2025-08-01T02:36:35.811+0000] GC(1048) Survivor regions: 35->13(13)
[2025-08-01T02:36:35.811+0000] GC(1048) Old regions: 1308->1269
[2025-08-01T02:36:35.811+0000] GC(1048) Humongous regions: 0->0
[2025-08-01T02:36:35.811+0000] GC(1048) Metaspace: 9706K(12544K)->9706K(12544K) NonClass: 8540K(11008K)->8540K(11008K) Class: 1166K(1536K)->1166K(1536K)
[2025-08-01T02:36:35.811+0000] GC(1048) Pause Young (Mixed) (G1 Evacuation Pause) 2816M->2560M(4096M) 36.267ms
[2025-08-01T02:36:35.811+0000] GC(1048) User=0.27s Sys=0.00s Real=0.03s
[2025-08-01T02:36:35.888+0000] GC(1049) Pause Young (Concurrent Start) (G1 Evacuation Pause)
[2025-08-01T02:36:35.888+0000] GC(1049) Using 8 workers of 8 for evacuation
[2025-08-01T02:36:35.962+0000] GC(1049)   Pre Evacuate Collection Set: 0.1ms
[2025-08-01T02:36:35.963+0000] GC(1049)   Evacuate Collection Set: 72.6ms
[2025-08-01T02:36:35.963+0000] GC(1049)   Post Evacuate Collection Set: 1.2ms
[2025-08-01T02:36:35.963+0000] GC(1049)   Other: 0.4ms
[2025-08-01T02:36:35.963+0000] GC(1049) Eden regions: 178->0(119)
[2025-08-01T02:36:35.963+0000] GC(1049) Survivor regions: 13->24(24)
[2025-08-01T02:36:35.963+0000] GC(1049) Old regions: 1269->1437
[2025-08-01T02:36:35.963+0000] GC(1049) Humongous regions: 0->0
[2025-08-01T02:36:35.963+0000] GC(1049) Metaspace: 9706K(12544K)->9706K(12544K) NonClass: 8540K(11008K)->8540K(11008K) Class: 1166K(1536K)->1166K(1536K)
[2025-08-01T02:36:35.963+0000] GC(1049) Pause Young (Concurrent Start) (G1 Evacuation Pause) 2916M->2919M(4096M) 74.506ms
[2025-08-01T02:36:35.963+0000] GC(1049) User=0.55s Sys=0.03s Real=0.07s
[2025-08-01T02:36:35.963+0000] GC(1050) Concurrent Cycle
[2025-08-01T02:36:35.963+0000] GC(1050) Concurrent Clear Claimed Marks
[2025-08-01T02:36:35.963+0000] GC(1050) Concurrent Clear Claimed Marks 0.070ms
[2025-08-01T02:36:35.963+0000] GC(1050) Concurrent Scan Root Regions
[2025-08-01T02:36:35.969+0000] GC(1050) Concurrent Scan Root Regions 6.116ms
[2025-08-01T02:36:35.969+0000] GC(1050) Concurrent Mark (134.965s)
[2025-08-01T02:36:35.969+0000] GC(1050) Concurrent Mark From Roots
[2025-08-01T02:36:35.969+0000] GC(1050) Using 2 workers of 2 for marking
[2025-08-01T02:36:36.034+0000] GC(1051) Pause Young (Normal) (G1 Evacuation Pause)
[2025-08-01T02:36:36.035+0000] GC(1051) Using 8 workers of 8 for evacuation
[2025-08-01T02:36:36.088+0000] GC(1051)   Pre Evacuate Collection Set: 0.1ms
[2025-08-01T02:36:36.089+0000] GC(1051)   Evacuate Collection Set: 52.5ms
[2025-08-01T02:36:36.089+0000] GC(1051)   Post Evacuate Collection Set: 1.1ms
[2025-08-01T02:36:36.089+0000] GC(1051)   Other: 0.3ms
[2025-08-01T02:36:36.089+0000] GC(1051) Eden regions: 119->0(86)
[2025-08-01T02:36:36.089+0000] GC(1051) Survivor regions: 24->18(18)
[2025-08-01T02:36:36.089+0000] GC(1051) Old regions: 1437->1548
[2025-08-01T02:36:36.089+0000] GC(1051) Humongous regions: 0->0
[2025-08-01T02:36:36.089+0000] GC(1051) Metaspace: 9706K(12544K)->9706K(12544K) NonClass: 8540K(11008K)->8540K(11008K) Class: 1166K(1536K)->1166K(1536K)
[2025-08-01T02:36:36.089+0000] GC(1051) Pause Young (Normal) (G1 Evacuation Pause) 3157M->3128M(4096M) 54.220ms
[2025-08-01T02:36:36.089+0000] GC(1051) User=0.39s Sys=0.02s Real=0.05s
[2025-08-01T02:36:36.105+0000] GC(1052) Pause Young (Normal) (G1 Evacuation Pause)
[2025-08-01T02:36:36.105+0000] GC(1052) Using 8 workers of 8 for evacuation
[2025-08-01T02:36:36.149+0000] GC(1052)   Pre Evacuate Collection Set: 0.1ms
[2025-08-01T02:36:36.149+0000] GC(1052)   Evacuate Collection Set: 42.9ms
[2025-08-01T02:36:36.149+0000] GC(1052)   Post Evacuate Collection Set: 0.6ms
[2025-08-01T02:36:36.149+0000] GC(1052)   Other: 0.2ms
[2025-08-01T02:36:36.149+0000] GC(1052) Eden regions: 86->0(89)
[2025-08-01T02:36:36.149+0000] GC(1052) Survivor regions: 18->13(13)
[2025-08-01T02:36:36.149+0000] GC(1052) Old regions: 1548->1641
[2025-08-01T02:36:36.149+0000] GC(1052) Humongous regions: 0->0
[2025-08-01T02:36:36.149+0000] GC(1052) Metaspace: 9706K(12544K)->9706K(12544K) NonClass: 8540K(11008K)->8540K(11008K) Class: 1166K(1536K)->1166K(1536K)
[2025-08-01T02:36:36.149+0000] GC(1052) Pause Young (Normal) (G1 Evacuation Pause) 3300M->3305M(4096M) 44.098ms
[2025-08-01T02:36:36.149+0000] GC(1052) User=0.33s Sys=0.00s Real=0.04s
[2025-08-01T02:36:36.212+0000] GC(1053) Pause Young (Normal) (G1 Evacuation Pause)
[2025-08-01T02:36:36.212+0000] GC(1053) Using 8 workers of 8 for evacuation
[2025-08-01T02:36:36.256+0000] GC(1053)   Pre Evacuate Collection Set: 0.1ms
[2025-08-01T02:36:36.256+0000] GC(1053)   Evacuate Collection Set: 42.4ms
[2025-08-01T02:36:36.256+0000] GC(1053)   Post Evacuate Collection Set: 0.7ms
[2025-08-01T02:36:36.256+0000] GC(1053)   Other: 0.3ms
[2025-08-01T02:36:36.256+0000] GC(1053) Eden regions: 89->0(89)
[2025-08-01T02:36:36.256+0000] GC(1053) Survivor regions: 13->13(13)
[2025-08-01T02:36:36.256+0000] GC(1053) Old regions: 1641->1709
[2025-08-01T02:36:36.256+0000] GC(1053) Humongous regions: 0->0
[2025-08-01T02:36:36.256+0000] GC(1053) Metaspace: 9706K(12544K)->9706K(12544K) NonClass: 8540K(11008K)->8540K(11008K) Class: 1166K(1536K)->1166K(1536K)
[2025-08-01T02:36:36.256+0000] GC(1053) Pause Young (Normal) (G1 Evacuation Pause) 3483M->3441M(4096M) 43.669ms
[2025-08-01T02:36:36.256+0000] GC(1053) User=0.31s Sys=0.01s Real=0.05s
[2025-08-01T02:36:36.276+0000] GC(1054) Pause Young (Normal) (G1 Evacuation Pause)
[2025-08-01T02:36:36.276+0000] GC(1054) Using 8 workers of 8 for evacuation
[2025-08-01T02:36:36.306+0000] GC(1054)   Pre Evacuate Collection Set: 0.1ms
[2025-08-01T02:36:36.306+0000] GC(1054)   Evacuate Collection Set: 29.0ms
[2025-08-01T02:36:36.306+0000] GC(1054)   Post Evacuate Collection Set: 0.5ms
[2025-08-01T02:36:36.306+0000] GC(1054)   Other: 0.3ms
[2025-08-01T02:36:36.306+0000] GC(1054) Eden regions: 89->0(89)
[2025-08-01T02:36:36.306+0000] GC(1054) Survivor regions: 13->13(13)
[2025-08-01T02:36:36.306+0000] GC(1054) Old regions: 1709->1772
[2025-08-01T02:36:36.306+0000] GC(1054) Humongous regions: 0->0
[2025-08-01T02:36:36.306+0000] GC(1054) Metaspace: 9706K(12544K)->9706K(12544K) NonClass: 8540K(11008K)->8540K(11008K) Class: 1166K(1536K)->1166K(1536K)
[2025-08-01T02:36:36.306+0000] GC(1054) Pause Young (Normal) (G1 Evacuation Pause) 3619M->3566M(4096M) 30.011ms
[2025-08-01T02:36:36.306+0000] GC(1054) User=0.21s Sys=0.01s Real=0.03s
[2025-08-01T02:36:36.333+0000] GC(1055) Pause Young (Normal) (G1 Evacuation Pause)
[2025-08-01T02:36:36.333+0000] GC(1055) Using 8 workers of 8 for evacuation
[2025-08-01T02:36:36.359+0000] GC(1055)   Pre Evacuate Collection Set: 0.1ms
[2025-08-01T02:36:36.359+0000] GC(1055)   Evacuate Collection Set: 25.4ms
[2025-08-01T02:36:36.359+0000] GC(1055)   Post Evacuate Collection Set: 0.7ms
[2025-08-01T02:36:36.360+0000] GC(1055)   Other: 0.3ms
[2025-08-01T02:36:36.360+0000] GC(1055) Eden regions: 89->0(89)
[2025-08-01T02:36:36.360+0000] GC(1055) Survivor regions: 13->13(13)
[2025-08-01T02:36:36.360+0000] GC(1055) Old regions: 1772->1832
[2025-08-01T02:36:36.360+0000] GC(1055) Humongous regions: 0->0
[2025-08-01T02:36:36.360+0000] GC(1055) Metaspace: 9706K(12544K)->9706K(12544K) NonClass: 8540K(11008K)->8540K(11008K) Class: 1166K(1536K)->1166K(1536K)
[2025-08-01T02:36:36.360+0000] GC(1055) Pause Young (Normal) (G1 Evacuation Pause) 3744M->3687M(4096M) 26.666ms
[2025-08-01T02:36:36.360+0000] GC(1055) User=0.20s Sys=0.00s Real=0.02s
[2025-08-01T02:36:36.380+0000] GC(1056) Pause Young (Normal) (G1 Evacuation Pause)
[2025-08-01T02:36:36.380+0000] GC(1056) Using 8 workers of 8 for evacuation
[2025-08-01T02:36:36.416+0000] GC(1056)   Pre Evacuate Collection Set: 0.1ms
[2025-08-01T02:36:36.416+0000] GC(1056)   Evacuate Collection Set: 34.7ms
[2025-08-01T02:36:36.416+0000] GC(1056)   Post Evacuate Collection Set: 0.6ms
[2025-08-01T02:36:36.416+0000] GC(1056)   Other: 0.3ms
[2025-08-01T02:36:36.416+0000] GC(1056) Eden regions: 89->0(89)
[2025-08-01T02:36:36.416+0000] GC(1056) Survivor regions: 13->13(13)
[2025-08-01T02:36:36.416+0000] GC(1056) Old regions: 1832->1923
[2025-08-01T02:36:36.416+0000] GC(1056) Humongous regions: 0->0
[2025-08-01T02:36:36.416+0000] GC(1056) Metaspace: 9706K(12544K)->9706K(12544K) NonClass: 8540K(11008K)->8540K(11008K) Class: 1166K(1536K)->1166K(1536K)
[2025-08-01T02:36:36.416+0000] GC(1056) Pause Young (Normal) (G1 Evacuation Pause) 3865M->3868M(4096M) 35.911ms
[2025-08-01T02:36:36.416+0000] GC(1056) User=0.27s Sys=0.00s Real=0.04s
[2025-08-01T02:36:36.437+0000] GC(1057) Pause Young (Normal) (G1 Evacuation Pause)
[2025-08-01T02:36:36.437+0000] GC(1057) Using 8 workers of 8 for evacuation
[2025-08-01T02:36:36.466+0000] GC(1057) To-space exhausted
[2025-08-01T02:36:36.466+0000] GC(1057)   Pre Evacuate Collection Set: 0.2ms
[2025-08-01T02:36:36.466+0000] GC(1057)   Evacuate Collection Set: 18.5ms
[2025-08-01T02:36:36.466+0000] GC(1057)   Post Evacuate Collection Set: 10.3ms
[2025-08-01T02:36:36.466+0000] GC(1057)   Other: 0.3ms
[2025-08-01T02:36:36.466+0000] GC(1057) Eden regions: 89->0(92)
[2025-08-01T02:36:36.466+0000] GC(1057) Survivor regions: 13->10(13)
[2025-08-01T02:36:36.466+0000] GC(1057) Old regions: 1923->2032
[2025-08-01T02:36:36.466+0000] GC(1057) Humongous regions: 0->0
[2025-08-01T02:36:36.466+0000] GC(1057) Metaspace: 9706K(12544K)->9706K(12544K) NonClass: 8540K(11008K)->8540K(11008K) Class: 1166K(1536K)->1166K(1536K)
[2025-08-01T02:36:36.466+0000] GC(1057) Pause Young (Normal) (G1 Evacuation Pause) 4046M->4081M(4096M) 29.376ms
[2025-08-01T02:36:36.466+0000] GC(1057) User=0.20s Sys=0.00s Real=0.03s
[2025-08-01T02:36:36.468+0000] GC(1058) Pause Young (Normal) (G1 Evacuation Pause)
[2025-08-01T02:36:36.468+0000] GC(1058) Using 8 workers of 8 for evacuation
[2025-08-01T02:36:36.475+0000] GC(1058) To-space exhausted
[2025-08-01T02:36:36.475+0000] GC(1058)   Pre Evacuate Collection Set: 0.1ms
[2025-08-01T02:36:36.475+0000] GC(1058)   Evacuate Collection Set: 4.4ms
[2025-08-01T02:36:36.475+0000] GC(1058)   Post Evacuate Collection Set: 2.5ms
[2025-08-01T02:36:36.475+0000] GC(1058)   Other: 0.3ms
[2025-08-01T02:36:36.475+0000] GC(1058) Eden regions: 6->0(102)
[2025-08-01T02:36:36.475+0000] GC(1058) Survivor regions: 10->0(13)
[2025-08-01T02:36:36.475+0000] GC(1058) Old regions: 2032->2048
[2025-08-01T02:36:36.475+0000] GC(1058) Humongous regions: 0->0
[2025-08-01T02:36:36.475+0000] GC(1058) Metaspace: 9706K(12544K)->9706K(12544K) NonClass: 8540K(11008K)->8540K(11008K) Class: 1166K(1536K)->1166K(1536K)
[2025-08-01T02:36:36.475+0000] GC(1058) Pause Young (Normal) (G1 Evacuation Pause) 4093M->4093M(4096M) 7.420ms
[2025-08-01T02:36:36.475+0000] GC(1058) User=0.04s Sys=0.01s Real=0.01s
[2025-08-01T02:36:36.475+0000] GC(1059) Using 8 workers of 8 for full compaction
[2025-08-01T02:36:36.475+0000] GC(1059) Pause Full (G1 Evacuation Pause)
[2025-08-01T02:36:36.480+0000] GC(1059) Phase 1: Mark live objects
[2025-08-01T02:36:36.512+0000] GC(1059) Cleaned string and symbol table, strings: 2833 processed, 0 removed, symbols: 23489 processed, 0 removed
[2025-08-01T02:36:36.512+0000] GC(1059) Phase 1: Mark live objects 32.122ms
[2025-08-01T02:36:36.512+0000] GC(1059) Phase 2: Prepare for compaction
[2025-08-01T02:36:36.548+0000] GC(1059) Phase 2: Prepare for compaction 35.629ms
[2025-08-01T02:36:36.548+0000] GC(1059) Phase 3: Adjust pointers
[2025-08-01T02:36:36.578+0000] GC(1059) Phase 3: Adjust pointers 30.312ms
[2025-08-01T02:36:36.579+0000] GC(1059) Phase 4: Compact heap
[2025-08-01T02:36:36.697+0000] GC(1059) Phase 4: Compact heap 118.171ms
[2025-08-01T02:36:36.699+0000] GC(1059) Eden regions: 0->0(505)
[2025-08-01T02:36:36.699+0000] GC(1059) Survivor regions: 0->0(13)
[2025-08-01T02:36:36.699+0000] GC(1059) Old regions: 2048->369
[2025-08-01T02:36:36.699+0000] GC(1059) Humongous regions: 0->0
[2025-08-01T02:36:36.699+0000] GC(1059) Metaspace: 9706K(12544K)->9706K(12544K) NonClass: 8540K(11008K)->8540K(11008K) Class: 1166K(1536K)->1166K(1536K)
[2025-08-01T02:36:36.699+0000] GC(1059) Pause Full (G1 Evacuation Pause) 4093M->728M(4096M) 223.971ms
[2025-08-01T02:36:36.699+0000] GC(1059) User=1.58s Sys=0.03s Real=0.22s
[2025-08-01T02:36:36.703+0000] GC(1050) Concurrent Mark From Roots 733.804ms
[2025-08-01T02:36:36.703+0000] GC(1050) Concurrent Mark Abort
[2025-08-01T02:36:36.703+0000] GC(1050) Concurrent Cycle 740.436ms
[2025-08-01T02:36:36.892+0000] GC(1060) Pause Young (Normal) (G1 Evacuation Pause)
[2025-08-01T02:36:36.892+0000] GC(1060) Using 8 workers of 8 for evacuation
[2025-08-01T02:36:37.049+0000] GC(1060)   Pre Evacuate Collection Set: 0.1ms
[2025-08-01T02:36:37.049+0000] GC(1060)   Evacuate Collection Set: 154.3ms
[2025-08-01T02:36:37.049+0000] GC(1060)   Post Evacuate Collection Set: 1.7ms
[2025-08-01T02:36:37.049+0000] GC(1060)   Other: 0.7ms
[2025-08-01T02:36:37.049+0000] GC(1060) Eden regions: 505->0(416)
[2025-08-01T02:36:37.049+0000] GC(1060) Survivor regions: 0->64(64)
[2025-08-01T02:36:37.049+0000] GC(1060) Old regions: 369->604
[2025-08-01T02:36:37.049+0000] GC(1060) Humongous regions: 0->0
[2025-08-01T02:36:37.049+0000] GC(1060) Metaspace: 9706K(12544K)->9706K(12544K) NonClass: 8540K(11008K)->8540K(11008K) Class: 1166K(1536K)->1166K(1536K)
[2025-08-01T02:36:37.049+0000] GC(1060) Pause Young (Normal) (G1 Evacuation Pause) 1738M->1324M(4096M) 157.121ms
[2025-08-01T02:36:37.049+0000] GC(1060) User=1.19s Sys=0.01s Real=0.16s
[2025-08-01T02:36:37.228+0000] GC(1061) Pause Young (Concurrent Start) (G1 Evacuation Pause)
[2025-08-01T02:36:37.228+0000] GC(1061) Using 8 workers of 8 for evacuation
[2025-08-01T02:36:37.382+0000] GC(1061)   Pre Evacuate Collection Set: 0.1ms
[2025-08-01T02:36:37.382+0000] GC(1061)   Evacuate Collection Set: 153.0ms
[2025-08-01T02:36:37.382+0000] GC(1061)   Post Evacuate Collection Set: 1.1ms
[2025-08-01T02:36:37.382+0000] GC(1061)   Other: 0.5ms
[2025-08-01T02:36:37.382+0000] GC(1061) Eden regions: 416->0(311)
[2025-08-01T02:36:37.382+0000] GC(1061) Survivor regions: 64->60(60)
[2025-08-01T02:36:37.382+0000] GC(1061) Old regions: 604->875
[2025-08-01T02:36:37.382+0000] GC(1061) Humongous regions: 0->0
[2025-08-01T02:36:37.382+0000] GC(1061) Metaspace: 9706K(12544K)->9706K(12544K) NonClass: 8540K(11008K)->8540K(11008K) Class: 1166K(1536K)->1166K(1536K)
[2025-08-01T02:36:37.382+0000] GC(1061) Pause Young (Concurrent Start) (G1 Evacuation Pause) 2156M->1860M(4096M) 154.748ms
[2025-08-01T02:36:37.382+0000] GC(1061) User=1.14s Sys=0.04s Real=0.15s
[2025-08-01T02:36:37.382+0000] GC(1062) Concurrent Cycle
[2025-08-01T02:36:37.382+0000] GC(1062) Concurrent Clear Claimed Marks
[2025-08-01T02:36:37.382+0000] GC(1062) Concurrent Clear Claimed Marks 0.037ms
[2025-08-01T02:36:37.382+0000] GC(1062) Concurrent Scan Root Regions
[2025-08-01T02:36:37.396+0000] GC(1062) Concurrent Scan Root Regions 13.678ms
[2025-08-01T02:36:37.396+0000] GC(1062) Concurrent Mark (136.392s)
[2025-08-01T02:36:37.396+0000] GC(1062) Concurrent Mark From Roots
[2025-08-01T02:36:37.396+0000] GC(1062) Using 2 workers of 2 for marking
[2025-08-01T02:36:37.489+0000] GC(1063) Pause Young (Normal) (G1 Evacuation Pause)
[2025-08-01T02:36:37.489+0000] GC(1063) Using 8 workers of 8 for evacuation
[2025-08-01T02:36:37.591+0000] GC(1063)   Pre Evacuate Collection Set: 0.1ms
[2025-08-01T02:36:37.591+0000] GC(1063)   Evacuate Collection Set: 101.5ms
[2025-08-01T02:36:37.591+0000] GC(1063)   Post Evacuate Collection Set: 0.7ms
[2025-08-01T02:36:37.591+0000] GC(1063)   Other: 0.3ms
[2025-08-01T02:36:37.591+0000] GC(1063) Eden regions: 311->0(229)
[2025-08-01T02:36:37.591+0000] GC(1063) Survivor regions: 60->47(47)
[2025-08-01T02:36:37.591+0000] GC(1063) Old regions: 875->1112
[2025-08-01T02:36:37.591+0000] GC(1063) Humongous regions: 0->0
[2025-08-01T02:36:37.592+0000] GC(1063) Metaspace: 9706K(12544K)->9706K(12544K) NonClass: 8540K(11008K)->8540K(11008K) Class: 1166K(1536K)->1166K(1536K)
[2025-08-01T02:36:37.592+0000] GC(1063) Pause Young (Normal) (G1 Evacuation Pause) 2482M->2307M(4096M) 102.824ms
[2025-08-01T02:36:37.592+0000] GC(1063) User=0.79s Sys=0.00s Real=0.10s
[2025-08-01T02:36:37.628+0000] GC(1062) Concurrent Mark From Roots 231.479ms
[2025-08-01T02:36:37.628+0000] GC(1062) Concurrent Preclean
[2025-08-01T02:36:37.628+0000] GC(1062) Concurrent Preclean 0.406ms
[2025-08-01T02:36:37.628+0000] GC(1062) Concurrent Mark (136.392s, 136.624s) 232.050ms
[2025-08-01T02:36:37.628+0000] GC(1062) Pause Remark
[2025-08-01T02:36:37.631+0000] GC(1062) Cleaned string and symbol table, strings: 2833 processed, 0 removed, symbols: 23489 processed, 0 removed
[2025-08-01T02:36:37.632+0000] GC(1062) Pause Remark 2582M->1823M(4096M) 3.386ms
[2025-08-01T02:36:37.632+0000] GC(1062) User=0.01s Sys=0.01s Real=0.00s
[2025-08-01T02:36:37.632+0000] GC(1062) Concurrent Rebuild Remembered Sets
[2025-08-01T02:36:37.680+0000] GC(1064) Pause Young (Normal) (G1 Evacuation Pause)
[2025-08-01T02:36:37.680+0000] GC(1064) Using 8 workers of 8 for evacuation
[2025-08-01T02:36:37.747+0000] GC(1064)   Pre Evacuate Collection Set: 0.1ms
[2025-08-01T02:36:37.747+0000] GC(1064)   Evacuate Collection Set: 65.0ms
[2025-08-01T02:36:37.747+0000] GC(1064)   Post Evacuate Collection Set: 1.1ms
[2025-08-01T02:36:37.747+0000] GC(1064)   Other: 0.4ms
[2025-08-01T02:36:37.747+0000] GC(1064) Eden regions: 229->0(309)
[2025-08-01T02:36:37.747+0000] GC(1064) Survivor regions: 47->35(35)
[2025-08-01T02:36:37.747+0000] GC(1064) Old regions: 729->911
[2025-08-01T02:36:37.747+0000] GC(1064) Humongous regions: 0->0
[2025-08-01T02:36:37.747+0000] GC(1064) Metaspace: 9706K(12544K)->9706K(12544K) NonClass: 8540K(11008K)->8540K(11008K) Class: 1166K(1536K)->1166K(1536K)
[2025-08-01T02:36:37.747+0000] GC(1064) Pause Young (Normal) (G1 Evacuation Pause) 2006M->1888M(4096M) 66.720ms
[2025-08-01T02:36:37.747+0000] GC(1064) User=0.51s Sys=0.00s Real=0.07s
[2025-08-01T02:36:37.852+0000] GC(1065) Pause Young (Normal) (G1 Evacuation Pause)
[2025-08-01T02:36:37.852+0000] GC(1065) Using 8 workers of 8 for evacuation
[2025-08-01T02:36:37.932+0000] GC(1065)   Pre Evacuate Collection Set: 0.1ms
[2025-08-01T02:36:37.932+0000] GC(1065)   Evacuate Collection Set: 78.7ms
[2025-08-01T02:36:37.932+0000] GC(1065)   Post Evacuate Collection Set: 0.8ms
[2025-08-01T02:36:37.932+0000] GC(1065)   Other: 0.8ms
[2025-08-01T02:36:37.932+0000] GC(1065) Eden regions: 309->0(224)
[2025-08-01T02:36:37.932+0000] GC(1065) Survivor regions: 35->43(43)
[2025-08-01T02:36:37.932+0000] GC(1065) Old regions: 911->1124
[2025-08-01T02:36:37.932+0000] GC(1065) Humongous regions: 0->0
[2025-08-01T02:36:37.932+0000] GC(1065) Metaspace: 9706K(12544K)->9706K(12544K) NonClass: 8540K(11008K)->8540K(11008K) Class: 1166K(1536K)->1166K(1536K)
[2025-08-01T02:36:37.932+0000] GC(1065) Pause Young (Normal) (G1 Evacuation Pause) 2506M->2331M(4096M) 80.137ms
[2025-08-01T02:36:37.932+0000] GC(1065) User=0.62s Sys=0.00s Real=0.08s
[2025-08-01T02:36:37.974+0000] GC(1062) Concurrent Rebuild Remembered Sets 342.265ms
[2025-08-01T02:36:37.975+0000] GC(1062) Pause Cleanup
[2025-08-01T02:36:37.976+0000] GC(1062) Pause Cleanup 2618M->2618M(4096M) 0.928ms
[2025-08-01T02:36:37.976+0000] GC(1062) User=0.00s Sys=0.00s Real=0.00s
[2025-08-01T02:36:37.976+0000] GC(1062) Concurrent Cleanup for Next Mark
[2025-08-01T02:36:37.984+0000] GC(1062) Concurrent Cleanup for Next Mark 8.273ms
[2025-08-01T02:36:37.984+0000] GC(1062) Concurrent Cycle 601.769ms
[2025-08-01T02:36:38.024+0000] GC(1066) Pause Young (Prepare Mixed) (G1 Evacuation Pause)
[2025-08-01T02:36:38.024+0000] GC(1066) Using 8 workers of 8 for evacuation
[2025-08-01T02:36:38.139+0000] GC(1066)   Pre Evacuate Collection Set: 0.1ms
[2025-08-01T02:36:38.139+0000] GC(1066)   Evacuate Collection Set: 112.3ms
[2025-08-01T02:36:38.139+0000] GC(1066)   Post Evacuate Collection Set: 2.4ms
[2025-08-01T02:36:38.139+0000] GC(1066)   Other: 0.3ms
[2025-08-01T02:36:38.139+0000] GC(1066) Eden regions: 224->0(68)
[2025-08-01T02:36:38.139+0000] GC(1066) Survivor regions: 43->34(34)
[2025-08-01T02:36:38.139+0000] GC(1066) Old regions: 1124->1358
[2025-08-01T02:36:38.139+0000] GC(1066) Humongous regions: 0->0
[2025-08-01T02:36:38.139+0000] GC(1066) Metaspace: 9706K(12544K)->9706K(12544K) NonClass: 8540K(11008K)->8540K(11008K) Class: 1166K(1536K)->1166K(1536K)
[2025-08-01T02:36:38.139+0000] GC(1066) Pause Young (Prepare Mixed) (G1 Evacuation Pause) 2779M->2781M(4096M) 115.280ms
[2025-08-01T02:36:38.139+0000] GC(1066) User=0.87s Sys=0.03s Real=0.11s
[2025-08-01T02:36:38.151+0000] GC(1067) Pause Young (Mixed) (G1 Evacuation Pause)
[2025-08-01T02:36:38.151+0000] GC(1067) Using 8 workers of 8 for evacuation
[2025-08-01T02:36:38.184+0000] GC(1067)   Pre Evacuate Collection Set: 0.1ms
[2025-08-01T02:36:38.184+0000] GC(1067)   Evacuate Collection Set: 32.3ms
[2025-08-01T02:36:38.184+0000] GC(1067)   Post Evacuate Collection Set: 0.7ms
[2025-08-01T02:36:38.184+0000] GC(1067)   Other: 0.4ms
[2025-08-01T02:36:38.184+0000] GC(1067) Eden regions: 68->0(142)
[2025-08-01T02:36:38.184+0000] GC(1067) Survivor regions: 34->13(13)
[2025-08-01T02:36:38.184+0000] GC(1067) Old regions: 1358->1376
[2025-08-01T02:36:38.184+0000] GC(1067) Humongous regions: 0->0
[2025-08-01T02:36:38.184+0000] GC(1067) Metaspace: 9706K(12544K)->9706K(12544K) NonClass: 8540K(11008K)->8540K(11008K) Class: 1166K(1536K)->1166K(1536K)
[2025-08-01T02:36:38.184+0000] GC(1067) Pause Young (Mixed) (G1 Evacuation Pause) 2917M->2774M(4096M) 33.631ms
[2025-08-01T02:36:38.184+0000] GC(1067) User=0.23s Sys=0.00s Real=0.04s
[2025-08-01T02:36:38.258+0000] GC(1068) Pause Young (Concurrent Start) (G1 Evacuation Pause)
[2025-08-01T02:36:38.259+0000] GC(1068) Using 8 workers of 8 for evacuation
[2025-08-01T02:36:38.344+0000] GC(1068)   Pre Evacuate Collection Set: 1.1ms
[2025-08-01T02:36:38.344+0000] GC(1068)   Evacuate Collection Set: 83.1ms
[2025-08-01T02:36:38.344+0000] GC(1068)   Post Evacuate Collection Set: 0.9ms
[2025-08-01T02:36:38.344+0000] GC(1068)   Other: 1.0ms
[2025-08-01T02:36:38.344+0000] GC(1068) Eden regions: 142->0(103)
[2025-08-01T02:36:38.344+0000] GC(1068) Survivor regions: 13->20(20)
[2025-08-01T02:36:38.344+0000] GC(1068) Old regions: 1376->1494
[2025-08-01T02:36:38.344+0000] GC(1068) Humongous regions: 0->0
[2025-08-01T02:36:38.344+0000] GC(1068) Metaspace: 9706K(12544K)->9706K(12544K) NonClass: 8540K(11008K)->8540K(11008K) Class: 1166K(1536K)->1166K(1536K)
[2025-08-01T02:36:38.344+0000] GC(1068) Pause Young (Concurrent Start) (G1 Evacuation Pause) 3058M->3024M(4096M) 86.251ms
[2025-08-01T02:36:38.345+0000] GC(1068) User=0.62s Sys=0.03s Real=0.09s
[2025-08-01T02:36:38.345+0000] GC(1069) Concurrent Cycle
[2025-08-01T02:36:38.345+0000] GC(1069) Concurrent Clear Claimed Marks
[2025-08-01T02:36:38.345+0000] GC(1069) Concurrent Clear Claimed Marks 0.104ms
[2025-08-01T02:36:38.345+0000] GC(1069) Concurrent Scan Root Regions
[2025-08-01T02:36:38.358+0000] GC(1069) Concurrent Scan Root Regions 12.395ms
[2025-08-01T02:36:38.358+0000] GC(1069) Concurrent Mark (137.353s)
[2025-08-01T02:36:38.358+0000] GC(1069) Concurrent Mark From Roots
[2025-08-01T02:36:38.358+0000] GC(1069) Using 2 workers of 2 for marking
[2025-08-01T02:36:38.375+0000] GC(1070) Pause Young (Normal) (G1 Evacuation Pause)
[2025-08-01T02:36:38.375+0000] GC(1070) Using 8 workers of 8 for evacuation
[2025-08-01T02:36:38.422+0000] GC(1070)   Pre Evacuate Collection Set: 0.1ms
[2025-08-01T02:36:38.422+0000] GC(1070)   Evacuate Collection Set: 45.9ms
[2025-08-01T02:36:38.422+0000] GC(1070)   Post Evacuate Collection Set: 0.8ms
[2025-08-01T02:36:38.422+0000] GC(1070)   Other: 0.3ms
[2025-08-01T02:36:38.422+0000] GC(1070) Eden regions: 103->0(86)
[2025-08-01T02:36:38.422+0000] GC(1070) Survivor regions: 20->16(16)
[2025-08-01T02:36:38.422+0000] GC(1070) Old regions: 1494->1568
[2025-08-01T02:36:38.422+0000] GC(1070) Humongous regions: 0->0
[2025-08-01T02:36:38.422+0000] GC(1070) Metaspace: 9706K(12544K)->9706K(12544K) NonClass: 8540K(11008K)->8540K(11008K) Class: 1166K(1536K)->1166K(1536K)
[2025-08-01T02:36:38.422+0000] GC(1070) Pause Young (Normal) (G1 Evacuation Pause) 3230M->3165M(4096M) 47.218ms
[2025-08-01T02:36:38.422+0000] GC(1070) User=0.32s Sys=0.01s Real=0.04s
[2025-08-01T02:36:38.443+0000] GC(1071) Pause Young (Normal) (G1 Evacuation Pause)
[2025-08-01T02:36:38.443+0000] GC(1071) Using 8 workers of 8 for evacuation
[2025-08-01T02:36:38.497+0000] GC(1071)   Pre Evacuate Collection Set: 0.1ms
[2025-08-01T02:36:38.497+0000] GC(1071)   Evacuate Collection Set: 52.8ms
[2025-08-01T02:36:38.497+0000] GC(1071)   Post Evacuate Collection Set: 0.7ms
[2025-08-01T02:36:38.497+0000] GC(1071)   Other: 0.3ms
[2025-08-01T02:36:38.497+0000] GC(1071) Eden regions: 86->0(89)
[2025-08-01T02:36:38.497+0000] GC(1071) Survivor regions: 16->13(13)
[2025-08-01T02:36:38.497+0000] GC(1071) Old regions: 1568->1658
[2025-08-01T02:36:38.497+0000] GC(1071) Humongous regions: 0->0
[2025-08-01T02:36:38.497+0000] GC(1071) Metaspace: 9706K(12544K)->9706K(12544K) NonClass: 8540K(11008K)->8540K(11008K) Class: 1166K(1536K)->1166K(1536K)
[2025-08-01T02:36:38.497+0000] GC(1071) Pause Young (Normal) (G1 Evacuation Pause) 3337M->3339M(4096M) 54.081ms
[2025-08-01T02:36:38.497+0000] GC(1071) User=0.36s Sys=0.02s Real=0.05s
[2025-08-01T02:36:38.522+0000] GC(1072) Pause Young (Normal) (G1 Evacuation Pause)
[2025-08-01T02:36:38.522+0000] GC(1072) Using 8 workers of 8 for evacuation
[2025-08-01T02:36:38.553+0000] GC(1072)   Pre Evacuate Collection Set: 0.1ms
[2025-08-01T02:36:38.553+0000] GC(1072)   Evacuate Collection Set: 29.5ms
[2025-08-01T02:36:38.553+0000] GC(1072)   Post Evacuate Collection Set: 0.6ms
[2025-08-01T02:36:38.553+0000] GC(1072)   Other: 0.3ms
[2025-08-01T02:36:38.553+0000] GC(1072) Eden regions: 89->0(89)
[2025-08-01T02:36:38.553+0000] GC(1072) Survivor regions: 13->13(13)
[2025-08-01T02:36:38.553+0000] GC(1072) Old regions: 1658->1725
[2025-08-01T02:36:38.553+0000] GC(1072) Humongous regions: 0->0
[2025-08-01T02:36:38.553+0000] GC(1072) Metaspace: 9706K(12544K)->9706K(12544K) NonClass: 8540K(11008K)->8540K(11008K) Class: 1166K(1536K)->1166K(1536K)
[2025-08-01T02:36:38.553+0000] GC(1072) Pause Young (Normal) (G1 Evacuation Pause) 3517M->3472M(4096M) 30.679ms
[2025-08-01T02:36:38.553+0000] GC(1072) User=0.20s Sys=0.01s Real=0.04s
[2025-08-01T02:36:38.583+0000] GC(1073) Pause Young (Normal) (G1 Evacuation Pause)
[2025-08-01T02:36:38.583+0000] GC(1073) Using 8 workers of 8 for evacuation
[2025-08-01T02:36:38.612+0000] GC(1073)   Pre Evacuate Collection Set: 0.1ms
[2025-08-01T02:36:38.612+0000] GC(1073)   Evacuate Collection Set: 28.0ms
[2025-08-01T02:36:38.612+0000] GC(1073)   Post Evacuate Collection Set: 0.6ms
[2025-08-01T02:36:38.612+0000] GC(1073)   Other: 0.2ms
[2025-08-01T02:36:38.612+0000] GC(1073) Eden regions: 89->0(89)
[2025-08-01T02:36:38.612+0000] GC(1073) Survivor regions: 13->13(13)
[2025-08-01T02:36:38.612+0000] GC(1073) Old regions: 1725->1789
[2025-08-01T02:36:38.612+0000] GC(1073) Humongous regions: 0->0
[2025-08-01T02:36:38.612+0000] GC(1073) Metaspace: 9706K(12544K)->9706K(12544K) NonClass: 8540K(11008K)->8540K(11008K) Class: 1166K(1536K)->1166K(1536K)
[2025-08-01T02:36:38.612+0000] GC(1073) Pause Young (Normal) (G1 Evacuation Pause) 3650M->3600M(4096M) 29.027ms
[2025-08-01T02:36:38.612+0000] GC(1073) User=0.21s Sys=0.00s Real=0.03s
[2025-08-01T02:36:38.628+0000] GC(1074) Pause Young (Normal) (G1 Evacuation Pause)
[2025-08-01T02:36:38.628+0000] GC(1074) Using 8 workers of 8 for evacuation
[2025-08-01T02:36:38.661+0000] GC(1074)   Pre Evacuate Collection Set: 0.1ms
[2025-08-01T02:36:38.661+0000] GC(1074)   Evacuate Collection Set: 31.8ms
[2025-08-01T02:36:38.661+0000] GC(1074)   Post Evacuate Collection Set: 0.6ms
[2025-08-01T02:36:38.661+0000] GC(1074)   Other: 0.3ms
[2025-08-01T02:36:38.661+0000] GC(1074) Eden regions: 89->0(89)
[2025-08-01T02:36:38.661+0000] GC(1074) Survivor regions: 13->13(13)
[2025-08-01T02:36:38.661+0000] GC(1074) Old regions: 1789->1879
[2025-08-01T02:36:38.661+0000] GC(1074) Humongous regions: 0->0
[2025-08-01T02:36:38.661+0000] GC(1074) Metaspace: 9706K(12544K)->9706K(12544K) NonClass: 8540K(11008K)->8540K(11008K) Class: 1166K(1536K)->1166K(1536K)
[2025-08-01T02:36:38.661+0000] GC(1074) Pause Young (Normal) (G1 Evacuation Pause) 3778M->3780M(4096M) 32.969ms
[2025-08-01T02:36:38.661+0000] GC(1074) User=0.24s Sys=0.00s Real=0.03s
[2025-08-01T02:36:38.690+0000] GC(1075) Pause Young (Normal) (G1 Evacuation Pause)
[2025-08-01T02:36:38.690+0000] GC(1075) Using 8 workers of 8 for evacuation
[2025-08-01T02:36:38.736+0000] GC(1075) To-space exhausted
[2025-08-01T02:36:38.736+0000] GC(1075)   Pre Evacuate Collection Set: 0.1ms
[2025-08-01T02:36:38.736+0000] GC(1075)   Evacuate Collection Set: 40.0ms
[2025-08-01T02:36:38.736+0000] GC(1075)   Post Evacuate Collection Set: 6.2ms
[2025-08-01T02:36:38.736+0000] GC(1075)   Other: 0.4ms
[2025-08-01T02:36:38.736+0000] GC(1075) Eden regions: 89->0(89)
[2025-08-01T02:36:38.736+0000] GC(1075) Survivor regions: 13->13(13)
[2025-08-01T02:36:38.736+0000] GC(1075) Old regions: 1879->1977
[2025-08-01T02:36:38.736+0000] GC(1075) Humongous regions: 0->0
[2025-08-01T02:36:38.737+0000] GC(1075) Metaspace: 9706K(12544K)->9706K(12544K) NonClass: 8540K(11008K)->8540K(11008K) Class: 1166K(1536K)->1166K(1536K)
[2025-08-01T02:36:38.737+0000] GC(1075) Pause Young (Normal) (G1 Evacuation Pause) 3958M->3977M(4096M) 46.801ms
[2025-08-01T02:36:38.737+0000] GC(1075) User=0.34s Sys=0.01s Real=0.05s
[2025-08-01T02:36:38.748+0000] GC(1076) Pause Young (Normal) (G1 Evacuation Pause)
[2025-08-01T02:36:38.748+0000] GC(1076) Using 8 workers of 8 for evacuation
[2025-08-01T02:36:38.774+0000] GC(1076) To-space exhausted
[2025-08-01T02:36:38.774+0000] GC(1076)   Pre Evacuate Collection Set: 0.1ms
[2025-08-01T02:36:38.774+0000] GC(1076)   Evacuate Collection Set: 16.3ms
[2025-08-01T02:36:38.774+0000] GC(1076)   Post Evacuate Collection Set: 9.3ms
[2025-08-01T02:36:38.774+0000] GC(1076)   Other: 0.6ms
[2025-08-01T02:36:38.774+0000] GC(1076) Eden regions: 58->0(102)
[2025-08-01T02:36:38.774+0000] GC(1076) Survivor regions: 13->0(13)
[2025-08-01T02:36:38.774+0000] GC(1076) Old regions: 1977->2048
[2025-08-01T02:36:38.774+0000] GC(1076) Humongous regions: 0->0
[2025-08-01T02:36:38.774+0000] GC(1076) Metaspace: 9706K(12544K)->9706K(12544K) NonClass: 8540K(11008K)->8540K(11008K) Class: 1166K(1536K)->1166K(1536K)
[2025-08-01T02:36:38.774+0000] GC(1076) Pause Young (Normal) (G1 Evacuation Pause) 4093M->4093M(4096M) 26.151ms
[2025-08-01T02:36:38.774+0000] GC(1076) User=0.18s Sys=0.00s Real=0.03s
[2025-08-01T02:36:38.774+0000] GC(1077) Using 8 workers of 8 for full compaction
[2025-08-01T02:36:38.774+0000] GC(1077) Pause Full (G1 Evacuation Pause)
[2025-08-01T02:36:38.780+0000] GC(1077) Phase 1: Mark live objects
[2025-08-01T02:36:38.813+0000] GC(1077) Cleaned string and symbol table, strings: 2833 processed, 0 removed, symbols: 23489 processed, 0 removed
[2025-08-01T02:36:38.813+0000] GC(1077) Phase 1: Mark live objects 33.727ms
[2025-08-01T02:36:38.813+0000] GC(1077) Phase 2: Prepare for compaction
[2025-08-01T02:36:38.859+0000] GC(1077) Phase 2: Prepare for compaction 45.124ms
[2025-08-01T02:36:38.859+0000] GC(1077) Phase 3: Adjust pointers
[2025-08-01T02:36:38.895+0000] GC(1077) Phase 3: Adjust pointers 36.412ms
[2025-08-01T02:36:38.895+0000] GC(1077) Phase 4: Compact heap
[2025-08-01T02:36:39.018+0000] GC(1077) Phase 4: Compact heap 123.061ms
[2025-08-01T02:36:39.020+0000] GC(1077) Eden regions: 0->0(461)
[2025-08-01T02:36:39.020+0000] GC(1077) Survivor regions: 0->0(13)
[2025-08-01T02:36:39.020+0000] GC(1077) Old regions: 2048->458
[2025-08-01T02:36:39.020+0000] GC(1077) Humongous regions: 0->0
[2025-08-01T02:36:39.020+0000] GC(1077) Metaspace: 9706K(12544K)->9706K(12544K) NonClass: 8540K(11008K)->8540K(11008K) Class: 1166K(1536K)->1166K(1536K)
[2025-08-01T02:36:39.020+0000] GC(1077) Pause Full (G1 Evacuation Pause) 4093M->904M(4096M) 246.156ms
[2025-08-01T02:36:39.021+0000] GC(1077) User=1.79s Sys=0.02s Real=0.24s
[2025-08-01T02:36:39.021+0000] GC(1069) Concurrent Mark From Roots 662.848ms
[2025-08-01T02:36:39.021+0000] GC(1069) Concurrent Mark Abort
[2025-08-01T02:36:39.021+0000] GC(1069) Concurrent Cycle 676.229ms
[2025-08-01T02:36:39.255+0000] GC(1078) Pause Young (Normal) (G1 Evacuation Pause)
[2025-08-01T02:36:39.255+0000] GC(1078) Using 8 workers of 8 for evacuation
[2025-08-01T02:36:39.460+0000] GC(1078) MMU target violated: 201.0ms (200.0ms/201.0ms)
[2025-08-01T02:36:39.460+0000] GC(1078)   Pre Evacuate Collection Set: 0.1ms
[2025-08-01T02:36:39.460+0000] GC(1078)   Evacuate Collection Set: 203.7ms
[2025-08-01T02:36:39.460+0000] GC(1078)   Post Evacuate Collection Set: 1.0ms
[2025-08-01T02:36:39.460+0000] GC(1078)   Other: 0.4ms
[2025-08-01T02:36:39.460+0000] GC(1078) Eden regions: 461->0(365)
[2025-08-01T02:36:39.460+0000] GC(1078) Survivor regions: 0->58(58)
[2025-08-01T02:36:39.460+0000] GC(1078) Old regions: 458->712
[2025-08-01T02:36:39.460+0000] GC(1078) Humongous regions: 0->0
[2025-08-01T02:36:39.460+0000] GC(1078) Metaspace: 9706K(12544K)->9706K(12544K) NonClass: 8540K(11008K)->8540K(11008K) Class: 1166K(1536K)->1166K(1536K)
[2025-08-01T02:36:39.461+0000] GC(1078) Pause Young (Normal) (G1 Evacuation Pause) 1826M->1527M(4096M) 205.324ms
[2025-08-01T02:36:39.461+0000] GC(1078) User=1.56s Sys=0.05s Real=0.20s
[2025-08-01T02:36:39.620+0000] GC(1079) Pause Young (Concurrent Start) (G1 Evacuation Pause)
[2025-08-01T02:36:39.620+0000] GC(1079) Using 8 workers of 8 for evacuation
[2025-08-01T02:36:39.804+0000] GC(1079)   Pre Evacuate Collection Set: 0.1ms
[2025-08-01T02:36:39.804+0000] GC(1079)   Evacuate Collection Set: 180.8ms
[2025-08-01T02:36:39.804+0000] GC(1079)   Post Evacuate Collection Set: 1.9ms
[2025-08-01T02:36:39.804+0000] GC(1079)   Other: 0.5ms
[2025-08-01T02:36:39.804+0000] GC(1079) Eden regions: 365->0(269)
[2025-08-01T02:36:39.804+0000] GC(1079) Survivor regions: 58->53(53)
[2025-08-01T02:36:39.804+0000] GC(1079) Old regions: 712->972
[2025-08-01T02:36:39.804+0000] GC(1079) Humongous regions: 0->0
[2025-08-01T02:36:39.804+0000] GC(1079) Metaspace: 9706K(12544K)->9706K(12544K) NonClass: 8540K(11008K)->8540K(11008K) Class: 1166K(1536K)->1166K(1536K)
[2025-08-01T02:36:39.804+0000] GC(1079) Pause Young (Concurrent Start) (G1 Evacuation Pause) 2257M->2038M(4096M) 183.662ms
[2025-08-01T02:36:39.804+0000] GC(1079) User=1.39s Sys=0.05s Real=0.19s
[2025-08-01T02:36:39.804+0000] GC(1080) Concurrent Cycle
[2025-08-01T02:36:39.804+0000] GC(1080) Concurrent Clear Claimed Marks
[2025-08-01T02:36:39.804+0000] GC(1080) Concurrent Clear Claimed Marks 0.092ms
[2025-08-01T02:36:39.804+0000] GC(1080) Concurrent Scan Root Regions
[2025-08-01T02:36:39.825+0000] GC(1080) Concurrent Scan Root Regions 20.289ms
[2025-08-01T02:36:39.825+0000] GC(1080) Concurrent Mark (138.821s)
[2025-08-01T02:36:39.825+0000] GC(1080) Concurrent Mark From Roots
[2025-08-01T02:36:39.825+0000] GC(1080) Using 2 workers of 2 for marking
[2025-08-01T02:36:39.911+0000] GC(1081) Pause Young (Normal) (G1 Evacuation Pause)
[2025-08-01T02:36:39.911+0000] GC(1081) Using 8 workers of 8 for evacuation
[2025-08-01T02:36:40.004+0000] GC(1081)   Pre Evacuate Collection Set: 0.1ms
[2025-08-01T02:36:40.005+0000] GC(1081)   Evacuate Collection Set: 92.5ms
[2025-08-01T02:36:40.005+0000] GC(1081)   Post Evacuate Collection Set: 0.8ms
[2025-08-01T02:36:40.005+0000] GC(1081)   Other: 0.4ms
[2025-08-01T02:36:40.005+0000] GC(1081) Eden regions: 269->0(173)
[2025-08-01T02:36:40.005+0000] GC(1081) Survivor regions: 53->41(41)
[2025-08-01T02:36:40.005+0000] GC(1081) Old regions: 972->1255
[2025-08-01T02:36:40.005+0000] GC(1081) Humongous regions: 0->0
[2025-08-01T02:36:40.005+0000] GC(1081) Metaspace: 9706K(12544K)->9706K(12544K) NonClass: 8540K(11008K)->8540K(11008K) Class: 1166K(1536K)->1166K(1536K)
[2025-08-01T02:36:40.005+0000] GC(1081) Pause Young (Normal) (G1 Evacuation Pause) 2576M->2579M(4096M) 93.951ms
[2025-08-01T02:36:40.005+0000] GC(1081) User=0.73s Sys=0.00s Real=0.10s
[2025-08-01T02:36:40.043+0000] GC(1080) Concurrent Mark From Roots 217.918ms
[2025-08-01T02:36:40.043+0000] GC(1080) Concurrent Preclean
[2025-08-01T02:36:40.043+0000] GC(1080) Concurrent Preclean 0.303ms
[2025-08-01T02:36:40.043+0000] GC(1080) Concurrent Mark (138.821s, 139.039s) 218.336ms
[2025-08-01T02:36:40.044+0000] GC(1080) Pause Remark
[2025-08-01T02:36:40.047+0000] GC(1080) Cleaned string and symbol table, strings: 2833 processed, 0 removed, symbols: 23489 processed, 0 removed
[2025-08-01T02:36:40.049+0000] GC(1080) Pause Remark 2679M->1724M(4096M) 5.521ms
[2025-08-01T02:36:40.049+0000] GC(1080) User=0.02s Sys=0.00s Real=0.00s
[2025-08-01T02:36:40.049+0000] GC(1080) Concurrent Rebuild Remembered Sets
[2025-08-01T02:36:40.084+0000] GC(1082) Pause Young (Normal) (G1 Evacuation Pause)
[2025-08-01T02:36:40.084+0000] GC(1082) Using 8 workers of 8 for evacuation
[2025-08-01T02:36:40.143+0000] GC(1082)   Pre Evacuate Collection Set: 0.1ms
[2025-08-01T02:36:40.143+0000] GC(1082)   Evacuate Collection Set: 57.4ms
[2025-08-01T02:36:40.143+0000] GC(1082)   Post Evacuate Collection Set: 1.0ms
[2025-08-01T02:36:40.143+0000] GC(1082)   Other: 0.3ms
[2025-08-01T02:36:40.143+0000] GC(1082) Eden regions: 173->0(280)
[2025-08-01T02:36:40.143+0000] GC(1082) Survivor regions: 41->27(27)
[2025-08-01T02:36:40.143+0000] GC(1082) Old regions: 773->943
[2025-08-01T02:36:40.143+0000] GC(1082) Humongous regions: 0->0
[2025-08-01T02:36:40.143+0000] GC(1082) Metaspace: 9706K(12544K)->9706K(12544K) NonClass: 8540K(11008K)->8540K(11008K) Class: 1166K(1536K)->1166K(1536K)
[2025-08-01T02:36:40.143+0000] GC(1082) Pause Young (Normal) (G1 Evacuation Pause) 1970M->1936M(4096M) 58.967ms
[2025-08-01T02:36:40.143+0000] GC(1082) User=0.45s Sys=0.00s Real=0.06s
[2025-08-01T02:36:40.309+0000] GC(1083) Pause Young (Normal) (G1 Evacuation Pause)
[2025-08-01T02:36:40.309+0000] GC(1083) Using 8 workers of 8 for evacuation
[2025-08-01T02:36:40.380+0000] GC(1083)   Pre Evacuate Collection Set: 0.1ms
[2025-08-01T02:36:40.380+0000] GC(1083)   Evacuate Collection Set: 68.9ms
[2025-08-01T02:36:40.380+0000] GC(1083)   Post Evacuate Collection Set: 1.5ms
[2025-08-01T02:36:40.380+0000] GC(1083)   Other: 0.6ms
[2025-08-01T02:36:40.380+0000] GC(1083) Eden regions: 280->0(251)
[2025-08-01T02:36:40.380+0000] GC(1083) Survivor regions: 27->39(39)
[2025-08-01T02:36:40.380+0000] GC(1083) Old regions: 943->1055
[2025-08-01T02:36:40.380+0000] GC(1083) Humongous regions: 0->0
[2025-08-01T02:36:40.380+0000] GC(1083) Metaspace: 9706K(12544K)->9706K(12544K) NonClass: 8540K(11008K)->8540K(11008K) Class: 1166K(1536K)->1166K(1536K)
[2025-08-01T02:36:40.380+0000] GC(1083) Pause Young (Normal) (G1 Evacuation Pause) 2496M->2185M(4096M) 71.076ms
[2025-08-01T02:36:40.380+0000] GC(1083) User=0.52s Sys=0.02s Real=0.07s
[2025-08-01T02:36:40.416+0000] GC(1080) Concurrent Rebuild Remembered Sets 366.999ms
[2025-08-01T02:36:40.417+0000] GC(1080) Pause Cleanup
[2025-08-01T02:36:40.418+0000] GC(1080) Pause Cleanup 2464M->2464M(4096M) 0.835ms
[2025-08-01T02:36:40.418+0000] GC(1080) User=0.00s Sys=0.01s Real=0.00s
[2025-08-01T02:36:40.418+0000] GC(1080) Concurrent Cleanup for Next Mark
[2025-08-01T02:36:40.425+0000] GC(1080) Concurrent Cleanup for Next Mark 7.487ms
[2025-08-01T02:36:40.425+0000] GC(1080) Concurrent Cycle 621.019ms
[2025-08-01T02:36:40.482+0000] GC(1084) Pause Young (Prepare Mixed) (G1 Evacuation Pause)
[2025-08-01T02:36:40.482+0000] GC(1084) Using 8 workers of 8 for evacuation
[2025-08-01T02:36:40.629+0000] GC(1084)   Pre Evacuate Collection Set: 0.1ms
[2025-08-01T02:36:40.629+0000] GC(1084)   Evacuate Collection Set: 145.4ms
[2025-08-01T02:36:40.629+0000] GC(1084)   Post Evacuate Collection Set: 0.8ms
[2025-08-01T02:36:40.629+0000] GC(1084)   Other: 0.4ms
[2025-08-01T02:36:40.629+0000] GC(1084) Eden regions: 251->0(65)
[2025-08-01T02:36:40.629+0000] GC(1084) Survivor regions: 39->37(37)
[2025-08-01T02:36:40.629+0000] GC(1084) Old regions: 1055->1309
[2025-08-01T02:36:40.629+0000] GC(1084) Humongous regions: 0->0
[2025-08-01T02:36:40.629+0000] GC(1084) Metaspace: 9706K(12544K)->9706K(12544K) NonClass: 8540K(11008K)->8540K(11008K) Class: 1166K(1536K)->1166K(1536K)
[2025-08-01T02:36:40.629+0000] GC(1084) Pause Young (Prepare Mixed) (G1 Evacuation Pause) 2687M->2689M(4096M) 146.853ms
[2025-08-01T02:36:40.629+0000] GC(1084) User=1.08s Sys=0.03s Real=0.15s
[2025-08-01T02:36:40.642+0000] GC(1085) Pause Young (Mixed) (G1 Evacuation Pause)
[2025-08-01T02:36:40.642+0000] GC(1085) Using 8 workers of 8 for evacuation
[2025-08-01T02:36:40.675+0000] GC(1085)   Pre Evacuate Collection Set: 0.1ms
[2025-08-01T02:36:40.675+0000] GC(1085)   Evacuate Collection Set: 31.7ms
[2025-08-01T02:36:40.675+0000] GC(1085)   Post Evacuate Collection Set: 0.8ms
[2025-08-01T02:36:40.675+0000] GC(1085)   Other: 0.4ms
[2025-08-01T02:36:40.675+0000] GC(1085) Eden regions: 65->0(159)
[2025-08-01T02:36:40.675+0000] GC(1085) Survivor regions: 37->13(13)
[2025-08-01T02:36:40.675+0000] GC(1085) Old regions: 1309->1332
[2025-08-01T02:36:40.675+0000] GC(1085) Humongous regions: 0->0
[2025-08-01T02:36:40.675+0000] GC(1085) Metaspace: 9706K(12544K)->9706K(12544K) NonClass: 8540K(11008K)->8540K(11008K) Class: 1166K(1536K)->1166K(1536K)
[2025-08-01T02:36:40.675+0000] GC(1085) Pause Young (Mixed) (G1 Evacuation Pause) 2819M->2687M(4096M) 33.194ms
[2025-08-01T02:36:40.675+0000] GC(1085) User=0.25s Sys=0.00s Real=0.04s
[2025-08-01T02:36:40.736+0000] GC(1086) Pause Young (Concurrent Start) (G1 Evacuation Pause)
[2025-08-01T02:36:40.736+0000] GC(1086) Using 8 workers of 8 for evacuation
[2025-08-01T02:36:40.782+0000] GC(1086)   Pre Evacuate Collection Set: 0.1ms
[2025-08-01T02:36:40.782+0000] GC(1086)   Evacuate Collection Set: 45.1ms
[2025-08-01T02:36:40.782+0000] GC(1086)   Post Evacuate Collection Set: 1.1ms
[2025-08-01T02:36:40.783+0000] GC(1086)   Other: 0.4ms
[2025-08-01T02:36:40.783+0000] GC(1086) Eden regions: 159->0(126)
[2025-08-01T02:36:40.783+0000] GC(1086) Survivor regions: 13->22(22)
[2025-08-01T02:36:40.783+0000] GC(1086) Old regions: 1332->1436
[2025-08-01T02:36:40.783+0000] GC(1086) Humongous regions: 0->0
[2025-08-01T02:36:40.783+0000] GC(1086) Metaspace: 9706K(12544K)->9706K(12544K) NonClass: 8540K(11008K)->8540K(11008K) Class: 1166K(1536K)->1166K(1536K)
[2025-08-01T02:36:40.783+0000] GC(1086) Pause Young (Concurrent Start) (G1 Evacuation Pause) 3005M->2913M(4096M) 46.884ms
[2025-08-01T02:36:40.783+0000] GC(1086) User=0.34s Sys=0.02s Real=0.04s
[2025-08-01T02:36:40.783+0000] GC(1087) Concurrent Cycle
[2025-08-01T02:36:40.783+0000] GC(1087) Concurrent Clear Claimed Marks
[2025-08-01T02:36:40.783+0000] GC(1087) Concurrent Clear Claimed Marks 0.068ms
[2025-08-01T02:36:40.783+0000] GC(1087) Concurrent Scan Root Regions
[2025-08-01T02:36:40.788+0000] GC(1087) Concurrent Scan Root Regions 5.380ms
[2025-08-01T02:36:40.788+0000] GC(1087) Concurrent Mark (139.784s)
[2025-08-01T02:36:40.788+0000] GC(1087) Concurrent Mark From Roots
[2025-08-01T02:36:40.788+0000] GC(1087) Using 2 workers of 2 for marking
[2025-08-01T02:36:40.808+0000] GC(1088) Pause Young (Normal) (G1 Evacuation Pause)
[2025-08-01T02:36:40.808+0000] GC(1088) Using 8 workers of 8 for evacuation
[2025-08-01T02:36:40.857+0000] GC(1088)   Pre Evacuate Collection Set: 0.1ms
[2025-08-01T02:36:40.857+0000] GC(1088)   Evacuate Collection Set: 48.3ms
[2025-08-01T02:36:40.857+0000] GC(1088)   Post Evacuate Collection Set: 0.6ms
[2025-08-01T02:36:40.857+0000] GC(1088)   Other: 0.4ms
[2025-08-01T02:36:40.857+0000] GC(1088) Eden regions: 126->0(83)
[2025-08-01T02:36:40.857+0000] GC(1088) Survivor regions: 22->19(19)
[2025-08-01T02:36:40.857+0000] GC(1088) Old regions: 1436->1567
[2025-08-01T02:36:40.857+0000] GC(1088) Humongous regions: 0->0
[2025-08-01T02:36:40.857+0000] GC(1088) Metaspace: 9706K(12544K)->9706K(12544K) NonClass: 8540K(11008K)->8540K(11008K) Class: 1166K(1536K)->1166K(1536K)
[2025-08-01T02:36:40.857+0000] GC(1088) Pause Young (Normal) (G1 Evacuation Pause) 3165M->3168M(4096M) 49.495ms
[2025-08-01T02:36:40.857+0000] GC(1088) User=0.38s Sys=0.01s Real=0.05s
[2025-08-01T02:36:40.918+0000] GC(1089) Pause Young (Normal) (G1 Evacuation Pause)
[2025-08-01T02:36:40.918+0000] GC(1089) Using 8 workers of 8 for evacuation
[2025-08-01T02:36:40.966+0000] GC(1089)   Pre Evacuate Collection Set: 0.1ms
[2025-08-01T02:36:40.966+0000] GC(1089)   Evacuate Collection Set: 46.6ms
[2025-08-01T02:36:40.966+0000] GC(1089)   Post Evacuate Collection Set: 0.6ms
[2025-08-01T02:36:40.966+0000] GC(1089)   Other: 0.3ms
[2025-08-01T02:36:40.966+0000] GC(1089) Eden regions: 83->0(89)
[2025-08-01T02:36:40.966+0000] GC(1089) Survivor regions: 19->13(13)
[2025-08-01T02:36:40.966+0000] GC(1089) Old regions: 1567->1640
[2025-08-01T02:36:40.966+0000] GC(1089) Humongous regions: 0->0
[2025-08-01T02:36:40.966+0000] GC(1089) Metaspace: 9706K(12544K)->9706K(12544K) NonClass: 8540K(11008K)->8540K(11008K) Class: 1166K(1536K)->1166K(1536K)
[2025-08-01T02:36:40.966+0000] GC(1089) Pause Young (Normal) (G1 Evacuation Pause) 3334M->3303M(4096M) 48.099ms
[2025-08-01T02:36:40.966+0000] GC(1089) User=0.36s Sys=0.01s Real=0.05s
[2025-08-01T02:36:40.983+0000] GC(1090) Pause Young (Normal) (G1 Evacuation Pause)
[2025-08-01T02:36:40.983+0000] GC(1090) Using 8 workers of 8 for evacuation
[2025-08-01T02:36:41.020+0000] GC(1090)   Pre Evacuate Collection Set: 0.1ms
[2025-08-01T02:36:41.020+0000] GC(1090)   Evacuate Collection Set: 35.3ms
[2025-08-01T02:36:41.020+0000] GC(1090)   Post Evacuate Collection Set: 0.6ms
[2025-08-01T02:36:41.020+0000] GC(1090)   Other: 0.2ms
[2025-08-01T02:36:41.020+0000] GC(1090) Eden regions: 89->0(89)
[2025-08-01T02:36:41.020+0000] GC(1090) Survivor regions: 13->13(13)
[2025-08-01T02:36:41.020+0000] GC(1090) Old regions: 1640->1730
[2025-08-01T02:36:41.020+0000] GC(1090) Humongous regions: 0->0
[2025-08-01T02:36:41.020+0000] GC(1090) Metaspace: 9706K(12544K)->9706K(12544K) NonClass: 8540K(11008K)->8540K(11008K) Class: 1166K(1536K)->1166K(1536K)
[2025-08-01T02:36:41.020+0000] GC(1090) Pause Young (Normal) (G1 Evacuation Pause) 3481M->3483M(4096M) 36.394ms
[2025-08-01T02:36:41.020+0000] GC(1090) User=0.26s Sys=0.01s Real=0.03s
[2025-08-01T02:36:41.038+0000] GC(1091) Pause Young (Normal) (G1 Evacuation Pause)
[2025-08-01T02:36:41.038+0000] GC(1091) Using 8 workers of 8 for evacuation
[2025-08-01T02:36:41.061+0000] GC(1091)   Pre Evacuate Collection Set: 0.1ms
[2025-08-01T02:36:41.061+0000] GC(1091)   Evacuate Collection Set: 22.3ms
[2025-08-01T02:36:41.061+0000] GC(1091)   Post Evacuate Collection Set: 0.6ms
[2025-08-01T02:36:41.061+0000] GC(1091)   Other: 0.3ms
[2025-08-01T02:36:41.061+0000] GC(1091) Eden regions: 89->0(89)
[2025-08-01T02:36:41.061+0000] GC(1091) Survivor regions: 13->13(13)
[2025-08-01T02:36:41.061+0000] GC(1091) Old regions: 1730->1796
[2025-08-01T02:36:41.061+0000] GC(1091) Humongous regions: 0->0
[2025-08-01T02:36:41.061+0000] GC(1091) Metaspace: 9706K(12544K)->9706K(12544K) NonClass: 8540K(11008K)->8540K(11008K) Class: 1166K(1536K)->1166K(1536K)
[2025-08-01T02:36:41.061+0000] GC(1091) Pause Young (Normal) (G1 Evacuation Pause) 3661M->3615M(4096M) 23.427ms
[2025-08-01T02:36:41.061+0000] GC(1091) User=0.18s Sys=0.00s Real=0.02s
[2025-08-01T02:36:41.110+0000] GC(1092) Pause Young (Normal) (G1 Evacuation Pause)
[2025-08-01T02:36:41.110+0000] GC(1092) Using 8 workers of 8 for evacuation
[2025-08-01T02:36:41.151+0000] GC(1092)   Pre Evacuate Collection Set: 0.1ms
[2025-08-01T02:36:41.151+0000] GC(1092)   Evacuate Collection Set: 39.9ms
[2025-08-01T02:36:41.151+0000] GC(1092)   Post Evacuate Collection Set: 0.7ms
[2025-08-01T02:36:41.151+0000] GC(1092)   Other: 0.3ms
[2025-08-01T02:36:41.151+0000] GC(1092) Eden regions: 89->0(89)
[2025-08-01T02:36:41.151+0000] GC(1092) Survivor regions: 13->13(13)
[2025-08-01T02:36:41.151+0000] GC(1092) Old regions: 1796->1881
[2025-08-01T02:36:41.151+0000] GC(1092) Humongous regions: 0->0
[2025-08-01T02:36:41.151+0000] GC(1092) Metaspace: 9706K(12544K)->9706K(12544K) NonClass: 8540K(11008K)->8540K(11008K) Class: 1166K(1536K)->1166K(1536K)
[2025-08-01T02:36:41.151+0000] GC(1092) Pause Young (Normal) (G1 Evacuation Pause) 3793M->3784M(4096M) 41.078ms
[2025-08-01T02:36:41.151+0000] GC(1092) User=0.31s Sys=0.01s Real=0.04s
[2025-08-01T02:36:41.171+0000] GC(1093) Pause Young (Normal) (G1 Evacuation Pause)
[2025-08-01T02:36:41.171+0000] GC(1093) Using 8 workers of 8 for evacuation
[2025-08-01T02:36:41.210+0000] GC(1093) To-space exhausted
[2025-08-01T02:36:41.210+0000] GC(1093)   Pre Evacuate Collection Set: 0.1ms
[2025-08-01T02:36:41.210+0000] GC(1093)   Evacuate Collection Set: 32.9ms
[2025-08-01T02:36:41.210+0000] GC(1093)   Post Evacuate Collection Set: 5.6ms
[2025-08-01T02:36:41.210+0000] GC(1093)   Other: 0.4ms
[2025-08-01T02:36:41.210+0000] GC(1093) Eden regions: 89->0(89)
[2025-08-01T02:36:41.210+0000] GC(1093) Survivor regions: 13->13(13)
[2025-08-01T02:36:41.210+0000] GC(1093) Old regions: 1881->1978
[2025-08-01T02:36:41.210+0000] GC(1093) Humongous regions: 0->0
[2025-08-01T02:36:41.210+0000] GC(1093) Metaspace: 9706K(12544K)->9706K(12544K) NonClass: 8540K(11008K)->8540K(11008K) Class: 1166K(1536K)->1166K(1536K)
[2025-08-01T02:36:41.210+0000] GC(1093) Pause Young (Normal) (G1 Evacuation Pause) 3962M->3979M(4096M) 39.083ms
[2025-08-01T02:36:41.210+0000] GC(1093) User=0.29s Sys=0.00s Real=0.04s
[2025-08-01T02:36:41.217+0000] GC(1087) Concurrent Mark From Roots 428.861ms
[2025-08-01T02:36:41.217+0000] GC(1087) Concurrent Preclean
[2025-08-01T02:36:41.218+0000] GC(1087) Concurrent Preclean 0.319ms
[2025-08-01T02:36:41.218+0000] GC(1087) Concurrent Mark (139.784s, 140.213s) 429.304ms
[2025-08-01T02:36:41.218+0000] GC(1087) Pause Remark
[2025-08-01T02:36:41.220+0000] GC(1087) Cleaned string and symbol table, strings: 2833 processed, 0 removed, symbols: 23489 processed, 0 removed
[2025-08-01T02:36:41.221+0000] GC(1087) Pause Remark 4047M->2299M(4096M) 3.148ms
[2025-08-01T02:36:41.221+0000] GC(1087) User=0.01s Sys=0.00s Real=0.00s
[2025-08-01T02:36:41.221+0000] GC(1087) Concurrent Rebuild Remembered Sets
[2025-08-01T02:36:41.238+0000] GC(1094) Pause Young (Normal) (G1 Evacuation Pause)
[2025-08-01T02:36:41.238+0000] GC(1094) Using 8 workers of 8 for evacuation
[2025-08-01T02:36:41.271+0000] GC(1094)   Pre Evacuate Collection Set: 0.1ms
[2025-08-01T02:36:41.271+0000] GC(1094)   Evacuate Collection Set: 31.2ms
[2025-08-01T02:36:41.271+0000] GC(1094)   Post Evacuate Collection Set: 0.8ms
[2025-08-01T02:36:41.271+0000] GC(1094)   Other: 0.3ms
[2025-08-01T02:36:41.271+0000] GC(1094) Eden regions: 89->0(209)
[2025-08-01T02:36:41.271+0000] GC(1094) Survivor regions: 13->13(13)
[2025-08-01T02:36:41.271+0000] GC(1094) Old regions: 1104->1195
[2025-08-01T02:36:41.271+0000] GC(1094) Humongous regions: 0->0
[2025-08-01T02:36:41.271+0000] GC(1094) Metaspace: 9706K(12544K)->9706K(12544K) NonClass: 8540K(11008K)->8540K(11008K) Class: 1166K(1536K)->1166K(1536K)
[2025-08-01T02:36:41.271+0000] GC(1094) Pause Young (Normal) (G1 Evacuation Pause) 2409M->2413M(4096M) 32.544ms
[2025-08-01T02:36:41.271+0000] GC(1094) User=0.25s Sys=0.00s Real=0.03s
[2025-08-01T02:36:41.353+0000] GC(1095) Pause Young (Normal) (G1 Evacuation Pause)
[2025-08-01T02:36:41.353+0000] GC(1095) Using 8 workers of 8 for evacuation
[2025-08-01T02:36:41.433+0000] GC(1095)   Pre Evacuate Collection Set: 0.1ms
[2025-08-01T02:36:41.433+0000] GC(1095)   Evacuate Collection Set: 79.1ms
[2025-08-01T02:36:41.433+0000] GC(1095)   Post Evacuate Collection Set: 0.8ms
[2025-08-01T02:36:41.433+0000] GC(1095)   Other: 0.3ms
[2025-08-01T02:36:41.433+0000] GC(1095) Eden regions: 209->0(134)
[2025-08-01T02:36:41.433+0000] GC(1095) Survivor regions: 13->28(28)
[2025-08-01T02:36:41.433+0000] GC(1095) Old regions: 1195->1390
[2025-08-01T02:36:41.433+0000] GC(1095) Humongous regions: 0->0
[2025-08-01T02:36:41.433+0000] GC(1095) Metaspace: 9706K(12544K)->9706K(12544K) NonClass: 8540K(11008K)->8540K(11008K) Class: 1166K(1536K)->1166K(1536K)
[2025-08-01T02:36:41.433+0000] GC(1095) Pause Young (Normal) (G1 Evacuation Pause) 2831M->2833M(4096M) 80.462ms
[2025-08-01T02:36:41.433+0000] GC(1095) User=0.60s Sys=0.01s Real=0.08s
[2025-08-01T02:36:41.457+0000] GC(1096) Pause Young (Normal) (G1 Evacuation Pause)
[2025-08-01T02:36:41.457+0000] GC(1096) Using 8 workers of 8 for evacuation
[2025-08-01T02:36:41.494+0000] GC(1096)   Pre Evacuate Collection Set: 0.1ms
[2025-08-01T02:36:41.494+0000] GC(1096)   Evacuate Collection Set: 35.9ms
[2025-08-01T02:36:41.494+0000] GC(1096)   Post Evacuate Collection Set: 0.8ms
[2025-08-01T02:36:41.494+0000] GC(1096)   Other: 0.3ms
[2025-08-01T02:36:41.494+0000] GC(1096) Eden regions: 134->0(106)
[2025-08-01T02:36:41.494+0000] GC(1096) Survivor regions: 28->21(21)
[2025-08-01T02:36:41.494+0000] GC(1096) Old regions: 1390->1494
[2025-08-01T02:36:41.494+0000] GC(1096) Humongous regions: 0->0
[2025-08-01T02:36:41.494+0000] GC(1096) Metaspace: 9706K(12544K)->9706K(12544K) NonClass: 8540K(11008K)->8540K(11008K) Class: 1166K(1536K)->1166K(1536K)
[2025-08-01T02:36:41.494+0000] GC(1096) Pause Young (Normal) (G1 Evacuation Pause) 3101M->3027M(4096M) 37.283ms
[2025-08-01T02:36:41.494+0000] GC(1096) User=0.28s Sys=0.00s Real=0.04s
[2025-08-01T02:36:41.556+0000] GC(1097) Pause Young (Normal) (G1 Evacuation Pause)
[2025-08-01T02:36:41.556+0000] GC(1097) Using 8 workers of 8 for evacuation
[2025-08-01T02:36:41.608+0000] GC(1097)   Pre Evacuate Collection Set: 0.1ms
[2025-08-01T02:36:41.608+0000] GC(1097)   Evacuate Collection Set: 50.9ms
[2025-08-01T02:36:41.608+0000] GC(1097)   Post Evacuate Collection Set: 0.7ms
[2025-08-01T02:36:41.608+0000] GC(1097)   Other: 0.3ms
[2025-08-01T02:36:41.608+0000] GC(1097) Eden regions: 106->0(86)
[2025-08-01T02:36:41.608+0000] GC(1097) Survivor regions: 21->16(16)
[2025-08-01T02:36:41.608+0000] GC(1097) Old regions: 1494->1589
[2025-08-01T02:36:41.608+0000] GC(1097) Humongous regions: 0->0
[2025-08-01T02:36:41.608+0000] GC(1097) Metaspace: 9706K(12544K)->9706K(12544K) NonClass: 8540K(11008K)->8540K(11008K) Class: 1166K(1536K)->1166K(1536K)
[2025-08-01T02:36:41.608+0000] GC(1097) Pause Young (Normal) (G1 Evacuation Pause) 3239M->3206M(4096M) 52.108ms
[2025-08-01T02:36:41.608+0000] GC(1097) User=0.38s Sys=0.01s Real=0.05s
[2025-08-01T02:36:41.626+0000] GC(1098) Pause Young (Normal) (G1 Evacuation Pause)
[2025-08-01T02:36:41.626+0000] GC(1098) Using 8 workers of 8 for evacuation
[2025-08-01T02:36:41.675+0000] GC(1098)   Pre Evacuate Collection Set: 0.1ms
[2025-08-01T02:36:41.675+0000] GC(1098)   Evacuate Collection Set: 47.7ms
[2025-08-01T02:36:41.675+0000] GC(1098)   Post Evacuate Collection Set: 0.9ms
[2025-08-01T02:36:41.675+0000] GC(1098)   Other: 0.2ms
[2025-08-01T02:36:41.675+0000] GC(1098) Eden regions: 86->0(89)
[2025-08-01T02:36:41.675+0000] GC(1098) Survivor regions: 16->13(13)
[2025-08-01T02:36:41.675+0000] GC(1098) Old regions: 1589->1680
[2025-08-01T02:36:41.675+0000] GC(1098) Humongous regions: 0->0
[2025-08-01T02:36:41.675+0000] GC(1098) Metaspace: 9706K(12544K)->9706K(12544K) NonClass: 8540K(11008K)->8540K(11008K) Class: 1166K(1536K)->1166K(1536K)
[2025-08-01T02:36:41.675+0000] GC(1098) Pause Young (Normal) (G1 Evacuation Pause) 3378M->3382M(4096M) 49.016ms
[2025-08-01T02:36:41.675+0000] GC(1098) User=0.31s Sys=0.03s Real=0.05s
[2025-08-01T02:36:41.740+0000] GC(1099) Pause Young (Normal) (G1 Evacuation Pause)
[2025-08-01T02:36:41.740+0000] GC(1099) Using 8 workers of 8 for evacuation
[2025-08-01T02:36:41.768+0000] GC(1099)   Pre Evacuate Collection Set: 0.1ms
[2025-08-01T02:36:41.768+0000] GC(1099)   Evacuate Collection Set: 26.8ms
[2025-08-01T02:36:41.768+0000] GC(1099)   Post Evacuate Collection Set: 0.6ms
[2025-08-01T02:36:41.768+0000] GC(1099)   Other: 0.3ms
[2025-08-01T02:36:41.768+0000] GC(1099) Eden regions: 89->0(89)
[2025-08-01T02:36:41.768+0000] GC(1099) Survivor regions: 13->13(13)
[2025-08-01T02:36:41.768+0000] GC(1099) Old regions: 1680->1752
[2025-08-01T02:36:41.768+0000] GC(1099) Humongous regions: 0->0
[2025-08-01T02:36:41.768+0000] GC(1099) Metaspace: 9706K(12544K)->9706K(12544K) NonClass: 8540K(11008K)->8540K(11008K) Class: 1166K(1536K)->1166K(1536K)
[2025-08-01T02:36:41.768+0000] GC(1099) Pause Young (Normal) (G1 Evacuation Pause) 3560M->3526M(4096M) 28.005ms
[2025-08-01T02:36:41.768+0000] GC(1099) User=0.22s Sys=0.00s Real=0.03s
[2025-08-01T02:36:41.785+0000] GC(1100) Pause Young (Normal) (G1 Evacuation Pause)
[2025-08-01T02:36:41.785+0000] GC(1100) Using 8 workers of 8 for evacuation
[2025-08-01T02:36:41.836+0000] GC(1100)   Pre Evacuate Collection Set: 0.1ms
[2025-08-01T02:36:41.836+0000] GC(1100)   Evacuate Collection Set: 50.0ms
[2025-08-01T02:36:41.836+0000] GC(1100)   Post Evacuate Collection Set: 0.5ms
[2025-08-01T02:36:41.836+0000] GC(1100)   Other: 0.3ms
[2025-08-01T02:36:41.836+0000] GC(1100) Eden regions: 89->0(89)
[2025-08-01T02:36:41.836+0000] GC(1100) Survivor regions: 13->13(13)
[2025-08-01T02:36:41.836+0000] GC(1100) Old regions: 1752->1843
[2025-08-01T02:36:41.836+0000] GC(1100) Humongous regions: 0->0
[2025-08-01T02:36:41.836+0000] GC(1100) Metaspace: 9706K(12544K)->9706K(12544K) NonClass: 8540K(11008K)->8540K(11008K) Class: 1166K(1536K)->1166K(1536K)
[2025-08-01T02:36:41.836+0000] GC(1100) Pause Young (Normal) (G1 Evacuation Pause) 3704M->3709M(4096M) 51.138ms
[2025-08-01T02:36:41.836+0000] GC(1100) User=0.39s Sys=0.01s Real=0.05s
[2025-08-01T02:36:41.875+0000] GC(1087) Concurrent Rebuild Remembered Sets 653.076ms
[2025-08-01T02:36:41.875+0000] GC(1087) Pause Cleanup
[2025-08-01T02:36:41.876+0000] GC(1087) Pause Cleanup 3838M->3838M(4096M) 1.357ms
[2025-08-01T02:36:41.876+0000] GC(1087) User=0.00s Sys=0.00s Real=0.00s
[2025-08-01T02:36:41.877+0000] GC(1087) Concurrent Cleanup for Next Mark
[2025-08-01T02:36:41.883+0000] GC(1087) Concurrent Cleanup for Next Mark 6.684ms
[2025-08-01T02:36:41.883+0000] GC(1087) Concurrent Cycle 1100.554ms
[2025-08-01T02:36:41.902+0000] GC(1101) Pause Young (Prepare Mixed) (G1 Evacuation Pause)
[2025-08-01T02:36:41.902+0000] GC(1101) Using 8 workers of 8 for evacuation
[2025-08-01T02:36:41.931+0000] GC(1101)   Pre Evacuate Collection Set: 0.1ms
[2025-08-01T02:36:41.931+0000] GC(1101)   Evacuate Collection Set: 27.9ms
[2025-08-01T02:36:41.931+0000] GC(1101)   Post Evacuate Collection Set: 0.6ms
[2025-08-01T02:36:41.931+0000] GC(1101)   Other: 0.3ms
[2025-08-01T02:36:41.931+0000] GC(1101) Eden regions: 89->0(89)
[2025-08-01T02:36:41.931+0000] GC(1101) Survivor regions: 13->13(13)
[2025-08-01T02:36:41.931+0000] GC(1101) Old regions: 1843->1917
[2025-08-01T02:36:41.931+0000] GC(1101) Humongous regions: 0->0
[2025-08-01T02:36:41.931+0000] GC(1101) Metaspace: 9706K(12544K)->9706K(12544K) NonClass: 8540K(11008K)->8540K(11008K) Class: 1166K(1536K)->1166K(1536K)
[2025-08-01T02:36:41.931+0000] GC(1101) Pause Young (Prepare Mixed) (G1 Evacuation Pause) 3887M->3856M(4096M) 28.951ms
[2025-08-01T02:36:41.931+0000] GC(1101) User=0.20s Sys=0.00s Real=0.03s
[2025-08-01T02:36:41.947+0000] GC(1102) Pause Young (Mixed) (G1 Evacuation Pause)
[2025-08-01T02:36:41.947+0000] GC(1102) Using 8 workers of 8 for evacuation
[2025-08-01T02:36:41.984+0000] GC(1102) To-space exhausted
[2025-08-01T02:36:41.984+0000] GC(1102)   Pre Evacuate Collection Set: 0.2ms
[2025-08-01T02:36:41.984+0000] GC(1102)   Evacuate Collection Set: 27.6ms
[2025-08-01T02:36:41.984+0000] GC(1102)   Post Evacuate Collection Set: 9.0ms
[2025-08-01T02:36:41.984+0000] GC(1102)   Other: 0.6ms
[2025-08-01T02:36:41.984+0000] GC(1102) Eden regions: 89->0(89)
[2025-08-01T02:36:41.984+0000] GC(1102) Survivor regions: 13->13(13)
[2025-08-01T02:36:41.984+0000] GC(1102) Old regions: 1917->1973
[2025-08-01T02:36:41.984+0000] GC(1102) Humongous regions: 0->0
[2025-08-01T02:36:41.984+0000] GC(1102) Metaspace: 9706K(12544K)->9706K(12544K) NonClass: 8540K(11008K)->8540K(11008K) Class: 1166K(1536K)->1166K(1536K)
[2025-08-01T02:36:41.984+0000] GC(1102) Pause Young (Mixed) (G1 Evacuation Pause) 4034M->3969M(4096M) 37.509ms
[2025-08-01T02:36:41.984+0000] GC(1102) User=0.27s Sys=0.00s Real=0.04s
[2025-08-01T02:36:41.995+0000] GC(1103) Pause Young (Concurrent Start) (G1 Evacuation Pause)
[2025-08-01T02:36:41.995+0000] GC(1103) Using 8 workers of 8 for evacuation
[2025-08-01T02:36:42.018+0000] GC(1103) To-space exhausted
[2025-08-01T02:36:42.018+0000] GC(1103)   Pre Evacuate Collection Set: 0.1ms
[2025-08-01T02:36:42.018+0000] GC(1103)   Evacuate Collection Set: 13.8ms
[2025-08-01T02:36:42.018+0000] GC(1103)   Post Evacuate Collection Set: 9.3ms
[2025-08-01T02:36:42.019+0000] GC(1103)   Other: 0.4ms
[2025-08-01T02:36:42.019+0000] GC(1103) Eden regions: 62->0(102)
[2025-08-01T02:36:42.019+0000] GC(1103) Survivor regions: 13->0(13)
[2025-08-01T02:36:42.019+0000] GC(1103) Old regions: 1973->2048
[2025-08-01T02:36:42.019+0000] GC(1103) Humongous regions: 0->0
[2025-08-01T02:36:42.019+0000] GC(1103) Metaspace: 9706K(12544K)->9706K(12544K) NonClass: 8540K(11008K)->8540K(11008K) Class: 1166K(1536K)->1166K(1536K)
[2025-08-01T02:36:42.019+0000] GC(1103) Pause Young (Concurrent Start) (G1 Evacuation Pause) 4093M->4093M(4096M) 23.758ms
[2025-08-01T02:36:42.019+0000] GC(1103) User=0.15s Sys=0.00s Real=0.02s
[2025-08-01T02:36:42.019+0000] GC(1104) Using 8 workers of 8 for full compaction
[2025-08-01T02:36:42.019+0000] GC(1104) Pause Full (G1 Evacuation Pause)
[2025-08-01T02:36:42.019+0000] GC(1105) Concurrent Cycle
[2025-08-01T02:36:42.019+0000] GC(1105) Concurrent Clear Claimed Marks
[2025-08-01T02:36:42.019+0000] GC(1105) Concurrent Clear Claimed Marks 0.159ms
[2025-08-01T02:36:42.019+0000] GC(1105) Concurrent Scan Root Regions
[2025-08-01T02:36:42.019+0000] GC(1105) Concurrent Scan Root Regions 0.013ms
[2025-08-01T02:36:42.019+0000] GC(1105) Concurrent Mark (141.015s)
[2025-08-01T02:36:42.019+0000] GC(1105) Concurrent Mark From Roots
[2025-08-01T02:36:42.019+0000] GC(1105) Using 2 workers of 2 for marking
[2025-08-01T02:36:42.025+0000] GC(1104) Phase 1: Mark live objects
[2025-08-01T02:36:42.064+0000] GC(1104) Cleaned string and symbol table, strings: 2833 processed, 0 removed, symbols: 23489 processed, 0 removed
[2025-08-01T02:36:42.064+0000] GC(1104) Phase 1: Mark live objects 39.279ms
[2025-08-01T02:36:42.064+0000] GC(1104) Phase 2: Prepare for compaction
[2025-08-01T02:36:42.106+0000] GC(1104) Phase 2: Prepare for compaction 41.272ms
[2025-08-01T02:36:42.106+0000] GC(1104) Phase 3: Adjust pointers
[2025-08-01T02:36:42.148+0000] GC(1104) Phase 3: Adjust pointers 42.275ms
[2025-08-01T02:36:42.148+0000] GC(1104) Phase 4: Compact heap
[2025-08-01T02:36:42.316+0000] GC(1104) Phase 4: Compact heap 167.639ms
[2025-08-01T02:36:42.318+0000] GC(1104) Eden regions: 0->0(528)
[2025-08-01T02:36:42.318+0000] GC(1104) Survivor regions: 0->0(13)
[2025-08-01T02:36:42.318+0000] GC(1104) Old regions: 2048->466
[2025-08-01T02:36:42.318+0000] GC(1104) Humongous regions: 0->0
[2025-08-01T02:36:42.318+0000] GC(1104) Metaspace: 9706K(12544K)->9706K(12544K) NonClass: 8540K(11008K)->8540K(11008K) Class: 1166K(1536K)->1166K(1536K)
[2025-08-01T02:36:42.318+0000] GC(1104) Pause Full (G1 Evacuation Pause) 4093M->921M(4096M) 299.244ms
[2025-08-01T02:36:42.318+0000] GC(1104) User=2.04s Sys=0.04s Real=0.30s
[2025-08-01T02:36:42.319+0000] GC(1105) Concurrent Mark From Roots 299.551ms
[2025-08-01T02:36:42.319+0000] GC(1105) Concurrent Mark Abort
[2025-08-01T02:36:42.319+0000] GC(1105) Concurrent Cycle 299.851ms
[2025-08-01T02:36:42.553+0000] GC(1106) Pause Young (Normal) (G1 Evacuation Pause)
[2025-08-01T02:36:42.553+0000] GC(1106) Using 8 workers of 8 for evacuation
[2025-08-01T02:36:42.741+0000] GC(1106)   Pre Evacuate Collection Set: 0.1ms
[2025-08-01T02:36:42.741+0000] GC(1106)   Evacuate Collection Set: 185.5ms
[2025-08-01T02:36:42.741+0000] GC(1106)   Post Evacuate Collection Set: 2.5ms
[2025-08-01T02:36:42.741+0000] GC(1106)   Other: 0.4ms
[2025-08-01T02:36:42.741+0000] GC(1106) Eden regions: 528->0(347)
[2025-08-01T02:36:42.741+0000] GC(1106) Survivor regions: 0->66(66)
[2025-08-01T02:36:42.741+0000] GC(1106) Old regions: 466->793
[2025-08-01T02:36:42.741+0000] GC(1106) Humongous regions: 0->0
[2025-08-01T02:36:42.741+0000] GC(1106) Metaspace: 9706K(12544K)->9706K(12544K) NonClass: 8540K(11008K)->8540K(11008K) Class: 1166K(1536K)->1166K(1536K)
[2025-08-01T02:36:42.741+0000] GC(1106) Pause Young (Normal) (G1 Evacuation Pause) 1977M->1706M(4096M) 188.554ms
[2025-08-01T02:36:42.741+0000] GC(1106) User=1.39s Sys=0.05s Real=0.18s
[2025-08-01T02:36:42.894+0000] GC(1107) Pause Young (Concurrent Start) (G1 Evacuation Pause)
[2025-08-01T02:36:42.894+0000] GC(1107) Using 8 workers of 8 for evacuation
[2025-08-01T02:36:42.989+0000] GC(1107)   Pre Evacuate Collection Set: 0.1ms
[2025-08-01T02:36:42.989+0000] GC(1107)   Evacuate Collection Set: 93.8ms
[2025-08-01T02:36:42.989+0000] GC(1107)   Post Evacuate Collection Set: 0.8ms
[2025-08-01T02:36:42.989+0000] GC(1107)   Other: 0.3ms
[2025-08-01T02:36:42.989+0000] GC(1107) Eden regions: 347->0(254)
[2025-08-01T02:36:42.989+0000] GC(1107) Survivor regions: 66->52(52)
[2025-08-01T02:36:42.989+0000] GC(1107) Old regions: 793->1038
[2025-08-01T02:36:42.989+0000] GC(1107) Humongous regions: 0->0
[2025-08-01T02:36:42.989+0000] GC(1107) Metaspace: 9706K(12544K)->9706K(12544K) NonClass: 8540K(11008K)->8540K(11008K) Class: 1166K(1536K)->1166K(1536K)
[2025-08-01T02:36:42.990+0000] GC(1107) Pause Young (Concurrent Start) (G1 Evacuation Pause) 2400M->2169M(4096M) 95.233ms
[2025-08-01T02:36:42.990+0000] GC(1107) User=0.74s Sys=0.00s Real=0.09s
[2025-08-01T02:36:42.990+0000] GC(1108) Concurrent Cycle
[2025-08-01T02:36:42.990+0000] GC(1108) Concurrent Clear Claimed Marks
[2025-08-01T02:36:42.990+0000] GC(1108) Concurrent Clear Claimed Marks 0.068ms
[2025-08-01T02:36:42.990+0000] GC(1108) Concurrent Scan Root Regions
[2025-08-01T02:36:43.001+0000] GC(1108) Concurrent Scan Root Regions 10.938ms
[2025-08-01T02:36:43.001+0000] GC(1108) Concurrent Mark (141.996s)
[2025-08-01T02:36:43.001+0000] GC(1108) Concurrent Mark From Roots
[2025-08-01T02:36:43.001+0000] GC(1108) Using 2 workers of 2 for marking
[2025-08-01T02:36:43.082+0000] GC(1109) Pause Young (Normal) (G1 Evacuation Pause)
[2025-08-01T02:36:43.082+0000] GC(1109) Using 8 workers of 8 for evacuation
[2025-08-01T02:36:43.182+0000] GC(1109)   Pre Evacuate Collection Set: 0.1ms
[2025-08-01T02:36:43.182+0000] GC(1109)   Evacuate Collection Set: 98.1ms
[2025-08-01T02:36:43.182+0000] GC(1109)   Post Evacuate Collection Set: 0.8ms
[2025-08-01T02:36:43.182+0000] GC(1109)   Other: 0.3ms
[2025-08-01T02:36:43.182+0000] GC(1109) Eden regions: 254->0(187)
[2025-08-01T02:36:43.182+0000] GC(1109) Survivor regions: 52->39(39)
[2025-08-01T02:36:43.182+0000] GC(1109) Old regions: 1038->1248
[2025-08-01T02:36:43.182+0000] GC(1109) Humongous regions: 0->0
[2025-08-01T02:36:43.182+0000] GC(1109) Metaspace: 9706K(12544K)->9706K(12544K) NonClass: 8540K(11008K)->8540K(11008K) Class: 1166K(1536K)->1166K(1536K)
[2025-08-01T02:36:43.182+0000] GC(1109) Pause Young (Normal) (G1 Evacuation Pause) 2677M->2563M(4096M) 99.399ms
[2025-08-01T02:36:43.182+0000] GC(1109) User=0.75s Sys=0.01s Real=0.10s
[2025-08-01T02:36:43.257+0000] GC(1108) Concurrent Mark From Roots 255.936ms
[2025-08-01T02:36:43.257+0000] GC(1108) Concurrent Preclean
[2025-08-01T02:36:43.257+0000] GC(1108) Concurrent Preclean 0.302ms
[2025-08-01T02:36:43.257+0000] GC(1108) Concurrent Mark (141.996s, 142.253s) 256.349ms
[2025-08-01T02:36:43.258+0000] GC(1108) Pause Remark
[2025-08-01T02:36:43.262+0000] GC(1108) Cleaned string and symbol table, strings: 2833 processed, 0 removed, symbols: 23489 processed, 0 removed
[2025-08-01T02:36:43.263+0000] GC(1108) Pause Remark 2937M->2093M(4096M) 5.252ms
[2025-08-01T02:36:43.263+0000] GC(1108) User=0.02s Sys=0.00s Real=0.01s
[2025-08-01T02:36:43.263+0000] GC(1108) Concurrent Rebuild Remembered Sets
[2025-08-01T02:36:43.263+0000] GC(1110) Pause Young (Normal) (G1 Evacuation Pause)
[2025-08-01T02:36:43.263+0000] GC(1110) Using 8 workers of 8 for evacuation
[2025-08-01T02:36:43.339+0000] GC(1110)   Pre Evacuate Collection Set: 0.0ms
[2025-08-01T02:36:43.339+0000] GC(1110)   Evacuate Collection Set: 74.1ms
[2025-08-01T02:36:43.339+0000] GC(1110)   Post Evacuate Collection Set: 0.9ms
[2025-08-01T02:36:43.339+0000] GC(1110)   Other: 0.2ms
[2025-08-01T02:36:43.339+0000] GC(1110) Eden regions: 187->0(261)
[2025-08-01T02:36:43.339+0000] GC(1110) Survivor regions: 39->29(29)
[2025-08-01T02:36:43.339+0000] GC(1110) Old regions: 822->1009
[2025-08-01T02:36:43.339+0000] GC(1110) Humongous regions: 0->0
[2025-08-01T02:36:43.339+0000] GC(1110) Metaspace: 9706K(12544K)->9706K(12544K) NonClass: 8540K(11008K)->8540K(11008K) Class: 1166K(1536K)->1166K(1536K)
[2025-08-01T02:36:43.339+0000] GC(1110) Pause Young (Normal) (G1 Evacuation Pause) 2093M->2073M(4096M) 75.462ms
[2025-08-01T02:36:43.339+0000] GC(1110) User=0.53s Sys=0.02s Real=0.07s
[2025-08-01T02:36:43.440+0000] GC(1111) Pause Young (Normal) (G1 Evacuation Pause)
[2025-08-01T02:36:43.440+0000] GC(1111) Using 8 workers of 8 for evacuation
[2025-08-01T02:36:43.548+0000] GC(1111)   Pre Evacuate Collection Set: 0.1ms
[2025-08-01T02:36:43.548+0000] GC(1111)   Evacuate Collection Set: 106.4ms
[2025-08-01T02:36:43.548+0000] GC(1111)   Post Evacuate Collection Set: 0.7ms
[2025-08-01T02:36:43.548+0000] GC(1111)   Other: 0.3ms
[2025-08-01T02:36:43.548+0000] GC(1111) Eden regions: 261->0(193)
[2025-08-01T02:36:43.548+0000] GC(1111) Survivor regions: 29->37(37)
[2025-08-01T02:36:43.548+0000] GC(1111) Old regions: 1009->1210
[2025-08-01T02:36:43.548+0000] GC(1111) Humongous regions: 0->0
[2025-08-01T02:36:43.548+0000] GC(1111) Metaspace: 9706K(12544K)->9706K(12544K) NonClass: 8540K(11008K)->8540K(11008K) Class: 1166K(1536K)->1166K(1536K)
[2025-08-01T02:36:43.548+0000] GC(1111) Pause Young (Normal) (G1 Evacuation Pause) 2595M->2491M(4096M) 107.593ms
[2025-08-01T02:36:43.548+0000] GC(1111) User=0.80s Sys=0.02s Real=0.11s
[2025-08-01T02:36:43.640+0000] GC(1112) Pause Young (Normal) (G1 Evacuation Pause)
[2025-08-01T02:36:43.640+0000] GC(1112) Using 8 workers of 8 for evacuation
[2025-08-01T02:36:43.718+0000] GC(1112)   Pre Evacuate Collection Set: 0.2ms
[2025-08-01T02:36:43.718+0000] GC(1112)   Evacuate Collection Set: 76.6ms
[2025-08-01T02:36:43.718+0000] GC(1112)   Post Evacuate Collection Set: 0.8ms
[2025-08-01T02:36:43.718+0000] GC(1112)   Other: 0.3ms
[2025-08-01T02:36:43.718+0000] GC(1112) Eden regions: 193->0(146)
[2025-08-01T02:36:43.718+0000] GC(1112) Survivor regions: 37->29(29)
[2025-08-01T02:36:43.718+0000] GC(1112) Old regions: 1210->1365
[2025-08-01T02:36:43.718+0000] GC(1112) Humongous regions: 0->0
[2025-08-01T02:36:43.718+0000] GC(1112) Metaspace: 9706K(12544K)->9706K(12544K) NonClass: 8540K(11008K)->8540K(11008K) Class: 1166K(1536K)->1166K(1536K)
[2025-08-01T02:36:43.718+0000] GC(1112) Pause Young (Normal) (G1 Evacuation Pause) 2877M->2784M(4096M) 78.060ms
[2025-08-01T02:36:43.718+0000] GC(1112) User=0.59s Sys=0.01s Real=0.08s
[2025-08-01T02:36:43.745+0000] GC(1108) Concurrent Rebuild Remembered Sets 482.092ms
[2025-08-01T02:36:43.746+0000] GC(1108) Pause Cleanup
[2025-08-01T02:36:43.746+0000] GC(1108) Pause Cleanup 2965M->2965M(4096M) 0.805ms
[2025-08-01T02:36:43.746+0000] GC(1108) User=0.00s Sys=0.00s Real=0.00s
[2025-08-01T02:36:43.747+0000] GC(1108) Concurrent Cleanup for Next Mark
[2025-08-01T02:36:43.755+0000] GC(1108) Concurrent Cleanup for Next Mark 8.192ms
[2025-08-01T02:36:43.755+0000] GC(1108) Concurrent Cycle 765.315ms
[2025-08-01T02:36:43.792+0000] GC(1113) Pause Young (Prepare Mixed) (G1 Evacuation Pause)
[2025-08-01T02:36:43.795+0000] GC(1113) Using 8 workers of 8 for evacuation
[2025-08-01T02:36:43.864+0000] GC(1113)   Pre Evacuate Collection Set: 0.6ms
[2025-08-01T02:36:43.864+0000] GC(1113)   Evacuate Collection Set: 66.9ms
[2025-08-01T02:36:43.864+0000] GC(1113)   Post Evacuate Collection Set: 0.8ms
[2025-08-01T02:36:43.864+0000] GC(1113)   Other: 3.7ms
[2025-08-01T02:36:43.864+0000] GC(1113) Eden regions: 146->0(80)
[2025-08-01T02:36:43.864+0000] GC(1113) Survivor regions: 29->22(22)
[2025-08-01T02:36:43.864+0000] GC(1113) Old regions: 1365->1520
[2025-08-01T02:36:43.864+0000] GC(1113) Humongous regions: 0->0
[2025-08-01T02:36:43.864+0000] GC(1113) Metaspace: 9706K(12544K)->9706K(12544K) NonClass: 8540K(11008K)->8540K(11008K) Class: 1166K(1536K)->1166K(1536K)
[2025-08-01T02:36:43.864+0000] GC(1113) Pause Young (Prepare Mixed) (G1 Evacuation Pause) 3076M->3081M(4096M) 72.311ms
[2025-08-01T02:36:43.864+0000] GC(1113) User=0.52s Sys=0.02s Real=0.08s
[2025-08-01T02:36:43.878+0000] GC(1114) Pause Young (Mixed) (G1 Evacuation Pause)
[2025-08-01T02:36:43.878+0000] GC(1114) Using 8 workers of 8 for evacuation
[2025-08-01T02:36:43.912+0000] GC(1114)   Pre Evacuate Collection Set: 0.2ms
[2025-08-01T02:36:43.912+0000] GC(1114)   Evacuate Collection Set: 32.9ms
[2025-08-01T02:36:43.912+0000] GC(1114)   Post Evacuate Collection Set: 0.7ms
[2025-08-01T02:36:43.912+0000] GC(1114)   Other: 0.4ms
[2025-08-01T02:36:43.912+0000] GC(1114) Eden regions: 80->0(119)
[2025-08-01T02:36:43.912+0000] GC(1114) Survivor regions: 22->13(13)
[2025-08-01T02:36:43.912+0000] GC(1114) Old regions: 1520->1454
[2025-08-01T02:36:43.912+0000] GC(1114) Humongous regions: 0->0
[2025-08-01T02:36:43.912+0000] GC(1114) Metaspace: 9706K(12544K)->9706K(12544K) NonClass: 8540K(11008K)->8540K(11008K) Class: 1166K(1536K)->1166K(1536K)
[2025-08-01T02:36:43.912+0000] GC(1114) Pause Young (Mixed) (G1 Evacuation Pause) 3241M->2931M(4096M) 34.424ms
[2025-08-01T02:36:43.912+0000] GC(1114) User=0.26s Sys=0.00s Real=0.03s
[2025-08-01T02:36:43.975+0000] GC(1115) Pause Young (Concurrent Start) (G1 Evacuation Pause)
[2025-08-01T02:36:43.975+0000] GC(1115) Using 8 workers of 8 for evacuation
[2025-08-01T02:36:44.045+0000] GC(1115)   Pre Evacuate Collection Set: 0.1ms
[2025-08-01T02:36:44.045+0000] GC(1115)   Evacuate Collection Set: 68.1ms
[2025-08-01T02:36:44.045+0000] GC(1115)   Post Evacuate Collection Set: 1.4ms
[2025-08-01T02:36:44.045+0000] GC(1115)   Other: 0.4ms
[2025-08-01T02:36:44.045+0000] GC(1115) Eden regions: 119->0(87)
[2025-08-01T02:36:44.045+0000] GC(1115) Survivor regions: 13->17(17)
[2025-08-01T02:36:44.045+0000] GC(1115) Old regions: 1454->1547
[2025-08-01T02:36:44.045+0000] GC(1115) Humongous regions: 0->0
[2025-08-01T02:36:44.045+0000] GC(1115) Metaspace: 9706K(12544K)->9706K(12544K) NonClass: 8540K(11008K)->8540K(11008K) Class: 1166K(1536K)->1166K(1536K)
[2025-08-01T02:36:44.045+0000] GC(1115) Pause Young (Concurrent Start) (G1 Evacuation Pause) 3169M->3124M(4096M) 70.234ms
[2025-08-01T02:36:44.045+0000] GC(1115) User=0.52s Sys=0.01s Real=0.07s
[2025-08-01T02:36:44.046+0000] GC(1116) Concurrent Cycle
[2025-08-01T02:36:44.046+0000] GC(1116) Concurrent Clear Claimed Marks
[2025-08-01T02:36:44.046+0000] GC(1116) Concurrent Clear Claimed Marks 0.240ms
[2025-08-01T02:36:44.046+0000] GC(1116) Concurrent Scan Root Regions
[2025-08-01T02:36:44.052+0000] GC(1116) Concurrent Scan Root Regions 6.157ms
[2025-08-01T02:36:44.052+0000] GC(1116) Concurrent Mark (143.048s)
[2025-08-01T02:36:44.052+0000] GC(1116) Concurrent Mark From Roots
[2025-08-01T02:36:44.052+0000] GC(1116) Using 2 workers of 2 for marking
[2025-08-01T02:36:44.071+0000] GC(1117) Pause Young (Normal) (G1 Evacuation Pause)
[2025-08-01T02:36:44.071+0000] GC(1117) Using 8 workers of 8 for evacuation
[2025-08-01T02:36:44.131+0000] GC(1117)   Pre Evacuate Collection Set: 0.1ms
[2025-08-01T02:36:44.131+0000] GC(1117)   Evacuate Collection Set: 58.3ms
[2025-08-01T02:36:44.131+0000] GC(1117)   Post Evacuate Collection Set: 1.1ms
[2025-08-01T02:36:44.131+0000] GC(1117)   Other: 0.6ms
[2025-08-01T02:36:44.131+0000] GC(1117) Eden regions: 87->0(89)
[2025-08-01T02:36:44.131+0000] GC(1117) Survivor regions: 17->13(13)
[2025-08-01T02:36:44.131+0000] GC(1117) Old regions: 1547->1640
[2025-08-01T02:36:44.131+0000] GC(1117) Humongous regions: 0->0
[2025-08-01T02:36:44.131+0000] GC(1117) Metaspace: 9706K(12544K)->9706K(12544K) NonClass: 8540K(11008K)->8540K(11008K) Class: 1166K(1536K)->1166K(1536K)
[2025-08-01T02:36:44.131+0000] GC(1117) Pause Young (Normal) (G1 Evacuation Pause) 3298M->3302M(4096M) 60.528ms
[2025-08-01T02:36:44.131+0000] GC(1117) User=0.45s Sys=0.01s Real=0.06s
[2025-08-01T02:36:44.201+0000] GC(1118) Pause Young (Normal) (G1 Evacuation Pause)
[2025-08-01T02:36:44.201+0000] GC(1118) Using 8 workers of 8 for evacuation
[2025-08-01T02:36:44.233+0000] GC(1118)   Pre Evacuate Collection Set: 0.2ms
[2025-08-01T02:36:44.233+0000] GC(1118)   Evacuate Collection Set: 31.4ms
[2025-08-01T02:36:44.233+0000] GC(1118)   Post Evacuate Collection Set: 0.7ms
[2025-08-01T02:36:44.233+0000] GC(1118)   Other: 0.4ms
[2025-08-01T02:36:44.233+0000] GC(1118) Eden regions: 89->0(89)
[2025-08-01T02:36:44.233+0000] GC(1118) Survivor regions: 13->13(13)
[2025-08-01T02:36:44.233+0000] GC(1118) Old regions: 1640->1705
[2025-08-01T02:36:44.233+0000] GC(1118) Humongous regions: 0->0
[2025-08-01T02:36:44.234+0000] GC(1118) Metaspace: 9706K(12544K)->9706K(12544K) NonClass: 8540K(11008K)->8540K(11008K) Class: 1166K(1536K)->1166K(1536K)
[2025-08-01T02:36:44.234+0000] GC(1118) Pause Young (Normal) (G1 Evacuation Pause) 3480M->3432M(4096M) 32.915ms
[2025-08-01T02:36:44.234+0000] GC(1118) User=0.23s Sys=0.01s Real=0.04s
[2025-08-01T02:36:44.251+0000] GC(1119) Pause Young (Normal) (G1 Evacuation Pause)
[2025-08-01T02:36:44.251+0000] GC(1119) Using 8 workers of 8 for evacuation
[2025-08-01T02:36:44.289+0000] GC(1119)   Pre Evacuate Collection Set: 0.1ms
[2025-08-01T02:36:44.289+0000] GC(1119)   Evacuate Collection Set: 37.6ms
[2025-08-01T02:36:44.289+0000] GC(1119)   Post Evacuate Collection Set: 0.7ms
[2025-08-01T02:36:44.289+0000] GC(1119)   Other: 0.4ms
[2025-08-01T02:36:44.289+0000] GC(1119) Eden regions: 89->0(89)
[2025-08-01T02:36:44.289+0000] GC(1119) Survivor regions: 13->13(13)
[2025-08-01T02:36:44.289+0000] GC(1119) Old regions: 1705->1795
[2025-08-01T02:36:44.289+0000] GC(1119) Humongous regions: 0->0
[2025-08-01T02:36:44.289+0000] GC(1119) Metaspace: 9706K(12544K)->9706K(12544K) NonClass: 8540K(11008K)->8540K(11008K) Class: 1166K(1536K)->1166K(1536K)
[2025-08-01T02:36:44.289+0000] GC(1119) Pause Young (Normal) (G1 Evacuation Pause) 3610M->3612M(4096M) 38.919ms
[2025-08-01T02:36:44.290+0000] GC(1119) User=0.28s Sys=0.02s Real=0.04s
[2025-08-01T02:36:44.351+0000] GC(1116) Concurrent Mark From Roots 298.331ms
[2025-08-01T02:36:44.351+0000] GC(1116) Concurrent Preclean
[2025-08-01T02:36:44.351+0000] GC(1116) Concurrent Preclean 0.493ms
[2025-08-01T02:36:44.351+0000] GC(1116) Concurrent Mark (143.048s, 143.347s) 298.965ms
[2025-08-01T02:36:44.352+0000] GC(1116) Pause Remark
[2025-08-01T02:36:44.356+0000] GC(1116) Cleaned string and symbol table, strings: 2833 processed, 0 removed, symbols: 23489 processed, 0 removed
[2025-08-01T02:36:44.358+0000] GC(1116) Pause Remark 3782M->1722M(4096M) 6.230ms
[2025-08-01T02:36:44.358+0000] GC(1116) User=0.03s Sys=0.00s Real=0.01s
[2025-08-01T02:36:44.358+0000] GC(1116) Concurrent Rebuild Remembered Sets
[2025-08-01T02:36:44.361+0000] GC(1120) Pause Young (Normal) (G1 Evacuation Pause)
[2025-08-01T02:36:44.361+0000] GC(1120) Using 8 workers of 8 for evacuation
[2025-08-01T02:36:44.429+0000] GC(1120)   Pre Evacuate Collection Set: 0.1ms
[2025-08-01T02:36:44.429+0000] GC(1120)   Evacuate Collection Set: 67.0ms
[2025-08-01T02:36:44.429+0000] GC(1120)   Post Evacuate Collection Set: 0.7ms
[2025-08-01T02:36:44.429+0000] GC(1120)   Other: 0.3ms
[2025-08-01T02:36:44.429+0000] GC(1120) Eden regions: 89->0(313)
[2025-08-01T02:36:44.429+0000] GC(1120) Survivor regions: 13->13(13)
[2025-08-01T02:36:44.429+0000] GC(1120) Old regions: 765->856
[2025-08-01T02:36:44.429+0000] GC(1120) Humongous regions: 0->0
[2025-08-01T02:36:44.429+0000] GC(1120) Metaspace: 9706K(12544K)->9706K(12544K) NonClass: 8540K(11008K)->8540K(11008K) Class: 1166K(1536K)->1166K(1536K)
[2025-08-01T02:36:44.429+0000] GC(1120) Pause Young (Normal) (G1 Evacuation Pause) 1730M->1734M(4096M) 68.276ms
[2025-08-01T02:36:44.429+0000] GC(1120) User=0.51s Sys=0.01s Real=0.07s
[2025-08-01T02:36:44.572+0000] GC(1121) Pause Young (Normal) (G1 Evacuation Pause)
[2025-08-01T02:36:44.572+0000] GC(1121) Using 8 workers of 8 for evacuation
[2025-08-01T02:36:44.662+0000] GC(1121)   Pre Evacuate Collection Set: 0.1ms
[2025-08-01T02:36:44.662+0000] GC(1121)   Evacuate Collection Set: 88.8ms
[2025-08-01T02:36:44.662+0000] GC(1121)   Post Evacuate Collection Set: 0.8ms
[2025-08-01T02:36:44.662+0000] GC(1121)   Other: 0.3ms
[2025-08-01T02:36:44.662+0000] GC(1121) Eden regions: 313->0(226)
[2025-08-01T02:36:44.662+0000] GC(1121) Survivor regions: 13->41(41)
[2025-08-01T02:36:44.662+0000] GC(1121) Old regions: 856->1096
[2025-08-01T02:36:44.662+0000] GC(1121) Humongous regions: 0->0
[2025-08-01T02:36:44.662+0000] GC(1121) Metaspace: 9706K(12544K)->9706K(12544K) NonClass: 8540K(11008K)->8540K(11008K) Class: 1166K(1536K)->1166K(1536K)
[2025-08-01T02:36:44.662+0000] GC(1121) Pause Young (Normal) (G1 Evacuation Pause) 2360M->2270M(4096M) 90.191ms
[2025-08-01T02:36:44.662+0000] GC(1121) User=0.69s Sys=0.01s Real=0.09s
[2025-08-01T02:36:44.747+0000] GC(1122) Pause Young (Normal) (G1 Evacuation Pause)
[2025-08-01T02:36:44.747+0000] GC(1122) Using 8 workers of 8 for evacuation
[2025-08-01T02:36:44.818+0000] GC(1122)   Pre Evacuate Collection Set: 0.1ms
[2025-08-01T02:36:44.818+0000] GC(1122)   Evacuate Collection Set: 69.8ms
[2025-08-01T02:36:44.818+0000] GC(1122)   Post Evacuate Collection Set: 0.8ms
[2025-08-01T02:36:44.818+0000] GC(1122)   Other: 0.3ms
[2025-08-01T02:36:44.818+0000] GC(1122) Eden regions: 226->0(198)
[2025-08-01T02:36:44.818+0000] GC(1122) Survivor regions: 41->34(34)
[2025-08-01T02:36:44.818+0000] GC(1122) Old regions: 1096->1217
[2025-08-01T02:36:44.818+0000] GC(1122) Humongous regions: 0->0
[2025-08-01T02:36:44.818+0000] GC(1122) Metaspace: 9706K(12544K)->9706K(12544K) NonClass: 8540K(11008K)->8540K(11008K) Class: 1166K(1536K)->1166K(1536K)
[2025-08-01T02:36:44.818+0000] GC(1122) Pause Young (Normal) (G1 Evacuation Pause) 2722M->2499M(4096M) 71.203ms
[2025-08-01T02:36:44.819+0000] GC(1122) User=0.48s Sys=0.04s Real=0.07s
[2025-08-01T02:36:44.842+0000] GC(1116) Concurrent Rebuild Remembered Sets 483.517ms
[2025-08-01T02:36:44.842+0000] GC(1116) Pause Cleanup
[2025-08-01T02:36:44.844+0000] GC(1116) Pause Cleanup 2717M->2717M(4096M) 1.075ms
[2025-08-01T02:36:44.844+0000] GC(1116) User=0.00s Sys=0.00s Real=0.01s
[2025-08-01T02:36:44.844+0000] GC(1116) Concurrent Cleanup for Next Mark
[2025-08-01T02:36:44.852+0000] GC(1116) Concurrent Cleanup for Next Mark 8.756ms
[2025-08-01T02:36:44.852+0000] GC(1116) Concurrent Cycle 806.857ms
[2025-08-01T02:36:44.906+0000] GC(1123) Pause Young (Prepare Mixed) (G1 Evacuation Pause)
[2025-08-01T02:36:44.906+0000] GC(1123) Using 8 workers of 8 for evacuation
[2025-08-01T02:36:44.982+0000] GC(1123)   Pre Evacuate Collection Set: 0.1ms
[2025-08-01T02:36:44.982+0000] GC(1123)   Evacuate Collection Set: 74.4ms
[2025-08-01T02:36:44.982+0000] GC(1123)   Post Evacuate Collection Set: 1.4ms
[2025-08-01T02:36:44.982+0000] GC(1123)   Other: 0.4ms
[2025-08-01T02:36:44.982+0000] GC(1123) Eden regions: 198->0(73)
[2025-08-01T02:36:44.982+0000] GC(1123) Survivor regions: 34->29(29)
[2025-08-01T02:36:44.982+0000] GC(1123) Old regions: 1217->1370
[2025-08-01T02:36:44.982+0000] GC(1123) Humongous regions: 0->0
[2025-08-01T02:36:44.982+0000] GC(1123) Metaspace: 9706K(12544K)->9706K(12544K) NonClass: 8540K(11008K)->8540K(11008K) Class: 1166K(1536K)->1166K(1536K)
[2025-08-01T02:36:44.982+0000] GC(1123) Pause Young (Prepare Mixed) (G1 Evacuation Pause) 2895M->2794M(4096M) 76.458ms
[2025-08-01T02:36:44.982+0000] GC(1123) User=0.58s Sys=0.02s Real=0.07s
[2025-08-01T02:36:44.994+0000] GC(1124) Pause Young (Mixed) (G1 Evacuation Pause)
[2025-08-01T02:36:44.994+0000] GC(1124) Using 8 workers of 8 for evacuation
[2025-08-01T02:36:45.029+0000] GC(1124)   Pre Evacuate Collection Set: 0.2ms
[2025-08-01T02:36:45.029+0000] GC(1124)   Evacuate Collection Set: 32.7ms
[2025-08-01T02:36:45.029+0000] GC(1124)   Post Evacuate Collection Set: 1.2ms
[2025-08-01T02:36:45.029+0000] GC(1124)   Other: 0.5ms
[2025-08-01T02:36:45.029+0000] GC(1124) Eden regions: 73->0(168)
[2025-08-01T02:36:45.029+0000] GC(1124) Survivor regions: 29->13(13)
[2025-08-01T02:36:45.029+0000] GC(1124) Old regions: 1370->1329
[2025-08-01T02:36:45.029+0000] GC(1124) Humongous regions: 0->0
[2025-08-01T02:36:45.029+0000] GC(1124) Metaspace: 9706K(12544K)->9706K(12544K) NonClass: 8540K(11008K)->8540K(11008K) Class: 1166K(1536K)->1166K(1536K)
[2025-08-01T02:36:45.029+0000] GC(1124) Pause Young (Mixed) (G1 Evacuation Pause) 2940M->2681M(4096M) 34.676ms
[2025-08-01T02:36:45.029+0000] GC(1124) User=0.26s Sys=0.00s Real=0.03s
[2025-08-01T02:36:45.106+0000] GC(1125) Pause Young (Concurrent Start) (G1 Evacuation Pause)
[2025-08-01T02:36:45.106+0000] GC(1125) Using 8 workers of 8 for evacuation
[2025-08-01T02:36:45.174+0000] GC(1125)   Pre Evacuate Collection Set: 0.1ms
[2025-08-01T02:36:45.174+0000] GC(1125)   Evacuate Collection Set: 66.4ms
[2025-08-01T02:36:45.174+0000] GC(1125)   Post Evacuate Collection Set: 0.7ms
[2025-08-01T02:36:45.174+0000] GC(1125)   Other: 0.4ms
[2025-08-01T02:36:45.174+0000] GC(1125) Eden regions: 168->0(104)
[2025-08-01T02:36:45.174+0000] GC(1125) Survivor regions: 13->23(23)
[2025-08-01T02:36:45.174+0000] GC(1125) Old regions: 1329->1489
[2025-08-01T02:36:45.174+0000] GC(1125) Humongous regions: 0->0
[2025-08-01T02:36:45.174+0000] GC(1125) Metaspace: 9706K(12544K)->9706K(12544K) NonClass: 8540K(11008K)->8540K(11008K) Class: 1166K(1536K)->1166K(1536K)
[2025-08-01T02:36:45.174+0000] GC(1125) Pause Young (Concurrent Start) (G1 Evacuation Pause) 3017M->3020M(4096M) 67.828ms
[2025-08-01T02:36:45.174+0000] GC(1125) User=0.50s Sys=0.02s Real=0.07s
[2025-08-01T02:36:45.174+0000] GC(1126) Concurrent Cycle
[2025-08-01T02:36:45.174+0000] GC(1126) Concurrent Clear Claimed Marks
[2025-08-01T02:36:45.174+0000] GC(1126) Concurrent Clear Claimed Marks 0.064ms
[2025-08-01T02:36:45.174+0000] GC(1126) Concurrent Scan Root Regions
[2025-08-01T02:36:45.179+0000] GC(1126) Concurrent Scan Root Regions 4.751ms
[2025-08-01T02:36:45.179+0000] GC(1126) Concurrent Mark (144.175s)
[2025-08-01T02:36:45.179+0000] GC(1126) Concurrent Mark From Roots
[2025-08-01T02:36:45.179+0000] GC(1126) Using 2 workers of 2 for marking
[2025-08-01T02:36:45.244+0000] GC(1127) Pause Young (Normal) (G1 Evacuation Pause)
[2025-08-01T02:36:45.244+0000] GC(1127) Using 8 workers of 8 for evacuation
[2025-08-01T02:36:45.289+0000] GC(1127)   Pre Evacuate Collection Set: 0.1ms
[2025-08-01T02:36:45.289+0000] GC(1127)   Evacuate Collection Set: 44.4ms
[2025-08-01T02:36:45.289+0000] GC(1127)   Post Evacuate Collection Set: 1.0ms
[2025-08-01T02:36:45.289+0000] GC(1127)   Other: 0.3ms
[2025-08-01T02:36:45.289+0000] GC(1127) Eden regions: 104->0(86)
[2025-08-01T02:36:45.289+0000] GC(1127) Survivor regions: 23->16(16)
[2025-08-01T02:36:45.289+0000] GC(1127) Old regions: 1489->1602
[2025-08-01T02:36:45.289+0000] GC(1127) Humongous regions: 0->0
[2025-08-01T02:36:45.289+0000] GC(1127) Metaspace: 9706K(12544K)->9706K(12544K) NonClass: 8540K(11008K)->8540K(11008K) Class: 1166K(1536K)->1166K(1536K)
[2025-08-01T02:36:45.289+0000] GC(1127) Pause Young (Normal) (G1 Evacuation Pause) 3228M->3232M(4096M) 45.939ms
[2025-08-01T02:36:45.290+0000] GC(1127) User=0.33s Sys=0.00s Real=0.04s
[2025-08-01T02:36:45.308+0000] GC(1128) Pause Young (Normal) (G1 Evacuation Pause)
[2025-08-01T02:36:45.309+0000] GC(1128) Using 8 workers of 8 for evacuation
[2025-08-01T02:36:45.349+0000] GC(1128)   Pre Evacuate Collection Set: 0.1ms
[2025-08-01T02:36:45.349+0000] GC(1128)   Evacuate Collection Set: 39.4ms
[2025-08-01T02:36:45.349+0000] GC(1128)   Post Evacuate Collection Set: 0.7ms
[2025-08-01T02:36:45.349+0000] GC(1128)   Other: 0.3ms
[2025-08-01T02:36:45.349+0000] GC(1128) Eden regions: 86->0(89)
[2025-08-01T02:36:45.349+0000] GC(1128) Survivor regions: 16->13(13)
[2025-08-01T02:36:45.349+0000] GC(1128) Old regions: 1602->1692
[2025-08-01T02:36:45.349+0000] GC(1128) Humongous regions: 0->0
[2025-08-01T02:36:45.349+0000] GC(1128) Metaspace: 9706K(12544K)->9706K(12544K) NonClass: 8540K(11008K)->8540K(11008K) Class: 1166K(1536K)->1166K(1536K)
[2025-08-01T02:36:45.349+0000] GC(1128) Pause Young (Normal) (G1 Evacuation Pause) 3404M->3407M(4096M) 40.638ms
[2025-08-01T02:36:45.349+0000] GC(1128) User=0.30s Sys=0.01s Real=0.04s
[2025-08-01T02:36:45.406+0000] GC(1129) Pause Young (Normal) (G1 Evacuation Pause)
[2025-08-01T02:36:45.406+0000] GC(1129) Using 8 workers of 8 for evacuation
[2025-08-01T02:36:45.427+0000] GC(1129)   Pre Evacuate Collection Set: 0.1ms
[2025-08-01T02:36:45.427+0000] GC(1129)   Evacuate Collection Set: 19.8ms
[2025-08-01T02:36:45.427+0000] GC(1129)   Post Evacuate Collection Set: 1.0ms
[2025-08-01T02:36:45.427+0000] GC(1129)   Other: 0.3ms
[2025-08-01T02:36:45.428+0000] GC(1129) Eden regions: 89->0(89)
[2025-08-01T02:36:45.428+0000] GC(1129) Survivor regions: 13->13(13)
[2025-08-01T02:36:45.428+0000] GC(1129) Old regions: 1692->1714
[2025-08-01T02:36:45.428+0000] GC(1129) Humongous regions: 0->0
[2025-08-01T02:36:45.428+0000] GC(1129) Metaspace: 9706K(12544K)->9706K(12544K) NonClass: 8540K(11008K)->8540K(11008K) Class: 1166K(1536K)->1166K(1536K)
[2025-08-01T02:36:45.428+0000] GC(1129) Pause Young (Normal) (G1 Evacuation Pause) 3585M->3450M(4096M) 21.300ms
[2025-08-01T02:36:45.428+0000] GC(1129) User=0.15s Sys=0.00s Real=0.02s
[2025-08-01T02:36:45.446+0000] GC(1130) Pause Young (Normal) (G1 Evacuation Pause)
[2025-08-01T02:36:45.446+0000] GC(1130) Using 8 workers of 8 for evacuation
[2025-08-01T02:36:45.483+0000] GC(1130)   Pre Evacuate Collection Set: 0.1ms
[2025-08-01T02:36:45.483+0000] GC(1130)   Evacuate Collection Set: 35.6ms
[2025-08-01T02:36:45.483+0000] GC(1130)   Post Evacuate Collection Set: 1.0ms
[2025-08-01T02:36:45.483+0000] GC(1130)   Other: 0.3ms
[2025-08-01T02:36:45.483+0000] GC(1130) Eden regions: 89->0(89)
[2025-08-01T02:36:45.483+0000] GC(1130) Survivor regions: 13->13(13)
[2025-08-01T02:36:45.483+0000] GC(1130) Old regions: 1714->1804
[2025-08-01T02:36:45.483+0000] GC(1130) Humongous regions: 0->0
[2025-08-01T02:36:45.483+0000] GC(1130) Metaspace: 9706K(12544K)->9706K(12544K) NonClass: 8540K(11008K)->8540K(11008K) Class: 1166K(1536K)->1166K(1536K)
[2025-08-01T02:36:45.483+0000] GC(1130) Pause Young (Normal) (G1 Evacuation Pause) 3628M->3631M(4096M) 37.150ms
[2025-08-01T02:36:45.483+0000] GC(1130) User=0.26s Sys=0.00s Real=0.04s
[2025-08-01T02:36:45.530+0000] GC(1126) Concurrent Mark From Roots 351.043ms
[2025-08-01T02:36:45.530+0000] GC(1126) Concurrent Preclean
[2025-08-01T02:36:45.531+0000] GC(1126) Concurrent Preclean 0.485ms
[2025-08-01T02:36:45.531+0000] GC(1126) Concurrent Mark (144.175s, 144.526s) 351.631ms
[2025-08-01T02:36:45.531+0000] GC(1126) Pause Remark
[2025-08-01T02:36:45.533+0000] GC(1126) Cleaned string and symbol table, strings: 2833 processed, 0 removed, symbols: 23489 processed, 0 removed
[2025-08-01T02:36:45.535+0000] GC(1126) Pause Remark 3795M->1995M(4096M) 3.982ms
[2025-08-01T02:36:45.535+0000] GC(1126) User=0.01s Sys=0.01s Real=0.01s
[2025-08-01T02:36:45.535+0000] GC(1126) Concurrent Rebuild Remembered Sets
[2025-08-01T02:36:45.547+0000] GC(1131) Pause Young (Normal) (G1 Evacuation Pause)
[2025-08-01T02:36:45.547+0000] GC(1131) Using 8 workers of 8 for evacuation
[2025-08-01T02:36:45.590+0000] GC(1131)   Pre Evacuate Collection Set: 0.1ms
[2025-08-01T02:36:45.590+0000] GC(1131)   Evacuate Collection Set: 41.8ms
[2025-08-01T02:36:45.590+0000] GC(1131)   Post Evacuate Collection Set: 1.0ms
[2025-08-01T02:36:45.590+0000] GC(1131)   Other: 0.3ms
[2025-08-01T02:36:45.590+0000] GC(1131) Eden regions: 89->0(276)
[2025-08-01T02:36:45.590+0000] GC(1131) Survivor regions: 13->13(13)
[2025-08-01T02:36:45.590+0000] GC(1131) Old regions: 904->979
[2025-08-01T02:36:45.590+0000] GC(1131) Humongous regions: 0->0
[2025-08-01T02:36:45.590+0000] GC(1131) Metaspace: 9706K(12544K)->9706K(12544K) NonClass: 8540K(11008K)->8540K(11008K) Class: 1166K(1536K)->1166K(1536K)
[2025-08-01T02:36:45.590+0000] GC(1131) Pause Young (Normal) (G1 Evacuation Pause) 2009M->1980M(4096M) 43.393ms
[2025-08-01T02:36:45.590+0000] GC(1131) User=0.32s Sys=0.01s Real=0.04s
[2025-08-01T02:36:45.688+0000] GC(1132) Pause Young (Normal) (G1 Evacuation Pause)
[2025-08-01T02:36:45.688+0000] GC(1132) Using 8 workers of 8 for evacuation
[2025-08-01T02:36:45.775+0000] GC(1132)   Pre Evacuate Collection Set: 0.1ms
[2025-08-01T02:36:45.775+0000] GC(1132)   Evacuate Collection Set: 85.5ms
[2025-08-01T02:36:45.775+0000] GC(1132)   Post Evacuate Collection Set: 0.9ms
[2025-08-01T02:36:45.775+0000] GC(1132)   Other: 0.3ms
[2025-08-01T02:36:45.775+0000] GC(1132) Eden regions: 276->0(204)
[2025-08-01T02:36:45.775+0000] GC(1132) Survivor regions: 13->37(37)
[2025-08-01T02:36:45.775+0000] GC(1132) Old regions: 979->1182
[2025-08-01T02:36:45.775+0000] GC(1132) Humongous regions: 0->0
[2025-08-01T02:36:45.775+0000] GC(1132) Metaspace: 9706K(12544K)->9706K(12544K) NonClass: 8540K(11008K)->8540K(11008K) Class: 1166K(1536K)->1166K(1536K)
[2025-08-01T02:36:45.775+0000] GC(1132) Pause Young (Normal) (G1 Evacuation Pause) 2532M->2435M(4096M) 87.000ms
[2025-08-01T02:36:45.775+0000] GC(1132) User=0.66s Sys=0.00s Real=0.09s
[2025-08-01T02:36:45.878+0000] GC(1133) Pause Young (Normal) (G1 Evacuation Pause)
[2025-08-01T02:36:45.878+0000] GC(1133) Using 8 workers of 8 for evacuation
[2025-08-01T02:36:45.959+0000] GC(1133)   Pre Evacuate Collection Set: 0.2ms
[2025-08-01T02:36:45.959+0000] GC(1133)   Evacuate Collection Set: 79.7ms
[2025-08-01T02:36:45.959+0000] GC(1133)   Post Evacuate Collection Set: 0.9ms
[2025-08-01T02:36:45.959+0000] GC(1133)   Other: 0.3ms
[2025-08-01T02:36:45.959+0000] GC(1133) Eden regions: 204->0(132)
[2025-08-01T02:36:45.959+0000] GC(1133) Survivor regions: 37->31(31)
[2025-08-01T02:36:45.959+0000] GC(1133) Old regions: 1182->1394
[2025-08-01T02:36:45.959+0000] GC(1133) Humongous regions: 0->0
[2025-08-01T02:36:45.959+0000] GC(1133) Metaspace: 9706K(12544K)->9706K(12544K) NonClass: 8540K(11008K)->8540K(11008K) Class: 1166K(1536K)->1166K(1536K)
[2025-08-01T02:36:45.959+0000] GC(1133) Pause Young (Normal) (G1 Evacuation Pause) 2843M->2846M(4096M) 81.369ms
[2025-08-01T02:36:45.959+0000] GC(1133) User=0.62s Sys=0.01s Real=0.08s
[2025-08-01T02:36:46.027+0000] GC(1134) Pause Young (Normal) (G1 Evacuation Pause)
[2025-08-01T02:36:46.027+0000] GC(1134) Using 8 workers of 8 for evacuation
[2025-08-01T02:36:46.089+0000] GC(1134)   Pre Evacuate Collection Set: 0.1ms
[2025-08-01T02:36:46.089+0000] GC(1134)   Evacuate Collection Set: 60.5ms
[2025-08-01T02:36:46.089+0000] GC(1134)   Post Evacuate Collection Set: 1.0ms
[2025-08-01T02:36:46.089+0000] GC(1134)   Other: 0.4ms
[2025-08-01T02:36:46.089+0000] GC(1134) Eden regions: 132->0(89)
[2025-08-01T02:36:46.089+0000] GC(1134) Survivor regions: 31->21(21)
[2025-08-01T02:36:46.089+0000] GC(1134) Old regions: 1394->1537
[2025-08-01T02:36:46.089+0000] GC(1134) Humongous regions: 0->0
[2025-08-01T02:36:46.089+0000] GC(1134) Metaspace: 9706K(12544K)->9706K(12544K) NonClass: 8540K(11008K)->8540K(11008K) Class: 1166K(1536K)->1166K(1536K)
[2025-08-01T02:36:46.089+0000] GC(1134) Pause Young (Normal) (G1 Evacuation Pause) 3110M->3112M(4096M) 62.235ms
[2025-08-01T02:36:46.089+0000] GC(1134) User=0.47s Sys=0.01s Real=0.06s
[2025-08-01T02:36:46.102+0000] GC(1126) Concurrent Rebuild Remembered Sets 567.137ms
[2025-08-01T02:36:46.103+0000] GC(1126) Pause Cleanup
[2025-08-01T02:36:46.104+0000] GC(1126) Pause Cleanup 3272M->3272M(4096M) 1.420ms
[2025-08-01T02:36:46.105+0000] GC(1126) User=0.00s Sys=0.00s Real=0.00s
[2025-08-01T02:36:46.105+0000] GC(1126) Concurrent Cleanup for Next Mark
[2025-08-01T02:36:46.107+0000] GC(1135) Pause Young (Normal) (G1 Evacuation Pause)
[2025-08-01T02:36:46.107+0000] GC(1135) Using 8 workers of 8 for evacuation
[2025-08-01T02:36:46.149+0000] GC(1135)   Pre Evacuate Collection Set: 0.1ms
[2025-08-01T02:36:46.149+0000] GC(1135)   Evacuate Collection Set: 40.7ms
[2025-08-01T02:36:46.149+0000] GC(1135)   Post Evacuate Collection Set: 0.7ms
[2025-08-01T02:36:46.149+0000] GC(1135)   Other: 0.3ms
[2025-08-01T02:36:46.149+0000] GC(1135) Eden regions: 89->0(88)
[2025-08-01T02:36:46.149+0000] GC(1135) Survivor regions: 21->14(14)
[2025-08-01T02:36:46.149+0000] GC(1135) Old regions: 1537->1635
[2025-08-01T02:36:46.149+0000] GC(1135) Humongous regions: 0->0
[2025-08-01T02:36:46.149+0000] GC(1135) Metaspace: 9706K(12544K)->9706K(12544K) NonClass: 8540K(11008K)->8540K(11008K) Class: 1166K(1536K)->1166K(1536K)
[2025-08-01T02:36:46.149+0000] GC(1135) Pause Young (Normal) (G1 Evacuation Pause) 3290M->3294M(4096M) 41.990ms
[2025-08-01T02:36:46.149+0000] GC(1135) User=0.31s Sys=0.00s Real=0.04s
[2025-08-01T02:36:46.159+0000] GC(1126) Concurrent Cleanup for Next Mark 54.510ms
[2025-08-01T02:36:46.159+0000] GC(1126) Concurrent Cycle 985.026ms
[2025-08-01T02:36:46.213+0000] GC(1136) Pause Young (Normal) (G1 Evacuation Pause)
[2025-08-01T02:36:46.213+0000] GC(1136) Using 8 workers of 8 for evacuation
[2025-08-01T02:36:46.232+0000] GC(1136)   Pre Evacuate Collection Set: 0.2ms
[2025-08-01T02:36:46.232+0000] GC(1136)   Evacuate Collection Set: 18.3ms
[2025-08-01T02:36:46.232+0000] GC(1136)   Post Evacuate Collection Set: 0.7ms
[2025-08-01T02:36:46.232+0000] GC(1136)   Other: 0.3ms
[2025-08-01T02:36:46.232+0000] GC(1136) Eden regions: 88->0(89)
[2025-08-01T02:36:46.232+0000] GC(1136) Survivor regions: 14->13(13)
[2025-08-01T02:36:46.232+0000] GC(1136) Old regions: 1635->1663
[2025-08-01T02:36:46.232+0000] GC(1136) Humongous regions: 0->0
[2025-08-01T02:36:46.232+0000] GC(1136) Metaspace: 9706K(12544K)->9706K(12544K) NonClass: 8540K(11008K)->8540K(11008K) Class: 1166K(1536K)->1166K(1536K)
[2025-08-01T02:36:46.232+0000] GC(1136) Pause Young (Normal) (G1 Evacuation Pause) 3470M->3349M(4096M) 19.639ms
[2025-08-01T02:36:46.232+0000] GC(1136) User=0.13s Sys=0.01s Real=0.02s
[2025-08-01T02:36:46.249+0000] GC(1137) Pause Young (Concurrent Start) (G1 Evacuation Pause)
[2025-08-01T02:36:46.249+0000] GC(1137) Using 8 workers of 8 for evacuation
[2025-08-01T02:36:46.296+0000] GC(1137)   Pre Evacuate Collection Set: 0.1ms
[2025-08-01T02:36:46.296+0000] GC(1137)   Evacuate Collection Set: 46.0ms
[2025-08-01T02:36:46.296+0000] GC(1137)   Post Evacuate Collection Set: 0.7ms
[2025-08-01T02:36:46.296+0000] GC(1137)   Other: 0.5ms
[2025-08-01T02:36:46.296+0000] GC(1137) Eden regions: 89->0(89)
[2025-08-01T02:36:46.296+0000] GC(1137) Survivor regions: 13->13(13)
[2025-08-01T02:36:46.296+0000] GC(1137) Old regions: 1663->1754
[2025-08-01T02:36:46.296+0000] GC(1137) Humongous regions: 0->0
[2025-08-01T02:36:46.297+0000] GC(1137) Metaspace: 9706K(12544K)->9706K(12544K) NonClass: 8540K(11008K)->8540K(11008K) Class: 1166K(1536K)->1166K(1536K)
[2025-08-01T02:36:46.297+0000] GC(1137) Pause Young (Concurrent Start) (G1 Evacuation Pause) 3527M->3531M(4096M) 47.537ms
[2025-08-01T02:36:46.297+0000] GC(1137) User=0.32s Sys=0.01s Real=0.05s
[2025-08-01T02:36:46.297+0000] GC(1138) Concurrent Cycle
[2025-08-01T02:36:46.297+0000] GC(1138) Concurrent Clear Claimed Marks
[2025-08-01T02:36:46.297+0000] GC(1138) Concurrent Clear Claimed Marks 0.095ms
[2025-08-01T02:36:46.297+0000] GC(1138) Concurrent Scan Root Regions
[2025-08-01T02:36:46.300+0000] GC(1138) Concurrent Scan Root Regions 2.964ms
[2025-08-01T02:36:46.300+0000] GC(1138) Concurrent Mark (145.295s)
[2025-08-01T02:36:46.300+0000] GC(1138) Concurrent Mark From Roots
[2025-08-01T02:36:46.300+0000] GC(1138) Using 2 workers of 2 for marking
[2025-08-01T02:36:46.359+0000] GC(1139) Pause Young (Normal) (G1 Evacuation Pause)
[2025-08-01T02:36:46.359+0000] GC(1139) Using 8 workers of 8 for evacuation
[2025-08-01T02:36:46.433+0000] GC(1139)   Pre Evacuate Collection Set: 0.1ms
[2025-08-01T02:36:46.433+0000] GC(1139)   Evacuate Collection Set: 72.4ms
[2025-08-01T02:36:46.433+0000] GC(1139)   Post Evacuate Collection Set: 0.7ms
[2025-08-01T02:36:46.433+0000] GC(1139)   Other: 0.3ms
[2025-08-01T02:36:46.433+0000] GC(1139) Eden regions: 89->0(89)
[2025-08-01T02:36:46.433+0000] GC(1139) Survivor regions: 13->13(13)
[2025-08-01T02:36:46.433+0000] GC(1139) Old regions: 1754->1845
[2025-08-01T02:36:46.433+0000] GC(1139) Humongous regions: 0->0
[2025-08-01T02:36:46.433+0000] GC(1139) Metaspace: 9706K(12544K)->9706K(12544K) NonClass: 8540K(11008K)->8540K(11008K) Class: 1166K(1536K)->1166K(1536K)
[2025-08-01T02:36:46.433+0000] GC(1139) Pause Young (Normal) (G1 Evacuation Pause) 3709M->3712M(4096M) 73.660ms
[2025-08-01T02:36:46.433+0000] GC(1139) User=0.54s Sys=0.03s Real=0.07s
[2025-08-01T02:36:46.449+0000] GC(1140) Pause Young (Normal) (G1 Evacuation Pause)
[2025-08-01T02:36:46.449+0000] GC(1140) Using 8 workers of 8 for evacuation
[2025-08-01T02:36:46.488+0000] GC(1140) To-space exhausted
[2025-08-01T02:36:46.489+0000] GC(1140)   Pre Evacuate Collection Set: 0.1ms
[2025-08-01T02:36:46.489+0000] GC(1140)   Evacuate Collection Set: 36.8ms
[2025-08-01T02:36:46.489+0000] GC(1140)   Post Evacuate Collection Set: 2.0ms
[2025-08-01T02:36:46.489+0000] GC(1140)   Other: 0.3ms
[2025-08-01T02:36:46.489+0000] GC(1140) Eden regions: 89->0(89)
[2025-08-01T02:36:46.489+0000] GC(1140) Survivor regions: 13->13(13)
[2025-08-01T02:36:46.489+0000] GC(1140) Old regions: 1845->1938
[2025-08-01T02:36:46.489+0000] GC(1140) Humongous regions: 0->0
[2025-08-01T02:36:46.489+0000] GC(1140) Metaspace: 9706K(12544K)->9706K(12544K) NonClass: 8540K(11008K)->8540K(11008K) Class: 1166K(1536K)->1166K(1536K)
[2025-08-01T02:36:46.489+0000] GC(1140) Pause Young (Normal) (G1 Evacuation Pause) 3890M->3899M(4096M) 39.334ms
[2025-08-01T02:36:46.489+0000] GC(1140) User=0.27s Sys=0.01s Real=0.04s
[2025-08-01T02:36:46.512+0000] GC(1138) Concurrent Mark From Roots 211.949ms
[2025-08-01T02:36:46.512+0000] GC(1138) Concurrent Preclean
[2025-08-01T02:36:46.512+0000] GC(1138) Concurrent Preclean 0.277ms
[2025-08-01T02:36:46.512+0000] GC(1138) Concurrent Mark (145.295s, 145.508s) 212.321ms
[2025-08-01T02:36:46.513+0000] GC(1138) Pause Remark
[2025-08-01T02:36:46.515+0000] GC(1138) Cleaned string and symbol table, strings: 2833 processed, 0 removed, symbols: 23489 processed, 0 removed
[2025-08-01T02:36:46.517+0000] GC(1138) Pause Remark 4039M->1595M(4096M) 4.527ms
[2025-08-01T02:36:46.517+0000] GC(1138) User=0.02s Sys=0.00s Real=0.01s
[2025-08-01T02:36:46.517+0000] GC(1138) Concurrent Rebuild Remembered Sets
[2025-08-01T02:36:46.549+0000] GC(1141) Pause Young (Normal) (G1 Evacuation Pause)
[2025-08-01T02:36:46.549+0000] GC(1141) Using 8 workers of 8 for evacuation
[2025-08-01T02:36:46.577+0000] GC(1141)   Pre Evacuate Collection Set: 0.1ms
[2025-08-01T02:36:46.577+0000] GC(1141)   Evacuate Collection Set: 27.2ms
[2025-08-01T02:36:46.577+0000] GC(1141)   Post Evacuate Collection Set: 0.9ms
[2025-08-01T02:36:46.577+0000] GC(1141)   Other: 0.3ms
[2025-08-01T02:36:46.577+0000] GC(1141) Eden regions: 89->0(331)
[2025-08-01T02:36:46.577+0000] GC(1141) Survivor regions: 13->13(13)
[2025-08-01T02:36:46.577+0000] GC(1141) Old regions: 716->779
[2025-08-01T02:36:46.577+0000] GC(1141) Humongous regions: 0->0
[2025-08-01T02:36:46.577+0000] GC(1141) Metaspace: 9706K(12544K)->9706K(12544K) NonClass: 8540K(11008K)->8540K(11008K) Class: 1166K(1536K)->1166K(1536K)
[2025-08-01T02:36:46.578+0000] GC(1141) Pause Young (Normal) (G1 Evacuation Pause) 1633M->1581M(4096M) 28.602ms
[2025-08-01T02:36:46.578+0000] GC(1141) User=0.20s Sys=0.01s Real=0.03s
[2025-08-01T02:36:46.685+0000] GC(1142) Pause Young (Normal) (G1 Evacuation Pause)
[2025-08-01T02:36:46.685+0000] GC(1142) Using 8 workers of 8 for evacuation
[2025-08-01T02:36:46.802+0000] GC(1142)   Pre Evacuate Collection Set: 0.1ms
[2025-08-01T02:36:46.802+0000] GC(1142)   Evacuate Collection Set: 115.8ms
[2025-08-01T02:36:46.802+0000] GC(1142)   Post Evacuate Collection Set: 0.9ms
[2025-08-01T02:36:46.802+0000] GC(1142)   Other: 0.3ms
[2025-08-01T02:36:46.802+0000] GC(1142) Eden regions: 331->0(225)
[2025-08-01T02:36:46.802+0000] GC(1142) Survivor regions: 13->43(43)
[2025-08-01T02:36:46.802+0000] GC(1142) Old regions: 779->1082
[2025-08-01T02:36:46.802+0000] GC(1142) Humongous regions: 0->0
[2025-08-01T02:36:46.802+0000] GC(1142) Metaspace: 9706K(12544K)->9706K(12544K) NonClass: 8540K(11008K)->8540K(11008K) Class: 1166K(1536K)->1166K(1536K)
[2025-08-01T02:36:46.803+0000] GC(1142) Pause Young (Normal) (G1 Evacuation Pause) 2243M->2246M(4096M) 117.234ms
[2025-08-01T02:36:46.803+0000] GC(1142) User=0.90s Sys=0.02s Real=0.11s
[2025-08-01T02:36:46.820+0000] GC(1138) Concurrent Rebuild Remembered Sets 302.492ms
[2025-08-01T02:36:46.820+0000] GC(1138) Pause Cleanup
[2025-08-01T02:36:46.821+0000] GC(1138) Pause Cleanup 2399M->2399M(4096M) 0.896ms
[2025-08-01T02:36:46.821+0000] GC(1138) User=0.00s Sys=0.00s Real=0.00s
[2025-08-01T02:36:46.821+0000] GC(1138) Concurrent Cleanup for Next Mark
[2025-08-01T02:36:46.833+0000] GC(1138) Concurrent Cleanup for Next Mark 11.230ms
[2025-08-01T02:36:46.833+0000] GC(1138) Concurrent Cycle 536.138ms
[2025-08-01T02:36:46.892+0000] GC(1143) Pause Young (Prepare Mixed) (G1 Evacuation Pause)
[2025-08-01T02:36:46.892+0000] GC(1143) Using 8 workers of 8 for evacuation
[2025-08-01T02:36:47.023+0000] GC(1143)   Pre Evacuate Collection Set: 0.1ms
[2025-08-01T02:36:47.023+0000] GC(1143)   Evacuate Collection Set: 129.2ms
[2025-08-01T02:36:47.023+0000] GC(1143)   Post Evacuate Collection Set: 1.3ms
[2025-08-01T02:36:47.023+0000] GC(1143)   Other: 0.3ms
[2025-08-01T02:36:47.023+0000] GC(1143) Eden regions: 225->0(68)
[2025-08-01T02:36:47.023+0000] GC(1143) Survivor regions: 43->34(34)
[2025-08-01T02:36:47.023+0000] GC(1143) Old regions: 1082->1143
[2025-08-01T02:36:47.023+0000] GC(1143) Humongous regions: 0->0
[2025-08-01T02:36:47.023+0000] GC(1143) Metaspace: 9706K(12544K)->9706K(12544K) NonClass: 8540K(11008K)->8540K(11008K) Class: 1166K(1536K)->1166K(1536K)
[2025-08-01T02:36:47.023+0000] GC(1143) Pause Young (Prepare Mixed) (G1 Evacuation Pause) 2696M->2350M(4096M) 131.353ms
[2025-08-01T02:36:47.023+0000] GC(1143) User=0.95s Sys=0.04s Real=0.13s
[2025-08-01T02:36:47.040+0000] GC(1144) Pause Young (Mixed) (G1 Evacuation Pause)
[2025-08-01T02:36:47.040+0000] GC(1144) Using 8 workers of 8 for evacuation
[2025-08-01T02:36:47.092+0000] GC(1144)   Pre Evacuate Collection Set: 0.3ms
[2025-08-01T02:36:47.092+0000] GC(1144)   Evacuate Collection Set: 50.5ms
[2025-08-01T02:36:47.092+0000] GC(1144)   Post Evacuate Collection Set: 0.9ms
[2025-08-01T02:36:47.092+0000] GC(1144)   Other: 0.6ms
[2025-08-01T02:36:47.092+0000] GC(1144) Eden regions: 68->0(265)
[2025-08-01T02:36:47.092+0000] GC(1144) Survivor regions: 34->13(13)
[2025-08-01T02:36:47.092+0000] GC(1144) Old regions: 1143->1034
[2025-08-01T02:36:47.092+0000] GC(1144) Humongous regions: 0->0
[2025-08-01T02:36:47.092+0000] GC(1144) Metaspace: 9706K(12544K)->9706K(12544K) NonClass: 8540K(11008K)->8540K(11008K) Class: 1166K(1536K)->1166K(1536K)
[2025-08-01T02:36:47.093+0000] GC(1144) Pause Young (Mixed) (G1 Evacuation Pause) 2486M->2090M(4096M) 52.509ms
[2025-08-01T02:36:47.093+0000] GC(1144) User=0.39s Sys=0.01s Real=0.05s
[2025-08-01T02:36:47.232+0000] GC(1145) Pause Young (Concurrent Start) (G1 Evacuation Pause)
[2025-08-01T02:36:47.232+0000] GC(1145) Using 8 workers of 8 for evacuation
[2025-08-01T02:36:47.401+0000] GC(1145)   Pre Evacuate Collection Set: 0.1ms
[2025-08-01T02:36:47.401+0000] GC(1145)   Evacuate Collection Set: 167.9ms
[2025-08-01T02:36:47.401+0000] GC(1145)   Post Evacuate Collection Set: 0.9ms
[2025-08-01T02:36:47.401+0000] GC(1145)   Other: 0.5ms
[2025-08-01T02:36:47.401+0000] GC(1145) Eden regions: 265->0(205)
[2025-08-01T02:36:47.401+0000] GC(1145) Survivor regions: 13->35(35)
[2025-08-01T02:36:47.401+0000] GC(1145) Old regions: 1034->1199
[2025-08-01T02:36:47.401+0000] GC(1145) Humongous regions: 0->0
[2025-08-01T02:36:47.402+0000] GC(1145) Metaspace: 9706K(12544K)->9706K(12544K) NonClass: 8540K(11008K)->8540K(11008K) Class: 1166K(1536K)->1166K(1536K)
[2025-08-01T02:36:47.402+0000] GC(1145) Pause Young (Concurrent Start) (G1 Evacuation Pause) 2620M->2465M(4096M) 169.520ms
[2025-08-01T02:36:47.402+0000] GC(1145) User=1.28s Sys=0.04s Real=0.17s
[2025-08-01T02:36:47.402+0000] GC(1146) Concurrent Cycle
[2025-08-01T02:36:47.402+0000] GC(1146) Concurrent Clear Claimed Marks
[2025-08-01T02:36:47.402+0000] GC(1146) Concurrent Clear Claimed Marks 0.269ms
[2025-08-01T02:36:47.402+0000] GC(1146) Concurrent Scan Root Regions
[2025-08-01T02:36:47.412+0000] GC(1146) Concurrent Scan Root Regions 9.900ms
[2025-08-01T02:36:47.412+0000] GC(1146) Concurrent Mark (146.408s)
[2025-08-01T02:36:47.412+0000] GC(1146) Concurrent Mark From Roots
[2025-08-01T02:36:47.412+0000] GC(1146) Using 2 workers of 2 for marking
[2025-08-01T02:36:47.494+0000] GC(1147) Pause Young (Normal) (G1 Evacuation Pause)
[2025-08-01T02:36:47.494+0000] GC(1147) Using 8 workers of 8 for evacuation
[2025-08-01T02:36:47.597+0000] GC(1147)   Pre Evacuate Collection Set: 0.2ms
[2025-08-01T02:36:47.597+0000] GC(1147)   Evacuate Collection Set: 102.3ms
[2025-08-01T02:36:47.597+0000] GC(1147)   Post Evacuate Collection Set: 0.8ms
[2025-08-01T02:36:47.597+0000] GC(1147)   Other: 0.3ms
[2025-08-01T02:36:47.597+0000] GC(1147) Eden regions: 205->0(130)
[2025-08-01T02:36:47.597+0000] GC(1147) Survivor regions: 35->30(30)
[2025-08-01T02:36:47.597+0000] GC(1147) Old regions: 1199->1410
[2025-08-01T02:36:47.597+0000] GC(1147) Humongous regions: 0->0
[2025-08-01T02:36:47.597+0000] GC(1147) Metaspace: 9706K(12544K)->9706K(12544K) NonClass: 8540K(11008K)->8540K(11008K) Class: 1166K(1536K)->1166K(1536K)
[2025-08-01T02:36:47.597+0000] GC(1147) Pause Young (Normal) (G1 Evacuation Pause) 2875M->2877M(4096M) 103.841ms
[2025-08-01T02:36:47.597+0000] GC(1147) User=0.77s Sys=0.02s Real=0.10s
[2025-08-01T02:36:47.620+0000] GC(1148) Pause Young (Normal) (G1 Evacuation Pause)
[2025-08-01T02:36:47.621+0000] GC(1148) Using 8 workers of 8 for evacuation
[2025-08-01T02:36:47.670+0000] GC(1148)   Pre Evacuate Collection Set: 0.1ms
[2025-08-01T02:36:47.670+0000] GC(1148)   Evacuate Collection Set: 48.4ms
[2025-08-01T02:36:47.670+0000] GC(1148)   Post Evacuate Collection Set: 0.8ms
[2025-08-01T02:36:47.670+0000] GC(1148)   Other: 0.3ms
[2025-08-01T02:36:47.670+0000] GC(1148) Eden regions: 130->0(86)
[2025-08-01T02:36:47.670+0000] GC(1148) Survivor regions: 30->20(20)
[2025-08-01T02:36:47.670+0000] GC(1148) Old regions: 1410->1551
[2025-08-01T02:36:47.670+0000] GC(1148) Humongous regions: 0->0
[2025-08-01T02:36:47.670+0000] GC(1148) Metaspace: 9706K(12544K)->9706K(12544K) NonClass: 8540K(11008K)->8540K(11008K) Class: 1166K(1536K)->1166K(1536K)
[2025-08-01T02:36:47.670+0000] GC(1148) Pause Young (Normal) (G1 Evacuation Pause) 3137M->3139M(4096M) 49.671ms
[2025-08-01T02:36:47.670+0000] GC(1148) User=0.36s Sys=0.00s Real=0.05s
[2025-08-01T02:36:47.684+0000] GC(1146) Concurrent Mark From Roots 271.602ms
[2025-08-01T02:36:47.684+0000] GC(1146) Concurrent Preclean
[2025-08-01T02:36:47.684+0000] GC(1146) Concurrent Preclean 0.376ms
[2025-08-01T02:36:47.684+0000] GC(1146) Concurrent Mark (146.408s, 146.680s) 272.080ms
[2025-08-01T02:36:47.684+0000] GC(1146) Pause Remark
[2025-08-01T02:36:47.687+0000] GC(1146) Cleaned string and symbol table, strings: 2833 processed, 0 removed, symbols: 23489 processed, 0 removed
[2025-08-01T02:36:47.689+0000] GC(1146) Pause Remark 3189M->1383M(4096M) 4.271ms
[2025-08-01T02:36:47.689+0000] GC(1146) User=0.02s Sys=0.00s Real=0.00s
[2025-08-01T02:36:47.689+0000] GC(1146) Concurrent Rebuild Remembered Sets
[2025-08-01T02:36:47.736+0000] GC(1149) Pause Young (Normal) (G1 Evacuation Pause)
[2025-08-01T02:36:47.736+0000] GC(1149) Using 8 workers of 8 for evacuation
[2025-08-01T02:36:47.772+0000] GC(1149)   Pre Evacuate Collection Set: 0.1ms
[2025-08-01T02:36:47.772+0000] GC(1149)   Evacuate Collection Set: 34.1ms
[2025-08-01T02:36:47.772+0000] GC(1149)   Post Evacuate Collection Set: 0.7ms
[2025-08-01T02:36:47.772+0000] GC(1149)   Other: 0.3ms
[2025-08-01T02:36:47.772+0000] GC(1149) Eden regions: 86->0(351)
[2025-08-01T02:36:47.772+0000] GC(1149) Survivor regions: 20->14(14)
[2025-08-01T02:36:47.772+0000] GC(1149) Old regions: 648->742
[2025-08-01T02:36:47.772+0000] GC(1149) Humongous regions: 0->0
[2025-08-01T02:36:47.772+0000] GC(1149) Metaspace: 9706K(12544K)->9706K(12544K) NonClass: 8540K(11008K)->8540K(11008K) Class: 1166K(1536K)->1166K(1536K)
[2025-08-01T02:36:47.772+0000] GC(1149) Pause Young (Normal) (G1 Evacuation Pause) 1505M->1508M(4096M) 35.342ms
[2025-08-01T02:36:47.772+0000] GC(1149) User=0.26s Sys=0.01s Real=0.03s
[2025-08-01T02:36:47.926+0000] GC(1146) Concurrent Rebuild Remembered Sets 237.555ms
[2025-08-01T02:36:47.927+0000] GC(1146) Pause Cleanup
[2025-08-01T02:36:47.928+0000] GC(1146) Pause Cleanup 2145M->2145M(4096M) 0.667ms
[2025-08-01T02:36:47.928+0000] GC(1146) User=0.00s Sys=0.00s Real=0.00s
[2025-08-01T02:36:47.928+0000] GC(1146) Concurrent Cleanup for Next Mark
[2025-08-01T02:36:47.938+0000] GC(1150) Pause Young (Normal) (G1 Evacuation Pause)
[2025-08-01T02:36:47.938+0000] GC(1150) Using 8 workers of 8 for evacuation
[2025-08-01T02:36:48.043+0000] GC(1150)   Pre Evacuate Collection Set: 0.1ms
[2025-08-01T02:36:48.043+0000] GC(1150)   Evacuate Collection Set: 102.1ms
[2025-08-01T02:36:48.043+0000] GC(1150)   Post Evacuate Collection Set: 2.5ms
[2025-08-01T02:36:48.043+0000] GC(1150)   Other: 0.3ms
[2025-08-01T02:36:48.043+0000] GC(1150) Eden regions: 351->0(270)
[2025-08-01T02:36:48.043+0000] GC(1150) Survivor regions: 14->46(46)
[2025-08-01T02:36:48.043+0000] GC(1150) Old regions: 742->962
[2025-08-01T02:36:48.043+0000] GC(1150) Humongous regions: 0->0
[2025-08-01T02:36:48.043+0000] GC(1150) Metaspace: 9706K(12544K)->9706K(12544K) NonClass: 8540K(11008K)->8540K(11008K) Class: 1166K(1536K)->1166K(1536K)
[2025-08-01T02:36:48.043+0000] GC(1150) Pause Young (Normal) (G1 Evacuation Pause) 2210M->2012M(4096M) 105.284ms
[2025-08-01T02:36:48.043+0000] GC(1150) User=0.70s Sys=0.06s Real=0.11s
[2025-08-01T02:36:48.047+0000] GC(1146) Concurrent Cleanup for Next Mark 119.141ms
[2025-08-01T02:36:48.047+0000] GC(1146) Concurrent Cycle 645.417ms
[2025-08-01T02:36:48.137+0000] GC(1151) Pause Young (Normal) (G1 Evacuation Pause)
[2025-08-01T02:36:48.137+0000] GC(1151) Using 8 workers of 8 for evacuation
[2025-08-01T02:36:48.280+0000] GC(1151)   Pre Evacuate Collection Set: 0.1ms
[2025-08-01T02:36:48.280+0000] GC(1151)   Evacuate Collection Set: 141.2ms
[2025-08-01T02:36:48.280+0000] GC(1151)   Post Evacuate Collection Set: 1.0ms
[2025-08-01T02:36:48.280+0000] GC(1151)   Other: 0.3ms
[2025-08-01T02:36:48.280+0000] GC(1151) Eden regions: 270->0(192)
[2025-08-01T02:36:48.280+0000] GC(1151) Survivor regions: 46->40(40)
[2025-08-01T02:36:48.280+0000] GC(1151) Old regions: 962->1192
[2025-08-01T02:36:48.280+0000] GC(1151) Humongous regions: 0->0
[2025-08-01T02:36:48.280+0000] GC(1151) Metaspace: 9706K(12544K)->9706K(12544K) NonClass: 8540K(11008K)->8540K(11008K) Class: 1166K(1536K)->1166K(1536K)
[2025-08-01T02:36:48.280+0000] GC(1151) Pause Young (Normal) (G1 Evacuation Pause) 2552M->2460M(4096M) 142.806ms
[2025-08-01T02:36:48.280+0000] GC(1151) User=1.10s Sys=0.02s Real=0.14s
[2025-08-01T02:36:48.359+0000] GC(1152) Pause Young (Concurrent Start) (G1 Evacuation Pause)
[2025-08-01T02:36:48.359+0000] GC(1152) Using 8 workers of 8 for evacuation
[2025-08-01T02:36:48.476+0000] GC(1152)   Pre Evacuate Collection Set: 0.1ms
[2025-08-01T02:36:48.476+0000] GC(1152)   Evacuate Collection Set: 115.6ms
[2025-08-01T02:36:48.476+0000] GC(1152)   Post Evacuate Collection Set: 1.2ms
[2025-08-01T02:36:48.476+0000] GC(1152)   Other: 0.4ms
[2025-08-01T02:36:48.476+0000] GC(1152) Eden regions: 192->0(130)
[2025-08-01T02:36:48.476+0000] GC(1152) Survivor regions: 40->29(29)
[2025-08-01T02:36:48.476+0000] GC(1152) Old regions: 1192->1396
[2025-08-01T02:36:48.476+0000] GC(1152) Humongous regions: 0->0
[2025-08-01T02:36:48.476+0000] GC(1152) Metaspace: 9706K(12544K)->9706K(12544K) NonClass: 8540K(11008K)->8540K(11008K) Class: 1166K(1536K)->1166K(1536K)
[2025-08-01T02:36:48.477+0000] GC(1152) Pause Young (Concurrent Start) (G1 Evacuation Pause) 2844M->2847M(4096M) 117.490ms
[2025-08-01T02:36:48.477+0000] GC(1152) User=0.82s Sys=0.03s Real=0.12s
[2025-08-01T02:36:48.477+0000] GC(1153) Concurrent Cycle
[2025-08-01T02:36:48.477+0000] GC(1153) Concurrent Clear Claimed Marks
[2025-08-01T02:36:48.477+0000] GC(1153) Concurrent Clear Claimed Marks 0.102ms
[2025-08-01T02:36:48.477+0000] GC(1153) Concurrent Scan Root Regions
[2025-08-01T02:36:48.486+0000] GC(1153) Concurrent Scan Root Regions 9.182ms
[2025-08-01T02:36:48.486+0000] GC(1153) Concurrent Mark (147.482s)
[2025-08-01T02:36:48.486+0000] GC(1153) Concurrent Mark From Roots
[2025-08-01T02:36:48.486+0000] GC(1153) Using 2 workers of 2 for marking
[2025-08-01T02:36:48.547+0000] GC(1154) Pause Young (Normal) (G1 Evacuation Pause)
[2025-08-01T02:36:48.547+0000] GC(1154) Using 8 workers of 8 for evacuation
[2025-08-01T02:36:48.597+0000] GC(1154)   Pre Evacuate Collection Set: 0.1ms
[2025-08-01T02:36:48.597+0000] GC(1154)   Evacuate Collection Set: 49.6ms
[2025-08-01T02:36:48.597+0000] GC(1154)   Post Evacuate Collection Set: 0.8ms
[2025-08-01T02:36:48.597+0000] GC(1154)   Other: 0.4ms
[2025-08-01T02:36:48.597+0000] GC(1154) Eden regions: 130->0(105)
[2025-08-01T02:36:48.598+0000] GC(1154) Survivor regions: 29->20(20)
[2025-08-01T02:36:48.598+0000] GC(1154) Old regions: 1396->1493
[2025-08-01T02:36:48.598+0000] GC(1154) Humongous regions: 0->0
[2025-08-01T02:36:48.598+0000] GC(1154) Metaspace: 9706K(12544K)->9706K(12544K) NonClass: 8540K(11008K)->8540K(11008K) Class: 1166K(1536K)->1166K(1536K)
[2025-08-01T02:36:48.598+0000] GC(1154) Pause Young (Normal) (G1 Evacuation Pause) 3107M->3023M(4096M) 51.058ms
[2025-08-01T02:36:48.598+0000] GC(1154) User=0.37s Sys=0.01s Real=0.05s
[2025-08-01T02:36:48.619+0000] GC(1155) Pause Young (Normal) (G1 Evacuation Pause)
[2025-08-01T02:36:48.619+0000] GC(1155) Using 8 workers of 8 for evacuation
[2025-08-01T02:36:48.656+0000] GC(1155)   Pre Evacuate Collection Set: 0.1ms
[2025-08-01T02:36:48.656+0000] GC(1155)   Evacuate Collection Set: 32.7ms
[2025-08-01T02:36:48.656+0000] GC(1155)   Post Evacuate Collection Set: 3.5ms
[2025-08-01T02:36:48.656+0000] GC(1155)   Other: 0.3ms
[2025-08-01T02:36:48.656+0000] GC(1155) Eden regions: 105->0(86)
[2025-08-01T02:36:48.656+0000] GC(1155) Survivor regions: 20->16(16)
[2025-08-01T02:36:48.656+0000] GC(1155) Old regions: 1493->1571
[2025-08-01T02:36:48.656+0000] GC(1155) Humongous regions: 0->0
[2025-08-01T02:36:48.656+0000] GC(1155) Metaspace: 9706K(12544K)->9706K(12544K) NonClass: 8540K(11008K)->8540K(11008K) Class: 1166K(1536K)->1166K(1536K)
[2025-08-01T02:36:48.656+0000] GC(1155) Pause Young (Normal) (G1 Evacuation Pause) 3233M->3171M(4096M) 36.751ms
[2025-08-01T02:36:48.656+0000] GC(1155) User=0.25s Sys=0.00s Real=0.04s
[2025-08-01T02:36:48.680+0000] GC(1156) Pause Young (Normal) (G1 Evacuation Pause)
[2025-08-01T02:36:48.680+0000] GC(1156) Using 8 workers of 8 for evacuation
[2025-08-01T02:36:48.714+0000] GC(1156)   Pre Evacuate Collection Set: 0.1ms
[2025-08-01T02:36:48.714+0000] GC(1156)   Evacuate Collection Set: 32.5ms
[2025-08-01T02:36:48.714+0000] GC(1156)   Post Evacuate Collection Set: 0.6ms
[2025-08-01T02:36:48.714+0000] GC(1156)   Other: 0.3ms
[2025-08-01T02:36:48.714+0000] GC(1156) Eden regions: 86->0(89)
[2025-08-01T02:36:48.714+0000] GC(1156) Survivor regions: 16->13(13)
[2025-08-01T02:36:48.714+0000] GC(1156) Old regions: 1571->1647
[2025-08-01T02:36:48.714+0000] GC(1156) Humongous regions: 0->0
[2025-08-01T02:36:48.714+0000] GC(1156) Metaspace: 9706K(12544K)->9706K(12544K) NonClass: 8540K(11008K)->8540K(11008K) Class: 1166K(1536K)->1166K(1536K)
[2025-08-01T02:36:48.714+0000] GC(1156) Pause Young (Normal) (G1 Evacuation Pause) 3343M->3316M(4096M) 33.737ms
[2025-08-01T02:36:48.714+0000] GC(1156) User=0.25s Sys=0.00s Real=0.04s
[2025-08-01T02:36:48.734+0000] GC(1157) Pause Young (Normal) (G1 Evacuation Pause)
[2025-08-01T02:36:48.734+0000] GC(1157) Using 8 workers of 8 for evacuation
[2025-08-01T02:36:48.767+0000] GC(1157)   Pre Evacuate Collection Set: 0.2ms
[2025-08-01T02:36:48.767+0000] GC(1157)   Evacuate Collection Set: 32.5ms
[2025-08-01T02:36:48.767+0000] GC(1157)   Post Evacuate Collection Set: 0.8ms
[2025-08-01T02:36:48.767+0000] GC(1157)   Other: 0.3ms
[2025-08-01T02:36:48.767+0000] GC(1157) Eden regions: 89->0(89)
[2025-08-01T02:36:48.767+0000] GC(1157) Survivor regions: 13->13(13)
[2025-08-01T02:36:48.767+0000] GC(1157) Old regions: 1647->1737
[2025-08-01T02:36:48.767+0000] GC(1157) Humongous regions: 0->0
[2025-08-01T02:36:48.767+0000] GC(1157) Metaspace: 9706K(12544K)->9706K(12544K) NonClass: 8540K(11008K)->8540K(11008K) Class: 1166K(1536K)->1166K(1536K)
[2025-08-01T02:36:48.768+0000] GC(1157) Pause Young (Normal) (G1 Evacuation Pause) 3494M->3497M(4096M) 33.936ms
[2025-08-01T02:36:48.768+0000] GC(1157) User=0.24s Sys=0.01s Real=0.03s
[2025-08-01T02:36:48.789+0000] GC(1158) Pause Young (Normal) (G1 Evacuation Pause)
[2025-08-01T02:36:48.789+0000] GC(1158) Using 8 workers of 8 for evacuation
[2025-08-01T02:36:48.821+0000] GC(1158)   Pre Evacuate Collection Set: 0.1ms
[2025-08-01T02:36:48.821+0000] GC(1158)   Evacuate Collection Set: 31.2ms
[2025-08-01T02:36:48.821+0000] GC(1158)   Post Evacuate Collection Set: 0.6ms
[2025-08-01T02:36:48.821+0000] GC(1158)   Other: 0.3ms
[2025-08-01T02:36:48.821+0000] GC(1158) Eden regions: 89->0(89)
[2025-08-01T02:36:48.821+0000] GC(1158) Survivor regions: 13->13(13)
[2025-08-01T02:36:48.821+0000] GC(1158) Old regions: 1737->1828
[2025-08-01T02:36:48.821+0000] GC(1158) Humongous regions: 0->0
[2025-08-01T02:36:48.822+0000] GC(1158) Metaspace: 9706K(12544K)->9706K(12544K) NonClass: 8540K(11008K)->8540K(11008K) Class: 1166K(1536K)->1166K(1536K)
[2025-08-01T02:36:48.822+0000] GC(1158) Pause Young (Normal) (G1 Evacuation Pause) 3675M->3678M(4096M) 32.424ms
[2025-08-01T02:36:48.822+0000] GC(1158) User=0.24s Sys=0.00s Real=0.03s
[2025-08-01T02:36:48.843+0000] GC(1159) Pause Young (Normal) (G1 Evacuation Pause)
[2025-08-01T02:36:48.843+0000] GC(1159) Using 8 workers of 8 for evacuation
[2025-08-01T02:36:48.881+0000] GC(1159)   Pre Evacuate Collection Set: 0.1ms
[2025-08-01T02:36:48.881+0000] GC(1159)   Evacuate Collection Set: 37.1ms
[2025-08-01T02:36:48.881+0000] GC(1159)   Post Evacuate Collection Set: 0.4ms
[2025-08-01T02:36:48.881+0000] GC(1159)   Other: 0.2ms
[2025-08-01T02:36:48.881+0000] GC(1159) Eden regions: 89->0(89)
[2025-08-01T02:36:48.881+0000] GC(1159) Survivor regions: 13->13(13)
[2025-08-01T02:36:48.881+0000] GC(1159) Old regions: 1828->1913
[2025-08-01T02:36:48.881+0000] GC(1159) Humongous regions: 0->0
[2025-08-01T02:36:48.881+0000] GC(1159) Metaspace: 9706K(12544K)->9706K(12544K) NonClass: 8540K(11008K)->8540K(11008K) Class: 1166K(1536K)->1166K(1536K)
[2025-08-01T02:36:48.881+0000] GC(1159) Pause Young (Normal) (G1 Evacuation Pause) 3856M->3848M(4096M) 37.931ms
[2025-08-01T02:36:48.881+0000] GC(1159) User=0.27s Sys=0.00s Real=0.03s
[2025-08-01T02:36:48.900+0000] GC(1160) Pause Young (Normal) (G1 Evacuation Pause)
[2025-08-01T02:36:48.900+0000] GC(1160) Using 8 workers of 8 for evacuation
[2025-08-01T02:36:48.931+0000] GC(1160) To-space exhausted
[2025-08-01T02:36:48.932+0000] GC(1160)   Pre Evacuate Collection Set: 0.1ms
[2025-08-01T02:36:48.932+0000] GC(1160)   Evacuate Collection Set: 23.2ms
[2025-08-01T02:36:48.932+0000] GC(1160)   Post Evacuate Collection Set: 7.8ms
[2025-08-01T02:36:48.932+0000] GC(1160)   Other: 0.3ms
[2025-08-01T02:36:48.932+0000] GC(1160) Eden regions: 89->0(89)
[2025-08-01T02:36:48.932+0000] GC(1160) Survivor regions: 13->13(13)
[2025-08-01T02:36:48.932+0000] GC(1160) Old regions: 1913->2014
[2025-08-01T02:36:48.932+0000] GC(1160) Humongous regions: 0->0
[2025-08-01T02:36:48.932+0000] GC(1160) Metaspace: 9706K(12544K)->9706K(12544K) NonClass: 8540K(11008K)->8540K(11008K) Class: 1166K(1536K)->1166K(1536K)
[2025-08-01T02:36:48.932+0000] GC(1160) Pause Young (Normal) (G1 Evacuation Pause) 4026M->4051M(4096M) 31.429ms
[2025-08-01T02:36:48.932+0000] GC(1160) User=0.24s Sys=0.00s Real=0.03s
[2025-08-01T02:36:48.937+0000] GC(1161) Pause Young (Normal) (G1 Evacuation Pause)
[2025-08-01T02:36:48.937+0000] GC(1161) Using 8 workers of 8 for evacuation
[2025-08-01T02:36:48.948+0000] GC(1161) To-space exhausted
[2025-08-01T02:36:48.948+0000] GC(1161)   Pre Evacuate Collection Set: 0.1ms
[2025-08-01T02:36:48.948+0000] GC(1161)   Evacuate Collection Set: 7.1ms
[2025-08-01T02:36:48.948+0000] GC(1161)   Post Evacuate Collection Set: 3.9ms
[2025-08-01T02:36:48.948+0000] GC(1161)   Other: 0.5ms
[2025-08-01T02:36:48.948+0000] GC(1161) Eden regions: 21->0(102)
[2025-08-01T02:36:48.948+0000] GC(1161) Survivor regions: 13->0(13)
[2025-08-01T02:36:48.948+0000] GC(1161) Old regions: 2014->2048
[2025-08-01T02:36:48.948+0000] GC(1161) Humongous regions: 0->0
[2025-08-01T02:36:48.948+0000] GC(1161) Metaspace: 9706K(12544K)->9706K(12544K) NonClass: 8540K(11008K)->8540K(11008K) Class: 1166K(1536K)->1166K(1536K)
[2025-08-01T02:36:48.949+0000] GC(1161) Pause Young (Normal) (G1 Evacuation Pause) 4093M->4093M(4096M) 11.522ms
[2025-08-01T02:36:48.949+0000] GC(1161) User=0.05s Sys=0.01s Real=0.01s
[2025-08-01T02:36:48.949+0000] GC(1162) Using 8 workers of 8 for full compaction
[2025-08-01T02:36:48.949+0000] GC(1162) Pause Full (G1 Evacuation Pause)
[2025-08-01T02:36:48.954+0000] GC(1162) Phase 1: Mark live objects
[2025-08-01T02:36:48.988+0000] GC(1162) Cleaned string and symbol table, strings: 2833 processed, 0 removed, symbols: 23489 processed, 0 removed
[2025-08-01T02:36:48.989+0000] GC(1162) Phase 1: Mark live objects 35.041ms
[2025-08-01T02:36:48.989+0000] GC(1162) Phase 2: Prepare for compaction
[2025-08-01T02:36:49.025+0000] GC(1162) Phase 2: Prepare for compaction 36.666ms
[2025-08-01T02:36:49.025+0000] GC(1162) Phase 3: Adjust pointers
[2025-08-01T02:36:49.060+0000] GC(1162) Phase 3: Adjust pointers 34.648ms
[2025-08-01T02:36:49.060+0000] GC(1162) Phase 4: Compact heap
[2025-08-01T02:36:49.179+0000] GC(1162) Phase 4: Compact heap 118.631ms
[2025-08-01T02:36:49.181+0000] GC(1162) Eden regions: 0->0(422)
[2025-08-01T02:36:49.181+0000] GC(1162) Survivor regions: 0->0(13)
[2025-08-01T02:36:49.181+0000] GC(1162) Old regions: 2048->414
[2025-08-01T02:36:49.181+0000] GC(1162) Humongous regions: 0->0
[2025-08-01T02:36:49.181+0000] GC(1162) Metaspace: 9706K(12544K)->9706K(12544K) NonClass: 8540K(11008K)->8540K(11008K) Class: 1166K(1536K)->1166K(1536K)
[2025-08-01T02:36:49.181+0000] GC(1162) Pause Full (G1 Evacuation Pause) 4093M->817M(4096M) 232.758ms
[2025-08-01T02:36:49.181+0000] GC(1162) User=1.67s Sys=0.01s Real=0.23s
[2025-08-01T02:36:49.182+0000] GC(1153) Concurrent Mark From Roots 696.394ms
[2025-08-01T02:36:49.183+0000] GC(1153) Concurrent Mark Abort
[2025-08-01T02:36:49.183+0000] GC(1153) Concurrent Cycle 705.945ms
[2025-08-01T02:36:49.348+0000] GC(1163) Pause Young (Normal) (G1 Evacuation Pause)
[2025-08-01T02:36:49.348+0000] GC(1163) Using 8 workers of 8 for evacuation
[2025-08-01T02:36:49.553+0000] GC(1163) MMU target violated: 201.0ms (200.0ms/201.0ms)
[2025-08-01T02:36:49.553+0000] GC(1163)   Pre Evacuate Collection Set: 0.1ms
[2025-08-01T02:36:49.553+0000] GC(1163)   Evacuate Collection Set: 203.5ms
[2025-08-01T02:36:49.553+0000] GC(1163)   Post Evacuate Collection Set: 0.9ms
[2025-08-01T02:36:49.553+0000] GC(1163)   Other: 0.7ms
[2025-08-01T02:36:49.553+0000] GC(1163) Eden regions: 422->0(327)
[2025-08-01T02:36:49.553+0000] GC(1163) Survivor regions: 0->53(53)
[2025-08-01T02:36:49.553+0000] GC(1163) Old regions: 414->591
[2025-08-01T02:36:49.553+0000] GC(1163) Humongous regions: 0->0
[2025-08-01T02:36:49.553+0000] GC(1163) Metaspace: 9706K(12544K)->9706K(12544K) NonClass: 8540K(11008K)->8540K(11008K) Class: 1166K(1536K)->1166K(1536K)
[2025-08-01T02:36:49.553+0000] GC(1163) Pause Young (Normal) (G1 Evacuation Pause) 1661M->1277M(4096M) 205.203ms
[2025-08-01T02:36:49.553+0000] GC(1163) User=1.54s Sys=0.04s Real=0.21s
[2025-08-01T02:36:49.699+0000] GC(1164) Pause Young (Concurrent Start) (G1 Evacuation Pause)
[2025-08-01T02:36:49.699+0000] GC(1164) Using 8 workers of 8 for evacuation
[2025-08-01T02:36:49.832+0000] GC(1164)   Pre Evacuate Collection Set: 0.1ms
[2025-08-01T02:36:49.832+0000] GC(1164)   Evacuate Collection Set: 131.0ms
[2025-08-01T02:36:49.832+0000] GC(1164)   Post Evacuate Collection Set: 1.9ms
[2025-08-01T02:36:49.833+0000] GC(1164)   Other: 0.5ms
[2025-08-01T02:36:49.833+0000] GC(1164) Eden regions: 327->0(369)
[2025-08-01T02:36:49.833+0000] GC(1164) Survivor regions: 53->48(48)
[2025-08-01T02:36:49.833+0000] GC(1164) Old regions: 591->767
[2025-08-01T02:36:49.833+0000] GC(1164) Humongous regions: 0->0
[2025-08-01T02:36:49.833+0000] GC(1164) Metaspace: 9706K(12544K)->9706K(12544K) NonClass: 8540K(11008K)->8540K(11008K) Class: 1166K(1536K)->1166K(1536K)
[2025-08-01T02:36:49.833+0000] GC(1164) Pause Young (Concurrent Start) (G1 Evacuation Pause) 1931M->1619M(4096M) 133.751ms
[2025-08-01T02:36:49.833+0000] GC(1164) User=0.98s Sys=0.03s Real=0.13s
[2025-08-01T02:36:49.833+0000] GC(1165) Concurrent Cycle
[2025-08-01T02:36:49.833+0000] GC(1165) Concurrent Clear Claimed Marks
[2025-08-01T02:36:49.833+0000] GC(1165) Concurrent Clear Claimed Marks 0.176ms
[2025-08-01T02:36:49.833+0000] GC(1165) Concurrent Scan Root Regions
[2025-08-01T02:36:49.847+0000] GC(1165) Concurrent Scan Root Regions 13.498ms
[2025-08-01T02:36:49.847+0000] GC(1165) Concurrent Mark (148.842s)
[2025-08-01T02:36:49.847+0000] GC(1165) Concurrent Mark From Roots
[2025-08-01T02:36:49.847+0000] GC(1165) Using 2 workers of 2 for marking
[2025-08-01T02:36:49.930+0000] GC(1165) Concurrent Mark From Roots 83.313ms
[2025-08-01T02:36:49.930+0000] GC(1165) Concurrent Preclean
[2025-08-01T02:36:49.931+0000] GC(1165) Concurrent Preclean 0.353ms
[2025-08-01T02:36:49.931+0000] GC(1165) Concurrent Mark (148.842s, 148.926s) 83.804ms
[2025-08-01T02:36:49.932+0000] GC(1165) Pause Remark
[2025-08-01T02:36:49.936+0000] GC(1165) Cleaned string and symbol table, strings: 2833 processed, 0 removed, symbols: 23489 processed, 0 removed
[2025-08-01T02:36:49.938+0000] GC(1165) Pause Remark 2153M->1181M(4096M) 6.274ms
[2025-08-01T02:36:49.938+0000] GC(1165) User=0.03s Sys=0.00s Real=0.01s
[2025-08-01T02:36:49.938+0000] GC(1165) Concurrent Rebuild Remembered Sets
[2025-08-01T02:36:50.001+0000] GC(1166) Pause Young (Normal) (G1 Evacuation Pause)
[2025-08-01T02:36:50.001+0000] GC(1166) Using 8 workers of 8 for evacuation
[2025-08-01T02:36:50.139+0000] GC(1166)   Pre Evacuate Collection Set: 0.1ms
[2025-08-01T02:36:50.139+0000] GC(1166)   Evacuate Collection Set: 136.8ms
[2025-08-01T02:36:50.139+0000] GC(1166)   Post Evacuate Collection Set: 1.1ms
[2025-08-01T02:36:50.139+0000] GC(1166)   Other: 0.4ms
[2025-08-01T02:36:50.140+0000] GC(1166) Eden regions: 369->0(387)
[2025-08-01T02:36:50.140+0000] GC(1166) Survivor regions: 48->53(53)
[2025-08-01T02:36:50.140+0000] GC(1166) Old regions: 277->642
[2025-08-01T02:36:50.140+0000] GC(1166) Humongous regions: 0->0
[2025-08-01T02:36:50.140+0000] GC(1166) Metaspace: 9706K(12544K)->9706K(12544K) NonClass: 8540K(11008K)->8540K(11008K) Class: 1166K(1536K)->1166K(1536K)
[2025-08-01T02:36:50.140+0000] GC(1166) Pause Young (Normal) (G1 Evacuation Pause) 1385M->1387M(4096M) 138.564ms
[2025-08-01T02:36:50.140+0000] GC(1166) User=1.04s Sys=0.02s Real=0.14s
[2025-08-01T02:36:50.157+0000] GC(1165) Concurrent Rebuild Remembered Sets 218.570ms
[2025-08-01T02:36:50.157+0000] GC(1165) Pause Cleanup
[2025-08-01T02:36:50.157+0000] GC(1165) Pause Cleanup 1585M->1585M(4096M) 0.431ms
[2025-08-01T02:36:50.157+0000] GC(1165) User=0.01s Sys=0.00s Real=0.00s
[2025-08-01T02:36:50.158+0000] GC(1165) Concurrent Cleanup for Next Mark
[2025-08-01T02:36:50.170+0000] GC(1165) Concurrent Cleanup for Next Mark 12.212ms
[2025-08-01T02:36:50.170+0000] GC(1165) Concurrent Cycle 336.882ms
[2025-08-01T02:36:50.299+0000] GC(1167) Pause Young (Normal) (G1 Evacuation Pause)
[2025-08-01T02:36:50.299+0000] GC(1167) Using 8 workers of 8 for evacuation
[2025-08-01T02:36:50.511+0000] GC(1167) MMU target violated: 201.0ms (200.0ms/201.0ms)
[2025-08-01T02:36:50.511+0000] GC(1167)   Pre Evacuate Collection Set: 0.1ms
[2025-08-01T02:36:50.511+0000] GC(1167)   Evacuate Collection Set: 209.8ms
[2025-08-01T02:36:50.511+0000] GC(1167)   Post Evacuate Collection Set: 1.0ms
[2025-08-01T02:36:50.511+0000] GC(1167)   Other: 0.4ms
[2025-08-01T02:36:50.511+0000] GC(1167) Eden regions: 387->0(323)
[2025-08-01T02:36:50.511+0000] GC(1167) Survivor regions: 53->55(55)
[2025-08-01T02:36:50.511+0000] GC(1167) Old regions: 642->831
[2025-08-01T02:36:50.511+0000] GC(1167) Humongous regions: 0->0
[2025-08-01T02:36:50.511+0000] GC(1167) Metaspace: 9706K(12544K)->9706K(12544K) NonClass: 8540K(11008K)->8540K(11008K) Class: 1166K(1536K)->1166K(1536K)
[2025-08-01T02:36:50.511+0000] GC(1167) Pause Young (Normal) (G1 Evacuation Pause) 2161M->1769M(4096M) 211.405ms
[2025-08-01T02:36:50.511+0000] GC(1167) User=1.61s Sys=0.04s Real=0.21s
[2025-08-01T02:36:50.633+0000] GC(1168) Pause Young (Concurrent Start) (G1 Evacuation Pause)
[2025-08-01T02:36:50.634+0000] GC(1168) Using 8 workers of 8 for evacuation
[2025-08-01T02:36:50.785+0000] GC(1168)   Pre Evacuate Collection Set: 0.1ms
[2025-08-01T02:36:50.785+0000] GC(1168)   Evacuate Collection Set: 150.3ms
[2025-08-01T02:36:50.785+0000] GC(1168)   Post Evacuate Collection Set: 0.9ms
[2025-08-01T02:36:50.785+0000] GC(1168)   Other: 0.4ms
[2025-08-01T02:36:50.785+0000] GC(1168) Eden regions: 323->0(228)
[2025-08-01T02:36:50.785+0000] GC(1168) Survivor regions: 55->48(48)
[2025-08-01T02:36:50.785+0000] GC(1168) Old regions: 831->1096
[2025-08-01T02:36:50.785+0000] GC(1168) Humongous regions: 0->0
[2025-08-01T02:36:50.785+0000] GC(1168) Metaspace: 9706K(12544K)->9706K(12544K) NonClass: 8540K(11008K)->8540K(11008K) Class: 1166K(1536K)->1166K(1536K)
[2025-08-01T02:36:50.785+0000] GC(1168) Pause Young (Concurrent Start) (G1 Evacuation Pause) 2415M->2284M(4096M) 151.951ms
[2025-08-01T02:36:50.785+0000] GC(1168) User=1.15s Sys=0.03s Real=0.15s
[2025-08-01T02:36:50.786+0000] GC(1169) Concurrent Cycle
[2025-08-01T02:36:50.786+0000] GC(1169) Concurrent Clear Claimed Marks
[2025-08-01T02:36:50.786+0000] GC(1169) Concurrent Clear Claimed Marks 0.107ms
[2025-08-01T02:36:50.786+0000] GC(1169) Concurrent Scan Root Regions
[2025-08-01T02:36:50.798+0000] GC(1169) Concurrent Scan Root Regions 12.538ms
[2025-08-01T02:36:50.798+0000] GC(1169) Concurrent Mark (149.794s)
[2025-08-01T02:36:50.798+0000] GC(1169) Concurrent Mark From Roots
[2025-08-01T02:36:50.798+0000] GC(1169) Using 2 workers of 2 for marking
[2025-08-01T02:36:50.880+0000] GC(1170) Pause Young (Normal) (G1 Evacuation Pause)
[2025-08-01T02:36:50.880+0000] GC(1170) Using 8 workers of 8 for evacuation
[2025-08-01T02:36:50.967+0000] GC(1170)   Pre Evacuate Collection Set: 0.1ms
[2025-08-01T02:36:50.967+0000] GC(1170)   Evacuate Collection Set: 85.6ms
[2025-08-01T02:36:50.967+0000] GC(1170)   Post Evacuate Collection Set: 0.8ms
[2025-08-01T02:36:50.967+0000] GC(1170)   Other: 0.3ms
[2025-08-01T02:36:50.967+0000] GC(1170) Eden regions: 228->0(149)
[2025-08-01T02:36:50.967+0000] GC(1170) Survivor regions: 48->35(35)
[2025-08-01T02:36:50.967+0000] GC(1170) Old regions: 1096->1338
[2025-08-01T02:36:50.967+0000] GC(1170) Humongous regions: 0->0
[2025-08-01T02:36:50.967+0000] GC(1170) Metaspace: 9706K(12544K)->9706K(12544K) NonClass: 8540K(11008K)->8540K(11008K) Class: 1166K(1536K)->1166K(1536K)
[2025-08-01T02:36:50.967+0000] GC(1170) Pause Young (Normal) (G1 Evacuation Pause) 2740M->2743M(4096M) 86.892ms
[2025-08-01T02:36:50.967+0000] GC(1170) User=0.68s Sys=0.00s Real=0.09s
[2025-08-01T02:36:51.036+0000] GC(1169) Concurrent Mark From Roots 238.063ms
[2025-08-01T02:36:51.036+0000] GC(1169) Concurrent Preclean
[2025-08-01T02:36:51.037+0000] GC(1169) Concurrent Preclean 0.312ms
[2025-08-01T02:36:51.037+0000] GC(1169) Concurrent Mark (149.794s, 150.032s) 238.478ms
[2025-08-01T02:36:51.037+0000] GC(1169) Pause Remark
[2025-08-01T02:36:51.042+0000] GC(1169) Cleaned string and symbol table, strings: 2833 processed, 0 removed, symbols: 23489 processed, 0 removed
[2025-08-01T02:36:51.043+0000] GC(1169) Pause Remark 3000M->1746M(4096M) 5.933ms
[2025-08-01T02:36:51.043+0000] GC(1169) User=0.02s Sys=0.00s Real=0.01s
[2025-08-01T02:36:51.043+0000] GC(1169) Concurrent Rebuild Remembered Sets
[2025-08-01T02:36:51.050+0000] GC(1171) Pause Young (Normal) (G1 Evacuation Pause)
[2025-08-01T02:36:51.050+0000] GC(1171) Using 8 workers of 8 for evacuation
[2025-08-01T02:36:51.107+0000] GC(1171)   Pre Evacuate Collection Set: 0.2ms
[2025-08-01T02:36:51.107+0000] GC(1171)   Evacuate Collection Set: 56.2ms
[2025-08-01T02:36:51.107+0000] GC(1171)   Post Evacuate Collection Set: 0.9ms
[2025-08-01T02:36:51.107+0000] GC(1171)   Other: 0.3ms
[2025-08-01T02:36:51.107+0000] GC(1171) Eden regions: 149->0(351)
[2025-08-01T02:36:51.107+0000] GC(1171) Survivor regions: 35->23(23)
[2025-08-01T02:36:51.107+0000] GC(1171) Old regions: 711->794
[2025-08-01T02:36:51.107+0000] GC(1171) Humongous regions: 0->0
[2025-08-01T02:36:51.107+0000] GC(1171) Metaspace: 9706K(12544K)->9706K(12544K) NonClass: 8540K(11008K)->8540K(11008K) Class: 1166K(1536K)->1166K(1536K)
[2025-08-01T02:36:51.107+0000] GC(1171) Pause Young (Normal) (G1 Evacuation Pause) 1787M->1631M(4096M) 57.713ms
[2025-08-01T02:36:51.107+0000] GC(1171) User=0.42s Sys=0.01s Real=0.06s
[2025-08-01T02:36:51.272+0000] GC(1172) Pause Young (Normal) (G1 Evacuation Pause)
[2025-08-01T02:36:51.272+0000] GC(1172) Using 8 workers of 8 for evacuation
[2025-08-01T02:36:51.361+0000] GC(1172)   Pre Evacuate Collection Set: 0.1ms
[2025-08-01T02:36:51.361+0000] GC(1172)   Evacuate Collection Set: 87.5ms
[2025-08-01T02:36:51.361+0000] GC(1172)   Post Evacuate Collection Set: 1.0ms
[2025-08-01T02:36:51.361+0000] GC(1172)   Other: 0.6ms
[2025-08-01T02:36:51.361+0000] GC(1172) Eden regions: 351->0(281)
[2025-08-01T02:36:51.361+0000] GC(1172) Survivor regions: 23->47(47)
[2025-08-01T02:36:51.361+0000] GC(1172) Old regions: 794->984
[2025-08-01T02:36:51.361+0000] GC(1172) Humongous regions: 0->0
[2025-08-01T02:36:51.361+0000] GC(1172) Metaspace: 9706K(12544K)->9706K(12544K) NonClass: 8540K(11008K)->8540K(11008K) Class: 1166K(1536K)->1166K(1536K)
[2025-08-01T02:36:51.361+0000] GC(1172) Pause Young (Normal) (G1 Evacuation Pause) 2333M->2058M(4096M) 89.410ms
[2025-08-01T02:36:51.361+0000] GC(1172) User=0.69s Sys=0.01s Real=0.09s
[2025-08-01T02:36:51.414+0000] GC(1169) Concurrent Rebuild Remembered Sets 370.385ms
[2025-08-01T02:36:51.414+0000] GC(1169) Pause Cleanup
[2025-08-01T02:36:51.415+0000] GC(1169) Pause Cleanup 2402M->2402M(4096M) 0.627ms
[2025-08-01T02:36:51.415+0000] GC(1169) User=0.00s Sys=0.00s Real=0.00s
[2025-08-01T02:36:51.415+0000] GC(1169) Concurrent Cleanup for Next Mark
[2025-08-01T02:36:51.422+0000] GC(1169) Concurrent Cleanup for Next Mark 7.680ms
[2025-08-01T02:36:51.422+0000] GC(1169) Concurrent Cycle 636.932ms
[2025-08-01T02:36:51.458+0000] GC(1173) Pause Young (Normal) (G1 Evacuation Pause)
[2025-08-01T02:36:51.458+0000] GC(1173) Using 8 workers of 8 for evacuation
[2025-08-01T02:36:51.584+0000] GC(1173)   Pre Evacuate Collection Set: 0.1ms
[2025-08-01T02:36:51.584+0000] GC(1173)   Evacuate Collection Set: 124.5ms
[2025-08-01T02:36:51.584+0000] GC(1173)   Post Evacuate Collection Set: 0.9ms
[2025-08-01T02:36:51.584+0000] GC(1173)   Other: 0.3ms
[2025-08-01T02:36:51.584+0000] GC(1173) Eden regions: 281->0(172)
[2025-08-01T02:36:51.584+0000] GC(1173) Survivor regions: 47->41(41)
[2025-08-01T02:36:51.584+0000] GC(1173) Old regions: 984->1272
[2025-08-01T02:36:51.584+0000] GC(1173) Humongous regions: 0->0
[2025-08-01T02:36:51.584+0000] GC(1173) Metaspace: 9706K(12544K)->9706K(12544K) NonClass: 8540K(11008K)->8540K(11008K) Class: 1166K(1536K)->1166K(1536K)
[2025-08-01T02:36:51.584+0000] GC(1173) Pause Young (Normal) (G1 Evacuation Pause) 2620M->2623M(4096M) 126.044ms
[2025-08-01T02:36:51.584+0000] GC(1173) User=0.96s Sys=0.03s Real=0.13s
[2025-08-01T02:36:51.663+0000] GC(1174) Pause Young (Concurrent Start) (G1 Evacuation Pause)
[2025-08-01T02:36:51.663+0000] GC(1174) Using 8 workers of 8 for evacuation
[2025-08-01T02:36:51.780+0000] GC(1174)   Pre Evacuate Collection Set: 0.1ms
[2025-08-01T02:36:51.780+0000] GC(1174)   Evacuate Collection Set: 114.9ms
[2025-08-01T02:36:51.780+0000] GC(1174)   Post Evacuate Collection Set: 1.4ms
[2025-08-01T02:36:51.780+0000] GC(1174)   Other: 0.9ms
[2025-08-01T02:36:51.780+0000] GC(1174) Eden regions: 172->0(113)
[2025-08-01T02:36:51.780+0000] GC(1174) Survivor regions: 41->27(27)
[2025-08-01T02:36:51.780+0000] GC(1174) Old regions: 1272->1460
[2025-08-01T02:36:51.780+0000] GC(1174) Humongous regions: 0->0
[2025-08-01T02:36:51.780+0000] GC(1174) Metaspace: 9706K(12544K)->9706K(12544K) NonClass: 8540K(11008K)->8540K(11008K) Class: 1166K(1536K)->1166K(1536K)
[2025-08-01T02:36:51.780+0000] GC(1174) Pause Young (Concurrent Start) (G1 Evacuation Pause) 2967M->2971M(4096M) 117.611ms
[2025-08-01T02:36:51.780+0000] GC(1174) User=0.87s Sys=0.03s Real=0.12s
[2025-08-01T02:36:51.781+0000] GC(1175) Concurrent Cycle
[2025-08-01T02:36:51.781+0000] GC(1175) Concurrent Clear Claimed Marks
[2025-08-01T02:36:51.781+0000] GC(1175) Concurrent Clear Claimed Marks 0.088ms
[2025-08-01T02:36:51.781+0000] GC(1175) Concurrent Scan Root Regions
[2025-08-01T02:36:51.793+0000] GC(1175) Concurrent Scan Root Regions 11.944ms
[2025-08-01T02:36:51.793+0000] GC(1175) Concurrent Mark (150.788s)
[2025-08-01T02:36:51.793+0000] GC(1175) Concurrent Mark From Roots
[2025-08-01T02:36:51.793+0000] GC(1175) Using 2 workers of 2 for marking
[2025-08-01T02:36:51.810+0000] GC(1176) Pause Young (Normal) (G1 Evacuation Pause)
[2025-08-01T02:36:51.810+0000] GC(1176) Using 8 workers of 8 for evacuation
[2025-08-01T02:36:51.845+0000] GC(1176)   Pre Evacuate Collection Set: 0.1ms
[2025-08-01T02:36:51.845+0000] GC(1176)   Evacuate Collection Set: 34.3ms
[2025-08-01T02:36:51.845+0000] GC(1176)   Post Evacuate Collection Set: 0.5ms
[2025-08-01T02:36:51.845+0000] GC(1176)   Other: 0.3ms
[2025-08-01T02:36:51.845+0000] GC(1176) Eden regions: 113->0(88)
[2025-08-01T02:36:51.845+0000] GC(1176) Survivor regions: 27->18(18)
[2025-08-01T02:36:51.845+0000] GC(1176) Old regions: 1460->1552
[2025-08-01T02:36:51.845+0000] GC(1176) Humongous regions: 0->0
[2025-08-01T02:36:51.845+0000] GC(1176) Metaspace: 9706K(12544K)->9706K(12544K) NonClass: 8540K(11008K)->8540K(11008K) Class: 1166K(1536K)->1166K(1536K)
[2025-08-01T02:36:51.845+0000] GC(1176) Pause Young (Normal) (G1 Evacuation Pause) 3197M->3136M(4096M) 35.321ms
[2025-08-01T02:36:51.845+0000] GC(1176) User=0.26s Sys=0.00s Real=0.04s
[2025-08-01T02:36:51.876+0000] GC(1177) Pause Young (Normal) (G1 Evacuation Pause)
[2025-08-01T02:36:51.876+0000] GC(1177) Using 8 workers of 8 for evacuation
[2025-08-01T02:36:51.907+0000] GC(1177)   Pre Evacuate Collection Set: 0.1ms
[2025-08-01T02:36:51.907+0000] GC(1177)   Evacuate Collection Set: 29.7ms
[2025-08-01T02:36:51.907+0000] GC(1177)   Post Evacuate Collection Set: 0.5ms
[2025-08-01T02:36:51.907+0000] GC(1177)   Other: 0.3ms
[2025-08-01T02:36:51.907+0000] GC(1177) Eden regions: 88->0(88)
[2025-08-01T02:36:51.907+0000] GC(1177) Survivor regions: 18->14(14)
[2025-08-01T02:36:51.907+0000] GC(1177) Old regions: 1552->1620
[2025-08-01T02:36:51.907+0000] GC(1177) Humongous regions: 0->0
[2025-08-01T02:36:51.907+0000] GC(1177) Metaspace: 9706K(12544K)->9706K(12544K) NonClass: 8540K(11008K)->8540K(11008K) Class: 1166K(1536K)->1166K(1536K)
[2025-08-01T02:36:51.907+0000] GC(1177) Pause Young (Normal) (G1 Evacuation Pause) 3312M->3264M(4096M) 30.733ms
[2025-08-01T02:36:51.907+0000] GC(1177) User=0.21s Sys=0.00s Real=0.03s
[2025-08-01T02:36:51.925+0000] GC(1178) Pause Young (Normal) (G1 Evacuation Pause)
[2025-08-01T02:36:51.925+0000] GC(1178) Using 8 workers of 8 for evacuation
[2025-08-01T02:36:51.957+0000] GC(1178)   Pre Evacuate Collection Set: 0.2ms
[2025-08-01T02:36:51.958+0000] GC(1178)   Evacuate Collection Set: 31.8ms
[2025-08-01T02:36:51.958+0000] GC(1178)   Post Evacuate Collection Set: 0.5ms
[2025-08-01T02:36:51.958+0000] GC(1178)   Other: 0.3ms
[2025-08-01T02:36:51.958+0000] GC(1178) Eden regions: 88->0(89)
[2025-08-01T02:36:51.958+0000] GC(1178) Survivor regions: 14->13(13)
[2025-08-01T02:36:51.958+0000] GC(1178) Old regions: 1620->1710
[2025-08-01T02:36:51.958+0000] GC(1178) Humongous regions: 0->0
[2025-08-01T02:36:51.958+0000] GC(1178) Metaspace: 9706K(12544K)->9706K(12544K) NonClass: 8540K(11008K)->8540K(11008K) Class: 1166K(1536K)->1166K(1536K)
[2025-08-01T02:36:51.958+0000] GC(1178) Pause Young (Normal) (G1 Evacuation Pause) 3440M->3443M(4096M) 32.942ms
[2025-08-01T02:36:51.958+0000] GC(1178) User=0.25s Sys=0.00s Real=0.03s
[2025-08-01T02:36:51.981+0000] GC(1179) Pause Young (Normal) (G1 Evacuation Pause)
[2025-08-01T02:36:51.981+0000] GC(1179) Using 8 workers of 8 for evacuation
[2025-08-01T02:36:52.014+0000] GC(1179)   Pre Evacuate Collection Set: 0.1ms
[2025-08-01T02:36:52.014+0000] GC(1179)   Evacuate Collection Set: 31.9ms
[2025-08-01T02:36:52.014+0000] GC(1179)   Post Evacuate Collection Set: 0.7ms
[2025-08-01T02:36:52.014+0000] GC(1179)   Other: 0.2ms
[2025-08-01T02:36:52.014+0000] GC(1179) Eden regions: 89->0(89)
[2025-08-01T02:36:52.014+0000] GC(1179) Survivor regions: 13->13(13)
[2025-08-01T02:36:52.014+0000] GC(1179) Old regions: 1710->1801
[2025-08-01T02:36:52.014+0000] GC(1179) Humongous regions: 0->0
[2025-08-01T02:36:52.014+0000] GC(1179) Metaspace: 9706K(12544K)->9706K(12544K) NonClass: 8540K(11008K)->8540K(11008K) Class: 1166K(1536K)->1166K(1536K)
[2025-08-01T02:36:52.014+0000] GC(1179) Pause Young (Normal) (G1 Evacuation Pause) 3621M->3624M(4096M) 33.145ms
[2025-08-01T02:36:52.014+0000] GC(1179) User=0.26s Sys=0.00s Real=0.04s
[2025-08-01T02:36:52.034+0000] GC(1180) Pause Young (Normal) (G1 Evacuation Pause)
[2025-08-01T02:36:52.034+0000] GC(1180) Using 8 workers of 8 for evacuation
[2025-08-01T02:36:52.063+0000] GC(1180)   Pre Evacuate Collection Set: 0.1ms
[2025-08-01T02:36:52.064+0000] GC(1180)   Evacuate Collection Set: 28.5ms
[2025-08-01T02:36:52.064+0000] GC(1180)   Post Evacuate Collection Set: 0.3ms
[2025-08-01T02:36:52.064+0000] GC(1180)   Other: 0.2ms
[2025-08-01T02:36:52.064+0000] GC(1180) Eden regions: 89->0(89)
[2025-08-01T02:36:52.064+0000] GC(1180) Survivor regions: 13->13(13)
[2025-08-01T02:36:52.064+0000] GC(1180) Old regions: 1801->1879
[2025-08-01T02:36:52.064+0000] GC(1180) Humongous regions: 0->0
[2025-08-01T02:36:52.064+0000] GC(1180) Metaspace: 9706K(12544K)->9706K(12544K) NonClass: 8540K(11008K)->8540K(11008K) Class: 1166K(1536K)->1166K(1536K)
[2025-08-01T02:36:52.064+0000] GC(1180) Pause Young (Normal) (G1 Evacuation Pause) 3802M->3781M(4096M) 29.286ms
[2025-08-01T02:36:52.064+0000] GC(1180) User=0.23s Sys=0.00s Real=0.03s
[2025-08-01T02:36:52.089+0000] GC(1181) Pause Young (Normal) (G1 Evacuation Pause)
[2025-08-01T02:36:52.089+0000] GC(1181) Using 8 workers of 8 for evacuation
[2025-08-01T02:36:52.137+0000] GC(1181) To-space exhausted
[2025-08-01T02:36:52.137+0000] GC(1181)   Pre Evacuate Collection Set: 0.1ms
[2025-08-01T02:36:52.137+0000] GC(1181)   Evacuate Collection Set: 41.6ms
[2025-08-01T02:36:52.137+0000] GC(1181)   Post Evacuate Collection Set: 6.3ms
[2025-08-01T02:36:52.137+0000] GC(1181)   Other: 0.4ms
[2025-08-01T02:36:52.137+0000] GC(1181) Eden regions: 89->0(89)
[2025-08-01T02:36:52.137+0000] GC(1181) Survivor regions: 13->13(13)
[2025-08-01T02:36:52.137+0000] GC(1181) Old regions: 1879->1979
[2025-08-01T02:36:52.137+0000] GC(1181) Humongous regions: 0->0
[2025-08-01T02:36:52.137+0000] GC(1181) Metaspace: 9706K(12544K)->9706K(12544K) NonClass: 8540K(11008K)->8540K(11008K) Class: 1166K(1536K)->1166K(1536K)
[2025-08-01T02:36:52.137+0000] GC(1181) Pause Young (Normal) (G1 Evacuation Pause) 3959M->3981M(4096M) 48.388ms
[2025-08-01T02:36:52.137+0000] GC(1181) User=0.35s Sys=0.01s Real=0.05s
[2025-08-01T02:36:52.148+0000] GC(1182) Pause Young (Normal) (G1 Evacuation Pause)
[2025-08-01T02:36:52.148+0000] GC(1182) Using 8 workers of 8 for evacuation
[2025-08-01T02:36:52.172+0000] GC(1182) To-space exhausted
[2025-08-01T02:36:52.172+0000] GC(1182)   Pre Evacuate Collection Set: 0.1ms
[2025-08-01T02:36:52.172+0000] GC(1182)   Evacuate Collection Set: 15.5ms
[2025-08-01T02:36:52.172+0000] GC(1182)   Post Evacuate Collection Set: 7.8ms
[2025-08-01T02:36:52.172+0000] GC(1182)   Other: 0.4ms
[2025-08-01T02:36:52.172+0000] GC(1182) Eden regions: 56->0(102)
[2025-08-01T02:36:52.172+0000] GC(1182) Survivor regions: 13->0(13)
[2025-08-01T02:36:52.172+0000] GC(1182) Old regions: 1979->2048
[2025-08-01T02:36:52.172+0000] GC(1182) Humongous regions: 0->0
[2025-08-01T02:36:52.172+0000] GC(1182) Metaspace: 9706K(12544K)->9706K(12544K) NonClass: 8540K(11008K)->8540K(11008K) Class: 1166K(1536K)->1166K(1536K)
[2025-08-01T02:36:52.172+0000] GC(1182) Pause Young (Normal) (G1 Evacuation Pause) 4093M->4093M(4096M) 23.852ms
[2025-08-01T02:36:52.172+0000] GC(1182) User=0.16s Sys=0.00s Real=0.02s
[2025-08-01T02:36:52.172+0000] GC(1183) Using 8 workers of 8 for full compaction
[2025-08-01T02:36:52.172+0000] GC(1183) Pause Full (G1 Evacuation Pause)
[2025-08-01T02:36:52.179+0000] GC(1183) Phase 1: Mark live objects
[2025-08-01T02:36:52.214+0000] GC(1183) Cleaned string and symbol table, strings: 2833 processed, 0 removed, symbols: 23489 processed, 0 removed
[2025-08-01T02:36:52.215+0000] GC(1183) Phase 1: Mark live objects 35.781ms
[2025-08-01T02:36:52.215+0000] GC(1183) Phase 2: Prepare for compaction
[2025-08-01T02:36:52.252+0000] GC(1183) Phase 2: Prepare for compaction 37.512ms
[2025-08-01T02:36:52.252+0000] GC(1183) Phase 3: Adjust pointers
[2025-08-01T02:36:52.291+0000] GC(1183) Phase 3: Adjust pointers 38.518ms
[2025-08-01T02:36:52.291+0000] GC(1183) Phase 4: Compact heap
[2025-08-01T02:36:52.415+0000] GC(1183) Phase 4: Compact heap 124.024ms
[2025-08-01T02:36:52.416+0000] GC(1183) Eden regions: 0->0(376)
[2025-08-01T02:36:52.416+0000] GC(1183) Survivor regions: 0->0(13)
[2025-08-01T02:36:52.416+0000] GC(1183) Old regions: 2048->414
[2025-08-01T02:36:52.416+0000] GC(1183) Humongous regions: 0->0
[2025-08-01T02:36:52.416+0000] GC(1183) Metaspace: 9706K(12544K)->9706K(12544K) NonClass: 8540K(11008K)->8540K(11008K) Class: 1166K(1536K)->1166K(1536K)
[2025-08-01T02:36:52.416+0000] GC(1183) Pause Full (G1 Evacuation Pause) 4093M->816M(4096M) 244.157ms
[2025-08-01T02:36:52.417+0000] GC(1183) User=1.69s Sys=0.03s Real=0.25s
[2025-08-01T02:36:52.417+0000] GC(1175) Concurrent Mark From Roots 623.909ms
[2025-08-01T02:36:52.417+0000] GC(1175) Concurrent Mark Abort
[2025-08-01T02:36:52.417+0000] GC(1175) Concurrent Cycle 636.297ms
[2025-08-01T02:36:52.574+0000] GC(1184) Pause Young (Normal) (G1 Evacuation Pause)
[2025-08-01T02:36:52.574+0000] GC(1184) Using 8 workers of 8 for evacuation
[2025-08-01T02:36:52.692+0000] GC(1184)   Pre Evacuate Collection Set: 0.2ms
[2025-08-01T02:36:52.692+0000] GC(1184)   Evacuate Collection Set: 116.2ms
[2025-08-01T02:36:52.692+0000] GC(1184)   Post Evacuate Collection Set: 1.3ms
[2025-08-01T02:36:52.692+0000] GC(1184)   Other: 0.4ms
[2025-08-01T02:36:52.692+0000] GC(1184) Eden regions: 376->0(367)
[2025-08-01T02:36:52.692+0000] GC(1184) Survivor regions: 0->47(47)
[2025-08-01T02:36:52.692+0000] GC(1184) Old regions: 414->654
[2025-08-01T02:36:52.692+0000] GC(1184) Humongous regions: 0->0
[2025-08-01T02:36:52.692+0000] GC(1184) Metaspace: 9706K(12544K)->9706K(12544K) NonClass: 8540K(11008K)->8540K(11008K) Class: 1166K(1536K)->1166K(1536K)
[2025-08-01T02:36:52.692+0000] GC(1184) Pause Young (Normal) (G1 Evacuation Pause) 1568M->1388M(4096M) 118.303ms
[2025-08-01T02:36:52.692+0000] GC(1184) User=0.88s Sys=0.03s Real=0.11s
[2025-08-01T02:36:52.846+0000] GC(1185) Pause Young (Concurrent Start) (G1 Evacuation Pause)
[2025-08-01T02:36:52.846+0000] GC(1185) Using 8 workers of 8 for evacuation
[2025-08-01T02:36:53.032+0000] GC(1185)   Pre Evacuate Collection Set: 0.1ms
[2025-08-01T02:36:53.032+0000] GC(1185)   Evacuate Collection Set: 183.9ms
[2025-08-01T02:36:53.032+0000] GC(1185)   Post Evacuate Collection Set: 1.6ms
[2025-08-01T02:36:53.032+0000] GC(1185)   Other: 0.6ms
[2025-08-01T02:36:53.032+0000] GC(1185) Eden regions: 367->0(332)
[2025-08-01T02:36:53.032+0000] GC(1185) Survivor regions: 47->52(52)
[2025-08-01T02:36:53.032+0000] GC(1185) Old regions: 654->835
[2025-08-01T02:36:53.032+0000] GC(1185) Humongous regions: 0->0
[2025-08-01T02:36:53.032+0000] GC(1185) Metaspace: 9706K(12544K)->9706K(12544K) NonClass: 8540K(11008K)->8540K(11008K) Class: 1166K(1536K)->1166K(1536K)
[2025-08-01T02:36:53.032+0000] GC(1185) Pause Young (Concurrent Start) (G1 Evacuation Pause) 2122M->1761M(4096M) 186.555ms
[2025-08-01T02:36:53.032+0000] GC(1185) User=1.37s Sys=0.06s Real=0.18s
[2025-08-01T02:36:53.032+0000] GC(1186) Concurrent Cycle
[2025-08-01T02:36:53.033+0000] GC(1186) Concurrent Clear Claimed Marks
[2025-08-01T02:36:53.033+0000] GC(1186) Concurrent Clear Claimed Marks 0.097ms
[2025-08-01T02:36:53.033+0000] GC(1186) Concurrent Scan Root Regions
[2025-08-01T02:36:53.049+0000] GC(1186) Concurrent Scan Root Regions 15.670ms
[2025-08-01T02:36:53.049+0000] GC(1186) Concurrent Mark (152.044s)
[2025-08-01T02:36:53.049+0000] GC(1186) Concurrent Mark From Roots
[2025-08-01T02:36:53.049+0000] GC(1186) Using 2 workers of 2 for marking
[2025-08-01T02:36:53.151+0000] GC(1186) Concurrent Mark From Roots 101.881ms
[2025-08-01T02:36:53.151+0000] GC(1186) Concurrent Preclean
[2025-08-01T02:36:53.151+0000] GC(1186) Concurrent Preclean 0.547ms
[2025-08-01T02:36:53.151+0000] GC(1186) Concurrent Mark (152.044s, 152.147s) 102.592ms
[2025-08-01T02:36:53.152+0000] GC(1186) Pause Remark
[2025-08-01T02:36:53.155+0000] GC(1186) Cleaned string and symbol table, strings: 2833 processed, 0 removed, symbols: 23489 processed, 0 removed
[2025-08-01T02:36:53.157+0000] GC(1186) Pause Remark 2339M->1100M(4096M) 4.474ms
[2025-08-01T02:36:53.157+0000] GC(1186) User=0.01s Sys=0.01s Real=0.01s
[2025-08-01T02:36:53.157+0000] GC(1186) Concurrent Rebuild Remembered Sets
[2025-08-01T02:36:53.165+0000] GC(1187) Pause Young (Normal) (G1 Evacuation Pause)
[2025-08-01T02:36:53.165+0000] GC(1187) Using 8 workers of 8 for evacuation
[2025-08-01T02:36:53.310+0000] GC(1187)   Pre Evacuate Collection Set: 0.1ms
[2025-08-01T02:36:53.310+0000] GC(1187)   Evacuate Collection Set: 142.5ms
[2025-08-01T02:36:53.310+0000] GC(1187)   Post Evacuate Collection Set: 1.3ms
[2025-08-01T02:36:53.310+0000] GC(1187)   Other: 0.3ms
[2025-08-01T02:36:53.310+0000] GC(1187) Eden regions: 332->0(431)
[2025-08-01T02:36:53.310+0000] GC(1187) Survivor regions: 52->48(48)
[2025-08-01T02:36:53.310+0000] GC(1187) Old regions: 211->549
[2025-08-01T02:36:53.310+0000] GC(1187) Humongous regions: 0->0
[2025-08-01T02:36:53.310+0000] GC(1187) Metaspace: 9706K(12544K)->9706K(12544K) NonClass: 8540K(11008K)->8540K(11008K) Class: 1166K(1536K)->1166K(1536K)
[2025-08-01T02:36:53.310+0000] GC(1187) Pause Young (Normal) (G1 Evacuation Pause) 1186M->1190M(4096M) 144.321ms
[2025-08-01T02:36:53.310+0000] GC(1187) User=1.00s Sys=0.04s Real=0.14s
[2025-08-01T02:36:53.367+0000] GC(1186) Concurrent Rebuild Remembered Sets 210.478ms
[2025-08-01T02:36:53.368+0000] GC(1186) Pause Cleanup
[2025-08-01T02:36:53.369+0000] GC(1186) Pause Cleanup 1370M->1370M(4096M) 0.774ms
[2025-08-01T02:36:53.369+0000] GC(1186) User=0.00s Sys=0.00s Real=0.00s
[2025-08-01T02:36:53.369+0000] GC(1186) Concurrent Cleanup for Next Mark
[2025-08-01T02:36:53.390+0000] GC(1186) Concurrent Cleanup for Next Mark 20.709ms
[2025-08-01T02:36:53.390+0000] GC(1186) Concurrent Cycle 357.427ms
[2025-08-01T02:36:53.496+0000] GC(1188) Pause Young (Normal) (G1 Evacuation Pause)
[2025-08-01T02:36:53.496+0000] GC(1188) Using 8 workers of 8 for evacuation
[2025-08-01T02:36:53.692+0000] GC(1188)   Pre Evacuate Collection Set: 0.1ms
[2025-08-01T02:36:53.692+0000] GC(1188)   Evacuate Collection Set: 194.3ms
[2025-08-01T02:36:53.692+0000] GC(1188)   Post Evacuate Collection Set: 1.5ms
[2025-08-01T02:36:53.692+0000] GC(1188)   Other: 0.4ms
[2025-08-01T02:36:53.692+0000] GC(1188) Eden regions: 431->0(304)
[2025-08-01T02:36:53.692+0000] GC(1188) Survivor regions: 48->60(60)
[2025-08-01T02:36:53.692+0000] GC(1188) Old regions: 549->846
[2025-08-01T02:36:53.692+0000] GC(1188) Humongous regions: 0->0
[2025-08-01T02:36:53.692+0000] GC(1188) Metaspace: 9706K(12544K)->9706K(12544K) NonClass: 8540K(11008K)->8540K(11008K) Class: 1166K(1536K)->1166K(1536K)
[2025-08-01T02:36:53.692+0000] GC(1188) Pause Young (Normal) (G1 Evacuation Pause) 2052M->1808M(4096M) 196.415ms
[2025-08-01T02:36:53.692+0000] GC(1188) User=1.48s Sys=0.05s Real=0.19s
[2025-08-01T02:36:53.799+0000] GC(1189) Pause Young (Concurrent Start) (G1 Evacuation Pause)
[2025-08-01T02:36:53.799+0000] GC(1189) Using 8 workers of 8 for evacuation
[2025-08-01T02:36:53.924+0000] GC(1189)   Pre Evacuate Collection Set: 0.1ms
[2025-08-01T02:36:53.924+0000] GC(1189)   Evacuate Collection Set: 123.2ms
[2025-08-01T02:36:53.924+0000] GC(1189)   Post Evacuate Collection Set: 1.2ms
[2025-08-01T02:36:53.924+0000] GC(1189)   Other: 0.6ms
[2025-08-01T02:36:53.924+0000] GC(1189) Eden regions: 304->0(222)
[2025-08-01T02:36:53.924+0000] GC(1189) Survivor regions: 60->46(46)
[2025-08-01T02:36:53.924+0000] GC(1189) Old regions: 846->1095
[2025-08-01T02:36:53.924+0000] GC(1189) Humongous regions: 0->0
[2025-08-01T02:36:53.924+0000] GC(1189) Metaspace: 9706K(12544K)->9706K(12544K) NonClass: 8540K(11008K)->8540K(11008K) Class: 1166K(1536K)->1166K(1536K)
[2025-08-01T02:36:53.924+0000] GC(1189) Pause Young (Concurrent Start) (G1 Evacuation Pause) 2416M->2278M(4096M) 125.246ms
[2025-08-01T02:36:53.924+0000] GC(1189) User=0.93s Sys=0.02s Real=0.13s
[2025-08-01T02:36:53.924+0000] GC(1190) Concurrent Cycle
[2025-08-01T02:36:53.924+0000] GC(1190) Concurrent Clear Claimed Marks
[2025-08-01T02:36:53.924+0000] GC(1190) Concurrent Clear Claimed Marks 0.062ms
[2025-08-01T02:36:53.924+0000] GC(1190) Concurrent Scan Root Regions
[2025-08-01T02:36:53.933+0000] GC(1190) Concurrent Scan Root Regions 8.343ms
[2025-08-01T02:36:53.933+0000] GC(1190) Concurrent Mark (152.928s)
[2025-08-01T02:36:53.933+0000] GC(1190) Concurrent Mark From Roots
[2025-08-01T02:36:53.933+0000] GC(1190) Using 2 workers of 2 for marking
[2025-08-01T02:36:54.013+0000] GC(1191) Pause Young (Normal) (G1 Evacuation Pause)
[2025-08-01T02:36:54.013+0000] GC(1191) Using 8 workers of 8 for evacuation
[2025-08-01T02:36:54.078+0000] GC(1191)   Pre Evacuate Collection Set: 0.1ms
[2025-08-01T02:36:54.078+0000] GC(1191)   Evacuate Collection Set: 63.7ms
[2025-08-01T02:36:54.078+0000] GC(1191)   Post Evacuate Collection Set: 0.9ms
[2025-08-01T02:36:54.078+0000] GC(1191)   Other: 0.3ms
[2025-08-01T02:36:54.078+0000] GC(1191) Eden regions: 222->0(177)
[2025-08-01T02:36:54.078+0000] GC(1191) Survivor regions: 46->34(34)
[2025-08-01T02:36:54.078+0000] GC(1191) Old regions: 1095->1262
[2025-08-01T02:36:54.078+0000] GC(1191) Humongous regions: 0->0
[2025-08-01T02:36:54.078+0000] GC(1191) Metaspace: 9706K(12544K)->9706K(12544K) NonClass: 8540K(11008K)->8540K(11008K) Class: 1166K(1536K)->1166K(1536K)
[2025-08-01T02:36:54.078+0000] GC(1191) Pause Young (Normal) (G1 Evacuation Pause) 2722M->2588M(4096M) 65.138ms
[2025-08-01T02:36:54.078+0000] GC(1191) User=0.50s Sys=0.01s Real=0.06s
[2025-08-01T02:36:54.151+0000] GC(1190) Concurrent Mark From Roots 218.708ms
[2025-08-01T02:36:54.151+0000] GC(1190) Concurrent Preclean
[2025-08-01T02:36:54.152+0000] GC(1190) Concurrent Preclean 0.371ms
[2025-08-01T02:36:54.152+0000] GC(1192) Pause Young (Normal) (G1 Evacuation Pause)
[2025-08-01T02:36:54.152+0000] GC(1192) Using 8 workers of 8 for evacuation
[2025-08-01T02:36:54.211+0000] GC(1192)   Pre Evacuate Collection Set: 0.1ms
[2025-08-01T02:36:54.211+0000] GC(1192)   Evacuate Collection Set: 57.8ms
[2025-08-01T02:36:54.211+0000] GC(1192)   Post Evacuate Collection Set: 0.7ms
[2025-08-01T02:36:54.211+0000] GC(1192)   Other: 0.3ms
[2025-08-01T02:36:54.211+0000] GC(1192) Eden regions: 177->0(141)
[2025-08-01T02:36:54.211+0000] GC(1192) Survivor regions: 34->27(27)
[2025-08-01T02:36:54.211+0000] GC(1192) Old regions: 1262->1392
[2025-08-01T02:36:54.211+0000] GC(1192) Humongous regions: 0->0
[2025-08-01T02:36:54.211+0000] GC(1192) Metaspace: 9706K(12544K)->9706K(12544K) NonClass: 8540K(11008K)->8540K(11008K) Class: 1166K(1536K)->1166K(1536K)
[2025-08-01T02:36:54.211+0000] GC(1192) Pause Young (Normal) (G1 Evacuation Pause) 2942M->2834M(4096M) 59.049ms
[2025-08-01T02:36:54.211+0000] GC(1192) User=0.45s Sys=0.01s Real=0.06s
[2025-08-01T02:36:54.211+0000] GC(1190) Concurrent Mark (152.928s, 153.147s) 219.214ms
[2025-08-01T02:36:54.212+0000] GC(1190) Pause Remark
[2025-08-01T02:36:54.214+0000] GC(1190) Cleaned string and symbol table, strings: 2833 processed, 0 removed, symbols: 23489 processed, 0 removed
[2025-08-01T02:36:54.216+0000] GC(1190) Pause Remark 2836M->1650M(4096M) 3.887ms
[2025-08-01T02:36:54.216+0000] GC(1190) User=0.01s Sys=0.00s Real=0.01s
[2025-08-01T02:36:54.216+0000] GC(1190) Concurrent Rebuild Remembered Sets
[2025-08-01T02:36:54.242+0000] GC(1193) Pause Young (Normal) (G1 Evacuation Pause)
[2025-08-01T02:36:54.242+0000] GC(1193) Using 8 workers of 8 for evacuation
[2025-08-01T02:36:54.293+0000] GC(1193)   Pre Evacuate Collection Set: 0.2ms
[2025-08-01T02:36:54.293+0000] GC(1193)   Evacuate Collection Set: 49.9ms
[2025-08-01T02:36:54.293+0000] GC(1193)   Post Evacuate Collection Set: 0.7ms
[2025-08-01T02:36:54.293+0000] GC(1193)   Other: 0.4ms
[2025-08-01T02:36:54.293+0000] GC(1193) Eden regions: 141->0(289)
[2025-08-01T02:36:54.293+0000] GC(1193) Survivor regions: 27->21(21)
[2025-08-01T02:36:54.293+0000] GC(1193) Old regions: 799->947
[2025-08-01T02:36:54.293+0000] GC(1193) Humongous regions: 0->0
[2025-08-01T02:36:54.293+0000] GC(1193) Metaspace: 9706K(12544K)->9706K(12544K) NonClass: 8540K(11008K)->8540K(11008K) Class: 1166K(1536K)->1166K(1536K)
[2025-08-01T02:36:54.293+0000] GC(1193) Pause Young (Normal) (G1 Evacuation Pause) 1930M->1933M(4096M) 51.402ms
[2025-08-01T02:36:54.293+0000] GC(1193) User=0.38s Sys=0.00s Real=0.06s
[2025-08-01T02:36:54.440+0000] GC(1194) Pause Young (Normal) (G1 Evacuation Pause)
[2025-08-01T02:36:54.440+0000] GC(1194) Using 8 workers of 8 for evacuation
[2025-08-01T02:36:54.536+0000] GC(1194)   Pre Evacuate Collection Set: 0.1ms
[2025-08-01T02:36:54.536+0000] GC(1194)   Evacuate Collection Set: 94.2ms
[2025-08-01T02:36:54.536+0000] GC(1194)   Post Evacuate Collection Set: 0.9ms
[2025-08-01T02:36:54.536+0000] GC(1194)   Other: 0.5ms
[2025-08-01T02:36:54.536+0000] GC(1194) Eden regions: 289->0(227)
[2025-08-01T02:36:54.536+0000] GC(1194) Survivor regions: 21->39(39)
[2025-08-01T02:36:54.536+0000] GC(1194) Old regions: 947->1114
[2025-08-01T02:36:54.536+0000] GC(1194) Humongous regions: 0->0
[2025-08-01T02:36:54.536+0000] GC(1194) Metaspace: 9706K(12544K)->9706K(12544K) NonClass: 8540K(11008K)->8540K(11008K) Class: 1166K(1536K)->1166K(1536K)
[2025-08-01T02:36:54.536+0000] GC(1194) Pause Young (Normal) (G1 Evacuation Pause) 2511M->2302M(4096M) 95.878ms
[2025-08-01T02:36:54.536+0000] GC(1194) User=0.70s Sys=0.03s Real=0.10s
[2025-08-01T02:36:54.590+0000] GC(1190) Concurrent Rebuild Remembered Sets 374.452ms
[2025-08-01T02:36:54.591+0000] GC(1190) Pause Cleanup
[2025-08-01T02:36:54.592+0000] GC(1190) Pause Cleanup 2576M->2576M(4096M) 0.794ms
[2025-08-01T02:36:54.592+0000] GC(1190) User=0.01s Sys=0.00s Real=0.00s
[2025-08-01T02:36:54.592+0000] GC(1190) Concurrent Cleanup for Next Mark
[2025-08-01T02:36:54.600+0000] GC(1190) Concurrent Cleanup for Next Mark 7.916ms
[2025-08-01T02:36:54.600+0000] GC(1190) Concurrent Cycle 675.523ms
[2025-08-01T02:36:54.624+0000] GC(1195) Pause Young (Prepare Mixed) (G1 Evacuation Pause)
[2025-08-01T02:36:54.624+0000] GC(1195) Using 8 workers of 8 for evacuation
[2025-08-01T02:36:54.735+0000] GC(1195)   Pre Evacuate Collection Set: 0.2ms
[2025-08-01T02:36:54.735+0000] GC(1195)   Evacuate Collection Set: 109.2ms
[2025-08-01T02:36:54.735+0000] GC(1195)   Post Evacuate Collection Set: 1.3ms
[2025-08-01T02:36:54.735+0000] GC(1195)   Other: 0.3ms
[2025-08-01T02:36:54.735+0000] GC(1195) Eden regions: 227->0(68)
[2025-08-01T02:36:54.735+0000] GC(1195) Survivor regions: 39->34(34)
[2025-08-01T02:36:54.735+0000] GC(1195) Old regions: 1114->1347
[2025-08-01T02:36:54.735+0000] GC(1195) Humongous regions: 0->0
[2025-08-01T02:36:54.735+0000] GC(1195) Metaspace: 9706K(12544K)->9706K(12544K) NonClass: 8540K(11008K)->8540K(11008K) Class: 1166K(1536K)->1166K(1536K)
[2025-08-01T02:36:54.735+0000] GC(1195) Pause Young (Prepare Mixed) (G1 Evacuation Pause) 2756M->2758M(4096M) 111.103ms
[2025-08-01T02:36:54.735+0000] GC(1195) User=0.81s Sys=0.03s Real=0.11s
[2025-08-01T02:36:54.747+0000] GC(1196) Pause Young (Mixed) (G1 Evacuation Pause)
[2025-08-01T02:36:54.747+0000] GC(1196) Using 8 workers of 8 for evacuation
[2025-08-01T02:36:54.777+0000] GC(1196)   Pre Evacuate Collection Set: 0.2ms
[2025-08-01T02:36:54.777+0000] GC(1196)   Evacuate Collection Set: 29.0ms
[2025-08-01T02:36:54.777+0000] GC(1196)   Post Evacuate Collection Set: 0.5ms
[2025-08-01T02:36:54.777+0000] GC(1196)   Other: 0.4ms
[2025-08-01T02:36:54.777+0000] GC(1196) Eden regions: 68->0(135)
[2025-08-01T02:36:54.777+0000] GC(1196) Survivor regions: 34->13(13)
[2025-08-01T02:36:54.777+0000] GC(1196) Old regions: 1347->1401
[2025-08-01T02:36:54.777+0000] GC(1196) Humongous regions: 0->0
[2025-08-01T02:36:54.777+0000] GC(1196) Metaspace: 9706K(12544K)->9706K(12544K) NonClass: 8540K(11008K)->8540K(11008K) Class: 1166K(1536K)->1166K(1536K)
[2025-08-01T02:36:54.777+0000] GC(1196) Pause Young (Mixed) (G1 Evacuation Pause) 2894M->2824M(4096M) 30.301ms
[2025-08-01T02:36:54.777+0000] GC(1196) User=0.23s Sys=0.00s Real=0.03s
[2025-08-01T02:36:54.852+0000] GC(1197) Pause Young (Concurrent Start) (G1 Evacuation Pause)
[2025-08-01T02:36:54.852+0000] GC(1197) Using 8 workers of 8 for evacuation
[2025-08-01T02:36:54.921+0000] GC(1197)   Pre Evacuate Collection Set: 0.1ms
[2025-08-01T02:36:54.921+0000] GC(1197)   Evacuate Collection Set: 66.1ms
[2025-08-01T02:36:54.921+0000] GC(1197)   Post Evacuate Collection Set: 2.7ms
[2025-08-01T02:36:54.921+0000] GC(1197)   Other: 0.4ms
[2025-08-01T02:36:54.921+0000] GC(1197) Eden regions: 135->0(92)
[2025-08-01T02:36:54.921+0000] GC(1197) Survivor regions: 13->19(19)
[2025-08-01T02:36:54.921+0000] GC(1197) Old regions: 1401->1528
[2025-08-01T02:36:54.921+0000] GC(1197) Humongous regions: 0->0
[2025-08-01T02:36:54.921+0000] GC(1197) Metaspace: 9706K(12544K)->9706K(12544K) NonClass: 8540K(11008K)->8540K(11008K) Class: 1166K(1536K)->1166K(1536K)
[2025-08-01T02:36:54.921+0000] GC(1197) Pause Young (Concurrent Start) (G1 Evacuation Pause) 3094M->3091M(4096M) 69.582ms
[2025-08-01T02:36:54.921+0000] GC(1197) User=0.49s Sys=0.02s Real=0.07s
[2025-08-01T02:36:54.921+0000] GC(1198) Concurrent Cycle
[2025-08-01T02:36:54.921+0000] GC(1198) Concurrent Clear Claimed Marks
[2025-08-01T02:36:54.921+0000] GC(1198) Concurrent Clear Claimed Marks 0.045ms
[2025-08-01T02:36:54.921+0000] GC(1198) Concurrent Scan Root Regions
[2025-08-01T02:36:54.926+0000] GC(1198) Concurrent Scan Root Regions 5.057ms
[2025-08-01T02:36:54.926+0000] GC(1198) Concurrent Mark (153.922s)
[2025-08-01T02:36:54.926+0000] GC(1198) Concurrent Mark From Roots
[2025-08-01T02:36:54.926+0000] GC(1198) Using 2 workers of 2 for marking
[2025-08-01T02:36:54.986+0000] GC(1199) Pause Young (Normal) (G1 Evacuation Pause)
[2025-08-01T02:36:54.987+0000] GC(1199) Using 8 workers of 8 for evacuation
[2025-08-01T02:36:55.016+0000] GC(1199)   Pre Evacuate Collection Set: 0.1ms
[2025-08-01T02:36:55.016+0000] GC(1199)   Evacuate Collection Set: 28.1ms
[2025-08-01T02:36:55.016+0000] GC(1199)   Post Evacuate Collection Set: 0.6ms
[2025-08-01T02:36:55.016+0000] GC(1199)   Other: 0.3ms
[2025-08-01T02:36:55.016+0000] GC(1199) Eden regions: 92->0(88)
[2025-08-01T02:36:55.016+0000] GC(1199) Survivor regions: 19->14(14)
[2025-08-01T02:36:55.016+0000] GC(1199) Old regions: 1528->1611
[2025-08-01T02:36:55.016+0000] GC(1199) Humongous regions: 0->0
[2025-08-01T02:36:55.016+0000] GC(1199) Metaspace: 9706K(12544K)->9706K(12544K) NonClass: 8540K(11008K)->8540K(11008K) Class: 1166K(1536K)->1166K(1536K)
[2025-08-01T02:36:55.016+0000] GC(1199) Pause Young (Normal) (G1 Evacuation Pause) 3275M->3247M(4096M) 29.196ms
[2025-08-01T02:36:55.016+0000] GC(1199) User=0.20s Sys=0.00s Real=0.03s
[2025-08-01T02:36:55.041+0000] GC(1200) Pause Young (Normal) (G1 Evacuation Pause)
[2025-08-01T02:36:55.041+0000] GC(1200) Using 8 workers of 8 for evacuation
[2025-08-01T02:36:55.115+0000] GC(1200)   Pre Evacuate Collection Set: 0.1ms
[2025-08-01T02:36:55.115+0000] GC(1200)   Evacuate Collection Set: 73.2ms
[2025-08-01T02:36:55.115+0000] GC(1200)   Post Evacuate Collection Set: 0.9ms
[2025-08-01T02:36:55.116+0000] GC(1200)   Other: 0.6ms
[2025-08-01T02:36:55.116+0000] GC(1200) Eden regions: 88->0(89)
[2025-08-01T02:36:55.116+0000] GC(1200) Survivor regions: 14->13(13)
[2025-08-01T02:36:55.116+0000] GC(1200) Old regions: 1611->1702
[2025-08-01T02:36:55.116+0000] GC(1200) Humongous regions: 0->0
[2025-08-01T02:36:55.116+0000] GC(1200) Metaspace: 9706K(12544K)->9706K(12544K) NonClass: 8540K(11008K)->8540K(11008K) Class: 1166K(1536K)->1166K(1536K)
[2025-08-01T02:36:55.116+0000] GC(1200) Pause Young (Normal) (G1 Evacuation Pause) 3423M->3427M(4096M) 74.991ms
[2025-08-01T02:36:55.116+0000] GC(1200) User=0.56s Sys=0.02s Real=0.08s
[2025-08-01T02:36:55.183+0000] GC(1201) Pause Young (Normal) (G1 Evacuation Pause)
[2025-08-01T02:36:55.183+0000] GC(1201) Using 8 workers of 8 for evacuation
[2025-08-01T02:36:55.227+0000] GC(1201)   Pre Evacuate Collection Set: 0.2ms
[2025-08-01T02:36:55.227+0000] GC(1201)   Evacuate Collection Set: 42.6ms
[2025-08-01T02:36:55.227+0000] GC(1201)   Post Evacuate Collection Set: 0.7ms
[2025-08-01T02:36:55.227+0000] GC(1201)   Other: 0.3ms
[2025-08-01T02:36:55.227+0000] GC(1201) Eden regions: 89->0(89)
[2025-08-01T02:36:55.227+0000] GC(1201) Survivor regions: 13->13(13)
[2025-08-01T02:36:55.227+0000] GC(1201) Old regions: 1702->1765
[2025-08-01T02:36:55.227+0000] GC(1201) Humongous regions: 0->0
[2025-08-01T02:36:55.227+0000] GC(1201) Metaspace: 9706K(12544K)->9706K(12544K) NonClass: 8540K(11008K)->8540K(11008K) Class: 1166K(1536K)->1166K(1536K)
[2025-08-01T02:36:55.227+0000] GC(1201) Pause Young (Normal) (G1 Evacuation Pause) 3605M->3553M(4096M) 44.006ms
[2025-08-01T02:36:55.227+0000] GC(1201) User=0.33s Sys=0.01s Real=0.04s
[2025-08-01T02:36:55.243+0000] GC(1202) Pause Young (Normal) (G1 Evacuation Pause)
[2025-08-01T02:36:55.243+0000] GC(1202) Using 8 workers of 8 for evacuation
[2025-08-01T02:36:55.282+0000] GC(1202)   Pre Evacuate Collection Set: 0.1ms
[2025-08-01T02:36:55.282+0000] GC(1202)   Evacuate Collection Set: 37.7ms
[2025-08-01T02:36:55.282+0000] GC(1202)   Post Evacuate Collection Set: 0.6ms
[2025-08-01T02:36:55.282+0000] GC(1202)   Other: 0.3ms
[2025-08-01T02:36:55.282+0000] GC(1202) Eden regions: 89->0(89)
[2025-08-01T02:36:55.282+0000] GC(1202) Survivor regions: 13->13(13)
[2025-08-01T02:36:55.282+0000] GC(1202) Old regions: 1765->1856
[2025-08-01T02:36:55.282+0000] GC(1202) Humongous regions: 0->0
[2025-08-01T02:36:55.282+0000] GC(1202) Metaspace: 9706K(12544K)->9706K(12544K) NonClass: 8540K(11008K)->8540K(11008K) Class: 1166K(1536K)->1166K(1536K)
[2025-08-01T02:36:55.282+0000] GC(1202) Pause Young (Normal) (G1 Evacuation Pause) 3731M->3734M(4096M) 38.868ms
[2025-08-01T02:36:55.282+0000] GC(1202) User=0.29s Sys=0.00s Real=0.03s
[2025-08-01T02:36:55.334+0000] GC(1198) Concurrent Mark From Roots 407.961ms
[2025-08-01T02:36:55.334+0000] GC(1198) Concurrent Preclean
[2025-08-01T02:36:55.335+0000] GC(1198) Concurrent Preclean 0.432ms
[2025-08-01T02:36:55.335+0000] GC(1198) Concurrent Mark (153.922s, 154.330s) 408.471ms
[2025-08-01T02:36:55.335+0000] GC(1198) Pause Remark
[2025-08-01T02:36:55.338+0000] GC(1198) Cleaned string and symbol table, strings: 2833 processed, 0 removed, symbols: 23489 processed, 0 removed
[2025-08-01T02:36:55.339+0000] GC(1198) Pause Remark 3878M->2266M(4096M) 3.363ms
[2025-08-01T02:36:55.339+0000] GC(1198) User=0.01s Sys=0.00s Real=0.00s
[2025-08-01T02:36:55.339+0000] GC(1198) Concurrent Rebuild Remembered Sets
[2025-08-01T02:36:55.345+0000] GC(1203) Pause Young (Normal) (G1 Evacuation Pause)
[2025-08-01T02:36:55.345+0000] GC(1203) Using 8 workers of 8 for evacuation
[2025-08-01T02:36:55.370+0000] GC(1203)   Pre Evacuate Collection Set: 0.1ms
[2025-08-01T02:36:55.371+0000] GC(1203)   Evacuate Collection Set: 24.6ms
[2025-08-01T02:36:55.371+0000] GC(1203)   Post Evacuate Collection Set: 0.7ms
[2025-08-01T02:36:55.371+0000] GC(1203)   Other: 0.3ms
[2025-08-01T02:36:55.371+0000] GC(1203) Eden regions: 89->0(230)
[2025-08-01T02:36:55.371+0000] GC(1203) Survivor regions: 13->13(13)
[2025-08-01T02:36:55.371+0000] GC(1203) Old regions: 1050->1118
[2025-08-01T02:36:55.371+0000] GC(1203) Humongous regions: 0->0
[2025-08-01T02:36:55.371+0000] GC(1203) Metaspace: 9706K(12544K)->9706K(12544K) NonClass: 8540K(11008K)->8540K(11008K) Class: 1166K(1536K)->1166K(1536K)
[2025-08-01T02:36:55.371+0000] GC(1203) Pause Young (Normal) (G1 Evacuation Pause) 2300M->2258M(4096M) 25.865ms
[2025-08-01T02:36:55.371+0000] GC(1203) User=0.20s Sys=0.00s Real=0.02s
[2025-08-01T02:36:55.458+0000] GC(1204) Pause Young (Normal) (G1 Evacuation Pause)
[2025-08-01T02:36:55.458+0000] GC(1204) Using 8 workers of 8 for evacuation
[2025-08-01T02:36:55.531+0000] GC(1204)   Pre Evacuate Collection Set: 0.1ms
[2025-08-01T02:36:55.531+0000] GC(1204)   Evacuate Collection Set: 71.8ms
[2025-08-01T02:36:55.531+0000] GC(1204)   Post Evacuate Collection Set: 0.8ms
[2025-08-01T02:36:55.531+0000] GC(1204)   Other: 0.3ms
[2025-08-01T02:36:55.531+0000] GC(1204) Eden regions: 230->0(152)
[2025-08-01T02:36:55.531+0000] GC(1204) Survivor regions: 13->31(31)
[2025-08-01T02:36:55.531+0000] GC(1204) Old regions: 1118->1332
[2025-08-01T02:36:55.531+0000] GC(1204) Humongous regions: 0->0
[2025-08-01T02:36:55.531+0000] GC(1204) Metaspace: 9706K(12544K)->9706K(12544K) NonClass: 8540K(11008K)->8540K(11008K) Class: 1166K(1536K)->1166K(1536K)
[2025-08-01T02:36:55.531+0000] GC(1204) Pause Young (Normal) (G1 Evacuation Pause) 2718M->2722M(4096M) 73.190ms
[2025-08-01T02:36:55.531+0000] GC(1204) User=0.54s Sys=0.00s Real=0.07s
[2025-08-01T02:36:55.604+0000] GC(1205) Pause Young (Normal) (G1 Evacuation Pause)
[2025-08-01T02:36:55.605+0000] GC(1205) Using 8 workers of 8 for evacuation
[2025-08-01T02:36:55.681+0000] GC(1205)   Pre Evacuate Collection Set: 0.1ms
[2025-08-01T02:36:55.681+0000] GC(1205)   Evacuate Collection Set: 75.5ms
[2025-08-01T02:36:55.681+0000] GC(1205)   Post Evacuate Collection Set: 0.8ms
[2025-08-01T02:36:55.681+0000] GC(1205)   Other: 0.4ms
[2025-08-01T02:36:55.681+0000] GC(1205) Eden regions: 152->0(109)
[2025-08-01T02:36:55.681+0000] GC(1205) Survivor regions: 31->23(23)
[2025-08-01T02:36:55.681+0000] GC(1205) Old regions: 1332->1472
[2025-08-01T02:36:55.681+0000] GC(1205) Humongous regions: 0->0
[2025-08-01T02:36:55.681+0000] GC(1205) Metaspace: 9706K(12544K)->9706K(12544K) NonClass: 8540K(11008K)->8540K(11008K) Class: 1166K(1536K)->1166K(1536K)
[2025-08-01T02:36:55.681+0000] GC(1205) Pause Young (Normal) (G1 Evacuation Pause) 3026M->2987M(4096M) 76.986ms
[2025-08-01T02:36:55.681+0000] GC(1205) User=0.56s Sys=0.02s Real=0.07s
[2025-08-01T02:36:55.703+0000] GC(1206) Pause Young (Normal) (G1 Evacuation Pause)
[2025-08-01T02:36:55.703+0000] GC(1206) Using 8 workers of 8 for evacuation
[2025-08-01T02:36:55.745+0000] GC(1206)   Pre Evacuate Collection Set: 0.1ms
[2025-08-01T02:36:55.745+0000] GC(1206)   Evacuate Collection Set: 40.5ms
[2025-08-01T02:36:55.745+0000] GC(1206)   Post Evacuate Collection Set: 0.6ms
[2025-08-01T02:36:55.745+0000] GC(1206)   Other: 0.4ms
[2025-08-01T02:36:55.745+0000] GC(1206) Eden regions: 109->0(85)
[2025-08-01T02:36:55.745+0000] GC(1206) Survivor regions: 23->17(17)
[2025-08-01T02:36:55.745+0000] GC(1206) Old regions: 1472->1589
[2025-08-01T02:36:55.745+0000] GC(1206) Humongous regions: 0->0
[2025-08-01T02:36:55.745+0000] GC(1206) Metaspace: 9706K(12544K)->9706K(12544K) NonClass: 8540K(11008K)->8540K(11008K) Class: 1166K(1536K)->1166K(1536K)
[2025-08-01T02:36:55.745+0000] GC(1206) Pause Young (Normal) (G1 Evacuation Pause) 3205M->3208M(4096M) 41.739ms
[2025-08-01T02:36:55.745+0000] GC(1206) User=0.32s Sys=0.00s Real=0.04s
[2025-08-01T02:36:55.805+0000] GC(1207) Pause Young (Normal) (G1 Evacuation Pause)
[2025-08-01T02:36:55.805+0000] GC(1207) Using 8 workers of 8 for evacuation
[2025-08-01T02:36:55.839+0000] GC(1207)   Pre Evacuate Collection Set: 0.1ms
[2025-08-01T02:36:55.839+0000] GC(1207)   Evacuate Collection Set: 32.9ms
[2025-08-01T02:36:55.839+0000] GC(1207)   Post Evacuate Collection Set: 0.6ms
[2025-08-01T02:36:55.839+0000] GC(1207)   Other: 0.3ms
[2025-08-01T02:36:55.839+0000] GC(1207) Eden regions: 85->0(89)
[2025-08-01T02:36:55.839+0000] GC(1207) Survivor regions: 17->13(13)
[2025-08-01T02:36:55.839+0000] GC(1207) Old regions: 1589->1662
[2025-08-01T02:36:55.839+0000] GC(1207) Humongous regions: 0->0
[2025-08-01T02:36:55.839+0000] GC(1207) Metaspace: 9706K(12544K)->9706K(12544K) NonClass: 8540K(11008K)->8540K(11008K) Class: 1166K(1536K)->1166K(1536K)
[2025-08-01T02:36:55.839+0000] GC(1207) Pause Young (Normal) (G1 Evacuation Pause) 3378M->3346M(4096M) 34.108ms
[2025-08-01T02:36:55.839+0000] GC(1207) User=0.26s Sys=0.00s Real=0.03s
[2025-08-01T02:36:55.856+0000] GC(1208) Pause Young (Normal) (G1 Evacuation Pause)
[2025-08-01T02:36:55.856+0000] GC(1208) Using 8 workers of 8 for evacuation
[2025-08-01T02:36:55.896+0000] GC(1208)   Pre Evacuate Collection Set: 0.1ms
[2025-08-01T02:36:55.896+0000] GC(1208)   Evacuate Collection Set: 39.1ms
[2025-08-01T02:36:55.896+0000] GC(1208)   Post Evacuate Collection Set: 0.5ms
[2025-08-01T02:36:55.896+0000] GC(1208)   Other: 0.3ms
[2025-08-01T02:36:55.896+0000] GC(1208) Eden regions: 89->0(89)
[2025-08-01T02:36:55.896+0000] GC(1208) Survivor regions: 13->13(13)
[2025-08-01T02:36:55.896+0000] GC(1208) Old regions: 1662->1753
[2025-08-01T02:36:55.896+0000] GC(1208) Humongous regions: 0->0
[2025-08-01T02:36:55.896+0000] GC(1208) Metaspace: 9706K(12544K)->9706K(12544K) NonClass: 8540K(11008K)->8540K(11008K) Class: 1166K(1536K)->1166K(1536K)
[2025-08-01T02:36:55.896+0000] GC(1208) Pause Young (Normal) (G1 Evacuation Pause) 3524M->3528M(4096M) 40.027ms
[2025-08-01T02:36:55.896+0000] GC(1208) User=0.30s Sys=0.00s Real=0.04s
[2025-08-01T02:36:55.925+0000] GC(1198) Concurrent Rebuild Remembered Sets 586.472ms
[2025-08-01T02:36:55.926+0000] GC(1198) Pause Cleanup
[2025-08-01T02:36:55.927+0000] GC(1198) Pause Cleanup 3702M->3702M(4096M) 0.924ms
[2025-08-01T02:36:55.927+0000] GC(1198) User=0.00s Sys=0.00s Real=0.00s
[2025-08-01T02:36:55.927+0000] GC(1198) Concurrent Cleanup for Next Mark
[2025-08-01T02:36:55.934+0000] GC(1198) Concurrent Cleanup for Next Mark 7.425ms
[2025-08-01T02:36:55.934+0000] GC(1198) Concurrent Cycle 1012.912ms
[2025-08-01T02:36:55.960+0000] GC(1209) Pause Young (Prepare Mixed) (G1 Evacuation Pause)
[2025-08-01T02:36:55.960+0000] GC(1209) Using 8 workers of 8 for evacuation
[2025-08-01T02:36:55.993+0000] GC(1209)   Pre Evacuate Collection Set: 0.1ms
[2025-08-01T02:36:55.993+0000] GC(1209)   Evacuate Collection Set: 32.5ms
[2025-08-01T02:36:55.993+0000] GC(1209)   Post Evacuate Collection Set: 0.6ms
[2025-08-01T02:36:55.993+0000] GC(1209)   Other: 0.2ms
[2025-08-01T02:36:55.993+0000] GC(1209) Eden regions: 89->0(89)
[2025-08-01T02:36:55.993+0000] GC(1209) Survivor regions: 13->13(13)
[2025-08-01T02:36:55.994+0000] GC(1209) Old regions: 1753->1817
[2025-08-01T02:36:55.994+0000] GC(1209) Humongous regions: 0->0
[2025-08-01T02:36:55.994+0000] GC(1209) Metaspace: 9706K(12544K)->9706K(12544K) NonClass: 8540K(11008K)->8540K(11008K) Class: 1166K(1536K)->1166K(1536K)
[2025-08-01T02:36:55.994+0000] GC(1209) Pause Young (Prepare Mixed) (G1 Evacuation Pause) 3706M->3656M(4096M) 33.638ms
[2025-08-01T02:36:55.994+0000] GC(1209) User=0.26s Sys=0.00s Real=0.04s
[2025-08-01T02:36:56.008+0000] GC(1210) Pause Young (Mixed) (G1 Evacuation Pause)
[2025-08-01T02:36:56.008+0000] GC(1210) Using 8 workers of 8 for evacuation
[2025-08-01T02:36:56.040+0000] GC(1210)   Pre Evacuate Collection Set: 0.2ms
[2025-08-01T02:36:56.040+0000] GC(1210)   Evacuate Collection Set: 30.4ms
[2025-08-01T02:36:56.040+0000] GC(1210)   Post Evacuate Collection Set: 0.7ms
[2025-08-01T02:36:56.040+0000] GC(1210)   Other: 0.5ms
[2025-08-01T02:36:56.040+0000] GC(1210) Eden regions: 89->0(89)
[2025-08-01T02:36:56.040+0000] GC(1210) Survivor regions: 13->13(13)
[2025-08-01T02:36:56.040+0000] GC(1210) Old regions: 1817->1791
[2025-08-01T02:36:56.040+0000] GC(1210) Humongous regions: 0->0
[2025-08-01T02:36:56.040+0000] GC(1210) Metaspace: 9706K(12544K)->9706K(12544K) NonClass: 8540K(11008K)->8540K(11008K) Class: 1166K(1536K)->1166K(1536K)
[2025-08-01T02:36:56.040+0000] GC(1210) Pause Young (Mixed) (G1 Evacuation Pause) 3834M->3605M(4096M) 32.017ms
[2025-08-01T02:36:56.040+0000] GC(1210) User=0.25s Sys=0.00s Real=0.03s
[2025-08-01T02:36:56.057+0000] GC(1211) Pause Young (Concurrent Start) (G1 Evacuation Pause)
[2025-08-01T02:36:56.057+0000] GC(1211) Using 8 workers of 8 for evacuation
[2025-08-01T02:36:56.083+0000] GC(1211)   Pre Evacuate Collection Set: 0.1ms
[2025-08-01T02:36:56.083+0000] GC(1211)   Evacuate Collection Set: 25.3ms
[2025-08-01T02:36:56.083+0000] GC(1211)   Post Evacuate Collection Set: 0.9ms
[2025-08-01T02:36:56.084+0000] GC(1211)   Other: 0.5ms
[2025-08-01T02:36:56.084+0000] GC(1211) Eden regions: 89->0(89)
[2025-08-01T02:36:56.084+0000] GC(1211) Survivor regions: 13->13(13)
[2025-08-01T02:36:56.084+0000] GC(1211) Old regions: 1791->1857
[2025-08-01T02:36:56.084+0000] GC(1211) Humongous regions: 0->0
[2025-08-01T02:36:56.084+0000] GC(1211) Metaspace: 9706K(12544K)->9706K(12544K) NonClass: 8540K(11008K)->8540K(11008K) Class: 1166K(1536K)->1166K(1536K)
[2025-08-01T02:36:56.084+0000] GC(1211) Pause Young (Concurrent Start) (G1 Evacuation Pause) 3783M->3736M(4096M) 27.041ms
[2025-08-01T02:36:56.084+0000] GC(1211) User=0.20s Sys=0.00s Real=0.03s
[2025-08-01T02:36:56.084+0000] GC(1212) Concurrent Cycle
[2025-08-01T02:36:56.084+0000] GC(1212) Concurrent Clear Claimed Marks
[2025-08-01T02:36:56.084+0000] GC(1212) Concurrent Clear Claimed Marks 0.107ms
[2025-08-01T02:36:56.084+0000] GC(1212) Concurrent Scan Root Regions
[2025-08-01T02:36:56.086+0000] GC(1212) Concurrent Scan Root Regions 2.305ms
[2025-08-01T02:36:56.086+0000] GC(1212) Concurrent Mark (155.082s)
[2025-08-01T02:36:56.086+0000] GC(1212) Concurrent Mark From Roots
[2025-08-01T02:36:56.086+0000] GC(1212) Using 2 workers of 2 for marking
[2025-08-01T02:36:56.123+0000] GC(1213) Pause Young (Normal) (G1 Evacuation Pause)
[2025-08-01T02:36:56.123+0000] GC(1213) Using 8 workers of 8 for evacuation
[2025-08-01T02:36:56.165+0000] GC(1213) To-space exhausted
[2025-08-01T02:36:56.165+0000] GC(1213)   Pre Evacuate Collection Set: 0.2ms
[2025-08-01T02:36:56.165+0000] GC(1213)   Evacuate Collection Set: 37.4ms
[2025-08-01T02:36:56.165+0000] GC(1213)   Post Evacuate Collection Set: 4.2ms
[2025-08-01T02:36:56.165+0000] GC(1213)   Other: 0.3ms
[2025-08-01T02:36:56.165+0000] GC(1213) Eden regions: 89->0(89)
[2025-08-01T02:36:56.165+0000] GC(1213) Survivor regions: 13->13(13)
[2025-08-01T02:36:56.165+0000] GC(1213) Old regions: 1857->1956
[2025-08-01T02:36:56.165+0000] GC(1213) Humongous regions: 0->0
[2025-08-01T02:36:56.165+0000] GC(1213) Metaspace: 9706K(12544K)->9706K(12544K) NonClass: 8540K(11008K)->8540K(11008K) Class: 1166K(1536K)->1166K(1536K)
[2025-08-01T02:36:56.165+0000] GC(1213) Pause Young (Normal) (G1 Evacuation Pause) 3914M->3935M(4096M) 42.311ms
[2025-08-01T02:36:56.165+0000] GC(1213) User=0.31s Sys=0.01s Real=0.05s
[2025-08-01T02:36:56.183+0000] GC(1214) Pause Young (Normal) (G1 Evacuation Pause)
[2025-08-01T02:36:56.183+0000] GC(1214) Using 8 workers of 8 for evacuation
[2025-08-01T02:36:56.208+0000] GC(1214) To-space exhausted
[2025-08-01T02:36:56.208+0000] GC(1214)   Pre Evacuate Collection Set: 0.1ms
[2025-08-01T02:36:56.208+0000] GC(1214)   Evacuate Collection Set: 15.0ms
[2025-08-01T02:36:56.208+0000] GC(1214)   Post Evacuate Collection Set: 9.1ms
[2025-08-01T02:36:56.208+0000] GC(1214)   Other: 0.3ms
[2025-08-01T02:36:56.208+0000] GC(1214) Eden regions: 79->0(102)
[2025-08-01T02:36:56.208+0000] GC(1214) Survivor regions: 13->0(13)
[2025-08-01T02:36:56.208+0000] GC(1214) Old regions: 1956->2048
[2025-08-01T02:36:56.208+0000] GC(1214) Humongous regions: 0->0
[2025-08-01T02:36:56.208+0000] GC(1214) Metaspace: 9706K(12544K)->9706K(12544K) NonClass: 8540K(11008K)->8540K(11008K) Class: 1166K(1536K)->1166K(1536K)
[2025-08-01T02:36:56.208+0000] GC(1214) Pause Young (Normal) (G1 Evacuation Pause) 4093M->4093M(4096M) 24.580ms
[2025-08-01T02:36:56.208+0000] GC(1214) User=0.17s Sys=0.00s Real=0.02s
[2025-08-01T02:36:56.208+0000] GC(1215) Using 8 workers of 8 for full compaction
[2025-08-01T02:36:56.208+0000] GC(1215) Pause Full (G1 Evacuation Pause)
[2025-08-01T02:36:56.214+0000] GC(1215) Phase 1: Mark live objects
[2025-08-01T02:36:56.236+0000] GC(1215) Cleaned string and symbol table, strings: 2833 processed, 0 removed, symbols: 23489 processed, 0 removed
[2025-08-01T02:36:56.236+0000] GC(1215) Phase 1: Mark live objects 22.239ms
[2025-08-01T02:36:56.236+0000] GC(1215) Phase 2: Prepare for compaction
[2025-08-01T02:36:56.269+0000] GC(1215) Phase 2: Prepare for compaction 32.506ms
[2025-08-01T02:36:56.269+0000] GC(1215) Phase 3: Adjust pointers
[2025-08-01T02:36:56.300+0000] GC(1215) Phase 3: Adjust pointers 31.437ms
[2025-08-01T02:36:56.300+0000] GC(1215) Phase 4: Compact heap
[2025-08-01T02:36:56.391+0000] GC(1215) Phase 4: Compact heap 90.641ms
[2025-08-01T02:36:56.393+0000] GC(1215) Eden regions: 0->0(524)
[2025-08-01T02:36:56.393+0000] GC(1215) Survivor regions: 0->0(13)
[2025-08-01T02:36:56.393+0000] GC(1215) Old regions: 2048->276
[2025-08-01T02:36:56.393+0000] GC(1215) Humongous regions: 0->0
[2025-08-01T02:36:56.393+0000] GC(1215) Metaspace: 9706K(12544K)->9706K(12544K) NonClass: 8540K(11008K)->8540K(11008K) Class: 1166K(1536K)->1166K(1536K)
[2025-08-01T02:36:56.393+0000] GC(1215) Pause Full (G1 Evacuation Pause) 4093M->545M(4096M) 184.901ms
[2025-08-01T02:36:56.393+0000] GC(1215) User=1.28s Sys=0.04s Real=0.19s
[2025-08-01T02:36:56.394+0000] GC(1212) Concurrent Mark From Roots 307.418ms
[2025-08-01T02:36:56.394+0000] GC(1212) Concurrent Mark Abort
[2025-08-01T02:36:56.394+0000] GC(1212) Concurrent Cycle 309.991ms
[2025-08-01T02:36:56.599+0000] GC(1216) Pause Young (Normal) (G1 Evacuation Pause)
[2025-08-01T02:36:56.599+0000] GC(1216) Using 8 workers of 8 for evacuation
[2025-08-01T02:36:56.790+0000] GC(1216)   Pre Evacuate Collection Set: 0.1ms
[2025-08-01T02:36:56.790+0000] GC(1216)   Evacuate Collection Set: 188.8ms
[2025-08-01T02:36:56.790+0000] GC(1216)   Post Evacuate Collection Set: 1.2ms
[2025-08-01T02:36:56.790+0000] GC(1216)   Other: 0.4ms
[2025-08-01T02:36:56.790+0000] GC(1216) Eden regions: 524->0(373)
[2025-08-01T02:36:56.790+0000] GC(1216) Survivor regions: 0->66(66)
[2025-08-01T02:36:56.790+0000] GC(1216) Old regions: 276->644
[2025-08-01T02:36:56.790+0000] GC(1216) Humongous regions: 0->0
[2025-08-01T02:36:56.790+0000] GC(1216) Metaspace: 9706K(12544K)->9706K(12544K) NonClass: 8540K(11008K)->8540K(11008K) Class: 1166K(1536K)->1166K(1536K)
[2025-08-01T02:36:56.790+0000] GC(1216) Pause Young (Normal) (G1 Evacuation Pause) 1593M->1412M(4096M) 190.670ms
[2025-08-01T02:36:56.790+0000] GC(1216) User=1.44s Sys=0.04s Real=0.19s
[2025-08-01T02:36:56.956+0000] GC(1217) Pause Young (Concurrent Start) (G1 Evacuation Pause)
[2025-08-01T02:36:56.956+0000] GC(1217) Using 8 workers of 8 for evacuation
[2025-08-01T02:36:57.101+0000] GC(1217)   Pre Evacuate Collection Set: 0.1ms
[2025-08-01T02:36:57.101+0000] GC(1217)   Evacuate Collection Set: 142.6ms
[2025-08-01T02:36:57.101+0000] GC(1217)   Post Evacuate Collection Set: 1.4ms
[2025-08-01T02:36:57.101+0000] GC(1217)   Other: 0.8ms
[2025-08-01T02:36:57.101+0000] GC(1217) Eden regions: 373->0(341)
[2025-08-01T02:36:57.101+0000] GC(1217) Survivor regions: 66->55(55)
[2025-08-01T02:36:57.101+0000] GC(1217) Old regions: 644->800
[2025-08-01T02:36:57.101+0000] GC(1217) Humongous regions: 0->0
[2025-08-01T02:36:57.101+0000] GC(1217) Metaspace: 9706K(12544K)->9706K(12544K) NonClass: 8540K(11008K)->8540K(11008K) Class: 1166K(1536K)->1166K(1536K)
[2025-08-01T02:36:57.101+0000] GC(1217) Pause Young (Concurrent Start) (G1 Evacuation Pause) 2158M->1703M(4096M) 145.235ms
[2025-08-01T02:36:57.101+0000] GC(1217) User=1.07s Sys=0.03s Real=0.14s
[2025-08-01T02:36:57.101+0000] GC(1218) Concurrent Cycle
[2025-08-01T02:36:57.101+0000] GC(1218) Concurrent Clear Claimed Marks
[2025-08-01T02:36:57.101+0000] GC(1218) Concurrent Clear Claimed Marks 0.070ms
[2025-08-01T02:36:57.101+0000] GC(1218) Concurrent Scan Root Regions
[2025-08-01T02:36:57.116+0000] GC(1218) Concurrent Scan Root Regions 14.363ms
[2025-08-01T02:36:57.116+0000] GC(1218) Concurrent Mark (156.111s)
[2025-08-01T02:36:57.116+0000] GC(1218) Concurrent Mark From Roots
[2025-08-01T02:36:57.116+0000] GC(1218) Using 2 workers of 2 for marking
[2025-08-01T02:36:57.205+0000] GC(1218) Concurrent Mark From Roots 88.757ms
[2025-08-01T02:36:57.205+0000] GC(1218) Concurrent Preclean
[2025-08-01T02:36:57.205+0000] GC(1218) Concurrent Preclean 0.420ms
[2025-08-01T02:36:57.205+0000] GC(1218) Concurrent Mark (156.111s, 156.201s) 89.324ms
[2025-08-01T02:36:57.206+0000] GC(1218) Pause Remark
[2025-08-01T02:36:57.208+0000] GC(1218) Cleaned string and symbol table, strings: 2833 processed, 0 removed, symbols: 23489 processed, 0 removed
[2025-08-01T02:36:57.210+0000] GC(1218) Pause Remark 2322M->1320M(4096M) 4.306ms
[2025-08-01T02:36:57.210+0000] GC(1218) User=0.02s Sys=0.00s Real=0.00s
[2025-08-01T02:36:57.210+0000] GC(1218) Concurrent Rebuild Remembered Sets
[2025-08-01T02:36:57.255+0000] GC(1219) Pause Young (Normal) (G1 Evacuation Pause)
[2025-08-01T02:36:57.255+0000] GC(1219) Using 8 workers of 8 for evacuation
[2025-08-01T02:36:57.354+0000] GC(1219)   Pre Evacuate Collection Set: 0.1ms
[2025-08-01T02:36:57.354+0000] GC(1219)   Evacuate Collection Set: 97.0ms
[2025-08-01T02:36:57.354+0000] GC(1219)   Post Evacuate Collection Set: 1.3ms
[2025-08-01T02:36:57.354+0000] GC(1219)   Other: 0.3ms
[2025-08-01T02:36:57.354+0000] GC(1219) Eden regions: 341->0(445)
[2025-08-01T02:36:57.354+0000] GC(1219) Survivor regions: 55->50(50)
[2025-08-01T02:36:57.354+0000] GC(1219) Old regions: 297->538
[2025-08-01T02:36:57.354+0000] GC(1219) Humongous regions: 0->0
[2025-08-01T02:36:57.354+0000] GC(1219) Metaspace: 9706K(12544K)->9706K(12544K) NonClass: 8540K(11008K)->8540K(11008K) Class: 1166K(1536K)->1166K(1536K)
[2025-08-01T02:36:57.354+0000] GC(1219) Pause Young (Normal) (G1 Evacuation Pause) 1383M->1172M(4096M) 98.804ms
[2025-08-01T02:36:57.354+0000] GC(1219) User=0.75s Sys=0.01s Real=0.10s
[2025-08-01T02:36:57.391+0000] GC(1218) Concurrent Rebuild Remembered Sets 180.972ms
[2025-08-01T02:36:57.391+0000] GC(1218) Pause Cleanup
[2025-08-01T02:36:57.392+0000] GC(1218) Pause Cleanup 1532M->1532M(4096M) 0.575ms
[2025-08-01T02:36:57.392+0000] GC(1218) User=0.00s Sys=0.00s Real=0.00s
[2025-08-01T02:36:57.392+0000] GC(1218) Concurrent Cleanup for Next Mark
[2025-08-01T02:36:57.401+0000] GC(1218) Concurrent Cleanup for Next Mark 8.465ms
[2025-08-01T02:36:57.401+0000] GC(1218) Concurrent Cycle 299.461ms
[2025-08-01T02:36:57.534+0000] GC(1220) Pause Young (Normal) (G1 Evacuation Pause)
[2025-08-01T02:36:57.534+0000] GC(1220) Using 8 workers of 8 for evacuation
[2025-08-01T02:36:57.711+0000] GC(1220)   Pre Evacuate Collection Set: 0.2ms
[2025-08-01T02:36:57.711+0000] GC(1220)   Evacuate Collection Set: 175.5ms
[2025-08-01T02:36:57.711+0000] GC(1220)   Post Evacuate Collection Set: 1.2ms
[2025-08-01T02:36:57.711+0000] GC(1220)   Other: 0.3ms
[2025-08-01T02:36:57.711+0000] GC(1220) Eden regions: 445->0(364)
[2025-08-01T02:36:57.711+0000] GC(1220) Survivor regions: 50->62(62)
[2025-08-01T02:36:57.711+0000] GC(1220) Old regions: 538->760
[2025-08-01T02:36:57.711+0000] GC(1220) Humongous regions: 0->0
[2025-08-01T02:36:57.711+0000] GC(1220) Metaspace: 9706K(12544K)->9706K(12544K) NonClass: 8540K(11008K)->8540K(11008K) Class: 1166K(1536K)->1166K(1536K)
[2025-08-01T02:36:57.711+0000] GC(1220) Pause Young (Normal) (G1 Evacuation Pause) 2062M->1640M(4096M) 177.342ms
[2025-08-01T02:36:57.711+0000] GC(1220) User=1.34s Sys=0.04s Real=0.17s
[2025-08-01T02:36:57.874+0000] GC(1221) Pause Young (Concurrent Start) (G1 Evacuation Pause)
[2025-08-01T02:36:57.874+0000] GC(1221) Using 8 workers of 8 for evacuation
[2025-08-01T02:36:58.003+0000] GC(1221)   Pre Evacuate Collection Set: 0.1ms
[2025-08-01T02:36:58.003+0000] GC(1221)   Evacuate Collection Set: 126.9ms
[2025-08-01T02:36:58.003+0000] GC(1221)   Post Evacuate Collection Set: 1.1ms
[2025-08-01T02:36:58.003+0000] GC(1221)   Other: 0.4ms
[2025-08-01T02:36:58.003+0000] GC(1221) Eden regions: 364->0(228)
[2025-08-01T02:36:58.003+0000] GC(1221) Survivor regions: 62->54(54)
[2025-08-01T02:36:58.003+0000] GC(1221) Old regions: 760->1091
[2025-08-01T02:36:58.003+0000] GC(1221) Humongous regions: 0->0
[2025-08-01T02:36:58.003+0000] GC(1221) Metaspace: 9706K(12544K)->9706K(12544K) NonClass: 8540K(11008K)->8540K(11008K) Class: 1166K(1536K)->1166K(1536K)
[2025-08-01T02:36:58.003+0000] GC(1221) Pause Young (Concurrent Start) (G1 Evacuation Pause) 2368M->2286M(4096M) 128.678ms
[2025-08-01T02:36:58.003+0000] GC(1221) User=0.98s Sys=0.01s Real=0.12s
[2025-08-01T02:36:58.003+0000] GC(1222) Concurrent Cycle
[2025-08-01T02:36:58.003+0000] GC(1222) Concurrent Clear Claimed Marks
[2025-08-01T02:36:58.003+0000] GC(1222) Concurrent Clear Claimed Marks 0.060ms
[2025-08-01T02:36:58.003+0000] GC(1222) Concurrent Scan Root Regions
[2025-08-01T02:36:58.015+0000] GC(1222) Concurrent Scan Root Regions 11.446ms
[2025-08-01T02:36:58.015+0000] GC(1222) Concurrent Mark (157.010s)
[2025-08-01T02:36:58.015+0000] GC(1222) Concurrent Mark From Roots
[2025-08-01T02:36:58.015+0000] GC(1222) Using 2 workers of 2 for marking
[2025-08-01T02:36:58.092+0000] GC(1223) Pause Young (Normal) (G1 Evacuation Pause)
[2025-08-01T02:36:58.092+0000] GC(1223) Using 8 workers of 8 for evacuation
[2025-08-01T02:36:58.182+0000] GC(1223)   Pre Evacuate Collection Set: 0.1ms
[2025-08-01T02:36:58.182+0000] GC(1223)   Evacuate Collection Set: 89.0ms
[2025-08-01T02:36:58.182+0000] GC(1223)   Post Evacuate Collection Set: 0.9ms
[2025-08-01T02:36:58.182+0000] GC(1223)   Other: 0.3ms
[2025-08-01T02:36:58.182+0000] GC(1223) Eden regions: 228->0(163)
[2025-08-01T02:36:58.182+0000] GC(1223) Survivor regions: 54->36(36)
[2025-08-01T02:36:58.182+0000] GC(1223) Old regions: 1091->1299
[2025-08-01T02:36:58.182+0000] GC(1223) Humongous regions: 0->0
[2025-08-01T02:36:58.182+0000] GC(1223) Metaspace: 9706K(12544K)->9706K(12544K) NonClass: 8540K(11008K)->8540K(11008K) Class: 1166K(1536K)->1166K(1536K)
[2025-08-01T02:36:58.183+0000] GC(1223) Pause Young (Normal) (G1 Evacuation Pause) 2742M->2666M(4096M) 90.466ms
[2025-08-01T02:36:58.183+0000] GC(1223) User=0.69s Sys=0.02s Real=0.09s
[2025-08-01T02:36:58.256+0000] GC(1224) Pause Young (Normal) (G1 Evacuation Pause)
[2025-08-01T02:36:58.257+0000] GC(1224) Using 8 workers of 8 for evacuation
[2025-08-01T02:36:58.338+0000] GC(1224)   Pre Evacuate Collection Set: 0.1ms
[2025-08-01T02:36:58.338+0000] GC(1224)   Evacuate Collection Set: 80.3ms
[2025-08-01T02:36:58.338+0000] GC(1224)   Post Evacuate Collection Set: 0.5ms
[2025-08-01T02:36:58.338+0000] GC(1224)   Other: 0.3ms
[2025-08-01T02:36:58.338+0000] GC(1224) Eden regions: 163->0(107)
[2025-08-01T02:36:58.338+0000] GC(1224) Survivor regions: 36->25(25)
[2025-08-01T02:36:58.338+0000] GC(1224) Old regions: 1299->1475
[2025-08-01T02:36:58.338+0000] GC(1224) Humongous regions: 0->0
[2025-08-01T02:36:58.338+0000] GC(1224) Metaspace: 9706K(12544K)->9706K(12544K) NonClass: 8540K(11008K)->8540K(11008K) Class: 1166K(1536K)->1166K(1536K)
[2025-08-01T02:36:58.338+0000] GC(1224) Pause Young (Normal) (G1 Evacuation Pause) 2992M->2996M(4096M) 81.337ms
[2025-08-01T02:36:58.338+0000] GC(1224) User=0.62s Sys=0.01s Real=0.08s
[2025-08-01T02:36:58.360+0000] GC(1225) Pause Young (Normal) (G1 Evacuation Pause)
[2025-08-01T02:36:58.360+0000] GC(1225) Using 8 workers of 8 for evacuation
[2025-08-01T02:36:58.389+0000] GC(1225)   Pre Evacuate Collection Set: 0.1ms
[2025-08-01T02:36:58.389+0000] GC(1225)   Evacuate Collection Set: 27.9ms
[2025-08-01T02:36:58.389+0000] GC(1225)   Post Evacuate Collection Set: 0.7ms
[2025-08-01T02:36:58.389+0000] GC(1225)   Other: 0.3ms
[2025-08-01T02:36:58.389+0000] GC(1225) Eden regions: 107->0(95)
[2025-08-01T02:36:58.389+0000] GC(1225) Survivor regions: 25->17(17)
[2025-08-01T02:36:58.389+0000] GC(1225) Old regions: 1475->1537
[2025-08-01T02:36:58.389+0000] GC(1225) Humongous regions: 0->0
[2025-08-01T02:36:58.389+0000] GC(1225) Metaspace: 9706K(12544K)->9706K(12544K) NonClass: 8540K(11008K)->8540K(11008K) Class: 1166K(1536K)->1166K(1536K)
[2025-08-01T02:36:58.389+0000] GC(1225) Pause Young (Normal) (G1 Evacuation Pause) 3210M->3104M(4096M) 29.078ms
[2025-08-01T02:36:58.389+0000] GC(1225) User=0.22s Sys=0.01s Real=0.03s
[2025-08-01T02:36:58.398+0000] GC(1222) Concurrent Mark From Roots 383.225ms
[2025-08-01T02:36:58.398+0000] GC(1222) Concurrent Preclean
[2025-08-01T02:36:58.398+0000] GC(1222) Concurrent Preclean 0.305ms
[2025-08-01T02:36:58.398+0000] GC(1222) Concurrent Mark (157.010s, 157.394s) 383.620ms
[2025-08-01T02:36:58.399+0000] GC(1222) Pause Remark
[2025-08-01T02:36:58.402+0000] GC(1222) Cleaned string and symbol table, strings: 2833 processed, 0 removed, symbols: 23489 processed, 0 removed
[2025-08-01T02:36:58.403+0000] GC(1222) Pause Remark 3112M->2030M(4096M) 4.608ms
[2025-08-01T02:36:58.403+0000] GC(1222) User=0.02s Sys=0.00s Real=0.01s
[2025-08-01T02:36:58.403+0000] GC(1222) Concurrent Rebuild Remembered Sets
[2025-08-01T02:36:58.426+0000] GC(1226) Pause Young (Normal) (G1 Evacuation Pause)
[2025-08-01T02:36:58.426+0000] GC(1226) Using 8 workers of 8 for evacuation
[2025-08-01T02:36:58.483+0000] GC(1226)   Pre Evacuate Collection Set: 0.1ms
[2025-08-01T02:36:58.483+0000] GC(1226)   Evacuate Collection Set: 56.1ms
[2025-08-01T02:36:58.483+0000] GC(1226)   Post Evacuate Collection Set: 0.7ms
[2025-08-01T02:36:58.483+0000] GC(1226)   Other: 0.3ms
[2025-08-01T02:36:58.483+0000] GC(1226) Eden regions: 95->0(244)
[2025-08-01T02:36:58.483+0000] GC(1226) Survivor regions: 17->14(14)
[2025-08-01T02:36:58.483+0000] GC(1226) Old regions: 996->1084
[2025-08-01T02:36:58.483+0000] GC(1226) Humongous regions: 0->0
[2025-08-01T02:36:58.483+0000] GC(1226) Metaspace: 9706K(12544K)->9706K(12544K) NonClass: 8540K(11008K)->8540K(11008K) Class: 1166K(1536K)->1166K(1536K)
[2025-08-01T02:36:58.483+0000] GC(1226) Pause Young (Normal) (G1 Evacuation Pause) 2212M->2192M(4096M) 57.424ms
[2025-08-01T02:36:58.483+0000] GC(1226) User=0.40s Sys=0.01s Real=0.06s
[2025-08-01T02:36:58.572+0000] GC(1227) Pause Young (Normal) (G1 Evacuation Pause)
[2025-08-01T02:36:58.572+0000] GC(1227) Using 8 workers of 8 for evacuation
[2025-08-01T02:36:58.662+0000] GC(1227)   Pre Evacuate Collection Set: 0.1ms
[2025-08-01T02:36:58.662+0000] GC(1227)   Evacuate Collection Set: 88.1ms
[2025-08-01T02:36:58.662+0000] GC(1227)   Post Evacuate Collection Set: 0.8ms
[2025-08-01T02:36:58.662+0000] GC(1227)   Other: 0.3ms
[2025-08-01T02:36:58.662+0000] GC(1227) Eden regions: 244->0(158)
[2025-08-01T02:36:58.662+0000] GC(1227) Survivor regions: 14->33(33)
[2025-08-01T02:36:58.662+0000] GC(1227) Old regions: 1084->1310
[2025-08-01T02:36:58.662+0000] GC(1227) Humongous regions: 0->0
[2025-08-01T02:36:58.662+0000] GC(1227) Metaspace: 9706K(12544K)->9706K(12544K) NonClass: 8540K(11008K)->8540K(11008K) Class: 1166K(1536K)->1166K(1536K)
[2025-08-01T02:36:58.662+0000] GC(1227) Pause Young (Normal) (G1 Evacuation Pause) 2680M->2683M(4096M) 89.425ms
[2025-08-01T02:36:58.662+0000] GC(1227) User=0.68s Sys=0.02s Real=0.09s
[2025-08-01T02:36:58.733+0000] GC(1228) Pause Young (Normal) (G1 Evacuation Pause)
[2025-08-01T02:36:58.733+0000] GC(1228) Using 8 workers of 8 for evacuation
[2025-08-01T02:36:58.783+0000] GC(1228)   Pre Evacuate Collection Set: 0.1ms
[2025-08-01T02:36:58.783+0000] GC(1228)   Evacuate Collection Set: 49.3ms
[2025-08-01T02:36:58.783+0000] GC(1228)   Post Evacuate Collection Set: 1.0ms
[2025-08-01T02:36:58.783+0000] GC(1228)   Other: 0.3ms
[2025-08-01T02:36:58.783+0000] GC(1228) Eden regions: 158->0(128)
[2025-08-01T02:36:58.783+0000] GC(1228) Survivor regions: 33->24(24)
[2025-08-01T02:36:58.783+0000] GC(1228) Old regions: 1310->1426
[2025-08-01T02:36:58.783+0000] GC(1228) Humongous regions: 0->0
[2025-08-01T02:36:58.783+0000] GC(1228) Metaspace: 9706K(12544K)->9706K(12544K) NonClass: 8540K(11008K)->8540K(11008K) Class: 1166K(1536K)->1166K(1536K)
[2025-08-01T02:36:58.784+0000] GC(1228) Pause Young (Normal) (G1 Evacuation Pause) 2999M->2896M(4096M) 50.866ms
[2025-08-01T02:36:58.784+0000] GC(1228) User=0.38s Sys=0.01s Real=0.06s
[2025-08-01T02:36:58.808+0000] GC(1229) Pause Young (Normal) (G1 Evacuation Pause)
[2025-08-01T02:36:58.809+0000] GC(1229) Using 8 workers of 8 for evacuation
[2025-08-01T02:36:58.867+0000] GC(1229)   Pre Evacuate Collection Set: 0.1ms
[2025-08-01T02:36:58.867+0000] GC(1229)   Evacuate Collection Set: 57.1ms
[2025-08-01T02:36:58.867+0000] GC(1229)   Post Evacuate Collection Set: 0.7ms
[2025-08-01T02:36:58.867+0000] GC(1229)   Other: 0.3ms
[2025-08-01T02:36:58.867+0000] GC(1229) Eden regions: 128->0(83)
[2025-08-01T02:36:58.867+0000] GC(1229) Survivor regions: 24->19(19)
[2025-08-01T02:36:58.867+0000] GC(1229) Old regions: 1426->1561
[2025-08-01T02:36:58.867+0000] GC(1229) Humongous regions: 0->0
[2025-08-01T02:36:58.867+0000] GC(1229) Metaspace: 9706K(12544K)->9706K(12544K) NonClass: 8540K(11008K)->8540K(11008K) Class: 1166K(1536K)->1166K(1536K)
[2025-08-01T02:36:58.867+0000] GC(1229) Pause Young (Normal) (G1 Evacuation Pause) 3152M->3156M(4096M) 58.415ms
[2025-08-01T02:36:58.867+0000] GC(1229) User=0.43s Sys=0.02s Real=0.06s
[2025-08-01T02:36:58.885+0000] GC(1230) Pause Young (Normal) (G1 Evacuation Pause)
[2025-08-01T02:36:58.885+0000] GC(1230) Using 8 workers of 8 for evacuation
[2025-08-01T02:36:58.919+0000] GC(1230)   Pre Evacuate Collection Set: 0.1ms
[2025-08-01T02:36:58.919+0000] GC(1230)   Evacuate Collection Set: 32.9ms
[2025-08-01T02:36:58.919+0000] GC(1230)   Post Evacuate Collection Set: 0.8ms
[2025-08-01T02:36:58.919+0000] GC(1230)   Other: 0.2ms
[2025-08-01T02:36:58.919+0000] GC(1230) Eden regions: 83->0(89)
[2025-08-01T02:36:58.919+0000] GC(1230) Survivor regions: 19->13(13)
[2025-08-01T02:36:58.919+0000] GC(1230) Old regions: 1561->1651
[2025-08-01T02:36:58.919+0000] GC(1230) Humongous regions: 0->0
[2025-08-01T02:36:58.919+0000] GC(1230) Metaspace: 9706K(12544K)->9706K(12544K) NonClass: 8540K(11008K)->8540K(11008K) Class: 1166K(1536K)->1166K(1536K)
[2025-08-01T02:36:58.919+0000] GC(1230) Pause Young (Normal) (G1 Evacuation Pause) 3322M->3324M(4096M) 34.144ms
[2025-08-01T02:36:58.919+0000] GC(1230) User=0.26s Sys=0.00s Real=0.03s
[2025-08-01T02:36:58.941+0000] GC(1231) Pause Young (Normal) (G1 Evacuation Pause)
[2025-08-01T02:36:58.941+0000] GC(1231) Using 8 workers of 8 for evacuation
[2025-08-01T02:36:58.975+0000] GC(1231)   Pre Evacuate Collection Set: 0.1ms
[2025-08-01T02:36:58.975+0000] GC(1231)   Evacuate Collection Set: 32.3ms
[2025-08-01T02:36:58.975+0000] GC(1231)   Post Evacuate Collection Set: 1.4ms
[2025-08-01T02:36:58.975+0000] GC(1231)   Other: 0.2ms
[2025-08-01T02:36:58.975+0000] GC(1231) Eden regions: 89->0(89)
[2025-08-01T02:36:58.975+0000] GC(1231) Survivor regions: 13->13(13)
[2025-08-01T02:36:58.975+0000] GC(1231) Old regions: 1651->1742
[2025-08-01T02:36:58.975+0000] GC(1231) Humongous regions: 0->0
[2025-08-01T02:36:58.975+0000] GC(1231) Metaspace: 9706K(12544K)->9706K(12544K) NonClass: 8540K(11008K)->8540K(11008K) Class: 1166K(1536K)->1166K(1536K)
[2025-08-01T02:36:58.975+0000] GC(1231) Pause Young (Normal) (G1 Evacuation Pause) 3502M->3506M(4096M) 34.351ms
[2025-08-01T02:36:58.975+0000] GC(1231) User=0.25s Sys=0.00s Real=0.04s
[2025-08-01T02:36:58.995+0000] GC(1232) Pause Young (Normal) (G1 Evacuation Pause)
[2025-08-01T02:36:58.995+0000] GC(1232) Using 8 workers of 8 for evacuation
[2025-08-01T02:36:59.026+0000] GC(1232)   Pre Evacuate Collection Set: 0.1ms
[2025-08-01T02:36:59.026+0000] GC(1232)   Evacuate Collection Set: 30.1ms
[2025-08-01T02:36:59.026+0000] GC(1232)   Post Evacuate Collection Set: 0.6ms
[2025-08-01T02:36:59.026+0000] GC(1232)   Other: 0.3ms
[2025-08-01T02:36:59.026+0000] GC(1232) Eden regions: 89->0(89)
[2025-08-01T02:36:59.026+0000] GC(1232) Survivor regions: 13->13(13)
[2025-08-01T02:36:59.026+0000] GC(1232) Old regions: 1742->1817
[2025-08-01T02:36:59.026+0000] GC(1232) Humongous regions: 0->0
[2025-08-01T02:36:59.026+0000] GC(1232) Metaspace: 9706K(12544K)->9706K(12544K) NonClass: 8540K(11008K)->8540K(11008K) Class: 1166K(1536K)->1166K(1536K)
[2025-08-01T02:36:59.026+0000] GC(1232) Pause Young (Normal) (G1 Evacuation Pause) 3684M->3657M(4096M) 31.386ms
[2025-08-01T02:36:59.026+0000] GC(1232) User=0.24s Sys=0.00s Real=0.03s
[2025-08-01T02:36:59.050+0000] GC(1233) Pause Young (Normal) (G1 Evacuation Pause)
[2025-08-01T02:36:59.050+0000] GC(1233) Using 8 workers of 8 for evacuation
[2025-08-01T02:36:59.079+0000] GC(1233)   Pre Evacuate Collection Set: 0.1ms
[2025-08-01T02:36:59.079+0000] GC(1233)   Evacuate Collection Set: 27.7ms
[2025-08-01T02:36:59.079+0000] GC(1233)   Post Evacuate Collection Set: 0.5ms
[2025-08-01T02:36:59.079+0000] GC(1233)   Other: 0.3ms
[2025-08-01T02:36:59.079+0000] GC(1233) Eden regions: 89->0(89)
[2025-08-01T02:36:59.079+0000] GC(1233) Survivor regions: 13->13(13)
[2025-08-01T02:36:59.079+0000] GC(1233) Old regions: 1817->1874
[2025-08-01T02:36:59.079+0000] GC(1233) Humongous regions: 0->0
[2025-08-01T02:36:59.079+0000] GC(1233) Metaspace: 9706K(12544K)->9706K(12544K) NonClass: 8540K(11008K)->8540K(11008K) Class: 1166K(1536K)->1166K(1536K)
[2025-08-01T02:36:59.079+0000] GC(1233) Pause Young (Normal) (G1 Evacuation Pause) 3835M->3771M(4096M) 28.809ms
[2025-08-01T02:36:59.079+0000] GC(1233) User=0.22s Sys=0.01s Real=0.03s
[2025-08-01T02:36:59.098+0000] GC(1234) Pause Young (Normal) (G1 Evacuation Pause)
[2025-08-01T02:36:59.098+0000] GC(1234) Using 8 workers of 8 for evacuation
[2025-08-01T02:36:59.143+0000] GC(1234) To-space exhausted
[2025-08-01T02:36:59.144+0000] GC(1234)   Pre Evacuate Collection Set: 0.1ms
[2025-08-01T02:36:59.144+0000] GC(1234)   Evacuate Collection Set: 38.8ms
[2025-08-01T02:36:59.144+0000] GC(1234)   Post Evacuate Collection Set: 6.1ms
[2025-08-01T02:36:59.144+0000] GC(1234)   Other: 0.4ms
[2025-08-01T02:36:59.144+0000] GC(1234) Eden regions: 89->0(89)
[2025-08-01T02:36:59.144+0000] GC(1234) Survivor regions: 13->13(13)
[2025-08-01T02:36:59.144+0000] GC(1234) Old regions: 1874->1991
[2025-08-01T02:36:59.144+0000] GC(1234) Humongous regions: 0->0
[2025-08-01T02:36:59.144+0000] GC(1234) Metaspace: 9706K(12544K)->9706K(12544K) NonClass: 8540K(11008K)->8540K(11008K) Class: 1166K(1536K)->1166K(1536K)
[2025-08-01T02:36:59.144+0000] GC(1234) Pause Young (Normal) (G1 Evacuation Pause) 3949M->4005M(4096M) 45.593ms
[2025-08-01T02:36:59.144+0000] GC(1234) User=0.34s Sys=0.01s Real=0.05s
[2025-08-01T02:36:59.153+0000] GC(1235) Pause Young (Normal) (G1 Evacuation Pause)
[2025-08-01T02:36:59.153+0000] GC(1235) Using 8 workers of 8 for evacuation
[2025-08-01T02:36:59.174+0000] GC(1235) To-space exhausted
[2025-08-01T02:36:59.174+0000] GC(1235)   Pre Evacuate Collection Set: 0.1ms
[2025-08-01T02:36:59.174+0000] GC(1235)   Evacuate Collection Set: 14.0ms
[2025-08-01T02:36:59.174+0000] GC(1235)   Post Evacuate Collection Set: 6.7ms
[2025-08-01T02:36:59.174+0000] GC(1235)   Other: 0.4ms
[2025-08-01T02:36:59.174+0000] GC(1235) Eden regions: 44->0(102)
[2025-08-01T02:36:59.174+0000] GC(1235) Survivor regions: 13->0(13)
[2025-08-01T02:36:59.174+0000] GC(1235) Old regions: 1991->2048
[2025-08-01T02:36:59.174+0000] GC(1235) Humongous regions: 0->0
[2025-08-01T02:36:59.174+0000] GC(1235) Metaspace: 9706K(12544K)->9706K(12544K) NonClass: 8540K(11008K)->8540K(11008K) Class: 1166K(1536K)->1166K(1536K)
[2025-08-01T02:36:59.174+0000] GC(1235) Pause Young (Normal) (G1 Evacuation Pause) 4093M->4093M(4096M) 21.293ms
[2025-08-01T02:36:59.174+0000] GC(1235) User=0.12s Sys=0.00s Real=0.03s
[2025-08-01T02:36:59.174+0000] GC(1236) Using 8 workers of 8 for full compaction
[2025-08-01T02:36:59.174+0000] GC(1236) Pause Full (G1 Evacuation Pause)
[2025-08-01T02:36:59.179+0000] GC(1236) Phase 1: Mark live objects
[2025-08-01T02:36:59.211+0000] GC(1236) Cleaned string and symbol table, strings: 2833 processed, 0 removed, symbols: 23489 processed, 0 removed
[2025-08-01T02:36:59.211+0000] GC(1236) Phase 1: Mark live objects 31.335ms
[2025-08-01T02:36:59.211+0000] GC(1236) Phase 2: Prepare for compaction
[2025-08-01T02:36:59.242+0000] GC(1236) Phase 2: Prepare for compaction 31.477ms
[2025-08-01T02:36:59.242+0000] GC(1236) Phase 3: Adjust pointers
[2025-08-01T02:36:59.269+0000] GC(1236) Phase 3: Adjust pointers 26.993ms
[2025-08-01T02:36:59.269+0000] GC(1236) Phase 4: Compact heap
[2025-08-01T02:36:59.365+0000] GC(1236) Phase 4: Compact heap 95.737ms
[2025-08-01T02:36:59.367+0000] GC(1236) Eden regions: 0->0(486)
[2025-08-01T02:36:59.367+0000] GC(1236) Survivor regions: 0->0(13)
[2025-08-01T02:36:59.367+0000] GC(1236) Old regions: 2048->308
[2025-08-01T02:36:59.367+0000] GC(1236) Humongous regions: 0->0
[2025-08-01T02:36:59.367+0000] GC(1236) Metaspace: 9706K(12544K)->9706K(12544K) NonClass: 8540K(11008K)->8540K(11008K) Class: 1166K(1536K)->1166K(1536K)
[2025-08-01T02:36:59.367+0000] GC(1236) Pause Full (G1 Evacuation Pause) 4093M->605M(4096M) 193.348ms
[2025-08-01T02:36:59.368+0000] GC(1236) User=1.40s Sys=0.03s Real=0.19s
[2025-08-01T02:36:59.371+0000] GC(1222) Concurrent Rebuild Remembered Sets 967.608ms
[2025-08-01T02:36:59.371+0000] GC(1222) Concurrent Mark Abort
[2025-08-01T02:36:59.371+0000] GC(1222) Concurrent Cycle 1367.960ms
[2025-08-01T02:36:59.565+0000] GC(1237) Pause Young (Normal) (G1 Evacuation Pause)
[2025-08-01T02:36:59.565+0000] GC(1237) Using 8 workers of 8 for evacuation
[2025-08-01T02:36:59.711+0000] GC(1237)   Pre Evacuate Collection Set: 0.1ms
[2025-08-01T02:36:59.711+0000] GC(1237)   Evacuate Collection Set: 144.0ms
[2025-08-01T02:36:59.711+0000] GC(1237)   Post Evacuate Collection Set: 1.1ms
[2025-08-01T02:36:59.711+0000] GC(1237)   Other: 0.4ms
[2025-08-01T02:36:59.711+0000] GC(1237) Eden regions: 486->0(378)
[2025-08-01T02:36:59.711+0000] GC(1237) Survivor regions: 0->61(61)
[2025-08-01T02:36:59.711+0000] GC(1237) Old regions: 308->656
[2025-08-01T02:36:59.711+0000] GC(1237) Humongous regions: 0->0
[2025-08-01T02:36:59.711+0000] GC(1237) Metaspace: 9706K(12544K)->9706K(12544K) NonClass: 8540K(11008K)->8540K(11008K) Class: 1166K(1536K)->1166K(1536K)
[2025-08-01T02:36:59.711+0000] GC(1237) Pause Young (Normal) (G1 Evacuation Pause) 1577M->1422M(4096M) 145.686ms
[2025-08-01T02:36:59.711+0000] GC(1237) User=1.12s Sys=0.02s Real=0.14s
[2025-08-01T02:36:59.880+0000] GC(1238) Pause Young (Concurrent Start) (G1 Evacuation Pause)
[2025-08-01T02:36:59.880+0000] GC(1238) Using 8 workers of 8 for evacuation
[2025-08-01T02:36:59.985+0000] GC(1238)   Pre Evacuate Collection Set: 0.1ms
[2025-08-01T02:36:59.985+0000] GC(1238)   Evacuate Collection Set: 102.6ms
[2025-08-01T02:36:59.985+0000] GC(1238)   Post Evacuate Collection Set: 1.9ms
[2025-08-01T02:36:59.985+0000] GC(1238)   Other: 0.4ms
[2025-08-01T02:36:59.985+0000] GC(1238) Eden regions: 378->0(343)
[2025-08-01T02:36:59.985+0000] GC(1238) Survivor regions: 61->55(55)
[2025-08-01T02:36:59.985+0000] GC(1238) Old regions: 656->814
[2025-08-01T02:36:59.985+0000] GC(1238) Humongous regions: 0->0
[2025-08-01T02:36:59.986+0000] GC(1238) Metaspace: 9706K(12544K)->9706K(12544K) NonClass: 8540K(11008K)->8540K(11008K) Class: 1166K(1536K)->1166K(1536K)
[2025-08-01T02:36:59.986+0000] GC(1238) Pause Young (Concurrent Start) (G1 Evacuation Pause) 2178M->1726M(4096M) 105.247ms
[2025-08-01T02:36:59.986+0000] GC(1238) User=0.79s Sys=0.02s Real=0.11s
[2025-08-01T02:36:59.986+0000] GC(1239) Concurrent Cycle
[2025-08-01T02:36:59.986+0000] GC(1239) Concurrent Clear Claimed Marks
[2025-08-01T02:36:59.986+0000] GC(1239) Concurrent Clear Claimed Marks 0.256ms
[2025-08-01T02:36:59.986+0000] GC(1239) Concurrent Scan Root Regions
[2025-08-01T02:37:00.010+0000] GC(1239) Concurrent Scan Root Regions 23.501ms
[2025-08-01T02:37:00.010+0000] GC(1239) Concurrent Mark (159.005s)
[2025-08-01T02:37:00.010+0000] GC(1239) Concurrent Mark From Roots
[2025-08-01T02:37:00.010+0000] GC(1239) Using 2 workers of 2 for marking
[2025-08-01T02:37:00.129+0000] GC(1239) Concurrent Mark From Roots 119.717ms
[2025-08-01T02:37:00.130+0000] GC(1239) Concurrent Preclean
[2025-08-01T02:37:00.130+0000] GC(1239) Concurrent Preclean 0.346ms
[2025-08-01T02:37:00.130+0000] GC(1239) Concurrent Mark (159.005s, 159.125s) 120.173ms
[2025-08-01T02:37:00.130+0000] GC(1239) Pause Remark
[2025-08-01T02:37:00.134+0000] GC(1239) Cleaned string and symbol table, strings: 2833 processed, 0 removed, symbols: 23489 processed, 0 removed
[2025-08-01T02:37:00.135+0000] GC(1239) Pause Remark 2396M->1412M(4096M) 4.965ms
[2025-08-01T02:37:00.135+0000] GC(1239) User=0.02s Sys=0.00s Real=0.01s
[2025-08-01T02:37:00.136+0000] GC(1239) Concurrent Rebuild Remembered Sets
[2025-08-01T02:37:00.169+0000] GC(1240) Pause Young (Normal) (G1 Evacuation Pause)
[2025-08-01T02:37:00.169+0000] GC(1240) Using 8 workers of 8 for evacuation
[2025-08-01T02:37:00.283+0000] GC(1240)   Pre Evacuate Collection Set: 0.1ms
[2025-08-01T02:37:00.283+0000] GC(1240)   Evacuate Collection Set: 111.9ms
[2025-08-01T02:37:00.283+0000] GC(1240)   Post Evacuate Collection Set: 1.1ms
[2025-08-01T02:37:00.283+0000] GC(1240)   Other: 0.3ms
[2025-08-01T02:37:00.283+0000] GC(1240) Eden regions: 343->0(438)
[2025-08-01T02:37:00.283+0000] GC(1240) Survivor regions: 55->50(50)
[2025-08-01T02:37:00.283+0000] GC(1240) Old regions: 318->564
[2025-08-01T02:37:00.283+0000] GC(1240) Humongous regions: 0->0
[2025-08-01T02:37:00.283+0000] GC(1240) Metaspace: 9706K(12544K)->9706K(12544K) NonClass: 8540K(11008K)->8540K(11008K) Class: 1166K(1536K)->1166K(1536K)
[2025-08-01T02:37:00.283+0000] GC(1240) Pause Young (Normal) (G1 Evacuation Pause) 1428M->1225M(4096M) 113.535ms
[2025-08-01T02:37:00.283+0000] GC(1240) User=0.83s Sys=0.02s Real=0.11s
[2025-08-01T02:37:00.330+0000] GC(1239) Concurrent Rebuild Remembered Sets 194.521ms
[2025-08-01T02:37:00.330+0000] GC(1239) Pause Cleanup
[2025-08-01T02:37:00.331+0000] GC(1239) Pause Cleanup 1586M->1586M(4096M) 0.444ms
[2025-08-01T02:37:00.331+0000] GC(1239) User=0.00s Sys=0.00s Real=0.00s
[2025-08-01T02:37:00.331+0000] GC(1239) Concurrent Cleanup for Next Mark
[2025-08-01T02:37:00.338+0000] GC(1239) Concurrent Cleanup for Next Mark 6.804ms
[2025-08-01T02:37:00.338+0000] GC(1239) Concurrent Cycle 351.951ms
[2025-08-01T02:37:00.472+0000] GC(1241) Pause Young (Prepare Mixed) (G1 Evacuation Pause)
[2025-08-01T02:37:00.473+0000] GC(1241) Using 8 workers of 8 for evacuation
[2025-08-01T02:37:00.603+0000] GC(1241)   Pre Evacuate Collection Set: 0.2ms
[2025-08-01T02:37:00.603+0000] GC(1241)   Evacuate Collection Set: 129.5ms
[2025-08-01T02:37:00.603+0000] GC(1241)   Post Evacuate Collection Set: 0.8ms
[2025-08-01T02:37:00.603+0000] GC(1241)   Other: 0.4ms
[2025-08-01T02:37:00.603+0000] GC(1241) Eden regions: 438->0(41)
[2025-08-01T02:37:00.603+0000] GC(1241) Survivor regions: 50->61(61)
[2025-08-01T02:37:00.603+0000] GC(1241) Old regions: 564->780
[2025-08-01T02:37:00.603+0000] GC(1241) Humongous regions: 0->0
[2025-08-01T02:37:00.603+0000] GC(1241) Metaspace: 9706K(12544K)->9706K(12544K) NonClass: 8540K(11008K)->8540K(11008K) Class: 1166K(1536K)->1166K(1536K)
[2025-08-01T02:37:00.603+0000] GC(1241) Pause Young (Prepare Mixed) (G1 Evacuation Pause) 2101M->1679M(4096M) 130.975ms
[2025-08-01T02:37:00.603+0000] GC(1241) User=0.89s Sys=0.07s Real=0.14s
[2025-08-01T02:37:00.612+0000] GC(1242) Pause Young (Mixed) (G1 Evacuation Pause)
[2025-08-01T02:37:00.612+0000] GC(1242) Using 8 workers of 8 for evacuation
[2025-08-01T02:37:00.646+0000] GC(1242)   Pre Evacuate Collection Set: 0.1ms
[2025-08-01T02:37:00.646+0000] GC(1242)   Evacuate Collection Set: 32.8ms
[2025-08-01T02:37:00.646+0000] GC(1242)   Post Evacuate Collection Set: 0.8ms
[2025-08-01T02:37:00.646+0000] GC(1242)   Other: 0.4ms
[2025-08-01T02:37:00.646+0000] GC(1242) Eden regions: 41->0(347)
[2025-08-01T02:37:00.646+0000] GC(1242) Survivor regions: 61->13(13)
[2025-08-01T02:37:00.646+0000] GC(1242) Old regions: 780->864
[2025-08-01T02:37:00.646+0000] GC(1242) Humongous regions: 0->0
[2025-08-01T02:37:00.646+0000] GC(1242) Metaspace: 9706K(12544K)->9706K(12544K) NonClass: 8540K(11008K)->8540K(11008K) Class: 1166K(1536K)->1166K(1536K)
[2025-08-01T02:37:00.646+0000] GC(1242) Pause Young (Mixed) (G1 Evacuation Pause) 1761M->1750M(4096M) 34.299ms
[2025-08-01T02:37:00.646+0000] GC(1242) User=0.25s Sys=0.01s Real=0.04s
[2025-08-01T02:37:00.820+0000] GC(1243) Pause Young (Concurrent Start) (G1 Evacuation Pause)
[2025-08-01T02:37:00.820+0000] GC(1243) Using 8 workers of 8 for evacuation
[2025-08-01T02:37:00.966+0000] GC(1243)   Pre Evacuate Collection Set: 0.1ms
[2025-08-01T02:37:00.966+0000] GC(1243)   Evacuate Collection Set: 144.3ms
[2025-08-01T02:37:00.966+0000] GC(1243)   Post Evacuate Collection Set: 1.0ms
[2025-08-01T02:37:00.966+0000] GC(1243)   Other: 0.5ms
[2025-08-01T02:37:00.966+0000] GC(1243) Eden regions: 347->0(207)
[2025-08-01T02:37:00.966+0000] GC(1243) Survivor regions: 13->45(45)
[2025-08-01T02:37:00.966+0000] GC(1243) Old regions: 864->1164
[2025-08-01T02:37:00.966+0000] GC(1243) Humongous regions: 0->0
[2025-08-01T02:37:00.966+0000] GC(1243) Metaspace: 9706K(12544K)->9706K(12544K) NonClass: 8540K(11008K)->8540K(11008K) Class: 1166K(1536K)->1166K(1536K)
[2025-08-01T02:37:00.966+0000] GC(1243) Pause Young (Concurrent Start) (G1 Evacuation Pause) 2444M->2415M(4096M) 146.028ms
[2025-08-01T02:37:00.966+0000] GC(1243) User=1.09s Sys=0.02s Real=0.15s
[2025-08-01T02:37:00.966+0000] GC(1244) Concurrent Cycle
[2025-08-01T02:37:00.966+0000] GC(1244) Concurrent Clear Claimed Marks
[2025-08-01T02:37:00.966+0000] GC(1244) Concurrent Clear Claimed Marks 0.057ms
[2025-08-01T02:37:00.966+0000] GC(1244) Concurrent Scan Root Regions
[2025-08-01T02:37:00.977+0000] GC(1244) Concurrent Scan Root Regions 11.131ms
[2025-08-01T02:37:00.977+0000] GC(1244) Concurrent Mark (159.973s)
[2025-08-01T02:37:00.977+0000] GC(1244) Concurrent Mark From Roots
[2025-08-01T02:37:00.977+0000] GC(1244) Using 2 workers of 2 for marking
[2025-08-01T02:37:01.062+0000] GC(1245) Pause Young (Normal) (G1 Evacuation Pause)
[2025-08-01T02:37:01.063+0000] GC(1245) Using 8 workers of 8 for evacuation
[2025-08-01T02:37:01.143+0000] GC(1245)   Pre Evacuate Collection Set: 0.1ms
[2025-08-01T02:37:01.143+0000] GC(1245)   Evacuate Collection Set: 79.3ms
[2025-08-01T02:37:01.143+0000] GC(1245)   Post Evacuate Collection Set: 0.8ms
[2025-08-01T02:37:01.143+0000] GC(1245)   Other: 0.3ms
[2025-08-01T02:37:01.143+0000] GC(1245) Eden regions: 207->0(142)
[2025-08-01T02:37:01.143+0000] GC(1245) Survivor regions: 45->32(32)
[2025-08-01T02:37:01.143+0000] GC(1245) Old regions: 1164->1363
[2025-08-01T02:37:01.143+0000] GC(1245) Humongous regions: 0->0
[2025-08-01T02:37:01.143+0000] GC(1245) Metaspace: 9706K(12544K)->9706K(12544K) NonClass: 8540K(11008K)->8540K(11008K) Class: 1166K(1536K)->1166K(1536K)
[2025-08-01T02:37:01.143+0000] GC(1245) Pause Young (Normal) (G1 Evacuation Pause) 2829M->2786M(4096M) 80.699ms
[2025-08-01T02:37:01.143+0000] GC(1245) User=0.60s Sys=0.02s Real=0.09s
[2025-08-01T02:37:01.225+0000] GC(1246) Pause Young (Normal) (G1 Evacuation Pause)
[2025-08-01T02:37:01.225+0000] GC(1246) Using 8 workers of 8 for evacuation
[2025-08-01T02:37:01.346+0000] GC(1246)   Pre Evacuate Collection Set: 0.1ms
[2025-08-01T02:37:01.346+0000] GC(1246)   Evacuate Collection Set: 119.7ms
[2025-08-01T02:37:01.346+0000] GC(1246)   Post Evacuate Collection Set: 0.9ms
[2025-08-01T02:37:01.346+0000] GC(1246)   Other: 0.3ms
[2025-08-01T02:37:01.346+0000] GC(1246) Eden regions: 142->0(95)
[2025-08-01T02:37:01.346+0000] GC(1246) Survivor regions: 32->22(22)
[2025-08-01T02:37:01.346+0000] GC(1246) Old regions: 1363->1517
[2025-08-01T02:37:01.346+0000] GC(1246) Humongous regions: 0->0
[2025-08-01T02:37:01.346+0000] GC(1246) Metaspace: 9706K(12544K)->9706K(12544K) NonClass: 8540K(11008K)->8540K(11008K) Class: 1166K(1536K)->1166K(1536K)
[2025-08-01T02:37:01.347+0000] GC(1246) Pause Young (Normal) (G1 Evacuation Pause) 3070M->3074M(4096M) 121.165ms
[2025-08-01T02:37:01.347+0000] GC(1246) User=0.91s Sys=0.04s Real=0.12s
[2025-08-01T02:37:01.390+0000] GC(1244) Concurrent Mark From Roots 412.739ms
[2025-08-01T02:37:01.390+0000] GC(1244) Concurrent Preclean
[2025-08-01T02:37:01.390+0000] GC(1244) Concurrent Preclean 0.285ms
[2025-08-01T02:37:01.390+0000] GC(1244) Concurrent Mark (159.973s, 160.386s) 413.132ms
[2025-08-01T02:37:01.391+0000] GC(1244) Pause Remark
[2025-08-01T02:37:01.395+0000] GC(1244) Cleaned string and symbol table, strings: 2833 processed, 0 removed, symbols: 23489 processed, 0 removed
[2025-08-01T02:37:01.397+0000] GC(1244) Pause Remark 3259M->2145M(4096M) 5.942ms
[2025-08-01T02:37:01.397+0000] GC(1244) User=0.02s Sys=0.00s Real=0.01s
[2025-08-01T02:37:01.397+0000] GC(1244) Concurrent Rebuild Remembered Sets
[2025-08-01T02:37:01.415+0000] GC(1247) Pause Young (Normal) (G1 Evacuation Pause)
[2025-08-01T02:37:01.415+0000] GC(1247) Using 8 workers of 8 for evacuation
[2025-08-01T02:37:01.436+0000] GC(1247)   Pre Evacuate Collection Set: 0.1ms
[2025-08-01T02:37:01.437+0000] GC(1247)   Evacuate Collection Set: 20.1ms
[2025-08-01T02:37:01.437+0000] GC(1247)   Post Evacuate Collection Set: 1.2ms
[2025-08-01T02:37:01.437+0000] GC(1247)   Other: 0.3ms
[2025-08-01T02:37:01.437+0000] GC(1247) Eden regions: 95->0(275)
[2025-08-01T02:37:01.437+0000] GC(1247) Survivor regions: 22->15(15)
[2025-08-01T02:37:01.437+0000] GC(1247) Old regions: 960->1003
[2025-08-01T02:37:01.437+0000] GC(1247) Humongous regions: 0->0
[2025-08-01T02:37:01.437+0000] GC(1247) Metaspace: 9706K(12544K)->9706K(12544K) NonClass: 8540K(11008K)->8540K(11008K) Class: 1166K(1536K)->1166K(1536K)
[2025-08-01T02:37:01.437+0000] GC(1247) Pause Young (Normal) (G1 Evacuation Pause) 2150M->2033M(4096M) 21.797ms
[2025-08-01T02:37:01.437+0000] GC(1247) User=0.16s Sys=0.00s Real=0.02s
[2025-08-01T02:37:01.550+0000] GC(1248) Pause Young (Normal) (G1 Evacuation Pause)
[2025-08-01T02:37:01.550+0000] GC(1248) Using 8 workers of 8 for evacuation
[2025-08-01T02:37:01.674+0000] GC(1248)   Pre Evacuate Collection Set: 0.1ms
[2025-08-01T02:37:01.674+0000] GC(1248)   Evacuate Collection Set: 123.1ms
[2025-08-01T02:37:01.674+0000] GC(1248)   Post Evacuate Collection Set: 0.9ms
[2025-08-01T02:37:01.674+0000] GC(1248)   Other: 0.4ms
[2025-08-01T02:37:01.674+0000] GC(1248) Eden regions: 275->0(196)
[2025-08-01T02:37:01.674+0000] GC(1248) Survivor regions: 15->37(37)
[2025-08-01T02:37:01.674+0000] GC(1248) Old regions: 1003->1205
[2025-08-01T02:37:01.674+0000] GC(1248) Humongous regions: 0->0
[2025-08-01T02:37:01.674+0000] GC(1248) Metaspace: 9706K(12544K)->9706K(12544K) NonClass: 8540K(11008K)->8540K(11008K) Class: 1166K(1536K)->1166K(1536K)
[2025-08-01T02:37:01.674+0000] GC(1248) Pause Young (Normal) (G1 Evacuation Pause) 2583M->2480M(4096M) 124.623ms
[2025-08-01T02:37:01.674+0000] GC(1248) User=0.88s Sys=0.05s Real=0.13s
[2025-08-01T02:37:01.760+0000] GC(1249) Pause Young (Normal) (G1 Evacuation Pause)
[2025-08-01T02:37:01.760+0000] GC(1249) Using 8 workers of 8 for evacuation
[2025-08-01T02:37:01.844+0000] GC(1249)   Pre Evacuate Collection Set: 0.1ms
[2025-08-01T02:37:01.844+0000] GC(1249)   Evacuate Collection Set: 83.3ms
[2025-08-01T02:37:01.844+0000] GC(1249)   Post Evacuate Collection Set: 0.8ms
[2025-08-01T02:37:01.844+0000] GC(1249)   Other: 0.4ms
[2025-08-01T02:37:01.844+0000] GC(1249) Eden regions: 196->0(127)
[2025-08-01T02:37:01.844+0000] GC(1249) Survivor regions: 37->30(30)
[2025-08-01T02:37:01.844+0000] GC(1249) Old regions: 1205->1409
[2025-08-01T02:37:01.844+0000] GC(1249) Humongous regions: 0->0
[2025-08-01T02:37:01.844+0000] GC(1249) Metaspace: 9706K(12544K)->9706K(12544K) NonClass: 8540K(11008K)->8540K(11008K) Class: 1166K(1536K)->1166K(1536K)
[2025-08-01T02:37:01.844+0000] GC(1249) Pause Young (Normal) (G1 Evacuation Pause) 2872M->2875M(4096M) 84.704ms
[2025-08-01T02:37:01.844+0000] GC(1249) User=0.65s Sys=0.01s Real=0.09s
[2025-08-01T02:37:01.914+0000] GC(1250) Pause Young (Normal) (G1 Evacuation Pause)
[2025-08-01T02:37:01.914+0000] GC(1250) Using 8 workers of 8 for evacuation
[2025-08-01T02:37:01.966+0000] GC(1250)   Pre Evacuate Collection Set: 0.1ms
[2025-08-01T02:37:01.966+0000] GC(1250)   Evacuate Collection Set: 50.8ms
[2025-08-01T02:37:01.966+0000] GC(1250)   Post Evacuate Collection Set: 0.6ms
[2025-08-01T02:37:01.966+0000] GC(1250)   Other: 0.2ms
[2025-08-01T02:37:01.966+0000] GC(1250) Eden regions: 127->0(88)
[2025-08-01T02:37:01.966+0000] GC(1250) Survivor regions: 30->20(20)
[2025-08-01T02:37:01.966+0000] GC(1250) Old regions: 1409->1541
[2025-08-01T02:37:01.966+0000] GC(1250) Humongous regions: 0->0
[2025-08-01T02:37:01.966+0000] GC(1250) Metaspace: 9706K(12544K)->9706K(12544K) NonClass: 8540K(11008K)->8540K(11008K) Class: 1166K(1536K)->1166K(1536K)
[2025-08-01T02:37:01.966+0000] GC(1250) Pause Young (Normal) (G1 Evacuation Pause) 3129M->3118M(4096M) 51.883ms
[2025-08-01T02:37:01.966+0000] GC(1250) User=0.39s Sys=0.01s Real=0.05s
[2025-08-01T02:37:01.978+0000] GC(1244) Concurrent Rebuild Remembered Sets 580.984ms
[2025-08-01T02:37:01.978+0000] GC(1244) Pause Cleanup
[2025-08-01T02:37:01.979+0000] GC(1244) Pause Cleanup 3232M->3232M(4096M) 0.757ms
[2025-08-01T02:37:01.979+0000] GC(1244) User=0.00s Sys=0.00s Real=0.00s
[2025-08-01T02:37:01.979+0000] GC(1244) Concurrent Cleanup for Next Mark
[2025-08-01T02:37:01.988+0000] GC(1251) Pause Young (Prepare Mixed) (G1 Evacuation Pause)
[2025-08-01T02:37:01.988+0000] GC(1251) Using 8 workers of 8 for evacuation
[2025-08-01T02:37:02.022+0000] GC(1251)   Pre Evacuate Collection Set: 0.1ms
[2025-08-01T02:37:02.022+0000] GC(1251)   Evacuate Collection Set: 32.7ms
[2025-08-01T02:37:02.022+0000] GC(1251)   Post Evacuate Collection Set: 0.9ms
[2025-08-01T02:37:02.022+0000] GC(1251)   Other: 0.3ms
[2025-08-01T02:37:02.022+0000] GC(1251) Eden regions: 88->0(88)
[2025-08-01T02:37:02.022+0000] GC(1251) Survivor regions: 20->14(14)
[2025-08-01T02:37:02.022+0000] GC(1251) Old regions: 1541->1636
[2025-08-01T02:37:02.022+0000] GC(1251) Humongous regions: 0->0
[2025-08-01T02:37:02.022+0000] GC(1251) Metaspace: 9706K(12544K)->9706K(12544K) NonClass: 8540K(11008K)->8540K(11008K) Class: 1166K(1536K)->1166K(1536K)
[2025-08-01T02:37:02.022+0000] GC(1251) Pause Young (Prepare Mixed) (G1 Evacuation Pause) 3294M->3297M(4096M) 34.149ms
[2025-08-01T02:37:02.023+0000] GC(1251) User=0.25s Sys=0.00s Real=0.03s
[2025-08-01T02:37:02.028+0000] GC(1244) Concurrent Cleanup for Next Mark 48.701ms
[2025-08-01T02:37:02.028+0000] GC(1244) Concurrent Cycle 1062.175ms
[2025-08-01T02:37:02.081+0000] GC(1252) Pause Young (Mixed) (G1 Evacuation Pause)
[2025-08-01T02:37:02.081+0000] GC(1252) Using 8 workers of 8 for evacuation
[2025-08-01T02:37:02.132+0000] GC(1252)   Pre Evacuate Collection Set: 0.1ms
[2025-08-01T02:37:02.132+0000] GC(1252)   Evacuate Collection Set: 49.1ms
[2025-08-01T02:37:02.132+0000] GC(1252)   Post Evacuate Collection Set: 0.8ms
[2025-08-01T02:37:02.132+0000] GC(1252)   Other: 0.5ms
[2025-08-01T02:37:02.132+0000] GC(1252) Eden regions: 88->0(89)
[2025-08-01T02:37:02.132+0000] GC(1252) Survivor regions: 14->13(13)
[2025-08-01T02:37:02.132+0000] GC(1252) Old regions: 1636->1701
[2025-08-01T02:37:02.132+0000] GC(1252) Humongous regions: 0->0
[2025-08-01T02:37:02.132+0000] GC(1252) Metaspace: 9706K(12544K)->9706K(12544K) NonClass: 8540K(11008K)->8540K(11008K) Class: 1166K(1536K)->1166K(1536K)
[2025-08-01T02:37:02.132+0000] GC(1252) Pause Young (Mixed) (G1 Evacuation Pause) 3473M->3424M(4096M) 50.723ms
[2025-08-01T02:37:02.132+0000] GC(1252) User=0.38s Sys=0.01s Real=0.05s
[2025-08-01T02:37:02.148+0000] GC(1253) Pause Young (Concurrent Start) (G1 Evacuation Pause)
[2025-08-01T02:37:02.148+0000] GC(1253) Using 8 workers of 8 for evacuation
[2025-08-01T02:37:02.186+0000] GC(1253)   Pre Evacuate Collection Set: 0.2ms
[2025-08-01T02:37:02.187+0000] GC(1253)   Evacuate Collection Set: 37.5ms
[2025-08-01T02:37:02.187+0000] GC(1253)   Post Evacuate Collection Set: 0.6ms
[2025-08-01T02:37:02.187+0000] GC(1253)   Other: 0.4ms
[2025-08-01T02:37:02.187+0000] GC(1253) Eden regions: 89->0(89)
[2025-08-01T02:37:02.187+0000] GC(1253) Survivor regions: 13->13(13)
[2025-08-01T02:37:02.187+0000] GC(1253) Old regions: 1701->1791
[2025-08-01T02:37:02.187+0000] GC(1253) Humongous regions: 0->0
[2025-08-01T02:37:02.187+0000] GC(1253) Metaspace: 9706K(12544K)->9706K(12544K) NonClass: 8540K(11008K)->8540K(11008K) Class: 1166K(1536K)->1166K(1536K)
[2025-08-01T02:37:02.187+0000] GC(1253) Pause Young (Concurrent Start) (G1 Evacuation Pause) 3602M->3605M(4096M) 38.905ms
[2025-08-01T02:37:02.187+0000] GC(1253) User=0.29s Sys=0.01s Real=0.04s
[2025-08-01T02:37:02.187+0000] GC(1254) Concurrent Cycle
[2025-08-01T02:37:02.187+0000] GC(1254) Concurrent Clear Claimed Marks
[2025-08-01T02:37:02.187+0000] GC(1254) Concurrent Clear Claimed Marks 0.066ms
[2025-08-01T02:37:02.187+0000] GC(1254) Concurrent Scan Root Regions
[2025-08-01T02:37:02.191+0000] GC(1254) Concurrent Scan Root Regions 3.734ms
[2025-08-01T02:37:02.191+0000] GC(1254) Concurrent Mark (161.187s)
[2025-08-01T02:37:02.191+0000] GC(1254) Concurrent Mark From Roots
[2025-08-01T02:37:02.191+0000] GC(1254) Using 2 workers of 2 for marking
[2025-08-01T02:37:02.257+0000] GC(1255) Pause Young (Normal) (G1 Evacuation Pause)
[2025-08-01T02:37:02.257+0000] GC(1255) Using 8 workers of 8 for evacuation
[2025-08-01T02:37:02.284+0000] GC(1255)   Pre Evacuate Collection Set: 0.1ms
[2025-08-01T02:37:02.284+0000] GC(1255)   Evacuate Collection Set: 25.9ms
[2025-08-01T02:37:02.284+0000] GC(1255)   Post Evacuate Collection Set: 0.7ms
[2025-08-01T02:37:02.284+0000] GC(1255)   Other: 0.2ms
[2025-08-01T02:37:02.284+0000] GC(1255) Eden regions: 89->0(89)
[2025-08-01T02:37:02.284+0000] GC(1255) Survivor regions: 13->13(13)
[2025-08-01T02:37:02.284+0000] GC(1255) Old regions: 1791->1836
[2025-08-01T02:37:02.284+0000] GC(1255) Humongous regions: 0->0
[2025-08-01T02:37:02.284+0000] GC(1255) Metaspace: 9706K(12544K)->9706K(12544K) NonClass: 8540K(11008K)->8540K(11008K) Class: 1166K(1536K)->1166K(1536K)
[2025-08-01T02:37:02.284+0000] GC(1255) Pause Young (Normal) (G1 Evacuation Pause) 3783M->3694M(4096M) 27.023ms
[2025-08-01T02:37:02.284+0000] GC(1255) User=0.20s Sys=0.01s Real=0.03s
[2025-08-01T02:37:02.304+0000] GC(1256) Pause Young (Normal) (G1 Evacuation Pause)
[2025-08-01T02:37:02.304+0000] GC(1256) Using 8 workers of 8 for evacuation
[2025-08-01T02:37:02.343+0000] GC(1256)   Pre Evacuate Collection Set: 0.1ms
[2025-08-01T02:37:02.343+0000] GC(1256)   Evacuate Collection Set: 38.2ms
[2025-08-01T02:37:02.343+0000] GC(1256)   Post Evacuate Collection Set: 0.6ms
[2025-08-01T02:37:02.343+0000] GC(1256)   Other: 0.3ms
[2025-08-01T02:37:02.343+0000] GC(1256) Eden regions: 89->0(89)
[2025-08-01T02:37:02.343+0000] GC(1256) Survivor regions: 13->13(13)
[2025-08-01T02:37:02.343+0000] GC(1256) Old regions: 1836->1927
[2025-08-01T02:37:02.343+0000] GC(1256) Humongous regions: 0->0
[2025-08-01T02:37:02.343+0000] GC(1256) Metaspace: 9706K(12544K)->9706K(12544K) NonClass: 8540K(11008K)->8540K(11008K) Class: 1166K(1536K)->1166K(1536K)
[2025-08-01T02:37:02.343+0000] GC(1256) Pause Young (Normal) (G1 Evacuation Pause) 3872M->3877M(4096M) 39.333ms
[2025-08-01T02:37:02.343+0000] GC(1256) User=0.29s Sys=0.02s Real=0.04s
[2025-08-01T02:37:02.409+0000] GC(1257) Pause Young (Normal) (G1 Evacuation Pause)
[2025-08-01T02:37:02.409+0000] GC(1257) Using 8 workers of 8 for evacuation
[2025-08-01T02:37:02.442+0000] GC(1257) To-space exhausted
[2025-08-01T02:37:02.442+0000] GC(1257)   Pre Evacuate Collection Set: 0.1ms
[2025-08-01T02:37:02.442+0000] GC(1257)   Evacuate Collection Set: 21.4ms
[2025-08-01T02:37:02.442+0000] GC(1257)   Post Evacuate Collection Set: 11.2ms
[2025-08-01T02:37:02.442+0000] GC(1257)   Other: 0.3ms
[2025-08-01T02:37:02.442+0000] GC(1257) Eden regions: 89->0(94)
[2025-08-01T02:37:02.442+0000] GC(1257) Survivor regions: 13->8(13)
[2025-08-01T02:37:02.442+0000] GC(1257) Old regions: 1927->2028
[2025-08-01T02:37:02.442+0000] GC(1257) Humongous regions: 0->0
[2025-08-01T02:37:02.442+0000] GC(1257) Metaspace: 9706K(12544K)->9706K(12544K) NonClass: 8540K(11008K)->8540K(11008K) Class: 1166K(1536K)->1166K(1536K)
[2025-08-01T02:37:02.442+0000] GC(1257) Pause Young (Normal) (G1 Evacuation Pause) 4055M->4069M(4096M) 33.157ms
[2025-08-01T02:37:02.442+0000] GC(1257) User=0.24s Sys=0.01s Real=0.03s
[2025-08-01T02:37:02.445+0000] GC(1258) Pause Young (Normal) (G1 Evacuation Pause)
[2025-08-01T02:37:02.445+0000] GC(1258) Using 8 workers of 8 for evacuation
[2025-08-01T02:37:02.455+0000] GC(1258) To-space exhausted
[2025-08-01T02:37:02.455+0000] GC(1258)   Pre Evacuate Collection Set: 0.1ms
[2025-08-01T02:37:02.455+0000] GC(1258)   Evacuate Collection Set: 6.1ms
[2025-08-01T02:37:02.455+0000] GC(1258)   Post Evacuate Collection Set: 3.9ms
[2025-08-01T02:37:02.455+0000] GC(1258)   Other: 0.4ms
[2025-08-01T02:37:02.455+0000] GC(1258) Eden regions: 12->0(102)
[2025-08-01T02:37:02.455+0000] GC(1258) Survivor regions: 8->0(13)
[2025-08-01T02:37:02.455+0000] GC(1258) Old regions: 2028->2048
[2025-08-01T02:37:02.455+0000] GC(1258) Humongous regions: 0->0
[2025-08-01T02:37:02.455+0000] GC(1258) Metaspace: 9706K(12544K)->9706K(12544K) NonClass: 8540K(11008K)->8540K(11008K) Class: 1166K(1536K)->1166K(1536K)
[2025-08-01T02:37:02.455+0000] GC(1258) Pause Young (Normal) (G1 Evacuation Pause) 4093M->4093M(4096M) 10.541ms
[2025-08-01T02:37:02.455+0000] GC(1258) User=0.05s Sys=0.00s Real=0.01s
[2025-08-01T02:37:02.455+0000] GC(1259) Using 8 workers of 8 for full compaction
[2025-08-01T02:37:02.456+0000] GC(1259) Pause Full (G1 Evacuation Pause)
[2025-08-01T02:37:02.461+0000] GC(1259) Phase 1: Mark live objects
[2025-08-01T02:37:02.491+0000] GC(1259) Cleaned string and symbol table, strings: 2833 processed, 0 removed, symbols: 23489 processed, 0 removed
[2025-08-01T02:37:02.491+0000] GC(1259) Phase 1: Mark live objects 30.082ms
[2025-08-01T02:37:02.491+0000] GC(1259) Phase 2: Prepare for compaction
[2025-08-01T02:37:02.526+0000] GC(1259) Phase 2: Prepare for compaction 34.222ms
[2025-08-01T02:37:02.526+0000] GC(1259) Phase 3: Adjust pointers
[2025-08-01T02:37:02.558+0000] GC(1259) Phase 3: Adjust pointers 32.507ms
[2025-08-01T02:37:02.558+0000] GC(1259) Phase 4: Compact heap
[2025-08-01T02:37:02.645+0000] GC(1259) Phase 4: Compact heap 87.147ms
[2025-08-01T02:37:02.648+0000] GC(1259) Eden regions: 0->0(501)
[2025-08-01T02:37:02.648+0000] GC(1259) Survivor regions: 0->0(13)
[2025-08-01T02:37:02.648+0000] GC(1259) Old regions: 2048->306
[2025-08-01T02:37:02.648+0000] GC(1259) Humongous regions: 0->0
[2025-08-01T02:37:02.648+0000] GC(1259) Metaspace: 9706K(12544K)->9706K(12544K) NonClass: 8540K(11008K)->8540K(11008K) Class: 1166K(1536K)->1166K(1536K)
[2025-08-01T02:37:02.648+0000] GC(1259) Pause Full (G1 Evacuation Pause) 4093M->601M(4096M) 192.220ms
[2025-08-01T02:37:02.648+0000] GC(1259) User=1.34s Sys=0.03s Real=0.19s
[2025-08-01T02:37:02.648+0000] GC(1254) Concurrent Mark From Roots 457.127ms
[2025-08-01T02:37:02.648+0000] GC(1254) Concurrent Mark Abort
[2025-08-01T02:37:02.648+0000] GC(1254) Concurrent Cycle 461.339ms
[2025-08-01T02:37:02.857+0000] GC(1260) Pause Young (Normal) (G1 Evacuation Pause)
[2025-08-01T02:37:02.857+0000] GC(1260) Using 8 workers of 8 for evacuation
[2025-08-01T02:37:03.078+0000] GC(1260) MMU target violated: 201.0ms (200.0ms/201.0ms)
[2025-08-01T02:37:03.078+0000] GC(1260)   Pre Evacuate Collection Set: 0.1ms
[2025-08-01T02:37:03.078+0000] GC(1260)   Evacuate Collection Set: 219.2ms
[2025-08-01T02:37:03.078+0000] GC(1260)   Post Evacuate Collection Set: 1.2ms
[2025-08-01T02:37:03.078+0000] GC(1260)   Other: 0.6ms
[2025-08-01T02:37:03.078+0000] GC(1260) Eden regions: 501->0(346)
[2025-08-01T02:37:03.078+0000] GC(1260) Survivor regions: 0->63(63)
[2025-08-01T02:37:03.078+0000] GC(1260) Old regions: 306->700
[2025-08-01T02:37:03.078+0000] GC(1260) Humongous regions: 0->0
[2025-08-01T02:37:03.078+0000] GC(1260) Metaspace: 9706K(12544K)->9706K(12544K) NonClass: 8540K(11008K)->8540K(11008K) Class: 1166K(1536K)->1166K(1536K)
[2025-08-01T02:37:03.078+0000] GC(1260) Pause Young (Normal) (G1 Evacuation Pause) 1603M->1515M(4096M) 221.134ms
[2025-08-01T02:37:03.078+0000] GC(1260) User=1.66s Sys=0.06s Real=0.22s
[2025-08-01T02:37:03.247+0000] GC(1261) Pause Young (Concurrent Start) (G1 Evacuation Pause)
[2025-08-01T02:37:03.247+0000] GC(1261) Using 8 workers of 8 for evacuation
[2025-08-01T02:37:03.384+0000] GC(1261)   Pre Evacuate Collection Set: 0.1ms
[2025-08-01T02:37:03.384+0000] GC(1261)   Evacuate Collection Set: 135.4ms
[2025-08-01T02:37:03.384+0000] GC(1261)   Post Evacuate Collection Set: 1.1ms
[2025-08-01T02:37:03.384+0000] GC(1261)   Other: 1.2ms
[2025-08-01T02:37:03.384+0000] GC(1261) Eden regions: 346->0(280)
[2025-08-01T02:37:03.384+0000] GC(1261) Survivor regions: 63->52(52)
[2025-08-01T02:37:03.384+0000] GC(1261) Old regions: 700->929
[2025-08-01T02:37:03.384+0000] GC(1261) Humongous regions: 0->0
[2025-08-01T02:37:03.384+0000] GC(1261) Metaspace: 9706K(12544K)->9706K(12544K) NonClass: 8540K(11008K)->8540K(11008K) Class: 1166K(1536K)->1166K(1536K)
[2025-08-01T02:37:03.384+0000] GC(1261) Pause Young (Concurrent Start) (G1 Evacuation Pause) 2207M->1951M(4096M) 137.302ms
[2025-08-01T02:37:03.384+0000] GC(1261) User=1.01s Sys=0.03s Real=0.14s
[2025-08-01T02:37:03.384+0000] GC(1262) Concurrent Cycle
[2025-08-01T02:37:03.384+0000] GC(1262) Concurrent Clear Claimed Marks
[2025-08-01T02:37:03.384+0000] GC(1262) Concurrent Clear Claimed Marks 0.060ms
[2025-08-01T02:37:03.384+0000] GC(1262) Concurrent Scan Root Regions
[2025-08-01T02:37:03.398+0000] GC(1262) Concurrent Scan Root Regions 13.979ms
[2025-08-01T02:37:03.398+0000] GC(1262) Concurrent Mark (162.394s)
[2025-08-01T02:37:03.398+0000] GC(1262) Concurrent Mark From Roots
[2025-08-01T02:37:03.398+0000] GC(1262) Using 2 workers of 2 for marking
[2025-08-01T02:37:03.548+0000] GC(1263) Pause Young (Normal) (G1 Evacuation Pause)
[2025-08-01T02:37:03.548+0000] GC(1263) Using 8 workers of 8 for evacuation
[2025-08-01T02:37:03.652+0000] GC(1263)   Pre Evacuate Collection Set: 0.1ms
[2025-08-01T02:37:03.652+0000] GC(1263)   Evacuate Collection Set: 102.3ms
[2025-08-01T02:37:03.652+0000] GC(1263)   Post Evacuate Collection Set: 1.0ms
[2025-08-01T02:37:03.652+0000] GC(1263)   Other: 0.2ms
[2025-08-01T02:37:03.652+0000] GC(1263) Eden regions: 280->0(221)
[2025-08-01T02:37:03.652+0000] GC(1263) Survivor regions: 52->42(42)
[2025-08-01T02:37:03.652+0000] GC(1263) Old regions: 929->1123
[2025-08-01T02:37:03.652+0000] GC(1263) Humongous regions: 0->0
[2025-08-01T02:37:03.652+0000] GC(1263) Metaspace: 9706K(12544K)->9706K(12544K) NonClass: 8540K(11008K)->8540K(11008K) Class: 1166K(1536K)->1166K(1536K)
[2025-08-01T02:37:03.652+0000] GC(1263) Pause Young (Normal) (G1 Evacuation Pause) 2511M->2318M(4096M) 103.811ms
[2025-08-01T02:37:03.652+0000] GC(1263) User=0.77s Sys=0.02s Real=0.10s
[2025-08-01T02:37:03.698+0000] GC(1262) Concurrent Mark From Roots 300.099ms
[2025-08-01T02:37:03.698+0000] GC(1262) Concurrent Preclean
[2025-08-01T02:37:03.699+0000] GC(1262) Concurrent Preclean 0.178ms
[2025-08-01T02:37:03.699+0000] GC(1262) Concurrent Mark (162.394s, 162.694s) 300.350ms
[2025-08-01T02:37:03.699+0000] GC(1262) Pause Remark
[2025-08-01T02:37:03.702+0000] GC(1262) Cleaned string and symbol table, strings: 2833 processed, 0 removed, symbols: 23489 processed, 0 removed
[2025-08-01T02:37:03.703+0000] GC(1262) Pause Remark 2570M->1978M(4096M) 4.016ms
[2025-08-01T02:37:03.703+0000] GC(1262) User=0.01s Sys=0.00s Real=0.00s
[2025-08-01T02:37:03.703+0000] GC(1262) Concurrent Rebuild Remembered Sets
[2025-08-01T02:37:03.741+0000] GC(1264) Pause Young (Normal) (G1 Evacuation Pause)
[2025-08-01T02:37:03.741+0000] GC(1264) Using 8 workers of 8 for evacuation
[2025-08-01T02:37:03.827+0000] GC(1264)   Pre Evacuate Collection Set: 0.2ms
[2025-08-01T02:37:03.827+0000] GC(1264)   Evacuate Collection Set: 85.4ms
[2025-08-01T02:37:03.827+0000] GC(1264)   Post Evacuate Collection Set: 1.0ms
[2025-08-01T02:37:03.828+0000] GC(1264)   Other: 0.3ms
[2025-08-01T02:37:03.828+0000] GC(1264) Eden regions: 221->0(242)
[2025-08-01T02:37:03.828+0000] GC(1264) Survivor regions: 42->33(33)
[2025-08-01T02:37:03.828+0000] GC(1264) Old regions: 823->1054
[2025-08-01T02:37:03.828+0000] GC(1264) Humongous regions: 0->0
[2025-08-01T02:37:03.828+0000] GC(1264) Metaspace: 9706K(12544K)->9706K(12544K) NonClass: 8540K(11008K)->8540K(11008K) Class: 1166K(1536K)->1166K(1536K)
[2025-08-01T02:37:03.828+0000] GC(1264) Pause Young (Normal) (G1 Evacuation Pause) 2168M->2171M(4096M) 87.004ms
[2025-08-01T02:37:03.828+0000] GC(1264) User=0.65s Sys=0.01s Real=0.09s
[2025-08-01T02:37:03.923+0000] GC(1265) Pause Young (Normal) (G1 Evacuation Pause)
[2025-08-01T02:37:03.923+0000] GC(1265) Using 8 workers of 8 for evacuation
[2025-08-01T02:37:04.013+0000] GC(1265)   Pre Evacuate Collection Set: 0.1ms
[2025-08-01T02:37:04.013+0000] GC(1265)   Evacuate Collection Set: 89.1ms
[2025-08-01T02:37:04.013+0000] GC(1265)   Post Evacuate Collection Set: 0.7ms
[2025-08-01T02:37:04.013+0000] GC(1265)   Other: 0.4ms
[2025-08-01T02:37:04.013+0000] GC(1265) Eden regions: 242->0(182)
[2025-08-01T02:37:04.013+0000] GC(1265) Survivor regions: 33->35(35)
[2025-08-01T02:37:04.013+0000] GC(1265) Old regions: 1054->1240
[2025-08-01T02:37:04.013+0000] GC(1265) Humongous regions: 0->0
[2025-08-01T02:37:04.013+0000] GC(1265) Metaspace: 9706K(12544K)->9706K(12544K) NonClass: 8540K(11008K)->8540K(11008K) Class: 1166K(1536K)->1166K(1536K)
[2025-08-01T02:37:04.013+0000] GC(1265) Pause Young (Normal) (G1 Evacuation Pause) 2655M->2547M(4096M) 90.507ms
[2025-08-01T02:37:04.013+0000] GC(1265) User=0.67s Sys=0.02s Real=0.10s
[2025-08-01T02:37:04.100+0000] GC(1266) Pause Young (Normal) (G1 Evacuation Pause)
[2025-08-01T02:37:04.100+0000] GC(1266) Using 8 workers of 8 for evacuation
[2025-08-01T02:37:04.280+0000] GC(1266)   Pre Evacuate Collection Set: 0.1ms
[2025-08-01T02:37:04.280+0000] GC(1266)   Evacuate Collection Set: 179.0ms
[2025-08-01T02:37:04.280+0000] GC(1266)   Post Evacuate Collection Set: 1.1ms
[2025-08-01T02:37:04.281+0000] GC(1266)   Other: 0.3ms
[2025-08-01T02:37:04.281+0000] GC(1266) Eden regions: 182->0(126)
[2025-08-01T02:37:04.281+0000] GC(1266) Survivor regions: 35->28(28)
[2025-08-01T02:37:04.281+0000] GC(1266) Old regions: 1240->1412
[2025-08-01T02:37:04.281+0000] GC(1266) Humongous regions: 0->0
[2025-08-01T02:37:04.281+0000] GC(1266) Metaspace: 9706K(12544K)->9706K(12544K) NonClass: 8540K(11008K)->8540K(11008K) Class: 1166K(1536K)->1166K(1536K)
[2025-08-01T02:37:04.281+0000] GC(1266) Pause Young (Normal) (G1 Evacuation Pause) 2911M->2877M(4096M) 180.642ms
[2025-08-01T02:37:04.281+0000] GC(1266) User=1.34s Sys=0.06s Real=0.18s
[2025-08-01T02:37:04.289+0000] GC(1262) Concurrent Rebuild Remembered Sets 585.695ms
[2025-08-01T02:37:04.289+0000] GC(1262) Pause Cleanup
[2025-08-01T02:37:04.290+0000] GC(1262) Pause Cleanup 2951M->2951M(4096M) 0.952ms
[2025-08-01T02:37:04.290+0000] GC(1262) User=0.00s Sys=0.00s Real=0.00s
[2025-08-01T02:37:04.291+0000] GC(1262) Concurrent Cleanup for Next Mark
[2025-08-01T02:37:04.301+0000] GC(1262) Concurrent Cleanup for Next Mark 10.572ms
[2025-08-01T02:37:04.301+0000] GC(1262) Concurrent Cycle 917.088ms
[2025-08-01T02:37:04.353+0000] GC(1267) Pause Young (Prepare Mixed) (G1 Evacuation Pause)
[2025-08-01T02:37:04.353+0000] GC(1267) Using 8 workers of 8 for evacuation
[2025-08-01T02:37:04.432+0000] GC(1267)   Pre Evacuate Collection Set: 0.1ms
[2025-08-01T02:37:04.432+0000] GC(1267)   Evacuate Collection Set: 77.5ms
[2025-08-01T02:37:04.432+0000] GC(1267)   Post Evacuate Collection Set: 1.0ms
[2025-08-01T02:37:04.432+0000] GC(1267)   Other: 0.3ms
[2025-08-01T02:37:04.432+0000] GC(1267) Eden regions: 126->0(82)
[2025-08-01T02:37:04.432+0000] GC(1267) Survivor regions: 28->20(20)
[2025-08-01T02:37:04.432+0000] GC(1267) Old regions: 1412->1533
[2025-08-01T02:37:04.432+0000] GC(1267) Humongous regions: 0->0
[2025-08-01T02:37:04.432+0000] GC(1267) Metaspace: 9706K(12544K)->9706K(12544K) NonClass: 8540K(11008K)->8540K(11008K) Class: 1166K(1536K)->1166K(1536K)
[2025-08-01T02:37:04.432+0000] GC(1267) Pause Young (Prepare Mixed) (G1 Evacuation Pause) 3129M->3103M(4096M) 79.036ms
[2025-08-01T02:37:04.432+0000] GC(1267) User=0.58s Sys=0.02s Real=0.07s
[2025-08-01T02:37:04.449+0000] GC(1268) Pause Young (Mixed) (G1 Evacuation Pause)
[2025-08-01T02:37:04.449+0000] GC(1268) Using 8 workers of 8 for evacuation
[2025-08-01T02:37:04.502+0000] GC(1268)   Pre Evacuate Collection Set: 0.2ms
[2025-08-01T02:37:04.502+0000] GC(1268)   Evacuate Collection Set: 51.3ms
[2025-08-01T02:37:04.502+0000] GC(1268)   Post Evacuate Collection Set: 1.0ms
[2025-08-01T02:37:04.502+0000] GC(1268)   Other: 0.5ms
[2025-08-01T02:37:04.502+0000] GC(1268) Eden regions: 82->0(111)
[2025-08-01T02:37:04.502+0000] GC(1268) Survivor regions: 20->13(13)
[2025-08-01T02:37:04.502+0000] GC(1268) Old regions: 1533->1475
[2025-08-01T02:37:04.502+0000] GC(1268) Humongous regions: 0->0
[2025-08-01T02:37:04.502+0000] GC(1268) Metaspace: 9706K(12544K)->9706K(12544K) NonClass: 8540K(11008K)->8540K(11008K) Class: 1166K(1536K)->1166K(1536K)
[2025-08-01T02:37:04.502+0000] GC(1268) Pause Young (Mixed) (G1 Evacuation Pause) 3267M->2973M(4096M) 53.248ms
[2025-08-01T02:37:04.502+0000] GC(1268) User=0.40s Sys=0.01s Real=0.05s
[2025-08-01T02:37:04.564+0000] GC(1269) Pause Young (Concurrent Start) (G1 Evacuation Pause)
[2025-08-01T02:37:04.564+0000] GC(1269) Using 8 workers of 8 for evacuation
[2025-08-01T02:37:04.618+0000] GC(1269)   Pre Evacuate Collection Set: 0.1ms
[2025-08-01T02:37:04.618+0000] GC(1269)   Evacuate Collection Set: 53.2ms
[2025-08-01T02:37:04.618+0000] GC(1269)   Post Evacuate Collection Set: 0.5ms
[2025-08-01T02:37:04.618+0000] GC(1269)   Other: 0.5ms
[2025-08-01T02:37:04.618+0000] GC(1269) Eden regions: 111->0(86)
[2025-08-01T02:37:04.618+0000] GC(1269) Survivor regions: 13->16(16)
[2025-08-01T02:37:04.618+0000] GC(1269) Old regions: 1475->1566
[2025-08-01T02:37:04.618+0000] GC(1269) Humongous regions: 0->0
[2025-08-01T02:37:04.618+0000] GC(1269) Metaspace: 9706K(12544K)->9706K(12544K) NonClass: 8540K(11008K)->8540K(11008K) Class: 1166K(1536K)->1166K(1536K)
[2025-08-01T02:37:04.618+0000] GC(1269) Pause Young (Concurrent Start) (G1 Evacuation Pause) 3195M->3160M(4096M) 54.616ms
[2025-08-01T02:37:04.618+0000] GC(1269) User=0.40s Sys=0.01s Real=0.05s
[2025-08-01T02:37:04.618+0000] GC(1270) Concurrent Cycle
[2025-08-01T02:37:04.618+0000] GC(1270) Concurrent Clear Claimed Marks
[2025-08-01T02:37:04.619+0000] GC(1270) Concurrent Clear Claimed Marks 0.245ms
[2025-08-01T02:37:04.619+0000] GC(1270) Concurrent Scan Root Regions
[2025-08-01T02:37:04.625+0000] GC(1270) Concurrent Scan Root Regions 5.924ms
[2025-08-01T02:37:04.625+0000] GC(1270) Concurrent Mark (163.620s)
[2025-08-01T02:37:04.625+0000] GC(1270) Concurrent Mark From Roots
[2025-08-01T02:37:04.625+0000] GC(1270) Using 2 workers of 2 for marking
[2025-08-01T02:37:04.648+0000] GC(1271) Pause Young (Normal) (G1 Evacuation Pause)
[2025-08-01T02:37:04.648+0000] GC(1271) Using 8 workers of 8 for evacuation
[2025-08-01T02:37:04.709+0000] GC(1271)   Pre Evacuate Collection Set: 0.2ms
[2025-08-01T02:37:04.709+0000] GC(1271)   Evacuate Collection Set: 59.5ms
[2025-08-01T02:37:04.709+0000] GC(1271)   Post Evacuate Collection Set: 0.9ms
[2025-08-01T02:37:04.709+0000] GC(1271)   Other: 0.5ms
[2025-08-01T02:37:04.709+0000] GC(1271) Eden regions: 86->0(89)
[2025-08-01T02:37:04.709+0000] GC(1271) Survivor regions: 16->13(13)
[2025-08-01T02:37:04.709+0000] GC(1271) Old regions: 1566->1657
[2025-08-01T02:37:04.709+0000] GC(1271) Humongous regions: 0->0
[2025-08-01T02:37:04.709+0000] GC(1271) Metaspace: 9706K(12544K)->9706K(12544K) NonClass: 8540K(11008K)->8540K(11008K) Class: 1166K(1536K)->1166K(1536K)
[2025-08-01T02:37:04.709+0000] GC(1271) Pause Young (Normal) (G1 Evacuation Pause) 3332M->3336M(4096M) 61.206ms
[2025-08-01T02:37:04.709+0000] GC(1271) User=0.46s Sys=0.02s Real=0.06s
[2025-08-01T02:37:04.773+0000] GC(1272) Pause Young (Normal) (G1 Evacuation Pause)
[2025-08-01T02:37:04.773+0000] GC(1272) Using 8 workers of 8 for evacuation
[2025-08-01T02:37:04.812+0000] GC(1272)   Pre Evacuate Collection Set: 0.1ms
[2025-08-01T02:37:04.812+0000] GC(1272)   Evacuate Collection Set: 37.9ms
[2025-08-01T02:37:04.812+0000] GC(1272)   Post Evacuate Collection Set: 0.4ms
[2025-08-01T02:37:04.812+0000] GC(1272)   Other: 0.3ms
[2025-08-01T02:37:04.812+0000] GC(1272) Eden regions: 89->0(89)
[2025-08-01T02:37:04.812+0000] GC(1272) Survivor regions: 13->13(13)
[2025-08-01T02:37:04.812+0000] GC(1272) Old regions: 1657->1747
[2025-08-01T02:37:04.812+0000] GC(1272) Humongous regions: 0->0
[2025-08-01T02:37:04.812+0000] GC(1272) Metaspace: 9706K(12544K)->9706K(12544K) NonClass: 8540K(11008K)->8540K(11008K) Class: 1166K(1536K)->1166K(1536K)
[2025-08-01T02:37:04.812+0000] GC(1272) Pause Young (Normal) (G1 Evacuation Pause) 3514M->3516M(4096M) 38.762ms
[2025-08-01T02:37:04.812+0000] GC(1272) User=0.29s Sys=0.00s Real=0.03s
[2025-08-01T02:37:04.829+0000] GC(1273) Pause Young (Normal) (G1 Evacuation Pause)
[2025-08-01T02:37:04.829+0000] GC(1273) Using 8 workers of 8 for evacuation
[2025-08-01T02:37:04.870+0000] GC(1273)   Pre Evacuate Collection Set: 0.1ms
[2025-08-01T02:37:04.870+0000] GC(1273)   Evacuate Collection Set: 40.0ms
[2025-08-01T02:37:04.870+0000] GC(1273)   Post Evacuate Collection Set: 0.9ms
[2025-08-01T02:37:04.870+0000] GC(1273)   Other: 0.3ms
[2025-08-01T02:37:04.870+0000] GC(1273) Eden regions: 89->0(89)
[2025-08-01T02:37:04.870+0000] GC(1273) Survivor regions: 13->13(13)
[2025-08-01T02:37:04.870+0000] GC(1273) Old regions: 1747->1837
[2025-08-01T02:37:04.871+0000] GC(1273) Humongous regions: 0->0
[2025-08-01T02:37:04.871+0000] GC(1273) Metaspace: 9706K(12544K)->9706K(12544K) NonClass: 8540K(11008K)->8540K(11008K) Class: 1166K(1536K)->1166K(1536K)
[2025-08-01T02:37:04.871+0000] GC(1273) Pause Young (Normal) (G1 Evacuation Pause) 3694M->3697M(4096M) 41.392ms
[2025-08-01T02:37:04.871+0000] GC(1273) User=0.30s Sys=0.02s Real=0.04s
[2025-08-01T02:37:04.929+0000] GC(1274) Pause Young (Normal) (G1 Evacuation Pause)
[2025-08-01T02:37:04.929+0000] GC(1274) Using 8 workers of 8 for evacuation
[2025-08-01T02:37:04.954+0000] GC(1274)   Pre Evacuate Collection Set: 0.1ms
[2025-08-01T02:37:04.954+0000] GC(1274)   Evacuate Collection Set: 24.1ms
[2025-08-01T02:37:04.954+0000] GC(1274)   Post Evacuate Collection Set: 0.6ms
[2025-08-01T02:37:04.954+0000] GC(1274)   Other: 0.4ms
[2025-08-01T02:37:04.954+0000] GC(1274) Eden regions: 89->0(89)
[2025-08-01T02:37:04.954+0000] GC(1274) Survivor regions: 13->13(13)
[2025-08-01T02:37:04.954+0000] GC(1274) Old regions: 1837->1902
[2025-08-01T02:37:04.954+0000] GC(1274) Humongous regions: 0->0
[2025-08-01T02:37:04.954+0000] GC(1274) Metaspace: 9706K(12544K)->9706K(12544K) NonClass: 8540K(11008K)->8540K(11008K) Class: 1166K(1536K)->1166K(1536K)
[2025-08-01T02:37:04.954+0000] GC(1274) Pause Young (Normal) (G1 Evacuation Pause) 3875M->3826M(4096M) 25.294ms
[2025-08-01T02:37:04.954+0000] GC(1274) User=0.18s Sys=0.01s Real=0.03s
[2025-08-01T02:37:04.961+0000] GC(1270) Concurrent Mark From Roots 336.382ms
[2025-08-01T02:37:04.961+0000] GC(1270) Concurrent Preclean
[2025-08-01T02:37:04.962+0000] GC(1270) Concurrent Preclean 0.542ms
[2025-08-01T02:37:04.962+0000] GC(1270) Concurrent Mark (163.620s, 163.957s) 337.123ms
[2025-08-01T02:37:04.962+0000] GC(1270) Pause Remark
[2025-08-01T02:37:04.965+0000] GC(1270) Cleaned string and symbol table, strings: 2833 processed, 0 removed, symbols: 23489 processed, 0 removed
[2025-08-01T02:37:04.967+0000] GC(1270) Pause Remark 3900M->1716M(4096M) 4.884ms
[2025-08-01T02:37:04.967+0000] GC(1270) User=0.01s Sys=0.00s Real=0.01s
[2025-08-01T02:37:04.968+0000] GC(1270) Concurrent Rebuild Remembered Sets
[2025-08-01T02:37:04.978+0000] GC(1275) Pause Young (Normal) (G1 Evacuation Pause)
[2025-08-01T02:37:04.978+0000] GC(1275) Using 8 workers of 8 for evacuation
[2025-08-01T02:37:05.011+0000] GC(1275)   Pre Evacuate Collection Set: 0.1ms
[2025-08-01T02:37:05.011+0000] GC(1275)   Evacuate Collection Set: 31.4ms
[2025-08-01T02:37:05.011+0000] GC(1275)   Post Evacuate Collection Set: 0.8ms
[2025-08-01T02:37:05.011+0000] GC(1275)   Other: 0.3ms
[2025-08-01T02:37:05.011+0000] GC(1275) Eden regions: 89->0(313)
[2025-08-01T02:37:05.011+0000] GC(1275) Survivor regions: 13->13(13)
[2025-08-01T02:37:05.011+0000] GC(1275) Old regions: 810->901
[2025-08-01T02:37:05.011+0000] GC(1275) Humongous regions: 0->0
[2025-08-01T02:37:05.011+0000] GC(1275) Metaspace: 9706K(12544K)->9706K(12544K) NonClass: 8540K(11008K)->8540K(11008K) Class: 1166K(1536K)->1166K(1536K)
[2025-08-01T02:37:05.011+0000] GC(1275) Pause Young (Normal) (G1 Evacuation Pause) 1820M->1824M(4096M) 32.654ms
[2025-08-01T02:37:05.012+0000] GC(1275) User=0.25s Sys=0.00s Real=0.03s
[2025-08-01T02:37:05.178+0000] GC(1276) Pause Young (Normal) (G1 Evacuation Pause)
[2025-08-01T02:37:05.178+0000] GC(1276) Using 8 workers of 8 for evacuation
[2025-08-01T02:37:05.317+0000] GC(1276)   Pre Evacuate Collection Set: 0.1ms
[2025-08-01T02:37:05.317+0000] GC(1276)   Evacuate Collection Set: 137.7ms
[2025-08-01T02:37:05.317+0000] GC(1276)   Post Evacuate Collection Set: 0.8ms
[2025-08-01T02:37:05.317+0000] GC(1276)   Other: 0.3ms
[2025-08-01T02:37:05.317+0000] GC(1276) Eden regions: 313->0(209)
[2025-08-01T02:37:05.317+0000] GC(1276) Survivor regions: 13->41(41)
[2025-08-01T02:37:05.317+0000] GC(1276) Old regions: 901->1151
[2025-08-01T02:37:05.317+0000] GC(1276) Humongous regions: 0->0
[2025-08-01T02:37:05.317+0000] GC(1276) Metaspace: 9706K(12544K)->9706K(12544K) NonClass: 8540K(11008K)->8540K(11008K) Class: 1166K(1536K)->1166K(1536K)
[2025-08-01T02:37:05.317+0000] GC(1276) Pause Young (Normal) (G1 Evacuation Pause) 2450M->2381M(4096M) 139.078ms
[2025-08-01T02:37:05.317+0000] GC(1276) User=1.02s Sys=0.02s Real=0.14s
[2025-08-01T02:37:05.397+0000] GC(1270) Concurrent Rebuild Remembered Sets 429.746ms
[2025-08-01T02:37:05.398+0000] GC(1270) Pause Cleanup
[2025-08-01T02:37:05.399+0000] GC(1270) Pause Cleanup 2773M->2773M(4096M) 0.909ms
[2025-08-01T02:37:05.399+0000] GC(1270) User=0.01s Sys=0.00s Real=0.00s
[2025-08-01T02:37:05.399+0000] GC(1270) Concurrent Cleanup for Next Mark
[2025-08-01T02:37:05.403+0000] GC(1277) Pause Young (Prepare Mixed) (G1 Evacuation Pause)
[2025-08-01T02:37:05.403+0000] GC(1277) Using 8 workers of 8 for evacuation
[2025-08-01T02:37:05.506+0000] GC(1277)   Pre Evacuate Collection Set: 0.1ms
[2025-08-01T02:37:05.506+0000] GC(1277)   Evacuate Collection Set: 101.5ms
[2025-08-01T02:37:05.506+0000] GC(1277)   Post Evacuate Collection Set: 1.0ms
[2025-08-01T02:37:05.506+0000] GC(1277)   Other: 0.4ms
[2025-08-01T02:37:05.506+0000] GC(1277) Eden regions: 209->0(70)
[2025-08-01T02:37:05.506+0000] GC(1277) Survivor regions: 41->32(32)
[2025-08-01T02:37:05.506+0000] GC(1277) Old regions: 1151->1320
[2025-08-01T02:37:05.506+0000] GC(1277) Humongous regions: 0->0
[2025-08-01T02:37:05.506+0000] GC(1277) Metaspace: 9706K(12544K)->9706K(12544K) NonClass: 8540K(11008K)->8540K(11008K) Class: 1166K(1536K)->1166K(1536K)
[2025-08-01T02:37:05.506+0000] GC(1277) Pause Young (Prepare Mixed) (G1 Evacuation Pause) 2799M->2701M(4096M) 103.061ms
[2025-08-01T02:37:05.506+0000] GC(1277) User=0.78s Sys=0.03s Real=0.10s
[2025-08-01T02:37:05.517+0000] GC(1270) Concurrent Cleanup for Next Mark 118.203ms
[2025-08-01T02:37:05.517+0000] GC(1270) Concurrent Cycle 899.152ms
[2025-08-01T02:37:05.522+0000] GC(1278) Pause Young (Mixed) (G1 Evacuation Pause)
[2025-08-01T02:37:05.522+0000] GC(1278) Using 8 workers of 8 for evacuation
[2025-08-01T02:37:05.556+0000] GC(1278)   Pre Evacuate Collection Set: 0.1ms
[2025-08-01T02:37:05.557+0000] GC(1278)   Evacuate Collection Set: 33.1ms
[2025-08-01T02:37:05.557+0000] GC(1278)   Post Evacuate Collection Set: 0.9ms
[2025-08-01T02:37:05.557+0000] GC(1278)   Other: 0.5ms
[2025-08-01T02:37:05.557+0000] GC(1278) Eden regions: 70->0(143)
[2025-08-01T02:37:05.557+0000] GC(1278) Survivor regions: 32->13(13)
[2025-08-01T02:37:05.557+0000] GC(1278) Old regions: 1320->1385
[2025-08-01T02:37:05.557+0000] GC(1278) Humongous regions: 0->0
[2025-08-01T02:37:05.557+0000] GC(1278) Metaspace: 9706K(12544K)->9706K(12544K) NonClass: 8540K(11008K)->8540K(11008K) Class: 1166K(1536K)->1166K(1536K)
[2025-08-01T02:37:05.557+0000] GC(1278) Pause Young (Mixed) (G1 Evacuation Pause) 2841M->2793M(4096M) 34.684ms
[2025-08-01T02:37:05.557+0000] GC(1278) User=0.26s Sys=0.00s Real=0.04s
[2025-08-01T02:37:05.633+0000] GC(1279) Pause Young (Concurrent Start) (G1 Evacuation Pause)
[2025-08-01T02:37:05.634+0000] GC(1279) Using 8 workers of 8 for evacuation
[2025-08-01T02:37:05.706+0000] GC(1279)   Pre Evacuate Collection Set: 0.1ms
[2025-08-01T02:37:05.706+0000] GC(1279)   Evacuate Collection Set: 71.3ms
[2025-08-01T02:37:05.706+0000] GC(1279)   Post Evacuate Collection Set: 0.6ms
[2025-08-01T02:37:05.706+0000] GC(1279)   Other: 0.9ms
[2025-08-01T02:37:05.706+0000] GC(1279) Eden regions: 143->0(93)
[2025-08-01T02:37:05.706+0000] GC(1279) Survivor regions: 13->20(20)
[2025-08-01T02:37:05.706+0000] GC(1279) Old regions: 1385->1524
[2025-08-01T02:37:05.706+0000] GC(1279) Humongous regions: 0->0
[2025-08-01T02:37:05.706+0000] GC(1279) Metaspace: 9706K(12544K)->9706K(12544K) NonClass: 8540K(11008K)->8540K(11008K) Class: 1166K(1536K)->1166K(1536K)
[2025-08-01T02:37:05.706+0000] GC(1279) Pause Young (Concurrent Start) (G1 Evacuation Pause) 3079M->3084M(4096M) 72.715ms
[2025-08-01T02:37:05.706+0000] GC(1279) User=0.53s Sys=0.02s Real=0.07s
[2025-08-01T02:37:05.706+0000] GC(1280) Concurrent Cycle
[2025-08-01T02:37:05.706+0000] GC(1280) Concurrent Clear Claimed Marks
[2025-08-01T02:37:05.706+0000] GC(1280) Concurrent Clear Claimed Marks 0.057ms
[2025-08-01T02:37:05.706+0000] GC(1280) Concurrent Scan Root Regions
[2025-08-01T02:37:05.713+0000] GC(1280) Concurrent Scan Root Regions 6.521ms
[2025-08-01T02:37:05.713+0000] GC(1280) Concurrent Mark (164.709s)
[2025-08-01T02:37:05.713+0000] GC(1280) Concurrent Mark From Roots
[2025-08-01T02:37:05.713+0000] GC(1280) Using 2 workers of 2 for marking
[2025-08-01T02:37:05.730+0000] GC(1281) Pause Young (Normal) (G1 Evacuation Pause)
[2025-08-01T02:37:05.730+0000] GC(1281) Using 8 workers of 8 for evacuation
[2025-08-01T02:37:05.777+0000] GC(1281)   Pre Evacuate Collection Set: 0.1ms
[2025-08-01T02:37:05.777+0000] GC(1281)   Evacuate Collection Set: 46.3ms
[2025-08-01T02:37:05.777+0000] GC(1281)   Post Evacuate Collection Set: 0.7ms
[2025-08-01T02:37:05.777+0000] GC(1281)   Other: 0.3ms
[2025-08-01T02:37:05.777+0000] GC(1281) Eden regions: 93->0(87)
[2025-08-01T02:37:05.777+0000] GC(1281) Survivor regions: 20->15(15)
[2025-08-01T02:37:05.777+0000] GC(1281) Old regions: 1524->1624
[2025-08-01T02:37:05.777+0000] GC(1281) Humongous regions: 0->0
[2025-08-01T02:37:05.777+0000] GC(1281) Metaspace: 9706K(12544K)->9706K(12544K) NonClass: 8540K(11008K)->8540K(11008K) Class: 1166K(1536K)->1166K(1536K)
[2025-08-01T02:37:05.777+0000] GC(1281) Pause Young (Normal) (G1 Evacuation Pause) 3270M->3274M(4096M) 47.458ms
[2025-08-01T02:37:05.777+0000] GC(1281) User=0.34s Sys=0.02s Real=0.05s
[2025-08-01T02:37:05.839+0000] GC(1282) Pause Young (Normal) (G1 Evacuation Pause)
[2025-08-01T02:37:05.839+0000] GC(1282) Using 8 workers of 8 for evacuation
[2025-08-01T02:37:05.881+0000] GC(1282)   Pre Evacuate Collection Set: 0.1ms
[2025-08-01T02:37:05.881+0000] GC(1282)   Evacuate Collection Set: 40.6ms
[2025-08-01T02:37:05.881+0000] GC(1282)   Post Evacuate Collection Set: 0.6ms
[2025-08-01T02:37:05.881+0000] GC(1282)   Other: 0.3ms
[2025-08-01T02:37:05.881+0000] GC(1282) Eden regions: 87->0(89)
[2025-08-01T02:37:05.881+0000] GC(1282) Survivor regions: 15->13(13)
[2025-08-01T02:37:05.881+0000] GC(1282) Old regions: 1624->1647
[2025-08-01T02:37:05.881+0000] GC(1282) Humongous regions: 0->0
[2025-08-01T02:37:05.881+0000] GC(1282) Metaspace: 9706K(12544K)->9706K(12544K) NonClass: 8540K(11008K)->8540K(11008K) Class: 1166K(1536K)->1166K(1536K)
[2025-08-01T02:37:05.881+0000] GC(1282) Pause Young (Normal) (G1 Evacuation Pause) 3448M->3316M(4096M) 41.618ms
[2025-08-01T02:37:05.881+0000] GC(1282) User=0.31s Sys=0.01s Real=0.04s
[2025-08-01T02:37:05.902+0000] GC(1283) Pause Young (Normal) (G1 Evacuation Pause)
[2025-08-01T02:37:05.902+0000] GC(1283) Using 8 workers of 8 for evacuation
[2025-08-01T02:37:05.960+0000] GC(1283)   Pre Evacuate Collection Set: 0.1ms
[2025-08-01T02:37:05.960+0000] GC(1283)   Evacuate Collection Set: 56.1ms
[2025-08-01T02:37:05.960+0000] GC(1283)   Post Evacuate Collection Set: 0.6ms
[2025-08-01T02:37:05.960+0000] GC(1283)   Other: 0.3ms
[2025-08-01T02:37:05.960+0000] GC(1283) Eden regions: 89->0(89)
[2025-08-01T02:37:05.960+0000] GC(1283) Survivor regions: 13->13(13)
[2025-08-01T02:37:05.960+0000] GC(1283) Old regions: 1647->1738
[2025-08-01T02:37:05.960+0000] GC(1283) Humongous regions: 0->0
[2025-08-01T02:37:05.960+0000] GC(1283) Metaspace: 9706K(12544K)->9706K(12544K) NonClass: 8540K(11008K)->8540K(11008K) Class: 1166K(1536K)->1166K(1536K)
[2025-08-01T02:37:05.960+0000] GC(1283) Pause Young (Normal) (G1 Evacuation Pause) 3494M->3498M(4096M) 57.314ms
[2025-08-01T02:37:05.960+0000] GC(1283) User=0.42s Sys=0.01s Real=0.06s
[2025-08-01T02:37:06.020+0000] GC(1284) Pause Young (Normal) (G1 Evacuation Pause)
[2025-08-01T02:37:06.021+0000] GC(1284) Using 8 workers of 8 for evacuation
[2025-08-01T02:37:06.063+0000] GC(1284)   Pre Evacuate Collection Set: 0.1ms
[2025-08-01T02:37:06.063+0000] GC(1284)   Evacuate Collection Set: 41.5ms
[2025-08-01T02:37:06.063+0000] GC(1284)   Post Evacuate Collection Set: 0.6ms
[2025-08-01T02:37:06.063+0000] GC(1284)   Other: 0.3ms
[2025-08-01T02:37:06.063+0000] GC(1284) Eden regions: 89->0(89)
[2025-08-01T02:37:06.063+0000] GC(1284) Survivor regions: 13->13(13)
[2025-08-01T02:37:06.063+0000] GC(1284) Old regions: 1738->1828
[2025-08-01T02:37:06.063+0000] GC(1284) Humongous regions: 0->0
[2025-08-01T02:37:06.063+0000] GC(1284) Metaspace: 9706K(12544K)->9706K(12544K) NonClass: 8540K(11008K)->8540K(11008K) Class: 1166K(1536K)->1166K(1536K)
[2025-08-01T02:37:06.063+0000] GC(1284) Pause Young (Normal) (G1 Evacuation Pause) 3676M->3678M(4096M) 42.743ms
[2025-08-01T02:37:06.063+0000] GC(1284) User=0.31s Sys=0.01s Real=0.05s
[2025-08-01T02:37:06.081+0000] GC(1285) Pause Young (Normal) (G1 Evacuation Pause)
[2025-08-01T02:37:06.081+0000] GC(1285) Using 8 workers of 8 for evacuation
[2025-08-01T02:37:06.118+0000] GC(1285)   Pre Evacuate Collection Set: 0.1ms
[2025-08-01T02:37:06.118+0000] GC(1285)   Evacuate Collection Set: 36.4ms
[2025-08-01T02:37:06.118+0000] GC(1285)   Post Evacuate Collection Set: 0.5ms
[2025-08-01T02:37:06.118+0000] GC(1285)   Other: 0.4ms
[2025-08-01T02:37:06.118+0000] GC(1285) Eden regions: 89->0(89)
[2025-08-01T02:37:06.118+0000] GC(1285) Survivor regions: 13->13(13)
[2025-08-01T02:37:06.118+0000] GC(1285) Old regions: 1828->1918
[2025-08-01T02:37:06.118+0000] GC(1285) Humongous regions: 0->0
[2025-08-01T02:37:06.118+0000] GC(1285) Metaspace: 9706K(12544K)->9706K(12544K) NonClass: 8540K(11008K)->8540K(11008K) Class: 1166K(1536K)->1166K(1536K)
[2025-08-01T02:37:06.118+0000] GC(1285) Pause Young (Normal) (G1 Evacuation Pause) 3856M->3859M(4096M) 37.567ms
[2025-08-01T02:37:06.118+0000] GC(1285) User=0.28s Sys=0.00s Real=0.04s
[2025-08-01T02:37:06.179+0000] GC(1286) Pause Young (Normal) (G1 Evacuation Pause)
[2025-08-01T02:37:06.179+0000] GC(1286) Using 8 workers of 8 for evacuation
[2025-08-01T02:37:06.216+0000] GC(1286) To-space exhausted
[2025-08-01T02:37:06.216+0000] GC(1286)   Pre Evacuate Collection Set: 0.1ms
[2025-08-01T02:37:06.216+0000] GC(1286)   Evacuate Collection Set: 24.1ms
[2025-08-01T02:37:06.216+0000] GC(1286)   Post Evacuate Collection Set: 12.6ms
[2025-08-01T02:37:06.216+0000] GC(1286)   Other: 0.3ms
[2025-08-01T02:37:06.216+0000] GC(1286) Eden regions: 89->0(89)
[2025-08-01T02:37:06.216+0000] GC(1286) Survivor regions: 13->13(13)
[2025-08-01T02:37:06.216+0000] GC(1286) Old regions: 1918->2022
[2025-08-01T02:37:06.216+0000] GC(1286) Humongous regions: 0->0
[2025-08-01T02:37:06.216+0000] GC(1286) Metaspace: 9706K(12544K)->9706K(12544K) NonClass: 8540K(11008K)->8540K(11008K) Class: 1166K(1536K)->1166K(1536K)
[2025-08-01T02:37:06.216+0000] GC(1286) Pause Young (Normal) (G1 Evacuation Pause) 4037M->4067M(4096M) 37.259ms
[2025-08-01T02:37:06.216+0000] GC(1286) User=0.27s Sys=0.00s Real=0.04s
[2025-08-01T02:37:06.219+0000] GC(1287) Pause Young (Normal) (G1 Evacuation Pause)
[2025-08-01T02:37:06.219+0000] GC(1287) Using 8 workers of 8 for evacuation
[2025-08-01T02:37:06.231+0000] GC(1287) To-space exhausted
[2025-08-01T02:37:06.231+0000] GC(1287)   Pre Evacuate Collection Set: 0.1ms
[2025-08-01T02:37:06.231+0000] GC(1287)   Evacuate Collection Set: 7.6ms
[2025-08-01T02:37:06.231+0000] GC(1287)   Post Evacuate Collection Set: 3.9ms
[2025-08-01T02:37:06.231+0000] GC(1287)   Other: 0.3ms
[2025-08-01T02:37:06.231+0000] GC(1287) Eden regions: 13->0(102)
[2025-08-01T02:37:06.231+0000] GC(1287) Survivor regions: 13->0(13)
[2025-08-01T02:37:06.231+0000] GC(1287) Old regions: 2022->2048
[2025-08-01T02:37:06.231+0000] GC(1287) Humongous regions: 0->0
[2025-08-01T02:37:06.231+0000] GC(1287) Metaspace: 9706K(12544K)->9706K(12544K) NonClass: 8540K(11008K)->8540K(11008K) Class: 1166K(1536K)->1166K(1536K)
[2025-08-01T02:37:06.231+0000] GC(1287) Pause Young (Normal) (G1 Evacuation Pause) 4093M->4093M(4096M) 12.046ms
[2025-08-01T02:37:06.231+0000] GC(1287) User=0.07s Sys=0.01s Real=0.01s
[2025-08-01T02:37:06.231+0000] GC(1288) Using 8 workers of 8 for full compaction
[2025-08-01T02:37:06.231+0000] GC(1288) Pause Full (G1 Evacuation Pause)
[2025-08-01T02:37:06.237+0000] GC(1288) Phase 1: Mark live objects
[2025-08-01T02:37:06.275+0000] GC(1288) Cleaned string and symbol table, strings: 2833 processed, 0 removed, symbols: 23489 processed, 0 removed
[2025-08-01T02:37:06.275+0000] GC(1288) Phase 1: Mark live objects 38.116ms
[2025-08-01T02:37:06.275+0000] GC(1288) Phase 2: Prepare for compaction
[2025-08-01T02:37:06.327+0000] GC(1288) Phase 2: Prepare for compaction 51.964ms
[2025-08-01T02:37:06.327+0000] GC(1288) Phase 3: Adjust pointers
[2025-08-01T02:37:06.364+0000] GC(1288) Phase 3: Adjust pointers 37.693ms
[2025-08-01T02:37:06.365+0000] GC(1288) Phase 4: Compact heap
[2025-08-01T02:37:06.523+0000] GC(1288) Phase 4: Compact heap 158.473ms
[2025-08-01T02:37:06.525+0000] GC(1288) Eden regions: 0->0(439)
[2025-08-01T02:37:06.525+0000] GC(1288) Survivor regions: 0->0(13)
[2025-08-01T02:37:06.525+0000] GC(1288) Old regions: 2048->503
[2025-08-01T02:37:06.525+0000] GC(1288) Humongous regions: 0->0
[2025-08-01T02:37:06.525+0000] GC(1288) Metaspace: 9706K(12544K)->9706K(12544K) NonClass: 8540K(11008K)->8540K(11008K) Class: 1166K(1536K)->1166K(1536K)
[2025-08-01T02:37:06.525+0000] GC(1288) Pause Full (G1 Evacuation Pause) 4093M->995M(4096M) 294.330ms
[2025-08-01T02:37:06.525+0000] GC(1288) User=2.13s Sys=0.04s Real=0.30s
[2025-08-01T02:37:06.526+0000] GC(1280) Concurrent Mark From Roots 812.249ms
[2025-08-01T02:37:06.526+0000] GC(1280) Concurrent Mark Abort
[2025-08-01T02:37:06.526+0000] GC(1280) Concurrent Cycle 819.307ms
[2025-08-01T02:37:06.697+0000] GC(1289) Pause Young (Normal) (G1 Evacuation Pause)
[2025-08-01T02:37:06.697+0000] GC(1289) Using 8 workers of 8 for evacuation
[2025-08-01T02:37:06.884+0000] GC(1289)   Pre Evacuate Collection Set: 0.1ms
[2025-08-01T02:37:06.885+0000] GC(1289)   Evacuate Collection Set: 186.6ms
[2025-08-01T02:37:06.885+0000] GC(1289)   Post Evacuate Collection Set: 1.0ms
[2025-08-01T02:37:06.885+0000] GC(1289)   Other: 0.4ms
[2025-08-01T02:37:06.885+0000] GC(1289) Eden regions: 439->0(296)
[2025-08-01T02:37:06.885+0000] GC(1289) Survivor regions: 0->55(55)
[2025-08-01T02:37:06.885+0000] GC(1289) Old regions: 503->862
[2025-08-01T02:37:06.885+0000] GC(1289) Humongous regions: 0->0
[2025-08-01T02:37:06.885+0000] GC(1289) Metaspace: 9706K(12544K)->9706K(12544K) NonClass: 8540K(11008K)->8540K(11008K) Class: 1166K(1536K)->1166K(1536K)
[2025-08-01T02:37:06.885+0000] GC(1289) Pause Young (Normal) (G1 Evacuation Pause) 1873M->1823M(4096M) 188.163ms
[2025-08-01T02:37:06.885+0000] GC(1289) User=1.38s Sys=0.06s Real=0.19s
[2025-08-01T02:37:06.988+0000] GC(1290) Pause Young (Concurrent Start) (G1 Evacuation Pause)
[2025-08-01T02:37:06.988+0000] GC(1290) Using 8 workers of 8 for evacuation
[2025-08-01T02:37:07.074+0000] GC(1290)   Pre Evacuate Collection Set: 0.1ms
[2025-08-01T02:37:07.074+0000] GC(1290)   Evacuate Collection Set: 85.0ms
[2025-08-01T02:37:07.074+0000] GC(1290)   Post Evacuate Collection Set: 1.1ms
[2025-08-01T02:37:07.074+0000] GC(1290)   Other: 0.5ms
[2025-08-01T02:37:07.074+0000] GC(1290) Eden regions: 296->0(239)
[2025-08-01T02:37:07.074+0000] GC(1290) Survivor regions: 55->44(44)
[2025-08-01T02:37:07.074+0000] GC(1290) Old regions: 862->1051
[2025-08-01T02:37:07.074+0000] GC(1290) Humongous regions: 0->0
[2025-08-01T02:37:07.074+0000] GC(1290) Metaspace: 9706K(12544K)->9706K(12544K) NonClass: 8540K(11008K)->8540K(11008K) Class: 1166K(1536K)->1166K(1536K)
[2025-08-01T02:37:07.074+0000] GC(1290) Pause Young (Concurrent Start) (G1 Evacuation Pause) 2415M->2179M(4096M) 86.755ms
[2025-08-01T02:37:07.074+0000] GC(1290) User=0.63s Sys=0.02s Real=0.09s
[2025-08-01T02:37:07.076+0000] GC(1291) Concurrent Cycle
[2025-08-01T02:37:07.076+0000] GC(1291) Concurrent Clear Claimed Marks
[2025-08-01T02:37:07.076+0000] GC(1291) Concurrent Clear Claimed Marks 0.096ms
[2025-08-01T02:37:07.076+0000] GC(1291) Concurrent Scan Root Regions
[2025-08-01T02:37:07.087+0000] GC(1291) Concurrent Scan Root Regions 10.013ms
[2025-08-01T02:37:07.087+0000] GC(1291) Concurrent Mark (166.082s)
[2025-08-01T02:37:07.087+0000] GC(1291) Concurrent Mark From Roots
[2025-08-01T02:37:07.087+0000] GC(1291) Using 2 workers of 2 for marking
[2025-08-01T02:37:07.165+0000] GC(1292) Pause Young (Normal) (G1 Evacuation Pause)
[2025-08-01T02:37:07.165+0000] GC(1292) Using 8 workers of 8 for evacuation
[2025-08-01T02:37:07.268+0000] GC(1292)   Pre Evacuate Collection Set: 0.1ms
[2025-08-01T02:37:07.268+0000] GC(1292)   Evacuate Collection Set: 102.0ms
[2025-08-01T02:37:07.268+0000] GC(1292)   Post Evacuate Collection Set: 1.1ms
[2025-08-01T02:37:07.268+0000] GC(1292)   Other: 0.3ms
[2025-08-01T02:37:07.268+0000] GC(1292) Eden regions: 239->0(184)
[2025-08-01T02:37:07.268+0000] GC(1292) Survivor regions: 44->36(36)
[2025-08-01T02:37:07.268+0000] GC(1292) Old regions: 1051->1237
[2025-08-01T02:37:07.268+0000] GC(1292) Humongous regions: 0->0
[2025-08-01T02:37:07.268+0000] GC(1292) Metaspace: 9706K(12544K)->9706K(12544K) NonClass: 8540K(11008K)->8540K(11008K) Class: 1166K(1536K)->1166K(1536K)
[2025-08-01T02:37:07.268+0000] GC(1292) Pause Young (Normal) (G1 Evacuation Pause) 2657M->2535M(4096M) 103.557ms
[2025-08-01T02:37:07.268+0000] GC(1292) User=0.80s Sys=0.01s Real=0.10s
[2025-08-01T02:37:07.319+0000] GC(1291) Concurrent Mark From Roots 232.610ms
[2025-08-01T02:37:07.319+0000] GC(1291) Concurrent Preclean
[2025-08-01T02:37:07.320+0000] GC(1291) Concurrent Preclean 0.286ms
[2025-08-01T02:37:07.320+0000] GC(1291) Concurrent Mark (166.082s, 166.315s) 232.987ms
[2025-08-01T02:37:07.320+0000] GC(1291) Pause Remark
[2025-08-01T02:37:07.324+0000] GC(1291) Cleaned string and symbol table, strings: 2833 processed, 0 removed, symbols: 23489 processed, 0 removed
[2025-08-01T02:37:07.325+0000] GC(1291) Pause Remark 2791M->1753M(4096M) 5.125ms
[2025-08-01T02:37:07.325+0000] GC(1291) User=0.02s Sys=0.01s Real=0.01s
[2025-08-01T02:37:07.325+0000] GC(1291) Concurrent Rebuild Remembered Sets
[2025-08-01T02:37:07.352+0000] GC(1293) Pause Young (Normal) (G1 Evacuation Pause)
[2025-08-01T02:37:07.352+0000] GC(1293) Using 8 workers of 8 for evacuation
[2025-08-01T02:37:07.436+0000] GC(1293)   Pre Evacuate Collection Set: 0.1ms
[2025-08-01T02:37:07.436+0000] GC(1293)   Evacuate Collection Set: 82.7ms
[2025-08-01T02:37:07.436+0000] GC(1293)   Post Evacuate Collection Set: 0.8ms
[2025-08-01T02:37:07.436+0000] GC(1293)   Other: 0.3ms
[2025-08-01T02:37:07.436+0000] GC(1293) Eden regions: 184->0(295)
[2025-08-01T02:37:07.436+0000] GC(1293) Survivor regions: 36->28(28)
[2025-08-01T02:37:07.436+0000] GC(1293) Old regions: 714->908
[2025-08-01T02:37:07.436+0000] GC(1293) Humongous regions: 0->0
[2025-08-01T02:37:07.436+0000] GC(1293) Metaspace: 9706K(12544K)->9706K(12544K) NonClass: 8540K(11008K)->8540K(11008K) Class: 1166K(1536K)->1166K(1536K)
[2025-08-01T02:37:07.436+0000] GC(1293) Pause Young (Normal) (G1 Evacuation Pause) 1865M->1868M(4096M) 84.011ms
[2025-08-01T02:37:07.436+0000] GC(1293) User=0.65s Sys=0.01s Real=0.09s
[2025-08-01T02:37:07.542+0000] GC(1294) Pause Young (Normal) (G1 Evacuation Pause)
[2025-08-01T02:37:07.542+0000] GC(1294) Using 8 workers of 8 for evacuation
[2025-08-01T02:37:07.625+0000] GC(1294)   Pre Evacuate Collection Set: 0.1ms
[2025-08-01T02:37:07.625+0000] GC(1294)   Evacuate Collection Set: 81.7ms
[2025-08-01T02:37:07.625+0000] GC(1294)   Post Evacuate Collection Set: 1.0ms
[2025-08-01T02:37:07.625+0000] GC(1294)   Other: 0.2ms
[2025-08-01T02:37:07.625+0000] GC(1294) Eden regions: 295->0(219)
[2025-08-01T02:37:07.625+0000] GC(1294) Survivor regions: 28->41(41)
[2025-08-01T02:37:07.625+0000] GC(1294) Old regions: 908->1124
[2025-08-01T02:37:07.626+0000] GC(1294) Humongous regions: 0->0
[2025-08-01T02:37:07.626+0000] GC(1294) Metaspace: 9706K(12544K)->9706K(12544K) NonClass: 8540K(11008K)->8540K(11008K) Class: 1166K(1536K)->1166K(1536K)
[2025-08-01T02:37:07.626+0000] GC(1294) Pause Young (Normal) (G1 Evacuation Pause) 2458M->2326M(4096M) 83.228ms
[2025-08-01T02:37:07.626+0000] GC(1294) User=0.65s Sys=0.00s Real=0.09s
[2025-08-01T02:37:07.666+0000] GC(1291) Concurrent Rebuild Remembered Sets 340.441ms
[2025-08-01T02:37:07.666+0000] GC(1291) Pause Cleanup
[2025-08-01T02:37:07.667+0000] GC(1291) Pause Cleanup 2439M->2439M(4096M) 1.127ms
[2025-08-01T02:37:07.667+0000] GC(1291) User=0.00s Sys=0.00s Real=0.00s
[2025-08-01T02:37:07.667+0000] GC(1291) Concurrent Cleanup for Next Mark
[2025-08-01T02:37:07.675+0000] GC(1291) Concurrent Cleanup for Next Mark 7.104ms
[2025-08-01T02:37:07.675+0000] GC(1291) Concurrent Cycle 598.388ms
[2025-08-01T02:37:07.712+0000] GC(1295) Pause Young (Prepare Mixed) (G1 Evacuation Pause)
[2025-08-01T02:37:07.712+0000] GC(1295) Using 8 workers of 8 for evacuation
[2025-08-01T02:37:07.783+0000] GC(1295)   Pre Evacuate Collection Set: 0.1ms
[2025-08-01T02:37:07.783+0000] GC(1295)   Evacuate Collection Set: 69.8ms
[2025-08-01T02:37:07.783+0000] GC(1295)   Post Evacuate Collection Set: 0.9ms
[2025-08-01T02:37:07.783+0000] GC(1295)   Other: 0.3ms
[2025-08-01T02:37:07.783+0000] GC(1295) Eden regions: 219->0(69)
[2025-08-01T02:37:07.783+0000] GC(1295) Survivor regions: 41->33(33)
[2025-08-01T02:37:07.783+0000] GC(1295) Old regions: 1124->1315
[2025-08-01T02:37:07.783+0000] GC(1295) Humongous regions: 0->0
[2025-08-01T02:37:07.783+0000] GC(1295) Metaspace: 9706K(12544K)->9706K(12544K) NonClass: 8540K(11008K)->8540K(11008K) Class: 1166K(1536K)->1166K(1536K)
[2025-08-01T02:37:07.783+0000] GC(1295) Pause Young (Prepare Mixed) (G1 Evacuation Pause) 2764M->2693M(4096M) 71.234ms
[2025-08-01T02:37:07.783+0000] GC(1295) User=0.53s Sys=0.00s Real=0.08s
[2025-08-01T02:37:07.796+0000] GC(1296) Pause Young (Mixed) (G1 Evacuation Pause)
[2025-08-01T02:37:07.796+0000] GC(1296) Using 8 workers of 8 for evacuation
[2025-08-01T02:37:07.826+0000] GC(1296)   Pre Evacuate Collection Set: 0.3ms
[2025-08-01T02:37:07.826+0000] GC(1296)   Evacuate Collection Set: 29.3ms
[2025-08-01T02:37:07.826+0000] GC(1296)   Post Evacuate Collection Set: 0.8ms
[2025-08-01T02:37:07.827+0000] GC(1296)   Other: 0.5ms
[2025-08-01T02:37:07.827+0000] GC(1296) Eden regions: 69->0(185)
[2025-08-01T02:37:07.827+0000] GC(1296) Survivor regions: 33->13(13)
[2025-08-01T02:37:07.827+0000] GC(1296) Old regions: 1315->1246
[2025-08-01T02:37:07.827+0000] GC(1296) Humongous regions: 0->0
[2025-08-01T02:37:07.827+0000] GC(1296) Metaspace: 9706K(12544K)->9706K(12544K) NonClass: 8540K(11008K)->8540K(11008K) Class: 1166K(1536K)->1166K(1536K)
[2025-08-01T02:37:07.827+0000] GC(1296) Pause Young (Mixed) (G1 Evacuation Pause) 2831M->2514M(4096M) 30.962ms
[2025-08-01T02:37:07.827+0000] GC(1296) User=0.23s Sys=0.00s Real=0.03s
[2025-08-01T02:37:07.904+0000] GC(1297) Pause Young (Concurrent Start) (G1 Evacuation Pause)
[2025-08-01T02:37:07.904+0000] GC(1297) Using 8 workers of 8 for evacuation
[2025-08-01T02:37:07.958+0000] GC(1297)   Pre Evacuate Collection Set: 0.1ms
[2025-08-01T02:37:07.958+0000] GC(1297)   Evacuate Collection Set: 52.0ms
[2025-08-01T02:37:07.958+0000] GC(1297)   Post Evacuate Collection Set: 0.9ms
[2025-08-01T02:37:07.958+0000] GC(1297)   Other: 0.5ms
[2025-08-01T02:37:07.958+0000] GC(1297) Eden regions: 185->0(135)
[2025-08-01T02:37:07.958+0000] GC(1297) Survivor regions: 13->25(25)
[2025-08-01T02:37:07.958+0000] GC(1297) Old regions: 1246->1390
[2025-08-01T02:37:07.958+0000] GC(1297) Humongous regions: 0->0
[2025-08-01T02:37:07.958+0000] GC(1297) Metaspace: 9706K(12544K)->9706K(12544K) NonClass: 8540K(11008K)->8540K(11008K) Class: 1166K(1536K)->1166K(1536K)
[2025-08-01T02:37:07.958+0000] GC(1297) Pause Young (Concurrent Start) (G1 Evacuation Pause) 2884M->2826M(4096M) 53.722ms
[2025-08-01T02:37:07.958+0000] GC(1297) User=0.38s Sys=0.00s Real=0.05s
[2025-08-01T02:37:07.958+0000] GC(1298) Concurrent Cycle
[2025-08-01T02:37:07.958+0000] GC(1298) Concurrent Clear Claimed Marks
[2025-08-01T02:37:07.958+0000] GC(1298) Concurrent Clear Claimed Marks 0.065ms
[2025-08-01T02:37:07.958+0000] GC(1298) Concurrent Scan Root Regions
[2025-08-01T02:37:07.965+0000] GC(1298) Concurrent Scan Root Regions 6.766ms
[2025-08-01T02:37:07.965+0000] GC(1298) Concurrent Mark (166.961s)
[2025-08-01T02:37:07.965+0000] GC(1298) Concurrent Mark From Roots
[2025-08-01T02:37:07.965+0000] GC(1298) Using 2 workers of 2 for marking
[2025-08-01T02:37:08.034+0000] GC(1299) Pause Young (Normal) (G1 Evacuation Pause)
[2025-08-01T02:37:08.034+0000] GC(1299) Using 8 workers of 8 for evacuation
[2025-08-01T02:37:08.109+0000] GC(1299)   Pre Evacuate Collection Set: 0.1ms
[2025-08-01T02:37:08.109+0000] GC(1299)   Evacuate Collection Set: 74.3ms
[2025-08-01T02:37:08.109+0000] GC(1299)   Post Evacuate Collection Set: 0.7ms
[2025-08-01T02:37:08.109+0000] GC(1299)   Other: 0.3ms
[2025-08-01T02:37:08.109+0000] GC(1299) Eden regions: 135->0(90)
[2025-08-01T02:37:08.109+0000] GC(1299) Survivor regions: 25->20(20)
[2025-08-01T02:37:08.109+0000] GC(1299) Old regions: 1390->1532
[2025-08-01T02:37:08.109+0000] GC(1299) Humongous regions: 0->0
[2025-08-01T02:37:08.109+0000] GC(1299) Metaspace: 9706K(12544K)->9706K(12544K) NonClass: 8540K(11008K)->8540K(11008K) Class: 1166K(1536K)->1166K(1536K)
[2025-08-01T02:37:08.109+0000] GC(1299) Pause Young (Normal) (G1 Evacuation Pause) 3096M->3100M(4096M) 75.538ms
[2025-08-01T02:37:08.109+0000] GC(1299) User=0.54s Sys=0.04s Real=0.07s
[2025-08-01T02:37:08.129+0000] GC(1300) Pause Young (Normal) (G1 Evacuation Pause)
[2025-08-01T02:37:08.129+0000] GC(1300) Using 8 workers of 8 for evacuation
[2025-08-01T02:37:08.164+0000] GC(1300)   Pre Evacuate Collection Set: 0.5ms
[2025-08-01T02:37:08.164+0000] GC(1300)   Evacuate Collection Set: 34.1ms
[2025-08-01T02:37:08.164+0000] GC(1300)   Post Evacuate Collection Set: 0.7ms
[2025-08-01T02:37:08.164+0000] GC(1300)   Other: 0.4ms
[2025-08-01T02:37:08.164+0000] GC(1300) Eden regions: 90->0(88)
[2025-08-01T02:37:08.164+0000] GC(1300) Survivor regions: 20->14(14)
[2025-08-01T02:37:08.164+0000] GC(1300) Old regions: 1532->1629
[2025-08-01T02:37:08.164+0000] GC(1300) Humongous regions: 0->0
[2025-08-01T02:37:08.164+0000] GC(1300) Metaspace: 9706K(12544K)->9706K(12544K) NonClass: 8540K(11008K)->8540K(11008K) Class: 1166K(1536K)->1166K(1536K)
[2025-08-01T02:37:08.164+0000] GC(1300) Pause Young (Normal) (G1 Evacuation Pause) 3280M->3282M(4096M) 35.831ms
[2025-08-01T02:37:08.164+0000] GC(1300) User=0.26s Sys=0.00s Real=0.04s
[2025-08-01T02:37:08.233+0000] GC(1301) Pause Young (Normal) (G1 Evacuation Pause)
[2025-08-01T02:37:08.233+0000] GC(1301) Using 8 workers of 8 for evacuation
[2025-08-01T02:37:08.275+0000] GC(1301)   Pre Evacuate Collection Set: 0.1ms
[2025-08-01T02:37:08.275+0000] GC(1301)   Evacuate Collection Set: 41.2ms
[2025-08-01T02:37:08.275+0000] GC(1301)   Post Evacuate Collection Set: 1.0ms
[2025-08-01T02:37:08.275+0000] GC(1301)   Other: 0.4ms
[2025-08-01T02:37:08.275+0000] GC(1301) Eden regions: 88->0(89)
[2025-08-01T02:37:08.275+0000] GC(1301) Survivor regions: 14->13(13)
[2025-08-01T02:37:08.275+0000] GC(1301) Old regions: 1629->1696
[2025-08-01T02:37:08.275+0000] GC(1301) Humongous regions: 0->0
[2025-08-01T02:37:08.275+0000] GC(1301) Metaspace: 9706K(12544K)->9706K(12544K) NonClass: 8540K(11008K)->8540K(11008K) Class: 1166K(1536K)->1166K(1536K)
[2025-08-01T02:37:08.275+0000] GC(1301) Pause Young (Normal) (G1 Evacuation Pause) 3458M->3414M(4096M) 42.838ms
[2025-08-01T02:37:08.276+0000] GC(1301) User=0.30s Sys=0.01s Real=0.05s
[2025-08-01T02:37:08.284+0000] GC(1298) Concurrent Mark From Roots 319.227ms
[2025-08-01T02:37:08.285+0000] GC(1298) Concurrent Preclean
[2025-08-01T02:37:08.285+0000] GC(1298) Concurrent Preclean 0.572ms
[2025-08-01T02:37:08.285+0000] GC(1298) Concurrent Mark (166.961s, 167.281s) 319.961ms
[2025-08-01T02:37:08.286+0000] GC(1298) Pause Remark
[2025-08-01T02:37:08.291+0000] GC(1298) Cleaned string and symbol table, strings: 2833 processed, 0 removed, symbols: 23489 processed, 0 removed
[2025-08-01T02:37:08.292+0000] GC(1298) Pause Remark 3506M->1612M(4096M) 6.457ms
[2025-08-01T02:37:08.292+0000] GC(1298) User=0.02s Sys=0.01s Real=0.00s
[2025-08-01T02:37:08.292+0000] GC(1298) Concurrent Rebuild Remembered Sets
[2025-08-01T02:37:08.302+0000] GC(1302) Pause Young (Normal) (G1 Evacuation Pause)
[2025-08-01T02:37:08.303+0000] GC(1302) Using 8 workers of 8 for evacuation
[2025-08-01T02:37:08.382+0000] GC(1302)   Pre Evacuate Collection Set: 0.1ms
[2025-08-01T02:37:08.382+0000] GC(1302)   Evacuate Collection Set: 77.8ms
[2025-08-01T02:37:08.382+0000] GC(1302)   Post Evacuate Collection Set: 1.0ms
[2025-08-01T02:37:08.382+0000] GC(1302)   Other: 0.3ms
[2025-08-01T02:37:08.382+0000] GC(1302) Eden regions: 89->0(326)
[2025-08-01T02:37:08.382+0000] GC(1302) Survivor regions: 13->13(13)
[2025-08-01T02:37:08.382+0000] GC(1302) Old regions: 749->841
[2025-08-01T02:37:08.382+0000] GC(1302) Humongous regions: 0->0
[2025-08-01T02:37:08.382+0000] GC(1302) Metaspace: 9706K(12544K)->9706K(12544K) NonClass: 8540K(11008K)->8540K(11008K) Class: 1166K(1536K)->1166K(1536K)
[2025-08-01T02:37:08.382+0000] GC(1302) Pause Young (Normal) (G1 Evacuation Pause) 1698M->1704M(4096M) 79.437ms
[2025-08-01T02:37:08.382+0000] GC(1302) User=0.58s Sys=0.02s Real=0.08s
[2025-08-01T02:37:08.549+0000] GC(1303) Pause Young (Normal) (G1 Evacuation Pause)
[2025-08-01T02:37:08.549+0000] GC(1303) Using 8 workers of 8 for evacuation
[2025-08-01T02:37:08.646+0000] GC(1303)   Pre Evacuate Collection Set: 0.1ms
[2025-08-01T02:37:08.646+0000] GC(1303)   Evacuate Collection Set: 95.4ms
[2025-08-01T02:37:08.646+0000] GC(1303)   Post Evacuate Collection Set: 1.0ms
[2025-08-01T02:37:08.646+0000] GC(1303)   Other: 0.3ms
[2025-08-01T02:37:08.646+0000] GC(1303) Eden regions: 326->0(225)
[2025-08-01T02:37:08.646+0000] GC(1303) Survivor regions: 13->43(43)
[2025-08-01T02:37:08.646+0000] GC(1303) Old regions: 841->1084
[2025-08-01T02:37:08.646+0000] GC(1303) Humongous regions: 0->0
[2025-08-01T02:37:08.646+0000] GC(1303) Metaspace: 9706K(12544K)->9706K(12544K) NonClass: 8540K(11008K)->8540K(11008K) Class: 1166K(1536K)->1166K(1536K)
[2025-08-01T02:37:08.646+0000] GC(1303) Pause Young (Normal) (G1 Evacuation Pause) 2356M->2251M(4096M) 96.895ms
[2025-08-01T02:37:08.646+0000] GC(1303) User=0.71s Sys=0.02s Real=0.10s
[2025-08-01T02:37:08.717+0000] GC(1298) Concurrent Rebuild Remembered Sets 424.147ms
[2025-08-01T02:37:08.717+0000] GC(1298) Pause Cleanup
[2025-08-01T02:37:08.718+0000] GC(1298) Pause Cleanup 2543M->2543M(4096M) 1.082ms
[2025-08-01T02:37:08.718+0000] GC(1298) User=0.00s Sys=0.00s Real=0.00s
[2025-08-01T02:37:08.718+0000] GC(1298) Concurrent Cleanup for Next Mark
[2025-08-01T02:37:08.733+0000] GC(1298) Concurrent Cleanup for Next Mark 14.597ms
[2025-08-01T02:37:08.733+0000] GC(1298) Concurrent Cycle 774.780ms
[2025-08-01T02:37:08.738+0000] GC(1304) Pause Young (Normal) (G1 Evacuation Pause)
[2025-08-01T02:37:08.738+0000] GC(1304) Using 8 workers of 8 for evacuation
[2025-08-01T02:37:08.814+0000] GC(1304)   Pre Evacuate Collection Set: 0.1ms
[2025-08-01T02:37:08.814+0000] GC(1304)   Evacuate Collection Set: 74.7ms
[2025-08-01T02:37:08.814+0000] GC(1304)   Post Evacuate Collection Set: 0.9ms
[2025-08-01T02:37:08.814+0000] GC(1304)   Other: 0.4ms
[2025-08-01T02:37:08.814+0000] GC(1304) Eden regions: 225->0(161)
[2025-08-01T02:37:08.814+0000] GC(1304) Survivor regions: 43->34(34)
[2025-08-01T02:37:08.814+0000] GC(1304) Old regions: 1084->1292
[2025-08-01T02:37:08.814+0000] GC(1304) Humongous regions: 0->0
[2025-08-01T02:37:08.814+0000] GC(1304) Metaspace: 9706K(12544K)->9706K(12544K) NonClass: 8540K(11008K)->8540K(11008K) Class: 1166K(1536K)->1166K(1536K)
[2025-08-01T02:37:08.814+0000] GC(1304) Pause Young (Normal) (G1 Evacuation Pause) 2701M->2649M(4096M) 76.295ms
[2025-08-01T02:37:08.815+0000] GC(1304) User=0.58s Sys=0.01s Real=0.08s
[2025-08-01T02:37:08.895+0000] GC(1305) Pause Young (Concurrent Start) (G1 Evacuation Pause)
[2025-08-01T02:37:08.895+0000] GC(1305) Using 8 workers of 8 for evacuation
[2025-08-01T02:37:08.989+0000] GC(1305)   Pre Evacuate Collection Set: 0.1ms
[2025-08-01T02:37:08.989+0000] GC(1305)   Evacuate Collection Set: 92.9ms
[2025-08-01T02:37:08.990+0000] GC(1305)   Post Evacuate Collection Set: 0.9ms
[2025-08-01T02:37:08.990+0000] GC(1305)   Other: 0.4ms
[2025-08-01T02:37:08.990+0000] GC(1305) Eden regions: 161->0(110)
[2025-08-01T02:37:08.990+0000] GC(1305) Survivor regions: 34->25(25)
[2025-08-01T02:37:08.990+0000] GC(1305) Old regions: 1292->1463
[2025-08-01T02:37:08.990+0000] GC(1305) Humongous regions: 0->0
[2025-08-01T02:37:08.990+0000] GC(1305) Metaspace: 9706K(12544K)->9706K(12544K) NonClass: 8540K(11008K)->8540K(11008K) Class: 1166K(1536K)->1166K(1536K)
[2025-08-01T02:37:08.990+0000] GC(1305) Pause Young (Concurrent Start) (G1 Evacuation Pause) 2971M->2973M(4096M) 94.535ms
[2025-08-01T02:37:08.990+0000] GC(1305) User=0.67s Sys=0.01s Real=0.09s
[2025-08-01T02:37:08.990+0000] GC(1306) Concurrent Cycle
[2025-08-01T02:37:08.990+0000] GC(1306) Concurrent Clear Claimed Marks
[2025-08-01T02:37:08.990+0000] GC(1306) Concurrent Clear Claimed Marks 0.057ms
[2025-08-01T02:37:08.990+0000] GC(1306) Concurrent Scan Root Regions
[2025-08-01T02:37:09.002+0000] GC(1306) Concurrent Scan Root Regions 11.688ms
[2025-08-01T02:37:09.002+0000] GC(1306) Concurrent Mark (167.997s)
[2025-08-01T02:37:09.002+0000] GC(1306) Concurrent Mark From Roots
[2025-08-01T02:37:09.002+0000] GC(1306) Using 2 workers of 2 for marking
[2025-08-01T02:37:09.023+0000] GC(1307) Pause Young (Normal) (G1 Evacuation Pause)
[2025-08-01T02:37:09.023+0000] GC(1307) Using 8 workers of 8 for evacuation
[2025-08-01T02:37:09.061+0000] GC(1307)   Pre Evacuate Collection Set: 0.1ms
[2025-08-01T02:37:09.061+0000] GC(1307)   Evacuate Collection Set: 37.6ms
[2025-08-01T02:37:09.062+0000] GC(1307)   Post Evacuate Collection Set: 0.6ms
[2025-08-01T02:37:09.062+0000] GC(1307)   Other: 0.4ms
[2025-08-01T02:37:09.062+0000] GC(1307) Eden regions: 110->0(85)
[2025-08-01T02:37:09.062+0000] GC(1307) Survivor regions: 25->17(17)
[2025-08-01T02:37:09.062+0000] GC(1307) Old regions: 1463->1583
[2025-08-01T02:37:09.062+0000] GC(1307) Humongous regions: 0->0
[2025-08-01T02:37:09.062+0000] GC(1307) Metaspace: 9706K(12544K)->9706K(12544K) NonClass: 8540K(11008K)->8540K(11008K) Class: 1166K(1536K)->1166K(1536K)
[2025-08-01T02:37:09.062+0000] GC(1307) Pause Young (Normal) (G1 Evacuation Pause) 3193M->3196M(4096M) 38.865ms
[2025-08-01T02:37:09.062+0000] GC(1307) User=0.30s Sys=0.00s Real=0.04s
[2025-08-01T02:37:09.128+0000] GC(1308) Pause Young (Normal) (G1 Evacuation Pause)
[2025-08-01T02:37:09.128+0000] GC(1308) Using 8 workers of 8 for evacuation
[2025-08-01T02:37:09.164+0000] GC(1308)   Pre Evacuate Collection Set: 0.1ms
[2025-08-01T02:37:09.164+0000] GC(1308)   Evacuate Collection Set: 34.7ms
[2025-08-01T02:37:09.164+0000] GC(1308)   Post Evacuate Collection Set: 0.6ms
[2025-08-01T02:37:09.164+0000] GC(1308)   Other: 0.3ms
[2025-08-01T02:37:09.164+0000] GC(1308) Eden regions: 85->0(89)
[2025-08-01T02:37:09.164+0000] GC(1308) Survivor regions: 17->13(13)
[2025-08-01T02:37:09.164+0000] GC(1308) Old regions: 1583->1671
[2025-08-01T02:37:09.164+0000] GC(1308) Humongous regions: 0->0
[2025-08-01T02:37:09.164+0000] GC(1308) Metaspace: 9706K(12544K)->9706K(12544K) NonClass: 8540K(11008K)->8540K(11008K) Class: 1166K(1536K)->1166K(1536K)
[2025-08-01T02:37:09.164+0000] GC(1308) Pause Young (Normal) (G1 Evacuation Pause) 3366M->3364M(4096M) 35.870ms
[2025-08-01T02:37:09.164+0000] GC(1308) User=0.27s Sys=0.01s Real=0.04s
[2025-08-01T02:37:09.181+0000] GC(1309) Pause Young (Normal) (G1 Evacuation Pause)
[2025-08-01T02:37:09.182+0000] GC(1309) Using 8 workers of 8 for evacuation
[2025-08-01T02:37:09.213+0000] GC(1309)   Pre Evacuate Collection Set: 0.1ms
[2025-08-01T02:37:09.213+0000] GC(1309)   Evacuate Collection Set: 30.7ms
[2025-08-01T02:37:09.213+0000] GC(1309)   Post Evacuate Collection Set: 0.7ms
[2025-08-01T02:37:09.213+0000] GC(1309)   Other: 0.3ms
[2025-08-01T02:37:09.213+0000] GC(1309) Eden regions: 89->0(89)
[2025-08-01T02:37:09.213+0000] GC(1309) Survivor regions: 13->13(13)
[2025-08-01T02:37:09.213+0000] GC(1309) Old regions: 1671->1762
[2025-08-01T02:37:09.213+0000] GC(1309) Humongous regions: 0->0
[2025-08-01T02:37:09.213+0000] GC(1309) Metaspace: 9706K(12544K)->9706K(12544K) NonClass: 8540K(11008K)->8540K(11008K) Class: 1166K(1536K)->1166K(1536K)
[2025-08-01T02:37:09.213+0000] GC(1309) Pause Young (Normal) (G1 Evacuation Pause) 3542M->3546M(4096M) 31.915ms
[2025-08-01T02:37:09.213+0000] GC(1309) User=0.23s Sys=0.00s Real=0.04s
[2025-08-01T02:37:09.283+0000] GC(1310) Pause Young (Normal) (G1 Evacuation Pause)
[2025-08-01T02:37:09.283+0000] GC(1310) Using 8 workers of 8 for evacuation
[2025-08-01T02:37:09.327+0000] GC(1310)   Pre Evacuate Collection Set: 0.1ms
[2025-08-01T02:37:09.328+0000] GC(1310)   Evacuate Collection Set: 43.4ms
[2025-08-01T02:37:09.328+0000] GC(1310)   Post Evacuate Collection Set: 0.6ms
[2025-08-01T02:37:09.328+0000] GC(1310)   Other: 0.3ms
[2025-08-01T02:37:09.328+0000] GC(1310) Eden regions: 89->0(89)
[2025-08-01T02:37:09.328+0000] GC(1310) Survivor regions: 13->13(13)
[2025-08-01T02:37:09.328+0000] GC(1310) Old regions: 1762->1821
[2025-08-01T02:37:09.328+0000] GC(1310) Humongous regions: 0->0
[2025-08-01T02:37:09.328+0000] GC(1310) Metaspace: 9706K(12544K)->9706K(12544K) NonClass: 8540K(11008K)->8540K(11008K) Class: 1166K(1536K)->1166K(1536K)
[2025-08-01T02:37:09.328+0000] GC(1310) Pause Young (Normal) (G1 Evacuation Pause) 3724M->3665M(4096M) 44.594ms
[2025-08-01T02:37:09.328+0000] GC(1310) User=0.31s Sys=0.02s Real=0.04s
[2025-08-01T02:37:09.350+0000] GC(1311) Pause Young (Normal) (G1 Evacuation Pause)
[2025-08-01T02:37:09.350+0000] GC(1311) Using 8 workers of 8 for evacuation
[2025-08-01T02:37:09.391+0000] GC(1311)   Pre Evacuate Collection Set: 0.1ms
[2025-08-01T02:37:09.392+0000] GC(1311)   Evacuate Collection Set: 39.7ms
[2025-08-01T02:37:09.392+0000] GC(1311)   Post Evacuate Collection Set: 1.0ms
[2025-08-01T02:37:09.392+0000] GC(1311)   Other: 0.3ms
[2025-08-01T02:37:09.392+0000] GC(1311) Eden regions: 89->0(89)
[2025-08-01T02:37:09.392+0000] GC(1311) Survivor regions: 13->13(13)
[2025-08-01T02:37:09.392+0000] GC(1311) Old regions: 1821->1912
[2025-08-01T02:37:09.392+0000] GC(1311) Humongous regions: 0->0
[2025-08-01T02:37:09.392+0000] GC(1311) Metaspace: 9706K(12544K)->9706K(12544K) NonClass: 8540K(11008K)->8540K(11008K) Class: 1166K(1536K)->1166K(1536K)
[2025-08-01T02:37:09.392+0000] GC(1311) Pause Young (Normal) (G1 Evacuation Pause) 3843M->3846M(4096M) 41.262ms
[2025-08-01T02:37:09.392+0000] GC(1311) User=0.29s Sys=0.01s Real=0.04s
[2025-08-01T02:37:09.449+0000] GC(1312) Pause Young (Normal) (G1 Evacuation Pause)
[2025-08-01T02:37:09.449+0000] GC(1312) Using 8 workers of 8 for evacuation
[2025-08-01T02:37:09.488+0000] GC(1312) To-space exhausted
[2025-08-01T02:37:09.488+0000] GC(1312)   Pre Evacuate Collection Set: 0.1ms
[2025-08-01T02:37:09.488+0000] GC(1312)   Evacuate Collection Set: 30.1ms
[2025-08-01T02:37:09.488+0000] GC(1312)   Post Evacuate Collection Set: 8.7ms
[2025-08-01T02:37:09.488+0000] GC(1312)   Other: 0.3ms
[2025-08-01T02:37:09.488+0000] GC(1312) Eden regions: 89->0(89)
[2025-08-01T02:37:09.488+0000] GC(1312) Survivor regions: 13->13(13)
[2025-08-01T02:37:09.488+0000] GC(1312) Old regions: 1912->2012
[2025-08-01T02:37:09.488+0000] GC(1312) Humongous regions: 0->0
[2025-08-01T02:37:09.489+0000] GC(1312) Metaspace: 9706K(12544K)->9706K(12544K) NonClass: 8540K(11008K)->8540K(11008K) Class: 1166K(1536K)->1166K(1536K)
[2025-08-01T02:37:09.489+0000] GC(1312) Pause Young (Normal) (G1 Evacuation Pause) 4024M->4047M(4096M) 39.322ms
[2025-08-01T02:37:09.489+0000] GC(1312) User=0.30s Sys=0.00s Real=0.04s
[2025-08-01T02:37:09.494+0000] GC(1313) Pause Young (Normal) (G1 Evacuation Pause)
[2025-08-01T02:37:09.494+0000] GC(1313) Using 8 workers of 8 for evacuation
[2025-08-01T02:37:09.509+0000] GC(1313) To-space exhausted
[2025-08-01T02:37:09.509+0000] GC(1313)   Pre Evacuate Collection Set: 0.1ms
[2025-08-01T02:37:09.509+0000] GC(1313)   Evacuate Collection Set: 10.3ms
[2025-08-01T02:37:09.509+0000] GC(1313)   Post Evacuate Collection Set: 4.4ms
[2025-08-01T02:37:09.509+0000] GC(1313)   Other: 0.4ms
[2025-08-01T02:37:09.509+0000] GC(1313) Eden regions: 23->0(102)
[2025-08-01T02:37:09.509+0000] GC(1313) Survivor regions: 13->0(13)
[2025-08-01T02:37:09.509+0000] GC(1313) Old regions: 2012->2048
[2025-08-01T02:37:09.509+0000] GC(1313) Humongous regions: 0->0
[2025-08-01T02:37:09.509+0000] GC(1313) Metaspace: 9706K(12544K)->9706K(12544K) NonClass: 8540K(11008K)->8540K(11008K) Class: 1166K(1536K)->1166K(1536K)
[2025-08-01T02:37:09.509+0000] GC(1313) Pause Young (Normal) (G1 Evacuation Pause) 4093M->4093M(4096M) 15.377ms
[2025-08-01T02:37:09.509+0000] GC(1313) User=0.09s Sys=0.01s Real=0.01s
[2025-08-01T02:37:09.509+0000] GC(1314) Using 8 workers of 8 for full compaction
[2025-08-01T02:37:09.509+0000] GC(1314) Pause Full (G1 Evacuation Pause)
[2025-08-01T02:37:09.515+0000] GC(1314) Phase 1: Mark live objects
[2025-08-01T02:37:09.539+0000] GC(1314) Cleaned string and symbol table, strings: 2833 processed, 0 removed, symbols: 23489 processed, 0 removed
[2025-08-01T02:37:09.539+0000] GC(1314) Phase 1: Mark live objects 23.579ms
[2025-08-01T02:37:09.539+0000] GC(1314) Phase 2: Prepare for compaction
[2025-08-01T02:37:09.565+0000] GC(1314) Phase 2: Prepare for compaction 25.641ms
[2025-08-01T02:37:09.565+0000] GC(1314) Phase 3: Adjust pointers
[2025-08-01T02:37:09.592+0000] GC(1314) Phase 3: Adjust pointers 26.809ms
[2025-08-01T02:37:09.592+0000] GC(1314) Phase 4: Compact heap
[2025-08-01T02:37:09.669+0000] GC(1314) Phase 4: Compact heap 77.067ms
[2025-08-01T02:37:09.671+0000] GC(1314) Eden regions: 0->0(538)
[2025-08-01T02:37:09.671+0000] GC(1314) Survivor regions: 0->0(13)
[2025-08-01T02:37:09.671+0000] GC(1314) Old regions: 2048->271
[2025-08-01T02:37:09.671+0000] GC(1314) Humongous regions: 0->0
[2025-08-01T02:37:09.671+0000] GC(1314) Metaspace: 9706K(12544K)->9706K(12544K) NonClass: 8540K(11008K)->8540K(11008K) Class: 1166K(1536K)->1166K(1536K)
[2025-08-01T02:37:09.671+0000] GC(1314) Pause Full (G1 Evacuation Pause) 4093M->532M(4096M) 161.925ms
[2025-08-01T02:37:09.671+0000] GC(1314) User=1.17s Sys=0.01s Real=0.16s
[2025-08-01T02:37:09.672+0000] GC(1306) Concurrent Mark From Roots 670.422ms
[2025-08-01T02:37:09.672+0000] GC(1306) Concurrent Mark Abort
[2025-08-01T02:37:09.672+0000] GC(1306) Concurrent Cycle 682.503ms
[2025-08-01T02:37:09.945+0000] GC(1315) Pause Young (Normal) (G1 Evacuation Pause)
[2025-08-01T02:37:09.945+0000] GC(1315) Using 8 workers of 8 for evacuation
[2025-08-01T02:37:10.196+0000] GC(1315) MMU target violated: 201.0ms (200.0ms/201.0ms)
[2025-08-01T02:37:10.196+0000] GC(1315)   Pre Evacuate Collection Set: 0.1ms
[2025-08-01T02:37:10.196+0000] GC(1315)   Evacuate Collection Set: 249.3ms
[2025-08-01T02:37:10.196+0000] GC(1315)   Post Evacuate Collection Set: 1.1ms
[2025-08-01T02:37:10.196+0000] GC(1315)   Other: 0.4ms
[2025-08-01T02:37:10.196+0000] GC(1315) Eden regions: 538->0(371)
[2025-08-01T02:37:10.196+0000] GC(1315) Survivor regions: 0->68(68)
[2025-08-01T02:37:10.196+0000] GC(1315) Old regions: 271->657
[2025-08-01T02:37:10.196+0000] GC(1315) Humongous regions: 0->0
[2025-08-01T02:37:10.196+0000] GC(1315) Metaspace: 9706K(12544K)->9706K(12544K) NonClass: 8540K(11008K)->8540K(11008K) Class: 1166K(1536K)->1166K(1536K)
[2025-08-01T02:37:10.196+0000] GC(1315) Pause Young (Normal) (G1 Evacuation Pause) 1608M->1438M(4096M) 250.996ms
[2025-08-01T02:37:10.196+0000] GC(1315) User=1.85s Sys=0.07s Real=0.25s
[2025-08-01T02:37:10.368+0000] GC(1316) Pause Young (Concurrent Start) (G1 Evacuation Pause)
[2025-08-01T02:37:10.368+0000] GC(1316) Using 8 workers of 8 for evacuation
[2025-08-01T02:37:10.470+0000] GC(1316)   Pre Evacuate Collection Set: 0.1ms
[2025-08-01T02:37:10.470+0000] GC(1316)   Evacuate Collection Set: 99.8ms
[2025-08-01T02:37:10.470+0000] GC(1316)   Post Evacuate Collection Set: 1.0ms
[2025-08-01T02:37:10.470+0000] GC(1316)   Other: 0.4ms
[2025-08-01T02:37:10.470+0000] GC(1316) Eden regions: 371->0(334)
[2025-08-01T02:37:10.470+0000] GC(1316) Survivor regions: 68->55(55)
[2025-08-01T02:37:10.470+0000] GC(1316) Old regions: 657->818
[2025-08-01T02:37:10.470+0000] GC(1316) Humongous regions: 0->0
[2025-08-01T02:37:10.470+0000] GC(1316) Metaspace: 9706K(12544K)->9706K(12544K) NonClass: 8540K(11008K)->8540K(11008K) Class: 1166K(1536K)->1166K(1536K)
[2025-08-01T02:37:10.470+0000] GC(1316) Pause Young (Concurrent Start) (G1 Evacuation Pause) 2180M->1736M(4096M) 101.542ms
[2025-08-01T02:37:10.470+0000] GC(1316) User=0.72s Sys=0.02s Real=0.10s
[2025-08-01T02:37:10.470+0000] GC(1317) Concurrent Cycle
[2025-08-01T02:37:10.470+0000] GC(1317) Concurrent Clear Claimed Marks
[2025-08-01T02:37:10.470+0000] GC(1317) Concurrent Clear Claimed Marks 0.069ms
[2025-08-01T02:37:10.470+0000] GC(1317) Concurrent Scan Root Regions
[2025-08-01T02:37:10.488+0000] GC(1317) Concurrent Scan Root Regions 17.337ms
[2025-08-01T02:37:10.488+0000] GC(1317) Concurrent Mark (169.483s)
[2025-08-01T02:37:10.488+0000] GC(1317) Concurrent Mark From Roots
[2025-08-01T02:37:10.488+0000] GC(1317) Using 2 workers of 2 for marking
[2025-08-01T02:37:10.582+0000] GC(1317) Concurrent Mark From Roots 94.620ms
[2025-08-01T02:37:10.582+0000] GC(1317) Concurrent Preclean
[2025-08-01T02:37:10.583+0000] GC(1317) Concurrent Preclean 0.198ms
[2025-08-01T02:37:10.583+0000] GC(1317) Concurrent Mark (169.483s, 169.578s) 94.929ms
[2025-08-01T02:37:10.583+0000] GC(1317) Pause Remark
[2025-08-01T02:37:10.587+0000] GC(1317) Cleaned string and symbol table, strings: 2833 processed, 0 removed, symbols: 23489 processed, 0 removed
[2025-08-01T02:37:10.588+0000] GC(1317) Pause Remark 2284M->1433M(4096M) 5.062ms
[2025-08-01T02:37:10.588+0000] GC(1317) User=0.02s Sys=0.00s Real=0.00s
[2025-08-01T02:37:10.588+0000] GC(1317) Concurrent Rebuild Remembered Sets
[2025-08-01T02:37:10.603+0000] GC(1318) Pause Young (Normal) (G1 Evacuation Pause)
[2025-08-01T02:37:10.603+0000] GC(1318) Using 8 workers of 8 for evacuation
[2025-08-01T02:37:10.706+0000] GC(1318)   Pre Evacuate Collection Set: 0.1ms
[2025-08-01T02:37:10.706+0000] GC(1318)   Evacuate Collection Set: 101.8ms
[2025-08-01T02:37:10.706+0000] GC(1318)   Post Evacuate Collection Set: 1.3ms
[2025-08-01T02:37:10.706+0000] GC(1318)   Other: 0.3ms
[2025-08-01T02:37:10.706+0000] GC(1318) Eden regions: 334->0(412)
[2025-08-01T02:37:10.706+0000] GC(1318) Survivor regions: 55->49(49)
[2025-08-01T02:37:10.707+0000] GC(1318) Old regions: 389->626
[2025-08-01T02:37:10.707+0000] GC(1318) Humongous regions: 0->0
[2025-08-01T02:37:10.707+0000] GC(1318) Metaspace: 9706K(12544K)->9706K(12544K) NonClass: 8540K(11008K)->8540K(11008K) Class: 1166K(1536K)->1166K(1536K)
[2025-08-01T02:37:10.707+0000] GC(1318) Pause Young (Normal) (G1 Evacuation Pause) 1553M->1347M(4096M) 103.623ms
[2025-08-01T02:37:10.707+0000] GC(1318) User=0.77s Sys=0.02s Real=0.10s
[2025-08-01T02:37:10.780+0000] GC(1317) Concurrent Rebuild Remembered Sets 191.950ms
[2025-08-01T02:37:10.780+0000] GC(1317) Pause Cleanup
[2025-08-01T02:37:10.783+0000] GC(1317) Pause Cleanup 1714M->1714M(4096M) 2.583ms
[2025-08-01T02:37:10.783+0000] GC(1317) User=0.01s Sys=0.00s Real=0.01s
[2025-08-01T02:37:10.783+0000] GC(1317) Concurrent Cleanup for Next Mark
[2025-08-01T02:37:10.796+0000] GC(1317) Concurrent Cleanup for Next Mark 12.282ms
[2025-08-01T02:37:10.796+0000] GC(1317) Concurrent Cycle 325.568ms
[2025-08-01T02:37:10.879+0000] GC(1319) Pause Young (Prepare Mixed) (G1 Evacuation Pause)
[2025-08-01T02:37:10.879+0000] GC(1319) Using 8 workers of 8 for evacuation
[2025-08-01T02:37:11.006+0000] GC(1319)   Pre Evacuate Collection Set: 0.1ms
[2025-08-01T02:37:11.006+0000] GC(1319)   Evacuate Collection Set: 125.9ms
[2025-08-01T02:37:11.006+0000] GC(1319)   Post Evacuate Collection Set: 1.5ms
[2025-08-01T02:37:11.006+0000] GC(1319)   Other: 0.4ms
[2025-08-01T02:37:11.006+0000] GC(1319) Eden regions: 412->0(44)
[2025-08-01T02:37:11.006+0000] GC(1319) Survivor regions: 49->58(58)
[2025-08-01T02:37:11.006+0000] GC(1319) Old regions: 626->815
[2025-08-01T02:37:11.006+0000] GC(1319) Humongous regions: 0->0
[2025-08-01T02:37:11.006+0000] GC(1319) Metaspace: 9706K(12544K)->9706K(12544K) NonClass: 8540K(11008K)->8540K(11008K) Class: 1166K(1536K)->1166K(1536K)
[2025-08-01T02:37:11.007+0000] GC(1319) Pause Young (Prepare Mixed) (G1 Evacuation Pause) 2171M->1743M(4096M) 127.994ms
[2025-08-01T02:37:11.007+0000] GC(1319) User=0.93s Sys=0.04s Real=0.13s
[2025-08-01T02:37:11.019+0000] GC(1320) Pause Young (Mixed) (G1 Evacuation Pause)
[2025-08-01T02:37:11.019+0000] GC(1320) Using 8 workers of 8 for evacuation
[2025-08-01T02:37:11.065+0000] GC(1320)   Pre Evacuate Collection Set: 0.1ms
[2025-08-01T02:37:11.065+0000] GC(1320)   Evacuate Collection Set: 44.9ms
[2025-08-01T02:37:11.065+0000] GC(1320)   Post Evacuate Collection Set: 0.9ms
[2025-08-01T02:37:11.065+0000] GC(1320)   Other: 0.3ms
[2025-08-01T02:37:11.065+0000] GC(1320) Eden regions: 44->0(361)
[2025-08-01T02:37:11.065+0000] GC(1320) Survivor regions: 58->13(13)
[2025-08-01T02:37:11.065+0000] GC(1320) Old regions: 815->829
[2025-08-01T02:37:11.065+0000] GC(1320) Humongous regions: 0->0
[2025-08-01T02:37:11.065+0000] GC(1320) Metaspace: 9706K(12544K)->9706K(12544K) NonClass: 8540K(11008K)->8540K(11008K) Class: 1166K(1536K)->1166K(1536K)
[2025-08-01T02:37:11.065+0000] GC(1320) Pause Young (Mixed) (G1 Evacuation Pause) 1831M->1680M(4096M) 46.432ms
[2025-08-01T02:37:11.065+0000] GC(1320) User=0.34s Sys=0.00s Real=0.05s
[2025-08-01T02:37:11.243+0000] GC(1321) Pause Young (Concurrent Start) (G1 Evacuation Pause)
[2025-08-01T02:37:11.243+0000] GC(1321) Using 8 workers of 8 for evacuation
[2025-08-01T02:37:11.499+0000] GC(1321) MMU target violated: 201.0ms (200.0ms/201.0ms)
[2025-08-01T02:37:11.500+0000] GC(1321)   Pre Evacuate Collection Set: 0.1ms
[2025-08-01T02:37:11.500+0000] GC(1321)   Evacuate Collection Set: 255.1ms
[2025-08-01T02:37:11.500+0000] GC(1321)   Post Evacuate Collection Set: 0.9ms
[2025-08-01T02:37:11.500+0000] GC(1321)   Other: 0.7ms
[2025-08-01T02:37:11.500+0000] GC(1321) Eden regions: 361->0(216)
[2025-08-01T02:37:11.500+0000] GC(1321) Survivor regions: 13->47(47)
[2025-08-01T02:37:11.500+0000] GC(1321) Old regions: 829->1134
[2025-08-01T02:37:11.500+0000] GC(1321) Humongous regions: 0->0
[2025-08-01T02:37:11.500+0000] GC(1321) Metaspace: 9706K(12544K)->9706K(12544K) NonClass: 8540K(11008K)->8540K(11008K) Class: 1166K(1536K)->1166K(1536K)
[2025-08-01T02:37:11.500+0000] GC(1321) Pause Young (Concurrent Start) (G1 Evacuation Pause) 2402M->2358M(4096M) 256.972ms
[2025-08-01T02:37:11.500+0000] GC(1321) User=1.90s Sys=0.06s Real=0.26s
[2025-08-01T02:37:11.500+0000] GC(1322) Concurrent Cycle
[2025-08-01T02:37:11.500+0000] GC(1322) Concurrent Clear Claimed Marks
[2025-08-01T02:37:11.500+0000] GC(1322) Concurrent Clear Claimed Marks 0.144ms
[2025-08-01T02:37:11.500+0000] GC(1322) Concurrent Scan Root Regions
[2025-08-01T02:37:11.513+0000] GC(1322) Concurrent Scan Root Regions 12.485ms
[2025-08-01T02:37:11.513+0000] GC(1322) Concurrent Mark (170.508s)
[2025-08-01T02:37:11.513+0000] GC(1322) Concurrent Mark From Roots
[2025-08-01T02:37:11.513+0000] GC(1322) Using 2 workers of 2 for marking
[2025-08-01T02:37:11.596+0000] GC(1323) Pause Young (Normal) (G1 Evacuation Pause)
[2025-08-01T02:37:11.596+0000] GC(1323) Using 8 workers of 8 for evacuation
[2025-08-01T02:37:11.677+0000] GC(1323)   Pre Evacuate Collection Set: 0.1ms
[2025-08-01T02:37:11.677+0000] GC(1323)   Evacuate Collection Set: 80.0ms
[2025-08-01T02:37:11.677+0000] GC(1323)   Post Evacuate Collection Set: 0.8ms
[2025-08-01T02:37:11.677+0000] GC(1323)   Other: 0.3ms
[2025-08-01T02:37:11.677+0000] GC(1323) Eden regions: 216->0(152)
[2025-08-01T02:37:11.677+0000] GC(1323) Survivor regions: 47->33(33)
[2025-08-01T02:37:11.677+0000] GC(1323) Old regions: 1134->1334
[2025-08-01T02:37:11.677+0000] GC(1323) Humongous regions: 0->0
[2025-08-01T02:37:11.677+0000] GC(1323) Metaspace: 9706K(12544K)->9706K(12544K) NonClass: 8540K(11008K)->8540K(11008K) Class: 1166K(1536K)->1166K(1536K)
[2025-08-01T02:37:11.677+0000] GC(1323) Pause Young (Normal) (G1 Evacuation Pause) 2790M->2731M(4096M) 81.426ms
[2025-08-01T02:37:11.677+0000] GC(1323) User=0.63s Sys=0.01s Real=0.08s
[2025-08-01T02:37:11.760+0000] GC(1324) Pause Young (Normal) (G1 Evacuation Pause)
[2025-08-01T02:37:11.760+0000] GC(1324) Using 8 workers of 8 for evacuation
[2025-08-01T02:37:11.815+0000] GC(1324)   Pre Evacuate Collection Set: 0.1ms
[2025-08-01T02:37:11.815+0000] GC(1324)   Evacuate Collection Set: 54.1ms
[2025-08-01T02:37:11.816+0000] GC(1324)   Post Evacuate Collection Set: 0.7ms
[2025-08-01T02:37:11.816+0000] GC(1324)   Other: 0.3ms
[2025-08-01T02:37:11.816+0000] GC(1324) Eden regions: 152->0(101)
[2025-08-01T02:37:11.816+0000] GC(1324) Survivor regions: 33->24(24)
[2025-08-01T02:37:11.816+0000] GC(1324) Old regions: 1334->1496
[2025-08-01T02:37:11.816+0000] GC(1324) Humongous regions: 0->0
[2025-08-01T02:37:11.816+0000] GC(1324) Metaspace: 9706K(12544K)->9706K(12544K) NonClass: 8540K(11008K)->8540K(11008K) Class: 1166K(1536K)->1166K(1536K)
[2025-08-01T02:37:11.816+0000] GC(1324) Pause Young (Normal) (G1 Evacuation Pause) 3035M->3037M(4096M) 55.387ms
[2025-08-01T02:37:11.816+0000] GC(1324) User=0.42s Sys=0.00s Real=0.06s
[2025-08-01T02:37:11.858+0000] GC(1322) Concurrent Mark From Roots 345.508ms
[2025-08-01T02:37:11.858+0000] GC(1322) Concurrent Preclean
[2025-08-01T02:37:11.859+0000] GC(1322) Concurrent Preclean 0.299ms
[2025-08-01T02:37:11.859+0000] GC(1322) Concurrent Mark (170.508s, 170.854s) 345.910ms
[2025-08-01T02:37:11.859+0000] GC(1322) Pause Remark
[2025-08-01T02:37:11.862+0000] GC(1322) Cleaned string and symbol table, strings: 2833 processed, 0 removed, symbols: 23489 processed, 0 removed
[2025-08-01T02:37:11.863+0000] GC(1322) Pause Remark 3204M->2098M(4096M) 4.220ms
[2025-08-01T02:37:11.863+0000] GC(1322) User=0.02s Sys=0.00s Real=0.01s
[2025-08-01T02:37:11.863+0000] GC(1322) Concurrent Rebuild Remembered Sets
[2025-08-01T02:37:11.883+0000] GC(1325) Pause Young (Normal) (G1 Evacuation Pause)
[2025-08-01T02:37:11.883+0000] GC(1325) Using 8 workers of 8 for evacuation
[2025-08-01T02:37:11.915+0000] GC(1325)   Pre Evacuate Collection Set: 0.1ms
[2025-08-01T02:37:11.915+0000] GC(1325)   Evacuate Collection Set: 30.2ms
[2025-08-01T02:37:11.915+0000] GC(1325)   Post Evacuate Collection Set: 0.8ms
[2025-08-01T02:37:11.915+0000] GC(1325)   Other: 0.3ms
[2025-08-01T02:37:11.915+0000] GC(1325) Eden regions: 101->0(275)
[2025-08-01T02:37:11.915+0000] GC(1325) Survivor regions: 24->16(16)
[2025-08-01T02:37:11.915+0000] GC(1325) Old regions: 943->1005
[2025-08-01T02:37:11.915+0000] GC(1325) Humongous regions: 0->0
[2025-08-01T02:37:11.915+0000] GC(1325) Metaspace: 9706K(12544K)->9706K(12544K) NonClass: 8540K(11008K)->8540K(11008K) Class: 1166K(1536K)->1166K(1536K)
[2025-08-01T02:37:11.915+0000] GC(1325) Pause Young (Normal) (G1 Evacuation Pause) 2133M->2039M(4096M) 31.557ms
[2025-08-01T02:37:11.915+0000] GC(1325) User=0.22s Sys=0.00s Real=0.03s
[2025-08-01T02:37:12.017+0000] GC(1326) Pause Young (Normal) (G1 Evacuation Pause)
[2025-08-01T02:37:12.017+0000] GC(1326) Using 8 workers of 8 for evacuation
[2025-08-01T02:37:12.107+0000] GC(1326)   Pre Evacuate Collection Set: 0.1ms
[2025-08-01T02:37:12.107+0000] GC(1326)   Evacuate Collection Set: 89.3ms
[2025-08-01T02:37:12.107+0000] GC(1326)   Post Evacuate Collection Set: 0.7ms
[2025-08-01T02:37:12.107+0000] GC(1326)   Other: 0.4ms
[2025-08-01T02:37:12.107+0000] GC(1326) Eden regions: 275->0(192)
[2025-08-01T02:37:12.107+0000] GC(1326) Survivor regions: 16->37(37)
[2025-08-01T02:37:12.107+0000] GC(1326) Old regions: 1005->1214
[2025-08-01T02:37:12.107+0000] GC(1326) Humongous regions: 0->0
[2025-08-01T02:37:12.107+0000] GC(1326) Metaspace: 9706K(12544K)->9706K(12544K) NonClass: 8540K(11008K)->8540K(11008K) Class: 1166K(1536K)->1166K(1536K)
[2025-08-01T02:37:12.107+0000] GC(1326) Pause Young (Normal) (G1 Evacuation Pause) 2589M->2498M(4096M) 90.586ms
[2025-08-01T02:37:12.107+0000] GC(1326) User=0.63s Sys=0.04s Real=0.09s
[2025-08-01T02:37:12.194+0000] GC(1327) Pause Young (Normal) (G1 Evacuation Pause)
[2025-08-01T02:37:12.194+0000] GC(1327) Using 8 workers of 8 for evacuation
[2025-08-01T02:37:12.267+0000] GC(1327)   Pre Evacuate Collection Set: 0.1ms
[2025-08-01T02:37:12.267+0000] GC(1327)   Evacuate Collection Set: 71.0ms
[2025-08-01T02:37:12.267+0000] GC(1327)   Post Evacuate Collection Set: 0.9ms
[2025-08-01T02:37:12.267+0000] GC(1327)   Other: 0.3ms
[2025-08-01T02:37:12.267+0000] GC(1327) Eden regions: 192->0(125)
[2025-08-01T02:37:12.267+0000] GC(1327) Survivor regions: 37->29(29)
[2025-08-01T02:37:12.267+0000] GC(1327) Old regions: 1214->1416
[2025-08-01T02:37:12.267+0000] GC(1327) Humongous regions: 0->0
[2025-08-01T02:37:12.267+0000] GC(1327) Metaspace: 9706K(12544K)->9706K(12544K) NonClass: 8540K(11008K)->8540K(11008K) Class: 1166K(1536K)->1166K(1536K)
[2025-08-01T02:37:12.267+0000] GC(1327) Pause Young (Normal) (G1 Evacuation Pause) 2882M->2886M(4096M) 72.542ms
[2025-08-01T02:37:12.267+0000] GC(1327) User=0.56s Sys=0.00s Real=0.07s
[2025-08-01T02:37:12.336+0000] GC(1328) Pause Young (Normal) (G1 Evacuation Pause)
[2025-08-01T02:37:12.336+0000] GC(1328) Using 8 workers of 8 for evacuation
[2025-08-01T02:37:12.419+0000] GC(1328)   Pre Evacuate Collection Set: 0.1ms
[2025-08-01T02:37:12.419+0000] GC(1328)   Evacuate Collection Set: 81.6ms
[2025-08-01T02:37:12.419+0000] GC(1328)   Post Evacuate Collection Set: 0.7ms
[2025-08-01T02:37:12.419+0000] GC(1328)   Other: 0.3ms
[2025-08-01T02:37:12.419+0000] GC(1328) Eden regions: 125->0(98)
[2025-08-01T02:37:12.419+0000] GC(1328) Survivor regions: 29->20(20)
[2025-08-01T02:37:12.419+0000] GC(1328) Old regions: 1416->1517
[2025-08-01T02:37:12.419+0000] GC(1328) Humongous regions: 0->0
[2025-08-01T02:37:12.419+0000] GC(1328) Metaspace: 9706K(12544K)->9706K(12544K) NonClass: 8540K(11008K)->8540K(11008K) Class: 1166K(1536K)->1166K(1536K)
[2025-08-01T02:37:12.419+0000] GC(1328) Pause Young (Normal) (G1 Evacuation Pause) 3136M->3071M(4096M) 82.889ms
[2025-08-01T02:37:12.419+0000] GC(1328) User=0.63s Sys=0.02s Real=0.08s
[2025-08-01T02:37:12.427+0000] GC(1322) Concurrent Rebuild Remembered Sets 563.787ms
[2025-08-01T02:37:12.428+0000] GC(1322) Pause Cleanup
[2025-08-01T02:37:12.429+0000] GC(1322) Pause Cleanup 3165M->3165M(4096M) 0.743ms
[2025-08-01T02:37:12.429+0000] GC(1322) User=0.00s Sys=0.00s Real=0.00s
[2025-08-01T02:37:12.429+0000] GC(1322) Concurrent Cleanup for Next Mark
[2025-08-01T02:37:12.441+0000] GC(1329) Pause Young (Prepare Mixed) (G1 Evacuation Pause)
[2025-08-01T02:37:12.441+0000] GC(1329) Using 8 workers of 8 for evacuation
[2025-08-01T02:37:12.483+0000] GC(1329)   Pre Evacuate Collection Set: 0.1ms
[2025-08-01T02:37:12.484+0000] GC(1329)   Evacuate Collection Set: 41.6ms
[2025-08-01T02:37:12.484+0000] GC(1329)   Post Evacuate Collection Set: 0.6ms
[2025-08-01T02:37:12.484+0000] GC(1329)   Other: 0.4ms
[2025-08-01T02:37:12.484+0000] GC(1329) Eden regions: 98->0(87)
[2025-08-01T02:37:12.484+0000] GC(1329) Survivor regions: 20->15(15)
[2025-08-01T02:37:12.484+0000] GC(1329) Old regions: 1517->1622
[2025-08-01T02:37:12.484+0000] GC(1329) Humongous regions: 0->0
[2025-08-01T02:37:12.484+0000] GC(1329) Metaspace: 9706K(12544K)->9706K(12544K) NonClass: 8540K(11008K)->8540K(11008K) Class: 1166K(1536K)->1166K(1536K)
[2025-08-01T02:37:12.484+0000] GC(1329) Pause Young (Prepare Mixed) (G1 Evacuation Pause) 3267M->3271M(4096M) 42.981ms
[2025-08-01T02:37:12.484+0000] GC(1329) User=0.32s Sys=0.01s Real=0.05s
[2025-08-01T02:37:12.486+0000] GC(1322) Concurrent Cleanup for Next Mark 56.888ms
[2025-08-01T02:37:12.486+0000] GC(1322) Concurrent Cycle 986.057ms
[2025-08-01T02:37:12.549+0000] GC(1330) Pause Young (Mixed) (G1 Evacuation Pause)
[2025-08-01T02:37:12.549+0000] GC(1330) Using 8 workers of 8 for evacuation
[2025-08-01T02:37:12.600+0000] GC(1330)   Pre Evacuate Collection Set: 0.2ms
[2025-08-01T02:37:12.600+0000] GC(1330)   Evacuate Collection Set: 49.5ms
[2025-08-01T02:37:12.600+0000] GC(1330)   Post Evacuate Collection Set: 0.9ms
[2025-08-01T02:37:12.600+0000] GC(1330)   Other: 0.5ms
[2025-08-01T02:37:12.600+0000] GC(1330) Eden regions: 87->0(89)
[2025-08-01T02:37:12.600+0000] GC(1330) Survivor regions: 15->13(13)
[2025-08-01T02:37:12.600+0000] GC(1330) Old regions: 1622->1680
[2025-08-01T02:37:12.600+0000] GC(1330) Humongous regions: 0->0
[2025-08-01T02:37:12.600+0000] GC(1330) Metaspace: 9706K(12544K)->9706K(12544K) NonClass: 8540K(11008K)->8540K(11008K) Class: 1166K(1536K)->1166K(1536K)
[2025-08-01T02:37:12.600+0000] GC(1330) Pause Young (Mixed) (G1 Evacuation Pause) 3445M->3382M(4096M) 51.344ms
[2025-08-01T02:37:12.600+0000] GC(1330) User=0.36s Sys=0.01s Real=0.05s
[2025-08-01T02:37:12.617+0000] GC(1331) Pause Young (Concurrent Start) (G1 Evacuation Pause)
[2025-08-01T02:37:12.617+0000] GC(1331) Using 8 workers of 8 for evacuation
[2025-08-01T02:37:12.660+0000] GC(1331)   Pre Evacuate Collection Set: 0.1ms
[2025-08-01T02:37:12.660+0000] GC(1331)   Evacuate Collection Set: 42.0ms
[2025-08-01T02:37:12.660+0000] GC(1331)   Post Evacuate Collection Set: 0.6ms
[2025-08-01T02:37:12.660+0000] GC(1331)   Other: 0.5ms
[2025-08-01T02:37:12.660+0000] GC(1331) Eden regions: 89->0(89)
[2025-08-01T02:37:12.660+0000] GC(1331) Survivor regions: 13->13(13)
[2025-08-01T02:37:12.660+0000] GC(1331) Old regions: 1680->1771
[2025-08-01T02:37:12.660+0000] GC(1331) Humongous regions: 0->0
[2025-08-01T02:37:12.660+0000] GC(1331) Metaspace: 9706K(12544K)->9706K(12544K) NonClass: 8540K(11008K)->8540K(11008K) Class: 1166K(1536K)->1166K(1536K)
[2025-08-01T02:37:12.660+0000] GC(1331) Pause Young (Concurrent Start) (G1 Evacuation Pause) 3560M->3564M(4096M) 43.485ms
[2025-08-01T02:37:12.660+0000] GC(1331) User=0.33s Sys=0.01s Real=0.04s
[2025-08-01T02:37:12.660+0000] GC(1332) Concurrent Cycle
[2025-08-01T02:37:12.660+0000] GC(1332) Concurrent Clear Claimed Marks
[2025-08-01T02:37:12.660+0000] GC(1332) Concurrent Clear Claimed Marks 0.061ms
[2025-08-01T02:37:12.660+0000] GC(1332) Concurrent Scan Root Regions
[2025-08-01T02:37:12.664+0000] GC(1332) Concurrent Scan Root Regions 4.039ms
[2025-08-01T02:37:12.664+0000] GC(1332) Concurrent Mark (171.660s)
[2025-08-01T02:37:12.664+0000] GC(1332) Concurrent Mark From Roots
[2025-08-01T02:37:12.664+0000] GC(1332) Using 2 workers of 2 for marking
[2025-08-01T02:37:12.727+0000] GC(1333) Pause Young (Normal) (G1 Evacuation Pause)
[2025-08-01T02:37:12.727+0000] GC(1333) Using 8 workers of 8 for evacuation
[2025-08-01T02:37:12.772+0000] GC(1333)   Pre Evacuate Collection Set: 0.1ms
[2025-08-01T02:37:12.772+0000] GC(1333)   Evacuate Collection Set: 43.6ms
[2025-08-01T02:37:12.772+0000] GC(1333)   Post Evacuate Collection Set: 0.5ms
[2025-08-01T02:37:12.772+0000] GC(1333)   Other: 0.3ms
[2025-08-01T02:37:12.772+0000] GC(1333) Eden regions: 89->0(89)
[2025-08-01T02:37:12.772+0000] GC(1333) Survivor regions: 13->13(13)
[2025-08-01T02:37:12.772+0000] GC(1333) Old regions: 1771->1850
[2025-08-01T02:37:12.772+0000] GC(1333) Humongous regions: 0->0
[2025-08-01T02:37:12.772+0000] GC(1333) Metaspace: 9706K(12544K)->9706K(12544K) NonClass: 8540K(11008K)->8540K(11008K) Class: 1166K(1536K)->1166K(1536K)
[2025-08-01T02:37:12.772+0000] GC(1333) Pause Young (Normal) (G1 Evacuation Pause) 3742M->3722M(4096M) 44.734ms
[2025-08-01T02:37:12.772+0000] GC(1333) User=0.32s Sys=0.01s Real=0.04s
[2025-08-01T02:37:12.788+0000] GC(1334) Pause Young (Normal) (G1 Evacuation Pause)
[2025-08-01T02:37:12.788+0000] GC(1334) Using 8 workers of 8 for evacuation
[2025-08-01T02:37:12.820+0000] GC(1334) To-space exhausted
[2025-08-01T02:37:12.820+0000] GC(1334)   Pre Evacuate Collection Set: 0.1ms
[2025-08-01T02:37:12.820+0000] GC(1334)   Evacuate Collection Set: 29.1ms
[2025-08-01T02:37:12.820+0000] GC(1334)   Post Evacuate Collection Set: 2.4ms
[2025-08-01T02:37:12.820+0000] GC(1334)   Other: 0.3ms
[2025-08-01T02:37:12.820+0000] GC(1334) Eden regions: 89->0(89)
[2025-08-01T02:37:12.820+0000] GC(1334) Survivor regions: 13->13(13)
[2025-08-01T02:37:12.820+0000] GC(1334) Old regions: 1850->1949
[2025-08-01T02:37:12.820+0000] GC(1334) Humongous regions: 0->0
[2025-08-01T02:37:12.820+0000] GC(1334) Metaspace: 9706K(12544K)->9706K(12544K) NonClass: 8540K(11008K)->8540K(11008K) Class: 1166K(1536K)->1166K(1536K)
[2025-08-01T02:37:12.820+0000] GC(1334) Pause Young (Normal) (G1 Evacuation Pause) 3900M->3921M(4096M) 32.135ms
[2025-08-01T02:37:12.820+0000] GC(1334) User=0.24s Sys=0.00s Real=0.03s
[2025-08-01T02:37:12.885+0000] GC(1335) Pause Young (Normal) (G1 Evacuation Pause)
[2025-08-01T02:37:12.885+0000] GC(1335) Using 8 workers of 8 for evacuation
[2025-08-01T02:37:12.927+0000] GC(1335) To-space exhausted
[2025-08-01T02:37:12.928+0000] GC(1335)   Pre Evacuate Collection Set: 0.1ms
[2025-08-01T02:37:12.928+0000] GC(1335)   Evacuate Collection Set: 30.9ms
[2025-08-01T02:37:12.928+0000] GC(1335)   Post Evacuate Collection Set: 11.1ms
[2025-08-01T02:37:12.928+0000] GC(1335)   Other: 0.4ms
[2025-08-01T02:37:12.928+0000] GC(1335) Eden regions: 86->0(102)
[2025-08-01T02:37:12.928+0000] GC(1335) Survivor regions: 13->0(13)
[2025-08-01T02:37:12.928+0000] GC(1335) Old regions: 1949->2048
[2025-08-01T02:37:12.928+0000] GC(1335) Humongous regions: 0->0
[2025-08-01T02:37:12.928+0000] GC(1335) Metaspace: 9706K(12544K)->9706K(12544K) NonClass: 8540K(11008K)->8540K(11008K) Class: 1166K(1536K)->1166K(1536K)
[2025-08-01T02:37:12.928+0000] GC(1335) Pause Young (Normal) (G1 Evacuation Pause) 4093M->4093M(4096M) 42.543ms
[2025-08-01T02:37:12.928+0000] GC(1335) User=0.30s Sys=0.01s Real=0.04s
[2025-08-01T02:37:12.928+0000] GC(1336) Using 8 workers of 8 for full compaction
[2025-08-01T02:37:12.928+0000] GC(1336) Pause Full (G1 Evacuation Pause)
[2025-08-01T02:37:12.934+0000] GC(1336) Phase 1: Mark live objects
[2025-08-01T02:37:12.964+0000] GC(1336) Cleaned string and symbol table, strings: 2833 processed, 0 removed, symbols: 23489 processed, 0 removed
[2025-08-01T02:37:12.964+0000] GC(1336) Phase 1: Mark live objects 30.425ms
[2025-08-01T02:37:12.964+0000] GC(1336) Phase 2: Prepare for compaction
[2025-08-01T02:37:12.991+0000] GC(1336) Phase 2: Prepare for compaction 26.738ms
[2025-08-01T02:37:12.991+0000] GC(1336) Phase 3: Adjust pointers
[2025-08-01T02:37:13.019+0000] GC(1336) Phase 3: Adjust pointers 28.040ms
[2025-08-01T02:37:13.019+0000] GC(1336) Phase 4: Compact heap
[2025-08-01T02:37:13.108+0000] GC(1336) Phase 4: Compact heap 89.249ms
[2025-08-01T02:37:13.111+0000] GC(1336) Eden regions: 0->0(402)
[2025-08-01T02:37:13.111+0000] GC(1336) Survivor regions: 0->0(13)
[2025-08-01T02:37:13.111+0000] GC(1336) Old regions: 2048->310
[2025-08-01T02:37:13.111+0000] GC(1336) Humongous regions: 0->0
[2025-08-01T02:37:13.111+0000] GC(1336) Metaspace: 9706K(12544K)->9706K(12544K) NonClass: 8540K(11008K)->8540K(11008K) Class: 1166K(1536K)->1166K(1536K)
[2025-08-01T02:37:13.111+0000] GC(1336) Pause Full (G1 Evacuation Pause) 4093M->608M(4096M) 183.400ms
[2025-08-01T02:37:13.111+0000] GC(1336) User=1.32s Sys=0.02s Real=0.18s
[2025-08-01T02:37:13.113+0000] GC(1332) Concurrent Mark From Roots 448.976ms
[2025-08-01T02:37:13.113+0000] GC(1332) Concurrent Mark Abort
[2025-08-01T02:37:13.114+0000] GC(1332) Concurrent Cycle 453.356ms
[2025-08-01T02:37:13.291+0000] GC(1337) Pause Young (Normal) (G1 Evacuation Pause)
[2025-08-01T02:37:13.291+0000] GC(1337) Using 8 workers of 8 for evacuation
[2025-08-01T02:37:13.531+0000] GC(1337) MMU target violated: 201.0ms (200.0ms/201.0ms)
[2025-08-01T02:37:13.531+0000] GC(1337)   Pre Evacuate Collection Set: 0.1ms
[2025-08-01T02:37:13.531+0000] GC(1337)   Evacuate Collection Set: 235.8ms
[2025-08-01T02:37:13.531+0000] GC(1337)   Post Evacuate Collection Set: 1.0ms
[2025-08-01T02:37:13.531+0000] GC(1337)   Other: 3.6ms
[2025-08-01T02:37:13.531+0000] GC(1337) Eden regions: 402->0(317)
[2025-08-01T02:37:13.531+0000] GC(1337) Survivor regions: 0->51(51)
[2025-08-01T02:37:13.531+0000] GC(1337) Old regions: 310->573
[2025-08-01T02:37:13.532+0000] GC(1337) Humongous regions: 0->0
[2025-08-01T02:37:13.532+0000] GC(1337) Metaspace: 9706K(12544K)->9706K(12544K) NonClass: 8540K(11008K)->8540K(11008K) Class: 1166K(1536K)->1166K(1536K)
[2025-08-01T02:37:13.532+0000] GC(1337) Pause Young (Normal) (G1 Evacuation Pause) 1412M->1236M(4096M) 240.538ms
[2025-08-01T02:37:13.532+0000] GC(1337) User=1.82s Sys=0.06s Real=0.24s
[2025-08-01T02:37:13.679+0000] GC(1338) Pause Young (Concurrent Start) (G1 Evacuation Pause)
[2025-08-01T02:37:13.680+0000] GC(1338) Using 8 workers of 8 for evacuation
[2025-08-01T02:37:13.820+0000] GC(1338)   Pre Evacuate Collection Set: 0.1ms
[2025-08-01T02:37:13.820+0000] GC(1338)   Evacuate Collection Set: 139.1ms
[2025-08-01T02:37:13.820+0000] GC(1338)   Post Evacuate Collection Set: 1.1ms
[2025-08-01T02:37:13.820+0000] GC(1338)   Other: 0.5ms
[2025-08-01T02:37:13.820+0000] GC(1338) Eden regions: 317->0(347)
[2025-08-01T02:37:13.820+0000] GC(1338) Survivor regions: 51->46(46)
[2025-08-01T02:37:13.820+0000] GC(1338) Old regions: 573->765
[2025-08-01T02:37:13.820+0000] GC(1338) Humongous regions: 0->0
[2025-08-01T02:37:13.820+0000] GC(1338) Metaspace: 9706K(12544K)->9706K(12544K) NonClass: 8540K(11008K)->8540K(11008K) Class: 1166K(1536K)->1166K(1536K)
[2025-08-01T02:37:13.820+0000] GC(1338) Pause Young (Concurrent Start) (G1 Evacuation Pause) 1870M->1610M(4096M) 140.875ms
[2025-08-01T02:37:13.820+0000] GC(1338) User=0.99s Sys=0.04s Real=0.14s
[2025-08-01T02:37:13.820+0000] GC(1339) Concurrent Cycle
[2025-08-01T02:37:13.820+0000] GC(1339) Concurrent Clear Claimed Marks
[2025-08-01T02:37:13.820+0000] GC(1339) Concurrent Clear Claimed Marks 0.043ms
[2025-08-01T02:37:13.821+0000] GC(1339) Concurrent Scan Root Regions
[2025-08-01T02:37:13.834+0000] GC(1339) Concurrent Scan Root Regions 12.988ms
[2025-08-01T02:37:13.834+0000] GC(1339) Concurrent Mark (172.829s)
[2025-08-01T02:37:13.834+0000] GC(1339) Concurrent Mark From Roots
[2025-08-01T02:37:13.834+0000] GC(1339) Using 2 workers of 2 for marking
[2025-08-01T02:37:13.936+0000] GC(1340) Pause Young (Normal) (G1 Evacuation Pause)
[2025-08-01T02:37:13.936+0000] GC(1340) Using 8 workers of 8 for evacuation
[2025-08-01T02:37:14.037+0000] GC(1340)   Pre Evacuate Collection Set: 0.1ms
[2025-08-01T02:37:14.037+0000] GC(1340)   Evacuate Collection Set: 99.9ms
[2025-08-01T02:37:14.037+0000] GC(1340)   Post Evacuate Collection Set: 0.9ms
[2025-08-01T02:37:14.037+0000] GC(1340)   Other: 0.2ms
[2025-08-01T02:37:14.037+0000] GC(1340) Eden regions: 347->0(242)
[2025-08-01T02:37:14.037+0000] GC(1340) Survivor regions: 46->50(50)
[2025-08-01T02:37:14.037+0000] GC(1340) Old regions: 765->1052
[2025-08-01T02:37:14.037+0000] GC(1340) Humongous regions: 0->0
[2025-08-01T02:37:14.037+0000] GC(1340) Metaspace: 9706K(12544K)->9706K(12544K) NonClass: 8540K(11008K)->8540K(11008K) Class: 1166K(1536K)->1166K(1536K)
[2025-08-01T02:37:14.037+0000] GC(1340) Pause Young (Normal) (G1 Evacuation Pause) 2304M->2191M(4096M) 101.235ms
[2025-08-01T02:37:14.037+0000] GC(1340) User=0.78s Sys=0.00s Real=0.10s
[2025-08-01T02:37:14.061+0000] GC(1339) Concurrent Mark From Roots 227.550ms
[2025-08-01T02:37:14.061+0000] GC(1339) Concurrent Preclean
[2025-08-01T02:37:14.062+0000] GC(1339) Concurrent Preclean 0.289ms
[2025-08-01T02:37:14.062+0000] GC(1339) Concurrent Mark (172.829s, 173.057s) 227.957ms
[2025-08-01T02:37:14.062+0000] GC(1339) Pause Remark
[2025-08-01T02:37:14.065+0000] GC(1339) Cleaned string and symbol table, strings: 2833 processed, 0 removed, symbols: 23489 processed, 0 removed
[2025-08-01T02:37:14.067+0000] GC(1339) Pause Remark 2289M->1646M(4096M) 4.707ms
[2025-08-01T02:37:14.067+0000] GC(1339) User=0.02s Sys=0.00s Real=0.01s
[2025-08-01T02:37:14.067+0000] GC(1339) Concurrent Rebuild Remembered Sets
[2025-08-01T02:37:14.173+0000] GC(1341) Pause Young (Normal) (G1 Evacuation Pause)
[2025-08-01T02:37:14.174+0000] GC(1341) Using 8 workers of 8 for evacuation
[2025-08-01T02:37:14.253+0000] GC(1341)   Pre Evacuate Collection Set: 0.1ms
[2025-08-01T02:37:14.253+0000] GC(1341)   Evacuate Collection Set: 78.4ms
[2025-08-01T02:37:14.253+0000] GC(1341)   Post Evacuate Collection Set: 0.9ms
[2025-08-01T02:37:14.253+0000] GC(1341)   Other: 0.3ms
[2025-08-01T02:37:14.253+0000] GC(1341) Eden regions: 242->0(294)
[2025-08-01T02:37:14.253+0000] GC(1341) Survivor regions: 50->37(37)
[2025-08-01T02:37:14.253+0000] GC(1341) Old regions: 726->926
[2025-08-01T02:37:14.253+0000] GC(1341) Humongous regions: 0->0
[2025-08-01T02:37:14.253+0000] GC(1341) Metaspace: 9706K(12544K)->9706K(12544K) NonClass: 8540K(11008K)->8540K(11008K) Class: 1166K(1536K)->1166K(1536K)
[2025-08-01T02:37:14.253+0000] GC(1341) Pause Young (Normal) (G1 Evacuation Pause) 2032M->1922M(4096M) 79.765ms
[2025-08-01T02:37:14.253+0000] GC(1341) User=0.62s Sys=0.01s Real=0.08s
[2025-08-01T02:37:14.344+0000] GC(1339) Concurrent Rebuild Remembered Sets 276.503ms
[2025-08-01T02:37:14.344+0000] GC(1339) Pause Cleanup
[2025-08-01T02:37:14.345+0000] GC(1339) Pause Cleanup 2346M->2346M(4096M) 0.832ms
[2025-08-01T02:37:14.345+0000] GC(1339) User=0.00s Sys=0.00s Real=0.00s
[2025-08-01T02:37:14.345+0000] GC(1339) Concurrent Cleanup for Next Mark
[2025-08-01T02:37:14.361+0000] GC(1339) Concurrent Cleanup for Next Mark 15.985ms
[2025-08-01T02:37:14.362+0000] GC(1339) Concurrent Cycle 541.149ms
[2025-08-01T02:37:14.367+0000] GC(1342) Pause Young (Prepare Mixed) (G1 Evacuation Pause)
[2025-08-01T02:37:14.367+0000] GC(1342) Using 8 workers of 8 for evacuation
[2025-08-01T02:37:14.449+0000] GC(1342)   Pre Evacuate Collection Set: 0.1ms
[2025-08-01T02:37:14.449+0000] GC(1342)   Evacuate Collection Set: 81.1ms
[2025-08-01T02:37:14.449+0000] GC(1342)   Post Evacuate Collection Set: 0.9ms
[2025-08-01T02:37:14.449+0000] GC(1342)   Other: 0.3ms
[2025-08-01T02:37:14.450+0000] GC(1342) Eden regions: 294->0(60)
[2025-08-01T02:37:14.450+0000] GC(1342) Survivor regions: 37->42(42)
[2025-08-01T02:37:14.450+0000] GC(1342) Old regions: 926->1101
[2025-08-01T02:37:14.450+0000] GC(1342) Humongous regions: 0->0
[2025-08-01T02:37:14.450+0000] GC(1342) Metaspace: 9706K(12544K)->9706K(12544K) NonClass: 8540K(11008K)->8540K(11008K) Class: 1166K(1536K)->1166K(1536K)
[2025-08-01T02:37:14.450+0000] GC(1342) Pause Young (Prepare Mixed) (G1 Evacuation Pause) 2510M->2282M(4096M) 82.462ms
[2025-08-01T02:37:14.450+0000] GC(1342) User=0.61s Sys=0.01s Real=0.08s
[2025-08-01T02:37:14.509+0000] GC(1343) Pause Young (Mixed) (G1 Evacuation Pause)
[2025-08-01T02:37:14.509+0000] GC(1343) Using 8 workers of 8 for evacuation
[2025-08-01T02:37:14.575+0000] GC(1343)   Pre Evacuate Collection Set: 0.1ms
[2025-08-01T02:37:14.575+0000] GC(1343)   Evacuate Collection Set: 65.3ms
[2025-08-01T02:37:14.575+0000] GC(1343)   Post Evacuate Collection Set: 0.8ms
[2025-08-01T02:37:14.575+0000] GC(1343)   Other: 0.4ms
[2025-08-01T02:37:14.575+0000] GC(1343) Eden regions: 60->0(226)
[2025-08-01T02:37:14.576+0000] GC(1343) Survivor regions: 42->13(13)
[2025-08-01T02:37:14.576+0000] GC(1343) Old regions: 1101->1153
[2025-08-01T02:37:14.576+0000] GC(1343) Humongous regions: 0->0
[2025-08-01T02:37:14.576+0000] GC(1343) Metaspace: 9706K(12544K)->9706K(12544K) NonClass: 8540K(11008K)->8540K(11008K) Class: 1166K(1536K)->1166K(1536K)
[2025-08-01T02:37:14.576+0000] GC(1343) Pause Young (Mixed) (G1 Evacuation Pause) 2402M->2328M(4096M) 66.661ms
[2025-08-01T02:37:14.576+0000] GC(1343) User=0.49s Sys=0.03s Real=0.07s
[2025-08-01T02:37:14.666+0000] GC(1344) Pause Young (Concurrent Start) (G1 Evacuation Pause)
[2025-08-01T02:37:14.666+0000] GC(1344) Using 8 workers of 8 for evacuation
[2025-08-01T02:37:14.748+0000] GC(1344)   Pre Evacuate Collection Set: 0.1ms
[2025-08-01T02:37:14.749+0000] GC(1344)   Evacuate Collection Set: 81.3ms
[2025-08-01T02:37:14.749+0000] GC(1344)   Post Evacuate Collection Set: 0.9ms
[2025-08-01T02:37:14.749+0000] GC(1344)   Other: 0.4ms
[2025-08-01T02:37:14.749+0000] GC(1344) Eden regions: 226->0(164)
[2025-08-01T02:37:14.749+0000] GC(1344) Survivor regions: 13->30(30)
[2025-08-01T02:37:14.749+0000] GC(1344) Old regions: 1153->1315
[2025-08-01T02:37:14.749+0000] GC(1344) Humongous regions: 0->0
[2025-08-01T02:37:14.749+0000] GC(1344) Metaspace: 9706K(12544K)->9706K(12544K) NonClass: 8540K(11008K)->8540K(11008K) Class: 1166K(1536K)->1166K(1536K)
[2025-08-01T02:37:14.749+0000] GC(1344) Pause Young (Concurrent Start) (G1 Evacuation Pause) 2780M->2687M(4096M) 82.802ms
[2025-08-01T02:37:14.749+0000] GC(1344) User=0.59s Sys=0.01s Real=0.08s
[2025-08-01T02:37:14.749+0000] GC(1345) Concurrent Cycle
[2025-08-01T02:37:14.749+0000] GC(1345) Concurrent Clear Claimed Marks
[2025-08-01T02:37:14.749+0000] GC(1345) Concurrent Clear Claimed Marks 0.050ms
[2025-08-01T02:37:14.749+0000] GC(1345) Concurrent Scan Root Regions
[2025-08-01T02:37:14.758+0000] GC(1345) Concurrent Scan Root Regions 8.570ms
[2025-08-01T02:37:14.758+0000] GC(1345) Concurrent Mark (173.753s)
[2025-08-01T02:37:14.758+0000] GC(1345) Concurrent Mark From Roots
[2025-08-01T02:37:14.758+0000] GC(1345) Using 2 workers of 2 for marking
[2025-08-01T02:37:14.833+0000] GC(1346) Pause Young (Normal) (G1 Evacuation Pause)
[2025-08-01T02:37:14.833+0000] GC(1346) Using 8 workers of 8 for evacuation
[2025-08-01T02:37:14.902+0000] GC(1346)   Pre Evacuate Collection Set: 0.1ms
[2025-08-01T02:37:14.902+0000] GC(1346)   Evacuate Collection Set: 67.8ms
[2025-08-01T02:37:14.902+0000] GC(1346)   Post Evacuate Collection Set: 0.6ms
[2025-08-01T02:37:14.902+0000] GC(1346)   Other: 0.3ms
[2025-08-01T02:37:14.902+0000] GC(1346) Eden regions: 164->0(105)
[2025-08-01T02:37:14.902+0000] GC(1346) Survivor regions: 30->25(25)
[2025-08-01T02:37:14.902+0000] GC(1346) Old regions: 1315->1486
[2025-08-01T02:37:14.902+0000] GC(1346) Humongous regions: 0->0
[2025-08-01T02:37:14.902+0000] GC(1346) Metaspace: 9706K(12544K)->9706K(12544K) NonClass: 8540K(11008K)->8540K(11008K) Class: 1166K(1536K)->1166K(1536K)
[2025-08-01T02:37:14.902+0000] GC(1346) Pause Young (Normal) (G1 Evacuation Pause) 3015M->3019M(4096M) 69.035ms
[2025-08-01T02:37:14.902+0000] GC(1346) User=0.52s Sys=0.01s Real=0.06s
[2025-08-01T02:37:14.923+0000] GC(1347) Pause Young (Normal) (G1 Evacuation Pause)
[2025-08-01T02:37:14.923+0000] GC(1347) Using 8 workers of 8 for evacuation
[2025-08-01T02:37:14.962+0000] GC(1347)   Pre Evacuate Collection Set: 0.1ms
[2025-08-01T02:37:14.962+0000] GC(1347)   Evacuate Collection Set: 38.3ms
[2025-08-01T02:37:14.962+0000] GC(1347)   Post Evacuate Collection Set: 0.7ms
[2025-08-01T02:37:14.962+0000] GC(1347)   Other: 0.3ms
[2025-08-01T02:37:14.962+0000] GC(1347) Eden regions: 105->0(85)
[2025-08-01T02:37:14.962+0000] GC(1347) Survivor regions: 25->17(17)
[2025-08-01T02:37:14.962+0000] GC(1347) Old regions: 1486->1601
[2025-08-01T02:37:14.962+0000] GC(1347) Humongous regions: 0->0
[2025-08-01T02:37:14.962+0000] GC(1347) Metaspace: 9706K(12544K)->9706K(12544K) NonClass: 8540K(11008K)->8540K(11008K) Class: 1166K(1536K)->1166K(1536K)
[2025-08-01T02:37:14.962+0000] GC(1347) Pause Young (Normal) (G1 Evacuation Pause) 3229M->3232M(4096M) 39.511ms
[2025-08-01T02:37:14.962+0000] GC(1347) User=0.30s Sys=0.00s Real=0.04s
[2025-08-01T02:37:15.017+0000] GC(1345) Concurrent Mark From Roots 259.140ms
[2025-08-01T02:37:15.017+0000] GC(1345) Concurrent Preclean
[2025-08-01T02:37:15.017+0000] GC(1345) Concurrent Preclean 0.308ms
[2025-08-01T02:37:15.017+0000] GC(1345) Concurrent Mark (173.753s, 174.013s) 259.837ms
[2025-08-01T02:37:15.018+0000] GC(1345) Pause Remark
[2025-08-01T02:37:15.020+0000] GC(1345) Cleaned string and symbol table, strings: 2833 processed, 0 removed, symbols: 23489 processed, 0 removed
[2025-08-01T02:37:15.021+0000] GC(1345) Pause Remark 3332M->1598M(4096M) 3.188ms
[2025-08-01T02:37:15.021+0000] GC(1345) User=0.01s Sys=0.00s Real=0.00s
[2025-08-01T02:37:15.021+0000] GC(1345) Concurrent Rebuild Remembered Sets
[2025-08-01T02:37:15.029+0000] GC(1348) Pause Young (Normal) (G1 Evacuation Pause)
[2025-08-01T02:37:15.029+0000] GC(1348) Using 8 workers of 8 for evacuation
[2025-08-01T02:37:15.057+0000] GC(1348)   Pre Evacuate Collection Set: 0.1ms
[2025-08-01T02:37:15.057+0000] GC(1348)   Evacuate Collection Set: 26.0ms
[2025-08-01T02:37:15.057+0000] GC(1348)   Post Evacuate Collection Set: 0.9ms
[2025-08-01T02:37:15.057+0000] GC(1348)   Other: 0.3ms
[2025-08-01T02:37:15.057+0000] GC(1348) Eden regions: 85->0(354)
[2025-08-01T02:37:15.057+0000] GC(1348) Survivor regions: 17->13(13)
[2025-08-01T02:37:15.057+0000] GC(1348) Old regions: 734->810
[2025-08-01T02:37:15.057+0000] GC(1348) Humongous regions: 0->0
[2025-08-01T02:37:15.057+0000] GC(1348) Metaspace: 9706K(12544K)->9706K(12544K) NonClass: 8540K(11008K)->8540K(11008K) Class: 1166K(1536K)->1166K(1536K)
[2025-08-01T02:37:15.057+0000] GC(1348) Pause Young (Normal) (G1 Evacuation Pause) 1668M->1642M(4096M) 27.379ms
[2025-08-01T02:37:15.057+0000] GC(1348) User=0.18s Sys=0.00s Real=0.03s
[2025-08-01T02:37:15.226+0000] GC(1349) Pause Young (Normal) (G1 Evacuation Pause)
[2025-08-01T02:37:15.226+0000] GC(1349) Using 8 workers of 8 for evacuation
[2025-08-01T02:37:15.335+0000] GC(1349)   Pre Evacuate Collection Set: 0.1ms
[2025-08-01T02:37:15.335+0000] GC(1349)   Evacuate Collection Set: 107.6ms
[2025-08-01T02:37:15.335+0000] GC(1349)   Post Evacuate Collection Set: 0.9ms
[2025-08-01T02:37:15.335+0000] GC(1349)   Other: 0.3ms
[2025-08-01T02:37:15.335+0000] GC(1349) Eden regions: 354->0(239)
[2025-08-01T02:37:15.335+0000] GC(1349) Survivor regions: 13->46(46)
[2025-08-01T02:37:15.335+0000] GC(1349) Old regions: 810->1060
[2025-08-01T02:37:15.335+0000] GC(1349) Humongous regions: 0->0
[2025-08-01T02:37:15.335+0000] GC(1349) Metaspace: 9706K(12544K)->9706K(12544K) NonClass: 8540K(11008K)->8540K(11008K) Class: 1166K(1536K)->1166K(1536K)
[2025-08-01T02:37:15.335+0000] GC(1349) Pause Young (Normal) (G1 Evacuation Pause) 2350M->2209M(4096M) 109.069ms
[2025-08-01T02:37:15.335+0000] GC(1349) User=0.79s Sys=0.02s Real=0.11s
[2025-08-01T02:37:15.393+0000] GC(1345) Concurrent Rebuild Remembered Sets 371.319ms
[2025-08-01T02:37:15.393+0000] GC(1345) Pause Cleanup
[2025-08-01T02:37:15.394+0000] GC(1345) Pause Cleanup 2502M->2502M(4096M) 0.907ms
[2025-08-01T02:37:15.394+0000] GC(1345) User=0.00s Sys=0.00s Real=0.00s
[2025-08-01T02:37:15.394+0000] GC(1345) Concurrent Cleanup for Next Mark
[2025-08-01T02:37:15.402+0000] GC(1345) Concurrent Cleanup for Next Mark 8.142ms
[2025-08-01T02:37:15.402+0000] GC(1345) Concurrent Cycle 653.435ms
[2025-08-01T02:37:15.426+0000] GC(1350) Pause Young (Normal) (G1 Evacuation Pause)
[2025-08-01T02:37:15.426+0000] GC(1350) Using 8 workers of 8 for evacuation
[2025-08-01T02:37:15.501+0000] GC(1350)   Pre Evacuate Collection Set: 0.1ms
[2025-08-01T02:37:15.502+0000] GC(1350)   Evacuate Collection Set: 74.0ms
[2025-08-01T02:37:15.502+0000] GC(1350)   Post Evacuate Collection Set: 0.8ms
[2025-08-01T02:37:15.502+0000] GC(1350)   Other: 0.2ms
[2025-08-01T02:37:15.502+0000] GC(1350) Eden regions: 239->0(178)
[2025-08-01T02:37:15.502+0000] GC(1350) Survivor regions: 46->36(36)
[2025-08-01T02:37:15.502+0000] GC(1350) Old regions: 1060->1254
[2025-08-01T02:37:15.502+0000] GC(1350) Humongous regions: 0->0
[2025-08-01T02:37:15.502+0000] GC(1350) Metaspace: 9706K(12544K)->9706K(12544K) NonClass: 8540K(11008K)->8540K(11008K) Class: 1166K(1536K)->1166K(1536K)
[2025-08-01T02:37:15.502+0000] GC(1350) Pause Young (Normal) (G1 Evacuation Pause) 2687M->2576M(4096M) 75.270ms
[2025-08-01T02:37:15.502+0000] GC(1350) User=0.57s Sys=0.00s Real=0.07s
[2025-08-01T02:37:15.581+0000] GC(1351) Pause Young (Concurrent Start) (G1 Evacuation Pause)
[2025-08-01T02:37:15.581+0000] GC(1351) Using 8 workers of 8 for evacuation
[2025-08-01T02:37:15.743+0000] GC(1351)   Pre Evacuate Collection Set: 0.1ms
[2025-08-01T02:37:15.743+0000] GC(1351)   Evacuate Collection Set: 160.1ms
[2025-08-01T02:37:15.743+0000] GC(1351)   Post Evacuate Collection Set: 1.5ms
[2025-08-01T02:37:15.743+0000] GC(1351)   Other: 0.5ms
[2025-08-01T02:37:15.743+0000] GC(1351) Eden regions: 178->0(117)
[2025-08-01T02:37:15.743+0000] GC(1351) Survivor regions: 36->27(27)
[2025-08-01T02:37:15.743+0000] GC(1351) Old regions: 1254->1442
[2025-08-01T02:37:15.743+0000] GC(1351) Humongous regions: 0->0
[2025-08-01T02:37:15.743+0000] GC(1351) Metaspace: 9706K(12544K)->9706K(12544K) NonClass: 8540K(11008K)->8540K(11008K) Class: 1166K(1536K)->1166K(1536K)
[2025-08-01T02:37:15.743+0000] GC(1351) Pause Young (Concurrent Start) (G1 Evacuation Pause) 2932M->2934M(4096M) 162.382ms
[2025-08-01T02:37:15.743+0000] GC(1351) User=1.23s Sys=0.03s Real=0.16s
[2025-08-01T02:37:15.743+0000] GC(1352) Concurrent Cycle
[2025-08-01T02:37:15.744+0000] GC(1352) Concurrent Clear Claimed Marks
[2025-08-01T02:37:15.744+0000] GC(1352) Concurrent Clear Claimed Marks 0.161ms
[2025-08-01T02:37:15.744+0000] GC(1352) Concurrent Scan Root Regions
[2025-08-01T02:37:15.755+0000] GC(1352) Concurrent Scan Root Regions 10.881ms
[2025-08-01T02:37:15.755+0000] GC(1352) Concurrent Mark (174.751s)
[2025-08-01T02:37:15.755+0000] GC(1352) Concurrent Mark From Roots
[2025-08-01T02:37:15.755+0000] GC(1352) Using 2 workers of 2 for marking
[2025-08-01T02:37:15.772+0000] GC(1353) Pause Young (Normal) (G1 Evacuation Pause)
[2025-08-01T02:37:15.772+0000] GC(1353) Using 8 workers of 8 for evacuation
[2025-08-01T02:37:15.818+0000] GC(1353)   Pre Evacuate Collection Set: 0.1ms
[2025-08-01T02:37:15.819+0000] GC(1353)   Evacuate Collection Set: 45.6ms
[2025-08-01T02:37:15.819+0000] GC(1353)   Post Evacuate Collection Set: 0.7ms
[2025-08-01T02:37:15.819+0000] GC(1353)   Other: 0.4ms
[2025-08-01T02:37:15.819+0000] GC(1353) Eden regions: 117->0(84)
[2025-08-01T02:37:15.819+0000] GC(1353) Survivor regions: 27->18(18)
[2025-08-01T02:37:15.819+0000] GC(1353) Old regions: 1442->1570
[2025-08-01T02:37:15.819+0000] GC(1353) Humongous regions: 0->0
[2025-08-01T02:37:15.819+0000] GC(1353) Metaspace: 9706K(12544K)->9706K(12544K) NonClass: 8540K(11008K)->8540K(11008K) Class: 1166K(1536K)->1166K(1536K)
[2025-08-01T02:37:15.819+0000] GC(1353) Pause Young (Normal) (G1 Evacuation Pause) 3168M->3172M(4096M) 46.882ms
[2025-08-01T02:37:15.819+0000] GC(1353) User=0.34s Sys=0.01s Real=0.05s
[2025-08-01T02:37:15.884+0000] GC(1354) Pause Young (Normal) (G1 Evacuation Pause)
[2025-08-01T02:37:15.884+0000] GC(1354) Using 8 workers of 8 for evacuation
[2025-08-01T02:37:15.912+0000] GC(1354)   Pre Evacuate Collection Set: 0.1ms
[2025-08-01T02:37:15.912+0000] GC(1354)   Evacuate Collection Set: 27.2ms
[2025-08-01T02:37:15.912+0000] GC(1354)   Post Evacuate Collection Set: 0.7ms
[2025-08-01T02:37:15.913+0000] GC(1354)   Other: 0.3ms
[2025-08-01T02:37:15.913+0000] GC(1354) Eden regions: 84->0(89)
[2025-08-01T02:37:15.913+0000] GC(1354) Survivor regions: 18->13(13)
[2025-08-01T02:37:15.913+0000] GC(1354) Old regions: 1570->1637
[2025-08-01T02:37:15.913+0000] GC(1354) Humongous regions: 0->0
[2025-08-01T02:37:15.913+0000] GC(1354) Metaspace: 9706K(12544K)->9706K(12544K) NonClass: 8540K(11008K)->8540K(11008K) Class: 1166K(1536K)->1166K(1536K)
[2025-08-01T02:37:15.913+0000] GC(1354) Pause Young (Normal) (G1 Evacuation Pause) 3340M->3296M(4096M) 28.328ms
[2025-08-01T02:37:15.913+0000] GC(1354) User=0.19s Sys=0.00s Real=0.02s
[2025-08-01T02:37:15.930+0000] GC(1355) Pause Young (Normal) (G1 Evacuation Pause)
[2025-08-01T02:37:15.930+0000] GC(1355) Using 8 workers of 8 for evacuation
[2025-08-01T02:37:15.959+0000] GC(1355)   Pre Evacuate Collection Set: 0.1ms
[2025-08-01T02:37:15.960+0000] GC(1355)   Evacuate Collection Set: 28.9ms
[2025-08-01T02:37:15.960+0000] GC(1355)   Post Evacuate Collection Set: 0.6ms
[2025-08-01T02:37:15.960+0000] GC(1355)   Other: 0.4ms
[2025-08-01T02:37:15.960+0000] GC(1355) Eden regions: 89->0(89)
[2025-08-01T02:37:15.960+0000] GC(1355) Survivor regions: 13->13(13)
[2025-08-01T02:37:15.960+0000] GC(1355) Old regions: 1637->1727
[2025-08-01T02:37:15.960+0000] GC(1355) Humongous regions: 0->0
[2025-08-01T02:37:15.960+0000] GC(1355) Metaspace: 9706K(12544K)->9706K(12544K) NonClass: 8540K(11008K)->8540K(11008K) Class: 1166K(1536K)->1166K(1536K)
[2025-08-01T02:37:15.960+0000] GC(1355) Pause Young (Normal) (G1 Evacuation Pause) 3474M->3477M(4096M) 30.166ms
[2025-08-01T02:37:15.960+0000] GC(1355) User=0.22s Sys=0.00s Real=0.03s
[2025-08-01T02:37:16.027+0000] GC(1356) Pause Young (Normal) (G1 Evacuation Pause)
[2025-08-01T02:37:16.027+0000] GC(1356) Using 8 workers of 8 for evacuation
[2025-08-01T02:37:16.063+0000] GC(1356)   Pre Evacuate Collection Set: 0.1ms
[2025-08-01T02:37:16.063+0000] GC(1356)   Evacuate Collection Set: 34.9ms
[2025-08-01T02:37:16.063+0000] GC(1356)   Post Evacuate Collection Set: 1.0ms
[2025-08-01T02:37:16.063+0000] GC(1356)   Other: 0.3ms
[2025-08-01T02:37:16.063+0000] GC(1356) Eden regions: 89->0(89)
[2025-08-01T02:37:16.063+0000] GC(1356) Survivor regions: 13->13(13)
[2025-08-01T02:37:16.063+0000] GC(1356) Old regions: 1727->1812
[2025-08-01T02:37:16.063+0000] GC(1356) Humongous regions: 0->0
[2025-08-01T02:37:16.063+0000] GC(1356) Metaspace: 9706K(12544K)->9706K(12544K) NonClass: 8540K(11008K)->8540K(11008K) Class: 1166K(1536K)->1166K(1536K)
[2025-08-01T02:37:16.063+0000] GC(1356) Pause Young (Normal) (G1 Evacuation Pause) 3655M->3647M(4096M) 36.440ms
[2025-08-01T02:37:16.063+0000] GC(1356) User=0.26s Sys=0.01s Real=0.04s
[2025-08-01T02:37:16.082+0000] GC(1357) Pause Young (Normal) (G1 Evacuation Pause)
[2025-08-01T02:37:16.082+0000] GC(1357) Using 8 workers of 8 for evacuation
[2025-08-01T02:37:16.115+0000] GC(1357)   Pre Evacuate Collection Set: 0.1ms
[2025-08-01T02:37:16.115+0000] GC(1357)   Evacuate Collection Set: 32.1ms
[2025-08-01T02:37:16.115+0000] GC(1357)   Post Evacuate Collection Set: 0.6ms
[2025-08-01T02:37:16.115+0000] GC(1357)   Other: 0.2ms
[2025-08-01T02:37:16.115+0000] GC(1357) Eden regions: 89->0(89)
[2025-08-01T02:37:16.115+0000] GC(1357) Survivor regions: 13->13(13)
[2025-08-01T02:37:16.115+0000] GC(1357) Old regions: 1812->1903
[2025-08-01T02:37:16.115+0000] GC(1357) Humongous regions: 0->0
[2025-08-01T02:37:16.115+0000] GC(1357) Metaspace: 9706K(12544K)->9706K(12544K) NonClass: 8540K(11008K)->8540K(11008K) Class: 1166K(1536K)->1166K(1536K)
[2025-08-01T02:37:16.115+0000] GC(1357) Pause Young (Normal) (G1 Evacuation Pause) 3825M->3829M(4096M) 33.107ms
[2025-08-01T02:37:16.115+0000] GC(1357) User=0.26s Sys=0.00s Real=0.04s
[2025-08-01T02:37:16.180+0000] GC(1352) Concurrent Mark From Roots 424.373ms
[2025-08-01T02:37:16.180+0000] GC(1352) Concurrent Preclean
[2025-08-01T02:37:16.180+0000] GC(1352) Concurrent Preclean 0.317ms
[2025-08-01T02:37:16.180+0000] GC(1352) Concurrent Mark (174.751s, 175.176s) 424.832ms
[2025-08-01T02:37:16.181+0000] GC(1352) Pause Remark
[2025-08-01T02:37:16.183+0000] GC(1352) Cleaned string and symbol table, strings: 2833 processed, 0 removed, symbols: 23489 processed, 0 removed
[2025-08-01T02:37:16.184+0000] GC(1352) Pause Remark 3971M->2451M(4096M) 3.780ms
[2025-08-01T02:37:16.184+0000] GC(1352) User=0.01s Sys=0.00s Real=0.01s
[2025-08-01T02:37:16.185+0000] GC(1352) Concurrent Rebuild Remembered Sets
[2025-08-01T02:37:16.189+0000] GC(1358) Pause Young (Normal) (G1 Evacuation Pause)
[2025-08-01T02:37:16.189+0000] GC(1358) Using 8 workers of 8 for evacuation
[2025-08-01T02:37:16.229+0000] GC(1358)   Pre Evacuate Collection Set: 0.1ms
[2025-08-01T02:37:16.229+0000] GC(1358)   Evacuate Collection Set: 38.3ms
[2025-08-01T02:37:16.229+0000] GC(1358)   Post Evacuate Collection Set: 0.6ms
[2025-08-01T02:37:16.229+0000] GC(1358)   Other: 0.3ms
[2025-08-01T02:37:16.229+0000] GC(1358) Eden regions: 89->0(188)
[2025-08-01T02:37:16.229+0000] GC(1358) Survivor regions: 13->13(13)
[2025-08-01T02:37:16.229+0000] GC(1358) Old regions: 1143->1235
[2025-08-01T02:37:16.229+0000] GC(1358) Humongous regions: 0->0
[2025-08-01T02:37:16.229+0000] GC(1358) Metaspace: 9706K(12544K)->9706K(12544K) NonClass: 8540K(11008K)->8540K(11008K) Class: 1166K(1536K)->1166K(1536K)
[2025-08-01T02:37:16.229+0000] GC(1358) Pause Young (Normal) (G1 Evacuation Pause) 2487M->2492M(4096M) 39.610ms
[2025-08-01T02:37:16.229+0000] GC(1358) User=0.26s Sys=0.03s Real=0.04s
[2025-08-01T02:37:16.316+0000] GC(1359) Pause Young (Normal) (G1 Evacuation Pause)
[2025-08-01T02:37:16.316+0000] GC(1359) Using 8 workers of 8 for evacuation
[2025-08-01T02:37:16.378+0000] GC(1359)   Pre Evacuate Collection Set: 0.1ms
[2025-08-01T02:37:16.378+0000] GC(1359)   Evacuate Collection Set: 61.1ms
[2025-08-01T02:37:16.378+0000] GC(1359)   Post Evacuate Collection Set: 0.8ms
[2025-08-01T02:37:16.378+0000] GC(1359)   Other: 0.4ms
[2025-08-01T02:37:16.378+0000] GC(1359) Eden regions: 188->0(138)
[2025-08-01T02:37:16.378+0000] GC(1359) Survivor regions: 13->26(26)
[2025-08-01T02:37:16.378+0000] GC(1359) Old regions: 1235->1380
[2025-08-01T02:37:16.378+0000] GC(1359) Humongous regions: 0->0
[2025-08-01T02:37:16.378+0000] GC(1359) Metaspace: 9706K(12544K)->9706K(12544K) NonClass: 8540K(11008K)->8540K(11008K) Class: 1166K(1536K)->1166K(1536K)
[2025-08-01T02:37:16.378+0000] GC(1359) Pause Young (Normal) (G1 Evacuation Pause) 2868M->2808M(4096M) 62.494ms
[2025-08-01T02:37:16.378+0000] GC(1359) User=0.47s Sys=0.01s Real=0.06s
[2025-08-01T02:37:16.458+0000] GC(1360) Pause Young (Normal) (G1 Evacuation Pause)
[2025-08-01T02:37:16.459+0000] GC(1360) Using 8 workers of 8 for evacuation
[2025-08-01T02:37:16.538+0000] GC(1360)   Pre Evacuate Collection Set: 0.1ms
[2025-08-01T02:37:16.538+0000] GC(1360)   Evacuate Collection Set: 78.8ms
[2025-08-01T02:37:16.538+0000] GC(1360)   Post Evacuate Collection Set: 0.6ms
[2025-08-01T02:37:16.538+0000] GC(1360)   Other: 0.3ms
[2025-08-01T02:37:16.538+0000] GC(1360) Eden regions: 138->0(93)
[2025-08-01T02:37:16.538+0000] GC(1360) Survivor regions: 26->21(21)
[2025-08-01T02:37:16.538+0000] GC(1360) Old regions: 1380->1524
[2025-08-01T02:37:16.538+0000] GC(1360) Humongous regions: 0->0
[2025-08-01T02:37:16.538+0000] GC(1360) Metaspace: 9706K(12544K)->9706K(12544K) NonClass: 8540K(11008K)->8540K(11008K) Class: 1166K(1536K)->1166K(1536K)
[2025-08-01T02:37:16.538+0000] GC(1360) Pause Young (Normal) (G1 Evacuation Pause) 3084M->3087M(4096M) 79.966ms
[2025-08-01T02:37:16.538+0000] GC(1360) User=0.54s Sys=0.02s Real=0.08s
[2025-08-01T02:37:16.558+0000] GC(1361) Pause Young (Normal) (G1 Evacuation Pause)
[2025-08-01T02:37:16.558+0000] GC(1361) Using 8 workers of 8 for evacuation
[2025-08-01T02:37:16.604+0000] GC(1361)   Pre Evacuate Collection Set: 0.1ms
[2025-08-01T02:37:16.604+0000] GC(1361)   Evacuate Collection Set: 45.4ms
[2025-08-01T02:37:16.604+0000] GC(1361)   Post Evacuate Collection Set: 0.7ms
[2025-08-01T02:37:16.604+0000] GC(1361)   Other: 0.3ms
[2025-08-01T02:37:16.604+0000] GC(1361) Eden regions: 93->0(87)
[2025-08-01T02:37:16.604+0000] GC(1361) Survivor regions: 21->15(15)
[2025-08-01T02:37:16.604+0000] GC(1361) Old regions: 1524->1625
[2025-08-01T02:37:16.604+0000] GC(1361) Humongous regions: 0->0
[2025-08-01T02:37:16.604+0000] GC(1361) Metaspace: 9706K(12544K)->9706K(12544K) NonClass: 8540K(11008K)->8540K(11008K) Class: 1166K(1536K)->1166K(1536K)
[2025-08-01T02:37:16.604+0000] GC(1361) Pause Young (Normal) (G1 Evacuation Pause) 3273M->3277M(4096M) 46.722ms
[2025-08-01T02:37:16.604+0000] GC(1361) User=0.33s Sys=0.02s Real=0.05s
[2025-08-01T02:37:16.673+0000] GC(1362) Pause Young (Normal) (G1 Evacuation Pause)
[2025-08-01T02:37:16.674+0000] GC(1362) Using 8 workers of 8 for evacuation
[2025-08-01T02:37:16.702+0000] GC(1362)   Pre Evacuate Collection Set: 0.1ms
[2025-08-01T02:37:16.702+0000] GC(1362)   Evacuate Collection Set: 27.6ms
[2025-08-01T02:37:16.702+0000] GC(1362)   Post Evacuate Collection Set: 0.9ms
[2025-08-01T02:37:16.702+0000] GC(1362)   Other: 0.3ms
[2025-08-01T02:37:16.702+0000] GC(1362) Eden regions: 87->0(89)
[2025-08-01T02:37:16.702+0000] GC(1362) Survivor regions: 15->13(13)
[2025-08-01T02:37:16.702+0000] GC(1362) Old regions: 1625->1676
[2025-08-01T02:37:16.702+0000] GC(1362) Humongous regions: 0->0
[2025-08-01T02:37:16.702+0000] GC(1362) Metaspace: 9706K(12544K)->9706K(12544K) NonClass: 8540K(11008K)->8540K(11008K) Class: 1166K(1536K)->1166K(1536K)
[2025-08-01T02:37:16.702+0000] GC(1362) Pause Young (Normal) (G1 Evacuation Pause) 3451M->3374M(4096M) 28.978ms
[2025-08-01T02:37:16.702+0000] GC(1362) User=0.19s Sys=0.01s Real=0.02s
[2025-08-01T02:37:16.723+0000] GC(1363) Pause Young (Normal) (G1 Evacuation Pause)
[2025-08-01T02:37:16.723+0000] GC(1363) Using 8 workers of 8 for evacuation
[2025-08-01T02:37:16.759+0000] GC(1363)   Pre Evacuate Collection Set: 0.1ms
[2025-08-01T02:37:16.759+0000] GC(1363)   Evacuate Collection Set: 34.8ms
[2025-08-01T02:37:16.759+0000] GC(1363)   Post Evacuate Collection Set: 0.8ms
[2025-08-01T02:37:16.759+0000] GC(1363)   Other: 0.3ms
[2025-08-01T02:37:16.759+0000] GC(1363) Eden regions: 89->0(89)
[2025-08-01T02:37:16.759+0000] GC(1363) Survivor regions: 13->13(13)
[2025-08-01T02:37:16.759+0000] GC(1363) Old regions: 1676->1766
[2025-08-01T02:37:16.759+0000] GC(1363) Humongous regions: 0->0
[2025-08-01T02:37:16.759+0000] GC(1363) Metaspace: 9706K(12544K)->9706K(12544K) NonClass: 8540K(11008K)->8540K(11008K) Class: 1166K(1536K)->1166K(1536K)
[2025-08-01T02:37:16.759+0000] GC(1363) Pause Young (Normal) (G1 Evacuation Pause) 3552M->3554M(4096M) 36.161ms
[2025-08-01T02:37:16.759+0000] GC(1363) User=0.27s Sys=0.00s Real=0.04s
[2025-08-01T02:37:16.825+0000] GC(1364) Pause Young (Normal) (G1 Evacuation Pause)
[2025-08-01T02:37:16.825+0000] GC(1364) Using 8 workers of 8 for evacuation
[2025-08-01T02:37:16.856+0000] GC(1364)   Pre Evacuate Collection Set: 0.1ms
[2025-08-01T02:37:16.856+0000] GC(1364)   Evacuate Collection Set: 30.1ms
[2025-08-01T02:37:16.856+0000] GC(1364)   Post Evacuate Collection Set: 0.7ms
[2025-08-01T02:37:16.856+0000] GC(1364)   Other: 0.3ms
[2025-08-01T02:37:16.856+0000] GC(1364) Eden regions: 89->0(89)
[2025-08-01T02:37:16.856+0000] GC(1364) Survivor regions: 13->13(13)
[2025-08-01T02:37:16.856+0000] GC(1364) Old regions: 1766->1833
[2025-08-01T02:37:16.856+0000] GC(1364) Humongous regions: 0->0
[2025-08-01T02:37:16.856+0000] GC(1364) Metaspace: 9706K(12544K)->9706K(12544K) NonClass: 8540K(11008K)->8540K(11008K) Class: 1166K(1536K)->1166K(1536K)
[2025-08-01T02:37:16.856+0000] GC(1364) Pause Young (Normal) (G1 Evacuation Pause) 3732M->3689M(4096M) 31.282ms
[2025-08-01T02:37:16.857+0000] GC(1364) User=0.24s Sys=0.00s Real=0.03s
[2025-08-01T02:37:16.876+0000] GC(1365) Pause Young (Normal) (G1 Evacuation Pause)
[2025-08-01T02:37:16.876+0000] GC(1365) Using 8 workers of 8 for evacuation
[2025-08-01T02:37:16.916+0000] GC(1365)   Pre Evacuate Collection Set: 0.1ms
[2025-08-01T02:37:16.916+0000] GC(1365)   Evacuate Collection Set: 39.7ms
[2025-08-01T02:37:16.916+0000] GC(1365)   Post Evacuate Collection Set: 0.6ms
[2025-08-01T02:37:16.916+0000] GC(1365)   Other: 0.3ms
[2025-08-01T02:37:16.916+0000] GC(1365) Eden regions: 89->0(89)
[2025-08-01T02:37:16.916+0000] GC(1365) Survivor regions: 13->13(13)
[2025-08-01T02:37:16.916+0000] GC(1365) Old regions: 1833->1925
[2025-08-01T02:37:16.916+0000] GC(1365) Humongous regions: 0->0
[2025-08-01T02:37:16.916+0000] GC(1365) Metaspace: 9706K(12544K)->9706K(12544K) NonClass: 8540K(11008K)->8540K(11008K) Class: 1166K(1536K)->1166K(1536K)
[2025-08-01T02:37:16.916+0000] GC(1365) Pause Young (Normal) (G1 Evacuation Pause) 3867M->3873M(4096M) 40.871ms
[2025-08-01T02:37:16.916+0000] GC(1365) User=0.29s Sys=0.01s Real=0.04s
[2025-08-01T02:37:16.934+0000] GC(1352) Concurrent Rebuild Remembered Sets 749.731ms
[2025-08-01T02:37:16.935+0000] GC(1352) Pause Cleanup
[2025-08-01T02:37:16.935+0000] GC(1352) Pause Cleanup 4019M->4019M(4096M) 0.775ms
[2025-08-01T02:37:16.935+0000] GC(1352) User=0.00s Sys=0.00s Real=0.00s
[2025-08-01T02:37:16.936+0000] GC(1352) Concurrent Cleanup for Next Mark
[2025-08-01T02:37:16.942+0000] GC(1352) Concurrent Cleanup for Next Mark 6.530ms
[2025-08-01T02:37:16.942+0000] GC(1352) Concurrent Cycle 1198.632ms
[2025-08-01T02:37:16.983+0000] GC(1366) Pause Young (Normal) (G1 Evacuation Pause)
[2025-08-01T02:37:16.983+0000] GC(1366) Using 8 workers of 8 for evacuation
[2025-08-01T02:37:17.018+0000] GC(1366) To-space exhausted
[2025-08-01T02:37:17.018+0000] GC(1366)   Pre Evacuate Collection Set: 0.1ms
[2025-08-01T02:37:17.018+0000] GC(1366)   Evacuate Collection Set: 23.7ms
[2025-08-01T02:37:17.018+0000] GC(1366)   Post Evacuate Collection Set: 10.8ms
[2025-08-01T02:37:17.018+0000] GC(1366)   Other: 0.4ms
[2025-08-01T02:37:17.018+0000] GC(1366) Eden regions: 89->0(92)
[2025-08-01T02:37:17.018+0000] GC(1366) Survivor regions: 13->10(13)
[2025-08-01T02:37:17.018+0000] GC(1366) Old regions: 1925->2032
[2025-08-01T02:37:17.018+0000] GC(1366) Humongous regions: 0->0
[2025-08-01T02:37:17.018+0000] GC(1366) Metaspace: 9706K(12544K)->9706K(12544K) NonClass: 8540K(11008K)->8540K(11008K) Class: 1166K(1536K)->1166K(1536K)
[2025-08-01T02:37:17.018+0000] GC(1366) Pause Young (Normal) (G1 Evacuation Pause) 4051M->4081M(4096M) 35.128ms
[2025-08-01T02:37:17.018+0000] GC(1366) User=0.25s Sys=0.00s Real=0.03s
[2025-08-01T02:37:17.021+0000] GC(1367) Pause Young (Concurrent Start) (G1 Evacuation Pause)
[2025-08-01T02:37:17.021+0000] GC(1367) Using 8 workers of 8 for evacuation
[2025-08-01T02:37:17.027+0000] GC(1367) To-space exhausted
[2025-08-01T02:37:17.027+0000] GC(1367)   Pre Evacuate Collection Set: 0.1ms
[2025-08-01T02:37:17.027+0000] GC(1367)   Evacuate Collection Set: 3.8ms
[2025-08-01T02:37:17.027+0000] GC(1367)   Post Evacuate Collection Set: 2.5ms
[2025-08-01T02:37:17.027+0000] GC(1367)   Other: 0.4ms
[2025-08-01T02:37:17.027+0000] GC(1367) Eden regions: 6->0(102)
[2025-08-01T02:37:17.027+0000] GC(1367) Survivor regions: 10->0(13)
[2025-08-01T02:37:17.027+0000] GC(1367) Old regions: 2032->2048
[2025-08-01T02:37:17.027+0000] GC(1367) Humongous regions: 0->0
[2025-08-01T02:37:17.027+0000] GC(1367) Metaspace: 9706K(12544K)->9706K(12544K) NonClass: 8540K(11008K)->8540K(11008K) Class: 1166K(1536K)->1166K(1536K)
[2025-08-01T02:37:17.027+0000] GC(1367) Pause Young (Concurrent Start) (G1 Evacuation Pause) 4093M->4093M(4096M) 6.840ms
[2025-08-01T02:37:17.028+0000] GC(1367) User=0.03s Sys=0.00s Real=0.01s
[2025-08-01T02:37:17.028+0000] GC(1368) Using 8 workers of 8 for full compaction
[2025-08-01T02:37:17.028+0000] GC(1368) Pause Full (G1 Evacuation Pause)
[2025-08-01T02:37:17.028+0000] GC(1369) Concurrent Cycle
[2025-08-01T02:37:17.028+0000] GC(1369) Concurrent Clear Claimed Marks
[2025-08-01T02:37:17.028+0000] GC(1369) Concurrent Clear Claimed Marks 0.115ms
[2025-08-01T02:37:17.028+0000] GC(1369) Concurrent Scan Root Regions
[2025-08-01T02:37:17.028+0000] GC(1369) Concurrent Scan Root Regions 0.017ms
[2025-08-01T02:37:17.028+0000] GC(1369) Concurrent Mark (176.023s)
[2025-08-01T02:37:17.028+0000] GC(1369) Concurrent Mark From Roots
[2025-08-01T02:37:17.028+0000] GC(1369) Using 2 workers of 2 for marking
[2025-08-01T02:37:17.034+0000] GC(1368) Phase 1: Mark live objects
[2025-08-01T02:37:17.073+0000] GC(1368) Cleaned string and symbol table, strings: 2833 processed, 0 removed, symbols: 23489 processed, 0 removed
[2025-08-01T02:37:17.073+0000] GC(1368) Phase 1: Mark live objects 38.482ms
[2025-08-01T02:37:17.073+0000] GC(1368) Phase 2: Prepare for compaction
[2025-08-01T02:37:17.118+0000] GC(1368) Phase 2: Prepare for compaction 44.598ms
[2025-08-01T02:37:17.118+0000] GC(1368) Phase 3: Adjust pointers
[2025-08-01T02:37:17.159+0000] GC(1368) Phase 3: Adjust pointers 41.311ms
[2025-08-01T02:37:17.159+0000] GC(1368) Phase 4: Compact heap
[2025-08-01T02:37:17.295+0000] GC(1368) Phase 4: Compact heap 135.955ms
[2025-08-01T02:37:17.297+0000] GC(1368) Eden regions: 0->0(524)
[2025-08-01T02:37:17.297+0000] GC(1368) Survivor regions: 0->0(13)
[2025-08-01T02:37:17.297+0000] GC(1368) Old regions: 2048->451
[2025-08-01T02:37:17.297+0000] GC(1368) Humongous regions: 0->0
[2025-08-01T02:37:17.297+0000] GC(1368) Metaspace: 9706K(12544K)->9706K(12544K) NonClass: 8540K(11008K)->8540K(11008K) Class: 1166K(1536K)->1166K(1536K)
[2025-08-01T02:37:17.297+0000] GC(1368) Pause Full (G1 Evacuation Pause) 4093M->893M(4096M) 269.499ms
[2025-08-01T02:37:17.297+0000] GC(1368) User=1.96s Sys=0.06s Real=0.27s
[2025-08-01T02:37:17.298+0000] GC(1369) Concurrent Mark From Roots 270.039ms
[2025-08-01T02:37:17.298+0000] GC(1369) Concurrent Mark Abort
[2025-08-01T02:37:17.298+0000] GC(1369) Concurrent Cycle 270.287ms
[2025-08-01T02:37:17.555+0000] GC(1370) Pause Young (Normal) (G1 Evacuation Pause)
[2025-08-01T02:37:17.555+0000] GC(1370) Using 8 workers of 8 for evacuation
[2025-08-01T02:37:17.743+0000] GC(1370)   Pre Evacuate Collection Set: 0.2ms
[2025-08-01T02:37:17.743+0000] GC(1370)   Evacuate Collection Set: 186.6ms
[2025-08-01T02:37:17.743+0000] GC(1370)   Post Evacuate Collection Set: 1.0ms
[2025-08-01T02:37:17.743+0000] GC(1370)   Other: 0.4ms
[2025-08-01T02:37:17.743+0000] GC(1370) Eden regions: 524->0(433)
[2025-08-01T02:37:17.743+0000] GC(1370) Survivor regions: 0->66(66)
[2025-08-01T02:37:17.744+0000] GC(1370) Old regions: 451->614
[2025-08-01T02:37:17.744+0000] GC(1370) Humongous regions: 0->0
[2025-08-01T02:37:17.744+0000] GC(1370) Metaspace: 9706K(12544K)->9706K(12544K) NonClass: 8540K(11008K)->8540K(11008K) Class: 1166K(1536K)->1166K(1536K)
[2025-08-01T02:37:17.744+0000] GC(1370) Pause Young (Normal) (G1 Evacuation Pause) 1941M->1351M(4096M) 188.449ms
[2025-08-01T02:37:17.744+0000] GC(1370) User=1.41s Sys=0.05s Real=0.19s
[2025-08-01T02:37:17.924+0000] GC(1371) Pause Young (Concurrent Start) (G1 Evacuation Pause)
[2025-08-01T02:37:17.925+0000] GC(1371) Using 8 workers of 8 for evacuation
[2025-08-01T02:37:18.059+0000] GC(1371)   Pre Evacuate Collection Set: 0.1ms
[2025-08-01T02:37:18.059+0000] GC(1371)   Evacuate Collection Set: 131.8ms
[2025-08-01T02:37:18.059+0000] GC(1371)   Post Evacuate Collection Set: 1.0ms
[2025-08-01T02:37:18.059+0000] GC(1371)   Other: 1.3ms
[2025-08-01T02:37:18.059+0000] GC(1371) Eden regions: 433->0(283)
[2025-08-01T02:37:18.059+0000] GC(1371) Survivor regions: 66->63(63)
[2025-08-01T02:37:18.059+0000] GC(1371) Old regions: 614->975
[2025-08-01T02:37:18.059+0000] GC(1371) Humongous regions: 0->0
[2025-08-01T02:37:18.059+0000] GC(1371) Metaspace: 9706K(12544K)->9706K(12544K) NonClass: 8540K(11008K)->8540K(11008K) Class: 1166K(1536K)->1166K(1536K)
[2025-08-01T02:37:18.059+0000] GC(1371) Pause Young (Concurrent Start) (G1 Evacuation Pause) 2217M->2066M(4096M) 134.330ms
[2025-08-01T02:37:18.059+0000] GC(1371) User=1.04s Sys=0.01s Real=0.13s
[2025-08-01T02:37:18.059+0000] GC(1372) Concurrent Cycle
[2025-08-01T02:37:18.059+0000] GC(1372) Concurrent Clear Claimed Marks
[2025-08-01T02:37:18.059+0000] GC(1372) Concurrent Clear Claimed Marks 0.042ms
[2025-08-01T02:37:18.059+0000] GC(1372) Concurrent Scan Root Regions
[2025-08-01T02:37:18.075+0000] GC(1372) Concurrent Scan Root Regions 16.345ms
[2025-08-01T02:37:18.076+0000] GC(1372) Concurrent Mark (177.071s)
[2025-08-01T02:37:18.076+0000] GC(1372) Concurrent Mark From Roots
[2025-08-01T02:37:18.076+0000] GC(1372) Using 2 workers of 2 for marking
[2025-08-01T02:37:18.175+0000] GC(1373) Pause Young (Normal) (G1 Evacuation Pause)
[2025-08-01T02:37:18.175+0000] GC(1373) Using 8 workers of 8 for evacuation
[2025-08-01T02:37:18.281+0000] GC(1373)   Pre Evacuate Collection Set: 0.2ms
[2025-08-01T02:37:18.281+0000] GC(1373)   Evacuate Collection Set: 104.6ms
[2025-08-01T02:37:18.281+0000] GC(1373)   Post Evacuate Collection Set: 0.8ms
[2025-08-01T02:37:18.281+0000] GC(1373)   Other: 0.3ms
[2025-08-01T02:37:18.281+0000] GC(1373) Eden regions: 283->0(184)
[2025-08-01T02:37:18.281+0000] GC(1373) Survivor regions: 63->44(44)
[2025-08-01T02:37:18.281+0000] GC(1373) Old regions: 975->1240
[2025-08-01T02:37:18.281+0000] GC(1373) Humongous regions: 0->0
[2025-08-01T02:37:18.281+0000] GC(1373) Metaspace: 9706K(12544K)->9706K(12544K) NonClass: 8540K(11008K)->8540K(11008K) Class: 1166K(1536K)->1166K(1536K)
[2025-08-01T02:37:18.281+0000] GC(1373) Pause Young (Normal) (G1 Evacuation Pause) 2632M->2559M(4096M) 106.072ms
[2025-08-01T02:37:18.281+0000] GC(1373) User=0.82s Sys=0.02s Real=0.10s
[2025-08-01T02:37:18.357+0000] GC(1374) Pause Young (Normal) (G1 Evacuation Pause)
[2025-08-01T02:37:18.357+0000] GC(1374) Using 8 workers of 8 for evacuation
[2025-08-01T02:37:18.403+0000] GC(1374)   Pre Evacuate Collection Set: 0.1ms
[2025-08-01T02:37:18.403+0000] GC(1374)   Evacuate Collection Set: 45.2ms
[2025-08-01T02:37:18.403+0000] GC(1374)   Post Evacuate Collection Set: 0.9ms
[2025-08-01T02:37:18.403+0000] GC(1374)   Other: 0.6ms
[2025-08-01T02:37:18.403+0000] GC(1374) Eden regions: 184->0(166)
[2025-08-01T02:37:18.403+0000] GC(1374) Survivor regions: 44->29(29)
[2025-08-01T02:37:18.403+0000] GC(1374) Old regions: 1240->1329
[2025-08-01T02:37:18.403+0000] GC(1374) Humongous regions: 0->0
[2025-08-01T02:37:18.403+0000] GC(1374) Metaspace: 9706K(12544K)->9706K(12544K) NonClass: 8540K(11008K)->8540K(11008K) Class: 1166K(1536K)->1166K(1536K)
[2025-08-01T02:37:18.403+0000] GC(1374) Pause Young (Normal) (G1 Evacuation Pause) 2927M->2707M(4096M) 46.819ms
[2025-08-01T02:37:18.404+0000] GC(1374) User=0.35s Sys=0.02s Real=0.05s
[2025-08-01T02:37:18.420+0000] GC(1372) Concurrent Mark From Roots 344.711ms
[2025-08-01T02:37:18.420+0000] GC(1372) Concurrent Preclean
[2025-08-01T02:37:18.421+0000] GC(1372) Concurrent Preclean 0.308ms
[2025-08-01T02:37:18.421+0000] GC(1372) Concurrent Mark (177.071s, 177.416s) 345.175ms
[2025-08-01T02:37:18.421+0000] GC(1372) Pause Remark
[2025-08-01T02:37:18.425+0000] GC(1372) Cleaned string and symbol table, strings: 2833 processed, 0 removed, symbols: 23489 processed, 0 removed
[2025-08-01T02:37:18.426+0000] GC(1372) Pause Remark 2871M->2003M(4096M) 4.895ms
[2025-08-01T02:37:18.426+0000] GC(1372) User=0.02s Sys=0.00s Real=0.01s
[2025-08-01T02:37:18.426+0000] GC(1372) Concurrent Rebuild Remembered Sets
[2025-08-01T02:37:18.467+0000] GC(1375) Pause Young (Normal) (G1 Evacuation Pause)
[2025-08-01T02:37:18.467+0000] GC(1375) Using 8 workers of 8 for evacuation
[2025-08-01T02:37:18.527+0000] GC(1375)   Pre Evacuate Collection Set: 0.1ms
[2025-08-01T02:37:18.527+0000] GC(1375)   Evacuate Collection Set: 58.8ms
[2025-08-01T02:37:18.527+0000] GC(1375)   Post Evacuate Collection Set: 1.0ms
[2025-08-01T02:37:18.527+0000] GC(1375)   Other: 0.4ms
[2025-08-01T02:37:18.527+0000] GC(1375) Eden regions: 166->0(286)
[2025-08-01T02:37:18.527+0000] GC(1375) Survivor regions: 29->25(25)
[2025-08-01T02:37:18.527+0000] GC(1375) Old regions: 892->1002
[2025-08-01T02:37:18.527+0000] GC(1375) Humongous regions: 0->0
[2025-08-01T02:37:18.527+0000] GC(1375) Metaspace: 9706K(12544K)->9706K(12544K) NonClass: 8540K(11008K)->8540K(11008K) Class: 1166K(1536K)->1166K(1536K)
[2025-08-01T02:37:18.527+0000] GC(1375) Pause Young (Normal) (G1 Evacuation Pause) 2171M->2051M(4096M) 60.466ms
[2025-08-01T02:37:18.527+0000] GC(1375) User=0.45s Sys=0.01s Real=0.06s
[2025-08-01T02:37:18.629+0000] GC(1376) Pause Young (Normal) (G1 Evacuation Pause)
[2025-08-01T02:37:18.629+0000] GC(1376) Using 8 workers of 8 for evacuation
[2025-08-01T02:37:18.739+0000] GC(1376)   Pre Evacuate Collection Set: 0.1ms
[2025-08-01T02:37:18.739+0000] GC(1376)   Evacuate Collection Set: 108.2ms
[2025-08-01T02:37:18.739+0000] GC(1376)   Post Evacuate Collection Set: 0.8ms
[2025-08-01T02:37:18.739+0000] GC(1376)   Other: 0.3ms
[2025-08-01T02:37:18.739+0000] GC(1376) Eden regions: 286->0(174)
[2025-08-01T02:37:18.739+0000] GC(1376) Survivor regions: 25->39(39)
[2025-08-01T02:37:18.739+0000] GC(1376) Old regions: 1002->1276
[2025-08-01T02:37:18.739+0000] GC(1376) Humongous regions: 0->0
[2025-08-01T02:37:18.739+0000] GC(1376) Metaspace: 9706K(12544K)->9706K(12544K) NonClass: 8540K(11008K)->8540K(11008K) Class: 1166K(1536K)->1166K(1536K)
[2025-08-01T02:37:18.739+0000] GC(1376) Pause Young (Normal) (G1 Evacuation Pause) 2623M->2626M(4096M) 109.586ms
[2025-08-01T02:37:18.739+0000] GC(1376) User=0.83s Sys=0.02s Real=0.11s
[2025-08-01T02:37:18.820+0000] GC(1377) Pause Young (Normal) (G1 Evacuation Pause)
[2025-08-01T02:37:18.820+0000] GC(1377) Using 8 workers of 8 for evacuation
[2025-08-01T02:37:18.871+0000] GC(1377)   Pre Evacuate Collection Set: 0.1ms
[2025-08-01T02:37:18.871+0000] GC(1377)   Evacuate Collection Set: 50.6ms
[2025-08-01T02:37:18.871+0000] GC(1377)   Post Evacuate Collection Set: 0.8ms
[2025-08-01T02:37:18.872+0000] GC(1377)   Other: 0.4ms
[2025-08-01T02:37:18.872+0000] GC(1377) Eden regions: 174->0(136)
[2025-08-01T02:37:18.872+0000] GC(1377) Survivor regions: 39->27(27)
[2025-08-01T02:37:18.872+0000] GC(1377) Old regions: 1276->1409
[2025-08-01T02:37:18.872+0000] GC(1377) Humongous regions: 0->0
[2025-08-01T02:37:18.872+0000] GC(1377) Metaspace: 9706K(12544K)->9706K(12544K) NonClass: 8540K(11008K)->8540K(11008K) Class: 1166K(1536K)->1166K(1536K)
[2025-08-01T02:37:18.872+0000] GC(1377) Pause Young (Normal) (G1 Evacuation Pause) 2974M->2868M(4096M) 52.045ms
[2025-08-01T02:37:18.872+0000] GC(1377) User=0.40s Sys=0.00s Real=0.05s
[2025-08-01T02:37:18.918+0000] GC(1372) Concurrent Rebuild Remembered Sets 492.254ms
[2025-08-01T02:37:18.919+0000] GC(1372) Pause Cleanup
[2025-08-01T02:37:18.919+0000] GC(1372) Pause Cleanup 3069M->3069M(4096M) 0.656ms
[2025-08-01T02:37:18.919+0000] GC(1372) User=0.00s Sys=0.00s Real=0.00s
[2025-08-01T02:37:18.919+0000] GC(1372) Concurrent Cleanup for Next Mark
[2025-08-01T02:37:18.926+0000] GC(1372) Concurrent Cleanup for Next Mark 6.531ms
[2025-08-01T02:37:18.926+0000] GC(1372) Concurrent Cycle 867.051ms
[2025-08-01T02:37:18.941+0000] GC(1378) Pause Young (Normal) (G1 Evacuation Pause)
[2025-08-01T02:37:18.941+0000] GC(1378) Using 8 workers of 8 for evacuation
[2025-08-01T02:37:18.996+0000] GC(1378)   Pre Evacuate Collection Set: 0.1ms
[2025-08-01T02:37:18.996+0000] GC(1378)   Evacuate Collection Set: 53.9ms
[2025-08-01T02:37:18.996+0000] GC(1378)   Post Evacuate Collection Set: 0.8ms
[2025-08-01T02:37:18.996+0000] GC(1378)   Other: 0.3ms
[2025-08-01T02:37:18.996+0000] GC(1378) Eden regions: 136->0(84)
[2025-08-01T02:37:18.996+0000] GC(1378) Survivor regions: 27->21(21)
[2025-08-01T02:37:18.996+0000] GC(1378) Old regions: 1409->1552
[2025-08-01T02:37:18.996+0000] GC(1378) Humongous regions: 0->0
[2025-08-01T02:37:18.996+0000] GC(1378) Metaspace: 9706K(12544K)->9706K(12544K) NonClass: 8540K(11008K)->8540K(11008K) Class: 1166K(1536K)->1166K(1536K)
[2025-08-01T02:37:18.997+0000] GC(1378) Pause Young (Normal) (G1 Evacuation Pause) 3140M->3143M(4096M) 55.252ms
[2025-08-01T02:37:18.997+0000] GC(1378) User=0.42s Sys=0.00s Real=0.06s
[2025-08-01T02:37:19.012+0000] GC(1379) Pause Young (Concurrent Start) (G1 Evacuation Pause)
[2025-08-01T02:37:19.012+0000] GC(1379) Using 8 workers of 8 for evacuation
[2025-08-01T02:37:19.055+0000] GC(1379)   Pre Evacuate Collection Set: 0.1ms
[2025-08-01T02:37:19.055+0000] GC(1379)   Evacuate Collection Set: 41.8ms
[2025-08-01T02:37:19.055+0000] GC(1379)   Post Evacuate Collection Set: 0.6ms
[2025-08-01T02:37:19.055+0000] GC(1379)   Other: 0.4ms
[2025-08-01T02:37:19.055+0000] GC(1379) Eden regions: 84->0(88)
[2025-08-01T02:37:19.055+0000] GC(1379) Survivor regions: 21->14(14)
[2025-08-01T02:37:19.055+0000] GC(1379) Old regions: 1552->1645
[2025-08-01T02:37:19.055+0000] GC(1379) Humongous regions: 0->0
[2025-08-01T02:37:19.055+0000] GC(1379) Metaspace: 9706K(12544K)->9706K(12544K) NonClass: 8540K(11008K)->8540K(11008K) Class: 1166K(1536K)->1166K(1536K)
[2025-08-01T02:37:19.055+0000] GC(1379) Pause Young (Concurrent Start) (G1 Evacuation Pause) 3311M->3315M(4096M) 43.090ms
[2025-08-01T02:37:19.055+0000] GC(1379) User=0.32s Sys=0.01s Real=0.05s
[2025-08-01T02:37:19.055+0000] GC(1380) Concurrent Cycle
[2025-08-01T02:37:19.055+0000] GC(1380) Concurrent Clear Claimed Marks
[2025-08-01T02:37:19.055+0000] GC(1380) Concurrent Clear Claimed Marks 0.096ms
[2025-08-01T02:37:19.055+0000] GC(1380) Concurrent Scan Root Regions
[2025-08-01T02:37:19.059+0000] GC(1380) Concurrent Scan Root Regions 3.755ms
[2025-08-01T02:37:19.059+0000] GC(1380) Concurrent Mark (178.055s)
[2025-08-01T02:37:19.059+0000] GC(1380) Concurrent Mark From Roots
[2025-08-01T02:37:19.059+0000] GC(1380) Using 2 workers of 2 for marking
[2025-08-01T02:37:19.081+0000] GC(1381) Pause Young (Normal) (G1 Evacuation Pause)
[2025-08-01T02:37:19.081+0000] GC(1381) Using 8 workers of 8 for evacuation
[2025-08-01T02:37:19.110+0000] GC(1381)   Pre Evacuate Collection Set: 0.1ms
[2025-08-01T02:37:19.110+0000] GC(1381)   Evacuate Collection Set: 28.4ms
[2025-08-01T02:37:19.111+0000] GC(1381)   Post Evacuate Collection Set: 0.7ms
[2025-08-01T02:37:19.111+0000] GC(1381)   Other: 0.3ms
[2025-08-01T02:37:19.111+0000] GC(1381) Eden regions: 88->0(89)
[2025-08-01T02:37:19.111+0000] GC(1381) Survivor regions: 14->13(13)
[2025-08-01T02:37:19.111+0000] GC(1381) Old regions: 1645->1694
[2025-08-01T02:37:19.111+0000] GC(1381) Humongous regions: 0->0
[2025-08-01T02:37:19.111+0000] GC(1381) Metaspace: 9706K(12544K)->9706K(12544K) NonClass: 8540K(11008K)->8540K(11008K) Class: 1166K(1536K)->1166K(1536K)
[2025-08-01T02:37:19.111+0000] GC(1381) Pause Young (Normal) (G1 Evacuation Pause) 3491M->3410M(4096M) 29.677ms
[2025-08-01T02:37:19.111+0000] GC(1381) User=0.22s Sys=0.01s Real=0.03s
[2025-08-01T02:37:19.139+0000] GC(1382) Pause Young (Normal) (G1 Evacuation Pause)
[2025-08-01T02:37:19.139+0000] GC(1382) Using 8 workers of 8 for evacuation
[2025-08-01T02:37:19.194+0000] GC(1382)   Pre Evacuate Collection Set: 0.1ms
[2025-08-01T02:37:19.194+0000] GC(1382)   Evacuate Collection Set: 53.8ms
[2025-08-01T02:37:19.194+0000] GC(1382)   Post Evacuate Collection Set: 0.5ms
[2025-08-01T02:37:19.194+0000] GC(1382)   Other: 0.3ms
[2025-08-01T02:37:19.194+0000] GC(1382) Eden regions: 89->0(89)
[2025-08-01T02:37:19.194+0000] GC(1382) Survivor regions: 13->13(13)
[2025-08-01T02:37:19.194+0000] GC(1382) Old regions: 1694->1760
[2025-08-01T02:37:19.194+0000] GC(1382) Humongous regions: 0->0
[2025-08-01T02:37:19.194+0000] GC(1382) Metaspace: 9706K(12544K)->9706K(12544K) NonClass: 8540K(11008K)->8540K(11008K) Class: 1166K(1536K)->1166K(1536K)
[2025-08-01T02:37:19.194+0000] GC(1382) Pause Young (Normal) (G1 Evacuation Pause) 3588M->3543M(4096M) 54.924ms
[2025-08-01T02:37:19.194+0000] GC(1382) User=0.41s Sys=0.01s Real=0.06s
[2025-08-01T02:37:19.214+0000] GC(1383) Pause Young (Normal) (G1 Evacuation Pause)
[2025-08-01T02:37:19.214+0000] GC(1383) Using 8 workers of 8 for evacuation
[2025-08-01T02:37:19.251+0000] GC(1383)   Pre Evacuate Collection Set: 0.1ms
[2025-08-01T02:37:19.251+0000] GC(1383)   Evacuate Collection Set: 36.5ms
[2025-08-01T02:37:19.251+0000] GC(1383)   Post Evacuate Collection Set: 0.8ms
[2025-08-01T02:37:19.251+0000] GC(1383)   Other: 0.3ms
[2025-08-01T02:37:19.251+0000] GC(1383) Eden regions: 89->0(89)
[2025-08-01T02:37:19.251+0000] GC(1383) Survivor regions: 13->13(13)
[2025-08-01T02:37:19.251+0000] GC(1383) Old regions: 1760->1851
[2025-08-01T02:37:19.251+0000] GC(1383) Humongous regions: 0->0
[2025-08-01T02:37:19.251+0000] GC(1383) Metaspace: 9706K(12544K)->9706K(12544K) NonClass: 8540K(11008K)->8540K(11008K) Class: 1166K(1536K)->1166K(1536K)
[2025-08-01T02:37:19.251+0000] GC(1383) Pause Young (Normal) (G1 Evacuation Pause) 3721M->3724M(4096M) 37.862ms
[2025-08-01T02:37:19.251+0000] GC(1383) User=0.29s Sys=0.00s Real=0.03s
[2025-08-01T02:37:19.277+0000] GC(1384) Pause Young (Normal) (G1 Evacuation Pause)
[2025-08-01T02:37:19.277+0000] GC(1384) Using 8 workers of 8 for evacuation
[2025-08-01T02:37:19.313+0000] GC(1384) To-space exhausted
[2025-08-01T02:37:19.313+0000] GC(1384)   Pre Evacuate Collection Set: 0.1ms
[2025-08-01T02:37:19.314+0000] GC(1384)   Evacuate Collection Set: 32.8ms
[2025-08-01T02:37:19.314+0000] GC(1384)   Post Evacuate Collection Set: 3.1ms
[2025-08-01T02:37:19.314+0000] GC(1384)   Other: 0.4ms
[2025-08-01T02:37:19.314+0000] GC(1384) Eden regions: 89->0(89)
[2025-08-01T02:37:19.314+0000] GC(1384) Survivor regions: 13->13(13)
[2025-08-01T02:37:19.314+0000] GC(1384) Old regions: 1851->1950
[2025-08-01T02:37:19.314+0000] GC(1384) Humongous regions: 0->0
[2025-08-01T02:37:19.314+0000] GC(1384) Metaspace: 9706K(12544K)->9706K(12544K) NonClass: 8540K(11008K)->8540K(11008K) Class: 1166K(1536K)->1166K(1536K)
[2025-08-01T02:37:19.314+0000] GC(1384) Pause Young (Normal) (G1 Evacuation Pause) 3902M->3923M(4096M) 36.401ms
[2025-08-01T02:37:19.314+0000] GC(1384) User=0.26s Sys=0.00s Real=0.04s
[2025-08-01T02:37:19.332+0000] GC(1385) Pause Young (Normal) (G1 Evacuation Pause)
[2025-08-01T02:37:19.332+0000] GC(1385) Using 8 workers of 8 for evacuation
[2025-08-01T02:37:19.364+0000] GC(1385) To-space exhausted
[2025-08-01T02:37:19.364+0000] GC(1385)   Pre Evacuate Collection Set: 0.1ms
[2025-08-01T02:37:19.364+0000] GC(1385)   Evacuate Collection Set: 22.1ms
[2025-08-01T02:37:19.364+0000] GC(1385)   Post Evacuate Collection Set: 9.7ms
[2025-08-01T02:37:19.364+0000] GC(1385)   Other: 0.4ms
[2025-08-01T02:37:19.364+0000] GC(1385) Eden regions: 85->0(102)
[2025-08-01T02:37:19.364+0000] GC(1385) Survivor regions: 13->0(13)
[2025-08-01T02:37:19.364+0000] GC(1385) Old regions: 1950->2048
[2025-08-01T02:37:19.364+0000] GC(1385) Humongous regions: 0->0
[2025-08-01T02:37:19.365+0000] GC(1385) Metaspace: 9706K(12544K)->9706K(12544K) NonClass: 8540K(11008K)->8540K(11008K) Class: 1166K(1536K)->1166K(1536K)
[2025-08-01T02:37:19.365+0000] GC(1385) Pause Young (Normal) (G1 Evacuation Pause) 4093M->4093M(4096M) 32.386ms
[2025-08-01T02:37:19.365+0000] GC(1385) User=0.23s Sys=0.00s Real=0.04s
[2025-08-01T02:37:19.365+0000] GC(1386) Using 8 workers of 8 for full compaction
[2025-08-01T02:37:19.365+0000] GC(1386) Pause Full (G1 Evacuation Pause)
[2025-08-01T02:37:19.370+0000] GC(1386) Phase 1: Mark live objects
[2025-08-01T02:37:19.406+0000] GC(1386) Cleaned string and symbol table, strings: 2833 processed, 0 removed, symbols: 23489 processed, 0 removed
[2025-08-01T02:37:19.406+0000] GC(1386) Phase 1: Mark live objects 35.432ms
[2025-08-01T02:37:19.406+0000] GC(1386) Phase 2: Prepare for compaction
[2025-08-01T02:37:19.442+0000] GC(1386) Phase 2: Prepare for compaction 36.627ms
[2025-08-01T02:37:19.442+0000] GC(1386) Phase 3: Adjust pointers
[2025-08-01T02:37:19.480+0000] GC(1386) Phase 3: Adjust pointers 37.896ms
[2025-08-01T02:37:19.480+0000] GC(1386) Phase 4: Compact heap
[2025-08-01T02:37:19.603+0000] GC(1386) Phase 4: Compact heap 122.811ms
[2025-08-01T02:37:19.605+0000] GC(1386) Eden regions: 0->0(443)
[2025-08-01T02:37:19.605+0000] GC(1386) Survivor regions: 0->0(13)
[2025-08-01T02:37:19.605+0000] GC(1386) Old regions: 2048->445
[2025-08-01T02:37:19.605+0000] GC(1386) Humongous regions: 0->0
[2025-08-01T02:37:19.605+0000] GC(1386) Metaspace: 9706K(12544K)->9706K(12544K) NonClass: 8540K(11008K)->8540K(11008K) Class: 1166K(1536K)->1166K(1536K)
[2025-08-01T02:37:19.606+0000] GC(1386) Pause Full (G1 Evacuation Pause) 4093M->879M(4096M) 240.872ms
[2025-08-01T02:37:19.606+0000] GC(1386) User=1.80s Sys=0.00s Real=0.24s
[2025-08-01T02:37:19.609+0000] GC(1380) Concurrent Mark From Roots 549.365ms
[2025-08-01T02:37:19.609+0000] GC(1380) Concurrent Mark Abort
[2025-08-01T02:37:19.609+0000] GC(1380) Concurrent Cycle 553.517ms
[2025-08-01T02:37:19.822+0000] GC(1387) Pause Young (Normal) (G1 Evacuation Pause)
[2025-08-01T02:37:19.822+0000] GC(1387) Using 8 workers of 8 for evacuation
[2025-08-01T02:37:19.989+0000] GC(1387)   Pre Evacuate Collection Set: 0.1ms
[2025-08-01T02:37:19.989+0000] GC(1387)   Evacuate Collection Set: 163.9ms
[2025-08-01T02:37:19.989+0000] GC(1387)   Post Evacuate Collection Set: 2.0ms
[2025-08-01T02:37:19.989+0000] GC(1387)   Other: 0.5ms
[2025-08-01T02:37:19.989+0000] GC(1387) Eden regions: 443->0(365)
[2025-08-01T02:37:19.989+0000] GC(1387) Survivor regions: 0->56(56)
[2025-08-01T02:37:19.989+0000] GC(1387) Old regions: 445->647
[2025-08-01T02:37:19.989+0000] GC(1387) Humongous regions: 0->0
[2025-08-01T02:37:19.989+0000] GC(1387) Metaspace: 9706K(12544K)->9706K(12544K) NonClass: 8540K(11008K)->8540K(11008K) Class: 1166K(1536K)->1166K(1536K)
[2025-08-01T02:37:19.989+0000] GC(1387) Pause Young (Normal) (G1 Evacuation Pause) 1765M->1394M(4096M) 166.782ms
[2025-08-01T02:37:19.989+0000] GC(1387) User=1.25s Sys=0.03s Real=0.17s
[2025-08-01T02:37:20.161+0000] GC(1388) Pause Young (Concurrent Start) (G1 Evacuation Pause)
[2025-08-01T02:37:20.161+0000] GC(1388) Using 8 workers of 8 for evacuation
[2025-08-01T02:37:20.355+0000] GC(1388)   Pre Evacuate Collection Set: 0.1ms
[2025-08-01T02:37:20.355+0000] GC(1388)   Evacuate Collection Set: 191.3ms
[2025-08-01T02:37:20.355+0000] GC(1388)   Post Evacuate Collection Set: 1.2ms
[2025-08-01T02:37:20.355+0000] GC(1388)   Other: 0.5ms
[2025-08-01T02:37:20.355+0000] GC(1388) Eden regions: 365->0(306)
[2025-08-01T02:37:20.355+0000] GC(1388) Survivor regions: 56->53(53)
[2025-08-01T02:37:20.355+0000] GC(1388) Old regions: 647->888
[2025-08-01T02:37:20.355+0000] GC(1388) Humongous regions: 0->0
[2025-08-01T02:37:20.355+0000] GC(1388) Metaspace: 9706K(12544K)->9706K(12544K) NonClass: 8540K(11008K)->8540K(11008K) Class: 1166K(1536K)->1166K(1536K)
[2025-08-01T02:37:20.355+0000] GC(1388) Pause Young (Concurrent Start) (G1 Evacuation Pause) 2124M->1870M(4096M) 193.447ms
[2025-08-01T02:37:20.355+0000] GC(1388) User=1.39s Sys=0.06s Real=0.20s
[2025-08-01T02:37:20.355+0000] GC(1389) Concurrent Cycle
[2025-08-01T02:37:20.355+0000] GC(1389) Concurrent Clear Claimed Marks
[2025-08-01T02:37:20.355+0000] GC(1389) Concurrent Clear Claimed Marks 0.052ms
[2025-08-01T02:37:20.355+0000] GC(1389) Concurrent Scan Root Regions
[2025-08-01T02:37:20.376+0000] GC(1389) Concurrent Scan Root Regions 20.807ms
[2025-08-01T02:37:20.376+0000] GC(1389) Concurrent Mark (179.372s)
[2025-08-01T02:37:20.376+0000] GC(1389) Concurrent Mark From Roots
[2025-08-01T02:37:20.376+0000] GC(1389) Using 2 workers of 2 for marking
[2025-08-01T02:37:20.467+0000] GC(1390) Pause Young (Normal) (G1 Evacuation Pause)
[2025-08-01T02:37:20.467+0000] GC(1390) Using 8 workers of 8 for evacuation
[2025-08-01T02:37:20.576+0000] GC(1390)   Pre Evacuate Collection Set: 0.1ms
[2025-08-01T02:37:20.576+0000] GC(1390)   Evacuate Collection Set: 107.8ms
[2025-08-01T02:37:20.576+0000] GC(1390)   Post Evacuate Collection Set: 0.9ms
[2025-08-01T02:37:20.576+0000] GC(1390)   Other: 0.2ms
[2025-08-01T02:37:20.576+0000] GC(1390) Eden regions: 306->0(189)
[2025-08-01T02:37:20.576+0000] GC(1390) Survivor regions: 53->45(45)
[2025-08-01T02:37:20.576+0000] GC(1390) Old regions: 888->1204
[2025-08-01T02:37:20.576+0000] GC(1390) Humongous regions: 0->0
[2025-08-01T02:37:20.576+0000] GC(1390) Metaspace: 9706K(12544K)->9706K(12544K) NonClass: 8540K(11008K)->8540K(11008K) Class: 1166K(1536K)->1166K(1536K)
[2025-08-01T02:37:20.576+0000] GC(1390) Pause Young (Normal) (G1 Evacuation Pause) 2482M->2486M(4096M) 109.173ms
[2025-08-01T02:37:20.576+0000] GC(1390) User=0.84s Sys=0.01s Real=0.11s
[2025-08-01T02:37:20.613+0000] GC(1389) Concurrent Mark From Roots 237.312ms
[2025-08-01T02:37:20.613+0000] GC(1389) Concurrent Preclean
[2025-08-01T02:37:20.614+0000] GC(1389) Concurrent Preclean 0.337ms
[2025-08-01T02:37:20.614+0000] GC(1389) Concurrent Mark (179.372s, 179.609s) 237.725ms
[2025-08-01T02:37:20.614+0000] GC(1389) Pause Remark
[2025-08-01T02:37:20.615+0000] GC(1389) Cleaned string and symbol table, strings: 2833 processed, 0 removed, symbols: 23489 processed, 0 removed
[2025-08-01T02:37:20.616+0000] GC(1389) Pause Remark 2671M->1747M(4096M) 2.085ms
[2025-08-01T02:37:20.616+0000] GC(1389) User=0.01s Sys=0.00s Real=0.00s
[2025-08-01T02:37:20.616+0000] GC(1389) Concurrent Rebuild Remembered Sets
[2025-08-01T02:37:20.663+0000] GC(1391) Pause Young (Normal) (G1 Evacuation Pause)
[2025-08-01T02:37:20.663+0000] GC(1391) Using 8 workers of 8 for evacuation
[2025-08-01T02:37:20.741+0000] GC(1391)   Pre Evacuate Collection Set: 0.1ms
[2025-08-01T02:37:20.741+0000] GC(1391)   Evacuate Collection Set: 75.6ms
[2025-08-01T02:37:20.741+0000] GC(1391)   Post Evacuate Collection Set: 1.3ms
[2025-08-01T02:37:20.741+0000] GC(1391)   Other: 0.3ms
[2025-08-01T02:37:20.741+0000] GC(1391) Eden regions: 189->0(289)
[2025-08-01T02:37:20.741+0000] GC(1391) Survivor regions: 45->30(30)
[2025-08-01T02:37:20.741+0000] GC(1391) Old regions: 738->918
[2025-08-01T02:37:20.741+0000] GC(1391) Humongous regions: 0->0
[2025-08-01T02:37:20.741+0000] GC(1391) Metaspace: 9706K(12544K)->9706K(12544K) NonClass: 8540K(11008K)->8540K(11008K) Class: 1166K(1536K)->1166K(1536K)
[2025-08-01T02:37:20.741+0000] GC(1391) Pause Young (Normal) (G1 Evacuation Pause) 1940M->1893M(4096M) 77.411ms
[2025-08-01T02:37:20.741+0000] GC(1391) User=0.57s Sys=0.02s Real=0.07s
[2025-08-01T02:37:20.888+0000] GC(1392) Pause Young (Normal) (G1 Evacuation Pause)
[2025-08-01T02:37:20.888+0000] GC(1392) Using 8 workers of 8 for evacuation
[2025-08-01T02:37:20.951+0000] GC(1392)   Pre Evacuate Collection Set: 0.1ms
[2025-08-01T02:37:20.951+0000] GC(1392)   Evacuate Collection Set: 61.6ms
[2025-08-01T02:37:20.951+0000] GC(1392)   Post Evacuate Collection Set: 0.8ms
[2025-08-01T02:37:20.951+0000] GC(1392)   Other: 0.4ms
[2025-08-01T02:37:20.951+0000] GC(1392) Eden regions: 289->0(244)
[2025-08-01T02:37:20.951+0000] GC(1392) Survivor regions: 30->40(40)
[2025-08-01T02:37:20.951+0000] GC(1392) Old regions: 918->1068
[2025-08-01T02:37:20.951+0000] GC(1392) Humongous regions: 0->0
[2025-08-01T02:37:20.951+0000] GC(1392) Metaspace: 9706K(12544K)->9706K(12544K) NonClass: 8540K(11008K)->8540K(11008K) Class: 1166K(1536K)->1166K(1536K)
[2025-08-01T02:37:20.951+0000] GC(1392) Pause Young (Normal) (G1 Evacuation Pause) 2471M->2212M(4096M) 63.007ms
[2025-08-01T02:37:20.951+0000] GC(1392) User=0.48s Sys=0.00s Real=0.06s
[2025-08-01T02:37:20.981+0000] GC(1389) Concurrent Rebuild Remembered Sets 364.969ms
[2025-08-01T02:37:20.982+0000] GC(1389) Pause Cleanup
[2025-08-01T02:37:20.983+0000] GC(1389) Pause Cleanup 2464M->2464M(4096M) 0.762ms
[2025-08-01T02:37:20.983+0000] GC(1389) User=0.00s Sys=0.00s Real=0.00s
[2025-08-01T02:37:20.983+0000] GC(1389) Concurrent Cleanup for Next Mark
[2025-08-01T02:37:20.994+0000] GC(1389) Concurrent Cleanup for Next Mark 10.949ms
[2025-08-01T02:37:20.994+0000] GC(1389) Concurrent Cycle 638.829ms
[2025-08-01T02:37:21.051+0000] GC(1393) Pause Young (Prepare Mixed) (G1 Evacuation Pause)
[2025-08-01T02:37:21.051+0000] GC(1393) Using 8 workers of 8 for evacuation
[2025-08-01T02:37:21.152+0000] GC(1393)   Pre Evacuate Collection Set: 0.1ms
[2025-08-01T02:37:21.152+0000] GC(1393)   Evacuate Collection Set: 99.8ms
[2025-08-01T02:37:21.152+0000] GC(1393)   Post Evacuate Collection Set: 1.0ms
[2025-08-01T02:37:21.152+0000] GC(1393)   Other: 0.3ms
[2025-08-01T02:37:21.152+0000] GC(1393) Eden regions: 244->0(66)
[2025-08-01T02:37:21.152+0000] GC(1393) Survivor regions: 40->36(36)
[2025-08-01T02:37:21.152+0000] GC(1393) Old regions: 1068->1317
[2025-08-01T02:37:21.152+0000] GC(1393) Humongous regions: 0->0
[2025-08-01T02:37:21.152+0000] GC(1393) Metaspace: 9706K(12544K)->9706K(12544K) NonClass: 8540K(11008K)->8540K(11008K) Class: 1166K(1536K)->1166K(1536K)
[2025-08-01T02:37:21.152+0000] GC(1393) Pause Young (Prepare Mixed) (G1 Evacuation Pause) 2700M->2703M(4096M) 101.377ms
[2025-08-01T02:37:21.152+0000] GC(1393) User=0.77s Sys=0.01s Real=0.10s
[2025-08-01T02:37:21.164+0000] GC(1394) Pause Young (Mixed) (G1 Evacuation Pause)
[2025-08-01T02:37:21.164+0000] GC(1394) Using 8 workers of 8 for evacuation
[2025-08-01T02:37:21.209+0000] GC(1394)   Pre Evacuate Collection Set: 0.1ms
[2025-08-01T02:37:21.209+0000] GC(1394)   Evacuate Collection Set: 43.6ms
[2025-08-01T02:37:21.209+0000] GC(1394)   Post Evacuate Collection Set: 0.8ms
[2025-08-01T02:37:21.209+0000] GC(1394)   Other: 0.4ms
[2025-08-01T02:37:21.209+0000] GC(1394) Eden regions: 66->0(142)
[2025-08-01T02:37:21.210+0000] GC(1394) Survivor regions: 36->13(13)
[2025-08-01T02:37:21.210+0000] GC(1394) Old regions: 1317->1379
[2025-08-01T02:37:21.210+0000] GC(1394) Humongous regions: 0->0
[2025-08-01T02:37:21.210+0000] GC(1394) Metaspace: 9706K(12544K)->9706K(12544K) NonClass: 8540K(11008K)->8540K(11008K) Class: 1166K(1536K)->1166K(1536K)
[2025-08-01T02:37:21.210+0000] GC(1394) Pause Young (Mixed) (G1 Evacuation Pause) 2835M->2781M(4096M) 45.138ms
[2025-08-01T02:37:21.210+0000] GC(1394) User=0.32s Sys=0.02s Real=0.04s
[2025-08-01T02:37:21.286+0000] GC(1395) Pause Young (Concurrent Start) (G1 Evacuation Pause)
[2025-08-01T02:37:21.286+0000] GC(1395) Using 8 workers of 8 for evacuation
[2025-08-01T02:37:21.407+0000] GC(1395)   Pre Evacuate Collection Set: 0.1ms
[2025-08-01T02:37:21.407+0000] GC(1395)   Evacuate Collection Set: 119.9ms
[2025-08-01T02:37:21.407+0000] GC(1395)   Post Evacuate Collection Set: 1.0ms
[2025-08-01T02:37:21.407+0000] GC(1395)   Other: 0.6ms
[2025-08-01T02:37:21.407+0000] GC(1395) Eden regions: 142->0(95)
[2025-08-01T02:37:21.407+0000] GC(1395) Survivor regions: 13->20(20)
[2025-08-01T02:37:21.407+0000] GC(1395) Old regions: 1379->1517
[2025-08-01T02:37:21.407+0000] GC(1395) Humongous regions: 0->0
[2025-08-01T02:37:21.407+0000] GC(1395) Metaspace: 9706K(12544K)->9706K(12544K) NonClass: 8540K(11008K)->8540K(11008K) Class: 1166K(1536K)->1166K(1536K)
[2025-08-01T02:37:21.407+0000] GC(1395) Pause Young (Concurrent Start) (G1 Evacuation Pause) 3065M->3070M(4096M) 121.711ms
[2025-08-01T02:37:21.407+0000] GC(1395) User=0.88s Sys=0.03s Real=0.12s
[2025-08-01T02:37:21.407+0000] GC(1396) Concurrent Cycle
[2025-08-01T02:37:21.407+0000] GC(1396) Concurrent Clear Claimed Marks
[2025-08-01T02:37:21.407+0000] GC(1396) Concurrent Clear Claimed Marks 0.067ms
[2025-08-01T02:37:21.408+0000] GC(1396) Concurrent Scan Root Regions
[2025-08-01T02:37:21.414+0000] GC(1396) Concurrent Scan Root Regions 6.748ms
[2025-08-01T02:37:21.414+0000] GC(1396) Concurrent Mark (180.410s)
[2025-08-01T02:37:21.414+0000] GC(1396) Concurrent Mark From Roots
[2025-08-01T02:37:21.414+0000] GC(1396) Using 2 workers of 2 for marking
[2025-08-01T02:37:21.428+0000] GC(1397) Pause Young (Normal) (G1 Evacuation Pause)
[2025-08-01T02:37:21.428+0000] GC(1397) Using 8 workers of 8 for evacuation
[2025-08-01T02:37:21.464+0000] GC(1397)   Pre Evacuate Collection Set: 0.1ms
[2025-08-01T02:37:21.464+0000] GC(1397)   Evacuate Collection Set: 35.8ms
[2025-08-01T02:37:21.464+0000] GC(1397)   Post Evacuate Collection Set: 0.7ms
[2025-08-01T02:37:21.464+0000] GC(1397)   Other: 0.3ms
[2025-08-01T02:37:21.464+0000] GC(1397) Eden regions: 95->0(87)
[2025-08-01T02:37:21.464+0000] GC(1397) Survivor regions: 20->15(15)
[2025-08-01T02:37:21.464+0000] GC(1397) Old regions: 1517->1619
[2025-08-01T02:37:21.464+0000] GC(1397) Humongous regions: 0->0
[2025-08-01T02:37:21.464+0000] GC(1397) Metaspace: 9706K(12544K)->9706K(12544K) NonClass: 8540K(11008K)->8540K(11008K) Class: 1166K(1536K)->1166K(1536K)
[2025-08-01T02:37:21.465+0000] GC(1397) Pause Young (Normal) (G1 Evacuation Pause) 3260M->3264M(4096M) 37.001ms
[2025-08-01T02:37:21.465+0000] GC(1397) User=0.28s Sys=0.01s Real=0.04s
[2025-08-01T02:37:21.525+0000] GC(1398) Pause Young (Normal) (G1 Evacuation Pause)
[2025-08-01T02:37:21.525+0000] GC(1398) Using 8 workers of 8 for evacuation
[2025-08-01T02:37:21.548+0000] GC(1398)   Pre Evacuate Collection Set: 0.1ms
[2025-08-01T02:37:21.548+0000] GC(1398)   Evacuate Collection Set: 22.1ms
[2025-08-01T02:37:21.548+0000] GC(1398)   Post Evacuate Collection Set: 0.6ms
[2025-08-01T02:37:21.548+0000] GC(1398)   Other: 0.3ms
[2025-08-01T02:37:21.548+0000] GC(1398) Eden regions: 87->0(89)
[2025-08-01T02:37:21.548+0000] GC(1398) Survivor regions: 15->13(13)
[2025-08-01T02:37:21.548+0000] GC(1398) Old regions: 1619->1638
[2025-08-01T02:37:21.548+0000] GC(1398) Humongous regions: 0->0
[2025-08-01T02:37:21.548+0000] GC(1398) Metaspace: 9706K(12544K)->9706K(12544K) NonClass: 8540K(11008K)->8540K(11008K) Class: 1166K(1536K)->1166K(1536K)
[2025-08-01T02:37:21.548+0000] GC(1398) Pause Young (Normal) (G1 Evacuation Pause) 3438M->3298M(4096M) 23.192ms
[2025-08-01T02:37:21.548+0000] GC(1398) User=0.16s Sys=0.01s Real=0.02s
[2025-08-01T02:37:21.568+0000] GC(1399) Pause Young (Normal) (G1 Evacuation Pause)
[2025-08-01T02:37:21.568+0000] GC(1399) Using 8 workers of 8 for evacuation
[2025-08-01T02:37:21.603+0000] GC(1399)   Pre Evacuate Collection Set: 0.1ms
[2025-08-01T02:37:21.603+0000] GC(1399)   Evacuate Collection Set: 33.8ms
[2025-08-01T02:37:21.603+0000] GC(1399)   Post Evacuate Collection Set: 1.0ms
[2025-08-01T02:37:21.604+0000] GC(1399)   Other: 0.2ms
[2025-08-01T02:37:21.604+0000] GC(1399) Eden regions: 89->0(89)
[2025-08-01T02:37:21.604+0000] GC(1399) Survivor regions: 13->13(13)
[2025-08-01T02:37:21.604+0000] GC(1399) Old regions: 1638->1728
[2025-08-01T02:37:21.604+0000] GC(1399) Humongous regions: 0->0
[2025-08-01T02:37:21.604+0000] GC(1399) Metaspace: 9706K(12544K)->9706K(12544K) NonClass: 8540K(11008K)->8540K(11008K) Class: 1166K(1536K)->1166K(1536K)
[2025-08-01T02:37:21.604+0000] GC(1399) Pause Young (Normal) (G1 Evacuation Pause) 3476M->3479M(4096M) 35.288ms
[2025-08-01T02:37:21.604+0000] GC(1399) User=0.27s Sys=0.01s Real=0.04s
[2025-08-01T02:37:21.670+0000] GC(1400) Pause Young (Normal) (G1 Evacuation Pause)
[2025-08-01T02:37:21.670+0000] GC(1400) Using 8 workers of 8 for evacuation
[2025-08-01T02:37:21.712+0000] GC(1400)   Pre Evacuate Collection Set: 0.2ms
[2025-08-01T02:37:21.712+0000] GC(1400)   Evacuate Collection Set: 41.1ms
[2025-08-01T02:37:21.712+0000] GC(1400)   Post Evacuate Collection Set: 0.9ms
[2025-08-01T02:37:21.712+0000] GC(1400)   Other: 0.3ms
[2025-08-01T02:37:21.712+0000] GC(1400) Eden regions: 89->0(89)
[2025-08-01T02:37:21.712+0000] GC(1400) Survivor regions: 13->13(13)
[2025-08-01T02:37:21.712+0000] GC(1400) Old regions: 1728->1819
[2025-08-01T02:37:21.712+0000] GC(1400) Humongous regions: 0->0
[2025-08-01T02:37:21.712+0000] GC(1400) Metaspace: 9706K(12544K)->9706K(12544K) NonClass: 8540K(11008K)->8540K(11008K) Class: 1166K(1536K)->1166K(1536K)
[2025-08-01T02:37:21.712+0000] GC(1400) Pause Young (Normal) (G1 Evacuation Pause) 3657M->3660M(4096M) 42.672ms
[2025-08-01T02:37:21.712+0000] GC(1400) User=0.32s Sys=0.01s Real=0.04s
[2025-08-01T02:37:21.734+0000] GC(1401) Pause Young (Normal) (G1 Evacuation Pause)
[2025-08-01T02:37:21.734+0000] GC(1401) Using 8 workers of 8 for evacuation
[2025-08-01T02:37:21.775+0000] GC(1401)   Pre Evacuate Collection Set: 0.1ms
[2025-08-01T02:37:21.775+0000] GC(1401)   Evacuate Collection Set: 40.1ms
[2025-08-01T02:37:21.775+0000] GC(1401)   Post Evacuate Collection Set: 0.6ms
[2025-08-01T02:37:21.775+0000] GC(1401)   Other: 0.5ms
[2025-08-01T02:37:21.775+0000] GC(1401) Eden regions: 89->0(89)
[2025-08-01T02:37:21.775+0000] GC(1401) Survivor regions: 13->13(13)
[2025-08-01T02:37:21.775+0000] GC(1401) Old regions: 1819->1910
[2025-08-01T02:37:21.775+0000] GC(1401) Humongous regions: 0->0
[2025-08-01T02:37:21.775+0000] GC(1401) Metaspace: 9706K(12544K)->9706K(12544K) NonClass: 8540K(11008K)->8540K(11008K) Class: 1166K(1536K)->1166K(1536K)
[2025-08-01T02:37:21.775+0000] GC(1401) Pause Young (Normal) (G1 Evacuation Pause) 3838M->3842M(4096M) 41.477ms
[2025-08-01T02:37:21.775+0000] GC(1401) User=0.29s Sys=0.01s Real=0.04s
[2025-08-01T02:37:21.840+0000] GC(1402) Pause Young (Normal) (G1 Evacuation Pause)
[2025-08-01T02:37:21.840+0000] GC(1402) Using 8 workers of 8 for evacuation
[2025-08-01T02:37:21.888+0000] GC(1402) To-space exhausted
[2025-08-01T02:37:21.888+0000] GC(1402)   Pre Evacuate Collection Set: 0.1ms
[2025-08-01T02:37:21.888+0000] GC(1402)   Evacuate Collection Set: 34.9ms
[2025-08-01T02:37:21.888+0000] GC(1402)   Post Evacuate Collection Set: 13.0ms
[2025-08-01T02:37:21.888+0000] GC(1402)   Other: 0.4ms
[2025-08-01T02:37:21.888+0000] GC(1402) Eden regions: 89->0(89)
[2025-08-01T02:37:21.888+0000] GC(1402) Survivor regions: 13->13(13)
[2025-08-01T02:37:21.888+0000] GC(1402) Old regions: 1910->1999
[2025-08-01T02:37:21.888+0000] GC(1402) Humongous regions: 0->0
[2025-08-01T02:37:21.888+0000] GC(1402) Metaspace: 9706K(12544K)->9706K(12544K) NonClass: 8540K(11008K)->8540K(11008K) Class: 1166K(1536K)->1166K(1536K)
[2025-08-01T02:37:21.888+0000] GC(1402) Pause Young (Normal) (G1 Evacuation Pause) 4020M->4021M(4096M) 48.456ms
[2025-08-01T02:37:21.888+0000] GC(1402) User=0.33s Sys=0.00s Real=0.05s
[2025-08-01T02:37:21.898+0000] GC(1403) Pause Young (Normal) (G1 Evacuation Pause)
[2025-08-01T02:37:21.898+0000] GC(1403) Using 8 workers of 8 for evacuation
[2025-08-01T02:37:21.918+0000] GC(1403) To-space exhausted
[2025-08-01T02:37:21.918+0000] GC(1403)   Pre Evacuate Collection Set: 0.1ms
[2025-08-01T02:37:21.918+0000] GC(1403)   Evacuate Collection Set: 14.6ms
[2025-08-01T02:37:21.918+0000] GC(1403)   Post Evacuate Collection Set: 5.0ms
[2025-08-01T02:37:21.918+0000] GC(1403)   Other: 0.3ms
[2025-08-01T02:37:21.918+0000] GC(1403) Eden regions: 36->0(102)
[2025-08-01T02:37:21.918+0000] GC(1403) Survivor regions: 13->0(13)
[2025-08-01T02:37:21.918+0000] GC(1403) Old regions: 1999->2048
[2025-08-01T02:37:21.919+0000] GC(1403) Humongous regions: 0->0
[2025-08-01T02:37:21.919+0000] GC(1403) Metaspace: 9706K(12544K)->9706K(12544K) NonClass: 8540K(11008K)->8540K(11008K) Class: 1166K(1536K)->1166K(1536K)
[2025-08-01T02:37:21.919+0000] GC(1403) Pause Young (Normal) (G1 Evacuation Pause) 4093M->4093M(4096M) 20.156ms
[2025-08-01T02:37:21.919+0000] GC(1403) User=0.13s Sys=0.00s Real=0.02s
[2025-08-01T02:37:21.919+0000] GC(1404) Using 8 workers of 8 for full compaction
[2025-08-01T02:37:21.919+0000] GC(1404) Pause Full (G1 Evacuation Pause)
[2025-08-01T02:37:21.925+0000] GC(1404) Phase 1: Mark live objects
[2025-08-01T02:37:21.957+0000] GC(1404) Cleaned string and symbol table, strings: 2833 processed, 0 removed, symbols: 23489 processed, 0 removed
[2025-08-01T02:37:21.957+0000] GC(1404) Phase 1: Mark live objects 32.911ms
[2025-08-01T02:37:21.958+0000] GC(1404) Phase 2: Prepare for compaction
[2025-08-01T02:37:21.993+0000] GC(1404) Phase 2: Prepare for compaction 35.010ms
[2025-08-01T02:37:21.993+0000] GC(1404) Phase 3: Adjust pointers
[2025-08-01T02:37:22.023+0000] GC(1404) Phase 3: Adjust pointers 30.428ms
[2025-08-01T02:37:22.023+0000] GC(1404) Phase 4: Compact heap
[2025-08-01T02:37:22.136+0000] GC(1404) Phase 4: Compact heap 112.404ms
[2025-08-01T02:37:22.138+0000] GC(1404) Eden regions: 0->0(401)
[2025-08-01T02:37:22.138+0000] GC(1404) Survivor regions: 0->0(13)
[2025-08-01T02:37:22.138+0000] GC(1404) Old regions: 2048->347
[2025-08-01T02:37:22.138+0000] GC(1404) Humongous regions: 0->0
[2025-08-01T02:37:22.138+0000] GC(1404) Metaspace: 9706K(12544K)->9706K(12544K) NonClass: 8540K(11008K)->8540K(11008K) Class: 1166K(1536K)->1166K(1536K)
[2025-08-01T02:37:22.138+0000] GC(1404) Pause Full (G1 Evacuation Pause) 4093M->684M(4096M) 219.421ms
[2025-08-01T02:37:22.138+0000] GC(1404) User=1.52s Sys=0.03s Real=0.22s
[2025-08-01T02:37:22.139+0000] GC(1396) Concurrent Mark From Roots 724.171ms
[2025-08-01T02:37:22.139+0000] GC(1396) Concurrent Mark Abort
[2025-08-01T02:37:22.139+0000] GC(1396) Concurrent Cycle 731.264ms
[2025-08-01T02:37:22.312+0000] GC(1405) Pause Young (Normal) (G1 Evacuation Pause)
[2025-08-01T02:37:22.312+0000] GC(1405) Using 8 workers of 8 for evacuation
[2025-08-01T02:37:22.520+0000] GC(1405) MMU target violated: 201.0ms (200.0ms/201.0ms)
[2025-08-01T02:37:22.520+0000] GC(1405)   Pre Evacuate Collection Set: 0.1ms
[2025-08-01T02:37:22.520+0000] GC(1405)   Evacuate Collection Set: 206.9ms
[2025-08-01T02:37:22.520+0000] GC(1405)   Post Evacuate Collection Set: 0.9ms
[2025-08-01T02:37:22.520+0000] GC(1405)   Other: 0.4ms
[2025-08-01T02:37:22.520+0000] GC(1405) Eden regions: 401->0(338)
[2025-08-01T02:37:22.520+0000] GC(1405) Survivor regions: 0->51(51)
[2025-08-01T02:37:22.520+0000] GC(1405) Old regions: 347->698
[2025-08-01T02:37:22.520+0000] GC(1405) Humongous regions: 0->0
[2025-08-01T02:37:22.521+0000] GC(1405) Metaspace: 9706K(12544K)->9706K(12544K) NonClass: 8540K(11008K)->8540K(11008K) Class: 1166K(1536K)->1166K(1536K)
[2025-08-01T02:37:22.521+0000] GC(1405) Pause Young (Normal) (G1 Evacuation Pause) 1486M->1487M(4096M) 208.380ms
[2025-08-01T02:37:22.521+0000] GC(1405) User=1.53s Sys=0.06s Real=0.21s
[2025-08-01T02:37:22.684+0000] GC(1406) Pause Young (Concurrent Start) (G1 Evacuation Pause)
[2025-08-01T02:37:22.685+0000] GC(1406) Using 8 workers of 8 for evacuation
[2025-08-01T02:37:22.869+0000] GC(1406)   Pre Evacuate Collection Set: 0.1ms
[2025-08-01T02:37:22.869+0000] GC(1406)   Evacuate Collection Set: 182.8ms
[2025-08-01T02:37:22.869+0000] GC(1406)   Post Evacuate Collection Set: 1.4ms
[2025-08-01T02:37:22.869+0000] GC(1406)   Other: 0.6ms
[2025-08-01T02:37:22.869+0000] GC(1406) Eden regions: 338->0(274)
[2025-08-01T02:37:22.869+0000] GC(1406) Survivor regions: 51->49(49)
[2025-08-01T02:37:22.869+0000] GC(1406) Old regions: 698->931
[2025-08-01T02:37:22.869+0000] GC(1406) Humongous regions: 0->0
[2025-08-01T02:37:22.870+0000] GC(1406) Metaspace: 9706K(12544K)->9706K(12544K) NonClass: 8540K(11008K)->8540K(11008K) Class: 1166K(1536K)->1166K(1536K)
[2025-08-01T02:37:22.870+0000] GC(1406) Pause Young (Concurrent Start) (G1 Evacuation Pause) 2163M->1950M(4096M) 185.047ms
[2025-08-01T02:37:22.870+0000] GC(1406) User=1.38s Sys=0.05s Real=0.18s
[2025-08-01T02:37:22.870+0000] GC(1407) Concurrent Cycle
[2025-08-01T02:37:22.870+0000] GC(1407) Concurrent Clear Claimed Marks
[2025-08-01T02:37:22.870+0000] GC(1407) Concurrent Clear Claimed Marks 0.175ms
[2025-08-01T02:37:22.870+0000] GC(1407) Concurrent Scan Root Regions
[2025-08-01T02:37:22.884+0000] GC(1407) Concurrent Scan Root Regions 13.879ms
[2025-08-01T02:37:22.884+0000] GC(1407) Concurrent Mark (181.879s)
[2025-08-01T02:37:22.884+0000] GC(1407) Concurrent Mark From Roots
[2025-08-01T02:37:22.884+0000] GC(1407) Using 2 workers of 2 for marking
[2025-08-01T02:37:22.973+0000] GC(1408) Pause Young (Normal) (G1 Evacuation Pause)
[2025-08-01T02:37:22.973+0000] GC(1408) Using 8 workers of 8 for evacuation
[2025-08-01T02:37:23.074+0000] GC(1408)   Pre Evacuate Collection Set: 0.1ms
[2025-08-01T02:37:23.074+0000] GC(1408)   Evacuate Collection Set: 99.7ms
[2025-08-01T02:37:23.074+0000] GC(1408)   Post Evacuate Collection Set: 0.8ms
[2025-08-01T02:37:23.074+0000] GC(1408)   Other: 0.4ms
[2025-08-01T02:37:23.074+0000] GC(1408) Eden regions: 274->0(199)
[2025-08-01T02:37:23.074+0000] GC(1408) Survivor regions: 49->41(41)
[2025-08-01T02:37:23.074+0000] GC(1408) Old regions: 931->1172
[2025-08-01T02:37:23.074+0000] GC(1408) Humongous regions: 0->0
[2025-08-01T02:37:23.074+0000] GC(1408) Metaspace: 9706K(12544K)->9706K(12544K) NonClass: 8540K(11008K)->8540K(11008K) Class: 1166K(1536K)->1166K(1536K)
[2025-08-01T02:37:23.074+0000] GC(1408) Pause Young (Normal) (G1 Evacuation Pause) 2498M->2416M(4096M) 101.092ms
[2025-08-01T02:37:23.074+0000] GC(1408) User=0.78s Sys=0.01s Real=0.11s
[2025-08-01T02:37:23.128+0000] GC(1407) Concurrent Mark From Roots 243.893ms
[2025-08-01T02:37:23.128+0000] GC(1407) Concurrent Preclean
[2025-08-01T02:37:23.128+0000] GC(1407) Concurrent Preclean 0.310ms
[2025-08-01T02:37:23.128+0000] GC(1407) Concurrent Mark (181.879s, 182.124s) 244.303ms
[2025-08-01T02:37:23.128+0000] GC(1407) Pause Remark
[2025-08-01T02:37:23.131+0000] GC(1407) Cleaned string and symbol table, strings: 2833 processed, 0 removed, symbols: 23489 processed, 0 removed
[2025-08-01T02:37:23.132+0000] GC(1407) Pause Remark 2728M->2099M(4096M) 3.798ms
[2025-08-01T02:37:23.132+0000] GC(1407) User=0.02s Sys=0.00s Real=0.00s
[2025-08-01T02:37:23.132+0000] GC(1407) Concurrent Rebuild Remembered Sets
[2025-08-01T02:37:23.160+0000] GC(1409) Pause Young (Normal) (G1 Evacuation Pause)
[2025-08-01T02:37:23.160+0000] GC(1409) Using 8 workers of 8 for evacuation
[2025-08-01T02:37:23.243+0000] GC(1409)   Pre Evacuate Collection Set: 0.1ms
[2025-08-01T02:37:23.243+0000] GC(1409)   Evacuate Collection Set: 81.5ms
[2025-08-01T02:37:23.243+0000] GC(1409)   Post Evacuate Collection Set: 0.9ms
[2025-08-01T02:37:23.243+0000] GC(1409)   Other: 0.3ms
[2025-08-01T02:37:23.243+0000] GC(1409) Eden regions: 199->0(235)
[2025-08-01T02:37:23.243+0000] GC(1409) Survivor regions: 41->30(30)
[2025-08-01T02:37:23.243+0000] GC(1409) Old regions: 854->1066
[2025-08-01T02:37:23.243+0000] GC(1409) Humongous regions: 0->0
[2025-08-01T02:37:23.243+0000] GC(1409) Metaspace: 9706K(12544K)->9706K(12544K) NonClass: 8540K(11008K)->8540K(11008K) Class: 1166K(1536K)->1166K(1536K)
[2025-08-01T02:37:23.243+0000] GC(1409) Pause Young (Normal) (G1 Evacuation Pause) 2185M->2189M(4096M) 82.852ms
[2025-08-01T02:37:23.243+0000] GC(1409) User=0.62s Sys=0.01s Real=0.09s
[2025-08-01T02:37:23.340+0000] GC(1410) Pause Young (Normal) (G1 Evacuation Pause)
[2025-08-01T02:37:23.340+0000] GC(1410) Using 8 workers of 8 for evacuation
[2025-08-01T02:37:23.390+0000] GC(1410)   Pre Evacuate Collection Set: 0.2ms
[2025-08-01T02:37:23.390+0000] GC(1410)   Evacuate Collection Set: 49.2ms
[2025-08-01T02:37:23.390+0000] GC(1410)   Post Evacuate Collection Set: 0.9ms
[2025-08-01T02:37:23.390+0000] GC(1410)   Other: 0.3ms
[2025-08-01T02:37:23.390+0000] GC(1410) Eden regions: 235->0(214)
[2025-08-01T02:37:23.390+0000] GC(1410) Survivor regions: 30->34(34)
[2025-08-01T02:37:23.390+0000] GC(1410) Old regions: 1066->1159
[2025-08-01T02:37:23.390+0000] GC(1410) Humongous regions: 0->0
[2025-08-01T02:37:23.390+0000] GC(1410) Metaspace: 9706K(12544K)->9706K(12544K) NonClass: 8540K(11008K)->8540K(11008K) Class: 1166K(1536K)->1166K(1536K)
[2025-08-01T02:37:23.390+0000] GC(1410) Pause Young (Normal) (G1 Evacuation Pause) 2659M->2382M(4096M) 50.711ms
[2025-08-01T02:37:23.390+0000] GC(1410) User=0.38s Sys=0.01s Real=0.05s
[2025-08-01T02:37:23.484+0000] GC(1411) Pause Young (Normal) (G1 Evacuation Pause)
[2025-08-01T02:37:23.484+0000] GC(1411) Using 8 workers of 8 for evacuation
[2025-08-01T02:37:23.603+0000] GC(1411)   Pre Evacuate Collection Set: 0.1ms
[2025-08-01T02:37:23.603+0000] GC(1411)   Evacuate Collection Set: 117.8ms
[2025-08-01T02:37:23.603+0000] GC(1411)   Post Evacuate Collection Set: 0.9ms
[2025-08-01T02:37:23.603+0000] GC(1411)   Other: 0.3ms
[2025-08-01T02:37:23.603+0000] GC(1411) Eden regions: 214->0(137)
[2025-08-01T02:37:23.603+0000] GC(1411) Survivor regions: 34->31(31)
[2025-08-01T02:37:23.603+0000] GC(1411) Old regions: 1159->1377
[2025-08-01T02:37:23.603+0000] GC(1411) Humongous regions: 0->0
[2025-08-01T02:37:23.604+0000] GC(1411) Metaspace: 9706K(12544K)->9706K(12544K) NonClass: 8540K(11008K)->8540K(11008K) Class: 1166K(1536K)->1166K(1536K)
[2025-08-01T02:37:23.604+0000] GC(1411) Pause Young (Normal) (G1 Evacuation Pause) 2810M->2813M(4096M) 119.289ms
[2025-08-01T02:37:23.604+0000] GC(1411) User=0.83s Sys=0.05s Real=0.12s
[2025-08-01T02:37:23.618+0000] GC(1407) Concurrent Rebuild Remembered Sets 485.860ms
[2025-08-01T02:37:23.619+0000] GC(1407) Pause Cleanup
[2025-08-01T02:37:23.620+0000] GC(1407) Pause Cleanup 2933M->2933M(4096M) 0.824ms
[2025-08-01T02:37:23.620+0000] GC(1407) User=0.01s Sys=0.00s Real=0.00s
[2025-08-01T02:37:23.620+0000] GC(1407) Concurrent Cleanup for Next Mark
[2025-08-01T02:37:23.630+0000] GC(1407) Concurrent Cleanup for Next Mark 9.971ms
[2025-08-01T02:37:23.630+0000] GC(1407) Concurrent Cycle 760.026ms
[2025-08-01T02:37:23.680+0000] GC(1412) Pause Young (Prepare Mixed) (G1 Evacuation Pause)
[2025-08-01T02:37:23.680+0000] GC(1412) Using 8 workers of 8 for evacuation
[2025-08-01T02:37:23.732+0000] GC(1412)   Pre Evacuate Collection Set: 0.1ms
[2025-08-01T02:37:23.732+0000] GC(1412)   Evacuate Collection Set: 50.8ms
[2025-08-01T02:37:23.732+0000] GC(1412)   Post Evacuate Collection Set: 1.0ms
[2025-08-01T02:37:23.732+0000] GC(1412)   Other: 0.3ms
[2025-08-01T02:37:23.732+0000] GC(1412) Eden regions: 137->0(81)
[2025-08-01T02:37:23.732+0000] GC(1412) Survivor regions: 31->21(21)
[2025-08-01T02:37:23.732+0000] GC(1412) Old regions: 1377->1486
[2025-08-01T02:37:23.732+0000] GC(1412) Humongous regions: 0->0
[2025-08-01T02:37:23.732+0000] GC(1412) Metaspace: 9706K(12544K)->9706K(12544K) NonClass: 8540K(11008K)->8540K(11008K) Class: 1166K(1536K)->1166K(1536K)
[2025-08-01T02:37:23.732+0000] GC(1412) Pause Young (Prepare Mixed) (G1 Evacuation Pause) 3087M->3010M(4096M) 52.343ms
[2025-08-01T02:37:23.732+0000] GC(1412) User=0.38s Sys=0.00s Real=0.05s
[2025-08-01T02:37:23.746+0000] GC(1413) Pause Young (Mixed) (G1 Evacuation Pause)
[2025-08-01T02:37:23.746+0000] GC(1413) Using 8 workers of 8 for evacuation
[2025-08-01T02:37:23.788+0000] GC(1413)   Pre Evacuate Collection Set: 0.2ms
[2025-08-01T02:37:23.788+0000] GC(1413)   Evacuate Collection Set: 40.3ms
[2025-08-01T02:37:23.788+0000] GC(1413)   Post Evacuate Collection Set: 0.9ms
[2025-08-01T02:37:23.788+0000] GC(1413)   Other: 0.4ms
[2025-08-01T02:37:23.788+0000] GC(1413) Eden regions: 81->0(140)
[2025-08-01T02:37:23.788+0000] GC(1413) Survivor regions: 21->13(13)
[2025-08-01T02:37:23.788+0000] GC(1413) Old regions: 1486->1390
[2025-08-01T02:37:23.788+0000] GC(1413) Humongous regions: 0->0
[2025-08-01T02:37:23.788+0000] GC(1413) Metaspace: 9706K(12544K)->9706K(12544K) NonClass: 8540K(11008K)->8540K(11008K) Class: 1166K(1536K)->1166K(1536K)
[2025-08-01T02:37:23.788+0000] GC(1413) Pause Young (Mixed) (G1 Evacuation Pause) 3172M->2802M(4096M) 42.048ms
[2025-08-01T02:37:23.788+0000] GC(1413) User=0.29s Sys=0.02s Real=0.04s
[2025-08-01T02:37:23.857+0000] GC(1414) Pause Young (Concurrent Start) (G1 Evacuation Pause)
[2025-08-01T02:37:23.857+0000] GC(1414) Using 8 workers of 8 for evacuation
[2025-08-01T02:37:23.925+0000] GC(1414)   Pre Evacuate Collection Set: 0.1ms
[2025-08-01T02:37:23.925+0000] GC(1414)   Evacuate Collection Set: 66.9ms
[2025-08-01T02:37:23.925+0000] GC(1414)   Post Evacuate Collection Set: 0.7ms
[2025-08-01T02:37:23.925+0000] GC(1414)   Other: 0.7ms
[2025-08-01T02:37:23.925+0000] GC(1414) Eden regions: 140->0(93)
[2025-08-01T02:37:23.925+0000] GC(1414) Survivor regions: 13->20(20)
[2025-08-01T02:37:23.925+0000] GC(1414) Old regions: 1390->1524
[2025-08-01T02:37:23.925+0000] GC(1414) Humongous regions: 0->0
[2025-08-01T02:37:23.925+0000] GC(1414) Metaspace: 9706K(12544K)->9706K(12544K) NonClass: 8540K(11008K)->8540K(11008K) Class: 1166K(1536K)->1166K(1536K)
[2025-08-01T02:37:23.925+0000] GC(1414) Pause Young (Concurrent Start) (G1 Evacuation Pause) 3082M->3085M(4096M) 68.445ms
[2025-08-01T02:37:23.925+0000] GC(1414) User=0.49s Sys=0.03s Real=0.07s
[2025-08-01T02:37:23.925+0000] GC(1415) Concurrent Cycle
[2025-08-01T02:37:23.925+0000] GC(1415) Concurrent Clear Claimed Marks
[2025-08-01T02:37:23.925+0000] GC(1415) Concurrent Clear Claimed Marks 0.039ms
[2025-08-01T02:37:23.925+0000] GC(1415) Concurrent Scan Root Regions
[2025-08-01T02:37:23.931+0000] GC(1415) Concurrent Scan Root Regions 5.473ms
[2025-08-01T02:37:23.931+0000] GC(1415) Concurrent Mark (182.926s)
[2025-08-01T02:37:23.931+0000] GC(1415) Concurrent Mark From Roots
[2025-08-01T02:37:23.931+0000] GC(1415) Using 2 workers of 2 for marking
[2025-08-01T02:37:23.943+0000] GC(1416) Pause Young (Normal) (G1 Evacuation Pause)
[2025-08-01T02:37:23.944+0000] GC(1416) Using 8 workers of 8 for evacuation
[2025-08-01T02:37:23.984+0000] GC(1416)   Pre Evacuate Collection Set: 0.1ms
[2025-08-01T02:37:23.984+0000] GC(1416)   Evacuate Collection Set: 38.8ms
[2025-08-01T02:37:23.984+0000] GC(1416)   Post Evacuate Collection Set: 1.0ms
[2025-08-01T02:37:23.984+0000] GC(1416)   Other: 0.3ms
[2025-08-01T02:37:23.984+0000] GC(1416) Eden regions: 93->0(87)
[2025-08-01T02:37:23.984+0000] GC(1416) Survivor regions: 20->15(15)
[2025-08-01T02:37:23.984+0000] GC(1416) Old regions: 1524->1624
[2025-08-01T02:37:23.984+0000] GC(1416) Humongous regions: 0->0
[2025-08-01T02:37:23.984+0000] GC(1416) Metaspace: 9706K(12544K)->9706K(12544K) NonClass: 8540K(11008K)->8540K(11008K) Class: 1166K(1536K)->1166K(1536K)
[2025-08-01T02:37:23.984+0000] GC(1416) Pause Young (Normal) (G1 Evacuation Pause) 3271M->3275M(4096M) 40.417ms
[2025-08-01T02:37:23.984+0000] GC(1416) User=0.30s Sys=0.00s Real=0.04s
[2025-08-01T02:37:24.005+0000] GC(1417) Pause Young (Normal) (G1 Evacuation Pause)
[2025-08-01T02:37:24.006+0000] GC(1417) Using 8 workers of 8 for evacuation
[2025-08-01T02:37:24.034+0000] GC(1417)   Pre Evacuate Collection Set: 0.1ms
[2025-08-01T02:37:24.034+0000] GC(1417)   Evacuate Collection Set: 27.5ms
[2025-08-01T02:37:24.034+0000] GC(1417)   Post Evacuate Collection Set: 0.6ms
[2025-08-01T02:37:24.034+0000] GC(1417)   Other: 0.5ms
[2025-08-01T02:37:24.034+0000] GC(1417) Eden regions: 87->0(89)
[2025-08-01T02:37:24.034+0000] GC(1417) Survivor regions: 15->13(13)
[2025-08-01T02:37:24.034+0000] GC(1417) Old regions: 1624->1690
[2025-08-01T02:37:24.034+0000] GC(1417) Humongous regions: 0->0
[2025-08-01T02:37:24.034+0000] GC(1417) Metaspace: 9706K(12544K)->9706K(12544K) NonClass: 8540K(11008K)->8540K(11008K) Class: 1166K(1536K)->1166K(1536K)
[2025-08-01T02:37:24.034+0000] GC(1417) Pause Young (Normal) (G1 Evacuation Pause) 3449M->3403M(4096M) 28.801ms
[2025-08-01T02:37:24.034+0000] GC(1417) User=0.22s Sys=0.00s Real=0.03s
[2025-08-01T02:37:24.063+0000] GC(1418) Pause Young (Normal) (G1 Evacuation Pause)
[2025-08-01T02:37:24.063+0000] GC(1418) Using 8 workers of 8 for evacuation
[2025-08-01T02:37:24.094+0000] GC(1418)   Pre Evacuate Collection Set: 0.1ms
[2025-08-01T02:37:24.094+0000] GC(1418)   Evacuate Collection Set: 30.2ms
[2025-08-01T02:37:24.094+0000] GC(1418)   Post Evacuate Collection Set: 0.7ms
[2025-08-01T02:37:24.094+0000] GC(1418)   Other: 0.3ms
[2025-08-01T02:37:24.094+0000] GC(1418) Eden regions: 89->0(89)
[2025-08-01T02:37:24.094+0000] GC(1418) Survivor regions: 13->13(13)
[2025-08-01T02:37:24.094+0000] GC(1418) Old regions: 1690->1767
[2025-08-01T02:37:24.094+0000] GC(1418) Humongous regions: 0->0
[2025-08-01T02:37:24.094+0000] GC(1418) Metaspace: 9706K(12544K)->9706K(12544K) NonClass: 8540K(11008K)->8540K(11008K) Class: 1166K(1536K)->1166K(1536K)
[2025-08-01T02:37:24.094+0000] GC(1418) Pause Young (Normal) (G1 Evacuation Pause) 3581M->3556M(4096M) 31.578ms
[2025-08-01T02:37:24.094+0000] GC(1418) User=0.23s Sys=0.00s Real=0.04s
[2025-08-01T02:37:24.114+0000] GC(1419) Pause Young (Normal) (G1 Evacuation Pause)
[2025-08-01T02:37:24.114+0000] GC(1419) Using 8 workers of 8 for evacuation
[2025-08-01T02:37:24.143+0000] GC(1419)   Pre Evacuate Collection Set: 0.1ms
[2025-08-01T02:37:24.143+0000] GC(1419)   Evacuate Collection Set: 27.4ms
[2025-08-01T02:37:24.143+0000] GC(1419)   Post Evacuate Collection Set: 0.7ms
[2025-08-01T02:37:24.143+0000] GC(1419)   Other: 0.3ms
[2025-08-01T02:37:24.143+0000] GC(1419) Eden regions: 89->0(89)
[2025-08-01T02:37:24.143+0000] GC(1419) Survivor regions: 13->13(13)
[2025-08-01T02:37:24.143+0000] GC(1419) Old regions: 1767->1830
[2025-08-01T02:37:24.143+0000] GC(1419) Humongous regions: 0->0
[2025-08-01T02:37:24.143+0000] GC(1419) Metaspace: 9706K(12544K)->9706K(12544K) NonClass: 8540K(11008K)->8540K(11008K) Class: 1166K(1536K)->1166K(1536K)
[2025-08-01T02:37:24.143+0000] GC(1419) Pause Young (Normal) (G1 Evacuation Pause) 3734M->3683M(4096M) 28.650ms
[2025-08-01T02:37:24.143+0000] GC(1419) User=0.22s Sys=0.00s Real=0.02s
[2025-08-01T02:37:24.173+0000] GC(1420) Pause Young (Normal) (G1 Evacuation Pause)
[2025-08-01T02:37:24.173+0000] GC(1420) Using 8 workers of 8 for evacuation
[2025-08-01T02:37:24.211+0000] GC(1420)   Pre Evacuate Collection Set: 0.1ms
[2025-08-01T02:37:24.211+0000] GC(1420)   Evacuate Collection Set: 37.1ms
[2025-08-01T02:37:24.211+0000] GC(1420)   Post Evacuate Collection Set: 0.6ms
[2025-08-01T02:37:24.211+0000] GC(1420)   Other: 0.3ms
[2025-08-01T02:37:24.211+0000] GC(1420) Eden regions: 89->0(89)
[2025-08-01T02:37:24.211+0000] GC(1420) Survivor regions: 13->13(13)
[2025-08-01T02:37:24.211+0000] GC(1420) Old regions: 1830->1920
[2025-08-01T02:37:24.211+0000] GC(1420) Humongous regions: 0->0
[2025-08-01T02:37:24.211+0000] GC(1420) Metaspace: 9706K(12544K)->9706K(12544K) NonClass: 8540K(11008K)->8540K(11008K) Class: 1166K(1536K)->1166K(1536K)
[2025-08-01T02:37:24.211+0000] GC(1420) Pause Young (Normal) (G1 Evacuation Pause) 3861M->3863M(4096M) 38.286ms
[2025-08-01T02:37:24.211+0000] GC(1420) User=0.29s Sys=0.01s Real=0.04s
[2025-08-01T02:37:24.229+0000] GC(1421) Pause Young (Normal) (G1 Evacuation Pause)
[2025-08-01T02:37:24.229+0000] GC(1421) Using 8 workers of 8 for evacuation
[2025-08-01T02:37:24.273+0000] GC(1421) To-space exhausted
[2025-08-01T02:37:24.273+0000] GC(1421)   Pre Evacuate Collection Set: 0.1ms
[2025-08-01T02:37:24.273+0000] GC(1421)   Evacuate Collection Set: 31.0ms
[2025-08-01T02:37:24.273+0000] GC(1421)   Post Evacuate Collection Set: 12.5ms
[2025-08-01T02:37:24.273+0000] GC(1421)   Other: 0.3ms
[2025-08-01T02:37:24.273+0000] GC(1421) Eden regions: 89->0(89)
[2025-08-01T02:37:24.273+0000] GC(1421) Survivor regions: 13->13(13)
[2025-08-01T02:37:24.273+0000] GC(1421) Old regions: 1920->2023
[2025-08-01T02:37:24.273+0000] GC(1421) Humongous regions: 0->0
[2025-08-01T02:37:24.273+0000] GC(1421) Metaspace: 9706K(12544K)->9706K(12544K) NonClass: 8540K(11008K)->8540K(11008K) Class: 1166K(1536K)->1166K(1536K)
[2025-08-01T02:37:24.273+0000] GC(1421) Pause Young (Normal) (G1 Evacuation Pause) 4041M->4069M(4096M) 44.103ms
[2025-08-01T02:37:24.273+0000] GC(1421) User=0.32s Sys=0.01s Real=0.05s
[2025-08-01T02:37:24.277+0000] GC(1422) Pause Young (Normal) (G1 Evacuation Pause)
[2025-08-01T02:37:24.277+0000] GC(1422) Using 8 workers of 8 for evacuation
[2025-08-01T02:37:24.303+0000] GC(1422) To-space exhausted
[2025-08-01T02:37:24.303+0000] GC(1422)   Pre Evacuate Collection Set: 0.1ms
[2025-08-01T02:37:24.303+0000] GC(1422)   Evacuate Collection Set: 20.2ms
[2025-08-01T02:37:24.303+0000] GC(1422)   Post Evacuate Collection Set: 4.7ms
[2025-08-01T02:37:24.303+0000] GC(1422)   Other: 0.3ms
[2025-08-01T02:37:24.303+0000] GC(1422) Eden regions: 12->0(102)
[2025-08-01T02:37:24.303+0000] GC(1422) Survivor regions: 13->0(13)
[2025-08-01T02:37:24.303+0000] GC(1422) Old regions: 2023->2048
[2025-08-01T02:37:24.303+0000] GC(1422) Humongous regions: 0->0
[2025-08-01T02:37:24.303+0000] GC(1422) Metaspace: 9706K(12544K)->9706K(12544K) NonClass: 8540K(11008K)->8540K(11008K) Class: 1166K(1536K)->1166K(1536K)
[2025-08-01T02:37:24.303+0000] GC(1422) Pause Young (Normal) (G1 Evacuation Pause) 4093M->4093M(4096M) 25.528ms
[2025-08-01T02:37:24.303+0000] GC(1422) User=0.17s Sys=0.01s Real=0.02s
[2025-08-01T02:37:24.303+0000] GC(1423) Using 8 workers of 8 for full compaction
[2025-08-01T02:37:24.303+0000] GC(1423) Pause Full (G1 Evacuation Pause)
[2025-08-01T02:37:24.309+0000] GC(1423) Phase 1: Mark live objects
[2025-08-01T02:37:24.342+0000] GC(1423) Cleaned string and symbol table, strings: 2833 processed, 0 removed, symbols: 23489 processed, 0 removed
[2025-08-01T02:37:24.342+0000] GC(1423) Phase 1: Mark live objects 33.782ms
[2025-08-01T02:37:24.342+0000] GC(1423) Phase 2: Prepare for compaction
[2025-08-01T02:37:24.386+0000] GC(1423) Phase 2: Prepare for compaction 43.681ms
[2025-08-01T02:37:24.386+0000] GC(1423) Phase 3: Adjust pointers
[2025-08-01T02:37:24.425+0000] GC(1423) Phase 3: Adjust pointers 38.968ms
[2025-08-01T02:37:24.425+0000] GC(1423) Phase 4: Compact heap
[2025-08-01T02:37:24.556+0000] GC(1423) Phase 4: Compact heap 130.586ms
[2025-08-01T02:37:24.558+0000] GC(1423) Eden regions: 0->0(432)
[2025-08-01T02:37:24.558+0000] GC(1423) Survivor regions: 0->0(13)
[2025-08-01T02:37:24.558+0000] GC(1423) Old regions: 2048->425
[2025-08-01T02:37:24.558+0000] GC(1423) Humongous regions: 0->0
[2025-08-01T02:37:24.558+0000] GC(1423) Metaspace: 9706K(12544K)->9706K(12544K) NonClass: 8540K(11008K)->8540K(11008K) Class: 1166K(1536K)->1166K(1536K)
[2025-08-01T02:37:24.558+0000] GC(1423) Pause Full (G1 Evacuation Pause) 4093M->838M(4096M) 255.132ms
[2025-08-01T02:37:24.558+0000] GC(1423) User=1.76s Sys=0.03s Real=0.25s
[2025-08-01T02:37:24.559+0000] GC(1415) Concurrent Mark From Roots 627.715ms
[2025-08-01T02:37:24.559+0000] GC(1415) Concurrent Mark Abort
[2025-08-01T02:37:24.559+0000] GC(1415) Concurrent Cycle 633.671ms
[2025-08-01T02:37:24.726+0000] GC(1424) Pause Young (Normal) (G1 Evacuation Pause)
[2025-08-01T02:37:24.726+0000] GC(1424) Using 8 workers of 8 for evacuation
[2025-08-01T02:37:24.888+0000] GC(1424)   Pre Evacuate Collection Set: 0.1ms
[2025-08-01T02:37:24.888+0000] GC(1424)   Evacuate Collection Set: 160.6ms
[2025-08-01T02:37:24.888+0000] GC(1424)   Post Evacuate Collection Set: 1.2ms
[2025-08-01T02:37:24.889+0000] GC(1424)   Other: 0.4ms
[2025-08-01T02:37:24.889+0000] GC(1424) Eden regions: 432->0(327)
[2025-08-01T02:37:24.889+0000] GC(1424) Survivor regions: 0->54(54)
[2025-08-01T02:37:24.889+0000] GC(1424) Old regions: 425->765
[2025-08-01T02:37:24.889+0000] GC(1424) Humongous regions: 0->0
[2025-08-01T02:37:24.889+0000] GC(1424) Metaspace: 9706K(12544K)->9706K(12544K) NonClass: 8540K(11008K)->8540K(11008K) Class: 1166K(1536K)->1166K(1536K)
[2025-08-01T02:37:24.889+0000] GC(1424) Pause Young (Normal) (G1 Evacuation Pause) 1702M->1625M(4096M) 162.403ms
[2025-08-01T02:37:24.889+0000] GC(1424) User=1.22s Sys=0.03s Real=0.16s
[2025-08-01T02:37:25.041+0000] GC(1425) Pause Young (Concurrent Start) (G1 Evacuation Pause)
[2025-08-01T02:37:25.041+0000] GC(1425) Using 8 workers of 8 for evacuation
[2025-08-01T02:37:25.186+0000] GC(1425)   Pre Evacuate Collection Set: 0.1ms
[2025-08-01T02:37:25.186+0000] GC(1425)   Evacuate Collection Set: 143.2ms
[2025-08-01T02:37:25.186+0000] GC(1425)   Post Evacuate Collection Set: 1.3ms
[2025-08-01T02:37:25.186+0000] GC(1425)   Other: 0.5ms
[2025-08-01T02:37:25.186+0000] GC(1425) Eden regions: 327->0(290)
[2025-08-01T02:37:25.186+0000] GC(1425) Survivor regions: 54->48(48)
[2025-08-01T02:37:25.186+0000] GC(1425) Old regions: 765->922
[2025-08-01T02:37:25.186+0000] GC(1425) Humongous regions: 0->0
[2025-08-01T02:37:25.186+0000] GC(1425) Metaspace: 9706K(12544K)->9706K(12544K) NonClass: 8540K(11008K)->8540K(11008K) Class: 1166K(1536K)->1166K(1536K)
[2025-08-01T02:37:25.186+0000] GC(1425) Pause Young (Concurrent Start) (G1 Evacuation Pause) 2279M->1927M(4096M) 145.498ms
[2025-08-01T02:37:25.186+0000] GC(1425) User=1.07s Sys=0.04s Real=0.15s
[2025-08-01T02:37:25.186+0000] GC(1426) Concurrent Cycle
[2025-08-01T02:37:25.186+0000] GC(1426) Concurrent Clear Claimed Marks
[2025-08-01T02:37:25.186+0000] GC(1426) Concurrent Clear Claimed Marks 0.083ms
[2025-08-01T02:37:25.186+0000] GC(1426) Concurrent Scan Root Regions
[2025-08-01T02:37:25.202+0000] GC(1426) Concurrent Scan Root Regions 15.093ms
[2025-08-01T02:37:25.202+0000] GC(1426) Concurrent Mark (184.197s)
[2025-08-01T02:37:25.202+0000] GC(1426) Concurrent Mark From Roots
[2025-08-01T02:37:25.202+0000] GC(1426) Using 2 workers of 2 for marking
[2025-08-01T02:37:25.301+0000] GC(1427) Pause Young (Normal) (G1 Evacuation Pause)
[2025-08-01T02:37:25.301+0000] GC(1427) Using 8 workers of 8 for evacuation
[2025-08-01T02:37:25.389+0000] GC(1427)   Pre Evacuate Collection Set: 0.1ms
[2025-08-01T02:37:25.389+0000] GC(1427)   Evacuate Collection Set: 86.3ms
[2025-08-01T02:37:25.389+0000] GC(1427)   Post Evacuate Collection Set: 0.8ms
[2025-08-01T02:37:25.389+0000] GC(1427)   Other: 0.3ms
[2025-08-01T02:37:25.389+0000] GC(1427) Eden regions: 290->0(225)
[2025-08-01T02:37:25.389+0000] GC(1427) Survivor regions: 48->43(43)
[2025-08-01T02:37:25.389+0000] GC(1427) Old regions: 922->1127
[2025-08-01T02:37:25.389+0000] GC(1427) Humongous regions: 0->0
[2025-08-01T02:37:25.389+0000] GC(1427) Metaspace: 9706K(12544K)->9706K(12544K) NonClass: 8540K(11008K)->8540K(11008K) Class: 1166K(1536K)->1166K(1536K)
[2025-08-01T02:37:25.389+0000] GC(1427) Pause Young (Normal) (G1 Evacuation Pause) 2507M->2328M(4096M) 87.769ms
[2025-08-01T02:37:25.389+0000] GC(1427) User=0.67s Sys=0.02s Real=0.09s
[2025-08-01T02:37:25.410+0000] GC(1426) Concurrent Mark From Roots 208.613ms
[2025-08-01T02:37:25.410+0000] GC(1426) Concurrent Preclean
[2025-08-01T02:37:25.411+0000] GC(1426) Concurrent Preclean 0.358ms
[2025-08-01T02:37:25.411+0000] GC(1426) Concurrent Mark (184.197s, 184.406s) 209.101ms
[2025-08-01T02:37:25.411+0000] GC(1426) Pause Remark
[2025-08-01T02:37:25.417+0000] GC(1426) Cleaned string and symbol table, strings: 2833 processed, 0 removed, symbols: 23489 processed, 0 removed
[2025-08-01T02:37:25.418+0000] GC(1426) Pause Remark 2502M->1549M(4096M) 6.352ms
[2025-08-01T02:37:25.418+0000] GC(1426) User=0.03s Sys=0.00s Real=0.01s
[2025-08-01T02:37:25.418+0000] GC(1426) Concurrent Rebuild Remembered Sets
[2025-08-01T02:37:25.476+0000] GC(1428) Pause Young (Normal) (G1 Evacuation Pause)
[2025-08-01T02:37:25.476+0000] GC(1428) Using 8 workers of 8 for evacuation
[2025-08-01T02:37:25.569+0000] GC(1428)   Pre Evacuate Collection Set: 0.1ms
[2025-08-01T02:37:25.569+0000] GC(1428)   Evacuate Collection Set: 91.7ms
[2025-08-01T02:37:25.569+0000] GC(1428)   Post Evacuate Collection Set: 1.1ms
[2025-08-01T02:37:25.569+0000] GC(1428)   Other: 0.4ms
[2025-08-01T02:37:25.569+0000] GC(1428) Eden regions: 225->0(304)
[2025-08-01T02:37:25.569+0000] GC(1428) Survivor regions: 43->34(34)
[2025-08-01T02:37:25.569+0000] GC(1428) Old regions: 646->882
[2025-08-01T02:37:25.569+0000] GC(1428) Humongous regions: 0->0
[2025-08-01T02:37:25.569+0000] GC(1428) Metaspace: 9706K(12544K)->9706K(12544K) NonClass: 8540K(11008K)->8540K(11008K) Class: 1166K(1536K)->1166K(1536K)
[2025-08-01T02:37:25.569+0000] GC(1428) Pause Young (Normal) (G1 Evacuation Pause) 1825M->1828M(4096M) 93.449ms
[2025-08-01T02:37:25.569+0000] GC(1428) User=0.71s Sys=0.02s Real=0.09s
[2025-08-01T02:37:25.657+0000] GC(1426) Concurrent Rebuild Remembered Sets 238.757ms
[2025-08-01T02:37:25.657+0000] GC(1426) Pause Cleanup
[2025-08-01T02:37:25.659+0000] GC(1426) Pause Cleanup 2278M->2278M(4096M) 1.370ms
[2025-08-01T02:37:25.659+0000] GC(1426) User=0.01s Sys=0.00s Real=0.00s
[2025-08-01T02:37:25.660+0000] GC(1426) Concurrent Cleanup for Next Mark
[2025-08-01T02:37:25.676+0000] GC(1426) Concurrent Cleanup for Next Mark 16.666ms
[2025-08-01T02:37:25.676+0000] GC(1426) Concurrent Cycle 489.998ms
[2025-08-01T02:37:25.682+0000] GC(1429) Pause Young (Prepare Mixed) (G1 Evacuation Pause)
[2025-08-01T02:37:25.682+0000] GC(1429) Using 8 workers of 8 for evacuation
[2025-08-01T02:37:25.760+0000] GC(1429)   Pre Evacuate Collection Set: 0.1ms
[2025-08-01T02:37:25.760+0000] GC(1429)   Evacuate Collection Set: 76.0ms
[2025-08-01T02:37:25.760+0000] GC(1429)   Post Evacuate Collection Set: 1.1ms
[2025-08-01T02:37:25.760+0000] GC(1429)   Other: 0.3ms
[2025-08-01T02:37:25.760+0000] GC(1429) Eden regions: 304->0(59)
[2025-08-01T02:37:25.760+0000] GC(1429) Survivor regions: 34->43(43)
[2025-08-01T02:37:25.760+0000] GC(1429) Old regions: 882->1073
[2025-08-01T02:37:25.760+0000] GC(1429) Humongous regions: 0->0
[2025-08-01T02:37:25.760+0000] GC(1429) Metaspace: 9706K(12544K)->9706K(12544K) NonClass: 8540K(11008K)->8540K(11008K) Class: 1166K(1536K)->1166K(1536K)
[2025-08-01T02:37:25.760+0000] GC(1429) Pause Young (Prepare Mixed) (G1 Evacuation Pause) 2436M->2228M(4096M) 77.672ms
[2025-08-01T02:37:25.760+0000] GC(1429) User=0.58s Sys=0.02s Real=0.08s
[2025-08-01T02:37:25.773+0000] GC(1430) Pause Young (Mixed) (G1 Evacuation Pause)
[2025-08-01T02:37:25.773+0000] GC(1430) Using 8 workers of 8 for evacuation
[2025-08-01T02:37:25.809+0000] GC(1430)   Pre Evacuate Collection Set: 0.2ms
[2025-08-01T02:37:25.809+0000] GC(1430)   Evacuate Collection Set: 34.2ms
[2025-08-01T02:37:25.809+0000] GC(1430)   Post Evacuate Collection Set: 1.0ms
[2025-08-01T02:37:25.809+0000] GC(1430)   Other: 0.4ms
[2025-08-01T02:37:25.809+0000] GC(1430) Eden regions: 59->0(260)
[2025-08-01T02:37:25.809+0000] GC(1430) Survivor regions: 43->13(13)
[2025-08-01T02:37:25.809+0000] GC(1430) Old regions: 1073->1043
[2025-08-01T02:37:25.809+0000] GC(1430) Humongous regions: 0->0
[2025-08-01T02:37:25.809+0000] GC(1430) Metaspace: 9706K(12544K)->9706K(12544K) NonClass: 8540K(11008K)->8540K(11008K) Class: 1166K(1536K)->1166K(1536K)
[2025-08-01T02:37:25.809+0000] GC(1430) Pause Young (Mixed) (G1 Evacuation Pause) 2346M->2109M(4096M) 35.920ms
[2025-08-01T02:37:25.809+0000] GC(1430) User=0.26s Sys=0.01s Real=0.03s
[2025-08-01T02:37:25.899+0000] GC(1431) Pause Young (Concurrent Start) (G1 Evacuation Pause)
[2025-08-01T02:37:25.899+0000] GC(1431) Using 8 workers of 8 for evacuation
[2025-08-01T02:37:25.974+0000] GC(1431)   Pre Evacuate Collection Set: 0.1ms
[2025-08-01T02:37:25.974+0000] GC(1431)   Evacuate Collection Set: 74.2ms
[2025-08-01T02:37:25.974+0000] GC(1431)   Post Evacuate Collection Set: 0.9ms
[2025-08-01T02:37:25.974+0000] GC(1431)   Other: 0.5ms
[2025-08-01T02:37:25.974+0000] GC(1431) Eden regions: 260->0(204)
[2025-08-01T02:37:25.974+0000] GC(1431) Survivor regions: 13->35(35)
[2025-08-01T02:37:25.974+0000] GC(1431) Old regions: 1043->1190
[2025-08-01T02:37:25.974+0000] GC(1431) Humongous regions: 0->0
[2025-08-01T02:37:25.974+0000] GC(1431) Metaspace: 9706K(12544K)->9706K(12544K) NonClass: 8540K(11008K)->8540K(11008K) Class: 1166K(1536K)->1166K(1536K)
[2025-08-01T02:37:25.975+0000] GC(1431) Pause Young (Concurrent Start) (G1 Evacuation Pause) 2629M->2446M(4096M) 75.806ms
[2025-08-01T02:37:25.975+0000] GC(1431) User=0.55s Sys=0.01s Real=0.08s
[2025-08-01T02:37:25.975+0000] GC(1432) Concurrent Cycle
[2025-08-01T02:37:25.975+0000] GC(1432) Concurrent Clear Claimed Marks
[2025-08-01T02:37:25.975+0000] GC(1432) Concurrent Clear Claimed Marks 0.068ms
[2025-08-01T02:37:25.975+0000] GC(1432) Concurrent Scan Root Regions
[2025-08-01T02:37:25.984+0000] GC(1432) Concurrent Scan Root Regions 9.105ms
[2025-08-01T02:37:25.984+0000] GC(1432) Concurrent Mark (184.980s)
[2025-08-01T02:37:25.984+0000] GC(1432) Concurrent Mark From Roots
[2025-08-01T02:37:25.984+0000] GC(1432) Using 2 workers of 2 for marking
[2025-08-01T02:37:26.058+0000] GC(1433) Pause Young (Normal) (G1 Evacuation Pause)
[2025-08-01T02:37:26.059+0000] GC(1433) Using 8 workers of 8 for evacuation
[2025-08-01T02:37:26.151+0000] GC(1433)   Pre Evacuate Collection Set: 0.1ms
[2025-08-01T02:37:26.151+0000] GC(1433)   Evacuate Collection Set: 91.6ms
[2025-08-01T02:37:26.151+0000] GC(1433)   Post Evacuate Collection Set: 0.8ms
[2025-08-01T02:37:26.151+0000] GC(1433)   Other: 0.4ms
[2025-08-01T02:37:26.151+0000] GC(1433) Eden regions: 204->0(132)
[2025-08-01T02:37:26.151+0000] GC(1433) Survivor regions: 35->30(30)
[2025-08-01T02:37:26.151+0000] GC(1433) Old regions: 1190->1400
[2025-08-01T02:37:26.151+0000] GC(1433) Humongous regions: 0->0
[2025-08-01T02:37:26.151+0000] GC(1433) Metaspace: 9706K(12544K)->9706K(12544K) NonClass: 8540K(11008K)->8540K(11008K) Class: 1166K(1536K)->1166K(1536K)
[2025-08-01T02:37:26.151+0000] GC(1433) Pause Young (Normal) (G1 Evacuation Pause) 2854M->2856M(4096M) 92.989ms
[2025-08-01T02:37:26.152+0000] GC(1433) User=0.70s Sys=0.02s Real=0.09s
[2025-08-01T02:37:26.184+0000] GC(1432) Concurrent Mark From Roots 199.833ms
[2025-08-01T02:37:26.184+0000] GC(1432) Concurrent Preclean
[2025-08-01T02:37:26.184+0000] GC(1432) Concurrent Preclean 0.305ms
[2025-08-01T02:37:26.184+0000] GC(1432) Concurrent Mark (184.980s, 185.180s) 200.212ms
[2025-08-01T02:37:26.185+0000] GC(1432) Pause Remark
[2025-08-01T02:37:26.187+0000] GC(1432) Cleaned string and symbol table, strings: 2833 processed, 0 removed, symbols: 23489 processed, 0 removed
[2025-08-01T02:37:26.188+0000] GC(1432) Pause Remark 3099M->1423M(4096M) 3.483ms
[2025-08-01T02:37:26.188+0000] GC(1432) User=0.02s Sys=0.00s Real=0.00s
[2025-08-01T02:37:26.188+0000] GC(1432) Concurrent Rebuild Remembered Sets
[2025-08-01T02:37:26.221+0000] GC(1434) Pause Young (Normal) (G1 Evacuation Pause)
[2025-08-01T02:37:26.221+0000] GC(1434) Using 8 workers of 8 for evacuation
[2025-08-01T02:37:26.329+0000] GC(1434)   Pre Evacuate Collection Set: 0.1ms
[2025-08-01T02:37:26.330+0000] GC(1434)   Evacuate Collection Set: 107.7ms
[2025-08-01T02:37:26.330+0000] GC(1434)   Post Evacuate Collection Set: 0.8ms
[2025-08-01T02:37:26.330+0000] GC(1434)   Other: 0.3ms
[2025-08-01T02:37:26.330+0000] GC(1434) Eden regions: 132->0(397)
[2025-08-01T02:37:26.330+0000] GC(1434) Survivor regions: 30->21(21)
[2025-08-01T02:37:26.330+0000] GC(1434) Old regions: 562->704
[2025-08-01T02:37:26.330+0000] GC(1434) Humongous regions: 0->0
[2025-08-01T02:37:26.330+0000] GC(1434) Metaspace: 9706K(12544K)->9706K(12544K) NonClass: 8540K(11008K)->8540K(11008K) Class: 1166K(1536K)->1166K(1536K)
[2025-08-01T02:37:26.330+0000] GC(1434) Pause Young (Normal) (G1 Evacuation Pause) 1444M->1447M(4096M) 109.125ms
[2025-08-01T02:37:26.330+0000] GC(1434) User=0.82s Sys=0.03s Real=0.11s
[2025-08-01T02:37:26.453+0000] GC(1432) Concurrent Rebuild Remembered Sets 264.871ms
[2025-08-01T02:37:26.454+0000] GC(1432) Pause Cleanup
[2025-08-01T02:37:26.454+0000] GC(1432) Pause Cleanup 2149M->2149M(4096M) 0.677ms
[2025-08-01T02:37:26.454+0000] GC(1432) User=0.00s Sys=0.00s Real=0.00s
[2025-08-01T02:37:26.454+0000] GC(1432) Concurrent Cleanup for Next Mark
[2025-08-01T02:37:26.464+0000] GC(1432) Concurrent Cleanup for Next Mark 9.230ms
[2025-08-01T02:37:26.464+0000] GC(1432) Concurrent Cycle 489.021ms
[2025-08-01T02:37:26.494+0000] GC(1435) Pause Young (Prepare Mixed) (G1 Evacuation Pause)
[2025-08-01T02:37:26.494+0000] GC(1435) Using 8 workers of 8 for evacuation
[2025-08-01T02:37:26.576+0000] GC(1435)   Pre Evacuate Collection Set: 0.1ms
[2025-08-01T02:37:26.576+0000] GC(1435)   Evacuate Collection Set: 81.2ms
[2025-08-01T02:37:26.576+0000] GC(1435)   Post Evacuate Collection Set: 1.1ms
[2025-08-01T02:37:26.576+0000] GC(1435)   Other: 0.3ms
[2025-08-01T02:37:26.577+0000] GC(1435) Eden regions: 397->0(49)
[2025-08-01T02:37:26.577+0000] GC(1435) Survivor regions: 21->53(53)
[2025-08-01T02:37:26.577+0000] GC(1435) Old regions: 704->888
[2025-08-01T02:37:26.577+0000] GC(1435) Humongous regions: 0->0
[2025-08-01T02:37:26.577+0000] GC(1435) Metaspace: 9706K(12544K)->9706K(12544K) NonClass: 8540K(11008K)->8540K(11008K) Class: 1166K(1536K)->1166K(1536K)
[2025-08-01T02:37:26.577+0000] GC(1435) Pause Young (Prepare Mixed) (G1 Evacuation Pause) 2241M->1878M(4096M) 82.919ms
[2025-08-01T02:37:26.577+0000] GC(1435) User=0.63s Sys=0.01s Real=0.08s
[2025-08-01T02:37:26.586+0000] GC(1436) Pause Young (Mixed) (G1 Evacuation Pause)
[2025-08-01T02:37:26.586+0000] GC(1436) Using 8 workers of 8 for evacuation
[2025-08-01T02:37:26.614+0000] GC(1436)   Pre Evacuate Collection Set: 0.1ms
[2025-08-01T02:37:26.614+0000] GC(1436)   Evacuate Collection Set: 27.0ms
[2025-08-01T02:37:26.614+0000] GC(1436)   Post Evacuate Collection Set: 1.3ms
[2025-08-01T02:37:26.614+0000] GC(1436)   Other: 0.5ms
[2025-08-01T02:37:26.614+0000] GC(1436) Eden regions: 49->0(294)
[2025-08-01T02:37:26.614+0000] GC(1436) Survivor regions: 53->13(13)
[2025-08-01T02:37:26.614+0000] GC(1436) Old regions: 888->976
[2025-08-01T02:37:26.614+0000] GC(1436) Humongous regions: 0->0
[2025-08-01T02:37:26.614+0000] GC(1436) Metaspace: 9706K(12544K)->9706K(12544K) NonClass: 8540K(11008K)->8540K(11008K) Class: 1166K(1536K)->1166K(1536K)
[2025-08-01T02:37:26.615+0000] GC(1436) Pause Young (Mixed) (G1 Evacuation Pause) 1976M->1974M(4096M) 29.006ms
[2025-08-01T02:37:26.615+0000] GC(1436) User=0.21s Sys=0.00s Real=0.03s
[2025-08-01T02:37:26.752+0000] GC(1437) Pause Young (Concurrent Start) (G1 Evacuation Pause)
[2025-08-01T02:37:26.752+0000] GC(1437) Using 8 workers of 8 for evacuation
[2025-08-01T02:37:26.921+0000] GC(1437)   Pre Evacuate Collection Set: 0.1ms
[2025-08-01T02:37:26.921+0000] GC(1437)   Evacuate Collection Set: 168.1ms
[2025-08-01T02:37:26.921+0000] GC(1437)   Post Evacuate Collection Set: 0.6ms
[2025-08-01T02:37:26.921+0000] GC(1437)   Other: 0.5ms
[2025-08-01T02:37:26.921+0000] GC(1437) Eden regions: 294->0(186)
[2025-08-01T02:37:26.921+0000] GC(1437) Survivor regions: 13->39(39)
[2025-08-01T02:37:26.921+0000] GC(1437) Old regions: 976->1216
[2025-08-01T02:37:26.921+0000] GC(1437) Humongous regions: 0->0
[2025-08-01T02:37:26.921+0000] GC(1437) Metaspace: 9706K(12544K)->9706K(12544K) NonClass: 8540K(11008K)->8540K(11008K) Class: 1166K(1536K)->1166K(1536K)
[2025-08-01T02:37:26.921+0000] GC(1437) Pause Young (Concurrent Start) (G1 Evacuation Pause) 2562M->2507M(4096M) 169.442ms
[2025-08-01T02:37:26.921+0000] GC(1437) User=1.27s Sys=0.06s Real=0.17s
[2025-08-01T02:37:26.921+0000] GC(1438) Concurrent Cycle
[2025-08-01T02:37:26.921+0000] GC(1438) Concurrent Clear Claimed Marks
[2025-08-01T02:37:26.921+0000] GC(1438) Concurrent Clear Claimed Marks 0.052ms
[2025-08-01T02:37:26.921+0000] GC(1438) Concurrent Scan Root Regions
[2025-08-01T02:37:26.931+0000] GC(1438) Concurrent Scan Root Regions 9.586ms
[2025-08-01T02:37:26.931+0000] GC(1438) Concurrent Mark (185.927s)
[2025-08-01T02:37:26.931+0000] GC(1438) Concurrent Mark From Roots
[2025-08-01T02:37:26.931+0000] GC(1438) Using 2 workers of 2 for marking
[2025-08-01T02:37:26.997+0000] GC(1439) Pause Young (Normal) (G1 Evacuation Pause)
[2025-08-01T02:37:26.997+0000] GC(1439) Using 8 workers of 8 for evacuation
[2025-08-01T02:37:27.082+0000] GC(1439)   Pre Evacuate Collection Set: 0.1ms
[2025-08-01T02:37:27.082+0000] GC(1439)   Evacuate Collection Set: 83.9ms
[2025-08-01T02:37:27.082+0000] GC(1439)   Post Evacuate Collection Set: 0.8ms
[2025-08-01T02:37:27.082+0000] GC(1439)   Other: 0.4ms
[2025-08-01T02:37:27.082+0000] GC(1439) Eden regions: 186->0(126)
[2025-08-01T02:37:27.082+0000] GC(1439) Survivor regions: 39->29(29)
[2025-08-01T02:37:27.082+0000] GC(1439) Old regions: 1216->1413
[2025-08-01T02:37:27.082+0000] GC(1439) Humongous regions: 0->0
[2025-08-01T02:37:27.082+0000] GC(1439) Metaspace: 9706K(12544K)->9706K(12544K) NonClass: 8540K(11008K)->8540K(11008K) Class: 1166K(1536K)->1166K(1536K)
[2025-08-01T02:37:27.082+0000] GC(1439) Pause Young (Normal) (G1 Evacuation Pause) 2879M->2881M(4096M) 85.171ms
[2025-08-01T02:37:27.082+0000] GC(1439) User=0.65s Sys=0.01s Real=0.08s
[2025-08-01T02:37:27.106+0000] GC(1440) Pause Young (Normal) (G1 Evacuation Pause)
[2025-08-01T02:37:27.106+0000] GC(1440) Using 8 workers of 8 for evacuation
[2025-08-01T02:37:27.164+0000] GC(1440)   Pre Evacuate Collection Set: 0.1ms
[2025-08-01T02:37:27.164+0000] GC(1440)   Evacuate Collection Set: 56.9ms
[2025-08-01T02:37:27.164+0000] GC(1440)   Post Evacuate Collection Set: 0.6ms
[2025-08-01T02:37:27.164+0000] GC(1440)   Other: 0.4ms
[2025-08-01T02:37:27.164+0000] GC(1440) Eden regions: 126->0(92)
[2025-08-01T02:37:27.164+0000] GC(1440) Survivor regions: 29->20(20)
[2025-08-01T02:37:27.164+0000] GC(1440) Old regions: 1413->1529
[2025-08-01T02:37:27.164+0000] GC(1440) Humongous regions: 0->0
[2025-08-01T02:37:27.164+0000] GC(1440) Metaspace: 9706K(12544K)->9706K(12544K) NonClass: 8540K(11008K)->8540K(11008K) Class: 1166K(1536K)->1166K(1536K)
[2025-08-01T02:37:27.165+0000] GC(1440) Pause Young (Normal) (G1 Evacuation Pause) 3133M->3095M(4096M) 58.154ms
[2025-08-01T02:37:27.165+0000] GC(1440) User=0.44s Sys=0.01s Real=0.06s
[2025-08-01T02:37:27.226+0000] GC(1441) Pause Young (Normal) (G1 Evacuation Pause)
[2025-08-01T02:37:27.226+0000] GC(1441) Using 8 workers of 8 for evacuation
[2025-08-01T02:37:27.264+0000] GC(1441)   Pre Evacuate Collection Set: 0.1ms
[2025-08-01T02:37:27.264+0000] GC(1441)   Evacuate Collection Set: 36.7ms
[2025-08-01T02:37:27.264+0000] GC(1441)   Post Evacuate Collection Set: 0.5ms
[2025-08-01T02:37:27.264+0000] GC(1441)   Other: 0.3ms
[2025-08-01T02:37:27.264+0000] GC(1441) Eden regions: 92->0(88)
[2025-08-01T02:37:27.264+0000] GC(1441) Survivor regions: 20->14(14)
[2025-08-01T02:37:27.264+0000] GC(1441) Old regions: 1529->1612
[2025-08-01T02:37:27.264+0000] GC(1441) Humongous regions: 0->0
[2025-08-01T02:37:27.264+0000] GC(1441) Metaspace: 9706K(12544K)->9706K(12544K) NonClass: 8540K(11008K)->8540K(11008K) Class: 1166K(1536K)->1166K(1536K)
[2025-08-01T02:37:27.264+0000] GC(1441) Pause Young (Normal) (G1 Evacuation Pause) 3279M->3248M(4096M) 37.825ms
[2025-08-01T02:37:27.264+0000] GC(1441) User=0.27s Sys=0.01s Real=0.04s
[2025-08-01T02:37:27.280+0000] GC(1442) Pause Young (Normal) (G1 Evacuation Pause)
[2025-08-01T02:37:27.280+0000] GC(1442) Using 8 workers of 8 for evacuation
[2025-08-01T02:37:27.318+0000] GC(1442)   Pre Evacuate Collection Set: 0.1ms
[2025-08-01T02:37:27.319+0000] GC(1442)   Evacuate Collection Set: 36.9ms
[2025-08-01T02:37:27.319+0000] GC(1442)   Post Evacuate Collection Set: 0.7ms
[2025-08-01T02:37:27.319+0000] GC(1442)   Other: 0.3ms
[2025-08-01T02:37:27.319+0000] GC(1442) Eden regions: 88->0(89)
[2025-08-01T02:37:27.319+0000] GC(1442) Survivor regions: 14->13(13)
[2025-08-01T02:37:27.319+0000] GC(1442) Old regions: 1612->1703
[2025-08-01T02:37:27.319+0000] GC(1442) Humongous regions: 0->0
[2025-08-01T02:37:27.319+0000] GC(1442) Metaspace: 9706K(12544K)->9706K(12544K) NonClass: 8540K(11008K)->8540K(11008K) Class: 1166K(1536K)->1166K(1536K)
[2025-08-01T02:37:27.319+0000] GC(1442) Pause Young (Normal) (G1 Evacuation Pause) 3424M->3429M(4096M) 38.206ms
[2025-08-01T02:37:27.319+0000] GC(1442) User=0.28s Sys=0.01s Real=0.04s
[2025-08-01T02:37:27.326+0000] GC(1438) Concurrent Mark From Roots 394.821ms
[2025-08-01T02:37:27.326+0000] GC(1438) Concurrent Preclean
[2025-08-01T02:37:27.326+0000] GC(1438) Concurrent Preclean 0.244ms
[2025-08-01T02:37:27.326+0000] GC(1438) Concurrent Mark (185.927s, 186.322s) 395.187ms
[2025-08-01T02:37:27.327+0000] GC(1438) Pause Remark
[2025-08-01T02:37:27.330+0000] GC(1438) Cleaned string and symbol table, strings: 2833 processed, 0 removed, symbols: 23489 processed, 0 removed
[2025-08-01T02:37:27.332+0000] GC(1438) Pause Remark 3517M->2121M(4096M) 5.286ms
[2025-08-01T02:37:27.332+0000] GC(1438) User=0.02s Sys=0.00s Real=0.00s
[2025-08-01T02:37:27.332+0000] GC(1438) Concurrent Rebuild Remembered Sets
[2025-08-01T02:37:27.389+0000] GC(1443) Pause Young (Normal) (G1 Evacuation Pause)
[2025-08-01T02:37:27.389+0000] GC(1443) Using 8 workers of 8 for evacuation
[2025-08-01T02:37:27.417+0000] GC(1443)   Pre Evacuate Collection Set: 0.1ms
[2025-08-01T02:37:27.417+0000] GC(1443)   Evacuate Collection Set: 27.0ms
[2025-08-01T02:37:27.417+0000] GC(1443)   Post Evacuate Collection Set: 0.8ms
[2025-08-01T02:37:27.418+0000] GC(1443)   Other: 0.3ms
[2025-08-01T02:37:27.418+0000] GC(1443) Eden regions: 89->0(246)
[2025-08-01T02:37:27.418+0000] GC(1443) Survivor regions: 13->13(13)
[2025-08-01T02:37:27.418+0000] GC(1443) Old regions: 1005->1077
[2025-08-01T02:37:27.418+0000] GC(1443) Humongous regions: 0->0
[2025-08-01T02:37:27.418+0000] GC(1443) Metaspace: 9706K(12544K)->9706K(12544K) NonClass: 8540K(11008K)->8540K(11008K) Class: 1166K(1536K)->1166K(1536K)
[2025-08-01T02:37:27.418+0000] GC(1443) Pause Young (Normal) (G1 Evacuation Pause) 2211M->2176M(4096M) 28.358ms
[2025-08-01T02:37:27.418+0000] GC(1443) User=0.19s Sys=0.00s Real=0.03s
[2025-08-01T02:37:27.519+0000] GC(1444) Pause Young (Normal) (G1 Evacuation Pause)
[2025-08-01T02:37:27.519+0000] GC(1444) Using 8 workers of 8 for evacuation
[2025-08-01T02:37:27.675+0000] GC(1444)   Pre Evacuate Collection Set: 0.1ms
[2025-08-01T02:37:27.675+0000] GC(1444)   Evacuate Collection Set: 154.2ms
[2025-08-01T02:37:27.675+0000] GC(1444)   Post Evacuate Collection Set: 1.6ms
[2025-08-01T02:37:27.675+0000] GC(1444)   Other: 0.4ms
[2025-08-01T02:37:27.675+0000] GC(1444) Eden regions: 246->0(172)
[2025-08-01T02:37:27.675+0000] GC(1444) Survivor regions: 13->33(33)
[2025-08-01T02:37:27.675+0000] GC(1444) Old regions: 1077->1268
[2025-08-01T02:37:27.675+0000] GC(1444) Humongous regions: 0->0
[2025-08-01T02:37:27.675+0000] GC(1444) Metaspace: 9706K(12544K)->9706K(12544K) NonClass: 8540K(11008K)->8540K(11008K) Class: 1166K(1536K)->1166K(1536K)
[2025-08-01T02:37:27.675+0000] GC(1444) Pause Young (Normal) (G1 Evacuation Pause) 2668M->2599M(4096M) 156.480ms
[2025-08-01T02:37:27.675+0000] GC(1444) User=1.17s Sys=0.05s Real=0.16s
[2025-08-01T02:37:27.752+0000] GC(1445) Pause Young (Normal) (G1 Evacuation Pause)
[2025-08-01T02:37:27.752+0000] GC(1445) Using 8 workers of 8 for evacuation
[2025-08-01T02:37:27.827+0000] GC(1445)   Pre Evacuate Collection Set: 0.1ms
[2025-08-01T02:37:27.827+0000] GC(1445)   Evacuate Collection Set: 73.9ms
[2025-08-01T02:37:27.827+0000] GC(1445)   Post Evacuate Collection Set: 0.6ms
[2025-08-01T02:37:27.827+0000] GC(1445)   Other: 0.3ms
[2025-08-01T02:37:27.827+0000] GC(1445) Eden regions: 172->0(115)
[2025-08-01T02:37:27.827+0000] GC(1445) Survivor regions: 33->26(26)
[2025-08-01T02:37:27.827+0000] GC(1445) Old regions: 1268->1449
[2025-08-01T02:37:27.827+0000] GC(1445) Humongous regions: 0->0
[2025-08-01T02:37:27.827+0000] GC(1445) Metaspace: 9706K(12544K)->9706K(12544K) NonClass: 8540K(11008K)->8540K(11008K) Class: 1166K(1536K)->1166K(1536K)
[2025-08-01T02:37:27.827+0000] GC(1445) Pause Young (Normal) (G1 Evacuation Pause) 2943M->2947M(4096M) 74.975ms
[2025-08-01T02:37:27.827+0000] GC(1445) User=0.57s Sys=0.01s Real=0.08s
[2025-08-01T02:37:27.885+0000] GC(1438) Concurrent Rebuild Remembered Sets 552.660ms
[2025-08-01T02:37:27.885+0000] GC(1438) Pause Cleanup
[2025-08-01T02:37:27.887+0000] GC(1438) Pause Cleanup 3161M->3161M(4096M) 1.256ms
[2025-08-01T02:37:27.887+0000] GC(1438) User=0.00s Sys=0.00s Real=0.00s
[2025-08-01T02:37:27.887+0000] GC(1438) Concurrent Cleanup for Next Mark
[2025-08-01T02:37:27.895+0000] GC(1438) Concurrent Cleanup for Next Mark 8.201ms
[2025-08-01T02:37:27.895+0000] GC(1438) Concurrent Cycle 973.672ms
[2025-08-01T02:37:27.895+0000] GC(1446) Pause Young (Prepare Mixed) (G1 Evacuation Pause)
[2025-08-01T02:37:27.895+0000] GC(1446) Using 8 workers of 8 for evacuation
[2025-08-01T02:37:27.933+0000] GC(1446)   Pre Evacuate Collection Set: 0.1ms
[2025-08-01T02:37:27.933+0000] GC(1446)   Evacuate Collection Set: 37.0ms
[2025-08-01T02:37:27.933+0000] GC(1446)   Post Evacuate Collection Set: 0.7ms
[2025-08-01T02:37:27.933+0000] GC(1446)   Other: 0.3ms
[2025-08-01T02:37:27.933+0000] GC(1446) Eden regions: 115->0(84)
[2025-08-01T02:37:27.933+0000] GC(1446) Survivor regions: 26->18(18)
[2025-08-01T02:37:27.933+0000] GC(1446) Old regions: 1449->1537
[2025-08-01T02:37:27.933+0000] GC(1446) Humongous regions: 0->0
[2025-08-01T02:37:27.933+0000] GC(1446) Metaspace: 9706K(12544K)->9706K(12544K) NonClass: 8540K(11008K)->8540K(11008K) Class: 1166K(1536K)->1166K(1536K)
[2025-08-01T02:37:27.933+0000] GC(1446) Pause Young (Prepare Mixed) (G1 Evacuation Pause) 3177M->3107M(4096M) 38.102ms
[2025-08-01T02:37:27.933+0000] GC(1446) User=0.27s Sys=0.00s Real=0.04s
[2025-08-01T02:37:27.948+0000] GC(1447) Pause Young (Mixed) (G1 Evacuation Pause)
[2025-08-01T02:37:27.948+0000] GC(1447) Using 8 workers of 8 for evacuation
[2025-08-01T02:37:27.987+0000] GC(1447)   Pre Evacuate Collection Set: 0.1ms
[2025-08-01T02:37:27.987+0000] GC(1447)   Evacuate Collection Set: 37.8ms
[2025-08-01T02:37:27.987+0000] GC(1447)   Post Evacuate Collection Set: 0.6ms
[2025-08-01T02:37:27.987+0000] GC(1447)   Other: 0.5ms
[2025-08-01T02:37:27.987+0000] GC(1447) Eden regions: 84->0(89)
[2025-08-01T02:37:27.987+0000] GC(1447) Survivor regions: 18->13(13)
[2025-08-01T02:37:27.987+0000] GC(1447) Old regions: 1537->1628
[2025-08-01T02:37:27.987+0000] GC(1447) Humongous regions: 0->0
[2025-08-01T02:37:27.987+0000] GC(1447) Metaspace: 9706K(12544K)->9706K(12544K) NonClass: 8540K(11008K)->8540K(11008K) Class: 1166K(1536K)->1166K(1536K)
[2025-08-01T02:37:27.987+0000] GC(1447) Pause Young (Mixed) (G1 Evacuation Pause) 3275M->3278M(4096M) 39.332ms
[2025-08-01T02:37:27.987+0000] GC(1447) User=0.30s Sys=0.01s Real=0.04s
[2025-08-01T02:37:28.009+0000] GC(1448) Pause Young (Concurrent Start) (G1 Evacuation Pause)
[2025-08-01T02:37:28.009+0000] GC(1448) Using 8 workers of 8 for evacuation
[2025-08-01T02:37:28.034+0000] GC(1448)   Pre Evacuate Collection Set: 0.1ms
[2025-08-01T02:37:28.034+0000] GC(1448)   Evacuate Collection Set: 23.7ms
[2025-08-01T02:37:28.034+0000] GC(1448)   Post Evacuate Collection Set: 0.5ms
[2025-08-01T02:37:28.034+0000] GC(1448)   Other: 0.4ms
[2025-08-01T02:37:28.034+0000] GC(1448) Eden regions: 89->0(89)
[2025-08-01T02:37:28.034+0000] GC(1448) Survivor regions: 13->13(13)
[2025-08-01T02:37:28.034+0000] GC(1448) Old regions: 1628->1693
[2025-08-01T02:37:28.034+0000] GC(1448) Humongous regions: 0->0
[2025-08-01T02:37:28.034+0000] GC(1448) Metaspace: 9706K(12544K)->9706K(12544K) NonClass: 8540K(11008K)->8540K(11008K) Class: 1166K(1536K)->1166K(1536K)
[2025-08-01T02:37:28.034+0000] GC(1448) Pause Young (Concurrent Start) (G1 Evacuation Pause) 3456M->3408M(4096M) 24.799ms
[2025-08-01T02:37:28.034+0000] GC(1448) User=0.19s Sys=0.00s Real=0.03s
[2025-08-01T02:37:28.034+0000] GC(1449) Concurrent Cycle
[2025-08-01T02:37:28.034+0000] GC(1449) Concurrent Clear Claimed Marks
[2025-08-01T02:37:28.034+0000] GC(1449) Concurrent Clear Claimed Marks 0.047ms
[2025-08-01T02:37:28.034+0000] GC(1449) Concurrent Scan Root Regions
[2025-08-01T02:37:28.037+0000] GC(1449) Concurrent Scan Root Regions 2.313ms
[2025-08-01T02:37:28.037+0000] GC(1449) Concurrent Mark (187.032s)
[2025-08-01T02:37:28.037+0000] GC(1449) Concurrent Mark From Roots
[2025-08-01T02:37:28.037+0000] GC(1449) Using 2 workers of 2 for marking
[2025-08-01T02:37:28.067+0000] GC(1450) Pause Young (Normal) (G1 Evacuation Pause)
[2025-08-01T02:37:28.067+0000] GC(1450) Using 8 workers of 8 for evacuation
[2025-08-01T02:37:28.099+0000] GC(1450)   Pre Evacuate Collection Set: 0.1ms
[2025-08-01T02:37:28.099+0000] GC(1450)   Evacuate Collection Set: 31.1ms
[2025-08-01T02:37:28.099+0000] GC(1450)   Post Evacuate Collection Set: 0.6ms
[2025-08-01T02:37:28.099+0000] GC(1450)   Other: 0.3ms
[2025-08-01T02:37:28.099+0000] GC(1450) Eden regions: 89->0(89)
[2025-08-01T02:37:28.099+0000] GC(1450) Survivor regions: 13->13(13)
[2025-08-01T02:37:28.099+0000] GC(1450) Old regions: 1693->1784
[2025-08-01T02:37:28.099+0000] GC(1450) Humongous regions: 0->0
[2025-08-01T02:37:28.099+0000] GC(1450) Metaspace: 9706K(12544K)->9706K(12544K) NonClass: 8540K(11008K)->8540K(11008K) Class: 1166K(1536K)->1166K(1536K)
[2025-08-01T02:37:28.099+0000] GC(1450) Pause Young (Normal) (G1 Evacuation Pause) 3586M->3590M(4096M) 32.207ms
[2025-08-01T02:37:28.099+0000] GC(1450) User=0.24s Sys=0.00s Real=0.03s
[2025-08-01T02:37:28.117+0000] GC(1451) Pause Young (Normal) (G1 Evacuation Pause)
[2025-08-01T02:37:28.117+0000] GC(1451) Using 8 workers of 8 for evacuation
[2025-08-01T02:37:28.150+0000] GC(1451)   Pre Evacuate Collection Set: 0.1ms
[2025-08-01T02:37:28.150+0000] GC(1451)   Evacuate Collection Set: 32.7ms
[2025-08-01T02:37:28.150+0000] GC(1451)   Post Evacuate Collection Set: 0.6ms
[2025-08-01T02:37:28.150+0000] GC(1451)   Other: 0.3ms
[2025-08-01T02:37:28.150+0000] GC(1451) Eden regions: 89->0(89)
[2025-08-01T02:37:28.150+0000] GC(1451) Survivor regions: 13->13(13)
[2025-08-01T02:37:28.150+0000] GC(1451) Old regions: 1784->1874
[2025-08-01T02:37:28.150+0000] GC(1451) Humongous regions: 0->0
[2025-08-01T02:37:28.150+0000] GC(1451) Metaspace: 9706K(12544K)->9706K(12544K) NonClass: 8540K(11008K)->8540K(11008K) Class: 1166K(1536K)->1166K(1536K)
[2025-08-01T02:37:28.150+0000] GC(1451) Pause Young (Normal) (G1 Evacuation Pause) 3768M->3771M(4096M) 33.949ms
[2025-08-01T02:37:28.151+0000] GC(1451) User=0.26s Sys=0.00s Real=0.03s
[2025-08-01T02:37:28.181+0000] GC(1452) Pause Young (Normal) (G1 Evacuation Pause)
[2025-08-01T02:37:28.181+0000] GC(1452) Using 8 workers of 8 for evacuation
[2025-08-01T02:37:28.220+0000] GC(1452) To-space exhausted
[2025-08-01T02:37:28.220+0000] GC(1452)   Pre Evacuate Collection Set: 0.1ms
[2025-08-01T02:37:28.220+0000] GC(1452)   Evacuate Collection Set: 32.9ms
[2025-08-01T02:37:28.220+0000] GC(1452)   Post Evacuate Collection Set: 5.6ms
[2025-08-01T02:37:28.220+0000] GC(1452)   Other: 0.4ms
[2025-08-01T02:37:28.220+0000] GC(1452) Eden regions: 89->0(89)
[2025-08-01T02:37:28.220+0000] GC(1452) Survivor regions: 13->13(13)
[2025-08-01T02:37:28.220+0000] GC(1452) Old regions: 1874->1971
[2025-08-01T02:37:28.220+0000] GC(1452) Humongous regions: 0->0
[2025-08-01T02:37:28.220+0000] GC(1452) Metaspace: 9706K(12544K)->9706K(12544K) NonClass: 8540K(11008K)->8540K(11008K) Class: 1166K(1536K)->1166K(1536K)
[2025-08-01T02:37:28.220+0000] GC(1452) Pause Young (Normal) (G1 Evacuation Pause) 3949M->3965M(4096M) 39.027ms
[2025-08-01T02:37:28.220+0000] GC(1452) User=0.28s Sys=0.01s Real=0.04s
[2025-08-01T02:37:28.233+0000] GC(1453) Pause Young (Normal) (G1 Evacuation Pause)
[2025-08-01T02:37:28.233+0000] GC(1453) Using 8 workers of 8 for evacuation
[2025-08-01T02:37:28.256+0000] GC(1453) To-space exhausted
[2025-08-01T02:37:28.256+0000] GC(1453)   Pre Evacuate Collection Set: 0.1ms
[2025-08-01T02:37:28.256+0000] GC(1453)   Evacuate Collection Set: 13.0ms
[2025-08-01T02:37:28.256+0000] GC(1453)   Post Evacuate Collection Set: 9.9ms
[2025-08-01T02:37:28.256+0000] GC(1453)   Other: 0.3ms
[2025-08-01T02:37:28.256+0000] GC(1453) Eden regions: 64->0(102)
[2025-08-01T02:37:28.256+0000] GC(1453) Survivor regions: 13->0(13)
[2025-08-01T02:37:28.256+0000] GC(1453) Old regions: 1971->2048
[2025-08-01T02:37:28.256+0000] GC(1453) Humongous regions: 0->0
[2025-08-01T02:37:28.256+0000] GC(1453) Metaspace: 9706K(12544K)->9706K(12544K) NonClass: 8540K(11008K)->8540K(11008K) Class: 1166K(1536K)->1166K(1536K)
[2025-08-01T02:37:28.257+0000] GC(1453) Pause Young (Normal) (G1 Evacuation Pause) 4093M->4093M(4096M) 23.436ms
[2025-08-01T02:37:28.257+0000] GC(1453) User=0.15s Sys=0.00s Real=0.02s
[2025-08-01T02:37:28.257+0000] GC(1454) Using 8 workers of 8 for full compaction
[2025-08-01T02:37:28.257+0000] GC(1454) Pause Full (G1 Evacuation Pause)
[2025-08-01T02:37:28.263+0000] GC(1454) Phase 1: Mark live objects
[2025-08-01T02:37:28.286+0000] GC(1454) Cleaned string and symbol table, strings: 2833 processed, 0 removed, symbols: 23489 processed, 0 removed
[2025-08-01T02:37:28.286+0000] GC(1454) Phase 1: Mark live objects 23.154ms
[2025-08-01T02:37:28.286+0000] GC(1454) Phase 2: Prepare for compaction
[2025-08-01T02:37:28.313+0000] GC(1454) Phase 2: Prepare for compaction 26.773ms
[2025-08-01T02:37:28.313+0000] GC(1454) Phase 3: Adjust pointers
[2025-08-01T02:37:28.339+0000] GC(1454) Phase 3: Adjust pointers 26.219ms
[2025-08-01T02:37:28.339+0000] GC(1454) Phase 4: Compact heap
[2025-08-01T02:37:28.416+0000] GC(1454) Phase 4: Compact heap 77.268ms
[2025-08-01T02:37:28.419+0000] GC(1454) Eden regions: 0->0(530)
[2025-08-01T02:37:28.419+0000] GC(1454) Survivor regions: 0->0(13)
[2025-08-01T02:37:28.419+0000] GC(1454) Old regions: 2048->262
[2025-08-01T02:37:28.419+0000] GC(1454) Humongous regions: 0->0
[2025-08-01T02:37:28.419+0000] GC(1454) Metaspace: 9706K(12544K)->9706K(12544K) NonClass: 8540K(11008K)->8540K(11008K) Class: 1166K(1536K)->1166K(1536K)
[2025-08-01T02:37:28.419+0000] GC(1454) Pause Full (G1 Evacuation Pause) 4093M->516M(4096M) 162.170ms
[2025-08-01T02:37:28.419+0000] GC(1454) User=1.16s Sys=0.01s Real=0.16s
[2025-08-01T02:37:28.420+0000] GC(1449) Concurrent Mark From Roots 382.891ms
[2025-08-01T02:37:28.420+0000] GC(1449) Concurrent Mark Abort
[2025-08-01T02:37:28.420+0000] GC(1449) Concurrent Cycle 385.445ms
[2025-08-01T02:37:28.654+0000] GC(1455) Pause Young (Normal) (G1 Evacuation Pause)
[2025-08-01T02:37:28.655+0000] GC(1455) Using 8 workers of 8 for evacuation
[2025-08-01T02:37:28.882+0000] GC(1455) MMU target violated: 201.0ms (200.0ms/201.0ms)
[2025-08-01T02:37:28.882+0000] GC(1455)   Pre Evacuate Collection Set: 1.4ms
[2025-08-01T02:37:28.882+0000] GC(1455)   Evacuate Collection Set: 225.0ms
[2025-08-01T02:37:28.882+0000] GC(1455)   Post Evacuate Collection Set: 0.8ms
[2025-08-01T02:37:28.882+0000] GC(1455)   Other: 0.6ms
[2025-08-01T02:37:28.882+0000] GC(1455) Eden regions: 530->0(380)
[2025-08-01T02:37:28.882+0000] GC(1455) Survivor regions: 0->67(67)
[2025-08-01T02:37:28.882+0000] GC(1455) Old regions: 262->632
[2025-08-01T02:37:28.882+0000] GC(1455) Humongous regions: 0->0
[2025-08-01T02:37:28.882+0000] GC(1455) Metaspace: 9706K(12544K)->9706K(12544K) NonClass: 8540K(11008K)->8540K(11008K) Class: 1166K(1536K)->1166K(1536K)
[2025-08-01T02:37:28.882+0000] GC(1455) Pause Young (Normal) (G1 Evacuation Pause) 1576M->1390M(4096M) 227.888ms
[2025-08-01T02:37:28.882+0000] GC(1455) User=1.61s Sys=0.08s Real=0.22s
[2025-08-01T02:37:29.041+0000] GC(1456) Pause Young (Concurrent Start) (G1 Evacuation Pause)
[2025-08-01T02:37:29.041+0000] GC(1456) Using 8 workers of 8 for evacuation
[2025-08-01T02:37:29.222+0000] GC(1456)   Pre Evacuate Collection Set: 0.1ms
[2025-08-01T02:37:29.222+0000] GC(1456)   Evacuate Collection Set: 179.3ms
[2025-08-01T02:37:29.222+0000] GC(1456)   Post Evacuate Collection Set: 1.8ms
[2025-08-01T02:37:29.222+0000] GC(1456)   Other: 0.6ms
[2025-08-01T02:37:29.222+0000] GC(1456) Eden regions: 380->0(337)
[2025-08-01T02:37:29.222+0000] GC(1456) Survivor regions: 67->56(56)
[2025-08-01T02:37:29.222+0000] GC(1456) Old regions: 632->802
[2025-08-01T02:37:29.222+0000] GC(1456) Humongous regions: 0->0
[2025-08-01T02:37:29.223+0000] GC(1456) Metaspace: 9706K(12544K)->9706K(12544K) NonClass: 8540K(11008K)->8540K(11008K) Class: 1166K(1536K)->1166K(1536K)
[2025-08-01T02:37:29.223+0000] GC(1456) Pause Young (Concurrent Start) (G1 Evacuation Pause) 2150M->1708M(4096M) 181.964ms
[2025-08-01T02:37:29.223+0000] GC(1456) User=1.34s Sys=0.07s Real=0.18s
[2025-08-01T02:37:29.223+0000] GC(1457) Concurrent Cycle
[2025-08-01T02:37:29.223+0000] GC(1457) Concurrent Clear Claimed Marks
[2025-08-01T02:37:29.223+0000] GC(1457) Concurrent Clear Claimed Marks 0.105ms
[2025-08-01T02:37:29.223+0000] GC(1457) Concurrent Scan Root Regions
[2025-08-01T02:37:29.241+0000] GC(1457) Concurrent Scan Root Regions 18.251ms
[2025-08-01T02:37:29.241+0000] GC(1457) Concurrent Mark (188.237s)
[2025-08-01T02:37:29.241+0000] GC(1457) Concurrent Mark From Roots
[2025-08-01T02:37:29.241+0000] GC(1457) Using 2 workers of 2 for marking
[2025-08-01T02:37:29.345+0000] GC(1457) Concurrent Mark From Roots 103.573ms
[2025-08-01T02:37:29.345+0000] GC(1457) Concurrent Preclean
[2025-08-01T02:37:29.345+0000] GC(1457) Concurrent Preclean 0.320ms
[2025-08-01T02:37:29.346+0000] GC(1457) Concurrent Mark (188.237s, 188.341s) 104.063ms
[2025-08-01T02:37:29.346+0000] GC(1457) Pause Remark
[2025-08-01T02:37:29.349+0000] GC(1457) Cleaned string and symbol table, strings: 2833 processed, 0 removed, symbols: 23489 processed, 0 removed
[2025-08-01T02:37:29.351+0000] GC(1457) Pause Remark 2304M->1239M(4096M) 4.812ms
[2025-08-01T02:37:29.351+0000] GC(1457) User=0.01s Sys=0.00s Real=0.00s
[2025-08-01T02:37:29.351+0000] GC(1457) Concurrent Rebuild Remembered Sets
[2025-08-01T02:37:29.384+0000] GC(1458) Pause Young (Normal) (G1 Evacuation Pause)
[2025-08-01T02:37:29.384+0000] GC(1458) Using 8 workers of 8 for evacuation
[2025-08-01T02:37:29.523+0000] GC(1458)   Pre Evacuate Collection Set: 0.1ms
[2025-08-01T02:37:29.523+0000] GC(1458)   Evacuate Collection Set: 137.7ms
[2025-08-01T02:37:29.523+0000] GC(1458)   Post Evacuate Collection Set: 1.0ms
[2025-08-01T02:37:29.523+0000] GC(1458)   Other: 0.4ms
[2025-08-01T02:37:29.523+0000] GC(1458) Eden regions: 337->0(393)
[2025-08-01T02:37:29.523+0000] GC(1458) Survivor regions: 56->50(50)
[2025-08-01T02:37:29.523+0000] GC(1458) Old regions: 267->611
[2025-08-01T02:37:29.523+0000] GC(1458) Humongous regions: 0->0
[2025-08-01T02:37:29.523+0000] GC(1458) Metaspace: 9706K(12544K)->9706K(12544K) NonClass: 8540K(11008K)->8540K(11008K) Class: 1166K(1536K)->1166K(1536K)
[2025-08-01T02:37:29.523+0000] GC(1458) Pause Young (Normal) (G1 Evacuation Pause) 1317M->1318M(4096M) 139.290ms
[2025-08-01T02:37:29.523+0000] GC(1458) User=1.03s Sys=0.02s Real=0.13s
[2025-08-01T02:37:29.566+0000] GC(1457) Concurrent Rebuild Remembered Sets 215.412ms
[2025-08-01T02:37:29.567+0000] GC(1457) Pause Cleanup
[2025-08-01T02:37:29.568+0000] GC(1457) Pause Cleanup 1602M->1602M(4096M) 0.617ms
[2025-08-01T02:37:29.568+0000] GC(1457) User=0.00s Sys=0.00s Real=0.00s
[2025-08-01T02:37:29.568+0000] GC(1457) Concurrent Cleanup for Next Mark
[2025-08-01T02:37:29.576+0000] GC(1457) Concurrent Cleanup for Next Mark 7.914ms
[2025-08-01T02:37:29.576+0000] GC(1457) Concurrent Cycle 353.027ms
[2025-08-01T02:37:29.679+0000] GC(1459) Pause Young (Normal) (G1 Evacuation Pause)
[2025-08-01T02:37:29.679+0000] GC(1459) Using 8 workers of 8 for evacuation
[2025-08-01T02:37:29.872+0000] GC(1459)   Pre Evacuate Collection Set: 0.1ms
[2025-08-01T02:37:29.872+0000] GC(1459)   Evacuate Collection Set: 191.7ms
[2025-08-01T02:37:29.872+0000] GC(1459)   Post Evacuate Collection Set: 1.0ms
[2025-08-01T02:37:29.872+0000] GC(1459)   Other: 0.4ms
[2025-08-01T02:37:29.872+0000] GC(1459) Eden regions: 393->0(280)
[2025-08-01T02:37:29.872+0000] GC(1459) Survivor regions: 50->56(56)
[2025-08-01T02:37:29.872+0000] GC(1459) Old regions: 611->910
[2025-08-01T02:37:29.872+0000] GC(1459) Humongous regions: 0->0
[2025-08-01T02:37:29.872+0000] GC(1459) Metaspace: 9706K(12544K)->9706K(12544K) NonClass: 8540K(11008K)->8540K(11008K) Class: 1166K(1536K)->1166K(1536K)
[2025-08-01T02:37:29.872+0000] GC(1459) Pause Young (Normal) (G1 Evacuation Pause) 2104M->1929M(4096M) 193.234ms
[2025-08-01T02:37:29.872+0000] GC(1459) User=1.44s Sys=0.06s Real=0.19s
[2025-08-01T02:37:29.968+0000] GC(1460) Pause Young (Concurrent Start) (G1 Evacuation Pause)
[2025-08-01T02:37:29.968+0000] GC(1460) Using 8 workers of 8 for evacuation
[2025-08-01T02:37:30.052+0000] GC(1460)   Pre Evacuate Collection Set: 0.1ms
[2025-08-01T02:37:30.052+0000] GC(1460)   Evacuate Collection Set: 82.2ms
[2025-08-01T02:37:30.052+0000] GC(1460)   Post Evacuate Collection Set: 0.8ms
[2025-08-01T02:37:30.052+0000] GC(1460)   Other: 0.4ms
[2025-08-01T02:37:30.052+0000] GC(1460) Eden regions: 280->0(228)
[2025-08-01T02:37:30.052+0000] GC(1460) Survivor regions: 56->42(42)
[2025-08-01T02:37:30.052+0000] GC(1460) Old regions: 910->1099
[2025-08-01T02:37:30.052+0000] GC(1460) Humongous regions: 0->0
[2025-08-01T02:37:30.052+0000] GC(1460) Metaspace: 9706K(12544K)->9706K(12544K) NonClass: 8540K(11008K)->8540K(11008K) Class: 1166K(1536K)->1166K(1536K)
[2025-08-01T02:37:30.052+0000] GC(1460) Pause Young (Concurrent Start) (G1 Evacuation Pause) 2489M->2279M(4096M) 83.600ms
[2025-08-01T02:37:30.052+0000] GC(1460) User=0.63s Sys=0.01s Real=0.08s
[2025-08-01T02:37:30.052+0000] GC(1461) Concurrent Cycle
[2025-08-01T02:37:30.052+0000] GC(1461) Concurrent Clear Claimed Marks
[2025-08-01T02:37:30.052+0000] GC(1461) Concurrent Clear Claimed Marks 0.061ms
[2025-08-01T02:37:30.052+0000] GC(1461) Concurrent Scan Root Regions
[2025-08-01T02:37:30.061+0000] GC(1461) Concurrent Scan Root Regions 9.067ms
[2025-08-01T02:37:30.061+0000] GC(1461) Concurrent Mark (189.057s)
[2025-08-01T02:37:30.061+0000] GC(1461) Concurrent Mark From Roots
[2025-08-01T02:37:30.061+0000] GC(1461) Using 2 workers of 2 for marking
[2025-08-01T02:37:30.160+0000] GC(1462) Pause Young (Normal) (G1 Evacuation Pause)
[2025-08-01T02:37:30.160+0000] GC(1462) Using 8 workers of 8 for evacuation
[2025-08-01T02:37:30.255+0000] GC(1462)   Pre Evacuate Collection Set: 0.1ms
[2025-08-01T02:37:30.255+0000] GC(1462)   Evacuate Collection Set: 93.8ms
[2025-08-01T02:37:30.255+0000] GC(1462)   Post Evacuate Collection Set: 0.7ms
[2025-08-01T02:37:30.255+0000] GC(1462)   Other: 0.3ms
[2025-08-01T02:37:30.255+0000] GC(1462) Eden regions: 228->0(177)
[2025-08-01T02:37:30.255+0000] GC(1462) Survivor regions: 42->34(34)
[2025-08-01T02:37:30.255+0000] GC(1462) Old regions: 1099->1267
[2025-08-01T02:37:30.255+0000] GC(1462) Humongous regions: 0->0
[2025-08-01T02:37:30.255+0000] GC(1462) Metaspace: 9706K(12544K)->9706K(12544K) NonClass: 8540K(11008K)->8540K(11008K) Class: 1166K(1536K)->1166K(1536K)
[2025-08-01T02:37:30.255+0000] GC(1462) Pause Young (Normal) (G1 Evacuation Pause) 2735M->2599M(4096M) 94.995ms
[2025-08-01T02:37:30.255+0000] GC(1462) User=0.72s Sys=0.03s Real=0.10s
[2025-08-01T02:37:30.305+0000] GC(1461) Concurrent Mark From Roots 244.319ms
[2025-08-01T02:37:30.305+0000] GC(1461) Concurrent Preclean
[2025-08-01T02:37:30.306+0000] GC(1461) Concurrent Preclean 0.308ms
[2025-08-01T02:37:30.306+0000] GC(1461) Concurrent Mark (189.057s, 189.301s) 244.792ms
[2025-08-01T02:37:30.306+0000] GC(1461) Pause Remark
[2025-08-01T02:37:30.311+0000] GC(1461) Cleaned string and symbol table, strings: 2833 processed, 0 removed, symbols: 23489 processed, 0 removed
[2025-08-01T02:37:30.312+0000] GC(1461) Pause Remark 2891M->1599M(4096M) 5.990ms
[2025-08-01T02:37:30.312+0000] GC(1461) User=0.02s Sys=0.00s Real=0.00s
[2025-08-01T02:37:30.312+0000] GC(1461) Concurrent Rebuild Remembered Sets
[2025-08-01T02:37:30.327+0000] GC(1463) Pause Young (Normal) (G1 Evacuation Pause)
[2025-08-01T02:37:30.327+0000] GC(1463) Using 8 workers of 8 for evacuation
[2025-08-01T02:37:30.389+0000] GC(1463)   Pre Evacuate Collection Set: 0.1ms
[2025-08-01T02:37:30.389+0000] GC(1463)   Evacuate Collection Set: 60.9ms
[2025-08-01T02:37:30.389+0000] GC(1463)   Post Evacuate Collection Set: 0.9ms
[2025-08-01T02:37:30.389+0000] GC(1463)   Other: 0.3ms
[2025-08-01T02:37:30.389+0000] GC(1463) Eden regions: 177->0(383)
[2025-08-01T02:37:30.389+0000] GC(1463) Survivor regions: 34->27(27)
[2025-08-01T02:37:30.389+0000] GC(1463) Old regions: 621->748
[2025-08-01T02:37:30.389+0000] GC(1463) Humongous regions: 0->0
[2025-08-01T02:37:30.389+0000] GC(1463) Metaspace: 9706K(12544K)->9706K(12544K) NonClass: 8540K(11008K)->8540K(11008K) Class: 1166K(1536K)->1166K(1536K)
[2025-08-01T02:37:30.389+0000] GC(1463) Pause Young (Normal) (G1 Evacuation Pause) 1661M->1547M(4096M) 62.316ms
[2025-08-01T02:37:30.390+0000] GC(1463) User=0.46s Sys=0.01s Real=0.06s
[2025-08-01T02:37:30.552+0000] GC(1461) Concurrent Rebuild Remembered Sets 240.023ms
[2025-08-01T02:37:30.553+0000] GC(1461) Pause Cleanup
[2025-08-01T02:37:30.554+0000] GC(1461) Pause Cleanup 2301M->2301M(4096M) 0.801ms
[2025-08-01T02:37:30.554+0000] GC(1461) User=0.00s Sys=0.00s Real=0.01s
[2025-08-01T02:37:30.554+0000] GC(1461) Concurrent Cleanup for Next Mark
[2025-08-01T02:37:30.556+0000] GC(1464) Pause Young (Prepare Mixed) (G1 Evacuation Pause)
[2025-08-01T02:37:30.556+0000] GC(1464) Using 8 workers of 8 for evacuation
[2025-08-01T02:37:30.633+0000] GC(1464)   Pre Evacuate Collection Set: 0.1ms
[2025-08-01T02:37:30.634+0000] GC(1464)   Evacuate Collection Set: 76.4ms
[2025-08-01T02:37:30.634+0000] GC(1464)   Post Evacuate Collection Set: 1.0ms
[2025-08-01T02:37:30.634+0000] GC(1464)   Other: 0.4ms
[2025-08-01T02:37:30.634+0000] GC(1464) Eden regions: 383->0(50)
[2025-08-01T02:37:30.634+0000] GC(1464) Survivor regions: 27->52(52)
[2025-08-01T02:37:30.634+0000] GC(1464) Old regions: 748->898
[2025-08-01T02:37:30.634+0000] GC(1464) Humongous regions: 0->0
[2025-08-01T02:37:30.634+0000] GC(1464) Metaspace: 9706K(12544K)->9706K(12544K) NonClass: 8540K(11008K)->8540K(11008K) Class: 1166K(1536K)->1166K(1536K)
[2025-08-01T02:37:30.634+0000] GC(1464) Pause Young (Prepare Mixed) (G1 Evacuation Pause) 2313M->1897M(4096M) 77.966ms
[2025-08-01T02:37:30.634+0000] GC(1464) User=0.58s Sys=0.01s Real=0.08s
[2025-08-01T02:37:30.646+0000] GC(1461) Concurrent Cleanup for Next Mark 92.051ms
[2025-08-01T02:37:30.646+0000] GC(1461) Concurrent Cycle 593.929ms
[2025-08-01T02:37:30.647+0000] GC(1465) Pause Young (Mixed) (G1 Evacuation Pause)
[2025-08-01T02:37:30.648+0000] GC(1465) Using 8 workers of 8 for evacuation
[2025-08-01T02:37:30.689+0000] GC(1465)   Pre Evacuate Collection Set: 0.1ms
[2025-08-01T02:37:30.689+0000] GC(1465)   Evacuate Collection Set: 39.6ms
[2025-08-01T02:37:30.689+0000] GC(1465)   Post Evacuate Collection Set: 0.9ms
[2025-08-01T02:37:30.689+0000] GC(1465)   Other: 0.4ms
[2025-08-01T02:37:30.689+0000] GC(1465) Eden regions: 50->0(309)
[2025-08-01T02:37:30.689+0000] GC(1465) Survivor regions: 52->13(13)
[2025-08-01T02:37:30.689+0000] GC(1465) Old regions: 898->965
[2025-08-01T02:37:30.689+0000] GC(1465) Humongous regions: 0->0
[2025-08-01T02:37:30.689+0000] GC(1465) Metaspace: 9706K(12544K)->9706K(12544K) NonClass: 8540K(11008K)->8540K(11008K) Class: 1166K(1536K)->1166K(1536K)
[2025-08-01T02:37:30.689+0000] GC(1465) Pause Young (Mixed) (G1 Evacuation Pause) 1997M->1953M(4096M) 41.245ms
[2025-08-01T02:37:30.689+0000] GC(1465) User=0.30s Sys=0.01s Real=0.04s
[2025-08-01T02:37:30.838+0000] GC(1466) Pause Young (Concurrent Start) (G1 Evacuation Pause)
[2025-08-01T02:37:30.838+0000] GC(1466) Using 8 workers of 8 for evacuation
[2025-08-01T02:37:30.980+0000] GC(1466)   Pre Evacuate Collection Set: 0.1ms
[2025-08-01T02:37:30.980+0000] GC(1466)   Evacuate Collection Set: 139.9ms
[2025-08-01T02:37:30.980+0000] GC(1466)   Post Evacuate Collection Set: 1.5ms
[2025-08-01T02:37:30.980+0000] GC(1466)   Other: 0.5ms
[2025-08-01T02:37:30.980+0000] GC(1466) Eden regions: 309->0(219)
[2025-08-01T02:37:30.980+0000] GC(1466) Survivor regions: 13->41(41)
[2025-08-01T02:37:30.980+0000] GC(1466) Old regions: 965->1172
[2025-08-01T02:37:30.980+0000] GC(1466) Humongous regions: 0->0
[2025-08-01T02:37:30.980+0000] GC(1466) Metaspace: 9706K(12544K)->9706K(12544K) NonClass: 8540K(11008K)->8540K(11008K) Class: 1166K(1536K)->1166K(1536K)
[2025-08-01T02:37:30.980+0000] GC(1466) Pause Young (Concurrent Start) (G1 Evacuation Pause) 2571M->2423M(4096M) 142.217ms
[2025-08-01T02:37:30.980+0000] GC(1466) User=1.01s Sys=0.03s Real=0.14s
[2025-08-01T02:37:30.980+0000] GC(1467) Concurrent Cycle
[2025-08-01T02:37:30.980+0000] GC(1467) Concurrent Clear Claimed Marks
[2025-08-01T02:37:30.980+0000] GC(1467) Concurrent Clear Claimed Marks 0.118ms
[2025-08-01T02:37:30.980+0000] GC(1467) Concurrent Scan Root Regions
[2025-08-01T02:37:30.992+0000] GC(1467) Concurrent Scan Root Regions 11.795ms
[2025-08-01T02:37:30.992+0000] GC(1467) Concurrent Mark (189.988s)
[2025-08-01T02:37:30.992+0000] GC(1467) Concurrent Mark From Roots
[2025-08-01T02:37:30.992+0000] GC(1467) Using 2 workers of 2 for marking
[2025-08-01T02:37:31.081+0000] GC(1468) Pause Young (Normal) (G1 Evacuation Pause)
[2025-08-01T02:37:31.081+0000] GC(1468) Using 8 workers of 8 for evacuation
[2025-08-01T02:37:31.184+0000] GC(1468)   Pre Evacuate Collection Set: 0.1ms
[2025-08-01T02:37:31.184+0000] GC(1468)   Evacuate Collection Set: 102.2ms
[2025-08-01T02:37:31.184+0000] GC(1468)   Post Evacuate Collection Set: 1.0ms
[2025-08-01T02:37:31.184+0000] GC(1468)   Other: 0.4ms
[2025-08-01T02:37:31.184+0000] GC(1468) Eden regions: 219->0(158)
[2025-08-01T02:37:31.184+0000] GC(1468) Survivor regions: 41->33(33)
[2025-08-01T02:37:31.184+0000] GC(1468) Old regions: 1172->1343
[2025-08-01T02:37:31.184+0000] GC(1468) Humongous regions: 0->0
[2025-08-01T02:37:31.184+0000] GC(1468) Metaspace: 9706K(12544K)->9706K(12544K) NonClass: 8540K(11008K)->8540K(11008K) Class: 1166K(1536K)->1166K(1536K)
[2025-08-01T02:37:31.184+0000] GC(1468) Pause Young (Normal) (G1 Evacuation Pause) 2861M->2748M(4096M) 103.759ms
[2025-08-01T02:37:31.185+0000] GC(1468) User=0.80s Sys=0.02s Real=0.11s
[2025-08-01T02:37:31.265+0000] GC(1469) Pause Young (Normal) (G1 Evacuation Pause)
[2025-08-01T02:37:31.265+0000] GC(1469) Using 8 workers of 8 for evacuation
[2025-08-01T02:37:31.376+0000] GC(1469)   Pre Evacuate Collection Set: 0.1ms
[2025-08-01T02:37:31.376+0000] GC(1469)   Evacuate Collection Set: 109.9ms
[2025-08-01T02:37:31.376+0000] GC(1469)   Post Evacuate Collection Set: 1.0ms
[2025-08-01T02:37:31.376+0000] GC(1469)   Other: 0.3ms
[2025-08-01T02:37:31.376+0000] GC(1469) Eden regions: 158->0(99)
[2025-08-01T02:37:31.376+0000] GC(1469) Survivor regions: 33->24(24)
[2025-08-01T02:37:31.376+0000] GC(1469) Old regions: 1343->1511
[2025-08-01T02:37:31.376+0000] GC(1469) Humongous regions: 0->0
[2025-08-01T02:37:31.376+0000] GC(1469) Metaspace: 9706K(12544K)->9706K(12544K) NonClass: 8540K(11008K)->8540K(11008K) Class: 1166K(1536K)->1166K(1536K)
[2025-08-01T02:37:31.376+0000] GC(1469) Pause Young (Normal) (G1 Evacuation Pause) 3064M->3067M(4096M) 111.470ms
[2025-08-01T02:37:31.376+0000] GC(1469) User=0.82s Sys=0.03s Real=0.11s
[2025-08-01T02:37:31.390+0000] GC(1467) Concurrent Mark From Roots 397.340ms
[2025-08-01T02:37:31.390+0000] GC(1467) Concurrent Preclean
[2025-08-01T02:37:31.390+0000] GC(1467) Concurrent Preclean 0.795ms
[2025-08-01T02:37:31.391+0000] GC(1467) Concurrent Mark (189.988s, 190.386s) 398.415ms
[2025-08-01T02:37:31.392+0000] GC(1467) Pause Remark
[2025-08-01T02:37:31.396+0000] GC(1467) Cleaned string and symbol table, strings: 2833 processed, 0 removed, symbols: 23489 processed, 0 removed
[2025-08-01T02:37:31.397+0000] GC(1467) Pause Remark 3183M->1753M(4096M) 5.408ms
[2025-08-01T02:37:31.397+0000] GC(1467) User=0.03s Sys=0.00s Real=0.01s
[2025-08-01T02:37:31.398+0000] GC(1467) Concurrent Rebuild Remembered Sets
[2025-08-01T02:37:31.407+0000] GC(1470) Pause Young (Normal) (G1 Evacuation Pause)
[2025-08-01T02:37:31.407+0000] GC(1470) Using 8 workers of 8 for evacuation
[2025-08-01T02:37:31.456+0000] GC(1470)   Pre Evacuate Collection Set: 0.1ms
[2025-08-01T02:37:31.456+0000] GC(1470)   Evacuate Collection Set: 47.9ms
[2025-08-01T02:37:31.456+0000] GC(1470)   Post Evacuate Collection Set: 0.6ms
[2025-08-01T02:37:31.456+0000] GC(1470)   Other: 0.4ms
[2025-08-01T02:37:31.456+0000] GC(1470) Eden regions: 99->0(315)
[2025-08-01T02:37:31.456+0000] GC(1470) Survivor regions: 24->16(16)
[2025-08-01T02:37:31.456+0000] GC(1470) Old regions: 796->905
[2025-08-01T02:37:31.456+0000] GC(1470) Humongous regions: 0->0
[2025-08-01T02:37:31.456+0000] GC(1470) Metaspace: 9706K(12544K)->9706K(12544K) NonClass: 8540K(11008K)->8540K(11008K) Class: 1166K(1536K)->1166K(1536K)
[2025-08-01T02:37:31.456+0000] GC(1470) Pause Young (Normal) (G1 Evacuation Pause) 1835M->1839M(4096M) 49.073ms
[2025-08-01T02:37:31.456+0000] GC(1470) User=0.36s Sys=0.01s Real=0.05s
[2025-08-01T02:37:31.627+0000] GC(1471) Pause Young (Normal) (G1 Evacuation Pause)
[2025-08-01T02:37:31.627+0000] GC(1471) Using 8 workers of 8 for evacuation
[2025-08-01T02:37:31.737+0000] GC(1471)   Pre Evacuate Collection Set: 0.1ms
[2025-08-01T02:37:31.737+0000] GC(1471)   Evacuate Collection Set: 108.6ms
[2025-08-01T02:37:31.737+0000] GC(1471)   Post Evacuate Collection Set: 1.0ms
[2025-08-01T02:37:31.737+0000] GC(1471)   Other: 0.3ms
[2025-08-01T02:37:31.738+0000] GC(1471) Eden regions: 315->0(205)
[2025-08-01T02:37:31.738+0000] GC(1471) Survivor regions: 16->42(42)
[2025-08-01T02:37:31.738+0000] GC(1471) Old regions: 905->1162
[2025-08-01T02:37:31.738+0000] GC(1471) Humongous regions: 0->0
[2025-08-01T02:37:31.738+0000] GC(1471) Metaspace: 9706K(12544K)->9706K(12544K) NonClass: 8540K(11008K)->8540K(11008K) Class: 1166K(1536K)->1166K(1536K)
[2025-08-01T02:37:31.738+0000] GC(1471) Pause Young (Normal) (G1 Evacuation Pause) 2469M->2405M(4096M) 110.192ms
[2025-08-01T02:37:31.738+0000] GC(1471) User=0.83s Sys=0.03s Real=0.11s
[2025-08-01T02:37:31.806+0000] GC(1467) Concurrent Rebuild Remembered Sets 408.717ms
[2025-08-01T02:37:31.807+0000] GC(1467) Pause Cleanup
[2025-08-01T02:37:31.808+0000] GC(1467) Pause Cleanup 2626M->2626M(4096M) 0.937ms
[2025-08-01T02:37:31.808+0000] GC(1467) User=0.01s Sys=0.00s Real=0.00s
[2025-08-01T02:37:31.808+0000] GC(1467) Concurrent Cleanup for Next Mark
[2025-08-01T02:37:31.821+0000] GC(1467) Concurrent Cleanup for Next Mark 13.707ms
[2025-08-01T02:37:31.822+0000] GC(1467) Concurrent Cycle 841.454ms
[2025-08-01T02:37:31.830+0000] GC(1472) Pause Young (Prepare Mixed) (G1 Evacuation Pause)
[2025-08-01T02:37:31.830+0000] GC(1472) Using 8 workers of 8 for evacuation
[2025-08-01T02:37:31.909+0000] GC(1472)   Pre Evacuate Collection Set: 0.1ms
[2025-08-01T02:37:31.909+0000] GC(1472)   Evacuate Collection Set: 78.1ms
[2025-08-01T02:37:31.909+0000] GC(1472)   Post Evacuate Collection Set: 0.7ms
[2025-08-01T02:37:31.909+0000] GC(1472)   Other: 0.3ms
[2025-08-01T02:37:31.909+0000] GC(1472) Eden regions: 205->0(71)
[2025-08-01T02:37:31.909+0000] GC(1472) Survivor regions: 42->31(31)
[2025-08-01T02:37:31.909+0000] GC(1472) Old regions: 1162->1343
[2025-08-01T02:37:31.909+0000] GC(1472) Humongous regions: 0->0
[2025-08-01T02:37:31.909+0000] GC(1472) Metaspace: 9706K(12544K)->9706K(12544K) NonClass: 8540K(11008K)->8540K(11008K) Class: 1166K(1536K)->1166K(1536K)
[2025-08-01T02:37:31.909+0000] GC(1472) Pause Young (Prepare Mixed) (G1 Evacuation Pause) 2815M->2745M(4096M) 79.236ms
[2025-08-01T02:37:31.909+0000] GC(1472) User=0.60s Sys=0.01s Real=0.08s
[2025-08-01T02:37:31.922+0000] GC(1473) Pause Young (Mixed) (G1 Evacuation Pause)
[2025-08-01T02:37:31.922+0000] GC(1473) Using 8 workers of 8 for evacuation
[2025-08-01T02:37:31.954+0000] GC(1473)   Pre Evacuate Collection Set: 0.1ms
[2025-08-01T02:37:31.954+0000] GC(1473)   Evacuate Collection Set: 30.6ms
[2025-08-01T02:37:31.954+0000] GC(1473)   Post Evacuate Collection Set: 0.6ms
[2025-08-01T02:37:31.954+0000] GC(1473)   Other: 0.5ms
[2025-08-01T02:37:31.954+0000] GC(1473) Eden regions: 71->0(128)
[2025-08-01T02:37:31.954+0000] GC(1473) Survivor regions: 31->13(13)
[2025-08-01T02:37:31.954+0000] GC(1473) Old regions: 1343->1423
[2025-08-01T02:37:31.954+0000] GC(1473) Humongous regions: 0->0
[2025-08-01T02:37:31.954+0000] GC(1473) Metaspace: 9706K(12544K)->9706K(12544K) NonClass: 8540K(11008K)->8540K(11008K) Class: 1166K(1536K)->1166K(1536K)
[2025-08-01T02:37:31.955+0000] GC(1473) Pause Young (Mixed) (G1 Evacuation Pause) 2887M->2869M(4096M) 32.244ms
[2025-08-01T02:37:31.955+0000] GC(1473) User=0.24s Sys=0.00s Real=0.04s
[2025-08-01T02:37:32.025+0000] GC(1474) Pause Young (Concurrent Start) (G1 Evacuation Pause)
[2025-08-01T02:37:32.025+0000] GC(1474) Using 8 workers of 8 for evacuation
[2025-08-01T02:37:32.125+0000] GC(1474)   Pre Evacuate Collection Set: 0.1ms
[2025-08-01T02:37:32.125+0000] GC(1474)   Evacuate Collection Set: 97.5ms
[2025-08-01T02:37:32.125+0000] GC(1474)   Post Evacuate Collection Set: 1.2ms
[2025-08-01T02:37:32.125+0000] GC(1474)   Other: 0.5ms
[2025-08-01T02:37:32.125+0000] GC(1474) Eden regions: 128->0(90)
[2025-08-01T02:37:32.125+0000] GC(1474) Survivor regions: 13->18(18)
[2025-08-01T02:37:32.125+0000] GC(1474) Old regions: 1423->1537
[2025-08-01T02:37:32.125+0000] GC(1474) Humongous regions: 0->0
[2025-08-01T02:37:32.125+0000] GC(1474) Metaspace: 9706K(12544K)->9706K(12544K) NonClass: 8540K(11008K)->8540K(11008K) Class: 1166K(1536K)->1166K(1536K)
[2025-08-01T02:37:32.125+0000] GC(1474) Pause Young (Concurrent Start) (G1 Evacuation Pause) 3125M->3106M(4096M) 99.665ms
[2025-08-01T02:37:32.125+0000] GC(1474) User=0.69s Sys=0.03s Real=0.10s
[2025-08-01T02:37:32.125+0000] GC(1475) Concurrent Cycle
[2025-08-01T02:37:32.125+0000] GC(1475) Concurrent Clear Claimed Marks
[2025-08-01T02:37:32.125+0000] GC(1475) Concurrent Clear Claimed Marks 0.067ms
[2025-08-01T02:37:32.125+0000] GC(1475) Concurrent Scan Root Regions
[2025-08-01T02:37:32.133+0000] GC(1475) Concurrent Scan Root Regions 7.570ms
[2025-08-01T02:37:32.133+0000] GC(1475) Concurrent Mark (191.129s)
[2025-08-01T02:37:32.133+0000] GC(1475) Concurrent Mark From Roots
[2025-08-01T02:37:32.133+0000] GC(1475) Using 2 workers of 2 for marking
[2025-08-01T02:37:32.162+0000] GC(1476) Pause Young (Normal) (G1 Evacuation Pause)
[2025-08-01T02:37:32.162+0000] GC(1476) Using 8 workers of 8 for evacuation
[2025-08-01T02:37:32.216+0000] GC(1476)   Pre Evacuate Collection Set: 0.1ms
[2025-08-01T02:37:32.216+0000] GC(1476)   Evacuate Collection Set: 53.2ms
[2025-08-01T02:37:32.216+0000] GC(1476)   Post Evacuate Collection Set: 0.7ms
[2025-08-01T02:37:32.216+0000] GC(1476)   Other: 0.4ms
[2025-08-01T02:37:32.216+0000] GC(1476) Eden regions: 90->0(88)
[2025-08-01T02:37:32.217+0000] GC(1476) Survivor regions: 18->14(14)
[2025-08-01T02:37:32.217+0000] GC(1476) Old regions: 1537->1632
[2025-08-01T02:37:32.217+0000] GC(1476) Humongous regions: 0->0
[2025-08-01T02:37:32.217+0000] GC(1476) Metaspace: 9706K(12544K)->9706K(12544K) NonClass: 8540K(11008K)->8540K(11008K) Class: 1166K(1536K)->1166K(1536K)
[2025-08-01T02:37:32.217+0000] GC(1476) Pause Young (Normal) (G1 Evacuation Pause) 3286M->3289M(4096M) 54.581ms
[2025-08-01T02:37:32.217+0000] GC(1476) User=0.41s Sys=0.01s Real=0.06s
[2025-08-01T02:37:32.234+0000] GC(1477) Pause Young (Normal) (G1 Evacuation Pause)
[2025-08-01T02:37:32.234+0000] GC(1477) Using 8 workers of 8 for evacuation
[2025-08-01T02:37:32.265+0000] GC(1477)   Pre Evacuate Collection Set: 0.1ms
[2025-08-01T02:37:32.265+0000] GC(1477)   Evacuate Collection Set: 30.0ms
[2025-08-01T02:37:32.265+0000] GC(1477)   Post Evacuate Collection Set: 0.5ms
[2025-08-01T02:37:32.265+0000] GC(1477)   Other: 0.3ms
[2025-08-01T02:37:32.265+0000] GC(1477) Eden regions: 88->0(89)
[2025-08-01T02:37:32.265+0000] GC(1477) Survivor regions: 14->13(13)
[2025-08-01T02:37:32.265+0000] GC(1477) Old regions: 1632->1723
[2025-08-01T02:37:32.265+0000] GC(1477) Humongous regions: 0->0
[2025-08-01T02:37:32.265+0000] GC(1477) Metaspace: 9706K(12544K)->9706K(12544K) NonClass: 8540K(11008K)->8540K(11008K) Class: 1166K(1536K)->1166K(1536K)
[2025-08-01T02:37:32.265+0000] GC(1477) Pause Young (Normal) (G1 Evacuation Pause) 3465M->3468M(4096M) 31.130ms
[2025-08-01T02:37:32.265+0000] GC(1477) User=0.23s Sys=0.00s Real=0.03s
[2025-08-01T02:37:32.323+0000] GC(1478) Pause Young (Normal) (G1 Evacuation Pause)
[2025-08-01T02:37:32.323+0000] GC(1478) Using 8 workers of 8 for evacuation
[2025-08-01T02:37:32.351+0000] GC(1478)   Pre Evacuate Collection Set: 0.1ms
[2025-08-01T02:37:32.351+0000] GC(1478)   Evacuate Collection Set: 26.7ms
[2025-08-01T02:37:32.351+0000] GC(1478)   Post Evacuate Collection Set: 0.8ms
[2025-08-01T02:37:32.351+0000] GC(1478)   Other: 0.3ms
[2025-08-01T02:37:32.351+0000] GC(1478) Eden regions: 89->0(89)
[2025-08-01T02:37:32.351+0000] GC(1478) Survivor regions: 13->13(13)
[2025-08-01T02:37:32.351+0000] GC(1478) Old regions: 1723->1760
[2025-08-01T02:37:32.351+0000] GC(1478) Humongous regions: 0->0
[2025-08-01T02:37:32.351+0000] GC(1478) Metaspace: 9706K(12544K)->9706K(12544K) NonClass: 8540K(11008K)->8540K(11008K) Class: 1166K(1536K)->1166K(1536K)
[2025-08-01T02:37:32.351+0000] GC(1478) Pause Young (Normal) (G1 Evacuation Pause) 3646M->3542M(4096M) 28.083ms
[2025-08-01T02:37:32.351+0000] GC(1478) User=0.22s Sys=0.00s Real=0.02s
[2025-08-01T02:37:32.370+0000] GC(1479) Pause Young (Normal) (G1 Evacuation Pause)
[2025-08-01T02:37:32.370+0000] GC(1479) Using 8 workers of 8 for evacuation
[2025-08-01T02:37:32.403+0000] GC(1479)   Pre Evacuate Collection Set: 0.1ms
[2025-08-01T02:37:32.403+0000] GC(1479)   Evacuate Collection Set: 31.9ms
[2025-08-01T02:37:32.403+0000] GC(1479)   Post Evacuate Collection Set: 0.7ms
[2025-08-01T02:37:32.403+0000] GC(1479)   Other: 0.3ms
[2025-08-01T02:37:32.403+0000] GC(1479) Eden regions: 89->0(89)
[2025-08-01T02:37:32.403+0000] GC(1479) Survivor regions: 13->13(13)
[2025-08-01T02:37:32.403+0000] GC(1479) Old regions: 1760->1851
[2025-08-01T02:37:32.403+0000] GC(1479) Humongous regions: 0->0
[2025-08-01T02:37:32.403+0000] GC(1479) Metaspace: 9706K(12544K)->9706K(12544K) NonClass: 8540K(11008K)->8540K(11008K) Class: 1166K(1536K)->1166K(1536K)
[2025-08-01T02:37:32.403+0000] GC(1479) Pause Young (Normal) (G1 Evacuation Pause) 3720M->3724M(4096M) 33.120ms
[2025-08-01T02:37:32.403+0000] GC(1479) User=0.25s Sys=0.01s Real=0.04s
[2025-08-01T02:37:32.464+0000] GC(1480) Pause Young (Normal) (G1 Evacuation Pause)
[2025-08-01T02:37:32.464+0000] GC(1480) Using 8 workers of 8 for evacuation
[2025-08-01T02:37:32.523+0000] GC(1480) To-space exhausted
[2025-08-01T02:37:32.523+0000] GC(1480)   Pre Evacuate Collection Set: 0.1ms
[2025-08-01T02:37:32.523+0000] GC(1480)   Evacuate Collection Set: 49.8ms
[2025-08-01T02:37:32.523+0000] GC(1480)   Post Evacuate Collection Set: 8.3ms
[2025-08-01T02:37:32.523+0000] GC(1480)   Other: 0.4ms
[2025-08-01T02:37:32.523+0000] GC(1480) Eden regions: 89->0(89)
[2025-08-01T02:37:32.523+0000] GC(1480) Survivor regions: 13->13(13)
[2025-08-01T02:37:32.523+0000] GC(1480) Old regions: 1851->1958
[2025-08-01T02:37:32.523+0000] GC(1480) Humongous regions: 0->0
[2025-08-01T02:37:32.523+0000] GC(1480) Metaspace: 9706K(12544K)->9706K(12544K) NonClass: 8540K(11008K)->8540K(11008K) Class: 1166K(1536K)->1166K(1536K)
[2025-08-01T02:37:32.523+0000] GC(1480) Pause Young (Normal) (G1 Evacuation Pause) 3902M->3939M(4096M) 58.751ms
[2025-08-01T02:37:32.523+0000] GC(1480) User=0.42s Sys=0.02s Real=0.05s
[2025-08-01T02:37:32.540+0000] GC(1481) Pause Young (Normal) (G1 Evacuation Pause)
[2025-08-01T02:37:32.540+0000] GC(1481) Using 8 workers of 8 for evacuation
[2025-08-01T02:37:32.579+0000] GC(1481) To-space exhausted
[2025-08-01T02:37:32.579+0000] GC(1481)   Pre Evacuate Collection Set: 0.1ms
[2025-08-01T02:37:32.579+0000] GC(1481)   Evacuate Collection Set: 27.3ms
[2025-08-01T02:37:32.579+0000] GC(1481)   Post Evacuate Collection Set: 11.4ms
[2025-08-01T02:37:32.579+0000] GC(1481)   Other: 0.3ms
[2025-08-01T02:37:32.579+0000] GC(1481) Eden regions: 77->0(102)
[2025-08-01T02:37:32.579+0000] GC(1481) Survivor regions: 13->0(13)
[2025-08-01T02:37:32.579+0000] GC(1481) Old regions: 1958->2048
[2025-08-01T02:37:32.579+0000] GC(1481) Humongous regions: 0->0
[2025-08-01T02:37:32.579+0000] GC(1481) Metaspace: 9706K(12544K)->9706K(12544K) NonClass: 8540K(11008K)->8540K(11008K) Class: 1166K(1536K)->1166K(1536K)
[2025-08-01T02:37:32.579+0000] GC(1481) Pause Young (Normal) (G1 Evacuation Pause) 4093M->4093M(4096M) 39.322ms
[2025-08-01T02:37:32.579+0000] GC(1481) User=0.25s Sys=0.01s Real=0.04s
[2025-08-01T02:37:32.579+0000] GC(1482) Using 8 workers of 8 for full compaction
[2025-08-01T02:37:32.579+0000] GC(1482) Pause Full (G1 Evacuation Pause)
[2025-08-01T02:37:32.587+0000] GC(1482) Phase 1: Mark live objects
[2025-08-01T02:37:32.628+0000] GC(1482) Cleaned string and symbol table, strings: 2833 processed, 0 removed, symbols: 23489 processed, 0 removed
[2025-08-01T02:37:32.628+0000] GC(1482) Phase 1: Mark live objects 41.729ms
[2025-08-01T02:37:32.628+0000] GC(1482) Phase 2: Prepare for compaction
[2025-08-01T02:37:32.679+0000] GC(1482) Phase 2: Prepare for compaction 50.634ms
[2025-08-01T02:37:32.679+0000] GC(1482) Phase 3: Adjust pointers
[2025-08-01T02:37:32.723+0000] GC(1482) Phase 3: Adjust pointers 44.196ms
[2025-08-01T02:37:32.723+0000] GC(1482) Phase 4: Compact heap
[2025-08-01T02:37:32.875+0000] GC(1482) Phase 4: Compact heap 151.717ms
[2025-08-01T02:37:32.878+0000] GC(1482) Eden regions: 0->0(423)
[2025-08-01T02:37:32.878+0000] GC(1482) Survivor regions: 0->0(13)
[2025-08-01T02:37:32.878+0000] GC(1482) Old regions: 2048->521
[2025-08-01T02:37:32.878+0000] GC(1482) Humongous regions: 0->0
[2025-08-01T02:37:32.878+0000] GC(1482) Metaspace: 9706K(12544K)->9706K(12544K) NonClass: 8540K(11008K)->8540K(11008K) Class: 1166K(1536K)->1166K(1536K)
[2025-08-01T02:37:32.878+0000] GC(1482) Pause Full (G1 Evacuation Pause) 4093M->1032M(4096M) 299.125ms
[2025-08-01T02:37:32.879+0000] GC(1482) User=2.23s Sys=0.06s Real=0.30s
[2025-08-01T02:37:32.879+0000] GC(1475) Concurrent Mark From Roots 745.956ms
[2025-08-01T02:37:32.879+0000] GC(1475) Concurrent Mark Abort
[2025-08-01T02:37:32.879+0000] GC(1475) Concurrent Cycle 753.832ms
[2025-08-01T02:37:33.056+0000] GC(1483) Pause Young (Normal) (G1 Evacuation Pause)
[2025-08-01T02:37:33.056+0000] GC(1483) Using 8 workers of 8 for evacuation
[2025-08-01T02:37:33.239+0000] GC(1483)   Pre Evacuate Collection Set: 0.4ms
[2025-08-01T02:37:33.239+0000] GC(1483)   Evacuate Collection Set: 178.9ms
[2025-08-01T02:37:33.239+0000] GC(1483)   Post Evacuate Collection Set: 3.2ms
[2025-08-01T02:37:33.239+0000] GC(1483)   Other: 1.8ms
[2025-08-01T02:37:33.239+0000] GC(1483) Eden regions: 423->0(324)
[2025-08-01T02:37:33.239+0000] GC(1483) Survivor regions: 0->53(53)
[2025-08-01T02:37:33.239+0000] GC(1483) Old regions: 521->809
[2025-08-01T02:37:33.239+0000] GC(1483) Humongous regions: 0->0
[2025-08-01T02:37:33.239+0000] GC(1483) Metaspace: 9706K(12544K)->9706K(12544K) NonClass: 8540K(11008K)->8540K(11008K) Class: 1166K(1536K)->1166K(1536K)
[2025-08-01T02:37:33.240+0000] GC(1483) Pause Young (Normal) (G1 Evacuation Pause) 1878M->1713M(4096M) 183.570ms
[2025-08-01T02:37:33.240+0000] GC(1483) User=1.39s Sys=0.03s Real=0.18s
[2025-08-01T02:37:33.400+0000] GC(1484) Pause Young (Concurrent Start) (G1 Evacuation Pause)
[2025-08-01T02:37:33.400+0000] GC(1484) Using 8 workers of 8 for evacuation
[2025-08-01T02:37:33.525+0000] GC(1484)   Pre Evacuate Collection Set: 0.1ms
[2025-08-01T02:37:33.525+0000] GC(1484)   Evacuate Collection Set: 123.2ms
[2025-08-01T02:37:33.525+0000] GC(1484)   Post Evacuate Collection Set: 1.0ms
[2025-08-01T02:37:33.525+0000] GC(1484)   Other: 0.5ms
[2025-08-01T02:37:33.525+0000] GC(1484) Eden regions: 324->0(267)
[2025-08-01T02:37:33.525+0000] GC(1484) Survivor regions: 53->48(48)
[2025-08-01T02:37:33.525+0000] GC(1484) Old regions: 809->1002
[2025-08-01T02:37:33.525+0000] GC(1484) Humongous regions: 0->0
[2025-08-01T02:37:33.525+0000] GC(1484) Metaspace: 9706K(12544K)->9706K(12544K) NonClass: 8540K(11008K)->8540K(11008K) Class: 1166K(1536K)->1166K(1536K)
[2025-08-01T02:37:33.525+0000] GC(1484) Pause Young (Concurrent Start) (G1 Evacuation Pause) 2361M->2089M(4096M) 124.882ms
[2025-08-01T02:37:33.525+0000] GC(1484) User=0.95s Sys=0.03s Real=0.13s
[2025-08-01T02:37:33.525+0000] GC(1485) Concurrent Cycle
[2025-08-01T02:37:33.525+0000] GC(1485) Concurrent Clear Claimed Marks
[2025-08-01T02:37:33.525+0000] GC(1485) Concurrent Clear Claimed Marks 0.099ms
[2025-08-01T02:37:33.525+0000] GC(1485) Concurrent Scan Root Regions
[2025-08-01T02:37:33.544+0000] GC(1485) Concurrent Scan Root Regions 18.741ms
[2025-08-01T02:37:33.544+0000] GC(1485) Concurrent Mark (192.540s)
[2025-08-01T02:37:33.544+0000] GC(1485) Concurrent Mark From Roots
[2025-08-01T02:37:33.544+0000] GC(1485) Using 2 workers of 2 for marking
[2025-08-01T02:37:33.641+0000] GC(1486) Pause Young (Normal) (G1 Evacuation Pause)
[2025-08-01T02:37:33.641+0000] GC(1486) Using 8 workers of 8 for evacuation
[2025-08-01T02:37:33.756+0000] GC(1486)   Pre Evacuate Collection Set: 0.1ms
[2025-08-01T02:37:33.756+0000] GC(1486)   Evacuate Collection Set: 113.5ms
[2025-08-01T02:37:33.756+0000] GC(1486)   Post Evacuate Collection Set: 0.9ms
[2025-08-01T02:37:33.756+0000] GC(1486)   Other: 0.4ms
[2025-08-01T02:37:33.756+0000] GC(1486) Eden regions: 267->0(188)
[2025-08-01T02:37:33.756+0000] GC(1486) Survivor regions: 48->40(40)
[2025-08-01T02:37:33.756+0000] GC(1486) Old regions: 1002->1227
[2025-08-01T02:37:33.756+0000] GC(1486) Humongous regions: 0->0
[2025-08-01T02:37:33.756+0000] GC(1486) Metaspace: 9706K(12544K)->9706K(12544K) NonClass: 8540K(11008K)->8540K(11008K) Class: 1166K(1536K)->1166K(1536K)
[2025-08-01T02:37:33.756+0000] GC(1486) Pause Young (Normal) (G1 Evacuation Pause) 2623M->2523M(4096M) 115.185ms
[2025-08-01T02:37:33.756+0000] GC(1486) User=0.86s Sys=0.03s Real=0.12s
[2025-08-01T02:37:33.805+0000] GC(1485) Concurrent Mark From Roots 260.918ms
[2025-08-01T02:37:33.805+0000] GC(1485) Concurrent Preclean
[2025-08-01T02:37:33.805+0000] GC(1485) Concurrent Preclean 0.303ms
[2025-08-01T02:37:33.805+0000] GC(1485) Concurrent Mark (192.540s, 192.801s) 261.320ms
[2025-08-01T02:37:33.806+0000] GC(1485) Pause Remark
[2025-08-01T02:37:33.808+0000] GC(1485) Cleaned string and symbol table, strings: 2833 processed, 0 removed, symbols: 23489 processed, 0 removed
[2025-08-01T02:37:33.809+0000] GC(1485) Pause Remark 2756M->1599M(4096M) 3.525ms
[2025-08-01T02:37:33.809+0000] GC(1485) User=0.01s Sys=0.00s Real=0.00s
[2025-08-01T02:37:33.809+0000] GC(1485) Concurrent Rebuild Remembered Sets
[2025-08-01T02:37:33.838+0000] GC(1487) Pause Young (Normal) (G1 Evacuation Pause)
[2025-08-01T02:37:33.838+0000] GC(1487) Using 8 workers of 8 for evacuation
[2025-08-01T02:37:33.904+0000] GC(1487)   Pre Evacuate Collection Set: 0.1ms
[2025-08-01T02:37:33.904+0000] GC(1487)   Evacuate Collection Set: 65.0ms
[2025-08-01T02:37:33.904+0000] GC(1487)   Post Evacuate Collection Set: 0.9ms
[2025-08-01T02:37:33.904+0000] GC(1487)   Other: 0.5ms
[2025-08-01T02:37:33.904+0000] GC(1487) Eden regions: 188->0(352)
[2025-08-01T02:37:33.904+0000] GC(1487) Survivor regions: 40->29(29)
[2025-08-01T02:37:33.904+0000] GC(1487) Old regions: 645->789
[2025-08-01T02:37:33.904+0000] GC(1487) Humongous regions: 0->0
[2025-08-01T02:37:33.904+0000] GC(1487) Metaspace: 9706K(12544K)->9706K(12544K) NonClass: 8540K(11008K)->8540K(11008K) Class: 1166K(1536K)->1166K(1536K)
[2025-08-01T02:37:33.904+0000] GC(1487) Pause Young (Normal) (G1 Evacuation Pause) 1742M->1633M(4096M) 66.424ms
[2025-08-01T02:37:33.904+0000] GC(1487) User=0.46s Sys=0.01s Real=0.07s
[2025-08-01T02:37:34.051+0000] GC(1485) Concurrent Rebuild Remembered Sets 241.246ms
[2025-08-01T02:37:34.051+0000] GC(1485) Pause Cleanup
[2025-08-01T02:37:34.052+0000] GC(1485) Pause Cleanup 2239M->2239M(4096M) 0.829ms
[2025-08-01T02:37:34.052+0000] GC(1485) User=0.00s Sys=0.00s Real=0.00s
[2025-08-01T02:37:34.052+0000] GC(1485) Concurrent Cleanup for Next Mark
[2025-08-01T02:37:34.064+0000] GC(1485) Concurrent Cleanup for Next Mark 12.235ms
[2025-08-01T02:37:34.064+0000] GC(1485) Concurrent Cycle 539.231ms
[2025-08-01T02:37:34.067+0000] GC(1488) Pause Young (Prepare Mixed) (G1 Evacuation Pause)
[2025-08-01T02:37:34.068+0000] GC(1488) Using 8 workers of 8 for evacuation
[2025-08-01T02:37:34.174+0000] GC(1488)   Pre Evacuate Collection Set: 0.1ms
[2025-08-01T02:37:34.174+0000] GC(1488)   Evacuate Collection Set: 104.8ms
[2025-08-01T02:37:34.174+0000] GC(1488)   Post Evacuate Collection Set: 1.0ms
[2025-08-01T02:37:34.174+0000] GC(1488)   Other: 0.3ms
[2025-08-01T02:37:34.174+0000] GC(1488) Eden regions: 352->0(54)
[2025-08-01T02:37:34.174+0000] GC(1488) Survivor regions: 29->48(48)
[2025-08-01T02:37:34.174+0000] GC(1488) Old regions: 789->1031
[2025-08-01T02:37:34.174+0000] GC(1488) Humongous regions: 0->0
[2025-08-01T02:37:34.174+0000] GC(1488) Metaspace: 9706K(12544K)->9706K(12544K) NonClass: 8540K(11008K)->8540K(11008K) Class: 1166K(1536K)->1166K(1536K)
[2025-08-01T02:37:34.174+0000] GC(1488) Pause Young (Prepare Mixed) (G1 Evacuation Pause) 2337M->2155M(4096M) 106.432ms
[2025-08-01T02:37:34.174+0000] GC(1488) User=0.78s Sys=0.01s Real=0.11s
[2025-08-01T02:37:34.185+0000] GC(1489) Pause Young (Mixed) (G1 Evacuation Pause)
[2025-08-01T02:37:34.185+0000] GC(1489) Using 8 workers of 8 for evacuation
[2025-08-01T02:37:34.213+0000] GC(1489)   Pre Evacuate Collection Set: 0.1ms
[2025-08-01T02:37:34.213+0000] GC(1489)   Evacuate Collection Set: 27.1ms
[2025-08-01T02:37:34.213+0000] GC(1489)   Post Evacuate Collection Set: 0.6ms
[2025-08-01T02:37:34.213+0000] GC(1489)   Other: 0.5ms
[2025-08-01T02:37:34.213+0000] GC(1489) Eden regions: 54->0(254)
[2025-08-01T02:37:34.213+0000] GC(1489) Survivor regions: 48->13(13)
[2025-08-01T02:37:34.213+0000] GC(1489) Old regions: 1031->1087
[2025-08-01T02:37:34.213+0000] GC(1489) Humongous regions: 0->0
[2025-08-01T02:37:34.213+0000] GC(1489) Metaspace: 9706K(12544K)->9706K(12544K) NonClass: 8540K(11008K)->8540K(11008K) Class: 1166K(1536K)->1166K(1536K)
[2025-08-01T02:37:34.213+0000] GC(1489) Pause Young (Mixed) (G1 Evacuation Pause) 2263M->2197M(4096M) 28.505ms
[2025-08-01T02:37:34.213+0000] GC(1489) User=0.21s Sys=0.01s Real=0.03s
[2025-08-01T02:37:34.308+0000] GC(1490) Pause Young (Concurrent Start) (G1 Evacuation Pause)
[2025-08-01T02:37:34.308+0000] GC(1490) Using 8 workers of 8 for evacuation
[2025-08-01T02:37:34.438+0000] GC(1490)   Pre Evacuate Collection Set: 0.1ms
[2025-08-01T02:37:34.438+0000] GC(1490)   Evacuate Collection Set: 128.2ms
[2025-08-01T02:37:34.438+0000] GC(1490)   Post Evacuate Collection Set: 1.0ms
[2025-08-01T02:37:34.438+0000] GC(1490)   Other: 0.4ms
[2025-08-01T02:37:34.438+0000] GC(1490) Eden regions: 254->0(187)
[2025-08-01T02:37:34.438+0000] GC(1490) Survivor regions: 13->34(34)
[2025-08-01T02:37:34.438+0000] GC(1490) Old regions: 1087->1260
[2025-08-01T02:37:34.438+0000] GC(1490) Humongous regions: 0->0
[2025-08-01T02:37:34.438+0000] GC(1490) Metaspace: 9706K(12544K)->9706K(12544K) NonClass: 8540K(11008K)->8540K(11008K) Class: 1166K(1536K)->1166K(1536K)
[2025-08-01T02:37:34.438+0000] GC(1490) Pause Young (Concurrent Start) (G1 Evacuation Pause) 2705M->2585M(4096M) 129.826ms
[2025-08-01T02:37:34.438+0000] GC(1490) User=0.95s Sys=0.02s Real=0.13s
[2025-08-01T02:37:34.438+0000] GC(1491) Concurrent Cycle
[2025-08-01T02:37:34.438+0000] GC(1491) Concurrent Clear Claimed Marks
[2025-08-01T02:37:34.438+0000] GC(1491) Concurrent Clear Claimed Marks 0.063ms
[2025-08-01T02:37:34.438+0000] GC(1491) Concurrent Scan Root Regions
[2025-08-01T02:37:34.449+0000] GC(1491) Concurrent Scan Root Regions 10.508ms
[2025-08-01T02:37:34.449+0000] GC(1491) Concurrent Mark (193.444s)
[2025-08-01T02:37:34.449+0000] GC(1491) Concurrent Mark From Roots
[2025-08-01T02:37:34.449+0000] GC(1491) Using 2 workers of 2 for marking
[2025-08-01T02:37:34.528+0000] GC(1492) Pause Young (Normal) (G1 Evacuation Pause)
[2025-08-01T02:37:34.528+0000] GC(1492) Using 8 workers of 8 for evacuation
[2025-08-01T02:37:34.593+0000] GC(1492)   Pre Evacuate Collection Set: 0.1ms
[2025-08-01T02:37:34.593+0000] GC(1492)   Evacuate Collection Set: 64.4ms
[2025-08-01T02:37:34.593+0000] GC(1492)   Post Evacuate Collection Set: 0.8ms
[2025-08-01T02:37:34.593+0000] GC(1492)   Other: 0.3ms
[2025-08-01T02:37:34.593+0000] GC(1492) Eden regions: 187->0(143)
[2025-08-01T02:37:34.593+0000] GC(1492) Survivor regions: 34->28(28)
[2025-08-01T02:37:34.593+0000] GC(1492) Old regions: 1260->1398
[2025-08-01T02:37:34.593+0000] GC(1492) Humongous regions: 0->0
[2025-08-01T02:37:34.594+0000] GC(1492) Metaspace: 9706K(12544K)->9706K(12544K) NonClass: 8540K(11008K)->8540K(11008K) Class: 1166K(1536K)->1166K(1536K)
[2025-08-01T02:37:34.594+0000] GC(1492) Pause Young (Normal) (G1 Evacuation Pause) 2959M->2848M(4096M) 65.836ms
[2025-08-01T02:37:34.594+0000] GC(1492) User=0.49s Sys=0.01s Real=0.07s
[2025-08-01T02:37:34.623+0000] GC(1493) Pause Young (Normal) (G1 Evacuation Pause)
[2025-08-01T02:37:34.623+0000] GC(1493) Using 8 workers of 8 for evacuation
[2025-08-01T02:37:34.677+0000] GC(1493)   Pre Evacuate Collection Set: 0.1ms
[2025-08-01T02:37:34.677+0000] GC(1493)   Evacuate Collection Set: 52.7ms
[2025-08-01T02:37:34.677+0000] GC(1493)   Post Evacuate Collection Set: 0.6ms
[2025-08-01T02:37:34.677+0000] GC(1493)   Other: 0.3ms
[2025-08-01T02:37:34.677+0000] GC(1493) Eden regions: 143->0(88)
[2025-08-01T02:37:34.677+0000] GC(1493) Survivor regions: 28->22(22)
[2025-08-01T02:37:34.677+0000] GC(1493) Old regions: 1398->1549
[2025-08-01T02:37:34.677+0000] GC(1493) Humongous regions: 0->0
[2025-08-01T02:37:34.677+0000] GC(1493) Metaspace: 9706K(12544K)->9706K(12544K) NonClass: 8540K(11008K)->8540K(11008K) Class: 1166K(1536K)->1166K(1536K)
[2025-08-01T02:37:34.677+0000] GC(1493) Pause Young (Normal) (G1 Evacuation Pause) 3134M->3138M(4096M) 53.884ms
[2025-08-01T02:37:34.677+0000] GC(1493) User=0.42s Sys=0.00s Real=0.05s
[2025-08-01T02:37:34.718+0000] GC(1491) Concurrent Mark From Roots 269.693ms
[2025-08-01T02:37:34.719+0000] GC(1491) Concurrent Preclean
[2025-08-01T02:37:34.719+0000] GC(1491) Concurrent Preclean 0.363ms
[2025-08-01T02:37:34.719+0000] GC(1491) Concurrent Mark (193.444s, 193.714s) 270.175ms
[2025-08-01T02:37:34.719+0000] GC(1491) Pause Remark
[2025-08-01T02:37:34.723+0000] GC(1491) Cleaned string and symbol table, strings: 2833 processed, 0 removed, symbols: 23489 processed, 0 removed
[2025-08-01T02:37:34.724+0000] GC(1491) Pause Remark 3278M->1630M(4096M) 4.844ms
[2025-08-01T02:37:34.724+0000] GC(1491) User=0.02s Sys=0.00s Real=0.01s
[2025-08-01T02:37:34.725+0000] GC(1491) Concurrent Rebuild Remembered Sets
[2025-08-01T02:37:34.737+0000] GC(1494) Pause Young (Normal) (G1 Evacuation Pause)
[2025-08-01T02:37:34.737+0000] GC(1494) Using 8 workers of 8 for evacuation
[2025-08-01T02:37:34.777+0000] GC(1494)   Pre Evacuate Collection Set: 0.1ms
[2025-08-01T02:37:34.777+0000] GC(1494)   Evacuate Collection Set: 38.9ms
[2025-08-01T02:37:34.777+0000] GC(1494)   Post Evacuate Collection Set: 0.8ms
[2025-08-01T02:37:34.777+0000] GC(1494)   Other: 0.3ms
[2025-08-01T02:37:34.777+0000] GC(1494) Eden regions: 88->0(344)
[2025-08-01T02:37:34.777+0000] GC(1494) Survivor regions: 22->14(14)
[2025-08-01T02:37:34.777+0000] GC(1494) Old regions: 725->822
[2025-08-01T02:37:34.777+0000] GC(1494) Humongous regions: 0->0
[2025-08-01T02:37:34.777+0000] GC(1494) Metaspace: 9706K(12544K)->9706K(12544K) NonClass: 8540K(11008K)->8540K(11008K) Class: 1166K(1536K)->1166K(1536K)
[2025-08-01T02:37:34.777+0000] GC(1494) Pause Young (Normal) (G1 Evacuation Pause) 1666M->1668M(4096M) 40.181ms
[2025-08-01T02:37:34.777+0000] GC(1494) User=0.30s Sys=0.01s Real=0.04s
[2025-08-01T02:37:34.894+0000] GC(1495) Pause Young (Normal) (G1 Evacuation Pause)
[2025-08-01T02:37:34.894+0000] GC(1495) Using 8 workers of 8 for evacuation
[2025-08-01T02:37:34.971+0000] GC(1495)   Pre Evacuate Collection Set: 0.1ms
[2025-08-01T02:37:34.971+0000] GC(1495)   Evacuate Collection Set: 75.4ms
[2025-08-01T02:37:34.971+0000] GC(1495)   Post Evacuate Collection Set: 1.0ms
[2025-08-01T02:37:34.971+0000] GC(1495)   Other: 0.3ms
[2025-08-01T02:37:34.971+0000] GC(1495) Eden regions: 344->0(248)
[2025-08-01T02:37:34.971+0000] GC(1495) Survivor regions: 14->45(45)
[2025-08-01T02:37:34.971+0000] GC(1495) Old regions: 822->1045
[2025-08-01T02:37:34.971+0000] GC(1495) Humongous regions: 0->0
[2025-08-01T02:37:34.971+0000] GC(1495) Metaspace: 9706K(12544K)->9706K(12544K) NonClass: 8540K(11008K)->8540K(11008K) Class: 1166K(1536K)->1166K(1536K)
[2025-08-01T02:37:34.971+0000] GC(1495) Pause Young (Normal) (G1 Evacuation Pause) 2356M->2176M(4096M) 76.988ms
[2025-08-01T02:37:34.971+0000] GC(1495) User=0.59s Sys=0.00s Real=0.07s
[2025-08-01T02:37:35.059+0000] GC(1491) Concurrent Rebuild Remembered Sets 334.120ms
[2025-08-01T02:37:35.059+0000] GC(1491) Pause Cleanup
[2025-08-01T02:37:35.060+0000] GC(1491) Pause Cleanup 2613M->2613M(4096M) 1.020ms
[2025-08-01T02:37:35.060+0000] GC(1491) User=0.01s Sys=0.00s Real=0.00s
[2025-08-01T02:37:35.061+0000] GC(1491) Concurrent Cleanup for Next Mark
[2025-08-01T02:37:35.069+0000] GC(1496) Pause Young (Prepare Mixed) (G1 Evacuation Pause)
[2025-08-01T02:37:35.070+0000] GC(1496) Using 8 workers of 8 for evacuation
[2025-08-01T02:37:35.170+0000] GC(1496)   Pre Evacuate Collection Set: 0.1ms
[2025-08-01T02:37:35.170+0000] GC(1496)   Evacuate Collection Set: 99.1ms
[2025-08-01T02:37:35.170+0000] GC(1496)   Post Evacuate Collection Set: 0.8ms
[2025-08-01T02:37:35.170+0000] GC(1496)   Other: 0.3ms
[2025-08-01T02:37:35.170+0000] GC(1496) Eden regions: 248->0(65)
[2025-08-01T02:37:35.170+0000] GC(1496) Survivor regions: 45->37(37)
[2025-08-01T02:37:35.170+0000] GC(1496) Old regions: 1045->1245
[2025-08-01T02:37:35.170+0000] GC(1496) Humongous regions: 0->0
[2025-08-01T02:37:35.170+0000] GC(1496) Metaspace: 9706K(12544K)->9706K(12544K) NonClass: 8540K(11008K)->8540K(11008K) Class: 1166K(1536K)->1166K(1536K)
[2025-08-01T02:37:35.170+0000] GC(1496) Pause Young (Prepare Mixed) (G1 Evacuation Pause) 2672M->2561M(4096M) 100.386ms
[2025-08-01T02:37:35.170+0000] GC(1496) User=0.75s Sys=0.03s Real=0.10s
[2025-08-01T02:37:35.176+0000] GC(1491) Concurrent Cleanup for Next Mark 115.722ms
[2025-08-01T02:37:35.177+0000] GC(1491) Concurrent Cycle 738.680ms
[2025-08-01T02:37:35.184+0000] GC(1497) Pause Young (Mixed) (G1 Evacuation Pause)
[2025-08-01T02:37:35.184+0000] GC(1497) Using 8 workers of 8 for evacuation
[2025-08-01T02:37:35.230+0000] GC(1497)   Pre Evacuate Collection Set: 0.1ms
[2025-08-01T02:37:35.230+0000] GC(1497)   Evacuate Collection Set: 43.7ms
[2025-08-01T02:37:35.230+0000] GC(1497)   Post Evacuate Collection Set: 0.9ms
[2025-08-01T02:37:35.230+0000] GC(1497)   Other: 0.4ms
[2025-08-01T02:37:35.230+0000] GC(1497) Eden regions: 65->0(166)
[2025-08-01T02:37:35.230+0000] GC(1497) Survivor regions: 37->13(13)
[2025-08-01T02:37:35.230+0000] GC(1497) Old regions: 1245->1312
[2025-08-01T02:37:35.230+0000] GC(1497) Humongous regions: 0->0
[2025-08-01T02:37:35.230+0000] GC(1497) Metaspace: 9706K(12544K)->9706K(12544K) NonClass: 8540K(11008K)->8540K(11008K) Class: 1166K(1536K)->1166K(1536K)
[2025-08-01T02:37:35.230+0000] GC(1497) Pause Young (Mixed) (G1 Evacuation Pause) 2691M->2647M(4096M) 45.312ms
[2025-08-01T02:37:35.230+0000] GC(1497) User=0.31s Sys=0.02s Real=0.04s
[2025-08-01T02:37:35.309+0000] GC(1498) Pause Young (Concurrent Start) (G1 Evacuation Pause)
[2025-08-01T02:37:35.309+0000] GC(1498) Using 8 workers of 8 for evacuation
[2025-08-01T02:37:35.435+0000] GC(1498)   Pre Evacuate Collection Set: 0.1ms
[2025-08-01T02:37:35.436+0000] GC(1498)   Evacuate Collection Set: 124.1ms
[2025-08-01T02:37:35.436+0000] GC(1498)   Post Evacuate Collection Set: 1.5ms
[2025-08-01T02:37:35.436+0000] GC(1498)   Other: 0.4ms
[2025-08-01T02:37:35.436+0000] GC(1498) Eden regions: 166->0(113)
[2025-08-01T02:37:35.436+0000] GC(1498) Survivor regions: 13->23(23)
[2025-08-01T02:37:35.436+0000] GC(1498) Old regions: 1312->1457
[2025-08-01T02:37:35.436+0000] GC(1498) Humongous regions: 0->0
[2025-08-01T02:37:35.436+0000] GC(1498) Metaspace: 9706K(12544K)->9706K(12544K) NonClass: 8540K(11008K)->8540K(11008K) Class: 1166K(1536K)->1166K(1536K)
[2025-08-01T02:37:35.436+0000] GC(1498) Pause Young (Concurrent Start) (G1 Evacuation Pause) 2979M->2957M(4096M) 126.332ms
[2025-08-01T02:37:35.436+0000] GC(1498) User=0.95s Sys=0.03s Real=0.13s
[2025-08-01T02:37:35.436+0000] GC(1499) Concurrent Cycle
[2025-08-01T02:37:35.436+0000] GC(1499) Concurrent Clear Claimed Marks
[2025-08-01T02:37:35.436+0000] GC(1499) Concurrent Clear Claimed Marks 0.053ms
[2025-08-01T02:37:35.436+0000] GC(1499) Concurrent Scan Root Regions
[2025-08-01T02:37:35.443+0000] GC(1499) Concurrent Scan Root Regions 6.844ms
[2025-08-01T02:37:35.443+0000] GC(1499) Concurrent Mark (194.439s)
[2025-08-01T02:37:35.443+0000] GC(1499) Concurrent Mark From Roots
[2025-08-01T02:37:35.443+0000] GC(1499) Using 2 workers of 2 for marking
[2025-08-01T02:37:35.507+0000] GC(1500) Pause Young (Normal) (G1 Evacuation Pause)
[2025-08-01T02:37:35.507+0000] GC(1500) Using 8 workers of 8 for evacuation
[2025-08-01T02:37:35.556+0000] GC(1500)   Pre Evacuate Collection Set: 0.1ms
[2025-08-01T02:37:35.556+0000] GC(1500)   Evacuate Collection Set: 48.4ms
[2025-08-01T02:37:35.556+0000] GC(1500)   Post Evacuate Collection Set: 0.7ms
[2025-08-01T02:37:35.556+0000] GC(1500)   Other: 0.3ms
[2025-08-01T02:37:35.556+0000] GC(1500) Eden regions: 113->0(85)
[2025-08-01T02:37:35.556+0000] GC(1500) Survivor regions: 23->17(17)
[2025-08-01T02:37:35.556+0000] GC(1500) Old regions: 1457->1579
[2025-08-01T02:37:35.556+0000] GC(1500) Humongous regions: 0->0
[2025-08-01T02:37:35.556+0000] GC(1500) Metaspace: 9706K(12544K)->9706K(12544K) NonClass: 8540K(11008K)->8540K(11008K) Class: 1166K(1536K)->1166K(1536K)
[2025-08-01T02:37:35.557+0000] GC(1500) Pause Young (Normal) (G1 Evacuation Pause) 3183M->3188M(4096M) 49.640ms
[2025-08-01T02:37:35.557+0000] GC(1500) User=0.36s Sys=0.01s Real=0.05s
[2025-08-01T02:37:35.573+0000] GC(1501) Pause Young (Normal) (G1 Evacuation Pause)
[2025-08-01T02:37:35.573+0000] GC(1501) Using 8 workers of 8 for evacuation
[2025-08-01T02:37:35.618+0000] GC(1501)   Pre Evacuate Collection Set: 0.1ms
[2025-08-01T02:37:35.618+0000] GC(1501)   Evacuate Collection Set: 43.3ms
[2025-08-01T02:37:35.618+0000] GC(1501)   Post Evacuate Collection Set: 0.6ms
[2025-08-01T02:37:35.618+0000] GC(1501)   Other: 0.3ms
[2025-08-01T02:37:35.618+0000] GC(1501) Eden regions: 85->0(89)
[2025-08-01T02:37:35.618+0000] GC(1501) Survivor regions: 17->13(13)
[2025-08-01T02:37:35.618+0000] GC(1501) Old regions: 1579->1670
[2025-08-01T02:37:35.618+0000] GC(1501) Humongous regions: 0->0
[2025-08-01T02:37:35.618+0000] GC(1501) Metaspace: 9706K(12544K)->9706K(12544K) NonClass: 8540K(11008K)->8540K(11008K) Class: 1166K(1536K)->1166K(1536K)
[2025-08-01T02:37:35.618+0000] GC(1501) Pause Young (Normal) (G1 Evacuation Pause) 3358M->3362M(4096M) 44.356ms
[2025-08-01T02:37:35.618+0000] GC(1501) User=0.33s Sys=0.02s Real=0.04s
[2025-08-01T02:37:35.640+0000] GC(1502) Pause Young (Normal) (G1 Evacuation Pause)
[2025-08-01T02:37:35.640+0000] GC(1502) Using 8 workers of 8 for evacuation
[2025-08-01T02:37:35.678+0000] GC(1502)   Pre Evacuate Collection Set: 0.1ms
[2025-08-01T02:37:35.678+0000] GC(1502)   Evacuate Collection Set: 37.1ms
[2025-08-01T02:37:35.678+0000] GC(1502)   Post Evacuate Collection Set: 0.7ms
[2025-08-01T02:37:35.679+0000] GC(1502)   Other: 0.3ms
[2025-08-01T02:37:35.679+0000] GC(1502) Eden regions: 89->0(89)
[2025-08-01T02:37:35.679+0000] GC(1502) Survivor regions: 13->13(13)
[2025-08-01T02:37:35.679+0000] GC(1502) Old regions: 1670->1714
[2025-08-01T02:37:35.679+0000] GC(1502) Humongous regions: 0->0
[2025-08-01T02:37:35.679+0000] GC(1502) Metaspace: 9706K(12544K)->9706K(12544K) NonClass: 8540K(11008K)->8540K(11008K) Class: 1166K(1536K)->1166K(1536K)
[2025-08-01T02:37:35.679+0000] GC(1502) Pause Young (Normal) (G1 Evacuation Pause) 3540M->3450M(4096M) 38.324ms
[2025-08-01T02:37:35.679+0000] GC(1502) User=0.25s Sys=0.00s Real=0.04s
[2025-08-01T02:37:35.700+0000] GC(1503) Pause Young (Normal) (G1 Evacuation Pause)
[2025-08-01T02:37:35.700+0000] GC(1503) Using 8 workers of 8 for evacuation
[2025-08-01T02:37:35.734+0000] GC(1503)   Pre Evacuate Collection Set: 0.1ms
[2025-08-01T02:37:35.734+0000] GC(1503)   Evacuate Collection Set: 32.6ms
[2025-08-01T02:37:35.734+0000] GC(1503)   Post Evacuate Collection Set: 0.8ms
[2025-08-01T02:37:35.734+0000] GC(1503)   Other: 0.3ms
[2025-08-01T02:37:35.734+0000] GC(1503) Eden regions: 89->0(89)
[2025-08-01T02:37:35.734+0000] GC(1503) Survivor regions: 13->13(13)
[2025-08-01T02:37:35.734+0000] GC(1503) Old regions: 1714->1805
[2025-08-01T02:37:35.734+0000] GC(1503) Humongous regions: 0->0
[2025-08-01T02:37:35.734+0000] GC(1503) Metaspace: 9706K(12544K)->9706K(12544K) NonClass: 8540K(11008K)->8540K(11008K) Class: 1166K(1536K)->1166K(1536K)
[2025-08-01T02:37:35.734+0000] GC(1503) Pause Young (Normal) (G1 Evacuation Pause) 3628M->3632M(4096M) 33.945ms
[2025-08-01T02:37:35.734+0000] GC(1503) User=0.26s Sys=0.00s Real=0.04s
[2025-08-01T02:37:35.759+0000] GC(1504) Pause Young (Normal) (G1 Evacuation Pause)
[2025-08-01T02:37:35.759+0000] GC(1504) Using 8 workers of 8 for evacuation
[2025-08-01T02:37:35.795+0000] GC(1504)   Pre Evacuate Collection Set: 0.1ms
[2025-08-01T02:37:35.795+0000] GC(1504)   Evacuate Collection Set: 34.4ms
[2025-08-01T02:37:35.795+0000] GC(1504)   Post Evacuate Collection Set: 0.5ms
[2025-08-01T02:37:35.795+0000] GC(1504)   Other: 0.3ms
[2025-08-01T02:37:35.795+0000] GC(1504) Eden regions: 89->0(89)
[2025-08-01T02:37:35.795+0000] GC(1504) Survivor regions: 13->13(13)
[2025-08-01T02:37:35.795+0000] GC(1504) Old regions: 1805->1895
[2025-08-01T02:37:35.795+0000] GC(1504) Humongous regions: 0->0
[2025-08-01T02:37:35.795+0000] GC(1504) Metaspace: 9706K(12544K)->9706K(12544K) NonClass: 8540K(11008K)->8540K(11008K) Class: 1166K(1536K)->1166K(1536K)
[2025-08-01T02:37:35.795+0000] GC(1504) Pause Young (Normal) (G1 Evacuation Pause) 3810M->3813M(4096M) 35.431ms
[2025-08-01T02:37:35.795+0000] GC(1504) User=0.26s Sys=0.01s Real=0.04s
[2025-08-01T02:37:35.816+0000] GC(1505) Pause Young (Normal) (G1 Evacuation Pause)
[2025-08-01T02:37:35.816+0000] GC(1505) Using 8 workers of 8 for evacuation
[2025-08-01T02:37:35.849+0000] GC(1505) To-space exhausted
[2025-08-01T02:37:35.849+0000] GC(1505)   Pre Evacuate Collection Set: 0.1ms
[2025-08-01T02:37:35.849+0000] GC(1505)   Evacuate Collection Set: 24.5ms
[2025-08-01T02:37:35.849+0000] GC(1505)   Post Evacuate Collection Set: 7.4ms
[2025-08-01T02:37:35.849+0000] GC(1505)   Other: 0.4ms
[2025-08-01T02:37:35.849+0000] GC(1505) Eden regions: 89->0(89)
[2025-08-01T02:37:35.849+0000] GC(1505) Survivor regions: 13->13(13)
[2025-08-01T02:37:35.849+0000] GC(1505) Old regions: 1895->1993
[2025-08-01T02:37:35.849+0000] GC(1505) Humongous regions: 0->0
[2025-08-01T02:37:35.849+0000] GC(1505) Metaspace: 9706K(12544K)->9706K(12544K) NonClass: 8540K(11008K)->8540K(11008K) Class: 1166K(1536K)->1166K(1536K)
[2025-08-01T02:37:35.849+0000] GC(1505) Pause Young (Normal) (G1 Evacuation Pause) 3991M->4009M(4096M) 32.666ms
[2025-08-01T02:37:35.849+0000] GC(1505) User=0.22s Sys=0.00s Real=0.03s
[2025-08-01T02:37:35.858+0000] GC(1506) Pause Young (Normal) (G1 Evacuation Pause)
[2025-08-01T02:37:35.858+0000] GC(1506) Using 8 workers of 8 for evacuation
[2025-08-01T02:37:35.875+0000] GC(1506) To-space exhausted
[2025-08-01T02:37:35.875+0000] GC(1506)   Pre Evacuate Collection Set: 0.1ms
[2025-08-01T02:37:35.875+0000] GC(1506)   Evacuate Collection Set: 11.0ms
[2025-08-01T02:37:35.875+0000] GC(1506)   Post Evacuate Collection Set: 6.0ms
[2025-08-01T02:37:35.875+0000] GC(1506)   Other: 0.3ms
[2025-08-01T02:37:35.875+0000] GC(1506) Eden regions: 42->0(102)
[2025-08-01T02:37:35.875+0000] GC(1506) Survivor regions: 13->0(13)
[2025-08-01T02:37:35.875+0000] GC(1506) Old regions: 1993->2048
[2025-08-01T02:37:35.875+0000] GC(1506) Humongous regions: 0->0
[2025-08-01T02:37:35.875+0000] GC(1506) Metaspace: 9706K(12544K)->9706K(12544K) NonClass: 8540K(11008K)->8540K(11008K) Class: 1166K(1536K)->1166K(1536K)
[2025-08-01T02:37:35.875+0000] GC(1506) Pause Young (Normal) (G1 Evacuation Pause) 4093M->4093M(4096M) 17.491ms
[2025-08-01T02:37:35.875+0000] GC(1506) User=0.11s Sys=0.00s Real=0.02s
[2025-08-01T02:37:35.875+0000] GC(1507) Using 8 workers of 8 for full compaction
[2025-08-01T02:37:35.876+0000] GC(1507) Pause Full (G1 Evacuation Pause)
[2025-08-01T02:37:35.881+0000] GC(1507) Phase 1: Mark live objects
[2025-08-01T02:37:35.911+0000] GC(1507) Cleaned string and symbol table, strings: 2833 processed, 0 removed, symbols: 23489 processed, 0 removed
[2025-08-01T02:37:35.911+0000] GC(1507) Phase 1: Mark live objects 29.789ms
[2025-08-01T02:37:35.911+0000] GC(1507) Phase 2: Prepare for compaction
[2025-08-01T02:37:35.939+0000] GC(1507) Phase 2: Prepare for compaction 28.055ms
[2025-08-01T02:37:35.939+0000] GC(1507) Phase 3: Adjust pointers
[2025-08-01T02:37:35.968+0000] GC(1507) Phase 3: Adjust pointers 29.189ms
[2025-08-01T02:37:35.968+0000] GC(1507) Phase 4: Compact heap
[2025-08-01T02:37:36.071+0000] GC(1507) Phase 4: Compact heap 102.348ms
[2025-08-01T02:37:36.073+0000] GC(1507) Eden regions: 0->0(501)
[2025-08-01T02:37:36.073+0000] GC(1507) Survivor regions: 0->0(13)
[2025-08-01T02:37:36.073+0000] GC(1507) Old regions: 2048->373
[2025-08-01T02:37:36.073+0000] GC(1507) Humongous regions: 0->0
[2025-08-01T02:37:36.073+0000] GC(1507) Metaspace: 9706K(12544K)->9706K(12544K) NonClass: 8540K(11008K)->8540K(11008K) Class: 1166K(1536K)->1166K(1536K)
[2025-08-01T02:37:36.073+0000] GC(1507) Pause Full (G1 Evacuation Pause) 4093M->734M(4096M) 197.929ms
[2025-08-01T02:37:36.074+0000] GC(1507) User=1.46s Sys=0.00s Real=0.20s
[2025-08-01T02:37:36.074+0000] GC(1499) Concurrent Mark From Roots 631.172ms
[2025-08-01T02:37:36.074+0000] GC(1499) Concurrent Mark Abort
[2025-08-01T02:37:36.074+0000] GC(1499) Concurrent Cycle 638.261ms
[2025-08-01T02:37:36.310+0000] GC(1508) Pause Young (Normal) (G1 Evacuation Pause)
[2025-08-01T02:37:36.310+0000] GC(1508) Using 8 workers of 8 for evacuation
[2025-08-01T02:37:36.467+0000] GC(1508)   Pre Evacuate Collection Set: 0.1ms
[2025-08-01T02:37:36.467+0000] GC(1508)   Evacuate Collection Set: 155.5ms
[2025-08-01T02:37:36.467+0000] GC(1508)   Post Evacuate Collection Set: 1.1ms
[2025-08-01T02:37:36.467+0000] GC(1508)   Other: 0.4ms
[2025-08-01T02:37:36.467+0000] GC(1508) Eden regions: 501->0(335)
[2025-08-01T02:37:36.467+0000] GC(1508) Survivor regions: 0->63(63)
[2025-08-01T02:37:36.467+0000] GC(1508) Old regions: 373->761
[2025-08-01T02:37:36.467+0000] GC(1508) Humongous regions: 0->0
[2025-08-01T02:37:36.467+0000] GC(1508) Metaspace: 9706K(12544K)->9706K(12544K) NonClass: 8540K(11008K)->8540K(11008K) Class: 1166K(1536K)->1166K(1536K)
[2025-08-01T02:37:36.467+0000] GC(1508) Pause Young (Normal) (G1 Evacuation Pause) 1736M->1635M(4096M) 157.235ms
[2025-08-01T02:37:36.467+0000] GC(1508) User=1.20s Sys=0.02s Real=0.16s
[2025-08-01T02:37:36.621+0000] GC(1509) Pause Young (Concurrent Start) (G1 Evacuation Pause)
[2025-08-01T02:37:36.621+0000] GC(1509) Using 8 workers of 8 for evacuation
[2025-08-01T02:37:36.788+0000] GC(1509)   Pre Evacuate Collection Set: 0.1ms
[2025-08-01T02:37:36.788+0000] GC(1509)   Evacuate Collection Set: 164.0ms
[2025-08-01T02:37:36.788+0000] GC(1509)   Post Evacuate Collection Set: 2.5ms
[2025-08-01T02:37:36.788+0000] GC(1509)   Other: 0.5ms
[2025-08-01T02:37:36.788+0000] GC(1509) Eden regions: 335->0(280)
[2025-08-01T02:37:36.789+0000] GC(1509) Survivor regions: 63->50(50)
[2025-08-01T02:37:36.789+0000] GC(1509) Old regions: 761->949
[2025-08-01T02:37:36.789+0000] GC(1509) Humongous regions: 0->0
[2025-08-01T02:37:36.789+0000] GC(1509) Metaspace: 9706K(12544K)->9706K(12544K) NonClass: 8540K(11008K)->8540K(11008K) Class: 1166K(1536K)->1166K(1536K)
[2025-08-01T02:37:36.789+0000] GC(1509) Pause Young (Concurrent Start) (G1 Evacuation Pause) 2305M->1985M(4096M) 167.418ms
[2025-08-01T02:37:36.789+0000] GC(1509) User=1.27s Sys=0.04s Real=0.17s
[2025-08-01T02:37:36.789+0000] GC(1510) Concurrent Cycle
[2025-08-01T02:37:36.789+0000] GC(1510) Concurrent Clear Claimed Marks
[2025-08-01T02:37:36.789+0000] GC(1510) Concurrent Clear Claimed Marks 0.061ms
[2025-08-01T02:37:36.789+0000] GC(1510) Concurrent Scan Root Regions
[2025-08-01T02:37:36.809+0000] GC(1510) Concurrent Scan Root Regions 20.023ms
[2025-08-01T02:37:36.809+0000] GC(1510) Concurrent Mark (195.805s)
[2025-08-01T02:37:36.809+0000] GC(1510) Concurrent Mark From Roots
[2025-08-01T02:37:36.809+0000] GC(1510) Using 2 workers of 2 for marking
[2025-08-01T02:37:36.906+0000] GC(1511) Pause Young (Normal) (G1 Evacuation Pause)
[2025-08-01T02:37:36.907+0000] GC(1511) Using 8 workers of 8 for evacuation
[2025-08-01T02:37:37.003+0000] GC(1511)   Pre Evacuate Collection Set: 0.1ms
[2025-08-01T02:37:37.003+0000] GC(1511)   Evacuate Collection Set: 94.9ms
[2025-08-01T02:37:37.003+0000] GC(1511)   Post Evacuate Collection Set: 1.3ms
[2025-08-01T02:37:37.003+0000] GC(1511)   Other: 0.3ms
[2025-08-01T02:37:37.003+0000] GC(1511) Eden regions: 280->0(179)
[2025-08-01T02:37:37.003+0000] GC(1511) Survivor regions: 50->42(42)
[2025-08-01T02:37:37.003+0000] GC(1511) Old regions: 949->1238
[2025-08-01T02:37:37.003+0000] GC(1511) Humongous regions: 0->0
[2025-08-01T02:37:37.003+0000] GC(1511) Metaspace: 9706K(12544K)->9706K(12544K) NonClass: 8540K(11008K)->8540K(11008K) Class: 1166K(1536K)->1166K(1536K)
[2025-08-01T02:37:37.003+0000] GC(1511) Pause Young (Normal) (G1 Evacuation Pause) 2545M->2548M(4096M) 96.765ms
[2025-08-01T02:37:37.003+0000] GC(1511) User=0.75s Sys=0.00s Real=0.10s
[2025-08-01T02:37:37.032+0000] GC(1510) Concurrent Mark From Roots 222.815ms
[2025-08-01T02:37:37.032+0000] GC(1510) Concurrent Preclean
[2025-08-01T02:37:37.032+0000] GC(1510) Concurrent Preclean 0.305ms
[2025-08-01T02:37:37.032+0000] GC(1510) Concurrent Mark (195.805s, 196.028s) 223.233ms
[2025-08-01T02:37:37.033+0000] GC(1510) Pause Remark
[2025-08-01T02:37:37.035+0000] GC(1510) Cleaned string and symbol table, strings: 2833 processed, 0 removed, symbols: 23489 processed, 0 removed
[2025-08-01T02:37:37.036+0000] GC(1510) Pause Remark 2695M->1624M(4096M) 3.434ms
[2025-08-01T02:37:37.037+0000] GC(1510) User=0.02s Sys=0.00s Real=0.00s
[2025-08-01T02:37:37.037+0000] GC(1510) Concurrent Rebuild Remembered Sets
[2025-08-01T02:37:37.091+0000] GC(1512) Pause Young (Normal) (G1 Evacuation Pause)
[2025-08-01T02:37:37.091+0000] GC(1512) Using 8 workers of 8 for evacuation
[2025-08-01T02:37:37.236+0000] GC(1512)   Pre Evacuate Collection Set: 0.1ms
[2025-08-01T02:37:37.237+0000] GC(1512)   Evacuate Collection Set: 144.0ms
[2025-08-01T02:37:37.237+0000] GC(1512)   Post Evacuate Collection Set: 0.9ms
[2025-08-01T02:37:37.237+0000] GC(1512)   Other: 0.3ms
[2025-08-01T02:37:37.237+0000] GC(1512) Eden regions: 179->0(311)
[2025-08-01T02:37:37.237+0000] GC(1512) Survivor regions: 42->28(28)
[2025-08-01T02:37:37.237+0000] GC(1512) Old regions: 698->865
[2025-08-01T02:37:37.237+0000] GC(1512) Humongous regions: 0->0
[2025-08-01T02:37:37.237+0000] GC(1512) Metaspace: 9706K(12544K)->9706K(12544K) NonClass: 8540K(11008K)->8540K(11008K) Class: 1166K(1536K)->1166K(1536K)
[2025-08-01T02:37:37.237+0000] GC(1512) Pause Young (Normal) (G1 Evacuation Pause) 1835M->1783M(4096M) 145.438ms
[2025-08-01T02:37:37.237+0000] GC(1512) User=1.01s Sys=0.06s Real=0.15s
[2025-08-01T02:37:37.376+0000] GC(1510) Concurrent Rebuild Remembered Sets 339.346ms
[2025-08-01T02:37:37.376+0000] GC(1510) Pause Cleanup
[2025-08-01T02:37:37.377+0000] GC(1510) Pause Cleanup 2295M->2295M(4096M) 0.984ms
[2025-08-01T02:37:37.377+0000] GC(1510) User=0.01s Sys=0.00s Real=0.00s
[2025-08-01T02:37:37.377+0000] GC(1510) Concurrent Cleanup for Next Mark
[2025-08-01T02:37:37.388+0000] GC(1510) Concurrent Cleanup for Next Mark 10.331ms
[2025-08-01T02:37:37.388+0000] GC(1510) Concurrent Cycle 599.034ms
[2025-08-01T02:37:37.395+0000] GC(1513) Pause Young (Prepare Mixed) (G1 Evacuation Pause)
[2025-08-01T02:37:37.395+0000] GC(1513) Using 8 workers of 8 for evacuation
[2025-08-01T02:37:37.494+0000] GC(1513)   Pre Evacuate Collection Set: 0.1ms
[2025-08-01T02:37:37.494+0000] GC(1513)   Evacuate Collection Set: 97.3ms
[2025-08-01T02:37:37.494+0000] GC(1513)   Post Evacuate Collection Set: 0.9ms
[2025-08-01T02:37:37.494+0000] GC(1513)   Other: 0.2ms
[2025-08-01T02:37:37.494+0000] GC(1513) Eden regions: 311->0(59)
[2025-08-01T02:37:37.494+0000] GC(1513) Survivor regions: 28->43(43)
[2025-08-01T02:37:37.494+0000] GC(1513) Old regions: 865->1064
[2025-08-01T02:37:37.494+0000] GC(1513) Humongous regions: 0->0
[2025-08-01T02:37:37.494+0000] GC(1513) Metaspace: 9706K(12544K)->9706K(12544K) NonClass: 8540K(11008K)->8540K(11008K) Class: 1166K(1536K)->1166K(1536K)
[2025-08-01T02:37:37.494+0000] GC(1513) Pause Young (Prepare Mixed) (G1 Evacuation Pause) 2405M->2211M(4096M) 98.785ms
[2025-08-01T02:37:37.494+0000] GC(1513) User=0.75s Sys=0.02s Real=0.10s
[2025-08-01T02:37:37.505+0000] GC(1514) Pause Young (Mixed) (G1 Evacuation Pause)
[2025-08-01T02:37:37.505+0000] GC(1514) Using 8 workers of 8 for evacuation
[2025-08-01T02:37:37.538+0000] GC(1514)   Pre Evacuate Collection Set: 0.2ms
[2025-08-01T02:37:37.538+0000] GC(1514)   Evacuate Collection Set: 32.0ms
[2025-08-01T02:37:37.538+0000] GC(1514)   Post Evacuate Collection Set: 0.8ms
[2025-08-01T02:37:37.538+0000] GC(1514)   Other: 0.4ms
[2025-08-01T02:37:37.538+0000] GC(1514) Eden regions: 59->0(239)
[2025-08-01T02:37:37.538+0000] GC(1514) Survivor regions: 43->13(13)
[2025-08-01T02:37:37.538+0000] GC(1514) Old regions: 1064->1096
[2025-08-01T02:37:37.538+0000] GC(1514) Humongous regions: 0->0
[2025-08-01T02:37:37.538+0000] GC(1514) Metaspace: 9706K(12544K)->9706K(12544K) NonClass: 8540K(11008K)->8540K(11008K) Class: 1166K(1536K)->1166K(1536K)
[2025-08-01T02:37:37.538+0000] GC(1514) Pause Young (Mixed) (G1 Evacuation Pause) 2329M->2215M(4096M) 33.625ms
[2025-08-01T02:37:37.538+0000] GC(1514) User=0.23s Sys=0.01s Real=0.03s
[2025-08-01T02:37:37.629+0000] GC(1515) Pause Young (Concurrent Start) (G1 Evacuation Pause)
[2025-08-01T02:37:37.629+0000] GC(1515) Using 8 workers of 8 for evacuation
[2025-08-01T02:37:37.794+0000] GC(1515)   Pre Evacuate Collection Set: 0.1ms
[2025-08-01T02:37:37.794+0000] GC(1515)   Evacuate Collection Set: 163.0ms
[2025-08-01T02:37:37.794+0000] GC(1515)   Post Evacuate Collection Set: 1.4ms
[2025-08-01T02:37:37.794+0000] GC(1515)   Other: 0.5ms
[2025-08-01T02:37:37.794+0000] GC(1515) Eden regions: 239->0(160)
[2025-08-01T02:37:37.794+0000] GC(1515) Survivor regions: 13->32(32)
[2025-08-01T02:37:37.794+0000] GC(1515) Old regions: 1096->1305
[2025-08-01T02:37:37.795+0000] GC(1515) Humongous regions: 0->0
[2025-08-01T02:37:37.795+0000] GC(1515) Metaspace: 9706K(12544K)->9706K(12544K) NonClass: 8540K(11008K)->8540K(11008K) Class: 1166K(1536K)->1166K(1536K)
[2025-08-01T02:37:37.795+0000] GC(1515) Pause Young (Concurrent Start) (G1 Evacuation Pause) 2693M->2670M(4096M) 165.288ms
[2025-08-01T02:37:37.795+0000] GC(1515) User=1.24s Sys=0.03s Real=0.17s
[2025-08-01T02:37:37.795+0000] GC(1516) Concurrent Cycle
[2025-08-01T02:37:37.795+0000] GC(1516) Concurrent Clear Claimed Marks
[2025-08-01T02:37:37.795+0000] GC(1516) Concurrent Clear Claimed Marks 0.105ms
[2025-08-01T02:37:37.795+0000] GC(1516) Concurrent Scan Root Regions
[2025-08-01T02:37:37.805+0000] GC(1516) Concurrent Scan Root Regions 10.017ms
[2025-08-01T02:37:37.805+0000] GC(1516) Concurrent Mark (196.801s)
[2025-08-01T02:37:37.805+0000] GC(1516) Concurrent Mark From Roots
[2025-08-01T02:37:37.805+0000] GC(1516) Using 2 workers of 2 for marking
[2025-08-01T02:37:37.866+0000] GC(1517) Pause Young (Normal) (G1 Evacuation Pause)
[2025-08-01T02:37:37.866+0000] GC(1517) Using 8 workers of 8 for evacuation
[2025-08-01T02:37:37.925+0000] GC(1517)   Pre Evacuate Collection Set: 0.1ms
[2025-08-01T02:37:37.925+0000] GC(1517)   Evacuate Collection Set: 57.3ms
[2025-08-01T02:37:37.925+0000] GC(1517)   Post Evacuate Collection Set: 0.9ms
[2025-08-01T02:37:37.925+0000] GC(1517)   Other: 0.3ms
[2025-08-01T02:37:37.925+0000] GC(1517) Eden regions: 160->0(108)
[2025-08-01T02:37:37.925+0000] GC(1517) Survivor regions: 32->24(24)
[2025-08-01T02:37:37.925+0000] GC(1517) Old regions: 1305->1473
[2025-08-01T02:37:37.925+0000] GC(1517) Humongous regions: 0->0
[2025-08-01T02:37:37.925+0000] GC(1517) Metaspace: 9706K(12544K)->9706K(12544K) NonClass: 8540K(11008K)->8540K(11008K) Class: 1166K(1536K)->1166K(1536K)
[2025-08-01T02:37:37.925+0000] GC(1517) Pause Young (Normal) (G1 Evacuation Pause) 2990M->2991M(4096M) 58.674ms
[2025-08-01T02:37:37.925+0000] GC(1517) User=0.45s Sys=0.01s Real=0.06s
[2025-08-01T02:37:37.947+0000] GC(1518) Pause Young (Normal) (G1 Evacuation Pause)
[2025-08-01T02:37:37.948+0000] GC(1518) Using 8 workers of 8 for evacuation
[2025-08-01T02:37:37.982+0000] GC(1518)   Pre Evacuate Collection Set: 0.1ms
[2025-08-01T02:37:37.982+0000] GC(1518)   Evacuate Collection Set: 33.6ms
[2025-08-01T02:37:37.982+0000] GC(1518)   Post Evacuate Collection Set: 0.8ms
[2025-08-01T02:37:37.982+0000] GC(1518)   Other: 0.2ms
[2025-08-01T02:37:37.982+0000] GC(1518) Eden regions: 108->0(85)
[2025-08-01T02:37:37.982+0000] GC(1518) Survivor regions: 24->17(17)
[2025-08-01T02:37:37.982+0000] GC(1518) Old regions: 1473->1567
[2025-08-01T02:37:37.982+0000] GC(1518) Humongous regions: 0->0
[2025-08-01T02:37:37.982+0000] GC(1518) Metaspace: 9706K(12544K)->9706K(12544K) NonClass: 8540K(11008K)->8540K(11008K) Class: 1166K(1536K)->1166K(1536K)
[2025-08-01T02:37:37.982+0000] GC(1518) Pause Young (Normal) (G1 Evacuation Pause) 3207M->3165M(4096M) 34.892ms
[2025-08-01T02:37:37.982+0000] GC(1518) User=0.25s Sys=0.00s Real=0.03s
[2025-08-01T02:37:38.005+0000] GC(1519) Pause Young (Normal) (G1 Evacuation Pause)
[2025-08-01T02:37:38.005+0000] GC(1519) Using 8 workers of 8 for evacuation
[2025-08-01T02:37:38.039+0000] GC(1519)   Pre Evacuate Collection Set: 0.1ms
[2025-08-01T02:37:38.039+0000] GC(1519)   Evacuate Collection Set: 33.3ms
[2025-08-01T02:37:38.039+0000] GC(1519)   Post Evacuate Collection Set: 0.6ms
[2025-08-01T02:37:38.039+0000] GC(1519)   Other: 0.4ms
[2025-08-01T02:37:38.039+0000] GC(1519) Eden regions: 85->0(89)
[2025-08-01T02:37:38.039+0000] GC(1519) Survivor regions: 17->13(13)
[2025-08-01T02:37:38.039+0000] GC(1519) Old regions: 1567->1658
[2025-08-01T02:37:38.039+0000] GC(1519) Humongous regions: 0->0
[2025-08-01T02:37:38.039+0000] GC(1519) Metaspace: 9706K(12544K)->9706K(12544K) NonClass: 8540K(11008K)->8540K(11008K) Class: 1166K(1536K)->1166K(1536K)
[2025-08-01T02:37:38.039+0000] GC(1519) Pause Young (Normal) (G1 Evacuation Pause) 3335M->3338M(4096M) 34.573ms
[2025-08-01T02:37:38.039+0000] GC(1519) User=0.27s Sys=0.00s Real=0.03s
[2025-08-01T02:37:38.059+0000] GC(1520) Pause Young (Normal) (G1 Evacuation Pause)
[2025-08-01T02:37:38.059+0000] GC(1520) Using 8 workers of 8 for evacuation
[2025-08-01T02:37:38.091+0000] GC(1520)   Pre Evacuate Collection Set: 0.1ms
[2025-08-01T02:37:38.091+0000] GC(1520)   Evacuate Collection Set: 31.1ms
[2025-08-01T02:37:38.091+0000] GC(1520)   Post Evacuate Collection Set: 0.7ms
[2025-08-01T02:37:38.091+0000] GC(1520)   Other: 0.3ms
[2025-08-01T02:37:38.091+0000] GC(1520) Eden regions: 89->0(89)
[2025-08-01T02:37:38.091+0000] GC(1520) Survivor regions: 13->13(13)
[2025-08-01T02:37:38.091+0000] GC(1520) Old regions: 1658->1742
[2025-08-01T02:37:38.091+0000] GC(1520) Humongous regions: 0->0
[2025-08-01T02:37:38.091+0000] GC(1520) Metaspace: 9706K(12544K)->9706K(12544K) NonClass: 8540K(11008K)->8540K(11008K) Class: 1166K(1536K)->1166K(1536K)
[2025-08-01T02:37:38.091+0000] GC(1520) Pause Young (Normal) (G1 Evacuation Pause) 3516M->3506M(4096M) 32.281ms
[2025-08-01T02:37:38.091+0000] GC(1520) User=0.25s Sys=0.01s Real=0.03s
[2025-08-01T02:37:38.114+0000] GC(1521) Pause Young (Normal) (G1 Evacuation Pause)
[2025-08-01T02:37:38.114+0000] GC(1521) Using 8 workers of 8 for evacuation
[2025-08-01T02:37:38.146+0000] GC(1521)   Pre Evacuate Collection Set: 0.1ms
[2025-08-01T02:37:38.146+0000] GC(1521)   Evacuate Collection Set: 31.1ms
[2025-08-01T02:37:38.146+0000] GC(1521)   Post Evacuate Collection Set: 0.5ms
[2025-08-01T02:37:38.146+0000] GC(1521)   Other: 0.3ms
[2025-08-01T02:37:38.146+0000] GC(1521) Eden regions: 89->0(89)
[2025-08-01T02:37:38.146+0000] GC(1521) Survivor regions: 13->13(13)
[2025-08-01T02:37:38.146+0000] GC(1521) Old regions: 1742->1818
[2025-08-01T02:37:38.146+0000] GC(1521) Humongous regions: 0->0
[2025-08-01T02:37:38.146+0000] GC(1521) Metaspace: 9706K(12544K)->9706K(12544K) NonClass: 8540K(11008K)->8540K(11008K) Class: 1166K(1536K)->1166K(1536K)
[2025-08-01T02:37:38.146+0000] GC(1521) Pause Young (Normal) (G1 Evacuation Pause) 3684M->3658M(4096M) 32.131ms
[2025-08-01T02:37:38.146+0000] GC(1521) User=0.24s Sys=0.00s Real=0.03s
[2025-08-01T02:37:38.168+0000] GC(1522) Pause Young (Normal) (G1 Evacuation Pause)
[2025-08-01T02:37:38.168+0000] GC(1522) Using 8 workers of 8 for evacuation
[2025-08-01T02:37:38.208+0000] GC(1522)   Pre Evacuate Collection Set: 0.1ms
[2025-08-01T02:37:38.208+0000] GC(1522)   Evacuate Collection Set: 38.3ms
[2025-08-01T02:37:38.208+0000] GC(1522)   Post Evacuate Collection Set: 0.7ms
[2025-08-01T02:37:38.208+0000] GC(1522)   Other: 0.3ms
[2025-08-01T02:37:38.208+0000] GC(1522) Eden regions: 89->0(89)
[2025-08-01T02:37:38.208+0000] GC(1522) Survivor regions: 13->13(13)
[2025-08-01T02:37:38.208+0000] GC(1522) Old regions: 1818->1908
[2025-08-01T02:37:38.208+0000] GC(1522) Humongous regions: 0->0
[2025-08-01T02:37:38.208+0000] GC(1522) Metaspace: 9706K(12544K)->9706K(12544K) NonClass: 8540K(11008K)->8540K(11008K) Class: 1166K(1536K)->1166K(1536K)
[2025-08-01T02:37:38.208+0000] GC(1522) Pause Young (Normal) (G1 Evacuation Pause) 3836M->3839M(4096M) 39.587ms
[2025-08-01T02:37:38.208+0000] GC(1522) User=0.30s Sys=0.00s Real=0.04s
[2025-08-01T02:37:38.230+0000] GC(1523) Pause Young (Normal) (G1 Evacuation Pause)
[2025-08-01T02:37:38.230+0000] GC(1523) Using 8 workers of 8 for evacuation
[2025-08-01T02:37:38.259+0000] GC(1523) To-space exhausted
[2025-08-01T02:37:38.259+0000] GC(1523)   Pre Evacuate Collection Set: 0.1ms
[2025-08-01T02:37:38.259+0000] GC(1523)   Evacuate Collection Set: 22.5ms
[2025-08-01T02:37:38.259+0000] GC(1523)   Post Evacuate Collection Set: 6.4ms
[2025-08-01T02:37:38.259+0000] GC(1523)   Other: 0.4ms
[2025-08-01T02:37:38.259+0000] GC(1523) Eden regions: 89->0(89)
[2025-08-01T02:37:38.259+0000] GC(1523) Survivor regions: 13->13(13)
[2025-08-01T02:37:38.259+0000] GC(1523) Old regions: 1908->2003
[2025-08-01T02:37:38.259+0000] GC(1523) Humongous regions: 0->0
[2025-08-01T02:37:38.259+0000] GC(1523) Metaspace: 9706K(12544K)->9706K(12544K) NonClass: 8540K(11008K)->8540K(11008K) Class: 1166K(1536K)->1166K(1536K)
[2025-08-01T02:37:38.259+0000] GC(1523) Pause Young (Normal) (G1 Evacuation Pause) 4017M->4029M(4096M) 29.480ms
[2025-08-01T02:37:38.259+0000] GC(1523) User=0.19s Sys=0.01s Real=0.03s
[2025-08-01T02:37:38.271+0000] GC(1524) Pause Young (Normal) (G1 Evacuation Pause)
[2025-08-01T02:37:38.271+0000] GC(1524) Using 8 workers of 8 for evacuation
[2025-08-01T02:37:38.286+0000] GC(1524) To-space exhausted
[2025-08-01T02:37:38.286+0000] GC(1524)   Pre Evacuate Collection Set: 0.1ms
[2025-08-01T02:37:38.286+0000] GC(1524)   Evacuate Collection Set: 9.2ms
[2025-08-01T02:37:38.286+0000] GC(1524)   Post Evacuate Collection Set: 5.2ms
[2025-08-01T02:37:38.286+0000] GC(1524)   Other: 0.4ms
[2025-08-01T02:37:38.286+0000] GC(1524) Eden regions: 32->0(102)
[2025-08-01T02:37:38.286+0000] GC(1524) Survivor regions: 13->0(13)
[2025-08-01T02:37:38.286+0000] GC(1524) Old regions: 2003->2048
[2025-08-01T02:37:38.286+0000] GC(1524) Humongous regions: 0->0
[2025-08-01T02:37:38.286+0000] GC(1524) Metaspace: 9706K(12544K)->9706K(12544K) NonClass: 8540K(11008K)->8540K(11008K) Class: 1166K(1536K)->1166K(1536K)
[2025-08-01T02:37:38.286+0000] GC(1524) Pause Young (Normal) (G1 Evacuation Pause) 4093M->4093M(4096M) 15.093ms
[2025-08-01T02:37:38.286+0000] GC(1524) User=0.09s Sys=0.00s Real=0.02s
[2025-08-01T02:37:38.286+0000] GC(1525) Using 8 workers of 8 for full compaction
[2025-08-01T02:37:38.286+0000] GC(1525) Pause Full (G1 Evacuation Pause)
[2025-08-01T02:37:38.291+0000] GC(1525) Phase 1: Mark live objects
[2025-08-01T02:37:38.315+0000] GC(1525) Cleaned string and symbol table, strings: 2833 processed, 0 removed, symbols: 23489 processed, 0 removed
[2025-08-01T02:37:38.315+0000] GC(1525) Phase 1: Mark live objects 23.692ms
[2025-08-01T02:37:38.315+0000] GC(1525) Phase 2: Prepare for compaction
[2025-08-01T02:37:38.341+0000] GC(1525) Phase 2: Prepare for compaction 26.322ms
[2025-08-01T02:37:38.341+0000] GC(1525) Phase 3: Adjust pointers
[2025-08-01T02:37:38.366+0000] GC(1525) Phase 3: Adjust pointers 24.495ms
[2025-08-01T02:37:38.366+0000] GC(1525) Phase 4: Compact heap
[2025-08-01T02:37:38.446+0000] GC(1525) Phase 4: Compact heap 80.253ms
[2025-08-01T02:37:38.449+0000] GC(1525) Eden regions: 0->0(477)
[2025-08-01T02:37:38.449+0000] GC(1525) Survivor regions: 0->0(13)
[2025-08-01T02:37:38.449+0000] GC(1525) Old regions: 2048->301
[2025-08-01T02:37:38.449+0000] GC(1525) Humongous regions: 0->0
[2025-08-01T02:37:38.449+0000] GC(1525) Metaspace: 9706K(12544K)->9706K(12544K) NonClass: 8540K(11008K)->8540K(11008K) Class: 1166K(1536K)->1166K(1536K)
[2025-08-01T02:37:38.449+0000] GC(1525) Pause Full (G1 Evacuation Pause) 4093M->593M(4096M) 162.576ms
[2025-08-01T02:37:38.449+0000] GC(1525) User=1.21s Sys=0.00s Real=0.16s
[2025-08-01T02:37:38.449+0000] GC(1516) Concurrent Mark From Roots 643.799ms
[2025-08-01T02:37:38.449+0000] GC(1516) Concurrent Mark Abort
[2025-08-01T02:37:38.449+0000] GC(1516) Concurrent Cycle 654.311ms
[2025-08-01T02:37:38.641+0000] GC(1526) Pause Young (Normal) (G1 Evacuation Pause)
[2025-08-01T02:37:38.641+0000] GC(1526) Using 8 workers of 8 for evacuation
[2025-08-01T02:37:38.838+0000] GC(1526)   Pre Evacuate Collection Set: 0.1ms
[2025-08-01T02:37:38.838+0000] GC(1526)   Evacuate Collection Set: 194.6ms
[2025-08-01T02:37:38.838+0000] GC(1526)   Post Evacuate Collection Set: 1.5ms
[2025-08-01T02:37:38.838+0000] GC(1526)   Other: 0.6ms
[2025-08-01T02:37:38.838+0000] GC(1526) Eden regions: 477->0(382)
[2025-08-01T02:37:38.838+0000] GC(1526) Survivor regions: 0->60(60)
[2025-08-01T02:37:38.838+0000] GC(1526) Old regions: 301->628
[2025-08-01T02:37:38.838+0000] GC(1526) Humongous regions: 0->0
[2025-08-01T02:37:38.838+0000] GC(1526) Metaspace: 9706K(12544K)->9706K(12544K) NonClass: 8540K(11008K)->8540K(11008K) Class: 1166K(1536K)->1166K(1536K)
[2025-08-01T02:37:38.838+0000] GC(1526) Pause Young (Normal) (G1 Evacuation Pause) 1547M->1366M(4096M) 196.986ms
[2025-08-01T02:37:38.838+0000] GC(1526) User=1.51s Sys=0.02s Real=0.20s
[2025-08-01T02:37:39.022+0000] GC(1527) Pause Young (Concurrent Start) (G1 Evacuation Pause)
[2025-08-01T02:37:39.022+0000] GC(1527) Using 8 workers of 8 for evacuation
[2025-08-01T02:37:39.215+0000] GC(1527)   Pre Evacuate Collection Set: 0.1ms
[2025-08-01T02:37:39.215+0000] GC(1527)   Evacuate Collection Set: 191.2ms
[2025-08-01T02:37:39.215+0000] GC(1527)   Post Evacuate Collection Set: 1.0ms
[2025-08-01T02:37:39.215+0000] GC(1527)   Other: 0.6ms
[2025-08-01T02:37:39.215+0000] GC(1527) Eden regions: 382->0(294)
[2025-08-01T02:37:39.215+0000] GC(1527) Survivor regions: 60->56(56)
[2025-08-01T02:37:39.215+0000] GC(1527) Old regions: 628->904
[2025-08-01T02:37:39.215+0000] GC(1527) Humongous regions: 0->0
[2025-08-01T02:37:39.215+0000] GC(1527) Metaspace: 9706K(12544K)->9706K(12544K) NonClass: 8540K(11008K)->8540K(11008K) Class: 1166K(1536K)->1166K(1536K)
[2025-08-01T02:37:39.215+0000] GC(1527) Pause Young (Concurrent Start) (G1 Evacuation Pause) 2130M->1911M(4096M) 193.096ms
[2025-08-01T02:37:39.215+0000] GC(1527) User=1.47s Sys=0.03s Real=0.20s
[2025-08-01T02:37:39.215+0000] GC(1528) Concurrent Cycle
[2025-08-01T02:37:39.215+0000] GC(1528) Concurrent Clear Claimed Marks
[2025-08-01T02:37:39.215+0000] GC(1528) Concurrent Clear Claimed Marks 0.064ms
[2025-08-01T02:37:39.215+0000] GC(1528) Concurrent Scan Root Regions
[2025-08-01T02:37:39.229+0000] GC(1528) Concurrent Scan Root Regions 13.882ms
[2025-08-01T02:37:39.229+0000] GC(1528) Concurrent Mark (198.225s)
[2025-08-01T02:37:39.229+0000] GC(1528) Concurrent Mark From Roots
[2025-08-01T02:37:39.229+0000] GC(1528) Using 2 workers of 2 for marking
[2025-08-01T02:37:39.374+0000] GC(1529) Pause Young (Normal) (G1 Evacuation Pause)
[2025-08-01T02:37:39.374+0000] GC(1529) Using 8 workers of 8 for evacuation
[2025-08-01T02:37:39.478+0000] GC(1529)   Pre Evacuate Collection Set: 0.1ms
[2025-08-01T02:37:39.478+0000] GC(1529)   Evacuate Collection Set: 102.1ms
[2025-08-01T02:37:39.478+0000] GC(1529)   Post Evacuate Collection Set: 1.0ms
[2025-08-01T02:37:39.478+0000] GC(1529)   Other: 0.3ms
[2025-08-01T02:37:39.478+0000] GC(1529) Eden regions: 294->0(189)
[2025-08-01T02:37:39.478+0000] GC(1529) Survivor regions: 56->44(44)
[2025-08-01T02:37:39.478+0000] GC(1529) Old regions: 904->1201
[2025-08-01T02:37:39.478+0000] GC(1529) Humongous regions: 0->0
[2025-08-01T02:37:39.478+0000] GC(1529) Metaspace: 9706K(12544K)->9706K(12544K) NonClass: 8540K(11008K)->8540K(11008K) Class: 1166K(1536K)->1166K(1536K)
[2025-08-01T02:37:39.478+0000] GC(1529) Pause Young (Normal) (G1 Evacuation Pause) 2499M->2480M(4096M) 103.649ms
[2025-08-01T02:37:39.478+0000] GC(1529) User=0.80s Sys=0.01s Real=0.10s
[2025-08-01T02:37:39.511+0000] GC(1528) Concurrent Mark From Roots 281.663ms
[2025-08-01T02:37:39.511+0000] GC(1528) Concurrent Preclean
[2025-08-01T02:37:39.511+0000] GC(1528) Concurrent Preclean 0.300ms
[2025-08-01T02:37:39.511+0000] GC(1528) Concurrent Mark (198.225s, 198.507s) 282.057ms
[2025-08-01T02:37:39.512+0000] GC(1528) Pause Remark
[2025-08-01T02:37:39.513+0000] GC(1528) Cleaned string and symbol table, strings: 2833 processed, 0 removed, symbols: 23489 processed, 0 removed
[2025-08-01T02:37:39.515+0000] GC(1528) Pause Remark 2695M->2177M(4096M) 2.785ms
[2025-08-01T02:37:39.515+0000] GC(1528) User=0.01s Sys=0.00s Real=0.01s
[2025-08-01T02:37:39.515+0000] GC(1528) Concurrent Rebuild Remembered Sets
[2025-08-01T02:37:39.566+0000] GC(1530) Pause Young (Normal) (G1 Evacuation Pause)
[2025-08-01T02:37:39.566+0000] GC(1530) Using 8 workers of 8 for evacuation
[2025-08-01T02:37:39.641+0000] GC(1530)   Pre Evacuate Collection Set: 0.1ms
[2025-08-01T02:37:39.641+0000] GC(1530)   Evacuate Collection Set: 73.0ms
[2025-08-01T02:37:39.641+0000] GC(1530)   Post Evacuate Collection Set: 0.8ms
[2025-08-01T02:37:39.641+0000] GC(1530)   Other: 0.3ms
[2025-08-01T02:37:39.641+0000] GC(1530) Eden regions: 189->0(230)
[2025-08-01T02:37:39.641+0000] GC(1530) Survivor regions: 44->30(30)
[2025-08-01T02:37:39.641+0000] GC(1530) Old regions: 939->1099
[2025-08-01T02:37:39.641+0000] GC(1530) Humongous regions: 0->0
[2025-08-01T02:37:39.641+0000] GC(1530) Metaspace: 9706K(12544K)->9706K(12544K) NonClass: 8540K(11008K)->8540K(11008K) Class: 1166K(1536K)->1166K(1536K)
[2025-08-01T02:37:39.641+0000] GC(1530) Pause Young (Normal) (G1 Evacuation Pause) 2340M->2254M(4096M) 74.438ms
[2025-08-01T02:37:39.641+0000] GC(1530) User=0.55s Sys=0.02s Real=0.07s
[2025-08-01T02:37:39.744+0000] GC(1531) Pause Young (Normal) (G1 Evacuation Pause)
[2025-08-01T02:37:39.744+0000] GC(1531) Using 8 workers of 8 for evacuation
[2025-08-01T02:37:39.831+0000] GC(1531)   Pre Evacuate Collection Set: 0.1ms
[2025-08-01T02:37:39.831+0000] GC(1531)   Evacuate Collection Set: 85.0ms
[2025-08-01T02:37:39.831+0000] GC(1531)   Post Evacuate Collection Set: 1.4ms
[2025-08-01T02:37:39.831+0000] GC(1531)   Other: 0.4ms
[2025-08-01T02:37:39.831+0000] GC(1531) Eden regions: 230->0(159)
[2025-08-01T02:37:39.831+0000] GC(1531) Survivor regions: 30->33(33)
[2025-08-01T02:37:39.831+0000] GC(1531) Old regions: 1099->1305
[2025-08-01T02:37:39.831+0000] GC(1531) Humongous regions: 0->0
[2025-08-01T02:37:39.831+0000] GC(1531) Metaspace: 9706K(12544K)->9706K(12544K) NonClass: 8540K(11008K)->8540K(11008K) Class: 1166K(1536K)->1166K(1536K)
[2025-08-01T02:37:39.831+0000] GC(1531) Pause Young (Normal) (G1 Evacuation Pause) 2714M->2672M(4096M) 87.115ms
[2025-08-01T02:37:39.831+0000] GC(1531) User=0.65s Sys=0.01s Real=0.08s
[2025-08-01T02:37:39.917+0000] GC(1532) Pause Young (Normal) (G1 Evacuation Pause)
[2025-08-01T02:37:39.917+0000] GC(1532) Using 8 workers of 8 for evacuation
[2025-08-01T02:37:39.971+0000] GC(1532)   Pre Evacuate Collection Set: 0.1ms
[2025-08-01T02:37:39.971+0000] GC(1532)   Evacuate Collection Set: 53.0ms
[2025-08-01T02:37:39.971+0000] GC(1532)   Post Evacuate Collection Set: 0.9ms
[2025-08-01T02:37:39.971+0000] GC(1532)   Other: 0.2ms
[2025-08-01T02:37:39.971+0000] GC(1532) Eden regions: 159->0(113)
[2025-08-01T02:37:39.971+0000] GC(1532) Survivor regions: 33->24(24)
[2025-08-01T02:37:39.971+0000] GC(1532) Old regions: 1305->1457
[2025-08-01T02:37:39.971+0000] GC(1532) Humongous regions: 0->0
[2025-08-01T02:37:39.971+0000] GC(1532) Metaspace: 9706K(12544K)->9706K(12544K) NonClass: 8540K(11008K)->8540K(11008K) Class: 1166K(1536K)->1166K(1536K)
[2025-08-01T02:37:39.971+0000] GC(1532) Pause Young (Normal) (G1 Evacuation Pause) 2990M->2959M(4096M) 54.379ms
[2025-08-01T02:37:39.971+0000] GC(1532) User=0.39s Sys=0.00s Real=0.05s
[2025-08-01T02:37:40.002+0000] GC(1528) Concurrent Rebuild Remembered Sets 486.568ms
[2025-08-01T02:37:40.002+0000] GC(1528) Pause Cleanup
[2025-08-01T02:37:40.004+0000] GC(1528) Pause Cleanup 3103M->3103M(4096M) 2.323ms
[2025-08-01T02:37:40.004+0000] GC(1528) User=0.00s Sys=0.01s Real=0.01s
[2025-08-01T02:37:40.004+0000] GC(1528) Concurrent Cleanup for Next Mark
[2025-08-01T02:37:40.011+0000] GC(1528) Concurrent Cleanup for Next Mark 7.015ms
[2025-08-01T02:37:40.012+0000] GC(1528) Concurrent Cycle 796.167ms
[2025-08-01T02:37:40.043+0000] GC(1533) Pause Young (Prepare Mixed) (G1 Evacuation Pause)
[2025-08-01T02:37:40.043+0000] GC(1533) Using 8 workers of 8 for evacuation
[2025-08-01T02:37:40.096+0000] GC(1533)   Pre Evacuate Collection Set: 0.1ms
[2025-08-01T02:37:40.096+0000] GC(1533)   Evacuate Collection Set: 51.7ms
[2025-08-01T02:37:40.096+0000] GC(1533)   Post Evacuate Collection Set: 0.7ms
[2025-08-01T02:37:40.096+0000] GC(1533)   Other: 0.3ms
[2025-08-01T02:37:40.096+0000] GC(1533) Eden regions: 113->0(84)
[2025-08-01T02:37:40.096+0000] GC(1533) Survivor regions: 24->18(18)
[2025-08-01T02:37:40.096+0000] GC(1533) Old regions: 1457->1550
[2025-08-01T02:37:40.096+0000] GC(1533) Humongous regions: 0->0
[2025-08-01T02:37:40.096+0000] GC(1533) Metaspace: 9706K(12544K)->9706K(12544K) NonClass: 8540K(11008K)->8540K(11008K) Class: 1166K(1536K)->1166K(1536K)
[2025-08-01T02:37:40.096+0000] GC(1533) Pause Young (Prepare Mixed) (G1 Evacuation Pause) 3185M->3133M(4096M) 53.042ms
[2025-08-01T02:37:40.096+0000] GC(1533) User=0.39s Sys=0.01s Real=0.05s
[2025-08-01T02:37:40.111+0000] GC(1534) Pause Young (Mixed) (G1 Evacuation Pause)
[2025-08-01T02:37:40.111+0000] GC(1534) Using 8 workers of 8 for evacuation
[2025-08-01T02:37:40.154+0000] GC(1534)   Pre Evacuate Collection Set: 0.2ms
[2025-08-01T02:37:40.154+0000] GC(1534)   Evacuate Collection Set: 41.3ms
[2025-08-01T02:37:40.154+0000] GC(1534)   Post Evacuate Collection Set: 0.9ms
[2025-08-01T02:37:40.154+0000] GC(1534)   Other: 0.5ms
[2025-08-01T02:37:40.154+0000] GC(1534) Eden regions: 84->0(107)
[2025-08-01T02:37:40.154+0000] GC(1534) Survivor regions: 18->13(13)
[2025-08-01T02:37:40.154+0000] GC(1534) Old regions: 1550->1490
[2025-08-01T02:37:40.154+0000] GC(1534) Humongous regions: 0->0
[2025-08-01T02:37:40.154+0000] GC(1534) Metaspace: 9706K(12544K)->9706K(12544K) NonClass: 8540K(11008K)->8540K(11008K) Class: 1166K(1536K)->1166K(1536K)
[2025-08-01T02:37:40.154+0000] GC(1534) Pause Young (Mixed) (G1 Evacuation Pause) 3301M->3003M(4096M) 43.138ms
[2025-08-01T02:37:40.154+0000] GC(1534) User=0.32s Sys=0.00s Real=0.05s
[2025-08-01T02:37:40.224+0000] GC(1535) Pause Young (Concurrent Start) (G1 Evacuation Pause)
[2025-08-01T02:37:40.224+0000] GC(1535) Using 8 workers of 8 for evacuation
[2025-08-01T02:37:40.279+0000] GC(1535)   Pre Evacuate Collection Set: 0.1ms
[2025-08-01T02:37:40.279+0000] GC(1535)   Evacuate Collection Set: 54.5ms
[2025-08-01T02:37:40.279+0000] GC(1535)   Post Evacuate Collection Set: 0.5ms
[2025-08-01T02:37:40.279+0000] GC(1535)   Other: 0.6ms
[2025-08-01T02:37:40.279+0000] GC(1535) Eden regions: 107->0(87)
[2025-08-01T02:37:40.279+0000] GC(1535) Survivor regions: 13->15(15)
[2025-08-01T02:37:40.279+0000] GC(1535) Old regions: 1490->1597
[2025-08-01T02:37:40.279+0000] GC(1535) Humongous regions: 0->0
[2025-08-01T02:37:40.279+0000] GC(1535) Metaspace: 9706K(12544K)->9706K(12544K) NonClass: 8540K(11008K)->8540K(11008K) Class: 1166K(1536K)->1166K(1536K)
[2025-08-01T02:37:40.279+0000] GC(1535) Pause Young (Concurrent Start) (G1 Evacuation Pause) 3217M->3221M(4096M) 55.862ms
[2025-08-01T02:37:40.279+0000] GC(1535) User=0.40s Sys=0.02s Real=0.05s
[2025-08-01T02:37:40.279+0000] GC(1536) Concurrent Cycle
[2025-08-01T02:37:40.280+0000] GC(1536) Concurrent Clear Claimed Marks
[2025-08-01T02:37:40.280+0000] GC(1536) Concurrent Clear Claimed Marks 0.043ms
[2025-08-01T02:37:40.280+0000] GC(1536) Concurrent Scan Root Regions
[2025-08-01T02:37:40.284+0000] GC(1536) Concurrent Scan Root Regions 4.234ms
[2025-08-01T02:37:40.284+0000] GC(1536) Concurrent Mark (199.279s)
[2025-08-01T02:37:40.284+0000] GC(1536) Concurrent Mark From Roots
[2025-08-01T02:37:40.284+0000] GC(1536) Using 2 workers of 2 for marking
[2025-08-01T02:37:40.301+0000] GC(1537) Pause Young (Normal) (G1 Evacuation Pause)
[2025-08-01T02:37:40.301+0000] GC(1537) Using 8 workers of 8 for evacuation
[2025-08-01T02:37:40.340+0000] GC(1537)   Pre Evacuate Collection Set: 0.1ms
[2025-08-01T02:37:40.340+0000] GC(1537)   Evacuate Collection Set: 37.8ms
[2025-08-01T02:37:40.340+0000] GC(1537)   Post Evacuate Collection Set: 0.6ms
[2025-08-01T02:37:40.340+0000] GC(1537)   Other: 0.2ms
[2025-08-01T02:37:40.340+0000] GC(1537) Eden regions: 87->0(89)
[2025-08-01T02:37:40.340+0000] GC(1537) Survivor regions: 15->13(13)
[2025-08-01T02:37:40.340+0000] GC(1537) Old regions: 1597->1688
[2025-08-01T02:37:40.340+0000] GC(1537) Humongous regions: 0->0
[2025-08-01T02:37:40.340+0000] GC(1537) Metaspace: 9706K(12544K)->9706K(12544K) NonClass: 8540K(11008K)->8540K(11008K) Class: 1166K(1536K)->1166K(1536K)
[2025-08-01T02:37:40.340+0000] GC(1537) Pause Young (Normal) (G1 Evacuation Pause) 3395M->3399M(4096M) 38.988ms
[2025-08-01T02:37:40.340+0000] GC(1537) User=0.29s Sys=0.01s Real=0.04s
[2025-08-01T02:37:40.411+0000] GC(1538) Pause Young (Normal) (G1 Evacuation Pause)
[2025-08-01T02:37:40.411+0000] GC(1538) Using 8 workers of 8 for evacuation
[2025-08-01T02:37:40.448+0000] GC(1538)   Pre Evacuate Collection Set: 0.1ms
[2025-08-01T02:37:40.448+0000] GC(1538)   Evacuate Collection Set: 35.9ms
[2025-08-01T02:37:40.448+0000] GC(1538)   Post Evacuate Collection Set: 0.7ms
[2025-08-01T02:37:40.448+0000] GC(1538)   Other: 0.3ms
[2025-08-01T02:37:40.448+0000] GC(1538) Eden regions: 89->0(89)
[2025-08-01T02:37:40.448+0000] GC(1538) Survivor regions: 13->13(13)
[2025-08-01T02:37:40.448+0000] GC(1538) Old regions: 1688->1768
[2025-08-01T02:37:40.448+0000] GC(1538) Humongous regions: 0->0
[2025-08-01T02:37:40.448+0000] GC(1538) Metaspace: 9706K(12544K)->9706K(12544K) NonClass: 8540K(11008K)->8540K(11008K) Class: 1166K(1536K)->1166K(1536K)
[2025-08-01T02:37:40.448+0000] GC(1538) Pause Young (Normal) (G1 Evacuation Pause) 3577M->3558M(4096M) 37.347ms
[2025-08-01T02:37:40.448+0000] GC(1538) User=0.26s Sys=0.01s Real=0.04s
[2025-08-01T02:37:40.468+0000] GC(1539) Pause Young (Normal) (G1 Evacuation Pause)
[2025-08-01T02:37:40.468+0000] GC(1539) Using 8 workers of 8 for evacuation
[2025-08-01T02:37:40.513+0000] GC(1539)   Pre Evacuate Collection Set: 0.1ms
[2025-08-01T02:37:40.513+0000] GC(1539)   Evacuate Collection Set: 44.5ms
[2025-08-01T02:37:40.513+0000] GC(1539)   Post Evacuate Collection Set: 0.5ms
[2025-08-01T02:37:40.513+0000] GC(1539)   Other: 0.3ms
[2025-08-01T02:37:40.513+0000] GC(1539) Eden regions: 89->0(89)
[2025-08-01T02:37:40.513+0000] GC(1539) Survivor regions: 13->13(13)
[2025-08-01T02:37:40.513+0000] GC(1539) Old regions: 1768->1859
[2025-08-01T02:37:40.513+0000] GC(1539) Humongous regions: 0->0
[2025-08-01T02:37:40.513+0000] GC(1539) Metaspace: 9706K(12544K)->9706K(12544K) NonClass: 8540K(11008K)->8540K(11008K) Class: 1166K(1536K)->1166K(1536K)
[2025-08-01T02:37:40.513+0000] GC(1539) Pause Young (Normal) (G1 Evacuation Pause) 3736M->3740M(4096M) 45.457ms
[2025-08-01T02:37:40.513+0000] GC(1539) User=0.33s Sys=0.02s Real=0.05s
[2025-08-01T02:37:40.586+0000] GC(1540) Pause Young (Normal) (G1 Evacuation Pause)
[2025-08-01T02:37:40.586+0000] GC(1540) Using 8 workers of 8 for evacuation
[2025-08-01T02:37:40.659+0000] GC(1540) To-space exhausted
[2025-08-01T02:37:40.659+0000] GC(1540)   Pre Evacuate Collection Set: 0.1ms
[2025-08-01T02:37:40.659+0000] GC(1540)   Evacuate Collection Set: 70.0ms
[2025-08-01T02:37:40.659+0000] GC(1540)   Post Evacuate Collection Set: 2.6ms
[2025-08-01T02:37:40.659+0000] GC(1540)   Other: 0.4ms
[2025-08-01T02:37:40.659+0000] GC(1540) Eden regions: 89->0(89)
[2025-08-01T02:37:40.659+0000] GC(1540) Survivor regions: 13->13(13)
[2025-08-01T02:37:40.659+0000] GC(1540) Old regions: 1859->1949
[2025-08-01T02:37:40.659+0000] GC(1540) Humongous regions: 0->0
[2025-08-01T02:37:40.659+0000] GC(1540) Metaspace: 9706K(12544K)->9706K(12544K) NonClass: 8540K(11008K)->8540K(11008K) Class: 1166K(1536K)->1166K(1536K)
[2025-08-01T02:37:40.659+0000] GC(1540) Pause Young (Normal) (G1 Evacuation Pause) 3918M->3921M(4096M) 73.152ms
[2025-08-01T02:37:40.659+0000] GC(1540) User=0.53s Sys=0.02s Real=0.07s
[2025-08-01T02:37:40.678+0000] GC(1541) Pause Young (Normal) (G1 Evacuation Pause)
[2025-08-01T02:37:40.678+0000] GC(1541) Using 8 workers of 8 for evacuation
[2025-08-01T02:37:40.722+0000] GC(1541) To-space exhausted
[2025-08-01T02:37:40.722+0000] GC(1541)   Pre Evacuate Collection Set: 0.1ms
[2025-08-01T02:37:40.722+0000] GC(1541)   Evacuate Collection Set: 28.2ms
[2025-08-01T02:37:40.722+0000] GC(1541)   Post Evacuate Collection Set: 15.8ms
[2025-08-01T02:37:40.722+0000] GC(1541)   Other: 0.4ms
[2025-08-01T02:37:40.722+0000] GC(1541) Eden regions: 86->0(102)
[2025-08-01T02:37:40.722+0000] GC(1541) Survivor regions: 13->0(13)
[2025-08-01T02:37:40.722+0000] GC(1541) Old regions: 1949->2048
[2025-08-01T02:37:40.722+0000] GC(1541) Humongous regions: 0->0
[2025-08-01T02:37:40.722+0000] GC(1541) Metaspace: 9706K(12544K)->9706K(12544K) NonClass: 8540K(11008K)->8540K(11008K) Class: 1166K(1536K)->1166K(1536K)
[2025-08-01T02:37:40.722+0000] GC(1541) Pause Young (Normal) (G1 Evacuation Pause) 4093M->4093M(4096M) 44.609ms
[2025-08-01T02:37:40.722+0000] GC(1541) User=0.31s Sys=0.01s Real=0.04s
[2025-08-01T02:37:40.722+0000] GC(1542) Using 8 workers of 8 for full compaction
[2025-08-01T02:37:40.722+0000] GC(1542) Pause Full (G1 Evacuation Pause)
[2025-08-01T02:37:40.728+0000] GC(1542) Phase 1: Mark live objects
[2025-08-01T02:37:40.778+0000] GC(1542) Cleaned string and symbol table, strings: 2833 processed, 0 removed, symbols: 23489 processed, 0 removed
[2025-08-01T02:37:40.778+0000] GC(1542) Phase 1: Mark live objects 49.512ms
[2025-08-01T02:37:40.778+0000] GC(1542) Phase 2: Prepare for compaction
[2025-08-01T02:37:40.827+0000] GC(1542) Phase 2: Prepare for compaction 49.212ms
[2025-08-01T02:37:40.827+0000] GC(1542) Phase 3: Adjust pointers
[2025-08-01T02:37:40.873+0000] GC(1542) Phase 3: Adjust pointers 46.493ms
[2025-08-01T02:37:40.874+0000] GC(1542) Phase 4: Compact heap
[2025-08-01T02:37:41.016+0000] GC(1542) Phase 4: Compact heap 142.324ms
[2025-08-01T02:37:41.018+0000] GC(1542) Eden regions: 0->0(458)
[2025-08-01T02:37:41.018+0000] GC(1542) Survivor regions: 0->0(13)
[2025-08-01T02:37:41.018+0000] GC(1542) Old regions: 2048->516
[2025-08-01T02:37:41.018+0000] GC(1542) Humongous regions: 0->0
[2025-08-01T02:37:41.018+0000] GC(1542) Metaspace: 9706K(12544K)->9706K(12544K) NonClass: 8540K(11008K)->8540K(11008K) Class: 1166K(1536K)->1166K(1536K)
[2025-08-01T02:37:41.018+0000] GC(1542) Pause Full (G1 Evacuation Pause) 4093M->1021M(4096M) 296.037ms
[2025-08-01T02:37:41.018+0000] GC(1542) User=2.13s Sys=0.04s Real=0.30s
[2025-08-01T02:37:41.019+0000] GC(1536) Concurrent Mark From Roots 735.263ms
[2025-08-01T02:37:41.019+0000] GC(1536) Concurrent Mark Abort
[2025-08-01T02:37:41.019+0000] GC(1536) Concurrent Cycle 739.755ms
[2025-08-01T02:37:41.251+0000] GC(1543) Pause Young (Normal) (G1 Evacuation Pause)
[2025-08-01T02:37:41.251+0000] GC(1543) Using 8 workers of 8 for evacuation
[2025-08-01T02:37:41.413+0000] GC(1543)   Pre Evacuate Collection Set: 0.1ms
[2025-08-01T02:37:41.413+0000] GC(1543)   Evacuate Collection Set: 160.4ms
[2025-08-01T02:37:41.413+0000] GC(1543)   Post Evacuate Collection Set: 0.8ms
[2025-08-01T02:37:41.413+0000] GC(1543)   Other: 0.4ms
[2025-08-01T02:37:41.413+0000] GC(1543) Eden regions: 458->0(307)
[2025-08-01T02:37:41.413+0000] GC(1543) Survivor regions: 0->58(58)
[2025-08-01T02:37:41.413+0000] GC(1543) Old regions: 516->851
[2025-08-01T02:37:41.413+0000] GC(1543) Humongous regions: 0->0
[2025-08-01T02:37:41.413+0000] GC(1543) Metaspace: 9706K(12544K)->9706K(12544K) NonClass: 8540K(11008K)->8540K(11008K) Class: 1166K(1536K)->1166K(1536K)
[2025-08-01T02:37:41.413+0000] GC(1543) Pause Young (Normal) (G1 Evacuation Pause) 1937M->1806M(4096M) 161.778ms
[2025-08-01T02:37:41.413+0000] GC(1543) User=1.17s Sys=0.05s Real=0.17s
[2025-08-01T02:37:41.522+0000] GC(1544) Pause Young (Concurrent Start) (G1 Evacuation Pause)
[2025-08-01T02:37:41.522+0000] GC(1544) Using 8 workers of 8 for evacuation
[2025-08-01T02:37:41.667+0000] GC(1544)   Pre Evacuate Collection Set: 0.4ms
[2025-08-01T02:37:41.667+0000] GC(1544)   Evacuate Collection Set: 143.4ms
[2025-08-01T02:37:41.667+0000] GC(1544)   Post Evacuate Collection Set: 0.9ms
[2025-08-01T02:37:41.667+0000] GC(1544)   Other: 0.4ms
[2025-08-01T02:37:41.667+0000] GC(1544) Eden regions: 307->0(213)
[2025-08-01T02:37:41.667+0000] GC(1544) Survivor regions: 58->46(46)
[2025-08-01T02:37:41.667+0000] GC(1544) Old regions: 851->1126
[2025-08-01T02:37:41.667+0000] GC(1544) Humongous regions: 0->0
[2025-08-01T02:37:41.667+0000] GC(1544) Metaspace: 9706K(12544K)->9706K(12544K) NonClass: 8540K(11008K)->8540K(11008K) Class: 1166K(1536K)->1166K(1536K)
[2025-08-01T02:37:41.667+0000] GC(1544) Pause Young (Concurrent Start) (G1 Evacuation Pause) 2420M->2332M(4096M) 145.202ms
[2025-08-01T02:37:41.667+0000] GC(1544) User=1.10s Sys=0.02s Real=0.15s
[2025-08-01T02:37:41.667+0000] GC(1545) Concurrent Cycle
[2025-08-01T02:37:41.668+0000] GC(1545) Concurrent Clear Claimed Marks
[2025-08-01T02:37:41.668+0000] GC(1545) Concurrent Clear Claimed Marks 0.092ms
[2025-08-01T02:37:41.668+0000] GC(1545) Concurrent Scan Root Regions
[2025-08-01T02:37:41.679+0000] GC(1545) Concurrent Scan Root Regions 10.551ms
[2025-08-01T02:37:41.679+0000] GC(1545) Concurrent Mark (200.674s)
[2025-08-01T02:37:41.679+0000] GC(1545) Concurrent Mark From Roots
[2025-08-01T02:37:41.679+0000] GC(1545) Using 2 workers of 2 for marking
[2025-08-01T02:37:41.752+0000] GC(1546) Pause Young (Normal) (G1 Evacuation Pause)
[2025-08-01T02:37:41.752+0000] GC(1546) Using 8 workers of 8 for evacuation
[2025-08-01T02:37:41.819+0000] GC(1546)   Pre Evacuate Collection Set: 0.1ms
[2025-08-01T02:37:41.819+0000] GC(1546)   Evacuate Collection Set: 65.2ms
[2025-08-01T02:37:41.819+0000] GC(1546)   Post Evacuate Collection Set: 0.9ms
[2025-08-01T02:37:41.819+0000] GC(1546)   Other: 0.3ms
[2025-08-01T02:37:41.819+0000] GC(1546) Eden regions: 213->0(171)
[2025-08-01T02:37:41.819+0000] GC(1546) Survivor regions: 46->33(33)
[2025-08-01T02:37:41.819+0000] GC(1546) Old regions: 1126->1278
[2025-08-01T02:37:41.819+0000] GC(1546) Humongous regions: 0->0
[2025-08-01T02:37:41.819+0000] GC(1546) Metaspace: 9706K(12544K)->9706K(12544K) NonClass: 8540K(11008K)->8540K(11008K) Class: 1166K(1536K)->1166K(1536K)
[2025-08-01T02:37:41.819+0000] GC(1546) Pause Young (Normal) (G1 Evacuation Pause) 2758M->2610M(4096M) 66.706ms
[2025-08-01T02:37:41.819+0000] GC(1546) User=0.50s Sys=0.02s Real=0.07s
[2025-08-01T02:37:41.893+0000] GC(1547) Pause Young (Normal) (G1 Evacuation Pause)
[2025-08-01T02:37:41.893+0000] GC(1547) Using 8 workers of 8 for evacuation
[2025-08-01T02:37:41.940+0000] GC(1547)   Pre Evacuate Collection Set: 0.1ms
[2025-08-01T02:37:41.940+0000] GC(1547)   Evacuate Collection Set: 45.7ms
[2025-08-01T02:37:41.940+0000] GC(1547)   Post Evacuate Collection Set: 0.8ms
[2025-08-01T02:37:41.940+0000] GC(1547)   Other: 0.4ms
[2025-08-01T02:37:41.940+0000] GC(1547) Eden regions: 171->0(135)
[2025-08-01T02:37:41.940+0000] GC(1547) Survivor regions: 33->26(26)
[2025-08-01T02:37:41.940+0000] GC(1547) Old regions: 1278->1403
[2025-08-01T02:37:41.940+0000] GC(1547) Humongous regions: 0->0
[2025-08-01T02:37:41.940+0000] GC(1547) Metaspace: 9706K(12544K)->9706K(12544K) NonClass: 8540K(11008K)->8540K(11008K) Class: 1166K(1536K)->1166K(1536K)
[2025-08-01T02:37:41.940+0000] GC(1547) Pause Young (Normal) (G1 Evacuation Pause) 2952M->2847M(4096M) 47.066ms
[2025-08-01T02:37:41.940+0000] GC(1547) User=0.36s Sys=0.00s Real=0.05s
[2025-08-01T02:37:41.966+0000] GC(1548) Pause Young (Normal) (G1 Evacuation Pause)
[2025-08-01T02:37:41.966+0000] GC(1548) Using 8 workers of 8 for evacuation
[2025-08-01T02:37:42.014+0000] GC(1548)   Pre Evacuate Collection Set: 0.1ms
[2025-08-01T02:37:42.014+0000] GC(1548)   Evacuate Collection Set: 46.9ms
[2025-08-01T02:37:42.014+0000] GC(1548)   Post Evacuate Collection Set: 0.6ms
[2025-08-01T02:37:42.014+0000] GC(1548)   Other: 0.4ms
[2025-08-01T02:37:42.014+0000] GC(1548) Eden regions: 135->0(87)
[2025-08-01T02:37:42.014+0000] GC(1548) Survivor regions: 26->21(21)
[2025-08-01T02:37:42.014+0000] GC(1548) Old regions: 1403->1545
[2025-08-01T02:37:42.014+0000] GC(1548) Humongous regions: 0->0
[2025-08-01T02:37:42.014+0000] GC(1548) Metaspace: 9706K(12544K)->9706K(12544K) NonClass: 8540K(11008K)->8540K(11008K) Class: 1166K(1536K)->1166K(1536K)
[2025-08-01T02:37:42.014+0000] GC(1548) Pause Young (Normal) (G1 Evacuation Pause) 3117M->3120M(4096M) 48.209ms
[2025-08-01T02:37:42.014+0000] GC(1548) User=0.36s Sys=0.01s Real=0.05s
[2025-08-01T02:37:42.063+0000] GC(1545) Concurrent Mark From Roots 384.371ms
[2025-08-01T02:37:42.063+0000] GC(1545) Concurrent Preclean
[2025-08-01T02:37:42.064+0000] GC(1545) Concurrent Preclean 0.611ms
[2025-08-01T02:37:42.064+0000] GC(1545) Concurrent Mark (200.674s, 201.060s) 385.111ms
[2025-08-01T02:37:42.064+0000] GC(1545) Pause Remark
[2025-08-01T02:37:42.066+0000] GC(1545) Cleaned string and symbol table, strings: 2833 processed, 0 removed, symbols: 23489 processed, 0 removed
[2025-08-01T02:37:42.068+0000] GC(1545) Pause Remark 3189M->2401M(4096M) 3.266ms
[2025-08-01T02:37:42.068+0000] GC(1545) User=0.01s Sys=0.00s Real=0.00s
[2025-08-01T02:37:42.068+0000] GC(1545) Concurrent Rebuild Remembered Sets
[2025-08-01T02:37:42.080+0000] GC(1549) Pause Young (Normal) (G1 Evacuation Pause)
[2025-08-01T02:37:42.080+0000] GC(1549) Using 8 workers of 8 for evacuation
[2025-08-01T02:37:42.113+0000] GC(1549)   Pre Evacuate Collection Set: 0.1ms
[2025-08-01T02:37:42.113+0000] GC(1549)   Evacuate Collection Set: 32.7ms
[2025-08-01T02:37:42.113+0000] GC(1549)   Post Evacuate Collection Set: 0.6ms
[2025-08-01T02:37:42.113+0000] GC(1549)   Other: 0.3ms
[2025-08-01T02:37:42.114+0000] GC(1549) Eden regions: 87->0(190)
[2025-08-01T02:37:42.114+0000] GC(1549) Survivor regions: 21->14(14)
[2025-08-01T02:37:42.114+0000] GC(1549) Old regions: 1147->1242
[2025-08-01T02:37:42.114+0000] GC(1549) Humongous regions: 0->0
[2025-08-01T02:37:42.114+0000] GC(1549) Metaspace: 9706K(12544K)->9706K(12544K) NonClass: 8540K(11008K)->8540K(11008K) Class: 1166K(1536K)->1166K(1536K)
[2025-08-01T02:37:42.114+0000] GC(1549) Pause Young (Normal) (G1 Evacuation Pause) 2506M->2509M(4096M) 33.869ms
[2025-08-01T02:37:42.114+0000] GC(1549) User=0.25s Sys=0.00s Real=0.04s
[2025-08-01T02:37:42.200+0000] GC(1550) Pause Young (Normal) (G1 Evacuation Pause)
[2025-08-01T02:37:42.200+0000] GC(1550) Using 8 workers of 8 for evacuation
[2025-08-01T02:37:42.274+0000] GC(1550)   Pre Evacuate Collection Set: 0.1ms
[2025-08-01T02:37:42.274+0000] GC(1550)   Evacuate Collection Set: 72.7ms
[2025-08-01T02:37:42.274+0000] GC(1550)   Post Evacuate Collection Set: 0.8ms
[2025-08-01T02:37:42.274+0000] GC(1550)   Other: 0.3ms
[2025-08-01T02:37:42.274+0000] GC(1550) Eden regions: 190->0(136)
[2025-08-01T02:37:42.274+0000] GC(1550) Survivor regions: 14->26(26)
[2025-08-01T02:37:42.274+0000] GC(1550) Old regions: 1242->1391
[2025-08-01T02:37:42.274+0000] GC(1550) Humongous regions: 0->0
[2025-08-01T02:37:42.274+0000] GC(1550) Metaspace: 9706K(12544K)->9706K(12544K) NonClass: 8540K(11008K)->8540K(11008K) Class: 1166K(1536K)->1166K(1536K)
[2025-08-01T02:37:42.274+0000] GC(1550) Pause Young (Normal) (G1 Evacuation Pause) 2889M->2831M(4096M) 74.079ms
[2025-08-01T02:37:42.274+0000] GC(1550) User=0.55s Sys=0.01s Real=0.08s
[2025-08-01T02:37:42.356+0000] GC(1551) Pause Young (Normal) (G1 Evacuation Pause)
[2025-08-01T02:37:42.356+0000] GC(1551) Using 8 workers of 8 for evacuation
[2025-08-01T02:37:42.402+0000] GC(1551)   Pre Evacuate Collection Set: 0.1ms
[2025-08-01T02:37:42.403+0000] GC(1551)   Evacuate Collection Set: 44.5ms
[2025-08-01T02:37:42.403+0000] GC(1551)   Post Evacuate Collection Set: 1.2ms
[2025-08-01T02:37:42.403+0000] GC(1551)   Other: 0.3ms
[2025-08-01T02:37:42.403+0000] GC(1551) Eden regions: 136->0(106)
[2025-08-01T02:37:42.403+0000] GC(1551) Survivor regions: 26->21(21)
[2025-08-01T02:37:42.403+0000] GC(1551) Old regions: 1391->1493
[2025-08-01T02:37:42.403+0000] GC(1551) Humongous regions: 0->0
[2025-08-01T02:37:42.403+0000] GC(1551) Metaspace: 9706K(12544K)->9706K(12544K) NonClass: 8540K(11008K)->8540K(11008K) Class: 1166K(1536K)->1166K(1536K)
[2025-08-01T02:37:42.403+0000] GC(1551) Pause Young (Normal) (G1 Evacuation Pause) 3103M->3024M(4096M) 46.352ms
[2025-08-01T02:37:42.403+0000] GC(1551) User=0.34s Sys=0.00s Real=0.04s
[2025-08-01T02:37:42.430+0000] GC(1552) Pause Young (Normal) (G1 Evacuation Pause)
[2025-08-01T02:37:42.430+0000] GC(1552) Using 8 workers of 8 for evacuation
[2025-08-01T02:37:42.468+0000] GC(1552)   Pre Evacuate Collection Set: 0.1ms
[2025-08-01T02:37:42.468+0000] GC(1552)   Evacuate Collection Set: 36.9ms
[2025-08-01T02:37:42.468+0000] GC(1552)   Post Evacuate Collection Set: 0.8ms
[2025-08-01T02:37:42.468+0000] GC(1552)   Other: 0.2ms
[2025-08-01T02:37:42.468+0000] GC(1552) Eden regions: 106->0(86)
[2025-08-01T02:37:42.468+0000] GC(1552) Survivor regions: 21->16(16)
[2025-08-01T02:37:42.468+0000] GC(1552) Old regions: 1493->1605
[2025-08-01T02:37:42.468+0000] GC(1552) Humongous regions: 0->0
[2025-08-01T02:37:42.468+0000] GC(1552) Metaspace: 9706K(12544K)->9706K(12544K) NonClass: 8540K(11008K)->8540K(11008K) Class: 1166K(1536K)->1166K(1536K)
[2025-08-01T02:37:42.469+0000] GC(1552) Pause Young (Normal) (G1 Evacuation Pause) 3236M->3239M(4096M) 38.193ms
[2025-08-01T02:37:42.469+0000] GC(1552) User=0.29s Sys=0.00s Real=0.04s
[2025-08-01T02:37:42.535+0000] GC(1553) Pause Young (Normal) (G1 Evacuation Pause)
[2025-08-01T02:37:42.536+0000] GC(1553) Using 8 workers of 8 for evacuation
[2025-08-01T02:37:42.562+0000] GC(1553)   Pre Evacuate Collection Set: 0.1ms
[2025-08-01T02:37:42.562+0000] GC(1553)   Evacuate Collection Set: 25.7ms
[2025-08-01T02:37:42.562+0000] GC(1553)   Post Evacuate Collection Set: 0.7ms
[2025-08-01T02:37:42.562+0000] GC(1553)   Other: 0.3ms
[2025-08-01T02:37:42.562+0000] GC(1553) Eden regions: 86->0(89)
[2025-08-01T02:37:42.562+0000] GC(1553) Survivor regions: 16->13(13)
[2025-08-01T02:37:42.562+0000] GC(1553) Old regions: 1605->1681
[2025-08-01T02:37:42.562+0000] GC(1553) Humongous regions: 0->0
[2025-08-01T02:37:42.562+0000] GC(1553) Metaspace: 9706K(12544K)->9706K(12544K) NonClass: 8540K(11008K)->8540K(11008K) Class: 1166K(1536K)->1166K(1536K)
[2025-08-01T02:37:42.562+0000] GC(1553) Pause Young (Normal) (G1 Evacuation Pause) 3411M->3385M(4096M) 26.952ms
[2025-08-01T02:37:42.562+0000] GC(1553) User=0.20s Sys=0.00s Real=0.02s
[2025-08-01T02:37:42.581+0000] GC(1554) Pause Young (Normal) (G1 Evacuation Pause)
[2025-08-01T02:37:42.581+0000] GC(1554) Using 8 workers of 8 for evacuation
[2025-08-01T02:37:42.618+0000] GC(1554)   Pre Evacuate Collection Set: 0.2ms
[2025-08-01T02:37:42.618+0000] GC(1554)   Evacuate Collection Set: 36.6ms
[2025-08-01T02:37:42.618+0000] GC(1554)   Post Evacuate Collection Set: 0.6ms
[2025-08-01T02:37:42.618+0000] GC(1554)   Other: 0.3ms
[2025-08-01T02:37:42.618+0000] GC(1554) Eden regions: 89->0(89)
[2025-08-01T02:37:42.618+0000] GC(1554) Survivor regions: 13->13(13)
[2025-08-01T02:37:42.618+0000] GC(1554) Old regions: 1681->1772
[2025-08-01T02:37:42.618+0000] GC(1554) Humongous regions: 0->0
[2025-08-01T02:37:42.618+0000] GC(1554) Metaspace: 9706K(12544K)->9706K(12544K) NonClass: 8540K(11008K)->8540K(11008K) Class: 1166K(1536K)->1166K(1536K)
[2025-08-01T02:37:42.618+0000] GC(1554) Pause Young (Normal) (G1 Evacuation Pause) 3563M->3567M(4096M) 37.804ms
[2025-08-01T02:37:42.618+0000] GC(1554) User=0.28s Sys=0.00s Real=0.04s
[2025-08-01T02:37:42.679+0000] GC(1545) Concurrent Rebuild Remembered Sets 611.405ms
[2025-08-01T02:37:42.680+0000] GC(1545) Pause Cleanup
[2025-08-01T02:37:42.681+0000] GC(1545) Pause Cleanup 3695M->3695M(4096M) 1.383ms
[2025-08-01T02:37:42.681+0000] GC(1545) User=0.00s Sys=0.00s Real=0.00s
[2025-08-01T02:37:42.681+0000] GC(1545) Concurrent Cleanup for Next Mark
[2025-08-01T02:37:42.690+0000] GC(1555) Pause Young (Prepare Mixed) (G1 Evacuation Pause)
[2025-08-01T02:37:42.690+0000] GC(1555) Using 8 workers of 8 for evacuation
[2025-08-01T02:37:42.733+0000] GC(1555)   Pre Evacuate Collection Set: 0.1ms
[2025-08-01T02:37:42.733+0000] GC(1555)   Evacuate Collection Set: 41.7ms
[2025-08-01T02:37:42.733+0000] GC(1555)   Post Evacuate Collection Set: 0.6ms
[2025-08-01T02:37:42.733+0000] GC(1555)   Other: 0.3ms
[2025-08-01T02:37:42.733+0000] GC(1555) Eden regions: 89->0(89)
[2025-08-01T02:37:42.733+0000] GC(1555) Survivor regions: 13->13(13)
[2025-08-01T02:37:42.733+0000] GC(1555) Old regions: 1772->1847
[2025-08-01T02:37:42.733+0000] GC(1555) Humongous regions: 0->0
[2025-08-01T02:37:42.733+0000] GC(1555) Metaspace: 9706K(12544K)->9706K(12544K) NonClass: 8540K(11008K)->8540K(11008K) Class: 1166K(1536K)->1166K(1536K)
[2025-08-01T02:37:42.733+0000] GC(1555) Pause Young (Prepare Mixed) (G1 Evacuation Pause) 3745M->3717M(4096M) 42.944ms
[2025-08-01T02:37:42.733+0000] GC(1555) User=0.31s Sys=0.02s Real=0.04s
[2025-08-01T02:37:42.738+0000] GC(1545) Concurrent Cleanup for Next Mark 56.347ms
[2025-08-01T02:37:42.738+0000] GC(1545) Concurrent Cycle 1070.958ms
[2025-08-01T02:37:42.752+0000] GC(1556) Pause Young (Mixed) (G1 Evacuation Pause)
[2025-08-01T02:37:42.752+0000] GC(1556) Using 8 workers of 8 for evacuation
[2025-08-01T02:37:42.787+0000] GC(1556) To-space exhausted
[2025-08-01T02:37:42.787+0000] GC(1556)   Pre Evacuate Collection Set: 0.1ms
[2025-08-01T02:37:42.787+0000] GC(1556)   Evacuate Collection Set: 32.8ms
[2025-08-01T02:37:42.787+0000] GC(1556)   Post Evacuate Collection Set: 1.8ms
[2025-08-01T02:37:42.788+0000] GC(1556)   Other: 0.4ms
[2025-08-01T02:37:42.788+0000] GC(1556) Eden regions: 89->0(89)
[2025-08-01T02:37:42.788+0000] GC(1556) Survivor regions: 13->13(13)
[2025-08-01T02:37:42.788+0000] GC(1556) Old regions: 1847->1871
[2025-08-01T02:37:42.788+0000] GC(1556) Humongous regions: 0->0
[2025-08-01T02:37:42.788+0000] GC(1556) Metaspace: 9706K(12544K)->9706K(12544K) NonClass: 8540K(11008K)->8540K(11008K) Class: 1166K(1536K)->1166K(1536K)
[2025-08-01T02:37:42.788+0000] GC(1556) Pause Young (Mixed) (G1 Evacuation Pause) 3895M->3765M(4096M) 35.288ms
[2025-08-01T02:37:42.788+0000] GC(1556) User=0.24s Sys=0.00s Real=0.04s
[2025-08-01T02:37:42.849+0000] GC(1557) Pause Young (Concurrent Start) (G1 Evacuation Pause)
[2025-08-01T02:37:42.849+0000] GC(1557) Using 8 workers of 8 for evacuation
[2025-08-01T02:37:42.923+0000] GC(1557) To-space exhausted
[2025-08-01T02:37:42.923+0000] GC(1557)   Pre Evacuate Collection Set: 0.1ms
[2025-08-01T02:37:42.923+0000] GC(1557)   Evacuate Collection Set: 64.1ms
[2025-08-01T02:37:42.923+0000] GC(1557)   Post Evacuate Collection Set: 8.9ms
[2025-08-01T02:37:42.923+0000] GC(1557)   Other: 0.6ms
[2025-08-01T02:37:42.923+0000] GC(1557) Eden regions: 89->0(89)
[2025-08-01T02:37:42.923+0000] GC(1557) Survivor regions: 13->13(13)
[2025-08-01T02:37:42.923+0000] GC(1557) Old regions: 1871->1983
[2025-08-01T02:37:42.923+0000] GC(1557) Humongous regions: 0->0
[2025-08-01T02:37:42.923+0000] GC(1557) Metaspace: 9706K(12544K)->9706K(12544K) NonClass: 8540K(11008K)->8540K(11008K) Class: 1166K(1536K)->1166K(1536K)
[2025-08-01T02:37:42.923+0000] GC(1557) Pause Young (Concurrent Start) (G1 Evacuation Pause) 3943M->3989M(4096M) 74.037ms
[2025-08-01T02:37:42.923+0000] GC(1557) User=0.46s Sys=0.02s Real=0.08s
[2025-08-01T02:37:42.924+0000] GC(1558) Concurrent Cycle
[2025-08-01T02:37:42.924+0000] GC(1558) Concurrent Clear Claimed Marks
[2025-08-01T02:37:42.924+0000] GC(1558) Concurrent Clear Claimed Marks 0.107ms
[2025-08-01T02:37:42.924+0000] GC(1558) Concurrent Scan Root Regions
[2025-08-01T02:37:42.929+0000] GC(1558) Concurrent Scan Root Regions 5.540ms
[2025-08-01T02:37:42.929+0000] GC(1558) Concurrent Mark (201.925s)
[2025-08-01T02:37:42.929+0000] GC(1558) Concurrent Mark From Roots
[2025-08-01T02:37:42.929+0000] GC(1558) Using 2 workers of 2 for marking
[2025-08-01T02:37:42.939+0000] GC(1559) Pause Young (Normal) (G1 Evacuation Pause)
[2025-08-01T02:37:42.939+0000] GC(1559) Using 8 workers of 8 for evacuation
[2025-08-01T02:37:42.975+0000] GC(1559) To-space exhausted
[2025-08-01T02:37:42.975+0000] GC(1559)   Pre Evacuate Collection Set: 0.2ms
[2025-08-01T02:37:42.975+0000] GC(1559)   Evacuate Collection Set: 21.4ms
[2025-08-01T02:37:42.975+0000] GC(1559)   Post Evacuate Collection Set: 15.0ms
[2025-08-01T02:37:42.976+0000] GC(1559)   Other: 0.3ms
[2025-08-01T02:37:42.976+0000] GC(1559) Eden regions: 52->0(102)
[2025-08-01T02:37:42.976+0000] GC(1559) Survivor regions: 13->0(13)
[2025-08-01T02:37:42.976+0000] GC(1559) Old regions: 1983->2048
[2025-08-01T02:37:42.976+0000] GC(1559) Humongous regions: 0->0
[2025-08-01T02:37:42.976+0000] GC(1559) Metaspace: 9706K(12544K)->9706K(12544K) NonClass: 8540K(11008K)->8540K(11008K) Class: 1166K(1536K)->1166K(1536K)
[2025-08-01T02:37:42.976+0000] GC(1559) Pause Young (Normal) (G1 Evacuation Pause) 4093M->4093M(4096M) 36.968ms
[2025-08-01T02:37:42.976+0000] GC(1559) User=0.24s Sys=0.01s Real=0.04s
[2025-08-01T02:37:42.976+0000] GC(1560) Using 8 workers of 8 for full compaction
[2025-08-01T02:37:42.976+0000] GC(1560) Pause Full (G1 Evacuation Pause)
[2025-08-01T02:37:42.983+0000] GC(1560) Phase 1: Mark live objects
[2025-08-01T02:37:43.023+0000] GC(1560) Cleaned string and symbol table, strings: 2833 processed, 0 removed, symbols: 23489 processed, 0 removed
[2025-08-01T02:37:43.023+0000] GC(1560) Phase 1: Mark live objects 40.617ms
[2025-08-01T02:37:43.023+0000] GC(1560) Phase 2: Prepare for compaction
[2025-08-01T02:37:43.070+0000] GC(1560) Phase 2: Prepare for compaction 47.189ms
[2025-08-01T02:37:43.070+0000] GC(1560) Phase 3: Adjust pointers
[2025-08-01T02:37:43.118+0000] GC(1560) Phase 3: Adjust pointers 47.738ms
[2025-08-01T02:37:43.118+0000] GC(1560) Phase 4: Compact heap
[2025-08-01T02:37:43.275+0000] GC(1560) Phase 4: Compact heap 156.465ms
[2025-08-01T02:37:43.277+0000] GC(1560) Eden regions: 0->0(421)
[2025-08-01T02:37:43.278+0000] GC(1560) Survivor regions: 0->0(13)
[2025-08-01T02:37:43.278+0000] GC(1560) Old regions: 2048->552
[2025-08-01T02:37:43.278+0000] GC(1560) Humongous regions: 0->0
[2025-08-01T02:37:43.278+0000] GC(1560) Metaspace: 9706K(12544K)->9706K(12544K) NonClass: 8540K(11008K)->8540K(11008K) Class: 1166K(1536K)->1166K(1536K)
[2025-08-01T02:37:43.278+0000] GC(1560) Pause Full (G1 Evacuation Pause) 4093M->1091M(4096M) 301.882ms
[2025-08-01T02:37:43.278+0000] GC(1560) User=2.26s Sys=0.00s Real=0.30s
[2025-08-01T02:37:43.278+0000] GC(1558) Concurrent Mark From Roots 348.599ms
[2025-08-01T02:37:43.278+0000] GC(1558) Concurrent Mark Abort
[2025-08-01T02:37:43.278+0000] GC(1558) Concurrent Cycle 354.457ms
[2025-08-01T02:37:43.470+0000] GC(1561) Pause Young (Normal) (G1 Evacuation Pause)
[2025-08-01T02:37:43.470+0000] GC(1561) Using 8 workers of 8 for evacuation
[2025-08-01T02:37:43.652+0000] GC(1561)   Pre Evacuate Collection Set: 0.1ms
[2025-08-01T02:37:43.652+0000] GC(1561)   Evacuate Collection Set: 180.7ms
[2025-08-01T02:37:43.652+0000] GC(1561)   Post Evacuate Collection Set: 1.0ms
[2025-08-01T02:37:43.652+0000] GC(1561)   Other: 0.4ms
[2025-08-01T02:37:43.652+0000] GC(1561) Eden regions: 421->0(311)
[2025-08-01T02:37:43.652+0000] GC(1561) Survivor regions: 0->53(53)
[2025-08-01T02:37:43.652+0000] GC(1561) Old regions: 552->835
[2025-08-01T02:37:43.652+0000] GC(1561) Humongous regions: 0->0
[2025-08-01T02:37:43.652+0000] GC(1561) Metaspace: 9706K(12544K)->9706K(12544K) NonClass: 8540K(11008K)->8540K(11008K) Class: 1166K(1536K)->1166K(1536K)
[2025-08-01T02:37:43.653+0000] GC(1561) Pause Young (Normal) (G1 Evacuation Pause) 1933M->1762M(4096M) 182.308ms
[2025-08-01T02:37:43.653+0000] GC(1561) User=1.33s Sys=0.07s Real=0.18s
[2025-08-01T02:37:43.812+0000] GC(1562) Pause Young (Concurrent Start) (G1 Evacuation Pause)
[2025-08-01T02:37:43.812+0000] GC(1562) Using 8 workers of 8 for evacuation
[2025-08-01T02:37:43.947+0000] GC(1562)   Pre Evacuate Collection Set: 0.1ms
[2025-08-01T02:37:43.947+0000] GC(1562)   Evacuate Collection Set: 134.0ms
[2025-08-01T02:37:43.947+0000] GC(1562)   Post Evacuate Collection Set: 0.6ms
[2025-08-01T02:37:43.947+0000] GC(1562)   Other: 0.5ms
[2025-08-01T02:37:43.947+0000] GC(1562) Eden regions: 311->0(247)
[2025-08-01T02:37:43.947+0000] GC(1562) Survivor regions: 53->46(46)
[2025-08-01T02:37:43.947+0000] GC(1562) Old regions: 835->1039
[2025-08-01T02:37:43.947+0000] GC(1562) Humongous regions: 0->0
[2025-08-01T02:37:43.947+0000] GC(1562) Metaspace: 9706K(12544K)->9706K(12544K) NonClass: 8540K(11008K)->8540K(11008K) Class: 1166K(1536K)->1166K(1536K)
[2025-08-01T02:37:43.947+0000] GC(1562) Pause Young (Concurrent Start) (G1 Evacuation Pause) 2384M->2157M(4096M) 135.402ms
[2025-08-01T02:37:43.947+0000] GC(1562) User=1.04s Sys=0.02s Real=0.14s
[2025-08-01T02:37:43.947+0000] GC(1563) Concurrent Cycle
[2025-08-01T02:37:43.947+0000] GC(1563) Concurrent Clear Claimed Marks
[2025-08-01T02:37:43.947+0000] GC(1563) Concurrent Clear Claimed Marks 0.043ms
[2025-08-01T02:37:43.947+0000] GC(1563) Concurrent Scan Root Regions
[2025-08-01T02:37:43.962+0000] GC(1563) Concurrent Scan Root Regions 14.877ms
[2025-08-01T02:37:43.962+0000] GC(1563) Concurrent Mark (202.958s)
[2025-08-01T02:37:43.962+0000] GC(1563) Concurrent Mark From Roots
[2025-08-01T02:37:43.962+0000] GC(1563) Using 2 workers of 2 for marking
[2025-08-01T02:37:44.053+0000] GC(1564) Pause Young (Normal) (G1 Evacuation Pause)
[2025-08-01T02:37:44.054+0000] GC(1564) Using 8 workers of 8 for evacuation
[2025-08-01T02:37:44.153+0000] GC(1564)   Pre Evacuate Collection Set: 0.1ms
[2025-08-01T02:37:44.153+0000] GC(1564)   Evacuate Collection Set: 98.5ms
[2025-08-01T02:37:44.153+0000] GC(1564)   Post Evacuate Collection Set: 0.7ms
[2025-08-01T02:37:44.153+0000] GC(1564)   Other: 0.4ms
[2025-08-01T02:37:44.153+0000] GC(1564) Eden regions: 247->0(161)
[2025-08-01T02:37:44.153+0000] GC(1564) Survivor regions: 46->37(37)
[2025-08-01T02:37:44.153+0000] GC(1564) Old regions: 1039->1296
[2025-08-01T02:37:44.153+0000] GC(1564) Humongous regions: 0->0
[2025-08-01T02:37:44.153+0000] GC(1564) Metaspace: 9706K(12544K)->9706K(12544K) NonClass: 8540K(11008K)->8540K(11008K) Class: 1166K(1536K)->1166K(1536K)
[2025-08-01T02:37:44.153+0000] GC(1564) Pause Young (Normal) (G1 Evacuation Pause) 2651M->2652M(4096M) 99.929ms
[2025-08-01T02:37:44.153+0000] GC(1564) User=0.76s Sys=0.01s Real=0.10s
[2025-08-01T02:37:44.224+0000] GC(1563) Concurrent Mark From Roots 261.571ms
[2025-08-01T02:37:44.224+0000] GC(1563) Concurrent Preclean
[2025-08-01T02:37:44.224+0000] GC(1563) Concurrent Preclean 0.507ms
[2025-08-01T02:37:44.224+0000] GC(1563) Concurrent Mark (202.958s, 203.220s) 262.233ms
[2025-08-01T02:37:44.225+0000] GC(1563) Pause Remark
[2025-08-01T02:37:44.230+0000] GC(1563) Cleaned string and symbol table, strings: 2833 processed, 0 removed, symbols: 23489 processed, 0 removed
[2025-08-01T02:37:44.232+0000] GC(1563) Pause Remark 2902M->1826M(4096M) 7.330ms
[2025-08-01T02:37:44.232+0000] GC(1563) User=0.03s Sys=0.01s Real=0.00s
[2025-08-01T02:37:44.232+0000] GC(1563) Concurrent Rebuild Remembered Sets
[2025-08-01T02:37:44.243+0000] GC(1565) Pause Young (Normal) (G1 Evacuation Pause)
[2025-08-01T02:37:44.243+0000] GC(1565) Using 8 workers of 8 for evacuation
[2025-08-01T02:37:44.297+0000] GC(1565)   Pre Evacuate Collection Set: 0.1ms
[2025-08-01T02:37:44.298+0000] GC(1565)   Evacuate Collection Set: 53.1ms
[2025-08-01T02:37:44.298+0000] GC(1565)   Post Evacuate Collection Set: 1.0ms
[2025-08-01T02:37:44.298+0000] GC(1565)   Other: 0.5ms
[2025-08-01T02:37:44.298+0000] GC(1565) Eden regions: 161->0(321)
[2025-08-01T02:37:44.298+0000] GC(1565) Survivor regions: 37->25(25)
[2025-08-01T02:37:44.298+0000] GC(1565) Old regions: 753->849
[2025-08-01T02:37:44.298+0000] GC(1565) Humongous regions: 0->0
[2025-08-01T02:37:44.298+0000] GC(1565) Metaspace: 9706K(12544K)->9706K(12544K) NonClass: 8540K(11008K)->8540K(11008K) Class: 1166K(1536K)->1166K(1536K)
[2025-08-01T02:37:44.298+0000] GC(1565) Pause Young (Normal) (G1 Evacuation Pause) 1898M->1745M(4096M) 54.717ms
[2025-08-01T02:37:44.298+0000] GC(1565) User=0.40s Sys=0.01s Real=0.05s
[2025-08-01T02:37:44.459+0000] GC(1566) Pause Young (Normal) (G1 Evacuation Pause)
[2025-08-01T02:37:44.459+0000] GC(1566) Using 8 workers of 8 for evacuation
[2025-08-01T02:37:44.578+0000] GC(1566)   Pre Evacuate Collection Set: 0.1ms
[2025-08-01T02:37:44.578+0000] GC(1566)   Evacuate Collection Set: 117.3ms
[2025-08-01T02:37:44.578+0000] GC(1566)   Post Evacuate Collection Set: 0.7ms
[2025-08-01T02:37:44.578+0000] GC(1566)   Other: 0.3ms
[2025-08-01T02:37:44.578+0000] GC(1566) Eden regions: 321->0(237)
[2025-08-01T02:37:44.578+0000] GC(1566) Survivor regions: 25->44(44)
[2025-08-01T02:37:44.578+0000] GC(1566) Old regions: 849->1082
[2025-08-01T02:37:44.578+0000] GC(1566) Humongous regions: 0->0
[2025-08-01T02:37:44.578+0000] GC(1566) Metaspace: 9706K(12544K)->9706K(12544K) NonClass: 8540K(11008K)->8540K(11008K) Class: 1166K(1536K)->1166K(1536K)
[2025-08-01T02:37:44.578+0000] GC(1566) Pause Young (Normal) (G1 Evacuation Pause) 2387M->2249M(4096M) 118.564ms
[2025-08-01T02:37:44.578+0000] GC(1566) User=0.79s Sys=0.05s Real=0.12s
[2025-08-01T02:37:44.632+0000] GC(1563) Concurrent Rebuild Remembered Sets 399.801ms
[2025-08-01T02:37:44.632+0000] GC(1563) Pause Cleanup
[2025-08-01T02:37:44.633+0000] GC(1563) Pause Cleanup 2526M->2526M(4096M) 0.825ms
[2025-08-01T02:37:44.633+0000] GC(1563) User=0.00s Sys=0.00s Real=0.01s
[2025-08-01T02:37:44.633+0000] GC(1563) Concurrent Cleanup for Next Mark
[2025-08-01T02:37:44.641+0000] GC(1563) Concurrent Cleanup for Next Mark 7.798ms
[2025-08-01T02:37:44.641+0000] GC(1563) Concurrent Cycle 694.259ms
[2025-08-01T02:37:44.674+0000] GC(1567) Pause Young (Prepare Mixed) (G1 Evacuation Pause)
[2025-08-01T02:37:44.674+0000] GC(1567) Using 8 workers of 8 for evacuation
[2025-08-01T02:37:44.766+0000] GC(1567)   Pre Evacuate Collection Set: 0.1ms
[2025-08-01T02:37:44.766+0000] GC(1567)   Evacuate Collection Set: 91.2ms
[2025-08-01T02:37:44.766+0000] GC(1567)   Post Evacuate Collection Set: 0.9ms
[2025-08-01T02:37:44.766+0000] GC(1567)   Other: 0.4ms
[2025-08-01T02:37:44.766+0000] GC(1567) Eden regions: 237->0(66)
[2025-08-01T02:37:44.766+0000] GC(1567) Survivor regions: 44->36(36)
[2025-08-01T02:37:44.766+0000] GC(1567) Old regions: 1082->1279
[2025-08-01T02:37:44.766+0000] GC(1567) Humongous regions: 0->0
[2025-08-01T02:37:44.766+0000] GC(1567) Metaspace: 9706K(12544K)->9706K(12544K) NonClass: 8540K(11008K)->8540K(11008K) Class: 1166K(1536K)->1166K(1536K)
[2025-08-01T02:37:44.766+0000] GC(1567) Pause Young (Prepare Mixed) (G1 Evacuation Pause) 2723M->2626M(4096M) 92.815ms
[2025-08-01T02:37:44.766+0000] GC(1567) User=0.70s Sys=0.03s Real=0.09s
[2025-08-01T02:37:44.780+0000] GC(1568) Pause Young (Mixed) (G1 Evacuation Pause)
[2025-08-01T02:37:44.780+0000] GC(1568) Using 8 workers of 8 for evacuation
[2025-08-01T02:37:44.815+0000] GC(1568)   Pre Evacuate Collection Set: 0.1ms
[2025-08-01T02:37:44.815+0000] GC(1568)   Evacuate Collection Set: 33.8ms
[2025-08-01T02:37:44.815+0000] GC(1568)   Post Evacuate Collection Set: 0.8ms
[2025-08-01T02:37:44.815+0000] GC(1568)   Other: 0.6ms
[2025-08-01T02:37:44.815+0000] GC(1568) Eden regions: 66->0(174)
[2025-08-01T02:37:44.815+0000] GC(1568) Survivor regions: 36->13(13)
[2025-08-01T02:37:44.815+0000] GC(1568) Old regions: 1279->1301
[2025-08-01T02:37:44.815+0000] GC(1568) Humongous regions: 0->0
[2025-08-01T02:37:44.815+0000] GC(1568) Metaspace: 9706K(12544K)->9706K(12544K) NonClass: 8540K(11008K)->8540K(11008K) Class: 1166K(1536K)->1166K(1536K)
[2025-08-01T02:37:44.815+0000] GC(1568) Pause Young (Mixed) (G1 Evacuation Pause) 2758M->2624M(4096M) 35.464ms
[2025-08-01T02:37:44.815+0000] GC(1568) User=0.26s Sys=0.01s Real=0.04s
[2025-08-01T02:37:44.885+0000] GC(1569) Pause Young (Concurrent Start) (G1 Evacuation Pause)
[2025-08-01T02:37:44.885+0000] GC(1569) Using 8 workers of 8 for evacuation
[2025-08-01T02:37:44.959+0000] GC(1569)   Pre Evacuate Collection Set: 0.1ms
[2025-08-01T02:37:44.959+0000] GC(1569)   Evacuate Collection Set: 71.8ms
[2025-08-01T02:37:44.959+0000] GC(1569)   Post Evacuate Collection Set: 0.9ms
[2025-08-01T02:37:44.959+0000] GC(1569)   Other: 0.6ms
[2025-08-01T02:37:44.959+0000] GC(1569) Eden regions: 174->0(135)
[2025-08-01T02:37:44.959+0000] GC(1569) Survivor regions: 13->24(24)
[2025-08-01T02:37:44.959+0000] GC(1569) Old regions: 1301->1415
[2025-08-01T02:37:44.959+0000] GC(1569) Humongous regions: 0->0
[2025-08-01T02:37:44.959+0000] GC(1569) Metaspace: 9706K(12544K)->9706K(12544K) NonClass: 8540K(11008K)->8540K(11008K) Class: 1166K(1536K)->1166K(1536K)
[2025-08-01T02:37:44.959+0000] GC(1569) Pause Young (Concurrent Start) (G1 Evacuation Pause) 2972M->2875M(4096M) 73.502ms
[2025-08-01T02:37:44.959+0000] GC(1569) User=0.55s Sys=0.02s Real=0.07s
[2025-08-01T02:37:44.959+0000] GC(1570) Concurrent Cycle
[2025-08-01T02:37:44.959+0000] GC(1570) Concurrent Clear Claimed Marks
[2025-08-01T02:37:44.959+0000] GC(1570) Concurrent Clear Claimed Marks 0.049ms
[2025-08-01T02:37:44.959+0000] GC(1570) Concurrent Scan Root Regions
[2025-08-01T02:37:44.967+0000] GC(1570) Concurrent Scan Root Regions 8.323ms
[2025-08-01T02:37:44.967+0000] GC(1570) Concurrent Mark (203.963s)
[2025-08-01T02:37:44.967+0000] GC(1570) Concurrent Mark From Roots
[2025-08-01T02:37:44.967+0000] GC(1570) Using 2 workers of 2 for marking
[2025-08-01T02:37:45.029+0000] GC(1571) Pause Young (Normal) (G1 Evacuation Pause)
[2025-08-01T02:37:45.029+0000] GC(1571) Using 8 workers of 8 for evacuation
[2025-08-01T02:37:45.082+0000] GC(1571)   Pre Evacuate Collection Set: 0.1ms
[2025-08-01T02:37:45.082+0000] GC(1571)   Evacuate Collection Set: 51.9ms
[2025-08-01T02:37:45.082+0000] GC(1571)   Post Evacuate Collection Set: 0.9ms
[2025-08-01T02:37:45.082+0000] GC(1571)   Other: 0.3ms
[2025-08-01T02:37:45.083+0000] GC(1571) Eden regions: 135->0(88)
[2025-08-01T02:37:45.083+0000] GC(1571) Survivor regions: 24->20(20)
[2025-08-01T02:37:45.083+0000] GC(1571) Old regions: 1415->1544
[2025-08-01T02:37:45.083+0000] GC(1571) Humongous regions: 0->0
[2025-08-01T02:37:45.083+0000] GC(1571) Metaspace: 9706K(12544K)->9706K(12544K) NonClass: 8540K(11008K)->8540K(11008K) Class: 1166K(1536K)->1166K(1536K)
[2025-08-01T02:37:45.083+0000] GC(1571) Pause Young (Normal) (G1 Evacuation Pause) 3145M->3125M(4096M) 53.293ms
[2025-08-01T02:37:45.083+0000] GC(1571) User=0.39s Sys=0.01s Real=0.05s
[2025-08-01T02:37:45.099+0000] GC(1572) Pause Young (Normal) (G1 Evacuation Pause)
[2025-08-01T02:37:45.099+0000] GC(1572) Using 8 workers of 8 for evacuation
[2025-08-01T02:37:45.138+0000] GC(1572)   Pre Evacuate Collection Set: 0.1ms
[2025-08-01T02:37:45.138+0000] GC(1572)   Evacuate Collection Set: 36.7ms
[2025-08-01T02:37:45.138+0000] GC(1572)   Post Evacuate Collection Set: 1.1ms
[2025-08-01T02:37:45.138+0000] GC(1572)   Other: 0.3ms
[2025-08-01T02:37:45.138+0000] GC(1572) Eden regions: 88->0(88)
[2025-08-01T02:37:45.138+0000] GC(1572) Survivor regions: 20->14(14)
[2025-08-01T02:37:45.138+0000] GC(1572) Old regions: 1544->1640
[2025-08-01T02:37:45.138+0000] GC(1572) Humongous regions: 0->0
[2025-08-01T02:37:45.138+0000] GC(1572) Metaspace: 9706K(12544K)->9706K(12544K) NonClass: 8540K(11008K)->8540K(11008K) Class: 1166K(1536K)->1166K(1536K)
[2025-08-01T02:37:45.138+0000] GC(1572) Pause Young (Normal) (G1 Evacuation Pause) 3301M->3304M(4096M) 38.461ms
[2025-08-01T02:37:45.138+0000] GC(1572) User=0.28s Sys=0.01s Real=0.04s
[2025-08-01T02:37:45.203+0000] GC(1573) Pause Young (Normal) (G1 Evacuation Pause)
[2025-08-01T02:37:45.203+0000] GC(1573) Using 8 workers of 8 for evacuation
[2025-08-01T02:37:45.231+0000] GC(1573)   Pre Evacuate Collection Set: 0.2ms
[2025-08-01T02:37:45.231+0000] GC(1573)   Evacuate Collection Set: 27.3ms
[2025-08-01T02:37:45.231+0000] GC(1573)   Post Evacuate Collection Set: 0.5ms
[2025-08-01T02:37:45.231+0000] GC(1573)   Other: 0.4ms
[2025-08-01T02:37:45.231+0000] GC(1573) Eden regions: 88->0(89)
[2025-08-01T02:37:45.231+0000] GC(1573) Survivor regions: 14->13(13)
[2025-08-01T02:37:45.231+0000] GC(1573) Old regions: 1640->1704
[2025-08-01T02:37:45.231+0000] GC(1573) Humongous regions: 0->0
[2025-08-01T02:37:45.231+0000] GC(1573) Metaspace: 9706K(12544K)->9706K(12544K) NonClass: 8540K(11008K)->8540K(11008K) Class: 1166K(1536K)->1166K(1536K)
[2025-08-01T02:37:45.231+0000] GC(1573) Pause Young (Normal) (G1 Evacuation Pause) 3480M->3430M(4096M) 28.517ms
[2025-08-01T02:37:45.231+0000] GC(1573) User=0.21s Sys=0.00s Real=0.03s
[2025-08-01T02:37:45.251+0000] GC(1574) Pause Young (Normal) (G1 Evacuation Pause)
[2025-08-01T02:37:45.251+0000] GC(1574) Using 8 workers of 8 for evacuation
[2025-08-01T02:37:45.293+0000] GC(1574)   Pre Evacuate Collection Set: 0.1ms
[2025-08-01T02:37:45.294+0000] GC(1574)   Evacuate Collection Set: 41.8ms
[2025-08-01T02:37:45.294+0000] GC(1574)   Post Evacuate Collection Set: 0.7ms
[2025-08-01T02:37:45.294+0000] GC(1574)   Other: 0.3ms
[2025-08-01T02:37:45.294+0000] GC(1574) Eden regions: 89->0(89)
[2025-08-01T02:37:45.294+0000] GC(1574) Survivor regions: 13->13(13)
[2025-08-01T02:37:45.294+0000] GC(1574) Old regions: 1704->1795
[2025-08-01T02:37:45.294+0000] GC(1574) Humongous regions: 0->0
[2025-08-01T02:37:45.294+0000] GC(1574) Metaspace: 9706K(12544K)->9706K(12544K) NonClass: 8540K(11008K)->8540K(11008K) Class: 1166K(1536K)->1166K(1536K)
[2025-08-01T02:37:45.294+0000] GC(1574) Pause Young (Normal) (G1 Evacuation Pause) 3608M->3612M(4096M) 43.097ms
[2025-08-01T02:37:45.294+0000] GC(1574) User=0.32s Sys=0.01s Real=0.05s
[2025-08-01T02:37:45.320+0000] GC(1570) Concurrent Mark From Roots 352.723ms
[2025-08-01T02:37:45.320+0000] GC(1570) Concurrent Preclean
[2025-08-01T02:37:45.321+0000] GC(1570) Concurrent Preclean 0.306ms
[2025-08-01T02:37:45.321+0000] GC(1570) Concurrent Mark (203.963s, 204.316s) 353.124ms
[2025-08-01T02:37:45.321+0000] GC(1570) Pause Remark
[2025-08-01T02:37:45.327+0000] GC(1570) Cleaned string and symbol table, strings: 2833 processed, 0 removed, symbols: 23489 processed, 0 removed
[2025-08-01T02:37:45.328+0000] GC(1570) Pause Remark 3766M->2176M(4096M) 7.260ms
[2025-08-01T02:37:45.328+0000] GC(1570) User=0.03s Sys=0.00s Real=0.01s
[2025-08-01T02:37:45.328+0000] GC(1570) Concurrent Rebuild Remembered Sets
[2025-08-01T02:37:45.362+0000] GC(1575) Pause Young (Normal) (G1 Evacuation Pause)
[2025-08-01T02:37:45.362+0000] GC(1575) Using 8 workers of 8 for evacuation
[2025-08-01T02:37:45.399+0000] GC(1575)   Pre Evacuate Collection Set: 0.1ms
[2025-08-01T02:37:45.399+0000] GC(1575)   Evacuate Collection Set: 35.8ms
[2025-08-01T02:37:45.399+0000] GC(1575)   Post Evacuate Collection Set: 0.8ms
[2025-08-01T02:37:45.399+0000] GC(1575)   Other: 0.3ms
[2025-08-01T02:37:45.399+0000] GC(1575) Eden regions: 89->0(251)
[2025-08-01T02:37:45.399+0000] GC(1575) Survivor regions: 13->13(13)
[2025-08-01T02:37:45.399+0000] GC(1575) Old regions: 1000->1091
[2025-08-01T02:37:45.399+0000] GC(1575) Humongous regions: 0->0
[2025-08-01T02:37:45.399+0000] GC(1575) Metaspace: 9706K(12544K)->9706K(12544K) NonClass: 8540K(11008K)->8540K(11008K) Class: 1166K(1536K)->1166K(1536K)
[2025-08-01T02:37:45.399+0000] GC(1575) Pause Young (Normal) (G1 Evacuation Pause) 2200M->2205M(4096M) 37.179ms
[2025-08-01T02:37:45.399+0000] GC(1575) User=0.28s Sys=0.01s Real=0.04s
[2025-08-01T02:37:45.502+0000] GC(1576) Pause Young (Normal) (G1 Evacuation Pause)
[2025-08-01T02:37:45.502+0000] GC(1576) Using 8 workers of 8 for evacuation
[2025-08-01T02:37:45.626+0000] GC(1576)   Pre Evacuate Collection Set: 0.1ms
[2025-08-01T02:37:45.626+0000] GC(1576)   Evacuate Collection Set: 122.9ms
[2025-08-01T02:37:45.626+0000] GC(1576)   Post Evacuate Collection Set: 0.8ms
[2025-08-01T02:37:45.626+0000] GC(1576)   Other: 0.4ms
[2025-08-01T02:37:45.626+0000] GC(1576) Eden regions: 251->0(175)
[2025-08-01T02:37:45.626+0000] GC(1576) Survivor regions: 13->33(33)
[2025-08-01T02:37:45.626+0000] GC(1576) Old regions: 1091->1282
[2025-08-01T02:37:45.626+0000] GC(1576) Humongous regions: 0->0
[2025-08-01T02:37:45.626+0000] GC(1576) Metaspace: 9706K(12544K)->9706K(12544K) NonClass: 8540K(11008K)->8540K(11008K) Class: 1166K(1536K)->1166K(1536K)
[2025-08-01T02:37:45.626+0000] GC(1576) Pause Young (Normal) (G1 Evacuation Pause) 2707M->2627M(4096M) 124.301ms
[2025-08-01T02:37:45.626+0000] GC(1576) User=0.93s Sys=0.03s Real=0.13s
[2025-08-01T02:37:45.711+0000] GC(1577) Pause Young (Normal) (G1 Evacuation Pause)
[2025-08-01T02:37:45.711+0000] GC(1577) Using 8 workers of 8 for evacuation
[2025-08-01T02:37:45.768+0000] GC(1577)   Pre Evacuate Collection Set: 0.1ms
[2025-08-01T02:37:45.768+0000] GC(1577)   Evacuate Collection Set: 55.2ms
[2025-08-01T02:37:45.768+0000] GC(1577)   Post Evacuate Collection Set: 0.9ms
[2025-08-01T02:37:45.768+0000] GC(1577)   Other: 0.3ms
[2025-08-01T02:37:45.768+0000] GC(1577) Eden regions: 175->0(125)
[2025-08-01T02:37:45.768+0000] GC(1577) Survivor regions: 33->26(26)
[2025-08-01T02:37:45.768+0000] GC(1577) Old regions: 1282->1430
[2025-08-01T02:37:45.768+0000] GC(1577) Humongous regions: 0->0
[2025-08-01T02:37:45.768+0000] GC(1577) Metaspace: 9706K(12544K)->9706K(12544K) NonClass: 8540K(11008K)->8540K(11008K) Class: 1166K(1536K)->1166K(1536K)
[2025-08-01T02:37:45.768+0000] GC(1577) Pause Young (Normal) (G1 Evacuation Pause) 2977M->2908M(4096M) 56.646ms
[2025-08-01T02:37:45.768+0000] GC(1577) User=0.44s Sys=0.00s Real=0.06s
[2025-08-01T02:37:45.830+0000] GC(1570) Concurrent Rebuild Remembered Sets 502.037ms
[2025-08-01T02:37:45.831+0000] GC(1570) Pause Cleanup
[2025-08-01T02:37:45.832+0000] GC(1570) Pause Cleanup 3117M->3117M(4096M) 0.780ms
[2025-08-01T02:37:45.832+0000] GC(1570) User=0.00s Sys=0.00s Real=0.00s
[2025-08-01T02:37:45.832+0000] GC(1570) Concurrent Cleanup for Next Mark
[2025-08-01T02:37:45.842+0000] GC(1570) Concurrent Cleanup for Next Mark 9.875ms
[2025-08-01T02:37:45.842+0000] GC(1570) Concurrent Cycle 882.937ms
[2025-08-01T02:37:45.843+0000] GC(1578) Pause Young (Prepare Mixed) (G1 Evacuation Pause)
[2025-08-01T02:37:45.843+0000] GC(1578) Using 8 workers of 8 for evacuation
[2025-08-01T02:37:45.883+0000] GC(1578)   Pre Evacuate Collection Set: 0.1ms
[2025-08-01T02:37:45.883+0000] GC(1578)   Evacuate Collection Set: 39.7ms
[2025-08-01T02:37:45.883+0000] GC(1578)   Post Evacuate Collection Set: 0.8ms
[2025-08-01T02:37:45.883+0000] GC(1578)   Other: 0.2ms
[2025-08-01T02:37:45.883+0000] GC(1578) Eden regions: 125->0(83)
[2025-08-01T02:37:45.883+0000] GC(1578) Survivor regions: 26->19(19)
[2025-08-01T02:37:45.883+0000] GC(1578) Old regions: 1430->1531
[2025-08-01T02:37:45.883+0000] GC(1578) Humongous regions: 0->0
[2025-08-01T02:37:45.883+0000] GC(1578) Metaspace: 9706K(12544K)->9706K(12544K) NonClass: 8540K(11008K)->8540K(11008K) Class: 1166K(1536K)->1166K(1536K)
[2025-08-01T02:37:45.884+0000] GC(1578) Pause Young (Prepare Mixed) (G1 Evacuation Pause) 3158M->3096M(4096M) 40.962ms
[2025-08-01T02:37:45.884+0000] GC(1578) User=0.25s Sys=0.00s Real=0.05s
[2025-08-01T02:37:45.899+0000] GC(1579) Pause Young (Mixed) (G1 Evacuation Pause)
[2025-08-01T02:37:45.899+0000] GC(1579) Using 8 workers of 8 for evacuation
[2025-08-01T02:37:45.933+0000] GC(1579)   Pre Evacuate Collection Set: 0.2ms
[2025-08-01T02:37:45.933+0000] GC(1579)   Evacuate Collection Set: 32.4ms
[2025-08-01T02:37:45.933+0000] GC(1579)   Post Evacuate Collection Set: 1.0ms
[2025-08-01T02:37:45.933+0000] GC(1579)   Other: 0.5ms
[2025-08-01T02:37:45.933+0000] GC(1579) Eden regions: 83->0(102)
[2025-08-01T02:37:45.933+0000] GC(1579) Survivor regions: 19->13(13)
[2025-08-01T02:37:45.933+0000] GC(1579) Old regions: 1531->1509
[2025-08-01T02:37:45.933+0000] GC(1579) Humongous regions: 0->0
[2025-08-01T02:37:45.933+0000] GC(1579) Metaspace: 9706K(12544K)->9706K(12544K) NonClass: 8540K(11008K)->8540K(11008K) Class: 1166K(1536K)->1166K(1536K)
[2025-08-01T02:37:45.933+0000] GC(1579) Pause Young (Mixed) (G1 Evacuation Pause) 3262M->3041M(4096M) 34.359ms
[2025-08-01T02:37:45.933+0000] GC(1579) User=0.26s Sys=0.01s Real=0.04s
[2025-08-01T02:37:46.002+0000] GC(1580) Pause Young (Concurrent Start) (G1 Evacuation Pause)
[2025-08-01T02:37:46.002+0000] GC(1580) Using 8 workers of 8 for evacuation
[2025-08-01T02:37:46.045+0000] GC(1580)   Pre Evacuate Collection Set: 0.1ms
[2025-08-01T02:37:46.045+0000] GC(1580)   Evacuate Collection Set: 40.5ms
[2025-08-01T02:37:46.045+0000] GC(1580)   Post Evacuate Collection Set: 0.7ms
[2025-08-01T02:37:46.045+0000] GC(1580)   Other: 0.3ms
[2025-08-01T02:37:46.045+0000] GC(1580) Eden regions: 102->0(87)
[2025-08-01T02:37:46.045+0000] GC(1580) Survivor regions: 13->15(15)
[2025-08-01T02:37:46.045+0000] GC(1580) Old regions: 1509->1587
[2025-08-01T02:37:46.045+0000] GC(1580) Humongous regions: 0->0
[2025-08-01T02:37:46.045+0000] GC(1580) Metaspace: 9706K(12544K)->9706K(12544K) NonClass: 8540K(11008K)->8540K(11008K) Class: 1166K(1536K)->1166K(1536K)
[2025-08-01T02:37:46.045+0000] GC(1580) Pause Young (Concurrent Start) (G1 Evacuation Pause) 3245M->3201M(4096M) 42.382ms
[2025-08-01T02:37:46.045+0000] GC(1580) User=0.28s Sys=0.01s Real=0.05s
[2025-08-01T02:37:46.045+0000] GC(1581) Concurrent Cycle
[2025-08-01T02:37:46.045+0000] GC(1581) Concurrent Clear Claimed Marks
[2025-08-01T02:37:46.045+0000] GC(1581) Concurrent Clear Claimed Marks 0.064ms
[2025-08-01T02:37:46.045+0000] GC(1581) Concurrent Scan Root Regions
[2025-08-01T02:37:46.050+0000] GC(1581) Concurrent Scan Root Regions 5.070ms
[2025-08-01T02:37:46.050+0000] GC(1581) Concurrent Mark (205.046s)
[2025-08-01T02:37:46.050+0000] GC(1581) Concurrent Mark From Roots
[2025-08-01T02:37:46.050+0000] GC(1581) Using 2 workers of 2 for marking
[2025-08-01T02:37:46.064+0000] GC(1582) Pause Young (Normal) (G1 Evacuation Pause)
[2025-08-01T02:37:46.064+0000] GC(1582) Using 8 workers of 8 for evacuation
[2025-08-01T02:37:46.094+0000] GC(1582)   Pre Evacuate Collection Set: 0.1ms
[2025-08-01T02:37:46.094+0000] GC(1582)   Evacuate Collection Set: 29.5ms
[2025-08-01T02:37:46.094+0000] GC(1582)   Post Evacuate Collection Set: 0.6ms
[2025-08-01T02:37:46.094+0000] GC(1582)   Other: 0.3ms
[2025-08-01T02:37:46.094+0000] GC(1582) Eden regions: 87->0(89)
[2025-08-01T02:37:46.094+0000] GC(1582) Survivor regions: 15->13(13)
[2025-08-01T02:37:46.094+0000] GC(1582) Old regions: 1587->1678
[2025-08-01T02:37:46.094+0000] GC(1582) Humongous regions: 0->0
[2025-08-01T02:37:46.094+0000] GC(1582) Metaspace: 9706K(12544K)->9706K(12544K) NonClass: 8540K(11008K)->8540K(11008K) Class: 1166K(1536K)->1166K(1536K)
[2025-08-01T02:37:46.094+0000] GC(1582) Pause Young (Normal) (G1 Evacuation Pause) 3375M->3378M(4096M) 30.662ms
[2025-08-01T02:37:46.094+0000] GC(1582) User=0.24s Sys=0.00s Real=0.03s
[2025-08-01T02:37:46.162+0000] GC(1583) Pause Young (Normal) (G1 Evacuation Pause)
[2025-08-01T02:37:46.162+0000] GC(1583) Using 8 workers of 8 for evacuation
[2025-08-01T02:37:46.199+0000] GC(1583)   Pre Evacuate Collection Set: 0.1ms
[2025-08-01T02:37:46.200+0000] GC(1583)   Evacuate Collection Set: 36.4ms
[2025-08-01T02:37:46.200+0000] GC(1583)   Post Evacuate Collection Set: 0.7ms
[2025-08-01T02:37:46.200+0000] GC(1583)   Other: 0.3ms
[2025-08-01T02:37:46.200+0000] GC(1583) Eden regions: 89->0(89)
[2025-08-01T02:37:46.200+0000] GC(1583) Survivor regions: 13->13(13)
[2025-08-01T02:37:46.200+0000] GC(1583) Old regions: 1678->1769
[2025-08-01T02:37:46.200+0000] GC(1583) Humongous regions: 0->0
[2025-08-01T02:37:46.200+0000] GC(1583) Metaspace: 9706K(12544K)->9706K(12544K) NonClass: 8540K(11008K)->8540K(11008K) Class: 1166K(1536K)->1166K(1536K)
[2025-08-01T02:37:46.200+0000] GC(1583) Pause Young (Normal) (G1 Evacuation Pause) 3556M->3560M(4096M) 37.657ms
[2025-08-01T02:37:46.200+0000] GC(1583) User=0.27s Sys=0.00s Real=0.04s
[2025-08-01T02:37:46.219+0000] GC(1584) Pause Young (Normal) (G1 Evacuation Pause)
[2025-08-01T02:37:46.219+0000] GC(1584) Using 8 workers of 8 for evacuation
[2025-08-01T02:37:46.254+0000] GC(1584)   Pre Evacuate Collection Set: 0.1ms
[2025-08-01T02:37:46.254+0000] GC(1584)   Evacuate Collection Set: 34.3ms
[2025-08-01T02:37:46.254+0000] GC(1584)   Post Evacuate Collection Set: 0.7ms
[2025-08-01T02:37:46.254+0000] GC(1584)   Other: 0.3ms
[2025-08-01T02:37:46.254+0000] GC(1584) Eden regions: 89->0(89)
[2025-08-01T02:37:46.254+0000] GC(1584) Survivor regions: 13->13(13)
[2025-08-01T02:37:46.254+0000] GC(1584) Old regions: 1769->1859
[2025-08-01T02:37:46.254+0000] GC(1584) Humongous regions: 0->0
[2025-08-01T02:37:46.254+0000] GC(1584) Metaspace: 9706K(12544K)->9706K(12544K) NonClass: 8540K(11008K)->8540K(11008K) Class: 1166K(1536K)->1166K(1536K)
[2025-08-01T02:37:46.254+0000] GC(1584) Pause Young (Normal) (G1 Evacuation Pause) 3738M->3741M(4096M) 35.625ms
[2025-08-01T02:37:46.254+0000] GC(1584) User=0.26s Sys=0.01s Real=0.04s
[2025-08-01T02:37:46.293+0000] GC(1581) Concurrent Mark From Roots 242.274ms
[2025-08-01T02:37:46.293+0000] GC(1581) Concurrent Preclean
[2025-08-01T02:37:46.293+0000] GC(1581) Concurrent Preclean 0.363ms
[2025-08-01T02:37:46.293+0000] GC(1581) Concurrent Mark (205.046s, 205.289s) 242.736ms
[2025-08-01T02:37:46.293+0000] GC(1581) Pause Remark
[2025-08-01T02:37:46.295+0000] GC(1581) Cleaned string and symbol table, strings: 2833 processed, 0 removed, symbols: 23489 processed, 0 removed
[2025-08-01T02:37:46.297+0000] GC(1581) Pause Remark 3886M->1670M(4096M) 3.318ms
[2025-08-01T02:37:46.297+0000] GC(1581) User=0.02s Sys=0.00s Real=0.00s
[2025-08-01T02:37:46.297+0000] GC(1581) Concurrent Rebuild Remembered Sets
[2025-08-01T02:37:46.323+0000] GC(1585) Pause Young (Normal) (G1 Evacuation Pause)
[2025-08-01T02:37:46.323+0000] GC(1585) Using 8 workers of 8 for evacuation
[2025-08-01T02:37:46.360+0000] GC(1585)   Pre Evacuate Collection Set: 0.1ms
[2025-08-01T02:37:46.360+0000] GC(1585)   Evacuate Collection Set: 35.3ms
[2025-08-01T02:37:46.360+0000] GC(1585)   Post Evacuate Collection Set: 0.7ms
[2025-08-01T02:37:46.360+0000] GC(1585)   Other: 0.3ms
[2025-08-01T02:37:46.360+0000] GC(1585) Eden regions: 89->0(335)
[2025-08-01T02:37:46.360+0000] GC(1585) Survivor regions: 13->13(13)
[2025-08-01T02:37:46.360+0000] GC(1585) Old regions: 751->822
[2025-08-01T02:37:46.360+0000] GC(1585) Humongous regions: 0->0
[2025-08-01T02:37:46.360+0000] GC(1585) Metaspace: 9706K(12544K)->9706K(12544K) NonClass: 8540K(11008K)->8540K(11008K) Class: 1166K(1536K)->1166K(1536K)
[2025-08-01T02:37:46.360+0000] GC(1585) Pause Young (Normal) (G1 Evacuation Pause) 1703M->1667M(4096M) 36.694ms
[2025-08-01T02:37:46.360+0000] GC(1585) User=0.27s Sys=0.01s Real=0.03s
[2025-08-01T02:37:46.476+0000] GC(1586) Pause Young (Normal) (G1 Evacuation Pause)
[2025-08-01T02:37:46.476+0000] GC(1586) Using 8 workers of 8 for evacuation
[2025-08-01T02:37:46.575+0000] GC(1586)   Pre Evacuate Collection Set: 0.1ms
[2025-08-01T02:37:46.575+0000] GC(1586)   Evacuate Collection Set: 98.5ms
[2025-08-01T02:37:46.575+0000] GC(1586)   Post Evacuate Collection Set: 0.9ms
[2025-08-01T02:37:46.576+0000] GC(1586)   Other: 0.4ms
[2025-08-01T02:37:46.576+0000] GC(1586) Eden regions: 335->0(234)
[2025-08-01T02:37:46.576+0000] GC(1586) Survivor regions: 13->44(44)
[2025-08-01T02:37:46.576+0000] GC(1586) Old regions: 822->1080
[2025-08-01T02:37:46.576+0000] GC(1586) Humongous regions: 0->0
[2025-08-01T02:37:46.576+0000] GC(1586) Metaspace: 9706K(12544K)->9706K(12544K) NonClass: 8540K(11008K)->8540K(11008K) Class: 1166K(1536K)->1166K(1536K)
[2025-08-01T02:37:46.576+0000] GC(1586) Pause Young (Normal) (G1 Evacuation Pause) 2337M->2245M(4096M) 100.050ms
[2025-08-01T02:37:46.576+0000] GC(1586) User=0.76s Sys=0.02s Real=0.10s
[2025-08-01T02:37:46.651+0000] GC(1581) Concurrent Rebuild Remembered Sets 354.011ms
[2025-08-01T02:37:46.654+0000] GC(1581) Pause Cleanup
[2025-08-01T02:37:46.655+0000] GC(1581) Pause Cleanup 2513M->2513M(4096M) 1.526ms
[2025-08-01T02:37:46.655+0000] GC(1581) User=0.00s Sys=0.00s Real=0.00s
[2025-08-01T02:37:46.655+0000] GC(1581) Concurrent Cleanup for Next Mark
[2025-08-01T02:37:46.676+0000] GC(1581) Concurrent Cleanup for Next Mark 20.914ms
[2025-08-01T02:37:46.676+0000] GC(1581) Concurrent Cycle 631.141ms
[2025-08-01T02:37:46.691+0000] GC(1587) Pause Young (Prepare Mixed) (G1 Evacuation Pause)
[2025-08-01T02:37:46.691+0000] GC(1587) Using 8 workers of 8 for evacuation
[2025-08-01T02:37:46.761+0000] GC(1587)   Pre Evacuate Collection Set: 0.1ms
[2025-08-01T02:37:46.761+0000] GC(1587)   Evacuate Collection Set: 69.1ms
[2025-08-01T02:37:46.761+0000] GC(1587)   Post Evacuate Collection Set: 1.0ms
[2025-08-01T02:37:46.761+0000] GC(1587)   Other: 0.3ms
[2025-08-01T02:37:46.761+0000] GC(1587) Eden regions: 234->0(67)
[2025-08-01T02:37:46.761+0000] GC(1587) Survivor regions: 44->35(35)
[2025-08-01T02:37:46.761+0000] GC(1587) Old regions: 1080->1251
[2025-08-01T02:37:46.761+0000] GC(1587) Humongous regions: 0->0
[2025-08-01T02:37:46.761+0000] GC(1587) Metaspace: 9706K(12544K)->9706K(12544K) NonClass: 8540K(11008K)->8540K(11008K) Class: 1166K(1536K)->1166K(1536K)
[2025-08-01T02:37:46.761+0000] GC(1587) Pause Young (Prepare Mixed) (G1 Evacuation Pause) 2713M->2568M(4096M) 70.638ms
[2025-08-01T02:37:46.761+0000] GC(1587) User=0.49s Sys=0.02s Real=0.07s
[2025-08-01T02:37:46.776+0000] GC(1588) Pause Young (Mixed) (G1 Evacuation Pause)
[2025-08-01T02:37:46.776+0000] GC(1588) Using 8 workers of 8 for evacuation
[2025-08-01T02:37:46.809+0000] GC(1588)   Pre Evacuate Collection Set: 0.1ms
[2025-08-01T02:37:46.809+0000] GC(1588)   Evacuate Collection Set: 30.5ms
[2025-08-01T02:37:46.809+0000] GC(1588)   Post Evacuate Collection Set: 1.3ms
[2025-08-01T02:37:46.809+0000] GC(1588)   Other: 0.5ms
[2025-08-01T02:37:46.809+0000] GC(1588) Eden regions: 67->0(180)
[2025-08-01T02:37:46.809+0000] GC(1588) Survivor regions: 35->13(13)
[2025-08-01T02:37:46.809+0000] GC(1588) Old regions: 1251->1258
[2025-08-01T02:37:46.809+0000] GC(1588) Humongous regions: 0->0
[2025-08-01T02:37:46.809+0000] GC(1588) Metaspace: 9706K(12544K)->9706K(12544K) NonClass: 8540K(11008K)->8540K(11008K) Class: 1166K(1536K)->1166K(1536K)
[2025-08-01T02:37:46.809+0000] GC(1588) Pause Young (Mixed) (G1 Evacuation Pause) 2702M->2538M(4096M) 32.723ms
[2025-08-01T02:37:46.809+0000] GC(1588) User=0.24s Sys=0.00s Real=0.03s
[2025-08-01T02:37:46.889+0000] GC(1589) Pause Young (Concurrent Start) (G1 Evacuation Pause)
[2025-08-01T02:37:46.889+0000] GC(1589) Using 8 workers of 8 for evacuation
[2025-08-01T02:37:46.990+0000] GC(1589)   Pre Evacuate Collection Set: 0.1ms
[2025-08-01T02:37:46.990+0000] GC(1589)   Evacuate Collection Set: 99.3ms
[2025-08-01T02:37:46.990+0000] GC(1589)   Post Evacuate Collection Set: 0.8ms
[2025-08-01T02:37:46.990+0000] GC(1589)   Other: 0.4ms
[2025-08-01T02:37:46.990+0000] GC(1589) Eden regions: 180->0(121)
[2025-08-01T02:37:46.990+0000] GC(1589) Survivor regions: 13->25(25)
[2025-08-01T02:37:46.990+0000] GC(1589) Old regions: 1258->1428
[2025-08-01T02:37:46.990+0000] GC(1589) Humongous regions: 0->0
[2025-08-01T02:37:46.990+0000] GC(1589) Metaspace: 9706K(12544K)->9706K(12544K) NonClass: 8540K(11008K)->8540K(11008K) Class: 1166K(1536K)->1166K(1536K)
[2025-08-01T02:37:46.990+0000] GC(1589) Pause Young (Concurrent Start) (G1 Evacuation Pause) 2898M->2902M(4096M) 100.795ms
[2025-08-01T02:37:46.990+0000] GC(1589) User=0.77s Sys=0.02s Real=0.10s
[2025-08-01T02:37:46.990+0000] GC(1590) Concurrent Cycle
[2025-08-01T02:37:46.990+0000] GC(1590) Concurrent Clear Claimed Marks
[2025-08-01T02:37:46.990+0000] GC(1590) Concurrent Clear Claimed Marks 0.065ms
[2025-08-01T02:37:46.990+0000] GC(1590) Concurrent Scan Root Regions
[2025-08-01T02:37:46.999+0000] GC(1590) Concurrent Scan Root Regions 8.603ms
[2025-08-01T02:37:46.999+0000] GC(1590) Concurrent Mark (205.995s)
[2025-08-01T02:37:46.999+0000] GC(1590) Concurrent Mark From Roots
[2025-08-01T02:37:46.999+0000] GC(1590) Using 2 workers of 2 for marking
[2025-08-01T02:37:47.062+0000] GC(1591) Pause Young (Normal) (G1 Evacuation Pause)
[2025-08-01T02:37:47.063+0000] GC(1591) Using 8 workers of 8 for evacuation
[2025-08-01T02:37:47.139+0000] GC(1591)   Pre Evacuate Collection Set: 0.1ms
[2025-08-01T02:37:47.139+0000] GC(1591)   Evacuate Collection Set: 75.6ms
[2025-08-01T02:37:47.139+0000] GC(1591)   Post Evacuate Collection Set: 0.8ms
[2025-08-01T02:37:47.139+0000] GC(1591)   Other: 0.4ms
[2025-08-01T02:37:47.139+0000] GC(1591) Eden regions: 121->0(93)
[2025-08-01T02:37:47.139+0000] GC(1591) Survivor regions: 25->19(19)
[2025-08-01T02:37:47.139+0000] GC(1591) Old regions: 1428->1531
[2025-08-01T02:37:47.139+0000] GC(1591) Humongous regions: 0->0
[2025-08-01T02:37:47.139+0000] GC(1591) Metaspace: 9706K(12544K)->9706K(12544K) NonClass: 8540K(11008K)->8540K(11008K) Class: 1166K(1536K)->1166K(1536K)
[2025-08-01T02:37:47.139+0000] GC(1591) Pause Young (Normal) (G1 Evacuation Pause) 3144M->3096M(4096M) 76.982ms
[2025-08-01T02:37:47.139+0000] GC(1591) User=0.55s Sys=0.03s Real=0.08s
[2025-08-01T02:37:47.163+0000] GC(1592) Pause Young (Normal) (G1 Evacuation Pause)
[2025-08-01T02:37:47.163+0000] GC(1592) Using 8 workers of 8 for evacuation
[2025-08-01T02:37:47.217+0000] GC(1592)   Pre Evacuate Collection Set: 0.1ms
[2025-08-01T02:37:47.217+0000] GC(1592)   Evacuate Collection Set: 53.2ms
[2025-08-01T02:37:47.217+0000] GC(1592)   Post Evacuate Collection Set: 0.7ms
[2025-08-01T02:37:47.217+0000] GC(1592)   Other: 0.3ms
[2025-08-01T02:37:47.217+0000] GC(1592) Eden regions: 93->0(88)
[2025-08-01T02:37:47.217+0000] GC(1592) Survivor regions: 19->14(14)
[2025-08-01T02:37:47.217+0000] GC(1592) Old regions: 1531->1631
[2025-08-01T02:37:47.217+0000] GC(1592) Humongous regions: 0->0
[2025-08-01T02:37:47.217+0000] GC(1592) Metaspace: 9706K(12544K)->9706K(12544K) NonClass: 8540K(11008K)->8540K(11008K) Class: 1166K(1536K)->1166K(1536K)
[2025-08-01T02:37:47.217+0000] GC(1592) Pause Young (Normal) (G1 Evacuation Pause) 3282M->3286M(4096M) 54.411ms
[2025-08-01T02:37:47.218+0000] GC(1592) User=0.41s Sys=0.02s Real=0.05s
[2025-08-01T02:37:47.289+0000] GC(1593) Pause Young (Normal) (G1 Evacuation Pause)
[2025-08-01T02:37:47.289+0000] GC(1593) Using 8 workers of 8 for evacuation
[2025-08-01T02:37:47.321+0000] GC(1593)   Pre Evacuate Collection Set: 0.1ms
[2025-08-01T02:37:47.321+0000] GC(1593)   Evacuate Collection Set: 30.9ms
[2025-08-01T02:37:47.321+0000] GC(1593)   Post Evacuate Collection Set: 0.6ms
[2025-08-01T02:37:47.321+0000] GC(1593)   Other: 0.4ms
[2025-08-01T02:37:47.321+0000] GC(1593) Eden regions: 88->0(89)
[2025-08-01T02:37:47.321+0000] GC(1593) Survivor regions: 14->13(13)
[2025-08-01T02:37:47.321+0000] GC(1593) Old regions: 1631->1694
[2025-08-01T02:37:47.321+0000] GC(1593) Humongous regions: 0->0
[2025-08-01T02:37:47.321+0000] GC(1593) Metaspace: 9706K(12544K)->9706K(12544K) NonClass: 8540K(11008K)->8540K(11008K) Class: 1166K(1536K)->1166K(1536K)
[2025-08-01T02:37:47.321+0000] GC(1593) Pause Young (Normal) (G1 Evacuation Pause) 3462M->3410M(4096M) 32.086ms
[2025-08-01T02:37:47.321+0000] GC(1593) User=0.23s Sys=0.01s Real=0.03s
[2025-08-01T02:37:47.343+0000] GC(1594) Pause Young (Normal) (G1 Evacuation Pause)
[2025-08-01T02:37:47.343+0000] GC(1594) Using 8 workers of 8 for evacuation
[2025-08-01T02:37:47.388+0000] GC(1594)   Pre Evacuate Collection Set: 0.1ms
[2025-08-01T02:37:47.388+0000] GC(1594)   Evacuate Collection Set: 44.1ms
[2025-08-01T02:37:47.388+0000] GC(1594)   Post Evacuate Collection Set: 0.6ms
[2025-08-01T02:37:47.388+0000] GC(1594)   Other: 0.3ms
[2025-08-01T02:37:47.388+0000] GC(1594) Eden regions: 89->0(89)
[2025-08-01T02:37:47.388+0000] GC(1594) Survivor regions: 13->13(13)
[2025-08-01T02:37:47.388+0000] GC(1594) Old regions: 1694->1784
[2025-08-01T02:37:47.388+0000] GC(1594) Humongous regions: 0->0
[2025-08-01T02:37:47.388+0000] GC(1594) Metaspace: 9706K(12544K)->9706K(12544K) NonClass: 8540K(11008K)->8540K(11008K) Class: 1166K(1536K)->1166K(1536K)
[2025-08-01T02:37:47.388+0000] GC(1594) Pause Young (Normal) (G1 Evacuation Pause) 3588M->3591M(4096M) 45.276ms
[2025-08-01T02:37:47.388+0000] GC(1594) User=0.34s Sys=0.00s Real=0.04s
[2025-08-01T02:37:47.457+0000] GC(1595) Pause Young (Normal) (G1 Evacuation Pause)
[2025-08-01T02:37:47.457+0000] GC(1595) Using 8 workers of 8 for evacuation
[2025-08-01T02:37:47.486+0000] GC(1595)   Pre Evacuate Collection Set: 0.1ms
[2025-08-01T02:37:47.486+0000] GC(1595)   Evacuate Collection Set: 27.9ms
[2025-08-01T02:37:47.486+0000] GC(1595)   Post Evacuate Collection Set: 0.6ms
[2025-08-01T02:37:47.486+0000] GC(1595)   Other: 0.3ms
[2025-08-01T02:37:47.486+0000] GC(1595) Eden regions: 89->0(89)
[2025-08-01T02:37:47.486+0000] GC(1595) Survivor regions: 13->13(13)
[2025-08-01T02:37:47.486+0000] GC(1595) Old regions: 1784->1825
[2025-08-01T02:37:47.486+0000] GC(1595) Humongous regions: 0->0
[2025-08-01T02:37:47.486+0000] GC(1595) Metaspace: 9706K(12544K)->9706K(12544K) NonClass: 8540K(11008K)->8540K(11008K) Class: 1166K(1536K)->1166K(1536K)
[2025-08-01T02:37:47.486+0000] GC(1595) Pause Young (Normal) (G1 Evacuation Pause) 3769M->3673M(4096M) 29.050ms
[2025-08-01T02:37:47.486+0000] GC(1595) User=0.20s Sys=0.00s Real=0.03s
[2025-08-01T02:37:47.493+0000] GC(1590) Concurrent Mark From Roots 494.100ms
[2025-08-01T02:37:47.493+0000] GC(1590) Concurrent Preclean
[2025-08-01T02:37:47.494+0000] GC(1590) Concurrent Preclean 0.308ms
[2025-08-01T02:37:47.494+0000] GC(1590) Concurrent Mark (205.995s, 206.489s) 494.528ms
[2025-08-01T02:37:47.495+0000] GC(1590) Pause Remark
[2025-08-01T02:37:47.507+0000] GC(1590) Cleaned string and symbol table, strings: 2833 processed, 0 removed, symbols: 23489 processed, 0 removed
[2025-08-01T02:37:47.509+0000] GC(1590) Pause Remark 3747M->2263M(4096M) 14.198ms
[2025-08-01T02:37:47.509+0000] GC(1590) User=0.08s Sys=0.01s Real=0.01s
[2025-08-01T02:37:47.509+0000] GC(1590) Concurrent Rebuild Remembered Sets
[2025-08-01T02:37:47.521+0000] GC(1596) Pause Young (Normal) (G1 Evacuation Pause)
[2025-08-01T02:37:47.521+0000] GC(1596) Using 8 workers of 8 for evacuation
[2025-08-01T02:37:47.565+0000] GC(1596)   Pre Evacuate Collection Set: 0.1ms
[2025-08-01T02:37:47.565+0000] GC(1596)   Evacuate Collection Set: 42.6ms
[2025-08-01T02:37:47.565+0000] GC(1596)   Post Evacuate Collection Set: 0.8ms
[2025-08-01T02:37:47.565+0000] GC(1596)   Other: 0.3ms
[2025-08-01T02:37:47.565+0000] GC(1596) Eden regions: 89->0(212)
[2025-08-01T02:37:47.565+0000] GC(1596) Survivor regions: 13->13(13)
[2025-08-01T02:37:47.565+0000] GC(1596) Old regions: 1083->1174
[2025-08-01T02:37:47.565+0000] GC(1596) Humongous regions: 0->0
[2025-08-01T02:37:47.565+0000] GC(1596) Metaspace: 9706K(12544K)->9706K(12544K) NonClass: 8540K(11008K)->8540K(11008K) Class: 1166K(1536K)->1166K(1536K)
[2025-08-01T02:37:47.565+0000] GC(1596) Pause Young (Normal) (G1 Evacuation Pause) 2367M->2370M(4096M) 43.876ms
[2025-08-01T02:37:47.565+0000] GC(1596) User=0.30s Sys=0.01s Real=0.05s
[2025-08-01T02:37:47.659+0000] GC(1597) Pause Young (Normal) (G1 Evacuation Pause)
[2025-08-01T02:37:47.659+0000] GC(1597) Using 8 workers of 8 for evacuation
[2025-08-01T02:37:47.759+0000] GC(1597)   Pre Evacuate Collection Set: 0.1ms
[2025-08-01T02:37:47.759+0000] GC(1597)   Evacuate Collection Set: 98.0ms
[2025-08-01T02:37:47.759+0000] GC(1597)   Post Evacuate Collection Set: 1.0ms
[2025-08-01T02:37:47.759+0000] GC(1597)   Other: 0.3ms
[2025-08-01T02:37:47.759+0000] GC(1597) Eden regions: 212->0(139)
[2025-08-01T02:37:47.759+0000] GC(1597) Survivor regions: 13->29(29)
[2025-08-01T02:37:47.759+0000] GC(1597) Old regions: 1174->1371
[2025-08-01T02:37:47.759+0000] GC(1597) Humongous regions: 0->0
[2025-08-01T02:37:47.759+0000] GC(1597) Metaspace: 9706K(12544K)->9706K(12544K) NonClass: 8540K(11008K)->8540K(11008K) Class: 1166K(1536K)->1166K(1536K)
[2025-08-01T02:37:47.759+0000] GC(1597) Pause Young (Normal) (G1 Evacuation Pause) 2794M->2796M(4096M) 99.591ms
[2025-08-01T02:37:47.759+0000] GC(1597) User=0.73s Sys=0.01s Real=0.10s
[2025-08-01T02:37:47.838+0000] GC(1598) Pause Young (Normal) (G1 Evacuation Pause)
[2025-08-01T02:37:47.839+0000] GC(1598) Using 8 workers of 8 for evacuation
[2025-08-01T02:37:47.892+0000] GC(1598)   Pre Evacuate Collection Set: 0.1ms
[2025-08-01T02:37:47.892+0000] GC(1598)   Evacuate Collection Set: 52.3ms
[2025-08-01T02:37:47.892+0000] GC(1598)   Post Evacuate Collection Set: 1.0ms
[2025-08-01T02:37:47.892+0000] GC(1598)   Other: 0.3ms
[2025-08-01T02:37:47.892+0000] GC(1598) Eden regions: 139->0(94)
[2025-08-01T02:37:47.892+0000] GC(1598) Survivor regions: 29->21(21)
[2025-08-01T02:37:47.892+0000] GC(1598) Old regions: 1371->1520
[2025-08-01T02:37:47.892+0000] GC(1598) Humongous regions: 0->0
[2025-08-01T02:37:47.892+0000] GC(1598) Metaspace: 9706K(12544K)->9706K(12544K) NonClass: 8540K(11008K)->8540K(11008K) Class: 1166K(1536K)->1166K(1536K)
[2025-08-01T02:37:47.892+0000] GC(1598) Pause Young (Normal) (G1 Evacuation Pause) 3074M->3078M(4096M) 53.778ms
[2025-08-01T02:37:47.892+0000] GC(1598) User=0.41s Sys=0.01s Real=0.05s
[2025-08-01T02:37:47.913+0000] GC(1599) Pause Young (Normal) (G1 Evacuation Pause)
[2025-08-01T02:37:47.913+0000] GC(1599) Using 8 workers of 8 for evacuation
[2025-08-01T02:37:47.940+0000] GC(1599)   Pre Evacuate Collection Set: 0.1ms
[2025-08-01T02:37:47.940+0000] GC(1599)   Evacuate Collection Set: 25.8ms
[2025-08-01T02:37:47.940+0000] GC(1599)   Post Evacuate Collection Set: 0.7ms
[2025-08-01T02:37:47.940+0000] GC(1599)   Other: 0.3ms
[2025-08-01T02:37:47.940+0000] GC(1599) Eden regions: 94->0(87)
[2025-08-01T02:37:47.940+0000] GC(1599) Survivor regions: 21->15(15)
[2025-08-01T02:37:47.940+0000] GC(1599) Old regions: 1520->1594
[2025-08-01T02:37:47.940+0000] GC(1599) Humongous regions: 0->0
[2025-08-01T02:37:47.940+0000] GC(1599) Metaspace: 9706K(12544K)->9706K(12544K) NonClass: 8540K(11008K)->8540K(11008K) Class: 1166K(1536K)->1166K(1536K)
[2025-08-01T02:37:47.940+0000] GC(1599) Pause Young (Normal) (G1 Evacuation Pause) 3266M->3214M(4096M) 27.046ms
[2025-08-01T02:37:47.940+0000] GC(1599) User=0.21s Sys=0.00s Real=0.02s
[2025-08-01T02:37:48.001+0000] GC(1600) Pause Young (Normal) (G1 Evacuation Pause)
[2025-08-01T02:37:48.001+0000] GC(1600) Using 8 workers of 8 for evacuation
[2025-08-01T02:37:48.058+0000] GC(1600)   Pre Evacuate Collection Set: 0.2ms
[2025-08-01T02:37:48.058+0000] GC(1600)   Evacuate Collection Set: 56.1ms
[2025-08-01T02:37:48.058+0000] GC(1600)   Post Evacuate Collection Set: 0.5ms
[2025-08-01T02:37:48.058+0000] GC(1600)   Other: 0.3ms
[2025-08-01T02:37:48.058+0000] GC(1600) Eden regions: 87->0(89)
[2025-08-01T02:37:48.058+0000] GC(1600) Survivor regions: 15->13(13)
[2025-08-01T02:37:48.058+0000] GC(1600) Old regions: 1594->1684
[2025-08-01T02:37:48.058+0000] GC(1600) Humongous regions: 0->0
[2025-08-01T02:37:48.058+0000] GC(1600) Metaspace: 9706K(12544K)->9706K(12544K) NonClass: 8540K(11008K)->8540K(11008K) Class: 1166K(1536K)->1166K(1536K)
[2025-08-01T02:37:48.058+0000] GC(1600) Pause Young (Normal) (G1 Evacuation Pause) 3388M->3391M(4096M) 57.239ms
[2025-08-01T02:37:48.058+0000] GC(1600) User=0.44s Sys=0.00s Real=0.06s
[2025-08-01T02:37:48.077+0000] GC(1601) Pause Young (Normal) (G1 Evacuation Pause)
[2025-08-01T02:37:48.077+0000] GC(1601) Using 8 workers of 8 for evacuation
[2025-08-01T02:37:48.109+0000] GC(1601)   Pre Evacuate Collection Set: 0.1ms
[2025-08-01T02:37:48.109+0000] GC(1601)   Evacuate Collection Set: 31.6ms
[2025-08-01T02:37:48.109+0000] GC(1601)   Post Evacuate Collection Set: 0.5ms
[2025-08-01T02:37:48.109+0000] GC(1601)   Other: 0.3ms
[2025-08-01T02:37:48.110+0000] GC(1601) Eden regions: 89->0(89)
[2025-08-01T02:37:48.110+0000] GC(1601) Survivor regions: 13->13(13)
[2025-08-01T02:37:48.110+0000] GC(1601) Old regions: 1684->1775
[2025-08-01T02:37:48.110+0000] GC(1601) Humongous regions: 0->0
[2025-08-01T02:37:48.110+0000] GC(1601) Metaspace: 9706K(12544K)->9706K(12544K) NonClass: 8540K(11008K)->8540K(11008K) Class: 1166K(1536K)->1166K(1536K)
[2025-08-01T02:37:48.110+0000] GC(1601) Pause Young (Normal) (G1 Evacuation Pause) 3569M->3572M(4096M) 32.618ms
[2025-08-01T02:37:48.110+0000] GC(1601) User=0.24s Sys=0.00s Real=0.03s
[2025-08-01T02:37:48.170+0000] GC(1590) Concurrent Rebuild Remembered Sets 661.298ms
[2025-08-01T02:37:48.171+0000] GC(1590) Pause Cleanup
[2025-08-01T02:37:48.172+0000] GC(1590) Pause Cleanup 3702M->3702M(4096M) 0.814ms
[2025-08-01T02:37:48.172+0000] GC(1590) User=0.01s Sys=0.00s Real=0.00s
[2025-08-01T02:37:48.172+0000] GC(1590) Concurrent Cleanup for Next Mark
[2025-08-01T02:37:48.180+0000] GC(1602) Pause Young (Prepare Mixed) (G1 Evacuation Pause)
[2025-08-01T02:37:48.180+0000] GC(1602) Using 8 workers of 8 for evacuation
[2025-08-01T02:37:48.214+0000] GC(1602)   Pre Evacuate Collection Set: 0.1ms
[2025-08-01T02:37:48.214+0000] GC(1602)   Evacuate Collection Set: 33.3ms
[2025-08-01T02:37:48.214+0000] GC(1602)   Post Evacuate Collection Set: 0.7ms
[2025-08-01T02:37:48.214+0000] GC(1602)   Other: 0.3ms
[2025-08-01T02:37:48.214+0000] GC(1602) Eden regions: 89->0(89)
[2025-08-01T02:37:48.214+0000] GC(1602) Survivor regions: 13->13(13)
[2025-08-01T02:37:48.214+0000] GC(1602) Old regions: 1775->1854
[2025-08-01T02:37:48.214+0000] GC(1602) Humongous regions: 0->0
[2025-08-01T02:37:48.214+0000] GC(1602) Metaspace: 9706K(12544K)->9706K(12544K) NonClass: 8540K(11008K)->8540K(11008K) Class: 1166K(1536K)->1166K(1536K)
[2025-08-01T02:37:48.214+0000] GC(1602) Pause Young (Prepare Mixed) (G1 Evacuation Pause) 3750M->3730M(4096M) 34.562ms
[2025-08-01T02:37:48.214+0000] GC(1602) User=0.26s Sys=0.00s Real=0.04s
[2025-08-01T02:37:48.224+0000] GC(1590) Concurrent Cleanup for Next Mark 52.316ms
[2025-08-01T02:37:48.224+0000] GC(1590) Concurrent Cycle 1234.073ms
[2025-08-01T02:37:48.235+0000] GC(1603) Pause Young (Mixed) (G1 Evacuation Pause)
[2025-08-01T02:37:48.235+0000] GC(1603) Using 8 workers of 8 for evacuation
[2025-08-01T02:37:48.270+0000] GC(1603) To-space exhausted
[2025-08-01T02:37:48.270+0000] GC(1603)   Pre Evacuate Collection Set: 0.1ms
[2025-08-01T02:37:48.270+0000] GC(1603)   Evacuate Collection Set: 31.7ms
[2025-08-01T02:37:48.270+0000] GC(1603)   Post Evacuate Collection Set: 2.8ms
[2025-08-01T02:37:48.270+0000] GC(1603)   Other: 0.5ms
[2025-08-01T02:37:48.270+0000] GC(1603) Eden regions: 89->0(89)
[2025-08-01T02:37:48.270+0000] GC(1603) Survivor regions: 13->13(13)
[2025-08-01T02:37:48.270+0000] GC(1603) Old regions: 1854->1925
[2025-08-01T02:37:48.270+0000] GC(1603) Humongous regions: 0->0
[2025-08-01T02:37:48.270+0000] GC(1603) Metaspace: 9706K(12544K)->9706K(12544K) NonClass: 8540K(11008K)->8540K(11008K) Class: 1166K(1536K)->1166K(1536K)
[2025-08-01T02:37:48.270+0000] GC(1603) Pause Young (Mixed) (G1 Evacuation Pause) 3908M->3873M(4096M) 35.219ms
[2025-08-01T02:37:48.270+0000] GC(1603) User=0.26s Sys=0.00s Real=0.03s
[2025-08-01T02:37:48.336+0000] GC(1604) Pause Young (Concurrent Start) (G1 Evacuation Pause)
[2025-08-01T02:37:48.336+0000] GC(1604) Using 8 workers of 8 for evacuation
[2025-08-01T02:37:48.411+0000] GC(1604) To-space exhausted
[2025-08-01T02:37:48.411+0000] GC(1604)   Pre Evacuate Collection Set: 0.1ms
[2025-08-01T02:37:48.411+0000] GC(1604)   Evacuate Collection Set: 55.9ms
[2025-08-01T02:37:48.411+0000] GC(1604)   Post Evacuate Collection Set: 18.4ms
[2025-08-01T02:37:48.411+0000] GC(1604)   Other: 0.8ms
[2025-08-01T02:37:48.411+0000] GC(1604) Eden regions: 89->0(89)
[2025-08-01T02:37:48.411+0000] GC(1604) Survivor regions: 13->13(13)
[2025-08-01T02:37:48.411+0000] GC(1604) Old regions: 1925->2013
[2025-08-01T02:37:48.411+0000] GC(1604) Humongous regions: 0->0
[2025-08-01T02:37:48.411+0000] GC(1604) Metaspace: 9706K(12544K)->9706K(12544K) NonClass: 8540K(11008K)->8540K(11008K) Class: 1166K(1536K)->1166K(1536K)
[2025-08-01T02:37:48.411+0000] GC(1604) Pause Young (Concurrent Start) (G1 Evacuation Pause) 4051M->4049M(4096M) 75.348ms
[2025-08-01T02:37:48.411+0000] GC(1604) User=0.53s Sys=0.01s Real=0.07s
[2025-08-01T02:37:48.411+0000] GC(1605) Concurrent Cycle
[2025-08-01T02:37:48.411+0000] GC(1605) Concurrent Clear Claimed Marks
[2025-08-01T02:37:48.411+0000] GC(1605) Concurrent Clear Claimed Marks 0.064ms
[2025-08-01T02:37:48.411+0000] GC(1605) Concurrent Scan Root Regions
[2025-08-01T02:37:48.419+0000] GC(1605) Concurrent Scan Root Regions 7.421ms
[2025-08-01T02:37:48.419+0000] GC(1605) Concurrent Mark (207.414s)
[2025-08-01T02:37:48.419+0000] GC(1605) Concurrent Mark From Roots
[2025-08-01T02:37:48.419+0000] GC(1605) Using 2 workers of 2 for marking
[2025-08-01T02:37:48.419+0000] GC(1606) Pause Young (Normal) (G1 Evacuation Pause)
[2025-08-01T02:37:48.419+0000] GC(1606) Using 8 workers of 8 for evacuation
[2025-08-01T02:37:48.449+0000] GC(1606) To-space exhausted
[2025-08-01T02:37:48.449+0000] GC(1606)   Pre Evacuate Collection Set: 0.7ms
[2025-08-01T02:37:48.450+0000] GC(1606)   Evacuate Collection Set: 17.8ms
[2025-08-01T02:37:48.450+0000] GC(1606)   Post Evacuate Collection Set: 12.2ms
[2025-08-01T02:37:48.450+0000] GC(1606)   Other: 0.4ms
[2025-08-01T02:37:48.450+0000] GC(1606) Eden regions: 22->0(102)
[2025-08-01T02:37:48.450+0000] GC(1606) Survivor regions: 13->0(13)
[2025-08-01T02:37:48.450+0000] GC(1606) Old regions: 2013->2048
[2025-08-01T02:37:48.450+0000] GC(1606) Humongous regions: 0->0
[2025-08-01T02:37:48.450+0000] GC(1606) Metaspace: 9706K(12544K)->9706K(12544K) NonClass: 8540K(11008K)->8540K(11008K) Class: 1166K(1536K)->1166K(1536K)
[2025-08-01T02:37:48.450+0000] GC(1606) Pause Young (Normal) (G1 Evacuation Pause) 4093M->4093M(4096M) 30.689ms
[2025-08-01T02:37:48.450+0000] GC(1606) User=0.18s Sys=0.00s Real=0.03s
[2025-08-01T02:37:48.450+0000] GC(1607) Using 8 workers of 8 for full compaction
[2025-08-01T02:37:48.450+0000] GC(1607) Pause Full (G1 Evacuation Pause)
[2025-08-01T02:37:48.461+0000] GC(1607) Phase 1: Mark live objects
[2025-08-01T02:37:48.503+0000] GC(1607) Cleaned string and symbol table, strings: 2833 processed, 0 removed, symbols: 23489 processed, 0 removed
[2025-08-01T02:37:48.503+0000] GC(1607) Phase 1: Mark live objects 42.237ms
[2025-08-01T02:37:48.503+0000] GC(1607) Phase 2: Prepare for compaction
[2025-08-01T02:37:48.528+0000] GC(1607) Phase 2: Prepare for compaction 25.669ms
[2025-08-01T02:37:48.529+0000] GC(1607) Phase 3: Adjust pointers
[2025-08-01T02:37:48.553+0000] GC(1607) Phase 3: Adjust pointers 24.184ms
[2025-08-01T02:37:48.553+0000] GC(1607) Phase 4: Compact heap
[2025-08-01T02:37:48.631+0000] GC(1607) Phase 4: Compact heap 78.425ms
[2025-08-01T02:37:48.634+0000] GC(1607) Eden regions: 0->0(512)
[2025-08-01T02:37:48.634+0000] GC(1607) Survivor regions: 0->0(13)
[2025-08-01T02:37:48.634+0000] GC(1607) Old regions: 2048->257
[2025-08-01T02:37:48.634+0000] GC(1607) Humongous regions: 0->0
[2025-08-01T02:37:48.634+0000] GC(1607) Metaspace: 9706K(12544K)->9706K(12544K) NonClass: 8540K(11008K)->8540K(11008K) Class: 1166K(1536K)->1166K(1536K)
[2025-08-01T02:37:48.634+0000] GC(1607) Pause Full (G1 Evacuation Pause) 4093M->502M(4096M) 183.779ms
[2025-08-01T02:37:48.634+0000] GC(1607) User=1.26s Sys=0.03s Real=0.19s
[2025-08-01T02:37:48.634+0000] GC(1605) Concurrent Mark From Roots 215.453ms
[2025-08-01T02:37:48.634+0000] GC(1605) Concurrent Mark Abort
[2025-08-01T02:37:48.634+0000] GC(1605) Concurrent Cycle 223.227ms
[2025-08-01T02:37:48.863+0000] GC(1608) Pause Young (Normal) (G1 Evacuation Pause)
[2025-08-01T02:37:48.863+0000] GC(1608) Using 8 workers of 8 for evacuation
[2025-08-01T02:37:49.014+0000] GC(1608)   Pre Evacuate Collection Set: 0.1ms
[2025-08-01T02:37:49.015+0000] GC(1608)   Evacuate Collection Set: 150.2ms
[2025-08-01T02:37:49.015+0000] GC(1608)   Post Evacuate Collection Set: 1.0ms
[2025-08-01T02:37:49.015+0000] GC(1608)   Other: 0.5ms
[2025-08-01T02:37:49.015+0000] GC(1608) Eden regions: 512->0(374)
[2025-08-01T02:37:49.015+0000] GC(1608) Survivor regions: 0->64(64)
[2025-08-01T02:37:49.015+0000] GC(1608) Old regions: 257->624
[2025-08-01T02:37:49.015+0000] GC(1608) Humongous regions: 0->0
[2025-08-01T02:37:49.015+0000] GC(1608) Metaspace: 9706K(12544K)->9706K(12544K) NonClass: 8540K(11008K)->8540K(11008K) Class: 1166K(1536K)->1166K(1536K)
[2025-08-01T02:37:49.015+0000] GC(1608) Pause Young (Normal) (G1 Evacuation Pause) 1526M->1364M(4096M) 152.039ms
[2025-08-01T02:37:49.015+0000] GC(1608) User=1.14s Sys=0.02s Real=0.16s
[2025-08-01T02:37:49.177+0000] GC(1609) Pause Young (Concurrent Start) (G1 Evacuation Pause)
[2025-08-01T02:37:49.177+0000] GC(1609) Using 8 workers of 8 for evacuation
[2025-08-01T02:37:49.315+0000] GC(1609)   Pre Evacuate Collection Set: 0.2ms
[2025-08-01T02:37:49.315+0000] GC(1609)   Evacuate Collection Set: 135.7ms
[2025-08-01T02:37:49.315+0000] GC(1609)   Post Evacuate Collection Set: 2.1ms
[2025-08-01T02:37:49.315+0000] GC(1609)   Other: 0.7ms
[2025-08-01T02:37:49.315+0000] GC(1609) Eden regions: 374->0(359)
[2025-08-01T02:37:49.315+0000] GC(1609) Survivor regions: 64->55(55)
[2025-08-01T02:37:49.315+0000] GC(1609) Old regions: 624->745
[2025-08-01T02:37:49.315+0000] GC(1609) Humongous regions: 0->0
[2025-08-01T02:37:49.315+0000] GC(1609) Metaspace: 9706K(12544K)->9706K(12544K) NonClass: 8540K(11008K)->8540K(11008K) Class: 1166K(1536K)->1166K(1536K)
[2025-08-01T02:37:49.316+0000] GC(1609) Pause Young (Concurrent Start) (G1 Evacuation Pause) 2112M->1588M(4096M) 138.894ms
[2025-08-01T02:37:49.316+0000] GC(1609) User=1.02s Sys=0.03s Real=0.14s
[2025-08-01T02:37:49.316+0000] GC(1610) Concurrent Cycle
[2025-08-01T02:37:49.316+0000] GC(1610) Concurrent Clear Claimed Marks
[2025-08-01T02:37:49.316+0000] GC(1610) Concurrent Clear Claimed Marks 0.107ms
[2025-08-01T02:37:49.316+0000] GC(1610) Concurrent Scan Root Regions
[2025-08-01T02:37:49.337+0000] GC(1610) Concurrent Scan Root Regions 20.601ms
[2025-08-01T02:37:49.337+0000] GC(1610) Concurrent Mark (208.332s)
[2025-08-01T02:37:49.337+0000] GC(1610) Concurrent Mark From Roots
[2025-08-01T02:37:49.337+0000] GC(1610) Using 2 workers of 2 for marking
[2025-08-01T02:37:49.454+0000] GC(1610) Concurrent Mark From Roots 116.758ms
[2025-08-01T02:37:49.454+0000] GC(1610) Concurrent Preclean
[2025-08-01T02:37:49.454+0000] GC(1610) Concurrent Preclean 0.403ms
[2025-08-01T02:37:49.454+0000] GC(1610) Concurrent Mark (208.332s, 208.450s) 117.292ms
[2025-08-01T02:37:49.455+0000] GC(1610) Pause Remark
[2025-08-01T02:37:49.458+0000] GC(1610) Cleaned string and symbol table, strings: 2833 processed, 0 removed, symbols: 23489 processed, 0 removed
[2025-08-01T02:37:49.459+0000] GC(1610) Pause Remark 2197M->1532M(4096M) 4.219ms
[2025-08-01T02:37:49.459+0000] GC(1610) User=0.01s Sys=0.00s Real=0.00s
[2025-08-01T02:37:49.459+0000] GC(1610) Concurrent Rebuild Remembered Sets
[2025-08-01T02:37:49.479+0000] GC(1611) Pause Young (Normal) (G1 Evacuation Pause)
[2025-08-01T02:37:49.479+0000] GC(1611) Using 8 workers of 8 for evacuation
[2025-08-01T02:37:49.582+0000] GC(1611)   Pre Evacuate Collection Set: 0.1ms
[2025-08-01T02:37:49.582+0000] GC(1611)   Evacuate Collection Set: 101.4ms
[2025-08-01T02:37:49.582+0000] GC(1611)   Post Evacuate Collection Set: 0.9ms
[2025-08-01T02:37:49.582+0000] GC(1611)   Other: 0.4ms
[2025-08-01T02:37:49.582+0000] GC(1611) Eden regions: 359->0(394)
[2025-08-01T02:37:49.582+0000] GC(1611) Survivor regions: 55->52(52)
[2025-08-01T02:37:49.582+0000] GC(1611) Old regions: 408->655
[2025-08-01T02:37:49.582+0000] GC(1611) Humongous regions: 0->0
[2025-08-01T02:37:49.582+0000] GC(1611) Metaspace: 9706K(12544K)->9706K(12544K) NonClass: 8540K(11008K)->8540K(11008K) Class: 1166K(1536K)->1166K(1536K)
[2025-08-01T02:37:49.582+0000] GC(1611) Pause Young (Normal) (G1 Evacuation Pause) 1641M->1411M(4096M) 102.872ms
[2025-08-01T02:37:49.582+0000] GC(1611) User=0.78s Sys=0.02s Real=0.10s
[2025-08-01T02:37:49.636+0000] GC(1610) Concurrent Rebuild Remembered Sets 177.117ms
[2025-08-01T02:37:49.636+0000] GC(1610) Pause Cleanup
[2025-08-01T02:37:49.637+0000] GC(1610) Pause Cleanup 1716M->1716M(4096M) 0.675ms
[2025-08-01T02:37:49.637+0000] GC(1610) User=0.00s Sys=0.00s Real=0.00s
[2025-08-01T02:37:49.637+0000] GC(1610) Concurrent Cleanup for Next Mark
[2025-08-01T02:37:49.645+0000] GC(1610) Concurrent Cleanup for Next Mark 7.378ms
[2025-08-01T02:37:49.645+0000] GC(1610) Concurrent Cycle 328.972ms
[2025-08-01T02:37:49.745+0000] GC(1612) Pause Young (Prepare Mixed) (G1 Evacuation Pause)
[2025-08-01T02:37:49.745+0000] GC(1612) Using 8 workers of 8 for evacuation
[2025-08-01T02:37:49.891+0000] GC(1612)   Pre Evacuate Collection Set: 0.2ms
[2025-08-01T02:37:49.891+0000] GC(1612)   Evacuate Collection Set: 144.3ms
[2025-08-01T02:37:49.891+0000] GC(1612)   Post Evacuate Collection Set: 1.2ms
[2025-08-01T02:37:49.891+0000] GC(1612)   Other: 0.3ms
[2025-08-01T02:37:49.891+0000] GC(1612) Eden regions: 394->0(46)
[2025-08-01T02:37:49.891+0000] GC(1612) Survivor regions: 52->56(56)
[2025-08-01T02:37:49.891+0000] GC(1612) Old regions: 655->969
[2025-08-01T02:37:49.891+0000] GC(1612) Humongous regions: 0->0
[2025-08-01T02:37:49.891+0000] GC(1612) Metaspace: 9706K(12544K)->9706K(12544K) NonClass: 8540K(11008K)->8540K(11008K) Class: 1166K(1536K)->1166K(1536K)
[2025-08-01T02:37:49.891+0000] GC(1612) Pause Young (Prepare Mixed) (G1 Evacuation Pause) 2199M->2046M(4096M) 146.120ms
[2025-08-01T02:37:49.891+0000] GC(1612) User=1.01s Sys=0.04s Real=0.14s
[2025-08-01T02:37:49.900+0000] GC(1613) Pause Young (Mixed) (G1 Evacuation Pause)
[2025-08-01T02:37:49.900+0000] GC(1613) Using 8 workers of 8 for evacuation
[2025-08-01T02:37:49.934+0000] GC(1613)   Pre Evacuate Collection Set: 0.2ms
[2025-08-01T02:37:49.934+0000] GC(1613)   Evacuate Collection Set: 32.3ms
[2025-08-01T02:37:49.934+0000] GC(1613)   Post Evacuate Collection Set: 1.1ms
[2025-08-01T02:37:49.934+0000] GC(1613)   Other: 0.4ms
[2025-08-01T02:37:49.934+0000] GC(1613) Eden regions: 46->0(305)
[2025-08-01T02:37:49.934+0000] GC(1613) Survivor regions: 56->13(13)
[2025-08-01T02:37:49.934+0000] GC(1613) Old regions: 969->917
[2025-08-01T02:37:49.934+0000] GC(1613) Humongous regions: 0->0
[2025-08-01T02:37:49.934+0000] GC(1613) Metaspace: 9706K(12544K)->9706K(12544K) NonClass: 8540K(11008K)->8540K(11008K) Class: 1166K(1536K)->1166K(1536K)
[2025-08-01T02:37:49.934+0000] GC(1613) Pause Young (Mixed) (G1 Evacuation Pause) 2138M->1856M(4096M) 34.173ms
[2025-08-01T02:37:49.934+0000] GC(1613) User=0.25s Sys=0.00s Real=0.04s
[2025-08-01T02:37:50.094+0000] GC(1614) Pause Young (Concurrent Start) (G1 Evacuation Pause)
[2025-08-01T02:37:50.094+0000] GC(1614) Using 8 workers of 8 for evacuation
[2025-08-01T02:37:50.257+0000] GC(1614)   Pre Evacuate Collection Set: 0.1ms
[2025-08-01T02:37:50.257+0000] GC(1614)   Evacuate Collection Set: 161.4ms
[2025-08-01T02:37:50.257+0000] GC(1614)   Post Evacuate Collection Set: 1.0ms
[2025-08-01T02:37:50.257+0000] GC(1614)   Other: 0.5ms
[2025-08-01T02:37:50.257+0000] GC(1614) Eden regions: 305->0(214)
[2025-08-01T02:37:50.257+0000] GC(1614) Survivor regions: 13->40(40)
[2025-08-01T02:37:50.257+0000] GC(1614) Old regions: 917->1135
[2025-08-01T02:37:50.257+0000] GC(1614) Humongous regions: 0->0
[2025-08-01T02:37:50.257+0000] GC(1614) Metaspace: 9706K(12544K)->9706K(12544K) NonClass: 8540K(11008K)->8540K(11008K) Class: 1166K(1536K)->1166K(1536K)
[2025-08-01T02:37:50.257+0000] GC(1614) Pause Young (Concurrent Start) (G1 Evacuation Pause) 2466M->2346M(4096M) 163.171ms
[2025-08-01T02:37:50.257+0000] GC(1614) User=1.23s Sys=0.05s Real=0.16s
[2025-08-01T02:37:50.257+0000] GC(1615) Concurrent Cycle
[2025-08-01T02:37:50.257+0000] GC(1615) Concurrent Clear Claimed Marks
[2025-08-01T02:37:50.258+0000] GC(1615) Concurrent Clear Claimed Marks 0.058ms
[2025-08-01T02:37:50.258+0000] GC(1615) Concurrent Scan Root Regions
[2025-08-01T02:37:50.272+0000] GC(1615) Concurrent Scan Root Regions 14.368ms
[2025-08-01T02:37:50.272+0000] GC(1615) Concurrent Mark (209.268s)
[2025-08-01T02:37:50.272+0000] GC(1615) Concurrent Mark From Roots
[2025-08-01T02:37:50.272+0000] GC(1615) Using 2 workers of 2 for marking
[2025-08-01T02:37:50.351+0000] GC(1616) Pause Young (Normal) (G1 Evacuation Pause)
[2025-08-01T02:37:50.351+0000] GC(1616) Using 8 workers of 8 for evacuation
[2025-08-01T02:37:50.424+0000] GC(1616)   Pre Evacuate Collection Set: 0.1ms
[2025-08-01T02:37:50.425+0000] GC(1616)   Evacuate Collection Set: 72.2ms
[2025-08-01T02:37:50.425+0000] GC(1616)   Post Evacuate Collection Set: 0.9ms
[2025-08-01T02:37:50.425+0000] GC(1616)   Other: 0.3ms
[2025-08-01T02:37:50.425+0000] GC(1616) Eden regions: 214->0(164)
[2025-08-01T02:37:50.425+0000] GC(1616) Survivor regions: 40->32(32)
[2025-08-01T02:37:50.425+0000] GC(1616) Old regions: 1135->1303
[2025-08-01T02:37:50.425+0000] GC(1616) Humongous regions: 0->0
[2025-08-01T02:37:50.425+0000] GC(1616) Metaspace: 9706K(12544K)->9706K(12544K) NonClass: 8540K(11008K)->8540K(11008K) Class: 1166K(1536K)->1166K(1536K)
[2025-08-01T02:37:50.425+0000] GC(1616) Pause Young (Normal) (G1 Evacuation Pause) 2774M->2667M(4096M) 73.657ms
[2025-08-01T02:37:50.425+0000] GC(1616) User=0.56s Sys=0.02s Real=0.08s
[2025-08-01T02:37:50.507+0000] GC(1617) Pause Young (Normal) (G1 Evacuation Pause)
[2025-08-01T02:37:50.507+0000] GC(1617) Using 8 workers of 8 for evacuation
[2025-08-01T02:37:50.583+0000] GC(1617)   Pre Evacuate Collection Set: 0.1ms
[2025-08-01T02:37:50.583+0000] GC(1617)   Evacuate Collection Set: 75.0ms
[2025-08-01T02:37:50.583+0000] GC(1617)   Post Evacuate Collection Set: 1.0ms
[2025-08-01T02:37:50.583+0000] GC(1617)   Other: 0.4ms
[2025-08-01T02:37:50.583+0000] GC(1617) Eden regions: 164->0(129)
[2025-08-01T02:37:50.583+0000] GC(1617) Survivor regions: 32->25(25)
[2025-08-01T02:37:50.583+0000] GC(1617) Old regions: 1303->1425
[2025-08-01T02:37:50.583+0000] GC(1617) Humongous regions: 0->0
[2025-08-01T02:37:50.583+0000] GC(1617) Metaspace: 9706K(12544K)->9706K(12544K) NonClass: 8540K(11008K)->8540K(11008K) Class: 1166K(1536K)->1166K(1536K)
[2025-08-01T02:37:50.584+0000] GC(1617) Pause Young (Normal) (G1 Evacuation Pause) 2995M->2897M(4096M) 76.555ms
[2025-08-01T02:37:50.584+0000] GC(1617) User=0.57s Sys=0.02s Real=0.08s
[2025-08-01T02:37:50.608+0000] GC(1615) Concurrent Mark From Roots 336.205ms
[2025-08-01T02:37:50.610+0000] GC(1615) Concurrent Preclean
[2025-08-01T02:37:50.613+0000] GC(1615) Concurrent Preclean 3.060ms
[2025-08-01T02:37:50.613+0000] GC(1615) Concurrent Mark (209.268s, 209.609s) 341.269ms
[2025-08-01T02:37:50.614+0000] GC(1615) Pause Remark
[2025-08-01T02:37:50.620+0000] GC(1615) Cleaned string and symbol table, strings: 2833 processed, 0 removed, symbols: 23489 processed, 0 removed
[2025-08-01T02:37:50.621+0000] GC(1615) Pause Remark 3145M->1957M(4096M) 7.056ms
[2025-08-01T02:37:50.621+0000] GC(1615) User=0.02s Sys=0.00s Real=0.00s
[2025-08-01T02:37:50.621+0000] GC(1615) Concurrent Rebuild Remembered Sets
[2025-08-01T02:37:50.624+0000] GC(1618) Pause Young (Normal) (G1 Evacuation Pause)
[2025-08-01T02:37:50.624+0000] GC(1618) Using 8 workers of 8 for evacuation
[2025-08-01T02:37:50.686+0000] GC(1618)   Pre Evacuate Collection Set: 0.1ms
[2025-08-01T02:37:50.686+0000] GC(1618)   Evacuate Collection Set: 60.9ms
[2025-08-01T02:37:50.686+0000] GC(1618)   Post Evacuate Collection Set: 0.9ms
[2025-08-01T02:37:50.686+0000] GC(1618)   Other: 0.4ms
[2025-08-01T02:37:50.686+0000] GC(1618) Eden regions: 129->0(289)
[2025-08-01T02:37:50.686+0000] GC(1618) Survivor regions: 25->20(20)
[2025-08-01T02:37:50.686+0000] GC(1618) Old regions: 831->967
[2025-08-01T02:37:50.686+0000] GC(1618) Humongous regions: 0->0
[2025-08-01T02:37:50.686+0000] GC(1618) Metaspace: 9706K(12544K)->9706K(12544K) NonClass: 8540K(11008K)->8540K(11008K) Class: 1166K(1536K)->1166K(1536K)
[2025-08-01T02:37:50.686+0000] GC(1618) Pause Young (Normal) (G1 Evacuation Pause) 1967M->1970M(4096M) 62.448ms
[2025-08-01T02:37:50.686+0000] GC(1618) User=0.44s Sys=0.02s Real=0.06s
[2025-08-01T02:37:50.846+0000] GC(1619) Pause Young (Normal) (G1 Evacuation Pause)
[2025-08-01T02:37:50.846+0000] GC(1619) Using 8 workers of 8 for evacuation
[2025-08-01T02:37:50.924+0000] GC(1619)   Pre Evacuate Collection Set: 0.1ms
[2025-08-01T02:37:50.925+0000] GC(1619)   Evacuate Collection Set: 77.1ms
[2025-08-01T02:37:50.925+0000] GC(1619)   Post Evacuate Collection Set: 0.9ms
[2025-08-01T02:37:50.925+0000] GC(1619)   Other: 0.2ms
[2025-08-01T02:37:50.925+0000] GC(1619) Eden regions: 289->0(231)
[2025-08-01T02:37:50.925+0000] GC(1619) Survivor regions: 20->39(39)
[2025-08-01T02:37:50.925+0000] GC(1619) Old regions: 967->1126
[2025-08-01T02:37:50.925+0000] GC(1619) Humongous regions: 0->0
[2025-08-01T02:37:50.925+0000] GC(1619) Metaspace: 9706K(12544K)->9706K(12544K) NonClass: 8540K(11008K)->8540K(11008K) Class: 1166K(1536K)->1166K(1536K)
[2025-08-01T02:37:50.925+0000] GC(1619) Pause Young (Normal) (G1 Evacuation Pause) 2548M->2326M(4096M) 78.393ms
[2025-08-01T02:37:50.925+0000] GC(1619) User=0.53s Sys=0.02s Real=0.08s
[2025-08-01T02:37:50.994+0000] GC(1615) Concurrent Rebuild Remembered Sets 372.964ms
[2025-08-01T02:37:50.995+0000] GC(1615) Pause Cleanup
[2025-08-01T02:37:50.996+0000] GC(1615) Pause Cleanup 2554M->2554M(4096M) 0.769ms
[2025-08-01T02:37:50.996+0000] GC(1615) User=0.00s Sys=0.00s Real=0.00s
[2025-08-01T02:37:50.996+0000] GC(1615) Concurrent Cleanup for Next Mark
[2025-08-01T02:37:51.011+0000] GC(1615) Concurrent Cleanup for Next Mark 15.156ms
[2025-08-01T02:37:51.011+0000] GC(1615) Concurrent Cycle 753.774ms
[2025-08-01T02:37:51.022+0000] GC(1620) Pause Young (Prepare Mixed) (G1 Evacuation Pause)
[2025-08-01T02:37:51.023+0000] GC(1620) Using 8 workers of 8 for evacuation
[2025-08-01T02:37:51.106+0000] GC(1620)   Pre Evacuate Collection Set: 0.1ms
[2025-08-01T02:37:51.106+0000] GC(1620)   Evacuate Collection Set: 82.3ms
[2025-08-01T02:37:51.106+0000] GC(1620)   Post Evacuate Collection Set: 0.9ms
[2025-08-01T02:37:51.106+0000] GC(1620)   Other: 0.3ms
[2025-08-01T02:37:51.106+0000] GC(1620) Eden regions: 231->0(68)
[2025-08-01T02:37:51.106+0000] GC(1620) Survivor regions: 39->34(34)
[2025-08-01T02:37:51.106+0000] GC(1620) Old regions: 1126->1362
[2025-08-01T02:37:51.106+0000] GC(1620) Humongous regions: 0->0
[2025-08-01T02:37:51.106+0000] GC(1620) Metaspace: 9706K(12544K)->9706K(12544K) NonClass: 8540K(11008K)->8540K(11008K) Class: 1166K(1536K)->1166K(1536K)
[2025-08-01T02:37:51.106+0000] GC(1620) Pause Young (Prepare Mixed) (G1 Evacuation Pause) 2788M->2789M(4096M) 83.754ms
[2025-08-01T02:37:51.106+0000] GC(1620) User=0.65s Sys=0.01s Real=0.09s
[2025-08-01T02:37:51.165+0000] GC(1621) Pause Young (Mixed) (G1 Evacuation Pause)
[2025-08-01T02:37:51.165+0000] GC(1621) Using 8 workers of 8 for evacuation
[2025-08-01T02:37:51.209+0000] GC(1621)   Pre Evacuate Collection Set: 0.1ms
[2025-08-01T02:37:51.209+0000] GC(1621)   Evacuate Collection Set: 41.1ms
[2025-08-01T02:37:51.209+0000] GC(1621)   Post Evacuate Collection Set: 2.4ms
[2025-08-01T02:37:51.209+0000] GC(1621)   Other: 0.5ms
[2025-08-01T02:37:51.209+0000] GC(1621) Eden regions: 68->0(146)
[2025-08-01T02:37:51.209+0000] GC(1621) Survivor regions: 34->13(13)
[2025-08-01T02:37:51.209+0000] GC(1621) Old regions: 1362->1378
[2025-08-01T02:37:51.209+0000] GC(1621) Humongous regions: 0->0
[2025-08-01T02:37:51.209+0000] GC(1621) Metaspace: 9706K(12544K)->9706K(12544K) NonClass: 8540K(11008K)->8540K(11008K) Class: 1166K(1536K)->1166K(1536K)
[2025-08-01T02:37:51.209+0000] GC(1621) Pause Young (Mixed) (G1 Evacuation Pause) 2925M->2778M(4096M) 44.232ms
[2025-08-01T02:37:51.209+0000] GC(1621) User=0.32s Sys=0.01s Real=0.04s
[2025-08-01T02:37:51.241+0000] GC(1622) Pause Young (Concurrent Start) (G1 Evacuation Pause)
[2025-08-01T02:37:51.241+0000] GC(1622) Using 8 workers of 8 for evacuation
[2025-08-01T02:37:51.319+0000] GC(1622)   Pre Evacuate Collection Set: 0.1ms
[2025-08-01T02:37:51.319+0000] GC(1622)   Evacuate Collection Set: 76.5ms
[2025-08-01T02:37:51.319+0000] GC(1622)   Post Evacuate Collection Set: 0.6ms
[2025-08-01T02:37:51.319+0000] GC(1622)   Other: 0.4ms
[2025-08-01T02:37:51.319+0000] GC(1622) Eden regions: 146->0(96)
[2025-08-01T02:37:51.319+0000] GC(1622) Survivor regions: 13->20(20)
[2025-08-01T02:37:51.319+0000] GC(1622) Old regions: 1378->1519
[2025-08-01T02:37:51.319+0000] GC(1622) Humongous regions: 0->0
[2025-08-01T02:37:51.319+0000] GC(1622) Metaspace: 9706K(12544K)->9706K(12544K) NonClass: 8540K(11008K)->8540K(11008K) Class: 1166K(1536K)->1166K(1536K)
[2025-08-01T02:37:51.319+0000] GC(1622) Pause Young (Concurrent Start) (G1 Evacuation Pause) 3070M->3074M(4096M) 77.773ms
[2025-08-01T02:37:51.319+0000] GC(1622) User=0.59s Sys=0.01s Real=0.08s
[2025-08-01T02:37:51.319+0000] GC(1623) Concurrent Cycle
[2025-08-01T02:37:51.319+0000] GC(1623) Concurrent Clear Claimed Marks
[2025-08-01T02:37:51.319+0000] GC(1623) Concurrent Clear Claimed Marks 0.062ms
[2025-08-01T02:37:51.319+0000] GC(1623) Concurrent Scan Root Regions
[2025-08-01T02:37:51.325+0000] GC(1623) Concurrent Scan Root Regions 5.606ms
[2025-08-01T02:37:51.325+0000] GC(1623) Concurrent Mark (210.320s)
[2025-08-01T02:37:51.325+0000] GC(1623) Concurrent Mark From Roots
[2025-08-01T02:37:51.325+0000] GC(1623) Using 2 workers of 2 for marking
[2025-08-01T02:37:51.382+0000] GC(1624) Pause Young (Normal) (G1 Evacuation Pause)
[2025-08-01T02:37:51.382+0000] GC(1624) Using 8 workers of 8 for evacuation
[2025-08-01T02:37:51.441+0000] GC(1624)   Pre Evacuate Collection Set: 0.1ms
[2025-08-01T02:37:51.441+0000] GC(1624)   Evacuate Collection Set: 58.4ms
[2025-08-01T02:37:51.441+0000] GC(1624)   Post Evacuate Collection Set: 0.7ms
[2025-08-01T02:37:51.441+0000] GC(1624)   Other: 0.2ms
[2025-08-01T02:37:51.441+0000] GC(1624) Eden regions: 96->0(87)
[2025-08-01T02:37:51.441+0000] GC(1624) Survivor regions: 20->15(15)
[2025-08-01T02:37:51.441+0000] GC(1624) Old regions: 1519->1610
[2025-08-01T02:37:51.441+0000] GC(1624) Humongous regions: 0->0
[2025-08-01T02:37:51.441+0000] GC(1624) Metaspace: 9706K(12544K)->9706K(12544K) NonClass: 8540K(11008K)->8540K(11008K) Class: 1166K(1536K)->1166K(1536K)
[2025-08-01T02:37:51.441+0000] GC(1624) Pause Young (Normal) (G1 Evacuation Pause) 3266M->3246M(4096M) 59.653ms
[2025-08-01T02:37:51.442+0000] GC(1624) User=0.44s Sys=0.00s Real=0.06s
[2025-08-01T02:37:51.459+0000] GC(1625) Pause Young (Normal) (G1 Evacuation Pause)
[2025-08-01T02:37:51.459+0000] GC(1625) Using 8 workers of 8 for evacuation
[2025-08-01T02:37:51.496+0000] GC(1625)   Pre Evacuate Collection Set: 0.1ms
[2025-08-01T02:37:51.496+0000] GC(1625)   Evacuate Collection Set: 35.9ms
[2025-08-01T02:37:51.496+0000] GC(1625)   Post Evacuate Collection Set: 0.8ms
[2025-08-01T02:37:51.496+0000] GC(1625)   Other: 0.3ms
[2025-08-01T02:37:51.497+0000] GC(1625) Eden regions: 87->0(89)
[2025-08-01T02:37:51.497+0000] GC(1625) Survivor regions: 15->13(13)
[2025-08-01T02:37:51.497+0000] GC(1625) Old regions: 1610->1700
[2025-08-01T02:37:51.497+0000] GC(1625) Humongous regions: 0->0
[2025-08-01T02:37:51.497+0000] GC(1625) Metaspace: 9706K(12544K)->9706K(12544K) NonClass: 8540K(11008K)->8540K(11008K) Class: 1166K(1536K)->1166K(1536K)
[2025-08-01T02:37:51.497+0000] GC(1625) Pause Young (Normal) (G1 Evacuation Pause) 3420M->3423M(4096M) 37.265ms
[2025-08-01T02:37:51.497+0000] GC(1625) User=0.28s Sys=0.01s Real=0.04s
[2025-08-01T02:37:51.561+0000] GC(1626) Pause Young (Normal) (G1 Evacuation Pause)
[2025-08-01T02:37:51.561+0000] GC(1626) Using 8 workers of 8 for evacuation
[2025-08-01T02:37:51.593+0000] GC(1626)   Pre Evacuate Collection Set: 0.1ms
[2025-08-01T02:37:51.593+0000] GC(1626)   Evacuate Collection Set: 31.3ms
[2025-08-01T02:37:51.594+0000] GC(1626)   Post Evacuate Collection Set: 0.6ms
[2025-08-01T02:37:51.594+0000] GC(1626)   Other: 0.3ms
[2025-08-01T02:37:51.594+0000] GC(1626) Eden regions: 89->0(89)
[2025-08-01T02:37:51.594+0000] GC(1626) Survivor regions: 13->13(13)
[2025-08-01T02:37:51.594+0000] GC(1626) Old regions: 1700->1764
[2025-08-01T02:37:51.594+0000] GC(1626) Humongous regions: 0->0
[2025-08-01T02:37:51.594+0000] GC(1626) Metaspace: 9706K(12544K)->9706K(12544K) NonClass: 8540K(11008K)->8540K(11008K) Class: 1166K(1536K)->1166K(1536K)
[2025-08-01T02:37:51.594+0000] GC(1626) Pause Young (Normal) (G1 Evacuation Pause) 3601M->3551M(4096M) 32.344ms
[2025-08-01T02:37:51.594+0000] GC(1626) User=0.23s Sys=0.00s Real=0.04s
[2025-08-01T02:37:51.612+0000] GC(1627) Pause Young (Normal) (G1 Evacuation Pause)
[2025-08-01T02:37:51.612+0000] GC(1627) Using 8 workers of 8 for evacuation
[2025-08-01T02:37:51.646+0000] GC(1627)   Pre Evacuate Collection Set: 0.1ms
[2025-08-01T02:37:51.646+0000] GC(1627)   Evacuate Collection Set: 32.9ms
[2025-08-01T02:37:51.646+0000] GC(1627)   Post Evacuate Collection Set: 0.5ms
[2025-08-01T02:37:51.646+0000] GC(1627)   Other: 0.4ms
[2025-08-01T02:37:51.646+0000] GC(1627) Eden regions: 89->0(89)
[2025-08-01T02:37:51.646+0000] GC(1627) Survivor regions: 13->13(13)
[2025-08-01T02:37:51.646+0000] GC(1627) Old regions: 1764->1855
[2025-08-01T02:37:51.646+0000] GC(1627) Humongous regions: 0->0
[2025-08-01T02:37:51.646+0000] GC(1627) Metaspace: 9706K(12544K)->9706K(12544K) NonClass: 8540K(11008K)->8540K(11008K) Class: 1166K(1536K)->1166K(1536K)
[2025-08-01T02:37:51.646+0000] GC(1627) Pause Young (Normal) (G1 Evacuation Pause) 3729M->3733M(4096M) 34.011ms
[2025-08-01T02:37:51.646+0000] GC(1627) User=0.25s Sys=0.00s Real=0.04s
[2025-08-01T02:37:51.715+0000] GC(1628) Pause Young (Normal) (G1 Evacuation Pause)
[2025-08-01T02:37:51.715+0000] GC(1628) Using 8 workers of 8 for evacuation
[2025-08-01T02:37:51.753+0000] GC(1628) To-space exhausted
[2025-08-01T02:37:51.753+0000] GC(1628)   Pre Evacuate Collection Set: 0.1ms
[2025-08-01T02:37:51.753+0000] GC(1628)   Evacuate Collection Set: 35.1ms
[2025-08-01T02:37:51.753+0000] GC(1628)   Post Evacuate Collection Set: 2.1ms
[2025-08-01T02:37:51.753+0000] GC(1628)   Other: 0.3ms
[2025-08-01T02:37:51.753+0000] GC(1628) Eden regions: 89->0(89)
[2025-08-01T02:37:51.753+0000] GC(1628) Survivor regions: 13->13(13)
[2025-08-01T02:37:51.753+0000] GC(1628) Old regions: 1855->1942
[2025-08-01T02:37:51.753+0000] GC(1628) Humongous regions: 0->0
[2025-08-01T02:37:51.753+0000] GC(1628) Metaspace: 9706K(12544K)->9706K(12544K) NonClass: 8540K(11008K)->8540K(11008K) Class: 1166K(1536K)->1166K(1536K)
[2025-08-01T02:37:51.753+0000] GC(1628) Pause Young (Normal) (G1 Evacuation Pause) 3911M->3907M(4096M) 37.747ms
[2025-08-01T02:37:51.753+0000] GC(1628) User=0.28s Sys=0.01s Real=0.03s
[2025-08-01T02:37:51.754+0000] GC(1623) Concurrent Mark From Roots 428.800ms
[2025-08-01T02:37:51.754+0000] GC(1623) Concurrent Preclean
[2025-08-01T02:37:51.754+0000] GC(1623) Concurrent Preclean 0.452ms
[2025-08-01T02:37:51.754+0000] GC(1623) Concurrent Mark (210.320s, 210.750s) 429.432ms
[2025-08-01T02:37:51.755+0000] GC(1623) Pause Remark
[2025-08-01T02:37:51.758+0000] GC(1623) Cleaned string and symbol table, strings: 2833 processed, 0 removed, symbols: 23489 processed, 0 removed
[2025-08-01T02:37:51.760+0000] GC(1623) Pause Remark 3919M->2325M(4096M) 5.457ms
[2025-08-01T02:37:51.760+0000] GC(1623) User=0.02s Sys=0.01s Real=0.00s
[2025-08-01T02:37:51.760+0000] GC(1623) Concurrent Rebuild Remembered Sets
[2025-08-01T02:37:51.777+0000] GC(1629) Pause Young (Normal) (G1 Evacuation Pause)
[2025-08-01T02:37:51.777+0000] GC(1629) Using 8 workers of 8 for evacuation
[2025-08-01T02:37:51.808+0000] GC(1629)   Pre Evacuate Collection Set: 0.1ms
[2025-08-01T02:37:51.808+0000] GC(1629)   Evacuate Collection Set: 30.6ms
[2025-08-01T02:37:51.808+0000] GC(1629)   Post Evacuate Collection Set: 0.8ms
[2025-08-01T02:37:51.808+0000] GC(1629)   Other: 0.2ms
[2025-08-01T02:37:51.808+0000] GC(1629) Eden regions: 89->0(188)
[2025-08-01T02:37:51.808+0000] GC(1629) Survivor regions: 13->13(13)
[2025-08-01T02:37:51.809+0000] GC(1629) Old regions: 1145->1236
[2025-08-01T02:37:51.809+0000] GC(1629) Humongous regions: 0->0
[2025-08-01T02:37:51.809+0000] GC(1629) Metaspace: 9706K(12544K)->9706K(12544K) NonClass: 8540K(11008K)->8540K(11008K) Class: 1166K(1536K)->1166K(1536K)
[2025-08-01T02:37:51.809+0000] GC(1629) Pause Young (Normal) (G1 Evacuation Pause) 2491M->2494M(4096M) 31.908ms
[2025-08-01T02:37:51.809+0000] GC(1629) User=0.24s Sys=0.00s Real=0.03s
[2025-08-01T02:37:51.897+0000] GC(1630) Pause Young (Normal) (G1 Evacuation Pause)
[2025-08-01T02:37:51.897+0000] GC(1630) Using 8 workers of 8 for evacuation
[2025-08-01T02:37:51.975+0000] GC(1630)   Pre Evacuate Collection Set: 0.1ms
[2025-08-01T02:37:51.975+0000] GC(1630)   Evacuate Collection Set: 77.1ms
[2025-08-01T02:37:51.975+0000] GC(1630)   Post Evacuate Collection Set: 0.5ms
[2025-08-01T02:37:51.975+0000] GC(1630)   Other: 0.3ms
[2025-08-01T02:37:51.975+0000] GC(1630) Eden regions: 188->0(127)
[2025-08-01T02:37:51.975+0000] GC(1630) Survivor regions: 13->26(26)
[2025-08-01T02:37:51.975+0000] GC(1630) Old regions: 1236->1412
[2025-08-01T02:37:51.975+0000] GC(1630) Humongous regions: 0->0
[2025-08-01T02:37:51.976+0000] GC(1630) Metaspace: 9706K(12544K)->9706K(12544K) NonClass: 8540K(11008K)->8540K(11008K) Class: 1166K(1536K)->1166K(1536K)
[2025-08-01T02:37:51.976+0000] GC(1630) Pause Young (Normal) (G1 Evacuation Pause) 2870M->2873M(4096M) 78.167ms
[2025-08-01T02:37:51.976+0000] GC(1630) User=0.57s Sys=0.02s Real=0.08s
[2025-08-01T02:37:52.055+0000] GC(1631) Pause Young (Normal) (G1 Evacuation Pause)
[2025-08-01T02:37:52.055+0000] GC(1631) Using 8 workers of 8 for evacuation
[2025-08-01T02:37:52.103+0000] GC(1631)   Pre Evacuate Collection Set: 0.1ms
[2025-08-01T02:37:52.103+0000] GC(1631)   Evacuate Collection Set: 47.2ms
[2025-08-01T02:37:52.103+0000] GC(1631)   Post Evacuate Collection Set: 0.8ms
[2025-08-01T02:37:52.104+0000] GC(1631)   Other: 0.3ms
[2025-08-01T02:37:52.104+0000] GC(1631) Eden regions: 127->0(92)
[2025-08-01T02:37:52.104+0000] GC(1631) Survivor regions: 26->20(20)
[2025-08-01T02:37:52.104+0000] GC(1631) Old regions: 1412->1530
[2025-08-01T02:37:52.104+0000] GC(1631) Humongous regions: 0->0
[2025-08-01T02:37:52.104+0000] GC(1631) Metaspace: 9706K(12544K)->9706K(12544K) NonClass: 8540K(11008K)->8540K(11008K) Class: 1166K(1536K)->1166K(1536K)
[2025-08-01T02:37:52.104+0000] GC(1631) Pause Young (Normal) (G1 Evacuation Pause) 3127M->3097M(4096M) 48.467ms
[2025-08-01T02:37:52.104+0000] GC(1631) User=0.37s Sys=0.00s Real=0.05s
[2025-08-01T02:37:52.123+0000] GC(1632) Pause Young (Normal) (G1 Evacuation Pause)
[2025-08-01T02:37:52.123+0000] GC(1632) Using 8 workers of 8 for evacuation
[2025-08-01T02:37:52.163+0000] GC(1632)   Pre Evacuate Collection Set: 0.1ms
[2025-08-01T02:37:52.163+0000] GC(1632)   Evacuate Collection Set: 39.0ms
[2025-08-01T02:37:52.163+0000] GC(1632)   Post Evacuate Collection Set: 0.6ms
[2025-08-01T02:37:52.163+0000] GC(1632)   Other: 0.4ms
[2025-08-01T02:37:52.163+0000] GC(1632) Eden regions: 92->0(88)
[2025-08-01T02:37:52.163+0000] GC(1632) Survivor regions: 20->14(14)
[2025-08-01T02:37:52.163+0000] GC(1632) Old regions: 1530->1630
[2025-08-01T02:37:52.163+0000] GC(1632) Humongous regions: 0->0
[2025-08-01T02:37:52.163+0000] GC(1632) Metaspace: 9706K(12544K)->9706K(12544K) NonClass: 8540K(11008K)->8540K(11008K) Class: 1166K(1536K)->1166K(1536K)
[2025-08-01T02:37:52.163+0000] GC(1632) Pause Young (Normal) (G1 Evacuation Pause) 3281M->3284M(4096M) 40.137ms
[2025-08-01T02:37:52.163+0000] GC(1632) User=0.30s Sys=0.01s Real=0.05s
[2025-08-01T02:37:52.232+0000] GC(1633) Pause Young (Normal) (G1 Evacuation Pause)
[2025-08-01T02:37:52.232+0000] GC(1633) Using 8 workers of 8 for evacuation
[2025-08-01T02:37:52.264+0000] GC(1633)   Pre Evacuate Collection Set: 0.1ms
[2025-08-01T02:37:52.264+0000] GC(1633)   Evacuate Collection Set: 31.2ms
[2025-08-01T02:37:52.264+0000] GC(1633)   Post Evacuate Collection Set: 0.7ms
[2025-08-01T02:37:52.264+0000] GC(1633)   Other: 0.4ms
[2025-08-01T02:37:52.264+0000] GC(1633) Eden regions: 88->0(89)
[2025-08-01T02:37:52.264+0000] GC(1633) Survivor regions: 14->13(13)
[2025-08-01T02:37:52.264+0000] GC(1633) Old regions: 1630->1705
[2025-08-01T02:37:52.264+0000] GC(1633) Humongous regions: 0->0
[2025-08-01T02:37:52.264+0000] GC(1633) Metaspace: 9706K(12544K)->9706K(12544K) NonClass: 8540K(11008K)->8540K(11008K) Class: 1166K(1536K)->1166K(1536K)
[2025-08-01T02:37:52.264+0000] GC(1633) Pause Young (Normal) (G1 Evacuation Pause) 3460M->3433M(4096M) 32.471ms
[2025-08-01T02:37:52.264+0000] GC(1633) User=0.23s Sys=0.01s Real=0.04s
[2025-08-01T02:37:52.284+0000] GC(1634) Pause Young (Normal) (G1 Evacuation Pause)
[2025-08-01T02:37:52.284+0000] GC(1634) Using 8 workers of 8 for evacuation
[2025-08-01T02:37:52.317+0000] GC(1634)   Pre Evacuate Collection Set: 0.1ms
[2025-08-01T02:37:52.317+0000] GC(1634)   Evacuate Collection Set: 31.6ms
[2025-08-01T02:37:52.317+0000] GC(1634)   Post Evacuate Collection Set: 0.5ms
[2025-08-01T02:37:52.317+0000] GC(1634)   Other: 0.3ms
[2025-08-01T02:37:52.317+0000] GC(1634) Eden regions: 89->0(89)
[2025-08-01T02:37:52.317+0000] GC(1634) Survivor regions: 13->13(13)
[2025-08-01T02:37:52.317+0000] GC(1634) Old regions: 1705->1796
[2025-08-01T02:37:52.317+0000] GC(1634) Humongous regions: 0->0
[2025-08-01T02:37:52.317+0000] GC(1634) Metaspace: 9706K(12544K)->9706K(12544K) NonClass: 8540K(11008K)->8540K(11008K) Class: 1166K(1536K)->1166K(1536K)
[2025-08-01T02:37:52.317+0000] GC(1634) Pause Young (Normal) (G1 Evacuation Pause) 3611M->3614M(4096M) 32.650ms
[2025-08-01T02:37:52.317+0000] GC(1634) User=0.24s Sys=0.00s Real=0.03s
[2025-08-01T02:37:52.370+0000] GC(1623) Concurrent Rebuild Remembered Sets 610.132ms
[2025-08-01T02:37:52.371+0000] GC(1623) Pause Cleanup
[2025-08-01T02:37:52.372+0000] GC(1623) Pause Cleanup 3762M->3762M(4096M) 0.877ms
[2025-08-01T02:37:52.372+0000] GC(1623) User=0.01s Sys=0.00s Real=0.00s
[2025-08-01T02:37:52.372+0000] GC(1623) Concurrent Cleanup for Next Mark
[2025-08-01T02:37:52.377+0000] GC(1635) Pause Young (Prepare Mixed) (G1 Evacuation Pause)
[2025-08-01T02:37:52.377+0000] GC(1635) Using 8 workers of 8 for evacuation
[2025-08-01T02:37:52.398+0000] GC(1635)   Pre Evacuate Collection Set: 0.1ms
[2025-08-01T02:37:52.398+0000] GC(1635)   Evacuate Collection Set: 20.1ms
[2025-08-01T02:37:52.398+0000] GC(1635)   Post Evacuate Collection Set: 0.6ms
[2025-08-01T02:37:52.399+0000] GC(1635)   Other: 0.3ms
[2025-08-01T02:37:52.399+0000] GC(1635) Eden regions: 89->0(89)
[2025-08-01T02:37:52.399+0000] GC(1635) Survivor regions: 13->13(13)
[2025-08-01T02:37:52.399+0000] GC(1635) Old regions: 1796->1826
[2025-08-01T02:37:52.399+0000] GC(1635) Humongous regions: 0->0
[2025-08-01T02:37:52.399+0000] GC(1635) Metaspace: 9706K(12544K)->9706K(12544K) NonClass: 8540K(11008K)->8540K(11008K) Class: 1166K(1536K)->1166K(1536K)
[2025-08-01T02:37:52.399+0000] GC(1635) Pause Young (Prepare Mixed) (G1 Evacuation Pause) 3792M->3675M(4096M) 21.308ms
[2025-08-01T02:37:52.399+0000] GC(1635) User=0.13s Sys=0.01s Real=0.02s
[2025-08-01T02:37:52.406+0000] GC(1623) Concurrent Cleanup for Next Mark 34.385ms
[2025-08-01T02:37:52.407+0000] GC(1623) Concurrent Cycle 1087.582ms
[2025-08-01T02:37:52.416+0000] GC(1636) Pause Young (Mixed) (G1 Evacuation Pause)
[2025-08-01T02:37:52.416+0000] GC(1636) Using 8 workers of 8 for evacuation
[2025-08-01T02:37:52.475+0000] GC(1636)   Pre Evacuate Collection Set: 0.2ms
[2025-08-01T02:37:52.475+0000] GC(1636)   Evacuate Collection Set: 57.2ms
[2025-08-01T02:37:52.475+0000] GC(1636)   Post Evacuate Collection Set: 1.0ms
[2025-08-01T02:37:52.475+0000] GC(1636)   Other: 0.6ms
[2025-08-01T02:37:52.475+0000] GC(1636) Eden regions: 89->0(89)
[2025-08-01T02:37:52.475+0000] GC(1636) Survivor regions: 13->13(13)
[2025-08-01T02:37:52.475+0000] GC(1636) Old regions: 1826->1816
[2025-08-01T02:37:52.475+0000] GC(1636) Humongous regions: 0->0
[2025-08-01T02:37:52.475+0000] GC(1636) Metaspace: 9706K(12544K)->9706K(12544K) NonClass: 8540K(11008K)->8540K(11008K) Class: 1166K(1536K)->1166K(1536K)
[2025-08-01T02:37:52.475+0000] GC(1636) Pause Young (Mixed) (G1 Evacuation Pause) 3853M->3654M(4096M) 59.054ms
[2025-08-01T02:37:52.475+0000] GC(1636) User=0.43s Sys=0.01s Real=0.06s
[2025-08-01T02:37:52.540+0000] GC(1637) Pause Young (Concurrent Start) (G1 Evacuation Pause)
[2025-08-01T02:37:52.540+0000] GC(1637) Using 8 workers of 8 for evacuation
[2025-08-01T02:37:52.597+0000] GC(1637)   Pre Evacuate Collection Set: 0.1ms
[2025-08-01T02:37:52.597+0000] GC(1637)   Evacuate Collection Set: 55.0ms
[2025-08-01T02:37:52.597+0000] GC(1637)   Post Evacuate Collection Set: 1.1ms
[2025-08-01T02:37:52.597+0000] GC(1637)   Other: 0.4ms
[2025-08-01T02:37:52.597+0000] GC(1637) Eden regions: 89->0(89)
[2025-08-01T02:37:52.597+0000] GC(1637) Survivor regions: 13->13(13)
[2025-08-01T02:37:52.597+0000] GC(1637) Old regions: 1816->1905
[2025-08-01T02:37:52.597+0000] GC(1637) Humongous regions: 0->0
[2025-08-01T02:37:52.597+0000] GC(1637) Metaspace: 9706K(12544K)->9706K(12544K) NonClass: 8540K(11008K)->8540K(11008K) Class: 1166K(1536K)->1166K(1536K)
[2025-08-01T02:37:52.597+0000] GC(1637) Pause Young (Concurrent Start) (G1 Evacuation Pause) 3832M->3833M(4096M) 56.737ms
[2025-08-01T02:37:52.597+0000] GC(1637) User=0.42s Sys=0.01s Real=0.06s
[2025-08-01T02:37:52.597+0000] GC(1638) Concurrent Cycle
[2025-08-01T02:37:52.597+0000] GC(1638) Concurrent Clear Claimed Marks
[2025-08-01T02:37:52.597+0000] GC(1638) Concurrent Clear Claimed Marks 0.061ms
[2025-08-01T02:37:52.597+0000] GC(1638) Concurrent Scan Root Regions
[2025-08-01T02:37:52.603+0000] GC(1638) Concurrent Scan Root Regions 5.894ms
[2025-08-01T02:37:52.603+0000] GC(1638) Concurrent Mark (211.599s)
[2025-08-01T02:37:52.603+0000] GC(1638) Concurrent Mark From Roots
[2025-08-01T02:37:52.603+0000] GC(1638) Using 2 workers of 2 for marking
[2025-08-01T02:37:52.614+0000] GC(1639) Pause Young (Normal) (G1 Evacuation Pause)
[2025-08-01T02:37:52.615+0000] GC(1639) Using 8 workers of 8 for evacuation
[2025-08-01T02:37:52.649+0000] GC(1639) To-space exhausted
[2025-08-01T02:37:52.649+0000] GC(1639)   Pre Evacuate Collection Set: 0.1ms
[2025-08-01T02:37:52.649+0000] GC(1639)   Evacuate Collection Set: 25.1ms
[2025-08-01T02:37:52.649+0000] GC(1639)   Post Evacuate Collection Set: 8.9ms
[2025-08-01T02:37:52.649+0000] GC(1639)   Other: 0.4ms
[2025-08-01T02:37:52.649+0000] GC(1639) Eden regions: 89->0(89)
[2025-08-01T02:37:52.649+0000] GC(1639) Survivor regions: 13->13(13)
[2025-08-01T02:37:52.649+0000] GC(1639) Old regions: 1905->2000
[2025-08-01T02:37:52.649+0000] GC(1639) Humongous regions: 0->0
[2025-08-01T02:37:52.649+0000] GC(1639) Metaspace: 9706K(12544K)->9706K(12544K) NonClass: 8540K(11008K)->8540K(11008K) Class: 1166K(1536K)->1166K(1536K)
[2025-08-01T02:37:52.649+0000] GC(1639) Pause Young (Normal) (G1 Evacuation Pause) 4011M->4023M(4096M) 34.646ms
[2025-08-01T02:37:52.649+0000] GC(1639) User=0.25s Sys=0.01s Real=0.03s
[2025-08-01T02:37:52.657+0000] GC(1640) Pause Young (Normal) (G1 Evacuation Pause)
[2025-08-01T02:37:52.657+0000] GC(1640) Using 8 workers of 8 for evacuation
[2025-08-01T02:37:52.674+0000] GC(1640) To-space exhausted
[2025-08-01T02:37:52.674+0000] GC(1640)   Pre Evacuate Collection Set: 0.1ms
[2025-08-01T02:37:52.674+0000] GC(1640)   Evacuate Collection Set: 10.5ms
[2025-08-01T02:37:52.674+0000] GC(1640)   Post Evacuate Collection Set: 5.8ms
[2025-08-01T02:37:52.674+0000] GC(1640)   Other: 0.4ms
[2025-08-01T02:37:52.674+0000] GC(1640) Eden regions: 35->0(102)
[2025-08-01T02:37:52.674+0000] GC(1640) Survivor regions: 13->0(13)
[2025-08-01T02:37:52.674+0000] GC(1640) Old regions: 2000->2048
[2025-08-01T02:37:52.674+0000] GC(1640) Humongous regions: 0->0
[2025-08-01T02:37:52.674+0000] GC(1640) Metaspace: 9706K(12544K)->9706K(12544K) NonClass: 8540K(11008K)->8540K(11008K) Class: 1166K(1536K)->1166K(1536K)
[2025-08-01T02:37:52.674+0000] GC(1640) Pause Young (Normal) (G1 Evacuation Pause) 4093M->4093M(4096M) 16.980ms
[2025-08-01T02:37:52.674+0000] GC(1640) User=0.12s Sys=0.00s Real=0.02s
[2025-08-01T02:37:52.674+0000] GC(1641) Using 8 workers of 8 for full compaction
[2025-08-01T02:37:52.674+0000] GC(1641) Pause Full (G1 Evacuation Pause)
[2025-08-01T02:37:52.680+0000] GC(1641) Phase 1: Mark live objects
[2025-08-01T02:37:52.728+0000] GC(1641) Cleaned string and symbol table, strings: 2833 processed, 0 removed, symbols: 23489 processed, 0 removed
[2025-08-01T02:37:52.728+0000] GC(1641) Phase 1: Mark live objects 48.018ms
[2025-08-01T02:37:52.728+0000] GC(1641) Phase 2: Prepare for compaction
[2025-08-01T02:37:52.771+0000] GC(1641) Phase 2: Prepare for compaction 43.118ms
[2025-08-01T02:37:52.771+0000] GC(1641) Phase 3: Adjust pointers
[2025-08-01T02:37:52.809+0000] GC(1641) Phase 3: Adjust pointers 37.751ms
[2025-08-01T02:37:52.809+0000] GC(1641) Phase 4: Compact heap
[2025-08-01T02:37:52.947+0000] GC(1641) Phase 4: Compact heap 138.315ms
[2025-08-01T02:37:52.949+0000] GC(1641) Eden regions: 0->0(441)
[2025-08-01T02:37:52.949+0000] GC(1641) Survivor regions: 0->0(13)
[2025-08-01T02:37:52.949+0000] GC(1641) Old regions: 2048->477
[2025-08-01T02:37:52.949+0000] GC(1641) Humongous regions: 0->0
[2025-08-01T02:37:52.949+0000] GC(1641) Metaspace: 9706K(12544K)->9706K(12544K) NonClass: 8540K(11008K)->8540K(11008K) Class: 1166K(1536K)->1166K(1536K)
[2025-08-01T02:37:52.949+0000] GC(1641) Pause Full (G1 Evacuation Pause) 4093M->945M(4096M) 274.924ms
[2025-08-01T02:37:52.949+0000] GC(1641) User=2.00s Sys=0.04s Real=0.27s
[2025-08-01T02:37:52.950+0000] GC(1638) Concurrent Mark From Roots 346.441ms
[2025-08-01T02:37:52.950+0000] GC(1638) Concurrent Mark Abort
[2025-08-01T02:37:52.950+0000] GC(1638) Concurrent Cycle 352.620ms
[2025-08-01T02:37:53.179+0000] GC(1642) Pause Young (Normal) (G1 Evacuation Pause)
[2025-08-01T02:37:53.179+0000] GC(1642) Using 8 workers of 8 for evacuation
[2025-08-01T02:37:53.426+0000] GC(1642) MMU target violated: 201.0ms (200.0ms/201.0ms)
[2025-08-01T02:37:53.426+0000] GC(1642)   Pre Evacuate Collection Set: 0.1ms
[2025-08-01T02:37:53.426+0000] GC(1642)   Evacuate Collection Set: 244.9ms
[2025-08-01T02:37:53.426+0000] GC(1642)   Post Evacuate Collection Set: 1.0ms
[2025-08-01T02:37:53.426+0000] GC(1642)   Other: 0.5ms
[2025-08-01T02:37:53.426+0000] GC(1642) Eden regions: 441->0(359)
[2025-08-01T02:37:53.426+0000] GC(1642) Survivor regions: 0->56(56)
[2025-08-01T02:37:53.426+0000] GC(1642) Old regions: 477->710
[2025-08-01T02:37:53.426+0000] GC(1642) Humongous regions: 0->0
[2025-08-01T02:37:53.426+0000] GC(1642) Metaspace: 9706K(12544K)->9706K(12544K) NonClass: 8540K(11008K)->8540K(11008K) Class: 1166K(1536K)->1166K(1536K)
[2025-08-01T02:37:53.426+0000] GC(1642) Pause Young (Normal) (G1 Evacuation Pause) 1827M->1522M(4096M) 246.647ms
[2025-08-01T02:37:53.426+0000] GC(1642) User=1.82s Sys=0.08s Real=0.25s
[2025-08-01T02:37:53.582+0000] GC(1643) Pause Young (Concurrent Start) (G1 Evacuation Pause)
[2025-08-01T02:37:53.583+0000] GC(1643) Using 8 workers of 8 for evacuation
[2025-08-01T02:37:53.864+0000] GC(1643) MMU target violated: 201.0ms (200.0ms/201.0ms)
[2025-08-01T02:37:53.864+0000] GC(1643)   Pre Evacuate Collection Set: 0.2ms
[2025-08-01T02:37:53.864+0000] GC(1643)   Evacuate Collection Set: 279.4ms
[2025-08-01T02:37:53.864+0000] GC(1643)   Post Evacuate Collection Set: 1.1ms
[2025-08-01T02:37:53.864+0000] GC(1643)   Other: 0.5ms
[2025-08-01T02:37:53.864+0000] GC(1643) Eden regions: 359->0(275)
[2025-08-01T02:37:53.864+0000] GC(1643) Survivor regions: 56->52(52)
[2025-08-01T02:37:53.864+0000] GC(1643) Old regions: 710->956
[2025-08-01T02:37:53.864+0000] GC(1643) Humongous regions: 0->0
[2025-08-01T02:37:53.864+0000] GC(1643) Metaspace: 9706K(12544K)->9706K(12544K) NonClass: 8540K(11008K)->8540K(11008K) Class: 1166K(1536K)->1166K(1536K)
[2025-08-01T02:37:53.864+0000] GC(1643) Pause Young (Concurrent Start) (G1 Evacuation Pause) 2240M->2007M(4096M) 281.496ms
[2025-08-01T02:37:53.864+0000] GC(1643) User=2.11s Sys=0.08s Real=0.29s
[2025-08-01T02:37:53.864+0000] GC(1644) Concurrent Cycle
[2025-08-01T02:37:53.864+0000] GC(1644) Concurrent Clear Claimed Marks
[2025-08-01T02:37:53.864+0000] GC(1644) Concurrent Clear Claimed Marks 0.062ms
[2025-08-01T02:37:53.864+0000] GC(1644) Concurrent Scan Root Regions
[2025-08-01T02:37:53.878+0000] GC(1644) Concurrent Scan Root Regions 13.471ms
[2025-08-01T02:37:53.878+0000] GC(1644) Concurrent Mark (212.873s)
[2025-08-01T02:37:53.878+0000] GC(1644) Concurrent Mark From Roots
[2025-08-01T02:37:53.878+0000] GC(1644) Using 2 workers of 2 for marking
[2025-08-01T02:37:53.962+0000] GC(1645) Pause Young (Normal) (G1 Evacuation Pause)
[2025-08-01T02:37:53.962+0000] GC(1645) Using 8 workers of 8 for evacuation
[2025-08-01T02:37:54.062+0000] GC(1645)   Pre Evacuate Collection Set: 0.1ms
[2025-08-01T02:37:54.062+0000] GC(1645)   Evacuate Collection Set: 98.8ms
[2025-08-01T02:37:54.062+0000] GC(1645)   Post Evacuate Collection Set: 0.9ms
[2025-08-01T02:37:54.063+0000] GC(1645)   Other: 0.3ms
[2025-08-01T02:37:54.063+0000] GC(1645) Eden regions: 275->0(204)
[2025-08-01T02:37:54.063+0000] GC(1645) Survivor regions: 52->41(41)
[2025-08-01T02:37:54.063+0000] GC(1645) Old regions: 956->1173
[2025-08-01T02:37:54.063+0000] GC(1645) Humongous regions: 0->0
[2025-08-01T02:37:54.063+0000] GC(1645) Metaspace: 9706K(12544K)->9706K(12544K) NonClass: 8540K(11008K)->8540K(11008K) Class: 1166K(1536K)->1166K(1536K)
[2025-08-01T02:37:54.063+0000] GC(1645) Pause Young (Normal) (G1 Evacuation Pause) 2557M->2418M(4096M) 100.252ms
[2025-08-01T02:37:54.063+0000] GC(1645) User=0.74s Sys=0.04s Real=0.10s
[2025-08-01T02:37:54.103+0000] GC(1644) Concurrent Mark From Roots 225.589ms
[2025-08-01T02:37:54.103+0000] GC(1644) Concurrent Preclean
[2025-08-01T02:37:54.104+0000] GC(1644) Concurrent Preclean 0.338ms
[2025-08-01T02:37:54.104+0000] GC(1644) Concurrent Mark (212.873s, 213.099s) 226.020ms
[2025-08-01T02:37:54.104+0000] GC(1644) Pause Remark
[2025-08-01T02:37:54.106+0000] GC(1644) Cleaned string and symbol table, strings: 2833 processed, 0 removed, symbols: 23489 processed, 0 removed
[2025-08-01T02:37:54.107+0000] GC(1644) Pause Remark 2620M->1692M(4096M) 3.374ms
[2025-08-01T02:37:54.108+0000] GC(1644) User=0.01s Sys=0.00s Real=0.00s
[2025-08-01T02:37:54.108+0000] GC(1644) Concurrent Rebuild Remembered Sets
[2025-08-01T02:37:54.153+0000] GC(1646) Pause Young (Normal) (G1 Evacuation Pause)
[2025-08-01T02:37:54.153+0000] GC(1646) Using 8 workers of 8 for evacuation
[2025-08-01T02:37:54.247+0000] GC(1646)   Pre Evacuate Collection Set: 0.1ms
[2025-08-01T02:37:54.247+0000] GC(1646)   Evacuate Collection Set: 93.0ms
[2025-08-01T02:37:54.247+0000] GC(1646)   Post Evacuate Collection Set: 0.9ms
[2025-08-01T02:37:54.247+0000] GC(1646)   Other: 0.5ms
[2025-08-01T02:37:54.247+0000] GC(1646) Eden regions: 204->0(292)
[2025-08-01T02:37:54.247+0000] GC(1646) Survivor regions: 41->31(31)
[2025-08-01T02:37:54.247+0000] GC(1646) Old regions: 706->921
[2025-08-01T02:37:54.247+0000] GC(1646) Humongous regions: 0->0
[2025-08-01T02:37:54.247+0000] GC(1646) Metaspace: 9706K(12544K)->9706K(12544K) NonClass: 8540K(11008K)->8540K(11008K) Class: 1166K(1536K)->1166K(1536K)
[2025-08-01T02:37:54.247+0000] GC(1646) Pause Young (Normal) (G1 Evacuation Pause) 1898M->1900M(4096M) 94.522ms
[2025-08-01T02:37:54.247+0000] GC(1646) User=0.71s Sys=0.02s Real=0.10s
[2025-08-01T02:37:54.409+0000] GC(1644) Concurrent Rebuild Remembered Sets 301.823ms
[2025-08-01T02:37:54.410+0000] GC(1647) Pause Young (Normal) (G1 Evacuation Pause)
[2025-08-01T02:37:54.410+0000] GC(1647) Using 8 workers of 8 for evacuation
[2025-08-01T02:37:54.488+0000] GC(1647)   Pre Evacuate Collection Set: 0.1ms
[2025-08-01T02:37:54.488+0000] GC(1647)   Evacuate Collection Set: 77.4ms
[2025-08-01T02:37:54.489+0000] GC(1647)   Post Evacuate Collection Set: 0.9ms
[2025-08-01T02:37:54.489+0000] GC(1647)   Other: 0.2ms
[2025-08-01T02:37:54.489+0000] GC(1647) Eden regions: 292->0(256)
[2025-08-01T02:37:54.489+0000] GC(1647) Survivor regions: 31->41(41)
[2025-08-01T02:37:54.489+0000] GC(1647) Old regions: 921->1046
[2025-08-01T02:37:54.489+0000] GC(1647) Humongous regions: 0->0
[2025-08-01T02:37:54.489+0000] GC(1647) Metaspace: 9706K(12544K)->9706K(12544K) NonClass: 8540K(11008K)->8540K(11008K) Class: 1166K(1536K)->1166K(1536K)
[2025-08-01T02:37:54.489+0000] GC(1647) Pause Young (Normal) (G1 Evacuation Pause) 2484M->2171M(4096M) 78.780ms
[2025-08-01T02:37:54.489+0000] GC(1647) User=0.59s Sys=0.01s Real=0.08s
[2025-08-01T02:37:54.490+0000] GC(1644) Pause Cleanup
[2025-08-01T02:37:54.491+0000] GC(1644) Pause Cleanup 2175M->2175M(4096M) 1.357ms
[2025-08-01T02:37:54.491+0000] GC(1644) User=0.00s Sys=0.01s Real=0.00s
[2025-08-01T02:37:54.491+0000] GC(1644) Concurrent Cleanup for Next Mark
[2025-08-01T02:37:54.508+0000] GC(1644) Concurrent Cleanup for Next Mark 16.863ms
[2025-08-01T02:37:54.508+0000] GC(1644) Concurrent Cycle 644.097ms
[2025-08-01T02:37:54.593+0000] GC(1648) Pause Young (Prepare Mixed) (G1 Evacuation Pause)
[2025-08-01T02:37:54.593+0000] GC(1648) Using 8 workers of 8 for evacuation
[2025-08-01T02:37:54.720+0000] GC(1648)   Pre Evacuate Collection Set: 0.1ms
[2025-08-01T02:37:54.720+0000] GC(1648)   Evacuate Collection Set: 125.6ms
[2025-08-01T02:37:54.720+0000] GC(1648)   Post Evacuate Collection Set: 1.2ms
[2025-08-01T02:37:54.720+0000] GC(1648)   Other: 0.3ms
[2025-08-01T02:37:54.720+0000] GC(1648) Eden regions: 256->0(64)
[2025-08-01T02:37:54.720+0000] GC(1648) Survivor regions: 41->38(38)
[2025-08-01T02:37:54.720+0000] GC(1648) Old regions: 1046->1306
[2025-08-01T02:37:54.720+0000] GC(1648) Humongous regions: 0->0
[2025-08-01T02:37:54.720+0000] GC(1648) Metaspace: 9706K(12544K)->9706K(12544K) NonClass: 8540K(11008K)->8540K(11008K) Class: 1166K(1536K)->1166K(1536K)
[2025-08-01T02:37:54.720+0000] GC(1648) Pause Young (Prepare Mixed) (G1 Evacuation Pause) 2683M->2685M(4096M) 127.412ms
[2025-08-01T02:37:54.720+0000] GC(1648) User=0.95s Sys=0.02s Real=0.12s
[2025-08-01T02:37:54.734+0000] GC(1649) Pause Young (Mixed) (G1 Evacuation Pause)
[2025-08-01T02:37:54.734+0000] GC(1649) Using 8 workers of 8 for evacuation
[2025-08-01T02:37:54.783+0000] GC(1649)   Pre Evacuate Collection Set: 0.1ms
[2025-08-01T02:37:54.783+0000] GC(1649)   Evacuate Collection Set: 47.3ms
[2025-08-01T02:37:54.783+0000] GC(1649)   Post Evacuate Collection Set: 1.0ms
[2025-08-01T02:37:54.783+0000] GC(1649)   Other: 0.5ms
[2025-08-01T02:37:54.783+0000] GC(1649) Eden regions: 64->0(161)
[2025-08-01T02:37:54.783+0000] GC(1649) Survivor regions: 38->13(13)
[2025-08-01T02:37:54.783+0000] GC(1649) Old regions: 1306->1326
[2025-08-01T02:37:54.783+0000] GC(1649) Humongous regions: 0->0
[2025-08-01T02:37:54.783+0000] GC(1649) Metaspace: 9706K(12544K)->9706K(12544K) NonClass: 8540K(11008K)->8540K(11008K) Class: 1166K(1536K)->1166K(1536K)
[2025-08-01T02:37:54.783+0000] GC(1649) Pause Young (Mixed) (G1 Evacuation Pause) 2813M->2674M(4096M) 49.002ms
[2025-08-01T02:37:54.783+0000] GC(1649) User=0.37s Sys=0.02s Real=0.04s
[2025-08-01T02:37:54.854+0000] GC(1650) Pause Young (Concurrent Start) (G1 Evacuation Pause)
[2025-08-01T02:37:54.854+0000] GC(1650) Using 8 workers of 8 for evacuation
[2025-08-01T02:37:54.960+0000] GC(1650)   Pre Evacuate Collection Set: 0.1ms
[2025-08-01T02:37:54.960+0000] GC(1650)   Evacuate Collection Set: 103.9ms
[2025-08-01T02:37:54.960+0000] GC(1650)   Post Evacuate Collection Set: 1.4ms
[2025-08-01T02:37:54.960+0000] GC(1650)   Other: 0.6ms
[2025-08-01T02:37:54.960+0000] GC(1650) Eden regions: 161->0(109)
[2025-08-01T02:37:54.960+0000] GC(1650) Survivor regions: 13->22(22)
[2025-08-01T02:37:54.960+0000] GC(1650) Old regions: 1326->1474
[2025-08-01T02:37:54.960+0000] GC(1650) Humongous regions: 0->0
[2025-08-01T02:37:54.960+0000] GC(1650) Metaspace: 9706K(12544K)->9706K(12544K) NonClass: 8540K(11008K)->8540K(11008K) Class: 1166K(1536K)->1166K(1536K)
[2025-08-01T02:37:54.960+0000] GC(1650) Pause Young (Concurrent Start) (G1 Evacuation Pause) 2996M->2988M(4096M) 106.423ms
[2025-08-01T02:37:54.960+0000] GC(1650) User=0.75s Sys=0.02s Real=0.10s
[2025-08-01T02:37:54.960+0000] GC(1651) Concurrent Cycle
[2025-08-01T02:37:54.961+0000] GC(1651) Concurrent Clear Claimed Marks
[2025-08-01T02:37:54.961+0000] GC(1651) Concurrent Clear Claimed Marks 0.066ms
[2025-08-01T02:37:54.961+0000] GC(1651) Concurrent Scan Root Regions
[2025-08-01T02:37:54.967+0000] GC(1651) Concurrent Scan Root Regions 6.232ms
[2025-08-01T02:37:54.967+0000] GC(1651) Concurrent Mark (213.963s)
[2025-08-01T02:37:54.967+0000] GC(1651) Concurrent Mark From Roots
[2025-08-01T02:37:54.967+0000] GC(1651) Using 2 workers of 2 for marking
[2025-08-01T02:37:54.988+0000] GC(1652) Pause Young (Normal) (G1 Evacuation Pause)
[2025-08-01T02:37:54.988+0000] GC(1652) Using 8 workers of 8 for evacuation
[2025-08-01T02:37:55.031+0000] GC(1652)   Pre Evacuate Collection Set: 0.1ms
[2025-08-01T02:37:55.031+0000] GC(1652)   Evacuate Collection Set: 41.7ms
[2025-08-01T02:37:55.031+0000] GC(1652)   Post Evacuate Collection Set: 0.7ms
[2025-08-01T02:37:55.031+0000] GC(1652)   Other: 0.3ms
[2025-08-01T02:37:55.031+0000] GC(1652) Eden regions: 109->0(85)
[2025-08-01T02:37:55.031+0000] GC(1652) Survivor regions: 22->17(17)
[2025-08-01T02:37:55.031+0000] GC(1652) Old regions: 1474->1589
[2025-08-01T02:37:55.031+0000] GC(1652) Humongous regions: 0->0
[2025-08-01T02:37:55.031+0000] GC(1652) Metaspace: 9706K(12544K)->9706K(12544K) NonClass: 8540K(11008K)->8540K(11008K) Class: 1166K(1536K)->1166K(1536K)
[2025-08-01T02:37:55.031+0000] GC(1652) Pause Young (Normal) (G1 Evacuation Pause) 3206M->3208M(4096M) 42.828ms
[2025-08-01T02:37:55.031+0000] GC(1652) User=0.32s Sys=0.00s Real=0.04s
[2025-08-01T02:37:55.053+0000] GC(1653) Pause Young (Normal) (G1 Evacuation Pause)
[2025-08-01T02:37:55.053+0000] GC(1653) Using 8 workers of 8 for evacuation
[2025-08-01T02:37:55.098+0000] GC(1653)   Pre Evacuate Collection Set: 0.1ms
[2025-08-01T02:37:55.098+0000] GC(1653)   Evacuate Collection Set: 43.8ms
[2025-08-01T02:37:55.098+0000] GC(1653)   Post Evacuate Collection Set: 0.6ms
[2025-08-01T02:37:55.098+0000] GC(1653)   Other: 0.3ms
[2025-08-01T02:37:55.098+0000] GC(1653) Eden regions: 85->0(89)
[2025-08-01T02:37:55.098+0000] GC(1653) Survivor regions: 17->13(13)
[2025-08-01T02:37:55.098+0000] GC(1653) Old regions: 1589->1679
[2025-08-01T02:37:55.098+0000] GC(1653) Humongous regions: 0->0
[2025-08-01T02:37:55.098+0000] GC(1653) Metaspace: 9706K(12544K)->9706K(12544K) NonClass: 8540K(11008K)->8540K(11008K) Class: 1166K(1536K)->1166K(1536K)
[2025-08-01T02:37:55.098+0000] GC(1653) Pause Young (Normal) (G1 Evacuation Pause) 3378M->3381M(4096M) 45.006ms
[2025-08-01T02:37:55.098+0000] GC(1653) User=0.33s Sys=0.00s Real=0.04s
[2025-08-01T02:37:55.116+0000] GC(1654) Pause Young (Normal) (G1 Evacuation Pause)
[2025-08-01T02:37:55.116+0000] GC(1654) Using 8 workers of 8 for evacuation
[2025-08-01T02:37:55.153+0000] GC(1654)   Pre Evacuate Collection Set: 0.1ms
[2025-08-01T02:37:55.153+0000] GC(1654)   Evacuate Collection Set: 35.3ms
[2025-08-01T02:37:55.153+0000] GC(1654)   Post Evacuate Collection Set: 0.9ms
[2025-08-01T02:37:55.153+0000] GC(1654)   Other: 0.3ms
[2025-08-01T02:37:55.153+0000] GC(1654) Eden regions: 89->0(89)
[2025-08-01T02:37:55.153+0000] GC(1654) Survivor regions: 13->13(13)
[2025-08-01T02:37:55.153+0000] GC(1654) Old regions: 1679->1756
[2025-08-01T02:37:55.153+0000] GC(1654) Humongous regions: 0->0
[2025-08-01T02:37:55.153+0000] GC(1654) Metaspace: 9706K(12544K)->9706K(12544K) NonClass: 8540K(11008K)->8540K(11008K) Class: 1166K(1536K)->1166K(1536K)
[2025-08-01T02:37:55.153+0000] GC(1654) Pause Young (Normal) (G1 Evacuation Pause) 3559M->3534M(4096M) 36.672ms
[2025-08-01T02:37:55.153+0000] GC(1654) User=0.28s Sys=0.01s Real=0.03s
[2025-08-01T02:37:55.172+0000] GC(1655) Pause Young (Normal) (G1 Evacuation Pause)
[2025-08-01T02:37:55.172+0000] GC(1655) Using 8 workers of 8 for evacuation
[2025-08-01T02:37:55.197+0000] GC(1655)   Pre Evacuate Collection Set: 0.1ms
[2025-08-01T02:37:55.197+0000] GC(1655)   Evacuate Collection Set: 24.2ms
[2025-08-01T02:37:55.197+0000] GC(1655)   Post Evacuate Collection Set: 0.7ms
[2025-08-01T02:37:55.197+0000] GC(1655)   Other: 0.2ms
[2025-08-01T02:37:55.197+0000] GC(1655) Eden regions: 89->0(89)
[2025-08-01T02:37:55.198+0000] GC(1655) Survivor regions: 13->13(13)
[2025-08-01T02:37:55.198+0000] GC(1655) Old regions: 1756->1820
[2025-08-01T02:37:55.198+0000] GC(1655) Humongous regions: 0->0
[2025-08-01T02:37:55.198+0000] GC(1655) Metaspace: 9706K(12544K)->9706K(12544K) NonClass: 8540K(11008K)->8540K(11008K) Class: 1166K(1536K)->1166K(1536K)
[2025-08-01T02:37:55.198+0000] GC(1655) Pause Young (Normal) (G1 Evacuation Pause) 3712M->3662M(4096M) 25.351ms
[2025-08-01T02:37:55.198+0000] GC(1655) User=0.18s Sys=0.00s Real=0.03s
[2025-08-01T02:37:55.229+0000] GC(1656) Pause Young (Normal) (G1 Evacuation Pause)
[2025-08-01T02:37:55.229+0000] GC(1656) Using 8 workers of 8 for evacuation
[2025-08-01T02:37:55.265+0000] GC(1656)   Pre Evacuate Collection Set: 0.1ms
[2025-08-01T02:37:55.265+0000] GC(1656)   Evacuate Collection Set: 35.0ms
[2025-08-01T02:37:55.265+0000] GC(1656)   Post Evacuate Collection Set: 0.8ms
[2025-08-01T02:37:55.265+0000] GC(1656)   Other: 0.3ms
[2025-08-01T02:37:55.265+0000] GC(1656) Eden regions: 89->0(89)
[2025-08-01T02:37:55.265+0000] GC(1656) Survivor regions: 13->13(13)
[2025-08-01T02:37:55.265+0000] GC(1656) Old regions: 1820->1910
[2025-08-01T02:37:55.265+0000] GC(1656) Humongous regions: 0->0
[2025-08-01T02:37:55.265+0000] GC(1656) Metaspace: 9706K(12544K)->9706K(12544K) NonClass: 8540K(11008K)->8540K(11008K) Class: 1166K(1536K)->1166K(1536K)
[2025-08-01T02:37:55.265+0000] GC(1656) Pause Young (Normal) (G1 Evacuation Pause) 3840M->3843M(4096M) 36.289ms
[2025-08-01T02:37:55.266+0000] GC(1656) User=0.27s Sys=0.01s Real=0.04s
[2025-08-01T02:37:55.285+0000] GC(1657) Pause Young (Normal) (G1 Evacuation Pause)
[2025-08-01T02:37:55.285+0000] GC(1657) Using 8 workers of 8 for evacuation
[2025-08-01T02:37:55.324+0000] GC(1657) To-space exhausted
[2025-08-01T02:37:55.324+0000] GC(1657)   Pre Evacuate Collection Set: 0.1ms
[2025-08-01T02:37:55.324+0000] GC(1657)   Evacuate Collection Set: 29.8ms
[2025-08-01T02:37:55.324+0000] GC(1657)   Post Evacuate Collection Set: 8.9ms
[2025-08-01T02:37:55.324+0000] GC(1657)   Other: 0.4ms
[2025-08-01T02:37:55.324+0000] GC(1657) Eden regions: 89->0(89)
[2025-08-01T02:37:55.324+0000] GC(1657) Survivor regions: 13->13(13)
[2025-08-01T02:37:55.324+0000] GC(1657) Old regions: 1910->2013
[2025-08-01T02:37:55.324+0000] GC(1657) Humongous regions: 0->0
[2025-08-01T02:37:55.324+0000] GC(1657) Metaspace: 9706K(12544K)->9706K(12544K) NonClass: 8540K(11008K)->8540K(11008K) Class: 1166K(1536K)->1166K(1536K)
[2025-08-01T02:37:55.324+0000] GC(1657) Pause Young (Normal) (G1 Evacuation Pause) 4021M->4049M(4096M) 39.276ms
[2025-08-01T02:37:55.324+0000] GC(1657) User=0.29s Sys=0.01s Real=0.04s
[2025-08-01T02:37:55.329+0000] GC(1658) Pause Young (Normal) (G1 Evacuation Pause)
[2025-08-01T02:37:55.329+0000] GC(1658) Using 8 workers of 8 for evacuation
[2025-08-01T02:37:55.349+0000] GC(1658) To-space exhausted
[2025-08-01T02:37:55.349+0000] GC(1658)   Pre Evacuate Collection Set: 0.2ms
[2025-08-01T02:37:55.349+0000] GC(1658)   Evacuate Collection Set: 12.9ms
[2025-08-01T02:37:55.349+0000] GC(1658)   Post Evacuate Collection Set: 6.8ms
[2025-08-01T02:37:55.349+0000] GC(1658)   Other: 0.3ms
[2025-08-01T02:37:55.349+0000] GC(1658) Eden regions: 22->0(102)
[2025-08-01T02:37:55.349+0000] GC(1658) Survivor regions: 13->0(13)
[2025-08-01T02:37:55.349+0000] GC(1658) Old regions: 2013->2048
[2025-08-01T02:37:55.349+0000] GC(1658) Humongous regions: 0->0
[2025-08-01T02:37:55.349+0000] GC(1658) Metaspace: 9706K(12544K)->9706K(12544K) NonClass: 8540K(11008K)->8540K(11008K) Class: 1166K(1536K)->1166K(1536K)
[2025-08-01T02:37:55.349+0000] GC(1658) Pause Young (Normal) (G1 Evacuation Pause) 4093M->4093M(4096M) 20.438ms
[2025-08-01T02:37:55.349+0000] GC(1658) User=0.14s Sys=0.00s Real=0.02s
[2025-08-01T02:37:55.349+0000] GC(1659) Using 8 workers of 8 for full compaction
[2025-08-01T02:37:55.349+0000] GC(1659) Pause Full (G1 Evacuation Pause)
[2025-08-01T02:37:55.355+0000] GC(1659) Phase 1: Mark live objects
[2025-08-01T02:37:55.388+0000] GC(1659) Cleaned string and symbol table, strings: 2833 processed, 0 removed, symbols: 23489 processed, 0 removed
[2025-08-01T02:37:55.388+0000] GC(1659) Phase 1: Mark live objects 32.987ms
[2025-08-01T02:37:55.388+0000] GC(1659) Phase 2: Prepare for compaction
[2025-08-01T02:37:55.425+0000] GC(1659) Phase 2: Prepare for compaction 36.923ms
[2025-08-01T02:37:55.425+0000] GC(1659) Phase 3: Adjust pointers
[2025-08-01T02:37:55.460+0000] GC(1659) Phase 3: Adjust pointers 34.465ms
[2025-08-01T02:37:55.460+0000] GC(1659) Phase 4: Compact heap
[2025-08-01T02:37:55.575+0000] GC(1659) Phase 4: Compact heap 115.361ms
[2025-08-01T02:37:55.577+0000] GC(1659) Eden regions: 0->0(434)
[2025-08-01T02:37:55.578+0000] GC(1659) Survivor regions: 0->0(13)
[2025-08-01T02:37:55.578+0000] GC(1659) Old regions: 2048->386
[2025-08-01T02:37:55.578+0000] GC(1659) Humongous regions: 0->0
[2025-08-01T02:37:55.578+0000] GC(1659) Metaspace: 9706K(12544K)->9706K(12544K) NonClass: 8540K(11008K)->8540K(11008K) Class: 1166K(1536K)->1166K(1536K)
[2025-08-01T02:37:55.578+0000] GC(1659) Pause Full (G1 Evacuation Pause) 4093M->762M(4096M) 228.308ms
[2025-08-01T02:37:55.578+0000] GC(1659) User=1.62s Sys=0.02s Real=0.23s
[2025-08-01T02:37:55.578+0000] GC(1651) Concurrent Mark From Roots 611.220ms
[2025-08-01T02:37:55.578+0000] GC(1651) Concurrent Mark Abort
[2025-08-01T02:37:55.578+0000] GC(1651) Concurrent Cycle 617.846ms
[2025-08-01T02:37:55.755+0000] GC(1660) Pause Young (Normal) (G1 Evacuation Pause)
[2025-08-01T02:37:55.755+0000] GC(1660) Using 8 workers of 8 for evacuation
[2025-08-01T02:37:55.964+0000] GC(1660) MMU target violated: 201.0ms (200.0ms/201.0ms)
[2025-08-01T02:37:55.964+0000] GC(1660)   Pre Evacuate Collection Set: 0.1ms
[2025-08-01T02:37:55.964+0000] GC(1660)   Evacuate Collection Set: 206.8ms
[2025-08-01T02:37:55.964+0000] GC(1660)   Post Evacuate Collection Set: 0.9ms
[2025-08-01T02:37:55.964+0000] GC(1660)   Other: 0.5ms
[2025-08-01T02:37:55.964+0000] GC(1660) Eden regions: 434->0(357)
[2025-08-01T02:37:55.964+0000] GC(1660) Survivor regions: 0->55(55)
[2025-08-01T02:37:55.964+0000] GC(1660) Old regions: 386->717
[2025-08-01T02:37:55.964+0000] GC(1660) Humongous regions: 0->0
[2025-08-01T02:37:55.964+0000] GC(1660) Metaspace: 9706K(12544K)->9706K(12544K) NonClass: 8540K(11008K)->8540K(11008K) Class: 1166K(1536K)->1166K(1536K)
[2025-08-01T02:37:55.964+0000] GC(1660) Pause Young (Normal) (G1 Evacuation Pause) 1630M->1533M(4096M) 208.433ms
[2025-08-01T02:37:55.964+0000] GC(1660) User=1.58s Sys=0.05s Real=0.21s
[2025-08-01T02:37:56.117+0000] GC(1661) Pause Young (Concurrent Start) (G1 Evacuation Pause)
[2025-08-01T02:37:56.117+0000] GC(1661) Using 8 workers of 8 for evacuation
[2025-08-01T02:37:56.204+0000] GC(1661)   Pre Evacuate Collection Set: 0.4ms
[2025-08-01T02:37:56.205+0000] GC(1661)   Evacuate Collection Set: 85.3ms
[2025-08-01T02:37:56.205+0000] GC(1661)   Post Evacuate Collection Set: 1.0ms
[2025-08-01T02:37:56.205+0000] GC(1661)   Other: 0.5ms
[2025-08-01T02:37:56.205+0000] GC(1661) Eden regions: 357->0(317)
[2025-08-01T02:37:56.205+0000] GC(1661) Survivor regions: 55->52(52)
[2025-08-01T02:37:56.205+0000] GC(1661) Old regions: 717->878
[2025-08-01T02:37:56.205+0000] GC(1661) Humongous regions: 0->0
[2025-08-01T02:37:56.205+0000] GC(1661) Metaspace: 9706K(12544K)->9706K(12544K) NonClass: 8540K(11008K)->8540K(11008K) Class: 1166K(1536K)->1166K(1536K)
[2025-08-01T02:37:56.205+0000] GC(1661) Pause Young (Concurrent Start) (G1 Evacuation Pause) 2247M->1849M(4096M) 87.377ms
[2025-08-01T02:37:56.205+0000] GC(1661) User=0.59s Sys=0.03s Real=0.09s
[2025-08-01T02:37:56.205+0000] GC(1662) Concurrent Cycle
[2025-08-01T02:37:56.205+0000] GC(1662) Concurrent Clear Claimed Marks
[2025-08-01T02:37:56.205+0000] GC(1662) Concurrent Clear Claimed Marks 0.119ms
[2025-08-01T02:37:56.205+0000] GC(1662) Concurrent Scan Root Regions
[2025-08-01T02:37:56.217+0000] GC(1662) Concurrent Scan Root Regions 12.039ms
[2025-08-01T02:37:56.217+0000] GC(1662) Concurrent Mark (215.213s)
[2025-08-01T02:37:56.217+0000] GC(1662) Concurrent Mark From Roots
[2025-08-01T02:37:56.217+0000] GC(1662) Using 2 workers of 2 for marking
[2025-08-01T02:37:56.305+0000] GC(1662) Concurrent Mark From Roots 87.243ms
[2025-08-01T02:37:56.305+0000] GC(1662) Concurrent Preclean
[2025-08-01T02:37:56.305+0000] GC(1662) Concurrent Preclean 0.378ms
[2025-08-01T02:37:56.305+0000] GC(1662) Concurrent Mark (215.213s, 215.301s) 87.755ms
[2025-08-01T02:37:56.305+0000] GC(1662) Pause Remark
[2025-08-01T02:37:56.311+0000] GC(1662) Cleaned string and symbol table, strings: 2833 processed, 0 removed, symbols: 23489 processed, 0 removed
[2025-08-01T02:37:56.312+0000] GC(1662) Pause Remark 2419M->1430M(4096M) 6.850ms
[2025-08-01T02:37:56.312+0000] GC(1662) User=0.03s Sys=0.00s Real=0.00s
[2025-08-01T02:37:56.312+0000] GC(1662) Concurrent Rebuild Remembered Sets
[2025-08-01T02:37:56.350+0000] GC(1663) Pause Young (Normal) (G1 Evacuation Pause)
[2025-08-01T02:37:56.350+0000] GC(1663) Using 8 workers of 8 for evacuation
[2025-08-01T02:37:56.443+0000] GC(1663)   Pre Evacuate Collection Set: 0.1ms
[2025-08-01T02:37:56.443+0000] GC(1663)   Evacuate Collection Set: 91.8ms
[2025-08-01T02:37:56.443+0000] GC(1663)   Post Evacuate Collection Set: 1.1ms
[2025-08-01T02:37:56.443+0000] GC(1663)   Other: 0.4ms
[2025-08-01T02:37:56.443+0000] GC(1663) Eden regions: 317->0(415)
[2025-08-01T02:37:56.443+0000] GC(1663) Survivor regions: 52->47(47)
[2025-08-01T02:37:56.443+0000] GC(1663) Old regions: 380->605
[2025-08-01T02:37:56.443+0000] GC(1663) Humongous regions: 0->0
[2025-08-01T02:37:56.443+0000] GC(1663) Metaspace: 9706K(12544K)->9706K(12544K) NonClass: 8540K(11008K)->8540K(11008K) Class: 1166K(1536K)->1166K(1536K)
[2025-08-01T02:37:56.443+0000] GC(1663) Pause Young (Normal) (G1 Evacuation Pause) 1494M->1301M(4096M) 93.629ms
[2025-08-01T02:37:56.443+0000] GC(1663) User=0.67s Sys=0.03s Real=0.09s
[2025-08-01T02:37:56.484+0000] GC(1662) Concurrent Rebuild Remembered Sets 172.052ms
[2025-08-01T02:37:56.485+0000] GC(1662) Pause Cleanup
[2025-08-01T02:37:56.486+0000] GC(1662) Pause Cleanup 1621M->1621M(4096M) 0.714ms
[2025-08-01T02:37:56.486+0000] GC(1662) User=0.00s Sys=0.00s Real=0.00s
[2025-08-01T02:37:56.486+0000] GC(1662) Concurrent Cleanup for Next Mark
[2025-08-01T02:37:56.494+0000] GC(1662) Concurrent Cleanup for Next Mark 7.853ms
[2025-08-01T02:37:56.494+0000] GC(1662) Concurrent Cycle 288.739ms
[2025-08-01T02:37:56.609+0000] GC(1664) Pause Young (Prepare Mixed) (G1 Evacuation Pause)
[2025-08-01T02:37:56.610+0000] GC(1664) Using 8 workers of 8 for evacuation
[2025-08-01T02:37:56.788+0000] GC(1664)   Pre Evacuate Collection Set: 0.2ms
[2025-08-01T02:37:56.788+0000] GC(1664)   Evacuate Collection Set: 177.5ms
[2025-08-01T02:37:56.788+0000] GC(1664)   Post Evacuate Collection Set: 0.9ms
[2025-08-01T02:37:56.788+0000] GC(1664)   Other: 0.4ms
[2025-08-01T02:37:56.788+0000] GC(1664) Eden regions: 415->0(44)
[2025-08-01T02:37:56.788+0000] GC(1664) Survivor regions: 47->58(58)
[2025-08-01T02:37:56.789+0000] GC(1664) Old regions: 605->905
[2025-08-01T02:37:56.789+0000] GC(1664) Humongous regions: 0->0
[2025-08-01T02:37:56.789+0000] GC(1664) Metaspace: 9706K(12544K)->9706K(12544K) NonClass: 8540K(11008K)->8540K(11008K) Class: 1166K(1536K)->1166K(1536K)
[2025-08-01T02:37:56.789+0000] GC(1664) Pause Young (Prepare Mixed) (G1 Evacuation Pause) 2131M->1923M(4096M) 179.092ms
[2025-08-01T02:37:56.789+0000] GC(1664) User=1.34s Sys=0.03s Real=0.18s
[2025-08-01T02:37:56.796+0000] GC(1665) Pause Young (Mixed) (G1 Evacuation Pause)
[2025-08-01T02:37:56.796+0000] GC(1665) Using 8 workers of 8 for evacuation
[2025-08-01T02:37:56.824+0000] GC(1665)   Pre Evacuate Collection Set: 0.1ms
[2025-08-01T02:37:56.824+0000] GC(1665)   Evacuate Collection Set: 27.1ms
[2025-08-01T02:37:56.824+0000] GC(1665)   Post Evacuate Collection Set: 0.8ms
[2025-08-01T02:37:56.824+0000] GC(1665)   Other: 0.3ms
[2025-08-01T02:37:56.824+0000] GC(1665) Eden regions: 44->0(308)
[2025-08-01T02:37:56.824+0000] GC(1665) Survivor regions: 58->13(13)
[2025-08-01T02:37:56.824+0000] GC(1665) Old regions: 905->932
[2025-08-01T02:37:56.824+0000] GC(1665) Humongous regions: 0->0
[2025-08-01T02:37:56.824+0000] GC(1665) Metaspace: 9706K(12544K)->9706K(12544K) NonClass: 8540K(11008K)->8540K(11008K) Class: 1166K(1536K)->1166K(1536K)
[2025-08-01T02:37:56.824+0000] GC(1665) Pause Young (Mixed) (G1 Evacuation Pause) 2011M->1887M(4096M) 28.540ms
[2025-08-01T02:37:56.825+0000] GC(1665) User=0.22s Sys=0.01s Real=0.03s
[2025-08-01T02:37:56.975+0000] GC(1666) Pause Young (Concurrent Start) (G1 Evacuation Pause)
[2025-08-01T02:37:56.975+0000] GC(1666) Using 8 workers of 8 for evacuation
[2025-08-01T02:37:57.096+0000] GC(1666)   Pre Evacuate Collection Set: 0.1ms
[2025-08-01T02:37:57.096+0000] GC(1666)   Evacuate Collection Set: 119.9ms
[2025-08-01T02:37:57.096+0000] GC(1666)   Post Evacuate Collection Set: 1.0ms
[2025-08-01T02:37:57.096+0000] GC(1666)   Other: 0.7ms
[2025-08-01T02:37:57.097+0000] GC(1666) Eden regions: 308->0(198)
[2025-08-01T02:37:57.097+0000] GC(1666) Survivor regions: 13->41(41)
[2025-08-01T02:37:57.097+0000] GC(1666) Old regions: 932->1185
[2025-08-01T02:37:57.097+0000] GC(1666) Humongous regions: 0->0
[2025-08-01T02:37:57.097+0000] GC(1666) Metaspace: 9706K(12544K)->9706K(12544K) NonClass: 8540K(11008K)->8540K(11008K) Class: 1166K(1536K)->1166K(1536K)
[2025-08-01T02:37:57.097+0000] GC(1666) Pause Young (Concurrent Start) (G1 Evacuation Pause) 2503M->2448M(4096M) 121.828ms
[2025-08-01T02:37:57.097+0000] GC(1666) User=0.89s Sys=0.02s Real=0.12s
[2025-08-01T02:37:57.097+0000] GC(1667) Concurrent Cycle
[2025-08-01T02:37:57.097+0000] GC(1667) Concurrent Clear Claimed Marks
[2025-08-01T02:37:57.097+0000] GC(1667) Concurrent Clear Claimed Marks 0.261ms
[2025-08-01T02:37:57.097+0000] GC(1667) Concurrent Scan Root Regions
[2025-08-01T02:37:57.107+0000] GC(1667) Concurrent Scan Root Regions 10.152ms
[2025-08-01T02:37:57.107+0000] GC(1667) Concurrent Mark (216.103s)
[2025-08-01T02:37:57.107+0000] GC(1667) Concurrent Mark From Roots
[2025-08-01T02:37:57.107+0000] GC(1667) Using 2 workers of 2 for marking
[2025-08-01T02:37:57.182+0000] GC(1668) Pause Young (Normal) (G1 Evacuation Pause)
[2025-08-01T02:37:57.182+0000] GC(1668) Using 8 workers of 8 for evacuation
[2025-08-01T02:37:57.248+0000] GC(1668)   Pre Evacuate Collection Set: 0.1ms
[2025-08-01T02:37:57.249+0000] GC(1668)   Evacuate Collection Set: 65.7ms
[2025-08-01T02:37:57.249+0000] GC(1668)   Post Evacuate Collection Set: 0.9ms
[2025-08-01T02:37:57.249+0000] GC(1668)   Other: 0.3ms
[2025-08-01T02:37:57.249+0000] GC(1668) Eden regions: 198->0(150)
[2025-08-01T02:37:57.249+0000] GC(1668) Survivor regions: 41->30(30)
[2025-08-01T02:37:57.249+0000] GC(1668) Old regions: 1185->1350
[2025-08-01T02:37:57.249+0000] GC(1668) Humongous regions: 0->0
[2025-08-01T02:37:57.249+0000] GC(1668) Metaspace: 9706K(12544K)->9706K(12544K) NonClass: 8540K(11008K)->8540K(11008K) Class: 1166K(1536K)->1166K(1536K)
[2025-08-01T02:37:57.249+0000] GC(1668) Pause Young (Normal) (G1 Evacuation Pause) 2844M->2756M(4096M) 67.168ms
[2025-08-01T02:37:57.249+0000] GC(1668) User=0.51s Sys=0.01s Real=0.07s
[2025-08-01T02:37:57.319+0000] GC(1669) Pause Young (Normal) (G1 Evacuation Pause)
[2025-08-01T02:37:57.319+0000] GC(1669) Using 8 workers of 8 for evacuation
[2025-08-01T02:37:57.390+0000] GC(1669)   Pre Evacuate Collection Set: 0.1ms
[2025-08-01T02:37:57.390+0000] GC(1669)   Evacuate Collection Set: 69.8ms
[2025-08-01T02:37:57.390+0000] GC(1669)   Post Evacuate Collection Set: 0.8ms
[2025-08-01T02:37:57.390+0000] GC(1669)   Other: 0.3ms
[2025-08-01T02:37:57.390+0000] GC(1669) Eden regions: 150->0(98)
[2025-08-01T02:37:57.390+0000] GC(1669) Survivor regions: 30->23(23)
[2025-08-01T02:37:57.390+0000] GC(1669) Old regions: 1350->1509
[2025-08-01T02:37:57.390+0000] GC(1669) Humongous regions: 0->0
[2025-08-01T02:37:57.390+0000] GC(1669) Metaspace: 9706K(12544K)->9706K(12544K) NonClass: 8540K(11008K)->8540K(11008K) Class: 1166K(1536K)->1166K(1536K)
[2025-08-01T02:37:57.390+0000] GC(1669) Pause Young (Normal) (G1 Evacuation Pause) 3056M->3060M(4096M) 70.989ms
[2025-08-01T02:37:57.390+0000] GC(1669) User=0.52s Sys=0.02s Real=0.07s
[2025-08-01T02:37:57.409+0000] GC(1670) Pause Young (Normal) (G1 Evacuation Pause)
[2025-08-01T02:37:57.409+0000] GC(1670) Using 8 workers of 8 for evacuation
[2025-08-01T02:37:57.446+0000] GC(1670)   Pre Evacuate Collection Set: 0.1ms
[2025-08-01T02:37:57.446+0000] GC(1670)   Evacuate Collection Set: 36.3ms
[2025-08-01T02:37:57.446+0000] GC(1670)   Post Evacuate Collection Set: 0.7ms
[2025-08-01T02:37:57.446+0000] GC(1670)   Other: 0.3ms
[2025-08-01T02:37:57.446+0000] GC(1670) Eden regions: 98->0(86)
[2025-08-01T02:37:57.446+0000] GC(1670) Survivor regions: 23->16(16)
[2025-08-01T02:37:57.446+0000] GC(1670) Old regions: 1509->1615
[2025-08-01T02:37:57.446+0000] GC(1670) Humongous regions: 0->0
[2025-08-01T02:37:57.446+0000] GC(1670) Metaspace: 9706K(12544K)->9706K(12544K) NonClass: 8540K(11008K)->8540K(11008K) Class: 1166K(1536K)->1166K(1536K)
[2025-08-01T02:37:57.446+0000] GC(1670) Pause Young (Normal) (G1 Evacuation Pause) 3256M->3258M(4096M) 37.554ms
[2025-08-01T02:37:57.446+0000] GC(1670) User=0.28s Sys=0.00s Real=0.04s
[2025-08-01T02:37:57.456+0000] GC(1667) Concurrent Mark From Roots 349.058ms
[2025-08-01T02:37:57.456+0000] GC(1667) Concurrent Preclean
[2025-08-01T02:37:57.457+0000] GC(1667) Concurrent Preclean 0.348ms
[2025-08-01T02:37:57.457+0000] GC(1667) Concurrent Mark (216.103s, 216.452s) 349.510ms
[2025-08-01T02:37:57.457+0000] GC(1667) Pause Remark
[2025-08-01T02:37:57.461+0000] GC(1667) Cleaned string and symbol table, strings: 2833 processed, 0 removed, symbols: 23489 processed, 0 removed
[2025-08-01T02:37:57.462+0000] GC(1667) Pause Remark 3364M->2094M(4096M) 4.720ms
[2025-08-01T02:37:57.462+0000] GC(1667) User=0.02s Sys=0.00s Real=0.00s
[2025-08-01T02:37:57.462+0000] GC(1667) Concurrent Rebuild Remembered Sets
[2025-08-01T02:37:57.506+0000] GC(1671) Pause Young (Normal) (G1 Evacuation Pause)
[2025-08-01T02:37:57.506+0000] GC(1671) Using 8 workers of 8 for evacuation
[2025-08-01T02:37:57.522+0000] GC(1671)   Pre Evacuate Collection Set: 0.1ms
[2025-08-01T02:37:57.522+0000] GC(1671)   Evacuate Collection Set: 14.8ms
[2025-08-01T02:37:57.522+0000] GC(1671)   Post Evacuate Collection Set: 0.8ms
[2025-08-01T02:37:57.522+0000] GC(1671)   Other: 0.3ms
[2025-08-01T02:37:57.522+0000] GC(1671) Eden regions: 86->0(276)
[2025-08-01T02:37:57.522+0000] GC(1671) Survivor regions: 16->13(13)
[2025-08-01T02:37:57.522+0000] GC(1671) Old regions: 980->1004
[2025-08-01T02:37:57.522+0000] GC(1671) Humongous regions: 0->0
[2025-08-01T02:37:57.522+0000] GC(1671) Metaspace: 9706K(12544K)->9706K(12544K) NonClass: 8540K(11008K)->8540K(11008K) Class: 1166K(1536K)->1166K(1536K)
[2025-08-01T02:37:57.522+0000] GC(1671) Pause Young (Normal) (G1 Evacuation Pause) 2160M->2030M(4096M) 16.119ms
[2025-08-01T02:37:57.522+0000] GC(1671) User=0.10s Sys=0.01s Real=0.01s
[2025-08-01T02:37:57.621+0000] GC(1672) Pause Young (Normal) (G1 Evacuation Pause)
[2025-08-01T02:37:57.621+0000] GC(1672) Using 8 workers of 8 for evacuation
[2025-08-01T02:37:57.706+0000] GC(1672)   Pre Evacuate Collection Set: 0.1ms
[2025-08-01T02:37:57.706+0000] GC(1672)   Evacuate Collection Set: 83.7ms
[2025-08-01T02:37:57.706+0000] GC(1672)   Post Evacuate Collection Set: 0.7ms
[2025-08-01T02:37:57.706+0000] GC(1672)   Other: 0.3ms
[2025-08-01T02:37:57.706+0000] GC(1672) Eden regions: 276->0(193)
[2025-08-01T02:37:57.706+0000] GC(1672) Survivor regions: 13->37(37)
[2025-08-01T02:37:57.706+0000] GC(1672) Old regions: 1004->1212
[2025-08-01T02:37:57.706+0000] GC(1672) Humongous regions: 0->0
[2025-08-01T02:37:57.706+0000] GC(1672) Metaspace: 9706K(12544K)->9706K(12544K) NonClass: 8540K(11008K)->8540K(11008K) Class: 1166K(1536K)->1166K(1536K)
[2025-08-01T02:37:57.706+0000] GC(1672) Pause Young (Normal) (G1 Evacuation Pause) 2582M->2495M(4096M) 84.873ms
[2025-08-01T02:37:57.706+0000] GC(1672) User=0.64s Sys=0.01s Real=0.09s
[2025-08-01T02:37:57.797+0000] GC(1673) Pause Young (Normal) (G1 Evacuation Pause)
[2025-08-01T02:37:57.797+0000] GC(1673) Using 8 workers of 8 for evacuation
[2025-08-01T02:37:57.879+0000] GC(1673)   Pre Evacuate Collection Set: 0.1ms
[2025-08-01T02:37:57.879+0000] GC(1673)   Evacuate Collection Set: 80.7ms
[2025-08-01T02:37:57.879+0000] GC(1673)   Post Evacuate Collection Set: 0.8ms
[2025-08-01T02:37:57.879+0000] GC(1673)   Other: 0.3ms
[2025-08-01T02:37:57.879+0000] GC(1673) Eden regions: 193->0(125)
[2025-08-01T02:37:57.879+0000] GC(1673) Survivor regions: 37->29(29)
[2025-08-01T02:37:57.879+0000] GC(1673) Old regions: 1212->1415
[2025-08-01T02:37:57.879+0000] GC(1673) Humongous regions: 0->0
[2025-08-01T02:37:57.879+0000] GC(1673) Metaspace: 9706K(12544K)->9706K(12544K) NonClass: 8540K(11008K)->8540K(11008K) Class: 1166K(1536K)->1166K(1536K)
[2025-08-01T02:37:57.879+0000] GC(1673) Pause Young (Normal) (G1 Evacuation Pause) 2881M->2885M(4096M) 82.006ms
[2025-08-01T02:37:57.879+0000] GC(1673) User=0.60s Sys=0.01s Real=0.08s
[2025-08-01T02:37:57.927+0000] GC(1667) Concurrent Rebuild Remembered Sets 464.640ms
[2025-08-01T02:37:57.927+0000] GC(1667) Pause Cleanup
[2025-08-01T02:37:57.928+0000] GC(1667) Pause Cleanup 3018M->3018M(4096M) 0.652ms
[2025-08-01T02:37:57.928+0000] GC(1667) User=0.00s Sys=0.00s Real=0.00s
[2025-08-01T02:37:57.928+0000] GC(1667) Concurrent Cleanup for Next Mark
[2025-08-01T02:37:57.934+0000] GC(1667) Concurrent Cleanup for Next Mark 6.151ms
[2025-08-01T02:37:57.934+0000] GC(1667) Concurrent Cycle 837.529ms
[2025-08-01T02:37:57.949+0000] GC(1674) Pause Young (Prepare Mixed) (G1 Evacuation Pause)
[2025-08-01T02:37:57.949+0000] GC(1674) Using 8 workers of 8 for evacuation
[2025-08-01T02:37:57.996+0000] GC(1674)   Pre Evacuate Collection Set: 0.1ms
[2025-08-01T02:37:57.996+0000] GC(1674)   Evacuate Collection Set: 45.9ms
[2025-08-01T02:37:57.996+0000] GC(1674)   Post Evacuate Collection Set: 0.7ms
[2025-08-01T02:37:57.996+0000] GC(1674)   Other: 0.3ms
[2025-08-01T02:37:57.996+0000] GC(1674) Eden regions: 125->0(82)
[2025-08-01T02:37:57.996+0000] GC(1674) Survivor regions: 29->20(20)
[2025-08-01T02:37:57.996+0000] GC(1674) Old regions: 1415->1537
[2025-08-01T02:37:57.996+0000] GC(1674) Humongous regions: 0->0
[2025-08-01T02:37:57.996+0000] GC(1674) Metaspace: 9706K(12544K)->9706K(12544K) NonClass: 8540K(11008K)->8540K(11008K) Class: 1166K(1536K)->1166K(1536K)
[2025-08-01T02:37:57.996+0000] GC(1674) Pause Young (Prepare Mixed) (G1 Evacuation Pause) 3135M->3110M(4096M) 47.249ms
[2025-08-01T02:37:57.996+0000] GC(1674) User=0.36s Sys=0.01s Real=0.05s
[2025-08-01T02:37:58.011+0000] GC(1675) Pause Young (Mixed) (G1 Evacuation Pause)
[2025-08-01T02:37:58.011+0000] GC(1675) Using 8 workers of 8 for evacuation
[2025-08-01T02:37:58.052+0000] GC(1675)   Pre Evacuate Collection Set: 0.1ms
[2025-08-01T02:37:58.052+0000] GC(1675)   Evacuate Collection Set: 40.3ms
[2025-08-01T02:37:58.052+0000] GC(1675)   Post Evacuate Collection Set: 0.9ms
[2025-08-01T02:37:58.052+0000] GC(1675)   Other: 0.5ms
[2025-08-01T02:37:58.052+0000] GC(1675) Eden regions: 82->0(89)
[2025-08-01T02:37:58.052+0000] GC(1675) Survivor regions: 20->13(13)
[2025-08-01T02:37:58.052+0000] GC(1675) Old regions: 1537->1581
[2025-08-01T02:37:58.052+0000] GC(1675) Humongous regions: 0->0
[2025-08-01T02:37:58.052+0000] GC(1675) Metaspace: 9706K(12544K)->9706K(12544K) NonClass: 8540K(11008K)->8540K(11008K) Class: 1166K(1536K)->1166K(1536K)
[2025-08-01T02:37:58.052+0000] GC(1675) Pause Young (Mixed) (G1 Evacuation Pause) 3274M->3184M(4096M) 41.922ms
[2025-08-01T02:37:58.052+0000] GC(1675) User=0.30s Sys=0.00s Real=0.04s
[2025-08-01T02:37:58.116+0000] GC(1676) Pause Young (Concurrent Start) (G1 Evacuation Pause)
[2025-08-01T02:37:58.116+0000] GC(1676) Using 8 workers of 8 for evacuation
[2025-08-01T02:37:58.161+0000] GC(1676)   Pre Evacuate Collection Set: 0.1ms
[2025-08-01T02:37:58.161+0000] GC(1676)   Evacuate Collection Set: 44.2ms
[2025-08-01T02:37:58.161+0000] GC(1676)   Post Evacuate Collection Set: 0.8ms
[2025-08-01T02:37:58.161+0000] GC(1676)   Other: 0.5ms
[2025-08-01T02:37:58.161+0000] GC(1676) Eden regions: 89->0(89)
[2025-08-01T02:37:58.161+0000] GC(1676) Survivor regions: 13->13(13)
[2025-08-01T02:37:58.161+0000] GC(1676) Old regions: 1581->1672
[2025-08-01T02:37:58.161+0000] GC(1676) Humongous regions: 0->0
[2025-08-01T02:37:58.161+0000] GC(1676) Metaspace: 9706K(12544K)->9706K(12544K) NonClass: 8540K(11008K)->8540K(11008K) Class: 1166K(1536K)->1166K(1536K)
[2025-08-01T02:37:58.161+0000] GC(1676) Pause Young (Concurrent Start) (G1 Evacuation Pause) 3362M->3366M(4096M) 45.809ms
[2025-08-01T02:37:58.161+0000] GC(1676) User=0.33s Sys=0.01s Real=0.04s
[2025-08-01T02:37:58.162+0000] GC(1677) Concurrent Cycle
[2025-08-01T02:37:58.162+0000] GC(1677) Concurrent Clear Claimed Marks
[2025-08-01T02:37:58.162+0000] GC(1677) Concurrent Clear Claimed Marks 0.057ms
[2025-08-01T02:37:58.162+0000] GC(1677) Concurrent Scan Root Regions
[2025-08-01T02:37:58.165+0000] GC(1677) Concurrent Scan Root Regions 3.161ms
[2025-08-01T02:37:58.165+0000] GC(1677) Concurrent Mark (217.161s)
[2025-08-01T02:37:58.165+0000] GC(1677) Concurrent Mark From Roots
[2025-08-01T02:37:58.165+0000] GC(1677) Using 2 workers of 2 for marking
[2025-08-01T02:37:58.178+0000] GC(1678) Pause Young (Normal) (G1 Evacuation Pause)
[2025-08-01T02:37:58.178+0000] GC(1678) Using 8 workers of 8 for evacuation
[2025-08-01T02:37:58.216+0000] GC(1678)   Pre Evacuate Collection Set: 0.1ms
[2025-08-01T02:37:58.216+0000] GC(1678)   Evacuate Collection Set: 37.3ms
[2025-08-01T02:37:58.217+0000] GC(1678)   Post Evacuate Collection Set: 0.6ms
[2025-08-01T02:37:58.217+0000] GC(1678)   Other: 0.3ms
[2025-08-01T02:37:58.217+0000] GC(1678) Eden regions: 89->0(89)
[2025-08-01T02:37:58.217+0000] GC(1678) Survivor regions: 13->13(13)
[2025-08-01T02:37:58.217+0000] GC(1678) Old regions: 1672->1763
[2025-08-01T02:37:58.217+0000] GC(1678) Humongous regions: 0->0
[2025-08-01T02:37:58.217+0000] GC(1678) Metaspace: 9706K(12544K)->9706K(12544K) NonClass: 8540K(11008K)->8540K(11008K) Class: 1166K(1536K)->1166K(1536K)
[2025-08-01T02:37:58.217+0000] GC(1678) Pause Young (Normal) (G1 Evacuation Pause) 3544M->3548M(4096M) 38.434ms
[2025-08-01T02:37:58.217+0000] GC(1678) User=0.25s Sys=0.01s Real=0.04s
[2025-08-01T02:37:58.284+0000] GC(1679) Pause Young (Normal) (G1 Evacuation Pause)
[2025-08-01T02:37:58.284+0000] GC(1679) Using 8 workers of 8 for evacuation
[2025-08-01T02:37:58.306+0000] GC(1679)   Pre Evacuate Collection Set: 0.1ms
[2025-08-01T02:37:58.306+0000] GC(1679)   Evacuate Collection Set: 21.2ms
[2025-08-01T02:37:58.306+0000] GC(1679)   Post Evacuate Collection Set: 0.8ms
[2025-08-01T02:37:58.306+0000] GC(1679)   Other: 0.4ms
[2025-08-01T02:37:58.306+0000] GC(1679) Eden regions: 89->0(89)
[2025-08-01T02:37:58.306+0000] GC(1679) Survivor regions: 13->13(13)
[2025-08-01T02:37:58.306+0000] GC(1679) Old regions: 1763->1818
[2025-08-01T02:37:58.306+0000] GC(1679) Humongous regions: 0->0
[2025-08-01T02:37:58.306+0000] GC(1679) Metaspace: 9706K(12544K)->9706K(12544K) NonClass: 8540K(11008K)->8540K(11008K) Class: 1166K(1536K)->1166K(1536K)
[2025-08-01T02:37:58.306+0000] GC(1679) Pause Young (Normal) (G1 Evacuation Pause) 3726M->3659M(4096M) 22.655ms
[2025-08-01T02:37:58.306+0000] GC(1679) User=0.17s Sys=0.00s Real=0.02s
[2025-08-01T02:37:58.323+0000] GC(1680) Pause Young (Normal) (G1 Evacuation Pause)
[2025-08-01T02:37:58.323+0000] GC(1680) Using 8 workers of 8 for evacuation
[2025-08-01T02:37:58.355+0000] GC(1680)   Pre Evacuate Collection Set: 0.1ms
[2025-08-01T02:37:58.355+0000] GC(1680)   Evacuate Collection Set: 31.4ms
[2025-08-01T02:37:58.355+0000] GC(1680)   Post Evacuate Collection Set: 0.7ms
[2025-08-01T02:37:58.355+0000] GC(1680)   Other: 0.3ms
[2025-08-01T02:37:58.355+0000] GC(1680) Eden regions: 89->0(89)
[2025-08-01T02:37:58.355+0000] GC(1680) Survivor regions: 13->13(13)
[2025-08-01T02:37:58.355+0000] GC(1680) Old regions: 1818->1909
[2025-08-01T02:37:58.355+0000] GC(1680) Humongous regions: 0->0
[2025-08-01T02:37:58.355+0000] GC(1680) Metaspace: 9706K(12544K)->9706K(12544K) NonClass: 8540K(11008K)->8540K(11008K) Class: 1166K(1536K)->1166K(1536K)
[2025-08-01T02:37:58.355+0000] GC(1680) Pause Young (Normal) (G1 Evacuation Pause) 3837M->3841M(4096M) 32.572ms
[2025-08-01T02:37:58.355+0000] GC(1680) User=0.25s Sys=0.01s Real=0.04s
[2025-08-01T02:37:58.422+0000] GC(1681) Pause Young (Normal) (G1 Evacuation Pause)
[2025-08-01T02:37:58.422+0000] GC(1681) Using 8 workers of 8 for evacuation
[2025-08-01T02:37:58.465+0000] GC(1681) To-space exhausted
[2025-08-01T02:37:58.465+0000] GC(1681)   Pre Evacuate Collection Set: 0.1ms
[2025-08-01T02:37:58.465+0000] GC(1681)   Evacuate Collection Set: 33.8ms
[2025-08-01T02:37:58.465+0000] GC(1681)   Post Evacuate Collection Set: 8.6ms
[2025-08-01T02:37:58.465+0000] GC(1681)   Other: 0.3ms
[2025-08-01T02:37:58.465+0000] GC(1681) Eden regions: 89->0(89)
[2025-08-01T02:37:58.465+0000] GC(1681) Survivor regions: 13->13(13)
[2025-08-01T02:37:58.465+0000] GC(1681) Old regions: 1909->2004
[2025-08-01T02:37:58.465+0000] GC(1681) Humongous regions: 0->0
[2025-08-01T02:37:58.465+0000] GC(1681) Metaspace: 9706K(12544K)->9706K(12544K) NonClass: 8540K(11008K)->8540K(11008K) Class: 1166K(1536K)->1166K(1536K)
[2025-08-01T02:37:58.465+0000] GC(1681) Pause Young (Normal) (G1 Evacuation Pause) 4019M->4031M(4096M) 42.890ms
[2025-08-01T02:37:58.465+0000] GC(1681) User=0.30s Sys=0.01s Real=0.05s
[2025-08-01T02:37:58.472+0000] GC(1682) Pause Young (Normal) (G1 Evacuation Pause)
[2025-08-01T02:37:58.472+0000] GC(1682) Using 8 workers of 8 for evacuation
[2025-08-01T02:37:58.500+0000] GC(1682) To-space exhausted
[2025-08-01T02:37:58.500+0000] GC(1682)   Pre Evacuate Collection Set: 0.1ms
[2025-08-01T02:37:58.500+0000] GC(1682)   Evacuate Collection Set: 19.9ms
[2025-08-01T02:37:58.500+0000] GC(1682)   Post Evacuate Collection Set: 7.9ms
[2025-08-01T02:37:58.500+0000] GC(1682)   Other: 0.4ms
[2025-08-01T02:37:58.500+0000] GC(1682) Eden regions: 31->0(102)
[2025-08-01T02:37:58.500+0000] GC(1682) Survivor regions: 13->0(13)
[2025-08-01T02:37:58.501+0000] GC(1682) Old regions: 2004->2048
[2025-08-01T02:37:58.501+0000] GC(1682) Humongous regions: 0->0
[2025-08-01T02:37:58.501+0000] GC(1682) Metaspace: 9706K(12544K)->9706K(12544K) NonClass: 8540K(11008K)->8540K(11008K) Class: 1166K(1536K)->1166K(1536K)
[2025-08-01T02:37:58.501+0000] GC(1682) Pause Young (Normal) (G1 Evacuation Pause) 4093M->4093M(4096M) 28.330ms
[2025-08-01T02:37:58.501+0000] GC(1682) User=0.19s Sys=0.01s Real=0.03s
[2025-08-01T02:37:58.501+0000] GC(1683) Using 8 workers of 8 for full compaction
[2025-08-01T02:37:58.501+0000] GC(1683) Pause Full (G1 Evacuation Pause)
[2025-08-01T02:37:58.507+0000] GC(1683) Phase 1: Mark live objects
[2025-08-01T02:37:58.549+0000] GC(1683) Cleaned string and symbol table, strings: 2833 processed, 0 removed, symbols: 23489 processed, 0 removed
[2025-08-01T02:37:58.549+0000] GC(1683) Phase 1: Mark live objects 41.824ms
[2025-08-01T02:37:58.549+0000] GC(1683) Phase 2: Prepare for compaction
[2025-08-01T02:37:58.580+0000] GC(1683) Phase 2: Prepare for compaction 30.742ms
[2025-08-01T02:37:58.580+0000] GC(1683) Phase 3: Adjust pointers
[2025-08-01T02:37:58.610+0000] GC(1683) Phase 3: Adjust pointers 29.901ms
[2025-08-01T02:37:58.610+0000] GC(1683) Phase 4: Compact heap
[2025-08-01T02:37:58.709+0000] GC(1683) Phase 4: Compact heap 99.798ms
[2025-08-01T02:37:58.712+0000] GC(1683) Eden regions: 0->0(496)
[2025-08-01T02:37:58.712+0000] GC(1683) Survivor regions: 0->0(13)
[2025-08-01T02:37:58.712+0000] GC(1683) Old regions: 2048->327
[2025-08-01T02:37:58.712+0000] GC(1683) Humongous regions: 0->0
[2025-08-01T02:37:58.712+0000] GC(1683) Metaspace: 9706K(12544K)->9706K(12544K) NonClass: 8540K(11008K)->8540K(11008K) Class: 1166K(1536K)->1166K(1536K)
[2025-08-01T02:37:58.712+0000] GC(1683) Pause Full (G1 Evacuation Pause) 4093M->643M(4096M) 211.434ms
[2025-08-01T02:37:58.712+0000] GC(1683) User=1.49s Sys=0.03s Real=0.21s
[2025-08-01T02:37:58.713+0000] GC(1677) Concurrent Mark From Roots 547.534ms
[2025-08-01T02:37:58.713+0000] GC(1677) Concurrent Mark Abort
[2025-08-01T02:37:58.713+0000] GC(1677) Concurrent Cycle 550.991ms
[2025-08-01T02:37:58.942+0000] GC(1684) Pause Young (Normal) (G1 Evacuation Pause)
[2025-08-01T02:37:58.942+0000] GC(1684) Using 8 workers of 8 for evacuation
[2025-08-01T02:37:59.156+0000] GC(1684) MMU target violated: 201.0ms (200.0ms/201.0ms)
[2025-08-01T02:37:59.156+0000] GC(1684)   Pre Evacuate Collection Set: 0.1ms
[2025-08-01T02:37:59.156+0000] GC(1684)   Evacuate Collection Set: 212.2ms
[2025-08-01T02:37:59.156+0000] GC(1684)   Post Evacuate Collection Set: 1.2ms
[2025-08-01T02:37:59.156+0000] GC(1684)   Other: 0.5ms
[2025-08-01T02:37:59.156+0000] GC(1684) Eden regions: 496->0(352)
[2025-08-01T02:37:59.156+0000] GC(1684) Survivor regions: 0->62(62)
[2025-08-01T02:37:59.156+0000] GC(1684) Old regions: 327->695
[2025-08-01T02:37:59.156+0000] GC(1684) Humongous regions: 0->0
[2025-08-01T02:37:59.156+0000] GC(1684) Metaspace: 9706K(12544K)->9706K(12544K) NonClass: 8540K(11008K)->8540K(11008K) Class: 1166K(1536K)->1166K(1536K)
[2025-08-01T02:37:59.156+0000] GC(1684) Pause Young (Normal) (G1 Evacuation Pause) 1635M->1503M(4096M) 214.113ms
[2025-08-01T02:37:59.157+0000] GC(1684) User=1.60s Sys=0.06s Real=0.22s
[2025-08-01T02:37:59.322+0000] GC(1685) Pause Young (Concurrent Start) (G1 Evacuation Pause)
[2025-08-01T02:37:59.322+0000] GC(1685) Using 8 workers of 8 for evacuation
[2025-08-01T02:37:59.446+0000] GC(1685)   Pre Evacuate Collection Set: 0.1ms
[2025-08-01T02:37:59.446+0000] GC(1685)   Evacuate Collection Set: 121.4ms
[2025-08-01T02:37:59.446+0000] GC(1685)   Post Evacuate Collection Set: 1.7ms
[2025-08-01T02:37:59.446+0000] GC(1685)   Other: 0.5ms
[2025-08-01T02:37:59.446+0000] GC(1685) Eden regions: 352->0(323)
[2025-08-01T02:37:59.446+0000] GC(1685) Survivor regions: 62->52(52)
[2025-08-01T02:37:59.446+0000] GC(1685) Old regions: 695->836
[2025-08-01T02:37:59.446+0000] GC(1685) Humongous regions: 0->0
[2025-08-01T02:37:59.446+0000] GC(1685) Metaspace: 9706K(12544K)->9706K(12544K) NonClass: 8540K(11008K)->8540K(11008K) Class: 1166K(1536K)->1166K(1536K)
[2025-08-01T02:37:59.446+0000] GC(1685) Pause Young (Concurrent Start) (G1 Evacuation Pause) 2207M->1765M(4096M) 123.911ms
[2025-08-01T02:37:59.446+0000] GC(1685) User=0.93s Sys=0.03s Real=0.13s
[2025-08-01T02:37:59.446+0000] GC(1686) Concurrent Cycle
[2025-08-01T02:37:59.446+0000] GC(1686) Concurrent Clear Claimed Marks
[2025-08-01T02:37:59.446+0000] GC(1686) Concurrent Clear Claimed Marks 0.186ms
[2025-08-01T02:37:59.446+0000] GC(1686) Concurrent Scan Root Regions
[2025-08-01T02:37:59.462+0000] GC(1686) Concurrent Scan Root Regions 16.271ms
[2025-08-01T02:37:59.463+0000] GC(1686) Concurrent Mark (218.458s)
[2025-08-01T02:37:59.463+0000] GC(1686) Concurrent Mark From Roots
[2025-08-01T02:37:59.463+0000] GC(1686) Using 2 workers of 2 for marking
[2025-08-01T02:37:59.556+0000] GC(1686) Concurrent Mark From Roots 92.899ms
[2025-08-01T02:37:59.556+0000] GC(1686) Concurrent Preclean
[2025-08-01T02:37:59.556+0000] GC(1686) Concurrent Preclean 0.486ms
[2025-08-01T02:37:59.556+0000] GC(1686) Concurrent Mark (218.458s, 218.552s) 93.552ms
[2025-08-01T02:37:59.556+0000] GC(1686) Pause Remark
[2025-08-01T02:37:59.560+0000] GC(1686) Cleaned string and symbol table, strings: 2833 processed, 0 removed, symbols: 23489 processed, 0 removed
[2025-08-01T02:37:59.562+0000] GC(1686) Pause Remark 2277M->1447M(4096M) 6.039ms
[2025-08-01T02:37:59.563+0000] GC(1686) User=0.02s Sys=0.00s Real=0.00s
[2025-08-01T02:37:59.563+0000] GC(1686) Concurrent Rebuild Remembered Sets
[2025-08-01T02:37:59.582+0000] GC(1687) Pause Young (Normal) (G1 Evacuation Pause)
[2025-08-01T02:37:59.582+0000] GC(1687) Using 8 workers of 8 for evacuation
[2025-08-01T02:37:59.684+0000] GC(1687)   Pre Evacuate Collection Set: 0.1ms
[2025-08-01T02:37:59.684+0000] GC(1687)   Evacuate Collection Set: 101.1ms
[2025-08-01T02:37:59.684+0000] GC(1687)   Post Evacuate Collection Set: 0.9ms
[2025-08-01T02:37:59.684+0000] GC(1687)   Other: 0.5ms
[2025-08-01T02:37:59.684+0000] GC(1687) Eden regions: 323->0(394)
[2025-08-01T02:37:59.684+0000] GC(1687) Survivor regions: 52->47(47)
[2025-08-01T02:37:59.684+0000] GC(1687) Old regions: 417->653
[2025-08-01T02:37:59.684+0000] GC(1687) Humongous regions: 0->0
[2025-08-01T02:37:59.685+0000] GC(1687) Metaspace: 9706K(12544K)->9706K(12544K) NonClass: 8540K(11008K)->8540K(11008K) Class: 1166K(1536K)->1166K(1536K)
[2025-08-01T02:37:59.685+0000] GC(1687) Pause Young (Normal) (G1 Evacuation Pause) 1581M->1397M(4096M) 102.604ms
[2025-08-01T02:37:59.685+0000] GC(1687) User=0.79s Sys=0.02s Real=0.11s
[2025-08-01T02:37:59.757+0000] GC(1686) Concurrent Rebuild Remembered Sets 194.119ms
[2025-08-01T02:37:59.758+0000] GC(1686) Pause Cleanup
[2025-08-01T02:37:59.760+0000] GC(1686) Pause Cleanup 1691M->1691M(4096M) 1.085ms
[2025-08-01T02:37:59.760+0000] GC(1686) User=0.00s Sys=0.00s Real=0.00s
[2025-08-01T02:37:59.760+0000] GC(1686) Concurrent Cleanup for Next Mark
[2025-08-01T02:37:59.777+0000] GC(1686) Concurrent Cleanup for Next Mark 16.901ms
[2025-08-01T02:37:59.777+0000] GC(1686) Concurrent Cycle 330.844ms
[2025-08-01T02:37:59.860+0000] GC(1688) Pause Young (Prepare Mixed) (G1 Evacuation Pause)
[2025-08-01T02:37:59.860+0000] GC(1688) Using 8 workers of 8 for evacuation
[2025-08-01T02:38:00.041+0000] GC(1688)   Pre Evacuate Collection Set: 0.1ms
[2025-08-01T02:38:00.041+0000] GC(1688)   Evacuate Collection Set: 179.4ms
[2025-08-01T02:38:00.041+0000] GC(1688)   Post Evacuate Collection Set: 0.9ms
[2025-08-01T02:38:00.041+0000] GC(1688)   Other: 0.3ms
[2025-08-01T02:38:00.041+0000] GC(1688) Eden regions: 394->0(46)
[2025-08-01T02:38:00.041+0000] GC(1688) Survivor regions: 47->56(56)
[2025-08-01T02:38:00.041+0000] GC(1688) Old regions: 653->1040
[2025-08-01T02:38:00.041+0000] GC(1688) Humongous regions: 0->0
[2025-08-01T02:38:00.041+0000] GC(1688) Metaspace: 9706K(12544K)->9706K(12544K) NonClass: 8540K(11008K)->8540K(11008K) Class: 1166K(1536K)->1166K(1536K)
[2025-08-01T02:38:00.041+0000] GC(1688) Pause Young (Prepare Mixed) (G1 Evacuation Pause) 2185M->2188M(4096M) 180.808ms
[2025-08-01T02:38:00.041+0000] GC(1688) User=1.38s Sys=0.03s Real=0.18s
[2025-08-01T02:38:00.051+0000] GC(1689) Pause Young (Mixed) (G1 Evacuation Pause)
[2025-08-01T02:38:00.051+0000] GC(1689) Using 8 workers of 8 for evacuation
[2025-08-01T02:38:00.069+0000] GC(1689)   Pre Evacuate Collection Set: 0.2ms
[2025-08-01T02:38:00.069+0000] GC(1689)   Evacuate Collection Set: 16.6ms
[2025-08-01T02:38:00.069+0000] GC(1689)   Post Evacuate Collection Set: 0.9ms
[2025-08-01T02:38:00.069+0000] GC(1689)   Other: 0.4ms
[2025-08-01T02:38:00.069+0000] GC(1689) Eden regions: 46->0(278)
[2025-08-01T02:38:00.069+0000] GC(1689) Survivor regions: 56->13(13)
[2025-08-01T02:38:00.069+0000] GC(1689) Old regions: 1040->974
[2025-08-01T02:38:00.069+0000] GC(1689) Humongous regions: 0->0
[2025-08-01T02:38:00.069+0000] GC(1689) Metaspace: 9706K(12544K)->9706K(12544K) NonClass: 8540K(11008K)->8540K(11008K) Class: 1166K(1536K)->1166K(1536K)
[2025-08-01T02:38:00.070+0000] GC(1689) Pause Young (Mixed) (G1 Evacuation Pause) 2280M->1971M(4096M) 18.239ms
[2025-08-01T02:38:00.070+0000] GC(1689) User=0.13s Sys=0.00s Real=0.02s
[2025-08-01T02:38:00.190+0000] GC(1690) Pause Young (Concurrent Start) (G1 Evacuation Pause)
[2025-08-01T02:38:00.190+0000] GC(1690) Using 8 workers of 8 for evacuation
[2025-08-01T02:38:00.331+0000] GC(1690)   Pre Evacuate Collection Set: 0.1ms
[2025-08-01T02:38:00.332+0000] GC(1690)   Evacuate Collection Set: 140.4ms
[2025-08-01T02:38:00.332+0000] GC(1690)   Post Evacuate Collection Set: 0.7ms
[2025-08-01T02:38:00.332+0000] GC(1690)   Other: 0.5ms
[2025-08-01T02:38:00.332+0000] GC(1690) Eden regions: 278->0(194)
[2025-08-01T02:38:00.332+0000] GC(1690) Survivor regions: 13->37(37)
[2025-08-01T02:38:00.332+0000] GC(1690) Old regions: 974->1192
[2025-08-01T02:38:00.332+0000] GC(1690) Humongous regions: 0->0
[2025-08-01T02:38:00.332+0000] GC(1690) Metaspace: 9706K(12544K)->9706K(12544K) NonClass: 8540K(11008K)->8540K(11008K) Class: 1166K(1536K)->1166K(1536K)
[2025-08-01T02:38:00.332+0000] GC(1690) Pause Young (Concurrent Start) (G1 Evacuation Pause) 2527M->2454M(4096M) 141.751ms
[2025-08-01T02:38:00.332+0000] GC(1690) User=0.97s Sys=0.07s Real=0.14s
[2025-08-01T02:38:00.332+0000] GC(1691) Concurrent Cycle
[2025-08-01T02:38:00.332+0000] GC(1691) Concurrent Clear Claimed Marks
[2025-08-01T02:38:00.332+0000] GC(1691) Concurrent Clear Claimed Marks 0.075ms
[2025-08-01T02:38:00.332+0000] GC(1691) Concurrent Scan Root Regions
[2025-08-01T02:38:00.341+0000] GC(1691) Concurrent Scan Root Regions 9.259ms
[2025-08-01T02:38:00.341+0000] GC(1691) Concurrent Mark (219.337s)
[2025-08-01T02:38:00.341+0000] GC(1691) Concurrent Mark From Roots
[2025-08-01T02:38:00.341+0000] GC(1691) Using 2 workers of 2 for marking
[2025-08-01T02:38:00.413+0000] GC(1692) Pause Young (Normal) (G1 Evacuation Pause)
[2025-08-01T02:38:00.413+0000] GC(1692) Using 8 workers of 8 for evacuation
[2025-08-01T02:38:00.486+0000] GC(1692)   Pre Evacuate Collection Set: 0.1ms
[2025-08-01T02:38:00.486+0000] GC(1692)   Evacuate Collection Set: 72.5ms
[2025-08-01T02:38:00.487+0000] GC(1692)   Post Evacuate Collection Set: 0.7ms
[2025-08-01T02:38:00.487+0000] GC(1692)   Other: 0.4ms
[2025-08-01T02:38:00.487+0000] GC(1692) Eden regions: 194->0(153)
[2025-08-01T02:38:00.487+0000] GC(1692) Survivor regions: 37->29(29)
[2025-08-01T02:38:00.487+0000] GC(1692) Old regions: 1192->1342
[2025-08-01T02:38:00.487+0000] GC(1692) Humongous regions: 0->0
[2025-08-01T02:38:00.487+0000] GC(1692) Metaspace: 9706K(12544K)->9706K(12544K) NonClass: 8540K(11008K)->8540K(11008K) Class: 1166K(1536K)->1166K(1536K)
[2025-08-01T02:38:00.487+0000] GC(1692) Pause Young (Normal) (G1 Evacuation Pause) 2842M->2738M(4096M) 73.819ms
[2025-08-01T02:38:00.487+0000] GC(1692) User=0.53s Sys=0.02s Real=0.08s
[2025-08-01T02:38:00.555+0000] GC(1693) Pause Young (Normal) (G1 Evacuation Pause)
[2025-08-01T02:38:00.555+0000] GC(1693) Using 8 workers of 8 for evacuation
[2025-08-01T02:38:00.620+0000] GC(1693)   Pre Evacuate Collection Set: 0.1ms
[2025-08-01T02:38:00.620+0000] GC(1693)   Evacuate Collection Set: 64.1ms
[2025-08-01T02:38:00.620+0000] GC(1693)   Post Evacuate Collection Set: 0.6ms
[2025-08-01T02:38:00.620+0000] GC(1693)   Other: 0.4ms
[2025-08-01T02:38:00.620+0000] GC(1693) Eden regions: 153->0(100)
[2025-08-01T02:38:00.620+0000] GC(1693) Survivor regions: 29->23(23)
[2025-08-01T02:38:00.620+0000] GC(1693) Old regions: 1342->1502
[2025-08-01T02:38:00.620+0000] GC(1693) Humongous regions: 0->0
[2025-08-01T02:38:00.620+0000] GC(1693) Metaspace: 9706K(12544K)->9706K(12544K) NonClass: 8540K(11008K)->8540K(11008K) Class: 1166K(1536K)->1166K(1536K)
[2025-08-01T02:38:00.620+0000] GC(1693) Pause Young (Normal) (G1 Evacuation Pause) 3044M->3046M(4096M) 65.504ms
[2025-08-01T02:38:00.620+0000] GC(1693) User=0.49s Sys=0.02s Real=0.06s
[2025-08-01T02:38:00.634+0000] GC(1691) Concurrent Mark From Roots 292.376ms
[2025-08-01T02:38:00.634+0000] GC(1691) Concurrent Preclean
[2025-08-01T02:38:00.634+0000] GC(1691) Concurrent Preclean 0.453ms
[2025-08-01T02:38:00.634+0000] GC(1691) Concurrent Mark (219.337s, 219.630s) 293.023ms
[2025-08-01T02:38:00.635+0000] GC(1691) Pause Remark
[2025-08-01T02:38:00.638+0000] GC(1691) Cleaned string and symbol table, strings: 2833 processed, 0 removed, symbols: 23489 processed, 0 removed
[2025-08-01T02:38:00.640+0000] GC(1691) Pause Remark 3202M->1826M(4096M) 5.182ms
[2025-08-01T02:38:00.640+0000] GC(1691) User=0.02s Sys=0.00s Real=0.00s
[2025-08-01T02:38:00.640+0000] GC(1691) Concurrent Rebuild Remembered Sets
[2025-08-01T02:38:00.646+0000] GC(1694) Pause Young (Normal) (G1 Evacuation Pause)
[2025-08-01T02:38:00.646+0000] GC(1694) Using 8 workers of 8 for evacuation
[2025-08-01T02:38:00.689+0000] GC(1694)   Pre Evacuate Collection Set: 0.2ms
[2025-08-01T02:38:00.689+0000] GC(1694)   Evacuate Collection Set: 42.1ms
[2025-08-01T02:38:00.689+0000] GC(1694)   Post Evacuate Collection Set: 0.8ms
[2025-08-01T02:38:00.689+0000] GC(1694)   Other: 0.3ms
[2025-08-01T02:38:00.689+0000] GC(1694) Eden regions: 100->0(295)
[2025-08-01T02:38:00.689+0000] GC(1694) Survivor regions: 23->16(16)
[2025-08-01T02:38:00.689+0000] GC(1694) Old regions: 814->922
[2025-08-01T02:38:00.689+0000] GC(1694) Humongous regions: 0->0
[2025-08-01T02:38:00.689+0000] GC(1694) Metaspace: 9706K(12544K)->9706K(12544K) NonClass: 8540K(11008K)->8540K(11008K) Class: 1166K(1536K)->1166K(1536K)
[2025-08-01T02:38:00.689+0000] GC(1694) Pause Young (Normal) (G1 Evacuation Pause) 1870M->1872M(4096M) 43.639ms
[2025-08-01T02:38:00.689+0000] GC(1694) User=0.32s Sys=0.01s Real=0.04s
[2025-08-01T02:38:00.826+0000] GC(1695) Pause Young (Normal) (G1 Evacuation Pause)
[2025-08-01T02:38:00.826+0000] GC(1695) Using 8 workers of 8 for evacuation
[2025-08-01T02:38:00.896+0000] GC(1695)   Pre Evacuate Collection Set: 0.1ms
[2025-08-01T02:38:00.896+0000] GC(1695)   Evacuate Collection Set: 68.5ms
[2025-08-01T02:38:00.896+0000] GC(1695)   Post Evacuate Collection Set: 1.0ms
[2025-08-01T02:38:00.896+0000] GC(1695)   Other: 0.4ms
[2025-08-01T02:38:00.896+0000] GC(1695) Eden regions: 295->0(265)
[2025-08-01T02:38:00.896+0000] GC(1695) Survivor regions: 16->39(39)
[2025-08-01T02:38:00.896+0000] GC(1695) Old regions: 922->1030
[2025-08-01T02:38:00.896+0000] GC(1695) Humongous regions: 0->0
[2025-08-01T02:38:00.896+0000] GC(1695) Metaspace: 9706K(12544K)->9706K(12544K) NonClass: 8540K(11008K)->8540K(11008K) Class: 1166K(1536K)->1166K(1536K)
[2025-08-01T02:38:00.896+0000] GC(1695) Pause Young (Normal) (G1 Evacuation Pause) 2462M->2135M(4096M) 70.131ms
[2025-08-01T02:38:00.896+0000] GC(1695) User=0.53s Sys=0.01s Real=0.07s
[2025-08-01T02:38:00.969+0000] GC(1691) Concurrent Rebuild Remembered Sets 328.185ms
[2025-08-01T02:38:00.969+0000] GC(1691) Pause Cleanup
[2025-08-01T02:38:00.970+0000] GC(1691) Pause Cleanup 2509M->2509M(4096M) 0.622ms
[2025-08-01T02:38:00.970+0000] GC(1691) User=0.01s Sys=0.00s Real=0.00s
[2025-08-01T02:38:00.970+0000] GC(1691) Concurrent Cleanup for Next Mark
[2025-08-01T02:38:00.980+0000] GC(1691) Concurrent Cleanup for Next Mark 10.153ms
[2025-08-01T02:38:00.980+0000] GC(1691) Concurrent Cycle 648.360ms
[2025-08-01T02:38:00.992+0000] GC(1696) Pause Young (Prepare Mixed) (G1 Evacuation Pause)
[2025-08-01T02:38:00.992+0000] GC(1696) Using 8 workers of 8 for evacuation
[2025-08-01T02:38:01.102+0000] GC(1696)   Pre Evacuate Collection Set: 0.1ms
[2025-08-01T02:38:01.102+0000] GC(1696)   Evacuate Collection Set: 108.4ms
[2025-08-01T02:38:01.102+0000] GC(1696)   Post Evacuate Collection Set: 1.3ms
[2025-08-01T02:38:01.102+0000] GC(1696)   Other: 0.3ms
[2025-08-01T02:38:01.102+0000] GC(1696) Eden regions: 265->0(64)
[2025-08-01T02:38:01.102+0000] GC(1696) Survivor regions: 39->38(38)
[2025-08-01T02:38:01.102+0000] GC(1696) Old regions: 1030->1297
[2025-08-01T02:38:01.102+0000] GC(1696) Humongous regions: 0->0
[2025-08-01T02:38:01.102+0000] GC(1696) Metaspace: 9706K(12544K)->9706K(12544K) NonClass: 8540K(11008K)->8540K(11008K) Class: 1166K(1536K)->1166K(1536K)
[2025-08-01T02:38:01.102+0000] GC(1696) Pause Young (Prepare Mixed) (G1 Evacuation Pause) 2665M->2667M(4096M) 110.134ms
[2025-08-01T02:38:01.102+0000] GC(1696) User=0.83s Sys=0.03s Real=0.11s
[2025-08-01T02:38:01.115+0000] GC(1697) Pause Young (Mixed) (G1 Evacuation Pause)
[2025-08-01T02:38:01.115+0000] GC(1697) Using 8 workers of 8 for evacuation
[2025-08-01T02:38:01.152+0000] GC(1697)   Pre Evacuate Collection Set: 0.1ms
[2025-08-01T02:38:01.152+0000] GC(1697)   Evacuate Collection Set: 35.5ms
[2025-08-01T02:38:01.152+0000] GC(1697)   Post Evacuate Collection Set: 0.8ms
[2025-08-01T02:38:01.152+0000] GC(1697)   Other: 0.4ms
[2025-08-01T02:38:01.152+0000] GC(1697) Eden regions: 64->0(154)
[2025-08-01T02:38:01.152+0000] GC(1697) Survivor regions: 38->13(13)
[2025-08-01T02:38:01.152+0000] GC(1697) Old regions: 1297->1346
[2025-08-01T02:38:01.152+0000] GC(1697) Humongous regions: 0->0
[2025-08-01T02:38:01.152+0000] GC(1697) Metaspace: 9706K(12544K)->9706K(12544K) NonClass: 8540K(11008K)->8540K(11008K) Class: 1166K(1536K)->1166K(1536K)
[2025-08-01T02:38:01.152+0000] GC(1697) Pause Young (Mixed) (G1 Evacuation Pause) 2795M->2715M(4096M) 37.062ms
[2025-08-01T02:38:01.152+0000] GC(1697) User=0.28s Sys=0.00s Real=0.03s
[2025-08-01T02:38:01.228+0000] GC(1698) Pause Young (Concurrent Start) (G1 Evacuation Pause)
[2025-08-01T02:38:01.228+0000] GC(1698) Using 8 workers of 8 for evacuation
[2025-08-01T02:38:01.286+0000] GC(1698)   Pre Evacuate Collection Set: 0.1ms
[2025-08-01T02:38:01.286+0000] GC(1698)   Evacuate Collection Set: 56.9ms
[2025-08-01T02:38:01.286+0000] GC(1698)   Post Evacuate Collection Set: 0.7ms
[2025-08-01T02:38:01.286+0000] GC(1698)   Other: 0.4ms
[2025-08-01T02:38:01.286+0000] GC(1698) Eden regions: 154->0(104)
[2025-08-01T02:38:01.286+0000] GC(1698) Survivor regions: 13->21(21)
[2025-08-01T02:38:01.286+0000] GC(1698) Old regions: 1346->1490
[2025-08-01T02:38:01.286+0000] GC(1698) Humongous regions: 0->0
[2025-08-01T02:38:01.286+0000] GC(1698) Metaspace: 9706K(12544K)->9706K(12544K) NonClass: 8540K(11008K)->8540K(11008K) Class: 1166K(1536K)->1166K(1536K)
[2025-08-01T02:38:01.286+0000] GC(1698) Pause Young (Concurrent Start) (G1 Evacuation Pause) 3023M->3018M(4096M) 58.220ms
[2025-08-01T02:38:01.286+0000] GC(1698) User=0.44s Sys=0.01s Real=0.06s
[2025-08-01T02:38:01.286+0000] GC(1699) Concurrent Cycle
[2025-08-01T02:38:01.286+0000] GC(1699) Concurrent Clear Claimed Marks
[2025-08-01T02:38:01.286+0000] GC(1699) Concurrent Clear Claimed Marks 0.056ms
[2025-08-01T02:38:01.286+0000] GC(1699) Concurrent Scan Root Regions
[2025-08-01T02:38:01.292+0000] GC(1699) Concurrent Scan Root Regions 5.122ms
[2025-08-01T02:38:01.292+0000] GC(1699) Concurrent Mark (220.287s)
[2025-08-01T02:38:01.292+0000] GC(1699) Concurrent Mark From Roots
[2025-08-01T02:38:01.292+0000] GC(1699) Using 2 workers of 2 for marking
[2025-08-01T02:38:01.354+0000] GC(1700) Pause Young (Normal) (G1 Evacuation Pause)
[2025-08-01T02:38:01.354+0000] GC(1700) Using 8 workers of 8 for evacuation
[2025-08-01T02:38:01.404+0000] GC(1700)   Pre Evacuate Collection Set: 0.1ms
[2025-08-01T02:38:01.404+0000] GC(1700)   Evacuate Collection Set: 48.6ms
[2025-08-01T02:38:01.404+0000] GC(1700)   Post Evacuate Collection Set: 0.7ms
[2025-08-01T02:38:01.404+0000] GC(1700)   Other: 0.2ms
[2025-08-01T02:38:01.404+0000] GC(1700) Eden regions: 104->0(86)
[2025-08-01T02:38:01.404+0000] GC(1700) Survivor regions: 21->16(16)
[2025-08-01T02:38:01.404+0000] GC(1700) Old regions: 1490->1600
[2025-08-01T02:38:01.404+0000] GC(1700) Humongous regions: 0->0
[2025-08-01T02:38:01.404+0000] GC(1700) Metaspace: 9706K(12544K)->9706K(12544K) NonClass: 8540K(11008K)->8540K(11008K) Class: 1166K(1536K)->1166K(1536K)
[2025-08-01T02:38:01.404+0000] GC(1700) Pause Young (Normal) (G1 Evacuation Pause) 3226M->3228M(4096M) 49.841ms
[2025-08-01T02:38:01.404+0000] GC(1700) User=0.36s Sys=0.02s Real=0.05s
[2025-08-01T02:38:01.420+0000] GC(1701) Pause Young (Normal) (G1 Evacuation Pause)
[2025-08-01T02:38:01.420+0000] GC(1701) Using 8 workers of 8 for evacuation
[2025-08-01T02:38:01.456+0000] GC(1701)   Pre Evacuate Collection Set: 0.1ms
[2025-08-01T02:38:01.456+0000] GC(1701)   Evacuate Collection Set: 35.1ms
[2025-08-01T02:38:01.456+0000] GC(1701)   Post Evacuate Collection Set: 0.6ms
[2025-08-01T02:38:01.456+0000] GC(1701)   Other: 0.3ms
[2025-08-01T02:38:01.456+0000] GC(1701) Eden regions: 86->0(89)
[2025-08-01T02:38:01.456+0000] GC(1701) Survivor regions: 16->13(13)
[2025-08-01T02:38:01.456+0000] GC(1701) Old regions: 1600->1691
[2025-08-01T02:38:01.456+0000] GC(1701) Humongous regions: 0->0
[2025-08-01T02:38:01.456+0000] GC(1701) Metaspace: 9706K(12544K)->9706K(12544K) NonClass: 8540K(11008K)->8540K(11008K) Class: 1166K(1536K)->1166K(1536K)
[2025-08-01T02:38:01.457+0000] GC(1701) Pause Young (Normal) (G1 Evacuation Pause) 3400M->3404M(4096M) 36.152ms
[2025-08-01T02:38:01.457+0000] GC(1701) User=0.27s Sys=0.00s Real=0.04s
[2025-08-01T02:38:01.521+0000] GC(1702) Pause Young (Normal) (G1 Evacuation Pause)
[2025-08-01T02:38:01.522+0000] GC(1702) Using 8 workers of 8 for evacuation
[2025-08-01T02:38:01.547+0000] GC(1702)   Pre Evacuate Collection Set: 0.1ms
[2025-08-01T02:38:01.547+0000] GC(1702)   Evacuate Collection Set: 24.6ms
[2025-08-01T02:38:01.547+0000] GC(1702)   Post Evacuate Collection Set: 0.6ms
[2025-08-01T02:38:01.547+0000] GC(1702)   Other: 0.3ms
[2025-08-01T02:38:01.547+0000] GC(1702) Eden regions: 89->0(89)
[2025-08-01T02:38:01.547+0000] GC(1702) Survivor regions: 13->13(13)
[2025-08-01T02:38:01.547+0000] GC(1702) Old regions: 1691->1736
[2025-08-01T02:38:01.547+0000] GC(1702) Humongous regions: 0->0
[2025-08-01T02:38:01.547+0000] GC(1702) Metaspace: 9706K(12544K)->9706K(12544K) NonClass: 8540K(11008K)->8540K(11008K) Class: 1166K(1536K)->1166K(1536K)
[2025-08-01T02:38:01.547+0000] GC(1702) Pause Young (Normal) (G1 Evacuation Pause) 3582M->3495M(4096M) 25.693ms
[2025-08-01T02:38:01.547+0000] GC(1702) User=0.18s Sys=0.01s Real=0.03s
[2025-08-01T02:38:01.564+0000] GC(1703) Pause Young (Normal) (G1 Evacuation Pause)
[2025-08-01T02:38:01.564+0000] GC(1703) Using 8 workers of 8 for evacuation
[2025-08-01T02:38:01.601+0000] GC(1703)   Pre Evacuate Collection Set: 0.2ms
[2025-08-01T02:38:01.601+0000] GC(1703)   Evacuate Collection Set: 36.0ms
[2025-08-01T02:38:01.601+0000] GC(1703)   Post Evacuate Collection Set: 0.6ms
[2025-08-01T02:38:01.601+0000] GC(1703)   Other: 0.3ms
[2025-08-01T02:38:01.601+0000] GC(1703) Eden regions: 89->0(89)
[2025-08-01T02:38:01.601+0000] GC(1703) Survivor regions: 13->13(13)
[2025-08-01T02:38:01.601+0000] GC(1703) Old regions: 1736->1827
[2025-08-01T02:38:01.601+0000] GC(1703) Humongous regions: 0->0
[2025-08-01T02:38:01.601+0000] GC(1703) Metaspace: 9706K(12544K)->9706K(12544K) NonClass: 8540K(11008K)->8540K(11008K) Class: 1166K(1536K)->1166K(1536K)
[2025-08-01T02:38:01.601+0000] GC(1703) Pause Young (Normal) (G1 Evacuation Pause) 3673M->3677M(4096M) 37.228ms
[2025-08-01T02:38:01.601+0000] GC(1703) User=0.28s Sys=0.00s Real=0.03s
[2025-08-01T02:38:01.633+0000] GC(1699) Concurrent Mark From Roots 340.910ms
[2025-08-01T02:38:01.633+0000] GC(1699) Concurrent Preclean
[2025-08-01T02:38:01.633+0000] GC(1699) Concurrent Preclean 0.317ms
[2025-08-01T02:38:01.633+0000] GC(1699) Concurrent Mark (220.287s, 220.628s) 341.323ms
[2025-08-01T02:38:01.633+0000] GC(1699) Pause Remark
[2025-08-01T02:38:01.635+0000] GC(1699) Cleaned string and symbol table, strings: 2833 processed, 0 removed, symbols: 23489 processed, 0 removed
[2025-08-01T02:38:01.636+0000] GC(1699) Pause Remark 3808M->2062M(4096M) 3.225ms
[2025-08-01T02:38:01.637+0000] GC(1699) User=0.01s Sys=0.00s Real=0.00s
[2025-08-01T02:38:01.637+0000] GC(1699) Concurrent Rebuild Remembered Sets
[2025-08-01T02:38:01.665+0000] GC(1704) Pause Young (Normal) (G1 Evacuation Pause)
[2025-08-01T02:38:01.665+0000] GC(1704) Using 8 workers of 8 for evacuation
[2025-08-01T02:38:01.696+0000] GC(1704)   Pre Evacuate Collection Set: 0.1ms
[2025-08-01T02:38:01.696+0000] GC(1704)   Evacuate Collection Set: 30.3ms
[2025-08-01T02:38:01.696+0000] GC(1704)   Post Evacuate Collection Set: 0.9ms
[2025-08-01T02:38:01.696+0000] GC(1704)   Other: 0.3ms
[2025-08-01T02:38:01.696+0000] GC(1704) Eden regions: 89->0(270)
[2025-08-01T02:38:01.696+0000] GC(1704) Survivor regions: 13->13(13)
[2025-08-01T02:38:01.696+0000] GC(1704) Old regions: 954->1029
[2025-08-01T02:38:01.696+0000] GC(1704) Humongous regions: 0->0
[2025-08-01T02:38:01.696+0000] GC(1704) Metaspace: 9706K(12544K)->9706K(12544K) NonClass: 8540K(11008K)->8540K(11008K) Class: 1166K(1536K)->1166K(1536K)
[2025-08-01T02:38:01.697+0000] GC(1704) Pause Young (Normal) (G1 Evacuation Pause) 2109M->2080M(4096M) 31.751ms
[2025-08-01T02:38:01.697+0000] GC(1704) User=0.23s Sys=0.00s Real=0.03s
[2025-08-01T02:38:01.790+0000] GC(1705) Pause Young (Normal) (G1 Evacuation Pause)
[2025-08-01T02:38:01.790+0000] GC(1705) Using 8 workers of 8 for evacuation
[2025-08-01T02:38:01.863+0000] GC(1705)   Pre Evacuate Collection Set: 0.1ms
[2025-08-01T02:38:01.863+0000] GC(1705)   Evacuate Collection Set: 71.2ms
[2025-08-01T02:38:01.863+0000] GC(1705)   Post Evacuate Collection Set: 0.9ms
[2025-08-01T02:38:01.863+0000] GC(1705)   Other: 0.3ms
[2025-08-01T02:38:01.863+0000] GC(1705) Eden regions: 270->0(201)
[2025-08-01T02:38:01.863+0000] GC(1705) Survivor regions: 13->36(36)
[2025-08-01T02:38:01.863+0000] GC(1705) Old regions: 1029->1203
[2025-08-01T02:38:01.863+0000] GC(1705) Humongous regions: 0->0
[2025-08-01T02:38:01.863+0000] GC(1705) Metaspace: 9706K(12544K)->9706K(12544K) NonClass: 8540K(11008K)->8540K(11008K) Class: 1166K(1536K)->1166K(1536K)
[2025-08-01T02:38:01.863+0000] GC(1705) Pause Young (Normal) (G1 Evacuation Pause) 2620M->2474M(4096M) 72.582ms
[2025-08-01T02:38:01.863+0000] GC(1705) User=0.56s Sys=0.01s Real=0.07s
[2025-08-01T02:38:01.945+0000] GC(1706) Pause Young (Normal) (G1 Evacuation Pause)
[2025-08-01T02:38:01.945+0000] GC(1706) Using 8 workers of 8 for evacuation
[2025-08-01T02:38:02.023+0000] GC(1706)   Pre Evacuate Collection Set: 0.1ms
[2025-08-01T02:38:02.023+0000] GC(1706)   Evacuate Collection Set: 77.1ms
[2025-08-01T02:38:02.023+0000] GC(1706)   Post Evacuate Collection Set: 1.1ms
[2025-08-01T02:38:02.023+0000] GC(1706)   Other: 0.4ms
[2025-08-01T02:38:02.023+0000] GC(1706) Eden regions: 201->0(128)
[2025-08-01T02:38:02.023+0000] GC(1706) Survivor regions: 36->30(30)
[2025-08-01T02:38:02.023+0000] GC(1706) Old regions: 1203->1412
[2025-08-01T02:38:02.023+0000] GC(1706) Humongous regions: 0->0
[2025-08-01T02:38:02.024+0000] GC(1706) Metaspace: 9706K(12544K)->9706K(12544K) NonClass: 8540K(11008K)->8540K(11008K) Class: 1166K(1536K)->1166K(1536K)
[2025-08-01T02:38:02.024+0000] GC(1706) Pause Young (Normal) (G1 Evacuation Pause) 2876M->2880M(4096M) 78.622ms
[2025-08-01T02:38:02.024+0000] GC(1706) User=0.61s Sys=0.01s Real=0.08s
[2025-08-01T02:38:02.077+0000] GC(1699) Concurrent Rebuild Remembered Sets 440.882ms
[2025-08-01T02:38:02.078+0000] GC(1699) Pause Cleanup
[2025-08-01T02:38:02.079+0000] GC(1699) Pause Cleanup 3067M->3067M(4096M) 0.740ms
[2025-08-01T02:38:02.079+0000] GC(1699) User=0.00s Sys=0.00s Real=0.00s
[2025-08-01T02:38:02.079+0000] GC(1699) Concurrent Cleanup for Next Mark
[2025-08-01T02:38:02.087+0000] GC(1699) Concurrent Cleanup for Next Mark 8.649ms
[2025-08-01T02:38:02.087+0000] GC(1699) Concurrent Cycle 801.151ms
[2025-08-01T02:38:02.095+0000] GC(1707) Pause Young (Prepare Mixed) (G1 Evacuation Pause)
[2025-08-01T02:38:02.095+0000] GC(1707) Using 8 workers of 8 for evacuation
[2025-08-01T02:38:02.151+0000] GC(1707)   Pre Evacuate Collection Set: 0.1ms
[2025-08-01T02:38:02.151+0000] GC(1707)   Evacuate Collection Set: 55.1ms
[2025-08-01T02:38:02.151+0000] GC(1707)   Post Evacuate Collection Set: 0.8ms
[2025-08-01T02:38:02.151+0000] GC(1707)   Other: 0.3ms
[2025-08-01T02:38:02.151+0000] GC(1707) Eden regions: 128->0(82)
[2025-08-01T02:38:02.151+0000] GC(1707) Survivor regions: 30->20(20)
[2025-08-01T02:38:02.151+0000] GC(1707) Old regions: 1412->1552
[2025-08-01T02:38:02.151+0000] GC(1707) Humongous regions: 0->0
[2025-08-01T02:38:02.151+0000] GC(1707) Metaspace: 9706K(12544K)->9706K(12544K) NonClass: 8540K(11008K)->8540K(11008K) Class: 1166K(1536K)->1166K(1536K)
[2025-08-01T02:38:02.151+0000] GC(1707) Pause Young (Prepare Mixed) (G1 Evacuation Pause) 3136M->3140M(4096M) 56.450ms
[2025-08-01T02:38:02.151+0000] GC(1707) User=0.44s Sys=0.00s Real=0.05s
[2025-08-01T02:38:02.166+0000] GC(1708) Pause Young (Mixed) (G1 Evacuation Pause)
[2025-08-01T02:38:02.166+0000] GC(1708) Using 8 workers of 8 for evacuation
[2025-08-01T02:38:02.199+0000] GC(1708)   Pre Evacuate Collection Set: 0.1ms
[2025-08-01T02:38:02.199+0000] GC(1708)   Evacuate Collection Set: 31.5ms
[2025-08-01T02:38:02.199+0000] GC(1708)   Post Evacuate Collection Set: 0.8ms
[2025-08-01T02:38:02.199+0000] GC(1708)   Other: 0.7ms
[2025-08-01T02:38:02.199+0000] GC(1708) Eden regions: 82->0(89)
[2025-08-01T02:38:02.199+0000] GC(1708) Survivor regions: 20->13(13)
[2025-08-01T02:38:02.199+0000] GC(1708) Old regions: 1552->1609
[2025-08-01T02:38:02.199+0000] GC(1708) Humongous regions: 0->0
[2025-08-01T02:38:02.199+0000] GC(1708) Metaspace: 9706K(12544K)->9706K(12544K) NonClass: 8540K(11008K)->8540K(11008K) Class: 1166K(1536K)->1166K(1536K)
[2025-08-01T02:38:02.199+0000] GC(1708) Pause Young (Mixed) (G1 Evacuation Pause) 3304M->3241M(4096M) 33.366ms
[2025-08-01T02:38:02.199+0000] GC(1708) User=0.24s Sys=0.00s Real=0.03s
[2025-08-01T02:38:02.263+0000] GC(1709) Pause Young (Concurrent Start) (G1 Evacuation Pause)
[2025-08-01T02:38:02.263+0000] GC(1709) Using 8 workers of 8 for evacuation
[2025-08-01T02:38:02.298+0000] GC(1709)   Pre Evacuate Collection Set: 0.1ms
[2025-08-01T02:38:02.298+0000] GC(1709)   Evacuate Collection Set: 33.5ms
[2025-08-01T02:38:02.298+0000] GC(1709)   Post Evacuate Collection Set: 1.0ms
[2025-08-01T02:38:02.298+0000] GC(1709)   Other: 0.5ms
[2025-08-01T02:38:02.298+0000] GC(1709) Eden regions: 89->0(89)
[2025-08-01T02:38:02.298+0000] GC(1709) Survivor regions: 13->13(13)
[2025-08-01T02:38:02.298+0000] GC(1709) Old regions: 1609->1669
[2025-08-01T02:38:02.298+0000] GC(1709) Humongous regions: 0->0
[2025-08-01T02:38:02.298+0000] GC(1709) Metaspace: 9706K(12544K)->9706K(12544K) NonClass: 8540K(11008K)->8540K(11008K) Class: 1166K(1536K)->1166K(1536K)
[2025-08-01T02:38:02.298+0000] GC(1709) Pause Young (Concurrent Start) (G1 Evacuation Pause) 3419M->3360M(4096M) 35.146ms
[2025-08-01T02:38:02.299+0000] GC(1709) User=0.25s Sys=0.01s Real=0.03s
[2025-08-01T02:38:02.299+0000] GC(1710) Concurrent Cycle
[2025-08-01T02:38:02.299+0000] GC(1710) Concurrent Clear Claimed Marks
[2025-08-01T02:38:02.299+0000] GC(1710) Concurrent Clear Claimed Marks 0.062ms
[2025-08-01T02:38:02.299+0000] GC(1710) Concurrent Scan Root Regions
[2025-08-01T02:38:02.302+0000] GC(1710) Concurrent Scan Root Regions 3.707ms
[2025-08-01T02:38:02.303+0000] GC(1710) Concurrent Mark (221.298s)
[2025-08-01T02:38:02.303+0000] GC(1710) Concurrent Mark From Roots
[2025-08-01T02:38:02.303+0000] GC(1710) Using 2 workers of 2 for marking
[2025-08-01T02:38:02.315+0000] GC(1711) Pause Young (Normal) (G1 Evacuation Pause)
[2025-08-01T02:38:02.315+0000] GC(1711) Using 8 workers of 8 for evacuation
[2025-08-01T02:38:02.360+0000] GC(1711)   Pre Evacuate Collection Set: 0.1ms
[2025-08-01T02:38:02.360+0000] GC(1711)   Evacuate Collection Set: 40.7ms
[2025-08-01T02:38:02.360+0000] GC(1711)   Post Evacuate Collection Set: 3.6ms
[2025-08-01T02:38:02.360+0000] GC(1711)   Other: 0.3ms
[2025-08-01T02:38:02.360+0000] GC(1711) Eden regions: 89->0(89)
[2025-08-01T02:38:02.360+0000] GC(1711) Survivor regions: 13->13(13)
[2025-08-01T02:38:02.360+0000] GC(1711) Old regions: 1669->1760
[2025-08-01T02:38:02.360+0000] GC(1711) Humongous regions: 0->0
[2025-08-01T02:38:02.360+0000] GC(1711) Metaspace: 9706K(12544K)->9706K(12544K) NonClass: 8540K(11008K)->8540K(11008K) Class: 1166K(1536K)->1166K(1536K)
[2025-08-01T02:38:02.360+0000] GC(1711) Pause Young (Normal) (G1 Evacuation Pause) 3538M->3542M(4096M) 44.907ms
[2025-08-01T02:38:02.360+0000] GC(1711) User=0.31s Sys=0.02s Real=0.04s
[2025-08-01T02:38:02.421+0000] GC(1712) Pause Young (Normal) (G1 Evacuation Pause)
[2025-08-01T02:38:02.421+0000] GC(1712) Using 8 workers of 8 for evacuation
[2025-08-01T02:38:02.452+0000] GC(1712)   Pre Evacuate Collection Set: 0.1ms
[2025-08-01T02:38:02.452+0000] GC(1712)   Evacuate Collection Set: 29.9ms
[2025-08-01T02:38:02.452+0000] GC(1712)   Post Evacuate Collection Set: 0.6ms
[2025-08-01T02:38:02.452+0000] GC(1712)   Other: 0.4ms
[2025-08-01T02:38:02.452+0000] GC(1712) Eden regions: 89->0(89)
[2025-08-01T02:38:02.452+0000] GC(1712) Survivor regions: 13->13(13)
[2025-08-01T02:38:02.452+0000] GC(1712) Old regions: 1760->1826
[2025-08-01T02:38:02.452+0000] GC(1712) Humongous regions: 0->0
[2025-08-01T02:38:02.452+0000] GC(1712) Metaspace: 9706K(12544K)->9706K(12544K) NonClass: 8540K(11008K)->8540K(11008K) Class: 1166K(1536K)->1166K(1536K)
[2025-08-01T02:38:02.452+0000] GC(1712) Pause Young (Normal) (G1 Evacuation Pause) 3720M->3675M(4096M) 31.242ms
[2025-08-01T02:38:02.452+0000] GC(1712) User=0.23s Sys=0.01s Real=0.03s
[2025-08-01T02:38:02.468+0000] GC(1713) Pause Young (Normal) (G1 Evacuation Pause)
[2025-08-01T02:38:02.468+0000] GC(1713) Using 8 workers of 8 for evacuation
[2025-08-01T02:38:02.503+0000] GC(1713)   Pre Evacuate Collection Set: 0.1ms
[2025-08-01T02:38:02.503+0000] GC(1713)   Evacuate Collection Set: 33.3ms
[2025-08-01T02:38:02.503+0000] GC(1713)   Post Evacuate Collection Set: 0.5ms
[2025-08-01T02:38:02.503+0000] GC(1713)   Other: 0.3ms
[2025-08-01T02:38:02.503+0000] GC(1713) Eden regions: 89->0(89)
[2025-08-01T02:38:02.503+0000] GC(1713) Survivor regions: 13->13(13)
[2025-08-01T02:38:02.503+0000] GC(1713) Old regions: 1826->1918
[2025-08-01T02:38:02.503+0000] GC(1713) Humongous regions: 0->0
[2025-08-01T02:38:02.503+0000] GC(1713) Metaspace: 9706K(12544K)->9706K(12544K) NonClass: 8540K(11008K)->8540K(11008K) Class: 1166K(1536K)->1166K(1536K)
[2025-08-01T02:38:02.503+0000] GC(1713) Pause Young (Normal) (G1 Evacuation Pause) 3853M->3859M(4096M) 34.395ms
[2025-08-01T02:38:02.503+0000] GC(1713) User=0.27s Sys=0.00s Real=0.03s
[2025-08-01T02:38:02.562+0000] GC(1714) Pause Young (Normal) (G1 Evacuation Pause)
[2025-08-01T02:38:02.562+0000] GC(1714) Using 8 workers of 8 for evacuation
[2025-08-01T02:38:02.593+0000] GC(1714) To-space exhausted
[2025-08-01T02:38:02.593+0000] GC(1714)   Pre Evacuate Collection Set: 0.1ms
[2025-08-01T02:38:02.593+0000] GC(1714)   Evacuate Collection Set: 22.8ms
[2025-08-01T02:38:02.593+0000] GC(1714)   Post Evacuate Collection Set: 8.6ms
[2025-08-01T02:38:02.593+0000] GC(1714)   Other: 0.3ms
[2025-08-01T02:38:02.593+0000] GC(1714) Eden regions: 89->0(89)
[2025-08-01T02:38:02.593+0000] GC(1714) Survivor regions: 13->13(13)
[2025-08-01T02:38:02.593+0000] GC(1714) Old regions: 1918->2005
[2025-08-01T02:38:02.593+0000] GC(1714) Humongous regions: 0->0
[2025-08-01T02:38:02.593+0000] GC(1714) Metaspace: 9706K(12544K)->9706K(12544K) NonClass: 8540K(11008K)->8540K(11008K) Class: 1166K(1536K)->1166K(1536K)
[2025-08-01T02:38:02.594+0000] GC(1714) Pause Young (Normal) (G1 Evacuation Pause) 4037M->4033M(4096M) 31.930ms
[2025-08-01T02:38:02.594+0000] GC(1714) User=0.23s Sys=0.00s Real=0.04s
[2025-08-01T02:38:02.598+0000] GC(1710) Concurrent Mark From Roots 295.534ms
[2025-08-01T02:38:02.598+0000] GC(1710) Concurrent Preclean
[2025-08-01T02:38:02.599+0000] GC(1710) Concurrent Preclean 0.312ms
[2025-08-01T02:38:02.599+0000] GC(1710) Concurrent Mark (221.298s, 221.594s) 295.976ms
[2025-08-01T02:38:02.599+0000] GC(1710) Pause Remark
[2025-08-01T02:38:02.602+0000] GC(1710) Cleaned string and symbol table, strings: 2833 processed, 0 removed, symbols: 23489 processed, 0 removed
[2025-08-01T02:38:02.604+0000] GC(1710) Pause Remark 4087M->2053M(4096M) 4.737ms
[2025-08-01T02:38:02.604+0000] GC(1710) User=0.02s Sys=0.01s Real=0.01s
[2025-08-01T02:38:02.604+0000] GC(1710) Concurrent Rebuild Remembered Sets
[2025-08-01T02:38:02.616+0000] GC(1715) Pause Young (Normal) (G1 Evacuation Pause)
[2025-08-01T02:38:02.616+0000] GC(1715) Using 8 workers of 8 for evacuation
[2025-08-01T02:38:02.655+0000] GC(1715)   Pre Evacuate Collection Set: 0.1ms
[2025-08-01T02:38:02.655+0000] GC(1715)   Evacuate Collection Set: 37.2ms
[2025-08-01T02:38:02.655+0000] GC(1715)   Post Evacuate Collection Set: 0.8ms
[2025-08-01T02:38:02.655+0000] GC(1715)   Other: 0.3ms
[2025-08-01T02:38:02.655+0000] GC(1715) Eden regions: 89->0(240)
[2025-08-01T02:38:02.655+0000] GC(1715) Survivor regions: 13->13(13)
[2025-08-01T02:38:02.655+0000] GC(1715) Old regions: 988->1079
[2025-08-01T02:38:02.655+0000] GC(1715) Humongous regions: 0->0
[2025-08-01T02:38:02.655+0000] GC(1715) Metaspace: 9706K(12544K)->9706K(12544K) NonClass: 8540K(11008K)->8540K(11008K) Class: 1166K(1536K)->1166K(1536K)
[2025-08-01T02:38:02.655+0000] GC(1715) Pause Young (Normal) (G1 Evacuation Pause) 2177M->2181M(4096M) 38.519ms
[2025-08-01T02:38:02.655+0000] GC(1715) User=0.29s Sys=0.00s Real=0.04s
[2025-08-01T02:38:02.746+0000] GC(1716) Pause Young (Normal) (G1 Evacuation Pause)
[2025-08-01T02:38:02.746+0000] GC(1716) Using 8 workers of 8 for evacuation
[2025-08-01T02:38:02.833+0000] GC(1716)   Pre Evacuate Collection Set: 0.1ms
[2025-08-01T02:38:02.833+0000] GC(1716)   Evacuate Collection Set: 86.3ms
[2025-08-01T02:38:02.833+0000] GC(1716)   Post Evacuate Collection Set: 1.0ms
[2025-08-01T02:38:02.833+0000] GC(1716)   Other: 0.3ms
[2025-08-01T02:38:02.833+0000] GC(1716) Eden regions: 240->0(160)
[2025-08-01T02:38:02.833+0000] GC(1716) Survivor regions: 13->32(32)
[2025-08-01T02:38:02.833+0000] GC(1716) Old regions: 1079->1302
[2025-08-01T02:38:02.833+0000] GC(1716) Humongous regions: 0->0
[2025-08-01T02:38:02.833+0000] GC(1716) Metaspace: 9706K(12544K)->9706K(12544K) NonClass: 8540K(11008K)->8540K(11008K) Class: 1166K(1536K)->1166K(1536K)
[2025-08-01T02:38:02.833+0000] GC(1716) Pause Young (Normal) (G1 Evacuation Pause) 2661M->2665M(4096M) 87.877ms
[2025-08-01T02:38:02.833+0000] GC(1716) User=0.68s Sys=0.01s Real=0.09s
[2025-08-01T02:38:02.906+0000] GC(1717) Pause Young (Normal) (G1 Evacuation Pause)
[2025-08-01T02:38:02.906+0000] GC(1717) Using 8 workers of 8 for evacuation
[2025-08-01T02:38:02.959+0000] GC(1717)   Pre Evacuate Collection Set: 0.1ms
[2025-08-01T02:38:02.959+0000] GC(1717)   Evacuate Collection Set: 51.6ms
[2025-08-01T02:38:02.959+0000] GC(1717)   Post Evacuate Collection Set: 0.9ms
[2025-08-01T02:38:02.959+0000] GC(1717)   Other: 0.4ms
[2025-08-01T02:38:02.959+0000] GC(1717) Eden regions: 160->0(126)
[2025-08-01T02:38:02.959+0000] GC(1717) Survivor regions: 32->24(24)
[2025-08-01T02:38:02.959+0000] GC(1717) Old regions: 1302->1422
[2025-08-01T02:38:02.959+0000] GC(1717) Humongous regions: 0->0
[2025-08-01T02:38:02.959+0000] GC(1717) Metaspace: 9706K(12544K)->9706K(12544K) NonClass: 8540K(11008K)->8540K(11008K) Class: 1166K(1536K)->1166K(1536K)
[2025-08-01T02:38:02.959+0000] GC(1717) Pause Young (Normal) (G1 Evacuation Pause) 2985M->2888M(4096M) 53.114ms
[2025-08-01T02:38:02.959+0000] GC(1717) User=0.39s Sys=0.00s Real=0.05s
[2025-08-01T02:38:03.004+0000] GC(1710) Concurrent Rebuild Remembered Sets 400.138ms
[2025-08-01T02:38:03.005+0000] GC(1710) Pause Cleanup
[2025-08-01T02:38:03.005+0000] GC(1710) Pause Cleanup 3048M->3048M(4096M) 0.769ms
[2025-08-01T02:38:03.006+0000] GC(1710) User=0.00s Sys=0.00s Real=0.00s
[2025-08-01T02:38:03.006+0000] GC(1710) Concurrent Cleanup for Next Mark
[2025-08-01T02:38:03.014+0000] GC(1710) Concurrent Cleanup for Next Mark 8.231ms
[2025-08-01T02:38:03.014+0000] GC(1710) Concurrent Cycle 715.308ms
[2025-08-01T02:38:03.029+0000] GC(1718) Pause Young (Prepare Mixed) (G1 Evacuation Pause)
[2025-08-01T02:38:03.029+0000] GC(1718) Using 8 workers of 8 for evacuation
[2025-08-01T02:38:03.074+0000] GC(1718)   Pre Evacuate Collection Set: 0.1ms
[2025-08-01T02:38:03.074+0000] GC(1718)   Evacuate Collection Set: 43.5ms
[2025-08-01T02:38:03.074+0000] GC(1718)   Post Evacuate Collection Set: 0.9ms
[2025-08-01T02:38:03.074+0000] GC(1718)   Other: 0.3ms
[2025-08-01T02:38:03.074+0000] GC(1718) Eden regions: 126->0(83)
[2025-08-01T02:38:03.074+0000] GC(1718) Survivor regions: 24->19(19)
[2025-08-01T02:38:03.074+0000] GC(1718) Old regions: 1422->1534
[2025-08-01T02:38:03.074+0000] GC(1718) Humongous regions: 0->0
[2025-08-01T02:38:03.074+0000] GC(1718) Metaspace: 9706K(12544K)->9706K(12544K) NonClass: 8540K(11008K)->8540K(11008K) Class: 1166K(1536K)->1166K(1536K)
[2025-08-01T02:38:03.074+0000] GC(1718) Pause Young (Prepare Mixed) (G1 Evacuation Pause) 3140M->3103M(4096M) 44.986ms
[2025-08-01T02:38:03.074+0000] GC(1718) User=0.34s Sys=0.00s Real=0.05s
[2025-08-01T02:38:03.089+0000] GC(1719) Pause Young (Mixed) (G1 Evacuation Pause)
[2025-08-01T02:38:03.089+0000] GC(1719) Using 8 workers of 8 for evacuation
[2025-08-01T02:38:03.127+0000] GC(1719)   Pre Evacuate Collection Set: 0.2ms
[2025-08-01T02:38:03.127+0000] GC(1719)   Evacuate Collection Set: 35.5ms
[2025-08-01T02:38:03.127+0000] GC(1719)   Post Evacuate Collection Set: 1.2ms
[2025-08-01T02:38:03.127+0000] GC(1719)   Other: 0.3ms
[2025-08-01T02:38:03.127+0000] GC(1719) Eden regions: 83->0(89)
[2025-08-01T02:38:03.127+0000] GC(1719) Survivor regions: 19->13(13)
[2025-08-01T02:38:03.127+0000] GC(1719) Old regions: 1534->1423
[2025-08-01T02:38:03.127+0000] GC(1719) Humongous regions: 0->0
[2025-08-01T02:38:03.127+0000] GC(1719) Metaspace: 9706K(12544K)->9706K(12544K) NonClass: 8540K(11008K)->8540K(11008K) Class: 1166K(1536K)->1166K(1536K)
[2025-08-01T02:38:03.127+0000] GC(1719) Pause Young (Mixed) (G1 Evacuation Pause) 3269M->2868M(4096M) 37.393ms
[2025-08-01T02:38:03.127+0000] GC(1719) User=0.28s Sys=0.01s Real=0.04s
[2025-08-01T02:38:03.194+0000] GC(1720) Pause Young (Mixed) (G1 Evacuation Pause)
[2025-08-01T02:38:03.195+0000] GC(1720) Using 8 workers of 8 for evacuation
[2025-08-01T02:38:03.240+0000] GC(1720)   Pre Evacuate Collection Set: 0.2ms
[2025-08-01T02:38:03.241+0000] GC(1720)   Evacuate Collection Set: 44.0ms
[2025-08-01T02:38:03.241+0000] GC(1720)   Post Evacuate Collection Set: 1.0ms
[2025-08-01T02:38:03.241+0000] GC(1720)   Other: 1.1ms
[2025-08-01T02:38:03.241+0000] GC(1720) Eden regions: 89->0(127)
[2025-08-01T02:38:03.241+0000] GC(1720) Survivor regions: 13->13(13)
[2025-08-01T02:38:03.241+0000] GC(1720) Old regions: 1423->1435
[2025-08-01T02:38:03.241+0000] GC(1720) Humongous regions: 0->0
[2025-08-01T02:38:03.241+0000] GC(1720) Metaspace: 9706K(12544K)->9706K(12544K) NonClass: 8540K(11008K)->8540K(11008K) Class: 1166K(1536K)->1166K(1536K)
[2025-08-01T02:38:03.241+0000] GC(1720) Pause Young (Mixed) (G1 Evacuation Pause) 3046M->2893M(4096M) 46.385ms
[2025-08-01T02:38:03.241+0000] GC(1720) User=0.34s Sys=0.01s Real=0.04s
[2025-08-01T02:38:03.263+0000] GC(1721) Pause Young (Concurrent Start) (G1 Evacuation Pause)
[2025-08-01T02:38:03.263+0000] GC(1721) Using 8 workers of 8 for evacuation
[2025-08-01T02:38:03.314+0000] GC(1721)   Pre Evacuate Collection Set: 0.1ms
[2025-08-01T02:38:03.314+0000] GC(1721)   Evacuate Collection Set: 50.3ms
[2025-08-01T02:38:03.314+0000] GC(1721)   Post Evacuate Collection Set: 0.7ms
[2025-08-01T02:38:03.314+0000] GC(1721)   Other: 0.5ms
[2025-08-01T02:38:03.314+0000] GC(1721) Eden regions: 127->0(84)
[2025-08-01T02:38:03.314+0000] GC(1721) Survivor regions: 13->18(18)
[2025-08-01T02:38:03.314+0000] GC(1721) Old regions: 1435->1558
[2025-08-01T02:38:03.314+0000] GC(1721) Humongous regions: 0->0
[2025-08-01T02:38:03.314+0000] GC(1721) Metaspace: 9706K(12544K)->9706K(12544K) NonClass: 8540K(11008K)->8540K(11008K) Class: 1166K(1536K)->1166K(1536K)
[2025-08-01T02:38:03.314+0000] GC(1721) Pause Young (Concurrent Start) (G1 Evacuation Pause) 3147M->3149M(4096M) 51.717ms
[2025-08-01T02:38:03.315+0000] GC(1721) User=0.39s Sys=0.00s Real=0.06s
[2025-08-01T02:38:03.315+0000] GC(1722) Concurrent Cycle
[2025-08-01T02:38:03.315+0000] GC(1722) Concurrent Clear Claimed Marks
[2025-08-01T02:38:03.315+0000] GC(1722) Concurrent Clear Claimed Marks 0.061ms
[2025-08-01T02:38:03.315+0000] GC(1722) Concurrent Scan Root Regions
[2025-08-01T02:38:03.318+0000] GC(1722) Concurrent Scan Root Regions 3.597ms
[2025-08-01T02:38:03.318+0000] GC(1722) Concurrent Mark (222.314s)
[2025-08-01T02:38:03.318+0000] GC(1722) Concurrent Mark From Roots
[2025-08-01T02:38:03.318+0000] GC(1722) Using 2 workers of 2 for marking
[2025-08-01T02:38:03.379+0000] GC(1723) Pause Young (Normal) (G1 Evacuation Pause)
[2025-08-01T02:38:03.379+0000] GC(1723) Using 8 workers of 8 for evacuation
[2025-08-01T02:38:03.421+0000] GC(1723)   Pre Evacuate Collection Set: 0.1ms
[2025-08-01T02:38:03.421+0000] GC(1723)   Evacuate Collection Set: 41.4ms
[2025-08-01T02:38:03.422+0000] GC(1723)   Post Evacuate Collection Set: 0.6ms
[2025-08-01T02:38:03.422+0000] GC(1723)   Other: 0.3ms
[2025-08-01T02:38:03.422+0000] GC(1723) Eden regions: 84->0(89)
[2025-08-01T02:38:03.422+0000] GC(1723) Survivor regions: 18->13(13)
[2025-08-01T02:38:03.422+0000] GC(1723) Old regions: 1558->1641
[2025-08-01T02:38:03.422+0000] GC(1723) Humongous regions: 0->0
[2025-08-01T02:38:03.422+0000] GC(1723) Metaspace: 9706K(12544K)->9706K(12544K) NonClass: 8540K(11008K)->8540K(11008K) Class: 1166K(1536K)->1166K(1536K)
[2025-08-01T02:38:03.422+0000] GC(1723) Pause Young (Normal) (G1 Evacuation Pause) 3317M->3305M(4096M) 42.457ms
[2025-08-01T02:38:03.422+0000] GC(1723) User=0.26s Sys=0.03s Real=0.04s
[2025-08-01T02:38:03.440+0000] GC(1724) Pause Young (Normal) (G1 Evacuation Pause)
[2025-08-01T02:38:03.440+0000] GC(1724) Using 8 workers of 8 for evacuation
[2025-08-01T02:38:03.503+0000] GC(1724)   Pre Evacuate Collection Set: 0.1ms
[2025-08-01T02:38:03.503+0000] GC(1724)   Evacuate Collection Set: 62.0ms
[2025-08-01T02:38:03.503+0000] GC(1724)   Post Evacuate Collection Set: 0.6ms
[2025-08-01T02:38:03.503+0000] GC(1724)   Other: 0.3ms
[2025-08-01T02:38:03.503+0000] GC(1724) Eden regions: 89->0(89)
[2025-08-01T02:38:03.503+0000] GC(1724) Survivor regions: 13->13(13)
[2025-08-01T02:38:03.503+0000] GC(1724) Old regions: 1641->1732
[2025-08-01T02:38:03.503+0000] GC(1724) Humongous regions: 0->0
[2025-08-01T02:38:03.503+0000] GC(1724) Metaspace: 9706K(12544K)->9706K(12544K) NonClass: 8540K(11008K)->8540K(11008K) Class: 1166K(1536K)->1166K(1536K)
[2025-08-01T02:38:03.503+0000] GC(1724) Pause Young (Normal) (G1 Evacuation Pause) 3483M->3486M(4096M) 63.183ms
[2025-08-01T02:38:03.503+0000] GC(1724) User=0.45s Sys=0.02s Real=0.07s
[2025-08-01T02:38:03.522+0000] GC(1725) Pause Young (Normal) (G1 Evacuation Pause)
[2025-08-01T02:38:03.522+0000] GC(1725) Using 8 workers of 8 for evacuation
[2025-08-01T02:38:03.559+0000] GC(1725)   Pre Evacuate Collection Set: 0.1ms
[2025-08-01T02:38:03.559+0000] GC(1725)   Evacuate Collection Set: 36.0ms
[2025-08-01T02:38:03.559+0000] GC(1725)   Post Evacuate Collection Set: 0.6ms
[2025-08-01T02:38:03.559+0000] GC(1725)   Other: 0.3ms
[2025-08-01T02:38:03.559+0000] GC(1725) Eden regions: 89->0(89)
[2025-08-01T02:38:03.559+0000] GC(1725) Survivor regions: 13->13(13)
[2025-08-01T02:38:03.559+0000] GC(1725) Old regions: 1732->1822
[2025-08-01T02:38:03.559+0000] GC(1725) Humongous regions: 0->0
[2025-08-01T02:38:03.559+0000] GC(1725) Metaspace: 9706K(12544K)->9706K(12544K) NonClass: 8540K(11008K)->8540K(11008K) Class: 1166K(1536K)->1166K(1536K)
[2025-08-01T02:38:03.559+0000] GC(1725) Pause Young (Normal) (G1 Evacuation Pause) 3664M->3666M(4096M) 37.170ms
[2025-08-01T02:38:03.559+0000] GC(1725) User=0.29s Sys=0.01s Real=0.04s
[2025-08-01T02:38:03.580+0000] GC(1726) Pause Young (Normal) (G1 Evacuation Pause)
[2025-08-01T02:38:03.580+0000] GC(1726) Using 8 workers of 8 for evacuation
[2025-08-01T02:38:03.616+0000] GC(1726)   Pre Evacuate Collection Set: 0.1ms
[2025-08-01T02:38:03.616+0000] GC(1726)   Evacuate Collection Set: 35.3ms
[2025-08-01T02:38:03.616+0000] GC(1726)   Post Evacuate Collection Set: 0.5ms
[2025-08-01T02:38:03.616+0000] GC(1726)   Other: 0.3ms
[2025-08-01T02:38:03.616+0000] GC(1726) Eden regions: 89->0(89)
[2025-08-01T02:38:03.616+0000] GC(1726) Survivor regions: 13->13(13)
[2025-08-01T02:38:03.616+0000] GC(1726) Old regions: 1822->1912
[2025-08-01T02:38:03.616+0000] GC(1726) Humongous regions: 0->0
[2025-08-01T02:38:03.617+0000] GC(1726) Metaspace: 9706K(12544K)->9706K(12544K) NonClass: 8540K(11008K)->8540K(11008K) Class: 1166K(1536K)->1166K(1536K)
[2025-08-01T02:38:03.617+0000] GC(1726) Pause Young (Normal) (G1 Evacuation Pause) 3844M->3847M(4096M) 36.307ms
[2025-08-01T02:38:03.617+0000] GC(1726) User=0.26s Sys=0.00s Real=0.04s
[2025-08-01T02:38:03.635+0000] GC(1727) Pause Young (Normal) (G1 Evacuation Pause)
[2025-08-01T02:38:03.635+0000] GC(1727) Using 8 workers of 8 for evacuation
[2025-08-01T02:38:03.666+0000] GC(1727) To-space exhausted
[2025-08-01T02:38:03.666+0000] GC(1727)   Pre Evacuate Collection Set: 0.1ms
[2025-08-01T02:38:03.666+0000] GC(1727)   Evacuate Collection Set: 21.6ms
[2025-08-01T02:38:03.666+0000] GC(1727)   Post Evacuate Collection Set: 9.3ms
[2025-08-01T02:38:03.666+0000] GC(1727)   Other: 0.4ms
[2025-08-01T02:38:03.666+0000] GC(1727) Eden regions: 89->0(89)
[2025-08-01T02:38:03.666+0000] GC(1727) Survivor regions: 13->13(13)
[2025-08-01T02:38:03.666+0000] GC(1727) Old regions: 1912->2006
[2025-08-01T02:38:03.666+0000] GC(1727) Humongous regions: 0->0
[2025-08-01T02:38:03.666+0000] GC(1727) Metaspace: 9706K(12544K)->9706K(12544K) NonClass: 8540K(11008K)->8540K(11008K) Class: 1166K(1536K)->1166K(1536K)
[2025-08-01T02:38:03.667+0000] GC(1727) Pause Young (Normal) (G1 Evacuation Pause) 4025M->4035M(4096M) 31.376ms
[2025-08-01T02:38:03.667+0000] GC(1727) User=0.24s Sys=0.00s Real=0.03s
[2025-08-01T02:38:03.675+0000] GC(1728) Pause Young (Normal) (G1 Evacuation Pause)
[2025-08-01T02:38:03.675+0000] GC(1728) Using 8 workers of 8 for evacuation
[2025-08-01T02:38:03.690+0000] GC(1728) To-space exhausted
[2025-08-01T02:38:03.690+0000] GC(1728)   Pre Evacuate Collection Set: 0.1ms
[2025-08-01T02:38:03.690+0000] GC(1728)   Evacuate Collection Set: 9.9ms
[2025-08-01T02:38:03.690+0000] GC(1728)   Post Evacuate Collection Set: 4.5ms
[2025-08-01T02:38:03.690+0000] GC(1728)   Other: 0.4ms
[2025-08-01T02:38:03.690+0000] GC(1728) Eden regions: 29->0(102)
[2025-08-01T02:38:03.690+0000] GC(1728) Survivor regions: 13->0(13)
[2025-08-01T02:38:03.690+0000] GC(1728) Old regions: 2006->2048
[2025-08-01T02:38:03.690+0000] GC(1728) Humongous regions: 0->0
[2025-08-01T02:38:03.690+0000] GC(1728) Metaspace: 9706K(12544K)->9706K(12544K) NonClass: 8540K(11008K)->8540K(11008K) Class: 1166K(1536K)->1166K(1536K)
[2025-08-01T02:38:03.690+0000] GC(1728) Pause Young (Normal) (G1 Evacuation Pause) 4093M->4093M(4096M) 14.957ms
[2025-08-01T02:38:03.690+0000] GC(1728) User=0.10s Sys=0.00s Real=0.01s
[2025-08-01T02:38:03.690+0000] GC(1729) Using 8 workers of 8 for full compaction
[2025-08-01T02:38:03.690+0000] GC(1729) Pause Full (G1 Evacuation Pause)
[2025-08-01T02:38:03.695+0000] GC(1729) Phase 1: Mark live objects
[2025-08-01T02:38:03.734+0000] GC(1729) Cleaned string and symbol table, strings: 2833 processed, 0 removed, symbols: 23489 processed, 0 removed
[2025-08-01T02:38:03.734+0000] GC(1729) Phase 1: Mark live objects 39.438ms
[2025-08-01T02:38:03.734+0000] GC(1729) Phase 2: Prepare for compaction
[2025-08-01T02:38:03.783+0000] GC(1729) Phase 2: Prepare for compaction 48.457ms
[2025-08-01T02:38:03.783+0000] GC(1729) Phase 3: Adjust pointers
[2025-08-01T02:38:03.827+0000] GC(1729) Phase 3: Adjust pointers 44.345ms
[2025-08-01T02:38:03.827+0000] GC(1729) Phase 4: Compact heap
[2025-08-01T02:38:03.964+0000] GC(1729) Phase 4: Compact heap 136.254ms
[2025-08-01T02:38:03.966+0000] GC(1729) Eden regions: 0->0(424)
[2025-08-01T02:38:03.966+0000] GC(1729) Survivor regions: 0->0(13)
[2025-08-01T02:38:03.966+0000] GC(1729) Old regions: 2048->520
[2025-08-01T02:38:03.966+0000] GC(1729) Humongous regions: 0->0
[2025-08-01T02:38:03.966+0000] GC(1729) Metaspace: 9706K(12544K)->9706K(12544K) NonClass: 8540K(11008K)->8540K(11008K) Class: 1166K(1536K)->1166K(1536K)
[2025-08-01T02:38:03.966+0000] GC(1729) Pause Full (G1 Evacuation Pause) 4093M->1032M(4096M) 276.040ms
[2025-08-01T02:38:03.966+0000] GC(1729) User=2.08s Sys=0.01s Real=0.28s
[2025-08-01T02:38:03.966+0000] GC(1722) Concurrent Mark From Roots 647.872ms
[2025-08-01T02:38:03.966+0000] GC(1722) Concurrent Mark Abort
[2025-08-01T02:38:03.966+0000] GC(1722) Concurrent Cycle 651.708ms
[2025-08-01T02:38:04.137+0000] GC(1730) Pause Young (Normal) (G1 Evacuation Pause)
[2025-08-01T02:38:04.137+0000] GC(1730) Using 8 workers of 8 for evacuation
[2025-08-01T02:38:04.399+0000] GC(1730) MMU target violated: 201.0ms (200.0ms/201.0ms)
[2025-08-01T02:38:04.399+0000] GC(1730)   Pre Evacuate Collection Set: 0.1ms
[2025-08-01T02:38:04.399+0000] GC(1730)   Evacuate Collection Set: 260.6ms
[2025-08-01T02:38:04.399+0000] GC(1730)   Post Evacuate Collection Set: 0.7ms
[2025-08-01T02:38:04.399+0000] GC(1730)   Other: 0.5ms
[2025-08-01T02:38:04.399+0000] GC(1730) Eden regions: 424->0(304)
[2025-08-01T02:38:04.399+0000] GC(1730) Survivor regions: 0->53(53)
[2025-08-01T02:38:04.399+0000] GC(1730) Old regions: 520->845
[2025-08-01T02:38:04.399+0000] GC(1730) Humongous regions: 0->0
[2025-08-01T02:38:04.399+0000] GC(1730) Metaspace: 9706K(12544K)->9706K(12544K) NonClass: 8540K(11008K)->8540K(11008K) Class: 1166K(1536K)->1166K(1536K)
[2025-08-01T02:38:04.399+0000] GC(1730) Pause Young (Normal) (G1 Evacuation Pause) 1880M->1788M(4096M) 261.927ms
[2025-08-01T02:38:04.399+0000] GC(1730) User=1.97s Sys=0.06s Real=0.26s
[2025-08-01T02:38:04.542+0000] GC(1731) Pause Young (Concurrent Start) (G1 Evacuation Pause)
[2025-08-01T02:38:04.543+0000] GC(1731) Using 8 workers of 8 for evacuation
[2025-08-01T02:38:04.664+0000] GC(1731)   Pre Evacuate Collection Set: 0.1ms
[2025-08-01T02:38:04.664+0000] GC(1731)   Evacuate Collection Set: 120.1ms
[2025-08-01T02:38:04.664+0000] GC(1731)   Post Evacuate Collection Set: 1.2ms
[2025-08-01T02:38:04.664+0000] GC(1731)   Other: 0.4ms
[2025-08-01T02:38:04.664+0000] GC(1731) Eden regions: 304->0(210)
[2025-08-01T02:38:04.664+0000] GC(1731) Survivor regions: 53->45(45)
[2025-08-01T02:38:04.664+0000] GC(1731) Old regions: 845->1128
[2025-08-01T02:38:04.664+0000] GC(1731) Humongous regions: 0->0
[2025-08-01T02:38:04.664+0000] GC(1731) Metaspace: 9706K(12544K)->9706K(12544K) NonClass: 8540K(11008K)->8540K(11008K) Class: 1166K(1536K)->1166K(1536K)
[2025-08-01T02:38:04.664+0000] GC(1731) Pause Young (Concurrent Start) (G1 Evacuation Pause) 2396M->2337M(4096M) 121.942ms
[2025-08-01T02:38:04.664+0000] GC(1731) User=0.90s Sys=0.03s Real=0.13s
[2025-08-01T02:38:04.665+0000] GC(1732) Concurrent Cycle
[2025-08-01T02:38:04.665+0000] GC(1732) Concurrent Clear Claimed Marks
[2025-08-01T02:38:04.665+0000] GC(1732) Concurrent Clear Claimed Marks 0.061ms
[2025-08-01T02:38:04.665+0000] GC(1732) Concurrent Scan Root Regions
[2025-08-01T02:38:04.675+0000] GC(1732) Concurrent Scan Root Regions 9.883ms
[2025-08-01T02:38:04.675+0000] GC(1732) Concurrent Mark (223.670s)
[2025-08-01T02:38:04.675+0000] GC(1732) Concurrent Mark From Roots
[2025-08-01T02:38:04.675+0000] GC(1732) Using 2 workers of 2 for marking
[2025-08-01T02:38:04.753+0000] GC(1733) Pause Young (Normal) (G1 Evacuation Pause)
[2025-08-01T02:38:04.753+0000] GC(1733) Using 8 workers of 8 for evacuation
[2025-08-01T02:38:04.799+0000] GC(1733)   Pre Evacuate Collection Set: 0.1ms
[2025-08-01T02:38:04.799+0000] GC(1733)   Evacuate Collection Set: 45.1ms
[2025-08-01T02:38:04.799+0000] GC(1733)   Post Evacuate Collection Set: 0.9ms
[2025-08-01T02:38:04.800+0000] GC(1733)   Other: 0.3ms
[2025-08-01T02:38:04.800+0000] GC(1733) Eden regions: 210->0(188)
[2025-08-01T02:38:04.800+0000] GC(1733) Survivor regions: 45->32(32)
[2025-08-01T02:38:04.800+0000] GC(1733) Old regions: 1128->1241
[2025-08-01T02:38:04.800+0000] GC(1733) Humongous regions: 0->0
[2025-08-01T02:38:04.800+0000] GC(1733) Metaspace: 9706K(12544K)->9706K(12544K) NonClass: 8540K(11008K)->8540K(11008K) Class: 1166K(1536K)->1166K(1536K)
[2025-08-01T02:38:04.800+0000] GC(1733) Pause Young (Normal) (G1 Evacuation Pause) 2757M->2537M(4096M) 46.539ms
[2025-08-01T02:38:04.800+0000] GC(1733) User=0.34s Sys=0.00s Real=0.04s
[2025-08-01T02:38:04.880+0000] GC(1734) Pause Young (Normal) (G1 Evacuation Pause)
[2025-08-01T02:38:04.880+0000] GC(1734) Using 8 workers of 8 for evacuation
[2025-08-01T02:38:04.932+0000] GC(1734)   Pre Evacuate Collection Set: 0.1ms
[2025-08-01T02:38:04.932+0000] GC(1734)   Evacuate Collection Set: 50.7ms
[2025-08-01T02:38:04.932+0000] GC(1734)   Post Evacuate Collection Set: 0.6ms
[2025-08-01T02:38:04.932+0000] GC(1734)   Other: 0.2ms
[2025-08-01T02:38:04.932+0000] GC(1734) Eden regions: 188->0(139)
[2025-08-01T02:38:04.932+0000] GC(1734) Survivor regions: 32->28(28)
[2025-08-01T02:38:04.932+0000] GC(1734) Old regions: 1241->1391
[2025-08-01T02:38:04.932+0000] GC(1734) Humongous regions: 0->0
[2025-08-01T02:38:04.932+0000] GC(1734) Metaspace: 9706K(12544K)->9706K(12544K) NonClass: 8540K(11008K)->8540K(11008K) Class: 1166K(1536K)->1166K(1536K)
[2025-08-01T02:38:04.932+0000] GC(1734) Pause Young (Normal) (G1 Evacuation Pause) 2913M->2830M(4096M) 51.736ms
[2025-08-01T02:38:04.932+0000] GC(1734) User=0.39s Sys=0.00s Real=0.05s
[2025-08-01T02:38:04.956+0000] GC(1735) Pause Young (Normal) (G1 Evacuation Pause)
[2025-08-01T02:38:04.956+0000] GC(1735) Using 8 workers of 8 for evacuation
[2025-08-01T02:38:05.007+0000] GC(1735)   Pre Evacuate Collection Set: 0.1ms
[2025-08-01T02:38:05.007+0000] GC(1735)   Evacuate Collection Set: 49.9ms
[2025-08-01T02:38:05.007+0000] GC(1735)   Post Evacuate Collection Set: 0.9ms
[2025-08-01T02:38:05.008+0000] GC(1735)   Other: 0.3ms
[2025-08-01T02:38:05.008+0000] GC(1735) Eden regions: 139->0(89)
[2025-08-01T02:38:05.008+0000] GC(1735) Survivor regions: 28->21(21)
[2025-08-01T02:38:05.008+0000] GC(1735) Old regions: 1391->1539
[2025-08-01T02:38:05.008+0000] GC(1735) Humongous regions: 0->0
[2025-08-01T02:38:05.008+0000] GC(1735) Metaspace: 9706K(12544K)->9706K(12544K) NonClass: 8540K(11008K)->8540K(11008K) Class: 1166K(1536K)->1166K(1536K)
[2025-08-01T02:38:05.008+0000] GC(1735) Pause Young (Normal) (G1 Evacuation Pause) 3108M->3112M(4096M) 51.362ms
[2025-08-01T02:38:05.008+0000] GC(1735) User=0.38s Sys=0.00s Real=0.05s
[2025-08-01T02:38:05.031+0000] GC(1736) Pause Young (Normal) (G1 Evacuation Pause)
[2025-08-01T02:38:05.032+0000] GC(1736) Using 8 workers of 8 for evacuation
[2025-08-01T02:38:05.072+0000] GC(1736)   Pre Evacuate Collection Set: 0.1ms
[2025-08-01T02:38:05.072+0000] GC(1736)   Evacuate Collection Set: 39.9ms
[2025-08-01T02:38:05.072+0000] GC(1736)   Post Evacuate Collection Set: 0.7ms
[2025-08-01T02:38:05.072+0000] GC(1736)   Other: 0.3ms
[2025-08-01T02:38:05.072+0000] GC(1736) Eden regions: 89->0(88)
[2025-08-01T02:38:05.072+0000] GC(1736) Survivor regions: 21->14(14)
[2025-08-01T02:38:05.072+0000] GC(1736) Old regions: 1539->1637
[2025-08-01T02:38:05.072+0000] GC(1736) Humongous regions: 0->0
[2025-08-01T02:38:05.073+0000] GC(1736) Metaspace: 9706K(12544K)->9706K(12544K) NonClass: 8540K(11008K)->8540K(11008K) Class: 1166K(1536K)->1166K(1536K)
[2025-08-01T02:38:05.073+0000] GC(1736) Pause Young (Normal) (G1 Evacuation Pause) 3290M->3293M(4096M) 41.072ms
[2025-08-01T02:38:05.073+0000] GC(1736) User=0.31s Sys=0.01s Real=0.04s
[2025-08-01T02:38:05.085+0000] GC(1732) Concurrent Mark From Roots 410.568ms
[2025-08-01T02:38:05.085+0000] GC(1732) Concurrent Preclean
[2025-08-01T02:38:05.086+0000] GC(1732) Concurrent Preclean 0.302ms
[2025-08-01T02:38:05.086+0000] GC(1732) Concurrent Mark (223.670s, 224.081s) 410.978ms
[2025-08-01T02:38:05.086+0000] GC(1732) Pause Remark
[2025-08-01T02:38:05.089+0000] GC(1732) Cleaned string and symbol table, strings: 2833 processed, 0 removed, symbols: 23489 processed, 0 removed
[2025-08-01T02:38:05.090+0000] GC(1732) Pause Remark 3409M->2455M(4096M) 4.150ms
[2025-08-01T02:38:05.090+0000] GC(1732) User=0.02s Sys=0.00s Real=0.00s
[2025-08-01T02:38:05.090+0000] GC(1732) Concurrent Rebuild Remembered Sets
[2025-08-01T02:38:05.099+0000] GC(1737) Pause Young (Normal) (G1 Evacuation Pause)
[2025-08-01T02:38:05.099+0000] GC(1737) Using 8 workers of 8 for evacuation
[2025-08-01T02:38:05.135+0000] GC(1737)   Pre Evacuate Collection Set: 0.1ms
[2025-08-01T02:38:05.135+0000] GC(1737)   Evacuate Collection Set: 35.0ms
[2025-08-01T02:38:05.135+0000] GC(1737)   Post Evacuate Collection Set: 0.7ms
[2025-08-01T02:38:05.135+0000] GC(1737)   Other: 0.4ms
[2025-08-01T02:38:05.135+0000] GC(1737) Eden regions: 88->0(190)
[2025-08-01T02:38:05.135+0000] GC(1737) Survivor regions: 14->13(13)
[2025-08-01T02:38:05.135+0000] GC(1737) Old regions: 1158->1240
[2025-08-01T02:38:05.135+0000] GC(1737) Humongous regions: 0->0
[2025-08-01T02:38:05.135+0000] GC(1737) Metaspace: 9706K(12544K)->9706K(12544K) NonClass: 8540K(11008K)->8540K(11008K) Class: 1166K(1536K)->1166K(1536K)
[2025-08-01T02:38:05.135+0000] GC(1737) Pause Young (Normal) (G1 Evacuation Pause) 2516M->2502M(4096M) 36.300ms
[2025-08-01T02:38:05.135+0000] GC(1737) User=0.28s Sys=0.01s Real=0.04s
[2025-08-01T02:38:05.213+0000] GC(1738) Pause Young (Normal) (G1 Evacuation Pause)
[2025-08-01T02:38:05.213+0000] GC(1738) Using 8 workers of 8 for evacuation
[2025-08-01T02:38:05.293+0000] GC(1738)   Pre Evacuate Collection Set: 0.1ms
[2025-08-01T02:38:05.293+0000] GC(1738)   Evacuate Collection Set: 79.1ms
[2025-08-01T02:38:05.293+0000] GC(1738)   Post Evacuate Collection Set: 0.7ms
[2025-08-01T02:38:05.293+0000] GC(1738)   Other: 1.0ms
[2025-08-01T02:38:05.293+0000] GC(1738) Eden regions: 190->0(125)
[2025-08-01T02:38:05.293+0000] GC(1738) Survivor regions: 13->26(26)
[2025-08-01T02:38:05.293+0000] GC(1738) Old regions: 1240->1418
[2025-08-01T02:38:05.293+0000] GC(1738) Humongous regions: 0->0
[2025-08-01T02:38:05.293+0000] GC(1738) Metaspace: 9706K(12544K)->9706K(12544K) NonClass: 8540K(11008K)->8540K(11008K) Class: 1166K(1536K)->1166K(1536K)
[2025-08-01T02:38:05.293+0000] GC(1738) Pause Young (Normal) (G1 Evacuation Pause) 2882M->2885M(4096M) 80.492ms
[2025-08-01T02:38:05.293+0000] GC(1738) User=0.62s Sys=0.01s Real=0.08s
[2025-08-01T02:38:05.354+0000] GC(1739) Pause Young (Normal) (G1 Evacuation Pause)
[2025-08-01T02:38:05.354+0000] GC(1739) Using 8 workers of 8 for evacuation
[2025-08-01T02:38:05.414+0000] GC(1739)   Pre Evacuate Collection Set: 0.1ms
[2025-08-01T02:38:05.414+0000] GC(1739)   Evacuate Collection Set: 58.7ms
[2025-08-01T02:38:05.414+0000] GC(1739)   Post Evacuate Collection Set: 0.8ms
[2025-08-01T02:38:05.414+0000] GC(1739)   Other: 0.3ms
[2025-08-01T02:38:05.414+0000] GC(1739) Eden regions: 125->0(85)
[2025-08-01T02:38:05.414+0000] GC(1739) Survivor regions: 26->19(19)
[2025-08-01T02:38:05.414+0000] GC(1739) Old regions: 1418->1551
[2025-08-01T02:38:05.414+0000] GC(1739) Humongous regions: 0->0
[2025-08-01T02:38:05.414+0000] GC(1739) Metaspace: 9706K(12544K)->9706K(12544K) NonClass: 8540K(11008K)->8540K(11008K) Class: 1166K(1536K)->1166K(1536K)
[2025-08-01T02:38:05.414+0000] GC(1739) Pause Young (Normal) (G1 Evacuation Pause) 3135M->3137M(4096M) 60.079ms
[2025-08-01T02:38:05.415+0000] GC(1739) User=0.45s Sys=0.01s Real=0.06s
[2025-08-01T02:38:05.430+0000] GC(1740) Pause Young (Normal) (G1 Evacuation Pause)
[2025-08-01T02:38:05.430+0000] GC(1740) Using 8 workers of 8 for evacuation
[2025-08-01T02:38:05.473+0000] GC(1740)   Pre Evacuate Collection Set: 0.1ms
[2025-08-01T02:38:05.473+0000] GC(1740)   Evacuate Collection Set: 41.9ms
[2025-08-01T02:38:05.473+0000] GC(1740)   Post Evacuate Collection Set: 0.5ms
[2025-08-01T02:38:05.473+0000] GC(1740)   Other: 0.3ms
[2025-08-01T02:38:05.473+0000] GC(1740) Eden regions: 85->0(89)
[2025-08-01T02:38:05.473+0000] GC(1740) Survivor regions: 19->13(13)
[2025-08-01T02:38:05.473+0000] GC(1740) Old regions: 1551->1645
[2025-08-01T02:38:05.473+0000] GC(1740) Humongous regions: 0->0
[2025-08-01T02:38:05.473+0000] GC(1740) Metaspace: 9706K(12544K)->9706K(12544K) NonClass: 8540K(11008K)->8540K(11008K) Class: 1166K(1536K)->1166K(1536K)
[2025-08-01T02:38:05.473+0000] GC(1740) Pause Young (Normal) (G1 Evacuation Pause) 3307M->3312M(4096M) 43.007ms
[2025-08-01T02:38:05.473+0000] GC(1740) User=0.29s Sys=0.01s Real=0.05s
[2025-08-01T02:38:05.534+0000] GC(1741) Pause Young (Normal) (G1 Evacuation Pause)
[2025-08-01T02:38:05.534+0000] GC(1741) Using 8 workers of 8 for evacuation
[2025-08-01T02:38:05.565+0000] GC(1741)   Pre Evacuate Collection Set: 0.1ms
[2025-08-01T02:38:05.565+0000] GC(1741)   Evacuate Collection Set: 30.0ms
[2025-08-01T02:38:05.565+0000] GC(1741)   Post Evacuate Collection Set: 0.7ms
[2025-08-01T02:38:05.565+0000] GC(1741)   Other: 0.3ms
[2025-08-01T02:38:05.565+0000] GC(1741) Eden regions: 89->0(89)
[2025-08-01T02:38:05.565+0000] GC(1741) Survivor regions: 13->13(13)
[2025-08-01T02:38:05.565+0000] GC(1741) Old regions: 1645->1689
[2025-08-01T02:38:05.565+0000] GC(1741) Humongous regions: 0->0
[2025-08-01T02:38:05.565+0000] GC(1741) Metaspace: 9706K(12544K)->9706K(12544K) NonClass: 8540K(11008K)->8540K(11008K) Class: 1166K(1536K)->1166K(1536K)
[2025-08-01T02:38:05.566+0000] GC(1741) Pause Young (Normal) (G1 Evacuation Pause) 3490M->3401M(4096M) 31.277ms
[2025-08-01T02:38:05.566+0000] GC(1741) User=0.21s Sys=0.01s Real=0.03s
[2025-08-01T02:38:05.583+0000] GC(1742) Pause Young (Normal) (G1 Evacuation Pause)
[2025-08-01T02:38:05.583+0000] GC(1742) Using 8 workers of 8 for evacuation
[2025-08-01T02:38:05.621+0000] GC(1742)   Pre Evacuate Collection Set: 0.1ms
[2025-08-01T02:38:05.621+0000] GC(1742)   Evacuate Collection Set: 37.3ms
[2025-08-01T02:38:05.622+0000] GC(1742)   Post Evacuate Collection Set: 0.7ms
[2025-08-01T02:38:05.622+0000] GC(1742)   Other: 0.3ms
[2025-08-01T02:38:05.622+0000] GC(1742) Eden regions: 89->0(89)
[2025-08-01T02:38:05.622+0000] GC(1742) Survivor regions: 13->13(13)
[2025-08-01T02:38:05.622+0000] GC(1742) Old regions: 1689->1780
[2025-08-01T02:38:05.622+0000] GC(1742) Humongous regions: 0->0
[2025-08-01T02:38:05.622+0000] GC(1742) Metaspace: 9706K(12544K)->9706K(12544K) NonClass: 8540K(11008K)->8540K(11008K) Class: 1166K(1536K)->1166K(1536K)
[2025-08-01T02:38:05.622+0000] GC(1742) Pause Young (Normal) (G1 Evacuation Pause) 3579M->3583M(4096M) 38.527ms
[2025-08-01T02:38:05.622+0000] GC(1742) User=0.27s Sys=0.01s Real=0.03s
[2025-08-01T02:38:05.683+0000] GC(1743) Pause Young (Normal) (G1 Evacuation Pause)
[2025-08-01T02:38:05.683+0000] GC(1743) Using 8 workers of 8 for evacuation
[2025-08-01T02:38:05.721+0000] GC(1743)   Pre Evacuate Collection Set: 0.1ms
[2025-08-01T02:38:05.721+0000] GC(1743)   Evacuate Collection Set: 37.3ms
[2025-08-01T02:38:05.721+0000] GC(1743)   Post Evacuate Collection Set: 0.8ms
[2025-08-01T02:38:05.721+0000] GC(1743)   Other: 0.3ms
[2025-08-01T02:38:05.721+0000] GC(1743) Eden regions: 89->0(89)
[2025-08-01T02:38:05.721+0000] GC(1743) Survivor regions: 13->13(13)
[2025-08-01T02:38:05.721+0000] GC(1743) Old regions: 1780->1871
[2025-08-01T02:38:05.721+0000] GC(1743) Humongous regions: 0->0
[2025-08-01T02:38:05.721+0000] GC(1743) Metaspace: 9706K(12544K)->9706K(12544K) NonClass: 8540K(11008K)->8540K(11008K) Class: 1166K(1536K)->1166K(1536K)
[2025-08-01T02:38:05.721+0000] GC(1743) Pause Young (Normal) (G1 Evacuation Pause) 3761M->3764M(4096M) 38.664ms
[2025-08-01T02:38:05.721+0000] GC(1743) User=0.28s Sys=0.01s Real=0.04s
[2025-08-01T02:38:05.741+0000] GC(1744) Pause Young (Normal) (G1 Evacuation Pause)
[2025-08-01T02:38:05.741+0000] GC(1744) Using 8 workers of 8 for evacuation
[2025-08-01T02:38:05.784+0000] GC(1744) To-space exhausted
[2025-08-01T02:38:05.784+0000] GC(1744)   Pre Evacuate Collection Set: 0.1ms
[2025-08-01T02:38:05.784+0000] GC(1744)   Evacuate Collection Set: 36.8ms
[2025-08-01T02:38:05.784+0000] GC(1744)   Post Evacuate Collection Set: 6.0ms
[2025-08-01T02:38:05.784+0000] GC(1744)   Other: 0.4ms
[2025-08-01T02:38:05.784+0000] GC(1744) Eden regions: 89->0(89)
[2025-08-01T02:38:05.784+0000] GC(1744) Survivor regions: 13->13(13)
[2025-08-01T02:38:05.784+0000] GC(1744) Old regions: 1871->1990
[2025-08-01T02:38:05.784+0000] GC(1744) Humongous regions: 0->0
[2025-08-01T02:38:05.784+0000] GC(1744) Metaspace: 9706K(12544K)->9706K(12544K) NonClass: 8540K(11008K)->8540K(11008K) Class: 1166K(1536K)->1166K(1536K)
[2025-08-01T02:38:05.784+0000] GC(1744) Pause Young (Normal) (G1 Evacuation Pause) 3942M->4003M(4096M) 43.484ms
[2025-08-01T02:38:05.784+0000] GC(1744) User=0.30s Sys=0.01s Real=0.05s
[2025-08-01T02:38:05.793+0000] GC(1745) Pause Young (Normal) (G1 Evacuation Pause)
[2025-08-01T02:38:05.793+0000] GC(1745) Using 8 workers of 8 for evacuation
[2025-08-01T02:38:05.813+0000] GC(1745) To-space exhausted
[2025-08-01T02:38:05.813+0000] GC(1745)   Pre Evacuate Collection Set: 0.1ms
[2025-08-01T02:38:05.813+0000] GC(1745)   Evacuate Collection Set: 14.1ms
[2025-08-01T02:38:05.813+0000] GC(1745)   Post Evacuate Collection Set: 5.7ms
[2025-08-01T02:38:05.813+0000] GC(1745)   Other: 0.5ms
[2025-08-01T02:38:05.813+0000] GC(1745) Eden regions: 45->0(102)
[2025-08-01T02:38:05.813+0000] GC(1745) Survivor regions: 13->0(13)
[2025-08-01T02:38:05.813+0000] GC(1745) Old regions: 1990->2048
[2025-08-01T02:38:05.813+0000] GC(1745) Humongous regions: 0->0
[2025-08-01T02:38:05.813+0000] GC(1745) Metaspace: 9706K(12544K)->9706K(12544K) NonClass: 8540K(11008K)->8540K(11008K) Class: 1166K(1536K)->1166K(1536K)
[2025-08-01T02:38:05.813+0000] GC(1745) Pause Young (Normal) (G1 Evacuation Pause) 4093M->4093M(4096M) 20.359ms
[2025-08-01T02:38:05.813+0000] GC(1745) User=0.14s Sys=0.00s Real=0.02s
[2025-08-01T02:38:05.813+0000] GC(1746) Using 8 workers of 8 for full compaction
[2025-08-01T02:38:05.813+0000] GC(1746) Pause Full (G1 Evacuation Pause)
[2025-08-01T02:38:05.819+0000] GC(1746) Phase 1: Mark live objects
[2025-08-01T02:38:05.870+0000] GC(1746) Cleaned string and symbol table, strings: 2833 processed, 0 removed, symbols: 23489 processed, 0 removed
[2025-08-01T02:38:05.870+0000] GC(1746) Phase 1: Mark live objects 51.196ms
[2025-08-01T02:38:05.870+0000] GC(1746) Phase 2: Prepare for compaction
[2025-08-01T02:38:05.917+0000] GC(1746) Phase 2: Prepare for compaction 46.552ms
[2025-08-01T02:38:05.917+0000] GC(1746) Phase 3: Adjust pointers
[2025-08-01T02:38:05.953+0000] GC(1746) Phase 3: Adjust pointers 36.413ms
[2025-08-01T02:38:05.953+0000] GC(1746) Phase 4: Compact heap
[2025-08-01T02:38:06.091+0000] GC(1746) Phase 4: Compact heap 138.001ms
[2025-08-01T02:38:06.094+0000] GC(1746) Eden regions: 0->0(444)
[2025-08-01T02:38:06.094+0000] GC(1746) Survivor regions: 0->0(13)
[2025-08-01T02:38:06.094+0000] GC(1746) Old regions: 2048->502
[2025-08-01T02:38:06.094+0000] GC(1746) Humongous regions: 0->0
[2025-08-01T02:38:06.094+0000] GC(1746) Metaspace: 9706K(12544K)->9706K(12544K) NonClass: 8540K(11008K)->8540K(11008K) Class: 1166K(1536K)->1166K(1536K)
[2025-08-01T02:38:06.094+0000] GC(1746) Pause Full (G1 Evacuation Pause) 4093M->992M(4096M) 280.322ms
[2025-08-01T02:38:06.094+0000] GC(1746) User=2.01s Sys=0.03s Real=0.28s
[2025-08-01T02:38:06.094+0000] GC(1732) Concurrent Rebuild Remembered Sets 1003.901ms
[2025-08-01T02:38:06.094+0000] GC(1732) Concurrent Mark Abort
[2025-08-01T02:38:06.094+0000] GC(1732) Concurrent Cycle 1429.733ms
[2025-08-01T02:38:06.307+0000] GC(1747) Pause Young (Normal) (G1 Evacuation Pause)
[2025-08-01T02:38:06.307+0000] GC(1747) Using 8 workers of 8 for evacuation
[2025-08-01T02:38:06.469+0000] GC(1747)   Pre Evacuate Collection Set: 0.1ms
[2025-08-01T02:38:06.469+0000] GC(1747)   Evacuate Collection Set: 159.9ms
[2025-08-01T02:38:06.469+0000] GC(1747)   Post Evacuate Collection Set: 1.2ms
[2025-08-01T02:38:06.469+0000] GC(1747)   Other: 0.5ms
[2025-08-01T02:38:06.469+0000] GC(1747) Eden regions: 444->0(347)
[2025-08-01T02:38:06.469+0000] GC(1747) Survivor regions: 0->56(56)
[2025-08-01T02:38:06.469+0000] GC(1747) Old regions: 502->753
[2025-08-01T02:38:06.469+0000] GC(1747) Humongous regions: 0->0
[2025-08-01T02:38:06.469+0000] GC(1747) Metaspace: 9706K(12544K)->9706K(12544K) NonClass: 8540K(11008K)->8540K(11008K) Class: 1166K(1536K)->1166K(1536K)
[2025-08-01T02:38:06.469+0000] GC(1747) Pause Young (Normal) (G1 Evacuation Pause) 1880M->1606M(4096M) 161.754ms
[2025-08-01T02:38:06.469+0000] GC(1747) User=1.17s Sys=0.04s Real=0.16s
[2025-08-01T02:38:06.581+0000] GC(1748) Pause Young (Concurrent Start) (G1 Evacuation Pause)
[2025-08-01T02:38:06.581+0000] GC(1748) Using 8 workers of 8 for evacuation
[2025-08-01T02:38:06.690+0000] GC(1748)   Pre Evacuate Collection Set: 0.1ms
[2025-08-01T02:38:06.690+0000] GC(1748)   Evacuate Collection Set: 107.3ms
[2025-08-01T02:38:06.690+0000] GC(1748)   Post Evacuate Collection Set: 1.2ms
[2025-08-01T02:38:06.690+0000] GC(1748)   Other: 0.5ms
[2025-08-01T02:38:06.690+0000] GC(1748) Eden regions: 347->0(263)
[2025-08-01T02:38:06.690+0000] GC(1748) Survivor regions: 56->51(51)
[2025-08-01T02:38:06.690+0000] GC(1748) Old regions: 753->996
[2025-08-01T02:38:06.690+0000] GC(1748) Humongous regions: 0->0
[2025-08-01T02:38:06.690+0000] GC(1748) Metaspace: 9706K(12544K)->9706K(12544K) NonClass: 8540K(11008K)->8540K(11008K) Class: 1166K(1536K)->1166K(1536K)
[2025-08-01T02:38:06.690+0000] GC(1748) Pause Young (Concurrent Start) (G1 Evacuation Pause) 2300M->2081M(4096M) 109.179ms
[2025-08-01T02:38:06.690+0000] GC(1748) User=0.82s Sys=0.02s Real=0.11s
[2025-08-01T02:38:06.690+0000] GC(1749) Concurrent Cycle
[2025-08-01T02:38:06.690+0000] GC(1749) Concurrent Clear Claimed Marks
[2025-08-01T02:38:06.691+0000] GC(1749) Concurrent Clear Claimed Marks 0.070ms
[2025-08-01T02:38:06.691+0000] GC(1749) Concurrent Scan Root Regions
[2025-08-01T02:38:06.702+0000] GC(1749) Concurrent Scan Root Regions 11.214ms
[2025-08-01T02:38:06.702+0000] GC(1749) Concurrent Mark (225.698s)
[2025-08-01T02:38:06.702+0000] GC(1749) Concurrent Mark From Roots
[2025-08-01T02:38:06.702+0000] GC(1749) Using 2 workers of 2 for marking
[2025-08-01T02:38:06.788+0000] GC(1750) Pause Young (Normal) (G1 Evacuation Pause)
[2025-08-01T02:38:06.788+0000] GC(1750) Using 8 workers of 8 for evacuation
[2025-08-01T02:38:06.901+0000] GC(1750)   Pre Evacuate Collection Set: 0.1ms
[2025-08-01T02:38:06.901+0000] GC(1750)   Evacuate Collection Set: 111.2ms
[2025-08-01T02:38:06.901+0000] GC(1750)   Post Evacuate Collection Set: 1.2ms
[2025-08-01T02:38:06.901+0000] GC(1750)   Other: 0.4ms
[2025-08-01T02:38:06.901+0000] GC(1750) Eden regions: 263->0(188)
[2025-08-01T02:38:06.901+0000] GC(1750) Survivor regions: 51->40(40)
[2025-08-01T02:38:06.901+0000] GC(1750) Old regions: 996->1219
[2025-08-01T02:38:06.901+0000] GC(1750) Humongous regions: 0->0
[2025-08-01T02:38:06.901+0000] GC(1750) Metaspace: 9706K(12544K)->9706K(12544K) NonClass: 8540K(11008K)->8540K(11008K) Class: 1166K(1536K)->1166K(1536K)
[2025-08-01T02:38:06.901+0000] GC(1750) Pause Young (Normal) (G1 Evacuation Pause) 2607M->2506M(4096M) 112.937ms
[2025-08-01T02:38:06.901+0000] GC(1750) User=0.83s Sys=0.03s Real=0.11s
[2025-08-01T02:38:06.952+0000] GC(1749) Concurrent Mark From Roots 250.223ms
[2025-08-01T02:38:06.952+0000] GC(1749) Concurrent Preclean
[2025-08-01T02:38:06.953+0000] GC(1749) Concurrent Preclean 0.186ms
[2025-08-01T02:38:06.953+0000] GC(1749) Concurrent Mark (225.698s, 225.948s) 250.508ms
[2025-08-01T02:38:06.953+0000] GC(1749) Pause Remark
[2025-08-01T02:38:06.956+0000] GC(1749) Cleaned string and symbol table, strings: 2833 processed, 0 removed, symbols: 23489 processed, 0 removed
[2025-08-01T02:38:06.957+0000] GC(1749) Pause Remark 2706M->1683M(4096M) 4.247ms
[2025-08-01T02:38:06.957+0000] GC(1749) User=0.02s Sys=0.00s Real=0.00s
[2025-08-01T02:38:06.957+0000] GC(1749) Concurrent Rebuild Remembered Sets
[2025-08-01T02:38:06.981+0000] GC(1751) Pause Young (Normal) (G1 Evacuation Pause)
[2025-08-01T02:38:06.981+0000] GC(1751) Using 8 workers of 8 for evacuation
[2025-08-01T02:38:07.061+0000] GC(1751)   Pre Evacuate Collection Set: 0.1ms
[2025-08-01T02:38:07.062+0000] GC(1751)   Evacuate Collection Set: 79.0ms
[2025-08-01T02:38:07.062+0000] GC(1751)   Post Evacuate Collection Set: 1.1ms
[2025-08-01T02:38:07.062+0000] GC(1751)   Other: 0.3ms
[2025-08-01T02:38:07.062+0000] GC(1751) Eden regions: 188->0(301)
[2025-08-01T02:38:07.062+0000] GC(1751) Survivor regions: 40->29(29)
[2025-08-01T02:38:07.062+0000] GC(1751) Old regions: 703->903
[2025-08-01T02:38:07.062+0000] GC(1751) Humongous regions: 0->0
[2025-08-01T02:38:07.062+0000] GC(1751) Metaspace: 9706K(12544K)->9706K(12544K) NonClass: 8540K(11008K)->8540K(11008K) Class: 1166K(1536K)->1166K(1536K)
[2025-08-01T02:38:07.062+0000] GC(1751) Pause Young (Normal) (G1 Evacuation Pause) 1859M->1861M(4096M) 80.633ms
[2025-08-01T02:38:07.062+0000] GC(1751) User=0.60s Sys=0.01s Real=0.08s
[2025-08-01T02:38:07.207+0000] GC(1752) Pause Young (Normal) (G1 Evacuation Pause)
[2025-08-01T02:38:07.208+0000] GC(1752) Using 8 workers of 8 for evacuation
[2025-08-01T02:38:07.295+0000] GC(1752)   Pre Evacuate Collection Set: 0.1ms
[2025-08-01T02:38:07.295+0000] GC(1752)   Evacuate Collection Set: 86.5ms
[2025-08-01T02:38:07.295+0000] GC(1752)   Post Evacuate Collection Set: 1.0ms
[2025-08-01T02:38:07.295+0000] GC(1752)   Other: 0.3ms
[2025-08-01T02:38:07.295+0000] GC(1752) Eden regions: 301->0(275)
[2025-08-01T02:38:07.295+0000] GC(1752) Survivor regions: 29->42(42)
[2025-08-01T02:38:07.295+0000] GC(1752) Old regions: 903->1011
[2025-08-01T02:38:07.295+0000] GC(1752) Humongous regions: 0->0
[2025-08-01T02:38:07.296+0000] GC(1752) Metaspace: 9706K(12544K)->9706K(12544K) NonClass: 8540K(11008K)->8540K(11008K) Class: 1166K(1536K)->1166K(1536K)
[2025-08-01T02:38:07.296+0000] GC(1752) Pause Young (Normal) (G1 Evacuation Pause) 2463M->2103M(4096M) 88.057ms
[2025-08-01T02:38:07.296+0000] GC(1752) User=0.66s Sys=0.01s Real=0.09s
[2025-08-01T02:38:07.323+0000] GC(1749) Concurrent Rebuild Remembered Sets 365.744ms
[2025-08-01T02:38:07.324+0000] GC(1749) Pause Cleanup
[2025-08-01T02:38:07.325+0000] GC(1749) Pause Cleanup 2389M->2389M(4096M) 0.938ms
[2025-08-01T02:38:07.325+0000] GC(1749) User=0.00s Sys=0.00s Real=0.00s
[2025-08-01T02:38:07.325+0000] GC(1749) Concurrent Cleanup for Next Mark
[2025-08-01T02:38:07.334+0000] GC(1749) Concurrent Cleanup for Next Mark 8.713ms
[2025-08-01T02:38:07.334+0000] GC(1749) Concurrent Cycle 643.603ms
[2025-08-01T02:38:07.398+0000] GC(1753) Pause Young (Prepare Mixed) (G1 Evacuation Pause)
[2025-08-01T02:38:07.398+0000] GC(1753) Using 8 workers of 8 for evacuation
[2025-08-01T02:38:07.590+0000] GC(1753)   Pre Evacuate Collection Set: 0.1ms
[2025-08-01T02:38:07.590+0000] GC(1753)   Evacuate Collection Set: 191.5ms
[2025-08-01T02:38:07.590+0000] GC(1753)   Post Evacuate Collection Set: 0.7ms
[2025-08-01T02:38:07.590+0000] GC(1753)   Other: 0.3ms
[2025-08-01T02:38:07.590+0000] GC(1753) Eden regions: 275->0(62)
[2025-08-01T02:38:07.590+0000] GC(1753) Survivor regions: 42->40(40)
[2025-08-01T02:38:07.590+0000] GC(1753) Old regions: 1011->1289
[2025-08-01T02:38:07.590+0000] GC(1753) Humongous regions: 0->0
[2025-08-01T02:38:07.590+0000] GC(1753) Metaspace: 9706K(12544K)->9706K(12544K) NonClass: 8540K(11008K)->8540K(11008K) Class: 1166K(1536K)->1166K(1536K)
[2025-08-01T02:38:07.590+0000] GC(1753) Pause Young (Prepare Mixed) (G1 Evacuation Pause) 2653M->2654M(4096M) 192.746ms
[2025-08-01T02:38:07.590+0000] GC(1753) User=1.41s Sys=0.06s Real=0.19s
[2025-08-01T02:38:07.643+0000] GC(1754) Pause Young (Mixed) (G1 Evacuation Pause)
[2025-08-01T02:38:07.643+0000] GC(1754) Using 8 workers of 8 for evacuation
[2025-08-01T02:38:07.677+0000] GC(1754)   Pre Evacuate Collection Set: 0.2ms
[2025-08-01T02:38:07.677+0000] GC(1754)   Evacuate Collection Set: 32.2ms
[2025-08-01T02:38:07.677+0000] GC(1754)   Post Evacuate Collection Set: 0.9ms
[2025-08-01T02:38:07.677+0000] GC(1754)   Other: 0.4ms
[2025-08-01T02:38:07.677+0000] GC(1754) Eden regions: 62->0(170)
[2025-08-01T02:38:07.677+0000] GC(1754) Survivor regions: 40->13(13)
[2025-08-01T02:38:07.677+0000] GC(1754) Old regions: 1289->1307
[2025-08-01T02:38:07.677+0000] GC(1754) Humongous regions: 0->0
[2025-08-01T02:38:07.677+0000] GC(1754) Metaspace: 9706K(12544K)->9706K(12544K) NonClass: 8540K(11008K)->8540K(11008K) Class: 1166K(1536K)->1166K(1536K)
[2025-08-01T02:38:07.677+0000] GC(1754) Pause Young (Mixed) (G1 Evacuation Pause) 2778M->2637M(4096M) 33.771ms
[2025-08-01T02:38:07.677+0000] GC(1754) User=0.23s Sys=0.00s Real=0.03s
[2025-08-01T02:38:07.709+0000] GC(1755) Pause Young (Concurrent Start) (G1 Evacuation Pause)
[2025-08-01T02:38:07.709+0000] GC(1755) Using 8 workers of 8 for evacuation
[2025-08-01T02:38:07.769+0000] GC(1755)   Pre Evacuate Collection Set: 0.1ms
[2025-08-01T02:38:07.769+0000] GC(1755)   Evacuate Collection Set: 59.0ms
[2025-08-01T02:38:07.769+0000] GC(1755)   Post Evacuate Collection Set: 0.8ms
[2025-08-01T02:38:07.769+0000] GC(1755)   Other: 0.4ms
[2025-08-01T02:38:07.769+0000] GC(1755) Eden regions: 170->0(112)
[2025-08-01T02:38:07.769+0000] GC(1755) Survivor regions: 13->23(23)
[2025-08-01T02:38:07.769+0000] GC(1755) Old regions: 1307->1468
[2025-08-01T02:38:07.769+0000] GC(1755) Humongous regions: 0->0
[2025-08-01T02:38:07.769+0000] GC(1755) Metaspace: 9706K(12544K)->9706K(12544K) NonClass: 8540K(11008K)->8540K(11008K) Class: 1166K(1536K)->1166K(1536K)
[2025-08-01T02:38:07.769+0000] GC(1755) Pause Young (Concurrent Start) (G1 Evacuation Pause) 2977M->2979M(4096M) 60.443ms
[2025-08-01T02:38:07.769+0000] GC(1755) User=0.45s Sys=0.00s Real=0.06s
[2025-08-01T02:38:07.769+0000] GC(1756) Concurrent Cycle
[2025-08-01T02:38:07.770+0000] GC(1756) Concurrent Clear Claimed Marks
[2025-08-01T02:38:07.770+0000] GC(1756) Concurrent Clear Claimed Marks 0.057ms
[2025-08-01T02:38:07.770+0000] GC(1756) Concurrent Scan Root Regions
[2025-08-01T02:38:07.775+0000] GC(1756) Concurrent Scan Root Regions 4.985ms
[2025-08-01T02:38:07.775+0000] GC(1756) Concurrent Mark (226.770s)
[2025-08-01T02:38:07.775+0000] GC(1756) Concurrent Mark From Roots
[2025-08-01T02:38:07.775+0000] GC(1756) Using 2 workers of 2 for marking
[2025-08-01T02:38:07.834+0000] GC(1757) Pause Young (Normal) (G1 Evacuation Pause)
[2025-08-01T02:38:07.834+0000] GC(1757) Using 8 workers of 8 for evacuation
[2025-08-01T02:38:07.890+0000] GC(1757)   Pre Evacuate Collection Set: 0.1ms
[2025-08-01T02:38:07.890+0000] GC(1757)   Evacuate Collection Set: 54.8ms
[2025-08-01T02:38:07.890+0000] GC(1757)   Post Evacuate Collection Set: 0.8ms
[2025-08-01T02:38:07.890+0000] GC(1757)   Other: 0.3ms
[2025-08-01T02:38:07.890+0000] GC(1757) Eden regions: 112->0(85)
[2025-08-01T02:38:07.890+0000] GC(1757) Survivor regions: 23->17(17)
[2025-08-01T02:38:07.890+0000] GC(1757) Old regions: 1468->1588
[2025-08-01T02:38:07.890+0000] GC(1757) Humongous regions: 0->0
[2025-08-01T02:38:07.890+0000] GC(1757) Metaspace: 9706K(12544K)->9706K(12544K) NonClass: 8540K(11008K)->8540K(11008K) Class: 1166K(1536K)->1166K(1536K)
[2025-08-01T02:38:07.890+0000] GC(1757) Pause Young (Normal) (G1 Evacuation Pause) 3203M->3206M(4096M) 56.155ms
[2025-08-01T02:38:07.890+0000] GC(1757) User=0.41s Sys=0.01s Real=0.05s
[2025-08-01T02:38:07.905+0000] GC(1758) Pause Young (Normal) (G1 Evacuation Pause)
[2025-08-01T02:38:07.905+0000] GC(1758) Using 8 workers of 8 for evacuation
[2025-08-01T02:38:07.944+0000] GC(1758)   Pre Evacuate Collection Set: 0.1ms
[2025-08-01T02:38:07.944+0000] GC(1758)   Evacuate Collection Set: 38.1ms
[2025-08-01T02:38:07.944+0000] GC(1758)   Post Evacuate Collection Set: 0.4ms
[2025-08-01T02:38:07.944+0000] GC(1758)   Other: 0.3ms
[2025-08-01T02:38:07.944+0000] GC(1758) Eden regions: 85->0(89)
[2025-08-01T02:38:07.944+0000] GC(1758) Survivor regions: 17->13(13)
[2025-08-01T02:38:07.944+0000] GC(1758) Old regions: 1588->1680
[2025-08-01T02:38:07.944+0000] GC(1758) Humongous regions: 0->0
[2025-08-01T02:38:07.944+0000] GC(1758) Metaspace: 9706K(12544K)->9706K(12544K) NonClass: 8540K(11008K)->8540K(11008K) Class: 1166K(1536K)->1166K(1536K)
[2025-08-01T02:38:07.945+0000] GC(1758) Pause Young (Normal) (G1 Evacuation Pause) 3376M->3383M(4096M) 39.079ms
[2025-08-01T02:38:07.945+0000] GC(1758) User=0.29s Sys=0.01s Real=0.04s
[2025-08-01T02:38:08.008+0000] GC(1759) Pause Young (Normal) (G1 Evacuation Pause)
[2025-08-01T02:38:08.009+0000] GC(1759) Using 8 workers of 8 for evacuation
[2025-08-01T02:38:08.033+0000] GC(1759)   Pre Evacuate Collection Set: 0.1ms
[2025-08-01T02:38:08.033+0000] GC(1759)   Evacuate Collection Set: 23.9ms
[2025-08-01T02:38:08.033+0000] GC(1759)   Post Evacuate Collection Set: 0.8ms
[2025-08-01T02:38:08.033+0000] GC(1759)   Other: 0.3ms
[2025-08-01T02:38:08.034+0000] GC(1759) Eden regions: 89->0(89)
[2025-08-01T02:38:08.034+0000] GC(1759) Survivor regions: 13->13(13)
[2025-08-01T02:38:08.034+0000] GC(1759) Old regions: 1680->1736
[2025-08-01T02:38:08.034+0000] GC(1759) Humongous regions: 0->0
[2025-08-01T02:38:08.034+0000] GC(1759) Metaspace: 9706K(12544K)->9706K(12544K) NonClass: 8540K(11008K)->8540K(11008K) Class: 1166K(1536K)->1166K(1536K)
[2025-08-01T02:38:08.034+0000] GC(1759) Pause Young (Normal) (G1 Evacuation Pause) 3561M->3495M(4096M) 25.099ms
[2025-08-01T02:38:08.034+0000] GC(1759) User=0.18s Sys=0.00s Real=0.03s
[2025-08-01T02:38:08.050+0000] GC(1760) Pause Young (Normal) (G1 Evacuation Pause)
[2025-08-01T02:38:08.050+0000] GC(1760) Using 8 workers of 8 for evacuation
[2025-08-01T02:38:08.086+0000] GC(1760)   Pre Evacuate Collection Set: 0.1ms
[2025-08-01T02:38:08.086+0000] GC(1760)   Evacuate Collection Set: 35.2ms
[2025-08-01T02:38:08.086+0000] GC(1760)   Post Evacuate Collection Set: 0.4ms
[2025-08-01T02:38:08.086+0000] GC(1760)   Other: 0.3ms
[2025-08-01T02:38:08.086+0000] GC(1760) Eden regions: 89->0(89)
[2025-08-01T02:38:08.086+0000] GC(1760) Survivor regions: 13->13(13)
[2025-08-01T02:38:08.086+0000] GC(1760) Old regions: 1736->1827
[2025-08-01T02:38:08.086+0000] GC(1760) Humongous regions: 0->0
[2025-08-01T02:38:08.086+0000] GC(1760) Metaspace: 9706K(12544K)->9706K(12544K) NonClass: 8540K(11008K)->8540K(11008K) Class: 1166K(1536K)->1166K(1536K)
[2025-08-01T02:38:08.086+0000] GC(1760) Pause Young (Normal) (G1 Evacuation Pause) 3673M->3676M(4096M) 36.172ms
[2025-08-01T02:38:08.086+0000] GC(1760) User=0.26s Sys=0.01s Real=0.04s
[2025-08-01T02:38:08.126+0000] GC(1756) Concurrent Mark From Roots 351.660ms
[2025-08-01T02:38:08.126+0000] GC(1756) Concurrent Preclean
[2025-08-01T02:38:08.127+0000] GC(1756) Concurrent Preclean 0.305ms
[2025-08-01T02:38:08.127+0000] GC(1756) Concurrent Mark (226.770s, 227.122s) 352.060ms
[2025-08-01T02:38:08.127+0000] GC(1756) Pause Remark
[2025-08-01T02:38:08.130+0000] GC(1756) Cleaned string and symbol table, strings: 2833 processed, 0 removed, symbols: 23489 processed, 0 removed
[2025-08-01T02:38:08.132+0000] GC(1756) Pause Remark 3761M->2025M(4096M) 4.825ms
[2025-08-01T02:38:08.132+0000] GC(1756) User=0.02s Sys=0.00s Real=0.00s
[2025-08-01T02:38:08.132+0000] GC(1756) Concurrent Rebuild Remembered Sets
[2025-08-01T02:38:08.151+0000] GC(1761) Pause Young (Normal) (G1 Evacuation Pause)
[2025-08-01T02:38:08.151+0000] GC(1761) Using 8 workers of 8 for evacuation
[2025-08-01T02:38:08.200+0000] GC(1761)   Pre Evacuate Collection Set: 0.1ms
[2025-08-01T02:38:08.200+0000] GC(1761)   Evacuate Collection Set: 47.7ms
[2025-08-01T02:38:08.200+0000] GC(1761)   Post Evacuate Collection Set: 0.7ms
[2025-08-01T02:38:08.200+0000] GC(1761)   Other: 0.3ms
[2025-08-01T02:38:08.200+0000] GC(1761) Eden regions: 89->0(250)
[2025-08-01T02:38:08.200+0000] GC(1761) Survivor regions: 13->13(13)
[2025-08-01T02:38:08.200+0000] GC(1761) Old regions: 959->1044
[2025-08-01T02:38:08.200+0000] GC(1761) Humongous regions: 0->0
[2025-08-01T02:38:08.200+0000] GC(1761) Metaspace: 9706K(12544K)->9706K(12544K) NonClass: 8540K(11008K)->8540K(11008K) Class: 1166K(1536K)->1166K(1536K)
[2025-08-01T02:38:08.200+0000] GC(1761) Pause Young (Normal) (G1 Evacuation Pause) 2118M->2111M(4096M) 48.991ms
[2025-08-01T02:38:08.200+0000] GC(1761) User=0.35s Sys=0.02s Real=0.05s
[2025-08-01T02:38:08.303+0000] GC(1762) Pause Young (Normal) (G1 Evacuation Pause)
[2025-08-01T02:38:08.303+0000] GC(1762) Using 8 workers of 8 for evacuation
[2025-08-01T02:38:08.404+0000] GC(1762)   Pre Evacuate Collection Set: 0.1ms
[2025-08-01T02:38:08.404+0000] GC(1762)   Evacuate Collection Set: 100.5ms
[2025-08-01T02:38:08.404+0000] GC(1762)   Post Evacuate Collection Set: 0.9ms
[2025-08-01T02:38:08.404+0000] GC(1762)   Other: 0.4ms
[2025-08-01T02:38:08.404+0000] GC(1762) Eden regions: 250->0(167)
[2025-08-01T02:38:08.404+0000] GC(1762) Survivor regions: 13->33(33)
[2025-08-01T02:38:08.404+0000] GC(1762) Old regions: 1044->1276
[2025-08-01T02:38:08.404+0000] GC(1762) Humongous regions: 0->0
[2025-08-01T02:38:08.404+0000] GC(1762) Metaspace: 9706K(12544K)->9706K(12544K) NonClass: 8540K(11008K)->8540K(11008K) Class: 1166K(1536K)->1166K(1536K)
[2025-08-01T02:38:08.404+0000] GC(1762) Pause Young (Normal) (G1 Evacuation Pause) 2611M->2615M(4096M) 101.968ms
[2025-08-01T02:38:08.405+0000] GC(1762) User=0.77s Sys=0.01s Real=0.11s
[2025-08-01T02:38:08.482+0000] GC(1763) Pause Young (Normal) (G1 Evacuation Pause)
[2025-08-01T02:38:08.482+0000] GC(1763) Using 8 workers of 8 for evacuation
[2025-08-01T02:38:08.548+0000] GC(1763)   Pre Evacuate Collection Set: 0.1ms
[2025-08-01T02:38:08.548+0000] GC(1763)   Evacuate Collection Set: 64.4ms
[2025-08-01T02:38:08.548+0000] GC(1763)   Post Evacuate Collection Set: 0.8ms
[2025-08-01T02:38:08.548+0000] GC(1763)   Other: 0.3ms
[2025-08-01T02:38:08.548+0000] GC(1763) Eden regions: 167->0(121)
[2025-08-01T02:38:08.548+0000] GC(1763) Survivor regions: 33->25(25)
[2025-08-01T02:38:08.548+0000] GC(1763) Old regions: 1276->1433
[2025-08-01T02:38:08.548+0000] GC(1763) Humongous regions: 0->0
[2025-08-01T02:38:08.548+0000] GC(1763) Metaspace: 9706K(12544K)->9706K(12544K) NonClass: 8540K(11008K)->8540K(11008K) Class: 1166K(1536K)->1166K(1536K)
[2025-08-01T02:38:08.548+0000] GC(1763) Pause Young (Normal) (G1 Evacuation Pause) 2949M->2912M(4096M) 65.816ms
[2025-08-01T02:38:08.548+0000] GC(1763) User=0.50s Sys=0.01s Real=0.07s
[2025-08-01T02:38:08.621+0000] GC(1764) Pause Young (Normal) (G1 Evacuation Pause)
[2025-08-01T02:38:08.621+0000] GC(1764) Using 8 workers of 8 for evacuation
[2025-08-01T02:38:08.703+0000] GC(1764)   Pre Evacuate Collection Set: 0.1ms
[2025-08-01T02:38:08.703+0000] GC(1764)   Evacuate Collection Set: 80.2ms
[2025-08-01T02:38:08.703+0000] GC(1764)   Post Evacuate Collection Set: 0.9ms
[2025-08-01T02:38:08.703+0000] GC(1764)   Other: 0.2ms
[2025-08-01T02:38:08.703+0000] GC(1764) Eden regions: 121->0(83)
[2025-08-01T02:38:08.703+0000] GC(1764) Survivor regions: 25->19(19)
[2025-08-01T02:38:08.703+0000] GC(1764) Old regions: 1433->1561
[2025-08-01T02:38:08.703+0000] GC(1764) Humongous regions: 0->0
[2025-08-01T02:38:08.703+0000] GC(1764) Metaspace: 9706K(12544K)->9706K(12544K) NonClass: 8540K(11008K)->8540K(11008K) Class: 1166K(1536K)->1166K(1536K)
[2025-08-01T02:38:08.703+0000] GC(1764) Pause Young (Normal) (G1 Evacuation Pause) 3154M->3157M(4096M) 81.538ms
[2025-08-01T02:38:08.703+0000] GC(1764) User=0.55s Sys=0.03s Real=0.08s
[2025-08-01T02:38:08.718+0000] GC(1765) Pause Young (Normal) (G1 Evacuation Pause)
[2025-08-01T02:38:08.718+0000] GC(1765) Using 8 workers of 8 for evacuation
[2025-08-01T02:38:08.758+0000] GC(1765)   Pre Evacuate Collection Set: 0.1ms
[2025-08-01T02:38:08.758+0000] GC(1765)   Evacuate Collection Set: 38.7ms
[2025-08-01T02:38:08.758+0000] GC(1765)   Post Evacuate Collection Set: 0.9ms
[2025-08-01T02:38:08.758+0000] GC(1765)   Other: 0.3ms
[2025-08-01T02:38:08.758+0000] GC(1765) Eden regions: 83->0(89)
[2025-08-01T02:38:08.758+0000] GC(1765) Survivor regions: 19->13(13)
[2025-08-01T02:38:08.758+0000] GC(1765) Old regions: 1561->1653
[2025-08-01T02:38:08.758+0000] GC(1765) Humongous regions: 0->0
[2025-08-01T02:38:08.759+0000] GC(1765) Metaspace: 9706K(12544K)->9706K(12544K) NonClass: 8540K(11008K)->8540K(11008K) Class: 1166K(1536K)->1166K(1536K)
[2025-08-01T02:38:08.759+0000] GC(1765) Pause Young (Normal) (G1 Evacuation Pause) 3323M->3328M(4096M) 40.155ms
[2025-08-01T02:38:08.759+0000] GC(1765) User=0.30s Sys=0.01s Real=0.04s
[2025-08-01T02:38:08.772+0000] GC(1756) Concurrent Rebuild Remembered Sets 639.725ms
[2025-08-01T02:38:08.772+0000] GC(1756) Pause Cleanup
[2025-08-01T02:38:08.774+0000] GC(1756) Pause Cleanup 3440M->3440M(4096M) 1.346ms
[2025-08-01T02:38:08.774+0000] GC(1756) User=0.00s Sys=0.00s Real=0.01s
[2025-08-01T02:38:08.774+0000] GC(1756) Concurrent Cleanup for Next Mark
[2025-08-01T02:38:08.781+0000] GC(1756) Concurrent Cleanup for Next Mark 7.603ms
[2025-08-01T02:38:08.781+0000] GC(1756) Concurrent Cycle 1011.851ms
[2025-08-01T02:38:08.822+0000] GC(1766) Pause Young (Prepare Mixed) (G1 Evacuation Pause)
[2025-08-01T02:38:08.822+0000] GC(1766) Using 8 workers of 8 for evacuation
[2025-08-01T02:38:08.853+0000] GC(1766)   Pre Evacuate Collection Set: 0.1ms
[2025-08-01T02:38:08.853+0000] GC(1766)   Evacuate Collection Set: 30.0ms
[2025-08-01T02:38:08.853+0000] GC(1766)   Post Evacuate Collection Set: 0.8ms
[2025-08-01T02:38:08.853+0000] GC(1766)   Other: 0.3ms
[2025-08-01T02:38:08.853+0000] GC(1766) Eden regions: 89->0(89)
[2025-08-01T02:38:08.853+0000] GC(1766) Survivor regions: 13->13(13)
[2025-08-01T02:38:08.853+0000] GC(1766) Old regions: 1653->1703
[2025-08-01T02:38:08.853+0000] GC(1766) Humongous regions: 0->0
[2025-08-01T02:38:08.853+0000] GC(1766) Metaspace: 9706K(12544K)->9706K(12544K) NonClass: 8540K(11008K)->8540K(11008K) Class: 1166K(1536K)->1166K(1536K)
[2025-08-01T02:38:08.853+0000] GC(1766) Pause Young (Prepare Mixed) (G1 Evacuation Pause) 3506M->3428M(4096M) 31.249ms
[2025-08-01T02:38:08.853+0000] GC(1766) User=0.23s Sys=0.00s Real=0.04s
[2025-08-01T02:38:08.871+0000] GC(1767) Pause Young (Mixed) (G1 Evacuation Pause)
[2025-08-01T02:38:08.871+0000] GC(1767) Using 8 workers of 8 for evacuation
[2025-08-01T02:38:08.914+0000] GC(1767)   Pre Evacuate Collection Set: 0.1ms
[2025-08-01T02:38:08.914+0000] GC(1767)   Evacuate Collection Set: 41.8ms
[2025-08-01T02:38:08.914+0000] GC(1767)   Post Evacuate Collection Set: 0.6ms
[2025-08-01T02:38:08.914+0000] GC(1767)   Other: 0.5ms
[2025-08-01T02:38:08.914+0000] GC(1767) Eden regions: 89->0(89)
[2025-08-01T02:38:08.914+0000] GC(1767) Survivor regions: 13->13(13)
[2025-08-01T02:38:08.914+0000] GC(1767) Old regions: 1703->1787
[2025-08-01T02:38:08.914+0000] GC(1767) Humongous regions: 0->0
[2025-08-01T02:38:08.914+0000] GC(1767) Metaspace: 9706K(12544K)->9706K(12544K) NonClass: 8540K(11008K)->8540K(11008K) Class: 1166K(1536K)->1166K(1536K)
[2025-08-01T02:38:08.914+0000] GC(1767) Pause Young (Mixed) (G1 Evacuation Pause) 3606M->3596M(4096M) 43.248ms
[2025-08-01T02:38:08.914+0000] GC(1767) User=0.31s Sys=0.01s Real=0.05s
[2025-08-01T02:38:08.978+0000] GC(1768) Pause Young (Concurrent Start) (G1 Evacuation Pause)
[2025-08-01T02:38:08.978+0000] GC(1768) Using 8 workers of 8 for evacuation
[2025-08-01T02:38:09.021+0000] GC(1768)   Pre Evacuate Collection Set: 0.1ms
[2025-08-01T02:38:09.022+0000] GC(1768)   Evacuate Collection Set: 42.0ms
[2025-08-01T02:38:09.022+0000] GC(1768)   Post Evacuate Collection Set: 0.7ms
[2025-08-01T02:38:09.022+0000] GC(1768)   Other: 0.9ms
[2025-08-01T02:38:09.022+0000] GC(1768) Eden regions: 89->0(89)
[2025-08-01T02:38:09.022+0000] GC(1768) Survivor regions: 13->13(13)
[2025-08-01T02:38:09.022+0000] GC(1768) Old regions: 1787->1871
[2025-08-01T02:38:09.022+0000] GC(1768) Humongous regions: 0->0
[2025-08-01T02:38:09.022+0000] GC(1768) Metaspace: 9706K(12544K)->9706K(12544K) NonClass: 8540K(11008K)->8540K(11008K) Class: 1166K(1536K)->1166K(1536K)
[2025-08-01T02:38:09.022+0000] GC(1768) Pause Young (Concurrent Start) (G1 Evacuation Pause) 3774M->3765M(4096M) 43.335ms
[2025-08-01T02:38:09.022+0000] GC(1768) User=0.31s Sys=0.02s Real=0.04s
[2025-08-01T02:38:09.022+0000] GC(1769) Concurrent Cycle
[2025-08-01T02:38:09.022+0000] GC(1769) Concurrent Clear Claimed Marks
[2025-08-01T02:38:09.022+0000] GC(1769) Concurrent Clear Claimed Marks 0.077ms
[2025-08-01T02:38:09.022+0000] GC(1769) Concurrent Scan Root Regions
[2025-08-01T02:38:09.025+0000] GC(1769) Concurrent Scan Root Regions 2.871ms
[2025-08-01T02:38:09.025+0000] GC(1769) Concurrent Mark (228.021s)
[2025-08-01T02:38:09.025+0000] GC(1769) Concurrent Mark From Roots
[2025-08-01T02:38:09.025+0000] GC(1769) Using 2 workers of 2 for marking
[2025-08-01T02:38:09.040+0000] GC(1770) Pause Young (Normal) (G1 Evacuation Pause)
[2025-08-01T02:38:09.041+0000] GC(1770) Using 8 workers of 8 for evacuation
[2025-08-01T02:38:09.078+0000] GC(1770) To-space exhausted
[2025-08-01T02:38:09.078+0000] GC(1770)   Pre Evacuate Collection Set: 0.1ms
[2025-08-01T02:38:09.078+0000] GC(1770)   Evacuate Collection Set: 31.3ms
[2025-08-01T02:38:09.078+0000] GC(1770)   Post Evacuate Collection Set: 5.6ms
[2025-08-01T02:38:09.078+0000] GC(1770)   Other: 0.3ms
[2025-08-01T02:38:09.078+0000] GC(1770) Eden regions: 89->0(89)
[2025-08-01T02:38:09.078+0000] GC(1770) Survivor regions: 13->13(13)
[2025-08-01T02:38:09.078+0000] GC(1770) Old regions: 1871->1974
[2025-08-01T02:38:09.078+0000] GC(1770) Humongous regions: 0->0
[2025-08-01T02:38:09.078+0000] GC(1770) Metaspace: 9706K(12544K)->9706K(12544K) NonClass: 8540K(11008K)->8540K(11008K) Class: 1166K(1536K)->1166K(1536K)
[2025-08-01T02:38:09.078+0000] GC(1770) Pause Young (Normal) (G1 Evacuation Pause) 3943M->3971M(4096M) 37.610ms
[2025-08-01T02:38:09.078+0000] GC(1770) User=0.28s Sys=0.01s Real=0.04s
[2025-08-01T02:38:09.093+0000] GC(1771) Pause Young (Normal) (G1 Evacuation Pause)
[2025-08-01T02:38:09.093+0000] GC(1771) Using 8 workers of 8 for evacuation
[2025-08-01T02:38:09.120+0000] GC(1771) To-space exhausted
[2025-08-01T02:38:09.120+0000] GC(1771)   Pre Evacuate Collection Set: 0.1ms
[2025-08-01T02:38:09.120+0000] GC(1771)   Evacuate Collection Set: 17.6ms
[2025-08-01T02:38:09.120+0000] GC(1771)   Post Evacuate Collection Set: 8.8ms
[2025-08-01T02:38:09.120+0000] GC(1771)   Other: 0.4ms
[2025-08-01T02:38:09.120+0000] GC(1771) Eden regions: 61->0(102)
[2025-08-01T02:38:09.120+0000] GC(1771) Survivor regions: 13->0(13)
[2025-08-01T02:38:09.120+0000] GC(1771) Old regions: 1974->2048
[2025-08-01T02:38:09.120+0000] GC(1771) Humongous regions: 0->0
[2025-08-01T02:38:09.120+0000] GC(1771) Metaspace: 9706K(12544K)->9706K(12544K) NonClass: 8540K(11008K)->8540K(11008K) Class: 1166K(1536K)->1166K(1536K)
[2025-08-01T02:38:09.120+0000] GC(1771) Pause Young (Normal) (G1 Evacuation Pause) 4093M->4093M(4096M) 27.078ms
[2025-08-01T02:38:09.120+0000] GC(1771) User=0.18s Sys=0.00s Real=0.02s
[2025-08-01T02:38:09.120+0000] GC(1772) Using 8 workers of 8 for full compaction
[2025-08-01T02:38:09.120+0000] GC(1772) Pause Full (G1 Evacuation Pause)
[2025-08-01T02:38:09.126+0000] GC(1772) Phase 1: Mark live objects
[2025-08-01T02:38:09.161+0000] GC(1772) Cleaned string and symbol table, strings: 2833 processed, 0 removed, symbols: 23489 processed, 0 removed
[2025-08-01T02:38:09.161+0000] GC(1772) Phase 1: Mark live objects 34.634ms
[2025-08-01T02:38:09.161+0000] GC(1772) Phase 2: Prepare for compaction
[2025-08-01T02:38:09.201+0000] GC(1772) Phase 2: Prepare for compaction 40.074ms
[2025-08-01T02:38:09.201+0000] GC(1772) Phase 3: Adjust pointers
[2025-08-01T02:38:09.236+0000] GC(1772) Phase 3: Adjust pointers 35.542ms
[2025-08-01T02:38:09.237+0000] GC(1772) Phase 4: Compact heap
[2025-08-01T02:38:09.373+0000] GC(1772) Phase 4: Compact heap 136.241ms
[2025-08-01T02:38:09.375+0000] GC(1772) Eden regions: 0->0(485)
[2025-08-01T02:38:09.375+0000] GC(1772) Survivor regions: 0->0(13)
[2025-08-01T02:38:09.375+0000] GC(1772) Old regions: 2048->433
[2025-08-01T02:38:09.375+0000] GC(1772) Humongous regions: 0->0
[2025-08-01T02:38:09.375+0000] GC(1772) Metaspace: 9706K(12544K)->9706K(12544K) NonClass: 8540K(11008K)->8540K(11008K) Class: 1166K(1536K)->1166K(1536K)
[2025-08-01T02:38:09.375+0000] GC(1772) Pause Full (G1 Evacuation Pause) 4093M->855M(4096M) 254.702ms
[2025-08-01T02:38:09.375+0000] GC(1772) User=1.81s Sys=0.02s Real=0.26s
[2025-08-01T02:38:09.375+0000] GC(1769) Concurrent Mark From Roots 350.394ms
[2025-08-01T02:38:09.375+0000] GC(1769) Concurrent Mark Abort
[2025-08-01T02:38:09.375+0000] GC(1769) Concurrent Cycle 353.565ms
[2025-08-01T02:38:09.610+0000] GC(1773) Pause Young (Normal) (G1 Evacuation Pause)
[2025-08-01T02:38:09.610+0000] GC(1773) Using 8 workers of 8 for evacuation
[2025-08-01T02:38:09.850+0000] GC(1773) MMU target violated: 201.0ms (200.0ms/201.0ms)
[2025-08-01T02:38:09.850+0000] GC(1773)   Pre Evacuate Collection Set: 0.1ms
[2025-08-01T02:38:09.850+0000] GC(1773)   Evacuate Collection Set: 238.5ms
[2025-08-01T02:38:09.850+0000] GC(1773)   Post Evacuate Collection Set: 1.1ms
[2025-08-01T02:38:09.850+0000] GC(1773)   Other: 0.5ms
[2025-08-01T02:38:09.850+0000] GC(1773) Eden regions: 485->0(317)
[2025-08-01T02:38:09.850+0000] GC(1773) Survivor regions: 0->61(61)
[2025-08-01T02:38:09.850+0000] GC(1773) Old regions: 433->813
[2025-08-01T02:38:09.850+0000] GC(1773) Humongous regions: 0->0
[2025-08-01T02:38:09.850+0000] GC(1773) Metaspace: 9706K(12544K)->9706K(12544K) NonClass: 8540K(11008K)->8540K(11008K) Class: 1166K(1536K)->1166K(1536K)
[2025-08-01T02:38:09.850+0000] GC(1773) Pause Young (Normal) (G1 Evacuation Pause) 1825M->1737M(4096M) 240.472ms
[2025-08-01T02:38:09.850+0000] GC(1773) User=1.70s Sys=0.11s Real=0.24s
[2025-08-01T02:38:09.964+0000] GC(1774) Pause Young (Concurrent Start) (G1 Evacuation Pause)
[2025-08-01T02:38:09.964+0000] GC(1774) Using 8 workers of 8 for evacuation
[2025-08-01T02:38:10.057+0000] GC(1774)   Pre Evacuate Collection Set: 0.1ms
[2025-08-01T02:38:10.057+0000] GC(1774)   Evacuate Collection Set: 91.5ms
[2025-08-01T02:38:10.057+0000] GC(1774)   Post Evacuate Collection Set: 0.9ms
[2025-08-01T02:38:10.057+0000] GC(1774)   Other: 0.5ms
[2025-08-01T02:38:10.057+0000] GC(1774) Eden regions: 317->0(263)
[2025-08-01T02:38:10.057+0000] GC(1774) Survivor regions: 61->48(48)
[2025-08-01T02:38:10.057+0000] GC(1774) Old regions: 813->997
[2025-08-01T02:38:10.057+0000] GC(1774) Humongous regions: 0->0
[2025-08-01T02:38:10.057+0000] GC(1774) Metaspace: 9706K(12544K)->9706K(12544K) NonClass: 8540K(11008K)->8540K(11008K) Class: 1166K(1536K)->1166K(1536K)
[2025-08-01T02:38:10.057+0000] GC(1774) Pause Young (Concurrent Start) (G1 Evacuation Pause) 2371M->2079M(4096M) 93.181ms
[2025-08-01T02:38:10.057+0000] GC(1774) User=0.71s Sys=0.01s Real=0.09s
[2025-08-01T02:38:10.057+0000] GC(1775) Concurrent Cycle
[2025-08-01T02:38:10.057+0000] GC(1775) Concurrent Clear Claimed Marks
[2025-08-01T02:38:10.057+0000] GC(1775) Concurrent Clear Claimed Marks 0.061ms
[2025-08-01T02:38:10.057+0000] GC(1775) Concurrent Scan Root Regions
[2025-08-01T02:38:10.067+0000] GC(1775) Concurrent Scan Root Regions 9.660ms
[2025-08-01T02:38:10.067+0000] GC(1775) Concurrent Mark (229.062s)
[2025-08-01T02:38:10.067+0000] GC(1775) Concurrent Mark From Roots
[2025-08-01T02:38:10.067+0000] GC(1775) Using 2 workers of 2 for marking
[2025-08-01T02:38:10.177+0000] GC(1775) Concurrent Mark From Roots 110.372ms
[2025-08-01T02:38:10.177+0000] GC(1775) Concurrent Preclean
[2025-08-01T02:38:10.178+0000] GC(1775) Concurrent Preclean 0.300ms
[2025-08-01T02:38:10.178+0000] GC(1775) Concurrent Mark (229.062s, 229.173s) 110.763ms
[2025-08-01T02:38:10.178+0000] GC(1775) Pause Remark
[2025-08-01T02:38:10.181+0000] GC(1775) Cleaned string and symbol table, strings: 2833 processed, 0 removed, symbols: 23489 processed, 0 removed
[2025-08-01T02:38:10.182+0000] GC(1775) Pause Remark 2557M->1501M(4096M) 3.985ms
[2025-08-01T02:38:10.182+0000] GC(1775) User=0.01s Sys=0.00s Real=0.00s
[2025-08-01T02:38:10.182+0000] GC(1775) Concurrent Rebuild Remembered Sets
[2025-08-01T02:38:10.201+0000] GC(1776) Pause Young (Normal) (G1 Evacuation Pause)
[2025-08-01T02:38:10.201+0000] GC(1776) Using 8 workers of 8 for evacuation
[2025-08-01T02:38:10.296+0000] GC(1776)   Pre Evacuate Collection Set: 0.1ms
[2025-08-01T02:38:10.296+0000] GC(1776)   Evacuate Collection Set: 93.6ms
[2025-08-01T02:38:10.296+0000] GC(1776)   Post Evacuate Collection Set: 1.1ms
[2025-08-01T02:38:10.296+0000] GC(1776)   Other: 0.3ms
[2025-08-01T02:38:10.296+0000] GC(1776) Eden regions: 263->0(381)
[2025-08-01T02:38:10.296+0000] GC(1776) Survivor regions: 48->39(39)
[2025-08-01T02:38:10.296+0000] GC(1776) Old regions: 465->681
[2025-08-01T02:38:10.296+0000] GC(1776) Humongous regions: 0->0
[2025-08-01T02:38:10.296+0000] GC(1776) Metaspace: 9706K(12544K)->9706K(12544K) NonClass: 8540K(11008K)->8540K(11008K) Class: 1166K(1536K)->1166K(1536K)
[2025-08-01T02:38:10.296+0000] GC(1776) Pause Young (Normal) (G1 Evacuation Pause) 1549M->1436M(4096M) 95.246ms
[2025-08-01T02:38:10.296+0000] GC(1776) User=0.73s Sys=0.02s Real=0.10s
[2025-08-01T02:38:10.384+0000] GC(1775) Concurrent Rebuild Remembered Sets 202.329ms
[2025-08-01T02:38:10.385+0000] GC(1775) Pause Cleanup
[2025-08-01T02:38:10.386+0000] GC(1775) Pause Cleanup 1906M->1906M(4096M) 0.654ms
[2025-08-01T02:38:10.386+0000] GC(1775) User=0.00s Sys=0.00s Real=0.00s
[2025-08-01T02:38:10.386+0000] GC(1775) Concurrent Cleanup for Next Mark
[2025-08-01T02:38:10.401+0000] GC(1775) Concurrent Cleanup for Next Mark 14.628ms
[2025-08-01T02:38:10.401+0000] GC(1775) Concurrent Cycle 343.568ms
[2025-08-01T02:38:10.463+0000] GC(1777) Pause Young (Prepare Mixed) (G1 Evacuation Pause)
[2025-08-01T02:38:10.463+0000] GC(1777) Using 8 workers of 8 for evacuation
[2025-08-01T02:38:10.644+0000] GC(1777)   Pre Evacuate Collection Set: 0.1ms
[2025-08-01T02:38:10.644+0000] GC(1777)   Evacuate Collection Set: 178.5ms
[2025-08-01T02:38:10.644+0000] GC(1777)   Post Evacuate Collection Set: 1.9ms
[2025-08-01T02:38:10.644+0000] GC(1777)   Other: 0.4ms
[2025-08-01T02:38:10.644+0000] GC(1777) Eden regions: 381->0(49)
[2025-08-01T02:38:10.644+0000] GC(1777) Survivor regions: 39->53(53)
[2025-08-01T02:38:10.644+0000] GC(1777) Old regions: 681->943
[2025-08-01T02:38:10.644+0000] GC(1777) Humongous regions: 0->0
[2025-08-01T02:38:10.644+0000] GC(1777) Metaspace: 9706K(12544K)->9706K(12544K) NonClass: 8540K(11008K)->8540K(11008K) Class: 1166K(1536K)->1166K(1536K)
[2025-08-01T02:38:10.644+0000] GC(1777) Pause Young (Prepare Mixed) (G1 Evacuation Pause) 2198M->1988M(4096M) 181.165ms
[2025-08-01T02:38:10.644+0000] GC(1777) User=1.38s Sys=0.04s Real=0.19s
[2025-08-01T02:38:10.656+0000] GC(1778) Pause Young (Mixed) (G1 Evacuation Pause)
[2025-08-01T02:38:10.656+0000] GC(1778) Using 8 workers of 8 for evacuation
[2025-08-01T02:38:10.687+0000] GC(1778)   Pre Evacuate Collection Set: 0.1ms
[2025-08-01T02:38:10.687+0000] GC(1778)   Evacuate Collection Set: 29.6ms
[2025-08-01T02:38:10.687+0000] GC(1778)   Post Evacuate Collection Set: 1.0ms
[2025-08-01T02:38:10.687+0000] GC(1778)   Other: 0.4ms
[2025-08-01T02:38:10.687+0000] GC(1778) Eden regions: 49->0(299)
[2025-08-01T02:38:10.687+0000] GC(1778) Survivor regions: 53->13(13)
[2025-08-01T02:38:10.687+0000] GC(1778) Old regions: 943->945
[2025-08-01T02:38:10.687+0000] GC(1778) Humongous regions: 0->0
[2025-08-01T02:38:10.687+0000] GC(1778) Metaspace: 9706K(12544K)->9706K(12544K) NonClass: 8540K(11008K)->8540K(11008K) Class: 1166K(1536K)->1166K(1536K)
[2025-08-01T02:38:10.687+0000] GC(1778) Pause Young (Mixed) (G1 Evacuation Pause) 2086M->1912M(4096M) 31.326ms
[2025-08-01T02:38:10.688+0000] GC(1778) User=0.22s Sys=0.00s Real=0.03s
[2025-08-01T02:38:10.842+0000] GC(1779) Pause Young (Concurrent Start) (G1 Evacuation Pause)
[2025-08-01T02:38:10.842+0000] GC(1779) Using 8 workers of 8 for evacuation
[2025-08-01T02:38:10.957+0000] GC(1779)   Pre Evacuate Collection Set: 0.1ms
[2025-08-01T02:38:10.957+0000] GC(1779)   Evacuate Collection Set: 113.4ms
[2025-08-01T02:38:10.957+0000] GC(1779)   Post Evacuate Collection Set: 0.7ms
[2025-08-01T02:38:10.957+0000] GC(1779)   Other: 0.4ms
[2025-08-01T02:38:10.957+0000] GC(1779) Eden regions: 299->0(203)
[2025-08-01T02:38:10.957+0000] GC(1779) Survivor regions: 13->39(39)
[2025-08-01T02:38:10.957+0000] GC(1779) Old regions: 945->1174
[2025-08-01T02:38:10.957+0000] GC(1779) Humongous regions: 0->0
[2025-08-01T02:38:10.957+0000] GC(1779) Metaspace: 9706K(12544K)->9706K(12544K) NonClass: 8540K(11008K)->8540K(11008K) Class: 1166K(1536K)->1166K(1536K)
[2025-08-01T02:38:10.957+0000] GC(1779) Pause Young (Concurrent Start) (G1 Evacuation Pause) 2510M->2422M(4096M) 114.733ms
[2025-08-01T02:38:10.957+0000] GC(1779) User=0.82s Sys=0.04s Real=0.12s
[2025-08-01T02:38:10.957+0000] GC(1780) Concurrent Cycle
[2025-08-01T02:38:10.957+0000] GC(1780) Concurrent Clear Claimed Marks
[2025-08-01T02:38:10.957+0000] GC(1780) Concurrent Clear Claimed Marks 0.044ms
[2025-08-01T02:38:10.957+0000] GC(1780) Concurrent Scan Root Regions
[2025-08-01T02:38:10.967+0000] GC(1780) Concurrent Scan Root Regions 10.133ms
[2025-08-01T02:38:10.967+0000] GC(1780) Concurrent Mark (229.963s)
[2025-08-01T02:38:10.967+0000] GC(1780) Concurrent Mark From Roots
[2025-08-01T02:38:10.967+0000] GC(1780) Using 2 workers of 2 for marking
[2025-08-01T02:38:11.043+0000] GC(1781) Pause Young (Normal) (G1 Evacuation Pause)
[2025-08-01T02:38:11.044+0000] GC(1781) Using 8 workers of 8 for evacuation
[2025-08-01T02:38:11.146+0000] GC(1781)   Pre Evacuate Collection Set: 0.1ms
[2025-08-01T02:38:11.146+0000] GC(1781)   Evacuate Collection Set: 100.9ms
[2025-08-01T02:38:11.146+0000] GC(1781)   Post Evacuate Collection Set: 1.0ms
[2025-08-01T02:38:11.146+0000] GC(1781)   Other: 0.3ms
[2025-08-01T02:38:11.146+0000] GC(1781) Eden regions: 203->0(154)
[2025-08-01T02:38:11.146+0000] GC(1781) Survivor regions: 39->31(31)
[2025-08-01T02:38:11.146+0000] GC(1781) Old regions: 1174->1340
[2025-08-01T02:38:11.146+0000] GC(1781) Humongous regions: 0->0
[2025-08-01T02:38:11.146+0000] GC(1781) Metaspace: 9706K(12544K)->9706K(12544K) NonClass: 8540K(11008K)->8540K(11008K) Class: 1166K(1536K)->1166K(1536K)
[2025-08-01T02:38:11.146+0000] GC(1781) Pause Young (Normal) (G1 Evacuation Pause) 2828M->2739M(4096M) 102.560ms
[2025-08-01T02:38:11.146+0000] GC(1781) User=0.75s Sys=0.03s Real=0.10s
[2025-08-01T02:38:11.216+0000] GC(1782) Pause Young (Normal) (G1 Evacuation Pause)
[2025-08-01T02:38:11.216+0000] GC(1782) Using 8 workers of 8 for evacuation
[2025-08-01T02:38:11.282+0000] GC(1782)   Pre Evacuate Collection Set: 0.1ms
[2025-08-01T02:38:11.282+0000] GC(1782)   Evacuate Collection Set: 64.6ms
[2025-08-01T02:38:11.282+0000] GC(1782)   Post Evacuate Collection Set: 0.7ms
[2025-08-01T02:38:11.282+0000] GC(1782)   Other: 0.3ms
[2025-08-01T02:38:11.282+0000] GC(1782) Eden regions: 154->0(100)
[2025-08-01T02:38:11.282+0000] GC(1782) Survivor regions: 31->24(24)
[2025-08-01T02:38:11.282+0000] GC(1782) Old regions: 1340->1503
[2025-08-01T02:38:11.282+0000] GC(1782) Humongous regions: 0->0
[2025-08-01T02:38:11.282+0000] GC(1782) Metaspace: 9706K(12544K)->9706K(12544K) NonClass: 8540K(11008K)->8540K(11008K) Class: 1166K(1536K)->1166K(1536K)
[2025-08-01T02:38:11.282+0000] GC(1782) Pause Young (Normal) (G1 Evacuation Pause) 3047M->3050M(4096M) 65.884ms
[2025-08-01T02:38:11.282+0000] GC(1782) User=0.49s Sys=0.01s Real=0.06s
[2025-08-01T02:38:11.299+0000] GC(1783) Pause Young (Normal) (G1 Evacuation Pause)
[2025-08-01T02:38:11.299+0000] GC(1783) Using 8 workers of 8 for evacuation
[2025-08-01T02:38:11.340+0000] GC(1783)   Pre Evacuate Collection Set: 0.1ms
[2025-08-01T02:38:11.340+0000] GC(1783)   Evacuate Collection Set: 39.3ms
[2025-08-01T02:38:11.340+0000] GC(1783)   Post Evacuate Collection Set: 0.6ms
[2025-08-01T02:38:11.340+0000] GC(1783)   Other: 0.3ms
[2025-08-01T02:38:11.340+0000] GC(1783) Eden regions: 100->0(86)
[2025-08-01T02:38:11.340+0000] GC(1783) Survivor regions: 24->16(16)
[2025-08-01T02:38:11.340+0000] GC(1783) Old regions: 1503->1613
[2025-08-01T02:38:11.340+0000] GC(1783) Humongous regions: 0->0
[2025-08-01T02:38:11.340+0000] GC(1783) Metaspace: 9706K(12544K)->9706K(12544K) NonClass: 8540K(11008K)->8540K(11008K) Class: 1166K(1536K)->1166K(1536K)
[2025-08-01T02:38:11.340+0000] GC(1783) Pause Young (Normal) (G1 Evacuation Pause) 3250M->3254M(4096M) 40.403ms
[2025-08-01T02:38:11.340+0000] GC(1783) User=0.30s Sys=0.00s Real=0.04s
[2025-08-01T02:38:11.342+0000] GC(1780) Concurrent Mark From Roots 374.626ms
[2025-08-01T02:38:11.342+0000] GC(1780) Concurrent Preclean
[2025-08-01T02:38:11.342+0000] GC(1780) Concurrent Preclean 0.322ms
[2025-08-01T02:38:11.342+0000] GC(1780) Concurrent Mark (229.963s, 230.338s) 375.075ms
[2025-08-01T02:38:11.343+0000] GC(1780) Pause Remark
[2025-08-01T02:38:11.345+0000] GC(1780) Cleaned string and symbol table, strings: 2833 processed, 0 removed, symbols: 23489 processed, 0 removed
[2025-08-01T02:38:11.347+0000] GC(1780) Pause Remark 3282M->2020M(4096M) 3.784ms
[2025-08-01T02:38:11.347+0000] GC(1780) User=0.02s Sys=0.00s Real=0.00s
[2025-08-01T02:38:11.347+0000] GC(1780) Concurrent Rebuild Remembered Sets
[2025-08-01T02:38:11.364+0000] GC(1784) Pause Young (Normal) (G1 Evacuation Pause)
[2025-08-01T02:38:11.364+0000] GC(1784) Using 8 workers of 8 for evacuation
[2025-08-01T02:38:11.396+0000] GC(1784)   Pre Evacuate Collection Set: 0.1ms
[2025-08-01T02:38:11.396+0000] GC(1784)   Evacuate Collection Set: 30.8ms
[2025-08-01T02:38:11.396+0000] GC(1784)   Post Evacuate Collection Set: 0.7ms
[2025-08-01T02:38:11.396+0000] GC(1784)   Other: 0.4ms
[2025-08-01T02:38:11.396+0000] GC(1784) Eden regions: 86->0(257)
[2025-08-01T02:38:11.396+0000] GC(1784) Survivor regions: 16->13(13)
[2025-08-01T02:38:11.396+0000] GC(1784) Old regions: 982->1048
[2025-08-01T02:38:11.396+0000] GC(1784) Humongous regions: 0->0
[2025-08-01T02:38:11.396+0000] GC(1784) Metaspace: 9706K(12544K)->9706K(12544K) NonClass: 8540K(11008K)->8540K(11008K) Class: 1166K(1536K)->1166K(1536K)
[2025-08-01T02:38:11.396+0000] GC(1784) Pause Young (Normal) (G1 Evacuation Pause) 2164M->2119M(4096M) 31.979ms
[2025-08-01T02:38:11.396+0000] GC(1784) User=0.23s Sys=0.01s Real=0.03s
[2025-08-01T02:38:11.495+0000] GC(1785) Pause Young (Normal) (G1 Evacuation Pause)
[2025-08-01T02:38:11.495+0000] GC(1785) Using 8 workers of 8 for evacuation
[2025-08-01T02:38:11.574+0000] GC(1785)   Pre Evacuate Collection Set: 0.1ms
[2025-08-01T02:38:11.574+0000] GC(1785)   Evacuate Collection Set: 77.5ms
[2025-08-01T02:38:11.574+0000] GC(1785)   Post Evacuate Collection Set: 0.8ms
[2025-08-01T02:38:11.574+0000] GC(1785)   Other: 0.3ms
[2025-08-01T02:38:11.574+0000] GC(1785) Eden regions: 257->0(193)
[2025-08-01T02:38:11.574+0000] GC(1785) Survivor regions: 13->34(34)
[2025-08-01T02:38:11.574+0000] GC(1785) Old regions: 1048->1217
[2025-08-01T02:38:11.574+0000] GC(1785) Humongous regions: 0->0
[2025-08-01T02:38:11.574+0000] GC(1785) Metaspace: 9706K(12544K)->9706K(12544K) NonClass: 8540K(11008K)->8540K(11008K) Class: 1166K(1536K)->1166K(1536K)
[2025-08-01T02:38:11.574+0000] GC(1785) Pause Young (Normal) (G1 Evacuation Pause) 2633M->2498M(4096M) 78.909ms
[2025-08-01T02:38:11.574+0000] GC(1785) User=0.60s Sys=0.02s Real=0.08s
[2025-08-01T02:38:11.657+0000] GC(1786) Pause Young (Normal) (G1 Evacuation Pause)
[2025-08-01T02:38:11.657+0000] GC(1786) Using 8 workers of 8 for evacuation
[2025-08-01T02:38:11.732+0000] GC(1786)   Pre Evacuate Collection Set: 0.1ms
[2025-08-01T02:38:11.732+0000] GC(1786)   Evacuate Collection Set: 74.1ms
[2025-08-01T02:38:11.732+0000] GC(1786)   Post Evacuate Collection Set: 1.1ms
[2025-08-01T02:38:11.732+0000] GC(1786)   Other: 0.5ms
[2025-08-01T02:38:11.732+0000] GC(1786) Eden regions: 193->0(125)
[2025-08-01T02:38:11.732+0000] GC(1786) Survivor regions: 34->29(29)
[2025-08-01T02:38:11.732+0000] GC(1786) Old regions: 1217->1417
[2025-08-01T02:38:11.732+0000] GC(1786) Humongous regions: 0->0
[2025-08-01T02:38:11.732+0000] GC(1786) Metaspace: 9706K(12544K)->9706K(12544K) NonClass: 8540K(11008K)->8540K(11008K) Class: 1166K(1536K)->1166K(1536K)
[2025-08-01T02:38:11.732+0000] GC(1786) Pause Young (Normal) (G1 Evacuation Pause) 2884M->2888M(4096M) 75.887ms
[2025-08-01T02:38:11.732+0000] GC(1786) User=0.58s Sys=0.00s Real=0.07s
[2025-08-01T02:38:11.802+0000] GC(1787) Pause Young (Normal) (G1 Evacuation Pause)
[2025-08-01T02:38:11.802+0000] GC(1787) Using 8 workers of 8 for evacuation
[2025-08-01T02:38:11.859+0000] GC(1787)   Pre Evacuate Collection Set: 0.1ms
[2025-08-01T02:38:11.859+0000] GC(1787)   Evacuate Collection Set: 55.7ms
[2025-08-01T02:38:11.859+0000] GC(1787)   Post Evacuate Collection Set: 0.7ms
[2025-08-01T02:38:11.859+0000] GC(1787)   Other: 0.4ms
[2025-08-01T02:38:11.859+0000] GC(1787) Eden regions: 125->0(95)
[2025-08-01T02:38:11.859+0000] GC(1787) Survivor regions: 29->20(20)
[2025-08-01T02:38:11.859+0000] GC(1787) Old regions: 1417->1523
[2025-08-01T02:38:11.859+0000] GC(1787) Humongous regions: 0->0
[2025-08-01T02:38:11.859+0000] GC(1787) Metaspace: 9706K(12544K)->9706K(12544K) NonClass: 8540K(11008K)->8540K(11008K) Class: 1166K(1536K)->1166K(1536K)
[2025-08-01T02:38:11.859+0000] GC(1787) Pause Young (Normal) (G1 Evacuation Pause) 3138M->3083M(4096M) 57.002ms
[2025-08-01T02:38:11.859+0000] GC(1787) User=0.42s Sys=0.01s Real=0.06s
[2025-08-01T02:38:11.861+0000] GC(1780) Concurrent Rebuild Remembered Sets 514.156ms
[2025-08-01T02:38:11.862+0000] GC(1780) Pause Cleanup
[2025-08-01T02:38:11.863+0000] GC(1780) Pause Cleanup 3113M->3113M(4096M) 1.177ms
[2025-08-01T02:38:11.863+0000] GC(1780) User=0.00s Sys=0.00s Real=0.01s
[2025-08-01T02:38:11.864+0000] GC(1780) Concurrent Cleanup for Next Mark
[2025-08-01T02:38:11.880+0000] GC(1780) Concurrent Cleanup for Next Mark 15.809ms
[2025-08-01T02:38:11.880+0000] GC(1780) Concurrent Cycle 922.587ms
[2025-08-01T02:38:11.882+0000] GC(1788) Pause Young (Prepare Mixed) (G1 Evacuation Pause)
[2025-08-01T02:38:11.882+0000] GC(1788) Using 8 workers of 8 for evacuation
[2025-08-01T02:38:11.917+0000] GC(1788)   Pre Evacuate Collection Set: 0.1ms
[2025-08-01T02:38:11.917+0000] GC(1788)   Evacuate Collection Set: 34.2ms
[2025-08-01T02:38:11.917+0000] GC(1788)   Post Evacuate Collection Set: 0.8ms
[2025-08-01T02:38:11.917+0000] GC(1788)   Other: 0.2ms
[2025-08-01T02:38:11.917+0000] GC(1788) Eden regions: 95->0(87)
[2025-08-01T02:38:11.917+0000] GC(1788) Survivor regions: 20->15(15)
[2025-08-01T02:38:11.917+0000] GC(1788) Old regions: 1523->1625
[2025-08-01T02:38:11.917+0000] GC(1788) Humongous regions: 0->0
[2025-08-01T02:38:11.917+0000] GC(1788) Metaspace: 9706K(12544K)->9706K(12544K) NonClass: 8540K(11008K)->8540K(11008K) Class: 1166K(1536K)->1166K(1536K)
[2025-08-01T02:38:11.918+0000] GC(1788) Pause Young (Prepare Mixed) (G1 Evacuation Pause) 3273M->3276M(4096M) 35.387ms
[2025-08-01T02:38:11.918+0000] GC(1788) User=0.25s Sys=0.00s Real=0.04s
[2025-08-01T02:38:11.982+0000] GC(1789) Pause Young (Mixed) (G1 Evacuation Pause)
[2025-08-01T02:38:11.982+0000] GC(1789) Using 8 workers of 8 for evacuation
[2025-08-01T02:38:12.048+0000] GC(1789)   Pre Evacuate Collection Set: 0.1ms
[2025-08-01T02:38:12.048+0000] GC(1789)   Evacuate Collection Set: 63.8ms
[2025-08-01T02:38:12.048+0000] GC(1789)   Post Evacuate Collection Set: 1.0ms
[2025-08-01T02:38:12.048+0000] GC(1789)   Other: 0.4ms
[2025-08-01T02:38:12.048+0000] GC(1789) Eden regions: 87->0(89)
[2025-08-01T02:38:12.048+0000] GC(1789) Survivor regions: 15->13(13)
[2025-08-01T02:38:12.048+0000] GC(1789) Old regions: 1625->1642
[2025-08-01T02:38:12.048+0000] GC(1789) Humongous regions: 0->0
[2025-08-01T02:38:12.048+0000] GC(1789) Metaspace: 9706K(12544K)->9706K(12544K) NonClass: 8540K(11008K)->8540K(11008K) Class: 1166K(1536K)->1166K(1536K)
[2025-08-01T02:38:12.048+0000] GC(1789) Pause Young (Mixed) (G1 Evacuation Pause) 3450M->3306M(4096M) 65.583ms
[2025-08-01T02:38:12.048+0000] GC(1789) User=0.48s Sys=0.02s Real=0.07s
[2025-08-01T02:38:12.065+0000] GC(1790) Pause Young (Concurrent Start) (G1 Evacuation Pause)
[2025-08-01T02:38:12.065+0000] GC(1790) Using 8 workers of 8 for evacuation
[2025-08-01T02:38:12.112+0000] GC(1790)   Pre Evacuate Collection Set: 0.1ms
[2025-08-01T02:38:12.112+0000] GC(1790)   Evacuate Collection Set: 45.6ms
[2025-08-01T02:38:12.112+0000] GC(1790)   Post Evacuate Collection Set: 0.9ms
[2025-08-01T02:38:12.112+0000] GC(1790)   Other: 0.4ms
[2025-08-01T02:38:12.112+0000] GC(1790) Eden regions: 89->0(89)
[2025-08-01T02:38:12.112+0000] GC(1790) Survivor regions: 13->13(13)
[2025-08-01T02:38:12.112+0000] GC(1790) Old regions: 1642->1732
[2025-08-01T02:38:12.112+0000] GC(1790) Humongous regions: 0->0
[2025-08-01T02:38:12.112+0000] GC(1790) Metaspace: 9706K(12544K)->9706K(12544K) NonClass: 8540K(11008K)->8540K(11008K) Class: 1166K(1536K)->1166K(1536K)
[2025-08-01T02:38:12.112+0000] GC(1790) Pause Young (Concurrent Start) (G1 Evacuation Pause) 3484M->3487M(4096M) 47.085ms
[2025-08-01T02:38:12.112+0000] GC(1790) User=0.33s Sys=0.01s Real=0.04s
[2025-08-01T02:38:12.112+0000] GC(1791) Concurrent Cycle
[2025-08-01T02:38:12.112+0000] GC(1791) Concurrent Clear Claimed Marks
[2025-08-01T02:38:12.113+0000] GC(1791) Concurrent Clear Claimed Marks 0.065ms
[2025-08-01T02:38:12.113+0000] GC(1791) Concurrent Scan Root Regions
[2025-08-01T02:38:12.116+0000] GC(1791) Concurrent Scan Root Regions 3.099ms
[2025-08-01T02:38:12.116+0000] GC(1791) Concurrent Mark (231.111s)
[2025-08-01T02:38:12.116+0000] GC(1791) Concurrent Mark From Roots
[2025-08-01T02:38:12.116+0000] GC(1791) Using 2 workers of 2 for marking
[2025-08-01T02:38:12.177+0000] GC(1792) Pause Young (Normal) (G1 Evacuation Pause)
[2025-08-01T02:38:12.177+0000] GC(1792) Using 8 workers of 8 for evacuation
[2025-08-01T02:38:12.206+0000] GC(1792)   Pre Evacuate Collection Set: 0.1ms
[2025-08-01T02:38:12.206+0000] GC(1792)   Evacuate Collection Set: 27.5ms
[2025-08-01T02:38:12.206+0000] GC(1792)   Post Evacuate Collection Set: 0.7ms
[2025-08-01T02:38:12.206+0000] GC(1792)   Other: 0.2ms
[2025-08-01T02:38:12.206+0000] GC(1792) Eden regions: 89->0(89)
[2025-08-01T02:38:12.206+0000] GC(1792) Survivor regions: 13->13(13)
[2025-08-01T02:38:12.206+0000] GC(1792) Old regions: 1732->1774
[2025-08-01T02:38:12.206+0000] GC(1792) Humongous regions: 0->0
[2025-08-01T02:38:12.206+0000] GC(1792) Metaspace: 9706K(12544K)->9706K(12544K) NonClass: 8540K(11008K)->8540K(11008K) Class: 1166K(1536K)->1166K(1536K)
[2025-08-01T02:38:12.206+0000] GC(1792) Pause Young (Normal) (G1 Evacuation Pause) 3665M->3570M(4096M) 28.755ms
[2025-08-01T02:38:12.206+0000] GC(1792) User=0.20s Sys=0.01s Real=0.03s
[2025-08-01T02:38:12.224+0000] GC(1793) Pause Young (Normal) (G1 Evacuation Pause)
[2025-08-01T02:38:12.224+0000] GC(1793) Using 8 workers of 8 for evacuation
[2025-08-01T02:38:12.262+0000] GC(1793)   Pre Evacuate Collection Set: 0.1ms
[2025-08-01T02:38:12.262+0000] GC(1793)   Evacuate Collection Set: 36.5ms
[2025-08-01T02:38:12.262+0000] GC(1793)   Post Evacuate Collection Set: 0.6ms
[2025-08-01T02:38:12.262+0000] GC(1793)   Other: 0.3ms
[2025-08-01T02:38:12.262+0000] GC(1793) Eden regions: 89->0(89)
[2025-08-01T02:38:12.262+0000] GC(1793) Survivor regions: 13->13(13)
[2025-08-01T02:38:12.262+0000] GC(1793) Old regions: 1774->1865
[2025-08-01T02:38:12.262+0000] GC(1793) Humongous regions: 0->0
[2025-08-01T02:38:12.262+0000] GC(1793) Metaspace: 9706K(12544K)->9706K(12544K) NonClass: 8540K(11008K)->8540K(11008K) Class: 1166K(1536K)->1166K(1536K)
[2025-08-01T02:38:12.262+0000] GC(1793) Pause Young (Normal) (G1 Evacuation Pause) 3748M->3752M(4096M) 37.760ms
[2025-08-01T02:38:12.262+0000] GC(1793) User=0.28s Sys=0.01s Real=0.03s
[2025-08-01T02:38:12.318+0000] GC(1794) Pause Young (Normal) (G1 Evacuation Pause)
[2025-08-01T02:38:12.318+0000] GC(1794) Using 8 workers of 8 for evacuation
[2025-08-01T02:38:12.363+0000] GC(1794) To-space exhausted
[2025-08-01T02:38:12.363+0000] GC(1794)   Pre Evacuate Collection Set: 0.1ms
[2025-08-01T02:38:12.363+0000] GC(1794)   Evacuate Collection Set: 42.2ms
[2025-08-01T02:38:12.363+0000] GC(1794)   Post Evacuate Collection Set: 2.1ms
[2025-08-01T02:38:12.363+0000] GC(1794)   Other: 0.3ms
[2025-08-01T02:38:12.363+0000] GC(1794) Eden regions: 89->0(89)
[2025-08-01T02:38:12.363+0000] GC(1794) Survivor regions: 13->13(13)
[2025-08-01T02:38:12.363+0000] GC(1794) Old regions: 1865->1941
[2025-08-01T02:38:12.363+0000] GC(1794) Humongous regions: 0->0
[2025-08-01T02:38:12.363+0000] GC(1794) Metaspace: 9706K(12544K)->9706K(12544K) NonClass: 8540K(11008K)->8540K(11008K) Class: 1166K(1536K)->1166K(1536K)
[2025-08-01T02:38:12.363+0000] GC(1794) Pause Young (Normal) (G1 Evacuation Pause) 3930M->3905M(4096M) 44.812ms
[2025-08-01T02:38:12.363+0000] GC(1794) User=0.33s Sys=0.01s Real=0.05s
[2025-08-01T02:38:12.379+0000] GC(1795) Pause Young (Normal) (G1 Evacuation Pause)
[2025-08-01T02:38:12.379+0000] GC(1795) Using 8 workers of 8 for evacuation
[2025-08-01T02:38:12.411+0000] GC(1795) To-space exhausted
[2025-08-01T02:38:12.411+0000] GC(1795)   Pre Evacuate Collection Set: 0.1ms
[2025-08-01T02:38:12.411+0000] GC(1795)   Evacuate Collection Set: 22.0ms
[2025-08-01T02:38:12.411+0000] GC(1795)   Post Evacuate Collection Set: 10.1ms
[2025-08-01T02:38:12.411+0000] GC(1795)   Other: 0.4ms
[2025-08-01T02:38:12.411+0000] GC(1795) Eden regions: 89->0(100)
[2025-08-01T02:38:12.411+0000] GC(1795) Survivor regions: 13->2(13)
[2025-08-01T02:38:12.411+0000] GC(1795) Old regions: 1941->2046
[2025-08-01T02:38:12.411+0000] GC(1795) Humongous regions: 0->0
[2025-08-01T02:38:12.411+0000] GC(1795) Metaspace: 9706K(12544K)->9706K(12544K) NonClass: 8540K(11008K)->8540K(11008K) Class: 1166K(1536K)->1166K(1536K)
[2025-08-01T02:38:12.411+0000] GC(1795) Pause Young (Normal) (G1 Evacuation Pause) 4083M->4093M(4096M) 32.757ms
[2025-08-01T02:38:12.411+0000] GC(1795) User=0.24s Sys=0.01s Real=0.03s
[2025-08-01T02:38:12.412+0000] GC(1796) Using 8 workers of 8 for full compaction
[2025-08-01T02:38:12.412+0000] GC(1796) Pause Full (G1 Evacuation Pause)
[2025-08-01T02:38:12.417+0000] GC(1796) Phase 1: Mark live objects
[2025-08-01T02:38:12.449+0000] GC(1796) Cleaned string and symbol table, strings: 2833 processed, 0 removed, symbols: 23489 processed, 0 removed
[2025-08-01T02:38:12.449+0000] GC(1796) Phase 1: Mark live objects 32.074ms
[2025-08-01T02:38:12.449+0000] GC(1796) Phase 2: Prepare for compaction
[2025-08-01T02:38:12.481+0000] GC(1796) Phase 2: Prepare for compaction 32.368ms
[2025-08-01T02:38:12.481+0000] GC(1796) Phase 3: Adjust pointers
[2025-08-01T02:38:12.517+0000] GC(1796) Phase 3: Adjust pointers 35.584ms
[2025-08-01T02:38:12.517+0000] GC(1796) Phase 4: Compact heap
[2025-08-01T02:38:12.616+0000] GC(1796) Phase 4: Compact heap 99.149ms
[2025-08-01T02:38:12.618+0000] GC(1796) Eden regions: 0->0(485)
[2025-08-01T02:38:12.618+0000] GC(1796) Survivor regions: 2->0(13)
[2025-08-01T02:38:12.618+0000] GC(1796) Old regions: 2046->354
[2025-08-01T02:38:12.619+0000] GC(1796) Humongous regions: 0->0
[2025-08-01T02:38:12.619+0000] GC(1796) Metaspace: 9706K(12544K)->9706K(12544K) NonClass: 8540K(11008K)->8540K(11008K) Class: 1166K(1536K)->1166K(1536K)
[2025-08-01T02:38:12.619+0000] GC(1796) Pause Full (G1 Evacuation Pause) 4093M->696M(4096M) 206.988ms
[2025-08-01T02:38:12.619+0000] GC(1796) User=1.48s Sys=0.02s Real=0.21s
[2025-08-01T02:38:12.619+0000] GC(1791) Concurrent Mark From Roots 503.167ms
[2025-08-01T02:38:12.619+0000] GC(1791) Concurrent Mark Abort
[2025-08-01T02:38:12.619+0000] GC(1791) Concurrent Cycle 506.546ms
[2025-08-01T02:38:12.854+0000] GC(1797) Pause Young (Normal) (G1 Evacuation Pause)
[2025-08-01T02:38:12.854+0000] GC(1797) Using 8 workers of 8 for evacuation
[2025-08-01T02:38:13.019+0000] GC(1797)   Pre Evacuate Collection Set: 0.1ms
[2025-08-01T02:38:13.019+0000] GC(1797)   Evacuate Collection Set: 163.7ms
[2025-08-01T02:38:13.019+0000] GC(1797)   Post Evacuate Collection Set: 1.0ms
[2025-08-01T02:38:13.019+0000] GC(1797)   Other: 0.4ms
[2025-08-01T02:38:13.019+0000] GC(1797) Eden regions: 485->0(341)
[2025-08-01T02:38:13.019+0000] GC(1797) Survivor regions: 0->61(61)
[2025-08-01T02:38:13.020+0000] GC(1797) Old regions: 354->723
[2025-08-01T02:38:13.020+0000] GC(1797) Humongous regions: 0->0
[2025-08-01T02:38:13.020+0000] GC(1797) Metaspace: 9706K(12544K)->9706K(12544K) NonClass: 8540K(11008K)->8540K(11008K) Class: 1166K(1536K)->1166K(1536K)
[2025-08-01T02:38:13.020+0000] GC(1797) Pause Young (Normal) (G1 Evacuation Pause) 1666M->1555M(4096M) 165.293ms
[2025-08-01T02:38:13.020+0000] GC(1797) User=1.19s Sys=0.05s Real=0.16s
[2025-08-01T02:38:13.151+0000] GC(1798) Pause Young (Concurrent Start) (G1 Evacuation Pause)
[2025-08-01T02:38:13.151+0000] GC(1798) Using 8 workers of 8 for evacuation
[2025-08-01T02:38:13.220+0000] GC(1798)   Pre Evacuate Collection Set: 0.1ms
[2025-08-01T02:38:13.220+0000] GC(1798)   Evacuate Collection Set: 66.8ms
[2025-08-01T02:38:13.220+0000] GC(1798)   Post Evacuate Collection Set: 1.1ms
[2025-08-01T02:38:13.220+0000] GC(1798)   Other: 1.0ms
[2025-08-01T02:38:13.220+0000] GC(1798) Eden regions: 341->0(321)
[2025-08-01T02:38:13.220+0000] GC(1798) Survivor regions: 61->51(51)
[2025-08-01T02:38:13.220+0000] GC(1798) Old regions: 723->850
[2025-08-01T02:38:13.220+0000] GC(1798) Humongous regions: 0->0
[2025-08-01T02:38:13.220+0000] GC(1798) Metaspace: 9706K(12544K)->9706K(12544K) NonClass: 8540K(11008K)->8540K(11008K) Class: 1166K(1536K)->1166K(1536K)
[2025-08-01T02:38:13.220+0000] GC(1798) Pause Young (Concurrent Start) (G1 Evacuation Pause) 2237M->1790M(4096M) 69.277ms
[2025-08-01T02:38:13.220+0000] GC(1798) User=0.51s Sys=0.01s Real=0.07s
[2025-08-01T02:38:13.220+0000] GC(1799) Concurrent Cycle
[2025-08-01T02:38:13.220+0000] GC(1799) Concurrent Clear Claimed Marks
[2025-08-01T02:38:13.220+0000] GC(1799) Concurrent Clear Claimed Marks 0.061ms
[2025-08-01T02:38:13.220+0000] GC(1799) Concurrent Scan Root Regions
[2025-08-01T02:38:13.233+0000] GC(1799) Concurrent Scan Root Regions 13.296ms
[2025-08-01T02:38:13.233+0000] GC(1799) Concurrent Mark (232.229s)
[2025-08-01T02:38:13.233+0000] GC(1799) Concurrent Mark From Roots
[2025-08-01T02:38:13.233+0000] GC(1799) Using 2 workers of 2 for marking
[2025-08-01T02:38:13.328+0000] GC(1799) Concurrent Mark From Roots 94.965ms
[2025-08-01T02:38:13.329+0000] GC(1799) Concurrent Preclean
[2025-08-01T02:38:13.330+0000] GC(1799) Concurrent Preclean 1.065ms
[2025-08-01T02:38:13.330+0000] GC(1799) Concurrent Mark (232.229s, 232.325s) 96.262ms
[2025-08-01T02:38:13.331+0000] GC(1799) Pause Remark
[2025-08-01T02:38:13.338+0000] GC(1799) Cleaned string and symbol table, strings: 2833 processed, 0 removed, symbols: 23489 processed, 0 removed
[2025-08-01T02:38:13.339+0000] GC(1799) Pause Remark 2392M->1363M(4096M) 8.294ms
[2025-08-01T02:38:13.339+0000] GC(1799) User=0.03s Sys=0.00s Real=0.01s
[2025-08-01T02:38:13.340+0000] GC(1799) Concurrent Rebuild Remembered Sets
[2025-08-01T02:38:13.346+0000] GC(1800) Pause Young (Normal) (G1 Evacuation Pause)
[2025-08-01T02:38:13.346+0000] GC(1800) Using 8 workers of 8 for evacuation
[2025-08-01T02:38:13.513+0000] GC(1800)   Pre Evacuate Collection Set: 0.1ms
[2025-08-01T02:38:13.513+0000] GC(1800)   Evacuate Collection Set: 164.9ms
[2025-08-01T02:38:13.513+0000] GC(1800)   Post Evacuate Collection Set: 1.0ms
[2025-08-01T02:38:13.513+0000] GC(1800)   Other: 0.4ms
[2025-08-01T02:38:13.513+0000] GC(1800) Eden regions: 321->0(419)
[2025-08-01T02:38:13.513+0000] GC(1800) Survivor regions: 51->47(47)
[2025-08-01T02:38:13.513+0000] GC(1800) Old regions: 331->571
[2025-08-01T02:38:13.513+0000] GC(1800) Humongous regions: 0->0
[2025-08-01T02:38:13.513+0000] GC(1800) Metaspace: 9706K(12544K)->9706K(12544K) NonClass: 8540K(11008K)->8540K(11008K) Class: 1166K(1536K)->1166K(1536K)
[2025-08-01T02:38:13.513+0000] GC(1800) Pause Young (Normal) (G1 Evacuation Pause) 1403M->1233M(4096M) 166.604ms
[2025-08-01T02:38:13.513+0000] GC(1800) User=1.26s Sys=0.05s Real=0.16s
[2025-08-01T02:38:13.591+0000] GC(1799) Concurrent Rebuild Remembered Sets 251.493ms
[2025-08-01T02:38:13.592+0000] GC(1799) Pause Cleanup
[2025-08-01T02:38:13.592+0000] GC(1799) Pause Cleanup 1601M->1601M(4096M) 0.667ms
[2025-08-01T02:38:13.592+0000] GC(1799) User=0.00s Sys=0.00s Real=0.00s
[2025-08-01T02:38:13.592+0000] GC(1799) Concurrent Cleanup for Next Mark
[2025-08-01T02:38:13.605+0000] GC(1799) Concurrent Cleanup for Next Mark 12.287ms
[2025-08-01T02:38:13.605+0000] GC(1799) Concurrent Cycle 384.728ms
[2025-08-01T02:38:13.687+0000] GC(1801) Pause Young (Prepare Mixed) (G1 Evacuation Pause)
[2025-08-01T02:38:13.687+0000] GC(1801) Using 8 workers of 8 for evacuation
[2025-08-01T02:38:13.776+0000] GC(1801)   Pre Evacuate Collection Set: 0.1ms
[2025-08-01T02:38:13.776+0000] GC(1801)   Evacuate Collection Set: 86.2ms
[2025-08-01T02:38:13.776+0000] GC(1801)   Post Evacuate Collection Set: 1.6ms
[2025-08-01T02:38:13.776+0000] GC(1801)   Other: 0.3ms
[2025-08-01T02:38:13.776+0000] GC(1801) Eden regions: 419->0(43)
[2025-08-01T02:38:13.776+0000] GC(1801) Survivor regions: 47->59(59)
[2025-08-01T02:38:13.776+0000] GC(1801) Old regions: 571->758
[2025-08-01T02:38:13.776+0000] GC(1801) Humongous regions: 0->0
[2025-08-01T02:38:13.776+0000] GC(1801) Metaspace: 9706K(12544K)->9706K(12544K) NonClass: 8540K(11008K)->8540K(11008K) Class: 1166K(1536K)->1166K(1536K)
[2025-08-01T02:38:13.776+0000] GC(1801) Pause Young (Prepare Mixed) (G1 Evacuation Pause) 2071M->1630M(4096M) 88.413ms
[2025-08-01T02:38:13.776+0000] GC(1801) User=0.67s Sys=0.01s Real=0.09s
[2025-08-01T02:38:13.786+0000] GC(1802) Pause Young (Mixed) (G1 Evacuation Pause)
[2025-08-01T02:38:13.786+0000] GC(1802) Using 8 workers of 8 for evacuation
[2025-08-01T02:38:13.815+0000] GC(1802)   Pre Evacuate Collection Set: 0.1ms
[2025-08-01T02:38:13.816+0000] GC(1802)   Evacuate Collection Set: 28.7ms
[2025-08-01T02:38:13.816+0000] GC(1802)   Post Evacuate Collection Set: 0.6ms
[2025-08-01T02:38:13.816+0000] GC(1802)   Other: 0.4ms
[2025-08-01T02:38:13.816+0000] GC(1802) Eden regions: 43->0(356)
[2025-08-01T02:38:13.816+0000] GC(1802) Survivor regions: 59->13(13)
[2025-08-01T02:38:13.816+0000] GC(1802) Old regions: 758->838
[2025-08-01T02:38:13.816+0000] GC(1802) Humongous regions: 0->0
[2025-08-01T02:38:13.816+0000] GC(1802) Metaspace: 9706K(12544K)->9706K(12544K) NonClass: 8540K(11008K)->8540K(11008K) Class: 1166K(1536K)->1166K(1536K)
[2025-08-01T02:38:13.816+0000] GC(1802) Pause Young (Mixed) (G1 Evacuation Pause) 1716M->1698M(4096M) 30.060ms
[2025-08-01T02:38:13.816+0000] GC(1802) User=0.23s Sys=0.00s Real=0.03s
[2025-08-01T02:38:13.982+0000] GC(1803) Pause Young (Concurrent Start) (G1 Evacuation Pause)
[2025-08-01T02:38:13.982+0000] GC(1803) Using 8 workers of 8 for evacuation
[2025-08-01T02:38:14.148+0000] GC(1803)   Pre Evacuate Collection Set: 0.1ms
[2025-08-01T02:38:14.148+0000] GC(1803)   Evacuate Collection Set: 164.2ms
[2025-08-01T02:38:14.148+0000] GC(1803)   Post Evacuate Collection Set: 1.7ms
[2025-08-01T02:38:14.148+0000] GC(1803)   Other: 0.6ms
[2025-08-01T02:38:14.148+0000] GC(1803) Eden regions: 356->0(273)
[2025-08-01T02:38:14.148+0000] GC(1803) Survivor regions: 13->47(47)
[2025-08-01T02:38:14.148+0000] GC(1803) Old regions: 838->1031
[2025-08-01T02:38:14.148+0000] GC(1803) Humongous regions: 0->0
