[2025-08-01T02:26:58.890+0000] Using Parallel
[2025-08-01T02:26:58.890+0000] Heap address: 0x0000000700000000, size: 4096 MB, Compressed Oops mode: Zero based, Oop shift amount: 3
[2025-08-01T02:27:00.711+0000] GC(0) Pause Young (Allocation Failure)
[2025-08-01T02:27:01.127+0000] GC(0) PSYoungGen: 1048576K->174583K(1223168K)
[2025-08-01T02:27:01.127+0000] GC(0) ParOldGen: 0K->803528K(2796544K)
[2025-08-01T02:27:01.127+0000] GC(0) Metaspace: 9710K(12544K)->9710K(12544K) NonClass: 8544K(11008K)->8544K(11008K) Class: 1166K(1536K)->1166K(1536K)
[2025-08-01T02:27:01.127+0000] GC(0) Pause Young (Allocation Failure) 1024M->955M(3925M) 415.903ms
[2025-08-01T02:27:01.127+0000] GC(0) User=0.87s Sys=2.36s Real=0.42s
[2025-08-01T02:27:01.404+0000] GC(1) Pause Young (Allocation Failure)
[2025-08-01T02:27:01.524+0000] GC(1) PSYoungGen: 1223159K->85077K(1223168K)
[2025-08-01T02:27:01.524+0000] GC(1) ParOldGen: 803528K->803536K(2796544K)
[2025-08-01T02:27:01.524+0000] GC(1) Metaspace: 9712K(12544K)->9712K(12544K) NonClass: 8546K(11008K)->8546K(11008K) Class: 1166K(1536K)->1166K(1536K)
[2025-08-01T02:27:01.524+0000] GC(1) Pause Young (Allocation Failure) 1979M->867M(3925M) 120.112ms
[2025-08-01T02:27:01.524+0000] GC(1) User=0.34s Sys=0.59s Real=0.12s
[2025-08-01T02:27:01.765+0000] GC(2) Pause Young (Allocation Failure)
[2025-08-01T02:27:02.238+0000] GC(2) PSYoungGen: 1133653K->174565K(1223168K)
[2025-08-01T02:27:02.238+0000] GC(2) ParOldGen: 803536K->1830920K(2796544K)
[2025-08-01T02:27:02.238+0000] GC(2) Metaspace: 9712K(12544K)->9712K(12544K) NonClass: 8546K(11008K)->8546K(11008K) Class: 1166K(1536K)->1166K(1536K)
[2025-08-01T02:27:02.238+0000] GC(2) Pause Young (Allocation Failure) 1891M->1958M(3925M) 473.257ms
[2025-08-01T02:27:02.238+0000] GC(2) User=1.15s Sys=2.56s Real=0.47s
[2025-08-01T02:27:02.238+0000] GC(3) Pause Full (Ergonomics)
[2025-08-01T02:27:02.239+0000] GC(3) Marking Phase
[2025-08-01T02:27:02.917+0000] GC(3) Marking Phase 678.852ms
[2025-08-01T02:27:02.917+0000] GC(3) Summary Phase
[2025-08-01T02:27:02.918+0000] GC(3) Summary Phase 0.212ms
[2025-08-01T02:27:02.918+0000] GC(3) Adjust Roots
[2025-08-01T02:27:02.924+0000] GC(3) Adjust Roots 5.955ms
[2025-08-01T02:27:02.924+0000] GC(3) Compaction Phase
[2025-08-01T02:27:03.153+0000] GC(3) Compaction Phase 229.110ms
[2025-08-01T02:27:03.153+0000] GC(3) Post Compact
[2025-08-01T02:27:03.202+0000] GC(3) Post Compact 48.821ms
[2025-08-01T02:27:03.202+0000] GC(3) PSYoungGen: 174565K->0K(1223168K)
[2025-08-01T02:27:03.202+0000] GC(3) ParOldGen: 1830920K->1120586K(2796544K)
[2025-08-01T02:27:03.202+0000] GC(3) Metaspace: 9712K(12544K)->9712K(12544K) NonClass: 8546K(11008K)->8546K(11008K) Class: 1166K(1536K)->1166K(1536K)
[2025-08-01T02:27:03.202+0000] GC(3) Pause Full (Ergonomics) 1958M->1094M(3925M) 963.859ms
[2025-08-01T02:27:03.202+0000] GC(3) User=1.92s Sys=4.96s Real=0.96s
[2025-08-01T02:27:03.400+0000] GC(4) Pause Young (Allocation Failure)
[2025-08-01T02:27:03.507+0000] GC(4) PSYoungGen: 1048576K->174592K(1223168K)
[2025-08-01T02:27:03.507+0000] GC(4) ParOldGen: 1120586K->1253850K(2796544K)
[2025-08-01T02:27:03.507+0000] GC(4) Metaspace: 9712K(12544K)->9712K(12544K) NonClass: 8546K(11008K)->8546K(11008K) Class: 1166K(1536K)->1166K(1536K)
[2025-08-01T02:27:03.507+0000] GC(4) Pause Young (Allocation Failure) 2118M->1394M(3925M) 107.414ms
[2025-08-01T02:27:03.507+0000] GC(4) User=0.59s Sys=0.19s Real=0.11s
[2025-08-01T02:27:03.736+0000] GC(5) Pause Young (Allocation Failure)
[2025-08-01T02:27:04.233+0000] GC(5) PSYoungGen: 1223168K->174592K(640512K)
[2025-08-01T02:27:04.233+0000] GC(5) ParOldGen: 1253850K->2337858K(2796544K)
[2025-08-01T02:27:04.233+0000] GC(5) Metaspace: 9712K(12544K)->9712K(12544K) NonClass: 8546K(11008K)->8546K(11008K) Class: 1166K(1536K)->1166K(1536K)
[2025-08-01T02:27:04.233+0000] GC(5) Pause Young (Allocation Failure) 2418M->2453M(3356M) 497.074ms
[2025-08-01T02:27:04.233+0000] GC(5) User=2.03s Sys=1.93s Real=0.49s
[2025-08-01T02:27:04.233+0000] GC(6) Pause Full (Ergonomics)
[2025-08-01T02:27:04.233+0000] GC(6) Marking Phase
[2025-08-01T02:27:04.574+0000] GC(6) Marking Phase 341.637ms
[2025-08-01T02:27:04.574+0000] GC(6) Summary Phase
[2025-08-01T02:27:04.575+0000] GC(6) Summary Phase 0.066ms
[2025-08-01T02:27:04.575+0000] GC(6) Adjust Roots
[2025-08-01T02:27:04.580+0000] GC(6) Adjust Roots 4.941ms
[2025-08-01T02:27:04.580+0000] GC(6) Compaction Phase
[2025-08-01T02:27:04.861+0000] GC(6) Compaction Phase 281.463ms
[2025-08-01T02:27:04.861+0000] GC(6) Post Compact
[2025-08-01T02:27:04.874+0000] GC(6) Post Compact 13.141ms
[2025-08-01T02:27:04.874+0000] GC(6) PSYoungGen: 174592K->0K(931840K)
[2025-08-01T02:27:04.874+0000] GC(6) ParOldGen: 2337858K->1344612K(2796544K)
[2025-08-01T02:27:04.874+0000] GC(6) Metaspace: 9712K(12544K)->9712K(12544K) NonClass: 8546K(11008K)->8546K(11008K) Class: 1166K(1536K)->1166K(1536K)
[2025-08-01T02:27:04.874+0000] GC(6) Pause Full (Ergonomics) 2453M->1313M(3641M) 641.650ms
[2025-08-01T02:27:04.874+0000] GC(6) User=2.54s Sys=1.96s Real=0.65s
[2025-08-01T02:27:04.959+0000] GC(7) Pause Young (Allocation Failure)
[2025-08-01T02:27:05.016+0000] GC(7) PSYoungGen: 465920K->270976K(931840K)
[2025-08-01T02:27:05.016+0000] GC(7) ParOldGen: 1344612K->1344612K(2796544K)
[2025-08-01T02:27:05.016+0000] GC(7) Metaspace: 9712K(12544K)->9712K(12544K) NonClass: 8546K(11008K)->8546K(11008K) Class: 1166K(1536K)->1166K(1536K)
[2025-08-01T02:27:05.016+0000] GC(7) Pause Young (Allocation Failure) 1768M->1577M(3641M) 56.789ms
[2025-08-01T02:27:05.016+0000] GC(7) User=0.42s Sys=0.01s Real=0.06s
[2025-08-01T02:27:05.016+0000] GC(8) Pause Full (Ergonomics)
[2025-08-01T02:27:05.016+0000] GC(8) Marking Phase
[2025-08-01T02:27:05.095+0000] GC(8) Marking Phase 79.288ms
[2025-08-01T02:27:05.095+0000] GC(8) Summary Phase
[2025-08-01T02:27:05.095+0000] GC(8) Summary Phase 0.090ms
[2025-08-01T02:27:05.095+0000] GC(8) Adjust Roots
[2025-08-01T02:27:05.097+0000] GC(8) Adjust Roots 2.181ms
[2025-08-01T02:27:05.097+0000] GC(8) Compaction Phase
[2025-08-01T02:27:05.233+0000] GC(8) Compaction Phase 135.291ms
[2025-08-01T02:27:05.233+0000] GC(8) Post Compact
[2025-08-01T02:27:05.244+0000] GC(8) Post Compact 11.437ms
[2025-08-01T02:27:05.244+0000] GC(8) PSYoungGen: 270976K->0K(931840K)
[2025-08-01T02:27:05.245+0000] GC(8) ParOldGen: 1344612K->881521K(2796544K)
[2025-08-01T02:27:05.245+0000] GC(8) Metaspace: 9712K(12544K)->9712K(12544K) NonClass: 8546K(11008K)->8546K(11008K) Class: 1166K(1536K)->1166K(1536K)
[2025-08-01T02:27:05.245+0000] GC(8) Pause Full (Ergonomics) 1577M->860M(3641M) 228.802ms
[2025-08-01T02:27:05.245+0000] GC(8) User=1.53s Sys=0.17s Real=0.23s
[2025-08-01T02:27:05.330+0000] GC(9) Pause Young (Allocation Failure)
[2025-08-01T02:27:05.412+0000] GC(9) PSYoungGen: 465920K->384832K(931840K)
[2025-08-01T02:27:05.412+0000] GC(9) ParOldGen: 881521K->881521K(2796544K)
[2025-08-01T02:27:05.412+0000] GC(9) Metaspace: 9712K(12544K)->9712K(12544K) NonClass: 8546K(11008K)->8546K(11008K) Class: 1166K(1536K)->1166K(1536K)
[2025-08-01T02:27:05.412+0000] GC(9) Pause Young (Allocation Failure) 1315M->1236M(3641M) 81.924ms
[2025-08-01T02:27:05.412+0000] GC(9) User=0.56s Sys=0.04s Real=0.08s
[2025-08-01T02:27:05.497+0000] GC(10) Pause Young (Allocation Failure)
[2025-08-01T02:27:05.671+0000] GC(10) PSYoungGen: 850752K->465920K(931840K)
[2025-08-01T02:27:05.671+0000] GC(10) ParOldGen: 881521K->1280105K(2796544K)
[2025-08-01T02:27:05.671+0000] GC(10) Metaspace: 9712K(12544K)->9712K(12544K) NonClass: 8546K(11008K)->8546K(11008K) Class: 1166K(1536K)->1166K(1536K)
[2025-08-01T02:27:05.671+0000] GC(10) Pause Young (Allocation Failure) 1691M->1705M(3641M) 174.483ms
[2025-08-01T02:27:05.671+0000] GC(10) User=1.29s Sys=0.10s Real=0.17s
[2025-08-01T02:27:05.756+0000] GC(11) Pause Young (Allocation Failure)
[2025-08-01T02:27:05.932+0000] GC(11) PSYoungGen: 931840K->465920K(931840K)
[2025-08-01T02:27:05.932+0000] GC(11) ParOldGen: 1280105K->1764329K(2796544K)
[2025-08-01T02:27:05.932+0000] GC(11) Metaspace: 9712K(12544K)->9712K(12544K) NonClass: 8546K(11008K)->8546K(11008K) Class: 1166K(1536K)->1166K(1536K)
[2025-08-01T02:27:05.932+0000] GC(11) Pause Young (Allocation Failure) 2160M->2177M(3641M) 175.514ms
[2025-08-01T02:27:05.932+0000] GC(11) User=1.35s Sys=0.04s Real=0.17s
[2025-08-01T02:27:05.932+0000] GC(12) Pause Full (Ergonomics)
[2025-08-01T02:27:05.932+0000] GC(12) Marking Phase
[2025-08-01T02:27:06.011+0000] GC(12) Marking Phase 79.298ms
[2025-08-01T02:27:06.011+0000] GC(12) Summary Phase
[2025-08-01T02:27:06.012+0000] GC(12) Summary Phase 0.096ms
[2025-08-01T02:27:06.012+0000] GC(12) Adjust Roots
[2025-08-01T02:27:06.014+0000] GC(12) Adjust Roots 2.030ms
[2025-08-01T02:27:06.014+0000] GC(12) Compaction Phase
[2025-08-01T02:27:06.240+0000] GC(12) Compaction Phase 226.565ms
[2025-08-01T02:27:06.240+0000] GC(12) Post Compact
[2025-08-01T02:27:06.256+0000] GC(12) Post Compact 15.249ms
[2025-08-01T02:27:06.256+0000] GC(12) PSYoungGen: 465920K->0K(931840K)
[2025-08-01T02:27:06.256+0000] GC(12) ParOldGen: 1764329K->1349251K(2796544K)
[2025-08-01T02:27:06.256+0000] GC(12) Metaspace: 9712K(12544K)->9712K(12544K) NonClass: 8546K(11008K)->8546K(11008K) Class: 1166K(1536K)->1166K(1536K)
[2025-08-01T02:27:06.256+0000] GC(12) Pause Full (Ergonomics) 2177M->1317M(3641M) 323.771ms
[2025-08-01T02:27:06.256+0000] GC(12) User=2.38s Sys=0.04s Real=0.33s
[2025-08-01T02:27:06.341+0000] GC(13) Pause Young (Allocation Failure)
[2025-08-01T02:27:06.417+0000] GC(13) PSYoungGen: 465920K->283552K(931840K)
[2025-08-01T02:27:06.417+0000] GC(13) ParOldGen: 1349251K->1349251K(2796544K)
[2025-08-01T02:27:06.417+0000] GC(13) Metaspace: 9712K(12544K)->9712K(12544K) NonClass: 8546K(11008K)->8546K(11008K) Class: 1166K(1536K)->1166K(1536K)
[2025-08-01T02:27:06.417+0000] GC(13) Pause Young (Allocation Failure) 1772M->1594M(3641M) 76.164ms
[2025-08-01T02:27:06.417+0000] GC(13) User=0.50s Sys=0.10s Real=0.08s
[2025-08-01T02:27:06.504+0000] GC(14) Pause Young (Allocation Failure)
[2025-08-01T02:27:06.609+0000] GC(14) PSYoungGen: 749472K->372704K(931840K)
[2025-08-01T02:27:06.609+0000] GC(14) ParOldGen: 1349251K->1407947K(2796544K)
[2025-08-01T02:27:06.609+0000] GC(14) Metaspace: 9712K(12544K)->9712K(12544K) NonClass: 8546K(11008K)->8546K(11008K) Class: 1166K(1536K)->1166K(1536K)
[2025-08-01T02:27:06.609+0000] GC(14) Pause Young (Allocation Failure) 2049M->1738M(3641M) 105.191ms
[2025-08-01T02:27:06.609+0000] GC(14) User=0.73s Sys=0.11s Real=0.10s
[2025-08-01T02:27:06.696+0000] GC(15) Pause Young (Allocation Failure)
[2025-08-01T02:27:06.840+0000] GC(15) PSYoungGen: 838624K->465920K(931840K)
[2025-08-01T02:27:06.840+0000] GC(15) ParOldGen: 1407947K->1790867K(2796544K)
[2025-08-01T02:27:06.840+0000] GC(15) Metaspace: 9712K(12544K)->9712K(12544K) NonClass: 8546K(11008K)->8546K(11008K) Class: 1166K(1536K)->1166K(1536K)
[2025-08-01T02:27:06.840+0000] GC(15) Pause Young (Allocation Failure) 2193M->2203M(3641M) 144.928ms
[2025-08-01T02:27:06.840+0000] GC(15) User=1.15s Sys=0.00s Real=0.14s
[2025-08-01T02:27:06.841+0000] GC(16) Pause Full (Ergonomics)
[2025-08-01T02:27:06.841+0000] GC(16) Marking Phase
[2025-08-01T02:27:06.884+0000] GC(16) Marking Phase 43.427ms
[2025-08-01T02:27:06.884+0000] GC(16) Summary Phase
[2025-08-01T02:27:06.884+0000] GC(16) Summary Phase 0.051ms
[2025-08-01T02:27:06.884+0000] GC(16) Adjust Roots
[2025-08-01T02:27:06.886+0000] GC(16) Adjust Roots 1.848ms
[2025-08-01T02:27:06.886+0000] GC(16) Compaction Phase
[2025-08-01T02:27:07.027+0000] GC(16) Compaction Phase 141.390ms
[2025-08-01T02:27:07.028+0000] GC(16) Post Compact
[2025-08-01T02:27:07.043+0000] GC(16) Post Compact 14.996ms
[2025-08-01T02:27:07.043+0000] GC(16) PSYoungGen: 465920K->0K(931840K)
[2025-08-01T02:27:07.043+0000] GC(16) ParOldGen: 1790867K->894904K(2796544K)
[2025-08-01T02:27:07.043+0000] GC(16) Metaspace: 9712K(12544K)->9712K(12544K) NonClass: 8546K(11008K)->8546K(11008K) Class: 1166K(1536K)->1166K(1536K)
[2025-08-01T02:27:07.043+0000] GC(16) Pause Full (Ergonomics) 2203M->873M(3641M) 202.067ms
[2025-08-01T02:27:07.043+0000] GC(16) User=1.47s Sys=0.00s Real=0.20s
[2025-08-01T02:27:07.127+0000] GC(17) Pause Young (Allocation Failure)
[2025-08-01T02:27:07.241+0000] GC(17) PSYoungGen: 465920K->465920K(931840K)
[2025-08-01T02:27:07.241+0000] GC(17) ParOldGen: 894904K->901032K(2796544K)
[2025-08-01T02:27:07.241+0000] GC(17) Metaspace: 9712K(12544K)->9712K(12544K) NonClass: 8546K(11008K)->8546K(11008K) Class: 1166K(1536K)->1166K(1536K)
[2025-08-01T02:27:07.241+0000] GC(17) Pause Young (Allocation Failure) 1328M->1334M(3641M) 113.771ms
[2025-08-01T02:27:07.241+0000] GC(17) User=0.81s Sys=0.09s Real=0.11s
[2025-08-01T02:27:07.325+0000] GC(18) Pause Young (Allocation Failure)
[2025-08-01T02:27:07.536+0000] GC(18) PSYoungGen: 931840K->321184K(931840K)
[2025-08-01T02:27:07.536+0000] GC(18) ParOldGen: 901032K->1132552K(2796544K)
[2025-08-01T02:27:07.536+0000] GC(18) Metaspace: 9712K(12544K)->9712K(12544K) NonClass: 8546K(11008K)->8546K(11008K) Class: 1166K(1536K)->1166K(1536K)
[2025-08-01T02:27:07.536+0000] GC(18) Pause Young (Allocation Failure) 1789M->1419M(3641M) 210.374ms
[2025-08-01T02:27:07.536+0000] GC(18) User=1.39s Sys=0.20s Real=0.21s
[2025-08-01T02:27:07.622+0000] GC(19) Pause Young (Allocation Failure)
[2025-08-01T02:27:07.785+0000] GC(19) PSYoungGen: 787104K->464128K(931840K)
[2025-08-01T02:27:07.785+0000] GC(19) ParOldGen: 1132552K->1337056K(2796544K)
[2025-08-01T02:27:07.785+0000] GC(19) Metaspace: 9712K(12544K)->9712K(12544K) NonClass: 8546K(11008K)->8546K(11008K) Class: 1166K(1536K)->1166K(1536K)
[2025-08-01T02:27:07.785+0000] GC(19) Pause Young (Allocation Failure) 1874M->1758M(3641M) 162.838ms
[2025-08-01T02:27:07.785+0000] GC(19) User=1.21s Sys=0.07s Real=0.17s
[2025-08-01T02:27:07.871+0000] GC(20) Pause Young (Allocation Failure)
[2025-08-01T02:27:08.045+0000] GC(20) PSYoungGen: 930048K->465920K(931840K)
[2025-08-01T02:27:08.045+0000] GC(20) ParOldGen: 1337056K->1691160K(2796544K)
[2025-08-01T02:27:08.045+0000] GC(20) Metaspace: 9712K(12544K)->9712K(12544K) NonClass: 8546K(11008K)->8546K(11008K) Class: 1166K(1536K)->1166K(1536K)
[2025-08-01T02:27:08.045+0000] GC(20) Pause Young (Allocation Failure) 2213M->2106M(3641M) 174.939ms
[2025-08-01T02:27:08.045+0000] GC(20) User=1.28s Sys=0.10s Real=0.18s
[2025-08-01T02:27:08.130+0000] GC(21) Pause Young (Allocation Failure)
[2025-08-01T02:27:08.370+0000] GC(21) PSYoungGen: 931840K->465920K(931840K)
[2025-08-01T02:27:08.370+0000] GC(21) ParOldGen: 1691160K->2168464K(2796544K)
[2025-08-01T02:27:08.370+0000] GC(21) Metaspace: 9712K(12544K)->9712K(12544K) NonClass: 8546K(11008K)->8546K(11008K) Class: 1166K(1536K)->1166K(1536K)
[2025-08-01T02:27:08.370+0000] GC(21) Pause Young (Allocation Failure) 2561M->2572M(3641M) 240.257ms
[2025-08-01T02:27:08.370+0000] GC(21) User=1.73s Sys=0.12s Real=0.24s
[2025-08-01T02:27:08.370+0000] GC(22) Pause Full (Ergonomics)
[2025-08-01T02:27:08.370+0000] GC(22) Marking Phase
[2025-08-01T02:27:08.440+0000] GC(22) Marking Phase 69.794ms
[2025-08-01T02:27:08.440+0000] GC(22) Summary Phase
[2025-08-01T02:27:08.440+0000] GC(22) Summary Phase 0.105ms
[2025-08-01T02:27:08.440+0000] GC(22) Adjust Roots
[2025-08-01T02:27:08.442+0000] GC(22) Adjust Roots 1.975ms
[2025-08-01T02:27:08.442+0000] GC(22) Compaction Phase
[2025-08-01T02:27:08.676+0000] GC(22) Compaction Phase 233.578ms
[2025-08-01T02:27:08.676+0000] GC(22) Post Compact
[2025-08-01T02:27:08.695+0000] GC(22) Post Compact 18.916ms
[2025-08-01T02:27:08.695+0000] GC(22) PSYoungGen: 465920K->0K(931840K)
[2025-08-01T02:27:08.695+0000] GC(22) ParOldGen: 2168464K->1363655K(2796544K)
[2025-08-01T02:27:08.695+0000] GC(22) Metaspace: 9712K(12544K)->9712K(12544K) NonClass: 8546K(11008K)->8546K(11008K) Class: 1166K(1536K)->1166K(1536K)
[2025-08-01T02:27:08.695+0000] GC(22) Pause Full (Ergonomics) 2572M->1331M(3641M) 324.812ms
[2025-08-01T02:27:08.695+0000] GC(22) User=2.36s Sys=0.00s Real=0.33s
[2025-08-01T02:27:08.781+0000] GC(23) Pause Young (Allocation Failure)
[2025-08-01T02:27:08.863+0000] GC(23) PSYoungGen: 465920K->238496K(931840K)
[2025-08-01T02:27:08.863+0000] GC(23) ParOldGen: 1363655K->1363655K(2796544K)
[2025-08-01T02:27:08.863+0000] GC(23) Metaspace: 9712K(12544K)->9712K(12544K) NonClass: 8546K(11008K)->8546K(11008K) Class: 1166K(1536K)->1166K(1536K)
[2025-08-01T02:27:08.863+0000] GC(23) Pause Young (Allocation Failure) 1786M->1564M(3641M) 81.564ms
[2025-08-01T02:27:08.863+0000] GC(23) User=0.60s Sys=0.04s Real=0.08s
[2025-08-01T02:27:08.952+0000] GC(24) Pause Young (Allocation Failure)
[2025-08-01T02:27:09.117+0000] GC(24) PSYoungGen: 704416K->465920K(931840K)
[2025-08-01T02:27:09.117+0000] GC(24) ParOldGen: 1363655K->1612415K(2796544K)
[2025-08-01T02:27:09.117+0000] GC(24) Metaspace: 9712K(12544K)->9712K(12544K) NonClass: 8546K(11008K)->8546K(11008K) Class: 1166K(1536K)->1166K(1536K)
[2025-08-01T02:27:09.117+0000] GC(24) Pause Young (Allocation Failure) 2019M->2029M(3641M) 165.441ms
[2025-08-01T02:27:09.117+0000] GC(24) User=1.18s Sys=0.09s Real=0.17s
[2025-08-01T02:27:09.204+0000] GC(25) Pause Young (Allocation Failure)
[2025-08-01T02:27:09.410+0000] GC(25) PSYoungGen: 931840K->433504K(931840K)
[2025-08-01T02:27:09.411+0000] GC(25) ParOldGen: 1612415K->1973183K(2796544K)
[2025-08-01T02:27:09.411+0000] GC(25) Metaspace: 9712K(12544K)->9712K(12544K) NonClass: 8546K(11008K)->8546K(11008K) Class: 1166K(1536K)->1166K(1536K)
[2025-08-01T02:27:09.411+0000] GC(25) Pause Young (Allocation Failure) 2484M->2350M(3641M) 206.846ms
[2025-08-01T02:27:09.411+0000] GC(25) User=1.50s Sys=0.12s Real=0.20s
[2025-08-01T02:27:09.497+0000] GC(26) Pause Young (Allocation Failure)
[2025-08-01T02:27:09.718+0000] GC(26) PSYoungGen: 899424K->465920K(931840K)
[2025-08-01T02:27:09.718+0000] GC(26) ParOldGen: 1973183K->2419207K(2796544K)
[2025-08-01T02:27:09.718+0000] GC(26) Metaspace: 9712K(12544K)->9712K(12544K) NonClass: 8546K(11008K)->8546K(11008K) Class: 1166K(1536K)->1166K(1536K)
[2025-08-01T02:27:09.718+0000] GC(26) Pause Young (Allocation Failure) 2805M->2817M(3641M) 220.669ms
[2025-08-01T02:27:09.718+0000] GC(26) User=1.37s Sys=0.30s Real=0.22s
[2025-08-01T02:27:09.718+0000] GC(27) Pause Full (Ergonomics)
[2025-08-01T02:27:09.718+0000] GC(27) Marking Phase
[2025-08-01T02:27:10.136+0000] GC(27) Marking Phase 417.687ms
[2025-08-01T02:27:10.136+0000] GC(27) Summary Phase
[2025-08-01T02:27:10.136+0000] GC(27) Summary Phase 0.100ms
[2025-08-01T02:27:10.136+0000] GC(27) Adjust Roots
[2025-08-01T02:27:10.138+0000] GC(27) Adjust Roots 1.818ms
[2025-08-01T02:27:10.138+0000] GC(27) Compaction Phase
[2025-08-01T02:27:10.365+0000] GC(27) Compaction Phase 227.759ms
[2025-08-01T02:27:10.365+0000] GC(27) Post Compact
[2025-08-01T02:27:10.385+0000] GC(27) Post Compact 19.126ms
[2025-08-01T02:27:10.385+0000] GC(27) PSYoungGen: 465920K->0K(931840K)
[2025-08-01T02:27:10.385+0000] GC(27) ParOldGen: 2419207K->1375348K(2796544K)
[2025-08-01T02:27:10.385+0000] GC(27) Metaspace: 9712K(12544K)->9712K(12544K) NonClass: 8546K(11008K)->8546K(11008K) Class: 1166K(1536K)->1166K(1536K)
[2025-08-01T02:27:10.385+0000] GC(27) Pause Full (Ergonomics) 2817M->1343M(3641M) 666.881ms
[2025-08-01T02:27:10.385+0000] GC(27) User=2.45s Sys=2.67s Real=0.67s
[2025-08-01T02:27:10.471+0000] GC(28) Pause Young (Allocation Failure)
[2025-08-01T02:27:10.568+0000] GC(28) PSYoungGen: 465920K->266144K(931840K)
[2025-08-01T02:27:10.568+0000] GC(28) ParOldGen: 1375348K->1375348K(2796544K)
[2025-08-01T02:27:10.568+0000] GC(28) Metaspace: 9712K(12544K)->9712K(12544K) NonClass: 8546K(11008K)->8546K(11008K) Class: 1166K(1536K)->1166K(1536K)
[2025-08-01T02:27:10.568+0000] GC(28) Pause Young (Allocation Failure) 1798M->1603M(3641M) 97.323ms
[2025-08-01T02:27:10.568+0000] GC(28) User=0.67s Sys=0.09s Real=0.10s
[2025-08-01T02:27:10.655+0000] GC(29) Pause Young (Allocation Failure)
[2025-08-01T02:27:10.803+0000] GC(29) PSYoungGen: 732064K->465920K(931840K)
[2025-08-01T02:27:10.803+0000] GC(29) ParOldGen: 1375348K->1648700K(2796544K)
[2025-08-01T02:27:10.803+0000] GC(29) Metaspace: 9712K(12544K)->9712K(12544K) NonClass: 8546K(11008K)->8546K(11008K) Class: 1166K(1536K)->1166K(1536K)
[2025-08-01T02:27:10.803+0000] GC(29) Pause Young (Allocation Failure) 2058M->2065M(3641M) 148.335ms
[2025-08-01T02:27:10.804+0000] GC(29) User=1.12s Sys=0.02s Real=0.15s
[2025-08-01T02:27:10.891+0000] GC(30) Pause Young (Allocation Failure)
[2025-08-01T02:27:11.083+0000] GC(30) PSYoungGen: 931840K->418624K(931840K)
[2025-08-01T02:27:11.083+0000] GC(30) ParOldGen: 1648700K->2016860K(2796544K)
[2025-08-01T02:27:11.083+0000] GC(30) Metaspace: 9712K(12544K)->9712K(12544K) NonClass: 8546K(11008K)->8546K(11008K) Class: 1166K(1536K)->1166K(1536K)
[2025-08-01T02:27:11.083+0000] GC(30) Pause Young (Allocation Failure) 2520M->2378M(3641M) 192.129ms
[2025-08-01T02:27:11.083+0000] GC(30) User=1.36s Sys=0.11s Real=0.20s
[2025-08-01T02:27:11.174+0000] GC(31) Pause Young (Allocation Failure)
[2025-08-01T02:27:11.410+0000] GC(31) PSYoungGen: 884544K->465920K(931840K)
[2025-08-01T02:27:11.410+0000] GC(31) ParOldGen: 2016860K->2447148K(2796544K)
[2025-08-01T02:27:11.410+0000] GC(31) Metaspace: 9712K(12544K)->9712K(12544K) NonClass: 8546K(11008K)->8546K(11008K) Class: 1166K(1536K)->1166K(1536K)
[2025-08-01T02:27:11.410+0000] GC(31) Pause Young (Allocation Failure) 2833M->2844M(3641M) 236.048ms
[2025-08-01T02:27:11.410+0000] GC(31) User=1.59s Sys=0.27s Real=0.23s
[2025-08-01T02:27:11.410+0000] GC(32) Pause Full (Ergonomics)
[2025-08-01T02:27:11.410+0000] GC(32) Marking Phase
[2025-08-01T02:27:11.488+0000] GC(32) Marking Phase 77.347ms
[2025-08-01T02:27:11.488+0000] GC(32) Summary Phase
[2025-08-01T02:27:11.488+0000] GC(32) Summary Phase 0.173ms
[2025-08-01T02:27:11.488+0000] GC(32) Adjust Roots
[2025-08-01T02:27:11.490+0000] GC(32) Adjust Roots 1.824ms
[2025-08-01T02:27:11.490+0000] GC(32) Compaction Phase
[2025-08-01T02:27:11.710+0000] GC(32) Compaction Phase 220.576ms
[2025-08-01T02:27:11.711+0000] GC(32) Post Compact
[2025-08-01T02:27:11.730+0000] GC(32) Post Compact 19.457ms
[2025-08-01T02:27:11.730+0000] GC(32) PSYoungGen: 465920K->0K(931840K)
[2025-08-01T02:27:11.730+0000] GC(32) ParOldGen: 2447148K->1380149K(2796544K)
[2025-08-01T02:27:11.730+0000] GC(32) Metaspace: 9712K(12544K)->9712K(12544K) NonClass: 8546K(11008K)->8546K(11008K) Class: 1166K(1536K)->1166K(1536K)
[2025-08-01T02:27:11.730+0000] GC(32) Pause Full (Ergonomics) 2844M->1347M(3641M) 319.819ms
[2025-08-01T02:27:11.730+0000] GC(32) User=2.36s Sys=0.00s Real=0.32s
[2025-08-01T02:27:11.817+0000] GC(33) Pause Young (Allocation Failure)
[2025-08-01T02:27:11.881+0000] GC(33) PSYoungGen: 465920K->286016K(931840K)
[2025-08-01T02:27:11.881+0000] GC(33) ParOldGen: 1380149K->1380149K(2796544K)
[2025-08-01T02:27:11.881+0000] GC(33) Metaspace: 9712K(12544K)->9712K(12544K) NonClass: 8546K(11008K)->8546K(11008K) Class: 1166K(1536K)->1166K(1536K)
[2025-08-01T02:27:11.881+0000] GC(33) Pause Young (Allocation Failure) 1802M->1627M(3641M) 63.886ms
[2025-08-01T02:27:11.881+0000] GC(33) User=0.49s Sys=0.01s Real=0.06s
[2025-08-01T02:27:11.965+0000] GC(34) Pause Young (Allocation Failure)
[2025-08-01T02:27:12.124+0000] GC(34) PSYoungGen: 751936K->465920K(931840K)
[2025-08-01T02:27:12.124+0000] GC(34) ParOldGen: 1380149K->1674445K(2796544K)
[2025-08-01T02:27:12.124+0000] GC(34) Metaspace: 9712K(12544K)->9712K(12544K) NonClass: 8546K(11008K)->8546K(11008K) Class: 1166K(1536K)->1166K(1536K)
[2025-08-01T02:27:12.124+0000] GC(34) Pause Young (Allocation Failure) 2082M->2090M(3641M) 159.203ms
[2025-08-01T02:27:12.124+0000] GC(34) User=1.21s Sys=0.05s Real=0.16s
[2025-08-01T02:27:12.210+0000] GC(35) Pause Young (Allocation Failure)
[2025-08-01T02:27:12.388+0000] GC(35) PSYoungGen: 931840K->420320K(931840K)
[2025-08-01T02:27:12.388+0000] GC(35) ParOldGen: 1674445K->2015773K(2796544K)
[2025-08-01T02:27:12.388+0000] GC(35) Metaspace: 9712K(12544K)->9712K(12544K) NonClass: 8546K(11008K)->8546K(11008K) Class: 1166K(1536K)->1166K(1536K)
[2025-08-01T02:27:12.388+0000] GC(35) Pause Young (Allocation Failure) 2545M->2378M(3641M) 177.916ms
[2025-08-01T02:27:12.388+0000] GC(35) User=1.27s Sys=0.14s Real=0.18s
[2025-08-01T02:27:12.477+0000] GC(36) Pause Young (Allocation Failure)
[2025-08-01T02:27:12.756+0000] GC(36) PSYoungGen: 886240K->465920K(931840K)
[2025-08-01T02:27:12.756+0000] GC(36) ParOldGen: 2015773K->2445709K(2796544K)
[2025-08-01T02:27:12.756+0000] GC(36) Metaspace: 9712K(12544K)->9712K(12544K) NonClass: 8546K(11008K)->8546K(11008K) Class: 1166K(1536K)->1166K(1536K)
[2025-08-01T02:27:12.756+0000] GC(36) Pause Young (Allocation Failure) 2833M->2843M(3641M) 279.364ms
[2025-08-01T02:27:12.756+0000] GC(36) User=2.10s Sys=0.10s Real=0.28s
[2025-08-01T02:27:12.756+0000] GC(37) Pause Full (Ergonomics)
[2025-08-01T02:27:12.756+0000] GC(37) Marking Phase
[2025-08-01T02:27:12.830+0000] GC(37) Marking Phase 73.670ms
[2025-08-01T02:27:12.830+0000] GC(37) Summary Phase
[2025-08-01T02:27:12.830+0000] GC(37) Summary Phase 0.118ms
[2025-08-01T02:27:12.830+0000] GC(37) Adjust Roots
[2025-08-01T02:27:12.832+0000] GC(37) Adjust Roots 1.868ms
[2025-08-01T02:27:12.832+0000] GC(37) Compaction Phase
[2025-08-01T02:27:13.046+0000] GC(37) Compaction Phase 213.695ms
[2025-08-01T02:27:13.046+0000] GC(37) Post Compact
[2025-08-01T02:27:13.065+0000] GC(37) Post Compact 19.153ms
[2025-08-01T02:27:13.065+0000] GC(37) PSYoungGen: 465920K->0K(931840K)
[2025-08-01T02:27:13.065+0000] GC(37) ParOldGen: 2445709K->1386586K(2796544K)
[2025-08-01T02:27:13.065+0000] GC(37) Metaspace: 9712K(12544K)->9712K(12544K) NonClass: 8546K(11008K)->8546K(11008K) Class: 1166K(1536K)->1166K(1536K)
[2025-08-01T02:27:13.065+0000] GC(37) Pause Full (Ergonomics) 2843M->1354M(3641M) 308.902ms
[2025-08-01T02:27:13.065+0000] GC(37) User=2.25s Sys=0.00s Real=0.31s
[2025-08-01T02:27:13.160+0000] GC(38) Pause Young (Allocation Failure)
[2025-08-01T02:27:13.306+0000] GC(38) PSYoungGen: 465920K->293344K(931840K)
[2025-08-01T02:27:13.307+0000] GC(38) ParOldGen: 1386586K->1386586K(2796544K)
[2025-08-01T02:27:13.307+0000] GC(38) Metaspace: 9712K(12544K)->9712K(12544K) NonClass: 8546K(11008K)->8546K(11008K) Class: 1166K(1536K)->1166K(1536K)
[2025-08-01T02:27:13.307+0000] GC(38) Pause Young (Allocation Failure) 1809M->1640M(3641M) 146.306ms
[2025-08-01T02:27:13.307+0000] GC(38) User=1.05s Sys=0.08s Real=0.15s
[2025-08-01T02:27:13.402+0000] GC(39) Pause Young (Allocation Failure)
[2025-08-01T02:27:13.607+0000] GC(39) PSYoungGen: 759264K->465920K(931840K)
[2025-08-01T02:27:13.607+0000] GC(39) ParOldGen: 1386586K->1690594K(2796544K)
[2025-08-01T02:27:13.607+0000] GC(39) Metaspace: 9712K(12544K)->9712K(12544K) NonClass: 8546K(11008K)->8546K(11008K) Class: 1166K(1536K)->1166K(1536K)
[2025-08-01T02:27:13.607+0000] GC(39) Pause Young (Allocation Failure) 2095M->2105M(3641M) 205.717ms
[2025-08-01T02:27:13.607+0000] GC(39) User=1.48s Sys=0.16s Real=0.21s
[2025-08-01T02:27:13.698+0000] GC(40) Pause Young (Allocation Failure)
[2025-08-01T02:27:13.879+0000] GC(40) PSYoungGen: 931840K->401696K(931840K)
[2025-08-01T02:27:13.879+0000] GC(40) ParOldGen: 1690594K->2049938K(2796544K)
[2025-08-01T02:27:13.879+0000] GC(40) Metaspace: 9712K(12544K)->9712K(12544K) NonClass: 8546K(11008K)->8546K(11008K) Class: 1166K(1536K)->1166K(1536K)
[2025-08-01T02:27:13.880+0000] GC(40) Pause Young (Allocation Failure) 2560M->2394M(3641M) 181.275ms
[2025-08-01T02:27:13.880+0000] GC(40) User=1.39s Sys=0.00s Real=0.18s
[2025-08-01T02:27:13.971+0000] GC(41) Pause Young (Allocation Failure)
[2025-08-01T02:27:14.202+0000] GC(41) PSYoungGen: 867616K->465920K(931840K)
[2025-08-01T02:27:14.202+0000] GC(41) ParOldGen: 2049938K->2462882K(2796544K)
[2025-08-01T02:27:14.202+0000] GC(41) Metaspace: 9712K(12544K)->9712K(12544K) NonClass: 8546K(11008K)->8546K(11008K) Class: 1166K(1536K)->1166K(1536K)
[2025-08-01T02:27:14.202+0000] GC(41) Pause Young (Allocation Failure) 2849M->2860M(3641M) 230.200ms
[2025-08-01T02:27:14.202+0000] GC(41) User=1.74s Sys=0.07s Real=0.23s
[2025-08-01T02:27:14.202+0000] GC(42) Pause Full (Ergonomics)
[2025-08-01T02:27:14.202+0000] GC(42) Marking Phase
[2025-08-01T02:27:14.306+0000] GC(42) Marking Phase 104.616ms
[2025-08-01T02:27:14.306+0000] GC(42) Summary Phase
[2025-08-01T02:27:14.306+0000] GC(42) Summary Phase 0.096ms
[2025-08-01T02:27:14.306+0000] GC(42) Adjust Roots
[2025-08-01T02:27:14.308+0000] GC(42) Adjust Roots 1.887ms
[2025-08-01T02:27:14.308+0000] GC(42) Compaction Phase
[2025-08-01T02:27:14.549+0000] GC(42) Compaction Phase 240.558ms
[2025-08-01T02:27:14.549+0000] GC(42) Post Compact
[2025-08-01T02:27:14.568+0000] GC(42) Post Compact 18.843ms
[2025-08-01T02:27:14.568+0000] GC(42) PSYoungGen: 465920K->0K(931840K)
[2025-08-01T02:27:14.568+0000] GC(42) ParOldGen: 2462882K->1397392K(2796544K)
[2025-08-01T02:27:14.568+0000] GC(42) Metaspace: 9712K(12544K)->9712K(12544K) NonClass: 8546K(11008K)->8546K(11008K) Class: 1166K(1536K)->1166K(1536K)
[2025-08-01T02:27:14.568+0000] GC(42) Pause Full (Ergonomics) 2860M->1364M(3641M) 366.457ms
[2025-08-01T02:27:14.568+0000] GC(42) User=2.58s Sys=0.16s Real=0.37s
[2025-08-01T02:27:14.710+0000] GC(43) Pause Young (Allocation Failure)
[2025-08-01T02:27:14.823+0000] GC(43) PSYoungGen: 465920K->305984K(931840K)
[2025-08-01T02:27:14.823+0000] GC(43) ParOldGen: 1397392K->1397392K(2796544K)
[2025-08-01T02:27:14.823+0000] GC(43) Metaspace: 9712K(12544K)->9712K(12544K) NonClass: 8546K(11008K)->8546K(11008K) Class: 1166K(1536K)->1166K(1536K)
[2025-08-01T02:27:14.823+0000] GC(43) Pause Young (Allocation Failure) 1819M->1663M(3641M) 113.002ms
[2025-08-01T02:27:14.823+0000] GC(43) User=0.76s Sys=0.09s Real=0.12s
[2025-08-01T02:27:14.914+0000] GC(44) Pause Young (Allocation Failure)
[2025-08-01T02:27:15.102+0000] GC(44) PSYoungGen: 771904K->465920K(931840K)
[2025-08-01T02:27:15.102+0000] GC(44) ParOldGen: 1397392K->1714136K(2796544K)
[2025-08-01T02:27:15.102+0000] GC(44) Metaspace: 9712K(12544K)->9712K(12544K) NonClass: 8546K(11008K)->8546K(11008K) Class: 1166K(1536K)->1166K(1536K)
[2025-08-01T02:27:15.102+0000] GC(44) Pause Young (Allocation Failure) 2118M->2128M(3641M) 188.143ms
[2025-08-01T02:27:15.102+0000] GC(44) User=1.38s Sys=0.11s Real=0.18s
[2025-08-01T02:27:15.193+0000] GC(45) Pause Young (Allocation Failure)
[2025-08-01T02:27:15.338+0000] GC(45) PSYoungGen: 931840K->403168K(931840K)
[2025-08-01T02:27:15.338+0000] GC(45) ParOldGen: 1714136K->2072936K(2796544K)
[2025-08-01T02:27:15.338+0000] GC(45) Metaspace: 9712K(12544K)->9712K(12544K) NonClass: 8546K(11008K)->8546K(11008K) Class: 1166K(1536K)->1166K(1536K)
[2025-08-01T02:27:15.338+0000] GC(45) Pause Young (Allocation Failure) 2583M->2418M(3641M) 145.438ms
[2025-08-01T02:27:15.338+0000] GC(45) User=1.14s Sys=0.00s Real=0.15s
[2025-08-01T02:27:15.433+0000] GC(46) Pause Young (Allocation Failure)
[2025-08-01T02:27:15.641+0000] GC(46) PSYoungGen: 869088K->465920K(931840K)
[2025-08-01T02:27:15.641+0000] GC(46) ParOldGen: 2072936K->2487592K(2796544K)
[2025-08-01T02:27:15.641+0000] GC(46) Metaspace: 9712K(12544K)->9712K(12544K) NonClass: 8546K(11008K)->8546K(11008K) Class: 1166K(1536K)->1166K(1536K)
[2025-08-01T02:27:15.641+0000] GC(46) Pause Young (Allocation Failure) 2873M->2884M(3641M) 208.344ms
[2025-08-01T02:27:15.642+0000] GC(46) User=1.51s Sys=0.12s Real=0.20s
[2025-08-01T02:27:15.642+0000] GC(47) Pause Full (Ergonomics)
[2025-08-01T02:27:15.642+0000] GC(47) Marking Phase
[2025-08-01T02:27:15.729+0000] GC(47) Marking Phase 87.037ms
[2025-08-01T02:27:15.729+0000] GC(47) Summary Phase
[2025-08-01T02:27:15.729+0000] GC(47) Summary Phase 0.097ms
[2025-08-01T02:27:15.729+0000] GC(47) Adjust Roots
[2025-08-01T02:27:15.731+0000] GC(47) Adjust Roots 1.734ms
[2025-08-01T02:27:15.731+0000] GC(47) Compaction Phase
[2025-08-01T02:27:15.958+0000] GC(47) Compaction Phase 227.598ms
[2025-08-01T02:27:15.958+0000] GC(47) Post Compact
[2025-08-01T02:27:15.977+0000] GC(47) Post Compact 18.313ms
[2025-08-01T02:27:15.977+0000] GC(47) PSYoungGen: 465920K->0K(931840K)
[2025-08-01T02:27:15.977+0000] GC(47) ParOldGen: 2487592K->1409639K(2796544K)
[2025-08-01T02:27:15.977+0000] GC(47) Metaspace: 9712K(12544K)->9712K(12544K) NonClass: 8546K(11008K)->8546K(11008K) Class: 1166K(1536K)->1166K(1536K)
[2025-08-01T02:27:15.977+0000] GC(47) Pause Full (Ergonomics) 2884M->1376M(3641M) 335.178ms
[2025-08-01T02:27:15.977+0000] GC(47) User=2.42s Sys=0.03s Real=0.34s
[2025-08-01T02:27:16.123+0000] GC(48) Pause Young (Allocation Failure)
[2025-08-01T02:27:16.288+0000] GC(48) PSYoungGen: 465920K->328352K(931840K)
[2025-08-01T02:27:16.288+0000] GC(48) ParOldGen: 1409639K->1409639K(2796544K)
[2025-08-01T02:27:16.288+0000] GC(48) Metaspace: 9712K(12544K)->9712K(12544K) NonClass: 8546K(11008K)->8546K(11008K) Class: 1166K(1536K)->1166K(1536K)
[2025-08-01T02:27:16.288+0000] GC(48) Pause Young (Allocation Failure) 1831M->1697M(3641M) 164.857ms
[2025-08-01T02:27:16.288+0000] GC(48) User=1.20s Sys=0.08s Real=0.16s
[2025-08-01T02:27:16.390+0000] GC(49) Pause Young (Allocation Failure)
[2025-08-01T02:27:16.582+0000] GC(49) PSYoungGen: 794272K->465920K(931840K)
[2025-08-01T02:27:16.582+0000] GC(49) ParOldGen: 1409639K->1746943K(2796544K)
[2025-08-01T02:27:16.582+0000] GC(49) Metaspace: 9712K(12544K)->9712K(12544K) NonClass: 8546K(11008K)->8546K(11008K) Class: 1166K(1536K)->1166K(1536K)
[2025-08-01T02:27:16.582+0000] GC(49) Pause Young (Allocation Failure) 2152M->2160M(3641M) 192.179ms
[2025-08-01T02:27:16.582+0000] GC(49) User=1.40s Sys=0.10s Real=0.19s
[2025-08-01T02:27:16.668+0000] GC(50) Pause Young (Allocation Failure)
[2025-08-01T02:27:16.810+0000] GC(50) PSYoungGen: 931840K->393184K(931840K)
[2025-08-01T02:27:16.810+0000] GC(50) ParOldGen: 1746943K->2114191K(2796544K)
[2025-08-01T02:27:16.810+0000] GC(50) Metaspace: 9712K(12544K)->9712K(12544K) NonClass: 8546K(11008K)->8546K(11008K) Class: 1166K(1536K)->1166K(1536K)
[2025-08-01T02:27:16.810+0000] GC(50) Pause Young (Allocation Failure) 2615M->2448M(3641M) 141.331ms
[2025-08-01T02:27:16.810+0000] GC(50) User=1.10s Sys=0.01s Real=0.14s
[2025-08-01T02:27:16.899+0000] GC(51) Pause Young (Allocation Failure)
[2025-08-01T02:27:17.071+0000] GC(51) PSYoungGen: 859104K->377472K(931840K)
[2025-08-01T02:27:17.071+0000] GC(51) ParOldGen: 2114191K->2381135K(2796544K)
[2025-08-01T02:27:17.071+0000] GC(51) Metaspace: 9712K(12544K)->9712K(12544K) NonClass: 8546K(11008K)->8546K(11008K) Class: 1166K(1536K)->1166K(1536K)
[2025-08-01T02:27:17.071+0000] GC(51) Pause Young (Allocation Failure) 2903M->2693M(3641M) 172.587ms
[2025-08-01T02:27:17.071+0000] GC(51) User=1.19s Sys=0.10s Real=0.17s
[2025-08-01T02:27:17.071+0000] GC(52) Pause Full (Ergonomics)
[2025-08-01T02:27:17.071+0000] GC(52) Marking Phase
[2025-08-01T02:27:17.123+0000] GC(52) Marking Phase 51.429ms
[2025-08-01T02:27:17.123+0000] GC(52) Summary Phase
[2025-08-01T02:27:17.123+0000] GC(52) Summary Phase 0.118ms
[2025-08-01T02:27:17.123+0000] GC(52) Adjust Roots
[2025-08-01T02:27:17.125+0000] GC(52) Adjust Roots 1.676ms
[2025-08-01T02:27:17.125+0000] GC(52) Compaction Phase
[2025-08-01T02:27:17.286+0000] GC(52) Compaction Phase 161.568ms
[2025-08-01T02:27:17.286+0000] GC(52) Post Compact
[2025-08-01T02:27:17.305+0000] GC(52) Post Compact 18.672ms
[2025-08-01T02:27:17.305+0000] GC(52) PSYoungGen: 377472K->0K(931840K)
[2025-08-01T02:27:17.305+0000] GC(52) ParOldGen: 2381135K->955650K(2796544K)
[2025-08-01T02:27:17.305+0000] GC(52) Metaspace: 9712K(12544K)->9712K(12544K) NonClass: 8546K(11008K)->8546K(11008K) Class: 1166K(1536K)->1166K(1536K)
[2025-08-01T02:27:17.305+0000] GC(52) Pause Full (Ergonomics) 2693M->933M(3641M) 233.951ms
[2025-08-01T02:27:17.305+0000] GC(52) User=1.68s Sys=0.00s Real=0.24s
[2025-08-01T02:27:17.392+0000] GC(53) Pause Young (Allocation Failure)
[2025-08-01T02:27:17.465+0000] GC(53) PSYoungGen: 465920K->319712K(931840K)
[2025-08-01T02:27:17.465+0000] GC(53) ParOldGen: 955650K->955650K(2796544K)
[2025-08-01T02:27:17.465+0000] GC(53) Metaspace: 9712K(12544K)->9712K(12544K) NonClass: 8546K(11008K)->8546K(11008K) Class: 1166K(1536K)->1166K(1536K)
[2025-08-01T02:27:17.465+0000] GC(53) Pause Young (Allocation Failure) 1388M->1245M(3641M) 72.761ms
[2025-08-01T02:27:17.465+0000] GC(53) User=0.56s Sys=0.00s Real=0.08s
[2025-08-01T02:27:17.551+0000] GC(54) Pause Young (Allocation Failure)
[2025-08-01T02:27:17.744+0000] GC(54) PSYoungGen: 785632K->465920K(931840K)
[2025-08-01T02:27:17.744+0000] GC(54) ParOldGen: 955650K->1286250K(2796544K)
[2025-08-01T02:27:17.744+0000] GC(54) Metaspace: 9712K(12544K)->9712K(12544K) NonClass: 8546K(11008K)->8546K(11008K) Class: 1166K(1536K)->1166K(1536K)
[2025-08-01T02:27:17.744+0000] GC(54) Pause Young (Allocation Failure) 1700M->1711M(3641M) 193.095ms
[2025-08-01T02:27:17.744+0000] GC(54) User=1.41s Sys=0.08s Real=0.20s
[2025-08-01T02:27:17.830+0000] GC(55) Pause Young (Allocation Failure)
[2025-08-01T02:27:17.965+0000] GC(55) PSYoungGen: 931840K->366144K(931840K)
[2025-08-01T02:27:17.965+0000] GC(55) ParOldGen: 1286250K->1648770K(2796544K)
[2025-08-01T02:27:17.965+0000] GC(55) Metaspace: 9712K(12544K)->9712K(12544K) NonClass: 8546K(11008K)->8546K(11008K) Class: 1166K(1536K)->1166K(1536K)
[2025-08-01T02:27:17.965+0000] GC(55) Pause Young (Allocation Failure) 2166M->1967M(3641M) 134.804ms
[2025-08-01T02:27:17.965+0000] GC(55) User=1.05s Sys=0.01s Real=0.14s
[2025-08-01T02:27:18.050+0000] GC(56) Pause Young (Allocation Failure)
[2025-08-01T02:27:18.188+0000] GC(56) PSYoungGen: 832064K->377888K(931840K)
[2025-08-01T02:27:18.188+0000] GC(56) ParOldGen: 1648770K->1915298K(2796544K)
[2025-08-01T02:27:18.188+0000] GC(56) Metaspace: 9712K(12544K)->9712K(12544K) NonClass: 8546K(11008K)->8546K(11008K) Class: 1166K(1536K)->1166K(1536K)
[2025-08-01T02:27:18.188+0000] GC(56) Pause Young (Allocation Failure) 2422M->2239M(3641M) 138.809ms
[2025-08-01T02:27:18.188+0000] GC(56) User=1.09s Sys=0.00s Real=0.14s
[2025-08-01T02:27:18.273+0000] GC(57) Pause Young (Allocation Failure)
[2025-08-01T02:27:18.430+0000] GC(57) PSYoungGen: 843808K->353088K(931840K)
[2025-08-01T02:27:18.430+0000] GC(57) ParOldGen: 1915298K->2066882K(2796544K)
[2025-08-01T02:27:18.430+0000] GC(57) Metaspace: 9712K(12544K)->9712K(12544K) NonClass: 8546K(11008K)->8546K(11008K) Class: 1166K(1536K)->1166K(1536K)
[2025-08-01T02:27:18.430+0000] GC(57) Pause Young (Allocation Failure) 2694M->2363M(3641M) 156.655ms
[2025-08-01T02:27:18.430+0000] GC(57) User=1.15s Sys=0.07s Real=0.15s
[2025-08-01T02:27:18.514+0000] GC(58) Pause Young (Allocation Failure)
[2025-08-01T02:27:18.723+0000] GC(58) PSYoungGen: 819008K->465920K(931840K)
[2025-08-01T02:27:18.723+0000] GC(58) ParOldGen: 2066882K->2429578K(2796544K)
[2025-08-01T02:27:18.723+0000] GC(58) Metaspace: 9712K(12544K)->9712K(12544K) NonClass: 8546K(11008K)->8546K(11008K) Class: 1166K(1536K)->1166K(1536K)
[2025-08-01T02:27:18.723+0000] GC(58) Pause Young (Allocation Failure) 2818M->2827M(3641M) 208.657ms
[2025-08-01T02:27:18.723+0000] GC(58) User=1.55s Sys=0.09s Real=0.21s
[2025-08-01T02:27:18.723+0000] GC(59) Pause Full (Ergonomics)
[2025-08-01T02:27:18.723+0000] GC(59) Marking Phase
[2025-08-01T02:27:18.773+0000] GC(59) Marking Phase 49.824ms
[2025-08-01T02:27:18.773+0000] GC(59) Summary Phase
[2025-08-01T02:27:18.773+0000] GC(59) Summary Phase 0.087ms
[2025-08-01T02:27:18.773+0000] GC(59) Adjust Roots
[2025-08-01T02:27:18.775+0000] GC(59) Adjust Roots 1.713ms
[2025-08-01T02:27:18.775+0000] GC(59) Compaction Phase
[2025-08-01T02:27:18.937+0000] GC(59) Compaction Phase 162.115ms
[2025-08-01T02:27:18.937+0000] GC(59) Post Compact
[2025-08-01T02:27:18.957+0000] GC(59) Post Compact 19.528ms
[2025-08-01T02:27:18.957+0000] GC(59) PSYoungGen: 465920K->0K(931840K)
[2025-08-01T02:27:18.957+0000] GC(59) ParOldGen: 2429578K->966983K(2796544K)
[2025-08-01T02:27:18.957+0000] GC(59) Metaspace: 9712K(12544K)->9712K(12544K) NonClass: 8546K(11008K)->8546K(11008K) Class: 1166K(1536K)->1166K(1536K)
[2025-08-01T02:27:18.957+0000] GC(59) Pause Full (Ergonomics) 2827M->944M(3641M) 233.642ms
[2025-08-01T02:27:18.957+0000] GC(59) User=1.67s Sys=0.00s Real=0.23s
[2025-08-01T02:27:19.044+0000] GC(60) Pause Young (Allocation Failure)
[2025-08-01T02:27:19.188+0000] GC(60) PSYoungGen: 465920K->465920K(931840K)
[2025-08-01T02:27:19.188+0000] GC(60) ParOldGen: 966983K->972895K(2796544K)
[2025-08-01T02:27:19.188+0000] GC(60) Metaspace: 9712K(12544K)->9712K(12544K) NonClass: 8546K(11008K)->8546K(11008K) Class: 1166K(1536K)->1166K(1536K)
[2025-08-01T02:27:19.188+0000] GC(60) Pause Young (Allocation Failure) 1399M->1405M(3641M) 143.801ms
[2025-08-01T02:27:19.188+0000] GC(60) User=1.03s Sys=0.04s Real=0.14s
[2025-08-01T02:27:19.272+0000] GC(61) Pause Young (Allocation Failure)
[2025-08-01T02:27:19.367+0000] GC(61) PSYoungGen: 931840K->240800K(931840K)
[2025-08-01T02:27:19.367+0000] GC(61) ParOldGen: 972895K->1095687K(2796544K)
[2025-08-01T02:27:19.368+0000] GC(61) Metaspace: 9712K(12544K)->9712K(12544K) NonClass: 8546K(11008K)->8546K(11008K) Class: 1166K(1536K)->1166K(1536K)
[2025-08-01T02:27:19.368+0000] GC(61) Pause Young (Allocation Failure) 1860M->1305M(3641M) 95.098ms
[2025-08-01T02:27:19.368+0000] GC(61) User=0.70s Sys=0.05s Real=0.10s
[2025-08-01T02:27:19.454+0000] GC(62) Pause Young (Allocation Failure)
[2025-08-01T02:27:19.603+0000] GC(62) PSYoungGen: 706720K->377024K(931840K)
[2025-08-01T02:27:19.604+0000] GC(62) ParOldGen: 1095687K->1231071K(2796544K)
[2025-08-01T02:27:19.604+0000] GC(62) Metaspace: 9712K(12544K)->9712K(12544K) NonClass: 8546K(11008K)->8546K(11008K) Class: 1166K(1536K)->1166K(1536K)
[2025-08-01T02:27:19.604+0000] GC(62) Pause Young (Allocation Failure) 1760M->1570M(3641M) 149.338ms
[2025-08-01T02:27:19.604+0000] GC(62) User=1.11s Sys=0.05s Real=0.15s
[2025-08-01T02:27:19.688+0000] GC(63) Pause Young (Allocation Failure)
[2025-08-01T02:27:19.848+0000] GC(63) PSYoungGen: 842944K->465920K(931840K)
[2025-08-01T02:27:19.848+0000] GC(63) ParOldGen: 1231071K->1616327K(2796544K)
[2025-08-01T02:27:19.848+0000] GC(63) Metaspace: 9712K(12544K)->9712K(12544K) NonClass: 8546K(11008K)->8546K(11008K) Class: 1166K(1536K)->1166K(1536K)
[2025-08-01T02:27:19.848+0000] GC(63) Pause Young (Allocation Failure) 2025M->2033M(3641M) 160.279ms
[2025-08-01T02:27:19.848+0000] GC(63) User=1.27s Sys=0.00s Real=0.16s
[2025-08-01T02:27:19.932+0000] GC(64) Pause Young (Allocation Failure)
[2025-08-01T02:27:20.119+0000] GC(64) PSYoungGen: 931840K->465920K(931840K)
[2025-08-01T02:27:20.119+0000] GC(64) ParOldGen: 1616327K->2093063K(2796544K)
[2025-08-01T02:27:20.119+0000] GC(64) Metaspace: 9712K(12544K)->9712K(12544K) NonClass: 8546K(11008K)->8546K(11008K) Class: 1166K(1536K)->1166K(1536K)
[2025-08-01T02:27:20.119+0000] GC(64) Pause Young (Allocation Failure) 2488M->2499M(3641M) 186.580ms
[2025-08-01T02:27:20.119+0000] GC(64) User=1.44s Sys=0.04s Real=0.19s
[2025-08-01T02:27:20.207+0000] GC(65) Pause Young (Allocation Failure)
[2025-08-01T02:27:20.286+0000] GC(65) PSYoungGen: 931840K->247904K(931840K)
[2025-08-01T02:27:20.286+0000] GC(65) ParOldGen: 2093063K->2215263K(2796544K)
[2025-08-01T02:27:20.286+0000] GC(65) Metaspace: 9712K(12544K)->9712K(12544K) NonClass: 8546K(11008K)->8546K(11008K) Class: 1166K(1536K)->1166K(1536K)
[2025-08-01T02:27:20.286+0000] GC(65) Pause Young (Allocation Failure) 2954M->2405M(3641M) 78.704ms
[2025-08-01T02:27:20.286+0000] GC(65) User=0.61s Sys=0.00s Real=0.08s
[2025-08-01T02:27:20.286+0000] GC(66) Pause Full (Ergonomics)
[2025-08-01T02:27:20.286+0000] GC(66) Marking Phase
[2025-08-01T02:27:20.324+0000] GC(66) Marking Phase 37.841ms
[2025-08-01T02:27:20.324+0000] GC(66) Summary Phase
[2025-08-01T02:27:20.324+0000] GC(66) Summary Phase 0.095ms
[2025-08-01T02:27:20.324+0000] GC(66) Adjust Roots
[2025-08-01T02:27:20.326+0000] GC(66) Adjust Roots 1.939ms
[2025-08-01T02:27:20.326+0000] GC(66) Compaction Phase
[2025-08-01T02:27:20.411+0000] GC(66) Compaction Phase 85.108ms
[2025-08-01T02:27:20.411+0000] GC(66) Post Compact
[2025-08-01T02:27:20.427+0000] GC(66) Post Compact 15.898ms
[2025-08-01T02:27:20.427+0000] GC(66) PSYoungGen: 247904K->0K(931840K)
[2025-08-01T02:27:20.427+0000] GC(66) ParOldGen: 2215263K->513516K(2787840K)
[2025-08-01T02:27:20.427+0000] GC(66) Metaspace: 9712K(12544K)->9712K(12544K) NonClass: 8546K(11008K)->8546K(11008K) Class: 1166K(1536K)->1166K(1536K)
[2025-08-01T02:27:20.427+0000] GC(66) Pause Full (Ergonomics) 2405M->501M(3632M) 141.416ms
[2025-08-01T02:27:20.427+0000] GC(66) User=0.95s Sys=0.01s Real=0.14s
[2025-08-01T02:27:20.510+0000] GC(67) Pause Young (Allocation Failure)
[2025-08-01T02:27:20.656+0000] GC(67) PSYoungGen: 465920K->378080K(931840K)
[2025-08-01T02:27:20.656+0000] GC(67) ParOldGen: 513516K->513516K(2787840K)
[2025-08-01T02:27:20.656+0000] GC(67) Metaspace: 9712K(12544K)->9712K(12544K) NonClass: 8546K(11008K)->8546K(11008K) Class: 1166K(1536K)->1166K(1536K)
[2025-08-01T02:27:20.656+0000] GC(67) Pause Young (Allocation Failure) 956M->870M(3632M) 145.936ms
[2025-08-01T02:27:20.656+0000] GC(67) User=1.09s Sys=0.06s Real=0.15s
[2025-08-01T02:27:20.746+0000] GC(68) Pause Young (Allocation Failure)
[2025-08-01T02:27:20.933+0000] GC(68) PSYoungGen: 844000K->465920K(931840K)
[2025-08-01T02:27:20.933+0000] GC(68) ParOldGen: 513516K->900716K(2787840K)
[2025-08-01T02:27:20.933+0000] GC(68) Metaspace: 9712K(12544K)->9712K(12544K) NonClass: 8546K(11008K)->8546K(11008K) Class: 1166K(1536K)->1166K(1536K)
[2025-08-01T02:27:20.933+0000] GC(68) Pause Young (Allocation Failure) 1325M->1334M(3632M) 186.908ms
[2025-08-01T02:27:20.933+0000] GC(68) User=1.41s Sys=0.05s Real=0.19s
[2025-08-01T02:27:21.017+0000] GC(69) Pause Young (Allocation Failure)
[2025-08-01T02:27:21.204+0000] GC(69) PSYoungGen: 931840K->465920K(931840K)
[2025-08-01T02:27:21.204+0000] GC(69) ParOldGen: 900716K->1375412K(2787840K)
[2025-08-01T02:27:21.204+0000] GC(69) Metaspace: 9712K(12544K)->9712K(12544K) NonClass: 8546K(11008K)->8546K(11008K) Class: 1166K(1536K)->1166K(1536K)
[2025-08-01T02:27:21.204+0000] GC(69) Pause Young (Allocation Failure) 1789M->1798M(3632M) 186.596ms
[2025-08-01T02:27:21.204+0000] GC(69) User=1.40s Sys=0.05s Real=0.19s
[2025-08-01T02:27:21.294+0000] GC(70) Pause Young (Allocation Failure)
[2025-08-01T02:27:21.411+0000] GC(70) PSYoungGen: 931840K->238016K(931840K)
[2025-08-01T02:27:21.411+0000] GC(70) ParOldGen: 1375412K->1492452K(2787840K)
[2025-08-01T02:27:21.411+0000] GC(70) Metaspace: 9712K(12544K)->9712K(12544K) NonClass: 8546K(11008K)->8546K(11008K) Class: 1166K(1536K)->1166K(1536K)
[2025-08-01T02:27:21.411+0000] GC(70) Pause Young (Allocation Failure) 2253M->1689M(3632M) 116.365ms
[2025-08-01T02:27:21.411+0000] GC(70) User=0.86s Sys=0.05s Real=0.11s
[2025-08-01T02:27:21.505+0000] GC(71) Pause Young (Allocation Failure)
[2025-08-01T02:27:21.681+0000] GC(71) PSYoungGen: 703936K->411552K(931840K)
[2025-08-01T02:27:21.681+0000] GC(71) ParOldGen: 1492452K->1604700K(2787840K)
[2025-08-01T02:27:21.681+0000] GC(71) Metaspace: 9712K(12544K)->9712K(12544K) NonClass: 8546K(11008K)->8546K(11008K) Class: 1166K(1536K)->1166K(1536K)
[2025-08-01T02:27:21.681+0000] GC(71) Pause Young (Allocation Failure) 2144M->1968M(3632M) 175.595ms
[2025-08-01T02:27:21.681+0000] GC(71) User=1.29s Sys=0.09s Real=0.17s
[2025-08-01T02:27:21.773+0000] GC(72) Pause Young (Allocation Failure)
[2025-08-01T02:27:21.983+0000] GC(72) PSYoungGen: 877472K->465920K(931840K)
[2025-08-01T02:27:21.983+0000] GC(72) ParOldGen: 1604700K->2028068K(2787840K)
[2025-08-01T02:27:21.983+0000] GC(72) Metaspace: 9712K(12544K)->9712K(12544K) NonClass: 8546K(11008K)->8546K(11008K) Class: 1166K(1536K)->1166K(1536K)
[2025-08-01T02:27:21.983+0000] GC(72) Pause Young (Allocation Failure) 2423M->2435M(3632M) 209.834ms
[2025-08-01T02:27:21.983+0000] GC(72) User=1.63s Sys=0.03s Real=0.21s
[2025-08-01T02:27:22.068+0000] GC(73) Pause Young (Allocation Failure)
[2025-08-01T02:27:22.361+0000] GC(73) PSYoungGen: 931840K->465920K(931840K)
[2025-08-01T02:27:22.361+0000] GC(73) ParOldGen: 2028068K->2504428K(2787840K)
[2025-08-01T02:27:22.361+0000] GC(73) Metaspace: 9712K(12544K)->9712K(12544K) NonClass: 8546K(11008K)->8546K(11008K) Class: 1166K(1536K)->1166K(1536K)
[2025-08-01T02:27:22.361+0000] GC(73) Pause Young (Allocation Failure) 2890M->2900M(3632M) 293.640ms
[2025-08-01T02:27:22.361+0000] GC(73) User=2.08s Sys=0.16s Real=0.29s
[2025-08-01T02:27:22.361+0000] GC(74) Pause Full (Ergonomics)
[2025-08-01T02:27:22.361+0000] GC(74) Marking Phase
[2025-08-01T02:27:22.438+0000] GC(74) Marking Phase 76.286ms
[2025-08-01T02:27:22.438+0000] GC(74) Summary Phase
[2025-08-01T02:27:22.438+0000] GC(74) Summary Phase 0.113ms
[2025-08-01T02:27:22.438+0000] GC(74) Adjust Roots
[2025-08-01T02:27:22.440+0000] GC(74) Adjust Roots 1.886ms
[2025-08-01T02:27:22.440+0000] GC(74) Compaction Phase
[2025-08-01T02:27:22.693+0000] GC(74) Compaction Phase 252.697ms
[2025-08-01T02:27:22.693+0000] GC(74) Post Compact
[2025-08-01T02:27:22.712+0000] GC(74) Post Compact 19.770ms
[2025-08-01T02:27:22.713+0000] GC(74) PSYoungGen: 465920K->0K(931840K)
[2025-08-01T02:27:22.713+0000] GC(74) ParOldGen: 2504428K->1449031K(2796544K)
[2025-08-01T02:27:22.713+0000] GC(74) Metaspace: 9712K(12544K)->9712K(12544K) NonClass: 8546K(11008K)->8546K(11008K) Class: 1166K(1536K)->1166K(1536K)
[2025-08-01T02:27:22.713+0000] GC(74) Pause Full (Ergonomics) 2900M->1415M(3641M) 351.371ms
[2025-08-01T02:27:22.713+0000] GC(74) User=2.60s Sys=0.01s Real=0.36s
[2025-08-01T02:27:22.803+0000] GC(75) Pause Young (Allocation Failure)
[2025-08-01T02:27:22.887+0000] GC(75) PSYoungGen: 465920K->247200K(931840K)
[2025-08-01T02:27:22.888+0000] GC(75) ParOldGen: 1449031K->1449031K(2796544K)
[2025-08-01T02:27:22.888+0000] GC(75) Metaspace: 9712K(12544K)->9712K(12544K) NonClass: 8546K(11008K)->8546K(11008K) Class: 1166K(1536K)->1166K(1536K)
[2025-08-01T02:27:22.888+0000] GC(75) Pause Young (Allocation Failure) 1870M->1656M(3641M) 84.942ms
[2025-08-01T02:27:22.888+0000] GC(75) User=0.63s Sys=0.02s Real=0.09s
[2025-08-01T02:27:22.985+0000] GC(76) Pause Young (Allocation Failure)
[2025-08-01T02:27:23.151+0000] GC(76) PSYoungGen: 713120K->402272K(931840K)
[2025-08-01T02:27:23.151+0000] GC(76) ParOldGen: 1449031K->1579639K(2796544K)
[2025-08-01T02:27:23.151+0000] GC(76) Metaspace: 9712K(12544K)->9712K(12544K) NonClass: 8546K(11008K)->8546K(11008K) Class: 1166K(1536K)->1166K(1536K)
[2025-08-01T02:27:23.151+0000] GC(76) Pause Young (Allocation Failure) 2111M->1935M(3641M) 166.346ms
[2025-08-01T02:27:23.151+0000] GC(76) User=1.22s Sys=0.07s Real=0.16s
[2025-08-01T02:27:23.240+0000] GC(77) Pause Young (Allocation Failure)
[2025-08-01T02:27:23.450+0000] GC(77) PSYoungGen: 868192K->465920K(931840K)
[2025-08-01T02:27:23.450+0000] GC(77) ParOldGen: 1579639K->1993551K(2796544K)
[2025-08-01T02:27:23.450+0000] GC(77) Metaspace: 9712K(12544K)->9712K(12544K) NonClass: 8546K(11008K)->8546K(11008K) Class: 1166K(1536K)->1166K(1536K)
[2025-08-01T02:27:23.450+0000] GC(77) Pause Young (Allocation Failure) 2390M->2401M(3641M) 209.339ms
[2025-08-01T02:27:23.450+0000] GC(77) User=1.52s Sys=0.10s Real=0.21s
[2025-08-01T02:27:23.541+0000] GC(78) Pause Young (Allocation Failure)
[2025-08-01T02:27:23.793+0000] GC(78) PSYoungGen: 931840K->465920K(931840K)
[2025-08-01T02:27:23.793+0000] GC(78) ParOldGen: 1993551K->2473255K(2796544K)
[2025-08-01T02:27:23.793+0000] GC(78) Metaspace: 9712K(12544K)->9712K(12544K) NonClass: 8546K(11008K)->8546K(11008K) Class: 1166K(1536K)->1166K(1536K)
[2025-08-01T02:27:23.793+0000] GC(78) Pause Young (Allocation Failure) 2856M->2870M(3641M) 252.291ms
[2025-08-01T02:27:23.793+0000] GC(78) User=1.90s Sys=0.08s Real=0.26s
[2025-08-01T02:27:23.793+0000] GC(79) Pause Full (Ergonomics)
[2025-08-01T02:27:23.793+0000] GC(79) Marking Phase
[2025-08-01T02:27:23.868+0000] GC(79) Marking Phase 75.359ms
[2025-08-01T02:27:23.869+0000] GC(79) Summary Phase
[2025-08-01T02:27:23.869+0000] GC(79) Summary Phase 0.089ms
[2025-08-01T02:27:23.869+0000] GC(79) Adjust Roots
[2025-08-01T02:27:23.870+0000] GC(79) Adjust Roots 1.663ms
[2025-08-01T02:27:23.870+0000] GC(79) Compaction Phase
[2025-08-01T02:27:24.096+0000] GC(79) Compaction Phase 225.596ms
[2025-08-01T02:27:24.096+0000] GC(79) Post Compact
[2025-08-01T02:27:24.115+0000] GC(79) Post Compact 18.827ms
[2025-08-01T02:27:24.115+0000] GC(79) PSYoungGen: 465920K->0K(931840K)
[2025-08-01T02:27:24.115+0000] GC(79) ParOldGen: 2473255K->1459983K(2796544K)
[2025-08-01T02:27:24.115+0000] GC(79) Metaspace: 9712K(12544K)->9712K(12544K) NonClass: 8546K(11008K)->8546K(11008K) Class: 1166K(1536K)->1166K(1536K)
[2025-08-01T02:27:24.115+0000] GC(79) Pause Full (Ergonomics) 2870M->1425M(3641M) 321.881ms
[2025-08-01T02:27:24.115+0000] GC(79) User=2.39s Sys=0.00s Real=0.32s
[2025-08-01T02:27:24.211+0000] GC(80) Pause Young (Allocation Failure)
[2025-08-01T02:27:24.306+0000] GC(80) PSYoungGen: 465920K->258048K(931840K)
[2025-08-01T02:27:24.306+0000] GC(80) ParOldGen: 1459983K->1459983K(2796544K)
[2025-08-01T02:27:24.306+0000] GC(80) Metaspace: 9712K(12544K)->9712K(12544K) NonClass: 8546K(11008K)->8546K(11008K) Class: 1166K(1536K)->1166K(1536K)
[2025-08-01T02:27:24.306+0000] GC(80) Pause Young (Allocation Failure) 1880M->1677M(3641M) 95.386ms
[2025-08-01T02:27:24.306+0000] GC(80) User=0.67s Sys=0.05s Real=0.10s
[2025-08-01T02:27:24.398+0000] GC(81) Pause Young (Allocation Failure)
[2025-08-01T02:27:24.539+0000] GC(81) PSYoungGen: 723968K->378336K(931840K)
[2025-08-01T02:27:24.539+0000] GC(81) ParOldGen: 1459983K->1621823K(2796544K)
[2025-08-01T02:27:24.539+0000] GC(81) Metaspace: 9712K(12544K)->9712K(12544K) NonClass: 8546K(11008K)->8546K(11008K) Class: 1166K(1536K)->1166K(1536K)
[2025-08-01T02:27:24.539+0000] GC(81) Pause Young (Allocation Failure) 2132M->1953M(3641M) 141.811ms
[2025-08-01T02:27:24.540+0000] GC(81) User=0.96s Sys=0.08s Real=0.14s
[2025-08-01T02:27:24.647+0000] GC(82) Pause Young (Allocation Failure)
[2025-08-01T02:27:24.821+0000] GC(82) PSYoungGen: 844256K->465920K(931840K)
[2025-08-01T02:27:24.822+0000] GC(82) ParOldGen: 1621823K->2009159K(2796544K)
[2025-08-01T02:27:24.822+0000] GC(82) Metaspace: 9712K(12544K)->9712K(12544K) NonClass: 8546K(11008K)->8546K(11008K) Class: 1166K(1536K)->1166K(1536K)
[2025-08-01T02:27:24.822+0000] GC(82) Pause Young (Allocation Failure) 2408M->2417M(3641M) 174.394ms
[2025-08-01T02:27:24.822+0000] GC(82) User=1.35s Sys=0.02s Real=0.17s
[2025-08-01T02:27:24.913+0000] GC(83) Pause Young (Allocation Failure)
[2025-08-01T02:27:25.139+0000] GC(83) PSYoungGen: 931840K->465920K(931840K)
[2025-08-01T02:27:25.139+0000] GC(83) ParOldGen: 2009159K->2485255K(2796544K)
[2025-08-01T02:27:25.139+0000] GC(83) Metaspace: 9712K(12544K)->9712K(12544K) NonClass: 8546K(11008K)->8546K(11008K) Class: 1166K(1536K)->1166K(1536K)
[2025-08-01T02:27:25.139+0000] GC(83) Pause Young (Allocation Failure) 2872M->2882M(3641M) 226.418ms
[2025-08-01T02:27:25.140+0000] GC(83) User=1.70s Sys=0.08s Real=0.22s
[2025-08-01T02:27:25.140+0000] GC(84) Pause Full (Ergonomics)
[2025-08-01T02:27:25.140+0000] GC(84) Marking Phase
[2025-08-01T02:27:25.227+0000] GC(84) Marking Phase 87.038ms
[2025-08-01T02:27:25.227+0000] GC(84) Summary Phase
[2025-08-01T02:27:25.227+0000] GC(84) Summary Phase 0.100ms
[2025-08-01T02:27:25.227+0000] GC(84) Adjust Roots
[2025-08-01T02:27:25.229+0000] GC(84) Adjust Roots 1.824ms
[2025-08-01T02:27:25.229+0000] GC(84) Compaction Phase
[2025-08-01T02:27:25.500+0000] GC(84) Compaction Phase 271.476ms
[2025-08-01T02:27:25.500+0000] GC(84) Post Compact
[2025-08-01T02:27:25.520+0000] GC(84) Post Compact 19.225ms
[2025-08-01T02:27:25.520+0000] GC(84) PSYoungGen: 465920K->0K(931840K)
[2025-08-01T02:27:25.520+0000] GC(84) ParOldGen: 2485255K->1465507K(2796544K)
[2025-08-01T02:27:25.520+0000] GC(84) Metaspace: 9712K(12544K)->9712K(12544K) NonClass: 8546K(11008K)->8546K(11008K) Class: 1166K(1536K)->1166K(1536K)
[2025-08-01T02:27:25.520+0000] GC(84) Pause Full (Ergonomics) 2882M->1431M(3641M) 380.109ms
[2025-08-01T02:27:25.520+0000] GC(84) User=2.77s Sys=0.07s Real=0.38s
[2025-08-01T02:27:25.614+0000] GC(85) Pause Young (Allocation Failure)
[2025-08-01T02:27:25.699+0000] GC(85) PSYoungGen: 465920K->399136K(931840K)
[2025-08-01T02:27:25.699+0000] GC(85) ParOldGen: 1465507K->1465507K(2796544K)
[2025-08-01T02:27:25.699+0000] GC(85) Metaspace: 9712K(12544K)->9712K(12544K) NonClass: 8546K(11008K)->8546K(11008K) Class: 1166K(1536K)->1166K(1536K)
[2025-08-01T02:27:25.699+0000] GC(85) Pause Young (Allocation Failure) 1886M->1820M(3641M) 85.277ms
[2025-08-01T02:27:25.699+0000] GC(85) User=0.63s Sys=0.00s Real=0.08s
[2025-08-01T02:27:25.788+0000] GC(86) Pause Young (Allocation Failure)
[2025-08-01T02:27:25.882+0000] GC(86) PSYoungGen: 865056K->376000K(931840K)
[2025-08-01T02:27:25.882+0000] GC(86) ParOldGen: 1465507K->1635763K(2796544K)
[2025-08-01T02:27:25.882+0000] GC(86) Metaspace: 9712K(12544K)->9712K(12544K) NonClass: 8546K(11008K)->8546K(11008K) Class: 1166K(1536K)->1166K(1536K)
[2025-08-01T02:27:25.882+0000] GC(86) Pause Young (Allocation Failure) 2275M->1964M(3641M) 93.522ms
[2025-08-01T02:27:25.882+0000] GC(86) User=0.73s Sys=0.00s Real=0.09s
[2025-08-01T02:27:25.969+0000] GC(87) Pause Young (Allocation Failure)
[2025-08-01T02:27:26.131+0000] GC(87) PSYoungGen: 841920K->465920K(931840K)
[2025-08-01T02:27:26.131+0000] GC(87) ParOldGen: 1635763K->2020155K(2796544K)
[2025-08-01T02:27:26.131+0000] GC(87) Metaspace: 9712K(12544K)->9712K(12544K) NonClass: 8546K(11008K)->8546K(11008K) Class: 1166K(1536K)->1166K(1536K)
[2025-08-01T02:27:26.131+0000] GC(87) Pause Young (Allocation Failure) 2419M->2427M(3641M) 161.984ms
[2025-08-01T02:27:26.131+0000] GC(87) User=1.28s Sys=0.00s Real=0.16s
[2025-08-01T02:27:26.219+0000] GC(88) Pause Young (Allocation Failure)
[2025-08-01T02:27:26.404+0000] GC(88) PSYoungGen: 931840K->465920K(931840K)
[2025-08-01T02:27:26.404+0000] GC(88) ParOldGen: 2020155K->2495219K(2796544K)
[2025-08-01T02:27:26.404+0000] GC(88) Metaspace: 9712K(12544K)->9712K(12544K) NonClass: 8546K(11008K)->8546K(11008K) Class: 1166K(1536K)->1166K(1536K)
[2025-08-01T02:27:26.404+0000] GC(88) Pause Young (Allocation Failure) 2882M->2891M(3641M) 184.819ms
[2025-08-01T02:27:26.404+0000] GC(88) User=1.46s Sys=0.00s Real=0.19s
[2025-08-01T02:27:26.404+0000] GC(89) Pause Full (Ergonomics)
[2025-08-01T02:27:26.404+0000] GC(89) Marking Phase
[2025-08-01T02:27:26.484+0000] GC(89) Marking Phase 79.191ms
[2025-08-01T02:27:26.484+0000] GC(89) Summary Phase
[2025-08-01T02:27:26.484+0000] GC(89) Summary Phase 0.097ms
[2025-08-01T02:27:26.484+0000] GC(89) Adjust Roots
[2025-08-01T02:27:26.485+0000] GC(89) Adjust Roots 1.736ms
[2025-08-01T02:27:26.486+0000] GC(89) Compaction Phase
[2025-08-01T02:27:26.731+0000] GC(89) Compaction Phase 245.918ms
[2025-08-01T02:27:26.732+0000] GC(89) Post Compact
[2025-08-01T02:27:26.750+0000] GC(89) Post Compact 18.563ms
[2025-08-01T02:27:26.750+0000] GC(89) PSYoungGen: 465920K->0K(931840K)
[2025-08-01T02:27:26.750+0000] GC(89) ParOldGen: 2495219K->1471570K(2796544K)
[2025-08-01T02:27:26.750+0000] GC(89) Metaspace: 9712K(12544K)->9712K(12544K) NonClass: 8546K(11008K)->8546K(11008K) Class: 1166K(1536K)->1166K(1536K)
[2025-08-01T02:27:26.750+0000] GC(89) Pause Full (Ergonomics) 2891M->1437M(3641M) 345.918ms
[2025-08-01T02:27:26.750+0000] GC(89) User=2.54s Sys=0.00s Real=0.34s
[2025-08-01T02:27:26.842+0000] GC(90) Pause Young (Allocation Failure)
[2025-08-01T02:27:26.908+0000] GC(90) PSYoungGen: 465920K->381984K(931840K)
[2025-08-01T02:27:26.908+0000] GC(90) ParOldGen: 1471570K->1471570K(2796544K)
[2025-08-01T02:27:26.908+0000] GC(90) Metaspace: 9712K(12544K)->9712K(12544K) NonClass: 8546K(11008K)->8546K(11008K) Class: 1166K(1536K)->1166K(1536K)
[2025-08-01T02:27:26.908+0000] GC(90) Pause Young (Allocation Failure) 1892M->1810M(3641M) 66.868ms
[2025-08-01T02:27:26.908+0000] GC(90) User=0.48s Sys=0.00s Real=0.07s
[2025-08-01T02:27:26.998+0000] GC(91) Pause Young (Allocation Failure)
[2025-08-01T02:27:27.094+0000] GC(91) PSYoungGen: 847904K->407712K(931840K)
[2025-08-01T02:27:27.094+0000] GC(91) ParOldGen: 1471570K->1617122K(2796544K)
[2025-08-01T02:27:27.095+0000] GC(91) Metaspace: 9712K(12544K)->9712K(12544K) NonClass: 8546K(11008K)->8546K(11008K) Class: 1166K(1536K)->1166K(1536K)
[2025-08-01T02:27:27.095+0000] GC(91) Pause Young (Allocation Failure) 2265M->1977M(3641M) 96.259ms
[2025-08-01T02:27:27.095+0000] GC(91) User=0.75s Sys=0.00s Real=0.10s
[2025-08-01T02:27:27.180+0000] GC(92) Pause Young (Allocation Failure)
[2025-08-01T02:27:27.336+0000] GC(92) PSYoungGen: 873632K->465920K(931840K)
[2025-08-01T02:27:27.336+0000] GC(92) ParOldGen: 1617122K->2031354K(2796544K)
[2025-08-01T02:27:27.336+0000] GC(92) Metaspace: 9712K(12544K)->9712K(12544K) NonClass: 8546K(11008K)->8546K(11008K) Class: 1166K(1536K)->1166K(1536K)
[2025-08-01T02:27:27.336+0000] GC(92) Pause Young (Allocation Failure) 2432M->2438M(3641M) 155.607ms
[2025-08-01T02:27:27.336+0000] GC(92) User=1.23s Sys=0.00s Real=0.16s
[2025-08-01T02:27:27.424+0000] GC(93) Pause Young (Allocation Failure)
[2025-08-01T02:27:27.669+0000] GC(93) PSYoungGen: 931840K->465920K(931840K)
[2025-08-01T02:27:27.669+0000] GC(93) ParOldGen: 2031354K->2510402K(2796544K)
[2025-08-01T02:27:27.669+0000] GC(93) Metaspace: 9712K(12544K)->9712K(12544K) NonClass: 8546K(11008K)->8546K(11008K) Class: 1166K(1536K)->1166K(1536K)
[2025-08-01T02:27:27.669+0000] GC(93) Pause Young (Allocation Failure) 2893M->2906M(3641M) 245.248ms
[2025-08-01T02:27:27.669+0000] GC(93) User=1.89s Sys=0.00s Real=0.24s
[2025-08-01T02:27:27.669+0000] GC(94) Pause Full (Ergonomics)
[2025-08-01T02:27:27.669+0000] GC(94) Marking Phase
[2025-08-01T02:27:27.742+0000] GC(94) Marking Phase 73.251ms
[2025-08-01T02:27:27.742+0000] GC(94) Summary Phase
[2025-08-01T02:27:27.743+0000] GC(94) Summary Phase 0.089ms
[2025-08-01T02:27:27.743+0000] GC(94) Adjust Roots
[2025-08-01T02:27:27.744+0000] GC(94) Adjust Roots 1.718ms
[2025-08-01T02:27:27.744+0000] GC(94) Compaction Phase
[2025-08-01T02:27:27.979+0000] GC(94) Compaction Phase 234.234ms
[2025-08-01T02:27:27.979+0000] GC(94) Post Compact
[2025-08-01T02:27:27.999+0000] GC(94) Post Compact 20.690ms
[2025-08-01T02:27:27.999+0000] GC(94) PSYoungGen: 465920K->0K(931840K)
[2025-08-01T02:27:27.999+0000] GC(94) ParOldGen: 2510402K->1477318K(2796544K)
[2025-08-01T02:27:27.999+0000] GC(94) Metaspace: 9712K(12544K)->9712K(12544K) NonClass: 8546K(11008K)->8546K(11008K) Class: 1166K(1536K)->1166K(1536K)
[2025-08-01T02:27:28.000+0000] GC(94) Pause Full (Ergonomics) 2906M->1442M(3641M) 330.351ms
[2025-08-01T02:27:28.000+0000] GC(94) User=2.44s Sys=0.00s Real=0.33s
[2025-08-01T02:27:28.090+0000] GC(95) Pause Young (Allocation Failure)
[2025-08-01T02:27:28.251+0000] GC(95) PSYoungGen: 465920K->405824K(931840K)
[2025-08-01T02:27:28.251+0000] GC(95) ParOldGen: 1477318K->1477318K(2796544K)
[2025-08-01T02:27:28.251+0000] GC(95) Metaspace: 9712K(12544K)->9712K(12544K) NonClass: 8546K(11008K)->8546K(11008K) Class: 1166K(1536K)->1166K(1536K)
[2025-08-01T02:27:28.251+0000] GC(95) Pause Young (Allocation Failure) 1897M->1839M(3641M) 161.447ms
[2025-08-01T02:27:28.251+0000] GC(95) User=1.24s Sys=0.03s Real=0.16s
[2025-08-01T02:27:28.341+0000] GC(96) Pause Young (Allocation Failure)
[2025-08-01T02:27:28.521+0000] GC(96) PSYoungGen: 871744K->395872K(931840K)
[2025-08-01T02:27:28.521+0000] GC(96) ParOldGen: 1477318K->1642838K(2796544K)
[2025-08-01T02:27:28.521+0000] GC(96) Metaspace: 9712K(12544K)->9712K(12544K) NonClass: 8546K(11008K)->8546K(11008K) Class: 1166K(1536K)->1166K(1536K)
[2025-08-01T02:27:28.521+0000] GC(96) Pause Young (Allocation Failure) 2294M->1990M(3641M) 180.033ms
[2025-08-01T02:27:28.521+0000] GC(96) User=1.36s Sys=0.07s Real=0.18s
[2025-08-01T02:27:28.603+0000] GC(97) Pause Young (Allocation Failure)
[2025-08-01T02:27:28.778+0000] GC(97) PSYoungGen: 861792K->465920K(931840K)
[2025-08-01T02:27:28.778+0000] GC(97) ParOldGen: 1642838K->2047078K(2796544K)
[2025-08-01T02:27:28.778+0000] GC(97) Metaspace: 9712K(12544K)->9712K(12544K) NonClass: 8546K(11008K)->8546K(11008K) Class: 1166K(1536K)->1166K(1536K)
[2025-08-01T02:27:28.778+0000] GC(97) Pause Young (Allocation Failure) 2445M->2454M(3641M) 175.335ms
[2025-08-01T02:27:28.778+0000] GC(97) User=1.34s Sys=0.02s Real=0.18s
[2025-08-01T02:27:28.864+0000] GC(98) Pause Young (Allocation Failure)
[2025-08-01T02:27:29.047+0000] GC(98) PSYoungGen: 931840K->465920K(931840K)
[2025-08-01T02:27:29.047+0000] GC(98) ParOldGen: 2047078K->2522526K(2796544K)
[2025-08-01T02:27:29.047+0000] GC(98) Metaspace: 9712K(12544K)->9712K(12544K) NonClass: 8546K(11008K)->8546K(11008K) Class: 1166K(1536K)->1166K(1536K)
[2025-08-01T02:27:29.047+0000] GC(98) Pause Young (Allocation Failure) 2909M->2918M(3641M) 182.863ms
[2025-08-01T02:27:29.047+0000] GC(98) User=1.39s Sys=0.05s Real=0.18s
[2025-08-01T02:27:29.047+0000] GC(99) Pause Full (Ergonomics)
[2025-08-01T02:27:29.047+0000] GC(99) Marking Phase
[2025-08-01T02:27:29.125+0000] GC(99) Marking Phase 77.281ms
[2025-08-01T02:27:29.125+0000] GC(99) Summary Phase
[2025-08-01T02:27:29.125+0000] GC(99) Summary Phase 0.119ms
[2025-08-01T02:27:29.125+0000] GC(99) Adjust Roots
[2025-08-01T02:27:29.127+0000] GC(99) Adjust Roots 1.988ms
[2025-08-01T02:27:29.127+0000] GC(99) Compaction Phase
[2025-08-01T02:27:29.377+0000] GC(99) Compaction Phase 250.295ms
[2025-08-01T02:27:29.377+0000] GC(99) Post Compact
[2025-08-01T02:27:29.397+0000] GC(99) Post Compact 19.492ms
[2025-08-01T02:27:29.397+0000] GC(99) PSYoungGen: 465920K->0K(931840K)
[2025-08-01T02:27:29.397+0000] GC(99) ParOldGen: 2522526K->1485232K(2796544K)
[2025-08-01T02:27:29.397+0000] GC(99) Metaspace: 9712K(12544K)->9712K(12544K) NonClass: 8546K(11008K)->8546K(11008K) Class: 1166K(1536K)->1166K(1536K)
[2025-08-01T02:27:29.397+0000] GC(99) Pause Full (Ergonomics) 2918M->1450M(3641M) 349.559ms
[2025-08-01T02:27:29.397+0000] GC(99) User=2.59s Sys=0.01s Real=0.35s
[2025-08-01T02:27:29.482+0000] GC(100) Pause Young (Allocation Failure)
[2025-08-01T02:27:29.630+0000] GC(100) PSYoungGen: 465920K->415104K(931840K)
[2025-08-01T02:27:29.631+0000] GC(100) ParOldGen: 1485232K->1485232K(2796544K)
[2025-08-01T02:27:29.631+0000] GC(100) Metaspace: 9712K(12544K)->9712K(12544K) NonClass: 8546K(11008K)->8546K(11008K) Class: 1166K(1536K)->1166K(1536K)
[2025-08-01T02:27:29.631+0000] GC(100) Pause Young (Allocation Failure) 1905M->1855M(3641M) 148.208ms
[2025-08-01T02:27:29.631+0000] GC(100) User=1.08s Sys=0.05s Real=0.15s
[2025-08-01T02:27:29.716+0000] GC(101) Pause Young (Allocation Failure)
[2025-08-01T02:27:29.813+0000] GC(101) PSYoungGen: 881024K->398080K(931840K)
[2025-08-01T02:27:29.813+0000] GC(101) ParOldGen: 1485232K->1653728K(2796544K)
[2025-08-01T02:27:29.813+0000] GC(101) Metaspace: 9712K(12544K)->9712K(12544K) NonClass: 8546K(11008K)->8546K(11008K) Class: 1166K(1536K)->1166K(1536K)
[2025-08-01T02:27:29.813+0000] GC(101) Pause Young (Allocation Failure) 2310M->2003M(3641M) 96.992ms
[2025-08-01T02:27:29.813+0000] GC(101) User=0.73s Sys=0.00s Real=0.09s
[2025-08-01T02:27:29.896+0000] GC(102) Pause Young (Allocation Failure)
[2025-08-01T02:27:30.053+0000] GC(102) PSYoungGen: 864000K->465920K(931840K)
[2025-08-01T02:27:30.053+0000] GC(102) ParOldGen: 1653728K->2061688K(2796544K)
[2025-08-01T02:27:30.053+0000] GC(102) Metaspace: 9712K(12544K)->9712K(12544K) NonClass: 8546K(11008K)->8546K(11008K) Class: 1166K(1536K)->1166K(1536K)
[2025-08-01T02:27:30.053+0000] GC(102) Pause Young (Allocation Failure) 2458M->2468M(3641M) 156.649ms
[2025-08-01T02:27:30.053+0000] GC(102) User=1.24s Sys=0.00s Real=0.16s
[2025-08-01T02:27:30.139+0000] GC(103) Pause Young (Allocation Failure)
[2025-08-01T02:27:30.345+0000] GC(103) PSYoungGen: 931840K->465920K(931840K)
[2025-08-01T02:27:30.345+0000] GC(103) ParOldGen: 2061688K->2539848K(2796544K)
[2025-08-01T02:27:30.345+0000] GC(103) Metaspace: 9712K(12544K)->9712K(12544K) NonClass: 8546K(11008K)->8546K(11008K) Class: 1166K(1536K)->1166K(1536K)
[2025-08-01T02:27:30.345+0000] GC(103) Pause Young (Allocation Failure) 2923M->2935M(3641M) 205.537ms
[2025-08-01T02:27:30.345+0000] GC(103) User=1.56s Sys=0.06s Real=0.21s
[2025-08-01T02:27:30.345+0000] GC(104) Pause Full (Ergonomics)
[2025-08-01T02:27:30.345+0000] GC(104) Marking Phase
[2025-08-01T02:27:30.431+0000] GC(104) Marking Phase 86.025ms
[2025-08-01T02:27:30.431+0000] GC(104) Summary Phase
[2025-08-01T02:27:30.431+0000] GC(104) Summary Phase 0.117ms
[2025-08-01T02:27:30.431+0000] GC(104) Adjust Roots
[2025-08-01T02:27:30.433+0000] GC(104) Adjust Roots 1.957ms
[2025-08-01T02:27:30.433+0000] GC(104) Compaction Phase
[2025-08-01T02:27:30.714+0000] GC(104) Compaction Phase 280.972ms
[2025-08-01T02:27:30.714+0000] GC(104) Post Compact
[2025-08-01T02:27:30.734+0000] GC(104) Post Compact 20.219ms
[2025-08-01T02:27:30.734+0000] GC(104) PSYoungGen: 465920K->0K(931840K)
[2025-08-01T02:27:30.734+0000] GC(104) ParOldGen: 2539848K->1495237K(2796544K)
[2025-08-01T02:27:30.734+0000] GC(104) Metaspace: 9712K(12544K)->9712K(12544K) NonClass: 8546K(11008K)->8546K(11008K) Class: 1166K(1536K)->1166K(1536K)
[2025-08-01T02:27:30.735+0000] GC(104) Pause Full (Ergonomics) 2935M->1460M(3641M) 389.716ms
[2025-08-01T02:27:30.735+0000] GC(104) User=2.83s Sys=0.07s Real=0.39s
[2025-08-01T02:27:30.823+0000] GC(105) Pause Young (Allocation Failure)
[2025-08-01T02:27:30.907+0000] GC(105) PSYoungGen: 465920K->405696K(931840K)
[2025-08-01T02:27:30.907+0000] GC(105) ParOldGen: 1495237K->1495237K(2796544K)
[2025-08-01T02:27:30.907+0000] GC(105) Metaspace: 9712K(12544K)->9712K(12544K) NonClass: 8546K(11008K)->8546K(11008K) Class: 1166K(1536K)->1166K(1536K)
[2025-08-01T02:27:30.907+0000] GC(105) Pause Young (Allocation Failure) 1915M->1856M(3641M) 84.018ms
[2025-08-01T02:27:30.907+0000] GC(105) User=0.65s Sys=0.02s Real=0.09s
[2025-08-01T02:27:30.994+0000] GC(106) Pause Young (Allocation Failure)
[2025-08-01T02:27:31.189+0000] GC(106) PSYoungGen: 871616K->421760K(931840K)
[2025-08-01T02:27:31.189+0000] GC(106) ParOldGen: 1495237K->1650365K(2796544K)
[2025-08-01T02:27:31.189+0000] GC(106) Metaspace: 9712K(12544K)->9712K(12544K) NonClass: 8546K(11008K)->8546K(11008K) Class: 1166K(1536K)->1166K(1536K)
[2025-08-01T02:27:31.189+0000] GC(106) Pause Young (Allocation Failure) 2311M->2023M(3641M) 195.304ms
[2025-08-01T02:27:31.189+0000] GC(106) User=1.50s Sys=0.05s Real=0.19s
[2025-08-01T02:27:31.275+0000] GC(107) Pause Young (Allocation Failure)
[2025-08-01T02:27:31.482+0000] GC(107) PSYoungGen: 887680K->465920K(931840K)
[2025-08-01T02:27:31.482+0000] GC(107) ParOldGen: 1650365K->2083837K(2796544K)
[2025-08-01T02:27:31.482+0000] GC(107) Metaspace: 9712K(12544K)->9712K(12544K) NonClass: 8546K(11008K)->8546K(11008K) Class: 1166K(1536K)->1166K(1536K)
[2025-08-01T02:27:31.482+0000] GC(107) Pause Young (Allocation Failure) 2478M->2489M(3641M) 207.018ms
[2025-08-01T02:27:31.483+0000] GC(107) User=1.59s Sys=0.04s Real=0.20s
[2025-08-01T02:27:31.566+0000] GC(108) Pause Young (Allocation Failure)
[2025-08-01T02:27:31.758+0000] GC(108) PSYoungGen: 931840K->465920K(931840K)
[2025-08-01T02:27:31.758+0000] GC(108) ParOldGen: 2083837K->2561173K(2796544K)
[2025-08-01T02:27:31.758+0000] GC(108) Metaspace: 9712K(12544K)->9712K(12544K) NonClass: 8546K(11008K)->8546K(11008K) Class: 1166K(1536K)->1166K(1536K)
[2025-08-01T02:27:31.758+0000] GC(108) Pause Young (Allocation Failure) 2944M->2956M(3641M) 191.940ms
[2025-08-01T02:27:31.758+0000] GC(108) User=1.45s Sys=0.06s Real=0.19s
[2025-08-01T02:27:31.758+0000] GC(109) Pause Full (Ergonomics)
[2025-08-01T02:27:31.758+0000] GC(109) Marking Phase
[2025-08-01T02:27:31.849+0000] GC(109) Marking Phase 91.075ms
[2025-08-01T02:27:31.849+0000] GC(109) Summary Phase
[2025-08-01T02:27:31.850+0000] GC(109) Summary Phase 0.075ms
[2025-08-01T02:27:31.850+0000] GC(109) Adjust Roots
[2025-08-01T02:27:31.851+0000] GC(109) Adjust Roots 1.653ms
[2025-08-01T02:27:31.851+0000] GC(109) Compaction Phase
[2025-08-01T02:27:32.114+0000] GC(109) Compaction Phase 262.684ms
[2025-08-01T02:27:32.114+0000] GC(109) Post Compact
[2025-08-01T02:27:32.134+0000] GC(109) Post Compact 20.313ms
[2025-08-01T02:27:32.134+0000] GC(109) PSYoungGen: 465920K->0K(931840K)
[2025-08-01T02:27:32.134+0000] GC(109) ParOldGen: 2561173K->1504697K(2796544K)
[2025-08-01T02:27:32.134+0000] GC(109) Metaspace: 9712K(12544K)->9712K(12544K) NonClass: 8546K(11008K)->8546K(11008K) Class: 1166K(1536K)->1166K(1536K)
[2025-08-01T02:27:32.135+0000] GC(109) Pause Full (Ergonomics) 2956M->1469M(3641M) 376.241ms
[2025-08-01T02:27:32.135+0000] GC(109) User=2.71s Sys=0.06s Real=0.38s
[2025-08-01T02:27:32.221+0000] GC(110) Pause Young (Allocation Failure)
[2025-08-01T02:27:32.334+0000] GC(110) PSYoungGen: 465920K->258592K(931840K)
[2025-08-01T02:27:32.334+0000] GC(110) ParOldGen: 1504697K->1504697K(2796544K)
[2025-08-01T02:27:32.334+0000] GC(110) Metaspace: 9712K(12544K)->9712K(12544K) NonClass: 8546K(11008K)->8546K(11008K) Class: 1166K(1536K)->1166K(1536K)
[2025-08-01T02:27:32.334+0000] GC(110) Pause Young (Allocation Failure) 1924M->1721M(3641M) 113.714ms
[2025-08-01T02:27:32.334+0000] GC(110) User=0.84s Sys=0.04s Real=0.12s
[2025-08-01T02:27:32.428+0000] GC(111) Pause Young (Allocation Failure)
[2025-08-01T02:27:32.639+0000] GC(111) PSYoungGen: 724512K->451616K(931840K)
[2025-08-01T02:27:32.640+0000] GC(111) ParOldGen: 1504697K->1640569K(2796544K)
[2025-08-01T02:27:32.640+0000] GC(111) Metaspace: 9712K(12544K)->9712K(12544K) NonClass: 8546K(11008K)->8546K(11008K) Class: 1166K(1536K)->1166K(1536K)
[2025-08-01T02:27:32.640+0000] GC(111) Pause Young (Allocation Failure) 2176M->2043M(3641M) 211.543ms
[2025-08-01T02:27:32.640+0000] GC(111) User=1.55s Sys=0.10s Real=0.21s
[2025-08-01T02:27:32.723+0000] GC(112) Pause Young (Allocation Failure)
[2025-08-01T02:27:32.927+0000] GC(112) PSYoungGen: 917536K->465920K(931840K)
[2025-08-01T02:27:32.927+0000] GC(112) ParOldGen: 1640569K->2104313K(2796544K)
[2025-08-01T02:27:32.927+0000] GC(112) Metaspace: 9712K(12544K)->9712K(12544K) NonClass: 8546K(11008K)->8546K(11008K) Class: 1166K(1536K)->1166K(1536K)
[2025-08-01T02:27:32.927+0000] GC(112) Pause Young (Allocation Failure) 2498M->2509M(3641M) 204.204ms
[2025-08-01T02:27:32.927+0000] GC(112) User=1.53s Sys=0.07s Real=0.20s
[2025-08-01T02:27:32.927+0000] GC(113) Pause Full (Ergonomics)
[2025-08-01T02:27:32.927+0000] GC(113) Marking Phase
[2025-08-01T02:27:32.981+0000] GC(113) Marking Phase 53.452ms
[2025-08-01T02:27:32.981+0000] GC(113) Summary Phase
[2025-08-01T02:27:32.981+0000] GC(113) Summary Phase 0.087ms
[2025-08-01T02:27:32.981+0000] GC(113) Adjust Roots
[2025-08-01T02:27:32.983+0000] GC(113) Adjust Roots 1.971ms
[2025-08-01T02:27:32.983+0000] GC(113) Compaction Phase
[2025-08-01T02:27:33.151+0000] GC(113) Compaction Phase 168.062ms
[2025-08-01T02:27:33.151+0000] GC(113) Post Compact
[2025-08-01T02:27:33.168+0000] GC(113) Post Compact 16.549ms
[2025-08-01T02:27:33.168+0000] GC(113) PSYoungGen: 465920K->0K(931840K)
[2025-08-01T02:27:33.168+0000] GC(113) ParOldGen: 2104313K->1051689K(2796544K)
[2025-08-01T02:27:33.168+0000] GC(113) Metaspace: 9712K(12544K)->9712K(12544K) NonClass: 8546K(11008K)->8546K(11008K) Class: 1166K(1536K)->1166K(1536K)
[2025-08-01T02:27:33.168+0000] GC(113) Pause Full (Ergonomics) 2509M->1027M(3641M) 240.503ms
[2025-08-01T02:27:33.168+0000] GC(113) User=1.75s Sys=0.00s Real=0.24s
[2025-08-01T02:27:33.256+0000] GC(114) Pause Young (Allocation Failure)
[2025-08-01T02:27:33.431+0000] GC(114) PSYoungGen: 465920K->465920K(931840K)
[2025-08-01T02:27:33.431+0000] GC(114) ParOldGen: 1051689K->1058009K(2796544K)
[2025-08-01T02:27:33.431+0000] GC(114) Metaspace: 9712K(12544K)->9712K(12544K) NonClass: 8546K(11008K)->8546K(11008K) Class: 1166K(1536K)->1166K(1536K)
[2025-08-01T02:27:33.431+0000] GC(114) Pause Young (Allocation Failure) 1482M->1488M(3641M) 175.091ms
[2025-08-01T02:27:33.431+0000] GC(114) User=1.29s Sys=0.06s Real=0.17s
[2025-08-01T02:27:33.514+0000] GC(115) Pause Young (Allocation Failure)
[2025-08-01T02:27:33.610+0000] GC(115) PSYoungGen: 931840K->248320K(931840K)
[2025-08-01T02:27:33.610+0000] GC(115) ParOldGen: 1058009K->1193193K(2796544K)
[2025-08-01T02:27:33.610+0000] GC(115) Metaspace: 9712K(12544K)->9712K(12544K) NonClass: 8546K(11008K)->8546K(11008K) Class: 1166K(1536K)->1166K(1536K)
[2025-08-01T02:27:33.610+0000] GC(115) Pause Young (Allocation Failure) 1943M->1407M(3641M) 95.988ms
[2025-08-01T02:27:33.610+0000] GC(115) User=0.69s Sys=0.03s Real=0.09s
[2025-08-01T02:27:33.695+0000] GC(116) Pause Young (Allocation Failure)
[2025-08-01T02:27:33.803+0000] GC(116) PSYoungGen: 714240K->465920K(931840K)
[2025-08-01T02:27:33.803+0000] GC(116) ParOldGen: 1193193K->1324697K(2796544K)
[2025-08-01T02:27:33.803+0000] GC(116) Metaspace: 9712K(12544K)->9712K(12544K) NonClass: 8546K(11008K)->8546K(11008K) Class: 1166K(1536K)->1166K(1536K)
[2025-08-01T02:27:33.803+0000] GC(116) Pause Young (Allocation Failure) 1862M->1748M(3641M) 108.224ms
[2025-08-01T02:27:33.803+0000] GC(116) User=0.83s Sys=0.00s Real=0.11s
[2025-08-01T02:27:33.888+0000] GC(117) Pause Young (Allocation Failure)
[2025-08-01T02:27:34.071+0000] GC(117) PSYoungGen: 931840K->465920K(931840K)
[2025-08-01T02:27:34.071+0000] GC(117) ParOldGen: 1324697K->1802409K(2796544K)
[2025-08-01T02:27:34.071+0000] GC(117) Metaspace: 9712K(12544K)->9712K(12544K) NonClass: 8546K(11008K)->8546K(11008K) Class: 1166K(1536K)->1166K(1536K)
[2025-08-01T02:27:34.071+0000] GC(117) Pause Young (Allocation Failure) 2203M->2215M(3641M) 183.020ms
[2025-08-01T02:27:34.071+0000] GC(117) User=1.39s Sys=0.02s Real=0.18s
[2025-08-01T02:27:34.155+0000] GC(118) Pause Young (Allocation Failure)
[2025-08-01T02:27:34.429+0000] GC(118) PSYoungGen: 931840K->465920K(931840K)
[2025-08-01T02:27:34.429+0000] GC(118) ParOldGen: 1802409K->2282353K(2796544K)
[2025-08-01T02:27:34.429+0000] GC(118) Metaspace: 9712K(12544K)->9712K(12544K) NonClass: 8546K(11008K)->8546K(11008K) Class: 1166K(1536K)->1166K(1536K)
[2025-08-01T02:27:34.429+0000] GC(118) Pause Young (Allocation Failure) 2670M->2683M(3641M) 274.094ms
[2025-08-01T02:27:34.429+0000] GC(118) User=2.10s Sys=0.07s Real=0.27s
[2025-08-01T02:27:34.429+0000] GC(119) Pause Full (Ergonomics)
[2025-08-01T02:27:34.429+0000] GC(119) Marking Phase
[2025-08-01T02:27:34.531+0000] GC(119) Marking Phase 101.925ms
[2025-08-01T02:27:34.531+0000] GC(119) Summary Phase
[2025-08-01T02:27:34.531+0000] GC(119) Summary Phase 0.090ms
[2025-08-01T02:27:34.531+0000] GC(119) Adjust Roots
[2025-08-01T02:27:34.533+0000] GC(119) Adjust Roots 1.865ms
[2025-08-01T02:27:34.533+0000] GC(119) Compaction Phase
[2025-08-01T02:27:34.797+0000] GC(119) Compaction Phase 263.919ms
[2025-08-01T02:27:34.797+0000] GC(119) Post Compact
[2025-08-01T02:27:34.816+0000] GC(119) Post Compact 18.688ms
[2025-08-01T02:27:34.816+0000] GC(119) PSYoungGen: 465920K->0K(931840K)
[2025-08-01T02:27:34.816+0000] GC(119) ParOldGen: 2282353K->1526830K(2796544K)
[2025-08-01T02:27:34.816+0000] GC(119) Metaspace: 9712K(12544K)->9712K(12544K) NonClass: 8546K(11008K)->8546K(11008K) Class: 1166K(1536K)->1166K(1536K)
[2025-08-01T02:27:34.816+0000] GC(119) Pause Full (Ergonomics) 2683M->1491M(3641M) 386.897ms
[2025-08-01T02:27:34.816+0000] GC(119) User=2.87s Sys=0.04s Real=0.39s
[2025-08-01T02:27:34.901+0000] GC(120) Pause Young (Allocation Failure)
[2025-08-01T02:27:35.070+0000] GC(120) PSYoungGen: 465920K->274496K(931840K)
[2025-08-01T02:27:35.070+0000] GC(120) ParOldGen: 1526830K->1526830K(2796544K)
[2025-08-01T02:27:35.071+0000] GC(120) Metaspace: 9712K(12544K)->9712K(12544K) NonClass: 8546K(11008K)->8546K(11008K) Class: 1166K(1536K)->1166K(1536K)
[2025-08-01T02:27:35.071+0000] GC(120) Pause Young (Allocation Failure) 1946M->1759M(3641M) 170.177ms
[2025-08-01T02:27:35.071+0000] GC(120) User=1.22s Sys=0.07s Real=0.17s
[2025-08-01T02:27:35.160+0000] GC(121) Pause Young (Allocation Failure)
[2025-08-01T02:27:35.290+0000] GC(121) PSYoungGen: 740416K->444416K(931840K)
[2025-08-01T02:27:35.290+0000] GC(121) ParOldGen: 1526830K->1691510K(2796544K)
[2025-08-01T02:27:35.290+0000] GC(121) Metaspace: 9712K(12544K)->9712K(12544K) NonClass: 8546K(11008K)->8546K(11008K) Class: 1166K(1536K)->1166K(1536K)
[2025-08-01T02:27:35.290+0000] GC(121) Pause Young (Allocation Failure) 2214M->2085M(3641M) 130.209ms
[2025-08-01T02:27:35.290+0000] GC(121) User=1.02s Sys=0.01s Real=0.13s
[2025-08-01T02:27:35.373+0000] GC(122) Pause Young (Allocation Failure)
[2025-08-01T02:27:35.586+0000] GC(122) PSYoungGen: 910336K->465920K(931840K)
[2025-08-01T02:27:35.586+0000] GC(122) ParOldGen: 1691510K->2148726K(2796544K)
[2025-08-01T02:27:35.586+0000] GC(122) Metaspace: 9712K(12544K)->9712K(12544K) NonClass: 8546K(11008K)->8546K(11008K) Class: 1166K(1536K)->1166K(1536K)
[2025-08-01T02:27:35.586+0000] GC(122) Pause Young (Allocation Failure) 2540M->2553M(3641M) 213.112ms
[2025-08-01T02:27:35.586+0000] GC(122) User=1.62s Sys=0.05s Real=0.21s
[2025-08-01T02:27:35.586+0000] GC(123) Pause Full (Ergonomics)
[2025-08-01T02:27:35.587+0000] GC(123) Marking Phase
[2025-08-01T02:27:35.649+0000] GC(123) Marking Phase 62.319ms
[2025-08-01T02:27:35.649+0000] GC(123) Summary Phase
[2025-08-01T02:27:35.649+0000] GC(123) Summary Phase 0.150ms
[2025-08-01T02:27:35.649+0000] GC(123) Adjust Roots
[2025-08-01T02:27:35.651+0000] GC(123) Adjust Roots 1.753ms
[2025-08-01T02:27:35.651+0000] GC(123) Compaction Phase
[2025-08-01T02:27:35.837+0000] GC(123) Compaction Phase 186.110ms
[2025-08-01T02:27:35.837+0000] GC(123) Post Compact
[2025-08-01T02:27:35.853+0000] GC(123) Post Compact 15.794ms
[2025-08-01T02:27:35.853+0000] GC(123) PSYoungGen: 465920K->0K(931840K)
[2025-08-01T02:27:35.853+0000] GC(123) ParOldGen: 2148726K->1071907K(2796544K)
[2025-08-01T02:27:35.853+0000] GC(123) Metaspace: 9712K(12544K)->9712K(12544K) NonClass: 8546K(11008K)->8546K(11008K) Class: 1166K(1536K)->1166K(1536K)
[2025-08-01T02:27:35.853+0000] GC(123) Pause Full (Ergonomics) 2553M->1046M(3641M) 266.511ms
[2025-08-01T02:27:35.853+0000] GC(123) User=1.94s Sys=0.02s Real=0.26s
[2025-08-01T02:27:35.937+0000] GC(124) Pause Young (Allocation Failure)
[2025-08-01T02:27:36.031+0000] GC(124) PSYoungGen: 465920K->465920K(931840K)
[2025-08-01T02:27:36.031+0000] GC(124) ParOldGen: 1071907K->1076499K(2796544K)
[2025-08-01T02:27:36.031+0000] GC(124) Metaspace: 9712K(12544K)->9712K(12544K) NonClass: 8546K(11008K)->8546K(11008K) Class: 1166K(1536K)->1166K(1536K)
[2025-08-01T02:27:36.031+0000] GC(124) Pause Young (Allocation Failure) 1501M->1506M(3641M) 94.308ms
[2025-08-01T02:27:36.031+0000] GC(124) User=0.71s Sys=0.01s Real=0.09s
[2025-08-01T02:27:36.133+0000] GC(125) Pause Young (Allocation Failure)
[2025-08-01T02:27:36.239+0000] GC(125) PSYoungGen: 931840K->278208K(931840K)
[2025-08-01T02:27:36.239+0000] GC(125) ParOldGen: 1076499K->1195779K(2796544K)
[2025-08-01T02:27:36.239+0000] GC(125) Metaspace: 9712K(12544K)->9712K(12544K) NonClass: 8546K(11008K)->8546K(11008K) Class: 1166K(1536K)->1166K(1536K)
[2025-08-01T02:27:36.239+0000] GC(125) Pause Young (Allocation Failure) 1961M->1439M(3641M) 106.526ms
[2025-08-01T02:27:36.239+0000] GC(125) User=0.79s Sys=0.02s Real=0.10s
[2025-08-01T02:27:36.331+0000] GC(126) Pause Young (Allocation Failure)
[2025-08-01T02:27:36.484+0000] GC(126) PSYoungGen: 744128K->458752K(931840K)
[2025-08-01T02:27:36.484+0000] GC(126) ParOldGen: 1195779K->1353691K(2796544K)
[2025-08-01T02:27:36.484+0000] GC(126) Metaspace: 9712K(12544K)->9712K(12544K) NonClass: 8546K(11008K)->8546K(11008K) Class: 1166K(1536K)->1166K(1536K)
[2025-08-01T02:27:36.484+0000] GC(126) Pause Young (Allocation Failure) 1894M->1769M(3641M) 153.510ms
[2025-08-01T02:27:36.484+0000] GC(126) User=1.17s Sys=0.05s Real=0.16s
[2025-08-01T02:27:36.569+0000] GC(127) Pause Young (Allocation Failure)
[2025-08-01T02:27:36.811+0000] GC(127) PSYoungGen: 924672K->465920K(931840K)
[2025-08-01T02:27:36.811+0000] GC(127) ParOldGen: 1353691K->1825731K(2796544K)
[2025-08-01T02:27:36.811+0000] GC(127) Metaspace: 9712K(12544K)->9712K(12544K) NonClass: 8546K(11008K)->8546K(11008K) Class: 1166K(1536K)->1166K(1536K)
[2025-08-01T02:27:36.811+0000] GC(127) Pause Young (Allocation Failure) 2224M->2237M(3641M) 242.958ms
[2025-08-01T02:27:36.811+0000] GC(127) User=1.89s Sys=0.03s Real=0.24s
[2025-08-01T02:27:36.898+0000] GC(128) Pause Young (Allocation Failure)
[2025-08-01T02:27:37.093+0000] GC(128) PSYoungGen: 931840K->465920K(931840K)
[2025-08-01T02:27:37.093+0000] GC(128) ParOldGen: 1825731K->2301835K(2796544K)
[2025-08-01T02:27:37.093+0000] GC(128) Metaspace: 9712K(12544K)->9712K(12544K) NonClass: 8546K(11008K)->8546K(11008K) Class: 1166K(1536K)->1166K(1536K)
[2025-08-01T02:27:37.093+0000] GC(128) Pause Young (Allocation Failure) 2692M->2702M(3641M) 195.729ms
[2025-08-01T02:27:37.093+0000] GC(128) User=1.51s Sys=0.03s Real=0.20s
[2025-08-01T02:27:37.093+0000] GC(129) Pause Full (Ergonomics)
[2025-08-01T02:27:37.093+0000] GC(129) Marking Phase
[2025-08-01T02:27:37.183+0000] GC(129) Marking Phase 89.640ms
[2025-08-01T02:27:37.183+0000] GC(129) Summary Phase
[2025-08-01T02:27:37.183+0000] GC(129) Summary Phase 0.088ms
[2025-08-01T02:27:37.183+0000] GC(129) Adjust Roots
[2025-08-01T02:27:37.185+0000] GC(129) Adjust Roots 1.550ms
[2025-08-01T02:27:37.185+0000] GC(129) Compaction Phase
[2025-08-01T02:27:37.436+0000] GC(129) Compaction Phase 250.805ms
[2025-08-01T02:27:37.436+0000] GC(129) Post Compact
[2025-08-01T02:27:37.454+0000] GC(129) Post Compact 18.044ms
[2025-08-01T02:27:37.454+0000] GC(129) PSYoungGen: 465920K->0K(931840K)
[2025-08-01T02:27:37.454+0000] GC(129) ParOldGen: 2301835K->1544758K(2796544K)
[2025-08-01T02:27:37.454+0000] GC(129) Metaspace: 9712K(12544K)->9712K(12544K) NonClass: 8546K(11008K)->8546K(11008K) Class: 1166K(1536K)->1166K(1536K)
[2025-08-01T02:27:37.454+0000] GC(129) Pause Full (Ergonomics) 2702M->1508M(3641M) 360.507ms
[2025-08-01T02:27:37.454+0000] GC(129) User=2.68s Sys=0.00s Real=0.36s
[2025-08-01T02:27:37.540+0000] GC(130) Pause Young (Allocation Failure)
[2025-08-01T02:27:37.610+0000] GC(130) PSYoungGen: 465920K->286304K(931840K)
[2025-08-01T02:27:37.610+0000] GC(130) ParOldGen: 1544758K->1544758K(2796544K)
[2025-08-01T02:27:37.610+0000] GC(130) Metaspace: 9712K(12544K)->9712K(12544K) NonClass: 8546K(11008K)->8546K(11008K) Class: 1166K(1536K)->1166K(1536K)
[2025-08-01T02:27:37.611+0000] GC(130) Pause Young (Allocation Failure) 1963M->1788M(3641M) 70.364ms
[2025-08-01T02:27:37.611+0000] GC(130) User=0.54s Sys=0.00s Real=0.07s
[2025-08-01T02:27:37.699+0000] GC(131) Pause Young (Allocation Failure)
[2025-08-01T02:27:37.888+0000] GC(131) PSYoungGen: 752224K->450880K(931840K)
[2025-08-01T02:27:37.888+0000] GC(131) ParOldGen: 1544758K->1719406K(2796544K)
[2025-08-01T02:27:37.888+0000] GC(131) Metaspace: 9712K(12544K)->9712K(12544K) NonClass: 8546K(11008K)->8546K(11008K) Class: 1166K(1536K)->1166K(1536K)
[2025-08-01T02:27:37.888+0000] GC(131) Pause Young (Allocation Failure) 2243M->2119M(3641M) 189.402ms
[2025-08-01T02:27:37.888+0000] GC(131) User=1.46s Sys=0.04s Real=0.19s
[2025-08-01T02:27:37.970+0000] GC(132) Pause Young (Allocation Failure)
[2025-08-01T02:27:38.154+0000] GC(132) PSYoungGen: 916800K->465920K(931840K)
[2025-08-01T02:27:38.154+0000] GC(132) ParOldGen: 1719406K->2178518K(2796544K)
[2025-08-01T02:27:38.154+0000] GC(132) Metaspace: 9712K(12544K)->9712K(12544K) NonClass: 8546K(11008K)->8546K(11008K) Class: 1166K(1536K)->1166K(1536K)
[2025-08-01T02:27:38.154+0000] GC(132) Pause Young (Allocation Failure) 2574M->2582M(3641M) 184.068ms
[2025-08-01T02:27:38.154+0000] GC(132) User=1.44s Sys=0.02s Real=0.19s
[2025-08-01T02:27:38.154+0000] GC(133) Pause Full (Ergonomics)
[2025-08-01T02:27:38.154+0000] GC(133) Marking Phase
[2025-08-01T02:27:38.220+0000] GC(133) Marking Phase 66.238ms
[2025-08-01T02:27:38.221+0000] GC(133) Summary Phase
[2025-08-01T02:27:38.221+0000] GC(133) Summary Phase 0.110ms
[2025-08-01T02:27:38.221+0000] GC(133) Adjust Roots
[2025-08-01T02:27:38.223+0000] GC(133) Adjust Roots 1.860ms
[2025-08-01T02:27:38.223+0000] GC(133) Compaction Phase
[2025-08-01T02:27:38.397+0000] GC(133) Compaction Phase 174.133ms
[2025-08-01T02:27:38.397+0000] GC(133) Post Compact
[2025-08-01T02:27:38.414+0000] GC(133) Post Compact 16.753ms
[2025-08-01T02:27:38.414+0000] GC(133) PSYoungGen: 465920K->0K(931840K)
[2025-08-01T02:27:38.414+0000] GC(133) ParOldGen: 2178518K->1085280K(2796544K)
[2025-08-01T02:27:38.414+0000] GC(133) Metaspace: 9712K(12544K)->9712K(12544K) NonClass: 8546K(11008K)->8546K(11008K) Class: 1166K(1536K)->1166K(1536K)
[2025-08-01T02:27:38.414+0000] GC(133) Pause Full (Ergonomics) 2582M->1059M(3641M) 259.697ms
[2025-08-01T02:27:38.414+0000] GC(133) User=1.84s Sys=0.01s Real=0.26s
[2025-08-01T02:27:38.500+0000] GC(134) Pause Young (Allocation Failure)
[2025-08-01T02:27:38.647+0000] GC(134) PSYoungGen: 465920K->465920K(931840K)
[2025-08-01T02:27:38.647+0000] GC(134) ParOldGen: 1085280K->1088848K(2796544K)
[2025-08-01T02:27:38.647+0000] GC(134) Metaspace: 9712K(12544K)->9712K(12544K) NonClass: 8546K(11008K)->8546K(11008K) Class: 1166K(1536K)->1166K(1536K)
[2025-08-01T02:27:38.647+0000] GC(134) Pause Young (Allocation Failure) 1514M->1518M(3641M) 146.894ms
[2025-08-01T02:27:38.647+0000] GC(134) User=1.11s Sys=0.06s Real=0.15s
[2025-08-01T02:27:38.738+0000] GC(135) Pause Young (Allocation Failure)
[2025-08-01T02:27:38.822+0000] GC(135) PSYoungGen: 931840K->283040K(931840K)
[2025-08-01T02:27:38.822+0000] GC(135) ParOldGen: 1088848K->1211880K(2796544K)
[2025-08-01T02:27:38.822+0000] GC(135) Metaspace: 9712K(12544K)->9712K(12544K) NonClass: 8546K(11008K)->8546K(11008K) Class: 1166K(1536K)->1166K(1536K)
[2025-08-01T02:27:38.822+0000] GC(135) Pause Young (Allocation Failure) 1973M->1459M(3641M) 84.737ms
[2025-08-01T02:27:38.822+0000] GC(135) User=0.65s Sys=0.01s Real=0.08s
[2025-08-01T02:27:38.909+0000] GC(136) Pause Young (Allocation Failure)
[2025-08-01T02:27:39.065+0000] GC(136) PSYoungGen: 748960K->463968K(931840K)
[2025-08-01T02:27:39.065+0000] GC(136) ParOldGen: 1211880K->1376232K(2796544K)
[2025-08-01T02:27:39.065+0000] GC(136) Metaspace: 9712K(12544K)->9712K(12544K) NonClass: 8546K(11008K)->8546K(11008K) Class: 1166K(1536K)->1166K(1536K)
[2025-08-01T02:27:39.065+0000] GC(136) Pause Young (Allocation Failure) 1914M->1797M(3641M) 155.750ms
[2025-08-01T02:27:39.065+0000] GC(136) User=1.16s Sys=0.04s Real=0.16s
[2025-08-01T02:27:39.148+0000] GC(137) Pause Young (Allocation Failure)
[2025-08-01T02:27:39.328+0000] GC(137) PSYoungGen: 929888K->465920K(931840K)
[2025-08-01T02:27:39.328+0000] GC(137) ParOldGen: 1376232K->1851080K(2796544K)
[2025-08-01T02:27:39.328+0000] GC(137) Metaspace: 9712K(12544K)->9712K(12544K) NonClass: 8546K(11008K)->8546K(11008K) Class: 1166K(1536K)->1166K(1536K)
[2025-08-01T02:27:39.328+0000] GC(137) Pause Young (Allocation Failure) 2252M->2262M(3641M) 179.756ms
[2025-08-01T02:27:39.328+0000] GC(137) User=1.38s Sys=0.00s Real=0.18s
[2025-08-01T02:27:39.413+0000] GC(138) Pause Young (Allocation Failure)
[2025-08-01T02:27:39.677+0000] GC(138) PSYoungGen: 931840K->465920K(931840K)
[2025-08-01T02:27:39.677+0000] GC(138) ParOldGen: 1851080K->2329944K(2796544K)
[2025-08-01T02:27:39.677+0000] GC(138) Metaspace: 9712K(12544K)->9712K(12544K) NonClass: 8546K(11008K)->8546K(11008K) Class: 1166K(1536K)->1166K(1536K)
[2025-08-01T02:27:39.677+0000] GC(138) Pause Young (Allocation Failure) 2717M->2730M(3641M) 264.577ms
[2025-08-01T02:27:39.677+0000] GC(138) User=2.00s Sys=0.10s Real=0.27s
[2025-08-01T02:27:39.677+0000] GC(139) Pause Full (Ergonomics)
[2025-08-01T02:27:39.677+0000] GC(139) Marking Phase
[2025-08-01T02:27:39.761+0000] GC(139) Marking Phase 83.530ms
[2025-08-01T02:27:39.761+0000] GC(139) Summary Phase
[2025-08-01T02:27:39.761+0000] GC(139) Summary Phase 0.085ms
[2025-08-01T02:27:39.761+0000] GC(139) Adjust Roots
[2025-08-01T02:27:39.763+0000] GC(139) Adjust Roots 1.882ms
[2025-08-01T02:27:39.763+0000] GC(139) Compaction Phase
[2025-08-01T02:27:39.997+0000] GC(139) Compaction Phase 234.377ms
[2025-08-01T02:27:39.997+0000] GC(139) Post Compact
[2025-08-01T02:27:40.016+0000] GC(139) Post Compact 18.575ms
[2025-08-01T02:27:40.016+0000] GC(139) PSYoungGen: 465920K->0K(931840K)
[2025-08-01T02:27:40.016+0000] GC(139) ParOldGen: 2329944K->1554136K(2796544K)
[2025-08-01T02:27:40.016+0000] GC(139) Metaspace: 9712K(12544K)->9712K(12544K) NonClass: 8546K(11008K)->8546K(11008K) Class: 1166K(1536K)->1166K(1536K)
[2025-08-01T02:27:40.016+0000] GC(139) Pause Full (Ergonomics) 2730M->1517M(3641M) 338.997ms
[2025-08-01T02:27:40.016+0000] GC(139) User=2.52s Sys=0.00s Real=0.34s
[2025-08-01T02:27:40.105+0000] GC(140) Pause Young (Allocation Failure)
[2025-08-01T02:27:40.210+0000] GC(140) PSYoungGen: 465920K->285984K(931840K)
[2025-08-01T02:27:40.210+0000] GC(140) ParOldGen: 1554136K->1554136K(2796544K)
[2025-08-01T02:27:40.210+0000] GC(140) Metaspace: 9712K(12544K)->9712K(12544K) NonClass: 8546K(11008K)->8546K(11008K) Class: 1166K(1536K)->1166K(1536K)
[2025-08-01T02:27:40.210+0000] GC(140) Pause Young (Allocation Failure) 1972M->1796M(3641M) 105.014ms
[2025-08-01T02:27:40.210+0000] GC(140) User=0.76s Sys=0.02s Real=0.10s
[2025-08-01T02:27:40.306+0000] GC(141) Pause Young (Allocation Failure)
[2025-08-01T02:27:40.535+0000] GC(141) PSYoungGen: 751904K->462144K(931840K)
[2025-08-01T02:27:40.535+0000] GC(141) ParOldGen: 1554136K->1728040K(2796544K)
[2025-08-01T02:27:40.535+0000] GC(141) Metaspace: 9712K(12544K)->9712K(12544K) NonClass: 8546K(11008K)->8546K(11008K) Class: 1166K(1536K)->1166K(1536K)
[2025-08-01T02:27:40.535+0000] GC(141) Pause Young (Allocation Failure) 2251M->2138M(3641M) 228.764ms
[2025-08-01T02:27:40.535+0000] GC(141) User=1.72s Sys=0.07s Real=0.23s
[2025-08-01T02:27:40.621+0000] GC(142) Pause Young (Allocation Failure)
[2025-08-01T02:27:40.880+0000] GC(142) PSYoungGen: 928064K->465920K(931840K)
[2025-08-01T02:27:40.880+0000] GC(142) ParOldGen: 1728040K->2203872K(2796544K)
[2025-08-01T02:27:40.880+0000] GC(142) Metaspace: 9712K(12544K)->9712K(12544K) NonClass: 8546K(11008K)->8546K(11008K) Class: 1166K(1536K)->1166K(1536K)
[2025-08-01T02:27:40.880+0000] GC(142) Pause Young (Allocation Failure) 2593M->2607M(3641M) 259.452ms
[2025-08-01T02:27:40.880+0000] GC(142) User=2.00s Sys=0.06s Real=0.26s
[2025-08-01T02:27:40.880+0000] GC(143) Pause Full (Ergonomics)
[2025-08-01T02:27:40.880+0000] GC(143) Marking Phase
[2025-08-01T02:27:40.937+0000] GC(143) Marking Phase 57.082ms
[2025-08-01T02:27:40.937+0000] GC(143) Summary Phase
[2025-08-01T02:27:40.937+0000] GC(143) Summary Phase 0.088ms
[2025-08-01T02:27:40.937+0000] GC(143) Adjust Roots
[2025-08-01T02:27:40.939+0000] GC(143) Adjust Roots 1.765ms
[2025-08-01T02:27:40.939+0000] GC(143) Compaction Phase
[2025-08-01T02:27:41.116+0000] GC(143) Compaction Phase 176.502ms
[2025-08-01T02:27:41.116+0000] GC(143) Post Compact
[2025-08-01T02:27:41.133+0000] GC(143) Post Compact 17.593ms
[2025-08-01T02:27:41.133+0000] GC(143) PSYoungGen: 465920K->0K(931840K)
[2025-08-01T02:27:41.133+0000] GC(143) ParOldGen: 2203872K->1099707K(2796544K)
[2025-08-01T02:27:41.133+0000] GC(143) Metaspace: 9712K(12544K)->9712K(12544K) NonClass: 8546K(11008K)->8546K(11008K) Class: 1166K(1536K)->1166K(1536K)
[2025-08-01T02:27:41.133+0000] GC(143) Pause Full (Ergonomics) 2607M->1073M(3641M) 253.382ms
[2025-08-01T02:27:41.134+0000] GC(143) User=1.84s Sys=0.00s Real=0.26s
[2025-08-01T02:27:41.219+0000] GC(144) Pause Young (Allocation Failure)
[2025-08-01T02:27:41.331+0000] GC(144) PSYoungGen: 465920K->465920K(931840K)
[2025-08-01T02:27:41.331+0000] GC(144) ParOldGen: 1099707K->1106291K(2796544K)
[2025-08-01T02:27:41.331+0000] GC(144) Metaspace: 9712K(12544K)->9712K(12544K) NonClass: 8546K(11008K)->8546K(11008K) Class: 1166K(1536K)->1166K(1536K)
[2025-08-01T02:27:41.331+0000] GC(144) Pause Young (Allocation Failure) 1528M->1535M(3641M) 112.106ms
[2025-08-01T02:27:41.331+0000] GC(144) User=0.77s Sys=0.02s Real=0.11s
[2025-08-01T02:27:41.419+0000] GC(145) Pause Young (Allocation Failure)
[2025-08-01T02:27:41.540+0000] GC(145) PSYoungGen: 931840K->296192K(931840K)
[2025-08-01T02:27:41.541+0000] GC(145) ParOldGen: 1106291K->1235851K(2796544K)
[2025-08-01T02:27:41.541+0000] GC(145) Metaspace: 9712K(12544K)->9712K(12544K) NonClass: 8546K(11008K)->8546K(11008K) Class: 1166K(1536K)->1166K(1536K)
[2025-08-01T02:27:41.541+0000] GC(145) Pause Young (Allocation Failure) 1990M->1496M(3641M) 121.825ms
[2025-08-01T02:27:41.541+0000] GC(145) User=0.90s Sys=0.04s Real=0.12s
[2025-08-01T02:27:41.630+0000] GC(146) Pause Young (Allocation Failure)
[2025-08-01T02:27:41.768+0000] GC(146) PSYoungGen: 762112K->443552K(931840K)
[2025-08-01T02:27:41.768+0000] GC(146) ParOldGen: 1235851K->1437875K(2796544K)
[2025-08-01T02:27:41.768+0000] GC(146) Metaspace: 9712K(12544K)->9712K(12544K) NonClass: 8546K(11008K)->8546K(11008K) Class: 1166K(1536K)->1166K(1536K)
[2025-08-01T02:27:41.768+0000] GC(146) Pause Young (Allocation Failure) 1951M->1837M(3641M) 137.821ms
[2025-08-01T02:27:41.768+0000] GC(146) User=1.07s Sys=0.02s Real=0.14s
[2025-08-01T02:27:41.853+0000] GC(147) Pause Young (Allocation Failure)
[2025-08-01T02:27:42.030+0000] GC(147) PSYoungGen: 909472K->465920K(931840K)
[2025-08-01T02:27:42.030+0000] GC(147) ParOldGen: 1437875K->1893731K(2796544K)
[2025-08-01T02:27:42.030+0000] GC(147) Metaspace: 9712K(12544K)->9712K(12544K) NonClass: 8546K(11008K)->8546K(11008K) Class: 1166K(1536K)->1166K(1536K)
[2025-08-01T02:27:42.030+0000] GC(147) Pause Young (Allocation Failure) 2292M->2304M(3641M) 177.044ms
[2025-08-01T02:27:42.030+0000] GC(147) User=1.40s Sys=0.00s Real=0.17s
[2025-08-01T02:27:42.117+0000] GC(148) Pause Young (Allocation Failure)
[2025-08-01T02:27:42.371+0000] GC(148) PSYoungGen: 931840K->465920K(931840K)
[2025-08-01T02:27:42.371+0000] GC(148) ParOldGen: 1893731K->2373603K(2796544K)
[2025-08-01T02:27:42.371+0000] GC(148) Metaspace: 9712K(12544K)->9712K(12544K) NonClass: 8546K(11008K)->8546K(11008K) Class: 1166K(1536K)->1166K(1536K)
[2025-08-01T02:27:42.371+0000] GC(148) Pause Young (Allocation Failure) 2759M->2772M(3641M) 253.847ms
[2025-08-01T02:27:42.371+0000] GC(148) User=1.89s Sys=0.09s Real=0.25s
[2025-08-01T02:27:42.371+0000] GC(149) Pause Full (Ergonomics)
[2025-08-01T02:27:42.371+0000] GC(149) Marking Phase
[2025-08-01T02:27:42.448+0000] GC(149) Marking Phase 77.296ms
[2025-08-01T02:27:42.448+0000] GC(149) Summary Phase
[2025-08-01T02:27:42.448+0000] GC(149) Summary Phase 0.097ms
[2025-08-01T02:27:42.448+0000] GC(149) Adjust Roots
[2025-08-01T02:27:42.450+0000] GC(149) Adjust Roots 1.808ms
[2025-08-01T02:27:42.450+0000] GC(149) Compaction Phase
[2025-08-01T02:27:42.703+0000] GC(149) Compaction Phase 253.174ms
[2025-08-01T02:27:42.704+0000] GC(149) Post Compact
[2025-08-01T02:27:42.724+0000] GC(149) Post Compact 20.242ms
[2025-08-01T02:27:42.724+0000] GC(149) PSYoungGen: 465920K->0K(931840K)
[2025-08-01T02:27:42.724+0000] GC(149) ParOldGen: 2373603K->1574532K(2796544K)
[2025-08-01T02:27:42.724+0000] GC(149) Metaspace: 9712K(12544K)->9712K(12544K) NonClass: 8546K(11008K)->8546K(11008K) Class: 1166K(1536K)->1166K(1536K)
[2025-08-01T02:27:42.724+0000] GC(149) Pause Full (Ergonomics) 2772M->1537M(3641M) 353.035ms
[2025-08-01T02:27:42.724+0000] GC(149) User=2.61s Sys=0.00s Real=0.36s
[2025-08-01T02:27:42.813+0000] GC(150) Pause Young (Allocation Failure)
[2025-08-01T02:27:42.881+0000] GC(150) PSYoungGen: 465920K->182880K(931840K)
[2025-08-01T02:27:42.881+0000] GC(150) ParOldGen: 1574532K->1574532K(2796544K)
[2025-08-01T02:27:42.881+0000] GC(150) Metaspace: 9712K(12544K)->9712K(12544K) NonClass: 8546K(11008K)->8546K(11008K) Class: 1166K(1536K)->1166K(1536K)
[2025-08-01T02:27:42.881+0000] GC(150) Pause Young (Allocation Failure) 1992M->1716M(3641M) 67.806ms
[2025-08-01T02:27:42.881+0000] GC(150) User=0.46s Sys=0.01s Real=0.06s
[2025-08-01T02:27:42.968+0000] GC(151) Pause Young (Allocation Failure)
[2025-08-01T02:27:43.152+0000] GC(151) PSYoungGen: 648800K->465920K(931840K)
[2025-08-01T02:27:43.152+0000] GC(151) ParOldGen: 1574532K->1765476K(2796544K)
[2025-08-01T02:27:43.152+0000] GC(151) Metaspace: 9712K(12544K)->9712K(12544K) NonClass: 8546K(11008K)->8546K(11008K) Class: 1166K(1536K)->1166K(1536K)
[2025-08-01T02:27:43.152+0000] GC(151) Pause Young (Allocation Failure) 2171M->2179M(3641M) 183.959ms
[2025-08-01T02:27:43.152+0000] GC(151) User=1.31s Sys=0.08s Real=0.18s
[2025-08-01T02:27:43.237+0000] GC(152) Pause Young (Allocation Failure)
[2025-08-01T02:27:43.415+0000] GC(152) PSYoungGen: 931840K->465920K(931840K)
[2025-08-01T02:27:43.415+0000] GC(152) ParOldGen: 1765476K->2241604K(2796544K)
[2025-08-01T02:27:43.415+0000] GC(152) Metaspace: 9712K(12544K)->9712K(12544K) NonClass: 8546K(11008K)->8546K(11008K) Class: 1166K(1536K)->1166K(1536K)
[2025-08-01T02:27:43.415+0000] GC(152) Pause Young (Allocation Failure) 2634M->2644M(3641M) 178.116ms
[2025-08-01T02:27:43.415+0000] GC(152) User=1.40s Sys=0.00s Real=0.18s
[2025-08-01T02:27:43.415+0000] GC(153) Pause Full (Ergonomics)
[2025-08-01T02:27:43.415+0000] GC(153) Marking Phase
[2025-08-01T02:27:43.479+0000] GC(153) Marking Phase 63.294ms
[2025-08-01T02:27:43.479+0000] GC(153) Summary Phase
[2025-08-01T02:27:43.479+0000] GC(153) Summary Phase 0.090ms
[2025-08-01T02:27:43.479+0000] GC(153) Adjust Roots
[2025-08-01T02:27:43.481+0000] GC(153) Adjust Roots 2.029ms
[2025-08-01T02:27:43.481+0000] GC(153) Compaction Phase
[2025-08-01T02:27:43.656+0000] GC(153) Compaction Phase 175.284ms
[2025-08-01T02:27:43.656+0000] GC(153) Post Compact
[2025-08-01T02:27:43.675+0000] GC(153) Post Compact 18.247ms
[2025-08-01T02:27:43.675+0000] GC(153) PSYoungGen: 465920K->0K(931840K)
[2025-08-01T02:27:43.675+0000] GC(153) ParOldGen: 2241604K->1117771K(2796544K)
[2025-08-01T02:27:43.675+0000] GC(153) Metaspace: 9712K(12544K)->9712K(12544K) NonClass: 8546K(11008K)->8546K(11008K) Class: 1166K(1536K)->1166K(1536K)
[2025-08-01T02:27:43.675+0000] GC(153) Pause Full (Ergonomics) 2644M->1091M(3641M) 259.322ms
[2025-08-01T02:27:43.675+0000] GC(153) User=1.86s Sys=0.00s Real=0.26s
[2025-08-01T02:27:43.762+0000] GC(154) Pause Young (Allocation Failure)
[2025-08-01T02:27:43.914+0000] GC(154) PSYoungGen: 465920K->465920K(931840K)
[2025-08-01T02:27:43.914+0000] GC(154) ParOldGen: 1117771K->1120507K(2796544K)
[2025-08-01T02:27:43.914+0000] GC(154) Metaspace: 9712K(12544K)->9712K(12544K) NonClass: 8546K(11008K)->8546K(11008K) Class: 1166K(1536K)->1166K(1536K)
[2025-08-01T02:27:43.914+0000] GC(154) Pause Young (Allocation Failure) 1546M->1549M(3641M) 152.712ms
[2025-08-01T02:27:43.914+0000] GC(154) User=1.18s Sys=0.02s Real=0.16s
[2025-08-01T02:27:44.001+0000] GC(155) Pause Young (Allocation Failure)
[2025-08-01T02:27:44.067+0000] GC(155) PSYoungGen: 931840K->187776K(931840K)
[2025-08-01T02:27:44.067+0000] GC(155) ParOldGen: 1120507K->1120555K(2796544K)
[2025-08-01T02:27:44.067+0000] GC(155) Metaspace: 9712K(12544K)->9712K(12544K) NonClass: 8546K(11008K)->8546K(11008K) Class: 1166K(1536K)->1166K(1536K)
[2025-08-01T02:27:44.067+0000] GC(155) Pause Young (Allocation Failure) 2004M->1277M(3641M) 65.861ms
[2025-08-01T02:27:44.067+0000] GC(155) User=0.49s Sys=0.02s Real=0.07s
[2025-08-01T02:27:44.154+0000] GC(156) Pause Young (Allocation Failure)
[2025-08-01T02:27:44.289+0000] GC(156) PSYoungGen: 653696K->465920K(931840K)
[2025-08-01T02:27:44.289+0000] GC(156) ParOldGen: 1120555K->1317211K(2796544K)
[2025-08-01T02:27:44.289+0000] GC(156) Metaspace: 9712K(12544K)->9712K(12544K) NonClass: 8546K(11008K)->8546K(11008K) Class: 1166K(1536K)->1166K(1536K)
[2025-08-01T02:27:44.290+0000] GC(156) Pause Young (Allocation Failure) 1732M->1741M(3641M) 135.124ms
[2025-08-01T02:27:44.290+0000] GC(156) User=1.06s Sys=0.02s Real=0.13s
[2025-08-01T02:27:44.376+0000] GC(157) Pause Young (Allocation Failure)
[2025-08-01T02:27:44.614+0000] GC(157) PSYoungGen: 931840K->465920K(931840K)
[2025-08-01T02:27:44.614+0000] GC(157) ParOldGen: 1317211K->1795579K(2796544K)
[2025-08-01T02:27:44.614+0000] GC(157) Metaspace: 9712K(12544K)->9712K(12544K) NonClass: 8546K(11008K)->8546K(11008K) Class: 1166K(1536K)->1166K(1536K)
[2025-08-01T02:27:44.614+0000] GC(157) Pause Young (Allocation Failure) 2196M->2208M(3641M) 237.972ms
[2025-08-01T02:27:44.614+0000] GC(157) User=1.75s Sys=0.09s Real=0.24s
[2025-08-01T02:27:44.703+0000] GC(158) Pause Young (Allocation Failure)
[2025-08-01T02:27:44.882+0000] GC(158) PSYoungGen: 931840K->465920K(931840K)
[2025-08-01T02:27:44.882+0000] GC(158) ParOldGen: 1795579K->2273635K(2796544K)
[2025-08-01T02:27:44.882+0000] GC(158) Metaspace: 9712K(12544K)->9712K(12544K) NonClass: 8546K(11008K)->8546K(11008K) Class: 1166K(1536K)->1166K(1536K)
[2025-08-01T02:27:44.882+0000] GC(158) Pause Young (Allocation Failure) 2663M->2675M(3641M) 178.968ms
[2025-08-01T02:27:44.882+0000] GC(158) User=1.41s Sys=0.01s Real=0.17s
[2025-08-01T02:27:44.882+0000] GC(159) Pause Full (Ergonomics)
[2025-08-01T02:27:44.882+0000] GC(159) Marking Phase
[2025-08-01T02:27:44.969+0000] GC(159) Marking Phase 87.129ms
[2025-08-01T02:27:44.969+0000] GC(159) Summary Phase
[2025-08-01T02:27:44.969+0000] GC(159) Summary Phase 0.095ms
[2025-08-01T02:27:44.969+0000] GC(159) Adjust Roots
[2025-08-01T02:27:44.971+0000] GC(159) Adjust Roots 1.790ms
[2025-08-01T02:27:44.971+0000] GC(159) Compaction Phase
[2025-08-01T02:27:45.244+0000] GC(159) Compaction Phase 272.720ms
[2025-08-01T02:27:45.244+0000] GC(159) Post Compact
[2025-08-01T02:27:45.262+0000] GC(159) Post Compact 18.008ms
[2025-08-01T02:27:45.262+0000] GC(159) PSYoungGen: 465920K->0K(931840K)
[2025-08-01T02:27:45.262+0000] GC(159) ParOldGen: 2273635K->1591507K(2796544K)
[2025-08-01T02:27:45.262+0000] GC(159) Metaspace: 9712K(12544K)->9712K(12544K) NonClass: 8546K(11008K)->8546K(11008K) Class: 1166K(1536K)->1166K(1536K)
[2025-08-01T02:27:45.262+0000] GC(159) Pause Full (Ergonomics) 2675M->1554M(3641M) 380.181ms
[2025-08-01T02:27:45.262+0000] GC(159) User=2.84s Sys=0.02s Real=0.38s
[2025-08-01T02:27:45.393+0000] GC(160) Pause Young (Allocation Failure)
[2025-08-01T02:27:45.484+0000] GC(160) PSYoungGen: 465920K->199040K(931840K)
[2025-08-01T02:27:45.484+0000] GC(160) ParOldGen: 1591507K->1591507K(2796544K)
[2025-08-01T02:27:45.484+0000] GC(160) Metaspace: 9712K(12544K)->9712K(12544K) NonClass: 8546K(11008K)->8546K(11008K) Class: 1166K(1536K)->1166K(1536K)
[2025-08-01T02:27:45.484+0000] GC(160) Pause Young (Allocation Failure) 2009M->1748M(3641M) 91.290ms
[2025-08-01T02:27:45.484+0000] GC(160) User=0.68s Sys=0.03s Real=0.10s
[2025-08-01T02:27:45.579+0000] GC(161) Pause Young (Allocation Failure)
[2025-08-01T02:27:45.743+0000] GC(161) PSYoungGen: 664960K->465920K(931840K)
[2025-08-01T02:27:45.743+0000] GC(161) ParOldGen: 1591507K->1799627K(2796544K)
[2025-08-01T02:27:45.743+0000] GC(161) Metaspace: 9712K(12544K)->9712K(12544K) NonClass: 8546K(11008K)->8546K(11008K) Class: 1166K(1536K)->1166K(1536K)
[2025-08-01T02:27:45.743+0000] GC(161) Pause Young (Allocation Failure) 2203M->2212M(3641M) 163.654ms
[2025-08-01T02:27:45.743+0000] GC(161) User=1.25s Sys=0.04s Real=0.16s
[2025-08-01T02:27:45.832+0000] GC(162) Pause Young (Allocation Failure)
[2025-08-01T02:27:46.006+0000] GC(162) PSYoungGen: 931840K->465920K(931840K)
[2025-08-01T02:27:46.006+0000] GC(162) ParOldGen: 1799627K->2277275K(2796544K)
[2025-08-01T02:27:46.006+0000] GC(162) Metaspace: 9712K(12544K)->9712K(12544K) NonClass: 8546K(11008K)->8546K(11008K) Class: 1166K(1536K)->1166K(1536K)
[2025-08-01T02:27:46.006+0000] GC(162) Pause Young (Allocation Failure) 2667M->2678M(3641M) 173.881ms
[2025-08-01T02:27:46.006+0000] GC(162) User=1.36s Sys=0.00s Real=0.18s
[2025-08-01T02:27:46.006+0000] GC(163) Pause Full (Ergonomics)
[2025-08-01T02:27:46.006+0000] GC(163) Marking Phase
[2025-08-01T02:27:46.061+0000] GC(163) Marking Phase 55.009ms
[2025-08-01T02:27:46.062+0000] GC(163) Summary Phase
[2025-08-01T02:27:46.062+0000] GC(163) Summary Phase 0.082ms
[2025-08-01T02:27:46.062+0000] GC(163) Adjust Roots
[2025-08-01T02:27:46.063+0000] GC(163) Adjust Roots 1.793ms
[2025-08-01T02:27:46.063+0000] GC(163) Compaction Phase
[2025-08-01T02:27:46.258+0000] GC(163) Compaction Phase 194.697ms
[2025-08-01T02:27:46.258+0000] GC(163) Post Compact
[2025-08-01T02:27:46.277+0000] GC(163) Post Compact 18.394ms
[2025-08-01T02:27:46.277+0000] GC(163) PSYoungGen: 465920K->0K(931840K)
[2025-08-01T02:27:46.277+0000] GC(163) ParOldGen: 2277275K->1136770K(2796544K)
[2025-08-01T02:27:46.277+0000] GC(163) Metaspace: 9712K(12544K)->9712K(12544K) NonClass: 8546K(11008K)->8546K(11008K) Class: 1166K(1536K)->1166K(1536K)
[2025-08-01T02:27:46.277+0000] GC(163) Pause Full (Ergonomics) 2678M->1110M(3641M) 270.449ms
[2025-08-01T02:27:46.277+0000] GC(163) User=1.95s Sys=0.02s Real=0.27s
[2025-08-01T02:27:46.366+0000] GC(164) Pause Young (Allocation Failure)
[2025-08-01T02:27:46.541+0000] GC(164) PSYoungGen: 465920K->465920K(931840K)
[2025-08-01T02:27:46.541+0000] GC(164) ParOldGen: 1136770K->1143146K(2796544K)
[2025-08-01T02:27:46.541+0000] GC(164) Metaspace: 9712K(12544K)->9712K(12544K) NonClass: 8546K(11008K)->8546K(11008K) Class: 1166K(1536K)->1166K(1536K)
[2025-08-01T02:27:46.541+0000] GC(164) Pause Young (Allocation Failure) 1565M->1571M(3641M) 174.883ms
[2025-08-01T02:27:46.541+0000] GC(164) User=1.30s Sys=0.05s Real=0.17s
[2025-08-01T02:27:46.676+0000] GC(165) Pause Young (Allocation Failure)
[2025-08-01T02:27:46.734+0000] GC(165) PSYoungGen: 931840K->207040K(931840K)
[2025-08-01T02:27:46.734+0000] GC(165) ParOldGen: 1143146K->1143218K(2796544K)
[2025-08-01T02:27:46.734+0000] GC(165) Metaspace: 9712K(12544K)->9712K(12544K) NonClass: 8546K(11008K)->8546K(11008K) Class: 1166K(1536K)->1166K(1536K)
[2025-08-01T02:27:46.735+0000] GC(165) Pause Young (Allocation Failure) 2026M->1318M(3641M) 58.643ms
[2025-08-01T02:27:46.735+0000] GC(165) User=0.44s Sys=0.01s Real=0.06s
[2025-08-01T02:27:46.821+0000] GC(166) Pause Young (Allocation Failure)
[2025-08-01T02:27:47.073+0000] GC(166) PSYoungGen: 672960K->465920K(931840K)
[2025-08-01T02:27:47.074+0000] GC(166) ParOldGen: 1143218K->1359626K(2796544K)
[2025-08-01T02:27:47.074+0000] GC(166) Metaspace: 9712K(12544K)->9712K(12544K) NonClass: 8546K(11008K)->8546K(11008K) Class: 1166K(1536K)->1166K(1536K)
[2025-08-01T02:27:47.074+0000] GC(166) Pause Young (Allocation Failure) 1773M->1782M(3641M) 252.530ms
[2025-08-01T02:27:47.074+0000] GC(166) User=1.91s Sys=0.07s Real=0.26s
[2025-08-01T02:27:47.159+0000] GC(167) Pause Young (Allocation Failure)
[2025-08-01T02:27:47.335+0000] GC(167) PSYoungGen: 931840K->465920K(931840K)
[2025-08-01T02:27:47.335+0000] GC(167) ParOldGen: 1359626K->1835538K(2796544K)
[2025-08-01T02:27:47.335+0000] GC(167) Metaspace: 9712K(12544K)->9712K(12544K) NonClass: 8546K(11008K)->8546K(11008K) Class: 1166K(1536K)->1166K(1536K)
[2025-08-01T02:27:47.335+0000] GC(167) Pause Young (Allocation Failure) 2237M->2247M(3641M) 176.051ms
[2025-08-01T02:27:47.335+0000] GC(167) User=1.38s Sys=0.00s Real=0.18s
[2025-08-01T02:27:47.422+0000] GC(168) Pause Young (Allocation Failure)
[2025-08-01T02:27:47.685+0000] GC(168) PSYoungGen: 931840K->465920K(931840K)
[2025-08-01T02:27:47.685+0000] GC(168) ParOldGen: 1835538K->2313738K(2796544K)
[2025-08-01T02:27:47.685+0000] GC(168) Metaspace: 9712K(12544K)->9712K(12544K) NonClass: 8546K(11008K)->8546K(11008K) Class: 1166K(1536K)->1166K(1536K)
[2025-08-01T02:27:47.685+0000] GC(168) Pause Young (Allocation Failure) 2702M->2714M(3641M) 262.811ms
[2025-08-01T02:27:47.685+0000] GC(168) User=1.96s Sys=0.08s Real=0.27s
[2025-08-01T02:27:47.685+0000] GC(169) Pause Full (Ergonomics)
[2025-08-01T02:27:47.685+0000] GC(169) Marking Phase
[2025-08-01T02:27:47.775+0000] GC(169) Marking Phase 89.174ms
[2025-08-01T02:27:47.775+0000] GC(169) Summary Phase
[2025-08-01T02:27:47.775+0000] GC(169) Summary Phase 0.072ms
[2025-08-01T02:27:47.775+0000] GC(169) Adjust Roots
[2025-08-01T02:27:47.776+0000] GC(169) Adjust Roots 1.655ms
[2025-08-01T02:27:47.776+0000] GC(169) Compaction Phase
[2025-08-01T02:27:48.030+0000] GC(169) Compaction Phase 253.184ms
[2025-08-01T02:27:48.030+0000] GC(169) Post Compact
[2025-08-01T02:27:48.048+0000] GC(169) Post Compact 18.243ms
[2025-08-01T02:27:48.048+0000] GC(169) PSYoungGen: 465920K->0K(931840K)
[2025-08-01T02:27:48.048+0000] GC(169) ParOldGen: 2313738K->1606460K(2796544K)
[2025-08-01T02:27:48.048+0000] GC(169) Metaspace: 9712K(12544K)->9712K(12544K) NonClass: 8546K(11008K)->8546K(11008K) Class: 1166K(1536K)->1166K(1536K)
[2025-08-01T02:27:48.048+0000] GC(169) Pause Full (Ergonomics) 2714M->1568M(3641M) 362.700ms
[2025-08-01T02:27:48.048+0000] GC(169) User=2.72s Sys=0.00s Real=0.36s
[2025-08-01T02:27:48.144+0000] GC(170) Pause Young (Allocation Failure)
[2025-08-01T02:27:48.295+0000] GC(170) PSYoungGen: 465920K->351200K(931840K)
[2025-08-01T02:27:48.295+0000] GC(170) ParOldGen: 1606460K->1606460K(2796544K)
[2025-08-01T02:27:48.295+0000] GC(170) Metaspace: 9712K(12544K)->9712K(12544K) NonClass: 8546K(11008K)->8546K(11008K) Class: 1166K(1536K)->1166K(1536K)
[2025-08-01T02:27:48.295+0000] GC(170) Pause Young (Allocation Failure) 2023M->1911M(3641M) 151.220ms
[2025-08-01T02:27:48.295+0000] GC(170) User=1.14s Sys=0.05s Real=0.15s
[2025-08-01T02:27:48.436+0000] GC(171) Pause Young (Allocation Failure)
[2025-08-01T02:27:48.602+0000] GC(171) PSYoungGen: 817120K->453856K(931840K)
[2025-08-01T02:27:48.602+0000] GC(171) ParOldGen: 1606460K->1842636K(2796544K)
[2025-08-01T02:27:48.602+0000] GC(171) Metaspace: 9712K(12544K)->9712K(12544K) NonClass: 8546K(11008K)->8546K(11008K) Class: 1166K(1536K)->1166K(1536K)
[2025-08-01T02:27:48.602+0000] GC(171) Pause Young (Allocation Failure) 2366M->2242M(3641M) 166.539ms
[2025-08-01T02:27:48.602+0000] GC(171) User=1.29s Sys=0.03s Real=0.16s
[2025-08-01T02:27:48.691+0000] GC(172) Pause Young (Allocation Failure)
[2025-08-01T02:27:48.858+0000] GC(172) PSYoungGen: 919776K->465920K(931840K)
[2025-08-01T02:27:48.858+0000] GC(172) ParOldGen: 1842636K->2308028K(2796544K)
[2025-08-01T02:27:48.858+0000] GC(172) Metaspace: 9712K(12544K)->9712K(12544K) NonClass: 8546K(11008K)->8546K(11008K) Class: 1166K(1536K)->1166K(1536K)
[2025-08-01T02:27:48.858+0000] GC(172) Pause Young (Allocation Failure) 2697M->2708M(3641M) 166.841ms
[2025-08-01T02:27:48.858+0000] GC(172) User=1.32s Sys=0.00s Real=0.17s
[2025-08-01T02:27:48.858+0000] GC(173) Pause Full (Ergonomics)
[2025-08-01T02:27:48.858+0000] GC(173) Marking Phase
[2025-08-01T02:27:48.935+0000] GC(173) Marking Phase 76.794ms
[2025-08-01T02:27:48.935+0000] GC(173) Summary Phase
[2025-08-01T02:27:48.935+0000] GC(173) Summary Phase 0.105ms
[2025-08-01T02:27:48.935+0000] GC(173) Adjust Roots
[2025-08-01T02:27:48.937+0000] GC(173) Adjust Roots 2.076ms
[2025-08-01T02:27:48.937+0000] GC(173) Compaction Phase
[2025-08-01T02:27:49.135+0000] GC(173) Compaction Phase 197.326ms
[2025-08-01T02:27:49.135+0000] GC(173) Post Compact
[2025-08-01T02:27:49.153+0000] GC(173) Post Compact 18.062ms
[2025-08-01T02:27:49.153+0000] GC(173) PSYoungGen: 465920K->0K(931840K)
[2025-08-01T02:27:49.153+0000] GC(173) ParOldGen: 2308028K->1152736K(2796544K)
[2025-08-01T02:27:49.153+0000] GC(173) Metaspace: 9712K(12544K)->9712K(12544K) NonClass: 8546K(11008K)->8546K(11008K) Class: 1166K(1536K)->1166K(1536K)
[2025-08-01T02:27:49.153+0000] GC(173) Pause Full (Ergonomics) 2708M->1125M(3641M) 294.799ms
[2025-08-01T02:27:49.153+0000] GC(173) User=2.13s Sys=0.01s Real=0.30s
[2025-08-01T02:27:49.244+0000] GC(174) Pause Young (Allocation Failure)
[2025-08-01T02:27:49.385+0000] GC(174) PSYoungGen: 465920K->465920K(931840K)
[2025-08-01T02:27:49.385+0000] GC(174) ParOldGen: 1152736K->1159584K(2796544K)
[2025-08-01T02:27:49.385+0000] GC(174) Metaspace: 9712K(12544K)->9712K(12544K) NonClass: 8546K(11008K)->8546K(11008K) Class: 1166K(1536K)->1166K(1536K)
[2025-08-01T02:27:49.385+0000] GC(174) Pause Young (Allocation Failure) 1580M->1587M(3641M) 141.349ms
[2025-08-01T02:27:49.385+0000] GC(174) User=1.07s Sys=0.04s Real=0.14s
[2025-08-01T02:27:49.482+0000] GC(175) Pause Young (Allocation Failure)
[2025-08-01T02:27:49.597+0000] GC(175) PSYoungGen: 931840K->365920K(931840K)
[2025-08-01T02:27:49.597+0000] GC(175) ParOldGen: 1159584K->1276432K(2796544K)
[2025-08-01T02:27:49.597+0000] GC(175) Metaspace: 9712K(12544K)->9712K(12544K) NonClass: 8546K(11008K)->8546K(11008K) Class: 1166K(1536K)->1166K(1536K)
[2025-08-01T02:27:49.597+0000] GC(175) Pause Young (Allocation Failure) 2042M->1603M(3641M) 114.650ms
[2025-08-01T02:27:49.597+0000] GC(175) User=0.87s Sys=0.02s Real=0.12s
[2025-08-01T02:27:49.746+0000] GC(176) Pause Young (Allocation Failure)
[2025-08-01T02:27:49.970+0000] GC(176) PSYoungGen: 831840K->463296K(931840K)
[2025-08-01T02:27:49.970+0000] GC(176) ParOldGen: 1276432K->1513880K(2796544K)
[2025-08-01T02:27:49.970+0000] GC(176) Metaspace: 9712K(12544K)->9712K(12544K) NonClass: 8546K(11008K)->8546K(11008K) Class: 1166K(1536K)->1166K(1536K)
[2025-08-01T02:27:49.970+0000] GC(176) Pause Young (Allocation Failure) 2058M->1930M(3641M) 224.513ms
[2025-08-01T02:27:49.970+0000] GC(176) User=1.73s Sys=0.05s Real=0.22s
[2025-08-01T02:27:50.060+0000] GC(177) Pause Young (Allocation Failure)
[2025-08-01T02:27:50.328+0000] GC(177) PSYoungGen: 929216K->465920K(931840K)
[2025-08-01T02:27:50.328+0000] GC(177) ParOldGen: 1513880K->1990528K(2796544K)
[2025-08-01T02:27:50.328+0000] GC(177) Metaspace: 9712K(12544K)->9712K(12544K) NonClass: 8546K(11008K)->8546K(11008K) Class: 1166K(1536K)->1166K(1536K)
[2025-08-01T02:27:50.328+0000] GC(177) Pause Young (Allocation Failure) 2385M->2398M(3641M) 267.753ms
[2025-08-01T02:27:50.328+0000] GC(177) User=2.03s Sys=0.08s Real=0.27s
[2025-08-01T02:27:50.417+0000] GC(178) Pause Young (Allocation Failure)
[2025-08-01T02:27:50.610+0000] GC(178) PSYoungGen: 931840K->465920K(931840K)
[2025-08-01T02:27:50.610+0000] GC(178) ParOldGen: 1990528K->2465760K(2796544K)
[2025-08-01T02:27:50.610+0000] GC(178) Metaspace: 9712K(12544K)->9712K(12544K) NonClass: 8546K(11008K)->8546K(11008K) Class: 1166K(1536K)->1166K(1536K)
[2025-08-01T02:27:50.610+0000] GC(178) Pause Young (Allocation Failure) 2853M->2862M(3641M) 193.128ms
[2025-08-01T02:27:50.610+0000] GC(178) User=1.51s Sys=0.02s Real=0.19s
[2025-08-01T02:27:50.610+0000] GC(179) Pause Full (Ergonomics)
[2025-08-01T02:27:50.610+0000] GC(179) Marking Phase
[2025-08-01T02:27:50.696+0000] GC(179) Marking Phase 85.083ms
[2025-08-01T02:27:50.696+0000] GC(179) Summary Phase
[2025-08-01T02:27:50.696+0000] GC(179) Summary Phase 0.100ms
[2025-08-01T02:27:50.696+0000] GC(179) Adjust Roots
[2025-08-01T02:27:50.698+0000] GC(179) Adjust Roots 2.176ms
[2025-08-01T02:27:50.698+0000] GC(179) Compaction Phase
[2025-08-01T02:27:50.948+0000] GC(179) Compaction Phase 250.064ms
[2025-08-01T02:27:50.948+0000] GC(179) Post Compact
[2025-08-01T02:27:50.967+0000] GC(179) Post Compact 18.354ms
[2025-08-01T02:27:50.967+0000] GC(179) PSYoungGen: 465920K->0K(931840K)
[2025-08-01T02:27:50.967+0000] GC(179) ParOldGen: 2465760K->1626009K(2796544K)
[2025-08-01T02:27:50.967+0000] GC(179) Metaspace: 9712K(12544K)->9712K(12544K) NonClass: 8546K(11008K)->8546K(11008K) Class: 1166K(1536K)->1166K(1536K)
[2025-08-01T02:27:50.967+0000] GC(179) Pause Full (Ergonomics) 2862M->1587M(3641M) 356.175ms
[2025-08-01T02:27:50.967+0000] GC(179) User=2.64s Sys=0.00s Real=0.36s
[2025-08-01T02:27:51.061+0000] GC(180) Pause Young (Allocation Failure)
[2025-08-01T02:27:51.164+0000] GC(180) PSYoungGen: 465920K->366240K(931840K)
[2025-08-01T02:27:51.165+0000] GC(180) ParOldGen: 1626009K->1626009K(2796544K)
[2025-08-01T02:27:51.165+0000] GC(180) Metaspace: 9712K(12544K)->9712K(12544K) NonClass: 8546K(11008K)->8546K(11008K) Class: 1166K(1536K)->1166K(1536K)
[2025-08-01T02:27:51.165+0000] GC(180) Pause Young (Allocation Failure) 2042M->1945M(3641M) 103.385ms
[2025-08-01T02:27:51.165+0000] GC(180) User=0.79s Sys=0.02s Real=0.11s
[2025-08-01T02:27:51.308+0000] GC(181) Pause Young (Allocation Failure)
[2025-08-01T02:27:51.466+0000] GC(181) PSYoungGen: 832160K->459872K(931840K)
[2025-08-01T02:27:51.466+0000] GC(181) ParOldGen: 1626009K->1876809K(2796544K)
[2025-08-01T02:27:51.466+0000] GC(181) Metaspace: 9712K(12544K)->9712K(12544K) NonClass: 8546K(11008K)->8546K(11008K) Class: 1166K(1536K)->1166K(1536K)
[2025-08-01T02:27:51.466+0000] GC(181) Pause Young (Allocation Failure) 2400M->2281M(3641M) 158.206ms
[2025-08-01T02:27:51.466+0000] GC(181) User=1.22s Sys=0.02s Real=0.16s
[2025-08-01T02:27:51.557+0000] GC(182) Pause Young (Allocation Failure)
[2025-08-01T02:27:51.782+0000] GC(182) PSYoungGen: 925792K->465920K(931840K)
[2025-08-01T02:27:51.782+0000] GC(182) ParOldGen: 1876809K->2350561K(2796544K)
[2025-08-01T02:27:51.782+0000] GC(182) Metaspace: 9712K(12544K)->9712K(12544K) NonClass: 8546K(11008K)->8546K(11008K) Class: 1166K(1536K)->1166K(1536K)
[2025-08-01T02:27:51.782+0000] GC(182) Pause Young (Allocation Failure) 2736M->2750M(3641M) 225.254ms
[2025-08-01T02:27:51.782+0000] GC(182) User=1.70s Sys=0.05s Real=0.22s
[2025-08-01T02:27:51.782+0000] GC(183) Pause Full (Ergonomics)
[2025-08-01T02:27:51.782+0000] GC(183) Marking Phase
[2025-08-01T02:27:51.844+0000] GC(183) Marking Phase 62.307ms
[2025-08-01T02:27:51.845+0000] GC(183) Summary Phase
[2025-08-01T02:27:51.845+0000] GC(183) Summary Phase 0.102ms
[2025-08-01T02:27:51.845+0000] GC(183) Adjust Roots
[2025-08-01T02:27:51.846+0000] GC(183) Adjust Roots 1.723ms
[2025-08-01T02:27:51.846+0000] GC(183) Compaction Phase
[2025-08-01T02:27:52.032+0000] GC(183) Compaction Phase 185.098ms
[2025-08-01T02:27:52.032+0000] GC(183) Post Compact
[2025-08-01T02:27:52.051+0000] GC(183) Post Compact 19.144ms
[2025-08-01T02:27:52.051+0000] GC(183) PSYoungGen: 465920K->0K(931840K)
[2025-08-01T02:27:52.051+0000] GC(183) ParOldGen: 2350561K->1172557K(2796544K)
[2025-08-01T02:27:52.051+0000] GC(183) Metaspace: 9712K(12544K)->9712K(12544K) NonClass: 8546K(11008K)->8546K(11008K) Class: 1166K(1536K)->1166K(1536K)
[2025-08-01T02:27:52.051+0000] GC(183) Pause Full (Ergonomics) 2750M->1145M(3641M) 268.816ms
[2025-08-01T02:27:52.051+0000] GC(183) User=1.96s Sys=0.00s Real=0.27s
[2025-08-01T02:27:52.148+0000] GC(184) Pause Young (Allocation Failure)
[2025-08-01T02:27:52.290+0000] GC(184) PSYoungGen: 465920K->465920K(931840K)
[2025-08-01T02:27:52.290+0000] GC(184) ParOldGen: 1172557K->1176397K(2796544K)
[2025-08-01T02:27:52.290+0000] GC(184) Metaspace: 9712K(12544K)->9712K(12544K) NonClass: 8546K(11008K)->8546K(11008K) Class: 1166K(1536K)->1166K(1536K)
[2025-08-01T02:27:52.290+0000] GC(184) Pause Young (Allocation Failure) 1600M->1603M(3641M) 142.293ms
[2025-08-01T02:27:52.290+0000] GC(184) User=1.05s Sys=0.05s Real=0.14s
[2025-08-01T02:27:52.386+0000] GC(185) Pause Young (Allocation Failure)
[2025-08-01T02:27:52.508+0000] GC(185) PSYoungGen: 931840K->370496K(931840K)
[2025-08-01T02:27:52.508+0000] GC(185) ParOldGen: 1176397K->1295221K(2796544K)
[2025-08-01T02:27:52.508+0000] GC(185) Metaspace: 9712K(12544K)->9712K(12544K) NonClass: 8546K(11008K)->8546K(11008K) Class: 1166K(1536K)->1166K(1536K)
[2025-08-01T02:27:52.508+0000] GC(185) Pause Young (Allocation Failure) 2058M->1626M(3641M) 122.643ms
[2025-08-01T02:27:52.508+0000] GC(185) User=0.92s Sys=0.02s Real=0.12s
[2025-08-01T02:27:52.650+0000] GC(186) Pause Young (Allocation Failure)
[2025-08-01T02:27:52.861+0000] GC(186) PSYoungGen: 836416K->460288K(931840K)
[2025-08-01T02:27:52.862+0000] GC(186) ParOldGen: 1295221K->1555701K(2796544K)
[2025-08-01T02:27:52.862+0000] GC(186) Metaspace: 9712K(12544K)->9712K(12544K) NonClass: 8546K(11008K)->8546K(11008K) Class: 1166K(1536K)->1166K(1536K)
[2025-08-01T02:27:52.862+0000] GC(186) Pause Young (Allocation Failure) 2081M->1968M(3641M) 211.170ms
[2025-08-01T02:27:52.862+0000] GC(186) User=1.56s Sys=0.07s Real=0.21s
[2025-08-01T02:27:52.948+0000] GC(187) Pause Young (Allocation Failure)
[2025-08-01T02:27:53.140+0000] GC(187) PSYoungGen: 926208K->465920K(931840K)
[2025-08-01T02:27:53.140+0000] GC(187) ParOldGen: 1555701K->2027973K(2796544K)
[2025-08-01T02:27:53.140+0000] GC(187) Metaspace: 9712K(12544K)->9712K(12544K) NonClass: 8546K(11008K)->8546K(11008K) Class: 1166K(1536K)->1166K(1536K)
[2025-08-01T02:27:53.140+0000] GC(187) Pause Young (Allocation Failure) 2423M->2435M(3641M) 191.708ms
[2025-08-01T02:27:53.140+0000] GC(187) User=1.51s Sys=0.01s Real=0.19s
[2025-08-01T02:27:53.227+0000] GC(188) Pause Young (Allocation Failure)
[2025-08-01T02:27:53.414+0000] GC(188) PSYoungGen: 931840K->465920K(931840K)
[2025-08-01T02:27:53.414+0000] GC(188) ParOldGen: 2027973K->2503557K(2796544K)
[2025-08-01T02:27:53.414+0000] GC(188) Metaspace: 9712K(12544K)->9712K(12544K) NonClass: 8546K(11008K)->8546K(11008K) Class: 1166K(1536K)->1166K(1536K)
[2025-08-01T02:27:53.414+0000] GC(188) Pause Young (Allocation Failure) 2890M->2899M(3641M) 186.709ms
[2025-08-01T02:27:53.414+0000] GC(188) User=1.46s Sys=0.02s Real=0.19s
[2025-08-01T02:27:53.414+0000] GC(189) Pause Full (Ergonomics)
[2025-08-01T02:27:53.414+0000] GC(189) Marking Phase
[2025-08-01T02:27:53.502+0000] GC(189) Marking Phase 87.357ms
[2025-08-01T02:27:53.502+0000] GC(189) Summary Phase
[2025-08-01T02:27:53.502+0000] GC(189) Summary Phase 0.128ms
[2025-08-01T02:27:53.502+0000] GC(189) Adjust Roots
[2025-08-01T02:27:53.504+0000] GC(189) Adjust Roots 1.991ms
[2025-08-01T02:27:53.504+0000] GC(189) Compaction Phase
[2025-08-01T02:27:53.762+0000] GC(189) Compaction Phase 258.332ms
[2025-08-01T02:27:53.762+0000] GC(189) Post Compact
[2025-08-01T02:27:53.782+0000] GC(189) Post Compact 19.722ms
[2025-08-01T02:27:53.782+0000] GC(189) PSYoungGen: 465920K->0K(931840K)
[2025-08-01T02:27:53.782+0000] GC(189) ParOldGen: 2503557K->1646672K(2796544K)
[2025-08-01T02:27:53.782+0000] GC(189) Metaspace: 9712K(12544K)->9712K(12544K) NonClass: 8546K(11008K)->8546K(11008K) Class: 1166K(1536K)->1166K(1536K)
[2025-08-01T02:27:53.782+0000] GC(189) Pause Full (Ergonomics) 2899M->1608M(3641M) 367.946ms
[2025-08-01T02:27:53.782+0000] GC(189) User=2.75s Sys=0.00s Real=0.36s
[2025-08-01T02:27:53.879+0000] GC(190) Pause Young (Allocation Failure)
[2025-08-01T02:27:53.953+0000] GC(190) PSYoungGen: 465920K->387968K(931840K)
[2025-08-01T02:27:53.953+0000] GC(190) ParOldGen: 1646672K->1646672K(2796544K)
[2025-08-01T02:27:53.953+0000] GC(190) Metaspace: 9712K(12544K)->9712K(12544K) NonClass: 8546K(11008K)->8546K(11008K) Class: 1166K(1536K)->1166K(1536K)
[2025-08-01T02:27:53.953+0000] GC(190) Pause Young (Allocation Failure) 2063M->1986M(3641M) 73.962ms
[2025-08-01T02:27:53.953+0000] GC(190) User=0.58s Sys=0.00s Real=0.08s
[2025-08-01T02:27:54.037+0000] GC(191) Pause Young (Allocation Failure)
[2025-08-01T02:27:54.232+0000] GC(191) PSYoungGen: 853888K->464864K(931840K)
[2025-08-01T02:27:54.232+0000] GC(191) ParOldGen: 1646672K->1911952K(2796544K)
[2025-08-01T02:27:54.232+0000] GC(191) Metaspace: 9712K(12544K)->9712K(12544K) NonClass: 8546K(11008K)->8546K(11008K) Class: 1166K(1536K)->1166K(1536K)
[2025-08-01T02:27:54.232+0000] GC(191) Pause Young (Allocation Failure) 2441M->2321M(3641M) 195.210ms
[2025-08-01T02:27:54.232+0000] GC(191) User=1.51s Sys=0.02s Real=0.19s
[2025-08-01T02:27:54.320+0000] GC(192) Pause Young (Allocation Failure)
[2025-08-01T02:27:54.555+0000] GC(192) PSYoungGen: 930784K->465920K(931840K)
[2025-08-01T02:27:54.555+0000] GC(192) ParOldGen: 1911952K->2389616K(2796544K)
[2025-08-01T02:27:54.555+0000] GC(192) Metaspace: 9712K(12544K)->9712K(12544K) NonClass: 8546K(11008K)->8546K(11008K) Class: 1166K(1536K)->1166K(1536K)
[2025-08-01T02:27:54.555+0000] GC(192) Pause Young (Allocation Failure) 2776M->2788M(3641M) 235.267ms
[2025-08-01T02:27:54.555+0000] GC(192) User=1.81s Sys=0.05s Real=0.24s
[2025-08-01T02:27:54.555+0000] GC(193) Pause Full (Ergonomics)
[2025-08-01T02:27:54.556+0000] GC(193) Marking Phase
[2025-08-01T02:27:54.616+0000] GC(193) Marking Phase 60.278ms
[2025-08-01T02:27:54.616+0000] GC(193) Summary Phase
[2025-08-01T02:27:54.616+0000] GC(193) Summary Phase 0.106ms
[2025-08-01T02:27:54.616+0000] GC(193) Adjust Roots
[2025-08-01T02:27:54.618+0000] GC(193) Adjust Roots 1.829ms
[2025-08-01T02:27:54.618+0000] GC(193) Compaction Phase
[2025-08-01T02:27:54.813+0000] GC(193) Compaction Phase 195.248ms
[2025-08-01T02:27:54.813+0000] GC(193) Post Compact
[2025-08-01T02:27:54.833+0000] GC(193) Post Compact 19.544ms
[2025-08-01T02:27:54.833+0000] GC(193) PSYoungGen: 465920K->0K(931840K)
[2025-08-01T02:27:54.833+0000] GC(193) ParOldGen: 2389616K->1192603K(2796544K)
[2025-08-01T02:27:54.833+0000] GC(193) Metaspace: 9712K(12544K)->9712K(12544K) NonClass: 8546K(11008K)->8546K(11008K) Class: 1166K(1536K)->1166K(1536K)
[2025-08-01T02:27:54.833+0000] GC(193) Pause Full (Ergonomics) 2788M->1164M(3641M) 277.423ms
[2025-08-01T02:27:54.833+0000] GC(193) User=2.02s Sys=0.00s Real=0.28s
[2025-08-01T02:27:54.924+0000] GC(194) Pause Young (Allocation Failure)
[2025-08-01T02:27:55.034+0000] GC(194) PSYoungGen: 465920K->465920K(931840K)
[2025-08-01T02:27:55.035+0000] GC(194) ParOldGen: 1192603K->1198667K(2796544K)
[2025-08-01T02:27:55.035+0000] GC(194) Metaspace: 9712K(12544K)->9712K(12544K) NonClass: 8546K(11008K)->8546K(11008K) Class: 1166K(1536K)->1166K(1536K)
[2025-08-01T02:27:55.035+0000] GC(194) Pause Young (Allocation Failure) 1619M->1625M(3641M) 110.531ms
[2025-08-01T02:27:55.035+0000] GC(194) User=0.83s Sys=0.04s Real=0.11s
[2025-08-01T02:27:55.125+0000] GC(195) Pause Young (Allocation Failure)
[2025-08-01T02:27:55.243+0000] GC(195) PSYoungGen: 931840K->389344K(931840K)
[2025-08-01T02:27:55.243+0000] GC(195) ParOldGen: 1198667K->1323043K(2796544K)
[2025-08-01T02:27:55.243+0000] GC(195) Metaspace: 9712K(12544K)->9712K(12544K) NonClass: 8546K(11008K)->8546K(11008K) Class: 1166K(1536K)->1166K(1536K)
[2025-08-01T02:27:55.243+0000] GC(195) Pause Young (Allocation Failure) 2080M->1672M(3641M) 117.672ms
[2025-08-01T02:27:55.243+0000] GC(195) User=0.90s Sys=0.02s Real=0.12s
[2025-08-01T02:27:55.329+0000] GC(196) Pause Young (Allocation Failure)
[2025-08-01T02:27:55.502+0000] GC(196) PSYoungGen: 855264K->465920K(931840K)
[2025-08-01T02:27:55.502+0000] GC(196) ParOldGen: 1323043K->1595683K(2796544K)
[2025-08-01T02:27:55.502+0000] GC(196) Metaspace: 9712K(12544K)->9712K(12544K) NonClass: 8546K(11008K)->8546K(11008K) Class: 1166K(1536K)->1166K(1536K)
[2025-08-01T02:27:55.502+0000] GC(196) Pause Young (Allocation Failure) 2127M->2013M(3641M) 173.513ms
[2025-08-01T02:27:55.502+0000] GC(196) User=1.32s Sys=0.04s Real=0.17s
[2025-08-01T02:27:55.595+0000] GC(197) Pause Young (Allocation Failure)
[2025-08-01T02:27:55.846+0000] GC(197) PSYoungGen: 931840K->465920K(931840K)
[2025-08-01T02:27:55.846+0000] GC(197) ParOldGen: 1595683K->2072323K(2796544K)
[2025-08-01T02:27:55.846+0000] GC(197) Metaspace: 9712K(12544K)->9712K(12544K) NonClass: 8546K(11008K)->8546K(11008K) Class: 1166K(1536K)->1166K(1536K)
[2025-08-01T02:27:55.846+0000] GC(197) Pause Young (Allocation Failure) 2468M->2478M(3641M) 250.631ms
[2025-08-01T02:27:55.846+0000] GC(197) User=1.95s Sys=0.04s Real=0.25s
[2025-08-01T02:27:55.941+0000] GC(198) Pause Young (Allocation Failure)
[2025-08-01T02:27:56.167+0000] GC(198) PSYoungGen: 931840K->465920K(931840K)
[2025-08-01T02:27:56.167+0000] GC(198) ParOldGen: 2072323K->2552515K(2796544K)
[2025-08-01T02:27:56.167+0000] GC(198) Metaspace: 9712K(12544K)->9712K(12544K) NonClass: 8546K(11008K)->8546K(11008K) Class: 1166K(1536K)->1166K(1536K)
[2025-08-01T02:27:56.167+0000] GC(198) Pause Young (Allocation Failure) 2933M->2947M(3641M) 226.380ms
[2025-08-01T02:27:56.167+0000] GC(198) User=1.71s Sys=0.05s Real=0.23s
[2025-08-01T02:27:56.167+0000] GC(199) Pause Full (Ergonomics)
[2025-08-01T02:27:56.167+0000] GC(199) Marking Phase
[2025-08-01T02:27:56.261+0000] GC(199) Marking Phase 94.222ms
[2025-08-01T02:27:56.261+0000] GC(199) Summary Phase
[2025-08-01T02:27:56.262+0000] GC(199) Summary Phase 0.126ms
[2025-08-01T02:27:56.262+0000] GC(199) Adjust Roots
[2025-08-01T02:27:56.263+0000] GC(199) Adjust Roots 1.781ms
[2025-08-01T02:27:56.263+0000] GC(199) Compaction Phase
[2025-08-01T02:27:56.532+0000] GC(199) Compaction Phase 268.827ms
[2025-08-01T02:27:56.532+0000] GC(199) Post Compact
[2025-08-01T02:27:56.553+0000] GC(199) Post Compact 20.236ms
[2025-08-01T02:27:56.553+0000] GC(199) PSYoungGen: 465920K->0K(931840K)
[2025-08-01T02:27:56.553+0000] GC(199) ParOldGen: 2552515K->1663708K(2796544K)
[2025-08-01T02:27:56.553+0000] GC(199) Metaspace: 9712K(12544K)->9712K(12544K) NonClass: 8546K(11008K)->8546K(11008K) Class: 1166K(1536K)->1166K(1536K)
[2025-08-01T02:27:56.553+0000] GC(199) Pause Full (Ergonomics) 2947M->1624M(3641M) 385.750ms
[2025-08-01T02:27:56.553+0000] GC(199) User=2.87s Sys=0.00s Real=0.39s
[2025-08-01T02:27:56.645+0000] GC(200) Pause Young (Allocation Failure)
[2025-08-01T02:27:56.768+0000] GC(200) PSYoungGen: 465920K->394144K(931840K)
[2025-08-01T02:27:56.768+0000] GC(200) ParOldGen: 1663708K->1663708K(2796544K)
[2025-08-01T02:27:56.768+0000] GC(200) Metaspace: 9712K(12544K)->9712K(12544K) NonClass: 8546K(11008K)->8546K(11008K) Class: 1166K(1536K)->1166K(1536K)
[2025-08-01T02:27:56.768+0000] GC(200) Pause Young (Allocation Failure) 2079M->2009M(3641M) 123.680ms
[2025-08-01T02:27:56.768+0000] GC(200) User=0.94s Sys=0.04s Real=0.12s
[2025-08-01T02:27:56.855+0000] GC(201) Pause Young (Allocation Failure)
[2025-08-01T02:27:57.002+0000] GC(201) PSYoungGen: 860064K->465920K(931840K)
[2025-08-01T02:27:57.002+0000] GC(201) ParOldGen: 1663708K->1941828K(2796544K)
[2025-08-01T02:27:57.002+0000] GC(201) Metaspace: 9712K(12544K)->9712K(12544K) NonClass: 8546K(11008K)->8546K(11008K) Class: 1166K(1536K)->1166K(1536K)
[2025-08-01T02:27:57.002+0000] GC(201) Pause Young (Allocation Failure) 2464M->2351M(3641M) 147.117ms
[2025-08-01T02:27:57.002+0000] GC(201) User=1.14s Sys=0.01s Real=0.14s
[2025-08-01T02:27:57.091+0000] GC(202) Pause Young (Allocation Failure)
[2025-08-01T02:27:57.289+0000] GC(202) PSYoungGen: 931840K->465920K(931840K)
[2025-08-01T02:27:57.289+0000] GC(202) ParOldGen: 1941828K->2420964K(2796544K)
[2025-08-01T02:27:57.289+0000] GC(202) Metaspace: 9712K(12544K)->9712K(12544K) NonClass: 8546K(11008K)->8546K(11008K) Class: 1166K(1536K)->1166K(1536K)
[2025-08-01T02:27:57.289+0000] GC(202) Pause Young (Allocation Failure) 2806M->2819M(3641M) 197.892ms
[2025-08-01T02:27:57.289+0000] GC(202) User=1.49s Sys=0.02s Real=0.20s
[2025-08-01T02:27:57.289+0000] GC(203) Pause Full (Ergonomics)
[2025-08-01T02:27:57.289+0000] GC(203) Marking Phase
[2025-08-01T02:27:57.369+0000] GC(203) Marking Phase 80.153ms
[2025-08-01T02:27:57.369+0000] GC(203) Summary Phase
[2025-08-01T02:27:57.369+0000] GC(203) Summary Phase 0.094ms
[2025-08-01T02:27:57.369+0000] GC(203) Adjust Roots
[2025-08-01T02:27:57.371+0000] GC(203) Adjust Roots 1.837ms
[2025-08-01T02:27:57.371+0000] GC(203) Compaction Phase
[2025-08-01T02:27:57.568+0000] GC(203) Compaction Phase 196.391ms
[2025-08-01T02:27:57.568+0000] GC(203) Post Compact
[2025-08-01T02:27:57.586+0000] GC(203) Post Compact 17.877ms
[2025-08-01T02:27:57.586+0000] GC(203) PSYoungGen: 465920K->0K(931840K)
[2025-08-01T02:27:57.586+0000] GC(203) ParOldGen: 2420964K->1207331K(2796544K)
[2025-08-01T02:27:57.586+0000] GC(203) Metaspace: 9712K(12544K)->9712K(12544K) NonClass: 8546K(11008K)->8546K(11008K) Class: 1166K(1536K)->1166K(1536K)
[2025-08-01T02:27:57.586+0000] GC(203) Pause Full (Ergonomics) 2819M->1179M(3641M) 296.883ms
[2025-08-01T02:27:57.586+0000] GC(203) User=2.18s Sys=0.01s Real=0.30s
[2025-08-01T02:27:57.676+0000] GC(204) Pause Young (Allocation Failure)
[2025-08-01T02:27:57.775+0000] GC(204) PSYoungGen: 465920K->465920K(931840K)
[2025-08-01T02:27:57.775+0000] GC(204) ParOldGen: 1207331K->1212467K(2796544K)
[2025-08-01T02:27:57.775+0000] GC(204) Metaspace: 9712K(12544K)->9712K(12544K) NonClass: 8546K(11008K)->8546K(11008K) Class: 1166K(1536K)->1166K(1536K)
[2025-08-01T02:27:57.775+0000] GC(204) Pause Young (Allocation Failure) 1634M->1639M(3641M) 98.839ms
[2025-08-01T02:27:57.775+0000] GC(204) User=0.76s Sys=0.01s Real=0.10s
[2025-08-01T02:27:57.870+0000] GC(205) Pause Young (Allocation Failure)
[2025-08-01T02:27:57.981+0000] GC(205) PSYoungGen: 931840K->279552K(931840K)
[2025-08-01T02:27:57.981+0000] GC(205) ParOldGen: 1212467K->1212523K(2796544K)
[2025-08-01T02:27:57.981+0000] GC(205) Metaspace: 9712K(12544K)->9712K(12544K) NonClass: 8546K(11008K)->8546K(11008K) Class: 1166K(1536K)->1166K(1536K)
[2025-08-01T02:27:57.981+0000] GC(205) Pause Young (Allocation Failure) 2094M->1457M(3641M) 110.686ms
[2025-08-01T02:27:57.981+0000] GC(205) User=0.83s Sys=0.03s Real=0.11s
[2025-08-01T02:27:58.072+0000] GC(206) Pause Young (Allocation Failure)
[2025-08-01T02:27:58.221+0000] GC(206) PSYoungGen: 745472K->465920K(931840K)
[2025-08-01T02:27:58.221+0000] GC(206) ParOldGen: 1212523K->1500875K(2796544K)
[2025-08-01T02:27:58.221+0000] GC(206) Metaspace: 9712K(12544K)->9712K(12544K) NonClass: 8546K(11008K)->8546K(11008K) Class: 1166K(1536K)->1166K(1536K)
[2025-08-01T02:27:58.221+0000] GC(206) Pause Young (Allocation Failure) 1912M->1920M(3641M) 148.679ms
[2025-08-01T02:27:58.221+0000] GC(206) User=1.15s Sys=0.02s Real=0.15s
[2025-08-01T02:27:58.308+0000] GC(207) Pause Young (Allocation Failure)
[2025-08-01T02:27:58.489+0000] GC(207) PSYoungGen: 931840K->465920K(931840K)
[2025-08-01T02:27:58.489+0000] GC(207) ParOldGen: 1500875K->1976971K(2796544K)
[2025-08-01T02:27:58.489+0000] GC(207) Metaspace: 9712K(12544K)->9712K(12544K) NonClass: 8546K(11008K)->8546K(11008K) Class: 1166K(1536K)->1166K(1536K)
[2025-08-01T02:27:58.489+0000] GC(207) Pause Young (Allocation Failure) 2375M->2385M(3641M) 181.339ms
[2025-08-01T02:27:58.489+0000] GC(207) User=1.41s Sys=0.01s Real=0.18s
[2025-08-01T02:27:58.590+0000] GC(208) Pause Young (Allocation Failure)
[2025-08-01T02:27:58.780+0000] GC(208) PSYoungGen: 931840K->465920K(931840K)
[2025-08-01T02:27:58.780+0000] GC(208) ParOldGen: 1976971K->2453571K(2796544K)
[2025-08-01T02:27:58.780+0000] GC(208) Metaspace: 9712K(12544K)->9712K(12544K) NonClass: 8546K(11008K)->8546K(11008K) Class: 1166K(1536K)->1166K(1536K)
[2025-08-01T02:27:58.780+0000] GC(208) Pause Young (Allocation Failure) 2840M->2851M(3641M) 190.790ms
[2025-08-01T02:27:58.780+0000] GC(208) User=1.46s Sys=0.02s Real=0.19s
[2025-08-01T02:27:58.781+0000] GC(209) Pause Full (Ergonomics)
[2025-08-01T02:27:58.781+0000] GC(209) Marking Phase
[2025-08-01T02:27:58.866+0000] GC(209) Marking Phase 85.440ms
[2025-08-01T02:27:58.866+0000] GC(209) Summary Phase
[2025-08-01T02:27:58.866+0000] GC(209) Summary Phase 0.115ms
[2025-08-01T02:27:58.866+0000] GC(209) Adjust Roots
[2025-08-01T02:27:58.868+0000] GC(209) Adjust Roots 1.958ms
[2025-08-01T02:27:58.868+0000] GC(209) Compaction Phase
[2025-08-01T02:27:59.129+0000] GC(209) Compaction Phase 261.077ms
[2025-08-01T02:27:59.129+0000] GC(209) Post Compact
[2025-08-01T02:27:59.149+0000] GC(209) Post Compact 19.677ms
[2025-08-01T02:27:59.149+0000] GC(209) PSYoungGen: 465920K->0K(931840K)
[2025-08-01T02:27:59.149+0000] GC(209) ParOldGen: 2453571K->1679082K(2796544K)
[2025-08-01T02:27:59.149+0000] GC(209) Metaspace: 9712K(12544K)->9712K(12544K) NonClass: 8546K(11008K)->8546K(11008K) Class: 1166K(1536K)->1166K(1536K)
[2025-08-01T02:27:59.149+0000] GC(209) Pause Full (Ergonomics) 2851M->1639M(3641M) 368.668ms
[2025-08-01T02:27:59.149+0000] GC(209) User=2.72s Sys=0.00s Real=0.37s
[2025-08-01T02:27:59.295+0000] GC(210) Pause Young (Allocation Failure)
[2025-08-01T02:27:59.442+0000] GC(210) PSYoungGen: 465920K->288032K(931840K)
[2025-08-01T02:27:59.442+0000] GC(210) ParOldGen: 1679082K->1679082K(2796544K)
[2025-08-01T02:27:59.442+0000] GC(210) Metaspace: 9712K(12544K)->9712K(12544K) NonClass: 8546K(11008K)->8546K(11008K) Class: 1166K(1536K)->1166K(1536K)
[2025-08-01T02:27:59.442+0000] GC(210) Pause Young (Allocation Failure) 2094M->1921M(3641M) 146.630ms
[2025-08-01T02:27:59.442+0000] GC(210) User=1.10s Sys=0.04s Real=0.14s
[2025-08-01T02:27:59.548+0000] GC(211) Pause Young (Allocation Failure)
[2025-08-01T02:27:59.719+0000] GC(211) PSYoungGen: 753952K->465920K(931840K)
[2025-08-01T02:27:59.719+0000] GC(211) ParOldGen: 1679082K->1976042K(2796544K)
[2025-08-01T02:27:59.719+0000] GC(211) Metaspace: 9712K(12544K)->9712K(12544K) NonClass: 8546K(11008K)->8546K(11008K) Class: 1166K(1536K)->1166K(1536K)
[2025-08-01T02:27:59.719+0000] GC(211) Pause Young (Allocation Failure) 2376M->2384M(3641M) 171.687ms
[2025-08-01T02:27:59.719+0000] GC(211) User=1.29s Sys=0.04s Real=0.17s
[2025-08-01T02:27:59.811+0000] GC(212) Pause Young (Allocation Failure)
[2025-08-01T02:28:00.041+0000] GC(212) PSYoungGen: 931840K->465920K(931840K)
[2025-08-01T02:28:00.042+0000] GC(212) ParOldGen: 1976042K->2454178K(2796544K)
[2025-08-01T02:28:00.042+0000] GC(212) Metaspace: 9712K(12544K)->9712K(12544K) NonClass: 8546K(11008K)->8546K(11008K) Class: 1166K(1536K)->1166K(1536K)
[2025-08-01T02:28:00.042+0000] GC(212) Pause Young (Allocation Failure) 2839M->2851M(3641M) 230.399ms
[2025-08-01T02:28:00.042+0000] GC(212) User=1.81s Sys=0.02s Real=0.23s
[2025-08-01T02:28:00.042+0000] GC(213) Pause Full (Ergonomics)
[2025-08-01T02:28:00.042+0000] GC(213) Marking Phase
[2025-08-01T02:28:00.113+0000] GC(213) Marking Phase 71.441ms
[2025-08-01T02:28:00.113+0000] GC(213) Summary Phase
[2025-08-01T02:28:00.113+0000] GC(213) Summary Phase 0.084ms
[2025-08-01T02:28:00.113+0000] GC(213) Adjust Roots
[2025-08-01T02:28:00.115+0000] GC(213) Adjust Roots 1.754ms
[2025-08-01T02:28:00.115+0000] GC(213) Compaction Phase
[2025-08-01T02:28:00.317+0000] GC(213) Compaction Phase 201.886ms
[2025-08-01T02:28:00.317+0000] GC(213) Post Compact
[2025-08-01T02:28:00.337+0000] GC(213) Post Compact 19.935ms
[2025-08-01T02:28:00.337+0000] GC(213) PSYoungGen: 465920K->0K(931840K)
[2025-08-01T02:28:00.337+0000] GC(213) ParOldGen: 2454178K->1225161K(2796544K)
[2025-08-01T02:28:00.337+0000] GC(213) Metaspace: 9712K(12544K)->9712K(12544K) NonClass: 8546K(11008K)->8546K(11008K) Class: 1166K(1536K)->1166K(1536K)
[2025-08-01T02:28:00.337+0000] GC(213) Pause Full (Ergonomics) 2851M->1196M(3641M) 295.448ms
[2025-08-01T02:28:00.337+0000] GC(213) User=2.13s Sys=0.01s Real=0.30s
[2025-08-01T02:28:00.430+0000] GC(214) Pause Young (Allocation Failure)
[2025-08-01T02:28:00.602+0000] GC(214) PSYoungGen: 465920K->465920K(931840K)
[2025-08-01T02:28:00.603+0000] GC(214) ParOldGen: 1225161K->1231833K(2796544K)
[2025-08-01T02:28:00.603+0000] GC(214) Metaspace: 9712K(12544K)->9712K(12544K) NonClass: 8546K(11008K)->8546K(11008K) Class: 1166K(1536K)->1166K(1536K)
[2025-08-01T02:28:00.603+0000] GC(214) Pause Young (Allocation Failure) 1651M->1657M(3641M) 172.910ms
[2025-08-01T02:28:00.603+0000] GC(214) User=1.29s Sys=0.07s Real=0.17s
[2025-08-01T02:28:00.746+0000] GC(215) Pause Young (Allocation Failure)
[2025-08-01T02:28:00.869+0000] GC(215) PSYoungGen: 931840K->300192K(931840K)
[2025-08-01T02:28:00.869+0000] GC(215) ParOldGen: 1231833K->1231905K(2796544K)
[2025-08-01T02:28:00.869+0000] GC(215) Metaspace: 9712K(12544K)->9712K(12544K) NonClass: 8546K(11008K)->8546K(11008K) Class: 1166K(1536K)->1166K(1536K)
[2025-08-01T02:28:00.869+0000] GC(215) Pause Young (Allocation Failure) 2112M->1496M(3641M) 123.382ms
[2025-08-01T02:28:00.870+0000] GC(215) User=0.93s Sys=0.04s Real=0.12s
[2025-08-01T02:28:00.962+0000] GC(216) Pause Young (Allocation Failure)
[2025-08-01T02:28:01.152+0000] GC(216) PSYoungGen: 766112K->465920K(931840K)
[2025-08-01T02:28:01.152+0000] GC(216) ParOldGen: 1231905K->1541785K(2796544K)
[2025-08-01T02:28:01.152+0000] GC(216) Metaspace: 9712K(12544K)->9712K(12544K) NonClass: 8546K(11008K)->8546K(11008K) Class: 1166K(1536K)->1166K(1536K)
[2025-08-01T02:28:01.152+0000] GC(216) Pause Young (Allocation Failure) 1951M->1960M(3641M) 190.383ms
[2025-08-01T02:28:01.152+0000] GC(216) User=1.34s Sys=0.06s Real=0.19s
[2025-08-01T02:28:01.248+0000] GC(217) Pause Young (Allocation Failure)
[2025-08-01T02:28:01.473+0000] GC(217) PSYoungGen: 931840K->465920K(931840K)
[2025-08-01T02:28:01.473+0000] GC(217) ParOldGen: 1541785K->2018801K(2796544K)
[2025-08-01T02:28:01.473+0000] GC(217) Metaspace: 9712K(12544K)->9712K(12544K) NonClass: 8546K(11008K)->8546K(11008K) Class: 1166K(1536K)->1166K(1536K)
[2025-08-01T02:28:01.473+0000] GC(217) Pause Young (Allocation Failure) 2415M->2426M(3641M) 224.799ms
[2025-08-01T02:28:01.473+0000] GC(217) User=1.72s Sys=0.04s Real=0.23s
[2025-08-01T02:28:01.565+0000] GC(218) Pause Young (Allocation Failure)
[2025-08-01T02:28:01.772+0000] GC(218) PSYoungGen: 931840K->465920K(931840K)
[2025-08-01T02:28:01.772+0000] GC(218) ParOldGen: 2018801K->2498081K(2796544K)
[2025-08-01T02:28:01.772+0000] GC(218) Metaspace: 9712K(12544K)->9712K(12544K) NonClass: 8546K(11008K)->8546K(11008K) Class: 1166K(1536K)->1166K(1536K)
[2025-08-01T02:28:01.772+0000] GC(218) Pause Young (Allocation Failure) 2881M->2894M(3641M) 207.660ms
[2025-08-01T02:28:01.772+0000] GC(218) User=1.57s Sys=0.04s Real=0.20s
[2025-08-01T02:28:01.772+0000] GC(219) Pause Full (Ergonomics)
[2025-08-01T02:28:01.772+0000] GC(219) Marking Phase
[2025-08-01T02:28:01.855+0000] GC(219) Marking Phase 82.860ms
[2025-08-01T02:28:01.855+0000] GC(219) Summary Phase
[2025-08-01T02:28:01.855+0000] GC(219) Summary Phase 0.075ms
[2025-08-01T02:28:01.855+0000] GC(219) Adjust Roots
[2025-08-01T02:28:01.857+0000] GC(219) Adjust Roots 1.260ms
[2025-08-01T02:28:01.857+0000] GC(219) Compaction Phase
[2025-08-01T02:28:02.121+0000] GC(219) Compaction Phase 263.857ms
[2025-08-01T02:28:02.121+0000] GC(219) Post Compact
[2025-08-01T02:28:02.140+0000] GC(219) Post Compact 19.006ms
[2025-08-01T02:28:02.140+0000] GC(219) PSYoungGen: 465920K->0K(931840K)
[2025-08-01T02:28:02.140+0000] GC(219) ParOldGen: 2498081K->1697966K(2796544K)
[2025-08-01T02:28:02.140+0000] GC(219) Metaspace: 9712K(12544K)->9712K(12544K) NonClass: 8546K(11008K)->8546K(11008K) Class: 1166K(1536K)->1166K(1536K)
[2025-08-01T02:28:02.140+0000] GC(219) Pause Full (Ergonomics) 2894M->1658M(3641M) 367.408ms
[2025-08-01T02:28:02.140+0000] GC(219) User=2.75s Sys=0.00s Real=0.37s
[2025-08-01T02:28:02.280+0000] GC(220) Pause Young (Allocation Failure)
[2025-08-01T02:28:02.412+0000] GC(220) PSYoungGen: 465920K->304736K(931840K)
[2025-08-01T02:28:02.412+0000] GC(220) ParOldGen: 1697966K->1697966K(2796544K)
[2025-08-01T02:28:02.412+0000] GC(220) Metaspace: 9712K(12544K)->9712K(12544K) NonClass: 8546K(11008K)->8546K(11008K) Class: 1166K(1536K)->1166K(1536K)
[2025-08-01T02:28:02.412+0000] GC(220) Pause Young (Allocation Failure) 2113M->1955M(3641M) 131.412ms
[2025-08-01T02:28:02.412+0000] GC(220) User=1.01s Sys=0.02s Real=0.13s
[2025-08-01T02:28:02.499+0000] GC(221) Pause Young (Allocation Failure)
[2025-08-01T02:28:02.735+0000] GC(221) PSYoungGen: 770656K->465920K(931840K)
[2025-08-01T02:28:02.735+0000] GC(221) ParOldGen: 1697966K->2012822K(2796544K)
[2025-08-01T02:28:02.735+0000] GC(221) Metaspace: 9712K(12544K)->9712K(12544K) NonClass: 8546K(11008K)->8546K(11008K) Class: 1166K(1536K)->1166K(1536K)
[2025-08-01T02:28:02.735+0000] GC(221) Pause Young (Allocation Failure) 2410M->2420M(3641M) 236.001ms
[2025-08-01T02:28:02.735+0000] GC(221) User=1.81s Sys=0.05s Real=0.24s
[2025-08-01T02:28:02.824+0000] GC(222) Pause Young (Allocation Failure)
[2025-08-01T02:28:03.038+0000] GC(222) PSYoungGen: 931840K->465920K(931840K)
[2025-08-01T02:28:03.038+0000] GC(222) ParOldGen: 2012822K->2489830K(2796544K)
[2025-08-01T02:28:03.038+0000] GC(222) Metaspace: 9712K(12544K)->9712K(12544K) NonClass: 8546K(11008K)->8546K(11008K) Class: 1166K(1536K)->1166K(1536K)
[2025-08-01T02:28:03.038+0000] GC(222) Pause Young (Allocation Failure) 2875M->2886M(3641M) 213.580ms
[2025-08-01T02:28:03.038+0000] GC(222) User=1.67s Sys=0.02s Real=0.21s
[2025-08-01T02:28:03.038+0000] GC(223) Pause Full (Ergonomics)
[2025-08-01T02:28:03.038+0000] GC(223) Marking Phase
[2025-08-01T02:28:03.100+0000] GC(223) Marking Phase 62.346ms
[2025-08-01T02:28:03.100+0000] GC(223) Summary Phase
[2025-08-01T02:28:03.100+0000] GC(223) Summary Phase 0.088ms
[2025-08-01T02:28:03.100+0000] GC(223) Adjust Roots
[2025-08-01T02:28:03.102+0000] GC(223) Adjust Roots 1.732ms
[2025-08-01T02:28:03.102+0000] GC(223) Compaction Phase
[2025-08-01T02:28:03.315+0000] GC(223) Compaction Phase 212.623ms
[2025-08-01T02:28:03.315+0000] GC(223) Post Compact
[2025-08-01T02:28:03.334+0000] GC(223) Post Compact 18.926ms
[2025-08-01T02:28:03.334+0000] GC(223) PSYoungGen: 465920K->0K(931840K)
[2025-08-01T02:28:03.334+0000] GC(223) ParOldGen: 2489830K->1241206K(2796544K)
[2025-08-01T02:28:03.334+0000] GC(223) Metaspace: 9712K(12544K)->9712K(12544K) NonClass: 8546K(11008K)->8546K(11008K) Class: 1166K(1536K)->1166K(1536K)
[2025-08-01T02:28:03.334+0000] GC(223) Pause Full (Ergonomics) 2886M->1212M(3641M) 296.183ms
[2025-08-01T02:28:03.334+0000] GC(223) User=2.12s Sys=0.02s Real=0.30s
[2025-08-01T02:28:03.426+0000] GC(224) Pause Young (Allocation Failure)
[2025-08-01T02:28:03.571+0000] GC(224) PSYoungGen: 465920K->375712K(931840K)
[2025-08-01T02:28:03.571+0000] GC(224) ParOldGen: 1241206K->1241206K(2796544K)
[2025-08-01T02:28:03.571+0000] GC(224) Metaspace: 9712K(12544K)->9712K(12544K) NonClass: 8546K(11008K)->8546K(11008K) Class: 1166K(1536K)->1166K(1536K)
[2025-08-01T02:28:03.572+0000] GC(224) Pause Young (Allocation Failure) 1667M->1579M(3641M) 145.622ms
[2025-08-01T02:28:03.572+0000] GC(224) User=1.08s Sys=0.05s Real=0.14s
[2025-08-01T02:28:03.672+0000] GC(225) Pause Young (Allocation Failure)
[2025-08-01T02:28:03.856+0000] GC(225) PSYoungGen: 841632K->402880K(931840K)
[2025-08-01T02:28:03.856+0000] GC(225) ParOldGen: 1241206K->1394710K(2796544K)
[2025-08-01T02:28:03.856+0000] GC(225) Metaspace: 9712K(12544K)->9712K(12544K) NonClass: 8546K(11008K)->8546K(11008K) Class: 1166K(1536K)->1166K(1536K)
[2025-08-01T02:28:03.856+0000] GC(225) Pause Young (Allocation Failure) 2034M->1755M(3641M) 183.621ms
[2025-08-01T02:28:03.856+0000] GC(225) User=1.43s Sys=0.03s Real=0.19s
[2025-08-01T02:28:04.008+0000] GC(226) Pause Young (Allocation Failure)
[2025-08-01T02:28:04.286+0000] GC(226) PSYoungGen: 868800K->465824K(931840K)
[2025-08-01T02:28:04.286+0000] GC(226) ParOldGen: 1394710K->1683198K(2796544K)
[2025-08-01T02:28:04.286+0000] GC(226) Metaspace: 9712K(12544K)->9712K(12544K) NonClass: 8546K(11008K)->8546K(11008K) Class: 1166K(1536K)->1166K(1536K)
[2025-08-01T02:28:04.286+0000] GC(226) Pause Young (Allocation Failure) 2210M->2098M(3641M) 278.252ms
[2025-08-01T02:28:04.286+0000] GC(226) User=2.13s Sys=0.04s Real=0.28s
[2025-08-01T02:28:04.377+0000] GC(227) Pause Young (Allocation Failure)
[2025-08-01T02:28:04.589+0000] GC(227) PSYoungGen: 931744K->465920K(931840K)
[2025-08-01T02:28:04.589+0000] GC(227) ParOldGen: 1683198K->2159518K(2796544K)
[2025-08-01T02:28:04.589+0000] GC(227) Metaspace: 9712K(12544K)->9712K(12544K) NonClass: 8546K(11008K)->8546K(11008K) Class: 1166K(1536K)->1166K(1536K)
[2025-08-01T02:28:04.589+0000] GC(227) Pause Young (Allocation Failure) 2553M->2563M(3641M) 211.418ms
[2025-08-01T02:28:04.589+0000] GC(227) User=1.57s Sys=0.03s Real=0.21s
[2025-08-01T02:28:04.589+0000] GC(228) Pause Full (Ergonomics)
[2025-08-01T02:28:04.589+0000] GC(228) Marking Phase
[2025-08-01T02:28:04.650+0000] GC(228) Marking Phase 60.783ms
[2025-08-01T02:28:04.650+0000] GC(228) Summary Phase
[2025-08-01T02:28:04.650+0000] GC(228) Summary Phase 0.106ms
[2025-08-01T02:28:04.650+0000] GC(228) Adjust Roots
[2025-08-01T02:28:04.652+0000] GC(228) Adjust Roots 1.964ms
[2025-08-01T02:28:04.652+0000] GC(228) Compaction Phase
[2025-08-01T02:28:04.855+0000] GC(228) Compaction Phase 202.858ms
[2025-08-01T02:28:04.855+0000] GC(228) Post Compact
[2025-08-01T02:28:04.868+0000] GC(228) Post Compact 12.840ms
[2025-08-01T02:28:04.868+0000] GC(228) PSYoungGen: 465920K->0K(931840K)
[2025-08-01T02:28:04.868+0000] GC(228) ParOldGen: 2159518K->1248462K(2796544K)
[2025-08-01T02:28:04.868+0000] GC(228) Metaspace: 9712K(12544K)->9712K(12544K) NonClass: 8546K(11008K)->8546K(11008K) Class: 1166K(1536K)->1166K(1536K)
[2025-08-01T02:28:04.868+0000] GC(228) Pause Full (Ergonomics) 2563M->1219M(3641M) 278.965ms
[2025-08-01T02:28:04.868+0000] GC(228) User=2.07s Sys=0.01s Real=0.28s
[2025-08-01T02:28:04.960+0000] GC(229) Pause Young (Allocation Failure)
[2025-08-01T02:28:05.094+0000] GC(229) PSYoungGen: 465920K->411328K(931840K)
[2025-08-01T02:28:05.094+0000] GC(229) ParOldGen: 1248462K->1248462K(2796544K)
[2025-08-01T02:28:05.095+0000] GC(229) Metaspace: 9712K(12544K)->9712K(12544K) NonClass: 8546K(11008K)->8546K(11008K) Class: 1166K(1536K)->1166K(1536K)
[2025-08-01T02:28:05.095+0000] GC(229) Pause Young (Allocation Failure) 1674M->1620M(3641M) 134.948ms
[2025-08-01T02:28:05.095+0000] GC(229) User=1.03s Sys=0.03s Real=0.14s
[2025-08-01T02:28:05.199+0000] GC(230) Pause Young (Allocation Failure)
[2025-08-01T02:28:05.375+0000] GC(230) PSYoungGen: 877248K->395520K(931840K)
[2025-08-01T02:28:05.375+0000] GC(230) ParOldGen: 1248462K->1428662K(2796544K)
[2025-08-01T02:28:05.375+0000] GC(230) Metaspace: 9712K(12544K)->9712K(12544K) NonClass: 8546K(11008K)->8546K(11008K) Class: 1166K(1536K)->1166K(1536K)
[2025-08-01T02:28:05.375+0000] GC(230) Pause Young (Allocation Failure) 2075M->1781M(3641M) 176.346ms
[2025-08-01T02:28:05.375+0000] GC(230) User=1.25s Sys=0.07s Real=0.18s
[2025-08-01T02:28:05.520+0000] GC(231) Pause Young (Allocation Failure)
[2025-08-01T02:28:05.802+0000] GC(231) PSYoungGen: 861440K->446656K(931840K)
[2025-08-01T02:28:05.802+0000] GC(231) ParOldGen: 1428662K->1717582K(2796544K)
[2025-08-01T02:28:05.802+0000] GC(231) Metaspace: 9712K(12544K)->9712K(12544K) NonClass: 8546K(11008K)->8546K(11008K) Class: 1166K(1536K)->1166K(1536K)
[2025-08-01T02:28:05.802+0000] GC(231) Pause Young (Allocation Failure) 2236M->2113M(3641M) 281.662ms
[2025-08-01T02:28:05.802+0000] GC(231) User=2.14s Sys=0.07s Real=0.28s
[2025-08-01T02:28:05.893+0000] GC(232) Pause Young (Allocation Failure)
[2025-08-01T02:28:06.085+0000] GC(232) PSYoungGen: 912576K->465920K(931840K)
[2025-08-01T02:28:06.085+0000] GC(232) ParOldGen: 1717582K->2175406K(2796544K)
[2025-08-01T02:28:06.085+0000] GC(232) Metaspace: 9712K(12544K)->9712K(12544K) NonClass: 8546K(11008K)->8546K(11008K) Class: 1166K(1536K)->1166K(1536K)
[2025-08-01T02:28:06.085+0000] GC(232) Pause Young (Allocation Failure) 2568M->2579M(3641M) 191.337ms
[2025-08-01T02:28:06.085+0000] GC(232) User=1.48s Sys=0.02s Real=0.19s
[2025-08-01T02:28:06.085+0000] GC(233) Pause Full (Ergonomics)
[2025-08-01T02:28:06.085+0000] GC(233) Marking Phase
[2025-08-01T02:28:06.156+0000] GC(233) Marking Phase 71.240ms
[2025-08-01T02:28:06.156+0000] GC(233) Summary Phase
[2025-08-01T02:28:06.156+0000] GC(233) Summary Phase 0.101ms
[2025-08-01T02:28:06.156+0000] GC(233) Adjust Roots
[2025-08-01T02:28:06.158+0000] GC(233) Adjust Roots 2.046ms
[2025-08-01T02:28:06.158+0000] GC(233) Compaction Phase
[2025-08-01T02:28:06.373+0000] GC(233) Compaction Phase 214.916ms
[2025-08-01T02:28:06.373+0000] GC(233) Post Compact
[2025-08-01T02:28:06.390+0000] GC(233) Post Compact 16.193ms
[2025-08-01T02:28:06.390+0000] GC(233) PSYoungGen: 465920K->0K(931840K)
[2025-08-01T02:28:06.390+0000] GC(233) ParOldGen: 2175406K->1258699K(2796544K)
[2025-08-01T02:28:06.390+0000] GC(233) Metaspace: 9712K(12544K)->9712K(12544K) NonClass: 8546K(11008K)->8546K(11008K) Class: 1166K(1536K)->1166K(1536K)
[2025-08-01T02:28:06.390+0000] GC(233) Pause Full (Ergonomics) 2579M->1229M(3641M) 305.093ms
[2025-08-01T02:28:06.390+0000] GC(233) User=2.23s Sys=0.03s Real=0.30s
[2025-08-01T02:28:06.482+0000] GC(234) Pause Young (Allocation Failure)
[2025-08-01T02:28:06.634+0000] GC(234) PSYoungGen: 465920K->412128K(931840K)
[2025-08-01T02:28:06.634+0000] GC(234) ParOldGen: 1258699K->1258699K(2796544K)
[2025-08-01T02:28:06.635+0000] GC(234) Metaspace: 9712K(12544K)->9712K(12544K) NonClass: 8546K(11008K)->8546K(11008K) Class: 1166K(1536K)->1166K(1536K)
[2025-08-01T02:28:06.635+0000] GC(234) Pause Young (Allocation Failure) 1684M->1631M(3641M) 152.623ms
[2025-08-01T02:28:06.635+0000] GC(234) User=1.16s Sys=0.05s Real=0.16s
[2025-08-01T02:28:06.741+0000] GC(235) Pause Young (Allocation Failure)
[2025-08-01T02:28:06.866+0000] GC(235) PSYoungGen: 878048K->405024K(931840K)
[2025-08-01T02:28:06.866+0000] GC(235) ParOldGen: 1258699K->1432843K(2796544K)
[2025-08-01T02:28:06.866+0000] GC(235) Metaspace: 9712K(12544K)->9712K(12544K) NonClass: 8546K(11008K)->8546K(11008K) Class: 1166K(1536K)->1166K(1536K)
[2025-08-01T02:28:06.866+0000] GC(235) Pause Young (Allocation Failure) 2086M->1794M(3641M) 124.277ms
[2025-08-01T02:28:06.866+0000] GC(235) User=0.97s Sys=0.01s Real=0.13s
[2025-08-01T02:28:06.955+0000] GC(236) Pause Young (Allocation Failure)
[2025-08-01T02:28:07.132+0000] GC(236) PSYoungGen: 870944K->453184K(931840K)
[2025-08-01T02:28:07.132+0000] GC(236) ParOldGen: 1432843K->1729963K(2796544K)
[2025-08-01T02:28:07.132+0000] GC(236) Metaspace: 9712K(12544K)->9712K(12544K) NonClass: 8546K(11008K)->8546K(11008K) Class: 1166K(1536K)->1166K(1536K)
[2025-08-01T02:28:07.133+0000] GC(236) Pause Young (Allocation Failure) 2249M->2131M(3641M) 177.529ms
[2025-08-01T02:28:07.133+0000] GC(236) User=1.35s Sys=0.05s Real=0.17s
[2025-08-01T02:28:07.222+0000] GC(237) Pause Young (Allocation Failure)
[2025-08-01T02:28:07.439+0000] GC(237) PSYoungGen: 919104K->465920K(931840K)
[2025-08-01T02:28:07.439+0000] GC(237) ParOldGen: 1729963K->2195771K(2796544K)
[2025-08-01T02:28:07.439+0000] GC(237) Metaspace: 9712K(12544K)->9712K(12544K) NonClass: 8546K(11008K)->8546K(11008K) Class: 1166K(1536K)->1166K(1536K)
[2025-08-01T02:28:07.439+0000] GC(237) Pause Young (Allocation Failure) 2586M->2599M(3641M) 217.290ms
[2025-08-01T02:28:07.440+0000] GC(237) User=1.63s Sys=0.04s Real=0.22s
[2025-08-01T02:28:07.440+0000] GC(238) Pause Full (Ergonomics)
[2025-08-01T02:28:07.440+0000] GC(238) Marking Phase
[2025-08-01T02:28:07.503+0000] GC(238) Marking Phase 63.312ms
[2025-08-01T02:28:07.503+0000] GC(238) Summary Phase
[2025-08-01T02:28:07.503+0000] GC(238) Summary Phase 0.115ms
[2025-08-01T02:28:07.503+0000] GC(238) Adjust Roots
[2025-08-01T02:28:07.505+0000] GC(238) Adjust Roots 1.834ms
[2025-08-01T02:28:07.505+0000] GC(238) Compaction Phase
[2025-08-01T02:28:07.710+0000] GC(238) Compaction Phase 205.137ms
[2025-08-01T02:28:07.710+0000] GC(238) Post Compact
[2025-08-01T02:28:07.731+0000] GC(238) Post Compact 20.305ms
[2025-08-01T02:28:07.731+0000] GC(238) PSYoungGen: 465920K->0K(931840K)
[2025-08-01T02:28:07.731+0000] GC(238) ParOldGen: 2195771K->1266011K(2796544K)
[2025-08-01T02:28:07.731+0000] GC(238) Metaspace: 9712K(12544K)->9712K(12544K) NonClass: 8546K(11008K)->8546K(11008K) Class: 1166K(1536K)->1166K(1536K)
[2025-08-01T02:28:07.731+0000] GC(238) Pause Full (Ergonomics) 2599M->1236M(3641M) 291.133ms
[2025-08-01T02:28:07.731+0000] GC(238) User=2.13s Sys=0.00s Real=0.29s
[2025-08-01T02:28:07.820+0000] GC(239) Pause Young (Allocation Failure)
[2025-08-01T02:28:07.870+0000] GC(239) PSYoungGen: 465920K->261088K(931840K)
[2025-08-01T02:28:07.870+0000] GC(239) ParOldGen: 1266011K->1266011K(2796544K)
[2025-08-01T02:28:07.870+0000] GC(239) Metaspace: 9712K(12544K)->9712K(12544K) NonClass: 8546K(11008K)->8546K(11008K) Class: 1166K(1536K)->1166K(1536K)
[2025-08-01T02:28:07.870+0000] GC(239) Pause Young (Allocation Failure) 1691M->1491M(3641M) 50.361ms
[2025-08-01T02:28:07.870+0000] GC(239) User=0.39s Sys=0.00s Real=0.05s
[2025-08-01T02:28:07.960+0000] GC(240) Pause Young (Allocation Failure)
[2025-08-01T02:28:08.129+0000] GC(240) PSYoungGen: 727008K->441856K(931840K)
[2025-08-01T02:28:08.129+0000] GC(240) ParOldGen: 1266011K->1414195K(2796544K)
[2025-08-01T02:28:08.129+0000] GC(240) Metaspace: 9712K(12544K)->9712K(12544K) NonClass: 8546K(11008K)->8546K(11008K) Class: 1166K(1536K)->1166K(1536K)
[2025-08-01T02:28:08.129+0000] GC(240) Pause Young (Allocation Failure) 1946M->1812M(3641M) 168.655ms
[2025-08-01T02:28:08.129+0000] GC(240) User=1.25s Sys=0.04s Real=0.17s
[2025-08-01T02:28:08.218+0000] GC(241) Pause Young (Allocation Failure)
[2025-08-01T02:28:08.431+0000] GC(241) PSYoungGen: 907776K->447136K(931840K)
[2025-08-01T02:28:08.431+0000] GC(241) ParOldGen: 1414195K->1745347K(2796544K)
[2025-08-01T02:28:08.431+0000] GC(241) Metaspace: 9712K(12544K)->9712K(12544K) NonClass: 8546K(11008K)->8546K(11008K) Class: 1166K(1536K)->1166K(1536K)
[2025-08-01T02:28:08.431+0000] GC(241) Pause Young (Allocation Failure) 2267M->2141M(3641M) 212.323ms
[2025-08-01T02:28:08.431+0000] GC(241) User=1.62s Sys=0.06s Real=0.21s
[2025-08-01T02:28:08.516+0000] GC(242) Pause Young (Allocation Failure)
[2025-08-01T02:28:08.725+0000] GC(242) PSYoungGen: 913056K->465920K(931840K)
[2025-08-01T02:28:08.725+0000] GC(242) ParOldGen: 1745347K->2203779K(2796544K)
[2025-08-01T02:28:08.725+0000] GC(242) Metaspace: 9712K(12544K)->9712K(12544K) NonClass: 8546K(11008K)->8546K(11008K) Class: 1166K(1536K)->1166K(1536K)
[2025-08-01T02:28:08.725+0000] GC(242) Pause Young (Allocation Failure) 2596M->2607M(3641M) 209.151ms
[2025-08-01T02:28:08.725+0000] GC(242) User=1.60s Sys=0.05s Real=0.21s
[2025-08-01T02:28:08.725+0000] GC(243) Pause Full (Ergonomics)
[2025-08-01T02:28:08.725+0000] GC(243) Marking Phase
[2025-08-01T02:28:08.794+0000] GC(243) Marking Phase 68.592ms
[2025-08-01T02:28:08.794+0000] GC(243) Summary Phase
[2025-08-01T02:28:08.794+0000] GC(243) Summary Phase 0.092ms
[2025-08-01T02:28:08.794+0000] GC(243) Adjust Roots
[2025-08-01T02:28:08.796+0000] GC(243) Adjust Roots 1.713ms
[2025-08-01T02:28:08.796+0000] GC(243) Compaction Phase
[2025-08-01T02:28:08.996+0000] GC(243) Compaction Phase 200.215ms
[2025-08-01T02:28:08.996+0000] GC(243) Post Compact
[2025-08-01T02:28:09.010+0000] GC(243) Post Compact 14.088ms
[2025-08-01T02:28:09.010+0000] GC(243) PSYoungGen: 465920K->0K(931840K)
[2025-08-01T02:28:09.010+0000] GC(243) ParOldGen: 2203779K->1274453K(2796544K)
[2025-08-01T02:28:09.010+0000] GC(243) Metaspace: 9712K(12544K)->9712K(12544K) NonClass: 8546K(11008K)->8546K(11008K) Class: 1166K(1536K)->1166K(1536K)
[2025-08-01T02:28:09.010+0000] GC(243) Pause Full (Ergonomics) 2607M->1244M(3641M) 285.062ms
[2025-08-01T02:28:09.010+0000] GC(243) User=2.12s Sys=0.00s Real=0.28s
[2025-08-01T02:28:09.103+0000] GC(244) Pause Young (Allocation Failure)
[2025-08-01T02:28:09.210+0000] GC(244) PSYoungGen: 465920K->285344K(931840K)
[2025-08-01T02:28:09.210+0000] GC(244) ParOldGen: 1274453K->1274453K(2796544K)
[2025-08-01T02:28:09.210+0000] GC(244) Metaspace: 9712K(12544K)->9712K(12544K) NonClass: 8546K(11008K)->8546K(11008K) Class: 1166K(1536K)->1166K(1536K)
[2025-08-01T02:28:09.210+0000] GC(244) Pause Young (Allocation Failure) 1699M->1523M(3641M) 106.544ms
[2025-08-01T02:28:09.210+0000] GC(244) User=0.78s Sys=0.02s Real=0.10s
[2025-08-01T02:28:09.305+0000] GC(245) Pause Young (Allocation Failure)
[2025-08-01T02:28:09.428+0000] GC(245) PSYoungGen: 751264K->444256K(931840K)
[2025-08-01T02:28:09.428+0000] GC(245) ParOldGen: 1274453K->1432240K(2796544K)
[2025-08-01T02:28:09.428+0000] GC(245) Metaspace: 9712K(12544K)->9712K(12544K) NonClass: 8546K(11008K)->8546K(11008K) Class: 1166K(1536K)->1166K(1536K)
[2025-08-01T02:28:09.428+0000] GC(245) Pause Young (Allocation Failure) 1978M->1832M(3641M) 122.801ms
[2025-08-01T02:28:09.428+0000] GC(245) User=0.95s Sys=0.02s Real=0.12s
[2025-08-01T02:28:09.528+0000] GC(246) Pause Young (Allocation Failure)
[2025-08-01T02:28:09.780+0000] GC(246) PSYoungGen: 910176K->437984K(931840K)
[2025-08-01T02:28:09.780+0000] GC(246) ParOldGen: 1432240K->1766520K(2796544K)
[2025-08-01T02:28:09.780+0000] GC(246) Metaspace: 9712K(12544K)->9712K(12544K) NonClass: 8546K(11008K)->8546K(11008K) Class: 1166K(1536K)->1166K(1536K)
[2025-08-01T02:28:09.780+0000] GC(246) Pause Young (Allocation Failure) 2287M->2152M(3641M) 251.962ms
[2025-08-01T02:28:09.780+0000] GC(246) User=1.94s Sys=0.05s Real=0.25s
[2025-08-01T02:28:09.869+0000] GC(247) Pause Young (Allocation Failure)
[2025-08-01T02:28:10.025+0000] GC(247) PSYoungGen: 903904K->465920K(931840K)
[2025-08-01T02:28:10.025+0000] GC(247) ParOldGen: 1766520K->2213656K(2796544K)
[2025-08-01T02:28:10.025+0000] GC(247) Metaspace: 9712K(12544K)->9712K(12544K) NonClass: 8546K(11008K)->8546K(11008K) Class: 1166K(1536K)->1166K(1536K)
[2025-08-01T02:28:10.025+0000] GC(247) Pause Young (Allocation Failure) 2607M->2616M(3641M) 156.361ms
[2025-08-01T02:28:10.025+0000] GC(247) User=1.24s Sys=0.00s Real=0.16s
[2025-08-01T02:28:10.025+0000] GC(248) Pause Full (Ergonomics)
[2025-08-01T02:28:10.025+0000] GC(248) Marking Phase
[2025-08-01T02:28:10.102+0000] GC(248) Marking Phase 76.569ms
[2025-08-01T02:28:10.102+0000] GC(248) Summary Phase
[2025-08-01T02:28:10.102+0000] GC(248) Summary Phase 0.092ms
[2025-08-01T02:28:10.102+0000] GC(248) Adjust Roots
[2025-08-01T02:28:10.104+0000] GC(248) Adjust Roots 1.777ms
[2025-08-01T02:28:10.104+0000] GC(248) Compaction Phase
[2025-08-01T02:28:10.323+0000] GC(248) Compaction Phase 219.357ms
[2025-08-01T02:28:10.323+0000] GC(248) Post Compact
[2025-08-01T02:28:10.340+0000] GC(248) Post Compact 17.011ms
[2025-08-01T02:28:10.341+0000] GC(248) PSYoungGen: 465920K->0K(931840K)
[2025-08-01T02:28:10.341+0000] GC(248) ParOldGen: 2213656K->1282988K(2796544K)
[2025-08-01T02:28:10.341+0000] GC(248) Metaspace: 9712K(12544K)->9712K(12544K) NonClass: 8546K(11008K)->8546K(11008K) Class: 1166K(1536K)->1166K(1536K)
[2025-08-01T02:28:10.341+0000] GC(248) Pause Full (Ergonomics) 2616M->1252M(3641M) 315.246ms
[2025-08-01T02:28:10.341+0000] GC(248) User=2.32s Sys=0.02s Real=0.31s
[2025-08-01T02:28:10.427+0000] GC(249) Pause Young (Allocation Failure)
[2025-08-01T02:28:10.479+0000] GC(249) PSYoungGen: 465920K->166304K(931840K)
[2025-08-01T02:28:10.479+0000] GC(249) ParOldGen: 1282988K->1282988K(2796544K)
[2025-08-01T02:28:10.479+0000] GC(249) Metaspace: 9712K(12544K)->9712K(12544K) NonClass: 8546K(11008K)->8546K(11008K) Class: 1166K(1536K)->1166K(1536K)
[2025-08-01T02:28:10.479+0000] GC(249) Pause Young (Allocation Failure) 1707M->1415M(3641M) 51.880ms
[2025-08-01T02:28:10.479+0000] GC(249) User=0.37s Sys=0.02s Real=0.05s
[2025-08-01T02:28:10.574+0000] GC(250) Pause Young (Allocation Failure)
[2025-08-01T02:28:10.713+0000] GC(250) PSYoungGen: 632224K->465920K(931840K)
[2025-08-01T02:28:10.713+0000] GC(250) ParOldGen: 1282988K->1458220K(2796544K)
[2025-08-01T02:28:10.713+0000] GC(250) Metaspace: 9712K(12544K)->9712K(12544K) NonClass: 8546K(11008K)->8546K(11008K) Class: 1166K(1536K)->1166K(1536K)
[2025-08-01T02:28:10.713+0000] GC(250) Pause Young (Allocation Failure) 1870M->1879M(3641M) 139.438ms
[2025-08-01T02:28:10.713+0000] GC(250) User=1.02s Sys=0.02s Real=0.14s
[2025-08-01T02:28:10.803+0000] GC(251) Pause Young (Allocation Failure)
[2025-08-01T02:28:10.980+0000] GC(251) PSYoungGen: 931840K->417152K(931840K)
[2025-08-01T02:28:10.981+0000] GC(251) ParOldGen: 1458220K->1816356K(2796544K)
[2025-08-01T02:28:10.981+0000] GC(251) Metaspace: 9712K(12544K)->9712K(12544K) NonClass: 8546K(11008K)->8546K(11008K) Class: 1166K(1536K)->1166K(1536K)
[2025-08-01T02:28:10.981+0000] GC(251) Pause Young (Allocation Failure) 2334M->2181M(3641M) 177.594ms
[2025-08-01T02:28:10.981+0000] GC(251) User=1.38s Sys=0.02s Real=0.17s
[2025-08-01T02:28:11.077+0000] GC(252) Pause Young (Allocation Failure)
[2025-08-01T02:28:11.345+0000] GC(252) PSYoungGen: 883072K->465920K(931840K)
[2025-08-01T02:28:11.345+0000] GC(252) ParOldGen: 1816356K->2242108K(2796544K)
[2025-08-01T02:28:11.345+0000] GC(252) Metaspace: 9712K(12544K)->9712K(12544K) NonClass: 8546K(11008K)->8546K(11008K) Class: 1166K(1536K)->1166K(1536K)
[2025-08-01T02:28:11.345+0000] GC(252) Pause Young (Allocation Failure) 2636M->2644M(3641M) 267.914ms
[2025-08-01T02:28:11.345+0000] GC(252) User=2.06s Sys=0.05s Real=0.27s
[2025-08-01T02:28:11.345+0000] GC(253) Pause Full (Ergonomics)
[2025-08-01T02:28:11.345+0000] GC(253) Marking Phase
[2025-08-01T02:28:11.406+0000] GC(253) Marking Phase 60.664ms
[2025-08-01T02:28:11.406+0000] GC(253) Summary Phase
[2025-08-01T02:28:11.406+0000] GC(253) Summary Phase 0.116ms
[2025-08-01T02:28:11.406+0000] GC(253) Adjust Roots
[2025-08-01T02:28:11.408+0000] GC(253) Adjust Roots 2.108ms
[2025-08-01T02:28:11.408+0000] GC(253) Compaction Phase
[2025-08-01T02:28:11.613+0000] GC(253) Compaction Phase 204.443ms
[2025-08-01T02:28:11.613+0000] GC(253) Post Compact
[2025-08-01T02:28:11.630+0000] GC(253) Post Compact 16.990ms
[2025-08-01T02:28:11.630+0000] GC(253) PSYoungGen: 465920K->0K(931840K)
[2025-08-01T02:28:11.630+0000] GC(253) ParOldGen: 2242108K->1288753K(2796544K)
[2025-08-01T02:28:11.630+0000] GC(253) Metaspace: 9712K(12544K)->9712K(12544K) NonClass: 8546K(11008K)->8546K(11008K) Class: 1166K(1536K)->1166K(1536K)
[2025-08-01T02:28:11.630+0000] GC(253) Pause Full (Ergonomics) 2644M->1258M(3641M) 284.821ms
[2025-08-01T02:28:11.630+0000] GC(253) User=2.05s Sys=0.01s Real=0.28s
[2025-08-01T02:28:11.725+0000] GC(254) Pause Young (Allocation Failure)
[2025-08-01T02:28:11.818+0000] GC(254) PSYoungGen: 465920K->173920K(931840K)
[2025-08-01T02:28:11.818+0000] GC(254) ParOldGen: 1288753K->1288753K(2796544K)
[2025-08-01T02:28:11.818+0000] GC(254) Metaspace: 9712K(12544K)->9712K(12544K) NonClass: 8546K(11008K)->8546K(11008K) Class: 1166K(1536K)->1166K(1536K)
[2025-08-01T02:28:11.818+0000] GC(254) Pause Young (Allocation Failure) 1713M->1428M(3641M) 92.696ms
[2025-08-01T02:28:11.818+0000] GC(254) User=0.66s Sys=0.04s Real=0.09s
[2025-08-01T02:28:11.910+0000] GC(255) Pause Young (Allocation Failure)
[2025-08-01T02:28:12.058+0000] GC(255) PSYoungGen: 639840K->465920K(931840K)
[2025-08-01T02:28:12.058+0000] GC(255) ParOldGen: 1288753K->1468745K(2796544K)
[2025-08-01T02:28:12.058+0000] GC(255) Metaspace: 9712K(12544K)->9712K(12544K) NonClass: 8546K(11008K)->8546K(11008K) Class: 1166K(1536K)->1166K(1536K)
[2025-08-01T02:28:12.058+0000] GC(255) Pause Young (Allocation Failure) 1883M->1889M(3641M) 147.498ms
[2025-08-01T02:28:12.058+0000] GC(255) User=1.13s Sys=0.04s Real=0.15s
[2025-08-01T02:28:12.149+0000] GC(256) Pause Young (Allocation Failure)
[2025-08-01T02:28:12.388+0000] GC(256) PSYoungGen: 931840K->404640K(931840K)
[2025-08-01T02:28:12.388+0000] GC(256) ParOldGen: 1468745K->1817737K(2796544K)
[2025-08-01T02:28:12.388+0000] GC(256) Metaspace: 9712K(12544K)->9712K(12544K) NonClass: 8546K(11008K)->8546K(11008K) Class: 1166K(1536K)->1166K(1536K)
[2025-08-01T02:28:12.388+0000] GC(256) Pause Young (Allocation Failure) 2344M->2170M(3641M) 239.756ms
[2025-08-01T02:28:12.389+0000] GC(256) User=1.78s Sys=0.07s Real=0.24s
[2025-08-01T02:28:12.479+0000] GC(257) Pause Young (Allocation Failure)
[2025-08-01T02:28:12.650+0000] GC(257) PSYoungGen: 870560K->465920K(931840K)
[2025-08-01T02:28:12.650+0000] GC(257) ParOldGen: 1817737K->2233177K(2796544K)
[2025-08-01T02:28:12.650+0000] GC(257) Metaspace: 9712K(12544K)->9712K(12544K) NonClass: 8546K(11008K)->8546K(11008K) Class: 1166K(1536K)->1166K(1536K)
[2025-08-01T02:28:12.650+0000] GC(257) Pause Young (Allocation Failure) 2625M->2635M(3641M) 170.523ms
[2025-08-01T02:28:12.650+0000] GC(257) User=1.28s Sys=0.03s Real=0.17s
[2025-08-01T02:28:12.650+0000] GC(258) Pause Full (Ergonomics)
[2025-08-01T02:28:12.650+0000] GC(258) Marking Phase
[2025-08-01T02:28:12.720+0000] GC(258) Marking Phase 70.424ms
[2025-08-01T02:28:12.720+0000] GC(258) Summary Phase
[2025-08-01T02:28:12.720+0000] GC(258) Summary Phase 0.067ms
[2025-08-01T02:28:12.720+0000] GC(258) Adjust Roots
[2025-08-01T02:28:12.722+0000] GC(258) Adjust Roots 1.569ms
[2025-08-01T02:28:12.722+0000] GC(258) Compaction Phase
[2025-08-01T02:28:12.929+0000] GC(258) Compaction Phase 206.723ms
[2025-08-01T02:28:12.929+0000] GC(258) Post Compact
[2025-08-01T02:28:12.946+0000] GC(258) Post Compact 17.667ms
[2025-08-01T02:28:12.946+0000] GC(258) PSYoungGen: 465920K->0K(931840K)
[2025-08-01T02:28:12.947+0000] GC(258) ParOldGen: 2233177K->1295654K(2796544K)
[2025-08-01T02:28:12.947+0000] GC(258) Metaspace: 9712K(12544K)->9712K(12544K) NonClass: 8546K(11008K)->8546K(11008K) Class: 1166K(1536K)->1166K(1536K)
[2025-08-01T02:28:12.947+0000] GC(258) Pause Full (Ergonomics) 2635M->1265M(3641M) 296.801ms
[2025-08-01T02:28:12.947+0000] GC(258) User=2.20s Sys=0.00s Real=0.30s
[2025-08-01T02:28:13.041+0000] GC(259) Pause Young (Allocation Failure)
[2025-08-01T02:28:13.122+0000] GC(259) PSYoungGen: 465920K->212768K(931840K)
[2025-08-01T02:28:13.122+0000] GC(259) ParOldGen: 1295654K->1295654K(2796544K)
[2025-08-01T02:28:13.122+0000] GC(259) Metaspace: 9712K(12544K)->9712K(12544K) NonClass: 8546K(11008K)->8546K(11008K) Class: 1166K(1536K)->1166K(1536K)
[2025-08-01T02:28:13.122+0000] GC(259) Pause Young (Allocation Failure) 1720M->1473M(3641M) 81.613ms
[2025-08-01T02:28:13.122+0000] GC(259) User=0.59s Sys=0.02s Real=0.08s
[2025-08-01T02:28:13.212+0000] GC(260) Pause Young (Allocation Failure)
[2025-08-01T02:28:13.339+0000] GC(260) PSYoungGen: 678688K->465920K(931840K)
[2025-08-01T02:28:13.339+0000] GC(260) ParOldGen: 1295654K->1514350K(2796544K)
[2025-08-01T02:28:13.339+0000] GC(260) Metaspace: 9712K(12544K)->9712K(12544K) NonClass: 8546K(11008K)->8546K(11008K) Class: 1166K(1536K)->1166K(1536K)
[2025-08-01T02:28:13.339+0000] GC(260) Pause Young (Allocation Failure) 1928M->1933M(3641M) 126.366ms
[2025-08-01T02:28:13.339+0000] GC(260) User=0.94s Sys=0.01s Real=0.13s
[2025-08-01T02:28:13.425+0000] GC(261) Pause Young (Allocation Failure)
[2025-08-01T02:28:13.620+0000] GC(261) PSYoungGen: 931840K->379392K(931840K)
[2025-08-01T02:28:13.620+0000] GC(261) ParOldGen: 1514350K->1887238K(2796544K)
[2025-08-01T02:28:13.620+0000] GC(261) Metaspace: 9712K(12544K)->9712K(12544K) NonClass: 8546K(11008K)->8546K(11008K) Class: 1166K(1536K)->1166K(1536K)
[2025-08-01T02:28:13.620+0000] GC(261) Pause Young (Allocation Failure) 2388M->2213M(3641M) 195.684ms
[2025-08-01T02:28:13.620+0000] GC(261) User=1.48s Sys=0.01s Real=0.19s
[2025-08-01T02:28:13.711+0000] GC(262) Pause Young (Allocation Failure)
[2025-08-01T02:28:13.881+0000] GC(262) PSYoungGen: 845312K->465920K(931840K)
[2025-08-01T02:28:13.881+0000] GC(262) ParOldGen: 1887238K->2275998K(2796544K)
[2025-08-01T02:28:13.881+0000] GC(262) Metaspace: 9712K(12544K)->9712K(12544K) NonClass: 8546K(11008K)->8546K(11008K) Class: 1166K(1536K)->1166K(1536K)
[2025-08-01T02:28:13.881+0000] GC(262) Pause Young (Allocation Failure) 2668M->2677M(3641M) 170.426ms
[2025-08-01T02:28:13.881+0000] GC(262) User=1.32s Sys=0.01s Real=0.17s
[2025-08-01T02:28:13.881+0000] GC(263) Pause Full (Ergonomics)
[2025-08-01T02:28:13.882+0000] GC(263) Marking Phase
[2025-08-01T02:28:13.952+0000] GC(263) Marking Phase 70.344ms
[2025-08-01T02:28:13.952+0000] GC(263) Summary Phase
[2025-08-01T02:28:13.952+0000] GC(263) Summary Phase 0.109ms
[2025-08-01T02:28:13.952+0000] GC(263) Adjust Roots
[2025-08-01T02:28:13.954+0000] GC(263) Adjust Roots 1.858ms
[2025-08-01T02:28:13.954+0000] GC(263) Compaction Phase
[2025-08-01T02:28:14.160+0000] GC(263) Compaction Phase 205.734ms
[2025-08-01T02:28:14.160+0000] GC(263) Post Compact
[2025-08-01T02:28:14.178+0000] GC(263) Post Compact 18.528ms
[2025-08-01T02:28:14.178+0000] GC(263) PSYoungGen: 465920K->0K(931840K)
[2025-08-01T02:28:14.178+0000] GC(263) ParOldGen: 2275998K->1304574K(2796544K)
[2025-08-01T02:28:14.178+0000] GC(263) Metaspace: 9712K(12544K)->9712K(12544K) NonClass: 8546K(11008K)->8546K(11008K) Class: 1166K(1536K)->1166K(1536K)
[2025-08-01T02:28:14.179+0000] GC(263) Pause Full (Ergonomics) 2677M->1273M(3641M) 297.013ms
[2025-08-01T02:28:14.179+0000] GC(263) User=2.18s Sys=0.00s Real=0.30s
[2025-08-01T02:28:14.270+0000] GC(264) Pause Young (Allocation Failure)
[2025-08-01T02:28:14.367+0000] GC(264) PSYoungGen: 465920K->225088K(931840K)
[2025-08-01T02:28:14.367+0000] GC(264) ParOldGen: 1304574K->1304574K(2796544K)
[2025-08-01T02:28:14.367+0000] GC(264) Metaspace: 9712K(12544K)->9712K(12544K) NonClass: 8546K(11008K)->8546K(11008K) Class: 1166K(1536K)->1166K(1536K)
[2025-08-01T02:28:14.367+0000] GC(264) Pause Young (Allocation Failure) 1728M->1493M(3641M) 96.877ms
[2025-08-01T02:28:14.367+0000] GC(264) User=0.73s Sys=0.01s Real=0.10s
[2025-08-01T02:28:14.454+0000] GC(265) Pause Young (Allocation Failure)
[2025-08-01T02:28:14.582+0000] GC(265) PSYoungGen: 691008K->465920K(931840K)
[2025-08-01T02:28:14.582+0000] GC(265) ParOldGen: 1304574K->1534438K(2796544K)
[2025-08-01T02:28:14.582+0000] GC(265) Metaspace: 9712K(12544K)->9712K(12544K) NonClass: 8546K(11008K)->8546K(11008K) Class: 1166K(1536K)->1166K(1536K)
[2025-08-01T02:28:14.582+0000] GC(265) Pause Young (Allocation Failure) 1948M->1953M(3641M) 128.399ms
[2025-08-01T02:28:14.583+0000] GC(265) User=0.99s Sys=0.00s Real=0.12s
[2025-08-01T02:28:14.674+0000] GC(266) Pause Young (Allocation Failure)
[2025-08-01T02:28:14.891+0000] GC(266) PSYoungGen: 931840K->377888K(931840K)
[2025-08-01T02:28:14.891+0000] GC(266) ParOldGen: 1534438K->1905814K(2796544K)
[2025-08-01T02:28:14.891+0000] GC(266) Metaspace: 9712K(12544K)->9712K(12544K) NonClass: 8546K(11008K)->8546K(11008K) Class: 1166K(1536K)->1166K(1536K)
[2025-08-01T02:28:14.891+0000] GC(266) Pause Young (Allocation Failure) 2408M->2230M(3641M) 217.651ms
[2025-08-01T02:28:14.891+0000] GC(266) User=1.63s Sys=0.03s Real=0.21s
[2025-08-01T02:28:14.981+0000] GC(267) Pause Young (Allocation Failure)
[2025-08-01T02:28:15.157+0000] GC(267) PSYoungGen: 843808K->465920K(931840K)
[2025-08-01T02:28:15.157+0000] GC(267) ParOldGen: 1905814K->2293982K(2796544K)
[2025-08-01T02:28:15.157+0000] GC(267) Metaspace: 9712K(12544K)->9712K(12544K) NonClass: 8546K(11008K)->8546K(11008K) Class: 1166K(1536K)->1166K(1536K)
[2025-08-01T02:28:15.157+0000] GC(267) Pause Young (Allocation Failure) 2685M->2695M(3641M) 175.338ms
[2025-08-01T02:28:15.157+0000] GC(267) User=1.38s Sys=0.01s Real=0.18s
[2025-08-01T02:28:15.157+0000] GC(268) Pause Full (Ergonomics)
[2025-08-01T02:28:15.157+0000] GC(268) Marking Phase
[2025-08-01T02:28:15.233+0000] GC(268) Marking Phase 76.169ms
[2025-08-01T02:28:15.233+0000] GC(268) Summary Phase
[2025-08-01T02:28:15.233+0000] GC(268) Summary Phase 0.112ms
[2025-08-01T02:28:15.233+0000] GC(268) Adjust Roots
[2025-08-01T02:28:15.235+0000] GC(268) Adjust Roots 2.074ms
[2025-08-01T02:28:15.235+0000] GC(268) Compaction Phase
[2025-08-01T02:28:15.455+0000] GC(268) Compaction Phase 219.233ms
[2025-08-01T02:28:15.455+0000] GC(268) Post Compact
[2025-08-01T02:28:15.473+0000] GC(268) Post Compact 18.065ms
[2025-08-01T02:28:15.473+0000] GC(268) PSYoungGen: 465920K->0K(931840K)
[2025-08-01T02:28:15.473+0000] GC(268) ParOldGen: 2293982K->1308081K(2796544K)
[2025-08-01T02:28:15.473+0000] GC(268) Metaspace: 9712K(12544K)->9712K(12544K) NonClass: 8546K(11008K)->8546K(11008K) Class: 1166K(1536K)->1166K(1536K)
[2025-08-01T02:28:15.473+0000] GC(268) Pause Full (Ergonomics) 2695M->1277M(3641M) 316.046ms
[2025-08-01T02:28:15.473+0000] GC(268) User=2.33s Sys=0.01s Real=0.31s
[2025-08-01T02:28:15.619+0000] GC(269) Pause Young (Allocation Failure)
[2025-08-01T02:28:15.732+0000] GC(269) PSYoungGen: 465920K->228992K(931840K)
[2025-08-01T02:28:15.732+0000] GC(269) ParOldGen: 1308081K->1308081K(2796544K)
[2025-08-01T02:28:15.732+0000] GC(269) Metaspace: 9712K(12544K)->9712K(12544K) NonClass: 8546K(11008K)->8546K(11008K) Class: 1166K(1536K)->1166K(1536K)
[2025-08-01T02:28:15.732+0000] GC(269) Pause Young (Allocation Failure) 1732M->1501M(3641M) 113.881ms
[2025-08-01T02:28:15.733+0000] GC(269) User=0.85s Sys=0.03s Real=0.11s
[2025-08-01T02:28:15.840+0000] GC(270) Pause Young (Allocation Failure)
[2025-08-01T02:28:15.989+0000] GC(270) PSYoungGen: 694912K->465920K(931840K)
[2025-08-01T02:28:15.989+0000] GC(270) ParOldGen: 1308081K->1546729K(2796544K)
[2025-08-01T02:28:15.989+0000] GC(270) Metaspace: 9712K(12544K)->9712K(12544K) NonClass: 8546K(11008K)->8546K(11008K) Class: 1166K(1536K)->1166K(1536K)
[2025-08-01T02:28:15.989+0000] GC(270) Pause Young (Allocation Failure) 1956M->1965M(3641M) 149.203ms
[2025-08-01T02:28:15.989+0000] GC(270) User=1.14s Sys=0.01s Real=0.15s
[2025-08-01T02:28:16.081+0000] GC(271) Pause Young (Allocation Failure)
[2025-08-01T02:28:16.337+0000] GC(271) PSYoungGen: 931840K->402496K(931840K)
[2025-08-01T02:28:16.337+0000] GC(271) ParOldGen: 1546729K->1898785K(2796544K)
[2025-08-01T02:28:16.337+0000] GC(271) Metaspace: 9712K(12544K)->9712K(12544K) NonClass: 8546K(11008K)->8546K(11008K) Class: 1166K(1536K)->1166K(1536K)
[2025-08-01T02:28:16.337+0000] GC(271) Pause Young (Allocation Failure) 2420M->2247M(3641M) 255.821ms
[2025-08-01T02:28:16.337+0000] GC(271) User=1.97s Sys=0.06s Real=0.26s
[2025-08-01T02:28:16.425+0000] GC(272) Pause Young (Allocation Failure)
[2025-08-01T02:28:16.632+0000] GC(272) PSYoungGen: 868416K->465920K(931840K)
[2025-08-01T02:28:16.632+0000] GC(272) ParOldGen: 1898785K->2311369K(2796544K)
[2025-08-01T02:28:16.632+0000] GC(272) Metaspace: 9712K(12544K)->9712K(12544K) NonClass: 8546K(11008K)->8546K(11008K) Class: 1166K(1536K)->1166K(1536K)
[2025-08-01T02:28:16.632+0000] GC(272) Pause Young (Allocation Failure) 2702M->2712M(3641M) 207.380ms
[2025-08-01T02:28:16.632+0000] GC(272) User=1.59s Sys=0.05s Real=0.20s
[2025-08-01T02:28:16.632+0000] GC(273) Pause Full (Ergonomics)
[2025-08-01T02:28:16.632+0000] GC(273) Marking Phase
[2025-08-01T02:28:16.700+0000] GC(273) Marking Phase 67.620ms
[2025-08-01T02:28:16.700+0000] GC(273) Summary Phase
[2025-08-01T02:28:16.700+0000] GC(273) Summary Phase 0.113ms
[2025-08-01T02:28:16.700+0000] GC(273) Adjust Roots
[2025-08-01T02:28:16.702+0000] GC(273) Adjust Roots 1.787ms
[2025-08-01T02:28:16.702+0000] GC(273) Compaction Phase
[2025-08-01T02:28:16.905+0000] GC(273) Compaction Phase 203.097ms
[2025-08-01T02:28:16.905+0000] GC(273) Post Compact
[2025-08-01T02:28:16.921+0000] GC(273) Post Compact 16.038ms
[2025-08-01T02:28:16.921+0000] GC(273) PSYoungGen: 465920K->0K(931840K)
[2025-08-01T02:28:16.921+0000] GC(273) ParOldGen: 2311369K->1319601K(2796544K)
[2025-08-01T02:28:16.921+0000] GC(273) Metaspace: 9712K(12544K)->9712K(12544K) NonClass: 8546K(11008K)->8546K(11008K) Class: 1166K(1536K)->1166K(1536K)
[2025-08-01T02:28:16.921+0000] GC(273) Pause Full (Ergonomics) 2712M->1288M(3641M) 289.080ms
[2025-08-01T02:28:16.921+0000] GC(273) User=2.11s Sys=0.00s Real=0.29s
[2025-08-01T02:28:17.017+0000] GC(274) Pause Young (Allocation Failure)
[2025-08-01T02:28:17.131+0000] GC(274) PSYoungGen: 465920K->345568K(931840K)
[2025-08-01T02:28:17.131+0000] GC(274) ParOldGen: 1319601K->1319601K(2796544K)
[2025-08-01T02:28:17.131+0000] GC(274) Metaspace: 9712K(12544K)->9712K(12544K) NonClass: 8546K(11008K)->8546K(11008K) Class: 1166K(1536K)->1166K(1536K)
[2025-08-01T02:28:17.131+0000] GC(274) Pause Young (Allocation Failure) 1743M->1626M(3641M) 113.497ms
[2025-08-01T02:28:17.131+0000] GC(274) User=0.85s Sys=0.02s Real=0.11s
[2025-08-01T02:28:17.270+0000] GC(275) Pause Young (Allocation Failure)
[2025-08-01T02:28:17.450+0000] GC(275) PSYoungGen: 811488K->465920K(931840K)
[2025-08-01T02:28:17.450+0000] GC(275) ParOldGen: 1319601K->1553289K(2796544K)
[2025-08-01T02:28:17.450+0000] GC(275) Metaspace: 9712K(12544K)->9712K(12544K) NonClass: 8546K(11008K)->8546K(11008K) Class: 1166K(1536K)->1166K(1536K)
[2025-08-01T02:28:17.450+0000] GC(275) Pause Young (Allocation Failure) 2081M->1971M(3641M) 179.592ms
[2025-08-01T02:28:17.450+0000] GC(275) User=1.36s Sys=0.05s Real=0.18s
[2025-08-01T02:28:17.542+0000] GC(276) Pause Young (Allocation Failure)
[2025-08-01T02:28:17.768+0000] GC(276) PSYoungGen: 931840K->383872K(931840K)
[2025-08-01T02:28:17.768+0000] GC(276) ParOldGen: 1553289K->1903233K(2796544K)
[2025-08-01T02:28:17.768+0000] GC(276) Metaspace: 9712K(12544K)->9712K(12544K) NonClass: 8546K(11008K)->8546K(11008K) Class: 1166K(1536K)->1166K(1536K)
[2025-08-01T02:28:17.768+0000] GC(276) Pause Young (Allocation Failure) 2426M->2233M(3641M) 225.376ms
[2025-08-01T02:28:17.768+0000] GC(276) User=1.72s Sys=0.05s Real=0.23s
[2025-08-01T02:28:17.864+0000] GC(277) Pause Young (Allocation Failure)
[2025-08-01T02:28:18.043+0000] GC(277) PSYoungGen: 849792K->465920K(931840K)
[2025-08-01T02:28:18.043+0000] GC(277) ParOldGen: 1903233K->2294585K(2796544K)
[2025-08-01T02:28:18.043+0000] GC(277) Metaspace: 9712K(12544K)->9712K(12544K) NonClass: 8546K(11008K)->8546K(11008K) Class: 1166K(1536K)->1166K(1536K)
[2025-08-01T02:28:18.043+0000] GC(277) Pause Young (Allocation Failure) 2688M->2695M(3641M) 179.170ms
[2025-08-01T02:28:18.043+0000] GC(277) User=1.35s Sys=0.02s Real=0.18s
[2025-08-01T02:28:18.043+0000] GC(278) Pause Full (Ergonomics)
[2025-08-01T02:28:18.043+0000] GC(278) Marking Phase
[2025-08-01T02:28:18.117+0000] GC(278) Marking Phase 74.202ms
[2025-08-01T02:28:18.117+0000] GC(278) Summary Phase
[2025-08-01T02:28:18.118+0000] GC(278) Summary Phase 0.096ms
[2025-08-01T02:28:18.118+0000] GC(278) Adjust Roots
[2025-08-01T02:28:18.119+0000] GC(278) Adjust Roots 1.831ms
[2025-08-01T02:28:18.119+0000] GC(278) Compaction Phase
[2025-08-01T02:28:18.332+0000] GC(278) Compaction Phase 212.995ms
[2025-08-01T02:28:18.332+0000] GC(278) Post Compact
[2025-08-01T02:28:18.351+0000] GC(278) Post Compact 18.010ms
[2025-08-01T02:28:18.351+0000] GC(278) PSYoungGen: 465920K->0K(931840K)
[2025-08-01T02:28:18.351+0000] GC(278) ParOldGen: 2294585K->1322105K(2796544K)
[2025-08-01T02:28:18.351+0000] GC(278) Metaspace: 9712K(12544K)->9712K(12544K) NonClass: 8546K(11008K)->8546K(11008K) Class: 1166K(1536K)->1166K(1536K)
[2025-08-01T02:28:18.351+0000] GC(278) Pause Full (Ergonomics) 2695M->1291M(3641M) 307.530ms
[2025-08-01T02:28:18.351+0000] GC(278) User=2.27s Sys=0.00s Real=0.30s
[2025-08-01T02:28:18.442+0000] GC(279) Pause Young (Allocation Failure)
[2025-08-01T02:28:18.586+0000] GC(279) PSYoungGen: 465920K->376576K(931840K)
[2025-08-01T02:28:18.586+0000] GC(279) ParOldGen: 1322105K->1322105K(2796544K)
[2025-08-01T02:28:18.586+0000] GC(279) Metaspace: 9712K(12544K)->9712K(12544K) NonClass: 8546K(11008K)->8546K(11008K) Class: 1166K(1536K)->1166K(1536K)
[2025-08-01T02:28:18.586+0000] GC(279) Pause Young (Allocation Failure) 1746M->1658M(3641M) 143.413ms
[2025-08-01T02:28:18.586+0000] GC(279) User=1.07s Sys=0.06s Real=0.15s
[2025-08-01T02:28:18.720+0000] GC(280) Pause Young (Allocation Failure)
[2025-08-01T02:28:18.981+0000] GC(280) PSYoungGen: 842496K->465920K(931840K)
[2025-08-01T02:28:18.981+0000] GC(280) ParOldGen: 1322105K->1579513K(2796544K)
[2025-08-01T02:28:18.981+0000] GC(280) Metaspace: 9712K(12544K)->9712K(12544K) NonClass: 8546K(11008K)->8546K(11008K) Class: 1166K(1536K)->1166K(1536K)
[2025-08-01T02:28:18.981+0000] GC(280) Pause Young (Allocation Failure) 2113M->1997M(3641M) 261.390ms
[2025-08-01T02:28:18.981+0000] GC(280) User=1.93s Sys=0.10s Real=0.26s
[2025-08-01T02:28:19.070+0000] GC(281) Pause Young (Allocation Failure)
[2025-08-01T02:28:19.331+0000] GC(281) PSYoungGen: 931840K->378912K(931840K)
[2025-08-01T02:28:19.331+0000] GC(281) ParOldGen: 1579513K->1929193K(2796544K)
[2025-08-01T02:28:19.331+0000] GC(281) Metaspace: 9712K(12544K)->9712K(12544K) NonClass: 8546K(11008K)->8546K(11008K) Class: 1166K(1536K)->1166K(1536K)
[2025-08-01T02:28:19.331+0000] GC(281) Pause Young (Allocation Failure) 2452M->2254M(3641M) 260.656ms
[2025-08-01T02:28:19.331+0000] GC(281) User=1.96s Sys=0.06s Real=0.26s
[2025-08-01T02:28:19.418+0000] GC(282) Pause Young (Allocation Failure)
[2025-08-01T02:28:19.588+0000] GC(282) PSYoungGen: 844832K->465920K(931840K)
[2025-08-01T02:28:19.588+0000] GC(282) ParOldGen: 1929193K->2315633K(2796544K)
[2025-08-01T02:28:19.588+0000] GC(282) Metaspace: 9712K(12544K)->9712K(12544K) NonClass: 8546K(11008K)->8546K(11008K) Class: 1166K(1536K)->1166K(1536K)
[2025-08-01T02:28:19.588+0000] GC(282) Pause Young (Allocation Failure) 2709M->2716M(3641M) 170.302ms
[2025-08-01T02:28:19.588+0000] GC(282) User=1.33s Sys=0.01s Real=0.17s
[2025-08-01T02:28:19.588+0000] GC(283) Pause Full (Ergonomics)
[2025-08-01T02:28:19.589+0000] GC(283) Marking Phase
[2025-08-01T02:28:19.662+0000] GC(283) Marking Phase 73.957ms
[2025-08-01T02:28:19.663+0000] GC(283) Summary Phase
[2025-08-01T02:28:19.663+0000] GC(283) Summary Phase 0.295ms
[2025-08-01T02:28:19.663+0000] GC(283) Adjust Roots
[2025-08-01T02:28:19.665+0000] GC(283) Adjust Roots 1.677ms
[2025-08-01T02:28:19.665+0000] GC(283) Compaction Phase
[2025-08-01T02:28:19.869+0000] GC(283) Compaction Phase 203.982ms
[2025-08-01T02:28:19.869+0000] GC(283) Post Compact
[2025-08-01T02:28:19.883+0000] GC(283) Post Compact 14.117ms
[2025-08-01T02:28:19.883+0000] GC(283) PSYoungGen: 465920K->0K(931840K)
[2025-08-01T02:28:19.883+0000] GC(283) ParOldGen: 2315633K->1330161K(2796544K)
[2025-08-01T02:28:19.883+0000] GC(283) Metaspace: 9712K(12544K)->9712K(12544K) NonClass: 8546K(11008K)->8546K(11008K) Class: 1166K(1536K)->1166K(1536K)
[2025-08-01T02:28:19.883+0000] GC(283) Pause Full (Ergonomics) 2716M->1298M(3641M) 294.401ms
[2025-08-01T02:28:19.883+0000] GC(283) User=2.20s Sys=0.00s Real=0.29s
[2025-08-01T02:28:19.975+0000] GC(284) Pause Young (Allocation Failure)
[2025-08-01T02:28:20.106+0000] GC(284) PSYoungGen: 465920K->268128K(931840K)
[2025-08-01T02:28:20.106+0000] GC(284) ParOldGen: 1330161K->1330161K(2796544K)
[2025-08-01T02:28:20.106+0000] GC(284) Metaspace: 9712K(12544K)->9712K(12544K) NonClass: 8546K(11008K)->8546K(11008K) Class: 1166K(1536K)->1166K(1536K)
[2025-08-01T02:28:20.106+0000] GC(284) Pause Young (Allocation Failure) 1753M->1560M(3641M) 130.698ms
[2025-08-01T02:28:20.106+0000] GC(284) User=0.88s Sys=0.07s Real=0.13s
[2025-08-01T02:28:20.201+0000] GC(285) Pause Young (Allocation Failure)
[2025-08-01T02:28:20.405+0000] GC(285) PSYoungGen: 734048K->465920K(931840K)
[2025-08-01T02:28:20.405+0000] GC(285) ParOldGen: 1330161K->1607033K(2796544K)
[2025-08-01T02:28:20.405+0000] GC(285) Metaspace: 9712K(12544K)->9712K(12544K) NonClass: 8546K(11008K)->8546K(11008K) Class: 1166K(1536K)->1166K(1536K)
[2025-08-01T02:28:20.406+0000] GC(285) Pause Young (Allocation Failure) 2015M->2024M(3641M) 204.086ms
[2025-08-01T02:28:20.406+0000] GC(285) User=1.56s Sys=0.03s Real=0.21s
[2025-08-01T02:28:20.494+0000] GC(286) Pause Young (Allocation Failure)
[2025-08-01T02:28:20.711+0000] GC(286) PSYoungGen: 931840K->366464K(931840K)
[2025-08-01T02:28:20.711+0000] GC(286) ParOldGen: 1607033K->1965001K(2796544K)
[2025-08-01T02:28:20.711+0000] GC(286) Metaspace: 9712K(12544K)->9712K(12544K) NonClass: 8546K(11008K)->8546K(11008K) Class: 1166K(1536K)->1166K(1536K)
[2025-08-01T02:28:20.712+0000] GC(286) Pause Young (Allocation Failure) 2479M->2276M(3641M) 217.142ms
[2025-08-01T02:28:20.712+0000] GC(286) User=1.69s Sys=0.02s Real=0.21s
[2025-08-01T02:28:20.795+0000] GC(287) Pause Young (Allocation Failure)
[2025-08-01T02:28:20.959+0000] GC(287) PSYoungGen: 832384K->465920K(931840K)
[2025-08-01T02:28:20.959+0000] GC(287) ParOldGen: 1965001K->2338737K(2796544K)
[2025-08-01T02:28:20.959+0000] GC(287) Metaspace: 9712K(12544K)->9712K(12544K) NonClass: 8546K(11008K)->8546K(11008K) Class: 1166K(1536K)->1166K(1536K)
[2025-08-01T02:28:20.959+0000] GC(287) Pause Young (Allocation Failure) 2731M->2738M(3641M) 163.856ms
[2025-08-01T02:28:20.959+0000] GC(287) User=1.29s Sys=0.00s Real=0.16s
[2025-08-01T02:28:20.959+0000] GC(288) Pause Full (Ergonomics)
[2025-08-01T02:28:20.959+0000] GC(288) Marking Phase
[2025-08-01T02:28:21.026+0000] GC(288) Marking Phase 66.890ms
[2025-08-01T02:28:21.026+0000] GC(288) Summary Phase
[2025-08-01T02:28:21.026+0000] GC(288) Summary Phase 0.145ms
[2025-08-01T02:28:21.026+0000] GC(288) Adjust Roots
[2025-08-01T02:28:21.028+0000] GC(288) Adjust Roots 2.050ms
[2025-08-01T02:28:21.029+0000] GC(288) Compaction Phase
[2025-08-01T02:28:21.237+0000] GC(288) Compaction Phase 208.589ms
[2025-08-01T02:28:21.237+0000] GC(288) Post Compact
[2025-08-01T02:28:21.257+0000] GC(288) Post Compact 19.549ms
[2025-08-01T02:28:21.257+0000] GC(288) PSYoungGen: 465920K->0K(931840K)
[2025-08-01T02:28:21.257+0000] GC(288) ParOldGen: 2338737K->1335229K(2796544K)
[2025-08-01T02:28:21.257+0000] GC(288) Metaspace: 9712K(12544K)->9712K(12544K) NonClass: 8546K(11008K)->8546K(11008K) Class: 1166K(1536K)->1166K(1536K)
[2025-08-01T02:28:21.257+0000] GC(288) Pause Full (Ergonomics) 2738M->1303M(3641M) 297.674ms
[2025-08-01T02:28:21.257+0000] GC(288) User=2.13s Sys=0.02s Real=0.30s
[2025-08-01T02:28:21.343+0000] GC(289) Pause Young (Allocation Failure)
[2025-08-01T02:28:21.415+0000] GC(289) PSYoungGen: 465920K->286656K(931840K)
[2025-08-01T02:28:21.415+0000] GC(289) ParOldGen: 1335229K->1335229K(2796544K)
[2025-08-01T02:28:21.415+0000] GC(289) Metaspace: 9712K(12544K)->9712K(12544K) NonClass: 8546K(11008K)->8546K(11008K) Class: 1166K(1536K)->1166K(1536K)
[2025-08-01T02:28:21.415+0000] GC(289) Pause Young (Allocation Failure) 1758M->1583M(3641M) 72.203ms
[2025-08-01T02:28:21.415+0000] GC(289) User=0.54s Sys=0.03s Real=0.07s
[2025-08-01T02:28:21.505+0000] GC(290) Pause Young (Allocation Failure)
[2025-08-01T02:28:21.671+0000] GC(290) PSYoungGen: 752576K->465920K(931840K)
[2025-08-01T02:28:21.671+0000] GC(290) ParOldGen: 1335229K->1630501K(2796544K)
[2025-08-01T02:28:21.671+0000] GC(290) Metaspace: 9712K(12544K)->9712K(12544K) NonClass: 8546K(11008K)->8546K(11008K) Class: 1166K(1536K)->1166K(1536K)
[2025-08-01T02:28:21.671+0000] GC(290) Pause Young (Allocation Failure) 2038M->2047M(3641M) 165.945ms
[2025-08-01T02:28:21.671+0000] GC(290) User=1.28s Sys=0.02s Real=0.16s
[2025-08-01T02:28:21.764+0000] GC(291) Pause Young (Allocation Failure)
[2025-08-01T02:28:21.965+0000] GC(291) PSYoungGen: 931840K->465920K(931840K)
[2025-08-01T02:28:21.965+0000] GC(291) ParOldGen: 1630501K->2108117K(2796544K)
[2025-08-01T02:28:21.965+0000] GC(291) Metaspace: 9712K(12544K)->9712K(12544K) NonClass: 8546K(11008K)->8546K(11008K) Class: 1166K(1536K)->1166K(1536K)
[2025-08-01T02:28:21.965+0000] GC(291) Pause Young (Allocation Failure) 2502M->2513M(3641M) 201.579ms
[2025-08-01T02:28:21.965+0000] GC(291) User=1.58s Sys=0.02s Real=0.20s
[2025-08-01T02:28:22.106+0000] GC(292) Pause Young (Allocation Failure)
[2025-08-01T02:28:22.365+0000] GC(292) PSYoungGen: 931840K->344544K(931840K)
[2025-08-01T02:28:22.365+0000] GC(292) ParOldGen: 2108117K->2342205K(2796544K)
[2025-08-01T02:28:22.365+0000] GC(292) Metaspace: 9712K(12544K)->9712K(12544K) NonClass: 8546K(11008K)->8546K(11008K) Class: 1166K(1536K)->1166K(1536K)
[2025-08-01T02:28:22.365+0000] GC(292) Pause Young (Allocation Failure) 2968M->2623M(3641M) 258.876ms
[2025-08-01T02:28:22.365+0000] GC(292) User=1.79s Sys=0.16s Real=0.26s
[2025-08-01T02:28:22.365+0000] GC(293) Pause Full (Ergonomics)
[2025-08-01T02:28:22.365+0000] GC(293) Marking Phase
[2025-08-01T02:28:22.409+0000] GC(293) Marking Phase 43.274ms
[2025-08-01T02:28:22.409+0000] GC(293) Summary Phase
[2025-08-01T02:28:22.409+0000] GC(293) Summary Phase 0.116ms
[2025-08-01T02:28:22.409+0000] GC(293) Adjust Roots
[2025-08-01T02:28:22.410+0000] GC(293) Adjust Roots 1.705ms
[2025-08-01T02:28:22.410+0000] GC(293) Compaction Phase
[2025-08-01T02:28:22.565+0000] GC(293) Compaction Phase 154.719ms
[2025-08-01T02:28:22.565+0000] GC(293) Post Compact
[2025-08-01T02:28:22.582+0000] GC(293) Post Compact 17.016ms
[2025-08-01T02:28:22.582+0000] GC(293) PSYoungGen: 344544K->0K(931840K)
[2025-08-01T02:28:22.582+0000] GC(293) ParOldGen: 2342205K->883691K(2796544K)
[2025-08-01T02:28:22.582+0000] GC(293) Metaspace: 9712K(12544K)->9712K(12544K) NonClass: 8546K(11008K)->8546K(11008K) Class: 1166K(1536K)->1166K(1536K)
[2025-08-01T02:28:22.583+0000] GC(293) Pause Full (Ergonomics) 2623M->862M(3641M) 217.299ms
[2025-08-01T02:28:22.583+0000] GC(293) User=1.55s Sys=0.01s Real=0.21s
[2025-08-01T02:28:22.672+0000] GC(294) Pause Young (Allocation Failure)
[2025-08-01T02:28:22.743+0000] GC(294) PSYoungGen: 465920K->308160K(931840K)
[2025-08-01T02:28:22.743+0000] GC(294) ParOldGen: 883691K->883691K(2796544K)
[2025-08-01T02:28:22.743+0000] GC(294) Metaspace: 9712K(12544K)->9712K(12544K) NonClass: 8546K(11008K)->8546K(11008K) Class: 1166K(1536K)->1166K(1536K)
[2025-08-01T02:28:22.743+0000] GC(294) Pause Young (Allocation Failure) 1317M->1163M(3641M) 71.320ms
[2025-08-01T02:28:22.743+0000] GC(294) User=0.52s Sys=0.03s Real=0.08s
[2025-08-01T02:28:22.841+0000] GC(295) Pause Young (Allocation Failure)
[2025-08-01T02:28:22.983+0000] GC(295) PSYoungGen: 774080K->465920K(931840K)
[2025-08-01T02:28:22.983+0000] GC(295) ParOldGen: 883691K->1200099K(2796544K)
[2025-08-01T02:28:22.983+0000] GC(295) Metaspace: 9712K(12544K)->9712K(12544K) NonClass: 8546K(11008K)->8546K(11008K) Class: 1166K(1536K)->1166K(1536K)
[2025-08-01T02:28:22.983+0000] GC(295) Pause Young (Allocation Failure) 1618M->1626M(3641M) 142.202ms
[2025-08-01T02:28:22.983+0000] GC(295) User=1.12s Sys=0.00s Real=0.15s
[2025-08-01T02:28:23.074+0000] GC(296) Pause Young (Allocation Failure)
[2025-08-01T02:28:23.242+0000] GC(296) PSYoungGen: 931840K->465920K(931840K)
[2025-08-01T02:28:23.242+0000] GC(296) ParOldGen: 1200099K->1676507K(2796544K)
[2025-08-01T02:28:23.242+0000] GC(296) Metaspace: 9712K(12544K)->9712K(12544K) NonClass: 8546K(11008K)->8546K(11008K) Class: 1166K(1536K)->1166K(1536K)
[2025-08-01T02:28:23.242+0000] GC(296) Pause Young (Allocation Failure) 2081M->2092M(3641M) 167.911ms
[2025-08-01T02:28:23.242+0000] GC(296) User=1.33s Sys=0.00s Real=0.16s
[2025-08-01T02:28:23.389+0000] GC(297) Pause Young (Allocation Failure)
[2025-08-01T02:28:23.629+0000] GC(297) PSYoungGen: 931840K->358944K(931840K)
[2025-08-01T02:28:23.629+0000] GC(297) ParOldGen: 1676507K->1913843K(2796544K)
[2025-08-01T02:28:23.629+0000] GC(297) Metaspace: 9712K(12544K)->9712K(12544K) NonClass: 8546K(11008K)->8546K(11008K) Class: 1166K(1536K)->1166K(1536K)
[2025-08-01T02:28:23.629+0000] GC(297) Pause Young (Allocation Failure) 2547M->2219M(3641M) 240.325ms
[2025-08-01T02:28:23.629+0000] GC(297) User=1.81s Sys=0.08s Real=0.24s
[2025-08-01T02:28:23.719+0000] GC(298) Pause Young (Allocation Failure)
[2025-08-01T02:28:23.809+0000] GC(298) PSYoungGen: 824864K->301184K(931840K)
[2025-08-01T02:28:23.809+0000] GC(298) ParOldGen: 1913843K->2042395K(2796544K)
[2025-08-01T02:28:23.809+0000] GC(298) Metaspace: 9712K(12544K)->9712K(12544K) NonClass: 8546K(11008K)->8546K(11008K) Class: 1166K(1536K)->1166K(1536K)
[2025-08-01T02:28:23.809+0000] GC(298) Pause Young (Allocation Failure) 2674M->2288M(3641M) 89.180ms
[2025-08-01T02:28:23.809+0000] GC(298) User=0.69s Sys=0.01s Real=0.09s
[2025-08-01T02:28:23.901+0000] GC(299) Pause Young (Allocation Failure)
[2025-08-01T02:28:24.130+0000] GC(299) PSYoungGen: 767104K->465920K(931840K)
[2025-08-01T02:28:24.130+0000] GC(299) ParOldGen: 2042395K->2354291K(2796544K)
[2025-08-01T02:28:24.130+0000] GC(299) Metaspace: 9712K(12544K)->9712K(12544K) NonClass: 8546K(11008K)->8546K(11008K) Class: 1166K(1536K)->1166K(1536K)
[2025-08-01T02:28:24.130+0000] GC(299) Pause Young (Allocation Failure) 2743M->2754M(3641M) 229.222ms
[2025-08-01T02:28:24.130+0000] GC(299) User=1.76s Sys=0.04s Real=0.23s
[2025-08-01T02:28:24.131+0000] GC(300) Pause Full (Ergonomics)
[2025-08-01T02:28:24.131+0000] GC(300) Marking Phase
[2025-08-01T02:28:24.188+0000] GC(300) Marking Phase 57.412ms
[2025-08-01T02:28:24.188+0000] GC(300) Summary Phase
[2025-08-01T02:28:24.188+0000] GC(300) Summary Phase 0.108ms
[2025-08-01T02:28:24.188+0000] GC(300) Adjust Roots
[2025-08-01T02:28:24.190+0000] GC(300) Adjust Roots 2.036ms
[2025-08-01T02:28:24.190+0000] GC(300) Compaction Phase
[2025-08-01T02:28:24.347+0000] GC(300) Compaction Phase 156.355ms
[2025-08-01T02:28:24.347+0000] GC(300) Post Compact
[2025-08-01T02:28:24.366+0000] GC(300) Post Compact 19.000ms
[2025-08-01T02:28:24.366+0000] GC(300) PSYoungGen: 465920K->0K(931840K)
[2025-08-01T02:28:24.366+0000] GC(300) ParOldGen: 2354291K->901998K(2796544K)
[2025-08-01T02:28:24.366+0000] GC(300) Metaspace: 9712K(12544K)->9712K(12544K) NonClass: 8546K(11008K)->8546K(11008K) Class: 1166K(1536K)->1166K(1536K)
[2025-08-01T02:28:24.366+0000] GC(300) Pause Full (Ergonomics) 2754M->880M(3641M) 235.400ms
[2025-08-01T02:28:24.366+0000] GC(300) User=1.67s Sys=0.03s Real=0.24s
[2025-08-01T02:28:24.459+0000] GC(301) Pause Young (Allocation Failure)
[2025-08-01T02:28:24.549+0000] GC(301) PSYoungGen: 465920K->465920K(931840K)
[2025-08-01T02:28:24.549+0000] GC(301) ParOldGen: 901998K->908318K(2796544K)
[2025-08-01T02:28:24.549+0000] GC(301) Metaspace: 9712K(12544K)->9712K(12544K) NonClass: 8546K(11008K)->8546K(11008K) Class: 1166K(1536K)->1166K(1536K)
[2025-08-01T02:28:24.549+0000] GC(301) Pause Young (Allocation Failure) 1335M->1342M(3641M) 89.770ms
[2025-08-01T02:28:24.549+0000] GC(301) User=0.69s Sys=0.00s Real=0.09s
[2025-08-01T02:28:24.699+0000] GC(302) Pause Young (Allocation Failure)
[2025-08-01T02:28:24.937+0000] GC(302) PSYoungGen: 931840K->368288K(931840K)
[2025-08-01T02:28:24.937+0000] GC(302) ParOldGen: 908318K->1156870K(2796544K)
[2025-08-01T02:28:24.937+0000] GC(302) Metaspace: 9712K(12544K)->9712K(12544K) NonClass: 8546K(11008K)->8546K(11008K) Class: 1166K(1536K)->1166K(1536K)
[2025-08-01T02:28:24.937+0000] GC(302) Pause Young (Allocation Failure) 1797M->1489M(3641M) 238.431ms
[2025-08-01T02:28:24.937+0000] GC(302) User=1.80s Sys=0.04s Real=0.24s
[2025-08-01T02:28:25.028+0000] GC(303) Pause Young (Allocation Failure)
[2025-08-01T02:28:25.122+0000] GC(303) PSYoungGen: 834208K->309376K(931840K)
[2025-08-01T02:28:25.122+0000] GC(303) ParOldGen: 1156870K->1290838K(2796544K)
[2025-08-01T02:28:25.122+0000] GC(303) Metaspace: 9712K(12544K)->9712K(12544K) NonClass: 8546K(11008K)->8546K(11008K) Class: 1166K(1536K)->1166K(1536K)
[2025-08-01T02:28:25.122+0000] GC(303) Pause Young (Allocation Failure) 1944M->1562M(3641M) 94.596ms
[2025-08-01T02:28:25.122+0000] GC(303) User=0.73s Sys=0.01s Real=0.09s
[2025-08-01T02:28:25.212+0000] GC(304) Pause Young (Allocation Failure)
[2025-08-01T02:28:25.452+0000] GC(304) PSYoungGen: 775296K->465920K(931840K)
[2025-08-01T02:28:25.452+0000] GC(304) ParOldGen: 1290838K->1609798K(2796544K)
[2025-08-01T02:28:25.452+0000] GC(304) Metaspace: 9712K(12544K)->9712K(12544K) NonClass: 8546K(11008K)->8546K(11008K) Class: 1166K(1536K)->1166K(1536K)
[2025-08-01T02:28:25.453+0000] GC(304) Pause Young (Allocation Failure) 2017M->2027M(3641M) 240.511ms
[2025-08-01T02:28:25.453+0000] GC(304) User=1.79s Sys=0.07s Real=0.24s
[2025-08-01T02:28:25.552+0000] GC(305) Pause Young (Allocation Failure)
[2025-08-01T02:28:25.722+0000] GC(305) PSYoungGen: 931840K->465920K(931840K)
[2025-08-01T02:28:25.722+0000] GC(305) ParOldGen: 1609798K->2085526K(2796544K)
[2025-08-01T02:28:25.722+0000] GC(305) Metaspace: 9712K(12544K)->9712K(12544K) NonClass: 8546K(11008K)->8546K(11008K) Class: 1166K(1536K)->1166K(1536K)
[2025-08-01T02:28:25.722+0000] GC(305) Pause Young (Allocation Failure) 2482M->2491M(3641M) 170.472ms
[2025-08-01T02:28:25.722+0000] GC(305) User=1.35s Sys=0.00s Real=0.17s
[2025-08-01T02:28:25.867+0000] GC(306) Pause Young (Allocation Failure)
[2025-08-01T02:28:26.097+0000] GC(306) PSYoungGen: 931840K->364512K(931840K)
[2025-08-01T02:28:26.097+0000] GC(306) ParOldGen: 2085526K->2323310K(2796544K)
[2025-08-01T02:28:26.097+0000] GC(306) Metaspace: 9712K(12544K)->9712K(12544K) NonClass: 8546K(11008K)->8546K(11008K) Class: 1166K(1536K)->1166K(1536K)
[2025-08-01T02:28:26.097+0000] GC(306) Pause Young (Allocation Failure) 2946M->2624M(3641M) 229.776ms
[2025-08-01T02:28:26.097+0000] GC(306) User=1.74s Sys=0.07s Real=0.23s
[2025-08-01T02:28:26.097+0000] GC(307) Pause Full (Ergonomics)
[2025-08-01T02:28:26.097+0000] GC(307) Marking Phase
[2025-08-01T02:28:26.154+0000] GC(307) Marking Phase 56.561ms
[2025-08-01T02:28:26.154+0000] GC(307) Summary Phase
[2025-08-01T02:28:26.154+0000] GC(307) Summary Phase 0.098ms
[2025-08-01T02:28:26.154+0000] GC(307) Adjust Roots
[2025-08-01T02:28:26.156+0000] GC(307) Adjust Roots 1.720ms
[2025-08-01T02:28:26.156+0000] GC(307) Compaction Phase
[2025-08-01T02:28:26.323+0000] GC(307) Compaction Phase 167.177ms
[2025-08-01T02:28:26.323+0000] GC(307) Post Compact
[2025-08-01T02:28:26.341+0000] GC(307) Post Compact 18.261ms
[2025-08-01T02:28:26.342+0000] GC(307) PSYoungGen: 364512K->0K(931840K)
[2025-08-01T02:28:26.342+0000] GC(307) ParOldGen: 2323310K->916141K(2796544K)
[2025-08-01T02:28:26.342+0000] GC(307) Metaspace: 9712K(12544K)->9712K(12544K) NonClass: 8546K(11008K)->8546K(11008K) Class: 1166K(1536K)->1166K(1536K)
[2025-08-01T02:28:26.342+0000] GC(307) Pause Full (Ergonomics) 2624M->894M(3641M) 244.486ms
[2025-08-01T02:28:26.342+0000] GC(307) User=1.73s Sys=0.03s Real=0.24s
[2025-08-01T02:28:26.434+0000] GC(308) Pause Young (Allocation Failure)
[2025-08-01T02:28:26.539+0000] GC(308) PSYoungGen: 465920K->322272K(931840K)
[2025-08-01T02:28:26.539+0000] GC(308) ParOldGen: 916141K->916141K(2796544K)
[2025-08-01T02:28:26.539+0000] GC(308) Metaspace: 9712K(12544K)->9712K(12544K) NonClass: 8546K(11008K)->8546K(11008K) Class: 1166K(1536K)->1166K(1536K)
[2025-08-01T02:28:26.539+0000] GC(308) Pause Young (Allocation Failure) 1349M->1209M(3641M) 105.752ms
[2025-08-01T02:28:26.539+0000] GC(308) User=0.72s Sys=0.05s Real=0.10s
[2025-08-01T02:28:26.633+0000] GC(309) Pause Young (Allocation Failure)
[2025-08-01T02:28:26.780+0000] GC(309) PSYoungGen: 788192K->465920K(931840K)
[2025-08-01T02:28:26.780+0000] GC(309) ParOldGen: 916141K->1246429K(2796544K)
[2025-08-01T02:28:26.780+0000] GC(309) Metaspace: 9712K(12544K)->9712K(12544K) NonClass: 8546K(11008K)->8546K(11008K) Class: 1166K(1536K)->1166K(1536K)
[2025-08-01T02:28:26.780+0000] GC(309) Pause Young (Allocation Failure) 1664M->1672M(3641M) 147.410ms
[2025-08-01T02:28:26.780+0000] GC(309) User=1.16s Sys=0.01s Real=0.15s
[2025-08-01T02:28:26.869+0000] GC(310) Pause Young (Allocation Failure)
[2025-08-01T02:28:27.039+0000] GC(310) PSYoungGen: 931840K->465920K(931840K)
[2025-08-01T02:28:27.039+0000] GC(310) ParOldGen: 1246429K->1722349K(2796544K)
[2025-08-01T02:28:27.039+0000] GC(310) Metaspace: 9712K(12544K)->9712K(12544K) NonClass: 8546K(11008K)->8546K(11008K) Class: 1166K(1536K)->1166K(1536K)
[2025-08-01T02:28:27.039+0000] GC(310) Pause Young (Allocation Failure) 2127M->2136M(3641M) 169.965ms
[2025-08-01T02:28:27.039+0000] GC(310) User=1.34s Sys=0.00s Real=0.17s
[2025-08-01T02:28:27.131+0000] GC(311) Pause Young (Allocation Failure)
[2025-08-01T02:28:27.343+0000] GC(311) PSYoungGen: 931840K->369952K(931840K)
[2025-08-01T02:28:27.343+0000] GC(311) ParOldGen: 1722349K->1966117K(2796544K)
[2025-08-01T02:28:27.343+0000] GC(311) Metaspace: 9712K(12544K)->9712K(12544K) NonClass: 8546K(11008K)->8546K(11008K) Class: 1166K(1536K)->1166K(1536K)
[2025-08-01T02:28:27.343+0000] GC(311) Pause Young (Allocation Failure) 2591M->2281M(3641M) 211.695ms
[2025-08-01T02:28:27.343+0000] GC(311) User=1.60s Sys=0.06s Real=0.22s
[2025-08-01T02:28:27.429+0000] GC(312) Pause Young (Allocation Failure)
[2025-08-01T02:28:27.597+0000] GC(312) PSYoungGen: 835872K->283584K(931840K)
[2025-08-01T02:28:27.597+0000] GC(312) ParOldGen: 1966117K->2141773K(2796544K)
[2025-08-01T02:28:27.597+0000] GC(312) Metaspace: 9712K(12544K)->9712K(12544K) NonClass: 8546K(11008K)->8546K(11008K) Class: 1166K(1536K)->1166K(1536K)
[2025-08-01T02:28:27.597+0000] GC(312) Pause Young (Allocation Failure) 2736M->2368M(3641M) 167.517ms
[2025-08-01T02:28:27.597+0000] GC(312) User=1.23s Sys=0.06s Real=0.17s
[2025-08-01T02:28:27.689+0000] GC(313) Pause Young (Allocation Failure)
[2025-08-01T02:28:27.832+0000] GC(313) PSYoungGen: 749504K->465920K(931840K)
[2025-08-01T02:28:27.832+0000] GC(313) ParOldGen: 2141773K->2434709K(2796544K)
[2025-08-01T02:28:27.832+0000] GC(313) Metaspace: 9712K(12544K)->9712K(12544K) NonClass: 8546K(11008K)->8546K(11008K) Class: 1166K(1536K)->1166K(1536K)
[2025-08-01T02:28:27.832+0000] GC(313) Pause Young (Allocation Failure) 2823M->2832M(3641M) 143.482ms
[2025-08-01T02:28:27.832+0000] GC(313) User=1.10s Sys=0.00s Real=0.14s
[2025-08-01T02:28:27.833+0000] GC(314) Pause Full (Ergonomics)
[2025-08-01T02:28:27.833+0000] GC(314) Marking Phase
[2025-08-01T02:28:27.879+0000] GC(314) Marking Phase 46.499ms
[2025-08-01T02:28:27.879+0000] GC(314) Summary Phase
[2025-08-01T02:28:27.879+0000] GC(314) Summary Phase 0.082ms
[2025-08-01T02:28:27.879+0000] GC(314) Adjust Roots
[2025-08-01T02:28:27.881+0000] GC(314) Adjust Roots 1.705ms
[2025-08-01T02:28:27.881+0000] GC(314) Compaction Phase
[2025-08-01T02:28:28.023+0000] GC(314) Compaction Phase 142.418ms
[2025-08-01T02:28:28.023+0000] GC(314) Post Compact
[2025-08-01T02:28:28.042+0000] GC(314) Post Compact 18.732ms
[2025-08-01T02:28:28.042+0000] GC(314) PSYoungGen: 465920K->0K(931840K)
[2025-08-01T02:28:28.042+0000] GC(314) ParOldGen: 2434709K->930305K(2796544K)
[2025-08-01T02:28:28.042+0000] GC(314) Metaspace: 9712K(12544K)->9712K(12544K) NonClass: 8546K(11008K)->8546K(11008K) Class: 1166K(1536K)->1166K(1536K)
[2025-08-01T02:28:28.042+0000] GC(314) Pause Full (Ergonomics) 2832M->908M(3641M) 209.854ms
[2025-08-01T02:28:28.042+0000] GC(314) User=1.51s Sys=0.00s Real=0.21s
[2025-08-01T02:28:28.137+0000] GC(315) Pause Young (Allocation Failure)
[2025-08-01T02:28:28.316+0000] GC(315) PSYoungGen: 465920K->465920K(931840K)
[2025-08-01T02:28:28.316+0000] GC(315) ParOldGen: 930305K->935345K(2796544K)
[2025-08-01T02:28:28.316+0000] GC(315) Metaspace: 9712K(12544K)->9712K(12544K) NonClass: 8546K(11008K)->8546K(11008K) Class: 1166K(1536K)->1166K(1536K)
[2025-08-01T02:28:28.316+0000] GC(315) Pause Young (Allocation Failure) 1363M->1368M(3641M) 179.391ms
[2025-08-01T02:28:28.316+0000] GC(315) User=1.37s Sys=0.03s Real=0.18s
[2025-08-01T02:28:28.416+0000] GC(316) Pause Young (Allocation Failure)
[2025-08-01T02:28:28.595+0000] GC(316) PSYoungGen: 931840K->420320K(931840K)
[2025-08-01T02:28:28.595+0000] GC(316) ParOldGen: 935345K->1166377K(2796544K)
[2025-08-01T02:28:28.595+0000] GC(316) Metaspace: 9712K(12544K)->9712K(12544K) NonClass: 8546K(11008K)->8546K(11008K) Class: 1166K(1536K)->1166K(1536K)
[2025-08-01T02:28:28.595+0000] GC(316) Pause Young (Allocation Failure) 1823M->1549M(3641M) 179.720ms
[2025-08-01T02:28:28.595+0000] GC(316) User=1.37s Sys=0.05s Real=0.18s
[2025-08-01T02:28:28.681+0000] GC(317) Pause Young (Allocation Failure)
[2025-08-01T02:28:28.773+0000] GC(317) PSYoungGen: 886240K->275424K(931840K)
[2025-08-01T02:28:28.773+0000] GC(317) ParOldGen: 1166377K->1355369K(2796544K)
[2025-08-01T02:28:28.773+0000] GC(317) Metaspace: 9712K(12544K)->9712K(12544K) NonClass: 8546K(11008K)->8546K(11008K) Class: 1166K(1536K)->1166K(1536K)
[2025-08-01T02:28:28.773+0000] GC(317) Pause Young (Allocation Failure) 2004M->1592M(3641M) 92.613ms
[2025-08-01T02:28:28.773+0000] GC(317) User=0.73s Sys=0.00s Real=0.10s
[2025-08-01T02:28:28.861+0000] GC(318) Pause Young (Allocation Failure)
[2025-08-01T02:28:29.100+0000] GC(318) PSYoungGen: 741344K->465920K(931840K)
[2025-08-01T02:28:29.100+0000] GC(318) ParOldGen: 1355369K->1639969K(2796544K)
[2025-08-01T02:28:29.100+0000] GC(318) Metaspace: 9712K(12544K)->9712K(12544K) NonClass: 8546K(11008K)->8546K(11008K) Class: 1166K(1536K)->1166K(1536K)
[2025-08-01T02:28:29.100+0000] GC(318) Pause Young (Allocation Failure) 2047M->2056M(3641M) 238.612ms
[2025-08-01T02:28:29.100+0000] GC(318) User=1.81s Sys=0.08s Real=0.24s
[2025-08-01T02:28:29.189+0000] GC(319) Pause Young (Allocation Failure)
[2025-08-01T02:28:29.378+0000] GC(319) PSYoungGen: 931840K->465920K(931840K)
[2025-08-01T02:28:29.378+0000] GC(319) ParOldGen: 1639969K->2117449K(2796544K)
[2025-08-01T02:28:29.378+0000] GC(319) Metaspace: 9712K(12544K)->9712K(12544K) NonClass: 8546K(11008K)->8546K(11008K) Class: 1166K(1536K)->1166K(1536K)
[2025-08-01T02:28:29.378+0000] GC(319) Pause Young (Allocation Failure) 2511M->2522M(3641M) 189.117ms
[2025-08-01T02:28:29.378+0000] GC(319) User=1.47s Sys=0.02s Real=0.19s
[2025-08-01T02:28:29.487+0000] GC(320) Pause Young (Allocation Failure)
[2025-08-01T02:28:29.646+0000] GC(320) PSYoungGen: 931840K->431936K(931840K)
[2025-08-01T02:28:29.646+0000] GC(320) ParOldGen: 2117449K->2361209K(2796544K)
[2025-08-01T02:28:29.646+0000] GC(320) Metaspace: 9712K(12544K)->9712K(12544K) NonClass: 8546K(11008K)->8546K(11008K) Class: 1166K(1536K)->1166K(1536K)
[2025-08-01T02:28:29.646+0000] GC(320) Pause Young (Allocation Failure) 2977M->2727M(3641M) 158.690ms
[2025-08-01T02:28:29.646+0000] GC(320) User=1.19s Sys=0.04s Real=0.16s
[2025-08-01T02:28:29.646+0000] GC(321) Pause Full (Ergonomics)
[2025-08-01T02:28:29.646+0000] GC(321) Marking Phase
[2025-08-01T02:28:29.699+0000] GC(321) Marking Phase 53.031ms
[2025-08-01T02:28:29.699+0000] GC(321) Summary Phase
[2025-08-01T02:28:29.699+0000] GC(321) Summary Phase 0.156ms
[2025-08-01T02:28:29.699+0000] GC(321) Adjust Roots
[2025-08-01T02:28:29.701+0000] GC(321) Adjust Roots 1.819ms
[2025-08-01T02:28:29.701+0000] GC(321) Compaction Phase
[2025-08-01T02:28:29.847+0000] GC(321) Compaction Phase 145.978ms
[2025-08-01T02:28:29.847+0000] GC(321) Post Compact
[2025-08-01T02:28:29.865+0000] GC(321) Post Compact 17.583ms
[2025-08-01T02:28:29.865+0000] GC(321) PSYoungGen: 431936K->0K(931840K)
[2025-08-01T02:28:29.865+0000] GC(321) ParOldGen: 2361209K->938945K(2796544K)
[2025-08-01T02:28:29.865+0000] GC(321) Metaspace: 9712K(12544K)->9712K(12544K) NonClass: 8546K(11008K)->8546K(11008K) Class: 1166K(1536K)->1166K(1536K)
[2025-08-01T02:28:29.865+0000] GC(321) Pause Full (Ergonomics) 2727M->916M(3641M) 219.123ms
[2025-08-01T02:28:29.865+0000] GC(321) User=1.56s Sys=0.00s Real=0.22s
[2025-08-01T02:28:29.954+0000] GC(322) Pause Young (Allocation Failure)
[2025-08-01T02:28:30.015+0000] GC(322) PSYoungGen: 465920K->284544K(931840K)
[2025-08-01T02:28:30.015+0000] GC(322) ParOldGen: 938945K->938945K(2796544K)
[2025-08-01T02:28:30.015+0000] GC(322) Metaspace: 9712K(12544K)->9712K(12544K) NonClass: 8546K(11008K)->8546K(11008K) Class: 1166K(1536K)->1166K(1536K)
[2025-08-01T02:28:30.015+0000] GC(322) Pause Young (Allocation Failure) 1371M->1194M(3641M) 61.255ms
[2025-08-01T02:28:30.015+0000] GC(322) User=0.47s Sys=0.00s Real=0.06s
[2025-08-01T02:28:30.108+0000] GC(323) Pause Young (Allocation Failure)
[2025-08-01T02:28:30.278+0000] GC(323) PSYoungGen: 750464K->465920K(931840K)
[2025-08-01T02:28:30.278+0000] GC(323) ParOldGen: 938945K->1234617K(2796544K)
[2025-08-01T02:28:30.278+0000] GC(323) Metaspace: 9712K(12544K)->9712K(12544K) NonClass: 8546K(11008K)->8546K(11008K) Class: 1166K(1536K)->1166K(1536K)
[2025-08-01T02:28:30.278+0000] GC(323) Pause Young (Allocation Failure) 1649M->1660M(3641M) 169.685ms
[2025-08-01T02:28:30.278+0000] GC(323) User=1.29s Sys=0.03s Real=0.17s
[2025-08-01T02:28:30.365+0000] GC(324) Pause Young (Allocation Failure)
[2025-08-01T02:28:30.549+0000] GC(324) PSYoungGen: 931840K->465920K(931840K)
[2025-08-01T02:28:30.549+0000] GC(324) ParOldGen: 1234617K->1711265K(2796544K)
[2025-08-01T02:28:30.549+0000] GC(324) Metaspace: 9712K(12544K)->9712K(12544K) NonClass: 8546K(11008K)->8546K(11008K) Class: 1166K(1536K)->1166K(1536K)
[2025-08-01T02:28:30.549+0000] GC(324) Pause Young (Allocation Failure) 2115M->2126M(3641M) 183.957ms
[2025-08-01T02:28:30.549+0000] GC(324) User=1.45s Sys=0.01s Real=0.18s
[2025-08-01T02:28:30.689+0000] GC(325) Pause Young (Allocation Failure)
[2025-08-01T02:28:30.886+0000] GC(325) PSYoungGen: 931840K->440032K(931840K)
[2025-08-01T02:28:30.886+0000] GC(325) ParOldGen: 1711265K->1954185K(2796544K)
[2025-08-01T02:28:30.886+0000] GC(325) Metaspace: 9712K(12544K)->9712K(12544K) NonClass: 8546K(11008K)->8546K(11008K) Class: 1166K(1536K)->1166K(1536K)
[2025-08-01T02:28:30.886+0000] GC(325) Pause Young (Allocation Failure) 2581M->2338M(3641M) 196.979ms
[2025-08-01T02:28:30.887+0000] GC(325) User=1.49s Sys=0.07s Real=0.20s
[2025-08-01T02:28:30.977+0000] GC(326) Pause Young (Allocation Failure)
[2025-08-01T02:28:31.088+0000] GC(326) PSYoungGen: 905952K->290432K(931840K)
[2025-08-01T02:28:31.088+0000] GC(326) ParOldGen: 1954185K->2152073K(2796544K)
[2025-08-01T02:28:31.088+0000] GC(326) Metaspace: 9712K(12544K)->9712K(12544K) NonClass: 8546K(11008K)->8546K(11008K) Class: 1166K(1536K)->1166K(1536K)
[2025-08-01T02:28:31.088+0000] GC(326) Pause Young (Allocation Failure) 2793M->2385M(3641M) 110.747ms
[2025-08-01T02:28:31.088+0000] GC(326) User=0.85s Sys=0.02s Real=0.11s
[2025-08-01T02:28:31.184+0000] GC(327) Pause Young (Allocation Failure)
[2025-08-01T02:28:31.387+0000] GC(327) PSYoungGen: 756352K->465920K(931840K)
[2025-08-01T02:28:31.387+0000] GC(327) ParOldGen: 2152073K->2452441K(2796544K)
[2025-08-01T02:28:31.387+0000] GC(327) Metaspace: 9712K(12544K)->9712K(12544K) NonClass: 8546K(11008K)->8546K(11008K) Class: 1166K(1536K)->1166K(1536K)
[2025-08-01T02:28:31.387+0000] GC(327) Pause Young (Allocation Failure) 2840M->2849M(3641M) 203.389ms
[2025-08-01T02:28:31.388+0000] GC(327) User=1.52s Sys=0.04s Real=0.20s
[2025-08-01T02:28:31.388+0000] GC(328) Pause Full (Ergonomics)
[2025-08-01T02:28:31.388+0000] GC(328) Marking Phase
[2025-08-01T02:28:31.440+0000] GC(328) Marking Phase 52.629ms
[2025-08-01T02:28:31.440+0000] GC(328) Summary Phase
[2025-08-01T02:28:31.440+0000] GC(328) Summary Phase 0.092ms
[2025-08-01T02:28:31.440+0000] GC(328) Adjust Roots
[2025-08-01T02:28:31.442+0000] GC(328) Adjust Roots 1.791ms
[2025-08-01T02:28:31.442+0000] GC(328) Compaction Phase
[2025-08-01T02:28:31.608+0000] GC(328) Compaction Phase 166.142ms
[2025-08-01T02:28:31.608+0000] GC(328) Post Compact
[2025-08-01T02:28:31.626+0000] GC(328) Post Compact 17.995ms
[2025-08-01T02:28:31.627+0000] GC(328) PSYoungGen: 465920K->0K(931840K)
[2025-08-01T02:28:31.627+0000] GC(328) ParOldGen: 2452441K->958466K(2796544K)
[2025-08-01T02:28:31.627+0000] GC(328) Metaspace: 9712K(12544K)->9712K(12544K) NonClass: 8546K(11008K)->8546K(11008K) Class: 1166K(1536K)->1166K(1536K)
[2025-08-01T02:28:31.627+0000] GC(328) Pause Full (Ergonomics) 2849M->936M(3641M) 239.037ms
[2025-08-01T02:28:31.627+0000] GC(328) User=1.71s Sys=0.02s Real=0.24s
[2025-08-01T02:28:31.721+0000] GC(329) Pause Young (Allocation Failure)
[2025-08-01T02:28:31.870+0000] GC(329) PSYoungGen: 465920K->465920K(931840K)
[2025-08-01T02:28:31.871+0000] GC(329) ParOldGen: 958466K->964842K(2796544K)
[2025-08-01T02:28:31.871+0000] GC(329) Metaspace: 9712K(12544K)->9712K(12544K) NonClass: 8546K(11008K)->8546K(11008K) Class: 1166K(1536K)->1166K(1536K)
[2025-08-01T02:28:31.871+0000] GC(329) Pause Young (Allocation Failure) 1391M->1397M(3641M) 149.854ms
[2025-08-01T02:28:31.871+0000] GC(329) User=1.15s Sys=0.03s Real=0.15s
[2025-08-01T02:28:32.012+0000] GC(330) Pause Young (Allocation Failure)
[2025-08-01T02:28:32.303+0000] GC(330) PSYoungGen: 931840K->443040K(931840K)
[2025-08-01T02:28:32.303+0000] GC(330) ParOldGen: 964842K->1205026K(2796544K)
[2025-08-01T02:28:32.303+0000] GC(330) Metaspace: 9712K(12544K)->9712K(12544K) NonClass: 8546K(11008K)->8546K(11008K) Class: 1166K(1536K)->1166K(1536K)
[2025-08-01T02:28:32.303+0000] GC(330) Pause Young (Allocation Failure) 1852M->1609M(3641M) 291.267ms
[2025-08-01T02:28:32.303+0000] GC(330) User=2.24s Sys=0.07s Real=0.30s
[2025-08-01T02:28:32.397+0000] GC(331) Pause Young (Allocation Failure)
[2025-08-01T02:28:32.523+0000] GC(331) PSYoungGen: 908960K->290432K(931840K)
[2025-08-01T02:28:32.523+0000] GC(331) ParOldGen: 1205026K->1413666K(2796544K)
[2025-08-01T02:28:32.523+0000] GC(331) Metaspace: 9712K(12544K)->9712K(12544K) NonClass: 8546K(11008K)->8546K(11008K) Class: 1166K(1536K)->1166K(1536K)
[2025-08-01T02:28:32.523+0000] GC(331) Pause Young (Allocation Failure) 2064M->1664M(3641M) 125.653ms
[2025-08-01T02:28:32.523+0000] GC(331) User=0.95s Sys=0.03s Real=0.13s
[2025-08-01T02:28:32.618+0000] GC(332) Pause Young (Allocation Failure)
[2025-08-01T02:28:32.788+0000] GC(332) PSYoungGen: 756352K->465920K(931840K)
[2025-08-01T02:28:32.789+0000] GC(332) ParOldGen: 1413666K->1711850K(2796544K)
[2025-08-01T02:28:32.789+0000] GC(332) Metaspace: 9712K(12544K)->9712K(12544K) NonClass: 8546K(11008K)->8546K(11008K) Class: 1166K(1536K)->1166K(1536K)
[2025-08-01T02:28:32.789+0000] GC(332) Pause Young (Allocation Failure) 2119M->2126M(3641M) 170.623ms
[2025-08-01T02:28:32.789+0000] GC(332) User=1.26s Sys=0.05s Real=0.17s
[2025-08-01T02:28:32.879+0000] GC(333) Pause Young (Allocation Failure)
[2025-08-01T02:28:33.066+0000] GC(333) PSYoungGen: 931840K->465920K(931840K)
[2025-08-01T02:28:33.066+0000] GC(333) ParOldGen: 1711850K->2190546K(2796544K)
[2025-08-01T02:28:33.066+0000] GC(333) Metaspace: 9712K(12544K)->9712K(12544K) NonClass: 8546K(11008K)->8546K(11008K) Class: 1166K(1536K)->1166K(1536K)
[2025-08-01T02:28:33.066+0000] GC(333) Pause Young (Allocation Failure) 2581M->2594M(3641M) 187.514ms
[2025-08-01T02:28:33.066+0000] GC(333) User=1.45s Sys=0.02s Real=0.19s
[2025-08-01T02:28:33.205+0000] GC(334) Pause Young (Allocation Failure)
[2025-08-01T02:28:33.412+0000] GC(334) PSYoungGen: 931840K->452672K(931840K)
[2025-08-01T02:28:33.412+0000] GC(334) ParOldGen: 2190546K->2424194K(2796544K)
[2025-08-01T02:28:33.412+0000] GC(334) Metaspace: 9712K(12544K)->9712K(12544K) NonClass: 8546K(11008K)->8546K(11008K) Class: 1166K(1536K)->1166K(1536K)
[2025-08-01T02:28:33.412+0000] GC(334) Pause Young (Allocation Failure) 3049M->2809M(3641M) 207.008ms
[2025-08-01T02:28:33.412+0000] GC(334) User=1.59s Sys=0.05s Real=0.20s
[2025-08-01T02:28:33.412+0000] GC(335) Pause Full (Ergonomics)
[2025-08-01T02:28:33.412+0000] GC(335) Marking Phase
[2025-08-01T02:28:33.490+0000] GC(335) Marking Phase 77.877ms
[2025-08-01T02:28:33.490+0000] GC(335) Summary Phase
[2025-08-01T02:28:33.490+0000] GC(335) Summary Phase 0.113ms
[2025-08-01T02:28:33.490+0000] GC(335) Adjust Roots
[2025-08-01T02:28:33.492+0000] GC(335) Adjust Roots 1.937ms
[2025-08-01T02:28:33.492+0000] GC(335) Compaction Phase
[2025-08-01T02:28:33.656+0000] GC(335) Compaction Phase 164.064ms
[2025-08-01T02:28:33.656+0000] GC(335) Post Compact
[2025-08-01T02:28:33.674+0000] GC(335) Post Compact 17.824ms
[2025-08-01T02:28:33.674+0000] GC(335) PSYoungGen: 452672K->0K(931840K)
[2025-08-01T02:28:33.674+0000] GC(335) ParOldGen: 2424194K->973855K(2796544K)
[2025-08-01T02:28:33.674+0000] GC(335) Metaspace: 9712K(12544K)->9712K(12544K) NonClass: 8546K(11008K)->8546K(11008K) Class: 1166K(1536K)->1166K(1536K)
[2025-08-01T02:28:33.674+0000] GC(335) Pause Full (Ergonomics) 2809M->951M(3641M) 262.178ms
[2025-08-01T02:28:33.674+0000] GC(335) User=1.87s Sys=0.03s Real=0.27s
[2025-08-01T02:28:33.765+0000] GC(336) Pause Young (Allocation Failure)
[2025-08-01T02:28:33.874+0000] GC(336) PSYoungGen: 465920K->289920K(931840K)
[2025-08-01T02:28:33.874+0000] GC(336) ParOldGen: 973855K->973855K(2796544K)
[2025-08-01T02:28:33.874+0000] GC(336) Metaspace: 9712K(12544K)->9712K(12544K) NonClass: 8546K(11008K)->8546K(11008K) Class: 1166K(1536K)->1166K(1536K)
[2025-08-01T02:28:33.874+0000] GC(336) Pause Young (Allocation Failure) 1406M->1234M(3641M) 108.984ms
[2025-08-01T02:28:33.874+0000] GC(336) User=0.73s Sys=0.03s Real=0.11s
[2025-08-01T02:28:33.966+0000] GC(337) Pause Young (Allocation Failure)
[2025-08-01T02:28:34.185+0000] GC(337) PSYoungGen: 755840K->465920K(931840K)
[2025-08-01T02:28:34.185+0000] GC(337) ParOldGen: 973855K->1274191K(2796544K)
[2025-08-01T02:28:34.185+0000] GC(337) Metaspace: 9712K(12544K)->9712K(12544K) NonClass: 8546K(11008K)->8546K(11008K) Class: 1166K(1536K)->1166K(1536K)
[2025-08-01T02:28:34.185+0000] GC(337) Pause Young (Allocation Failure) 1689M->1699M(3641M) 218.242ms
[2025-08-01T02:28:34.185+0000] GC(337) User=1.59s Sys=0.02s Real=0.22s
[2025-08-01T02:28:34.283+0000] GC(338) Pause Young (Allocation Failure)
[2025-08-01T02:28:34.493+0000] GC(338) PSYoungGen: 931840K->377408K(931840K)
[2025-08-01T02:28:34.493+0000] GC(338) ParOldGen: 1274191K->1611343K(2796544K)
[2025-08-01T02:28:34.493+0000] GC(338) Metaspace: 9712K(12544K)->9712K(12544K) NonClass: 8546K(11008K)->8546K(11008K) Class: 1166K(1536K)->1166K(1536K)
[2025-08-01T02:28:34.493+0000] GC(338) Pause Young (Allocation Failure) 2154M->1942M(3641M) 210.598ms
[2025-08-01T02:28:34.493+0000] GC(338) User=1.61s Sys=0.05s Real=0.22s
[2025-08-01T02:28:34.586+0000] GC(339) Pause Young (Allocation Failure)
[2025-08-01T02:28:34.736+0000] GC(339) PSYoungGen: 843328K->455456K(931840K)
[2025-08-01T02:28:34.736+0000] GC(339) ParOldGen: 1611343K->1865775K(2796544K)
[2025-08-01T02:28:34.736+0000] GC(339) Metaspace: 9712K(12544K)->9712K(12544K) NonClass: 8546K(11008K)->8546K(11008K) Class: 1166K(1536K)->1166K(1536K)
[2025-08-01T02:28:34.736+0000] GC(339) Pause Young (Allocation Failure) 2397M->2266M(3641M) 150.252ms
[2025-08-01T02:28:34.737+0000] GC(339) User=1.16s Sys=0.02s Real=0.15s
[2025-08-01T02:28:34.821+0000] GC(340) Pause Young (Allocation Failure)
[2025-08-01T02:28:34.925+0000] GC(340) PSYoungGen: 921376K->280800K(931840K)
[2025-08-01T02:28:34.925+0000] GC(340) ParOldGen: 1865775K->2103207K(2796544K)
[2025-08-01T02:28:34.925+0000] GC(340) Metaspace: 9712K(12544K)->9712K(12544K) NonClass: 8546K(11008K)->8546K(11008K) Class: 1166K(1536K)->1166K(1536K)
[2025-08-01T02:28:34.925+0000] GC(340) Pause Young (Allocation Failure) 2721M->2328M(3641M) 103.772ms
[2025-08-01T02:28:34.925+0000] GC(340) User=0.76s Sys=0.01s Real=0.11s
[2025-08-01T02:28:35.011+0000] GC(341) Pause Young (Allocation Failure)
[2025-08-01T02:28:35.168+0000] GC(341) PSYoungGen: 746720K->465920K(931840K)
[2025-08-01T02:28:35.168+0000] GC(341) ParOldGen: 2103207K->2391999K(2796544K)
[2025-08-01T02:28:35.168+0000] GC(341) Metaspace: 9712K(12544K)->9712K(12544K) NonClass: 8546K(11008K)->8546K(11008K) Class: 1166K(1536K)->1166K(1536K)
[2025-08-01T02:28:35.168+0000] GC(341) Pause Young (Allocation Failure) 2783M->2790M(3641M) 157.565ms
[2025-08-01T02:28:35.168+0000] GC(341) User=1.23s Sys=0.02s Real=0.16s
[2025-08-01T02:28:35.168+0000] GC(342) Pause Full (Ergonomics)
[2025-08-01T02:28:35.169+0000] GC(342) Marking Phase
[2025-08-01T02:28:35.226+0000] GC(342) Marking Phase 57.024ms
[2025-08-01T02:28:35.226+0000] GC(342) Summary Phase
[2025-08-01T02:28:35.226+0000] GC(342) Summary Phase 0.083ms
[2025-08-01T02:28:35.226+0000] GC(342) Adjust Roots
[2025-08-01T02:28:35.228+0000] GC(342) Adjust Roots 1.839ms
[2025-08-01T02:28:35.228+0000] GC(342) Compaction Phase
[2025-08-01T02:28:35.395+0000] GC(342) Compaction Phase 166.975ms
[2025-08-01T02:28:35.395+0000] GC(342) Post Compact
[2025-08-01T02:28:35.413+0000] GC(342) Post Compact 18.030ms
[2025-08-01T02:28:35.413+0000] GC(342) PSYoungGen: 465920K->0K(931840K)
[2025-08-01T02:28:35.413+0000] GC(342) ParOldGen: 2391999K->987404K(2796544K)
[2025-08-01T02:28:35.413+0000] GC(342) Metaspace: 9712K(12544K)->9712K(12544K) NonClass: 8546K(11008K)->8546K(11008K) Class: 1166K(1536K)->1166K(1536K)
[2025-08-01T02:28:35.413+0000] GC(342) Pause Full (Ergonomics) 2790M->964M(3641M) 244.377ms
[2025-08-01T02:28:35.413+0000] GC(342) User=1.74s Sys=0.03s Real=0.25s
[2025-08-01T02:28:35.499+0000] GC(343) Pause Young (Allocation Failure)
[2025-08-01T02:28:35.637+0000] GC(343) PSYoungGen: 465920K->378720K(931840K)
[2025-08-01T02:28:35.637+0000] GC(343) ParOldGen: 987404K->987404K(2796544K)
[2025-08-01T02:28:35.637+0000] GC(343) Metaspace: 9712K(12544K)->9712K(12544K) NonClass: 8546K(11008K)->8546K(11008K) Class: 1166K(1536K)->1166K(1536K)
[2025-08-01T02:28:35.637+0000] GC(343) Pause Young (Allocation Failure) 1419M->1334M(3641M) 138.373ms
[2025-08-01T02:28:35.637+0000] GC(343) User=1.01s Sys=0.03s Real=0.14s
[2025-08-01T02:28:35.731+0000] GC(344) Pause Young (Allocation Failure)
[2025-08-01T02:28:35.876+0000] GC(344) PSYoungGen: 844640K->465696K(931840K)
[2025-08-01T02:28:35.876+0000] GC(344) ParOldGen: 987404K->1249372K(2796544K)
[2025-08-01T02:28:35.876+0000] GC(344) Metaspace: 9712K(12544K)->9712K(12544K) NonClass: 8546K(11008K)->8546K(11008K) Class: 1166K(1536K)->1166K(1536K)
[2025-08-01T02:28:35.876+0000] GC(344) Pause Young (Allocation Failure) 1789M->1674M(3641M) 145.265ms
[2025-08-01T02:28:35.876+0000] GC(344) User=1.09s Sys=0.04s Real=0.15s
[2025-08-01T02:28:35.958+0000] GC(345) Pause Young (Allocation Failure)
[2025-08-01T02:28:36.073+0000] GC(345) PSYoungGen: 931616K->272128K(931840K)
[2025-08-01T02:28:36.073+0000] GC(345) ParOldGen: 1249372K->1475524K(2796544K)
[2025-08-01T02:28:36.073+0000] GC(345) Metaspace: 9712K(12544K)->9712K(12544K) NonClass: 8546K(11008K)->8546K(11008K) Class: 1166K(1536K)->1166K(1536K)
[2025-08-01T02:28:36.073+0000] GC(345) Pause Young (Allocation Failure) 2129M->1706M(3641M) 115.447ms
[2025-08-01T02:28:36.073+0000] GC(345) User=0.88s Sys=0.04s Real=0.12s
[2025-08-01T02:28:36.165+0000] GC(346) Pause Young (Allocation Failure)
[2025-08-01T02:28:36.349+0000] GC(346) PSYoungGen: 738048K->465920K(931840K)
[2025-08-01T02:28:36.349+0000] GC(346) ParOldGen: 1475524K->1756340K(2796544K)
[2025-08-01T02:28:36.349+0000] GC(346) Metaspace: 9712K(12544K)->9712K(12544K) NonClass: 8546K(11008K)->8546K(11008K) Class: 1166K(1536K)->1166K(1536K)
[2025-08-01T02:28:36.349+0000] GC(346) Pause Young (Allocation Failure) 2161M->2170M(3641M) 184.344ms
[2025-08-01T02:28:36.349+0000] GC(346) User=1.41s Sys=0.04s Real=0.18s
[2025-08-01T02:28:36.444+0000] GC(347) Pause Young (Allocation Failure)
[2025-08-01T02:28:36.626+0000] GC(347) PSYoungGen: 931840K->375680K(931840K)
[2025-08-01T02:28:36.626+0000] GC(347) ParOldGen: 1756340K->2119716K(2796544K)
[2025-08-01T02:28:36.626+0000] GC(347) Metaspace: 9712K(12544K)->9712K(12544K) NonClass: 8546K(11008K)->8546K(11008K) Class: 1166K(1536K)->1166K(1536K)
[2025-08-01T02:28:36.626+0000] GC(347) Pause Young (Allocation Failure) 2625M->2436M(3641M) 182.719ms
[2025-08-01T02:28:36.626+0000] GC(347) User=1.37s Sys=0.03s Real=0.18s
[2025-08-01T02:28:36.720+0000] GC(348) Pause Young (Allocation Failure)
[2025-08-01T02:28:36.857+0000] GC(348) PSYoungGen: 841600K->447552K(931840K)
[2025-08-01T02:28:36.857+0000] GC(348) ParOldGen: 2119716K->2397108K(2796544K)
[2025-08-01T02:28:36.857+0000] GC(348) Metaspace: 9712K(12544K)->9712K(12544K) NonClass: 8546K(11008K)->8546K(11008K) Class: 1166K(1536K)->1166K(1536K)
[2025-08-01T02:28:36.857+0000] GC(348) Pause Young (Allocation Failure) 2891M->2777M(3641M) 136.974ms
[2025-08-01T02:28:36.857+0000] GC(348) User=1.08s Sys=0.01s Real=0.14s
[2025-08-01T02:28:36.857+0000] GC(349) Pause Full (Ergonomics)
[2025-08-01T02:28:36.857+0000] GC(349) Marking Phase
[2025-08-01T02:28:36.919+0000] GC(349) Marking Phase 61.891ms
[2025-08-01T02:28:36.919+0000] GC(349) Summary Phase
[2025-08-01T02:28:36.919+0000] GC(349) Summary Phase 0.100ms
[2025-08-01T02:28:36.919+0000] GC(349) Adjust Roots
[2025-08-01T02:28:36.921+0000] GC(349) Adjust Roots 1.829ms
[2025-08-01T02:28:36.921+0000] GC(349) Compaction Phase
[2025-08-01T02:28:37.083+0000] GC(349) Compaction Phase 161.568ms
[2025-08-01T02:28:37.083+0000] GC(349) Post Compact
[2025-08-01T02:28:37.100+0000] GC(349) Post Compact 16.970ms
[2025-08-01T02:28:37.100+0000] GC(349) PSYoungGen: 447552K->0K(931840K)
[2025-08-01T02:28:37.100+0000] GC(349) ParOldGen: 2397108K->999839K(2796544K)
[2025-08-01T02:28:37.100+0000] GC(349) Metaspace: 9712K(12544K)->9712K(12544K) NonClass: 8546K(11008K)->8546K(11008K) Class: 1166K(1536K)->1166K(1536K)
[2025-08-01T02:28:37.100+0000] GC(349) Pause Full (Ergonomics) 2777M->976M(3641M) 242.897ms
[2025-08-01T02:28:37.100+0000] GC(349) User=1.71s Sys=0.02s Real=0.24s
[2025-08-01T02:28:37.248+0000] GC(350) Pause Young (Allocation Failure)
[2025-08-01T02:28:37.341+0000] GC(350) PSYoungGen: 465920K->277216K(931840K)
[2025-08-01T02:28:37.341+0000] GC(350) ParOldGen: 999839K->999839K(2796544K)
[2025-08-01T02:28:37.341+0000] GC(350) Metaspace: 9712K(12544K)->9712K(12544K) NonClass: 8546K(11008K)->8546K(11008K) Class: 1166K(1536K)->1166K(1536K)
[2025-08-01T02:28:37.341+0000] GC(350) Pause Young (Allocation Failure) 1431M->1247M(3641M) 92.776ms
[2025-08-01T02:28:37.341+0000] GC(350) User=0.67s Sys=0.03s Real=0.09s
[2025-08-01T02:28:37.444+0000] GC(351) Pause Young (Allocation Failure)
[2025-08-01T02:28:37.666+0000] GC(351) PSYoungGen: 743136K->465920K(931840K)
[2025-08-01T02:28:37.666+0000] GC(351) ParOldGen: 999839K->1287887K(2796544K)
[2025-08-01T02:28:37.666+0000] GC(351) Metaspace: 9712K(12544K)->9712K(12544K) NonClass: 8546K(11008K)->8546K(11008K) Class: 1166K(1536K)->1166K(1536K)
[2025-08-01T02:28:37.666+0000] GC(351) Pause Young (Allocation Failure) 1702M->1712M(3641M) 222.004ms
[2025-08-01T02:28:37.666+0000] GC(351) User=1.70s Sys=0.06s Real=0.22s
[2025-08-01T02:28:37.761+0000] GC(352) Pause Young (Allocation Failure)
[2025-08-01T02:28:37.927+0000] GC(352) PSYoungGen: 931840K->412032K(931840K)
[2025-08-01T02:28:37.927+0000] GC(352) ParOldGen: 1287887K->1635471K(2796544K)
[2025-08-01T02:28:37.927+0000] GC(352) Metaspace: 9712K(12544K)->9712K(12544K) NonClass: 8546K(11008K)->8546K(11008K) Class: 1166K(1536K)->1166K(1536K)
[2025-08-01T02:28:37.927+0000] GC(352) Pause Young (Allocation Failure) 2167M->1999M(3641M) 166.314ms
[2025-08-01T02:28:37.927+0000] GC(352) User=1.30s Sys=0.02s Real=0.17s
[2025-08-01T02:28:38.030+0000] GC(353) Pause Young (Allocation Failure)
[2025-08-01T02:28:38.213+0000] GC(353) PSYoungGen: 877952K->424416K(931840K)
[2025-08-01T02:28:38.213+0000] GC(353) ParOldGen: 1635471K->1945959K(2796544K)
[2025-08-01T02:28:38.213+0000] GC(353) Metaspace: 9712K(12544K)->9712K(12544K) NonClass: 8546K(11008K)->8546K(11008K) Class: 1166K(1536K)->1166K(1536K)
[2025-08-01T02:28:38.213+0000] GC(353) Pause Young (Allocation Failure) 2454M->2314M(3641M) 183.484ms
[2025-08-01T02:28:38.213+0000] GC(353) User=1.31s Sys=0.08s Real=0.19s
[2025-08-01T02:28:38.305+0000] GC(354) Pause Young (Allocation Failure)
[2025-08-01T02:28:38.491+0000] GC(354) PSYoungGen: 890336K->279328K(931840K)
[2025-08-01T02:28:38.491+0000] GC(354) ParOldGen: 1945959K->2148311K(2796544K)
[2025-08-01T02:28:38.491+0000] GC(354) Metaspace: 9712K(12544K)->9712K(12544K) NonClass: 8546K(11008K)->8546K(11008K) Class: 1166K(1536K)->1166K(1536K)
[2025-08-01T02:28:38.491+0000] GC(354) Pause Young (Allocation Failure) 2769M->2370M(3641M) 186.008ms
[2025-08-01T02:28:38.491+0000] GC(354) User=1.42s Sys=0.04s Real=0.18s
[2025-08-01T02:28:38.575+0000] GC(355) Pause Young (Allocation Failure)
[2025-08-01T02:28:38.791+0000] GC(355) PSYoungGen: 745248K->465920K(931840K)
[2025-08-01T02:28:38.791+0000] GC(355) ParOldGen: 2148311K->2434999K(2796544K)
[2025-08-01T02:28:38.791+0000] GC(355) Metaspace: 9712K(12544K)->9712K(12544K) NonClass: 8546K(11008K)->8546K(11008K) Class: 1166K(1536K)->1166K(1536K)
[2025-08-01T02:28:38.791+0000] GC(355) Pause Young (Allocation Failure) 2825M->2832M(3641M) 215.834ms
[2025-08-01T02:28:38.791+0000] GC(355) User=1.66s Sys=0.05s Real=0.21s
[2025-08-01T02:28:38.791+0000] GC(356) Pause Full (Ergonomics)
[2025-08-01T02:28:38.791+0000] GC(356) Marking Phase
[2025-08-01T02:28:38.844+0000] GC(356) Marking Phase 52.684ms
[2025-08-01T02:28:38.844+0000] GC(356) Summary Phase
[2025-08-01T02:28:38.844+0000] GC(356) Summary Phase 0.097ms
[2025-08-01T02:28:38.844+0000] GC(356) Adjust Roots
[2025-08-01T02:28:38.845+0000] GC(356) Adjust Roots 1.505ms
[2025-08-01T02:28:38.845+0000] GC(356) Compaction Phase
[2025-08-01T02:28:38.995+0000] GC(356) Compaction Phase 149.978ms
[2025-08-01T02:28:38.996+0000] GC(356) Post Compact
[2025-08-01T02:28:39.013+0000] GC(356) Post Compact 17.029ms
[2025-08-01T02:28:39.013+0000] GC(356) PSYoungGen: 465920K->0K(931840K)
[2025-08-01T02:28:39.013+0000] GC(356) ParOldGen: 2434999K->1012538K(2796544K)
[2025-08-01T02:28:39.013+0000] GC(356) Metaspace: 9712K(12544K)->9712K(12544K) NonClass: 8546K(11008K)->8546K(11008K) Class: 1166K(1536K)->1166K(1536K)
[2025-08-01T02:28:39.013+0000] GC(356) Pause Full (Ergonomics) 2832M->988M(3641M) 221.857ms
[2025-08-01T02:28:39.013+0000] GC(356) User=1.61s Sys=0.00s Real=0.23s
[2025-08-01T02:28:39.104+0000] GC(357) Pause Young (Allocation Failure)
[2025-08-01T02:28:39.189+0000] GC(357) PSYoungGen: 465920K->409120K(931840K)
[2025-08-01T02:28:39.189+0000] GC(357) ParOldGen: 1012538K->1012538K(2796544K)
[2025-08-01T02:28:39.189+0000] GC(357) Metaspace: 9712K(12544K)->9712K(12544K) NonClass: 8546K(11008K)->8546K(11008K) Class: 1166K(1536K)->1166K(1536K)
[2025-08-01T02:28:39.189+0000] GC(357) Pause Young (Allocation Failure) 1443M->1388M(3641M) 85.650ms
[2025-08-01T02:28:39.189+0000] GC(357) User=0.63s Sys=0.00s Real=0.08s
[2025-08-01T02:28:39.278+0000] GC(358) Pause Young (Allocation Failure)
[2025-08-01T02:28:39.411+0000] GC(358) PSYoungGen: 875040K->423968K(931840K)
[2025-08-01T02:28:39.411+0000] GC(358) ParOldGen: 1012538K->1308426K(2796544K)
[2025-08-01T02:28:39.411+0000] GC(358) Metaspace: 9712K(12544K)->9712K(12544K) NonClass: 8546K(11008K)->8546K(11008K) Class: 1166K(1536K)->1166K(1536K)
[2025-08-01T02:28:39.411+0000] GC(358) Pause Young (Allocation Failure) 1843M->1691M(3641M) 132.388ms
[2025-08-01T02:28:39.411+0000] GC(358) User=1.04s Sys=0.01s Real=0.13s
[2025-08-01T02:28:39.499+0000] GC(359) Pause Young (Allocation Failure)
[2025-08-01T02:28:39.642+0000] GC(359) PSYoungGen: 889888K->424992K(931840K)
[2025-08-01T02:28:39.643+0000] GC(359) ParOldGen: 1308426K->1616330K(2796544K)
[2025-08-01T02:28:39.643+0000] GC(359) Metaspace: 9712K(12544K)->9712K(12544K) NonClass: 8546K(11008K)->8546K(11008K) Class: 1166K(1536K)->1166K(1536K)
[2025-08-01T02:28:39.643+0000] GC(359) Pause Young (Allocation Failure) 2146M->1993M(3641M) 143.138ms
[2025-08-01T02:28:39.643+0000] GC(359) User=1.11s Sys=0.03s Real=0.14s
[2025-08-01T02:28:39.726+0000] GC(360) Pause Young (Allocation Failure)
[2025-08-01T02:28:39.866+0000] GC(360) PSYoungGen: 890912K->465920K(931840K)
[2025-08-01T02:28:39.866+0000] GC(360) ParOldGen: 1616330K->1916650K(2796544K)
[2025-08-01T02:28:39.866+0000] GC(360) Metaspace: 9712K(12544K)->9712K(12544K) NonClass: 8546K(11008K)->8546K(11008K) Class: 1166K(1536K)->1166K(1536K)
[2025-08-01T02:28:39.866+0000] GC(360) Pause Young (Allocation Failure) 2448M->2326M(3641M) 139.665ms
[2025-08-01T02:28:39.866+0000] GC(360) User=1.10s Sys=0.00s Real=0.14s
[2025-08-01T02:28:39.952+0000] GC(361) Pause Young (Allocation Failure)
[2025-08-01T02:28:40.096+0000] GC(361) PSYoungGen: 931840K->422208K(931840K)
[2025-08-01T02:28:40.096+0000] GC(361) ParOldGen: 1916650K->2248162K(2796544K)
[2025-08-01T02:28:40.096+0000] GC(361) Metaspace: 9712K(12544K)->9712K(12544K) NonClass: 8546K(11008K)->8546K(11008K) Class: 1166K(1536K)->1166K(1536K)
[2025-08-01T02:28:40.096+0000] GC(361) Pause Young (Allocation Failure) 2781M->2607M(3641M) 144.147ms
[2025-08-01T02:28:40.096+0000] GC(361) User=1.14s Sys=0.00s Real=0.15s
[2025-08-01T02:28:40.185+0000] GC(362) Pause Young (Allocation Failure)
[2025-08-01T02:28:40.320+0000] GC(362) PSYoungGen: 888128K->436512K(931840K)
[2025-08-01T02:28:40.320+0000] GC(362) ParOldGen: 2248162K->2558770K(2796544K)
[2025-08-01T02:28:40.320+0000] GC(362) Metaspace: 9712K(12544K)->9712K(12544K) NonClass: 8546K(11008K)->8546K(11008K) Class: 1166K(1536K)->1166K(1536K)
[2025-08-01T02:28:40.320+0000] GC(362) Pause Young (Allocation Failure) 3062M->2925M(3641M) 135.262ms
[2025-08-01T02:28:40.320+0000] GC(362) User=1.02s Sys=0.01s Real=0.13s
[2025-08-01T02:28:40.320+0000] GC(363) Pause Full (Ergonomics)
[2025-08-01T02:28:40.320+0000] GC(363) Marking Phase
[2025-08-01T02:28:40.377+0000] GC(363) Marking Phase 56.342ms
[2025-08-01T02:28:40.377+0000] GC(363) Summary Phase
[2025-08-01T02:28:40.377+0000] GC(363) Summary Phase 0.204ms
[2025-08-01T02:28:40.377+0000] GC(363) Adjust Roots
[2025-08-01T02:28:40.379+0000] GC(363) Adjust Roots 1.820ms
[2025-08-01T02:28:40.379+0000] GC(363) Compaction Phase
[2025-08-01T02:28:40.543+0000] GC(363) Compaction Phase 164.552ms
[2025-08-01T02:28:40.543+0000] GC(363) Post Compact
[2025-08-01T02:28:40.562+0000] GC(363) Post Compact 18.264ms
[2025-08-01T02:28:40.562+0000] GC(363) PSYoungGen: 436512K->0K(931840K)
[2025-08-01T02:28:40.562+0000] GC(363) ParOldGen: 2558770K->1025254K(2796544K)
[2025-08-01T02:28:40.562+0000] GC(363) Metaspace: 9712K(12544K)->9712K(12544K) NonClass: 8546K(11008K)->8546K(11008K) Class: 1166K(1536K)->1166K(1536K)
[2025-08-01T02:28:40.562+0000] GC(363) Pause Full (Ergonomics) 2925M->1001M(3641M) 241.663ms
[2025-08-01T02:28:40.562+0000] GC(363) User=1.74s Sys=0.00s Real=0.24s
[2025-08-01T02:28:40.655+0000] GC(364) Pause Young (Allocation Failure)
[2025-08-01T02:28:40.730+0000] GC(364) PSYoungGen: 465920K->426848K(931840K)
[2025-08-01T02:28:40.730+0000] GC(364) ParOldGen: 1025254K->1025254K(2796544K)
[2025-08-01T02:28:40.730+0000] GC(364) Metaspace: 9712K(12544K)->9712K(12544K) NonClass: 8546K(11008K)->8546K(11008K) Class: 1166K(1536K)->1166K(1536K)
[2025-08-01T02:28:40.730+0000] GC(364) Pause Young (Allocation Failure) 1456M->1418M(3641M) 75.239ms
[2025-08-01T02:28:40.730+0000] GC(364) User=0.59s Sys=0.00s Real=0.07s
[2025-08-01T02:28:40.816+0000] GC(365) Pause Young (Allocation Failure)
[2025-08-01T02:28:40.954+0000] GC(365) PSYoungGen: 892768K->463360K(931840K)
[2025-08-01T02:28:40.954+0000] GC(365) ParOldGen: 1025254K->1328646K(2796544K)
[2025-08-01T02:28:40.954+0000] GC(365) Metaspace: 9712K(12544K)->9712K(12544K) NonClass: 8546K(11008K)->8546K(11008K) Class: 1166K(1536K)->1166K(1536K)
[2025-08-01T02:28:40.955+0000] GC(365) Pause Young (Allocation Failure) 1873M->1750M(3641M) 138.794ms
[2025-08-01T02:28:40.955+0000] GC(365) User=1.09s Sys=0.00s Real=0.14s
[2025-08-01T02:28:41.043+0000] GC(366) Pause Young (Allocation Failure)
[2025-08-01T02:28:41.189+0000] GC(366) PSYoungGen: 929280K->413184K(931840K)
[2025-08-01T02:28:41.189+0000] GC(366) ParOldGen: 1328646K->1666030K(2796544K)
[2025-08-01T02:28:41.189+0000] GC(366) Metaspace: 9712K(12544K)->9712K(12544K) NonClass: 8546K(11008K)->8546K(11008K) Class: 1166K(1536K)->1166K(1536K)
[2025-08-01T02:28:41.189+0000] GC(366) Pause Young (Allocation Failure) 2205M->2030M(3641M) 145.817ms
[2025-08-01T02:28:41.189+0000] GC(366) User=1.16s Sys=0.00s Real=0.14s
[2025-08-01T02:28:41.285+0000] GC(367) Pause Young (Allocation Failure)
[2025-08-01T02:28:41.411+0000] GC(367) PSYoungGen: 879104K->427040K(931840K)
[2025-08-01T02:28:41.411+0000] GC(367) ParOldGen: 1666030K->1965126K(2796544K)
[2025-08-01T02:28:41.411+0000] GC(367) Metaspace: 9712K(12544K)->9712K(12544K) NonClass: 8546K(11008K)->8546K(11008K) Class: 1166K(1536K)->1166K(1536K)
[2025-08-01T02:28:41.411+0000] GC(367) Pause Young (Allocation Failure) 2485M->2336M(3641M) 126.431ms
[2025-08-01T02:28:41.411+0000] GC(367) User=0.98s Sys=0.00s Real=0.12s
[2025-08-01T02:28:41.510+0000] GC(368) Pause Young (Allocation Failure)
[2025-08-01T02:28:41.607+0000] GC(368) PSYoungGen: 892960K->326080K(931840K)
[2025-08-01T02:28:41.607+0000] GC(368) ParOldGen: 1965126K->2152158K(2796544K)
[2025-08-01T02:28:41.607+0000] GC(368) Metaspace: 9712K(12544K)->9712K(12544K) NonClass: 8546K(11008K)->8546K(11008K) Class: 1166K(1536K)->1166K(1536K)
[2025-08-01T02:28:41.607+0000] GC(368) Pause Young (Allocation Failure) 2791M->2420M(3641M) 96.576ms
[2025-08-01T02:28:41.607+0000] GC(368) User=0.76s Sys=0.00s Real=0.10s
[2025-08-01T02:28:41.700+0000] GC(369) Pause Young (Allocation Failure)
[2025-08-01T02:28:41.851+0000] GC(369) PSYoungGen: 792000K->465920K(931840K)
[2025-08-01T02:28:41.851+0000] GC(369) ParOldGen: 2152158K->2487414K(2796544K)
[2025-08-01T02:28:41.851+0000] GC(369) Metaspace: 9712K(12544K)->9712K(12544K) NonClass: 8546K(11008K)->8546K(11008K) Class: 1166K(1536K)->1166K(1536K)
[2025-08-01T02:28:41.851+0000] GC(369) Pause Young (Allocation Failure) 2875M->2884M(3641M) 150.456ms
[2025-08-01T02:28:41.851+0000] GC(369) User=1.17s Sys=0.00s Real=0.15s
[2025-08-01T02:28:41.851+0000] GC(370) Pause Full (Ergonomics)
[2025-08-01T02:28:41.851+0000] GC(370) Marking Phase
[2025-08-01T02:28:41.901+0000] GC(370) Marking Phase 50.125ms
[2025-08-01T02:28:41.901+0000] GC(370) Summary Phase
[2025-08-01T02:28:41.901+0000] GC(370) Summary Phase 0.144ms
[2025-08-01T02:28:41.901+0000] GC(370) Adjust Roots
[2025-08-01T02:28:41.903+0000] GC(370) Adjust Roots 1.757ms
[2025-08-01T02:28:41.903+0000] GC(370) Compaction Phase
[2025-08-01T02:28:42.068+0000] GC(370) Compaction Phase 165.068ms
[2025-08-01T02:28:42.068+0000] GC(370) Post Compact
[2025-08-01T02:28:42.087+0000] GC(370) Post Compact 18.618ms
[2025-08-01T02:28:42.087+0000] GC(370) PSYoungGen: 465920K->0K(931840K)
[2025-08-01T02:28:42.087+0000] GC(370) ParOldGen: 2487414K->1035839K(2796544K)
[2025-08-01T02:28:42.087+0000] GC(370) Metaspace: 9712K(12544K)->9712K(12544K) NonClass: 8546K(11008K)->8546K(11008K) Class: 1166K(1536K)->1166K(1536K)
[2025-08-01T02:28:42.087+0000] GC(370) Pause Full (Ergonomics) 2884M->1011M(3641M) 236.078ms
[2025-08-01T02:28:42.087+0000] GC(370) User=1.69s Sys=0.00s Real=0.24s
[2025-08-01T02:28:42.180+0000] GC(371) Pause Young (Allocation Failure)
[2025-08-01T02:28:42.282+0000] GC(371) PSYoungGen: 465920K->400416K(931840K)
[2025-08-01T02:28:42.282+0000] GC(371) ParOldGen: 1035839K->1035839K(2796544K)
[2025-08-01T02:28:42.282+0000] GC(371) Metaspace: 9712K(12544K)->9712K(12544K) NonClass: 8546K(11008K)->8546K(11008K) Class: 1166K(1536K)->1166K(1536K)
[2025-08-01T02:28:42.282+0000] GC(371) Pause Young (Allocation Failure) 1466M->1402M(3641M) 102.099ms
[2025-08-01T02:28:42.282+0000] GC(371) User=0.74s Sys=0.01s Real=0.10s
[2025-08-01T02:28:42.380+0000] GC(372) Pause Young (Allocation Failure)
[2025-08-01T02:28:42.564+0000] GC(372) PSYoungGen: 866336K->429984K(931840K)
[2025-08-01T02:28:42.565+0000] GC(372) ParOldGen: 1035839K->1319719K(2796544K)
[2025-08-01T02:28:42.565+0000] GC(372) Metaspace: 9712K(12544K)->9712K(12544K) NonClass: 8546K(11008K)->8546K(11008K) Class: 1166K(1536K)->1166K(1536K)
[2025-08-01T02:28:42.565+0000] GC(372) Pause Young (Allocation Failure) 1857M->1708M(3641M) 184.502ms
[2025-08-01T02:28:42.565+0000] GC(372) User=1.43s Sys=0.03s Real=0.19s
[2025-08-01T02:28:42.699+0000] GC(373) Pause Young (Allocation Failure)
[2025-08-01T02:28:42.880+0000] GC(373) PSYoungGen: 895904K->318624K(931840K)
[2025-08-01T02:28:42.880+0000] GC(373) ParOldGen: 1319719K->1525583K(2796544K)
[2025-08-01T02:28:42.880+0000] GC(373) Metaspace: 9712K(12544K)->9712K(12544K) NonClass: 8546K(11008K)->8546K(11008K) Class: 1166K(1536K)->1166K(1536K)
[2025-08-01T02:28:42.880+0000] GC(373) Pause Young (Allocation Failure) 2163M->1800M(3641M) 181.110ms
[2025-08-01T02:28:42.880+0000] GC(373) User=1.40s Sys=0.03s Real=0.18s
[2025-08-01T02:28:42.978+0000] GC(374) Pause Young (Allocation Failure)
[2025-08-01T02:28:43.181+0000] GC(374) PSYoungGen: 784544K->465920K(931840K)
[2025-08-01T02:28:43.181+0000] GC(374) ParOldGen: 1525583K->1855031K(2796544K)
[2025-08-01T02:28:43.181+0000] GC(374) Metaspace: 9712K(12544K)->9712K(12544K) NonClass: 8546K(11008K)->8546K(11008K) Class: 1166K(1536K)->1166K(1536K)
[2025-08-01T02:28:43.181+0000] GC(374) Pause Young (Allocation Failure) 2255M->2266M(3641M) 203.310ms
[2025-08-01T02:28:43.181+0000] GC(374) User=1.54s Sys=0.04s Real=0.20s
[2025-08-01T02:28:43.272+0000] GC(375) Pause Young (Allocation Failure)
[2025-08-01T02:28:43.496+0000] GC(375) PSYoungGen: 931840K->403200K(931840K)
[2025-08-01T02:28:43.496+0000] GC(375) ParOldGen: 1855031K->2211199K(2796544K)
[2025-08-01T02:28:43.496+0000] GC(375) Metaspace: 9712K(12544K)->9712K(12544K) NonClass: 8546K(11008K)->8546K(11008K) Class: 1166K(1536K)->1166K(1536K)
[2025-08-01T02:28:43.496+0000] GC(375) Pause Young (Allocation Failure) 2721M->2553M(3641M) 223.937ms
[2025-08-01T02:28:43.496+0000] GC(375) User=1.67s Sys=0.05s Real=0.23s
[2025-08-01T02:28:43.596+0000] GC(376) Pause Young (Allocation Failure)
[2025-08-01T02:28:43.759+0000] GC(376) PSYoungGen: 869120K->426496K(931840K)
[2025-08-01T02:28:43.760+0000] GC(376) ParOldGen: 2211199K->2502391K(2796544K)
[2025-08-01T02:28:43.760+0000] GC(376) Metaspace: 9712K(12544K)->9712K(12544K) NonClass: 8546K(11008K)->8546K(11008K) Class: 1166K(1536K)->1166K(1536K)
[2025-08-01T02:28:43.760+0000] GC(376) Pause Young (Allocation Failure) 3008M->2860M(3641M) 163.772ms
[2025-08-01T02:28:43.760+0000] GC(376) User=1.22s Sys=0.03s Real=0.16s
[2025-08-01T02:28:43.760+0000] GC(377) Pause Full (Ergonomics)
[2025-08-01T02:28:43.760+0000] GC(377) Marking Phase
[2025-08-01T02:28:43.818+0000] GC(377) Marking Phase 57.621ms
[2025-08-01T02:28:43.818+0000] GC(377) Summary Phase
[2025-08-01T02:28:43.818+0000] GC(377) Summary Phase 0.091ms
[2025-08-01T02:28:43.818+0000] GC(377) Adjust Roots
[2025-08-01T02:28:43.820+0000] GC(377) Adjust Roots 1.778ms
[2025-08-01T02:28:43.820+0000] GC(377) Compaction Phase
[2025-08-01T02:28:43.988+0000] GC(377) Compaction Phase 168.148ms
[2025-08-01T02:28:43.988+0000] GC(377) Post Compact
[2025-08-01T02:28:44.007+0000] GC(377) Post Compact 18.990ms
[2025-08-01T02:28:44.007+0000] GC(377) PSYoungGen: 426496K->0K(931840K)
[2025-08-01T02:28:44.007+0000] GC(377) ParOldGen: 2502391K->1049616K(2796544K)
[2025-08-01T02:28:44.007+0000] GC(377) Metaspace: 9712K(12544K)->9712K(12544K) NonClass: 8546K(11008K)->8546K(11008K) Class: 1166K(1536K)->1166K(1536K)
[2025-08-01T02:28:44.007+0000] GC(377) Pause Full (Ergonomics) 2860M->1025M(3641M) 247.015ms
[2025-08-01T02:28:44.007+0000] GC(377) User=1.78s Sys=0.01s Real=0.25s
[2025-08-01T02:28:44.150+0000] GC(378) Pause Young (Allocation Failure)
[2025-08-01T02:28:44.328+0000] GC(378) PSYoungGen: 465920K->339776K(931840K)
[2025-08-01T02:28:44.328+0000] GC(378) ParOldGen: 1049616K->1049616K(2796544K)
[2025-08-01T02:28:44.328+0000] GC(378) Metaspace: 9712K(12544K)->9712K(12544K) NonClass: 8546K(11008K)->8546K(11008K) Class: 1166K(1536K)->1166K(1536K)
[2025-08-01T02:28:44.328+0000] GC(378) Pause Young (Allocation Failure) 1480M->1356M(3641M) 177.859ms
[2025-08-01T02:28:44.328+0000] GC(378) User=1.29s Sys=0.09s Real=0.18s
[2025-08-01T02:28:44.439+0000] GC(379) Pause Young (Allocation Failure)
[2025-08-01T02:28:44.623+0000] GC(379) PSYoungGen: 805696K->465920K(931840K)
[2025-08-01T02:28:44.623+0000] GC(379) ParOldGen: 1049616K->1394984K(2796544K)
[2025-08-01T02:28:44.623+0000] GC(379) Metaspace: 9712K(12544K)->9712K(12544K) NonClass: 8546K(11008K)->8546K(11008K) Class: 1166K(1536K)->1166K(1536K)
[2025-08-01T02:28:44.623+0000] GC(379) Pause Young (Allocation Failure) 1811M->1817M(3641M) 184.737ms
[2025-08-01T02:28:44.623+0000] GC(379) User=1.39s Sys=0.03s Real=0.19s
[2025-08-01T02:28:44.716+0000] GC(380) Pause Young (Allocation Failure)
[2025-08-01T02:28:44.876+0000] GC(380) PSYoungGen: 931840K->401824K(931840K)
[2025-08-01T02:28:44.876+0000] GC(380) ParOldGen: 1394984K->1744896K(2796544K)
[2025-08-01T02:28:44.876+0000] GC(380) Metaspace: 9712K(12544K)->9712K(12544K) NonClass: 8546K(11008K)->8546K(11008K) Class: 1166K(1536K)->1166K(1536K)
[2025-08-01T02:28:44.876+0000] GC(380) Pause Young (Allocation Failure) 2272M->2096M(3641M) 160.561ms
[2025-08-01T02:28:44.876+0000] GC(380) User=1.26s Sys=0.01s Real=0.16s
[2025-08-01T02:28:44.967+0000] GC(381) Pause Young (Allocation Failure)
[2025-08-01T02:28:45.128+0000] GC(381) PSYoungGen: 867744K->465920K(931840K)
[2025-08-01T02:28:45.128+0000] GC(381) ParOldGen: 1744896K->2026904K(2796544K)
[2025-08-01T02:28:45.128+0000] GC(381) Metaspace: 9712K(12544K)->9712K(12544K) NonClass: 8546K(11008K)->8546K(11008K) Class: 1166K(1536K)->1166K(1536K)
[2025-08-01T02:28:45.128+0000] GC(381) Pause Young (Allocation Failure) 2551M->2434M(3641M) 161.054ms
[2025-08-01T02:28:45.128+0000] GC(381) User=1.25s Sys=0.03s Real=0.16s
[2025-08-01T02:28:45.218+0000] GC(382) Pause Young (Allocation Failure)
[2025-08-01T02:28:45.384+0000] GC(382) PSYoungGen: 931840K->439040K(931840K)
[2025-08-01T02:28:45.384+0000] GC(382) ParOldGen: 2026904K->2376352K(2796544K)
[2025-08-01T02:28:45.384+0000] GC(382) Metaspace: 9712K(12544K)->9712K(12544K) NonClass: 8546K(11008K)->8546K(11008K) Class: 1166K(1536K)->1166K(1536K)
[2025-08-01T02:28:45.384+0000] GC(382) Pause Young (Allocation Failure) 2889M->2749M(3641M) 166.732ms
[2025-08-01T02:28:45.384+0000] GC(382) User=1.28s Sys=0.03s Real=0.17s
[2025-08-01T02:28:45.384+0000] GC(383) Pause Full (Ergonomics)
[2025-08-01T02:28:45.384+0000] GC(383) Marking Phase
[2025-08-01T02:28:45.439+0000] GC(383) Marking Phase 54.468ms
[2025-08-01T02:28:45.439+0000] GC(383) Summary Phase
[2025-08-01T02:28:45.439+0000] GC(383) Summary Phase 0.148ms
[2025-08-01T02:28:45.439+0000] GC(383) Adjust Roots
[2025-08-01T02:28:45.441+0000] GC(383) Adjust Roots 1.735ms
[2025-08-01T02:28:45.441+0000] GC(383) Compaction Phase
[2025-08-01T02:28:45.622+0000] GC(383) Compaction Phase 181.020ms
[2025-08-01T02:28:45.622+0000] GC(383) Post Compact
[2025-08-01T02:28:45.641+0000] GC(383) Post Compact 19.064ms
[2025-08-01T02:28:45.641+0000] GC(383) PSYoungGen: 439040K->0K(931840K)
[2025-08-01T02:28:45.641+0000] GC(383) ParOldGen: 2376352K->1054431K(2796544K)
[2025-08-01T02:28:45.641+0000] GC(383) Metaspace: 9712K(12544K)->9712K(12544K) NonClass: 8546K(11008K)->8546K(11008K) Class: 1166K(1536K)->1166K(1536K)
[2025-08-01T02:28:45.641+0000] GC(383) Pause Full (Ergonomics) 2749M->1029M(3641M) 256.830ms
[2025-08-01T02:28:45.641+0000] GC(383) User=1.81s Sys=0.02s Real=0.25s
[2025-08-01T02:28:45.784+0000] GC(384) Pause Young (Allocation Failure)
[2025-08-01T02:28:45.949+0000] GC(384) PSYoungGen: 465920K->464928K(931840K)
[2025-08-01T02:28:45.949+0000] GC(384) ParOldGen: 1054431K->1054431K(2796544K)
[2025-08-01T02:28:45.949+0000] GC(384) Metaspace: 9712K(12544K)->9712K(12544K) NonClass: 8546K(11008K)->8546K(11008K) Class: 1166K(1536K)->1166K(1536K)
[2025-08-01T02:28:45.949+0000] GC(384) Pause Young (Allocation Failure) 1484M->1483M(3641M) 164.611ms
[2025-08-01T02:28:45.949+0000] GC(384) User=1.22s Sys=0.05s Real=0.16s
[2025-08-01T02:28:46.049+0000] GC(385) Pause Young (Allocation Failure)
[2025-08-01T02:28:46.181+0000] GC(385) PSYoungGen: 930848K->285024K(931840K)
[2025-08-01T02:28:46.181+0000] GC(385) ParOldGen: 1054431K->1269519K(2796544K)
[2025-08-01T02:28:46.181+0000] GC(385) Metaspace: 9712K(12544K)->9712K(12544K) NonClass: 8546K(11008K)->8546K(11008K) Class: 1166K(1536K)->1166K(1536K)
[2025-08-01T02:28:46.181+0000] GC(385) Pause Young (Allocation Failure) 1938M->1518M(3641M) 132.248ms
[2025-08-01T02:28:46.181+0000] GC(385) User=1.01s Sys=0.03s Real=0.13s
[2025-08-01T02:28:46.280+0000] GC(386) Pause Young (Allocation Failure)
[2025-08-01T02:28:46.459+0000] GC(386) PSYoungGen: 750944K->465920K(931840K)
[2025-08-01T02:28:46.460+0000] GC(386) ParOldGen: 1269519K->1563415K(2796544K)
[2025-08-01T02:28:46.460+0000] GC(386) Metaspace: 9712K(12544K)->9712K(12544K) NonClass: 8546K(11008K)->8546K(11008K) Class: 1166K(1536K)->1166K(1536K)
[2025-08-01T02:28:46.460+0000] GC(386) Pause Young (Allocation Failure) 1973M->1981M(3641M) 179.443ms
[2025-08-01T02:28:46.460+0000] GC(386) User=1.35s Sys=0.02s Real=0.18s
[2025-08-01T02:28:46.548+0000] GC(387) Pause Young (Allocation Failure)
[2025-08-01T02:28:46.727+0000] GC(387) PSYoungGen: 931840K->334656K(931840K)
[2025-08-01T02:28:46.727+0000] GC(387) ParOldGen: 1563415K->1773439K(2796544K)
[2025-08-01T02:28:46.727+0000] GC(387) Metaspace: 9712K(12544K)->9712K(12544K) NonClass: 8546K(11008K)->8546K(11008K) Class: 1166K(1536K)->1166K(1536K)
[2025-08-01T02:28:46.727+0000] GC(387) Pause Young (Allocation Failure) 2436M->2058M(3641M) 179.680ms
[2025-08-01T02:28:46.727+0000] GC(387) User=1.29s Sys=0.05s Real=0.18s
[2025-08-01T02:28:46.814+0000] GC(388) Pause Young (Allocation Failure)
[2025-08-01T02:28:46.984+0000] GC(388) PSYoungGen: 800576K->465920K(931840K)
[2025-08-01T02:28:46.984+0000] GC(388) ParOldGen: 1773439K->2115447K(2796544K)
[2025-08-01T02:28:46.984+0000] GC(388) Metaspace: 9712K(12544K)->9712K(12544K) NonClass: 8546K(11008K)->8546K(11008K) Class: 1166K(1536K)->1166K(1536K)
[2025-08-01T02:28:46.984+0000] GC(388) Pause Young (Allocation Failure) 2513M->2520M(3641M) 170.584ms
[2025-08-01T02:28:46.984+0000] GC(388) User=1.31s Sys=0.02s Real=0.17s
[2025-08-01T02:28:47.069+0000] GC(389) Pause Young (Allocation Failure)
[2025-08-01T02:28:47.176+0000] GC(389) PSYoungGen: 931840K->267616K(931840K)
[2025-08-01T02:28:47.176+0000] GC(389) ParOldGen: 2115447K->2362703K(2796544K)
[2025-08-01T02:28:47.176+0000] GC(389) Metaspace: 9712K(12544K)->9712K(12544K) NonClass: 8546K(11008K)->8546K(11008K) Class: 1166K(1536K)->1166K(1536K)
[2025-08-01T02:28:47.176+0000] GC(389) Pause Young (Allocation Failure) 2975M->2568M(3641M) 106.981ms
[2025-08-01T02:28:47.176+0000] GC(389) User=0.83s Sys=0.01s Real=0.11s
[2025-08-01T02:28:47.268+0000] GC(390) Pause Young (Allocation Failure)
[2025-08-01T02:28:47.500+0000] GC(390) PSYoungGen: 733536K->465920K(931840K)
[2025-08-01T02:28:47.500+0000] GC(390) ParOldGen: 2362703K->2640583K(2796544K)
[2025-08-01T02:28:47.500+0000] GC(390) Metaspace: 9712K(12544K)->9712K(12544K) NonClass: 8546K(11008K)->8546K(11008K) Class: 1166K(1536K)->1166K(1536K)
[2025-08-01T02:28:47.500+0000] GC(390) Pause Young (Allocation Failure) 3023M->3033M(3641M) 231.882ms
[2025-08-01T02:28:47.500+0000] GC(390) User=1.49s Sys=0.32s Real=0.23s
[2025-08-01T02:28:47.500+0000] GC(391) Pause Full (Ergonomics)
[2025-08-01T02:28:47.500+0000] GC(391) Marking Phase
[2025-08-01T02:28:47.600+0000] GC(391) Marking Phase 99.714ms
[2025-08-01T02:28:47.600+0000] GC(391) Summary Phase
[2025-08-01T02:28:47.600+0000] GC(391) Summary Phase 0.133ms
[2025-08-01T02:28:47.600+0000] GC(391) Adjust Roots
[2025-08-01T02:28:47.602+0000] GC(391) Adjust Roots 2.125ms
[2025-08-01T02:28:47.603+0000] GC(391) Compaction Phase
[2025-08-01T02:28:47.779+0000] GC(391) Compaction Phase 176.675ms
[2025-08-01T02:28:47.779+0000] GC(391) Post Compact
[2025-08-01T02:28:47.800+0000] GC(391) Post Compact 20.805ms
[2025-08-01T02:28:47.800+0000] GC(391) PSYoungGen: 465920K->0K(931840K)
[2025-08-01T02:28:47.800+0000] GC(391) ParOldGen: 2640583K->1065706K(2796544K)
[2025-08-01T02:28:47.800+0000] GC(391) Metaspace: 9712K(12544K)->9712K(12544K) NonClass: 8546K(11008K)->8546K(11008K) Class: 1166K(1536K)->1166K(1536K)
[2025-08-01T02:28:47.800+0000] GC(391) Pause Full (Ergonomics) 3033M->1040M(3641M) 299.814ms
[2025-08-01T02:28:47.800+0000] GC(391) User=1.89s Sys=0.27s Real=0.30s
[2025-08-01T02:28:47.885+0000] GC(392) Pause Young (Allocation Failure)
[2025-08-01T02:28:47.972+0000] GC(392) PSYoungGen: 465920K->329376K(931840K)
[2025-08-01T02:28:47.972+0000] GC(392) ParOldGen: 1065706K->1065706K(2796544K)
[2025-08-01T02:28:47.972+0000] GC(392) Metaspace: 9712K(12544K)->9712K(12544K) NonClass: 8546K(11008K)->8546K(11008K) Class: 1166K(1536K)->1166K(1536K)
[2025-08-01T02:28:47.972+0000] GC(392) Pause Young (Allocation Failure) 1495M->1362M(3641M) 87.200ms
[2025-08-01T02:28:47.972+0000] GC(392) User=0.65s Sys=0.03s Real=0.08s
[2025-08-01T02:28:48.062+0000] GC(393) Pause Young (Allocation Failure)
[2025-08-01T02:28:48.289+0000] GC(393) PSYoungGen: 795296K->465920K(931840K)
[2025-08-01T02:28:48.289+0000] GC(393) ParOldGen: 1065706K->1403778K(2796544K)
[2025-08-01T02:28:48.289+0000] GC(393) Metaspace: 9712K(12544K)->9712K(12544K) NonClass: 8546K(11008K)->8546K(11008K) Class: 1166K(1536K)->1166K(1536K)
[2025-08-01T02:28:48.289+0000] GC(393) Pause Young (Allocation Failure) 1817M->1825M(3641M) 226.484ms
[2025-08-01T02:28:48.289+0000] GC(393) User=1.72s Sys=0.05s Real=0.23s
[2025-08-01T02:28:48.373+0000] GC(394) Pause Young (Allocation Failure)
[2025-08-01T02:28:48.545+0000] GC(394) PSYoungGen: 931840K->377152K(931840K)
[2025-08-01T02:28:48.545+0000] GC(394) ParOldGen: 1403778K->1767730K(2796544K)
[2025-08-01T02:28:48.545+0000] GC(394) Metaspace: 9712K(12544K)->9712K(12544K) NonClass: 8546K(11008K)->8546K(11008K) Class: 1166K(1536K)->1166K(1536K)
[2025-08-01T02:28:48.545+0000] GC(394) Pause Young (Allocation Failure) 2280M->2094M(3641M) 171.969ms
[2025-08-01T02:28:48.545+0000] GC(394) User=1.31s Sys=0.04s Real=0.17s
[2025-08-01T02:28:48.633+0000] GC(395) Pause Young (Allocation Failure)
[2025-08-01T02:28:48.778+0000] GC(395) PSYoungGen: 843072K->464480K(931840K)
[2025-08-01T02:28:48.778+0000] GC(395) ParOldGen: 1767730K->2026906K(2796544K)
[2025-08-01T02:28:48.778+0000] GC(395) Metaspace: 9712K(12544K)->9712K(12544K) NonClass: 8546K(11008K)->8546K(11008K) Class: 1166K(1536K)->1166K(1536K)
[2025-08-01T02:28:48.778+0000] GC(395) Pause Young (Allocation Failure) 2549M->2432M(3641M) 144.932ms
[2025-08-01T02:28:48.778+0000] GC(395) User=1.10s Sys=0.02s Real=0.14s
[2025-08-01T02:28:48.862+0000] GC(396) Pause Young (Allocation Failure)
[2025-08-01T02:28:48.991+0000] GC(396) PSYoungGen: 930400K->332896K(931840K)
[2025-08-01T02:28:48.991+0000] GC(396) ParOldGen: 2026906K->2255106K(2796544K)
[2025-08-01T02:28:48.991+0000] GC(396) Metaspace: 9712K(12544K)->9712K(12544K) NonClass: 8546K(11008K)->8546K(11008K) Class: 1166K(1536K)->1166K(1536K)
[2025-08-01T02:28:48.991+0000] GC(396) Pause Young (Allocation Failure) 2887M->2527M(3641M) 129.755ms
[2025-08-01T02:28:48.991+0000] GC(396) User=1.01s Sys=0.02s Real=0.13s
[2025-08-01T02:28:49.077+0000] GC(397) Pause Young (Allocation Failure)
[2025-08-01T02:28:49.252+0000] GC(397) PSYoungGen: 798816K->465920K(931840K)
[2025-08-01T02:28:49.252+0000] GC(397) ParOldGen: 2255106K->2597506K(2796544K)
[2025-08-01T02:28:49.252+0000] GC(397) Metaspace: 9712K(12544K)->9712K(12544K) NonClass: 8546K(11008K)->8546K(11008K) Class: 1166K(1536K)->1166K(1536K)
[2025-08-01T02:28:49.252+0000] GC(397) Pause Young (Allocation Failure) 2982M->2991M(3641M) 175.673ms
[2025-08-01T02:28:49.252+0000] GC(397) User=1.35s Sys=0.03s Real=0.17s
[2025-08-01T02:28:49.252+0000] GC(398) Pause Full (Ergonomics)
[2025-08-01T02:28:49.252+0000] GC(398) Marking Phase
[2025-08-01T02:28:49.315+0000] GC(398) Marking Phase 63.074ms
[2025-08-01T02:28:49.315+0000] GC(398) Summary Phase
[2025-08-01T02:28:49.316+0000] GC(398) Summary Phase 0.096ms
[2025-08-01T02:28:49.316+0000] GC(398) Adjust Roots
[2025-08-01T02:28:49.317+0000] GC(398) Adjust Roots 1.770ms
[2025-08-01T02:28:49.317+0000] GC(398) Compaction Phase
[2025-08-01T02:28:49.501+0000] GC(398) Compaction Phase 183.671ms
[2025-08-01T02:28:49.501+0000] GC(398) Post Compact
[2025-08-01T02:28:49.522+0000] GC(398) Post Compact 21.066ms
[2025-08-01T02:28:49.522+0000] GC(398) PSYoungGen: 465920K->0K(931840K)
[2025-08-01T02:28:49.522+0000] GC(398) ParOldGen: 2597506K->1074259K(2796544K)
[2025-08-01T02:28:49.522+0000] GC(398) Metaspace: 9712K(12544K)->9712K(12544K) NonClass: 8546K(11008K)->8546K(11008K) Class: 1166K(1536K)->1166K(1536K)
[2025-08-01T02:28:49.522+0000] GC(398) Pause Full (Ergonomics) 2991M->1049M(3641M) 270.093ms
[2025-08-01T02:28:49.523+0000] GC(398) User=1.94s Sys=0.01s Real=0.27s
[2025-08-01T02:28:49.609+0000] GC(399) Pause Young (Allocation Failure)
[2025-08-01T02:28:49.665+0000] GC(399) PSYoungGen: 465920K->278688K(931840K)
[2025-08-01T02:28:49.665+0000] GC(399) ParOldGen: 1074259K->1074259K(2796544K)
[2025-08-01T02:28:49.665+0000] GC(399) Metaspace: 9712K(12544K)->9712K(12544K) NonClass: 8546K(11008K)->8546K(11008K) Class: 1166K(1536K)->1166K(1536K)
[2025-08-01T02:28:49.665+0000] GC(399) Pause Young (Allocation Failure) 1504M->1321M(3641M) 55.604ms
[2025-08-01T02:28:49.665+0000] GC(399) User=0.41s Sys=0.01s Real=0.06s
[2025-08-01T02:28:49.755+0000] GC(400) Pause Young (Allocation Failure)
[2025-08-01T02:28:49.909+0000] GC(400) PSYoungGen: 744608K->465920K(931840K)
[2025-08-01T02:28:49.909+0000] GC(400) ParOldGen: 1074259K->1363859K(2796544K)
[2025-08-01T02:28:49.909+0000] GC(400) Metaspace: 9712K(12544K)->9712K(12544K) NonClass: 8546K(11008K)->8546K(11008K) Class: 1166K(1536K)->1166K(1536K)
[2025-08-01T02:28:49.909+0000] GC(400) Pause Young (Allocation Failure) 1776M->1786M(3641M) 153.805ms
[2025-08-01T02:28:49.909+0000] GC(400) User=1.11s Sys=0.05s Real=0.15s
[2025-08-01T02:28:50.001+0000] GC(401) Pause Young (Allocation Failure)
[2025-08-01T02:28:50.220+0000] GC(401) PSYoungGen: 931840K->427488K(931840K)
[2025-08-01T02:28:50.220+0000] GC(401) ParOldGen: 1363859K->1722731K(2796544K)
[2025-08-01T02:28:50.220+0000] GC(401) Metaspace: 9712K(12544K)->9712K(12544K) NonClass: 8546K(11008K)->8546K(11008K) Class: 1166K(1536K)->1166K(1536K)
[2025-08-01T02:28:50.220+0000] GC(401) Pause Young (Allocation Failure) 2241M->2099M(3641M) 219.376ms
[2025-08-01T02:28:50.220+0000] GC(401) User=1.68s Sys=0.04s Real=0.22s
[2025-08-01T02:28:50.309+0000] GC(402) Pause Young (Allocation Failure)
[2025-08-01T02:28:50.478+0000] GC(402) PSYoungGen: 893408K->465920K(931840K)
[2025-08-01T02:28:50.478+0000] GC(402) ParOldGen: 1722731K->2046651K(2796544K)
[2025-08-01T02:28:50.478+0000] GC(402) Metaspace: 9712K(12544K)->9712K(12544K) NonClass: 8546K(11008K)->8546K(11008K) Class: 1166K(1536K)->1166K(1536K)
[2025-08-01T02:28:50.478+0000] GC(402) Pause Young (Allocation Failure) 2554M->2453M(3641M) 169.369ms
[2025-08-01T02:28:50.478+0000] GC(402) User=1.31s Sys=0.02s Real=0.17s
[2025-08-01T02:28:50.563+0000] GC(403) Pause Young (Allocation Failure)
[2025-08-01T02:28:50.679+0000] GC(403) PSYoungGen: 931840K->331808K(931840K)
[2025-08-01T02:28:50.679+0000] GC(403) ParOldGen: 2046651K->2255051K(2796544K)
[2025-08-01T02:28:50.679+0000] GC(403) Metaspace: 9712K(12544K)->9712K(12544K) NonClass: 8546K(11008K)->8546K(11008K) Class: 1166K(1536K)->1166K(1536K)
[2025-08-01T02:28:50.679+0000] GC(403) Pause Young (Allocation Failure) 2908M->2526M(3641M) 115.286ms
[2025-08-01T02:28:50.679+0000] GC(403) User=0.89s Sys=0.02s Real=0.11s
[2025-08-01T02:28:50.764+0000] GC(404) Pause Young (Allocation Failure)
[2025-08-01T02:28:50.913+0000] GC(404) PSYoungGen: 797728K->465920K(931840K)
[2025-08-01T02:28:50.913+0000] GC(404) ParOldGen: 2255051K->2594315K(2796544K)
[2025-08-01T02:28:50.913+0000] GC(404) Metaspace: 9712K(12544K)->9712K(12544K) NonClass: 8546K(11008K)->8546K(11008K) Class: 1166K(1536K)->1166K(1536K)
[2025-08-01T02:28:50.913+0000] GC(404) Pause Young (Allocation Failure) 2981M->2988M(3641M) 149.007ms
[2025-08-01T02:28:50.913+0000] GC(404) User=1.11s Sys=0.02s Real=0.15s
[2025-08-01T02:28:50.914+0000] GC(405) Pause Full (Ergonomics)
[2025-08-01T02:28:50.914+0000] GC(405) Marking Phase
[2025-08-01T02:28:50.969+0000] GC(405) Marking Phase 55.043ms
[2025-08-01T02:28:50.969+0000] GC(405) Summary Phase
[2025-08-01T02:28:50.969+0000] GC(405) Summary Phase 0.096ms
[2025-08-01T02:28:50.969+0000] GC(405) Adjust Roots
[2025-08-01T02:28:50.970+0000] GC(405) Adjust Roots 1.714ms
[2025-08-01T02:28:50.971+0000] GC(405) Compaction Phase
[2025-08-01T02:28:51.152+0000] GC(405) Compaction Phase 181.034ms
[2025-08-01T02:28:51.152+0000] GC(405) Post Compact
[2025-08-01T02:28:51.171+0000] GC(405) Post Compact 19.353ms
[2025-08-01T02:28:51.171+0000] GC(405) PSYoungGen: 465920K->0K(931840K)
[2025-08-01T02:28:51.171+0000] GC(405) ParOldGen: 2594315K->1083086K(2796544K)
[2025-08-01T02:28:51.171+0000] GC(405) Metaspace: 9712K(12544K)->9712K(12544K) NonClass: 8546K(11008K)->8546K(11008K) Class: 1166K(1536K)->1166K(1536K)
[2025-08-01T02:28:51.171+0000] GC(405) Pause Full (Ergonomics) 2988M->1057M(3641M) 257.704ms
[2025-08-01T02:28:51.171+0000] GC(405) User=1.86s Sys=0.01s Real=0.25s
[2025-08-01T02:28:51.262+0000] GC(406) Pause Young (Allocation Failure)
[2025-08-01T02:28:51.439+0000] GC(406) PSYoungGen: 465920K->422784K(931840K)
[2025-08-01T02:28:51.440+0000] GC(406) ParOldGen: 1083086K->1083086K(2796544K)
[2025-08-01T02:28:51.440+0000] GC(406) Metaspace: 9712K(12544K)->9712K(12544K) NonClass: 8546K(11008K)->8546K(11008K) Class: 1166K(1536K)->1166K(1536K)
[2025-08-01T02:28:51.440+0000] GC(406) Pause Young (Allocation Failure) 1512M->1470M(3641M) 177.808ms
[2025-08-01T02:28:51.440+0000] GC(406) User=1.32s Sys=0.06s Real=0.18s
[2025-08-01T02:28:51.543+0000] GC(407) Pause Young (Allocation Failure)
[2025-08-01T02:28:51.721+0000] GC(407) PSYoungGen: 888704K->447744K(931840K)
[2025-08-01T02:28:51.721+0000] GC(407) ParOldGen: 1083086K->1398982K(2796544K)
[2025-08-01T02:28:51.721+0000] GC(407) Metaspace: 9712K(12544K)->9712K(12544K) NonClass: 8546K(11008K)->8546K(11008K) Class: 1166K(1536K)->1166K(1536K)
[2025-08-01T02:28:51.721+0000] GC(407) Pause Young (Allocation Failure) 1925M->1803M(3641M) 178.916ms
[2025-08-01T02:28:51.721+0000] GC(407) User=1.35s Sys=0.04s Real=0.18s
[2025-08-01T02:28:51.809+0000] GC(408) Pause Young (Allocation Failure)
[2025-08-01T02:28:51.915+0000] GC(408) PSYoungGen: 913664K->362336K(931840K)
[2025-08-01T02:28:51.915+0000] GC(408) ParOldGen: 1398982K->1592574K(2796544K)
[2025-08-01T02:28:51.915+0000] GC(408) Metaspace: 9712K(12544K)->9712K(12544K) NonClass: 8546K(11008K)->8546K(11008K) Class: 1166K(1536K)->1166K(1536K)
[2025-08-01T02:28:51.915+0000] GC(408) Pause Young (Allocation Failure) 2258M->1909M(3641M) 106.377ms
[2025-08-01T02:28:51.915+0000] GC(408) User=0.81s Sys=0.01s Real=0.11s
[2025-08-01T02:28:52.002+0000] GC(409) Pause Young (Allocation Failure)
[2025-08-01T02:28:52.189+0000] GC(409) PSYoungGen: 828256K->465920K(931840K)
[2025-08-01T02:28:52.189+0000] GC(409) ParOldGen: 1592574K->1965374K(2796544K)
[2025-08-01T02:28:52.189+0000] GC(409) Metaspace: 9712K(12544K)->9712K(12544K) NonClass: 8546K(11008K)->8546K(11008K) Class: 1166K(1536K)->1166K(1536K)
[2025-08-01T02:28:52.189+0000] GC(409) Pause Young (Allocation Failure) 2364M->2374M(3641M) 187.250ms
[2025-08-01T02:28:52.189+0000] GC(409) User=1.41s Sys=0.03s Real=0.19s
[2025-08-01T02:28:52.284+0000] GC(410) Pause Young (Allocation Failure)
[2025-08-01T02:28:52.451+0000] GC(410) PSYoungGen: 931840K->398496K(931840K)
[2025-08-01T02:28:52.451+0000] GC(410) ParOldGen: 1965374K->2323598K(2796544K)
[2025-08-01T02:28:52.451+0000] GC(410) Metaspace: 9712K(12544K)->9712K(12544K) NonClass: 8546K(11008K)->8546K(11008K) Class: 1166K(1536K)->1166K(1536K)
[2025-08-01T02:28:52.451+0000] GC(410) Pause Young (Allocation Failure) 2829M->2658M(3641M) 167.205ms
[2025-08-01T02:28:52.451+0000] GC(410) User=1.26s Sys=0.04s Real=0.16s
[2025-08-01T02:28:52.542+0000] GC(411) Pause Young (Allocation Failure)
[2025-08-01T02:28:52.774+0000] GC(411) PSYoungGen: 864416K->413280K(931840K)
[2025-08-01T02:28:52.774+0000] GC(411) ParOldGen: 2323598K->2612558K(2796544K)
[2025-08-01T02:28:52.774+0000] GC(411) Metaspace: 9712K(12544K)->9712K(12544K) NonClass: 8546K(11008K)->8546K(11008K) Class: 1166K(1536K)->1166K(1536K)
[2025-08-01T02:28:52.774+0000] GC(411) Pause Young (Allocation Failure) 3113M->2954M(3641M) 231.997ms
[2025-08-01T02:28:52.774+0000] GC(411) User=1.78s Sys=0.06s Real=0.24s
[2025-08-01T02:28:52.774+0000] GC(412) Pause Full (Ergonomics)
[2025-08-01T02:28:52.774+0000] GC(412) Marking Phase
[2025-08-01T02:28:52.833+0000] GC(412) Marking Phase 58.746ms
[2025-08-01T02:28:52.833+0000] GC(412) Summary Phase
[2025-08-01T02:28:52.833+0000] GC(412) Summary Phase 0.102ms
[2025-08-01T02:28:52.833+0000] GC(412) Adjust Roots
[2025-08-01T02:28:52.834+0000] GC(412) Adjust Roots 1.776ms
[2025-08-01T02:28:52.834+0000] GC(412) Compaction Phase
[2025-08-01T02:28:53.005+0000] GC(412) Compaction Phase 170.140ms
[2025-08-01T02:28:53.005+0000] GC(412) Post Compact
[2025-08-01T02:28:53.024+0000] GC(412) Post Compact 18.817ms
[2025-08-01T02:28:53.024+0000] GC(412) PSYoungGen: 413280K->0K(931840K)
[2025-08-01T02:28:53.024+0000] GC(412) ParOldGen: 2612558K->1095781K(2796544K)
[2025-08-01T02:28:53.024+0000] GC(412) Metaspace: 9712K(12544K)->9712K(12544K) NonClass: 8546K(11008K)->8546K(11008K) Class: 1166K(1536K)->1166K(1536K)
[2025-08-01T02:28:53.024+0000] GC(412) Pause Full (Ergonomics) 2954M->1070M(3641M) 250.116ms
[2025-08-01T02:28:53.024+0000] GC(412) User=1.77s Sys=0.01s Real=0.25s
[2025-08-01T02:28:53.121+0000] GC(413) Pause Young (Allocation Failure)
[2025-08-01T02:28:53.266+0000] GC(413) PSYoungGen: 465920K->404672K(931840K)
[2025-08-01T02:28:53.266+0000] GC(413) ParOldGen: 1095781K->1095781K(2796544K)
[2025-08-01T02:28:53.266+0000] GC(413) Metaspace: 9712K(12544K)->9712K(12544K) NonClass: 8546K(11008K)->8546K(11008K) Class: 1166K(1536K)->1166K(1536K)
[2025-08-01T02:28:53.266+0000] GC(413) Pause Young (Allocation Failure) 1525M->1465M(3641M) 145.059ms
[2025-08-01T02:28:53.266+0000] GC(413) User=1.10s Sys=0.02s Real=0.15s
[2025-08-01T02:28:53.358+0000] GC(414) Pause Young (Allocation Failure)
[2025-08-01T02:28:53.548+0000] GC(414) PSYoungGen: 870592K->465920K(931840K)
[2025-08-01T02:28:53.548+0000] GC(414) ParOldGen: 1095781K->1512645K(2796544K)
[2025-08-01T02:28:53.548+0000] GC(414) Metaspace: 9712K(12544K)->9712K(12544K) NonClass: 8546K(11008K)->8546K(11008K) Class: 1166K(1536K)->1166K(1536K)
[2025-08-01T02:28:53.548+0000] GC(414) Pause Young (Allocation Failure) 1920M->1932M(3641M) 189.536ms
[2025-08-01T02:28:53.548+0000] GC(414) User=1.47s Sys=0.03s Real=0.19s
[2025-08-01T02:28:53.635+0000] GC(415) Pause Young (Allocation Failure)
[2025-08-01T02:28:53.770+0000] GC(415) PSYoungGen: 931840K->445408K(931840K)
[2025-08-01T02:28:53.770+0000] GC(415) ParOldGen: 1512645K->1819317K(2796544K)
[2025-08-01T02:28:53.770+0000] GC(415) Metaspace: 9712K(12544K)->9712K(12544K) NonClass: 8546K(11008K)->8546K(11008K) Class: 1166K(1536K)->1166K(1536K)
[2025-08-01T02:28:53.770+0000] GC(415) Pause Young (Allocation Failure) 2387M->2211M(3641M) 135.386ms
[2025-08-01T02:28:53.770+0000] GC(415) User=1.06s Sys=0.01s Real=0.13s
[2025-08-01T02:28:53.864+0000] GC(416) Pause Young (Allocation Failure)
[2025-08-01T02:28:54.062+0000] GC(416) PSYoungGen: 911328K->403808K(931840K)
[2025-08-01T02:28:54.062+0000] GC(416) ParOldGen: 1819317K->2150525K(2796544K)
[2025-08-01T02:28:54.062+0000] GC(416) Metaspace: 9712K(12544K)->9712K(12544K) NonClass: 8546K(11008K)->8546K(11008K) Class: 1166K(1536K)->1166K(1536K)
[2025-08-01T02:28:54.062+0000] GC(416) Pause Young (Allocation Failure) 2666M->2494M(3641M) 198.254ms
[2025-08-01T02:28:54.062+0000] GC(416) User=1.45s Sys=0.07s Real=0.19s
[2025-08-01T02:28:54.160+0000] GC(417) Pause Young (Allocation Failure)
[2025-08-01T02:28:54.369+0000] GC(417) PSYoungGen: 869728K->357120K(931840K)
[2025-08-01T02:28:54.369+0000] GC(417) ParOldGen: 2150525K->2340653K(2796544K)
[2025-08-01T02:28:54.369+0000] GC(417) Metaspace: 9712K(12544K)->9712K(12544K) NonClass: 8546K(11008K)->8546K(11008K) Class: 1166K(1536K)->1166K(1536K)
[2025-08-01T02:28:54.369+0000] GC(417) Pause Young (Allocation Failure) 2949M->2634M(3641M) 209.106ms
[2025-08-01T02:28:54.369+0000] GC(417) User=1.61s Sys=0.04s Real=0.21s
[2025-08-01T02:28:54.369+0000] GC(418) Pause Full (Ergonomics)
[2025-08-01T02:28:54.369+0000] GC(418) Marking Phase
[2025-08-01T02:28:54.410+0000] GC(418) Marking Phase 40.986ms
[2025-08-01T02:28:54.411+0000] GC(418) Summary Phase
[2025-08-01T02:28:54.411+0000] GC(418) Summary Phase 0.089ms
[2025-08-01T02:28:54.411+0000] GC(418) Adjust Roots
[2025-08-01T02:28:54.413+0000] GC(418) Adjust Roots 1.983ms
[2025-08-01T02:28:54.413+0000] GC(418) Compaction Phase
[2025-08-01T02:28:54.527+0000] GC(418) Compaction Phase 114.612ms
[2025-08-01T02:28:54.527+0000] GC(418) Post Compact
[2025-08-01T02:28:54.544+0000] GC(418) Post Compact 17.005ms
[2025-08-01T02:28:54.544+0000] GC(418) PSYoungGen: 357120K->0K(931840K)
[2025-08-01T02:28:54.544+0000] GC(418) ParOldGen: 2340653K->646786K(2796544K)
[2025-08-01T02:28:54.545+0000] GC(418) Metaspace: 9712K(12544K)->9712K(12544K) NonClass: 8546K(11008K)->8546K(11008K) Class: 1166K(1536K)->1166K(1536K)
[2025-08-01T02:28:54.545+0000] GC(418) Pause Full (Ergonomics) 2634M->631M(3641M) 175.089ms
[2025-08-01T02:28:54.545+0000] GC(418) User=1.19s Sys=0.03s Real=0.18s
[2025-08-01T02:28:54.641+0000] GC(419) Pause Young (Allocation Failure)
[2025-08-01T02:28:54.818+0000] GC(419) PSYoungGen: 465920K->465920K(931840K)
[2025-08-01T02:28:54.818+0000] GC(419) ParOldGen: 646786K->651954K(2796544K)
[2025-08-01T02:28:54.818+0000] GC(419) Metaspace: 9712K(12544K)->9712K(12544K) NonClass: 8546K(11008K)->8546K(11008K) Class: 1166K(1536K)->1166K(1536K)
[2025-08-01T02:28:54.818+0000] GC(419) Pause Young (Allocation Failure) 1086M->1091M(3641M) 177.324ms
[2025-08-01T02:28:54.818+0000] GC(419) User=1.32s Sys=0.05s Real=0.18s
[2025-08-01T02:28:54.906+0000] GC(420) Pause Young (Allocation Failure)
[2025-08-01T02:28:55.062+0000] GC(420) PSYoungGen: 931840K->462880K(931840K)
[2025-08-01T02:28:55.062+0000] GC(420) ParOldGen: 651954K->1000378K(2796544K)
[2025-08-01T02:28:55.062+0000] GC(420) Metaspace: 9712K(12544K)->9712K(12544K) NonClass: 8546K(11008K)->8546K(11008K) Class: 1166K(1536K)->1166K(1536K)
[2025-08-01T02:28:55.062+0000] GC(420) Pause Young (Allocation Failure) 1546M->1428M(3641M) 155.895ms
[2025-08-01T02:28:55.062+0000] GC(420) User=1.19s Sys=0.03s Real=0.15s
[2025-08-01T02:28:55.147+0000] GC(421) Pause Young (Allocation Failure)
[2025-08-01T02:28:55.320+0000] GC(421) PSYoungGen: 928800K->455168K(931840K)
[2025-08-01T02:28:55.320+0000] GC(421) ParOldGen: 1000378K->1295362K(2796544K)
[2025-08-01T02:28:55.320+0000] GC(421) Metaspace: 9712K(12544K)->9712K(12544K) NonClass: 8546K(11008K)->8546K(11008K) Class: 1166K(1536K)->1166K(1536K)
[2025-08-01T02:28:55.320+0000] GC(421) Pause Young (Allocation Failure) 1883M->1709M(3641M) 173.465ms
[2025-08-01T02:28:55.320+0000] GC(421) User=1.34s Sys=0.03s Real=0.17s
[2025-08-01T02:28:55.411+0000] GC(422) Pause Young (Allocation Failure)
[2025-08-01T02:28:55.547+0000] GC(422) PSYoungGen: 921088K->341152K(931840K)
[2025-08-01T02:28:55.547+0000] GC(422) ParOldGen: 1295362K->1507778K(2796544K)
[2025-08-01T02:28:55.547+0000] GC(422) Metaspace: 9712K(12544K)->9712K(12544K) NonClass: 8546K(11008K)->8546K(11008K) Class: 1166K(1536K)->1166K(1536K)
[2025-08-01T02:28:55.547+0000] GC(422) Pause Young (Allocation Failure) 2164M->1805M(3641M) 135.863ms
[2025-08-01T02:28:55.547+0000] GC(422) User=1.06s Sys=0.02s Real=0.14s
[2025-08-01T02:28:55.642+0000] GC(423) Pause Young (Allocation Failure)
[2025-08-01T02:28:55.818+0000] GC(423) PSYoungGen: 807072K->465920K(931840K)
[2025-08-01T02:28:55.818+0000] GC(423) ParOldGen: 1507778K->1859514K(2796544K)
[2025-08-01T02:28:55.818+0000] GC(423) Metaspace: 9712K(12544K)->9712K(12544K) NonClass: 8546K(11008K)->8546K(11008K) Class: 1166K(1536K)->1166K(1536K)
[2025-08-01T02:28:55.818+0000] GC(423) Pause Young (Allocation Failure) 2260M->2270M(3641M) 176.201ms
[2025-08-01T02:28:55.818+0000] GC(423) User=1.36s Sys=0.03s Real=0.18s
[2025-08-01T02:28:55.910+0000] GC(424) Pause Young (Allocation Failure)
[2025-08-01T02:28:56.057+0000] GC(424) PSYoungGen: 931840K->455136K(931840K)
[2025-08-01T02:28:56.057+0000] GC(424) ParOldGen: 1859514K->2203826K(2796544K)
[2025-08-01T02:28:56.057+0000] GC(424) Metaspace: 9712K(12544K)->9712K(12544K) NonClass: 8546K(11008K)->8546K(11008K) Class: 1166K(1536K)->1166K(1536K)
[2025-08-01T02:28:56.057+0000] GC(424) Pause Young (Allocation Failure) 2725M->2596M(3641M) 146.917ms
[2025-08-01T02:28:56.057+0000] GC(424) User=1.15s Sys=0.00s Real=0.15s
[2025-08-01T02:28:56.142+0000] GC(425) Pause Young (Allocation Failure)
[2025-08-01T02:28:56.374+0000] GC(425) PSYoungGen: 921056K->465920K(931840K)
[2025-08-01T02:28:56.374+0000] GC(425) ParOldGen: 2203826K->2536642K(2796544K)
[2025-08-01T02:28:56.374+0000] GC(425) Metaspace: 9712K(12544K)->9712K(12544K) NonClass: 8546K(11008K)->8546K(11008K) Class: 1166K(1536K)->1166K(1536K)
[2025-08-01T02:28:56.374+0000] GC(425) Pause Young (Allocation Failure) 3051M->2932M(3641M) 231.870ms
[2025-08-01T02:28:56.374+0000] GC(425) User=1.79s Sys=0.04s Real=0.24s
[2025-08-01T02:28:56.374+0000] GC(426) Pause Full (Ergonomics)
[2025-08-01T02:28:56.374+0000] GC(426) Marking Phase
[2025-08-01T02:28:56.439+0000] GC(426) Marking Phase 65.319ms
[2025-08-01T02:28:56.440+0000] GC(426) Summary Phase
[2025-08-01T02:28:56.440+0000] GC(426) Summary Phase 0.102ms
[2025-08-01T02:28:56.440+0000] GC(426) Adjust Roots
[2025-08-01T02:28:56.441+0000] GC(426) Adjust Roots 1.817ms
[2025-08-01T02:28:56.442+0000] GC(426) Compaction Phase
[2025-08-01T02:28:56.633+0000] GC(426) Compaction Phase 191.404ms
[2025-08-01T02:28:56.633+0000] GC(426) Post Compact
[2025-08-01T02:28:56.652+0000] GC(426) Post Compact 19.283ms
[2025-08-01T02:28:56.652+0000] GC(426) PSYoungGen: 465920K->0K(931840K)
[2025-08-01T02:28:56.652+0000] GC(426) ParOldGen: 2536642K->1122414K(2796544K)
[2025-08-01T02:28:56.652+0000] GC(426) Metaspace: 9712K(12544K)->9712K(12544K) NonClass: 8546K(11008K)->8546K(11008K) Class: 1166K(1536K)->1166K(1536K)
[2025-08-01T02:28:56.653+0000] GC(426) Pause Full (Ergonomics) 2932M->1096M(3641M) 278.398ms
[2025-08-01T02:28:56.653+0000] GC(426) User=2.00s Sys=0.03s Real=0.27s
[2025-08-01T02:28:56.742+0000] GC(427) Pause Young (Allocation Failure)
[2025-08-01T02:28:56.847+0000] GC(427) PSYoungGen: 465920K->328448K(931840K)
[2025-08-01T02:28:56.847+0000] GC(427) ParOldGen: 1122414K->1122414K(2796544K)
[2025-08-01T02:28:56.847+0000] GC(427) Metaspace: 9712K(12544K)->9712K(12544K) NonClass: 8546K(11008K)->8546K(11008K) Class: 1166K(1536K)->1166K(1536K)
[2025-08-01T02:28:56.847+0000] GC(427) Pause Young (Allocation Failure) 1551M->1416M(3641M) 104.833ms
[2025-08-01T02:28:56.847+0000] GC(427) User=0.79s Sys=0.02s Real=0.11s
[2025-08-01T02:28:56.933+0000] GC(428) Pause Young (Allocation Failure)
[2025-08-01T02:28:57.112+0000] GC(428) PSYoungGen: 794368K->465920K(931840K)
[2025-08-01T02:28:57.112+0000] GC(428) ParOldGen: 1122414K->1460646K(2796544K)
[2025-08-01T02:28:57.113+0000] GC(428) Metaspace: 9712K(12544K)->9712K(12544K) NonClass: 8546K(11008K)->8546K(11008K) Class: 1166K(1536K)->1166K(1536K)
[2025-08-01T02:28:57.113+0000] GC(428) Pause Young (Allocation Failure) 1871M->1881M(3641M) 179.053ms
[2025-08-01T02:28:57.113+0000] GC(428) User=1.36s Sys=0.03s Real=0.17s
[2025-08-01T02:28:57.251+0000] GC(429) Pause Young (Allocation Failure)
[2025-08-01T02:28:57.496+0000] GC(429) PSYoungGen: 931840K->329792K(931840K)
[2025-08-01T02:28:57.496+0000] GC(429) ParOldGen: 1460646K->1695246K(2796544K)
[2025-08-01T02:28:57.496+0000] GC(429) Metaspace: 9712K(12544K)->9712K(12544K) NonClass: 8546K(11008K)->8546K(11008K) Class: 1166K(1536K)->1166K(1536K)
[2025-08-01T02:28:57.496+0000] GC(429) Pause Young (Allocation Failure) 2336M->1977M(3641M) 245.342ms
[2025-08-01T02:28:57.496+0000] GC(429) User=1.86s Sys=0.06s Real=0.25s
[2025-08-01T02:28:57.586+0000] GC(430) Pause Young (Allocation Failure)
[2025-08-01T02:28:57.733+0000] GC(430) PSYoungGen: 795712K->465920K(931840K)
[2025-08-01T02:28:57.733+0000] GC(430) ParOldGen: 1695246K->2034934K(2796544K)
[2025-08-01T02:28:57.733+0000] GC(430) Metaspace: 9712K(12544K)->9712K(12544K) NonClass: 8546K(11008K)->8546K(11008K) Class: 1166K(1536K)->1166K(1536K)
[2025-08-01T02:28:57.733+0000] GC(430) Pause Young (Allocation Failure) 2432M->2442M(3641M) 146.818ms
[2025-08-01T02:28:57.733+0000] GC(430) User=1.16s Sys=0.00s Real=0.15s
[2025-08-01T02:28:57.826+0000] GC(431) Pause Young (Allocation Failure)
[2025-08-01T02:28:57.940+0000] GC(431) PSYoungGen: 931840K->332480K(931840K)
[2025-08-01T02:28:57.940+0000] GC(431) ParOldGen: 2034934K->2273550K(2796544K)
[2025-08-01T02:28:57.940+0000] GC(431) Metaspace: 9712K(12544K)->9712K(12544K) NonClass: 8546K(11008K)->8546K(11008K) Class: 1166K(1536K)->1166K(1536K)
[2025-08-01T02:28:57.940+0000] GC(431) Pause Young (Allocation Failure) 2897M->2544M(3641M) 114.786ms
[2025-08-01T02:28:57.940+0000] GC(431) User=0.89s Sys=0.01s Real=0.11s
[2025-08-01T02:28:58.040+0000] GC(432) Pause Young (Allocation Failure)
[2025-08-01T02:28:58.253+0000] GC(432) PSYoungGen: 798400K->465920K(931840K)
[2025-08-01T02:28:58.253+0000] GC(432) ParOldGen: 2273550K->2618430K(2796544K)
[2025-08-01T02:28:58.253+0000] GC(432) Metaspace: 9712K(12544K)->9712K(12544K) NonClass: 8546K(11008K)->8546K(11008K) Class: 1166K(1536K)->1166K(1536K)
[2025-08-01T02:28:58.253+0000] GC(432) Pause Young (Allocation Failure) 2999M->3012M(3641M) 212.462ms
[2025-08-01T02:28:58.253+0000] GC(432) User=1.55s Sys=0.07s Real=0.21s
[2025-08-01T02:28:58.253+0000] GC(433) Pause Full (Ergonomics)
[2025-08-01T02:28:58.253+0000] GC(433) Marking Phase
[2025-08-01T02:28:58.311+0000] GC(433) Marking Phase 57.962ms
[2025-08-01T02:28:58.311+0000] GC(433) Summary Phase
[2025-08-01T02:28:58.311+0000] GC(433) Summary Phase 0.103ms
[2025-08-01T02:28:58.311+0000] GC(433) Adjust Roots
[2025-08-01T02:28:58.313+0000] GC(433) Adjust Roots 1.814ms
[2025-08-01T02:28:58.313+0000] GC(433) Compaction Phase
[2025-08-01T02:28:58.498+0000] GC(433) Compaction Phase 185.245ms
[2025-08-01T02:28:58.498+0000] GC(433) Post Compact
[2025-08-01T02:28:58.518+0000] GC(433) Post Compact 19.457ms
[2025-08-01T02:28:58.518+0000] GC(433) PSYoungGen: 465920K->0K(931840K)
[2025-08-01T02:28:58.518+0000] GC(433) ParOldGen: 2618430K->1137067K(2796544K)
[2025-08-01T02:28:58.518+0000] GC(433) Metaspace: 9712K(12544K)->9712K(12544K) NonClass: 8546K(11008K)->8546K(11008K) Class: 1166K(1536K)->1166K(1536K)
[2025-08-01T02:28:58.518+0000] GC(433) Pause Full (Ergonomics) 3012M->1110M(3641M) 265.095ms
[2025-08-01T02:28:58.518+0000] GC(433) User=1.92s Sys=0.00s Real=0.26s
[2025-08-01T02:28:58.657+0000] GC(434) Pause Young (Allocation Failure)
[2025-08-01T02:28:58.739+0000] GC(434) PSYoungGen: 465920K->313888K(931840K)
[2025-08-01T02:28:58.739+0000] GC(434) ParOldGen: 1137067K->1137067K(2796544K)
[2025-08-01T02:28:58.739+0000] GC(434) Metaspace: 9712K(12544K)->9712K(12544K) NonClass: 8546K(11008K)->8546K(11008K) Class: 1166K(1536K)->1166K(1536K)
[2025-08-01T02:28:58.739+0000] GC(434) Pause Young (Allocation Failure) 1565M->1416M(3641M) 81.993ms
[2025-08-01T02:28:58.739+0000] GC(434) User=0.62s Sys=0.01s Real=0.08s
[2025-08-01T02:28:58.832+0000] GC(435) Pause Young (Allocation Failure)
[2025-08-01T02:28:59.006+0000] GC(435) PSYoungGen: 779808K->465920K(931840K)
[2025-08-01T02:28:59.006+0000] GC(435) ParOldGen: 1137067K->1460475K(2796544K)
[2025-08-01T02:28:59.006+0000] GC(435) Metaspace: 9712K(12544K)->9712K(12544K) NonClass: 8546K(11008K)->8546K(11008K) Class: 1166K(1536K)->1166K(1536K)
[2025-08-01T02:28:59.006+0000] GC(435) Pause Young (Allocation Failure) 1871M->1881M(3641M) 174.870ms
[2025-08-01T02:28:59.007+0000] GC(435) User=1.35s Sys=0.04s Real=0.18s
[2025-08-01T02:28:59.100+0000] GC(436) Pause Young (Allocation Failure)
[2025-08-01T02:28:59.223+0000] GC(436) PSYoungGen: 931840K->345632K(931840K)
[2025-08-01T02:28:59.223+0000] GC(436) ParOldGen: 1460475K->1695955K(2796544K)
[2025-08-01T02:28:59.223+0000] GC(436) Metaspace: 9712K(12544K)->9712K(12544K) NonClass: 8546K(11008K)->8546K(11008K) Class: 1166K(1536K)->1166K(1536K)
[2025-08-01T02:28:59.223+0000] GC(436) Pause Young (Allocation Failure) 2336M->1993M(3641M) 122.858ms
[2025-08-01T02:28:59.223+0000] GC(436) User=0.93s Sys=0.02s Real=0.13s
[2025-08-01T02:28:59.319+0000] GC(437) Pause Young (Allocation Failure)
[2025-08-01T02:28:59.537+0000] GC(437) PSYoungGen: 811552K->465920K(931840K)
[2025-08-01T02:28:59.537+0000] GC(437) ParOldGen: 1695955K->2053355K(2796544K)
[2025-08-01T02:28:59.537+0000] GC(437) Metaspace: 9712K(12544K)->9712K(12544K) NonClass: 8546K(11008K)->8546K(11008K) Class: 1166K(1536K)->1166K(1536K)
[2025-08-01T02:28:59.537+0000] GC(437) Pause Young (Allocation Failure) 2448M->2460M(3641M) 217.668ms
[2025-08-01T02:28:59.537+0000] GC(437) User=1.68s Sys=0.05s Real=0.22s
[2025-08-01T02:28:59.623+0000] GC(438) Pause Young (Allocation Failure)
[2025-08-01T02:28:59.769+0000] GC(438) PSYoungGen: 931840K->440480K(931840K)
[2025-08-01T02:28:59.769+0000] GC(438) ParOldGen: 2053355K->2414659K(2796544K)
[2025-08-01T02:28:59.769+0000] GC(438) Metaspace: 9712K(12544K)->9712K(12544K) NonClass: 8546K(11008K)->8546K(11008K) Class: 1166K(1536K)->1166K(1536K)
[2025-08-01T02:28:59.769+0000] GC(438) Pause Young (Allocation Failure) 2915M->2788M(3641M) 145.262ms
[2025-08-01T02:28:59.769+0000] GC(438) User=1.14s Sys=0.01s Real=0.14s
[2025-08-01T02:28:59.769+0000] GC(439) Pause Full (Ergonomics)
[2025-08-01T02:28:59.769+0000] GC(439) Marking Phase
[2025-08-01T02:28:59.828+0000] GC(439) Marking Phase 58.675ms
[2025-08-01T02:28:59.828+0000] GC(439) Summary Phase
[2025-08-01T02:28:59.828+0000] GC(439) Summary Phase 0.198ms
[2025-08-01T02:28:59.828+0000] GC(439) Adjust Roots
[2025-08-01T02:28:59.830+0000] GC(439) Adjust Roots 1.767ms
[2025-08-01T02:28:59.830+0000] GC(439) Compaction Phase
[2025-08-01T02:29:00.021+0000] GC(439) Compaction Phase 190.862ms
[2025-08-01T02:29:00.021+0000] GC(439) Post Compact
[2025-08-01T02:29:00.038+0000] GC(439) Post Compact 16.715ms
[2025-08-01T02:29:00.038+0000] GC(439) PSYoungGen: 440480K->0K(931840K)
[2025-08-01T02:29:00.038+0000] GC(439) ParOldGen: 2414659K->1147699K(2796544K)
[2025-08-01T02:29:00.038+0000] GC(439) Metaspace: 9712K(12544K)->9712K(12544K) NonClass: 8546K(11008K)->8546K(11008K) Class: 1166K(1536K)->1166K(1536K)
[2025-08-01T02:29:00.038+0000] GC(439) Pause Full (Ergonomics) 2788M->1120M(3641M) 268.975ms
[2025-08-01T02:29:00.038+0000] GC(439) User=1.95s Sys=0.01s Real=0.27s
[2025-08-01T02:29:00.177+0000] GC(440) Pause Young (Allocation Failure)
[2025-08-01T02:29:00.336+0000] GC(440) PSYoungGen: 465920K->324672K(931840K)
[2025-08-01T02:29:00.336+0000] GC(440) ParOldGen: 1147699K->1147699K(2796544K)
[2025-08-01T02:29:00.336+0000] GC(440) Metaspace: 9712K(12544K)->9712K(12544K) NonClass: 8546K(11008K)->8546K(11008K) Class: 1166K(1536K)->1166K(1536K)
[2025-08-01T02:29:00.336+0000] GC(440) Pause Young (Allocation Failure) 1575M->1437M(3641M) 158.989ms
[2025-08-01T02:29:00.336+0000] GC(440) User=1.10s Sys=0.05s Real=0.16s
[2025-08-01T02:29:00.439+0000] GC(441) Pause Young (Allocation Failure)
[2025-08-01T02:29:00.581+0000] GC(441) PSYoungGen: 790592K->388160K(931840K)
[2025-08-01T02:29:00.581+0000] GC(441) ParOldGen: 1147699K->1364891K(2796544K)
[2025-08-01T02:29:00.581+0000] GC(441) Metaspace: 9712K(12544K)->9712K(12544K) NonClass: 8546K(11008K)->8546K(11008K) Class: 1166K(1536K)->1166K(1536K)
[2025-08-01T02:29:00.581+0000] GC(441) Pause Young (Allocation Failure) 1892M->1711M(3641M) 142.818ms
[2025-08-01T02:29:00.581+0000] GC(441) User=1.06s Sys=0.03s Real=0.14s
[2025-08-01T02:29:00.670+0000] GC(442) Pause Young (Allocation Failure)
[2025-08-01T02:29:00.825+0000] GC(442) PSYoungGen: 854080K->465920K(931840K)
[2025-08-01T02:29:00.825+0000] GC(442) ParOldGen: 1364891K->1764131K(2796544K)
[2025-08-01T02:29:00.825+0000] GC(442) Metaspace: 9712K(12544K)->9712K(12544K) NonClass: 8546K(11008K)->8546K(11008K) Class: 1166K(1536K)->1166K(1536K)
[2025-08-01T02:29:00.825+0000] GC(442) Pause Young (Allocation Failure) 2166M->2177M(3641M) 154.186ms
[2025-08-01T02:29:00.825+0000] GC(442) User=1.21s Sys=0.00s Real=0.16s
[2025-08-01T02:29:00.922+0000] GC(443) Pause Young (Allocation Failure)
[2025-08-01T02:29:01.127+0000] GC(443) PSYoungGen: 931840K->434336K(931840K)
[2025-08-01T02:29:01.127+0000] GC(443) ParOldGen: 1764131K->2109539K(2796544K)
[2025-08-01T02:29:01.127+0000] GC(443) Metaspace: 9712K(12544K)->9712K(12544K) NonClass: 8546K(11008K)->8546K(11008K) Class: 1166K(1536K)->1166K(1536K)
[2025-08-01T02:29:01.127+0000] GC(443) Pause Young (Allocation Failure) 2632M->2484M(3641M) 205.222ms
[2025-08-01T02:29:01.127+0000] GC(443) User=1.58s Sys=0.05s Real=0.21s
[2025-08-01T02:29:01.218+0000] GC(444) Pause Young (Allocation Failure)
[2025-08-01T02:29:01.469+0000] GC(444) PSYoungGen: 900256K->441568K(931840K)
[2025-08-01T02:29:01.469+0000] GC(444) ParOldGen: 2109539K->2431219K(2796544K)
[2025-08-01T02:29:01.469+0000] GC(444) Metaspace: 9712K(12544K)->9712K(12544K) NonClass: 8546K(11008K)->8546K(11008K) Class: 1166K(1536K)->1166K(1536K)
[2025-08-01T02:29:01.469+0000] GC(444) Pause Young (Allocation Failure) 2939M->2805M(3641M) 250.926ms
[2025-08-01T02:29:01.469+0000] GC(444) User=1.84s Sys=0.10s Real=0.25s
[2025-08-01T02:29:01.469+0000] GC(445) Pause Full (Ergonomics)
[2025-08-01T02:29:01.469+0000] GC(445) Marking Phase
[2025-08-01T02:29:01.535+0000] GC(445) Marking Phase 65.181ms
[2025-08-01T02:29:01.535+0000] GC(445) Summary Phase
[2025-08-01T02:29:01.535+0000] GC(445) Summary Phase 0.097ms
[2025-08-01T02:29:01.535+0000] GC(445) Adjust Roots
[2025-08-01T02:29:01.537+0000] GC(445) Adjust Roots 1.884ms
[2025-08-01T02:29:01.537+0000] GC(445) Compaction Phase
[2025-08-01T02:29:01.713+0000] GC(445) Compaction Phase 176.863ms
[2025-08-01T02:29:01.714+0000] GC(445) Post Compact
[2025-08-01T02:29:01.734+0000] GC(445) Post Compact 20.381ms
[2025-08-01T02:29:01.734+0000] GC(445) PSYoungGen: 441568K->0K(931840K)
[2025-08-01T02:29:01.734+0000] GC(445) ParOldGen: 2431219K->1159101K(2796544K)
[2025-08-01T02:29:01.734+0000] GC(445) Metaspace: 9712K(12544K)->9712K(12544K) NonClass: 8546K(11008K)->8546K(11008K) Class: 1166K(1536K)->1166K(1536K)
[2025-08-01T02:29:01.734+0000] GC(445) Pause Full (Ergonomics) 2805M->1131M(3641M) 264.758ms
[2025-08-01T02:29:01.734+0000] GC(445) User=1.92s Sys=0.00s Real=0.27s
[2025-08-01T02:29:01.822+0000] GC(446) Pause Young (Allocation Failure)
[2025-08-01T02:29:01.944+0000] GC(446) PSYoungGen: 465920K->423488K(931840K)
[2025-08-01T02:29:01.944+0000] GC(446) ParOldGen: 1159101K->1159101K(2796544K)
[2025-08-01T02:29:01.944+0000] GC(446) Metaspace: 9712K(12544K)->9712K(12544K) NonClass: 8546K(11008K)->8546K(11008K) Class: 1166K(1536K)->1166K(1536K)
[2025-08-01T02:29:01.944+0000] GC(446) Pause Young (Allocation Failure) 1586M->1545M(3641M) 122.542ms
[2025-08-01T02:29:01.945+0000] GC(446) User=0.93s Sys=0.01s Real=0.13s
[2025-08-01T02:29:02.035+0000] GC(447) Pause Young (Allocation Failure)
[2025-08-01T02:29:02.233+0000] GC(447) PSYoungGen: 889408K->465920K(931840K)
[2025-08-01T02:29:02.233+0000] GC(447) ParOldGen: 1159101K->1592165K(2796544K)
[2025-08-01T02:29:02.233+0000] GC(447) Metaspace: 9712K(12544K)->9712K(12544K) NonClass: 8546K(11008K)->8546K(11008K) Class: 1166K(1536K)->1166K(1536K)
[2025-08-01T02:29:02.233+0000] GC(447) Pause Young (Allocation Failure) 2000M->2009M(3641M) 198.462ms
[2025-08-01T02:29:02.233+0000] GC(447) User=1.54s Sys=0.03s Real=0.20s
[2025-08-01T02:29:02.322+0000] GC(448) Pause Young (Allocation Failure)
[2025-08-01T02:29:02.486+0000] GC(448) PSYoungGen: 931840K->448640K(931840K)
[2025-08-01T02:29:02.486+0000] GC(448) ParOldGen: 1592165K->1948333K(2796544K)
[2025-08-01T02:29:02.486+0000] GC(448) Metaspace: 9712K(12544K)->9712K(12544K) NonClass: 8546K(11008K)->8546K(11008K) Class: 1166K(1536K)->1166K(1536K)
[2025-08-01T02:29:02.486+0000] GC(448) Pause Young (Allocation Failure) 2464M->2340M(3641M) 164.448ms
[2025-08-01T02:29:02.486+0000] GC(448) User=1.25s Sys=0.03s Real=0.17s
[2025-08-01T02:29:02.584+0000] GC(449) Pause Young (Allocation Failure)
[2025-08-01T02:29:02.795+0000] GC(449) PSYoungGen: 914560K->428064K(931840K)
[2025-08-01T02:29:02.795+0000] GC(449) ParOldGen: 1948333K->2283293K(2796544K)
[2025-08-01T02:29:02.795+0000] GC(449) Metaspace: 9712K(12544K)->9712K(12544K) NonClass: 8546K(11008K)->8546K(11008K) Class: 1166K(1536K)->1166K(1536K)
[2025-08-01T02:29:02.795+0000] GC(449) Pause Young (Allocation Failure) 2795M->2647M(3641M) 210.628ms
[2025-08-01T02:29:02.795+0000] GC(449) User=1.62s Sys=0.04s Real=0.21s
[2025-08-01T02:29:02.795+0000] GC(450) Pause Full (Ergonomics)
[2025-08-01T02:29:02.795+0000] GC(450) Marking Phase
[2025-08-01T02:29:02.861+0000] GC(450) Marking Phase 65.842ms
[2025-08-01T02:29:02.861+0000] GC(450) Summary Phase
[2025-08-01T02:29:02.861+0000] GC(450) Summary Phase 0.094ms
[2025-08-01T02:29:02.861+0000] GC(450) Adjust Roots
[2025-08-01T02:29:02.863+0000] GC(450) Adjust Roots 1.600ms
[2025-08-01T02:29:02.863+0000] GC(450) Compaction Phase
[2025-08-01T02:29:03.046+0000] GC(450) Compaction Phase 183.271ms
[2025-08-01T02:29:03.046+0000] GC(450) Post Compact
[2025-08-01T02:29:03.064+0000] GC(450) Post Compact 17.520ms
[2025-08-01T02:29:03.064+0000] GC(450) PSYoungGen: 428064K->0K(931840K)
[2025-08-01T02:29:03.064+0000] GC(450) ParOldGen: 2283293K->1161577K(2796544K)
[2025-08-01T02:29:03.064+0000] GC(450) Metaspace: 9712K(12544K)->9712K(12544K) NonClass: 8546K(11008K)->8546K(11008K) Class: 1166K(1536K)->1166K(1536K)
[2025-08-01T02:29:03.064+0000] GC(450) Pause Full (Ergonomics) 2647M->1134M(3641M) 268.680ms
[2025-08-01T02:29:03.064+0000] GC(450) User=1.96s Sys=0.01s Real=0.27s
[2025-08-01T02:29:03.157+0000] GC(451) Pause Young (Allocation Failure)
[2025-08-01T02:29:03.285+0000] GC(451) PSYoungGen: 465920K->401312K(931840K)
[2025-08-01T02:29:03.285+0000] GC(451) ParOldGen: 1161577K->1161577K(2796544K)
[2025-08-01T02:29:03.285+0000] GC(451) Metaspace: 9712K(12544K)->9712K(12544K) NonClass: 8546K(11008K)->8546K(11008K) Class: 1166K(1536K)->1166K(1536K)
[2025-08-01T02:29:03.285+0000] GC(451) Pause Young (Allocation Failure) 1589M->1526M(3641M) 128.412ms
[2025-08-01T02:29:03.285+0000] GC(451) User=0.95s Sys=0.05s Real=0.13s
[2025-08-01T02:29:03.373+0000] GC(452) Pause Young (Allocation Failure)
[2025-08-01T02:29:03.567+0000] GC(452) PSYoungGen: 867232K->465920K(931840K)
[2025-08-01T02:29:03.567+0000] GC(452) ParOldGen: 1161577K->1574121K(2796544K)
[2025-08-01T02:29:03.567+0000] GC(452) Metaspace: 9712K(12544K)->9712K(12544K) NonClass: 8546K(11008K)->8546K(11008K) Class: 1166K(1536K)->1166K(1536K)
[2025-08-01T02:29:03.567+0000] GC(452) Pause Young (Allocation Failure) 1981M->1992M(3641M) 193.711ms
[2025-08-01T02:29:03.567+0000] GC(452) User=1.43s Sys=0.05s Real=0.19s
[2025-08-01T02:29:03.656+0000] GC(453) Pause Young (Allocation Failure)
[2025-08-01T02:29:03.817+0000] GC(453) PSYoungGen: 931840K->465920K(931840K)
[2025-08-01T02:29:03.817+0000] GC(453) ParOldGen: 1574121K->1931561K(2796544K)
[2025-08-01T02:29:03.817+0000] GC(453) Metaspace: 9712K(12544K)->9712K(12544K) NonClass: 8546K(11008K)->8546K(11008K) Class: 1166K(1536K)->1166K(1536K)
[2025-08-01T02:29:03.817+0000] GC(453) Pause Young (Allocation Failure) 2447M->2341M(3641M) 161.315ms
[2025-08-01T02:29:03.817+0000] GC(453) User=1.25s Sys=0.02s Real=0.16s
[2025-08-01T02:29:03.901+0000] GC(454) Pause Young (Allocation Failure)
[2025-08-01T02:29:04.104+0000] GC(454) PSYoungGen: 931840K->322816K(931840K)
[2025-08-01T02:29:04.104+0000] GC(454) ParOldGen: 1931561K->2123937K(2796544K)
[2025-08-01T02:29:04.104+0000] GC(454) Metaspace: 9712K(12544K)->9712K(12544K) NonClass: 8546K(11008K)->8546K(11008K) Class: 1166K(1536K)->1166K(1536K)
[2025-08-01T02:29:04.104+0000] GC(454) Pause Young (Allocation Failure) 2796M->2389M(3641M) 202.520ms
[2025-08-01T02:29:04.104+0000] GC(454) User=1.54s Sys=0.07s Real=0.21s
[2025-08-01T02:29:04.189+0000] GC(455) Pause Young (Allocation Failure)
[2025-08-01T02:29:04.322+0000] GC(455) PSYoungGen: 788736K->406400K(931840K)
[2025-08-01T02:29:04.322+0000] GC(455) ParOldGen: 2123937K->2325913K(2796544K)
[2025-08-01T02:29:04.322+0000] GC(455) Metaspace: 9712K(12544K)->9712K(12544K) NonClass: 8546K(11008K)->8546K(11008K) Class: 1166K(1536K)->1166K(1536K)
[2025-08-01T02:29:04.322+0000] GC(455) Pause Young (Allocation Failure) 2844M->2668M(3641M) 133.109ms
[2025-08-01T02:29:04.322+0000] GC(455) User=1.02s Sys=0.02s Real=0.13s
[2025-08-01T02:29:04.322+0000] GC(456) Pause Full (Ergonomics)
[2025-08-01T02:29:04.322+0000] GC(456) Marking Phase
[2025-08-01T02:29:04.361+0000] GC(456) Marking Phase 38.439ms
[2025-08-01T02:29:04.361+0000] GC(456) Summary Phase
[2025-08-01T02:29:04.361+0000] GC(456) Summary Phase 0.083ms
[2025-08-01T02:29:04.361+0000] GC(456) Adjust Roots
[2025-08-01T02:29:04.363+0000] GC(456) Adjust Roots 1.818ms
[2025-08-01T02:29:04.363+0000] GC(456) Compaction Phase
[2025-08-01T02:29:04.470+0000] GC(456) Compaction Phase 107.872ms
[2025-08-01T02:29:04.471+0000] GC(456) Post Compact
[2025-08-01T02:29:04.487+0000] GC(456) Post Compact 16.412ms
[2025-08-01T02:29:04.487+0000] GC(456) PSYoungGen: 406400K->0K(931840K)
[2025-08-01T02:29:04.487+0000] GC(456) ParOldGen: 2325913K->708829K(2796544K)
[2025-08-01T02:29:04.487+0000] GC(456) Metaspace: 9712K(12544K)->9712K(12544K) NonClass: 8546K(11008K)->8546K(11008K) Class: 1166K(1536K)->1166K(1536K)
[2025-08-01T02:29:04.487+0000] GC(456) Pause Full (Ergonomics) 2668M->692M(3641M) 165.090ms
[2025-08-01T02:29:04.487+0000] GC(456) User=1.14s Sys=0.00s Real=0.17s
[2025-08-01T02:29:04.577+0000] GC(457) Pause Young (Allocation Failure)
[2025-08-01T02:29:04.697+0000] GC(457) PSYoungGen: 465920K->465920K(931840K)
[2025-08-01T02:29:04.697+0000] GC(457) ParOldGen: 708829K->715629K(2796544K)
[2025-08-01T02:29:04.697+0000] GC(457) Metaspace: 9712K(12544K)->9712K(12544K) NonClass: 8546K(11008K)->8546K(11008K) Class: 1166K(1536K)->1166K(1536K)
[2025-08-01T02:29:04.697+0000] GC(457) Pause Young (Allocation Failure) 1147M->1153M(3641M) 120.688ms
[2025-08-01T02:29:04.697+0000] GC(457) User=0.92s Sys=0.02s Real=0.12s
[2025-08-01T02:29:04.786+0000] GC(458) Pause Young (Allocation Failure)
[2025-08-01T02:29:04.939+0000] GC(458) PSYoungGen: 931840K->438784K(931840K)
[2025-08-01T02:29:04.939+0000] GC(458) ParOldGen: 715629K->1080053K(2796544K)
[2025-08-01T02:29:04.940+0000] GC(458) Metaspace: 9712K(12544K)->9712K(12544K) NonClass: 8546K(11008K)->8546K(11008K) Class: 1166K(1536K)->1166K(1536K)
[2025-08-01T02:29:04.940+0000] GC(458) Pause Young (Allocation Failure) 1608M->1483M(3641M) 153.580ms
[2025-08-01T02:29:04.940+0000] GC(458) User=1.19s Sys=0.02s Real=0.15s
[2025-08-01T02:29:05.029+0000] GC(459) Pause Young (Allocation Failure)
[2025-08-01T02:29:05.171+0000] GC(459) PSYoungGen: 904704K->336480K(931840K)
[2025-08-01T02:29:05.171+0000] GC(459) ParOldGen: 1080053K->1276637K(2796544K)
[2025-08-01T02:29:05.171+0000] GC(459) Metaspace: 9712K(12544K)->9712K(12544K) NonClass: 8546K(11008K)->8546K(11008K) Class: 1166K(1536K)->1166K(1536K)
[2025-08-01T02:29:05.171+0000] GC(459) Pause Young (Allocation Failure) 1938M->1575M(3641M) 142.587ms
[2025-08-01T02:29:05.171+0000] GC(459) User=1.08s Sys=0.05s Real=0.14s
[2025-08-01T02:29:05.256+0000] GC(460) Pause Young (Allocation Failure)
[2025-08-01T02:29:05.419+0000] GC(460) PSYoungGen: 802400K->433440K(931840K)
[2025-08-01T02:29:05.419+0000] GC(460) ParOldGen: 1276637K->1466573K(2796544K)
[2025-08-01T02:29:05.419+0000] GC(460) Metaspace: 9712K(12544K)->9712K(12544K) NonClass: 8546K(11008K)->8546K(11008K) Class: 1166K(1536K)->1166K(1536K)
[2025-08-01T02:29:05.419+0000] GC(460) Pause Young (Allocation Failure) 2030M->1855M(3641M) 163.829ms
[2025-08-01T02:29:05.419+0000] GC(460) User=1.23s Sys=0.04s Real=0.16s
[2025-08-01T02:29:05.504+0000] GC(461) Pause Young (Allocation Failure)
[2025-08-01T02:29:05.710+0000] GC(461) PSYoungGen: 899360K->465920K(931840K)
[2025-08-01T02:29:05.710+0000] GC(461) ParOldGen: 1466573K->1912133K(2796544K)
[2025-08-01T02:29:05.710+0000] GC(461) Metaspace: 9712K(12544K)->9712K(12544K) NonClass: 8546K(11008K)->8546K(11008K) Class: 1166K(1536K)->1166K(1536K)
[2025-08-01T02:29:05.710+0000] GC(461) Pause Young (Allocation Failure) 2310M->2322M(3641M) 206.574ms
[2025-08-01T02:29:05.710+0000] GC(461) User=1.52s Sys=0.08s Real=0.20s
[2025-08-01T02:29:05.799+0000] GC(462) Pause Young (Allocation Failure)
[2025-08-01T02:29:05.956+0000] GC(462) PSYoungGen: 931840K->447104K(931840K)
[2025-08-01T02:29:05.956+0000] GC(462) ParOldGen: 1912133K->2253317K(2796544K)
[2025-08-01T02:29:05.956+0000] GC(462) Metaspace: 9712K(12544K)->9712K(12544K) NonClass: 8546K(11008K)->8546K(11008K) Class: 1166K(1536K)->1166K(1536K)
[2025-08-01T02:29:05.956+0000] GC(462) Pause Young (Allocation Failure) 2777M->2637M(3641M) 157.675ms
[2025-08-01T02:29:05.956+0000] GC(462) User=1.21s Sys=0.02s Real=0.16s
[2025-08-01T02:29:05.956+0000] GC(463) Pause Full (Ergonomics)
[2025-08-01T02:29:05.957+0000] GC(463) Marking Phase
[2025-08-01T02:29:06.014+0000] GC(463) Marking Phase 57.596ms
[2025-08-01T02:29:06.014+0000] GC(463) Summary Phase
[2025-08-01T02:29:06.014+0000] GC(463) Summary Phase 0.096ms
[2025-08-01T02:29:06.014+0000] GC(463) Adjust Roots
[2025-08-01T02:29:06.016+0000] GC(463) Adjust Roots 1.871ms
[2025-08-01T02:29:06.016+0000] GC(463) Compaction Phase
[2025-08-01T02:29:06.227+0000] GC(463) Compaction Phase 210.340ms
[2025-08-01T02:29:06.227+0000] GC(463) Post Compact
[2025-08-01T02:29:06.245+0000] GC(463) Post Compact 18.684ms
[2025-08-01T02:29:06.245+0000] GC(463) PSYoungGen: 447104K->0K(931840K)
[2025-08-01T02:29:06.245+0000] GC(463) ParOldGen: 2253317K->1181896K(2796544K)
[2025-08-01T02:29:06.245+0000] GC(463) Metaspace: 9712K(12544K)->9712K(12544K) NonClass: 8546K(11008K)->8546K(11008K) Class: 1166K(1536K)->1166K(1536K)
[2025-08-01T02:29:06.245+0000] GC(463) Pause Full (Ergonomics) 2637M->1154M(3641M) 289.002ms
[2025-08-01T02:29:06.246+0000] GC(463) User=2.08s Sys=0.04s Real=0.29s
[2025-08-01T02:29:06.332+0000] GC(464) Pause Young (Allocation Failure)
[2025-08-01T02:29:06.454+0000] GC(464) PSYoungGen: 465920K->431584K(931840K)
[2025-08-01T02:29:06.454+0000] GC(464) ParOldGen: 1181896K->1181896K(2796544K)
[2025-08-01T02:29:06.454+0000] GC(464) Metaspace: 9712K(12544K)->9712K(12544K) NonClass: 8546K(11008K)->8546K(11008K) Class: 1166K(1536K)->1166K(1536K)
[2025-08-01T02:29:06.454+0000] GC(464) Pause Young (Allocation Failure) 1609M->1575M(3641M) 122.083ms
[2025-08-01T02:29:06.454+0000] GC(464) User=0.92s Sys=0.02s Real=0.13s
[2025-08-01T02:29:06.544+0000] GC(465) Pause Young (Allocation Failure)
[2025-08-01T02:29:06.762+0000] GC(465) PSYoungGen: 897504K->429760K(931840K)
[2025-08-01T02:29:06.762+0000] GC(465) ParOldGen: 1181896K->1378128K(2796544K)
[2025-08-01T02:29:06.762+0000] GC(465) Metaspace: 9712K(12544K)->9712K(12544K) NonClass: 8546K(11008K)->8546K(11008K) Class: 1166K(1536K)->1166K(1536K)
[2025-08-01T02:29:06.762+0000] GC(465) Pause Young (Allocation Failure) 2030M->1765M(3641M) 217.756ms
[2025-08-01T02:29:06.762+0000] GC(465) User=1.62s Sys=0.05s Real=0.21s
[2025-08-01T02:29:06.856+0000] GC(466) Pause Young (Allocation Failure)
[2025-08-01T02:29:07.058+0000] GC(466) PSYoungGen: 895680K->364160K(931840K)
[2025-08-01T02:29:07.058+0000] GC(466) ParOldGen: 1378128K->1678480K(2796544K)
[2025-08-01T02:29:07.058+0000] GC(466) Metaspace: 9712K(12544K)->9712K(12544K) NonClass: 8546K(11008K)->8546K(11008K) Class: 1166K(1536K)->1166K(1536K)
[2025-08-01T02:29:07.058+0000] GC(466) Pause Young (Allocation Failure) 2220M->1994M(3641M) 201.907ms
[2025-08-01T02:29:07.058+0000] GC(466) User=1.57s Sys=0.03s Real=0.20s
[2025-08-01T02:29:07.144+0000] GC(467) Pause Young (Allocation Failure)
[2025-08-01T02:29:07.304+0000] GC(467) PSYoungGen: 830080K->465920K(931840K)
[2025-08-01T02:29:07.304+0000] GC(467) ParOldGen: 1678480K->2052552K(2796544K)
[2025-08-01T02:29:07.304+0000] GC(467) Metaspace: 9712K(12544K)->9712K(12544K) NonClass: 8546K(11008K)->8546K(11008K) Class: 1166K(1536K)->1166K(1536K)
[2025-08-01T02:29:07.304+0000] GC(467) Pause Young (Allocation Failure) 2449M->2459M(3641M) 159.875ms
[2025-08-01T02:29:07.304+0000] GC(467) User=1.25s Sys=0.01s Real=0.16s
[2025-08-01T02:29:07.397+0000] GC(468) Pause Young (Allocation Failure)
[2025-08-01T02:29:07.608+0000] GC(468) PSYoungGen: 931840K->305952K(931840K)
[2025-08-01T02:29:07.609+0000] GC(468) ParOldGen: 2052552K->2279096K(2796544K)
[2025-08-01T02:29:07.609+0000] GC(468) Metaspace: 9712K(12544K)->9712K(12544K) NonClass: 8546K(11008K)->8546K(11008K) Class: 1166K(1536K)->1166K(1536K)
[2025-08-01T02:29:07.609+0000] GC(468) Pause Young (Allocation Failure) 2914M->2524M(3641M) 212.078ms
[2025-08-01T02:29:07.609+0000] GC(468) User=1.62s Sys=0.06s Real=0.21s
[2025-08-01T02:29:07.698+0000] GC(469) Pause Young (Allocation Failure)
[2025-08-01T02:29:07.807+0000] GC(469) PSYoungGen: 771872K->414528K(931840K)
[2025-08-01T02:29:07.807+0000] GC(469) ParOldGen: 2279096K->2478536K(2796544K)
[2025-08-01T02:29:07.807+0000] GC(469) Metaspace: 9712K(12544K)->9712K(12544K) NonClass: 8546K(11008K)->8546K(11008K) Class: 1166K(1536K)->1166K(1536K)
[2025-08-01T02:29:07.807+0000] GC(469) Pause Young (Allocation Failure) 2979M->2825M(3641M) 109.385ms
[2025-08-01T02:29:07.807+0000] GC(469) User=0.82s Sys=0.00s Real=0.11s
[2025-08-01T02:29:07.807+0000] GC(470) Pause Full (Ergonomics)
[2025-08-01T02:29:07.807+0000] GC(470) Marking Phase
[2025-08-01T02:29:07.845+0000] GC(470) Marking Phase 38.051ms
[2025-08-01T02:29:07.845+0000] GC(470) Summary Phase
[2025-08-01T02:29:07.845+0000] GC(470) Summary Phase 0.077ms
[2025-08-01T02:29:07.845+0000] GC(470) Adjust Roots
[2025-08-01T02:29:07.847+0000] GC(470) Adjust Roots 1.606ms
[2025-08-01T02:29:07.847+0000] GC(470) Compaction Phase
[2025-08-01T02:29:07.959+0000] GC(470) Compaction Phase 111.777ms
[2025-08-01T02:29:07.959+0000] GC(470) Post Compact
[2025-08-01T02:29:07.978+0000] GC(470) Post Compact 18.680ms
[2025-08-01T02:29:07.978+0000] GC(470) PSYoungGen: 414528K->0K(931840K)
[2025-08-01T02:29:07.978+0000] GC(470) ParOldGen: 2478536K->735131K(2796544K)
[2025-08-01T02:29:07.978+0000] GC(470) Metaspace: 9712K(12544K)->9712K(12544K) NonClass: 8546K(11008K)->8546K(11008K) Class: 1166K(1536K)->1166K(1536K)
[2025-08-01T02:29:07.978+0000] GC(470) Pause Full (Ergonomics) 2825M->717M(3641M) 170.702ms
[2025-08-01T02:29:07.978+0000] GC(470) User=1.18s Sys=0.01s Real=0.17s
[2025-08-01T02:29:08.072+0000] GC(471) Pause Young (Allocation Failure)
[2025-08-01T02:29:08.161+0000] GC(471) PSYoungGen: 465920K->360992K(931840K)
[2025-08-01T02:29:08.161+0000] GC(471) ParOldGen: 735131K->735131K(2796544K)
[2025-08-01T02:29:08.161+0000] GC(471) Metaspace: 9712K(12544K)->9712K(12544K) NonClass: 8546K(11008K)->8546K(11008K) Class: 1166K(1536K)->1166K(1536K)
[2025-08-01T02:29:08.161+0000] GC(471) Pause Young (Allocation Failure) 1172M->1070M(3641M) 88.823ms
[2025-08-01T02:29:08.161+0000] GC(471) User=0.67s Sys=0.03s Real=0.09s
[2025-08-01T02:29:08.253+0000] GC(472) Pause Young (Allocation Failure)
[2025-08-01T02:29:08.465+0000] GC(472) PSYoungGen: 826912K->465920K(931840K)
[2025-08-01T02:29:08.465+0000] GC(472) ParOldGen: 735131K->1102771K(2796544K)
[2025-08-01T02:29:08.465+0000] GC(472) Metaspace: 9712K(12544K)->9712K(12544K) NonClass: 8546K(11008K)->8546K(11008K) Class: 1166K(1536K)->1166K(1536K)
[2025-08-01T02:29:08.465+0000] GC(472) Pause Young (Allocation Failure) 1525M->1531M(3641M) 212.506ms
[2025-08-01T02:29:08.465+0000] GC(472) User=1.63s Sys=0.05s Real=0.22s
[2025-08-01T02:29:08.550+0000] GC(473) Pause Young (Allocation Failure)
[2025-08-01T02:29:08.684+0000] GC(473) PSYoungGen: 931840K->284288K(931840K)
[2025-08-01T02:29:08.684+0000] GC(473) ParOldGen: 1102771K->1371299K(2796544K)
[2025-08-01T02:29:08.684+0000] GC(473) Metaspace: 9712K(12544K)->9712K(12544K) NonClass: 8546K(11008K)->8546K(11008K) Class: 1166K(1536K)->1166K(1536K)
[2025-08-01T02:29:08.684+0000] GC(473) Pause Young (Allocation Failure) 1986M->1616M(3641M) 133.705ms
[2025-08-01T02:29:08.684+0000] GC(473) User=1.03s Sys=0.02s Real=0.14s
[2025-08-01T02:29:08.773+0000] GC(474) Pause Young (Allocation Failure)
[2025-08-01T02:29:08.912+0000] GC(474) PSYoungGen: 750208K->397952K(931840K)
[2025-08-01T02:29:08.912+0000] GC(474) ParOldGen: 1371299K->1545579K(2796544K)
[2025-08-01T02:29:08.912+0000] GC(474) Metaspace: 9712K(12544K)->9712K(12544K) NonClass: 8546K(11008K)->8546K(11008K) Class: 1166K(1536K)->1166K(1536K)
[2025-08-01T02:29:08.912+0000] GC(474) Pause Young (Allocation Failure) 2071M->1897M(3641M) 139.256ms
[2025-08-01T02:29:08.912+0000] GC(474) User=0.98s Sys=0.04s Real=0.13s
[2025-08-01T02:29:09.003+0000] GC(475) Pause Young (Allocation Failure)
[2025-08-01T02:29:09.209+0000] GC(475) PSYoungGen: 863872K->415904K(931840K)
[2025-08-01T02:29:09.209+0000] GC(475) ParOldGen: 1545579K->1817683K(2796544K)
[2025-08-01T02:29:09.209+0000] GC(475) Metaspace: 9712K(12544K)->9712K(12544K) NonClass: 8546K(11008K)->8546K(11008K) Class: 1166K(1536K)->1166K(1536K)
[2025-08-01T02:29:09.209+0000] GC(475) Pause Young (Allocation Failure) 2352M->2181M(3641M) 205.678ms
[2025-08-01T02:29:09.209+0000] GC(475) User=1.56s Sys=0.06s Real=0.20s
[2025-08-01T02:29:09.299+0000] GC(476) Pause Young (Allocation Failure)
[2025-08-01T02:29:09.539+0000] GC(476) PSYoungGen: 881824K->465920K(931840K)
[2025-08-01T02:29:09.539+0000] GC(476) ParOldGen: 1817683K->2242419K(2796544K)
[2025-08-01T02:29:09.539+0000] GC(476) Metaspace: 9712K(12544K)->9712K(12544K) NonClass: 8546K(11008K)->8546K(11008K) Class: 1166K(1536K)->1166K(1536K)
[2025-08-01T02:29:09.539+0000] GC(476) Pause Young (Allocation Failure) 2636M->2644M(3641M) 240.780ms
[2025-08-01T02:29:09.539+0000] GC(476) User=1.86s Sys=0.04s Real=0.24s
[2025-08-01T02:29:09.623+0000] GC(477) Pause Young (Allocation Failure)
[2025-08-01T02:29:09.768+0000] GC(477) PSYoungGen: 931840K->277632K(931840K)
[2025-08-01T02:29:09.768+0000] GC(477) ParOldGen: 2242419K->2478963K(2796544K)
[2025-08-01T02:29:09.768+0000] GC(477) Metaspace: 9712K(12544K)->9712K(12544K) NonClass: 8546K(11008K)->8546K(11008K) Class: 1166K(1536K)->1166K(1536K)
[2025-08-01T02:29:09.768+0000] GC(477) Pause Young (Allocation Failure) 3099M->2691M(3641M) 145.023ms
[2025-08-01T02:29:09.768+0000] GC(477) User=1.12s Sys=0.02s Real=0.14s
[2025-08-01T02:29:09.768+0000] GC(478) Pause Full (Ergonomics)
[2025-08-01T02:29:09.769+0000] GC(478) Marking Phase
[2025-08-01T02:29:09.808+0000] GC(478) Marking Phase 39.131ms
[2025-08-01T02:29:09.808+0000] GC(478) Summary Phase
[2025-08-01T02:29:09.808+0000] GC(478) Summary Phase 0.092ms
[2025-08-01T02:29:09.808+0000] GC(478) Adjust Roots
[2025-08-01T02:29:09.810+0000] GC(478) Adjust Roots 1.827ms
[2025-08-01T02:29:09.810+0000] GC(478) Compaction Phase
[2025-08-01T02:29:09.922+0000] GC(478) Compaction Phase 112.403ms
[2025-08-01T02:29:09.922+0000] GC(478) Post Compact
[2025-08-01T02:29:09.940+0000] GC(478) Post Compact 17.373ms
[2025-08-01T02:29:09.940+0000] GC(478) PSYoungGen: 277632K->0K(931840K)
[2025-08-01T02:29:09.940+0000] GC(478) ParOldGen: 2478963K->746014K(2796544K)
[2025-08-01T02:29:09.940+0000] GC(478) Metaspace: 9712K(12544K)->9712K(12544K) NonClass: 8546K(11008K)->8546K(11008K) Class: 1166K(1536K)->1166K(1536K)
[2025-08-01T02:29:09.940+0000] GC(478) Pause Full (Ergonomics) 2691M->728M(3641M) 171.278ms
[2025-08-01T02:29:09.940+0000] GC(478) User=1.16s Sys=0.00s Real=0.17s
[2025-08-01T02:29:10.026+0000] GC(479) Pause Young (Allocation Failure)
[2025-08-01T02:29:10.121+0000] GC(479) PSYoungGen: 465920K->417152K(931840K)
[2025-08-01T02:29:10.121+0000] GC(479) ParOldGen: 746014K->746014K(2796544K)
[2025-08-01T02:29:10.121+0000] GC(479) Metaspace: 9712K(12544K)->9712K(12544K) NonClass: 8546K(11008K)->8546K(11008K) Class: 1166K(1536K)->1166K(1536K)
[2025-08-01T02:29:10.121+0000] GC(479) Pause Young (Allocation Failure) 1183M->1135M(3641M) 95.732ms
[2025-08-01T02:29:10.121+0000] GC(479) User=0.72s Sys=0.02s Real=0.09s
[2025-08-01T02:29:10.212+0000] GC(480) Pause Young (Allocation Failure)
[2025-08-01T02:29:10.332+0000] GC(480) PSYoungGen: 883072K->404832K(931840K)
[2025-08-01T02:29:10.332+0000] GC(480) ParOldGen: 746014K->1046870K(2796544K)
[2025-08-01T02:29:10.332+0000] GC(480) Metaspace: 9712K(12544K)->9712K(12544K) NonClass: 8546K(11008K)->8546K(11008K) Class: 1166K(1536K)->1166K(1536K)
[2025-08-01T02:29:10.332+0000] GC(480) Pause Young (Allocation Failure) 1590M->1417M(3641M) 120.841ms
[2025-08-01T02:29:10.332+0000] GC(480) User=0.95s Sys=0.00s Real=0.12s
[2025-08-01T02:29:10.420+0000] GC(481) Pause Young (Allocation Failure)
[2025-08-01T02:29:10.628+0000] GC(481) PSYoungGen: 870752K->465920K(931840K)
[2025-08-01T02:29:10.628+0000] GC(481) ParOldGen: 1046870K->1463934K(2796544K)
[2025-08-01T02:29:10.628+0000] GC(481) Metaspace: 9712K(12544K)->9712K(12544K) NonClass: 8546K(11008K)->8546K(11008K) Class: 1166K(1536K)->1166K(1536K)
[2025-08-01T02:29:10.628+0000] GC(481) Pause Young (Allocation Failure) 1872M->1884M(3641M) 208.201ms
[2025-08-01T02:29:10.628+0000] GC(481) User=1.55s Sys=0.05s Real=0.21s
[2025-08-01T02:29:10.721+0000] GC(482) Pause Young (Allocation Failure)
[2025-08-01T02:29:10.854+0000] GC(482) PSYoungGen: 931840K->304896K(931840K)
[2025-08-01T02:29:10.854+0000] GC(482) ParOldGen: 1463934K->1674518K(2796544K)
[2025-08-01T02:29:10.854+0000] GC(482) Metaspace: 9712K(12544K)->9712K(12544K) NonClass: 8546K(11008K)->8546K(11008K) Class: 1166K(1536K)->1166K(1536K)
[2025-08-01T02:29:10.854+0000] GC(482) Pause Young (Allocation Failure) 2339M->1933M(3641M) 133.601ms
[2025-08-01T02:29:10.854+0000] GC(482) User=1.05s Sys=0.00s Real=0.14s
[2025-08-01T02:29:10.943+0000] GC(483) Pause Young (Allocation Failure)
[2025-08-01T02:29:11.071+0000] GC(483) PSYoungGen: 770816K->427456K(931840K)
[2025-08-01T02:29:11.071+0000] GC(483) ParOldGen: 1674518K->1839230K(2796544K)
[2025-08-01T02:29:11.071+0000] GC(483) Metaspace: 9712K(12544K)->9712K(12544K) NonClass: 8546K(11008K)->8546K(11008K) Class: 1166K(1536K)->1166K(1536K)
[2025-08-01T02:29:11.071+0000] GC(483) Pause Young (Allocation Failure) 2388M->2213M(3641M) 128.002ms
[2025-08-01T02:29:11.071+0000] GC(483) User=0.94s Sys=0.03s Real=0.12s
[2025-08-01T02:29:11.165+0000] GC(484) Pause Young (Allocation Failure)
[2025-08-01T02:29:11.319+0000] GC(484) PSYoungGen: 893376K->374336K(931840K)
[2025-08-01T02:29:11.319+0000] GC(484) ParOldGen: 1839230K->2159246K(2796544K)
[2025-08-01T02:29:11.319+0000] GC(484) Metaspace: 9712K(12544K)->9712K(12544K) NonClass: 8546K(11008K)->8546K(11008K) Class: 1166K(1536K)->1166K(1536K)
[2025-08-01T02:29:11.319+0000] GC(484) Pause Young (Allocation Failure) 2668M->2474M(3641M) 154.246ms
[2025-08-01T02:29:11.319+0000] GC(484) User=1.17s Sys=0.04s Real=0.15s
[2025-08-01T02:29:11.405+0000] GC(485) Pause Young (Allocation Failure)
[2025-08-01T02:29:11.651+0000] GC(485) PSYoungGen: 840256K->465920K(931840K)
[2025-08-01T02:29:11.651+0000] GC(485) ParOldGen: 2159246K->2544158K(2796544K)
[2025-08-01T02:29:11.651+0000] GC(485) Metaspace: 9712K(12544K)->9712K(12544K) NonClass: 8546K(11008K)->8546K(11008K) Class: 1166K(1536K)->1166K(1536K)
[2025-08-01T02:29:11.651+0000] GC(485) Pause Young (Allocation Failure) 2929M->2939M(3641M) 245.959ms
[2025-08-01T02:29:11.651+0000] GC(485) User=1.91s Sys=0.04s Real=0.24s
[2025-08-01T02:29:11.651+0000] GC(486) Pause Full (Ergonomics)
[2025-08-01T02:29:11.651+0000] GC(486) Marking Phase
[2025-08-01T02:29:11.731+0000] GC(486) Marking Phase 79.866ms
[2025-08-01T02:29:11.731+0000] GC(486) Summary Phase
[2025-08-01T02:29:11.732+0000] GC(486) Summary Phase 0.109ms
[2025-08-01T02:29:11.732+0000] GC(486) Adjust Roots
[2025-08-01T02:29:11.733+0000] GC(486) Adjust Roots 1.832ms
[2025-08-01T02:29:11.733+0000] GC(486) Compaction Phase
[2025-08-01T02:29:11.960+0000] GC(486) Compaction Phase 226.624ms
[2025-08-01T02:29:11.960+0000] GC(486) Post Compact
[2025-08-01T02:29:11.979+0000] GC(486) Post Compact 19.195ms
[2025-08-01T02:29:11.979+0000] GC(486) PSYoungGen: 465920K->0K(931840K)
[2025-08-01T02:29:11.979+0000] GC(486) ParOldGen: 2544158K->1221513K(2796544K)
[2025-08-01T02:29:11.980+0000] GC(486) Metaspace: 9712K(12544K)->9712K(12544K) NonClass: 8546K(11008K)->8546K(11008K) Class: 1166K(1536K)->1166K(1536K)
[2025-08-01T02:29:11.980+0000] GC(486) Pause Full (Ergonomics) 2939M->1192M(3641M) 328.205ms
[2025-08-01T02:29:11.980+0000] GC(486) User=2.38s Sys=0.04s Real=0.33s
[2025-08-01T02:29:12.070+0000] GC(487) Pause Young (Allocation Failure)
[2025-08-01T02:29:12.165+0000] GC(487) PSYoungGen: 465920K->349024K(931840K)
[2025-08-01T02:29:12.165+0000] GC(487) ParOldGen: 1221513K->1221513K(2796544K)
[2025-08-01T02:29:12.165+0000] GC(487) Metaspace: 9712K(12544K)->9712K(12544K) NonClass: 8546K(11008K)->8546K(11008K) Class: 1166K(1536K)->1166K(1536K)
[2025-08-01T02:29:12.165+0000] GC(487) Pause Young (Allocation Failure) 1647M->1533M(3641M) 95.451ms
[2025-08-01T02:29:12.165+0000] GC(487) User=0.72s Sys=0.03s Real=0.10s
[2025-08-01T02:29:12.264+0000] GC(488) Pause Young (Allocation Failure)
[2025-08-01T02:29:12.415+0000] GC(488) PSYoungGen: 814944K->408736K(931840K)
[2025-08-01T02:29:12.415+0000] GC(488) ParOldGen: 1221513K->1450113K(2796544K)
[2025-08-01T02:29:12.415+0000] GC(488) Metaspace: 9712K(12544K)->9712K(12544K) NonClass: 8546K(11008K)->8546K(11008K) Class: 1166K(1536K)->1166K(1536K)
[2025-08-01T02:29:12.415+0000] GC(488) Pause Young (Allocation Failure) 1988M->1815M(3641M) 151.074ms
[2025-08-01T02:29:12.415+0000] GC(488) User=1.15s Sys=0.03s Real=0.15s
[2025-08-01T02:29:12.557+0000] GC(489) Pause Young (Allocation Failure)
[2025-08-01T02:29:12.752+0000] GC(489) PSYoungGen: 874656K->370848K(931840K)
[2025-08-01T02:29:12.752+0000] GC(489) ParOldGen: 1450113K->1731937K(2796544K)
[2025-08-01T02:29:12.752+0000] GC(489) Metaspace: 9712K(12544K)->9712K(12544K) NonClass: 8546K(11008K)->8546K(11008K) Class: 1166K(1536K)->1166K(1536K)
[2025-08-01T02:29:12.752+0000] GC(489) Pause Young (Allocation Failure) 2270M->2053M(3641M) 194.995ms
[2025-08-01T02:29:12.752+0000] GC(489) User=1.49s Sys=0.05s Real=0.19s
[2025-08-01T02:29:12.843+0000] GC(490) Pause Young (Allocation Failure)
[2025-08-01T02:29:12.988+0000] GC(490) PSYoungGen: 836768K->465920K(931840K)
[2025-08-01T02:29:12.988+0000] GC(490) ParOldGen: 1731937K->2113209K(2796544K)
[2025-08-01T02:29:12.988+0000] GC(490) Metaspace: 9712K(12544K)->9712K(12544K) NonClass: 8546K(11008K)->8546K(11008K) Class: 1166K(1536K)->1166K(1536K)
[2025-08-01T02:29:12.988+0000] GC(490) Pause Young (Allocation Failure) 2508M->2518M(3641M) 145.228ms
[2025-08-01T02:29:12.988+0000] GC(490) User=1.15s Sys=0.00s Real=0.14s
[2025-08-01T02:29:13.081+0000] GC(491) Pause Young (Allocation Failure)
[2025-08-01T02:29:13.251+0000] GC(491) PSYoungGen: 931840K->334688K(931840K)
[2025-08-01T02:29:13.251+0000] GC(491) ParOldGen: 2113209K->2344641K(2796544K)
[2025-08-01T02:29:13.251+0000] GC(491) Metaspace: 9712K(12544K)->9712K(12544K) NonClass: 8546K(11008K)->8546K(11008K) Class: 1166K(1536K)->1166K(1536K)
[2025-08-01T02:29:13.251+0000] GC(491) Pause Young (Allocation Failure) 2973M->2616M(3641M) 169.483ms
[2025-08-01T02:29:13.251+0000] GC(491) User=1.30s Sys=0.04s Real=0.17s
[2025-08-01T02:29:13.251+0000] GC(492) Pause Full (Ergonomics)
[2025-08-01T02:29:13.251+0000] GC(492) Marking Phase
[2025-08-01T02:29:13.309+0000] GC(492) Marking Phase 57.673ms
[2025-08-01T02:29:13.309+0000] GC(492) Summary Phase
[2025-08-01T02:29:13.309+0000] GC(492) Summary Phase 0.119ms
[2025-08-01T02:29:13.309+0000] GC(492) Adjust Roots
[2025-08-01T02:29:13.311+0000] GC(492) Adjust Roots 2.245ms
[2025-08-01T02:29:13.311+0000] GC(492) Compaction Phase
[2025-08-01T02:29:13.440+0000] GC(492) Compaction Phase 129.024ms
[2025-08-01T02:29:13.440+0000] GC(492) Post Compact
[2025-08-01T02:29:13.457+0000] GC(492) Post Compact 16.816ms
[2025-08-01T02:29:13.457+0000] GC(492) PSYoungGen: 334688K->0K(931840K)
[2025-08-01T02:29:13.457+0000] GC(492) ParOldGen: 2344641K->769785K(2796544K)
[2025-08-01T02:29:13.457+0000] GC(492) Metaspace: 9712K(12544K)->9712K(12544K) NonClass: 8546K(11008K)->8546K(11008K) Class: 1166K(1536K)->1166K(1536K)
[2025-08-01T02:29:13.457+0000] GC(492) Pause Full (Ergonomics) 2616M->751M(3641M) 206.274ms
[2025-08-01T02:29:13.457+0000] GC(492) User=1.44s Sys=0.02s Real=0.21s
[2025-08-01T02:29:13.557+0000] GC(493) Pause Young (Allocation Failure)
[2025-08-01T02:29:13.676+0000] GC(493) PSYoungGen: 465920K->428448K(931840K)
[2025-08-01T02:29:13.676+0000] GC(493) ParOldGen: 769785K->769785K(2796544K)
[2025-08-01T02:29:13.676+0000] GC(493) Metaspace: 9712K(12544K)->9712K(12544K) NonClass: 8546K(11008K)->8546K(11008K) Class: 1166K(1536K)->1166K(1536K)
[2025-08-01T02:29:13.676+0000] GC(493) Pause Young (Allocation Failure) 1206M->1170M(3641M) 119.199ms
[2025-08-01T02:29:13.676+0000] GC(493) User=0.85s Sys=0.04s Real=0.12s
[2025-08-01T02:29:13.816+0000] GC(494) Pause Young (Allocation Failure)
[2025-08-01T02:29:13.946+0000] GC(494) PSYoungGen: 894368K->355520K(931840K)
[2025-08-01T02:29:13.946+0000] GC(494) ParOldGen: 769785K->1083249K(2796544K)
[2025-08-01T02:29:13.946+0000] GC(494) Metaspace: 9712K(12544K)->9712K(12544K) NonClass: 8546K(11008K)->8546K(11008K) Class: 1166K(1536K)->1166K(1536K)
[2025-08-01T02:29:13.946+0000] GC(494) Pause Young (Allocation Failure) 1625M->1405M(3641M) 130.144ms
[2025-08-01T02:29:13.946+0000] GC(494) User=0.96s Sys=0.01s Real=0.13s
[2025-08-01T02:29:14.038+0000] GC(495) Pause Young (Allocation Failure)
[2025-08-01T02:29:14.237+0000] GC(495) PSYoungGen: 821440K->465920K(931840K)
[2025-08-01T02:29:14.237+0000] GC(495) ParOldGen: 1083249K->1448913K(2796544K)
[2025-08-01T02:29:14.237+0000] GC(495) Metaspace: 9712K(12544K)->9712K(12544K) NonClass: 8546K(11008K)->8546K(11008K) Class: 1166K(1536K)->1166K(1536K)
[2025-08-01T02:29:14.237+0000] GC(495) Pause Young (Allocation Failure) 1860M->1869M(3641M) 199.520ms
[2025-08-01T02:29:14.237+0000] GC(495) User=1.46s Sys=0.05s Real=0.20s
[2025-08-01T02:29:14.328+0000] GC(496) Pause Young (Allocation Failure)
[2025-08-01T02:29:14.461+0000] GC(496) PSYoungGen: 931840K->336448K(931840K)
[2025-08-01T02:29:14.462+0000] GC(496) ParOldGen: 1448913K->1676537K(2796544K)
[2025-08-01T02:29:14.462+0000] GC(496) Metaspace: 9712K(12544K)->9712K(12544K) NonClass: 8546K(11008K)->8546K(11008K) Class: 1166K(1536K)->1166K(1536K)
[2025-08-01T02:29:14.462+0000] GC(496) Pause Young (Allocation Failure) 2324M->1965M(3641M) 133.657ms
[2025-08-01T02:29:14.462+0000] GC(496) User=1.03s Sys=0.03s Real=0.13s
[2025-08-01T02:29:14.556+0000] GC(497) Pause Young (Allocation Failure)
[2025-08-01T02:29:14.774+0000] GC(497) PSYoungGen: 802368K->430720K(931840K)
[2025-08-01T02:29:14.774+0000] GC(497) ParOldGen: 1676537K->1898953K(2796544K)
[2025-08-01T02:29:14.774+0000] GC(497) Metaspace: 9712K(12544K)->9712K(12544K) NonClass: 8546K(11008K)->8546K(11008K) Class: 1166K(1536K)->1166K(1536K)
[2025-08-01T02:29:14.774+0000] GC(497) Pause Young (Allocation Failure) 2420M->2275M(3641M) 217.957ms
[2025-08-01T02:29:14.774+0000] GC(497) User=1.69s Sys=0.03s Real=0.22s
[2025-08-01T02:29:14.919+0000] GC(498) Pause Young (Allocation Failure)
[2025-08-01T02:29:15.130+0000] GC(498) PSYoungGen: 896640K->355904K(931840K)
[2025-08-01T02:29:15.130+0000] GC(498) ParOldGen: 1898953K->2217641K(2796544K)
[2025-08-01T02:29:15.130+0000] GC(498) Metaspace: 9712K(12544K)->9712K(12544K) NonClass: 8546K(11008K)->8546K(11008K) Class: 1166K(1536K)->1166K(1536K)
[2025-08-01T02:29:15.130+0000] GC(498) Pause Young (Allocation Failure) 2730M->2513M(3641M) 210.941ms
[2025-08-01T02:29:15.130+0000] GC(498) User=1.58s Sys=0.07s Real=0.21s
[2025-08-01T02:29:15.220+0000] GC(499) Pause Young (Allocation Failure)
[2025-08-01T02:29:15.392+0000] GC(499) PSYoungGen: 821824K->465920K(931840K)
[2025-08-01T02:29:15.392+0000] GC(499) ParOldGen: 2217641K->2584561K(2796544K)
[2025-08-01T02:29:15.392+0000] GC(499) Metaspace: 9712K(12544K)->9712K(12544K) NonClass: 8546K(11008K)->8546K(11008K) Class: 1166K(1536K)->1166K(1536K)
[2025-08-01T02:29:15.392+0000] GC(499) Pause Young (Allocation Failure) 2968M->2978M(3641M) 171.746ms
[2025-08-01T02:29:15.392+0000] GC(499) User=1.32s Sys=0.03s Real=0.17s
[2025-08-01T02:29:15.392+0000] GC(500) Pause Full (Ergonomics)
[2025-08-01T02:29:15.392+0000] GC(500) Marking Phase
[2025-08-01T02:29:15.457+0000] GC(500) Marking Phase 64.869ms
[2025-08-01T02:29:15.457+0000] GC(500) Summary Phase
[2025-08-01T02:29:15.457+0000] GC(500) Summary Phase 0.100ms
[2025-08-01T02:29:15.457+0000] GC(500) Adjust Roots
[2025-08-01T02:29:15.459+0000] GC(500) Adjust Roots 1.836ms
[2025-08-01T02:29:15.459+0000] GC(500) Compaction Phase
[2025-08-01T02:29:15.690+0000] GC(500) Compaction Phase 231.179ms
[2025-08-01T02:29:15.690+0000] GC(500) Post Compact
[2025-08-01T02:29:15.709+0000] GC(500) Post Compact 18.960ms
[2025-08-01T02:29:15.709+0000] GC(500) PSYoungGen: 465920K->0K(931840K)
[2025-08-01T02:29:15.709+0000] GC(500) ParOldGen: 2584561K->1247925K(2796544K)
[2025-08-01T02:29:15.709+0000] GC(500) Metaspace: 9712K(12544K)->9712K(12544K) NonClass: 8546K(11008K)->8546K(11008K) Class: 1166K(1536K)->1166K(1536K)
[2025-08-01T02:29:15.710+0000] GC(500) Pause Full (Ergonomics) 2978M->1218M(3641M) 317.299ms
[2025-08-01T02:29:15.710+0000] GC(500) User=2.30s Sys=0.05s Real=0.32s
[2025-08-01T02:29:15.800+0000] GC(501) Pause Young (Allocation Failure)
[2025-08-01T02:29:15.915+0000] GC(501) PSYoungGen: 465920K->354688K(931840K)
[2025-08-01T02:29:15.916+0000] GC(501) ParOldGen: 1247925K->1247925K(2796544K)
[2025-08-01T02:29:15.916+0000] GC(501) Metaspace: 9712K(12544K)->9712K(12544K) NonClass: 8546K(11008K)->8546K(11008K) Class: 1166K(1536K)->1166K(1536K)
[2025-08-01T02:29:15.916+0000] GC(501) Pause Young (Allocation Failure) 1673M->1565M(3641M) 115.799ms
[2025-08-01T02:29:15.916+0000] GC(501) User=0.87s Sys=0.02s Real=0.12s
[2025-08-01T02:29:16.014+0000] GC(502) Pause Young (Allocation Failure)
[2025-08-01T02:29:16.131+0000] GC(502) PSYoungGen: 820608K->430464K(931840K)
[2025-08-01T02:29:16.131+0000] GC(502) ParOldGen: 1247925K->1487821K(2796544K)
[2025-08-01T02:29:16.131+0000] GC(502) Metaspace: 9712K(12544K)->9712K(12544K) NonClass: 8546K(11008K)->8546K(11008K) Class: 1166K(1536K)->1166K(1536K)
[2025-08-01T02:29:16.132+0000] GC(502) Pause Young (Allocation Failure) 2020M->1873M(3641M) 117.387ms
[2025-08-01T02:29:16.132+0000] GC(502) User=0.93s Sys=0.00s Real=0.11s
[2025-08-01T02:29:16.217+0000] GC(503) Pause Young (Allocation Failure)
[2025-08-01T02:29:16.355+0000] GC(503) PSYoungGen: 896384K->360096K(931840K)
[2025-08-01T02:29:16.355+0000] GC(503) ParOldGen: 1487821K->1800509K(2796544K)
[2025-08-01T02:29:16.355+0000] GC(503) Metaspace: 9712K(12544K)->9712K(12544K) NonClass: 8546K(11008K)->8546K(11008K) Class: 1166K(1536K)->1166K(1536K)
[2025-08-01T02:29:16.355+0000] GC(503) Pause Young (Allocation Failure) 2328M->2109M(3641M) 138.130ms
[2025-08-01T02:29:16.355+0000] GC(503) User=1.05s Sys=0.03s Real=0.14s
[2025-08-01T02:29:16.441+0000] GC(504) Pause Young (Allocation Failure)
[2025-08-01T02:29:16.661+0000] GC(504) PSYoungGen: 826016K->465920K(931840K)
[2025-08-01T02:29:16.661+0000] GC(504) ParOldGen: 1800509K->2169917K(2796544K)
[2025-08-01T02:29:16.661+0000] GC(504) Metaspace: 9712K(12544K)->9712K(12544K) NonClass: 8546K(11008K)->8546K(11008K) Class: 1166K(1536K)->1166K(1536K)
[2025-08-01T02:29:16.661+0000] GC(504) Pause Young (Allocation Failure) 2564M->2574M(3641M) 220.502ms
[2025-08-01T02:29:16.661+0000] GC(504) User=1.70s Sys=0.04s Real=0.22s
[2025-08-01T02:29:16.744+0000] GC(505) Pause Young (Allocation Failure)
[2025-08-01T02:29:16.859+0000] GC(505) PSYoungGen: 931840K->360864K(931840K)
[2025-08-01T02:29:16.859+0000] GC(505) ParOldGen: 2169917K->2413669K(2796544K)
[2025-08-01T02:29:16.859+0000] GC(505) Metaspace: 9712K(12544K)->9712K(12544K) NonClass: 8546K(11008K)->8546K(11008K) Class: 1166K(1536K)->1166K(1536K)
[2025-08-01T02:29:16.859+0000] GC(505) Pause Young (Allocation Failure) 3029M->2709M(3641M) 115.301ms
[2025-08-01T02:29:16.859+0000] GC(505) User=0.90s Sys=0.00s Real=0.11s
[2025-08-01T02:29:16.859+0000] GC(506) Pause Full (Ergonomics)
[2025-08-01T02:29:16.859+0000] GC(506) Marking Phase
[2025-08-01T02:29:16.898+0000] GC(506) Marking Phase 38.990ms
[2025-08-01T02:29:16.898+0000] GC(506) Summary Phase
[2025-08-01T02:29:16.899+0000] GC(506) Summary Phase 0.090ms
[2025-08-01T02:29:16.899+0000] GC(506) Adjust Roots
[2025-08-01T02:29:16.901+0000] GC(506) Adjust Roots 1.978ms
[2025-08-01T02:29:16.901+0000] GC(506) Compaction Phase
[2025-08-01T02:29:17.030+0000] GC(506) Compaction Phase 129.572ms
[2025-08-01T02:29:17.030+0000] GC(506) Post Compact
[2025-08-01T02:29:17.048+0000] GC(506) Post Compact 18.126ms
[2025-08-01T02:29:17.048+0000] GC(506) PSYoungGen: 360864K->0K(931840K)
[2025-08-01T02:29:17.048+0000] GC(506) ParOldGen: 2413669K->801390K(2796544K)
[2025-08-01T02:29:17.049+0000] GC(506) Metaspace: 9712K(12544K)->9712K(12544K) NonClass: 8546K(11008K)->8546K(11008K) Class: 1166K(1536K)->1166K(1536K)
[2025-08-01T02:29:17.049+0000] GC(506) Pause Full (Ergonomics) 2709M->782M(3641M) 189.139ms
[2025-08-01T02:29:17.049+0000] GC(506) User=1.33s Sys=0.00s Real=0.19s
[2025-08-01T02:29:17.135+0000] GC(507) Pause Young (Allocation Failure)
[2025-08-01T02:29:17.278+0000] GC(507) PSYoungGen: 465920K->403968K(931840K)
[2025-08-01T02:29:17.278+0000] GC(507) ParOldGen: 801390K->801390K(2796544K)
[2025-08-01T02:29:17.278+0000] GC(507) Metaspace: 9712K(12544K)->9712K(12544K) NonClass: 8546K(11008K)->8546K(11008K) Class: 1166K(1536K)->1166K(1536K)
[2025-08-01T02:29:17.278+0000] GC(507) Pause Young (Allocation Failure) 1237M->1177M(3641M) 142.517ms
[2025-08-01T02:29:17.278+0000] GC(507) User=1.03s Sys=0.05s Real=0.14s
[2025-08-01T02:29:17.364+0000] GC(508) Pause Young (Allocation Failure)
[2025-08-01T02:29:17.501+0000] GC(508) PSYoungGen: 869888K->379424K(931840K)
[2025-08-01T02:29:17.501+0000] GC(508) ParOldGen: 801390K->1106158K(2796544K)
[2025-08-01T02:29:17.501+0000] GC(508) Metaspace: 9712K(12544K)->9712K(12544K) NonClass: 8546K(11008K)->8546K(11008K) Class: 1166K(1536K)->1166K(1536K)
[2025-08-01T02:29:17.501+0000] GC(508) Pause Young (Allocation Failure) 1632M->1450M(3641M) 136.780ms
[2025-08-01T02:29:17.501+0000] GC(508) User=1.06s Sys=0.01s Real=0.13s
[2025-08-01T02:29:17.594+0000] GC(509) Pause Young (Allocation Failure)
[2025-08-01T02:29:17.787+0000] GC(509) PSYoungGen: 845344K->465920K(931840K)
[2025-08-01T02:29:17.787+0000] GC(509) ParOldGen: 1106158K->1493742K(2796544K)
[2025-08-01T02:29:17.787+0000] GC(509) Metaspace: 9712K(12544K)->9712K(12544K) NonClass: 8546K(11008K)->8546K(11008K) Class: 1166K(1536K)->1166K(1536K)
[2025-08-01T02:29:17.787+0000] GC(509) Pause Young (Allocation Failure) 1905M->1913M(3641M) 193.491ms
[2025-08-01T02:29:17.787+0000] GC(509) User=1.47s Sys=0.04s Real=0.19s
[2025-08-01T02:29:17.873+0000] GC(510) Pause Young (Allocation Failure)
[2025-08-01T02:29:18.023+0000] GC(510) PSYoungGen: 931840K->363520K(931840K)
[2025-08-01T02:29:18.023+0000] GC(510) ParOldGen: 1493742K->1731622K(2796544K)
[2025-08-01T02:29:18.023+0000] GC(510) Metaspace: 9712K(12544K)->9712K(12544K) NonClass: 8546K(11008K)->8546K(11008K) Class: 1166K(1536K)->1166K(1536K)
[2025-08-01T02:29:18.023+0000] GC(510) Pause Young (Allocation Failure) 2368M->2046M(3641M) 149.861ms
[2025-08-01T02:29:18.023+0000] GC(510) User=1.15s Sys=0.03s Real=0.15s
[2025-08-01T02:29:18.109+0000] GC(511) Pause Young (Allocation Failure)
[2025-08-01T02:29:18.277+0000] GC(511) PSYoungGen: 829440K->377728K(931840K)
[2025-08-01T02:29:18.277+0000] GC(511) ParOldGen: 1731622K->1998054K(2796544K)
[2025-08-01T02:29:18.277+0000] GC(511) Metaspace: 9712K(12544K)->9712K(12544K) NonClass: 8546K(11008K)->8546K(11008K) Class: 1166K(1536K)->1166K(1536K)
[2025-08-01T02:29:18.277+0000] GC(511) Pause Young (Allocation Failure) 2501M->2320M(3641M) 167.901ms
[2025-08-01T02:29:18.277+0000] GC(511) User=1.28s Sys=0.03s Real=0.17s
[2025-08-01T02:29:18.374+0000] GC(512) Pause Young (Allocation Failure)
[2025-08-01T02:29:18.524+0000] GC(512) PSYoungGen: 843648K->396864K(931840K)
[2025-08-01T02:29:18.524+0000] GC(512) ParOldGen: 1998054K->2266022K(2796544K)
[2025-08-01T02:29:18.525+0000] GC(512) Metaspace: 9712K(12544K)->9712K(12544K) NonClass: 8546K(11008K)->8546K(11008K) Class: 1166K(1536K)->1166K(1536K)
[2025-08-01T02:29:18.525+0000] GC(512) Pause Young (Allocation Failure) 2775M->2600M(3641M) 150.386ms
[2025-08-01T02:29:18.525+0000] GC(512) User=1.15s Sys=0.03s Real=0.15s
[2025-08-01T02:29:18.616+0000] GC(513) Pause Young (Allocation Failure)
[2025-08-01T02:29:18.797+0000] GC(513) PSYoungGen: 862784K->465920K(931840K)
[2025-08-01T02:29:18.797+0000] GC(513) ParOldGen: 2266022K->2673342K(2796544K)
[2025-08-01T02:29:18.797+0000] GC(513) Metaspace: 9712K(12544K)->9712K(12544K) NonClass: 8546K(11008K)->8546K(11008K) Class: 1166K(1536K)->1166K(1536K)
[2025-08-01T02:29:18.797+0000] GC(513) Pause Young (Allocation Failure) 3055M->3065M(3641M) 180.771ms
[2025-08-01T02:29:18.797+0000] GC(513) User=1.34s Sys=0.09s Real=0.18s
[2025-08-01T02:29:18.797+0000] GC(514) Pause Full (Ergonomics)
[2025-08-01T02:29:18.797+0000] GC(514) Marking Phase
[2025-08-01T02:29:18.874+0000] GC(514) Marking Phase 76.512ms
[2025-08-01T02:29:18.874+0000] GC(514) Summary Phase
[2025-08-01T02:29:18.874+0000] GC(514) Summary Phase 0.119ms
[2025-08-01T02:29:18.874+0000] GC(514) Adjust Roots
[2025-08-01T02:29:18.876+0000] GC(514) Adjust Roots 2.062ms
[2025-08-01T02:29:18.876+0000] GC(514) Compaction Phase
[2025-08-01T02:29:19.078+0000] GC(514) Compaction Phase 201.743ms
[2025-08-01T02:29:19.078+0000] GC(514) Post Compact
[2025-08-01T02:29:19.098+0000] GC(514) Post Compact 19.965ms
[2025-08-01T02:29:19.098+0000] GC(514) PSYoungGen: 465920K->0K(931840K)
[2025-08-01T02:29:19.098+0000] GC(514) ParOldGen: 2673342K->1277706K(2796544K)
[2025-08-01T02:29:19.098+0000] GC(514) Metaspace: 9712K(12544K)->9712K(12544K) NonClass: 8546K(11008K)->8546K(11008K) Class: 1166K(1536K)->1166K(1536K)
[2025-08-01T02:29:19.098+0000] GC(514) Pause Full (Ergonomics) 3065M->1247M(3641M) 300.838ms
[2025-08-01T02:29:19.098+0000] GC(514) User=2.16s Sys=0.05s Real=0.30s
[2025-08-01T02:29:19.188+0000] GC(515) Pause Young (Allocation Failure)
[2025-08-01T02:29:19.284+0000] GC(515) PSYoungGen: 465920K->393760K(931840K)
[2025-08-01T02:29:19.284+0000] GC(515) ParOldGen: 1277706K->1277706K(2796544K)
[2025-08-01T02:29:19.284+0000] GC(515) Metaspace: 9712K(12544K)->9712K(12544K) NonClass: 8546K(11008K)->8546K(11008K) Class: 1166K(1536K)->1166K(1536K)
[2025-08-01T02:29:19.284+0000] GC(515) Pause Young (Allocation Failure) 1702M->1632M(3641M) 95.943ms
[2025-08-01T02:29:19.284+0000] GC(515) User=0.73s Sys=0.02s Real=0.10s
[2025-08-01T02:29:19.376+0000] GC(516) Pause Young (Allocation Failure)
[2025-08-01T02:29:19.599+0000] GC(516) PSYoungGen: 859680K->361248K(931840K)
[2025-08-01T02:29:19.599+0000] GC(516) ParOldGen: 1277706K->1562946K(2796544K)
[2025-08-01T02:29:19.599+0000] GC(516) Metaspace: 9712K(12544K)->9712K(12544K) NonClass: 8546K(11008K)->8546K(11008K) Class: 1166K(1536K)->1166K(1536K)
[2025-08-01T02:29:19.599+0000] GC(516) Pause Young (Allocation Failure) 2087M->1879M(3641M) 222.622ms
[2025-08-01T02:29:19.599+0000] GC(516) User=1.70s Sys=0.06s Real=0.22s
[2025-08-01T02:29:19.684+0000] GC(517) Pause Young (Allocation Failure)
[2025-08-01T02:29:19.800+0000] GC(517) PSYoungGen: 827168K->436704K(931840K)
[2025-08-01T02:29:19.800+0000] GC(517) ParOldGen: 1562946K->1772130K(2796544K)
[2025-08-01T02:29:19.800+0000] GC(517) Metaspace: 9712K(12544K)->9712K(12544K) NonClass: 8546K(11008K)->8546K(11008K) Class: 1166K(1536K)->1166K(1536K)
[2025-08-01T02:29:19.800+0000] GC(517) Pause Young (Allocation Failure) 2334M->2157M(3641M) 116.691ms
[2025-08-01T02:29:19.800+0000] GC(517) User=0.92s Sys=0.00s Real=0.11s
[2025-08-01T02:29:19.891+0000] GC(518) Pause Young (Allocation Failure)
[2025-08-01T02:29:20.100+0000] GC(518) PSYoungGen: 902624K->465920K(931840K)
[2025-08-01T02:29:20.100+0000] GC(518) ParOldGen: 1772130K->2218354K(2796544K)
[2025-08-01T02:29:20.100+0000] GC(518) Metaspace: 9712K(12544K)->9712K(12544K) NonClass: 8546K(11008K)->8546K(11008K) Class: 1166K(1536K)->1166K(1536K)
[2025-08-01T02:29:20.100+0000] GC(518) Pause Young (Allocation Failure) 2612M->2621M(3641M) 209.666ms
[2025-08-01T02:29:20.100+0000] GC(518) User=1.63s Sys=0.03s Real=0.21s
[2025-08-01T02:29:20.193+0000] GC(519) Pause Young (Allocation Failure)
[2025-08-01T02:29:20.374+0000] GC(519) PSYoungGen: 931840K->356192K(931840K)
[2025-08-01T02:29:20.374+0000] GC(519) ParOldGen: 2218354K->2456970K(2796544K)
[2025-08-01T02:29:20.374+0000] GC(519) Metaspace: 9712K(12544K)->9712K(12544K) NonClass: 8546K(11008K)->8546K(11008K) Class: 1166K(1536K)->1166K(1536K)
[2025-08-01T02:29:20.374+0000] GC(519) Pause Young (Allocation Failure) 3076M->2747M(3641M) 180.642ms
[2025-08-01T02:29:20.374+0000] GC(519) User=1.35s Sys=0.04s Real=0.18s
[2025-08-01T02:29:20.374+0000] GC(520) Pause Full (Ergonomics)
[2025-08-01T02:29:20.374+0000] GC(520) Marking Phase
[2025-08-01T02:29:20.419+0000] GC(520) Marking Phase 44.735ms
[2025-08-01T02:29:20.419+0000] GC(520) Summary Phase
[2025-08-01T02:29:20.419+0000] GC(520) Summary Phase 0.106ms
[2025-08-01T02:29:20.419+0000] GC(520) Adjust Roots
[2025-08-01T02:29:20.421+0000] GC(520) Adjust Roots 1.817ms
[2025-08-01T02:29:20.421+0000] GC(520) Compaction Phase
[2025-08-01T02:29:20.549+0000] GC(520) Compaction Phase 128.909ms
[2025-08-01T02:29:20.550+0000] GC(520) Post Compact
[2025-08-01T02:29:20.568+0000] GC(520) Post Compact 18.808ms
[2025-08-01T02:29:20.568+0000] GC(520) PSYoungGen: 356192K->0K(931840K)
[2025-08-01T02:29:20.568+0000] GC(520) ParOldGen: 2456970K->823449K(2796544K)
[2025-08-01T02:29:20.568+0000] GC(520) Metaspace: 9712K(12544K)->9712K(12544K) NonClass: 8546K(11008K)->8546K(11008K) Class: 1166K(1536K)->1166K(1536K)
[2025-08-01T02:29:20.569+0000] GC(520) Pause Full (Ergonomics) 2747M->804M(3641M) 194.746ms
[2025-08-01T02:29:20.569+0000] GC(520) User=1.37s Sys=0.00s Real=0.19s
[2025-08-01T02:29:20.659+0000] GC(521) Pause Young (Allocation Failure)
[2025-08-01T02:29:20.734+0000] GC(521) PSYoungGen: 465920K->370944K(931840K)
[2025-08-01T02:29:20.734+0000] GC(521) ParOldGen: 823449K->823449K(2796544K)
[2025-08-01T02:29:20.734+0000] GC(521) Metaspace: 9712K(12544K)->9712K(12544K) NonClass: 8546K(11008K)->8546K(11008K) Class: 1166K(1536K)->1166K(1536K)
[2025-08-01T02:29:20.734+0000] GC(521) Pause Young (Allocation Failure) 1259M->1166M(3641M) 74.420ms
[2025-08-01T02:29:20.734+0000] GC(521) User=0.56s Sys=0.02s Real=0.08s
[2025-08-01T02:29:20.825+0000] GC(522) Pause Young (Allocation Failure)
[2025-08-01T02:29:20.954+0000] GC(522) PSYoungGen: 836864K->455520K(931840K)
[2025-08-01T02:29:20.954+0000] GC(522) ParOldGen: 823449K->1076257K(2796544K)
[2025-08-01T02:29:20.954+0000] GC(522) Metaspace: 9712K(12544K)->9712K(12544K) NonClass: 8546K(11008K)->8546K(11008K) Class: 1166K(1536K)->1166K(1536K)
[2025-08-01T02:29:20.954+0000] GC(522) Pause Young (Allocation Failure) 1621M->1495M(3641M) 128.979ms
[2025-08-01T02:29:20.954+0000] GC(522) User=1.00s Sys=0.02s Real=0.13s
[2025-08-01T02:29:21.043+0000] GC(523) Pause Young (Allocation Failure)
[2025-08-01T02:29:21.289+0000] GC(523) PSYoungGen: 921440K->465920K(931840K)
[2025-08-01T02:29:21.289+0000] GC(523) ParOldGen: 1076257K->1543393K(2796544K)
[2025-08-01T02:29:21.289+0000] GC(523) Metaspace: 9712K(12544K)->9712K(12544K) NonClass: 8546K(11008K)->8546K(11008K) Class: 1166K(1536K)->1166K(1536K)
[2025-08-01T02:29:21.289+0000] GC(523) Pause Young (Allocation Failure) 1950M->1962M(3641M) 245.364ms
[2025-08-01T02:29:21.289+0000] GC(523) User=1.91s Sys=0.03s Real=0.24s
[2025-08-01T02:29:21.378+0000] GC(524) Pause Young (Allocation Failure)
[2025-08-01T02:29:21.510+0000] GC(524) PSYoungGen: 931840K->330240K(931840K)
[2025-08-01T02:29:21.511+0000] GC(524) ParOldGen: 1543393K->1777345K(2796544K)
[2025-08-01T02:29:21.511+0000] GC(524) Metaspace: 9712K(12544K)->9712K(12544K) NonClass: 8546K(11008K)->8546K(11008K) Class: 1166K(1536K)->1166K(1536K)
[2025-08-01T02:29:21.511+0000] GC(524) Pause Young (Allocation Failure) 2417M->2058M(3641M) 132.944ms
[2025-08-01T02:29:21.511+0000] GC(524) User=0.97s Sys=0.02s Real=0.13s
[2025-08-01T02:29:21.609+0000] GC(525) Pause Young (Allocation Failure)
[2025-08-01T02:29:21.761+0000] GC(525) PSYoungGen: 796160K->411360K(931840K)
[2025-08-01T02:29:21.761+0000] GC(525) ParOldGen: 1777345K->1984217K(2796544K)
[2025-08-01T02:29:21.761+0000] GC(525) Metaspace: 9712K(12544K)->9712K(12544K) NonClass: 8546K(11008K)->8546K(11008K) Class: 1166K(1536K)->1166K(1536K)
[2025-08-01T02:29:21.761+0000] GC(525) Pause Young (Allocation Failure) 2513M->2339M(3641M) 151.583ms
[2025-08-01T02:29:21.761+0000] GC(525) User=1.15s Sys=0.04s Real=0.15s
[2025-08-01T02:29:21.855+0000] GC(526) Pause Young (Allocation Failure)
[2025-08-01T02:29:22.067+0000] GC(526) PSYoungGen: 877280K->449888K(931840K)
[2025-08-01T02:29:22.067+0000] GC(526) ParOldGen: 1984217K->2278849K(2796544K)
[2025-08-01T02:29:22.067+0000] GC(526) Metaspace: 9712K(12544K)->9712K(12544K) NonClass: 8546K(11008K)->8546K(11008K) Class: 1166K(1536K)->1166K(1536K)
[2025-08-01T02:29:22.067+0000] GC(526) Pause Young (Allocation Failure) 2794M->2664M(3641M) 211.598ms
[2025-08-01T02:29:22.067+0000] GC(526) User=1.64s Sys=0.03s Real=0.21s
[2025-08-01T02:29:22.159+0000] GC(527) Pause Young (Allocation Failure)
[2025-08-01T02:29:22.384+0000] GC(527) PSYoungGen: 915808K->465920K(931840K)
[2025-08-01T02:29:22.384+0000] GC(527) ParOldGen: 2278849K->2739241K(2796544K)
[2025-08-01T02:29:22.384+0000] GC(527) Metaspace: 9712K(12544K)->9712K(12544K) NonClass: 8546K(11008K)->8546K(11008K) Class: 1166K(1536K)->1166K(1536K)
[2025-08-01T02:29:22.384+0000] GC(527) Pause Young (Allocation Failure) 3119M->3130M(3641M) 224.592ms
[2025-08-01T02:29:22.384+0000] GC(527) User=1.44s Sys=0.34s Real=0.23s
[2025-08-01T02:29:22.384+0000] GC(528) Pause Full (Ergonomics)
[2025-08-01T02:29:22.384+0000] GC(528) Marking Phase
[2025-08-01T02:29:22.530+0000] GC(528) Marking Phase 145.808ms
[2025-08-01T02:29:22.530+0000] GC(528) Summary Phase
[2025-08-01T02:29:22.530+0000] GC(528) Summary Phase 0.106ms
[2025-08-01T02:29:22.530+0000] GC(528) Adjust Roots
[2025-08-01T02:29:22.532+0000] GC(528) Adjust Roots 1.854ms
[2025-08-01T02:29:22.532+0000] GC(528) Compaction Phase
[2025-08-01T02:29:22.746+0000] GC(528) Compaction Phase 213.812ms
[2025-08-01T02:29:22.746+0000] GC(528) Post Compact
[2025-08-01T02:29:22.765+0000] GC(528) Post Compact 19.327ms
[2025-08-01T02:29:22.765+0000] GC(528) PSYoungGen: 465920K->0K(931840K)
[2025-08-01T02:29:22.765+0000] GC(528) ParOldGen: 2739241K->1303224K(2796544K)
[2025-08-01T02:29:22.765+0000] GC(528) Metaspace: 9712K(12544K)->9712K(12544K) NonClass: 8546K(11008K)->8546K(11008K) Class: 1166K(1536K)->1166K(1536K)
[2025-08-01T02:29:22.765+0000] GC(528) Pause Full (Ergonomics) 3130M->1272M(3641M) 381.370ms
[2025-08-01T02:29:22.765+0000] GC(528) User=2.24s Sys=0.57s Real=0.38s
[2025-08-01T02:29:22.851+0000] GC(529) Pause Young (Allocation Failure)
[2025-08-01T02:29:22.972+0000] GC(529) PSYoungGen: 465920K->284128K(931840K)
[2025-08-01T02:29:22.972+0000] GC(529) ParOldGen: 1303224K->1303224K(2796544K)
[2025-08-01T02:29:22.972+0000] GC(529) Metaspace: 9712K(12544K)->9712K(12544K) NonClass: 8546K(11008K)->8546K(11008K) Class: 1166K(1536K)->1166K(1536K)
[2025-08-01T02:29:22.972+0000] GC(529) Pause Young (Allocation Failure) 1727M->1550M(3641M) 121.461ms
[2025-08-01T02:29:22.973+0000] GC(529) User=0.92s Sys=0.03s Real=0.12s
[2025-08-01T02:29:23.071+0000] GC(530) Pause Young (Allocation Failure)
[2025-08-01T02:29:23.143+0000] GC(530) PSYoungGen: 750048K->308416K(931840K)
[2025-08-01T02:29:23.143+0000] GC(530) ParOldGen: 1303224K->1365888K(2796544K)
[2025-08-01T02:29:23.143+0000] GC(530) Metaspace: 9712K(12544K)->9712K(12544K) NonClass: 8546K(11008K)->8546K(11008K) Class: 1166K(1536K)->1166K(1536K)
[2025-08-01T02:29:23.143+0000] GC(530) Pause Young (Allocation Failure) 2005M->1635M(3641M) 71.317ms
[2025-08-01T02:29:23.143+0000] GC(530) User=0.56s Sys=0.00s Real=0.07s
[2025-08-01T02:29:23.231+0000] GC(531) Pause Young (Allocation Failure)
[2025-08-01T02:29:23.396+0000] GC(531) PSYoungGen: 774336K->465920K(931840K)
[2025-08-01T02:29:23.396+0000] GC(531) ParOldGen: 1365888K->1683432K(2796544K)
[2025-08-01T02:29:23.396+0000] GC(531) Metaspace: 9712K(12544K)->9712K(12544K) NonClass: 8546K(11008K)->8546K(11008K) Class: 1166K(1536K)->1166K(1536K)
[2025-08-01T02:29:23.396+0000] GC(531) Pause Young (Allocation Failure) 2090M->2098M(3641M) 165.079ms
[2025-08-01T02:29:23.396+0000] GC(531) User=1.28s Sys=0.02s Real=0.17s
[2025-08-01T02:29:23.488+0000] GC(532) Pause Young (Allocation Failure)
[2025-08-01T02:29:23.713+0000] GC(532) PSYoungGen: 931840K->465920K(931840K)
[2025-08-01T02:29:23.713+0000] GC(532) ParOldGen: 1683432K->2160576K(2796544K)
[2025-08-01T02:29:23.713+0000] GC(532) Metaspace: 9712K(12544K)->9712K(12544K) NonClass: 8546K(11008K)->8546K(11008K) Class: 1166K(1536K)->1166K(1536K)
[2025-08-01T02:29:23.713+0000] GC(532) Pause Young (Allocation Failure) 2553M->2564M(3641M) 225.718ms
[2025-08-01T02:29:23.713+0000] GC(532) User=1.64s Sys=0.06s Real=0.23s
[2025-08-01T02:29:23.808+0000] GC(533) Pause Young (Allocation Failure)
[2025-08-01T02:29:23.999+0000] GC(533) PSYoungGen: 931840K->326976K(931840K)
[2025-08-01T02:29:23.999+0000] GC(533) ParOldGen: 2160576K->2368576K(2796544K)
[2025-08-01T02:29:23.999+0000] GC(533) Metaspace: 9712K(12544K)->9712K(12544K) NonClass: 8546K(11008K)->8546K(11008K) Class: 1166K(1536K)->1166K(1536K)
[2025-08-01T02:29:24.000+0000] GC(533) Pause Young (Allocation Failure) 3019M->2632M(3641M) 191.430ms
[2025-08-01T02:29:24.000+0000] GC(533) User=1.50s Sys=0.02s Real=0.19s
[2025-08-01T02:29:24.000+0000] GC(534) Pause Full (Ergonomics)
[2025-08-01T02:29:24.000+0000] GC(534) Marking Phase
[2025-08-01T02:29:24.054+0000] GC(534) Marking Phase 54.855ms
[2025-08-01T02:29:24.055+0000] GC(534) Summary Phase
[2025-08-01T02:29:24.055+0000] GC(534) Summary Phase 0.094ms
[2025-08-01T02:29:24.055+0000] GC(534) Adjust Roots
[2025-08-01T02:29:24.056+0000] GC(534) Adjust Roots 1.723ms
[2025-08-01T02:29:24.056+0000] GC(534) Compaction Phase
[2025-08-01T02:29:24.202+0000] GC(534) Compaction Phase 145.370ms
[2025-08-01T02:29:24.202+0000] GC(534) Post Compact
[2025-08-01T02:29:24.219+0000] GC(534) Post Compact 17.472ms
[2025-08-01T02:29:24.219+0000] GC(534) PSYoungGen: 326976K->0K(931840K)
[2025-08-01T02:29:24.219+0000] GC(534) ParOldGen: 2368576K->851342K(2796544K)
[2025-08-01T02:29:24.220+0000] GC(534) Metaspace: 9712K(12544K)->9712K(12544K) NonClass: 8546K(11008K)->8546K(11008K) Class: 1166K(1536K)->1166K(1536K)
[2025-08-01T02:29:24.220+0000] GC(534) Pause Full (Ergonomics) 2632M->831M(3641M) 219.966ms
[2025-08-01T02:29:24.220+0000] GC(534) User=1.56s Sys=0.02s Real=0.22s
[2025-08-01T02:29:24.304+0000] GC(535) Pause Young (Allocation Failure)
[2025-08-01T02:29:24.367+0000] GC(535) PSYoungGen: 465920K->281920K(931840K)
[2025-08-01T02:29:24.367+0000] GC(535) ParOldGen: 851342K->851342K(2796544K)
[2025-08-01T02:29:24.367+0000] GC(535) Metaspace: 9712K(12544K)->9712K(12544K) NonClass: 8546K(11008K)->8546K(11008K) Class: 1166K(1536K)->1166K(1536K)
[2025-08-01T02:29:24.367+0000] GC(535) Pause Young (Allocation Failure) 1286M->1106M(3641M) 63.189ms
[2025-08-01T02:29:24.368+0000] GC(535) User=0.44s Sys=0.01s Real=0.06s
[2025-08-01T02:29:24.457+0000] GC(536) Pause Young (Allocation Failure)
[2025-08-01T02:29:24.673+0000] GC(536) PSYoungGen: 747840K->465920K(931840K)
[2025-08-01T02:29:24.673+0000] GC(536) ParOldGen: 851342K->1142830K(2796544K)
[2025-08-01T02:29:24.673+0000] GC(536) Metaspace: 9712K(12544K)->9712K(12544K) NonClass: 8546K(11008K)->8546K(11008K) Class: 1166K(1536K)->1166K(1536K)
[2025-08-01T02:29:24.673+0000] GC(536) Pause Young (Allocation Failure) 1561M->1571M(3641M) 216.020ms
[2025-08-01T02:29:24.673+0000] GC(536) User=1.60s Sys=0.04s Real=0.22s
[2025-08-01T02:29:24.772+0000] GC(537) Pause Young (Allocation Failure)
[2025-08-01T02:29:24.957+0000] GC(537) PSYoungGen: 931840K->465920K(931840K)
[2025-08-01T02:29:24.957+0000] GC(537) ParOldGen: 1142830K->1618614K(2796544K)
[2025-08-01T02:29:24.957+0000] GC(537) Metaspace: 9712K(12544K)->9712K(12544K) NonClass: 8546K(11008K)->8546K(11008K) Class: 1166K(1536K)->1166K(1536K)
[2025-08-01T02:29:24.957+0000] GC(537) Pause Young (Allocation Failure) 2026M->2035M(3641M) 184.927ms
[2025-08-01T02:29:24.957+0000] GC(537) User=1.44s Sys=0.03s Real=0.19s
[2025-08-01T02:29:25.107+0000] GC(538) Pause Young (Allocation Failure)
[2025-08-01T02:29:25.365+0000] GC(538) PSYoungGen: 931840K->317728K(931840K)
[2025-08-01T02:29:25.365+0000] GC(538) ParOldGen: 1618614K->1844038K(2796544K)
[2025-08-01T02:29:25.365+0000] GC(538) Metaspace: 9712K(12544K)->9712K(12544K) NonClass: 8546K(11008K)->8546K(11008K) Class: 1166K(1536K)->1166K(1536K)
[2025-08-01T02:29:25.366+0000] GC(538) Pause Young (Allocation Failure) 2490M->2111M(3641M) 258.394ms
[2025-08-01T02:29:25.366+0000] GC(538) User=1.97s Sys=0.07s Real=0.26s
[2025-08-01T02:29:25.457+0000] GC(539) Pause Young (Allocation Failure)
[2025-08-01T02:29:25.550+0000] GC(539) PSYoungGen: 783648K->287264K(931840K)
[2025-08-01T02:29:25.550+0000] GC(539) ParOldGen: 1844038K->1939198K(2796544K)
[2025-08-01T02:29:25.550+0000] GC(539) Metaspace: 9712K(12544K)->9712K(12544K) NonClass: 8546K(11008K)->8546K(11008K) Class: 1166K(1536K)->1166K(1536K)
[2025-08-01T02:29:25.550+0000] GC(539) Pause Young (Allocation Failure) 2566M->2174M(3641M) 92.987ms
[2025-08-01T02:29:25.550+0000] GC(539) User=0.70s Sys=0.02s Real=0.09s
[2025-08-01T02:29:25.647+0000] GC(540) Pause Young (Allocation Failure)
[2025-08-01T02:29:25.838+0000] GC(540) PSYoungGen: 753184K->465920K(931840K)
[2025-08-01T02:29:25.838+0000] GC(540) ParOldGen: 1939198K->2236710K(2796544K)
[2025-08-01T02:29:25.838+0000] GC(540) Metaspace: 9712K(12544K)->9712K(12544K) NonClass: 8546K(11008K)->8546K(11008K) Class: 1166K(1536K)->1166K(1536K)
[2025-08-01T02:29:25.838+0000] GC(540) Pause Young (Allocation Failure) 2629M->2639M(3641M) 191.254ms
[2025-08-01T02:29:25.838+0000] GC(540) User=1.38s Sys=0.05s Real=0.19s
[2025-08-01T02:29:25.933+0000] GC(541) Pause Young (Allocation Failure)
[2025-08-01T02:29:26.171+0000] GC(541) PSYoungGen: 931840K->465920K(931840K)
[2025-08-01T02:29:26.171+0000] GC(541) ParOldGen: 2236710K->2716438K(2796544K)
[2025-08-01T02:29:26.171+0000] GC(541) Metaspace: 9712K(12544K)->9712K(12544K) NonClass: 8546K(11008K)->8546K(11008K) Class: 1166K(1536K)->1166K(1536K)
[2025-08-01T02:29:26.171+0000] GC(541) Pause Young (Allocation Failure) 3094M->3107M(3641M) 237.913ms
[2025-08-01T02:29:26.171+0000] GC(541) User=1.83s Sys=0.04s Real=0.23s
[2025-08-01T02:29:26.171+0000] GC(542) Pause Full (Ergonomics)
[2025-08-01T02:29:26.171+0000] GC(542) Marking Phase
[2025-08-01T02:29:26.247+0000] GC(542) Marking Phase 75.339ms
[2025-08-01T02:29:26.247+0000] GC(542) Summary Phase
[2025-08-01T02:29:26.247+0000] GC(542) Summary Phase 0.119ms
[2025-08-01T02:29:26.247+0000] GC(542) Adjust Roots
[2025-08-01T02:29:26.248+0000] GC(542) Adjust Roots 1.253ms
[2025-08-01T02:29:26.248+0000] GC(542) Compaction Phase
[2025-08-01T02:29:26.470+0000] GC(542) Compaction Phase 221.205ms
[2025-08-01T02:29:26.470+0000] GC(542) Post Compact
[2025-08-01T02:29:26.490+0000] GC(542) Post Compact 20.454ms
[2025-08-01T02:29:26.490+0000] GC(542) PSYoungGen: 465920K->0K(931840K)
[2025-08-01T02:29:26.490+0000] GC(542) ParOldGen: 2716438K->1324709K(2796544K)
[2025-08-01T02:29:26.490+0000] GC(542) Metaspace: 9712K(12544K)->9712K(12544K) NonClass: 8546K(11008K)->8546K(11008K) Class: 1166K(1536K)->1166K(1536K)
[2025-08-01T02:29:26.490+0000] GC(542) Pause Full (Ergonomics) 3107M->1293M(3641M) 318.745ms
[2025-08-01T02:29:26.490+0000] GC(542) User=2.32s Sys=0.03s Real=0.32s
[2025-08-01T02:29:26.632+0000] GC(543) Pause Young (Allocation Failure)
[2025-08-01T02:29:26.766+0000] GC(543) PSYoungGen: 465920K->337952K(931840K)
[2025-08-01T02:29:26.766+0000] GC(543) ParOldGen: 1324709K->1324709K(2796544K)
[2025-08-01T02:29:26.766+0000] GC(543) Metaspace: 9712K(12544K)->9712K(12544K) NonClass: 8546K(11008K)->8546K(11008K) Class: 1166K(1536K)->1166K(1536K)
[2025-08-01T02:29:26.766+0000] GC(543) Pause Young (Allocation Failure) 1748M->1623M(3641M) 133.889ms
[2025-08-01T02:29:26.766+0000] GC(543) User=1.01s Sys=0.04s Real=0.14s
[2025-08-01T02:29:26.856+0000] GC(544) Pause Young (Allocation Failure)
[2025-08-01T02:29:26.928+0000] GC(544) PSYoungGen: 803872K->282752K(931840K)
[2025-08-01T02:29:26.928+0000] GC(544) ParOldGen: 1324709K->1429349K(2796544K)
[2025-08-01T02:29:26.928+0000] GC(544) Metaspace: 9712K(12544K)->9712K(12544K) NonClass: 8546K(11008K)->8546K(11008K) Class: 1166K(1536K)->1166K(1536K)
[2025-08-01T02:29:26.928+0000] GC(544) Pause Young (Allocation Failure) 2078M->1671M(3641M) 71.267ms
[2025-08-01T02:29:26.928+0000] GC(544) User=0.55s Sys=0.00s Real=0.07s
[2025-08-01T02:29:27.017+0000] GC(545) Pause Young (Allocation Failure)
[2025-08-01T02:29:27.172+0000] GC(545) PSYoungGen: 748672K->465920K(931840K)
[2025-08-01T02:29:27.172+0000] GC(545) ParOldGen: 1429349K->1721397K(2796544K)
[2025-08-01T02:29:27.172+0000] GC(545) Metaspace: 9712K(12544K)->9712K(12544K) NonClass: 8546K(11008K)->8546K(11008K) Class: 1166K(1536K)->1166K(1536K)
[2025-08-01T02:29:27.172+0000] GC(545) Pause Young (Allocation Failure) 2126M->2136M(3641M) 155.180ms
[2025-08-01T02:29:27.172+0000] GC(545) User=1.19s Sys=0.03s Real=0.15s
[2025-08-01T02:29:27.263+0000] GC(546) Pause Young (Allocation Failure)
[2025-08-01T02:29:27.502+0000] GC(546) PSYoungGen: 931840K->465920K(931840K)
[2025-08-01T02:29:27.502+0000] GC(546) ParOldGen: 1721397K->2201141K(2796544K)
[2025-08-01T02:29:27.502+0000] GC(546) Metaspace: 9712K(12544K)->9712K(12544K) NonClass: 8546K(11008K)->8546K(11008K) Class: 1166K(1536K)->1166K(1536K)
[2025-08-01T02:29:27.502+0000] GC(546) Pause Young (Allocation Failure) 2591M->2604M(3641M) 239.229ms
[2025-08-01T02:29:27.502+0000] GC(546) User=1.82s Sys=0.06s Real=0.23s
[2025-08-01T02:29:27.502+0000] GC(547) Pause Full (Ergonomics)
[2025-08-01T02:29:27.503+0000] GC(547) Marking Phase
[2025-08-01T02:29:27.570+0000] GC(547) Marking Phase 67.476ms
[2025-08-01T02:29:27.570+0000] GC(547) Summary Phase
[2025-08-01T02:29:27.570+0000] GC(547) Summary Phase 0.091ms
[2025-08-01T02:29:27.570+0000] GC(547) Adjust Roots
[2025-08-01T02:29:27.572+0000] GC(547) Adjust Roots 1.788ms
[2025-08-01T02:29:27.572+0000] GC(547) Compaction Phase
[2025-08-01T02:29:27.786+0000] GC(547) Compaction Phase 214.234ms
[2025-08-01T02:29:27.786+0000] GC(547) Post Compact
[2025-08-01T02:29:27.802+0000] GC(547) Post Compact 16.155ms
[2025-08-01T02:29:27.803+0000] GC(547) PSYoungGen: 465920K->0K(931840K)
[2025-08-01T02:29:27.803+0000] GC(547) ParOldGen: 2201141K->1329474K(2796544K)
[2025-08-01T02:29:27.803+0000] GC(547) Metaspace: 9712K(12544K)->9712K(12544K) NonClass: 8546K(11008K)->8546K(11008K) Class: 1166K(1536K)->1166K(1536K)
[2025-08-01T02:29:27.803+0000] GC(547) Pause Full (Ergonomics) 2604M->1298M(3641M) 300.119ms
[2025-08-01T02:29:27.803+0000] GC(547) User=2.22s Sys=0.00s Real=0.30s
[2025-08-01T02:29:27.891+0000] GC(548) Pause Young (Allocation Failure)
[2025-08-01T02:29:27.972+0000] GC(548) PSYoungGen: 465920K->366720K(931840K)
[2025-08-01T02:29:27.972+0000] GC(548) ParOldGen: 1329474K->1329474K(2796544K)
[2025-08-01T02:29:27.972+0000] GC(548) Metaspace: 9712K(12544K)->9712K(12544K) NonClass: 8546K(11008K)->8546K(11008K) Class: 1166K(1536K)->1166K(1536K)
[2025-08-01T02:29:27.972+0000] GC(548) Pause Young (Allocation Failure) 1753M->1656M(3641M) 81.501ms
[2025-08-01T02:29:27.972+0000] GC(548) User=0.62s Sys=0.02s Real=0.08s
[2025-08-01T02:29:28.061+0000] GC(549) Pause Young (Allocation Failure)
[2025-08-01T02:29:28.203+0000] GC(549) PSYoungGen: 832640K->378208K(931840K)
[2025-08-01T02:29:28.203+0000] GC(549) ParOldGen: 1329474K->1584162K(2796544K)
[2025-08-01T02:29:28.203+0000] GC(549) Metaspace: 9712K(12544K)->9712K(12544K) NonClass: 8546K(11008K)->8546K(11008K) Class: 1166K(1536K)->1166K(1536K)
[2025-08-01T02:29:28.203+0000] GC(549) Pause Young (Allocation Failure) 2111M->1916M(3641M) 142.590ms
[2025-08-01T02:29:28.203+0000] GC(549) User=1.06s Sys=0.03s Real=0.15s
[2025-08-01T02:29:28.293+0000] GC(550) Pause Young (Allocation Failure)
[2025-08-01T02:29:28.448+0000] GC(550) PSYoungGen: 844128K->453664K(931840K)
[2025-08-01T02:29:28.448+0000] GC(550) ParOldGen: 1584162K->1859930K(2796544K)
[2025-08-01T02:29:28.448+0000] GC(550) Metaspace: 9712K(12544K)->9712K(12544K) NonClass: 8546K(11008K)->8546K(11008K) Class: 1166K(1536K)->1166K(1536K)
[2025-08-01T02:29:28.448+0000] GC(550) Pause Young (Allocation Failure) 2371M->2259M(3641M) 155.099ms
[2025-08-01T02:29:28.448+0000] GC(550) User=1.20s Sys=0.02s Real=0.15s
[2025-08-01T02:29:28.538+0000] GC(551) Pause Young (Allocation Failure)
[2025-08-01T02:29:28.774+0000] GC(551) PSYoungGen: 919584K->465920K(931840K)
[2025-08-01T02:29:28.774+0000] GC(551) ParOldGen: 1859930K->2326058K(2796544K)
[2025-08-01T02:29:28.774+0000] GC(551) Metaspace: 9712K(12544K)->9712K(12544K) NonClass: 8546K(11008K)->8546K(11008K) Class: 1166K(1536K)->1166K(1536K)
[2025-08-01T02:29:28.774+0000] GC(551) Pause Young (Allocation Failure) 2714M->2726M(3641M) 236.030ms
[2025-08-01T02:29:28.774+0000] GC(551) User=1.81s Sys=0.06s Real=0.24s
[2025-08-01T02:29:28.774+0000] GC(552) Pause Full (Ergonomics)
[2025-08-01T02:29:28.774+0000] GC(552) Marking Phase
[2025-08-01T02:29:28.844+0000] GC(552) Marking Phase 70.072ms
[2025-08-01T02:29:28.844+0000] GC(552) Summary Phase
[2025-08-01T02:29:28.845+0000] GC(552) Summary Phase 0.096ms
[2025-08-01T02:29:28.845+0000] GC(552) Adjust Roots
[2025-08-01T02:29:28.847+0000] GC(552) Adjust Roots 2.031ms
[2025-08-01T02:29:28.847+0000] GC(552) Compaction Phase
[2025-08-01T02:29:29.055+0000] GC(552) Compaction Phase 207.928ms
[2025-08-01T02:29:29.055+0000] GC(552) Post Compact
[2025-08-01T02:29:29.073+0000] GC(552) Post Compact 18.151ms
[2025-08-01T02:29:29.073+0000] GC(552) PSYoungGen: 465920K->0K(931840K)
[2025-08-01T02:29:29.073+0000] GC(552) ParOldGen: 2326058K->1335471K(2796544K)
[2025-08-01T02:29:29.073+0000] GC(552) Metaspace: 9712K(12544K)->9712K(12544K) NonClass: 8546K(11008K)->8546K(11008K) Class: 1166K(1536K)->1166K(1536K)
[2025-08-01T02:29:29.073+0000] GC(552) Pause Full (Ergonomics) 2726M->1304M(3641M) 298.734ms
[2025-08-01T02:29:29.073+0000] GC(552) User=2.16s Sys=0.00s Real=0.30s
[2025-08-01T02:29:29.162+0000] GC(553) Pause Young (Allocation Failure)
[2025-08-01T02:29:29.303+0000] GC(553) PSYoungGen: 465920K->371488K(931840K)
[2025-08-01T02:29:29.303+0000] GC(553) ParOldGen: 1335471K->1335471K(2796544K)
[2025-08-01T02:29:29.303+0000] GC(553) Metaspace: 9712K(12544K)->9712K(12544K) NonClass: 8546K(11008K)->8546K(11008K) Class: 1166K(1536K)->1166K(1536K)
[2025-08-01T02:29:29.303+0000] GC(553) Pause Young (Allocation Failure) 1759M->1666M(3641M) 141.143ms
[2025-08-01T02:29:29.303+0000] GC(553) User=1.06s Sys=0.03s Real=0.14s
[2025-08-01T02:29:29.393+0000] GC(554) Pause Young (Allocation Failure)
[2025-08-01T02:29:29.551+0000] GC(554) PSYoungGen: 837408K->377408K(931840K)
[2025-08-01T02:29:29.551+0000] GC(554) ParOldGen: 1335471K->1614343K(2796544K)
[2025-08-01T02:29:29.551+0000] GC(554) Metaspace: 9712K(12544K)->9712K(12544K) NonClass: 8546K(11008K)->8546K(11008K) Class: 1166K(1536K)->1166K(1536K)
[2025-08-01T02:29:29.551+0000] GC(554) Pause Young (Allocation Failure) 2121M->1945M(3641M) 157.530ms
[2025-08-01T02:29:29.551+0000] GC(554) User=1.18s Sys=0.05s Real=0.15s
[2025-08-01T02:29:29.639+0000] GC(555) Pause Young (Allocation Failure)
[2025-08-01T02:29:29.789+0000] GC(555) PSYoungGen: 843328K->465920K(931840K)
[2025-08-01T02:29:29.789+0000] GC(555) ParOldGen: 1614343K->1876167K(2796544K)
[2025-08-01T02:29:29.789+0000] GC(555) Metaspace: 9712K(12544K)->9712K(12544K) NonClass: 8546K(11008K)->8546K(11008K) Class: 1166K(1536K)->1166K(1536K)
[2025-08-01T02:29:29.789+0000] GC(555) Pause Young (Allocation Failure) 2400M->2287M(3641M) 150.236ms
[2025-08-01T02:29:29.789+0000] GC(555) User=1.16s Sys=0.03s Real=0.15s
[2025-08-01T02:29:29.876+0000] GC(556) Pause Young (Allocation Failure)
[2025-08-01T02:29:30.049+0000] GC(556) PSYoungGen: 931840K->465920K(931840K)
[2025-08-01T02:29:30.049+0000] GC(556) ParOldGen: 1876167K->2353015K(2796544K)
[2025-08-01T02:29:30.049+0000] GC(556) Metaspace: 9712K(12544K)->9712K(12544K) NonClass: 8546K(11008K)->8546K(11008K) Class: 1166K(1536K)->1166K(1536K)
[2025-08-01T02:29:30.049+0000] GC(556) Pause Young (Allocation Failure) 2742M->2752M(3641M) 173.774ms
[2025-08-01T02:29:30.049+0000] GC(556) User=1.37s Sys=0.00s Real=0.17s
[2025-08-01T02:29:30.050+0000] GC(557) Pause Full (Ergonomics)
[2025-08-01T02:29:30.050+0000] GC(557) Marking Phase
[2025-08-01T02:29:30.118+0000] GC(557) Marking Phase 68.172ms
[2025-08-01T02:29:30.118+0000] GC(557) Summary Phase
[2025-08-01T02:29:30.118+0000] GC(557) Summary Phase 0.114ms
[2025-08-01T02:29:30.118+0000] GC(557) Adjust Roots
[2025-08-01T02:29:30.120+0000] GC(557) Adjust Roots 1.823ms
[2025-08-01T02:29:30.120+0000] GC(557) Compaction Phase
[2025-08-01T02:29:30.331+0000] GC(557) Compaction Phase 211.160ms
[2025-08-01T02:29:30.331+0000] GC(557) Post Compact
[2025-08-01T02:29:30.350+0000] GC(557) Post Compact 18.423ms
[2025-08-01T02:29:30.350+0000] GC(557) PSYoungGen: 465920K->0K(931840K)
[2025-08-01T02:29:30.350+0000] GC(557) ParOldGen: 2353015K->1343818K(2796544K)
[2025-08-01T02:29:30.350+0000] GC(557) Metaspace: 9712K(12544K)->9712K(12544K) NonClass: 8546K(11008K)->8546K(11008K) Class: 1166K(1536K)->1166K(1536K)
[2025-08-01T02:29:30.350+0000] GC(557) Pause Full (Ergonomics) 2752M->1312M(3641M) 300.133ms
[2025-08-01T02:29:30.350+0000] GC(557) User=2.20s Sys=0.00s Real=0.30s
[2025-08-01T02:29:30.433+0000] GC(558) Pause Young (Allocation Failure)
[2025-08-01T02:29:30.525+0000] GC(558) PSYoungGen: 465920K->362848K(931840K)
[2025-08-01T02:29:30.525+0000] GC(558) ParOldGen: 1343818K->1343818K(2796544K)
[2025-08-01T02:29:30.525+0000] GC(558) Metaspace: 9712K(12544K)->9712K(12544K) NonClass: 8546K(11008K)->8546K(11008K) Class: 1166K(1536K)->1166K(1536K)
[2025-08-01T02:29:30.526+0000] GC(558) Pause Young (Allocation Failure) 1767M->1666M(3641M) 92.730ms
[2025-08-01T02:29:30.526+0000] GC(558) User=0.70s Sys=0.03s Real=0.10s
[2025-08-01T02:29:30.611+0000] GC(559) Pause Young (Allocation Failure)
[2025-08-01T02:29:30.705+0000] GC(559) PSYoungGen: 828768K->289824K(931840K)
[2025-08-01T02:29:30.705+0000] GC(559) ParOldGen: 1343818K->1463306K(2796544K)
[2025-08-01T02:29:30.705+0000] GC(559) Metaspace: 9712K(12544K)->9712K(12544K) NonClass: 8546K(11008K)->8546K(11008K) Class: 1166K(1536K)->1166K(1536K)
[2025-08-01T02:29:30.705+0000] GC(559) Pause Young (Allocation Failure) 2121M->1712M(3641M) 94.203ms
[2025-08-01T02:29:30.705+0000] GC(559) User=0.72s Sys=0.02s Real=0.10s
[2025-08-01T02:29:30.792+0000] GC(560) Pause Young (Allocation Failure)
[2025-08-01T02:29:30.941+0000] GC(560) PSYoungGen: 755744K->465920K(931840K)
[2025-08-01T02:29:30.941+0000] GC(560) ParOldGen: 1463306K->1763938K(2796544K)
[2025-08-01T02:29:30.941+0000] GC(560) Metaspace: 9712K(12544K)->9712K(12544K) NonClass: 8546K(11008K)->8546K(11008K) Class: 1166K(1536K)->1166K(1536K)
[2025-08-01T02:29:30.941+0000] GC(560) Pause Young (Allocation Failure) 2167M->2177M(3641M) 149.502ms
[2025-08-01T02:29:30.941+0000] GC(560) User=1.13s Sys=0.03s Real=0.15s
[2025-08-01T02:29:31.032+0000] GC(561) Pause Young (Allocation Failure)
[2025-08-01T02:29:31.246+0000] GC(561) PSYoungGen: 931840K->465920K(931840K)
[2025-08-01T02:29:31.246+0000] GC(561) ParOldGen: 1763938K->2240546K(2796544K)
[2025-08-01T02:29:31.246+0000] GC(561) Metaspace: 9712K(12544K)->9712K(12544K) NonClass: 8546K(11008K)->8546K(11008K) Class: 1166K(1536K)->1166K(1536K)
[2025-08-01T02:29:31.246+0000] GC(561) Pause Young (Allocation Failure) 2632M->2643M(3641M) 213.913ms
[2025-08-01T02:29:31.246+0000] GC(561) User=1.66s Sys=0.01s Real=0.22s
[2025-08-01T02:29:31.246+0000] GC(562) Pause Full (Ergonomics)
[2025-08-01T02:29:31.246+0000] GC(562) Marking Phase
[2025-08-01T02:29:31.319+0000] GC(562) Marking Phase 73.255ms
[2025-08-01T02:29:31.319+0000] GC(562) Summary Phase
[2025-08-01T02:29:31.319+0000] GC(562) Summary Phase 0.095ms
[2025-08-01T02:29:31.319+0000] GC(562) Adjust Roots
[2025-08-01T02:29:31.321+0000] GC(562) Adjust Roots 1.854ms
[2025-08-01T02:29:31.321+0000] GC(562) Compaction Phase
[2025-08-01T02:29:31.540+0000] GC(562) Compaction Phase 219.072ms
[2025-08-01T02:29:31.541+0000] GC(562) Post Compact
[2025-08-01T02:29:31.558+0000] GC(562) Post Compact 17.058ms
[2025-08-01T02:29:31.558+0000] GC(562) PSYoungGen: 465920K->0K(931840K)
[2025-08-01T02:29:31.558+0000] GC(562) ParOldGen: 2240546K->1353161K(2796544K)
[2025-08-01T02:29:31.558+0000] GC(562) Metaspace: 9712K(12544K)->9712K(12544K) NonClass: 8546K(11008K)->8546K(11008K) Class: 1166K(1536K)->1166K(1536K)
[2025-08-01T02:29:31.558+0000] GC(562) Pause Full (Ergonomics) 2643M->1321M(3641M) 311.775ms
[2025-08-01T02:29:31.558+0000] GC(562) User=2.32s Sys=0.00s Real=0.31s
[2025-08-01T02:29:31.645+0000] GC(563) Pause Young (Allocation Failure)
[2025-08-01T02:29:31.778+0000] GC(563) PSYoungGen: 465920K->352864K(931840K)
[2025-08-01T02:29:31.778+0000] GC(563) ParOldGen: 1353161K->1353161K(2796544K)
[2025-08-01T02:29:31.778+0000] GC(563) Metaspace: 9712K(12544K)->9712K(12544K) NonClass: 8546K(11008K)->8546K(11008K) Class: 1166K(1536K)->1166K(1536K)
[2025-08-01T02:29:31.778+0000] GC(563) Pause Young (Allocation Failure) 1776M->1666M(3641M) 132.826ms
[2025-08-01T02:29:31.778+0000] GC(563) User=1.02s Sys=0.02s Real=0.13s
[2025-08-01T02:29:31.863+0000] GC(564) Pause Young (Allocation Failure)
[2025-08-01T02:29:31.940+0000] GC(564) PSYoungGen: 818784K->322816K(931840K)
[2025-08-01T02:29:31.940+0000] GC(564) ParOldGen: 1353161K->1447881K(2796544K)
[2025-08-01T02:29:31.940+0000] GC(564) Metaspace: 9712K(12544K)->9712K(12544K) NonClass: 8546K(11008K)->8546K(11008K) Class: 1166K(1536K)->1166K(1536K)
[2025-08-01T02:29:31.940+0000] GC(564) Pause Young (Allocation Failure) 2121M->1729M(3641M) 76.761ms
[2025-08-01T02:29:31.940+0000] GC(564) User=0.54s Sys=0.00s Real=0.07s
[2025-08-01T02:29:32.032+0000] GC(565) Pause Young (Allocation Failure)
[2025-08-01T02:29:32.211+0000] GC(565) PSYoungGen: 788736K->465920K(931840K)
[2025-08-01T02:29:32.211+0000] GC(565) ParOldGen: 1447881K->1782033K(2796544K)
[2025-08-01T02:29:32.211+0000] GC(565) Metaspace: 9712K(12544K)->9712K(12544K) NonClass: 8546K(11008K)->8546K(11008K) Class: 1166K(1536K)->1166K(1536K)
[2025-08-01T02:29:32.211+0000] GC(565) Pause Young (Allocation Failure) 2184M->2195M(3641M) 179.262ms
[2025-08-01T02:29:32.211+0000] GC(565) User=1.36s Sys=0.03s Real=0.18s
[2025-08-01T02:29:32.304+0000] GC(566) Pause Young (Allocation Failure)
[2025-08-01T02:29:32.566+0000] GC(566) PSYoungGen: 931840K->465920K(931840K)
[2025-08-01T02:29:32.566+0000] GC(566) ParOldGen: 1782033K->2260865K(2796544K)
[2025-08-01T02:29:32.566+0000] GC(566) Metaspace: 9712K(12544K)->9712K(12544K) NonClass: 8546K(11008K)->8546K(11008K) Class: 1166K(1536K)->1166K(1536K)
[2025-08-01T02:29:32.566+0000] GC(566) Pause Young (Allocation Failure) 2650M->2662M(3641M) 261.841ms
[2025-08-01T02:29:32.566+0000] GC(566) User=2.00s Sys=0.07s Real=0.26s
[2025-08-01T02:29:32.566+0000] GC(567) Pause Full (Ergonomics)
[2025-08-01T02:29:32.566+0000] GC(567) Marking Phase
[2025-08-01T02:29:32.641+0000] GC(567) Marking Phase 74.765ms
[2025-08-01T02:29:32.641+0000] GC(567) Summary Phase
[2025-08-01T02:29:32.641+0000] GC(567) Summary Phase 0.092ms
[2025-08-01T02:29:32.641+0000] GC(567) Adjust Roots
[2025-08-01T02:29:32.643+0000] GC(567) Adjust Roots 1.839ms
[2025-08-01T02:29:32.643+0000] GC(567) Compaction Phase
[2025-08-01T02:29:32.850+0000] GC(567) Compaction Phase 206.710ms
[2025-08-01T02:29:32.850+0000] GC(567) Post Compact
[2025-08-01T02:29:32.864+0000] GC(567) Post Compact 14.074ms
[2025-08-01T02:29:32.864+0000] GC(567) PSYoungGen: 465920K->0K(931840K)
[2025-08-01T02:29:32.864+0000] GC(567) ParOldGen: 2260865K->1362205K(2796544K)
[2025-08-01T02:29:32.864+0000] GC(567) Metaspace: 9712K(12544K)->9712K(12544K) NonClass: 8546K(11008K)->8546K(11008K) Class: 1166K(1536K)->1166K(1536K)
[2025-08-01T02:29:32.864+0000] GC(567) Pause Full (Ergonomics) 2662M->1330M(3641M) 297.931ms
[2025-08-01T02:29:32.864+0000] GC(567) User=2.22s Sys=0.00s Real=0.30s
[2025-08-01T02:29:32.957+0000] GC(568) Pause Young (Allocation Failure)
[2025-08-01T02:29:33.050+0000] GC(568) PSYoungGen: 465920K->325632K(931840K)
[2025-08-01T02:29:33.050+0000] GC(568) ParOldGen: 1362205K->1362205K(2796544K)
[2025-08-01T02:29:33.050+0000] GC(568) Metaspace: 9712K(12544K)->9712K(12544K) NonClass: 8546K(11008K)->8546K(11008K) Class: 1166K(1536K)->1166K(1536K)
[2025-08-01T02:29:33.050+0000] GC(568) Pause Young (Allocation Failure) 1785M->1648M(3641M) 93.750ms
[2025-08-01T02:29:33.050+0000] GC(568) User=0.63s Sys=0.05s Real=0.09s
[2025-08-01T02:29:33.140+0000] GC(569) Pause Young (Allocation Failure)
[2025-08-01T02:29:33.233+0000] GC(569) PSYoungGen: 791552K->348608K(931840K)
[2025-08-01T02:29:33.233+0000] GC(569) ParOldGen: 1362205K->1441469K(2796544K)
[2025-08-01T02:29:33.233+0000] GC(569) Metaspace: 9712K(12544K)->9712K(12544K) NonClass: 8546K(11008K)->8546K(11008K) Class: 1166K(1536K)->1166K(1536K)
[2025-08-01T02:29:33.233+0000] GC(569) Pause Young (Allocation Failure) 2103M->1748M(3641M) 93.051ms
[2025-08-01T02:29:33.233+0000] GC(569) User=0.70s Sys=0.02s Real=0.09s
[2025-08-01T02:29:33.321+0000] GC(570) Pause Young (Allocation Failure)
[2025-08-01T02:29:33.481+0000] GC(570) PSYoungGen: 814528K->465920K(931840K)
[2025-08-01T02:29:33.481+0000] GC(570) ParOldGen: 1441469K->1801013K(2796544K)
[2025-08-01T02:29:33.481+0000] GC(570) Metaspace: 9712K(12544K)->9712K(12544K) NonClass: 8546K(11008K)->8546K(11008K) Class: 1166K(1536K)->1166K(1536K)
[2025-08-01T02:29:33.481+0000] GC(570) Pause Young (Allocation Failure) 2203M->2213M(3641M) 160.030ms
[2025-08-01T02:29:33.481+0000] GC(570) User=1.25s Sys=0.00s Real=0.16s
[2025-08-01T02:29:33.570+0000] GC(571) Pause Young (Allocation Failure)
[2025-08-01T02:29:33.748+0000] GC(571) PSYoungGen: 931840K->465920K(931840K)
[2025-08-01T02:29:33.748+0000] GC(571) ParOldGen: 1801013K->2276909K(2796544K)
[2025-08-01T02:29:33.748+0000] GC(571) Metaspace: 9712K(12544K)->9712K(12544K) NonClass: 8546K(11008K)->8546K(11008K) Class: 1166K(1536K)->1166K(1536K)
[2025-08-01T02:29:33.748+0000] GC(571) Pause Young (Allocation Failure) 2668M->2678M(3641M) 178.651ms
[2025-08-01T02:29:33.748+0000] GC(571) User=1.41s Sys=0.01s Real=0.18s
[2025-08-01T02:29:33.748+0000] GC(572) Pause Full (Ergonomics)
[2025-08-01T02:29:33.748+0000] GC(572) Marking Phase
[2025-08-01T02:29:33.818+0000] GC(572) Marking Phase 69.932ms
[2025-08-01T02:29:33.819+0000] GC(572) Summary Phase
[2025-08-01T02:29:33.819+0000] GC(572) Summary Phase 0.094ms
[2025-08-01T02:29:33.819+0000] GC(572) Adjust Roots
[2025-08-01T02:29:33.821+0000] GC(572) Adjust Roots 1.886ms
[2025-08-01T02:29:33.821+0000] GC(572) Compaction Phase
[2025-08-01T02:29:34.032+0000] GC(572) Compaction Phase 211.813ms
[2025-08-01T02:29:34.032+0000] GC(572) Post Compact
[2025-08-01T02:29:34.050+0000] GC(572) Post Compact 17.207ms
[2025-08-01T02:29:34.050+0000] GC(572) PSYoungGen: 465920K->0K(931840K)
[2025-08-01T02:29:34.050+0000] GC(572) ParOldGen: 2276909K->1371093K(2796544K)
[2025-08-01T02:29:34.050+0000] GC(572) Metaspace: 9712K(12544K)->9712K(12544K) NonClass: 8546K(11008K)->8546K(11008K) Class: 1166K(1536K)->1166K(1536K)
[2025-08-01T02:29:34.050+0000] GC(572) Pause Full (Ergonomics) 2678M->1338M(3641M) 301.392ms
[2025-08-01T02:29:34.050+0000] GC(572) User=2.23s Sys=0.00s Real=0.30s
[2025-08-01T02:29:34.140+0000] GC(573) Pause Young (Allocation Failure)
[2025-08-01T02:29:34.247+0000] GC(573) PSYoungGen: 465920K->333664K(931840K)
[2025-08-01T02:29:34.247+0000] GC(573) ParOldGen: 1371093K->1371093K(2796544K)
[2025-08-01T02:29:34.247+0000] GC(573) Metaspace: 9712K(12544K)->9712K(12544K) NonClass: 8546K(11008K)->8546K(11008K) Class: 1166K(1536K)->1166K(1536K)
[2025-08-01T02:29:34.247+0000] GC(573) Pause Young (Allocation Failure) 1793M->1664M(3641M) 107.349ms
[2025-08-01T02:29:34.247+0000] GC(573) User=0.81s Sys=0.03s Real=0.11s
[2025-08-01T02:29:34.340+0000] GC(574) Pause Young (Allocation Failure)
[2025-08-01T02:29:34.498+0000] GC(574) PSYoungGen: 799584K->330912K(931840K)
[2025-08-01T02:29:34.498+0000] GC(574) ParOldGen: 1371093K->1477093K(2796544K)
[2025-08-01T02:29:34.498+0000] GC(574) Metaspace: 9712K(12544K)->9712K(12544K) NonClass: 8546K(11008K)->8546K(11008K) Class: 1166K(1536K)->1166K(1536K)
[2025-08-01T02:29:34.498+0000] GC(574) Pause Young (Allocation Failure) 2119M->1765M(3641M) 157.704ms
[2025-08-01T02:29:34.498+0000] GC(574) User=1.17s Sys=0.04s Real=0.16s
[2025-08-01T02:29:34.590+0000] GC(575) Pause Young (Allocation Failure)
[2025-08-01T02:29:34.753+0000] GC(575) PSYoungGen: 796832K->465920K(931840K)
[2025-08-01T02:29:34.753+0000] GC(575) ParOldGen: 1477093K->1815973K(2796544K)
[2025-08-01T02:29:34.753+0000] GC(575) Metaspace: 9712K(12544K)->9712K(12544K) NonClass: 8546K(11008K)->8546K(11008K) Class: 1166K(1536K)->1166K(1536K)
[2025-08-01T02:29:34.753+0000] GC(575) Pause Young (Allocation Failure) 2220M->2228M(3641M) 162.410ms
[2025-08-01T02:29:34.753+0000] GC(575) User=1.25s Sys=0.02s Real=0.17s
[2025-08-01T02:29:34.839+0000] GC(576) Pause Young (Allocation Failure)
[2025-08-01T02:29:35.001+0000] GC(576) PSYoungGen: 931840K->465920K(931840K)
[2025-08-01T02:29:35.001+0000] GC(576) ParOldGen: 1815973K->2291093K(2796544K)
[2025-08-01T02:29:35.001+0000] GC(576) Metaspace: 9712K(12544K)->9712K(12544K) NonClass: 8546K(11008K)->8546K(11008K) Class: 1166K(1536K)->1166K(1536K)
[2025-08-01T02:29:35.001+0000] GC(576) Pause Young (Allocation Failure) 2683M->2692M(3641M) 162.140ms
[2025-08-01T02:29:35.001+0000] GC(576) User=1.28s Sys=0.00s Real=0.16s
[2025-08-01T02:29:35.001+0000] GC(577) Pause Full (Ergonomics)
[2025-08-01T02:29:35.001+0000] GC(577) Marking Phase
[2025-08-01T02:29:35.097+0000] GC(577) Marking Phase 96.008ms
[2025-08-01T02:29:35.097+0000] GC(577) Summary Phase
[2025-08-01T02:29:35.097+0000] GC(577) Summary Phase 0.105ms
[2025-08-01T02:29:35.097+0000] GC(577) Adjust Roots
[2025-08-01T02:29:35.099+0000] GC(577) Adjust Roots 2.027ms
[2025-08-01T02:29:35.100+0000] GC(577) Compaction Phase
[2025-08-01T02:29:35.322+0000] GC(577) Compaction Phase 222.312ms
[2025-08-01T02:29:35.322+0000] GC(577) Post Compact
[2025-08-01T02:29:35.340+0000] GC(577) Post Compact 18.019ms
[2025-08-01T02:29:35.340+0000] GC(577) PSYoungGen: 465920K->0K(931840K)
[2025-08-01T02:29:35.340+0000] GC(577) ParOldGen: 2291093K->1376507K(2796544K)
[2025-08-01T02:29:35.340+0000] GC(577) Metaspace: 9712K(12544K)->9712K(12544K) NonClass: 8546K(11008K)->8546K(11008K) Class: 1166K(1536K)->1166K(1536K)
[2025-08-01T02:29:35.340+0000] GC(577) Pause Full (Ergonomics) 2692M->1344M(3641M) 339.076ms
[2025-08-01T02:29:35.340+0000] GC(577) User=2.47s Sys=0.02s Real=0.34s
[2025-08-01T02:29:35.430+0000] GC(578) Pause Young (Allocation Failure)
[2025-08-01T02:29:35.531+0000] GC(578) PSYoungGen: 465920K->325184K(931840K)
[2025-08-01T02:29:35.531+0000] GC(578) ParOldGen: 1376507K->1376507K(2796544K)
[2025-08-01T02:29:35.531+0000] GC(578) Metaspace: 9712K(12544K)->9712K(12544K) NonClass: 8546K(11008K)->8546K(11008K) Class: 1166K(1536K)->1166K(1536K)
[2025-08-01T02:29:35.531+0000] GC(578) Pause Young (Allocation Failure) 1799M->1661M(3641M) 100.514ms
[2025-08-01T02:29:35.531+0000] GC(578) User=0.74s Sys=0.03s Real=0.10s
[2025-08-01T02:29:35.630+0000] GC(579) Pause Young (Allocation Failure)
[2025-08-01T02:29:35.721+0000] GC(579) PSYoungGen: 791104K->357888K(931840K)
[2025-08-01T02:29:35.721+0000] GC(579) ParOldGen: 1376507K->1463171K(2796544K)
[2025-08-01T02:29:35.721+0000] GC(579) Metaspace: 9712K(12544K)->9712K(12544K) NonClass: 8546K(11008K)->8546K(11008K) Class: 1166K(1536K)->1166K(1536K)
[2025-08-01T02:29:35.721+0000] GC(579) Pause Young (Allocation Failure) 2116M->1778M(3641M) 90.848ms
[2025-08-01T02:29:35.721+0000] GC(579) User=0.70s Sys=0.00s Real=0.09s
[2025-08-01T02:29:35.816+0000] GC(580) Pause Young (Allocation Failure)
[2025-08-01T02:29:35.977+0000] GC(580) PSYoungGen: 823808K->465920K(931840K)
[2025-08-01T02:29:35.977+0000] GC(580) ParOldGen: 1463171K->1831699K(2796544K)
[2025-08-01T02:29:35.977+0000] GC(580) Metaspace: 9712K(12544K)->9712K(12544K) NonClass: 8546K(11008K)->8546K(11008K) Class: 1166K(1536K)->1166K(1536K)
[2025-08-01T02:29:35.977+0000] GC(580) Pause Young (Allocation Failure) 2233M->2243M(3641M) 161.006ms
[2025-08-01T02:29:35.977+0000] GC(580) User=1.24s Sys=0.01s Real=0.16s
[2025-08-01T02:29:36.068+0000] GC(581) Pause Young (Allocation Failure)
[2025-08-01T02:29:36.279+0000] GC(581) PSYoungGen: 931840K->465920K(931840K)
[2025-08-01T02:29:36.279+0000] GC(581) ParOldGen: 1831699K->2310467K(2796544K)
[2025-08-01T02:29:36.279+0000] GC(581) Metaspace: 9712K(12544K)->9712K(12544K) NonClass: 8546K(11008K)->8546K(11008K) Class: 1166K(1536K)->1166K(1536K)
[2025-08-01T02:29:36.279+0000] GC(581) Pause Young (Allocation Failure) 2698M->2711M(3641M) 211.433ms
[2025-08-01T02:29:36.279+0000] GC(581) User=1.57s Sys=0.05s Real=0.21s
[2025-08-01T02:29:36.279+0000] GC(582) Pause Full (Ergonomics)
[2025-08-01T02:29:36.279+0000] GC(582) Marking Phase
[2025-08-01T02:29:36.357+0000] GC(582) Marking Phase 77.451ms
[2025-08-01T02:29:36.357+0000] GC(582) Summary Phase
[2025-08-01T02:29:36.357+0000] GC(582) Summary Phase 0.108ms
[2025-08-01T02:29:36.357+0000] GC(582) Adjust Roots
[2025-08-01T02:29:36.359+0000] GC(582) Adjust Roots 2.115ms
[2025-08-01T02:29:36.359+0000] GC(582) Compaction Phase
[2025-08-01T02:29:36.629+0000] GC(582) Compaction Phase 269.531ms
[2025-08-01T02:29:36.629+0000] GC(582) Post Compact
[2025-08-01T02:29:36.647+0000] GC(582) Post Compact 18.001ms
[2025-08-01T02:29:36.647+0000] GC(582) PSYoungGen: 465920K->0K(931840K)
[2025-08-01T02:29:36.647+0000] GC(582) ParOldGen: 2310467K->1387805K(2796544K)
[2025-08-01T02:29:36.647+0000] GC(582) Metaspace: 9712K(12544K)->9712K(12544K) NonClass: 8546K(11008K)->8546K(11008K) Class: 1166K(1536K)->1166K(1536K)
[2025-08-01T02:29:36.647+0000] GC(582) Pause Full (Ergonomics) 2711M->1355M(3641M) 367.613ms
[2025-08-01T02:29:36.647+0000] GC(582) User=2.69s Sys=0.06s Real=0.37s
[2025-08-01T02:29:36.732+0000] GC(583) Pause Young (Allocation Failure)
[2025-08-01T02:29:36.778+0000] GC(583) PSYoungGen: 465920K->169824K(931840K)
[2025-08-01T02:29:36.779+0000] GC(583) ParOldGen: 1387805K->1387805K(2796544K)
[2025-08-01T02:29:36.779+0000] GC(583) Metaspace: 9712K(12544K)->9712K(12544K) NonClass: 8546K(11008K)->8546K(11008K) Class: 1166K(1536K)->1166K(1536K)
[2025-08-01T02:29:36.779+0000] GC(583) Pause Young (Allocation Failure) 1810M->1521M(3641M) 46.547ms
[2025-08-01T02:29:36.779+0000] GC(583) User=0.36s Sys=0.01s Real=0.05s
[2025-08-01T02:29:36.867+0000] GC(584) Pause Young (Allocation Failure)
[2025-08-01T02:29:36.952+0000] GC(584) PSYoungGen: 635744K->406144K(931840K)
[2025-08-01T02:29:36.952+0000] GC(584) ParOldGen: 1387805K->1437749K(2796544K)
[2025-08-01T02:29:36.952+0000] GC(584) Metaspace: 9712K(12544K)->9712K(12544K) NonClass: 8546K(11008K)->8546K(11008K) Class: 1166K(1536K)->1166K(1536K)
[2025-08-01T02:29:36.952+0000] GC(584) Pause Young (Allocation Failure) 1976M->1800M(3641M) 85.159ms
[2025-08-01T02:29:36.952+0000] GC(584) User=0.62s Sys=0.01s Real=0.08s
[2025-08-01T02:29:37.050+0000] GC(585) Pause Young (Allocation Failure)
[2025-08-01T02:29:37.332+0000] GC(585) PSYoungGen: 872064K->465920K(931840K)
[2025-08-01T02:29:37.332+0000] GC(585) ParOldGen: 1437749K->1854349K(2796544K)
[2025-08-01T02:29:37.332+0000] GC(585) Metaspace: 9712K(12544K)->9712K(12544K) NonClass: 8546K(11008K)->8546K(11008K) Class: 1166K(1536K)->1166K(1536K)
[2025-08-01T02:29:37.332+0000] GC(585) Pause Young (Allocation Failure) 2255M->2265M(3641M) 282.553ms
[2025-08-01T02:29:37.332+0000] GC(585) User=2.13s Sys=0.05s Real=0.28s
[2025-08-01T02:29:37.423+0000] GC(586) Pause Young (Allocation Failure)
[2025-08-01T02:29:37.610+0000] GC(586) PSYoungGen: 931840K->465920K(931840K)
[2025-08-01T02:29:37.610+0000] GC(586) ParOldGen: 1854349K->2329533K(2796544K)
[2025-08-01T02:29:37.610+0000] GC(586) Metaspace: 9712K(12544K)->9712K(12544K) NonClass: 8546K(11008K)->8546K(11008K) Class: 1166K(1536K)->1166K(1536K)
[2025-08-01T02:29:37.610+0000] GC(586) Pause Young (Allocation Failure) 2720M->2729M(3641M) 186.921ms
[2025-08-01T02:29:37.610+0000] GC(586) User=1.46s Sys=0.02s Real=0.18s
[2025-08-01T02:29:37.610+0000] GC(587) Pause Full (Ergonomics)
[2025-08-01T02:29:37.610+0000] GC(587) Marking Phase
[2025-08-01T02:29:37.686+0000] GC(587) Marking Phase 76.065ms
[2025-08-01T02:29:37.686+0000] GC(587) Summary Phase
[2025-08-01T02:29:37.687+0000] GC(587) Summary Phase 0.099ms
[2025-08-01T02:29:37.687+0000] GC(587) Adjust Roots
[2025-08-01T02:29:37.688+0000] GC(587) Adjust Roots 1.780ms
[2025-08-01T02:29:37.688+0000] GC(587) Compaction Phase
[2025-08-01T02:29:37.916+0000] GC(587) Compaction Phase 228.084ms
[2025-08-01T02:29:37.917+0000] GC(587) Post Compact
[2025-08-01T02:29:37.935+0000] GC(587) Post Compact 18.214ms
[2025-08-01T02:29:37.935+0000] GC(587) PSYoungGen: 465920K->0K(931840K)
[2025-08-01T02:29:37.935+0000] GC(587) ParOldGen: 2329533K->1398008K(2796544K)
[2025-08-01T02:29:37.935+0000] GC(587) Metaspace: 9712K(12544K)->9712K(12544K) NonClass: 8546K(11008K)->8546K(11008K) Class: 1166K(1536K)->1166K(1536K)
[2025-08-01T02:29:37.935+0000] GC(587) Pause Full (Ergonomics) 2729M->1365M(3641M) 324.829ms
[2025-08-01T02:29:37.935+0000] GC(587) User=2.40s Sys=0.01s Real=0.33s
[2025-08-01T02:29:38.021+0000] GC(588) Pause Young (Allocation Failure)
[2025-08-01T02:29:38.106+0000] GC(588) PSYoungGen: 465920K->177152K(931840K)
[2025-08-01T02:29:38.106+0000] GC(588) ParOldGen: 1398008K->1398008K(2796544K)
[2025-08-01T02:29:38.106+0000] GC(588) Metaspace: 9712K(12544K)->9712K(12544K) NonClass: 8546K(11008K)->8546K(11008K) Class: 1166K(1536K)->1166K(1536K)
[2025-08-01T02:29:38.106+0000] GC(588) Pause Young (Allocation Failure) 1820M->1538M(3641M) 84.873ms
[2025-08-01T02:29:38.106+0000] GC(588) User=0.61s Sys=0.02s Real=0.09s
[2025-08-01T02:29:38.206+0000] GC(589) Pause Young (Allocation Failure)
[2025-08-01T02:29:38.330+0000] GC(589) PSYoungGen: 643072K->424864K(931840K)
[2025-08-01T02:29:38.330+0000] GC(589) ParOldGen: 1398008K->1436568K(2796544K)
[2025-08-01T02:29:38.330+0000] GC(589) Metaspace: 9712K(12544K)->9712K(12544K) NonClass: 8546K(11008K)->8546K(11008K) Class: 1166K(1536K)->1166K(1536K)
[2025-08-01T02:29:38.330+0000] GC(589) Pause Young (Allocation Failure) 1993M->1817M(3641M) 123.875ms
[2025-08-01T02:29:38.330+0000] GC(589) User=0.92s Sys=0.03s Real=0.12s
[2025-08-01T02:29:38.417+0000] GC(590) Pause Young (Allocation Failure)
[2025-08-01T02:29:38.603+0000] GC(590) PSYoungGen: 890784K->465920K(931840K)
[2025-08-01T02:29:38.603+0000] GC(590) ParOldGen: 1436568K->1874152K(2796544K)
[2025-08-01T02:29:38.603+0000] GC(590) Metaspace: 9712K(12544K)->9712K(12544K) NonClass: 8546K(11008K)->8546K(11008K) Class: 1166K(1536K)->1166K(1536K)
[2025-08-01T02:29:38.603+0000] GC(590) Pause Young (Allocation Failure) 2272M->2285M(3641M) 185.991ms
[2025-08-01T02:29:38.603+0000] GC(590) User=1.43s Sys=0.03s Real=0.19s
[2025-08-01T02:29:38.689+0000] GC(591) Pause Young (Allocation Failure)
[2025-08-01T02:29:38.870+0000] GC(591) PSYoungGen: 931840K->465920K(931840K)
[2025-08-01T02:29:38.870+0000] GC(591) ParOldGen: 1874152K->2351200K(2796544K)
[2025-08-01T02:29:38.870+0000] GC(591) Metaspace: 9712K(12544K)->9712K(12544K) NonClass: 8546K(11008K)->8546K(11008K) Class: 1166K(1536K)->1166K(1536K)
[2025-08-01T02:29:38.870+0000] GC(591) Pause Young (Allocation Failure) 2740M->2751M(3641M) 181.580ms
[2025-08-01T02:29:38.870+0000] GC(591) User=1.41s Sys=0.02s Real=0.18s
[2025-08-01T02:29:38.870+0000] GC(592) Pause Full (Ergonomics)
[2025-08-01T02:29:38.870+0000] GC(592) Marking Phase
[2025-08-01T02:29:38.957+0000] GC(592) Marking Phase 87.015ms
[2025-08-01T02:29:38.957+0000] GC(592) Summary Phase
[2025-08-01T02:29:38.957+0000] GC(592) Summary Phase 0.093ms
[2025-08-01T02:29:38.957+0000] GC(592) Adjust Roots
[2025-08-01T02:29:38.959+0000] GC(592) Adjust Roots 1.793ms
[2025-08-01T02:29:38.959+0000] GC(592) Compaction Phase
[2025-08-01T02:29:39.188+0000] GC(592) Compaction Phase 228.596ms
[2025-08-01T02:29:39.188+0000] GC(592) Post Compact
[2025-08-01T02:29:39.206+0000] GC(592) Post Compact 18.340ms
[2025-08-01T02:29:39.206+0000] GC(592) PSYoungGen: 465920K->0K(931840K)
[2025-08-01T02:29:39.206+0000] GC(592) ParOldGen: 2351200K->1407508K(2796544K)
[2025-08-01T02:29:39.206+0000] GC(592) Metaspace: 9712K(12544K)->9712K(12544K) NonClass: 8546K(11008K)->8546K(11008K) Class: 1166K(1536K)->1166K(1536K)
[2025-08-01T02:29:39.206+0000] GC(592) Pause Full (Ergonomics) 2751M->1374M(3641M) 336.216ms
[2025-08-01T02:29:39.207+0000] GC(592) User=2.49s Sys=0.02s Real=0.34s
[2025-08-01T02:29:39.298+0000] GC(593) Pause Young (Allocation Failure)
[2025-08-01T02:29:39.365+0000] GC(593) PSYoungGen: 465920K->146432K(931840K)
[2025-08-01T02:29:39.365+0000] GC(593) ParOldGen: 1407508K->1407508K(2796544K)
[2025-08-01T02:29:39.365+0000] GC(593) Metaspace: 9712K(12544K)->9712K(12544K) NonClass: 8546K(11008K)->8546K(11008K) Class: 1166K(1536K)->1166K(1536K)
[2025-08-01T02:29:39.365+0000] GC(593) Pause Young (Allocation Failure) 1829M->1517M(3641M) 67.037ms
[2025-08-01T02:29:39.365+0000] GC(593) User=0.44s Sys=0.03s Real=0.07s
[2025-08-01T02:29:39.454+0000] GC(594) Pause Young (Allocation Failure)
[2025-08-01T02:29:39.579+0000] GC(594) PSYoungGen: 612352K->439104K(931840K)
[2025-08-01T02:29:39.579+0000] GC(594) ParOldGen: 1407508K->1441716K(2796544K)
[2025-08-01T02:29:39.579+0000] GC(594) Metaspace: 9712K(12544K)->9712K(12544K) NonClass: 8546K(11008K)->8546K(11008K) Class: 1166K(1536K)->1166K(1536K)
[2025-08-01T02:29:39.579+0000] GC(594) Pause Young (Allocation Failure) 1972M->1836M(3641M) 124.361ms
[2025-08-01T02:29:39.579+0000] GC(594) User=0.90s Sys=0.04s Real=0.12s
[2025-08-01T02:29:39.663+0000] GC(595) Pause Young (Allocation Failure)
[2025-08-01T02:29:39.844+0000] GC(595) PSYoungGen: 905024K->465920K(931840K)
[2025-08-01T02:29:39.844+0000] GC(595) ParOldGen: 1441716K->1889964K(2796544K)
[2025-08-01T02:29:39.844+0000] GC(595) Metaspace: 9712K(12544K)->9712K(12544K) NonClass: 8546K(11008K)->8546K(11008K) Class: 1166K(1536K)->1166K(1536K)
[2025-08-01T02:29:39.844+0000] GC(595) Pause Young (Allocation Failure) 2291M->2300M(3641M) 180.656ms
[2025-08-01T02:29:39.844+0000] GC(595) User=1.41s Sys=0.03s Real=0.18s
[2025-08-01T02:29:39.928+0000] GC(596) Pause Young (Allocation Failure)
[2025-08-01T02:29:40.145+0000] GC(596) PSYoungGen: 931840K->465920K(931840K)
[2025-08-01T02:29:40.145+0000] GC(596) ParOldGen: 1889964K->2367268K(2796544K)
[2025-08-01T02:29:40.145+0000] GC(596) Metaspace: 9712K(12544K)->9712K(12544K) NonClass: 8546K(11008K)->8546K(11008K) Class: 1166K(1536K)->1166K(1536K)
[2025-08-01T02:29:40.145+0000] GC(596) Pause Young (Allocation Failure) 2755M->2766M(3641M) 216.759ms
[2025-08-01T02:29:40.145+0000] GC(596) User=1.63s Sys=0.06s Real=0.22s
[2025-08-01T02:29:40.145+0000] GC(597) Pause Full (Ergonomics)
[2025-08-01T02:29:40.145+0000] GC(597) Marking Phase
[2025-08-01T02:29:40.219+0000] GC(597) Marking Phase 73.958ms
[2025-08-01T02:29:40.219+0000] GC(597) Summary Phase
[2025-08-01T02:29:40.220+0000] GC(597) Summary Phase 0.993ms
[2025-08-01T02:29:40.220+0000] GC(597) Adjust Roots
[2025-08-01T02:29:40.222+0000] GC(597) Adjust Roots 2.046ms
[2025-08-01T02:29:40.222+0000] GC(597) Compaction Phase
[2025-08-01T02:29:40.478+0000] GC(597) Compaction Phase 256.015ms
[2025-08-01T02:29:40.478+0000] GC(597) Post Compact
[2025-08-01T02:29:40.494+0000] GC(597) Post Compact 15.680ms
[2025-08-01T02:29:40.494+0000] GC(597) PSYoungGen: 465920K->0K(931840K)
[2025-08-01T02:29:40.494+0000] GC(597) ParOldGen: 2367268K->1414157K(2796544K)
[2025-08-01T02:29:40.494+0000] GC(597) Metaspace: 9712K(12544K)->9712K(12544K) NonClass: 8546K(11008K)->8546K(11008K) Class: 1166K(1536K)->1166K(1536K)
[2025-08-01T02:29:40.494+0000] GC(597) Pause Full (Ergonomics) 2766M->1381M(3641M) 349.176ms
[2025-08-01T02:29:40.494+0000] GC(597) User=2.50s Sys=0.05s Real=0.35s
[2025-08-01T02:29:40.584+0000] GC(598) Pause Young (Allocation Failure)
[2025-08-01T02:29:40.682+0000] GC(598) PSYoungGen: 465920K->278688K(931840K)
[2025-08-01T02:29:40.682+0000] GC(598) ParOldGen: 1414157K->1414157K(2796544K)
[2025-08-01T02:29:40.682+0000] GC(598) Metaspace: 9712K(12544K)->9712K(12544K) NonClass: 8546K(11008K)->8546K(11008K) Class: 1166K(1536K)->1166K(1536K)
[2025-08-01T02:29:40.682+0000] GC(598) Pause Young (Allocation Failure) 1836M->1653M(3641M) 97.871ms
[2025-08-01T02:29:40.682+0000] GC(598) User=0.72s Sys=0.05s Real=0.09s
[2025-08-01T02:29:40.774+0000] GC(599) Pause Young (Allocation Failure)
[2025-08-01T02:29:40.863+0000] GC(599) PSYoungGen: 744608K->441408K(931840K)
[2025-08-01T02:29:40.863+0000] GC(599) ParOldGen: 1414157K->1454021K(2796544K)
[2025-08-01T02:29:40.863+0000] GC(599) Metaspace: 9712K(12544K)->9712K(12544K) NonClass: 8546K(11008K)->8546K(11008K) Class: 1166K(1536K)->1166K(1536K)
[2025-08-01T02:29:40.863+0000] GC(599) Pause Young (Allocation Failure) 2108M->1851M(3641M) 88.404ms
[2025-08-01T02:29:40.863+0000] GC(599) User=0.68s Sys=0.01s Real=0.08s
[2025-08-01T02:29:40.951+0000] GC(600) Pause Young (Allocation Failure)
[2025-08-01T02:29:41.214+0000] GC(600) PSYoungGen: 907328K->465920K(931840K)
[2025-08-01T02:29:41.214+0000] GC(600) ParOldGen: 1454021K->1909581K(2796544K)
[2025-08-01T02:29:41.214+0000] GC(600) Metaspace: 9712K(12544K)->9712K(12544K) NonClass: 8546K(11008K)->8546K(11008K) Class: 1166K(1536K)->1166K(1536K)
[2025-08-01T02:29:41.214+0000] GC(600) Pause Young (Allocation Failure) 2306M->2319M(3641M) 262.746ms
[2025-08-01T02:29:41.214+0000] GC(600) User=1.99s Sys=0.07s Real=0.27s
[2025-08-01T02:29:41.302+0000] GC(601) Pause Young (Allocation Failure)
[2025-08-01T02:29:41.545+0000] GC(601) PSYoungGen: 931840K->465920K(931840K)
[2025-08-01T02:29:41.545+0000] GC(601) ParOldGen: 1909581K->2387285K(2796544K)
[2025-08-01T02:29:41.545+0000] GC(601) Metaspace: 9712K(12544K)->9712K(12544K) NonClass: 8546K(11008K)->8546K(11008K) Class: 1166K(1536K)->1166K(1536K)
[2025-08-01T02:29:41.545+0000] GC(601) Pause Young (Allocation Failure) 2774M->2786M(3641M) 243.022ms
[2025-08-01T02:29:41.545+0000] GC(601) User=1.83s Sys=0.06s Real=0.25s
[2025-08-01T02:29:41.545+0000] GC(602) Pause Full (Ergonomics)
[2025-08-01T02:29:41.545+0000] GC(602) Marking Phase
[2025-08-01T02:29:41.622+0000] GC(602) Marking Phase 76.852ms
[2025-08-01T02:29:41.622+0000] GC(602) Summary Phase
[2025-08-01T02:29:41.622+0000] GC(602) Summary Phase 0.095ms
[2025-08-01T02:29:41.622+0000] GC(602) Adjust Roots
[2025-08-01T02:29:41.624+0000] GC(602) Adjust Roots 1.715ms
[2025-08-01T02:29:41.624+0000] GC(602) Compaction Phase
[2025-08-01T02:29:41.848+0000] GC(602) Compaction Phase 223.747ms
[2025-08-01T02:29:41.848+0000] GC(602) Post Compact
[2025-08-01T02:29:41.862+0000] GC(602) Post Compact 14.140ms
[2025-08-01T02:29:41.862+0000] GC(602) PSYoungGen: 465920K->0K(931840K)
[2025-08-01T02:29:41.862+0000] GC(602) ParOldGen: 2387285K->1425402K(2796544K)
[2025-08-01T02:29:41.862+0000] GC(602) Metaspace: 9712K(12544K)->9712K(12544K) NonClass: 8546K(11008K)->8546K(11008K) Class: 1166K(1536K)->1166K(1536K)
[2025-08-01T02:29:41.862+0000] GC(602) Pause Full (Ergonomics) 2786M->1391M(3641M) 316.977ms
[2025-08-01T02:29:41.862+0000] GC(602) User=2.37s Sys=0.01s Real=0.31s
[2025-08-01T02:29:41.950+0000] GC(603) Pause Young (Allocation Failure)
[2025-08-01T02:29:42.016+0000] GC(603) PSYoungGen: 465920K->295520K(931840K)
[2025-08-01T02:29:42.016+0000] GC(603) ParOldGen: 1425402K->1425402K(2796544K)
[2025-08-01T02:29:42.016+0000] GC(603) Metaspace: 9712K(12544K)->9712K(12544K) NonClass: 8546K(11008K)->8546K(11008K) Class: 1166K(1536K)->1166K(1536K)
[2025-08-01T02:29:42.016+0000] GC(603) Pause Young (Allocation Failure) 1846M->1680M(3641M) 65.497ms
[2025-08-01T02:29:42.016+0000] GC(603) User=0.49s Sys=0.01s Real=0.07s
[2025-08-01T02:29:42.107+0000] GC(604) Pause Young (Allocation Failure)
[2025-08-01T02:29:42.258+0000] GC(604) PSYoungGen: 761440K->426528K(931840K)
[2025-08-01T02:29:42.258+0000] GC(604) ParOldGen: 1425402K->1489778K(2796544K)
[2025-08-01T02:29:42.258+0000] GC(604) Metaspace: 9712K(12544K)->9712K(12544K) NonClass: 8546K(11008K)->8546K(11008K) Class: 1166K(1536K)->1166K(1536K)
[2025-08-01T02:29:42.258+0000] GC(604) Pause Young (Allocation Failure) 2135M->1871M(3641M) 150.737ms
[2025-08-01T02:29:42.258+0000] GC(604) User=1.14s Sys=0.04s Real=0.15s
[2025-08-01T02:29:42.344+0000] GC(605) Pause Young (Allocation Failure)
[2025-08-01T02:29:42.545+0000] GC(605) PSYoungGen: 892448K->465920K(931840K)
[2025-08-01T02:29:42.545+0000] GC(605) ParOldGen: 1489778K->1926938K(2796544K)
[2025-08-01T02:29:42.545+0000] GC(605) Metaspace: 9712K(12544K)->9712K(12544K) NonClass: 8546K(11008K)->8546K(11008K) Class: 1166K(1536K)->1166K(1536K)
[2025-08-01T02:29:42.545+0000] GC(605) Pause Young (Allocation Failure) 2326M->2336M(3641M) 201.165ms
[2025-08-01T02:29:42.545+0000] GC(605) User=1.54s Sys=0.04s Real=0.20s
[2025-08-01T02:29:42.632+0000] GC(606) Pause Young (Allocation Failure)
[2025-08-01T02:29:42.837+0000] GC(606) PSYoungGen: 931840K->465920K(931840K)
[2025-08-01T02:29:42.837+0000] GC(606) ParOldGen: 1926938K->2404818K(2796544K)
[2025-08-01T02:29:42.837+0000] GC(606) Metaspace: 9712K(12544K)->9712K(12544K) NonClass: 8546K(11008K)->8546K(11008K) Class: 1166K(1536K)->1166K(1536K)
[2025-08-01T02:29:42.837+0000] GC(606) Pause Young (Allocation Failure) 2791M->2803M(3641M) 205.643ms
[2025-08-01T02:29:42.837+0000] GC(606) User=1.59s Sys=0.03s Real=0.21s
[2025-08-01T02:29:42.837+0000] GC(607) Pause Full (Ergonomics)
[2025-08-01T02:29:42.837+0000] GC(607) Marking Phase
[2025-08-01T02:29:42.910+0000] GC(607) Marking Phase 72.605ms
[2025-08-01T02:29:42.910+0000] GC(607) Summary Phase
[2025-08-01T02:29:42.910+0000] GC(607) Summary Phase 0.102ms
[2025-08-01T02:29:42.910+0000] GC(607) Adjust Roots
[2025-08-01T02:29:42.912+0000] GC(607) Adjust Roots 1.974ms
[2025-08-01T02:29:42.912+0000] GC(607) Compaction Phase
[2025-08-01T02:29:43.135+0000] GC(607) Compaction Phase 222.886ms
[2025-08-01T02:29:43.135+0000] GC(607) Post Compact
[2025-08-01T02:29:43.153+0000] GC(607) Post Compact 18.057ms
[2025-08-01T02:29:43.154+0000] GC(607) PSYoungGen: 465920K->0K(931840K)
[2025-08-01T02:29:43.154+0000] GC(607) ParOldGen: 2404818K->1432569K(2796544K)
[2025-08-01T02:29:43.154+0000] GC(607) Metaspace: 9712K(12544K)->9712K(12544K) NonClass: 8546K(11008K)->8546K(11008K) Class: 1166K(1536K)->1166K(1536K)
[2025-08-01T02:29:43.154+0000] GC(607) Pause Full (Ergonomics) 2803M->1398M(3641M) 316.196ms
[2025-08-01T02:29:43.154+0000] GC(607) User=2.34s Sys=0.00s Real=0.32s
[2025-08-01T02:29:43.238+0000] GC(608) Pause Young (Allocation Failure)
[2025-08-01T02:29:43.370+0000] GC(608) PSYoungGen: 465920K->281408K(931840K)
[2025-08-01T02:29:43.370+0000] GC(608) ParOldGen: 1432569K->1432569K(2796544K)
[2025-08-01T02:29:43.370+0000] GC(608) Metaspace: 9712K(12544K)->9712K(12544K) NonClass: 8546K(11008K)->8546K(11008K) Class: 1166K(1536K)->1166K(1536K)
[2025-08-01T02:29:43.370+0000] GC(608) Pause Young (Allocation Failure) 1853M->1673M(3641M) 131.977ms
[2025-08-01T02:29:43.370+0000] GC(608) User=0.98s Sys=0.04s Real=0.13s
[2025-08-01T02:29:43.465+0000] GC(609) Pause Young (Allocation Failure)
[2025-08-01T02:29:43.578+0000] GC(609) PSYoungGen: 747328K->443552K(931840K)
[2025-08-01T02:29:43.578+0000] GC(609) ParOldGen: 1432569K->1485297K(2796544K)
[2025-08-01T02:29:43.578+0000] GC(609) Metaspace: 9712K(12544K)->9712K(12544K) NonClass: 8546K(11008K)->8546K(11008K) Class: 1166K(1536K)->1166K(1536K)
[2025-08-01T02:29:43.578+0000] GC(609) Pause Young (Allocation Failure) 2128M->1883M(3641M) 113.210ms
[2025-08-01T02:29:43.578+0000] GC(609) User=0.81s Sys=0.02s Real=0.11s
[2025-08-01T02:29:43.670+0000] GC(610) Pause Young (Allocation Failure)
[2025-08-01T02:29:43.868+0000] GC(610) PSYoungGen: 909472K->465920K(931840K)
[2025-08-01T02:29:43.868+0000] GC(610) ParOldGen: 1485297K->1939905K(2796544K)
[2025-08-01T02:29:43.868+0000] GC(610) Metaspace: 9712K(12544K)->9712K(12544K) NonClass: 8546K(11008K)->8546K(11008K) Class: 1166K(1536K)->1166K(1536K)
[2025-08-01T02:29:43.868+0000] GC(610) Pause Young (Allocation Failure) 2338M->2349M(3641M) 198.064ms
[2025-08-01T02:29:43.868+0000] GC(610) User=1.52s Sys=0.03s Real=0.20s
[2025-08-01T02:29:43.958+0000] GC(611) Pause Young (Allocation Failure)
[2025-08-01T02:29:44.223+0000] GC(611) PSYoungGen: 931840K->465920K(931840K)
[2025-08-01T02:29:44.223+0000] GC(611) ParOldGen: 1939905K->2416809K(2796544K)
[2025-08-01T02:29:44.223+0000] GC(611) Metaspace: 9712K(12544K)->9712K(12544K) NonClass: 8546K(11008K)->8546K(11008K) Class: 1166K(1536K)->1166K(1536K)
[2025-08-01T02:29:44.223+0000] GC(611) Pause Young (Allocation Failure) 2804M->2815M(3641M) 265.272ms
[2025-08-01T02:29:44.223+0000] GC(611) User=2.05s Sys=0.04s Real=0.27s
[2025-08-01T02:29:44.223+0000] GC(612) Pause Full (Ergonomics)
[2025-08-01T02:29:44.223+0000] GC(612) Marking Phase
[2025-08-01T02:29:44.295+0000] GC(612) Marking Phase 71.843ms
[2025-08-01T02:29:44.295+0000] GC(612) Summary Phase
[2025-08-01T02:29:44.295+0000] GC(612) Summary Phase 0.096ms
[2025-08-01T02:29:44.295+0000] GC(612) Adjust Roots
[2025-08-01T02:29:44.297+0000] GC(612) Adjust Roots 1.864ms
[2025-08-01T02:29:44.297+0000] GC(612) Compaction Phase
[2025-08-01T02:29:44.550+0000] GC(612) Compaction Phase 252.823ms
[2025-08-01T02:29:44.550+0000] GC(612) Post Compact
[2025-08-01T02:29:44.569+0000] GC(612) Post Compact 19.232ms
[2025-08-01T02:29:44.570+0000] GC(612) PSYoungGen: 465920K->0K(931840K)
[2025-08-01T02:29:44.570+0000] GC(612) ParOldGen: 2416809K->1438876K(2796544K)
[2025-08-01T02:29:44.570+0000] GC(612) Metaspace: 9712K(12544K)->9712K(12544K) NonClass: 8546K(11008K)->8546K(11008K) Class: 1166K(1536K)->1166K(1536K)
[2025-08-01T02:29:44.570+0000] GC(612) Pause Full (Ergonomics) 2815M->1405M(3641M) 346.268ms
[2025-08-01T02:29:44.570+0000] GC(612) User=2.52s Sys=0.06s Real=0.34s
[2025-08-01T02:29:44.655+0000] GC(613) Pause Young (Allocation Failure)
[2025-08-01T02:29:44.733+0000] GC(613) PSYoungGen: 465920K->284480K(931840K)
[2025-08-01T02:29:44.733+0000] GC(613) ParOldGen: 1438876K->1438876K(2796544K)
[2025-08-01T02:29:44.733+0000] GC(613) Metaspace: 9712K(12544K)->9712K(12544K) NonClass: 8546K(11008K)->8546K(11008K) Class: 1166K(1536K)->1166K(1536K)
[2025-08-01T02:29:44.733+0000] GC(613) Pause Young (Allocation Failure) 1860M->1682M(3641M) 77.293ms
[2025-08-01T02:29:44.733+0000] GC(613) User=0.58s Sys=0.02s Real=0.07s
[2025-08-01T02:29:44.823+0000] GC(614) Pause Young (Allocation Failure)
[2025-08-01T02:29:44.944+0000] GC(614) PSYoungGen: 750400K->456928K(931840K)
[2025-08-01T02:29:44.944+0000] GC(614) ParOldGen: 1438876K->1488884K(2796544K)
[2025-08-01T02:29:44.944+0000] GC(614) Metaspace: 9712K(12544K)->9712K(12544K) NonClass: 8546K(11008K)->8546K(11008K) Class: 1166K(1536K)->1166K(1536K)
[2025-08-01T02:29:44.944+0000] GC(614) Pause Young (Allocation Failure) 2137M->1900M(3641M) 121.055ms
[2025-08-01T02:29:44.944+0000] GC(614) User=0.92s Sys=0.03s Real=0.13s
[2025-08-01T02:29:45.029+0000] GC(615) Pause Young (Allocation Failure)
[2025-08-01T02:29:45.223+0000] GC(615) PSYoungGen: 922848K->465920K(931840K)
[2025-08-01T02:29:45.223+0000] GC(615) ParOldGen: 1488884K->1957876K(2796544K)
[2025-08-01T02:29:45.223+0000] GC(615) Metaspace: 9712K(12544K)->9712K(12544K) NonClass: 8546K(11008K)->8546K(11008K) Class: 1166K(1536K)->1166K(1536K)
[2025-08-01T02:29:45.223+0000] GC(615) Pause Young (Allocation Failure) 2355M->2366M(3641M) 194.955ms
[2025-08-01T02:29:45.223+0000] GC(615) User=1.52s Sys=0.01s Real=0.20s
[2025-08-01T02:29:45.313+0000] GC(616) Pause Young (Allocation Failure)
[2025-08-01T02:29:45.513+0000] GC(616) PSYoungGen: 931840K->465920K(931840K)
[2025-08-01T02:29:45.513+0000] GC(616) ParOldGen: 1957876K->2433716K(2796544K)
[2025-08-01T02:29:45.513+0000] GC(616) Metaspace: 9712K(12544K)->9712K(12544K) NonClass: 8546K(11008K)->8546K(11008K) Class: 1166K(1536K)->1166K(1536K)
[2025-08-01T02:29:45.513+0000] GC(616) Pause Young (Allocation Failure) 2821M->2831M(3641M) 200.330ms
[2025-08-01T02:29:45.513+0000] GC(616) User=1.54s Sys=0.04s Real=0.20s
[2025-08-01T02:29:45.513+0000] GC(617) Pause Full (Ergonomics)
[2025-08-01T02:29:45.513+0000] GC(617) Marking Phase
[2025-08-01T02:29:45.606+0000] GC(617) Marking Phase 92.565ms
[2025-08-01T02:29:45.606+0000] GC(617) Summary Phase
[2025-08-01T02:29:45.606+0000] GC(617) Summary Phase 0.089ms
[2025-08-01T02:29:45.606+0000] GC(617) Adjust Roots
[2025-08-01T02:29:45.608+0000] GC(617) Adjust Roots 1.660ms
[2025-08-01T02:29:45.608+0000] GC(617) Compaction Phase
[2025-08-01T02:29:45.863+0000] GC(617) Compaction Phase 255.361ms
[2025-08-01T02:29:45.863+0000] GC(617) Post Compact
[2025-08-01T02:29:45.879+0000] GC(617) Post Compact 15.474ms
[2025-08-01T02:29:45.879+0000] GC(617) PSYoungGen: 465920K->0K(931840K)
[2025-08-01T02:29:45.879+0000] GC(617) ParOldGen: 2433716K->1449527K(2796544K)
[2025-08-01T02:29:45.879+0000] GC(617) Metaspace: 9712K(12544K)->9712K(12544K) NonClass: 8546K(11008K)->8546K(11008K) Class: 1166K(1536K)->1166K(1536K)
[2025-08-01T02:29:45.879+0000] GC(617) Pause Full (Ergonomics) 2831M->1415M(3641M) 365.562ms
[2025-08-01T02:29:45.879+0000] GC(617) User=2.63s Sys=0.06s Real=0.36s
[2025-08-01T02:29:45.968+0000] GC(618) Pause Young (Allocation Failure)
[2025-08-01T02:29:46.071+0000] GC(618) PSYoungGen: 465920K->283104K(931840K)
[2025-08-01T02:29:46.071+0000] GC(618) ParOldGen: 1449527K->1449527K(2796544K)
[2025-08-01T02:29:46.071+0000] GC(618) Metaspace: 9712K(12544K)->9712K(12544K) NonClass: 8546K(11008K)->8546K(11008K) Class: 1166K(1536K)->1166K(1536K)
[2025-08-01T02:29:46.071+0000] GC(618) Pause Young (Allocation Failure) 1870M->1692M(3641M) 102.316ms
[2025-08-01T02:29:46.071+0000] GC(618) User=0.74s Sys=0.04s Real=0.10s
[2025-08-01T02:29:46.162+0000] GC(619) Pause Young (Allocation Failure)
[2025-08-01T02:29:46.279+0000] GC(619) PSYoungGen: 749024K->458400K(931840K)
[2025-08-01T02:29:46.279+0000] GC(619) ParOldGen: 1449527K->1505503K(2796544K)
[2025-08-01T02:29:46.279+0000] GC(619) Metaspace: 9712K(12544K)->9712K(12544K) NonClass: 8546K(11008K)->8546K(11008K) Class: 1166K(1536K)->1166K(1536K)
[2025-08-01T02:29:46.279+0000] GC(619) Pause Young (Allocation Failure) 2147M->1917M(3641M) 116.672ms
[2025-08-01T02:29:46.279+0000] GC(619) User=0.89s Sys=0.03s Real=0.12s
[2025-08-01T02:29:46.367+0000] GC(620) Pause Young (Allocation Failure)
[2025-08-01T02:29:46.609+0000] GC(620) PSYoungGen: 924320K->465920K(931840K)
[2025-08-01T02:29:46.609+0000] GC(620) ParOldGen: 1505503K->1975119K(2796544K)
[2025-08-01T02:29:46.609+0000] GC(620) Metaspace: 9712K(12544K)->9712K(12544K) NonClass: 8546K(11008K)->8546K(11008K) Class: 1166K(1536K)->1166K(1536K)
[2025-08-01T02:29:46.609+0000] GC(620) Pause Young (Allocation Failure) 2372M->2383M(3641M) 241.555ms
[2025-08-01T02:29:46.609+0000] GC(620) User=1.79s Sys=0.05s Real=0.24s
[2025-08-01T02:29:46.609+0000] GC(621) Pause Full (Ergonomics)
[2025-08-01T02:29:46.609+0000] GC(621) Marking Phase
[2025-08-01T02:29:46.690+0000] GC(621) Marking Phase 80.967ms
[2025-08-01T02:29:46.690+0000] GC(621) Summary Phase
[2025-08-01T02:29:46.690+0000] GC(621) Summary Phase 0.101ms
[2025-08-01T02:29:46.690+0000] GC(621) Adjust Roots
[2025-08-01T02:29:46.692+0000] GC(621) Adjust Roots 1.806ms
[2025-08-01T02:29:46.692+0000] GC(621) Compaction Phase
[2025-08-01T02:29:46.863+0000] GC(621) Compaction Phase 171.604ms
[2025-08-01T02:29:46.863+0000] GC(621) Post Compact
[2025-08-01T02:29:46.876+0000] GC(621) Post Compact 12.317ms
[2025-08-01T02:29:46.876+0000] GC(621) PSYoungGen: 465920K->0K(931840K)
[2025-08-01T02:29:46.876+0000] GC(621) ParOldGen: 1975119K->992421K(2796544K)
[2025-08-01T02:29:46.876+0000] GC(621) Metaspace: 9712K(12544K)->9712K(12544K) NonClass: 8546K(11008K)->8546K(11008K) Class: 1166K(1536K)->1166K(1536K)
[2025-08-01T02:29:46.876+0000] GC(621) Pause Full (Ergonomics) 2383M->969M(3641M) 267.331ms
[2025-08-01T02:29:46.876+0000] GC(621) User=1.89s Sys=0.07s Real=0.27s
[2025-08-01T02:29:46.966+0000] GC(622) Pause Young (Allocation Failure)
[2025-08-01T02:29:47.069+0000] GC(622) PSYoungGen: 465920K->465920K(931840K)
[2025-08-01T02:29:47.069+0000] GC(622) ParOldGen: 992421K->997349K(2796544K)
[2025-08-01T02:29:47.069+0000] GC(622) Metaspace: 9712K(12544K)->9712K(12544K) NonClass: 8546K(11008K)->8546K(11008K) Class: 1166K(1536K)->1166K(1536K)
[2025-08-01T02:29:47.069+0000] GC(622) Pause Young (Allocation Failure) 1424M->1428M(3641M) 102.256ms
[2025-08-01T02:29:47.069+0000] GC(622) User=0.79s Sys=0.01s Real=0.10s
[2025-08-01T02:29:47.157+0000] GC(623) Pause Young (Allocation Failure)
[2025-08-01T02:29:47.285+0000] GC(623) PSYoungGen: 931840K->284992K(931840K)
[2025-08-01T02:29:47.285+0000] GC(623) ParOldGen: 997349K->1254941K(2796544K)
[2025-08-01T02:29:47.285+0000] GC(623) Metaspace: 9712K(12544K)->9712K(12544K) NonClass: 8546K(11008K)->8546K(11008K) Class: 1166K(1536K)->1166K(1536K)
[2025-08-01T02:29:47.286+0000] GC(623) Pause Young (Allocation Failure) 1883M->1503M(3641M) 128.085ms
[2025-08-01T02:29:47.286+0000] GC(623) User=0.96s Sys=0.03s Real=0.13s
[2025-08-01T02:29:47.374+0000] GC(624) Pause Young (Allocation Failure)
[2025-08-01T02:29:47.503+0000] GC(624) PSYoungGen: 750912K->450816K(931840K)
[2025-08-01T02:29:47.503+0000] GC(624) ParOldGen: 1254941K->1326293K(2796544K)
[2025-08-01T02:29:47.503+0000] GC(624) Metaspace: 9712K(12544K)->9712K(12544K) NonClass: 8546K(11008K)->8546K(11008K) Class: 1166K(1536K)->1166K(1536K)
[2025-08-01T02:29:47.503+0000] GC(624) Pause Young (Allocation Failure) 1958M->1735M(3641M) 129.077ms
[2025-08-01T02:29:47.503+0000] GC(624) User=0.98s Sys=0.04s Real=0.13s
[2025-08-01T02:29:47.587+0000] GC(625) Pause Young (Allocation Failure)
[2025-08-01T02:29:47.819+0000] GC(625) PSYoungGen: 916736K->465920K(931840K)
[2025-08-01T02:29:47.819+0000] GC(625) ParOldGen: 1326293K->1789469K(2796544K)
[2025-08-01T02:29:47.819+0000] GC(625) Metaspace: 9712K(12544K)->9712K(12544K) NonClass: 8546K(11008K)->8546K(11008K) Class: 1166K(1536K)->1166K(1536K)
[2025-08-01T02:29:47.819+0000] GC(625) Pause Young (Allocation Failure) 2190M->2202M(3641M) 232.513ms
[2025-08-01T02:29:47.819+0000] GC(625) User=1.76s Sys=0.04s Real=0.23s
[2025-08-01T02:29:47.905+0000] GC(626) Pause Young (Allocation Failure)
[2025-08-01T02:29:48.091+0000] GC(626) PSYoungGen: 931840K->465920K(931840K)
[2025-08-01T02:29:48.091+0000] GC(626) ParOldGen: 1789469K->2265197K(2796544K)
[2025-08-01T02:29:48.091+0000] GC(626) Metaspace: 9712K(12544K)->9712K(12544K) NonClass: 8546K(11008K)->8546K(11008K) Class: 1166K(1536K)->1166K(1536K)
[2025-08-01T02:29:48.091+0000] GC(626) Pause Young (Allocation Failure) 2657M->2667M(3641M) 186.376ms
[2025-08-01T02:29:48.091+0000] GC(626) User=1.40s Sys=0.01s Real=0.18s
[2025-08-01T02:29:48.091+0000] GC(627) Pause Full (Ergonomics)
[2025-08-01T02:29:48.091+0000] GC(627) Marking Phase
[2025-08-01T02:29:48.169+0000] GC(627) Marking Phase 77.379ms
[2025-08-01T02:29:48.169+0000] GC(627) Summary Phase
[2025-08-01T02:29:48.169+0000] GC(627) Summary Phase 0.097ms
[2025-08-01T02:29:48.169+0000] GC(627) Adjust Roots
[2025-08-01T02:29:48.170+0000] GC(627) Adjust Roots 1.764ms
[2025-08-01T02:29:48.171+0000] GC(627) Compaction Phase
[2025-08-01T02:29:48.419+0000] GC(627) Compaction Phase 248.204ms
[2025-08-01T02:29:48.419+0000] GC(627) Post Compact
[2025-08-01T02:29:48.437+0000] GC(627) Post Compact 18.048ms
[2025-08-01T02:29:48.437+0000] GC(627) PSYoungGen: 465920K->0K(931840K)
[2025-08-01T02:29:48.437+0000] GC(627) ParOldGen: 2265197K->1465061K(2796544K)
[2025-08-01T02:29:48.437+0000] GC(627) Metaspace: 9712K(12544K)->9712K(12544K) NonClass: 8546K(11008K)->8546K(11008K) Class: 1166K(1536K)->1166K(1536K)
[2025-08-01T02:29:48.437+0000] GC(627) Pause Full (Ergonomics) 2667M->1430M(3641M) 345.900ms
[2025-08-01T02:29:48.437+0000] GC(627) User=2.56s Sys=0.02s Real=0.35s
[2025-08-01T02:29:48.521+0000] GC(628) Pause Young (Allocation Failure)
[2025-08-01T02:29:48.550+0000] GC(628) PSYoungGen: 465920K->59456K(931840K)
[2025-08-01T02:29:48.550+0000] GC(628) ParOldGen: 1465061K->1465061K(2796544K)
[2025-08-01T02:29:48.550+0000] GC(628) Metaspace: 9712K(12544K)->9712K(12544K) NonClass: 8546K(11008K)->8546K(11008K) Class: 1166K(1536K)->1166K(1536K)
[2025-08-01T02:29:48.550+0000] GC(628) Pause Young (Allocation Failure) 1885M->1488M(3641M) 28.865ms
[2025-08-01T02:29:48.550+0000] GC(628) User=0.17s Sys=0.01s Real=0.03s
[2025-08-01T02:29:48.635+0000] GC(629) Pause Young (Allocation Failure)
[2025-08-01T02:29:48.762+0000] GC(629) PSYoungGen: 525376K->465920K(931840K)
[2025-08-01T02:29:48.762+0000] GC(629) ParOldGen: 1465061K->1528365K(2796544K)
[2025-08-01T02:29:48.762+0000] GC(629) Metaspace: 9712K(12544K)->9712K(12544K) NonClass: 8546K(11008K)->8546K(11008K) Class: 1166K(1536K)->1166K(1536K)
[2025-08-01T02:29:48.762+0000] GC(629) Pause Young (Allocation Failure) 1943M->1947M(3641M) 126.426ms
[2025-08-01T02:29:48.762+0000] GC(629) User=0.95s Sys=0.02s Real=0.12s
[2025-08-01T02:29:48.851+0000] GC(630) Pause Young (Allocation Failure)
[2025-08-01T02:29:49.033+0000] GC(630) PSYoungGen: 931840K->465920K(931840K)
[2025-08-01T02:29:49.033+0000] GC(630) ParOldGen: 1528365K->2002565K(2796544K)
[2025-08-01T02:29:49.033+0000] GC(630) Metaspace: 9712K(12544K)->9712K(12544K) NonClass: 8546K(11008K)->8546K(11008K) Class: 1166K(1536K)->1166K(1536K)
[2025-08-01T02:29:49.033+0000] GC(630) Pause Young (Allocation Failure) 2402M->2410M(3641M) 181.795ms
[2025-08-01T02:29:49.033+0000] GC(630) User=1.43s Sys=0.02s Real=0.19s
[2025-08-01T02:29:49.033+0000] GC(631) Pause Full (Ergonomics)
[2025-08-01T02:29:49.033+0000] GC(631) Marking Phase
[2025-08-01T02:29:49.083+0000] GC(631) Marking Phase 49.887ms
[2025-08-01T02:29:49.083+0000] GC(631) Summary Phase
[2025-08-01T02:29:49.083+0000] GC(631) Summary Phase 0.100ms
[2025-08-01T02:29:49.083+0000] GC(631) Adjust Roots
[2025-08-01T02:29:49.085+0000] GC(631) Adjust Roots 1.922ms
[2025-08-01T02:29:49.085+0000] GC(631) Compaction Phase
[2025-08-01T02:29:49.240+0000] GC(631) Compaction Phase 154.724ms
[2025-08-01T02:29:49.240+0000] GC(631) Post Compact
[2025-08-01T02:29:49.257+0000] GC(631) Post Compact 16.757ms
[2025-08-01T02:29:49.257+0000] GC(631) PSYoungGen: 465920K->0K(931840K)
[2025-08-01T02:29:49.257+0000] GC(631) ParOldGen: 2002565K->1005276K(2796544K)
[2025-08-01T02:29:49.257+0000] GC(631) Metaspace: 9712K(12544K)->9712K(12544K) NonClass: 8546K(11008K)->8546K(11008K) Class: 1166K(1536K)->1166K(1536K)
[2025-08-01T02:29:49.257+0000] GC(631) Pause Full (Ergonomics) 2410M->981M(3641M) 224.152ms
[2025-08-01T02:29:49.257+0000] GC(631) User=1.61s Sys=0.00s Real=0.22s
[2025-08-01T02:29:49.344+0000] GC(632) Pause Young (Allocation Failure)
[2025-08-01T02:29:49.496+0000] GC(632) PSYoungGen: 465920K->465920K(931840K)
[2025-08-01T02:29:49.496+0000] GC(632) ParOldGen: 1005276K->1011148K(2796544K)
[2025-08-01T02:29:49.497+0000] GC(632) Metaspace: 9712K(12544K)->9712K(12544K) NonClass: 8546K(11008K)->8546K(11008K) Class: 1166K(1536K)->1166K(1536K)
[2025-08-01T02:29:49.497+0000] GC(632) Pause Young (Allocation Failure) 1436M->1442M(3641M) 152.608ms
[2025-08-01T02:29:49.497+0000] GC(632) User=1.14s Sys=0.05s Real=0.15s
[2025-08-01T02:29:49.584+0000] GC(633) Pause Young (Allocation Failure)
[2025-08-01T02:29:49.720+0000] GC(633) PSYoungGen: 931840K->333344K(931840K)
[2025-08-01T02:29:49.720+0000] GC(633) ParOldGen: 1011148K->1248596K(2796544K)
[2025-08-01T02:29:49.720+0000] GC(633) Metaspace: 9712K(12544K)->9712K(12544K) NonClass: 8546K(11008K)->8546K(11008K) Class: 1166K(1536K)->1166K(1536K)
[2025-08-01T02:29:49.720+0000] GC(633) Pause Young (Allocation Failure) 1897M->1544M(3641M) 135.953ms
[2025-08-01T02:29:49.720+0000] GC(633) User=1.04s Sys=0.03s Real=0.13s
[2025-08-01T02:29:49.808+0000] GC(634) Pause Young (Allocation Failure)
[2025-08-01T02:29:49.941+0000] GC(634) PSYoungGen: 799264K->437824K(931840K)
[2025-08-01T02:29:49.941+0000] GC(634) ParOldGen: 1248596K->1347628K(2796544K)
[2025-08-01T02:29:49.941+0000] GC(634) Metaspace: 9712K(12544K)->9712K(12544K) NonClass: 8546K(11008K)->8546K(11008K) Class: 1166K(1536K)->1166K(1536K)
[2025-08-01T02:29:49.941+0000] GC(634) Pause Young (Allocation Failure) 1999M->1743M(3641M) 133.260ms
[2025-08-01T02:29:49.941+0000] GC(634) User=1.00s Sys=0.02s Real=0.13s
[2025-08-01T02:29:50.030+0000] GC(635) Pause Young (Allocation Failure)
[2025-08-01T02:29:50.271+0000] GC(635) PSYoungGen: 903744K->465920K(931840K)
[2025-08-01T02:29:50.271+0000] GC(635) ParOldGen: 1347628K->1794180K(2796544K)
[2025-08-01T02:29:50.271+0000] GC(635) Metaspace: 9712K(12544K)->9712K(12544K) NonClass: 8546K(11008K)->8546K(11008K) Class: 1166K(1536K)->1166K(1536K)
[2025-08-01T02:29:50.271+0000] GC(635) Pause Young (Allocation Failure) 2198M->2207M(3641M) 240.765ms
[2025-08-01T02:29:50.271+0000] GC(635) User=1.86s Sys=0.04s Real=0.24s
[2025-08-01T02:29:50.355+0000] GC(636) Pause Young (Allocation Failure)
[2025-08-01T02:29:50.607+0000] GC(636) PSYoungGen: 931840K->465920K(931840K)
[2025-08-01T02:29:50.607+0000] GC(636) ParOldGen: 1794180K->2274068K(2796544K)
[2025-08-01T02:29:50.607+0000] GC(636) Metaspace: 9712K(12544K)->9712K(12544K) NonClass: 8546K(11008K)->8546K(11008K) Class: 1166K(1536K)->1166K(1536K)
[2025-08-01T02:29:50.607+0000] GC(636) Pause Young (Allocation Failure) 2662M->2675M(3641M) 251.678ms
[2025-08-01T02:29:50.607+0000] GC(636) User=1.92s Sys=0.06s Real=0.25s
[2025-08-01T02:29:50.607+0000] GC(637) Pause Full (Ergonomics)
[2025-08-01T02:29:50.607+0000] GC(637) Marking Phase
[2025-08-01T02:29:50.697+0000] GC(637) Marking Phase 89.968ms
[2025-08-01T02:29:50.697+0000] GC(637) Summary Phase
[2025-08-01T02:29:50.697+0000] GC(637) Summary Phase 0.161ms
[2025-08-01T02:29:50.697+0000] GC(637) Adjust Roots
[2025-08-01T02:29:50.699+0000] GC(637) Adjust Roots 1.778ms
[2025-08-01T02:29:50.699+0000] GC(637) Compaction Phase
[2025-08-01T02:29:50.960+0000] GC(637) Compaction Phase 260.542ms
[2025-08-01T02:29:50.960+0000] GC(637) Post Compact
[2025-08-01T02:29:50.973+0000] GC(637) Post Compact 13.937ms
[2025-08-01T02:29:50.974+0000] GC(637) PSYoungGen: 465920K->0K(931840K)
[2025-08-01T02:29:50.974+0000] GC(637) ParOldGen: 2274068K->1478064K(2796544K)
[2025-08-01T02:29:50.974+0000] GC(637) Metaspace: 9712K(12544K)->9712K(12544K) NonClass: 8546K(11008K)->8546K(11008K) Class: 1166K(1536K)->1166K(1536K)
[2025-08-01T02:29:50.974+0000] GC(637) Pause Full (Ergonomics) 2675M->1443M(3641M) 366.786ms
[2025-08-01T02:29:50.974+0000] GC(637) User=2.68s Sys=0.05s Real=0.37s
[2025-08-01T02:29:51.061+0000] GC(638) Pause Young (Allocation Failure)
[2025-08-01T02:29:51.165+0000] GC(638) PSYoungGen: 465920K->235200K(931840K)
[2025-08-01T02:29:51.165+0000] GC(638) ParOldGen: 1478064K->1478064K(2796544K)
[2025-08-01T02:29:51.165+0000] GC(638) Metaspace: 9712K(12544K)->9712K(12544K) NonClass: 8546K(11008K)->8546K(11008K) Class: 1166K(1536K)->1166K(1536K)
[2025-08-01T02:29:51.166+0000] GC(638) Pause Young (Allocation Failure) 1898M->1673M(3641M) 104.170ms
[2025-08-01T02:29:51.166+0000] GC(638) User=0.79s Sys=0.02s Real=0.11s
[2025-08-01T02:29:51.259+0000] GC(639) Pause Young (Allocation Failure)
[2025-08-01T02:29:51.456+0000] GC(639) PSYoungGen: 701120K->418528K(931840K)
[2025-08-01T02:29:51.456+0000] GC(639) ParOldGen: 1478064K->1602768K(2796544K)
[2025-08-01T02:29:51.456+0000] GC(639) Metaspace: 9712K(12544K)->9712K(12544K) NonClass: 8546K(11008K)->8546K(11008K) Class: 1166K(1536K)->1166K(1536K)
[2025-08-01T02:29:51.456+0000] GC(639) Pause Young (Allocation Failure) 2128M->1973M(3641M) 196.950ms
[2025-08-01T02:29:51.456+0000] GC(639) User=1.51s Sys=0.05s Real=0.20s
[2025-08-01T02:29:51.547+0000] GC(640) Pause Young (Allocation Failure)
[2025-08-01T02:29:51.776+0000] GC(640) PSYoungGen: 884448K->465920K(931840K)
[2025-08-01T02:29:51.776+0000] GC(640) ParOldGen: 1602768K->2031696K(2796544K)
[2025-08-01T02:29:51.776+0000] GC(640) Metaspace: 9712K(12544K)->9712K(12544K) NonClass: 8546K(11008K)->8546K(11008K) Class: 1166K(1536K)->1166K(1536K)
[2025-08-01T02:29:51.776+0000] GC(640) Pause Young (Allocation Failure) 2428M->2439M(3641M) 229.953ms
[2025-08-01T02:29:51.777+0000] GC(640) User=1.77s Sys=0.04s Real=0.23s
[2025-08-01T02:29:51.859+0000] GC(641) Pause Young (Allocation Failure)
[2025-08-01T02:29:52.108+0000] GC(641) PSYoungGen: 931840K->465920K(931840K)
[2025-08-01T02:29:52.108+0000] GC(641) ParOldGen: 2031696K->2509376K(2796544K)
[2025-08-01T02:29:52.108+0000] GC(641) Metaspace: 9712K(12544K)->9712K(12544K) NonClass: 8546K(11008K)->8546K(11008K) Class: 1166K(1536K)->1166K(1536K)
[2025-08-01T02:29:52.108+0000] GC(641) Pause Young (Allocation Failure) 2894M->2905M(3641M) 248.835ms
[2025-08-01T02:29:52.108+0000] GC(641) User=1.85s Sys=0.07s Real=0.25s
[2025-08-01T02:29:52.108+0000] GC(642) Pause Full (Ergonomics)
[2025-08-01T02:29:52.108+0000] GC(642) Marking Phase
[2025-08-01T02:29:52.188+0000] GC(642) Marking Phase 79.766ms
[2025-08-01T02:29:52.188+0000] GC(642) Summary Phase
[2025-08-01T02:29:52.188+0000] GC(642) Summary Phase 0.099ms
[2025-08-01T02:29:52.188+0000] GC(642) Adjust Roots
[2025-08-01T02:29:52.190+0000] GC(642) Adjust Roots 1.886ms
[2025-08-01T02:29:52.190+0000] GC(642) Compaction Phase
[2025-08-01T02:29:52.444+0000] GC(642) Compaction Phase 254.466ms
[2025-08-01T02:29:52.444+0000] GC(642) Post Compact
[2025-08-01T02:29:52.465+0000] GC(642) Post Compact 21.012ms
[2025-08-01T02:29:52.466+0000] GC(642) PSYoungGen: 465920K->0K(931840K)
[2025-08-01T02:29:52.466+0000] GC(642) ParOldGen: 2509376K->1484072K(2796544K)
[2025-08-01T02:29:52.466+0000] GC(642) Metaspace: 9712K(12544K)->9712K(12544K) NonClass: 8546K(11008K)->8546K(11008K) Class: 1166K(1536K)->1166K(1536K)
[2025-08-01T02:29:52.466+0000] GC(642) Pause Full (Ergonomics) 2905M->1449M(3641M) 357.700ms
[2025-08-01T02:29:52.466+0000] GC(642) User=2.62s Sys=0.04s Real=0.36s
[2025-08-01T02:29:52.552+0000] GC(643) Pause Young (Allocation Failure)
[2025-08-01T02:29:52.633+0000] GC(643) PSYoungGen: 465920K->265440K(931840K)
[2025-08-01T02:29:52.633+0000] GC(643) ParOldGen: 1484072K->1484072K(2796544K)
[2025-08-01T02:29:52.633+0000] GC(643) Metaspace: 9712K(12544K)->9712K(12544K) NonClass: 8546K(11008K)->8546K(11008K) Class: 1166K(1536K)->1166K(1536K)
[2025-08-01T02:29:52.633+0000] GC(643) Pause Young (Allocation Failure) 1904M->1708M(3641M) 81.689ms
[2025-08-01T02:29:52.633+0000] GC(643) User=0.61s Sys=0.03s Real=0.09s
[2025-08-01T02:29:52.722+0000] GC(644) Pause Young (Allocation Failure)
[2025-08-01T02:29:52.843+0000] GC(644) PSYoungGen: 731360K->421760K(931840K)
[2025-08-01T02:29:52.843+0000] GC(644) ParOldGen: 1484072K->1614120K(2796544K)
[2025-08-01T02:29:52.843+0000] GC(644) Metaspace: 9712K(12544K)->9712K(12544K) NonClass: 8546K(11008K)->8546K(11008K) Class: 1166K(1536K)->1166K(1536K)
[2025-08-01T02:29:52.843+0000] GC(644) Pause Young (Allocation Failure) 2163M->1988M(3641M) 121.190ms
[2025-08-01T02:29:52.844+0000] GC(644) User=0.93s Sys=0.01s Real=0.13s
[2025-08-01T02:29:52.931+0000] GC(645) Pause Young (Allocation Failure)
[2025-08-01T02:29:53.113+0000] GC(645) PSYoungGen: 887680K->465920K(931840K)
[2025-08-01T02:29:53.113+0000] GC(645) ParOldGen: 1614120K->2042312K(2796544K)
[2025-08-01T02:29:53.113+0000] GC(645) Metaspace: 9712K(12544K)->9712K(12544K) NonClass: 8546K(11008K)->8546K(11008K) Class: 1166K(1536K)->1166K(1536K)
[2025-08-01T02:29:53.113+0000] GC(645) Pause Young (Allocation Failure) 2443M->2449M(3641M) 182.628ms
[2025-08-01T02:29:53.113+0000] GC(645) User=1.36s Sys=0.05s Real=0.19s
[2025-08-01T02:29:53.199+0000] GC(646) Pause Young (Allocation Failure)
[2025-08-01T02:29:53.399+0000] GC(646) PSYoungGen: 931840K->465920K(931840K)
[2025-08-01T02:29:53.399+0000] GC(646) ParOldGen: 2042312K->2517568K(2796544K)
[2025-08-01T02:29:53.399+0000] GC(646) Metaspace: 9712K(12544K)->9712K(12544K) NonClass: 8546K(11008K)->8546K(11008K) Class: 1166K(1536K)->1166K(1536K)
[2025-08-01T02:29:53.399+0000] GC(646) Pause Young (Allocation Failure) 2904M->2913M(3641M) 200.253ms
[2025-08-01T02:29:53.399+0000] GC(646) User=1.55s Sys=0.04s Real=0.20s
[2025-08-01T02:29:53.399+0000] GC(647) Pause Full (Ergonomics)
[2025-08-01T02:29:53.399+0000] GC(647) Marking Phase
[2025-08-01T02:29:53.481+0000] GC(647) Marking Phase 82.281ms
[2025-08-01T02:29:53.482+0000] GC(647) Summary Phase
[2025-08-01T02:29:53.482+0000] GC(647) Summary Phase 0.102ms
[2025-08-01T02:29:53.482+0000] GC(647) Adjust Roots
[2025-08-01T02:29:53.483+0000] GC(647) Adjust Roots 1.860ms
[2025-08-01T02:29:53.484+0000] GC(647) Compaction Phase
[2025-08-01T02:29:53.740+0000] GC(647) Compaction Phase 256.130ms
[2025-08-01T02:29:53.740+0000] GC(647) Post Compact
[2025-08-01T02:29:53.759+0000] GC(647) Post Compact 19.617ms
[2025-08-01T02:29:53.759+0000] GC(647) PSYoungGen: 465920K->0K(931840K)
[2025-08-01T02:29:53.759+0000] GC(647) ParOldGen: 2517568K->1488261K(2796544K)
[2025-08-01T02:29:53.759+0000] GC(647) Metaspace: 9712K(12544K)->9712K(12544K) NonClass: 8546K(11008K)->8546K(11008K) Class: 1166K(1536K)->1166K(1536K)
[2025-08-01T02:29:53.760+0000] GC(647) Pause Full (Ergonomics) 2913M->1453M(3641M) 360.375ms
[2025-08-01T02:29:53.760+0000] GC(647) User=2.66s Sys=0.02s Real=0.36s
[2025-08-01T02:29:53.847+0000] GC(648) Pause Young (Allocation Failure)
[2025-08-01T02:29:53.895+0000] GC(648) PSYoungGen: 465920K->243808K(931840K)
[2025-08-01T02:29:53.895+0000] GC(648) ParOldGen: 1488261K->1488261K(2796544K)
[2025-08-01T02:29:53.895+0000] GC(648) Metaspace: 9712K(12544K)->9712K(12544K) NonClass: 8546K(11008K)->8546K(11008K) Class: 1166K(1536K)->1166K(1536K)
[2025-08-01T02:29:53.895+0000] GC(648) Pause Young (Allocation Failure) 1908M->1691M(3641M) 48.112ms
[2025-08-01T02:29:53.895+0000] GC(648) User=0.37s Sys=0.00s Real=0.05s
[2025-08-01T02:29:53.986+0000] GC(649) Pause Young (Allocation Failure)
[2025-08-01T02:29:54.179+0000] GC(649) PSYoungGen: 709728K->428512K(931840K)
[2025-08-01T02:29:54.179+0000] GC(649) ParOldGen: 1488261K->1615885K(2796544K)
[2025-08-01T02:29:54.180+0000] GC(649) Metaspace: 9712K(12544K)->9712K(12544K) NonClass: 8546K(11008K)->8546K(11008K) Class: 1166K(1536K)->1166K(1536K)
[2025-08-01T02:29:54.180+0000] GC(649) Pause Young (Allocation Failure) 2146M->1996M(3641M) 193.756ms
[2025-08-01T02:29:54.180+0000] GC(649) User=1.40s Sys=0.06s Real=0.19s
[2025-08-01T02:29:54.278+0000] GC(650) Pause Young (Allocation Failure)
[2025-08-01T02:29:54.510+0000] GC(650) PSYoungGen: 894432K->465920K(931840K)
[2025-08-01T02:29:54.510+0000] GC(650) ParOldGen: 1615885K->2055205K(2796544K)
[2025-08-01T02:29:54.510+0000] GC(650) Metaspace: 9712K(12544K)->9712K(12544K) NonClass: 8546K(11008K)->8546K(11008K) Class: 1166K(1536K)->1166K(1536K)
[2025-08-01T02:29:54.510+0000] GC(650) Pause Young (Allocation Failure) 2451M->2462M(3641M) 232.476ms
[2025-08-01T02:29:54.510+0000] GC(650) User=1.76s Sys=0.05s Real=0.23s
[2025-08-01T02:29:54.510+0000] GC(651) Pause Full (Ergonomics)
[2025-08-01T02:29:54.510+0000] GC(651) Marking Phase
[2025-08-01T02:29:54.562+0000] GC(651) Marking Phase 51.448ms
[2025-08-01T02:29:54.562+0000] GC(651) Summary Phase
[2025-08-01T02:29:54.562+0000] GC(651) Summary Phase 0.083ms
[2025-08-01T02:29:54.562+0000] GC(651) Adjust Roots
[2025-08-01T02:29:54.563+0000] GC(651) Adjust Roots 1.770ms
[2025-08-01T02:29:54.564+0000] GC(651) Compaction Phase
[2025-08-01T02:29:54.727+0000] GC(651) Compaction Phase 163.035ms
[2025-08-01T02:29:54.727+0000] GC(651) Post Compact
[2025-08-01T02:29:54.744+0000] GC(651) Post Compact 16.919ms
[2025-08-01T02:29:54.744+0000] GC(651) PSYoungGen: 465920K->0K(931840K)
[2025-08-01T02:29:54.744+0000] GC(651) ParOldGen: 2055205K->1031110K(2796544K)
[2025-08-01T02:29:54.744+0000] GC(651) Metaspace: 9712K(12544K)->9712K(12544K) NonClass: 8546K(11008K)->8546K(11008K) Class: 1166K(1536K)->1166K(1536K)
[2025-08-01T02:29:54.744+0000] GC(651) Pause Full (Ergonomics) 2462M->1006M(3641M) 233.758ms
[2025-08-01T02:29:54.744+0000] GC(651) User=1.69s Sys=0.00s Real=0.24s
[2025-08-01T02:29:54.827+0000] GC(652) Pause Young (Allocation Failure)
[2025-08-01T02:29:54.922+0000] GC(652) PSYoungGen: 465920K->465920K(931840K)
[2025-08-01T02:29:54.922+0000] GC(652) ParOldGen: 1031110K->1034974K(2796544K)
[2025-08-01T02:29:54.922+0000] GC(652) Metaspace: 9712K(12544K)->9712K(12544K) NonClass: 8546K(11008K)->8546K(11008K) Class: 1166K(1536K)->1166K(1536K)
[2025-08-01T02:29:54.922+0000] GC(652) Pause Young (Allocation Failure) 1461M->1465M(3641M) 94.582ms
[2025-08-01T02:29:54.922+0000] GC(652) User=0.73s Sys=0.01s Real=0.09s
[2025-08-01T02:29:55.011+0000] GC(653) Pause Young (Allocation Failure)
[2025-08-01T02:29:55.174+0000] GC(653) PSYoungGen: 931840K->244064K(931840K)
[2025-08-01T02:29:55.174+0000] GC(653) ParOldGen: 1034974K->1161230K(2796544K)
[2025-08-01T02:29:55.174+0000] GC(653) Metaspace: 9712K(12544K)->9712K(12544K) NonClass: 8546K(11008K)->8546K(11008K) Class: 1166K(1536K)->1166K(1536K)
[2025-08-01T02:29:55.174+0000] GC(653) Pause Young (Allocation Failure) 1920M->1372M(3641M) 163.005ms
[2025-08-01T02:29:55.174+0000] GC(653) User=1.21s Sys=0.05s Real=0.17s
[2025-08-01T02:29:55.271+0000] GC(654) Pause Young (Allocation Failure)
[2025-08-01T02:29:55.408+0000] GC(654) PSYoungGen: 709984K->431680K(931840K)
[2025-08-01T02:29:55.408+0000] GC(654) ParOldGen: 1161230K->1290830K(2796544K)
[2025-08-01T02:29:55.408+0000] GC(654) Metaspace: 9712K(12544K)->9712K(12544K) NonClass: 8546K(11008K)->8546K(11008K) Class: 1166K(1536K)->1166K(1536K)
[2025-08-01T02:29:55.408+0000] GC(654) Pause Young (Allocation Failure) 1827M->1682M(3641M) 137.480ms
[2025-08-01T02:29:55.408+0000] GC(654) User=1.05s Sys=0.02s Real=0.14s
[2025-08-01T02:29:55.500+0000] GC(655) Pause Young (Allocation Failure)
[2025-08-01T02:29:55.765+0000] GC(655) PSYoungGen: 897600K->465920K(931840K)
[2025-08-01T02:29:55.765+0000] GC(655) ParOldGen: 1290830K->1730910K(2796544K)
[2025-08-01T02:29:55.765+0000] GC(655) Metaspace: 9712K(12544K)->9712K(12544K) NonClass: 8546K(11008K)->8546K(11008K) Class: 1166K(1536K)->1166K(1536K)
[2025-08-01T02:29:55.765+0000] GC(655) Pause Young (Allocation Failure) 2137M->2145M(3641M) 264.478ms
[2025-08-01T02:29:55.765+0000] GC(655) User=2.05s Sys=0.04s Real=0.27s
[2025-08-01T02:29:55.850+0000] GC(656) Pause Young (Allocation Failure)
[2025-08-01T02:29:56.030+0000] GC(656) PSYoungGen: 931840K->465920K(931840K)
[2025-08-01T02:29:56.030+0000] GC(656) ParOldGen: 1730910K->2207046K(2796544K)
[2025-08-01T02:29:56.030+0000] GC(656) Metaspace: 9712K(12544K)->9712K(12544K) NonClass: 8546K(11008K)->8546K(11008K) Class: 1166K(1536K)->1166K(1536K)
[2025-08-01T02:29:56.030+0000] GC(656) Pause Young (Allocation Failure) 2600M->2610M(3641M) 180.049ms
[2025-08-01T02:29:56.030+0000] GC(656) User=1.40s Sys=0.02s Real=0.18s
[2025-08-01T02:29:56.030+0000] GC(657) Pause Full (Ergonomics)
[2025-08-01T02:29:56.030+0000] GC(657) Marking Phase
[2025-08-01T02:29:56.112+0000] GC(657) Marking Phase 82.131ms
[2025-08-01T02:29:56.113+0000] GC(657) Summary Phase
[2025-08-01T02:29:56.113+0000] GC(657) Summary Phase 0.085ms
[2025-08-01T02:29:56.113+0000] GC(657) Adjust Roots
[2025-08-01T02:29:56.114+0000] GC(657) Adjust Roots 1.643ms
[2025-08-01T02:29:56.114+0000] GC(657) Compaction Phase
[2025-08-01T02:29:56.358+0000] GC(657) Compaction Phase 243.950ms
[2025-08-01T02:29:56.358+0000] GC(657) Post Compact
[2025-08-01T02:29:56.376+0000] GC(657) Post Compact 18.106ms
[2025-08-01T02:29:56.377+0000] GC(657) PSYoungGen: 465920K->0K(931840K)
[2025-08-01T02:29:56.377+0000] GC(657) ParOldGen: 2207046K->1500547K(2796544K)
[2025-08-01T02:29:56.377+0000] GC(657) Metaspace: 9712K(12544K)->9712K(12544K) NonClass: 8546K(11008K)->8546K(11008K) Class: 1166K(1536K)->1166K(1536K)
[2025-08-01T02:29:56.377+0000] GC(657) Pause Full (Ergonomics) 2610M->1465M(3641M) 346.295ms
[2025-08-01T02:29:56.377+0000] GC(657) User=2.55s Sys=0.01s Real=0.35s
[2025-08-01T02:29:56.464+0000] GC(658) Pause Young (Allocation Failure)
[2025-08-01T02:29:56.596+0000] GC(658) PSYoungGen: 465920K->249184K(931840K)
[2025-08-01T02:29:56.596+0000] GC(658) ParOldGen: 1500547K->1500547K(2796544K)
[2025-08-01T02:29:56.596+0000] GC(658) Metaspace: 9712K(12544K)->9712K(12544K) NonClass: 8546K(11008K)->8546K(11008K) Class: 1166K(1536K)->1166K(1536K)
[2025-08-01T02:29:56.596+0000] GC(658) Pause Young (Allocation Failure) 1920M->1708M(3641M) 132.566ms
[2025-08-01T02:29:56.596+0000] GC(658) User=0.98s Sys=0.04s Real=0.13s
[2025-08-01T02:29:56.686+0000] GC(659) Pause Young (Allocation Failure)
[2025-08-01T02:29:56.814+0000] GC(659) PSYoungGen: 715104K->432544K(931840K)
[2025-08-01T02:29:56.814+0000] GC(659) ParOldGen: 1500547K->1635195K(2796544K)
[2025-08-01T02:29:56.814+0000] GC(659) Metaspace: 9712K(12544K)->9712K(12544K) NonClass: 8546K(11008K)->8546K(11008K) Class: 1166K(1536K)->1166K(1536K)
[2025-08-01T02:29:56.814+0000] GC(659) Pause Young (Allocation Failure) 2163M->2019M(3641M) 128.167ms
[2025-08-01T02:29:56.814+0000] GC(659) User=0.97s Sys=0.03s Real=0.13s
[2025-08-01T02:29:56.944+0000] GC(660) Pause Young (Allocation Failure)
[2025-08-01T02:29:57.234+0000] GC(660) PSYoungGen: 898464K->465920K(931840K)
[2025-08-01T02:29:57.234+0000] GC(660) ParOldGen: 1635195K->2077427K(2796544K)
[2025-08-01T02:29:57.234+0000] GC(660) Metaspace: 9712K(12544K)->9712K(12544K) NonClass: 8546K(11008K)->8546K(11008K) Class: 1166K(1536K)->1166K(1536K)
[2025-08-01T02:29:57.234+0000] GC(660) Pause Young (Allocation Failure) 2474M->2483M(3641M) 290.020ms
[2025-08-01T02:29:57.235+0000] GC(660) User=2.22s Sys=0.08s Real=0.29s
[2025-08-01T02:29:57.235+0000] GC(661) Pause Full (Ergonomics)
[2025-08-01T02:29:57.235+0000] GC(661) Marking Phase
[2025-08-01T02:29:57.305+0000] GC(661) Marking Phase 70.610ms
[2025-08-01T02:29:57.305+0000] GC(661) Summary Phase
[2025-08-01T02:29:57.305+0000] GC(661) Summary Phase 0.099ms
[2025-08-01T02:29:57.305+0000] GC(661) Adjust Roots
[2025-08-01T02:29:57.307+0000] GC(661) Adjust Roots 1.926ms
[2025-08-01T02:29:57.307+0000] GC(661) Compaction Phase
[2025-08-01T02:29:57.486+0000] GC(661) Compaction Phase 179.093ms
[2025-08-01T02:29:57.487+0000] GC(661) Post Compact
[2025-08-01T02:29:57.503+0000] GC(661) Post Compact 16.502ms
[2025-08-01T02:29:57.503+0000] GC(661) PSYoungGen: 465920K->0K(931840K)
[2025-08-01T02:29:57.503+0000] GC(661) ParOldGen: 2077427K->1043594K(2796544K)
[2025-08-01T02:29:57.503+0000] GC(661) Metaspace: 9712K(12544K)->9712K(12544K) NonClass: 8546K(11008K)->8546K(11008K) Class: 1166K(1536K)->1166K(1536K)
[2025-08-01T02:29:57.503+0000] GC(661) Pause Full (Ergonomics) 2483M->1019M(3641M) 268.658ms
[2025-08-01T02:29:57.503+0000] GC(661) User=1.87s Sys=0.05s Real=0.27s
[2025-08-01T02:29:57.591+0000] GC(662) Pause Young (Allocation Failure)
[2025-08-01T02:29:57.755+0000] GC(662) PSYoungGen: 465920K->465920K(931840K)
[2025-08-01T02:29:57.756+0000] GC(662) ParOldGen: 1043594K->1048530K(2796544K)
[2025-08-01T02:29:57.756+0000] GC(662) Metaspace: 9712K(12544K)->9712K(12544K) NonClass: 8546K(11008K)->8546K(11008K) Class: 1166K(1536K)->1166K(1536K)
[2025-08-01T02:29:57.756+0000] GC(662) Pause Young (Allocation Failure) 1474M->1478M(3641M) 164.629ms
[2025-08-01T02:29:57.756+0000] GC(662) User=1.26s Sys=0.03s Real=0.17s
[2025-08-01T02:29:57.850+0000] GC(663) Pause Young (Allocation Failure)
[2025-08-01T02:29:57.923+0000] GC(663) PSYoungGen: 931840K->264832K(931840K)
[2025-08-01T02:29:57.923+0000] GC(663) ParOldGen: 1048530K->1167626K(2796544K)
[2025-08-01T02:29:57.923+0000] GC(663) Metaspace: 9712K(12544K)->9712K(12544K) NonClass: 8546K(11008K)->8546K(11008K) Class: 1166K(1536K)->1166K(1536K)
[2025-08-01T02:29:57.923+0000] GC(663) Pause Young (Allocation Failure) 1933M->1398M(3641M) 72.908ms
[2025-08-01T02:29:57.923+0000] GC(663) User=0.57s Sys=0.00s Real=0.08s
[2025-08-01T02:29:58.011+0000] GC(664) Pause Young (Allocation Failure)
[2025-08-01T02:29:58.161+0000] GC(664) PSYoungGen: 730752K->424960K(931840K)
[2025-08-01T02:29:58.161+0000] GC(664) ParOldGen: 1167626K->1318738K(2796544K)
[2025-08-01T02:29:58.161+0000] GC(664) Metaspace: 9712K(12544K)->9712K(12544K) NonClass: 8546K(11008K)->8546K(11008K) Class: 1166K(1536K)->1166K(1536K)
[2025-08-01T02:29:58.161+0000] GC(664) Pause Young (Allocation Failure) 1853M->1702M(3641M) 149.974ms
[2025-08-01T02:29:58.161+0000] GC(664) User=1.15s Sys=0.03s Real=0.15s
[2025-08-01T02:29:58.301+0000] GC(665) Pause Young (Allocation Failure)
[2025-08-01T02:29:58.597+0000] GC(665) PSYoungGen: 890880K->465920K(931840K)
[2025-08-01T02:29:58.597+0000] GC(665) ParOldGen: 1318738K->1755282K(2796544K)
[2025-08-01T02:29:58.597+0000] GC(665) Metaspace: 9712K(12544K)->9712K(12544K) NonClass: 8546K(11008K)->8546K(11008K) Class: 1166K(1536K)->1166K(1536K)
[2025-08-01T02:29:58.597+0000] GC(665) Pause Young (Allocation Failure) 2157M->2169M(3641M) 296.034ms
[2025-08-01T02:29:58.597+0000] GC(665) User=2.11s Sys=0.14s Real=0.30s
[2025-08-01T02:29:58.687+0000] GC(666) Pause Young (Allocation Failure)
[2025-08-01T02:29:58.912+0000] GC(666) PSYoungGen: 931840K->465920K(931840K)
[2025-08-01T02:29:58.912+0000] GC(666) ParOldGen: 1755282K->2229714K(2796544K)
[2025-08-01T02:29:58.912+0000] GC(666) Metaspace: 9712K(12544K)->9712K(12544K) NonClass: 8546K(11008K)->8546K(11008K) Class: 1166K(1536K)->1166K(1536K)
[2025-08-01T02:29:58.913+0000] GC(666) Pause Young (Allocation Failure) 2624M->2632M(3641M) 225.756ms
[2025-08-01T02:29:58.913+0000] GC(666) User=1.76s Sys=0.03s Real=0.22s
[2025-08-01T02:29:58.913+0000] GC(667) Pause Full (Ergonomics)
[2025-08-01T02:29:58.913+0000] GC(667) Marking Phase
[2025-08-01T02:29:58.993+0000] GC(667) Marking Phase 80.793ms
[2025-08-01T02:29:58.993+0000] GC(667) Summary Phase
[2025-08-01T02:29:58.994+0000] GC(667) Summary Phase 0.094ms
[2025-08-01T02:29:58.994+0000] GC(667) Adjust Roots
[2025-08-01T02:29:58.995+0000] GC(667) Adjust Roots 1.838ms
[2025-08-01T02:29:58.995+0000] GC(667) Compaction Phase
[2025-08-01T02:29:59.253+0000] GC(667) Compaction Phase 257.095ms
[2025-08-01T02:29:59.253+0000] GC(667) Post Compact
[2025-08-01T02:29:59.271+0000] GC(667) Post Compact 18.061ms
[2025-08-01T02:29:59.271+0000] GC(667) PSYoungGen: 465920K->0K(931840K)
[2025-08-01T02:29:59.271+0000] GC(667) ParOldGen: 2229714K->1516123K(2796544K)
[2025-08-01T02:29:59.271+0000] GC(667) Metaspace: 9712K(12544K)->9712K(12544K) NonClass: 8546K(11008K)->8546K(11008K) Class: 1166K(1536K)->1166K(1536K)
[2025-08-01T02:29:59.271+0000] GC(667) Pause Full (Ergonomics) 2632M->1480M(3641M) 358.304ms
[2025-08-01T02:29:59.271+0000] GC(667) User=2.65s Sys=0.02s Real=0.36s
[2025-08-01T02:29:59.363+0000] GC(668) Pause Young (Allocation Failure)
[2025-08-01T02:29:59.482+0000] GC(668) PSYoungGen: 465920K->262624K(931840K)
[2025-08-01T02:29:59.482+0000] GC(668) ParOldGen: 1516123K->1516123K(2796544K)
[2025-08-01T02:29:59.482+0000] GC(668) Metaspace: 9712K(12544K)->9712K(12544K) NonClass: 8546K(11008K)->8546K(11008K) Class: 1166K(1536K)->1166K(1536K)
[2025-08-01T02:29:59.483+0000] GC(668) Pause Young (Allocation Failure) 1935M->1737M(3641M) 119.261ms
[2025-08-01T02:29:59.483+0000] GC(668) User=0.91s Sys=0.03s Real=0.11s
[2025-08-01T02:29:59.581+0000] GC(669) Pause Young (Allocation Failure)
[2025-08-01T02:29:59.700+0000] GC(669) PSYoungGen: 728544K->444864K(931840K)
[2025-08-01T02:29:59.700+0000] GC(669) ParOldGen: 1516123K->1653979K(2796544K)
[2025-08-01T02:29:59.700+0000] GC(669) Metaspace: 9712K(12544K)->9712K(12544K) NonClass: 8546K(11008K)->8546K(11008K) Class: 1166K(1536K)->1166K(1536K)
[2025-08-01T02:29:59.700+0000] GC(669) Pause Young (Allocation Failure) 2192M->2049M(3641M) 119.979ms
[2025-08-01T02:29:59.701+0000] GC(669) User=0.94s Sys=0.02s Real=0.12s
[2025-08-01T02:29:59.785+0000] GC(670) Pause Young (Allocation Failure)
[2025-08-01T02:29:59.945+0000] GC(670) PSYoungGen: 910784K->465920K(931840K)
[2025-08-01T02:29:59.945+0000] GC(670) ParOldGen: 1653979K->2108027K(2796544K)
[2025-08-01T02:29:59.945+0000] GC(670) Metaspace: 9712K(12544K)->9712K(12544K) NonClass: 8546K(11008K)->8546K(11008K) Class: 1166K(1536K)->1166K(1536K)
[2025-08-01T02:29:59.945+0000] GC(670) Pause Young (Allocation Failure) 2504M->2513M(3641M) 160.369ms
[2025-08-01T02:29:59.945+0000] GC(670) User=1.27s Sys=0.00s Real=0.16s
[2025-08-01T02:29:59.945+0000] GC(671) Pause Full (Ergonomics)
[2025-08-01T02:29:59.945+0000] GC(671) Marking Phase
[2025-08-01T02:30:00.001+0000] GC(671) Marking Phase 55.397ms
[2025-08-01T02:30:00.001+0000] GC(671) Summary Phase
[2025-08-01T02:30:00.001+0000] GC(671) Summary Phase 0.130ms
[2025-08-01T02:30:00.001+0000] GC(671) Adjust Roots
[2025-08-01T02:30:00.003+0000] GC(671) Adjust Roots 1.745ms
[2025-08-01T02:30:00.003+0000] GC(671) Compaction Phase
[2025-08-01T02:30:00.180+0000] GC(671) Compaction Phase 177.532ms
[2025-08-01T02:30:00.180+0000] GC(671) Post Compact
[2025-08-01T02:30:00.198+0000] GC(671) Post Compact 17.360ms
[2025-08-01T02:30:00.198+0000] GC(671) PSYoungGen: 465920K->0K(931840K)
[2025-08-01T02:30:00.198+0000] GC(671) ParOldGen: 2108027K->1059614K(2796544K)
[2025-08-01T02:30:00.198+0000] GC(671) Metaspace: 9712K(12544K)->9712K(12544K) NonClass: 8546K(11008K)->8546K(11008K) Class: 1166K(1536K)->1166K(1536K)
[2025-08-01T02:30:00.198+0000] GC(671) Pause Full (Ergonomics) 2513M->1034M(3641M) 252.739ms
[2025-08-01T02:30:00.198+0000] GC(671) User=1.84s Sys=0.00s Real=0.25s
[2025-08-01T02:30:00.283+0000] GC(672) Pause Young (Allocation Failure)
[2025-08-01T02:30:00.439+0000] GC(672) PSYoungGen: 465920K->465920K(931840K)
[2025-08-01T02:30:00.439+0000] GC(672) ParOldGen: 1059614K->1063494K(2796544K)
[2025-08-01T02:30:00.439+0000] GC(672) Metaspace: 9712K(12544K)->9712K(12544K) NonClass: 8546K(11008K)->8546K(11008K) Class: 1166K(1536K)->1166K(1536K)
[2025-08-01T02:30:00.439+0000] GC(672) Pause Young (Allocation Failure) 1489M->1493M(3641M) 156.108ms
[2025-08-01T02:30:00.439+0000] GC(672) User=1.19s Sys=0.04s Real=0.15s
[2025-08-01T02:30:00.523+0000] GC(673) Pause Young (Allocation Failure)
[2025-08-01T02:30:00.566+0000] GC(673) PSYoungGen: 931840K->113664K(931840K)
[2025-08-01T02:30:00.566+0000] GC(673) ParOldGen: 1063494K->1063550K(2796544K)
[2025-08-01T02:30:00.566+0000] GC(673) Metaspace: 9712K(12544K)->9712K(12544K) NonClass: 8546K(11008K)->8546K(11008K) Class: 1166K(1536K)->1166K(1536K)
[2025-08-01T02:30:00.566+0000] GC(673) Pause Young (Allocation Failure) 1948M->1149M(3641M) 43.319ms
[2025-08-01T02:30:00.566+0000] GC(673) User=0.28s Sys=0.02s Real=0.04s
[2025-08-01T02:30:00.652+0000] GC(674) Pause Young (Allocation Failure)
[2025-08-01T02:30:00.788+0000] GC(674) PSYoungGen: 579584K->465920K(931840K)
[2025-08-01T02:30:00.788+0000] GC(674) ParOldGen: 1063550K->1185262K(2796544K)
[2025-08-01T02:30:00.788+0000] GC(674) Metaspace: 9712K(12544K)->9712K(12544K) NonClass: 8546K(11008K)->8546K(11008K) Class: 1166K(1536K)->1166K(1536K)
[2025-08-01T02:30:00.788+0000] GC(674) Pause Young (Allocation Failure) 1604M->1612M(3641M) 135.918ms
[2025-08-01T02:30:00.788+0000] GC(674) User=0.99s Sys=0.03s Real=0.14s
[2025-08-01T02:30:00.870+0000] GC(675) Pause Young (Allocation Failure)
[2025-08-01T02:30:01.045+0000] GC(675) PSYoungGen: 931840K->465920K(931840K)
[2025-08-01T02:30:01.046+0000] GC(675) ParOldGen: 1185262K->1660270K(2796544K)
[2025-08-01T02:30:01.046+0000] GC(675) Metaspace: 9712K(12544K)->9712K(12544K) NonClass: 8546K(11008K)->8546K(11008K) Class: 1166K(1536K)->1166K(1536K)
[2025-08-01T02:30:01.046+0000] GC(675) Pause Young (Allocation Failure) 2067M->2076M(3641M) 175.339ms
[2025-08-01T02:30:01.046+0000] GC(675) User=1.39s Sys=0.00s Real=0.18s
[2025-08-01T02:30:01.134+0000] GC(676) Pause Young (Allocation Failure)
[2025-08-01T02:30:01.314+0000] GC(676) PSYoungGen: 931840K->465920K(931840K)
[2025-08-01T02:30:01.314+0000] GC(676) ParOldGen: 1660270K->2135662K(2796544K)
[2025-08-01T02:30:01.314+0000] GC(676) Metaspace: 9712K(12544K)->9712K(12544K) NonClass: 8546K(11008K)->8546K(11008K) Class: 1166K(1536K)->1166K(1536K)
[2025-08-01T02:30:01.314+0000] GC(676) Pause Young (Allocation Failure) 2531M->2540M(3641M) 179.914ms
[2025-08-01T02:30:01.314+0000] GC(676) User=1.41s Sys=0.01s Real=0.18s
[2025-08-01T02:30:01.314+0000] GC(677) Pause Full (Ergonomics)
[2025-08-01T02:30:01.314+0000] GC(677) Marking Phase
[2025-08-01T02:30:01.400+0000] GC(677) Marking Phase 85.580ms
[2025-08-01T02:30:01.400+0000] GC(677) Summary Phase
[2025-08-01T02:30:01.400+0000] GC(677) Summary Phase 0.093ms
[2025-08-01T02:30:01.400+0000] GC(677) Adjust Roots
[2025-08-01T02:30:01.402+0000] GC(677) Adjust Roots 1.769ms
[2025-08-01T02:30:01.402+0000] GC(677) Compaction Phase
[2025-08-01T02:30:01.648+0000] GC(677) Compaction Phase 246.138ms
[2025-08-01T02:30:01.648+0000] GC(677) Post Compact
[2025-08-01T02:30:01.664+0000] GC(677) Post Compact 15.756ms
[2025-08-01T02:30:01.664+0000] GC(677) PSYoungGen: 465920K->0K(931840K)
[2025-08-01T02:30:01.664+0000] GC(677) ParOldGen: 2135662K->1528334K(2796544K)
[2025-08-01T02:30:01.664+0000] GC(677) Metaspace: 9712K(12544K)->9712K(12544K) NonClass: 8546K(11008K)->8546K(11008K) Class: 1166K(1536K)->1166K(1536K)
[2025-08-01T02:30:01.664+0000] GC(677) Pause Full (Ergonomics) 2540M->1492M(3641M) 349.792ms
[2025-08-01T02:30:01.664+0000] GC(677) User=2.58s Sys=0.02s Real=0.35s
[2025-08-01T02:30:01.755+0000] GC(678) Pause Young (Allocation Failure)
[2025-08-01T02:30:01.825+0000] GC(678) PSYoungGen: 465920K->255136K(931840K)
[2025-08-01T02:30:01.825+0000] GC(678) ParOldGen: 1528334K->1528334K(2796544K)
[2025-08-01T02:30:01.825+0000] GC(678) Metaspace: 9712K(12544K)->9712K(12544K) NonClass: 8546K(11008K)->8546K(11008K) Class: 1166K(1536K)->1166K(1536K)
[2025-08-01T02:30:01.825+0000] GC(678) Pause Young (Allocation Failure) 1947M->1741M(3641M) 69.906ms
[2025-08-01T02:30:01.825+0000] GC(678) User=0.51s Sys=0.01s Real=0.07s
[2025-08-01T02:30:01.911+0000] GC(679) Pause Young (Allocation Failure)
[2025-08-01T02:30:02.042+0000] GC(679) PSYoungGen: 721056K->460224K(931840K)
[2025-08-01T02:30:02.042+0000] GC(679) ParOldGen: 1528334K->1662462K(2796544K)
[2025-08-01T02:30:02.042+0000] GC(679) Metaspace: 9712K(12544K)->9712K(12544K) NonClass: 8546K(11008K)->8546K(11008K) Class: 1166K(1536K)->1166K(1536K)
[2025-08-01T02:30:02.042+0000] GC(679) Pause Young (Allocation Failure) 2196M->2072M(3641M) 131.834ms
[2025-08-01T02:30:02.043+0000] GC(679) User=1.01s Sys=0.02s Real=0.13s
[2025-08-01T02:30:02.130+0000] GC(680) Pause Young (Allocation Failure)
[2025-08-01T02:30:02.374+0000] GC(680) PSYoungGen: 926144K->465920K(931840K)
[2025-08-01T02:30:02.374+0000] GC(680) ParOldGen: 1662462K->2134310K(2796544K)
[2025-08-01T02:30:02.374+0000] GC(680) Metaspace: 9712K(12544K)->9712K(12544K) NonClass: 8546K(11008K)->8546K(11008K) Class: 1166K(1536K)->1166K(1536K)
[2025-08-01T02:30:02.374+0000] GC(680) Pause Young (Allocation Failure) 2527M->2539M(3641M) 243.825ms
[2025-08-01T02:30:02.374+0000] GC(680) User=1.88s Sys=0.05s Real=0.25s
[2025-08-01T02:30:02.374+0000] GC(681) Pause Full (Ergonomics)
[2025-08-01T02:30:02.374+0000] GC(681) Marking Phase
[2025-08-01T02:30:02.426+0000] GC(681) Marking Phase 51.723ms
[2025-08-01T02:30:02.426+0000] GC(681) Summary Phase
[2025-08-01T02:30:02.426+0000] GC(681) Summary Phase 0.125ms
[2025-08-01T02:30:02.426+0000] GC(681) Adjust Roots
[2025-08-01T02:30:02.428+0000] GC(681) Adjust Roots 1.757ms
[2025-08-01T02:30:02.428+0000] GC(681) Compaction Phase
[2025-08-01T02:30:02.590+0000] GC(681) Compaction Phase 162.167ms
[2025-08-01T02:30:02.590+0000] GC(681) Post Compact
[2025-08-01T02:30:02.607+0000] GC(681) Post Compact 16.433ms
[2025-08-01T02:30:02.607+0000] GC(681) PSYoungGen: 465920K->0K(931840K)
[2025-08-01T02:30:02.607+0000] GC(681) ParOldGen: 2134310K->1072182K(2796544K)
[2025-08-01T02:30:02.607+0000] GC(681) Metaspace: 9712K(12544K)->9712K(12544K) NonClass: 8546K(11008K)->8546K(11008K) Class: 1166K(1536K)->1166K(1536K)
[2025-08-01T02:30:02.607+0000] GC(681) Pause Full (Ergonomics) 2539M->1047M(3641M) 232.660ms
[2025-08-01T02:30:02.607+0000] GC(681) User=1.69s Sys=0.00s Real=0.23s
[2025-08-01T02:30:02.693+0000] GC(682) Pause Young (Allocation Failure)
[2025-08-01T02:30:02.784+0000] GC(682) PSYoungGen: 465920K->465920K(931840K)
[2025-08-01T02:30:02.784+0000] GC(682) ParOldGen: 1072182K->1077286K(2796544K)
[2025-08-01T02:30:02.784+0000] GC(682) Metaspace: 9712K(12544K)->9712K(12544K) NonClass: 8546K(11008K)->8546K(11008K) Class: 1166K(1536K)->1166K(1536K)
[2025-08-01T02:30:02.784+0000] GC(682) Pause Young (Allocation Failure) 1502M->1507M(3641M) 91.515ms
[2025-08-01T02:30:02.784+0000] GC(682) User=0.70s Sys=0.01s Real=0.10s
[2025-08-01T02:30:02.869+0000] GC(683) Pause Young (Allocation Failure)
[2025-08-01T02:30:02.919+0000] GC(683) PSYoungGen: 931840K->130048K(931840K)
[2025-08-01T02:30:02.920+0000] GC(683) ParOldGen: 1077286K->1077334K(2796544K)
[2025-08-01T02:30:02.920+0000] GC(683) Metaspace: 9712K(12544K)->9712K(12544K) NonClass: 8546K(11008K)->8546K(11008K) Class: 1166K(1536K)->1166K(1536K)
[2025-08-01T02:30:02.920+0000] GC(683) Pause Young (Allocation Failure) 1962M->1179M(3641M) 50.548ms
[2025-08-01T02:30:02.920+0000] GC(683) User=0.37s Sys=0.01s Real=0.05s
[2025-08-01T02:30:03.015+0000] GC(684) Pause Young (Allocation Failure)
[2025-08-01T02:30:03.175+0000] GC(684) PSYoungGen: 595968K->465920K(931840K)
[2025-08-01T02:30:03.175+0000] GC(684) ParOldGen: 1077334K->1216606K(2796544K)
[2025-08-01T02:30:03.175+0000] GC(684) Metaspace: 9712K(12544K)->9712K(12544K) NonClass: 8546K(11008K)->8546K(11008K) Class: 1166K(1536K)->1166K(1536K)
[2025-08-01T02:30:03.175+0000] GC(684) Pause Young (Allocation Failure) 1634M->1643M(3641M) 159.671ms
[2025-08-01T02:30:03.175+0000] GC(684) User=1.19s Sys=0.04s Real=0.16s
[2025-08-01T02:30:03.265+0000] GC(685) Pause Young (Allocation Failure)
[2025-08-01T02:30:03.522+0000] GC(685) PSYoungGen: 931840K->465920K(931840K)
[2025-08-01T02:30:03.522+0000] GC(685) ParOldGen: 1216606K->1694086K(2796544K)
[2025-08-01T02:30:03.522+0000] GC(685) Metaspace: 9712K(12544K)->9712K(12544K) NonClass: 8546K(11008K)->8546K(11008K) Class: 1166K(1536K)->1166K(1536K)
[2025-08-01T02:30:03.522+0000] GC(685) Pause Young (Allocation Failure) 2098M->2109M(3641M) 256.205ms
[2025-08-01T02:30:03.522+0000] GC(685) User=1.97s Sys=0.03s Real=0.25s
[2025-08-01T02:30:03.606+0000] GC(686) Pause Young (Allocation Failure)
[2025-08-01T02:30:03.788+0000] GC(686) PSYoungGen: 931840K->465920K(931840K)
[2025-08-01T02:30:03.788+0000] GC(686) ParOldGen: 1694086K->2168366K(2796544K)
[2025-08-01T02:30:03.788+0000] GC(686) Metaspace: 9712K(12544K)->9712K(12544K) NonClass: 8546K(11008K)->8546K(11008K) Class: 1166K(1536K)->1166K(1536K)
[2025-08-01T02:30:03.788+0000] GC(686) Pause Young (Allocation Failure) 2564M->2572M(3641M) 181.670ms
[2025-08-01T02:30:03.788+0000] GC(686) User=1.35s Sys=0.03s Real=0.18s
[2025-08-01T02:30:03.788+0000] GC(687) Pause Full (Ergonomics)
[2025-08-01T02:30:03.788+0000] GC(687) Marking Phase
[2025-08-01T02:30:03.866+0000] GC(687) Marking Phase 77.598ms
[2025-08-01T02:30:03.866+0000] GC(687) Summary Phase
[2025-08-01T02:30:03.866+0000] GC(687) Summary Phase 0.059ms
[2025-08-01T02:30:03.866+0000] GC(687) Adjust Roots
[2025-08-01T02:30:03.867+0000] GC(687) Adjust Roots 1.219ms
[2025-08-01T02:30:03.867+0000] GC(687) Compaction Phase
[2025-08-01T02:30:04.108+0000] GC(687) Compaction Phase 240.815ms
[2025-08-01T02:30:04.108+0000] GC(687) Post Compact
[2025-08-01T02:30:04.125+0000] GC(687) Post Compact 17.150ms
[2025-08-01T02:30:04.125+0000] GC(687) PSYoungGen: 465920K->0K(931840K)
[2025-08-01T02:30:04.125+0000] GC(687) ParOldGen: 2168366K->1543565K(2796544K)
[2025-08-01T02:30:04.125+0000] GC(687) Metaspace: 9712K(12544K)->9712K(12544K) NonClass: 8546K(11008K)->8546K(11008K) Class: 1166K(1536K)->1166K(1536K)
[2025-08-01T02:30:04.125+0000] GC(687) Pause Full (Ergonomics) 2572M->1507M(3641M) 337.189ms
[2025-08-01T02:30:04.125+0000] GC(687) User=2.52s Sys=0.01s Real=0.34s
[2025-08-01T02:30:04.213+0000] GC(688) Pause Young (Allocation Failure)
[2025-08-01T02:30:04.259+0000] GC(688) PSYoungGen: 465920K->134240K(931840K)
[2025-08-01T02:30:04.259+0000] GC(688) ParOldGen: 1543565K->1543565K(2796544K)
[2025-08-01T02:30:04.259+0000] GC(688) Metaspace: 9712K(12544K)->9712K(12544K) NonClass: 8546K(11008K)->8546K(11008K) Class: 1166K(1536K)->1166K(1536K)
[2025-08-01T02:30:04.259+0000] GC(688) Pause Young (Allocation Failure) 1962M->1638M(3641M) 45.924ms
[2025-08-01T02:30:04.259+0000] GC(688) User=0.34s Sys=0.02s Real=0.04s
[2025-08-01T02:30:04.344+0000] GC(689) Pause Young (Allocation Failure)
[2025-08-01T02:30:04.540+0000] GC(689) PSYoungGen: 600160K->465920K(931840K)
[2025-08-01T02:30:04.540+0000] GC(689) ParOldGen: 1543565K->1684701K(2796544K)
[2025-08-01T02:30:04.540+0000] GC(689) Metaspace: 9712K(12544K)->9712K(12544K) NonClass: 8546K(11008K)->8546K(11008K) Class: 1166K(1536K)->1166K(1536K)
[2025-08-01T02:30:04.540+0000] GC(689) Pause Young (Allocation Failure) 2093M->2100M(3641M) 195.938ms
[2025-08-01T02:30:04.540+0000] GC(689) User=1.50s Sys=0.03s Real=0.19s
[2025-08-01T02:30:04.629+0000] GC(690) Pause Young (Allocation Failure)
[2025-08-01T02:30:04.832+0000] GC(690) PSYoungGen: 931840K->465920K(931840K)
[2025-08-01T02:30:04.832+0000] GC(690) ParOldGen: 1684701K->2163581K(2796544K)
[2025-08-01T02:30:04.832+0000] GC(690) Metaspace: 9712K(12544K)->9712K(12544K) NonClass: 8546K(11008K)->8546K(11008K) Class: 1166K(1536K)->1166K(1536K)
[2025-08-01T02:30:04.832+0000] GC(690) Pause Young (Allocation Failure) 2555M->2567M(3641M) 202.804ms
[2025-08-01T02:30:04.832+0000] GC(690) User=1.52s Sys=0.03s Real=0.20s
[2025-08-01T02:30:04.832+0000] GC(691) Pause Full (Ergonomics)
[2025-08-01T02:30:04.832+0000] GC(691) Marking Phase
[2025-08-01T02:30:04.881+0000] GC(691) Marking Phase 48.652ms
[2025-08-01T02:30:04.881+0000] GC(691) Summary Phase
[2025-08-01T02:30:04.881+0000] GC(691) Summary Phase 0.055ms
[2025-08-01T02:30:04.881+0000] GC(691) Adjust Roots
[2025-08-01T02:30:04.882+0000] GC(691) Adjust Roots 1.269ms
[2025-08-01T02:30:04.882+0000] GC(691) Compaction Phase
[2025-08-01T02:30:05.063+0000] GC(691) Compaction Phase 180.497ms
[2025-08-01T02:30:05.063+0000] GC(691) Post Compact
[2025-08-01T02:30:05.079+0000] GC(691) Post Compact 16.688ms
[2025-08-01T02:30:05.080+0000] GC(691) PSYoungGen: 465920K->0K(931840K)
[2025-08-01T02:30:05.080+0000] GC(691) ParOldGen: 2163581K->1085236K(2796544K)
[2025-08-01T02:30:05.080+0000] GC(691) Metaspace: 9712K(12544K)->9712K(12544K) NonClass: 8546K(11008K)->8546K(11008K) Class: 1166K(1536K)->1166K(1536K)
[2025-08-01T02:30:05.080+0000] GC(691) Pause Full (Ergonomics) 2567M->1059M(3641M) 247.625ms
[2025-08-01T02:30:05.080+0000] GC(691) User=1.79s Sys=0.03s Real=0.25s
[2025-08-01T02:30:05.166+0000] GC(692) Pause Young (Allocation Failure)
[2025-08-01T02:30:05.250+0000] GC(692) PSYoungGen: 465920K->465920K(931840K)
[2025-08-01T02:30:05.250+0000] GC(692) ParOldGen: 1085236K->1090292K(2796544K)
[2025-08-01T02:30:05.250+0000] GC(692) Metaspace: 9712K(12544K)->9712K(12544K) NonClass: 8546K(11008K)->8546K(11008K) Class: 1166K(1536K)->1166K(1536K)
[2025-08-01T02:30:05.250+0000] GC(692) Pause Young (Allocation Failure) 1514M->1519M(3641M) 84.253ms
[2025-08-01T02:30:05.250+0000] GC(692) User=0.67s Sys=0.00s Real=0.08s
[2025-08-01T02:30:05.348+0000] GC(693) Pause Young (Allocation Failure)
[2025-08-01T02:30:05.501+0000] GC(693) PSYoungGen: 931840K->377920K(931840K)
[2025-08-01T02:30:05.501+0000] GC(693) ParOldGen: 1090292K->1329228K(2796544K)
[2025-08-01T02:30:05.501+0000] GC(693) Metaspace: 9712K(12544K)->9712K(12544K) NonClass: 8546K(11008K)->8546K(11008K) Class: 1166K(1536K)->1166K(1536K)
[2025-08-01T02:30:05.501+0000] GC(693) Pause Young (Allocation Failure) 1974M->1667M(3641M) 152.803ms
[2025-08-01T02:30:05.501+0000] GC(693) User=1.16s Sys=0.04s Real=0.15s
[2025-08-01T02:30:05.638+0000] GC(694) Pause Young (Allocation Failure)
[2025-08-01T02:30:05.854+0000] GC(694) PSYoungGen: 843840K->465920K(931840K)
[2025-08-01T02:30:05.854+0000] GC(694) ParOldGen: 1329228K->1482492K(2796544K)
[2025-08-01T02:30:05.854+0000] GC(694) Metaspace: 9712K(12544K)->9712K(12544K) NonClass: 8546K(11008K)->8546K(11008K) Class: 1166K(1536K)->1166K(1536K)
[2025-08-01T02:30:05.854+0000] GC(694) Pause Young (Allocation Failure) 2122M->1902M(3641M) 215.253ms
[2025-08-01T02:30:05.854+0000] GC(694) User=1.60s Sys=0.05s Real=0.22s
[2025-08-01T02:30:05.939+0000] GC(695) Pause Young (Allocation Failure)
[2025-08-01T02:30:06.136+0000] GC(695) PSYoungGen: 931840K->465920K(931840K)
[2025-08-01T02:30:06.137+0000] GC(695) ParOldGen: 1482492K->1957940K(2796544K)
[2025-08-01T02:30:06.137+0000] GC(695) Metaspace: 9712K(12544K)->9712K(12544K) NonClass: 8546K(11008K)->8546K(11008K) Class: 1166K(1536K)->1166K(1536K)
[2025-08-01T02:30:06.137+0000] GC(695) Pause Young (Allocation Failure) 2357M->2367M(3641M) 197.462ms
[2025-08-01T02:30:06.137+0000] GC(695) User=1.52s Sys=0.04s Real=0.20s
[2025-08-01T02:30:06.225+0000] GC(696) Pause Young (Allocation Failure)
[2025-08-01T02:30:06.470+0000] GC(696) PSYoungGen: 931840K->465920K(931840K)
[2025-08-01T02:30:06.470+0000] GC(696) ParOldGen: 1957940K->2436404K(2796544K)
[2025-08-01T02:30:06.470+0000] GC(696) Metaspace: 9712K(12544K)->9712K(12544K) NonClass: 8546K(11008K)->8546K(11008K) Class: 1166K(1536K)->1166K(1536K)
[2025-08-01T02:30:06.470+0000] GC(696) Pause Young (Allocation Failure) 2822M->2834M(3641M) 245.643ms
[2025-08-01T02:30:06.470+0000] GC(696) User=1.87s Sys=0.04s Real=0.24s
[2025-08-01T02:30:06.470+0000] GC(697) Pause Full (Ergonomics)
[2025-08-01T02:30:06.470+0000] GC(697) Marking Phase
[2025-08-01T02:30:06.557+0000] GC(697) Marking Phase 86.629ms
[2025-08-01T02:30:06.557+0000] GC(697) Summary Phase
[2025-08-01T02:30:06.557+0000] GC(697) Summary Phase 0.100ms
[2025-08-01T02:30:06.557+0000] GC(697) Adjust Roots
[2025-08-01T02:30:06.559+0000] GC(697) Adjust Roots 2.060ms
[2025-08-01T02:30:06.559+0000] GC(697) Compaction Phase
[2025-08-01T02:30:06.800+0000] GC(697) Compaction Phase 240.870ms
[2025-08-01T02:30:06.800+0000] GC(697) Post Compact
[2025-08-01T02:30:06.819+0000] GC(697) Post Compact 18.810ms
[2025-08-01T02:30:06.819+0000] GC(697) PSYoungGen: 465920K->0K(931840K)
[2025-08-01T02:30:06.819+0000] GC(697) ParOldGen: 2436404K->1560297K(2796544K)
[2025-08-01T02:30:06.819+0000] GC(697) Metaspace: 9712K(12544K)->9712K(12544K) NonClass: 8546K(11008K)->8546K(11008K) Class: 1166K(1536K)->1166K(1536K)
[2025-08-01T02:30:06.819+0000] GC(697) Pause Full (Ergonomics) 2834M->1523M(3641M) 348.898ms
[2025-08-01T02:30:06.819+0000] GC(697) User=2.58s Sys=0.01s Real=0.35s
[2025-08-01T02:30:06.907+0000] GC(698) Pause Young (Allocation Failure)
[2025-08-01T02:30:06.978+0000] GC(698) PSYoungGen: 465920K->275488K(931840K)
[2025-08-01T02:30:06.978+0000] GC(698) ParOldGen: 1560297K->1560297K(2796544K)
[2025-08-01T02:30:06.978+0000] GC(698) Metaspace: 9712K(12544K)->9712K(12544K) NonClass: 8546K(11008K)->8546K(11008K) Class: 1166K(1536K)->1166K(1536K)
[2025-08-01T02:30:06.978+0000] GC(698) Pause Young (Allocation Failure) 1978M->1792M(3641M) 70.968ms
[2025-08-01T02:30:06.978+0000] GC(698) User=0.54s Sys=0.01s Real=0.07s
[2025-08-01T02:30:07.066+0000] GC(699) Pause Young (Allocation Failure)
[2025-08-01T02:30:07.251+0000] GC(699) PSYoungGen: 741408K->465056K(931840K)
[2025-08-01T02:30:07.251+0000] GC(699) ParOldGen: 1560297K->1718873K(2796544K)
[2025-08-01T02:30:07.251+0000] GC(699) Metaspace: 9712K(12544K)->9712K(12544K) NonClass: 8546K(11008K)->8546K(11008K) Class: 1166K(1536K)->1166K(1536K)
[2025-08-01T02:30:07.251+0000] GC(699) Pause Young (Allocation Failure) 2247M->2132M(3641M) 185.368ms
[2025-08-01T02:30:07.251+0000] GC(699) User=1.45s Sys=0.03s Real=0.18s
[2025-08-01T02:30:07.334+0000] GC(700) Pause Young (Allocation Failure)
[2025-08-01T02:30:07.586+0000] GC(700) PSYoungGen: 930976K->465920K(931840K)
[2025-08-01T02:30:07.586+0000] GC(700) ParOldGen: 1718873K->2194681K(2796544K)
[2025-08-01T02:30:07.586+0000] GC(700) Metaspace: 9712K(12544K)->9712K(12544K) NonClass: 8546K(11008K)->8546K(11008K) Class: 1166K(1536K)->1166K(1536K)
[2025-08-01T02:30:07.586+0000] GC(700) Pause Young (Allocation Failure) 2587M->2598M(3641M) 252.094ms
[2025-08-01T02:30:07.586+0000] GC(700) User=1.94s Sys=0.04s Real=0.25s
[2025-08-01T02:30:07.586+0000] GC(701) Pause Full (Ergonomics)
[2025-08-01T02:30:07.586+0000] GC(701) Marking Phase
[2025-08-01T02:30:07.644+0000] GC(701) Marking Phase 57.473ms
[2025-08-01T02:30:07.644+0000] GC(701) Summary Phase
[2025-08-01T02:30:07.644+0000] GC(701) Summary Phase 0.103ms
[2025-08-01T02:30:07.644+0000] GC(701) Adjust Roots
[2025-08-01T02:30:07.646+0000] GC(701) Adjust Roots 1.958ms
[2025-08-01T02:30:07.646+0000] GC(701) Compaction Phase
[2025-08-01T02:30:07.818+0000] GC(701) Compaction Phase 171.942ms
[2025-08-01T02:30:07.818+0000] GC(701) Post Compact
[2025-08-01T02:30:07.835+0000] GC(701) Post Compact 17.168ms
[2025-08-01T02:30:07.835+0000] GC(701) PSYoungGen: 465920K->0K(931840K)
[2025-08-01T02:30:07.835+0000] GC(701) ParOldGen: 2194681K->1101198K(2796544K)
[2025-08-01T02:30:07.835+0000] GC(701) Metaspace: 9712K(12544K)->9712K(12544K) NonClass: 8546K(11008K)->8546K(11008K) Class: 1166K(1536K)->1166K(1536K)
[2025-08-01T02:30:07.835+0000] GC(701) Pause Full (Ergonomics) 2598M->1075M(3641M) 249.063ms
[2025-08-01T02:30:07.835+0000] GC(701) User=1.82s Sys=0.00s Real=0.25s
[2025-08-01T02:30:07.921+0000] GC(702) Pause Young (Allocation Failure)
[2025-08-01T02:30:08.009+0000] GC(702) PSYoungGen: 465920K->465920K(931840K)
[2025-08-01T02:30:08.009+0000] GC(702) ParOldGen: 1101198K->1105334K(2796544K)
[2025-08-01T02:30:08.009+0000] GC(702) Metaspace: 9712K(12544K)->9712K(12544K) NonClass: 8546K(11008K)->8546K(11008K) Class: 1166K(1536K)->1166K(1536K)
[2025-08-01T02:30:08.009+0000] GC(702) Pause Young (Allocation Failure) 1530M->1534M(3641M) 88.561ms
[2025-08-01T02:30:08.009+0000] GC(702) User=0.69s Sys=0.00s Real=0.09s
[2025-08-01T02:30:08.100+0000] GC(703) Pause Young (Allocation Failure)
[2025-08-01T02:30:08.240+0000] GC(703) PSYoungGen: 931840K->279840K(931840K)
[2025-08-01T02:30:08.240+0000] GC(703) ParOldGen: 1105334K->1228398K(2796544K)
[2025-08-01T02:30:08.240+0000] GC(703) Metaspace: 9712K(12544K)->9712K(12544K) NonClass: 8546K(11008K)->8546K(11008K) Class: 1166K(1536K)->1166K(1536K)
[2025-08-01T02:30:08.240+0000] GC(703) Pause Young (Allocation Failure) 1989M->1472M(3641M) 139.760ms
[2025-08-01T02:30:08.240+0000] GC(703) User=1.07s Sys=0.03s Real=0.14s
[2025-08-01T02:30:08.333+0000] GC(704) Pause Young (Allocation Failure)
[2025-08-01T02:30:08.463+0000] GC(704) PSYoungGen: 745760K->461536K(931840K)
[2025-08-01T02:30:08.463+0000] GC(704) ParOldGen: 1228398K->1397342K(2796544K)
[2025-08-01T02:30:08.463+0000] GC(704) Metaspace: 9712K(12544K)->9712K(12544K) NonClass: 8546K(11008K)->8546K(11008K) Class: 1166K(1536K)->1166K(1536K)
[2025-08-01T02:30:08.463+0000] GC(704) Pause Young (Allocation Failure) 1927M->1815M(3641M) 130.664ms
[2025-08-01T02:30:08.463+0000] GC(704) User=1.02s Sys=0.00s Real=0.14s
[2025-08-01T02:30:08.546+0000] GC(705) Pause Young (Allocation Failure)
[2025-08-01T02:30:08.756+0000] GC(705) PSYoungGen: 927456K->465920K(931840K)
[2025-08-01T02:30:08.756+0000] GC(705) ParOldGen: 1397342K->1869702K(2796544K)
[2025-08-01T02:30:08.756+0000] GC(705) Metaspace: 9712K(12544K)->9712K(12544K) NonClass: 8546K(11008K)->8546K(11008K) Class: 1166K(1536K)->1166K(1536K)
[2025-08-01T02:30:08.756+0000] GC(705) Pause Young (Allocation Failure) 2270M->2280M(3641M) 209.706ms
[2025-08-01T02:30:08.756+0000] GC(705) User=1.63s Sys=0.04s Real=0.21s
[2025-08-01T02:30:08.846+0000] GC(706) Pause Young (Allocation Failure)
[2025-08-01T02:30:09.032+0000] GC(706) PSYoungGen: 931840K->465920K(931840K)
[2025-08-01T02:30:09.033+0000] GC(706) ParOldGen: 1869702K->2344654K(2796544K)
[2025-08-01T02:30:09.033+0000] GC(706) Metaspace: 9712K(12544K)->9712K(12544K) NonClass: 8546K(11008K)->8546K(11008K) Class: 1166K(1536K)->1166K(1536K)
[2025-08-01T02:30:09.033+0000] GC(706) Pause Young (Allocation Failure) 2735M->2744M(3641M) 186.388ms
[2025-08-01T02:30:09.033+0000] GC(706) User=1.39s Sys=0.04s Real=0.18s
[2025-08-01T02:30:09.033+0000] GC(707) Pause Full (Ergonomics)
[2025-08-01T02:30:09.033+0000] GC(707) Marking Phase
[2025-08-01T02:30:09.112+0000] GC(707) Marking Phase 79.228ms
[2025-08-01T02:30:09.112+0000] GC(707) Summary Phase
[2025-08-01T02:30:09.112+0000] GC(707) Summary Phase 0.095ms
[2025-08-01T02:30:09.112+0000] GC(707) Adjust Roots
[2025-08-01T02:30:09.114+0000] GC(707) Adjust Roots 1.952ms
[2025-08-01T02:30:09.114+0000] GC(707) Compaction Phase
[2025-08-01T02:30:09.402+0000] GC(707) Compaction Phase 288.075ms
[2025-08-01T02:30:09.402+0000] GC(707) Post Compact
[2025-08-01T02:30:09.421+0000] GC(707) Post Compact 18.900ms
[2025-08-01T02:30:09.421+0000] GC(707) PSYoungGen: 465920K->0K(931840K)
[2025-08-01T02:30:09.421+0000] GC(707) ParOldGen: 2344654K->1570975K(2796544K)
[2025-08-01T02:30:09.421+0000] GC(707) Metaspace: 9712K(12544K)->9712K(12544K) NonClass: 8546K(11008K)->8546K(11008K) Class: 1166K(1536K)->1166K(1536K)
[2025-08-01T02:30:09.421+0000] GC(707) Pause Full (Ergonomics) 2744M->1534M(3641M) 388.620ms
[2025-08-01T02:30:09.421+0000] GC(707) User=2.82s Sys=0.02s Real=0.39s
[2025-08-01T02:30:09.513+0000] GC(708) Pause Young (Allocation Failure)
[2025-08-01T02:30:09.620+0000] GC(708) PSYoungGen: 465920K->295904K(931840K)
[2025-08-01T02:30:09.620+0000] GC(708) ParOldGen: 1570975K->1570975K(2796544K)
[2025-08-01T02:30:09.620+0000] GC(708) Metaspace: 9712K(12544K)->9712K(12544K) NonClass: 8546K(11008K)->8546K(11008K) Class: 1166K(1536K)->1166K(1536K)
[2025-08-01T02:30:09.620+0000] GC(708) Pause Young (Allocation Failure) 1989M->1823M(3641M) 107.108ms
[2025-08-01T02:30:09.621+0000] GC(708) User=0.77s Sys=0.05s Real=0.10s
[2025-08-01T02:30:09.715+0000] GC(709) Pause Young (Allocation Failure)
[2025-08-01T02:30:09.903+0000] GC(709) PSYoungGen: 761824K->456960K(931840K)
[2025-08-01T02:30:09.904+0000] GC(709) ParOldGen: 1570975K->1751871K(2796544K)
[2025-08-01T02:30:09.904+0000] GC(709) Metaspace: 9712K(12544K)->9712K(12544K) NonClass: 8546K(11008K)->8546K(11008K) Class: 1166K(1536K)->1166K(1536K)
[2025-08-01T02:30:09.904+0000] GC(709) Pause Young (Allocation Failure) 2278M->2157M(3641M) 188.707ms
[2025-08-01T02:30:09.904+0000] GC(709) User=1.44s Sys=0.03s Real=0.19s
[2025-08-01T02:30:09.987+0000] GC(710) Pause Young (Allocation Failure)
[2025-08-01T02:30:10.197+0000] GC(710) PSYoungGen: 922880K->465920K(931840K)
[2025-08-01T02:30:10.197+0000] GC(710) ParOldGen: 1751871K->2217711K(2796544K)
[2025-08-01T02:30:10.197+0000] GC(710) Metaspace: 9712K(12544K)->9712K(12544K) NonClass: 8546K(11008K)->8546K(11008K) Class: 1166K(1536K)->1166K(1536K)
[2025-08-01T02:30:10.197+0000] GC(710) Pause Young (Allocation Failure) 2612M->2620M(3641M) 209.412ms
[2025-08-01T02:30:10.197+0000] GC(710) User=1.60s Sys=0.05s Real=0.21s
[2025-08-01T02:30:10.197+0000] GC(711) Pause Full (Ergonomics)
[2025-08-01T02:30:10.197+0000] GC(711) Marking Phase
[2025-08-01T02:30:10.262+0000] GC(711) Marking Phase 65.508ms
[2025-08-01T02:30:10.262+0000] GC(711) Summary Phase
[2025-08-01T02:30:10.263+0000] GC(711) Summary Phase 0.082ms
[2025-08-01T02:30:10.263+0000] GC(711) Adjust Roots
[2025-08-01T02:30:10.264+0000] GC(711) Adjust Roots 1.946ms
[2025-08-01T02:30:10.265+0000] GC(711) Compaction Phase
[2025-08-01T02:30:10.432+0000] GC(711) Compaction Phase 167.717ms
[2025-08-01T02:30:10.432+0000] GC(711) Post Compact
[2025-08-01T02:30:10.450+0000] GC(711) Post Compact 17.929ms
[2025-08-01T02:30:10.450+0000] GC(711) PSYoungGen: 465920K->0K(931840K)
[2025-08-01T02:30:10.450+0000] GC(711) ParOldGen: 2217711K->1112403K(2796544K)
[2025-08-01T02:30:10.450+0000] GC(711) Metaspace: 9712K(12544K)->9712K(12544K) NonClass: 8546K(11008K)->8546K(11008K) Class: 1166K(1536K)->1166K(1536K)
[2025-08-01T02:30:10.450+0000] GC(711) Pause Full (Ergonomics) 2620M->1086M(3641M) 253.573ms
[2025-08-01T02:30:10.450+0000] GC(711) User=1.84s Sys=0.00s Real=0.25s
[2025-08-01T02:30:10.540+0000] GC(712) Pause Young (Allocation Failure)
[2025-08-01T02:30:10.657+0000] GC(712) PSYoungGen: 465920K->465920K(931840K)
[2025-08-01T02:30:10.657+0000] GC(712) ParOldGen: 1112403K->1118203K(2796544K)
[2025-08-01T02:30:10.657+0000] GC(712) Metaspace: 9712K(12544K)->9712K(12544K) NonClass: 8546K(11008K)->8546K(11008K) Class: 1166K(1536K)->1166K(1536K)
[2025-08-01T02:30:10.657+0000] GC(712) Pause Young (Allocation Failure) 1541M->1546M(3641M) 117.684ms
[2025-08-01T02:30:10.657+0000] GC(712) User=0.88s Sys=0.04s Real=0.12s
[2025-08-01T02:30:10.749+0000] GC(713) Pause Young (Allocation Failure)
[2025-08-01T02:30:10.880+0000] GC(713) PSYoungGen: 931840K->304320K(931840K)
[2025-08-01T02:30:10.880+0000] GC(713) ParOldGen: 1118203K->1231523K(2796544K)
[2025-08-01T02:30:10.880+0000] GC(713) Metaspace: 9712K(12544K)->9712K(12544K) NonClass: 8546K(11008K)->8546K(11008K) Class: 1166K(1536K)->1166K(1536K)
[2025-08-01T02:30:10.880+0000] GC(713) Pause Young (Allocation Failure) 2001M->1499M(3641M) 131.582ms
[2025-08-01T02:30:10.880+0000] GC(713) User=0.94s Sys=0.03s Real=0.13s
[2025-08-01T02:30:10.975+0000] GC(714) Pause Young (Allocation Failure)
[2025-08-01T02:30:11.185+0000] GC(714) PSYoungGen: 770240K->448448K(931840K)
[2025-08-01T02:30:11.185+0000] GC(714) ParOldGen: 1231523K->1424387K(2796544K)
[2025-08-01T02:30:11.185+0000] GC(714) Metaspace: 9712K(12544K)->9712K(12544K) NonClass: 8546K(11008K)->8546K(11008K) Class: 1166K(1536K)->1166K(1536K)
[2025-08-01T02:30:11.185+0000] GC(714) Pause Young (Allocation Failure) 1954M->1828M(3641M) 210.736ms
[2025-08-01T02:30:11.185+0000] GC(714) User=1.62s Sys=0.04s Real=0.21s
[2025-08-01T02:30:11.270+0000] GC(715) Pause Young (Allocation Failure)
[2025-08-01T02:30:11.479+0000] GC(715) PSYoungGen: 914368K->465920K(931840K)
[2025-08-01T02:30:11.479+0000] GC(715) ParOldGen: 1424387K->1883339K(2796544K)
[2025-08-01T02:30:11.479+0000] GC(715) Metaspace: 9712K(12544K)->9712K(12544K) NonClass: 8546K(11008K)->8546K(11008K) Class: 1166K(1536K)->1166K(1536K)
[2025-08-01T02:30:11.479+0000] GC(715) Pause Young (Allocation Failure) 2283M->2294M(3641M) 209.456ms
[2025-08-01T02:30:11.479+0000] GC(715) User=1.62s Sys=0.04s Real=0.21s
[2025-08-01T02:30:11.567+0000] GC(716) Pause Young (Allocation Failure)
[2025-08-01T02:30:11.822+0000] GC(716) PSYoungGen: 931840K->465920K(931840K)
[2025-08-01T02:30:11.822+0000] GC(716) ParOldGen: 1883339K->2363683K(2796544K)
[2025-08-01T02:30:11.822+0000] GC(716) Metaspace: 9712K(12544K)->9712K(12544K) NonClass: 8546K(11008K)->8546K(11008K) Class: 1166K(1536K)->1166K(1536K)
[2025-08-01T02:30:11.822+0000] GC(716) Pause Young (Allocation Failure) 2749M->2763M(3641M) 255.142ms
[2025-08-01T02:30:11.822+0000] GC(716) User=1.95s Sys=0.04s Real=0.25s
[2025-08-01T02:30:11.822+0000] GC(717) Pause Full (Ergonomics)
[2025-08-01T02:30:11.822+0000] GC(717) Marking Phase
[2025-08-01T02:30:11.898+0000] GC(717) Marking Phase 75.592ms
[2025-08-01T02:30:11.898+0000] GC(717) Summary Phase
[2025-08-01T02:30:11.898+0000] GC(717) Summary Phase 0.097ms
[2025-08-01T02:30:11.898+0000] GC(717) Adjust Roots
[2025-08-01T02:30:11.900+0000] GC(717) Adjust Roots 1.725ms
[2025-08-01T02:30:11.900+0000] GC(717) Compaction Phase
[2025-08-01T02:30:12.141+0000] GC(717) Compaction Phase 241.503ms
[2025-08-01T02:30:12.141+0000] GC(717) Post Compact
[2025-08-01T02:30:12.160+0000] GC(717) Post Compact 18.779ms
[2025-08-01T02:30:12.160+0000] GC(717) PSYoungGen: 465920K->0K(931840K)
[2025-08-01T02:30:12.160+0000] GC(717) ParOldGen: 2363683K->1583805K(2796544K)
[2025-08-01T02:30:12.160+0000] GC(717) Metaspace: 9712K(12544K)->9712K(12544K) NonClass: 8546K(11008K)->8546K(11008K) Class: 1166K(1536K)->1166K(1536K)
[2025-08-01T02:30:12.160+0000] GC(717) Pause Full (Ergonomics) 2763M->1546M(3641M) 338.093ms
[2025-08-01T02:30:12.160+0000] GC(717) User=2.48s Sys=0.00s Real=0.34s
[2025-08-01T02:30:12.251+0000] GC(718) Pause Young (Allocation Failure)
[2025-08-01T02:30:12.342+0000] GC(718) PSYoungGen: 465920K->301120K(931840K)
[2025-08-01T02:30:12.342+0000] GC(718) ParOldGen: 1583805K->1583805K(2796544K)
[2025-08-01T02:30:12.342+0000] GC(718) Metaspace: 9712K(12544K)->9712K(12544K) NonClass: 8546K(11008K)->8546K(11008K) Class: 1166K(1536K)->1166K(1536K)
[2025-08-01T02:30:12.342+0000] GC(718) Pause Young (Allocation Failure) 2001M->1840M(3641M) 91.093ms
[2025-08-01T02:30:12.342+0000] GC(718) User=0.62s Sys=0.02s Real=0.09s
[2025-08-01T02:30:12.441+0000] GC(719) Pause Young (Allocation Failure)
[2025-08-01T02:30:12.679+0000] GC(719) PSYoungGen: 767040K->465920K(931840K)
[2025-08-01T02:30:12.680+0000] GC(719) ParOldGen: 1583805K->1769309K(2796544K)
[2025-08-01T02:30:12.680+0000] GC(719) Metaspace: 9712K(12544K)->9712K(12544K) NonClass: 8546K(11008K)->8546K(11008K) Class: 1166K(1536K)->1166K(1536K)
[2025-08-01T02:30:12.680+0000] GC(719) Pause Young (Allocation Failure) 2295M->2182M(3641M) 238.404ms
[2025-08-01T02:30:12.680+0000] GC(719) User=1.81s Sys=0.06s Real=0.24s
[2025-08-01T02:30:12.766+0000] GC(720) Pause Young (Allocation Failure)
[2025-08-01T02:30:12.954+0000] GC(720) PSYoungGen: 931840K->465920K(931840K)
[2025-08-01T02:30:12.955+0000] GC(720) ParOldGen: 1769309K->2246301K(2796544K)
[2025-08-01T02:30:12.955+0000] GC(720) Metaspace: 9712K(12544K)->9712K(12544K) NonClass: 8546K(11008K)->8546K(11008K) Class: 1166K(1536K)->1166K(1536K)
[2025-08-01T02:30:12.955+0000] GC(720) Pause Young (Allocation Failure) 2637M->2648M(3641M) 188.481ms
[2025-08-01T02:30:12.955+0000] GC(720) User=1.47s Sys=0.02s Real=0.19s
[2025-08-01T02:30:12.955+0000] GC(721) Pause Full (Ergonomics)
[2025-08-01T02:30:12.955+0000] GC(721) Marking Phase
[2025-08-01T02:30:13.017+0000] GC(721) Marking Phase 61.963ms
[2025-08-01T02:30:13.017+0000] GC(721) Summary Phase
[2025-08-01T02:30:13.017+0000] GC(721) Summary Phase 0.096ms
[2025-08-01T02:30:13.017+0000] GC(721) Adjust Roots
[2025-08-01T02:30:13.019+0000] GC(721) Adjust Roots 2.041ms
[2025-08-01T02:30:13.019+0000] GC(721) Compaction Phase
[2025-08-01T02:30:13.196+0000] GC(721) Compaction Phase 177.442ms
[2025-08-01T02:30:13.196+0000] GC(721) Post Compact
[2025-08-01T02:30:13.216+0000] GC(721) Post Compact 19.490ms
[2025-08-01T02:30:13.216+0000] GC(721) PSYoungGen: 465920K->0K(931840K)
[2025-08-01T02:30:13.216+0000] GC(721) ParOldGen: 2246301K->1128417K(2796544K)
[2025-08-01T02:30:13.216+0000] GC(721) Metaspace: 9712K(12544K)->9712K(12544K) NonClass: 8546K(11008K)->8546K(11008K) Class: 1166K(1536K)->1166K(1536K)
[2025-08-01T02:30:13.216+0000] GC(721) Pause Full (Ergonomics) 2648M->1101M(3641M) 261.473ms
[2025-08-01T02:30:13.216+0000] GC(721) User=1.86s Sys=0.00s Real=0.26s
[2025-08-01T02:30:13.303+0000] GC(722) Pause Young (Allocation Failure)
[2025-08-01T02:30:13.390+0000] GC(722) PSYoungGen: 465920K->465920K(931840K)
[2025-08-01T02:30:13.390+0000] GC(722) ParOldGen: 1128417K->1134681K(2796544K)
[2025-08-01T02:30:13.390+0000] GC(722) Metaspace: 9712K(12544K)->9712K(12544K) NonClass: 8546K(11008K)->8546K(11008K) Class: 1166K(1536K)->1166K(1536K)
[2025-08-01T02:30:13.390+0000] GC(722) Pause Young (Allocation Failure) 1556M->1563M(3641M) 87.070ms
[2025-08-01T02:30:13.390+0000] GC(722) User=0.67s Sys=0.01s Real=0.09s
[2025-08-01T02:30:13.480+0000] GC(723) Pause Young (Allocation Failure)
[2025-08-01T02:30:13.579+0000] GC(723) PSYoungGen: 931840K->310944K(931840K)
[2025-08-01T02:30:13.579+0000] GC(723) ParOldGen: 1134681K->1249385K(2796544K)
[2025-08-01T02:30:13.579+0000] GC(723) Metaspace: 9712K(12544K)->9712K(12544K) NonClass: 8546K(11008K)->8546K(11008K) Class: 1166K(1536K)->1166K(1536K)
[2025-08-01T02:30:13.579+0000] GC(723) Pause Young (Allocation Failure) 2018M->1523M(3641M) 99.067ms
[2025-08-01T02:30:13.579+0000] GC(723) User=0.76s Sys=0.02s Real=0.10s
[2025-08-01T02:30:13.673+0000] GC(724) Pause Young (Allocation Failure)
[2025-08-01T02:30:13.880+0000] GC(724) PSYoungGen: 776864K->462048K(931840K)
[2025-08-01T02:30:13.880+0000] GC(724) ParOldGen: 1249385K->1444985K(2796544K)
[2025-08-01T02:30:13.880+0000] GC(724) Metaspace: 9712K(12544K)->9712K(12544K) NonClass: 8546K(11008K)->8546K(11008K) Class: 1166K(1536K)->1166K(1536K)
[2025-08-01T02:30:13.880+0000] GC(724) Pause Young (Allocation Failure) 1978M->1862M(3641M) 206.647ms
[2025-08-01T02:30:13.880+0000] GC(724) User=1.59s Sys=0.04s Real=0.20s
[2025-08-01T02:30:13.964+0000] GC(725) Pause Young (Allocation Failure)
[2025-08-01T02:30:14.166+0000] GC(725) PSYoungGen: 927968K->465920K(931840K)
[2025-08-01T02:30:14.166+0000] GC(725) ParOldGen: 1444985K->1919681K(2796544K)
[2025-08-01T02:30:14.166+0000] GC(725) Metaspace: 9712K(12544K)->9712K(12544K) NonClass: 8546K(11008K)->8546K(11008K) Class: 1166K(1536K)->1166K(1536K)
[2025-08-01T02:30:14.166+0000] GC(725) Pause Young (Allocation Failure) 2317M->2329M(3641M) 201.702ms
[2025-08-01T02:30:14.166+0000] GC(725) User=1.53s Sys=0.04s Real=0.20s
[2025-08-01T02:30:14.252+0000] GC(726) Pause Young (Allocation Failure)
[2025-08-01T02:30:14.494+0000] GC(726) PSYoungGen: 931840K->465920K(931840K)
[2025-08-01T02:30:14.494+0000] GC(726) ParOldGen: 1919681K->2398321K(2796544K)
[2025-08-01T02:30:14.494+0000] GC(726) Metaspace: 9712K(12544K)->9712K(12544K) NonClass: 8546K(11008K)->8546K(11008K) Class: 1166K(1536K)->1166K(1536K)
[2025-08-01T02:30:14.494+0000] GC(726) Pause Young (Allocation Failure) 2784M->2797M(3641M) 242.477ms
[2025-08-01T02:30:14.494+0000] GC(726) User=1.89s Sys=0.02s Real=0.25s
[2025-08-01T02:30:14.494+0000] GC(727) Pause Full (Ergonomics)
[2025-08-01T02:30:14.494+0000] GC(727) Marking Phase
[2025-08-01T02:30:14.576+0000] GC(727) Marking Phase 81.345ms
[2025-08-01T02:30:14.576+0000] GC(727) Summary Phase
[2025-08-01T02:30:14.576+0000] GC(727) Summary Phase 0.095ms
[2025-08-01T02:30:14.576+0000] GC(727) Adjust Roots
[2025-08-01T02:30:14.578+0000] GC(727) Adjust Roots 1.812ms
[2025-08-01T02:30:14.578+0000] GC(727) Compaction Phase
[2025-08-01T02:30:14.842+0000] GC(727) Compaction Phase 264.004ms
[2025-08-01T02:30:14.842+0000] GC(727) Post Compact
[2025-08-01T02:30:14.858+0000] GC(727) Post Compact 15.998ms
[2025-08-01T02:30:14.858+0000] GC(727) PSYoungGen: 465920K->0K(931840K)
[2025-08-01T02:30:14.858+0000] GC(727) ParOldGen: 2398321K->1601250K(2796544K)
[2025-08-01T02:30:14.858+0000] GC(727) Metaspace: 9712K(12544K)->9712K(12544K) NonClass: 8546K(11008K)->8546K(11008K) Class: 1166K(1536K)->1166K(1536K)
[2025-08-01T02:30:14.858+0000] GC(727) Pause Full (Ergonomics) 2797M->1563M(3641M) 363.642ms
[2025-08-01T02:30:14.858+0000] GC(727) User=2.73s Sys=0.00s Real=0.36s
[2025-08-01T02:30:14.946+0000] GC(728) Pause Young (Allocation Failure)
[2025-08-01T02:30:15.086+0000] GC(728) PSYoungGen: 465920K->339936K(931840K)
[2025-08-01T02:30:15.087+0000] GC(728) ParOldGen: 1601250K->1601250K(2796544K)
[2025-08-01T02:30:15.087+0000] GC(728) Metaspace: 9712K(12544K)->9712K(12544K) NonClass: 8546K(11008K)->8546K(11008K) Class: 1166K(1536K)->1166K(1536K)
[2025-08-01T02:30:15.087+0000] GC(728) Pause Young (Allocation Failure) 2018M->1895M(3641M) 140.494ms
[2025-08-01T02:30:15.087+0000] GC(728) User=1.05s Sys=0.04s Real=0.14s
[2025-08-01T02:30:15.219+0000] GC(729) Pause Young (Allocation Failure)
[2025-08-01T02:30:15.424+0000] GC(729) PSYoungGen: 805856K->443392K(931840K)
[2025-08-01T02:30:15.424+0000] GC(729) ParOldGen: 1601250K->1826362K(2796544K)
[2025-08-01T02:30:15.424+0000] GC(729) Metaspace: 9712K(12544K)->9712K(12544K) NonClass: 8546K(11008K)->8546K(11008K) Class: 1166K(1536K)->1166K(1536K)
[2025-08-01T02:30:15.424+0000] GC(729) Pause Young (Allocation Failure) 2350M->2216M(3641M) 205.586ms
[2025-08-01T02:30:15.424+0000] GC(729) User=1.57s Sys=0.03s Real=0.21s
[2025-08-01T02:30:15.511+0000] GC(730) Pause Young (Allocation Failure)
[2025-08-01T02:30:15.717+0000] GC(730) PSYoungGen: 909312K->465920K(931840K)
[2025-08-01T02:30:15.717+0000] GC(730) ParOldGen: 1826362K->2281802K(2796544K)
[2025-08-01T02:30:15.717+0000] GC(730) Metaspace: 9712K(12544K)->9712K(12544K) NonClass: 8546K(11008K)->8546K(11008K) Class: 1166K(1536K)->1166K(1536K)
[2025-08-01T02:30:15.717+0000] GC(730) Pause Young (Allocation Failure) 2671M->2683M(3641M) 205.671ms
[2025-08-01T02:30:15.717+0000] GC(730) User=1.58s Sys=0.04s Real=0.21s
[2025-08-01T02:30:15.717+0000] GC(731) Pause Full (Ergonomics)
[2025-08-01T02:30:15.717+0000] GC(731) Marking Phase
[2025-08-01T02:30:15.777+0000] GC(731) Marking Phase 60.052ms
[2025-08-01T02:30:15.777+0000] GC(731) Summary Phase
[2025-08-01T02:30:15.777+0000] GC(731) Summary Phase 0.061ms
[2025-08-01T02:30:15.777+0000] GC(731) Adjust Roots
[2025-08-01T02:30:15.779+0000] GC(731) Adjust Roots 2.167ms
[2025-08-01T02:30:15.779+0000] GC(731) Compaction Phase
[2025-08-01T02:30:15.956+0000] GC(731) Compaction Phase 177.139ms
[2025-08-01T02:30:15.956+0000] GC(731) Post Compact
[2025-08-01T02:30:15.974+0000] GC(731) Post Compact 17.157ms
[2025-08-01T02:30:15.974+0000] GC(731) PSYoungGen: 465920K->0K(931840K)
[2025-08-01T02:30:15.974+0000] GC(731) ParOldGen: 2281802K->1145858K(2796544K)
[2025-08-01T02:30:15.974+0000] GC(731) Metaspace: 9712K(12544K)->9712K(12544K) NonClass: 8546K(11008K)->8546K(11008K) Class: 1166K(1536K)->1166K(1536K)
[2025-08-01T02:30:15.974+0000] GC(731) Pause Full (Ergonomics) 2683M->1119M(3641M) 257.100ms
[2025-08-01T02:30:15.974+0000] GC(731) User=1.87s Sys=0.00s Real=0.26s
[2025-08-01T02:30:16.060+0000] GC(732) Pause Young (Allocation Failure)
[2025-08-01T02:30:16.251+0000] GC(732) PSYoungGen: 465920K->465920K(931840K)
[2025-08-01T02:30:16.251+0000] GC(732) ParOldGen: 1145858K->1149586K(2796544K)
[2025-08-01T02:30:16.251+0000] GC(732) Metaspace: 9712K(12544K)->9712K(12544K) NonClass: 8546K(11008K)->8546K(11008K) Class: 1166K(1536K)->1166K(1536K)
[2025-08-01T02:30:16.251+0000] GC(732) Pause Young (Allocation Failure) 1574M->1577M(3641M) 191.011ms
[2025-08-01T02:30:16.251+0000] GC(732) User=1.35s Sys=0.08s Real=0.19s
[2025-08-01T02:30:16.350+0000] GC(733) Pause Young (Allocation Failure)
[2025-08-01T02:30:16.417+0000] GC(733) PSYoungGen: 931840K->201376K(931840K)
[2025-08-01T02:30:16.417+0000] GC(733) ParOldGen: 1149586K->1149634K(2796544K)
[2025-08-01T02:30:16.417+0000] GC(733) Metaspace: 9712K(12544K)->9712K(12544K) NonClass: 8546K(11008K)->8546K(11008K) Class: 1166K(1536K)->1166K(1536K)
[2025-08-01T02:30:16.417+0000] GC(733) Pause Young (Allocation Failure) 2032M->1319M(3641M) 66.769ms
[2025-08-01T02:30:16.417+0000] GC(733) User=0.45s Sys=0.02s Real=0.07s
[2025-08-01T02:30:16.502+0000] GC(734) Pause Young (Allocation Failure)
[2025-08-01T02:30:16.723+0000] GC(734) PSYoungGen: 667296K->465920K(931840K)
[2025-08-01T02:30:16.723+0000] GC(734) ParOldGen: 1149634K->1358858K(2796544K)
[2025-08-01T02:30:16.723+0000] GC(734) Metaspace: 9712K(12544K)->9712K(12544K) NonClass: 8546K(11008K)->8546K(11008K) Class: 1166K(1536K)->1166K(1536K)
[2025-08-01T02:30:16.723+0000] GC(734) Pause Young (Allocation Failure) 1774M->1782M(3641M) 221.534ms
[2025-08-01T02:30:16.723+0000] GC(734) User=1.70s Sys=0.06s Real=0.23s
[2025-08-01T02:30:16.806+0000] GC(735) Pause Young (Allocation Failure)
[2025-08-01T02:30:16.985+0000] GC(735) PSYoungGen: 931840K->465920K(931840K)
[2025-08-01T02:30:16.985+0000] GC(735) ParOldGen: 1358858K->1836090K(2796544K)
[2025-08-01T02:30:16.986+0000] GC(735) Metaspace: 9712K(12544K)->9712K(12544K) NonClass: 8546K(11008K)->8546K(11008K) Class: 1166K(1536K)->1166K(1536K)
[2025-08-01T02:30:16.986+0000] GC(735) Pause Young (Allocation Failure) 2237M->2248M(3641M) 179.172ms
[2025-08-01T02:30:16.986+0000] GC(735) User=1.40s Sys=0.01s Real=0.18s
[2025-08-01T02:30:17.073+0000] GC(736) Pause Young (Allocation Failure)
[2025-08-01T02:30:17.380+0000] GC(736) PSYoungGen: 931840K->465920K(931840K)
[2025-08-01T02:30:17.380+0000] GC(736) ParOldGen: 1836090K->2314642K(2796544K)
[2025-08-01T02:30:17.380+0000] GC(736) Metaspace: 9712K(12544K)->9712K(12544K) NonClass: 8546K(11008K)->8546K(11008K) Class: 1166K(1536K)->1166K(1536K)
[2025-08-01T02:30:17.380+0000] GC(736) Pause Young (Allocation Failure) 2703M->2715M(3641M) 307.130ms
[2025-08-01T02:30:17.380+0000] GC(736) User=2.27s Sys=0.09s Real=0.31s
[2025-08-01T02:30:17.380+0000] GC(737) Pause Full (Ergonomics)
[2025-08-01T02:30:17.380+0000] GC(737) Marking Phase
[2025-08-01T02:30:17.465+0000] GC(737) Marking Phase 85.492ms
[2025-08-01T02:30:17.466+0000] GC(737) Summary Phase
[2025-08-01T02:30:17.466+0000] GC(737) Summary Phase 0.095ms
[2025-08-01T02:30:17.466+0000] GC(737) Adjust Roots
[2025-08-01T02:30:17.467+0000] GC(737) Adjust Roots 1.814ms
[2025-08-01T02:30:17.467+0000] GC(737) Compaction Phase
[2025-08-01T02:30:17.728+0000] GC(737) Compaction Phase 260.224ms
[2025-08-01T02:30:17.728+0000] GC(737) Post Compact
[2025-08-01T02:30:17.746+0000] GC(737) Post Compact 18.543ms
[2025-08-01T02:30:17.746+0000] GC(737) PSYoungGen: 465920K->0K(931840K)
[2025-08-01T02:30:17.746+0000] GC(737) ParOldGen: 2314642K->1616801K(2796544K)
[2025-08-01T02:30:17.746+0000] GC(737) Metaspace: 9712K(12544K)->9712K(12544K) NonClass: 8546K(11008K)->8546K(11008K) Class: 1166K(1536K)->1166K(1536K)
[2025-08-01T02:30:17.746+0000] GC(737) Pause Full (Ergonomics) 2715M->1578M(3641M) 366.546ms
[2025-08-01T02:30:17.747+0000] GC(737) User=2.74s Sys=0.00s Real=0.37s
[2025-08-01T02:30:17.831+0000] GC(738) Pause Young (Allocation Failure)
[2025-08-01T02:30:17.876+0000] GC(738) PSYoungGen: 465920K->208448K(931840K)
[2025-08-01T02:30:17.876+0000] GC(738) ParOldGen: 1616801K->1616801K(2796544K)
[2025-08-01T02:30:17.876+0000] GC(738) Metaspace: 9712K(12544K)->9712K(12544K) NonClass: 8546K(11008K)->8546K(11008K) Class: 1166K(1536K)->1166K(1536K)
[2025-08-01T02:30:17.876+0000] GC(738) Pause Young (Allocation Failure) 2033M->1782M(3641M) 44.946ms
[2025-08-01T02:30:17.876+0000] GC(738) User=0.34s Sys=0.00s Real=0.05s
[2025-08-01T02:30:17.963+0000] GC(739) Pause Young (Allocation Failure)
[2025-08-01T02:30:18.158+0000] GC(739) PSYoungGen: 674368K->465920K(931840K)
[2025-08-01T02:30:18.158+0000] GC(739) ParOldGen: 1616801K->1836177K(2796544K)
[2025-08-01T02:30:18.158+0000] GC(739) Metaspace: 9712K(12544K)->9712K(12544K) NonClass: 8546K(11008K)->8546K(11008K) Class: 1166K(1536K)->1166K(1536K)
[2025-08-01T02:30:18.158+0000] GC(739) Pause Young (Allocation Failure) 2237M->2248M(3641M) 195.262ms
[2025-08-01T02:30:18.158+0000] GC(739) User=1.42s Sys=0.04s Real=0.20s
[2025-08-01T02:30:18.244+0000] GC(740) Pause Young (Allocation Failure)
[2025-08-01T02:30:18.450+0000] GC(740) PSYoungGen: 931840K->465920K(931840K)
[2025-08-01T02:30:18.450+0000] GC(740) ParOldGen: 1836177K->2312289K(2796544K)
[2025-08-01T02:30:18.450+0000] GC(740) Metaspace: 9712K(12544K)->9712K(12544K) NonClass: 8546K(11008K)->8546K(11008K) Class: 1166K(1536K)->1166K(1536K)
[2025-08-01T02:30:18.450+0000] GC(740) Pause Young (Allocation Failure) 2703M->2713M(3641M) 205.730ms
[2025-08-01T02:30:18.450+0000] GC(740) User=1.52s Sys=0.07s Real=0.20s
[2025-08-01T02:30:18.450+0000] GC(741) Pause Full (Ergonomics)
[2025-08-01T02:30:18.450+0000] GC(741) Marking Phase
[2025-08-01T02:30:18.509+0000] GC(741) Marking Phase 58.959ms
[2025-08-01T02:30:18.509+0000] GC(741) Summary Phase
[2025-08-01T02:30:18.509+0000] GC(741) Summary Phase 0.093ms
[2025-08-01T02:30:18.509+0000] GC(741) Adjust Roots
[2025-08-01T02:30:18.511+0000] GC(741) Adjust Roots 1.845ms
[2025-08-01T02:30:18.511+0000] GC(741) Compaction Phase
[2025-08-01T02:30:18.699+0000] GC(741) Compaction Phase 187.359ms
[2025-08-01T02:30:18.699+0000] GC(741) Post Compact
[2025-08-01T02:30:18.717+0000] GC(741) Post Compact 18.359ms
[2025-08-01T02:30:18.717+0000] GC(741) PSYoungGen: 465920K->0K(931840K)
[2025-08-01T02:30:18.717+0000] GC(741) ParOldGen: 2312289K->1158442K(2796544K)
[2025-08-01T02:30:18.717+0000] GC(741) Metaspace: 9712K(12544K)->9712K(12544K) NonClass: 8546K(11008K)->8546K(11008K) Class: 1166K(1536K)->1166K(1536K)
[2025-08-01T02:30:18.717+0000] GC(741) Pause Full (Ergonomics) 2713M->1131M(3641M) 267.032ms
[2025-08-01T02:30:18.717+0000] GC(741) User=1.94s Sys=0.01s Real=0.27s
[2025-08-01T02:30:18.802+0000] GC(742) Pause Young (Allocation Failure)
[2025-08-01T02:30:18.891+0000] GC(742) PSYoungGen: 465920K->465920K(931840K)
[2025-08-01T02:30:18.891+0000] GC(742) ParOldGen: 1158442K->1162226K(2796544K)
[2025-08-01T02:30:18.891+0000] GC(742) Metaspace: 9712K(12544K)->9712K(12544K) NonClass: 8546K(11008K)->8546K(11008K) Class: 1166K(1536K)->1166K(1536K)
[2025-08-01T02:30:18.891+0000] GC(742) Pause Young (Allocation Failure) 1586M->1589M(3641M) 89.223ms
[2025-08-01T02:30:18.891+0000] GC(742) User=0.69s Sys=0.01s Real=0.09s
[2025-08-01T02:30:18.976+0000] GC(743) Pause Young (Allocation Failure)
[2025-08-01T02:30:19.044+0000] GC(743) PSYoungGen: 931840K->214848K(931840K)
[2025-08-01T02:30:19.044+0000] GC(743) ParOldGen: 1162226K->1162290K(2796544K)
[2025-08-01T02:30:19.044+0000] GC(743) Metaspace: 9712K(12544K)->9712K(12544K) NonClass: 8546K(11008K)->8546K(11008K) Class: 1166K(1536K)->1166K(1536K)
[2025-08-01T02:30:19.044+0000] GC(743) Pause Young (Allocation Failure) 2044M->1344M(3641M) 68.143ms
[2025-08-01T02:30:19.044+0000] GC(743) User=0.50s Sys=0.03s Real=0.07s
[2025-08-01T02:30:19.137+0000] GC(744) Pause Young (Allocation Failure)
[2025-08-01T02:30:19.333+0000] GC(744) PSYoungGen: 680768K->465920K(931840K)
[2025-08-01T02:30:19.333+0000] GC(744) ParOldGen: 1162290K->1385770K(2796544K)
[2025-08-01T02:30:19.333+0000] GC(744) Metaspace: 9712K(12544K)->9712K(12544K) NonClass: 8546K(11008K)->8546K(11008K) Class: 1166K(1536K)->1166K(1536K)
[2025-08-01T02:30:19.333+0000] GC(744) Pause Young (Allocation Failure) 1799M->1808M(3641M) 196.096ms
[2025-08-01T02:30:19.333+0000] GC(744) User=1.48s Sys=0.05s Real=0.20s
[2025-08-01T02:30:19.423+0000] GC(745) Pause Young (Allocation Failure)
[2025-08-01T02:30:19.610+0000] GC(745) PSYoungGen: 931840K->465920K(931840K)
[2025-08-01T02:30:19.610+0000] GC(745) ParOldGen: 1385770K->1860882K(2796544K)
[2025-08-01T02:30:19.610+0000] GC(745) Metaspace: 9712K(12544K)->9712K(12544K) NonClass: 8546K(11008K)->8546K(11008K) Class: 1166K(1536K)->1166K(1536K)
[2025-08-01T02:30:19.610+0000] GC(745) Pause Young (Allocation Failure) 2263M->2272M(3641M) 187.590ms
[2025-08-01T02:30:19.610+0000] GC(745) User=1.44s Sys=0.02s Real=0.19s
[2025-08-01T02:30:19.693+0000] GC(746) Pause Young (Allocation Failure)
[2025-08-01T02:30:19.872+0000] GC(746) PSYoungGen: 931840K->465920K(931840K)
[2025-08-01T02:30:19.872+0000] GC(746) ParOldGen: 1860882K->2335970K(2796544K)
[2025-08-01T02:30:19.872+0000] GC(746) Metaspace: 9712K(12544K)->9712K(12544K) NonClass: 8546K(11008K)->8546K(11008K) Class: 1166K(1536K)->1166K(1536K)
[2025-08-01T02:30:19.872+0000] GC(746) Pause Young (Allocation Failure) 2727M->2736M(3641M) 178.940ms
[2025-08-01T02:30:19.872+0000] GC(746) User=1.39s Sys=0.01s Real=0.18s
[2025-08-01T02:30:19.872+0000] GC(747) Pause Full (Ergonomics)
[2025-08-01T02:30:19.872+0000] GC(747) Marking Phase
[2025-08-01T02:30:19.959+0000] GC(747) Marking Phase 87.505ms
[2025-08-01T02:30:19.959+0000] GC(747) Summary Phase
[2025-08-01T02:30:19.959+0000] GC(747) Summary Phase 0.091ms
[2025-08-01T02:30:19.959+0000] GC(747) Adjust Roots
[2025-08-01T02:30:19.961+0000] GC(747) Adjust Roots 1.959ms
[2025-08-01T02:30:19.961+0000] GC(747) Compaction Phase
[2025-08-01T02:30:20.237+0000] GC(747) Compaction Phase 275.366ms
[2025-08-01T02:30:20.237+0000] GC(747) Post Compact
[2025-08-01T02:30:20.254+0000] GC(747) Post Compact 17.401ms
[2025-08-01T02:30:20.254+0000] GC(747) PSYoungGen: 465920K->0K(931840K)
[2025-08-01T02:30:20.254+0000] GC(747) ParOldGen: 2335970K->1627875K(2796544K)
[2025-08-01T02:30:20.254+0000] GC(747) Metaspace: 9712K(12544K)->9712K(12544K) NonClass: 8546K(11008K)->8546K(11008K) Class: 1166K(1536K)->1166K(1536K)
[2025-08-01T02:30:20.255+0000] GC(747) Pause Full (Ergonomics) 2736M->1589M(3641M) 382.792ms
[2025-08-01T02:30:20.255+0000] GC(747) User=2.85s Sys=0.04s Real=0.39s
[2025-08-01T02:30:20.339+0000] GC(748) Pause Young (Allocation Failure)
[2025-08-01T02:30:20.402+0000] GC(748) PSYoungGen: 465920K->222848K(931840K)
[2025-08-01T02:30:20.402+0000] GC(748) ParOldGen: 1627875K->1627875K(2796544K)
[2025-08-01T02:30:20.402+0000] GC(748) Metaspace: 9712K(12544K)->9712K(12544K) NonClass: 8546K(11008K)->8546K(11008K) Class: 1166K(1536K)->1166K(1536K)
[2025-08-01T02:30:20.402+0000] GC(748) Pause Young (Allocation Failure) 2044M->1807M(3641M) 63.141ms
[2025-08-01T02:30:20.402+0000] GC(748) User=0.48s Sys=0.01s Real=0.06s
[2025-08-01T02:30:20.490+0000] GC(749) Pause Young (Allocation Failure)
[2025-08-01T02:30:20.660+0000] GC(749) PSYoungGen: 688768K->465920K(931840K)
[2025-08-01T02:30:20.660+0000] GC(749) ParOldGen: 1627875K->1856355K(2796544K)
[2025-08-01T02:30:20.660+0000] GC(749) Metaspace: 9712K(12544K)->9712K(12544K) NonClass: 8546K(11008K)->8546K(11008K) Class: 1166K(1536K)->1166K(1536K)
[2025-08-01T02:30:20.660+0000] GC(749) Pause Young (Allocation Failure) 2262M->2267M(3641M) 169.901ms
[2025-08-01T02:30:20.660+0000] GC(749) User=1.29s Sys=0.04s Real=0.17s
[2025-08-01T02:30:20.749+0000] GC(750) Pause Young (Allocation Failure)
[2025-08-01T02:30:20.956+0000] GC(750) PSYoungGen: 931840K->465920K(931840K)
[2025-08-01T02:30:20.956+0000] GC(750) ParOldGen: 1856355K->2332795K(2796544K)
[2025-08-01T02:30:20.956+0000] GC(750) Metaspace: 9712K(12544K)->9712K(12544K) NonClass: 8546K(11008K)->8546K(11008K) Class: 1166K(1536K)->1166K(1536K)
[2025-08-01T02:30:20.956+0000] GC(750) Pause Young (Allocation Failure) 2722M->2733M(3641M) 206.804ms
[2025-08-01T02:30:20.956+0000] GC(750) User=1.60s Sys=0.03s Real=0.21s
[2025-08-01T02:30:20.956+0000] GC(751) Pause Full (Ergonomics)
[2025-08-01T02:30:20.956+0000] GC(751) Marking Phase
[2025-08-01T02:30:21.013+0000] GC(751) Marking Phase 56.657ms
[2025-08-01T02:30:21.013+0000] GC(751) Summary Phase
[2025-08-01T02:30:21.013+0000] GC(751) Summary Phase 0.106ms
[2025-08-01T02:30:21.013+0000] GC(751) Adjust Roots
[2025-08-01T02:30:21.015+0000] GC(751) Adjust Roots 1.912ms
[2025-08-01T02:30:21.015+0000] GC(751) Compaction Phase
[2025-08-01T02:30:21.222+0000] GC(751) Compaction Phase 206.863ms
[2025-08-01T02:30:21.222+0000] GC(751) Post Compact
[2025-08-01T02:30:21.241+0000] GC(751) Post Compact 19.036ms
[2025-08-01T02:30:21.241+0000] GC(751) PSYoungGen: 465920K->0K(931840K)
[2025-08-01T02:30:21.241+0000] GC(751) ParOldGen: 2332795K->1170456K(2796544K)
[2025-08-01T02:30:21.241+0000] GC(751) Metaspace: 9712K(12544K)->9712K(12544K) NonClass: 8546K(11008K)->8546K(11008K) Class: 1166K(1536K)->1166K(1536K)
[2025-08-01T02:30:21.241+0000] GC(751) Pause Full (Ergonomics) 2733M->1143M(3641M) 285.011ms
[2025-08-01T02:30:21.241+0000] GC(751) User=2.05s Sys=0.03s Real=0.28s
[2025-08-01T02:30:21.332+0000] GC(752) Pause Young (Allocation Failure)
[2025-08-01T02:30:21.416+0000] GC(752) PSYoungGen: 465920K->354496K(931840K)
[2025-08-01T02:30:21.416+0000] GC(752) ParOldGen: 1170456K->1170456K(2796544K)
[2025-08-01T02:30:21.416+0000] GC(752) Metaspace: 9712K(12544K)->9712K(12544K) NonClass: 8546K(11008K)->8546K(11008K) Class: 1166K(1536K)->1166K(1536K)
[2025-08-01T02:30:21.416+0000] GC(752) Pause Young (Allocation Failure) 1598M->1489M(3641M) 83.891ms
[2025-08-01T02:30:21.416+0000] GC(752) User=0.63s Sys=0.02s Real=0.09s
[2025-08-01T02:30:21.521+0000] GC(753) Pause Young (Allocation Failure)
[2025-08-01T02:30:21.637+0000] GC(753) PSYoungGen: 820416K->363104K(931840K)
[2025-08-01T02:30:21.637+0000] GC(753) ParOldGen: 1170456K->1258256K(2796544K)
[2025-08-01T02:30:21.637+0000] GC(753) Metaspace: 9712K(12544K)->9712K(12544K) NonClass: 8546K(11008K)->8546K(11008K) Class: 1166K(1536K)->1166K(1536K)
[2025-08-01T02:30:21.637+0000] GC(753) Pause Young (Allocation Failure) 1944M->1583M(3641M) 115.836ms
[2025-08-01T02:30:21.637+0000] GC(753) User=0.84s Sys=0.04s Real=0.12s
[2025-08-01T02:30:21.723+0000] GC(754) Pause Young (Allocation Failure)
[2025-08-01T02:30:21.860+0000] GC(754) PSYoungGen: 829024K->394272K(931840K)
[2025-08-01T02:30:21.860+0000] GC(754) ParOldGen: 1258256K->1566656K(2796544K)
[2025-08-01T02:30:21.860+0000] GC(754) Metaspace: 9712K(12544K)->9712K(12544K) NonClass: 8546K(11008K)->8546K(11008K) Class: 1166K(1536K)->1166K(1536K)
[2025-08-01T02:30:21.860+0000] GC(754) Pause Young (Allocation Failure) 2038M->1914M(3641M) 137.873ms
[2025-08-01T02:30:21.860+0000] GC(754) User=1.06s Sys=0.03s Real=0.14s
[2025-08-01T02:30:21.941+0000] GC(755) Pause Young (Allocation Failure)
[2025-08-01T02:30:22.158+0000] GC(755) PSYoungGen: 860192K->465920K(931840K)
[2025-08-01T02:30:22.158+0000] GC(755) ParOldGen: 1566656K->1972648K(2796544K)
[2025-08-01T02:30:22.158+0000] GC(755) Metaspace: 9712K(12544K)->9712K(12544K) NonClass: 8546K(11008K)->8546K(11008K) Class: 1166K(1536K)->1166K(1536K)
[2025-08-01T02:30:22.158+0000] GC(755) Pause Young (Allocation Failure) 2369M->2381M(3641M) 216.971ms
[2025-08-01T02:30:22.158+0000] GC(755) User=1.67s Sys=0.05s Real=0.22s
[2025-08-01T02:30:22.243+0000] GC(756) Pause Young (Allocation Failure)
[2025-08-01T02:30:22.384+0000] GC(756) PSYoungGen: 931840K->378752K(931840K)
[2025-08-01T02:30:22.384+0000] GC(756) ParOldGen: 1972648K->2336240K(2796544K)
[2025-08-01T02:30:22.384+0000] GC(756) Metaspace: 9712K(12544K)->9712K(12544K) NonClass: 8546K(11008K)->8546K(11008K) Class: 1166K(1536K)->1166K(1536K)
[2025-08-01T02:30:22.384+0000] GC(756) Pause Young (Allocation Failure) 2836M->2651M(3641M) 141.451ms
[2025-08-01T02:30:22.384+0000] GC(756) User=1.10s Sys=0.01s Real=0.14s
[2025-08-01T02:30:22.385+0000] GC(757) Pause Full (Ergonomics)
[2025-08-01T02:30:22.385+0000] GC(757) Marking Phase
[2025-08-01T02:30:22.445+0000] GC(757) Marking Phase 60.461ms
[2025-08-01T02:30:22.445+0000] GC(757) Summary Phase
[2025-08-01T02:30:22.445+0000] GC(757) Summary Phase 0.108ms
[2025-08-01T02:30:22.445+0000] GC(757) Adjust Roots
[2025-08-01T02:30:22.447+0000] GC(757) Adjust Roots 1.861ms
[2025-08-01T02:30:22.447+0000] GC(757) Compaction Phase
[2025-08-01T02:30:22.659+0000] GC(757) Compaction Phase 211.579ms
[2025-08-01T02:30:22.659+0000] GC(757) Post Compact
[2025-08-01T02:30:22.676+0000] GC(757) Post Compact 17.067ms
[2025-08-01T02:30:22.676+0000] GC(757) PSYoungGen: 378752K->0K(931840K)
[2025-08-01T02:30:22.676+0000] GC(757) ParOldGen: 2336240K->1182593K(2796544K)
[2025-08-01T02:30:22.676+0000] GC(757) Metaspace: 9712K(12544K)->9712K(12544K) NonClass: 8546K(11008K)->8546K(11008K) Class: 1166K(1536K)->1166K(1536K)
[2025-08-01T02:30:22.676+0000] GC(757) Pause Full (Ergonomics) 2651M->1154M(3641M) 291.427ms
[2025-08-01T02:30:22.676+0000] GC(757) User=2.07s Sys=0.06s Real=0.29s
[2025-08-01T02:30:22.763+0000] GC(758) Pause Young (Allocation Failure)
[2025-08-01T02:30:22.881+0000] GC(758) PSYoungGen: 465920K->396032K(931840K)
[2025-08-01T02:30:22.881+0000] GC(758) ParOldGen: 1182593K->1182593K(2796544K)
[2025-08-01T02:30:22.881+0000] GC(758) Metaspace: 9712K(12544K)->9712K(12544K) NonClass: 8546K(11008K)->8546K(11008K) Class: 1166K(1536K)->1166K(1536K)
[2025-08-01T02:30:22.881+0000] GC(758) Pause Young (Allocation Failure) 1609M->1541M(3641M) 118.448ms
[2025-08-01T02:30:22.881+0000] GC(758) User=0.91s Sys=0.01s Real=0.12s
[2025-08-01T02:30:22.968+0000] GC(759) Pause Young (Allocation Failure)
[2025-08-01T02:30:23.109+0000] GC(759) PSYoungGen: 861952K->406848K(931840K)
[2025-08-01T02:30:23.109+0000] GC(759) ParOldGen: 1182593K->1458689K(2796544K)
[2025-08-01T02:30:23.109+0000] GC(759) Metaspace: 9712K(12544K)->9712K(12544K) NonClass: 8546K(11008K)->8546K(11008K) Class: 1166K(1536K)->1166K(1536K)
[2025-08-01T02:30:23.109+0000] GC(759) Pause Young (Allocation Failure) 1996M->1821M(3641M) 140.776ms
[2025-08-01T02:30:23.109+0000] GC(759) User=1.08s Sys=0.03s Real=0.14s
[2025-08-01T02:30:23.193+0000] GC(760) Pause Young (Allocation Failure)
[2025-08-01T02:30:23.382+0000] GC(760) PSYoungGen: 872768K->465920K(931840K)
[2025-08-01T02:30:23.382+0000] GC(760) ParOldGen: 1458689K->1876321K(2796544K)
[2025-08-01T02:30:23.382+0000] GC(760) Metaspace: 9712K(12544K)->9712K(12544K) NonClass: 8546K(11008K)->8546K(11008K) Class: 1166K(1536K)->1166K(1536K)
[2025-08-01T02:30:23.382+0000] GC(760) Pause Young (Allocation Failure) 2276M->2287M(3641M) 189.236ms
[2025-08-01T02:30:23.382+0000] GC(760) User=1.46s Sys=0.03s Real=0.18s
[2025-08-01T02:30:23.466+0000] GC(761) Pause Young (Allocation Failure)
[2025-08-01T02:30:23.661+0000] GC(761) PSYoungGen: 931840K->378752K(931840K)
[2025-08-01T02:30:23.661+0000] GC(761) ParOldGen: 1876321K->2248049K(2796544K)
[2025-08-01T02:30:23.661+0000] GC(761) Metaspace: 9712K(12544K)->9712K(12544K) NonClass: 8546K(11008K)->8546K(11008K) Class: 1166K(1536K)->1166K(1536K)
[2025-08-01T02:30:23.661+0000] GC(761) Pause Young (Allocation Failure) 2742M->2565M(3641M) 194.984ms
[2025-08-01T02:30:23.661+0000] GC(761) User=1.44s Sys=0.03s Real=0.19s
[2025-08-01T02:30:23.661+0000] GC(762) Pause Full (Ergonomics)
[2025-08-01T02:30:23.661+0000] GC(762) Marking Phase
[2025-08-01T02:30:23.726+0000] GC(762) Marking Phase 65.041ms
[2025-08-01T02:30:23.726+0000] GC(762) Summary Phase
[2025-08-01T02:30:23.726+0000] GC(762) Summary Phase 0.132ms
[2025-08-01T02:30:23.726+0000] GC(762) Adjust Roots
[2025-08-01T02:30:23.728+0000] GC(762) Adjust Roots 2.238ms
[2025-08-01T02:30:23.728+0000] GC(762) Compaction Phase
[2025-08-01T02:30:23.917+0000] GC(762) Compaction Phase 188.375ms
[2025-08-01T02:30:23.917+0000] GC(762) Post Compact
[2025-08-01T02:30:23.933+0000] GC(762) Post Compact 16.409ms
[2025-08-01T02:30:23.933+0000] GC(762) PSYoungGen: 378752K->0K(931840K)
[2025-08-01T02:30:23.933+0000] GC(762) ParOldGen: 2248049K->1193343K(2796544K)
[2025-08-01T02:30:23.933+0000] GC(762) Metaspace: 9712K(12544K)->9712K(12544K) NonClass: 8546K(11008K)->8546K(11008K) Class: 1166K(1536K)->1166K(1536K)
[2025-08-01T02:30:23.934+0000] GC(762) Pause Full (Ergonomics) 2565M->1165M(3641M) 272.648ms
[2025-08-01T02:30:23.934+0000] GC(762) User=2.00s Sys=0.00s Real=0.27s
[2025-08-01T02:30:24.019+0000] GC(763) Pause Young (Allocation Failure)
[2025-08-01T02:30:24.131+0000] GC(763) PSYoungGen: 465920K->402816K(931840K)
[2025-08-01T02:30:24.131+0000] GC(763) ParOldGen: 1193343K->1193343K(2796544K)
[2025-08-01T02:30:24.131+0000] GC(763) Metaspace: 9712K(12544K)->9712K(12544K) NonClass: 8546K(11008K)->8546K(11008K) Class: 1166K(1536K)->1166K(1536K)
[2025-08-01T02:30:24.131+0000] GC(763) Pause Young (Allocation Failure) 1620M->1558M(3641M) 112.108ms
[2025-08-01T02:30:24.131+0000] GC(763) User=0.84s Sys=0.04s Real=0.11s
[2025-08-01T02:30:24.219+0000] GC(764) Pause Young (Allocation Failure)
[2025-08-01T02:30:24.418+0000] GC(764) PSYoungGen: 868736K->415552K(931840K)
[2025-08-01T02:30:24.418+0000] GC(764) ParOldGen: 1193343K->1467607K(2796544K)
[2025-08-01T02:30:24.418+0000] GC(764) Metaspace: 9712K(12544K)->9712K(12544K) NonClass: 8546K(11008K)->8546K(11008K) Class: 1166K(1536K)->1166K(1536K)
[2025-08-01T02:30:24.418+0000] GC(764) Pause Young (Allocation Failure) 2013M->1839M(3641M) 199.888ms
[2025-08-01T02:30:24.419+0000] GC(764) User=1.54s Sys=0.03s Real=0.20s
[2025-08-01T02:30:24.503+0000] GC(765) Pause Young (Allocation Failure)
[2025-08-01T02:30:24.692+0000] GC(765) PSYoungGen: 881472K->465920K(931840K)
[2025-08-01T02:30:24.692+0000] GC(765) ParOldGen: 1467607K->1894735K(2796544K)
[2025-08-01T02:30:24.692+0000] GC(765) Metaspace: 9712K(12544K)->9712K(12544K) NonClass: 8546K(11008K)->8546K(11008K) Class: 1166K(1536K)->1166K(1536K)
[2025-08-01T02:30:24.692+0000] GC(765) Pause Young (Allocation Failure) 2294M->2305M(3641M) 189.634ms
[2025-08-01T02:30:24.692+0000] GC(765) User=1.43s Sys=0.03s Real=0.19s
[2025-08-01T02:30:24.783+0000] GC(766) Pause Young (Allocation Failure)
[2025-08-01T02:30:24.965+0000] GC(766) PSYoungGen: 931840K->377952K(931840K)
[2025-08-01T02:30:24.965+0000] GC(766) ParOldGen: 1894735K->2265039K(2796544K)
[2025-08-01T02:30:24.965+0000] GC(766) Metaspace: 9712K(12544K)->9712K(12544K) NonClass: 8546K(11008K)->8546K(11008K) Class: 1166K(1536K)->1166K(1536K)
[2025-08-01T02:30:24.965+0000] GC(766) Pause Young (Allocation Failure) 2760M->2581M(3641M) 182.783ms
[2025-08-01T02:30:24.965+0000] GC(766) User=1.39s Sys=0.02s Real=0.19s
[2025-08-01T02:30:24.966+0000] GC(767) Pause Full (Ergonomics)
[2025-08-01T02:30:24.966+0000] GC(767) Marking Phase
[2025-08-01T02:30:25.029+0000] GC(767) Marking Phase 63.660ms
[2025-08-01T02:30:25.029+0000] GC(767) Summary Phase
[2025-08-01T02:30:25.029+0000] GC(767) Summary Phase 0.096ms
[2025-08-01T02:30:25.029+0000] GC(767) Adjust Roots
[2025-08-01T02:30:25.031+0000] GC(767) Adjust Roots 1.816ms
[2025-08-01T02:30:25.031+0000] GC(767) Compaction Phase
[2025-08-01T02:30:25.218+0000] GC(767) Compaction Phase 186.489ms
[2025-08-01T02:30:25.218+0000] GC(767) Post Compact
[2025-08-01T02:30:25.235+0000] GC(767) Post Compact 17.084ms
[2025-08-01T02:30:25.235+0000] GC(767) PSYoungGen: 377952K->0K(931840K)
[2025-08-01T02:30:25.235+0000] GC(767) ParOldGen: 2265039K->1202124K(2796544K)
[2025-08-01T02:30:25.235+0000] GC(767) Metaspace: 9712K(12544K)->9712K(12544K) NonClass: 8546K(11008K)->8546K(11008K) Class: 1166K(1536K)->1166K(1536K)
[2025-08-01T02:30:25.235+0000] GC(767) Pause Full (Ergonomics) 2581M->1173M(3641M) 269.545ms
[2025-08-01T02:30:25.235+0000] GC(767) User=1.97s Sys=0.00s Real=0.27s
[2025-08-01T02:30:25.323+0000] GC(768) Pause Young (Allocation Failure)
[2025-08-01T02:30:25.470+0000] GC(768) PSYoungGen: 465920K->385376K(931840K)
[2025-08-01T02:30:25.470+0000] GC(768) ParOldGen: 1202124K->1202124K(2796544K)
[2025-08-01T02:30:25.470+0000] GC(768) Metaspace: 9712K(12544K)->9712K(12544K) NonClass: 8546K(11008K)->8546K(11008K) Class: 1166K(1536K)->1166K(1536K)
[2025-08-01T02:30:25.470+0000] GC(768) Pause Young (Allocation Failure) 1628M->1550M(3641M) 147.560ms
[2025-08-01T02:30:25.470+0000] GC(768) User=1.12s Sys=0.04s Real=0.15s
[2025-08-01T02:30:25.563+0000] GC(769) Pause Young (Allocation Failure)
[2025-08-01T02:30:25.716+0000] GC(769) PSYoungGen: 851296K->428576K(931840K)
[2025-08-01T02:30:25.717+0000] GC(769) ParOldGen: 1202124K->1470316K(2796544K)
[2025-08-01T02:30:25.717+0000] GC(769) Metaspace: 9712K(12544K)->9712K(12544K) NonClass: 8546K(11008K)->8546K(11008K) Class: 1166K(1536K)->1166K(1536K)
[2025-08-01T02:30:25.717+0000] GC(769) Pause Young (Allocation Failure) 2005M->1854M(3641M) 153.642ms
[2025-08-01T02:30:25.717+0000] GC(769) User=1.14s Sys=0.03s Real=0.16s
[2025-08-01T02:30:25.800+0000] GC(770) Pause Young (Allocation Failure)
[2025-08-01T02:30:25.965+0000] GC(770) PSYoungGen: 894496K->465920K(931840K)
[2025-08-01T02:30:25.965+0000] GC(770) ParOldGen: 1470316K->1908268K(2796544K)
[2025-08-01T02:30:25.965+0000] GC(770) Metaspace: 9712K(12544K)->9712K(12544K) NonClass: 8546K(11008K)->8546K(11008K) Class: 1166K(1536K)->1166K(1536K)
[2025-08-01T02:30:25.965+0000] GC(770) Pause Young (Allocation Failure) 2309M->2318M(3641M) 165.350ms
[2025-08-01T02:30:25.965+0000] GC(770) User=1.30s Sys=0.01s Real=0.17s
[2025-08-01T02:30:26.051+0000] GC(771) Pause Young (Allocation Failure)
[2025-08-01T02:30:26.207+0000] GC(771) PSYoungGen: 931840K->413184K(931840K)
[2025-08-01T02:30:26.208+0000] GC(771) ParOldGen: 1908268K->2250156K(2796544K)
[2025-08-01T02:30:26.208+0000] GC(771) Metaspace: 9712K(12544K)->9712K(12544K) NonClass: 8546K(11008K)->8546K(11008K) Class: 1166K(1536K)->1166K(1536K)
[2025-08-01T02:30:26.208+0000] GC(771) Pause Young (Allocation Failure) 2773M->2600M(3641M) 156.245ms
[2025-08-01T02:30:26.208+0000] GC(771) User=1.21s Sys=0.03s Real=0.16s
[2025-08-01T02:30:26.208+0000] GC(772) Pause Full (Ergonomics)
[2025-08-01T02:30:26.208+0000] GC(772) Marking Phase
[2025-08-01T02:30:26.283+0000] GC(772) Marking Phase 75.749ms
[2025-08-01T02:30:26.284+0000] GC(772) Summary Phase
[2025-08-01T02:30:26.284+0000] GC(772) Summary Phase 0.114ms
[2025-08-01T02:30:26.284+0000] GC(772) Adjust Roots
[2025-08-01T02:30:26.286+0000] GC(772) Adjust Roots 1.913ms
[2025-08-01T02:30:26.286+0000] GC(772) Compaction Phase
[2025-08-01T02:30:26.485+0000] GC(772) Compaction Phase 198.956ms
[2025-08-01T02:30:26.485+0000] GC(772) Post Compact
[2025-08-01T02:30:26.502+0000] GC(772) Post Compact 17.014ms
[2025-08-01T02:30:26.502+0000] GC(772) PSYoungGen: 413184K->0K(931840K)
[2025-08-01T02:30:26.502+0000] GC(772) ParOldGen: 2250156K->1211702K(2796544K)
[2025-08-01T02:30:26.502+0000] GC(772) Metaspace: 9712K(12544K)->9712K(12544K) NonClass: 8546K(11008K)->8546K(11008K) Class: 1166K(1536K)->1166K(1536K)
[2025-08-01T02:30:26.502+0000] GC(772) Pause Full (Ergonomics) 2600M->1183M(3641M) 294.167ms
[2025-08-01T02:30:26.502+0000] GC(772) User=2.14s Sys=0.03s Real=0.29s
[2025-08-01T02:30:26.590+0000] GC(773) Pause Young (Allocation Failure)
[2025-08-01T02:30:26.686+0000] GC(773) PSYoungGen: 465920K->380352K(931840K)
[2025-08-01T02:30:26.686+0000] GC(773) ParOldGen: 1211702K->1211702K(2796544K)
[2025-08-01T02:30:26.686+0000] GC(773) Metaspace: 9712K(12544K)->9712K(12544K) NonClass: 8546K(11008K)->8546K(11008K) Class: 1166K(1536K)->1166K(1536K)
[2025-08-01T02:30:26.686+0000] GC(773) Pause Young (Allocation Failure) 1638M->1554M(3641M) 96.186ms
[2025-08-01T02:30:26.686+0000] GC(773) User=0.72s Sys=0.02s Real=0.10s
[2025-08-01T02:30:26.772+0000] GC(774) Pause Young (Allocation Failure)
[2025-08-01T02:30:26.899+0000] GC(774) PSYoungGen: 846272K->421152K(931840K)
[2025-08-01T02:30:26.899+0000] GC(774) ParOldGen: 1211702K->1476222K(2796544K)
[2025-08-01T02:30:26.899+0000] GC(774) Metaspace: 9712K(12544K)->9712K(12544K) NonClass: 8546K(11008K)->8546K(11008K) Class: 1166K(1536K)->1166K(1536K)
[2025-08-01T02:30:26.899+0000] GC(774) Pause Young (Allocation Failure) 2009M->1852M(3641M) 127.175ms
[2025-08-01T02:30:26.899+0000] GC(774) User=0.98s Sys=0.01s Real=0.13s
[2025-08-01T02:30:26.995+0000] GC(775) Pause Young (Allocation Failure)
[2025-08-01T02:30:27.195+0000] GC(775) PSYoungGen: 887072K->465920K(931840K)
[2025-08-01T02:30:27.195+0000] GC(775) ParOldGen: 1476222K->1908422K(2796544K)
[2025-08-01T02:30:27.195+0000] GC(775) Metaspace: 9712K(12544K)->9712K(12544K) NonClass: 8546K(11008K)->8546K(11008K) Class: 1166K(1536K)->1166K(1536K)
[2025-08-01T02:30:27.195+0000] GC(775) Pause Young (Allocation Failure) 2307M->2318M(3641M) 199.831ms
[2025-08-01T02:30:27.195+0000] GC(775) User=1.50s Sys=0.04s Real=0.20s
[2025-08-01T02:30:27.296+0000] GC(776) Pause Young (Allocation Failure)
[2025-08-01T02:30:27.456+0000] GC(776) PSYoungGen: 931840K->301216K(931840K)
[2025-08-01T02:30:27.456+0000] GC(776) ParOldGen: 1908422K->2112526K(2796544K)
[2025-08-01T02:30:27.456+0000] GC(776) Metaspace: 9712K(12544K)->9712K(12544K) NonClass: 8546K(11008K)->8546K(11008K) Class: 1166K(1536K)->1166K(1536K)
[2025-08-01T02:30:27.456+0000] GC(776) Pause Young (Allocation Failure) 2773M->2357M(3641M) 159.472ms
[2025-08-01T02:30:27.456+0000] GC(776) User=1.20s Sys=0.03s Real=0.16s
[2025-08-01T02:30:27.541+0000] GC(777) Pause Young (Allocation Failure)
[2025-08-01T02:30:27.699+0000] GC(777) PSYoungGen: 767136K->376160K(931840K)
[2025-08-01T02:30:27.699+0000] GC(777) ParOldGen: 2112526K->2316134K(2796544K)
[2025-08-01T02:30:27.699+0000] GC(777) Metaspace: 9712K(12544K)->9712K(12544K) NonClass: 8546K(11008K)->8546K(11008K) Class: 1166K(1536K)->1166K(1536K)
[2025-08-01T02:30:27.699+0000] GC(777) Pause Young (Allocation Failure) 2812M->2629M(3641M) 157.858ms
[2025-08-01T02:30:27.699+0000] GC(777) User=1.21s Sys=0.03s Real=0.16s
[2025-08-01T02:30:27.699+0000] GC(778) Pause Full (Ergonomics)
[2025-08-01T02:30:27.699+0000] GC(778) Marking Phase
[2025-08-01T02:30:27.743+0000] GC(778) Marking Phase 44.529ms
[2025-08-01T02:30:27.743+0000] GC(778) Summary Phase
[2025-08-01T02:30:27.743+0000] GC(778) Summary Phase 0.087ms
[2025-08-01T02:30:27.743+0000] GC(778) Adjust Roots
[2025-08-01T02:30:27.745+0000] GC(778) Adjust Roots 1.812ms
[2025-08-01T02:30:27.745+0000] GC(778) Compaction Phase
[2025-08-01T02:30:27.861+0000] GC(778) Compaction Phase 115.602ms
[2025-08-01T02:30:27.861+0000] GC(778) Post Compact
[2025-08-01T02:30:27.876+0000] GC(778) Post Compact 14.577ms
[2025-08-01T02:30:27.876+0000] GC(778) PSYoungGen: 376160K->0K(931840K)
[2025-08-01T02:30:27.876+0000] GC(778) ParOldGen: 2316134K->757911K(2796544K)
[2025-08-01T02:30:27.876+0000] GC(778) Metaspace: 9712K(12544K)->9712K(12544K) NonClass: 8546K(11008K)->8546K(11008K) Class: 1166K(1536K)->1166K(1536K)
[2025-08-01T02:30:27.876+0000] GC(778) Pause Full (Ergonomics) 2629M->740M(3641M) 176.933ms
[2025-08-01T02:30:27.876+0000] GC(778) User=1.23s Sys=0.00s Real=0.18s
[2025-08-01T02:30:27.964+0000] GC(779) Pause Young (Allocation Failure)
[2025-08-01T02:30:28.132+0000] GC(779) PSYoungGen: 465920K->402912K(931840K)
[2025-08-01T02:30:28.132+0000] GC(779) ParOldGen: 757911K->757911K(2796544K)
[2025-08-01T02:30:28.132+0000] GC(779) Metaspace: 9712K(12544K)->9712K(12544K) NonClass: 8546K(11008K)->8546K(11008K) Class: 1166K(1536K)->1166K(1536K)
[2025-08-01T02:30:28.132+0000] GC(779) Pause Young (Allocation Failure) 1195M->1133M(3641M) 168.037ms
[2025-08-01T02:30:28.132+0000] GC(779) User=1.23s Sys=0.05s Real=0.16s
[2025-08-01T02:30:28.224+0000] GC(780) Pause Young (Allocation Failure)
[2025-08-01T02:30:28.393+0000] GC(780) PSYoungGen: 868832K->465920K(931840K)
[2025-08-01T02:30:28.393+0000] GC(780) ParOldGen: 757911K->1172511K(2796544K)
[2025-08-01T02:30:28.393+0000] GC(780) Metaspace: 9712K(12544K)->9712K(12544K) NonClass: 8546K(11008K)->8546K(11008K) Class: 1166K(1536K)->1166K(1536K)
[2025-08-01T02:30:28.393+0000] GC(780) Pause Young (Allocation Failure) 1588M->1600M(3641M) 169.234ms
[2025-08-01T02:30:28.393+0000] GC(780) User=1.31s Sys=0.03s Real=0.17s
[2025-08-01T02:30:28.481+0000] GC(781) Pause Young (Allocation Failure)
[2025-08-01T02:30:28.596+0000] GC(781) PSYoungGen: 931840K->342016K(931840K)
[2025-08-01T02:30:28.596+0000] GC(781) ParOldGen: 1172511K->1392103K(2796544K)
[2025-08-01T02:30:28.596+0000] GC(781) Metaspace: 9712K(12544K)->9712K(12544K) NonClass: 8546K(11008K)->8546K(11008K) Class: 1166K(1536K)->1166K(1536K)
[2025-08-01T02:30:28.596+0000] GC(781) Pause Young (Allocation Failure) 2055M->1693M(3641M) 115.002ms
[2025-08-01T02:30:28.596+0000] GC(781) User=0.84s Sys=0.02s Real=0.12s
[2025-08-01T02:30:28.698+0000] GC(782) Pause Young (Allocation Failure)
[2025-08-01T02:30:28.880+0000] GC(782) PSYoungGen: 807936K->351264K(931840K)
[2025-08-01T02:30:28.880+0000] GC(782) ParOldGen: 1392103K->1631391K(2796544K)
[2025-08-01T02:30:28.880+0000] GC(782) Metaspace: 9712K(12544K)->9712K(12544K) NonClass: 8546K(11008K)->8546K(11008K) Class: 1166K(1536K)->1166K(1536K)
[2025-08-01T02:30:28.880+0000] GC(782) Pause Young (Allocation Failure) 2148M->1936M(3641M) 182.511ms
[2025-08-01T02:30:28.880+0000] GC(782) User=1.33s Sys=0.02s Real=0.18s
[2025-08-01T02:30:28.964+0000] GC(783) Pause Young (Allocation Failure)
[2025-08-01T02:30:29.088+0000] GC(783) PSYoungGen: 817184K->376608K(931840K)
[2025-08-01T02:30:29.088+0000] GC(783) ParOldGen: 1631391K->1887631K(2796544K)
[2025-08-01T02:30:29.088+0000] GC(783) Metaspace: 9712K(12544K)->9712K(12544K) NonClass: 8546K(11008K)->8546K(11008K) Class: 1166K(1536K)->1166K(1536K)
[2025-08-01T02:30:29.088+0000] GC(783) Pause Young (Allocation Failure) 2391M->2211M(3641M) 124.049ms
[2025-08-01T02:30:29.088+0000] GC(783) User=0.97s Sys=0.00s Real=0.12s
[2025-08-01T02:30:29.177+0000] GC(784) Pause Young (Allocation Failure)
[2025-08-01T02:30:29.414+0000] GC(784) PSYoungGen: 842528K->465920K(931840K)
[2025-08-01T02:30:29.414+0000] GC(784) ParOldGen: 1887631K->2274743K(2796544K)
[2025-08-01T02:30:29.414+0000] GC(784) Metaspace: 9712K(12544K)->9712K(12544K) NonClass: 8546K(11008K)->8546K(11008K) Class: 1166K(1536K)->1166K(1536K)
[2025-08-01T02:30:29.414+0000] GC(784) Pause Young (Allocation Failure) 2666M->2676M(3641M) 236.604ms
[2025-08-01T02:30:29.414+0000] GC(784) User=1.83s Sys=0.03s Real=0.24s
[2025-08-01T02:30:29.506+0000] GC(785) Pause Young (Allocation Failure)
[2025-08-01T02:30:29.676+0000] GC(785) PSYoungGen: 931840K->375744K(931840K)
[2025-08-01T02:30:29.676+0000] GC(785) ParOldGen: 2274743K->2494151K(2796544K)
[2025-08-01T02:30:29.676+0000] GC(785) Metaspace: 9712K(12544K)->9712K(12544K) NonClass: 8546K(11008K)->8546K(11008K) Class: 1166K(1536K)->1166K(1536K)
[2025-08-01T02:30:29.676+0000] GC(785) Pause Young (Allocation Failure) 3131M->2802M(3641M) 170.250ms
[2025-08-01T02:30:29.676+0000] GC(785) User=1.31s Sys=0.02s Real=0.17s
[2025-08-01T02:30:29.676+0000] GC(786) Pause Full (Ergonomics)
[2025-08-01T02:30:29.676+0000] GC(786) Marking Phase
[2025-08-01T02:30:29.721+0000] GC(786) Marking Phase 44.211ms
[2025-08-01T02:30:29.721+0000] GC(786) Summary Phase
[2025-08-01T02:30:29.721+0000] GC(786) Summary Phase 0.095ms
[2025-08-01T02:30:29.721+0000] GC(786) Adjust Roots
[2025-08-01T02:30:29.722+0000] GC(786) Adjust Roots 1.468ms
[2025-08-01T02:30:29.722+0000] GC(786) Compaction Phase
[2025-08-01T02:30:29.849+0000] GC(786) Compaction Phase 127.079ms
[2025-08-01T02:30:29.849+0000] GC(786) Post Compact
[2025-08-01T02:30:29.869+0000] GC(786) Post Compact 19.718ms
[2025-08-01T02:30:29.869+0000] GC(786) PSYoungGen: 375744K->0K(931840K)
[2025-08-01T02:30:29.869+0000] GC(786) ParOldGen: 2494151K->771677K(2796544K)
[2025-08-01T02:30:29.869+0000] GC(786) Metaspace: 9712K(12544K)->9712K(12544K) NonClass: 8546K(11008K)->8546K(11008K) Class: 1166K(1536K)->1166K(1536K)
[2025-08-01T02:30:29.869+0000] GC(786) Pause Full (Ergonomics) 2802M->753M(3641M) 193.011ms
[2025-08-01T02:30:29.869+0000] GC(786) User=1.33s Sys=0.00s Real=0.19s
[2025-08-01T02:30:30.008+0000] GC(787) Pause Young (Allocation Failure)
[2025-08-01T02:30:30.076+0000] GC(787) PSYoungGen: 465920K->347776K(931840K)
[2025-08-01T02:30:30.076+0000] GC(787) ParOldGen: 771677K->771677K(2796544K)
[2025-08-01T02:30:30.076+0000] GC(787) Metaspace: 9712K(12544K)->9712K(12544K) NonClass: 8546K(11008K)->8546K(11008K) Class: 1166K(1536K)->1166K(1536K)
[2025-08-01T02:30:30.076+0000] GC(787) Pause Young (Allocation Failure) 1208M->1093M(3641M) 67.963ms
[2025-08-01T02:30:30.076+0000] GC(787) User=0.53s Sys=0.00s Real=0.07s
[2025-08-01T02:30:30.168+0000] GC(788) Pause Young (Allocation Failure)
[2025-08-01T02:30:30.291+0000] GC(788) PSYoungGen: 813696K->381792K(931840K)
[2025-08-01T02:30:30.291+0000] GC(788) ParOldGen: 771677K->1010245K(2796544K)
[2025-08-01T02:30:30.291+0000] GC(788) Metaspace: 9712K(12544K)->9712K(12544K) NonClass: 8546K(11008K)->8546K(11008K) Class: 1166K(1536K)->1166K(1536K)
[2025-08-01T02:30:30.291+0000] GC(788) Pause Young (Allocation Failure) 1548M->1359M(3641M) 123.277ms
[2025-08-01T02:30:30.291+0000] GC(788) User=0.95s Sys=0.01s Real=0.12s
[2025-08-01T02:30:30.383+0000] GC(789) Pause Young (Allocation Failure)
[2025-08-01T02:30:30.533+0000] GC(789) PSYoungGen: 847712K->465920K(931840K)
[2025-08-01T02:30:30.533+0000] GC(789) ParOldGen: 1010245K->1402205K(2796544K)
[2025-08-01T02:30:30.533+0000] GC(789) Metaspace: 9712K(12544K)->9712K(12544K) NonClass: 8546K(11008K)->8546K(11008K) Class: 1166K(1536K)->1166K(1536K)
[2025-08-01T02:30:30.533+0000] GC(789) Pause Young (Allocation Failure) 1814M->1824M(3641M) 150.372ms
[2025-08-01T02:30:30.533+0000] GC(789) User=1.18s Sys=0.00s Real=0.16s
[2025-08-01T02:30:30.622+0000] GC(790) Pause Young (Allocation Failure)
[2025-08-01T02:30:30.734+0000] GC(790) PSYoungGen: 931840K->379136K(931840K)
[2025-08-01T02:30:30.734+0000] GC(790) ParOldGen: 1402205K->1639677K(2796544K)
[2025-08-01T02:30:30.734+0000] GC(790) Metaspace: 9712K(12544K)->9712K(12544K) NonClass: 8546K(11008K)->8546K(11008K) Class: 1166K(1536K)->1166K(1536K)
[2025-08-01T02:30:30.734+0000] GC(790) Pause Young (Allocation Failure) 2279M->1971M(3641M) 112.186ms
[2025-08-01T02:30:30.734+0000] GC(790) User=0.88s Sys=0.01s Real=0.12s
[2025-08-01T02:30:30.869+0000] GC(791) Pause Young (Allocation Failure)
[2025-08-01T02:30:31.069+0000] GC(791) PSYoungGen: 845056K->351040K(931840K)
[2025-08-01T02:30:31.069+0000] GC(791) ParOldGen: 1639677K->1903573K(2796544K)
[2025-08-01T02:30:31.069+0000] GC(791) Metaspace: 9712K(12544K)->9712K(12544K) NonClass: 8546K(11008K)->8546K(11008K) Class: 1166K(1536K)->1166K(1536K)
[2025-08-01T02:30:31.069+0000] GC(791) Pause Young (Allocation Failure) 2426M->2201M(3641M) 199.957ms
[2025-08-01T02:30:31.069+0000] GC(791) User=1.43s Sys=0.06s Real=0.20s
[2025-08-01T02:30:31.157+0000] GC(792) Pause Young (Allocation Failure)
[2025-08-01T02:30:31.352+0000] GC(792) PSYoungGen: 816960K->392096K(931840K)
[2025-08-01T02:30:31.352+0000] GC(792) ParOldGen: 1903573K->2143909K(2796544K)
[2025-08-01T02:30:31.352+0000] GC(792) Metaspace: 9712K(12544K)->9712K(12544K) NonClass: 8546K(11008K)->8546K(11008K) Class: 1166K(1536K)->1166K(1536K)
[2025-08-01T02:30:31.352+0000] GC(792) Pause Young (Allocation Failure) 2656M->2476M(3641M) 195.008ms
[2025-08-01T02:30:31.352+0000] GC(792) User=1.47s Sys=0.05s Real=0.19s
[2025-08-01T02:30:31.440+0000] GC(793) Pause Young (Allocation Failure)
[2025-08-01T02:30:31.678+0000] GC(793) PSYoungGen: 858016K->465920K(931840K)
[2025-08-01T02:30:31.678+0000] GC(793) ParOldGen: 2143909K->2548749K(2796544K)
[2025-08-01T02:30:31.678+0000] GC(793) Metaspace: 9712K(12544K)->9712K(12544K) NonClass: 8546K(11008K)->8546K(11008K) Class: 1166K(1536K)->1166K(1536K)
[2025-08-01T02:30:31.678+0000] GC(793) Pause Young (Allocation Failure) 2931M->2944M(3641M) 238.219ms
[2025-08-01T02:30:31.678+0000] GC(793) User=1.80s Sys=0.05s Real=0.24s
[2025-08-01T02:30:31.678+0000] GC(794) Pause Full (Ergonomics)
[2025-08-01T02:30:31.678+0000] GC(794) Marking Phase
[2025-08-01T02:30:31.749+0000] GC(794) Marking Phase 70.300ms
[2025-08-01T02:30:31.749+0000] GC(794) Summary Phase
[2025-08-01T02:30:31.749+0000] GC(794) Summary Phase 0.098ms
[2025-08-01T02:30:31.749+0000] GC(794) Adjust Roots
[2025-08-01T02:30:31.751+0000] GC(794) Adjust Roots 1.956ms
[2025-08-01T02:30:31.751+0000] GC(794) Compaction Phase
[2025-08-01T02:30:31.953+0000] GC(794) Compaction Phase 202.728ms
[2025-08-01T02:30:31.954+0000] GC(794) Post Compact
[2025-08-01T02:30:31.971+0000] GC(794) Post Compact 17.177ms
[2025-08-01T02:30:31.971+0000] GC(794) PSYoungGen: 465920K->0K(931840K)
[2025-08-01T02:30:31.971+0000] GC(794) ParOldGen: 2548749K->1246520K(2796544K)
[2025-08-01T02:30:31.971+0000] GC(794) Metaspace: 9712K(12544K)->9712K(12544K) NonClass: 8546K(11008K)->8546K(11008K) Class: 1166K(1536K)->1166K(1536K)
[2025-08-01T02:30:31.971+0000] GC(794) Pause Full (Ergonomics) 2944M->1217M(3641M) 292.885ms
[2025-08-01T02:30:31.971+0000] GC(794) User=2.11s Sys=0.01s Real=0.29s
[2025-08-01T02:30:32.059+0000] GC(795) Pause Young (Allocation Failure)
[2025-08-01T02:30:32.209+0000] GC(795) PSYoungGen: 465920K->365056K(931840K)
[2025-08-01T02:30:32.209+0000] GC(795) ParOldGen: 1246520K->1246520K(2796544K)
[2025-08-01T02:30:32.209+0000] GC(795) Metaspace: 9712K(12544K)->9712K(12544K) NonClass: 8546K(11008K)->8546K(11008K) Class: 1166K(1536K)->1166K(1536K)
[2025-08-01T02:30:32.210+0000] GC(795) Pause Young (Allocation Failure) 1672M->1573M(3641M) 150.058ms
[2025-08-01T02:30:32.210+0000] GC(795) User=1.13s Sys=0.05s Real=0.15s
[2025-08-01T02:30:32.306+0000] GC(796) Pause Young (Allocation Failure)
[2025-08-01T02:30:32.456+0000] GC(796) PSYoungGen: 830976K->465920K(931840K)
[2025-08-01T02:30:32.456+0000] GC(796) ParOldGen: 1246520K->1620928K(2796544K)
[2025-08-01T02:30:32.456+0000] GC(796) Metaspace: 9712K(12544K)->9712K(12544K) NonClass: 8546K(11008K)->8546K(11008K) Class: 1166K(1536K)->1166K(1536K)
[2025-08-01T02:30:32.456+0000] GC(796) Pause Young (Allocation Failure) 2028M->2037M(3641M) 149.859ms
[2025-08-01T02:30:32.456+0000] GC(796) User=1.10s Sys=0.00s Real=0.15s
[2025-08-01T02:30:32.545+0000] GC(797) Pause Young (Allocation Failure)
[2025-08-01T02:30:32.763+0000] GC(797) PSYoungGen: 931840K->400480K(931840K)
[2025-08-01T02:30:32.763+0000] GC(797) ParOldGen: 1620928K->1858440K(2796544K)
[2025-08-01T02:30:32.763+0000] GC(797) Metaspace: 9712K(12544K)->9712K(12544K) NonClass: 8546K(11008K)->8546K(11008K) Class: 1166K(1536K)->1166K(1536K)
[2025-08-01T02:30:32.763+0000] GC(797) Pause Young (Allocation Failure) 2492M->2205M(3641M) 218.008ms
[2025-08-01T02:30:32.763+0000] GC(797) User=1.67s Sys=0.04s Real=0.22s
[2025-08-01T02:30:32.849+0000] GC(798) Pause Young (Allocation Failure)
[2025-08-01T02:30:33.014+0000] GC(798) PSYoungGen: 866400K->465920K(931840K)
[2025-08-01T02:30:33.015+0000] GC(798) ParOldGen: 1858440K->2270512K(2796544K)
[2025-08-01T02:30:33.015+0000] GC(798) Metaspace: 9712K(12544K)->9712K(12544K) NonClass: 8546K(11008K)->8546K(11008K) Class: 1166K(1536K)->1166K(1536K)
[2025-08-01T02:30:33.015+0000] GC(798) Pause Young (Allocation Failure) 2660M->2672M(3641M) 165.514ms
[2025-08-01T02:30:33.015+0000] GC(798) User=1.26s Sys=0.02s Real=0.17s
[2025-08-01T02:30:33.104+0000] GC(799) Pause Young (Allocation Failure)
[2025-08-01T02:30:33.247+0000] GC(799) PSYoungGen: 931840K->378272K(931840K)
[2025-08-01T02:30:33.247+0000] GC(799) ParOldGen: 2270512K->2509448K(2796544K)
[2025-08-01T02:30:33.247+0000] GC(799) Metaspace: 9712K(12544K)->9712K(12544K) NonClass: 8546K(11008K)->8546K(11008K) Class: 1166K(1536K)->1166K(1536K)
[2025-08-01T02:30:33.247+0000] GC(799) Pause Young (Allocation Failure) 3127M->2820M(3641M) 143.324ms
[2025-08-01T02:30:33.247+0000] GC(799) User=1.10s Sys=0.02s Real=0.14s
[2025-08-01T02:30:33.247+0000] GC(800) Pause Full (Ergonomics)
[2025-08-01T02:30:33.247+0000] GC(800) Marking Phase
[2025-08-01T02:30:33.305+0000] GC(800) Marking Phase 58.214ms
[2025-08-01T02:30:33.305+0000] GC(800) Summary Phase
[2025-08-01T02:30:33.305+0000] GC(800) Summary Phase 0.081ms
[2025-08-01T02:30:33.305+0000] GC(800) Adjust Roots
[2025-08-01T02:30:33.307+0000] GC(800) Adjust Roots 1.467ms
[2025-08-01T02:30:33.307+0000] GC(800) Compaction Phase
[2025-08-01T02:30:33.442+0000] GC(800) Compaction Phase 135.386ms
[2025-08-01T02:30:33.442+0000] GC(800) Post Compact
[2025-08-01T02:30:33.462+0000] GC(800) Post Compact 19.872ms
[2025-08-01T02:30:33.462+0000] GC(800) PSYoungGen: 378272K->0K(931840K)
[2025-08-01T02:30:33.462+0000] GC(800) ParOldGen: 2509448K->794805K(2796544K)
[2025-08-01T02:30:33.462+0000] GC(800) Metaspace: 9712K(12544K)->9712K(12544K) NonClass: 8546K(11008K)->8546K(11008K) Class: 1166K(1536K)->1166K(1536K)
[2025-08-01T02:30:33.462+0000] GC(800) Pause Full (Ergonomics) 2820M->776M(3641M) 215.378ms
[2025-08-01T02:30:33.463+0000] GC(800) User=1.51s Sys=0.03s Real=0.21s
[2025-08-01T02:30:33.551+0000] GC(801) Pause Young (Allocation Failure)
[2025-08-01T02:30:33.706+0000] GC(801) PSYoungGen: 465920K->465920K(931840K)
[2025-08-01T02:30:33.706+0000] GC(801) ParOldGen: 794805K->801853K(2796544K)
[2025-08-01T02:30:33.706+0000] GC(801) Metaspace: 9712K(12544K)->9712K(12544K) NonClass: 8546K(11008K)->8546K(11008K) Class: 1166K(1536K)->1166K(1536K)
[2025-08-01T02:30:33.706+0000] GC(801) Pause Young (Allocation Failure) 1231M->1238M(3641M) 155.369ms
[2025-08-01T02:30:33.706+0000] GC(801) User=1.19s Sys=0.02s Real=0.16s
[2025-08-01T02:30:33.796+0000] GC(802) Pause Young (Allocation Failure)
[2025-08-01T02:30:33.984+0000] GC(802) PSYoungGen: 931840K->396096K(931840K)
[2025-08-01T02:30:33.984+0000] GC(802) ParOldGen: 801853K->1036629K(2796544K)
[2025-08-01T02:30:33.984+0000] GC(802) Metaspace: 9712K(12544K)->9712K(12544K) NonClass: 8546K(11008K)->8546K(11008K) Class: 1166K(1536K)->1166K(1536K)
[2025-08-01T02:30:33.984+0000] GC(802) Pause Young (Allocation Failure) 1693M->1399M(3641M) 187.957ms
[2025-08-01T02:30:33.984+0000] GC(802) User=1.47s Sys=0.01s Real=0.19s
[2025-08-01T02:30:34.066+0000] GC(803) Pause Young (Allocation Failure)
[2025-08-01T02:30:34.250+0000] GC(803) PSYoungGen: 862016K->465920K(931840K)
[2025-08-01T02:30:34.250+0000] GC(803) ParOldGen: 1036629K->1444061K(2796544K)
[2025-08-01T02:30:34.250+0000] GC(803) Metaspace: 9712K(12544K)->9712K(12544K) NonClass: 8546K(11008K)->8546K(11008K) Class: 1166K(1536K)->1166K(1536K)
[2025-08-01T02:30:34.250+0000] GC(803) Pause Young (Allocation Failure) 1854M->1865M(3641M) 184.196ms
[2025-08-01T02:30:34.250+0000] GC(803) User=1.40s Sys=0.04s Real=0.18s
[2025-08-01T02:30:34.337+0000] GC(804) Pause Young (Allocation Failure)
[2025-08-01T02:30:34.479+0000] GC(804) PSYoungGen: 931840K->391040K(931840K)
[2025-08-01T02:30:34.479+0000] GC(804) ParOldGen: 1444061K->1678453K(2796544K)
[2025-08-01T02:30:34.479+0000] GC(804) Metaspace: 9712K(12544K)->9712K(12544K) NonClass: 8546K(11008K)->8546K(11008K) Class: 1166K(1536K)->1166K(1536K)
[2025-08-01T02:30:34.479+0000] GC(804) Pause Young (Allocation Failure) 2320M->2020M(3641M) 141.398ms
[2025-08-01T02:30:34.479+0000] GC(804) User=1.09s Sys=0.02s Real=0.14s
[2025-08-01T02:30:34.569+0000] GC(805) Pause Young (Allocation Failure)
[2025-08-01T02:30:34.787+0000] GC(805) PSYoungGen: 856960K->465920K(931840K)
[2025-08-01T02:30:34.787+0000] GC(805) ParOldGen: 1678453K->2080837K(2796544K)
[2025-08-01T02:30:34.787+0000] GC(805) Metaspace: 9712K(12544K)->9712K(12544K) NonClass: 8546K(11008K)->8546K(11008K) Class: 1166K(1536K)->1166K(1536K)
[2025-08-01T02:30:34.787+0000] GC(805) Pause Young (Allocation Failure) 2475M->2487M(3641M) 218.616ms
[2025-08-01T02:30:34.787+0000] GC(805) User=1.68s Sys=0.04s Real=0.22s
[2025-08-01T02:30:34.875+0000] GC(806) Pause Young (Allocation Failure)
[2025-08-01T02:30:35.078+0000] GC(806) PSYoungGen: 931840K->418720K(931840K)
[2025-08-01T02:30:35.078+0000] GC(806) ParOldGen: 2080837K->2319773K(2796544K)
[2025-08-01T02:30:35.078+0000] GC(806) Metaspace: 9712K(12544K)->9712K(12544K) NonClass: 8546K(11008K)->8546K(11008K) Class: 1166K(1536K)->1166K(1536K)
[2025-08-01T02:30:35.078+0000] GC(806) Pause Young (Allocation Failure) 2942M->2674M(3641M) 202.854ms
[2025-08-01T02:30:35.078+0000] GC(806) User=1.51s Sys=0.05s Real=0.20s
[2025-08-01T02:30:35.078+0000] GC(807) Pause Full (Ergonomics)
[2025-08-01T02:30:35.078+0000] GC(807) Marking Phase
[2025-08-01T02:30:35.119+0000] GC(807) Marking Phase 40.361ms
[2025-08-01T02:30:35.119+0000] GC(807) Summary Phase
[2025-08-01T02:30:35.119+0000] GC(807) Summary Phase 0.090ms
[2025-08-01T02:30:35.119+0000] GC(807) Adjust Roots
[2025-08-01T02:30:35.121+0000] GC(807) Adjust Roots 1.790ms
[2025-08-01T02:30:35.121+0000] GC(807) Compaction Phase
[2025-08-01T02:30:35.244+0000] GC(807) Compaction Phase 123.622ms
[2025-08-01T02:30:35.244+0000] GC(807) Post Compact
[2025-08-01T02:30:35.263+0000] GC(807) Post Compact 18.252ms
[2025-08-01T02:30:35.263+0000] GC(807) PSYoungGen: 418720K->0K(931840K)
[2025-08-01T02:30:35.263+0000] GC(807) ParOldGen: 2319773K->808720K(2796544K)
[2025-08-01T02:30:35.263+0000] GC(807) Metaspace: 9712K(12544K)->9712K(12544K) NonClass: 8546K(11008K)->8546K(11008K) Class: 1166K(1536K)->1166K(1536K)
[2025-08-01T02:30:35.263+0000] GC(807) Pause Full (Ergonomics) 2674M->789M(3641M) 184.556ms
[2025-08-01T02:30:35.263+0000] GC(807) User=1.29s Sys=0.00s Real=0.18s
[2025-08-01T02:30:35.349+0000] GC(808) Pause Young (Allocation Failure)
[2025-08-01T02:30:35.466+0000] GC(808) PSYoungGen: 465920K->465920K(931840K)
[2025-08-01T02:30:35.466+0000] GC(808) ParOldGen: 808720K->809528K(2796544K)
[2025-08-01T02:30:35.466+0000] GC(808) Metaspace: 9712K(12544K)->9712K(12544K) NonClass: 8546K(11008K)->8546K(11008K) Class: 1166K(1536K)->1166K(1536K)
[2025-08-01T02:30:35.466+0000] GC(808) Pause Young (Allocation Failure) 1244M->1245M(3641M) 117.749ms
[2025-08-01T02:30:35.466+0000] GC(808) User=0.85s Sys=0.01s Real=0.12s
[2025-08-01T02:30:35.553+0000] GC(809) Pause Young (Allocation Failure)
[2025-08-01T02:30:35.688+0000] GC(809) PSYoungGen: 931840K->416864K(931840K)
[2025-08-01T02:30:35.688+0000] GC(809) ParOldGen: 809528K->1009824K(2796544K)
[2025-08-01T02:30:35.688+0000] GC(809) Metaspace: 9712K(12544K)->9712K(12544K) NonClass: 8546K(11008K)->8546K(11008K) Class: 1166K(1536K)->1166K(1536K)
[2025-08-01T02:30:35.688+0000] GC(809) Pause Young (Allocation Failure) 1700M->1393M(3641M) 135.014ms
[2025-08-01T02:30:35.688+0000] GC(809) User=1.04s Sys=0.02s Real=0.13s
[2025-08-01T02:30:35.774+0000] GC(810) Pause Young (Allocation Failure)
[2025-08-01T02:30:35.950+0000] GC(810) PSYoungGen: 882784K->465920K(931840K)
[2025-08-01T02:30:35.950+0000] GC(810) ParOldGen: 1009824K->1433712K(2796544K)
[2025-08-01T02:30:35.950+0000] GC(810) Metaspace: 9712K(12544K)->9712K(12544K) NonClass: 8546K(11008K)->8546K(11008K) Class: 1166K(1536K)->1166K(1536K)
[2025-08-01T02:30:35.950+0000] GC(810) Pause Young (Allocation Failure) 1848M->1855M(3641M) 176.383ms
[2025-08-01T02:30:35.950+0000] GC(810) User=1.36s Sys=0.03s Real=0.17s
[2025-08-01T02:30:36.038+0000] GC(811) Pause Young (Allocation Failure)
[2025-08-01T02:30:36.165+0000] GC(811) PSYoungGen: 931840K->383520K(931840K)
[2025-08-01T02:30:36.165+0000] GC(811) ParOldGen: 1433712K->1670808K(2796544K)
[2025-08-01T02:30:36.165+0000] GC(811) Metaspace: 9712K(12544K)->9712K(12544K) NonClass: 8546K(11008K)->8546K(11008K) Class: 1166K(1536K)->1166K(1536K)
[2025-08-01T02:30:36.165+0000] GC(811) Pause Young (Allocation Failure) 2310M->2006M(3641M) 127.600ms
[2025-08-01T02:30:36.165+0000] GC(811) User=0.94s Sys=0.03s Real=0.13s
[2025-08-01T02:30:36.259+0000] GC(812) Pause Young (Allocation Failure)
[2025-08-01T02:30:36.447+0000] GC(812) PSYoungGen: 849440K->465920K(931840K)
[2025-08-01T02:30:36.447+0000] GC(812) ParOldGen: 1670808K->2065944K(2796544K)
[2025-08-01T02:30:36.447+0000] GC(812) Metaspace: 9712K(12544K)->9712K(12544K) NonClass: 8546K(11008K)->8546K(11008K) Class: 1166K(1536K)->1166K(1536K)
[2025-08-01T02:30:36.447+0000] GC(812) Pause Young (Allocation Failure) 2461M->2472M(3641M) 188.277ms
[2025-08-01T02:30:36.447+0000] GC(812) User=1.43s Sys=0.05s Real=0.19s
[2025-08-01T02:30:36.587+0000] GC(813) Pause Young (Allocation Failure)
[2025-08-01T02:30:36.762+0000] GC(813) PSYoungGen: 931840K->435872K(931840K)
[2025-08-01T02:30:36.762+0000] GC(813) ParOldGen: 2065944K->2288128K(2796544K)
[2025-08-01T02:30:36.762+0000] GC(813) Metaspace: 9712K(12544K)->9712K(12544K) NonClass: 8546K(11008K)->8546K(11008K) Class: 1166K(1536K)->1166K(1536K)
[2025-08-01T02:30:36.762+0000] GC(813) Pause Young (Allocation Failure) 2927M->2660M(3641M) 175.725ms
[2025-08-01T02:30:36.763+0000] GC(813) User=1.33s Sys=0.04s Real=0.17s
[2025-08-01T02:30:36.763+0000] GC(814) Pause Full (Ergonomics)
[2025-08-01T02:30:36.763+0000] GC(814) Marking Phase
[2025-08-01T02:30:36.806+0000] GC(814) Marking Phase 43.338ms
[2025-08-01T02:30:36.806+0000] GC(814) Summary Phase
[2025-08-01T02:30:36.806+0000] GC(814) Summary Phase 0.086ms
[2025-08-01T02:30:36.806+0000] GC(814) Adjust Roots
[2025-08-01T02:30:36.808+0000] GC(814) Adjust Roots 1.706ms
[2025-08-01T02:30:36.808+0000] GC(814) Compaction Phase
[2025-08-01T02:30:36.931+0000] GC(814) Compaction Phase 122.877ms
[2025-08-01T02:30:36.931+0000] GC(814) Post Compact
[2025-08-01T02:30:36.948+0000] GC(814) Post Compact 17.107ms
[2025-08-01T02:30:36.948+0000] GC(814) PSYoungGen: 435872K->0K(931840K)
[2025-08-01T02:30:36.948+0000] GC(814) ParOldGen: 2288128K->817667K(2796544K)
[2025-08-01T02:30:36.948+0000] GC(814) Metaspace: 9712K(12544K)->9712K(12544K) NonClass: 8546K(11008K)->8546K(11008K) Class: 1166K(1536K)->1166K(1536K)
[2025-08-01T02:30:36.948+0000] GC(814) Pause Full (Ergonomics) 2660M->798M(3641M) 185.602ms
[2025-08-01T02:30:36.948+0000] GC(814) User=1.30s Sys=0.00s Real=0.19s
[2025-08-01T02:30:37.037+0000] GC(815) Pause Young (Allocation Failure)
[2025-08-01T02:30:37.138+0000] GC(815) PSYoungGen: 465920K->465920K(931840K)
[2025-08-01T02:30:37.138+0000] GC(815) ParOldGen: 817667K->824747K(2796544K)
[2025-08-01T02:30:37.138+0000] GC(815) Metaspace: 9712K(12544K)->9712K(12544K) NonClass: 8546K(11008K)->8546K(11008K) Class: 1166K(1536K)->1166K(1536K)
[2025-08-01T02:30:37.138+0000] GC(815) Pause Young (Allocation Failure) 1253M->1260M(3641M) 101.154ms
[2025-08-01T02:30:37.138+0000] GC(815) User=0.76s Sys=0.02s Real=0.10s
[2025-08-01T02:30:37.231+0000] GC(816) Pause Young (Allocation Failure)
[2025-08-01T02:30:37.358+0000] GC(816) PSYoungGen: 931840K->362240K(931840K)
[2025-08-01T02:30:37.358+0000] GC(816) ParOldGen: 824747K->1070955K(2796544K)
[2025-08-01T02:30:37.358+0000] GC(816) Metaspace: 9712K(12544K)->9712K(12544K) NonClass: 8546K(11008K)->8546K(11008K) Class: 1166K(1536K)->1166K(1536K)
[2025-08-01T02:30:37.359+0000] GC(816) Pause Young (Allocation Failure) 1715M->1399M(3641M) 127.871ms
[2025-08-01T02:30:37.359+0000] GC(816) User=0.91s Sys=0.02s Real=0.13s
[2025-08-01T02:30:37.456+0000] GC(817) Pause Young (Allocation Failure)
[2025-08-01T02:30:37.612+0000] GC(817) PSYoungGen: 828160K->344224K(931840K)
[2025-08-01T02:30:37.612+0000] GC(817) ParOldGen: 1070955K->1315803K(2796544K)
[2025-08-01T02:30:37.612+0000] GC(817) Metaspace: 9712K(12544K)->9712K(12544K) NonClass: 8546K(11008K)->8546K(11008K) Class: 1166K(1536K)->1166K(1536K)
[2025-08-01T02:30:37.612+0000] GC(817) Pause Young (Allocation Failure) 1854M->1621M(3641M) 156.456ms
[2025-08-01T02:30:37.612+0000] GC(817) User=1.15s Sys=0.03s Real=0.15s
[2025-08-01T02:30:37.703+0000] GC(818) Pause Young (Allocation Failure)
[2025-08-01T02:30:37.837+0000] GC(818) PSYoungGen: 810144K->464544K(931840K)
[2025-08-01T02:30:37.837+0000] GC(818) ParOldGen: 1315803K->1539715K(2796544K)
[2025-08-01T02:30:37.838+0000] GC(818) Metaspace: 9712K(12544K)->9712K(12544K) NonClass: 8546K(11008K)->8546K(11008K) Class: 1166K(1536K)->1166K(1536K)
[2025-08-01T02:30:37.838+0000] GC(818) Pause Young (Allocation Failure) 2076M->1957M(3641M) 134.595ms
[2025-08-01T02:30:37.838+0000] GC(818) User=1.05s Sys=0.01s Real=0.13s
[2025-08-01T02:30:37.923+0000] GC(819) Pause Young (Allocation Failure)
[2025-08-01T02:30:38.105+0000] GC(819) PSYoungGen: 930464K->465920K(931840K)
[2025-08-01T02:30:38.105+0000] GC(819) ParOldGen: 1539715K->2014635K(2796544K)
[2025-08-01T02:30:38.105+0000] GC(819) Metaspace: 9712K(12544K)->9712K(12544K) NonClass: 8546K(11008K)->8546K(11008K) Class: 1166K(1536K)->1166K(1536K)
[2025-08-01T02:30:38.105+0000] GC(819) Pause Young (Allocation Failure) 2412M->2422M(3641M) 182.416ms
[2025-08-01T02:30:38.105+0000] GC(819) User=1.40s Sys=0.01s Real=0.18s
[2025-08-01T02:30:38.195+0000] GC(820) Pause Young (Allocation Failure)
[2025-08-01T02:30:38.324+0000] GC(820) PSYoungGen: 931840K->323520K(931840K)
[2025-08-01T02:30:38.324+0000] GC(820) ParOldGen: 2014635K->2261291K(2796544K)
[2025-08-01T02:30:38.324+0000] GC(820) Metaspace: 9712K(12544K)->9712K(12544K) NonClass: 8546K(11008K)->8546K(11008K) Class: 1166K(1536K)->1166K(1536K)
[2025-08-01T02:30:38.324+0000] GC(820) Pause Young (Allocation Failure) 2877M->2524M(3641M) 128.669ms
[2025-08-01T02:30:38.324+0000] GC(820) User=0.99s Sys=0.02s Real=0.13s
[2025-08-01T02:30:38.413+0000] GC(821) Pause Young (Allocation Failure)
[2025-08-01T02:30:38.550+0000] GC(821) PSYoungGen: 789440K->410080K(931840K)
[2025-08-01T02:30:38.550+0000] GC(821) ParOldGen: 2261291K->2461507K(2796544K)
[2025-08-01T02:30:38.550+0000] GC(821) Metaspace: 9712K(12544K)->9712K(12544K) NonClass: 8546K(11008K)->8546K(11008K) Class: 1166K(1536K)->1166K(1536K)
[2025-08-01T02:30:38.550+0000] GC(821) Pause Young (Allocation Failure) 2979M->2804M(3641M) 136.504ms
[2025-08-01T02:30:38.550+0000] GC(821) User=1.04s Sys=0.02s Real=0.13s
[2025-08-01T02:30:38.550+0000] GC(822) Pause Full (Ergonomics)
[2025-08-01T02:30:38.550+0000] GC(822) Marking Phase
[2025-08-01T02:30:38.623+0000] GC(822) Marking Phase 73.292ms
[2025-08-01T02:30:38.623+0000] GC(822) Summary Phase
[2025-08-01T02:30:38.624+0000] GC(822) Summary Phase 0.107ms
[2025-08-01T02:30:38.624+0000] GC(822) Adjust Roots
[2025-08-01T02:30:38.626+0000] GC(822) Adjust Roots 2.004ms
[2025-08-01T02:30:38.626+0000] GC(822) Compaction Phase
[2025-08-01T02:30:38.788+0000] GC(822) Compaction Phase 162.414ms
[2025-08-01T02:30:38.788+0000] GC(822) Post Compact
[2025-08-01T02:30:38.807+0000] GC(822) Post Compact 18.588ms
[2025-08-01T02:30:38.807+0000] GC(822) PSYoungGen: 410080K->0K(931840K)
[2025-08-01T02:30:38.807+0000] GC(822) ParOldGen: 2461507K->836924K(2796544K)
[2025-08-01T02:30:38.807+0000] GC(822) Metaspace: 9712K(12544K)->9712K(12544K) NonClass: 8546K(11008K)->8546K(11008K) Class: 1166K(1536K)->1166K(1536K)
[2025-08-01T02:30:38.807+0000] GC(822) Pause Full (Ergonomics) 2804M->817M(3641M) 256.785ms
[2025-08-01T02:30:38.807+0000] GC(822) User=1.81s Sys=0.06s Real=0.26s
[2025-08-01T02:30:38.895+0000] GC(823) Pause Young (Allocation Failure)
[2025-08-01T02:30:38.988+0000] GC(823) PSYoungGen: 465920K->465920K(931840K)
[2025-08-01T02:30:38.988+0000] GC(823) ParOldGen: 836924K->839148K(2796544K)
[2025-08-01T02:30:38.988+0000] GC(823) Metaspace: 9712K(12544K)->9712K(12544K) NonClass: 8546K(11008K)->8546K(11008K) Class: 1166K(1536K)->1166K(1536K)
[2025-08-01T02:30:38.988+0000] GC(823) Pause Young (Allocation Failure) 1272M->1274M(3641M) 93.562ms
[2025-08-01T02:30:38.989+0000] GC(823) User=0.72s Sys=0.01s Real=0.09s
[2025-08-01T02:30:39.082+0000] GC(824) Pause Young (Allocation Failure)
[2025-08-01T02:30:39.293+0000] GC(824) PSYoungGen: 931840K->465920K(931840K)
[2025-08-01T02:30:39.293+0000] GC(824) ParOldGen: 839148K->1316236K(2796544K)
[2025-08-01T02:30:39.293+0000] GC(824) Metaspace: 9712K(12544K)->9712K(12544K) NonClass: 8546K(11008K)->8546K(11008K) Class: 1166K(1536K)->1166K(1536K)
[2025-08-01T02:30:39.293+0000] GC(824) Pause Young (Allocation Failure) 1729M->1740M(3641M) 211.013ms
[2025-08-01T02:30:39.293+0000] GC(824) User=1.59s Sys=0.04s Real=0.22s
[2025-08-01T02:30:39.379+0000] GC(825) Pause Young (Allocation Failure)
[2025-08-01T02:30:39.512+0000] GC(825) PSYoungGen: 931840K->284864K(931840K)
[2025-08-01T02:30:39.512+0000] GC(825) ParOldGen: 1316236K->1590052K(2796544K)
[2025-08-01T02:30:39.512+0000] GC(825) Metaspace: 9712K(12544K)->9712K(12544K) NonClass: 8546K(11008K)->8546K(11008K) Class: 1166K(1536K)->1166K(1536K)
[2025-08-01T02:30:39.512+0000] GC(825) Pause Young (Allocation Failure) 2195M->1830M(3641M) 132.910ms
[2025-08-01T02:30:39.512+0000] GC(825) User=1.02s Sys=0.03s Real=0.13s
[2025-08-01T02:30:39.598+0000] GC(826) Pause Young (Allocation Failure)
[2025-08-01T02:30:39.670+0000] GC(826) PSYoungGen: 750784K->318496K(931840K)
[2025-08-01T02:30:39.670+0000] GC(826) ParOldGen: 1590052K->1630860K(2796544K)
[2025-08-01T02:30:39.670+0000] GC(826) Metaspace: 9712K(12544K)->9712K(12544K) NonClass: 8546K(11008K)->8546K(11008K) Class: 1166K(1536K)->1166K(1536K)
[2025-08-01T02:30:39.670+0000] GC(826) Pause Young (Allocation Failure) 2285M->1903M(3641M) 72.293ms
[2025-08-01T02:30:39.670+0000] GC(826) User=0.55s Sys=0.00s Real=0.07s
[2025-08-01T02:30:39.761+0000] GC(827) Pause Young (Allocation Failure)
[2025-08-01T02:30:39.956+0000] GC(827) PSYoungGen: 784416K->465920K(931840K)
[2025-08-01T02:30:39.956+0000] GC(827) ParOldGen: 1630860K->1958780K(2796544K)
[2025-08-01T02:30:39.956+0000] GC(827) Metaspace: 9712K(12544K)->9712K(12544K) NonClass: 8546K(11008K)->8546K(11008K) Class: 1166K(1536K)->1166K(1536K)
[2025-08-01T02:30:39.956+0000] GC(827) Pause Young (Allocation Failure) 2358M->2367M(3641M) 195.431ms
[2025-08-01T02:30:39.956+0000] GC(827) User=1.53s Sys=0.02s Real=0.20s
[2025-08-01T02:30:40.048+0000] GC(828) Pause Young (Allocation Failure)
[2025-08-01T02:30:40.252+0000] GC(828) PSYoungGen: 931840K->465920K(931840K)
[2025-08-01T02:30:40.252+0000] GC(828) ParOldGen: 1958780K->2435220K(2796544K)
[2025-08-01T02:30:40.252+0000] GC(828) Metaspace: 9712K(12544K)->9712K(12544K) NonClass: 8546K(11008K)->8546K(11008K) Class: 1166K(1536K)->1166K(1536K)
[2025-08-01T02:30:40.252+0000] GC(828) Pause Young (Allocation Failure) 2822M->2833M(3641M) 204.935ms
[2025-08-01T02:30:40.252+0000] GC(828) User=1.56s Sys=0.05s Real=0.20s
[2025-08-01T02:30:40.253+0000] GC(829) Pause Full (Ergonomics)
[2025-08-01T02:30:40.253+0000] GC(829) Marking Phase
[2025-08-01T02:30:40.330+0000] GC(829) Marking Phase 77.633ms
[2025-08-01T02:30:40.330+0000] GC(829) Summary Phase
[2025-08-01T02:30:40.330+0000] GC(829) Summary Phase 0.107ms
[2025-08-01T02:30:40.330+0000] GC(829) Adjust Roots
[2025-08-01T02:30:40.332+0000] GC(829) Adjust Roots 1.860ms
[2025-08-01T02:30:40.332+0000] GC(829) Compaction Phase
[2025-08-01T02:30:40.537+0000] GC(829) Compaction Phase 204.887ms
[2025-08-01T02:30:40.537+0000] GC(829) Post Compact
[2025-08-01T02:30:40.556+0000] GC(829) Post Compact 19.171ms
[2025-08-01T02:30:40.557+0000] GC(829) PSYoungGen: 465920K->0K(931840K)
[2025-08-01T02:30:40.557+0000] GC(829) ParOldGen: 2435220K->1308969K(2796544K)
[2025-08-01T02:30:40.557+0000] GC(829) Metaspace: 9712K(12544K)->9712K(12544K) NonClass: 8546K(11008K)->8546K(11008K) Class: 1166K(1536K)->1166K(1536K)
[2025-08-01T02:30:40.557+0000] GC(829) Pause Full (Ergonomics) 2833M->1278M(3641M) 304.099ms
[2025-08-01T02:30:40.557+0000] GC(829) User=2.20s Sys=0.01s Real=0.31s
[2025-08-01T02:30:40.643+0000] GC(830) Pause Young (Allocation Failure)
[2025-08-01T02:30:40.717+0000] GC(830) PSYoungGen: 465920K->282176K(931840K)
[2025-08-01T02:30:40.717+0000] GC(830) ParOldGen: 1308969K->1308969K(2796544K)
[2025-08-01T02:30:40.717+0000] GC(830) Metaspace: 9712K(12544K)->9712K(12544K) NonClass: 8546K(11008K)->8546K(11008K) Class: 1166K(1536K)->1166K(1536K)
[2025-08-01T02:30:40.717+0000] GC(830) Pause Young (Allocation Failure) 1733M->1553M(3641M) 74.006ms
[2025-08-01T02:30:40.717+0000] GC(830) User=0.55s Sys=0.02s Real=0.07s
[2025-08-01T02:30:40.812+0000] GC(831) Pause Young (Allocation Failure)
[2025-08-01T02:30:40.917+0000] GC(831) PSYoungGen: 748096K->310848K(931840K)
[2025-08-01T02:30:40.917+0000] GC(831) ParOldGen: 1308969K->1363809K(2796544K)
[2025-08-01T02:30:40.917+0000] GC(831) Metaspace: 9712K(12544K)->9712K(12544K) NonClass: 8546K(11008K)->8546K(11008K) Class: 1166K(1536K)->1166K(1536K)
[2025-08-01T02:30:40.917+0000] GC(831) Pause Young (Allocation Failure) 2008M->1635M(3641M) 104.719ms
[2025-08-01T02:30:40.917+0000] GC(831) User=0.80s Sys=0.02s Real=0.11s
[2025-08-01T02:30:41.019+0000] GC(832) Pause Young (Allocation Failure)
[2025-08-01T02:30:41.210+0000] GC(832) PSYoungGen: 776768K->465920K(931840K)
[2025-08-01T02:30:41.210+0000] GC(832) ParOldGen: 1363809K->1687913K(2796544K)
[2025-08-01T02:30:41.210+0000] GC(832) Metaspace: 9712K(12544K)->9712K(12544K) NonClass: 8546K(11008K)->8546K(11008K) Class: 1166K(1536K)->1166K(1536K)
[2025-08-01T02:30:41.210+0000] GC(832) Pause Young (Allocation Failure) 2090M->2103M(3641M) 190.321ms
[2025-08-01T02:30:41.210+0000] GC(832) User=1.43s Sys=0.05s Real=0.19s
[2025-08-01T02:30:41.308+0000] GC(833) Pause Young (Allocation Failure)
[2025-08-01T02:30:41.504+0000] GC(833) PSYoungGen: 931840K->465892K(931840K)
[2025-08-01T02:30:41.504+0000] GC(833) ParOldGen: 1687913K->2163097K(2796544K)
[2025-08-01T02:30:41.504+0000] GC(833) Metaspace: 9712K(12544K)->9712K(12544K) NonClass: 8546K(11008K)->8546K(11008K) Class: 1166K(1536K)->1166K(1536K)
[2025-08-01T02:30:41.504+0000] GC(833) Pause Young (Allocation Failure) 2558M->2567M(3641M) 196.149ms
[2025-08-01T02:30:41.504+0000] GC(833) User=1.48s Sys=0.04s Real=0.20s
[2025-08-01T02:30:41.504+0000] GC(834) Pause Full (Ergonomics)
[2025-08-01T02:30:41.504+0000] GC(834) Marking Phase
[2025-08-01T02:30:41.572+0000] GC(834) Marking Phase 67.858ms
[2025-08-01T02:30:41.572+0000] GC(834) Summary Phase
[2025-08-01T02:30:41.572+0000] GC(834) Summary Phase 0.084ms
[2025-08-01T02:30:41.572+0000] GC(834) Adjust Roots
[2025-08-01T02:30:41.574+0000] GC(834) Adjust Roots 1.750ms
[2025-08-01T02:30:41.574+0000] GC(834) Compaction Phase
[2025-08-01T02:30:41.788+0000] GC(834) Compaction Phase 213.923ms
[2025-08-01T02:30:41.788+0000] GC(834) Post Compact
[2025-08-01T02:30:41.805+0000] GC(834) Post Compact 17.230ms
[2025-08-01T02:30:41.805+0000] GC(834) PSYoungGen: 465892K->0K(931840K)
[2025-08-01T02:30:41.805+0000] GC(834) ParOldGen: 2163097K->1314700K(2796544K)
[2025-08-01T02:30:41.805+0000] GC(834) Metaspace: 9712K(12544K)->9712K(12544K) NonClass: 8546K(11008K)->8546K(11008K) Class: 1166K(1536K)->1166K(1536K)
[2025-08-01T02:30:41.805+0000] GC(834) Pause Full (Ergonomics) 2567M->1283M(3641M) 301.366ms
[2025-08-01T02:30:41.805+0000] GC(834) User=2.23s Sys=0.01s Real=0.30s
[2025-08-01T02:30:41.891+0000] GC(835) Pause Young (Allocation Failure)
[2025-08-01T02:30:41.999+0000] GC(835) PSYoungGen: 465920K->283552K(931840K)
[2025-08-01T02:30:41.999+0000] GC(835) ParOldGen: 1314700K->1314700K(2796544K)
[2025-08-01T02:30:41.999+0000] GC(835) Metaspace: 9712K(12544K)->9712K(12544K) NonClass: 8546K(11008K)->8546K(11008K) Class: 1166K(1536K)->1166K(1536K)
[2025-08-01T02:30:41.999+0000] GC(835) Pause Young (Allocation Failure) 1738M->1560M(3641M) 107.151ms
[2025-08-01T02:30:41.999+0000] GC(835) User=0.77s Sys=0.05s Real=0.11s
[2025-08-01T02:30:42.089+0000] GC(836) Pause Young (Allocation Failure)
[2025-08-01T02:30:42.194+0000] GC(836) PSYoungGen: 749472K->312832K(931840K)
[2025-08-01T02:30:42.194+0000] GC(836) ParOldGen: 1314700K->1376684K(2796544K)
[2025-08-01T02:30:42.194+0000] GC(836) Metaspace: 9712K(12544K)->9712K(12544K) NonClass: 8546K(11008K)->8546K(11008K) Class: 1166K(1536K)->1166K(1536K)
[2025-08-01T02:30:42.194+0000] GC(836) Pause Young (Allocation Failure) 2015M->1649M(3641M) 104.627ms
[2025-08-01T02:30:42.194+0000] GC(836) User=0.78s Sys=0.03s Real=0.11s
[2025-08-01T02:30:42.289+0000] GC(837) Pause Young (Allocation Failure)
[2025-08-01T02:30:42.515+0000] GC(837) PSYoungGen: 778752K->465920K(931840K)
[2025-08-01T02:30:42.515+0000] GC(837) ParOldGen: 1376684K->1698388K(2796544K)
[2025-08-01T02:30:42.515+0000] GC(837) Metaspace: 9712K(12544K)->9712K(12544K) NonClass: 8546K(11008K)->8546K(11008K) Class: 1166K(1536K)->1166K(1536K)
[2025-08-01T02:30:42.515+0000] GC(837) Pause Young (Allocation Failure) 2104M->2113M(3641M) 226.607ms
[2025-08-01T02:30:42.515+0000] GC(837) User=1.65s Sys=0.08s Real=0.23s
[2025-08-01T02:30:42.617+0000] GC(838) Pause Young (Allocation Failure)
[2025-08-01T02:30:42.811+0000] GC(838) PSYoungGen: 931840K->465920K(931840K)
[2025-08-01T02:30:42.811+0000] GC(838) ParOldGen: 1698388K->2173556K(2796544K)
[2025-08-01T02:30:42.811+0000] GC(838) Metaspace: 9712K(12544K)->9712K(12544K) NonClass: 8546K(11008K)->8546K(11008K) Class: 1166K(1536K)->1166K(1536K)
[2025-08-01T02:30:42.811+0000] GC(838) Pause Young (Allocation Failure) 2568M->2577M(3641M) 194.749ms
[2025-08-01T02:30:42.811+0000] GC(838) User=1.52s Sys=0.02s Real=0.19s
[2025-08-01T02:30:42.812+0000] GC(839) Pause Full (Ergonomics)
[2025-08-01T02:30:42.812+0000] GC(839) Marking Phase
[2025-08-01T02:30:42.879+0000] GC(839) Marking Phase 67.766ms
[2025-08-01T02:30:42.879+0000] GC(839) Summary Phase
[2025-08-01T02:30:42.879+0000] GC(839) Summary Phase 0.058ms
[2025-08-01T02:30:42.879+0000] GC(839) Adjust Roots
[2025-08-01T02:30:42.881+0000] GC(839) Adjust Roots 1.710ms
[2025-08-01T02:30:42.881+0000] GC(839) Compaction Phase
[2025-08-01T02:30:43.097+0000] GC(839) Compaction Phase 216.039ms
[2025-08-01T02:30:43.097+0000] GC(839) Post Compact
[2025-08-01T02:30:43.114+0000] GC(839) Post Compact 16.652ms
[2025-08-01T02:30:43.114+0000] GC(839) PSYoungGen: 465920K->0K(931840K)
[2025-08-01T02:30:43.114+0000] GC(839) ParOldGen: 2173556K->1322040K(2796544K)
[2025-08-01T02:30:43.114+0000] GC(839) Metaspace: 9712K(12544K)->9712K(12544K) NonClass: 8546K(11008K)->8546K(11008K) Class: 1166K(1536K)->1166K(1536K)
[2025-08-01T02:30:43.114+0000] GC(839) Pause Full (Ergonomics) 2577M->1291M(3641M) 302.626ms
[2025-08-01T02:30:43.114+0000] GC(839) User=2.24s Sys=0.02s Real=0.31s
[2025-08-01T02:30:43.200+0000] GC(840) Pause Young (Allocation Failure)
[2025-08-01T02:30:43.295+0000] GC(840) PSYoungGen: 465920K->282880K(931840K)
[2025-08-01T02:30:43.295+0000] GC(840) ParOldGen: 1322040K->1322040K(2796544K)
[2025-08-01T02:30:43.295+0000] GC(840) Metaspace: 9712K(12544K)->9712K(12544K) NonClass: 8546K(11008K)->8546K(11008K) Class: 1166K(1536K)->1166K(1536K)
[2025-08-01T02:30:43.295+0000] GC(840) Pause Young (Allocation Failure) 1746M->1567M(3641M) 94.528ms
[2025-08-01T02:30:43.295+0000] GC(840) User=0.70s Sys=0.02s Real=0.10s
[2025-08-01T02:30:43.391+0000] GC(841) Pause Young (Allocation Failure)
[2025-08-01T02:30:43.507+0000] GC(841) PSYoungGen: 748800K->349376K(931840K)
[2025-08-01T02:30:43.507+0000] GC(841) ParOldGen: 1322040K->1353480K(2796544K)
[2025-08-01T02:30:43.507+0000] GC(841) Metaspace: 9712K(12544K)->9712K(12544K) NonClass: 8546K(11008K)->8546K(11008K) Class: 1166K(1536K)->1166K(1536K)
[2025-08-01T02:30:43.507+0000] GC(841) Pause Young (Allocation Failure) 2022M->1662M(3641M) 115.883ms
[2025-08-01T02:30:43.507+0000] GC(841) User=0.80s Sys=0.07s Real=0.12s
[2025-08-01T02:30:43.605+0000] GC(842) Pause Young (Allocation Failure)
[2025-08-01T02:30:43.843+0000] GC(842) PSYoungGen: 815296K->465920K(931840K)
[2025-08-01T02:30:43.843+0000] GC(842) ParOldGen: 1353480K->1711488K(2796544K)
[2025-08-01T02:30:43.843+0000] GC(842) Metaspace: 9712K(12544K)->9712K(12544K) NonClass: 8546K(11008K)->8546K(11008K) Class: 1166K(1536K)->1166K(1536K)
[2025-08-01T02:30:43.843+0000] GC(842) Pause Young (Allocation Failure) 2117M->2126M(3641M) 238.171ms
[2025-08-01T02:30:43.843+0000] GC(842) User=1.83s Sys=0.04s Real=0.23s
[2025-08-01T02:30:43.986+0000] GC(843) Pause Young (Allocation Failure)
[2025-08-01T02:30:44.289+0000] GC(843) PSYoungGen: 931840K->465920K(931840K)
[2025-08-01T02:30:44.289+0000] GC(843) ParOldGen: 1711488K->2189272K(2796544K)
[2025-08-01T02:30:44.289+0000] GC(843) Metaspace: 9712K(12544K)->9712K(12544K) NonClass: 8546K(11008K)->8546K(11008K) Class: 1166K(1536K)->1166K(1536K)
[2025-08-01T02:30:44.289+0000] GC(843) Pause Young (Allocation Failure) 2581M->2592M(3641M) 303.542ms
[2025-08-01T02:30:44.289+0000] GC(843) User=2.34s Sys=0.05s Real=0.30s
[2025-08-01T02:30:44.289+0000] GC(844) Pause Full (Ergonomics)
[2025-08-01T02:30:44.289+0000] GC(844) Marking Phase
[2025-08-01T02:30:44.361+0000] GC(844) Marking Phase 71.150ms
[2025-08-01T02:30:44.361+0000] GC(844) Summary Phase
[2025-08-01T02:30:44.361+0000] GC(844) Summary Phase 0.179ms
[2025-08-01T02:30:44.361+0000] GC(844) Adjust Roots
[2025-08-01T02:30:44.363+0000] GC(844) Adjust Roots 1.714ms
[2025-08-01T02:30:44.363+0000] GC(844) Compaction Phase
[2025-08-01T02:30:44.581+0000] GC(844) Compaction Phase 218.371ms
[2025-08-01T02:30:44.581+0000] GC(844) Post Compact
[2025-08-01T02:30:44.597+0000] GC(844) Post Compact 16.378ms
[2025-08-01T02:30:44.598+0000] GC(844) PSYoungGen: 465920K->0K(931840K)
[2025-08-01T02:30:44.598+0000] GC(844) ParOldGen: 2189272K->1329260K(2796544K)
[2025-08-01T02:30:44.598+0000] GC(844) Metaspace: 9712K(12544K)->9712K(12544K) NonClass: 8546K(11008K)->8546K(11008K) Class: 1166K(1536K)->1166K(1536K)
[2025-08-01T02:30:44.598+0000] GC(844) Pause Full (Ergonomics) 2592M->1298M(3641M) 308.185ms
[2025-08-01T02:30:44.598+0000] GC(844) User=2.24s Sys=0.02s Real=0.31s
[2025-08-01T02:30:44.689+0000] GC(845) Pause Young (Allocation Failure)
[2025-08-01T02:30:44.763+0000] GC(845) PSYoungGen: 465920K->289728K(931840K)
[2025-08-01T02:30:44.763+0000] GC(845) ParOldGen: 1329260K->1329260K(2796544K)
[2025-08-01T02:30:44.763+0000] GC(845) Metaspace: 9712K(12544K)->9712K(12544K) NonClass: 8546K(11008K)->8546K(11008K) Class: 1166K(1536K)->1166K(1536K)
[2025-08-01T02:30:44.763+0000] GC(845) Pause Young (Allocation Failure) 1753M->1581M(3641M) 74.349ms
[2025-08-01T02:30:44.763+0000] GC(845) User=0.55s Sys=0.02s Real=0.08s
[2025-08-01T02:30:44.853+0000] GC(846) Pause Young (Allocation Failure)
[2025-08-01T02:30:44.965+0000] GC(846) PSYoungGen: 755648K->334272K(931840K)
[2025-08-01T02:30:44.965+0000] GC(846) ParOldGen: 1329260K->1381524K(2796544K)
[2025-08-01T02:30:44.965+0000] GC(846) Metaspace: 9712K(12544K)->9712K(12544K) NonClass: 8546K(11008K)->8546K(11008K) Class: 1166K(1536K)->1166K(1536K)
[2025-08-01T02:30:44.965+0000] GC(846) Pause Young (Allocation Failure) 2036M->1675M(3641M) 111.231ms
[2025-08-01T02:30:44.965+0000] GC(846) User=0.86s Sys=0.01s Real=0.11s
[2025-08-01T02:30:45.059+0000] GC(847) Pause Young (Allocation Failure)
[2025-08-01T02:30:45.229+0000] GC(847) PSYoungGen: 800192K->465920K(931840K)
[2025-08-01T02:30:45.229+0000] GC(847) ParOldGen: 1381524K->1726820K(2796544K)
[2025-08-01T02:30:45.229+0000] GC(847) Metaspace: 9712K(12544K)->9712K(12544K) NonClass: 8546K(11008K)->8546K(11008K) Class: 1166K(1536K)->1166K(1536K)
[2025-08-01T02:30:45.229+0000] GC(847) Pause Young (Allocation Failure) 2130M->2141M(3641M) 169.797ms
[2025-08-01T02:30:45.229+0000] GC(847) User=1.30s Sys=0.03s Real=0.17s
[2025-08-01T02:30:45.387+0000] GC(848) Pause Young (Allocation Failure)
[2025-08-01T02:30:45.726+0000] GC(848) PSYoungGen: 931840K->465920K(931840K)
[2025-08-01T02:30:45.726+0000] GC(848) ParOldGen: 1726820K->2205908K(2796544K)
[2025-08-01T02:30:45.726+0000] GC(848) Metaspace: 9712K(12544K)->9712K(12544K) NonClass: 8546K(11008K)->8546K(11008K) Class: 1166K(1536K)->1166K(1536K)
[2025-08-01T02:30:45.726+0000] GC(848) Pause Young (Allocation Failure) 2596M->2609M(3641M) 338.758ms
[2025-08-01T02:30:45.726+0000] GC(848) User=2.51s Sys=0.08s Real=0.34s
[2025-08-01T02:30:45.726+0000] GC(849) Pause Full (Ergonomics)
[2025-08-01T02:30:45.726+0000] GC(849) Marking Phase
[2025-08-01T02:30:45.805+0000] GC(849) Marking Phase 79.105ms
[2025-08-01T02:30:45.805+0000] GC(849) Summary Phase
[2025-08-01T02:30:45.806+0000] GC(849) Summary Phase 0.091ms
[2025-08-01T02:30:45.806+0000] GC(849) Adjust Roots
[2025-08-01T02:30:45.807+0000] GC(849) Adjust Roots 1.814ms
[2025-08-01T02:30:45.807+0000] GC(849) Compaction Phase
[2025-08-01T02:30:46.007+0000] GC(849) Compaction Phase 199.482ms
[2025-08-01T02:30:46.007+0000] GC(849) Post Compact
[2025-08-01T02:30:46.024+0000] GC(849) Post Compact 17.202ms
[2025-08-01T02:30:46.024+0000] GC(849) PSYoungGen: 465920K->0K(931840K)
[2025-08-01T02:30:46.024+0000] GC(849) ParOldGen: 2205908K->1337496K(2796544K)
[2025-08-01T02:30:46.024+0000] GC(849) Metaspace: 9712K(12544K)->9712K(12544K) NonClass: 8546K(11008K)->8546K(11008K) Class: 1166K(1536K)->1166K(1536K)
[2025-08-01T02:30:46.024+0000] GC(849) Pause Full (Ergonomics) 2609M->1306M(3641M) 298.113ms
[2025-08-01T02:30:46.024+0000] GC(849) User=2.17s Sys=0.01s Real=0.30s
[2025-08-01T02:30:46.114+0000] GC(850) Pause Young (Allocation Failure)
[2025-08-01T02:30:46.250+0000] GC(850) PSYoungGen: 465920K->292000K(931840K)
[2025-08-01T02:30:46.250+0000] GC(850) ParOldGen: 1337496K->1337496K(2796544K)
[2025-08-01T02:30:46.250+0000] GC(850) Metaspace: 9712K(12544K)->9712K(12544K) NonClass: 8546K(11008K)->8546K(11008K) Class: 1166K(1536K)->1166K(1536K)
[2025-08-01T02:30:46.250+0000] GC(850) Pause Young (Allocation Failure) 1761M->1591M(3641M) 136.632ms
[2025-08-01T02:30:46.250+0000] GC(850) User=1.04s Sys=0.02s Real=0.13s
[2025-08-01T02:30:46.356+0000] GC(851) Pause Young (Allocation Failure)
[2025-08-01T02:30:46.450+0000] GC(851) PSYoungGen: 757920K->343936K(931840K)
[2025-08-01T02:30:46.450+0000] GC(851) ParOldGen: 1337496K->1391376K(2796544K)
[2025-08-01T02:30:46.450+0000] GC(851) Metaspace: 9712K(12544K)->9712K(12544K) NonClass: 8546K(11008K)->8546K(11008K) Class: 1166K(1536K)->1166K(1536K)
[2025-08-01T02:30:46.450+0000] GC(851) Pause Young (Allocation Failure) 2046M->1694M(3641M) 94.306ms
[2025-08-01T02:30:46.450+0000] GC(851) User=0.69s Sys=0.02s Real=0.09s
[2025-08-01T02:30:46.544+0000] GC(852) Pause Young (Allocation Failure)
[2025-08-01T02:30:46.771+0000] GC(852) PSYoungGen: 809856K->465920K(931840K)
[2025-08-01T02:30:46.771+0000] GC(852) ParOldGen: 1391376K->1745072K(2796544K)
[2025-08-01T02:30:46.771+0000] GC(852) Metaspace: 9712K(12544K)->9712K(12544K) NonClass: 8546K(11008K)->8546K(11008K) Class: 1166K(1536K)->1166K(1536K)
[2025-08-01T02:30:46.771+0000] GC(852) Pause Young (Allocation Failure) 2149M->2159M(3641M) 227.007ms
[2025-08-01T02:30:46.771+0000] GC(852) User=1.75s Sys=0.04s Real=0.22s
[2025-08-01T02:30:46.857+0000] GC(853) Pause Young (Allocation Failure)
[2025-08-01T02:30:47.048+0000] GC(853) PSYoungGen: 931840K->465920K(931840K)
[2025-08-01T02:30:47.048+0000] GC(853) ParOldGen: 1745072K->2223104K(2796544K)
[2025-08-01T02:30:47.048+0000] GC(853) Metaspace: 9712K(12544K)->9712K(12544K) NonClass: 8546K(11008K)->8546K(11008K) Class: 1166K(1536K)->1166K(1536K)
[2025-08-01T02:30:47.048+0000] GC(853) Pause Young (Allocation Failure) 2614M->2626M(3641M) 191.487ms
[2025-08-01T02:30:47.048+0000] GC(853) User=1.48s Sys=0.04s Real=0.19s
[2025-08-01T02:30:47.048+0000] GC(854) Pause Full (Ergonomics)
[2025-08-01T02:30:47.048+0000] GC(854) Marking Phase
[2025-08-01T02:30:47.123+0000] GC(854) Marking Phase 74.888ms
[2025-08-01T02:30:47.123+0000] GC(854) Summary Phase
[2025-08-01T02:30:47.123+0000] GC(854) Summary Phase 0.092ms
[2025-08-01T02:30:47.123+0000] GC(854) Adjust Roots
[2025-08-01T02:30:47.125+0000] GC(854) Adjust Roots 1.793ms
[2025-08-01T02:30:47.125+0000] GC(854) Compaction Phase
[2025-08-01T02:30:47.371+0000] GC(854) Compaction Phase 245.997ms
[2025-08-01T02:30:47.371+0000] GC(854) Post Compact
[2025-08-01T02:30:47.389+0000] GC(854) Post Compact 18.123ms
[2025-08-01T02:30:47.389+0000] GC(854) PSYoungGen: 465920K->0K(931840K)
[2025-08-01T02:30:47.389+0000] GC(854) ParOldGen: 2223104K->1349133K(2796544K)
[2025-08-01T02:30:47.389+0000] GC(854) Metaspace: 9712K(12544K)->9712K(12544K) NonClass: 8546K(11008K)->8546K(11008K) Class: 1166K(1536K)->1166K(1536K)
[2025-08-01T02:30:47.390+0000] GC(854) Pause Full (Ergonomics) 2626M->1317M(3641M) 341.264ms
[2025-08-01T02:30:47.390+0000] GC(854) User=2.49s Sys=0.05s Real=0.34s
[2025-08-01T02:30:47.536+0000] GC(855) Pause Young (Allocation Failure)
[2025-08-01T02:30:47.595+0000] GC(855) PSYoungGen: 465920K->126688K(931840K)
[2025-08-01T02:30:47.595+0000] GC(855) ParOldGen: 1349133K->1349133K(2796544K)
[2025-08-01T02:30:47.595+0000] GC(855) Metaspace: 9712K(12544K)->9712K(12544K) NonClass: 8546K(11008K)->8546K(11008K) Class: 1166K(1536K)->1166K(1536K)
[2025-08-01T02:30:47.595+0000] GC(855) Pause Young (Allocation Failure) 1772M->1441M(3641M) 58.692ms
[2025-08-01T02:30:47.595+0000] GC(855) User=0.41s Sys=0.01s Real=0.06s
[2025-08-01T02:30:47.689+0000] GC(856) Pause Young (Allocation Failure)
[2025-08-01T02:30:47.852+0000] GC(856) PSYoungGen: 592608K->383008K(931840K)
[2025-08-01T02:30:47.852+0000] GC(856) ParOldGen: 1349133K->1373845K(2796544K)
[2025-08-01T02:30:47.852+0000] GC(856) Metaspace: 9712K(12544K)->9712K(12544K) NonClass: 8546K(11008K)->8546K(11008K) Class: 1166K(1536K)->1166K(1536K)
[2025-08-01T02:30:47.852+0000] GC(856) Pause Young (Allocation Failure) 1896M->1715M(3641M) 162.935ms
[2025-08-01T02:30:47.852+0000] GC(856) User=1.17s Sys=0.06s Real=0.16s
[2025-08-01T02:30:47.943+0000] GC(857) Pause Young (Allocation Failure)
[2025-08-01T02:30:48.121+0000] GC(857) PSYoungGen: 848928K->465920K(931840K)
[2025-08-01T02:30:48.121+0000] GC(857) ParOldGen: 1373845K->1767861K(2796544K)
[2025-08-01T02:30:48.122+0000] GC(857) Metaspace: 9712K(12544K)->9712K(12544K) NonClass: 8546K(11008K)->8546K(11008K) Class: 1166K(1536K)->1166K(1536K)
[2025-08-01T02:30:48.122+0000] GC(857) Pause Young (Allocation Failure) 2170M->2181M(3641M) 179.004ms
[2025-08-01T02:30:48.122+0000] GC(857) User=1.38s Sys=0.03s Real=0.18s
[2025-08-01T02:30:48.216+0000] GC(858) Pause Young (Allocation Failure)
[2025-08-01T02:30:48.511+0000] GC(858) PSYoungGen: 931840K->465920K(931840K)
[2025-08-01T02:30:48.511+0000] GC(858) ParOldGen: 1767861K->2248997K(2796544K)
[2025-08-01T02:30:48.511+0000] GC(858) Metaspace: 9712K(12544K)->9712K(12544K) NonClass: 8546K(11008K)->8546K(11008K) Class: 1166K(1536K)->1166K(1536K)
[2025-08-01T02:30:48.511+0000] GC(858) Pause Young (Allocation Failure) 2636M->2651M(3641M) 294.751ms
[2025-08-01T02:30:48.511+0000] GC(858) User=2.24s Sys=0.08s Real=0.29s
[2025-08-01T02:30:48.511+0000] GC(859) Pause Full (Ergonomics)
[2025-08-01T02:30:48.511+0000] GC(859) Marking Phase
[2025-08-01T02:30:48.621+0000] GC(859) Marking Phase 109.422ms
[2025-08-01T02:30:48.621+0000] GC(859) Summary Phase
[2025-08-01T02:30:48.621+0000] GC(859) Summary Phase 0.093ms
[2025-08-01T02:30:48.621+0000] GC(859) Adjust Roots
[2025-08-01T02:30:48.623+0000] GC(859) Adjust Roots 1.861ms
[2025-08-01T02:30:48.623+0000] GC(859) Compaction Phase
[2025-08-01T02:30:48.845+0000] GC(859) Compaction Phase 222.542ms
[2025-08-01T02:30:48.845+0000] GC(859) Post Compact
[2025-08-01T02:30:48.859+0000] GC(859) Post Compact 13.791ms
[2025-08-01T02:30:48.859+0000] GC(859) PSYoungGen: 465920K->0K(931840K)
[2025-08-01T02:30:48.859+0000] GC(859) ParOldGen: 2248997K->1360600K(2796544K)
[2025-08-01T02:30:48.859+0000] GC(859) Metaspace: 9712K(12544K)->9712K(12544K) NonClass: 8546K(11008K)->8546K(11008K) Class: 1166K(1536K)->1166K(1536K)
[2025-08-01T02:30:48.859+0000] GC(859) Pause Full (Ergonomics) 2651M->1328M(3641M) 348.031ms
[2025-08-01T02:30:48.859+0000] GC(859) User=2.58s Sys=0.04s Real=0.35s
[2025-08-01T02:30:49.001+0000] GC(860) Pause Young (Allocation Failure)
[2025-08-01T02:30:49.078+0000] GC(860) PSYoungGen: 465920K->153312K(931840K)
[2025-08-01T02:30:49.078+0000] GC(860) ParOldGen: 1360600K->1360600K(2796544K)
[2025-08-01T02:30:49.078+0000] GC(860) Metaspace: 9712K(12544K)->9712K(12544K) NonClass: 8546K(11008K)->8546K(11008K) Class: 1166K(1536K)->1166K(1536K)
[2025-08-01T02:30:49.078+0000] GC(860) Pause Young (Allocation Failure) 1783M->1478M(3641M) 77.071ms
[2025-08-01T02:30:49.078+0000] GC(860) User=0.58s Sys=0.02s Real=0.08s
[2025-08-01T02:30:49.191+0000] GC(861) Pause Young (Allocation Failure)
[2025-08-01T02:30:49.350+0000] GC(861) PSYoungGen: 619232K->383072K(931840K)
[2025-08-01T02:30:49.350+0000] GC(861) ParOldGen: 1360600K->1395552K(2796544K)
[2025-08-01T02:30:49.350+0000] GC(861) Metaspace: 9712K(12544K)->9712K(12544K) NonClass: 8546K(11008K)->8546K(11008K) Class: 1166K(1536K)->1166K(1536K)
[2025-08-01T02:30:49.350+0000] GC(861) Pause Young (Allocation Failure) 1933M->1736M(3641M) 159.752ms
[2025-08-01T02:30:49.351+0000] GC(861) User=1.21s Sys=0.04s Real=0.16s
[2025-08-01T02:30:49.453+0000] GC(862) Pause Young (Allocation Failure)
[2025-08-01T02:30:49.650+0000] GC(862) PSYoungGen: 848992K->465920K(931840K)
[2025-08-01T02:30:49.650+0000] GC(862) ParOldGen: 1395552K->1790800K(2796544K)
[2025-08-01T02:30:49.650+0000] GC(862) Metaspace: 9712K(12544K)->9712K(12544K) NonClass: 8546K(11008K)->8546K(11008K) Class: 1166K(1536K)->1166K(1536K)
[2025-08-01T02:30:49.650+0000] GC(862) Pause Young (Allocation Failure) 2191M->2203M(3641M) 197.055ms
[2025-08-01T02:30:49.650+0000] GC(862) User=1.53s Sys=0.02s Real=0.20s
[2025-08-01T02:30:49.743+0000] GC(863) Pause Young (Allocation Failure)
[2025-08-01T02:30:49.970+0000] GC(863) PSYoungGen: 931840K->465920K(931840K)
[2025-08-01T02:30:49.971+0000] GC(863) ParOldGen: 1790800K->2268864K(2796544K)
[2025-08-01T02:30:49.971+0000] GC(863) Metaspace: 9712K(12544K)->9712K(12544K) NonClass: 8546K(11008K)->8546K(11008K) Class: 1166K(1536K)->1166K(1536K)
[2025-08-01T02:30:49.971+0000] GC(863) Pause Young (Allocation Failure) 2658M->2670M(3641M) 227.140ms
[2025-08-01T02:30:49.971+0000] GC(863) User=1.75s Sys=0.03s Real=0.22s
[2025-08-01T02:30:49.971+0000] GC(864) Pause Full (Ergonomics)
[2025-08-01T02:30:49.971+0000] GC(864) Marking Phase
[2025-08-01T02:30:50.043+0000] GC(864) Marking Phase 72.222ms
[2025-08-01T02:30:50.043+0000] GC(864) Summary Phase
[2025-08-01T02:30:50.043+0000] GC(864) Summary Phase 0.092ms
[2025-08-01T02:30:50.043+0000] GC(864) Adjust Roots
[2025-08-01T02:30:50.045+0000] GC(864) Adjust Roots 1.797ms
[2025-08-01T02:30:50.045+0000] GC(864) Compaction Phase
[2025-08-01T02:30:50.283+0000] GC(864) Compaction Phase 237.915ms
[2025-08-01T02:30:50.283+0000] GC(864) Post Compact
[2025-08-01T02:30:50.301+0000] GC(864) Post Compact 18.198ms
[2025-08-01T02:30:50.301+0000] GC(864) PSYoungGen: 465920K->0K(931840K)
[2025-08-01T02:30:50.301+0000] GC(864) ParOldGen: 2268864K->1369960K(2796544K)
[2025-08-01T02:30:50.301+0000] GC(864) Metaspace: 9712K(12544K)->9712K(12544K) NonClass: 8546K(11008K)->8546K(11008K) Class: 1166K(1536K)->1166K(1536K)
[2025-08-01T02:30:50.301+0000] GC(864) Pause Full (Ergonomics) 2670M->1337M(3641M) 330.666ms
[2025-08-01T02:30:50.301+0000] GC(864) User=2.44s Sys=0.02s Real=0.33s
[2025-08-01T02:30:50.394+0000] GC(865) Pause Young (Allocation Failure)
[2025-08-01T02:30:50.477+0000] GC(865) PSYoungGen: 465920K->270912K(931840K)
[2025-08-01T02:30:50.477+0000] GC(865) ParOldGen: 1369960K->1369960K(2796544K)
[2025-08-01T02:30:50.477+0000] GC(865) Metaspace: 9712K(12544K)->9712K(12544K) NonClass: 8546K(11008K)->8546K(11008K) Class: 1166K(1536K)->1166K(1536K)
[2025-08-01T02:30:50.477+0000] GC(865) Pause Young (Allocation Failure) 1792M->1602M(3641M) 83.067ms
[2025-08-01T02:30:50.477+0000] GC(865) User=0.61s Sys=0.03s Real=0.08s
[2025-08-01T02:30:50.564+0000] GC(866) Pause Young (Allocation Failure)
[2025-08-01T02:30:50.679+0000] GC(866) PSYoungGen: 736832K->377056K(931840K)
[2025-08-01T02:30:50.679+0000] GC(866) ParOldGen: 1369960K->1423016K(2796544K)
[2025-08-01T02:30:50.679+0000] GC(866) Metaspace: 9712K(12544K)->9712K(12544K) NonClass: 8546K(11008K)->8546K(11008K) Class: 1166K(1536K)->1166K(1536K)
[2025-08-01T02:30:50.679+0000] GC(866) Pause Young (Allocation Failure) 2057M->1757M(3641M) 115.045ms
[2025-08-01T02:30:50.679+0000] GC(866) User=0.87s Sys=0.03s Real=0.11s
[2025-08-01T02:30:50.767+0000] GC(867) Pause Young (Allocation Failure)
[2025-08-01T02:30:50.947+0000] GC(867) PSYoungGen: 842976K->465920K(931840K)
[2025-08-01T02:30:50.948+0000] GC(867) ParOldGen: 1423016K->1809664K(2796544K)
[2025-08-01T02:30:50.948+0000] GC(867) Metaspace: 9712K(12544K)->9712K(12544K) NonClass: 8546K(11008K)->8546K(11008K) Class: 1166K(1536K)->1166K(1536K)
[2025-08-01T02:30:50.948+0000] GC(867) Pause Young (Allocation Failure) 2212M->2222M(3641M) 180.203ms
[2025-08-01T02:30:50.948+0000] GC(867) User=1.37s Sys=0.02s Real=0.18s
[2025-08-01T02:30:51.034+0000] GC(868) Pause Young (Allocation Failure)
[2025-08-01T02:30:51.242+0000] GC(868) PSYoungGen: 931840K->465920K(931840K)
[2025-08-01T02:30:51.242+0000] GC(868) ParOldGen: 1809664K->2289224K(2796544K)
[2025-08-01T02:30:51.242+0000] GC(868) Metaspace: 9712K(12544K)->9712K(12544K) NonClass: 8546K(11008K)->8546K(11008K) Class: 1166K(1536K)->1166K(1536K)
[2025-08-01T02:30:51.242+0000] GC(868) Pause Young (Allocation Failure) 2677M->2690M(3641M) 208.670ms
[2025-08-01T02:30:51.242+0000] GC(868) User=1.61s Sys=0.05s Real=0.20s
[2025-08-01T02:30:51.242+0000] GC(869) Pause Full (Ergonomics)
[2025-08-01T02:30:51.242+0000] GC(869) Marking Phase
[2025-08-01T02:30:51.331+0000] GC(869) Marking Phase 88.094ms
[2025-08-01T02:30:51.331+0000] GC(869) Summary Phase
[2025-08-01T02:30:51.331+0000] GC(869) Summary Phase 0.205ms
[2025-08-01T02:30:51.331+0000] GC(869) Adjust Roots
[2025-08-01T02:30:51.333+0000] GC(869) Adjust Roots 1.831ms
[2025-08-01T02:30:51.333+0000] GC(869) Compaction Phase
[2025-08-01T02:30:51.571+0000] GC(869) Compaction Phase 238.105ms
[2025-08-01T02:30:51.571+0000] GC(869) Post Compact
[2025-08-01T02:30:51.589+0000] GC(869) Post Compact 17.920ms
[2025-08-01T02:30:51.589+0000] GC(869) PSYoungGen: 465920K->0K(931840K)
[2025-08-01T02:30:51.589+0000] GC(869) ParOldGen: 2289224K->1381446K(2796544K)
[2025-08-01T02:30:51.589+0000] GC(869) Metaspace: 9712K(12544K)->9712K(12544K) NonClass: 8546K(11008K)->8546K(11008K) Class: 1166K(1536K)->1166K(1536K)
[2025-08-01T02:30:51.589+0000] GC(869) Pause Full (Ergonomics) 2690M->1349M(3641M) 346.681ms
[2025-08-01T02:30:51.589+0000] GC(869) User=2.53s Sys=0.05s Real=0.35s
[2025-08-01T02:30:51.683+0000] GC(870) Pause Young (Allocation Failure)
[2025-08-01T02:30:51.794+0000] GC(870) PSYoungGen: 465920K->307456K(931840K)
[2025-08-01T02:30:51.794+0000] GC(870) ParOldGen: 1381446K->1381446K(2796544K)
[2025-08-01T02:30:51.794+0000] GC(870) Metaspace: 9712K(12544K)->9712K(12544K) NonClass: 8546K(11008K)->8546K(11008K) Class: 1166K(1536K)->1166K(1536K)
[2025-08-01T02:30:51.794+0000] GC(870) Pause Young (Allocation Failure) 1804M->1649M(3641M) 111.041ms
[2025-08-01T02:30:51.794+0000] GC(870) User=0.85s Sys=0.02s Real=0.12s
[2025-08-01T02:30:51.893+0000] GC(871) Pause Young (Allocation Failure)
[2025-08-01T02:30:52.005+0000] GC(871) PSYoungGen: 773376K->364832K(931840K)
[2025-08-01T02:30:52.005+0000] GC(871) ParOldGen: 1381446K->1455078K(2796544K)
[2025-08-01T02:30:52.005+0000] GC(871) Metaspace: 9712K(12544K)->9712K(12544K) NonClass: 8546K(11008K)->8546K(11008K) Class: 1166K(1536K)->1166K(1536K)
[2025-08-01T02:30:52.005+0000] GC(871) Pause Young (Allocation Failure) 2104M->1777M(3641M) 111.511ms
[2025-08-01T02:30:52.005+0000] GC(871) User=0.82s Sys=0.03s Real=0.11s
[2025-08-01T02:30:52.095+0000] GC(872) Pause Young (Allocation Failure)
[2025-08-01T02:30:52.282+0000] GC(872) PSYoungGen: 830752K->465920K(931840K)
[2025-08-01T02:30:52.282+0000] GC(872) ParOldGen: 1455078K->1829494K(2796544K)
[2025-08-01T02:30:52.282+0000] GC(872) Metaspace: 9712K(12544K)->9712K(12544K) NonClass: 8546K(11008K)->8546K(11008K) Class: 1166K(1536K)->1166K(1536K)
[2025-08-01T02:30:52.282+0000] GC(872) Pause Young (Allocation Failure) 2232M->2241M(3641M) 187.307ms
[2025-08-01T02:30:52.282+0000] GC(872) User=1.45s Sys=0.03s Real=0.18s
[2025-08-01T02:30:52.381+0000] GC(873) Pause Young (Allocation Failure)
[2025-08-01T02:30:52.605+0000] GC(873) PSYoungGen: 931840K->465920K(931840K)
[2025-08-01T02:30:52.605+0000] GC(873) ParOldGen: 1829494K->2310590K(2796544K)
[2025-08-01T02:30:52.605+0000] GC(873) Metaspace: 9712K(12544K)->9712K(12544K) NonClass: 8546K(11008K)->8546K(11008K) Class: 1166K(1536K)->1166K(1536K)
[2025-08-01T02:30:52.605+0000] GC(873) Pause Young (Allocation Failure) 2696M->2711M(3641M) 224.024ms
[2025-08-01T02:30:52.605+0000] GC(873) User=1.72s Sys=0.03s Real=0.23s
[2025-08-01T02:30:52.605+0000] GC(874) Pause Full (Ergonomics)
[2025-08-01T02:30:52.605+0000] GC(874) Marking Phase
[2025-08-01T02:30:52.673+0000] GC(874) Marking Phase 67.737ms
[2025-08-01T02:30:52.673+0000] GC(874) Summary Phase
[2025-08-01T02:30:52.673+0000] GC(874) Summary Phase 0.097ms
[2025-08-01T02:30:52.673+0000] GC(874) Adjust Roots
[2025-08-01T02:30:52.675+0000] GC(874) Adjust Roots 1.822ms
[2025-08-01T02:30:52.675+0000] GC(874) Compaction Phase
[2025-08-01T02:30:52.895+0000] GC(874) Compaction Phase 220.276ms
[2025-08-01T02:30:52.895+0000] GC(874) Post Compact
[2025-08-01T02:30:52.912+0000] GC(874) Post Compact 16.306ms
[2025-08-01T02:30:52.912+0000] GC(874) PSYoungGen: 465920K->0K(931840K)
[2025-08-01T02:30:52.912+0000] GC(874) ParOldGen: 2310590K->1390805K(2796544K)
[2025-08-01T02:30:52.912+0000] GC(874) Metaspace: 9712K(12544K)->9712K(12544K) NonClass: 8546K(11008K)->8546K(11008K) Class: 1166K(1536K)->1166K(1536K)
[2025-08-01T02:30:52.912+0000] GC(874) Pause Full (Ergonomics) 2711M->1358M(3641M) 306.605ms
[2025-08-01T02:30:52.912+0000] GC(874) User=2.28s Sys=0.00s Real=0.30s
[2025-08-01T02:30:53.005+0000] GC(875) Pause Young (Allocation Failure)
[2025-08-01T02:30:53.086+0000] GC(875) PSYoungGen: 465920K->318400K(931840K)
[2025-08-01T02:30:53.086+0000] GC(875) ParOldGen: 1390805K->1390805K(2796544K)
[2025-08-01T02:30:53.086+0000] GC(875) Metaspace: 9712K(12544K)->9712K(12544K) NonClass: 8546K(11008K)->8546K(11008K) Class: 1166K(1536K)->1166K(1536K)
[2025-08-01T02:30:53.086+0000] GC(875) Pause Young (Allocation Failure) 1813M->1669M(3641M) 81.435ms
[2025-08-01T02:30:53.086+0000] GC(875) User=0.55s Sys=0.02s Real=0.08s
[2025-08-01T02:30:53.175+0000] GC(876) Pause Young (Allocation Failure)
[2025-08-01T02:30:53.282+0000] GC(876) PSYoungGen: 784320K->369504K(931840K)
[2025-08-01T02:30:53.282+0000] GC(876) ParOldGen: 1390805K->1467837K(2796544K)
[2025-08-01T02:30:53.282+0000] GC(876) Metaspace: 9712K(12544K)->9712K(12544K) NonClass: 8546K(11008K)->8546K(11008K) Class: 1166K(1536K)->1166K(1536K)
[2025-08-01T02:30:53.282+0000] GC(876) Pause Young (Allocation Failure) 2124M->1794M(3641M) 106.890ms
[2025-08-01T02:30:53.282+0000] GC(876) User=0.83s Sys=0.02s Real=0.10s
[2025-08-01T02:30:53.367+0000] GC(877) Pause Young (Allocation Failure)
[2025-08-01T02:30:53.532+0000] GC(877) PSYoungGen: 835424K->465920K(931840K)
[2025-08-01T02:30:53.532+0000] GC(877) ParOldGen: 1467837K->1845541K(2796544K)
[2025-08-01T02:30:53.532+0000] GC(877) Metaspace: 9712K(12544K)->9712K(12544K) NonClass: 8546K(11008K)->8546K(11008K) Class: 1166K(1536K)->1166K(1536K)
[2025-08-01T02:30:53.532+0000] GC(877) Pause Young (Allocation Failure) 2249M->2257M(3641M) 164.413ms
[2025-08-01T02:30:53.532+0000] GC(877) User=1.29s Sys=0.01s Real=0.16s
[2025-08-01T02:30:53.620+0000] GC(878) Pause Young (Allocation Failure)
[2025-08-01T02:30:53.809+0000] GC(878) PSYoungGen: 931840K->465920K(931840K)
[2025-08-01T02:30:53.809+0000] GC(878) ParOldGen: 1845541K->2321437K(2796544K)
[2025-08-01T02:30:53.809+0000] GC(878) Metaspace: 9712K(12544K)->9712K(12544K) NonClass: 8546K(11008K)->8546K(11008K) Class: 1166K(1536K)->1166K(1536K)
[2025-08-01T02:30:53.809+0000] GC(878) Pause Young (Allocation Failure) 2712M->2722M(3641M) 189.413ms
[2025-08-01T02:30:53.809+0000] GC(878) User=1.48s Sys=0.02s Real=0.19s
[2025-08-01T02:30:53.809+0000] GC(879) Pause Full (Ergonomics)
[2025-08-01T02:30:53.809+0000] GC(879) Marking Phase
[2025-08-01T02:30:53.881+0000] GC(879) Marking Phase 71.535ms
[2025-08-01T02:30:53.881+0000] GC(879) Summary Phase
[2025-08-01T02:30:53.881+0000] GC(879) Summary Phase 0.159ms
[2025-08-01T02:30:53.881+0000] GC(879) Adjust Roots
[2025-08-01T02:30:53.883+0000] GC(879) Adjust Roots 1.695ms
[2025-08-01T02:30:53.883+0000] GC(879) Compaction Phase
[2025-08-01T02:30:54.096+0000] GC(879) Compaction Phase 213.674ms
[2025-08-01T02:30:54.096+0000] GC(879) Post Compact
[2025-08-01T02:30:54.115+0000] GC(879) Post Compact 18.577ms
[2025-08-01T02:30:54.115+0000] GC(879) PSYoungGen: 465920K->0K(931840K)
[2025-08-01T02:30:54.115+0000] GC(879) ParOldGen: 2321437K->1395602K(2796544K)
[2025-08-01T02:30:54.115+0000] GC(879) Metaspace: 9712K(12544K)->9712K(12544K) NonClass: 8546K(11008K)->8546K(11008K) Class: 1166K(1536K)->1166K(1536K)
[2025-08-01T02:30:54.115+0000] GC(879) Pause Full (Ergonomics) 2722M->1362M(3641M) 305.991ms
[2025-08-01T02:30:54.115+0000] GC(879) User=2.25s Sys=0.01s Real=0.31s
[2025-08-01T02:30:54.207+0000] GC(880) Pause Young (Allocation Failure)
[2025-08-01T02:30:54.329+0000] GC(880) PSYoungGen: 465920K->353120K(931840K)
[2025-08-01T02:30:54.329+0000] GC(880) ParOldGen: 1395602K->1395602K(2796544K)
[2025-08-01T02:30:54.329+0000] GC(880) Metaspace: 9712K(12544K)->9712K(12544K) NonClass: 8546K(11008K)->8546K(11008K) Class: 1166K(1536K)->1166K(1536K)
[2025-08-01T02:30:54.330+0000] GC(880) Pause Young (Allocation Failure) 1817M->1707M(3641M) 122.742ms
[2025-08-01T02:30:54.330+0000] GC(880) User=0.92s Sys=0.03s Real=0.12s
[2025-08-01T02:30:54.429+0000] GC(881) Pause Young (Allocation Failure)
[2025-08-01T02:30:54.568+0000] GC(881) PSYoungGen: 819040K->336672K(931840K)
[2025-08-01T02:30:54.568+0000] GC(881) ParOldGen: 1395602K->1512706K(2796544K)
[2025-08-01T02:30:54.568+0000] GC(881) Metaspace: 9712K(12544K)->9712K(12544K) NonClass: 8546K(11008K)->8546K(11008K) Class: 1166K(1536K)->1166K(1536K)
[2025-08-01T02:30:54.568+0000] GC(881) Pause Young (Allocation Failure) 2162M->1806M(3641M) 138.911ms
[2025-08-01T02:30:54.568+0000] GC(881) User=1.03s Sys=0.06s Real=0.14s
[2025-08-01T02:30:54.654+0000] GC(882) Pause Young (Allocation Failure)
[2025-08-01T02:30:54.835+0000] GC(882) PSYoungGen: 802592K->465920K(931840K)
[2025-08-01T02:30:54.836+0000] GC(882) ParOldGen: 1512706K->1859242K(2796544K)
[2025-08-01T02:30:54.836+0000] GC(882) Metaspace: 9712K(12544K)->9712K(12544K) NonClass: 8546K(11008K)->8546K(11008K) Class: 1166K(1536K)->1166K(1536K)
[2025-08-01T02:30:54.836+0000] GC(882) Pause Young (Allocation Failure) 2261M->2270M(3641M) 181.863ms
[2025-08-01T02:30:54.836+0000] GC(882) User=1.42s Sys=0.02s Real=0.18s
[2025-08-01T02:30:54.924+0000] GC(883) Pause Young (Allocation Failure)
[2025-08-01T02:30:55.174+0000] GC(883) PSYoungGen: 931840K->465920K(931840K)
[2025-08-01T02:30:55.174+0000] GC(883) ParOldGen: 1859242K->2339314K(2796544K)
[2025-08-01T02:30:55.174+0000] GC(883) Metaspace: 9712K(12544K)->9712K(12544K) NonClass: 8546K(11008K)->8546K(11008K) Class: 1166K(1536K)->1166K(1536K)
[2025-08-01T02:30:55.174+0000] GC(883) Pause Young (Allocation Failure) 2725M->2739M(3641M) 249.889ms
[2025-08-01T02:30:55.174+0000] GC(883) User=1.87s Sys=0.08s Real=0.25s
[2025-08-01T02:30:55.174+0000] GC(884) Pause Full (Ergonomics)
[2025-08-01T02:30:55.174+0000] GC(884) Marking Phase
[2025-08-01T02:30:55.251+0000] GC(884) Marking Phase 76.908ms
[2025-08-01T02:30:55.251+0000] GC(884) Summary Phase
[2025-08-01T02:30:55.251+0000] GC(884) Summary Phase 0.094ms
[2025-08-01T02:30:55.251+0000] GC(884) Adjust Roots
[2025-08-01T02:30:55.253+0000] GC(884) Adjust Roots 1.810ms
[2025-08-01T02:30:55.253+0000] GC(884) Compaction Phase
[2025-08-01T02:30:55.490+0000] GC(884) Compaction Phase 236.581ms
[2025-08-01T02:30:55.490+0000] GC(884) Post Compact
[2025-08-01T02:30:55.508+0000] GC(884) Post Compact 18.091ms
[2025-08-01T02:30:55.508+0000] GC(884) PSYoungGen: 465920K->0K(931840K)
[2025-08-01T02:30:55.508+0000] GC(884) ParOldGen: 2339314K->1405016K(2796544K)
[2025-08-01T02:30:55.508+0000] GC(884) Metaspace: 9712K(12544K)->9712K(12544K) NonClass: 8546K(11008K)->8546K(11008K) Class: 1166K(1536K)->1166K(1536K)
[2025-08-01T02:30:55.508+0000] GC(884) Pause Full (Ergonomics) 2739M->1372M(3641M) 333.882ms
[2025-08-01T02:30:55.508+0000] GC(884) User=2.44s Sys=0.03s Real=0.33s
[2025-08-01T02:30:55.605+0000] GC(885) Pause Young (Allocation Failure)
[2025-08-01T02:30:55.671+0000] GC(885) PSYoungGen: 465920K->332288K(931840K)
[2025-08-01T02:30:55.671+0000] GC(885) ParOldGen: 1405016K->1405016K(2796544K)
[2025-08-01T02:30:55.671+0000] GC(885) Metaspace: 9712K(12544K)->9712K(12544K) NonClass: 8546K(11008K)->8546K(11008K) Class: 1166K(1536K)->1166K(1536K)
[2025-08-01T02:30:55.671+0000] GC(885) Pause Young (Allocation Failure) 1827M->1696M(3641M) 65.631ms
[2025-08-01T02:30:55.671+0000] GC(885) User=0.49s Sys=0.00s Real=0.06s
[2025-08-01T02:30:55.763+0000] GC(886) Pause Young (Allocation Failure)
[2025-08-01T02:30:55.882+0000] GC(886) PSYoungGen: 798208K->360128K(931840K)
[2025-08-01T02:30:55.882+0000] GC(886) ParOldGen: 1405016K->1505816K(2796544K)
[2025-08-01T02:30:55.882+0000] GC(886) Metaspace: 9712K(12544K)->9712K(12544K) NonClass: 8546K(11008K)->8546K(11008K) Class: 1166K(1536K)->1166K(1536K)
[2025-08-01T02:30:55.882+0000] GC(886) Pause Young (Allocation Failure) 2151M->1822M(3641M) 119.332ms
[2025-08-01T02:30:55.882+0000] GC(886) User=0.91s Sys=0.03s Real=0.12s
[2025-08-01T02:30:55.967+0000] GC(887) Pause Young (Allocation Failure)
[2025-08-01T02:30:56.155+0000] GC(887) PSYoungGen: 826048K->465920K(931840K)
[2025-08-01T02:30:56.155+0000] GC(887) ParOldGen: 1505816K->1874928K(2796544K)
[2025-08-01T02:30:56.155+0000] GC(887) Metaspace: 9712K(12544K)->9712K(12544K) NonClass: 8546K(11008K)->8546K(11008K) Class: 1166K(1536K)->1166K(1536K)
[2025-08-01T02:30:56.155+0000] GC(887) Pause Young (Allocation Failure) 2277M->2285M(3641M) 187.585ms
[2025-08-01T02:30:56.155+0000] GC(887) User=1.44s Sys=0.04s Real=0.19s
[2025-08-01T02:30:56.241+0000] GC(888) Pause Young (Allocation Failure)
[2025-08-01T02:30:56.430+0000] GC(888) PSYoungGen: 931840K->465920K(931840K)
[2025-08-01T02:30:56.430+0000] GC(888) ParOldGen: 1874928K->2353224K(2796544K)
[2025-08-01T02:30:56.430+0000] GC(888) Metaspace: 9712K(12544K)->9712K(12544K) NonClass: 8546K(11008K)->8546K(11008K) Class: 1166K(1536K)->1166K(1536K)
[2025-08-01T02:30:56.430+0000] GC(888) Pause Young (Allocation Failure) 2740M->2753M(3641M) 188.704ms
[2025-08-01T02:30:56.430+0000] GC(888) User=1.47s Sys=0.03s Real=0.19s
[2025-08-01T02:30:56.430+0000] GC(889) Pause Full (Ergonomics)
[2025-08-01T02:30:56.430+0000] GC(889) Marking Phase
[2025-08-01T02:30:56.510+0000] GC(889) Marking Phase 79.534ms
[2025-08-01T02:30:56.510+0000] GC(889) Summary Phase
[2025-08-01T02:30:56.510+0000] GC(889) Summary Phase 0.099ms
[2025-08-01T02:30:56.510+0000] GC(889) Adjust Roots
[2025-08-01T02:30:56.512+0000] GC(889) Adjust Roots 1.850ms
[2025-08-01T02:30:56.512+0000] GC(889) Compaction Phase
[2025-08-01T02:30:56.745+0000] GC(889) Compaction Phase 233.767ms
[2025-08-01T02:30:56.745+0000] GC(889) Post Compact
[2025-08-01T02:30:56.763+0000] GC(889) Post Compact 17.587ms
[2025-08-01T02:30:56.763+0000] GC(889) PSYoungGen: 465920K->0K(931840K)
[2025-08-01T02:30:56.763+0000] GC(889) ParOldGen: 2353224K->1412463K(2796544K)
[2025-08-01T02:30:56.763+0000] GC(889) Metaspace: 9712K(12544K)->9712K(12544K) NonClass: 8546K(11008K)->8546K(11008K) Class: 1166K(1536K)->1166K(1536K)
[2025-08-01T02:30:56.763+0000] GC(889) Pause Full (Ergonomics) 2753M->1379M(3641M) 333.206ms
[2025-08-01T02:30:56.763+0000] GC(889) User=2.44s Sys=0.03s Real=0.33s
[2025-08-01T02:30:56.850+0000] GC(890) Pause Young (Allocation Failure)
[2025-08-01T02:30:56.914+0000] GC(890) PSYoungGen: 465920K->325344K(931840K)
[2025-08-01T02:30:56.914+0000] GC(890) ParOldGen: 1412463K->1412463K(2796544K)
[2025-08-01T02:30:56.914+0000] GC(890) Metaspace: 9712K(12544K)->9712K(12544K) NonClass: 8546K(11008K)->8546K(11008K) Class: 1166K(1536K)->1166K(1536K)
[2025-08-01T02:30:56.914+0000] GC(890) Pause Young (Allocation Failure) 1834M->1697M(3641M) 64.104ms
[2025-08-01T02:30:56.915+0000] GC(890) User=0.49s Sys=0.01s Real=0.07s
[2025-08-01T02:30:57.009+0000] GC(891) Pause Young (Allocation Failure)
[2025-08-01T02:30:57.175+0000] GC(891) PSYoungGen: 791264K->368704K(931840K)
[2025-08-01T02:30:57.175+0000] GC(891) ParOldGen: 1412463K->1512135K(2796544K)
[2025-08-01T02:30:57.176+0000] GC(891) Metaspace: 9712K(12544K)->9712K(12544K) NonClass: 8546K(11008K)->8546K(11008K) Class: 1166K(1536K)->1166K(1536K)
[2025-08-01T02:30:57.176+0000] GC(891) Pause Young (Allocation Failure) 2152M->1836M(3641M) 166.218ms
[2025-08-01T02:30:57.176+0000] GC(891) User=1.27s Sys=0.05s Real=0.17s
[2025-08-01T02:30:57.261+0000] GC(892) Pause Young (Allocation Failure)
[2025-08-01T02:30:57.528+0000] GC(892) PSYoungGen: 834624K->465920K(931840K)
[2025-08-01T02:30:57.528+0000] GC(892) ParOldGen: 1512135K->1890087K(2796544K)
[2025-08-01T02:30:57.528+0000] GC(892) Metaspace: 9712K(12544K)->9712K(12544K) NonClass: 8546K(11008K)->8546K(11008K) Class: 1166K(1536K)->1166K(1536K)
[2025-08-01T02:30:57.529+0000] GC(892) Pause Young (Allocation Failure) 2291M->2300M(3641M) 267.161ms
[2025-08-01T02:30:57.529+0000] GC(892) User=2.03s Sys=0.07s Real=0.27s
[2025-08-01T02:30:57.616+0000] GC(893) Pause Young (Allocation Failure)
[2025-08-01T02:30:57.875+0000] GC(893) PSYoungGen: 931840K->465920K(931840K)
[2025-08-01T02:30:57.875+0000] GC(893) ParOldGen: 1890087K->2369223K(2796544K)
[2025-08-01T02:30:57.875+0000] GC(893) Metaspace: 9712K(12544K)->9712K(12544K) NonClass: 8546K(11008K)->8546K(11008K) Class: 1166K(1536K)->1166K(1536K)
[2025-08-01T02:30:57.875+0000] GC(893) Pause Young (Allocation Failure) 2755M->2768M(3641M) 258.679ms
[2025-08-01T02:30:57.875+0000] GC(893) User=1.99s Sys=0.05s Real=0.26s
[2025-08-01T02:30:57.875+0000] GC(894) Pause Full (Ergonomics)
[2025-08-01T02:30:57.875+0000] GC(894) Marking Phase
[2025-08-01T02:30:57.943+0000] GC(894) Marking Phase 68.204ms
[2025-08-01T02:30:57.943+0000] GC(894) Summary Phase
[2025-08-01T02:30:57.944+0000] GC(894) Summary Phase 0.101ms
[2025-08-01T02:30:57.944+0000] GC(894) Adjust Roots
[2025-08-01T02:30:57.945+0000] GC(894) Adjust Roots 1.823ms
[2025-08-01T02:30:57.945+0000] GC(894) Compaction Phase
[2025-08-01T02:30:58.165+0000] GC(894) Compaction Phase 219.536ms
[2025-08-01T02:30:58.165+0000] GC(894) Post Compact
[2025-08-01T02:30:58.183+0000] GC(894) Post Compact 18.403ms
[2025-08-01T02:30:58.183+0000] GC(894) PSYoungGen: 465920K->0K(931840K)
[2025-08-01T02:30:58.184+0000] GC(894) ParOldGen: 2369223K->1419090K(2796544K)
[2025-08-01T02:30:58.184+0000] GC(894) Metaspace: 9712K(12544K)->9712K(12544K) NonClass: 8546K(11008K)->8546K(11008K) Class: 1166K(1536K)->1166K(1536K)
[2025-08-01T02:30:58.184+0000] GC(894) Pause Full (Ergonomics) 2768M->1385M(3641M) 308.438ms
[2025-08-01T02:30:58.184+0000] GC(894) User=2.27s Sys=0.01s Real=0.31s
[2025-08-01T02:30:58.274+0000] GC(895) Pause Young (Allocation Failure)
[2025-08-01T02:30:58.370+0000] GC(895) PSYoungGen: 465920K->361632K(931840K)
[2025-08-01T02:30:58.370+0000] GC(895) ParOldGen: 1419090K->1419090K(2796544K)
[2025-08-01T02:30:58.370+0000] GC(895) Metaspace: 9712K(12544K)->9712K(12544K) NonClass: 8546K(11008K)->8546K(11008K) Class: 1166K(1536K)->1166K(1536K)
[2025-08-01T02:30:58.370+0000] GC(895) Pause Young (Allocation Failure) 1840M->1738M(3641M) 96.102ms
[2025-08-01T02:30:58.370+0000] GC(895) User=0.73s Sys=0.02s Real=0.09s
[2025-08-01T02:30:58.457+0000] GC(896) Pause Young (Allocation Failure)
[2025-08-01T02:30:58.627+0000] GC(896) PSYoungGen: 827552K->348064K(931840K)
[2025-08-01T02:30:58.627+0000] GC(896) ParOldGen: 1419090K->1548762K(2796544K)
[2025-08-01T02:30:58.627+0000] GC(896) Metaspace: 9712K(12544K)->9712K(12544K) NonClass: 8546K(11008K)->8546K(11008K) Class: 1166K(1536K)->1166K(1536K)
[2025-08-01T02:30:58.627+0000] GC(896) Pause Young (Allocation Failure) 2193M->1852M(3641M) 170.350ms
[2025-08-01T02:30:58.627+0000] GC(896) User=1.30s Sys=0.04s Real=0.17s
[2025-08-01T02:30:58.715+0000] GC(897) Pause Young (Allocation Failure)
[2025-08-01T02:30:58.863+0000] GC(897) PSYoungGen: 813984K->465920K(931840K)
[2025-08-01T02:30:58.863+0000] GC(897) ParOldGen: 1548762K->1906522K(2796544K)
[2025-08-01T02:30:58.863+0000] GC(897) Metaspace: 9712K(12544K)->9712K(12544K) NonClass: 8546K(11008K)->8546K(11008K) Class: 1166K(1536K)->1166K(1536K)
[2025-08-01T02:30:58.863+0000] GC(897) Pause Young (Allocation Failure) 2307M->2316M(3641M) 148.542ms
[2025-08-01T02:30:58.863+0000] GC(897) User=1.17s Sys=0.00s Real=0.15s
[2025-08-01T02:30:58.948+0000] GC(898) Pause Young (Allocation Failure)
[2025-08-01T02:30:59.148+0000] GC(898) PSYoungGen: 931840K->465920K(931840K)
[2025-08-01T02:30:59.148+0000] GC(898) ParOldGen: 1906522K->2384722K(2796544K)
[2025-08-01T02:30:59.148+0000] GC(898) Metaspace: 9712K(12544K)->9712K(12544K) NonClass: 8546K(11008K)->8546K(11008K) Class: 1166K(1536K)->1166K(1536K)
[2025-08-01T02:30:59.148+0000] GC(898) Pause Young (Allocation Failure) 2771M->2783M(3641M) 200.095ms
[2025-08-01T02:30:59.148+0000] GC(898) User=1.54s Sys=0.04s Real=0.20s
[2025-08-01T02:30:59.148+0000] GC(899) Pause Full (Ergonomics)
[2025-08-01T02:30:59.148+0000] GC(899) Marking Phase
[2025-08-01T02:30:59.226+0000] GC(899) Marking Phase 77.288ms
[2025-08-01T02:30:59.226+0000] GC(899) Summary Phase
[2025-08-01T02:30:59.226+0000] GC(899) Summary Phase 0.094ms
[2025-08-01T02:30:59.226+0000] GC(899) Adjust Roots
[2025-08-01T02:30:59.228+0000] GC(899) Adjust Roots 1.706ms
[2025-08-01T02:30:59.228+0000] GC(899) Compaction Phase
[2025-08-01T02:30:59.469+0000] GC(899) Compaction Phase 241.443ms
[2025-08-01T02:30:59.469+0000] GC(899) Post Compact
[2025-08-01T02:30:59.489+0000] GC(899) Post Compact 20.109ms
[2025-08-01T02:30:59.489+0000] GC(899) PSYoungGen: 465920K->0K(931840K)
[2025-08-01T02:30:59.489+0000] GC(899) ParOldGen: 2384722K->1429039K(2796544K)
[2025-08-01T02:30:59.490+0000] GC(899) Metaspace: 9712K(12544K)->9712K(12544K) NonClass: 8546K(11008K)->8546K(11008K) Class: 1166K(1536K)->1166K(1536K)
[2025-08-01T02:30:59.490+0000] GC(899) Pause Full (Ergonomics) 2783M->1395M(3641M) 341.109ms
[2025-08-01T02:30:59.490+0000] GC(899) User=2.46s Sys=0.06s Real=0.34s
[2025-08-01T02:30:59.579+0000] GC(900) Pause Young (Allocation Failure)
[2025-08-01T02:30:59.720+0000] GC(900) PSYoungGen: 465920K->353664K(931840K)
[2025-08-01T02:30:59.720+0000] GC(900) ParOldGen: 1429039K->1429039K(2796544K)
[2025-08-01T02:30:59.720+0000] GC(900) Metaspace: 9712K(12544K)->9712K(12544K) NonClass: 8546K(11008K)->8546K(11008K) Class: 1166K(1536K)->1166K(1536K)
[2025-08-01T02:30:59.720+0000] GC(900) Pause Young (Allocation Failure) 1850M->1740M(3641M) 141.017ms
[2025-08-01T02:30:59.720+0000] GC(900) User=1.07s Sys=0.03s Real=0.14s
[2025-08-01T02:30:59.803+0000] GC(901) Pause Young (Allocation Failure)
[2025-08-01T02:30:59.899+0000] GC(901) PSYoungGen: 819584K->357312K(931840K)
[2025-08-01T02:30:59.899+0000] GC(901) ParOldGen: 1429039K->1558167K(2796544K)
[2025-08-01T02:30:59.899+0000] GC(901) Metaspace: 9712K(12544K)->9712K(12544K) NonClass: 8546K(11008K)->8546K(11008K) Class: 1166K(1536K)->1166K(1536K)
[2025-08-01T02:30:59.899+0000] GC(901) Pause Young (Allocation Failure) 2195M->1870M(3641M) 95.302ms
[2025-08-01T02:30:59.899+0000] GC(901) User=0.75s Sys=0.01s Real=0.09s
[2025-08-01T02:30:59.981+0000] GC(902) Pause Young (Allocation Failure)
[2025-08-01T02:31:00.137+0000] GC(902) PSYoungGen: 823232K->465920K(931840K)
[2025-08-01T02:31:00.137+0000] GC(902) ParOldGen: 1558167K->1925655K(2796544K)
[2025-08-01T02:31:00.137+0000] GC(902) Metaspace: 9712K(12544K)->9712K(12544K) NonClass: 8546K(11008K)->8546K(11008K) Class: 1166K(1536K)->1166K(1536K)
[2025-08-01T02:31:00.137+0000] GC(902) Pause Young (Allocation Failure) 2325M->2335M(3641M) 155.913ms
[2025-08-01T02:31:00.137+0000] GC(902) User=1.22s Sys=0.02s Real=0.16s
[2025-08-01T02:31:00.219+0000] GC(903) Pause Young (Allocation Failure)
[2025-08-01T02:31:00.393+0000] GC(903) PSYoungGen: 931840K->465920K(931840K)
[2025-08-01T02:31:00.393+0000] GC(903) ParOldGen: 1925655K->2401775K(2796544K)
[2025-08-01T02:31:00.393+0000] GC(903) Metaspace: 9712K(12544K)->9712K(12544K) NonClass: 8546K(11008K)->8546K(11008K) Class: 1166K(1536K)->1166K(1536K)
[2025-08-01T02:31:00.393+0000] GC(903) Pause Young (Allocation Failure) 2790M->2800M(3641M) 174.349ms
[2025-08-01T02:31:00.393+0000] GC(903) User=1.34s Sys=0.01s Real=0.18s
[2025-08-01T02:31:00.393+0000] GC(904) Pause Full (Ergonomics)
[2025-08-01T02:31:00.393+0000] GC(904) Marking Phase
[2025-08-01T02:31:00.468+0000] GC(904) Marking Phase 74.509ms
[2025-08-01T02:31:00.468+0000] GC(904) Summary Phase
[2025-08-01T02:31:00.468+0000] GC(904) Summary Phase 0.094ms
[2025-08-01T02:31:00.468+0000] GC(904) Adjust Roots
[2025-08-01T02:31:00.470+0000] GC(904) Adjust Roots 1.794ms
[2025-08-01T02:31:00.470+0000] GC(904) Compaction Phase
[2025-08-01T02:31:00.696+0000] GC(904) Compaction Phase 226.331ms
[2025-08-01T02:31:00.696+0000] GC(904) Post Compact
[2025-08-01T02:31:00.714+0000] GC(904) Post Compact 17.709ms
[2025-08-01T02:31:00.714+0000] GC(904) PSYoungGen: 465920K->0K(931840K)
[2025-08-01T02:31:00.714+0000] GC(904) ParOldGen: 2401775K->1437760K(2796544K)
[2025-08-01T02:31:00.714+0000] GC(904) Metaspace: 9712K(12544K)->9712K(12544K) NonClass: 8546K(11008K)->8546K(11008K) Class: 1166K(1536K)->1166K(1536K)
[2025-08-01T02:31:00.714+0000] GC(904) Pause Full (Ergonomics) 2800M->1404M(3641M) 320.853ms
[2025-08-01T02:31:00.714+0000] GC(904) User=2.38s Sys=0.01s Real=0.32s
[2025-08-01T02:31:00.801+0000] GC(905) Pause Young (Allocation Failure)
[2025-08-01T02:31:00.874+0000] GC(905) PSYoungGen: 465920K->352672K(931840K)
[2025-08-01T02:31:00.875+0000] GC(905) ParOldGen: 1437760K->1437760K(2796544K)
[2025-08-01T02:31:00.875+0000] GC(905) Metaspace: 9712K(12544K)->9712K(12544K) NonClass: 8546K(11008K)->8546K(11008K) Class: 1166K(1536K)->1166K(1536K)
[2025-08-01T02:31:00.875+0000] GC(905) Pause Young (Allocation Failure) 1859M->1748M(3641M) 73.440ms
[2025-08-01T02:31:00.875+0000] GC(905) User=0.56s Sys=0.01s Real=0.08s
[2025-08-01T02:31:00.964+0000] GC(906) Pause Young (Allocation Failure)
[2025-08-01T02:31:01.087+0000] GC(906) PSYoungGen: 818592K->380352K(931840K)
[2025-08-01T02:31:01.087+0000] GC(906) ParOldGen: 1437760K->1552640K(2796544K)
[2025-08-01T02:31:01.087+0000] GC(906) Metaspace: 9712K(12544K)->9712K(12544K) NonClass: 8546K(11008K)->8546K(11008K) Class: 1166K(1536K)->1166K(1536K)
[2025-08-01T02:31:01.087+0000] GC(906) Pause Young (Allocation Failure) 2203M->1887M(3641M) 123.493ms
[2025-08-01T02:31:01.087+0000] GC(906) User=0.93s Sys=0.02s Real=0.12s
[2025-08-01T02:31:01.224+0000] GC(907) Pause Young (Allocation Failure)
[2025-08-01T02:31:01.381+0000] GC(907) PSYoungGen: 846272K->465920K(931840K)
[2025-08-01T02:31:01.381+0000] GC(907) ParOldGen: 1552640K->1942208K(2796544K)
[2025-08-01T02:31:01.381+0000] GC(907) Metaspace: 9712K(12544K)->9712K(12544K) NonClass: 8546K(11008K)->8546K(11008K) Class: 1166K(1536K)->1166K(1536K)
[2025-08-01T02:31:01.381+0000] GC(907) Pause Young (Allocation Failure) 2342M->2351M(3641M) 157.148ms
[2025-08-01T02:31:01.381+0000] GC(907) User=1.20s Sys=0.02s Real=0.15s
[2025-08-01T02:31:01.470+0000] GC(908) Pause Young (Allocation Failure)
[2025-08-01T02:31:01.673+0000] GC(908) PSYoungGen: 931840K->465920K(931840K)
[2025-08-01T02:31:01.673+0000] GC(908) ParOldGen: 1942208K->2420968K(2796544K)
[2025-08-01T02:31:01.673+0000] GC(908) Metaspace: 9712K(12544K)->9712K(12544K) NonClass: 8546K(11008K)->8546K(11008K) Class: 1166K(1536K)->1166K(1536K)
[2025-08-01T02:31:01.673+0000] GC(908) Pause Young (Allocation Failure) 2806M->2819M(3641M) 202.930ms
[2025-08-01T02:31:01.673+0000] GC(908) User=1.56s Sys=0.04s Real=0.21s
[2025-08-01T02:31:01.673+0000] GC(909) Pause Full (Ergonomics)
[2025-08-01T02:31:01.673+0000] GC(909) Marking Phase
[2025-08-01T02:31:01.751+0000] GC(909) Marking Phase 77.840ms
[2025-08-01T02:31:01.751+0000] GC(909) Summary Phase
[2025-08-01T02:31:01.751+0000] GC(909) Summary Phase 0.077ms
[2025-08-01T02:31:01.751+0000] GC(909) Adjust Roots
[2025-08-01T02:31:01.752+0000] GC(909) Adjust Roots 1.276ms
[2025-08-01T02:31:01.752+0000] GC(909) Compaction Phase
[2025-08-01T02:31:01.970+0000] GC(909) Compaction Phase 217.482ms
[2025-08-01T02:31:01.970+0000] GC(909) Post Compact
[2025-08-01T02:31:01.988+0000] GC(909) Post Compact 18.185ms
[2025-08-01T02:31:01.988+0000] GC(909) PSYoungGen: 465920K->0K(931840K)
[2025-08-01T02:31:01.988+0000] GC(909) ParOldGen: 2420968K->1445020K(2796544K)
[2025-08-01T02:31:01.988+0000] GC(909) Metaspace: 9712K(12544K)->9712K(12544K) NonClass: 8546K(11008K)->8546K(11008K) Class: 1166K(1536K)->1166K(1536K)
[2025-08-01T02:31:01.988+0000] GC(909) Pause Full (Ergonomics) 2819M->1411M(3641M) 315.196ms
[2025-08-01T02:31:01.988+0000] GC(909) User=2.34s Sys=0.00s Real=0.31s
[2025-08-01T02:31:02.078+0000] GC(910) Pause Young (Allocation Failure)
[2025-08-01T02:31:02.208+0000] GC(910) PSYoungGen: 465920K->355776K(931840K)
[2025-08-01T02:31:02.208+0000] GC(910) ParOldGen: 1445020K->1445020K(2796544K)
[2025-08-01T02:31:02.208+0000] GC(910) Metaspace: 9712K(12544K)->9712K(12544K) NonClass: 8546K(11008K)->8546K(11008K) Class: 1166K(1536K)->1166K(1536K)
[2025-08-01T02:31:02.208+0000] GC(910) Pause Young (Allocation Failure) 1866M->1758M(3641M) 130.568ms
[2025-08-01T02:31:02.208+0000] GC(910) User=0.98s Sys=0.03s Real=0.13s
[2025-08-01T02:31:02.308+0000] GC(911) Pause Young (Allocation Failure)
[2025-08-01T02:31:02.462+0000] GC(911) PSYoungGen: 821696K->384384K(931840K)
[2025-08-01T02:31:02.462+0000] GC(911) ParOldGen: 1445020K->1565612K(2796544K)
[2025-08-01T02:31:02.462+0000] GC(911) Metaspace: 9712K(12544K)->9712K(12544K) NonClass: 8546K(11008K)->8546K(11008K) Class: 1166K(1536K)->1166K(1536K)
[2025-08-01T02:31:02.462+0000] GC(911) Pause Young (Allocation Failure) 2213M->1904M(3641M) 154.414ms
[2025-08-01T02:31:02.462+0000] GC(911) User=1.10s Sys=0.05s Real=0.15s
[2025-08-01T02:31:02.551+0000] GC(912) Pause Young (Allocation Failure)
[2025-08-01T02:31:02.761+0000] GC(912) PSYoungGen: 850304K->465920K(931840K)
[2025-08-01T02:31:02.761+0000] GC(912) ParOldGen: 1565612K->1958436K(2796544K)
[2025-08-01T02:31:02.761+0000] GC(912) Metaspace: 9712K(12544K)->9712K(12544K) NonClass: 8546K(11008K)->8546K(11008K) Class: 1166K(1536K)->1166K(1536K)
[2025-08-01T02:31:02.761+0000] GC(912) Pause Young (Allocation Failure) 2359M->2367M(3641M) 209.351ms
[2025-08-01T02:31:02.761+0000] GC(912) User=1.62s Sys=0.03s Real=0.21s
[2025-08-01T02:31:02.843+0000] GC(913) Pause Young (Allocation Failure)
[2025-08-01T02:31:03.010+0000] GC(913) PSYoungGen: 931840K->465920K(931840K)
[2025-08-01T02:31:03.010+0000] GC(913) ParOldGen: 1958436K->2434300K(2796544K)
[2025-08-01T02:31:03.010+0000] GC(913) Metaspace: 9712K(12544K)->9712K(12544K) NonClass: 8546K(11008K)->8546K(11008K) Class: 1166K(1536K)->1166K(1536K)
[2025-08-01T02:31:03.010+0000] GC(913) Pause Young (Allocation Failure) 2822M->2832M(3641M) 167.616ms
[2025-08-01T02:31:03.010+0000] GC(913) User=1.32s Sys=0.00s Real=0.17s
[2025-08-01T02:31:03.010+0000] GC(914) Pause Full (Ergonomics)
[2025-08-01T02:31:03.010+0000] GC(914) Marking Phase
[2025-08-01T02:31:03.089+0000] GC(914) Marking Phase 78.647ms
[2025-08-01T02:31:03.089+0000] GC(914) Summary Phase
[2025-08-01T02:31:03.089+0000] GC(914) Summary Phase 0.097ms
[2025-08-01T02:31:03.089+0000] GC(914) Adjust Roots
[2025-08-01T02:31:03.091+0000] GC(914) Adjust Roots 1.681ms
[2025-08-01T02:31:03.091+0000] GC(914) Compaction Phase
[2025-08-01T02:31:03.343+0000] GC(914) Compaction Phase 252.360ms
[2025-08-01T02:31:03.343+0000] GC(914) Post Compact
[2025-08-01T02:31:03.361+0000] GC(914) Post Compact 17.918ms
[2025-08-01T02:31:03.361+0000] GC(914) PSYoungGen: 465920K->0K(931840K)
[2025-08-01T02:31:03.361+0000] GC(914) ParOldGen: 2434300K->1452139K(2796544K)
[2025-08-01T02:31:03.361+0000] GC(914) Metaspace: 9712K(12544K)->9712K(12544K) NonClass: 8546K(11008K)->8546K(11008K) Class: 1166K(1536K)->1166K(1536K)
[2025-08-01T02:31:03.361+0000] GC(914) Pause Full (Ergonomics) 2832M->1418M(3641M) 351.204ms
[2025-08-01T02:31:03.361+0000] GC(914) User=2.58s Sys=0.05s Real=0.35s
[2025-08-01T02:31:03.446+0000] GC(915) Pause Young (Allocation Failure)
[2025-08-01T02:31:03.553+0000] GC(915) PSYoungGen: 465920K->385440K(931840K)
[2025-08-01T02:31:03.553+0000] GC(915) ParOldGen: 1452139K->1452139K(2796544K)
[2025-08-01T02:31:03.553+0000] GC(915) Metaspace: 9712K(12544K)->9712K(12544K) NonClass: 8546K(11008K)->8546K(11008K) Class: 1166K(1536K)->1166K(1536K)
[2025-08-01T02:31:03.553+0000] GC(915) Pause Young (Allocation Failure) 1873M->1794M(3641M) 107.032ms
[2025-08-01T02:31:03.553+0000] GC(915) User=0.69s Sys=0.05s Real=0.11s
[2025-08-01T02:31:03.640+0000] GC(916) Pause Young (Allocation Failure)
[2025-08-01T02:31:03.734+0000] GC(916) PSYoungGen: 851360K->367680K(931840K)
[2025-08-01T02:31:03.734+0000] GC(916) ParOldGen: 1452139K->1596011K(2796544K)
[2025-08-01T02:31:03.734+0000] GC(916) Metaspace: 9712K(12544K)->9712K(12544K) NonClass: 8546K(11008K)->8546K(11008K) Class: 1166K(1536K)->1166K(1536K)
[2025-08-01T02:31:03.734+0000] GC(916) Pause Young (Allocation Failure) 2249M->1917M(3641M) 94.463ms
[2025-08-01T02:31:03.734+0000] GC(916) User=0.73s Sys=0.02s Real=0.10s
[2025-08-01T02:31:03.822+0000] GC(917) Pause Young (Allocation Failure)
[2025-08-01T02:31:03.989+0000] GC(917) PSYoungGen: 833600K->465920K(931840K)
[2025-08-01T02:31:03.989+0000] GC(917) ParOldGen: 1596011K->1971803K(2796544K)
[2025-08-01T02:31:03.989+0000] GC(917) Metaspace: 9712K(12544K)->9712K(12544K) NonClass: 8546K(11008K)->8546K(11008K) Class: 1166K(1536K)->1166K(1536K)
[2025-08-01T02:31:03.989+0000] GC(917) Pause Young (Allocation Failure) 2372M->2380M(3641M) 167.688ms
[2025-08-01T02:31:03.989+0000] GC(917) User=1.30s Sys=0.03s Real=0.17s
[2025-08-01T02:31:04.079+0000] GC(918) Pause Young (Allocation Failure)
[2025-08-01T02:31:04.297+0000] GC(918) PSYoungGen: 931840K->465920K(931840K)
[2025-08-01T02:31:04.297+0000] GC(918) ParOldGen: 1971803K->2448691K(2796544K)
[2025-08-01T02:31:04.297+0000] GC(918) Metaspace: 9712K(12544K)->9712K(12544K) NonClass: 8546K(11008K)->8546K(11008K) Class: 1166K(1536K)->1166K(1536K)
[2025-08-01T02:31:04.297+0000] GC(918) Pause Young (Allocation Failure) 2835M->2846M(3641M) 217.640ms
[2025-08-01T02:31:04.297+0000] GC(918) User=1.68s Sys=0.04s Real=0.22s
[2025-08-01T02:31:04.297+0000] GC(919) Pause Full (Ergonomics)
[2025-08-01T02:31:04.297+0000] GC(919) Marking Phase
[2025-08-01T02:31:04.384+0000] GC(919) Marking Phase 87.237ms
[2025-08-01T02:31:04.384+0000] GC(919) Summary Phase
[2025-08-01T02:31:04.385+0000] GC(919) Summary Phase 0.096ms
[2025-08-01T02:31:04.385+0000] GC(919) Adjust Roots
[2025-08-01T02:31:04.386+0000] GC(919) Adjust Roots 1.813ms
[2025-08-01T02:31:04.386+0000] GC(919) Compaction Phase
[2025-08-01T02:31:04.621+0000] GC(919) Compaction Phase 234.914ms
[2025-08-01T02:31:04.621+0000] GC(919) Post Compact
[2025-08-01T02:31:04.640+0000] GC(919) Post Compact 18.196ms
[2025-08-01T02:31:04.640+0000] GC(919) PSYoungGen: 465920K->0K(931840K)
[2025-08-01T02:31:04.640+0000] GC(919) ParOldGen: 2448691K->1459921K(2796544K)
[2025-08-01T02:31:04.640+0000] GC(919) Metaspace: 9712K(12544K)->9712K(12544K) NonClass: 8546K(11008K)->8546K(11008K) Class: 1166K(1536K)->1166K(1536K)
[2025-08-01T02:31:04.640+0000] GC(919) Pause Full (Ergonomics) 2846M->1425M(3641M) 342.644ms
[2025-08-01T02:31:04.640+0000] GC(919) User=2.47s Sys=0.05s Real=0.34s
[2025-08-01T02:31:04.725+0000] GC(920) Pause Young (Allocation Failure)
[2025-08-01T02:31:04.849+0000] GC(920) PSYoungGen: 465920K->376928K(931840K)
[2025-08-01T02:31:04.850+0000] GC(920) ParOldGen: 1459921K->1459921K(2796544K)
[2025-08-01T02:31:04.850+0000] GC(920) Metaspace: 9712K(12544K)->9712K(12544K) NonClass: 8546K(11008K)->8546K(11008K) Class: 1166K(1536K)->1166K(1536K)
[2025-08-01T02:31:04.850+0000] GC(920) Pause Young (Allocation Failure) 1880M->1793M(3641M) 125.109ms
[2025-08-01T02:31:04.850+0000] GC(920) User=0.92s Sys=0.02s Real=0.12s
[2025-08-01T02:31:04.938+0000] GC(921) Pause Young (Allocation Failure)
[2025-08-01T02:31:05.080+0000] GC(921) PSYoungGen: 842848K->389888K(931840K)
[2025-08-01T02:31:05.080+0000] GC(921) ParOldGen: 1459921K->1589729K(2796544K)
[2025-08-01T02:31:05.080+0000] GC(921) Metaspace: 9712K(12544K)->9712K(12544K) NonClass: 8546K(11008K)->8546K(11008K) Class: 1166K(1536K)->1166K(1536K)
[2025-08-01T02:31:05.080+0000] GC(921) Pause Young (Allocation Failure) 2248M->1933M(3641M) 142.237ms
[2025-08-01T02:31:05.080+0000] GC(921) User=1.10s Sys=0.02s Real=0.14s
[2025-08-01T02:31:05.168+0000] GC(922) Pause Young (Allocation Failure)
[2025-08-01T02:31:05.382+0000] GC(922) PSYoungGen: 855808K->465920K(931840K)
[2025-08-01T02:31:05.382+0000] GC(922) ParOldGen: 1589729K->1989737K(2796544K)
[2025-08-01T02:31:05.382+0000] GC(922) Metaspace: 9712K(12544K)->9712K(12544K) NonClass: 8546K(11008K)->8546K(11008K) Class: 1166K(1536K)->1166K(1536K)
[2025-08-01T02:31:05.382+0000] GC(922) Pause Young (Allocation Failure) 2388M->2398M(3641M) 213.756ms
[2025-08-01T02:31:05.382+0000] GC(922) User=1.66s Sys=0.02s Real=0.21s
[2025-08-01T02:31:05.473+0000] GC(923) Pause Young (Allocation Failure)
[2025-08-01T02:31:05.675+0000] GC(923) PSYoungGen: 931840K->465920K(931840K)
[2025-08-01T02:31:05.675+0000] GC(923) ParOldGen: 1989737K->2468521K(2796544K)
[2025-08-01T02:31:05.675+0000] GC(923) Metaspace: 9712K(12544K)->9712K(12544K) NonClass: 8546K(11008K)->8546K(11008K) Class: 1166K(1536K)->1166K(1536K)
[2025-08-01T02:31:05.675+0000] GC(923) Pause Young (Allocation Failure) 2853M->2865M(3641M) 202.401ms
[2025-08-01T02:31:05.675+0000] GC(923) User=1.53s Sys=0.04s Real=0.21s
[2025-08-01T02:31:05.675+0000] GC(924) Pause Full (Ergonomics)
[2025-08-01T02:31:05.675+0000] GC(924) Marking Phase
[2025-08-01T02:31:05.751+0000] GC(924) Marking Phase 75.493ms
[2025-08-01T02:31:05.751+0000] GC(924) Summary Phase
[2025-08-01T02:31:05.751+0000] GC(924) Summary Phase 0.379ms
[2025-08-01T02:31:05.751+0000] GC(924) Adjust Roots
[2025-08-01T02:31:05.752+0000] GC(924) Adjust Roots 1.084ms
[2025-08-01T02:31:05.752+0000] GC(924) Compaction Phase
[2025-08-01T02:31:05.974+0000] GC(924) Compaction Phase 221.244ms
[2025-08-01T02:31:05.974+0000] GC(924) Post Compact
[2025-08-01T02:31:05.992+0000] GC(924) Post Compact 18.334ms
[2025-08-01T02:31:05.992+0000] GC(924) PSYoungGen: 465920K->0K(931840K)
[2025-08-01T02:31:05.992+0000] GC(924) ParOldGen: 2468521K->1470453K(2796544K)
[2025-08-01T02:31:05.992+0000] GC(924) Metaspace: 9712K(12544K)->9712K(12544K) NonClass: 8546K(11008K)->8546K(11008K) Class: 1166K(1536K)->1166K(1536K)
[2025-08-01T02:31:05.992+0000] GC(924) Pause Full (Ergonomics) 2865M->1435M(3641M) 317.055ms
[2025-08-01T02:31:05.992+0000] GC(924) User=2.35s Sys=0.00s Real=0.31s
[2025-08-01T02:31:06.081+0000] GC(925) Pause Young (Allocation Failure)
[2025-08-01T02:31:06.156+0000] GC(925) PSYoungGen: 465920K->242688K(931840K)
[2025-08-01T02:31:06.156+0000] GC(925) ParOldGen: 1470453K->1470453K(2796544K)
[2025-08-01T02:31:06.156+0000] GC(925) Metaspace: 9712K(12544K)->9712K(12544K) NonClass: 8546K(11008K)->8546K(11008K) Class: 1166K(1536K)->1166K(1536K)
[2025-08-01T02:31:06.156+0000] GC(925) Pause Young (Allocation Failure) 1890M->1672M(3641M) 75.206ms
[2025-08-01T02:31:06.156+0000] GC(925) User=0.58s Sys=0.00s Real=0.08s
[2025-08-01T02:31:06.243+0000] GC(926) Pause Young (Allocation Failure)
[2025-08-01T02:31:06.338+0000] GC(926) PSYoungGen: 708608K->432480K(931840K)
[2025-08-01T02:31:06.338+0000] GC(926) ParOldGen: 1470453K->1565205K(2796544K)
[2025-08-01T02:31:06.338+0000] GC(926) Metaspace: 9712K(12544K)->9712K(12544K) NonClass: 8546K(11008K)->8546K(11008K) Class: 1166K(1536K)->1166K(1536K)
[2025-08-01T02:31:06.338+0000] GC(926) Pause Young (Allocation Failure) 2127M->1950M(3641M) 94.218ms
[2025-08-01T02:31:06.338+0000] GC(926) User=0.74s Sys=0.01s Real=0.09s
[2025-08-01T02:31:06.434+0000] GC(927) Pause Young (Allocation Failure)
[2025-08-01T02:31:06.625+0000] GC(927) PSYoungGen: 898400K->465920K(931840K)
[2025-08-01T02:31:06.625+0000] GC(927) ParOldGen: 1565205K->2006189K(2796544K)
[2025-08-01T02:31:06.625+0000] GC(927) Metaspace: 9712K(12544K)->9712K(12544K) NonClass: 8546K(11008K)->8546K(11008K) Class: 1166K(1536K)->1166K(1536K)
[2025-08-01T02:31:06.625+0000] GC(927) Pause Young (Allocation Failure) 2405M->2414M(3641M) 191.281ms
[2025-08-01T02:31:06.625+0000] GC(927) User=1.46s Sys=0.03s Real=0.19s
[2025-08-01T02:31:06.714+0000] GC(928) Pause Young (Allocation Failure)
[2025-08-01T02:31:06.885+0000] GC(928) PSYoungGen: 931840K->465920K(931840K)
[2025-08-01T02:31:06.885+0000] GC(928) ParOldGen: 2006189K->2483349K(2796544K)
[2025-08-01T02:31:06.885+0000] GC(928) Metaspace: 9712K(12544K)->9712K(12544K) NonClass: 8546K(11008K)->8546K(11008K) Class: 1166K(1536K)->1166K(1536K)
[2025-08-01T02:31:06.885+0000] GC(928) Pause Young (Allocation Failure) 2869M->2880M(3641M) 170.791ms
[2025-08-01T02:31:06.885+0000] GC(928) User=1.34s Sys=0.02s Real=0.17s
[2025-08-01T02:31:06.885+0000] GC(929) Pause Full (Ergonomics)
[2025-08-01T02:31:06.885+0000] GC(929) Marking Phase
[2025-08-01T02:31:06.959+0000] GC(929) Marking Phase 73.384ms
[2025-08-01T02:31:06.959+0000] GC(929) Summary Phase
[2025-08-01T02:31:06.959+0000] GC(929) Summary Phase 0.191ms
[2025-08-01T02:31:06.959+0000] GC(929) Adjust Roots
[2025-08-01T02:31:06.961+0000] GC(929) Adjust Roots 1.671ms
[2025-08-01T02:31:06.961+0000] GC(929) Compaction Phase
[2025-08-01T02:31:07.182+0000] GC(929) Compaction Phase 221.054ms
[2025-08-01T02:31:07.182+0000] GC(929) Post Compact
[2025-08-01T02:31:07.200+0000] GC(929) Post Compact 18.127ms
[2025-08-01T02:31:07.200+0000] GC(929) PSYoungGen: 465920K->0K(931840K)
[2025-08-01T02:31:07.200+0000] GC(929) ParOldGen: 2483349K->1476642K(2796544K)
[2025-08-01T02:31:07.200+0000] GC(929) Metaspace: 9712K(12544K)->9712K(12544K) NonClass: 8546K(11008K)->8546K(11008K) Class: 1166K(1536K)->1166K(1536K)
[2025-08-01T02:31:07.200+0000] GC(929) Pause Full (Ergonomics) 2880M->1442M(3641M) 314.816ms
[2025-08-01T02:31:07.200+0000] GC(929) User=2.33s Sys=0.00s Real=0.31s
[2025-08-01T02:31:07.292+0000] GC(930) Pause Young (Allocation Failure)
[2025-08-01T02:31:07.469+0000] GC(930) PSYoungGen: 465920K->444128K(931840K)
[2025-08-01T02:31:07.469+0000] GC(930) ParOldGen: 1476642K->1476642K(2796544K)
[2025-08-01T02:31:07.469+0000] GC(930) Metaspace: 9712K(12544K)->9712K(12544K) NonClass: 8546K(11008K)->8546K(11008K) Class: 1166K(1536K)->1166K(1536K)
[2025-08-01T02:31:07.469+0000] GC(930) Pause Young (Allocation Failure) 1897M->1875M(3641M) 177.299ms
[2025-08-01T02:31:07.469+0000] GC(930) User=1.37s Sys=0.02s Real=0.18s
[2025-08-01T02:31:07.611+0000] GC(931) Pause Young (Allocation Failure)
[2025-08-01T02:31:07.782+0000] GC(931) PSYoungGen: 910048K->450976K(931840K)
[2025-08-01T02:31:07.782+0000] GC(931) ParOldGen: 1476642K->1560898K(2796544K)
[2025-08-01T02:31:07.782+0000] GC(931) Metaspace: 9712K(12544K)->9712K(12544K) NonClass: 8546K(11008K)->8546K(11008K) Class: 1166K(1536K)->1166K(1536K)
[2025-08-01T02:31:07.782+0000] GC(931) Pause Young (Allocation Failure) 2330M->1964M(3641M) 170.495ms
[2025-08-01T02:31:07.782+0000] GC(931) User=1.22s Sys=0.07s Real=0.17s
[2025-08-01T02:31:07.871+0000] GC(932) Pause Young (Allocation Failure)
[2025-08-01T02:31:08.098+0000] GC(932) PSYoungGen: 916896K->465920K(931840K)
[2025-08-01T02:31:08.098+0000] GC(932) ParOldGen: 1560898K->2022466K(2796544K)
[2025-08-01T02:31:08.098+0000] GC(932) Metaspace: 9712K(12544K)->9712K(12544K) NonClass: 8546K(11008K)->8546K(11008K) Class: 1166K(1536K)->1166K(1536K)
[2025-08-01T02:31:08.099+0000] GC(932) Pause Young (Allocation Failure) 2419M->2430M(3641M) 227.209ms
[2025-08-01T02:31:08.099+0000] GC(932) User=1.78s Sys=0.02s Real=0.23s
[2025-08-01T02:31:08.187+0000] GC(933) Pause Young (Allocation Failure)
[2025-08-01T02:31:08.351+0000] GC(933) PSYoungGen: 931840K->465920K(931840K)
[2025-08-01T02:31:08.351+0000] GC(933) ParOldGen: 2022466K->2496498K(2796544K)
[2025-08-01T02:31:08.351+0000] GC(933) Metaspace: 9712K(12544K)->9712K(12544K) NonClass: 8546K(11008K)->8546K(11008K) Class: 1166K(1536K)->1166K(1536K)
[2025-08-01T02:31:08.351+0000] GC(933) Pause Young (Allocation Failure) 2885M->2892M(3641M) 164.013ms
[2025-08-01T02:31:08.351+0000] GC(933) User=1.30s Sys=0.00s Real=0.16s
[2025-08-01T02:31:08.351+0000] GC(934) Pause Full (Ergonomics)
[2025-08-01T02:31:08.351+0000] GC(934) Marking Phase
[2025-08-01T02:31:08.425+0000] GC(934) Marking Phase 73.230ms
[2025-08-01T02:31:08.425+0000] GC(934) Summary Phase
[2025-08-01T02:31:08.425+0000] GC(934) Summary Phase 0.089ms
[2025-08-01T02:31:08.425+0000] GC(934) Adjust Roots
[2025-08-01T02:31:08.426+0000] GC(934) Adjust Roots 1.790ms
[2025-08-01T02:31:08.427+0000] GC(934) Compaction Phase
[2025-08-01T02:31:08.655+0000] GC(934) Compaction Phase 228.272ms
[2025-08-01T02:31:08.655+0000] GC(934) Post Compact
[2025-08-01T02:31:08.674+0000] GC(934) Post Compact 18.674ms
[2025-08-01T02:31:08.674+0000] GC(934) PSYoungGen: 465920K->0K(931840K)
[2025-08-01T02:31:08.674+0000] GC(934) ParOldGen: 2496498K->1484235K(2796544K)
[2025-08-01T02:31:08.674+0000] GC(934) Metaspace: 9712K(12544K)->9712K(12544K) NonClass: 8546K(11008K)->8546K(11008K) Class: 1166K(1536K)->1166K(1536K)
[2025-08-01T02:31:08.674+0000] GC(934) Pause Full (Ergonomics) 2892M->1449M(3641M) 322.612ms
[2025-08-01T02:31:08.674+0000] GC(934) User=2.39s Sys=0.00s Real=0.33s
[2025-08-01T02:31:08.766+0000] GC(935) Pause Young (Allocation Failure)
[2025-08-01T02:31:08.892+0000] GC(935) PSYoungGen: 465920K->453184K(931840K)
[2025-08-01T02:31:08.892+0000] GC(935) ParOldGen: 1484235K->1484235K(2796544K)
[2025-08-01T02:31:08.892+0000] GC(935) Metaspace: 9712K(12544K)->9712K(12544K) NonClass: 8546K(11008K)->8546K(11008K) Class: 1166K(1536K)->1166K(1536K)
[2025-08-01T02:31:08.892+0000] GC(935) Pause Young (Allocation Failure) 1904M->1892M(3641M) 125.874ms
[2025-08-01T02:31:08.892+0000] GC(935) User=0.90s Sys=0.03s Real=0.12s
[2025-08-01T02:31:08.981+0000] GC(936) Pause Young (Allocation Failure)
[2025-08-01T02:31:09.113+0000] GC(936) PSYoungGen: 919104K->444064K(931840K)
[2025-08-01T02:31:09.113+0000] GC(936) ParOldGen: 1484235K->1579115K(2796544K)
[2025-08-01T02:31:09.113+0000] GC(936) Metaspace: 9712K(12544K)->9712K(12544K) NonClass: 8546K(11008K)->8546K(11008K) Class: 1166K(1536K)->1166K(1536K)
[2025-08-01T02:31:09.113+0000] GC(936) Pause Young (Allocation Failure) 2347M->1975M(3641M) 132.055ms
[2025-08-01T02:31:09.113+0000] GC(936) User=1.02s Sys=0.03s Real=0.14s
[2025-08-01T02:31:09.200+0000] GC(937) Pause Young (Allocation Failure)
[2025-08-01T02:31:09.404+0000] GC(937) PSYoungGen: 909984K->465920K(931840K)
[2025-08-01T02:31:09.404+0000] GC(937) ParOldGen: 1579115K->2036139K(2796544K)
[2025-08-01T02:31:09.404+0000] GC(937) Metaspace: 9712K(12544K)->9712K(12544K) NonClass: 8546K(11008K)->8546K(11008K) Class: 1166K(1536K)->1166K(1536K)
[2025-08-01T02:31:09.404+0000] GC(937) Pause Young (Allocation Failure) 2430M->2443M(3641M) 204.617ms
[2025-08-01T02:31:09.404+0000] GC(937) User=1.55s Sys=0.04s Real=0.21s
[2025-08-01T02:31:09.405+0000] GC(938) Pause Full (Ergonomics)
[2025-08-01T02:31:09.405+0000] GC(938) Marking Phase
[2025-08-01T02:31:09.456+0000] GC(938) Marking Phase 51.186ms
[2025-08-01T02:31:09.456+0000] GC(938) Summary Phase
[2025-08-01T02:31:09.456+0000] GC(938) Summary Phase 0.078ms
[2025-08-01T02:31:09.456+0000] GC(938) Adjust Roots
[2025-08-01T02:31:09.458+0000] GC(938) Adjust Roots 1.612ms
[2025-08-01T02:31:09.458+0000] GC(938) Compaction Phase
[2025-08-01T02:31:09.616+0000] GC(938) Compaction Phase 158.049ms
[2025-08-01T02:31:09.616+0000] GC(938) Post Compact
[2025-08-01T02:31:09.630+0000] GC(938) Post Compact 14.013ms
[2025-08-01T02:31:09.630+0000] GC(938) PSYoungGen: 465920K->0K(931840K)
[2025-08-01T02:31:09.630+0000] GC(938) ParOldGen: 2036139K->1026008K(2796544K)
[2025-08-01T02:31:09.630+0000] GC(938) Metaspace: 9712K(12544K)->9712K(12544K) NonClass: 8546K(11008K)->8546K(11008K) Class: 1166K(1536K)->1166K(1536K)
[2025-08-01T02:31:09.630+0000] GC(938) Pause Full (Ergonomics) 2443M->1001M(3641M) 225.518ms
[2025-08-01T02:31:09.630+0000] GC(938) User=1.66s Sys=0.00s Real=0.22s
[2025-08-01T02:31:09.717+0000] GC(939) Pause Young (Allocation Failure)
[2025-08-01T02:31:09.789+0000] GC(939) PSYoungGen: 465920K->376800K(931840K)
[2025-08-01T02:31:09.789+0000] GC(939) ParOldGen: 1026008K->1026008K(2796544K)
[2025-08-01T02:31:09.789+0000] GC(939) Metaspace: 9712K(12544K)->9712K(12544K) NonClass: 8546K(11008K)->8546K(11008K) Class: 1166K(1536K)->1166K(1536K)
[2025-08-01T02:31:09.789+0000] GC(939) Pause Young (Allocation Failure) 1456M->1369M(3641M) 71.206ms
[2025-08-01T02:31:09.789+0000] GC(939) User=0.56s Sys=0.00s Real=0.07s
[2025-08-01T02:31:09.879+0000] GC(940) Pause Young (Allocation Failure)
[2025-08-01T02:31:10.039+0000] GC(940) PSYoungGen: 842720K->465920K(931840K)
[2025-08-01T02:31:10.039+0000] GC(940) ParOldGen: 1026008K->1414240K(2796544K)
[2025-08-01T02:31:10.039+0000] GC(940) Metaspace: 9712K(12544K)->9712K(12544K) NonClass: 8546K(11008K)->8546K(11008K) Class: 1166K(1536K)->1166K(1536K)
[2025-08-01T02:31:10.039+0000] GC(940) Pause Young (Allocation Failure) 1824M->1836M(3641M) 160.411ms
[2025-08-01T02:31:10.039+0000] GC(940) User=1.22s Sys=0.02s Real=0.16s
[2025-08-01T02:31:10.128+0000] GC(941) Pause Young (Allocation Failure)
[2025-08-01T02:31:10.281+0000] GC(941) PSYoungGen: 931840K->397056K(931840K)
[2025-08-01T02:31:10.281+0000] GC(941) ParOldGen: 1414240K->1534856K(2796544K)
[2025-08-01T02:31:10.281+0000] GC(941) Metaspace: 9712K(12544K)->9712K(12544K) NonClass: 8546K(11008K)->8546K(11008K) Class: 1166K(1536K)->1166K(1536K)
[2025-08-01T02:31:10.281+0000] GC(941) Pause Young (Allocation Failure) 2291M->1886M(3641M) 152.918ms
[2025-08-01T02:31:10.281+0000] GC(941) User=1.18s Sys=0.01s Real=0.15s
[2025-08-01T02:31:10.365+0000] GC(942) Pause Young (Allocation Failure)
[2025-08-01T02:31:10.619+0000] GC(942) PSYoungGen: 862976K->465920K(931840K)
[2025-08-01T02:31:10.619+0000] GC(942) ParOldGen: 1534856K->1942816K(2796544K)
[2025-08-01T02:31:10.619+0000] GC(942) Metaspace: 9712K(12544K)->9712K(12544K) NonClass: 8546K(11008K)->8546K(11008K) Class: 1166K(1536K)->1166K(1536K)
[2025-08-01T02:31:10.619+0000] GC(942) Pause Young (Allocation Failure) 2341M->2352M(3641M) 254.155ms
[2025-08-01T02:31:10.619+0000] GC(942) User=1.96s Sys=0.05s Real=0.25s
[2025-08-01T02:31:10.704+0000] GC(943) Pause Young (Allocation Failure)
[2025-08-01T02:31:10.851+0000] GC(943) PSYoungGen: 931840K->378944K(931840K)
[2025-08-01T02:31:10.851+0000] GC(943) ParOldGen: 1942816K->2305832K(2796544K)
[2025-08-01T02:31:10.851+0000] GC(943) Metaspace: 9712K(12544K)->9712K(12544K) NonClass: 8546K(11008K)->8546K(11008K) Class: 1166K(1536K)->1166K(1536K)
[2025-08-01T02:31:10.851+0000] GC(943) Pause Young (Allocation Failure) 2807M->2621M(3641M) 146.991ms
[2025-08-01T02:31:10.851+0000] GC(943) User=1.13s Sys=0.00s Real=0.14s
[2025-08-01T02:31:10.851+0000] GC(944) Pause Full (Ergonomics)
[2025-08-01T02:31:10.851+0000] GC(944) Marking Phase
[2025-08-01T02:31:10.898+0000] GC(944) Marking Phase 46.902ms
[2025-08-01T02:31:10.898+0000] GC(944) Summary Phase
[2025-08-01T02:31:10.898+0000] GC(944) Summary Phase 0.083ms
[2025-08-01T02:31:10.898+0000] GC(944) Adjust Roots
[2025-08-01T02:31:10.900+0000] GC(944) Adjust Roots 1.635ms
[2025-08-01T02:31:10.900+0000] GC(944) Compaction Phase
[2025-08-01T02:31:11.057+0000] GC(944) Compaction Phase 157.139ms
[2025-08-01T02:31:11.057+0000] GC(944) Post Compact
[2025-08-01T02:31:11.073+0000] GC(944) Post Compact 15.305ms
[2025-08-01T02:31:11.073+0000] GC(944) PSYoungGen: 378944K->0K(931840K)
[2025-08-01T02:31:11.073+0000] GC(944) ParOldGen: 2305832K->1036998K(2796544K)
[2025-08-01T02:31:11.073+0000] GC(944) Metaspace: 9712K(12544K)->9712K(12544K) NonClass: 8546K(11008K)->8546K(11008K) Class: 1166K(1536K)->1166K(1536K)
[2025-08-01T02:31:11.073+0000] GC(944) Pause Full (Ergonomics) 2621M->1012M(3641M) 221.399ms
[2025-08-01T02:31:11.073+0000] GC(944) User=1.59s Sys=0.00s Real=0.22s
[2025-08-01T02:31:11.159+0000] GC(945) Pause Young (Allocation Failure)
[2025-08-01T02:31:11.263+0000] GC(945) PSYoungGen: 465920K->465920K(931840K)
[2025-08-01T02:31:11.263+0000] GC(945) ParOldGen: 1036998K->1043974K(2796544K)
[2025-08-01T02:31:11.263+0000] GC(945) Metaspace: 9712K(12544K)->9712K(12544K) NonClass: 8546K(11008K)->8546K(11008K) Class: 1166K(1536K)->1166K(1536K)
[2025-08-01T02:31:11.263+0000] GC(945) Pause Young (Allocation Failure) 1467M->1474M(3641M) 104.000ms
[2025-08-01T02:31:11.263+0000] GC(945) User=0.79s Sys=0.03s Real=0.11s
[2025-08-01T02:31:11.355+0000] GC(946) Pause Young (Allocation Failure)
[2025-08-01T02:31:11.537+0000] GC(946) PSYoungGen: 931840K->418560K(931840K)
[2025-08-01T02:31:11.537+0000] GC(946) ParOldGen: 1043974K->1164110K(2796544K)
[2025-08-01T02:31:11.537+0000] GC(946) Metaspace: 9712K(12544K)->9712K(12544K) NonClass: 8546K(11008K)->8546K(11008K) Class: 1166K(1536K)->1166K(1536K)
[2025-08-01T02:31:11.537+0000] GC(946) Pause Young (Allocation Failure) 1929M->1545M(3641M) 181.801ms
[2025-08-01T02:31:11.537+0000] GC(946) User=1.37s Sys=0.05s Real=0.18s
[2025-08-01T02:31:11.621+0000] GC(947) Pause Young (Allocation Failure)
[2025-08-01T02:31:11.801+0000] GC(947) PSYoungGen: 884480K->465920K(931840K)
[2025-08-01T02:31:11.801+0000] GC(947) ParOldGen: 1164110K->1590654K(2796544K)
[2025-08-01T02:31:11.801+0000] GC(947) Metaspace: 9712K(12544K)->9712K(12544K) NonClass: 8546K(11008K)->8546K(11008K) Class: 1166K(1536K)->1166K(1536K)
[2025-08-01T02:31:11.801+0000] GC(947) Pause Young (Allocation Failure) 2000M->2008M(3641M) 180.367ms
[2025-08-01T02:31:11.801+0000] GC(947) User=1.41s Sys=0.02s Real=0.18s
[2025-08-01T02:31:11.885+0000] GC(948) Pause Young (Allocation Failure)
[2025-08-01T02:31:12.043+0000] GC(948) PSYoungGen: 931840K->377472K(931840K)
[2025-08-01T02:31:12.043+0000] GC(948) ParOldGen: 1590654K->1963766K(2796544K)
[2025-08-01T02:31:12.043+0000] GC(948) Metaspace: 9712K(12544K)->9712K(12544K) NonClass: 8546K(11008K)->8546K(11008K) Class: 1166K(1536K)->1166K(1536K)
[2025-08-01T02:31:12.043+0000] GC(948) Pause Young (Allocation Failure) 2463M->2286M(3641M) 157.558ms
[2025-08-01T02:31:12.043+0000] GC(948) User=1.19s Sys=0.04s Real=0.15s
[2025-08-01T02:31:12.128+0000] GC(949) Pause Young (Allocation Failure)
[2025-08-01T02:31:12.290+0000] GC(949) PSYoungGen: 843392K->350240K(931840K)
[2025-08-01T02:31:12.290+0000] GC(949) ParOldGen: 1963766K->2226566K(2796544K)
[2025-08-01T02:31:12.290+0000] GC(949) Metaspace: 9712K(12544K)->9712K(12544K) NonClass: 8546K(11008K)->8546K(11008K) Class: 1166K(1536K)->1166K(1536K)
[2025-08-01T02:31:12.290+0000] GC(949) Pause Young (Allocation Failure) 2741M->2516M(3641M) 162.808ms
[2025-08-01T02:31:12.290+0000] GC(949) User=1.24s Sys=0.04s Real=0.16s
[2025-08-01T02:31:12.290+0000] GC(950) Pause Full (Ergonomics)
[2025-08-01T02:31:12.291+0000] GC(950) Marking Phase
[2025-08-01T02:31:12.345+0000] GC(950) Marking Phase 54.336ms
[2025-08-01T02:31:12.345+0000] GC(950) Summary Phase
[2025-08-01T02:31:12.345+0000] GC(950) Summary Phase 0.093ms
[2025-08-01T02:31:12.345+0000] GC(950) Adjust Roots
[2025-08-01T02:31:12.347+0000] GC(950) Adjust Roots 1.612ms
[2025-08-01T02:31:12.347+0000] GC(950) Compaction Phase
[2025-08-01T02:31:12.525+0000] GC(950) Compaction Phase 178.461ms
[2025-08-01T02:31:12.525+0000] GC(950) Post Compact
[2025-08-01T02:31:12.542+0000] GC(950) Post Compact 16.333ms
[2025-08-01T02:31:12.542+0000] GC(950) PSYoungGen: 350240K->0K(931840K)
[2025-08-01T02:31:12.542+0000] GC(950) ParOldGen: 2226566K->1046540K(2796544K)
[2025-08-01T02:31:12.542+0000] GC(950) Metaspace: 9712K(12544K)->9712K(12544K) NonClass: 8546K(11008K)->8546K(11008K) Class: 1166K(1536K)->1166K(1536K)
[2025-08-01T02:31:12.542+0000] GC(950) Pause Full (Ergonomics) 2516M->1022M(3641M) 251.322ms
[2025-08-01T02:31:12.542+0000] GC(950) User=1.81s Sys=0.02s Real=0.25s
[2025-08-01T02:31:12.628+0000] GC(951) Pause Young (Allocation Failure)
[2025-08-01T02:31:12.718+0000] GC(951) PSYoungGen: 465920K->421728K(931840K)
[2025-08-01T02:31:12.718+0000] GC(951) ParOldGen: 1046540K->1046540K(2796544K)
[2025-08-01T02:31:12.718+0000] GC(951) Metaspace: 9712K(12544K)->9712K(12544K) NonClass: 8546K(11008K)->8546K(11008K) Class: 1166K(1536K)->1166K(1536K)
[2025-08-01T02:31:12.718+0000] GC(951) Pause Young (Allocation Failure) 1477M->1433M(3641M) 89.345ms
[2025-08-01T02:31:12.718+0000] GC(951) User=0.68s Sys=0.02s Real=0.09s
[2025-08-01T02:31:12.808+0000] GC(952) Pause Young (Allocation Failure)
[2025-08-01T02:31:12.987+0000] GC(952) PSYoungGen: 887648K->465920K(931840K)
[2025-08-01T02:31:12.987+0000] GC(952) ParOldGen: 1046540K->1478356K(2796544K)
[2025-08-01T02:31:12.987+0000] GC(952) Metaspace: 9712K(12544K)->9712K(12544K) NonClass: 8546K(11008K)->8546K(11008K) Class: 1166K(1536K)->1166K(1536K)
[2025-08-01T02:31:12.987+0000] GC(952) Pause Young (Allocation Failure) 1888M->1898M(3641M) 179.123ms
[2025-08-01T02:31:12.987+0000] GC(952) User=1.39s Sys=0.01s Real=0.18s
[2025-08-01T02:31:13.070+0000] GC(953) Pause Young (Allocation Failure)
[2025-08-01T02:31:13.224+0000] GC(953) PSYoungGen: 931840K->372576K(931840K)
[2025-08-01T02:31:13.224+0000] GC(953) ParOldGen: 1478356K->1834580K(2796544K)
[2025-08-01T02:31:13.224+0000] GC(953) Metaspace: 9712K(12544K)->9712K(12544K) NonClass: 8546K(11008K)->8546K(11008K) Class: 1166K(1536K)->1166K(1536K)
[2025-08-01T02:31:13.224+0000] GC(953) Pause Young (Allocation Failure) 2353M->2155M(3641M) 154.164ms
[2025-08-01T02:31:13.224+0000] GC(953) User=1.21s Sys=0.02s Real=0.16s
[2025-08-01T02:31:13.308+0000] GC(954) Pause Young (Allocation Failure)
[2025-08-01T02:31:13.457+0000] GC(954) PSYoungGen: 838496K->379488K(931840K)
[2025-08-01T02:31:13.457+0000] GC(954) ParOldGen: 1834580K->2090420K(2796544K)
[2025-08-01T02:31:13.457+0000] GC(954) Metaspace: 9712K(12544K)->9712K(12544K) NonClass: 8546K(11008K)->8546K(11008K) Class: 1166K(1536K)->1166K(1536K)
[2025-08-01T02:31:13.457+0000] GC(954) Pause Young (Allocation Failure) 2610M->2412M(3641M) 149.438ms
[2025-08-01T02:31:13.457+0000] GC(954) User=1.15s Sys=0.03s Real=0.15s
[2025-08-01T02:31:13.543+0000] GC(955) Pause Young (Allocation Failure)
[2025-08-01T02:31:13.674+0000] GC(955) PSYoungGen: 845408K->435744K(931840K)
[2025-08-01T02:31:13.674+0000] GC(955) ParOldGen: 2090420K->2229340K(2796544K)
[2025-08-01T02:31:13.674+0000] GC(955) Metaspace: 9712K(12544K)->9712K(12544K) NonClass: 8546K(11008K)->8546K(11008K) Class: 1166K(1536K)->1166K(1536K)
[2025-08-01T02:31:13.674+0000] GC(955) Pause Young (Allocation Failure) 2867M->2602M(3641M) 131.322ms
[2025-08-01T02:31:13.674+0000] GC(955) User=1.01s Sys=0.02s Real=0.13s
[2025-08-01T02:31:13.675+0000] GC(956) Pause Full (Ergonomics)
[2025-08-01T02:31:13.675+0000] GC(956) Marking Phase
[2025-08-01T02:31:13.713+0000] GC(956) Marking Phase 38.142ms
[2025-08-01T02:31:13.713+0000] GC(956) Summary Phase
[2025-08-01T02:31:13.713+0000] GC(956) Summary Phase 0.077ms
[2025-08-01T02:31:13.713+0000] GC(956) Adjust Roots
[2025-08-01T02:31:13.715+0000] GC(956) Adjust Roots 1.610ms
[2025-08-01T02:31:13.715+0000] GC(956) Compaction Phase
[2025-08-01T02:31:13.809+0000] GC(956) Compaction Phase 94.187ms
[2025-08-01T02:31:13.809+0000] GC(956) Post Compact
[2025-08-01T02:31:13.827+0000] GC(956) Post Compact 18.523ms
[2025-08-01T02:31:13.827+0000] GC(956) PSYoungGen: 435744K->0K(931840K)
[2025-08-01T02:31:13.827+0000] GC(956) ParOldGen: 2229340K->595786K(2796544K)
[2025-08-01T02:31:13.827+0000] GC(956) Metaspace: 9712K(12544K)->9712K(12544K) NonClass: 8546K(11008K)->8546K(11008K) Class: 1166K(1536K)->1166K(1536K)
[2025-08-01T02:31:13.828+0000] GC(956) Pause Full (Ergonomics) 2602M->581M(3641M) 152.961ms
[2025-08-01T02:31:13.828+0000] GC(956) User=1.03s Sys=0.00s Real=0.15s
[2025-08-01T02:31:13.913+0000] GC(957) Pause Young (Allocation Failure)
[2025-08-01T02:31:14.029+0000] GC(957) PSYoungGen: 465920K->465920K(931840K)
[2025-08-01T02:31:14.030+0000] GC(957) ParOldGen: 595786K->600562K(2796544K)
[2025-08-01T02:31:14.030+0000] GC(957) Metaspace: 9712K(12544K)->9712K(12544K) NonClass: 8546K(11008K)->8546K(11008K) Class: 1166K(1536K)->1166K(1536K)
[2025-08-01T02:31:14.030+0000] GC(957) Pause Young (Allocation Failure) 1036M->1041M(3641M) 116.141ms
[2025-08-01T02:31:14.030+0000] GC(957) User=0.89s Sys=0.02s Real=0.11s
[2025-08-01T02:31:14.115+0000] GC(958) Pause Young (Allocation Failure)
[2025-08-01T02:31:14.259+0000] GC(958) PSYoungGen: 931840K->357312K(931840K)
[2025-08-01T02:31:14.259+0000] GC(958) ParOldGen: 600562K->954042K(2796544K)
[2025-08-01T02:31:14.259+0000] GC(958) Metaspace: 9712K(12544K)->9712K(12544K) NonClass: 8546K(11008K)->8546K(11008K) Class: 1166K(1536K)->1166K(1536K)
[2025-08-01T02:31:14.259+0000] GC(958) Pause Young (Allocation Failure) 1496M->1280M(3641M) 144.484ms
[2025-08-01T02:31:14.259+0000] GC(958) User=1.13s Sys=0.02s Real=0.14s
[2025-08-01T02:31:14.342+0000] GC(959) Pause Young (Allocation Failure)
[2025-08-01T02:31:14.538+0000] GC(959) PSYoungGen: 823232K->377216K(931840K)
[2025-08-01T02:31:14.538+0000] GC(959) ParOldGen: 954042K->1206442K(2796544K)
[2025-08-01T02:31:14.538+0000] GC(959) Metaspace: 9712K(12544K)->9712K(12544K) NonClass: 8546K(11008K)->8546K(11008K) Class: 1166K(1536K)->1166K(1536K)
[2025-08-01T02:31:14.538+0000] GC(959) Pause Young (Allocation Failure) 1735M->1546M(3641M) 195.408ms
[2025-08-01T02:31:14.538+0000] GC(959) User=1.51s Sys=0.03s Real=0.20s
[2025-08-01T02:31:14.623+0000] GC(960) Pause Young (Allocation Failure)
[2025-08-01T02:31:14.732+0000] GC(960) PSYoungGen: 843136K->441728K(931840K)
[2025-08-01T02:31:14.732+0000] GC(960) ParOldGen: 1206442K->1341978K(2796544K)
[2025-08-01T02:31:14.732+0000] GC(960) Metaspace: 9712K(12544K)->9712K(12544K) NonClass: 8546K(11008K)->8546K(11008K) Class: 1166K(1536K)->1166K(1536K)
[2025-08-01T02:31:14.732+0000] GC(960) Pause Young (Allocation Failure) 2001M->1741M(3641M) 108.808ms
[2025-08-01T02:31:14.732+0000] GC(960) User=0.85s Sys=0.01s Real=0.10s
[2025-08-01T02:31:14.818+0000] GC(961) Pause Young (Allocation Failure)
[2025-08-01T02:31:15.051+0000] GC(961) PSYoungGen: 907648K->465920K(931840K)
[2025-08-01T02:31:15.051+0000] GC(961) ParOldGen: 1341978K->1797482K(2796544K)
[2025-08-01T02:31:15.051+0000] GC(961) Metaspace: 9712K(12544K)->9712K(12544K) NonClass: 8546K(11008K)->8546K(11008K) Class: 1166K(1536K)->1166K(1536K)
[2025-08-01T02:31:15.051+0000] GC(961) Pause Young (Allocation Failure) 2196M->2210M(3641M) 233.115ms
[2025-08-01T02:31:15.051+0000] GC(961) User=1.79s Sys=0.06s Real=0.23s
[2025-08-01T02:31:15.137+0000] GC(962) Pause Young (Allocation Failure)
[2025-08-01T02:31:15.287+0000] GC(962) PSYoungGen: 931840K->361952K(931840K)
[2025-08-01T02:31:15.287+0000] GC(962) ParOldGen: 1797482K->2144490K(2796544K)
[2025-08-01T02:31:15.287+0000] GC(962) Metaspace: 9712K(12544K)->9712K(12544K) NonClass: 8546K(11008K)->8546K(11008K) Class: 1166K(1536K)->1166K(1536K)
[2025-08-01T02:31:15.287+0000] GC(962) Pause Young (Allocation Failure) 2665M->2447M(3641M) 150.938ms
[2025-08-01T02:31:15.287+0000] GC(962) User=1.18s Sys=0.01s Real=0.15s
[2025-08-01T02:31:15.371+0000] GC(963) Pause Young (Allocation Failure)
[2025-08-01T02:31:15.505+0000] GC(963) PSYoungGen: 827872K->245600K(931840K)
[2025-08-01T02:31:15.505+0000] GC(963) ParOldGen: 2144490K->2275722K(2796544K)
[2025-08-01T02:31:15.505+0000] GC(963) Metaspace: 9712K(12544K)->9712K(12544K) NonClass: 8546K(11008K)->8546K(11008K) Class: 1166K(1536K)->1166K(1536K)
[2025-08-01T02:31:15.505+0000] GC(963) Pause Young (Allocation Failure) 2902M->2462M(3641M) 134.248ms
[2025-08-01T02:31:15.505+0000] GC(963) User=1.03s Sys=0.03s Real=0.14s
[2025-08-01T02:31:15.505+0000] GC(964) Pause Full (Ergonomics)
[2025-08-01T02:31:15.505+0000] GC(964) Marking Phase
[2025-08-01T02:31:15.550+0000] GC(964) Marking Phase 44.925ms
[2025-08-01T02:31:15.550+0000] GC(964) Summary Phase
[2025-08-01T02:31:15.550+0000] GC(964) Summary Phase 0.092ms
[2025-08-01T02:31:15.550+0000] GC(964) Adjust Roots
[2025-08-01T02:31:15.552+0000] GC(964) Adjust Roots 1.767ms
[2025-08-01T02:31:15.552+0000] GC(964) Compaction Phase
[2025-08-01T02:31:15.640+0000] GC(964) Compaction Phase 87.306ms
[2025-08-01T02:31:15.640+0000] GC(964) Post Compact
[2025-08-01T02:31:15.656+0000] GC(964) Post Compact 16.324ms
[2025-08-01T02:31:15.656+0000] GC(964) PSYoungGen: 245600K->0K(931840K)
[2025-08-01T02:31:15.656+0000] GC(964) ParOldGen: 2275722K->604026K(2796544K)
[2025-08-01T02:31:15.656+0000] GC(964) Metaspace: 9712K(12544K)->9712K(12544K) NonClass: 8546K(11008K)->8546K(11008K) Class: 1166K(1536K)->1166K(1536K)
[2025-08-01T02:31:15.656+0000] GC(964) Pause Full (Ergonomics) 2462M->589M(3641M) 150.758ms
[2025-08-01T02:31:15.656+0000] GC(964) User=1.03s Sys=0.01s Real=0.15s
[2025-08-01T02:31:15.740+0000] GC(965) Pause Young (Allocation Failure)
[2025-08-01T02:31:15.817+0000] GC(965) PSYoungGen: 465920K->462400K(931840K)
[2025-08-01T02:31:15.817+0000] GC(965) ParOldGen: 604026K->604026K(2796544K)
[2025-08-01T02:31:15.817+0000] GC(965) Metaspace: 9712K(12544K)->9712K(12544K) NonClass: 8546K(11008K)->8546K(11008K) Class: 1166K(1536K)->1166K(1536K)
[2025-08-01T02:31:15.817+0000] GC(965) Pause Young (Allocation Failure) 1044M->1041M(3641M) 76.979ms
[2025-08-01T02:31:15.817+0000] GC(965) User=0.59s Sys=0.00s Real=0.08s
[2025-08-01T02:31:15.907+0000] GC(966) Pause Young (Allocation Failure)
[2025-08-01T02:31:16.160+0000] GC(966) PSYoungGen: 928320K->465920K(931840K)
[2025-08-01T02:31:16.160+0000] GC(966) ParOldGen: 604026K->1080234K(2796544K)
[2025-08-01T02:31:16.160+0000] GC(966) Metaspace: 9712K(12544K)->9712K(12544K) NonClass: 8546K(11008K)->8546K(11008K) Class: 1166K(1536K)->1166K(1536K)
[2025-08-01T02:31:16.160+0000] GC(966) Pause Young (Allocation Failure) 1496M->1509M(3641M) 253.159ms
[2025-08-01T02:31:16.160+0000] GC(966) User=1.90s Sys=0.06s Real=0.25s
[2025-08-01T02:31:16.251+0000] GC(967) Pause Young (Allocation Failure)
[2025-08-01T02:31:16.514+0000] GC(967) PSYoungGen: 931840K->465920K(931840K)
[2025-08-01T02:31:16.514+0000] GC(967) ParOldGen: 1080234K->1558002K(2796544K)
[2025-08-01T02:31:16.514+0000] GC(967) Metaspace: 9712K(12544K)->9712K(12544K) NonClass: 8546K(11008K)->8546K(11008K) Class: 1166K(1536K)->1166K(1536K)
[2025-08-01T02:31:16.514+0000] GC(967) Pause Young (Allocation Failure) 1964M->1976M(3641M) 262.746ms
[2025-08-01T02:31:16.514+0000] GC(967) User=2.03s Sys=0.05s Real=0.27s
[2025-08-01T02:31:16.657+0000] GC(968) Pause Young (Allocation Failure)
[2025-08-01T02:31:16.717+0000] GC(968) PSYoungGen: 931840K->122816K(931840K)
[2025-08-01T02:31:16.717+0000] GC(968) ParOldGen: 1558002K->1558074K(2796544K)
[2025-08-01T02:31:16.717+0000] GC(968) Metaspace: 9712K(12544K)->9712K(12544K) NonClass: 8546K(11008K)->8546K(11008K) Class: 1166K(1536K)->1166K(1536K)
[2025-08-01T02:31:16.717+0000] GC(968) Pause Young (Allocation Failure) 2431M->1641M(3641M) 60.255ms
[2025-08-01T02:31:16.717+0000] GC(968) User=0.44s Sys=0.02s Real=0.06s
[2025-08-01T02:31:16.819+0000] GC(969) Pause Young (Allocation Failure)
[2025-08-01T02:31:17.011+0000] GC(969) PSYoungGen: 588736K->465920K(931840K)
[2025-08-01T02:31:17.011+0000] GC(969) ParOldGen: 1558074K->1689906K(2796544K)
[2025-08-01T02:31:17.011+0000] GC(969) Metaspace: 9712K(12544K)->9712K(12544K) NonClass: 8546K(11008K)->8546K(11008K) Class: 1166K(1536K)->1166K(1536K)
[2025-08-01T02:31:17.011+0000] GC(969) Pause Young (Allocation Failure) 2096M->2105M(3641M) 191.690ms
[2025-08-01T02:31:17.011+0000] GC(969) User=1.49s Sys=0.03s Real=0.19s
[2025-08-01T02:31:17.106+0000] GC(970) Pause Young (Allocation Failure)
[2025-08-01T02:31:17.302+0000] GC(970) PSYoungGen: 931840K->465920K(931840K)
[2025-08-01T02:31:17.302+0000] GC(970) ParOldGen: 1689906K->2168522K(2796544K)
[2025-08-01T02:31:17.302+0000] GC(970) Metaspace: 9712K(12544K)->9712K(12544K) NonClass: 8546K(11008K)->8546K(11008K) Class: 1166K(1536K)->1166K(1536K)
[2025-08-01T02:31:17.302+0000] GC(970) Pause Young (Allocation Failure) 2560M->2572M(3641M) 195.802ms
[2025-08-01T02:31:17.302+0000] GC(970) User=1.44s Sys=0.05s Real=0.19s
[2025-08-01T02:31:17.302+0000] GC(971) Pause Full (Ergonomics)
[2025-08-01T02:31:17.302+0000] GC(971) Marking Phase
[2025-08-01T02:31:17.356+0000] GC(971) Marking Phase 53.613ms
[2025-08-01T02:31:17.356+0000] GC(971) Summary Phase
[2025-08-01T02:31:17.356+0000] GC(971) Summary Phase 0.098ms
[2025-08-01T02:31:17.356+0000] GC(971) Adjust Roots
[2025-08-01T02:31:17.358+0000] GC(971) Adjust Roots 1.886ms
[2025-08-01T02:31:17.358+0000] GC(971) Compaction Phase
[2025-08-01T02:31:17.519+0000] GC(971) Compaction Phase 161.417ms
[2025-08-01T02:31:17.519+0000] GC(971) Post Compact
[2025-08-01T02:31:17.537+0000] GC(971) Post Compact 17.509ms
[2025-08-01T02:31:17.537+0000] GC(971) PSYoungGen: 465920K->0K(931840K)
[2025-08-01T02:31:17.537+0000] GC(971) ParOldGen: 2168522K->1083967K(2796544K)
[2025-08-01T02:31:17.537+0000] GC(971) Metaspace: 9712K(12544K)->9712K(12544K) NonClass: 8546K(11008K)->8546K(11008K) Class: 1166K(1536K)->1166K(1536K)
[2025-08-01T02:31:17.537+0000] GC(971) Pause Full (Ergonomics) 2572M->1058M(3641M) 235.016ms
[2025-08-01T02:31:17.537+0000] GC(971) User=1.70s Sys=0.00s Real=0.24s
[2025-08-01T02:31:17.630+0000] GC(972) Pause Young (Allocation Failure)
[2025-08-01T02:31:17.814+0000] GC(972) PSYoungGen: 465920K->465920K(931840K)
[2025-08-01T02:31:17.814+0000] GC(972) ParOldGen: 1083967K->1090615K(2796544K)
[2025-08-01T02:31:17.814+0000] GC(972) Metaspace: 9712K(12544K)->9712K(12544K) NonClass: 8546K(11008K)->8546K(11008K) Class: 1166K(1536K)->1166K(1536K)
[2025-08-01T02:31:17.814+0000] GC(972) Pause Young (Allocation Failure) 1513M->1520M(3641M) 184.726ms
[2025-08-01T02:31:17.814+0000] GC(972) User=1.43s Sys=0.03s Real=0.19s
[2025-08-01T02:31:17.956+0000] GC(973) Pause Young (Allocation Failure)
[2025-08-01T02:31:18.017+0000] GC(973) PSYoungGen: 931840K->136672K(931840K)
[2025-08-01T02:31:18.017+0000] GC(973) ParOldGen: 1090615K->1090663K(2796544K)
[2025-08-01T02:31:18.017+0000] GC(973) Metaspace: 9712K(12544K)->9712K(12544K) NonClass: 8546K(11008K)->8546K(11008K) Class: 1166K(1536K)->1166K(1536K)
[2025-08-01T02:31:18.017+0000] GC(973) Pause Young (Allocation Failure) 1975M->1198M(3641M) 61.161ms
[2025-08-01T02:31:18.017+0000] GC(973) User=0.45s Sys=0.01s Real=0.06s
[2025-08-01T02:31:18.115+0000] GC(974) Pause Young (Allocation Failure)
[2025-08-01T02:31:18.254+0000] GC(974) PSYoungGen: 602592K->465920K(931840K)
[2025-08-01T02:31:18.255+0000] GC(974) ParOldGen: 1090663K->1234927K(2796544K)
[2025-08-01T02:31:18.255+0000] GC(974) Metaspace: 9712K(12544K)->9712K(12544K) NonClass: 8546K(11008K)->8546K(11008K) Class: 1166K(1536K)->1166K(1536K)
[2025-08-01T02:31:18.255+0000] GC(974) Pause Young (Allocation Failure) 1653M->1660M(3641M) 140.043ms
[2025-08-01T02:31:18.255+0000] GC(974) User=1.04s Sys=0.03s Real=0.14s
[2025-08-01T02:31:18.345+0000] GC(975) Pause Young (Allocation Failure)
[2025-08-01T02:31:18.604+0000] GC(975) PSYoungGen: 931840K->465920K(931840K)
[2025-08-01T02:31:18.604+0000] GC(975) ParOldGen: 1234927K->1712663K(2796544K)
[2025-08-01T02:31:18.604+0000] GC(975) Metaspace: 9712K(12544K)->9712K(12544K) NonClass: 8546K(11008K)->8546K(11008K) Class: 1166K(1536K)->1166K(1536K)
[2025-08-01T02:31:18.604+0000] GC(975) Pause Young (Allocation Failure) 2115M->2127M(3641M) 259.040ms
[2025-08-01T02:31:18.604+0000] GC(975) User=1.97s Sys=0.07s Real=0.26s
[2025-08-01T02:31:18.693+0000] GC(976) Pause Young (Allocation Failure)
[2025-08-01T02:31:18.829+0000] GC(976) PSYoungGen: 931840K->350208K(931840K)
[2025-08-01T02:31:18.830+0000] GC(976) ParOldGen: 1712663K->2067471K(2796544K)
[2025-08-01T02:31:18.830+0000] GC(976) Metaspace: 9712K(12544K)->9712K(12544K) NonClass: 8546K(11008K)->8546K(11008K) Class: 1166K(1536K)->1166K(1536K)
[2025-08-01T02:31:18.830+0000] GC(976) Pause Young (Allocation Failure) 2582M->2361M(3641M) 136.516ms
[2025-08-01T02:31:18.830+0000] GC(976) User=1.07s Sys=0.00s Real=0.13s
[2025-08-01T02:31:18.914+0000] GC(977) Pause Young (Allocation Failure)
[2025-08-01T02:31:18.986+0000] GC(977) PSYoungGen: 816128K->250752K(931840K)
[2025-08-01T02:31:18.986+0000] GC(977) ParOldGen: 2067471K->2185351K(2796544K)
[2025-08-01T02:31:18.986+0000] GC(977) Metaspace: 9712K(12544K)->9712K(12544K) NonClass: 8546K(11008K)->8546K(11008K) Class: 1166K(1536K)->1166K(1536K)
[2025-08-01T02:31:18.986+0000] GC(977) Pause Young (Allocation Failure) 2816M->2379M(3641M) 71.833ms
[2025-08-01T02:31:18.986+0000] GC(977) User=0.57s Sys=0.00s Real=0.07s
[2025-08-01T02:31:18.986+0000] GC(978) Pause Full (Ergonomics)
[2025-08-01T02:31:18.986+0000] GC(978) Marking Phase
[2025-08-01T02:31:19.022+0000] GC(978) Marking Phase 35.736ms
[2025-08-01T02:31:19.022+0000] GC(978) Summary Phase
[2025-08-01T02:31:19.022+0000] GC(978) Summary Phase 0.077ms
[2025-08-01T02:31:19.022+0000] GC(978) Adjust Roots
[2025-08-01T02:31:19.024+0000] GC(978) Adjust Roots 1.813ms
[2025-08-01T02:31:19.024+0000] GC(978) Compaction Phase
[2025-08-01T02:31:19.117+0000] GC(978) Compaction Phase 92.371ms
[2025-08-01T02:31:19.117+0000] GC(978) Post Compact
[2025-08-01T02:31:19.131+0000] GC(978) Post Compact 14.863ms
[2025-08-01T02:31:19.132+0000] GC(978) PSYoungGen: 250752K->0K(931840K)
[2025-08-01T02:31:19.132+0000] GC(978) ParOldGen: 2185351K->634117K(2796544K)
[2025-08-01T02:31:19.132+0000] GC(978) Metaspace: 9712K(12544K)->9712K(12544K) NonClass: 8546K(11008K)->8546K(11008K) Class: 1166K(1536K)->1166K(1536K)
[2025-08-01T02:31:19.132+0000] GC(978) Pause Full (Ergonomics) 2379M->619M(3641M) 145.244ms
[2025-08-01T02:31:19.132+0000] GC(978) User=1.00s Sys=0.00s Real=0.14s
[2025-08-01T02:31:19.212+0000] GC(979) Pause Young (Allocation Failure)
[2025-08-01T02:31:19.294+0000] GC(979) PSYoungGen: 465920K->465920K(931840K)
[2025-08-01T02:31:19.295+0000] GC(979) ParOldGen: 634117K->638317K(2796544K)
[2025-08-01T02:31:19.295+0000] GC(979) Metaspace: 9712K(12544K)->9712K(12544K) NonClass: 8546K(11008K)->8546K(11008K) Class: 1166K(1536K)->1166K(1536K)
[2025-08-01T02:31:19.295+0000] GC(979) Pause Young (Allocation Failure) 1074M->1078M(3641M) 82.530ms
[2025-08-01T02:31:19.295+0000] GC(979) User=0.63s Sys=0.00s Real=0.09s
[2025-08-01T02:31:19.377+0000] GC(980) Pause Young (Allocation Failure)
[2025-08-01T02:31:19.631+0000] GC(980) PSYoungGen: 931840K->465920K(931840K)
[2025-08-01T02:31:19.631+0000] GC(980) ParOldGen: 638317K->1115997K(2796544K)
[2025-08-01T02:31:19.631+0000] GC(980) Metaspace: 9712K(12544K)->9712K(12544K) NonClass: 8546K(11008K)->8546K(11008K) Class: 1166K(1536K)->1166K(1536K)
[2025-08-01T02:31:19.631+0000] GC(980) Pause Young (Allocation Failure) 1533M->1544M(3641M) 253.965ms
[2025-08-01T02:31:19.631+0000] GC(980) User=1.99s Sys=0.03s Real=0.25s
[2025-08-01T02:31:19.714+0000] GC(981) Pause Young (Allocation Failure)
[2025-08-01T02:31:19.857+0000] GC(981) PSYoungGen: 931840K->377728K(931840K)
[2025-08-01T02:31:19.857+0000] GC(981) ParOldGen: 1115997K->1478773K(2796544K)
[2025-08-01T02:31:19.857+0000] GC(981) Metaspace: 9712K(12544K)->9712K(12544K) NonClass: 8546K(11008K)->8546K(11008K) Class: 1166K(1536K)->1166K(1536K)
[2025-08-01T02:31:19.857+0000] GC(981) Pause Young (Allocation Failure) 1999M->1812M(3641M) 142.714ms
[2025-08-01T02:31:19.857+0000] GC(981) User=1.13s Sys=0.00s Real=0.14s
[2025-08-01T02:31:19.948+0000] GC(982) Pause Young (Allocation Failure)
[2025-08-01T02:31:20.026+0000] GC(982) PSYoungGen: 843648K->252096K(931840K)
[2025-08-01T02:31:20.026+0000] GC(982) ParOldGen: 1478773K->1625581K(2796544K)
[2025-08-01T02:31:20.026+0000] GC(982) Metaspace: 9712K(12544K)->9712K(12544K) NonClass: 8546K(11008K)->8546K(11008K) Class: 1166K(1536K)->1166K(1536K)
[2025-08-01T02:31:20.026+0000] GC(982) Pause Young (Allocation Failure) 2267M->1833M(3641M) 78.901ms
[2025-08-01T02:31:20.026+0000] GC(982) User=0.61s Sys=0.00s Real=0.08s
[2025-08-01T02:31:20.115+0000] GC(983) Pause Young (Allocation Failure)
[2025-08-01T02:31:20.227+0000] GC(983) PSYoungGen: 718016K->458784K(931840K)
[2025-08-01T02:31:20.228+0000] GC(983) ParOldGen: 1625581K->1755821K(2796544K)
[2025-08-01T02:31:20.228+0000] GC(983) Metaspace: 9712K(12544K)->9712K(12544K) NonClass: 8546K(11008K)->8546K(11008K) Class: 1166K(1536K)->1166K(1536K)
[2025-08-01T02:31:20.228+0000] GC(983) Pause Young (Allocation Failure) 2288M->2162M(3641M) 112.386ms
[2025-08-01T02:31:20.228+0000] GC(983) User=0.87s Sys=0.01s Real=0.11s
[2025-08-01T02:31:20.315+0000] GC(984) Pause Young (Allocation Failure)
[2025-08-01T02:31:20.529+0000] GC(984) PSYoungGen: 924704K->465920K(931840K)
[2025-08-01T02:31:20.529+0000] GC(984) ParOldGen: 1755821K->2226925K(2796544K)
[2025-08-01T02:31:20.529+0000] GC(984) Metaspace: 9712K(12544K)->9712K(12544K) NonClass: 8546K(11008K)->8546K(11008K) Class: 1166K(1536K)->1166K(1536K)
[2025-08-01T02:31:20.529+0000] GC(984) Pause Young (Allocation Failure) 2617M->2629M(3641M) 213.701ms
[2025-08-01T02:31:20.529+0000] GC(984) User=1.57s Sys=0.05s Real=0.21s
[2025-08-01T02:31:20.529+0000] GC(985) Pause Full (Ergonomics)
[2025-08-01T02:31:20.529+0000] GC(985) Marking Phase
[2025-08-01T02:31:20.581+0000] GC(985) Marking Phase 52.113ms
[2025-08-01T02:31:20.581+0000] GC(985) Summary Phase
[2025-08-01T02:31:20.581+0000] GC(985) Summary Phase 0.089ms
[2025-08-01T02:31:20.581+0000] GC(985) Adjust Roots
[2025-08-01T02:31:20.583+0000] GC(985) Adjust Roots 1.575ms
[2025-08-01T02:31:20.583+0000] GC(985) Compaction Phase
[2025-08-01T02:31:20.753+0000] GC(985) Compaction Phase 170.543ms
[2025-08-01T02:31:20.754+0000] GC(985) Post Compact
[2025-08-01T02:31:20.770+0000] GC(985) Post Compact 16.703ms
[2025-08-01T02:31:20.770+0000] GC(985) PSYoungGen: 465920K->0K(931840K)
[2025-08-01T02:31:20.770+0000] GC(985) ParOldGen: 2226925K->1106038K(2796544K)
[2025-08-01T02:31:20.770+0000] GC(985) Metaspace: 9712K(12544K)->9712K(12544K) NonClass: 8546K(11008K)->8546K(11008K) Class: 1166K(1536K)->1166K(1536K)
[2025-08-01T02:31:20.771+0000] GC(985) Pause Full (Ergonomics) 2629M->1080M(3641M) 241.577ms
[2025-08-01T02:31:20.771+0000] GC(985) User=1.75s Sys=0.00s Real=0.24s
[2025-08-01T02:31:20.857+0000] GC(986) Pause Young (Allocation Failure)
[2025-08-01T02:31:20.938+0000] GC(986) PSYoungGen: 465920K->378592K(931840K)
[2025-08-01T02:31:20.938+0000] GC(986) ParOldGen: 1106038K->1106038K(2796544K)
[2025-08-01T02:31:20.938+0000] GC(986) Metaspace: 9712K(12544K)->9712K(12544K) NonClass: 8546K(11008K)->8546K(11008K) Class: 1166K(1536K)->1166K(1536K)
[2025-08-01T02:31:20.938+0000] GC(986) Pause Young (Allocation Failure) 1535M->1449M(3641M) 81.041ms
[2025-08-01T02:31:20.938+0000] GC(986) User=0.61s Sys=0.01s Real=0.08s
[2025-08-01T02:31:21.030+0000] GC(987) Pause Young (Allocation Failure)
[2025-08-01T02:31:21.195+0000] GC(987) PSYoungGen: 844512K->401920K(931840K)
[2025-08-01T02:31:21.195+0000] GC(987) ParOldGen: 1106038K->1370774K(2796544K)
[2025-08-01T02:31:21.195+0000] GC(987) Metaspace: 9712K(12544K)->9712K(12544K) NonClass: 8546K(11008K)->8546K(11008K) Class: 1166K(1536K)->1166K(1536K)
[2025-08-01T02:31:21.195+0000] GC(987) Pause Young (Allocation Failure) 1904M->1731M(3641M) 164.864ms
[2025-08-01T02:31:21.195+0000] GC(987) User=1.24s Sys=0.03s Real=0.17s
[2025-08-01T02:31:21.287+0000] GC(988) Pause Young (Allocation Failure)
[2025-08-01T02:31:21.476+0000] GC(988) PSYoungGen: 867840K->442656K(931840K)
[2025-08-01T02:31:21.476+0000] GC(988) ParOldGen: 1370774K->1533574K(2796544K)
[2025-08-01T02:31:21.476+0000] GC(988) Metaspace: 9712K(12544K)->9712K(12544K) NonClass: 8546K(11008K)->8546K(11008K) Class: 1166K(1536K)->1166K(1536K)
[2025-08-01T02:31:21.476+0000] GC(988) Pause Young (Allocation Failure) 2186M->1929M(3641M) 189.216ms
[2025-08-01T02:31:21.476+0000] GC(988) User=1.38s Sys=0.07s Real=0.19s
[2025-08-01T02:31:21.558+0000] GC(989) Pause Young (Allocation Failure)
[2025-08-01T02:31:21.726+0000] GC(989) PSYoungGen: 908576K->465920K(931840K)
[2025-08-01T02:31:21.726+0000] GC(989) ParOldGen: 1533574K->1984550K(2796544K)
[2025-08-01T02:31:21.726+0000] GC(989) Metaspace: 9712K(12544K)->9712K(12544K) NonClass: 8546K(11008K)->8546K(11008K) Class: 1166K(1536K)->1166K(1536K)
[2025-08-01T02:31:21.726+0000] GC(989) Pause Young (Allocation Failure) 2384M->2393M(3641M) 168.101ms
[2025-08-01T02:31:21.726+0000] GC(989) User=1.32s Sys=0.01s Real=0.17s
[2025-08-01T02:31:21.808+0000] GC(990) Pause Young (Allocation Failure)
[2025-08-01T02:31:21.940+0000] GC(990) PSYoungGen: 931840K->377536K(931840K)
[2025-08-01T02:31:21.940+0000] GC(990) ParOldGen: 1984550K->2344902K(2796544K)
[2025-08-01T02:31:21.940+0000] GC(990) Metaspace: 9712K(12544K)->9712K(12544K) NonClass: 8546K(11008K)->8546K(11008K) Class: 1166K(1536K)->1166K(1536K)
[2025-08-01T02:31:21.940+0000] GC(990) Pause Young (Allocation Failure) 2848M->2658M(3641M) 131.366ms
[2025-08-01T02:31:21.940+0000] GC(990) User=1.05s Sys=0.00s Real=0.13s
[2025-08-01T02:31:21.940+0000] GC(991) Pause Full (Ergonomics)
[2025-08-01T02:31:21.940+0000] GC(991) Marking Phase
[2025-08-01T02:31:21.995+0000] GC(991) Marking Phase 55.112ms
[2025-08-01T02:31:21.995+0000] GC(991) Summary Phase
[2025-08-01T02:31:21.995+0000] GC(991) Summary Phase 0.092ms
[2025-08-01T02:31:21.995+0000] GC(991) Adjust Roots
[2025-08-01T02:31:21.997+0000] GC(991) Adjust Roots 2.075ms
[2025-08-01T02:31:21.997+0000] GC(991) Compaction Phase
[2025-08-01T02:31:22.165+0000] GC(991) Compaction Phase 167.277ms
[2025-08-01T02:31:22.165+0000] GC(991) Post Compact
[2025-08-01T02:31:22.181+0000] GC(991) Post Compact 16.616ms
[2025-08-01T02:31:22.181+0000] GC(991) PSYoungGen: 377536K->0K(931840K)
[2025-08-01T02:31:22.181+0000] GC(991) ParOldGen: 2344902K->1115590K(2796544K)
[2025-08-01T02:31:22.181+0000] GC(991) Metaspace: 9712K(12544K)->9712K(12544K) NonClass: 8546K(11008K)->8546K(11008K) Class: 1166K(1536K)->1166K(1536K)
[2025-08-01T02:31:22.181+0000] GC(991) Pause Full (Ergonomics) 2658M->1089M(3641M) 241.601ms
[2025-08-01T02:31:22.182+0000] GC(991) User=1.75s Sys=0.00s Real=0.24s
[2025-08-01T02:31:22.267+0000] GC(992) Pause Young (Allocation Failure)
[2025-08-01T02:31:22.317+0000] GC(992) PSYoungGen: 465920K->268000K(931840K)
[2025-08-01T02:31:22.317+0000] GC(992) ParOldGen: 1115590K->1115590K(2796544K)
[2025-08-01T02:31:22.317+0000] GC(992) Metaspace: 9712K(12544K)->9712K(12544K) NonClass: 8546K(11008K)->8546K(11008K) Class: 1166K(1536K)->1166K(1536K)
[2025-08-01T02:31:22.317+0000] GC(992) Pause Young (Allocation Failure) 1544M->1351M(3641M) 49.892ms
[2025-08-01T02:31:22.317+0000] GC(992) User=0.39s Sys=0.00s Real=0.05s
[2025-08-01T02:31:22.402+0000] GC(993) Pause Young (Allocation Failure)
[2025-08-01T02:31:22.509+0000] GC(993) PSYoungGen: 733920K->451584K(931840K)
[2025-08-01T02:31:22.509+0000] GC(993) ParOldGen: 1115590K->1269014K(2796544K)
[2025-08-01T02:31:22.509+0000] GC(993) Metaspace: 9712K(12544K)->9712K(12544K) NonClass: 8546K(11008K)->8546K(11008K) Class: 1166K(1536K)->1166K(1536K)
[2025-08-01T02:31:22.509+0000] GC(993) Pause Young (Allocation Failure) 1806M->1680M(3641M) 107.505ms
[2025-08-01T02:31:22.509+0000] GC(993) User=0.83s Sys=0.00s Real=0.11s
[2025-08-01T02:31:22.592+0000] GC(994) Pause Young (Allocation Failure)
[2025-08-01T02:31:22.758+0000] GC(994) PSYoungGen: 917504K->465920K(931840K)
[2025-08-01T02:31:22.758+0000] GC(994) ParOldGen: 1269014K->1730350K(2796544K)
[2025-08-01T02:31:22.758+0000] GC(994) Metaspace: 9712K(12544K)->9712K(12544K) NonClass: 8546K(11008K)->8546K(11008K) Class: 1166K(1536K)->1166K(1536K)
[2025-08-01T02:31:22.758+0000] GC(994) Pause Young (Allocation Failure) 2135M->2144M(3641M) 165.633ms
[2025-08-01T02:31:22.758+0000] GC(994) User=1.24s Sys=0.00s Real=0.17s
[2025-08-01T02:31:22.841+0000] GC(995) Pause Young (Allocation Failure)
[2025-08-01T02:31:22.976+0000] GC(995) PSYoungGen: 931840K->377280K(931840K)
[2025-08-01T02:31:22.976+0000] GC(995) ParOldGen: 1730350K->2090406K(2796544K)
[2025-08-01T02:31:22.976+0000] GC(995) Metaspace: 9712K(12544K)->9712K(12544K) NonClass: 8546K(11008K)->8546K(11008K) Class: 1166K(1536K)->1166K(1536K)
[2025-08-01T02:31:22.976+0000] GC(995) Pause Young (Allocation Failure) 2599M->2409M(3641M) 134.650ms
[2025-08-01T02:31:22.976+0000] GC(995) User=1.07s Sys=0.01s Real=0.14s
[2025-08-01T02:31:23.058+0000] GC(996) Pause Young (Allocation Failure)
[2025-08-01T02:31:23.137+0000] GC(996) PSYoungGen: 843200K->266016K(931840K)
[2025-08-01T02:31:23.137+0000] GC(996) ParOldGen: 2090406K->2240534K(2796544K)
[2025-08-01T02:31:23.137+0000] GC(996) Metaspace: 9712K(12544K)->9712K(12544K) NonClass: 8546K(11008K)->8546K(11008K) Class: 1166K(1536K)->1166K(1536K)
[2025-08-01T02:31:23.137+0000] GC(996) Pause Young (Allocation Failure) 2864M->2447M(3641M) 79.281ms
[2025-08-01T02:31:23.137+0000] GC(996) User=0.62s Sys=0.00s Real=0.08s
[2025-08-01T02:31:23.137+0000] GC(997) Pause Full (Ergonomics)
[2025-08-01T02:31:23.137+0000] GC(997) Marking Phase
[2025-08-01T02:31:23.171+0000] GC(997) Marking Phase 33.414ms
[2025-08-01T02:31:23.171+0000] GC(997) Summary Phase
[2025-08-01T02:31:23.171+0000] GC(997) Summary Phase 0.053ms
[2025-08-01T02:31:23.171+0000] GC(997) Adjust Roots
[2025-08-01T02:31:23.172+0000] GC(997) Adjust Roots 1.471ms
[2025-08-01T02:31:23.172+0000] GC(997) Compaction Phase
[2025-08-01T02:31:23.271+0000] GC(997) Compaction Phase 99.138ms
[2025-08-01T02:31:23.272+0000] GC(997) Post Compact
[2025-08-01T02:31:23.287+0000] GC(997) Post Compact 15.724ms
[2025-08-01T02:31:23.287+0000] GC(997) PSYoungGen: 266016K->0K(931840K)
[2025-08-01T02:31:23.287+0000] GC(997) ParOldGen: 2240534K->661683K(2796544K)
[2025-08-01T02:31:23.287+0000] GC(997) Metaspace: 9712K(12544K)->9712K(12544K) NonClass: 8546K(11008K)->8546K(11008K) Class: 1166K(1536K)->1166K(1536K)
[2025-08-01T02:31:23.287+0000] GC(997) Pause Full (Ergonomics) 2447M->646M(3641M) 150.154ms
[2025-08-01T02:31:23.287+0000] GC(997) User=1.04s Sys=0.00s Real=0.15s
[2025-08-01T02:31:23.372+0000] GC(998) Pause Young (Allocation Failure)
[2025-08-01T02:31:23.450+0000] GC(998) PSYoungGen: 465920K->450336K(931840K)
[2025-08-01T02:31:23.450+0000] GC(998) ParOldGen: 661683K->661683K(2796544K)
[2025-08-01T02:31:23.450+0000] GC(998) Metaspace: 9712K(12544K)->9712K(12544K) NonClass: 8546K(11008K)->8546K(11008K) Class: 1166K(1536K)->1166K(1536K)
[2025-08-01T02:31:23.450+0000] GC(998) Pause Young (Allocation Failure) 1101M->1085M(3641M) 78.117ms
[2025-08-01T02:31:23.450+0000] GC(998) User=0.55s Sys=0.00s Real=0.08s
[2025-08-01T02:31:23.543+0000] GC(999) Pause Young (Allocation Failure)
[2025-08-01T02:31:23.732+0000] GC(999) PSYoungGen: 916256K->465920K(931840K)
[2025-08-01T02:31:23.733+0000] GC(999) ParOldGen: 661683K->1121555K(2796544K)
[2025-08-01T02:31:23.733+0000] GC(999) Metaspace: 9712K(12544K)->9712K(12544K) NonClass: 8546K(11008K)->8546K(11008K) Class: 1166K(1536K)->1166K(1536K)
[2025-08-01T02:31:23.733+0000] GC(999) Pause Young (Allocation Failure) 1540M->1550M(3641M) 189.614ms
[2025-08-01T02:31:23.733+0000] GC(999) User=1.44s Sys=0.01s Real=0.18s
[2025-08-01T02:31:23.817+0000] GC(1000) Pause Young (Allocation Failure)
[2025-08-01T02:31:23.964+0000] GC(1000) PSYoungGen: 931840K->375936K(931840K)
[2025-08-01T02:31:23.964+0000] GC(1000) ParOldGen: 1121555K->1480339K(2796544K)
[2025-08-01T02:31:23.964+0000] GC(1000) Metaspace: 9712K(12544K)->9712K(12544K) NonClass: 8546K(11008K)->8546K(11008K) Class: 1166K(1536K)->1166K(1536K)
[2025-08-01T02:31:23.965+0000] GC(1000) Pause Young (Allocation Failure) 2005M->1812M(3641M) 147.282ms
[2025-08-01T02:31:23.965+0000] GC(1000) User=1.13s Sys=0.02s Real=0.15s
[2025-08-01T02:31:24.057+0000] GC(1001) Pause Young (Allocation Failure)
[2025-08-01T02:31:24.190+0000] GC(1001) PSYoungGen: 841856K->308800K(931840K)
[2025-08-01T02:31:24.190+0000] GC(1001) ParOldGen: 1480339K->1626427K(2796544K)
[2025-08-01T02:31:24.190+0000] GC(1001) Metaspace: 9712K(12544K)->9712K(12544K) NonClass: 8546K(11008K)->8546K(11008K) Class: 1166K(1536K)->1166K(1536K)
[2025-08-01T02:31:24.191+0000] GC(1001) Pause Young (Allocation Failure) 2267M->1889M(3641M) 133.911ms
[2025-08-01T02:31:24.191+0000] GC(1001) User=1.05s Sys=0.00s Real=0.13s
[2025-08-01T02:31:24.280+0000] GC(1002) Pause Young (Allocation Failure)
[2025-08-01T02:31:24.444+0000] GC(1002) PSYoungGen: 774720K->425920K(931840K)
[2025-08-01T02:31:24.444+0000] GC(1002) ParOldGen: 1626427K->1822683K(2796544K)
[2025-08-01T02:31:24.445+0000] GC(1002) Metaspace: 9712K(12544K)->9712K(12544K) NonClass: 8546K(11008K)->8546K(11008K) Class: 1166K(1536K)->1166K(1536K)
[2025-08-01T02:31:24.445+0000] GC(1002) Pause Young (Allocation Failure) 2344M->2195M(3641M) 164.960ms
[2025-08-01T02:31:24.445+0000] GC(1002) User=1.26s Sys=0.04s Real=0.17s
[2025-08-01T02:31:24.540+0000] GC(1003) Pause Young (Allocation Failure)
[2025-08-01T02:31:24.760+0000] GC(1003) PSYoungGen: 891840K->465920K(931840K)
[2025-08-01T02:31:24.760+0000] GC(1003) ParOldGen: 1822683K->2263411K(2796544K)
[2025-08-01T02:31:24.760+0000] GC(1003) Metaspace: 9712K(12544K)->9712K(12544K) NonClass: 8546K(11008K)->8546K(11008K) Class: 1166K(1536K)->1166K(1536K)
[2025-08-01T02:31:24.760+0000] GC(1003) Pause Young (Allocation Failure) 2650M->2665M(3641M) 220.187ms
[2025-08-01T02:31:24.760+0000] GC(1003) User=1.61s Sys=0.07s Real=0.22s
[2025-08-01T02:31:24.760+0000] GC(1004) Pause Full (Ergonomics)
[2025-08-01T02:31:24.760+0000] GC(1004) Marking Phase
[2025-08-01T02:31:24.817+0000] GC(1004) Marking Phase 56.841ms
[2025-08-01T02:31:24.817+0000] GC(1004) Summary Phase
[2025-08-01T02:31:24.817+0000] GC(1004) Summary Phase 0.107ms
[2025-08-01T02:31:24.817+0000] GC(1004) Adjust Roots
[2025-08-01T02:31:24.819+0000] GC(1004) Adjust Roots 1.747ms
[2025-08-01T02:31:24.819+0000] GC(1004) Compaction Phase
[2025-08-01T02:31:24.990+0000] GC(1004) Compaction Phase 170.581ms
[2025-08-01T02:31:24.990+0000] GC(1004) Post Compact
[2025-08-01T02:31:25.006+0000] GC(1004) Post Compact 15.768ms
[2025-08-01T02:31:25.006+0000] GC(1004) PSYoungGen: 465920K->0K(931840K)
[2025-08-01T02:31:25.006+0000] GC(1004) ParOldGen: 2263411K->1132915K(2796544K)
[2025-08-01T02:31:25.006+0000] GC(1004) Metaspace: 9712K(12544K)->9712K(12544K) NonClass: 8546K(11008K)->8546K(11008K) Class: 1166K(1536K)->1166K(1536K)
[2025-08-01T02:31:25.006+0000] GC(1004) Pause Full (Ergonomics) 2665M->1106M(3641M) 245.483ms
[2025-08-01T02:31:25.006+0000] GC(1004) User=1.80s Sys=0.00s Real=0.25s
[2025-08-01T02:31:25.153+0000] GC(1005) Pause Young (Allocation Failure)
[2025-08-01T02:31:25.288+0000] GC(1005) PSYoungGen: 465920K->378752K(931840K)
[2025-08-01T02:31:25.288+0000] GC(1005) ParOldGen: 1132915K->1132915K(2796544K)
[2025-08-01T02:31:25.288+0000] GC(1005) Metaspace: 9712K(12544K)->9712K(12544K) NonClass: 8546K(11008K)->8546K(11008K) Class: 1166K(1536K)->1166K(1536K)
[2025-08-01T02:31:25.288+0000] GC(1005) Pause Young (Allocation Failure) 1561M->1476M(3641M) 135.081ms
[2025-08-01T02:31:25.288+0000] GC(1005) User=1.04s Sys=0.03s Real=0.13s
[2025-08-01T02:31:25.382+0000] GC(1006) Pause Young (Allocation Failure)
[2025-08-01T02:31:25.479+0000] GC(1006) PSYoungGen: 844672K->327712K(931840K)
[2025-08-01T02:31:25.479+0000] GC(1006) ParOldGen: 1132915K->1277931K(2796544K)
[2025-08-01T02:31:25.479+0000] GC(1006) Metaspace: 9712K(12544K)->9712K(12544K) NonClass: 8546K(11008K)->8546K(11008K) Class: 1166K(1536K)->1166K(1536K)
[2025-08-01T02:31:25.479+0000] GC(1006) Pause Young (Allocation Failure) 1931M->1568M(3641M) 97.680ms
[2025-08-01T02:31:25.479+0000] GC(1006) User=0.76s Sys=0.02s Real=0.10s
[2025-08-01T02:31:25.569+0000] GC(1007) Pause Young (Allocation Failure)
[2025-08-01T02:31:25.735+0000] GC(1007) PSYoungGen: 793632K->417888K(931840K)
[2025-08-01T02:31:25.736+0000] GC(1007) ParOldGen: 1277931K->1493139K(2796544K)
[2025-08-01T02:31:25.736+0000] GC(1007) Metaspace: 9712K(12544K)->9712K(12544K) NonClass: 8546K(11008K)->8546K(11008K) Class: 1166K(1536K)->1166K(1536K)
[2025-08-01T02:31:25.736+0000] GC(1007) Pause Young (Allocation Failure) 2023M->1866M(3641M) 166.937ms
[2025-08-01T02:31:25.736+0000] GC(1007) User=1.20s Sys=0.03s Real=0.17s
[2025-08-01T02:31:25.829+0000] GC(1008) Pause Young (Allocation Failure)
[2025-08-01T02:31:26.012+0000] GC(1008) PSYoungGen: 883808K->465920K(931840K)
[2025-08-01T02:31:26.013+0000] GC(1008) ParOldGen: 1493139K->1922779K(2796544K)
[2025-08-01T02:31:26.013+0000] GC(1008) Metaspace: 9712K(12544K)->9712K(12544K) NonClass: 8546K(11008K)->8546K(11008K) Class: 1166K(1536K)->1166K(1536K)
[2025-08-01T02:31:26.013+0000] GC(1008) Pause Young (Allocation Failure) 2321M->2332M(3641M) 183.810ms
[2025-08-01T02:31:26.013+0000] GC(1008) User=1.42s Sys=0.02s Real=0.18s
[2025-08-01T02:31:26.145+0000] GC(1009) Pause Young (Allocation Failure)
[2025-08-01T02:31:26.330+0000] GC(1009) PSYoungGen: 931840K->416544K(931840K)
[2025-08-01T02:31:26.330+0000] GC(1009) ParOldGen: 1922779K->2257363K(2796544K)
[2025-08-01T02:31:26.331+0000] GC(1009) Metaspace: 9712K(12544K)->9712K(12544K) NonClass: 8546K(11008K)->8546K(11008K) Class: 1166K(1536K)->1166K(1536K)
[2025-08-01T02:31:26.331+0000] GC(1009) Pause Young (Allocation Failure) 2787M->2611M(3641M) 186.002ms
[2025-08-01T02:31:26.331+0000] GC(1009) User=1.44s Sys=0.02s Real=0.18s
[2025-08-01T02:31:26.331+0000] GC(1010) Pause Full (Ergonomics)
[2025-08-01T02:31:26.331+0000] GC(1010) Marking Phase
[2025-08-01T02:31:26.391+0000] GC(1010) Marking Phase 59.843ms
[2025-08-01T02:31:26.391+0000] GC(1010) Summary Phase
[2025-08-01T02:31:26.391+0000] GC(1010) Summary Phase 0.070ms
[2025-08-01T02:31:26.391+0000] GC(1010) Adjust Roots
[2025-08-01T02:31:26.393+0000] GC(1010) Adjust Roots 1.967ms
[2025-08-01T02:31:26.393+0000] GC(1010) Compaction Phase
[2025-08-01T02:31:26.562+0000] GC(1010) Compaction Phase 169.331ms
[2025-08-01T02:31:26.562+0000] GC(1010) Post Compact
[2025-08-01T02:31:26.580+0000] GC(1010) Post Compact 17.858ms
[2025-08-01T02:31:26.580+0000] GC(1010) PSYoungGen: 416544K->0K(931840K)
[2025-08-01T02:31:26.580+0000] GC(1010) ParOldGen: 2257363K->1146704K(2796544K)
[2025-08-01T02:31:26.580+0000] GC(1010) Metaspace: 9712K(12544K)->9712K(12544K) NonClass: 8546K(11008K)->8546K(11008K) Class: 1166K(1536K)->1166K(1536K)
[2025-08-01T02:31:26.580+0000] GC(1010) Pause Full (Ergonomics) 2611M->1119M(3641M) 249.532ms
[2025-08-01T02:31:26.580+0000] GC(1010) User=1.81s Sys=0.00s Real=0.25s
[2025-08-01T02:31:26.672+0000] GC(1011) Pause Young (Allocation Failure)
[2025-08-01T02:31:26.734+0000] GC(1011) PSYoungGen: 465920K->286656K(931840K)
[2025-08-01T02:31:26.734+0000] GC(1011) ParOldGen: 1146704K->1146704K(2796544K)
[2025-08-01T02:31:26.734+0000] GC(1011) Metaspace: 9712K(12544K)->9712K(12544K) NonClass: 8546K(11008K)->8546K(11008K) Class: 1166K(1536K)->1166K(1536K)
[2025-08-01T02:31:26.734+0000] GC(1011) Pause Young (Allocation Failure) 1574M->1399M(3641M) 62.007ms
[2025-08-01T02:31:26.734+0000] GC(1011) User=0.48s Sys=0.01s Real=0.07s
[2025-08-01T02:31:26.831+0000] GC(1012) Pause Young (Allocation Failure)
[2025-08-01T02:31:26.985+0000] GC(1012) PSYoungGen: 752576K->402432K(931840K)
[2025-08-01T02:31:26.985+0000] GC(1012) ParOldGen: 1146704K->1317648K(2796544K)
[2025-08-01T02:31:26.985+0000] GC(1012) Metaspace: 9712K(12544K)->9712K(12544K) NonClass: 8546K(11008K)->8546K(11008K) Class: 1166K(1536K)->1166K(1536K)
[2025-08-01T02:31:26.985+0000] GC(1012) Pause Young (Allocation Failure) 1854M->1679M(3641M) 154.735ms
[2025-08-01T02:31:26.985+0000] GC(1012) User=1.18s Sys=0.03s Real=0.16s
[2025-08-01T02:31:27.076+0000] GC(1013) Pause Young (Allocation Failure)
[2025-08-01T02:31:27.287+0000] GC(1013) PSYoungGen: 868352K->465920K(931840K)
[2025-08-01T02:31:27.287+0000] GC(1013) ParOldGen: 1317648K->1730320K(2796544K)
[2025-08-01T02:31:27.287+0000] GC(1013) Metaspace: 9712K(12544K)->9712K(12544K) NonClass: 8546K(11008K)->8546K(11008K) Class: 1166K(1536K)->1166K(1536K)
[2025-08-01T02:31:27.287+0000] GC(1013) Pause Young (Allocation Failure) 2134M->2144M(3641M) 210.798ms
[2025-08-01T02:31:27.287+0000] GC(1013) User=1.64s Sys=0.03s Real=0.21s
[2025-08-01T02:31:27.437+0000] GC(1014) Pause Young (Allocation Failure)
[2025-08-01T02:31:27.712+0000] GC(1014) PSYoungGen: 931840K->458048K(931840K)
[2025-08-01T02:31:27.712+0000] GC(1014) ParOldGen: 1730320K->2076472K(2796544K)
[2025-08-01T02:31:27.712+0000] GC(1014) Metaspace: 9712K(12544K)->9712K(12544K) NonClass: 8546K(11008K)->8546K(11008K) Class: 1166K(1536K)->1166K(1536K)
[2025-08-01T02:31:27.712+0000] GC(1014) Pause Young (Allocation Failure) 2599M->2475M(3641M) 274.973ms
[2025-08-01T02:31:27.712+0000] GC(1014) User=2.15s Sys=0.02s Real=0.27s
[2025-08-01T02:31:27.800+0000] GC(1015) Pause Young (Allocation Failure)
[2025-08-01T02:31:27.896+0000] GC(1015) PSYoungGen: 923968K->286272K(931840K)
[2025-08-01T02:31:27.896+0000] GC(1015) ParOldGen: 2076472K->2297528K(2796544K)
[2025-08-01T02:31:27.896+0000] GC(1015) Metaspace: 9712K(12544K)->9712K(12544K) NonClass: 8546K(11008K)->8546K(11008K) Class: 1166K(1536K)->1166K(1536K)
[2025-08-01T02:31:27.896+0000] GC(1015) Pause Young (Allocation Failure) 2930M->2523M(3641M) 96.293ms
[2025-08-01T02:31:27.896+0000] GC(1015) User=0.74s Sys=0.01s Real=0.10s
[2025-08-01T02:31:27.896+0000] GC(1016) Pause Full (Ergonomics)
[2025-08-01T02:31:27.896+0000] GC(1016) Marking Phase
[2025-08-01T02:31:27.930+0000] GC(1016) Marking Phase 33.639ms
[2025-08-01T02:31:27.930+0000] GC(1016) Summary Phase
[2025-08-01T02:31:27.930+0000] GC(1016) Summary Phase 0.083ms
[2025-08-01T02:31:27.930+0000] GC(1016) Adjust Roots
[2025-08-01T02:31:27.932+0000] GC(1016) Adjust Roots 1.751ms
[2025-08-01T02:31:27.932+0000] GC(1016) Compaction Phase
[2025-08-01T02:31:28.037+0000] GC(1016) Compaction Phase 104.991ms
[2025-08-01T02:31:28.037+0000] GC(1016) Post Compact
[2025-08-01T02:31:28.054+0000] GC(1016) Post Compact 16.699ms
[2025-08-01T02:31:28.054+0000] GC(1016) PSYoungGen: 286272K->0K(931840K)
[2025-08-01T02:31:28.054+0000] GC(1016) ParOldGen: 2297528K->695346K(2796544K)
[2025-08-01T02:31:28.054+0000] GC(1016) Metaspace: 9712K(12544K)->9712K(12544K) NonClass: 8546K(11008K)->8546K(11008K) Class: 1166K(1536K)->1166K(1536K)
[2025-08-01T02:31:28.054+0000] GC(1016) Pause Full (Ergonomics) 2523M->679M(3641M) 157.546ms
[2025-08-01T02:31:28.054+0000] GC(1016) User=1.08s Sys=0.01s Real=0.16s
[2025-08-01T02:31:28.144+0000] GC(1017) Pause Young (Allocation Failure)
[2025-08-01T02:31:28.224+0000] GC(1017) PSYoungGen: 465920K->398816K(931840K)
[2025-08-01T02:31:28.224+0000] GC(1017) ParOldGen: 695346K->695346K(2796544K)
[2025-08-01T02:31:28.224+0000] GC(1017) Metaspace: 9712K(12544K)->9712K(12544K) NonClass: 8546K(11008K)->8546K(11008K) Class: 1166K(1536K)->1166K(1536K)
[2025-08-01T02:31:28.224+0000] GC(1017) Pause Young (Allocation Failure) 1134M->1068M(3641M) 80.604ms
[2025-08-01T02:31:28.224+0000] GC(1017) User=0.58s Sys=0.01s Real=0.08s
[2025-08-01T02:31:28.324+0000] GC(1018) Pause Young (Allocation Failure)
[2025-08-01T02:31:28.522+0000] GC(1018) PSYoungGen: 864736K->465920K(931840K)
[2025-08-01T02:31:28.522+0000] GC(1018) ParOldGen: 695346K->1106378K(2796544K)
[2025-08-01T02:31:28.522+0000] GC(1018) Metaspace: 9712K(12544K)->9712K(12544K) NonClass: 8546K(11008K)->8546K(11008K) Class: 1166K(1536K)->1166K(1536K)
[2025-08-01T02:31:28.522+0000] GC(1018) Pause Young (Allocation Failure) 1523M->1535M(3641M) 198.354ms
[2025-08-01T02:31:28.522+0000] GC(1018) User=1.53s Sys=0.04s Real=0.19s
[2025-08-01T02:31:28.666+0000] GC(1019) Pause Young (Allocation Failure)
[2025-08-01T02:31:28.832+0000] GC(1019) PSYoungGen: 931840K->454848K(931840K)
[2025-08-01T02:31:28.832+0000] GC(1019) ParOldGen: 1106378K->1460346K(2796544K)
[2025-08-01T02:31:28.832+0000] GC(1019) Metaspace: 9712K(12544K)->9712K(12544K) NonClass: 8546K(11008K)->8546K(11008K) Class: 1166K(1536K)->1166K(1536K)
[2025-08-01T02:31:28.832+0000] GC(1019) Pause Young (Allocation Failure) 1990M->1870M(3641M) 165.795ms
[2025-08-01T02:31:28.832+0000] GC(1019) User=1.26s Sys=0.01s Real=0.16s
[2025-08-01T02:31:28.922+0000] GC(1020) Pause Young (Allocation Failure)
[2025-08-01T02:31:29.060+0000] GC(1020) PSYoungGen: 920768K->284416K(931840K)
[2025-08-01T02:31:29.060+0000] GC(1020) ParOldGen: 1460346K->1690498K(2796544K)
[2025-08-01T02:31:29.060+0000] GC(1020) Metaspace: 9712K(12544K)->9712K(12544K) NonClass: 8546K(11008K)->8546K(11008K) Class: 1166K(1536K)->1166K(1536K)
[2025-08-01T02:31:29.060+0000] GC(1020) Pause Young (Allocation Failure) 2325M->1928M(3641M) 138.379ms
[2025-08-01T02:31:29.060+0000] GC(1020) User=1.06s Sys=0.03s Real=0.14s
[2025-08-01T02:31:29.147+0000] GC(1021) Pause Young (Allocation Failure)
[2025-08-01T02:31:29.273+0000] GC(1021) PSYoungGen: 750336K->398656K(931840K)
[2025-08-01T02:31:29.273+0000] GC(1021) ParOldGen: 1690498K->1861978K(2796544K)
[2025-08-01T02:31:29.273+0000] GC(1021) Metaspace: 9712K(12544K)->9712K(12544K) NonClass: 8546K(11008K)->8546K(11008K) Class: 1166K(1536K)->1166K(1536K)
[2025-08-01T02:31:29.274+0000] GC(1021) Pause Young (Allocation Failure) 2383M->2207M(3641M) 126.106ms
[2025-08-01T02:31:29.274+0000] GC(1021) User=0.94s Sys=0.03s Real=0.13s
[2025-08-01T02:31:29.361+0000] GC(1022) Pause Young (Allocation Failure)
[2025-08-01T02:31:29.563+0000] GC(1022) PSYoungGen: 864576K->358688K(931840K)
[2025-08-01T02:31:29.563+0000] GC(1022) ParOldGen: 1861978K->2142442K(2796544K)
[2025-08-01T02:31:29.563+0000] GC(1022) Metaspace: 9712K(12544K)->9712K(12544K) NonClass: 8546K(11008K)->8546K(11008K) Class: 1166K(1536K)->1166K(1536K)
[2025-08-01T02:31:29.563+0000] GC(1022) Pause Young (Allocation Failure) 2662M->2442M(3641M) 202.296ms
[2025-08-01T02:31:29.563+0000] GC(1022) User=1.55s Sys=0.04s Real=0.21s
[2025-08-01T02:31:29.652+0000] GC(1023) Pause Young (Allocation Failure)
[2025-08-01T02:31:29.833+0000] GC(1023) PSYoungGen: 824608K->465920K(931840K)
[2025-08-01T02:31:29.833+0000] GC(1023) ParOldGen: 2142442K->2511226K(2796544K)
[2025-08-01T02:31:29.833+0000] GC(1023) Metaspace: 9712K(12544K)->9712K(12544K) NonClass: 8546K(11008K)->8546K(11008K) Class: 1166K(1536K)->1166K(1536K)
[2025-08-01T02:31:29.833+0000] GC(1023) Pause Young (Allocation Failure) 2897M->2907M(3641M) 180.427ms
[2025-08-01T02:31:29.833+0000] GC(1023) User=1.40s Sys=0.01s Real=0.18s
[2025-08-01T02:31:29.833+0000] GC(1024) Pause Full (Ergonomics)
[2025-08-01T02:31:29.833+0000] GC(1024) Marking Phase
[2025-08-01T02:31:29.897+0000] GC(1024) Marking Phase 64.289ms
[2025-08-01T02:31:29.897+0000] GC(1024) Summary Phase
[2025-08-01T02:31:29.897+0000] GC(1024) Summary Phase 0.103ms
[2025-08-01T02:31:29.897+0000] GC(1024) Adjust Roots
[2025-08-01T02:31:29.899+0000] GC(1024) Adjust Roots 2.072ms
[2025-08-01T02:31:29.899+0000] GC(1024) Compaction Phase
[2025-08-01T02:31:30.090+0000] GC(1024) Compaction Phase 190.383ms
[2025-08-01T02:31:30.090+0000] GC(1024) Post Compact
[2025-08-01T02:31:30.108+0000] GC(1024) Post Compact 18.064ms
[2025-08-01T02:31:30.108+0000] GC(1024) PSYoungGen: 465920K->0K(931840K)
[2025-08-01T02:31:30.108+0000] GC(1024) ParOldGen: 2511226K->1169912K(2796544K)
[2025-08-01T02:31:30.108+0000] GC(1024) Metaspace: 9712K(12544K)->9712K(12544K) NonClass: 8546K(11008K)->8546K(11008K) Class: 1166K(1536K)->1166K(1536K)
[2025-08-01T02:31:30.108+0000] GC(1024) Pause Full (Ergonomics) 2907M->1142M(3641M) 275.408ms
[2025-08-01T02:31:30.108+0000] GC(1024) User=1.96s Sys=0.01s Real=0.28s
[2025-08-01T02:31:30.254+0000] GC(1025) Pause Young (Allocation Failure)
[2025-08-01T02:31:30.375+0000] GC(1025) PSYoungGen: 465920K->273696K(931840K)
[2025-08-01T02:31:30.375+0000] GC(1025) ParOldGen: 1169912K->1169912K(2796544K)
[2025-08-01T02:31:30.375+0000] GC(1025) Metaspace: 9712K(12544K)->9712K(12544K) NonClass: 8546K(11008K)->8546K(11008K) Class: 1166K(1536K)->1166K(1536K)
[2025-08-01T02:31:30.375+0000] GC(1025) Pause Young (Allocation Failure) 1597M->1409M(3641M) 120.875ms
[2025-08-01T02:31:30.375+0000] GC(1025) User=0.91s Sys=0.03s Real=0.12s
[2025-08-01T02:31:30.474+0000] GC(1026) Pause Young (Allocation Failure)
[2025-08-01T02:31:30.630+0000] GC(1026) PSYoungGen: 739616K->389696K(931840K)
[2025-08-01T02:31:30.630+0000] GC(1026) ParOldGen: 1169912K->1341432K(2796544K)
[2025-08-01T02:31:30.630+0000] GC(1026) Metaspace: 9712K(12544K)->9712K(12544K) NonClass: 8546K(11008K)->8546K(11008K) Class: 1166K(1536K)->1166K(1536K)
[2025-08-01T02:31:30.630+0000] GC(1026) Pause Young (Allocation Failure) 1864M->1690M(3641M) 156.232ms
[2025-08-01T02:31:30.630+0000] GC(1026) User=1.17s Sys=0.04s Real=0.15s
[2025-08-01T02:31:30.720+0000] GC(1027) Pause Young (Allocation Failure)
[2025-08-01T02:31:30.857+0000] GC(1027) PSYoungGen: 855616K->404480K(931840K)
[2025-08-01T02:31:30.858+0000] GC(1027) ParOldGen: 1341432K->1614288K(2796544K)
[2025-08-01T02:31:30.858+0000] GC(1027) Metaspace: 9712K(12544K)->9712K(12544K) NonClass: 8546K(11008K)->8546K(11008K) Class: 1166K(1536K)->1166K(1536K)
[2025-08-01T02:31:30.858+0000] GC(1027) Pause Young (Allocation Failure) 2145M->1971M(3641M) 137.558ms
[2025-08-01T02:31:30.858+0000] GC(1027) User=1.07s Sys=0.00s Real=0.14s
[2025-08-01T02:31:30.948+0000] GC(1028) Pause Young (Allocation Failure)
[2025-08-01T02:31:31.117+0000] GC(1028) PSYoungGen: 870400K->465920K(931840K)
[2025-08-01T02:31:31.117+0000] GC(1028) ParOldGen: 1614288K->2029680K(2796544K)
[2025-08-01T02:31:31.117+0000] GC(1028) Metaspace: 9712K(12544K)->9712K(12544K) NonClass: 8546K(11008K)->8546K(11008K) Class: 1166K(1536K)->1166K(1536K)
[2025-08-01T02:31:31.117+0000] GC(1028) Pause Young (Allocation Failure) 2426M->2437M(3641M) 169.186ms
[2025-08-01T02:31:31.117+0000] GC(1028) User=1.32s Sys=0.02s Real=0.17s
[2025-08-01T02:31:31.264+0000] GC(1029) Pause Young (Allocation Failure)
[2025-08-01T02:31:31.455+0000] GC(1029) PSYoungGen: 931840K->262368K(931840K)
[2025-08-01T02:31:31.455+0000] GC(1029) ParOldGen: 2029680K->2265128K(2796544K)
[2025-08-01T02:31:31.455+0000] GC(1029) Metaspace: 9712K(12544K)->9712K(12544K) NonClass: 8546K(11008K)->8546K(11008K) Class: 1166K(1536K)->1166K(1536K)
[2025-08-01T02:31:31.455+0000] GC(1029) Pause Young (Allocation Failure) 2892M->2468M(3641M) 191.050ms
[2025-08-01T02:31:31.455+0000] GC(1029) User=1.45s Sys=0.04s Real=0.19s
[2025-08-01T02:31:31.546+0000] GC(1030) Pause Young (Allocation Failure)
[2025-08-01T02:31:31.719+0000] GC(1030) PSYoungGen: 728288K->385376K(931840K)
[2025-08-01T02:31:31.719+0000] GC(1030) ParOldGen: 2265128K->2417840K(2796544K)
[2025-08-01T02:31:31.719+0000] GC(1030) Metaspace: 9712K(12544K)->9712K(12544K) NonClass: 8546K(11008K)->8546K(11008K) Class: 1166K(1536K)->1166K(1536K)
[2025-08-01T02:31:31.720+0000] GC(1030) Pause Young (Allocation Failure) 2923M->2737M(3641M) 173.599ms
[2025-08-01T02:31:31.720+0000] GC(1030) User=1.33s Sys=0.03s Real=0.17s
[2025-08-01T02:31:31.720+0000] GC(1031) Pause Full (Ergonomics)
[2025-08-01T02:31:31.720+0000] GC(1031) Marking Phase
[2025-08-01T02:31:31.762+0000] GC(1031) Marking Phase 41.824ms
[2025-08-01T02:31:31.762+0000] GC(1031) Summary Phase
[2025-08-01T02:31:31.762+0000] GC(1031) Summary Phase 0.090ms
[2025-08-01T02:31:31.762+0000] GC(1031) Adjust Roots
[2025-08-01T02:31:31.764+0000] GC(1031) Adjust Roots 1.944ms
[2025-08-01T02:31:31.764+0000] GC(1031) Compaction Phase
[2025-08-01T02:31:31.872+0000] GC(1031) Compaction Phase 107.885ms
[2025-08-01T02:31:31.872+0000] GC(1031) Post Compact
[2025-08-01T02:31:31.887+0000] GC(1031) Post Compact 15.016ms
[2025-08-01T02:31:31.887+0000] GC(1031) PSYoungGen: 385376K->0K(931840K)
[2025-08-01T02:31:31.887+0000] GC(1031) ParOldGen: 2417840K->727082K(2796544K)
[2025-08-01T02:31:31.887+0000] GC(1031) Metaspace: 9712K(12544K)->9712K(12544K) NonClass: 8546K(11008K)->8546K(11008K) Class: 1166K(1536K)->1166K(1536K)
[2025-08-01T02:31:31.887+0000] GC(1031) Pause Full (Ergonomics) 2737M->710M(3641M) 167.225ms
[2025-08-01T02:31:31.887+0000] GC(1031) User=1.17s Sys=0.00s Real=0.17s
[2025-08-01T02:31:31.975+0000] GC(1032) Pause Young (Allocation Failure)
[2025-08-01T02:31:32.140+0000] GC(1032) PSYoungGen: 465920K->413152K(931840K)
[2025-08-01T02:31:32.140+0000] GC(1032) ParOldGen: 727082K->727082K(2796544K)
[2025-08-01T02:31:32.140+0000] GC(1032) Metaspace: 9712K(12544K)->9712K(12544K) NonClass: 8546K(11008K)->8546K(11008K) Class: 1166K(1536K)->1166K(1536K)
[2025-08-01T02:31:32.140+0000] GC(1032) Pause Young (Allocation Failure) 1165M->1113M(3641M) 164.994ms
[2025-08-01T02:31:32.140+0000] GC(1032) User=1.25s Sys=0.04s Real=0.16s
[2025-08-01T02:31:32.231+0000] GC(1033) Pause Young (Allocation Failure)
[2025-08-01T02:31:32.414+0000] GC(1033) PSYoungGen: 879072K->465920K(931840K)
[2025-08-01T02:31:32.414+0000] GC(1033) ParOldGen: 727082K->1151194K(2796544K)
[2025-08-01T02:31:32.414+0000] GC(1033) Metaspace: 9712K(12544K)->9712K(12544K) NonClass: 8546K(11008K)->8546K(11008K) Class: 1166K(1536K)->1166K(1536K)
[2025-08-01T02:31:32.414+0000] GC(1033) Pause Young (Allocation Failure) 1568M->1579M(3641M) 182.514ms
[2025-08-01T02:31:32.414+0000] GC(1033) User=1.41s Sys=0.03s Real=0.19s
[2025-08-01T02:31:32.558+0000] GC(1034) Pause Young (Allocation Failure)
[2025-08-01T02:31:32.686+0000] GC(1034) PSYoungGen: 931840K->257760K(931840K)
[2025-08-01T02:31:32.686+0000] GC(1034) ParOldGen: 1151194K->1389802K(2796544K)
[2025-08-01T02:31:32.686+0000] GC(1034) Metaspace: 9712K(12544K)->9712K(12544K) NonClass: 8546K(11008K)->8546K(11008K) Class: 1166K(1536K)->1166K(1536K)
[2025-08-01T02:31:32.686+0000] GC(1034) Pause Young (Allocation Failure) 2034M->1608M(3641M) 127.695ms
[2025-08-01T02:31:32.686+0000] GC(1034) User=0.93s Sys=0.03s Real=0.13s
[2025-08-01T02:31:32.777+0000] GC(1035) Pause Young (Allocation Failure)
[2025-08-01T02:31:32.918+0000] GC(1035) PSYoungGen: 723680K->379424K(931840K)
[2025-08-01T02:31:32.918+0000] GC(1035) ParOldGen: 1389802K->1540538K(2796544K)
[2025-08-01T02:31:32.918+0000] GC(1035) Metaspace: 9712K(12544K)->9712K(12544K) NonClass: 8546K(11008K)->8546K(11008K) Class: 1166K(1536K)->1166K(1536K)
[2025-08-01T02:31:32.918+0000] GC(1035) Pause Young (Allocation Failure) 2063M->1874M(3641M) 141.570ms
[2025-08-01T02:31:32.918+0000] GC(1035) User=1.06s Sys=0.04s Real=0.14s
[2025-08-01T02:31:33.006+0000] GC(1036) Pause Young (Allocation Failure)
[2025-08-01T02:31:33.201+0000] GC(1036) PSYoungGen: 845344K->442176K(931840K)
[2025-08-01T02:31:33.201+0000] GC(1036) ParOldGen: 1540538K->1795898K(2796544K)
[2025-08-01T02:31:33.201+0000] GC(1036) Metaspace: 9712K(12544K)->9712K(12544K) NonClass: 8546K(11008K)->8546K(11008K) Class: 1166K(1536K)->1166K(1536K)
[2025-08-01T02:31:33.201+0000] GC(1036) Pause Young (Allocation Failure) 2329M->2185M(3641M) 195.256ms
[2025-08-01T02:31:33.201+0000] GC(1036) User=1.49s Sys=0.01s Real=0.19s
[2025-08-01T02:31:33.290+0000] GC(1037) Pause Young (Allocation Failure)
[2025-08-01T02:31:33.520+0000] GC(1037) PSYoungGen: 908096K->465920K(931840K)
[2025-08-01T02:31:33.520+0000] GC(1037) ParOldGen: 1795898K->2249266K(2796544K)
[2025-08-01T02:31:33.520+0000] GC(1037) Metaspace: 9712K(12544K)->9712K(12544K) NonClass: 8546K(11008K)->8546K(11008K) Class: 1166K(1536K)->1166K(1536K)
[2025-08-01T02:31:33.520+0000] GC(1037) Pause Young (Allocation Failure) 2640M->2651M(3641M) 229.798ms
[2025-08-01T02:31:33.520+0000] GC(1037) User=1.82s Sys=0.01s Real=0.23s
[2025-08-01T02:31:33.606+0000] GC(1038) Pause Young (Allocation Failure)
[2025-08-01T02:31:33.720+0000] GC(1038) PSYoungGen: 931840K->262944K(931840K)
[2025-08-01T02:31:33.720+0000] GC(1038) ParOldGen: 2249266K->2463466K(2796544K)
[2025-08-01T02:31:33.720+0000] GC(1038) Metaspace: 9712K(12544K)->9712K(12544K) NonClass: 8546K(11008K)->8546K(11008K) Class: 1166K(1536K)->1166K(1536K)
[2025-08-01T02:31:33.720+0000] GC(1038) Pause Young (Allocation Failure) 3106M->2662M(3641M) 113.814ms
[2025-08-01T02:31:33.720+0000] GC(1038) User=0.88s Sys=0.01s Real=0.11s
[2025-08-01T02:31:33.720+0000] GC(1039) Pause Full (Ergonomics)
[2025-08-01T02:31:33.720+0000] GC(1039) Marking Phase
[2025-08-01T02:31:33.765+0000] GC(1039) Marking Phase 45.135ms
[2025-08-01T02:31:33.765+0000] GC(1039) Summary Phase
[2025-08-01T02:31:33.766+0000] GC(1039) Summary Phase 0.086ms
[2025-08-01T02:31:33.766+0000] GC(1039) Adjust Roots
[2025-08-01T02:31:33.767+0000] GC(1039) Adjust Roots 1.858ms
[2025-08-01T02:31:33.767+0000] GC(1039) Compaction Phase
[2025-08-01T02:31:33.876+0000] GC(1039) Compaction Phase 108.775ms
[2025-08-01T02:31:33.876+0000] GC(1039) Post Compact
[2025-08-01T02:31:33.890+0000] GC(1039) Post Compact 13.499ms
[2025-08-01T02:31:33.890+0000] GC(1039) PSYoungGen: 262944K->0K(931840K)
[2025-08-01T02:31:33.890+0000] GC(1039) ParOldGen: 2463466K->739988K(2796544K)
[2025-08-01T02:31:33.890+0000] GC(1039) Metaspace: 9712K(12544K)->9712K(12544K) NonClass: 8546K(11008K)->8546K(11008K) Class: 1166K(1536K)->1166K(1536K)
[2025-08-01T02:31:33.890+0000] GC(1039) Pause Full (Ergonomics) 2662M->722M(3641M) 169.785ms
[2025-08-01T02:31:33.890+0000] GC(1039) User=1.20s Sys=0.01s Real=0.17s
[2025-08-01T02:31:33.974+0000] GC(1040) Pause Young (Allocation Failure)
[2025-08-01T02:31:34.031+0000] GC(1040) PSYoungGen: 465920K->247360K(931840K)
[2025-08-01T02:31:34.031+0000] GC(1040) ParOldGen: 739988K->739988K(2796544K)
[2025-08-01T02:31:34.031+0000] GC(1040) Metaspace: 9712K(12544K)->9712K(12544K) NonClass: 8546K(11008K)->8546K(11008K) Class: 1166K(1536K)->1166K(1536K)
[2025-08-01T02:31:34.031+0000] GC(1040) Pause Young (Allocation Failure) 1177M->964M(3641M) 57.406ms
[2025-08-01T02:31:34.031+0000] GC(1040) User=0.41s Sys=0.02s Real=0.05s
[2025-08-01T02:31:34.119+0000] GC(1041) Pause Young (Allocation Failure)
[2025-08-01T02:31:34.288+0000] GC(1041) PSYoungGen: 713280K->465920K(931840K)
[2025-08-01T02:31:34.288+0000] GC(1041) ParOldGen: 739988K->998180K(2796544K)
[2025-08-01T02:31:34.288+0000] GC(1041) Metaspace: 9712K(12544K)->9712K(12544K) NonClass: 8546K(11008K)->8546K(11008K) Class: 1166K(1536K)->1166K(1536K)
[2025-08-01T02:31:34.288+0000] GC(1041) Pause Young (Allocation Failure) 1419M->1429M(3641M) 169.270ms
[2025-08-01T02:31:34.288+0000] GC(1041) User=1.30s Sys=0.03s Real=0.17s
[2025-08-01T02:31:34.383+0000] GC(1042) Pause Young (Allocation Failure)
[2025-08-01T02:31:34.608+0000] GC(1042) PSYoungGen: 931840K->465920K(931840K)
[2025-08-01T02:31:34.608+0000] GC(1042) ParOldGen: 998180K->1477204K(2796544K)
[2025-08-01T02:31:34.608+0000] GC(1042) Metaspace: 9712K(12544K)->9712K(12544K) NonClass: 8546K(11008K)->8546K(11008K) Class: 1166K(1536K)->1166K(1536K)
[2025-08-01T02:31:34.608+0000] GC(1042) Pause Young (Allocation Failure) 1884M->1897M(3641M) 224.945ms
[2025-08-01T02:31:34.608+0000] GC(1042) User=1.74s Sys=0.04s Real=0.22s
[2025-08-01T02:31:34.706+0000] GC(1043) Pause Young (Allocation Failure)
[2025-08-01T02:31:34.789+0000] GC(1043) PSYoungGen: 931840K->237824K(931840K)
[2025-08-01T02:31:34.789+0000] GC(1043) ParOldGen: 1477204K->1701220K(2796544K)
[2025-08-01T02:31:34.789+0000] GC(1043) Metaspace: 9712K(12544K)->9712K(12544K) NonClass: 8546K(11008K)->8546K(11008K) Class: 1166K(1536K)->1166K(1536K)
[2025-08-01T02:31:34.789+0000] GC(1043) Pause Young (Allocation Failure) 2352M->1893M(3641M) 83.561ms
[2025-08-01T02:31:34.789+0000] GC(1043) User=0.65s Sys=0.00s Real=0.08s
[2025-08-01T02:31:34.873+0000] GC(1044) Pause Young (Allocation Failure)
[2025-08-01T02:31:34.971+0000] GC(1044) PSYoungGen: 703744K->258848K(931840K)
[2025-08-01T02:31:34.971+0000] GC(1044) ParOldGen: 1701220K->1701276K(2796544K)
[2025-08-01T02:31:34.971+0000] GC(1044) Metaspace: 9712K(12544K)->9712K(12544K) NonClass: 8546K(11008K)->8546K(11008K) Class: 1166K(1536K)->1166K(1536K)
[2025-08-01T02:31:34.971+0000] GC(1044) Pause Young (Allocation Failure) 2348M->1914M(3641M) 98.293ms
[2025-08-01T02:31:34.971+0000] GC(1044) User=0.69s Sys=0.03s Real=0.09s
[2025-08-01T02:31:35.060+0000] GC(1045) Pause Young (Allocation Failure)
[2025-08-01T02:31:35.201+0000] GC(1045) PSYoungGen: 724768K->465920K(931840K)
[2025-08-01T02:31:35.201+0000] GC(1045) ParOldGen: 1701276K->1967764K(2796544K)
[2025-08-01T02:31:35.201+0000] GC(1045) Metaspace: 9712K(12544K)->9712K(12544K) NonClass: 8546K(11008K)->8546K(11008K) Class: 1166K(1536K)->1166K(1536K)
[2025-08-01T02:31:35.201+0000] GC(1045) Pause Young (Allocation Failure) 2369M->2376M(3641M) 140.829ms
[2025-08-01T02:31:35.201+0000] GC(1045) User=1.10s Sys=0.01s Real=0.14s
[2025-08-01T02:31:35.294+0000] GC(1046) Pause Young (Allocation Failure)
[2025-08-01T02:31:35.543+0000] GC(1046) PSYoungGen: 931840K->465920K(931840K)
[2025-08-01T02:31:35.543+0000] GC(1046) ParOldGen: 1967764K->2446732K(2796544K)
[2025-08-01T02:31:35.543+0000] GC(1046) Metaspace: 9712K(12544K)->9712K(12544K) NonClass: 8546K(11008K)->8546K(11008K) Class: 1166K(1536K)->1166K(1536K)
[2025-08-01T02:31:35.543+0000] GC(1046) Pause Young (Allocation Failure) 2831M->2844M(3641M) 249.004ms
[2025-08-01T02:31:35.543+0000] GC(1046) User=1.89s Sys=0.06s Real=0.25s
[2025-08-01T02:31:35.543+0000] GC(1047) Pause Full (Ergonomics)
[2025-08-01T02:31:35.543+0000] GC(1047) Marking Phase
[2025-08-01T02:31:35.614+0000] GC(1047) Marking Phase 70.303ms
[2025-08-01T02:31:35.614+0000] GC(1047) Summary Phase
[2025-08-01T02:31:35.614+0000] GC(1047) Summary Phase 0.144ms
[2025-08-01T02:31:35.614+0000] GC(1047) Adjust Roots
[2025-08-01T02:31:35.616+0000] GC(1047) Adjust Roots 1.730ms
[2025-08-01T02:31:35.616+0000] GC(1047) Compaction Phase
[2025-08-01T02:31:35.804+0000] GC(1047) Compaction Phase 188.722ms
[2025-08-01T02:31:35.804+0000] GC(1047) Post Compact
[2025-08-01T02:31:35.821+0000] GC(1047) Post Compact 17.034ms
[2025-08-01T02:31:35.822+0000] GC(1047) PSYoungGen: 465920K->0K(931840K)
[2025-08-01T02:31:35.822+0000] GC(1047) ParOldGen: 2446732K->1218348K(2796544K)
[2025-08-01T02:31:35.822+0000] GC(1047) Metaspace: 9712K(12544K)->9712K(12544K) NonClass: 8546K(11008K)->8546K(11008K) Class: 1166K(1536K)->1166K(1536K)
[2025-08-01T02:31:35.822+0000] GC(1047) Pause Full (Ergonomics) 2844M->1189M(3641M) 278.352ms
[2025-08-01T02:31:35.822+0000] GC(1047) User=2.04s Sys=0.02s Real=0.27s
[2025-08-01T02:31:35.913+0000] GC(1048) Pause Young (Allocation Failure)
[2025-08-01T02:31:35.989+0000] GC(1048) PSYoungGen: 465920K->246752K(931840K)
[2025-08-01T02:31:35.989+0000] GC(1048) ParOldGen: 1218348K->1218348K(2796544K)
[2025-08-01T02:31:35.989+0000] GC(1048) Metaspace: 9712K(12544K)->9712K(12544K) NonClass: 8546K(11008K)->8546K(11008K) Class: 1166K(1536K)->1166K(1536K)
[2025-08-01T02:31:35.989+0000] GC(1048) Pause Young (Allocation Failure) 1644M->1430M(3641M) 76.143ms
[2025-08-01T02:31:35.989+0000] GC(1048) User=0.58s Sys=0.01s Real=0.07s
[2025-08-01T02:31:36.075+0000] GC(1049) Pause Young (Allocation Failure)
[2025-08-01T02:31:36.142+0000] GC(1049) PSYoungGen: 712672K->264800K(931840K)
[2025-08-01T02:31:36.142+0000] GC(1049) ParOldGen: 1218348K->1218396K(2796544K)
[2025-08-01T02:31:36.142+0000] GC(1049) Metaspace: 9712K(12544K)->9712K(12544K) NonClass: 8546K(11008K)->8546K(11008K) Class: 1166K(1536K)->1166K(1536K)
[2025-08-01T02:31:36.142+0000] GC(1049) Pause Young (Allocation Failure) 1885M->1448M(3641M) 67.237ms
[2025-08-01T02:31:36.142+0000] GC(1049) User=0.49s Sys=0.02s Real=0.06s
[2025-08-01T02:31:36.231+0000] GC(1050) Pause Young (Allocation Failure)
[2025-08-01T02:31:36.410+0000] GC(1050) PSYoungGen: 730720K->465920K(931840K)
[2025-08-01T02:31:36.410+0000] GC(1050) ParOldGen: 1218396K->1494756K(2796544K)
[2025-08-01T02:31:36.410+0000] GC(1050) Metaspace: 9712K(12544K)->9712K(12544K) NonClass: 8546K(11008K)->8546K(11008K) Class: 1166K(1536K)->1166K(1536K)
[2025-08-01T02:31:36.410+0000] GC(1050) Pause Young (Allocation Failure) 1903M->1914M(3641M) 179.244ms
[2025-08-01T02:31:36.410+0000] GC(1050) User=1.36s Sys=0.03s Real=0.18s
[2025-08-01T02:31:36.500+0000] GC(1051) Pause Young (Allocation Failure)
[2025-08-01T02:31:36.702+0000] GC(1051) PSYoungGen: 931840K->465920K(931840K)
[2025-08-01T02:31:36.702+0000] GC(1051) ParOldGen: 1494756K->1974804K(2796544K)
[2025-08-01T02:31:36.702+0000] GC(1051) Metaspace: 9712K(12544K)->9712K(12544K) NonClass: 8546K(11008K)->8546K(11008K) Class: 1166K(1536K)->1166K(1536K)
[2025-08-01T02:31:36.702+0000] GC(1051) Pause Young (Allocation Failure) 2369M->2383M(3641M) 201.431ms
[2025-08-01T02:31:36.702+0000] GC(1051) User=1.53s Sys=0.05s Real=0.20s
[2025-08-01T02:31:36.796+0000] GC(1052) Pause Young (Allocation Failure)
[2025-08-01T02:31:36.900+0000] GC(1052) PSYoungGen: 931840K->269312K(931840K)
[2025-08-01T02:31:36.900+0000] GC(1052) ParOldGen: 1974804K->2203556K(2796544K)
[2025-08-01T02:31:36.900+0000] GC(1052) Metaspace: 9712K(12544K)->9712K(12544K) NonClass: 8546K(11008K)->8546K(11008K) Class: 1166K(1536K)->1166K(1536K)
[2025-08-01T02:31:36.900+0000] GC(1052) Pause Young (Allocation Failure) 2838M->2414M(3641M) 103.709ms
[2025-08-01T02:31:36.900+0000] GC(1052) User=0.81s Sys=0.01s Real=0.10s
[2025-08-01T02:31:36.986+0000] GC(1053) Pause Young (Allocation Failure)
[2025-08-01T02:31:37.092+0000] GC(1053) PSYoungGen: 735232K->274752K(931840K)
[2025-08-01T02:31:37.093+0000] GC(1053) ParOldGen: 2203556K->2203620K(2796544K)
[2025-08-01T02:31:37.093+0000] GC(1053) Metaspace: 9712K(12544K)->9712K(12544K) NonClass: 8546K(11008K)->8546K(11008K) Class: 1166K(1536K)->1166K(1536K)
[2025-08-01T02:31:37.093+0000] GC(1053) Pause Young (Allocation Failure) 2869M->2420M(3641M) 106.520ms
[2025-08-01T02:31:37.093+0000] GC(1053) User=0.74s Sys=0.05s Real=0.10s
[2025-08-01T02:31:37.183+0000] GC(1054) Pause Young (Allocation Failure)
[2025-08-01T02:31:37.321+0000] GC(1054) PSYoungGen: 740672K->465920K(931840K)
[2025-08-01T02:31:37.321+0000] GC(1054) ParOldGen: 2203620K->2487964K(2796544K)
[2025-08-01T02:31:37.322+0000] GC(1054) Metaspace: 9712K(12544K)->9712K(12544K) NonClass: 8546K(11008K)->8546K(11008K) Class: 1166K(1536K)->1166K(1536K)
[2025-08-01T02:31:37.322+0000] GC(1054) Pause Young (Allocation Failure) 2875M->2884M(3641M) 138.906ms
[2025-08-01T02:31:37.322+0000] GC(1054) User=1.10s Sys=0.00s Real=0.14s
[2025-08-01T02:31:37.322+0000] GC(1055) Pause Full (Ergonomics)
[2025-08-01T02:31:37.322+0000] GC(1055) Marking Phase
[2025-08-01T02:31:37.359+0000] GC(1055) Marking Phase 37.513ms
[2025-08-01T02:31:37.359+0000] GC(1055) Summary Phase
[2025-08-01T02:31:37.359+0000] GC(1055) Summary Phase 0.089ms
[2025-08-01T02:31:37.359+0000] GC(1055) Adjust Roots
[2025-08-01T02:31:37.361+0000] GC(1055) Adjust Roots 1.763ms
[2025-08-01T02:31:37.361+0000] GC(1055) Compaction Phase
[2025-08-01T02:31:37.475+0000] GC(1055) Compaction Phase 113.914ms
[2025-08-01T02:31:37.475+0000] GC(1055) Post Compact
[2025-08-01T02:31:37.494+0000] GC(1055) Post Compact 19.134ms
[2025-08-01T02:31:37.494+0000] GC(1055) PSYoungGen: 465920K->0K(931840K)
[2025-08-01T02:31:37.494+0000] GC(1055) ParOldGen: 2487964K->771801K(2796544K)
[2025-08-01T02:31:37.494+0000] GC(1055) Metaspace: 9712K(12544K)->9712K(12544K) NonClass: 8546K(11008K)->8546K(11008K) Class: 1166K(1536K)->1166K(1536K)
[2025-08-01T02:31:37.494+0000] GC(1055) Pause Full (Ergonomics) 2884M->753M(3641M) 172.776ms
[2025-08-01T02:31:37.494+0000] GC(1055) User=1.19s Sys=0.00s Real=0.18s
[2025-08-01T02:31:37.584+0000] GC(1056) Pause Young (Allocation Failure)
[2025-08-01T02:31:37.758+0000] GC(1056) PSYoungGen: 465920K->465920K(931840K)
[2025-08-01T02:31:37.758+0000] GC(1056) ParOldGen: 771801K->774441K(2796544K)
[2025-08-01T02:31:37.758+0000] GC(1056) Metaspace: 9712K(12544K)->9712K(12544K) NonClass: 8546K(11008K)->8546K(11008K) Class: 1166K(1536K)->1166K(1536K)
[2025-08-01T02:31:37.758+0000] GC(1056) Pause Young (Allocation Failure) 1208M->1211M(3641M) 173.440ms
[2025-08-01T02:31:37.758+0000] GC(1056) User=1.33s Sys=0.04s Real=0.17s
[2025-08-01T02:31:37.844+0000] GC(1057) Pause Young (Allocation Failure)
[2025-08-01T02:31:37.981+0000] GC(1057) PSYoungGen: 931840K->356288K(931840K)
[2025-08-01T02:31:37.981+0000] GC(1057) ParOldGen: 774441K->1127641K(2796544K)
[2025-08-01T02:31:37.981+0000] GC(1057) Metaspace: 9712K(12544K)->9712K(12544K) NonClass: 8546K(11008K)->8546K(11008K) Class: 1166K(1536K)->1166K(1536K)
[2025-08-01T02:31:37.981+0000] GC(1057) Pause Young (Allocation Failure) 1666M->1449M(3641M) 137.225ms
[2025-08-01T02:31:37.981+0000] GC(1057) User=1.05s Sys=0.03s Real=0.13s
[2025-08-01T02:31:38.064+0000] GC(1058) Pause Young (Allocation Failure)
[2025-08-01T02:31:38.151+0000] GC(1058) PSYoungGen: 822208K->398144K(931840K)
[2025-08-01T02:31:38.151+0000] GC(1058) ParOldGen: 1127641K->1243505K(2796544K)
[2025-08-01T02:31:38.151+0000] GC(1058) Metaspace: 9712K(12544K)->9712K(12544K) NonClass: 8546K(11008K)->8546K(11008K) Class: 1166K(1536K)->1166K(1536K)
[2025-08-01T02:31:38.151+0000] GC(1058) Pause Young (Allocation Failure) 1904M->1603M(3641M) 87.413ms
[2025-08-01T02:31:38.151+0000] GC(1058) User=0.64s Sys=0.00s Real=0.08s
[2025-08-01T02:31:38.286+0000] GC(1059) Pause Young (Allocation Failure)
[2025-08-01T02:31:38.542+0000] GC(1059) PSYoungGen: 864064K->465920K(931840K)
[2025-08-01T02:31:38.542+0000] GC(1059) ParOldGen: 1243505K->1532529K(2796544K)
[2025-08-01T02:31:38.542+0000] GC(1059) Metaspace: 9712K(12544K)->9712K(12544K) NonClass: 8546K(11008K)->8546K(11008K) Class: 1166K(1536K)->1166K(1536K)
[2025-08-01T02:31:38.542+0000] GC(1059) Pause Young (Allocation Failure) 2058M->1951M(3641M) 256.061ms
[2025-08-01T02:31:38.542+0000] GC(1059) User=2.00s Sys=0.02s Real=0.25s
[2025-08-01T02:31:38.629+0000] GC(1060) Pause Young (Allocation Failure)
[2025-08-01T02:31:38.860+0000] GC(1060) PSYoungGen: 931840K->465920K(931840K)
[2025-08-01T02:31:38.860+0000] GC(1060) ParOldGen: 1532529K->2011457K(2796544K)
[2025-08-01T02:31:38.860+0000] GC(1060) Metaspace: 9712K(12544K)->9712K(12544K) NonClass: 8546K(11008K)->8546K(11008K) Class: 1166K(1536K)->1166K(1536K)
[2025-08-01T02:31:38.860+0000] GC(1060) Pause Young (Allocation Failure) 2406M->2419M(3641M) 231.646ms
[2025-08-01T02:31:38.860+0000] GC(1060) User=1.80s Sys=0.04s Real=0.23s
[2025-08-01T02:31:38.946+0000] GC(1061) Pause Young (Allocation Failure)
[2025-08-01T02:31:39.072+0000] GC(1061) PSYoungGen: 931840K->398432K(931840K)
[2025-08-01T02:31:39.072+0000] GC(1061) ParOldGen: 2011457K->2367689K(2796544K)
[2025-08-01T02:31:39.072+0000] GC(1061) Metaspace: 9712K(12544K)->9712K(12544K) NonClass: 8546K(11008K)->8546K(11008K) Class: 1166K(1536K)->1166K(1536K)
[2025-08-01T02:31:39.072+0000] GC(1061) Pause Young (Allocation Failure) 2874M->2701M(3641M) 126.196ms
[2025-08-01T02:31:39.072+0000] GC(1061) User=0.99s Sys=0.00s Real=0.12s
[2025-08-01T02:31:39.072+0000] GC(1062) Pause Full (Ergonomics)
[2025-08-01T02:31:39.072+0000] GC(1062) Marking Phase
[2025-08-01T02:31:39.145+0000] GC(1062) Marking Phase 72.821ms
[2025-08-01T02:31:39.145+0000] GC(1062) Summary Phase
[2025-08-01T02:31:39.145+0000] GC(1062) Summary Phase 0.085ms
[2025-08-01T02:31:39.145+0000] GC(1062) Adjust Roots
[2025-08-01T02:31:39.147+0000] GC(1062) Adjust Roots 1.688ms
[2025-08-01T02:31:39.147+0000] GC(1062) Compaction Phase
[2025-08-01T02:31:39.343+0000] GC(1062) Compaction Phase 195.589ms
[2025-08-01T02:31:39.343+0000] GC(1062) Post Compact
[2025-08-01T02:31:39.360+0000] GC(1062) Post Compact 17.661ms
[2025-08-01T02:31:39.360+0000] GC(1062) PSYoungGen: 398432K->0K(931840K)
[2025-08-01T02:31:39.360+0000] GC(1062) ParOldGen: 2367689K->1244820K(2796544K)
[2025-08-01T02:31:39.360+0000] GC(1062) Metaspace: 9712K(12544K)->9712K(12544K) NonClass: 8546K(11008K)->8546K(11008K) Class: 1166K(1536K)->1166K(1536K)
[2025-08-01T02:31:39.360+0000] GC(1062) Pause Full (Ergonomics) 2701M->1215M(3641M) 288.198ms
[2025-08-01T02:31:39.360+0000] GC(1062) User=2.10s Sys=0.00s Real=0.29s
[2025-08-01T02:31:39.447+0000] GC(1063) Pause Young (Allocation Failure)
[2025-08-01T02:31:39.601+0000] GC(1063) PSYoungGen: 465920K->391264K(931840K)
[2025-08-01T02:31:39.601+0000] GC(1063) ParOldGen: 1244820K->1244820K(2796544K)
[2025-08-01T02:31:39.601+0000] GC(1063) Metaspace: 9712K(12544K)->9712K(12544K) NonClass: 8546K(11008K)->8546K(11008K) Class: 1166K(1536K)->1166K(1536K)
[2025-08-01T02:31:39.601+0000] GC(1063) Pause Young (Allocation Failure) 1670M->1597M(3641M) 154.750ms
[2025-08-01T02:31:39.601+0000] GC(1063) User=1.16s Sys=0.05s Real=0.15s
[2025-08-01T02:31:39.685+0000] GC(1064) Pause Young (Allocation Failure)
[2025-08-01T02:31:39.826+0000] GC(1064) PSYoungGen: 857184K->443104K(931840K)
[2025-08-01T02:31:39.826+0000] GC(1064) ParOldGen: 1244820K->1525988K(2796544K)
[2025-08-01T02:31:39.826+0000] GC(1064) Metaspace: 9712K(12544K)->9712K(12544K) NonClass: 8546K(11008K)->8546K(11008K) Class: 1166K(1536K)->1166K(1536K)
[2025-08-01T02:31:39.826+0000] GC(1064) Pause Young (Allocation Failure) 2052M->1922M(3641M) 140.873ms
[2025-08-01T02:31:39.826+0000] GC(1064) User=1.11s Sys=0.01s Real=0.14s
[2025-08-01T02:31:39.909+0000] GC(1065) Pause Young (Allocation Failure)
[2025-08-01T02:31:40.113+0000] GC(1065) PSYoungGen: 909024K->465920K(931840K)
[2025-08-01T02:31:40.113+0000] GC(1065) ParOldGen: 1525988K->1979580K(2796544K)
[2025-08-01T02:31:40.113+0000] GC(1065) Metaspace: 9712K(12544K)->9712K(12544K) NonClass: 8546K(11008K)->8546K(11008K) Class: 1166K(1536K)->1166K(1536K)
[2025-08-01T02:31:40.113+0000] GC(1065) Pause Young (Allocation Failure) 2377M->2388M(3641M) 204.321ms
[2025-08-01T02:31:40.113+0000] GC(1065) User=1.58s Sys=0.04s Real=0.20s
[2025-08-01T02:31:40.197+0000] GC(1066) Pause Young (Allocation Failure)
[2025-08-01T02:31:40.356+0000] GC(1066) PSYoungGen: 931840K->421408K(931840K)
[2025-08-01T02:31:40.356+0000] GC(1066) ParOldGen: 1979580K->2311820K(2796544K)
[2025-08-01T02:31:40.356+0000] GC(1066) Metaspace: 9712K(12544K)->9712K(12544K) NonClass: 8546K(11008K)->8546K(11008K) Class: 1166K(1536K)->1166K(1536K)
[2025-08-01T02:31:40.356+0000] GC(1066) Pause Young (Allocation Failure) 2843M->2669M(3641M) 158.644ms
[2025-08-01T02:31:40.356+0000] GC(1066) User=1.23s Sys=0.02s Real=0.16s
[2025-08-01T02:31:40.356+0000] GC(1067) Pause Full (Ergonomics)
[2025-08-01T02:31:40.356+0000] GC(1067) Marking Phase
[2025-08-01T02:31:40.420+0000] GC(1067) Marking Phase 64.395ms
[2025-08-01T02:31:40.420+0000] GC(1067) Summary Phase
[2025-08-01T02:31:40.420+0000] GC(1067) Summary Phase 0.107ms
[2025-08-01T02:31:40.420+0000] GC(1067) Adjust Roots
[2025-08-01T02:31:40.422+0000] GC(1067) Adjust Roots 1.773ms
[2025-08-01T02:31:40.422+0000] GC(1067) Compaction Phase
[2025-08-01T02:31:40.621+0000] GC(1067) Compaction Phase 198.724ms
[2025-08-01T02:31:40.621+0000] GC(1067) Post Compact
[2025-08-01T02:31:40.640+0000] GC(1067) Post Compact 18.558ms
[2025-08-01T02:31:40.640+0000] GC(1067) PSYoungGen: 421408K->0K(931840K)
[2025-08-01T02:31:40.640+0000] GC(1067) ParOldGen: 2311820K->1253591K(2796544K)
[2025-08-01T02:31:40.640+0000] GC(1067) Metaspace: 9712K(12544K)->9712K(12544K) NonClass: 8546K(11008K)->8546K(11008K) Class: 1166K(1536K)->1166K(1536K)
[2025-08-01T02:31:40.640+0000] GC(1067) Pause Full (Ergonomics) 2669M->1224M(3641M) 283.963ms
[2025-08-01T02:31:40.640+0000] GC(1067) User=2.08s Sys=0.00s Real=0.28s
[2025-08-01T02:31:40.724+0000] GC(1068) Pause Young (Allocation Failure)
[2025-08-01T02:31:40.801+0000] GC(1068) PSYoungGen: 465920K->365248K(931840K)
[2025-08-01T02:31:40.802+0000] GC(1068) ParOldGen: 1253591K->1253591K(2796544K)
[2025-08-01T02:31:40.802+0000] GC(1068) Metaspace: 9712K(12544K)->9712K(12544K) NonClass: 8546K(11008K)->8546K(11008K) Class: 1166K(1536K)->1166K(1536K)
[2025-08-01T02:31:40.802+0000] GC(1068) Pause Young (Allocation Failure) 1679M->1580M(3641M) 77.595ms
[2025-08-01T02:31:40.802+0000] GC(1068) User=0.59s Sys=0.02s Real=0.07s
[2025-08-01T02:31:40.884+0000] GC(1069) Pause Young (Allocation Failure)
[2025-08-01T02:31:41.024+0000] GC(1069) PSYoungGen: 831168K->451552K(931840K)
[2025-08-01T02:31:41.024+0000] GC(1069) ParOldGen: 1253591K->1502855K(2796544K)
[2025-08-01T02:31:41.024+0000] GC(1069) Metaspace: 9712K(12544K)->9712K(12544K) NonClass: 8546K(11008K)->8546K(11008K) Class: 1166K(1536K)->1166K(1536K)
[2025-08-01T02:31:41.024+0000] GC(1069) Pause Young (Allocation Failure) 2035M->1908M(3641M) 139.779ms
[2025-08-01T02:31:41.024+0000] GC(1069) User=1.08s Sys=0.02s Real=0.14s
[2025-08-01T02:31:41.106+0000] GC(1070) Pause Young (Allocation Failure)
[2025-08-01T02:31:41.282+0000] GC(1070) PSYoungGen: 917472K->465920K(931840K)
[2025-08-01T02:31:41.282+0000] GC(1070) ParOldGen: 1502855K->1965287K(2796544K)
[2025-08-01T02:31:41.282+0000] GC(1070) Metaspace: 9712K(12544K)->9712K(12544K) NonClass: 8546K(11008K)->8546K(11008K) Class: 1166K(1536K)->1166K(1536K)
[2025-08-01T02:31:41.282+0000] GC(1070) Pause Young (Allocation Failure) 2363M->2374M(3641M) 176.109ms
[2025-08-01T02:31:41.282+0000] GC(1070) User=1.33s Sys=0.03s Real=0.17s
[2025-08-01T02:31:41.367+0000] GC(1071) Pause Young (Allocation Failure)
[2025-08-01T02:31:41.525+0000] GC(1071) PSYoungGen: 931840K->411328K(931840K)
[2025-08-01T02:31:41.525+0000] GC(1071) ParOldGen: 1965287K->2305951K(2796544K)
[2025-08-01T02:31:41.525+0000] GC(1071) Metaspace: 9712K(12544K)->9712K(12544K) NonClass: 8546K(11008K)->8546K(11008K) Class: 1166K(1536K)->1166K(1536K)
[2025-08-01T02:31:41.525+0000] GC(1071) Pause Young (Allocation Failure) 2829M->2653M(3641M) 157.813ms
[2025-08-01T02:31:41.525+0000] GC(1071) User=1.24s Sys=0.02s Real=0.16s
[2025-08-01T02:31:41.525+0000] GC(1072) Pause Full (Ergonomics)
[2025-08-01T02:31:41.525+0000] GC(1072) Marking Phase
[2025-08-01T02:31:41.589+0000] GC(1072) Marking Phase 64.073ms
[2025-08-01T02:31:41.589+0000] GC(1072) Summary Phase
[2025-08-01T02:31:41.589+0000] GC(1072) Summary Phase 0.095ms
[2025-08-01T02:31:41.589+0000] GC(1072) Adjust Roots
[2025-08-01T02:31:41.591+0000] GC(1072) Adjust Roots 1.666ms
[2025-08-01T02:31:41.591+0000] GC(1072) Compaction Phase
[2025-08-01T02:31:41.792+0000] GC(1072) Compaction Phase 200.426ms
[2025-08-01T02:31:41.792+0000] GC(1072) Post Compact
[2025-08-01T02:31:41.808+0000] GC(1072) Post Compact 16.269ms
[2025-08-01T02:31:41.808+0000] GC(1072) PSYoungGen: 411328K->0K(931840K)
[2025-08-01T02:31:41.808+0000] GC(1072) ParOldGen: 2305951K->1259265K(2796544K)
[2025-08-01T02:31:41.808+0000] GC(1072) Metaspace: 9712K(12544K)->9712K(12544K) NonClass: 8546K(11008K)->8546K(11008K) Class: 1166K(1536K)->1166K(1536K)
[2025-08-01T02:31:41.808+0000] GC(1072) Pause Full (Ergonomics) 2653M->1229M(3641M) 283.123ms
[2025-08-01T02:31:41.808+0000] GC(1072) User=2.09s Sys=0.00s Real=0.28s
[2025-08-01T02:31:41.903+0000] GC(1073) Pause Young (Allocation Failure)
[2025-08-01T02:31:42.053+0000] GC(1073) PSYoungGen: 465920K->384480K(931840K)
[2025-08-01T02:31:42.054+0000] GC(1073) ParOldGen: 1259265K->1259265K(2796544K)
[2025-08-01T02:31:42.054+0000] GC(1073) Metaspace: 9712K(12544K)->9712K(12544K) NonClass: 8546K(11008K)->8546K(11008K) Class: 1166K(1536K)->1166K(1536K)
[2025-08-01T02:31:42.054+0000] GC(1073) Pause Young (Allocation Failure) 1684M->1605M(3641M) 150.067ms
[2025-08-01T02:31:42.054+0000] GC(1073) User=1.12s Sys=0.04s Real=0.15s
[2025-08-01T02:31:42.192+0000] GC(1074) Pause Young (Allocation Failure)
[2025-08-01T02:31:42.391+0000] GC(1074) PSYoungGen: 850400K->452288K(931840K)
[2025-08-01T02:31:42.391+0000] GC(1074) ParOldGen: 1259265K->1531193K(2796544K)
[2025-08-01T02:31:42.391+0000] GC(1074) Metaspace: 9712K(12544K)->9712K(12544K) NonClass: 8546K(11008K)->8546K(11008K) Class: 1166K(1536K)->1166K(1536K)
[2025-08-01T02:31:42.391+0000] GC(1074) Pause Young (Allocation Failure) 2060M->1936M(3641M) 198.912ms
[2025-08-01T02:31:42.391+0000] GC(1074) User=1.45s Sys=0.08s Real=0.20s
[2025-08-01T02:31:42.479+0000] GC(1075) Pause Young (Allocation Failure)
[2025-08-01T02:31:42.646+0000] GC(1075) PSYoungGen: 918208K->465920K(931840K)
[2025-08-01T02:31:42.646+0000] GC(1075) ParOldGen: 1531193K->1994881K(2796544K)
[2025-08-01T02:31:42.646+0000] GC(1075) Metaspace: 9712K(12544K)->9712K(12544K) NonClass: 8546K(11008K)->8546K(11008K) Class: 1166K(1536K)->1166K(1536K)
[2025-08-01T02:31:42.646+0000] GC(1075) Pause Young (Allocation Failure) 2391M->2403M(3641M) 166.831ms
[2025-08-01T02:31:42.646+0000] GC(1075) User=1.32s Sys=0.00s Real=0.17s
[2025-08-01T02:31:42.734+0000] GC(1076) Pause Young (Allocation Failure)
[2025-08-01T02:31:42.875+0000] GC(1076) PSYoungGen: 931840K->410880K(931840K)
[2025-08-01T02:31:42.875+0000] GC(1076) ParOldGen: 1994881K->2345129K(2796544K)
[2025-08-01T02:31:42.875+0000] GC(1076) Metaspace: 9712K(12544K)->9712K(12544K) NonClass: 8546K(11008K)->8546K(11008K) Class: 1166K(1536K)->1166K(1536K)
[2025-08-01T02:31:42.876+0000] GC(1076) Pause Young (Allocation Failure) 2858M->2691M(3641M) 141.745ms
[2025-08-01T02:31:42.876+0000] GC(1076) User=1.10s Sys=0.02s Real=0.14s
[2025-08-01T02:31:42.876+0000] GC(1077) Pause Full (Ergonomics)
[2025-08-01T02:31:42.876+0000] GC(1077) Marking Phase
[2025-08-01T02:31:42.938+0000] GC(1077) Marking Phase 61.905ms
[2025-08-01T02:31:42.938+0000] GC(1077) Summary Phase
[2025-08-01T02:31:42.938+0000] GC(1077) Summary Phase 0.066ms
[2025-08-01T02:31:42.938+0000] GC(1077) Adjust Roots
[2025-08-01T02:31:42.939+0000] GC(1077) Adjust Roots 1.664ms
[2025-08-01T02:31:42.939+0000] GC(1077) Compaction Phase
[2025-08-01T02:31:43.132+0000] GC(1077) Compaction Phase 192.446ms
[2025-08-01T02:31:43.132+0000] GC(1077) Post Compact
[2025-08-01T02:31:43.151+0000] GC(1077) Post Compact 18.844ms
[2025-08-01T02:31:43.151+0000] GC(1077) PSYoungGen: 410880K->0K(931840K)
[2025-08-01T02:31:43.151+0000] GC(1077) ParOldGen: 2345129K->1268204K(2796544K)
[2025-08-01T02:31:43.151+0000] GC(1077) Metaspace: 9712K(12544K)->9712K(12544K) NonClass: 8546K(11008K)->8546K(11008K) Class: 1166K(1536K)->1166K(1536K)
[2025-08-01T02:31:43.151+0000] GC(1077) Pause Full (Ergonomics) 2691M->1238M(3641M) 275.260ms
[2025-08-01T02:31:43.151+0000] GC(1077) User=2.02s Sys=0.00s Real=0.27s
[2025-08-01T02:31:43.238+0000] GC(1078) Pause Young (Allocation Failure)
[2025-08-01T02:31:43.311+0000] GC(1078) PSYoungGen: 465920K->383872K(931840K)
[2025-08-01T02:31:43.311+0000] GC(1078) ParOldGen: 1268204K->1268204K(2796544K)
[2025-08-01T02:31:43.311+0000] GC(1078) Metaspace: 9712K(12544K)->9712K(12544K) NonClass: 8546K(11008K)->8546K(11008K) Class: 1166K(1536K)->1166K(1536K)
[2025-08-01T02:31:43.311+0000] GC(1078) Pause Young (Allocation Failure) 1693M->1613M(3641M) 73.211ms
[2025-08-01T02:31:43.311+0000] GC(1078) User=0.58s Sys=0.00s Real=0.07s
[2025-08-01T02:31:43.451+0000] GC(1079) Pause Young (Allocation Failure)
[2025-08-01T02:31:43.684+0000] GC(1079) PSYoungGen: 849792K->465920K(931840K)
[2025-08-01T02:31:43.684+0000] GC(1079) ParOldGen: 1268204K->1536436K(2796544K)
[2025-08-01T02:31:43.684+0000] GC(1079) Metaspace: 9712K(12544K)->9712K(12544K) NonClass: 8546K(11008K)->8546K(11008K) Class: 1166K(1536K)->1166K(1536K)
[2025-08-01T02:31:43.684+0000] GC(1079) Pause Young (Allocation Failure) 2068M->1955M(3641M) 233.154ms
[2025-08-01T02:31:43.684+0000] GC(1079) User=1.81s Sys=0.04s Real=0.24s
[2025-08-01T02:31:43.775+0000] GC(1080) Pause Young (Allocation Failure)
[2025-08-01T02:31:44.000+0000] GC(1080) PSYoungGen: 931840K->465920K(931840K)
[2025-08-01T02:31:44.000+0000] GC(1080) ParOldGen: 1536436K->2015596K(2796544K)
[2025-08-01T02:31:44.000+0000] GC(1080) Metaspace: 9712K(12544K)->9712K(12544K) NonClass: 8546K(11008K)->8546K(11008K) Class: 1166K(1536K)->1166K(1536K)
[2025-08-01T02:31:44.000+0000] GC(1080) Pause Young (Allocation Failure) 2410M->2423M(3641M) 225.080ms
[2025-08-01T02:31:44.000+0000] GC(1080) User=1.76s Sys=0.02s Real=0.22s
[2025-08-01T02:31:44.089+0000] GC(1081) Pause Young (Allocation Failure)
[2025-08-01T02:31:44.268+0000] GC(1081) PSYoungGen: 931840K->419232K(931840K)
[2025-08-01T02:31:44.268+0000] GC(1081) ParOldGen: 2015596K->2364212K(2796544K)
[2025-08-01T02:31:44.268+0000] GC(1081) Metaspace: 9712K(12544K)->9712K(12544K) NonClass: 8546K(11008K)->8546K(11008K) Class: 1166K(1536K)->1166K(1536K)
[2025-08-01T02:31:44.268+0000] GC(1081) Pause Young (Allocation Failure) 2878M->2718M(3641M) 179.079ms
[2025-08-01T02:31:44.268+0000] GC(1081) User=1.37s Sys=0.05s Real=0.18s
[2025-08-01T02:31:44.268+0000] GC(1082) Pause Full (Ergonomics)
[2025-08-01T02:31:44.268+0000] GC(1082) Marking Phase
[2025-08-01T02:31:44.340+0000] GC(1082) Marking Phase 72.004ms
[2025-08-01T02:31:44.340+0000] GC(1082) Summary Phase
[2025-08-01T02:31:44.340+0000] GC(1082) Summary Phase 0.082ms
[2025-08-01T02:31:44.340+0000] GC(1082) Adjust Roots
[2025-08-01T02:31:44.342+0000] GC(1082) Adjust Roots 1.755ms
[2025-08-01T02:31:44.342+0000] GC(1082) Compaction Phase
[2025-08-01T02:31:44.553+0000] GC(1082) Compaction Phase 211.700ms
[2025-08-01T02:31:44.554+0000] GC(1082) Post Compact
[2025-08-01T02:31:44.572+0000] GC(1082) Post Compact 18.896ms
[2025-08-01T02:31:44.573+0000] GC(1082) PSYoungGen: 419232K->0K(931840K)
[2025-08-01T02:31:44.573+0000] GC(1082) ParOldGen: 2364212K->1279614K(2796544K)
[2025-08-01T02:31:44.573+0000] GC(1082) Metaspace: 9712K(12544K)->9712K(12544K) NonClass: 8546K(11008K)->8546K(11008K) Class: 1166K(1536K)->1166K(1536K)
[2025-08-01T02:31:44.573+0000] GC(1082) Pause Full (Ergonomics) 2718M->1249M(3641M) 304.740ms
[2025-08-01T02:31:44.573+0000] GC(1082) User=2.20s Sys=0.03s Real=0.30s
[2025-08-01T02:31:44.660+0000] GC(1083) Pause Young (Allocation Failure)
[2025-08-01T02:31:44.781+0000] GC(1083) PSYoungGen: 465920K->384256K(931840K)
[2025-08-01T02:31:44.781+0000] GC(1083) ParOldGen: 1279614K->1279614K(2796544K)
[2025-08-01T02:31:44.781+0000] GC(1083) Metaspace: 9712K(12544K)->9712K(12544K) NonClass: 8546K(11008K)->8546K(11008K) Class: 1166K(1536K)->1166K(1536K)
[2025-08-01T02:31:44.781+0000] GC(1083) Pause Young (Allocation Failure) 1704M->1624M(3641M) 121.021ms
[2025-08-01T02:31:44.782+0000] GC(1083) User=0.92s Sys=0.02s Real=0.12s
[2025-08-01T02:31:44.923+0000] GC(1084) Pause Young (Allocation Failure)
[2025-08-01T02:31:45.078+0000] GC(1084) PSYoungGen: 850176K->465920K(931840K)
[2025-08-01T02:31:45.078+0000] GC(1084) ParOldGen: 1279614K->1550878K(2796544K)
[2025-08-01T02:31:45.078+0000] GC(1084) Metaspace: 9712K(12544K)->9712K(12544K) NonClass: 8546K(11008K)->8546K(11008K) Class: 1166K(1536K)->1166K(1536K)
[2025-08-01T02:31:45.078+0000] GC(1084) Pause Young (Allocation Failure) 2079M->1969M(3641M) 155.283ms
[2025-08-01T02:31:45.078+0000] GC(1084) User=1.17s Sys=0.03s Real=0.16s
[2025-08-01T02:31:45.165+0000] GC(1085) Pause Young (Allocation Failure)
[2025-08-01T02:31:45.359+0000] GC(1085) PSYoungGen: 931840K->465920K(931840K)
[2025-08-01T02:31:45.359+0000] GC(1085) ParOldGen: 1550878K->2027310K(2796544K)
[2025-08-01T02:31:45.359+0000] GC(1085) Metaspace: 9712K(12544K)->9712K(12544K) NonClass: 8546K(11008K)->8546K(11008K) Class: 1166K(1536K)->1166K(1536K)
[2025-08-01T02:31:45.359+0000] GC(1085) Pause Young (Allocation Failure) 2424M->2434M(3641M) 194.262ms
[2025-08-01T02:31:45.359+0000] GC(1085) User=1.51s Sys=0.03s Real=0.19s
[2025-08-01T02:31:45.447+0000] GC(1086) Pause Young (Allocation Failure)
[2025-08-01T02:31:45.605+0000] GC(1086) PSYoungGen: 931840K->428160K(931840K)
[2025-08-01T02:31:45.606+0000] GC(1086) ParOldGen: 2027310K->2378790K(2796544K)
[2025-08-01T02:31:45.606+0000] GC(1086) Metaspace: 9712K(12544K)->9712K(12544K) NonClass: 8546K(11008K)->8546K(11008K) Class: 1166K(1536K)->1166K(1536K)
[2025-08-01T02:31:45.606+0000] GC(1086) Pause Young (Allocation Failure) 2889M->2741M(3641M) 158.150ms
[2025-08-01T02:31:45.606+0000] GC(1086) User=1.20s Sys=0.02s Real=0.16s
[2025-08-01T02:31:45.606+0000] GC(1087) Pause Full (Ergonomics)
[2025-08-01T02:31:45.606+0000] GC(1087) Marking Phase
[2025-08-01T02:31:45.669+0000] GC(1087) Marking Phase 63.769ms
[2025-08-01T02:31:45.669+0000] GC(1087) Summary Phase
[2025-08-01T02:31:45.670+0000] GC(1087) Summary Phase 0.066ms
[2025-08-01T02:31:45.670+0000] GC(1087) Adjust Roots
[2025-08-01T02:31:45.671+0000] GC(1087) Adjust Roots 1.569ms
[2025-08-01T02:31:45.671+0000] GC(1087) Compaction Phase
[2025-08-01T02:31:45.867+0000] GC(1087) Compaction Phase 195.812ms
[2025-08-01T02:31:45.867+0000] GC(1087) Post Compact
[2025-08-01T02:31:45.882+0000] GC(1087) Post Compact 14.984ms
[2025-08-01T02:31:45.882+0000] GC(1087) PSYoungGen: 428160K->0K(931840K)
[2025-08-01T02:31:45.882+0000] GC(1087) ParOldGen: 2378790K->1290381K(2796544K)
[2025-08-01T02:31:45.882+0000] GC(1087) Metaspace: 9712K(12544K)->9712K(12544K) NonClass: 8546K(11008K)->8546K(11008K) Class: 1166K(1536K)->1166K(1536K)
[2025-08-01T02:31:45.882+0000] GC(1087) Pause Full (Ergonomics) 2741M->1260M(3641M) 276.580ms
[2025-08-01T02:31:45.882+0000] GC(1087) User=2.06s Sys=0.00s Real=0.27s
[2025-08-01T02:31:45.974+0000] GC(1088) Pause Young (Allocation Failure)
[2025-08-01T02:31:46.120+0000] GC(1088) PSYoungGen: 465920K->387648K(931840K)
[2025-08-01T02:31:46.121+0000] GC(1088) ParOldGen: 1290381K->1290381K(2796544K)
[2025-08-01T02:31:46.121+0000] GC(1088) Metaspace: 9712K(12544K)->9712K(12544K) NonClass: 8546K(11008K)->8546K(11008K) Class: 1166K(1536K)->1166K(1536K)
[2025-08-01T02:31:46.121+0000] GC(1088) Pause Young (Allocation Failure) 1715M->1638M(3641M) 146.523ms
[2025-08-01T02:31:46.121+0000] GC(1088) User=1.12s Sys=0.04s Real=0.14s
[2025-08-01T02:31:46.209+0000] GC(1089) Pause Young (Allocation Failure)
[2025-08-01T02:31:46.363+0000] GC(1089) PSYoungGen: 853568K->459040K(931840K)
[2025-08-01T02:31:46.363+0000] GC(1089) ParOldGen: 1290381K->1560077K(2796544K)
[2025-08-01T02:31:46.363+0000] GC(1089) Metaspace: 9712K(12544K)->9712K(12544K) NonClass: 8546K(11008K)->8546K(11008K) Class: 1166K(1536K)->1166K(1536K)
[2025-08-01T02:31:46.363+0000] GC(1089) Pause Young (Allocation Failure) 2093M->1971M(3641M) 153.963ms
[2025-08-01T02:31:46.363+0000] GC(1089) User=1.17s Sys=0.04s Real=0.16s
[2025-08-01T02:31:46.448+0000] GC(1090) Pause Young (Allocation Failure)
[2025-08-01T02:31:46.588+0000] GC(1090) PSYoungGen: 924960K->342240K(931840K)
[2025-08-01T02:31:46.588+0000] GC(1090) ParOldGen: 1560077K->1872053K(2796544K)
[2025-08-01T02:31:46.588+0000] GC(1090) Metaspace: 9712K(12544K)->9712K(12544K) NonClass: 8546K(11008K)->8546K(11008K) Class: 1166K(1536K)->1166K(1536K)
[2025-08-01T02:31:46.588+0000] GC(1090) Pause Young (Allocation Failure) 2426M->2162M(3641M) 140.252ms
[2025-08-01T02:31:46.588+0000] GC(1090) User=1.07s Sys=0.03s Real=0.14s
[2025-08-01T02:31:46.683+0000] GC(1091) Pause Young (Allocation Failure)
[2025-08-01T02:31:46.843+0000] GC(1091) PSYoungGen: 808160K->465920K(931840K)
[2025-08-01T02:31:46.843+0000] GC(1091) ParOldGen: 1872053K->2220637K(2796544K)
[2025-08-01T02:31:46.843+0000] GC(1091) Metaspace: 9712K(12544K)->9712K(12544K) NonClass: 8546K(11008K)->8546K(11008K) Class: 1166K(1536K)->1166K(1536K)
[2025-08-01T02:31:46.843+0000] GC(1091) Pause Young (Allocation Failure) 2617M->2623M(3641M) 159.924ms
[2025-08-01T02:31:46.843+0000] GC(1091) User=1.23s Sys=0.01s Real=0.16s
[2025-08-01T02:31:46.934+0000] GC(1092) Pause Young (Allocation Failure)
[2025-08-01T02:31:47.047+0000] GC(1092) PSYoungGen: 931840K->358496K(931840K)
[2025-08-01T02:31:47.047+0000] GC(1092) ParOldGen: 2220637K->2470077K(2796544K)
[2025-08-01T02:31:47.047+0000] GC(1092) Metaspace: 9712K(12544K)->9712K(12544K) NonClass: 8546K(11008K)->8546K(11008K) Class: 1166K(1536K)->1166K(1536K)
[2025-08-01T02:31:47.048+0000] GC(1092) Pause Young (Allocation Failure) 3078M->2762M(3641M) 113.207ms
[2025-08-01T02:31:47.048+0000] GC(1092) User=0.88s Sys=0.00s Real=0.11s
[2025-08-01T02:31:47.048+0000] GC(1093) Pause Full (Ergonomics)
[2025-08-01T02:31:47.048+0000] GC(1093) Marking Phase
[2025-08-01T02:31:47.093+0000] GC(1093) Marking Phase 45.813ms
[2025-08-01T02:31:47.094+0000] GC(1093) Summary Phase
[2025-08-01T02:31:47.094+0000] GC(1093) Summary Phase 0.156ms
[2025-08-01T02:31:47.094+0000] GC(1093) Adjust Roots
[2025-08-01T02:31:47.097+0000] GC(1093) Adjust Roots 2.849ms
[2025-08-01T02:31:47.097+0000] GC(1093) Compaction Phase
[2025-08-01T02:31:47.232+0000] GC(1093) Compaction Phase 134.920ms
[2025-08-01T02:31:47.232+0000] GC(1093) Post Compact
[2025-08-01T02:31:47.250+0000] GC(1093) Post Compact 18.074ms
[2025-08-01T02:31:47.250+0000] GC(1093) PSYoungGen: 358496K->0K(931840K)
[2025-08-01T02:31:47.250+0000] GC(1093) ParOldGen: 2470077K->837187K(2796544K)
[2025-08-01T02:31:47.250+0000] GC(1093) Metaspace: 9712K(12544K)->9712K(12544K) NonClass: 8546K(11008K)->8546K(11008K) Class: 1166K(1536K)->1166K(1536K)
[2025-08-01T02:31:47.250+0000] GC(1093) Pause Full (Ergonomics) 2762M->817M(3641M) 202.211ms
[2025-08-01T02:31:47.250+0000] GC(1093) User=1.40s Sys=0.01s Real=0.20s
[2025-08-01T02:31:47.341+0000] GC(1094) Pause Young (Allocation Failure)
[2025-08-01T02:31:47.485+0000] GC(1094) PSYoungGen: 465920K->456224K(931840K)
[2025-08-01T02:31:47.485+0000] GC(1094) ParOldGen: 837187K->837187K(2796544K)
[2025-08-01T02:31:47.485+0000] GC(1094) Metaspace: 9712K(12544K)->9712K(12544K) NonClass: 8546K(11008K)->8546K(11008K) Class: 1166K(1536K)->1166K(1536K)
[2025-08-01T02:31:47.485+0000] GC(1094) Pause Young (Allocation Failure) 1272M->1263M(3641M) 144.211ms
[2025-08-01T02:31:47.485+0000] GC(1094) User=1.01s Sys=0.07s Real=0.15s
[2025-08-01T02:31:47.570+0000] GC(1095) Pause Young (Allocation Failure)
[2025-08-01T02:31:47.728+0000] GC(1095) PSYoungGen: 922144K->362112K(931840K)
[2025-08-01T02:31:47.728+0000] GC(1095) ParOldGen: 837187K->1180955K(2796544K)
[2025-08-01T02:31:47.728+0000] GC(1095) Metaspace: 9712K(12544K)->9712K(12544K) NonClass: 8546K(11008K)->8546K(11008K) Class: 1166K(1536K)->1166K(1536K)
[2025-08-01T02:31:47.728+0000] GC(1095) Pause Young (Allocation Failure) 1718M->1506M(3641M) 157.865ms
[2025-08-01T02:31:47.728+0000] GC(1095) User=1.20s Sys=0.05s Real=0.16s
[2025-08-01T02:31:47.817+0000] GC(1096) Pause Young (Allocation Failure)
[2025-08-01T02:31:47.979+0000] GC(1096) PSYoungGen: 828032K->465920K(931840K)
[2025-08-01T02:31:47.979+0000] GC(1096) ParOldGen: 1180955K->1554171K(2796544K)
[2025-08-01T02:31:47.979+0000] GC(1096) Metaspace: 9712K(12544K)->9712K(12544K) NonClass: 8546K(11008K)->8546K(11008K) Class: 1166K(1536K)->1166K(1536K)
[2025-08-01T02:31:47.979+0000] GC(1096) Pause Young (Allocation Failure) 1961M->1972M(3641M) 162.028ms
[2025-08-01T02:31:47.979+0000] GC(1096) User=1.25s Sys=0.01s Real=0.16s
[2025-08-01T02:31:48.074+0000] GC(1097) Pause Young (Allocation Failure)
[2025-08-01T02:31:48.207+0000] GC(1097) PSYoungGen: 931840K->235648K(931840K)
[2025-08-01T02:31:48.207+0000] GC(1097) ParOldGen: 1554171K->1673083K(2796544K)
[2025-08-01T02:31:48.207+0000] GC(1097) Metaspace: 9712K(12544K)->9712K(12544K) NonClass: 8546K(11008K)->8546K(11008K) Class: 1166K(1536K)->1166K(1536K)
[2025-08-01T02:31:48.207+0000] GC(1097) Pause Young (Allocation Failure) 2427M->1863M(3641M) 133.725ms
[2025-08-01T02:31:48.207+0000] GC(1097) User=1.03s Sys=0.02s Real=0.13s
[2025-08-01T02:31:48.303+0000] GC(1098) Pause Young (Allocation Failure)
[2025-08-01T02:31:48.507+0000] GC(1098) PSYoungGen: 701568K->465920K(931840K)
[2025-08-01T02:31:48.507+0000] GC(1098) ParOldGen: 1673083K->1918923K(2796544K)
[2025-08-01T02:31:48.508+0000] GC(1098) Metaspace: 9712K(12544K)->9712K(12544K) NonClass: 8546K(11008K)->8546K(11008K) Class: 1166K(1536K)->1166K(1536K)
[2025-08-01T02:31:48.508+0000] GC(1098) Pause Young (Allocation Failure) 2318M->2328M(3641M) 204.500ms
[2025-08-01T02:31:48.508+0000] GC(1098) User=1.57s Sys=0.04s Real=0.20s
[2025-08-01T02:31:48.594+0000] GC(1099) Pause Young (Allocation Failure)
[2025-08-01T02:31:48.803+0000] GC(1099) PSYoungGen: 931840K->465920K(931840K)
[2025-08-01T02:31:48.803+0000] GC(1099) ParOldGen: 1918923K->2396115K(2796544K)
[2025-08-01T02:31:48.803+0000] GC(1099) Metaspace: 9712K(12544K)->9712K(12544K) NonClass: 8546K(11008K)->8546K(11008K) Class: 1166K(1536K)->1166K(1536K)
[2025-08-01T02:31:48.803+0000] GC(1099) Pause Young (Allocation Failure) 2783M->2794M(3641M) 209.535ms
[2025-08-01T02:31:48.803+0000] GC(1099) User=1.64s Sys=0.03s Real=0.21s
[2025-08-01T02:31:48.803+0000] GC(1100) Pause Full (Ergonomics)
[2025-08-01T02:31:48.803+0000] GC(1100) Marking Phase
[2025-08-01T02:31:48.869+0000] GC(1100) Marking Phase 65.327ms
[2025-08-01T02:31:48.869+0000] GC(1100) Summary Phase
[2025-08-01T02:31:48.869+0000] GC(1100) Summary Phase 0.109ms
[2025-08-01T02:31:48.869+0000] GC(1100) Adjust Roots
[2025-08-01T02:31:48.870+0000] GC(1100) Adjust Roots 1.561ms
[2025-08-01T02:31:48.870+0000] GC(1100) Compaction Phase
[2025-08-01T02:31:49.064+0000] GC(1100) Compaction Phase 193.381ms
[2025-08-01T02:31:49.064+0000] GC(1100) Post Compact
[2025-08-01T02:31:49.083+0000] GC(1100) Post Compact 19.286ms
[2025-08-01T02:31:49.083+0000] GC(1100) PSYoungGen: 465920K->0K(931840K)
[2025-08-01T02:31:49.083+0000] GC(1100) ParOldGen: 2396115K->1313773K(2796544K)
[2025-08-01T02:31:49.083+0000] GC(1100) Metaspace: 9712K(12544K)->9712K(12544K) NonClass: 8546K(11008K)->8546K(11008K) Class: 1166K(1536K)->1166K(1536K)
[2025-08-01T02:31:49.083+0000] GC(1100) Pause Full (Ergonomics) 2794M->1282M(3641M) 280.071ms
[2025-08-01T02:31:49.083+0000] GC(1100) User=2.05s Sys=0.00s Real=0.28s
[2025-08-01T02:31:49.174+0000] GC(1101) Pause Young (Allocation Failure)
[2025-08-01T02:31:49.269+0000] GC(1101) PSYoungGen: 465920K->462976K(931840K)
[2025-08-01T02:31:49.269+0000] GC(1101) ParOldGen: 1313773K->1313773K(2796544K)
[2025-08-01T02:31:49.269+0000] GC(1101) Metaspace: 9712K(12544K)->9712K(12544K) NonClass: 8546K(11008K)->8546K(11008K) Class: 1166K(1536K)->1166K(1536K)
[2025-08-01T02:31:49.269+0000] GC(1101) Pause Young (Allocation Failure) 1737M->1735M(3641M) 95.052ms
[2025-08-01T02:31:49.269+0000] GC(1101) User=0.74s Sys=0.01s Real=0.09s
[2025-08-01T02:31:49.354+0000] GC(1102) Pause Young (Allocation Failure)
[2025-08-01T02:31:49.491+0000] GC(1102) PSYoungGen: 928896K->265344K(931840K)
[2025-08-01T02:31:49.491+0000] GC(1102) ParOldGen: 1313773K->1408557K(2796544K)
[2025-08-01T02:31:49.491+0000] GC(1102) Metaspace: 9712K(12544K)->9712K(12544K) NonClass: 8546K(11008K)->8546K(11008K) Class: 1166K(1536K)->1166K(1536K)
[2025-08-01T02:31:49.491+0000] GC(1102) Pause Young (Allocation Failure) 2190M->1634M(3641M) 136.457ms
[2025-08-01T02:31:49.491+0000] GC(1102) User=1.02s Sys=0.05s Real=0.13s
[2025-08-01T02:31:49.577+0000] GC(1103) Pause Young (Allocation Failure)
[2025-08-01T02:31:49.720+0000] GC(1103) PSYoungGen: 731264K->465920K(931840K)
[2025-08-01T02:31:49.721+0000] GC(1103) ParOldGen: 1408557K->1681837K(2796544K)
[2025-08-01T02:31:49.721+0000] GC(1103) Metaspace: 9712K(12544K)->9712K(12544K) NonClass: 8546K(11008K)->8546K(11008K) Class: 1166K(1536K)->1166K(1536K)
[2025-08-01T02:31:49.721+0000] GC(1103) Pause Young (Allocation Failure) 2089M->2097M(3641M) 144.006ms
[2025-08-01T02:31:49.721+0000] GC(1103) User=1.13s Sys=0.00s Real=0.14s
[2025-08-01T02:31:49.807+0000] GC(1104) Pause Young (Allocation Failure)
[2025-08-01T02:31:49.985+0000] GC(1104) PSYoungGen: 931840K->465920K(931840K)
[2025-08-01T02:31:49.985+0000] GC(1104) ParOldGen: 1681837K->2158261K(2796544K)
[2025-08-01T02:31:49.985+0000] GC(1104) Metaspace: 9712K(12544K)->9712K(12544K) NonClass: 8546K(11008K)->8546K(11008K) Class: 1166K(1536K)->1166K(1536K)
[2025-08-01T02:31:49.985+0000] GC(1104) Pause Young (Allocation Failure) 2552M->2562M(3641M) 178.179ms
[2025-08-01T02:31:49.985+0000] GC(1104) User=1.40s Sys=0.01s Real=0.18s
[2025-08-01T02:31:50.079+0000] GC(1105) Pause Young (Allocation Failure)
[2025-08-01T02:31:50.294+0000] GC(1105) PSYoungGen: 931840K->465920K(931840K)
[2025-08-01T02:31:50.295+0000] GC(1105) ParOldGen: 2158261K->2513965K(2796544K)
[2025-08-01T02:31:50.295+0000] GC(1105) Metaspace: 9712K(12544K)->9712K(12544K) NonClass: 8546K(11008K)->8546K(11008K) Class: 1166K(1536K)->1166K(1536K)
[2025-08-01T02:31:50.295+0000] GC(1105) Pause Young (Allocation Failure) 3017M->2910M(3641M) 215.218ms
[2025-08-01T02:31:50.295+0000] GC(1105) User=1.68s Sys=0.01s Real=0.22s
[2025-08-01T02:31:50.295+0000] GC(1106) Pause Full (Ergonomics)
[2025-08-01T02:31:50.295+0000] GC(1106) Marking Phase
[2025-08-01T02:31:50.358+0000] GC(1106) Marking Phase 62.935ms
[2025-08-01T02:31:50.358+0000] GC(1106) Summary Phase
[2025-08-01T02:31:50.358+0000] GC(1106) Summary Phase 0.103ms
[2025-08-01T02:31:50.358+0000] GC(1106) Adjust Roots
[2025-08-01T02:31:50.360+0000] GC(1106) Adjust Roots 1.721ms
[2025-08-01T02:31:50.360+0000] GC(1106) Compaction Phase
[2025-08-01T02:31:50.561+0000] GC(1106) Compaction Phase 201.184ms
[2025-08-01T02:31:50.561+0000] GC(1106) Post Compact
[2025-08-01T02:31:50.576+0000] GC(1106) Post Compact 15.610ms
[2025-08-01T02:31:50.577+0000] GC(1106) PSYoungGen: 465920K->0K(931840K)
[2025-08-01T02:31:50.577+0000] GC(1106) ParOldGen: 2513965K->1319193K(2796544K)
[2025-08-01T02:31:50.577+0000] GC(1106) Metaspace: 9712K(12544K)->9712K(12544K) NonClass: 8546K(11008K)->8546K(11008K) Class: 1166K(1536K)->1166K(1536K)
[2025-08-01T02:31:50.577+0000] GC(1106) Pause Full (Ergonomics) 2910M->1288M(3641M) 281.936ms
[2025-08-01T02:31:50.577+0000] GC(1106) User=2.08s Sys=0.01s Real=0.28s
[2025-08-01T02:31:50.659+0000] GC(1107) Pause Young (Allocation Failure)
[2025-08-01T02:31:50.769+0000] GC(1107) PSYoungGen: 465920K->271520K(931840K)
[2025-08-01T02:31:50.770+0000] GC(1107) ParOldGen: 1319193K->1319193K(2796544K)
[2025-08-01T02:31:50.770+0000] GC(1107) Metaspace: 9712K(12544K)->9712K(12544K) NonClass: 8546K(11008K)->8546K(11008K) Class: 1166K(1536K)->1166K(1536K)
[2025-08-01T02:31:50.770+0000] GC(1107) Pause Young (Allocation Failure) 1743M->1553M(3641M) 110.549ms
[2025-08-01T02:31:50.770+0000] GC(1107) User=0.78s Sys=0.02s Real=0.11s
[2025-08-01T02:31:50.858+0000] GC(1108) Pause Young (Allocation Failure)
[2025-08-01T02:31:51.011+0000] GC(1108) PSYoungGen: 737440K->465920K(931840K)
[2025-08-01T02:31:51.011+0000] GC(1108) ParOldGen: 1319193K->1600521K(2796544K)
[2025-08-01T02:31:51.011+0000] GC(1108) Metaspace: 9712K(12544K)->9712K(12544K) NonClass: 8546K(11008K)->8546K(11008K) Class: 1166K(1536K)->1166K(1536K)
[2025-08-01T02:31:51.011+0000] GC(1108) Pause Young (Allocation Failure) 2008M->2018M(3641M) 152.770ms
[2025-08-01T02:31:51.011+0000] GC(1108) User=1.19s Sys=0.02s Real=0.15s
[2025-08-01T02:31:51.096+0000] GC(1109) Pause Young (Allocation Failure)
[2025-08-01T02:31:51.234+0000] GC(1109) PSYoungGen: 931840K->358560K(931840K)
[2025-08-01T02:31:51.234+0000] GC(1109) ParOldGen: 1600521K->1944329K(2796544K)
[2025-08-01T02:31:51.234+0000] GC(1109) Metaspace: 9712K(12544K)->9712K(12544K) NonClass: 8546K(11008K)->8546K(11008K) Class: 1166K(1536K)->1166K(1536K)
[2025-08-01T02:31:51.234+0000] GC(1109) Pause Young (Allocation Failure) 2473M->2248M(3641M) 138.414ms
[2025-08-01T02:31:51.234+0000] GC(1109) User=1.06s Sys=0.02s Real=0.14s
[2025-08-01T02:31:51.328+0000] GC(1110) Pause Young (Allocation Failure)
[2025-08-01T02:31:51.503+0000] GC(1110) PSYoungGen: 824480K->465920K(931840K)
[2025-08-01T02:31:51.503+0000] GC(1110) ParOldGen: 1944329K->2311113K(2796544K)
[2025-08-01T02:31:51.503+0000] GC(1110) Metaspace: 9712K(12544K)->9712K(12544K) NonClass: 8546K(11008K)->8546K(11008K) Class: 1166K(1536K)->1166K(1536K)
[2025-08-01T02:31:51.503+0000] GC(1110) Pause Young (Allocation Failure) 2703M->2711M(3641M) 174.855ms
[2025-08-01T02:31:51.503+0000] GC(1110) User=1.32s Sys=0.01s Real=0.18s
[2025-08-01T02:31:51.503+0000] GC(1111) Pause Full (Ergonomics)
[2025-08-01T02:31:51.503+0000] GC(1111) Marking Phase
[2025-08-01T02:31:51.568+0000] GC(1111) Marking Phase 64.476ms
[2025-08-01T02:31:51.568+0000] GC(1111) Summary Phase
[2025-08-01T02:31:51.568+0000] GC(1111) Summary Phase 0.119ms
[2025-08-01T02:31:51.568+0000] GC(1111) Adjust Roots
[2025-08-01T02:31:51.570+0000] GC(1111) Adjust Roots 1.740ms
[2025-08-01T02:31:51.570+0000] GC(1111) Compaction Phase
[2025-08-01T02:31:51.773+0000] GC(1111) Compaction Phase 203.094ms
[2025-08-01T02:31:51.773+0000] GC(1111) Post Compact
[2025-08-01T02:31:51.791+0000] GC(1111) Post Compact 18.558ms
[2025-08-01T02:31:51.792+0000] GC(1111) PSYoungGen: 465920K->0K(931840K)
[2025-08-01T02:31:51.792+0000] GC(1111) ParOldGen: 2311113K->1325681K(2796544K)
[2025-08-01T02:31:51.792+0000] GC(1111) Metaspace: 9712K(12544K)->9712K(12544K) NonClass: 8546K(11008K)->8546K(11008K) Class: 1166K(1536K)->1166K(1536K)
[2025-08-01T02:31:51.792+0000] GC(1111) Pause Full (Ergonomics) 2711M->1294M(3641M) 288.362ms
[2025-08-01T02:31:51.792+0000] GC(1111) User=2.09s Sys=0.00s Real=0.28s
[2025-08-01T02:31:51.875+0000] GC(1112) Pause Young (Allocation Failure)
[2025-08-01T02:31:51.961+0000] GC(1112) PSYoungGen: 465920K->240160K(931840K)
[2025-08-01T02:31:51.961+0000] GC(1112) ParOldGen: 1325681K->1325681K(2796544K)
[2025-08-01T02:31:51.961+0000] GC(1112) Metaspace: 9712K(12544K)->9712K(12544K) NonClass: 8546K(11008K)->8546K(11008K) Class: 1166K(1536K)->1166K(1536K)
[2025-08-01T02:31:51.961+0000] GC(1112) Pause Young (Allocation Failure) 1749M->1529M(3641M) 86.567ms
[2025-08-01T02:31:51.961+0000] GC(1112) User=0.63s Sys=0.01s Real=0.08s
[2025-08-01T02:31:52.047+0000] GC(1113) Pause Young (Allocation Failure)
[2025-08-01T02:31:52.257+0000] GC(1113) PSYoungGen: 706080K->465920K(931840K)
[2025-08-01T02:31:52.257+0000] GC(1113) ParOldGen: 1325681K->1572649K(2796544K)
[2025-08-01T02:31:52.257+0000] GC(1113) Metaspace: 9712K(12544K)->9712K(12544K) NonClass: 8546K(11008K)->8546K(11008K) Class: 1166K(1536K)->1166K(1536K)
[2025-08-01T02:31:52.257+0000] GC(1113) Pause Young (Allocation Failure) 1984M->1990M(3641M) 210.095ms
[2025-08-01T02:31:52.257+0000] GC(1113) User=1.62s Sys=0.04s Real=0.21s
[2025-08-01T02:31:52.345+0000] GC(1114) Pause Young (Allocation Failure)
[2025-08-01T02:31:52.537+0000] GC(1114) PSYoungGen: 931840K->360000K(931840K)
[2025-08-01T02:31:52.537+0000] GC(1114) ParOldGen: 1572649K->1933873K(2796544K)
[2025-08-01T02:31:52.537+0000] GC(1114) Metaspace: 9712K(12544K)->9712K(12544K) NonClass: 8546K(11008K)->8546K(11008K) Class: 1166K(1536K)->1166K(1536K)
[2025-08-01T02:31:52.537+0000] GC(1114) Pause Young (Allocation Failure) 2445M->2240M(3641M) 192.146ms
[2025-08-01T02:31:52.537+0000] GC(1114) User=1.47s Sys=0.04s Real=0.19s
[2025-08-01T02:31:52.626+0000] GC(1115) Pause Young (Allocation Failure)
[2025-08-01T02:31:52.787+0000] GC(1115) PSYoungGen: 825920K->465920K(931840K)
[2025-08-01T02:31:52.787+0000] GC(1115) ParOldGen: 1933873K->2302857K(2796544K)
[2025-08-01T02:31:52.787+0000] GC(1115) Metaspace: 9712K(12544K)->9712K(12544K) NonClass: 8546K(11008K)->8546K(11008K) Class: 1166K(1536K)->1166K(1536K)
[2025-08-01T02:31:52.787+0000] GC(1115) Pause Young (Allocation Failure) 2695M->2703M(3641M) 160.933ms
[2025-08-01T02:31:52.787+0000] GC(1115) User=1.19s Sys=0.03s Real=0.16s
[2025-08-01T02:31:52.787+0000] GC(1116) Pause Full (Ergonomics)
[2025-08-01T02:31:52.787+0000] GC(1116) Marking Phase
[2025-08-01T02:31:52.861+0000] GC(1116) Marking Phase 73.855ms
[2025-08-01T02:31:52.861+0000] GC(1116) Summary Phase
[2025-08-01T02:31:52.861+0000] GC(1116) Summary Phase 0.071ms
[2025-08-01T02:31:52.861+0000] GC(1116) Adjust Roots
[2025-08-01T02:31:52.863+0000] GC(1116) Adjust Roots 1.295ms
[2025-08-01T02:31:52.863+0000] GC(1116) Compaction Phase
[2025-08-01T02:31:53.060+0000] GC(1116) Compaction Phase 197.479ms
[2025-08-01T02:31:53.060+0000] GC(1116) Post Compact
[2025-08-01T02:31:53.078+0000] GC(1116) Post Compact 17.294ms
[2025-08-01T02:31:53.078+0000] GC(1116) PSYoungGen: 465920K->0K(931840K)
[2025-08-01T02:31:53.078+0000] GC(1116) ParOldGen: 2302857K->1329793K(2796544K)
[2025-08-01T02:31:53.078+0000] GC(1116) Metaspace: 9712K(12544K)->9712K(12544K) NonClass: 8546K(11008K)->8546K(11008K) Class: 1166K(1536K)->1166K(1536K)
[2025-08-01T02:31:53.078+0000] GC(1116) Pause Full (Ergonomics) 2703M->1298M(3641M) 290.405ms
[2025-08-01T02:31:53.078+0000] GC(1116) User=2.16s Sys=0.00s Real=0.29s
[2025-08-01T02:31:53.162+0000] GC(1117) Pause Young (Allocation Failure)
[2025-08-01T02:31:53.241+0000] GC(1117) PSYoungGen: 465920K->236256K(931840K)
[2025-08-01T02:31:53.241+0000] GC(1117) ParOldGen: 1329793K->1329793K(2796544K)
[2025-08-01T02:31:53.241+0000] GC(1117) Metaspace: 9712K(12544K)->9712K(12544K) NonClass: 8546K(11008K)->8546K(11008K) Class: 1166K(1536K)->1166K(1536K)
[2025-08-01T02:31:53.241+0000] GC(1117) Pause Young (Allocation Failure) 1753M->1529M(3641M) 79.701ms
[2025-08-01T02:31:53.241+0000] GC(1117) User=0.60s Sys=0.02s Real=0.08s
[2025-08-01T02:31:53.326+0000] GC(1118) Pause Young (Allocation Failure)
[2025-08-01T02:31:53.532+0000] GC(1118) PSYoungGen: 702176K->465920K(931840K)
[2025-08-01T02:31:53.532+0000] GC(1118) ParOldGen: 1329793K->1574729K(2796544K)
[2025-08-01T02:31:53.532+0000] GC(1118) Metaspace: 9712K(12544K)->9712K(12544K) NonClass: 8546K(11008K)->8546K(11008K) Class: 1166K(1536K)->1166K(1536K)
[2025-08-01T02:31:53.532+0000] GC(1118) Pause Young (Allocation Failure) 1984M->1992M(3641M) 206.508ms
[2025-08-01T02:31:53.532+0000] GC(1118) User=1.60s Sys=0.03s Real=0.20s
[2025-08-01T02:31:53.615+0000] GC(1119) Pause Young (Allocation Failure)
[2025-08-01T02:31:53.756+0000] GC(1119) PSYoungGen: 931840K->376672K(931840K)
[2025-08-01T02:31:53.756+0000] GC(1119) ParOldGen: 1574729K->1930881K(2796544K)
[2025-08-01T02:31:53.756+0000] GC(1119) Metaspace: 9712K(12544K)->9712K(12544K) NonClass: 8546K(11008K)->8546K(11008K) Class: 1166K(1536K)->1166K(1536K)
[2025-08-01T02:31:53.756+0000] GC(1119) Pause Young (Allocation Failure) 2447M->2253M(3641M) 141.126ms
[2025-08-01T02:31:53.756+0000] GC(1119) User=1.05s Sys=0.03s Real=0.14s
[2025-08-01T02:31:53.838+0000] GC(1120) Pause Young (Allocation Failure)
[2025-08-01T02:31:53.983+0000] GC(1120) PSYoungGen: 842592K->465920K(931840K)
[2025-08-01T02:31:53.983+0000] GC(1120) ParOldGen: 1930881K->2317577K(2796544K)
[2025-08-01T02:31:53.983+0000] GC(1120) Metaspace: 9712K(12544K)->9712K(12544K) NonClass: 8546K(11008K)->8546K(11008K) Class: 1166K(1536K)->1166K(1536K)
[2025-08-01T02:31:53.983+0000] GC(1120) Pause Young (Allocation Failure) 2708M->2718M(3641M) 144.855ms
[2025-08-01T02:31:53.983+0000] GC(1120) User=1.14s Sys=0.00s Real=0.15s
[2025-08-01T02:31:53.983+0000] GC(1121) Pause Full (Ergonomics)
[2025-08-01T02:31:53.983+0000] GC(1121) Marking Phase
[2025-08-01T02:31:54.049+0000] GC(1121) Marking Phase 65.353ms
[2025-08-01T02:31:54.049+0000] GC(1121) Summary Phase
[2025-08-01T02:31:54.049+0000] GC(1121) Summary Phase 0.111ms
[2025-08-01T02:31:54.049+0000] GC(1121) Adjust Roots
[2025-08-01T02:31:54.051+0000] GC(1121) Adjust Roots 1.752ms
[2025-08-01T02:31:54.051+0000] GC(1121) Compaction Phase
[2025-08-01T02:31:54.255+0000] GC(1121) Compaction Phase 204.171ms
[2025-08-01T02:31:54.255+0000] GC(1121) Post Compact
[2025-08-01T02:31:54.273+0000] GC(1121) Post Compact 18.248ms
[2025-08-01T02:31:54.273+0000] GC(1121) PSYoungGen: 465920K->0K(931840K)
[2025-08-01T02:31:54.273+0000] GC(1121) ParOldGen: 2317577K->1336871K(2796544K)
[2025-08-01T02:31:54.273+0000] GC(1121) Metaspace: 9712K(12544K)->9712K(12544K) NonClass: 8546K(11008K)->8546K(11008K) Class: 1166K(1536K)->1166K(1536K)
[2025-08-01T02:31:54.273+0000] GC(1121) Pause Full (Ergonomics) 2718M->1305M(3641M) 290.052ms
[2025-08-01T02:31:54.273+0000] GC(1121) User=2.13s Sys=0.00s Real=0.29s
[2025-08-01T02:31:54.361+0000] GC(1122) Pause Young (Allocation Failure)
[2025-08-01T02:31:54.444+0000] GC(1122) PSYoungGen: 465920K->246048K(931840K)
[2025-08-01T02:31:54.445+0000] GC(1122) ParOldGen: 1336871K->1336871K(2796544K)
[2025-08-01T02:31:54.445+0000] GC(1122) Metaspace: 9712K(12544K)->9712K(12544K) NonClass: 8546K(11008K)->8546K(11008K) Class: 1166K(1536K)->1166K(1536K)
[2025-08-01T02:31:54.445+0000] GC(1122) Pause Young (Allocation Failure) 1760M->1545M(3641M) 84.031ms
[2025-08-01T02:31:54.445+0000] GC(1122) User=0.64s Sys=0.02s Real=0.09s
[2025-08-01T02:31:54.532+0000] GC(1123) Pause Young (Allocation Failure)
[2025-08-01T02:31:54.680+0000] GC(1123) PSYoungGen: 711968K->465920K(931840K)
[2025-08-01T02:31:54.680+0000] GC(1123) ParOldGen: 1336871K->1592455K(2796544K)
[2025-08-01T02:31:54.680+0000] GC(1123) Metaspace: 9712K(12544K)->9712K(12544K) NonClass: 8546K(11008K)->8546K(11008K) Class: 1166K(1536K)->1166K(1536K)
[2025-08-01T02:31:54.680+0000] GC(1123) Pause Young (Allocation Failure) 2000M->2010M(3641M) 147.596ms
[2025-08-01T02:31:54.680+0000] GC(1123) User=1.14s Sys=0.02s Real=0.15s
[2025-08-01T02:31:54.814+0000] GC(1124) Pause Young (Allocation Failure)
[2025-08-01T02:31:55.038+0000] GC(1124) PSYoungGen: 931840K->368608K(931840K)
[2025-08-01T02:31:55.038+0000] GC(1124) ParOldGen: 1592455K->1948935K(2796544K)
[2025-08-01T02:31:55.038+0000] GC(1124) Metaspace: 9712K(12544K)->9712K(12544K) NonClass: 8546K(11008K)->8546K(11008K) Class: 1166K(1536K)->1166K(1536K)
[2025-08-01T02:31:55.038+0000] GC(1124) Pause Young (Allocation Failure) 2465M->2263M(3641M) 223.623ms
[2025-08-01T02:31:55.038+0000] GC(1124) User=1.73s Sys=0.03s Real=0.22s
[2025-08-01T02:31:55.126+0000] GC(1125) Pause Young (Allocation Failure)
[2025-08-01T02:31:55.350+0000] GC(1125) PSYoungGen: 834528K->465920K(931840K)
[2025-08-01T02:31:55.350+0000] GC(1125) ParOldGen: 1948935K->2328527K(2796544K)
[2025-08-01T02:31:55.350+0000] GC(1125) Metaspace: 9712K(12544K)->9712K(12544K) NonClass: 8546K(11008K)->8546K(11008K) Class: 1166K(1536K)->1166K(1536K)
[2025-08-01T02:31:55.350+0000] GC(1125) Pause Young (Allocation Failure) 2718M->2728M(3641M) 224.486ms
[2025-08-01T02:31:55.350+0000] GC(1125) User=1.76s Sys=0.01s Real=0.22s
[2025-08-01T02:31:55.350+0000] GC(1126) Pause Full (Ergonomics)
[2025-08-01T02:31:55.350+0000] GC(1126) Marking Phase
[2025-08-01T02:31:55.419+0000] GC(1126) Marking Phase 68.126ms
[2025-08-01T02:31:55.419+0000] GC(1126) Summary Phase
[2025-08-01T02:31:55.419+0000] GC(1126) Summary Phase 0.061ms
[2025-08-01T02:31:55.419+0000] GC(1126) Adjust Roots
[2025-08-01T02:31:55.420+0000] GC(1126) Adjust Roots 1.830ms
[2025-08-01T02:31:55.421+0000] GC(1126) Compaction Phase
[2025-08-01T02:31:55.621+0000] GC(1126) Compaction Phase 200.665ms
[2025-08-01T02:31:55.621+0000] GC(1126) Post Compact
[2025-08-01T02:31:55.640+0000] GC(1126) Post Compact 18.571ms
[2025-08-01T02:31:55.640+0000] GC(1126) PSYoungGen: 465920K->0K(931840K)
[2025-08-01T02:31:55.640+0000] GC(1126) ParOldGen: 2328527K->1343517K(2796544K)
[2025-08-01T02:31:55.640+0000] GC(1126) Metaspace: 9712K(12544K)->9712K(12544K) NonClass: 8546K(11008K)->8546K(11008K) Class: 1166K(1536K)->1166K(1536K)
[2025-08-01T02:31:55.640+0000] GC(1126) Pause Full (Ergonomics) 2728M->1312M(3641M) 289.701ms
[2025-08-01T02:31:55.640+0000] GC(1126) User=2.13s Sys=0.00s Real=0.29s
[2025-08-01T02:31:55.729+0000] GC(1127) Pause Young (Allocation Failure)
[2025-08-01T02:31:55.834+0000] GC(1127) PSYoungGen: 465920K->265344K(931840K)
[2025-08-01T02:31:55.835+0000] GC(1127) ParOldGen: 1343517K->1343517K(2796544K)
[2025-08-01T02:31:55.835+0000] GC(1127) Metaspace: 9712K(12544K)->9712K(12544K) NonClass: 8546K(11008K)->8546K(11008K) Class: 1166K(1536K)->1166K(1536K)
[2025-08-01T02:31:55.835+0000] GC(1127) Pause Young (Allocation Failure) 1767M->1571M(3641M) 105.248ms
[2025-08-01T02:31:55.835+0000] GC(1127) User=0.73s Sys=0.04s Real=0.11s
[2025-08-01T02:31:55.925+0000] GC(1128) Pause Young (Allocation Failure)
[2025-08-01T02:31:56.073+0000] GC(1128) PSYoungGen: 731264K->465920K(931840K)
[2025-08-01T02:31:56.073+0000] GC(1128) ParOldGen: 1343517K->1618389K(2796544K)
[2025-08-01T02:31:56.073+0000] GC(1128) Metaspace: 9712K(12544K)->9712K(12544K) NonClass: 8546K(11008K)->8546K(11008K) Class: 1166K(1536K)->1166K(1536K)
[2025-08-01T02:31:56.073+0000] GC(1128) Pause Young (Allocation Failure) 2026M->2035M(3641M) 148.368ms
[2025-08-01T02:31:56.073+0000] GC(1128) User=1.14s Sys=0.02s Real=0.15s
[2025-08-01T02:31:56.208+0000] GC(1129) Pause Young (Allocation Failure)
[2025-08-01T02:31:56.390+0000] GC(1129) PSYoungGen: 931840K->370912K(931840K)
[2025-08-01T02:31:56.390+0000] GC(1129) ParOldGen: 1618389K->1964989K(2796544K)
[2025-08-01T02:31:56.390+0000] GC(1129) Metaspace: 9712K(12544K)->9712K(12544K) NonClass: 8546K(11008K)->8546K(11008K) Class: 1166K(1536K)->1166K(1536K)
[2025-08-01T02:31:56.390+0000] GC(1129) Pause Young (Allocation Failure) 2490M->2281M(3641M) 181.722ms
[2025-08-01T02:31:56.390+0000] GC(1129) User=1.40s Sys=0.02s Real=0.18s
[2025-08-01T02:31:56.478+0000] GC(1130) Pause Young (Allocation Failure)
[2025-08-01T02:31:56.635+0000] GC(1130) PSYoungGen: 836832K->465920K(931840K)
[2025-08-01T02:31:56.635+0000] GC(1130) ParOldGen: 1964989K->2345005K(2796544K)
[2025-08-01T02:31:56.635+0000] GC(1130) Metaspace: 9712K(12544K)->9712K(12544K) NonClass: 8546K(11008K)->8546K(11008K) Class: 1166K(1536K)->1166K(1536K)
[2025-08-01T02:31:56.635+0000] GC(1130) Pause Young (Allocation Failure) 2736M->2745M(3641M) 157.179ms
[2025-08-01T02:31:56.635+0000] GC(1130) User=1.23s Sys=0.02s Real=0.16s
[2025-08-01T02:31:56.636+0000] GC(1131) Pause Full (Ergonomics)
[2025-08-01T02:31:56.636+0000] GC(1131) Marking Phase
[2025-08-01T02:31:56.701+0000] GC(1131) Marking Phase 65.835ms
[2025-08-01T02:31:56.701+0000] GC(1131) Summary Phase
[2025-08-01T02:31:56.702+0000] GC(1131) Summary Phase 0.096ms
[2025-08-01T02:31:56.702+0000] GC(1131) Adjust Roots
[2025-08-01T02:31:56.703+0000] GC(1131) Adjust Roots 1.796ms
[2025-08-01T02:31:56.703+0000] GC(1131) Compaction Phase
[2025-08-01T02:31:56.905+0000] GC(1131) Compaction Phase 201.620ms
[2025-08-01T02:31:56.905+0000] GC(1131) Post Compact
[2025-08-01T02:31:56.917+0000] GC(1131) Post Compact 12.207ms
[2025-08-01T02:31:56.917+0000] GC(1131) PSYoungGen: 465920K->0K(931840K)
[2025-08-01T02:31:56.917+0000] GC(1131) ParOldGen: 2345005K->1352115K(2796544K)
[2025-08-01T02:31:56.917+0000] GC(1131) Metaspace: 9712K(12544K)->9712K(12544K) NonClass: 8546K(11008K)->8546K(11008K) Class: 1166K(1536K)->1166K(1536K)
[2025-08-01T02:31:56.917+0000] GC(1131) Pause Full (Ergonomics) 2745M->1320M(3641M) 281.937ms
[2025-08-01T02:31:56.918+0000] GC(1131) User=2.09s Sys=0.00s Real=0.28s
[2025-08-01T02:31:57.003+0000] GC(1132) Pause Young (Allocation Failure)
[2025-08-01T02:31:57.061+0000] GC(1132) PSYoungGen: 465920K->244384K(931840K)
[2025-08-01T02:31:57.061+0000] GC(1132) ParOldGen: 1352115K->1352115K(2796544K)
[2025-08-01T02:31:57.061+0000] GC(1132) Metaspace: 9712K(12544K)->9712K(12544K) NonClass: 8546K(11008K)->8546K(11008K) Class: 1166K(1536K)->1166K(1536K)
[2025-08-01T02:31:57.061+0000] GC(1132) Pause Young (Allocation Failure) 1775M->1559M(3641M) 57.488ms
[2025-08-01T02:31:57.061+0000] GC(1132) User=0.41s Sys=0.01s Real=0.05s
[2025-08-01T02:31:57.147+0000] GC(1133) Pause Young (Allocation Failure)
[2025-08-01T02:31:57.324+0000] GC(1133) PSYoungGen: 710304K->465920K(931840K)
[2025-08-01T02:31:57.325+0000] GC(1133) ParOldGen: 1352115K->1606987K(2796544K)
[2025-08-01T02:31:57.325+0000] GC(1133) Metaspace: 9712K(12544K)->9712K(12544K) NonClass: 8546K(11008K)->8546K(11008K) Class: 1166K(1536K)->1166K(1536K)
[2025-08-01T02:31:57.325+0000] GC(1133) Pause Young (Allocation Failure) 2014M->2024M(3641M) 177.925ms
[2025-08-01T02:31:57.325+0000] GC(1133) User=1.33s Sys=0.03s Real=0.18s
[2025-08-01T02:31:57.410+0000] GC(1134) Pause Young (Allocation Failure)
[2025-08-01T02:31:57.567+0000] GC(1134) PSYoungGen: 931840K->415712K(931840K)
[2025-08-01T02:31:57.567+0000] GC(1134) ParOldGen: 1606987K->1946315K(2796544K)
[2025-08-01T02:31:57.567+0000] GC(1134) Metaspace: 9712K(12544K)->9712K(12544K) NonClass: 8546K(11008K)->8546K(11008K) Class: 1166K(1536K)->1166K(1536K)
[2025-08-01T02:31:57.567+0000] GC(1134) Pause Young (Allocation Failure) 2479M->2306M(3641M) 157.169ms
[2025-08-01T02:31:57.567+0000] GC(1134) User=1.21s Sys=0.03s Real=0.16s
[2025-08-01T02:31:57.651+0000] GC(1135) Pause Young (Allocation Failure)
[2025-08-01T02:31:57.812+0000] GC(1135) PSYoungGen: 881632K->465920K(931840K)
[2025-08-01T02:31:57.812+0000] GC(1135) ParOldGen: 1946315K->2369219K(2796544K)
[2025-08-01T02:31:57.812+0000] GC(1135) Metaspace: 9712K(12544K)->9712K(12544K) NonClass: 8546K(11008K)->8546K(11008K) Class: 1166K(1536K)->1166K(1536K)
[2025-08-01T02:31:57.812+0000] GC(1135) Pause Young (Allocation Failure) 2761M->2768M(3641M) 160.714ms
[2025-08-01T02:31:57.812+0000] GC(1135) User=1.27s Sys=0.01s Real=0.16s
[2025-08-01T02:31:57.812+0000] GC(1136) Pause Full (Ergonomics)
[2025-08-01T02:31:57.812+0000] GC(1136) Marking Phase
[2025-08-01T02:31:57.878+0000] GC(1136) Marking Phase 66.374ms
[2025-08-01T02:31:57.878+0000] GC(1136) Summary Phase
[2025-08-01T02:31:57.878+0000] GC(1136) Summary Phase 0.064ms
[2025-08-01T02:31:57.878+0000] GC(1136) Adjust Roots
[2025-08-01T02:31:57.880+0000] GC(1136) Adjust Roots 1.507ms
[2025-08-01T02:31:57.880+0000] GC(1136) Compaction Phase
[2025-08-01T02:31:58.080+0000] GC(1136) Compaction Phase 200.169ms
[2025-08-01T02:31:58.080+0000] GC(1136) Post Compact
[2025-08-01T02:31:58.099+0000] GC(1136) Post Compact 19.043ms
[2025-08-01T02:31:58.099+0000] GC(1136) PSYoungGen: 465920K->0K(931840K)
[2025-08-01T02:31:58.099+0000] GC(1136) ParOldGen: 2369219K->1361078K(2796544K)
[2025-08-01T02:31:58.099+0000] GC(1136) Metaspace: 9712K(12544K)->9712K(12544K) NonClass: 8546K(11008K)->8546K(11008K) Class: 1166K(1536K)->1166K(1536K)
[2025-08-01T02:31:58.099+0000] GC(1136) Pause Full (Ergonomics) 2768M->1329M(3641M) 287.554ms
[2025-08-01T02:31:58.099+0000] GC(1136) User=2.09s Sys=0.00s Real=0.29s
[2025-08-01T02:31:58.182+0000] GC(1137) Pause Young (Allocation Failure)
[2025-08-01T02:31:58.271+0000] GC(1137) PSYoungGen: 465920K->220448K(931840K)
[2025-08-01T02:31:58.271+0000] GC(1137) ParOldGen: 1361078K->1361078K(2796544K)
[2025-08-01T02:31:58.271+0000] GC(1137) Metaspace: 9712K(12544K)->9712K(12544K) NonClass: 8546K(11008K)->8546K(11008K) Class: 1166K(1536K)->1166K(1536K)
[2025-08-01T02:31:58.272+0000] GC(1137) Pause Young (Allocation Failure) 1784M->1544M(3641M) 89.391ms
[2025-08-01T02:31:58.272+0000] GC(1137) User=0.68s Sys=0.02s Real=0.09s
[2025-08-01T02:31:58.358+0000] GC(1138) Pause Young (Allocation Failure)
[2025-08-01T02:31:58.508+0000] GC(1138) PSYoungGen: 686368K->465920K(931840K)
[2025-08-01T02:31:58.509+0000] GC(1138) ParOldGen: 1361078K->1589326K(2796544K)
[2025-08-01T02:31:58.509+0000] GC(1138) Metaspace: 9712K(12544K)->9712K(12544K) NonClass: 8546K(11008K)->8546K(11008K) Class: 1166K(1536K)->1166K(1536K)
[2025-08-01T02:31:58.509+0000] GC(1138) Pause Young (Allocation Failure) 1999M->2007M(3641M) 150.254ms
[2025-08-01T02:31:58.509+0000] GC(1138) User=1.14s Sys=0.02s Real=0.15s
[2025-08-01T02:31:58.593+0000] GC(1139) Pause Young (Allocation Failure)
[2025-08-01T02:31:58.733+0000] GC(1139) PSYoungGen: 931840K->430112K(931840K)
[2025-08-01T02:31:58.733+0000] GC(1139) ParOldGen: 1589326K->1943878K(2796544K)
[2025-08-01T02:31:58.733+0000] GC(1139) Metaspace: 9712K(12544K)->9712K(12544K) NonClass: 8546K(11008K)->8546K(11008K) Class: 1166K(1536K)->1166K(1536K)
[2025-08-01T02:31:58.734+0000] GC(1139) Pause Young (Allocation Failure) 2462M->2318M(3641M) 140.602ms
[2025-08-01T02:31:58.734+0000] GC(1139) User=1.11s Sys=0.01s Real=0.14s
[2025-08-01T02:31:58.827+0000] GC(1140) Pause Young (Allocation Failure)
[2025-08-01T02:31:59.036+0000] GC(1140) PSYoungGen: 896032K->465920K(931840K)
[2025-08-01T02:31:59.036+0000] GC(1140) ParOldGen: 1943878K->2386070K(2796544K)
[2025-08-01T02:31:59.036+0000] GC(1140) Metaspace: 9712K(12544K)->9712K(12544K) NonClass: 8546K(11008K)->8546K(11008K) Class: 1166K(1536K)->1166K(1536K)
[2025-08-01T02:31:59.036+0000] GC(1140) Pause Young (Allocation Failure) 2773M->2785M(3641M) 209.094ms
[2025-08-01T02:31:59.036+0000] GC(1140) User=1.59s Sys=0.03s Real=0.21s
[2025-08-01T02:31:59.037+0000] GC(1141) Pause Full (Ergonomics)
[2025-08-01T02:31:59.037+0000] GC(1141) Marking Phase
[2025-08-01T02:31:59.105+0000] GC(1141) Marking Phase 68.131ms
[2025-08-01T02:31:59.105+0000] GC(1141) Summary Phase
[2025-08-01T02:31:59.105+0000] GC(1141) Summary Phase 0.113ms
[2025-08-01T02:31:59.105+0000] GC(1141) Adjust Roots
[2025-08-01T02:31:59.107+0000] GC(1141) Adjust Roots 1.747ms
[2025-08-01T02:31:59.107+0000] GC(1141) Compaction Phase
[2025-08-01T02:31:59.320+0000] GC(1141) Compaction Phase 213.368ms
[2025-08-01T02:31:59.320+0000] GC(1141) Post Compact
[2025-08-01T02:31:59.339+0000] GC(1141) Post Compact 18.354ms
[2025-08-01T02:31:59.339+0000] GC(1141) PSYoungGen: 465920K->0K(931840K)
[2025-08-01T02:31:59.339+0000] GC(1141) ParOldGen: 2386070K->1371915K(2796544K)
[2025-08-01T02:31:59.339+0000] GC(1141) Metaspace: 9712K(12544K)->9712K(12544K) NonClass: 8546K(11008K)->8546K(11008K) Class: 1166K(1536K)->1166K(1536K)
[2025-08-01T02:31:59.339+0000] GC(1141) Pause Full (Ergonomics) 2785M->1339M(3641M) 302.099ms
[2025-08-01T02:31:59.339+0000] GC(1141) User=2.23s Sys=0.00s Real=0.30s
[2025-08-01T02:31:59.484+0000] GC(1142) Pause Young (Allocation Failure)
[2025-08-01T02:31:59.585+0000] GC(1142) PSYoungGen: 465920K->234464K(931840K)
[2025-08-01T02:31:59.585+0000] GC(1142) ParOldGen: 1371915K->1371915K(2796544K)
[2025-08-01T02:31:59.585+0000] GC(1142) Metaspace: 9712K(12544K)->9712K(12544K) NonClass: 8546K(11008K)->8546K(11008K) Class: 1166K(1536K)->1166K(1536K)
[2025-08-01T02:31:59.585+0000] GC(1142) Pause Young (Allocation Failure) 1794M->1568M(3641M) 101.078ms
[2025-08-01T02:31:59.586+0000] GC(1142) User=0.75s Sys=0.03s Real=0.10s
[2025-08-01T02:31:59.680+0000] GC(1143) Pause Young (Allocation Failure)
[2025-08-01T02:31:59.822+0000] GC(1143) PSYoungGen: 700384K->465920K(931840K)
[2025-08-01T02:31:59.822+0000] GC(1143) ParOldGen: 1371915K->1615411K(2796544K)
[2025-08-01T02:31:59.822+0000] GC(1143) Metaspace: 9712K(12544K)->9712K(12544K) NonClass: 8546K(11008K)->8546K(11008K) Class: 1166K(1536K)->1166K(1536K)
[2025-08-01T02:31:59.822+0000] GC(1143) Pause Young (Allocation Failure) 2023M->2032M(3641M) 142.131ms
[2025-08-01T02:31:59.822+0000] GC(1143) User=1.10s Sys=0.01s Real=0.14s
[2025-08-01T02:31:59.913+0000] GC(1144) Pause Young (Allocation Failure)
[2025-08-01T02:32:00.063+0000] GC(1144) PSYoungGen: 931840K->423520K(931840K)
[2025-08-01T02:32:00.064+0000] GC(1144) ParOldGen: 1615411K->1960571K(2796544K)
[2025-08-01T02:32:00.064+0000] GC(1144) Metaspace: 9712K(12544K)->9712K(12544K) NonClass: 8546K(11008K)->8546K(11008K) Class: 1166K(1536K)->1166K(1536K)
[2025-08-01T02:32:00.064+0000] GC(1144) Pause Young (Allocation Failure) 2487M->2328M(3641M) 150.862ms
[2025-08-01T02:32:00.064+0000] GC(1144) User=1.13s Sys=0.03s Real=0.16s
[2025-08-01T02:32:00.157+0000] GC(1145) Pause Young (Allocation Failure)
[2025-08-01T02:32:00.314+0000] GC(1145) PSYoungGen: 889440K->465920K(931840K)
[2025-08-01T02:32:00.314+0000] GC(1145) ParOldGen: 1960571K->2393707K(2796544K)
[2025-08-01T02:32:00.314+0000] GC(1145) Metaspace: 9712K(12544K)->9712K(12544K) NonClass: 8546K(11008K)->8546K(11008K) Class: 1166K(1536K)->1166K(1536K)
[2025-08-01T02:32:00.314+0000] GC(1145) Pause Young (Allocation Failure) 2783M->2792M(3641M) 156.526ms
[2025-08-01T02:32:00.314+0000] GC(1145) User=1.24s Sys=0.00s Real=0.16s
[2025-08-01T02:32:00.314+0000] GC(1146) Pause Full (Ergonomics)
[2025-08-01T02:32:00.314+0000] GC(1146) Marking Phase
[2025-08-01T02:32:00.383+0000] GC(1146) Marking Phase 69.223ms
[2025-08-01T02:32:00.383+0000] GC(1146) Summary Phase
[2025-08-01T02:32:00.383+0000] GC(1146) Summary Phase 0.097ms
[2025-08-01T02:32:00.383+0000] GC(1146) Adjust Roots
[2025-08-01T02:32:00.385+0000] GC(1146) Adjust Roots 1.714ms
[2025-08-01T02:32:00.385+0000] GC(1146) Compaction Phase
[2025-08-01T02:32:00.593+0000] GC(1146) Compaction Phase 208.132ms
[2025-08-01T02:32:00.593+0000] GC(1146) Post Compact
[2025-08-01T02:32:00.612+0000] GC(1146) Post Compact 18.463ms
[2025-08-01T02:32:00.612+0000] GC(1146) PSYoungGen: 465920K->0K(931840K)
[2025-08-01T02:32:00.612+0000] GC(1146) ParOldGen: 2393707K->1383967K(2796544K)
[2025-08-01T02:32:00.612+0000] GC(1146) Metaspace: 9712K(12544K)->9712K(12544K) NonClass: 8546K(11008K)->8546K(11008K) Class: 1166K(1536K)->1166K(1536K)
[2025-08-01T02:32:00.612+0000] GC(1146) Pause Full (Ergonomics) 2792M->1351M(3641M) 297.999ms
[2025-08-01T02:32:00.612+0000] GC(1146) User=2.19s Sys=0.00s Real=0.29s
[2025-08-01T02:32:00.615+0000] Heap
[2025-08-01T02:32:00.615+0000]  PSYoungGen      total 931840K, used 41947K [0x00000007aab00000, 0x0000000800000000, 0x0000000800000000)
[2025-08-01T02:32:00.616+0000]   eden space 465920K, 9% used [0x00000007aab00000,0x00000007ad3f6fe8,0x00000007c7200000)
[2025-08-01T02:32:00.616+0000]   from space 465920K, 0% used [0x00000007c7200000,0x00000007c7200000,0x00000007e3900000)
[2025-08-01T02:32:00.616+0000]   to   space 465920K, 0% used [0x00000007e3900000,0x00000007e3900000,0x0000000800000000)
[2025-08-01T02:32:00.616+0000]  ParOldGen       total 2796544K, used 1383967K [0x0000000700000000, 0x00000007aab00000, 0x00000007aab00000)
[2025-08-01T02:32:00.616+0000]   object space 2796544K, 49% used [0x0000000700000000,0x0000000754787e28,0x00000007aab00000)
[2025-08-01T02:32:00.616+0000]  Metaspace       used 9715K, capacity 12439K, committed 12544K, reserved 1060864K
[2025-08-01T02:32:00.616+0000]   class space    used 1166K, capacity 1493K, committed 1536K, reserved 1048576K
