[2025-08-01T02:44:25.643+0000] Using Serial
[2025-08-01T02:44:25.643+0000] Heap address: 0x0000000700000000, size: 4096 MB, Compressed Oops mode: Zero based, Oop shift amount: 3
[2025-08-01T02:44:27.494+0000] GC(0) Pause Young (Allocation Failure)
[2025-08-01T02:44:29.510+0000] GC(0) DefNew: 1118528K->139776K(1258304K)
[2025-08-01T02:44:29.510+0000] GC(0) Tenured: 0K->845203K(2796224K)
[2025-08-01T02:44:29.510+0000] GC(0) Metaspace: 9706K(12544K)->9706K(12544K) NonClass: 8539K(11008K)->8539K(11008K) Class: 1166K(1536K)->1166K(1536K)
[2025-08-01T02:44:29.510+0000] GC(0) Pause Young (Allocation Failure) 1092M->961M(3959M) 2015.497ms
[2025-08-01T02:44:29.510+0000] GC(0) User=0.84s Sys=1.17s Real=2.01s
[2025-08-01T02:44:29.813+0000] GC(1) Pause Young (Allocation Failure)
[2025-08-01T02:44:30.284+0000] GC(1) DefNew: 1258304K->139775K(1258304K)
[2025-08-01T02:44:30.285+0000] GC(1) Tenured: 845203K->940795K(2796224K)
[2025-08-01T02:44:30.285+0000] GC(1) Metaspace: 9706K(12544K)->9706K(12544K) NonClass: 8540K(11008K)->8540K(11008K) Class: 1166K(1536K)->1166K(1536K)
[2025-08-01T02:44:30.285+0000] GC(1) Pause Young (Allocation Failure) 2054M->1055M(3959M) 471.171ms
[2025-08-01T02:44:30.285+0000] GC(1) User=0.20s Sys=0.28s Real=0.47s
[2025-08-01T02:44:30.516+0000] GC(2) Pause Young (Allocation Failure)
[2025-08-01T02:44:32.939+0000] GC(2) DefNew: 1258303K->139776K(1258304K)
[2025-08-01T02:44:32.939+0000] GC(2) Tenured: 940795K->2041566K(2796224K)
[2025-08-01T02:44:32.939+0000] GC(2) Metaspace: 9706K(12544K)->9706K(12544K) NonClass: 8540K(11008K)->8540K(11008K) Class: 1166K(1536K)->1166K(1536K)
[2025-08-01T02:44:32.939+0000] GC(2) Pause Young (Allocation Failure) 2147M->2130M(3959M) 2422.713ms
[2025-08-01T02:44:32.939+0000] GC(2) User=1.04s Sys=1.38s Real=2.42s
[2025-08-01T02:44:33.176+0000] GC(3) Pause Young (Allocation Failure)
[2025-08-01T02:44:33.176+0000] GC(4) Pause Full (Allocation Failure)
[2025-08-01T02:44:33.176+0000] GC(4) Phase 1: Mark live objects
[2025-08-01T02:44:33.290+0000] GC(4) Phase 1: Mark live objects 113.185ms
[2025-08-01T02:44:33.290+0000] GC(4) Phase 2: Compute new object addresses
[2025-08-01T02:44:33.703+0000] GC(4) Phase 2: Compute new object addresses 413.032ms
[2025-08-01T02:44:33.703+0000] GC(4) Phase 3: Adjust pointers
[2025-08-01T02:44:33.786+0000] GC(4) Phase 3: Adjust pointers 83.536ms
[2025-08-01T02:44:33.786+0000] GC(4) Phase 4: Move objects
[2025-08-01T02:44:33.995+0000] GC(4) Phase 4: Move objects 208.756ms
[2025-08-01T02:44:33.996+0000] GC(4) Pause Full (Allocation Failure) 3222M->575M(3959M) 820.352ms
[2025-08-01T02:44:33.997+0000] GC(3) DefNew: 1258304K->0K(1258304K)
[2025-08-01T02:44:33.997+0000] GC(3) Tenured: 2041566K->589722K(2796224K)
[2025-08-01T02:44:33.997+0000] GC(3) Metaspace: 9706K(12544K)->9706K(12544K) NonClass: 8540K(11008K)->8540K(11008K) Class: 1166K(1536K)->1166K(1536K)
[2025-08-01T02:44:33.997+0000] GC(3) Pause Young (Allocation Failure) 3222M->575M(3959M) 820.654ms
[2025-08-01T02:44:33.997+0000] GC(3) User=0.82s Sys=0.01s Real=0.82s
[2025-08-01T02:44:34.251+0000] GC(5) Pause Young (Allocation Failure)
[2025-08-01T02:44:34.628+0000] GC(5) DefNew: 1118528K->139775K(1258304K)
[2025-08-01T02:44:34.629+0000] GC(5) Tenured: 589722K->1012654K(2796224K)
[2025-08-01T02:44:34.629+0000] GC(5) Metaspace: 9707K(12544K)->9707K(12544K) NonClass: 8541K(11008K)->8541K(11008K) Class: 1166K(1536K)->1166K(1536K)
[2025-08-01T02:44:34.629+0000] GC(5) Pause Young (Allocation Failure) 1668M->1125M(3959M) 378.619ms
[2025-08-01T02:44:34.629+0000] GC(5) User=0.38s Sys=0.00s Real=0.38s
[2025-08-01T02:44:34.886+0000] GC(6) Pause Young (Allocation Failure)
[2025-08-01T02:44:35.517+0000] GC(6) DefNew: 1258303K->139775K(1258304K)
[2025-08-01T02:44:35.517+0000] GC(6) Tenured: 1012654K->1814655K(2796224K)
[2025-08-01T02:44:35.517+0000] GC(6) Metaspace: 9707K(12544K)->9707K(12544K) NonClass: 8541K(11008K)->8541K(11008K) Class: 1166K(1536K)->1166K(1536K)
[2025-08-01T02:44:35.517+0000] GC(6) Pause Young (Allocation Failure) 2217M->1908M(3959M) 631.770ms
[2025-08-01T02:44:35.517+0000] GC(6) User=0.64s Sys=0.00s Real=0.63s
[2025-08-01T02:44:35.771+0000] GC(7) Pause Young (Allocation Failure)
[2025-08-01T02:44:35.772+0000] GC(8) Pause Full (Allocation Failure)
[2025-08-01T02:44:35.772+0000] GC(8) Phase 1: Mark live objects
[2025-08-01T02:44:35.817+0000] GC(8) Phase 1: Mark live objects 44.965ms
[2025-08-01T02:44:35.817+0000] GC(8) Phase 2: Compute new object addresses
[2025-08-01T02:44:36.252+0000] GC(8) Phase 2: Compute new object addresses 434.963ms
[2025-08-01T02:44:36.252+0000] GC(8) Phase 3: Adjust pointers
[2025-08-01T02:44:36.297+0000] GC(8) Phase 3: Adjust pointers 44.756ms
[2025-08-01T02:44:36.297+0000] GC(8) Phase 4: Move objects
[2025-08-01T02:44:36.395+0000] GC(8) Phase 4: Move objects 98.870ms
[2025-08-01T02:44:36.397+0000] GC(8) Pause Full (Allocation Failure) 3000M->220M(3959M) 625.284ms
[2025-08-01T02:44:36.397+0000] GC(7) DefNew: 1258303K->0K(1258304K)
[2025-08-01T02:44:36.397+0000] GC(7) Tenured: 1814655K->225663K(2796224K)
[2025-08-01T02:44:36.397+0000] GC(7) Metaspace: 9707K(12544K)->9707K(12544K) NonClass: 8541K(11008K)->8541K(11008K) Class: 1166K(1536K)->1166K(1536K)
[2025-08-01T02:44:36.397+0000] GC(7) Pause Young (Allocation Failure) 3000M->220M(3959M) 625.470ms
[2025-08-01T02:44:36.397+0000] GC(7) User=0.63s Sys=0.00s Real=0.63s
[2025-08-01T02:44:36.636+0000] GC(9) Pause Young (Allocation Failure)
[2025-08-01T02:44:37.374+0000] GC(9) DefNew: 1118528K->139775K(1258304K)
[2025-08-01T02:44:37.374+0000] GC(9) Tenured: 225663K->1195125K(2796224K)
[2025-08-01T02:44:37.374+0000] GC(9) Metaspace: 9707K(12544K)->9707K(12544K) NonClass: 8541K(11008K)->8541K(11008K) Class: 1166K(1536K)->1166K(1536K)
[2025-08-01T02:44:37.374+0000] GC(9) Pause Young (Allocation Failure) 1312M->1303M(3959M) 738.166ms
[2025-08-01T02:44:37.374+0000] GC(9) User=0.74s Sys=0.00s Real=0.74s
[2025-08-01T02:44:37.599+0000] GC(10) Pause Young (Allocation Failure)
[2025-08-01T02:44:37.951+0000] GC(10) DefNew: 1258303K->139775K(1258304K)
[2025-08-01T02:44:37.951+0000] GC(10) Tenured: 1195125K->1651687K(2796224K)
[2025-08-01T02:44:37.951+0000] GC(10) Metaspace: 9707K(12544K)->9707K(12544K) NonClass: 8541K(11008K)->8541K(11008K) Class: 1166K(1536K)->1166K(1536K)
[2025-08-01T02:44:37.951+0000] GC(10) Pause Young (Allocation Failure) 2395M->1749M(3959M) 351.540ms
[2025-08-01T02:44:37.951+0000] GC(10) User=0.35s Sys=0.00s Real=0.35s
[2025-08-01T02:44:38.175+0000] GC(11) Pause Young (Allocation Failure)
[2025-08-01T02:44:38.175+0000] GC(12) Pause Full (Allocation Failure)
[2025-08-01T02:44:38.175+0000] GC(12) Phase 1: Mark live objects
[2025-08-01T02:44:38.303+0000] GC(12) Phase 1: Mark live objects 128.279ms
[2025-08-01T02:44:38.303+0000] GC(12) Phase 2: Compute new object addresses
[2025-08-01T02:44:38.735+0000] GC(12) Phase 2: Compute new object addresses 431.112ms
[2025-08-01T02:44:38.735+0000] GC(12) Phase 3: Adjust pointers
[2025-08-01T02:44:38.869+0000] GC(12) Phase 3: Adjust pointers 134.702ms
[2025-08-01T02:44:38.869+0000] GC(12) Phase 4: Move objects
[2025-08-01T02:44:39.214+0000] GC(12) Phase 4: Move objects 344.586ms
[2025-08-01T02:44:39.215+0000] GC(12) Pause Full (Allocation Failure) 2841M->772M(3959M) 1040.794ms
[2025-08-01T02:44:39.215+0000] GC(11) DefNew: 1258303K->0K(1258304K)
[2025-08-01T02:44:39.216+0000] GC(11) Tenured: 1651687K->791506K(2796224K)
[2025-08-01T02:44:39.216+0000] GC(11) Metaspace: 9707K(12544K)->9707K(12544K) NonClass: 8541K(11008K)->8541K(11008K) Class: 1166K(1536K)->1166K(1536K)
[2025-08-01T02:44:39.216+0000] GC(11) Pause Young (Allocation Failure) 2841M->772M(3959M) 1040.995ms
[2025-08-01T02:44:39.216+0000] GC(11) User=1.04s Sys=0.00s Real=1.04s
[2025-08-01T02:44:39.439+0000] GC(13) Pause Young (Allocation Failure)
[2025-08-01T02:44:40.047+0000] GC(13) DefNew: 1118528K->139775K(1258304K)
[2025-08-01T02:44:40.047+0000] GC(13) Tenured: 791506K->1624699K(2796224K)
[2025-08-01T02:44:40.047+0000] GC(13) Metaspace: 9707K(12544K)->9707K(12544K) NonClass: 8541K(11008K)->8541K(11008K) Class: 1166K(1536K)->1166K(1536K)
[2025-08-01T02:44:40.047+0000] GC(13) Pause Young (Allocation Failure) 1865M->1723M(3959M) 608.231ms
[2025-08-01T02:44:40.047+0000] GC(13) User=0.61s Sys=0.00s Real=0.61s
[2025-08-01T02:44:40.265+0000] GC(14) Pause Young (Allocation Failure)
[2025-08-01T02:44:40.265+0000] GC(15) Pause Full (Allocation Failure)
[2025-08-01T02:44:40.265+0000] GC(15) Phase 1: Mark live objects
[2025-08-01T02:44:40.312+0000] GC(15) Phase 1: Mark live objects 46.335ms
[2025-08-01T02:44:40.312+0000] GC(15) Phase 2: Compute new object addresses
[2025-08-01T02:44:40.741+0000] GC(15) Phase 2: Compute new object addresses 428.970ms
[2025-08-01T02:44:40.741+0000] GC(15) Phase 3: Adjust pointers
[2025-08-01T02:44:40.777+0000] GC(15) Phase 3: Adjust pointers 36.083ms
[2025-08-01T02:44:40.777+0000] GC(15) Phase 4: Move objects
[2025-08-01T02:44:40.870+0000] GC(15) Phase 4: Move objects 92.645ms
[2025-08-01T02:44:40.871+0000] GC(15) Pause Full (Allocation Failure) 2815M->228M(3959M) 605.389ms
[2025-08-01T02:44:40.871+0000] GC(14) DefNew: 1258303K->0K(1258304K)
[2025-08-01T02:44:40.871+0000] GC(14) Tenured: 1624699K->234475K(2796224K)
[2025-08-01T02:44:40.871+0000] GC(14) Metaspace: 9707K(12544K)->9707K(12544K) NonClass: 8541K(11008K)->8541K(11008K) Class: 1166K(1536K)->1166K(1536K)
[2025-08-01T02:44:40.871+0000] GC(14) Pause Young (Allocation Failure) 2815M->228M(3959M) 605.531ms
[2025-08-01T02:44:40.871+0000] GC(14) User=0.61s Sys=0.01s Real=0.60s
[2025-08-01T02:44:41.097+0000] GC(16) Pause Young (Allocation Failure)
[2025-08-01T02:44:41.827+0000] GC(16) DefNew: 1118528K->139775K(1258304K)
[2025-08-01T02:44:41.827+0000] GC(16) Tenured: 234475K->1199585K(2796224K)
[2025-08-01T02:44:41.827+0000] GC(16) Metaspace: 9707K(12544K)->9707K(12544K) NonClass: 8541K(11008K)->8541K(11008K) Class: 1166K(1536K)->1166K(1536K)
[2025-08-01T02:44:41.827+0000] GC(16) Pause Young (Allocation Failure) 1321M->1307M(3959M) 730.808ms
[2025-08-01T02:44:41.827+0000] GC(16) User=0.73s Sys=0.00s Real=0.73s
[2025-08-01T02:44:42.053+0000] GC(17) Pause Young (Allocation Failure)
[2025-08-01T02:44:42.427+0000] GC(17) DefNew: 1258303K->139776K(1258304K)
[2025-08-01T02:44:42.427+0000] GC(17) Tenured: 1199585K->1655122K(2796224K)
[2025-08-01T02:44:42.427+0000] GC(17) Metaspace: 9707K(12544K)->9707K(12544K) NonClass: 8541K(11008K)->8541K(11008K) Class: 1166K(1536K)->1166K(1536K)
[2025-08-01T02:44:42.427+0000] GC(17) Pause Young (Allocation Failure) 2400M->1752M(3959M) 373.589ms
[2025-08-01T02:44:42.427+0000] GC(17) User=0.37s Sys=0.00s Real=0.37s
[2025-08-01T02:44:42.659+0000] GC(18) Pause Young (Allocation Failure)
[2025-08-01T02:44:42.659+0000] GC(19) Pause Full (Allocation Failure)
[2025-08-01T02:44:42.659+0000] GC(19) Phase 1: Mark live objects
[2025-08-01T02:44:42.801+0000] GC(19) Phase 1: Mark live objects 141.474ms
[2025-08-01T02:44:42.801+0000] GC(19) Phase 2: Compute new object addresses
[2025-08-01T02:44:43.218+0000] GC(19) Phase 2: Compute new object addresses 416.881ms
[2025-08-01T02:44:43.218+0000] GC(19) Phase 3: Adjust pointers
[2025-08-01T02:44:43.357+0000] GC(19) Phase 3: Adjust pointers 139.118ms
[2025-08-01T02:44:43.357+0000] GC(19) Phase 4: Move objects
[2025-08-01T02:44:43.688+0000] GC(19) Phase 4: Move objects 330.569ms
[2025-08-01T02:44:43.689+0000] GC(19) Pause Full (Allocation Failure) 2845M->774M(3959M) 1029.835ms
[2025-08-01T02:44:43.689+0000] GC(18) DefNew: 1258304K->0K(1258304K)
[2025-08-01T02:44:43.689+0000] GC(18) Tenured: 1655122K->793256K(2796224K)
[2025-08-01T02:44:43.689+0000] GC(18) Metaspace: 9707K(12544K)->9707K(12544K) NonClass: 8541K(11008K)->8541K(11008K) Class: 1166K(1536K)->1166K(1536K)
[2025-08-01T02:44:43.689+0000] GC(18) Pause Young (Allocation Failure) 2845M->774M(3959M) 1030.008ms
[2025-08-01T02:44:43.689+0000] GC(18) User=1.04s Sys=0.00s Real=1.03s
[2025-08-01T02:44:43.919+0000] GC(20) Pause Young (Allocation Failure)
[2025-08-01T02:44:44.532+0000] GC(20) DefNew: 1118528K->139776K(1258304K)
[2025-08-01T02:44:44.532+0000] GC(20) Tenured: 793256K->1633808K(2796224K)
[2025-08-01T02:44:44.532+0000] GC(20) Metaspace: 9707K(12544K)->9707K(12544K) NonClass: 8541K(11008K)->8541K(11008K) Class: 1166K(1536K)->1166K(1536K)
[2025-08-01T02:44:44.532+0000] GC(20) Pause Young (Allocation Failure) 1866M->1732M(3959M) 613.492ms
[2025-08-01T02:44:44.532+0000] GC(20) User=0.61s Sys=0.00s Real=0.61s
[2025-08-01T02:44:44.753+0000] GC(21) Pause Young (Allocation Failure)
[2025-08-01T02:44:44.753+0000] GC(22) Pause Full (Allocation Failure)
[2025-08-01T02:44:44.753+0000] GC(22) Phase 1: Mark live objects
[2025-08-01T02:44:44.804+0000] GC(22) Phase 1: Mark live objects 50.979ms
[2025-08-01T02:44:44.804+0000] GC(22) Phase 2: Compute new object addresses
[2025-08-01T02:44:45.292+0000] GC(22) Phase 2: Compute new object addresses 487.562ms
[2025-08-01T02:44:45.292+0000] GC(22) Phase 3: Adjust pointers
[2025-08-01T02:44:45.339+0000] GC(22) Phase 3: Adjust pointers 46.737ms
[2025-08-01T02:44:45.339+0000] GC(22) Phase 4: Move objects
[2025-08-01T02:44:45.440+0000] GC(22) Phase 4: Move objects 101.321ms
[2025-08-01T02:44:45.441+0000] GC(22) Pause Full (Allocation Failure) 2824M->270M(3959M) 688.342ms
[2025-08-01T02:44:45.441+0000] GC(21) DefNew: 1258304K->0K(1258304K)
[2025-08-01T02:44:45.441+0000] GC(21) Tenured: 1633808K->276610K(2796224K)
[2025-08-01T02:44:45.441+0000] GC(21) Metaspace: 9707K(12544K)->9707K(12544K) NonClass: 8541K(11008K)->8541K(11008K) Class: 1166K(1536K)->1166K(1536K)
[2025-08-01T02:44:45.441+0000] GC(21) Pause Young (Allocation Failure) 2824M->270M(3959M) 688.538ms
[2025-08-01T02:44:45.441+0000] GC(21) User=0.69s Sys=0.00s Real=0.68s
[2025-08-01T02:44:45.658+0000] GC(23) Pause Young (Allocation Failure)
[2025-08-01T02:44:46.319+0000] GC(23) DefNew: 1118528K->139775K(1258304K)
[2025-08-01T02:44:46.319+0000] GC(23) Tenured: 276610K->1250186K(2796224K)
[2025-08-01T02:44:46.319+0000] GC(23) Metaspace: 9707K(12544K)->9707K(12544K) NonClass: 8541K(11008K)->8541K(11008K) Class: 1166K(1536K)->1166K(1536K)
[2025-08-01T02:44:46.319+0000] GC(23) Pause Young (Allocation Failure) 1362M->1357M(3959M) 660.895ms
[2025-08-01T02:44:46.319+0000] GC(23) User=0.67s Sys=0.00s Real=0.66s
[2025-08-01T02:44:46.532+0000] GC(24) Pause Young (Allocation Failure)
[2025-08-01T02:44:46.910+0000] GC(24) DefNew: 1258303K->139776K(1258304K)
[2025-08-01T02:44:46.910+0000] GC(24) Tenured: 1250186K->1713236K(2796224K)
[2025-08-01T02:44:46.910+0000] GC(24) Metaspace: 9707K(12544K)->9707K(12544K) NonClass: 8541K(11008K)->8541K(11008K) Class: 1166K(1536K)->1166K(1536K)
[2025-08-01T02:44:46.910+0000] GC(24) Pause Young (Allocation Failure) 2449M->1809M(3959M) 378.330ms
[2025-08-01T02:44:46.910+0000] GC(24) User=0.38s Sys=0.00s Real=0.38s
[2025-08-01T02:44:47.134+0000] GC(25) Pause Young (Allocation Failure)
[2025-08-01T02:44:47.134+0000] GC(26) Pause Full (Allocation Failure)
[2025-08-01T02:44:47.134+0000] GC(26) Phase 1: Mark live objects
[2025-08-01T02:44:47.275+0000] GC(26) Phase 1: Mark live objects 140.441ms
[2025-08-01T02:44:47.275+0000] GC(26) Phase 2: Compute new object addresses
[2025-08-01T02:44:47.759+0000] GC(26) Phase 2: Compute new object addresses 484.445ms
[2025-08-01T02:44:47.759+0000] GC(26) Phase 3: Adjust pointers
[2025-08-01T02:44:47.881+0000] GC(26) Phase 3: Adjust pointers 122.028ms
[2025-08-01T02:44:47.881+0000] GC(26) Phase 4: Move objects
[2025-08-01T02:44:48.183+0000] GC(26) Phase 4: Move objects 302.146ms
[2025-08-01T02:44:48.185+0000] GC(26) Pause Full (Allocation Failure) 2901M->903M(3959M) 1050.719ms
[2025-08-01T02:44:48.185+0000] GC(25) DefNew: 1258304K->0K(1258304K)
[2025-08-01T02:44:48.185+0000] GC(25) Tenured: 1713236K->925625K(2796224K)
[2025-08-01T02:44:48.185+0000] GC(25) Metaspace: 9707K(12544K)->9707K(12544K) NonClass: 8541K(11008K)->8541K(11008K) Class: 1166K(1536K)->1166K(1536K)
[2025-08-01T02:44:48.185+0000] GC(25) Pause Young (Allocation Failure) 2901M->903M(3959M) 1050.950ms
[2025-08-01T02:44:48.185+0000] GC(25) User=1.06s Sys=0.00s Real=1.05s
[2025-08-01T02:44:48.406+0000] GC(27) Pause Young (Allocation Failure)
[2025-08-01T02:44:48.982+0000] GC(27) DefNew: 1118528K->139775K(1258304K)
[2025-08-01T02:44:48.982+0000] GC(27) Tenured: 925625K->1759700K(2796224K)
[2025-08-01T02:44:48.982+0000] GC(27) Metaspace: 9707K(12544K)->9707K(12544K) NonClass: 8541K(11008K)->8541K(11008K) Class: 1166K(1536K)->1166K(1536K)
[2025-08-01T02:44:48.982+0000] GC(27) Pause Young (Allocation Failure) 1996M->1854M(3959M) 576.301ms
[2025-08-01T02:44:48.982+0000] GC(27) User=0.58s Sys=0.00s Real=0.57s
[2025-08-01T02:44:49.209+0000] GC(28) Pause Young (Allocation Failure)
[2025-08-01T02:44:49.209+0000] GC(29) Pause Full (Allocation Failure)
[2025-08-01T02:44:49.209+0000] GC(29) Phase 1: Mark live objects
[2025-08-01T02:44:49.257+0000] GC(29) Phase 1: Mark live objects 48.087ms
[2025-08-01T02:44:49.257+0000] GC(29) Phase 2: Compute new object addresses
[2025-08-01T02:44:49.680+0000] GC(29) Phase 2: Compute new object addresses 422.676ms
[2025-08-01T02:44:49.680+0000] GC(29) Phase 3: Adjust pointers
[2025-08-01T02:44:49.720+0000] GC(29) Phase 3: Adjust pointers 40.174ms
[2025-08-01T02:44:49.720+0000] GC(29) Phase 4: Move objects
[2025-08-01T02:44:49.808+0000] GC(29) Phase 4: Move objects 88.124ms
[2025-08-01T02:44:49.809+0000] GC(29) Pause Full (Allocation Failure) 2947M->243M(3959M) 600.755ms
[2025-08-01T02:44:49.809+0000] GC(28) DefNew: 1258303K->0K(1258304K)
[2025-08-01T02:44:49.809+0000] GC(28) Tenured: 1759700K->249388K(2796224K)
[2025-08-01T02:44:49.810+0000] GC(28) Metaspace: 9707K(12544K)->9707K(12544K) NonClass: 8541K(11008K)->8541K(11008K) Class: 1166K(1536K)->1166K(1536K)
[2025-08-01T02:44:49.810+0000] GC(28) Pause Young (Allocation Failure) 2947M->243M(3959M) 600.944ms
[2025-08-01T02:44:49.810+0000] GC(28) User=0.60s Sys=0.00s Real=0.60s
[2025-08-01T02:44:50.023+0000] GC(30) Pause Young (Allocation Failure)
[2025-08-01T02:44:50.743+0000] GC(30) DefNew: 1118528K->139775K(1258304K)
[2025-08-01T02:44:50.743+0000] GC(30) Tenured: 249388K->1212741K(2796224K)
[2025-08-01T02:44:50.743+0000] GC(30) Metaspace: 9707K(12544K)->9707K(12544K) NonClass: 8541K(11008K)->8541K(11008K) Class: 1166K(1536K)->1166K(1536K)
[2025-08-01T02:44:50.743+0000] GC(30) Pause Young (Allocation Failure) 1335M->1320M(3959M) 720.495ms
[2025-08-01T02:44:50.743+0000] GC(30) User=0.72s Sys=0.00s Real=0.72s
[2025-08-01T02:44:50.955+0000] GC(31) Pause Young (Allocation Failure)
[2025-08-01T02:44:51.369+0000] GC(31) DefNew: 1258303K->139775K(1258304K)
[2025-08-01T02:44:51.369+0000] GC(31) Tenured: 1212741K->1686348K(2796224K)
[2025-08-01T02:44:51.369+0000] GC(31) Metaspace: 9707K(12544K)->9707K(12544K) NonClass: 8541K(11008K)->8541K(11008K) Class: 1166K(1536K)->1166K(1536K)
[2025-08-01T02:44:51.370+0000] GC(31) Pause Young (Allocation Failure) 2413M->1783M(3959M) 414.543ms
[2025-08-01T02:44:51.370+0000] GC(31) User=0.42s Sys=0.00s Real=0.41s
[2025-08-01T02:44:51.586+0000] GC(32) Pause Young (Allocation Failure)
[2025-08-01T02:44:51.586+0000] GC(33) Pause Full (Allocation Failure)
[2025-08-01T02:44:51.586+0000] GC(33) Phase 1: Mark live objects
[2025-08-01T02:44:51.729+0000] GC(33) Phase 1: Mark live objects 143.330ms
[2025-08-01T02:44:51.729+0000] GC(33) Phase 2: Compute new object addresses
[2025-08-01T02:44:52.144+0000] GC(33) Phase 2: Compute new object addresses 415.145ms
[2025-08-01T02:44:52.144+0000] GC(33) Phase 3: Adjust pointers
[2025-08-01T02:44:52.288+0000] GC(33) Phase 3: Adjust pointers 143.513ms
[2025-08-01T02:44:52.288+0000] GC(33) Phase 4: Move objects
[2025-08-01T02:44:52.617+0000] GC(33) Phase 4: Move objects 329.397ms
[2025-08-01T02:44:52.619+0000] GC(33) Pause Full (Allocation Failure) 2875M->877M(3959M) 1032.710ms
[2025-08-01T02:44:52.619+0000] GC(32) DefNew: 1258303K->0K(1258304K)
[2025-08-01T02:44:52.619+0000] GC(32) Tenured: 1686348K->898470K(2796224K)
[2025-08-01T02:44:52.619+0000] GC(32) Metaspace: 9707K(12544K)->9707K(12544K) NonClass: 8541K(11008K)->8541K(11008K) Class: 1166K(1536K)->1166K(1536K)
[2025-08-01T02:44:52.619+0000] GC(32) Pause Young (Allocation Failure) 2875M->877M(3959M) 1033.132ms
[2025-08-01T02:44:52.619+0000] GC(32) User=1.04s Sys=0.00s Real=1.03s
[2025-08-01T02:44:52.838+0000] GC(34) Pause Young (Allocation Failure)
[2025-08-01T02:44:53.507+0000] GC(34) DefNew: 1118528K->139775K(1258304K)
[2025-08-01T02:44:53.507+0000] GC(34) Tenured: 898470K->1744534K(2796224K)
[2025-08-01T02:44:53.507+0000] GC(34) Metaspace: 9707K(12544K)->9707K(12544K) NonClass: 8541K(11008K)->8541K(11008K) Class: 1166K(1536K)->1166K(1536K)
[2025-08-01T02:44:53.507+0000] GC(34) Pause Young (Allocation Failure) 1969M->1840M(3959M) 669.338ms
[2025-08-01T02:44:53.507+0000] GC(34) User=0.66s Sys=0.00s Real=0.67s
[2025-08-01T02:44:53.715+0000] GC(35) Pause Young (Allocation Failure)
[2025-08-01T02:44:53.715+0000] GC(36) Pause Full (Allocation Failure)
[2025-08-01T02:44:53.715+0000] GC(36) Phase 1: Mark live objects
[2025-08-01T02:44:53.764+0000] GC(36) Phase 1: Mark live objects 48.677ms
[2025-08-01T02:44:53.764+0000] GC(36) Phase 2: Compute new object addresses
[2025-08-01T02:44:54.195+0000] GC(36) Phase 2: Compute new object addresses 431.300ms
[2025-08-01T02:44:54.195+0000] GC(36) Phase 3: Adjust pointers
[2025-08-01T02:44:54.244+0000] GC(36) Phase 3: Adjust pointers 48.933ms
[2025-08-01T02:44:54.244+0000] GC(36) Phase 4: Move objects
[2025-08-01T02:44:54.349+0000] GC(36) Phase 4: Move objects 104.905ms
[2025-08-01T02:44:54.350+0000] GC(36) Pause Full (Allocation Failure) 2932M->378M(3959M) 635.411ms
[2025-08-01T02:44:54.351+0000] GC(35) DefNew: 1258303K->0K(1258304K)
[2025-08-01T02:44:54.351+0000] GC(35) Tenured: 1744534K->387381K(2796224K)
[2025-08-01T02:44:54.351+0000] GC(35) Metaspace: 9707K(12544K)->9707K(12544K) NonClass: 8541K(11008K)->8541K(11008K) Class: 1166K(1536K)->1166K(1536K)
[2025-08-01T02:44:54.351+0000] GC(35) Pause Young (Allocation Failure) 2932M->378M(3959M) 635.617ms
[2025-08-01T02:44:54.351+0000] GC(35) User=0.64s Sys=0.00s Real=0.63s
[2025-08-01T02:44:54.572+0000] GC(37) Pause Young (Allocation Failure)
[2025-08-01T02:44:55.349+0000] GC(37) DefNew: 1118528K->139775K(1258304K)
[2025-08-01T02:44:55.349+0000] GC(37) Tenured: 387381K->1363434K(2796224K)
[2025-08-01T02:44:55.349+0000] GC(37) Metaspace: 9707K(12544K)->9707K(12544K) NonClass: 8541K(11008K)->8541K(11008K) Class: 1166K(1536K)->1166K(1536K)
[2025-08-01T02:44:55.349+0000] GC(37) Pause Young (Allocation Failure) 1470M->1467M(3959M) 777.144ms
[2025-08-01T02:44:55.349+0000] GC(37) User=0.78s Sys=0.01s Real=0.78s
[2025-08-01T02:44:55.570+0000] GC(38) Pause Young (Allocation Failure)
[2025-08-01T02:44:55.933+0000] GC(38) DefNew: 1258303K->139775K(1258304K)
[2025-08-01T02:44:55.933+0000] GC(38) Tenured: 1363434K->1838341K(2796224K)
[2025-08-01T02:44:55.933+0000] GC(38) Metaspace: 9707K(12544K)->9707K(12544K) NonClass: 8541K(11008K)->8541K(11008K) Class: 1166K(1536K)->1166K(1536K)
[2025-08-01T02:44:55.933+0000] GC(38) Pause Young (Allocation Failure) 2560M->1931M(3959M) 363.551ms
[2025-08-01T02:44:55.933+0000] GC(38) User=0.36s Sys=0.00s Real=0.36s
[2025-08-01T02:44:56.150+0000] GC(39) Pause Young (Allocation Failure)
[2025-08-01T02:44:56.150+0000] GC(40) Pause Full (Allocation Failure)
[2025-08-01T02:44:56.150+0000] GC(40) Phase 1: Mark live objects
[2025-08-01T02:44:56.287+0000] GC(40) Phase 1: Mark live objects 136.928ms
[2025-08-01T02:44:56.287+0000] GC(40) Phase 2: Compute new object addresses
[2025-08-01T02:44:56.703+0000] GC(40) Phase 2: Compute new object addresses 415.875ms
[2025-08-01T02:44:56.703+0000] GC(40) Phase 3: Adjust pointers
[2025-08-01T02:44:56.818+0000] GC(40) Phase 3: Adjust pointers 114.965ms
[2025-08-01T02:44:56.818+0000] GC(40) Phase 4: Move objects
[2025-08-01T02:44:57.138+0000] GC(40) Phase 4: Move objects 319.440ms
[2025-08-01T02:44:57.139+0000] GC(40) Pause Full (Allocation Failure) 3024M->929M(3959M) 988.978ms
[2025-08-01T02:44:57.139+0000] GC(39) DefNew: 1258303K->0K(1258304K)
[2025-08-01T02:44:57.139+0000] GC(39) Tenured: 1838341K->951858K(2796224K)
[2025-08-01T02:44:57.139+0000] GC(39) Metaspace: 9707K(12544K)->9707K(12544K) NonClass: 8541K(11008K)->8541K(11008K) Class: 1166K(1536K)->1166K(1536K)
[2025-08-01T02:44:57.139+0000] GC(39) Pause Young (Allocation Failure) 3024M->929M(3959M) 989.230ms
[2025-08-01T02:44:57.139+0000] GC(39) User=0.99s Sys=0.01s Real=0.99s
[2025-08-01T02:44:57.350+0000] GC(41) Pause Young (Allocation Failure)
[2025-08-01T02:44:57.972+0000] GC(41) DefNew: 1118528K->139775K(1258304K)
[2025-08-01T02:44:57.972+0000] GC(41) Tenured: 951858K->1799072K(2796224K)
[2025-08-01T02:44:57.972+0000] GC(41) Metaspace: 9707K(12544K)->9707K(12544K) NonClass: 8541K(11008K)->8541K(11008K) Class: 1166K(1536K)->1166K(1536K)
[2025-08-01T02:44:57.972+0000] GC(41) Pause Young (Allocation Failure) 2021M->1893M(3959M) 622.325ms
[2025-08-01T02:44:57.972+0000] GC(41) User=0.62s Sys=0.00s Real=0.62s
[2025-08-01T02:44:58.188+0000] GC(42) Pause Young (Allocation Failure)
[2025-08-01T02:44:58.189+0000] GC(43) Pause Full (Allocation Failure)
[2025-08-01T02:44:58.189+0000] GC(43) Phase 1: Mark live objects
[2025-08-01T02:44:58.244+0000] GC(43) Phase 1: Mark live objects 54.976ms
[2025-08-01T02:44:58.244+0000] GC(43) Phase 2: Compute new object addresses
[2025-08-01T02:44:58.713+0000] GC(43) Phase 2: Compute new object addresses 468.858ms
[2025-08-01T02:44:58.713+0000] GC(43) Phase 3: Adjust pointers
[2025-08-01T02:44:58.753+0000] GC(43) Phase 3: Adjust pointers 40.768ms
[2025-08-01T02:44:58.754+0000] GC(43) Phase 4: Move objects
[2025-08-01T02:44:58.848+0000] GC(43) Phase 4: Move objects 94.490ms
[2025-08-01T02:44:58.849+0000] GC(43) Pause Full (Allocation Failure) 2985M->257M(3959M) 660.414ms
[2025-08-01T02:44:58.849+0000] GC(42) DefNew: 1258303K->0K(1258304K)
[2025-08-01T02:44:58.849+0000] GC(42) Tenured: 1799072K->263279K(2796224K)
[2025-08-01T02:44:58.849+0000] GC(42) Metaspace: 9707K(12544K)->9707K(12544K) NonClass: 8541K(11008K)->8541K(11008K) Class: 1166K(1536K)->1166K(1536K)
[2025-08-01T02:44:58.849+0000] GC(42) Pause Young (Allocation Failure) 2985M->257M(3959M) 660.606ms
[2025-08-01T02:44:58.849+0000] GC(42) User=0.66s Sys=0.01s Real=0.66s
[2025-08-01T02:44:59.060+0000] GC(44) Pause Young (Allocation Failure)
[2025-08-01T02:44:59.758+0000] GC(44) DefNew: 1118528K->139776K(1258304K)
[2025-08-01T02:44:59.758+0000] GC(44) Tenured: 263279K->1227761K(2796224K)
[2025-08-01T02:44:59.758+0000] GC(44) Metaspace: 9707K(12544K)->9707K(12544K) NonClass: 8541K(11008K)->8541K(11008K) Class: 1166K(1536K)->1166K(1536K)
[2025-08-01T02:44:59.759+0000] GC(44) Pause Young (Allocation Failure) 1349M->1335M(3959M) 698.932ms
[2025-08-01T02:44:59.759+0000] GC(44) User=0.70s Sys=0.00s Real=0.70s
[2025-08-01T02:44:59.980+0000] GC(45) Pause Young (Allocation Failure)
[2025-08-01T02:45:00.424+0000] GC(45) DefNew: 1258304K->139775K(1258304K)
[2025-08-01T02:45:00.424+0000] GC(45) Tenured: 1227761K->1715496K(2796224K)
[2025-08-01T02:45:00.424+0000] GC(45) Metaspace: 9707K(12544K)->9707K(12544K) NonClass: 8541K(11008K)->8541K(11008K) Class: 1166K(1536K)->1166K(1536K)
[2025-08-01T02:45:00.424+0000] GC(45) Pause Young (Allocation Failure) 2427M->1811M(3959M) 444.162ms
[2025-08-01T02:45:00.424+0000] GC(45) User=0.44s Sys=0.00s Real=0.45s
[2025-08-01T02:45:00.635+0000] GC(46) Pause Young (Allocation Failure)
[2025-08-01T02:45:00.635+0000] GC(47) Pause Full (Allocation Failure)
[2025-08-01T02:45:00.635+0000] GC(47) Phase 1: Mark live objects
[2025-08-01T02:45:00.771+0000] GC(47) Phase 1: Mark live objects 135.862ms
[2025-08-01T02:45:00.771+0000] GC(47) Phase 2: Compute new object addresses
[2025-08-01T02:45:01.208+0000] GC(47) Phase 2: Compute new object addresses 436.625ms
[2025-08-01T02:45:01.208+0000] GC(47) Phase 3: Adjust pointers
[2025-08-01T02:45:01.351+0000] GC(47) Phase 3: Adjust pointers 142.802ms
[2025-08-01T02:45:01.351+0000] GC(47) Phase 4: Move objects
[2025-08-01T02:45:01.661+0000] GC(47) Phase 4: Move objects 309.859ms
[2025-08-01T02:45:01.662+0000] GC(47) Pause Full (Allocation Failure) 2904M->921M(3959M) 1026.347ms
[2025-08-01T02:45:01.662+0000] GC(46) DefNew: 1258303K->0K(1258304K)
[2025-08-01T02:45:01.662+0000] GC(46) Tenured: 1715496K->943728K(2796224K)
[2025-08-01T02:45:01.662+0000] GC(46) Metaspace: 9707K(12544K)->9707K(12544K) NonClass: 8541K(11008K)->8541K(11008K) Class: 1166K(1536K)->1166K(1536K)
[2025-08-01T02:45:01.662+0000] GC(46) Pause Young (Allocation Failure) 2904M->921M(3959M) 1026.522ms
[2025-08-01T02:45:01.662+0000] GC(46) User=1.03s Sys=0.00s Real=1.02s
[2025-08-01T02:45:01.878+0000] GC(48) Pause Young (Allocation Failure)
[2025-08-01T02:45:02.502+0000] GC(48) DefNew: 1118528K->139775K(1258304K)
[2025-08-01T02:45:02.502+0000] GC(48) Tenured: 943728K->1803782K(2796224K)
[2025-08-01T02:45:02.502+0000] GC(48) Metaspace: 9707K(12544K)->9707K(12544K) NonClass: 8541K(11008K)->8541K(11008K) Class: 1166K(1536K)->1166K(1536K)
[2025-08-01T02:45:02.502+0000] GC(48) Pause Young (Allocation Failure) 2013M->1898M(3959M) 623.805ms
[2025-08-01T02:45:02.502+0000] GC(48) User=0.62s Sys=0.01s Real=0.62s
[2025-08-01T02:45:02.713+0000] GC(49) Pause Young (Allocation Failure)
[2025-08-01T02:45:02.713+0000] GC(50) Pause Full (Allocation Failure)
[2025-08-01T02:45:02.713+0000] GC(50) Phase 1: Mark live objects
[2025-08-01T02:45:02.764+0000] GC(50) Phase 1: Mark live objects 51.301ms
[2025-08-01T02:45:02.764+0000] GC(50) Phase 2: Compute new object addresses
[2025-08-01T02:45:03.167+0000] GC(50) Phase 2: Compute new object addresses 402.769ms
[2025-08-01T02:45:03.167+0000] GC(50) Phase 3: Adjust pointers
[2025-08-01T02:45:03.210+0000] GC(50) Phase 3: Adjust pointers 43.031ms
[2025-08-01T02:45:03.210+0000] GC(50) Phase 4: Move objects
[2025-08-01T02:45:03.306+0000] GC(50) Phase 4: Move objects 95.818ms
[2025-08-01T02:45:03.307+0000] GC(50) Pause Full (Allocation Failure) 2990M->383M(3959M) 594.480ms
[2025-08-01T02:45:03.307+0000] GC(49) DefNew: 1258303K->0K(1258304K)
[2025-08-01T02:45:03.307+0000] GC(49) Tenured: 1803782K->392389K(2796224K)
[2025-08-01T02:45:03.307+0000] GC(49) Metaspace: 9707K(12544K)->9707K(12544K) NonClass: 8541K(11008K)->8541K(11008K) Class: 1166K(1536K)->1166K(1536K)
[2025-08-01T02:45:03.307+0000] GC(49) Pause Young (Allocation Failure) 2990M->383M(3959M) 594.666ms
[2025-08-01T02:45:03.308+0000] GC(49) User=0.59s Sys=0.00s Real=0.60s
[2025-08-01T02:45:03.520+0000] GC(51) Pause Young (Allocation Failure)
[2025-08-01T02:45:04.174+0000] GC(51) DefNew: 1118528K->139776K(1258304K)
[2025-08-01T02:45:04.174+0000] GC(51) Tenured: 392389K->1368500K(2796224K)
[2025-08-01T02:45:04.174+0000] GC(51) Metaspace: 9707K(12544K)->9707K(12544K) NonClass: 8541K(11008K)->8541K(11008K) Class: 1166K(1536K)->1166K(1536K)
[2025-08-01T02:45:04.174+0000] GC(51) Pause Young (Allocation Failure) 1475M->1472M(3959M) 654.329ms
[2025-08-01T02:45:04.174+0000] GC(51) User=0.65s Sys=0.00s Real=0.66s
[2025-08-01T02:45:04.386+0000] GC(52) Pause Young (Allocation Failure)
[2025-08-01T02:45:04.778+0000] GC(52) DefNew: 1258304K->139775K(1258304K)
[2025-08-01T02:45:04.778+0000] GC(52) Tenured: 1368500K->1857429K(2796224K)
[2025-08-01T02:45:04.778+0000] GC(52) Metaspace: 9707K(12544K)->9707K(12544K) NonClass: 8541K(11008K)->8541K(11008K) Class: 1166K(1536K)->1166K(1536K)
[2025-08-01T02:45:04.778+0000] GC(52) Pause Young (Allocation Failure) 2565M->1950M(3959M) 391.848ms
[2025-08-01T02:45:04.778+0000] GC(52) User=0.39s Sys=0.00s Real=0.39s
[2025-08-01T02:45:04.990+0000] GC(53) Pause Young (Allocation Failure)
[2025-08-01T02:45:04.990+0000] GC(54) Pause Full (Allocation Failure)
[2025-08-01T02:45:04.990+0000] GC(54) Phase 1: Mark live objects
[2025-08-01T02:45:05.141+0000] GC(54) Phase 1: Mark live objects 151.387ms
[2025-08-01T02:45:05.141+0000] GC(54) Phase 2: Compute new object addresses
[2025-08-01T02:45:05.605+0000] GC(54) Phase 2: Compute new object addresses 463.495ms
[2025-08-01T02:45:05.605+0000] GC(54) Phase 3: Adjust pointers
[2025-08-01T02:45:05.725+0000] GC(54) Phase 3: Adjust pointers 120.191ms
[2025-08-01T02:45:05.725+0000] GC(54) Phase 4: Move objects
[2025-08-01T02:45:06.015+0000] GC(54) Phase 4: Move objects 289.307ms
[2025-08-01T02:45:06.016+0000] GC(54) Pause Full (Allocation Failure) 3042M->940M(3959M) 1025.836ms
[2025-08-01T02:45:06.016+0000] GC(53) DefNew: 1258303K->0K(1258304K)
[2025-08-01T02:45:06.016+0000] GC(53) Tenured: 1857429K->963404K(2796224K)
[2025-08-01T02:45:06.016+0000] GC(53) Metaspace: 9707K(12544K)->9707K(12544K) NonClass: 8541K(11008K)->8541K(11008K) Class: 1166K(1536K)->1166K(1536K)
[2025-08-01T02:45:06.016+0000] GC(53) Pause Young (Allocation Failure) 3042M->940M(3959M) 1026.095ms
[2025-08-01T02:45:06.016+0000] GC(53) User=1.03s Sys=0.00s Real=1.03s
[2025-08-01T02:45:06.231+0000] GC(55) Pause Young (Allocation Failure)
[2025-08-01T02:45:06.900+0000] GC(55) DefNew: 1118528K->139776K(1258304K)
[2025-08-01T02:45:06.900+0000] GC(55) Tenured: 963404K->1824665K(2796224K)
[2025-08-01T02:45:06.900+0000] GC(55) Metaspace: 9707K(12544K)->9707K(12544K) NonClass: 8541K(11008K)->8541K(11008K) Class: 1166K(1536K)->1166K(1536K)
[2025-08-01T02:45:06.900+0000] GC(55) Pause Young (Allocation Failure) 2033M->1918M(3959M) 668.764ms
[2025-08-01T02:45:06.900+0000] GC(55) User=0.68s Sys=0.00s Real=0.67s
[2025-08-01T02:45:07.123+0000] GC(56) Pause Young (Allocation Failure)
[2025-08-01T02:45:07.123+0000] GC(57) Pause Full (Allocation Failure)
[2025-08-01T02:45:07.123+0000] GC(57) Phase 1: Mark live objects
[2025-08-01T02:45:07.177+0000] GC(57) Phase 1: Mark live objects 53.194ms
[2025-08-01T02:45:07.177+0000] GC(57) Phase 2: Compute new object addresses
[2025-08-01T02:45:07.604+0000] GC(57) Phase 2: Compute new object addresses 427.073ms
[2025-08-01T02:45:07.604+0000] GC(57) Phase 3: Adjust pointers
[2025-08-01T02:45:07.645+0000] GC(57) Phase 3: Adjust pointers 41.423ms
[2025-08-01T02:45:07.646+0000] GC(57) Phase 4: Move objects
[2025-08-01T02:45:07.736+0000] GC(57) Phase 4: Move objects 90.574ms
[2025-08-01T02:45:07.737+0000] GC(57) Pause Full (Allocation Failure) 3010M->271M(3959M) 613.845ms
[2025-08-01T02:45:07.737+0000] GC(56) DefNew: 1258304K->0K(1258304K)
[2025-08-01T02:45:07.737+0000] GC(56) Tenured: 1824665K->278070K(2796224K)
[2025-08-01T02:45:07.737+0000] GC(56) Metaspace: 9707K(12544K)->9707K(12544K) NonClass: 8541K(11008K)->8541K(11008K) Class: 1166K(1536K)->1166K(1536K)
[2025-08-01T02:45:07.737+0000] GC(56) Pause Young (Allocation Failure) 3010M->271M(3959M) 614.033ms
[2025-08-01T02:45:07.737+0000] GC(56) User=0.61s Sys=0.01s Real=0.61s
[2025-08-01T02:45:07.943+0000] GC(58) Pause Young (Allocation Failure)
[2025-08-01T02:45:08.563+0000] GC(58) DefNew: 1118528K->139775K(1258304K)
[2025-08-01T02:45:08.563+0000] GC(58) Tenured: 278070K->1242553K(2796224K)
[2025-08-01T02:45:08.563+0000] GC(58) Metaspace: 9707K(12544K)->9707K(12544K) NonClass: 8541K(11008K)->8541K(11008K) Class: 1166K(1536K)->1166K(1536K)
[2025-08-01T02:45:08.563+0000] GC(58) Pause Young (Allocation Failure) 1363M->1349M(3959M) 620.427ms
[2025-08-01T02:45:08.563+0000] GC(58) User=0.63s Sys=0.00s Real=0.63s
[2025-08-01T02:45:08.770+0000] GC(59) Pause Young (Allocation Failure)
[2025-08-01T02:45:09.123+0000] GC(59) DefNew: 1258303K->139775K(1258304K)
[2025-08-01T02:45:09.123+0000] GC(59) Tenured: 1242553K->1744330K(2796224K)
[2025-08-01T02:45:09.123+0000] GC(59) Metaspace: 9707K(12544K)->9707K(12544K) NonClass: 8541K(11008K)->8541K(11008K) Class: 1166K(1536K)->1166K(1536K)
[2025-08-01T02:45:09.123+0000] GC(59) Pause Young (Allocation Failure) 2442M->1839M(3959M) 352.946ms
[2025-08-01T02:45:09.123+0000] GC(59) User=0.35s Sys=0.00s Real=0.36s
[2025-08-01T02:45:09.329+0000] GC(60) Pause Young (Allocation Failure)
[2025-08-01T02:45:09.329+0000] GC(61) Pause Full (Allocation Failure)
[2025-08-01T02:45:09.329+0000] GC(61) Phase 1: Mark live objects
[2025-08-01T02:45:09.455+0000] GC(61) Phase 1: Mark live objects 125.482ms
[2025-08-01T02:45:09.455+0000] GC(61) Phase 2: Compute new object addresses
[2025-08-01T02:45:09.874+0000] GC(61) Phase 2: Compute new object addresses 419.248ms
[2025-08-01T02:45:09.874+0000] GC(61) Phase 3: Adjust pointers
[2025-08-01T02:45:09.988+0000] GC(61) Phase 3: Adjust pointers 113.678ms
[2025-08-01T02:45:09.988+0000] GC(61) Phase 4: Move objects
[2025-08-01T02:45:10.360+0000] GC(61) Phase 4: Move objects 371.939ms
[2025-08-01T02:45:10.362+0000] GC(61) Pause Full (Allocation Failure) 2932M->893M(3959M) 1032.599ms
[2025-08-01T02:45:10.362+0000] GC(60) DefNew: 1258303K->0K(1258304K)
[2025-08-01T02:45:10.362+0000] GC(60) Tenured: 1744330K->915105K(2796224K)
[2025-08-01T02:45:10.362+0000] GC(60) Metaspace: 9707K(12544K)->9707K(12544K) NonClass: 8541K(11008K)->8541K(11008K) Class: 1166K(1536K)->1166K(1536K)
[2025-08-01T02:45:10.362+0000] GC(60) Pause Young (Allocation Failure) 2932M->893M(3959M) 1032.821ms
[2025-08-01T02:45:10.362+0000] GC(60) User=1.03s Sys=0.01s Real=1.03s
[2025-08-01T02:45:10.588+0000] GC(62) Pause Young (Allocation Failure)
[2025-08-01T02:45:11.261+0000] GC(62) DefNew: 1118528K->139775K(1258304K)
[2025-08-01T02:45:11.261+0000] GC(62) Tenured: 915105K->1787324K(2796224K)
[2025-08-01T02:45:11.261+0000] GC(62) Metaspace: 9707K(12544K)->9707K(12544K) NonClass: 8541K(11008K)->8541K(11008K) Class: 1166K(1536K)->1166K(1536K)
[2025-08-01T02:45:11.261+0000] GC(62) Pause Young (Allocation Failure) 1985M->1881M(3959M) 673.509ms
[2025-08-01T02:45:11.261+0000] GC(62) User=0.67s Sys=0.00s Real=0.67s
[2025-08-01T02:45:11.472+0000] GC(63) Pause Young (Allocation Failure)
[2025-08-01T02:45:11.472+0000] GC(64) Pause Full (Allocation Failure)
[2025-08-01T02:45:11.472+0000] GC(64) Phase 1: Mark live objects
[2025-08-01T02:45:11.526+0000] GC(64) Phase 1: Mark live objects 53.193ms
[2025-08-01T02:45:11.526+0000] GC(64) Phase 2: Compute new object addresses
[2025-08-01T02:45:12.061+0000] GC(64) Phase 2: Compute new object addresses 534.753ms
[2025-08-01T02:45:12.061+0000] GC(64) Phase 3: Adjust pointers
[2025-08-01T02:45:12.114+0000] GC(64) Phase 3: Adjust pointers 53.077ms
[2025-08-01T02:45:12.114+0000] GC(64) Phase 4: Move objects
[2025-08-01T02:45:12.254+0000] GC(64) Phase 4: Move objects 140.578ms
[2025-08-01T02:45:12.255+0000] GC(64) Pause Full (Allocation Failure) 2974M->402M(3959M) 783.002ms
[2025-08-01T02:45:12.255+0000] GC(63) DefNew: 1258303K->0K(1258304K)
[2025-08-01T02:45:12.255+0000] GC(63) Tenured: 1787324K->412494K(2796224K)
[2025-08-01T02:45:12.255+0000] GC(63) Metaspace: 9707K(12544K)->9707K(12544K) NonClass: 8541K(11008K)->8541K(11008K) Class: 1166K(1536K)->1166K(1536K)
[2025-08-01T02:45:12.255+0000] GC(63) Pause Young (Allocation Failure) 2974M->402M(3959M) 783.240ms
[2025-08-01T02:45:12.256+0000] GC(63) User=0.78s Sys=0.01s Real=0.79s
[2025-08-01T02:45:12.470+0000] GC(65) Pause Young (Allocation Failure)
[2025-08-01T02:45:13.182+0000] GC(65) DefNew: 1118528K->139775K(1258304K)
[2025-08-01T02:45:13.182+0000] GC(65) Tenured: 412494K->1388608K(2796224K)
[2025-08-01T02:45:13.182+0000] GC(65) Metaspace: 9707K(12544K)->9707K(12544K) NonClass: 8541K(11008K)->8541K(11008K) Class: 1166K(1536K)->1166K(1536K)
[2025-08-01T02:45:13.182+0000] GC(65) Pause Young (Allocation Failure) 1495M->1492M(3959M) 711.773ms
[2025-08-01T02:45:13.182+0000] GC(65) User=0.71s Sys=0.00s Real=0.71s
[2025-08-01T02:45:13.402+0000] GC(66) Pause Young (Allocation Failure)
[2025-08-01T02:45:13.795+0000] GC(66) DefNew: 1258303K->139775K(1258304K)
[2025-08-01T02:45:13.795+0000] GC(66) Tenured: 1388608K->1889736K(2796224K)
[2025-08-01T02:45:13.795+0000] GC(66) Metaspace: 9707K(12544K)->9707K(12544K) NonClass: 8541K(11008K)->8541K(11008K) Class: 1166K(1536K)->1166K(1536K)
[2025-08-01T02:45:13.796+0000] GC(66) Pause Young (Allocation Failure) 2584M->1981M(3959M) 393.998ms
[2025-08-01T02:45:13.796+0000] GC(66) User=0.39s Sys=0.00s Real=0.40s
[2025-08-01T02:45:14.013+0000] GC(67) Pause Young (Allocation Failure)
[2025-08-01T02:45:14.013+0000] GC(68) Pause Full (Allocation Failure)
[2025-08-01T02:45:14.013+0000] GC(68) Phase 1: Mark live objects
[2025-08-01T02:45:14.085+0000] GC(68) Phase 1: Mark live objects 71.589ms
[2025-08-01T02:45:14.085+0000] GC(68) Phase 2: Compute new object addresses
[2025-08-01T02:45:14.600+0000] GC(68) Phase 2: Compute new object addresses 515.217ms
[2025-08-01T02:45:14.600+0000] GC(68) Phase 3: Adjust pointers
[2025-08-01T02:45:14.662+0000] GC(68) Phase 3: Adjust pointers 61.901ms
[2025-08-01T02:45:14.662+0000] GC(68) Phase 4: Move objects
[2025-08-01T02:45:14.806+0000] GC(68) Phase 4: Move objects 143.529ms
[2025-08-01T02:45:14.807+0000] GC(68) Pause Full (Allocation Failure) 3074M->501M(3959M) 793.696ms
[2025-08-01T02:45:14.807+0000] GC(67) DefNew: 1258303K->0K(1258304K)
[2025-08-01T02:45:14.807+0000] GC(67) Tenured: 1889736K->513793K(2796224K)
[2025-08-01T02:45:14.807+0000] GC(67) Metaspace: 9707K(12544K)->9707K(12544K) NonClass: 8541K(11008K)->8541K(11008K) Class: 1166K(1536K)->1166K(1536K)
[2025-08-01T02:45:14.807+0000] GC(67) Pause Young (Allocation Failure) 3074M->501M(3959M) 793.996ms
[2025-08-01T02:45:14.807+0000] GC(67) User=0.79s Sys=0.00s Real=0.79s
[2025-08-01T02:45:15.006+0000] GC(69) Pause Young (Allocation Failure)
[2025-08-01T02:45:15.700+0000] GC(69) DefNew: 1118528K->139775K(1258304K)
[2025-08-01T02:45:15.700+0000] GC(69) Tenured: 513793K->1388535K(2796224K)
[2025-08-01T02:45:15.700+0000] GC(69) Metaspace: 9707K(12544K)->9707K(12544K) NonClass: 8541K(11008K)->8541K(11008K) Class: 1166K(1536K)->1166K(1536K)
[2025-08-01T02:45:15.700+0000] GC(69) Pause Young (Allocation Failure) 1594M->1492M(3959M) 694.400ms
[2025-08-01T02:45:15.700+0000] GC(69) User=0.69s Sys=0.01s Real=0.69s
[2025-08-01T02:45:15.948+0000] GC(70) Pause Young (Allocation Failure)
[2025-08-01T02:45:16.129+0000] GC(70) DefNew: 1258303K->139775K(1258304K)
[2025-08-01T02:45:16.129+0000] GC(70) Tenured: 1388535K->1528862K(2796224K)
[2025-08-01T02:45:16.129+0000] GC(70) Metaspace: 9707K(12544K)->9707K(12544K) NonClass: 8541K(11008K)->8541K(11008K) Class: 1166K(1536K)->1166K(1536K)
[2025-08-01T02:45:16.129+0000] GC(70) Pause Young (Allocation Failure) 2584M->1629M(3959M) 181.147ms
[2025-08-01T02:45:16.129+0000] GC(70) User=0.18s Sys=0.00s Real=0.18s
[2025-08-01T02:45:16.379+0000] GC(71) Pause Young (Allocation Failure)
[2025-08-01T02:45:18.095+0000] GC(71) DefNew: 1258303K->139775K(1258304K)
[2025-08-01T02:45:18.095+0000] GC(71) Tenured: 1528862K->2642205K(2796224K)
[2025-08-01T02:45:18.095+0000] GC(71) Metaspace: 9707K(12544K)->9707K(12544K) NonClass: 8541K(11008K)->8541K(11008K) Class: 1166K(1536K)->1166K(1536K)
[2025-08-01T02:45:18.095+0000] GC(71) Pause Young (Allocation Failure) 2721M->2716M(3959M) 1716.269ms
[2025-08-01T02:45:18.095+0000] GC(71) User=0.99s Sys=0.74s Real=1.72s
[2025-08-01T02:45:18.313+0000] GC(72) Pause Young (Allocation Failure)
[2025-08-01T02:45:18.313+0000] GC(73) Pause Full (Allocation Failure)
[2025-08-01T02:45:18.314+0000] GC(73) Phase 1: Mark live objects
[2025-08-01T02:45:18.440+0000] GC(73) Phase 1: Mark live objects 126.305ms
[2025-08-01T02:45:18.440+0000] GC(73) Phase 2: Compute new object addresses
[2025-08-01T02:45:18.986+0000] GC(73) Phase 2: Compute new object addresses 546.006ms
[2025-08-01T02:45:18.986+0000] GC(73) Phase 3: Adjust pointers
[2025-08-01T02:45:19.074+0000] GC(73) Phase 3: Adjust pointers 88.284ms
[2025-08-01T02:45:19.075+0000] GC(73) Phase 4: Move objects
[2025-08-01T02:45:19.318+0000] GC(73) Phase 4: Move objects 243.924ms
[2025-08-01T02:45:19.320+0000] GC(73) Pause Full (Allocation Failure) 3809M->641M(3959M) 1006.114ms
[2025-08-01T02:45:19.320+0000] GC(72) DefNew: 1258303K->0K(1258304K)
[2025-08-01T02:45:19.320+0000] GC(72) Tenured: 2642205K->656553K(2796224K)
[2025-08-01T02:45:19.320+0000] GC(72) Metaspace: 9707K(12544K)->9707K(12544K) NonClass: 8541K(11008K)->8541K(11008K) Class: 1166K(1536K)->1166K(1536K)
[2025-08-01T02:45:19.320+0000] GC(72) Pause Young (Allocation Failure) 3809M->641M(3959M) 1006.363ms
[2025-08-01T02:45:19.320+0000] GC(72) User=1.01s Sys=0.00s Real=1.00s
[2025-08-01T02:45:19.561+0000] GC(74) Pause Young (Allocation Failure)
[2025-08-01T02:45:19.762+0000] GC(74) DefNew: 1118528K->139775K(1258304K)
[2025-08-01T02:45:19.762+0000] GC(74) Tenured: 656553K->797434K(2796224K)
[2025-08-01T02:45:19.762+0000] GC(74) Metaspace: 9707K(12544K)->9707K(12544K) NonClass: 8541K(11008K)->8541K(11008K) Class: 1166K(1536K)->1166K(1536K)
[2025-08-01T02:45:19.763+0000] GC(74) Pause Young (Allocation Failure) 1733M->915M(3959M) 201.151ms
[2025-08-01T02:45:19.763+0000] GC(74) User=0.20s Sys=0.00s Real=0.20s
[2025-08-01T02:45:19.969+0000] GC(75) Pause Young (Allocation Failure)
[2025-08-01T02:45:20.665+0000] GC(75) DefNew: 1258303K->139775K(1258304K)
[2025-08-01T02:45:20.665+0000] GC(75) Tenured: 797434K->1670191K(2796224K)
[2025-08-01T02:45:20.665+0000] GC(75) Metaspace: 9707K(12544K)->9707K(12544K) NonClass: 8541K(11008K)->8541K(11008K) Class: 1166K(1536K)->1166K(1536K)
[2025-08-01T02:45:20.665+0000] GC(75) Pause Young (Allocation Failure) 2007M->1767M(3959M) 696.516ms
[2025-08-01T02:45:20.665+0000] GC(75) User=0.70s Sys=0.00s Real=0.70s
[2025-08-01T02:45:20.879+0000] GC(76) Pause Young (Allocation Failure)
[2025-08-01T02:45:20.879+0000] GC(77) Pause Full (Allocation Failure)
[2025-08-01T02:45:20.879+0000] GC(77) Phase 1: Mark live objects
[2025-08-01T02:45:20.998+0000] GC(77) Phase 1: Mark live objects 118.969ms
[2025-08-01T02:45:20.998+0000] GC(77) Phase 2: Compute new object addresses
[2025-08-01T02:45:21.488+0000] GC(77) Phase 2: Compute new object addresses 489.791ms
[2025-08-01T02:45:21.488+0000] GC(77) Phase 3: Adjust pointers
[2025-08-01T02:45:21.591+0000] GC(77) Phase 3: Adjust pointers 103.051ms
[2025-08-01T02:45:21.591+0000] GC(77) Phase 4: Move objects
[2025-08-01T02:45:21.883+0000] GC(77) Phase 4: Move objects 291.751ms
[2025-08-01T02:45:21.884+0000] GC(77) Pause Full (Allocation Failure) 2859M->807M(3959M) 1005.039ms
[2025-08-01T02:45:21.884+0000] GC(76) DefNew: 1258303K->0K(1258304K)
[2025-08-01T02:45:21.884+0000] GC(76) Tenured: 1670191K->826834K(2796224K)
[2025-08-01T02:45:21.884+0000] GC(76) Metaspace: 9707K(12544K)->9707K(12544K) NonClass: 8541K(11008K)->8541K(11008K) Class: 1166K(1536K)->1166K(1536K)
[2025-08-01T02:45:21.884+0000] GC(76) Pause Young (Allocation Failure) 2859M->807M(3959M) 1005.241ms
[2025-08-01T02:45:21.884+0000] GC(76) User=1.00s Sys=0.01s Real=1.01s
[2025-08-01T02:45:22.092+0000] GC(78) Pause Young (Allocation Failure)
[2025-08-01T02:45:22.822+0000] GC(78) DefNew: 1118528K->139776K(1258304K)
[2025-08-01T02:45:22.822+0000] GC(78) Tenured: 826834K->1787066K(2796224K)
[2025-08-01T02:45:22.822+0000] GC(78) Metaspace: 9707K(12544K)->9707K(12544K) NonClass: 8541K(11008K)->8541K(11008K) Class: 1166K(1536K)->1166K(1536K)
[2025-08-01T02:45:22.822+0000] GC(78) Pause Young (Allocation Failure) 1899M->1881M(3959M) 730.415ms
[2025-08-01T02:45:22.822+0000] GC(78) User=0.73s Sys=0.00s Real=0.73s
[2025-08-01T02:45:23.035+0000] GC(79) Pause Young (Allocation Failure)
[2025-08-01T02:45:23.035+0000] GC(80) Pause Full (Allocation Failure)
[2025-08-01T02:45:23.035+0000] GC(80) Phase 1: Mark live objects
[2025-08-01T02:45:23.146+0000] GC(80) Phase 1: Mark live objects 110.135ms
[2025-08-01T02:45:23.146+0000] GC(80) Phase 2: Compute new object addresses
[2025-08-01T02:45:23.599+0000] GC(80) Phase 2: Compute new object addresses 453.005ms
[2025-08-01T02:45:23.599+0000] GC(80) Phase 3: Adjust pointers
[2025-08-01T02:45:23.701+0000] GC(80) Phase 3: Adjust pointers 101.900ms
[2025-08-01T02:45:23.701+0000] GC(80) Phase 4: Move objects
[2025-08-01T02:45:23.942+0000] GC(80) Phase 4: Move objects 241.559ms
[2025-08-01T02:45:23.943+0000] GC(80) Pause Full (Allocation Failure) 2973M->712M(3959M) 907.993ms
[2025-08-01T02:45:23.943+0000] GC(79) DefNew: 1258304K->0K(1258304K)
[2025-08-01T02:45:23.943+0000] GC(79) Tenured: 1787066K->729421K(2796224K)
[2025-08-01T02:45:23.943+0000] GC(79) Metaspace: 9707K(12544K)->9707K(12544K) NonClass: 8541K(11008K)->8541K(11008K) Class: 1166K(1536K)->1166K(1536K)
[2025-08-01T02:45:23.943+0000] GC(79) Pause Young (Allocation Failure) 2973M->712M(3959M) 908.143ms
[2025-08-01T02:45:23.943+0000] GC(79) User=0.90s Sys=0.01s Real=0.91s
[2025-08-01T02:45:24.164+0000] GC(81) Pause Young (Allocation Failure)
[2025-08-01T02:45:24.357+0000] GC(81) DefNew: 1118528K->139775K(1258304K)
[2025-08-01T02:45:24.357+0000] GC(81) Tenured: 729421K->871863K(2796224K)
[2025-08-01T02:45:24.357+0000] GC(81) Metaspace: 9707K(12544K)->9707K(12544K) NonClass: 8541K(11008K)->8541K(11008K) Class: 1166K(1536K)->1166K(1536K)
[2025-08-01T02:45:24.357+0000] GC(81) Pause Young (Allocation Failure) 1804M->987M(3959M) 192.970ms
[2025-08-01T02:45:24.357+0000] GC(81) User=0.19s Sys=0.00s Real=0.19s
[2025-08-01T02:45:24.582+0000] GC(82) Pause Young (Allocation Failure)
[2025-08-01T02:45:25.254+0000] GC(82) DefNew: 1258303K->139776K(1258304K)
[2025-08-01T02:45:25.254+0000] GC(82) Tenured: 871863K->1744342K(2796224K)
[2025-08-01T02:45:25.254+0000] GC(82) Metaspace: 9707K(12544K)->9707K(12544K) NonClass: 8541K(11008K)->8541K(11008K) Class: 1166K(1536K)->1166K(1536K)
[2025-08-01T02:45:25.254+0000] GC(82) Pause Young (Allocation Failure) 2080M->1839M(3959M) 672.081ms
[2025-08-01T02:45:25.254+0000] GC(82) User=0.68s Sys=0.00s Real=0.68s
[2025-08-01T02:45:25.471+0000] GC(83) Pause Young (Allocation Failure)
[2025-08-01T02:45:25.471+0000] GC(84) Pause Full (Allocation Failure)
[2025-08-01T02:45:25.471+0000] GC(84) Phase 1: Mark live objects
[2025-08-01T02:45:25.628+0000] GC(84) Phase 1: Mark live objects 157.090ms
[2025-08-01T02:45:25.628+0000] GC(84) Phase 2: Compute new object addresses
[2025-08-01T02:45:26.051+0000] GC(84) Phase 2: Compute new object addresses 422.000ms
[2025-08-01T02:45:26.051+0000] GC(84) Phase 3: Adjust pointers
[2025-08-01T02:45:26.159+0000] GC(84) Phase 3: Adjust pointers 108.064ms
[2025-08-01T02:45:26.159+0000] GC(84) Phase 4: Move objects
[2025-08-01T02:45:26.443+0000] GC(84) Phase 4: Move objects 284.103ms
[2025-08-01T02:45:26.444+0000] GC(84) Pause Full (Allocation Failure) 2932M->808M(3959M) 972.841ms
[2025-08-01T02:45:26.444+0000] GC(83) DefNew: 1258304K->0K(1258304K)
[2025-08-01T02:45:26.444+0000] GC(83) Tenured: 1744342K->828385K(2796224K)
[2025-08-01T02:45:26.444+0000] GC(83) Metaspace: 9707K(12544K)->9707K(12544K) NonClass: 8541K(11008K)->8541K(11008K) Class: 1166K(1536K)->1166K(1536K)
[2025-08-01T02:45:26.444+0000] GC(83) Pause Young (Allocation Failure) 2932M->808M(3959M) 973.030ms
[2025-08-01T02:45:26.444+0000] GC(83) User=0.98s Sys=0.01s Real=0.98s
[2025-08-01T02:45:26.675+0000] GC(85) Pause Young (Allocation Failure)
[2025-08-01T02:45:27.458+0000] GC(85) DefNew: 1118528K->139775K(1258304K)
[2025-08-01T02:45:27.458+0000] GC(85) Tenured: 828385K->1794549K(2796224K)
[2025-08-01T02:45:27.458+0000] GC(85) Metaspace: 9707K(12544K)->9707K(12544K) NonClass: 8541K(11008K)->8541K(11008K) Class: 1166K(1536K)->1166K(1536K)
[2025-08-01T02:45:27.458+0000] GC(85) Pause Young (Allocation Failure) 1901M->1888M(3959M) 783.128ms
[2025-08-01T02:45:27.458+0000] GC(85) User=0.77s Sys=0.02s Real=0.78s
[2025-08-01T02:45:27.681+0000] GC(86) Pause Young (Allocation Failure)
[2025-08-01T02:45:27.681+0000] GC(87) Pause Full (Allocation Failure)
[2025-08-01T02:45:27.681+0000] GC(87) Phase 1: Mark live objects
[2025-08-01T02:45:27.799+0000] GC(87) Phase 1: Mark live objects 118.168ms
[2025-08-01T02:45:27.799+0000] GC(87) Phase 2: Compute new object addresses
[2025-08-01T02:45:28.213+0000] GC(87) Phase 2: Compute new object addresses 413.687ms
[2025-08-01T02:45:28.213+0000] GC(87) Phase 3: Adjust pointers
[2025-08-01T02:45:28.316+0000] GC(87) Phase 3: Adjust pointers 102.596ms
[2025-08-01T02:45:28.316+0000] GC(87) Phase 4: Move objects
[2025-08-01T02:45:28.561+0000] GC(87) Phase 4: Move objects 245.027ms
[2025-08-01T02:45:28.562+0000] GC(87) Pause Full (Allocation Failure) 2981M->635M(3959M) 881.419ms
[2025-08-01T02:45:28.562+0000] GC(86) DefNew: 1258303K->0K(1258304K)
[2025-08-01T02:45:28.562+0000] GC(86) Tenured: 1794549K->651124K(2796224K)
[2025-08-01T02:45:28.562+0000] GC(86) Metaspace: 9707K(12544K)->9707K(12544K) NonClass: 8541K(11008K)->8541K(11008K) Class: 1166K(1536K)->1166K(1536K)
[2025-08-01T02:45:28.562+0000] GC(86) Pause Young (Allocation Failure) 2981M->635M(3959M) 881.624ms
[2025-08-01T02:45:28.562+0000] GC(86) User=0.88s Sys=0.00s Real=0.88s
[2025-08-01T02:45:28.780+0000] GC(88) Pause Young (Allocation Failure)
[2025-08-01T02:45:28.945+0000] GC(88) DefNew: 1118528K->139775K(1258304K)
[2025-08-01T02:45:28.945+0000] GC(88) Tenured: 651124K->794752K(2796224K)
[2025-08-01T02:45:28.945+0000] GC(88) Metaspace: 9707K(12544K)->9707K(12544K) NonClass: 8541K(11008K)->8541K(11008K) Class: 1166K(1536K)->1166K(1536K)
[2025-08-01T02:45:28.945+0000] GC(88) Pause Young (Allocation Failure) 1728M->912M(3959M) 164.620ms
[2025-08-01T02:45:28.945+0000] GC(88) User=0.16s Sys=0.00s Real=0.17s
[2025-08-01T02:45:29.156+0000] GC(89) Pause Young (Allocation Failure)
[2025-08-01T02:45:29.823+0000] GC(89) DefNew: 1258303K->139776K(1258304K)
[2025-08-01T02:45:29.823+0000] GC(89) Tenured: 794752K->1670108K(2796224K)
[2025-08-01T02:45:29.823+0000] GC(89) Metaspace: 9707K(12544K)->9707K(12544K) NonClass: 8541K(11008K)->8541K(11008K) Class: 1166K(1536K)->1166K(1536K)
[2025-08-01T02:45:29.823+0000] GC(89) Pause Young (Allocation Failure) 2004M->1767M(3959M) 667.680ms
[2025-08-01T02:45:29.823+0000] GC(89) User=0.67s Sys=0.00s Real=0.66s
[2025-08-01T02:45:30.079+0000] GC(90) Pause Young (Allocation Failure)
[2025-08-01T02:45:30.079+0000] GC(91) Pause Full (Allocation Failure)
[2025-08-01T02:45:30.079+0000] GC(91) Phase 1: Mark live objects
[2025-08-01T02:45:30.136+0000] GC(91) Phase 1: Mark live objects 57.255ms
[2025-08-01T02:45:30.136+0000] GC(91) Phase 2: Compute new object addresses
[2025-08-01T02:45:30.644+0000] GC(91) Phase 2: Compute new object addresses 507.607ms
[2025-08-01T02:45:30.644+0000] GC(91) Phase 3: Adjust pointers
[2025-08-01T02:45:30.696+0000] GC(91) Phase 3: Adjust pointers 52.144ms
[2025-08-01T02:45:30.696+0000] GC(91) Phase 4: Move objects
[2025-08-01T02:45:30.837+0000] GC(91) Phase 4: Move objects 140.430ms
[2025-08-01T02:45:30.838+0000] GC(91) Pause Full (Allocation Failure) 2859M->405M(3959M) 758.970ms
[2025-08-01T02:45:30.838+0000] GC(90) DefNew: 1258304K->0K(1258304K)
[2025-08-01T02:45:30.838+0000] GC(90) Tenured: 1670108K->415715K(2796224K)
[2025-08-01T02:45:30.838+0000] GC(90) Metaspace: 9707K(12544K)->9707K(12544K) NonClass: 8541K(11008K)->8541K(11008K) Class: 1166K(1536K)->1166K(1536K)
[2025-08-01T02:45:30.838+0000] GC(90) Pause Young (Allocation Failure) 2859M->405M(3959M) 759.147ms
[2025-08-01T02:45:30.838+0000] GC(90) User=0.76s Sys=0.00s Real=0.76s
[2025-08-01T02:45:31.059+0000] GC(92) Pause Young (Allocation Failure)
[2025-08-01T02:45:31.872+0000] GC(92) DefNew: 1118528K->139776K(1258304K)
[2025-08-01T02:45:31.872+0000] GC(92) Tenured: 415715K->1382715K(2796224K)
[2025-08-01T02:45:31.872+0000] GC(92) Metaspace: 9707K(12544K)->9707K(12544K) NonClass: 8541K(11008K)->8541K(11008K) Class: 1166K(1536K)->1166K(1536K)
[2025-08-01T02:45:31.872+0000] GC(92) Pause Young (Allocation Failure) 1498M->1486M(3959M) 813.581ms
[2025-08-01T02:45:31.872+0000] GC(92) User=0.82s Sys=0.00s Real=0.81s
[2025-08-01T02:45:32.136+0000] GC(93) Pause Young (Allocation Failure)
[2025-08-01T02:45:32.588+0000] GC(93) DefNew: 1258304K->139776K(1258304K)
[2025-08-01T02:45:32.588+0000] GC(93) Tenured: 1382715K->1896791K(2796224K)
[2025-08-01T02:45:32.588+0000] GC(93) Metaspace: 9707K(12544K)->9707K(12544K) NonClass: 8541K(11008K)->8541K(11008K) Class: 1166K(1536K)->1166K(1536K)
[2025-08-01T02:45:32.588+0000] GC(93) Pause Young (Allocation Failure) 2579M->1988M(3959M) 452.271ms
[2025-08-01T02:45:32.588+0000] GC(93) User=0.45s Sys=0.00s Real=0.45s
[2025-08-01T02:45:32.817+0000] GC(94) Pause Young (Allocation Failure)
[2025-08-01T02:45:32.817+0000] GC(95) Pause Full (Allocation Failure)
[2025-08-01T02:45:32.817+0000] GC(95) Phase 1: Mark live objects
[2025-08-01T02:45:32.883+0000] GC(95) Phase 1: Mark live objects 66.063ms
[2025-08-01T02:45:32.884+0000] GC(95) Phase 2: Compute new object addresses
[2025-08-01T02:45:33.362+0000] GC(95) Phase 2: Compute new object addresses 477.992ms
[2025-08-01T02:45:33.362+0000] GC(95) Phase 3: Adjust pointers
[2025-08-01T02:45:33.434+0000] GC(95) Phase 3: Adjust pointers 72.395ms
[2025-08-01T02:45:33.434+0000] GC(95) Phase 4: Move objects
[2025-08-01T02:45:33.603+0000] GC(95) Phase 4: Move objects 168.677ms
[2025-08-01T02:45:33.604+0000] GC(95) Pause Full (Allocation Failure) 3081M->505M(3959M) 787.033ms
[2025-08-01T02:45:33.604+0000] GC(94) DefNew: 1258304K->0K(1258304K)
[2025-08-01T02:45:33.604+0000] GC(94) Tenured: 1896791K->517821K(2796224K)
[2025-08-01T02:45:33.604+0000] GC(94) Metaspace: 9707K(12544K)->9707K(12544K) NonClass: 8541K(11008K)->8541K(11008K) Class: 1166K(1536K)->1166K(1536K)
[2025-08-01T02:45:33.604+0000] GC(94) Pause Young (Allocation Failure) 3081M->505M(3959M) 787.233ms
[2025-08-01T02:45:33.604+0000] GC(94) User=0.79s Sys=0.01s Real=0.79s
[2025-08-01T02:45:33.865+0000] GC(96) Pause Young (Allocation Failure)
[2025-08-01T02:45:34.714+0000] GC(96) DefNew: 1118528K->139775K(1258304K)
[2025-08-01T02:45:34.714+0000] GC(96) Tenured: 517821K->1399579K(2796224K)
[2025-08-01T02:45:34.714+0000] GC(96) Metaspace: 9707K(12544K)->9707K(12544K) NonClass: 8541K(11008K)->8541K(11008K) Class: 1166K(1536K)->1166K(1536K)
[2025-08-01T02:45:34.714+0000] GC(96) Pause Young (Allocation Failure) 1597M->1503M(3959M) 849.209ms
[2025-08-01T02:45:34.714+0000] GC(96) User=0.86s Sys=0.00s Real=0.85s
[2025-08-01T02:45:34.983+0000] GC(97) Pause Young (Allocation Failure)
[2025-08-01T02:45:35.172+0000] GC(97) DefNew: 1258303K->139775K(1258304K)
[2025-08-01T02:45:35.172+0000] GC(97) Tenured: 1399579K->1537066K(2796224K)
[2025-08-01T02:45:35.173+0000] GC(97) Metaspace: 9707K(12544K)->9707K(12544K) NonClass: 8541K(11008K)->8541K(11008K) Class: 1166K(1536K)->1166K(1536K)
[2025-08-01T02:45:35.173+0000] GC(97) Pause Young (Allocation Failure) 2595M->1637M(3959M) 189.457ms
[2025-08-01T02:45:35.173+0000] GC(97) User=0.19s Sys=0.00s Real=0.18s
[2025-08-01T02:45:35.400+0000] GC(98) Pause Young (Allocation Failure)
[2025-08-01T02:45:36.322+0000] GC(98) DefNew: 1258303K->139775K(1258304K)
[2025-08-01T02:45:36.322+0000] GC(98) Tenured: 1537066K->2645737K(2796224K)
[2025-08-01T02:45:36.322+0000] GC(98) Metaspace: 9707K(12544K)->9707K(12544K) NonClass: 8541K(11008K)->8541K(11008K) Class: 1166K(1536K)->1166K(1536K)
[2025-08-01T02:45:36.322+0000] GC(98) Pause Young (Allocation Failure) 2729M->2720M(3959M) 921.899ms
[2025-08-01T02:45:36.322+0000] GC(98) User=0.91s Sys=0.01s Real=0.92s
[2025-08-01T02:45:36.561+0000] GC(99) Pause Young (Allocation Failure)
[2025-08-01T02:45:36.561+0000] GC(100) Pause Full (Allocation Failure)
[2025-08-01T02:45:36.561+0000] GC(100) Phase 1: Mark live objects
[2025-08-01T02:45:36.676+0000] GC(100) Phase 1: Mark live objects 114.591ms
[2025-08-01T02:45:36.676+0000] GC(100) Phase 2: Compute new object addresses
[2025-08-01T02:45:37.347+0000] GC(100) Phase 2: Compute new object addresses 671.164ms
[2025-08-01T02:45:37.347+0000] GC(100) Phase 3: Adjust pointers
[2025-08-01T02:45:37.488+0000] GC(100) Phase 3: Adjust pointers 141.361ms
[2025-08-01T02:45:37.488+0000] GC(100) Phase 4: Move objects
[2025-08-01T02:45:37.849+0000] GC(100) Phase 4: Move objects 360.769ms
[2025-08-01T02:45:37.852+0000] GC(100) Pause Full (Allocation Failure) 3812M->778M(3959M) 1290.712ms
[2025-08-01T02:45:37.852+0000] GC(99) DefNew: 1258303K->0K(1258304K)
[2025-08-01T02:45:37.852+0000] GC(99) Tenured: 2645737K->796673K(2796224K)
[2025-08-01T02:45:37.852+0000] GC(99) Metaspace: 9707K(12544K)->9707K(12544K) NonClass: 8541K(11008K)->8541K(11008K) Class: 1166K(1536K)->1166K(1536K)
[2025-08-01T02:45:37.852+0000] GC(99) Pause Young (Allocation Failure) 3812M->778M(3959M) 1291.093ms
[2025-08-01T02:45:37.852+0000] GC(99) User=1.30s Sys=0.00s Real=1.29s
[2025-08-01T02:45:38.170+0000] GC(101) Pause Young (Allocation Failure)
[2025-08-01T02:45:38.376+0000] GC(101) DefNew: 1118528K->139775K(1258304K)
[2025-08-01T02:45:38.376+0000] GC(101) Tenured: 796673K->936642K(2796224K)
[2025-08-01T02:45:38.376+0000] GC(101) Metaspace: 9707K(12544K)->9707K(12544K) NonClass: 8541K(11008K)->8541K(11008K) Class: 1166K(1536K)->1166K(1536K)
[2025-08-01T02:45:38.376+0000] GC(101) Pause Young (Allocation Failure) 1870M->1051M(3959M) 205.895ms
[2025-08-01T02:45:38.376+0000] GC(101) User=0.21s Sys=0.00s Real=0.21s
[2025-08-01T02:45:38.666+0000] GC(102) Pause Young (Allocation Failure)
[2025-08-01T02:45:39.337+0000] GC(102) DefNew: 1258303K->139775K(1258304K)
[2025-08-01T02:45:39.337+0000] GC(102) Tenured: 936642K->1816805K(2796224K)
[2025-08-01T02:45:39.337+0000] GC(102) Metaspace: 9707K(12544K)->9707K(12544K) NonClass: 8541K(11008K)->8541K(11008K) Class: 1166K(1536K)->1166K(1536K)
[2025-08-01T02:45:39.337+0000] GC(102) Pause Young (Allocation Failure) 2143M->1910M(3959M) 670.861ms
[2025-08-01T02:45:39.337+0000] GC(102) User=0.68s Sys=0.00s Real=0.67s
[2025-08-01T02:45:39.598+0000] GC(103) Pause Young (Allocation Failure)
[2025-08-01T02:45:39.598+0000] GC(104) Pause Full (Allocation Failure)
[2025-08-01T02:45:39.598+0000] GC(104) Phase 1: Mark live objects
[2025-08-01T02:45:39.656+0000] GC(104) Phase 1: Mark live objects 58.182ms
[2025-08-01T02:45:39.656+0000] GC(104) Phase 2: Compute new object addresses
[2025-08-01T02:45:40.164+0000] GC(104) Phase 2: Compute new object addresses 508.346ms
[2025-08-01T02:45:40.165+0000] GC(104) Phase 3: Adjust pointers
[2025-08-01T02:45:40.218+0000] GC(104) Phase 3: Adjust pointers 53.412ms
[2025-08-01T02:45:40.218+0000] GC(104) Phase 4: Move objects
[2025-08-01T02:45:40.323+0000] GC(104) Phase 4: Move objects 104.692ms
[2025-08-01T02:45:40.324+0000] GC(104) Pause Full (Allocation Failure) 3003M->288M(3959M) 726.422ms
[2025-08-01T02:45:40.324+0000] GC(103) DefNew: 1258303K->0K(1258304K)
[2025-08-01T02:45:40.324+0000] GC(103) Tenured: 1816805K->295098K(2796224K)
[2025-08-01T02:45:40.324+0000] GC(103) Metaspace: 9707K(12544K)->9707K(12544K) NonClass: 8541K(11008K)->8541K(11008K) Class: 1166K(1536K)->1166K(1536K)
[2025-08-01T02:45:40.324+0000] GC(103) Pause Young (Allocation Failure) 3003M->288M(3959M) 726.601ms
[2025-08-01T02:45:40.324+0000] GC(103) User=0.72s Sys=0.00s Real=0.73s
[2025-08-01T02:45:40.536+0000] GC(105) Pause Young (Allocation Failure)
[2025-08-01T02:45:41.299+0000] GC(105) DefNew: 1118528K->139776K(1258304K)
[2025-08-01T02:45:41.299+0000] GC(105) Tenured: 295098K->1257760K(2796224K)
[2025-08-01T02:45:41.299+0000] GC(105) Metaspace: 9707K(12544K)->9707K(12544K) NonClass: 8541K(11008K)->8541K(11008K) Class: 1166K(1536K)->1166K(1536K)
[2025-08-01T02:45:41.299+0000] GC(105) Pause Young (Allocation Failure) 1380M->1364M(3959M) 762.824ms
[2025-08-01T02:45:41.299+0000] GC(105) User=0.76s Sys=0.00s Real=0.76s
[2025-08-01T02:45:41.515+0000] GC(106) Pause Young (Allocation Failure)
[2025-08-01T02:45:41.897+0000] GC(106) DefNew: 1258304K->139775K(1258304K)
[2025-08-01T02:45:41.897+0000] GC(106) Tenured: 1257760K->1763195K(2796224K)
[2025-08-01T02:45:41.897+0000] GC(106) Metaspace: 9707K(12544K)->9707K(12544K) NonClass: 8541K(11008K)->8541K(11008K) Class: 1166K(1536K)->1166K(1536K)
[2025-08-01T02:45:41.897+0000] GC(106) Pause Young (Allocation Failure) 2457M->1858M(3959M) 381.980ms
[2025-08-01T02:45:41.897+0000] GC(106) User=0.39s Sys=0.00s Real=0.38s
[2025-08-01T02:45:42.109+0000] GC(107) Pause Young (Allocation Failure)
[2025-08-01T02:45:42.109+0000] GC(108) Pause Full (Allocation Failure)
[2025-08-01T02:45:42.109+0000] GC(108) Phase 1: Mark live objects
[2025-08-01T02:45:42.259+0000] GC(108) Phase 1: Mark live objects 150.091ms
[2025-08-01T02:45:42.259+0000] GC(108) Phase 2: Compute new object addresses
[2025-08-01T02:45:42.753+0000] GC(108) Phase 2: Compute new object addresses 493.629ms
[2025-08-01T02:45:42.753+0000] GC(108) Phase 3: Adjust pointers
[2025-08-01T02:45:42.873+0000] GC(108) Phase 3: Adjust pointers 119.587ms
[2025-08-01T02:45:42.873+0000] GC(108) Phase 4: Move objects
[2025-08-01T02:45:43.181+0000] GC(108) Phase 4: Move objects 308.365ms
[2025-08-01T02:45:43.182+0000] GC(108) Pause Full (Allocation Failure) 2950M->931M(3959M) 1072.833ms
[2025-08-01T02:45:43.182+0000] GC(107) DefNew: 1258303K->0K(1258304K)
[2025-08-01T02:45:43.182+0000] GC(107) Tenured: 1763195K->954325K(2796224K)
[2025-08-01T02:45:43.182+0000] GC(107) Metaspace: 9707K(12544K)->9707K(12544K) NonClass: 8541K(11008K)->8541K(11008K) Class: 1166K(1536K)->1166K(1536K)
[2025-08-01T02:45:43.182+0000] GC(107) Pause Young (Allocation Failure) 2950M->931M(3959M) 1073.055ms
[2025-08-01T02:45:43.182+0000] GC(107) User=1.07s Sys=0.00s Real=1.07s
[2025-08-01T02:45:43.405+0000] GC(109) Pause Young (Allocation Failure)
[2025-08-01T02:45:44.111+0000] GC(109) DefNew: 1118528K->139776K(1258304K)
[2025-08-01T02:45:44.111+0000] GC(109) Tenured: 954325K->1830835K(2796224K)
[2025-08-01T02:45:44.111+0000] GC(109) Metaspace: 9707K(12544K)->9707K(12544K) NonClass: 8541K(11008K)->8541K(11008K) Class: 1166K(1536K)->1166K(1536K)
[2025-08-01T02:45:44.111+0000] GC(109) Pause Young (Allocation Failure) 2024M->1924M(3959M) 705.817ms
[2025-08-01T02:45:44.111+0000] GC(109) User=0.71s Sys=0.00s Real=0.70s
[2025-08-01T02:45:44.336+0000] GC(110) Pause Young (Allocation Failure)
[2025-08-01T02:45:44.336+0000] GC(111) Pause Full (Allocation Failure)
[2025-08-01T02:45:44.336+0000] GC(111) Phase 1: Mark live objects
[2025-08-01T02:45:44.391+0000] GC(111) Phase 1: Mark live objects 54.528ms
[2025-08-01T02:45:44.391+0000] GC(111) Phase 2: Compute new object addresses
[2025-08-01T02:45:44.862+0000] GC(111) Phase 2: Compute new object addresses 471.353ms
[2025-08-01T02:45:44.862+0000] GC(111) Phase 3: Adjust pointers
[2025-08-01T02:45:44.911+0000] GC(111) Phase 3: Adjust pointers 48.975ms
[2025-08-01T02:45:44.911+0000] GC(111) Phase 4: Move objects
[2025-08-01T02:45:45.044+0000] GC(111) Phase 4: Move objects 133.037ms
[2025-08-01T02:45:45.046+0000] GC(111) Pause Full (Allocation Failure) 3016M->397M(3959M) 709.870ms
[2025-08-01T02:45:45.046+0000] GC(110) DefNew: 1258304K->0K(1258304K)
[2025-08-01T02:45:45.046+0000] GC(110) Tenured: 1830835K->406626K(2796224K)
[2025-08-01T02:45:45.046+0000] GC(110) Metaspace: 9707K(12544K)->9707K(12544K) NonClass: 8541K(11008K)->8541K(11008K) Class: 1166K(1536K)->1166K(1536K)
[2025-08-01T02:45:45.046+0000] GC(110) Pause Young (Allocation Failure) 3016M->397M(3959M) 710.061ms
[2025-08-01T02:45:45.046+0000] GC(110) User=0.72s Sys=0.00s Real=0.71s
[2025-08-01T02:45:45.335+0000] GC(112) Pause Young (Allocation Failure)
[2025-08-01T02:45:46.085+0000] GC(112) DefNew: 1118528K->139775K(1258304K)
[2025-08-01T02:45:46.085+0000] GC(112) Tenured: 406626K->1382341K(2796224K)
[2025-08-01T02:45:46.085+0000] GC(112) Metaspace: 9707K(12544K)->9707K(12544K) NonClass: 8541K(11008K)->8541K(11008K) Class: 1166K(1536K)->1166K(1536K)
[2025-08-01T02:45:46.085+0000] GC(112) Pause Young (Allocation Failure) 1489M->1486M(3959M) 749.643ms
[2025-08-01T02:45:46.085+0000] GC(112) User=0.75s Sys=0.00s Real=0.75s
[2025-08-01T02:45:46.362+0000] GC(113) Pause Young (Allocation Failure)
[2025-08-01T02:45:46.881+0000] GC(113) DefNew: 1258303K->139776K(1258304K)
[2025-08-01T02:45:46.881+0000] GC(113) Tenured: 1382341K->1897092K(2796224K)
[2025-08-01T02:45:46.881+0000] GC(113) Metaspace: 9707K(12544K)->9707K(12544K) NonClass: 8541K(11008K)->8541K(11008K) Class: 1166K(1536K)->1166K(1536K)
[2025-08-01T02:45:46.881+0000] GC(113) Pause Young (Allocation Failure) 2578M->1989M(3959M) 519.287ms
[2025-08-01T02:45:46.882+0000] GC(113) User=0.52s Sys=0.00s Real=0.52s
[2025-08-01T02:45:47.158+0000] GC(114) Pause Young (Allocation Failure)
[2025-08-01T02:45:47.158+0000] GC(114) DefNew: 1256680K->1256680K(1258304K)
[2025-08-01T02:45:47.158+0000] GC(114) Tenured: 1897092K->1897092K(2796224K)
[2025-08-01T02:45:47.158+0000] GC(114) Metaspace: 9707K(12544K)->9707K(12544K) NonClass: 8541K(11008K)->8541K(11008K) Class: 1166K(1536K)->1166K(1536K)
[2025-08-01T02:45:47.159+0000] GC(114) Pause Young (Allocation Failure) 3079M->3079M(3959M) 0.218ms
[2025-08-01T02:45:47.159+0000] GC(114) User=0.00s Sys=0.00s Real=0.00s
[2025-08-01T02:45:47.159+0000] GC(115) Pause Full (Allocation Failure)
[2025-08-01T02:45:47.159+0000] GC(115) Phase 1: Mark live objects
[2025-08-01T02:45:47.250+0000] GC(115) Phase 1: Mark live objects 91.188ms
[2025-08-01T02:45:47.250+0000] GC(115) Phase 2: Compute new object addresses
[2025-08-01T02:45:47.727+0000] GC(115) Phase 2: Compute new object addresses 476.474ms
[2025-08-01T02:45:47.727+0000] GC(115) Phase 3: Adjust pointers
[2025-08-01T02:45:47.792+0000] GC(115) Phase 3: Adjust pointers 65.337ms
[2025-08-01T02:45:47.792+0000] GC(115) Phase 4: Move objects
[2025-08-01T02:45:47.975+0000] GC(115) Phase 4: Move objects 183.437ms
[2025-08-01T02:45:47.976+0000] GC(115) DefNew: 1256680K->0K(1258304K)
[2025-08-01T02:45:47.976+0000] GC(115) Tenured: 1897092K->386735K(2796224K)
[2025-08-01T02:45:47.976+0000] GC(115) Metaspace: 9707K(12544K)->9707K(12544K) NonClass: 8541K(11008K)->8541K(11008K) Class: 1166K(1536K)->1166K(1536K)
[2025-08-01T02:45:47.976+0000] GC(115) Pause Full (Allocation Failure) 3079M->377M(3959M) 817.806ms
[2025-08-01T02:45:47.976+0000] GC(115) User=0.82s Sys=0.00s Real=0.82s
[2025-08-01T02:45:48.259+0000] GC(116) Pause Young (Allocation Failure)
[2025-08-01T02:45:48.923+0000] GC(116) DefNew: 1118528K->139776K(1258304K)
[2025-08-01T02:45:48.923+0000] GC(116) Tenured: 386735K->1266760K(2796224K)
[2025-08-01T02:45:48.923+0000] GC(116) Metaspace: 9707K(12544K)->9707K(12544K) NonClass: 8541K(11008K)->8541K(11008K) Class: 1166K(1536K)->1166K(1536K)
[2025-08-01T02:45:48.923+0000] GC(116) Pause Young (Allocation Failure) 1469M->1373M(3959M) 664.151ms
[2025-08-01T02:45:48.923+0000] GC(116) User=0.67s Sys=0.00s Real=0.66s
[2025-08-01T02:45:49.182+0000] GC(117) Pause Young (Allocation Failure)
[2025-08-01T02:45:49.400+0000] GC(117) DefNew: 1258304K->139775K(1258304K)
[2025-08-01T02:45:49.400+0000] GC(117) Tenured: 1266760K->1404898K(2796224K)
[2025-08-01T02:45:49.400+0000] GC(117) Metaspace: 9707K(12544K)->9707K(12544K) NonClass: 8541K(11008K)->8541K(11008K) Class: 1166K(1536K)->1166K(1536K)
[2025-08-01T02:45:49.400+0000] GC(117) Pause Young (Allocation Failure) 2465M->1508M(3959M) 217.396ms
[2025-08-01T02:45:49.400+0000] GC(117) User=0.22s Sys=0.00s Real=0.22s
[2025-08-01T02:45:49.644+0000] GC(118) Pause Young (Allocation Failure)
[2025-08-01T02:45:50.579+0000] GC(118) DefNew: 1258303K->139776K(1258304K)
[2025-08-01T02:45:50.579+0000] GC(118) Tenured: 1404898K->2512400K(2796224K)
[2025-08-01T02:45:50.579+0000] GC(118) Metaspace: 9707K(12544K)->9707K(12544K) NonClass: 8541K(11008K)->8541K(11008K) Class: 1166K(1536K)->1166K(1536K)
[2025-08-01T02:45:50.579+0000] GC(118) Pause Young (Allocation Failure) 2600M->2590M(3959M) 935.148ms
[2025-08-01T02:45:50.579+0000] GC(118) User=0.93s Sys=0.01s Real=0.93s
[2025-08-01T02:45:50.796+0000] GC(119) Pause Young (Allocation Failure)
[2025-08-01T02:45:50.796+0000] GC(120) Pause Full (Allocation Failure)
[2025-08-01T02:45:50.796+0000] GC(120) Phase 1: Mark live objects
[2025-08-01T02:45:50.920+0000] GC(120) Phase 1: Mark live objects 123.775ms
[2025-08-01T02:45:50.920+0000] GC(120) Phase 2: Compute new object addresses
[2025-08-01T02:45:51.544+0000] GC(120) Phase 2: Compute new object addresses 623.550ms
[2025-08-01T02:45:51.544+0000] GC(120) Phase 3: Adjust pointers
[2025-08-01T02:45:51.645+0000] GC(120) Phase 3: Adjust pointers 101.103ms
[2025-08-01T02:45:51.645+0000] GC(120) Phase 4: Move objects
[2025-08-01T02:45:51.941+0000] GC(120) Phase 4: Move objects 296.333ms
[2025-08-01T02:45:51.942+0000] GC(120) Pause Full (Allocation Failure) 3682M->643M(3959M) 1146.110ms
[2025-08-01T02:45:51.942+0000] GC(119) DefNew: 1258304K->0K(1258304K)
[2025-08-01T02:45:51.942+0000] GC(119) Tenured: 2512400K->658597K(2796224K)
[2025-08-01T02:45:51.942+0000] GC(119) Metaspace: 9707K(12544K)->9707K(12544K) NonClass: 8541K(11008K)->8541K(11008K) Class: 1166K(1536K)->1166K(1536K)
[2025-08-01T02:45:51.942+0000] GC(119) Pause Young (Allocation Failure) 3682M->643M(3959M) 1146.258ms
[2025-08-01T02:45:51.942+0000] GC(119) User=1.14s Sys=0.00s Real=1.14s
[2025-08-01T02:45:52.161+0000] GC(121) Pause Young (Allocation Failure)
[2025-08-01T02:45:52.378+0000] GC(121) DefNew: 1118528K->139775K(1258304K)
[2025-08-01T02:45:52.378+0000] GC(121) Tenured: 658597K->796045K(2796224K)
[2025-08-01T02:45:52.378+0000] GC(121) Metaspace: 9707K(12544K)->9707K(12544K) NonClass: 8541K(11008K)->8541K(11008K) Class: 1166K(1536K)->1166K(1536K)
[2025-08-01T02:45:52.378+0000] GC(121) Pause Young (Allocation Failure) 1735M->913M(3959M) 216.542ms
[2025-08-01T02:45:52.378+0000] GC(121) User=0.22s Sys=0.00s Real=0.22s
[2025-08-01T02:45:52.639+0000] GC(122) Pause Young (Allocation Failure)
[2025-08-01T02:45:53.389+0000] GC(122) DefNew: 1258303K->139776K(1258304K)
[2025-08-01T02:45:53.389+0000] GC(122) Tenured: 796045K->1672298K(2796224K)
[2025-08-01T02:45:53.389+0000] GC(122) Metaspace: 9707K(12544K)->9707K(12544K) NonClass: 8541K(11008K)->8541K(11008K) Class: 1166K(1536K)->1166K(1536K)
[2025-08-01T02:45:53.389+0000] GC(122) Pause Young (Allocation Failure) 2006M->1769M(3959M) 749.708ms
[2025-08-01T02:45:53.389+0000] GC(122) User=0.75s Sys=0.00s Real=0.75s
[2025-08-01T02:45:53.608+0000] GC(123) Pause Young (Allocation Failure)
[2025-08-01T02:45:53.608+0000] GC(124) Pause Full (Allocation Failure)
[2025-08-01T02:45:53.609+0000] GC(124) Phase 1: Mark live objects
[2025-08-01T02:45:53.664+0000] GC(124) Phase 1: Mark live objects 55.205ms
[2025-08-01T02:45:53.664+0000] GC(124) Phase 2: Compute new object addresses
[2025-08-01T02:45:54.104+0000] GC(124) Phase 2: Compute new object addresses 440.043ms
[2025-08-01T02:45:54.104+0000] GC(124) Phase 3: Adjust pointers
[2025-08-01T02:45:54.156+0000] GC(124) Phase 3: Adjust pointers 51.522ms
[2025-08-01T02:45:54.156+0000] GC(124) Phase 4: Move objects
[2025-08-01T02:45:54.297+0000] GC(124) Phase 4: Move objects 141.108ms
[2025-08-01T02:45:54.299+0000] GC(124) Pause Full (Allocation Failure) 2861M->351M(3959M) 690.129ms
[2025-08-01T02:45:54.299+0000] GC(123) DefNew: 1258304K->0K(1258304K)
[2025-08-01T02:45:54.299+0000] GC(123) Tenured: 1672298K->359518K(2796224K)
[2025-08-01T02:45:54.299+0000] GC(123) Metaspace: 9707K(12544K)->9707K(12544K) NonClass: 8541K(11008K)->8541K(11008K) Class: 1166K(1536K)->1166K(1536K)
[2025-08-01T02:45:54.299+0000] GC(123) Pause Young (Allocation Failure) 2861M->351M(3959M) 690.301ms
[2025-08-01T02:45:54.299+0000] GC(123) User=0.69s Sys=0.00s Real=0.69s
[2025-08-01T02:45:54.572+0000] GC(125) Pause Young (Allocation Failure)
[2025-08-01T02:45:55.410+0000] GC(125) DefNew: 1118528K->139776K(1258304K)
[2025-08-01T02:45:55.410+0000] GC(125) Tenured: 359518K->1334897K(2796224K)
[2025-08-01T02:45:55.410+0000] GC(125) Metaspace: 9707K(12544K)->9707K(12544K) NonClass: 8541K(11008K)->8541K(11008K) Class: 1166K(1536K)->1166K(1536K)
[2025-08-01T02:45:55.411+0000] GC(125) Pause Young (Allocation Failure) 1443M->1440M(3959M) 838.358ms
[2025-08-01T02:45:55.411+0000] GC(125) User=0.84s Sys=0.01s Real=0.84s
[2025-08-01T02:45:55.639+0000] GC(126) Pause Young (Allocation Failure)
[2025-08-01T02:45:56.126+0000] GC(126) DefNew: 1258304K->139775K(1258304K)
[2025-08-01T02:45:56.126+0000] GC(126) Tenured: 1334897K->1841905K(2796224K)
[2025-08-01T02:45:56.126+0000] GC(126) Metaspace: 9707K(12544K)->9707K(12544K) NonClass: 8541K(11008K)->8541K(11008K) Class: 1166K(1536K)->1166K(1536K)
[2025-08-01T02:45:56.126+0000] GC(126) Pause Young (Allocation Failure) 2532M->1935M(3959M) 487.181ms
[2025-08-01T02:45:56.126+0000] GC(126) User=0.49s Sys=0.00s Real=0.49s
[2025-08-01T02:45:56.376+0000] GC(127) Pause Young (Allocation Failure)
[2025-08-01T02:45:56.377+0000] GC(128) Pause Full (Allocation Failure)
[2025-08-01T02:45:56.377+0000] GC(128) Phase 1: Mark live objects
[2025-08-01T02:45:56.452+0000] GC(128) Phase 1: Mark live objects 74.940ms
[2025-08-01T02:45:56.452+0000] GC(128) Phase 2: Compute new object addresses
[2025-08-01T02:45:56.980+0000] GC(128) Phase 2: Compute new object addresses 527.991ms
[2025-08-01T02:45:56.980+0000] GC(128) Phase 3: Adjust pointers
[2025-08-01T02:45:57.051+0000] GC(128) Phase 3: Adjust pointers 70.876ms
[2025-08-01T02:45:57.051+0000] GC(128) Phase 4: Move objects
[2025-08-01T02:45:57.224+0000] GC(128) Phase 4: Move objects 173.567ms
[2025-08-01T02:45:57.226+0000] GC(128) Pause Full (Allocation Failure) 3027M->452M(3959M) 849.358ms
[2025-08-01T02:45:57.226+0000] GC(127) DefNew: 1258303K->0K(1258304K)
[2025-08-01T02:45:57.226+0000] GC(127) Tenured: 1841905K->463493K(2796224K)
[2025-08-01T02:45:57.226+0000] GC(127) Metaspace: 9707K(12544K)->9707K(12544K) NonClass: 8541K(11008K)->8541K(11008K) Class: 1166K(1536K)->1166K(1536K)
[2025-08-01T02:45:57.226+0000] GC(127) Pause Young (Allocation Failure) 3027M->452M(3959M) 849.700ms
[2025-08-01T02:45:57.226+0000] GC(127) User=0.85s Sys=0.01s Real=0.85s
[2025-08-01T02:45:57.469+0000] GC(129) Pause Young (Allocation Failure)
[2025-08-01T02:45:58.198+0000] GC(129) DefNew: 1118528K->139775K(1258304K)
[2025-08-01T02:45:58.198+0000] GC(129) Tenured: 463493K->1340009K(2796224K)
[2025-08-01T02:45:58.198+0000] GC(129) Metaspace: 9707K(12544K)->9707K(12544K) NonClass: 8541K(11008K)->8541K(11008K) Class: 1166K(1536K)->1166K(1536K)
[2025-08-01T02:45:58.199+0000] GC(129) Pause Young (Allocation Failure) 1544M->1445M(3959M) 729.424ms
[2025-08-01T02:45:58.199+0000] GC(129) User=0.73s Sys=0.00s Real=0.73s
[2025-08-01T02:45:58.424+0000] GC(130) Pause Young (Allocation Failure)
[2025-08-01T02:45:58.611+0000] GC(130) DefNew: 1258303K->139775K(1258304K)
[2025-08-01T02:45:58.611+0000] GC(130) Tenured: 1340009K->1477483K(2796224K)
[2025-08-01T02:45:58.611+0000] GC(130) Metaspace: 9707K(12544K)->9707K(12544K) NonClass: 8541K(11008K)->8541K(11008K) Class: 1166K(1536K)->1166K(1536K)
[2025-08-01T02:45:58.612+0000] GC(130) Pause Young (Allocation Failure) 2537M->1579M(3959M) 187.217ms
[2025-08-01T02:45:58.612+0000] GC(130) User=0.19s Sys=0.00s Real=0.18s
[2025-08-01T02:45:58.850+0000] GC(131) Pause Young (Allocation Failure)
[2025-08-01T02:45:59.659+0000] GC(131) DefNew: 1258303K->139775K(1258304K)
[2025-08-01T02:45:59.659+0000] GC(131) Tenured: 1477483K->2586158K(2796224K)
[2025-08-01T02:45:59.659+0000] GC(131) Metaspace: 9707K(12544K)->9707K(12544K) NonClass: 8541K(11008K)->8541K(11008K) Class: 1166K(1536K)->1166K(1536K)
[2025-08-01T02:45:59.659+0000] GC(131) Pause Young (Allocation Failure) 2671M->2662M(3959M) 809.053ms
[2025-08-01T02:45:59.659+0000] GC(131) User=0.81s Sys=0.00s Real=0.81s
[2025-08-01T02:45:59.862+0000] GC(132) Pause Young (Allocation Failure)
[2025-08-01T02:45:59.862+0000] GC(133) Pause Full (Allocation Failure)
[2025-08-01T02:45:59.862+0000] GC(133) Phase 1: Mark live objects
[2025-08-01T02:45:59.983+0000] GC(133) Phase 1: Mark live objects 120.367ms
[2025-08-01T02:45:59.983+0000] GC(133) Phase 2: Compute new object addresses
[2025-08-01T02:46:00.514+0000] GC(133) Phase 2: Compute new object addresses 531.005ms
[2025-08-01T02:46:00.514+0000] GC(133) Phase 3: Adjust pointers
[2025-08-01T02:46:00.623+0000] GC(133) Phase 3: Adjust pointers 109.396ms
[2025-08-01T02:46:00.623+0000] GC(133) Phase 4: Move objects
[2025-08-01T02:46:00.926+0000] GC(133) Phase 4: Move objects 302.953ms
[2025-08-01T02:46:00.928+0000] GC(133) Pause Full (Allocation Failure) 3754M->724M(3959M) 1066.008ms
[2025-08-01T02:46:00.928+0000] GC(132) DefNew: 1258303K->0K(1258304K)
[2025-08-01T02:46:00.928+0000] GC(132) Tenured: 2586158K->742230K(2796224K)
[2025-08-01T02:46:00.928+0000] GC(132) Metaspace: 9707K(12544K)->9707K(12544K) NonClass: 8541K(11008K)->8541K(11008K) Class: 1166K(1536K)->1166K(1536K)
[2025-08-01T02:46:00.928+0000] GC(132) Pause Young (Allocation Failure) 3754M->724M(3959M) 1066.241ms
[2025-08-01T02:46:00.928+0000] GC(132) User=1.07s Sys=0.00s Real=1.07s
[2025-08-01T02:46:01.180+0000] GC(134) Pause Young (Allocation Failure)
[2025-08-01T02:46:01.366+0000] GC(134) DefNew: 1118528K->139775K(1258304K)
[2025-08-01T02:46:01.366+0000] GC(134) Tenured: 742230K->883113K(2796224K)
[2025-08-01T02:46:01.366+0000] GC(134) Metaspace: 9707K(12544K)->9707K(12544K) NonClass: 8541K(11008K)->8541K(11008K) Class: 1166K(1536K)->1166K(1536K)
[2025-08-01T02:46:01.366+0000] GC(134) Pause Young (Allocation Failure) 1817M->998M(3959M) 186.127ms
[2025-08-01T02:46:01.366+0000] GC(134) User=0.19s Sys=0.00s Real=0.19s
[2025-08-01T02:46:01.587+0000] GC(135) Pause Young (Allocation Failure)
[2025-08-01T02:46:02.343+0000] GC(135) DefNew: 1258303K->139775K(1258304K)
[2025-08-01T02:46:02.343+0000] GC(135) Tenured: 883113K->1757318K(2796224K)
[2025-08-01T02:46:02.343+0000] GC(135) Metaspace: 9707K(12544K)->9707K(12544K) NonClass: 8541K(11008K)->8541K(11008K) Class: 1166K(1536K)->1166K(1536K)
[2025-08-01T02:46:02.343+0000] GC(135) Pause Young (Allocation Failure) 2091M->1852M(3959M) 756.447ms
[2025-08-01T02:46:02.343+0000] GC(135) User=0.76s Sys=0.00s Real=0.76s
[2025-08-01T02:46:02.642+0000] GC(136) Pause Young (Allocation Failure)
[2025-08-01T02:46:02.642+0000] GC(137) Pause Full (Allocation Failure)
[2025-08-01T02:46:02.642+0000] GC(137) Phase 1: Mark live objects
[2025-08-01T02:46:02.704+0000] GC(137) Phase 1: Mark live objects 62.249ms
[2025-08-01T02:46:02.705+0000] GC(137) Phase 2: Compute new object addresses
[2025-08-01T02:46:03.220+0000] GC(137) Phase 2: Compute new object addresses 515.557ms
[2025-08-01T02:46:03.220+0000] GC(137) Phase 3: Adjust pointers
[2025-08-01T02:46:03.269+0000] GC(137) Phase 3: Adjust pointers 48.805ms
[2025-08-01T02:46:03.269+0000] GC(137) Phase 4: Move objects
[2025-08-01T02:46:03.382+0000] GC(137) Phase 4: Move objects 112.674ms
[2025-08-01T02:46:03.383+0000] GC(137) Pause Full (Allocation Failure) 2944M->287M(3959M) 740.742ms
[2025-08-01T02:46:03.383+0000] GC(136) DefNew: 1258303K->0K(1258304K)
[2025-08-01T02:46:03.383+0000] GC(136) Tenured: 1757318K->294652K(2796224K)
[2025-08-01T02:46:03.383+0000] GC(136) Metaspace: 9707K(12544K)->9707K(12544K) NonClass: 8541K(11008K)->8541K(11008K) Class: 1166K(1536K)->1166K(1536K)
[2025-08-01T02:46:03.383+0000] GC(136) Pause Young (Allocation Failure) 2944M->287M(3959M) 741.009ms
[2025-08-01T02:46:03.383+0000] GC(136) User=0.74s Sys=0.00s Real=0.74s
[2025-08-01T02:46:03.638+0000] GC(138) Pause Young (Allocation Failure)
[2025-08-01T02:46:04.477+0000] GC(138) DefNew: 1118528K->139776K(1258304K)
[2025-08-01T02:46:04.477+0000] GC(138) Tenured: 294652K->1265919K(2796224K)
[2025-08-01T02:46:04.477+0000] GC(138) Metaspace: 9707K(12544K)->9707K(12544K) NonClass: 8541K(11008K)->8541K(11008K) Class: 1166K(1536K)->1166K(1536K)
[2025-08-01T02:46:04.477+0000] GC(138) Pause Young (Allocation Failure) 1380M->1372M(3959M) 839.195ms
[2025-08-01T02:46:04.478+0000] GC(138) User=0.83s Sys=0.00s Real=0.84s
[2025-08-01T02:46:04.729+0000] GC(139) Pause Young (Allocation Failure)
[2025-08-01T02:46:05.220+0000] GC(139) DefNew: 1258304K->139775K(1258304K)
[2025-08-01T02:46:05.220+0000] GC(139) Tenured: 1265919K->1785988K(2796224K)
[2025-08-01T02:46:05.220+0000] GC(139) Metaspace: 9707K(12544K)->9707K(12544K) NonClass: 8541K(11008K)->8541K(11008K) Class: 1166K(1536K)->1166K(1536K)
[2025-08-01T02:46:05.220+0000] GC(139) Pause Young (Allocation Failure) 2465M->1880M(3959M) 490.940ms
[2025-08-01T02:46:05.220+0000] GC(139) User=0.49s Sys=0.01s Real=0.49s
[2025-08-01T02:46:05.507+0000] GC(140) Pause Young (Allocation Failure)
[2025-08-01T02:46:05.508+0000] GC(141) Pause Full (Allocation Failure)
[2025-08-01T02:46:05.508+0000] GC(141) Phase 1: Mark live objects
[2025-08-01T02:46:05.587+0000] GC(141) Phase 1: Mark live objects 79.199ms
[2025-08-01T02:46:05.587+0000] GC(141) Phase 2: Compute new object addresses
[2025-08-01T02:46:06.127+0000] GC(141) Phase 2: Compute new object addresses 539.929ms
[2025-08-01T02:46:06.127+0000] GC(141) Phase 3: Adjust pointers
[2025-08-01T02:46:06.192+0000] GC(141) Phase 3: Adjust pointers 64.840ms
[2025-08-01T02:46:06.192+0000] GC(141) Phase 4: Move objects
[2025-08-01T02:46:06.379+0000] GC(141) Phase 4: Move objects 187.469ms
[2025-08-01T02:46:06.381+0000] GC(141) Pause Full (Allocation Failure) 2972M->486M(3959M) 873.330ms
[2025-08-01T02:46:06.381+0000] GC(140) DefNew: 1258303K->0K(1258304K)
[2025-08-01T02:46:06.381+0000] GC(140) Tenured: 1785988K->497947K(2796224K)
[2025-08-01T02:46:06.381+0000] GC(140) Metaspace: 9707K(12544K)->9707K(12544K) NonClass: 8541K(11008K)->8541K(11008K) Class: 1166K(1536K)->1166K(1536K)
[2025-08-01T02:46:06.381+0000] GC(140) Pause Young (Allocation Failure) 2972M->486M(3959M) 873.552ms
[2025-08-01T02:46:06.381+0000] GC(140) User=0.88s Sys=0.00s Real=0.87s
[2025-08-01T02:46:06.631+0000] GC(142) Pause Young (Allocation Failure)
[2025-08-01T02:46:07.390+0000] GC(142) DefNew: 1118528K->139775K(1258304K)
[2025-08-01T02:46:07.390+0000] GC(142) Tenured: 497947K->1382448K(2796224K)
[2025-08-01T02:46:07.390+0000] GC(142) Metaspace: 9707K(12544K)->9707K(12544K) NonClass: 8541K(11008K)->8541K(11008K) Class: 1166K(1536K)->1166K(1536K)
[2025-08-01T02:46:07.390+0000] GC(142) Pause Young (Allocation Failure) 1578M->1486M(3959M) 759.507ms
[2025-08-01T02:46:07.390+0000] GC(142) User=0.77s Sys=0.00s Real=0.76s
[2025-08-01T02:46:07.654+0000] GC(143) Pause Young (Allocation Failure)
[2025-08-01T02:46:07.873+0000] GC(143) DefNew: 1258303K->139775K(1258304K)
[2025-08-01T02:46:07.873+0000] GC(143) Tenured: 1382448K->1543345K(2796224K)
[2025-08-01T02:46:07.873+0000] GC(143) Metaspace: 9707K(12544K)->9707K(12544K) NonClass: 8541K(11008K)->8541K(11008K) Class: 1166K(1536K)->1166K(1536K)
[2025-08-01T02:46:07.873+0000] GC(143) Pause Young (Allocation Failure) 2578M->1643M(3959M) 219.044ms
[2025-08-01T02:46:07.873+0000] GC(143) User=0.23s Sys=0.00s Real=0.22s
[2025-08-01T02:46:08.129+0000] GC(144) Pause Young (Allocation Failure)
[2025-08-01T02:46:08.129+0000] GC(145) Pause Full (Allocation Failure)
[2025-08-01T02:46:08.129+0000] GC(145) Phase 1: Mark live objects
[2025-08-01T02:46:08.395+0000] GC(145) Phase 1: Mark live objects 265.944ms
[2025-08-01T02:46:08.395+0000] GC(145) Phase 2: Compute new object addresses
[2025-08-01T02:46:08.812+0000] GC(145) Phase 2: Compute new object addresses 416.022ms
[2025-08-01T02:46:08.812+0000] GC(145) Phase 3: Adjust pointers
[2025-08-01T02:46:09.072+0000] GC(145) Phase 3: Adjust pointers 260.451ms
[2025-08-01T02:46:09.072+0000] GC(145) Phase 4: Move objects
[2025-08-01T02:46:09.726+0000] GC(145) Phase 4: Move objects 653.389ms
[2025-08-01T02:46:09.727+0000] GC(145) Pause Full (Allocation Failure) 2735M->1497M(3959M) 1597.210ms
[2025-08-01T02:46:09.727+0000] GC(144) DefNew: 1258303K->0K(1258304K)
[2025-08-01T02:46:09.727+0000] GC(144) Tenured: 1543345K->1533124K(2796224K)
[2025-08-01T02:46:09.727+0000] GC(144) Metaspace: 9707K(12544K)->9707K(12544K) NonClass: 8541K(11008K)->8541K(11008K) Class: 1166K(1536K)->1166K(1536K)
[2025-08-01T02:46:09.727+0000] GC(144) Pause Young (Allocation Failure) 2735M->1497M(3959M) 1597.464ms
[2025-08-01T02:46:09.727+0000] GC(144) User=1.61s Sys=0.00s Real=1.60s
[2025-08-01T02:46:09.978+0000] GC(146) Pause Young (Allocation Failure)
[2025-08-01T02:46:10.473+0000] GC(146) DefNew: 1118528K->139776K(1258304K)
[2025-08-01T02:46:10.473+0000] GC(146) Tenured: 1533124K->2069695K(2796224K)
[2025-08-01T02:46:10.473+0000] GC(146) Metaspace: 9707K(12544K)->9707K(12544K) NonClass: 8541K(11008K)->8541K(11008K) Class: 1166K(1536K)->1166K(1536K)
[2025-08-01T02:46:10.473+0000] GC(146) Pause Young (Allocation Failure) 2589M->2157M(3959M) 494.320ms
[2025-08-01T02:46:10.473+0000] GC(146) User=0.50s Sys=0.00s Real=0.49s
[2025-08-01T02:46:10.718+0000] GC(147) Pause Young (Allocation Failure)
[2025-08-01T02:46:10.718+0000] GC(148) Pause Full (Allocation Failure)
[2025-08-01T02:46:10.718+0000] GC(148) Phase 1: Mark live objects
[2025-08-01T02:46:10.804+0000] GC(148) Phase 1: Mark live objects 86.245ms
[2025-08-01T02:46:10.804+0000] GC(148) Phase 2: Compute new object addresses
[2025-08-01T02:46:11.348+0000] GC(148) Phase 2: Compute new object addresses 543.550ms
[2025-08-01T02:46:11.348+0000] GC(148) Phase 3: Adjust pointers
[2025-08-01T02:46:11.416+0000] GC(148) Phase 3: Adjust pointers 68.540ms
[2025-08-01T02:46:11.416+0000] GC(148) Phase 4: Move objects
[2025-08-01T02:46:11.577+0000] GC(148) Phase 4: Move objects 160.800ms
[2025-08-01T02:46:11.579+0000] GC(148) Pause Full (Allocation Failure) 3249M->504M(3959M) 860.923ms
[2025-08-01T02:46:11.579+0000] GC(147) DefNew: 1258304K->0K(1258304K)
[2025-08-01T02:46:11.579+0000] GC(147) Tenured: 2069695K->516657K(2796224K)
[2025-08-01T02:46:11.579+0000] GC(147) Metaspace: 9707K(12544K)->9707K(12544K) NonClass: 8541K(11008K)->8541K(11008K) Class: 1166K(1536K)->1166K(1536K)
[2025-08-01T02:46:11.579+0000] GC(147) Pause Young (Allocation Failure) 3249M->504M(3959M) 861.366ms
[2025-08-01T02:46:11.579+0000] GC(147) User=0.86s Sys=0.00s Real=0.86s
[2025-08-01T02:46:11.826+0000] GC(149) Pause Young (Allocation Failure)
[2025-08-01T02:46:12.552+0000] GC(149) DefNew: 1118528K->139775K(1258304K)
[2025-08-01T02:46:12.552+0000] GC(149) Tenured: 516657K->1390378K(2796224K)
[2025-08-01T02:46:12.552+0000] GC(149) Metaspace: 9707K(12544K)->9707K(12544K) NonClass: 8541K(11008K)->8541K(11008K) Class: 1166K(1536K)->1166K(1536K)
[2025-08-01T02:46:12.552+0000] GC(149) Pause Young (Allocation Failure) 1596M->1494M(3959M) 725.564ms
[2025-08-01T02:46:12.552+0000] GC(149) User=0.72s Sys=0.00s Real=0.72s
[2025-08-01T02:46:12.783+0000] GC(150) Pause Young (Allocation Failure)
[2025-08-01T02:46:12.982+0000] GC(150) DefNew: 1258303K->139775K(1258304K)
[2025-08-01T02:46:12.982+0000] GC(150) Tenured: 1390378K->1555819K(2796224K)
[2025-08-01T02:46:12.982+0000] GC(150) Metaspace: 9707K(12544K)->9707K(12544K) NonClass: 8541K(11008K)->8541K(11008K) Class: 1166K(1536K)->1166K(1536K)
[2025-08-01T02:46:12.982+0000] GC(150) Pause Young (Allocation Failure) 2586M->1655M(3959M) 199.575ms
[2025-08-01T02:46:12.982+0000] GC(150) User=0.20s Sys=0.01s Real=0.20s
[2025-08-01T02:46:13.212+0000] GC(151) Pause Young (Allocation Failure)
[2025-08-01T02:46:13.212+0000] GC(152) Pause Full (Allocation Failure)
[2025-08-01T02:46:13.212+0000] GC(152) Phase 1: Mark live objects
[2025-08-01T02:46:13.492+0000] GC(152) Phase 1: Mark live objects 279.542ms
[2025-08-01T02:46:13.492+0000] GC(152) Phase 2: Compute new object addresses
[2025-08-01T02:46:13.935+0000] GC(152) Phase 2: Compute new object addresses 443.751ms
[2025-08-01T02:46:13.936+0000] GC(152) Phase 3: Adjust pointers
[2025-08-01T02:46:14.195+0000] GC(152) Phase 3: Adjust pointers 259.507ms
[2025-08-01T02:46:14.195+0000] GC(152) Phase 4: Move objects
[2025-08-01T02:46:14.812+0000] GC(152) Phase 4: Move objects 616.877ms
[2025-08-01T02:46:14.813+0000] GC(152) Pause Full (Allocation Failure) 2748M->1389M(3959M) 1601.038ms
[2025-08-01T02:46:14.813+0000] GC(151) DefNew: 1258303K->0K(1258304K)
[2025-08-01T02:46:14.813+0000] GC(151) Tenured: 1555819K->1422684K(2796224K)
[2025-08-01T02:46:14.813+0000] GC(151) Metaspace: 9707K(12544K)->9707K(12544K) NonClass: 8541K(11008K)->8541K(11008K) Class: 1166K(1536K)->1166K(1536K)
[2025-08-01T02:46:14.813+0000] GC(151) Pause Young (Allocation Failure) 2748M->1389M(3959M) 1601.359ms
[2025-08-01T02:46:14.813+0000] GC(151) User=1.60s Sys=0.00s Real=1.60s
[2025-08-01T02:46:15.056+0000] GC(153) Pause Young (Allocation Failure)
[2025-08-01T02:46:15.547+0000] GC(153) DefNew: 1118528K->139776K(1258304K)
[2025-08-01T02:46:15.547+0000] GC(153) Tenured: 1422684K->1950455K(2796224K)
[2025-08-01T02:46:15.547+0000] GC(153) Metaspace: 9707K(12544K)->9707K(12544K) NonClass: 8541K(11008K)->8541K(11008K) Class: 1166K(1536K)->1166K(1536K)
[2025-08-01T02:46:15.547+0000] GC(153) Pause Young (Allocation Failure) 2481M->2041M(3959M) 490.848ms
[2025-08-01T02:46:15.547+0000] GC(153) User=0.49s Sys=0.00s Real=0.49s
[2025-08-01T02:46:15.804+0000] GC(154) Pause Young (Allocation Failure)
[2025-08-01T02:46:15.804+0000] GC(155) Pause Full (Allocation Failure)
[2025-08-01T02:46:15.805+0000] GC(155) Phase 1: Mark live objects
[2025-08-01T02:46:15.887+0000] GC(155) Phase 1: Mark live objects 82.432ms
[2025-08-01T02:46:15.888+0000] GC(155) Phase 2: Compute new object addresses
[2025-08-01T02:46:16.418+0000] GC(155) Phase 2: Compute new object addresses 529.999ms
[2025-08-01T02:46:16.418+0000] GC(155) Phase 3: Adjust pointers
[2025-08-01T02:46:16.490+0000] GC(155) Phase 3: Adjust pointers 72.159ms
[2025-08-01T02:46:16.490+0000] GC(155) Phase 4: Move objects
[2025-08-01T02:46:16.641+0000] GC(155) Phase 4: Move objects 150.900ms
[2025-08-01T02:46:16.642+0000] GC(155) Pause Full (Allocation Failure) 3133M->399M(3959M) 837.969ms
[2025-08-01T02:46:16.642+0000] GC(154) DefNew: 1258304K->0K(1258304K)
[2025-08-01T02:46:16.643+0000] GC(154) Tenured: 1950455K->409471K(2796224K)
[2025-08-01T02:46:16.643+0000] GC(154) Metaspace: 9707K(12544K)->9707K(12544K) NonClass: 8541K(11008K)->8541K(11008K) Class: 1166K(1536K)->1166K(1536K)
[2025-08-01T02:46:16.643+0000] GC(154) Pause Young (Allocation Failure) 3133M->399M(3959M) 838.208ms
[2025-08-01T02:46:16.643+0000] GC(154) User=0.84s Sys=0.00s Real=0.83s
[2025-08-01T02:46:16.877+0000] GC(156) Pause Young (Allocation Failure)
[2025-08-01T02:46:17.615+0000] GC(156) DefNew: 1118528K->139775K(1258304K)
[2025-08-01T02:46:17.615+0000] GC(156) Tenured: 409471K->1287535K(2796224K)
[2025-08-01T02:46:17.615+0000] GC(156) Metaspace: 9707K(12544K)->9707K(12544K) NonClass: 8541K(11008K)->8541K(11008K) Class: 1166K(1536K)->1166K(1536K)
[2025-08-01T02:46:17.615+0000] GC(156) Pause Young (Allocation Failure) 1492M->1393M(3959M) 737.907ms
[2025-08-01T02:46:17.615+0000] GC(156) User=0.74s Sys=0.00s Real=0.74s
[2025-08-01T02:46:17.850+0000] GC(157) Pause Young (Allocation Failure)
[2025-08-01T02:46:18.053+0000] GC(157) DefNew: 1258303K->139775K(1258304K)
[2025-08-01T02:46:18.053+0000] GC(157) Tenured: 1287535K->1457047K(2796224K)
[2025-08-01T02:46:18.053+0000] GC(157) Metaspace: 9707K(12544K)->9707K(12544K) NonClass: 8541K(11008K)->8541K(11008K) Class: 1166K(1536K)->1166K(1536K)
[2025-08-01T02:46:18.053+0000] GC(157) Pause Young (Allocation Failure) 2486M->1559M(3959M) 202.568ms
[2025-08-01T02:46:18.053+0000] GC(157) User=0.21s Sys=0.00s Real=0.20s
[2025-08-01T02:46:18.311+0000] GC(158) Pause Young (Allocation Failure)
[2025-08-01T02:46:19.117+0000] GC(158) DefNew: 1258303K->139775K(1258304K)
[2025-08-01T02:46:19.117+0000] GC(158) Tenured: 1457047K->2567652K(2796224K)
[2025-08-01T02:46:19.117+0000] GC(158) Metaspace: 9707K(12544K)->9707K(12544K) NonClass: 8541K(11008K)->8541K(11008K) Class: 1166K(1536K)->1166K(1536K)
[2025-08-01T02:46:19.117+0000] GC(158) Pause Young (Allocation Failure) 2651M->2643M(3959M) 806.433ms
[2025-08-01T02:46:19.117+0000] GC(158) User=0.81s Sys=0.01s Real=0.81s
[2025-08-01T02:46:19.355+0000] GC(159) Pause Young (Allocation Failure)
[2025-08-01T02:46:19.355+0000] GC(160) Pause Full (Allocation Failure)
[2025-08-01T02:46:19.355+0000] GC(160) Phase 1: Mark live objects
[2025-08-01T02:46:19.493+0000] GC(160) Phase 1: Mark live objects 137.688ms
[2025-08-01T02:46:19.493+0000] GC(160) Phase 2: Compute new object addresses
[2025-08-01T02:46:20.095+0000] GC(160) Phase 2: Compute new object addresses 601.645ms
[2025-08-01T02:46:20.095+0000] GC(160) Phase 3: Adjust pointers
[2025-08-01T02:46:20.225+0000] GC(160) Phase 3: Adjust pointers 130.360ms
[2025-08-01T02:46:20.225+0000] GC(160) Phase 4: Move objects
[2025-08-01T02:46:20.533+0000] GC(160) Phase 4: Move objects 308.235ms
[2025-08-01T02:46:20.534+0000] GC(160) Pause Full (Allocation Failure) 3736M->789M(3959M) 1178.933ms
[2025-08-01T02:46:20.534+0000] GC(159) DefNew: 1258303K->0K(1258304K)
[2025-08-01T02:46:20.534+0000] GC(159) Tenured: 2567652K->808877K(2796224K)
[2025-08-01T02:46:20.534+0000] GC(159) Metaspace: 9707K(12544K)->9707K(12544K) NonClass: 8541K(11008K)->8541K(11008K) Class: 1166K(1536K)->1166K(1536K)
[2025-08-01T02:46:20.534+0000] GC(159) Pause Young (Allocation Failure) 3736M->789M(3959M) 1179.146ms
[2025-08-01T02:46:20.534+0000] GC(159) User=1.18s Sys=0.01s Real=1.18s
[2025-08-01T02:46:20.809+0000] GC(161) Pause Young (Allocation Failure)
[2025-08-01T02:46:21.023+0000] GC(161) DefNew: 1118528K->139775K(1258304K)
[2025-08-01T02:46:21.023+0000] GC(161) Tenured: 808877K->991731K(2796224K)
[2025-08-01T02:46:21.023+0000] GC(161) Metaspace: 9707K(12544K)->9707K(12544K) NonClass: 8541K(11008K)->8541K(11008K) Class: 1166K(1536K)->1166K(1536K)
[2025-08-01T02:46:21.023+0000] GC(161) Pause Young (Allocation Failure) 1882M->1104M(3959M) 214.671ms
[2025-08-01T02:46:21.023+0000] GC(161) User=0.21s Sys=0.00s Real=0.22s
[2025-08-01T02:46:21.287+0000] GC(162) Pause Young (Allocation Failure)
[2025-08-01T02:46:21.960+0000] GC(162) DefNew: 1258303K->139775K(1258304K)
[2025-08-01T02:46:21.960+0000] GC(162) Tenured: 991731K->1898611K(2796224K)
[2025-08-01T02:46:21.960+0000] GC(162) Metaspace: 9707K(12544K)->9707K(12544K) NonClass: 8541K(11008K)->8541K(11008K) Class: 1166K(1536K)->1166K(1536K)
[2025-08-01T02:46:21.960+0000] GC(162) Pause Young (Allocation Failure) 2197M->1990M(3959M) 673.165ms
[2025-08-01T02:46:21.960+0000] GC(162) User=0.68s Sys=0.00s Real=0.67s
[2025-08-01T02:46:22.220+0000] GC(163) Pause Young (Allocation Failure)
[2025-08-01T02:46:22.220+0000] GC(164) Pause Full (Allocation Failure)
[2025-08-01T02:46:22.220+0000] GC(164) Phase 1: Mark live objects
[2025-08-01T02:46:22.302+0000] GC(164) Phase 1: Mark live objects 81.480ms
[2025-08-01T02:46:22.302+0000] GC(164) Phase 2: Compute new object addresses
[2025-08-01T02:46:22.837+0000] GC(164) Phase 2: Compute new object addresses 534.691ms
[2025-08-01T02:46:22.837+0000] GC(164) Phase 3: Adjust pointers
[2025-08-01T02:46:22.882+0000] GC(164) Phase 3: Adjust pointers 45.187ms
[2025-08-01T02:46:22.882+0000] GC(164) Phase 4: Move objects
[2025-08-01T02:46:23.002+0000] GC(164) Phase 4: Move objects 120.072ms
[2025-08-01T02:46:23.003+0000] GC(164) Pause Full (Allocation Failure) 3082M->457M(3959M) 782.767ms
[2025-08-01T02:46:23.003+0000] GC(163) DefNew: 1258303K->0K(1258304K)
[2025-08-01T02:46:23.003+0000] GC(163) Tenured: 1898611K->468962K(2796224K)
[2025-08-01T02:46:23.003+0000] GC(163) Metaspace: 9707K(12544K)->9707K(12544K) NonClass: 8541K(11008K)->8541K(11008K) Class: 1166K(1536K)->1166K(1536K)
[2025-08-01T02:46:23.003+0000] GC(163) Pause Young (Allocation Failure) 3082M->457M(3959M) 782.980ms
[2025-08-01T02:46:23.003+0000] GC(163) User=0.78s Sys=0.00s Real=0.79s
[2025-08-01T02:46:23.226+0000] GC(165) Pause Young (Allocation Failure)
[2025-08-01T02:46:24.038+0000] GC(165) DefNew: 1118528K->139775K(1258304K)
[2025-08-01T02:46:24.038+0000] GC(165) Tenured: 468962K->1438819K(2796224K)
[2025-08-01T02:46:24.038+0000] GC(165) Metaspace: 9707K(12544K)->9707K(12544K) NonClass: 8541K(11008K)->8541K(11008K) Class: 1166K(1536K)->1166K(1536K)
[2025-08-01T02:46:24.038+0000] GC(165) Pause Young (Allocation Failure) 1550M->1541M(3959M) 811.882ms
[2025-08-01T02:46:24.038+0000] GC(165) User=0.82s Sys=0.01s Real=0.81s
[2025-08-01T02:46:24.261+0000] GC(166) Pause Young (Allocation Failure)
[2025-08-01T02:46:24.782+0000] GC(166) DefNew: 1258303K->139775K(1258304K)
[2025-08-01T02:46:24.782+0000] GC(166) Tenured: 1438819K->2001989K(2796224K)
[2025-08-01T02:46:24.782+0000] GC(166) Metaspace: 9707K(12544K)->9707K(12544K) NonClass: 8541K(11008K)->8541K(11008K) Class: 1166K(1536K)->1166K(1536K)
[2025-08-01T02:46:24.782+0000] GC(166) Pause Young (Allocation Failure) 2633M->2091M(3959M) 520.448ms
[2025-08-01T02:46:24.782+0000] GC(166) User=0.52s Sys=0.00s Real=0.52s
[2025-08-01T02:46:24.997+0000] GC(167) Pause Young (Allocation Failure)
[2025-08-01T02:46:24.997+0000] GC(168) Pause Full (Allocation Failure)
[2025-08-01T02:46:24.997+0000] GC(168) Phase 1: Mark live objects
[2025-08-01T02:46:25.077+0000] GC(168) Phase 1: Mark live objects 79.843ms
[2025-08-01T02:46:25.077+0000] GC(168) Phase 2: Compute new object addresses
[2025-08-01T02:46:25.584+0000] GC(168) Phase 2: Compute new object addresses 507.669ms
[2025-08-01T02:46:25.584+0000] GC(168) Phase 3: Adjust pointers
[2025-08-01T02:46:25.655+0000] GC(168) Phase 3: Adjust pointers 70.163ms
[2025-08-01T02:46:25.655+0000] GC(168) Phase 4: Move objects
[2025-08-01T02:46:25.826+0000] GC(168) Phase 4: Move objects 171.284ms
[2025-08-01T02:46:25.827+0000] GC(168) Pause Full (Allocation Failure) 3183M->428M(3959M) 830.691ms
[2025-08-01T02:46:25.827+0000] GC(167) DefNew: 1258303K->0K(1258304K)
[2025-08-01T02:46:25.827+0000] GC(167) Tenured: 2001989K->438373K(2796224K)
[2025-08-01T02:46:25.827+0000] GC(167) Metaspace: 9707K(12544K)->9707K(12544K) NonClass: 8541K(11008K)->8541K(11008K) Class: 1166K(1536K)->1166K(1536K)
[2025-08-01T02:46:25.827+0000] GC(167) Pause Young (Allocation Failure) 3183M->428M(3959M) 830.866ms
[2025-08-01T02:46:25.827+0000] GC(167) User=0.84s Sys=0.00s Real=0.83s
[2025-08-01T02:46:26.051+0000] GC(169) Pause Young (Allocation Failure)
[2025-08-01T02:46:26.717+0000] GC(169) DefNew: 1118528K->139775K(1258304K)
[2025-08-01T02:46:26.717+0000] GC(169) Tenured: 438373K->1374677K(2796224K)
[2025-08-01T02:46:26.717+0000] GC(169) Metaspace: 9707K(12544K)->9707K(12544K) NonClass: 8541K(11008K)->8541K(11008K) Class: 1166K(1536K)->1166K(1536K)
[2025-08-01T02:46:26.717+0000] GC(169) Pause Young (Allocation Failure) 1520M->1478M(3959M) 666.767ms
[2025-08-01T02:46:26.717+0000] GC(169) User=0.66s Sys=0.00s Real=0.67s
[2025-08-01T02:46:26.928+0000] GC(170) Pause Young (Allocation Failure)
[2025-08-01T02:46:27.154+0000] GC(170) DefNew: 1258303K->139776K(1258304K)
[2025-08-01T02:46:27.154+0000] GC(170) Tenured: 1374677K->1569329K(2796224K)
[2025-08-01T02:46:27.154+0000] GC(170) Metaspace: 9707K(12544K)->9707K(12544K) NonClass: 8541K(11008K)->8541K(11008K) Class: 1166K(1536K)->1166K(1536K)
[2025-08-01T02:46:27.154+0000] GC(170) Pause Young (Allocation Failure) 2571M->1669M(3959M) 226.815ms
[2025-08-01T02:46:27.154+0000] GC(170) User=0.23s Sys=0.00s Real=0.23s
[2025-08-01T02:46:27.381+0000] GC(171) Pause Young (Allocation Failure)
[2025-08-01T02:46:27.381+0000] GC(172) Pause Full (Allocation Failure)
[2025-08-01T02:46:27.382+0000] GC(172) Phase 1: Mark live objects
[2025-08-01T02:46:27.663+0000] GC(172) Phase 1: Mark live objects 281.313ms
[2025-08-01T02:46:27.663+0000] GC(172) Phase 2: Compute new object addresses
[2025-08-01T02:46:28.114+0000] GC(172) Phase 2: Compute new object addresses 450.585ms
[2025-08-01T02:46:28.114+0000] GC(172) Phase 3: Adjust pointers
[2025-08-01T02:46:28.343+0000] GC(172) Phase 3: Adjust pointers 229.670ms
[2025-08-01T02:46:28.343+0000] GC(172) Phase 4: Move objects
[2025-08-01T02:46:28.965+0000] GC(172) Phase 4: Move objects 621.993ms
[2025-08-01T02:46:28.967+0000] GC(172) Pause Full (Allocation Failure) 2761M->1559M(3959M) 1585.621ms
[2025-08-01T02:46:28.967+0000] GC(171) DefNew: 1258304K->0K(1258304K)
[2025-08-01T02:46:28.967+0000] GC(171) Tenured: 1569329K->1596418K(2796224K)
[2025-08-01T02:46:28.967+0000] GC(171) Metaspace: 9707K(12544K)->9707K(12544K) NonClass: 8541K(11008K)->8541K(11008K) Class: 1166K(1536K)->1166K(1536K)
[2025-08-01T02:46:28.967+0000] GC(171) Pause Young (Allocation Failure) 2761M->1559M(3959M) 1585.871ms
[2025-08-01T02:46:28.967+0000] GC(171) User=1.59s Sys=0.00s Real=1.59s
[2025-08-01T02:46:29.180+0000] GC(173) Pause Young (Allocation Failure)
[2025-08-01T02:46:29.625+0000] GC(173) DefNew: 1118528K->139775K(1258304K)
[2025-08-01T02:46:29.626+0000] GC(173) Tenured: 1596418K->2159623K(2796224K)
[2025-08-01T02:46:29.626+0000] GC(173) Metaspace: 9707K(12544K)->9707K(12544K) NonClass: 8541K(11008K)->8541K(11008K) Class: 1166K(1536K)->1166K(1536K)
[2025-08-01T02:46:29.626+0000] GC(173) Pause Young (Allocation Failure) 2651M->2245M(3959M) 445.252ms
[2025-08-01T02:46:29.626+0000] GC(173) User=0.45s Sys=0.00s Real=0.45s
[2025-08-01T02:46:29.855+0000] GC(174) Pause Young (Allocation Failure)
[2025-08-01T02:46:29.855+0000] GC(175) Pause Full (Allocation Failure)
[2025-08-01T02:46:29.855+0000] GC(175) Phase 1: Mark live objects
[2025-08-01T02:46:29.955+0000] GC(175) Phase 1: Mark live objects 99.927ms
[2025-08-01T02:46:29.955+0000] GC(175) Phase 2: Compute new object addresses
[2025-08-01T02:46:30.538+0000] GC(175) Phase 2: Compute new object addresses 583.161ms
[2025-08-01T02:46:30.538+0000] GC(175) Phase 3: Adjust pointers
[2025-08-01T02:46:30.613+0000] GC(175) Phase 3: Adjust pointers 74.442ms
[2025-08-01T02:46:30.613+0000] GC(175) Phase 4: Move objects
[2025-08-01T02:46:30.800+0000] GC(175) Phase 4: Move objects 187.655ms
[2025-08-01T02:46:30.802+0000] GC(175) Pause Full (Allocation Failure) 3337M->569M(3959M) 947.366ms
[2025-08-01T02:46:30.802+0000] GC(174) DefNew: 1258303K->0K(1258304K)
[2025-08-01T02:46:30.802+0000] GC(174) Tenured: 2159623K->583577K(2796224K)
[2025-08-01T02:46:30.802+0000] GC(174) Metaspace: 9707K(12544K)->9707K(12544K) NonClass: 8541K(11008K)->8541K(11008K) Class: 1166K(1536K)->1166K(1536K)
[2025-08-01T02:46:30.802+0000] GC(174) Pause Young (Allocation Failure) 3337M->569M(3959M) 947.595ms
[2025-08-01T02:46:30.802+0000] GC(174) User=0.95s Sys=0.00s Real=0.94s
[2025-08-01T02:46:31.039+0000] GC(176) Pause Young (Allocation Failure)
[2025-08-01T02:46:31.845+0000] GC(176) DefNew: 1118528K->139776K(1258304K)
[2025-08-01T02:46:31.845+0000] GC(176) Tenured: 583577K->1520886K(2796224K)
[2025-08-01T02:46:31.845+0000] GC(176) Metaspace: 9707K(12544K)->9707K(12544K) NonClass: 8541K(11008K)->8541K(11008K) Class: 1166K(1536K)->1166K(1536K)
[2025-08-01T02:46:31.845+0000] GC(176) Pause Young (Allocation Failure) 1662M->1621M(3959M) 805.938ms
[2025-08-01T02:46:31.845+0000] GC(176) User=0.81s Sys=0.01s Real=0.81s
[2025-08-01T02:46:32.083+0000] GC(177) Pause Young (Allocation Failure)
[2025-08-01T02:46:32.327+0000] GC(177) DefNew: 1258304K->139775K(1258304K)
[2025-08-01T02:46:32.327+0000] GC(177) Tenured: 1520886K->1727042K(2796224K)
[2025-08-01T02:46:32.327+0000] GC(177) Metaspace: 9707K(12544K)->9707K(12544K) NonClass: 8541K(11008K)->8541K(11008K) Class: 1166K(1536K)->1166K(1536K)
[2025-08-01T02:46:32.327+0000] GC(177) Pause Young (Allocation Failure) 2714M->1823M(3959M) 243.455ms
[2025-08-01T02:46:32.327+0000] GC(177) User=0.25s Sys=0.00s Real=0.24s
[2025-08-01T02:46:32.552+0000] GC(178) Pause Young (Allocation Failure)
[2025-08-01T02:46:32.552+0000] GC(179) Pause Full (Allocation Failure)
[2025-08-01T02:46:32.552+0000] GC(179) Phase 1: Mark live objects
[2025-08-01T02:46:32.851+0000] GC(179) Phase 1: Mark live objects 298.867ms
[2025-08-01T02:46:32.851+0000] GC(179) Phase 2: Compute new object addresses
[2025-08-01T02:46:33.392+0000] GC(179) Phase 2: Compute new object addresses 541.214ms
[2025-08-01T02:46:33.392+0000] GC(179) Phase 3: Adjust pointers
[2025-08-01T02:46:33.612+0000] GC(179) Phase 3: Adjust pointers 219.083ms
[2025-08-01T02:46:33.612+0000] GC(179) Phase 4: Move objects
[2025-08-01T02:46:34.201+0000] GC(179) Phase 4: Move objects 589.218ms
[2025-08-01T02:46:34.202+0000] GC(179) Pause Full (Allocation Failure) 2915M->1565M(3959M) 1649.979ms
[2025-08-01T02:46:34.202+0000] GC(178) DefNew: 1258303K->0K(1258304K)
[2025-08-01T02:46:34.202+0000] GC(178) Tenured: 1727042K->1602616K(2796224K)
[2025-08-01T02:46:34.202+0000] GC(178) Metaspace: 9707K(12544K)->9707K(12544K) NonClass: 8541K(11008K)->8541K(11008K) Class: 1166K(1536K)->1166K(1536K)
[2025-08-01T02:46:34.202+0000] GC(178) Pause Young (Allocation Failure) 2915M->1565M(3959M) 1650.198ms
[2025-08-01T02:46:34.202+0000] GC(178) User=1.65s Sys=0.00s Real=1.65s
[2025-08-01T02:46:34.427+0000] GC(180) Pause Young (Allocation Failure)
[2025-08-01T02:46:34.974+0000] GC(180) DefNew: 1118528K->139775K(1258304K)
[2025-08-01T02:46:34.974+0000] GC(180) Tenured: 1602616K->2181535K(2796224K)
[2025-08-01T02:46:34.974+0000] GC(180) Metaspace: 9707K(12544K)->9707K(12544K) NonClass: 8541K(11008K)->8541K(11008K) Class: 1166K(1536K)->1166K(1536K)
[2025-08-01T02:46:34.974+0000] GC(180) Pause Young (Allocation Failure) 2657M->2266M(3959M) 547.010ms
[2025-08-01T02:46:34.974+0000] GC(180) User=0.55s Sys=0.00s Real=0.55s
[2025-08-01T02:46:35.196+0000] GC(181) Pause Young (Allocation Failure)
[2025-08-01T02:46:35.196+0000] GC(182) Pause Full (Allocation Failure)
[2025-08-01T02:46:35.196+0000] GC(182) Phase 1: Mark live objects
[2025-08-01T02:46:35.274+0000] GC(182) Phase 1: Mark live objects 77.947ms
[2025-08-01T02:46:35.274+0000] GC(182) Phase 2: Compute new object addresses
[2025-08-01T02:46:35.860+0000] GC(182) Phase 2: Compute new object addresses 585.761ms
[2025-08-01T02:46:35.860+0000] GC(182) Phase 3: Adjust pointers
[2025-08-01T02:46:35.945+0000] GC(182) Phase 3: Adjust pointers 85.155ms
[2025-08-01T02:46:35.946+0000] GC(182) Phase 4: Move objects
[2025-08-01T02:46:36.133+0000] GC(182) Phase 4: Move objects 187.428ms
[2025-08-01T02:46:36.135+0000] GC(182) Pause Full (Allocation Failure) 3359M->442M(3959M) 938.646ms
[2025-08-01T02:46:36.135+0000] GC(181) DefNew: 1258303K->0K(1258304K)
[2025-08-01T02:46:36.135+0000] GC(181) Tenured: 2181535K->452974K(2796224K)
[2025-08-01T02:46:36.135+0000] GC(181) Metaspace: 9707K(12544K)->9707K(12544K) NonClass: 8541K(11008K)->8541K(11008K) Class: 1166K(1536K)->1166K(1536K)
[2025-08-01T02:46:36.135+0000] GC(181) Pause Young (Allocation Failure) 3359M->442M(3959M) 938.993ms
[2025-08-01T02:46:36.135+0000] GC(181) User=0.94s Sys=0.00s Real=0.94s
[2025-08-01T02:46:36.358+0000] GC(183) Pause Young (Allocation Failure)
[2025-08-01T02:46:37.144+0000] GC(183) DefNew: 1118528K->139775K(1258304K)
[2025-08-01T02:46:37.144+0000] GC(183) Tenured: 452974K->1404175K(2796224K)
[2025-08-01T02:46:37.144+0000] GC(183) Metaspace: 9707K(12544K)->9707K(12544K) NonClass: 8541K(11008K)->8541K(11008K) Class: 1166K(1536K)->1166K(1536K)
[2025-08-01T02:46:37.144+0000] GC(183) Pause Young (Allocation Failure) 1534M->1507M(3959M) 785.801ms
[2025-08-01T02:46:37.144+0000] GC(183) User=0.79s Sys=0.00s Real=0.79s
[2025-08-01T02:46:37.367+0000] GC(184) Pause Young (Allocation Failure)
[2025-08-01T02:46:37.646+0000] GC(184) DefNew: 1258303K->139775K(1258304K)
[2025-08-01T02:46:37.646+0000] GC(184) Tenured: 1404175K->1611890K(2796224K)
[2025-08-01T02:46:37.646+0000] GC(184) Metaspace: 9707K(12544K)->9707K(12544K) NonClass: 8541K(11008K)->8541K(11008K) Class: 1166K(1536K)->1166K(1536K)
[2025-08-01T02:46:37.646+0000] GC(184) Pause Young (Allocation Failure) 2600M->1710M(3959M) 279.712ms
[2025-08-01T02:46:37.646+0000] GC(184) User=0.28s Sys=0.00s Real=0.28s
[2025-08-01T02:46:37.890+0000] GC(185) Pause Young (Allocation Failure)
[2025-08-01T02:46:37.890+0000] GC(186) Pause Full (Allocation Failure)
[2025-08-01T02:46:37.890+0000] GC(186) Phase 1: Mark live objects
[2025-08-01T02:46:38.197+0000] GC(186) Phase 1: Mark live objects 307.344ms
[2025-08-01T02:46:38.197+0000] GC(186) Phase 2: Compute new object addresses
[2025-08-01T02:46:38.699+0000] GC(186) Phase 2: Compute new object addresses 501.614ms
[2025-08-01T02:46:38.699+0000] GC(186) Phase 3: Adjust pointers
[2025-08-01T02:46:38.946+0000] GC(186) Phase 3: Adjust pointers 246.454ms
[2025-08-01T02:46:38.946+0000] GC(186) Phase 4: Move objects
[2025-08-01T02:46:39.641+0000] GC(186) Phase 4: Move objects 694.960ms
[2025-08-01T02:46:39.642+0000] GC(186) Pause Full (Allocation Failure) 2802M->1580M(3959M) 1751.931ms
[2025-08-01T02:46:39.642+0000] GC(185) DefNew: 1258303K->0K(1258304K)
[2025-08-01T02:46:39.642+0000] GC(185) Tenured: 1611890K->1618822K(2796224K)
[2025-08-01T02:46:39.642+0000] GC(185) Metaspace: 9707K(12544K)->9707K(12544K) NonClass: 8541K(11008K)->8541K(11008K) Class: 1166K(1536K)->1166K(1536K)
[2025-08-01T02:46:39.642+0000] GC(185) Pause Young (Allocation Failure) 2802M->1580M(3959M) 1752.261ms
[2025-08-01T02:46:39.642+0000] GC(185) User=1.75s Sys=0.01s Real=1.75s
[2025-08-01T02:46:39.867+0000] GC(187) Pause Young (Allocation Failure)
[2025-08-01T02:46:40.395+0000] GC(187) DefNew: 1118528K->139775K(1258304K)
[2025-08-01T02:46:40.395+0000] GC(187) Tenured: 1618822K->2198823K(2796224K)
[2025-08-01T02:46:40.396+0000] GC(187) Metaspace: 9707K(12544K)->9707K(12544K) NonClass: 8541K(11008K)->8541K(11008K) Class: 1166K(1536K)->1166K(1536K)
[2025-08-01T02:46:40.396+0000] GC(187) Pause Young (Allocation Failure) 2673M->2283M(3959M) 528.343ms
[2025-08-01T02:46:40.396+0000] GC(187) User=0.53s Sys=0.00s Real=0.53s
[2025-08-01T02:46:40.628+0000] GC(188) Pause Young (Allocation Failure)
[2025-08-01T02:46:40.628+0000] GC(189) Pause Full (Allocation Failure)
[2025-08-01T02:46:40.628+0000] GC(189) Phase 1: Mark live objects
[2025-08-01T02:46:40.733+0000] GC(189) Phase 1: Mark live objects 104.658ms
[2025-08-01T02:46:40.733+0000] GC(189) Phase 2: Compute new object addresses
[2025-08-01T02:46:41.427+0000] GC(189) Phase 2: Compute new object addresses 693.998ms
[2025-08-01T02:46:41.427+0000] GC(189) Phase 3: Adjust pointers
[2025-08-01T02:46:41.504+0000] GC(189) Phase 3: Adjust pointers 76.062ms
[2025-08-01T02:46:41.504+0000] GC(189) Phase 4: Move objects
[2025-08-01T02:46:41.721+0000] GC(189) Phase 4: Move objects 217.584ms
[2025-08-01T02:46:41.723+0000] GC(189) Pause Full (Allocation Failure) 3376M->591M(3959M) 1094.367ms
[2025-08-01T02:46:41.723+0000] GC(188) DefNew: 1258303K->0K(1258304K)
[2025-08-01T02:46:41.723+0000] GC(188) Tenured: 2198823K->605577K(2796224K)
[2025-08-01T02:46:41.723+0000] GC(188) Metaspace: 9707K(12544K)->9707K(12544K) NonClass: 8541K(11008K)->8541K(11008K) Class: 1166K(1536K)->1166K(1536K)
[2025-08-01T02:46:41.723+0000] GC(188) Pause Young (Allocation Failure) 3376M->591M(3959M) 1094.601ms
[2025-08-01T02:46:41.723+0000] GC(188) User=1.09s Sys=0.00s Real=1.09s
[2025-08-01T02:46:41.955+0000] GC(190) Pause Young (Allocation Failure)
[2025-08-01T02:46:42.744+0000] GC(190) DefNew: 1118528K->139775K(1258304K)
[2025-08-01T02:46:42.745+0000] GC(190) Tenured: 605577K->1557926K(2796224K)
[2025-08-01T02:46:42.745+0000] GC(190) Metaspace: 9707K(12544K)->9707K(12544K) NonClass: 8541K(11008K)->8541K(11008K) Class: 1166K(1536K)->1166K(1536K)
[2025-08-01T02:46:42.745+0000] GC(190) Pause Young (Allocation Failure) 1683M->1657M(3959M) 789.326ms
[2025-08-01T02:46:42.745+0000] GC(190) User=0.79s Sys=0.00s Real=0.79s
[2025-08-01T02:46:42.960+0000] GC(191) Pause Young (Allocation Failure)
[2025-08-01T02:46:42.960+0000] GC(192) Pause Full (Allocation Failure)
[2025-08-01T02:46:42.961+0000] GC(192) Phase 1: Mark live objects
[2025-08-01T02:46:43.032+0000] GC(192) Phase 1: Mark live objects 71.869ms
[2025-08-01T02:46:43.033+0000] GC(192) Phase 2: Compute new object addresses
[2025-08-01T02:46:43.519+0000] GC(192) Phase 2: Compute new object addresses 486.349ms
[2025-08-01T02:46:43.519+0000] GC(192) Phase 3: Adjust pointers
[2025-08-01T02:46:43.580+0000] GC(192) Phase 3: Adjust pointers 61.041ms
[2025-08-01T02:46:43.580+0000] GC(192) Phase 4: Move objects
[2025-08-01T02:46:43.738+0000] GC(192) Phase 4: Move objects 157.651ms
[2025-08-01T02:46:43.739+0000] GC(192) Pause Full (Allocation Failure) 2750M->504M(3959M) 778.838ms
[2025-08-01T02:46:43.739+0000] GC(191) DefNew: 1258303K->0K(1258304K)
[2025-08-01T02:46:43.739+0000] GC(191) Tenured: 1557926K->516153K(2796224K)
[2025-08-01T02:46:43.739+0000] GC(191) Metaspace: 9707K(12544K)->9707K(12544K) NonClass: 8541K(11008K)->8541K(11008K) Class: 1166K(1536K)->1166K(1536K)
[2025-08-01T02:46:43.739+0000] GC(191) Pause Young (Allocation Failure) 2750M->504M(3959M) 779.057ms
[2025-08-01T02:46:43.739+0000] GC(191) User=0.79s Sys=0.00s Real=0.78s
[2025-08-01T02:46:43.953+0000] GC(193) Pause Young (Allocation Failure)
[2025-08-01T02:46:44.799+0000] GC(193) DefNew: 1118528K->139776K(1258304K)
[2025-08-01T02:46:44.799+0000] GC(193) Tenured: 516153K->1480641K(2796224K)
[2025-08-01T02:46:44.799+0000] GC(193) Metaspace: 9707K(12544K)->9707K(12544K) NonClass: 8541K(11008K)->8541K(11008K) Class: 1166K(1536K)->1166K(1536K)
[2025-08-01T02:46:44.799+0000] GC(193) Pause Young (Allocation Failure) 1596M->1582M(3959M) 846.045ms
[2025-08-01T02:46:44.800+0000] GC(193) User=0.85s Sys=0.00s Real=0.84s
[2025-08-01T02:46:45.028+0000] GC(194) Pause Young (Allocation Failure)
[2025-08-01T02:46:45.639+0000] GC(194) DefNew: 1258304K->139776K(1258304K)
[2025-08-01T02:46:45.639+0000] GC(194) Tenured: 1480641K->2073493K(2796224K)
[2025-08-01T02:46:45.639+0000] GC(194) Metaspace: 9707K(12544K)->9707K(12544K) NonClass: 8541K(11008K)->8541K(11008K) Class: 1166K(1536K)->1166K(1536K)
[2025-08-01T02:46:45.639+0000] GC(194) Pause Young (Allocation Failure) 2674M->2161M(3959M) 610.866ms
[2025-08-01T02:46:45.639+0000] GC(194) User=0.61s Sys=0.00s Real=0.61s
[2025-08-01T02:46:45.846+0000] GC(195) Pause Young (Allocation Failure)
[2025-08-01T02:46:45.846+0000] GC(196) Pause Full (Allocation Failure)
[2025-08-01T02:46:45.846+0000] GC(196) Phase 1: Mark live objects
[2025-08-01T02:46:45.939+0000] GC(196) Phase 1: Mark live objects 92.436ms
[2025-08-01T02:46:45.939+0000] GC(196) Phase 2: Compute new object addresses
[2025-08-01T02:46:46.453+0000] GC(196) Phase 2: Compute new object addresses 513.645ms
[2025-08-01T02:46:46.453+0000] GC(196) Phase 3: Adjust pointers
[2025-08-01T02:46:46.541+0000] GC(196) Phase 3: Adjust pointers 88.065ms
[2025-08-01T02:46:46.541+0000] GC(196) Phase 4: Move objects
[2025-08-01T02:46:46.777+0000] GC(196) Phase 4: Move objects 235.673ms
[2025-08-01T02:46:46.778+0000] GC(196) Pause Full (Allocation Failure) 3253M->456M(3959M) 931.802ms
[2025-08-01T02:46:46.778+0000] GC(195) DefNew: 1258304K->0K(1258304K)
[2025-08-01T02:46:46.778+0000] GC(195) Tenured: 2073493K->467679K(2796224K)
[2025-08-01T02:46:46.778+0000] GC(195) Metaspace: 9707K(12544K)->9707K(12544K) NonClass: 8541K(11008K)->8541K(11008K) Class: 1166K(1536K)->1166K(1536K)
[2025-08-01T02:46:46.778+0000] GC(195) Pause Young (Allocation Failure) 3253M->456M(3959M) 932.007ms
[2025-08-01T02:46:46.778+0000] GC(195) User=0.93s Sys=0.01s Real=0.93s
[2025-08-01T02:46:47.007+0000] GC(197) Pause Young (Allocation Failure)
[2025-08-01T02:46:47.833+0000] GC(197) DefNew: 1118528K->139776K(1258304K)
[2025-08-01T02:46:47.833+0000] GC(197) Tenured: 467679K->1432848K(2796224K)
[2025-08-01T02:46:47.833+0000] GC(197) Metaspace: 9707K(12544K)->9707K(12544K) NonClass: 8541K(11008K)->8541K(11008K) Class: 1166K(1536K)->1166K(1536K)
[2025-08-01T02:46:47.833+0000] GC(197) Pause Young (Allocation Failure) 1549M->1535M(3959M) 826.690ms
[2025-08-01T02:46:47.833+0000] GC(197) User=0.82s Sys=0.00s Real=0.82s
[2025-08-01T02:46:48.050+0000] GC(198) Pause Young (Allocation Failure)
[2025-08-01T02:46:48.313+0000] GC(198) DefNew: 1258304K->139775K(1258304K)
[2025-08-01T02:46:48.313+0000] GC(198) Tenured: 1432848K->1654563K(2796224K)
[2025-08-01T02:46:48.313+0000] GC(198) Metaspace: 9707K(12544K)->9707K(12544K) NonClass: 8541K(11008K)->8541K(11008K) Class: 1166K(1536K)->1166K(1536K)
[2025-08-01T02:46:48.313+0000] GC(198) Pause Young (Allocation Failure) 2628M->1752M(3959M) 262.845ms
[2025-08-01T02:46:48.313+0000] GC(198) User=0.27s Sys=0.00s Real=0.27s
[2025-08-01T02:46:48.527+0000] GC(199) Pause Young (Allocation Failure)
[2025-08-01T02:46:48.527+0000] GC(200) Pause Full (Allocation Failure)
[2025-08-01T02:46:48.527+0000] GC(200) Phase 1: Mark live objects
[2025-08-01T02:46:48.784+0000] GC(200) Phase 1: Mark live objects 257.132ms
[2025-08-01T02:46:48.785+0000] GC(200) Phase 2: Compute new object addresses
[2025-08-01T02:46:49.201+0000] GC(200) Phase 2: Compute new object addresses 416.661ms
[2025-08-01T02:46:49.201+0000] GC(200) Phase 3: Adjust pointers
[2025-08-01T02:46:49.414+0000] GC(200) Phase 3: Adjust pointers 212.908ms
[2025-08-01T02:46:49.414+0000] GC(200) Phase 4: Move objects
[2025-08-01T02:46:49.967+0000] GC(200) Phase 4: Move objects 552.598ms
[2025-08-01T02:46:49.968+0000] GC(200) Pause Full (Allocation Failure) 2844M->1594M(3959M) 1440.625ms
[2025-08-01T02:46:49.968+0000] GC(199) DefNew: 1258303K->0K(1258304K)
[2025-08-01T02:46:49.968+0000] GC(199) Tenured: 1654563K->1632321K(2796224K)
[2025-08-01T02:46:49.968+0000] GC(199) Metaspace: 9707K(12544K)->9707K(12544K) NonClass: 8541K(11008K)->8541K(11008K) Class: 1166K(1536K)->1166K(1536K)
[2025-08-01T02:46:49.968+0000] GC(199) Pause Young (Allocation Failure) 2844M->1594M(3959M) 1440.776ms
[2025-08-01T02:46:49.968+0000] GC(199) User=1.44s Sys=0.01s Real=1.44s
[2025-08-01T02:46:50.178+0000] GC(201) Pause Young (Allocation Failure)
[2025-08-01T02:46:50.686+0000] GC(201) DefNew: 1118528K->139775K(1258304K)
[2025-08-01T02:46:50.686+0000] GC(201) Tenured: 1632321K->2226351K(2796224K)
[2025-08-01T02:46:50.686+0000] GC(201) Metaspace: 9707K(12544K)->9707K(12544K) NonClass: 8541K(11008K)->8541K(11008K) Class: 1166K(1536K)->1166K(1536K)
[2025-08-01T02:46:50.686+0000] GC(201) Pause Young (Allocation Failure) 2686M->2310M(3959M) 508.283ms
[2025-08-01T02:46:50.686+0000] GC(201) User=0.51s Sys=0.00s Real=0.51s
[2025-08-01T02:46:50.931+0000] GC(202) Pause Young (Allocation Failure)
[2025-08-01T02:46:50.931+0000] GC(203) Pause Full (Allocation Failure)
[2025-08-01T02:46:50.931+0000] GC(203) Phase 1: Mark live objects
[2025-08-01T02:46:50.948+0000] GC(203) Phase 1: Mark live objects 16.698ms
[2025-08-01T02:46:50.948+0000] GC(203) Phase 2: Compute new object addresses
[2025-08-01T02:46:51.526+0000] GC(203) Phase 2: Compute new object addresses 577.424ms
[2025-08-01T02:46:51.526+0000] GC(203) Phase 3: Adjust pointers
[2025-08-01T02:46:51.536+0000] GC(203) Phase 3: Adjust pointers 10.639ms
[2025-08-01T02:46:51.536+0000] GC(203) Phase 4: Move objects
[2025-08-01T02:46:51.537+0000] GC(203) Phase 4: Move objects 1.069ms
[2025-08-01T02:46:51.538+0000] GC(203) Pause Full (Allocation Failure) 3402M->154M(3959M) 607.037ms
[2025-08-01T02:46:51.538+0000] GC(202) DefNew: 1258303K->0K(1258304K)
[2025-08-01T02:46:51.538+0000] GC(202) Tenured: 2226351K->158414K(2796224K)
[2025-08-01T02:46:51.538+0000] GC(202) Metaspace: 9707K(12544K)->9707K(12544K) NonClass: 8541K(11008K)->8541K(11008K) Class: 1166K(1536K)->1166K(1536K)
[2025-08-01T02:46:51.538+0000] GC(202) Pause Young (Allocation Failure) 3402M->154M(3959M) 607.220ms
[2025-08-01T02:46:51.538+0000] GC(202) User=0.60s Sys=0.00s Real=0.61s
[2025-08-01T02:46:51.820+0000] GC(204) Pause Young (Allocation Failure)
[2025-08-01T02:46:52.609+0000] GC(204) DefNew: 1118528K->139775K(1258304K)
[2025-08-01T02:46:52.609+0000] GC(204) Tenured: 158414K->1126423K(2796224K)
[2025-08-01T02:46:52.609+0000] GC(204) Metaspace: 9707K(12544K)->9707K(12544K) NonClass: 8541K(11008K)->8541K(11008K) Class: 1166K(1536K)->1166K(1536K)
[2025-08-01T02:46:52.609+0000] GC(204) Pause Young (Allocation Failure) 1247M->1236M(3959M) 788.986ms
[2025-08-01T02:46:52.609+0000] GC(204) User=0.79s Sys=0.00s Real=0.79s
[2025-08-01T02:46:52.822+0000] GC(205) Pause Young (Allocation Failure)
[2025-08-01T02:46:53.029+0000] GC(205) DefNew: 1258303K->139775K(1258304K)
[2025-08-01T02:46:53.029+0000] GC(205) Tenured: 1126423K->1353396K(2796224K)
[2025-08-01T02:46:53.030+0000] GC(205) Metaspace: 9707K(12544K)->9707K(12544K) NonClass: 8541K(11008K)->8541K(11008K) Class: 1166K(1536K)->1166K(1536K)
[2025-08-01T02:46:53.030+0000] GC(205) Pause Young (Allocation Failure) 2328M->1458M(3959M) 207.229ms
[2025-08-01T02:46:53.030+0000] GC(205) User=0.21s Sys=0.00s Real=0.21s
[2025-08-01T02:46:53.269+0000] GC(206) Pause Young (Allocation Failure)
[2025-08-01T02:46:54.065+0000] GC(206) DefNew: 1258303K->139775K(1258304K)
[2025-08-01T02:46:54.065+0000] GC(206) Tenured: 1353396K->2468611K(2796224K)
[2025-08-01T02:46:54.065+0000] GC(206) Metaspace: 9707K(12544K)->9707K(12544K) NonClass: 8541K(11008K)->8541K(11008K) Class: 1166K(1536K)->1166K(1536K)
[2025-08-01T02:46:54.065+0000] GC(206) Pause Young (Allocation Failure) 2550M->2547M(3959M) 796.734ms
[2025-08-01T02:46:54.065+0000] GC(206) User=0.80s Sys=0.00s Real=0.80s
[2025-08-01T02:46:54.270+0000] GC(207) Pause Young (Allocation Failure)
[2025-08-01T02:46:54.270+0000] GC(208) Pause Full (Allocation Failure)
[2025-08-01T02:46:54.270+0000] GC(208) Phase 1: Mark live objects
[2025-08-01T02:46:54.408+0000] GC(208) Phase 1: Mark live objects 137.251ms
[2025-08-01T02:46:54.408+0000] GC(208) Phase 2: Compute new object addresses
[2025-08-01T02:46:54.916+0000] GC(208) Phase 2: Compute new object addresses 508.457ms
[2025-08-01T02:46:54.916+0000] GC(208) Phase 3: Adjust pointers
[2025-08-01T02:46:55.016+0000] GC(208) Phase 3: Adjust pointers 99.586ms
[2025-08-01T02:46:55.016+0000] GC(208) Phase 4: Move objects
[2025-08-01T02:46:55.300+0000] GC(208) Phase 4: Move objects 284.554ms
[2025-08-01T02:46:55.302+0000] GC(208) Pause Full (Allocation Failure) 3639M->873M(3959M) 1031.701ms
[2025-08-01T02:46:55.302+0000] GC(207) DefNew: 1258303K->0K(1258304K)
[2025-08-01T02:46:55.302+0000] GC(207) Tenured: 2468611K->894660K(2796224K)
[2025-08-01T02:46:55.302+0000] GC(207) Metaspace: 9707K(12544K)->9707K(12544K) NonClass: 8541K(11008K)->8541K(11008K) Class: 1166K(1536K)->1166K(1536K)
[2025-08-01T02:46:55.302+0000] GC(207) Pause Young (Allocation Failure) 3639M->873M(3959M) 1031.886ms
[2025-08-01T02:46:55.302+0000] GC(207) User=1.03s Sys=0.01s Real=1.03s
[2025-08-01T02:46:55.594+0000] GC(209) Pause Young (Allocation Failure)
[2025-08-01T02:46:55.599+0000] GC(209) DefNew: 1118528K->4744K(1258304K)
[2025-08-01T02:46:55.599+0000] GC(209) Tenured: 894660K->894660K(2796224K)
[2025-08-01T02:46:55.599+0000] GC(209) Metaspace: 9707K(12544K)->9707K(12544K) NonClass: 8541K(11008K)->8541K(11008K) Class: 1166K(1536K)->1166K(1536K)
[2025-08-01T02:46:55.599+0000] GC(209) Pause Young (Allocation Failure) 1966M->878M(3959M) 4.378ms
[2025-08-01T02:46:55.599+0000] GC(209) User=0.00s Sys=0.00s Real=0.00s
[2025-08-01T02:46:55.833+0000] GC(210) Pause Young (Allocation Failure)
[2025-08-01T02:46:56.567+0000] GC(210) DefNew: 1123272K->139775K(1258304K)
[2025-08-01T02:46:56.568+0000] GC(210) Tenured: 894660K->1863655K(2796224K)
[2025-08-01T02:46:56.568+0000] GC(210) Metaspace: 9707K(12544K)->9707K(12544K) NonClass: 8541K(11008K)->8541K(11008K) Class: 1166K(1536K)->1166K(1536K)
[2025-08-01T02:46:56.568+0000] GC(210) Pause Young (Allocation Failure) 1970M->1956M(3959M) 734.719ms
[2025-08-01T02:46:56.568+0000] GC(210) User=0.73s Sys=0.00s Real=0.74s
[2025-08-01T02:46:56.820+0000] GC(211) Pause Young (Allocation Failure)
[2025-08-01T02:46:56.820+0000] GC(212) Pause Full (Allocation Failure)
[2025-08-01T02:46:56.820+0000] GC(212) Phase 1: Mark live objects
[2025-08-01T02:46:56.901+0000] GC(212) Phase 1: Mark live objects 80.963ms
[2025-08-01T02:46:56.901+0000] GC(212) Phase 2: Compute new object addresses
[2025-08-01T02:46:57.449+0000] GC(212) Phase 2: Compute new object addresses 547.398ms
[2025-08-01T02:46:57.449+0000] GC(212) Phase 3: Adjust pointers
[2025-08-01T02:46:57.504+0000] GC(212) Phase 3: Adjust pointers 54.749ms
[2025-08-01T02:46:57.504+0000] GC(212) Phase 4: Move objects
[2025-08-01T02:46:57.655+0000] GC(212) Phase 4: Move objects 151.664ms
[2025-08-01T02:46:57.657+0000] GC(212) Pause Full (Allocation Failure) 3048M->382M(3959M) 837.121ms
[2025-08-01T02:46:57.657+0000] GC(211) DefNew: 1258303K->0K(1258304K)
[2025-08-01T02:46:57.657+0000] GC(211) Tenured: 1863655K->391535K(2796224K)
[2025-08-01T02:46:57.657+0000] GC(211) Metaspace: 9707K(12544K)->9707K(12544K) NonClass: 8541K(11008K)->8541K(11008K) Class: 1166K(1536K)->1166K(1536K)
[2025-08-01T02:46:57.657+0000] GC(211) Pause Young (Allocation Failure) 3048M->382M(3959M) 837.366ms
[2025-08-01T02:46:57.657+0000] GC(211) User=0.84s Sys=0.00s Real=0.84s
[2025-08-01T02:46:57.878+0000] GC(213) Pause Young (Allocation Failure)
[2025-08-01T02:46:58.623+0000] GC(213) DefNew: 1118528K->139776K(1258304K)
[2025-08-01T02:46:58.623+0000] GC(213) Tenured: 391535K->1356112K(2796224K)
[2025-08-01T02:46:58.623+0000] GC(213) Metaspace: 9707K(12544K)->9707K(12544K) NonClass: 8541K(11008K)->8541K(11008K) Class: 1166K(1536K)->1166K(1536K)
[2025-08-01T02:46:58.623+0000] GC(213) Pause Young (Allocation Failure) 1474M->1460M(3959M) 744.843ms
[2025-08-01T02:46:58.623+0000] GC(213) User=0.74s Sys=0.00s Real=0.75s
[2025-08-01T02:46:58.890+0000] GC(214) Pause Young (Allocation Failure)
[2025-08-01T02:46:59.380+0000] GC(214) DefNew: 1258304K->139775K(1258304K)
[2025-08-01T02:46:59.380+0000] GC(214) Tenured: 1356112K->1960458K(2796224K)
[2025-08-01T02:46:59.380+0000] GC(214) Metaspace: 9707K(12544K)->9707K(12544K) NonClass: 8541K(11008K)->8541K(11008K) Class: 1166K(1536K)->1166K(1536K)
[2025-08-01T02:46:59.380+0000] GC(214) Pause Young (Allocation Failure) 2553M->2051M(3959M) 490.305ms
[2025-08-01T02:46:59.380+0000] GC(214) User=0.49s Sys=0.00s Real=0.49s
[2025-08-01T02:46:59.587+0000] GC(215) Pause Young (Allocation Failure)
[2025-08-01T02:46:59.587+0000] GC(216) Pause Full (Allocation Failure)
[2025-08-01T02:46:59.587+0000] GC(216) Phase 1: Mark live objects
[2025-08-01T02:46:59.597+0000] GC(216) Phase 1: Mark live objects 9.873ms
[2025-08-01T02:46:59.597+0000] GC(216) Phase 2: Compute new object addresses
[2025-08-01T02:47:00.076+0000] GC(216) Phase 2: Compute new object addresses 478.769ms
[2025-08-01T02:47:00.076+0000] GC(216) Phase 3: Adjust pointers
[2025-08-01T02:47:00.083+0000] GC(216) Phase 3: Adjust pointers 6.982ms
[2025-08-01T02:47:00.083+0000] GC(216) Phase 4: Move objects
[2025-08-01T02:47:00.083+0000] GC(216) Phase 4: Move objects 0.146ms
[2025-08-01T02:47:00.084+0000] GC(216) Pause Full (Allocation Failure) 3143M->129M(3959M) 497.029ms
[2025-08-01T02:47:00.084+0000] GC(215) DefNew: 1258303K->0K(1258304K)
[2025-08-01T02:47:00.084+0000] GC(215) Tenured: 1960458K->132906K(2796224K)
[2025-08-01T02:47:00.084+0000] GC(215) Metaspace: 9707K(12544K)->9707K(12544K) NonClass: 8541K(11008K)->8541K(11008K) Class: 1166K(1536K)->1166K(1536K)
[2025-08-01T02:47:00.084+0000] GC(215) Pause Young (Allocation Failure) 3143M->129M(3959M) 497.226ms
[2025-08-01T02:47:00.084+0000] GC(215) User=0.50s Sys=0.00s Real=0.50s
[2025-08-01T02:47:00.341+0000] GC(217) Pause Young (Allocation Failure)
[2025-08-01T02:47:01.196+0000] GC(217) DefNew: 1118528K->139776K(1258304K)
[2025-08-01T02:47:01.196+0000] GC(217) Tenured: 132906K->1106068K(2796224K)
[2025-08-01T02:47:01.196+0000] GC(217) Metaspace: 9707K(12544K)->9707K(12544K) NonClass: 8541K(11008K)->8541K(11008K) Class: 1166K(1536K)->1166K(1536K)
[2025-08-01T02:47:01.196+0000] GC(217) Pause Young (Allocation Failure) 1222M->1216M(3959M) 855.045ms
[2025-08-01T02:47:01.196+0000] GC(217) User=0.85s Sys=0.00s Real=0.86s
[2025-08-01T02:47:01.415+0000] GC(218) Pause Young (Allocation Failure)
[2025-08-01T02:47:01.699+0000] GC(218) DefNew: 1258304K->139775K(1258304K)
[2025-08-01T02:47:01.699+0000] GC(218) Tenured: 1106068K->1335923K(2796224K)
[2025-08-01T02:47:01.699+0000] GC(218) Metaspace: 9707K(12544K)->9707K(12544K) NonClass: 8541K(11008K)->8541K(11008K) Class: 1166K(1536K)->1166K(1536K)
[2025-08-01T02:47:01.699+0000] GC(218) Pause Young (Allocation Failure) 2308M->1441M(3959M) 283.907ms
[2025-08-01T02:47:01.699+0000] GC(218) User=0.29s Sys=0.01s Real=0.28s
[2025-08-01T02:47:01.982+0000] GC(219) Pause Young (Allocation Failure)
[2025-08-01T02:47:02.983+0000] GC(219) DefNew: 1258303K->139775K(1258304K)
[2025-08-01T02:47:02.983+0000] GC(219) Tenured: 1335923K->2448179K(2796224K)
[2025-08-01T02:47:02.983+0000] GC(219) Metaspace: 9707K(12544K)->9707K(12544K) NonClass: 8541K(11008K)->8541K(11008K) Class: 1166K(1536K)->1166K(1536K)
[2025-08-01T02:47:02.983+0000] GC(219) Pause Young (Allocation Failure) 2533M->2527M(3959M) 1001.591ms
[2025-08-01T02:47:02.983+0000] GC(219) User=1.00s Sys=0.01s Real=1.01s
[2025-08-01T02:47:03.261+0000] GC(220) Pause Young (Allocation Failure)
[2025-08-01T02:47:03.261+0000] GC(221) Pause Full (Allocation Failure)
[2025-08-01T02:47:03.261+0000] GC(221) Phase 1: Mark live objects
[2025-08-01T02:47:03.422+0000] GC(221) Phase 1: Mark live objects 160.928ms
[2025-08-01T02:47:03.422+0000] GC(221) Phase 2: Compute new object addresses
[2025-08-01T02:47:03.911+0000] GC(221) Phase 2: Compute new object addresses 489.126ms
[2025-08-01T02:47:03.911+0000] GC(221) Phase 3: Adjust pointers
[2025-08-01T02:47:04.028+0000] GC(221) Phase 3: Adjust pointers 116.333ms
[2025-08-01T02:47:04.028+0000] GC(221) Phase 4: Move objects
[2025-08-01T02:47:04.335+0000] GC(221) Phase 4: Move objects 307.550ms
[2025-08-01T02:47:04.337+0000] GC(221) Pause Full (Allocation Failure) 3619M->856M(3959M) 1075.787ms
[2025-08-01T02:47:04.337+0000] GC(220) DefNew: 1258303K->0K(1258304K)
[2025-08-01T02:47:04.337+0000] GC(220) Tenured: 2448179K->876901K(2796224K)
[2025-08-01T02:47:04.337+0000] GC(220) Metaspace: 9707K(12544K)->9707K(12544K) NonClass: 8541K(11008K)->8541K(11008K) Class: 1166K(1536K)->1166K(1536K)
[2025-08-01T02:47:04.337+0000] GC(220) Pause Young (Allocation Failure) 3619M->856M(3959M) 1076.036ms
[2025-08-01T02:47:04.337+0000] GC(220) User=1.07s Sys=0.00s Real=1.08s
[2025-08-01T02:47:04.603+0000] GC(222) Pause Young (Allocation Failure)
[2025-08-01T02:47:04.605+0000] GC(222) DefNew: 1118528K->4028K(1258304K)
[2025-08-01T02:47:04.605+0000] GC(222) Tenured: 876901K->876901K(2796224K)
[2025-08-01T02:47:04.605+0000] GC(222) Metaspace: 9707K(12544K)->9707K(12544K) NonClass: 8541K(11008K)->8541K(11008K) Class: 1166K(1536K)->1166K(1536K)
[2025-08-01T02:47:04.605+0000] GC(222) Pause Young (Allocation Failure) 1948M->860M(3959M) 2.787ms
[2025-08-01T02:47:04.605+0000] GC(222) User=0.00s Sys=0.00s Real=0.01s
[2025-08-01T02:47:04.861+0000] GC(223) Pause Young (Allocation Failure)
[2025-08-01T02:47:05.652+0000] GC(223) DefNew: 1122556K->139776K(1258304K)
[2025-08-01T02:47:05.652+0000] GC(223) Tenured: 876901K->1853775K(2796224K)
[2025-08-01T02:47:05.652+0000] GC(223) Metaspace: 9707K(12544K)->9707K(12544K) NonClass: 8541K(11008K)->8541K(11008K) Class: 1166K(1536K)->1166K(1536K)
[2025-08-01T02:47:05.652+0000] GC(223) Pause Young (Allocation Failure) 1952M->1946M(3959M) 791.587ms
[2025-08-01T02:47:05.652+0000] GC(223) User=0.78s Sys=0.01s Real=0.79s
[2025-08-01T02:47:05.929+0000] GC(224) Pause Young (Allocation Failure)
[2025-08-01T02:47:05.929+0000] GC(225) Pause Full (Allocation Failure)
[2025-08-01T02:47:05.929+0000] GC(225) Phase 1: Mark live objects
[2025-08-01T02:47:06.014+0000] GC(225) Phase 1: Mark live objects 84.975ms
[2025-08-01T02:47:06.014+0000] GC(225) Phase 2: Compute new object addresses
[2025-08-01T02:47:06.571+0000] GC(225) Phase 2: Compute new object addresses 556.593ms
[2025-08-01T02:47:06.571+0000] GC(225) Phase 3: Adjust pointers
[2025-08-01T02:47:06.646+0000] GC(225) Phase 3: Adjust pointers 75.002ms
[2025-08-01T02:47:06.646+0000] GC(225) Phase 4: Move objects
[2025-08-01T02:47:06.800+0000] GC(225) Phase 4: Move objects 154.060ms
[2025-08-01T02:47:06.801+0000] GC(225) Pause Full (Allocation Failure) 3039M->510M(3959M) 872.123ms
[2025-08-01T02:47:06.802+0000] GC(224) DefNew: 1258304K->0K(1258304K)
[2025-08-01T02:47:06.802+0000] GC(224) Tenured: 1853775K->523019K(2796224K)
[2025-08-01T02:47:06.802+0000] GC(224) Metaspace: 9707K(12544K)->9707K(12544K) NonClass: 8541K(11008K)->8541K(11008K) Class: 1166K(1536K)->1166K(1536K)
[2025-08-01T02:47:06.802+0000] GC(224) Pause Young (Allocation Failure) 3039M->510M(3959M) 872.362ms
[2025-08-01T02:47:06.802+0000] GC(224) User=0.88s Sys=0.00s Real=0.87s
[2025-08-01T02:47:07.097+0000] GC(226) Pause Young (Allocation Failure)
[2025-08-01T02:47:07.905+0000] GC(226) DefNew: 1118528K->139775K(1258304K)
[2025-08-01T02:47:07.905+0000] GC(226) Tenured: 523019K->1496187K(2796224K)
[2025-08-01T02:47:07.906+0000] GC(226) Metaspace: 9707K(12544K)->9707K(12544K) NonClass: 8541K(11008K)->8541K(11008K) Class: 1166K(1536K)->1166K(1536K)
[2025-08-01T02:47:07.906+0000] GC(226) Pause Young (Allocation Failure) 1603M->1597M(3959M) 808.898ms
[2025-08-01T02:47:07.906+0000] GC(226) User=0.81s Sys=0.00s Real=0.81s
[2025-08-01T02:47:08.207+0000] GC(227) Pause Young (Allocation Failure)
[2025-08-01T02:47:08.695+0000] GC(227) DefNew: 1258303K->139775K(1258304K)
[2025-08-01T02:47:08.695+0000] GC(227) Tenured: 1496187K->2105651K(2796224K)
[2025-08-01T02:47:08.695+0000] GC(227) Metaspace: 9707K(12544K)->9707K(12544K) NonClass: 8541K(11008K)->8541K(11008K) Class: 1166K(1536K)->1166K(1536K)
[2025-08-01T02:47:08.695+0000] GC(227) Pause Young (Allocation Failure) 2689M->2192M(3959M) 487.940ms
[2025-08-01T02:47:08.695+0000] GC(227) User=0.49s Sys=0.00s Real=0.49s
[2025-08-01T02:47:08.961+0000] GC(228) Pause Young (Allocation Failure)
[2025-08-01T02:47:08.961+0000] GC(229) Pause Full (Allocation Failure)
[2025-08-01T02:47:08.962+0000] GC(229) Phase 1: Mark live objects
[2025-08-01T02:47:08.972+0000] GC(229) Phase 1: Mark live objects 10.841ms
[2025-08-01T02:47:08.972+0000] GC(229) Phase 2: Compute new object addresses
[2025-08-01T02:47:09.541+0000] GC(229) Phase 2: Compute new object addresses 568.415ms
[2025-08-01T02:47:09.541+0000] GC(229) Phase 3: Adjust pointers
[2025-08-01T02:47:09.553+0000] GC(229) Phase 3: Adjust pointers 11.921ms
[2025-08-01T02:47:09.553+0000] GC(229) Phase 4: Move objects
[2025-08-01T02:47:09.560+0000] GC(229) Phase 4: Move objects 6.440ms
[2025-08-01T02:47:09.561+0000] GC(229) Pause Full (Allocation Failure) 3285M->32M(3959M) 599.786ms
[2025-08-01T02:47:09.561+0000] GC(228) DefNew: 1258303K->0K(1258304K)
[2025-08-01T02:47:09.561+0000] GC(228) Tenured: 2105651K->32958K(2796224K)
[2025-08-01T02:47:09.561+0000] GC(228) Metaspace: 9707K(12544K)->9707K(12544K) NonClass: 8541K(11008K)->8541K(11008K) Class: 1166K(1536K)->1166K(1536K)
[2025-08-01T02:47:09.561+0000] GC(228) Pause Young (Allocation Failure) 3285M->32M(3959M) 599.972ms
[2025-08-01T02:47:09.561+0000] GC(228) User=0.60s Sys=0.01s Real=0.60s
[2025-08-01T02:47:09.846+0000] GC(230) Pause Young (Allocation Failure)
[2025-08-01T02:47:10.680+0000] GC(230) DefNew: 1118528K->139775K(1258304K)
[2025-08-01T02:47:10.680+0000] GC(230) Tenured: 32958K->1011370K(2796224K)
[2025-08-01T02:47:10.680+0000] GC(230) Metaspace: 9707K(12544K)->9707K(12544K) NonClass: 8541K(11008K)->8541K(11008K) Class: 1166K(1536K)->1166K(1536K)
[2025-08-01T02:47:10.680+0000] GC(230) Pause Young (Allocation Failure) 1124M->1124M(3959M) 834.582ms
[2025-08-01T02:47:10.680+0000] GC(230) User=0.84s Sys=0.00s Real=0.83s
[2025-08-01T02:47:10.965+0000] GC(231) Pause Young (Allocation Failure)
[2025-08-01T02:47:11.260+0000] GC(231) DefNew: 1258303K->139775K(1258304K)
[2025-08-01T02:47:11.260+0000] GC(231) Tenured: 1011370K->1265776K(2796224K)
[2025-08-01T02:47:11.260+0000] GC(231) Metaspace: 9707K(12544K)->9707K(12544K) NonClass: 8541K(11008K)->8541K(11008K) Class: 1166K(1536K)->1166K(1536K)
[2025-08-01T02:47:11.260+0000] GC(231) Pause Young (Allocation Failure) 2216M->1372M(3959M) 294.731ms
[2025-08-01T02:47:11.260+0000] GC(231) User=0.29s Sys=0.00s Real=0.29s
[2025-08-01T02:47:11.525+0000] GC(232) Pause Young (Allocation Failure)
[2025-08-01T02:47:12.413+0000] GC(232) DefNew: 1258303K->139775K(1258304K)
[2025-08-01T02:47:12.413+0000] GC(232) Tenured: 1265776K->2372697K(2796224K)
[2025-08-01T02:47:12.413+0000] GC(232) Metaspace: 9707K(12544K)->9707K(12544K) NonClass: 8541K(11008K)->8541K(11008K) Class: 1166K(1536K)->1166K(1536K)
[2025-08-01T02:47:12.413+0000] GC(232) Pause Young (Allocation Failure) 2464M->2453M(3959M) 888.638ms
[2025-08-01T02:47:12.413+0000] GC(232) User=0.90s Sys=0.00s Real=0.89s
[2025-08-01T02:47:12.667+0000] GC(233) Pause Young (Allocation Failure)
[2025-08-01T02:47:12.667+0000] GC(234) Pause Full (Allocation Failure)
[2025-08-01T02:47:12.667+0000] GC(234) Phase 1: Mark live objects
[2025-08-01T02:47:12.804+0000] GC(234) Phase 1: Mark live objects 137.413ms
[2025-08-01T02:47:12.805+0000] GC(234) Phase 2: Compute new object addresses
[2025-08-01T02:47:13.343+0000] GC(234) Phase 2: Compute new object addresses 538.771ms
[2025-08-01T02:47:13.343+0000] GC(234) Phase 3: Adjust pointers
[2025-08-01T02:47:13.482+0000] GC(234) Phase 3: Adjust pointers 138.182ms
[2025-08-01T02:47:13.482+0000] GC(234) Phase 4: Move objects
[2025-08-01T02:47:13.850+0000] GC(234) Phase 4: Move objects 368.384ms
[2025-08-01T02:47:13.852+0000] GC(234) Pause Full (Allocation Failure) 3545M->772M(3959M) 1184.972ms
[2025-08-01T02:47:13.852+0000] GC(233) DefNew: 1258303K->0K(1258304K)
[2025-08-01T02:47:13.852+0000] GC(233) Tenured: 2372697K->790572K(2796224K)
[2025-08-01T02:47:13.852+0000] GC(233) Metaspace: 9707K(12544K)->9707K(12544K) NonClass: 8541K(11008K)->8541K(11008K) Class: 1166K(1536K)->1166K(1536K)
[2025-08-01T02:47:13.852+0000] GC(233) Pause Young (Allocation Failure) 3545M->772M(3959M) 1185.364ms
[2025-08-01T02:47:13.852+0000] GC(233) User=1.19s Sys=0.00s Real=1.18s
[2025-08-01T02:47:14.115+0000] GC(235) Pause Young (Allocation Failure)
[2025-08-01T02:47:14.129+0000] GC(235) DefNew: 1118528K->22955K(1258304K)
[2025-08-01T02:47:14.129+0000] GC(235) Tenured: 790572K->790572K(2796224K)
[2025-08-01T02:47:14.129+0000] GC(235) Metaspace: 9707K(12544K)->9707K(12544K) NonClass: 8541K(11008K)->8541K(11008K) Class: 1166K(1536K)->1166K(1536K)
[2025-08-01T02:47:14.129+0000] GC(235) Pause Young (Allocation Failure) 1864M->794M(3959M) 13.933ms
[2025-08-01T02:47:14.129+0000] GC(235) User=0.01s Sys=0.00s Real=0.01s
[2025-08-01T02:47:14.369+0000] GC(236) Pause Young (Allocation Failure)
[2025-08-01T02:47:15.102+0000] GC(236) DefNew: 1141483K->139776K(1258304K)
[2025-08-01T02:47:15.102+0000] GC(236) Tenured: 790572K->1779164K(2796224K)
[2025-08-01T02:47:15.102+0000] GC(236) Metaspace: 9707K(12544K)->9707K(12544K) NonClass: 8541K(11008K)->8541K(11008K) Class: 1166K(1536K)->1166K(1536K)
[2025-08-01T02:47:15.102+0000] GC(236) Pause Young (Allocation Failure) 1886M->1873M(3959M) 733.441ms
[2025-08-01T02:47:15.102+0000] GC(236) User=0.73s Sys=0.00s Real=0.73s
[2025-08-01T02:47:15.357+0000] GC(237) Pause Young (Allocation Failure)
[2025-08-01T02:47:15.357+0000] GC(238) Pause Full (Allocation Failure)
[2025-08-01T02:47:15.357+0000] GC(238) Phase 1: Mark live objects
[2025-08-01T02:47:15.435+0000] GC(238) Phase 1: Mark live objects 78.190ms
[2025-08-01T02:47:15.436+0000] GC(238) Phase 2: Compute new object addresses
[2025-08-01T02:47:15.968+0000] GC(238) Phase 2: Compute new object addresses 532.803ms
[2025-08-01T02:47:15.968+0000] GC(238) Phase 3: Adjust pointers
[2025-08-01T02:47:16.024+0000] GC(238) Phase 3: Adjust pointers 56.039ms
[2025-08-01T02:47:16.025+0000] GC(238) Phase 4: Move objects
[2025-08-01T02:47:16.170+0000] GC(238) Phase 4: Move objects 145.139ms
[2025-08-01T02:47:16.171+0000] GC(238) Pause Full (Allocation Failure) 2966M->490M(3959M) 813.776ms
[2025-08-01T02:47:16.171+0000] GC(237) DefNew: 1258304K->0K(1258304K)
[2025-08-01T02:47:16.171+0000] GC(237) Tenured: 1779164K->502117K(2796224K)
[2025-08-01T02:47:16.171+0000] GC(237) Metaspace: 9707K(12544K)->9707K(12544K) NonClass: 8541K(11008K)->8541K(11008K) Class: 1166K(1536K)->1166K(1536K)
[2025-08-01T02:47:16.171+0000] GC(237) Pause Young (Allocation Failure) 2966M->490M(3959M) 814.065ms
[2025-08-01T02:47:16.171+0000] GC(237) User=0.81s Sys=0.00s Real=0.81s
[2025-08-01T02:47:16.448+0000] GC(239) Pause Young (Allocation Failure)
[2025-08-01T02:47:17.229+0000] GC(239) DefNew: 1118528K->139775K(1258304K)
[2025-08-01T02:47:17.229+0000] GC(239) Tenured: 502117K->1475740K(2796224K)
[2025-08-01T02:47:17.229+0000] GC(239) Metaspace: 9707K(12544K)->9707K(12544K) NonClass: 8541K(11008K)->8541K(11008K) Class: 1166K(1536K)->1166K(1536K)
[2025-08-01T02:47:17.229+0000] GC(239) Pause Young (Allocation Failure) 1582M->1577M(3959M) 781.673ms
[2025-08-01T02:47:17.229+0000] GC(239) User=0.78s Sys=0.00s Real=0.78s
[2025-08-01T02:47:17.509+0000] GC(240) Pause Young (Allocation Failure)
[2025-08-01T02:47:18.063+0000] GC(240) DefNew: 1258303K->139775K(1258304K)
[2025-08-01T02:47:18.063+0000] GC(240) Tenured: 1475740K->2107295K(2796224K)
[2025-08-01T02:47:18.064+0000] GC(240) Metaspace: 9707K(12544K)->9707K(12544K) NonClass: 8541K(11008K)->8541K(11008K) Class: 1166K(1536K)->1166K(1536K)
[2025-08-01T02:47:18.064+0000] GC(240) Pause Young (Allocation Failure) 2669M->2194M(3959M) 554.299ms
[2025-08-01T02:47:18.064+0000] GC(240) User=0.56s Sys=0.00s Real=0.56s
[2025-08-01T02:47:18.328+0000] GC(241) Pause Young (Allocation Failure)
[2025-08-01T02:47:18.328+0000] GC(242) Pause Full (Allocation Failure)
[2025-08-01T02:47:18.328+0000] GC(242) Phase 1: Mark live objects
[2025-08-01T02:47:18.343+0000] GC(242) Phase 1: Mark live objects 15.264ms
[2025-08-01T02:47:18.343+0000] GC(242) Phase 2: Compute new object addresses
[2025-08-01T02:47:18.878+0000] GC(242) Phase 2: Compute new object addresses 534.839ms
[2025-08-01T02:47:18.878+0000] GC(242) Phase 3: Adjust pointers
[2025-08-01T02:47:18.888+0000] GC(242) Phase 3: Adjust pointers 9.859ms
[2025-08-01T02:47:18.888+0000] GC(242) Phase 4: Move objects
[2025-08-01T02:47:18.899+0000] GC(242) Phase 4: Move objects 11.018ms
[2025-08-01T02:47:18.901+0000] GC(242) Pause Full (Allocation Failure) 3286M->148M(3959M) 572.712ms
[2025-08-01T02:47:18.901+0000] GC(241) DefNew: 1258303K->0K(1258304K)
[2025-08-01T02:47:18.901+0000] GC(241) Tenured: 2107295K->151876K(2796224K)
[2025-08-01T02:47:18.901+0000] GC(241) Metaspace: 9707K(12544K)->9707K(12544K) NonClass: 8541K(11008K)->8541K(11008K) Class: 1166K(1536K)->1166K(1536K)
[2025-08-01T02:47:18.901+0000] GC(241) Pause Young (Allocation Failure) 3286M->148M(3959M) 572.873ms
[2025-08-01T02:47:18.901+0000] GC(241) User=0.58s Sys=0.00s Real=0.57s
[2025-08-01T02:47:19.156+0000] GC(243) Pause Young (Allocation Failure)
[2025-08-01T02:47:20.010+0000] GC(243) DefNew: 1118528K->139776K(1258304K)
[2025-08-01T02:47:20.010+0000] GC(243) Tenured: 151876K->1127392K(2796224K)
[2025-08-01T02:47:20.010+0000] GC(243) Metaspace: 9707K(12544K)->9707K(12544K) NonClass: 8541K(11008K)->8541K(11008K) Class: 1166K(1536K)->1166K(1536K)
[2025-08-01T02:47:20.010+0000] GC(243) Pause Young (Allocation Failure) 1240M->1237M(3959M) 854.359ms
[2025-08-01T02:47:20.010+0000] GC(243) User=0.85s Sys=0.00s Real=0.85s
[2025-08-01T02:47:20.267+0000] GC(244) Pause Young (Allocation Failure)
[2025-08-01T02:47:20.536+0000] GC(244) DefNew: 1258304K->139775K(1258304K)
[2025-08-01T02:47:20.536+0000] GC(244) Tenured: 1127392K->1391577K(2796224K)
[2025-08-01T02:47:20.536+0000] GC(244) Metaspace: 9707K(12544K)->9707K(12544K) NonClass: 8541K(11008K)->8541K(11008K) Class: 1166K(1536K)->1166K(1536K)
[2025-08-01T02:47:20.536+0000] GC(244) Pause Young (Allocation Failure) 2329M->1495M(3959M) 268.215ms
[2025-08-01T02:47:20.536+0000] GC(244) User=0.27s Sys=0.00s Real=0.27s
[2025-08-01T02:47:20.777+0000] GC(245) Pause Young (Allocation Failure)
[2025-08-01T02:47:21.600+0000] GC(245) DefNew: 1258303K->139776K(1258304K)
[2025-08-01T02:47:21.600+0000] GC(245) Tenured: 1391577K->2497021K(2796224K)
[2025-08-01T02:47:21.600+0000] GC(245) Metaspace: 9707K(12544K)->9707K(12544K) NonClass: 8541K(11008K)->8541K(11008K) Class: 1166K(1536K)->1166K(1536K)
[2025-08-01T02:47:21.600+0000] GC(245) Pause Young (Allocation Failure) 2587M->2574M(3959M) 823.630ms
[2025-08-01T02:47:21.601+0000] GC(245) User=0.82s Sys=0.00s Real=0.82s
[2025-08-01T02:47:21.851+0000] GC(246) Pause Young (Allocation Failure)
[2025-08-01T02:47:21.851+0000] GC(247) Pause Full (Allocation Failure)
[2025-08-01T02:47:21.852+0000] GC(247) Phase 1: Mark live objects
[2025-08-01T02:47:22.004+0000] GC(247) Phase 1: Mark live objects 152.283ms
[2025-08-01T02:47:22.004+0000] GC(247) Phase 2: Compute new object addresses
[2025-08-01T02:47:22.548+0000] GC(247) Phase 2: Compute new object addresses 544.328ms
[2025-08-01T02:47:22.548+0000] GC(247) Phase 3: Adjust pointers
[2025-08-01T02:47:22.671+0000] GC(247) Phase 3: Adjust pointers 122.831ms
[2025-08-01T02:47:22.671+0000] GC(247) Phase 4: Move objects
[2025-08-01T02:47:23.009+0000] GC(247) Phase 4: Move objects 337.492ms
[2025-08-01T02:47:23.010+0000] GC(247) Pause Full (Allocation Failure) 3667M->772M(3959M) 1158.347ms
[2025-08-01T02:47:23.010+0000] GC(246) DefNew: 1258304K->0K(1258304K)
[2025-08-01T02:47:23.010+0000] GC(246) Tenured: 2497021K->791431K(2796224K)
[2025-08-01T02:47:23.010+0000] GC(246) Metaspace: 9707K(12544K)->9707K(12544K) NonClass: 8541K(11008K)->8541K(11008K) Class: 1166K(1536K)->1166K(1536K)
[2025-08-01T02:47:23.010+0000] GC(246) Pause Young (Allocation Failure) 3667M->772M(3959M) 1158.491ms
[2025-08-01T02:47:23.010+0000] GC(246) User=1.15s Sys=0.01s Real=1.16s
[2025-08-01T02:47:23.249+0000] GC(248) Pause Young (Allocation Failure)
[2025-08-01T02:47:23.266+0000] GC(248) DefNew: 1118528K->28449K(1258304K)
[2025-08-01T02:47:23.266+0000] GC(248) Tenured: 791431K->791431K(2796224K)
[2025-08-01T02:47:23.266+0000] GC(248) Metaspace: 9707K(12544K)->9707K(12544K) NonClass: 8541K(11008K)->8541K(11008K) Class: 1166K(1536K)->1166K(1536K)
[2025-08-01T02:47:23.266+0000] GC(248) Pause Young (Allocation Failure) 1865M->800M(3959M) 17.132ms
[2025-08-01T02:47:23.266+0000] GC(248) User=0.02s Sys=0.00s Real=0.02s
[2025-08-01T02:47:23.500+0000] GC(249) Pause Young (Allocation Failure)
[2025-08-01T02:47:24.284+0000] GC(249) DefNew: 1146977K->139776K(1258304K)
[2025-08-01T02:47:24.284+0000] GC(249) Tenured: 791431K->1787541K(2796224K)
[2025-08-01T02:47:24.284+0000] GC(249) Metaspace: 9707K(12544K)->9707K(12544K) NonClass: 8541K(11008K)->8541K(11008K) Class: 1166K(1536K)->1166K(1536K)
[2025-08-01T02:47:24.284+0000] GC(249) Pause Young (Allocation Failure) 1892M->1882M(3959M) 783.541ms
[2025-08-01T02:47:24.284+0000] GC(249) User=0.78s Sys=0.00s Real=0.79s
[2025-08-01T02:47:24.544+0000] GC(250) Pause Young (Allocation Failure)
[2025-08-01T02:47:24.544+0000] GC(251) Pause Full (Allocation Failure)
[2025-08-01T02:47:24.545+0000] GC(251) Phase 1: Mark live objects
[2025-08-01T02:47:24.627+0000] GC(251) Phase 1: Mark live objects 82.149ms
[2025-08-01T02:47:24.627+0000] GC(251) Phase 2: Compute new object addresses
[2025-08-01T02:47:25.182+0000] GC(251) Phase 2: Compute new object addresses 554.819ms
[2025-08-01T02:47:25.182+0000] GC(251) Phase 3: Adjust pointers
[2025-08-01T02:47:25.256+0000] GC(251) Phase 3: Adjust pointers 74.527ms
[2025-08-01T02:47:25.256+0000] GC(251) Phase 4: Move objects
[2025-08-01T02:47:25.430+0000] GC(251) Phase 4: Move objects 173.650ms
[2025-08-01T02:47:25.431+0000] GC(251) Pause Full (Allocation Failure) 2974M->531M(3959M) 886.735ms
[2025-08-01T02:47:25.431+0000] GC(250) DefNew: 1258304K->0K(1258304K)
[2025-08-01T02:47:25.431+0000] GC(250) Tenured: 1787541K->543869K(2796224K)
[2025-08-01T02:47:25.431+0000] GC(250) Metaspace: 9707K(12544K)->9707K(12544K) NonClass: 8541K(11008K)->8541K(11008K) Class: 1166K(1536K)->1166K(1536K)
[2025-08-01T02:47:25.431+0000] GC(250) Pause Young (Allocation Failure) 2974M->531M(3959M) 886.929ms
[2025-08-01T02:47:25.431+0000] GC(250) User=0.89s Sys=0.01s Real=0.88s
[2025-08-01T02:47:25.675+0000] GC(252) Pause Young (Allocation Failure)
[2025-08-01T02:47:26.425+0000] GC(252) DefNew: 1118528K->139776K(1258304K)
[2025-08-01T02:47:26.426+0000] GC(252) Tenured: 543869K->1514403K(2796224K)
[2025-08-01T02:47:26.426+0000] GC(252) Metaspace: 9707K(12544K)->9707K(12544K) NonClass: 8541K(11008K)->8541K(11008K) Class: 1166K(1536K)->1166K(1536K)
[2025-08-01T02:47:26.426+0000] GC(252) Pause Young (Allocation Failure) 1623M->1615M(3959M) 750.565ms
[2025-08-01T02:47:26.426+0000] GC(252) User=0.75s Sys=0.01s Real=0.75s
[2025-08-01T02:47:26.662+0000] GC(253) Pause Young (Allocation Failure)
[2025-08-01T02:47:27.142+0000] GC(253) DefNew: 1258304K->139775K(1258304K)
[2025-08-01T02:47:27.142+0000] GC(253) Tenured: 1514403K->2152579K(2796224K)
[2025-08-01T02:47:27.142+0000] GC(253) Metaspace: 9707K(12544K)->9707K(12544K) NonClass: 8541K(11008K)->8541K(11008K) Class: 1166K(1536K)->1166K(1536K)
[2025-08-01T02:47:27.142+0000] GC(253) Pause Young (Allocation Failure) 2707M->2238M(3959M) 479.640ms
[2025-08-01T02:47:27.142+0000] GC(253) User=0.48s Sys=0.00s Real=0.48s
[2025-08-01T02:47:27.388+0000] GC(254) Pause Young (Allocation Failure)
[2025-08-01T02:47:27.388+0000] GC(255) Pause Full (Allocation Failure)
[2025-08-01T02:47:27.388+0000] GC(255) Phase 1: Mark live objects
[2025-08-01T02:47:27.408+0000] GC(255) Phase 1: Mark live objects 19.207ms
[2025-08-01T02:47:27.408+0000] GC(255) Phase 2: Compute new object addresses
[2025-08-01T02:47:27.858+0000] GC(255) Phase 2: Compute new object addresses 450.422ms
[2025-08-01T02:47:27.858+0000] GC(255) Phase 3: Adjust pointers
[2025-08-01T02:47:27.871+0000] GC(255) Phase 3: Adjust pointers 12.950ms
[2025-08-01T02:47:27.871+0000] GC(255) Phase 4: Move objects
[2025-08-01T02:47:27.888+0000] GC(255) Phase 4: Move objects 16.478ms
[2025-08-01T02:47:27.889+0000] GC(255) Pause Full (Allocation Failure) 3330M->190M(3959M) 500.570ms
[2025-08-01T02:47:27.889+0000] GC(254) DefNew: 1258303K->0K(1258304K)
[2025-08-01T02:47:27.889+0000] GC(254) Tenured: 2152579K->194598K(2796224K)
[2025-08-01T02:47:27.889+0000] GC(254) Metaspace: 9707K(12544K)->9707K(12544K) NonClass: 8541K(11008K)->8541K(11008K) Class: 1166K(1536K)->1166K(1536K)
[2025-08-01T02:47:27.889+0000] GC(254) Pause Young (Allocation Failure) 3330M->190M(3959M) 500.747ms
[2025-08-01T02:47:27.889+0000] GC(254) User=0.50s Sys=0.00s Real=0.50s
[2025-08-01T02:47:28.128+0000] GC(256) Pause Young (Allocation Failure)
[2025-08-01T02:47:28.841+0000] GC(256) DefNew: 1118528K->139775K(1258304K)
[2025-08-01T02:47:28.841+0000] GC(256) Tenured: 194598K->1167057K(2796224K)
[2025-08-01T02:47:28.841+0000] GC(256) Metaspace: 9707K(12544K)->9707K(12544K) NonClass: 8541K(11008K)->8541K(11008K) Class: 1166K(1536K)->1166K(1536K)
[2025-08-01T02:47:28.841+0000] GC(256) Pause Young (Allocation Failure) 1282M->1276M(3959M) 713.713ms
[2025-08-01T02:47:28.841+0000] GC(256) User=0.72s Sys=0.00s Real=0.71s
[2025-08-01T02:47:29.066+0000] GC(257) Pause Young (Allocation Failure)
[2025-08-01T02:47:29.339+0000] GC(257) DefNew: 1258303K->139775K(1258304K)
[2025-08-01T02:47:29.339+0000] GC(257) Tenured: 1167057K->1438915K(2796224K)
[2025-08-01T02:47:29.339+0000] GC(257) Metaspace: 9707K(12544K)->9707K(12544K) NonClass: 8541K(11008K)->8541K(11008K) Class: 1166K(1536K)->1166K(1536K)
[2025-08-01T02:47:29.339+0000] GC(257) Pause Young (Allocation Failure) 2368M->1541M(3959M) 273.194ms
[2025-08-01T02:47:29.339+0000] GC(257) User=0.27s Sys=0.00s Real=0.27s
[2025-08-01T02:47:29.574+0000] GC(258) Pause Young (Allocation Failure)
[2025-08-01T02:47:30.461+0000] GC(258) DefNew: 1258303K->139775K(1258304K)
[2025-08-01T02:47:30.461+0000] GC(258) Tenured: 1438915K->2550854K(2796224K)
[2025-08-01T02:47:30.461+0000] GC(258) Metaspace: 9707K(12544K)->9707K(12544K) NonClass: 8541K(11008K)->8541K(11008K) Class: 1166K(1536K)->1166K(1536K)
[2025-08-01T02:47:30.461+0000] GC(258) Pause Young (Allocation Failure) 2634M->2627M(3959M) 886.349ms
[2025-08-01T02:47:30.461+0000] GC(258) User=0.88s Sys=0.00s Real=0.88s
[2025-08-01T02:47:30.698+0000] GC(259) Pause Young (Allocation Failure)
[2025-08-01T02:47:30.698+0000] GC(260) Pause Full (Allocation Failure)
[2025-08-01T02:47:30.698+0000] GC(260) Phase 1: Mark live objects
[2025-08-01T02:47:30.839+0000] GC(260) Phase 1: Mark live objects 140.560ms
[2025-08-01T02:47:30.839+0000] GC(260) Phase 2: Compute new object addresses
[2025-08-01T02:47:31.268+0000] GC(260) Phase 2: Compute new object addresses 429.077ms
[2025-08-01T02:47:31.268+0000] GC(260) Phase 3: Adjust pointers
[2025-08-01T02:47:31.374+0000] GC(260) Phase 3: Adjust pointers 105.766ms
[2025-08-01T02:47:31.374+0000] GC(260) Phase 4: Move objects
[2025-08-01T02:47:31.675+0000] GC(260) Phase 4: Move objects 301.350ms
[2025-08-01T02:47:31.677+0000] GC(260) Pause Full (Allocation Failure) 3719M->919M(3959M) 978.873ms
[2025-08-01T02:47:31.677+0000] GC(259) DefNew: 1258303K->0K(1258304K)
[2025-08-01T02:47:31.677+0000] GC(259) Tenured: 2550854K->942005K(2796224K)
[2025-08-01T02:47:31.677+0000] GC(259) Metaspace: 9707K(12544K)->9707K(12544K) NonClass: 8541K(11008K)->8541K(11008K) Class: 1166K(1536K)->1166K(1536K)
[2025-08-01T02:47:31.677+0000] GC(259) Pause Young (Allocation Failure) 3719M->919M(3959M) 979.106ms
[2025-08-01T02:47:31.677+0000] GC(259) User=0.98s Sys=0.00s Real=0.98s
[2025-08-01T02:47:31.922+0000] GC(261) Pause Young (Allocation Failure)
[2025-08-01T02:47:31.955+0000] GC(261) DefNew: 1118528K->48020K(1258304K)
[2025-08-01T02:47:31.955+0000] GC(261) Tenured: 942005K->942005K(2796224K)
[2025-08-01T02:47:31.955+0000] GC(261) Metaspace: 9707K(12544K)->9707K(12544K) NonClass: 8541K(11008K)->8541K(11008K) Class: 1166K(1536K)->1166K(1536K)
[2025-08-01T02:47:31.955+0000] GC(261) Pause Young (Allocation Failure) 2012M->966M(3959M) 32.955ms
[2025-08-01T02:47:31.955+0000] GC(261) User=0.03s Sys=0.00s Real=0.04s
[2025-08-01T02:47:32.186+0000] GC(262) Pause Young (Allocation Failure)
[2025-08-01T02:47:32.900+0000] GC(262) DefNew: 1166548K->139775K(1258304K)
[2025-08-01T02:47:32.900+0000] GC(262) Tenured: 942005K->1958419K(2796224K)
[2025-08-01T02:47:32.900+0000] GC(262) Metaspace: 9707K(12544K)->9707K(12544K) NonClass: 8541K(11008K)->8541K(11008K) Class: 1166K(1536K)->1166K(1536K)
[2025-08-01T02:47:32.900+0000] GC(262) Pause Young (Allocation Failure) 2059M->2049M(3959M) 713.762ms
[2025-08-01T02:47:32.900+0000] GC(262) User=0.72s Sys=0.00s Real=0.71s
[2025-08-01T02:47:33.140+0000] GC(263) Pause Young (Allocation Failure)
[2025-08-01T02:47:33.141+0000] GC(264) Pause Full (Allocation Failure)
[2025-08-01T02:47:33.141+0000] GC(264) Phase 1: Mark live objects
[2025-08-01T02:47:33.224+0000] GC(264) Phase 1: Mark live objects 83.715ms
[2025-08-01T02:47:33.224+0000] GC(264) Phase 2: Compute new object addresses
[2025-08-01T02:47:33.632+0000] GC(264) Phase 2: Compute new object addresses 407.426ms
[2025-08-01T02:47:33.633+0000] GC(264) Phase 3: Adjust pointers
[2025-08-01T02:47:33.701+0000] GC(264) Phase 3: Adjust pointers 67.692ms
[2025-08-01T02:47:33.701+0000] GC(264) Phase 4: Move objects
[2025-08-01T02:47:33.855+0000] GC(264) Phase 4: Move objects 153.339ms
[2025-08-01T02:47:33.856+0000] GC(264) Pause Full (Allocation Failure) 3141M->431M(3959M) 715.681ms
[2025-08-01T02:47:33.856+0000] GC(263) DefNew: 1258303K->0K(1258304K)
[2025-08-01T02:47:33.856+0000] GC(263) Tenured: 1958419K->441464K(2796224K)
[2025-08-01T02:47:33.856+0000] GC(263) Metaspace: 9707K(12544K)->9707K(12544K) NonClass: 8541K(11008K)->8541K(11008K) Class: 1166K(1536K)->1166K(1536K)
[2025-08-01T02:47:33.856+0000] GC(263) Pause Young (Allocation Failure) 3141M->431M(3959M) 715.899ms
[2025-08-01T02:47:33.856+0000] GC(263) User=0.71s Sys=0.00s Real=0.72s
[2025-08-01T02:47:34.079+0000] GC(265) Pause Young (Allocation Failure)
[2025-08-01T02:47:34.755+0000] GC(265) DefNew: 1118528K->139775K(1258304K)
[2025-08-01T02:47:34.755+0000] GC(265) Tenured: 441464K->1409819K(2796224K)
[2025-08-01T02:47:34.755+0000] GC(265) Metaspace: 9707K(12544K)->9707K(12544K) NonClass: 8541K(11008K)->8541K(11008K) Class: 1166K(1536K)->1166K(1536K)
[2025-08-01T02:47:34.755+0000] GC(265) Pause Young (Allocation Failure) 1523M->1513M(3959M) 676.049ms
[2025-08-01T02:47:34.755+0000] GC(265) User=0.67s Sys=0.00s Real=0.68s
[2025-08-01T02:47:34.983+0000] GC(266) Pause Young (Allocation Failure)
[2025-08-01T02:47:35.397+0000] GC(266) DefNew: 1258303K->139775K(1258304K)
[2025-08-01T02:47:35.397+0000] GC(266) Tenured: 1409819K->2062779K(2796224K)
[2025-08-01T02:47:35.397+0000] GC(266) Metaspace: 9707K(12544K)->9707K(12544K) NonClass: 8541K(11008K)->8541K(11008K) Class: 1166K(1536K)->1166K(1536K)
[2025-08-01T02:47:35.397+0000] GC(266) Pause Young (Allocation Failure) 2605M->2150M(3959M) 414.742ms
[2025-08-01T02:47:35.397+0000] GC(266) User=0.41s Sys=0.00s Real=0.42s
[2025-08-01T02:47:35.652+0000] GC(267) Pause Young (Allocation Failure)
[2025-08-01T02:47:35.652+0000] GC(268) Pause Full (Allocation Failure)
[2025-08-01T02:47:35.652+0000] GC(268) Phase 1: Mark live objects
[2025-08-01T02:47:35.671+0000] GC(268) Phase 1: Mark live objects 18.661ms
[2025-08-01T02:47:35.671+0000] GC(268) Phase 2: Compute new object addresses
[2025-08-01T02:47:36.133+0000] GC(268) Phase 2: Compute new object addresses 462.519ms
[2025-08-01T02:47:36.133+0000] GC(268) Phase 3: Adjust pointers
[2025-08-01T02:47:36.151+0000] GC(268) Phase 3: Adjust pointers 17.131ms
[2025-08-01T02:47:36.151+0000] GC(268) Phase 4: Move objects
[2025-08-01T02:47:36.177+0000] GC(268) Phase 4: Move objects 26.216ms
[2025-08-01T02:47:36.178+0000] GC(268) Pause Full (Allocation Failure) 3243M->193M(3959M) 526.362ms
[2025-08-01T02:47:36.178+0000] GC(267) DefNew: 1258303K->0K(1258304K)
[2025-08-01T02:47:36.178+0000] GC(267) Tenured: 2062779K->198450K(2796224K)
[2025-08-01T02:47:36.178+0000] GC(267) Metaspace: 9707K(12544K)->9707K(12544K) NonClass: 8541K(11008K)->8541K(11008K) Class: 1166K(1536K)->1166K(1536K)
[2025-08-01T02:47:36.178+0000] GC(267) Pause Young (Allocation Failure) 3243M->193M(3959M) 526.577ms
[2025-08-01T02:47:36.179+0000] GC(267) User=0.53s Sys=0.00s Real=0.53s
[2025-08-01T02:47:36.424+0000] GC(269) Pause Young (Allocation Failure)
[2025-08-01T02:47:37.142+0000] GC(269) DefNew: 1118528K->139775K(1258304K)
[2025-08-01T02:47:37.142+0000] GC(269) Tenured: 198450K->1171964K(2796224K)
[2025-08-01T02:47:37.142+0000] GC(269) Metaspace: 9707K(12544K)->9707K(12544K) NonClass: 8541K(11008K)->8541K(11008K) Class: 1166K(1536K)->1166K(1536K)
[2025-08-01T02:47:37.142+0000] GC(269) Pause Young (Allocation Failure) 1286M->1280M(3959M) 718.189ms
[2025-08-01T02:47:37.142+0000] GC(269) User=0.72s Sys=0.00s Real=0.71s
[2025-08-01T02:47:37.377+0000] GC(270) Pause Young (Allocation Failure)
[2025-08-01T02:47:37.619+0000] GC(270) DefNew: 1258303K->139775K(1258304K)
[2025-08-01T02:47:37.619+0000] GC(270) Tenured: 1171964K->1460757K(2796224K)
[2025-08-01T02:47:37.619+0000] GC(270) Metaspace: 9707K(12544K)->9707K(12544K) NonClass: 8541K(11008K)->8541K(11008K) Class: 1166K(1536K)->1166K(1536K)
[2025-08-01T02:47:37.619+0000] GC(270) Pause Young (Allocation Failure) 2373M->1563M(3959M) 241.857ms
[2025-08-01T02:47:37.619+0000] GC(270) User=0.24s Sys=0.01s Real=0.24s
[2025-08-01T02:47:37.850+0000] GC(271) Pause Young (Allocation Failure)
[2025-08-01T02:47:38.662+0000] GC(271) DefNew: 1258303K->139775K(1258304K)
[2025-08-01T02:47:38.662+0000] GC(271) Tenured: 1460757K->2573257K(2796224K)
[2025-08-01T02:47:38.662+0000] GC(271) Metaspace: 9707K(12544K)->9707K(12544K) NonClass: 8541K(11008K)->8541K(11008K) Class: 1166K(1536K)->1166K(1536K)
[2025-08-01T02:47:38.662+0000] GC(271) Pause Young (Allocation Failure) 2655M->2649M(3959M) 812.032ms
[2025-08-01T02:47:38.662+0000] GC(271) User=0.81s Sys=0.00s Real=0.81s
[2025-08-01T02:47:38.881+0000] GC(272) Pause Young (Allocation Failure)
[2025-08-01T02:47:38.881+0000] GC(273) Pause Full (Allocation Failure)
[2025-08-01T02:47:38.881+0000] GC(273) Phase 1: Mark live objects
[2025-08-01T02:47:39.021+0000] GC(273) Phase 1: Mark live objects 139.288ms
[2025-08-01T02:47:39.021+0000] GC(273) Phase 2: Compute new object addresses
[2025-08-01T02:47:39.512+0000] GC(273) Phase 2: Compute new object addresses 490.914ms
[2025-08-01T02:47:39.512+0000] GC(273) Phase 3: Adjust pointers
[2025-08-01T02:47:39.641+0000] GC(273) Phase 3: Adjust pointers 128.931ms
[2025-08-01T02:47:39.641+0000] GC(273) Phase 4: Move objects
[2025-08-01T02:47:39.963+0000] GC(273) Phase 4: Move objects 322.242ms
[2025-08-01T02:47:39.964+0000] GC(273) Pause Full (Allocation Failure) 3741M->930M(3959M) 1082.767ms
[2025-08-01T02:47:39.964+0000] GC(272) DefNew: 1258303K->0K(1258304K)
[2025-08-01T02:47:39.964+0000] GC(272) Tenured: 2573257K->953144K(2796224K)
[2025-08-01T02:47:39.964+0000] GC(272) Metaspace: 9707K(12544K)->9707K(12544K) NonClass: 8541K(11008K)->8541K(11008K) Class: 1166K(1536K)->1166K(1536K)
[2025-08-01T02:47:39.964+0000] GC(272) Pause Young (Allocation Failure) 3741M->930M(3959M) 1082.922ms
[2025-08-01T02:47:39.964+0000] GC(272) User=1.09s Sys=0.00s Real=1.09s
[2025-08-01T02:47:40.176+0000] GC(274) Pause Young (Allocation Failure)
[2025-08-01T02:47:40.213+0000] GC(274) DefNew: 1118528K->65251K(1258304K)
[2025-08-01T02:47:40.213+0000] GC(274) Tenured: 953144K->953144K(2796224K)
[2025-08-01T02:47:40.213+0000] GC(274) Metaspace: 9707K(12544K)->9707K(12544K) NonClass: 8541K(11008K)->8541K(11008K) Class: 1166K(1536K)->1166K(1536K)
[2025-08-01T02:47:40.213+0000] GC(274) Pause Young (Allocation Failure) 2023M->994M(3959M) 37.493ms
[2025-08-01T02:47:40.214+0000] GC(274) User=0.03s Sys=0.00s Real=0.04s
[2025-08-01T02:47:40.432+0000] GC(275) Pause Young (Allocation Failure)
[2025-08-01T02:47:41.340+0000] GC(275) DefNew: 1183779K->139775K(1258304K)
[2025-08-01T02:47:41.341+0000] GC(275) Tenured: 953144K->1983966K(2796224K)
[2025-08-01T02:47:41.341+0000] GC(275) Metaspace: 9707K(12544K)->9707K(12544K) NonClass: 8541K(11008K)->8541K(11008K) Class: 1166K(1536K)->1166K(1536K)
[2025-08-01T02:47:41.341+0000] GC(275) Pause Young (Allocation Failure) 2086M->2073M(3959M) 908.518ms
[2025-08-01T02:47:41.341+0000] GC(275) User=0.91s Sys=0.00s Real=0.91s
[2025-08-01T02:47:41.576+0000] GC(276) Pause Young (Allocation Failure)
[2025-08-01T02:47:41.576+0000] GC(277) Pause Full (Allocation Failure)
[2025-08-01T02:47:41.576+0000] GC(277) Phase 1: Mark live objects
[2025-08-01T02:47:41.657+0000] GC(277) Phase 1: Mark live objects 81.049ms
[2025-08-01T02:47:41.657+0000] GC(277) Phase 2: Compute new object addresses
[2025-08-01T02:47:42.220+0000] GC(277) Phase 2: Compute new object addresses 562.701ms
[2025-08-01T02:47:42.220+0000] GC(277) Phase 3: Adjust pointers
[2025-08-01T02:47:42.315+0000] GC(277) Phase 3: Adjust pointers 94.252ms
[2025-08-01T02:47:42.315+0000] GC(277) Phase 4: Move objects
[2025-08-01T02:47:42.550+0000] GC(277) Phase 4: Move objects 235.215ms
[2025-08-01T02:47:42.551+0000] GC(277) Pause Full (Allocation Failure) 3166M->586M(3959M) 975.198ms
[2025-08-01T02:47:42.551+0000] GC(276) DefNew: 1258303K->0K(1258304K)
[2025-08-01T02:47:42.552+0000] GC(276) Tenured: 1983966K->600659K(2796224K)
[2025-08-01T02:47:42.552+0000] GC(276) Metaspace: 9707K(12544K)->9707K(12544K) NonClass: 8541K(11008K)->8541K(11008K) Class: 1166K(1536K)->1166K(1536K)
[2025-08-01T02:47:42.552+0000] GC(276) Pause Young (Allocation Failure) 3166M->586M(3959M) 975.396ms
[2025-08-01T02:47:42.552+0000] GC(276) User=0.97s Sys=0.01s Real=0.97s
[2025-08-01T02:47:42.763+0000] GC(278) Pause Young (Allocation Failure)
[2025-08-01T02:47:43.504+0000] GC(278) DefNew: 1118528K->139775K(1258304K)
[2025-08-01T02:47:43.504+0000] GC(278) Tenured: 600659K->1565538K(2796224K)
[2025-08-01T02:47:43.504+0000] GC(278) Metaspace: 9707K(12544K)->9707K(12544K) NonClass: 8541K(11008K)->8541K(11008K) Class: 1166K(1536K)->1166K(1536K)
[2025-08-01T02:47:43.504+0000] GC(278) Pause Young (Allocation Failure) 1678M->1665M(3959M) 740.717ms
[2025-08-01T02:47:43.504+0000] GC(278) User=0.74s Sys=0.00s Real=0.74s
[2025-08-01T02:47:43.732+0000] GC(279) Pause Young (Allocation Failure)
[2025-08-01T02:47:43.732+0000] GC(280) Pause Full (Allocation Failure)
[2025-08-01T02:47:43.732+0000] GC(280) Phase 1: Mark live objects
[2025-08-01T02:47:43.883+0000] GC(280) Phase 1: Mark live objects 151.331ms
[2025-08-01T02:47:43.883+0000] GC(280) Phase 2: Compute new object addresses
[2025-08-01T02:47:44.353+0000] GC(280) Phase 2: Compute new object addresses 468.999ms
[2025-08-01T02:47:44.353+0000] GC(280) Phase 3: Adjust pointers
[2025-08-01T02:47:44.489+0000] GC(280) Phase 3: Adjust pointers 136.777ms
[2025-08-01T02:47:44.489+0000] GC(280) Phase 4: Move objects
[2025-08-01T02:47:44.806+0000] GC(280) Phase 4: Move objects 316.092ms
[2025-08-01T02:47:44.806+0000] GC(280) Pause Full (Allocation Failure) 2757M->814M(3959M) 1074.582ms
[2025-08-01T02:47:44.806+0000] GC(279) DefNew: 1258303K->0K(1258304K)
[2025-08-01T02:47:44.806+0000] GC(279) Tenured: 1565538K->834268K(2796224K)
[2025-08-01T02:47:44.806+0000] GC(279) Metaspace: 9707K(12544K)->9707K(12544K) NonClass: 8541K(11008K)->8541K(11008K) Class: 1166K(1536K)->1166K(1536K)
[2025-08-01T02:47:44.807+0000] GC(279) Pause Young (Allocation Failure) 2757M->814M(3959M) 1074.820ms
[2025-08-01T02:47:44.807+0000] GC(279) User=1.07s Sys=0.00s Real=1.08s
[2025-08-01T02:47:45.020+0000] GC(281) Pause Young (Allocation Failure)
[2025-08-01T02:47:45.080+0000] GC(281) DefNew: 1118528K->68756K(1258304K)
[2025-08-01T02:47:45.080+0000] GC(281) Tenured: 834268K->834268K(2796224K)
[2025-08-01T02:47:45.080+0000] GC(281) Metaspace: 9707K(12544K)->9707K(12544K) NonClass: 8541K(11008K)->8541K(11008K) Class: 1166K(1536K)->1166K(1536K)
[2025-08-01T02:47:45.080+0000] GC(281) Pause Young (Allocation Failure) 1907M->881M(3959M) 60.240ms
[2025-08-01T02:47:45.080+0000] GC(281) User=0.06s Sys=0.00s Real=0.06s
[2025-08-01T02:47:45.308+0000] GC(282) Pause Young (Allocation Failure)
[2025-08-01T02:47:46.123+0000] GC(282) DefNew: 1187284K->139775K(1258304K)
[2025-08-01T02:47:46.123+0000] GC(282) Tenured: 834268K->1879094K(2796224K)
[2025-08-01T02:47:46.123+0000] GC(282) Metaspace: 9707K(12544K)->9707K(12544K) NonClass: 8541K(11008K)->8541K(11008K) Class: 1166K(1536K)->1166K(1536K)
[2025-08-01T02:47:46.123+0000] GC(282) Pause Young (Allocation Failure) 1974M->1971M(3959M) 815.122ms
[2025-08-01T02:47:46.123+0000] GC(282) User=0.81s Sys=0.00s Real=0.82s
[2025-08-01T02:47:46.346+0000] GC(283) Pause Young (Allocation Failure)
[2025-08-01T02:47:46.346+0000] GC(284) Pause Full (Allocation Failure)
[2025-08-01T02:47:46.346+0000] GC(284) Phase 1: Mark live objects
[2025-08-01T02:47:46.432+0000] GC(284) Phase 1: Mark live objects 86.156ms
[2025-08-01T02:47:46.432+0000] GC(284) Phase 2: Compute new object addresses
[2025-08-01T02:47:47.004+0000] GC(284) Phase 2: Compute new object addresses 571.548ms
[2025-08-01T02:47:47.004+0000] GC(284) Phase 3: Adjust pointers
[2025-08-01T02:47:47.086+0000] GC(284) Phase 3: Adjust pointers 82.069ms
[2025-08-01T02:47:47.086+0000] GC(284) Phase 4: Move objects
[2025-08-01T02:47:47.310+0000] GC(284) Phase 4: Move objects 223.261ms
[2025-08-01T02:47:47.311+0000] GC(284) Pause Full (Allocation Failure) 3063M->552M(3959M) 964.922ms
[2025-08-01T02:47:47.311+0000] GC(283) DefNew: 1258303K->0K(1258304K)
[2025-08-01T02:47:47.311+0000] GC(283) Tenured: 1879094K->565314K(2796224K)
[2025-08-01T02:47:47.311+0000] GC(283) Metaspace: 9707K(12544K)->9707K(12544K) NonClass: 8541K(11008K)->8541K(11008K) Class: 1166K(1536K)->1166K(1536K)
[2025-08-01T02:47:47.311+0000] GC(283) Pause Young (Allocation Failure) 3063M->552M(3959M) 965.131ms
[2025-08-01T02:47:47.311+0000] GC(283) User=0.96s Sys=0.00s Real=0.96s
[2025-08-01T02:47:47.534+0000] GC(285) Pause Young (Allocation Failure)
[2025-08-01T02:47:48.322+0000] GC(285) DefNew: 1118528K->139776K(1258304K)
[2025-08-01T02:47:48.322+0000] GC(285) Tenured: 565314K->1541404K(2796224K)
[2025-08-01T02:47:48.322+0000] GC(285) Metaspace: 9707K(12544K)->9707K(12544K) NonClass: 8541K(11008K)->8541K(11008K) Class: 1166K(1536K)->1166K(1536K)
[2025-08-01T02:47:48.322+0000] GC(285) Pause Young (Allocation Failure) 1644M->1641M(3959M) 787.229ms
[2025-08-01T02:47:48.322+0000] GC(285) User=0.79s Sys=0.00s Real=0.78s
[2025-08-01T02:47:48.552+0000] GC(286) Pause Young (Allocation Failure)
[2025-08-01T02:47:48.552+0000] GC(287) Pause Full (Allocation Failure)
[2025-08-01T02:47:48.552+0000] GC(287) Phase 1: Mark live objects
[2025-08-01T02:47:48.722+0000] GC(287) Phase 1: Mark live objects 170.542ms
[2025-08-01T02:47:48.722+0000] GC(287) Phase 2: Compute new object addresses
[2025-08-01T02:47:49.131+0000] GC(287) Phase 2: Compute new object addresses 408.193ms
[2025-08-01T02:47:49.131+0000] GC(287) Phase 3: Adjust pointers
[2025-08-01T02:47:49.257+0000] GC(287) Phase 3: Adjust pointers 126.036ms
[2025-08-01T02:47:49.257+0000] GC(287) Phase 4: Move objects
[2025-08-01T02:47:49.569+0000] GC(287) Phase 4: Move objects 312.215ms
[2025-08-01T02:47:49.571+0000] GC(287) Pause Full (Allocation Failure) 2734M->927M(3959M) 1018.780ms
[2025-08-01T02:47:49.571+0000] GC(286) DefNew: 1258304K->0K(1258304K)
[2025-08-01T02:47:49.571+0000] GC(286) Tenured: 1541404K->950252K(2796224K)
[2025-08-01T02:47:49.571+0000] GC(286) Metaspace: 9707K(12544K)->9707K(12544K) NonClass: 8541K(11008K)->8541K(11008K) Class: 1166K(1536K)->1166K(1536K)
[2025-08-01T02:47:49.571+0000] GC(286) Pause Young (Allocation Failure) 2734M->927M(3959M) 1018.952ms
[2025-08-01T02:47:49.571+0000] GC(286) User=1.02s Sys=0.00s Real=1.02s
[2025-08-01T02:47:49.788+0000] GC(288) Pause Young (Allocation Failure)
[2025-08-01T02:47:49.835+0000] GC(288) DefNew: 1118528K->81453K(1258304K)
[2025-08-01T02:47:49.835+0000] GC(288) Tenured: 950252K->950252K(2796224K)
[2025-08-01T02:47:49.835+0000] GC(288) Metaspace: 9707K(12544K)->9707K(12544K) NonClass: 8541K(11008K)->8541K(11008K) Class: 1166K(1536K)->1166K(1536K)
[2025-08-01T02:47:49.835+0000] GC(288) Pause Young (Allocation Failure) 2020M->1007M(3959M) 46.610ms
[2025-08-01T02:47:49.835+0000] GC(288) User=0.05s Sys=0.00s Real=0.05s
[2025-08-01T02:47:50.047+0000] GC(289) Pause Young (Allocation Failure)
[2025-08-01T02:47:50.915+0000] GC(289) DefNew: 1199981K->139775K(1258304K)
[2025-08-01T02:47:50.915+0000] GC(289) Tenured: 950252K->1996205K(2796224K)
[2025-08-01T02:47:50.915+0000] GC(289) Metaspace: 9707K(12544K)->9707K(12544K) NonClass: 8541K(11008K)->8541K(11008K) Class: 1166K(1536K)->1166K(1536K)
[2025-08-01T02:47:50.915+0000] GC(289) Pause Young (Allocation Failure) 2099M->2085M(3959M) 867.643ms
[2025-08-01T02:47:50.915+0000] GC(289) User=0.87s Sys=0.00s Real=0.87s
[2025-08-01T02:47:51.135+0000] GC(290) Pause Young (Allocation Failure)
[2025-08-01T02:47:51.135+0000] GC(291) Pause Full (Allocation Failure)
[2025-08-01T02:47:51.135+0000] GC(291) Phase 1: Mark live objects
[2025-08-01T02:47:51.222+0000] GC(291) Phase 1: Mark live objects 86.178ms
[2025-08-01T02:47:51.222+0000] GC(291) Phase 2: Compute new object addresses
[2025-08-01T02:47:51.799+0000] GC(291) Phase 2: Compute new object addresses 577.718ms
[2025-08-01T02:47:51.799+0000] GC(291) Phase 3: Adjust pointers
[2025-08-01T02:47:51.890+0000] GC(291) Phase 3: Adjust pointers 90.922ms
[2025-08-01T02:47:51.890+0000] GC(291) Phase 4: Move objects
[2025-08-01T02:47:52.076+0000] GC(291) Phase 4: Move objects 185.894ms
[2025-08-01T02:47:52.078+0000] GC(291) Pause Full (Allocation Failure) 3178M->584M(3959M) 942.250ms
[2025-08-01T02:47:52.078+0000] GC(290) DefNew: 1258303K->0K(1258304K)
[2025-08-01T02:47:52.078+0000] GC(290) Tenured: 1996205K->598664K(2796224K)
[2025-08-01T02:47:52.078+0000] GC(290) Metaspace: 9707K(12544K)->9707K(12544K) NonClass: 8541K(11008K)->8541K(11008K) Class: 1166K(1536K)->1166K(1536K)
[2025-08-01T02:47:52.078+0000] GC(290) Pause Young (Allocation Failure) 3178M->584M(3959M) 942.683ms
[2025-08-01T02:47:52.078+0000] GC(290) User=0.94s Sys=0.00s Real=0.94s
[2025-08-01T02:47:52.309+0000] GC(292) Pause Young (Allocation Failure)
[2025-08-01T02:47:52.990+0000] GC(292) DefNew: 1118528K->139775K(1258304K)
[2025-08-01T02:47:52.990+0000] GC(292) Tenured: 598664K->1563143K(2796224K)
[2025-08-01T02:47:52.990+0000] GC(292) Metaspace: 9707K(12544K)->9707K(12544K) NonClass: 8541K(11008K)->8541K(11008K) Class: 1166K(1536K)->1166K(1536K)
[2025-08-01T02:47:52.990+0000] GC(292) Pause Young (Allocation Failure) 1676M->1663M(3959M) 681.049ms
[2025-08-01T02:47:52.990+0000] GC(292) User=0.68s Sys=0.00s Real=0.68s
[2025-08-01T02:47:53.202+0000] GC(293) Pause Young (Allocation Failure)
[2025-08-01T02:47:53.202+0000] GC(294) Pause Full (Allocation Failure)
[2025-08-01T02:47:53.202+0000] GC(294) Phase 1: Mark live objects
[2025-08-01T02:47:53.349+0000] GC(294) Phase 1: Mark live objects 147.010ms
[2025-08-01T02:47:53.349+0000] GC(294) Phase 2: Compute new object addresses
[2025-08-01T02:47:53.776+0000] GC(294) Phase 2: Compute new object addresses 426.568ms
[2025-08-01T02:47:53.776+0000] GC(294) Phase 3: Adjust pointers
[2025-08-01T02:47:53.907+0000] GC(294) Phase 3: Adjust pointers 131.494ms
[2025-08-01T02:47:53.907+0000] GC(294) Phase 4: Move objects
[2025-08-01T02:47:54.228+0000] GC(294) Phase 4: Move objects 320.544ms
[2025-08-01T02:47:54.229+0000] GC(294) Pause Full (Allocation Failure) 2755M->829M(3959M) 1027.062ms
[2025-08-01T02:47:54.229+0000] GC(293) DefNew: 1258303K->0K(1258304K)
[2025-08-01T02:47:54.229+0000] GC(293) Tenured: 1563143K->848930K(2796224K)
[2025-08-01T02:47:54.229+0000] GC(293) Metaspace: 9707K(12544K)->9707K(12544K) NonClass: 8541K(11008K)->8541K(11008K) Class: 1166K(1536K)->1166K(1536K)
[2025-08-01T02:47:54.229+0000] GC(293) Pause Young (Allocation Failure) 2755M->829M(3959M) 1027.377ms
[2025-08-01T02:47:54.229+0000] GC(293) User=1.02s Sys=0.00s Real=1.03s
[2025-08-01T02:47:54.444+0000] GC(295) Pause Young (Allocation Failure)
[2025-08-01T02:47:54.492+0000] GC(295) DefNew: 1118528K->82655K(1258304K)
[2025-08-01T02:47:54.492+0000] GC(295) Tenured: 848930K->848930K(2796224K)
[2025-08-01T02:47:54.492+0000] GC(295) Metaspace: 9707K(12544K)->9707K(12544K) NonClass: 8541K(11008K)->8541K(11008K) Class: 1166K(1536K)->1166K(1536K)
[2025-08-01T02:47:54.492+0000] GC(295) Pause Young (Allocation Failure) 1921M->909M(3959M) 47.738ms
[2025-08-01T02:47:54.492+0000] GC(295) User=0.04s Sys=0.00s Real=0.04s
[2025-08-01T02:47:54.710+0000] GC(296) Pause Young (Allocation Failure)
[2025-08-01T02:47:55.460+0000] GC(296) DefNew: 1201183K->139775K(1258304K)
[2025-08-01T02:47:55.460+0000] GC(296) Tenured: 848930K->1907697K(2796224K)
[2025-08-01T02:47:55.460+0000] GC(296) Metaspace: 9707K(12544K)->9707K(12544K) NonClass: 8541K(11008K)->8541K(11008K) Class: 1166K(1536K)->1166K(1536K)
[2025-08-01T02:47:55.460+0000] GC(296) Pause Young (Allocation Failure) 2002M->1999M(3959M) 749.389ms
[2025-08-01T02:47:55.460+0000] GC(296) User=0.75s Sys=0.00s Real=0.75s
[2025-08-01T02:47:55.670+0000] GC(297) Pause Young (Allocation Failure)
[2025-08-01T02:47:55.671+0000] GC(298) Pause Full (Allocation Failure)
[2025-08-01T02:47:55.671+0000] GC(298) Phase 1: Mark live objects
[2025-08-01T02:47:55.761+0000] GC(298) Phase 1: Mark live objects 89.962ms
[2025-08-01T02:47:55.761+0000] GC(298) Phase 2: Compute new object addresses
[2025-08-01T02:47:56.227+0000] GC(298) Phase 2: Compute new object addresses 466.163ms
[2025-08-01T02:47:56.227+0000] GC(298) Phase 3: Adjust pointers
[2025-08-01T02:47:56.301+0000] GC(298) Phase 3: Adjust pointers 74.382ms
[2025-08-01T02:47:56.302+0000] GC(298) Phase 4: Move objects
[2025-08-01T02:47:56.480+0000] GC(298) Phase 4: Move objects 178.818ms
[2025-08-01T02:47:56.482+0000] GC(298) Pause Full (Allocation Failure) 3091M->563M(3959M) 810.962ms
[2025-08-01T02:47:56.482+0000] GC(297) DefNew: 1258303K->0K(1258304K)
[2025-08-01T02:47:56.482+0000] GC(297) Tenured: 1907697K->577177K(2796224K)
[2025-08-01T02:47:56.482+0000] GC(297) Metaspace: 9707K(12544K)->9707K(12544K) NonClass: 8541K(11008K)->8541K(11008K) Class: 1166K(1536K)->1166K(1536K)
[2025-08-01T02:47:56.482+0000] GC(297) Pause Young (Allocation Failure) 3091M->563M(3959M) 811.168ms
[2025-08-01T02:47:56.482+0000] GC(297) User=0.81s Sys=0.00s Real=0.81s
[2025-08-01T02:47:56.698+0000] GC(299) Pause Young (Allocation Failure)
[2025-08-01T02:47:57.212+0000] GC(299) DefNew: 1118528K->139776K(1258304K)
[2025-08-01T02:47:57.212+0000] GC(299) Tenured: 577177K->1268922K(2796224K)
[2025-08-01T02:47:57.212+0000] GC(299) Metaspace: 9707K(12544K)->9707K(12544K) NonClass: 8541K(11008K)->8541K(11008K) Class: 1166K(1536K)->1166K(1536K)
[2025-08-01T02:47:57.212+0000] GC(299) Pause Young (Allocation Failure) 1655M->1375M(3959M) 513.470ms
[2025-08-01T02:47:57.212+0000] GC(299) User=0.51s Sys=0.00s Real=0.51s
[2025-08-01T02:47:57.429+0000] GC(300) Pause Young (Allocation Failure)
[2025-08-01T02:47:57.932+0000] GC(300) DefNew: 1258304K->139775K(1258304K)
[2025-08-01T02:47:57.932+0000] GC(300) Tenured: 1268922K->1956297K(2796224K)
[2025-08-01T02:47:57.932+0000] GC(300) Metaspace: 9707K(12544K)->9707K(12544K) NonClass: 8541K(11008K)->8541K(11008K) Class: 1166K(1536K)->1166K(1536K)
[2025-08-01T02:47:57.932+0000] GC(300) Pause Young (Allocation Failure) 2467M->2046M(3959M) 502.725ms
[2025-08-01T02:47:57.932+0000] GC(300) User=0.51s Sys=0.00s Real=0.50s
[2025-08-01T02:47:58.204+0000] GC(301) Pause Young (Allocation Failure)
[2025-08-01T02:47:58.204+0000] GC(302) Pause Full (Allocation Failure)
[2025-08-01T02:47:58.204+0000] GC(302) Phase 1: Mark live objects
[2025-08-01T02:47:58.231+0000] GC(302) Phase 1: Mark live objects 26.821ms
[2025-08-01T02:47:58.231+0000] GC(302) Phase 2: Compute new object addresses
[2025-08-01T02:47:58.805+0000] GC(302) Phase 2: Compute new object addresses 574.376ms
[2025-08-01T02:47:58.805+0000] GC(302) Phase 3: Adjust pointers
[2025-08-01T02:47:58.832+0000] GC(302) Phase 3: Adjust pointers 26.862ms
[2025-08-01T02:47:58.832+0000] GC(302) Phase 4: Move objects
[2025-08-01T02:47:58.883+0000] GC(302) Phase 4: Move objects 50.566ms
[2025-08-01T02:47:58.884+0000] GC(302) Pause Full (Allocation Failure) 3139M->222M(3959M) 680.406ms
[2025-08-01T02:47:58.884+0000] GC(301) DefNew: 1258303K->0K(1258304K)
[2025-08-01T02:47:58.884+0000] GC(301) Tenured: 1956297K->227455K(2796224K)
[2025-08-01T02:47:58.884+0000] GC(301) Metaspace: 9707K(12544K)->9707K(12544K) NonClass: 8541K(11008K)->8541K(11008K) Class: 1166K(1536K)->1166K(1536K)
[2025-08-01T02:47:58.884+0000] GC(301) Pause Young (Allocation Failure) 3139M->222M(3959M) 680.637ms
[2025-08-01T02:47:58.884+0000] GC(301) User=0.68s Sys=0.00s Real=0.68s
[2025-08-01T02:47:59.165+0000] GC(303) Pause Young (Allocation Failure)
[2025-08-01T02:47:59.886+0000] GC(303) DefNew: 1118528K->139776K(1258304K)
[2025-08-01T02:47:59.886+0000] GC(303) Tenured: 227455K->1199125K(2796224K)
[2025-08-01T02:47:59.886+0000] GC(303) Metaspace: 9707K(12544K)->9707K(12544K) NonClass: 8541K(11008K)->8541K(11008K) Class: 1166K(1536K)->1166K(1536K)
[2025-08-01T02:47:59.886+0000] GC(303) Pause Young (Allocation Failure) 1314M->1307M(3959M) 721.476ms
[2025-08-01T02:47:59.886+0000] GC(303) User=0.73s Sys=0.00s Real=0.72s
[2025-08-01T02:48:00.164+0000] GC(304) Pause Young (Allocation Failure)
[2025-08-01T02:48:00.454+0000] GC(304) DefNew: 1258304K->139776K(1258304K)
[2025-08-01T02:48:00.454+0000] GC(304) Tenured: 1199125K->1526010K(2796224K)
[2025-08-01T02:48:00.454+0000] GC(304) Metaspace: 9707K(12544K)->9707K(12544K) NonClass: 8541K(11008K)->8541K(11008K) Class: 1166K(1536K)->1166K(1536K)
[2025-08-01T02:48:00.454+0000] GC(304) Pause Young (Allocation Failure) 2399M->1626M(3959M) 289.887ms
[2025-08-01T02:48:00.454+0000] GC(304) User=0.29s Sys=0.00s Real=0.29s
[2025-08-01T02:48:00.716+0000] GC(305) Pause Young (Allocation Failure)
[2025-08-01T02:48:01.301+0000] GC(305) DefNew: 1258304K->139775K(1258304K)
[2025-08-01T02:48:01.301+0000] GC(305) Tenured: 1526010K->2305046K(2796224K)
[2025-08-01T02:48:01.301+0000] GC(305) Metaspace: 9707K(12544K)->9707K(12544K) NonClass: 8541K(11008K)->8541K(11008K) Class: 1166K(1536K)->1166K(1536K)
[2025-08-01T02:48:01.301+0000] GC(305) Pause Young (Allocation Failure) 2719M->2387M(3959M) 585.167ms
[2025-08-01T02:48:01.301+0000] GC(305) User=0.59s Sys=0.00s Real=0.58s
[2025-08-01T02:48:01.564+0000] GC(306) Pause Young (Allocation Failure)
[2025-08-01T02:48:01.564+0000] GC(307) Pause Full (Allocation Failure)
[2025-08-01T02:48:01.564+0000] GC(307) Phase 1: Mark live objects
[2025-08-01T02:48:01.728+0000] GC(307) Phase 1: Mark live objects 164.437ms
[2025-08-01T02:48:01.728+0000] GC(307) Phase 2: Compute new object addresses
[2025-08-01T02:48:02.180+0000] GC(307) Phase 2: Compute new object addresses 451.421ms
[2025-08-01T02:48:02.180+0000] GC(307) Phase 3: Adjust pointers
[2025-08-01T02:48:02.305+0000] GC(307) Phase 3: Adjust pointers 124.935ms
[2025-08-01T02:48:02.305+0000] GC(307) Phase 4: Move objects
[2025-08-01T02:48:02.625+0000] GC(307) Phase 4: Move objects 320.119ms
[2025-08-01T02:48:02.626+0000] GC(307) Pause Full (Allocation Failure) 3479M->959M(3959M) 1062.670ms
[2025-08-01T02:48:02.626+0000] GC(306) DefNew: 1258303K->0K(1258304K)
[2025-08-01T02:48:02.626+0000] GC(306) Tenured: 2305046K->982984K(2796224K)
[2025-08-01T02:48:02.627+0000] GC(306) Metaspace: 9707K(12544K)->9707K(12544K) NonClass: 8541K(11008K)->8541K(11008K) Class: 1166K(1536K)->1166K(1536K)
[2025-08-01T02:48:02.627+0000] GC(306) Pause Young (Allocation Failure) 3479M->959M(3959M) 1062.874ms
[2025-08-01T02:48:02.627+0000] GC(306) User=1.07s Sys=0.00s Real=1.06s
[2025-08-01T02:48:02.880+0000] GC(308) Pause Young (Allocation Failure)
[2025-08-01T02:48:02.937+0000] GC(308) DefNew: 1118528K->99907K(1258304K)
[2025-08-01T02:48:02.937+0000] GC(308) Tenured: 982984K->982984K(2796224K)
[2025-08-01T02:48:02.937+0000] GC(308) Metaspace: 9707K(12544K)->9707K(12544K) NonClass: 8541K(11008K)->8541K(11008K) Class: 1166K(1536K)->1166K(1536K)
[2025-08-01T02:48:02.937+0000] GC(308) Pause Young (Allocation Failure) 2052M->1057M(3959M) 57.799ms
[2025-08-01T02:48:02.937+0000] GC(308) User=0.06s Sys=0.00s Real=0.06s
[2025-08-01T02:48:03.213+0000] GC(309) Pause Young (Allocation Failure)
[2025-08-01T02:48:04.081+0000] GC(309) DefNew: 1218435K->139775K(1258304K)
[2025-08-01T02:48:04.081+0000] GC(309) Tenured: 982984K->2053758K(2796224K)
[2025-08-01T02:48:04.081+0000] GC(309) Metaspace: 9707K(12544K)->9707K(12544K) NonClass: 8541K(11008K)->8541K(11008K) Class: 1166K(1536K)->1166K(1536K)
[2025-08-01T02:48:04.081+0000] GC(309) Pause Young (Allocation Failure) 2149M->2142M(3959M) 868.152ms
[2025-08-01T02:48:04.081+0000] GC(309) User=0.87s Sys=0.01s Real=0.87s
[2025-08-01T02:48:04.369+0000] GC(310) Pause Young (Allocation Failure)
[2025-08-01T02:48:04.369+0000] GC(311) Pause Full (Allocation Failure)
[2025-08-01T02:48:04.369+0000] GC(311) Phase 1: Mark live objects
[2025-08-01T02:48:04.468+0000] GC(311) Phase 1: Mark live objects 98.261ms
[2025-08-01T02:48:04.468+0000] GC(311) Phase 2: Compute new object addresses
[2025-08-01T02:48:04.973+0000] GC(311) Phase 2: Compute new object addresses 505.787ms
[2025-08-01T02:48:04.973+0000] GC(311) Phase 3: Adjust pointers
[2025-08-01T02:48:05.038+0000] GC(311) Phase 3: Adjust pointers 64.211ms
[2025-08-01T02:48:05.038+0000] GC(311) Phase 4: Move objects
[2025-08-01T02:48:05.269+0000] GC(311) Phase 4: Move objects 231.457ms
[2025-08-01T02:48:05.270+0000] GC(311) Pause Full (Allocation Failure) 3234M->487M(3959M) 901.251ms
[2025-08-01T02:48:05.270+0000] GC(310) DefNew: 1258303K->0K(1258304K)
[2025-08-01T02:48:05.270+0000] GC(310) Tenured: 2053758K->499356K(2796224K)
[2025-08-01T02:48:05.270+0000] GC(310) Metaspace: 9707K(12544K)->9707K(12544K) NonClass: 8541K(11008K)->8541K(11008K) Class: 1166K(1536K)->1166K(1536K)
[2025-08-01T02:48:05.271+0000] GC(310) Pause Young (Allocation Failure) 3234M->487M(3959M) 901.472ms
[2025-08-01T02:48:05.271+0000] GC(310) User=0.91s Sys=0.00s Real=0.90s
[2025-08-01T02:48:05.541+0000] GC(312) Pause Young (Allocation Failure)
[2025-08-01T02:48:06.147+0000] GC(312) DefNew: 1118528K->139775K(1258304K)
[2025-08-01T02:48:06.147+0000] GC(312) Tenured: 499356K->1201641K(2796224K)
[2025-08-01T02:48:06.147+0000] GC(312) Metaspace: 9707K(12544K)->9707K(12544K) NonClass: 8541K(11008K)->8541K(11008K) Class: 1166K(1536K)->1166K(1536K)
[2025-08-01T02:48:06.147+0000] GC(312) Pause Young (Allocation Failure) 1579M->1309M(3959M) 606.241ms
[2025-08-01T02:48:06.147+0000] GC(312) User=0.61s Sys=0.00s Real=0.61s
[2025-08-01T02:48:06.430+0000] GC(313) Pause Young (Allocation Failure)
[2025-08-01T02:48:07.037+0000] GC(313) DefNew: 1258303K->139775K(1258304K)
[2025-08-01T02:48:07.038+0000] GC(313) Tenured: 1201641K->1907816K(2796224K)
[2025-08-01T02:48:07.038+0000] GC(313) Metaspace: 9707K(12544K)->9707K(12544K) NonClass: 8541K(11008K)->8541K(11008K) Class: 1166K(1536K)->1166K(1536K)
[2025-08-01T02:48:07.039+0000] GC(313) Pause Young (Allocation Failure) 2402M->1999M(3959M) 608.295ms
[2025-08-01T02:48:07.039+0000] GC(313) User=0.61s Sys=0.01s Real=0.61s
[2025-08-01T02:48:07.321+0000] GC(314) Pause Young (Allocation Failure)
[2025-08-01T02:48:07.321+0000] GC(315) Pause Full (Allocation Failure)
[2025-08-01T02:48:07.321+0000] GC(315) Phase 1: Mark live objects
[2025-08-01T02:48:07.351+0000] GC(315) Phase 1: Mark live objects 29.614ms
[2025-08-01T02:48:07.351+0000] GC(315) Phase 2: Compute new object addresses
[2025-08-01T02:48:07.814+0000] GC(315) Phase 2: Compute new object addresses 462.473ms
[2025-08-01T02:48:07.814+0000] GC(315) Phase 3: Adjust pointers
[2025-08-01T02:48:07.838+0000] GC(315) Phase 3: Adjust pointers 24.540ms
[2025-08-01T02:48:07.838+0000] GC(315) Phase 4: Move objects
[2025-08-01T02:48:07.879+0000] GC(315) Phase 4: Move objects 41.200ms
[2025-08-01T02:48:07.881+0000] GC(315) Pause Full (Allocation Failure) 3091M->242M(3959M) 559.481ms
[2025-08-01T02:48:07.881+0000] GC(314) DefNew: 1258303K->0K(1258304K)
[2025-08-01T02:48:07.881+0000] GC(314) Tenured: 1907816K->248185K(2796224K)
[2025-08-01T02:48:07.881+0000] GC(314) Metaspace: 9707K(12544K)->9707K(12544K) NonClass: 8541K(11008K)->8541K(11008K) Class: 1166K(1536K)->1166K(1536K)
[2025-08-01T02:48:07.881+0000] GC(314) Pause Young (Allocation Failure) 3091M->242M(3959M) 559.688ms
[2025-08-01T02:48:07.881+0000] GC(314) User=0.56s Sys=0.00s Real=0.56s
[2025-08-01T02:48:08.129+0000] GC(316) Pause Young (Allocation Failure)
[2025-08-01T02:48:08.924+0000] GC(316) DefNew: 1118528K->139775K(1258304K)
[2025-08-01T02:48:08.924+0000] GC(316) Tenured: 248185K->1212186K(2796224K)
[2025-08-01T02:48:08.924+0000] GC(316) Metaspace: 9707K(12544K)->9707K(12544K) NonClass: 8541K(11008K)->8541K(11008K) Class: 1166K(1536K)->1166K(1536K)
[2025-08-01T02:48:08.924+0000] GC(316) Pause Young (Allocation Failure) 1334M->1320M(3959M) 794.676ms
[2025-08-01T02:48:08.924+0000] GC(316) User=0.80s Sys=0.00s Real=0.80s
[2025-08-01T02:48:09.198+0000] GC(317) Pause Young (Allocation Failure)
[2025-08-01T02:48:09.514+0000] GC(317) DefNew: 1258303K->139775K(1258304K)
[2025-08-01T02:48:09.514+0000] GC(317) Tenured: 1212186K->1543790K(2796224K)
[2025-08-01T02:48:09.514+0000] GC(317) Metaspace: 9707K(12544K)->9707K(12544K) NonClass: 8541K(11008K)->8541K(11008K) Class: 1166K(1536K)->1166K(1536K)
[2025-08-01T02:48:09.514+0000] GC(317) Pause Young (Allocation Failure) 2412M->1644M(3959M) 316.451ms
[2025-08-01T02:48:09.514+0000] GC(317) User=0.32s Sys=0.00s Real=0.32s
[2025-08-01T02:48:09.777+0000] GC(318) Pause Young (Allocation Failure)
[2025-08-01T02:48:09.777+0000] GC(319) Pause Full (Allocation Failure)
[2025-08-01T02:48:09.777+0000] GC(319) Phase 1: Mark live objects
[2025-08-01T02:48:09.988+0000] GC(319) Phase 1: Mark live objects 210.668ms
[2025-08-01T02:48:09.988+0000] GC(319) Phase 2: Compute new object addresses
[2025-08-01T02:48:10.439+0000] GC(319) Phase 2: Compute new object addresses 451.045ms
[2025-08-01T02:48:10.439+0000] GC(319) Phase 3: Adjust pointers
[2025-08-01T02:48:10.616+0000] GC(319) Phase 3: Adjust pointers 176.234ms
[2025-08-01T02:48:10.616+0000] GC(319) Phase 4: Move objects
[2025-08-01T02:48:11.093+0000] GC(319) Phase 4: Move objects 476.998ms
[2025-08-01T02:48:11.094+0000] GC(319) Pause Full (Allocation Failure) 2736M->1256M(3959M) 1316.312ms
[2025-08-01T02:48:11.094+0000] GC(318) DefNew: 1258303K->0K(1258304K)
[2025-08-01T02:48:11.094+0000] GC(318) Tenured: 1543790K->1286458K(2796224K)
[2025-08-01T02:48:11.094+0000] GC(318) Metaspace: 9707K(12544K)->9707K(12544K) NonClass: 8541K(11008K)->8541K(11008K) Class: 1166K(1536K)->1166K(1536K)
[2025-08-01T02:48:11.094+0000] GC(318) Pause Young (Allocation Failure) 2736M->1256M(3959M) 1316.497ms
[2025-08-01T02:48:11.094+0000] GC(318) User=1.31s Sys=0.00s Real=1.32s
[2025-08-01T02:48:11.370+0000] GC(320) Pause Young (Allocation Failure)
[2025-08-01T02:48:11.955+0000] GC(320) DefNew: 1118528K->139776K(1258304K)
[2025-08-01T02:48:11.955+0000] GC(320) Tenured: 1286458K->1993158K(2796224K)
[2025-08-01T02:48:11.955+0000] GC(320) Metaspace: 9707K(12544K)->9707K(12544K) NonClass: 8541K(11008K)->8541K(11008K) Class: 1166K(1536K)->1166K(1536K)
[2025-08-01T02:48:11.955+0000] GC(320) Pause Young (Allocation Failure) 2348M->2082M(3959M) 584.498ms
[2025-08-01T02:48:11.955+0000] GC(320) User=0.59s Sys=0.00s Real=0.59s
[2025-08-01T02:48:12.191+0000] GC(321) Pause Young (Allocation Failure)
[2025-08-01T02:48:12.191+0000] GC(322) Pause Full (Allocation Failure)
[2025-08-01T02:48:12.191+0000] GC(322) Phase 1: Mark live objects
[2025-08-01T02:48:12.221+0000] GC(322) Phase 1: Mark live objects 29.842ms
[2025-08-01T02:48:12.221+0000] GC(322) Phase 2: Compute new object addresses
[2025-08-01T02:48:12.690+0000] GC(322) Phase 2: Compute new object addresses 468.871ms
[2025-08-01T02:48:12.690+0000] GC(322) Phase 3: Adjust pointers
[2025-08-01T02:48:12.714+0000] GC(322) Phase 3: Adjust pointers 23.111ms
[2025-08-01T02:48:12.714+0000] GC(322) Phase 4: Move objects
[2025-08-01T02:48:12.757+0000] GC(322) Phase 4: Move objects 43.681ms
[2025-08-01T02:48:12.759+0000] GC(322) Pause Full (Allocation Failure) 3175M->268M(3959M) 567.266ms
[2025-08-01T02:48:12.759+0000] GC(321) DefNew: 1258304K->0K(1258304K)
[2025-08-01T02:48:12.759+0000] GC(321) Tenured: 1993158K->275149K(2796224K)
[2025-08-01T02:48:12.759+0000] GC(321) Metaspace: 9707K(12544K)->9707K(12544K) NonClass: 8541K(11008K)->8541K(11008K) Class: 1166K(1536K)->1166K(1536K)
[2025-08-01T02:48:12.759+0000] GC(321) Pause Young (Allocation Failure) 3175M->268M(3959M) 567.496ms
[2025-08-01T02:48:12.759+0000] GC(321) User=0.57s Sys=0.00s Real=0.57s
[2025-08-01T02:48:13.002+0000] GC(323) Pause Young (Allocation Failure)
[2025-08-01T02:48:13.766+0000] GC(323) DefNew: 1118528K->139775K(1258304K)
[2025-08-01T02:48:13.766+0000] GC(323) Tenured: 275149K->1245194K(2796224K)
[2025-08-01T02:48:13.766+0000] GC(323) Metaspace: 9707K(12544K)->9707K(12544K) NonClass: 8541K(11008K)->8541K(11008K) Class: 1166K(1536K)->1166K(1536K)
[2025-08-01T02:48:13.766+0000] GC(323) Pause Young (Allocation Failure) 1361M->1352M(3959M) 764.281ms
[2025-08-01T02:48:13.766+0000] GC(323) User=0.76s Sys=0.00s Real=0.77s
[2025-08-01T02:48:14.013+0000] GC(324) Pause Young (Allocation Failure)
[2025-08-01T02:48:14.347+0000] GC(324) DefNew: 1258303K->139775K(1258304K)
[2025-08-01T02:48:14.347+0000] GC(324) Tenured: 1245194K->1588136K(2796224K)
[2025-08-01T02:48:14.347+0000] GC(324) Metaspace: 9707K(12544K)->9707K(12544K) NonClass: 8541K(11008K)->8541K(11008K) Class: 1166K(1536K)->1166K(1536K)
[2025-08-01T02:48:14.347+0000] GC(324) Pause Young (Allocation Failure) 2444M->1687M(3959M) 333.705ms
[2025-08-01T02:48:14.347+0000] GC(324) User=0.34s Sys=0.00s Real=0.33s
[2025-08-01T02:48:14.590+0000] GC(325) Pause Young (Allocation Failure)
[2025-08-01T02:48:14.590+0000] GC(326) Pause Full (Allocation Failure)
[2025-08-01T02:48:14.590+0000] GC(326) Phase 1: Mark live objects
[2025-08-01T02:48:14.787+0000] GC(326) Phase 1: Mark live objects 196.740ms
[2025-08-01T02:48:14.787+0000] GC(326) Phase 2: Compute new object addresses
[2025-08-01T02:48:15.226+0000] GC(326) Phase 2: Compute new object addresses 439.415ms
[2025-08-01T02:48:15.227+0000] GC(326) Phase 3: Adjust pointers
[2025-08-01T02:48:15.415+0000] GC(326) Phase 3: Adjust pointers 187.925ms
[2025-08-01T02:48:15.415+0000] GC(326) Phase 4: Move objects
[2025-08-01T02:48:15.886+0000] GC(326) Phase 4: Move objects 471.145ms
[2025-08-01T02:48:15.887+0000] GC(326) Pause Full (Allocation Failure) 2779M->1127M(3959M) 1297.140ms
[2025-08-01T02:48:15.887+0000] GC(325) DefNew: 1258303K->0K(1258304K)
[2025-08-01T02:48:15.887+0000] GC(325) Tenured: 1588136K->1154383K(2796224K)
[2025-08-01T02:48:15.887+0000] GC(325) Metaspace: 9707K(12544K)->9707K(12544K) NonClass: 8541K(11008K)->8541K(11008K) Class: 1166K(1536K)->1166K(1536K)
[2025-08-01T02:48:15.887+0000] GC(325) Pause Young (Allocation Failure) 2779M->1127M(3959M) 1297.317ms
[2025-08-01T02:48:15.887+0000] GC(325) User=1.30s Sys=0.00s Real=1.30s
[2025-08-01T02:48:16.127+0000] GC(327) Pause Young (Allocation Failure)
[2025-08-01T02:48:16.686+0000] GC(327) DefNew: 1118528K->139775K(1258304K)
[2025-08-01T02:48:16.686+0000] GC(327) Tenured: 1154383K->1845434K(2796224K)
[2025-08-01T02:48:16.686+0000] GC(327) Metaspace: 9707K(12544K)->9707K(12544K) NonClass: 8541K(11008K)->8541K(11008K) Class: 1166K(1536K)->1166K(1536K)
[2025-08-01T02:48:16.686+0000] GC(327) Pause Young (Allocation Failure) 2219M->1938M(3959M) 558.354ms
[2025-08-01T02:48:16.686+0000] GC(327) User=0.56s Sys=0.00s Real=0.56s
[2025-08-01T02:48:16.944+0000] GC(328) Pause Young (Allocation Failure)
[2025-08-01T02:48:16.944+0000] GC(329) Pause Full (Allocation Failure)
[2025-08-01T02:48:16.945+0000] GC(329) Phase 1: Mark live objects
[2025-08-01T02:48:16.983+0000] GC(329) Phase 1: Mark live objects 38.113ms
[2025-08-01T02:48:16.983+0000] GC(329) Phase 2: Compute new object addresses
[2025-08-01T02:48:17.504+0000] GC(329) Phase 2: Compute new object addresses 520.860ms
[2025-08-01T02:48:17.504+0000] GC(329) Phase 3: Adjust pointers
[2025-08-01T02:48:17.534+0000] GC(329) Phase 3: Adjust pointers 29.953ms
[2025-08-01T02:48:17.534+0000] GC(329) Phase 4: Move objects
[2025-08-01T02:48:17.597+0000] GC(329) Phase 4: Move objects 62.960ms
[2025-08-01T02:48:17.598+0000] GC(329) Pause Full (Allocation Failure) 3030M->142M(3959M) 653.745ms
[2025-08-01T02:48:17.598+0000] GC(328) DefNew: 1258303K->0K(1258304K)
[2025-08-01T02:48:17.598+0000] GC(328) Tenured: 1845434K->146074K(2796224K)
[2025-08-01T02:48:17.598+0000] GC(328) Metaspace: 9707K(12544K)->9707K(12544K) NonClass: 8541K(11008K)->8541K(11008K) Class: 1166K(1536K)->1166K(1536K)
[2025-08-01T02:48:17.598+0000] GC(328) Pause Young (Allocation Failure) 3030M->142M(3959M) 653.976ms
[2025-08-01T02:48:17.601+0000] GC(328) User=0.66s Sys=0.00s Real=0.65s
[2025-08-01T02:48:17.848+0000] GC(330) Pause Young (Allocation Failure)
[2025-08-01T02:48:18.638+0000] GC(330) DefNew: 1118528K->139776K(1258304K)
[2025-08-01T02:48:18.638+0000] GC(330) Tenured: 146074K->1115516K(2796224K)
[2025-08-01T02:48:18.638+0000] GC(330) Metaspace: 9707K(12544K)->9707K(12544K) NonClass: 8541K(11008K)->8541K(11008K) Class: 1166K(1536K)->1166K(1536K)
[2025-08-01T02:48:18.638+0000] GC(330) Pause Young (Allocation Failure) 1234M->1225M(3959M) 790.588ms
[2025-08-01T02:48:18.639+0000] GC(330) User=0.79s Sys=0.00s Real=0.79s
[2025-08-01T02:48:18.904+0000] GC(331) Pause Young (Allocation Failure)
[2025-08-01T02:48:19.231+0000] GC(331) DefNew: 1258304K->139775K(1258304K)
[2025-08-01T02:48:19.231+0000] GC(331) Tenured: 1115516K->1466776K(2796224K)
[2025-08-01T02:48:19.231+0000] GC(331) Metaspace: 9707K(12544K)->9707K(12544K) NonClass: 8541K(11008K)->8541K(11008K) Class: 1166K(1536K)->1166K(1536K)
[2025-08-01T02:48:19.231+0000] GC(331) Pause Young (Allocation Failure) 2318M->1568M(3959M) 326.764ms
[2025-08-01T02:48:19.231+0000] GC(331) User=0.32s Sys=0.00s Real=0.32s
[2025-08-01T02:48:19.467+0000] GC(332) Pause Young (Allocation Failure)
[2025-08-01T02:48:20.022+0000] GC(332) DefNew: 1258303K->139776K(1258304K)
[2025-08-01T02:48:20.022+0000] GC(332) Tenured: 1466776K->2265676K(2796224K)
[2025-08-01T02:48:20.022+0000] GC(332) Metaspace: 9707K(12544K)->9707K(12544K) NonClass: 8541K(11008K)->8541K(11008K) Class: 1166K(1536K)->1166K(1536K)
[2025-08-01T02:48:20.022+0000] GC(332) Pause Young (Allocation Failure) 2661M->2349M(3959M) 555.098ms
[2025-08-01T02:48:20.022+0000] GC(332) User=0.56s Sys=0.00s Real=0.55s
[2025-08-01T02:48:20.263+0000] GC(333) Pause Young (Allocation Failure)
[2025-08-01T02:48:20.263+0000] GC(334) Pause Full (Allocation Failure)
[2025-08-01T02:48:20.263+0000] GC(334) Phase 1: Mark live objects
[2025-08-01T02:48:20.427+0000] GC(334) Phase 1: Mark live objects 163.576ms
[2025-08-01T02:48:20.427+0000] GC(334) Phase 2: Compute new object addresses
[2025-08-01T02:48:20.957+0000] GC(334) Phase 2: Compute new object addresses 529.467ms
[2025-08-01T02:48:20.957+0000] GC(334) Phase 3: Adjust pointers
[2025-08-01T02:48:21.116+0000] GC(334) Phase 3: Adjust pointers 158.633ms
[2025-08-01T02:48:21.116+0000] GC(334) Phase 4: Move objects
[2025-08-01T02:48:21.494+0000] GC(334) Phase 4: Move objects 378.358ms
[2025-08-01T02:48:21.495+0000] GC(334) Pause Full (Allocation Failure) 3441M->986M(3959M) 1231.960ms
[2025-08-01T02:48:21.495+0000] GC(333) DefNew: 1258304K->0K(1258304K)
[2025-08-01T02:48:21.495+0000] GC(333) Tenured: 2265676K->1010146K(2796224K)
[2025-08-01T02:48:21.495+0000] GC(333) Metaspace: 9707K(12544K)->9707K(12544K) NonClass: 8541K(11008K)->8541K(11008K) Class: 1166K(1536K)->1166K(1536K)
[2025-08-01T02:48:21.495+0000] GC(333) Pause Young (Allocation Failure) 3441M->986M(3959M) 1232.156ms
[2025-08-01T02:48:21.495+0000] GC(333) User=1.23s Sys=0.00s Real=1.23s
[2025-08-01T02:48:21.749+0000] GC(335) Pause Young (Allocation Failure)
[2025-08-01T02:48:21.835+0000] GC(335) DefNew: 1118528K->124204K(1258304K)
[2025-08-01T02:48:21.835+0000] GC(335) Tenured: 1010146K->1010146K(2796224K)
[2025-08-01T02:48:21.835+0000] GC(335) Metaspace: 9707K(12544K)->9707K(12544K) NonClass: 8541K(11008K)->8541K(11008K) Class: 1166K(1536K)->1166K(1536K)
[2025-08-01T02:48:21.835+0000] GC(335) Pause Young (Allocation Failure) 2078M->1107M(3959M) 85.621ms
[2025-08-01T02:48:21.835+0000] GC(335) User=0.09s Sys=0.00s Real=0.09s
[2025-08-01T02:48:22.074+0000] GC(336) Pause Young (Allocation Failure)
[2025-08-01T02:48:22.911+0000] GC(336) DefNew: 1242732K->139775K(1258304K)
[2025-08-01T02:48:22.911+0000] GC(336) Tenured: 1010146K->2106544K(2796224K)
[2025-08-01T02:48:22.911+0000] GC(336) Metaspace: 9707K(12544K)->9707K(12544K) NonClass: 8541K(11008K)->8541K(11008K) Class: 1166K(1536K)->1166K(1536K)
[2025-08-01T02:48:22.911+0000] GC(336) Pause Young (Allocation Failure) 2200M->2193M(3959M) 837.177ms
[2025-08-01T02:48:22.911+0000] GC(336) User=0.84s Sys=0.00s Real=0.83s
[2025-08-01T02:48:23.147+0000] GC(337) Pause Young (Allocation Failure)
[2025-08-01T02:48:23.147+0000] GC(338) Pause Full (Allocation Failure)
[2025-08-01T02:48:23.147+0000] GC(338) Phase 1: Mark live objects
[2025-08-01T02:48:23.247+0000] GC(338) Phase 1: Mark live objects 99.284ms
[2025-08-01T02:48:23.247+0000] GC(338) Phase 2: Compute new object addresses
[2025-08-01T02:48:23.742+0000] GC(338) Phase 2: Compute new object addresses 495.557ms
[2025-08-01T02:48:23.742+0000] GC(338) Phase 3: Adjust pointers
[2025-08-01T02:48:23.817+0000] GC(338) Phase 3: Adjust pointers 74.449ms
[2025-08-01T02:48:23.817+0000] GC(338) Phase 4: Move objects
[2025-08-01T02:48:24.011+0000] GC(338) Phase 4: Move objects 193.675ms
[2025-08-01T02:48:24.012+0000] GC(338) Pause Full (Allocation Failure) 3285M->628M(3959M) 864.550ms
[2025-08-01T02:48:24.012+0000] GC(337) DefNew: 1258303K->0K(1258304K)
[2025-08-01T02:48:24.012+0000] GC(337) Tenured: 2106544K->643449K(2796224K)
[2025-08-01T02:48:24.012+0000] GC(337) Metaspace: 9707K(12544K)->9707K(12544K) NonClass: 8541K(11008K)->8541K(11008K) Class: 1166K(1536K)->1166K(1536K)
[2025-08-01T02:48:24.012+0000] GC(337) Pause Young (Allocation Failure) 3285M->628M(3959M) 864.853ms
[2025-08-01T02:48:24.012+0000] GC(337) User=0.87s Sys=0.00s Real=0.86s
[2025-08-01T02:48:24.257+0000] GC(339) Pause Young (Allocation Failure)
[2025-08-01T02:48:24.801+0000] GC(339) DefNew: 1118528K->139775K(1258304K)
[2025-08-01T02:48:24.801+0000] GC(339) Tenured: 643449K->1372961K(2796224K)
[2025-08-01T02:48:24.801+0000] GC(339) Metaspace: 9707K(12544K)->9707K(12544K) NonClass: 8541K(11008K)->8541K(11008K) Class: 1166K(1536K)->1166K(1536K)
[2025-08-01T02:48:24.802+0000] GC(339) Pause Young (Allocation Failure) 1720M->1477M(3959M) 544.486ms
[2025-08-01T02:48:24.802+0000] GC(339) User=0.55s Sys=0.00s Real=0.54s
[2025-08-01T02:48:25.034+0000] GC(340) Pause Young (Allocation Failure)
[2025-08-01T02:48:25.589+0000] GC(340) DefNew: 1258303K->139775K(1258304K)
[2025-08-01T02:48:25.589+0000] GC(340) Tenured: 1372961K->2075056K(2796224K)
[2025-08-01T02:48:25.589+0000] GC(340) Metaspace: 9707K(12544K)->9707K(12544K) NonClass: 8541K(11008K)->8541K(11008K) Class: 1166K(1536K)->1166K(1536K)
[2025-08-01T02:48:25.589+0000] GC(340) Pause Young (Allocation Failure) 2569M->2162M(3959M) 554.960ms
[2025-08-01T02:48:25.589+0000] GC(340) User=0.55s Sys=0.01s Real=0.55s
[2025-08-01T02:48:25.819+0000] GC(341) Pause Young (Allocation Failure)
[2025-08-01T02:48:25.819+0000] GC(342) Pause Full (Allocation Failure)
[2025-08-01T02:48:25.819+0000] GC(342) Phase 1: Mark live objects
[2025-08-01T02:48:25.857+0000] GC(342) Phase 1: Mark live objects 37.629ms
[2025-08-01T02:48:25.857+0000] GC(342) Phase 2: Compute new object addresses
[2025-08-01T02:48:26.316+0000] GC(342) Phase 2: Compute new object addresses 458.696ms
[2025-08-01T02:48:26.316+0000] GC(342) Phase 3: Adjust pointers
[2025-08-01T02:48:26.347+0000] GC(342) Phase 3: Adjust pointers 30.595ms
[2025-08-01T02:48:26.347+0000] GC(342) Phase 4: Move objects
[2025-08-01T02:48:26.396+0000] GC(342) Phase 4: Move objects 49.180ms
[2025-08-01T02:48:26.397+0000] GC(342) Pause Full (Allocation Failure) 3255M->155M(3959M) 578.007ms
[2025-08-01T02:48:26.397+0000] GC(341) DefNew: 1258303K->0K(1258304K)
[2025-08-01T02:48:26.397+0000] GC(341) Tenured: 2075056K->158924K(2796224K)
[2025-08-01T02:48:26.397+0000] GC(341) Metaspace: 9707K(12544K)->9707K(12544K) NonClass: 8541K(11008K)->8541K(11008K) Class: 1166K(1536K)->1166K(1536K)
[2025-08-01T02:48:26.397+0000] GC(341) Pause Young (Allocation Failure) 3255M->155M(3959M) 578.186ms
[2025-08-01T02:48:26.398+0000] GC(341) User=0.57s Sys=0.00s Real=0.58s
[2025-08-01T02:48:26.623+0000] GC(343) Pause Young (Allocation Failure)
[2025-08-01T02:48:27.330+0000] GC(343) DefNew: 1118528K->139775K(1258304K)
[2025-08-01T02:48:27.330+0000] GC(343) Tenured: 158924K->1127296K(2796224K)
[2025-08-01T02:48:27.330+0000] GC(343) Metaspace: 9707K(12544K)->9707K(12544K) NonClass: 8541K(11008K)->8541K(11008K) Class: 1166K(1536K)->1166K(1536K)
[2025-08-01T02:48:27.330+0000] GC(343) Pause Young (Allocation Failure) 1247M->1237M(3959M) 706.690ms
[2025-08-01T02:48:27.330+0000] GC(343) User=0.71s Sys=0.00s Real=0.70s
[2025-08-01T02:48:27.581+0000] GC(344) Pause Young (Allocation Failure)
[2025-08-01T02:48:27.891+0000] GC(344) DefNew: 1258303K->139776K(1258304K)
[2025-08-01T02:48:27.891+0000] GC(344) Tenured: 1127296K->1492911K(2796224K)
[2025-08-01T02:48:27.891+0000] GC(344) Metaspace: 9707K(12544K)->9707K(12544K) NonClass: 8541K(11008K)->8541K(11008K) Class: 1166K(1536K)->1166K(1536K)
[2025-08-01T02:48:27.891+0000] GC(344) Pause Young (Allocation Failure) 2329M->1594M(3959M) 309.535ms
[2025-08-01T02:48:27.891+0000] GC(344) User=0.31s Sys=0.00s Real=0.31s
[2025-08-01T02:48:28.112+0000] GC(345) Pause Young (Allocation Failure)
[2025-08-01T02:48:28.742+0000] GC(345) DefNew: 1258304K->139775K(1258304K)
[2025-08-01T02:48:28.742+0000] GC(345) Tenured: 1492911K->2301665K(2796224K)
[2025-08-01T02:48:28.742+0000] GC(345) Metaspace: 9707K(12544K)->9707K(12544K) NonClass: 8541K(11008K)->8541K(11008K) Class: 1166K(1536K)->1166K(1536K)
[2025-08-01T02:48:28.742+0000] GC(345) Pause Young (Allocation Failure) 2686M->2384M(3959M) 630.241ms
[2025-08-01T02:48:28.742+0000] GC(345) User=0.63s Sys=0.00s Real=0.63s
[2025-08-01T02:48:28.992+0000] GC(346) Pause Young (Allocation Failure)
[2025-08-01T02:48:28.992+0000] GC(347) Pause Full (Allocation Failure)
[2025-08-01T02:48:28.992+0000] GC(347) Phase 1: Mark live objects
[2025-08-01T02:48:29.172+0000] GC(347) Phase 1: Mark live objects 179.972ms
[2025-08-01T02:48:29.172+0000] GC(347) Phase 2: Compute new object addresses
[2025-08-01T02:48:29.775+0000] GC(347) Phase 2: Compute new object addresses 603.023ms
[2025-08-01T02:48:29.775+0000] GC(347) Phase 3: Adjust pointers
[2025-08-01T02:48:29.956+0000] GC(347) Phase 3: Adjust pointers 180.211ms
[2025-08-01T02:48:29.956+0000] GC(347) Phase 4: Move objects
[2025-08-01T02:48:30.339+0000] GC(347) Phase 4: Move objects 383.444ms
[2025-08-01T02:48:30.341+0000] GC(347) Pause Full (Allocation Failure) 3476M->1012M(3959M) 1348.522ms
[2025-08-01T02:48:30.341+0000] GC(346) DefNew: 1258303K->0K(1258304K)
[2025-08-01T02:48:30.341+0000] GC(346) Tenured: 2301665K->1036851K(2796224K)
[2025-08-01T02:48:30.341+0000] GC(346) Metaspace: 9707K(12544K)->9707K(12544K) NonClass: 8541K(11008K)->8541K(11008K) Class: 1166K(1536K)->1166K(1536K)
[2025-08-01T02:48:30.341+0000] GC(346) Pause Young (Allocation Failure) 3476M->1012M(3959M) 1348.757ms
[2025-08-01T02:48:30.341+0000] GC(346) User=1.35s Sys=0.00s Real=1.35s
[2025-08-01T02:48:30.564+0000] GC(348) Pause Young (Allocation Failure)
[2025-08-01T02:48:30.663+0000] GC(348) DefNew: 1118528K->138085K(1258304K)
[2025-08-01T02:48:30.663+0000] GC(348) Tenured: 1036851K->1036851K(2796224K)
[2025-08-01T02:48:30.663+0000] GC(348) Metaspace: 9707K(12544K)->9707K(12544K) NonClass: 8541K(11008K)->8541K(11008K) Class: 1166K(1536K)->1166K(1536K)
[2025-08-01T02:48:30.663+0000] GC(348) Pause Young (Allocation Failure) 2104M->1147M(3959M) 99.299ms
[2025-08-01T02:48:30.663+0000] GC(348) User=0.10s Sys=0.01s Real=0.09s
[2025-08-01T02:48:30.901+0000] GC(349) Pause Young (Allocation Failure)
[2025-08-01T02:48:31.883+0000] GC(349) DefNew: 1256613K->139776K(1258304K)
[2025-08-01T02:48:31.883+0000] GC(349) Tenured: 1036851K->2147173K(2796224K)
[2025-08-01T02:48:31.883+0000] GC(349) Metaspace: 9707K(12544K)->9707K(12544K) NonClass: 8541K(11008K)->8541K(11008K) Class: 1166K(1536K)->1166K(1536K)
[2025-08-01T02:48:31.883+0000] GC(349) Pause Young (Allocation Failure) 2239M->2233M(3959M) 982.046ms
[2025-08-01T02:48:31.883+0000] GC(349) User=0.98s Sys=0.00s Real=0.99s
[2025-08-01T02:48:32.137+0000] GC(350) Pause Young (Allocation Failure)
[2025-08-01T02:48:32.137+0000] GC(351) Pause Full (Allocation Failure)
[2025-08-01T02:48:32.137+0000] GC(351) Phase 1: Mark live objects
[2025-08-01T02:48:32.233+0000] GC(351) Phase 1: Mark live objects 95.902ms
[2025-08-01T02:48:32.233+0000] GC(351) Phase 2: Compute new object addresses
[2025-08-01T02:48:32.775+0000] GC(351) Phase 2: Compute new object addresses 541.867ms
[2025-08-01T02:48:32.775+0000] GC(351) Phase 3: Adjust pointers
[2025-08-01T02:48:32.866+0000] GC(351) Phase 3: Adjust pointers 91.526ms
[2025-08-01T02:48:32.867+0000] GC(351) Phase 4: Move objects
[2025-08-01T02:48:33.129+0000] GC(351) Phase 4: Move objects 262.185ms
[2025-08-01T02:48:33.131+0000] GC(351) Pause Full (Allocation Failure) 3325M->654M(3959M) 993.749ms
[2025-08-01T02:48:33.131+0000] GC(350) DefNew: 1258304K->0K(1258304K)
[2025-08-01T02:48:33.131+0000] GC(350) Tenured: 2147173K->670459K(2796224K)
[2025-08-01T02:48:33.131+0000] GC(350) Metaspace: 9707K(12544K)->9707K(12544K) NonClass: 8541K(11008K)->8541K(11008K) Class: 1166K(1536K)->1166K(1536K)
[2025-08-01T02:48:33.131+0000] GC(350) Pause Young (Allocation Failure) 3325M->654M(3959M) 993.992ms
[2025-08-01T02:48:33.131+0000] GC(350) User=0.99s Sys=0.01s Real=0.99s
[2025-08-01T02:48:33.368+0000] GC(352) Pause Young (Allocation Failure)
[2025-08-01T02:48:34.016+0000] GC(352) DefNew: 1118528K->139775K(1258304K)
[2025-08-01T02:48:34.016+0000] GC(352) Tenured: 670459K->1413968K(2796224K)
[2025-08-01T02:48:34.016+0000] GC(352) Metaspace: 9707K(12544K)->9707K(12544K) NonClass: 8541K(11008K)->8541K(11008K) Class: 1166K(1536K)->1166K(1536K)
[2025-08-01T02:48:34.016+0000] GC(352) Pause Young (Allocation Failure) 1747M->1517M(3959M) 648.018ms
[2025-08-01T02:48:34.016+0000] GC(352) User=0.65s Sys=0.00s Real=0.65s
[2025-08-01T02:48:34.260+0000] GC(353) Pause Young (Allocation Failure)
[2025-08-01T02:48:34.852+0000] GC(353) DefNew: 1258303K->139775K(1258304K)
[2025-08-01T02:48:34.852+0000] GC(353) Tenured: 1413968K->2118685K(2796224K)
[2025-08-01T02:48:34.852+0000] GC(353) Metaspace: 9707K(12544K)->9707K(12544K) NonClass: 8541K(11008K)->8541K(11008K) Class: 1166K(1536K)->1166K(1536K)
[2025-08-01T02:48:34.852+0000] GC(353) Pause Young (Allocation Failure) 2609M->2205M(3959M) 591.952ms
[2025-08-01T02:48:34.852+0000] GC(353) User=0.60s Sys=0.00s Real=0.59s
[2025-08-01T02:48:35.087+0000] GC(354) Pause Young (Allocation Failure)
[2025-08-01T02:48:35.087+0000] GC(355) Pause Full (Allocation Failure)
[2025-08-01T02:48:35.087+0000] GC(355) Phase 1: Mark live objects
[2025-08-01T02:48:35.124+0000] GC(355) Phase 1: Mark live objects 36.669ms
[2025-08-01T02:48:35.124+0000] GC(355) Phase 2: Compute new object addresses
[2025-08-01T02:48:35.702+0000] GC(355) Phase 2: Compute new object addresses 578.389ms
[2025-08-01T02:48:35.702+0000] GC(355) Phase 3: Adjust pointers
[2025-08-01T02:48:35.731+0000] GC(355) Phase 3: Adjust pointers 28.568ms
[2025-08-01T02:48:35.731+0000] GC(355) Phase 4: Move objects
[2025-08-01T02:48:35.789+0000] GC(355) Phase 4: Move objects 57.689ms
[2025-08-01T02:48:35.790+0000] GC(355) Pause Full (Allocation Failure) 3297M->299M(3959M) 702.982ms
[2025-08-01T02:48:35.790+0000] GC(354) DefNew: 1258303K->0K(1258304K)
[2025-08-01T02:48:35.790+0000] GC(354) Tenured: 2118685K->307123K(2796224K)
[2025-08-01T02:48:35.790+0000] GC(354) Metaspace: 9707K(12544K)->9707K(12544K) NonClass: 8541K(11008K)->8541K(11008K) Class: 1166K(1536K)->1166K(1536K)
[2025-08-01T02:48:35.790+0000] GC(354) Pause Young (Allocation Failure) 3297M->299M(3959M) 703.194ms
[2025-08-01T02:48:35.790+0000] GC(354) User=0.70s Sys=0.00s Real=0.70s
[2025-08-01T02:48:36.024+0000] GC(356) Pause Young (Allocation Failure)
[2025-08-01T02:48:36.779+0000] GC(356) DefNew: 1118528K->139775K(1258304K)
[2025-08-01T02:48:36.779+0000] GC(356) Tenured: 307123K->1275484K(2796224K)
[2025-08-01T02:48:36.779+0000] GC(356) Metaspace: 9707K(12544K)->9707K(12544K) NonClass: 8541K(11008K)->8541K(11008K) Class: 1166K(1536K)->1166K(1536K)
[2025-08-01T02:48:36.779+0000] GC(356) Pause Young (Allocation Failure) 1392M->1382M(3959M) 755.040ms
[2025-08-01T02:48:36.779+0000] GC(356) User=0.75s Sys=0.00s Real=0.75s
[2025-08-01T02:48:37.025+0000] GC(357) Pause Young (Allocation Failure)
[2025-08-01T02:48:37.404+0000] GC(357) DefNew: 1258303K->139775K(1258304K)
[2025-08-01T02:48:37.404+0000] GC(357) Tenured: 1275484K->1653692K(2796224K)
[2025-08-01T02:48:37.404+0000] GC(357) Metaspace: 9707K(12544K)->9707K(12544K) NonClass: 8541K(11008K)->8541K(11008K) Class: 1166K(1536K)->1166K(1536K)
[2025-08-01T02:48:37.404+0000] GC(357) Pause Young (Allocation Failure) 2474M->1751M(3959M) 378.792ms
[2025-08-01T02:48:37.404+0000] GC(357) User=0.37s Sys=0.00s Real=0.38s
[2025-08-01T02:48:37.634+0000] GC(358) Pause Young (Allocation Failure)
[2025-08-01T02:48:37.634+0000] GC(359) Pause Full (Allocation Failure)
[2025-08-01T02:48:37.634+0000] GC(359) Phase 1: Mark live objects
[2025-08-01T02:48:37.864+0000] GC(359) Phase 1: Mark live objects 230.460ms
[2025-08-01T02:48:37.864+0000] GC(359) Phase 2: Compute new object addresses
[2025-08-01T02:48:38.319+0000] GC(359) Phase 2: Compute new object addresses 454.923ms
[2025-08-01T02:48:38.319+0000] GC(359) Phase 3: Adjust pointers
[2025-08-01T02:48:38.530+0000] GC(359) Phase 3: Adjust pointers 210.736ms
[2025-08-01T02:48:38.530+0000] GC(359) Phase 4: Move objects
[2025-08-01T02:48:39.084+0000] GC(359) Phase 4: Move objects 553.807ms
[2025-08-01T02:48:39.085+0000] GC(359) Pause Full (Allocation Failure) 2843M->1163M(3959M) 1451.163ms
[2025-08-01T02:48:39.085+0000] GC(358) DefNew: 1258303K->0K(1258304K)
[2025-08-01T02:48:39.085+0000] GC(358) Tenured: 1653692K->1191079K(2796224K)
[2025-08-01T02:48:39.085+0000] GC(358) Metaspace: 9707K(12544K)->9707K(12544K) NonClass: 8541K(11008K)->8541K(11008K) Class: 1166K(1536K)->1166K(1536K)
[2025-08-01T02:48:39.085+0000] GC(358) Pause Young (Allocation Failure) 2843M->1163M(3959M) 1451.326ms
[2025-08-01T02:48:39.085+0000] GC(358) User=1.45s Sys=0.01s Real=1.45s
[2025-08-01T02:48:39.339+0000] GC(360) Pause Young (Allocation Failure)
[2025-08-01T02:48:39.860+0000] GC(360) DefNew: 1118528K->139776K(1258304K)
[2025-08-01T02:48:39.860+0000] GC(360) Tenured: 1191079K->1886161K(2796224K)
[2025-08-01T02:48:39.860+0000] GC(360) Metaspace: 9707K(12544K)->9707K(12544K) NonClass: 8541K(11008K)->8541K(11008K) Class: 1166K(1536K)->1166K(1536K)
[2025-08-01T02:48:39.860+0000] GC(360) Pause Young (Allocation Failure) 2255M->1978M(3959M) 521.166ms
[2025-08-01T02:48:39.860+0000] GC(360) User=0.53s Sys=0.00s Real=0.52s
[2025-08-01T02:48:40.093+0000] GC(361) Pause Young (Allocation Failure)
[2025-08-01T02:48:40.093+0000] GC(362) Pause Full (Allocation Failure)
[2025-08-01T02:48:40.093+0000] GC(362) Phase 1: Mark live objects
[2025-08-01T02:48:40.131+0000] GC(362) Phase 1: Mark live objects 38.166ms
[2025-08-01T02:48:40.131+0000] GC(362) Phase 2: Compute new object addresses
[2025-08-01T02:48:40.660+0000] GC(362) Phase 2: Compute new object addresses 528.556ms
[2025-08-01T02:48:40.660+0000] GC(362) Phase 3: Adjust pointers
[2025-08-01T02:48:40.688+0000] GC(362) Phase 3: Adjust pointers 28.430ms
[2025-08-01T02:48:40.688+0000] GC(362) Phase 4: Move objects
[2025-08-01T02:48:40.749+0000] GC(362) Phase 4: Move objects 60.740ms
[2025-08-01T02:48:40.750+0000] GC(362) Pause Full (Allocation Failure) 3070M->186M(3959M) 657.631ms
[2025-08-01T02:48:40.750+0000] GC(361) DefNew: 1258304K->0K(1258304K)
[2025-08-01T02:48:40.750+0000] GC(361) Tenured: 1886161K->191070K(2796224K)
[2025-08-01T02:48:40.750+0000] GC(361) Metaspace: 9707K(12544K)->9707K(12544K) NonClass: 8541K(11008K)->8541K(11008K) Class: 1166K(1536K)->1166K(1536K)
[2025-08-01T02:48:40.750+0000] GC(361) Pause Young (Allocation Failure) 3070M->186M(3959M) 657.832ms
[2025-08-01T02:48:40.750+0000] GC(361) User=0.66s Sys=0.00s Real=0.66s
[2025-08-01T02:48:40.970+0000] GC(363) Pause Young (Allocation Failure)
[2025-08-01T02:48:41.727+0000] GC(363) DefNew: 1118528K->139775K(1258304K)
[2025-08-01T02:48:41.727+0000] GC(363) Tenured: 191070K->1163295K(2796224K)
[2025-08-01T02:48:41.727+0000] GC(363) Metaspace: 9707K(12544K)->9707K(12544K) NonClass: 8541K(11008K)->8541K(11008K) Class: 1166K(1536K)->1166K(1536K)
[2025-08-01T02:48:41.727+0000] GC(363) Pause Young (Allocation Failure) 1278M->1272M(3959M) 756.719ms
[2025-08-01T02:48:41.727+0000] GC(363) User=0.76s Sys=0.01s Real=0.76s
[2025-08-01T02:48:41.962+0000] GC(364) Pause Young (Allocation Failure)
[2025-08-01T02:48:42.326+0000] GC(364) DefNew: 1258303K->139775K(1258304K)
[2025-08-01T02:48:42.326+0000] GC(364) Tenured: 1163295K->1546565K(2796224K)
[2025-08-01T02:48:42.326+0000] GC(364) Metaspace: 9707K(12544K)->9707K(12544K) NonClass: 8541K(11008K)->8541K(11008K) Class: 1166K(1536K)->1166K(1536K)
[2025-08-01T02:48:42.326+0000] GC(364) Pause Young (Allocation Failure) 2364M->1646M(3959M) 363.756ms
[2025-08-01T02:48:42.326+0000] GC(364) User=0.37s Sys=0.00s Real=0.37s
[2025-08-01T02:48:42.563+0000] GC(365) Pause Young (Allocation Failure)
[2025-08-01T02:48:42.563+0000] GC(366) Pause Full (Allocation Failure)
[2025-08-01T02:48:42.563+0000] GC(366) Phase 1: Mark live objects
[2025-08-01T02:48:42.805+0000] GC(366) Phase 1: Mark live objects 241.438ms
[2025-08-01T02:48:42.805+0000] GC(366) Phase 2: Compute new object addresses
[2025-08-01T02:48:43.282+0000] GC(366) Phase 2: Compute new object addresses 476.955ms
[2025-08-01T02:48:43.282+0000] GC(366) Phase 3: Adjust pointers
[2025-08-01T02:48:43.492+0000] GC(366) Phase 3: Adjust pointers 209.841ms
[2025-08-01T02:48:43.492+0000] GC(366) Phase 4: Move objects
[2025-08-01T02:48:44.019+0000] GC(366) Phase 4: Move objects 527.308ms
[2025-08-01T02:48:44.020+0000] GC(366) Pause Full (Allocation Failure) 2739M->1296M(3959M) 1456.923ms
[2025-08-01T02:48:44.020+0000] GC(365) DefNew: 1258303K->0K(1258304K)
[2025-08-01T02:48:44.020+0000] GC(365) Tenured: 1546565K->1327535K(2796224K)
[2025-08-01T02:48:44.020+0000] GC(365) Metaspace: 9707K(12544K)->9707K(12544K) NonClass: 8541K(11008K)->8541K(11008K) Class: 1166K(1536K)->1166K(1536K)
[2025-08-01T02:48:44.020+0000] GC(365) Pause Young (Allocation Failure) 2739M->1296M(3959M) 1457.272ms
[2025-08-01T02:48:44.020+0000] GC(365) User=1.46s Sys=0.00s Real=1.45s
[2025-08-01T02:48:44.248+0000] GC(367) Pause Young (Allocation Failure)
[2025-08-01T02:48:44.760+0000] GC(367) DefNew: 1118528K->139775K(1258304K)
[2025-08-01T02:48:44.760+0000] GC(367) Tenured: 1327535K->2018750K(2796224K)
[2025-08-01T02:48:44.760+0000] GC(367) Metaspace: 9707K(12544K)->9707K(12544K) NonClass: 8541K(11008K)->8541K(11008K) Class: 1166K(1536K)->1166K(1536K)
[2025-08-01T02:48:44.760+0000] GC(367) Pause Young (Allocation Failure) 2388M->2107M(3959M) 511.710ms
[2025-08-01T02:48:44.760+0000] GC(367) User=0.51s Sys=0.00s Real=0.51s
[2025-08-01T02:48:44.972+0000] GC(368) Pause Young (Allocation Failure)
[2025-08-01T02:48:44.972+0000] GC(369) Pause Full (Allocation Failure)
[2025-08-01T02:48:44.972+0000] GC(369) Phase 1: Mark live objects
[2025-08-01T02:48:45.011+0000] GC(369) Phase 1: Mark live objects 39.362ms
[2025-08-01T02:48:45.011+0000] GC(369) Phase 2: Compute new object addresses
[2025-08-01T02:48:45.626+0000] GC(369) Phase 2: Compute new object addresses 614.147ms
[2025-08-01T02:48:45.626+0000] GC(369) Phase 3: Adjust pointers
[2025-08-01T02:48:45.666+0000] GC(369) Phase 3: Adjust pointers 40.291ms
[2025-08-01T02:48:45.666+0000] GC(369) Phase 4: Move objects
[2025-08-01T02:48:45.734+0000] GC(369) Phase 4: Move objects 67.971ms
[2025-08-01T02:48:45.736+0000] GC(369) Pause Full (Allocation Failure) 3200M->317M(3959M) 763.672ms
[2025-08-01T02:48:45.736+0000] GC(368) DefNew: 1258303K->0K(1258304K)
[2025-08-01T02:48:45.736+0000] GC(368) Tenured: 2018750K->324897K(2796224K)
[2025-08-01T02:48:45.736+0000] GC(368) Metaspace: 9707K(12544K)->9707K(12544K) NonClass: 8541K(11008K)->8541K(11008K) Class: 1166K(1536K)->1166K(1536K)
[2025-08-01T02:48:45.736+0000] GC(368) Pause Young (Allocation Failure) 3200M->317M(3959M) 763.934ms
[2025-08-01T02:48:45.736+0000] GC(368) User=0.76s Sys=0.01s Real=0.77s
[2025-08-01T02:48:45.955+0000] GC(370) Pause Young (Allocation Failure)
[2025-08-01T02:48:46.641+0000] GC(370) DefNew: 1118528K->139776K(1258304K)
[2025-08-01T02:48:46.641+0000] GC(370) Tenured: 324897K->1293256K(2796224K)
[2025-08-01T02:48:46.641+0000] GC(370) Metaspace: 9707K(12544K)->9707K(12544K) NonClass: 8541K(11008K)->8541K(11008K) Class: 1166K(1536K)->1166K(1536K)
[2025-08-01T02:48:46.641+0000] GC(370) Pause Young (Allocation Failure) 1409M->1399M(3959M) 685.909ms
[2025-08-01T02:48:46.641+0000] GC(370) User=0.69s Sys=0.00s Real=0.68s
[2025-08-01T02:48:46.861+0000] GC(371) Pause Young (Allocation Failure)
[2025-08-01T02:48:47.203+0000] GC(371) DefNew: 1258304K->139776K(1258304K)
[2025-08-01T02:48:47.203+0000] GC(371) Tenured: 1293256K->1685484K(2796224K)
[2025-08-01T02:48:47.203+0000] GC(371) Metaspace: 9707K(12544K)->9707K(12544K) NonClass: 8541K(11008K)->8541K(11008K) Class: 1166K(1536K)->1166K(1536K)
[2025-08-01T02:48:47.203+0000] GC(371) Pause Young (Allocation Failure) 2491M->1782M(3959M) 341.790ms
[2025-08-01T02:48:47.203+0000] GC(371) User=0.34s Sys=0.00s Real=0.34s
[2025-08-01T02:48:47.445+0000] GC(372) Pause Young (Allocation Failure)
[2025-08-01T02:48:47.445+0000] GC(373) Pause Full (Allocation Failure)
[2025-08-01T02:48:47.445+0000] GC(373) Phase 1: Mark live objects
[2025-08-01T02:48:47.638+0000] GC(373) Phase 1: Mark live objects 192.237ms
[2025-08-01T02:48:47.638+0000] GC(373) Phase 2: Compute new object addresses
[2025-08-01T02:48:48.044+0000] GC(373) Phase 2: Compute new object addresses 405.871ms
[2025-08-01T02:48:48.044+0000] GC(373) Phase 3: Adjust pointers
[2025-08-01T02:48:48.244+0000] GC(373) Phase 3: Adjust pointers 200.623ms
[2025-08-01T02:48:48.245+0000] GC(373) Phase 4: Move objects
[2025-08-01T02:48:48.721+0000] GC(373) Phase 4: Move objects 475.940ms
[2025-08-01T02:48:48.722+0000] GC(373) Pause Full (Allocation Failure) 2874M->1177M(3959M) 1276.298ms
[2025-08-01T02:48:48.722+0000] GC(372) DefNew: 1258304K->0K(1258304K)
[2025-08-01T02:48:48.722+0000] GC(372) Tenured: 1685484K->1205875K(2796224K)
[2025-08-01T02:48:48.722+0000] GC(372) Metaspace: 9707K(12544K)->9707K(12544K) NonClass: 8541K(11008K)->8541K(11008K) Class: 1166K(1536K)->1166K(1536K)
[2025-08-01T02:48:48.722+0000] GC(372) Pause Young (Allocation Failure) 2874M->1177M(3959M) 1276.476ms
[2025-08-01T02:48:48.722+0000] GC(372) User=1.28s Sys=0.00s Real=1.27s
[2025-08-01T02:48:48.936+0000] GC(374) Pause Young (Allocation Failure)
[2025-08-01T02:48:49.454+0000] GC(374) DefNew: 1118528K->139775K(1258304K)
[2025-08-01T02:48:49.454+0000] GC(374) Tenured: 1205875K->1900963K(2796224K)
[2025-08-01T02:48:49.454+0000] GC(374) Metaspace: 9707K(12544K)->9707K(12544K) NonClass: 8541K(11008K)->8541K(11008K) Class: 1166K(1536K)->1166K(1536K)
[2025-08-01T02:48:49.454+0000] GC(374) Pause Young (Allocation Failure) 2269M->1992M(3959M) 517.845ms
[2025-08-01T02:48:49.454+0000] GC(374) User=0.52s Sys=0.00s Real=0.52s
[2025-08-01T02:48:49.666+0000] GC(375) Pause Young (Allocation Failure)
[2025-08-01T02:48:49.666+0000] GC(376) Pause Full (Allocation Failure)
[2025-08-01T02:48:49.666+0000] GC(376) Phase 1: Mark live objects
[2025-08-01T02:48:49.704+0000] GC(376) Phase 1: Mark live objects 37.717ms
[2025-08-01T02:48:49.704+0000] GC(376) Phase 2: Compute new object addresses
[2025-08-01T02:48:50.131+0000] GC(376) Phase 2: Compute new object addresses 426.557ms
[2025-08-01T02:48:50.131+0000] GC(376) Phase 3: Adjust pointers
[2025-08-01T02:48:50.163+0000] GC(376) Phase 3: Adjust pointers 31.911ms
[2025-08-01T02:48:50.163+0000] GC(376) Phase 4: Move objects
[2025-08-01T02:48:50.226+0000] GC(376) Phase 4: Move objects 62.530ms
[2025-08-01T02:48:50.227+0000] GC(376) Pause Full (Allocation Failure) 3085M->204M(3959M) 560.293ms
[2025-08-01T02:48:50.227+0000] GC(375) DefNew: 1258303K->0K(1258304K)
[2025-08-01T02:48:50.227+0000] GC(375) Tenured: 1900963K->209909K(2796224K)
[2025-08-01T02:48:50.227+0000] GC(375) Metaspace: 9707K(12544K)->9707K(12544K) NonClass: 8541K(11008K)->8541K(11008K) Class: 1166K(1536K)->1166K(1536K)
[2025-08-01T02:48:50.227+0000] GC(375) Pause Young (Allocation Failure) 3085M->204M(3959M) 560.484ms
[2025-08-01T02:48:50.227+0000] GC(375) User=0.56s Sys=0.00s Real=0.56s
[2025-08-01T02:48:50.436+0000] GC(377) Pause Young (Allocation Failure)
[2025-08-01T02:48:51.065+0000] GC(377) DefNew: 1118528K->139775K(1258304K)
[2025-08-01T02:48:51.065+0000] GC(377) Tenured: 209909K->1182144K(2796224K)
[2025-08-01T02:48:51.065+0000] GC(377) Metaspace: 9707K(12544K)->9707K(12544K) NonClass: 8541K(11008K)->8541K(11008K) Class: 1166K(1536K)->1166K(1536K)
[2025-08-01T02:48:51.065+0000] GC(377) Pause Young (Allocation Failure) 1297M->1290M(3959M) 629.543ms
[2025-08-01T02:48:51.065+0000] GC(377) User=0.63s Sys=0.00s Real=0.63s
[2025-08-01T02:48:51.278+0000] GC(378) Pause Young (Allocation Failure)
[2025-08-01T02:48:51.607+0000] GC(378) DefNew: 1258303K->139776K(1258304K)
[2025-08-01T02:48:51.607+0000] GC(378) Tenured: 1182144K->1579463K(2796224K)
[2025-08-01T02:48:51.607+0000] GC(378) Metaspace: 9707K(12544K)->9707K(12544K) NonClass: 8541K(11008K)->8541K(11008K) Class: 1166K(1536K)->1166K(1536K)
[2025-08-01T02:48:51.607+0000] GC(378) Pause Young (Allocation Failure) 2383M->1678M(3959M) 328.987ms
[2025-08-01T02:48:51.607+0000] GC(378) User=0.33s Sys=0.00s Real=0.33s
[2025-08-01T02:48:51.819+0000] GC(379) Pause Young (Allocation Failure)
[2025-08-01T02:48:51.819+0000] GC(380) Pause Full (Allocation Failure)
[2025-08-01T02:48:51.819+0000] GC(380) Phase 1: Mark live objects
[2025-08-01T02:48:52.016+0000] GC(380) Phase 1: Mark live objects 196.783ms
[2025-08-01T02:48:52.016+0000] GC(380) Phase 2: Compute new object addresses
[2025-08-01T02:48:52.396+0000] GC(380) Phase 2: Compute new object addresses 379.870ms
[2025-08-01T02:48:52.396+0000] GC(380) Phase 3: Adjust pointers
[2025-08-01T02:48:52.534+0000] GC(380) Phase 3: Adjust pointers 137.557ms
[2025-08-01T02:48:52.534+0000] GC(380) Phase 4: Move objects
[2025-08-01T02:48:53.015+0000] GC(380) Phase 4: Move objects 480.930ms
[2025-08-01T02:48:53.015+0000] GC(380) Pause Full (Allocation Failure) 2771M->1323M(3959M) 1196.098ms
[2025-08-01T02:48:53.015+0000] GC(379) DefNew: 1258304K->0K(1258304K)
[2025-08-01T02:48:53.015+0000] GC(379) Tenured: 1579463K->1354861K(2796224K)
[2025-08-01T02:48:53.015+0000] GC(379) Metaspace: 9707K(12544K)->9707K(12544K) NonClass: 8541K(11008K)->8541K(11008K) Class: 1166K(1536K)->1166K(1536K)
[2025-08-01T02:48:53.015+0000] GC(379) Pause Young (Allocation Failure) 2771M->1323M(3959M) 1196.268ms
[2025-08-01T02:48:53.015+0000] GC(379) User=1.20s Sys=0.00s Real=1.20s
[2025-08-01T02:48:53.229+0000] GC(381) Pause Young (Allocation Failure)
[2025-08-01T02:48:53.779+0000] GC(381) DefNew: 1118528K->139775K(1258304K)
[2025-08-01T02:48:53.779+0000] GC(381) Tenured: 1354861K->2046071K(2796224K)
[2025-08-01T02:48:53.779+0000] GC(381) Metaspace: 9707K(12544K)->9707K(12544K) NonClass: 8541K(11008K)->8541K(11008K) Class: 1166K(1536K)->1166K(1536K)
[2025-08-01T02:48:53.779+0000] GC(381) Pause Young (Allocation Failure) 2415M->2134M(3959M) 549.993ms
[2025-08-01T02:48:53.779+0000] GC(381) User=0.55s Sys=0.01s Real=0.55s
[2025-08-01T02:48:54.010+0000] GC(382) Pause Young (Allocation Failure)
[2025-08-01T02:48:54.011+0000] GC(383) Pause Full (Allocation Failure)
[2025-08-01T02:48:54.011+0000] GC(383) Phase 1: Mark live objects
[2025-08-01T02:48:54.050+0000] GC(383) Phase 1: Mark live objects 39.714ms
[2025-08-01T02:48:54.051+0000] GC(383) Phase 2: Compute new object addresses
[2025-08-01T02:48:54.652+0000] GC(383) Phase 2: Compute new object addresses 601.880ms
[2025-08-01T02:48:54.653+0000] GC(383) Phase 3: Adjust pointers
[2025-08-01T02:48:54.695+0000] GC(383) Phase 3: Adjust pointers 42.408ms
[2025-08-01T02:48:54.696+0000] GC(383) Phase 4: Move objects
[2025-08-01T02:48:54.766+0000] GC(383) Phase 4: Move objects 70.292ms
[2025-08-01T02:48:54.767+0000] GC(383) Pause Full (Allocation Failure) 3226M->333M(3959M) 756.533ms
[2025-08-01T02:48:54.767+0000] GC(382) DefNew: 1258303K->0K(1258304K)
[2025-08-01T02:48:54.767+0000] GC(382) Tenured: 2046071K->341607K(2796224K)
[2025-08-01T02:48:54.767+0000] GC(382) Metaspace: 9707K(12544K)->9707K(12544K) NonClass: 8541K(11008K)->8541K(11008K) Class: 1166K(1536K)->1166K(1536K)
[2025-08-01T02:48:54.767+0000] GC(382) Pause Young (Allocation Failure) 3226M->333M(3959M) 756.752ms
[2025-08-01T02:48:54.767+0000] GC(382) User=0.76s Sys=0.00s Real=0.76s
[2025-08-01T02:48:54.983+0000] GC(384) Pause Young (Allocation Failure)
[2025-08-01T02:48:55.696+0000] GC(384) DefNew: 1118528K->139776K(1258304K)
[2025-08-01T02:48:55.696+0000] GC(384) Tenured: 341607K->1308538K(2796224K)
[2025-08-01T02:48:55.696+0000] GC(384) Metaspace: 9707K(12544K)->9707K(12544K) NonClass: 8541K(11008K)->8541K(11008K) Class: 1166K(1536K)->1166K(1536K)
[2025-08-01T02:48:55.696+0000] GC(384) Pause Young (Allocation Failure) 1425M->1414M(3959M) 713.224ms
[2025-08-01T02:48:55.696+0000] GC(384) User=0.72s Sys=0.00s Real=0.71s
[2025-08-01T02:48:55.913+0000] GC(385) Pause Young (Allocation Failure)
[2025-08-01T02:48:56.274+0000] GC(385) DefNew: 1258304K->139775K(1258304K)
[2025-08-01T02:48:56.274+0000] GC(385) Tenured: 1308538K->1713356K(2796224K)
[2025-08-01T02:48:56.274+0000] GC(385) Metaspace: 9707K(12544K)->9707K(12544K) NonClass: 8541K(11008K)->8541K(11008K) Class: 1166K(1536K)->1166K(1536K)
[2025-08-01T02:48:56.274+0000] GC(385) Pause Young (Allocation Failure) 2506M->1809M(3959M) 361.109ms
[2025-08-01T02:48:56.274+0000] GC(385) User=0.36s Sys=0.00s Real=0.36s
[2025-08-01T02:48:56.485+0000] GC(386) Pause Young (Allocation Failure)
[2025-08-01T02:48:56.485+0000] GC(387) Pause Full (Allocation Failure)
[2025-08-01T02:48:56.485+0000] GC(387) Phase 1: Mark live objects
[2025-08-01T02:48:56.697+0000] GC(387) Phase 1: Mark live objects 211.923ms
[2025-08-01T02:48:56.697+0000] GC(387) Phase 2: Compute new object addresses
[2025-08-01T02:48:57.126+0000] GC(387) Phase 2: Compute new object addresses 428.623ms
[2025-08-01T02:48:57.126+0000] GC(387) Phase 3: Adjust pointers
[2025-08-01T02:48:57.340+0000] GC(387) Phase 3: Adjust pointers 214.239ms
[2025-08-01T02:48:57.340+0000] GC(387) Phase 4: Move objects
[2025-08-01T02:48:57.831+0000] GC(387) Phase 4: Move objects 490.270ms
[2025-08-01T02:48:57.831+0000] GC(387) Pause Full (Allocation Failure) 2902M->1190M(3959M) 1346.326ms
[2025-08-01T02:48:57.831+0000] GC(386) DefNew: 1258303K->0K(1258304K)
[2025-08-01T02:48:57.831+0000] GC(386) Tenured: 1713356K->1219231K(2796224K)
[2025-08-01T02:48:57.831+0000] GC(386) Metaspace: 9707K(12544K)->9707K(12544K) NonClass: 8541K(11008K)->8541K(11008K) Class: 1166K(1536K)->1166K(1536K)
[2025-08-01T02:48:57.831+0000] GC(386) Pause Young (Allocation Failure) 2902M->1190M(3959M) 1346.475ms
[2025-08-01T02:48:57.831+0000] GC(386) User=1.35s Sys=0.00s Real=1.34s
[2025-08-01T02:48:58.043+0000] GC(388) Pause Young (Allocation Failure)
[2025-08-01T02:48:58.548+0000] GC(388) DefNew: 1118528K->139775K(1258304K)
[2025-08-01T02:48:58.548+0000] GC(388) Tenured: 1219231K->1914309K(2796224K)
[2025-08-01T02:48:58.548+0000] GC(388) Metaspace: 9707K(12544K)->9707K(12544K) NonClass: 8541K(11008K)->8541K(11008K) Class: 1166K(1536K)->1166K(1536K)
[2025-08-01T02:48:58.548+0000] GC(388) Pause Young (Allocation Failure) 2282M->2005M(3959M) 504.924ms
[2025-08-01T02:48:58.548+0000] GC(388) User=0.51s Sys=0.00s Real=0.50s
[2025-08-01T02:48:58.758+0000] GC(389) Pause Young (Allocation Failure)
[2025-08-01T02:48:58.758+0000] GC(390) Pause Full (Allocation Failure)
[2025-08-01T02:48:58.758+0000] GC(390) Phase 1: Mark live objects
[2025-08-01T02:48:58.802+0000] GC(390) Phase 1: Mark live objects 43.942ms
[2025-08-01T02:48:58.802+0000] GC(390) Phase 2: Compute new object addresses
[2025-08-01T02:48:59.312+0000] GC(390) Phase 2: Compute new object addresses 509.240ms
[2025-08-01T02:48:59.312+0000] GC(390) Phase 3: Adjust pointers
[2025-08-01T02:48:59.348+0000] GC(390) Phase 3: Adjust pointers 36.249ms
[2025-08-01T02:48:59.348+0000] GC(390) Phase 4: Move objects
[2025-08-01T02:48:59.428+0000] GC(390) Phase 4: Move objects 80.147ms
[2025-08-01T02:48:59.430+0000] GC(390) Pause Full (Allocation Failure) 3098M->221M(3959M) 671.854ms
[2025-08-01T02:48:59.430+0000] GC(389) DefNew: 1258303K->0K(1258304K)
[2025-08-01T02:48:59.430+0000] GC(389) Tenured: 1914309K->226868K(2796224K)
[2025-08-01T02:48:59.430+0000] GC(389) Metaspace: 9707K(12544K)->9707K(12544K) NonClass: 8541K(11008K)->8541K(11008K) Class: 1166K(1536K)->1166K(1536K)
[2025-08-01T02:48:59.430+0000] GC(389) Pause Young (Allocation Failure) 3098M->221M(3959M) 672.087ms
[2025-08-01T02:48:59.430+0000] GC(389) User=0.67s Sys=0.00s Real=0.67s
[2025-08-01T02:48:59.648+0000] GC(391) Pause Young (Allocation Failure)
[2025-08-01T02:49:00.274+0000] GC(391) DefNew: 1118528K->139776K(1258304K)
[2025-08-01T02:49:00.274+0000] GC(391) Tenured: 226868K->1199108K(2796224K)
[2025-08-01T02:49:00.274+0000] GC(391) Metaspace: 9707K(12544K)->9707K(12544K) NonClass: 8541K(11008K)->8541K(11008K) Class: 1166K(1536K)->1166K(1536K)
[2025-08-01T02:49:00.274+0000] GC(391) Pause Young (Allocation Failure) 1313M->1307M(3959M) 625.588ms
[2025-08-01T02:49:00.274+0000] GC(391) User=0.62s Sys=0.00s Real=0.63s
[2025-08-01T02:49:00.484+0000] GC(392) Pause Young (Allocation Failure)
[2025-08-01T02:49:00.806+0000] GC(392) DefNew: 1258304K->139775K(1258304K)
[2025-08-01T02:49:00.806+0000] GC(392) Tenured: 1199108K->1609008K(2796224K)
[2025-08-01T02:49:00.806+0000] GC(392) Metaspace: 9707K(12544K)->9707K(12544K) NonClass: 8541K(11008K)->8541K(11008K) Class: 1166K(1536K)->1166K(1536K)
[2025-08-01T02:49:00.806+0000] GC(392) Pause Young (Allocation Failure) 2399M->1707M(3959M) 322.155ms
[2025-08-01T02:49:00.806+0000] GC(392) User=0.32s Sys=0.00s Real=0.32s
[2025-08-01T02:49:01.010+0000] GC(393) Pause Young (Allocation Failure)
[2025-08-01T02:49:01.010+0000] GC(394) Pause Full (Allocation Failure)
[2025-08-01T02:49:01.010+0000] GC(394) Phase 1: Mark live objects
[2025-08-01T02:49:01.199+0000] GC(394) Phase 1: Mark live objects 189.426ms
[2025-08-01T02:49:01.199+0000] GC(394) Phase 2: Compute new object addresses
[2025-08-01T02:49:01.669+0000] GC(394) Phase 2: Compute new object addresses 470.177ms
[2025-08-01T02:49:01.669+0000] GC(394) Phase 3: Adjust pointers
[2025-08-01T02:49:01.827+0000] GC(394) Phase 3: Adjust pointers 157.423ms
[2025-08-01T02:49:01.827+0000] GC(394) Phase 4: Move objects
[2025-08-01T02:49:02.356+0000] GC(394) Phase 4: Move objects 529.127ms
[2025-08-01T02:49:02.357+0000] GC(394) Pause Full (Allocation Failure) 2800M->1335M(3959M) 1347.660ms
[2025-08-01T02:49:02.357+0000] GC(393) DefNew: 1258303K->0K(1258304K)
[2025-08-01T02:49:02.357+0000] GC(393) Tenured: 1609008K->1367635K(2796224K)
[2025-08-01T02:49:02.357+0000] GC(393) Metaspace: 9707K(12544K)->9707K(12544K) NonClass: 8541K(11008K)->8541K(11008K) Class: 1166K(1536K)->1166K(1536K)
[2025-08-01T02:49:02.357+0000] GC(393) Pause Young (Allocation Failure) 2800M->1335M(3959M) 1347.851ms
[2025-08-01T02:49:02.357+0000] GC(393) User=1.35s Sys=0.00s Real=1.35s
[2025-08-01T02:49:02.570+0000] GC(395) Pause Young (Allocation Failure)
[2025-08-01T02:49:03.068+0000] GC(395) DefNew: 1118528K->139775K(1258304K)
[2025-08-01T02:49:03.068+0000] GC(395) Tenured: 1367635K->2058846K(2796224K)
[2025-08-01T02:49:03.068+0000] GC(395) Metaspace: 9707K(12544K)->9707K(12544K) NonClass: 8541K(11008K)->8541K(11008K) Class: 1166K(1536K)->1166K(1536K)
[2025-08-01T02:49:03.068+0000] GC(395) Pause Young (Allocation Failure) 2427M->2147M(3959M) 498.125ms
[2025-08-01T02:49:03.068+0000] GC(395) User=0.50s Sys=0.00s Real=0.50s
[2025-08-01T02:49:03.287+0000] GC(396) Pause Young (Allocation Failure)
[2025-08-01T02:49:03.287+0000] GC(397) Pause Full (Allocation Failure)
[2025-08-01T02:49:03.287+0000] GC(397) Phase 1: Mark live objects
[2025-08-01T02:49:03.342+0000] GC(397) Phase 1: Mark live objects 54.147ms
[2025-08-01T02:49:03.342+0000] GC(397) Phase 2: Compute new object addresses
[2025-08-01T02:49:03.861+0000] GC(397) Phase 2: Compute new object addresses 519.105ms
[2025-08-01T02:49:03.861+0000] GC(397) Phase 3: Adjust pointers
[2025-08-01T02:49:03.892+0000] GC(397) Phase 3: Adjust pointers 30.831ms
[2025-08-01T02:49:03.892+0000] GC(397) Phase 4: Move objects
[2025-08-01T02:49:03.962+0000] GC(397) Phase 4: Move objects 70.503ms
[2025-08-01T02:49:03.964+0000] GC(397) Pause Full (Allocation Failure) 3239M->344M(3959M) 676.225ms
[2025-08-01T02:49:03.964+0000] GC(396) DefNew: 1258303K->0K(1258304K)
[2025-08-01T02:49:03.964+0000] GC(396) Tenured: 2058846K->352933K(2796224K)
[2025-08-01T02:49:03.964+0000] GC(396) Metaspace: 9707K(12544K)->9707K(12544K) NonClass: 8541K(11008K)->8541K(11008K) Class: 1166K(1536K)->1166K(1536K)
[2025-08-01T02:49:03.964+0000] GC(396) Pause Young (Allocation Failure) 3239M->344M(3959M) 676.519ms
[2025-08-01T02:49:03.964+0000] GC(396) User=0.67s Sys=0.01s Real=0.68s
[2025-08-01T02:49:04.176+0000] GC(398) Pause Young (Allocation Failure)
[2025-08-01T02:49:04.677+0000] GC(398) DefNew: 1118528K->139776K(1258304K)
[2025-08-01T02:49:04.677+0000] GC(398) Tenured: 352933K->1044584K(2796224K)
[2025-08-01T02:49:04.677+0000] GC(398) Metaspace: 9707K(12544K)->9707K(12544K) NonClass: 8541K(11008K)->8541K(11008K) Class: 1166K(1536K)->1166K(1536K)
[2025-08-01T02:49:04.677+0000] GC(398) Pause Young (Allocation Failure) 1436M->1156M(3959M) 501.071ms
[2025-08-01T02:49:04.677+0000] GC(398) User=0.50s Sys=0.00s Real=0.50s
[2025-08-01T02:49:04.894+0000] GC(399) Pause Young (Allocation Failure)
[2025-08-01T02:49:05.220+0000] GC(399) DefNew: 1258304K->139775K(1258304K)
[2025-08-01T02:49:05.220+0000] GC(399) Tenured: 1044584K->1459199K(2796224K)
[2025-08-01T02:49:05.220+0000] GC(399) Metaspace: 9707K(12544K)->9707K(12544K) NonClass: 8541K(11008K)->8541K(11008K) Class: 1166K(1536K)->1166K(1536K)
[2025-08-01T02:49:05.220+0000] GC(399) Pause Young (Allocation Failure) 2248M->1561M(3959M) 325.924ms
[2025-08-01T02:49:05.220+0000] GC(399) User=0.32s Sys=0.00s Real=0.32s
[2025-08-01T02:49:05.438+0000] GC(400) Pause Young (Allocation Failure)
[2025-08-01T02:49:05.989+0000] GC(400) DefNew: 1258303K->139775K(1258304K)
[2025-08-01T02:49:05.989+0000] GC(400) Tenured: 1459199K->2303414K(2796224K)
[2025-08-01T02:49:05.989+0000] GC(400) Metaspace: 9707K(12544K)->9707K(12544K) NonClass: 8541K(11008K)->8541K(11008K) Class: 1166K(1536K)->1166K(1536K)
[2025-08-01T02:49:05.989+0000] GC(400) Pause Young (Allocation Failure) 2653M->2385M(3959M) 550.983ms
[2025-08-01T02:49:05.989+0000] GC(400) User=0.55s Sys=0.00s Real=0.55s
[2025-08-01T02:49:06.198+0000] GC(401) Pause Young (Allocation Failure)
[2025-08-01T02:49:06.198+0000] GC(402) Pause Full (Allocation Failure)
[2025-08-01T02:49:06.199+0000] GC(402) Phase 1: Mark live objects
[2025-08-01T02:49:06.370+0000] GC(402) Phase 1: Mark live objects 171.033ms
[2025-08-01T02:49:06.370+0000] GC(402) Phase 2: Compute new object addresses
[2025-08-01T02:49:06.803+0000] GC(402) Phase 2: Compute new object addresses 433.013ms
[2025-08-01T02:49:06.803+0000] GC(402) Phase 3: Adjust pointers
[2025-08-01T02:49:06.939+0000] GC(402) Phase 3: Adjust pointers 136.625ms
[2025-08-01T02:49:06.940+0000] GC(402) Phase 4: Move objects
[2025-08-01T02:49:07.285+0000] GC(402) Phase 4: Move objects 345.835ms
[2025-08-01T02:49:07.287+0000] GC(402) Pause Full (Allocation Failure) 3478M->930M(3959M) 1088.452ms
[2025-08-01T02:49:07.287+0000] GC(401) DefNew: 1258303K->0K(1258304K)
[2025-08-01T02:49:07.287+0000] GC(401) Tenured: 2303414K->953222K(2796224K)
[2025-08-01T02:49:07.287+0000] GC(401) Metaspace: 9707K(12544K)->9707K(12544K) NonClass: 8541K(11008K)->8541K(11008K) Class: 1166K(1536K)->1166K(1536K)
[2025-08-01T02:49:07.287+0000] GC(401) Pause Young (Allocation Failure) 3478M->930M(3959M) 1088.705ms
[2025-08-01T02:49:07.287+0000] GC(401) User=1.09s Sys=0.00s Real=1.09s
[2025-08-01T02:49:07.558+0000] GC(403) Pause Young (Allocation Failure)
[2025-08-01T02:49:07.842+0000] GC(403) DefNew: 1118528K->139775K(1258304K)
[2025-08-01T02:49:07.842+0000] GC(403) Tenured: 953222K->1274884K(2796224K)
[2025-08-01T02:49:07.842+0000] GC(403) Metaspace: 9707K(12544K)->9707K(12544K) NonClass: 8541K(11008K)->8541K(11008K) Class: 1166K(1536K)->1166K(1536K)
[2025-08-01T02:49:07.842+0000] GC(403) Pause Young (Allocation Failure) 2023M->1381M(3959M) 284.607ms
[2025-08-01T02:49:07.842+0000] GC(403) User=0.29s Sys=0.00s Real=0.28s
[2025-08-01T02:49:08.078+0000] GC(404) Pause Young (Allocation Failure)
[2025-08-01T02:49:08.609+0000] GC(404) DefNew: 1258303K->139775K(1258304K)
[2025-08-01T02:49:08.609+0000] GC(404) Tenured: 1274884K->1970261K(2796224K)
[2025-08-01T02:49:08.609+0000] GC(404) Metaspace: 9707K(12544K)->9707K(12544K) NonClass: 8541K(11008K)->8541K(11008K) Class: 1166K(1536K)->1166K(1536K)
[2025-08-01T02:49:08.609+0000] GC(404) Pause Young (Allocation Failure) 2473M->2060M(3959M) 530.521ms
[2025-08-01T02:49:08.609+0000] GC(404) User=0.53s Sys=0.00s Real=0.53s
[2025-08-01T02:49:08.864+0000] GC(405) Pause Young (Allocation Failure)
[2025-08-01T02:49:08.865+0000] GC(406) Pause Full (Allocation Failure)
[2025-08-01T02:49:08.865+0000] GC(406) Phase 1: Mark live objects
[2025-08-01T02:49:08.974+0000] GC(406) Phase 1: Mark live objects 109.214ms
[2025-08-01T02:49:08.974+0000] GC(406) Phase 2: Compute new object addresses
[2025-08-01T02:49:09.450+0000] GC(406) Phase 2: Compute new object addresses 475.560ms
[2025-08-01T02:49:09.450+0000] GC(406) Phase 3: Adjust pointers
[2025-08-01T02:49:09.533+0000] GC(406) Phase 3: Adjust pointers 83.465ms
[2025-08-01T02:49:09.533+0000] GC(406) Phase 4: Move objects
[2025-08-01T02:49:09.761+0000] GC(406) Phase 4: Move objects 227.744ms
[2025-08-01T02:49:09.762+0000] GC(406) Pause Full (Allocation Failure) 3152M->708M(3959M) 897.846ms
[2025-08-01T02:49:09.762+0000] GC(405) DefNew: 1258303K->0K(1258304K)
[2025-08-01T02:49:09.762+0000] GC(405) Tenured: 1970261K->725115K(2796224K)
[2025-08-01T02:49:09.762+0000] GC(405) Metaspace: 9707K(12544K)->9707K(12544K) NonClass: 8541K(11008K)->8541K(11008K) Class: 1166K(1536K)->1166K(1536K)
[2025-08-01T02:49:09.762+0000] GC(405) Pause Young (Allocation Failure) 3152M->708M(3959M) 898.034ms
[2025-08-01T02:49:09.762+0000] GC(405) User=0.90s Sys=0.00s Real=0.89s
[2025-08-01T02:49:10.018+0000] GC(407) Pause Young (Allocation Failure)
[2025-08-01T02:49:10.592+0000] GC(407) DefNew: 1118528K->139776K(1258304K)
[2025-08-01T02:49:10.592+0000] GC(407) Tenured: 725115K->1511495K(2796224K)
[2025-08-01T02:49:10.592+0000] GC(407) Metaspace: 9707K(12544K)->9707K(12544K) NonClass: 8541K(11008K)->8541K(11008K) Class: 1166K(1536K)->1166K(1536K)
[2025-08-01T02:49:10.592+0000] GC(407) Pause Young (Allocation Failure) 1800M->1612M(3959M) 574.114ms
[2025-08-01T02:49:10.592+0000] GC(407) User=0.58s Sys=0.00s Real=0.57s
[2025-08-01T02:49:10.846+0000] GC(408) Pause Young (Allocation Failure)
[2025-08-01T02:49:11.367+0000] GC(408) DefNew: 1258304K->139775K(1258304K)
[2025-08-01T02:49:11.367+0000] GC(408) Tenured: 1511495K->2238240K(2796224K)
[2025-08-01T02:49:11.367+0000] GC(408) Metaspace: 9707K(12544K)->9707K(12544K) NonClass: 8541K(11008K)->8541K(11008K) Class: 1166K(1536K)->1166K(1536K)
[2025-08-01T02:49:11.367+0000] GC(408) Pause Young (Allocation Failure) 2704M->2322M(3959M) 520.522ms
[2025-08-01T02:49:11.367+0000] GC(408) User=0.52s Sys=0.00s Real=0.52s
[2025-08-01T02:49:11.627+0000] GC(409) Pause Young (Allocation Failure)
[2025-08-01T02:49:11.627+0000] GC(410) Pause Full (Allocation Failure)
[2025-08-01T02:49:11.627+0000] GC(410) Phase 1: Mark live objects
[2025-08-01T02:49:11.676+0000] GC(410) Phase 1: Mark live objects 48.900ms
[2025-08-01T02:49:11.676+0000] GC(410) Phase 2: Compute new object addresses
[2025-08-01T02:49:12.187+0000] GC(410) Phase 2: Compute new object addresses 511.463ms
[2025-08-01T02:49:12.187+0000] GC(410) Phase 3: Adjust pointers
[2025-08-01T02:49:12.221+0000] GC(410) Phase 3: Adjust pointers 33.147ms
[2025-08-01T02:49:12.221+0000] GC(410) Phase 4: Move objects
[2025-08-01T02:49:12.298+0000] GC(410) Phase 4: Move objects 77.519ms
[2025-08-01T02:49:12.300+0000] GC(410) Pause Full (Allocation Failure) 3414M->356M(3959M) 673.226ms
[2025-08-01T02:49:12.300+0000] GC(409) DefNew: 1258303K->0K(1258304K)
[2025-08-01T02:49:12.300+0000] GC(409) Tenured: 2238240K->364733K(2796224K)
[2025-08-01T02:49:12.300+0000] GC(409) Metaspace: 9707K(12544K)->9707K(12544K) NonClass: 8541K(11008K)->8541K(11008K) Class: 1166K(1536K)->1166K(1536K)
[2025-08-01T02:49:12.300+0000] GC(409) Pause Young (Allocation Failure) 3414M->356M(3959M) 673.432ms
[2025-08-01T02:49:12.300+0000] GC(409) User=0.68s Sys=0.00s Real=0.67s
[2025-08-01T02:49:12.544+0000] GC(411) Pause Young (Allocation Failure)
[2025-08-01T02:49:13.111+0000] GC(411) DefNew: 1118528K->139775K(1258304K)
[2025-08-01T02:49:13.111+0000] GC(411) Tenured: 364733K->1059228K(2796224K)
[2025-08-01T02:49:13.111+0000] GC(411) Metaspace: 9707K(12544K)->9707K(12544K) NonClass: 8541K(11008K)->8541K(11008K) Class: 1166K(1536K)->1166K(1536K)
[2025-08-01T02:49:13.111+0000] GC(411) Pause Young (Allocation Failure) 1448M->1170M(3959M) 566.862ms
[2025-08-01T02:49:13.111+0000] GC(411) User=0.57s Sys=0.00s Real=0.56s
[2025-08-01T02:49:13.372+0000] GC(412) Pause Young (Allocation Failure)
[2025-08-01T02:49:13.799+0000] GC(412) DefNew: 1258303K->139775K(1258304K)
[2025-08-01T02:49:13.799+0000] GC(412) Tenured: 1059228K->1490256K(2796224K)
[2025-08-01T02:49:13.799+0000] GC(412) Metaspace: 9707K(12544K)->9707K(12544K) NonClass: 8541K(11008K)->8541K(11008K) Class: 1166K(1536K)->1166K(1536K)
[2025-08-01T02:49:13.799+0000] GC(412) Pause Young (Allocation Failure) 2263M->1591M(3959M) 426.301ms
[2025-08-01T02:49:13.799+0000] GC(412) User=0.43s Sys=0.00s Real=0.43s
[2025-08-01T02:49:14.048+0000] GC(413) Pause Young (Allocation Failure)
[2025-08-01T02:49:14.688+0000] GC(413) DefNew: 1258303K->139775K(1258304K)
[2025-08-01T02:49:14.688+0000] GC(413) Tenured: 1490256K->2338386K(2796224K)
[2025-08-01T02:49:14.689+0000] GC(413) Metaspace: 9707K(12544K)->9707K(12544K) NonClass: 8541K(11008K)->8541K(11008K) Class: 1166K(1536K)->1166K(1536K)
[2025-08-01T02:49:14.689+0000] GC(413) Pause Young (Allocation Failure) 2684M->2420M(3959M) 640.457ms
[2025-08-01T02:49:14.689+0000] GC(413) User=0.64s Sys=0.00s Real=0.64s
[2025-08-01T02:49:14.929+0000] GC(414) Pause Young (Allocation Failure)
[2025-08-01T02:49:14.929+0000] GC(415) Pause Full (Allocation Failure)
[2025-08-01T02:49:14.929+0000] GC(415) Phase 1: Mark live objects
[2025-08-01T02:49:15.075+0000] GC(415) Phase 1: Mark live objects 146.445ms
[2025-08-01T02:49:15.075+0000] GC(415) Phase 2: Compute new object addresses
[2025-08-01T02:49:15.470+0000] GC(415) Phase 2: Compute new object addresses 394.989ms
[2025-08-01T02:49:15.470+0000] GC(415) Phase 3: Adjust pointers
[2025-08-01T02:49:15.604+0000] GC(415) Phase 3: Adjust pointers 133.741ms
[2025-08-01T02:49:15.604+0000] GC(415) Phase 4: Move objects
[2025-08-01T02:49:15.955+0000] GC(415) Phase 4: Move objects 351.168ms
[2025-08-01T02:49:15.956+0000] GC(415) Pause Full (Allocation Failure) 3512M->1084M(3959M) 1027.879ms
[2025-08-01T02:49:15.957+0000] GC(414) DefNew: 1258303K->0K(1258304K)
[2025-08-01T02:49:15.957+0000] GC(414) Tenured: 2338386K->1110807K(2796224K)
[2025-08-01T02:49:15.957+0000] GC(414) Metaspace: 9707K(12544K)->9707K(12544K) NonClass: 8541K(11008K)->8541K(11008K) Class: 1166K(1536K)->1166K(1536K)
[2025-08-01T02:49:15.957+0000] GC(414) Pause Young (Allocation Failure) 3512M->1084M(3959M) 1028.049ms
[2025-08-01T02:49:15.957+0000] GC(414) User=1.02s Sys=0.00s Real=1.03s
[2025-08-01T02:49:16.198+0000] GC(416) Pause Young (Allocation Failure)
[2025-08-01T02:49:16.330+0000] GC(416) DefNew: 1118528K->139775K(1258304K)
[2025-08-01T02:49:16.330+0000] GC(416) Tenured: 1110807K->1172253K(2796224K)
[2025-08-01T02:49:16.330+0000] GC(416) Metaspace: 9707K(12544K)->9707K(12544K) NonClass: 8541K(11008K)->8541K(11008K) Class: 1166K(1536K)->1166K(1536K)
[2025-08-01T02:49:16.330+0000] GC(416) Pause Young (Allocation Failure) 2177M->1281M(3959M) 132.078ms
[2025-08-01T02:49:16.330+0000] GC(416) User=0.14s Sys=0.00s Real=0.13s
[2025-08-01T02:49:16.583+0000] GC(417) Pause Young (Allocation Failure)
[2025-08-01T02:49:17.074+0000] GC(417) DefNew: 1258303K->139775K(1258304K)
[2025-08-01T02:49:17.074+0000] GC(417) Tenured: 1172253K->1869582K(2796224K)
[2025-08-01T02:49:17.074+0000] GC(417) Metaspace: 9707K(12544K)->9707K(12544K) NonClass: 8541K(11008K)->8541K(11008K) Class: 1166K(1536K)->1166K(1536K)
[2025-08-01T02:49:17.074+0000] GC(417) Pause Young (Allocation Failure) 2373M->1962M(3959M) 490.498ms
[2025-08-01T02:49:17.074+0000] GC(417) User=0.49s Sys=0.00s Real=0.49s
[2025-08-01T02:49:17.307+0000] GC(418) Pause Young (Allocation Failure)
[2025-08-01T02:49:17.307+0000] GC(419) Pause Full (Allocation Failure)
[2025-08-01T02:49:17.307+0000] GC(419) Phase 1: Mark live objects
[2025-08-01T02:49:17.418+0000] GC(419) Phase 1: Mark live objects 110.788ms
[2025-08-01T02:49:17.418+0000] GC(419) Phase 2: Compute new object addresses
[2025-08-01T02:49:17.945+0000] GC(419) Phase 2: Compute new object addresses 526.655ms
[2025-08-01T02:49:17.945+0000] GC(419) Phase 3: Adjust pointers
[2025-08-01T02:49:18.033+0000] GC(419) Phase 3: Adjust pointers 88.401ms
[2025-08-01T02:49:18.034+0000] GC(419) Phase 4: Move objects
[2025-08-01T02:49:18.276+0000] GC(419) Phase 4: Move objects 242.885ms
[2025-08-01T02:49:18.278+0000] GC(419) Pause Full (Allocation Failure) 3054M->594M(3959M) 970.321ms
[2025-08-01T02:49:18.278+0000] GC(418) DefNew: 1258303K->0K(1258304K)
[2025-08-01T02:49:18.278+0000] GC(418) Tenured: 1869582K->609014K(2796224K)
[2025-08-01T02:49:18.278+0000] GC(418) Metaspace: 9707K(12544K)->9707K(12544K) NonClass: 8541K(11008K)->8541K(11008K) Class: 1166K(1536K)->1166K(1536K)
[2025-08-01T02:49:18.278+0000] GC(418) Pause Young (Allocation Failure) 3054M->594M(3959M) 970.513ms
[2025-08-01T02:49:18.278+0000] GC(418) User=0.97s Sys=0.00s Real=0.97s
[2025-08-01T02:49:18.527+0000] GC(420) Pause Young (Allocation Failure)
[2025-08-01T02:49:19.134+0000] GC(420) DefNew: 1118528K->139775K(1258304K)
[2025-08-01T02:49:19.134+0000] GC(420) Tenured: 609014K->1386157K(2796224K)
[2025-08-01T02:49:19.134+0000] GC(420) Metaspace: 9707K(12544K)->9707K(12544K) NonClass: 8541K(11008K)->8541K(11008K) Class: 1166K(1536K)->1166K(1536K)
[2025-08-01T02:49:19.134+0000] GC(420) Pause Young (Allocation Failure) 1687M->1490M(3959M) 606.997ms
[2025-08-01T02:49:19.134+0000] GC(420) User=0.61s Sys=0.00s Real=0.61s
[2025-08-01T02:49:19.378+0000] GC(421) Pause Young (Allocation Failure)
[2025-08-01T02:49:19.919+0000] GC(421) DefNew: 1258303K->139776K(1258304K)
[2025-08-01T02:49:19.919+0000] GC(421) Tenured: 1386157K->2128242K(2796224K)
[2025-08-01T02:49:19.919+0000] GC(421) Metaspace: 9707K(12544K)->9707K(12544K) NonClass: 8541K(11008K)->8541K(11008K) Class: 1166K(1536K)->1166K(1536K)
[2025-08-01T02:49:19.919+0000] GC(421) Pause Young (Allocation Failure) 2582M->2214M(3959M) 540.569ms
[2025-08-01T02:49:19.919+0000] GC(421) User=0.55s Sys=0.00s Real=0.54s
[2025-08-01T02:49:20.161+0000] GC(422) Pause Young (Allocation Failure)
[2025-08-01T02:49:20.161+0000] GC(423) Pause Full (Allocation Failure)
[2025-08-01T02:49:20.161+0000] GC(423) Phase 1: Mark live objects
[2025-08-01T02:49:20.211+0000] GC(423) Phase 1: Mark live objects 49.514ms
[2025-08-01T02:49:20.211+0000] GC(423) Phase 2: Compute new object addresses
[2025-08-01T02:49:20.728+0000] GC(423) Phase 2: Compute new object addresses 516.942ms
[2025-08-01T02:49:20.728+0000] GC(423) Phase 3: Adjust pointers
[2025-08-01T02:49:20.763+0000] GC(423) Phase 3: Adjust pointers 35.276ms
[2025-08-01T02:49:20.763+0000] GC(423) Phase 4: Move objects
[2025-08-01T02:49:20.841+0000] GC(423) Phase 4: Move objects 77.446ms
[2025-08-01T02:49:20.842+0000] GC(423) Pause Full (Allocation Failure) 3307M->371M(3959M) 680.894ms
[2025-08-01T02:49:20.842+0000] GC(422) DefNew: 1258304K->0K(1258304K)
[2025-08-01T02:49:20.842+0000] GC(422) Tenured: 2128242K->380271K(2796224K)
[2025-08-01T02:49:20.842+0000] GC(422) Metaspace: 9707K(12544K)->9707K(12544K) NonClass: 8541K(11008K)->8541K(11008K) Class: 1166K(1536K)->1166K(1536K)
[2025-08-01T02:49:20.842+0000] GC(422) Pause Young (Allocation Failure) 3307M->371M(3959M) 681.135ms
[2025-08-01T02:49:20.842+0000] GC(422) User=0.68s Sys=0.01s Real=0.68s
[2025-08-01T02:49:21.073+0000] GC(424) Pause Young (Allocation Failure)
[2025-08-01T02:49:21.567+0000] GC(424) DefNew: 1118528K->139775K(1258304K)
[2025-08-01T02:49:21.567+0000] GC(424) Tenured: 380271K->1071936K(2796224K)
[2025-08-01T02:49:21.567+0000] GC(424) Metaspace: 9707K(12544K)->9707K(12544K) NonClass: 8541K(11008K)->8541K(11008K) Class: 1166K(1536K)->1166K(1536K)
[2025-08-01T02:49:21.567+0000] GC(424) Pause Young (Allocation Failure) 1463M->1183M(3959M) 493.923ms
[2025-08-01T02:49:21.567+0000] GC(424) User=0.49s Sys=0.00s Real=0.49s
[2025-08-01T02:49:21.817+0000] GC(425) Pause Young (Allocation Failure)
[2025-08-01T02:49:22.168+0000] GC(425) DefNew: 1258303K->139776K(1258304K)
[2025-08-01T02:49:22.168+0000] GC(425) Tenured: 1071936K->1515168K(2796224K)
[2025-08-01T02:49:22.168+0000] GC(425) Metaspace: 9707K(12544K)->9707K(12544K) NonClass: 8541K(11008K)->8541K(11008K) Class: 1166K(1536K)->1166K(1536K)
[2025-08-01T02:49:22.168+0000] GC(425) Pause Young (Allocation Failure) 2275M->1616M(3959M) 350.482ms
[2025-08-01T02:49:22.168+0000] GC(425) User=0.35s Sys=0.00s Real=0.35s
[2025-08-01T02:49:22.435+0000] GC(426) Pause Young (Allocation Failure)
[2025-08-01T02:49:23.141+0000] GC(426) DefNew: 1258304K->139775K(1258304K)
[2025-08-01T02:49:23.141+0000] GC(426) Tenured: 1515168K->2364658K(2796224K)
[2025-08-01T02:49:23.141+0000] GC(426) Metaspace: 9707K(12544K)->9707K(12544K) NonClass: 8541K(11008K)->8541K(11008K) Class: 1166K(1536K)->1166K(1536K)
[2025-08-01T02:49:23.141+0000] GC(426) Pause Young (Allocation Failure) 2708M->2445M(3959M) 706.010ms
[2025-08-01T02:49:23.141+0000] GC(426) User=0.70s Sys=0.00s Real=0.70s
[2025-08-01T02:49:23.399+0000] GC(427) Pause Young (Allocation Failure)
[2025-08-01T02:49:23.399+0000] GC(428) Pause Full (Allocation Failure)
[2025-08-01T02:49:23.399+0000] GC(428) Phase 1: Mark live objects
[2025-08-01T02:49:23.614+0000] GC(428) Phase 1: Mark live objects 214.815ms
[2025-08-01T02:49:23.614+0000] GC(428) Phase 2: Compute new object addresses
[2025-08-01T02:49:24.177+0000] GC(428) Phase 2: Compute new object addresses 563.076ms
[2025-08-01T02:49:24.177+0000] GC(428) Phase 3: Adjust pointers
[2025-08-01T02:49:24.368+0000] GC(428) Phase 3: Adjust pointers 191.116ms
[2025-08-01T02:49:24.368+0000] GC(428) Phase 4: Move objects
[2025-08-01T02:49:24.760+0000] GC(428) Phase 4: Move objects 391.414ms
[2025-08-01T02:49:24.761+0000] GC(428) Pause Full (Allocation Failure) 3538M->1101M(3959M) 1362.206ms
[2025-08-01T02:49:24.761+0000] GC(427) DefNew: 1258303K->0K(1258304K)
[2025-08-01T02:49:24.761+0000] GC(427) Tenured: 2364658K->1128079K(2796224K)
[2025-08-01T02:49:24.761+0000] GC(427) Metaspace: 9707K(12544K)->9707K(12544K) NonClass: 8541K(11008K)->8541K(11008K) Class: 1166K(1536K)->1166K(1536K)
[2025-08-01T02:49:24.761+0000] GC(427) Pause Young (Allocation Failure) 3538M->1101M(3959M) 1362.397ms
[2025-08-01T02:49:24.761+0000] GC(427) User=1.36s Sys=0.01s Real=1.36s
[2025-08-01T02:49:25.004+0000] GC(429) Pause Young (Allocation Failure)
[2025-08-01T02:49:25.147+0000] GC(429) DefNew: 1118528K->139775K(1258304K)
[2025-08-01T02:49:25.147+0000] GC(429) Tenured: 1128079K->1202071K(2796224K)
[2025-08-01T02:49:25.147+0000] GC(429) Metaspace: 9707K(12544K)->9707K(12544K) NonClass: 8541K(11008K)->8541K(11008K) Class: 1166K(1536K)->1166K(1536K)
[2025-08-01T02:49:25.147+0000] GC(429) Pause Young (Allocation Failure) 2193M->1310M(3959M) 143.097ms
[2025-08-01T02:49:25.147+0000] GC(429) User=0.14s Sys=0.00s Real=0.14s
[2025-08-01T02:49:25.395+0000] GC(430) Pause Young (Allocation Failure)
[2025-08-01T02:49:25.970+0000] GC(430) DefNew: 1258303K->139776K(1258304K)
[2025-08-01T02:49:25.970+0000] GC(430) Tenured: 1202071K->1906450K(2796224K)
[2025-08-01T02:49:25.970+0000] GC(430) Metaspace: 9707K(12544K)->9707K(12544K) NonClass: 8541K(11008K)->8541K(11008K) Class: 1166K(1536K)->1166K(1536K)
[2025-08-01T02:49:25.970+0000] GC(430) Pause Young (Allocation Failure) 2402M->1998M(3959M) 574.856ms
[2025-08-01T02:49:25.970+0000] GC(430) User=0.58s Sys=0.00s Real=0.57s
[2025-08-01T02:49:26.198+0000] GC(431) Pause Young (Allocation Failure)
[2025-08-01T02:49:26.198+0000] GC(432) Pause Full (Allocation Failure)
[2025-08-01T02:49:26.198+0000] GC(432) Phase 1: Mark live objects
[2025-08-01T02:49:26.345+0000] GC(432) Phase 1: Mark live objects 146.575ms
[2025-08-01T02:49:26.345+0000] GC(432) Phase 2: Compute new object addresses
[2025-08-01T02:49:26.925+0000] GC(432) Phase 2: Compute new object addresses 580.252ms
[2025-08-01T02:49:26.925+0000] GC(432) Phase 3: Adjust pointers
[2025-08-01T02:49:27.023+0000] GC(432) Phase 3: Adjust pointers 97.614ms
[2025-08-01T02:49:27.023+0000] GC(432) Phase 4: Move objects
[2025-08-01T02:49:27.300+0000] GC(432) Phase 4: Move objects 276.813ms
[2025-08-01T02:49:27.302+0000] GC(432) Pause Full (Allocation Failure) 3090M->735M(3959M) 1103.319ms
[2025-08-01T02:49:27.302+0000] GC(431) DefNew: 1258304K->0K(1258304K)
[2025-08-01T02:49:27.302+0000] GC(431) Tenured: 1906450K->753243K(2796224K)
[2025-08-01T02:49:27.302+0000] GC(431) Metaspace: 9707K(12544K)->9707K(12544K) NonClass: 8541K(11008K)->8541K(11008K) Class: 1166K(1536K)->1166K(1536K)
[2025-08-01T02:49:27.302+0000] GC(431) Pause Young (Allocation Failure) 3090M->735M(3959M) 1103.663ms
[2025-08-01T02:49:27.302+0000] GC(431) User=1.11s Sys=0.00s Real=1.10s
[2025-08-01T02:49:27.308+0000] Heap
[2025-08-01T02:49:27.308+0000]  def new generation   total 1258304K, used 33282K [0x0000000700000000, 0x0000000755550000, 0x0000000755550000)
[2025-08-01T02:49:27.308+0000]   eden space 1118528K,   2% used [0x0000000700000000, 0x0000000702080b30, 0x0000000744450000)
[2025-08-01T02:49:27.308+0000]   from space 139776K,   0% used [0x000000074ccd0000, 0x000000074ccd0000, 0x0000000755550000)
[2025-08-01T02:49:27.308+0000]   to   space 139776K,   0% used [0x0000000744450000, 0x0000000744450000, 0x000000074ccd0000)
[2025-08-01T02:49:27.308+0000]  tenured generation   total 2796224K, used 753243K [0x0000000755550000, 0x0000000800000000, 0x0000000800000000)
[2025-08-01T02:49:27.308+0000]    the space 2796224K,  26% used [0x0000000755550000, 0x00000007834e6de0, 0x00000007834e6e00, 0x0000000800000000)
[2025-08-01T02:49:27.308+0000]  Metaspace       used 9710K, capacity 12439K, committed 12544K, reserved 1060864K
[2025-08-01T02:49:27.308+0000]   class space    used 1166K, capacity 1493K, committed 1536K, reserved 1048576K
