gc_id,timestamp,gc_type,heap_before_mb,heap_after_mb,heap_total_mb,pause_ms,concurrent_ms,user_time,sys_time,real_time,metaspace_used_mb,reclaimed_mb,live_mb,allocated_mb,garbage_mb
0,2025-08-01T14:51:14.131,Normal) (G1 Evacuation Pause) 205M->181M(4096M,205.0,181.0,4096.0,69.383,,0.18,0.24,0.07,10.398,,,,
1,2025-08-01T14:51:14.222,Normal) (G1 Evacuation Pause) 359M->361M(4096M,359.0,361.0,4096.0,81.156,,0.28,0.33,0.09,10.407,,,,
2,2025-08-01T14:51:14.362,Normal) (G1 Evacuation Pause) 539M->542M(4096M,539.0,542.0,4096.0,74.946,,0.25,0.32,0.08,10.407,,,,
3,2025-08-01T14:51:14.454,Normal) (G1 Evacuation Pause) 720M->724M(4096M,720.0,724.0,4096.0,67.178,,0.22,0.29,0.06,10.407,,,,
4,2025-08-01T14:51:14.588,Normal) (G1 Evacuation Pause) 902M->903M(4096M,902.0,903.0,4096.0,119.407,,0.35,0.55,0.12,10.407,,,,
5,2025-08-01T14:51:14.726,Normal) (G1 Evacuation Pause) 1081M->1085M(4096M,1081.0,1085.0,4096.0,84.432,,0.23,0.41,0.08,10.407,,,,
6,2025-08-01T14:51:14.875,Normal) (G1 Evacuation Pause) 1263M->1266M(4096M,1263.0,1266.0,4096.0,100.388,,0.25,0.52,0.1,10.407,,,,
7,2025-08-01T14:51:14.990,Normal) (G1 Evacuation Pause) 1444M->1448M(4096M,1444.0,1448.0,4096.0,66.883,,0.18,0.31,0.07,10.407,,,,
8,2025-08-01T14:51:15.123,Normal) (G1 Evacuation Pause) 1626M->1599M(4096M,1626.0,1599.0,4096.0,58.649,,0.2,0.24,0.05,10.407,,,,
9,2025-08-01T14:51:15.198,Normal) (G1 Evacuation Pause) 1777M->1782M(4096M,1777.0,1782.0,4096.0,70.008,,0.23,0.32,0.07,10.407,,,,
10,2025-08-01T14:51:15.335,Normal) (G1 Evacuation Pause) 1960M->1863M(4096M,1960.0,1863.0,4096.0,49.788,,0.17,0.18,0.05,10.407,,,,
11,2025-08-01T14:51:15.404,Normal) (G1 Evacuation Pause) 2041M->2045M(4096M,2041.0,2045.0,4096.0,72.854,,0.25,0.31,0.07,10.407,,,,
12,2025-08-01T14:51:15.543,Concurrent Start) (G1 Evacuation Pause) 2223M->2226M(4096M,2223.0,2226.0,4096.0,128.837,128.837,0.43,0.57,0.13,10.407,,,,
14,2025-08-01T14:51:15.688,Normal) (G1 Evacuation Pause) 2404M->2406M(4096M,2404.0,2406.0,4096.0,76.908,,0.25,0.28,0.08,10.407,,,,
15,2025-08-01T14:51:15.833,Normal) (G1 Evacuation Pause) 2610M->2615M(4096M,2610.0,2615.0,4096.0,110.982,,0.35,0.5,0.11,10.407,,,,
16,2025-08-01T14:51:15.967,Normal) (G1 Evacuation Pause) 2837M->2840M(4096M,2837.0,2840.0,4096.0,98.179,,0.3,0.45,0.1,10.407,,,,
17,2025-08-01T14:51:16.137,Normal) (G1 Evacuation Pause) 1442M->1446M(4096M,1442.0,1446.0,4096.0,58.729,,0.38,0.08,0.06,10.407,,,,
18,2025-08-01T14:51:16.277,Normal) (G1 Evacuation Pause) 1738M->1699M(4096M,1738.0,1699.0,4096.0,65.818,,0.36,0.13,0.06,10.407,,,,
19,2025-08-01T14:51:16.434,Prepare Mixed) (G1 Evacuation Pause) 2035M->1795M(4096M,2035.0,1795.0,4096.0,46.841,,0.21,0.14,0.04,10.407,,,,
20,2025-08-01T14:51:16.586,Mixed) (G1 Evacuation Pause) 2187M->2170M(4096M,2187.0,2170.0,4096.0,131.941,,0.67,0.33,0.13,10.407,,,,
21,2025-08-01T14:51:16.810,Normal) (G1 Evacuation Pause) 2530M->2534M(4096M,2530.0,2534.0,4096.0,86.57,,0.55,0.1,0.09,10.407,,,,
22,2025-08-01T14:51:16.995,Normal) (G1 Evacuation Pause) 2936M->2940M(4096M,2936.0,2940.0,4096.0,95.631,,0.54,0.19,0.09,10.407,,,,
23,2025-08-01T14:51:17.174,Normal) (G1 Evacuation Pause) 3300M->3224M(4096M,3300.0,3224.0,4096.0,98.222,,0.38,0.38,0.09,10.407,,,,
24,2025-08-01T14:51:17.345,Concurrent Start) (G1 Evacuation Pause) 3496M->3270M(4096M,3496.0,3270.0,4096.0,46.973,46.973,0.18,0.17,0.04,10.407,,,,
26,2025-08-01T14:51:17.417,Normal) (G1 Evacuation Pause) 3544M->3548M(4096M,3544.0,3548.0,4096.0,113.451,,0.41,0.49,0.11,10.407,,,,
27,2025-08-01T14:51:17.597,Prepare Mixed) (G1 Evacuation Pause) 712M->716M(4096M,712.0,716.0,4096.0,42.9,,0.31,0.0,0.04,10.407,,,,
28,2025-08-01T14:51:17.746,Mixed) (G1 Evacuation Pause) 1226M->1206M(4096M,1226.0,1206.0,4096.0,115.787,,0.74,0.16,0.11,10.407,,,,
29,2025-08-01T14:51:18.000,Normal) (G1 Evacuation Pause) 1682M->1565M(4096M,1682.0,1565.0,4096.0,139.725,,0.87,0.15,0.14,10.407,,,,
30,2025-08-01T14:51:18.250,Normal) (G1 Evacuation Pause) 2055M->1748M(4096M,2055.0,1748.0,4096.0,61.045,,0.42,0.05,0.06,10.407,,,,
31,2025-08-01T14:51:18.458,Normal) (G1 Evacuation Pause) 2324M->2326M(4096M,2324.0,2326.0,4096.0,174.134,,1.25,0.1,0.17,10.407,,,,
32,2025-08-01T14:51:18.728,Concurrent Start) (G1 Evacuation Pause) 2890M->2895M(4096M,2890.0,2895.0,4096.0,167.426,167.426,1.18,0.12,0.17,10.407,,,,
34,2025-08-01T14:51:18.978,Normal) (G1 Evacuation Pause) 3271M->3162M(4096M,3271.0,3162.0,4096.0,61.42,,0.45,0.01,0.06,10.407,,,,
35,2025-08-01T14:51:19.114,Normal) (G1 Evacuation Pause) 3454M->3329M(4096M,3454.0,3329.0,4096.0,37.448,,0.26,0.02,0.03,10.407,,,,
36,2025-08-01T14:51:19.217,Normal) (G1 Evacuation Pause) 2153M->2154M(4096M,2153.0,2154.0,4096.0,46.921,,0.31,0.0,0.05,10.407,,,,
37,2025-08-01T14:51:19.369,Normal) (G1 Evacuation Pause) 2772M->2777M(4096M,2772.0,2777.0,4096.0,113.812,,0.86,0.02,0.11,10.407,,,,
38,2025-08-01T14:51:19.568,Prepare Mixed) (G1 Evacuation Pause) 3191M->3195M(4096M,3191.0,3195.0,4096.0,76.403,,0.57,0.01,0.08,10.407,,,,
39,2025-08-01T14:51:19.719,Mixed) (G1 Evacuation Pause) 3475M->3351M(4096M,3475.0,3351.0,4096.0,64.214,,0.42,0.05,0.07,10.407,,,,
40,2025-08-01T14:51:19.857,Concurrent Start) (G1 Evacuation Pause) 3585M->3470M(4096M,3585.0,3470.0,4096.0,31.882,31.882,0.21,0.01,0.03,10.407,,,,
42,2025-08-01T14:51:19.909,Normal) (G1 Evacuation Pause) 3670M->3672M(4096M,3670.0,3672.0,4096.0,51.468,,0.34,0.01,0.05,10.407,,,,
43,2025-08-01T14:51:20.024,Normal) (G1 Evacuation Pause) 774M->777M(4096M,774.0,777.0,4096.0,39.676,,0.25,0.03,0.04,10.407,,,,
44,2025-08-01T14:51:20.303,Prepare Mixed) (G1 Evacuation Pause) 1849M->1327M(4096M,1849.0,1327.0,4096.0,112.053,,0.82,0.02,0.12,10.407,,,,
45,2025-08-01T14:51:20.512,Mixed) (G1 Evacuation Pause) 1871M->1579M(4096M,1871.0,1579.0,4096.0,72.329,,0.54,0.02,0.08,10.407,,,,
46,2025-08-01T14:51:20.743,Mixed) (G1 Evacuation Pause) 2287M->2285M(4096M,2287.0,2285.0,4096.0,155.944,,1.13,0.08,0.16,10.407,,,,
47,2025-08-01T14:51:20.998,Mixed) (G1 Evacuation Pause) 2881M->2575M(4096M,2881.0,2575.0,4096.0,73.872,,0.55,0.01,0.07,10.407,,,,
48,2025-08-01T14:51:21.165,Concurrent Start) (G1 Evacuation Pause) 3089M->2861M(4096M,3089.0,2861.0,4096.0,71.272,71.272,0.48,0.02,0.07,10.407,,,,
50,2025-08-01T14:51:21.330,Normal) (G1 Evacuation Pause) 997M->1000M(4096M,997.0,1000.0,4096.0,80.107,,0.6,0.01,0.08,10.407,,,,
51,2025-08-01T14:51:21.653,Prepare Mixed) (G1 Evacuation Pause) 2072M->1704M(4096M,2072.0,1704.0,4096.0,173.858,,1.29,0.07,0.17,10.407,,,,
52,2025-08-01T14:51:21.998,Mixed) (G1 Evacuation Pause) 2528M->2337M(4096M,2528.0,2337.0,4096.0,226.36,,1.61,0.1,0.23,10.407,,,,
53,2025-08-01T14:51:22.375,Concurrent Start) (G1 Evacuation Pause) 2899M->2617M(4096M,2899.0,2617.0,4096.0,138.473,138.473,0.97,0.08,0.14,10.407,,,,
55,2025-08-01T14:51:22.623,Normal) (G1 Evacuation Pause) 3109M->3114M(4096M,3109.0,3114.0,4096.0,89.702,,0.69,0.0,0.09,10.407,,,,
56,2025-08-01T14:51:22.792,Normal) (G1 Evacuation Pause) 1628M->1531M(4096M,1628.0,1531.0,4096.0,62.984,,0.44,0.03,0.07,10.407,,,,
57,2025-08-01T14:51:23.032,Prepare Mixed) (G1 Evacuation Pause) 2397M->2219M(4096M,2397.0,2219.0,4096.0,141.705,,1.03,0.07,0.15,10.407,,,,
58,2025-08-01T14:51:23.327,Mixed) (G1 Evacuation Pause) 2839M->2712M(4096M,2839.0,2712.0,4096.0,113.53,,0.84,0.02,0.11,10.407,,,,
59,2025-08-01T14:51:23.525,Concurrent Start) (G1 Evacuation Pause) 3152M->3037M(4096M,3152.0,3037.0,4096.0,136.99,136.99,0.97,0.08,0.13,10.407,,,,
61,2025-08-01T14:51:23.748,Normal) (G1 Evacuation Pause) 3379M->3381M(4096M,3379.0,3381.0,4096.0,84.296,,0.6,0.04,0.08,10.407,,,,
62,2025-08-01T14:51:23.858,Normal) (G1 Evacuation Pause) 1383M->1387M(4096M,1383.0,1387.0,4096.0,45.999,,0.33,0.0,0.05,10.407,,,,
63,2025-08-01T14:51:24.128,Prepare Mixed) (G1 Evacuation Pause) 2245M->1871M(4096M,2245.0,1871.0,4096.0,95.753,,0.71,0.02,0.1,10.407,,,,
64,2025-08-01T14:51:24.388,Mixed) (G1 Evacuation Pause) 2613M->2450M(4096M,2613.0,2450.0,4096.0,196.751,,1.37,0.13,0.2,10.407,,,,
65,2025-08-01T14:51:24.683,Concurrent Start) (G1 Evacuation Pause) 2978M->2897M(4096M,2978.0,2897.0,4096.0,98.375,98.375,0.75,0.02,0.1,10.407,,,,
67,2025-08-01T14:51:24.862,Normal) (G1 Evacuation Pause) 3277M->3236M(4096M,3277.0,3236.0,4096.0,67.089,,0.51,0.0,0.07,10.407,,,,
68,2025-08-01T14:51:25.001,Normal) (G1 Evacuation Pause) 1888M->1722M(4096M,1888.0,1722.0,4096.0,35.165,,0.22,0.02,0.04,10.407,,,,
69,2025-08-01T14:51:25.199,Normal) (G1 Evacuation Pause) 2504M->2508M(4096M,2504.0,2508.0,4096.0,126.223,,0.95,0.0,0.13,10.407,,,,
70,2025-08-01T14:51:25.420,Prepare Mixed) (G1 Evacuation Pause) 3014M->2977M(4096M,3014.0,2977.0,4096.0,100.997,,0.78,0.0,0.1,10.407,,,,
71,2025-08-01T14:51:25.597,Mixed) (G1 Evacuation Pause) 3325M->3119M(4096M,3325.0,3119.0,4096.0,74.229,,0.51,0.03,0.07,10.407,,,,
72,2025-08-01T14:51:25.758,Concurrent Start) (G1 Evacuation Pause) 3439M->3350M(4096M,3439.0,3350.0,4096.0,73.149,73.149,0.46,0.05,0.07,10.407,,,,
74,2025-08-01T14:51:25.855,Normal) (G1 Evacuation Pause) 3590M->3594M(4096M,3590.0,3594.0,4096.0,63.434,,0.41,0.02,0.06,10.407,,,,
75,2025-08-01T14:51:25.982,Normal) (G1 Evacuation Pause) 1034M->1038M(4096M,1034.0,1038.0,4096.0,37.994,,0.26,0.01,0.04,10.407,,,,
76,2025-08-01T14:51:26.216,Prepare Mixed) (G1 Evacuation Pause) 2004M->1922M(4096M,2004.0,1922.0,4096.0,151.525,,1.15,0.0,0.15,10.407,,,,
77,2025-08-01T14:51:26.524,Mixed) (G1 Evacuation Pause) 2584M->2396M(4096M,2584.0,2396.0,4096.0,123.407,,0.91,0.05,0.12,10.407,,,,
78,2025-08-01T14:51:26.744,Concurrent Start) (G1 Evacuation Pause) 2926M->2750M(4096M,2926.0,2750.0,4096.0,72.89,72.89,0.54,0.0,0.07,10.407,,,,
80,2025-08-01T14:51:26.898,Normal) (G1 Evacuation Pause) 3178M->3181M(4096M,3178.0,3181.0,4096.0,85.241,,0.65,0.01,0.08,10.407,,,,
81,2025-08-01T14:51:27.044,Normal) (G1 Evacuation Pause) 1611M->1447M(4096M,1611.0,1447.0,4096.0,29.749,,0.21,0.0,0.03,10.407,,,,
82,2025-08-01T14:51:27.242,Prepare Mixed) (G1 Evacuation Pause) 2331M->2281M(4096M,2331.0,2281.0,4096.0,145.779,,1.11,0.0,0.15,10.407,,,,
83,2025-08-01T14:51:27.487,Mixed) (G1 Evacuation Pause) 2857M->2768M(4096M,2857.0,2768.0,4096.0,98.235,,0.75,0.01,0.1,10.407,,,,
84,2025-08-01T14:51:27.672,Concurrent Start) (G1 Evacuation Pause) 3182M->2940M(4096M,3182.0,2940.0,4096.0,59.322,59.322,0.39,0.03,0.06,10.407,,,,
86,2025-08-01T14:51:27.811,Normal) (G1 Evacuation Pause) 3320M->3267M(4096M,3320.0,3267.0,4096.0,84.697,,0.6,0.02,0.09,10.407,,,,
87,2025-08-01T14:51:27.958,Normal) (G1 Evacuation Pause) 1581M->1584M(4096M,1581.0,1584.0,4096.0,60.262,,0.42,0.02,0.06,10.407,,,,
88,2025-08-01T14:51:28.188,Prepare Mixed) (G1 Evacuation Pause) 2378M->2285M(4096M,2378.0,2285.0,4096.0,112.639,,0.87,0.0,0.11,10.407,,,,
89,2025-08-01T14:51:28.402,Mixed) (G1 Evacuation Pause) 2855M->2386M(4096M,2855.0,2386.0,4096.0,122.457,,0.79,0.04,0.13,10.407,,,,
90,2025-08-01T14:51:28.682,Concurrent Start) (G1 Evacuation Pause) 2948M->2951M(4096M,2948.0,2951.0,4096.0,203.326,203.326,1.5,0.06,0.21,10.407,,,,
92,2025-08-01T14:51:28.968,Normal) (G1 Evacuation Pause) 3309M->3152M(4096M,3309.0,3152.0,4096.0,57.107,,0.41,0.02,0.06,10.407,,,,
93,2025-08-01T14:51:29.053,Normal) (G1 Evacuation Pause) 3452M->3455M(4096M,3452.0,3455.0,4096.0,52.527,,0.4,0.0,0.05,10.407,,,,
94,2025-08-01T14:51:29.125,Normal) (G1 Evacuation Pause) 3653M->3657M(4096M,3653.0,3657.0,4096.0,38.53,,0.29,0.0,0.04,10.407,,,,
95,2025-08-01T14:51:29.223,Normal) (G1 Evacuation Pause) 1917M->1815M(4096M,1917.0,1815.0,4096.0,18.54,,0.13,0.0,0.01,10.407,,,,
96,2025-08-01T14:51:29.405,Prepare Mixed) (G1 Evacuation Pause) 2549M->2552M(4096M,2549.0,2552.0,4096.0,150.656,,1.1,0.05,0.15,10.407,,,,
97,2025-08-01T14:51:29.652,Mixed) (G1 Evacuation Pause) 3036M->2896M(4096M,3036.0,2896.0,4096.0,117.073,,0.88,0.02,0.12,10.407,,,,
98,2025-08-01T14:51:29.856,Concurrent Start) (G1 Evacuation Pause) 3276M->3279M(4096M,3276.0,3279.0,4096.0,79.654,79.654,0.59,0.02,0.08,10.407,,,,
100,2025-08-01T14:51:30.003,Normal) (G1 Evacuation Pause) 3533M->3356M(4096M,3533.0,3356.0,4096.0,30.995,,0.2,0.01,0.03,10.407,,,,
101,2025-08-01T14:51:30.059,Normal) (G1 Evacuation Pause) 3598M->3601M(4096M,3598.0,3601.0,4096.0,55.698,,0.4,0.03,0.06,10.407,,,,
102,2025-08-01T14:51:30.176,Normal) (G1 Evacuation Pause) 3769M->3771M(4096M,3769.0,3771.0,4096.0,30.997,,0.22,0.0,0.03,10.407,,,,
103,2025-08-01T14:51:30.223,Normal) (G1 Evacuation Pause) (Evacuation Failure) 3949M->4037M(4096M,3949.0,4037.0,4096.0,29.7,,0.22,0.0,0.03,10.407,,,,
104,2025-08-01T14:51:30.256,Normal) (G1 Evacuation Pause) (Evacuation Failure) 4069M->4091M(4096M,4069.0,4091.0,4096.0,9.462,,0.05,0.0,0.01,10.407,,,,
105,2025-08-01T14:51:30.265,G1 Compaction Pause) 4091M->852M(4096M,4091.0,852.0,4096.0,157.212,,1.14,0.0,0.15,10.382,,,,
106,2025-08-01T14:51:30.675,Normal) (G1 Evacuation Pause) 1876M->1509M(4096M,1876.0,1509.0,4096.0,164.906,,1.22,0.06,0.16,10.382,,,,
107,2025-08-01T14:51:31.007,Concurrent Start) (G1 Evacuation Pause) 2349M->2172M(4096M,2349.0,2172.0,4096.0,215.103,215.103,1.54,0.09,0.21,10.382,,,,
109,2025-08-01T14:51:31.368,Normal) (G1 Evacuation Pause) 1624M->1234M(4096M,1624.0,1234.0,4096.0,59.055,,0.44,0.02,0.06,10.382,,,,
110,2025-08-01T14:51:31.603,Prepare Mixed) (G1 Evacuation Pause) 2166M->1758M(4096M,2166.0,1758.0,4096.0,113.873,,0.79,0.05,0.12,10.382,,,,
111,2025-08-01T14:51:31.878,Mixed) (G1 Evacuation Pause) 2518M->2514M(4096M,2518.0,2514.0,4096.0,157.377,,1.18,0.04,0.16,10.382,,,,
112,2025-08-01T14:51:32.127,Mixed) (G1 Evacuation Pause) 3018M->2821M(4096M,3018.0,2821.0,4096.0,79.427,,0.59,0.02,0.08,10.382,,,,
113,2025-08-01T14:51:32.284,Concurrent Start) (G1 Evacuation Pause) 3221M->3104M(4096M,3221.0,3104.0,4096.0,79.601,79.601,0.57,0.04,0.08,10.382,,,,
115,2025-08-01T14:51:32.429,Normal) (G1 Evacuation Pause) 3418M->3422M(4096M,3418.0,3422.0,4096.0,54.514,,0.41,0.0,0.06,10.382,,,,
116,2025-08-01T14:51:32.506,Normal) (G1 Evacuation Pause) 1130M->1134M(4096M,1130.0,1134.0,4096.0,46.189,,0.34,0.0,0.04,10.382,,,,
117,2025-08-01T14:51:32.795,Prepare Mixed) (G1 Evacuation Pause) 2178M->1654M(4096M,2178.0,1654.0,4096.0,154.854,,1.12,0.07,0.15,10.382,,,,
118,2025-08-01T14:51:33.121,Mixed) (G1 Evacuation Pause) 2526M->2387M(4096M,2526.0,2387.0,4096.0,171.603,,1.29,0.04,0.17,10.382,,,,
119,2025-08-01T14:51:33.428,Concurrent Start) (G1 Evacuation Pause) 2939M->2650M(4096M,2939.0,2650.0,4096.0,81.3,81.3,0.59,0.03,0.08,10.382,,,,
121,2025-08-01T14:51:33.605,Normal) (G1 Evacuation Pause) 3128M->3053M(4096M,3128.0,3053.0,4096.0,91.497,,0.63,0.03,0.09,10.382,,,,
122,2025-08-01T14:51:33.773,Normal) (G1 Evacuation Pause) 1719M->1666M(4096M,1719.0,1666.0,4096.0,69.764,,0.5,0.02,0.07,10.382,,,,
123,2025-08-01T14:51:34.014,Prepare Mixed) (G1 Evacuation Pause) 2520M->2363M(4096M,2520.0,2363.0,4096.0,130.107,,1.01,0.01,0.13,10.382,,,,
124,2025-08-01T14:51:34.287,Mixed) (G1 Evacuation Pause) 2941M->2667M(4096M,2941.0,2667.0,4096.0,96.054,,0.71,0.03,0.1,10.382,,,,
125,2025-08-01T14:51:34.485,Concurrent Start) (G1 Evacuation Pause) 3137M->3050M(4096M,3137.0,3050.0,4096.0,119.523,119.523,0.86,0.05,0.12,10.382,,,,
127,2025-08-01T14:51:34.692,Normal) (G1 Evacuation Pause) 3382M->3386M(4096M,3382.0,3386.0,4096.0,74.27,,0.49,0.03,0.08,10.382,,,,
128,2025-08-01T14:51:34.786,Normal) (G1 Evacuation Pause) 3606M->3611M(4096M,3606.0,3611.0,4096.0,45.152,,0.33,0.0,0.04,10.382,,,,
129,2025-08-01T14:51:34.895,Normal) (G1 Evacuation Pause) 1679M->1659M(4096M,1679.0,1659.0,4096.0,32.685,,0.25,0.0,0.03,10.382,,,,
130,2025-08-01T14:51:35.102,Prepare Mixed) (G1 Evacuation Pause) 2467M->2346M(4096M,2467.0,2346.0,4096.0,164.283,,1.23,0.03,0.17,10.382,,,,
131,2025-08-01T14:51:35.415,Mixed) (G1 Evacuation Pause) 2902M->2776M(4096M,2902.0,2776.0,4096.0,118.741,,0.88,0.04,0.12,10.382,,,,
132,2025-08-01T14:51:35.621,Concurrent Start) (G1 Evacuation Pause) 3192M->3105M(4096M,3192.0,3105.0,4096.0,87.201,87.201,0.63,0.03,0.09,10.382,,,,
134,2025-08-01T14:51:35.781,Normal) (G1 Evacuation Pause) 3417M->3243M(4096M,3417.0,3243.0,4096.0,41.358,,0.29,0.01,0.04,10.382,,,,
135,2025-08-01T14:51:35.849,Normal) (G1 Evacuation Pause) 3519M->3522M(4096M,3519.0,3522.0,4096.0,50.501,,0.38,0.0,0.05,10.382,,,,
136,2025-08-01T14:51:35.959,Normal) (G1 Evacuation Pause) 1842M->1844M(4096M,1842.0,1844.0,4096.0,38.24,,0.28,0.0,0.04,10.382,,,,
137,2025-08-01T14:51:36.166,Normal) (G1 Evacuation Pause) 2610M->2530M(4096M,2610.0,2530.0,4096.0,107.0,,0.79,0.0,0.11,10.382,,,,
138,2025-08-01T14:51:36.372,Prepare Mixed) (G1 Evacuation Pause) 3030M->2832M(4096M,3030.0,2832.0,4096.0,71.198,,0.54,0.0,0.08,10.382,,,,
139,2025-08-01T14:51:36.531,Mixed) (G1 Evacuation Pause) 3240M->3151M(4096M,3240.0,3151.0,4096.0,110.331,,0.79,0.06,0.11,10.382,,,,
140,2025-08-01T14:51:36.711,Concurrent Start) (G1 Evacuation Pause) 3445M->3449M(4096M,3445.0,3449.0,4096.0,120.588,120.588,0.78,0.06,0.12,10.382,,,,
142,2025-08-01T14:51:36.852,Normal) (G1 Evacuation Pause) 3647M->3649M(4096M,3647.0,3649.0,4096.0,56.535,,0.34,0.0,0.06,10.382,,,,
143,2025-08-01T14:51:36.925,Normal) (G1 Evacuation Pause) 3821M->3798M(4096M,3821.0,3798.0,4096.0,27.536,,0.19,0.0,0.02,10.382,,,,
144,2025-08-01T14:51:36.983,Normal) (G1 Evacuation Pause) (Evacuation Failure) 3976M->4032M(4096M,3976.0,4032.0,4096.0,27.724,,0.18,0.0,0.02,10.382,,,,
145,2025-08-01T14:51:37.016,Normal) (G1 Evacuation Pause) (Evacuation Failure) 4068M->4092M(4096M,4068.0,4092.0,4096.0,10.892,,0.06,0.0,0.01,10.382,,,,
146,2025-08-01T14:51:37.027,G1 Compaction Pause) 4092M->1143M(4096M,4092.0,1143.0,4096.0,200.126,,1.5,0.01,0.2,10.382,,,,
147,2025-08-01T14:51:37.414,Normal) (G1 Evacuation Pause) 2091M->1794M(4096M,2091.0,1794.0,4096.0,149.114,,1.09,0.04,0.15,10.382,,,,
148,2025-08-01T14:51:37.715,Concurrent Start) (G1 Evacuation Pause) 2538M->2324M(4096M,2538.0,2324.0,4096.0,143.519,143.519,1.01,0.05,0.14,10.382,,,,
150,2025-08-01T14:51:37.988,Normal) (G1 Evacuation Pause) 1766M->1309M(4096M,1766.0,1309.0,4096.0,41.104,,0.26,0.01,0.04,10.382,,,,
151,2025-08-01T14:51:38.214,Prepare Mixed) (G1 Evacuation Pause) 2295M->2298M(4096M,2295.0,2298.0,4096.0,166.889,,1.31,0.0,0.16,10.382,,,,
152,2025-08-01T14:51:38.535,Mixed) (G1 Evacuation Pause) 2882M->2821M(4096M,2882.0,2821.0,4096.0,166.575,,1.23,0.07,0.16,10.382,,,,
153,2025-08-01T14:51:38.795,Concurrent Start) (G1 Evacuation Pause) 3221M->3061M(4096M,3221.0,3061.0,4096.0,96.394,96.394,0.65,0.05,0.09,10.382,,,,
155,2025-08-01T14:51:38.975,Normal) (G1 Evacuation Pause) 811M->814M(4096M,811.0,814.0,4096.0,68.616,,0.51,0.0,0.07,10.382,,,,
156,2025-08-01T14:51:39.288,Prepare Mixed) (G1 Evacuation Pause) 1860M->1693M(4096M,1860.0,1693.0,4096.0,230.198,,1.73,0.07,0.23,10.382,,,,
157,2025-08-01T14:51:39.691,Mixed) (G1 Evacuation Pause) 2497M->2250M(4096M,2497.0,2250.0,4096.0,188.346,,1.37,0.08,0.19,10.382,,,,
158,2025-08-01T14:51:39.983,Concurrent Start) (G1 Evacuation Pause) 2834M->2836M(4096M,2834.0,2836.0,4096.0,118.768,118.768,0.89,0.01,0.11,10.382,,,,
160,2025-08-01T14:51:40.179,Normal) (G1 Evacuation Pause) 3228M->3160M(4096M,3228.0,3160.0,4096.0,61.891,,0.47,0.0,0.06,10.382,,,,
161,2025-08-01T14:51:40.309,Normal) (G1 Evacuation Pause) 3450M->3254M(4096M,3450.0,3254.0,4096.0,27.045,,0.18,0.0,0.03,10.382,,,,
162,2025-08-01T14:51:40.401,Normal) (G1 Evacuation Pause) 2130M->2132M(4096M,2130.0,2132.0,4096.0,50.596,,0.38,0.0,0.05,10.382,,,,
163,2025-08-01T14:51:40.561,Normal) (G1 Evacuation Pause) 2754M->2758M(4096M,2754.0,2758.0,4096.0,106.303,,0.8,0.02,0.11,10.382,,,,
164,2025-08-01T14:51:40.754,Normal) (G1 Evacuation Pause) 3174M->3022M(4096M,3174.0,3022.0,4096.0,59.736,,0.44,0.0,0.06,10.382,,,,
165,2025-08-01T14:51:40.887,Prepare Mixed) (G1 Evacuation Pause) 3364M->3367M(4096M,3364.0,3367.0,4096.0,78.474,,0.53,0.01,0.08,10.382,,,,
166,2025-08-01T14:51:41.031,Mixed) (G1 Evacuation Pause) 3593M->3513M(4096M,3593.0,3513.0,4096.0,39.374,,0.3,0.0,0.04,10.382,,,,
167,2025-08-01T14:51:41.085,Concurrent Start) (G1 Evacuation Pause) 3695M->3698M(4096M,3695.0,3698.0,4096.0,33.68,33.68,0.25,0.0,0.03,10.382,,,,
169,2025-08-01T14:51:41.154,Normal) (G1 Evacuation Pause) 3874M->3877M(4096M,3874.0,3877.0,4096.0,36.425,,0.27,0.01,0.03,10.382,,,,
170,2025-08-01T14:51:41.210,Normal) (G1 Evacuation Pause) (Evacuation Failure) 4055M->4091M(4096M,4055.0,4091.0,4096.0,21.349,,0.15,0.01,0.02,10.382,,,,
171,2025-08-01T14:51:41.231,G1 Compaction Pause) 4091M->819M(4096M,4091.0,819.0,4096.0,153.211,,1.11,0.0,0.16,10.382,,,,
172,2025-08-01T14:51:41.634,Normal) (G1 Evacuation Pause) 1853M->1459M(4096M,1853.0,1459.0,4096.0,173.933,,1.3,0.06,0.17,10.382,,,,
173,2025-08-01T14:51:42.001,Concurrent Start) (G1 Evacuation Pause) 2319M->2130M(4096M,2319.0,2130.0,4096.0,234.52,234.52,1.57,0.08,0.24,10.382,,,,
175,2025-08-01T14:51:42.384,Normal) (G1 Evacuation Pause) 1638M->1517M(4096M,1638.0,1517.0,4096.0,108.232,,0.84,0.02,0.1,10.382,,,,
176,2025-08-01T14:51:42.659,Prepare Mixed) (G1 Evacuation Pause) 2343M->1940M(4096M,2343.0,1940.0,4096.0,93.477,,0.7,0.0,0.09,10.382,,,,
177,2025-08-01T14:51:42.922,Mixed) (G1 Evacuation Pause) 2662M->2640M(4096M,2662.0,2640.0,4096.0,209.446,,1.59,0.04,0.21,10.382,,,,
178,2025-08-01T14:51:43.226,Concurrent Start) (G1 Evacuation Pause) 3098M->3045M(4096M,3098.0,3045.0,4096.0,76.596,76.596,0.59,0.0,0.07,10.382,,,,
180,2025-08-01T14:51:43.378,Normal) (G1 Evacuation Pause) 3375M->3196M(4096M,3375.0,3196.0,4096.0,33.779,,0.24,0.0,0.03,10.382,,,,
181,2025-08-01T14:51:43.483,Normal) (G1 Evacuation Pause) 3486M->3490M(4096M,3486.0,3490.0,4096.0,60.559,,0.46,0.01,0.06,10.382,,,,
182,2025-08-01T14:51:43.561,Normal) (G1 Evacuation Pause) 3678M->3683M(4096M,3678.0,3683.0,4096.0,38.456,,0.28,0.01,0.04,10.382,,,,
183,2025-08-01T14:51:43.663,Normal) (G1 Evacuation Pause) 2333M->2336M(4096M,2333.0,2336.0,4096.0,34.588,,0.25,0.0,0.04,10.382,,,,
184,2025-08-01T14:51:43.795,Normal) (G1 Evacuation Pause) 2910M->2913M(4096M,2910.0,2913.0,4096.0,97.416,,0.76,0.0,0.09,10.382,,,,
185,2025-08-01T14:51:43.977,Normal) (G1 Evacuation Pause) 3283M->3251M(4096M,3283.0,3251.0,4096.0,75.206,,0.57,0.01,0.07,10.382,,,,
186,2025-08-01T14:51:44.127,Prepare Mixed) (G1 Evacuation Pause) 3513M->3438M(4096M,3513.0,3438.0,4096.0,73.624,,0.44,0.06,0.07,10.382,,,,
187,2025-08-01T14:51:44.265,Mixed) (G1 Evacuation Pause) 3642M->3587M(4096M,3642.0,3587.0,4096.0,48.995,,0.35,0.02,0.05,10.382,,,,
188,2025-08-01T14:51:44.330,Concurrent Start) (G1 Evacuation Pause) 3759M->3763M(4096M,3759.0,3763.0,4096.0,37.086,37.086,0.27,0.01,0.04,10.382,,,,
190,2025-08-01T14:51:44.429,Normal) (G1 Evacuation Pause) (Evacuation Failure) 3941M->3991M(4096M,3941.0,3991.0,4096.0,35.054,,0.23,0.01,0.04,10.382,,,,
191,2025-08-01T14:51:44.473,Normal) (G1 Evacuation Pause) (Evacuation Failure) 4069M->4091M(4096M,4069.0,4091.0,4096.0,18.153,,0.11,0.01,0.01,10.382,,,,
192,2025-08-01T14:51:44.492,G1 Compaction Pause) 4091M->920M(4096M,4091.0,920.0,4096.0,159.026,,1.14,0.01,0.16,10.382,,,,
193,2025-08-01T14:51:44.884,Normal) (G1 Evacuation Pause) 2004M->1100M(4096M,2004.0,1100.0,4096.0,70.545,,0.5,0.02,0.07,10.382,,,,
194,2025-08-01T14:51:45.135,Concurrent Start) (G1 Evacuation Pause) 2012M->2015M(4096M,2012.0,2015.0,4096.0,206.072,206.072,1.52,0.05,0.2,10.382,,,,
196,2025-08-01T14:51:45.492,Normal) (G1 Evacuation Pause) 1818M->1510M(4096M,1818.0,1510.0,4096.0,103.753,,0.76,0.03,0.11,10.382,,,,
197,2025-08-01T14:51:45.756,Prepare Mixed) (G1 Evacuation Pause) 2318M->2164M(4096M,2318.0,2164.0,4096.0,140.511,,1.07,0.03,0.14,10.382,,,,
198,2025-08-01T14:51:46.066,Mixed) (G1 Evacuation Pause) 2800M->2794M(4096M,2800.0,2794.0,4096.0,175.421,,1.32,0.05,0.17,10.382,,,,
199,2025-08-01T14:51:46.329,Concurrent Start) (G1 Evacuation Pause) 3202M->2862M(4096M,3202.0,2862.0,4096.0,42.404,42.404,0.28,0.02,0.04,10.382,,,,
201,2025-08-01T14:51:46.474,Normal) (G1 Evacuation Pause) 3280M->3189M(4096M,3280.0,3189.0,4096.0,73.265,,0.54,0.01,0.07,10.382,,,,
202,2025-08-01T14:51:46.629,Normal) (G1 Evacuation Pause) 1267M->1273M(4096M,1267.0,1273.0,4096.0,68.089,,0.49,0.02,0.07,10.382,,,,
203,2025-08-01T14:51:46.948,Prepare Mixed) (G1 Evacuation Pause) 2319M->1510M(4096M,2319.0,1510.0,4096.0,125.085,,0.88,0.06,0.13,10.382,,,,
204,2025-08-01T14:51:47.286,Mixed) (G1 Evacuation Pause) 2544M->2302M(4096M,2544.0,2302.0,4096.0,169.442,,1.27,0.02,0.17,10.382,,,,
205,2025-08-01T14:51:47.592,Concurrent Start) (G1 Evacuation Pause) 2902M->2588M(4096M,2902.0,2588.0,4096.0,141.836,141.836,1.0,0.06,0.15,10.382,,,,
207,2025-08-01T14:51:47.854,Normal) (G1 Evacuation Pause) 3096M->2775M(4096M,3096.0,2775.0,4096.0,52.081,,0.38,0.02,0.05,10.382,,,,
208,2025-08-01T14:51:47.994,Normal) (G1 Evacuation Pause) 3231M->3235M(4096M,3231.0,3235.0,4096.0,102.802,,0.76,0.03,0.1,10.382,,,,
209,2025-08-01T14:51:48.174,Normal) (G1 Evacuation Pause) 2169M->2173M(4096M,2169.0,2173.0,4096.0,62.879,,0.47,0.01,0.06,10.382,,,,
210,2025-08-01T14:51:48.389,Prepare Mixed) (G1 Evacuation Pause) 2815M->2504M(4096M,2815.0,2504.0,4096.0,59.193,,0.44,0.01,0.06,10.382,,,,
211,2025-08-01T14:51:48.546,Mixed) (G1 Evacuation Pause) 3058M->2793M(4096M,3058.0,2793.0,4096.0,75.606,,0.55,0.02,0.07,10.382,,,,
212,2025-08-01T14:51:48.712,Concurrent Start) (G1 Evacuation Pause) 3235M->3238M(4096M,3235.0,3238.0,4096.0,86.892,86.892,0.66,0.01,0.09,10.382,,,,
214,2025-08-01T14:51:48.873,Normal) (G1 Evacuation Pause) 3506M->3509M(4096M,3506.0,3509.0,4096.0,60.537,,0.44,0.02,0.07,10.382,,,,
215,2025-08-01T14:51:48.993,Normal) (G1 Evacuation Pause) 1369M->1370M(4096M,1369.0,1370.0,4096.0,42.232,,0.31,0.01,0.04,10.382,,,,
216,2025-08-01T14:51:49.223,Prepare Mixed) (G1 Evacuation Pause) 2254M->1702M(4096M,2254.0,1702.0,4096.0,57.191,,0.43,0.01,0.05,10.382,,,,
217,2025-08-01T14:51:49.449,Mixed) (G1 Evacuation Pause) 2530M->2523M(4096M,2530.0,2523.0,4096.0,156.801,,1.2,0.02,0.16,10.382,,,,
218,2025-08-01T14:51:49.704,Concurrent Start) (G1 Evacuation Pause) 3029M->2821M(4096M,3029.0,2821.0,4096.0,79.63,79.63,0.58,0.02,0.08,10.382,,,,
220,2025-08-01T14:51:49.871,Normal) (G1 Evacuation Pause) 3245M->3033M(4096M,3245.0,3033.0,4096.0,62.416,,0.44,0.03,0.07,10.382,,,,
221,2025-08-01T14:51:50.017,Normal) (G1 Evacuation Pause) 1599M->1599M(4096M,1599.0,1599.0,4096.0,75.396,,0.53,0.01,0.07,10.382,,,,
222,2025-08-01T14:51:50.267,Prepare Mixed) (G1 Evacuation Pause) 2457M->2268M(4096M,2457.0,2268.0,4096.0,128.659,,0.96,0.03,0.13,10.382,,,,
223,2025-08-01T14:51:50.530,Mixed) (G1 Evacuation Pause) 2882M->2434M(4096M,2882.0,2434.0,4096.0,82.287,,0.57,0.04,0.08,10.382,,,,
224,2025-08-01T14:51:50.715,Concurrent Start) (G1 Evacuation Pause) 3018M->3021M(4096M,3018.0,3021.0,4096.0,133.537,133.537,0.99,0.04,0.13,10.382,,,,
226,2025-08-01T14:51:50.930,Normal) (G1 Evacuation Pause) 3371M->3375M(4096M,3371.0,3375.0,4096.0,81.956,,0.6,0.02,0.08,10.382,,,,
227,2025-08-01T14:51:51.080,Normal) (G1 Evacuation Pause) 1577M->1419M(4096M,1577.0,1419.0,4096.0,19.516,,0.14,0.0,0.02,10.382,,,,
228,2025-08-01T14:51:51.280,Prepare Mixed) (G1 Evacuation Pause) 2303M->1942M(4096M,2303.0,1942.0,4096.0,89.755,,0.69,0.0,0.09,10.382,,,,
229,2025-08-01T14:51:51.536,Mixed) (G1 Evacuation Pause) 2674M->2665M(4096M,2674.0,2665.0,4096.0,132.47,,1.03,0.01,0.13,10.382,,,,
230,2025-08-01T14:51:51.761,Concurrent Start) (G1 Evacuation Pause) 3121M->2976M(4096M,3121.0,2976.0,4096.0,137.792,137.792,0.99,0.05,0.14,10.382,,,,
232,2025-08-01T14:51:51.981,Normal) (G1 Evacuation Pause) 3328M->3242M(4096M,3328.0,3242.0,4096.0,57.56,,0.42,0.01,0.06,10.382,,,,
233,2025-08-01T14:51:52.113,Normal) (G1 Evacuation Pause) 1656M->1624M(4096M,1656.0,1624.0,4096.0,53.902,,0.37,0.0,0.06,10.382,,,,
234,2025-08-01T14:51:52.351,Prepare Mixed) (G1 Evacuation Pause) 2496M->2501M(4096M,2496.0,2501.0,4096.0,172.298,,1.23,0.06,0.17,10.382,,,,
235,2025-08-01T14:51:52.668,Mixed) (G1 Evacuation Pause) 3011M->2715M(4096M,3011.0,2715.0,4096.0,140.616,,0.99,0.04,0.14,10.382,,,,
236,2025-08-01T14:51:52.906,Concurrent Start) (G1 Evacuation Pause) 3163M->3087M(4096M,3163.0,3087.0,4096.0,69.857,69.857,0.53,0.01,0.07,10.382,,,,
238,2025-08-01T14:51:53.050,Normal) (G1 Evacuation Pause) 3411M->3414M(4096M,3411.0,3414.0,4096.0,67.604,,0.5,0.01,0.07,10.382,,,,
239,2025-08-01T14:51:53.144,Normal) (G1 Evacuation Pause) 1278M->1282M(4096M,1278.0,1282.0,4096.0,45.001,,0.32,0.01,0.04,10.382,,,,
240,2025-08-01T14:51:53.429,Prepare Mixed) (G1 Evacuation Pause) 2288M->1904M(4096M,2288.0,1904.0,4096.0,190.869,,1.35,0.06,0.19,10.382,,,,
241,2025-08-01T14:51:53.779,Mixed) (G1 Evacuation Pause) 2610M->2470M(4096M,2610.0,2470.0,4096.0,164.99,,1.24,0.05,0.17,10.382,,,,
242,2025-08-01T14:51:54.037,Concurrent Start) (G1 Evacuation Pause) 2988M->2744M(4096M,2988.0,2744.0,4096.0,77.754,77.754,0.57,0.01,0.08,10.382,,,,
244,2025-08-01T14:51:54.199,Normal) (G1 Evacuation Pause) 3184M->3186M(4096M,3184.0,3186.0,4096.0,75.874,,0.59,0.0,0.08,10.382,,,,
245,2025-08-01T14:51:54.346,Normal) (G1 Evacuation Pause) 1604M->1460M(4096M,1604.0,1460.0,4096.0,41.024,,0.3,0.0,0.04,10.382,,,,
246,2025-08-01T14:51:54.563,Prepare Mixed) (G1 Evacuation Pause) 2346M->2138M(4096M,2346.0,2138.0,4096.0,151.827,,1.02,0.09,0.15,10.382,,,,
247,2025-08-01T14:51:54.865,Mixed) (G1 Evacuation Pause) 2794M->2659M(4096M,2794.0,2659.0,4096.0,157.443,,1.16,0.06,0.15,10.382,,,,
248,2025-08-01T14:51:55.110,Concurrent Start) (G1 Evacuation Pause) 3115M->2964M(4096M,3115.0,2964.0,4096.0,68.673,68.673,0.52,0.01,0.07,10.382,,,,
250,2025-08-01T14:51:55.257,Normal) (G1 Evacuation Pause) 3326M->3330M(4096M,3326.0,3330.0,4096.0,74.071,,0.55,0.01,0.07,10.382,,,,
251,2025-08-01T14:51:55.361,Normal) (G1 Evacuation Pause) 1398M->1329M(4096M,1398.0,1329.0,4096.0,40.985,,0.29,0.02,0.04,10.382,,,,
252,2025-08-01T14:51:55.585,Prepare Mixed) (G1 Evacuation Pause) 2267M->1980M(4096M,2267.0,1980.0,4096.0,118.508,,0.85,0.03,0.12,10.382,,,,
253,2025-08-01T14:51:55.855,Mixed) (G1 Evacuation Pause) 2690M->2574M(4096M,2690.0,2574.0,4096.0,178.375,,1.35,0.05,0.18,10.382,,,,
254,2025-08-01T14:51:56.123,Concurrent Start) (G1 Evacuation Pause) 3054M->2835M(4096M,3054.0,2835.0,4096.0,84.638,84.638,0.62,0.03,0.09,10.382,,,,
256,2025-08-01T14:51:56.296,Normal) (G1 Evacuation Pause) 3243M->3246M(4096M,3243.0,3246.0,4096.0,80.442,,0.61,0.02,0.08,10.382,,,,
257,2025-08-01T14:51:56.444,Normal) (G1 Evacuation Pause) 1496M->1478M(4096M,1496.0,1478.0,4096.0,53.533,,0.39,0.01,0.05,10.382,,,,
258,2025-08-01T14:51:56.678,Prepare Mixed) (G1 Evacuation Pause) 2406M->2197M(4096M,2406.0,2197.0,4096.0,174.498,,1.19,0.07,0.17,10.382,,,,
259,2025-08-01T14:51:57.011,Mixed) (G1 Evacuation Pause) 2821M->2721M(4096M,2821.0,2721.0,4096.0,117.998,,0.9,0.02,0.12,10.382,,,,
260,2025-08-01T14:51:57.211,Concurrent Start) (G1 Evacuation Pause) 3151M->2980M(4096M,3151.0,2980.0,4096.0,54.634,54.634,0.42,0.0,0.06,10.382,,,,
262,2025-08-01T14:51:57.346,Normal) (G1 Evacuation Pause) 3340M->3344M(4096M,3340.0,3344.0,4096.0,75.826,,0.57,0.02,0.07,10.382,,,,
263,2025-08-01T14:51:57.489,Normal) (G1 Evacuation Pause) 1464M->1432M(4096M,1464.0,1432.0,4096.0,45.685,,0.33,0.01,0.05,10.382,,,,
264,2025-08-01T14:51:57.714,Prepare Mixed) (G1 Evacuation Pause) 2376M->2303M(4096M,2376.0,2303.0,4096.0,157.74,,1.15,0.03,0.15,10.382,,,,
265,2025-08-01T14:51:58.019,Mixed) (G1 Evacuation Pause) 2873M->2726M(4096M,2873.0,2726.0,4096.0,206.005,,1.53,0.06,0.21,10.382,,,,
266,2025-08-01T14:51:58.312,Concurrent Start) (G1 Evacuation Pause) 3152M->3092M(4096M,3152.0,3092.0,4096.0,116.798,116.798,0.81,0.05,0.12,10.382,,,,
268,2025-08-01T14:51:58.506,Normal) (G1 Evacuation Pause) 3406M->3357M(4096M,3406.0,3357.0,4096.0,64.348,,0.48,0.01,0.06,10.382,,,,
269,2025-08-01T14:51:58.595,Normal) (G1 Evacuation Pause) 3585M->3588M(4096M,3585.0,3588.0,4096.0,43.109,,0.32,0.0,0.04,10.382,,,,
270,2025-08-01T14:51:58.656,Normal) (G1 Evacuation Pause) 3756M->3759M(4096M,3756.0,3759.0,4096.0,33.512,,0.24,0.01,0.03,10.382,,,,
271,2025-08-01T14:51:58.714,Normal) (G1 Evacuation Pause) (Evacuation Failure) 3937M->3905M(4096M,3937.0,3905.0,4096.0,27.775,,0.2,0.0,0.02,10.382,,,,
272,2025-08-01T14:51:58.772,Normal) (G1 Evacuation Pause) 2071M->2041M(4096M,2071.0,2041.0,4096.0,24.981,,0.18,0.0,0.03,10.382,,,,
273,2025-08-01T14:51:58.953,Normal) (G1 Evacuation Pause) 2731M->2594M(4096M,2731.0,2594.0,4096.0,104.829,,0.79,0.01,0.11,10.382,,,,
274,2025-08-01T14:51:59.153,Prepare Mixed) (G1 Evacuation Pause) 3080M->2985M(4096M,3080.0,2985.0,4096.0,92.95,,0.7,0.02,0.09,10.382,,,,
275,2025-08-01T14:51:59.322,Mixed) (G1 Evacuation Pause) 3333M->3299M(4096M,3333.0,3299.0,4096.0,81.598,,0.62,0.02,0.09,10.382,,,,
276,2025-08-01T14:51:59.458,Concurrent Start) (G1 Evacuation Pause) 3545M->3387M(4096M,3545.0,3387.0,4096.0,29.994,29.994,0.19,0.0,0.03,10.382,,,,
278,2025-08-01T14:51:59.519,Normal) (G1 Evacuation Pause) 3617M->3623M(4096M,3617.0,3623.0,4096.0,48.57,,0.35,0.01,0.05,10.382,,,,
279,2025-08-01T14:51:59.634,Normal) (G1 Evacuation Pause) 3793M->3798M(4096M,3793.0,3798.0,4096.0,38.248,,0.28,0.01,0.03,10.382,,,,
280,2025-08-01T14:51:59.698,Normal) (G1 Evacuation Pause) 1486M->1489M(4096M,1486.0,1489.0,4096.0,35.013,,0.25,0.0,0.03,10.382,,,,
281,2025-08-01T14:51:59.958,Prepare Mixed) (G1 Evacuation Pause) 2387M->2314M(4096M,2387.0,2314.0,4096.0,149.476,,1.14,0.02,0.15,10.382,,,,
282,2025-08-01T14:52:00.205,Mixed) (G1 Evacuation Pause) 2886M->2515M(4096M,2886.0,2515.0,4096.0,107.363,,0.81,0.02,0.1,10.382,,,,
283,2025-08-01T14:52:00.411,Concurrent Start) (G1 Evacuation Pause) 3037M->2747M(4096M,3037.0,2747.0,4096.0,60.109,60.109,0.43,0.01,0.06,10.382,,,,
285,2025-08-01T14:52:00.571,Normal) (G1 Evacuation Pause) 975M->978M(4096M,975.0,978.0,4096.0,95.607,,0.73,0.02,0.1,10.382,,,,
286,2025-08-01T14:52:00.882,Prepare Mixed) (G1 Evacuation Pause) 2014M->1656M(4096M,2014.0,1656.0,4096.0,189.524,,1.36,0.07,0.19,10.382,,,,
287,2025-08-01T14:52:01.227,Mixed) (G1 Evacuation Pause) 2352M->2184M(4096M,2352.0,2184.0,4096.0,230.843,,1.71,0.05,0.23,10.382,,,,
288,2025-08-01T14:52:01.558,Mixed) (G1 Evacuation Pause) 2806M->2793M(4096M,2806.0,2793.0,4096.0,211.033,,1.6,0.05,0.21,10.382,,,,
289,2025-08-01T14:52:01.851,Concurrent Start) (G1 Evacuation Pause) 3197M->3154M(4096M,3197.0,3154.0,4096.0,80.982,80.982,0.6,0.01,0.08,10.382,,,,
291,2025-08-01T14:52:02.005,Normal) (G1 Evacuation Pause) 3446M->3394M(4096M,3446.0,3394.0,4096.0,57.173,,0.42,0.01,0.05,10.382,,,,
292,2025-08-01T14:52:02.094,Normal) (G1 Evacuation Pause) 3612M->3544M(4096M,3612.0,3544.0,4096.0,32.121,,0.23,0.01,0.03,10.382,,,,
293,2025-08-01T14:52:02.147,Normal) (G1 Evacuation Pause) 3716M->3718M(4096M,3716.0,3718.0,4096.0,35.939,,0.26,0.0,0.03,10.382,,,,
294,2025-08-01T14:52:02.208,Normal) (G1 Evacuation Pause) 1948M->1951M(4096M,1948.0,1951.0,4096.0,31.918,,0.23,0.01,0.03,10.382,,,,
295,2025-08-01T14:52:02.391,Normal) (G1 Evacuation Pause) 2679M->2400M(4096M,2679.0,2400.0,4096.0,96.596,,0.71,0.02,0.1,10.382,,,,
296,2025-08-01T14:52:02.591,Prepare Mixed) (G1 Evacuation Pause) 2982M->2862M(4096M,2982.0,2862.0,4096.0,107.963,,0.78,0.05,0.11,10.382,,,,
297,2025-08-01T14:52:02.788,Mixed) (G1 Evacuation Pause) 3266M->3106M(4096M,3266.0,3106.0,4096.0,78.442,,0.58,0.02,0.08,10.382,,,,
298,2025-08-01T14:52:02.945,Concurrent Start) (G1 Evacuation Pause) 3422M->3426M(4096M,3422.0,3426.0,4096.0,132.434,132.434,0.86,0.07,0.13,10.382,,,,
300,2025-08-01T14:52:03.151,Normal) (G1 Evacuation Pause) 3634M->3578M(4096M,3634.0,3578.0,4096.0,38.272,,0.25,0.01,0.04,10.382,,,,
301,2025-08-01T14:52:03.207,Normal) (G1 Evacuation Pause) 3750M->3755M(4096M,3750.0,3755.0,4096.0,31.106,,0.22,0.0,0.03,10.382,,,,
302,2025-08-01T14:52:03.306,Normal) (G1 Evacuation Pause) (Evacuation Failure) 3933M->3933M(4096M,3933.0,3933.0,4096.0,34.662,,0.25,0.01,0.03,10.382,,,,
303,2025-08-01T14:52:03.355,Normal) (G1 Evacuation Pause) (Evacuation Failure) 4069M->4095M(4096M,4069.0,4095.0,4096.0,22.572,,0.15,0.0,0.02,10.382,,,,
304,2025-08-01T14:52:03.378,G1 Compaction Pause) 4095M->890M(4096M,4095.0,890.0,4096.0,198.383,,1.43,0.03,0.2,10.382,,,,
305,2025-08-01T14:52:03.839,Normal) (G1 Evacuation Pause) 1934M->1730M(4096M,1934.0,1730.0,4096.0,244.052,,1.78,0.06,0.25,10.382,,,,
306,2025-08-01T14:52:04.264,Concurrent Start) (G1 Evacuation Pause) 2504M->2200M(4096M,2504.0,2200.0,4096.0,119.585,119.585,0.9,0.02,0.12,10.382,,,,
308,2025-08-01T14:52:04.544,Normal) (G1 Evacuation Pause) 1687M->1460M(4096M,1687.0,1460.0,4096.0,94.875,,0.7,0.02,0.09,10.382,,,,
309,2025-08-01T14:52:04.822,Prepare Mixed) (G1 Evacuation Pause) 2380M->2173M(4096M,2380.0,2173.0,4096.0,198.464,,1.5,0.05,0.2,10.382,,,,
310,2025-08-01T14:52:05.183,Mixed) (G1 Evacuation Pause) 2813M->2641M(4096M,2813.0,2641.0,4096.0,225.55,,1.7,0.06,0.22,10.382,,,,
311,2025-08-01T14:52:05.499,Concurrent Start) (G1 Evacuation Pause) 3117M->2977M(4096M,3117.0,2977.0,4096.0,84.48,84.48,0.62,0.02,0.09,10.382,,,,
313,2025-08-01T14:52:05.671,Normal) (G1 Evacuation Pause) 3337M->3341M(4096M,3337.0,3341.0,4096.0,68.29,,0.51,0.02,0.07,10.382,,,,
314,2025-08-01T14:52:05.813,Normal) (G1 Evacuation Pause) 1559M->1476M(4096M,1559.0,1476.0,4096.0,32.903,,0.21,0.0,0.03,10.382,,,,
315,2025-08-01T14:52:06.039,Prepare Mixed) (G1 Evacuation Pause) 2396M->2232M(4096M,2396.0,2232.0,4096.0,134.212,,0.98,0.03,0.14,10.382,,,,
316,2025-08-01T14:52:06.337,Mixed) (G1 Evacuation Pause) 2822M->2701M(4096M,2822.0,2701.0,4096.0,213.636,,1.57,0.06,0.21,10.382,,,,
317,2025-08-01T14:52:06.641,Mixed) (G1 Evacuation Pause) 3141M->2984M(4096M,3141.0,2984.0,4096.0,115.396,,0.83,0.06,0.12,10.382,,,,
318,2025-08-01T14:52:06.848,Concurrent Start) (G1 Evacuation Pause) 3340M->3343M(4096M,3340.0,3343.0,4096.0,84.487,84.487,0.61,0.02,0.08,10.382,,,,
320,2025-08-01T14:52:07.010,Normal) (G1 Evacuation Pause) 3577M->3528M(4096M,3577.0,3528.0,4096.0,49.226,,0.35,0.01,0.05,10.382,,,,
321,2025-08-01T14:52:07.085,Normal) (G1 Evacuation Pause) 3704M->3709M(4096M,3704.0,3709.0,4096.0,36.47,,0.28,0.0,0.03,10.382,,,,
322,2025-08-01T14:52:07.191,Normal) (G1 Evacuation Pause) 1819M->1785M(4096M,1819.0,1785.0,4096.0,26.282,,0.18,0.01,0.03,10.382,,,,
323,2025-08-01T14:52:07.386,Prepare Mixed) (G1 Evacuation Pause) 2535M->2206M(4096M,2535.0,2206.0,4096.0,82.238,,0.62,0.01,0.08,10.382,,,,
324,2025-08-01T14:52:07.574,Mixed) (G1 Evacuation Pause) 2812M->2761M(4096M,2812.0,2761.0,4096.0,122.951,,0.91,0.02,0.12,10.382,,,,
325,2025-08-01T14:52:07.782,Concurrent Start) (G1 Evacuation Pause) 3189M->3002M(4096M,3189.0,3002.0,4096.0,67.792,67.792,0.49,0.02,0.07,10.382,,,,
327,2025-08-01T14:52:07.924,Normal) (G1 Evacuation Pause) 3356M->3357M(4096M,3356.0,3357.0,4096.0,63.8,,0.49,0.0,0.06,10.382,,,,
328,2025-08-01T14:52:08.012,Normal) (G1 Evacuation Pause) 3589M->3592M(4096M,3589.0,3592.0,4096.0,53.572,,0.4,0.01,0.06,10.382,,,,
329,2025-08-01T14:52:08.130,Normal) (G1 Evacuation Pause) 1612M->1561M(4096M,1612.0,1561.0,4096.0,26.022,,0.19,0.0,0.03,10.382,,,,
330,2025-08-01T14:52:08.336,Prepare Mixed) (G1 Evacuation Pause) 2455M->2275M(4096M,2455.0,2275.0,4096.0,140.629,,1.04,0.04,0.14,10.382,,,,
331,2025-08-01T14:52:08.622,Mixed) (G1 Evacuation Pause) 2875M->2548M(4096M,2875.0,2548.0,4096.0,83.206,,0.59,0.03,0.09,10.382,,,,
332,2025-08-01T14:52:08.800,Concurrent Start) (G1 Evacuation Pause) 3066M->2976M(4096M,3066.0,2976.0,4096.0,111.98,111.98,0.82,0.04,0.11,10.382,,,,
334,2025-08-01T14:52:09.000,Normal) (G1 Evacuation Pause) 3336M->3340M(4096M,3336.0,3340.0,4096.0,75.177,,0.57,0.01,0.08,10.382,,,,
335,2025-08-01T14:52:09.146,Normal) (G1 Evacuation Pause) 1522M->1491M(4096M,1522.0,1491.0,4096.0,55.524,,0.4,0.02,0.05,10.382,,,,
336,2025-08-01T14:52:09.379,Prepare Mixed) (G1 Evacuation Pause) 2359M->2100M(4096M,2359.0,2100.0,4096.0,125.892,,0.95,0.02,0.13,10.382,,,,
337,2025-08-01T14:52:09.665,Mixed) (G1 Evacuation Pause) 2762M->2615M(4096M,2762.0,2615.0,4096.0,146.044,,1.07,0.05,0.14,10.382,,,,
338,2025-08-01T14:52:09.909,Concurrent Start) (G1 Evacuation Pause) 3085M->3033M(4096M,3085.0,3033.0,4096.0,153.506,153.506,1.11,0.06,0.15,10.382,,,,
340,2025-08-01T14:52:10.149,Normal) (G1 Evacuation Pause) 3367M->3295M(4096M,3367.0,3295.0,4096.0,60.208,,0.43,0.01,0.06,10.382,,,,
341,2025-08-01T14:52:10.282,Normal) (G1 Evacuation Pause) 3543M->3515M(4096M,3543.0,3515.0,4096.0,41.048,,0.3,0.0,0.05,10.382,,,,
342,2025-08-01T14:52:10.346,Normal) (G1 Evacuation Pause) 1997M->1944M(4096M,1997.0,1944.0,4096.0,25.538,,0.19,0.0,0.02,10.382,,,,
343,2025-08-01T14:52:10.528,Normal) (G1 Evacuation Pause) 2676M->2679M(4096M,2676.0,2679.0,4096.0,129.428,,1.0,0.0,0.13,10.382,,,,
344,2025-08-01T14:52:10.743,Prepare Mixed) (G1 Evacuation Pause) 3127M->3121M(4096M,3127.0,3121.0,4096.0,90.523,,0.68,0.01,0.09,10.382,,,,
345,2025-08-01T14:52:10.903,Mixed) (G1 Evacuation Pause) 3423M->3318M(4096M,3423.0,3318.0,4096.0,77.539,,0.56,0.03,0.07,10.382,,,,
346,2025-08-01T14:52:11.044,Concurrent Start) (G1 Evacuation Pause) 3558M->3452M(4096M,3558.0,3452.0,4096.0,39.129,39.129,0.27,0.02,0.04,10.382,,,,
348,2025-08-01T14:52:11.112,Normal) (G1 Evacuation Pause) 3658M->3662M(4096M,3658.0,3662.0,4096.0,45.492,,0.32,0.01,0.05,10.382,,,,
349,2025-08-01T14:52:11.224,Normal) (G1 Evacuation Pause) 994M->998M(4096M,994.0,998.0,4096.0,33.139,,0.24,0.0,0.03,10.382,,,,
350,2025-08-01T14:52:11.462,Prepare Mixed) (G1 Evacuation Pause) 2048M->1706M(4096M,2048.0,1706.0,4096.0,164.9,,1.19,0.06,0.17,10.382,,,,
351,2025-08-01T14:52:11.786,Mixed) (G1 Evacuation Pause) 2460M->2203M(4096M,2460.0,2203.0,4096.0,134.97,,0.98,0.04,0.13,10.382,,,,
352,2025-08-01T14:52:12.035,Mixed) (G1 Evacuation Pause) 2829M->2731M(4096M,2829.0,2731.0,4096.0,108.73,,0.84,0.0,0.11,10.382,,,,
353,2025-08-01T14:52:12.286,Concurrent Start) (G1 Evacuation Pause) 3169M->3062M(4096M,3169.0,3062.0,4096.0,125.052,125.052,0.88,0.05,0.12,10.382,,,,
355,2025-08-01T14:52:12.468,Normal) (G1 Evacuation Pause) 3392M->3394M(4096M,3392.0,3394.0,4096.0,84.882,,0.54,0.01,0.09,10.382,,,,
356,2025-08-01T14:52:12.618,Normal) (G1 Evacuation Pause) 3612M->3577M(4096M,3612.0,3577.0,4096.0,43.264,,0.32,0.02,0.04,10.382,,,,
357,2025-08-01T14:52:12.683,Normal) (G1 Evacuation Pause) 3747M->3751M(4096M,3747.0,3751.0,4096.0,35.675,,0.24,0.0,0.03,10.382,,,,
358,2025-08-01T14:52:12.754,Normal) (G1 Evacuation Pause) 2011M->2015M(4096M,2011.0,2015.0,4096.0,32.854,,0.24,0.0,0.03,10.382,,,,
359,2025-08-01T14:52:12.922,Normal) (G1 Evacuation Pause) 2723M->2523M(4096M,2723.0,2523.0,4096.0,94.478,,0.71,0.02,0.1,10.382,,,,
360,2025-08-01T14:52:13.113,Prepare Mixed) (G1 Evacuation Pause) 3043M->3045M(4096M,3043.0,3045.0,4096.0,108.555,,0.81,0.03,0.1,10.382,,,,
361,2025-08-01T14:52:13.296,Mixed) (G1 Evacuation Pause) 3377M->3242M(4096M,3377.0,3242.0,4096.0,62.889,,0.43,0.01,0.06,10.382,,,,
362,2025-08-01T14:52:13.430,Concurrent Start) (G1 Evacuation Pause) 3516M->3432M(4096M,3516.0,3432.0,4096.0,58.385,58.385,0.42,0.03,0.06,10.382,,,,
364,2025-08-01T14:52:13.513,Normal) (G1 Evacuation Pause) 3646M->3649M(4096M,3646.0,3649.0,4096.0,57.007,,0.37,0.01,0.05,10.382,,,,
365,2025-08-01T14:52:13.637,Normal) (G1 Evacuation Pause) 1039M->1043M(4096M,1039.0,1043.0,4096.0,42.306,,0.29,0.02,0.04,10.382,,,,
366,2025-08-01T14:52:13.880,Prepare Mixed) (G1 Evacuation Pause) 2027M->1675M(4096M,2027.0,1675.0,4096.0,195.147,,1.43,0.07,0.2,10.382,,,,
367,2025-08-01T14:52:14.242,Mixed) (G1 Evacuation Pause) 2477M->2289M(4096M,2477.0,2289.0,4096.0,120.892,,0.93,0.01,0.12,10.382,,,,
368,2025-08-01T14:52:14.498,Concurrent Start) (G1 Evacuation Pause) 2873M->2774M(4096M,2873.0,2774.0,4096.0,140.448,140.448,1.04,0.03,0.14,10.382,,,,
370,2025-08-01T14:52:14.729,Normal) (G1 Evacuation Pause) 3202M->2991M(4096M,3202.0,2991.0,4096.0,52.788,,0.39,0.01,0.05,10.382,,,,
371,2025-08-01T14:52:14.862,Normal) (G1 Evacuation Pause) 1677M->1681M(4096M,1677.0,1681.0,4096.0,78.651,,0.58,0.03,0.08,10.382,,,,
372,2025-08-01T14:52:15.109,Prepare Mixed) (G1 Evacuation Pause) 2493M->2466M(4096M,2493.0,2466.0,4096.0,153.152,,1.13,0.03,0.15,10.382,,,,
373,2025-08-01T14:52:15.357,Mixed) (G1 Evacuation Pause) 2980M->2897M(4096M,2980.0,2897.0,4096.0,106.756,,0.74,0.04,0.11,10.382,,,,
374,2025-08-01T14:52:15.546,Concurrent Start) (G1 Evacuation Pause) 3269M->3231M(4096M,3269.0,3231.0,4096.0,112.933,112.933,0.83,0.04,0.11,10.382,,,,
376,2025-08-01T14:52:15.732,Normal) (G1 Evacuation Pause) 3499M->3469M(4096M,3499.0,3469.0,4096.0,56.291,,0.41,0.01,0.06,10.382,,,,
377,2025-08-01T14:52:15.812,Normal) (G1 Evacuation Pause) 3663M->3666M(4096M,3663.0,3666.0,4096.0,42.456,,0.31,0.01,0.05,10.382,,,,
378,2025-08-01T14:52:15.913,Normal) (G1 Evacuation Pause) 1664M->1667M(4096M,1664.0,1667.0,4096.0,35.314,,0.25,0.0,0.03,10.382,,,,
379,2025-08-01T14:52:16.128,Prepare Mixed) (G1 Evacuation Pause) 2439M->2158M(4096M,2439.0,2158.0,4096.0,84.589,,0.63,0.03,0.08,10.382,,,,
380,2025-08-01T14:52:16.317,Mixed) (G1 Evacuation Pause) 2788M->2454M(4096M,2788.0,2454.0,4096.0,87.004,,0.65,0.01,0.09,10.382,,,,
381,2025-08-01T14:52:16.503,Concurrent Start) (G1 Evacuation Pause) 2994M->2997M(4096M,2994.0,2997.0,4096.0,138.359,138.359,1.01,0.04,0.13,10.382,,,,
383,2025-08-01T14:52:16.723,Normal) (G1 Evacuation Pause) 3343M->3265M(4096M,3343.0,3265.0,4096.0,63.419,,0.47,0.01,0.06,10.382,,,,
384,2025-08-01T14:52:16.865,Normal) (G1 Evacuation Pause) 1717M->1629M(4096M,1717.0,1629.0,4096.0,46.263,,0.3,0.02,0.04,10.382,,,,
385,2025-08-01T14:52:17.107,Prepare Mixed) (G1 Evacuation Pause) 2433M->2184M(4096M,2433.0,2184.0,4096.0,117.312,,0.85,0.03,0.12,10.382,,,,
386,2025-08-01T14:52:17.378,Mixed) (G1 Evacuation Pause) 2812M->2598M(4096M,2812.0,2598.0,4096.0,202.934,,1.39,0.08,0.2,10.382,,,,
387,2025-08-01T14:52:17.686,Concurrent Start) (G1 Evacuation Pause) 3090M->2997M(4096M,3090.0,2997.0,4096.0,141.892,141.892,1.05,0.06,0.14,10.382,,,,
389,2025-08-01T14:52:17.912,Normal) (G1 Evacuation Pause) 3357M->3318M(4096M,3357.0,3318.0,4096.0,73.36,,0.55,0.02,0.08,10.382,,,,
390,2025-08-01T14:52:18.058,Normal) (G1 Evacuation Pause) 1694M->1640M(4096M,1694.0,1640.0,4096.0,54.607,,0.34,0.02,0.05,10.382,,,,
391,2025-08-01T14:52:18.287,Prepare Mixed) (G1 Evacuation Pause) 2484M->2319M(4096M,2484.0,2319.0,4096.0,112.473,,0.86,0.01,0.11,10.382,,,,
392,2025-08-01T14:52:18.543,Mixed) (G1 Evacuation Pause) 2905M->2633M(4096M,2905.0,2633.0,4096.0,164.871,,1.11,0.07,0.16,10.382,,,,
393,2025-08-01T14:52:18.803,Concurrent Start) (G1 Evacuation Pause) 3119M->3031M(4096M,3119.0,3031.0,4096.0,89.722,89.722,0.65,0.03,0.09,10.382,,,,
395,2025-08-01T14:52:18.975,Normal) (G1 Evacuation Pause) 3377M->3274M(4096M,3377.0,3274.0,4096.0,57.546,,0.42,0.02,0.06,10.382,,,,
396,2025-08-01T14:52:19.058,Normal) (G1 Evacuation Pause) 3544M->3549M(4096M,3544.0,3549.0,4096.0,56.332,,0.41,0.01,0.06,10.382,,,,
397,2025-08-01T14:52:19.139,Normal) (G1 Evacuation Pause) 1589M->1593M(4096M,1589.0,1593.0,4096.0,40.927,,0.3,0.01,0.04,10.382,,,,
398,2025-08-01T14:52:19.341,Prepare Mixed) (G1 Evacuation Pause) 2421M->1992M(4096M,2421.0,1992.0,4096.0,82.851,,0.61,0.02,0.09,10.382,,,,
399,2025-08-01T14:52:19.559,Mixed) (G1 Evacuation Pause) 2640M->2373M(4096M,2640.0,2373.0,4096.0,109.055,,0.81,0.04,0.11,10.382,,,,
400,2025-08-01T14:52:19.766,Concurrent Start) (G1 Evacuation Pause) 2963M->2854M(4096M,2963.0,2854.0,4096.0,130.802,130.802,0.95,0.06,0.13,10.382,,,,
402,2025-08-01T14:52:19.991,Normal) (G1 Evacuation Pause) 3268M->3271M(4096M,3268.0,3271.0,4096.0,82.398,,0.62,0.01,0.09,10.382,,,,
403,2025-08-01T14:52:20.140,Normal) (G1 Evacuation Pause) 1665M->1597M(4096M,1665.0,1597.0,4096.0,45.283,,0.32,0.01,0.05,10.382,,,,
404,2025-08-01T14:52:20.354,Prepare Mixed) (G1 Evacuation Pause) 2457M->2341M(4096M,2457.0,2341.0,4096.0,137.522,,1.05,0.02,0.13,10.382,,,,
405,2025-08-01T14:52:20.586,Mixed) (G1 Evacuation Pause) 2897M->2858M(4096M,2897.0,2858.0,4096.0,135.225,,1.0,0.04,0.13,10.382,,,,
406,2025-08-01T14:52:20.799,Concurrent Start) (G1 Evacuation Pause) 3244M->3213M(4096M,3244.0,3213.0,4096.0,116.682,116.682,0.84,0.04,0.12,10.382,,,,
408,2025-08-01T14:52:20.984,Normal) (G1 Evacuation Pause) 3487M->3331M(4096M,3487.0,3331.0,4096.0,32.469,,0.22,0.0,0.03,10.382,,,,
409,2025-08-01T14:52:21.038,Normal) (G1 Evacuation Pause) 3575M->3578M(4096M,3575.0,3578.0,4096.0,54.785,,0.41,0.01,0.05,10.382,,,,
410,2025-08-01T14:52:21.150,Normal) (G1 Evacuation Pause) 3746M->3748M(4096M,3746.0,3748.0,4096.0,35.334,,0.26,0.01,0.04,10.382,,,,
411,2025-08-01T14:52:21.201,Normal) (G1 Evacuation Pause) (Evacuation Failure) 3926M->3993M(4096M,3926.0,3993.0,4096.0,30.638,,0.21,0.01,0.03,10.382,,,,
412,2025-08-01T14:52:21.243,Normal) (G1 Evacuation Pause) 2139M->2143M(4096M,2139.0,2143.0,4096.0,16.23,,0.11,0.0,0.01,10.382,,,,
413,2025-08-01T14:52:21.431,Normal) (G1 Evacuation Pause) 2767M->2627M(4096M,2767.0,2627.0,4096.0,94.868,,0.7,0.04,0.1,10.382,,,,
414,2025-08-01T14:52:21.617,Prepare Mixed) (G1 Evacuation Pause) 3097M->3101M(4096M,3097.0,3101.0,4096.0,103.192,,0.77,0.03,0.1,10.382,,,,
415,2025-08-01T14:52:21.797,Mixed) (G1 Evacuation Pause) 3413M->3252M(4096M,3413.0,3252.0,4096.0,88.455,,0.61,0.04,0.09,10.382,,,,
416,2025-08-01T14:52:21.963,Concurrent Start) (G1 Evacuation Pause) 3518M->3523M(4096M,3518.0,3523.0,4096.0,71.293,71.293,0.51,0.02,0.08,10.382,,,,
418,2025-08-01T14:52:22.059,Normal) (G1 Evacuation Pause) 3699M->3671M(4096M,3699.0,3671.0,4096.0,52.548,,0.31,0.01,0.05,10.382,,,,
419,2025-08-01T14:52:22.132,Normal) (G1 Evacuation Pause) 3847M->3850M(4096M,3847.0,3850.0,4096.0,38.993,,0.28,0.01,0.04,10.382,,,,
420,2025-08-01T14:52:22.191,Normal) (G1 Evacuation Pause) (Evacuation Failure) 4028M->4071M(4096M,4028.0,4071.0,4096.0,24.618,,0.17,0.0,0.03,10.382,,,,
421,2025-08-01T14:52:22.215,G1 Compaction Pause) 4071M->593M(4096M,4071.0,593.0,4096.0,153.497,,1.08,0.02,0.15,10.382,,,,
422,2025-08-01T14:52:22.584,Normal) (G1 Evacuation Pause) 1637M->1217M(4096M,1637.0,1217.0,4096.0,146.864,,1.1,0.03,0.14,10.382,,,,
423,2025-08-01T14:52:22.901,Concurrent Start) (G1 Evacuation Pause) 2161M->1812M(4096M,2161.0,1812.0,4096.0,196.297,196.297,1.45,0.07,0.2,10.382,,,,
425,2025-08-01T14:52:23.262,Normal) (G1 Evacuation Pause) 1632M->1364M(4096M,1632.0,1364.0,4096.0,103.928,,0.8,0.0,0.11,10.382,,,,
426,2025-08-01T14:52:23.545,Prepare Mixed) (G1 Evacuation Pause) 2284M->1866M(4096M,2284.0,1866.0,4096.0,118.385,,0.88,0.02,0.12,10.382,,,,
427,2025-08-01T14:52:23.816,Mixed) (G1 Evacuation Pause) 2570M->2569M(4096M,2570.0,2569.0,4096.0,230.194,,1.71,0.06,0.23,10.382,,,,
428,2025-08-01T14:52:24.135,Mixed) (G1 Evacuation Pause) 3057M->2717M(4096M,3057.0,2717.0,4096.0,62.26,,0.44,0.02,0.06,10.382,,,,
429,2025-08-01T14:52:24.284,Concurrent Start) (G1 Evacuation Pause) 3175M->3179M(4096M,3175.0,3179.0,4096.0,104.604,104.604,0.76,0.03,0.1,10.382,,,,
431,2025-08-01T14:52:24.467,Normal) (G1 Evacuation Pause) 3467M->3467M(4096M,3467.0,3467.0,4096.0,62.884,,0.47,0.01,0.06,10.382,,,,
432,2025-08-01T14:52:24.552,Normal) (G1 Evacuation Pause) 3661M->3665M(4096M,3661.0,3665.0,4096.0,43.707,,0.32,0.01,0.05,10.382,,,,
433,2025-08-01T14:52:24.656,Normal) (G1 Evacuation Pause) 1741M->1744M(4096M,1741.0,1744.0,4096.0,33.948,,0.23,0.0,0.03,10.382,,,,
434,2025-08-01T14:52:24.859,Prepare Mixed) (G1 Evacuation Pause) 2498M->2060M(4096M,2498.0,2060.0,4096.0,58.132,,0.43,0.02,0.06,10.382,,,,
435,2025-08-01T14:52:25.074,Mixed) (G1 Evacuation Pause) 2744M->2602M(4096M,2744.0,2602.0,4096.0,180.905,,1.33,0.06,0.18,10.382,,,,
436,2025-08-01T14:52:25.347,Concurrent Start) (G1 Evacuation Pause) 3084M->3087M(4096M,3084.0,3087.0,4096.0,193.822,193.822,1.44,0.06,0.19,10.382,,,,
438,2025-08-01T14:52:25.619,Normal) (G1 Evacuation Pause) 3401M->3293M(4096M,3401.0,3293.0,4096.0,49.445,,0.34,0.01,0.05,10.382,,,,
439,2025-08-01T14:52:25.694,Normal) (G1 Evacuation Pause) 3547M->3512M(4096M,3547.0,3512.0,4096.0,67.076,,0.38,0.02,0.06,10.382,,,,
440,2025-08-01T14:52:25.784,Normal) (G1 Evacuation Pause) 3694M->3669M(4096M,3694.0,3669.0,4096.0,33.229,,0.2,0.0,0.03,10.382,,,,
441,2025-08-01T14:52:25.844,Normal) (G1 Evacuation Pause) 3845M->3800M(4096M,3845.0,3800.0,4096.0,26.135,,0.17,0.0,0.02,10.382,,,,
442,2025-08-01T14:52:25.895,Normal) (G1 Evacuation Pause) (Evacuation Failure) 3978M->4049M(4096M,3978.0,4049.0,4096.0,30.064,,0.21,0.0,0.03,10.382,,,,
443,2025-08-01T14:52:25.927,Normal) (G1 Evacuation Pause) (Evacuation Failure) 4069M->4089M(4096M,4069.0,4089.0,4096.0,6.627,,0.04,0.0,0.01,10.382,,,,
444,2025-08-01T14:52:25.934,G1 Compaction Pause) 4089M->558M(4096M,4089.0,558.0,4096.0,132.049,,0.91,0.02,0.13,10.382,,,,
445,2025-08-01T14:52:26.315,Normal) (G1 Evacuation Pause) 1654M->1425M(4096M,1654.0,1425.0,4096.0,279.419,,2.07,0.08,0.28,10.382,,,,
446,2025-08-01T14:52:26.765,Concurrent Start) (G1 Evacuation Pause) 2275M->1918M(4096M,2275.0,1918.0,4096.0,175.641,175.641,1.25,0.07,0.17,10.382,,,,
448,2025-08-01T14:52:27.105,Prepare Mixed) (G1 Evacuation Pause) 1476M->1276M(4096M,1476.0,1276.0,4096.0,113.269,,0.86,0.03,0.11,10.382,,,,
449,2025-08-01T14:52:27.376,Mixed) (G1 Evacuation Pause) 1986M->1628M(4096M,1986.0,1628.0,4096.0,103.979,,0.76,0.03,0.1,10.382,,,,
450,2025-08-01T14:52:27.663,Concurrent Start) (G1 Evacuation Pause) 2498M->2470M(4096M,2498.0,2470.0,4096.0,269.525,269.525,1.99,0.08,0.27,10.382,,,,
452,2025-08-01T14:52:28.057,Normal) (G1 Evacuation Pause) 2994M->2940M(4096M,2994.0,2940.0,4096.0,103.778,,0.75,0.02,0.1,10.382,,,,
453,2025-08-01T14:52:28.241,Normal) (G1 Evacuation Pause) 2168M->2060M(4096M,2168.0,2060.0,4096.0,50.766,,0.39,0.0,0.05,10.382,,,,
454,2025-08-01T14:52:28.441,Prepare Mixed) (G1 Evacuation Pause) 2722M->2691M(4096M,2722.0,2691.0,4096.0,147.53,,1.1,0.03,0.15,10.382,,,,
455,2025-08-01T14:52:28.673,Mixed) (G1 Evacuation Pause) 3133M->2999M(4096M,3133.0,2999.0,4096.0,79.072,,0.58,0.02,0.07,10.382,,,,
456,2025-08-01T14:52:28.830,Concurrent Start) (G1 Evacuation Pause) 3351M->3354M(4096M,3351.0,3354.0,4096.0,84.542,84.542,0.62,0.02,0.09,10.382,,,,
458,2025-08-01T14:52:28.977,Normal) (G1 Evacuation Pause) 3586M->3427M(4096M,3586.0,3427.0,4096.0,21.363,,0.16,0.0,0.02,10.382,,,,
459,2025-08-01T14:52:29.019,Normal) (G1 Evacuation Pause) 3645M->3648M(4096M,3645.0,3648.0,4096.0,42.371,,0.31,0.01,0.04,10.382,,,,
460,2025-08-01T14:52:29.128,Normal) (G1 Evacuation Pause) 3820M->3796M(4096M,3820.0,3796.0,4096.0,39.819,,0.27,0.01,0.04,10.382,,,,
461,2025-08-01T14:52:29.187,Normal) (G1 Evacuation Pause) (Evacuation Failure) 3974M->4059M(4096M,3974.0,4059.0,4096.0,28.576,,0.2,0.0,0.03,10.382,,,,
462,2025-08-01T14:52:29.218,Normal) (G1 Evacuation Pause) (Evacuation Failure) 4069M->4089M(4096M,4069.0,4089.0,4096.0,10.075,,0.05,0.0,0.01,10.382,,,,
463,2025-08-01T14:52:29.228,G1 Compaction Pause) 4089M->694M(4096M,4089.0,694.0,4096.0,150.786,,1.08,0.01,0.15,10.382,,,,
464,2025-08-01T14:52:29.637,Normal) (G1 Evacuation Pause) 1804M->1649M(4096M,1804.0,1649.0,4096.0,161.165,,1.25,0.01,0.16,10.382,,,,
465,2025-08-01T14:52:29.967,Concurrent Start) (G1 Evacuation Pause) 2435M->2176M(4096M,2435.0,2176.0,4096.0,196.243,196.243,1.32,0.1,0.19,10.382,,,,
467,2025-08-01T14:52:30.313,Normal) (G1 Evacuation Pause) 1461M->1292M(4096M,1461.0,1292.0,4096.0,93.961,,0.71,0.01,0.09,10.382,,,,
468,2025-08-01T14:52:30.582,Prepare Mixed) (G1 Evacuation Pause) 2226M->1647M(4096M,2226.0,1647.0,4096.0,88.103,,0.64,0.02,0.09,10.382,,,,
469,2025-08-01T14:52:30.846,Mixed) (G1 Evacuation Pause) 2509M->2222M(4096M,2509.0,2222.0,4096.0,221.751,,1.65,0.07,0.22,10.382,,,,
470,2025-08-01T14:52:31.209,Concurrent Start) (G1 Evacuation Pause) 2844M->2426M(4096M,2844.0,2426.0,4096.0,118.814,118.814,0.82,0.04,0.12,10.382,,,,
472,2025-08-01T14:52:31.455,Normal) (G1 Evacuation Pause) 3000M->2938M(4096M,3000.0,2938.0,4096.0,105.132,,0.8,0.0,0.1,10.382,,,,
473,2025-08-01T14:52:31.642,Normal) (G1 Evacuation Pause) 1690M->1694M(4096M,1690.0,1694.0,4096.0,74.052,,0.56,0.01,0.08,10.382,,,,
474,2025-08-01T14:52:31.893,Prepare Mixed) (G1 Evacuation Pause) 2524M->2453M(4096M,2524.0,2453.0,4096.0,139.382,,1.07,0.03,0.13,10.382,,,,
475,2025-08-01T14:52:32.176,Mixed) (G1 Evacuation Pause) 2971M->2833M(4096M,2971.0,2833.0,4096.0,103.505,,0.78,0.01,0.1,10.382,,,,
476,2025-08-01T14:52:32.364,Concurrent Start) (G1 Evacuation Pause) 3225M->3228M(4096M,3225.0,3228.0,4096.0,93.215,93.215,0.69,0.01,0.09,10.382,,,,
478,2025-08-01T14:52:32.528,Normal) (G1 Evacuation Pause) 3496M->3415M(4096M,3496.0,3415.0,4096.0,44.65,,0.33,0.02,0.05,10.382,,,,
479,2025-08-01T14:52:32.592,Normal) (G1 Evacuation Pause) 3627M->3631M(4096M,3627.0,3631.0,4096.0,44.695,,0.33,0.01,0.05,10.382,,,,
480,2025-08-01T14:52:32.709,Normal) (G1 Evacuation Pause) 1739M->1744M(4096M,1739.0,1744.0,4096.0,40.899,,0.29,0.01,0.04,10.382,,,,
481,2025-08-01T14:52:32.915,Normal) (G1 Evacuation Pause) 2494M->2226M(4096M,2494.0,2226.0,4096.0,86.289,,0.66,0.01,0.08,10.382,,,,
482,2025-08-01T14:52:33.108,Prepare Mixed) (G1 Evacuation Pause) 2834M->2617M(4096M,2834.0,2617.0,4096.0,87.198,,0.62,0.02,0.09,10.382,,,,
483,2025-08-01T14:52:33.281,Mixed) (G1 Evacuation Pause) 3091M->3069M(4096M,3091.0,3069.0,4096.0,146.14,,1.12,0.03,0.15,10.382,,,,
484,2025-08-01T14:52:33.489,Concurrent Start) (G1 Evacuation Pause) 3389M->3111M(4096M,3389.0,3111.0,4096.0,22.682,22.682,0.13,0.01,0.02,10.382,,,,
486,2025-08-01T14:52:33.553,Normal) (G1 Evacuation Pause) 3441M->3440M(4096M,3441.0,3440.0,4096.0,64.718,,0.49,0.01,0.06,10.382,,,,
487,2025-08-01T14:52:33.642,Normal) (G1 Evacuation Pause) 3646M->3650M(4096M,3646.0,3650.0,4096.0,40.847,,0.29,0.0,0.04,10.382,,,,
488,2025-08-01T14:52:33.743,Normal) (G1 Evacuation Pause) 1090M->1093M(4096M,1090.0,1093.0,4096.0,35.601,,0.26,0.0,0.04,10.382,,,,
489,2025-08-01T14:52:33.982,Prepare Mixed) (G1 Evacuation Pause) 2119M->2020M(4096M,2119.0,2020.0,4096.0,259.893,,1.89,0.06,0.26,10.382,,,,
490,2025-08-01T14:52:34.410,Mixed) (G1 Evacuation Pause) 2684M->2530M(4096M,2684.0,2530.0,4096.0,133.805,,1.0,0.02,0.14,10.382,,,,
491,2025-08-01T14:52:34.677,Concurrent Start) (G1 Evacuation Pause) 3018M->2893M(4096M,3018.0,2893.0,4096.0,143.523,143.523,1.05,0.04,0.14,10.382,,,,
493,2025-08-01T14:52:34.909,Normal) (G1 Evacuation Pause) 3275M->3279M(4096M,3275.0,3279.0,4096.0,78.232,,0.58,0.02,0.08,10.382,,,,
494,2025-08-01T14:52:35.013,Normal) (G1 Evacuation Pause) 3533M->3538M(4096M,3533.0,3538.0,4096.0,49.424,,0.37,0.0,0.05,10.382,,,,
495,2025-08-01T14:52:35.129,Normal) (G1 Evacuation Pause) 1828M->1743M(4096M,1828.0,1743.0,4096.0,24.611,,0.18,0.0,0.03,10.382,,,,
496,2025-08-01T14:52:35.323,Prepare Mixed) (G1 Evacuation Pause) 2547M->2550M(4096M,2547.0,2550.0,4096.0,129.924,,1.01,0.01,0.13,10.382,,,,
497,2025-08-01T14:52:35.545,Mixed) (G1 Evacuation Pause) 3032M->2929M(4096M,3032.0,2929.0,4096.0,126.952,,0.91,0.04,0.12,10.382,,,,
498,2025-08-01T14:52:35.747,Concurrent Start) (G1 Evacuation Pause) 3291M->3294M(4096M,3291.0,3294.0,4096.0,97.627,97.627,0.71,0.03,0.1,10.382,,,,
500,2025-08-01T14:52:35.918,Normal) (G1 Evacuation Pause) 3542M->3426M(4096M,3542.0,3426.0,4096.0,29.912,,0.2,0.0,0.03,10.382,,,,
501,2025-08-01T14:52:35.971,Normal) (G1 Evacuation Pause) 3636M->3639M(4096M,3636.0,3639.0,4096.0,38.694,,0.28,0.0,0.04,10.382,,,,
502,2025-08-01T14:52:36.070,Normal) (G1 Evacuation Pause) 3811M->3815M(4096M,3811.0,3815.0,4096.0,43.459,,0.3,0.02,0.05,10.382,,,,
503,2025-08-01T14:52:36.138,Normal) (G1 Evacuation Pause) (Evacuation Failure) 3993M->4057M(4096M,3993.0,4057.0,4096.0,31.736,,0.21,0.01,0.03,10.382,,,,
504,2025-08-01T14:52:36.172,Normal) (G1 Evacuation Pause) (Evacuation Failure) 4069M->4091M(4096M,4069.0,4091.0,4096.0,9.759,,0.05,0.01,0.01,10.382,,,,
505,2025-08-01T14:52:36.182,G1 Compaction Pause) 4091M->952M(4096M,4091.0,952.0,4096.0,188.134,,1.24,0.04,0.19,10.382,,,,
506,2025-08-01T14:52:36.617,Normal) (G1 Evacuation Pause) 1960M->1687M(4096M,1960.0,1687.0,4096.0,133.884,,1.02,0.01,0.13,10.382,,,,
507,2025-08-01T14:52:36.922,Concurrent Start) (G1 Evacuation Pause) 2467M->2285M(4096M,2467.0,2285.0,4096.0,141.399,141.399,1.03,0.04,0.15,10.382,,,,
509,2025-08-01T14:52:37.215,Normal) (G1 Evacuation Pause) 1656M->1593M(4096M,1656.0,1593.0,4096.0,92.998,,0.71,0.01,0.09,10.382,,,,
510,2025-08-01T14:52:37.484,Prepare Mixed) (G1 Evacuation Pause) 2415M->1937M(4096M,2415.0,1937.0,4096.0,132.099,,0.97,0.03,0.13,10.382,,,,
511,2025-08-01T14:52:37.781,Mixed) (G1 Evacuation Pause) 2681M->2406M(4096M,2681.0,2406.0,4096.0,122.371,,0.89,0.04,0.13,10.382,,,,
512,2025-08-01T14:52:38.005,Concurrent Start) (G1 Evacuation Pause) 2968M->2969M(4096M,2968.0,2969.0,4096.0,123.374,123.374,0.91,0.01,0.12,10.382,,,,
514,2025-08-01T14:52:38.208,Normal) (G1 Evacuation Pause) 3325M->3211M(4096M,3325.0,3211.0,4096.0,50.95,,0.38,0.01,0.05,10.382,,,,
515,2025-08-01T14:52:38.334,Normal) (G1 Evacuation Pause) 3491M->3479M(4096M,3491.0,3479.0,4096.0,59.819,,0.43,0.01,0.06,10.382,,,,
516,2025-08-01T14:52:38.417,Normal) (G1 Evacuation Pause) 3669M->3672M(4096M,3669.0,3672.0,4096.0,40.124,,0.3,0.01,0.04,10.382,,,,
517,2025-08-01T14:52:38.478,Normal) (G1 Evacuation Pause) 3846M->3848M(4096M,3846.0,3848.0,4096.0,36.561,,0.26,0.01,0.04,10.382,,,,
518,2025-08-01T14:52:38.544,Normal) (G1 Evacuation Pause) 2498M->2454M(4096M,2498.0,2454.0,4096.0,34.766,,0.24,0.01,0.03,10.382,,,,
519,2025-08-01T14:52:38.679,Normal) (G1 Evacuation Pause) 2986M->2988M(4096M,2986.0,2988.0,4096.0,85.216,,0.65,0.01,0.09,10.382,,,,
520,2025-08-01T14:52:38.844,Normal) (G1 Evacuation Pause) 3336M->3164M(4096M,3336.0,3164.0,4096.0,42.783,,0.31,0.0,0.04,10.382,,,,
521,2025-08-01T14:52:38.964,Prepare Mixed) (G1 Evacuation Pause) 3466M->3408M(4096M,3466.0,3408.0,4096.0,48.584,,0.36,0.01,0.05,10.382,,,,
522,2025-08-01T14:52:39.034,Mixed) (G1 Evacuation Pause) 3628M->3610M(4096M,3628.0,3610.0,4096.0,45.076,,0.33,0.0,0.04,10.382,,,,
523,2025-08-01T14:52:39.134,Concurrent Start) (G1 Evacuation Pause) 3780M->3669M(4096M,3780.0,3669.0,4096.0,22.594,22.594,0.14,0.01,0.02,10.382,,,,
525,2025-08-01T14:52:39.177,Normal) (G1 Evacuation Pause) 3847M->3851M(4096M,3847.0,3851.0,4096.0,37.557,,0.28,0.01,0.04,10.382,,,,
526,2025-08-01T14:52:39.236,Normal) (G1 Evacuation Pause) (Evacuation Failure) 4029M->4089M(4096M,4029.0,4089.0,4096.0,31.871,,0.21,0.01,0.03,10.382,,,,
527,2025-08-01T14:52:39.268,G1 Compaction Pause) 4089M->832M(4096M,4089.0,832.0,4096.0,154.911,,1.11,0.01,0.15,10.382,,,,
528,2025-08-01T14:52:39.621,Normal) (G1 Evacuation Pause) 1872M->1236M(4096M,1872.0,1236.0,4096.0,135.017,,0.94,0.06,0.14,10.382,,,,
529,2025-08-01T14:52:39.953,Concurrent Start) (G1 Evacuation Pause) 2136M->1955M(4096M,2136.0,1955.0,4096.0,238.039,238.039,1.76,0.08,0.23,10.382,,,,
531,2025-08-01T14:52:40.354,Normal) (G1 Evacuation Pause) 1786M->1456M(4096M,1786.0,1456.0,4096.0,86.033,,0.6,0.02,0.08,10.382,,,,
532,2025-08-01T14:52:40.616,Prepare Mixed) (G1 Evacuation Pause) 2300M->1991M(4096M,2300.0,1991.0,4096.0,192.557,,1.44,0.05,0.19,10.382,,,,
533,2025-08-01T14:52:40.966,Mixed) (G1 Evacuation Pause) 2703M->2680M(4096M,2703.0,2680.0,4096.0,200.242,,1.49,0.04,0.2,10.382,,,,
534,2025-08-01T14:52:41.254,Concurrent Start) (G1 Evacuation Pause) 3128M->3037M(4096M,3128.0,3037.0,4096.0,138.254,138.254,1.04,0.02,0.13,10.382,,,,
536,2025-08-01T14:52:41.476,Normal) (G1 Evacuation Pause) 3369M->3358M(4096M,3369.0,3358.0,4096.0,66.02,,0.47,0.01,0.06,10.382,,,,
537,2025-08-01T14:52:41.607,Normal) (G1 Evacuation Pause) 3586M->3502M(4096M,3586.0,3502.0,4096.0,43.563,,0.28,0.01,0.04,10.382,,,,
538,2025-08-01T14:52:41.673,Normal) (G1 Evacuation Pause) 1814M->1819M(4096M,1814.0,1819.0,4096.0,42.418,,0.31,0.0,0.04,10.382,,,,
539,2025-08-01T14:52:41.885,Prepare Mixed) (G1 Evacuation Pause) 2585M->2455M(4096M,2585.0,2455.0,4096.0,112.879,,0.87,0.01,0.11,10.382,,,,
540,2025-08-01T14:52:42.092,Mixed) (G1 Evacuation Pause) 2991M->2804M(4096M,2991.0,2804.0,4096.0,95.137,,0.71,0.03,0.1,10.382,,,,
541,2025-08-01T14:52:42.269,Concurrent Start) (G1 Evacuation Pause) 3220M->3087M(4096M,3220.0,3087.0,4096.0,56.31,56.31,0.43,0.0,0.06,10.382,,,,
543,2025-08-01T14:52:42.405,Normal) (G1 Evacuation Pause) 3407M->3410M(4096M,3407.0,3410.0,4096.0,62.09,,0.47,0.0,0.06,10.382,,,,
544,2025-08-01T14:52:42.493,Normal) (G1 Evacuation Pause) 3622M->3626M(4096M,3622.0,3626.0,4096.0,42.801,,0.29,0.01,0.04,10.382,,,,
545,2025-08-01T14:52:42.606,Normal) (G1 Evacuation Pause) 1590M->1555M(4096M,1590.0,1555.0,4096.0,27.1,,0.2,0.0,0.02,10.382,,,,
546,2025-08-01T14:52:42.806,Prepare Mixed) (G1 Evacuation Pause) 2387M->2211M(4096M,2387.0,2211.0,4096.0,127.927,,0.97,0.02,0.13,10.382,,,,
547,2025-08-01T14:52:43.082,Mixed) (G1 Evacuation Pause) 2819M->2661M(4096M,2819.0,2661.0,4096.0,163.016,,1.23,0.05,0.17,10.382,,,,
548,2025-08-01T14:52:43.337,Concurrent Start) (G1 Evacuation Pause) 3115M->3034M(4096M,3115.0,3034.0,4096.0,144.273,144.273,1.04,0.06,0.14,10.382,,,,
550,2025-08-01T14:52:43.565,Normal) (G1 Evacuation Pause) 3368M->3209M(4096M,3368.0,3209.0,4096.0,49.679,,0.35,0.02,0.05,10.382,,,,
551,2025-08-01T14:52:43.687,Normal) (G1 Evacuation Pause) 3497M->3500M(4096M,3497.0,3500.0,4096.0,64.761,,0.47,0.02,0.06,10.382,,,,
552,2025-08-01T14:52:43.772,Normal) (G1 Evacuation Pause) 1958M->1961M(4096M,1958.0,1961.0,4096.0,37.086,,0.27,0.01,0.04,10.382,,,,
553,2025-08-01T14:52:43.973,Normal) (G1 Evacuation Pause) 2681M->2624M(4096M,2681.0,2624.0,4096.0,119.447,,0.91,0.02,0.11,10.382,,,,
554,2025-08-01T14:52:44.191,Prepare Mixed) (G1 Evacuation Pause) 3088M->3058M(4096M,3088.0,3058.0,4096.0,160.241,,1.18,0.05,0.16,10.382,,,,
555,2025-08-01T14:52:44.425,Mixed) (G1 Evacuation Pause) 3380M->3269M(4096M,3380.0,3269.0,4096.0,117.474,,0.86,0.04,0.11,10.382,,,,
556,2025-08-01T14:52:44.615,Concurrent Start) (G1 Evacuation Pause) 3525M->3528M(4096M,3525.0,3528.0,4096.0,58.571,58.571,0.43,0.01,0.06,10.382,,,,
558,2025-08-01T14:52:44.692,Normal) (G1 Evacuation Pause) 3702M->3706M(4096M,3702.0,3706.0,4096.0,48.176,,0.28,0.0,0.05,10.382,,,,
559,2025-08-01T14:52:44.803,Normal) (G1 Evacuation Pause) 3882M->3825M(4096M,3882.0,3825.0,4096.0,29.64,,0.2,0.01,0.02,10.382,,,,
560,2025-08-01T14:52:44.853,Normal) (G1 Evacuation Pause) (Evacuation Failure) 4003M->4049M(4096M,4003.0,4049.0,4096.0,25.954,,0.19,0.0,0.03,10.382,,,,
561,2025-08-01T14:52:44.881,Normal) (G1 Evacuation Pause) (Evacuation Failure) 4069M->4091M(4096M,4069.0,4091.0,4096.0,8.915,,0.03,0.0,0.01,10.382,,,,
562,2025-08-01T14:52:44.890,G1 Compaction Pause) 4091M->981M(4096M,4091.0,981.0,4096.0,200.874,,1.4,0.02,0.2,10.382,,,,
563,2025-08-01T14:52:45.339,Normal) (G1 Evacuation Pause) 1979M->1520M(4096M,1979.0,1520.0,4096.0,163.487,,1.2,0.07,0.16,10.382,,,,
564,2025-08-01T14:52:45.707,Concurrent Start) (G1 Evacuation Pause) 2384M->2102M(4096M,2384.0,2102.0,4096.0,192.819,192.819,1.43,0.07,0.19,10.382,,,,
566,2025-08-01T14:52:46.062,Normal) (G1 Evacuation Pause) 1770M->1520M(4096M,1770.0,1520.0,4096.0,88.327,,0.62,0.01,0.09,10.382,,,,
567,2025-08-01T14:52:46.339,Prepare Mixed) (G1 Evacuation Pause) 2392M->2294M(4096M,2392.0,2294.0,4096.0,154.723,,1.17,0.03,0.16,10.382,,,,
568,2025-08-01T14:52:46.638,Mixed) (G1 Evacuation Pause) 2872M->2586M(4096M,2872.0,2586.0,4096.0,180.099,,1.26,0.07,0.18,10.382,,,,
569,2025-08-01T14:52:46.920,Concurrent Start) (G1 Evacuation Pause) 3078M->2835M(4096M,3078.0,2835.0,4096.0,76.839,76.839,0.57,0.02,0.08,10.382,,,,
571,2025-08-01T14:52:47.096,Normal) (G1 Evacuation Pause) 997M->1000M(4096M,997.0,1000.0,4096.0,84.798,,0.61,0.01,0.08,10.382,,,,
572,2025-08-01T14:52:47.418,Prepare Mixed) (G1 Evacuation Pause) 1944M->1550M(4096M,1944.0,1550.0,4096.0,193.407,,1.42,0.07,0.19,10.382,,,,
573,2025-08-01T14:52:47.714,Mixed) (G1 Evacuation Pause) 2116M->1886M(4096M,2116.0,1886.0,4096.0,82.664,,0.63,0.01,0.08,10.382,,,,
574,2025-08-01T14:52:47.963,Concurrent Start) (G1 Evacuation Pause) 2634M->2638M(4096M,2634.0,2638.0,4096.0,204.795,204.795,1.51,0.07,0.2,10.382,,,,
576,2025-08-01T14:52:48.260,Normal) (G1 Evacuation Pause) 3106M->2922M(4096M,3106.0,2922.0,4096.0,58.331,,0.44,0.0,0.06,10.382,,,,
577,2025-08-01T14:52:48.394,Normal) (G1 Evacuation Pause) 3296M->3080M(4096M,3296.0,3080.0,4096.0,36.284,,0.27,0.01,0.03,10.382,,,,
578,2025-08-01T14:52:48.498,Normal) (G1 Evacuation Pause) 2204M->2206M(4096M,2204.0,2206.0,4096.0,69.195,,0.51,0.02,0.07,10.382,,,,
579,2025-08-01T14:52:48.683,Normal) (G1 Evacuation Pause) 2826M->2829M(4096M,2826.0,2829.0,4096.0,100.586,,0.74,0.0,0.1,10.382,,,,
580,2025-08-01T14:52:48.875,Prepare Mixed) (G1 Evacuation Pause) 3227M->3070M(4096M,3227.0,3070.0,4096.0,61.745,,0.44,0.02,0.06,10.382,,,,
581,2025-08-01T14:52:49.015,Mixed) (G1 Evacuation Pause) 3396M->3378M(4096M,3396.0,3378.0,4096.0,73.865,,0.54,0.02,0.07,10.382,,,,
582,2025-08-01T14:52:49.161,Concurrent Start) (G1 Evacuation Pause) 3600M->3511M(4096M,3600.0,3511.0,4096.0,73.383,73.383,0.5,0.03,0.08,10.382,,,,
584,2025-08-01T14:52:49.269,Normal) (G1 Evacuation Pause) 3695M->3699M(4096M,3695.0,3699.0,4096.0,62.652,,0.43,0.01,0.06,10.382,,,,
585,2025-08-01T14:52:49.406,Normal) (G1 Evacuation Pause) 1063M->1067M(4096M,1063.0,1067.0,4096.0,47.809,,0.35,0.01,0.05,10.382,,,,
586,2025-08-01T14:52:49.635,Prepare Mixed) (G1 Evacuation Pause) 1947M->1582M(4096M,1947.0,1582.0,4096.0,106.151,,0.76,0.03,0.1,10.382,,,,
587,2025-08-01T14:52:49.922,Mixed) (G1 Evacuation Pause) 2388M->2028M(4096M,2388.0,2028.0,4096.0,189.899,,1.41,0.06,0.19,10.382,,,,
588,2025-08-01T14:52:50.276,Mixed) (G1 Evacuation Pause) 2766M->2753M(4096M,2766.0,2753.0,4096.0,222.546,,1.67,0.07,0.22,10.382,,,,
589,2025-08-01T14:52:50.590,Concurrent Start) (G1 Evacuation Pause) 3185M->3077M(4096M,3185.0,3077.0,4096.0,71.746,71.746,0.52,0.01,0.07,10.382,,,,
591,2025-08-01T14:52:50.739,Normal) (G1 Evacuation Pause) 3397M->3333M(4096M,3397.0,3333.0,4096.0,54.044,,0.38,0.01,0.06,10.382,,,,
592,2025-08-01T14:52:50.865,Normal) (G1 Evacuation Pause) 1817M->1784M(4096M,1817.0,1784.0,4096.0,44.296,,0.31,0.01,0.04,10.382,,,,
593,2025-08-01T14:52:51.078,Prepare Mixed) (G1 Evacuation Pause) 2594M->2599M(4096M,2594.0,2599.0,4096.0,146.263,,1.1,0.04,0.15,10.382,,,,
594,2025-08-01T14:52:51.317,Mixed) (G1 Evacuation Pause) 3079M->2703M(4096M,3079.0,2703.0,4096.0,65.751,,0.5,0.01,0.07,10.382,,,,
595,2025-08-01T14:52:51.468,Concurrent Start) (G1 Evacuation Pause) 3147M->2991M(4096M,3147.0,2991.0,4096.0,64.85,64.85,0.48,0.01,0.07,10.382,,,,
597,2025-08-01T14:52:51.606,Normal) (G1 Evacuation Pause) 3343M->3344M(4096M,3343.0,3344.0,4096.0,89.874,,0.65,0.03,0.09,10.382,,,,
598,2025-08-01T14:52:51.723,Normal) (G1 Evacuation Pause) 1250M->1254M(4096M,1250.0,1254.0,4096.0,54.303,,0.39,0.02,0.06,10.382,,,,
599,2025-08-01T14:52:52.006,Prepare Mixed) (G1 Evacuation Pause) 2230M->1795M(4096M,2230.0,1795.0,4096.0,125.56,,0.94,0.04,0.12,10.382,,,,
600,2025-08-01T14:52:52.288,Mixed) (G1 Evacuation Pause) 2567M->2406M(4096M,2567.0,2406.0,4096.0,159.923,,1.17,0.06,0.16,10.382,,,,
601,2025-08-01T14:52:52.546,Mixed) (G1 Evacuation Pause) 2946M->2739M(4096M,2946.0,2739.0,4096.0,100.377,,0.73,0.04,0.1,10.382,,,,
602,2025-08-01T14:52:52.733,Concurrent Start) (G1 Evacuation Pause) 3177M->3180M(4096M,3177.0,3180.0,4096.0,109.635,109.635,0.76,0.04,0.11,10.382,,,,
604,2025-08-01T14:52:52.919,Normal) (G1 Evacuation Pause) 3466M->3435M(4096M,3466.0,3435.0,4096.0,55.058,,0.41,0.01,0.06,10.382,,,,
605,2025-08-01T14:52:53.042,Normal) (G1 Evacuation Pause) 3639M->3618M(4096M,3639.0,3618.0,4096.0,38.27,,0.26,0.01,0.04,10.382,,,,
606,2025-08-01T14:52:53.096,Normal) (G1 Evacuation Pause) 3790M->3793M(4096M,3790.0,3793.0,4096.0,32.766,,0.24,0.0,0.03,10.382,,,,
607,2025-08-01T14:52:53.198,Normal) (G1 Evacuation Pause) 2067M->2071M(4096M,2067.0,2071.0,4096.0,39.905,,0.28,0.02,0.04,10.382,,,,
608,2025-08-01T14:52:53.358,Normal) (G1 Evacuation Pause) 2727M->2571M(4096M,2727.0,2571.0,4096.0,88.526,,0.67,0.02,0.09,10.382,,,,
609,2025-08-01T14:52:53.574,Prepare Mixed) (G1 Evacuation Pause) 3061M->2732M(4096M,3061.0,2732.0,4096.0,60.06,,0.42,0.03,0.06,10.382,,,,
610,2025-08-01T14:52:53.724,Mixed) (G1 Evacuation Pause) 3190M->3162M(4096M,3190.0,3162.0,4096.0,95.924,,0.71,0.01,0.09,10.382,,,,
611,2025-08-01T14:52:53.895,Concurrent Start) (G1 Evacuation Pause) 3454M->3458M(4096M,3454.0,3458.0,4096.0,72.33,72.33,0.52,0.02,0.07,10.382,,,,
613,2025-08-01T14:52:53.989,Normal) (G1 Evacuation Pause) 3654M->3657M(4096M,3654.0,3657.0,4096.0,60.267,,0.33,0.0,0.06,10.382,,,,
614,2025-08-01T14:52:54.114,Normal) (G1 Evacuation Pause) 3829M->3766M(4096M,3829.0,3766.0,4096.0,26.245,,0.19,0.0,0.02,10.382,,,,
615,2025-08-01T14:52:54.160,Normal) (G1 Evacuation Pause) (Evacuation Failure) 3944M->3987M(4096M,3944.0,3987.0,4096.0,31.777,,0.23,0.01,0.03,10.382,,,,
616,2025-08-01T14:52:54.200,Normal) (G1 Evacuation Pause) (Evacuation Failure) 4069M->4095M(4096M,4069.0,4095.0,4096.0,13.937,,0.09,0.0,0.02,10.382,,,,
617,2025-08-01T14:52:54.214,G1 Compaction Pause) 4095M->868M(4096M,4095.0,868.0,4096.0,181.575,,1.32,0.01,0.18,10.382,,,,
618,2025-08-01T14:52:54.635,Normal) (G1 Evacuation Pause) 1956M->1731M(4096M,1956.0,1731.0,4096.0,150.321,,1.15,0.03,0.15,10.382,,,,
619,2025-08-01T14:52:54.952,Concurrent Start) (G1 Evacuation Pause) 2501M->2195M(4096M,2501.0,2195.0,4096.0,200.501,200.501,1.49,0.06,0.21,10.382,,,,
621,2025-08-01T14:52:55.311,Normal) (G1 Evacuation Pause) 1700M->1416M(4096M,1700.0,1416.0,4096.0,81.655,,0.61,0.02,0.08,10.382,,,,
622,2025-08-01T14:52:55.581,Prepare Mixed) (G1 Evacuation Pause) 2332M->2156M(4096M,2332.0,2156.0,4096.0,153.28,,1.15,0.03,0.16,10.382,,,,
623,2025-08-01T14:52:55.903,Mixed) (G1 Evacuation Pause) 2804M->2561M(4096M,2804.0,2561.0,4096.0,157.481,,1.03,0.06,0.15,10.382,,,,
624,2025-08-01T14:52:56.159,Concurrent Start) (G1 Evacuation Pause) 3065M->2949M(4096M,3065.0,2949.0,4096.0,146.376,146.376,1.04,0.04,0.15,10.382,,,,
626,2025-08-01T14:52:56.388,Normal) (G1 Evacuation Pause) 3315M->3222M(4096M,3315.0,3222.0,4096.0,66.9,,0.49,0.02,0.07,10.382,,,,
627,2025-08-01T14:52:56.524,Normal) (G1 Evacuation Pause) 1572M->1455M(4096M,1572.0,1455.0,4096.0,49.041,,0.36,0.01,0.05,10.382,,,,
628,2025-08-01T14:52:56.753,Prepare Mixed) (G1 Evacuation Pause) 2333M->2174M(4096M,2333.0,2174.0,4096.0,139.258,,1.04,0.03,0.13,10.382,,,,
629,2025-08-01T14:52:57.041,Mixed) (G1 Evacuation Pause) 2806M->2529M(4096M,2806.0,2529.0,4096.0,97.999,,0.63,0.05,0.1,10.382,,,,
630,2025-08-01T14:52:57.237,Concurrent Start) (G1 Evacuation Pause) 3045M->2892M(4096M,3045.0,2892.0,4096.0,109.666,109.666,0.8,0.02,0.11,10.382,,,,
632,2025-08-01T14:52:57.445,Normal) (G1 Evacuation Pause) 3284M->3197M(4096M,3284.0,3197.0,4096.0,70.272,,0.53,0.02,0.07,10.382,,,,
633,2025-08-01T14:52:57.592,Normal) (G1 Evacuation Pause) 1617M->1621M(4096M,1617.0,1621.0,4096.0,59.818,,0.44,0.01,0.06,10.382,,,,
634,2025-08-01T14:52:57.827,Prepare Mixed) (G1 Evacuation Pause) 2463M->2255M(4096M,2463.0,2255.0,4096.0,105.467,,0.81,0.0,0.1,10.382,,,,
635,2025-08-01T14:52:58.073,Mixed) (G1 Evacuation Pause) 2867M->2589M(4096M,2867.0,2589.0,4096.0,97.12,,0.68,0.03,0.09,10.382,,,,
636,2025-08-01T14:52:58.261,Concurrent Start) (G1 Evacuation Pause) 3083M->2973M(4096M,3083.0,2973.0,4096.0,78.152,78.152,0.59,0.01,0.08,10.382,,,,
638,2025-08-01T14:52:58.425,Normal) (G1 Evacuation Pause) 3339M->3253M(4096M,3339.0,3253.0,4096.0,62.23,,0.45,0.02,0.06,10.382,,,,
639,2025-08-01T14:52:58.557,Normal) (G1 Evacuation Pause) 1479M->1482M(4096M,1479.0,1482.0,4096.0,60.925,,0.43,0.0,0.06,10.382,,,,
640,2025-08-01T14:52:58.796,Prepare Mixed) (G1 Evacuation Pause) 2352M->2071M(4096M,2352.0,2071.0,4096.0,191.246,,1.46,0.03,0.19,10.382,,,,
641,2025-08-01T14:52:59.145,Mixed) (G1 Evacuation Pause) 2747M->2431M(4096M,2747.0,2431.0,4096.0,143.423,,0.96,0.05,0.14,10.382,,,,
642,2025-08-01T14:52:59.386,Concurrent Start) (G1 Evacuation Pause) 2991M->2803M(4096M,2991.0,2803.0,4096.0,91.659,91.659,0.68,0.02,0.09,10.382,,,,
644,2025-08-01T14:52:59.564,Normal) (G1 Evacuation Pause) 3231M->3069M(4096M,3231.0,3069.0,4096.0,55.022,,0.41,0.01,0.05,10.382,,,,
645,2025-08-01T14:52:59.692,Normal) (G1 Evacuation Pause) 1557M->1562M(4096M,1557.0,1562.0,4096.0,72.133,,0.49,0.02,0.08,10.382,,,,
646,2025-08-01T14:52:59.932,Prepare Mixed) (G1 Evacuation Pause) 2400M->2249M(4096M,2400.0,2249.0,4096.0,233.711,,1.76,0.05,0.24,10.382,,,,
647,2025-08-01T14:53:00.308,Mixed) (G1 Evacuation Pause) 2853M->2585M(4096M,2853.0,2585.0,4096.0,90.666,,0.68,0.02,0.09,10.382,,,,
648,2025-08-01T14:53:00.491,Concurrent Start) (G1 Evacuation Pause) 3073M->2986M(4096M,3073.0,2986.0,4096.0,103.728,103.728,0.77,0.02,0.11,10.382,,,,
650,2025-08-01T14:53:00.674,Normal) (G1 Evacuation Pause) 3344M->3347M(4096M,3344.0,3347.0,4096.0,75.167,,0.54,0.03,0.07,10.382,,,,
651,2025-08-01T14:53:00.820,Normal) (G1 Evacuation Pause) 1551M->1545M(4096M,1551.0,1545.0,4096.0,51.472,,0.37,0.02,0.05,10.382,,,,
652,2025-08-01T14:53:01.041,Prepare Mixed) (G1 Evacuation Pause) 2369M->2108M(4096M,2369.0,2108.0,4096.0,108.227,,0.82,0.02,0.11,10.382,,,,
653,2025-08-01T14:53:01.306,Mixed) (G1 Evacuation Pause) 2764M->2449M(4096M,2764.0,2449.0,4096.0,93.148,,0.65,0.04,0.09,10.382,,,,
654,2025-08-01T14:53:01.504,Concurrent Start) (G1 Evacuation Pause) 2999M->3001M(4096M,2999.0,3001.0,4096.0,138.963,138.963,0.99,0.04,0.14,10.382,,,,
656,2025-08-01T14:53:01.730,Normal) (G1 Evacuation Pause) 3347M->3240M(4096M,3347.0,3240.0,4096.0,56.09,,0.39,0.02,0.06,10.382,,,,
657,2025-08-01T14:53:01.860,Normal) (G1 Evacuation Pause) 3506M->3462M(4096M,3506.0,3462.0,4096.0,46.8,,0.35,0.01,0.05,10.382,,,,
658,2025-08-01T14:53:01.929,Normal) (G1 Evacuation Pause) 1918M->1923M(4096M,1918.0,1923.0,4096.0,39.273,,0.29,0.01,0.04,10.382,,,,
659,2025-08-01T14:53:02.127,Normal) (G1 Evacuation Pause) 2627M->2473M(4096M,2627.0,2473.0,4096.0,100.51,,0.76,0.02,0.1,10.382,,,,
660,2025-08-01T14:53:02.369,Prepare Mixed) (G1 Evacuation Pause) 2997M->2842M(4096M,2997.0,2842.0,4096.0,94.852,,0.69,0.04,0.1,10.382,,,,
661,2025-08-01T14:53:02.546,Mixed) (G1 Evacuation Pause) 3248M->3085M(4096M,3248.0,3085.0,4096.0,76.204,,0.55,0.01,0.07,10.382,,,,
662,2025-08-01T14:53:02.699,Concurrent Start) (G1 Evacuation Pause) 3413M->3357M(4096M,3413.0,3357.0,4096.0,92.474,92.474,0.68,0.03,0.09,10.382,,,,
664,2025-08-01T14:53:02.822,Normal) (G1 Evacuation Pause) 3591M->3594M(4096M,3591.0,3594.0,4096.0,61.982,,0.39,0.02,0.07,10.382,,,,
665,2025-08-01T14:53:02.902,Normal) (G1 Evacuation Pause) 3762M->3725M(4096M,3762.0,3725.0,4096.0,29.586,,0.21,0.01,0.03,10.382,,,,
666,2025-08-01T14:53:02.956,Normal) (G1 Evacuation Pause) (Evacuation Failure) 3903M->3919M(4096M,3903.0,3919.0,4096.0,38.953,,0.28,0.01,0.04,10.382,,,,
667,2025-08-01T14:53:03.011,Normal) (G1 Evacuation Pause) (Evacuation Failure) 4069M->4095M(4096M,4069.0,4095.0,4096.0,23.022,,0.16,0.01,0.03,10.382,,,,
668,2025-08-01T14:53:03.034,G1 Compaction Pause) 4095M->1016M(4096M,4095.0,1016.0,4096.0,191.43,,1.33,0.03,0.19,10.382,,,,
669,2025-08-01T14:53:03.466,Normal) (G1 Evacuation Pause) 2066M->1619M(4096M,2066.0,1619.0,4096.0,107.176,,0.82,0.02,0.11,10.382,,,,
670,2025-08-01T14:53:03.744,Concurrent Start) (G1 Evacuation Pause) 2479M->2341M(4096M,2479.0,2341.0,4096.0,224.516,224.516,1.7,0.06,0.22,10.382,,,,
672,2025-08-01T14:53:04.124,Normal) (G1 Evacuation Pause) 1836M->1607M(4096M,1836.0,1607.0,4096.0,81.321,,0.62,0.02,0.08,10.382,,,,
673,2025-08-01T14:53:04.378,Prepare Mixed) (G1 Evacuation Pause) 2461M->2358M(4096M,2461.0,2358.0,4096.0,170.536,,1.2,0.06,0.17,10.382,,,,
674,2025-08-01T14:53:04.690,Mixed) (G1 Evacuation Pause) 2920M->2482M(4096M,2920.0,2482.0,4096.0,48.24,,0.35,0.01,0.05,10.382,,,,
675,2025-08-01T14:53:04.838,Concurrent Start) (G1 Evacuation Pause) 3034M->3040M(4096M,3034.0,3040.0,4096.0,160.63,160.63,1.17,0.05,0.16,10.382,,,,
677,2025-08-01T14:53:05.079,Normal) (G1 Evacuation Pause) 3376M->3323M(4096M,3376.0,3323.0,4096.0,58.499,,0.43,0.01,0.06,10.382,,,,
678,2025-08-01T14:53:05.207,Normal) (G1 Evacuation Pause) 1665M->1669M(4096M,1665.0,1669.0,4096.0,52.156,,0.38,0.02,0.05,10.382,,,,
679,2025-08-01T14:53:05.426,Prepare Mixed) (G1 Evacuation Pause) 2457M->2054M(4096M,2457.0,2054.0,4096.0,62.277,,0.47,0.0,0.06,10.382,,,,
680,2025-08-01T14:53:05.646,Mixed) (G1 Evacuation Pause) 2754M->2529M(4096M,2754.0,2529.0,4096.0,186.399,,1.4,0.06,0.18,10.382,,,,
681,2025-08-01T14:53:05.924,Concurrent Start) (G1 Evacuation Pause) 3055M->3057M(4096M,3055.0,3057.0,4096.0,111.731,111.731,0.84,0.02,0.11,10.382,,,,
683,2025-08-01T14:53:06.112,Normal) (G1 Evacuation Pause) 3387M->3244M(4096M,3387.0,3244.0,4096.0,50.38,,0.36,0.02,0.05,10.382,,,,
684,2025-08-01T14:53:06.238,Normal) (G1 Evacuation Pause) 3524M->3477M(4096M,3524.0,3477.0,4096.0,45.397,,0.33,0.0,0.05,10.382,,,,
685,2025-08-01T14:53:06.305,Normal) (G1 Evacuation Pause) 3671M->3674M(4096M,3671.0,3674.0,4096.0,38.916,,0.28,0.0,0.04,10.382,,,,
686,2025-08-01T14:53:06.371,Normal) (G1 Evacuation Pause) 2212M->2216M(4096M,2212.0,2216.0,4096.0,32.735,,0.24,0.01,0.04,10.382,,,,
687,2025-08-01T14:53:06.508,Normal) (G1 Evacuation Pause) 2828M->2731M(4096M,2828.0,2731.0,4096.0,88.778,,0.64,0.01,0.09,10.382,,,,
688,2025-08-01T14:53:06.682,Normal) (G1 Evacuation Pause) 3169M->3014M(4096M,3169.0,3014.0,4096.0,58.575,,0.45,0.0,0.06,10.382,,,,
689,2025-08-01T14:53:06.812,Prepare Mixed) (G1 Evacuation Pause) 3362M->3267M(4096M,3362.0,3267.0,4096.0,47.437,,0.36,0.0,0.05,10.382,,,,
690,2025-08-01T14:53:06.881,Mixed) (G1 Evacuation Pause) 3531M->3509M(4096M,3531.0,3509.0,4096.0,52.812,,0.4,0.0,0.06,10.382,,,,
691,2025-08-01T14:53:07.001,Concurrent Start) (G1 Evacuation Pause) 3689M->3692M(4096M,3689.0,3692.0,4096.0,43.378,43.378,0.31,0.0,0.05,10.382,,,,
693,2025-08-01T14:53:07.063,Normal) (G1 Evacuation Pause) 3868M->3872M(4096M,3868.0,3872.0,4096.0,39.989,,0.25,0.01,0.04,10.382,,,,
694,2025-08-01T14:53:07.157,Normal) (G1 Evacuation Pause) (Evacuation Failure) 4050M->4073M(4096M,4050.0,4073.0,4096.0,20.97,,0.15,0.0,0.02,10.382,,,,
695,2025-08-01T14:53:07.178,G1 Compaction Pause) 4073M->841M(4096M,4073.0,841.0,4096.0,150.528,,1.12,0.0,0.15,10.382,,,,
696,2025-08-01T14:53:07.528,Normal) (G1 Evacuation Pause) 1929M->1387M(4096M,1929.0,1387.0,4096.0,174.463,,1.23,0.06,0.17,10.382,,,,
697,2025-08-01T14:53:07.881,Concurrent Start) (G1 Evacuation Pause) 2339M->2129M(4096M,2339.0,2129.0,4096.0,143.905,143.905,1.1,0.01,0.15,10.382,,,,
699,2025-08-01T14:53:08.175,Normal) (G1 Evacuation Pause) 1875M->1411M(4096M,1875.0,1411.0,4096.0,56.29,,0.42,0.01,0.05,10.382,,,,
700,2025-08-01T14:53:08.470,Prepare Mixed) (G1 Evacuation Pause) 2383M->2104M(4096M,2383.0,2104.0,4096.0,219.709,,1.59,0.07,0.22,10.382,,,,
701,2025-08-01T14:53:08.846,Mixed) (G1 Evacuation Pause) 2802M->2151M(4096M,2802.0,2151.0,4096.0,79.269,,0.56,0.02,0.08,10.382,,,,
702,2025-08-01T14:53:09.101,Concurrent Start) (G1 Evacuation Pause) 2889M->2891M(4096M,2889.0,2891.0,4096.0,148.283,148.283,1.12,0.03,0.15,10.382,,,,
704,2025-08-01T14:53:09.335,Normal) (G1 Evacuation Pause) 3291M->3143M(4096M,3291.0,3143.0,4096.0,52.484,,0.39,0.0,0.05,10.382,,,,
705,2025-08-01T14:53:09.462,Normal) (G1 Evacuation Pause) 1593M->1595M(4096M,1593.0,1595.0,4096.0,61.284,,0.46,0.01,0.07,10.382,,,,
706,2025-08-01T14:53:09.695,Prepare Mixed) (G1 Evacuation Pause) 2435M->2160M(4096M,2435.0,2160.0,4096.0,183.955,,1.33,0.06,0.18,10.382,,,,
707,2025-08-01T14:53:10.030,Mixed) (G1 Evacuation Pause) 2800M->2584M(4096M,2800.0,2584.0,4096.0,107.759,,0.79,0.02,0.11,10.382,,,,
708,2025-08-01T14:53:10.230,Concurrent Start) (G1 Evacuation Pause) 3074M->3077M(4096M,3074.0,3077.0,4096.0,95.367,95.367,0.72,0.01,0.1,10.382,,,,
710,2025-08-01T14:53:10.404,Normal) (G1 Evacuation Pause) 3397M->3231M(4096M,3397.0,3231.0,4096.0,45.454,,0.32,0.02,0.04,10.382,,,,
711,2025-08-01T14:53:10.516,Normal) (G1 Evacuation Pause) 3511M->3514M(4096M,3511.0,3514.0,4096.0,60.548,,0.44,0.01,0.06,10.382,,,,
712,2025-08-01T14:53:10.596,Normal) (G1 Evacuation Pause) 3694M->3697M(4096M,3694.0,3697.0,4096.0,40.219,,0.3,0.01,0.04,10.382,,,,
713,2025-08-01T14:53:10.655,Normal) (G1 Evacuation Pause) 3873M->3875M(4096M,3873.0,3875.0,4096.0,32.669,,0.23,0.0,0.03,10.382,,,,
714,2025-08-01T14:53:10.717,Normal) (G1 Evacuation Pause) 2547M->2551M(4096M,2547.0,2551.0,4096.0,39.244,,0.23,0.02,0.04,10.382,,,,
715,2025-08-01T14:53:10.851,Normal) (G1 Evacuation Pause) 3043M->3023M(4096M,3043.0,3023.0,4096.0,93.12,,0.68,0.02,0.1,10.382,,,,
716,2025-08-01T14:53:11.018,Normal) (G1 Evacuation Pause) 3357M->3323M(4096M,3357.0,3323.0,4096.0,68.224,,0.5,0.02,0.07,10.382,,,,
717,2025-08-01T14:53:11.154,Normal) (G1 Evacuation Pause) 3563M->3464M(4096M,3563.0,3464.0,4096.0,31.091,,0.22,0.0,0.03,10.382,,,,
718,2025-08-01T14:53:11.204,Normal) (G1 Evacuation Pause) 3662M->3665M(4096M,3662.0,3665.0,4096.0,41.748,,0.3,0.0,0.04,10.382,,,,
719,2025-08-01T14:53:11.310,Prepare Mixed) (G1 Evacuation Pause) 3839M->3842M(4096M,3839.0,3842.0,4096.0,35.027,,0.25,0.01,0.04,10.382,,,,
720,2025-08-01T14:53:11.361,Mixed) (G1 Evacuation Pause) (Evacuation Failure) 4020M->4033M(4096M,4020.0,4033.0,4096.0,29.79,,0.2,0.01,0.03,10.382,,,,
721,2025-08-01T14:53:11.394,Concurrent Start) (G1 Evacuation Pause) (Evacuation Failure) 4069M->4095M(4096M,4069.0,4095.0,4096.0,8.757,8.757,0.05,0.01,0.0,10.382,,,,
722,2025-08-01T14:53:11.402,G1 Compaction Pause) 4095M->1010M(4096M,4095.0,1010.0,4096.0,173.937,,1.28,0.0,0.18,10.382,,,,
724,2025-08-01T14:53:11.821,Normal) (G1 Evacuation Pause) 2086M->1844M(4096M,2086.0,1844.0,4096.0,251.558,,1.87,0.08,0.25,10.382,,,,
725,2025-08-01T14:53:12.234,Concurrent Start) (G1 Evacuation Pause) 2608M->2434M(4096M,2608.0,2434.0,4096.0,159.318,159.318,1.2,0.04,0.16,10.382,,,,
727,2025-08-01T14:53:12.492,Normal) (G1 Evacuation Pause) 2962M->2937M(4096M,2962.0,2937.0,4096.0,104.409,,0.79,0.03,0.11,10.382,,,,
728,2025-08-01T14:53:12.668,Normal) (G1 Evacuation Pause) 2144M->2137M(4096M,2144.0,2137.0,4096.0,71.696,,0.53,0.02,0.07,10.382,,,,
729,2025-08-01T14:53:12.842,Normal) (G1 Evacuation Pause) 2761M->2554M(4096M,2761.0,2554.0,4096.0,78.365,,0.57,0.01,0.08,10.382,,,,
730,2025-08-01T14:53:13.013,Prepare Mixed) (G1 Evacuation Pause) 3052M->2920M(4096M,3052.0,2920.0,4096.0,76.598,,0.58,0.01,0.07,10.382,,,,
731,2025-08-01T14:53:13.168,Mixed) (G1 Evacuation Pause) 3294M->3240M(4096M,3294.0,3240.0,4096.0,103.072,,0.74,0.03,0.1,10.382,,,,
732,2025-08-01T14:53:13.335,Concurrent Start) (G1 Evacuation Pause) 3506M->3486M(4096M,3506.0,3486.0,4096.0,75.187,75.187,0.55,0.02,0.07,10.382,,,,
734,2025-08-01T14:53:13.431,Normal) (G1 Evacuation Pause) 3674M->3677M(4096M,3674.0,3677.0,4096.0,57.672,,0.34,0.02,0.06,10.382,,,,
735,2025-08-01T14:53:13.550,Normal) (G1 Evacuation Pause) 3851M->3748M(4096M,3851.0,3748.0,4096.0,20.578,,0.14,0.0,0.02,10.382,,,,
736,2025-08-01T14:53:13.588,Normal) (G1 Evacuation Pause) (Evacuation Failure) 3926M->3989M(4096M,3926.0,3989.0,4096.0,39.159,,0.28,0.01,0.04,10.382,,,,
737,2025-08-01T14:53:13.634,Normal) (G1 Evacuation Pause) (Evacuation Failure) 4069M->4095M(4096M,4069.0,4095.0,4096.0,10.292,,0.07,0.0,0.01,10.382,,,,
738,2025-08-01T14:53:13.645,G1 Compaction Pause) 4095M->673M(4096M,4095.0,673.0,4096.0,161.74,,1.12,0.02,0.16,10.382,,,,
739,2025-08-01T14:53:14.115,Normal) (G1 Evacuation Pause) 1961M->1565M(4096M,1961.0,1565.0,4096.0,175.444,,1.29,0.05,0.17,10.382,,,,
740,2025-08-01T14:53:14.479,Concurrent Start) (G1 Evacuation Pause) 2459M->2217M(4096M,2459.0,2217.0,4096.0,160.329,160.329,1.22,0.03,0.16,10.382,,,,
742,2025-08-01T14:53:14.802,Normal) (G1 Evacuation Pause) 1813M->1606M(4096M,1813.0,1606.0,4096.0,97.691,,0.64,0.03,0.1,10.382,,,,
743,2025-08-01T14:53:15.088,Prepare Mixed) (G1 Evacuation Pause) 2480M->2148M(4096M,2480.0,2148.0,4096.0,109.616,,0.84,0.01,0.11,10.382,,,,
744,2025-08-01T14:53:15.357,Mixed) (G1 Evacuation Pause) 2822M->2673M(4096M,2822.0,2673.0,4096.0,192.894,,1.46,0.05,0.19,10.382,,,,
745,2025-08-01T14:53:15.641,Concurrent Start) (G1 Evacuation Pause) 3141M->3127M(4096M,3141.0,3127.0,4096.0,98.399,98.399,0.74,0.02,0.1,10.382,,,,
747,2025-08-01T14:53:15.817,Normal) (G1 Evacuation Pause) 3431M->3435M(4096M,3431.0,3435.0,4096.0,68.426,,0.51,0.02,0.07,10.382,,,,
748,2025-08-01T14:53:15.911,Normal) (G1 Evacuation Pause) 3639M->3514M(4096M,3639.0,3514.0,4096.0,23.778,,0.15,0.01,0.03,10.382,,,,
749,2025-08-01T14:53:15.973,Normal) (G1 Evacuation Pause) 3698M->3700M(4096M,3698.0,3700.0,4096.0,35.971,,0.26,0.01,0.03,10.382,,,,
750,2025-08-01T14:53:16.039,Normal) (G1 Evacuation Pause) 1894M->1896M(4096M,1894.0,1896.0,4096.0,37.928,,0.27,0.01,0.04,10.382,,,,
751,2025-08-01T14:53:16.233,Normal) (G1 Evacuation Pause) 2654M->2446M(4096M,2654.0,2446.0,4096.0,90.266,,0.67,0.0,0.09,10.382,,,,
752,2025-08-01T14:53:16.425,Prepare Mixed) (G1 Evacuation Pause) 2992M->2995M(4096M,2992.0,2995.0,4096.0,192.863,,1.46,0.04,0.19,10.382,,,,
753,2025-08-01T14:53:16.701,Mixed) (G1 Evacuation Pause) 3337M->3150M(4096M,3337.0,3150.0,4096.0,45.449,,0.34,0.0,0.05,10.382,,,,
754,2025-08-01T14:53:16.827,Concurrent Start) (G1 Evacuation Pause) 3448M->3452M(4096M,3448.0,3452.0,4096.0,96.109,96.109,0.66,0.05,0.1,10.382,,,,
756,2025-08-01T14:53:16.956,Normal) (G1 Evacuation Pause) 3650M->3652M(4096M,3650.0,3652.0,4096.0,63.424,,0.36,0.01,0.06,10.382,,,,
757,2025-08-01T14:53:17.088,Normal) (G1 Evacuation Pause) 3824M->3783M(4096M,3824.0,3783.0,4096.0,34.093,,0.23,0.02,0.03,10.382,,,,
758,2025-08-01T14:53:17.138,Normal) (G1 Evacuation Pause) (Evacuation Failure) 3961M->4055M(4096M,3961.0,4055.0,4096.0,30.143,,0.21,0.0,0.03,10.382,,,,
759,2025-08-01T14:53:17.170,Normal) (G1 Evacuation Pause) (Evacuation Failure) 4069M->4087M(4096M,4069.0,4087.0,4096.0,7.842,,0.05,0.0,0.01,10.382,,,,
760,2025-08-01T14:53:17.179,Normal) (G1 Evacuation Pause) (Evacuation Failure) 4089M->4093M(4096M,4089.0,4093.0,4096.0,3.698,,0.01,0.0,0.0,10.382,,,,
761,2025-08-01T14:53:17.183,G1 Compaction Pause) 4093M->710M(4096M,4093.0,710.0,4096.0,154.959,,1.13,0.01,0.16,10.382,,,,
762,2025-08-01T14:53:17.573,Normal) (G1 Evacuation Pause) 1652M->1232M(4096M,1652.0,1232.0,4096.0,117.747,,0.86,0.04,0.11,10.382,,,,
763,2025-08-01T14:53:17.870,Concurrent Start) (G1 Evacuation Pause) 2210M->1822M(4096M,2210.0,1822.0,4096.0,156.618,156.618,1.09,0.06,0.16,10.382,,,,
765,2025-08-01T14:53:18.195,Prepare Mixed) (G1 Evacuation Pause) 1658M->1245M(4096M,1658.0,1245.0,4096.0,88.02,,0.56,0.04,0.09,10.382,,,,
766,2025-08-01T14:53:18.472,Mixed) (G1 Evacuation Pause) 2137M->1903M(4096M,2137.0,1903.0,4096.0,182.133,,1.34,0.06,0.19,10.382,,,,
767,2025-08-01T14:53:18.816,Mixed) (G1 Evacuation Pause) 2647M->2412M(4096M,2647.0,2412.0,4096.0,116.223,,0.86,0.03,0.11,10.382,,,,
768,2025-08-01T14:53:19.068,Concurrent Start) (G1 Evacuation Pause) 2970M->2670M(4096M,2970.0,2670.0,4096.0,105.405,105.405,0.76,0.03,0.11,10.382,,,,
770,2025-08-01T14:53:19.269,Normal) (G1 Evacuation Pause) 1192M->1195M(4096M,1192.0,1195.0,4096.0,87.12,,0.62,0.01,0.09,10.382,,,,
771,2025-08-01T14:53:19.600,Prepare Mixed) (G1 Evacuation Pause) 2189M->1743M(4096M,2189.0,1743.0,4096.0,244.304,,1.8,0.08,0.25,10.382,,,,
772,2025-08-01T14:53:20.024,Mixed) (G1 Evacuation Pause) 2577M->2394M(4096M,2577.0,2394.0,4096.0,166.433,,1.15,0.06,0.16,10.382,,,,
773,2025-08-01T14:53:20.289,Concurrent Start) (G1 Evacuation Pause) 2948M->2929M(4096M,2948.0,2929.0,4096.0,173.296,173.296,1.33,0.03,0.17,10.382,,,,
775,2025-08-01T14:53:20.542,Normal) (G1 Evacuation Pause) 3293M->3201M(4096M,3293.0,3201.0,4096.0,69.874,,0.51,0.02,0.07,10.382,,,,
776,2025-08-01T14:53:20.683,Normal) (G1 Evacuation Pause) 3479M->3474M(4096M,3479.0,3474.0,4096.0,63.239,,0.47,0.01,0.06,10.382,,,,
777,2025-08-01T14:53:20.774,Normal) (G1 Evacuation Pause) 2080M->2039M(4096M,2080.0,2039.0,4096.0,33.695,,0.25,0.0,0.03,10.382,,,,
778,2025-08-01T14:53:20.939,Normal) (G1 Evacuation Pause) 2725M->2622M(4096M,2725.0,2622.0,4096.0,109.559,,0.82,0.03,0.11,10.382,,,,
779,2025-08-01T14:53:21.145,Prepare Mixed) (G1 Evacuation Pause) 3092M->2936M(4096M,3092.0,2936.0,4096.0,74.129,,0.49,0.05,0.07,10.382,,,,
780,2025-08-01T14:53:21.301,Mixed) (G1 Evacuation Pause) 3306M->3208M(4096M,3306.0,3208.0,4096.0,76.832,,0.55,0.02,0.08,10.382,,,,
781,2025-08-01T14:53:21.404,Concurrent Start) (G1 Evacuation Pause) 3490M->3398M(4096M,3490.0,3398.0,4096.0,46.642,46.642,0.33,0.02,0.04,10.382,,,,
783,2025-08-01T14:53:21.476,Normal) (G1 Evacuation Pause) 3620M->3623M(4096M,3620.0,3623.0,4096.0,53.321,,0.35,0.01,0.05,10.382,,,,
784,2025-08-01T14:53:21.590,Normal) (G1 Evacuation Pause) 3793M->3705M(4096M,3793.0,3705.0,4096.0,18.108,,0.13,0.0,0.02,10.382,,,,
785,2025-08-01T14:53:21.625,Normal) (G1 Evacuation Pause) 3883M->3887M(4096M,3883.0,3887.0,4096.0,40.606,,0.28,0.01,0.04,10.382,,,,
786,2025-08-01T14:53:21.734,Normal) (G1 Evacuation Pause) 1531M->1534M(4096M,1531.0,1534.0,4096.0,33.159,,0.24,0.0,0.03,10.382,,,,
787,2025-08-01T14:53:21.949,Prepare Mixed) (G1 Evacuation Pause) 2416M->2150M(4096M,2416.0,2150.0,4096.0,200.265,,1.46,0.06,0.2,10.382,,,,
788,2025-08-01T14:53:22.301,Mixed) (G1 Evacuation Pause) 2808M->2520M(4096M,2808.0,2520.0,4096.0,162.048,,1.19,0.06,0.17,10.382,,,,
789,2025-08-01T14:53:22.559,Concurrent Start) (G1 Evacuation Pause) 3050M->2886M(4096M,3050.0,2886.0,4096.0,128.532,128.532,0.96,0.02,0.13,10.382,,,,
791,2025-08-01T14:53:22.767,Normal) (G1 Evacuation Pause) 3286M->3289M(4096M,3286.0,3289.0,4096.0,80.674,,0.61,0.01,0.08,10.382,,,,
792,2025-08-01T14:53:22.919,Normal) (G1 Evacuation Pause) 1599M->1578M(4096M,1599.0,1578.0,4096.0,53.029,,0.39,0.02,0.05,10.382,,,,
793,2025-08-01T14:53:23.154,Prepare Mixed) (G1 Evacuation Pause) 2488M->2293M(4096M,2488.0,2293.0,4096.0,133.399,,0.97,0.04,0.13,10.382,,,,
794,2025-08-01T14:53:23.397,Mixed) (G1 Evacuation Pause) 2869M->2687M(4096M,2869.0,2687.0,4096.0,102.71,,0.78,0.01,0.1,10.382,,,,
795,2025-08-01T14:53:23.586,Concurrent Start) (G1 Evacuation Pause) 3129M->3120M(4096M,3129.0,3120.0,4096.0,100.762,100.762,0.74,0.02,0.1,10.382,,,,
797,2025-08-01T14:53:23.722,Normal) (G1 Evacuation Pause) 3422M->3222M(4096M,3422.0,3222.0,4096.0,56.455,,0.3,0.01,0.06,10.382,,,,
798,2025-08-01T14:53:23.806,Normal) (G1 Evacuation Pause) 3504M->3508M(4096M,3504.0,3508.0,4096.0,61.675,,0.44,0.03,0.06,10.382,,,,
799,2025-08-01T14:53:23.933,Normal) (G1 Evacuation Pause) 3690M->3694M(4096M,3690.0,3694.0,4096.0,43.019,,0.32,0.01,0.05,10.382,,,,
800,2025-08-01T14:53:23.991,Normal) (G1 Evacuation Pause) 3870M->3873M(4096M,3870.0,3873.0,4096.0,34.062,,0.25,0.0,0.04,10.382,,,,
801,2025-08-01T14:53:24.091,Normal) (G1 Evacuation Pause) 2297M->2265M(4096M,2297.0,2265.0,4096.0,27.779,,0.21,0.0,0.03,10.382,,,,
802,2025-08-01T14:53:24.221,Normal) (G1 Evacuation Pause) 2849M->2793M(4096M,2849.0,2793.0,4096.0,98.757,,0.68,0.02,0.1,10.382,,,,
803,2025-08-01T14:53:24.407,Prepare Mixed) (G1 Evacuation Pause) 3201M->3206M(4096M,3201.0,3206.0,4096.0,92.723,,0.67,0.03,0.09,10.382,,,,
804,2025-08-01T14:53:24.573,Mixed) (G1 Evacuation Pause) 3482M->3365M(4096M,3482.0,3365.0,4096.0,60.796,,0.44,0.01,0.07,10.382,,,,
805,2025-08-01T14:53:24.700,Concurrent Start) (G1 Evacuation Pause) 3591M->3595M(4096M,3591.0,3595.0,4096.0,89.437,89.437,0.65,0.04,0.09,10.382,,,,
807,2025-08-01T14:53:24.816,Normal) (G1 Evacuation Pause) 3765M->3766M(4096M,3765.0,3766.0,4096.0,55.968,,0.33,0.0,0.05,10.382,,,,
808,2025-08-01T14:53:24.936,Normal) (G1 Evacuation Pause) 3944M->3867M(4096M,3944.0,3867.0,4096.0,24.472,,0.17,0.01,0.02,10.382,,,,
809,2025-08-01T14:53:24.977,Normal) (G1 Evacuation Pause) (Evacuation Failure) 4045M->4085M(4096M,4045.0,4085.0,4096.0,24.941,,0.17,0.01,0.02,10.382,,,,
810,2025-08-01T14:53:25.002,G1 Compaction Pause) 4085M->604M(4096M,4085.0,604.0,4096.0,152.086,,1.03,0.02,0.16,10.382,,,,
811,2025-08-01T14:53:25.374,Normal) (G1 Evacuation Pause) 1540M->1111M(4096M,1540.0,1111.0,4096.0,116.136,,0.87,0.03,0.11,10.382,,,,
812,2025-08-01T14:53:25.679,Concurrent Start) (G1 Evacuation Pause) 2101M->1626M(4096M,2101.0,1626.0,4096.0,105.041,105.041,0.8,0.01,0.11,10.382,,,,
814,2025-08-01T14:53:25.956,Normal) (G1 Evacuation Pause) 1685M->1222M(4096M,1685.0,1222.0,4096.0,93.587,,0.71,0.01,0.09,10.382,,,,
815,2025-08-01T14:53:26.245,Prepare Mixed) (G1 Evacuation Pause) 2252M->1770M(4096M,2252.0,1770.0,4096.0,180.916,,1.25,0.06,0.18,10.382,,,,
816,2025-08-01T14:53:26.595,Mixed) (G1 Evacuation Pause) 2592M->2151M(4096M,2592.0,2151.0,4096.0,188.003,,1.4,0.05,0.18,10.382,,,,
817,2025-08-01T14:53:26.944,Concurrent Start) (G1 Evacuation Pause) 2841M->2404M(4096M,2841.0,2404.0,4096.0,74.201,74.201,0.53,0.01,0.07,10.382,,,,
819,2025-08-01T14:53:27.124,Normal) (G1 Evacuation Pause) 1220M->1224M(4096M,1220.0,1224.0,4096.0,174.745,,1.33,0.04,0.17,10.382,,,,
820,2025-08-01T14:53:27.544,Prepare Mixed) (G1 Evacuation Pause) 2250M->2106M(4096M,2250.0,2106.0,4096.0,228.182,,1.73,0.04,0.22,10.382,,,,
821,2025-08-01T14:53:27.940,Mixed) (G1 Evacuation Pause) 2750M->2573M(4096M,2750.0,2573.0,4096.0,123.401,,0.93,0.02,0.13,10.382,,,,
822,2025-08-01T14:53:28.159,Concurrent Start) (G1 Evacuation Pause) 3047M->2988M(4096M,3047.0,2988.0,4096.0,113.485,113.485,0.84,0.03,0.11,10.382,,,,
824,2025-08-01T14:53:28.359,Normal) (G1 Evacuation Pause) 3336M->3257M(4096M,3336.0,3257.0,4096.0,66.333,,0.47,0.02,0.07,10.382,,,,
825,2025-08-01T14:53:28.508,Normal) (G1 Evacuation Pause) 1739M->1743M(4096M,1739.0,1743.0,4096.0,62.992,,0.46,0.01,0.06,10.382,,,,
826,2025-08-01T14:53:28.742,Prepare Mixed) (G1 Evacuation Pause) 2505M->2376M(4096M,2505.0,2376.0,4096.0,120.597,,0.93,0.01,0.12,10.382,,,,
827,2025-08-01T14:53:28.972,Mixed) (G1 Evacuation Pause) 2916M->2635M(4096M,2916.0,2635.0,4096.0,114.61,,0.81,0.04,0.12,10.382,,,,
828,2025-08-01T14:53:29.186,Concurrent Start) (G1 Evacuation Pause) 3107M->3109M(4096M,3107.0,3109.0,4096.0,145.78,145.78,1.08,0.03,0.14,10.382,,,,
830,2025-08-01T14:53:29.390,Normal) (G1 Evacuation Pause) 3417M->3214M(4096M,3417.0,3214.0,4096.0,29.496,,0.19,0.0,0.03,10.382,,,,
831,2025-08-01T14:53:29.446,Normal) (G1 Evacuation Pause) 3504M->3509M(4096M,3504.0,3509.0,4096.0,50.491,,0.37,0.01,0.05,10.382,,,,
832,2025-08-01T14:53:29.557,Normal) (G1 Evacuation Pause) 3693M->3695M(4096M,3693.0,3695.0,4096.0,39.519,,0.3,0.01,0.04,10.382,,,,
833,2025-08-01T14:53:29.612,Normal) (G1 Evacuation Pause) 3869M->3872M(4096M,3869.0,3872.0,4096.0,32.014,,0.24,0.01,0.04,10.382,,,,
834,2025-08-01T14:53:29.709,Normal) (G1 Evacuation Pause) 2212M->2131M(4096M,2212.0,2131.0,4096.0,21.643,,0.15,0.01,0.02,10.382,,,,
835,2025-08-01T14:53:29.839,Normal) (G1 Evacuation Pause) 2767M->2770M(4096M,2767.0,2770.0,4096.0,100.929,,0.78,0.0,0.1,10.382,,,,
836,2025-08-01T14:53:30.031,Prepare Mixed) (G1 Evacuation Pause) 3186M->3190M(4096M,3186.0,3190.0,4096.0,94.723,,0.68,0.02,0.1,10.382,,,,
837,2025-08-01T14:53:30.201,Mixed) (G1 Evacuation Pause) 3470M->3377M(4096M,3470.0,3377.0,4096.0,56.345,,0.42,0.01,0.06,10.382,,,,
838,2025-08-01T14:53:30.325,Concurrent Start) (G1 Evacuation Pause) 3599M->3546M(4096M,3599.0,3546.0,4096.0,37.965,37.965,0.28,0.0,0.03,10.382,,,,
840,2025-08-01T14:53:30.378,Normal) (G1 Evacuation Pause) 3720M->3725M(4096M,3720.0,3725.0,4096.0,43.002,,0.26,0.0,0.04,10.382,,,,
841,2025-08-01T14:53:30.483,Normal) (G1 Evacuation Pause) 3903M->3858M(4096M,3903.0,3858.0,4096.0,33.71,,0.23,0.01,0.03,10.382,,,,
842,2025-08-01T14:53:30.536,Normal) (G1 Evacuation Pause) (Evacuation Failure) 4036M->4079M(4096M,4036.0,4079.0,4096.0,27.348,,0.2,0.0,0.03,10.382,,,,
843,2025-08-01T14:53:30.563,G1 Compaction Pause) 4079M->707M(4096M,4079.0,707.0,4096.0,145.537,,1.07,0.01,0.14,10.382,,,,
844,2025-08-01T14:53:30.956,Normal) (G1 Evacuation Pause) 1841M->1423M(4096M,1841.0,1423.0,4096.0,196.817,,1.44,0.04,0.19,10.382,,,,
845,2025-08-01T14:53:31.342,Concurrent Start) (G1 Evacuation Pause) 2333M->2058M(4096M,2333.0,2058.0,4096.0,248.911,248.911,1.77,0.09,0.25,10.382,,,,
847,2025-08-01T14:53:31.747,Normal) (G1 Evacuation Pause) 1714M->1606M(4096M,1714.0,1606.0,4096.0,121.131,,0.92,0.02,0.12,10.382,,,,
848,2025-08-01T14:53:32.045,Prepare Mixed) (G1 Evacuation Pause) 2426M->2040M(4096M,2426.0,2040.0,4096.0,108.579,,0.8,0.03,0.11,10.382,,,,
849,2025-08-01T14:53:32.305,Mixed) (G1 Evacuation Pause) 2728M->2523M(4096M,2728.0,2523.0,4096.0,136.351,,1.0,0.05,0.13,10.382,,,,
850,2025-08-01T14:53:32.535,Concurrent Start) (G1 Evacuation Pause) 3047M->2970M(4096M,3047.0,2970.0,4096.0,98.276,98.276,0.7,0.02,0.1,10.382,,,,
852,2025-08-01T14:53:32.715,Normal) (G1 Evacuation Pause) 3330M->3334M(4096M,3330.0,3334.0,4096.0,81.623,,0.6,0.02,0.08,10.382,,,,
853,2025-08-01T14:53:32.868,Normal) (G1 Evacuation Pause) 1724M->1646M(4096M,1724.0,1646.0,4096.0,47.328,,0.32,0.03,0.05,10.382,,,,
854,2025-08-01T14:53:33.087,Prepare Mixed) (G1 Evacuation Pause) 2502M->2345M(4096M,2502.0,2345.0,4096.0,125.528,,0.96,0.02,0.12,10.382,,,,
855,2025-08-01T14:53:33.348,Mixed) (G1 Evacuation Pause) 2923M->2606M(4096M,2923.0,2606.0,4096.0,136.379,,1.02,0.04,0.14,10.382,,,,
856,2025-08-01T14:53:33.583,Concurrent Start) (G1 Evacuation Pause) 3102M->2954M(4096M,3102.0,2954.0,4096.0,159.575,159.575,1.01,0.1,0.15,10.382,,,,
858,2025-08-01T14:53:33.827,Normal) (G1 Evacuation Pause) 3322M->3326M(4096M,3322.0,3326.0,4096.0,79.805,,0.54,0.02,0.08,10.382,,,,
859,2025-08-01T14:53:33.971,Normal) (G1 Evacuation Pause) 1472M->1412M(4096M,1472.0,1412.0,4096.0,39.287,,0.29,0.01,0.04,10.382,,,,
860,2025-08-01T14:53:34.191,Prepare Mixed) (G1 Evacuation Pause) 2306M->2070M(4096M,2306.0,2070.0,4096.0,123.812,,0.92,0.03,0.13,10.382,,,,
861,2025-08-01T14:53:34.474,Mixed) (G1 Evacuation Pause) 2738M->2564M(4096M,2738.0,2564.0,4096.0,188.11,,1.42,0.04,0.18,10.382,,,,
862,2025-08-01T14:53:34.757,Concurrent Start) (G1 Evacuation Pause) 3054M->2868M(4096M,3054.0,2868.0,4096.0,74.08,74.08,0.47,0.04,0.07,10.382,,,,
864,2025-08-01T14:53:34.916,Normal) (G1 Evacuation Pause) 3266M->3271M(4096M,3266.0,3271.0,4096.0,93.356,,0.69,0.03,0.09,10.382,,,,
865,2025-08-01T14:53:35.086,Normal) (G1 Evacuation Pause) 1569M->1545M(4096M,1569.0,1545.0,4096.0,52.643,,0.38,0.02,0.05,10.382,,,,
866,2025-08-01T14:53:35.315,Prepare Mixed) (G1 Evacuation Pause) 2419M->2138M(4096M,2419.0,2138.0,4096.0,107.607,,0.82,0.02,0.1,10.382,,,,
867,2025-08-01T14:53:35.577,Mixed) (G1 Evacuation Pause) 2798M->2614M(4096M,2798.0,2614.0,4096.0,119.406,,0.88,0.02,0.12,10.382,,,,
868,2025-08-01T14:53:35.786,Concurrent Start) (G1 Evacuation Pause) 3084M->3070M(4096M,3084.0,3070.0,4096.0,115.434,115.434,0.78,0.06,0.11,10.382,,,,
870,2025-08-01T14:53:35.974,Normal) (G1 Evacuation Pause) 3390M->3338M(4096M,3390.0,3338.0,4096.0,69.852,,0.51,0.02,0.07,10.382,,,,
871,2025-08-01T14:53:36.068,Normal) (G1 Evacuation Pause) 3576M->3579M(4096M,3576.0,3579.0,4096.0,50.383,,0.38,0.01,0.05,10.382,,,,
872,2025-08-01T14:53:36.179,Normal) (G1 Evacuation Pause) 1945M->1843M(4096M,1945.0,1843.0,4096.0,17.768,,0.12,0.0,0.02,10.382,,,,
873,2025-08-01T14:53:36.366,Normal) (G1 Evacuation Pause) 2615M->2441M(4096M,2615.0,2441.0,4096.0,114.887,,0.87,0.03,0.11,10.382,,,,
874,2025-08-01T14:53:36.586,Prepare Mixed) (G1 Evacuation Pause) 2983M->2986M(4096M,2983.0,2986.0,4096.0,125.526,,0.95,0.03,0.12,10.382,,,,
875,2025-08-01T14:53:36.798,Mixed) (G1 Evacuation Pause) 3334M->3278M(4096M,3334.0,3278.0,4096.0,80.483,,0.55,0.02,0.08,10.382,,,,
876,2025-08-01T14:53:36.950,Concurrent Start) (G1 Evacuation Pause) 3532M->3483M(4096M,3532.0,3483.0,4096.0,74.499,74.499,0.51,0.02,0.08,10.382,,,,
878,2025-08-01T14:53:37.057,Normal) (G1 Evacuation Pause) 3673M->3675M(4096M,3673.0,3675.0,4096.0,79.953,,0.53,0.01,0.08,10.382,,,,
879,2025-08-01T14:53:37.154,Normal) (G1 Evacuation Pause) 3849M->3853M(4096M,3849.0,3853.0,4096.0,34.161,,0.25,0.0,0.03,10.382,,,,
880,2025-08-01T14:53:37.209,Normal) (G1 Evacuation Pause) (Evacuation Failure) 4031M->4037M(4096M,4031.0,4037.0,4096.0,21.056,,0.15,0.0,0.02,10.382,,,,
881,2025-08-01T14:53:37.252,Normal) (G1 Evacuation Pause) (Evacuation Failure) 4069M->4085M(4096M,4069.0,4085.0,4096.0,7.949,,0.05,0.01,0.01,10.382,,,,
882,2025-08-01T14:53:37.260,Normal) (G1 Evacuation Pause) (Evacuation Failure) 4087M->4095M(4096M,4087.0,4095.0,4096.0,2.901,,0.01,0.0,0.01,10.382,,,,
883,2025-08-01T14:53:37.263,G1 Compaction Pause) 4095M->680M(4096M,4095.0,680.0,4096.0,147.161,,1.07,0.0,0.14,10.382,,,,
884,2025-08-01T14:53:37.611,Normal) (G1 Evacuation Pause) 1594M->1375M(4096M,1594.0,1375.0,4096.0,128.94,,0.97,0.03,0.13,10.382,,,,
885,2025-08-01T14:53:37.928,Concurrent Start) (G1 Evacuation Pause) 2269M->2074M(4096M,2269.0,2074.0,4096.0,180.915,180.915,1.36,0.04,0.18,10.382,,,,
887,2025-08-01T14:53:38.260,Normal) (G1 Evacuation Pause) 1944M->1746M(4096M,1944.0,1746.0,4096.0,83.852,,0.65,0.0,0.09,10.382,,,,
888,2025-08-01T14:53:38.507,Prepare Mixed) (G1 Evacuation Pause) 2518M->2197M(4096M,2518.0,2197.0,4096.0,94.784,,0.73,0.02,0.09,10.382,,,,
889,2025-08-01T14:53:38.758,Mixed) (G1 Evacuation Pause) 2823M->2601M(4096M,2823.0,2601.0,4096.0,105.006,,0.8,0.01,0.1,10.382,,,,
890,2025-08-01T14:53:38.954,Concurrent Start) (G1 Evacuation Pause) 3089M->2940M(4096M,3089.0,2940.0,4096.0,77.241,77.241,0.57,0.02,0.07,10.382,,,,
892,2025-08-01T14:53:39.113,Normal) (G1 Evacuation Pause) 3314M->3179M(4096M,3314.0,3179.0,4096.0,72.005,,0.52,0.02,0.07,10.382,,,,
893,2025-08-01T14:53:39.258,Normal) (G1 Evacuation Pause) 1639M->1581M(4096M,1639.0,1581.0,4096.0,46.106,,0.35,0.0,0.05,10.382,,,,
894,2025-08-01T14:53:39.472,Prepare Mixed) (G1 Evacuation Pause) 2415M->2292M(4096M,2415.0,2292.0,4096.0,146.207,,1.12,0.02,0.15,10.382,,,,
895,2025-08-01T14:53:39.720,Mixed) (G1 Evacuation Pause) 2884M->2541M(4096M,2884.0,2541.0,4096.0,78.713,,0.58,0.02,0.08,10.382,,,,
896,2025-08-01T14:53:39.892,Concurrent Start) (G1 Evacuation Pause) 3057M->2968M(4096M,3057.0,2968.0,4096.0,106.635,106.635,0.73,0.04,0.11,10.382,,,,
898,2025-08-01T14:53:40.079,Normal) (G1 Evacuation Pause) 3332M->3245M(4096M,3332.0,3245.0,4096.0,55.142,,0.4,0.0,0.06,10.382,,,,
899,2025-08-01T14:53:40.204,Normal) (G1 Evacuation Pause) 1573M->1577M(4096M,1573.0,1577.0,4096.0,59.778,,0.45,0.01,0.06,10.382,,,,
900,2025-08-01T14:53:40.436,Prepare Mixed) (G1 Evacuation Pause) 2403M->2142M(4096M,2403.0,2142.0,4096.0,95.194,,0.73,0.0,0.09,10.382,,,,
901,2025-08-01T14:53:40.678,Mixed) (G1 Evacuation Pause) 2790M->2477M(4096M,2790.0,2477.0,4096.0,82.276,,0.62,0.0,0.08,10.382,,,,
902,2025-08-01T14:53:40.856,Concurrent Start) (G1 Evacuation Pause) 3023M->2924M(4096M,3023.0,2924.0,4096.0,94.611,94.611,0.71,0.01,0.09,10.382,,,,
904,2025-08-01T14:53:41.033,Normal) (G1 Evacuation Pause) 3310M->3314M(4096M,3310.0,3314.0,4096.0,80.134,,0.6,0.0,0.08,10.382,,,,
905,2025-08-01T14:53:41.182,Normal) (G1 Evacuation Pause) 1550M->1519M(4096M,1550.0,1519.0,4096.0,45.295,,0.35,0.01,0.05,10.382,,,,
906,2025-08-01T14:53:41.409,Prepare Mixed) (G1 Evacuation Pause) 2389M->2177M(4096M,2389.0,2177.0,4096.0,176.821,,1.3,0.05,0.18,10.382,,,,
907,2025-08-01T14:53:41.749,Mixed) (G1 Evacuation Pause) 2811M->2675M(4096M,2811.0,2675.0,4096.0,226.678,,1.66,0.08,0.23,10.382,,,,
908,2025-08-01T14:53:42.063,Concurrent Start) (G1 Evacuation Pause) 3121M->3041M(4096M,3121.0,3041.0,4096.0,83.524,83.524,0.62,0.02,0.09,10.382,,,,
910,2025-08-01T14:53:42.224,Normal) (G1 Evacuation Pause) 3369M->3326M(4096M,3369.0,3326.0,4096.0,66.269,,0.49,0.02,0.06,10.382,,,,
911,2025-08-01T14:53:42.316,Normal) (G1 Evacuation Pause) 3566M->3518M(4096M,3566.0,3518.0,4096.0,41.45,,0.3,0.01,0.04,10.382,,,,
912,2025-08-01T14:53:42.377,Normal) (G1 Evacuation Pause) 3698M->3703M(4096M,3698.0,3703.0,4096.0,35.4,,0.27,0.0,0.03,10.382,,,,
913,2025-08-01T14:53:42.431,Normal) (G1 Evacuation Pause) 3879M->3831M(4096M,3879.0,3831.0,4096.0,28.579,,0.2,0.01,0.03,10.382,,,,
914,2025-08-01T14:53:42.495,Normal) (G1 Evacuation Pause) 2205M->2208M(4096M,2205.0,2208.0,4096.0,37.752,,0.28,0.0,0.03,10.382,,,,
915,2025-08-01T14:53:42.679,Normal) (G1 Evacuation Pause) 2836M->2738M(4096M,2836.0,2738.0,4096.0,92.373,,0.71,0.01,0.09,10.382,,,,
916,2025-08-01T14:53:42.859,Prepare Mixed) (G1 Evacuation Pause) 3166M->3087M(4096M,3166.0,3087.0,4096.0,69.88,,0.51,0.02,0.07,10.382,,,,
917,2025-08-01T14:53:43.005,Mixed) (G1 Evacuation Pause) 3407M->3348M(4096M,3407.0,3348.0,4096.0,66.943,,0.48,0.01,0.06,10.382,,,,
918,2025-08-01T14:53:43.095,Concurrent Start) (G1 Evacuation Pause) 3580M->3583M(4096M,3580.0,3583.0,4096.0,48.238,48.238,0.35,0.01,0.05,10.382,,,,
920,2025-08-01T14:53:43.202,Normal) (G1 Evacuation Pause) 3751M->3733M(4096M,3751.0,3733.0,4096.0,36.751,,0.26,0.01,0.04,10.382,,,,
921,2025-08-01T14:53:43.256,Normal) (G1 Evacuation Pause) (Evacuation Failure) 3911M->3951M(4096M,3911.0,3951.0,4096.0,30.394,,0.21,0.0,0.03,10.382,,,,
922,2025-08-01T14:53:43.298,Normal) (G1 Evacuation Pause) (Evacuation Failure) 4069M->4093M(4096M,4069.0,4093.0,4096.0,17.616,,0.12,0.0,0.02,10.382,,,,
923,2025-08-01T14:53:43.315,G1 Compaction Pause) 4093M->1076M(4096M,4093.0,1076.0,4096.0,212.747,,1.54,0.03,0.21,10.382,,,,
924,2025-08-01T14:53:43.790,Normal) (G1 Evacuation Pause) 2088M->1703M(4096M,2088.0,1703.0,4096.0,206.846,,1.51,0.07,0.21,10.382,,,,
925,2025-08-01T14:53:44.175,Concurrent Start) (G1 Evacuation Pause) 2529M->2348M(4096M,2529.0,2348.0,4096.0,138.575,138.575,1.06,0.01,0.14,10.382,,,,
927,2025-08-01T14:53:44.470,Normal) (G1 Evacuation Pause) 1859M->1608M(4096M,1859.0,1608.0,4096.0,127.968,,0.95,0.0,0.13,10.382,,,,
928,2025-08-01T14:53:44.768,Prepare Mixed) (G1 Evacuation Pause) 2418M->2368M(4096M,2418.0,2368.0,4096.0,151.162,,1.16,0.03,0.15,10.382,,,,
929,2025-08-01T14:53:45.055,Mixed) (G1 Evacuation Pause) 2922M->2572M(4096M,2922.0,2572.0,4096.0,77.61,,0.53,0.03,0.07,10.382,,,,
930,2025-08-01T14:53:45.228,Concurrent Start) (G1 Evacuation Pause) 3074M->2972M(4096M,3074.0,2972.0,4096.0,91.514,91.514,0.68,0.01,0.09,10.382,,,,
932,2025-08-01T14:53:45.407,Normal) (G1 Evacuation Pause) 3334M->3310M(4096M,3334.0,3310.0,4096.0,95.491,,0.71,0.02,0.09,10.382,,,,
933,2025-08-01T14:53:45.571,Normal) (G1 Evacuation Pause) 1672M->1675M(4096M,1672.0,1675.0,4096.0,51.874,,0.38,0.0,0.06,10.382,,,,
934,2025-08-01T14:53:45.787,Prepare Mixed) (G1 Evacuation Pause) 2469M->2170M(4096M,2469.0,2170.0,4096.0,97.509,,0.74,0.02,0.1,10.382,,,,
935,2025-08-01T14:53:46.013,Mixed) (G1 Evacuation Pause) 2814M->2537M(4096M,2814.0,2537.0,4096.0,107.116,,0.78,0.03,0.11,10.382,,,,
936,2025-08-01T14:53:46.215,Concurrent Start) (G1 Evacuation Pause) 3055M->3058M(4096M,3055.0,3058.0,4096.0,103.866,103.866,0.76,0.01,0.1,10.382,,,,
938,2025-08-01T14:53:46.395,Normal) (G1 Evacuation Pause) 3382M->3302M(4096M,3382.0,3302.0,4096.0,60.623,,0.46,0.01,0.06,10.382,,,,
939,2025-08-01T14:53:46.514,Normal) (G1 Evacuation Pause) 3552M->3460M(4096M,3552.0,3460.0,4096.0,33.374,,0.24,0.0,0.03,10.382,,,,
940,2025-08-01T14:53:46.566,Normal) (G1 Evacuation Pause) 3662M->3666M(4096M,3662.0,3666.0,4096.0,41.506,,0.3,0.01,0.04,10.382,,,,
941,2025-08-01T14:53:46.626,Normal) (G1 Evacuation Pause) 3840M->3810M(4096M,3840.0,3810.0,4096.0,28.006,,0.2,0.01,0.03,10.382,,,,
942,2025-08-01T14:53:46.685,Normal) (G1 Evacuation Pause) 2192M->2155M(4096M,2192.0,2155.0,4096.0,29.791,,0.22,0.0,0.03,10.382,,,,
943,2025-08-01T14:53:46.866,Normal) (G1 Evacuation Pause) 2795M->2798M(4096M,2795.0,2798.0,4096.0,116.847,,0.86,0.03,0.12,10.382,,,,
944,2025-08-01T14:53:47.068,Prepare Mixed) (G1 Evacuation Pause) 3208M->3101M(4096M,3208.0,3101.0,4096.0,78.88,,0.58,0.01,0.08,10.382,,,,
945,2025-08-01T14:53:47.229,Mixed) (G1 Evacuation Pause) 3421M->3300M(4096M,3421.0,3300.0,4096.0,52.989,,0.38,0.0,0.05,10.382,,,,
946,2025-08-01T14:53:47.308,Concurrent Start) (G1 Evacuation Pause) 3558M->3522M(4096M,3558.0,3522.0,4096.0,50.895,50.895,0.38,0.01,0.05,10.382,,,,
948,2025-08-01T14:53:47.419,Normal) (G1 Evacuation Pause) 3704M->3687M(4096M,3704.0,3687.0,4096.0,33.357,,0.24,0.0,0.03,10.382,,,,
949,2025-08-01T14:53:47.468,Normal) (G1 Evacuation Pause) 3863M->3867M(4096M,3863.0,3867.0,4096.0,32.273,,0.24,0.0,0.03,10.382,,,,
950,2025-08-01T14:53:47.562,Normal) (G1 Evacuation Pause) 1533M->1535M(4096M,1533.0,1535.0,4096.0,33.649,,0.25,0.0,0.04,10.382,,,,
951,2025-08-01T14:53:47.757,Prepare Mixed) (G1 Evacuation Pause) 2343M->1918M(4096M,2343.0,1918.0,4096.0,77.697,,0.58,0.01,0.08,10.382,,,,
952,2025-08-01T14:53:48.001,Mixed) (G1 Evacuation Pause) 2638M->2220M(4096M,2638.0,2220.0,4096.0,183.542,,1.33,0.07,0.19,10.382,,,,
953,2025-08-01T14:53:48.304,Concurrent Start) (G1 Evacuation Pause) 2854M->2857M(4096M,2854.0,2857.0,4096.0,119.566,119.566,0.91,0.02,0.12,10.382,,,,
955,2025-08-01T14:53:48.508,Normal) (G1 Evacuation Pause) 3253M->3257M(4096M,3253.0,3257.0,4096.0,76.815,,0.58,0.0,0.08,10.382,,,,
956,2025-08-01T14:53:48.652,Normal) (G1 Evacuation Pause) 3519M->3335M(4096M,3519.0,3335.0,4096.0,27.231,,0.18,0.01,0.03,10.382,,,,
957,2025-08-01T14:53:48.707,Normal) (G1 Evacuation Pause) 1943M->1946M(4096M,1943.0,1946.0,4096.0,47.494,,0.36,0.0,0.05,10.382,,,,
958,2025-08-01T14:53:48.909,Normal) (G1 Evacuation Pause) 2638M->2618M(4096M,2638.0,2618.0,4096.0,130.513,,0.97,0.04,0.13,10.382,,,,
959,2025-08-01T14:53:49.129,Prepare Mixed) (G1 Evacuation Pause) 3080M->3085M(4096M,3080.0,3085.0,4096.0,101.055,,0.78,0.01,0.1,10.382,,,,
960,2025-08-01T14:53:49.302,Mixed) (G1 Evacuation Pause) 3399M->3206M(4096M,3399.0,3206.0,4096.0,40.307,,0.28,0.01,0.04,10.382,,,,
961,2025-08-01T14:53:49.413,Concurrent Start) (G1 Evacuation Pause) 3492M->3448M(4096M,3492.0,3448.0,4096.0,54.637,54.637,0.39,0.02,0.05,10.382,,,,
963,2025-08-01T14:53:49.488,Normal) (G1 Evacuation Pause) 3652M->3657M(4096M,3652.0,3657.0,4096.0,52.605,,0.34,0.01,0.05,10.382,,,,
964,2025-08-01T14:53:49.611,Normal) (G1 Evacuation Pause) 3829M->3816M(4096M,3829.0,3816.0,4096.0,28.811,,0.21,0.01,0.03,10.382,,,,
965,2025-08-01T14:53:49.662,Normal) (G1 Evacuation Pause) 1508M->1511M(4096M,1508.0,1511.0,4096.0,33.056,,0.22,0.0,0.04,10.382,,,,
966,2025-08-01T14:53:49.913,Prepare Mixed) (G1 Evacuation Pause) 2363M->1926M(4096M,2363.0,1926.0,4096.0,102.083,,0.72,0.03,0.1,10.382,,,,
967,2025-08-01T14:53:50.170,Mixed) (G1 Evacuation Pause) 2676M->2234M(4096M,2676.0,2234.0,4096.0,148.975,,1.03,0.03,0.15,10.382,,,,
968,2025-08-01T14:53:50.423,Concurrent Start) (G1 Evacuation Pause) 2874M->2877M(4096M,2874.0,2877.0,4096.0,132.209,132.209,1.01,0.02,0.13,10.382,,,,
970,2025-08-01T14:53:50.636,Normal) (G1 Evacuation Pause) 3269M->3273M(4096M,3269.0,3273.0,4096.0,78.751,,0.59,0.0,0.08,10.382,,,,
971,2025-08-01T14:53:50.786,Normal) (G1 Evacuation Pause) 3531M->3404M(4096M,3531.0,3404.0,4096.0,34.927,,0.26,0.01,0.03,10.382,,,,
972,2025-08-01T14:53:50.891,Normal) (G1 Evacuation Pause) 1980M->1985M(4096M,1980.0,1985.0,4096.0,57.716,,0.39,0.03,0.06,10.382,,,,
973,2025-08-01T14:53:51.064,Normal) (G1 Evacuation Pause) 2669M->2589M(4096M,2669.0,2589.0,4096.0,95.032,,0.73,0.0,0.09,10.382,,,,
974,2025-08-01T14:53:51.253,Prepare Mixed) (G1 Evacuation Pause) 3067M->3070M(4096M,3067.0,3070.0,4096.0,95.716,,0.68,0.03,0.09,10.382,,,,
975,2025-08-01T14:53:51.425,Mixed) (G1 Evacuation Pause) 3388M->3155M(4096M,3388.0,3155.0,4096.0,34.843,,0.25,0.0,0.03,10.382,,,,
976,2025-08-01T14:53:51.536,Concurrent Start) (G1 Evacuation Pause) 3461M->3463M(4096M,3461.0,3463.0,4096.0,109.49,109.49,0.81,0.04,0.11,10.382,,,,
978,2025-08-01T14:53:51.671,Normal) (G1 Evacuation Pause) 3659M->3660M(4096M,3659.0,3660.0,4096.0,98.22,,0.54,0.02,0.1,10.382,,,,
979,2025-08-01T14:53:51.838,Normal) (G1 Evacuation Pause) 1274M->1226M(4096M,1274.0,1226.0,4096.0,36.04,,0.26,0.0,0.04,10.382,,,,
980,2025-08-01T14:53:52.048,Prepare Mixed) (G1 Evacuation Pause) 2032M->2036M(4096M,2032.0,2036.0,4096.0,152.477,,1.13,0.03,0.15,10.382,,,,
981,2025-08-01T14:53:52.346,Mixed) (G1 Evacuation Pause) 2678M->2355M(4096M,2678.0,2355.0,4096.0,125.73,,0.86,0.06,0.12,10.382,,,,
982,2025-08-01T14:53:52.577,Concurrent Start) (G1 Evacuation Pause) 2907M->2792M(4096M,2907.0,2792.0,4096.0,154.927,154.927,1.18,0.03,0.15,10.382,,,,
984,2025-08-01T14:53:52.817,Normal) (G1 Evacuation Pause) 3202M->3206M(4096M,3202.0,3206.0,4096.0,80.289,,0.62,0.0,0.08,10.382,,,,
985,2025-08-01T14:53:52.967,Normal) (G1 Evacuation Pause) 1614M->1480M(4096M,1614.0,1480.0,4096.0,35.846,,0.26,0.01,0.03,10.382,,,,
986,2025-08-01T14:53:53.176,Prepare Mixed) (G1 Evacuation Pause) 2318M->2185M(4096M,2318.0,2185.0,4096.0,129.149,,1.0,0.01,0.13,10.382,,,,
987,2025-08-01T14:53:53.448,Mixed) (G1 Evacuation Pause) 2787M->2701M(4096M,2787.0,2701.0,4096.0,190.973,,1.35,0.08,0.19,10.382,,,,
988,2025-08-01T14:53:53.722,Concurrent Start) (G1 Evacuation Pause) 3135M->2909M(4096M,3135.0,2909.0,4096.0,85.042,85.042,0.6,0.03,0.09,10.382,,,,
990,2025-08-01T14:53:53.900,Normal) (G1 Evacuation Pause) 3293M->3200M(4096M,3293.0,3200.0,4096.0,67.191,,0.5,0.02,0.07,10.382,,,,
991,2025-08-01T14:53:54.042,Normal) (G1 Evacuation Pause) 1508M->1511M(4096M,1508.0,1511.0,4096.0,52.519,,0.4,0.0,0.06,10.382,,,,
992,2025-08-01T14:53:54.270,Prepare Mixed) (G1 Evacuation Pause) 2377M->2288M(4096M,2377.0,2288.0,4096.0,124.462,,0.97,0.0,0.13,10.382,,,,
993,2025-08-01T14:53:54.538,Mixed) (G1 Evacuation Pause) 2866M->2381M(4096M,2866.0,2381.0,4096.0,78.378,,0.57,0.02,0.08,10.382,,,,
994,2025-08-01T14:53:54.715,Concurrent Start) (G1 Evacuation Pause) 2955M->2959M(4096M,2955.0,2959.0,4096.0,106.837,106.837,0.82,0.0,0.1,10.382,,,,
996,2025-08-01T14:53:54.907,Normal) (G1 Evacuation Pause) 3315M->3289M(4096M,3315.0,3289.0,4096.0,73.481,,0.54,0.02,0.07,10.382,,,,
997,2025-08-01T14:53:55.057,Normal) (G1 Evacuation Pause) 1777M->1781M(4096M,1777.0,1781.0,4096.0,46.833,,0.35,0.0,0.05,10.382,,,,
998,2025-08-01T14:53:55.275,Prepare Mixed) (G1 Evacuation Pause) 2529M->2208M(4096M,2529.0,2208.0,4096.0,79.888,,0.58,0.01,0.08,10.382,,,,
999,2025-08-01T14:53:55.506,Mixed) (G1 Evacuation Pause) 2834M->2632M(4096M,2834.0,2632.0,4096.0,109.38,,0.75,0.04,0.11,10.382,,,,
1000,2025-08-01T14:53:55.705,Concurrent Start) (G1 Evacuation Pause) 3110M->3113M(4096M,3110.0,3113.0,4096.0,99.644,99.644,0.75,0.01,0.1,10.382,,,,
1002,2025-08-01T14:53:55.883,Normal) (G1 Evacuation Pause) 3423M->3268M(4096M,3423.0,3268.0,4096.0,48.432,,0.33,0.02,0.04,10.382,,,,
1003,2025-08-01T14:53:55.958,Normal) (G1 Evacuation Pause) 3534M->3448M(4096M,3534.0,3448.0,4096.0,44.474,,0.31,0.01,0.04,10.382,,,,
1004,2025-08-01T14:53:56.025,Normal) (G1 Evacuation Pause) 3658M->3661M(4096M,3658.0,3661.0,4096.0,41.156,,0.31,0.0,0.04,10.382,,,,
1005,2025-08-01T14:53:56.127,Normal) (G1 Evacuation Pause) 3833M->3837M(4096M,3833.0,3837.0,4096.0,42.516,,0.31,0.01,0.04,10.382,,,,
1006,2025-08-01T14:53:56.195,Normal) (G1 Evacuation Pause) 2281M->2284M(4096M,2281.0,2284.0,4096.0,40.677,,0.3,0.01,0.04,10.382,,,,
1007,2025-08-01T14:53:56.381,Normal) (G1 Evacuation Pause) 2868M->2833M(4096M,2868.0,2833.0,4096.0,103.143,,0.78,0.02,0.11,10.382,,,,
1008,2025-08-01T14:53:56.567,Prepare Mixed) (G1 Evacuation Pause) 3229M->3030M(4096M,3229.0,3030.0,4096.0,52.332,,0.34,0.03,0.05,10.382,,,,
1009,2025-08-01T14:53:56.698,Mixed) (G1 Evacuation Pause) 3378M->3269M(4096M,3378.0,3269.0,4096.0,66.557,,0.49,0.02,0.07,10.382,,,,
1010,2025-08-01T14:53:56.790,Concurrent Start) (G1 Evacuation Pause) 3541M->3544M(4096M,3541.0,3544.0,4096.0,61.929,61.929,0.46,0.03,0.06,10.382,,,,
1012,2025-08-01T14:53:56.876,Normal) (G1 Evacuation Pause) 3716M->3719M(4096M,3716.0,3719.0,4096.0,43.739,,0.28,0.0,0.04,10.382,,,,
1013,2025-08-01T14:53:56.943,Normal) (G1 Evacuation Pause) 3895M->3885M(4096M,3895.0,3885.0,4096.0,32.576,,0.24,0.0,0.03,10.382,,,,
1014,2025-08-01T14:53:56.997,Normal) (G1 Evacuation Pause) (Evacuation Failure) 4063M->4095M(4096M,4063.0,4095.0,4096.0,27.862,,0.2,0.0,0.03,10.382,,,,
1015,2025-08-01T14:53:57.025,G1 Compaction Pause) 4095M->905M(4096M,4095.0,905.0,4096.0,185.559,,1.35,0.02,0.18,10.382,,,,
1016,2025-08-01T14:53:57.433,Normal) (G1 Evacuation Pause) 1953M->1387M(4096M,1953.0,1387.0,4096.0,130.037,,0.97,0.03,0.13,10.382,,,,
1017,2025-08-01T14:53:57.737,Concurrent Start) (G1 Evacuation Pause) 2331M->2151M(4096M,2331.0,2151.0,4096.0,177.592,177.592,1.35,0.04,0.18,10.382,,,,
1019,2025-08-01T14:53:58.062,Normal) (G1 Evacuation Pause) 1865M->1576M(4096M,1865.0,1576.0,4096.0,83.819,,0.63,0.01,0.09,10.382,,,,
1020,2025-08-01T14:53:58.331,Prepare Mixed) (G1 Evacuation Pause) 2432M->2135M(4096M,2432.0,2135.0,4096.0,112.956,,0.86,0.02,0.12,10.382,,,,
1021,2025-08-01T14:53:58.603,Mixed) (G1 Evacuation Pause) 2803M->2560M(4096M,2803.0,2560.0,4096.0,143.104,,0.96,0.05,0.14,10.382,,,,
1022,2025-08-01T14:53:58.844,Concurrent Start) (G1 Evacuation Pause) 3066M->3046M(4096M,3066.0,3046.0,4096.0,114.824,114.824,0.87,0.02,0.11,10.382,,,,
1024,2025-08-01T14:53:59.037,Normal) (G1 Evacuation Pause) 3378M->3336M(4096M,3378.0,3336.0,4096.0,64.86,,0.48,0.01,0.06,10.382,,,,
1025,2025-08-01T14:53:59.183,Normal) (G1 Evacuation Pause) 1852M->1807M(4096M,1852.0,1807.0,4096.0,51.889,,0.34,0.01,0.05,10.382,,,,
1026,2025-08-01T14:53:59.402,Prepare Mixed) (G1 Evacuation Pause) 2597M->2251M(4096M,2597.0,2251.0,4096.0,80.561,,0.61,0.01,0.08,10.382,,,,
1027,2025-08-01T14:53:59.622,Mixed) (G1 Evacuation Pause) 2891M->2621M(4096M,2891.0,2621.0,4096.0,94.313,,0.69,0.01,0.1,10.382,,,,
1028,2025-08-01T14:53:59.812,Concurrent Start) (G1 Evacuation Pause) 3119M->3029M(4096M,3119.0,3029.0,4096.0,112.523,112.523,0.81,0.04,0.12,10.382,,,,
1030,2025-08-01T14:54:00.009,Normal) (G1 Evacuation Pause) 3381M->3381M(4096M,3381.0,3381.0,4096.0,71.475,,0.54,0.0,0.07,10.382,,,,
1031,2025-08-01T14:54:00.134,Normal) (G1 Evacuation Pause) 1611M->1511M(4096M,1611.0,1511.0,4096.0,37.151,,0.26,0.02,0.03,10.382,,,,
1032,2025-08-01T14:54:00.351,Prepare Mixed) (G1 Evacuation Pause) 2387M->2196M(4096M,2387.0,2196.0,4096.0,109.143,,0.85,0.0,0.11,10.382,,,,
1033,2025-08-01T14:54:00.609,Mixed) (G1 Evacuation Pause) 2828M->2741M(4096M,2828.0,2741.0,4096.0,210.268,,1.49,0.07,0.21,10.382,,,,
1034,2025-08-01T14:54:00.902,Concurrent Start) (G1 Evacuation Pause) 3173M->2978M(4096M,3173.0,2978.0,4096.0,61.697,61.697,0.46,0.01,0.07,10.382,,,,
1036,2025-08-01T14:54:01.049,Normal) (G1 Evacuation Pause) 3340M->3344M(4096M,3340.0,3344.0,4096.0,63.711,,0.49,0.0,0.06,10.382,,,,
1037,2025-08-01T14:54:01.144,Normal) (G1 Evacuation Pause) 1416M->1419M(4096M,1416.0,1419.0,4096.0,45.883,,0.34,0.01,0.04,10.382,,,,
1038,2025-08-01T14:54:01.426,Prepare Mixed) (G1 Evacuation Pause) 2335M->1977M(4096M,2335.0,1977.0,4096.0,125.875,,0.94,0.03,0.12,10.382,,,,
1039,2025-08-01T14:54:01.712,Mixed) (G1 Evacuation Pause) 2703M->2592M(4096M,2703.0,2592.0,4096.0,131.678,,0.96,0.02,0.14,10.382,,,,
1040,2025-08-01T14:54:01.932,Concurrent Start) (G1 Evacuation Pause) 3068M->2874M(4096M,3068.0,2874.0,4096.0,71.058,71.058,0.52,0.02,0.08,10.382,,,,
1042,2025-08-01T14:54:02.088,Normal) (G1 Evacuation Pause) 3272M->3275M(4096M,3272.0,3275.0,4096.0,80.566,,0.61,0.02,0.08,10.382,,,,
1043,2025-08-01T14:54:02.240,Normal) (G1 Evacuation Pause) 1433M->1380M(4096M,1433.0,1380.0,4096.0,49.768,,0.37,0.01,0.05,10.382,,,,
1044,2025-08-01T14:54:02.467,Prepare Mixed) (G1 Evacuation Pause) 2274M->2184M(4096M,2274.0,2184.0,4096.0,207.27,,1.54,0.06,0.21,10.382,,,,
1045,2025-08-01T14:54:02.830,Mixed) (G1 Evacuation Pause) 2788M->2390M(4096M,2788.0,2390.0,4096.0,127.757,,0.81,0.06,0.13,10.382,,,,
1046,2025-08-01T14:54:03.066,Concurrent Start) (G1 Evacuation Pause) 2948M->2952M(4096M,2948.0,2952.0,4096.0,124.926,124.926,0.94,0.02,0.12,10.382,,,,
1048,2025-08-01T14:54:03.275,Normal) (G1 Evacuation Pause) 3310M->3284M(4096M,3310.0,3284.0,4096.0,73.715,,0.55,0.01,0.07,10.382,,,,
1049,2025-08-01T14:54:03.425,Normal) (G1 Evacuation Pause) 1788M->1791M(4096M,1788.0,1791.0,4096.0,52.653,,0.38,0.0,0.05,10.382,,,,
1050,2025-08-01T14:54:03.644,Normal) (G1 Evacuation Pause) 2529M->2230M(4096M,2529.0,2230.0,4096.0,80.405,,0.6,0.01,0.08,10.382,,,,
1051,2025-08-01T14:54:03.831,Prepare Mixed) (G1 Evacuation Pause) 2840M->2691M(4096M,2840.0,2691.0,4096.0,106.746,,0.81,0.03,0.11,10.382,,,,
1052,2025-08-01T14:54:04.022,Mixed) (G1 Evacuation Pause) 3149M->3008M(4096M,3149.0,3008.0,4096.0,75.26,,0.56,0.01,0.08,10.382,,,,
1053,2025-08-01T14:54:04.174,Concurrent Start) (G1 Evacuation Pause) 3364M->3367M(4096M,3364.0,3367.0,4096.0,102.607,102.607,0.69,0.05,0.1,10.382,,,,
1055,2025-08-01T14:54:04.306,Normal) (G1 Evacuation Pause) 3597M->3559M(4096M,3597.0,3559.0,4096.0,56.254,,0.3,0.02,0.05,10.382,,,,
1056,2025-08-01T14:54:04.386,Normal) (G1 Evacuation Pause) 3727M->3706M(4096M,3727.0,3706.0,4096.0,33.895,,0.24,0.01,0.03,10.382,,,,
1057,2025-08-01T14:54:04.442,Normal) (G1 Evacuation Pause) 3884M->3888M(4096M,3884.0,3888.0,4096.0,33.324,,0.22,0.01,0.04,10.382,,,,
1058,2025-08-01T14:54:04.497,Normal) (G1 Evacuation Pause) (Evacuation Failure) 4066M->4091M(4096M,4066.0,4091.0,4096.0,22.373,,0.17,0.0,0.02,10.382,,,,
1059,2025-08-01T14:54:04.519,G1 Compaction Pause) 4091M->995M(4096M,4091.0,995.0,4096.0,194.295,,1.37,0.03,0.2,10.382,,,,
1060,2025-08-01T14:54:04.942,Normal) (G1 Evacuation Pause) 2011M->1813M(4096M,2011.0,1813.0,4096.0,264.344,,1.87,0.1,0.27,10.382,,,,
1061,2025-08-01T14:54:05.370,Concurrent Start) (G1 Evacuation Pause) 2555M->2275M(4096M,2555.0,2275.0,4096.0,219.34,219.34,1.62,0.07,0.22,10.382,,,,
1063,2025-08-01T14:54:05.698,Normal) (G1 Evacuation Pause) 2861M->2823M(4096M,2861.0,2823.0,4096.0,101.431,,0.77,0.02,0.1,10.382,,,,
1064,2025-08-01T14:54:05.888,Normal) (G1 Evacuation Pause) 2063M->2045M(4096M,2063.0,2045.0,4096.0,72.817,,0.55,0.0,0.07,10.382,,,,
1065,2025-08-01T14:54:06.122,Prepare Mixed) (G1 Evacuation Pause) 2715M->2454M(4096M,2715.0,2454.0,4096.0,77.275,,0.58,0.02,0.08,10.382,,,,
1066,2025-08-01T14:54:06.343,Mixed) (G1 Evacuation Pause) 2994M->2898M(4096M,2994.0,2898.0,4096.0,204.082,,1.5,0.07,0.21,10.382,,,,
1067,2025-08-01T14:54:06.632,Concurrent Start) (G1 Evacuation Pause) 3272M->3183M(4096M,3272.0,3183.0,4096.0,63.234,63.234,0.46,0.0,0.07,10.382,,,,
1069,2025-08-01T14:54:06.723,Normal) (G1 Evacuation Pause) 3471M->3475M(4096M,3471.0,3475.0,4096.0,65.638,,0.43,0.0,0.06,10.382,,,,
1070,2025-08-01T14:54:06.850,Normal) (G1 Evacuation Pause) 3667M->3554M(4096M,3667.0,3554.0,4096.0,32.873,,0.22,0.01,0.04,10.382,,,,
1071,2025-08-01T14:54:06.901,Normal) (G1 Evacuation Pause) 3730M->3734M(4096M,3730.0,3734.0,4096.0,40.444,,0.29,0.01,0.04,10.382,,,,
1072,2025-08-01T14:54:07.010,Normal) (G1 Evacuation Pause) 1720M->1690M(4096M,1720.0,1690.0,4096.0,35.903,,0.26,0.01,0.04,10.382,,,,
1073,2025-08-01T14:54:07.218,Prepare Mixed) (G1 Evacuation Pause) 2468M->2387M(4096M,2468.0,2387.0,4096.0,130.991,,0.99,0.02,0.13,10.382,,,,
1074,2025-08-01T14:54:07.441,Mixed) (G1 Evacuation Pause) 2931M->2798M(4096M,2931.0,2798.0,4096.0,195.412,,1.42,0.07,0.2,10.382,,,,
1075,2025-08-01T14:54:07.717,Concurrent Start) (G1 Evacuation Pause) 3208M->3031M(4096M,3208.0,3031.0,4096.0,69.628,69.628,0.49,0.03,0.07,10.382,,,,
1077,2025-08-01T14:54:07.863,Normal) (G1 Evacuation Pause) 3371M->3375M(4096M,3371.0,3375.0,4096.0,60.821,,0.46,0.01,0.06,10.382,,,,
1078,2025-08-01T14:54:07.952,Normal) (G1 Evacuation Pause) 1397M->1379M(4096M,1397.0,1379.0,4096.0,42.695,,0.32,0.01,0.05,10.382,,,,
1079,2025-08-01T14:54:08.165,Prepare Mixed) (G1 Evacuation Pause) 2293M->1911M(4096M,2293.0,1911.0,4096.0,104.058,,0.79,0.02,0.1,10.382,,,,
1080,2025-08-01T14:54:08.368,Mixed) (G1 Evacuation Pause) 2489M->2358M(4096M,2489.0,2358.0,4096.0,147.084,,1.08,0.05,0.15,10.382,,,,
1081,2025-08-01T14:54:08.660,Mixed) (G1 Evacuation Pause) 2946M->2825M(4096M,2946.0,2825.0,4096.0,109.655,,0.82,0.03,0.11,10.382,,,,
1082,2025-08-01T14:54:08.855,Concurrent Start) (G1 Evacuation Pause) 3227M->3162M(4096M,3227.0,3162.0,4096.0,81.898,81.898,0.61,0.02,0.08,10.382,,,,
1084,2025-08-01T14:54:09.016,Normal) (G1 Evacuation Pause) 3456M->3355M(4096M,3456.0,3355.0,4096.0,44.475,,0.33,0.0,0.04,10.382,,,,
1085,2025-08-01T14:54:09.081,Normal) (G1 Evacuation Pause) 3589M->3593M(4096M,3589.0,3593.0,4096.0,46.32,,0.34,0.02,0.05,10.382,,,,
1086,2025-08-01T14:54:09.199,Normal) (G1 Evacuation Pause) 1813M->1802M(4096M,1813.0,1802.0,4096.0,38.305,,0.24,0.02,0.04,10.382,,,,
1087,2025-08-01T14:54:09.411,Prepare Mixed) (G1 Evacuation Pause) 2610M->2550M(4096M,2610.0,2550.0,4096.0,147.807,,1.07,0.03,0.15,10.382,,,,
1088,2025-08-01T14:54:09.654,Mixed) (G1 Evacuation Pause) 3046M->2742M(4096M,3046.0,2742.0,4096.0,106.761,,0.78,0.03,0.1,10.382,,,,
1089,2025-08-01T14:54:09.850,Concurrent Start) (G1 Evacuation Pause) 3188M->3191M(4096M,3188.0,3191.0,4096.0,179.907,179.907,1.32,0.06,0.18,10.382,,,,
1091,2025-08-01T14:54:10.109,Normal) (G1 Evacuation Pause) 3475M->3376M(4096M,3475.0,3376.0,4096.0,48.62,,0.35,0.02,0.05,10.382,,,,
1092,2025-08-01T14:54:10.190,Normal) (G1 Evacuation Pause) 3604M->3607M(4096M,3604.0,3607.0,4096.0,45.579,,0.34,0.0,0.05,10.382,,,,
1093,2025-08-01T14:54:10.251,Normal) (G1 Evacuation Pause) 3777M->3780M(4096M,3777.0,3780.0,4096.0,30.64,,0.22,0.0,0.03,10.382,,,,
1094,2025-08-01T14:54:10.299,Normal) (G1 Evacuation Pause) (Evacuation Failure) 3958M->4033M(4096M,3958.0,4033.0,4096.0,28.873,,0.21,0.0,0.03,10.382,,,,
1095,2025-08-01T14:54:10.383,Normal) (G1 Evacuation Pause) 2229M->2232M(4096M,2229.0,2232.0,4096.0,17.062,,0.09,0.01,0.01,10.382,,,,
1096,2025-08-01T14:54:10.508,Normal) (G1 Evacuation Pause) 2838M->2663M(4096M,2838.0,2663.0,4096.0,87.977,,0.62,0.02,0.09,10.382,,,,
1097,2025-08-01T14:54:10.737,Prepare Mixed) (G1 Evacuation Pause) 3135M->2902M(4096M,3135.0,2902.0,4096.0,56.105,,0.42,0.01,0.06,10.382,,,,
1098,2025-08-01T14:54:10.883,Mixed) (G1 Evacuation Pause) 3310M->3269M(4096M,3310.0,3269.0,4096.0,88.677,,0.66,0.03,0.08,10.382,,,,
1099,2025-08-01T14:54:10.994,Concurrent Start) (G1 Evacuation Pause) 3531M->3535M(4096M,3531.0,3535.0,4096.0,54.107,54.107,0.41,0.01,0.05,10.382,,,,
1101,2025-08-01T14:54:11.121,Normal) (G1 Evacuation Pause) 3709M->3714M(4096M,3709.0,3714.0,4096.0,40.459,,0.28,0.01,0.04,10.382,,,,
1102,2025-08-01T14:54:11.185,Normal) (G1 Evacuation Pause) (Evacuation Failure) 3890M->3901M(4096M,3890.0,3901.0,4096.0,38.282,,0.25,0.01,0.04,10.382,,,,
1103,2025-08-01T14:54:11.285,Normal) (G1 Evacuation Pause) 1743M->1682M(4096M,1743.0,1682.0,4096.0,28.025,,0.17,0.01,0.03,10.382,,,,
1104,2025-08-01T14:54:11.490,Normal) (G1 Evacuation Pause) 2480M->2207M(4096M,2480.0,2207.0,4096.0,97.472,,0.71,0.0,0.1,10.382,,,,
1105,2025-08-01T14:54:11.745,Prepare Mixed) (G1 Evacuation Pause) 2841M->2843M(4096M,2841.0,2843.0,4096.0,130.341,,0.98,0.02,0.13,10.382,,,,
1106,2025-08-01T14:54:11.962,Mixed) (G1 Evacuation Pause) 3237M->2965M(4096M,3237.0,2965.0,4096.0,51.869,,0.38,0.01,0.06,10.382,,,,
1107,2025-08-01T14:54:12.095,Concurrent Start) (G1 Evacuation Pause) 3339M->3252M(4096M,3339.0,3252.0,4096.0,71.4,71.4,0.53,0.03,0.07,10.382,,,,
1109,2025-08-01T14:54:12.197,Normal) (G1 Evacuation Pause) 3530M->3532M(4096M,3530.0,3532.0,4096.0,75.68,,0.46,0.02,0.07,10.382,,,,
1110,2025-08-01T14:54:12.335,Normal) (G1 Evacuation Pause) 3710M->3715M(4096M,3710.0,3715.0,4096.0,37.099,,0.26,0.0,0.03,10.382,,,,
1111,2025-08-01T14:54:12.394,Normal) (G1 Evacuation Pause) 1509M->1513M(4096M,1509.0,1513.0,4096.0,30.951,,0.23,0.0,0.03,10.382,,,,
1112,2025-08-01T14:54:12.650,Prepare Mixed) (G1 Evacuation Pause) 2391M->2047M(4096M,2391.0,2047.0,4096.0,144.96,,1.05,0.04,0.15,10.382,,,,
1113,2025-08-01T14:54:12.957,Mixed) (G1 Evacuation Pause) 2761M->2406M(4096M,2761.0,2406.0,4096.0,109.777,,0.75,0.04,0.11,10.382,,,,
1114,2025-08-01T14:54:13.174,Concurrent Start) (G1 Evacuation Pause) 3000M->3003M(4096M,3000.0,3003.0,4096.0,155.413,155.413,1.14,0.04,0.15,10.382,,,,
1116,2025-08-01T14:54:13.415,Normal) (G1 Evacuation Pause) 3351M->3314M(4096M,3351.0,3314.0,4096.0,66.624,,0.5,0.01,0.06,10.382,,,,
1117,2025-08-01T14:54:13.554,Normal) (G1 Evacuation Pause) 3558M->3495M(4096M,3558.0,3495.0,4096.0,38.99,,0.29,0.0,0.03,10.382,,,,
1118,2025-08-01T14:54:13.618,Normal) (G1 Evacuation Pause) 1983M->1987M(4096M,1983.0,1987.0,4096.0,38.876,,0.29,0.01,0.04,10.382,,,,
1119,2025-08-01T14:54:13.825,Normal) (G1 Evacuation Pause) 2689M->2561M(4096M,2689.0,2561.0,4096.0,102.142,,0.77,0.01,0.1,10.382,,,,
1120,2025-08-01T14:54:14.065,Prepare Mixed) (G1 Evacuation Pause) 3059M->2940M(4096M,3059.0,2940.0,4096.0,94.206,,0.7,0.02,0.09,10.382,,,,
1121,2025-08-01T14:54:14.238,Mixed) (G1 Evacuation Pause) 3312M->3186M(4096M,3312.0,3186.0,4096.0,58.858,,0.44,0.0,0.06,10.382,,,,
1122,2025-08-01T14:54:14.331,Concurrent Start) (G1 Evacuation Pause) 3478M->3390M(4096M,3478.0,3390.0,4096.0,48.626,48.626,0.34,0.02,0.05,10.382,,,,
1124,2025-08-01T14:54:14.405,Normal) (G1 Evacuation Pause) 3620M->3623M(4096M,3620.0,3623.0,4096.0,51.222,,0.34,0.01,0.05,10.382,,,,
1125,2025-08-01T14:54:14.515,Normal) (G1 Evacuation Pause) 3791M->3783M(4096M,3791.0,3783.0,4096.0,32.952,,0.24,0.01,0.03,10.382,,,,
1126,2025-08-01T14:54:14.564,Normal) (G1 Evacuation Pause) (Evacuation Failure) 3961M->4053M(4096M,3961.0,4053.0,4096.0,28.404,,0.21,0.0,0.02,10.382,,,,
1127,2025-08-01T14:54:14.595,Normal) (G1 Evacuation Pause) (Evacuation Failure) 4069M->4091M(4096M,4069.0,4091.0,4096.0,8.748,,0.04,0.0,0.01,10.382,,,,
1128,2025-08-01T14:54:14.604,G1 Compaction Pause) 4091M->805M(4096M,4091.0,805.0,4096.0,143.779,,1.06,0.01,0.14,10.382,,,,
1129,2025-08-01T14:54:15.005,Normal) (G1 Evacuation Pause) 1899M->1535M(4096M,1899.0,1535.0,4096.0,175.473,,1.3,0.04,0.17,10.382,,,,
1130,2025-08-01T14:54:15.374,Concurrent Start) (G1 Evacuation Pause) 2403M->2189M(4096M,2403.0,2189.0,4096.0,255.601,255.601,1.82,0.09,0.25,10.382,,,,
1132,2025-08-01T14:54:15.764,Normal) (G1 Evacuation Pause) 1691M->1343M(4096M,1691.0,1343.0,4096.0,70.86,,0.51,0.01,0.07,10.382,,,,
1133,2025-08-01T14:54:16.026,Prepare Mixed) (G1 Evacuation Pause) 2231M->1799M(4096M,2231.0,1799.0,4096.0,99.178,,0.72,0.02,0.1,10.382,,,,
1134,2025-08-01T14:54:16.313,Mixed) (G1 Evacuation Pause) 2621M->2447M(4096M,2621.0,2447.0,4096.0,198.329,,1.44,0.07,0.19,10.382,,,,
1135,2025-08-01T14:54:16.660,Concurrent Start) (G1 Evacuation Pause) 3007M->2868M(4096M,3007.0,2868.0,4096.0,174.212,174.212,1.26,0.04,0.18,10.382,,,,
1137,2025-08-01T14:54:16.923,Normal) (G1 Evacuation Pause) 3256M->3090M(4096M,3256.0,3090.0,4096.0,58.49,,0.4,0.04,0.05,10.382,,,,
1138,2025-08-01T14:54:17.061,Normal) (G1 Evacuation Pause) 3418M->3421M(4096M,3418.0,3421.0,4096.0,72.701,,0.55,0.01,0.08,10.382,,,,
1139,2025-08-01T14:54:17.163,Normal) (G1 Evacuation Pause) 2009M->2014M(4096M,2009.0,2014.0,4096.0,39.937,,0.3,0.0,0.04,10.382,,,,
1140,2025-08-01T14:54:17.359,Normal) (G1 Evacuation Pause) 2698M->2544M(4096M,2698.0,2544.0,4096.0,91.848,,0.7,0.01,0.09,10.382,,,,
1141,2025-08-01T14:54:17.542,Prepare Mixed) (G1 Evacuation Pause) 3050M->2945M(4096M,3050.0,2945.0,4096.0,84.29,,0.63,0.01,0.09,10.382,,,,
1142,2025-08-01T14:54:17.703,Mixed) (G1 Evacuation Pause) 3313M->3286M(4096M,3313.0,3286.0,4096.0,68.685,,0.51,0.01,0.07,10.382,,,,
1143,2025-08-01T14:54:17.840,Concurrent Start) (G1 Evacuation Pause) 3536M->3538M(4096M,3536.0,3538.0,4096.0,68.341,68.341,0.5,0.02,0.07,10.382,,,,
1145,2025-08-01T14:54:17.924,Normal) (G1 Evacuation Pause) 3710M->3713M(4096M,3710.0,3713.0,4096.0,47.534,,0.27,0.0,0.04,10.382,,,,
1146,2025-08-01T14:54:18.028,Normal) (G1 Evacuation Pause) 3889M->3815M(4096M,3889.0,3815.0,4096.0,22.023,,0.16,0.0,0.02,10.382,,,,
1147,2025-08-01T14:54:18.067,Normal) (G1 Evacuation Pause) (Evacuation Failure) 3993M->4065M(4096M,3993.0,4065.0,4096.0,32.395,,0.23,0.0,0.03,10.382,,,,
1148,2025-08-01T14:54:18.100,Normal) (G1 Evacuation Pause) (Evacuation Failure) 4069M->4085M(4096M,4069.0,4085.0,4096.0,6.778,,0.04,0.0,0.01,10.382,,,,
1149,2025-08-01T14:54:18.108,Normal) (G1 Evacuation Pause) (Evacuation Failure) 4091M->4095M(4096M,4091.0,4095.0,4096.0,3.077,,0.01,0.0,0.0,10.382,,,,
1150,2025-08-01T14:54:18.111,G1 Compaction Pause) 4095M->769M(4096M,4095.0,769.0,4096.0,183.589,,1.25,0.04,0.19,10.382,,,,
1151,2025-08-01T14:54:18.567,Normal) (G1 Evacuation Pause) 1833M->1506M(4096M,1833.0,1506.0,4096.0,147.896,,1.07,0.04,0.15,10.382,,,,
1152,2025-08-01T14:54:18.879,Concurrent Start) (G1 Evacuation Pause) 2350M->1935M(4096M,2350.0,1935.0,4096.0,190.998,190.998,1.32,0.06,0.19,10.382,,,,
1154,2025-08-01T14:54:19.236,Normal) (G1 Evacuation Pause) 1731M->1433M(4096M,1731.0,1433.0,4096.0,86.134,,0.66,0.01,0.08,10.382,,,,
1155,2025-08-01T14:54:19.521,Prepare Mixed) (G1 Evacuation Pause) 2329M->2060M(4096M,2329.0,2060.0,4096.0,211.754,,1.4,0.13,0.21,10.382,,,,
1156,2025-08-01T14:54:19.896,Mixed) (G1 Evacuation Pause) 2746M->2490M(4096M,2746.0,2490.0,4096.0,121.458,,0.88,0.04,0.12,10.382,,,,
1157,2025-08-01T14:54:20.122,Concurrent Start) (G1 Evacuation Pause) 3020M->2974M(4096M,3020.0,2974.0,4096.0,152.422,152.422,1.13,0.04,0.16,10.382,,,,
1159,2025-08-01T14:54:20.353,Normal) (G1 Evacuation Pause) 3330M->3333M(4096M,3330.0,3333.0,4096.0,78.196,,0.58,0.03,0.07,10.382,,,,
1160,2025-08-01T14:54:20.496,Normal) (G1 Evacuation Pause) 1691M->1537M(4096M,1691.0,1537.0,4096.0,30.157,,0.2,0.01,0.03,10.382,,,,
1161,2025-08-01T14:54:20.708,Prepare Mixed) (G1 Evacuation Pause) 2425M->2314M(4096M,2425.0,2314.0,4096.0,144.127,,1.04,0.03,0.14,10.382,,,,
1162,2025-08-01T14:54:20.998,Mixed) (G1 Evacuation Pause) 2884M->2798M(4096M,2884.0,2798.0,4096.0,220.627,,1.62,0.07,0.22,10.382,,,,
1163,2025-08-01T14:54:21.302,Concurrent Start) (G1 Evacuation Pause) 3202M->2963M(4096M,3202.0,2963.0,4096.0,40.099,40.099,0.29,0.0,0.04,10.382,,,,
1165,2025-08-01T14:54:21.419,Normal) (G1 Evacuation Pause) 3331M->3219M(4096M,3331.0,3219.0,4096.0,50.054,,0.37,0.0,0.05,10.382,,,,
1166,2025-08-01T14:54:21.527,Normal) (G1 Evacuation Pause) 1435M->1437M(4096M,1435.0,1437.0,4096.0,52.425,,0.4,0.0,0.05,10.382,,,,
1167,2025-08-01T14:54:21.764,Prepare Mixed) (G1 Evacuation Pause) 2369M->2293M(4096M,2369.0,2293.0,4096.0,139.398,,1.07,0.01,0.14,10.382,,,,
1168,2025-08-01T14:54:22.053,Mixed) (G1 Evacuation Pause) 2867M->2524M(4096M,2867.0,2524.0,4096.0,102.607,,0.73,0.03,0.1,10.382,,,,
1169,2025-08-01T14:54:22.249,Concurrent Start) (G1 Evacuation Pause) 3038M->2914M(4096M,3038.0,2914.0,4096.0,125.848,125.848,0.91,0.03,0.13,10.382,,,,
1171,2025-08-01T14:54:22.466,Normal) (G1 Evacuation Pause) 3300M->3304M(4096M,3300.0,3304.0,4096.0,89.981,,0.66,0.03,0.09,10.382,,,,
1172,2025-08-01T14:54:22.633,Normal) (G1 Evacuation Pause) 1404M->1408M(4096M,1404.0,1408.0,4096.0,51.117,,0.38,0.01,0.05,10.382,,,,
1173,2025-08-01T14:54:22.866,Prepare Mixed) (G1 Evacuation Pause) 2286M->1949M(4096M,2286.0,1949.0,4096.0,188.448,,1.39,0.07,0.19,10.382,,,,
1174,2025-08-01T14:54:23.213,Mixed) (G1 Evacuation Pause) 2627M->2491M(4096M,2627.0,2491.0,4096.0,215.387,,1.59,0.06,0.22,10.382,,,,
1175,2025-08-01T14:54:23.521,Concurrent Start) (G1 Evacuation Pause) 2997M->2856M(4096M,2997.0,2856.0,4096.0,75.711,75.711,0.57,0.0,0.08,10.382,,,,
1177,2025-08-01T14:54:23.681,Normal) (G1 Evacuation Pause) 3252M->3173M(4096M,3252.0,3173.0,4096.0,65.225,,0.49,0.0,0.07,10.382,,,,
1178,2025-08-01T14:54:23.821,Normal) (G1 Evacuation Pause) 3461M->3451M(4096M,3461.0,3451.0,4096.0,53.464,,0.38,0.01,0.06,10.382,,,,
1179,2025-08-01T14:54:23.946,Normal) (G1 Evacuation Pause) 2053M->2029M(4096M,2053.0,2029.0,4096.0,42.926,,0.29,0.02,0.04,10.382,,,,
1180,2025-08-01T14:54:24.109,Normal) (G1 Evacuation Pause) 2711M->2715M(4096M,2711.0,2715.0,4096.0,106.601,,0.82,0.01,0.11,10.382,,,,
1181,2025-08-01T14:54:24.304,Prepare Mixed) (G1 Evacuation Pause) 3147M->2983M(4096M,3147.0,2983.0,4096.0,65.162,,0.47,0.02,0.06,10.382,,,,
1182,2025-08-01T14:54:24.448,Mixed) (G1 Evacuation Pause) 3339M->3185M(4096M,3339.0,3185.0,4096.0,89.242,,0.65,0.02,0.09,10.382,,,,
1183,2025-08-01T14:54:24.579,Concurrent Start) (G1 Evacuation Pause) 3481M->3427M(4096M,3481.0,3427.0,4096.0,81.007,81.007,0.55,0.02,0.08,10.382,,,,
1185,2025-08-01T14:54:24.715,Normal) (G1 Evacuation Pause) 3643M->3646M(4096M,3643.0,3646.0,4096.0,45.792,,0.32,0.01,0.04,10.382,,,,
1186,2025-08-01T14:54:24.778,Normal) (G1 Evacuation Pause) 3816M->3819M(4096M,3816.0,3819.0,4096.0,35.399,,0.26,0.0,0.04,10.382,,,,
1187,2025-08-01T14:54:24.831,Normal) (G1 Evacuation Pause) (Evacuation Failure) 3997M->4079M(4096M,3997.0,4079.0,4096.0,33.237,,0.18,0.01,0.04,10.382,,,,
1188,2025-08-01T14:54:24.865,G1 Compaction Pause) 4079M->1116M(4096M,4079.0,1116.0,4096.0,191.197,,1.39,0.04,0.19,10.382,,,,
1189,2025-08-01T14:54:25.285,Normal) (G1 Evacuation Pause) 2220M->1487M(4096M,2220.0,1487.0,4096.0,85.117,,0.63,0.02,0.08,10.382,,,,
1190,2025-08-01T14:54:25.560,Concurrent Start) (G1 Evacuation Pause) 2495M->2497M(4096M,2495.0,2497.0,4096.0,190.163,190.163,1.45,0.02,0.19,10.382,,,,
1192,2025-08-01T14:54:25.906,Normal) (G1 Evacuation Pause) 3015M->2706M(4096M,3015.0,2706.0,4096.0,57.155,,0.42,0.01,0.06,10.382,,,,
1193,2025-08-01T14:54:26.069,Normal) (G1 Evacuation Pause) 2143M->2082M(4096M,2143.0,2082.0,4096.0,88.118,,0.62,0.02,0.09,10.382,,,,
1194,2025-08-01T14:54:26.319,Prepare Mixed) (G1 Evacuation Pause) 2770M->2774M(4096M,2770.0,2774.0,4096.0,113.944,,0.89,0.0,0.12,10.382,,,,
1195,2025-08-01T14:54:26.517,Mixed) (G1 Evacuation Pause) 3194M->3049M(4096M,3194.0,3049.0,4096.0,127.718,,0.94,0.03,0.13,10.382,,,,
1196,2025-08-01T14:54:26.727,Concurrent Start) (G1 Evacuation Pause) 3379M->3283M(4096M,3379.0,3283.0,4096.0,75.369,75.369,0.54,0.03,0.07,10.382,,,,
1198,2025-08-01T14:54:26.879,Normal) (G1 Evacuation Pause) 3539M->3478M(4096M,3539.0,3478.0,4096.0,39.798,,0.24,0.01,0.04,10.382,,,,
1199,2025-08-01T14:54:26.936,Normal) (G1 Evacuation Pause) 3672M->3675M(4096M,3672.0,3675.0,4096.0,36.302,,0.23,0.0,0.03,10.382,,,,
1200,2025-08-01T14:54:27.004,Normal) (G1 Evacuation Pause) 1587M->1590M(4096M,1587.0,1590.0,4096.0,34.883,,0.25,0.01,0.03,10.382,,,,
1201,2025-08-01T14:54:27.210,Prepare Mixed) (G1 Evacuation Pause) 2452M->2075M(4096M,2452.0,2075.0,4096.0,87.857,,0.66,0.0,0.09,10.382,,,,
1202,2025-08-01T14:54:27.454,Mixed) (G1 Evacuation Pause) 2733M->2379M(4096M,2733.0,2379.0,4096.0,194.848,,1.44,0.05,0.19,10.382,,,,
1203,2025-08-01T14:54:27.755,Mixed) (G1 Evacuation Pause) 2979M->2932M(4096M,2979.0,2932.0,4096.0,125.832,,0.95,0.03,0.12,10.382,,,,
1204,2025-08-01T14:54:27.957,Mixed) (G1 Evacuation Pause) 3306M->3178M(4096M,3306.0,3178.0,4096.0,76.367,,0.55,0.02,0.08,10.382,,,,
1205,2025-08-01T14:54:28.102,Concurrent Start) (G1 Evacuation Pause) 3474M->3362M(4096M,3474.0,3362.0,4096.0,49.893,49.893,0.37,0.02,0.05,10.382,,,,
1207,2025-08-01T14:54:28.178,Normal) (G1 Evacuation Pause) 3598M->3601M(4096M,3598.0,3601.0,4096.0,53.519,,0.38,0.0,0.05,10.382,,,,
1208,2025-08-01T14:54:28.290,Normal) (G1 Evacuation Pause) 1079M->1082M(4096M,1079.0,1082.0,4096.0,32.866,,0.24,0.01,0.04,10.382,,,,
1209,2025-08-01T14:54:28.576,Prepare Mixed) (G1 Evacuation Pause) 2248M->1600M(4096M,2248.0,1600.0,4096.0,207.562,,1.5,0.08,0.21,10.382,,,,
1210,2025-08-01T14:54:28.950,Mixed) (G1 Evacuation Pause) 2376M->2215M(4096M,2376.0,2215.0,4096.0,150.057,,1.12,0.05,0.15,10.382,,,,
1211,2025-08-01T14:54:29.236,Concurrent Start) (G1 Evacuation Pause) 2847M->2683M(4096M,2847.0,2683.0,4096.0,151.501,151.501,1.16,0.03,0.15,10.382,,,,
1213,2025-08-01T14:54:29.475,Normal) (G1 Evacuation Pause) 3135M->2765M(4096M,3135.0,2765.0,4096.0,30.967,,0.2,0.01,0.03,10.382,,,,
1214,2025-08-01T14:54:29.595,Normal) (G1 Evacuation Pause) 3225M->3228M(4096M,3225.0,3228.0,4096.0,82.748,,0.59,0.01,0.08,10.382,,,,
1215,2025-08-01T14:54:29.753,Normal) (G1 Evacuation Pause) 2162M->2165M(4096M,2162.0,2165.0,4096.0,56.51,,0.42,0.01,0.05,10.382,,,,
1216,2025-08-01T14:54:29.916,Normal) (G1 Evacuation Pause) 2801M->2691M(4096M,2801.0,2691.0,4096.0,97.072,,0.69,0.02,0.09,10.382,,,,
1217,2025-08-01T14:54:30.104,Prepare Mixed) (G1 Evacuation Pause) 3139M->2814M(4096M,3139.0,2814.0,4096.0,43.497,,0.3,0.01,0.04,10.382,,,,
1218,2025-08-01T14:54:30.232,Mixed) (G1 Evacuation Pause) 3252M->3226M(4096M,3252.0,3226.0,4096.0,99.329,,0.74,0.02,0.1,10.382,,,,
1219,2025-08-01T14:54:30.398,Concurrent Start) (G1 Evacuation Pause) 3500M->3504M(4096M,3500.0,3504.0,4096.0,63.064,63.064,0.46,0.02,0.06,10.382,,,,
1221,2025-08-01T14:54:30.484,Normal) (G1 Evacuation Pause) 3686M->3690M(4096M,3686.0,3690.0,4096.0,47.517,,0.3,0.0,0.04,10.382,,,,
1222,2025-08-01T14:54:30.553,Normal) (G1 Evacuation Pause) 3864M->3815M(4096M,3864.0,3815.0,4096.0,28.347,,0.18,0.0,0.03,10.382,,,,
1223,2025-08-01T14:54:30.614,Normal) (G1 Evacuation Pause) (Evacuation Failure) 3993M->4065M(4096M,3993.0,4065.0,4096.0,28.394,,0.18,0.01,0.02,10.382,,,,
1224,2025-08-01T14:54:30.646,Normal) (G1 Evacuation Pause) (Evacuation Failure) 4069M->4083M(4096M,4069.0,4083.0,4096.0,6.181,,0.03,0.0,0.0,10.382,,,,
1225,2025-08-01T14:54:30.654,Normal) (G1 Evacuation Pause) (Evacuation Failure) 4091M->4095M(4096M,4091.0,4095.0,4096.0,3.846,,0.02,0.0,0.0,10.382,,,,
1226,2025-08-01T14:54:30.658,G1 Compaction Pause) 4095M->1098M(4096M,4095.0,1098.0,4096.0,234.862,,1.62,0.05,0.23,10.382,,,,
1227,2025-08-01T14:54:31.115,Normal) (G1 Evacuation Pause) 2094M->1691M(4096M,2094.0,1691.0,4096.0,131.656,,0.95,0.06,0.13,10.382,,,,
1228,2025-08-01T14:54:31.415,Concurrent Start) (G1 Evacuation Pause) 2503M->2262M(4096M,2503.0,2262.0,4096.0,191.057,191.057,1.42,0.06,0.19,10.382,,,,
1230,2025-08-01T14:54:31.714,Normal) (G1 Evacuation Pause) 2864M->2719M(4096M,2864.0,2719.0,4096.0,95.457,,0.72,0.01,0.09,10.382,,,,
1231,2025-08-01T14:54:31.892,Normal) (G1 Evacuation Pause) 2108M->2032M(4096M,2108.0,2032.0,4096.0,68.458,,0.52,0.01,0.07,10.382,,,,
1232,2025-08-01T14:54:32.112,Prepare Mixed) (G1 Evacuation Pause) 2708M->2506M(4096M,2708.0,2506.0,4096.0,93.263,,0.69,0.03,0.1,10.382,,,,
1233,2025-08-01T14:54:32.297,Mixed) (G1 Evacuation Pause) 3020M->2827M(4096M,3020.0,2827.0,4096.0,94.65,,0.69,0.03,0.09,10.382,,,,
1234,2025-08-01T14:54:32.478,Concurrent Start) (G1 Evacuation Pause) 3235M->3077M(4096M,3235.0,3077.0,4096.0,62.541,62.541,0.45,0.02,0.06,10.382,,,,
1236,2025-08-01T14:54:32.621,Normal) (G1 Evacuation Pause) 3407M->3409M(4096M,3407.0,3409.0,4096.0,63.802,,0.47,0.02,0.07,10.382,,,,
1237,2025-08-01T14:54:32.757,Normal) (G1 Evacuation Pause) 1203M->1205M(4096M,1203.0,1205.0,4096.0,57.96,,0.42,0.02,0.06,10.382,,,,
1238,2025-08-01T14:54:33.021,Prepare Mixed) (G1 Evacuation Pause) 2257M->1706M(4096M,2257.0,1706.0,4096.0,174.413,,1.2,0.06,0.18,10.382,,,,
1239,2025-08-01T14:54:33.367,Mixed) (G1 Evacuation Pause) 2580M->2519M(4096M,2580.0,2519.0,4096.0,224.077,,1.69,0.06,0.22,10.382,,,,
1240,2025-08-01T14:54:33.689,Concurrent Start) (G1 Evacuation Pause) 3029M->2857M(4096M,3029.0,2857.0,4096.0,119.543,119.543,0.88,0.02,0.12,10.382,,,,
1242,2025-08-01T14:54:33.905,Normal) (G1 Evacuation Pause) 3247M->3191M(4096M,3247.0,3191.0,4096.0,70.006,,0.51,0.01,0.07,10.382,,,,
1243,2025-08-01T14:54:34.044,Normal) (G1 Evacuation Pause) 3471M->3392M(4096M,3471.0,3392.0,4096.0,51.317,,0.36,0.01,0.05,10.382,,,,
1244,2025-08-01T14:54:34.116,Normal) (G1 Evacuation Pause) 3612M->3615M(4096M,3612.0,3615.0,4096.0,47.897,,0.33,0.01,0.05,10.382,,,,
1245,2025-08-01T14:54:34.193,Normal) (G1 Evacuation Pause) 2323M->2325M(4096M,2323.0,2325.0,4096.0,33.366,,0.23,0.0,0.03,10.382,,,,
1246,2025-08-01T14:54:34.335,Normal) (G1 Evacuation Pause) 2907M->2805M(4096M,2907.0,2805.0,4096.0,76.235,,0.59,0.0,0.07,10.382,,,,
1247,2025-08-01T14:54:34.499,Normal) (G1 Evacuation Pause) 3217M->3150M(4096M,3217.0,3150.0,4096.0,71.828,,0.55,0.01,0.07,10.382,,,,
1248,2025-08-01T14:54:34.641,Prepare Mixed) (G1 Evacuation Pause) 3442M->3371M(4096M,3442.0,3371.0,4096.0,52.596,,0.38,0.01,0.06,10.382,,,,
1249,2025-08-01T14:54:34.760,Mixed) (G1 Evacuation Pause) 3599M->3546M(4096M,3599.0,3546.0,4096.0,50.524,,0.37,0.01,0.05,10.382,,,,
1250,2025-08-01T14:54:34.825,Concurrent Start) (G1 Evacuation Pause) 3716M->3719M(4096M,3716.0,3719.0,4096.0,37.475,37.475,0.27,0.0,0.03,10.382,,,,
1252,2025-08-01T14:54:34.929,Normal) (G1 Evacuation Pause) (Evacuation Failure) 3897M->3911M(4096M,3897.0,3911.0,4096.0,36.783,,0.27,0.01,0.04,10.382,,,,
1253,2025-08-01T14:54:34.980,Normal) (G1 Evacuation Pause) (Evacuation Failure) 4069M->4095M(4096M,4069.0,4095.0,4096.0,20.218,,0.14,0.0,0.02,10.382,,,,
1254,2025-08-01T14:54:35.001,G1 Compaction Pause) 4095M->1140M(4096M,4095.0,1140.0,4096.0,197.213,,1.45,0.0,0.2,10.382,,,,
1255,2025-08-01T14:54:35.432,Normal) (G1 Evacuation Pause) 2090M->1687M(4096M,2090.0,1687.0,4096.0,143.715,,1.07,0.03,0.15,10.382,,,,
1256,2025-08-01T14:54:35.743,Concurrent Start) (G1 Evacuation Pause) 2491M->2422M(4096M,2491.0,2422.0,4096.0,201.667,201.667,1.5,0.06,0.2,10.382,,,,
1258,2025-08-01T14:54:36.042,Normal) (G1 Evacuation Pause) 2952M->2647M(4096M,2952.0,2647.0,4096.0,52.159,,0.39,0.0,0.06,10.382,,,,
1259,2025-08-01T14:54:36.185,Normal) (G1 Evacuation Pause) 1940M->1944M(4096M,1940.0,1944.0,4096.0,98.229,,0.66,0.03,0.1,10.382,,,,
1260,2025-08-01T14:54:36.428,Prepare Mixed) (G1 Evacuation Pause) 2646M->2550M(4096M,2646.0,2550.0,4096.0,102.802,,0.8,0.01,0.1,10.382,,,,
1261,2025-08-01T14:54:36.619,Mixed) (G1 Evacuation Pause) 3034M->2908M(4096M,3034.0,2908.0,4096.0,92.927,,0.69,0.02,0.09,10.382,,,,
1262,2025-08-01T14:54:36.794,Concurrent Start) (G1 Evacuation Pause) 3284M->3231M(4096M,3284.0,3231.0,4096.0,129.093,129.093,0.95,0.05,0.12,10.382,,,,
1264,2025-08-01T14:54:36.999,Normal) (G1 Evacuation Pause) 3499M->3421M(4096M,3499.0,3421.0,4096.0,47.121,,0.34,0.01,0.05,10.382,,,,
1265,2025-08-01T14:54:37.068,Normal) (G1 Evacuation Pause) 3635M->3637M(4096M,3635.0,3637.0,4096.0,38.191,,0.29,0.0,0.04,10.382,,,,
1266,2025-08-01T14:54:37.165,Normal) (G1 Evacuation Pause) 1751M->1739M(4096M,1751.0,1739.0,4096.0,40.205,,0.29,0.02,0.04,10.382,,,,
1267,2025-08-01T14:54:37.373,Prepare Mixed) (G1 Evacuation Pause) 2505M->2127M(4096M,2505.0,2127.0,4096.0,66.273,,0.5,0.0,0.07,10.382,,,,
1268,2025-08-01T14:54:37.548,Mixed) (G1 Evacuation Pause) 2797M->2748M(4096M,2797.0,2748.0,4096.0,148.756,,1.13,0.03,0.15,10.382,,,,
1269,2025-08-01T14:54:37.782,Concurrent Start) (G1 Evacuation Pause) 3180M->3088M(4096M,3180.0,3088.0,4096.0,147.468,147.468,1.09,0.04,0.15,10.382,,,,
1271,2025-08-01T14:54:38.014,Normal) (G1 Evacuation Pause) 3412M->3415M(4096M,3412.0,3415.0,4096.0,83.94,,0.61,0.03,0.08,10.382,,,,
1272,2025-08-01T14:54:38.122,Normal) (G1 Evacuation Pause) 3627M->3630M(4096M,3627.0,3630.0,4096.0,49.209,,0.34,0.01,0.05,10.382,,,,
1273,2025-08-01T14:54:38.238,Normal) (G1 Evacuation Pause) 1652M->1572M(4096M,1652.0,1572.0,4096.0,23.586,,0.16,0.01,0.02,10.382,,,,
1274,2025-08-01T14:54:38.439,Prepare Mixed) (G1 Evacuation Pause) 2466M->2278M(4096M,2466.0,2278.0,4096.0,138.779,,1.05,0.03,0.14,10.382,,,,
1275,2025-08-01T14:54:38.723,Mixed) (G1 Evacuation Pause) 2884M->2537M(4096M,2884.0,2537.0,4096.0,156.254,,1.15,0.05,0.15,10.382,,,,
1276,2025-08-01T14:54:38.983,Concurrent Start) (G1 Evacuation Pause) 3063M->2979M(4096M,3063.0,2979.0,4096.0,113.024,113.024,0.82,0.04,0.11,10.382,,,,
1278,2025-08-01T14:54:39.178,Normal) (G1 Evacuation Pause) 3341M->3344M(4096M,3341.0,3344.0,4096.0,68.581,,0.52,0.0,0.07,10.382,,,,
1279,2025-08-01T14:54:39.318,Normal) (G1 Evacuation Pause) 1520M->1466M(4096M,1520.0,1466.0,4096.0,37.078,,0.27,0.0,0.04,10.382,,,,
1280,2025-08-01T14:54:39.533,Prepare Mixed) (G1 Evacuation Pause) 2346M->2076M(4096M,2346.0,2076.0,4096.0,174.849,,1.32,0.03,0.17,10.382,,,,
1281,2025-08-01T14:54:39.865,Mixed) (G1 Evacuation Pause) 2724M->2612M(4096M,2724.0,2612.0,4096.0,171.718,,1.27,0.05,0.17,10.382,,,,
1282,2025-08-01T14:54:40.124,Concurrent Start) (G1 Evacuation Pause) 3082M->3010M(4096M,3082.0,3010.0,4096.0,85.939,85.939,0.63,0.02,0.08,10.382,,,,
1284,2025-08-01T14:54:40.289,Normal) (G1 Evacuation Pause) 3352M->3205M(4096M,3352.0,3205.0,4096.0,45.476,,0.34,0.01,0.05,10.382,,,,
1285,2025-08-01T14:54:40.410,Normal) (G1 Evacuation Pause) 3491M->3493M(4096M,3491.0,3493.0,4096.0,68.007,,0.5,0.01,0.07,10.382,,,,
1286,2025-08-01T14:54:40.506,Normal) (G1 Evacuation Pause) 1967M->1972M(4096M,1967.0,1972.0,4096.0,44.733,,0.33,0.01,0.04,10.382,,,,
1287,2025-08-01T14:54:40.711,Normal) (G1 Evacuation Pause) 2686M->2647M(4096M,2686.0,2647.0,4096.0,121.002,,0.93,0.03,0.12,10.382,,,,
1288,2025-08-01T14:54:40.919,Prepare Mixed) (G1 Evacuation Pause) 3103M->2965M(4096M,3103.0,2965.0,4096.0,71.983,,0.55,0.01,0.07,10.382,,,,
1289,2025-08-01T14:54:41.072,Mixed) (G1 Evacuation Pause) 3329M->3266M(4096M,3329.0,3266.0,4096.0,79.515,,0.58,0.02,0.08,10.382,,,,
1290,2025-08-01T14:54:41.222,Concurrent Start) (G1 Evacuation Pause) 3524M->3528M(4096M,3524.0,3528.0,4096.0,59.168,59.168,0.43,0.0,0.06,10.382,,,,
1292,2025-08-01T14:54:41.297,Normal) (G1 Evacuation Pause) 3702M->3706M(4096M,3702.0,3706.0,4096.0,54.16,,0.29,0.01,0.05,10.382,,,,
1293,2025-08-01T14:54:41.411,Normal) (G1 Evacuation Pause) 3882M->3862M(4096M,3882.0,3862.0,4096.0,29.029,,0.22,0.01,0.03,10.382,,,,
1294,2025-08-01T14:54:41.456,Normal) (G1 Evacuation Pause) (Evacuation Failure) 4040M->4089M(4096M,4040.0,4089.0,4096.0,25.126,,0.19,0.0,0.02,10.382,,,,
1295,2025-08-01T14:54:41.481,G1 Compaction Pause) 4089M->1065M(4096M,4089.0,1065.0,4096.0,190.377,,1.36,0.01,0.19,10.382,,,,
1296,2025-08-01T14:54:41.906,Normal) (G1 Evacuation Pause) 2093M->1693M(4096M,2093.0,1693.0,4096.0,195.957,,1.45,0.06,0.19,10.382,,,,
1297,2025-08-01T14:54:42.276,Concurrent Start) (G1 Evacuation Pause) 2509M->2334M(4096M,2509.0,2334.0,4096.0,218.878,218.878,1.52,0.08,0.22,10.382,,,,
1299,2025-08-01T14:54:42.595,Normal) (G1 Evacuation Pause) 2896M->2501M(4096M,2896.0,2501.0,4096.0,53.249,,0.39,0.01,0.05,10.382,,,,
1300,2025-08-01T14:54:42.747,Normal) (G1 Evacuation Pause) 1984M->1934M(4096M,1984.0,1934.0,4096.0,113.822,,0.81,0.03,0.11,10.382,,,,
1301,2025-08-01T14:54:43.013,Prepare Mixed) (G1 Evacuation Pause) 2658M->2546M(4096M,2658.0,2546.0,4096.0,128.085,,0.97,0.02,0.13,10.382,,,,
1302,2025-08-01T14:54:43.232,Mixed) (G1 Evacuation Pause) 3030M->2718M(4096M,3030.0,2718.0,4096.0,49.127,,0.37,0.0,0.05,10.382,,,,
1303,2025-08-01T14:54:43.377,Concurrent Start) (G1 Evacuation Pause) 3168M->3059M(4096M,3168.0,3059.0,4096.0,137.412,137.412,0.93,0.05,0.14,10.382,,,,
1305,2025-08-01T14:54:43.597,Normal) (G1 Evacuation Pause) 3391M->3393M(4096M,3391.0,3393.0,4096.0,69.887,,0.52,0.0,0.07,10.382,,,,
1306,2025-08-01T14:54:43.737,Normal) (G1 Evacuation Pause) 1369M->1318M(4096M,1369.0,1318.0,4096.0,38.085,,0.28,0.0,0.04,10.382,,,,
1307,2025-08-01T14:54:43.951,Prepare Mixed) (G1 Evacuation Pause) 2216M->1838M(4096M,2216.0,1838.0,4096.0,113.356,,0.83,0.05,0.12,10.382,,,,
1308,2025-08-01T14:54:44.229,Mixed) (G1 Evacuation Pause) 2606M->2528M(4096M,2606.0,2528.0,4096.0,255.462,,1.89,0.07,0.26,10.382,,,,
1309,2025-08-01T14:54:44.577,Concurrent Start) (G1 Evacuation Pause) 3028M->2898M(4096M,3028.0,2898.0,4096.0,73.256,73.256,0.56,0.01,0.07,10.382,,,,
1311,2025-08-01T14:54:44.734,Normal) (G1 Evacuation Pause) 3272M->3234M(4096M,3272.0,3234.0,4096.0,71.053,,0.51,0.02,0.07,10.382,,,,
1312,2025-08-01T14:54:44.874,Normal) (G1 Evacuation Pause) 3500M->3374M(4096M,3500.0,3374.0,4096.0,40.088,,0.29,0.02,0.04,10.382,,,,
1313,2025-08-01T14:54:44.945,Normal) (G1 Evacuation Pause) 1996M->1998M(4096M,1996.0,1998.0,4096.0,50.783,,0.38,0.01,0.05,10.382,,,,
1314,2025-08-01T14:54:45.156,Normal) (G1 Evacuation Pause) 2676M->2544M(4096M,2676.0,2544.0,4096.0,99.191,,0.76,0.01,0.1,10.382,,,,
1315,2025-08-01T14:54:45.347,Prepare Mixed) (G1 Evacuation Pause) 3046M->2925M(4096M,3046.0,2925.0,4096.0,79.609,,0.61,0.01,0.08,10.382,,,,
1316,2025-08-01T14:54:45.501,Mixed) (G1 Evacuation Pause) 3307M->3182M(4096M,3307.0,3182.0,4096.0,77.52,,0.53,0.01,0.08,10.382,,,,
1317,2025-08-01T14:54:45.638,Concurrent Start) (G1 Evacuation Pause) 3480M->3420M(4096M,3480.0,3420.0,4096.0,59.363,59.363,0.41,0.01,0.06,10.382,,,,
1319,2025-08-01T14:54:45.717,Normal) (G1 Evacuation Pause) 3630M->3634M(4096M,3630.0,3634.0,4096.0,53.294,,0.33,0.0,0.05,10.382,,,,
1320,2025-08-01T14:54:45.835,Normal) (G1 Evacuation Pause) 3806M->3766M(4096M,3806.0,3766.0,4096.0,37.852,,0.27,0.01,0.04,10.382,,,,
1321,2025-08-01T14:54:45.897,Normal) (G1 Evacuation Pause) (Evacuation Failure) 3944M->4005M(4096M,3944.0,4005.0,4096.0,36.641,,0.27,0.0,0.04,10.382,,,,
1322,2025-08-01T14:54:45.946,Normal) (G1 Evacuation Pause) 1583M->1586M(4096M,1583.0,1586.0,4096.0,17.019,,0.12,0.01,0.02,10.382,,,,
1323,2025-08-01T14:54:46.190,Prepare Mixed) (G1 Evacuation Pause) 2440M->2119M(4096M,2440.0,2119.0,4096.0,117.401,,0.89,0.01,0.12,10.382,,,,
1324,2025-08-01T14:54:46.463,Mixed) (G1 Evacuation Pause) 2811M->2403M(4096M,2811.0,2403.0,4096.0,139.264,,1.01,0.04,0.13,10.382,,,,
1325,2025-08-01T14:54:46.705,Concurrent Start) (G1 Evacuation Pause) 3001M->2785M(4096M,3001.0,2785.0,4096.0,80.279,80.279,0.6,0.01,0.08,10.382,,,,
1327,2025-08-01T14:54:46.874,Normal) (G1 Evacuation Pause) 3235M->3240M(4096M,3235.0,3240.0,4096.0,82.378,,0.62,0.02,0.08,10.382,,,,
1328,2025-08-01T14:54:47.029,Normal) (G1 Evacuation Pause) 1632M->1629M(4096M,1632.0,1629.0,4096.0,61.077,,0.44,0.02,0.06,10.382,,,,
1329,2025-08-01T14:54:47.267,Prepare Mixed) (G1 Evacuation Pause) 2483M->2263M(4096M,2483.0,2263.0,4096.0,143.659,,1.09,0.03,0.14,10.382,,,,
1330,2025-08-01T14:54:47.553,Mixed) (G1 Evacuation Pause) 2865M->2629M(4096M,2865.0,2629.0,4096.0,151.844,,1.04,0.05,0.16,10.382,,,,
1331,2025-08-01T14:54:47.793,Concurrent Start) (G1 Evacuation Pause) 3105M->3108M(4096M,3105.0,3108.0,4096.0,86.972,86.972,0.66,0.01,0.08,10.382,,,,
1333,2025-08-01T14:54:47.954,Normal) (G1 Evacuation Pause) 3418M->3201M(4096M,3418.0,3201.0,4096.0,29.459,,0.21,0.01,0.03,10.382,,,,
1334,2025-08-01T14:54:48.027,Normal) (G1 Evacuation Pause) 3497M->3498M(4096M,3497.0,3498.0,4096.0,57.306,,0.43,0.01,0.06,10.382,,,,
1335,2025-08-01T14:54:48.102,Normal) (G1 Evacuation Pause) 3686M->3690M(4096M,3686.0,3690.0,4096.0,33.328,,0.25,0.0,0.04,10.382,,,,
1336,2025-08-01T14:54:48.153,Normal) (G1 Evacuation Pause) 3864M->3828M(4096M,3864.0,3828.0,4096.0,26.637,,0.18,0.01,0.03,10.382,,,,
1337,2025-08-01T14:54:48.229,Normal) (G1 Evacuation Pause) 2184M->2184M(4096M,2184.0,2184.0,4096.0,33.67,,0.25,0.01,0.03,10.382,,,,
1338,2025-08-01T14:54:48.397,Normal) (G1 Evacuation Pause) 2802M->2795M(4096M,2802.0,2795.0,4096.0,112.274,,0.84,0.02,0.11,10.382,,,,
1339,2025-08-01T14:54:48.595,Prepare Mixed) (G1 Evacuation Pause) 3201M->2969M(4096M,3201.0,2969.0,4096.0,42.308,,0.31,0.01,0.04,10.382,,,,
1340,2025-08-01T14:54:48.724,Mixed) (G1 Evacuation Pause) 3333M->3311M(4096M,3333.0,3311.0,4096.0,77.124,,0.55,0.03,0.07,10.382,,,,
1341,2025-08-01T14:54:48.828,Concurrent Start) (G1 Evacuation Pause) 3557M->3560M(4096M,3557.0,3560.0,4096.0,47.571,47.571,0.36,0.0,0.05,10.382,,,,
1343,2025-08-01T14:54:48.896,Normal) (G1 Evacuation Pause) 3726M->3728M(4096M,3726.0,3728.0,4096.0,47.589,,0.29,0.01,0.05,10.382,,,,
1344,2025-08-01T14:54:48.970,Normal) (G1 Evacuation Pause) 3906M->3865M(4096M,3906.0,3865.0,4096.0,28.656,,0.2,0.01,0.03,10.382,,,,
1345,2025-08-01T14:54:49.032,Normal) (G1 Evacuation Pause) (Evacuation Failure) 4043M->4079M(4096M,4043.0,4079.0,4096.0,34.419,,0.23,0.02,0.04,10.382,,,,
1346,2025-08-01T14:54:49.067,G1 Compaction Pause) 4079M->834M(4096M,4079.0,834.0,4096.0,175.052,,1.23,0.02,0.17,10.382,,,,
1347,2025-08-01T14:54:49.493,Normal) (G1 Evacuation Pause) 1902M->1647M(4096M,1902.0,1647.0,4096.0,145.792,,1.09,0.02,0.14,10.382,,,,
1348,2025-08-01T14:54:49.812,Concurrent Start) (G1 Evacuation Pause) 2447M->2224M(4096M,2447.0,2224.0,4096.0,146.146,146.146,1.05,0.04,0.15,10.382,,,,
1350,2025-08-01T14:54:50.069,Normal) (G1 Evacuation Pause) 2824M->2474M(4096M,2824.0,2474.0,4096.0,67.111,,0.49,0.01,0.07,10.382,,,,
1351,2025-08-01T14:54:50.241,Normal) (G1 Evacuation Pause) 1794M->1798M(4096M,1794.0,1798.0,4096.0,92.161,,0.71,0.0,0.09,10.382,,,,
1352,2025-08-01T14:54:50.496,Prepare Mixed) (G1 Evacuation Pause) 2568M->2421M(4096M,2568.0,2421.0,4096.0,186.514,,1.4,0.04,0.18,10.382,,,,
1353,2025-08-01T14:54:50.834,Mixed) (G1 Evacuation Pause) 2957M->2645M(4096M,2957.0,2645.0,4096.0,91.505,,0.68,0.02,0.09,10.382,,,,
1354,2025-08-01T14:54:51.020,Concurrent Start) (G1 Evacuation Pause) 3121M->3125M(4096M,3121.0,3125.0,4096.0,112.982,112.982,0.83,0.03,0.11,10.382,,,,
1356,2025-08-01T14:54:51.208,Normal) (G1 Evacuation Pause) 3429M->3367M(4096M,3429.0,3367.0,4096.0,57.824,,0.42,0.01,0.06,10.382,,,,
1357,2025-08-01T14:54:51.291,Normal) (G1 Evacuation Pause) 3597M->3580M(4096M,3597.0,3580.0,4096.0,41.909,,0.31,0.0,0.04,10.382,,,,
1358,2025-08-01T14:54:51.394,Normal) (G1 Evacuation Pause) 3748M->3752M(4096M,3748.0,3752.0,4096.0,44.338,,0.31,0.02,0.04,10.382,,,,
1359,2025-08-01T14:54:51.459,Normal) (G1 Evacuation Pause) 2082M->2086M(4096M,2082.0,2086.0,4096.0,30.892,,0.22,0.0,0.03,10.382,,,,
1360,2025-08-01T14:54:51.654,Normal) (G1 Evacuation Pause) 2734M->2550M(4096M,2734.0,2550.0,4096.0,82.191,,0.62,0.01,0.08,10.382,,,,
1361,2025-08-01T14:54:51.830,Prepare Mixed) (G1 Evacuation Pause) 3050M->2896M(4096M,3050.0,2896.0,4096.0,71.75,,0.54,0.01,0.07,10.382,,,,
1362,2025-08-01T14:54:51.990,Mixed) (G1 Evacuation Pause) 3286M->3219M(4096M,3286.0,3219.0,4096.0,136.227,,0.98,0.04,0.14,10.382,,,,
1363,2025-08-01T14:54:52.201,Concurrent Start) (G1 Evacuation Pause) 3495M->3499M(4096M,3495.0,3499.0,4096.0,60.933,60.933,0.46,0.0,0.06,10.382,,,,
1365,2025-08-01T14:54:52.281,Normal) (G1 Evacuation Pause) 3683M->3687M(4096M,3683.0,3687.0,4096.0,53.505,,0.3,0.01,0.06,10.382,,,,
1366,2025-08-01T14:54:52.400,Normal) (G1 Evacuation Pause) 3861M->3846M(4096M,3861.0,3846.0,4096.0,33.894,,0.24,0.01,0.04,10.382,,,,
1367,2025-08-01T14:54:52.451,Normal) (G1 Evacuation Pause) (Evacuation Failure) 4024M->4085M(4096M,4024.0,4085.0,4096.0,26.793,,0.18,0.01,0.03,10.382,,,,
1368,2025-08-01T14:54:52.478,G1 Compaction Pause) 4085M->1163M(4096M,4085.0,1163.0,4096.0,229.485,,1.66,0.02,0.23,10.382,,,,
1369,2025-08-01T14:54:52.947,Normal) (G1 Evacuation Pause) 2131M->1812M(4096M,2131.0,1812.0,4096.0,112.907,,0.87,0.01,0.11,10.382,,,,
1370,2025-08-01T14:54:53.232,Concurrent Start) (G1 Evacuation Pause) 2576M->2379M(4096M,2576.0,2379.0,4096.0,167.581,167.581,1.26,0.04,0.17,10.382,,,,
1372,2025-08-01T14:54:53.563,Normal) (G1 Evacuation Pause) 2937M->2696M(4096M,2937.0,2696.0,4096.0,76.861,,0.58,0.0,0.07,10.382,,,,
1373,2025-08-01T14:54:53.741,Normal) (G1 Evacuation Pause) 2028M->1962M(4096M,2028.0,1962.0,4096.0,85.361,,0.64,0.02,0.09,10.382,,,,
1374,2025-08-01T14:54:54.001,Prepare Mixed) (G1 Evacuation Pause) 2684M->2514M(4096M,2684.0,2514.0,4096.0,132.629,,0.98,0.05,0.14,10.382,,,,
1375,2025-08-01T14:54:54.227,Mixed) (G1 Evacuation Pause) 3036M->2907M(4096M,3036.0,2907.0,4096.0,98.506,,0.72,0.01,0.1,10.382,,,,
1376,2025-08-01T14:54:54.406,Concurrent Start) (G1 Evacuation Pause) 3287M->3275M(4096M,3287.0,3275.0,4096.0,99.824,99.824,0.73,0.03,0.1,10.382,,,,
1378,2025-08-01T14:54:54.585,Normal) (G1 Evacuation Pause) 3529M->3517M(4096M,3529.0,3517.0,4096.0,56.885,,0.4,0.02,0.05,10.382,,,,
1379,2025-08-01T14:54:54.664,Normal) (G1 Evacuation Pause) 3695M->3699M(4096M,3695.0,3699.0,4096.0,33.649,,0.24,0.0,0.03,10.382,,,,
1380,2025-08-01T14:54:54.758,Normal) (G1 Evacuation Pause) 3875M->3835M(4096M,3875.0,3835.0,4096.0,25.002,,0.19,0.0,0.03,10.382,,,,
1381,2025-08-01T14:54:54.805,Normal) (G1 Evacuation Pause) 2051M->2054M(4096M,2051.0,2054.0,4096.0,34.784,,0.23,0.01,0.03,10.382,,,,
1382,2025-08-01T14:54:55.001,Normal) (G1 Evacuation Pause) 2712M->2454M(4096M,2712.0,2454.0,4096.0,77.93,,0.57,0.02,0.08,10.382,,,,
1383,2025-08-01T14:54:55.179,Prepare Mixed) (G1 Evacuation Pause) 3002M->2868M(4096M,3002.0,2868.0,4096.0,96.431,,0.69,0.02,0.1,10.382,,,,
1384,2025-08-01T14:54:55.355,Mixed) (G1 Evacuation Pause) 3274M->3003M(4096M,3274.0,3003.0,4096.0,109.318,,0.81,0.03,0.11,10.382,,,,
1385,2025-08-01T14:54:55.544,Concurrent Start) (G1 Evacuation Pause) 3363M->3366M(4096M,3363.0,3366.0,4096.0,88.704,88.704,0.65,0.02,0.08,10.382,,,,
1387,2025-08-01T14:54:55.658,Normal) (G1 Evacuation Pause) 3598M->3602M(4096M,3598.0,3602.0,4096.0,69.539,,0.41,0.0,0.07,10.382,,,,
1388,2025-08-01T14:54:55.792,Normal) (G1 Evacuation Pause) 3770M->3695M(4096M,3770.0,3695.0,4096.0,22.071,,0.16,0.01,0.03,10.382,,,,
1389,2025-08-01T14:54:55.830,Normal) (G1 Evacuation Pause) 3873M->3877M(4096M,3873.0,3877.0,4096.0,33.323,,0.24,0.0,0.04,10.382,,,,
1390,2025-08-01T14:54:55.890,Normal) (G1 Evacuation Pause) (Evacuation Failure) 4055M->4089M(4096M,4055.0,4089.0,4096.0,24.291,,0.16,0.0,0.03,10.382,,,,
1391,2025-08-01T14:54:55.915,G1 Compaction Pause) 4089M->905M(4096M,4089.0,905.0,4096.0,178.226,,1.32,0.01,0.18,10.382,,,,
1392,2025-08-01T14:54:56.307,Normal) (G1 Evacuation Pause) 1963M->1735M(4096M,1963.0,1735.0,4096.0,197.438,,1.5,0.03,0.2,10.382,,,,
1393,2025-08-01T14:54:56.670,Concurrent Start) (G1 Evacuation Pause) 2509M->2253M(4096M,2509.0,2253.0,4096.0,196.104,196.104,1.47,0.06,0.2,10.382,,,,
1395,2025-08-01T14:54:56.972,Normal) (G1 Evacuation Pause) 2853M->2808M(4096M,2853.0,2808.0,4096.0,102.662,,0.78,0.02,0.11,10.382,,,,
1396,2025-08-01T14:54:57.160,Normal) (G1 Evacuation Pause) 1986M->1873M(4096M,1986.0,1873.0,4096.0,66.085,,0.51,0.01,0.07,10.382,,,,
1397,2025-08-01T14:54:57.381,Prepare Mixed) (G1 Evacuation Pause) 2605M->2365M(4096M,2605.0,2365.0,4096.0,95.747,,0.72,0.01,0.1,10.382,,,,
1398,2025-08-01T14:54:57.612,Mixed) (G1 Evacuation Pause) 2937M->2845M(4096M,2937.0,2845.0,4096.0,138.979,,1.05,0.03,0.14,10.382,,,,
1399,2025-08-01T14:54:57.837,Concurrent Start) (G1 Evacuation Pause) 3235M->3077M(4096M,3235.0,3077.0,4096.0,75.818,75.818,0.53,0.02,0.07,10.382,,,,
1401,2025-08-01T14:54:57.970,Normal) (G1 Evacuation Pause) 3399M->3301M(4096M,3399.0,3301.0,4096.0,51.204,,0.38,0.01,0.05,10.382,,,,
1402,2025-08-01T14:54:58.044,Normal) (G1 Evacuation Pause) 3555M->3559M(4096M,3555.0,3559.0,4096.0,44.427,,0.34,0.0,0.04,10.382,,,,
1403,2025-08-01T14:54:58.155,Normal) (G1 Evacuation Pause) 3727M->3682M(4096M,3727.0,3682.0,4096.0,30.336,,0.21,0.01,0.03,10.382,,,,
1404,2025-08-01T14:54:58.208,Normal) (G1 Evacuation Pause) 1902M->1905M(4096M,1902.0,1905.0,4096.0,36.66,,0.26,0.01,0.04,10.382,,,,
1405,2025-08-01T14:54:58.408,Normal) (G1 Evacuation Pause) 2623M->2607M(4096M,2623.0,2607.0,4096.0,112.717,,0.86,0.0,0.11,10.382,,,,
1406,2025-08-01T14:54:58.621,Prepare Mixed) (G1 Evacuation Pause) 3077M->2873M(4096M,3077.0,2873.0,4096.0,67.049,,0.49,0.01,0.07,10.382,,,,
1407,2025-08-01T14:54:58.768,Mixed) (G1 Evacuation Pause) 3269M->3129M(4096M,3269.0,3129.0,4096.0,135.132,,1.0,0.05,0.14,10.382,,,,
1408,2025-08-01T14:54:58.969,Concurrent Start) (G1 Evacuation Pause) 3445M->3368M(4096M,3445.0,3368.0,4096.0,47.183,47.183,0.35,0.0,0.05,10.382,,,,
1410,2025-08-01T14:54:59.041,Normal) (G1 Evacuation Pause) 3610M->3612M(4096M,3610.0,3612.0,4096.0,51.46,,0.33,0.01,0.05,10.382,,,,
1411,2025-08-01T14:54:59.151,Normal) (G1 Evacuation Pause) 1130M->1132M(4096M,1130.0,1132.0,4096.0,37.889,,0.26,0.0,0.04,10.382,,,,
1412,2025-08-01T14:54:59.377,Prepare Mixed) (G1 Evacuation Pause) 2102M->1821M(4096M,2102.0,1821.0,4096.0,114.13,,0.88,0.01,0.11,10.382,,,,
1413,2025-08-01T14:54:59.636,Mixed) (G1 Evacuation Pause) 2385M->2130M(4096M,2385.0,2130.0,4096.0,156.898,,1.13,0.05,0.16,10.382,,,,
1414,2025-08-01T14:54:59.899,Mixed) (G1 Evacuation Pause) 2730M->2727M(4096M,2730.0,2727.0,4096.0,111.424,,0.83,0.01,0.11,10.382,,,,
1415,2025-08-01T14:55:00.091,Concurrent Start) (G1 Evacuation Pause) 3159M->2971M(4096M,3159.0,2971.0,4096.0,64.068,64.068,0.47,0.01,0.07,10.382,,,,
1417,2025-08-01T14:55:00.233,Normal) (G1 Evacuation Pause) 3331M->3227M(4096M,3331.0,3227.0,4096.0,51.049,,0.38,0.0,0.05,10.382,,,,
1418,2025-08-01T14:55:00.310,Normal) (G1 Evacuation Pause) 3505M->3509M(4096M,3505.0,3509.0,4096.0,52.109,,0.4,0.0,0.05,10.382,,,,
1419,2025-08-01T14:55:00.422,Normal) (G1 Evacuation Pause) 1779M->1781M(4096M,1779.0,1781.0,4096.0,35.617,,0.27,0.0,0.04,10.382,,,,
1420,2025-08-01T14:55:00.619,Prepare Mixed) (G1 Evacuation Pause) 2571M->2203M(4096M,2571.0,2203.0,4096.0,84.171,,0.62,0.02,0.09,10.382,,,,
1421,2025-08-01T14:55:00.838,Mixed) (G1 Evacuation Pause) 2863M->2621M(4096M,2863.0,2621.0,4096.0,105.857,,0.8,0.02,0.11,10.382,,,,
1422,2025-08-01T14:55:01.037,Concurrent Start) (G1 Evacuation Pause) 3121M->3085M(4096M,3121.0,3085.0,4096.0,113.27,113.27,0.78,0.04,0.11,10.382,,,,
1424,2025-08-01T14:55:01.230,Normal) (G1 Evacuation Pause) 3411M->3415M(4096M,3411.0,3415.0,4096.0,64.77,,0.48,0.01,0.07,10.382,,,,
1425,2025-08-01T14:55:01.348,Normal) (G1 Evacuation Pause) 1525M->1363M(4096M,1525.0,1363.0,4096.0,17.331,,0.12,0.0,0.02,10.382,,,,
1426,2025-08-01T14:55:01.554,Prepare Mixed) (G1 Evacuation Pause) 2359M->2152M(4096M,2359.0,2152.0,4096.0,139.346,,1.03,0.01,0.14,10.382,,,,
1427,2025-08-01T14:55:01.857,Mixed) (G1 Evacuation Pause) 2804M->2764M(4096M,2804.0,2764.0,4096.0,240.109,,1.71,0.1,0.24,10.382,,,,
1428,2025-08-01T14:55:02.183,Concurrent Start) (G1 Evacuation Pause) 3182M->3004M(4096M,3182.0,3004.0,4096.0,99.834,99.834,0.73,0.02,0.1,10.382,,,,
1430,2025-08-01T14:55:02.363,Normal) (G1 Evacuation Pause) 3348M->3352M(4096M,3348.0,3352.0,4096.0,69.236,,0.53,0.01,0.06,10.382,,,,
1431,2025-08-01T14:55:02.495,Normal) (G1 Evacuation Pause) 1518M->1483M(4096M,1518.0,1483.0,4096.0,46.057,,0.34,0.01,0.04,10.382,,,,
1432,2025-08-01T14:55:02.716,Prepare Mixed) (G1 Evacuation Pause) 2403M->2141M(4096M,2403.0,2141.0,4096.0,135.757,,1.03,0.02,0.13,10.382,,,,
1433,2025-08-01T14:55:03.005,Mixed) (G1 Evacuation Pause) 2791M->2661M(4096M,2791.0,2661.0,4096.0,245.633,,1.66,0.13,0.24,10.382,,,,
1434,2025-08-01T14:55:03.337,Concurrent Start) (G1 Evacuation Pause) 3113M->2906M(4096M,3113.0,2906.0,4096.0,115.914,115.914,0.84,0.03,0.11,10.382,,,,
1436,2025-08-01T14:55:03.546,Normal) (G1 Evacuation Pause) 3292M->3295M(4096M,3292.0,3295.0,4096.0,69.431,,0.53,0.01,0.07,10.382,,,,
1437,2025-08-01T14:55:03.680,Normal) (G1 Evacuation Pause) 1501M->1487M(4096M,1501.0,1487.0,4096.0,46.107,,0.35,0.0,0.05,10.382,,,,
1438,2025-08-01T14:55:03.914,Prepare Mixed) (G1 Evacuation Pause) 2453M->2343M(4096M,2453.0,2343.0,4096.0,163.149,,1.23,0.04,0.16,10.382,,,,
1439,2025-08-01T14:55:04.212,Mixed) (G1 Evacuation Pause) 2859M->2550M(4096M,2859.0,2550.0,4096.0,67.112,,0.45,0.01,0.07,10.382,,,,
1440,2025-08-01T14:55:04.373,Concurrent Start) (G1 Evacuation Pause) 3056M->3060M(4096M,3056.0,3060.0,4096.0,124.553,124.553,0.9,0.04,0.12,10.382,,,,
1442,2025-08-01T14:55:04.578,Normal) (G1 Evacuation Pause) 3382M->3256M(4096M,3382.0,3256.0,4096.0,46.354,,0.34,0.0,0.05,10.382,,,,
1443,2025-08-01T14:55:04.696,Normal) (G1 Evacuation Pause) 1596M->1598M(4096M,1596.0,1598.0,4096.0,53.755,,0.39,0.02,0.05,10.382,,,,
1444,2025-08-01T14:55:04.922,Prepare Mixed) (G1 Evacuation Pause) 2418M->2058M(4096M,2418.0,2058.0,4096.0,76.955,,0.59,0.0,0.08,10.382,,,,
1445,2025-08-01T14:55:05.151,Mixed) (G1 Evacuation Pause) 2708M->2436M(4096M,2708.0,2436.0,4096.0,152.814,,1.0,0.05,0.16,10.382,,,,
1446,2025-08-01T14:55:05.401,Concurrent Start) (G1 Evacuation Pause) 2986M->2990M(4096M,2986.0,2990.0,4096.0,107.513,107.513,0.81,0.01,0.11,10.382,,,,
1448,2025-08-01T14:55:05.596,Normal) (G1 Evacuation Pause) 3336M->3120M(4096M,3336.0,3120.0,4096.0,36.208,,0.26,0.0,0.03,10.382,,,,
1449,2025-08-01T14:55:05.703,Normal) (G1 Evacuation Pause) 3442M->3444M(4096M,3442.0,3444.0,4096.0,59.098,,0.45,0.01,0.05,10.382,,,,
1450,2025-08-01T14:55:05.784,Normal) (G1 Evacuation Pause) 3650M->3654M(4096M,3650.0,3654.0,4096.0,44.88,,0.33,0.01,0.04,10.382,,,,
1451,2025-08-01T14:55:05.894,Normal) (G1 Evacuation Pause) 2302M->2304M(4096M,2302.0,2304.0,4096.0,35.853,,0.26,0.01,0.03,10.382,,,,
1452,2025-08-01T14:55:06.040,Normal) (G1 Evacuation Pause) 2878M->2780M(4096M,2878.0,2780.0,4096.0,84.914,,0.63,0.02,0.09,10.382,,,,
1453,2025-08-01T14:55:06.220,Normal) (G1 Evacuation Pause) 3200M->3157M(4096M,3200.0,3157.0,4096.0,75.526,,0.57,0.01,0.08,10.382,,,,
1454,2025-08-01T14:55:06.371,Prepare Mixed) (G1 Evacuation Pause) 3451M->3413M(4096M,3451.0,3413.0,4096.0,61.437,,0.45,0.02,0.06,10.382,,,,
1455,2025-08-01T14:55:06.499,Mixed) (G1 Evacuation Pause) 3625M->3605M(4096M,3625.0,3605.0,4096.0,60.725,,0.44,0.01,0.06,10.382,,,,
1456,2025-08-01T14:55:06.578,Concurrent Start) (G1 Evacuation Pause) 3775M->3777M(4096M,3775.0,3777.0,4096.0,41.339,41.339,0.28,0.01,0.04,10.382,,,,
1458,2025-08-01T14:55:06.638,Normal) (G1 Evacuation Pause) (Evacuation Failure) 3955M->4025M(4096M,3955.0,4025.0,4096.0,42.865,,0.27,0.01,0.04,10.382,,,,
1459,2025-08-01T14:55:06.686,Normal) (G1 Evacuation Pause) (Evacuation Failure) 4069M->4089M(4096M,4069.0,4089.0,4096.0,13.858,,0.08,0.01,0.01,10.382,,,,
1460,2025-08-01T14:55:06.700,G1 Compaction Pause) 4089M->1127M(4096M,4089.0,1127.0,4096.0,196.127,,1.39,0.03,0.2,10.382,,,,
1461,2025-08-01T14:55:07.084,Normal) (G1 Evacuation Pause) 2123M->1648M(4096M,2123.0,1648.0,4096.0,103.945,,0.78,0.02,0.1,10.382,,,,
1462,2025-08-01T14:55:07.407,Concurrent Start) (G1 Evacuation Pause) 2504M->2491M(4096M,2504.0,2491.0,4096.0,241.069,241.069,1.84,0.05,0.24,10.382,,,,
1464,2025-08-01T14:55:07.744,Normal) (G1 Evacuation Pause) 3005M->2825M(4096M,3005.0,2825.0,4096.0,75.17,,0.57,0.01,0.07,10.382,,,,
1465,2025-08-01T14:55:07.902,Normal) (G1 Evacuation Pause) 1996M->1719M(4096M,1996.0,1719.0,4096.0,40.082,,0.29,0.02,0.04,10.382,,,,
1466,2025-08-01T14:55:08.113,Prepare Mixed) (G1 Evacuation Pause) 2525M->2527M(4096M,2525.0,2527.0,4096.0,139.603,,1.06,0.0,0.13,10.382,,,,
1467,2025-08-01T14:55:08.354,Mixed) (G1 Evacuation Pause) 3033M->2822M(4096M,3033.0,2822.0,4096.0,126.852,,0.86,0.05,0.12,10.382,,,,
1468,2025-08-01T14:55:08.567,Concurrent Start) (G1 Evacuation Pause) 3238M->2889M(4096M,3238.0,2889.0,4096.0,27.491,27.491,0.19,0.0,0.03,10.382,,,,
1470,2025-08-01T14:55:08.685,Prepare Mixed) (G1 Evacuation Pause) 675M->680M(4096M,675.0,680.0,4096.0,138.832,,1.03,0.04,0.14,10.382,,,,
1471,2025-08-01T14:55:08.986,Mixed) (G1 Evacuation Pause) 1370M->1364M(4096M,1370.0,1364.0,4096.0,193.107,,1.42,0.06,0.19,10.382,,,,
1472,2025-08-01T14:55:09.361,Concurrent Start) (G1 Evacuation Pause) 2172M->1529M(4096M,2172.0,1529.0,4096.0,53.698,53.698,0.39,0.01,0.06,10.382,,,,
1474,2025-08-01T14:55:09.606,Prepare Mixed) (G1 Evacuation Pause) 1273M->1275M(4096M,1273.0,1275.0,4096.0,191.187,,1.46,0.01,0.19,10.382,,,,
1475,2025-08-01T14:55:09.932,Mixed) (G1 Evacuation Pause) 1905M->1337M(4096M,1905.0,1337.0,4096.0,41.844,,0.28,0.02,0.05,10.382,,,,
1476,2025-08-01T14:55:10.157,Concurrent Start) (G1 Evacuation Pause) 2301M->2176M(4096M,2301.0,2176.0,4096.0,167.477,167.477,1.28,0.02,0.17,10.382,,,,
1478,2025-08-01T14:55:10.470,Normal) (G1 Evacuation Pause) 1720M->1502M(4096M,1720.0,1502.0,4096.0,90.729,,0.66,0.01,0.09,10.382,,,,
1479,2025-08-01T14:55:10.732,Prepare Mixed) (G1 Evacuation Pause) 2366M->2043M(4096M,2366.0,2043.0,4096.0,149.763,,1.12,0.04,0.15,10.382,,,,
1480,2025-08-01T14:55:11.032,Mixed) (G1 Evacuation Pause) 2715M->2701M(4096M,2715.0,2701.0,4096.0,178.172,,1.35,0.04,0.18,10.382,,,,
1481,2025-08-01T14:55:11.299,Concurrent Start) (G1 Evacuation Pause) 3137M->2905M(4096M,3137.0,2905.0,4096.0,74.712,74.712,0.52,0.03,0.08,10.382,,,,
1483,2025-08-01T14:55:11.464,Normal) (G1 Evacuation Pause) 3291M->3145M(4096M,3291.0,3145.0,4096.0,57.016,,0.38,0.02,0.05,10.382,,,,
1484,2025-08-01T14:55:11.598,Normal) (G1 Evacuation Pause) 1757M->1762M(4096M,1757.0,1762.0,4096.0,56.935,,0.43,0.0,0.06,10.382,,,,
1485,2025-08-01T14:55:11.822,Prepare Mixed) (G1 Evacuation Pause) 2556M->2558M(4096M,2556.0,2558.0,4096.0,162.555,,1.22,0.04,0.17,10.382,,,,
1486,2025-08-01T14:55:12.074,Mixed) (G1 Evacuation Pause) 3046M->2568M(4096M,3046.0,2568.0,4096.0,61.851,,0.43,0.02,0.06,10.382,,,,
1487,2025-08-01T14:55:12.229,Concurrent Start) (G1 Evacuation Pause) 3076M->3025M(4096M,3076.0,3025.0,4096.0,109.841,109.841,0.83,0.01,0.11,10.382,,,,
1489,2025-08-01T14:55:12.406,Normal) (G1 Evacuation Pause) 3363M->3365M(4096M,3363.0,3365.0,4096.0,82.42,,0.61,0.03,0.08,10.382,,,,
1490,2025-08-01T14:55:12.511,Normal) (G1 Evacuation Pause) 3591M->3595M(4096M,3591.0,3595.0,4096.0,49.352,,0.32,0.02,0.05,10.382,,,,
1491,2025-08-01T14:55:12.584,Normal) (G1 Evacuation Pause) 1473M->1475M(4096M,1473.0,1475.0,4096.0,37.366,,0.28,0.01,0.03,10.382,,,,
1492,2025-08-01T14:55:12.786,Prepare Mixed) (G1 Evacuation Pause) 2317M->1829M(4096M,2317.0,1829.0,4096.0,74.577,,0.54,0.02,0.07,10.382,,,,
1493,2025-08-01T14:55:13.026,Mixed) (G1 Evacuation Pause) 2601M->2590M(4096M,2601.0,2590.0,4096.0,180.198,,1.34,0.05,0.18,10.382,,,,
1494,2025-08-01T14:55:13.296,Concurrent Start) (G1 Evacuation Pause) 3068M->3072M(4096M,3068.0,3072.0,4096.0,108.108,108.108,0.81,0.01,0.11,10.382,,,,
1496,2025-08-01T14:55:13.490,Normal) (G1 Evacuation Pause) 3390M->3264M(4096M,3390.0,3264.0,4096.0,47.075,,0.34,0.01,0.05,10.382,,,,
1497,2025-08-01T14:55:13.610,Normal) (G1 Evacuation Pause) 3524M->3486M(4096M,3524.0,3486.0,4096.0,38.793,,0.29,0.0,0.04,10.382,,,,
1498,2025-08-01T14:55:13.667,Normal) (G1 Evacuation Pause) 3674M->3676M(4096M,3674.0,3676.0,4096.0,34.889,,0.27,0.0,0.03,10.382,,,,
1499,2025-08-01T14:55:13.733,Normal) (G1 Evacuation Pause) 3850M->3853M(4096M,3850.0,3853.0,4096.0,35.382,,0.26,0.0,0.03,10.382,,,,
1500,2025-08-01T14:55:13.788,Normal) (G1 Evacuation Pause) (Evacuation Failure) 4031M->4073M(4096M,4031.0,4073.0,4096.0,32.163,,0.2,0.01,0.03,10.382,,,,
1501,2025-08-01T14:55:13.820,G1 Compaction Pause) 4073M->983M(4096M,4073.0,983.0,4096.0,157.848,,1.16,0.01,0.16,10.382,,,,
1502,2025-08-01T14:55:14.214,Normal) (G1 Evacuation Pause) 1989M->1417M(4096M,1989.0,1417.0,4096.0,137.426,,1.0,0.02,0.13,10.382,,,,
1503,2025-08-01T14:55:14.555,Concurrent Start) (G1 Evacuation Pause) 2341M->2266M(4096M,2341.0,2266.0,4096.0,212.34,212.34,1.54,0.05,0.21,10.382,,,,
1505,2025-08-01T14:55:14.926,Normal) (G1 Evacuation Pause) 1790M->1454M(4096M,1790.0,1454.0,4096.0,60.026,,0.41,0.0,0.06,10.382,,,,
1506,2025-08-01T14:55:15.169,Prepare Mixed) (G1 Evacuation Pause) 2358M->2100M(4096M,2358.0,2100.0,4096.0,140.408,,1.05,0.03,0.14,10.382,,,,
1507,2025-08-01T14:55:15.460,Mixed) (G1 Evacuation Pause) 2762M->2745M(4096M,2762.0,2745.0,4096.0,126.494,,0.96,0.01,0.13,10.382,,,,
1508,2025-08-01T14:55:15.672,Concurrent Start) (G1 Evacuation Pause) 3171M->2873M(4096M,3171.0,2873.0,4096.0,35.395,35.395,0.25,0.0,0.04,10.382,,,,
1510,2025-08-01T14:55:15.790,Normal) (G1 Evacuation Pause) 3277M->3282M(4096M,3277.0,3282.0,4096.0,79.619,,0.59,0.01,0.08,10.382,,,,
1511,2025-08-01T14:55:15.942,Normal) (G1 Evacuation Pause) 1378M->1374M(4096M,1378.0,1374.0,4096.0,52.301,,0.39,0.02,0.06,10.382,,,,
1512,2025-08-01T14:55:16.214,Prepare Mixed) (G1 Evacuation Pause) 2358M->1585M(4096M,2358.0,1585.0,4096.0,46.425,,0.32,0.0,0.04,10.382,,,,
1513,2025-08-01T14:55:16.443,Mixed) (G1 Evacuation Pause) 2565M->2245M(4096M,2565.0,2245.0,4096.0,196.194,,1.47,0.05,0.2,10.382,,,,
1514,2025-08-01T14:55:16.785,Concurrent Start) (G1 Evacuation Pause) 2885M->2707M(4096M,2885.0,2707.0,4096.0,121.431,121.431,0.91,0.03,0.12,10.382,,,,
1516,2025-08-01T14:55:16.998,Normal) (G1 Evacuation Pause) 3169M->2974M(4096M,3169.0,2974.0,4096.0,68.072,,0.5,0.02,0.07,10.382,,,,
1517,2025-08-01T14:55:17.156,Normal) (G1 Evacuation Pause) 1868M->1871M(4096M,1868.0,1871.0,4096.0,82.231,,0.6,0.03,0.08,10.382,,,,
1518,2025-08-01T14:55:17.397,Prepare Mixed) (G1 Evacuation Pause) 2651M->2623M(4096M,2651.0,2623.0,4096.0,118.48,,0.92,0.01,0.12,10.382,,,,
1519,2025-08-01T14:55:17.600,Mixed) (G1 Evacuation Pause) 3089M->2914M(4096M,3089.0,2914.0,4096.0,66.031,,0.5,0.0,0.07,10.382,,,,
1520,2025-08-01T14:55:17.740,Concurrent Start) (G1 Evacuation Pause) 3292M->3238M(4096M,3292.0,3238.0,4096.0,61.01,61.01,0.47,0.0,0.06,10.382,,,,
1522,2025-08-01T14:55:17.867,Normal) (G1 Evacuation Pause) 3504M->3431M(4096M,3504.0,3431.0,4096.0,40.233,,0.3,0.01,0.04,10.382,,,,
1523,2025-08-01T14:55:17.932,Normal) (G1 Evacuation Pause) 3641M->3643M(4096M,3641.0,3643.0,4096.0,39.304,,0.3,0.0,0.04,10.382,,,,
1524,2025-08-01T14:55:17.996,Normal) (G1 Evacuation Pause) 1535M->1538M(4096M,1535.0,1538.0,4096.0,32.785,,0.25,0.01,0.03,10.382,,,,
1525,2025-08-01T14:55:18.188,Prepare Mixed) (G1 Evacuation Pause) 2370M->1854M(4096M,2370.0,1854.0,4096.0,57.299,,0.43,0.01,0.06,10.382,,,,
1526,2025-08-01T14:55:18.411,Mixed) (G1 Evacuation Pause) 2634M->2419M(4096M,2634.0,2419.0,4096.0,201.31,,1.5,0.05,0.2,10.382,,,,
1527,2025-08-01T14:55:18.709,Concurrent Start) (G1 Evacuation Pause) 2987M->2990M(4096M,2987.0,2990.0,4096.0,114.224,114.224,0.83,0.03,0.12,10.382,,,,
1529,2025-08-01T14:55:18.904,Normal) (G1 Evacuation Pause) 3340M->3181M(4096M,3340.0,3181.0,4096.0,46.211,,0.34,0.01,0.04,10.382,,,,
1530,2025-08-01T14:55:19.023,Normal) (G1 Evacuation Pause) 3475M->3435M(4096M,3475.0,3435.0,4096.0,48.421,,0.36,0.01,0.04,10.382,,,,
1531,2025-08-01T14:55:19.092,Normal) (G1 Evacuation Pause) 3639M->3643M(4096M,3639.0,3643.0,4096.0,36.954,,0.28,0.0,0.04,10.382,,,,
1532,2025-08-01T14:55:19.153,Normal) (G1 Evacuation Pause) 2313M->2316M(4096M,2313.0,2316.0,4096.0,35.158,,0.26,0.01,0.03,10.382,,,,
1533,2025-08-01T14:55:19.335,Normal) (G1 Evacuation Pause) 2896M->2844M(4096M,2896.0,2844.0,4096.0,87.102,,0.63,0.01,0.08,10.382,,,,
1534,2025-08-01T14:55:19.501,Prepare Mixed) (G1 Evacuation Pause) 3240M->3016M(4096M,3240.0,3016.0,4096.0,41.817,,0.31,0.0,0.05,10.382,,,,
1535,2025-08-01T14:55:19.620,Mixed) (G1 Evacuation Pause) 3370M->3278M(4096M,3370.0,3278.0,4096.0,56.915,,0.41,0.01,0.06,10.382,,,,
1536,2025-08-01T14:55:19.700,Concurrent Start) (G1 Evacuation Pause) 3536M->3539M(4096M,3536.0,3539.0,4096.0,52.487,52.487,0.37,0.0,0.05,10.382,,,,
1538,2025-08-01T14:55:19.813,Normal) (G1 Evacuation Pause) 3711M->3714M(4096M,3711.0,3714.0,4096.0,31.758,,0.22,0.0,0.04,10.382,,,,
1539,2025-08-01T14:55:19.860,Normal) (G1 Evacuation Pause) (Evacuation Failure) 3890M->3899M(4096M,3890.0,3899.0,4096.0,32.01,,0.24,0.0,0.03,10.382,,,,
1540,2025-08-01T14:55:19.954,Normal) (G1 Evacuation Pause) 1525M->1493M(4096M,1525.0,1493.0,4096.0,29.865,,0.21,0.0,0.03,10.382,,,,
1541,2025-08-01T14:55:20.153,Prepare Mixed) (G1 Evacuation Pause) 2339M->1788M(4096M,2339.0,1788.0,4096.0,84.554,,0.61,0.02,0.09,10.382,,,,
1542,2025-08-01T14:55:20.403,Mixed) (G1 Evacuation Pause) 2594M->2562M(4096M,2594.0,2562.0,4096.0,150.989,,1.18,0.01,0.16,10.382,,,,
1543,2025-08-01T14:55:20.642,Concurrent Start) (G1 Evacuation Pause) 3058M->2984M(4096M,3058.0,2984.0,4096.0,168.986,168.986,1.19,0.07,0.17,10.382,,,,
1545,2025-08-01T14:55:20.890,Normal) (G1 Evacuation Pause) 3338M->3025M(4096M,3338.0,3025.0,4096.0,19.675,,0.13,0.0,0.02,10.382,,,,
1546,2025-08-01T14:55:20.987,Normal) (G1 Evacuation Pause) 3391M->3395M(4096M,3391.0,3395.0,4096.0,71.383,,0.53,0.01,0.07,10.382,,,,
1547,2025-08-01T14:55:21.081,Normal) (G1 Evacuation Pause) 2069M->2073M(4096M,2069.0,2073.0,4096.0,40.775,,0.31,0.0,0.04,10.382,,,,
1548,2025-08-01T14:55:21.264,Normal) (G1 Evacuation Pause) 2727M->2730M(4096M,2727.0,2730.0,4096.0,99.225,,0.77,0.0,0.1,10.382,,,,
1549,2025-08-01T14:55:21.445,Prepare Mixed) (G1 Evacuation Pause) 3160M->3061M(4096M,3160.0,3061.0,4096.0,86.233,,0.64,0.02,0.08,10.382,,,,
1550,2025-08-01T14:55:21.605,Mixed) (G1 Evacuation Pause) 3391M->3212M(4096M,3391.0,3212.0,4096.0,63.441,,0.46,0.02,0.06,10.382,,,,
1551,2025-08-01T14:55:21.739,Concurrent Start) (G1 Evacuation Pause) 3498M->3500M(4096M,3498.0,3500.0,4096.0,54.132,54.132,0.39,0.01,0.05,10.382,,,,
1553,2025-08-01T14:55:21.818,Normal) (G1 Evacuation Pause) 3684M->3687M(4096M,3684.0,3687.0,4096.0,47.842,,0.28,0.01,0.05,10.382,,,,
1554,2025-08-01T14:55:21.933,Normal) (G1 Evacuation Pause) 3861M->3863M(4096M,3861.0,3863.0,4096.0,33.141,,0.25,0.01,0.03,10.382,,,,
1555,2025-08-01T14:55:21.987,Normal) (G1 Evacuation Pause) 1353M->1358M(4096M,1353.0,1358.0,4096.0,36.561,,0.25,0.0,0.04,10.382,,,,
1556,2025-08-01T14:55:22.217,Prepare Mixed) (G1 Evacuation Pause) 2250M->2068M(4096M,2250.0,2068.0,4096.0,114.899,,0.89,0.0,0.11,10.382,,,,
1557,2025-08-01T14:55:22.485,Mixed) (G1 Evacuation Pause) 2720M->2577M(4096M,2720.0,2577.0,4096.0,146.212,,1.1,0.03,0.14,10.382,,,,
1558,2025-08-01T14:55:22.720,Concurrent Start) (G1 Evacuation Pause) 3053M->2989M(4096M,3053.0,2989.0,4096.0,99.915,99.915,0.76,0.02,0.1,10.382,,,,
1560,2025-08-01T14:55:22.905,Normal) (G1 Evacuation Pause) 3335M->3338M(4096M,3335.0,3338.0,4096.0,60.637,,0.46,0.0,0.06,10.382,,,,
1561,2025-08-01T14:55:23.039,Normal) (G1 Evacuation Pause) 1808M->1786M(4096M,1808.0,1786.0,4096.0,43.021,,0.32,0.01,0.04,10.382,,,,
1562,2025-08-01T14:55:23.244,Prepare Mixed) (G1 Evacuation Pause) 2516M->2390M(4096M,2516.0,2390.0,4096.0,98.282,,0.75,0.01,0.09,10.382,,,,
1563,2025-08-01T14:55:23.438,Mixed) (G1 Evacuation Pause) 2924M->2821M(4096M,2924.0,2821.0,4096.0,100.792,,0.76,0.01,0.1,10.382,,,,
1564,2025-08-01T14:55:23.618,Concurrent Start) (G1 Evacuation Pause) 3219M->3127M(4096M,3219.0,3127.0,4096.0,97.088,97.088,0.69,0.03,0.1,10.382,,,,
1566,2025-08-01T14:55:23.778,Normal) (G1 Evacuation Pause) 3433M->3314M(4096M,3433.0,3314.0,4096.0,42.6,,0.29,0.01,0.04,10.382,,,,
1567,2025-08-01T14:55:23.847,Normal) (G1 Evacuation Pause) 3564M->3517M(4096M,3564.0,3517.0,4096.0,39.002,,0.29,0.0,0.04,10.382,,,,
1568,2025-08-01T14:55:23.946,Normal) (G1 Evacuation Pause) 1737M->1741M(4096M,1737.0,1741.0,4096.0,40.233,,0.29,0.01,0.04,10.382,,,,
1569,2025-08-01T14:55:24.163,Prepare Mixed) (G1 Evacuation Pause) 2529M->2453M(4096M,2529.0,2453.0,4096.0,119.855,,0.92,0.02,0.11,10.382,,,,
1570,2025-08-01T14:55:24.381,Mixed) (G1 Evacuation Pause) 2977M->2878M(4096M,2977.0,2878.0,4096.0,103.214,,0.76,0.02,0.11,10.382,,,,
1571,2025-08-01T14:55:24.573,Concurrent Start) (G1 Evacuation Pause) 3260M->3150M(4096M,3260.0,3150.0,4096.0,89.798,89.798,0.64,0.02,0.09,10.382,,,,
1573,2025-08-01T14:55:24.747,Normal) (G1 Evacuation Pause) 3444M->3448M(4096M,3444.0,3448.0,4096.0,66.907,,0.47,0.02,0.07,10.382,,,,
1574,2025-08-01T14:55:24.881,Normal) (G1 Evacuation Pause) 1366M->1360M(4096M,1366.0,1360.0,4096.0,48.519,,0.3,0.02,0.05,10.382,,,,
1575,2025-08-01T14:55:25.117,Prepare Mixed) (G1 Evacuation Pause) 2348M->2175M(4096M,2348.0,2175.0,4096.0,137.586,,1.03,0.02,0.14,10.382,,,,
1576,2025-08-01T14:55:25.409,Mixed) (G1 Evacuation Pause) 2823M->2441M(4096M,2823.0,2441.0,4096.0,143.29,,1.04,0.05,0.14,10.382,,,,
1577,2025-08-01T14:55:25.654,Concurrent Start) (G1 Evacuation Pause) 2987M->2990M(4096M,2987.0,2990.0,4096.0,178.801,178.801,1.28,0.06,0.17,10.382,,,,
1579,2025-08-01T14:55:25.904,Normal) (G1 Evacuation Pause) 3336M->3246M(4096M,3336.0,3246.0,4096.0,57.535,,0.42,0.01,0.05,10.382,,,,
1580,2025-08-01T14:55:26.024,Normal) (G1 Evacuation Pause) 3518M->3415M(4096M,3518.0,3415.0,4096.0,37.846,,0.27,0.0,0.03,10.382,,,,
1581,2025-08-01T14:55:26.088,Normal) (G1 Evacuation Pause) 1867M->1803M(4096M,1867.0,1803.0,4096.0,35.599,,0.26,0.0,0.04,10.382,,,,
1582,2025-08-01T14:55:26.296,Prepare Mixed) (G1 Evacuation Pause) 2569M->2447M(4096M,2569.0,2447.0,4096.0,104.344,,0.8,0.01,0.1,10.382,,,,
1583,2025-08-01T14:55:26.548,Mixed) (G1 Evacuation Pause) 2985M->2838M(4096M,2985.0,2838.0,4096.0,129.966,,0.96,0.04,0.13,10.382,,,,
1584,2025-08-01T14:55:26.761,Concurrent Start) (G1 Evacuation Pause) 3250M->3016M(4096M,3250.0,3016.0,4096.0,48.374,48.374,0.36,0.01,0.05,10.382,,,,
1586,2025-08-01T14:55:26.892,Normal) (G1 Evacuation Pause) 1048M->1050M(4096M,1048.0,1050.0,4096.0,78.884,,0.59,0.01,0.08,10.382,,,,
1587,2025-08-01T14:55:27.181,Prepare Mixed) (G1 Evacuation Pause) 2096M->1806M(4096M,2096.0,1806.0,4096.0,215.672,,1.63,0.05,0.22,10.382,,,,
1588,2025-08-01T14:55:27.547,Mixed) (G1 Evacuation Pause) 2534M->2178M(4096M,2534.0,2178.0,4096.0,101.861,,0.75,0.01,0.1,10.382,,,,
1589,2025-08-01T14:55:27.755,Concurrent Start) (G1 Evacuation Pause) 2832M->2800M(4096M,2832.0,2800.0,4096.0,150.514,150.514,1.12,0.04,0.15,10.382,,,,
1591,2025-08-01T14:55:27.994,Normal) (G1 Evacuation Pause) 3204M->3116M(4096M,3204.0,3116.0,4096.0,65.025,,0.45,0.01,0.06,10.382,,,,
1592,2025-08-01T14:55:28.128,Normal) (G1 Evacuation Pause) 1818M->1714M(4096M,1818.0,1714.0,4096.0,52.162,,0.38,0.01,0.05,10.382,,,,
1593,2025-08-01T14:55:28.347,Prepare Mixed) (G1 Evacuation Pause) 2536M->2324M(4096M,2536.0,2324.0,4096.0,107.785,,0.82,0.01,0.11,10.382,,,,
1594,2025-08-01T14:55:28.553,Mixed) (G1 Evacuation Pause) 2912M->2881M(4096M,2912.0,2881.0,4096.0,122.169,,0.93,0.01,0.12,10.382,,,,
1595,2025-08-01T14:55:28.754,Concurrent Start) (G1 Evacuation Pause) 3265M->3262M(4096M,3265.0,3262.0,4096.0,82.647,82.647,0.6,0.02,0.08,10.382,,,,
1597,2025-08-01T14:55:28.905,Normal) (G1 Evacuation Pause) 3522M->3424M(4096M,3522.0,3424.0,4096.0,43.763,,0.29,0.01,0.04,10.382,,,,
1598,2025-08-01T14:55:28.974,Normal) (G1 Evacuation Pause) 3632M->3633M(4096M,3632.0,3633.0,4096.0,49.516,,0.34,0.01,0.05,10.382,,,,
1599,2025-08-01T14:55:29.042,Normal) (G1 Evacuation Pause) 3805M->3791M(4096M,3805.0,3791.0,4096.0,37.133,,0.24,0.01,0.04,10.382,,,,
1600,2025-08-01T14:55:29.099,Normal) (G1 Evacuation Pause) (Evacuation Failure) 3969M->4045M(4096M,3969.0,4045.0,4096.0,28.436,,0.16,0.0,0.03,10.382,,,,
1601,2025-08-01T14:55:29.132,Normal) (G1 Evacuation Pause) (Evacuation Failure) 4069M->4077M(4096M,4069.0,4077.0,4096.0,9.635,,0.05,0.0,0.01,10.382,,,,
1602,2025-08-01T14:55:29.147,Normal) (G1 Evacuation Pause) (Evacuation Failure) 4093M->4095M(4096M,4093.0,4095.0,4096.0,4.573,,0.02,0.0,0.0,10.382,,,,
1603,2025-08-01T14:55:29.151,G1 Compaction Pause) 4095M->785M(4096M,4095.0,785.0,4096.0,148.71,,1.07,0.0,0.15,10.382,,,,
1604,2025-08-01T14:55:29.559,Normal) (G1 Evacuation Pause) 1983M->1213M(4096M,1983.0,1213.0,4096.0,130.917,,0.98,0.03,0.13,10.382,,,,
1605,2025-08-01T14:55:29.912,Concurrent Start) (G1 Evacuation Pause) 2321M->2191M(4096M,2321.0,2191.0,4096.0,213.358,213.358,1.54,0.04,0.22,10.382,,,,
1607,2025-08-01T14:55:30.233,Normal) (G1 Evacuation Pause) 2819M->2298M(4096M,2819.0,2298.0,4096.0,46.47,,0.31,0.0,0.04,10.382,,,,
1608,2025-08-01T14:55:30.393,Normal) (G1 Evacuation Pause) 2087M->1943M(4096M,2087.0,1943.0,4096.0,99.682,,0.75,0.02,0.09,10.382,,,,
1609,2025-08-01T14:55:30.643,Prepare Mixed) (G1 Evacuation Pause) 2685M->2687M(4096M,2685.0,2687.0,4096.0,136.028,,1.04,0.01,0.14,10.382,,,,
1610,2025-08-01T14:55:30.860,Mixed) (G1 Evacuation Pause) 3135M->2748M(4096M,3135.0,2748.0,4096.0,44.703,,0.33,0.02,0.05,10.382,,,,
1611,2025-08-01T14:55:30.993,Concurrent Start) (G1 Evacuation Pause) 3210M->3088M(4096M,3210.0,3088.0,4096.0,77.537,77.537,0.57,0.02,0.08,10.382,,,,
1613,2025-08-01T14:55:31.151,Normal) (G1 Evacuation Pause) 3422M->3425M(4096M,3422.0,3425.0,4096.0,75.848,,0.52,0.03,0.08,10.382,,,,
1614,2025-08-01T14:55:31.284,Normal) (G1 Evacuation Pause) 1157M->1161M(4096M,1157.0,1161.0,4096.0,43.33,,0.33,0.0,0.04,10.382,,,,
1615,2025-08-01T14:55:31.511,Prepare Mixed) (G1 Evacuation Pause) 2119M->1566M(4096M,2119.0,1566.0,4096.0,77.27,,0.58,0.01,0.08,10.382,,,,
1616,2025-08-01T14:55:31.766,Mixed) (G1 Evacuation Pause) 2446M->2391M(4096M,2446.0,2391.0,4096.0,155.995,,1.21,0.01,0.15,10.382,,,,
1617,2025-08-01T14:55:32.060,Concurrent Start) (G1 Evacuation Pause) 2945M->2528M(4096M,2945.0,2528.0,4096.0,62.22,62.22,0.43,0.03,0.06,10.382,,,,
1619,2025-08-01T14:55:32.226,Normal) (G1 Evacuation Pause) 3060M->2760M(4096M,3060.0,2760.0,4096.0,52.598,,0.38,0.01,0.05,10.382,,,,
1620,2025-08-01T14:55:32.392,Normal) (G1 Evacuation Pause) 1614M->1618M(4096M,1614.0,1618.0,4096.0,147.834,,1.09,0.04,0.15,10.382,,,,
1621,2025-08-01T14:55:32.711,Prepare Mixed) (G1 Evacuation Pause) 2464M->2023M(4096M,2464.0,2023.0,4096.0,93.03,,0.69,0.02,0.1,10.382,,,,
1622,2025-08-01T14:55:32.951,Mixed) (G1 Evacuation Pause) 2753M->2413M(4096M,2753.0,2413.0,4096.0,100.194,,0.76,0.02,0.1,10.382,,,,
1623,2025-08-01T14:55:33.151,Concurrent Start) (G1 Evacuation Pause) 2995M->2999M(4096M,2995.0,2999.0,4096.0,159.172,159.172,1.09,0.04,0.16,10.382,,,,
1625,2025-08-01T14:55:33.386,Normal) (G1 Evacuation Pause) 3343M->3348M(4096M,3343.0,3348.0,4096.0,72.851,,0.54,0.02,0.07,10.382,,,,
1626,2025-08-01T14:55:33.533,Normal) (G1 Evacuation Pause) 3578M->3489M(4096M,3578.0,3489.0,4096.0,38.994,,0.27,0.01,0.03,10.382,,,,
1627,2025-08-01T14:55:33.597,Normal) (G1 Evacuation Pause) 1891M->1896M(4096M,1891.0,1896.0,4096.0,35.813,,0.27,0.01,0.03,10.382,,,,
1628,2025-08-01T14:55:33.801,Normal) (G1 Evacuation Pause) 2610M->2539M(4096M,2610.0,2539.0,4096.0,110.971,,0.83,0.02,0.11,10.382,,,,
1629,2025-08-01T14:55:34.002,Prepare Mixed) (G1 Evacuation Pause) 3029M->3032M(4096M,3029.0,3032.0,4096.0,101.353,,0.76,0.02,0.11,10.382,,,,
1630,2025-08-01T14:55:34.176,Mixed) (G1 Evacuation Pause) 3362M->3257M(4096M,3362.0,3257.0,4096.0,61.681,,0.46,0.02,0.06,10.382,,,,
1631,2025-08-01T14:55:34.306,Concurrent Start) (G1 Evacuation Pause) 3519M->3382M(4096M,3519.0,3382.0,4096.0,45.353,45.353,0.29,0.03,0.04,10.382,,,,
1633,2025-08-01T14:55:34.382,Normal) (G1 Evacuation Pause) 3612M->3615M(4096M,3612.0,3615.0,4096.0,54.131,,0.38,0.01,0.06,10.382,,,,
1634,2025-08-01T14:55:34.502,Normal) (G1 Evacuation Pause) 3785M->3785M(4096M,3785.0,3785.0,4096.0,36.094,,0.25,0.0,0.04,10.382,,,,
1635,2025-08-01T14:55:34.564,Normal) (G1 Evacuation Pause) 1405M->1408M(4096M,1405.0,1408.0,4096.0,34.265,,0.24,0.01,0.03,10.382,,,,
1636,2025-08-01T14:55:34.813,Prepare Mixed) (G1 Evacuation Pause) 2250M->2026M(4096M,2250.0,2026.0,4096.0,120.786,,0.9,0.04,0.12,10.382,,,,
1637,2025-08-01T14:55:35.043,Mixed) (G1 Evacuation Pause) 2690M->2204M(4096M,2690.0,2204.0,4096.0,65.506,,0.48,0.02,0.07,10.382,,,,
1638,2025-08-01T14:55:35.249,Concurrent Start) (G1 Evacuation Pause) 2840M->2842M(4096M,2840.0,2842.0,4096.0,197.297,197.297,1.41,0.06,0.2,10.382,,,,
1640,2025-08-01T14:55:35.528,Normal) (G1 Evacuation Pause) 3240M->3241M(4096M,3240.0,3241.0,4096.0,82.839,,0.62,0.02,0.08,10.382,,,,
1641,2025-08-01T14:55:35.678,Normal) (G1 Evacuation Pause) 1745M->1566M(4096M,1745.0,1566.0,4096.0,24.209,,0.16,0.01,0.02,10.382,,,,
1642,2025-08-01T14:55:35.886,Prepare Mixed) (G1 Evacuation Pause) 2386M->2180M(4096M,2386.0,2180.0,4096.0,114.656,,0.86,0.02,0.11,10.382,,,,
1643,2025-08-01T14:55:36.161,Mixed) (G1 Evacuation Pause) 2798M->2790M(4096M,2798.0,2790.0,4096.0,144.457,,1.07,0.01,0.15,10.382,,,,
1644,2025-08-01T14:55:36.393,Concurrent Start) (G1 Evacuation Pause) 3196M->2927M(4096M,3196.0,2927.0,4096.0,59.72,59.72,0.42,0.02,0.06,10.382,,,,
1646,2025-08-01T14:55:36.551,Normal) (G1 Evacuation Pause) 3309M->3112M(4096M,3309.0,3112.0,4096.0,50.833,,0.36,0.02,0.05,10.382,,,,
1647,2025-08-01T14:55:36.678,Normal) (G1 Evacuation Pause) 1586M->1590M(4096M,1586.0,1590.0,4096.0,62.302,,0.47,0.01,0.06,10.382,,,,
1648,2025-08-01T14:55:36.911,Prepare Mixed) (G1 Evacuation Pause) 2396M->2400M(4096M,2396.0,2400.0,4096.0,153.062,,1.16,0.03,0.16,10.382,,,,
1649,2025-08-01T14:55:37.160,Mixed) (G1 Evacuation Pause) 2934M->2569M(4096M,2934.0,2569.0,4096.0,84.891,,0.63,0.02,0.09,10.382,,,,
1650,2025-08-01T14:55:37.351,Concurrent Start) (G1 Evacuation Pause) 3071M->3033M(4096M,3071.0,3033.0,4096.0,190.602,190.602,1.31,0.09,0.19,10.382,,,,
1652,2025-08-01T14:55:37.629,Normal) (G1 Evacuation Pause) 3369M->3374M(4096M,3369.0,3374.0,4096.0,73.234,,0.52,0.01,0.07,10.382,,,,
1653,2025-08-01T14:55:37.769,Normal) (G1 Evacuation Pause) 1344M->1346M(4096M,1344.0,1346.0,4096.0,41.846,,0.32,0.0,0.04,10.382,,,,
1654,2025-08-01T14:55:37.995,Prepare Mixed) (G1 Evacuation Pause) 2244M->1831M(4096M,2244.0,1831.0,4096.0,145.023,,1.07,0.04,0.14,10.382,,,,
1655,2025-08-01T14:55:38.308,Mixed) (G1 Evacuation Pause) 2603M->2512M(4096M,2603.0,2512.0,4096.0,144.183,,1.1,0.02,0.14,10.382,,,,
1656,2025-08-01T14:55:38.583,Concurrent Start) (G1 Evacuation Pause) 3018M->2653M(4096M,3018.0,2653.0,4096.0,54.203,54.203,0.4,0.01,0.05,10.382,,,,
1658,2025-08-01T14:55:38.743,Normal) (G1 Evacuation Pause) 3135M->2999M(4096M,3135.0,2999.0,4096.0,81.442,,0.59,0.01,0.08,10.382,,,,
1659,2025-08-01T14:55:38.919,Normal) (G1 Evacuation Pause) 1615M->1508M(4096M,1615.0,1508.0,4096.0,57.579,,0.43,0.01,0.06,10.382,,,,
1660,2025-08-01T14:55:39.150,Prepare Mixed) (G1 Evacuation Pause) 2410M->2157M(4096M,2410.0,2157.0,4096.0,113.615,,0.87,0.02,0.12,10.382,,,,
1661,2025-08-01T14:55:39.415,Mixed) (G1 Evacuation Pause) 2819M->2559M(4096M,2819.0,2559.0,4096.0,198.059,,1.32,0.09,0.2,10.382,,,,
1662,2025-08-01T14:55:39.703,Concurrent Start) (G1 Evacuation Pause) 3071M->3018M(4096M,3071.0,3018.0,4096.0,102.762,102.762,0.75,0.02,0.1,10.382,,,,
1664,2025-08-01T14:55:39.886,Normal) (G1 Evacuation Pause) 3362M->3366M(4096M,3362.0,3366.0,4096.0,78.172,,0.55,0.02,0.08,10.382,,,,
1665,2025-08-01T14:55:40.032,Normal) (G1 Evacuation Pause) 1604M->1435M(4096M,1604.0,1435.0,4096.0,24.505,,0.16,0.0,0.03,10.382,,,,
1666,2025-08-01T14:55:40.235,Prepare Mixed) (G1 Evacuation Pause) 2319M->2159M(4096M,2319.0,2159.0,4096.0,121.127,,0.93,0.01,0.12,10.382,,,,
1667,2025-08-01T14:55:40.508,Mixed) (G1 Evacuation Pause) 2793M->2694M(4096M,2793.0,2694.0,4096.0,163.085,,1.16,0.04,0.16,10.382,,,,
1668,2025-08-01T14:55:40.758,Concurrent Start) (G1 Evacuation Pause) 3134M->2906M(4096M,3134.0,2906.0,4096.0,91.696,91.696,0.64,0.03,0.09,10.382,,,,
1670,2025-08-01T14:55:40.945,Normal) (G1 Evacuation Pause) 3294M->3225M(4096M,3294.0,3225.0,4096.0,70.06,,0.53,0.01,0.07,10.382,,,,
1671,2025-08-01T14:55:41.087,Normal) (G1 Evacuation Pause) 1529M->1532M(4096M,1529.0,1532.0,4096.0,67.535,,0.5,0.01,0.07,10.382,,,,
1672,2025-08-01T14:55:41.333,Prepare Mixed) (G1 Evacuation Pause) 2362M->2297M(4096M,2362.0,2297.0,4096.0,231.004,,1.76,0.05,0.23,10.382,,,,
1673,2025-08-01T14:55:41.694,Mixed) (G1 Evacuation Pause) 2867M->2471M(4096M,2867.0,2471.0,4096.0,89.445,,0.65,0.02,0.09,10.382,,,,
1674,2025-08-01T14:55:41.888,Concurrent Start) (G1 Evacuation Pause) 3009M->3013M(4096M,3009.0,3013.0,4096.0,102.434,102.434,0.79,0.0,0.1,10.382,,,,
1676,2025-08-01T14:55:42.069,Normal) (G1 Evacuation Pause) 3353M->3293M(4096M,3353.0,3293.0,4096.0,59.732,,0.45,0.01,0.06,10.382,,,,
1677,2025-08-01T14:55:42.200,Normal) (G1 Evacuation Pause) 1735M->1737M(4096M,1735.0,1737.0,4096.0,60.038,,0.43,0.01,0.06,10.382,,,,
1678,2025-08-01T14:55:42.426,Prepare Mixed) (G1 Evacuation Pause) 2487M->2127M(4096M,2487.0,2127.0,4096.0,75.011,,0.56,0.02,0.07,10.382,,,,
1679,2025-08-01T14:55:42.630,Mixed) (G1 Evacuation Pause) 2781M->2591M(4096M,2781.0,2591.0,4096.0,100.092,,0.71,0.02,0.1,10.382,,,,
1680,2025-08-01T14:55:42.823,Concurrent Start) (G1 Evacuation Pause) 3079M->3083M(4096M,3079.0,3083.0,4096.0,121.8,121.8,0.89,0.04,0.13,10.382,,,,
1682,2025-08-01T14:55:43.029,Normal) (G1 Evacuation Pause) 3399M->3250M(4096M,3399.0,3250.0,4096.0,48.412,,0.35,0.02,0.05,10.382,,,,
1683,2025-08-01T14:55:43.106,Normal) (G1 Evacuation Pause) 3520M->3437M(4096M,3520.0,3437.0,4096.0,37.86,,0.29,0.0,0.04,10.382,,,,
1684,2025-08-01T14:55:43.175,Normal) (G1 Evacuation Pause) 3649M->3653M(4096M,3649.0,3653.0,4096.0,44.624,,0.33,0.0,0.04,10.382,,,,
1685,2025-08-01T14:55:43.279,Normal) (G1 Evacuation Pause) 2135M->2139M(4096M,2135.0,2139.0,4096.0,30.446,,0.22,0.0,0.03,10.382,,,,
1686,2025-08-01T14:55:43.419,Normal) (G1 Evacuation Pause) 2767M->2674M(4096M,2767.0,2674.0,4096.0,96.5,,0.69,0.02,0.1,10.382,,,,
1687,2025-08-01T14:55:43.658,Prepare Mixed) (G1 Evacuation Pause) 3128M->2833M(4096M,3128.0,2833.0,4096.0,44.924,,0.33,0.01,0.04,10.382,,,,
1688,2025-08-01T14:55:43.790,Mixed) (G1 Evacuation Pause) 3255M->3112M(4096M,3255.0,3112.0,4096.0,70.974,,0.51,0.03,0.07,10.382,,,,
1689,2025-08-01T14:55:43.938,Concurrent Start) (G1 Evacuation Pause) 3436M->3439M(4096M,3436.0,3439.0,4096.0,84.198,84.198,0.59,0.03,0.08,10.382,,,,
1691,2025-08-01T14:55:44.049,Normal) (G1 Evacuation Pause) 3645M->3652M(4096M,3645.0,3652.0,4096.0,72.627,,0.43,0.02,0.07,10.382,,,,
1692,2025-08-01T14:55:44.188,Normal) (G1 Evacuation Pause) 3824M->3772M(4096M,3824.0,3772.0,4096.0,30.879,,0.22,0.01,0.03,10.382,,,,
1693,2025-08-01T14:55:44.240,Normal) (G1 Evacuation Pause) (Evacuation Failure) 3950M->4031M(4096M,3950.0,4031.0,4096.0,34.46,,0.24,0.01,0.04,10.382,,,,
1694,2025-08-01T14:55:44.278,Normal) (G1 Evacuation Pause) (Evacuation Failure) 4069M->4089M(4096M,4069.0,4089.0,4096.0,12.587,,0.07,0.0,0.01,10.382,,,,
1695,2025-08-01T14:55:44.291,G1 Compaction Pause) 4089M->1046M(4096M,4089.0,1046.0,4096.0,179.486,,1.3,0.01,0.18,10.382,,,,
1696,2025-08-01T14:55:44.721,Normal) (G1 Evacuation Pause) 2040M->1601M(4096M,2040.0,1601.0,4096.0,155.806,,1.07,0.05,0.16,10.382,,,,
1697,2025-08-01T14:55:45.054,Concurrent Start) (G1 Evacuation Pause) 2445M->2223M(4096M,2445.0,2223.0,4096.0,124.643,124.643,0.95,0.02,0.12,10.382,,,,
1699,2025-08-01T14:55:45.327,Normal) (G1 Evacuation Pause) 1814M->1333M(4096M,1814.0,1333.0,4096.0,36.438,,0.24,0.0,0.04,10.382,,,,
1700,2025-08-01T14:55:45.539,Prepare Mixed) (G1 Evacuation Pause) 2307M->2309M(4096M,2307.0,2309.0,4096.0,197.676,,1.5,0.05,0.2,10.382,,,,
1701,2025-08-01T14:55:45.882,Mixed) (G1 Evacuation Pause) 2899M->2676M(4096M,2899.0,2676.0,4096.0,169.584,,1.21,0.05,0.17,10.382,,,,
1702,2025-08-01T14:55:46.154,Concurrent Start) (G1 Evacuation Pause) 3138M->2945M(4096M,3138.0,2945.0,4096.0,81.995,81.995,0.58,0.03,0.08,10.382,,,,
1704,2025-08-01T14:55:46.321,Normal) (G1 Evacuation Pause) 993M->997M(4096M,993.0,997.0,4096.0,68.164,,0.48,0.01,0.07,10.382,,,,
1705,2025-08-01T14:55:46.629,Prepare Mixed) (G1 Evacuation Pause) 2055M->1362M(4096M,2055.0,1362.0,4096.0,75.542,,0.54,0.02,0.08,10.382,,,,
1706,2025-08-01T14:55:46.883,Mixed) (G1 Evacuation Pause) 2182M->2036M(4096M,2182.0,2036.0,4096.0,168.536,,1.28,0.04,0.16,10.382,,,,
1707,2025-08-01T14:55:47.209,Concurrent Start) (G1 Evacuation Pause) 2728M->2508M(4096M,2728.0,2508.0,4096.0,131.606,131.606,0.96,0.04,0.13,10.382,,,,
1709,2025-08-01T14:55:47.435,Normal) (G1 Evacuation Pause) 3026M->2877M(4096M,3026.0,2877.0,4096.0,70.276,,0.54,0.01,0.07,10.382,,,,
1710,2025-08-01T14:55:47.586,Normal) (G1 Evacuation Pause) 3265M->3257M(4096M,3265.0,3257.0,4096.0,80.691,,0.58,0.02,0.08,10.382,,,,
1711,2025-08-01T14:55:47.739,Normal) (G1 Evacuation Pause) 2365M->2369M(4096M,2365.0,2369.0,4096.0,53.29,,0.41,0.01,0.05,10.382,,,,
1712,2025-08-01T14:55:47.890,Normal) (G1 Evacuation Pause) 2933M->2814M(4096M,2933.0,2814.0,4096.0,75.88,,0.58,0.01,0.08,10.382,,,,
1713,2025-08-01T14:55:48.048,Prepare Mixed) (G1 Evacuation Pause) 3224M->3038M(4096M,3224.0,3038.0,4096.0,45.576,,0.34,0.0,0.05,10.382,,,,
1714,2025-08-01T14:55:48.168,Mixed) (G1 Evacuation Pause) 3378M->3270M(4096M,3378.0,3270.0,4096.0,82.299,,0.6,0.02,0.08,10.382,,,,
1715,2025-08-01T14:55:48.318,Concurrent Start) (G1 Evacuation Pause) 3532M->3534M(4096M,3532.0,3534.0,4096.0,59.371,59.371,0.43,0.02,0.06,10.382,,,,
1717,2025-08-01T14:55:48.395,Normal) (G1 Evacuation Pause) 3708M->3712M(4096M,3708.0,3712.0,4096.0,53.027,,0.3,0.0,0.05,10.382,,,,
1718,2025-08-01T14:55:48.509,Normal) (G1 Evacuation Pause) 3888M->3890M(4096M,3888.0,3890.0,4096.0,33.124,,0.24,0.0,0.03,10.382,,,,
1719,2025-08-01T14:55:48.558,Normal) (G1 Evacuation Pause) (Evacuation Failure) 4068M->4093M(4096M,4068.0,4093.0,4096.0,25.186,,0.17,0.0,0.03,10.382,,,,
1720,2025-08-01T14:55:48.583,G1 Compaction Pause) 4093M->1323M(4096M,4093.0,1323.0,4096.0,194.826,,1.45,0.01,0.19,10.382,,,,
1721,2025-08-01T14:55:49.020,Normal) (G1 Evacuation Pause) 2259M->1713M(4096M,2259.0,1713.0,4096.0,114.662,,0.8,0.04,0.12,10.382,,,,
1722,2025-08-01T14:55:49.325,Concurrent Start) (G1 Evacuation Pause) 2565M->2567M(4096M,2565.0,2567.0,4096.0,171.7,171.7,1.3,0.03,0.17,10.382,,,,
1724,2025-08-01T14:55:49.590,Normal) (G1 Evacuation Pause) 3059M->2962M(4096M,3059.0,2962.0,4096.0,93.596,,0.66,0.02,0.1,10.382,,,,
1725,2025-08-01T14:55:49.768,Normal) (G1 Evacuation Pause) 2120M->2052M(4096M,2120.0,2052.0,4096.0,57.114,,0.42,0.01,0.06,10.382,,,,
1726,2025-08-01T14:55:49.983,Normal) (G1 Evacuation Pause) 2720M->2701M(4096M,2720.0,2701.0,4096.0,114.625,,0.88,0.01,0.11,10.382,,,,
1727,2025-08-01T14:55:50.185,Prepare Mixed) (G1 Evacuation Pause) 3139M->3144M(4096M,3139.0,3144.0,4096.0,92.269,,0.69,0.02,0.09,10.382,,,,
1728,2025-08-01T14:55:50.349,Mixed) (G1 Evacuation Pause) 3438M->3242M(4096M,3438.0,3242.0,4096.0,43.734,,0.3,0.0,0.05,10.382,,,,
1729,2025-08-01T14:55:50.465,Concurrent Start) (G1 Evacuation Pause) 3514M->3456M(4096M,3514.0,3456.0,4096.0,54.478,54.478,0.4,0.01,0.05,10.382,,,,
1731,2025-08-01T14:55:50.542,Normal) (G1 Evacuation Pause) 3660M->3662M(4096M,3660.0,3662.0,4096.0,46.576,,0.3,0.01,0.05,10.382,,,,
1732,2025-08-01T14:55:50.652,Normal) (G1 Evacuation Pause) 3834M->3830M(4096M,3834.0,3830.0,4096.0,33.357,,0.23,0.0,0.04,10.382,,,,
1733,2025-08-01T14:55:50.704,Normal) (G1 Evacuation Pause) (Evacuation Failure) 4008M->4085M(4096M,4008.0,4085.0,4096.0,25.681,,0.19,0.0,0.02,10.382,,,,
1734,2025-08-01T14:55:50.730,G1 Compaction Pause) 4085M->748M(4096M,4085.0,748.0,4096.0,155.303,,1.1,0.02,0.16,10.382,,,,
1735,2025-08-01T14:55:51.127,Normal) (G1 Evacuation Pause) 1808M->1372M(4096M,1808.0,1372.0,4096.0,127.86,,0.96,0.03,0.13,10.382,,,,
1736,2025-08-01T14:55:51.431,Concurrent Start) (G1 Evacuation Pause) 2272M->2063M(4096M,2272.0,2063.0,4096.0,209.264,209.264,1.59,0.05,0.21,10.382,,,,
1738,2025-08-01T14:55:51.793,Normal) (G1 Evacuation Pause) 1616M->1620M(4096M,1616.0,1620.0,4096.0,119.435,,0.93,0.01,0.11,10.382,,,,
1739,2025-08-01T14:55:52.086,Prepare Mixed) (G1 Evacuation Pause) 2414M->1994M(4096M,2414.0,1994.0,4096.0,81.229,,0.6,0.01,0.08,10.382,,,,
1740,2025-08-01T14:55:52.334,Mixed) (G1 Evacuation Pause) 2682M->2672M(4096M,2682.0,2672.0,4096.0,186.735,,1.41,0.05,0.18,10.382,,,,
1741,2025-08-01T14:55:52.608,Concurrent Start) (G1 Evacuation Pause) 3118M->3043M(4096M,3118.0,3043.0,4096.0,75.488,75.488,0.57,0.01,0.08,10.382,,,,
1743,2025-08-01T14:55:52.761,Normal) (G1 Evacuation Pause) 3375M->3331M(4096M,3375.0,3331.0,4096.0,59.147,,0.44,0.01,0.06,10.382,,,,
1744,2025-08-01T14:55:52.893,Normal) (G1 Evacuation Pause) 3567M->3479M(4096M,3567.0,3479.0,4096.0,45.597,,0.32,0.01,0.04,10.382,,,,
1745,2025-08-01T14:55:52.962,Normal) (G1 Evacuation Pause) 3671M->3672M(4096M,3671.0,3672.0,4096.0,38.142,,0.26,0.02,0.04,10.382,,,,
1746,2025-08-01T14:55:53.059,Normal) (G1 Evacuation Pause) 2336M->2339M(4096M,2336.0,2339.0,4096.0,39.48,,0.27,0.02,0.04,10.382,,,,
1747,2025-08-01T14:55:53.198,Normal) (G1 Evacuation Pause) 2909M->2914M(4096M,2909.0,2914.0,4096.0,93.009,,0.72,0.0,0.09,10.382,,,,
1748,2025-08-01T14:55:53.377,Prepare Mixed) (G1 Evacuation Pause) 3284M->3208M(4096M,3284.0,3208.0,4096.0,57.792,,0.43,0.01,0.06,10.382,,,,
1749,2025-08-01T14:55:53.509,Mixed) (G1 Evacuation Pause) 3486M->3227M(4096M,3486.0,3227.0,4096.0,68.028,,0.48,0.03,0.07,10.382,,,,
1750,2025-08-01T14:55:53.652,Concurrent Start) (G1 Evacuation Pause) 3505M->3427M(4096M,3505.0,3427.0,4096.0,66.152,66.152,0.48,0.02,0.07,10.382,,,,
1752,2025-08-01T14:55:53.748,Normal) (G1 Evacuation Pause) 3639M->3642M(4096M,3639.0,3642.0,4096.0,60.38,,0.42,0.0,0.06,10.382,,,,
1753,2025-08-01T14:55:53.828,Normal) (G1 Evacuation Pause) 3814M->3818M(4096M,3814.0,3818.0,4096.0,33.486,,0.24,0.01,0.03,10.382,,,,
1754,2025-08-01T14:55:53.884,Normal) (G1 Evacuation Pause) (Evacuation Failure) 3996M->4069M(4096M,3996.0,4069.0,4096.0,25.755,,0.19,0.0,0.02,10.382,,,,
1755,2025-08-01T14:55:53.909,G1 Compaction Pause) 4069M->1032M(4096M,4069.0,1032.0,4096.0,160.129,,1.14,0.02,0.16,10.382,,,,
1756,2025-08-01T14:55:54.324,Normal) (G1 Evacuation Pause) 2074M->1547M(4096M,2074.0,1547.0,4096.0,165.756,,1.23,0.06,0.16,10.382,,,,
1757,2025-08-01T14:55:54.672,Concurrent Start) (G1 Evacuation Pause) 2447M->2362M(4096M,2447.0,2362.0,4096.0,162.446,162.446,1.26,0.01,0.17,10.382,,,,
1759,2025-08-01T14:55:54.982,Normal) (G1 Evacuation Pause) 1885M->1525M(4096M,1885.0,1525.0,4096.0,53.62,,0.37,0.02,0.06,10.382,,,,
1760,2025-08-01T14:55:55.209,Prepare Mixed) (G1 Evacuation Pause) 2413M->2168M(4096M,2413.0,2168.0,4096.0,110.802,,0.82,0.01,0.11,10.382,,,,
1761,2025-08-01T14:55:55.467,Mixed) (G1 Evacuation Pause) 2806M->2773M(4096M,2806.0,2773.0,4096.0,158.216,,1.18,0.03,0.16,10.382,,,,
1762,2025-08-01T14:55:55.706,Concurrent Start) (G1 Evacuation Pause) 3189M->2867M(4096M,3189.0,2867.0,4096.0,37.738,37.738,0.27,0.01,0.04,10.382,,,,
1764,2025-08-01T14:55:55.837,Normal) (G1 Evacuation Pause) 1119M->1002M(4096M,1119.0,1002.0,4096.0,54.067,,0.41,0.01,0.05,10.382,,,,
1765,2025-08-01T14:55:56.162,Prepare Mixed) (G1 Evacuation Pause) 2094M->2097M(4096M,2094.0,2097.0,4096.0,192.523,,1.48,0.02,0.2,10.382,,,,
1766,2025-08-01T14:55:56.514,Mixed) (G1 Evacuation Pause) 2743M->2240M(4096M,2743.0,2240.0,4096.0,107.59,,0.8,0.03,0.1,10.382,,,,
1767,2025-08-01T14:55:56.731,Concurrent Start) (G1 Evacuation Pause) 2868M->2872M(4096M,2868.0,2872.0,4096.0,136.889,136.889,1.03,0.03,0.14,10.382,,,,
1769,2025-08-01T14:55:56.945,Normal) (G1 Evacuation Pause) 3258M->3260M(4096M,3258.0,3260.0,4096.0,84.884,,0.64,0.02,0.08,10.382,,,,
1770,2025-08-01T14:55:57.089,Normal) (G1 Evacuation Pause) 1704M->1472M(4096M,1704.0,1472.0,4096.0,23.779,,0.16,0.01,0.03,10.382,,,,
1771,2025-08-01T14:55:57.287,Prepare Mixed) (G1 Evacuation Pause) 2336M->2092M(4096M,2336.0,2092.0,4096.0,103.929,,0.79,0.01,0.1,10.382,,,,
1772,2025-08-01T14:55:57.543,Mixed) (G1 Evacuation Pause) 2748M->2742M(4096M,2748.0,2742.0,4096.0,195.238,,1.45,0.05,0.19,10.382,,,,
1773,2025-08-01T14:55:57.823,Concurrent Start) (G1 Evacuation Pause) 3162M->2897M(4096M,3162.0,2897.0,4096.0,46.942,46.942,0.34,0.01,0.04,10.382,,,,
1775,2025-08-01T14:55:57.951,Normal) (G1 Evacuation Pause) 3287M->3143M(4096M,3287.0,3143.0,4096.0,57.582,,0.42,0.02,0.06,10.382,,,,
1776,2025-08-01T14:55:58.037,Normal) (G1 Evacuation Pause) 3455M->3457M(4096M,3455.0,3457.0,4096.0,65.958,,0.49,0.01,0.06,10.382,,,,
1777,2025-08-01T14:55:58.121,Normal) (G1 Evacuation Pause) 3657M->3659M(4096M,3657.0,3659.0,4096.0,45.602,,0.29,0.01,0.05,10.382,,,,
1778,2025-08-01T14:55:58.192,Normal) (G1 Evacuation Pause) 2117M->2120M(4096M,2117.0,2120.0,4096.0,31.813,,0.21,0.0,0.04,10.382,,,,
1779,2025-08-01T14:55:58.329,Normal) (G1 Evacuation Pause) 2770M->2773M(4096M,2770.0,2773.0,4096.0,102.319,,0.78,0.01,0.1,10.382,,,,
1780,2025-08-01T14:55:58.513,Normal) (G1 Evacuation Pause) 3187M->2940M(4096M,3187.0,2940.0,4096.0,41.517,,0.3,0.0,0.04,10.382,,,,
1781,2025-08-01T14:55:58.632,Prepare Mixed) (G1 Evacuation Pause) 3314M->3317M(4096M,3314.0,3317.0,4096.0,81.829,,0.6,0.01,0.09,10.382,,,,
1782,2025-08-01T14:55:58.786,Mixed) (G1 Evacuation Pause) 3557M->3447M(4096M,3557.0,3447.0,4096.0,51.429,,0.38,0.0,0.05,10.382,,,,
1783,2025-08-01T14:55:58.857,Concurrent Start) (G1 Evacuation Pause) 3647M->3650M(4096M,3647.0,3650.0,4096.0,39.054,39.054,0.29,0.01,0.04,10.382,,,,
1785,2025-08-01T14:55:58.920,Normal) (G1 Evacuation Pause) 3824M->3827M(4096M,3824.0,3827.0,4096.0,32.684,,0.24,0.0,0.03,10.382,,,,
1786,2025-08-01T14:55:58.971,Normal) (G1 Evacuation Pause) (Evacuation Failure) 4005M->4093M(4096M,4005.0,4093.0,4096.0,35.034,,0.25,0.01,0.04,10.382,,,,
1787,2025-08-01T14:55:59.006,G1 Compaction Pause) 4093M->1469M(4096M,4093.0,1469.0,4096.0,224.838,,1.6,0.06,0.22,10.382,,,,
1788,2025-08-01T14:55:59.404,Normal) (G1 Evacuation Pause) 2299M->1907M(4096M,2299.0,1907.0,4096.0,72.896,,0.55,0.01,0.07,10.382,,,,
1789,2025-08-01T14:55:59.638,Concurrent Start) (G1 Evacuation Pause) 2621M->2626M(4096M,2621.0,2626.0,4096.0,176.788,176.788,1.32,0.05,0.18,10.382,,,,
1791,2025-08-01T14:55:59.903,Normal) (G1 Evacuation Pause) 3084M->3086M(4096M,3084.0,3086.0,4096.0,91.555,,0.7,0.01,0.09,10.382,,,,
1792,2025-08-01T14:56:00.069,Normal) (G1 Evacuation Pause) 2018M->1865M(4096M,2018.0,1865.0,4096.0,39.759,,0.29,0.01,0.04,10.382,,,,
1793,2025-08-01T14:56:00.265,Normal) (G1 Evacuation Pause) 2577M->2555M(4096M,2577.0,2555.0,4096.0,110.238,,0.86,0.01,0.11,10.382,,,,
1794,2025-08-01T14:56:00.461,Prepare Mixed) (G1 Evacuation Pause) 3035M->3040M(4096M,3035.0,3040.0,4096.0,102.787,,0.78,0.02,0.11,10.382,,,,
1795,2025-08-01T14:56:00.636,Mixed) (G1 Evacuation Pause) 3368M->3366M(4096M,3368.0,3366.0,4096.0,75.832,,0.55,0.01,0.07,10.382,,,,
1796,2025-08-01T14:56:00.774,Concurrent Start) (G1 Evacuation Pause) 3592M->3364M(4096M,3592.0,3364.0,4096.0,13.309,13.309,0.08,0.0,0.01,10.382,,,,
1798,2025-08-01T14:56:00.810,Normal) (G1 Evacuation Pause) 3602M->3604M(4096M,3602.0,3604.0,4096.0,54.548,,0.4,0.01,0.06,10.382,,,,
1799,2025-08-01T14:56:00.893,Normal) (G1 Evacuation Pause) 578M->580M(4096M,578.0,580.0,4096.0,30.488,,0.23,0.0,0.04,10.382,,,,
1800,2025-08-01T14:56:01.167,Prepare Mixed) (G1 Evacuation Pause) 1784M->1508M(4096M,1784.0,1508.0,4096.0,169.606,,1.25,0.03,0.17,10.382,,,,
1801,2025-08-01T14:56:01.514,Mixed) (G1 Evacuation Pause) 2346M->2029M(4096M,2346.0,2029.0,4096.0,229.551,,1.71,0.05,0.23,10.382,,,,
1802,2025-08-01T14:56:01.906,Concurrent Start) (G1 Evacuation Pause) 2693M->2696M(4096M,2693.0,2696.0,4096.0,161.439,161.439,1.23,0.03,0.16,10.382,,,,
1804,2025-08-01T14:56:02.155,Normal) (G1 Evacuation Pause) 3130M->2958M(4096M,3130.0,2958.0,4096.0,57.535,,0.43,0.01,0.05,10.382,,,,
1805,2025-08-01T14:56:02.291,Normal) (G1 Evacuation Pause) 3326M->3191M(4096M,3326.0,3191.0,4096.0,49.216,,0.38,0.0,0.05,10.382,,,,
1806,2025-08-01T14:56:02.411,Normal) (G1 Evacuation Pause) 2267M->2270M(4096M,2267.0,2270.0,4096.0,72.391,,0.53,0.02,0.08,10.382,,,,
1807,2025-08-01T14:56:02.586,Normal) (G1 Evacuation Pause) 2854M->2857M(4096M,2854.0,2857.0,4096.0,111.732,,0.85,0.02,0.11,10.382,,,,
1808,2025-08-01T14:56:02.778,Prepare Mixed) (G1 Evacuation Pause) 3245M->3249M(4096M,3245.0,3249.0,4096.0,102.734,,0.75,0.03,0.1,10.382,,,,
1809,2025-08-01T14:56:02.950,Mixed) (G1 Evacuation Pause) 3511M->3357M(4096M,3511.0,3357.0,4096.0,30.848,,0.22,0.01,0.03,10.382,,,,
1810,2025-08-01T14:56:03.044,Concurrent Start) (G1 Evacuation Pause) 3593M->3535M(4096M,3593.0,3535.0,4096.0,47.235,47.235,0.32,0.01,0.04,10.382,,,,
1812,2025-08-01T14:56:03.108,Normal) (G1 Evacuation Pause) 3713M->3716M(4096M,3713.0,3716.0,4096.0,40.636,,0.24,0.0,0.04,10.382,,,,
1813,2025-08-01T14:56:03.210,Normal) (G1 Evacuation Pause) 844M->845M(4096M,844.0,845.0,4096.0,44.607,,0.31,0.01,0.05,10.382,,,,
1814,2025-08-01T14:56:03.477,Prepare Mixed) (G1 Evacuation Pause) 1927M->1107M(4096M,1927.0,1107.0,4096.0,88.018,,0.63,0.03,0.09,10.382,,,,
1815,2025-08-01T14:56:03.752,Mixed) (G1 Evacuation Pause) 1933M->1713M(4096M,1933.0,1713.0,4096.0,197.674,,1.48,0.05,0.2,10.382,,,,
1816,2025-08-01T14:56:04.114,Mixed) (G1 Evacuation Pause) 2481M->2242M(4096M,2481.0,2242.0,4096.0,113.101,,0.86,0.01,0.11,10.382,,,,
1817,2025-08-01T14:56:04.339,Concurrent Start) (G1 Evacuation Pause) 2868M->2626M(4096M,2868.0,2626.0,4096.0,114.052,114.052,0.84,0.02,0.12,10.382,,,,
1819,2025-08-01T14:56:04.592,Normal) (G1 Evacuation Pause) 1528M->1497M(4096M,1528.0,1497.0,4096.0,79.83,,0.61,0.01,0.08,10.382,,,,
1820,2025-08-01T14:56:04.852,Prepare Mixed) (G1 Evacuation Pause) 2393M->2229M(4096M,2393.0,2229.0,4096.0,186.771,,1.4,0.03,0.19,10.382,,,,
1821,2025-08-01T14:56:05.193,Mixed) (G1 Evacuation Pause) 2843M->2527M(4096M,2843.0,2527.0,4096.0,146.689,,1.1,0.02,0.14,10.382,,,,
1822,2025-08-01T14:56:05.439,Concurrent Start) (G1 Evacuation Pause) 3037M->3041M(4096M,3037.0,3041.0,4096.0,95.8,95.8,0.74,0.01,0.1,10.382,,,,
1824,2025-08-01T14:56:05.609,Normal) (G1 Evacuation Pause) 3371M->3375M(4096M,3371.0,3375.0,4096.0,80.831,,0.61,0.02,0.08,10.382,,,,
1825,2025-08-01T14:56:05.752,Normal) (G1 Evacuation Pause) 3597M->3453M(4096M,3597.0,3453.0,4096.0,21.288,,0.14,0.0,0.03,10.382,,,,
1826,2025-08-01T14:56:05.797,Normal) (G1 Evacuation Pause) 1815M->1750M(4096M,1815.0,1750.0,4096.0,29.861,,0.2,0.01,0.03,10.382,,,,
1827,2025-08-01T14:56:05.982,Normal) (G1 Evacuation Pause) 2520M->2378M(4096M,2520.0,2378.0,4096.0,97.123,,0.69,0.0,0.1,10.382,,,,
1828,2025-08-01T14:56:06.233,Prepare Mixed) (G1 Evacuation Pause) 2936M->2938M(4096M,2936.0,2938.0,4096.0,103.762,,0.79,0.0,0.11,10.382,,,,
1829,2025-08-01T14:56:06.417,Mixed) (G1 Evacuation Pause) 3300M->2989M(4096M,3300.0,2989.0,4096.0,29.937,,0.21,0.01,0.03,10.382,,,,
1830,2025-08-01T14:56:06.524,Concurrent Start) (G1 Evacuation Pause) 3359M->3362M(4096M,3359.0,3362.0,4096.0,82.521,82.521,0.61,0.01,0.08,10.382,,,,
1832,2025-08-01T14:56:06.628,Normal) (G1 Evacuation Pause) 3594M->3597M(4096M,3594.0,3597.0,4096.0,70.405,,0.4,0.01,0.07,10.382,,,,
1833,2025-08-01T14:56:06.724,Normal) (G1 Evacuation Pause) 3765M->3715M(4096M,3765.0,3715.0,4096.0,23.756,,0.18,0.0,0.02,10.382,,,,
1834,2025-08-01T14:56:06.779,Normal) (G1 Evacuation Pause) (Evacuation Failure) 3893M->3905M(4096M,3893.0,3905.0,4096.0,37.202,,0.28,0.01,0.04,10.382,,,,
1835,2025-08-01T14:56:06.842,Normal) (G1 Evacuation Pause) 1673M->1675M(4096M,1673.0,1675.0,4096.0,31.989,,0.23,0.01,0.04,10.382,,,,
1836,2025-08-01T14:56:07.020,Prepare Mixed) (G1 Evacuation Pause) 2437M->1950M(4096M,2437.0,1950.0,4096.0,61.87,,0.45,0.02,0.06,10.382,,,,
1837,2025-08-01T14:56:07.231,Mixed) (G1 Evacuation Pause) 2676M->2396M(4096M,2676.0,2396.0,4096.0,95.716,,0.72,0.0,0.1,10.382,,,,
1838,2025-08-01T14:56:07.424,Concurrent Start) (G1 Evacuation Pause) 2970M->2973M(4096M,2970.0,2973.0,4096.0,127.511,127.511,0.94,0.03,0.12,10.382,,,,
1840,2025-08-01T14:56:07.636,Normal) (G1 Evacuation Pause) 3335M->3295M(4096M,3335.0,3295.0,4096.0,73.654,,0.54,0.01,0.07,10.382,,,,
1841,2025-08-01T14:56:07.780,Normal) (G1 Evacuation Pause) 3547M->3462M(4096M,3547.0,3462.0,4096.0,32.564,,0.24,0.0,0.03,10.382,,,,
1842,2025-08-01T14:56:07.835,Normal) (G1 Evacuation Pause) 2086M->2089M(4096M,2086.0,2089.0,4096.0,40.524,,0.3,0.01,0.04,10.382,,,,
1843,2025-08-01T14:56:08.014,Normal) (G1 Evacuation Pause) 2739M->2631M(4096M,2739.0,2631.0,4096.0,91.593,,0.7,0.01,0.09,10.382,,,,
1844,2025-08-01T14:56:08.192,Prepare Mixed) (G1 Evacuation Pause) 3097M->2982M(4096M,3097.0,2982.0,4096.0,72.973,,0.54,0.02,0.08,10.382,,,,
1845,2025-08-01T14:56:08.346,Mixed) (G1 Evacuation Pause) 3338M->3257M(4096M,3338.0,3257.0,4096.0,58.509,,0.45,0.0,0.06,10.382,,,,
1846,2025-08-01T14:56:08.428,Concurrent Start) (G1 Evacuation Pause) 3527M->3532M(4096M,3527.0,3532.0,4096.0,47.685,47.685,0.32,0.01,0.05,10.382,,,,
1848,2025-08-01T14:56:08.496,Normal) (G1 Evacuation Pause) 3708M->3695M(4096M,3708.0,3695.0,4096.0,41.508,,0.26,0.01,0.04,10.382,,,,
1849,2025-08-01T14:56:08.559,Normal) (G1 Evacuation Pause) 3871M->3847M(4096M,3871.0,3847.0,4096.0,27.35,,0.2,0.01,0.03,10.382,,,,
1850,2025-08-01T14:56:08.610,Normal) (G1 Evacuation Pause) (Evacuation Failure) 4025M->4075M(4096M,4025.0,4075.0,4096.0,26.289,,0.18,0.01,0.03,10.382,,,,
1851,2025-08-01T14:56:08.636,G1 Compaction Pause) 4075M->746M(4096M,4075.0,746.0,4096.0,152.437,,1.05,0.01,0.15,10.382,,,,
1852,2025-08-01T14:56:09.014,Normal) (G1 Evacuation Pause) 1836M->1450M(4096M,1836.0,1450.0,4096.0,118.109,,0.89,0.0,0.11,10.382,,,,
1853,2025-08-01T14:56:09.297,Concurrent Start) (G1 Evacuation Pause) 2336M->2018M(4096M,2336.0,2018.0,4096.0,112.709,112.709,0.85,0.01,0.11,10.382,,,,
1855,2025-08-01T14:56:09.561,Normal) (G1 Evacuation Pause) 1755M->1461M(4096M,1755.0,1461.0,4096.0,83.105,,0.58,0.01,0.09,10.382,,,,
1856,2025-08-01T14:56:09.831,Prepare Mixed) (G1 Evacuation Pause) 2383M->1959M(4096M,2383.0,1959.0,4096.0,115.22,,0.85,0.02,0.12,10.382,,,,
1857,2025-08-01T14:56:10.123,Mixed) (G1 Evacuation Pause) 2713M->2682M(4096M,2713.0,2682.0,4096.0,156.572,,1.21,0.02,0.15,10.382,,,,
1858,2025-08-01T14:56:10.365,Concurrent Start) (G1 Evacuation Pause) 3132M->3106M(4096M,3132.0,3106.0,4096.0,99.874,99.874,0.74,0.02,0.1,10.382,,,,
1860,2025-08-01T14:56:10.529,Normal) (G1 Evacuation Pause) 3414M->3206M(4096M,3414.0,3206.0,4096.0,31.035,,0.2,0.01,0.03,10.382,,,,
1861,2025-08-01T14:56:10.590,Normal) (G1 Evacuation Pause) 3494M->3496M(4096M,3494.0,3496.0,4096.0,56.193,,0.43,0.01,0.06,10.382,,,,
1862,2025-08-01T14:56:10.662,Normal) (G1 Evacuation Pause) 3682M->3685M(4096M,3682.0,3685.0,4096.0,32.946,,0.24,0.0,0.04,10.382,,,,
1863,2025-08-01T14:56:10.717,Normal) (G1 Evacuation Pause) 3859M->3861M(4096M,3859.0,3861.0,4096.0,30.924,,0.23,0.0,0.03,10.382,,,,
1864,2025-08-01T14:56:10.771,Normal) (G1 Evacuation Pause) 2179M->2181M(4096M,2179.0,2181.0,4096.0,32.878,,0.25,0.0,0.04,10.382,,,,
1865,2025-08-01T14:56:10.953,Normal) (G1 Evacuation Pause) 2799M->2639M(4096M,2799.0,2639.0,4096.0,86.267,,0.61,0.02,0.08,10.382,,,,
1866,2025-08-01T14:56:11.128,Prepare Mixed) (G1 Evacuation Pause) 3113M->2870M(4096M,3113.0,2870.0,4096.0,46.0,,0.35,0.0,0.05,10.382,,,,
1867,2025-08-01T14:56:11.255,Mixed) (G1 Evacuation Pause) 3280M->3229M(4096M,3280.0,3229.0,4096.0,71.313,,0.54,0.0,0.07,10.382,,,,
1868,2025-08-01T14:56:11.398,Concurrent Start) (G1 Evacuation Pause) 3503M->3504M(4096M,3503.0,3504.0,4096.0,106.151,106.151,0.73,0.03,0.11,10.382,,,,
1870,2025-08-01T14:56:11.538,Normal) (G1 Evacuation Pause) 3686M->3690M(4096M,3686.0,3690.0,4096.0,48.529,,0.28,0.0,0.05,10.382,,,,
1871,2025-08-01T14:56:11.657,Normal) (G1 Evacuation Pause) 3866M->3780M(4096M,3866.0,3780.0,4096.0,22.18,,0.15,0.0,0.02,10.382,,,,
1872,2025-08-01T14:56:11.696,Normal) (G1 Evacuation Pause) (Evacuation Failure) 3958M->4021M(4096M,3958.0,4021.0,4096.0,34.402,,0.22,0.01,0.03,10.382,,,,
1873,2025-08-01T14:56:11.735,Normal) (G1 Evacuation Pause) (Evacuation Failure) 4069M->4085M(4096M,4069.0,4085.0,4096.0,11.815,,0.07,0.0,0.01,10.382,,,,
1874,2025-08-01T14:56:11.747,Normal) (G1 Evacuation Pause) (Evacuation Failure) 4087M->4093M(4096M,4087.0,4093.0,4096.0,3.169,,0.01,0.0,0.0,10.382,,,,
1875,2025-08-01T14:56:11.750,G1 Compaction Pause) 4093M->872M(4096M,4093.0,872.0,4096.0,179.654,,1.3,0.01,0.18,10.382,,,,
1876,2025-08-01T14:56:12.179,Normal) (G1 Evacuation Pause) 1946M->1687M(4096M,1946.0,1687.0,4096.0,140.212,,1.09,0.01,0.14,10.382,,,,
1877,2025-08-01T14:56:12.494,Concurrent Start) (G1 Evacuation Pause) 2475M->2185M(4096M,2475.0,2185.0,4096.0,106.022,106.022,0.76,0.01,0.1,10.382,,,,
1879,2025-08-01T14:56:12.760,Normal) (G1 Evacuation Pause) 1654M->1360M(4096M,1654.0,1360.0,4096.0,73.233,,0.55,0.01,0.08,10.382,,,,
1880,2025-08-01T14:56:13.019,Prepare Mixed) (G1 Evacuation Pause) 2322M->2326M(4096M,2322.0,2326.0,4096.0,167.681,,1.27,0.02,0.17,10.382,,,,
1881,2025-08-01T14:56:13.342,Mixed) (G1 Evacuation Pause) 2894M->2629M(4096M,2894.0,2629.0,4096.0,142.835,,1.06,0.04,0.15,10.382,,,,
1882,2025-08-01T14:56:13.588,Concurrent Start) (G1 Evacuation Pause) 3103M->3041M(4096M,3103.0,3041.0,4096.0,105.447,105.447,0.72,0.05,0.11,10.382,,,,
1884,2025-08-01T14:56:13.779,Normal) (G1 Evacuation Pause) 3375M->3377M(4096M,3375.0,3377.0,4096.0,63.453,,0.48,0.01,0.06,10.382,,,,
1885,2025-08-01T14:56:13.911,Normal) (G1 Evacuation Pause) 1479M->1483M(4096M,1479.0,1483.0,4096.0,50.293,,0.37,0.01,0.05,10.382,,,,
