[2025-08-01T01:06:35.924+0000] Using G1
[2025-08-01T01:06:35.978+0000] Version: 17.0.15+6-Ubuntu-0ubuntu124.04 (release)
[2025-08-01T01:06:35.978+0000] CPUs: 8 total, 8 available
[2025-08-01T01:06:35.978+0000] Memory: 7940M
[2025-08-01T01:06:35.978+0000] Large Page Support: Disabled
[2025-08-01T01:06:35.978+0000] NUMA Support: Disabled
[2025-08-01T01:06:35.978+0000] Compressed Oops: Enabled (Zero based)
[2025-08-01T01:06:35.978+0000] Heap Region Size: 2M
[2025-08-01T01:06:35.978+0000] Heap Min Capacity: 4G
[2025-08-01T01:06:35.978+0000] Heap Initial Capacity: 4G
[2025-08-01T01:06:35.978+0000] Heap Max Capacity: 4G
[2025-08-01T01:06:35.978+0000] Pre-touch: Disabled
[2025-08-01T01:06:35.978+0000] Parallel Workers: 8
[2025-08-01T01:06:35.978+0000] Concurrent Workers: 2
[2025-08-01T01:06:35.978+0000] Concurrent Refinement Workers: 8
[2025-08-01T01:06:35.978+0000] Periodic GC: Disabled
[2025-08-01T01:06:35.998+0000] CDS archive(s) mapped at: [0x000074acdb000000-0x000074acdbbc7000-0x000074acdbbc7000), size 12349440, SharedBaseAddress: 0x000074acdb000000, ArchiveRelocationMode: 1.
[2025-08-01T01:06:35.998+0000] Compressed class space mapped at: 0x000074acdc000000-0x000074ad1c000000, reserved size: 1073741824
[2025-08-01T01:06:35.998+0000] Narrow klass base: 0x000074acdb000000, Narrow klass shift: 0, Narrow klass range: 0x100000000
[2025-08-01T01:06:37.425+0000] GC(0) Pause Young (Normal) (G1 Evacuation Pause)
[2025-08-01T01:06:37.427+0000] GC(0) Using 8 workers of 8 for evacuation
[2025-08-01T01:06:37.539+0000] GC(0)   Pre Evacuate Collection Set: 0.6ms
[2025-08-01T01:06:37.539+0000] GC(0)   Merge Heap Roots: 0.3ms
[2025-08-01T01:06:37.539+0000] GC(0)   Evacuate Collection Set: 108.7ms
[2025-08-01T01:06:37.539+0000] GC(0)   Post Evacuate Collection Set: 1.3ms
[2025-08-01T01:06:37.539+0000] GC(0)   Other: 2.5ms
[2025-08-01T01:06:37.539+0000] GC(0) Eden regions: 102->0(89)
[2025-08-01T01:06:37.539+0000] GC(0) Survivor regions: 0->13(13)
[2025-08-01T01:06:37.539+0000] GC(0) Old regions: 0->78
[2025-08-01T01:06:37.539+0000] GC(0) Archive regions: 2->2
[2025-08-01T01:06:37.539+0000] GC(0) Humongous regions: 0->0
[2025-08-01T01:06:37.539+0000] GC(0) Metaspace: 10062K(10304K)->10062K(10304K) NonClass: 8836K(8960K)->8836K(8960K) Class: 1226K(1344K)->1226K(1344K)
[2025-08-01T01:06:37.539+0000] GC(0) Pause Young (Normal) (G1 Evacuation Pause) 205M->183M(4096M) 113.780ms
[2025-08-01T01:06:37.539+0000] GC(0) User=0.28s Sys=0.46s Real=0.11s
[2025-08-01T01:06:37.558+0000] GC(1) Pause Young (Normal) (G1 Evacuation Pause)
[2025-08-01T01:06:37.558+0000] GC(1) Using 8 workers of 8 for evacuation
[2025-08-01T01:06:37.611+0000] GC(1)   Pre Evacuate Collection Set: 0.3ms
[2025-08-01T01:06:37.611+0000] GC(1)   Merge Heap Roots: 0.1ms
[2025-08-01T01:06:37.611+0000] GC(1)   Evacuate Collection Set: 52.1ms
[2025-08-01T01:06:37.611+0000] GC(1)   Post Evacuate Collection Set: 1.1ms
[2025-08-01T01:06:37.611+0000] GC(1)   Other: 0.3ms
[2025-08-01T01:06:37.611+0000] GC(1) Eden regions: 89->0(89)
[2025-08-01T01:06:37.612+0000] GC(1) Survivor regions: 13->13(13)
[2025-08-01T01:06:37.612+0000] GC(1) Old regions: 78->168
[2025-08-01T01:06:37.612+0000] GC(1) Archive regions: 2->2
[2025-08-01T01:06:37.612+0000] GC(1) Humongous regions: 0->0
[2025-08-01T01:06:37.612+0000] GC(1) Metaspace: 10066K(10304K)->10066K(10304K) NonClass: 8839K(8960K)->8839K(8960K) Class: 1226K(1344K)->1226K(1344K)
[2025-08-01T01:06:37.612+0000] GC(1) Pause Young (Normal) (G1 Evacuation Pause) 361M->362M(4096M) 53.941ms
[2025-08-01T01:06:37.612+0000] GC(1) User=0.18s Sys=0.24s Real=0.05s
[2025-08-01T01:06:37.674+0000] GC(2) Pause Young (Normal) (G1 Evacuation Pause)
[2025-08-01T01:06:37.674+0000] GC(2) Using 8 workers of 8 for evacuation
[2025-08-01T01:06:37.766+0000] GC(2)   Pre Evacuate Collection Set: 0.8ms
[2025-08-01T01:06:37.766+0000] GC(2)   Merge Heap Roots: 0.1ms
[2025-08-01T01:06:37.766+0000] GC(2)   Evacuate Collection Set: 90.7ms
[2025-08-01T01:06:37.766+0000] GC(2)   Post Evacuate Collection Set: 0.7ms
[2025-08-01T01:06:37.766+0000] GC(2)   Other: 0.2ms
[2025-08-01T01:06:37.766+0000] GC(2) Eden regions: 89->0(89)
[2025-08-01T01:06:37.766+0000] GC(2) Survivor regions: 13->13(13)
[2025-08-01T01:06:37.766+0000] GC(2) Old regions: 168->258
[2025-08-01T01:06:37.766+0000] GC(2) Archive regions: 2->2
[2025-08-01T01:06:37.766+0000] GC(2) Humongous regions: 0->0
[2025-08-01T01:06:37.766+0000] GC(2) Metaspace: 10066K(10304K)->10066K(10304K) NonClass: 8839K(8960K)->8839K(8960K) Class: 1226K(1344K)->1226K(1344K)
[2025-08-01T01:06:37.767+0000] GC(2) Pause Young (Normal) (G1 Evacuation Pause) 540M->542M(4096M) 92.796ms
[2025-08-01T01:06:37.767+0000] GC(2) User=0.29s Sys=0.36s Real=0.09s
[2025-08-01T01:06:37.783+0000] GC(3) Pause Young (Normal) (G1 Evacuation Pause)
[2025-08-01T01:06:37.783+0000] GC(3) Using 8 workers of 8 for evacuation
[2025-08-01T01:06:37.846+0000] GC(3)   Pre Evacuate Collection Set: 0.6ms
[2025-08-01T01:06:37.846+0000] GC(3)   Merge Heap Roots: 0.5ms
[2025-08-01T01:06:37.846+0000] GC(3)   Evacuate Collection Set: 61.4ms
[2025-08-01T01:06:37.846+0000] GC(3)   Post Evacuate Collection Set: 0.7ms
[2025-08-01T01:06:37.846+0000] GC(3)   Other: 0.3ms
[2025-08-01T01:06:37.846+0000] GC(3) Eden regions: 89->0(89)
[2025-08-01T01:06:37.846+0000] GC(3) Survivor regions: 13->13(13)
[2025-08-01T01:06:37.846+0000] GC(3) Old regions: 258->348
[2025-08-01T01:06:37.846+0000] GC(3) Archive regions: 2->2
[2025-08-01T01:06:37.846+0000] GC(3) Humongous regions: 0->0
[2025-08-01T01:06:37.846+0000] GC(3) Metaspace: 10066K(10304K)->10066K(10304K) NonClass: 8839K(8960K)->8839K(8960K) Class: 1226K(1344K)->1226K(1344K)
[2025-08-01T01:06:37.847+0000] GC(3) Pause Young (Normal) (G1 Evacuation Pause) 720M->723M(4096M) 63.572ms
[2025-08-01T01:06:37.847+0000] GC(3) User=0.19s Sys=0.30s Real=0.06s
[2025-08-01T01:06:37.911+0000] GC(4) Pause Young (Normal) (G1 Evacuation Pause)
[2025-08-01T01:06:37.911+0000] GC(4) Using 8 workers of 8 for evacuation
[2025-08-01T01:06:37.998+0000] GC(4)   Pre Evacuate Collection Set: 0.4ms
[2025-08-01T01:06:37.998+0000] GC(4)   Merge Heap Roots: 0.1ms
[2025-08-01T01:06:37.998+0000] GC(4)   Evacuate Collection Set: 86.4ms
[2025-08-01T01:06:37.998+0000] GC(4)   Post Evacuate Collection Set: 0.8ms
[2025-08-01T01:06:37.998+0000] GC(4)   Other: 0.2ms
[2025-08-01T01:06:37.998+0000] GC(4) Eden regions: 89->0(89)
[2025-08-01T01:06:37.998+0000] GC(4) Survivor regions: 13->13(13)
[2025-08-01T01:06:37.998+0000] GC(4) Old regions: 348->439
[2025-08-01T01:06:37.998+0000] GC(4) Archive regions: 2->2
[2025-08-01T01:06:37.998+0000] GC(4) Humongous regions: 0->0
[2025-08-01T01:06:37.998+0000] GC(4) Metaspace: 10066K(10304K)->10066K(10304K) NonClass: 8839K(8960K)->8839K(8960K) Class: 1226K(1344K)->1226K(1344K)
[2025-08-01T01:06:37.999+0000] GC(4) Pause Young (Normal) (G1 Evacuation Pause) 901M->904M(4096M) 87.953ms
[2025-08-01T01:06:37.999+0000] GC(4) User=0.30s Sys=0.39s Real=0.09s
[2025-08-01T01:06:38.014+0000] GC(5) Pause Young (Normal) (G1 Evacuation Pause)
[2025-08-01T01:06:38.014+0000] GC(5) Using 8 workers of 8 for evacuation
[2025-08-01T01:06:38.080+0000] GC(5)   Pre Evacuate Collection Set: 0.3ms
[2025-08-01T01:06:38.080+0000] GC(5)   Merge Heap Roots: 0.2ms
[2025-08-01T01:06:38.080+0000] GC(5)   Evacuate Collection Set: 65.0ms
[2025-08-01T01:06:38.080+0000] GC(5)   Post Evacuate Collection Set: 0.7ms
[2025-08-01T01:06:38.080+0000] GC(5)   Other: 0.2ms
[2025-08-01T01:06:38.080+0000] GC(5) Eden regions: 89->0(89)
[2025-08-01T01:06:38.080+0000] GC(5) Survivor regions: 13->13(13)
[2025-08-01T01:06:38.080+0000] GC(5) Old regions: 439->530
[2025-08-01T01:06:38.080+0000] GC(5) Archive regions: 2->2
[2025-08-01T01:06:38.080+0000] GC(5) Humongous regions: 0->0
[2025-08-01T01:06:38.080+0000] GC(5) Metaspace: 10066K(10304K)->10066K(10304K) NonClass: 8839K(8960K)->8839K(8960K) Class: 1226K(1344K)->1226K(1344K)
[2025-08-01T01:06:38.080+0000] GC(5) Pause Young (Normal) (G1 Evacuation Pause) 1082M->1086M(4096M) 66.519ms
[2025-08-01T01:06:38.081+0000] GC(5) User=0.22s Sys=0.30s Real=0.06s
[2025-08-01T01:06:38.148+0000] GC(6) Pause Young (Normal) (G1 Evacuation Pause)
[2025-08-01T01:06:38.148+0000] GC(6) Using 8 workers of 8 for evacuation
[2025-08-01T01:06:38.254+0000] GC(6)   Pre Evacuate Collection Set: 0.6ms
[2025-08-01T01:06:38.254+0000] GC(6)   Merge Heap Roots: 0.1ms
[2025-08-01T01:06:38.254+0000] GC(6)   Evacuate Collection Set: 104.5ms
[2025-08-01T01:06:38.254+0000] GC(6)   Post Evacuate Collection Set: 1.0ms
[2025-08-01T01:06:38.254+0000] GC(6)   Other: 0.3ms
[2025-08-01T01:06:38.254+0000] GC(6) Eden regions: 89->0(89)
[2025-08-01T01:06:38.254+0000] GC(6) Survivor regions: 13->13(13)
[2025-08-01T01:06:38.254+0000] GC(6) Old regions: 530->621
[2025-08-01T01:06:38.254+0000] GC(6) Archive regions: 2->2
[2025-08-01T01:06:38.254+0000] GC(6) Humongous regions: 0->0
[2025-08-01T01:06:38.254+0000] GC(6) Metaspace: 10066K(10304K)->10066K(10304K) NonClass: 8839K(8960K)->8839K(8960K) Class: 1226K(1344K)->1226K(1344K)
[2025-08-01T01:06:38.254+0000] GC(6) Pause Young (Normal) (G1 Evacuation Pause) 1264M->1268M(4096M) 106.610ms
[2025-08-01T01:06:38.254+0000] GC(6) User=0.37s Sys=0.45s Real=0.11s
[2025-08-01T01:06:38.271+0000] GC(7) Pause Young (Normal) (G1 Evacuation Pause)
[2025-08-01T01:06:38.271+0000] GC(7) Using 8 workers of 8 for evacuation
[2025-08-01T01:06:38.342+0000] GC(7)   Pre Evacuate Collection Set: 0.4ms
[2025-08-01T01:06:38.342+0000] GC(7)   Merge Heap Roots: 0.2ms
[2025-08-01T01:06:38.342+0000] GC(7)   Evacuate Collection Set: 70.3ms
[2025-08-01T01:06:38.342+0000] GC(7)   Post Evacuate Collection Set: 0.5ms
[2025-08-01T01:06:38.342+0000] GC(7)   Other: 0.3ms
[2025-08-01T01:06:38.342+0000] GC(7) Eden regions: 89->0(89)
[2025-08-01T01:06:38.342+0000] GC(7) Survivor regions: 13->13(13)
[2025-08-01T01:06:38.342+0000] GC(7) Old regions: 621->711
[2025-08-01T01:06:38.342+0000] GC(7) Archive regions: 2->2
[2025-08-01T01:06:38.342+0000] GC(7) Humongous regions: 0->0
[2025-08-01T01:06:38.342+0000] GC(7) Metaspace: 10066K(10304K)->10066K(10304K) NonClass: 8839K(8960K)->8839K(8960K) Class: 1226K(1344K)->1226K(1344K)
[2025-08-01T01:06:38.343+0000] GC(7) Pause Young (Normal) (G1 Evacuation Pause) 1446M->1449M(4096M) 71.819ms
[2025-08-01T01:06:38.343+0000] GC(7) User=0.22s Sys=0.32s Real=0.07s
[2025-08-01T01:06:38.410+0000] GC(8) Pause Young (Normal) (G1 Evacuation Pause)
[2025-08-01T01:06:38.410+0000] GC(8) Using 8 workers of 8 for evacuation
[2025-08-01T01:06:38.469+0000] GC(8)   Pre Evacuate Collection Set: 0.5ms
[2025-08-01T01:06:38.469+0000] GC(8)   Merge Heap Roots: 0.2ms
[2025-08-01T01:06:38.469+0000] GC(8)   Evacuate Collection Set: 58.0ms
[2025-08-01T01:06:38.469+0000] GC(8)   Post Evacuate Collection Set: 0.8ms
[2025-08-01T01:06:38.469+0000] GC(8)   Other: 0.2ms
[2025-08-01T01:06:38.469+0000] GC(8) Eden regions: 89->0(89)
[2025-08-01T01:06:38.469+0000] GC(8) Survivor regions: 13->13(13)
[2025-08-01T01:06:38.469+0000] GC(8) Old regions: 711->784
[2025-08-01T01:06:38.469+0000] GC(8) Archive regions: 2->2
[2025-08-01T01:06:38.469+0000] GC(8) Humongous regions: 0->0
[2025-08-01T01:06:38.469+0000] GC(8) Metaspace: 10066K(10304K)->10066K(10304K) NonClass: 8839K(8960K)->8839K(8960K) Class: 1226K(1344K)->1226K(1344K)
[2025-08-01T01:06:38.469+0000] GC(8) Pause Young (Normal) (G1 Evacuation Pause) 1627M->1594M(4096M) 59.797ms
[2025-08-01T01:06:38.469+0000] GC(8) User=0.21s Sys=0.24s Real=0.06s
[2025-08-01T01:06:38.485+0000] GC(9) Pause Young (Normal) (G1 Evacuation Pause)
[2025-08-01T01:06:38.485+0000] GC(9) Using 8 workers of 8 for evacuation
[2025-08-01T01:06:38.551+0000] GC(9)   Pre Evacuate Collection Set: 0.4ms
[2025-08-01T01:06:38.552+0000] GC(9)   Merge Heap Roots: 0.2ms
[2025-08-01T01:06:38.552+0000] GC(9)   Evacuate Collection Set: 64.9ms
[2025-08-01T01:06:38.552+0000] GC(9)   Post Evacuate Collection Set: 0.6ms
[2025-08-01T01:06:38.552+0000] GC(9)   Other: 0.2ms
[2025-08-01T01:06:38.552+0000] GC(9) Eden regions: 89->0(89)
[2025-08-01T01:06:38.552+0000] GC(9) Survivor regions: 13->13(13)
[2025-08-01T01:06:38.552+0000] GC(9) Old regions: 784->875
[2025-08-01T01:06:38.552+0000] GC(9) Archive regions: 2->2
[2025-08-01T01:06:38.552+0000] GC(9) Humongous regions: 0->0
[2025-08-01T01:06:38.552+0000] GC(9) Metaspace: 10066K(10304K)->10066K(10304K) NonClass: 8839K(8960K)->8839K(8960K) Class: 1226K(1344K)->1226K(1344K)
[2025-08-01T01:06:38.552+0000] GC(9) Pause Young (Normal) (G1 Evacuation Pause) 1772M->1776M(4096M) 66.336ms
[2025-08-01T01:06:38.552+0000] GC(9) User=0.21s Sys=0.30s Real=0.06s
[2025-08-01T01:06:38.617+0000] GC(10) Pause Young (Normal) (G1 Evacuation Pause)
[2025-08-01T01:06:38.617+0000] GC(10) Using 8 workers of 8 for evacuation
[2025-08-01T01:06:38.651+0000] GC(10)   Pre Evacuate Collection Set: 0.7ms
[2025-08-01T01:06:38.651+0000] GC(10)   Merge Heap Roots: 0.2ms
[2025-08-01T01:06:38.651+0000] GC(10)   Evacuate Collection Set: 31.7ms
[2025-08-01T01:06:38.651+0000] GC(10)   Post Evacuate Collection Set: 0.9ms
[2025-08-01T01:06:38.651+0000] GC(10)   Other: 0.2ms
[2025-08-01T01:06:38.651+0000] GC(10) Eden regions: 89->0(89)
[2025-08-01T01:06:38.651+0000] GC(10) Survivor regions: 13->13(13)
[2025-08-01T01:06:38.651+0000] GC(10) Old regions: 875->924
[2025-08-01T01:06:38.651+0000] GC(10) Archive regions: 2->2
[2025-08-01T01:06:38.651+0000] GC(10) Humongous regions: 0->0
[2025-08-01T01:06:38.651+0000] GC(10) Metaspace: 10066K(10304K)->10066K(10304K) NonClass: 8839K(8960K)->8839K(8960K) Class: 1226K(1344K)->1226K(1344K)
[2025-08-01T01:06:38.651+0000] GC(10) Pause Young (Normal) (G1 Evacuation Pause) 1954M->1874M(4096M) 33.831ms
[2025-08-01T01:06:38.651+0000] GC(10) User=0.13s Sys=0.13s Real=0.03s
[2025-08-01T01:06:38.667+0000] GC(11) Pause Young (Concurrent Start) (G1 Evacuation Pause)
[2025-08-01T01:06:38.667+0000] GC(11) Using 8 workers of 8 for evacuation
[2025-08-01T01:06:38.727+0000] GC(11)   Pre Evacuate Collection Set: 0.6ms
[2025-08-01T01:06:38.727+0000] GC(11)   Merge Heap Roots: 0.3ms
[2025-08-01T01:06:38.727+0000] GC(11)   Evacuate Collection Set: 58.0ms
[2025-08-01T01:06:38.727+0000] GC(11)   Post Evacuate Collection Set: 0.8ms
[2025-08-01T01:06:38.727+0000] GC(11)   Other: 0.4ms
[2025-08-01T01:06:38.727+0000] GC(11) Eden regions: 89->0(89)
[2025-08-01T01:06:38.727+0000] GC(11) Survivor regions: 13->13(13)
[2025-08-01T01:06:38.727+0000] GC(11) Old regions: 924->1015
[2025-08-01T01:06:38.727+0000] GC(11) Archive regions: 2->2
[2025-08-01T01:06:38.727+0000] GC(11) Humongous regions: 0->0
[2025-08-01T01:06:38.727+0000] GC(11) Metaspace: 10066K(10304K)->10066K(10304K) NonClass: 8839K(8960K)->8839K(8960K) Class: 1226K(1344K)->1226K(1344K)
[2025-08-01T01:06:38.727+0000] GC(11) Pause Young (Concurrent Start) (G1 Evacuation Pause) 2052M->2057M(4096M) 60.268ms
[2025-08-01T01:06:38.727+0000] GC(11) User=0.20s Sys=0.26s Real=0.06s
[2025-08-01T01:06:38.727+0000] GC(12) Concurrent Mark Cycle
[2025-08-01T01:06:38.727+0000] GC(12) Concurrent Clear Claimed Marks
[2025-08-01T01:06:38.727+0000] GC(12) Concurrent Clear Claimed Marks 0.026ms
[2025-08-01T01:06:38.727+0000] GC(12) Concurrent Scan Root Regions
[2025-08-01T01:06:38.751+0000] GC(12) Concurrent Scan Root Regions 24.252ms
[2025-08-01T01:06:38.751+0000] GC(12) Concurrent Mark
[2025-08-01T01:06:38.751+0000] GC(12) Concurrent Mark From Roots
[2025-08-01T01:06:38.752+0000] GC(12) Using 2 workers of 2 for marking
[2025-08-01T01:06:38.793+0000] GC(13) Pause Young (Normal) (G1 Evacuation Pause)
[2025-08-01T01:06:38.793+0000] GC(13) Using 8 workers of 8 for evacuation
[2025-08-01T01:06:38.892+0000] GC(13)   Pre Evacuate Collection Set: 0.7ms
[2025-08-01T01:06:38.892+0000] GC(13)   Merge Heap Roots: 0.2ms
[2025-08-01T01:06:38.892+0000] GC(13)   Evacuate Collection Set: 97.1ms
[2025-08-01T01:06:38.892+0000] GC(13)   Post Evacuate Collection Set: 0.6ms
[2025-08-01T01:06:38.892+0000] GC(13)   Other: 0.2ms
[2025-08-01T01:06:38.892+0000] GC(13) Eden regions: 89->0(89)
[2025-08-01T01:06:38.892+0000] GC(13) Survivor regions: 13->13(13)
[2025-08-01T01:06:38.892+0000] GC(13) Old regions: 1015->1106
[2025-08-01T01:06:38.892+0000] GC(13) Archive regions: 2->2
[2025-08-01T01:06:38.892+0000] GC(13) Humongous regions: 0->0
[2025-08-01T01:06:38.892+0000] GC(13) Metaspace: 10066K(10304K)->10066K(10304K) NonClass: 8839K(8960K)->8839K(8960K) Class: 1226K(1344K)->1226K(1344K)
[2025-08-01T01:06:38.892+0000] GC(13) Pause Young (Normal) (G1 Evacuation Pause) 2235M->2239M(4096M) 98.840ms
[2025-08-01T01:06:38.892+0000] GC(13) User=0.32s Sys=0.44s Real=0.09s
[2025-08-01T01:06:38.910+0000] GC(14) Pause Young (Normal) (G1 Evacuation Pause)
[2025-08-01T01:06:38.911+0000] GC(14) Using 8 workers of 8 for evacuation
[2025-08-01T01:06:38.989+0000] GC(14)   Pre Evacuate Collection Set: 0.4ms
[2025-08-01T01:06:38.989+0000] GC(14)   Merge Heap Roots: 0.2ms
[2025-08-01T01:06:38.989+0000] GC(14)   Evacuate Collection Set: 76.8ms
[2025-08-01T01:06:38.989+0000] GC(14)   Post Evacuate Collection Set: 0.7ms
[2025-08-01T01:06:38.989+0000] GC(14)   Other: 0.2ms
[2025-08-01T01:06:38.989+0000] GC(14) Eden regions: 89->0(89)
[2025-08-01T01:06:38.989+0000] GC(14) Survivor regions: 13->13(13)
[2025-08-01T01:06:38.989+0000] GC(14) Old regions: 1106->1197
[2025-08-01T01:06:38.989+0000] GC(14) Archive regions: 2->2
[2025-08-01T01:06:38.989+0000] GC(14) Humongous regions: 0->0
[2025-08-01T01:06:38.989+0000] GC(14) Metaspace: 10066K(10304K)->10066K(10304K) NonClass: 8839K(8960K)->8839K(8960K) Class: 1226K(1344K)->1226K(1344K)
[2025-08-01T01:06:38.989+0000] GC(14) Pause Young (Normal) (G1 Evacuation Pause) 2417M->2421M(4096M) 78.406ms
[2025-08-01T01:06:38.989+0000] GC(14) User=0.23s Sys=0.38s Real=0.08s
[2025-08-01T01:06:39.001+0000] GC(12) Concurrent Mark From Roots 249.750ms
[2025-08-01T01:06:39.001+0000] GC(12) Concurrent Preclean
[2025-08-01T01:06:39.002+0000] GC(12) Concurrent Preclean 0.435ms
[2025-08-01T01:06:39.003+0000] GC(12) Pause Remark
[2025-08-01T01:06:39.007+0000] GC(12) Pause Remark 2553M->907M(4096M) 3.970ms
[2025-08-01T01:06:39.007+0000] GC(12) User=0.01s Sys=0.01s Real=0.01s
[2025-08-01T01:06:39.007+0000] GC(12) Concurrent Mark 255.522ms
[2025-08-01T01:06:39.007+0000] GC(12) Concurrent Rebuild Remembered Sets
[2025-08-01T01:06:39.051+0000] GC(15) Pause Young (Normal) (G1 Evacuation Pause)
[2025-08-01T01:06:39.051+0000] GC(15) Using 8 workers of 8 for evacuation
[2025-08-01T01:06:39.084+0000] GC(15)   Pre Evacuate Collection Set: 0.5ms
[2025-08-01T01:06:39.084+0000] GC(15)   Merge Heap Roots: 0.2ms
[2025-08-01T01:06:39.084+0000] GC(15)   Evacuate Collection Set: 31.0ms
[2025-08-01T01:06:39.084+0000] GC(15)   Post Evacuate Collection Set: 0.7ms
[2025-08-01T01:06:39.084+0000] GC(15)   Other: 0.2ms
[2025-08-01T01:06:39.084+0000] GC(15) Eden regions: 89->0(175)
[2025-08-01T01:06:39.084+0000] GC(15) Survivor regions: 13->13(13)
[2025-08-01T01:06:39.084+0000] GC(15) Old regions: 374->465
[2025-08-01T01:06:39.084+0000] GC(15) Archive regions: 2->2
[2025-08-01T01:06:39.084+0000] GC(15) Humongous regions: 0->0
[2025-08-01T01:06:39.084+0000] GC(15) Metaspace: 10066K(10304K)->10066K(10304K) NonClass: 8839K(8960K)->8839K(8960K) Class: 1226K(1344K)->1226K(1344K)
[2025-08-01T01:06:39.084+0000] GC(15) Pause Young (Normal) (G1 Evacuation Pause) 953M->956M(4096M) 32.749ms
[2025-08-01T01:06:39.084+0000] GC(15) User=0.24s Sys=0.00s Real=0.04s
[2025-08-01T01:06:39.128+0000] GC(12) Concurrent Rebuild Remembered Sets 121.063ms
[2025-08-01T01:06:39.129+0000] GC(12) Pause Cleanup
[2025-08-01T01:06:39.131+0000] GC(12) Pause Cleanup 1208M->1208M(4096M) 1.786ms
[2025-08-01T01:06:39.131+0000] GC(12) User=0.00s Sys=0.00s Real=0.00s
[2025-08-01T01:06:39.131+0000] GC(12) Concurrent Cleanup for Next Mark
[2025-08-01T01:06:39.185+0000] GC(12) Concurrent Cleanup for Next Mark 53.817ms
[2025-08-01T01:06:39.185+0000] GC(12) Concurrent Mark Cycle 458.045ms
[2025-08-01T01:06:39.199+0000] GC(16) Pause Young (Prepare Mixed) (G1 Evacuation Pause)
[2025-08-01T01:06:39.199+0000] GC(16) Using 8 workers of 8 for evacuation
[2025-08-01T01:06:39.260+0000] GC(16)   Pre Evacuate Collection Set: 0.9ms
[2025-08-01T01:06:39.260+0000] GC(16)   Merge Heap Roots: 0.2ms
[2025-08-01T01:06:39.260+0000] GC(16)   Evacuate Collection Set: 58.6ms
[2025-08-01T01:06:39.260+0000] GC(16)   Post Evacuate Collection Set: 1.2ms
[2025-08-01T01:06:39.260+0000] GC(16)   Other: 0.2ms
[2025-08-01T01:06:39.260+0000] GC(16) Eden regions: 175->0(78)
[2025-08-01T01:06:39.260+0000] GC(16) Survivor regions: 13->24(24)
[2025-08-01T01:06:39.260+0000] GC(16) Old regions: 465->629
[2025-08-01T01:06:39.260+0000] GC(16) Archive regions: 2->2
[2025-08-01T01:06:39.260+0000] GC(16) Humongous regions: 0->0
[2025-08-01T01:06:39.260+0000] GC(16) Metaspace: 10066K(10304K)->10066K(10304K) NonClass: 8839K(8960K)->8839K(8960K) Class: 1226K(1344K)->1226K(1344K)
[2025-08-01T01:06:39.260+0000] GC(16) Pause Young (Prepare Mixed) (G1 Evacuation Pause) 1306M->1307M(4096M) 61.279ms
[2025-08-01T01:06:39.260+0000] GC(16) User=0.40s Sys=0.07s Real=0.06s
[2025-08-01T01:06:39.276+0000] GC(17) Pause Young (Mixed) (G1 Evacuation Pause)
[2025-08-01T01:06:39.276+0000] GC(17) Using 8 workers of 8 for evacuation
[2025-08-01T01:06:39.309+0000] GC(17)   Pre Evacuate Collection Set: 0.5ms
[2025-08-01T01:06:39.309+0000] GC(17)   Merge Heap Roots: 0.2ms
[2025-08-01T01:06:39.309+0000] GC(17)   Evacuate Collection Set: 31.8ms
[2025-08-01T01:06:39.309+0000] GC(17)   Post Evacuate Collection Set: 1.1ms
[2025-08-01T01:06:39.310+0000] GC(17)   Other: 0.3ms
[2025-08-01T01:06:39.310+0000] GC(17) Eden regions: 78->0(133)
[2025-08-01T01:06:39.310+0000] GC(17) Survivor regions: 24->13(13)
[2025-08-01T01:06:39.310+0000] GC(17) Old regions: 629->713
[2025-08-01T01:06:39.310+0000] GC(17) Archive regions: 2->2
[2025-08-01T01:06:39.310+0000] GC(17) Humongous regions: 0->0
[2025-08-01T01:06:39.310+0000] GC(17) Metaspace: 10066K(10304K)->10066K(10304K) NonClass: 8839K(8960K)->8839K(8960K) Class: 1226K(1344K)->1226K(1344K)
[2025-08-01T01:06:39.310+0000] GC(17) Pause Young (Mixed) (G1 Evacuation Pause) 1463M->1452M(4096M) 34.010ms
[2025-08-01T01:06:39.310+0000] GC(17) User=0.25s Sys=0.01s Real=0.03s
[2025-08-01T01:06:39.380+0000] GC(18) Pause Young (Normal) (G1 Evacuation Pause)
[2025-08-01T01:06:39.380+0000] GC(18) Using 8 workers of 8 for evacuation
[2025-08-01T01:06:39.420+0000] GC(18)   Pre Evacuate Collection Set: 0.8ms
[2025-08-01T01:06:39.420+0000] GC(18)   Merge Heap Roots: 0.2ms
[2025-08-01T01:06:39.420+0000] GC(18)   Evacuate Collection Set: 37.5ms
[2025-08-01T01:06:39.420+0000] GC(18)   Post Evacuate Collection Set: 1.2ms
[2025-08-01T01:06:39.420+0000] GC(18)   Other: 0.2ms
[2025-08-01T01:06:39.420+0000] GC(18) Eden regions: 133->0(156)
[2025-08-01T01:06:39.420+0000] GC(18) Survivor regions: 13->19(19)
[2025-08-01T01:06:39.420+0000] GC(18) Old regions: 713->811
[2025-08-01T01:06:39.420+0000] GC(18) Archive regions: 2->2
[2025-08-01T01:06:39.420+0000] GC(18) Humongous regions: 0->0
[2025-08-01T01:06:39.420+0000] GC(18) Metaspace: 10066K(10304K)->10066K(10304K) NonClass: 8839K(8960K)->8839K(8960K) Class: 1226K(1344K)->1226K(1344K)
[2025-08-01T01:06:39.420+0000] GC(18) Pause Young (Normal) (G1 Evacuation Pause) 1718M->1661M(4096M) 40.043ms
[2025-08-01T01:06:39.420+0000] GC(18) User=0.26s Sys=0.03s Real=0.04s
[2025-08-01T01:06:39.494+0000] GC(19) Pause Young (Normal) (G1 Evacuation Pause)
[2025-08-01T01:06:39.494+0000] GC(19) Using 8 workers of 8 for evacuation
[2025-08-01T01:06:39.525+0000] GC(19)   Pre Evacuate Collection Set: 1.6ms
[2025-08-01T01:06:39.525+0000] GC(19)   Merge Heap Roots: 1.2ms
[2025-08-01T01:06:39.525+0000] GC(19)   Evacuate Collection Set: 27.2ms
[2025-08-01T01:06:39.525+0000] GC(19)   Post Evacuate Collection Set: 1.0ms
[2025-08-01T01:06:39.525+0000] GC(19)   Other: 0.2ms
[2025-08-01T01:06:39.525+0000] GC(19) Eden regions: 156->0(189)
[2025-08-01T01:06:39.525+0000] GC(19) Survivor regions: 19->22(22)
[2025-08-01T01:06:39.525+0000] GC(19) Old regions: 811->847
[2025-08-01T01:06:39.525+0000] GC(19) Archive regions: 2->2
[2025-08-01T01:06:39.525+0000] GC(19) Humongous regions: 0->0
[2025-08-01T01:06:39.525+0000] GC(19) Metaspace: 10066K(10304K)->10066K(10304K) NonClass: 8839K(8960K)->8839K(8960K) Class: 1226K(1344K)->1226K(1344K)
[2025-08-01T01:06:39.525+0000] GC(19) Pause Young (Normal) (G1 Evacuation Pause) 1973M->1739M(4096M) 31.374ms
[2025-08-01T01:06:39.525+0000] GC(19) User=0.18s Sys=0.04s Real=0.03s
[2025-08-01T01:06:39.611+0000] GC(20) Pause Young (Normal) (G1 Evacuation Pause)
[2025-08-01T01:06:39.611+0000] GC(20) Using 8 workers of 8 for evacuation
[2025-08-01T01:06:39.703+0000] GC(20)   Pre Evacuate Collection Set: 0.3ms
[2025-08-01T01:06:39.703+0000] GC(20)   Merge Heap Roots: 0.1ms
[2025-08-01T01:06:39.703+0000] GC(20)   Evacuate Collection Set: 90.4ms
[2025-08-01T01:06:39.703+0000] GC(20)   Post Evacuate Collection Set: 1.1ms
[2025-08-01T01:06:39.703+0000] GC(20)   Other: 0.2ms
[2025-08-01T01:06:39.703+0000] GC(20) Eden regions: 189->0(200)
[2025-08-01T01:06:39.703+0000] GC(20) Survivor regions: 22->27(27)
[2025-08-01T01:06:39.703+0000] GC(20) Old regions: 847->1032
[2025-08-01T01:06:39.703+0000] GC(20) Archive regions: 2->2
[2025-08-01T01:06:39.703+0000] GC(20) Humongous regions: 0->0
[2025-08-01T01:06:39.703+0000] GC(20) Metaspace: 10066K(10304K)->10066K(10304K) NonClass: 8839K(8960K)->8839K(8960K) Class: 1226K(1344K)->1226K(1344K)
[2025-08-01T01:06:39.703+0000] GC(20) Pause Young (Normal) (G1 Evacuation Pause) 2117M->2118M(4096M) 92.294ms
[2025-08-01T01:06:39.703+0000] GC(20) User=0.50s Sys=0.21s Real=0.10s
[2025-08-01T01:06:39.786+0000] GC(21) Pause Young (Concurrent Start) (G1 Evacuation Pause)
[2025-08-01T01:06:39.786+0000] GC(21) Using 8 workers of 8 for evacuation
[2025-08-01T01:06:39.916+0000] GC(21)   Pre Evacuate Collection Set: 0.6ms
[2025-08-01T01:06:39.916+0000] GC(21)   Merge Heap Roots: 0.2ms
[2025-08-01T01:06:39.916+0000] GC(21)   Evacuate Collection Set: 128.1ms
[2025-08-01T01:06:39.916+0000] GC(21)   Post Evacuate Collection Set: 0.7ms
[2025-08-01T01:06:39.916+0000] GC(21)   Other: 0.4ms
[2025-08-01T01:06:39.916+0000] GC(21) Eden regions: 200->0(161)
[2025-08-01T01:06:39.916+0000] GC(21) Survivor regions: 27->29(29)
[2025-08-01T01:06:39.916+0000] GC(21) Old regions: 1032->1232
[2025-08-01T01:06:39.916+0000] GC(21) Archive regions: 2->2
[2025-08-01T01:06:39.916+0000] GC(21) Humongous regions: 0->0
[2025-08-01T01:06:39.916+0000] GC(21) Metaspace: 10066K(10304K)->10066K(10304K) NonClass: 8839K(8960K)->8839K(8960K) Class: 1226K(1344K)->1226K(1344K)
[2025-08-01T01:06:39.916+0000] GC(21) Pause Young (Concurrent Start) (G1 Evacuation Pause) 2518M->2522M(4096M) 129.962ms
[2025-08-01T01:06:39.916+0000] GC(21) User=0.63s Sys=0.37s Real=0.13s
[2025-08-01T01:06:39.916+0000] GC(22) Concurrent Mark Cycle
[2025-08-01T01:06:39.916+0000] GC(22) Concurrent Clear Claimed Marks
[2025-08-01T01:06:39.916+0000] GC(22) Concurrent Clear Claimed Marks 0.017ms
[2025-08-01T01:06:39.916+0000] GC(22) Concurrent Scan Root Regions
[2025-08-01T01:06:39.972+0000] GC(22) Concurrent Scan Root Regions 55.730ms
[2025-08-01T01:06:39.972+0000] GC(22) Concurrent Mark
[2025-08-01T01:06:39.972+0000] GC(22) Concurrent Mark From Roots
[2025-08-01T01:06:39.972+0000] GC(22) Using 2 workers of 2 for marking
[2025-08-01T01:06:39.981+0000] GC(23) Pause Young (Normal) (G1 Evacuation Pause)
[2025-08-01T01:06:39.981+0000] GC(23) Using 8 workers of 8 for evacuation
[2025-08-01T01:06:40.135+0000] GC(23)   Pre Evacuate Collection Set: 0.7ms
[2025-08-01T01:06:40.135+0000] GC(23)   Merge Heap Roots: 0.2ms
[2025-08-01T01:06:40.135+0000] GC(23)   Evacuate Collection Set: 152.1ms
[2025-08-01T01:06:40.135+0000] GC(23)   Post Evacuate Collection Set: 0.9ms
[2025-08-01T01:06:40.135+0000] GC(23)   Other: 0.2ms
[2025-08-01T01:06:40.135+0000] GC(23) Eden regions: 161->0(130)
[2025-08-01T01:06:40.135+0000] GC(23) Survivor regions: 29->24(24)
[2025-08-01T01:06:40.135+0000] GC(23) Old regions: 1232->1399
[2025-08-01T01:06:40.135+0000] GC(23) Archive regions: 2->2
[2025-08-01T01:06:40.135+0000] GC(23) Humongous regions: 0->0
[2025-08-01T01:06:40.135+0000] GC(23) Metaspace: 10066K(10304K)->10066K(10304K) NonClass: 8839K(8960K)->8839K(8960K) Class: 1226K(1344K)->1226K(1344K)
[2025-08-01T01:06:40.135+0000] GC(23) Pause Young (Normal) (G1 Evacuation Pause) 2844M->2847M(4096M) 154.343ms
[2025-08-01T01:06:40.135+0000] GC(23) User=0.43s Sys=0.78s Real=0.16s
[2025-08-01T01:06:40.161+0000] GC(24) Pause Young (Normal) (G1 Evacuation Pause)
[2025-08-01T01:06:40.162+0000] GC(24) Using 8 workers of 8 for evacuation
[2025-08-01T01:06:40.260+0000] GC(24)   Pre Evacuate Collection Set: 0.4ms
[2025-08-01T01:06:40.260+0000] GC(24)   Merge Heap Roots: 0.2ms
[2025-08-01T01:06:40.260+0000] GC(24)   Evacuate Collection Set: 97.2ms
[2025-08-01T01:06:40.260+0000] GC(24)   Post Evacuate Collection Set: 0.9ms
[2025-08-01T01:06:40.260+0000] GC(24)   Other: 0.2ms
[2025-08-01T01:06:40.260+0000] GC(24) Eden regions: 130->0(89)
[2025-08-01T01:06:40.260+0000] GC(24) Survivor regions: 24->20(20)
[2025-08-01T01:06:40.260+0000] GC(24) Old regions: 1399->1534
[2025-08-01T01:06:40.260+0000] GC(24) Archive regions: 2->2
[2025-08-01T01:06:40.260+0000] GC(24) Humongous regions: 0->0
[2025-08-01T01:06:40.260+0000] GC(24) Metaspace: 10066K(10304K)->10066K(10304K) NonClass: 8839K(8960K)->8839K(8960K) Class: 1226K(1344K)->1226K(1344K)
[2025-08-01T01:06:40.261+0000] GC(24) Pause Young (Normal) (G1 Evacuation Pause) 3107M->3109M(4096M) 99.058ms
[2025-08-01T01:06:40.261+0000] GC(24) User=0.24s Sys=0.54s Real=0.10s
[2025-08-01T01:06:40.303+0000] GC(22) Concurrent Mark From Roots 331.099ms
[2025-08-01T01:06:40.303+0000] GC(22) Concurrent Preclean
[2025-08-01T01:06:40.304+0000] GC(22) Concurrent Preclean 0.302ms
[2025-08-01T01:06:40.304+0000] GC(22) Pause Remark
[2025-08-01T01:06:40.308+0000] GC(22) Pause Remark 3256M->1724M(4096M) 3.849ms
[2025-08-01T01:06:40.308+0000] GC(22) User=0.01s Sys=0.00s Real=0.00s
[2025-08-01T01:06:40.308+0000] GC(22) Concurrent Mark 335.755ms
[2025-08-01T01:06:40.308+0000] GC(22) Concurrent Rebuild Remembered Sets
[2025-08-01T01:06:40.322+0000] GC(25) Pause Young (Normal) (G1 Evacuation Pause)
[2025-08-01T01:06:40.322+0000] GC(25) Using 8 workers of 8 for evacuation
[2025-08-01T01:06:40.344+0000] GC(25)   Pre Evacuate Collection Set: 0.4ms
[2025-08-01T01:06:40.344+0000] GC(25)   Merge Heap Roots: 0.1ms
[2025-08-01T01:06:40.344+0000] GC(25)   Evacuate Collection Set: 19.9ms
[2025-08-01T01:06:40.344+0000] GC(25)   Post Evacuate Collection Set: 1.3ms
[2025-08-01T01:06:40.344+0000] GC(25)   Other: 0.2ms
[2025-08-01T01:06:40.344+0000] GC(25) Eden regions: 89->0(269)
[2025-08-01T01:06:40.344+0000] GC(25) Survivor regions: 20->14(14)
[2025-08-01T01:06:40.344+0000] GC(25) Old regions: 768->798
[2025-08-01T01:06:40.344+0000] GC(25) Archive regions: 2->2
[2025-08-01T01:06:40.344+0000] GC(25) Humongous regions: 0->0
[2025-08-01T01:06:40.344+0000] GC(25) Metaspace: 10066K(10304K)->10066K(10304K) NonClass: 8839K(8960K)->8839K(8960K) Class: 1226K(1344K)->1226K(1344K)
[2025-08-01T01:06:40.344+0000] GC(25) Pause Young (Normal) (G1 Evacuation Pause) 1755M->1624M(4096M) 22.142ms
[2025-08-01T01:06:40.344+0000] GC(25) User=0.11s Sys=0.02s Real=0.03s
[2025-08-01T01:06:40.489+0000] GC(26) Pause Young (Normal) (G1 Evacuation Pause)
[2025-08-01T01:06:40.489+0000] GC(26) Using 8 workers of 8 for evacuation
[2025-08-01T01:06:40.570+0000] GC(26)   Pre Evacuate Collection Set: 0.7ms
[2025-08-01T01:06:40.570+0000] GC(26)   Merge Heap Roots: 0.2ms
[2025-08-01T01:06:40.570+0000] GC(26)   Evacuate Collection Set: 79.7ms
[2025-08-01T01:06:40.570+0000] GC(26)   Post Evacuate Collection Set: 0.7ms
[2025-08-01T01:06:40.570+0000] GC(26)   Other: 0.4ms
[2025-08-01T01:06:40.570+0000] GC(26) Eden regions: 269->0(274)
[2025-08-01T01:06:40.570+0000] GC(26) Survivor regions: 14->36(36)
[2025-08-01T01:06:40.570+0000] GC(26) Old regions: 798->959
[2025-08-01T01:06:40.570+0000] GC(26) Archive regions: 2->2
[2025-08-01T01:06:40.570+0000] GC(26) Humongous regions: 0->0
[2025-08-01T01:06:40.571+0000] GC(26) Metaspace: 10066K(10304K)->10066K(10304K) NonClass: 8839K(8960K)->8839K(8960K) Class: 1226K(1344K)->1226K(1344K)
[2025-08-01T01:06:40.571+0000] GC(26) Pause Young (Normal) (G1 Evacuation Pause) 2162M->1990M(4096M) 81.811ms
[2025-08-01T01:06:40.571+0000] GC(26) User=0.42s Sys=0.17s Real=0.08s
[2025-08-01T01:06:40.639+0000] GC(22) Concurrent Rebuild Remembered Sets 331.077ms
[2025-08-01T01:06:40.640+0000] GC(22) Pause Cleanup
[2025-08-01T01:06:40.640+0000] GC(22) Pause Cleanup 2240M->2240M(4096M) 0.673ms
[2025-08-01T01:06:40.640+0000] GC(22) User=0.00s Sys=0.00s Real=0.00s
[2025-08-01T01:06:40.640+0000] GC(22) Concurrent Cleanup for Next Mark
[2025-08-01T01:06:40.721+0000] GC(27) Pause Young (Prepare Mixed) (G1 Evacuation Pause)
[2025-08-01T01:06:40.721+0000] GC(27) Using 8 workers of 8 for evacuation
[2025-08-01T01:06:40.834+0000] GC(27)   Pre Evacuate Collection Set: 0.4ms
[2025-08-01T01:06:40.834+0000] GC(27)   Merge Heap Roots: 0.3ms
[2025-08-01T01:06:40.834+0000] GC(27)   Evacuate Collection Set: 110.7ms
[2025-08-01T01:06:40.834+0000] GC(27)   Post Evacuate Collection Set: 1.0ms
[2025-08-01T01:06:40.834+0000] GC(27)   Other: 0.2ms
[2025-08-01T01:06:40.834+0000] GC(27) Eden regions: 274->0(63)
[2025-08-01T01:06:40.834+0000] GC(27) Survivor regions: 36->39(39)
[2025-08-01T01:06:40.834+0000] GC(27) Old regions: 959->1231
[2025-08-01T01:06:40.834+0000] GC(27) Archive regions: 2->2
[2025-08-01T01:06:40.834+0000] GC(27) Humongous regions: 0->0
[2025-08-01T01:06:40.834+0000] GC(27) Metaspace: 10066K(10304K)->10066K(10304K) NonClass: 8839K(8960K)->8839K(8960K) Class: 1226K(1344K)->1226K(1344K)
[2025-08-01T01:06:40.834+0000] GC(27) Pause Young (Prepare Mixed) (G1 Evacuation Pause) 2538M->2540M(4096M) 112.884ms
[2025-08-01T01:06:40.834+0000] GC(27) User=0.74s Sys=0.14s Real=0.12s
[2025-08-01T01:06:40.849+0000] GC(28) Pause Young (Mixed) (G1 Evacuation Pause)
[2025-08-01T01:06:40.849+0000] GC(28) Using 8 workers of 8 for evacuation
[2025-08-01T01:06:40.883+0000] GC(28)   Pre Evacuate Collection Set: 0.5ms
[2025-08-01T01:06:40.883+0000] GC(28)   Merge Heap Roots: 0.2ms
[2025-08-01T01:06:40.883+0000] GC(28)   Evacuate Collection Set: 31.8ms
[2025-08-01T01:06:40.883+0000] GC(28)   Post Evacuate Collection Set: 1.0ms
[2025-08-01T01:06:40.883+0000] GC(28)   Other: 0.2ms
[2025-08-01T01:06:40.883+0000] GC(28) Eden regions: 63->0(160)
[2025-08-01T01:06:40.883+0000] GC(28) Survivor regions: 39->13(13)
[2025-08-01T01:06:40.883+0000] GC(28) Old regions: 1231->1316
[2025-08-01T01:06:40.883+0000] GC(28) Archive regions: 2->2
[2025-08-01T01:06:40.883+0000] GC(28) Humongous regions: 0->0
[2025-08-01T01:06:40.883+0000] GC(28) Metaspace: 10066K(10304K)->10066K(10304K) NonClass: 8839K(8960K)->8839K(8960K) Class: 1226K(1344K)->1226K(1344K)
[2025-08-01T01:06:40.883+0000] GC(28) Pause Young (Mixed) (G1 Evacuation Pause) 2666M->2658M(4096M) 33.841ms
[2025-08-01T01:06:40.883+0000] GC(28) User=0.24s Sys=0.01s Real=0.04s
[2025-08-01T01:06:40.970+0000] GC(29) Pause Young (Normal) (G1 Evacuation Pause)
[2025-08-01T01:06:40.970+0000] GC(29) Using 8 workers of 8 for evacuation
[2025-08-01T01:06:41.049+0000] GC(29)   Pre Evacuate Collection Set: 0.5ms
[2025-08-01T01:06:41.049+0000] GC(29)   Merge Heap Roots: 0.4ms
[2025-08-01T01:06:41.049+0000] GC(29)   Evacuate Collection Set: 76.7ms
[2025-08-01T01:06:41.049+0000] GC(29)   Post Evacuate Collection Set: 1.0ms
[2025-08-01T01:06:41.049+0000] GC(29)   Other: 0.2ms
[2025-08-01T01:06:41.049+0000] GC(29) Eden regions: 160->0(108)
[2025-08-01T01:06:41.049+0000] GC(29) Survivor regions: 13->22(22)
[2025-08-01T01:06:41.049+0000] GC(29) Old regions: 1316->1469
[2025-08-01T01:06:41.049+0000] GC(29) Archive regions: 2->2
[2025-08-01T01:06:41.049+0000] GC(29) Humongous regions: 0->0
[2025-08-01T01:06:41.049+0000] GC(29) Metaspace: 10066K(10304K)->10066K(10304K) NonClass: 8839K(8960K)->8839K(8960K) Class: 1226K(1344K)->1226K(1344K)
[2025-08-01T01:06:41.049+0000] GC(29) Pause Young (Normal) (G1 Evacuation Pause) 2978M->2982M(4096M) 78.994ms
[2025-08-01T01:06:41.049+0000] GC(29) User=0.49s Sys=0.11s Real=0.08s
[2025-08-01T01:06:41.080+0000] GC(30) Pause Young (Normal) (G1 Evacuation Pause)
[2025-08-01T01:06:41.080+0000] GC(30) Using 8 workers of 8 for evacuation
[2025-08-01T01:06:41.108+0000] GC(30)   Pre Evacuate Collection Set: 1.0ms
[2025-08-01T01:06:41.108+0000] GC(30)   Merge Heap Roots: 0.2ms
[2025-08-01T01:06:41.108+0000] GC(30)   Evacuate Collection Set: 25.3ms
[2025-08-01T01:06:41.108+0000] GC(30)   Post Evacuate Collection Set: 0.9ms
[2025-08-01T01:06:41.108+0000] GC(30)   Other: 0.2ms
[2025-08-01T01:06:41.108+0000] GC(30) Eden regions: 108->0(96)
[2025-08-01T01:06:41.108+0000] GC(30) Survivor regions: 22->17(17)
[2025-08-01T01:06:41.108+0000] GC(30) Old regions: 1469->1525
[2025-08-01T01:06:41.108+0000] GC(30) Archive regions: 2->2
[2025-08-01T01:06:41.108+0000] GC(30) Humongous regions: 0->0
[2025-08-01T01:06:41.108+0000] GC(30) Metaspace: 10066K(10304K)->10066K(10304K) NonClass: 8839K(8960K)->8839K(8960K) Class: 1226K(1344K)->1226K(1344K)
[2025-08-01T01:06:41.108+0000] GC(30) Pause Young (Normal) (G1 Evacuation Pause) 3198M->3084M(4096M) 27.740ms
[2025-08-01T01:06:41.108+0000] GC(30) User=0.18s Sys=0.02s Real=0.03s
[2025-08-01T01:06:41.146+0000] GC(31) Pause Young (Normal) (G1 Evacuation Pause)
[2025-08-01T01:06:41.146+0000] GC(31) Using 8 workers of 8 for evacuation
[2025-08-01T01:06:41.234+0000] GC(31)   Pre Evacuate Collection Set: 0.6ms
[2025-08-01T01:06:41.234+0000] GC(31)   Merge Heap Roots: 0.2ms
[2025-08-01T01:06:41.234+0000] GC(31)   Evacuate Collection Set: 86.8ms
[2025-08-01T01:06:41.234+0000] GC(31)   Post Evacuate Collection Set: 1.0ms
[2025-08-01T01:06:41.234+0000] GC(31)   Other: 0.2ms
[2025-08-01T01:06:41.234+0000] GC(31) Eden regions: 96->0(87)
[2025-08-01T01:06:41.234+0000] GC(31) Survivor regions: 17->15(15)
[2025-08-01T01:06:41.234+0000] GC(31) Old regions: 1525->1624
[2025-08-01T01:06:41.234+0000] GC(31) Archive regions: 2->2
[2025-08-01T01:06:41.234+0000] GC(31) Humongous regions: 0->0
[2025-08-01T01:06:41.234+0000] GC(31) Metaspace: 10066K(10304K)->10066K(10304K) NonClass: 8839K(8960K)->8839K(8960K) Class: 1226K(1344K)->1226K(1344K)
[2025-08-01T01:06:41.234+0000] GC(31) Pause Young (Normal) (G1 Evacuation Pause) 3276M->3279M(4096M) 88.931ms
[2025-08-01T01:06:41.234+0000] GC(31) User=0.29s Sys=0.40s Real=0.09s
[2025-08-01T01:06:41.262+0000] GC(32) Pause Young (Normal) (G1 Evacuation Pause)
[2025-08-01T01:06:41.262+0000] GC(32) Using 8 workers of 8 for evacuation
[2025-08-01T01:06:41.314+0000] GC(32)   Pre Evacuate Collection Set: 0.4ms
[2025-08-01T01:06:41.314+0000] GC(32)   Merge Heap Roots: 0.2ms
[2025-08-01T01:06:41.314+0000] GC(32)   Evacuate Collection Set: 51.0ms
[2025-08-01T01:06:41.314+0000] GC(32)   Post Evacuate Collection Set: 0.7ms
[2025-08-01T01:06:41.314+0000] GC(32)   Other: 0.2ms
[2025-08-01T01:06:41.315+0000] GC(32) Eden regions: 87->0(89)
[2025-08-01T01:06:41.315+0000] GC(32) Survivor regions: 15->13(13)
[2025-08-01T01:06:41.315+0000] GC(32) Old regions: 1624->1690
[2025-08-01T01:06:41.315+0000] GC(32) Archive regions: 2->2
[2025-08-01T01:06:41.315+0000] GC(32) Humongous regions: 0->0
[2025-08-01T01:06:41.315+0000] GC(32) Metaspace: 10066K(10304K)->10066K(10304K) NonClass: 8839K(8960K)->8839K(8960K) Class: 1226K(1344K)->1226K(1344K)
[2025-08-01T01:06:41.315+0000] GC(32) Pause Young (Normal) (G1 Evacuation Pause) 3453M->3407M(4096M) 52.692ms
[2025-08-01T01:06:41.315+0000] GC(32) User=0.13s Sys=0.27s Real=0.06s
[2025-08-01T01:06:41.336+0000] GC(33) Pause Young (Normal) (G1 Evacuation Pause)
[2025-08-01T01:06:41.336+0000] GC(33) Using 8 workers of 8 for evacuation
[2025-08-01T01:06:41.366+0000] GC(33)   Pre Evacuate Collection Set: 0.3ms
[2025-08-01T01:06:41.366+0000] GC(33)   Merge Heap Roots: 0.1ms
[2025-08-01T01:06:41.366+0000] GC(33)   Evacuate Collection Set: 28.7ms
[2025-08-01T01:06:41.366+0000] GC(33)   Post Evacuate Collection Set: 0.8ms
[2025-08-01T01:06:41.366+0000] GC(33)   Other: 0.1ms
[2025-08-01T01:06:41.366+0000] GC(33) Eden regions: 89->0(89)
[2025-08-01T01:06:41.366+0000] GC(33) Survivor regions: 13->13(13)
[2025-08-01T01:06:41.366+0000] GC(33) Old regions: 1690->1758
[2025-08-01T01:06:41.366+0000] GC(33) Archive regions: 2->2
[2025-08-01T01:06:41.366+0000] GC(33) Humongous regions: 0->0
[2025-08-01T01:06:41.366+0000] GC(33) Metaspace: 10066K(10304K)->10066K(10304K) NonClass: 8839K(8960K)->8839K(8960K) Class: 1226K(1344K)->1226K(1344K)
[2025-08-01T01:06:41.366+0000] GC(33) Pause Young (Normal) (G1 Evacuation Pause) 3585M->3543M(4096M) 30.207ms
[2025-08-01T01:06:41.366+0000] GC(33) User=0.19s Sys=0.05s Real=0.03s
[2025-08-01T01:06:41.402+0000] GC(34) Pause Young (Normal) (G1 Evacuation Pause)
[2025-08-01T01:06:41.402+0000] GC(34) Using 8 workers of 8 for evacuation
[2025-08-01T01:06:41.437+0000] GC(34)   Pre Evacuate Collection Set: 0.8ms
[2025-08-01T01:06:41.437+0000] GC(34)   Merge Heap Roots: 0.2ms
[2025-08-01T01:06:41.437+0000] GC(34)   Evacuate Collection Set: 32.7ms
[2025-08-01T01:06:41.437+0000] GC(34)   Post Evacuate Collection Set: 0.7ms
[2025-08-01T01:06:41.437+0000] GC(34)   Other: 0.2ms
[2025-08-01T01:06:41.437+0000] GC(34) Eden regions: 89->0(89)
[2025-08-01T01:06:41.437+0000] GC(34) Survivor regions: 13->13(13)
[2025-08-01T01:06:41.437+0000] GC(34) Old regions: 1758->1849
[2025-08-01T01:06:41.437+0000] GC(34) Archive regions: 2->2
[2025-08-01T01:06:41.437+0000] GC(34) Humongous regions: 0->0
[2025-08-01T01:06:41.437+0000] GC(34) Metaspace: 10066K(10304K)->10066K(10304K) NonClass: 8839K(8960K)->8839K(8960K) Class: 1226K(1344K)->1226K(1344K)
[2025-08-01T01:06:41.437+0000] GC(34) Pause Young (Normal) (G1 Evacuation Pause) 3721M->3724M(4096M) 34.761ms
[2025-08-01T01:06:41.437+0000] GC(34) User=0.22s Sys=0.02s Real=0.04s
[2025-08-01T01:06:41.456+0000] GC(35) Pause Young (Normal) (G1 Preventive Collection)
[2025-08-01T01:06:41.456+0000] GC(35) Using 8 workers of 8 for evacuation
[2025-08-01T01:06:41.484+0000] GC(35)   Pre Evacuate Collection Set: 0.4ms
[2025-08-01T01:06:41.485+0000] GC(35)   Merge Heap Roots: 0.2ms
[2025-08-01T01:06:41.485+0000] GC(35)   Evacuate Collection Set: 26.9ms
[2025-08-01T01:06:41.485+0000] GC(35)   Post Evacuate Collection Set: 0.8ms
[2025-08-01T01:06:41.485+0000] GC(35)   Other: 0.2ms
[2025-08-01T01:06:41.485+0000] GC(35) Eden regions: 82->0(89)
[2025-08-01T01:06:41.485+0000] GC(35) Survivor regions: 13->13(13)
[2025-08-01T01:06:41.485+0000] GC(35) Old regions: 1849->1932
[2025-08-01T01:06:41.485+0000] GC(35) Archive regions: 2->2
[2025-08-01T01:06:41.485+0000] GC(35) Humongous regions: 0->0
[2025-08-01T01:06:41.485+0000] GC(35) Metaspace: 10066K(10304K)->10066K(10304K) NonClass: 8839K(8960K)->8839K(8960K) Class: 1226K(1344K)->1226K(1344K)
[2025-08-01T01:06:41.485+0000] GC(35) Pause Young (Normal) (G1 Preventive Collection) 3888M->3890M(4096M) 28.605ms
[2025-08-01T01:06:41.485+0000] GC(35) User=0.20s Sys=0.00s Real=0.03s
[2025-08-01T01:06:41.496+0000] GC(36) Pause Young (Normal) (G1 Preventive Collection)
[2025-08-01T01:06:41.496+0000] GC(36) Using 8 workers of 8 for evacuation
[2025-08-01T01:06:41.516+0000] GC(36)   Pre Evacuate Collection Set: 0.5ms
[2025-08-01T01:06:41.516+0000] GC(36)   Merge Heap Roots: 0.2ms
[2025-08-01T01:06:41.516+0000] GC(36)   Evacuate Collection Set: 18.1ms
[2025-08-01T01:06:41.516+0000] GC(36)   Post Evacuate Collection Set: 0.6ms
[2025-08-01T01:06:41.516+0000] GC(36)   Other: 0.2ms
[2025-08-01T01:06:41.516+0000] GC(36) Eden regions: 41->0(89)
[2025-08-01T01:06:41.516+0000] GC(36) Survivor regions: 13->13(13)
[2025-08-01T01:06:41.516+0000] GC(36) Old regions: 1932->1975
[2025-08-01T01:06:41.516+0000] GC(36) Archive regions: 2->2
[2025-08-01T01:06:41.516+0000] GC(36) Humongous regions: 0->0
[2025-08-01T01:06:41.516+0000] GC(36) Metaspace: 10066K(10304K)->10066K(10304K) NonClass: 8839K(8960K)->8839K(8960K) Class: 1226K(1344K)->1226K(1344K)
[2025-08-01T01:06:41.516+0000] GC(36) Pause Young (Normal) (G1 Preventive Collection) 3972M->3976M(4096M) 19.809ms
[2025-08-01T01:06:41.516+0000] GC(36) User=0.14s Sys=0.01s Real=0.02s
[2025-08-01T01:06:41.521+0000] GC(37) Pause Young (Normal) (G1 Preventive Collection)
[2025-08-01T01:06:41.521+0000] GC(37) Using 8 workers of 8 for evacuation
[2025-08-01T01:06:41.532+0000] GC(37)   Pre Evacuate Collection Set: 0.4ms
[2025-08-01T01:06:41.533+0000] GC(37)   Merge Heap Roots: 0.2ms
[2025-08-01T01:06:41.533+0000] GC(37)   Evacuate Collection Set: 9.8ms
[2025-08-01T01:06:41.533+0000] GC(37)   Post Evacuate Collection Set: 0.8ms
[2025-08-01T01:06:41.533+0000] GC(37)   Other: 0.2ms
[2025-08-01T01:06:41.533+0000] GC(37) Eden regions: 20->0(89)
[2025-08-01T01:06:41.533+0000] GC(37) Survivor regions: 13->13(13)
[2025-08-01T01:06:41.533+0000] GC(37) Old regions: 1975->1997
[2025-08-01T01:06:41.533+0000] GC(37) Archive regions: 2->2
[2025-08-01T01:06:41.533+0000] GC(37) Humongous regions: 0->0
[2025-08-01T01:06:41.533+0000] GC(37) Metaspace: 10066K(10304K)->10066K(10304K) NonClass: 8839K(8960K)->8839K(8960K) Class: 1226K(1344K)->1226K(1344K)
[2025-08-01T01:06:41.533+0000] GC(37) Pause Young (Normal) (G1 Preventive Collection) 4016M->4020M(4096M) 11.447ms
[2025-08-01T01:06:41.533+0000] GC(37) User=0.07s Sys=0.00s Real=0.01s
[2025-08-01T01:06:41.535+0000] GC(38) Pause Young (Normal) (G1 Preventive Collection)
[2025-08-01T01:06:41.535+0000] GC(38) Using 8 workers of 8 for evacuation
[2025-08-01T01:06:41.546+0000] GC(38) To-space exhausted
[2025-08-01T01:06:41.546+0000] GC(38)   Pre Evacuate Collection Set: 0.5ms
[2025-08-01T01:06:41.546+0000] GC(38)   Merge Heap Roots: 0.1ms
[2025-08-01T01:06:41.546+0000] GC(38)   Evacuate Collection Set: 8.4ms
[2025-08-01T01:06:41.546+0000] GC(38)   Post Evacuate Collection Set: 1.7ms
[2025-08-01T01:06:41.546+0000] GC(38)   Other: 0.2ms
[2025-08-01T01:06:41.546+0000] GC(38) Eden regions: 10->0(90)
[2025-08-01T01:06:41.546+0000] GC(38) Survivor regions: 13->12(13)
[2025-08-01T01:06:41.546+0000] GC(38) Old regions: 1997->2017
[2025-08-01T01:06:41.546+0000] GC(38) Archive regions: 2->2
[2025-08-01T01:06:41.546+0000] GC(38) Humongous regions: 0->0
[2025-08-01T01:06:41.546+0000] GC(38) Metaspace: 10066K(10304K)->10066K(10304K) NonClass: 8839K(8960K)->8839K(8960K) Class: 1226K(1344K)->1226K(1344K)
[2025-08-01T01:06:41.546+0000] GC(38) Pause Young (Normal) (G1 Preventive Collection) 4040M->4058M(4096M) 11.065ms
[2025-08-01T01:06:41.546+0000] GC(38) User=0.06s Sys=0.01s Real=0.01s
[2025-08-01T01:06:41.547+0000] GC(39) Pause Young (Normal) (G1 Preventive Collection)
[2025-08-01T01:06:41.547+0000] GC(39) Using 8 workers of 8 for evacuation
[2025-08-01T01:06:41.553+0000] GC(39)   Pre Evacuate Collection Set: 0.4ms
[2025-08-01T01:06:41.553+0000] GC(39)   Merge Heap Roots: 0.2ms
[2025-08-01T01:06:41.553+0000] GC(39)   Evacuate Collection Set: 4.6ms
[2025-08-01T01:06:41.553+0000] GC(39)   Post Evacuate Collection Set: 0.5ms
[2025-08-01T01:06:41.553+0000] GC(39)   Other: 0.1ms
[2025-08-01T01:06:41.553+0000] GC(39) Eden regions: 2->0(99)
[2025-08-01T01:06:41.553+0000] GC(39) Survivor regions: 12->3(13)
[2025-08-01T01:06:41.553+0000] GC(39) Old regions: 2017->2029
[2025-08-01T01:06:41.553+0000] GC(39) Archive regions: 2->2
[2025-08-01T01:06:41.553+0000] GC(39) Humongous regions: 0->0
[2025-08-01T01:06:41.553+0000] GC(39) Metaspace: 10066K(10304K)->10066K(10304K) NonClass: 8839K(8960K)->8839K(8960K) Class: 1226K(1344K)->1226K(1344K)
[2025-08-01T01:06:41.553+0000] GC(39) Pause Young (Normal) (G1 Preventive Collection) 4062M->4065M(4096M) 5.960ms
[2025-08-01T01:06:41.553+0000] GC(39) User=0.03s Sys=0.01s Real=0.01s
[2025-08-01T01:06:41.554+0000] GC(40) Pause Young (Normal) (G1 Preventive Collection)
[2025-08-01T01:06:41.554+0000] GC(40) Using 8 workers of 8 for evacuation
[2025-08-01T01:06:41.557+0000] GC(40)   Pre Evacuate Collection Set: 0.3ms
[2025-08-01T01:06:41.557+0000] GC(40)   Merge Heap Roots: 0.1ms
[2025-08-01T01:06:41.557+0000] GC(40)   Evacuate Collection Set: 2.1ms
[2025-08-01T01:06:41.557+0000] GC(40)   Post Evacuate Collection Set: 0.3ms
[2025-08-01T01:06:41.557+0000] GC(40)   Other: 0.1ms
[2025-08-01T01:06:41.557+0000] GC(40) Eden regions: 5->0(95)
[2025-08-01T01:06:41.557+0000] GC(40) Survivor regions: 3->7(9)
[2025-08-01T01:06:41.557+0000] GC(40) Old regions: 2029->2029
[2025-08-01T01:06:41.557+0000] GC(40) Archive regions: 2->2
[2025-08-01T01:06:41.557+0000] GC(40) Humongous regions: 0->0
[2025-08-01T01:06:41.558+0000] GC(40) Metaspace: 10066K(10304K)->10066K(10304K) NonClass: 8839K(8960K)->8839K(8960K) Class: 1226K(1344K)->1226K(1344K)
[2025-08-01T01:06:41.558+0000] GC(40) Pause Young (Normal) (G1 Preventive Collection) 4075M->4072M(4096M) 3.153ms
[2025-08-01T01:06:41.558+0000] GC(40) User=0.01s Sys=0.00s Real=0.00s
[2025-08-01T01:06:41.558+0000] GC(41) Pause Young (Normal) (G1 Preventive Collection)
[2025-08-01T01:06:41.558+0000] GC(41) Using 8 workers of 8 for evacuation
[2025-08-01T01:06:41.562+0000] GC(41)   Pre Evacuate Collection Set: 0.2ms
[2025-08-01T01:06:41.562+0000] GC(41)   Merge Heap Roots: 0.1ms
[2025-08-01T01:06:41.562+0000] GC(41)   Evacuate Collection Set: 2.4ms
[2025-08-01T01:06:41.562+0000] GC(41)   Post Evacuate Collection Set: 0.4ms
[2025-08-01T01:06:41.562+0000] GC(41)   Other: 0.1ms
[2025-08-01T01:06:41.562+0000] GC(41) Eden regions: 1->0(94)
[2025-08-01T01:06:41.562+0000] GC(41) Survivor regions: 7->8(9)
[2025-08-01T01:06:41.562+0000] GC(41) Old regions: 2029->2029
[2025-08-01T01:06:41.562+0000] GC(41) Archive regions: 2->2
[2025-08-01T01:06:41.562+0000] GC(41) Humongous regions: 0->0
[2025-08-01T01:06:41.562+0000] GC(41) Metaspace: 10066K(10304K)->10066K(10304K) NonClass: 8839K(8960K)->8839K(8960K) Class: 1226K(1344K)->1226K(1344K)
[2025-08-01T01:06:41.562+0000] GC(41) Pause Young (Normal) (G1 Preventive Collection) 4074M->4075M(4096M) 3.303ms
[2025-08-01T01:06:41.562+0000] GC(41) User=0.01s Sys=0.00s Real=0.00s
[2025-08-01T01:06:41.562+0000] GC(42) Pause Young (Normal) (G1 Preventive Collection)
[2025-08-01T01:06:41.563+0000] GC(42) Using 8 workers of 8 for evacuation
[2025-08-01T01:06:41.566+0000] GC(42) To-space exhausted
[2025-08-01T01:06:41.566+0000] GC(42)   Pre Evacuate Collection Set: 0.3ms
[2025-08-01T01:06:41.566+0000] GC(42)   Merge Heap Roots: 0.1ms
[2025-08-01T01:06:41.566+0000] GC(42)   Evacuate Collection Set: 2.2ms
[2025-08-01T01:06:41.566+0000] GC(42)   Post Evacuate Collection Set: 0.7ms
[2025-08-01T01:06:41.566+0000] GC(42)   Other: 0.1ms
[2025-08-01T01:06:41.566+0000] GC(42) Eden regions: 1->0(96)
[2025-08-01T01:06:41.566+0000] GC(42) Survivor regions: 8->6(8)
[2025-08-01T01:06:41.566+0000] GC(42) Old regions: 2029->2034
[2025-08-01T01:06:41.566+0000] GC(42) Archive regions: 2->2
[2025-08-01T01:06:41.566+0000] GC(42) Humongous regions: 0->0
[2025-08-01T01:06:41.566+0000] GC(42) Metaspace: 10066K(10304K)->10066K(10304K) NonClass: 8839K(8960K)->8839K(8960K) Class: 1226K(1344K)->1226K(1344K)
[2025-08-01T01:06:41.566+0000] GC(42) Pause Young (Normal) (G1 Preventive Collection) 4077M->4081M(4096M) 3.561ms
[2025-08-01T01:06:41.566+0000] GC(42) User=0.02s Sys=0.00s Real=0.01s
[2025-08-01T01:06:41.567+0000] GC(43) Pause Young (Normal) (G1 Preventive Collection)
[2025-08-01T01:06:41.567+0000] GC(43) Using 8 workers of 8 for evacuation
[2025-08-01T01:06:41.570+0000] GC(43) To-space exhausted
[2025-08-01T01:06:41.570+0000] GC(43)   Pre Evacuate Collection Set: 0.3ms
[2025-08-01T01:06:41.570+0000] GC(43)   Merge Heap Roots: 0.1ms
[2025-08-01T01:06:41.570+0000] GC(43)   Evacuate Collection Set: 1.8ms
[2025-08-01T01:06:41.570+0000] GC(43)   Post Evacuate Collection Set: 1.0ms
[2025-08-01T01:06:41.570+0000] GC(43)   Other: 0.2ms
[2025-08-01T01:06:41.570+0000] GC(43) Eden regions: 1->0(97)
[2025-08-01T01:06:41.570+0000] GC(43) Survivor regions: 6->5(5)
[2025-08-01T01:06:41.570+0000] GC(43) Old regions: 2034->2038
[2025-08-01T01:06:41.570+0000] GC(43) Archive regions: 2->2
[2025-08-01T01:06:41.570+0000] GC(43) Humongous regions: 0->0
[2025-08-01T01:06:41.570+0000] GC(43) Metaspace: 10066K(10304K)->10066K(10304K) NonClass: 8839K(8960K)->8839K(8960K) Class: 1226K(1344K)->1226K(1344K)
[2025-08-01T01:06:41.570+0000] GC(43) Pause Young (Normal) (G1 Preventive Collection) 4083M->4087M(4096M) 3.528ms
[2025-08-01T01:06:41.570+0000] GC(43) User=0.01s Sys=0.00s Real=0.00s
[2025-08-01T01:06:41.571+0000] GC(44) Pause Young (Normal) (G1 Preventive Collection)
[2025-08-01T01:06:41.572+0000] GC(44) Using 8 workers of 8 for evacuation
[2025-08-01T01:06:41.574+0000] GC(44) To-space exhausted
[2025-08-01T01:06:41.574+0000] GC(44)   Pre Evacuate Collection Set: 0.3ms
[2025-08-01T01:06:41.574+0000] GC(44)   Merge Heap Roots: 0.1ms
[2025-08-01T01:06:41.574+0000] GC(44)   Evacuate Collection Set: 1.3ms
[2025-08-01T01:06:41.574+0000] GC(44)   Post Evacuate Collection Set: 0.9ms
[2025-08-01T01:06:41.574+0000] GC(44)   Other: 0.1ms
[2025-08-01T01:06:41.574+0000] GC(44) Eden regions: 1->0(100)
[2025-08-01T01:06:41.574+0000] GC(44) Survivor regions: 5->2(2)
[2025-08-01T01:06:41.574+0000] GC(44) Old regions: 2038->2044
[2025-08-01T01:06:41.574+0000] GC(44) Archive regions: 2->2
[2025-08-01T01:06:41.574+0000] GC(44) Humongous regions: 0->0
[2025-08-01T01:06:41.574+0000] GC(44) Metaspace: 10066K(10304K)->10066K(10304K) NonClass: 8839K(8960K)->8839K(8960K) Class: 1226K(1344K)->1226K(1344K)
[2025-08-01T01:06:41.574+0000] GC(44) Pause Young (Normal) (G1 Preventive Collection) 4089M->4093M(4096M) 2.839ms
[2025-08-01T01:06:41.574+0000] GC(44) User=0.01s Sys=0.00s Real=0.01s
[2025-08-01T01:06:41.574+0000] Attempting full compaction
[2025-08-01T01:06:41.574+0000] GC(45) Pause Full (G1 Compaction Pause)
[2025-08-01T01:06:41.574+0000] GC(45) Using 8 workers of 8 for full compaction
[2025-08-01T01:06:41.625+0000] GC(45) Phase 1: Mark live objects
[2025-08-01T01:06:41.654+0000] GC(45) Phase 1: Mark live objects 29.308ms
[2025-08-01T01:06:41.654+0000] GC(45) Phase 2: Prepare for compaction
[2025-08-01T01:06:41.666+0000] GC(45) Phase 2: Prepare for compaction 11.822ms
[2025-08-01T01:06:41.666+0000] GC(45) Phase 3: Adjust pointers
[2025-08-01T01:06:41.697+0000] GC(45) Phase 3: Adjust pointers 31.516ms
[2025-08-01T01:06:41.697+0000] GC(45) Phase 4: Compact heap
[2025-08-01T01:06:41.723+0000] GC(45) Phase 4: Compact heap 25.351ms
[2025-08-01T01:06:41.730+0000] GC(45) Eden regions: 0->0(454)
[2025-08-01T01:06:41.730+0000] GC(45) Survivor regions: 2->0(2)
[2025-08-01T01:06:41.730+0000] GC(45) Old regions: 2044->424
[2025-08-01T01:06:41.730+0000] GC(45) Archive regions: 2->2
[2025-08-01T01:06:41.730+0000] GC(45) Humongous regions: 0->0
[2025-08-01T01:06:41.730+0000] GC(45) Metaspace: 10066K(10304K)->10061K(10304K) NonClass: 8839K(8960K)->8835K(8960K) Class: 1226K(1344K)->1225K(1344K)
[2025-08-01T01:06:41.731+0000] GC(45) Pause Full (G1 Compaction Pause) 4093M->839M(4096M) 156.124ms
[2025-08-01T01:06:41.731+0000] GC(45) User=0.78s Sys=0.38s Real=0.15s
[2025-08-01T01:06:41.731+0000] GC(22) Concurrent Cleanup for Next Mark 1090.439ms
[2025-08-01T01:06:41.731+0000] GC(22) Concurrent Mark Abort
[2025-08-01T01:06:41.731+0000] GC(22) Concurrent Mark Cycle 1814.487ms
[2025-08-01T01:06:41.908+0000] GC(46) Pause Young (Normal) (G1 Evacuation Pause)
[2025-08-01T01:06:41.908+0000] GC(46) Using 8 workers of 8 for evacuation
[2025-08-01T01:06:42.098+0000] GC(46)   Pre Evacuate Collection Set: 1.1ms
[2025-08-01T01:06:42.098+0000] GC(46)   Merge Heap Roots: 0.3ms
[2025-08-01T01:06:42.098+0000] GC(46)   Evacuate Collection Set: 186.4ms
[2025-08-01T01:06:42.098+0000] GC(46)   Post Evacuate Collection Set: 1.5ms
[2025-08-01T01:06:42.098+0000] GC(46)   Other: 0.4ms
[2025-08-01T01:06:42.098+0000] GC(46) Eden regions: 454->0(402)
[2025-08-01T01:06:42.098+0000] GC(46) Survivor regions: 0->57(57)
[2025-08-01T01:06:42.098+0000] GC(46) Old regions: 424->651
[2025-08-01T01:06:42.098+0000] GC(46) Archive regions: 2->2
[2025-08-01T01:06:42.098+0000] GC(46) Humongous regions: 0->0
[2025-08-01T01:06:42.098+0000] GC(46) Metaspace: 10061K(10304K)->10061K(10304K) NonClass: 8835K(8960K)->8835K(8960K) Class: 1225K(1344K)->1225K(1344K)
[2025-08-01T01:06:42.098+0000] GC(46) Pause Young (Normal) (G1 Evacuation Pause) 1747M->1406M(4096M) 189.866ms
[2025-08-01T01:06:42.098+0000] GC(46) User=0.91s Sys=0.28s Real=0.19s
[2025-08-01T01:06:42.261+0000] GC(47) Pause Young (Normal) (G1 Evacuation Pause)
[2025-08-01T01:06:42.261+0000] GC(47) Using 8 workers of 8 for evacuation
[2025-08-01T01:06:42.415+0000] GC(47)   Pre Evacuate Collection Set: 0.6ms
[2025-08-01T01:06:42.415+0000] GC(47)   Merge Heap Roots: 0.4ms
[2025-08-01T01:06:42.415+0000] GC(47)   Evacuate Collection Set: 151.3ms
[2025-08-01T01:06:42.415+0000] GC(47)   Post Evacuate Collection Set: 1.3ms
[2025-08-01T01:06:42.415+0000] GC(47)   Other: 0.2ms
[2025-08-01T01:06:42.415+0000] GC(47) Eden regions: 402->0(273)
[2025-08-01T01:06:42.415+0000] GC(47) Survivor regions: 57->58(58)
[2025-08-01T01:06:42.415+0000] GC(47) Old regions: 651->940
[2025-08-01T01:06:42.415+0000] GC(47) Archive regions: 2->2
[2025-08-01T01:06:42.415+0000] GC(47) Humongous regions: 0->0
[2025-08-01T01:06:42.415+0000] GC(47) Metaspace: 10061K(10304K)->10061K(10304K) NonClass: 8835K(8960K)->8835K(8960K) Class: 1225K(1344K)->1225K(1344K)
[2025-08-01T01:06:42.415+0000] GC(47) Pause Young (Normal) (G1 Evacuation Pause) 2210M->1986M(4096M) 153.977ms
[2025-08-01T01:06:42.415+0000] GC(47) User=1.04s Sys=0.13s Real=0.16s
[2025-08-01T01:06:42.545+0000] GC(48) Pause Young (Concurrent Start) (G1 Evacuation Pause)
[2025-08-01T01:06:42.545+0000] GC(48) Using 8 workers of 8 for evacuation
[2025-08-01T01:06:42.647+0000] GC(48)   Pre Evacuate Collection Set: 0.6ms
[2025-08-01T01:06:42.647+0000] GC(48)   Merge Heap Roots: 0.2ms
[2025-08-01T01:06:42.647+0000] GC(48)   Evacuate Collection Set: 99.7ms
[2025-08-01T01:06:42.647+0000] GC(48)   Post Evacuate Collection Set: 1.0ms
[2025-08-01T01:06:42.647+0000] GC(48)   Other: 0.2ms
[2025-08-01T01:06:42.647+0000] GC(48) Eden regions: 273->0(178)
[2025-08-01T01:06:42.647+0000] GC(48) Survivor regions: 58->42(42)
[2025-08-01T01:06:42.647+0000] GC(48) Old regions: 940->1230
[2025-08-01T01:06:42.647+0000] GC(48) Archive regions: 2->2
[2025-08-01T01:06:42.647+0000] GC(48) Humongous regions: 0->0
[2025-08-01T01:06:42.647+0000] GC(48) Metaspace: 10061K(10304K)->10061K(10304K) NonClass: 8835K(8960K)->8835K(8960K) Class: 1225K(1344K)->1225K(1344K)
[2025-08-01T01:06:42.647+0000] GC(48) Pause Young (Concurrent Start) (G1 Evacuation Pause) 2532M->2534M(4096M) 101.925ms
[2025-08-01T01:06:42.647+0000] GC(48) User=0.79s Sys=0.00s Real=0.10s
[2025-08-01T01:06:42.647+0000] GC(49) Concurrent Mark Cycle
[2025-08-01T01:06:42.647+0000] GC(49) Concurrent Clear Claimed Marks
[2025-08-01T01:06:42.647+0000] GC(49) Concurrent Clear Claimed Marks 0.022ms
[2025-08-01T01:06:42.647+0000] GC(49) Concurrent Scan Root Regions
[2025-08-01T01:06:42.718+0000] GC(49) Concurrent Scan Root Regions 70.632ms
[2025-08-01T01:06:42.718+0000] GC(49) Concurrent Mark
[2025-08-01T01:06:42.718+0000] GC(49) Concurrent Mark From Roots
[2025-08-01T01:06:42.718+0000] GC(49) Using 2 workers of 2 for marking
[2025-08-01T01:06:42.727+0000] GC(50) Pause Young (Normal) (G1 Evacuation Pause)
[2025-08-01T01:06:42.727+0000] GC(50) Using 8 workers of 8 for evacuation
[2025-08-01T01:06:42.751+0000] GC(50)   Pre Evacuate Collection Set: 0.6ms
[2025-08-01T01:06:42.751+0000] GC(50)   Merge Heap Roots: 0.2ms
[2025-08-01T01:06:42.751+0000] GC(50)   Evacuate Collection Set: 21.3ms
[2025-08-01T01:06:42.751+0000] GC(50)   Post Evacuate Collection Set: 1.1ms
[2025-08-01T01:06:42.751+0000] GC(50)   Other: 0.2ms
[2025-08-01T01:06:42.751+0000] GC(50) Eden regions: 178->0(185)
[2025-08-01T01:06:42.751+0000] GC(50) Survivor regions: 42->28(28)
[2025-08-01T01:06:42.751+0000] GC(50) Old regions: 1230->1263
[2025-08-01T01:06:42.751+0000] GC(50) Archive regions: 2->2
[2025-08-01T01:06:42.751+0000] GC(50) Humongous regions: 0->0
[2025-08-01T01:06:42.751+0000] GC(50) Metaspace: 10061K(10304K)->10061K(10304K) NonClass: 8835K(8960K)->8835K(8960K) Class: 1225K(1344K)->1225K(1344K)
[2025-08-01T01:06:42.751+0000] GC(50) Pause Young (Normal) (G1 Evacuation Pause) 2890M->2572M(4096M) 23.574ms
[2025-08-01T01:06:42.751+0000] GC(50) User=0.17s Sys=0.00s Real=0.02s
[2025-08-01T01:06:42.832+0000] GC(51) Pause Young (Normal) (G1 Evacuation Pause)
[2025-08-01T01:06:42.832+0000] GC(51) Using 8 workers of 8 for evacuation
[2025-08-01T01:06:42.899+0000] GC(51)   Pre Evacuate Collection Set: 0.4ms
[2025-08-01T01:06:42.899+0000] GC(51)   Merge Heap Roots: 0.2ms
[2025-08-01T01:06:42.899+0000] GC(51)   Evacuate Collection Set: 65.5ms
[2025-08-01T01:06:42.899+0000] GC(51)   Post Evacuate Collection Set: 0.8ms
[2025-08-01T01:06:42.899+0000] GC(51)   Other: 0.2ms
[2025-08-01T01:06:42.899+0000] GC(51) Eden regions: 185->0(115)
[2025-08-01T01:06:42.899+0000] GC(51) Survivor regions: 28->27(27)
[2025-08-01T01:06:42.899+0000] GC(51) Old regions: 1263->1450
[2025-08-01T01:06:42.899+0000] GC(51) Archive regions: 2->2
[2025-08-01T01:06:42.899+0000] GC(51) Humongous regions: 0->0
[2025-08-01T01:06:42.899+0000] GC(51) Metaspace: 10061K(10304K)->10061K(10304K) NonClass: 8835K(8960K)->8835K(8960K) Class: 1225K(1344K)->1225K(1344K)
[2025-08-01T01:06:42.899+0000] GC(51) Pause Young (Normal) (G1 Evacuation Pause) 2942M->2945M(4096M) 67.213ms
[2025-08-01T01:06:42.899+0000] GC(51) User=0.51s Sys=0.01s Real=0.07s
[2025-08-01T01:06:42.921+0000] GC(52) Pause Young (Normal) (G1 Evacuation Pause)
[2025-08-01T01:06:42.922+0000] GC(52) Using 8 workers of 8 for evacuation
[2025-08-01T01:06:42.962+0000] GC(52)   Pre Evacuate Collection Set: 0.7ms
[2025-08-01T01:06:42.962+0000] GC(52)   Merge Heap Roots: 0.2ms
[2025-08-01T01:06:42.962+0000] GC(52)   Evacuate Collection Set: 38.8ms
[2025-08-01T01:06:42.962+0000] GC(52)   Post Evacuate Collection Set: 0.9ms
[2025-08-01T01:06:42.962+0000] GC(52)   Other: 0.2ms
[2025-08-01T01:06:42.962+0000] GC(52) Eden regions: 115->0(84)
[2025-08-01T01:06:42.962+0000] GC(52) Survivor regions: 27->18(18)
[2025-08-01T01:06:42.962+0000] GC(52) Old regions: 1450->1576
[2025-08-01T01:06:42.962+0000] GC(52) Archive regions: 2->2
[2025-08-01T01:06:42.962+0000] GC(52) Humongous regions: 0->0
[2025-08-01T01:06:42.962+0000] GC(52) Metaspace: 10061K(10304K)->10061K(10304K) NonClass: 8835K(8960K)->8835K(8960K) Class: 1225K(1344K)->1225K(1344K)
[2025-08-01T01:06:42.962+0000] GC(52) Pause Young (Normal) (G1 Evacuation Pause) 3175M->3179M(4096M) 40.983ms
[2025-08-01T01:06:42.962+0000] GC(52) User=0.31s Sys=0.00s Real=0.04s
[2025-08-01T01:06:42.975+0000] GC(49) Concurrent Mark From Roots 256.362ms
[2025-08-01T01:06:42.975+0000] GC(49) Concurrent Preclean
[2025-08-01T01:06:42.975+0000] GC(49) Concurrent Preclean 0.433ms
[2025-08-01T01:06:42.975+0000] GC(49) Pause Remark
[2025-08-01T01:06:42.978+0000] GC(49) Pause Remark 3295M->2348M(4096M) 3.189ms
[2025-08-01T01:06:42.978+0000] GC(49) User=0.01s Sys=0.00s Real=0.00s
[2025-08-01T01:06:42.978+0000] GC(49) Concurrent Mark 260.341ms
[2025-08-01T01:06:42.979+0000] GC(49) Concurrent Rebuild Remembered Sets
[2025-08-01T01:06:43.025+0000] GC(53) Pause Young (Normal) (G1 Evacuation Pause)
[2025-08-01T01:06:43.025+0000] GC(53) Using 8 workers of 8 for evacuation
[2025-08-01T01:06:43.058+0000] GC(53)   Pre Evacuate Collection Set: 0.6ms
[2025-08-01T01:06:43.058+0000] GC(53)   Merge Heap Roots: 0.7ms
[2025-08-01T01:06:43.058+0000] GC(53)   Evacuate Collection Set: 31.3ms
[2025-08-01T01:06:43.058+0000] GC(53)   Post Evacuate Collection Set: 0.7ms
[2025-08-01T01:06:43.058+0000] GC(53)   Other: 0.5ms
[2025-08-01T01:06:43.058+0000] GC(53) Eden regions: 84->0(209)
[2025-08-01T01:06:43.058+0000] GC(53) Survivor regions: 18->13(13)
[2025-08-01T01:06:43.058+0000] GC(53) Old regions: 1098->1173
[2025-08-01T01:06:43.058+0000] GC(53) Archive regions: 2->2
[2025-08-01T01:06:43.058+0000] GC(53) Humongous regions: 0->0
[2025-08-01T01:06:43.058+0000] GC(53) Metaspace: 10061K(10304K)->10061K(10304K) NonClass: 8835K(8960K)->8835K(8960K) Class: 1225K(1344K)->1225K(1344K)
[2025-08-01T01:06:43.059+0000] GC(53) Pause Young (Normal) (G1 Evacuation Pause) 2400M->2372M(4096M) 33.914ms
[2025-08-01T01:06:43.059+0000] GC(53) User=0.24s Sys=0.00s Real=0.03s
[2025-08-01T01:06:43.146+0000] GC(54) Pause Young (Normal) (G1 Evacuation Pause)
[2025-08-01T01:06:43.146+0000] GC(54) Using 8 workers of 8 for evacuation
[2025-08-01T01:06:43.227+0000] GC(54)   Pre Evacuate Collection Set: 0.9ms
[2025-08-01T01:06:43.227+0000] GC(54)   Merge Heap Roots: 0.4ms
[2025-08-01T01:06:43.227+0000] GC(54)   Evacuate Collection Set: 79.4ms
[2025-08-01T01:06:43.227+0000] GC(54)   Post Evacuate Collection Set: 0.9ms
[2025-08-01T01:06:43.227+0000] GC(54)   Other: 0.2ms
[2025-08-01T01:06:43.227+0000] GC(54) Eden regions: 209->0(138)
[2025-08-01T01:06:43.227+0000] GC(54) Survivor regions: 13->28(28)
[2025-08-01T01:06:43.227+0000] GC(54) Old regions: 1173->1369
[2025-08-01T01:06:43.227+0000] GC(54) Archive regions: 2->2
[2025-08-01T01:06:43.227+0000] GC(54) Humongous regions: 0->0
[2025-08-01T01:06:43.228+0000] GC(54) Metaspace: 10061K(10304K)->10061K(10304K) NonClass: 8835K(8960K)->8835K(8960K) Class: 1225K(1344K)->1225K(1344K)
[2025-08-01T01:06:43.228+0000] GC(54) Pause Young (Normal) (G1 Evacuation Pause) 2790M->2794M(4096M) 81.945ms
[2025-08-01T01:06:43.228+0000] GC(54) User=0.58s Sys=0.04s Real=0.08s
[2025-08-01T01:06:43.290+0000] GC(55) Pause Young (Normal) (G1 Evacuation Pause)
[2025-08-01T01:06:43.290+0000] GC(55) Using 8 workers of 8 for evacuation
[2025-08-01T01:06:43.349+0000] GC(55)   Pre Evacuate Collection Set: 0.4ms
[2025-08-01T01:06:43.349+0000] GC(55)   Merge Heap Roots: 0.1ms
[2025-08-01T01:06:43.349+0000] GC(55)   Evacuate Collection Set: 57.2ms
[2025-08-01T01:06:43.349+0000] GC(55)   Post Evacuate Collection Set: 0.9ms
[2025-08-01T01:06:43.349+0000] GC(55)   Other: 0.2ms
[2025-08-01T01:06:43.349+0000] GC(55) Eden regions: 138->0(94)
[2025-08-01T01:06:43.349+0000] GC(55) Survivor regions: 28->21(21)
[2025-08-01T01:06:43.349+0000] GC(55) Old regions: 1369->1515
[2025-08-01T01:06:43.349+0000] GC(55) Archive regions: 2->2
[2025-08-01T01:06:43.349+0000] GC(55) Humongous regions: 0->0
[2025-08-01T01:06:43.349+0000] GC(55) Metaspace: 10061K(10304K)->10061K(10304K) NonClass: 8835K(8960K)->8835K(8960K) Class: 1225K(1344K)->1225K(1344K)
[2025-08-01T01:06:43.349+0000] GC(55) Pause Young (Normal) (G1 Evacuation Pause) 3070M->3072M(4096M) 59.022ms
[2025-08-01T01:06:43.349+0000] GC(55) User=0.40s Sys=0.04s Real=0.06s
[2025-08-01T01:06:43.367+0000] GC(56) Pause Young (Normal) (G1 Evacuation Pause)
[2025-08-01T01:06:43.367+0000] GC(56) Using 8 workers of 8 for evacuation
[2025-08-01T01:06:43.401+0000] GC(56)   Pre Evacuate Collection Set: 0.6ms
[2025-08-01T01:06:43.401+0000] GC(56)   Merge Heap Roots: 0.2ms
[2025-08-01T01:06:43.401+0000] GC(56)   Evacuate Collection Set: 31.8ms
[2025-08-01T01:06:43.401+0000] GC(56)   Post Evacuate Collection Set: 0.9ms
[2025-08-01T01:06:43.401+0000] GC(56)   Other: 0.2ms
[2025-08-01T01:06:43.401+0000] GC(56) Eden regions: 94->0(87)
[2025-08-01T01:06:43.401+0000] GC(56) Survivor regions: 21->15(15)
[2025-08-01T01:06:43.401+0000] GC(56) Old regions: 1515->1617
[2025-08-01T01:06:43.401+0000] GC(56) Archive regions: 2->2
[2025-08-01T01:06:43.401+0000] GC(56) Humongous regions: 0->0
[2025-08-01T01:06:43.401+0000] GC(56) Metaspace: 10061K(10304K)->10061K(10304K) NonClass: 8835K(8960K)->8835K(8960K) Class: 1225K(1344K)->1225K(1344K)
[2025-08-01T01:06:43.401+0000] GC(56) Pause Young (Normal) (G1 Evacuation Pause) 3260M->3263M(4096M) 33.970ms
[2025-08-01T01:06:43.401+0000] GC(56) User=0.24s Sys=0.00s Real=0.03s
[2025-08-01T01:06:43.447+0000] GC(49) Concurrent Rebuild Remembered Sets 468.755ms
[2025-08-01T01:06:43.447+0000] GC(49) Pause Cleanup
[2025-08-01T01:06:43.448+0000] GC(49) Pause Cleanup 3416M->3416M(4096M) 0.639ms
[2025-08-01T01:06:43.448+0000] GC(49) User=0.00s Sys=0.00s Real=0.00s
[2025-08-01T01:06:43.448+0000] GC(49) Concurrent Cleanup for Next Mark
[2025-08-01T01:06:43.456+0000] GC(49) Concurrent Cleanup for Next Mark 7.921ms
[2025-08-01T01:06:43.456+0000] GC(49) Concurrent Mark Cycle 808.865ms
[2025-08-01T01:06:43.461+0000] GC(57) Pause Young (Prepare Mixed) (G1 Evacuation Pause)
[2025-08-01T01:06:43.461+0000] GC(57) Using 8 workers of 8 for evacuation
[2025-08-01T01:06:43.476+0000] GC(57)   Pre Evacuate Collection Set: 0.4ms
[2025-08-01T01:06:43.476+0000] GC(57)   Merge Heap Roots: 0.2ms
[2025-08-01T01:06:43.476+0000] GC(57)   Evacuate Collection Set: 12.5ms
[2025-08-01T01:06:43.476+0000] GC(57)   Post Evacuate Collection Set: 1.3ms
[2025-08-01T01:06:43.476+0000] GC(57)   Other: 0.2ms
[2025-08-01T01:06:43.476+0000] GC(57) Eden regions: 87->0(89)
[2025-08-01T01:06:43.476+0000] GC(57) Survivor regions: 15->13(13)
[2025-08-01T01:06:43.476+0000] GC(57) Old regions: 1617->1648
[2025-08-01T01:06:43.476+0000] GC(57) Archive regions: 2->2
[2025-08-01T01:06:43.476+0000] GC(57) Humongous regions: 0->0
[2025-08-01T01:06:43.476+0000] GC(57) Metaspace: 10061K(10304K)->10061K(10304K) NonClass: 8835K(8960K)->8835K(8960K) Class: 1225K(1344K)->1225K(1344K)
[2025-08-01T01:06:43.476+0000] GC(57) Pause Young (Prepare Mixed) (G1 Evacuation Pause) 3437M->3321M(4096M) 14.707ms
[2025-08-01T01:06:43.476+0000] GC(57) User=0.09s Sys=0.00s Real=0.02s
[2025-08-01T01:06:43.492+0000] GC(58) Pause Young (Mixed) (G1 Evacuation Pause)
[2025-08-01T01:06:43.492+0000] GC(58) Using 8 workers of 8 for evacuation
[2025-08-01T01:06:43.521+0000] GC(58)   Pre Evacuate Collection Set: 0.4ms
[2025-08-01T01:06:43.521+0000] GC(58)   Merge Heap Roots: 0.2ms
[2025-08-01T01:06:43.521+0000] GC(58)   Evacuate Collection Set: 27.5ms
[2025-08-01T01:06:43.521+0000] GC(58)   Post Evacuate Collection Set: 0.8ms
[2025-08-01T01:06:43.521+0000] GC(58)   Other: 0.2ms
[2025-08-01T01:06:43.521+0000] GC(58) Eden regions: 89->0(89)
[2025-08-01T01:06:43.521+0000] GC(58) Survivor regions: 13->13(13)
[2025-08-01T01:06:43.521+0000] GC(58) Old regions: 1648->1691
[2025-08-01T01:06:43.521+0000] GC(58) Archive regions: 2->2
[2025-08-01T01:06:43.521+0000] GC(58) Humongous regions: 0->0
[2025-08-01T01:06:43.521+0000] GC(58) Metaspace: 10061K(10304K)->10061K(10304K) NonClass: 8835K(8960K)->8835K(8960K) Class: 1225K(1344K)->1225K(1344K)
[2025-08-01T01:06:43.521+0000] GC(58) Pause Young (Mixed) (G1 Evacuation Pause) 3499M->3408M(4096M) 29.258ms
[2025-08-01T01:06:43.521+0000] GC(58) User=0.19s Sys=0.00s Real=0.03s
[2025-08-01T01:06:43.585+0000] GC(59) Pause Young (Concurrent Start) (G1 Evacuation Pause)
[2025-08-01T01:06:43.585+0000] GC(59) Using 8 workers of 8 for evacuation
[2025-08-01T01:06:43.621+0000] GC(59)   Pre Evacuate Collection Set: 0.7ms
[2025-08-01T01:06:43.621+0000] GC(59)   Merge Heap Roots: 0.2ms
[2025-08-01T01:06:43.621+0000] GC(59)   Evacuate Collection Set: 34.3ms
[2025-08-01T01:06:43.621+0000] GC(59)   Post Evacuate Collection Set: 0.6ms
[2025-08-01T01:06:43.621+0000] GC(59)   Other: 0.2ms
[2025-08-01T01:06:43.621+0000] GC(59) Eden regions: 89->0(89)
[2025-08-01T01:06:43.621+0000] GC(59) Survivor regions: 13->13(13)
[2025-08-01T01:06:43.621+0000] GC(59) Old regions: 1691->1782
[2025-08-01T01:06:43.621+0000] GC(59) Archive regions: 2->2
[2025-08-01T01:06:43.621+0000] GC(59) Humongous regions: 0->0
[2025-08-01T01:06:43.621+0000] GC(59) Metaspace: 10061K(10304K)->10061K(10304K) NonClass: 8835K(8960K)->8835K(8960K) Class: 1225K(1344K)->1225K(1344K)
[2025-08-01T01:06:43.621+0000] GC(59) Pause Young (Concurrent Start) (G1 Evacuation Pause) 3586M->3590M(4096M) 36.158ms
[2025-08-01T01:06:43.621+0000] GC(59) User=0.25s Sys=0.01s Real=0.03s
[2025-08-01T01:06:43.621+0000] GC(60) Concurrent Mark Cycle
[2025-08-01T01:06:43.621+0000] GC(60) Concurrent Clear Claimed Marks
[2025-08-01T01:06:43.621+0000] GC(60) Concurrent Clear Claimed Marks 0.024ms
[2025-08-01T01:06:43.621+0000] GC(60) Concurrent Scan Root Regions
[2025-08-01T01:06:43.647+0000] GC(60) Concurrent Scan Root Regions 26.161ms
[2025-08-01T01:06:43.647+0000] GC(60) Concurrent Mark
[2025-08-01T01:06:43.647+0000] GC(60) Concurrent Mark From Roots
[2025-08-01T01:06:43.647+0000] GC(60) Using 2 workers of 2 for marking
[2025-08-01T01:06:43.647+0000] GC(61) Pause Young (Normal) (G1 Evacuation Pause)
[2025-08-01T01:06:43.647+0000] GC(61) Using 8 workers of 8 for evacuation
[2025-08-01T01:06:43.682+0000] GC(61)   Pre Evacuate Collection Set: 7.6ms
[2025-08-01T01:06:43.682+0000] GC(61)   Merge Heap Roots: 0.2ms
[2025-08-01T01:06:43.682+0000] GC(61)   Evacuate Collection Set: 33.4ms
[2025-08-01T01:06:43.682+0000] GC(61)   Post Evacuate Collection Set: 0.8ms
[2025-08-01T01:06:43.683+0000] GC(61)   Other: 0.2ms
[2025-08-01T01:06:43.683+0000] GC(61) Eden regions: 89->0(89)
[2025-08-01T01:06:43.683+0000] GC(61) Survivor regions: 13->13(13)
[2025-08-01T01:06:43.683+0000] GC(61) Old regions: 1782->1872
[2025-08-01T01:06:43.683+0000] GC(61) Archive regions: 2->2
[2025-08-01T01:06:43.683+0000] GC(61) Humongous regions: 0->0
[2025-08-01T01:06:43.683+0000] GC(61) Metaspace: 10061K(10304K)->10061K(10304K) NonClass: 8835K(8960K)->8835K(8960K) Class: 1225K(1344K)->1225K(1344K)
[2025-08-01T01:06:43.683+0000] GC(61) Pause Young (Normal) (G1 Evacuation Pause) 3768M->3771M(4096M) 35.204ms
[2025-08-01T01:06:43.683+0000] GC(61) User=0.25s Sys=0.02s Real=0.03s
[2025-08-01T01:06:43.696+0000] GC(62) Pause Young (Normal) (G1 Preventive Collection)
[2025-08-01T01:06:43.696+0000] GC(62) Using 8 workers of 8 for evacuation
[2025-08-01T01:06:43.722+0000] GC(62)   Pre Evacuate Collection Set: 0.5ms
[2025-08-01T01:06:43.722+0000] GC(62)   Merge Heap Roots: 0.2ms
[2025-08-01T01:06:43.722+0000] GC(62)   Evacuate Collection Set: 24.2ms
[2025-08-01T01:06:43.722+0000] GC(62)   Post Evacuate Collection Set: 1.0ms
[2025-08-01T01:06:43.722+0000] GC(62)   Other: 0.3ms
[2025-08-01T01:06:43.722+0000] GC(62) Eden regions: 69->0(89)
[2025-08-01T01:06:43.722+0000] GC(62) Survivor regions: 13->13(13)
[2025-08-01T01:06:43.722+0000] GC(62) Old regions: 1872->1942
[2025-08-01T01:06:43.722+0000] GC(62) Archive regions: 2->2
[2025-08-01T01:06:43.722+0000] GC(62) Humongous regions: 0->0
[2025-08-01T01:06:43.722+0000] GC(62) Metaspace: 10061K(10304K)->10061K(10304K) NonClass: 8835K(8960K)->8835K(8960K) Class: 1225K(1344K)->1225K(1344K)
[2025-08-01T01:06:43.722+0000] GC(62) Pause Young (Normal) (G1 Preventive Collection) 3909M->3911M(4096M) 26.450ms
[2025-08-01T01:06:43.722+0000] GC(62) User=0.19s Sys=0.01s Real=0.02s
[2025-08-01T01:06:43.753+0000] GC(63) Pause Young (Normal) (G1 Preventive Collection)
[2025-08-01T01:06:43.753+0000] GC(63) Using 8 workers of 8 for evacuation
[2025-08-01T01:06:43.769+0000] GC(63)   Pre Evacuate Collection Set: 0.6ms
[2025-08-01T01:06:43.769+0000] GC(63)   Merge Heap Roots: 0.1ms
[2025-08-01T01:06:43.769+0000] GC(63)   Evacuate Collection Set: 13.6ms
[2025-08-01T01:06:43.769+0000] GC(63)   Post Evacuate Collection Set: 0.7ms
[2025-08-01T01:06:43.769+0000] GC(63)   Other: 0.2ms
[2025-08-01T01:06:43.769+0000] GC(63) Eden regions: 36->0(89)
[2025-08-01T01:06:43.769+0000] GC(63) Survivor regions: 13->13(13)
[2025-08-01T01:06:43.769+0000] GC(63) Old regions: 1942->1974
[2025-08-01T01:06:43.769+0000] GC(63) Archive regions: 2->2
[2025-08-01T01:06:43.769+0000] GC(63) Humongous regions: 0->0
[2025-08-01T01:06:43.769+0000] GC(63) Metaspace: 10061K(10304K)->10061K(10304K) NonClass: 8835K(8960K)->8835K(8960K) Class: 1225K(1344K)->1225K(1344K)
[2025-08-01T01:06:43.769+0000] GC(63) Pause Young (Normal) (G1 Preventive Collection) 3983M->3974M(4096M) 15.367ms
[2025-08-01T01:06:43.769+0000] GC(63) User=0.11s Sys=0.00s Real=0.01s
[2025-08-01T01:06:43.776+0000] GC(64) Pause Young (Normal) (G1 Preventive Collection)
[2025-08-01T01:06:43.776+0000] GC(64) Using 8 workers of 8 for evacuation
[2025-08-01T01:06:43.787+0000] GC(64)   Pre Evacuate Collection Set: 0.3ms
[2025-08-01T01:06:43.787+0000] GC(64)   Merge Heap Roots: 0.1ms
[2025-08-01T01:06:43.787+0000] GC(64)   Evacuate Collection Set: 9.3ms
[2025-08-01T01:06:43.787+0000] GC(64)   Post Evacuate Collection Set: 0.9ms
[2025-08-01T01:06:43.787+0000] GC(64)   Other: 0.1ms
[2025-08-01T01:06:43.787+0000] GC(64) Eden regions: 21->0(89)
[2025-08-01T01:06:43.787+0000] GC(64) Survivor regions: 13->13(13)
[2025-08-01T01:06:43.787+0000] GC(64) Old regions: 1974->1997
[2025-08-01T01:06:43.787+0000] GC(64) Archive regions: 2->2
[2025-08-01T01:06:43.787+0000] GC(64) Humongous regions: 0->0
[2025-08-01T01:06:43.787+0000] GC(64) Metaspace: 10061K(10304K)->10061K(10304K) NonClass: 8835K(8960K)->8835K(8960K) Class: 1225K(1344K)->1225K(1344K)
[2025-08-01T01:06:43.787+0000] GC(64) Pause Young (Normal) (G1 Preventive Collection) 4016M->4020M(4096M) 10.878ms
[2025-08-01T01:06:43.787+0000] GC(64) User=0.07s Sys=0.00s Real=0.01s
[2025-08-01T01:06:43.789+0000] GC(65) Pause Young (Normal) (G1 Preventive Collection)
[2025-08-01T01:06:43.789+0000] GC(65) Using 8 workers of 8 for evacuation
[2025-08-01T01:06:43.799+0000] GC(65)   Pre Evacuate Collection Set: 0.5ms
[2025-08-01T01:06:43.799+0000] GC(65)   Merge Heap Roots: 0.2ms
[2025-08-01T01:06:43.799+0000] GC(65)   Evacuate Collection Set: 8.6ms
[2025-08-01T01:06:43.799+0000] GC(65)   Post Evacuate Collection Set: 0.7ms
[2025-08-01T01:06:43.799+0000] GC(65)   Other: 0.2ms
[2025-08-01T01:06:43.799+0000] GC(65) Eden regions: 10->0(91)
[2025-08-01T01:06:43.799+0000] GC(65) Survivor regions: 13->11(13)
[2025-08-01T01:06:43.799+0000] GC(65) Old regions: 1997->2011
[2025-08-01T01:06:43.799+0000] GC(65) Archive regions: 2->2
[2025-08-01T01:06:43.799+0000] GC(65) Humongous regions: 0->0
[2025-08-01T01:06:43.799+0000] GC(65) Metaspace: 10061K(10304K)->10061K(10304K) NonClass: 8835K(8960K)->8835K(8960K) Class: 1225K(1344K)->1225K(1344K)
[2025-08-01T01:06:43.799+0000] GC(65) Pause Young (Normal) (G1 Preventive Collection) 4040M->4044M(4096M) 10.331ms
[2025-08-01T01:06:43.799+0000] GC(65) User=0.05s Sys=0.00s Real=0.01s
[2025-08-01T01:06:43.801+0000] GC(66) Pause Young (Normal) (G1 Preventive Collection)
[2025-08-01T01:06:43.801+0000] GC(66) Using 8 workers of 8 for evacuation
[2025-08-01T01:06:43.807+0000] GC(66)   Pre Evacuate Collection Set: 0.3ms
[2025-08-01T01:06:43.807+0000] GC(66)   Merge Heap Roots: 0.1ms
[2025-08-01T01:06:43.807+0000] GC(66)   Evacuate Collection Set: 4.4ms
[2025-08-01T01:06:43.807+0000] GC(66)   Post Evacuate Collection Set: 0.8ms
[2025-08-01T01:06:43.807+0000] GC(66)   Other: 0.2ms
[2025-08-01T01:06:43.807+0000] GC(66) Eden regions: 5->0(96)
[2025-08-01T01:06:43.807+0000] GC(66) Survivor regions: 11->6(13)
[2025-08-01T01:06:43.807+0000] GC(66) Old regions: 2011->2022
[2025-08-01T01:06:43.807+0000] GC(66) Archive regions: 2->2
[2025-08-01T01:06:43.807+0000] GC(66) Humongous regions: 0->0
[2025-08-01T01:06:43.807+0000] GC(66) Metaspace: 10061K(10304K)->10061K(10304K) NonClass: 8835K(8960K)->8835K(8960K) Class: 1225K(1344K)->1225K(1344K)
[2025-08-01T01:06:43.807+0000] GC(66) Pause Young (Normal) (G1 Preventive Collection) 4054M->4057M(4096M) 5.892ms
[2025-08-01T01:06:43.807+0000] GC(66) User=0.04s Sys=0.00s Real=0.01s
[2025-08-01T01:06:43.809+0000] GC(67) Pause Young (Normal) (G1 Preventive Collection)
[2025-08-01T01:06:43.809+0000] GC(67) Using 8 workers of 8 for evacuation
[2025-08-01T01:06:43.814+0000] GC(67)   Pre Evacuate Collection Set: 0.7ms
[2025-08-01T01:06:43.815+0000] GC(67)   Merge Heap Roots: 0.2ms
[2025-08-01T01:06:43.815+0000] GC(67)   Evacuate Collection Set: 3.9ms
[2025-08-01T01:06:43.815+0000] GC(67)   Post Evacuate Collection Set: 0.6ms
[2025-08-01T01:06:43.815+0000] GC(67)   Other: 0.3ms
[2025-08-01T01:06:43.815+0000] GC(67) Eden regions: 5->0(91)
[2025-08-01T01:06:43.815+0000] GC(67) Survivor regions: 6->11(13)
[2025-08-01T01:06:43.815+0000] GC(67) Old regions: 2022->2022
[2025-08-01T01:06:43.815+0000] GC(67) Archive regions: 2->2
[2025-08-01T01:06:43.815+0000] GC(67) Humongous regions: 0->0
[2025-08-01T01:06:43.815+0000] GC(67) Metaspace: 10061K(10304K)->10061K(10304K) NonClass: 8835K(8960K)->8835K(8960K) Class: 1225K(1344K)->1225K(1344K)
[2025-08-01T01:06:43.815+0000] GC(67) Pause Young (Normal) (G1 Preventive Collection) 4067M->4066M(4096M) 5.872ms
[2025-08-01T01:06:43.815+0000] GC(67) User=0.03s Sys=0.01s Real=0.01s
[2025-08-01T01:06:43.815+0000] GC(68) Pause Young (Normal) (G1 Preventive Collection)
[2025-08-01T01:06:43.815+0000] GC(68) Using 8 workers of 8 for evacuation
[2025-08-01T01:06:43.823+0000] GC(68)   Pre Evacuate Collection Set: 0.4ms
[2025-08-01T01:06:43.823+0000] GC(68)   Merge Heap Roots: 0.4ms
[2025-08-01T01:06:43.823+0000] GC(68)   Evacuate Collection Set: 6.0ms
[2025-08-01T01:06:43.823+0000] GC(68)   Post Evacuate Collection Set: 0.6ms
[2025-08-01T01:06:43.823+0000] GC(68)   Other: 0.1ms
[2025-08-01T01:06:43.823+0000] GC(68) Eden regions: 1->0(95)
[2025-08-01T01:06:43.823+0000] GC(68) Survivor regions: 11->7(12)
[2025-08-01T01:06:43.823+0000] GC(68) Old regions: 2022->2027
[2025-08-01T01:06:43.823+0000] GC(68) Archive regions: 2->2
[2025-08-01T01:06:43.823+0000] GC(68) Humongous regions: 0->0
[2025-08-01T01:06:43.823+0000] GC(68) Metaspace: 10061K(10304K)->10061K(10304K) NonClass: 8835K(8960K)->8835K(8960K) Class: 1225K(1344K)->1225K(1344K)
[2025-08-01T01:06:43.823+0000] GC(68) Pause Young (Normal) (G1 Preventive Collection) 4068M->4069M(4096M) 7.821ms
[2025-08-01T01:06:43.823+0000] GC(68) User=0.03s Sys=0.00s Real=0.01s
[2025-08-01T01:06:43.824+0000] GC(69) Pause Young (Normal) (G1 Preventive Collection)
[2025-08-01T01:06:43.824+0000] GC(69) Using 8 workers of 8 for evacuation
[2025-08-01T01:06:43.829+0000] GC(69)   Pre Evacuate Collection Set: 0.7ms
[2025-08-01T01:06:43.829+0000] GC(69)   Merge Heap Roots: 0.3ms
[2025-08-01T01:06:43.829+0000] GC(69)   Evacuate Collection Set: 3.3ms
[2025-08-01T01:06:43.829+0000] GC(69)   Post Evacuate Collection Set: 0.6ms
[2025-08-01T01:06:43.829+0000] GC(69)   Other: 0.1ms
[2025-08-01T01:06:43.829+0000] GC(69) Eden regions: 2->0(93)
[2025-08-01T01:06:43.829+0000] GC(69) Survivor regions: 7->9(10)
[2025-08-01T01:06:43.829+0000] GC(69) Old regions: 2027->2027
[2025-08-01T01:06:43.829+0000] GC(69) Archive regions: 2->2
[2025-08-01T01:06:43.829+0000] GC(69) Humongous regions: 0->0
[2025-08-01T01:06:43.829+0000] GC(69) Metaspace: 10061K(10304K)->10061K(10304K) NonClass: 8835K(8960K)->8835K(8960K) Class: 1225K(1344K)->1225K(1344K)
[2025-08-01T01:06:43.829+0000] GC(69) Pause Young (Normal) (G1 Preventive Collection) 4073M->4072M(4096M) 5.274ms
[2025-08-01T01:06:43.829+0000] GC(69) User=0.01s Sys=0.01s Real=0.00s
[2025-08-01T01:06:43.830+0000] GC(70) Pause Young (Normal) (G1 Preventive Collection)
[2025-08-01T01:06:43.830+0000] GC(70) Using 8 workers of 8 for evacuation
[2025-08-01T01:06:43.835+0000] GC(70) To-space exhausted
[2025-08-01T01:06:43.835+0000] GC(70)   Pre Evacuate Collection Set: 0.7ms
[2025-08-01T01:06:43.835+0000] GC(70)   Merge Heap Roots: 0.2ms
[2025-08-01T01:06:43.835+0000] GC(70)   Evacuate Collection Set: 3.8ms
[2025-08-01T01:06:43.835+0000] GC(70)   Post Evacuate Collection Set: 1.1ms
[2025-08-01T01:06:43.835+0000] GC(70)   Other: 0.2ms
[2025-08-01T01:06:43.835+0000] GC(70) Eden regions: 1->0(98)
[2025-08-01T01:06:43.835+0000] GC(70) Survivor regions: 9->4(9)
[2025-08-01T01:06:43.835+0000] GC(70) Old regions: 2027->2034
[2025-08-01T01:06:43.835+0000] GC(70) Archive regions: 2->2
[2025-08-01T01:06:43.835+0000] GC(70) Humongous regions: 0->0
[2025-08-01T01:06:43.835+0000] GC(70) Metaspace: 10061K(10304K)->10061K(10304K) NonClass: 8835K(8960K)->8835K(8960K) Class: 1225K(1344K)->1225K(1344K)
[2025-08-01T01:06:43.836+0000] GC(70) Pause Young (Normal) (G1 Preventive Collection) 4074M->4077M(4096M) 5.942ms
[2025-08-01T01:06:43.836+0000] GC(70) User=0.02s Sys=0.00s Real=0.01s
[2025-08-01T01:06:43.837+0000] GC(71) Pause Young (Normal) (G1 Preventive Collection)
[2025-08-01T01:06:43.837+0000] GC(71) Using 8 workers of 8 for evacuation
[2025-08-01T01:06:43.841+0000] GC(71) To-space exhausted
[2025-08-01T01:06:43.841+0000] GC(71)   Pre Evacuate Collection Set: 0.9ms
[2025-08-01T01:06:43.841+0000] GC(71)   Merge Heap Roots: 0.3ms
[2025-08-01T01:06:43.841+0000] GC(71)   Evacuate Collection Set: 2.2ms
[2025-08-01T01:06:43.841+0000] GC(71)   Post Evacuate Collection Set: 1.0ms
[2025-08-01T01:06:43.841+0000] GC(71)   Other: 0.2ms
[2025-08-01T01:06:43.841+0000] GC(71) Eden regions: 2->0(96)
[2025-08-01T01:06:43.841+0000] GC(71) Survivor regions: 4->6(6)
[2025-08-01T01:06:43.841+0000] GC(71) Old regions: 2034->2036
[2025-08-01T01:06:43.841+0000] GC(71) Archive regions: 2->2
[2025-08-01T01:06:43.841+0000] GC(71) Humongous regions: 0->0
[2025-08-01T01:06:43.841+0000] GC(71) Metaspace: 10061K(10304K)->10061K(10304K) NonClass: 8835K(8960K)->8835K(8960K) Class: 1225K(1344K)->1225K(1344K)
[2025-08-01T01:06:43.841+0000] GC(71) Pause Young (Normal) (G1 Preventive Collection) 4081M->4085M(4096M) 4.685ms
[2025-08-01T01:06:43.841+0000] GC(71) User=0.02s Sys=0.00s Real=0.00s
[2025-08-01T01:06:43.842+0000] GC(72) Pause Young (Normal) (G1 Preventive Collection)
[2025-08-01T01:06:43.842+0000] GC(72) Using 8 workers of 8 for evacuation
[2025-08-01T01:06:43.846+0000] GC(72) To-space exhausted
[2025-08-01T01:06:43.846+0000] GC(72)   Pre Evacuate Collection Set: 0.4ms
[2025-08-01T01:06:43.846+0000] GC(72)   Merge Heap Roots: 0.2ms
[2025-08-01T01:06:43.846+0000] GC(72)   Evacuate Collection Set: 2.6ms
[2025-08-01T01:06:43.846+0000] GC(72)   Post Evacuate Collection Set: 1.1ms
[2025-08-01T01:06:43.846+0000] GC(72)   Other: 0.2ms
[2025-08-01T01:06:43.846+0000] GC(72) Eden regions: 1->0(99)
[2025-08-01T01:06:43.846+0000] GC(72) Survivor regions: 6->3(3)
[2025-08-01T01:06:43.846+0000] GC(72) Old regions: 2036->2041
[2025-08-01T01:06:43.846+0000] GC(72) Archive regions: 2->2
[2025-08-01T01:06:43.846+0000] GC(72) Humongous regions: 0->0
[2025-08-01T01:06:43.846+0000] GC(72) Metaspace: 10061K(10304K)->10061K(10304K) NonClass: 8835K(8960K)->8835K(8960K) Class: 1225K(1344K)->1225K(1344K)
[2025-08-01T01:06:43.846+0000] GC(72) Pause Young (Normal) (G1 Preventive Collection) 4087M->4089M(4096M) 4.516ms
[2025-08-01T01:06:43.846+0000] GC(72) User=0.01s Sys=0.01s Real=0.01s
[2025-08-01T01:06:43.847+0000] GC(73) Pause Young (Normal) (G1 Preventive Collection)
[2025-08-01T01:06:43.847+0000] GC(73) Using 8 workers of 8 for evacuation
[2025-08-01T01:06:43.851+0000] GC(73) To-space exhausted
[2025-08-01T01:06:43.851+0000] GC(73)   Pre Evacuate Collection Set: 0.6ms
[2025-08-01T01:06:43.851+0000] GC(73)   Merge Heap Roots: 0.2ms
[2025-08-01T01:06:43.851+0000] GC(73)   Evacuate Collection Set: 1.8ms
[2025-08-01T01:06:43.851+0000] GC(73)   Post Evacuate Collection Set: 1.2ms
[2025-08-01T01:06:43.851+0000] GC(73)   Other: 0.2ms
[2025-08-01T01:06:43.851+0000] GC(73) Eden regions: 1->0(101)
[2025-08-01T01:06:43.851+0000] GC(73) Survivor regions: 3->1(1)
[2025-08-01T01:06:43.851+0000] GC(73) Old regions: 2041->2045
[2025-08-01T01:06:43.851+0000] GC(73) Archive regions: 2->2
[2025-08-01T01:06:43.851+0000] GC(73) Humongous regions: 0->0
[2025-08-01T01:06:43.851+0000] GC(73) Metaspace: 10061K(10304K)->10061K(10304K) NonClass: 8835K(8960K)->8835K(8960K) Class: 1225K(1344K)->1225K(1344K)
[2025-08-01T01:06:43.851+0000] GC(73) Pause Young (Normal) (G1 Preventive Collection) 4091M->4093M(4096M) 4.050ms
[2025-08-01T01:06:43.851+0000] GC(73) User=0.01s Sys=0.00s Real=0.00s
[2025-08-01T01:06:43.851+0000] Attempting full compaction
[2025-08-01T01:06:43.851+0000] GC(74) Pause Full (G1 Compaction Pause)
[2025-08-01T01:06:43.851+0000] GC(74) Using 8 workers of 8 for full compaction
[2025-08-01T01:06:43.858+0000] GC(74) Phase 1: Mark live objects
[2025-08-01T01:06:43.889+0000] GC(74) Phase 1: Mark live objects 31.238ms
[2025-08-01T01:06:43.889+0000] GC(74) Phase 2: Prepare for compaction
[2025-08-01T01:06:43.901+0000] GC(74) Phase 2: Prepare for compaction 11.905ms
[2025-08-01T01:06:43.901+0000] GC(74) Phase 3: Adjust pointers
[2025-08-01T01:06:43.927+0000] GC(74) Phase 3: Adjust pointers 25.247ms
[2025-08-01T01:06:43.927+0000] GC(74) Phase 4: Compact heap
[2025-08-01T01:06:43.970+0000] GC(74) Phase 4: Compact heap 43.663ms
[2025-08-01T01:06:43.978+0000] GC(74) Eden regions: 0->0(492)
[2025-08-01T01:06:43.978+0000] GC(74) Survivor regions: 1->0(1)
[2025-08-01T01:06:43.978+0000] GC(74) Old regions: 2045->347
[2025-08-01T01:06:43.978+0000] GC(74) Archive regions: 2->2
[2025-08-01T01:06:43.978+0000] GC(74) Humongous regions: 0->0
[2025-08-01T01:06:43.978+0000] GC(74) Metaspace: 10061K(10304K)->10061K(10304K) NonClass: 8835K(8960K)->8835K(8960K) Class: 1225K(1344K)->1225K(1344K)
[2025-08-01T01:06:43.978+0000] GC(74) Pause Full (G1 Compaction Pause) 4093M->687M(4096M) 126.940ms
[2025-08-01T01:06:43.978+0000] GC(74) User=0.92s Sys=0.01s Real=0.13s
[2025-08-01T01:06:43.978+0000] GC(60) Concurrent Mark From Roots 331.163ms
[2025-08-01T01:06:43.978+0000] GC(60) Concurrent Mark Abort
[2025-08-01T01:06:43.978+0000] GC(60) Concurrent Mark Cycle 357.513ms
[2025-08-01T01:06:44.175+0000] GC(75) Pause Young (Normal) (G1 Evacuation Pause)
[2025-08-01T01:06:44.175+0000] GC(75) Using 8 workers of 8 for evacuation
[2025-08-01T01:06:44.538+0000] GC(75) MMU target violated: 201.0ms (200.0ms/201.0ms)
[2025-08-01T01:06:44.538+0000] GC(75)   Pre Evacuate Collection Set: 0.6ms
[2025-08-01T01:06:44.538+0000] GC(75)   Merge Heap Roots: 0.2ms
[2025-08-01T01:06:44.538+0000] GC(75)   Evacuate Collection Set: 361.1ms
[2025-08-01T01:06:44.538+0000] GC(75)   Post Evacuate Collection Set: 0.9ms
[2025-08-01T01:06:44.538+0000] GC(75)   Other: 0.5ms
[2025-08-01T01:06:44.538+0000] GC(75) Eden regions: 492->0(333)
[2025-08-01T01:06:44.538+0000] GC(75) Survivor regions: 0->62(62)
[2025-08-01T01:06:44.538+0000] GC(75) Old regions: 347->688
[2025-08-01T01:06:44.538+0000] GC(75) Archive regions: 2->2
[2025-08-01T01:06:44.538+0000] GC(75) Humongous regions: 0->0
[2025-08-01T01:06:44.538+0000] GC(75) Metaspace: 10061K(10304K)->10061K(10304K) NonClass: 8835K(8960K)->8835K(8960K) Class: 1225K(1344K)->1225K(1344K)
[2025-08-01T01:06:44.538+0000] GC(75) Pause Young (Normal) (G1 Evacuation Pause) 1671M->1492M(4096M) 363.435ms
[2025-08-01T01:06:44.538+0000] GC(75) User=1.51s Sys=0.48s Real=0.36s
[2025-08-01T01:06:44.715+0000] GC(76) Pause Young (Concurrent Start) (G1 Evacuation Pause)
[2025-08-01T01:06:44.715+0000] GC(76) Using 8 workers of 8 for evacuation
[2025-08-01T01:06:44.862+0000] GC(76)   Pre Evacuate Collection Set: 0.7ms
[2025-08-01T01:06:44.863+0000] GC(76)   Merge Heap Roots: 0.4ms
[2025-08-01T01:06:44.863+0000] GC(76)   Evacuate Collection Set: 144.8ms
[2025-08-01T01:06:44.863+0000] GC(76)   Post Evacuate Collection Set: 1.2ms
[2025-08-01T01:06:44.863+0000] GC(76)   Other: 0.4ms
[2025-08-01T01:06:44.863+0000] GC(76) Eden regions: 333->0(251)
[2025-08-01T01:06:44.863+0000] GC(76) Survivor regions: 62->50(50)
[2025-08-01T01:06:44.863+0000] GC(76) Old regions: 688->990
[2025-08-01T01:06:44.863+0000] GC(76) Archive regions: 2->2
[2025-08-01T01:06:44.863+0000] GC(76) Humongous regions: 0->0
[2025-08-01T01:06:44.863+0000] GC(76) Metaspace: 10061K(10304K)->10061K(10304K) NonClass: 8835K(8960K)->8835K(8960K) Class: 1225K(1344K)->1225K(1344K)
[2025-08-01T01:06:44.863+0000] GC(76) Pause Young (Concurrent Start) (G1 Evacuation Pause) 2158M->2072M(4096M) 147.511ms
[2025-08-01T01:06:44.863+0000] GC(76) User=1.04s Sys=0.10s Real=0.14s
[2025-08-01T01:06:44.863+0000] GC(77) Concurrent Mark Cycle
[2025-08-01T01:06:44.863+0000] GC(77) Concurrent Clear Claimed Marks
[2025-08-01T01:06:44.863+0000] GC(77) Concurrent Clear Claimed Marks 0.019ms
[2025-08-01T01:06:44.863+0000] GC(77) Concurrent Scan Root Regions
[2025-08-01T01:06:44.940+0000] GC(77) Concurrent Scan Root Regions 77.185ms
[2025-08-01T01:06:44.940+0000] GC(77) Concurrent Mark
[2025-08-01T01:06:44.940+0000] GC(77) Concurrent Mark From Roots
[2025-08-01T01:06:44.940+0000] GC(77) Using 2 workers of 2 for marking
[2025-08-01T01:06:45.003+0000] GC(78) Pause Young (Normal) (G1 Evacuation Pause)
[2025-08-01T01:06:45.003+0000] GC(78) Using 8 workers of 8 for evacuation
[2025-08-01T01:06:45.105+0000] GC(78)   Pre Evacuate Collection Set: 0.7ms
[2025-08-01T01:06:45.105+0000] GC(78)   Merge Heap Roots: 0.2ms
[2025-08-01T01:06:45.105+0000] GC(78)   Evacuate Collection Set: 99.2ms
[2025-08-01T01:06:45.105+0000] GC(78)   Post Evacuate Collection Set: 1.1ms
[2025-08-01T01:06:45.105+0000] GC(78)   Other: 0.2ms
[2025-08-01T01:06:45.105+0000] GC(78) Eden regions: 251->0(180)
[2025-08-01T01:06:45.105+0000] GC(78) Survivor regions: 50->38(38)
[2025-08-01T01:06:45.105+0000] GC(78) Old regions: 990->1225
[2025-08-01T01:06:45.105+0000] GC(78) Archive regions: 2->2
[2025-08-01T01:06:45.105+0000] GC(78) Humongous regions: 0->0
[2025-08-01T01:06:45.105+0000] GC(78) Metaspace: 10061K(10304K)->10061K(10304K) NonClass: 8835K(8960K)->8835K(8960K) Class: 1225K(1344K)->1225K(1344K)
[2025-08-01T01:06:45.105+0000] GC(78) Pause Young (Normal) (G1 Evacuation Pause) 2574M->2518M(4096M) 101.749ms
[2025-08-01T01:06:45.105+0000] GC(78) User=0.69s Sys=0.07s Real=0.10s
[2025-08-01T01:06:45.128+0000] GC(77) Concurrent Mark From Roots 187.459ms
[2025-08-01T01:06:45.128+0000] GC(77) Concurrent Preclean
[2025-08-01T01:06:45.128+0000] GC(77) Concurrent Preclean 0.350ms
[2025-08-01T01:06:45.129+0000] GC(77) Pause Remark
[2025-08-01T01:06:45.133+0000] GC(77) Pause Remark 2742M->1992M(4096M) 3.402ms
[2025-08-01T01:06:45.133+0000] GC(77) User=0.01s Sys=0.00s Real=0.00s
[2025-08-01T01:06:45.133+0000] GC(77) Concurrent Mark 192.830ms
[2025-08-01T01:06:45.133+0000] GC(77) Concurrent Rebuild Remembered Sets
[2025-08-01T01:06:45.191+0000] GC(79) Pause Young (Normal) (G1 Evacuation Pause)
[2025-08-01T01:06:45.191+0000] GC(79) Using 8 workers of 8 for evacuation
[2025-08-01T01:06:45.243+0000] GC(79)   Pre Evacuate Collection Set: 0.5ms
[2025-08-01T01:06:45.243+0000] GC(79)   Merge Heap Roots: 0.1ms
[2025-08-01T01:06:45.243+0000] GC(79)   Evacuate Collection Set: 50.8ms
[2025-08-01T01:06:45.243+0000] GC(79)   Post Evacuate Collection Set: 0.8ms
[2025-08-01T01:06:45.243+0000] GC(79)   Other: 0.3ms
[2025-08-01T01:06:45.243+0000] GC(79) Eden regions: 180->0(264)
[2025-08-01T01:06:45.243+0000] GC(79) Survivor regions: 38->28(28)
[2025-08-01T01:06:45.243+0000] GC(79) Old regions: 847->987
[2025-08-01T01:06:45.243+0000] GC(79) Archive regions: 2->2
[2025-08-01T01:06:45.243+0000] GC(79) Humongous regions: 0->0
[2025-08-01T01:06:45.243+0000] GC(79) Metaspace: 10061K(10304K)->10061K(10304K) NonClass: 8835K(8960K)->8835K(8960K) Class: 1225K(1344K)->1225K(1344K)
[2025-08-01T01:06:45.243+0000] GC(79) Pause Young (Normal) (G1 Evacuation Pause) 2128M->2029M(4096M) 52.607ms
[2025-08-01T01:06:45.243+0000] GC(79) User=0.38s Sys=0.01s Real=0.06s
[2025-08-01T01:06:45.346+0000] GC(80) Pause Young (Normal) (G1 Evacuation Pause)
[2025-08-01T01:06:45.346+0000] GC(80) Using 8 workers of 8 for evacuation
[2025-08-01T01:06:45.407+0000] GC(80)   Pre Evacuate Collection Set: 0.9ms
[2025-08-01T01:06:45.407+0000] GC(80)   Merge Heap Roots: 0.1ms
[2025-08-01T01:06:45.407+0000] GC(80)   Evacuate Collection Set: 59.0ms
[2025-08-01T01:06:45.407+0000] GC(80)   Post Evacuate Collection Set: 0.9ms
[2025-08-01T01:06:45.407+0000] GC(80)   Other: 0.2ms
[2025-08-01T01:06:45.407+0000] GC(80) Eden regions: 264->0(220)
[2025-08-01T01:06:45.407+0000] GC(80) Survivor regions: 28->37(37)
[2025-08-01T01:06:45.407+0000] GC(80) Old regions: 987->1133
[2025-08-01T01:06:45.407+0000] GC(80) Archive regions: 2->2
[2025-08-01T01:06:45.407+0000] GC(80) Humongous regions: 0->0
[2025-08-01T01:06:45.407+0000] GC(80) Metaspace: 10061K(10304K)->10061K(10304K) NonClass: 8835K(8960K)->8835K(8960K) Class: 1225K(1344K)->1225K(1344K)
[2025-08-01T01:06:45.407+0000] GC(80) Pause Young (Normal) (G1 Evacuation Pause) 2557M->2339M(4096M) 61.239ms
[2025-08-01T01:06:45.407+0000] GC(80) User=0.44s Sys=0.02s Real=0.06s
[2025-08-01T01:06:45.447+0000] GC(77) Concurrent Rebuild Remembered Sets 314.088ms
[2025-08-01T01:06:45.447+0000] GC(77) Pause Cleanup
[2025-08-01T01:06:45.448+0000] GC(77) Pause Cleanup 2509M->2509M(4096M) 1.117ms
[2025-08-01T01:06:45.448+0000] GC(77) User=0.01s Sys=0.00s Real=0.00s
[2025-08-01T01:06:45.449+0000] GC(77) Concurrent Cleanup for Next Mark
[2025-08-01T01:06:45.457+0000] GC(77) Concurrent Cleanup for Next Mark 8.095ms
[2025-08-01T01:06:45.457+0000] GC(77) Concurrent Mark Cycle 593.860ms
[2025-08-01T01:06:45.497+0000] GC(81) Pause Young (Prepare Mixed) (G1 Evacuation Pause)
[2025-08-01T01:06:45.497+0000] GC(81) Using 8 workers of 8 for evacuation
[2025-08-01T01:06:45.585+0000] GC(81)   Pre Evacuate Collection Set: 0.8ms
[2025-08-01T01:06:45.585+0000] GC(81)   Merge Heap Roots: 0.2ms
[2025-08-01T01:06:45.585+0000] GC(81)   Evacuate Collection Set: 86.4ms
[2025-08-01T01:06:45.585+0000] GC(81)   Post Evacuate Collection Set: 0.7ms
[2025-08-01T01:06:45.585+0000] GC(81)   Other: 0.2ms
[2025-08-01T01:06:45.585+0000] GC(81) Eden regions: 220->0(69)
[2025-08-01T01:06:45.585+0000] GC(81) Survivor regions: 37->33(33)
[2025-08-01T01:06:45.585+0000] GC(81) Old regions: 1133->1359
[2025-08-01T01:06:45.585+0000] GC(81) Archive regions: 2->2
[2025-08-01T01:06:45.585+0000] GC(81) Humongous regions: 0->0
[2025-08-01T01:06:45.585+0000] GC(81) Metaspace: 10061K(10304K)->10061K(10304K) NonClass: 8835K(8960K)->8835K(8960K) Class: 1225K(1344K)->1225K(1344K)
[2025-08-01T01:06:45.585+0000] GC(81) Pause Young (Prepare Mixed) (G1 Evacuation Pause) 2779M->2782M(4096M) 88.375ms
[2025-08-01T01:06:45.585+0000] GC(81) User=0.63s Sys=0.02s Real=0.09s
[2025-08-01T01:06:45.599+0000] GC(82) Pause Young (Mixed) (G1 Evacuation Pause)
[2025-08-01T01:06:45.599+0000] GC(82) Using 8 workers of 8 for evacuation
[2025-08-01T01:06:45.618+0000] GC(82)   Pre Evacuate Collection Set: 0.4ms
[2025-08-01T01:06:45.618+0000] GC(82)   Merge Heap Roots: 0.2ms
[2025-08-01T01:06:45.618+0000] GC(82)   Evacuate Collection Set: 16.5ms
[2025-08-01T01:06:45.618+0000] GC(82)   Post Evacuate Collection Set: 1.2ms
[2025-08-01T01:06:45.618+0000] GC(82)   Other: 0.2ms
[2025-08-01T01:06:45.618+0000] GC(82) Eden regions: 69->0(155)
[2025-08-01T01:06:45.618+0000] GC(82) Survivor regions: 33->13(13)
[2025-08-01T01:06:45.618+0000] GC(82) Old regions: 1359->1338
[2025-08-01T01:06:45.618+0000] GC(82) Archive regions: 2->2
[2025-08-01T01:06:45.618+0000] GC(82) Humongous regions: 0->0
[2025-08-01T01:06:45.618+0000] GC(82) Metaspace: 10061K(10304K)->10061K(10304K) NonClass: 8835K(8960K)->8835K(8960K) Class: 1225K(1344K)->1225K(1344K)
[2025-08-01T01:06:45.618+0000] GC(82) Pause Young (Mixed) (G1 Evacuation Pause) 2920M->2700M(4096M) 18.691ms
[2025-08-01T01:06:45.618+0000] GC(82) User=0.13s Sys=0.00s Real=0.02s
[2025-08-01T01:06:45.671+0000] GC(83) Pause Young (Concurrent Start) (G1 Evacuation Pause)
[2025-08-01T01:06:45.671+0000] GC(83) Using 8 workers of 8 for evacuation
[2025-08-01T01:06:45.727+0000] GC(83)   Pre Evacuate Collection Set: 0.4ms
[2025-08-01T01:06:45.727+0000] GC(83)   Merge Heap Roots: 0.1ms
[2025-08-01T01:06:45.727+0000] GC(83)   Evacuate Collection Set: 54.4ms
[2025-08-01T01:06:45.727+0000] GC(83)   Post Evacuate Collection Set: 1.6ms
[2025-08-01T01:06:45.727+0000] GC(83)   Other: 0.3ms
[2025-08-01T01:06:45.728+0000] GC(83) Eden regions: 155->0(104)
[2025-08-01T01:06:45.728+0000] GC(83) Survivor regions: 13->21(21)
[2025-08-01T01:06:45.728+0000] GC(83) Old regions: 1338->1486
[2025-08-01T01:06:45.728+0000] GC(83) Archive regions: 2->2
[2025-08-01T01:06:45.728+0000] GC(83) Humongous regions: 0->0
[2025-08-01T01:06:45.728+0000] GC(83) Metaspace: 10061K(10304K)->10061K(10304K) NonClass: 8835K(8960K)->8835K(8960K) Class: 1225K(1344K)->1225K(1344K)
[2025-08-01T01:06:45.728+0000] GC(83) Pause Young (Concurrent Start) (G1 Evacuation Pause) 3010M->3013M(4096M) 56.974ms
[2025-08-01T01:06:45.728+0000] GC(83) User=0.41s Sys=0.02s Real=0.06s
[2025-08-01T01:06:45.728+0000] GC(84) Concurrent Mark Cycle
[2025-08-01T01:06:45.728+0000] GC(84) Concurrent Clear Claimed Marks
[2025-08-01T01:06:45.728+0000] GC(84) Concurrent Clear Claimed Marks 0.025ms
[2025-08-01T01:06:45.728+0000] GC(84) Concurrent Scan Root Regions
[2025-08-01T01:06:45.766+0000] GC(84) Concurrent Scan Root Regions 37.694ms
[2025-08-01T01:06:45.766+0000] GC(85) Pause Young (Normal) (G1 Evacuation Pause)
[2025-08-01T01:06:45.766+0000] GC(85) Using 8 workers of 8 for evacuation
[2025-08-01T01:06:45.766+0000] GC(84) Concurrent Mark
[2025-08-01T01:06:45.766+0000] GC(84) Concurrent Mark From Roots
[2025-08-01T01:06:45.766+0000] GC(84) Using 2 workers of 2 for marking
[2025-08-01T01:06:45.802+0000] GC(85)   Pre Evacuate Collection Set: 13.5ms
[2025-08-01T01:06:45.802+0000] GC(85)   Merge Heap Roots: 0.2ms
[2025-08-01T01:06:45.802+0000] GC(85)   Evacuate Collection Set: 34.7ms
[2025-08-01T01:06:45.802+0000] GC(85)   Post Evacuate Collection Set: 0.9ms
[2025-08-01T01:06:45.802+0000] GC(85)   Other: 0.2ms
[2025-08-01T01:06:45.802+0000] GC(85) Eden regions: 104->0(86)
[2025-08-01T01:06:45.802+0000] GC(85) Survivor regions: 21->16(16)
[2025-08-01T01:06:45.802+0000] GC(85) Old regions: 1486->1596
[2025-08-01T01:06:45.802+0000] GC(85) Archive regions: 2->2
[2025-08-01T01:06:45.802+0000] GC(85) Humongous regions: 0->0
[2025-08-01T01:06:45.802+0000] GC(85) Metaspace: 10061K(10304K)->10061K(10304K) NonClass: 8835K(8960K)->8835K(8960K) Class: 1225K(1344K)->1225K(1344K)
[2025-08-01T01:06:45.802+0000] GC(85) Pause Young (Normal) (G1 Evacuation Pause) 3221M->3223M(4096M) 36.741ms
[2025-08-01T01:06:45.802+0000] GC(85) User=0.27s Sys=0.00s Real=0.03s
[2025-08-01T01:06:45.865+0000] GC(86) Pause Young (Normal) (G1 Evacuation Pause)
[2025-08-01T01:06:45.865+0000] GC(86) Using 8 workers of 8 for evacuation
[2025-08-01T01:06:45.900+0000] GC(86)   Pre Evacuate Collection Set: 0.4ms
[2025-08-01T01:06:45.900+0000] GC(86)   Merge Heap Roots: 0.2ms
[2025-08-01T01:06:45.900+0000] GC(86)   Evacuate Collection Set: 33.8ms
[2025-08-01T01:06:45.900+0000] GC(86)   Post Evacuate Collection Set: 0.8ms
[2025-08-01T01:06:45.900+0000] GC(86)   Other: 0.2ms
[2025-08-01T01:06:45.900+0000] GC(86) Eden regions: 86->0(89)
[2025-08-01T01:06:45.900+0000] GC(86) Survivor regions: 16->13(13)
[2025-08-01T01:06:45.900+0000] GC(86) Old regions: 1596->1669
[2025-08-01T01:06:45.900+0000] GC(86) Archive regions: 2->2
[2025-08-01T01:06:45.900+0000] GC(86) Humongous regions: 0->0
[2025-08-01T01:06:45.900+0000] GC(86) Metaspace: 10061K(10304K)->10061K(10304K) NonClass: 8835K(8960K)->8835K(8960K) Class: 1225K(1344K)->1225K(1344K)
[2025-08-01T01:06:45.900+0000] GC(86) Pause Young (Normal) (G1 Evacuation Pause) 3395M->3363M(4096M) 35.514ms
[2025-08-01T01:06:45.900+0000] GC(86) User=0.26s Sys=0.01s Real=0.03s
[2025-08-01T01:06:45.920+0000] GC(87) Pause Young (Normal) (G1 Evacuation Pause)
[2025-08-01T01:06:45.921+0000] GC(87) Using 8 workers of 8 for evacuation
[2025-08-01T01:06:45.955+0000] GC(87)   Pre Evacuate Collection Set: 0.6ms
[2025-08-01T01:06:45.955+0000] GC(87)   Merge Heap Roots: 0.3ms
[2025-08-01T01:06:45.955+0000] GC(87)   Evacuate Collection Set: 32.7ms
[2025-08-01T01:06:45.955+0000] GC(87)   Post Evacuate Collection Set: 1.0ms
[2025-08-01T01:06:45.955+0000] GC(87)   Other: 0.2ms
[2025-08-01T01:06:45.955+0000] GC(87) Eden regions: 89->0(89)
[2025-08-01T01:06:45.955+0000] GC(87) Survivor regions: 13->13(13)
[2025-08-01T01:06:45.955+0000] GC(87) Old regions: 1669->1760
[2025-08-01T01:06:45.955+0000] GC(87) Archive regions: 2->2
[2025-08-01T01:06:45.955+0000] GC(87) Humongous regions: 0->0
[2025-08-01T01:06:45.955+0000] GC(87) Metaspace: 10061K(10304K)->10061K(10304K) NonClass: 8835K(8960K)->8835K(8960K) Class: 1225K(1344K)->1225K(1344K)
[2025-08-01T01:06:45.955+0000] GC(87) Pause Young (Normal) (G1 Evacuation Pause) 3541M->3544M(4096M) 34.914ms
[2025-08-01T01:06:45.955+0000] GC(87) User=0.25s Sys=0.01s Real=0.04s
[2025-08-01T01:06:46.004+0000] GC(84) Concurrent Mark From Roots 238.306ms
[2025-08-01T01:06:46.004+0000] GC(84) Concurrent Preclean
[2025-08-01T01:06:46.004+0000] GC(84) Concurrent Preclean 0.302ms
[2025-08-01T01:06:46.004+0000] GC(84) Pause Remark
[2025-08-01T01:06:46.009+0000] GC(84) Pause Remark 3718M->1894M(4096M) 4.819ms
[2025-08-01T01:06:46.009+0000] GC(84) User=0.02s Sys=0.00s Real=0.00s
[2025-08-01T01:06:46.009+0000] GC(84) Concurrent Mark 243.862ms
[2025-08-01T01:06:46.010+0000] GC(84) Concurrent Rebuild Remembered Sets
[2025-08-01T01:06:46.022+0000] GC(88) Pause Young (Normal) (G1 Evacuation Pause)
[2025-08-01T01:06:46.022+0000] GC(88) Using 8 workers of 8 for evacuation
[2025-08-01T01:06:46.045+0000] GC(88)   Pre Evacuate Collection Set: 0.6ms
[2025-08-01T01:06:46.045+0000] GC(88)   Merge Heap Roots: 0.2ms
[2025-08-01T01:06:46.045+0000] GC(88)   Evacuate Collection Set: 20.9ms
[2025-08-01T01:06:46.045+0000] GC(88)   Post Evacuate Collection Set: 0.9ms
[2025-08-01T01:06:46.045+0000] GC(88)   Other: 0.2ms
[2025-08-01T01:06:46.045+0000] GC(88) Eden regions: 89->0(299)
[2025-08-01T01:06:46.045+0000] GC(88) Survivor regions: 13->13(13)
[2025-08-01T01:06:46.045+0000] GC(88) Old regions: 847->888
[2025-08-01T01:06:46.045+0000] GC(88) Archive regions: 2->2
[2025-08-01T01:06:46.045+0000] GC(88) Humongous regions: 0->0
[2025-08-01T01:06:46.045+0000] GC(88) Metaspace: 10061K(10304K)->10061K(10304K) NonClass: 8835K(8960K)->8835K(8960K) Class: 1225K(1344K)->1225K(1344K)
[2025-08-01T01:06:46.045+0000] GC(88) Pause Young (Normal) (G1 Evacuation Pause) 1898M->1803M(4096M) 23.030ms
[2025-08-01T01:06:46.045+0000] GC(88) User=0.14s Sys=0.02s Real=0.03s
[2025-08-01T01:06:46.165+0000] GC(89) Pause Young (Normal) (G1 Evacuation Pause)
[2025-08-01T01:06:46.166+0000] GC(89) Using 8 workers of 8 for evacuation
[2025-08-01T01:06:46.278+0000] GC(89)   Pre Evacuate Collection Set: 0.7ms
[2025-08-01T01:06:46.278+0000] GC(89)   Merge Heap Roots: 0.8ms
[2025-08-01T01:06:46.278+0000] GC(89)   Evacuate Collection Set: 109.6ms
[2025-08-01T01:06:46.278+0000] GC(89)   Post Evacuate Collection Set: 1.1ms
[2025-08-01T01:06:46.278+0000] GC(89)   Other: 0.2ms
[2025-08-01T01:06:46.278+0000] GC(89) Eden regions: 299->0(200)
[2025-08-01T01:06:46.278+0000] GC(89) Survivor regions: 13->39(39)
[2025-08-01T01:06:46.278+0000] GC(89) Old regions: 888->1163
[2025-08-01T01:06:46.278+0000] GC(89) Archive regions: 2->2
[2025-08-01T01:06:46.278+0000] GC(89) Humongous regions: 0->0
[2025-08-01T01:06:46.278+0000] GC(89) Metaspace: 10061K(10304K)->10061K(10304K) NonClass: 8835K(8960K)->8835K(8960K) Class: 1225K(1344K)->1225K(1344K)
[2025-08-01T01:06:46.278+0000] GC(89) Pause Young (Normal) (G1 Evacuation Pause) 2401M->2405M(4096M) 112.606ms
[2025-08-01T01:06:46.278+0000] GC(89) User=0.81s Sys=0.05s Real=0.11s
[2025-08-01T01:06:46.368+0000] GC(90) Pause Young (Normal) (G1 Evacuation Pause)
[2025-08-01T01:06:46.368+0000] GC(90) Using 8 workers of 8 for evacuation
[2025-08-01T01:06:46.432+0000] GC(90)   Pre Evacuate Collection Set: 0.5ms
[2025-08-01T01:06:46.432+0000] GC(90)   Merge Heap Roots: 0.1ms
[2025-08-01T01:06:46.432+0000] GC(90)   Evacuate Collection Set: 62.5ms
[2025-08-01T01:06:46.432+0000] GC(90)   Post Evacuate Collection Set: 0.9ms
[2025-08-01T01:06:46.432+0000] GC(90)   Other: 0.2ms
[2025-08-01T01:06:46.432+0000] GC(90) Eden regions: 200->0(147)
[2025-08-01T01:06:46.432+0000] GC(90) Survivor regions: 39->30(30)
[2025-08-01T01:06:46.432+0000] GC(90) Old regions: 1163->1340
[2025-08-01T01:06:46.432+0000] GC(90) Archive regions: 2->2
[2025-08-01T01:06:46.432+0000] GC(90) Humongous regions: 0->0
[2025-08-01T01:06:46.432+0000] GC(90) Metaspace: 10061K(10304K)->10061K(10304K) NonClass: 8835K(8960K)->8835K(8960K) Class: 1225K(1344K)->1225K(1344K)
[2025-08-01T01:06:46.432+0000] GC(90) Pause Young (Normal) (G1 Evacuation Pause) 2805M->2741M(4096M) 64.500ms
[2025-08-01T01:06:46.432+0000] GC(90) User=0.47s Sys=0.03s Real=0.06s
[2025-08-01T01:06:46.445+0000] GC(84) Concurrent Rebuild Remembered Sets 435.240ms
[2025-08-01T01:06:46.445+0000] GC(84) Pause Cleanup
[2025-08-01T01:06:46.446+0000] GC(84) Pause Cleanup 2823M->2823M(4096M) 0.665ms
[2025-08-01T01:06:46.446+0000] GC(84) User=0.00s Sys=0.00s Real=0.00s
[2025-08-01T01:06:46.446+0000] GC(84) Concurrent Cleanup for Next Mark
[2025-08-01T01:06:46.454+0000] GC(84) Concurrent Cleanup for Next Mark 8.247ms
[2025-08-01T01:06:46.454+0000] GC(84) Concurrent Mark Cycle 726.537ms
[2025-08-01T01:06:46.512+0000] GC(91) Pause Young (Prepare Mixed) (G1 Evacuation Pause)
[2025-08-01T01:06:46.512+0000] GC(91) Using 8 workers of 8 for evacuation
[2025-08-01T01:06:46.577+0000] GC(91)   Pre Evacuate Collection Set: 0.8ms
[2025-08-01T01:06:46.577+0000] GC(91)   Merge Heap Roots: 0.2ms
[2025-08-01T01:06:46.577+0000] GC(91)   Evacuate Collection Set: 63.6ms
[2025-08-01T01:06:46.577+0000] GC(91)   Post Evacuate Collection Set: 0.8ms
[2025-08-01T01:06:46.577+0000] GC(91)   Other: 0.2ms
[2025-08-01T01:06:46.577+0000] GC(91) Eden regions: 147->0(79)
[2025-08-01T01:06:46.577+0000] GC(91) Survivor regions: 30->23(23)
[2025-08-01T01:06:46.577+0000] GC(91) Old regions: 1340->1497
[2025-08-01T01:06:46.577+0000] GC(91) Archive regions: 2->2
[2025-08-01T01:06:46.577+0000] GC(91) Humongous regions: 0->0
[2025-08-01T01:06:46.577+0000] GC(91) Metaspace: 10061K(10304K)->10061K(10304K) NonClass: 8835K(8960K)->8835K(8960K) Class: 1225K(1344K)->1225K(1344K)
[2025-08-01T01:06:46.577+0000] GC(91) Pause Young (Prepare Mixed) (G1 Evacuation Pause) 3035M->3040M(4096M) 65.627ms
[2025-08-01T01:06:46.577+0000] GC(91) User=0.49s Sys=0.02s Real=0.07s
[2025-08-01T01:06:46.638+0000] GC(92) Pause Young (Mixed) (G1 Evacuation Pause)
[2025-08-01T01:06:46.639+0000] GC(92) Using 8 workers of 8 for evacuation
[2025-08-01T01:06:46.675+0000] GC(92)   Pre Evacuate Collection Set: 2.0ms
[2025-08-01T01:06:46.676+0000] GC(92)   Merge Heap Roots: 1.0ms
[2025-08-01T01:06:46.676+0000] GC(92)   Evacuate Collection Set: 31.9ms
[2025-08-01T01:06:46.676+0000] GC(92)   Post Evacuate Collection Set: 1.9ms
[2025-08-01T01:06:46.676+0000] GC(92)   Other: 0.2ms
[2025-08-01T01:06:46.676+0000] GC(92) Eden regions: 79->0(89)
[2025-08-01T01:06:46.676+0000] GC(92) Survivor regions: 23->13(13)
[2025-08-01T01:06:46.676+0000] GC(92) Old regions: 1497->1548
[2025-08-01T01:06:46.676+0000] GC(92) Archive regions: 2->2
[2025-08-01T01:06:46.676+0000] GC(92) Humongous regions: 0->0
[2025-08-01T01:06:46.676+0000] GC(92) Metaspace: 10061K(10304K)->10061K(10304K) NonClass: 8835K(8960K)->8835K(8960K) Class: 1225K(1344K)->1225K(1344K)
[2025-08-01T01:06:46.676+0000] GC(92) Pause Young (Mixed) (G1 Evacuation Pause) 3198M->3122M(4096M) 37.242ms
[2025-08-01T01:06:46.676+0000] GC(92) User=0.25s Sys=0.01s Real=0.04s
[2025-08-01T01:06:46.703+0000] GC(93) Pause Young (Concurrent Start) (G1 Evacuation Pause)
[2025-08-01T01:06:46.703+0000] GC(93) Using 8 workers of 8 for evacuation
[2025-08-01T01:06:46.776+0000] GC(93)   Pre Evacuate Collection Set: 1.0ms
[2025-08-01T01:06:46.776+0000] GC(93)   Merge Heap Roots: 1.5ms
[2025-08-01T01:06:46.776+0000] GC(93)   Evacuate Collection Set: 68.1ms
[2025-08-01T01:06:46.776+0000] GC(93)   Post Evacuate Collection Set: 1.3ms
[2025-08-01T01:06:46.776+0000] GC(93)   Other: 0.5ms
[2025-08-01T01:06:46.776+0000] GC(93) Eden regions: 89->0(89)
[2025-08-01T01:06:46.776+0000] GC(93) Survivor regions: 13->13(13)
[2025-08-01T01:06:46.776+0000] GC(93) Old regions: 1548->1639
[2025-08-01T01:06:46.776+0000] GC(93) Archive regions: 2->2
[2025-08-01T01:06:46.776+0000] GC(93) Humongous regions: 0->0
[2025-08-01T01:06:46.776+0000] GC(93) Metaspace: 10061K(10304K)->10061K(10304K) NonClass: 8835K(8960K)->8835K(8960K) Class: 1225K(1344K)->1225K(1344K)
[2025-08-01T01:06:46.776+0000] GC(93) Pause Young (Concurrent Start) (G1 Evacuation Pause) 3300M->3305M(4096M) 72.788ms
[2025-08-01T01:06:46.776+0000] GC(93) User=0.49s Sys=0.04s Real=0.07s
[2025-08-01T01:06:46.776+0000] GC(94) Concurrent Mark Cycle
[2025-08-01T01:06:46.776+0000] GC(94) Concurrent Clear Claimed Marks
[2025-08-01T01:06:46.776+0000] GC(94) Concurrent Clear Claimed Marks 0.029ms
[2025-08-01T01:06:46.776+0000] GC(94) Concurrent Scan Root Regions
[2025-08-01T01:06:46.819+0000] GC(94) Concurrent Scan Root Regions 42.738ms
[2025-08-01T01:06:46.819+0000] GC(94) Concurrent Mark
[2025-08-01T01:06:46.819+0000] GC(94) Concurrent Mark From Roots
[2025-08-01T01:06:46.819+0000] GC(94) Using 2 workers of 2 for marking
[2025-08-01T01:06:46.859+0000] GC(95) Pause Young (Normal) (G1 Evacuation Pause)
[2025-08-01T01:06:46.859+0000] GC(95) Using 8 workers of 8 for evacuation
[2025-08-01T01:06:46.887+0000] GC(95)   Pre Evacuate Collection Set: 0.7ms
[2025-08-01T01:06:46.887+0000] GC(95)   Merge Heap Roots: 0.2ms
[2025-08-01T01:06:46.887+0000] GC(95)   Evacuate Collection Set: 25.5ms
[2025-08-01T01:06:46.887+0000] GC(95)   Post Evacuate Collection Set: 1.3ms
[2025-08-01T01:06:46.887+0000] GC(95)   Other: 0.2ms
[2025-08-01T01:06:46.887+0000] GC(95) Eden regions: 89->0(89)
[2025-08-01T01:06:46.887+0000] GC(95) Survivor regions: 13->13(13)
[2025-08-01T01:06:46.887+0000] GC(95) Old regions: 1639->1685
[2025-08-01T01:06:46.887+0000] GC(95) Archive regions: 2->2
[2025-08-01T01:06:46.887+0000] GC(95) Humongous regions: 0->0
[2025-08-01T01:06:46.888+0000] GC(95) Metaspace: 10061K(10304K)->10061K(10304K) NonClass: 8835K(8960K)->8835K(8960K) Class: 1225K(1344K)->1225K(1344K)
[2025-08-01T01:06:46.888+0000] GC(95) Pause Young (Normal) (G1 Evacuation Pause) 3483M->3396M(4096M) 28.104ms
[2025-08-01T01:06:46.888+0000] GC(95) User=0.18s Sys=0.01s Real=0.03s
[2025-08-01T01:06:46.916+0000] GC(96) Pause Young (Normal) (G1 Evacuation Pause)
[2025-08-01T01:06:46.916+0000] GC(96) Using 8 workers of 8 for evacuation
[2025-08-01T01:06:46.952+0000] GC(96)   Pre Evacuate Collection Set: 0.6ms
[2025-08-01T01:06:46.952+0000] GC(96)   Merge Heap Roots: 0.1ms
[2025-08-01T01:06:46.952+0000] GC(96)   Evacuate Collection Set: 34.4ms
[2025-08-01T01:06:46.952+0000] GC(96)   Post Evacuate Collection Set: 0.9ms
[2025-08-01T01:06:46.952+0000] GC(96)   Other: 0.2ms
[2025-08-01T01:06:46.952+0000] GC(96) Eden regions: 89->0(89)
[2025-08-01T01:06:46.952+0000] GC(96) Survivor regions: 13->13(13)
[2025-08-01T01:06:46.952+0000] GC(96) Old regions: 1685->1776
[2025-08-01T01:06:46.952+0000] GC(96) Archive regions: 2->2
[2025-08-01T01:06:46.952+0000] GC(96) Humongous regions: 0->0
[2025-08-01T01:06:46.952+0000] GC(96) Metaspace: 10061K(10304K)->10061K(10304K) NonClass: 8835K(8960K)->8835K(8960K) Class: 1225K(1344K)->1225K(1344K)
[2025-08-01T01:06:46.952+0000] GC(96) Pause Young (Normal) (G1 Evacuation Pause) 3574M->3578M(4096M) 36.345ms
[2025-08-01T01:06:46.953+0000] GC(96) User=0.26s Sys=0.00s Real=0.03s
[2025-08-01T01:06:46.970+0000] GC(97) Pause Young (Normal) (G1 Evacuation Pause)
[2025-08-01T01:06:46.970+0000] GC(97) Using 8 workers of 8 for evacuation
[2025-08-01T01:06:47.001+0000] GC(97)   Pre Evacuate Collection Set: 0.6ms
[2025-08-01T01:06:47.001+0000] GC(97)   Merge Heap Roots: 0.3ms
[2025-08-01T01:06:47.001+0000] GC(97)   Evacuate Collection Set: 29.7ms
[2025-08-01T01:06:47.001+0000] GC(97)   Post Evacuate Collection Set: 0.7ms
[2025-08-01T01:06:47.001+0000] GC(97)   Other: 0.2ms
[2025-08-01T01:06:47.001+0000] GC(97) Eden regions: 89->0(89)
[2025-08-01T01:06:47.001+0000] GC(97) Survivor regions: 13->13(13)
[2025-08-01T01:06:47.002+0000] GC(97) Old regions: 1776->1866
[2025-08-01T01:06:47.002+0000] GC(97) Archive regions: 2->2
[2025-08-01T01:06:47.002+0000] GC(97) Humongous regions: 0->0
[2025-08-01T01:06:47.002+0000] GC(97) Metaspace: 10061K(10304K)->10061K(10304K) NonClass: 8835K(8960K)->8835K(8960K) Class: 1225K(1344K)->1225K(1344K)
[2025-08-01T01:06:47.002+0000] GC(97) Pause Young (Normal) (G1 Evacuation Pause) 3756M->3759M(4096M) 31.667ms
[2025-08-01T01:06:47.002+0000] GC(97) User=0.24s Sys=0.00s Real=0.03s
[2025-08-01T01:06:47.037+0000] GC(98) Pause Young (Normal) (G1 Preventive Collection)
[2025-08-01T01:06:47.037+0000] GC(98) Using 8 workers of 8 for evacuation
[2025-08-01T01:06:47.063+0000] GC(98)   Pre Evacuate Collection Set: 0.4ms
[2025-08-01T01:06:47.063+0000] GC(98)   Merge Heap Roots: 0.2ms
[2025-08-01T01:06:47.064+0000] GC(98)   Evacuate Collection Set: 25.1ms
[2025-08-01T01:06:47.064+0000] GC(98)   Post Evacuate Collection Set: 0.9ms
[2025-08-01T01:06:47.064+0000] GC(98)   Other: 0.2ms
[2025-08-01T01:06:47.064+0000] GC(98) Eden regions: 72->0(89)
[2025-08-01T01:06:47.064+0000] GC(98) Survivor regions: 13->13(13)
[2025-08-01T01:06:47.064+0000] GC(98) Old regions: 1866->1941
[2025-08-01T01:06:47.064+0000] GC(98) Archive regions: 2->2
[2025-08-01T01:06:47.064+0000] GC(98) Humongous regions: 0->0
[2025-08-01T01:06:47.064+0000] GC(98) Metaspace: 10061K(10304K)->10061K(10304K) NonClass: 8835K(8960K)->8835K(8960K) Class: 1225K(1344K)->1225K(1344K)
[2025-08-01T01:06:47.064+0000] GC(98) Pause Young (Normal) (G1 Preventive Collection) 3903M->3908M(4096M) 26.926ms
[2025-08-01T01:06:47.064+0000] GC(98) User=0.20s Sys=0.00s Real=0.03s
[2025-08-01T01:06:47.071+0000] GC(99) Pause Young (Normal) (G1 Preventive Collection)
[2025-08-01T01:06:47.071+0000] GC(99) Using 8 workers of 8 for evacuation
[2025-08-01T01:06:47.087+0000] GC(99)   Pre Evacuate Collection Set: 0.3ms
[2025-08-01T01:06:47.087+0000] GC(99)   Merge Heap Roots: 0.1ms
[2025-08-01T01:06:47.087+0000] GC(99)   Evacuate Collection Set: 14.7ms
[2025-08-01T01:06:47.087+0000] GC(99)   Post Evacuate Collection Set: 0.5ms
[2025-08-01T01:06:47.087+0000] GC(99)   Other: 0.2ms
[2025-08-01T01:06:47.087+0000] GC(99) Eden regions: 37->0(89)
[2025-08-01T01:06:47.087+0000] GC(99) Survivor regions: 13->13(13)
[2025-08-01T01:06:47.087+0000] GC(99) Old regions: 1941->1980
[2025-08-01T01:06:47.087+0000] GC(99) Archive regions: 2->2
[2025-08-01T01:06:47.087+0000] GC(99) Humongous regions: 0->0
[2025-08-01T01:06:47.087+0000] GC(99) Metaspace: 10061K(10304K)->10061K(10304K) NonClass: 8835K(8960K)->8835K(8960K) Class: 1225K(1344K)->1225K(1344K)
[2025-08-01T01:06:47.087+0000] GC(99) Pause Young (Normal) (G1 Preventive Collection) 3982M->3986M(4096M) 16.019ms
[2025-08-01T01:06:47.087+0000] GC(99) User=0.10s Sys=0.00s Real=0.02s
[2025-08-01T01:06:47.091+0000] GC(100) Pause Young (Normal) (G1 Preventive Collection)
[2025-08-01T01:06:47.091+0000] GC(100) Using 8 workers of 8 for evacuation
[2025-08-01T01:06:47.099+0000] GC(100)   Pre Evacuate Collection Set: 0.3ms
[2025-08-01T01:06:47.099+0000] GC(100)   Merge Heap Roots: 0.1ms
[2025-08-01T01:06:47.099+0000] GC(100)   Evacuate Collection Set: 6.9ms
[2025-08-01T01:06:47.099+0000] GC(100)   Post Evacuate Collection Set: 0.6ms
[2025-08-01T01:06:47.099+0000] GC(100)   Other: 0.2ms
[2025-08-01T01:06:47.099+0000] GC(100) Eden regions: 18->0(89)
[2025-08-01T01:06:47.099+0000] GC(100) Survivor regions: 13->13(13)
[2025-08-01T01:06:47.099+0000] GC(100) Old regions: 1980->1995
[2025-08-01T01:06:47.099+0000] GC(100) Archive regions: 2->2
[2025-08-01T01:06:47.099+0000] GC(100) Humongous regions: 0->0
[2025-08-01T01:06:47.099+0000] GC(100) Metaspace: 10061K(10304K)->10061K(10304K) NonClass: 8835K(8960K)->8835K(8960K) Class: 1225K(1344K)->1225K(1344K)
[2025-08-01T01:06:47.099+0000] GC(100) Pause Young (Normal) (G1 Preventive Collection) 4022M->4017M(4096M) 8.214ms
[2025-08-01T01:06:47.099+0000] GC(100) User=0.06s Sys=0.00s Real=0.01s
[2025-08-01T01:06:47.103+0000] GC(101) Pause Young (Normal) (G1 Preventive Collection)
[2025-08-01T01:06:47.103+0000] GC(101) Using 8 workers of 8 for evacuation
[2025-08-01T01:06:47.111+0000] GC(101)   Pre Evacuate Collection Set: 0.6ms
[2025-08-01T01:06:47.111+0000] GC(101)   Merge Heap Roots: 0.1ms
[2025-08-01T01:06:47.112+0000] GC(101)   Evacuate Collection Set: 7.1ms
[2025-08-01T01:06:47.112+0000] GC(101)   Post Evacuate Collection Set: 0.6ms
[2025-08-01T01:06:47.112+0000] GC(101)   Other: 0.2ms
[2025-08-01T01:06:47.112+0000] GC(101) Eden regions: 11->0(91)
[2025-08-01T01:06:47.112+0000] GC(101) Survivor regions: 13->11(13)
[2025-08-01T01:06:47.112+0000] GC(101) Old regions: 1995->2011
[2025-08-01T01:06:47.112+0000] GC(101) Archive regions: 2->2
[2025-08-01T01:06:47.112+0000] GC(101) Humongous regions: 0->0
[2025-08-01T01:06:47.112+0000] GC(101) Metaspace: 10061K(10304K)->10061K(10304K) NonClass: 8835K(8960K)->8835K(8960K) Class: 1225K(1344K)->1225K(1344K)
[2025-08-01T01:06:47.112+0000] GC(101) Pause Young (Normal) (G1 Preventive Collection) 4039M->4045M(4096M) 8.801ms
[2025-08-01T01:06:47.112+0000] GC(101) User=0.06s Sys=0.00s Real=0.00s
[2025-08-01T01:06:47.113+0000] GC(102) Pause Young (Normal) (G1 Preventive Collection)
[2025-08-01T01:06:47.113+0000] GC(102) Using 8 workers of 8 for evacuation
[2025-08-01T01:06:47.119+0000] GC(102)   Pre Evacuate Collection Set: 0.3ms
[2025-08-01T01:06:47.119+0000] GC(102)   Merge Heap Roots: 0.2ms
[2025-08-01T01:06:47.119+0000] GC(102)   Evacuate Collection Set: 4.7ms
[2025-08-01T01:06:47.119+0000] GC(102)   Post Evacuate Collection Set: 0.6ms
[2025-08-01T01:06:47.119+0000] GC(102)   Other: 0.2ms
[2025-08-01T01:06:47.119+0000] GC(102) Eden regions: 5->0(96)
[2025-08-01T01:06:47.119+0000] GC(102) Survivor regions: 11->6(13)
[2025-08-01T01:06:47.119+0000] GC(102) Old regions: 2011->2024
[2025-08-01T01:06:47.119+0000] GC(102) Archive regions: 2->2
[2025-08-01T01:06:47.119+0000] GC(102) Humongous regions: 0->0
[2025-08-01T01:06:47.120+0000] GC(102) Metaspace: 10061K(10304K)->10061K(10304K) NonClass: 8835K(8960K)->8835K(8960K) Class: 1225K(1344K)->1225K(1344K)
[2025-08-01T01:06:47.120+0000] GC(102) Pause Young (Normal) (G1 Preventive Collection) 4055M->4060M(4096M) 6.254ms
[2025-08-01T01:06:47.120+0000] GC(102) User=0.04s Sys=0.00s Real=0.00s
[2025-08-01T01:06:47.121+0000] GC(103) Pause Young (Normal) (G1 Preventive Collection)
[2025-08-01T01:06:47.121+0000] GC(103) Using 8 workers of 8 for evacuation
[2025-08-01T01:06:47.126+0000] GC(103)   Pre Evacuate Collection Set: 0.4ms
[2025-08-01T01:06:47.126+0000] GC(103)   Merge Heap Roots: 0.2ms
[2025-08-01T01:06:47.126+0000] GC(103)   Evacuate Collection Set: 3.3ms
[2025-08-01T01:06:47.126+0000] GC(103)   Post Evacuate Collection Set: 0.8ms
[2025-08-01T01:06:47.126+0000] GC(103)   Other: 0.3ms
[2025-08-01T01:06:47.126+0000] GC(103) Eden regions: 4->0(92)
[2025-08-01T01:06:47.126+0000] GC(103) Survivor regions: 6->10(12)
[2025-08-01T01:06:47.126+0000] GC(103) Old regions: 2024->2024
[2025-08-01T01:06:47.126+0000] GC(103) Archive regions: 2->2
[2025-08-01T01:06:47.126+0000] GC(103) Humongous regions: 0->0
[2025-08-01T01:06:47.126+0000] GC(103) Metaspace: 10061K(10304K)->10061K(10304K) NonClass: 8835K(8960K)->8835K(8960K) Class: 1225K(1344K)->1225K(1344K)
[2025-08-01T01:06:47.126+0000] GC(103) Pause Young (Normal) (G1 Preventive Collection) 4068M->4067M(4096M) 5.099ms
[2025-08-01T01:06:47.126+0000] GC(103) User=0.02s Sys=0.00s Real=0.01s
[2025-08-01T01:06:47.127+0000] GC(104) Pause Young (Normal) (G1 Preventive Collection)
[2025-08-01T01:06:47.127+0000] GC(104) Using 8 workers of 8 for evacuation
[2025-08-01T01:06:47.132+0000] GC(104)   Pre Evacuate Collection Set: 0.6ms
[2025-08-01T01:06:47.132+0000] GC(104)   Merge Heap Roots: 0.1ms
[2025-08-01T01:06:47.132+0000] GC(104)   Evacuate Collection Set: 3.7ms
[2025-08-01T01:06:47.132+0000] GC(104)   Post Evacuate Collection Set: 0.7ms
[2025-08-01T01:06:47.132+0000] GC(104)   Other: 0.1ms
[2025-08-01T01:06:47.132+0000] GC(104) Eden regions: 1->0(96)
[2025-08-01T01:06:47.132+0000] GC(104) Survivor regions: 10->6(11)
[2025-08-01T01:06:47.132+0000] GC(104) Old regions: 2024->2029
[2025-08-01T01:06:47.132+0000] GC(104) Archive regions: 2->2
[2025-08-01T01:06:47.132+0000] GC(104) Humongous regions: 0->0
[2025-08-01T01:06:47.132+0000] GC(104) Metaspace: 10061K(10304K)->10061K(10304K) NonClass: 8835K(8960K)->8835K(8960K) Class: 1225K(1344K)->1225K(1344K)
[2025-08-01T01:06:47.132+0000] GC(104) Pause Young (Normal) (G1 Preventive Collection) 4069M->4070M(4096M) 5.473ms
[2025-08-01T01:06:47.132+0000] GC(104) User=0.03s Sys=0.00s Real=0.00s
[2025-08-01T01:06:47.133+0000] GC(105) Pause Young (Normal) (G1 Preventive Collection)
[2025-08-01T01:06:47.133+0000] GC(105) Using 8 workers of 8 for evacuation
[2025-08-01T01:06:47.136+0000] GC(105)   Pre Evacuate Collection Set: 0.3ms
[2025-08-01T01:06:47.136+0000] GC(105)   Merge Heap Roots: 0.1ms
[2025-08-01T01:06:47.136+0000] GC(105)   Evacuate Collection Set: 2.0ms
[2025-08-01T01:06:47.136+0000] GC(105)   Post Evacuate Collection Set: 0.7ms
[2025-08-01T01:06:47.136+0000] GC(105)   Other: 0.1ms
[2025-08-01T01:06:47.136+0000] GC(105) Eden regions: 2->0(94)
[2025-08-01T01:06:47.136+0000] GC(105) Survivor regions: 6->8(9)
[2025-08-01T01:06:47.136+0000] GC(105) Old regions: 2029->2029
[2025-08-01T01:06:47.136+0000] GC(105) Archive regions: 2->2
[2025-08-01T01:06:47.136+0000] GC(105) Humongous regions: 0->0
[2025-08-01T01:06:47.136+0000] GC(105) Metaspace: 10061K(10304K)->10061K(10304K) NonClass: 8835K(8960K)->8835K(8960K) Class: 1225K(1344K)->1225K(1344K)
[2025-08-01T01:06:47.136+0000] GC(105) Pause Young (Normal) (G1 Preventive Collection) 4074M->4073M(4096M) 3.424ms
[2025-08-01T01:06:47.136+0000] GC(105) User=0.01s Sys=0.00s Real=0.01s
[2025-08-01T01:06:47.137+0000] GC(106) Pause Young (Normal) (G1 Preventive Collection)
[2025-08-01T01:06:47.137+0000] GC(106) Using 8 workers of 8 for evacuation
[2025-08-01T01:06:47.140+0000] GC(106)   Pre Evacuate Collection Set: 0.3ms
[2025-08-01T01:06:47.140+0000] GC(106)   Merge Heap Roots: 0.1ms
[2025-08-01T01:06:47.140+0000] GC(106)   Evacuate Collection Set: 2.5ms
[2025-08-01T01:06:47.140+0000] GC(106)   Post Evacuate Collection Set: 0.6ms
[2025-08-01T01:06:47.140+0000] GC(106)   Other: 0.1ms
[2025-08-01T01:06:47.140+0000] GC(106) Eden regions: 1->0(98)
[2025-08-01T01:06:47.140+0000] GC(106) Survivor regions: 8->4(8)
[2025-08-01T01:06:47.140+0000] GC(106) Old regions: 2029->2033
[2025-08-01T01:06:47.140+0000] GC(106) Archive regions: 2->2
[2025-08-01T01:06:47.140+0000] GC(106) Humongous regions: 0->0
[2025-08-01T01:06:47.140+0000] GC(106) Metaspace: 10061K(10304K)->10061K(10304K) NonClass: 8835K(8960K)->8835K(8960K) Class: 1225K(1344K)->1225K(1344K)
[2025-08-01T01:06:47.140+0000] GC(106) Pause Young (Normal) (G1 Preventive Collection) 4075M->4075M(4096M) 3.821ms
[2025-08-01T01:06:47.140+0000] GC(106) User=0.02s Sys=0.01s Real=0.00s
[2025-08-01T01:06:47.141+0000] GC(107) Pause Young (Normal) (G1 Preventive Collection)
[2025-08-01T01:06:47.141+0000] GC(107) Using 8 workers of 8 for evacuation
[2025-08-01T01:06:47.144+0000] GC(107)   Pre Evacuate Collection Set: 0.3ms
[2025-08-01T01:06:47.144+0000] GC(107)   Merge Heap Roots: 0.2ms
[2025-08-01T01:06:47.144+0000] GC(107)   Evacuate Collection Set: 1.7ms
[2025-08-01T01:06:47.144+0000] GC(107)   Post Evacuate Collection Set: 0.6ms
[2025-08-01T01:06:47.144+0000] GC(107)   Other: 0.2ms
[2025-08-01T01:06:47.144+0000] GC(107) Eden regions: 2->0(95)
[2025-08-01T01:06:47.144+0000] GC(107) Survivor regions: 4->7(7)
[2025-08-01T01:06:47.144+0000] GC(107) Old regions: 2033->2033
[2025-08-01T01:06:47.144+0000] GC(107) Archive regions: 2->2
[2025-08-01T01:06:47.144+0000] GC(107) Humongous regions: 0->0
[2025-08-01T01:06:47.144+0000] GC(107) Metaspace: 10061K(10304K)->10061K(10304K) NonClass: 8835K(8960K)->8835K(8960K) Class: 1225K(1344K)->1225K(1344K)
[2025-08-01T01:06:47.144+0000] GC(107) Pause Young (Normal) (G1 Preventive Collection) 4079M->4080M(4096M) 3.166ms
[2025-08-01T01:06:47.144+0000] GC(107) User=0.01s Sys=0.00s Real=0.01s
[2025-08-01T01:06:47.145+0000] GC(108) Pause Young (Normal) (G1 Preventive Collection)
[2025-08-01T01:06:47.145+0000] GC(108) Using 8 workers of 8 for evacuation
[2025-08-01T01:06:47.148+0000] GC(108) To-space exhausted
[2025-08-01T01:06:47.149+0000] GC(108)   Pre Evacuate Collection Set: 0.3ms
[2025-08-01T01:06:47.149+0000] GC(108)   Merge Heap Roots: 0.1ms
[2025-08-01T01:06:47.149+0000] GC(108)   Evacuate Collection Set: 2.0ms
[2025-08-01T01:06:47.149+0000] GC(108)   Post Evacuate Collection Set: 1.1ms
[2025-08-01T01:06:47.149+0000] GC(108)   Other: 0.2ms
[2025-08-01T01:06:47.149+0000] GC(108) Eden regions: 1->0(97)
[2025-08-01T01:06:47.149+0000] GC(108) Survivor regions: 7->5(5)
[2025-08-01T01:06:47.149+0000] GC(108) Old regions: 2033->2040
[2025-08-01T01:06:47.149+0000] GC(108) Archive regions: 2->2
[2025-08-01T01:06:47.149+0000] GC(108) Humongous regions: 0->0
[2025-08-01T01:06:47.149+0000] GC(108) Metaspace: 10061K(10304K)->10061K(10304K) NonClass: 8835K(8960K)->8835K(8960K) Class: 1225K(1344K)->1225K(1344K)
[2025-08-01T01:06:47.149+0000] GC(108) Pause Young (Normal) (G1 Preventive Collection) 4082M->4090M(4096M) 3.906ms
[2025-08-01T01:06:47.149+0000] GC(108) User=0.02s Sys=0.00s Real=0.00s
[2025-08-01T01:06:47.149+0000] GC(109) Pause Young (Normal) (G1 Evacuation Pause)
[2025-08-01T01:06:47.149+0000] GC(109) Using 8 workers of 8 for evacuation
[2025-08-01T01:06:47.152+0000] GC(109) To-space exhausted
[2025-08-01T01:06:47.152+0000] GC(109)   Pre Evacuate Collection Set: 0.3ms
[2025-08-01T01:06:47.152+0000] GC(109)   Merge Heap Roots: 0.1ms
[2025-08-01T01:06:47.152+0000] GC(109)   Evacuate Collection Set: 1.2ms
[2025-08-01T01:06:47.152+0000] GC(109)   Post Evacuate Collection Set: 1.2ms
[2025-08-01T01:06:47.152+0000] GC(109)   Other: 0.2ms
[2025-08-01T01:06:47.152+0000] GC(109) Eden regions: 1->0(102)
[2025-08-01T01:06:47.152+0000] GC(109) Survivor regions: 5->0(0)
[2025-08-01T01:06:47.152+0000] GC(109) Old regions: 2040->2046
[2025-08-01T01:06:47.152+0000] GC(109) Archive regions: 2->2
[2025-08-01T01:06:47.152+0000] GC(109) Humongous regions: 0->0
[2025-08-01T01:06:47.152+0000] GC(109) Metaspace: 10061K(10304K)->10061K(10304K) NonClass: 8835K(8960K)->8835K(8960K) Class: 1225K(1344K)->1225K(1344K)
[2025-08-01T01:06:47.152+0000] GC(109) Pause Young (Normal) (G1 Evacuation Pause) 4092M->4092M(4096M) 3.167ms
[2025-08-01T01:06:47.152+0000] GC(109) User=0.02s Sys=0.00s Real=0.00s
[2025-08-01T01:06:47.152+0000] Attempting full compaction
[2025-08-01T01:06:47.152+0000] GC(110) Pause Full (G1 Compaction Pause)
[2025-08-01T01:06:47.152+0000] GC(110) Using 8 workers of 8 for full compaction
[2025-08-01T01:06:47.158+0000] GC(110) Phase 1: Mark live objects
[2025-08-01T01:06:47.187+0000] GC(110) Phase 1: Mark live objects 29.136ms
[2025-08-01T01:06:47.187+0000] GC(110) Phase 2: Prepare for compaction
[2025-08-01T01:06:47.206+0000] GC(110) Phase 2: Prepare for compaction 18.999ms
[2025-08-01T01:06:47.206+0000] GC(110) Phase 3: Adjust pointers
[2025-08-01T01:06:47.229+0000] GC(110) Phase 3: Adjust pointers 22.445ms
[2025-08-01T01:06:47.229+0000] GC(110) Phase 4: Compact heap
[2025-08-01T01:06:47.280+0000] GC(110) Phase 4: Compact heap 51.261ms
[2025-08-01T01:06:47.289+0000] GC(110) Eden regions: 0->0(384)
[2025-08-01T01:06:47.289+0000] GC(110) Survivor regions: 0->0(0)
[2025-08-01T01:06:47.289+0000] GC(110) Old regions: 2046->296
[2025-08-01T01:06:47.289+0000] GC(110) Archive regions: 2->2
[2025-08-01T01:06:47.289+0000] GC(110) Humongous regions: 0->0
[2025-08-01T01:06:47.289+0000] GC(110) Metaspace: 10061K(10304K)->10061K(10304K) NonClass: 8835K(8960K)->8835K(8960K) Class: 1225K(1344K)->1225K(1344K)
[2025-08-01T01:06:47.289+0000] GC(110) Pause Full (G1 Compaction Pause) 4092M->582M(4096M) 136.725ms
[2025-08-01T01:06:47.289+0000] GC(110) User=0.95s Sys=0.01s Real=0.14s
[2025-08-01T01:06:47.289+0000] GC(94) Concurrent Mark From Roots 470.351ms
[2025-08-01T01:06:47.289+0000] GC(94) Concurrent Mark Abort
[2025-08-01T01:06:47.289+0000] GC(94) Concurrent Mark Cycle 513.342ms
[2025-08-01T01:06:47.452+0000] GC(111) Pause Young (Normal) (G1 Evacuation Pause)
[2025-08-01T01:06:47.452+0000] GC(111) Using 8 workers of 8 for evacuation
[2025-08-01T01:06:48.024+0000] GC(111) MMU target violated: 201.0ms (200.0ms/201.0ms)
[2025-08-01T01:06:48.024+0000] GC(111)   Pre Evacuate Collection Set: 0.7ms
[2025-08-01T01:06:48.024+0000] GC(111)   Merge Heap Roots: 0.2ms
[2025-08-01T01:06:48.024+0000] GC(111)   Evacuate Collection Set: 570.8ms
[2025-08-01T01:06:48.024+0000] GC(111)   Post Evacuate Collection Set: 0.9ms
[2025-08-01T01:06:48.024+0000] GC(111)   Other: 0.3ms
[2025-08-01T01:06:48.025+0000] GC(111) Eden regions: 384->0(196)
[2025-08-01T01:06:48.025+0000] GC(111) Survivor regions: 0->48(48)
[2025-08-01T01:06:48.025+0000] GC(111) Old regions: 296->634
[2025-08-01T01:06:48.025+0000] GC(111) Archive regions: 2->2
[2025-08-01T01:06:48.025+0000] GC(111) Humongous regions: 0->0
[2025-08-01T01:06:48.025+0000] GC(111) Metaspace: 10061K(10304K)->10061K(10304K) NonClass: 8835K(8960K)->8835K(8960K) Class: 1225K(1344K)->1225K(1344K)
[2025-08-01T01:06:48.025+0000] GC(111) Pause Young (Normal) (G1 Evacuation Pause) 1350M->1354M(4096M) 573.049ms
[2025-08-01T01:06:48.025+0000] GC(111) User=2.22s Sys=1.01s Real=0.58s
[2025-08-01T01:06:48.106+0000] GC(112) Pause Young (Concurrent Start) (G1 Evacuation Pause)
[2025-08-01T01:06:48.106+0000] GC(112) Using 8 workers of 8 for evacuation
[2025-08-01T01:06:48.195+0000] GC(112)   Pre Evacuate Collection Set: 0.6ms
[2025-08-01T01:06:48.196+0000] GC(112)   Merge Heap Roots: 0.2ms
[2025-08-01T01:06:48.196+0000] GC(112)   Evacuate Collection Set: 85.9ms
[2025-08-01T01:06:48.196+0000] GC(112)   Post Evacuate Collection Set: 2.1ms
[2025-08-01T01:06:48.196+0000] GC(112)   Other: 0.7ms
[2025-08-01T01:06:48.196+0000] GC(112) Eden regions: 196->0(325)
[2025-08-01T01:06:48.196+0000] GC(112) Survivor regions: 48->31(31)
[2025-08-01T01:06:48.196+0000] GC(112) Old regions: 634->776
[2025-08-01T01:06:48.196+0000] GC(112) Archive regions: 2->2
[2025-08-01T01:06:48.196+0000] GC(112) Humongous regions: 0->0
[2025-08-01T01:06:48.196+0000] GC(112) Metaspace: 10061K(10304K)->10061K(10304K) NonClass: 8835K(8960K)->8835K(8960K) Class: 1225K(1344K)->1225K(1344K)
[2025-08-01T01:06:48.196+0000] GC(112) Pause Young (Concurrent Start) (G1 Evacuation Pause) 1746M->1604M(4096M) 89.651ms
[2025-08-01T01:06:48.196+0000] GC(112) User=0.65s Sys=0.02s Real=0.09s
[2025-08-01T01:06:48.196+0000] GC(113) Concurrent Mark Cycle
[2025-08-01T01:06:48.196+0000] GC(113) Concurrent Clear Claimed Marks
[2025-08-01T01:06:48.196+0000] GC(113) Concurrent Clear Claimed Marks 0.035ms
[2025-08-01T01:06:48.196+0000] GC(113) Concurrent Scan Root Regions
[2025-08-01T01:06:48.243+0000] GC(113) Concurrent Scan Root Regions 46.763ms
[2025-08-01T01:06:48.243+0000] GC(113) Concurrent Mark
[2025-08-01T01:06:48.243+0000] GC(113) Concurrent Mark From Roots
[2025-08-01T01:06:48.243+0000] GC(113) Using 2 workers of 2 for marking
[2025-08-01T01:06:48.348+0000] GC(114) Pause Young (Normal) (G1 Evacuation Pause)
[2025-08-01T01:06:48.348+0000] GC(114) Using 8 workers of 8 for evacuation
[2025-08-01T01:06:48.432+0000] GC(114)   Pre Evacuate Collection Set: 0.4ms
[2025-08-01T01:06:48.432+0000] GC(114)   Merge Heap Roots: 0.2ms
[2025-08-01T01:06:48.432+0000] GC(114)   Evacuate Collection Set: 82.1ms
[2025-08-01T01:06:48.432+0000] GC(114)   Post Evacuate Collection Set: 1.2ms
[2025-08-01T01:06:48.432+0000] GC(114)   Other: 0.2ms
[2025-08-01T01:06:48.432+0000] GC(114) Eden regions: 325->0(261)
[2025-08-01T01:06:48.432+0000] GC(114) Survivor regions: 31->45(45)
[2025-08-01T01:06:48.432+0000] GC(114) Old regions: 776->979
[2025-08-01T01:06:48.432+0000] GC(114) Archive regions: 2->2
[2025-08-01T01:06:48.432+0000] GC(114) Humongous regions: 0->0
[2025-08-01T01:06:48.432+0000] GC(114) Metaspace: 10061K(10304K)->10061K(10304K) NonClass: 8835K(8960K)->8835K(8960K) Class: 1225K(1344K)->1225K(1344K)
[2025-08-01T01:06:48.432+0000] GC(114) Pause Young (Normal) (G1 Evacuation Pause) 2254M->2038M(4096M) 84.280ms
[2025-08-01T01:06:48.432+0000] GC(114) User=0.61s Sys=0.03s Real=0.08s
[2025-08-01T01:06:48.444+0000] GC(113) Concurrent Mark From Roots 201.393ms
[2025-08-01T01:06:48.444+0000] GC(113) Concurrent Preclean
[2025-08-01T01:06:48.445+0000] GC(113) Concurrent Preclean 0.343ms
[2025-08-01T01:06:48.445+0000] GC(113) Pause Remark
[2025-08-01T01:06:48.447+0000] GC(113) Pause Remark 2192M->1974M(4096M) 2.294ms
[2025-08-01T01:06:48.447+0000] GC(113) User=0.01s Sys=0.00s Real=0.00s
[2025-08-01T01:06:48.448+0000] GC(113) Concurrent Mark 204.572ms
[2025-08-01T01:06:48.448+0000] GC(113) Concurrent Rebuild Remembered Sets
[2025-08-01T01:06:48.527+0000] GC(115) Pause Young (Normal) (G1 Evacuation Pause)
[2025-08-01T01:06:48.527+0000] GC(115) Using 8 workers of 8 for evacuation
[2025-08-01T01:06:48.626+0000] GC(115)   Pre Evacuate Collection Set: 0.6ms
[2025-08-01T01:06:48.626+0000] GC(115)   Merge Heap Roots: 0.6ms
[2025-08-01T01:06:48.626+0000] GC(115)   Evacuate Collection Set: 97.0ms
[2025-08-01T01:06:48.626+0000] GC(115)   Post Evacuate Collection Set: 0.8ms
[2025-08-01T01:06:48.626+0000] GC(115)   Other: 0.2ms
[2025-08-01T01:06:48.626+0000] GC(115) Eden regions: 261->0(209)
[2025-08-01T01:06:48.626+0000] GC(115) Survivor regions: 45->39(39)
[2025-08-01T01:06:48.626+0000] GC(115) Old regions: 869->1138
[2025-08-01T01:06:48.626+0000] GC(115) Archive regions: 2->2
[2025-08-01T01:06:48.626+0000] GC(115) Humongous regions: 0->0
[2025-08-01T01:06:48.626+0000] GC(115) Metaspace: 10061K(10304K)->10061K(10304K) NonClass: 8835K(8960K)->8835K(8960K) Class: 1225K(1344K)->1225K(1344K)
[2025-08-01T01:06:48.626+0000] GC(115) Pause Young (Normal) (G1 Evacuation Pause) 2342M->2346M(4096M) 99.402ms
[2025-08-01T01:06:48.626+0000] GC(115) User=0.74s Sys=0.01s Real=0.10s
[2025-08-01T01:06:48.713+0000] GC(116) Pause Young (Normal) (G1 Evacuation Pause)
[2025-08-01T01:06:48.713+0000] GC(116) Using 8 workers of 8 for evacuation
[2025-08-01T01:06:48.778+0000] GC(116)   Pre Evacuate Collection Set: 0.4ms
[2025-08-01T01:06:48.778+0000] GC(116)   Merge Heap Roots: 0.2ms
[2025-08-01T01:06:48.778+0000] GC(116)   Evacuate Collection Set: 63.5ms
[2025-08-01T01:06:48.778+0000] GC(116)   Post Evacuate Collection Set: 0.7ms
[2025-08-01T01:06:48.778+0000] GC(116)   Other: 0.2ms
[2025-08-01T01:06:48.779+0000] GC(116) Eden regions: 209->0(153)
[2025-08-01T01:06:48.779+0000] GC(116) Survivor regions: 39->31(31)
[2025-08-01T01:06:48.779+0000] GC(116) Old regions: 1138->1324
[2025-08-01T01:06:48.779+0000] GC(116) Archive regions: 2->2
[2025-08-01T01:06:48.779+0000] GC(116) Humongous regions: 0->0
[2025-08-01T01:06:48.779+0000] GC(116) Metaspace: 10061K(10304K)->10061K(10304K) NonClass: 8835K(8960K)->8835K(8960K) Class: 1225K(1344K)->1225K(1344K)
[2025-08-01T01:06:48.779+0000] GC(116) Pause Young (Normal) (G1 Evacuation Pause) 2764M->2702M(4096M) 65.154ms
[2025-08-01T01:06:48.779+0000] GC(116) User=0.51s Sys=0.00s Real=0.06s
[2025-08-01T01:06:48.786+0000] GC(113) Concurrent Rebuild Remembered Sets 338.052ms
[2025-08-01T01:06:48.787+0000] GC(113) Pause Cleanup
[2025-08-01T01:06:48.787+0000] GC(113) Pause Cleanup 2758M->2758M(4096M) 0.895ms
[2025-08-01T01:06:48.788+0000] GC(113) User=0.00s Sys=0.00s Real=0.00s
[2025-08-01T01:06:48.788+0000] GC(113) Concurrent Cleanup for Next Mark
[2025-08-01T01:06:48.800+0000] GC(113) Concurrent Cleanup for Next Mark 12.758ms
[2025-08-01T01:06:48.800+0000] GC(113) Concurrent Mark Cycle 604.398ms
[2025-08-01T01:06:48.859+0000] GC(117) Pause Young (Prepare Mixed) (G1 Evacuation Pause)
[2025-08-01T01:06:48.859+0000] GC(117) Using 8 workers of 8 for evacuation
[2025-08-01T01:06:48.899+0000] GC(117)   Pre Evacuate Collection Set: 0.6ms
[2025-08-01T01:06:48.899+0000] GC(117)   Merge Heap Roots: 0.2ms
[2025-08-01T01:06:48.899+0000] GC(117)   Evacuate Collection Set: 38.2ms
[2025-08-01T01:06:48.899+0000] GC(117)   Post Evacuate Collection Set: 1.2ms
[2025-08-01T01:06:48.899+0000] GC(117)   Other: 0.2ms
[2025-08-01T01:06:48.899+0000] GC(117) Eden regions: 153->0(79)
[2025-08-01T01:06:48.899+0000] GC(117) Survivor regions: 31->23(23)
[2025-08-01T01:06:48.899+0000] GC(117) Old regions: 1324->1408
[2025-08-01T01:06:48.899+0000] GC(117) Archive regions: 2->2
[2025-08-01T01:06:48.899+0000] GC(117) Humongous regions: 0->0
[2025-08-01T01:06:48.899+0000] GC(117) Metaspace: 10061K(10304K)->10061K(10304K) NonClass: 8835K(8960K)->8835K(8960K) Class: 1225K(1344K)->1225K(1344K)
[2025-08-01T01:06:48.899+0000] GC(117) Pause Young (Prepare Mixed) (G1 Evacuation Pause) 3008M->2854M(4096M) 40.525ms
[2025-08-01T01:06:48.899+0000] GC(117) User=0.30s Sys=0.00s Real=0.04s
[2025-08-01T01:06:48.916+0000] GC(118) Pause Young (Mixed) (G1 Evacuation Pause)
[2025-08-01T01:06:48.916+0000] GC(118) Using 8 workers of 8 for evacuation
[2025-08-01T01:06:48.951+0000] GC(118)   Pre Evacuate Collection Set: 0.5ms
[2025-08-01T01:06:48.951+0000] GC(118)   Merge Heap Roots: 0.2ms
[2025-08-01T01:06:48.951+0000] GC(118)   Evacuate Collection Set: 33.0ms
[2025-08-01T01:06:48.952+0000] GC(118)   Post Evacuate Collection Set: 1.3ms
[2025-08-01T01:06:48.952+0000] GC(118)   Other: 0.4ms
[2025-08-01T01:06:48.952+0000] GC(118) Eden regions: 79->0(89)
[2025-08-01T01:06:48.952+0000] GC(118) Survivor regions: 23->13(13)
[2025-08-01T01:06:48.952+0000] GC(118) Old regions: 1408->1295
[2025-08-01T01:06:48.952+0000] GC(118) Archive regions: 2->2
[2025-08-01T01:06:48.952+0000] GC(118) Humongous regions: 0->0
[2025-08-01T01:06:48.952+0000] GC(118) Metaspace: 10061K(10304K)->10061K(10304K) NonClass: 8835K(8960K)->8835K(8960K) Class: 1225K(1344K)->1225K(1344K)
[2025-08-01T01:06:48.952+0000] GC(118) Pause Young (Mixed) (G1 Evacuation Pause) 3012M->2616M(4096M) 36.067ms
[2025-08-01T01:06:48.952+0000] GC(118) User=0.26s Sys=0.00s Real=0.03s
[2025-08-01T01:06:49.016+0000] GC(119) Pause Young (Mixed) (G1 Evacuation Pause)
[2025-08-01T01:06:49.016+0000] GC(119) Using 8 workers of 8 for evacuation
[2025-08-01T01:06:49.078+0000] GC(119)   Pre Evacuate Collection Set: 1.7ms
[2025-08-01T01:06:49.078+0000] GC(119)   Merge Heap Roots: 0.2ms
[2025-08-01T01:06:49.078+0000] GC(119)   Evacuate Collection Set: 59.4ms
[2025-08-01T01:06:49.078+0000] GC(119)   Post Evacuate Collection Set: 0.9ms
[2025-08-01T01:06:49.078+0000] GC(119)   Other: 0.2ms
[2025-08-01T01:06:49.078+0000] GC(119) Eden regions: 89->0(157)
[2025-08-01T01:06:49.078+0000] GC(119) Survivor regions: 13->13(13)
[2025-08-01T01:06:49.078+0000] GC(119) Old regions: 1295->1341
[2025-08-01T01:06:49.078+0000] GC(119) Archive regions: 2->2
[2025-08-01T01:06:49.078+0000] GC(119) Humongous regions: 0->0
[2025-08-01T01:06:49.078+0000] GC(119) Metaspace: 10061K(10304K)->10061K(10304K) NonClass: 8835K(8960K)->8835K(8960K) Class: 1225K(1344K)->1225K(1344K)
[2025-08-01T01:06:49.079+0000] GC(119) Pause Young (Mixed) (G1 Evacuation Pause) 2794M->2709M(4096M) 62.480ms
[2025-08-01T01:06:49.079+0000] GC(119) User=0.44s Sys=0.03s Real=0.06s
[2025-08-01T01:06:49.157+0000] GC(120) Pause Young (Concurrent Start) (G1 Evacuation Pause)
[2025-08-01T01:06:49.157+0000] GC(120) Using 8 workers of 8 for evacuation
[2025-08-01T01:06:49.227+0000] GC(120)   Pre Evacuate Collection Set: 0.7ms
[2025-08-01T01:06:49.227+0000] GC(120)   Merge Heap Roots: 0.2ms
[2025-08-01T01:06:49.227+0000] GC(120)   Evacuate Collection Set: 68.5ms
[2025-08-01T01:06:49.227+0000] GC(120)   Post Evacuate Collection Set: 0.7ms
[2025-08-01T01:06:49.227+0000] GC(120)   Other: 0.3ms
[2025-08-01T01:06:49.228+0000] GC(120) Eden regions: 157->0(115)
[2025-08-01T01:06:49.228+0000] GC(120) Survivor regions: 13->22(22)
[2025-08-01T01:06:49.228+0000] GC(120) Old regions: 1341->1457
[2025-08-01T01:06:49.228+0000] GC(120) Archive regions: 2->2
[2025-08-01T01:06:49.228+0000] GC(120) Humongous regions: 0->0
[2025-08-01T01:06:49.228+0000] GC(120) Metaspace: 10061K(10304K)->10061K(10304K) NonClass: 8835K(8960K)->8835K(8960K) Class: 1225K(1344K)->1225K(1344K)
[2025-08-01T01:06:49.228+0000] GC(120) Pause Young (Concurrent Start) (G1 Evacuation Pause) 3023M->2958M(4096M) 70.521ms
[2025-08-01T01:06:49.228+0000] GC(120) User=0.45s Sys=0.07s Real=0.07s
[2025-08-01T01:06:49.228+0000] GC(121) Concurrent Mark Cycle
[2025-08-01T01:06:49.228+0000] GC(121) Concurrent Clear Claimed Marks
[2025-08-01T01:06:49.228+0000] GC(121) Concurrent Clear Claimed Marks 0.037ms
[2025-08-01T01:06:49.228+0000] GC(121) Concurrent Scan Root Regions
[2025-08-01T01:06:49.264+0000] GC(121) Concurrent Scan Root Regions 36.568ms
[2025-08-01T01:06:49.264+0000] GC(121) Concurrent Mark
[2025-08-01T01:06:49.264+0000] GC(121) Concurrent Mark From Roots
[2025-08-01T01:06:49.264+0000] GC(121) Using 2 workers of 2 for marking
[2025-08-01T01:06:49.264+0000] GC(122) Pause Young (Normal) (G1 Evacuation Pause)
[2025-08-01T01:06:49.265+0000] GC(122) Using 8 workers of 8 for evacuation
[2025-08-01T01:06:49.318+0000] GC(122)   Pre Evacuate Collection Set: 11.1ms
[2025-08-01T01:06:49.318+0000] GC(122)   Merge Heap Roots: 0.2ms
[2025-08-01T01:06:49.318+0000] GC(122)   Evacuate Collection Set: 51.5ms
[2025-08-01T01:06:49.318+0000] GC(122)   Post Evacuate Collection Set: 1.1ms
[2025-08-01T01:06:49.318+0000] GC(122)   Other: 0.2ms
[2025-08-01T01:06:49.318+0000] GC(122) Eden regions: 115->0(84)
[2025-08-01T01:06:49.318+0000] GC(122) Survivor regions: 22->18(18)
[2025-08-01T01:06:49.318+0000] GC(122) Old regions: 1457->1578
[2025-08-01T01:06:49.318+0000] GC(122) Archive regions: 2->2
[2025-08-01T01:06:49.318+0000] GC(122) Humongous regions: 0->0
[2025-08-01T01:06:49.318+0000] GC(122) Metaspace: 10061K(10304K)->10061K(10304K) NonClass: 8835K(8960K)->8835K(8960K) Class: 1225K(1344K)->1225K(1344K)
[2025-08-01T01:06:49.318+0000] GC(122) Pause Young (Normal) (G1 Evacuation Pause) 3188M->3192M(4096M) 53.987ms
[2025-08-01T01:06:49.319+0000] GC(122) User=0.37s Sys=0.03s Real=0.05s
[2025-08-01T01:06:49.383+0000] GC(123) Pause Young (Normal) (G1 Evacuation Pause)
[2025-08-01T01:06:49.383+0000] GC(123) Using 8 workers of 8 for evacuation
[2025-08-01T01:06:49.426+0000] GC(123)   Pre Evacuate Collection Set: 0.8ms
[2025-08-01T01:06:49.426+0000] GC(123)   Merge Heap Roots: 0.1ms
[2025-08-01T01:06:49.426+0000] GC(123)   Evacuate Collection Set: 41.6ms
[2025-08-01T01:06:49.426+0000] GC(123)   Post Evacuate Collection Set: 1.0ms
[2025-08-01T01:06:49.426+0000] GC(123)   Other: 0.2ms
[2025-08-01T01:06:49.426+0000] GC(123) Eden regions: 84->0(89)
[2025-08-01T01:06:49.426+0000] GC(123) Survivor regions: 18->13(13)
[2025-08-01T01:06:49.426+0000] GC(123) Old regions: 1578->1668
[2025-08-01T01:06:49.426+0000] GC(123) Archive regions: 2->2
[2025-08-01T01:06:49.426+0000] GC(123) Humongous regions: 0->0
[2025-08-01T01:06:49.426+0000] GC(123) Metaspace: 10061K(10304K)->10061K(10304K) NonClass: 8835K(8960K)->8835K(8960K) Class: 1225K(1344K)->1225K(1344K)
[2025-08-01T01:06:49.427+0000] GC(123) Pause Young (Normal) (G1 Evacuation Pause) 3360M->3363M(4096M) 43.870ms
[2025-08-01T01:06:49.427+0000] GC(123) User=0.28s Sys=0.04s Real=0.05s
[2025-08-01T01:06:49.445+0000] GC(124) Pause Young (Normal) (G1 Evacuation Pause)
[2025-08-01T01:06:49.445+0000] GC(124) Using 8 workers of 8 for evacuation
[2025-08-01T01:06:49.483+0000] GC(124)   Pre Evacuate Collection Set: 0.5ms
[2025-08-01T01:06:49.483+0000] GC(124)   Merge Heap Roots: 0.3ms
[2025-08-01T01:06:49.483+0000] GC(124)   Evacuate Collection Set: 36.6ms
[2025-08-01T01:06:49.484+0000] GC(124)   Post Evacuate Collection Set: 0.8ms
[2025-08-01T01:06:49.484+0000] GC(124)   Other: 0.2ms
[2025-08-01T01:06:49.484+0000] GC(124) Eden regions: 89->0(89)
[2025-08-01T01:06:49.484+0000] GC(124) Survivor regions: 13->13(13)
[2025-08-01T01:06:49.484+0000] GC(124) Old regions: 1668->1759
[2025-08-01T01:06:49.484+0000] GC(124) Archive regions: 2->2
[2025-08-01T01:06:49.484+0000] GC(124) Humongous regions: 0->0
[2025-08-01T01:06:49.484+0000] GC(124) Metaspace: 10061K(10304K)->10061K(10304K) NonClass: 8835K(8960K)->8835K(8960K) Class: 1225K(1344K)->1225K(1344K)
[2025-08-01T01:06:49.484+0000] GC(124) Pause Young (Normal) (G1 Evacuation Pause) 3541M->3544M(4096M) 38.594ms
[2025-08-01T01:06:49.484+0000] GC(124) User=0.26s Sys=0.01s Real=0.04s
[2025-08-01T01:06:49.486+0000] GC(121) Concurrent Mark From Roots 221.870ms
[2025-08-01T01:06:49.486+0000] GC(121) Concurrent Preclean
[2025-08-01T01:06:49.487+0000] GC(121) Concurrent Preclean 0.354ms
[2025-08-01T01:06:49.487+0000] GC(121) Pause Remark
[2025-08-01T01:06:49.492+0000] GC(121) Pause Remark 3576M->1514M(4096M) 4.957ms
[2025-08-01T01:06:49.492+0000] GC(121) User=0.02s Sys=0.01s Real=0.00s
[2025-08-01T01:06:49.492+0000] GC(121) Concurrent Mark 227.912ms
[2025-08-01T01:06:49.492+0000] GC(121) Concurrent Rebuild Remembered Sets
[2025-08-01T01:06:49.553+0000] GC(125) Pause Young (Normal) (G1 Evacuation Pause)
[2025-08-01T01:06:49.553+0000] GC(125) Using 8 workers of 8 for evacuation
[2025-08-01T01:06:49.587+0000] GC(125)   Pre Evacuate Collection Set: 0.3ms
[2025-08-01T01:06:49.587+0000] GC(125)   Merge Heap Roots: 0.1ms
[2025-08-01T01:06:49.587+0000] GC(125)   Evacuate Collection Set: 33.1ms
[2025-08-01T01:06:49.587+0000] GC(125)   Post Evacuate Collection Set: 0.6ms
[2025-08-01T01:06:49.587+0000] GC(125)   Other: 0.1ms
[2025-08-01T01:06:49.587+0000] GC(125) Eden regions: 89->0(346)
[2025-08-01T01:06:49.587+0000] GC(125) Survivor regions: 13->13(13)
[2025-08-01T01:06:49.587+0000] GC(125) Old regions: 728->812
[2025-08-01T01:06:49.587+0000] GC(125) Archive regions: 2->2
[2025-08-01T01:06:49.587+0000] GC(125) Humongous regions: 0->0
[2025-08-01T01:06:49.587+0000] GC(125) Metaspace: 10061K(10304K)->10061K(10304K) NonClass: 8835K(8960K)->8835K(8960K) Class: 1225K(1344K)->1225K(1344K)
[2025-08-01T01:06:49.587+0000] GC(125) Pause Young (Normal) (G1 Evacuation Pause) 1660M->1651M(4096M) 34.447ms
[2025-08-01T01:06:49.587+0000] GC(125) User=0.25s Sys=0.00s Real=0.03s
[2025-08-01T01:06:49.718+0000] GC(121) Concurrent Rebuild Remembered Sets 226.103ms
[2025-08-01T01:06:49.719+0000] GC(121) Pause Cleanup
[2025-08-01T01:06:49.720+0000] GC(121) Pause Cleanup 2315M->2315M(4096M) 0.963ms
[2025-08-01T01:06:49.720+0000] GC(121) User=0.00s Sys=0.00s Real=0.00s
[2025-08-01T01:06:49.720+0000] GC(121) Concurrent Cleanup for Next Mark
[2025-08-01T01:06:49.729+0000] GC(121) Concurrent Cleanup for Next Mark 9.252ms
[2025-08-01T01:06:49.729+0000] GC(121) Concurrent Mark Cycle 501.556ms
[2025-08-01T01:06:49.745+0000] GC(126) Pause Young (Prepare Mixed) (G1 Evacuation Pause)
[2025-08-01T01:06:49.745+0000] GC(126) Using 8 workers of 8 for evacuation
[2025-08-01T01:06:49.842+0000] GC(126)   Pre Evacuate Collection Set: 0.6ms
[2025-08-01T01:06:49.843+0000] GC(126)   Merge Heap Roots: 0.2ms
[2025-08-01T01:06:49.843+0000] GC(126)   Evacuate Collection Set: 94.9ms
[2025-08-01T01:06:49.843+0000] GC(126)   Post Evacuate Collection Set: 1.2ms
[2025-08-01T01:06:49.843+0000] GC(126)   Other: 0.2ms
[2025-08-01T01:06:49.843+0000] GC(126) Eden regions: 346->0(57)
[2025-08-01T01:06:49.843+0000] GC(126) Survivor regions: 13->45(45)
[2025-08-01T01:06:49.843+0000] GC(126) Old regions: 812->1038
[2025-08-01T01:06:49.843+0000] GC(126) Archive regions: 2->2
[2025-08-01T01:06:49.843+0000] GC(126) Humongous regions: 0->0
[2025-08-01T01:06:49.843+0000] GC(126) Metaspace: 10061K(10304K)->10061K(10304K) NonClass: 8835K(8960K)->8835K(8960K) Class: 1225K(1344K)->1225K(1344K)
[2025-08-01T01:06:49.843+0000] GC(126) Pause Young (Prepare Mixed) (G1 Evacuation Pause) 2343M->2166M(4096M) 97.356ms
[2025-08-01T01:06:49.843+0000] GC(126) User=0.70s Sys=0.04s Real=0.09s
[2025-08-01T01:06:49.855+0000] GC(127) Pause Young (Mixed) (G1 Evacuation Pause)
[2025-08-01T01:06:49.855+0000] GC(127) Using 8 workers of 8 for evacuation
[2025-08-01T01:06:49.889+0000] GC(127)   Pre Evacuate Collection Set: 0.6ms
[2025-08-01T01:06:49.889+0000] GC(127)   Merge Heap Roots: 0.4ms
[2025-08-01T01:06:49.889+0000] GC(127)   Evacuate Collection Set: 32.6ms
[2025-08-01T01:06:49.889+0000] GC(127)   Post Evacuate Collection Set: 0.8ms
[2025-08-01T01:06:49.889+0000] GC(127)   Other: 0.2ms
[2025-08-01T01:06:49.889+0000] GC(127) Eden regions: 57->0(238)
[2025-08-01T01:06:49.889+0000] GC(127) Survivor regions: 45->13(13)
[2025-08-01T01:06:49.889+0000] GC(127) Old regions: 1038->1105
[2025-08-01T01:06:49.889+0000] GC(127) Archive regions: 2->2
[2025-08-01T01:06:49.889+0000] GC(127) Humongous regions: 0->0
[2025-08-01T01:06:49.889+0000] GC(127) Metaspace: 10061K(10304K)->10061K(10304K) NonClass: 8835K(8960K)->8835K(8960K) Class: 1225K(1344K)->1225K(1344K)
[2025-08-01T01:06:49.889+0000] GC(127) Pause Young (Mixed) (G1 Evacuation Pause) 2280M->2236M(4096M) 34.749ms
[2025-08-01T01:06:49.889+0000] GC(127) User=0.25s Sys=0.01s Real=0.03s
[2025-08-01T01:06:49.989+0000] GC(128) Pause Young (Concurrent Start) (G1 Evacuation Pause)
[2025-08-01T01:06:49.989+0000] GC(128) Using 8 workers of 8 for evacuation
[2025-08-01T01:06:50.107+0000] GC(128)   Pre Evacuate Collection Set: 1.1ms
[2025-08-01T01:06:50.107+0000] GC(128)   Merge Heap Roots: 0.3ms
[2025-08-01T01:06:50.107+0000] GC(128)   Evacuate Collection Set: 114.8ms
[2025-08-01T01:06:50.107+0000] GC(128)   Post Evacuate Collection Set: 1.1ms
[2025-08-01T01:06:50.107+0000] GC(128)   Other: 0.4ms
[2025-08-01T01:06:50.107+0000] GC(128) Eden regions: 238->0(165)
[2025-08-01T01:06:50.107+0000] GC(128) Survivor regions: 13->32(32)
[2025-08-01T01:06:50.107+0000] GC(128) Old regions: 1105->1286
[2025-08-01T01:06:50.107+0000] GC(128) Archive regions: 2->2
[2025-08-01T01:06:50.107+0000] GC(128) Humongous regions: 0->0
[2025-08-01T01:06:50.107+0000] GC(128) Metaspace: 10061K(10304K)->10061K(10304K) NonClass: 8835K(8960K)->8835K(8960K) Class: 1225K(1344K)->1225K(1344K)
[2025-08-01T01:06:50.107+0000] GC(128) Pause Young (Concurrent Start) (G1 Evacuation Pause) 2712M->2637M(4096M) 117.792ms
[2025-08-01T01:06:50.107+0000] GC(128) User=0.84s Sys=0.06s Real=0.12s
[2025-08-01T01:06:50.107+0000] GC(129) Concurrent Mark Cycle
[2025-08-01T01:06:50.107+0000] GC(129) Concurrent Clear Claimed Marks
[2025-08-01T01:06:50.107+0000] GC(129) Concurrent Clear Claimed Marks 0.025ms
[2025-08-01T01:06:50.107+0000] GC(129) Concurrent Scan Root Regions
[2025-08-01T01:06:50.147+0000] GC(129) Concurrent Scan Root Regions 39.846ms
[2025-08-01T01:06:50.147+0000] GC(129) Concurrent Mark
[2025-08-01T01:06:50.147+0000] GC(129) Concurrent Mark From Roots
[2025-08-01T01:06:50.147+0000] GC(129) Using 2 workers of 2 for marking
[2025-08-01T01:06:50.186+0000] GC(130) Pause Young (Normal) (G1 Evacuation Pause)
[2025-08-01T01:06:50.186+0000] GC(130) Using 8 workers of 8 for evacuation
[2025-08-01T01:06:50.249+0000] GC(130)   Pre Evacuate Collection Set: 0.4ms
[2025-08-01T01:06:50.249+0000] GC(130)   Merge Heap Roots: 0.2ms
[2025-08-01T01:06:50.249+0000] GC(130)   Evacuate Collection Set: 61.6ms
[2025-08-01T01:06:50.249+0000] GC(130)   Post Evacuate Collection Set: 1.2ms
[2025-08-01T01:06:50.249+0000] GC(130)   Other: 0.3ms
[2025-08-01T01:06:50.249+0000] GC(130) Eden regions: 165->0(110)
[2025-08-01T01:06:50.249+0000] GC(130) Survivor regions: 32->25(25)
[2025-08-01T01:06:50.249+0000] GC(130) Old regions: 1286->1460
[2025-08-01T01:06:50.249+0000] GC(130) Archive regions: 2->2
[2025-08-01T01:06:50.249+0000] GC(130) Humongous regions: 0->0
[2025-08-01T01:06:50.249+0000] GC(130) Metaspace: 10061K(10304K)->10061K(10304K) NonClass: 8835K(8960K)->8835K(8960K) Class: 1225K(1344K)->1225K(1344K)
[2025-08-01T01:06:50.249+0000] GC(130) Pause Young (Normal) (G1 Evacuation Pause) 2967M->2971M(4096M) 63.735ms
[2025-08-01T01:06:50.249+0000] GC(130) User=0.48s Sys=0.00s Real=0.06s
[2025-08-01T01:06:50.274+0000] GC(131) Pause Young (Normal) (G1 Evacuation Pause)
[2025-08-01T01:06:50.274+0000] GC(131) Using 8 workers of 8 for evacuation
[2025-08-01T01:06:50.310+0000] GC(131)   Pre Evacuate Collection Set: 0.4ms
[2025-08-01T01:06:50.310+0000] GC(131)   Merge Heap Roots: 0.2ms
[2025-08-01T01:06:50.310+0000] GC(131)   Evacuate Collection Set: 35.0ms
[2025-08-01T01:06:50.310+0000] GC(131)   Post Evacuate Collection Set: 0.8ms
[2025-08-01T01:06:50.310+0000] GC(131)   Other: 0.3ms
[2025-08-01T01:06:50.310+0000] GC(131) Eden regions: 110->0(85)
[2025-08-01T01:06:50.310+0000] GC(131) Survivor regions: 25->17(17)
[2025-08-01T01:06:50.310+0000] GC(131) Old regions: 1460->1560
[2025-08-01T01:06:50.310+0000] GC(131) Archive regions: 2->2
[2025-08-01T01:06:50.310+0000] GC(131) Humongous regions: 0->0
[2025-08-01T01:06:50.310+0000] GC(131) Metaspace: 10061K(10304K)->10061K(10304K) NonClass: 8835K(8960K)->8835K(8960K) Class: 1225K(1344K)->1225K(1344K)
[2025-08-01T01:06:50.311+0000] GC(131) Pause Young (Normal) (G1 Evacuation Pause) 3191M->3155M(4096M) 36.718ms
[2025-08-01T01:06:50.311+0000] GC(131) User=0.28s Sys=0.01s Real=0.03s
[2025-08-01T01:06:50.331+0000] GC(132) Pause Young (Normal) (G1 Evacuation Pause)
[2025-08-01T01:06:50.331+0000] GC(132) Using 8 workers of 8 for evacuation
[2025-08-01T01:06:50.358+0000] GC(132)   Pre Evacuate Collection Set: 0.5ms
[2025-08-01T01:06:50.358+0000] GC(132)   Merge Heap Roots: 0.3ms
[2025-08-01T01:06:50.358+0000] GC(132)   Evacuate Collection Set: 25.4ms
[2025-08-01T01:06:50.358+0000] GC(132)   Post Evacuate Collection Set: 0.8ms
[2025-08-01T01:06:50.358+0000] GC(132)   Other: 0.2ms
[2025-08-01T01:06:50.358+0000] GC(132) Eden regions: 85->0(89)
[2025-08-01T01:06:50.358+0000] GC(132) Survivor regions: 17->13(13)
[2025-08-01T01:06:50.358+0000] GC(132) Old regions: 1560->1644
[2025-08-01T01:06:50.358+0000] GC(132) Archive regions: 2->2
[2025-08-01T01:06:50.358+0000] GC(132) Humongous regions: 0->0
[2025-08-01T01:06:50.358+0000] GC(132) Metaspace: 10061K(10304K)->10061K(10304K) NonClass: 8835K(8960K)->8835K(8960K) Class: 1225K(1344K)->1225K(1344K)
[2025-08-01T01:06:50.358+0000] GC(132) Pause Young (Normal) (G1 Evacuation Pause) 3325M->3314M(4096M) 27.377ms
[2025-08-01T01:06:50.358+0000] GC(132) User=0.20s Sys=0.00s Real=0.03s
[2025-08-01T01:06:50.374+0000] GC(129) Concurrent Mark From Roots 226.901ms
[2025-08-01T01:06:50.374+0000] GC(129) Concurrent Preclean
[2025-08-01T01:06:50.374+0000] GC(129) Concurrent Preclean 0.340ms
[2025-08-01T01:06:50.375+0000] GC(129) Pause Remark
[2025-08-01T01:06:50.378+0000] GC(129) Pause Remark 3468M->1970M(4096M) 2.472ms
[2025-08-01T01:06:50.378+0000] GC(129) User=0.01s Sys=0.00s Real=0.00s
[2025-08-01T01:06:50.378+0000] GC(129) Concurrent Mark 230.645ms
[2025-08-01T01:06:50.378+0000] GC(129) Concurrent Rebuild Remembered Sets
[2025-08-01T01:06:50.383+0000] GC(133) Pause Young (Normal) (G1 Evacuation Pause)
[2025-08-01T01:06:50.383+0000] GC(133) Using 8 workers of 8 for evacuation
[2025-08-01T01:06:50.407+0000] GC(133)   Pre Evacuate Collection Set: 0.3ms
[2025-08-01T01:06:50.407+0000] GC(133)   Merge Heap Roots: 0.2ms
[2025-08-01T01:06:50.407+0000] GC(133)   Evacuate Collection Set: 23.0ms
[2025-08-01T01:06:50.407+0000] GC(133)   Post Evacuate Collection Set: 0.8ms
[2025-08-01T01:06:50.407+0000] GC(133)   Other: 0.3ms
[2025-08-01T01:06:50.407+0000] GC(133) Eden regions: 89->0(297)
[2025-08-01T01:06:50.407+0000] GC(133) Survivor regions: 13->13(13)
[2025-08-01T01:06:50.407+0000] GC(133) Old regions: 895->960
[2025-08-01T01:06:50.407+0000] GC(133) Archive regions: 2->2
[2025-08-01T01:06:50.407+0000] GC(133) Humongous regions: 0->0
[2025-08-01T01:06:50.407+0000] GC(133) Metaspace: 10061K(10304K)->10061K(10304K) NonClass: 8835K(8960K)->8835K(8960K) Class: 1225K(1344K)->1225K(1344K)
[2025-08-01T01:06:50.407+0000] GC(133) Pause Young (Normal) (G1 Evacuation Pause) 1994M->1946M(4096M) 24.592ms
[2025-08-01T01:06:50.407+0000] GC(133) User=0.18s Sys=0.00s Real=0.02s
[2025-08-01T01:06:50.517+0000] GC(134) Pause Young (Normal) (G1 Evacuation Pause)
[2025-08-01T01:06:50.517+0000] GC(134) Using 8 workers of 8 for evacuation
[2025-08-01T01:06:50.630+0000] GC(134)   Pre Evacuate Collection Set: 0.3ms
[2025-08-01T01:06:50.630+0000] GC(134)   Merge Heap Roots: 0.3ms
[2025-08-01T01:06:50.630+0000] GC(134)   Evacuate Collection Set: 111.5ms
[2025-08-01T01:06:50.630+0000] GC(134)   Post Evacuate Collection Set: 1.0ms
[2025-08-01T01:06:50.630+0000] GC(134)   Other: 0.2ms
[2025-08-01T01:06:50.630+0000] GC(134) Eden regions: 297->0(179)
[2025-08-01T01:06:50.630+0000] GC(134) Survivor regions: 13->39(39)
[2025-08-01T01:06:50.630+0000] GC(134) Old regions: 960->1232
[2025-08-01T01:06:50.630+0000] GC(134) Archive regions: 2->2
[2025-08-01T01:06:50.630+0000] GC(134) Humongous regions: 0->0
[2025-08-01T01:06:50.630+0000] GC(134) Metaspace: 10061K(10304K)->10061K(10304K) NonClass: 8835K(8960K)->8835K(8960K) Class: 1225K(1344K)->1225K(1344K)
[2025-08-01T01:06:50.630+0000] GC(134) Pause Young (Normal) (G1 Evacuation Pause) 2540M->2542M(4096M) 113.501ms
[2025-08-01T01:06:50.630+0000] GC(134) User=0.85s Sys=0.03s Real=0.11s
[2025-08-01T01:06:50.704+0000] GC(135) Pause Young (Normal) (G1 Evacuation Pause)
[2025-08-01T01:06:50.704+0000] GC(135) Using 8 workers of 8 for evacuation
[2025-08-01T01:06:50.771+0000] GC(135)   Pre Evacuate Collection Set: 3.6ms
[2025-08-01T01:06:50.771+0000] GC(135)   Merge Heap Roots: 0.1ms
[2025-08-01T01:06:50.771+0000] GC(135)   Evacuate Collection Set: 62.1ms
[2025-08-01T01:06:50.771+0000] GC(135)   Post Evacuate Collection Set: 1.2ms
[2025-08-01T01:06:50.771+0000] GC(135)   Other: 0.2ms
[2025-08-01T01:06:50.771+0000] GC(135) Eden regions: 179->0(125)
[2025-08-01T01:06:50.771+0000] GC(135) Survivor regions: 39->28(28)
[2025-08-01T01:06:50.771+0000] GC(135) Old regions: 1232->1410
[2025-08-01T01:06:50.771+0000] GC(135) Archive regions: 2->2
[2025-08-01T01:06:50.771+0000] GC(135) Humongous regions: 0->0
[2025-08-01T01:06:50.771+0000] GC(135) Metaspace: 10061K(10304K)->10061K(10304K) NonClass: 8835K(8960K)->8835K(8960K) Class: 1225K(1344K)->1225K(1344K)
[2025-08-01T01:06:50.772+0000] GC(135) Pause Young (Normal) (G1 Evacuation Pause) 2900M->2876M(4096M) 67.386ms
[2025-08-01T01:06:50.772+0000] GC(135) User=0.50s Sys=0.00s Real=0.06s
[2025-08-01T01:06:50.792+0000] GC(129) Concurrent Rebuild Remembered Sets 414.211ms
[2025-08-01T01:06:50.793+0000] GC(129) Pause Cleanup
[2025-08-01T01:06:50.794+0000] GC(129) Pause Cleanup 3088M->3088M(4096M) 0.779ms
[2025-08-01T01:06:50.794+0000] GC(129) User=0.01s Sys=0.00s Real=0.00s
[2025-08-01T01:06:50.794+0000] GC(129) Concurrent Cleanup for Next Mark
[2025-08-01T01:06:50.803+0000] GC(129) Concurrent Cleanup for Next Mark 9.300ms
[2025-08-01T01:06:50.803+0000] GC(129) Concurrent Mark Cycle 696.309ms
[2025-08-01T01:06:50.827+0000] GC(136) Pause Young (Prepare Mixed) (G1 Evacuation Pause)
[2025-08-01T01:06:50.827+0000] GC(136) Using 8 workers of 8 for evacuation
[2025-08-01T01:06:50.857+0000] GC(136)   Pre Evacuate Collection Set: 0.3ms
[2025-08-01T01:06:50.857+0000] GC(136)   Merge Heap Roots: 0.1ms
[2025-08-01T01:06:50.857+0000] GC(136)   Evacuate Collection Set: 27.6ms
[2025-08-01T01:06:50.857+0000] GC(136)   Post Evacuate Collection Set: 1.2ms
[2025-08-01T01:06:50.857+0000] GC(136)   Other: 0.2ms
[2025-08-01T01:06:50.857+0000] GC(136) Eden regions: 125->0(82)
[2025-08-01T01:06:50.857+0000] GC(136) Survivor regions: 28->20(20)
[2025-08-01T01:06:50.857+0000] GC(136) Old regions: 1410->1495
[2025-08-01T01:06:50.857+0000] GC(136) Archive regions: 2->2
[2025-08-01T01:06:50.857+0000] GC(136) Humongous regions: 0->0
[2025-08-01T01:06:50.857+0000] GC(136) Metaspace: 10061K(10304K)->10061K(10304K) NonClass: 8835K(8960K)->8835K(8960K) Class: 1225K(1344K)->1225K(1344K)
[2025-08-01T01:06:50.857+0000] GC(136) Pause Young (Prepare Mixed) (G1 Evacuation Pause) 3126M->3031M(4096M) 29.598ms
[2025-08-01T01:06:50.857+0000] GC(136) User=0.22s Sys=0.00s Real=0.03s
[2025-08-01T01:06:50.873+0000] GC(137) Pause Young (Mixed) (G1 Evacuation Pause)
[2025-08-01T01:06:50.873+0000] GC(137) Using 8 workers of 8 for evacuation
[2025-08-01T01:06:50.907+0000] GC(137)   Pre Evacuate Collection Set: 0.5ms
[2025-08-01T01:06:50.907+0000] GC(137)   Merge Heap Roots: 0.2ms
[2025-08-01T01:06:50.907+0000] GC(137)   Evacuate Collection Set: 32.8ms
[2025-08-01T01:06:50.907+0000] GC(137)   Post Evacuate Collection Set: 0.9ms
[2025-08-01T01:06:50.907+0000] GC(137)   Other: 0.2ms
[2025-08-01T01:06:50.907+0000] GC(137) Eden regions: 82->0(89)
[2025-08-01T01:06:50.907+0000] GC(137) Survivor regions: 20->13(13)
[2025-08-01T01:06:50.907+0000] GC(137) Old regions: 1495->1564
[2025-08-01T01:06:50.907+0000] GC(137) Archive regions: 2->2
[2025-08-01T01:06:50.907+0000] GC(137) Humongous regions: 0->0
[2025-08-01T01:06:50.907+0000] GC(137) Metaspace: 10061K(10304K)->10061K(10304K) NonClass: 8835K(8960K)->8835K(8960K) Class: 1225K(1344K)->1225K(1344K)
[2025-08-01T01:06:50.907+0000] GC(137) Pause Young (Mixed) (G1 Evacuation Pause) 3195M->3155M(4096M) 34.784ms
[2025-08-01T01:06:50.908+0000] GC(137) User=0.26s Sys=0.00s Real=0.04s
[2025-08-01T01:06:50.924+0000] GC(138) Pause Young (Concurrent Start) (G1 Evacuation Pause)
[2025-08-01T01:06:50.924+0000] GC(138) Using 8 workers of 8 for evacuation
[2025-08-01T01:06:50.956+0000] GC(138)   Pre Evacuate Collection Set: 0.4ms
[2025-08-01T01:06:50.956+0000] GC(138)   Merge Heap Roots: 0.2ms
[2025-08-01T01:06:50.956+0000] GC(138)   Evacuate Collection Set: 30.8ms
[2025-08-01T01:06:50.956+0000] GC(138)   Post Evacuate Collection Set: 0.8ms
[2025-08-01T01:06:50.956+0000] GC(138)   Other: 0.3ms
[2025-08-01T01:06:50.956+0000] GC(138) Eden regions: 89->0(89)
[2025-08-01T01:06:50.956+0000] GC(138) Survivor regions: 13->13(13)
[2025-08-01T01:06:50.956+0000] GC(138) Old regions: 1564->1655
[2025-08-01T01:06:50.956+0000] GC(138) Archive regions: 2->2
[2025-08-01T01:06:50.956+0000] GC(138) Humongous regions: 0->0
[2025-08-01T01:06:50.956+0000] GC(138) Metaspace: 10061K(10304K)->10061K(10304K) NonClass: 8835K(8960K)->8835K(8960K) Class: 1225K(1344K)->1225K(1344K)
[2025-08-01T01:06:50.956+0000] GC(138) Pause Young (Concurrent Start) (G1 Evacuation Pause) 3333M->3336M(4096M) 32.649ms
[2025-08-01T01:06:50.956+0000] GC(138) User=0.24s Sys=0.01s Real=0.03s
[2025-08-01T01:06:50.957+0000] GC(139) Concurrent Mark Cycle
[2025-08-01T01:06:50.957+0000] GC(139) Concurrent Clear Claimed Marks
[2025-08-01T01:06:50.957+0000] GC(139) Concurrent Clear Claimed Marks 0.026ms
[2025-08-01T01:06:50.957+0000] GC(139) Concurrent Scan Root Regions
[2025-08-01T01:06:50.974+0000] GC(139) Concurrent Scan Root Regions 16.347ms
[2025-08-01T01:06:50.974+0000] GC(139) Concurrent Mark
[2025-08-01T01:06:50.974+0000] GC(139) Concurrent Mark From Roots
[2025-08-01T01:06:50.974+0000] GC(139) Using 2 workers of 2 for marking
[2025-08-01T01:06:50.992+0000] GC(140) Pause Young (Normal) (G1 Evacuation Pause)
[2025-08-01T01:06:50.992+0000] GC(140) Using 8 workers of 8 for evacuation
[2025-08-01T01:06:51.023+0000] GC(140)   Pre Evacuate Collection Set: 0.5ms
[2025-08-01T01:06:51.023+0000] GC(140)   Merge Heap Roots: 0.1ms
[2025-08-01T01:06:51.023+0000] GC(140)   Evacuate Collection Set: 30.3ms
[2025-08-01T01:06:51.023+0000] GC(140)   Post Evacuate Collection Set: 0.6ms
[2025-08-01T01:06:51.023+0000] GC(140)   Other: 0.2ms
[2025-08-01T01:06:51.023+0000] GC(140) Eden regions: 89->0(89)
[2025-08-01T01:06:51.023+0000] GC(140) Survivor regions: 13->13(13)
[2025-08-01T01:06:51.023+0000] GC(140) Old regions: 1655->1739
[2025-08-01T01:06:51.023+0000] GC(140) Archive regions: 2->2
[2025-08-01T01:06:51.023+0000] GC(140) Humongous regions: 0->0
[2025-08-01T01:06:51.023+0000] GC(140) Metaspace: 10061K(10304K)->10061K(10304K) NonClass: 8835K(8960K)->8835K(8960K) Class: 1225K(1344K)->1225K(1344K)
[2025-08-01T01:06:51.023+0000] GC(140) Pause Young (Normal) (G1 Evacuation Pause) 3514M->3504M(4096M) 31.837ms
[2025-08-01T01:06:51.023+0000] GC(140) User=0.22s Sys=0.02s Real=0.04s
[2025-08-01T01:06:51.045+0000] GC(141) Pause Young (Normal) (G1 Evacuation Pause)
[2025-08-01T01:06:51.045+0000] GC(141) Using 8 workers of 8 for evacuation
[2025-08-01T01:06:51.077+0000] GC(141)   Pre Evacuate Collection Set: 0.5ms
[2025-08-01T01:06:51.077+0000] GC(141)   Merge Heap Roots: 0.2ms
[2025-08-01T01:06:51.077+0000] GC(141)   Evacuate Collection Set: 29.9ms
[2025-08-01T01:06:51.077+0000] GC(141)   Post Evacuate Collection Set: 0.7ms
[2025-08-01T01:06:51.077+0000] GC(141)   Other: 0.2ms
[2025-08-01T01:06:51.077+0000] GC(141) Eden regions: 89->0(89)
[2025-08-01T01:06:51.077+0000] GC(141) Survivor regions: 13->13(13)
[2025-08-01T01:06:51.077+0000] GC(141) Old regions: 1739->1814
[2025-08-01T01:06:51.077+0000] GC(141) Archive regions: 2->2
[2025-08-01T01:06:51.077+0000] GC(141) Humongous regions: 0->0
[2025-08-01T01:06:51.077+0000] GC(141) Metaspace: 10061K(10304K)->10061K(10304K) NonClass: 8835K(8960K)->8835K(8960K) Class: 1225K(1344K)->1225K(1344K)
[2025-08-01T01:06:51.077+0000] GC(141) Pause Young (Normal) (G1 Evacuation Pause) 3682M->3655M(4096M) 31.701ms
[2025-08-01T01:06:51.077+0000] GC(141) User=0.20s Sys=0.02s Real=0.03s
[2025-08-01T01:06:51.099+0000] GC(142) Pause Young (Normal) (G1 Evacuation Pause)
[2025-08-01T01:06:51.099+0000] GC(142) Using 8 workers of 8 for evacuation
[2025-08-01T01:06:51.133+0000] GC(142)   Pre Evacuate Collection Set: 0.4ms
[2025-08-01T01:06:51.133+0000] GC(142)   Merge Heap Roots: 0.2ms
[2025-08-01T01:06:51.133+0000] GC(142)   Evacuate Collection Set: 32.4ms
[2025-08-01T01:06:51.133+0000] GC(142)   Post Evacuate Collection Set: 0.8ms
[2025-08-01T01:06:51.133+0000] GC(142)   Other: 0.2ms
[2025-08-01T01:06:51.133+0000] GC(142) Eden regions: 89->0(89)
[2025-08-01T01:06:51.133+0000] GC(142) Survivor regions: 13->13(13)
[2025-08-01T01:06:51.133+0000] GC(142) Old regions: 1814->1905
[2025-08-01T01:06:51.133+0000] GC(142) Archive regions: 2->2
[2025-08-01T01:06:51.133+0000] GC(142) Humongous regions: 0->0
[2025-08-01T01:06:51.133+0000] GC(142) Metaspace: 10061K(10304K)->10061K(10304K) NonClass: 8835K(8960K)->8835K(8960K) Class: 1225K(1344K)->1225K(1344K)
[2025-08-01T01:06:51.133+0000] GC(142) Pause Young (Normal) (G1 Evacuation Pause) 3833M->3836M(4096M) 34.215ms
[2025-08-01T01:06:51.133+0000] GC(142) User=0.24s Sys=0.00s Real=0.03s
[2025-08-01T01:06:51.146+0000] GC(143) Pause Young (Normal) (G1 Preventive Collection)
[2025-08-01T01:06:51.146+0000] GC(143) Using 8 workers of 8 for evacuation
[2025-08-01T01:06:51.167+0000] GC(143)   Pre Evacuate Collection Set: 0.3ms
[2025-08-01T01:06:51.167+0000] GC(143)   Merge Heap Roots: 0.3ms
[2025-08-01T01:06:51.167+0000] GC(143)   Evacuate Collection Set: 18.7ms
[2025-08-01T01:06:51.167+0000] GC(143)   Post Evacuate Collection Set: 1.4ms
[2025-08-01T01:06:51.167+0000] GC(143)   Other: 0.2ms
[2025-08-01T01:06:51.167+0000] GC(143) Eden regions: 54->0(89)
[2025-08-01T01:06:51.167+0000] GC(143) Survivor regions: 13->13(13)
[2025-08-01T01:06:51.167+0000] GC(143) Old regions: 1905->1959
[2025-08-01T01:06:51.167+0000] GC(143) Archive regions: 2->2
[2025-08-01T01:06:51.167+0000] GC(143) Humongous regions: 0->0
[2025-08-01T01:06:51.167+0000] GC(143) Metaspace: 10061K(10304K)->10061K(10304K) NonClass: 8835K(8960K)->8835K(8960K) Class: 1225K(1344K)->1225K(1344K)
[2025-08-01T01:06:51.167+0000] GC(143) Pause Young (Normal) (G1 Preventive Collection) 3944M->3945M(4096M) 21.019ms
[2025-08-01T01:06:51.167+0000] GC(143) User=0.15s Sys=0.00s Real=0.02s
[2025-08-01T01:06:51.175+0000] GC(144) Pause Young (Normal) (G1 Preventive Collection)
[2025-08-01T01:06:51.176+0000] GC(144) Using 8 workers of 8 for evacuation
[2025-08-01T01:06:51.191+0000] GC(144)   Pre Evacuate Collection Set: 0.9ms
[2025-08-01T01:06:51.191+0000] GC(144)   Merge Heap Roots: 0.1ms
[2025-08-01T01:06:51.191+0000] GC(144)   Evacuate Collection Set: 13.2ms
[2025-08-01T01:06:51.191+0000] GC(144)   Post Evacuate Collection Set: 0.8ms
[2025-08-01T01:06:51.191+0000] GC(144)   Other: 0.2ms
[2025-08-01T01:06:51.191+0000] GC(144) Eden regions: 28->0(89)
[2025-08-01T01:06:51.191+0000] GC(144) Survivor regions: 13->13(13)
[2025-08-01T01:06:51.191+0000] GC(144) Old regions: 1959->1990
[2025-08-01T01:06:51.191+0000] GC(144) Archive regions: 2->2
[2025-08-01T01:06:51.191+0000] GC(144) Humongous regions: 0->0
[2025-08-01T01:06:51.191+0000] GC(144) Metaspace: 10061K(10304K)->10061K(10304K) NonClass: 8835K(8960K)->8835K(8960K) Class: 1225K(1344K)->1225K(1344K)
[2025-08-01T01:06:51.191+0000] GC(144) Pause Young (Normal) (G1 Preventive Collection) 4001M->4006M(4096M) 15.957ms
[2025-08-01T01:06:51.191+0000] GC(144) User=0.10s Sys=0.00s Real=0.01s
[2025-08-01T01:06:51.194+0000] GC(145) Pause Young (Normal) (G1 Preventive Collection)
[2025-08-01T01:06:51.194+0000] GC(145) Using 8 workers of 8 for evacuation
[2025-08-01T01:06:51.204+0000] GC(145)   Pre Evacuate Collection Set: 0.5ms
[2025-08-01T01:06:51.204+0000] GC(145)   Merge Heap Roots: 0.2ms
[2025-08-01T01:06:51.204+0000] GC(145)   Evacuate Collection Set: 8.6ms
[2025-08-01T01:06:51.205+0000] GC(145)   Post Evacuate Collection Set: 0.7ms
[2025-08-01T01:06:51.205+0000] GC(145)   Other: 0.2ms
[2025-08-01T01:06:51.205+0000] GC(145) Eden regions: 13->0(89)
[2025-08-01T01:06:51.205+0000] GC(145) Survivor regions: 13->13(13)
[2025-08-01T01:06:51.205+0000] GC(145) Old regions: 1990->2005
[2025-08-01T01:06:51.205+0000] GC(145) Archive regions: 2->2
[2025-08-01T01:06:51.205+0000] GC(145) Humongous regions: 0->0
[2025-08-01T01:06:51.205+0000] GC(145) Metaspace: 10061K(10304K)->10061K(10304K) NonClass: 8835K(8960K)->8835K(8960K) Class: 1225K(1344K)->1225K(1344K)
[2025-08-01T01:06:51.205+0000] GC(145) Pause Young (Normal) (G1 Preventive Collection) 4032M->4037M(4096M) 10.411ms
[2025-08-01T01:06:51.205+0000] GC(145) User=0.06s Sys=0.01s Real=0.01s
[2025-08-01T01:06:51.206+0000] GC(146) Pause Young (Normal) (G1 Preventive Collection)
[2025-08-01T01:06:51.206+0000] GC(146) Using 8 workers of 8 for evacuation
[2025-08-01T01:06:51.213+0000] GC(146)   Pre Evacuate Collection Set: 0.3ms
[2025-08-01T01:06:51.213+0000] GC(146)   Merge Heap Roots: 0.1ms
[2025-08-01T01:06:51.213+0000] GC(146)   Evacuate Collection Set: 5.1ms
[2025-08-01T01:06:51.213+0000] GC(146)   Post Evacuate Collection Set: 0.8ms
[2025-08-01T01:06:51.213+0000] GC(146)   Other: 0.2ms
[2025-08-01T01:06:51.213+0000] GC(146) Eden regions: 6->0(94)
[2025-08-01T01:06:51.213+0000] GC(146) Survivor regions: 13->8(13)
[2025-08-01T01:06:51.213+0000] GC(146) Old regions: 2005->2019
[2025-08-01T01:06:51.213+0000] GC(146) Archive regions: 2->2
[2025-08-01T01:06:51.213+0000] GC(146) Humongous regions: 0->0
[2025-08-01T01:06:51.213+0000] GC(146) Metaspace: 10061K(10304K)->10061K(10304K) NonClass: 8835K(8960K)->8835K(8960K) Class: 1225K(1344K)->1225K(1344K)
[2025-08-01T01:06:51.213+0000] GC(146) Pause Young (Normal) (G1 Preventive Collection) 4049M->4054M(4096M) 6.532ms
[2025-08-01T01:06:51.213+0000] GC(146) User=0.04s Sys=0.00s Real=0.00s
[2025-08-01T01:06:51.214+0000] GC(147) Pause Young (Normal) (G1 Preventive Collection)
[2025-08-01T01:06:51.214+0000] GC(147) Using 8 workers of 8 for evacuation
[2025-08-01T01:06:51.219+0000] GC(147)   Pre Evacuate Collection Set: 0.4ms
[2025-08-01T01:06:51.219+0000] GC(147)   Merge Heap Roots: 0.1ms
[2025-08-01T01:06:51.219+0000] GC(147)   Evacuate Collection Set: 3.9ms
[2025-08-01T01:06:51.219+0000] GC(147)   Post Evacuate Collection Set: 0.5ms
[2025-08-01T01:06:51.219+0000] GC(147)   Other: 0.2ms
[2025-08-01T01:06:51.219+0000] GC(147) Eden regions: 5->0(90)
[2025-08-01T01:06:51.219+0000] GC(147) Survivor regions: 8->12(13)
[2025-08-01T01:06:51.219+0000] GC(147) Old regions: 2019->2019
[2025-08-01T01:06:51.219+0000] GC(147) Archive regions: 2->2
[2025-08-01T01:06:51.219+0000] GC(147) Humongous regions: 0->0
[2025-08-01T01:06:51.219+0000] GC(147) Metaspace: 10061K(10304K)->10061K(10304K) NonClass: 8835K(8960K)->8835K(8960K) Class: 1225K(1344K)->1225K(1344K)
[2025-08-01T01:06:51.219+0000] GC(147) Pause Young (Normal) (G1 Preventive Collection) 4064M->4063M(4096M) 5.257ms
[2025-08-01T01:06:51.219+0000] GC(147) User=0.03s Sys=0.00s Real=0.00s
[2025-08-01T01:06:51.219+0000] GC(148) Pause Young (Normal) (G1 Preventive Collection)
[2025-08-01T01:06:51.220+0000] GC(148) Using 8 workers of 8 for evacuation
[2025-08-01T01:06:51.225+0000] GC(148)   Pre Evacuate Collection Set: 0.4ms
[2025-08-01T01:06:51.225+0000] GC(148)   Merge Heap Roots: 0.2ms
[2025-08-01T01:06:51.225+0000] GC(148)   Evacuate Collection Set: 4.1ms
[2025-08-01T01:06:51.225+0000] GC(148)   Post Evacuate Collection Set: 0.5ms
[2025-08-01T01:06:51.225+0000] GC(148)   Other: 0.1ms
[2025-08-01T01:06:51.225+0000] GC(148) Eden regions: 1->0(95)
[2025-08-01T01:06:51.225+0000] GC(148) Survivor regions: 12->7(13)
[2025-08-01T01:06:51.225+0000] GC(148) Old regions: 2019->2026
[2025-08-01T01:06:51.225+0000] GC(148) Archive regions: 2->2
[2025-08-01T01:06:51.225+0000] GC(148) Humongous regions: 0->0
[2025-08-01T01:06:51.225+0000] GC(148) Metaspace: 10061K(10304K)->10061K(10304K) NonClass: 8835K(8960K)->8835K(8960K) Class: 1225K(1344K)->1225K(1344K)
[2025-08-01T01:06:51.225+0000] GC(148) Pause Young (Normal) (G1 Preventive Collection) 4065M->4066M(4096M) 5.507ms
[2025-08-01T01:06:51.225+0000] GC(148) User=0.02s Sys=0.00s Real=0.01s
[2025-08-01T01:06:51.226+0000] GC(149) Pause Young (Normal) (G1 Preventive Collection)
[2025-08-01T01:06:51.226+0000] GC(149) Using 8 workers of 8 for evacuation
[2025-08-01T01:06:51.232+0000] GC(149)   Pre Evacuate Collection Set: 0.7ms
[2025-08-01T01:06:51.232+0000] GC(149)   Merge Heap Roots: 0.2ms
[2025-08-01T01:06:51.232+0000] GC(149)   Evacuate Collection Set: 3.6ms
[2025-08-01T01:06:51.232+0000] GC(149)   Post Evacuate Collection Set: 1.5ms
[2025-08-01T01:06:51.232+0000] GC(149)   Other: 0.1ms
[2025-08-01T01:06:51.232+0000] GC(149) Eden regions: 2->0(93)
[2025-08-01T01:06:51.232+0000] GC(149) Survivor regions: 7->9(11)
[2025-08-01T01:06:51.232+0000] GC(149) Old regions: 2026->2026
[2025-08-01T01:06:51.232+0000] GC(149) Archive regions: 2->2
[2025-08-01T01:06:51.232+0000] GC(149) Humongous regions: 0->0
[2025-08-01T01:06:51.232+0000] GC(149) Metaspace: 10061K(10304K)->10061K(10304K) NonClass: 8835K(8960K)->8835K(8960K) Class: 1225K(1344K)->1225K(1344K)
[2025-08-01T01:06:51.232+0000] GC(149) Pause Young (Normal) (G1 Preventive Collection) 4070M->4070M(4096M) 6.435ms
[2025-08-01T01:06:51.232+0000] GC(149) User=0.03s Sys=0.00s Real=0.00s
[2025-08-01T01:06:51.232+0000] GC(150) Pause Young (Normal) (G1 Preventive Collection)
[2025-08-01T01:06:51.232+0000] GC(150) Using 8 workers of 8 for evacuation
[2025-08-01T01:06:51.238+0000] GC(150)   Pre Evacuate Collection Set: 0.5ms
[2025-08-01T01:06:51.238+0000] GC(150)   Merge Heap Roots: 0.1ms
[2025-08-01T01:06:51.238+0000] GC(150)   Evacuate Collection Set: 4.2ms
[2025-08-01T01:06:51.238+0000] GC(150)   Post Evacuate Collection Set: 0.5ms
[2025-08-01T01:06:51.238+0000] GC(150)   Other: 0.1ms
[2025-08-01T01:06:51.238+0000] GC(150) Eden regions: 1->0(97)
[2025-08-01T01:06:51.238+0000] GC(150) Survivor regions: 9->5(10)
[2025-08-01T01:06:51.238+0000] GC(150) Old regions: 2026->2031
[2025-08-01T01:06:51.238+0000] GC(150) Archive regions: 2->2
[2025-08-01T01:06:51.238+0000] GC(150) Humongous regions: 0->0
[2025-08-01T01:06:51.238+0000] GC(150) Metaspace: 10061K(10304K)->10061K(10304K) NonClass: 8835K(8960K)->8835K(8960K) Class: 1225K(1344K)->1225K(1344K)
[2025-08-01T01:06:51.238+0000] GC(150) Pause Young (Normal) (G1 Preventive Collection) 4072M->4071M(4096M) 5.660ms
[2025-08-01T01:06:51.238+0000] GC(150) User=0.02s Sys=0.00s Real=0.01s
[2025-08-01T01:06:51.239+0000] GC(151) Pause Young (Normal) (G1 Preventive Collection)
[2025-08-01T01:06:51.239+0000] GC(151) Using 8 workers of 8 for evacuation
[2025-08-01T01:06:51.243+0000] GC(151)   Pre Evacuate Collection Set: 0.5ms
[2025-08-01T01:06:51.243+0000] GC(151)   Merge Heap Roots: 0.2ms
[2025-08-01T01:06:51.243+0000] GC(151)   Evacuate Collection Set: 3.0ms
[2025-08-01T01:06:51.243+0000] GC(151)   Post Evacuate Collection Set: 0.7ms
[2025-08-01T01:06:51.243+0000] GC(151)   Other: 0.2ms
[2025-08-01T01:06:51.243+0000] GC(151) Eden regions: 2->0(95)
[2025-08-01T01:06:51.243+0000] GC(151) Survivor regions: 5->7(8)
[2025-08-01T01:06:51.243+0000] GC(151) Old regions: 2031->2031
[2025-08-01T01:06:51.243+0000] GC(151) Archive regions: 2->2
[2025-08-01T01:06:51.243+0000] GC(151) Humongous regions: 0->0
[2025-08-01T01:06:51.243+0000] GC(151) Metaspace: 10061K(10304K)->10061K(10304K) NonClass: 8835K(8960K)->8835K(8960K) Class: 1225K(1344K)->1225K(1344K)
[2025-08-01T01:06:51.243+0000] GC(151) Pause Young (Normal) (G1 Preventive Collection) 4075M->4075M(4096M) 4.694ms
[2025-08-01T01:06:51.243+0000] GC(151) User=0.02s Sys=0.00s Real=0.01s
[2025-08-01T01:06:51.244+0000] GC(152) Pause Young (Normal) (G1 Preventive Collection)
[2025-08-01T01:06:51.244+0000] GC(152) Using 8 workers of 8 for evacuation
[2025-08-01T01:06:51.248+0000] GC(152)   Pre Evacuate Collection Set: 0.4ms
[2025-08-01T01:06:51.248+0000] GC(152)   Merge Heap Roots: 0.1ms
[2025-08-01T01:06:51.248+0000] GC(152)   Evacuate Collection Set: 3.0ms
[2025-08-01T01:06:51.248+0000] GC(152)   Post Evacuate Collection Set: 0.5ms
[2025-08-01T01:06:51.248+0000] GC(152)   Other: 0.1ms
[2025-08-01T01:06:51.248+0000] GC(152) Eden regions: 1->0(95)
[2025-08-01T01:06:51.248+0000] GC(152) Survivor regions: 7->7(7)
[2025-08-01T01:06:51.248+0000] GC(152) Old regions: 2031->2031
[2025-08-01T01:06:51.248+0000] GC(152) Archive regions: 2->2
[2025-08-01T01:06:51.248+0000] GC(152) Humongous regions: 0->0
[2025-08-01T01:06:51.248+0000] GC(152) Metaspace: 10061K(10304K)->10061K(10304K) NonClass: 8835K(8960K)->8835K(8960K) Class: 1225K(1344K)->1225K(1344K)
[2025-08-01T01:06:51.248+0000] GC(152) Pause Young (Normal) (G1 Preventive Collection) 4077M->4077M(4096M) 4.370ms
[2025-08-01T01:06:51.248+0000] GC(152) User=0.02s Sys=0.00s Real=0.00s
[2025-08-01T01:06:51.249+0000] GC(153) Pause Young (Normal) (G1 Preventive Collection)
[2025-08-01T01:06:51.249+0000] GC(153) Using 8 workers of 8 for evacuation
[2025-08-01T01:06:51.253+0000] GC(153) To-space exhausted
[2025-08-01T01:06:51.253+0000] GC(153)   Pre Evacuate Collection Set: 0.3ms
[2025-08-01T01:06:51.253+0000] GC(153)   Merge Heap Roots: 0.2ms
[2025-08-01T01:06:51.253+0000] GC(153)   Evacuate Collection Set: 2.7ms
[2025-08-01T01:06:51.253+0000] GC(153)   Post Evacuate Collection Set: 0.9ms
[2025-08-01T01:06:51.253+0000] GC(153)   Other: 0.2ms
[2025-08-01T01:06:51.253+0000] GC(153) Eden regions: 1->0(96)
[2025-08-01T01:06:51.253+0000] GC(153) Survivor regions: 7->6(7)
[2025-08-01T01:06:51.253+0000] GC(153) Old regions: 2031->2036
[2025-08-01T01:06:51.253+0000] GC(153) Archive regions: 2->2
[2025-08-01T01:06:51.253+0000] GC(153) Humongous regions: 0->0
[2025-08-01T01:06:51.253+0000] GC(153) Metaspace: 10061K(10304K)->10061K(10304K) NonClass: 8835K(8960K)->8835K(8960K) Class: 1225K(1344K)->1225K(1344K)
[2025-08-01T01:06:51.253+0000] GC(153) Pause Young (Normal) (G1 Preventive Collection) 4079M->4085M(4096M) 4.416ms
[2025-08-01T01:06:51.253+0000] GC(153) User=0.02s Sys=0.00s Real=0.01s
[2025-08-01T01:06:51.254+0000] GC(154) Pause Young (Normal) (G1 Preventive Collection)
[2025-08-01T01:06:51.254+0000] GC(154) Using 8 workers of 8 for evacuation
[2025-08-01T01:06:51.258+0000] GC(154) To-space exhausted
[2025-08-01T01:06:51.258+0000] GC(154)   Pre Evacuate Collection Set: 0.4ms
[2025-08-01T01:06:51.258+0000] GC(154)   Merge Heap Roots: 0.1ms
[2025-08-01T01:06:51.258+0000] GC(154)   Evacuate Collection Set: 2.9ms
[2025-08-01T01:06:51.258+0000] GC(154)   Post Evacuate Collection Set: 0.9ms
[2025-08-01T01:06:51.258+0000] GC(154)   Other: 0.1ms
[2025-08-01T01:06:51.258+0000] GC(154) Eden regions: 1->0(99)
[2025-08-01T01:06:51.258+0000] GC(154) Survivor regions: 6->3(3)
[2025-08-01T01:06:51.258+0000] GC(154) Old regions: 2036->2043
[2025-08-01T01:06:51.258+0000] GC(154) Archive regions: 2->2
[2025-08-01T01:06:51.258+0000] GC(154) Humongous regions: 0->0
[2025-08-01T01:06:51.258+0000] GC(154) Metaspace: 10061K(10304K)->10061K(10304K) NonClass: 8835K(8960K)->8835K(8960K) Class: 1225K(1344K)->1225K(1344K)
[2025-08-01T01:06:51.258+0000] GC(154) Pause Young (Normal) (G1 Preventive Collection) 4087M->4093M(4096M) 4.457ms
[2025-08-01T01:06:51.258+0000] GC(154) User=0.02s Sys=0.00s Real=0.00s
[2025-08-01T01:06:51.258+0000] Attempting full compaction
[2025-08-01T01:06:51.258+0000] GC(155) Pause Full (G1 Compaction Pause)
[2025-08-01T01:06:51.258+0000] GC(155) Using 8 workers of 8 for full compaction
[2025-08-01T01:06:51.264+0000] GC(155) Phase 1: Mark live objects
[2025-08-01T01:06:51.315+0000] GC(155) Phase 1: Mark live objects 50.539ms
[2025-08-01T01:06:51.315+0000] GC(155) Phase 2: Prepare for compaction
[2025-08-01T01:06:51.338+0000] GC(155) Phase 2: Prepare for compaction 23.375ms
[2025-08-01T01:06:51.338+0000] GC(155) Phase 3: Adjust pointers
[2025-08-01T01:06:51.380+0000] GC(155) Phase 3: Adjust pointers 41.738ms
[2025-08-01T01:06:51.380+0000] GC(155) Phase 4: Compact heap
[2025-08-01T01:06:51.430+0000] GC(155) Phase 4: Compact heap 50.339ms
[2025-08-01T01:06:51.438+0000] GC(155) Eden regions: 0->0(460)
[2025-08-01T01:06:51.438+0000] GC(155) Survivor regions: 3->0(3)
[2025-08-01T01:06:51.438+0000] GC(155) Old regions: 2043->467
[2025-08-01T01:06:51.438+0000] GC(155) Archive regions: 2->2
[2025-08-01T01:06:51.438+0000] GC(155) Humongous regions: 0->0
[2025-08-01T01:06:51.438+0000] GC(155) Metaspace: 10061K(10304K)->10061K(10304K) NonClass: 8835K(8960K)->8835K(8960K) Class: 1225K(1344K)->1225K(1344K)
[2025-08-01T01:06:51.438+0000] GC(155) Pause Full (G1 Compaction Pause) 4093M->930M(4096M) 179.777ms
[2025-08-01T01:06:51.438+0000] GC(155) User=1.24s Sys=0.05s Real=0.18s
[2025-08-01T01:06:51.439+0000] GC(139) Concurrent Mark From Roots 464.889ms
[2025-08-01T01:06:51.439+0000] GC(139) Concurrent Mark Abort
[2025-08-01T01:06:51.439+0000] GC(139) Concurrent Mark Cycle 481.463ms
[2025-08-01T01:06:51.641+0000] GC(156) Pause Young (Normal) (G1 Evacuation Pause)
[2025-08-01T01:06:51.641+0000] GC(156) Using 8 workers of 8 for evacuation
[2025-08-01T01:06:51.876+0000] GC(156) MMU target violated: 201.0ms (200.0ms/201.0ms)
[2025-08-01T01:06:51.876+0000] GC(156)   Pre Evacuate Collection Set: 0.9ms
[2025-08-01T01:06:51.876+0000] GC(156)   Merge Heap Roots: 0.5ms
[2025-08-01T01:06:51.876+0000] GC(156)   Evacuate Collection Set: 232.6ms
[2025-08-01T01:06:51.876+0000] GC(156)   Post Evacuate Collection Set: 1.0ms
[2025-08-01T01:06:51.876+0000] GC(156)   Other: 0.3ms
[2025-08-01T01:06:51.876+0000] GC(156) Eden regions: 460->0(343)
[2025-08-01T01:06:51.876+0000] GC(156) Survivor regions: 0->58(58)
[2025-08-01T01:06:51.876+0000] GC(156) Old regions: 467->749
[2025-08-01T01:06:51.876+0000] GC(156) Archive regions: 2->2
[2025-08-01T01:06:51.876+0000] GC(156) Humongous regions: 0->0
[2025-08-01T01:06:51.876+0000] GC(156) Metaspace: 10061K(10304K)->10061K(10304K) NonClass: 8835K(8960K)->8835K(8960K) Class: 1225K(1344K)->1225K(1344K)
[2025-08-01T01:06:51.876+0000] GC(156) Pause Young (Normal) (G1 Evacuation Pause) 1850M->1609M(4096M) 235.343ms
[2025-08-01T01:06:51.876+0000] GC(156) User=1.36s Sys=0.16s Real=0.24s
[2025-08-01T01:06:51.987+0000] GC(157) Pause Young (Concurrent Start) (G1 Evacuation Pause)
[2025-08-01T01:06:51.987+0000] GC(157) Using 8 workers of 8 for evacuation
[2025-08-01T01:06:52.146+0000] GC(157)   Pre Evacuate Collection Set: 1.1ms
[2025-08-01T01:06:52.146+0000] GC(157)   Merge Heap Roots: 0.3ms
[2025-08-01T01:06:52.146+0000] GC(157)   Evacuate Collection Set: 155.7ms
[2025-08-01T01:06:52.146+0000] GC(157)   Post Evacuate Collection Set: 1.8ms
[2025-08-01T01:06:52.146+0000] GC(157)   Other: 0.3ms
[2025-08-01T01:06:52.146+0000] GC(157) Eden regions: 343->0(255)
[2025-08-01T01:06:52.146+0000] GC(157) Survivor regions: 58->51(51)
[2025-08-01T01:06:52.146+0000] GC(157) Old regions: 749->1001
[2025-08-01T01:06:52.146+0000] GC(157) Archive regions: 2->2
[2025-08-01T01:06:52.146+0000] GC(157) Humongous regions: 0->0
[2025-08-01T01:06:52.146+0000] GC(157) Metaspace: 10061K(10304K)->10061K(10304K) NonClass: 8835K(8960K)->8835K(8960K) Class: 1225K(1344K)->1225K(1344K)
[2025-08-01T01:06:52.146+0000] GC(157) Pause Young (Concurrent Start) (G1 Evacuation Pause) 2295M->2099M(4096M) 159.455ms
[2025-08-01T01:06:52.146+0000] GC(157) User=1.13s Sys=0.08s Real=0.16s
[2025-08-01T01:06:52.146+0000] GC(158) Concurrent Mark Cycle
[2025-08-01T01:06:52.146+0000] GC(158) Concurrent Clear Claimed Marks
[2025-08-01T01:06:52.146+0000] GC(158) Concurrent Clear Claimed Marks 0.027ms
[2025-08-01T01:06:52.146+0000] GC(158) Concurrent Scan Root Regions
[2025-08-01T01:06:52.209+0000] GC(158) Concurrent Scan Root Regions 62.934ms
[2025-08-01T01:06:52.209+0000] GC(158) Concurrent Mark
[2025-08-01T01:06:52.209+0000] GC(158) Concurrent Mark From Roots
[2025-08-01T01:06:52.209+0000] GC(158) Using 2 workers of 2 for marking
[2025-08-01T01:06:52.244+0000] GC(159) Pause Young (Normal) (G1 Evacuation Pause)
[2025-08-01T01:06:52.244+0000] GC(159) Using 8 workers of 8 for evacuation
[2025-08-01T01:06:52.320+0000] GC(159)   Pre Evacuate Collection Set: 0.4ms
[2025-08-01T01:06:52.320+0000] GC(159)   Merge Heap Roots: 0.2ms
[2025-08-01T01:06:52.320+0000] GC(159)   Evacuate Collection Set: 74.8ms
[2025-08-01T01:06:52.320+0000] GC(159)   Post Evacuate Collection Set: 1.0ms
[2025-08-01T01:06:52.321+0000] GC(159)   Other: 0.3ms
[2025-08-01T01:06:52.321+0000] GC(159) Eden regions: 255->0(189)
[2025-08-01T01:06:52.321+0000] GC(159) Survivor regions: 51->39(39)
[2025-08-01T01:06:52.321+0000] GC(159) Old regions: 1001->1214
[2025-08-01T01:06:52.321+0000] GC(159) Archive regions: 2->2
[2025-08-01T01:06:52.321+0000] GC(159) Humongous regions: 0->0
[2025-08-01T01:06:52.321+0000] GC(159) Metaspace: 10061K(10304K)->10061K(10304K) NonClass: 8835K(8960K)->8835K(8960K) Class: 1225K(1344K)->1225K(1344K)
[2025-08-01T01:06:52.321+0000] GC(159) Pause Young (Normal) (G1 Evacuation Pause) 2609M->2501M(4096M) 76.802ms
[2025-08-01T01:06:52.321+0000] GC(159) User=0.57s Sys=0.01s Real=0.07s
[2025-08-01T01:06:52.324+0000] GC(158) Concurrent Mark From Roots 114.879ms
[2025-08-01T01:06:52.324+0000] GC(158) Concurrent Preclean
[2025-08-01T01:06:52.325+0000] GC(158) Concurrent Preclean 0.352ms
[2025-08-01T01:06:52.325+0000] GC(158) Pause Remark
[2025-08-01T01:06:52.328+0000] GC(158) Pause Remark 2549M->1454M(4096M) 2.863ms
[2025-08-01T01:06:52.328+0000] GC(158) User=0.01s Sys=0.00s Real=0.00s
[2025-08-01T01:06:52.328+0000] GC(158) Concurrent Mark 118.791ms
[2025-08-01T01:06:52.328+0000] GC(158) Concurrent Rebuild Remembered Sets
[2025-08-01T01:06:52.406+0000] GC(160) Pause Young (Normal) (G1 Evacuation Pause)
[2025-08-01T01:06:52.406+0000] GC(160) Using 8 workers of 8 for evacuation
[2025-08-01T01:06:52.491+0000] GC(160)   Pre Evacuate Collection Set: 0.5ms
[2025-08-01T01:06:52.491+0000] GC(160)   Merge Heap Roots: 0.2ms
[2025-08-01T01:06:52.491+0000] GC(160)   Evacuate Collection Set: 82.8ms
[2025-08-01T01:06:52.491+0000] GC(160)   Post Evacuate Collection Set: 1.0ms
[2025-08-01T01:06:52.491+0000] GC(160)   Other: 0.3ms
[2025-08-01T01:06:52.491+0000] GC(160) Eden regions: 189->0(312)
[2025-08-01T01:06:52.491+0000] GC(160) Survivor regions: 39->29(29)
[2025-08-01T01:06:52.491+0000] GC(160) Old regions: 665->865
[2025-08-01T01:06:52.491+0000] GC(160) Archive regions: 2->2
[2025-08-01T01:06:52.491+0000] GC(160) Humongous regions: 0->0
[2025-08-01T01:06:52.491+0000] GC(160) Metaspace: 10061K(10304K)->10061K(10304K) NonClass: 8835K(8960K)->8835K(8960K) Class: 1225K(1344K)->1225K(1344K)
[2025-08-01T01:06:52.491+0000] GC(160) Pause Young (Normal) (G1 Evacuation Pause) 1784M->1787M(4096M) 84.841ms
[2025-08-01T01:06:52.491+0000] GC(160) User=0.61s Sys=0.05s Real=0.08s
[2025-08-01T01:06:52.551+0000] GC(158) Concurrent Rebuild Remembered Sets 222.695ms
[2025-08-01T01:06:52.551+0000] GC(158) Pause Cleanup
[2025-08-01T01:06:52.552+0000] GC(158) Pause Cleanup 1989M->1989M(4096M) 0.526ms
[2025-08-01T01:06:52.552+0000] GC(158) User=0.00s Sys=0.00s Real=0.00s
[2025-08-01T01:06:52.552+0000] GC(158) Concurrent Cleanup for Next Mark
[2025-08-01T01:06:52.562+0000] GC(158) Concurrent Cleanup for Next Mark 9.921ms
[2025-08-01T01:06:52.562+0000] GC(158) Concurrent Mark Cycle 415.584ms
[2025-08-01T01:06:52.640+0000] GC(161) Pause Young (Prepare Mixed) (G1 Evacuation Pause)
[2025-08-01T01:06:52.640+0000] GC(161) Using 8 workers of 8 for evacuation
[2025-08-01T01:06:52.703+0000] GC(161)   Pre Evacuate Collection Set: 0.6ms
[2025-08-01T01:06:52.703+0000] GC(161)   Merge Heap Roots: 0.5ms
[2025-08-01T01:06:52.703+0000] GC(161)   Evacuate Collection Set: 60.9ms
[2025-08-01T01:06:52.703+0000] GC(161)   Post Evacuate Collection Set: 1.0ms
[2025-08-01T01:06:52.703+0000] GC(161)   Other: 0.2ms
[2025-08-01T01:06:52.703+0000] GC(161) Eden regions: 312->0(59)
[2025-08-01T01:06:52.703+0000] GC(161) Survivor regions: 29->43(43)
[2025-08-01T01:06:52.703+0000] GC(161) Old regions: 865->973
[2025-08-01T01:06:52.703+0000] GC(161) Archive regions: 2->2
[2025-08-01T01:06:52.703+0000] GC(161) Humongous regions: 0->0
[2025-08-01T01:06:52.703+0000] GC(161) Metaspace: 10061K(10304K)->10061K(10304K) NonClass: 8835K(8960K)->8835K(8960K) Class: 1225K(1344K)->1225K(1344K)
[2025-08-01T01:06:52.704+0000] GC(161) Pause Young (Prepare Mixed) (G1 Evacuation Pause) 2411M->2030M(4096M) 63.434ms
[2025-08-01T01:06:52.704+0000] GC(161) User=0.41s Sys=0.03s Real=0.07s
[2025-08-01T01:06:52.714+0000] GC(162) Pause Young (Mixed) (G1 Evacuation Pause)
[2025-08-01T01:06:52.714+0000] GC(162) Using 8 workers of 8 for evacuation
[2025-08-01T01:06:52.747+0000] GC(162)   Pre Evacuate Collection Set: 0.7ms
[2025-08-01T01:06:52.747+0000] GC(162)   Merge Heap Roots: 0.2ms
[2025-08-01T01:06:52.747+0000] GC(162)   Evacuate Collection Set: 31.3ms
[2025-08-01T01:06:52.747+0000] GC(162)   Post Evacuate Collection Set: 0.9ms
[2025-08-01T01:06:52.747+0000] GC(162)   Other: 0.2ms
[2025-08-01T01:06:52.747+0000] GC(162) Eden regions: 59->0(272)
[2025-08-01T01:06:52.747+0000] GC(162) Survivor regions: 43->13(13)
[2025-08-01T01:06:52.747+0000] GC(162) Old regions: 973->1028
[2025-08-01T01:06:52.747+0000] GC(162) Archive regions: 2->2
[2025-08-01T01:06:52.747+0000] GC(162) Humongous regions: 0->0
[2025-08-01T01:06:52.747+0000] GC(162) Metaspace: 10061K(10304K)->10061K(10304K) NonClass: 8835K(8960K)->8835K(8960K) Class: 1225K(1344K)->1225K(1344K)
[2025-08-01T01:06:52.748+0000] GC(162) Pause Young (Mixed) (G1 Evacuation Pause) 2148M->2082M(4096M) 33.561ms
[2025-08-01T01:06:52.748+0000] GC(162) User=0.24s Sys=0.00s Real=0.03s
[2025-08-01T01:06:52.856+0000] GC(163) Pause Young (Concurrent Start) (G1 Evacuation Pause)
[2025-08-01T01:06:52.856+0000] GC(163) Using 8 workers of 8 for evacuation
[2025-08-01T01:06:52.989+0000] GC(163)   Pre Evacuate Collection Set: 1.2ms
[2025-08-01T01:06:52.989+0000] GC(163)   Merge Heap Roots: 0.6ms
[2025-08-01T01:06:52.989+0000] GC(163)   Evacuate Collection Set: 129.8ms
[2025-08-01T01:06:52.989+0000] GC(163)   Post Evacuate Collection Set: 1.3ms
[2025-08-01T01:06:52.989+0000] GC(163)   Other: 0.4ms
[2025-08-01T01:06:52.989+0000] GC(163) Eden regions: 272->0(199)
[2025-08-01T01:06:52.989+0000] GC(163) Survivor regions: 13->36(36)
[2025-08-01T01:06:52.989+0000] GC(163) Old regions: 1028->1202
[2025-08-01T01:06:52.989+0000] GC(163) Archive regions: 2->2
[2025-08-01T01:06:52.989+0000] GC(163) Humongous regions: 0->0
[2025-08-01T01:06:52.989+0000] GC(163) Metaspace: 10061K(10304K)->10061K(10304K) NonClass: 8835K(8960K)->8835K(8960K) Class: 1225K(1344K)->1225K(1344K)
[2025-08-01T01:06:52.990+0000] GC(163) Pause Young (Concurrent Start) (G1 Evacuation Pause) 2626M->2477M(4096M) 133.461ms
[2025-08-01T01:06:52.990+0000] GC(163) User=0.85s Sys=0.08s Real=0.13s
[2025-08-01T01:06:52.990+0000] GC(164) Concurrent Mark Cycle
[2025-08-01T01:06:52.990+0000] GC(164) Concurrent Clear Claimed Marks
[2025-08-01T01:06:52.990+0000] GC(164) Concurrent Clear Claimed Marks 0.037ms
[2025-08-01T01:06:52.990+0000] GC(164) Concurrent Scan Root Regions
[2025-08-01T01:06:53.058+0000] GC(164) Concurrent Scan Root Regions 67.994ms
[2025-08-01T01:06:53.058+0000] GC(164) Concurrent Mark
[2025-08-01T01:06:53.058+0000] GC(164) Concurrent Mark From Roots
[2025-08-01T01:06:53.058+0000] GC(164) Using 2 workers of 2 for marking
[2025-08-01T01:06:53.095+0000] GC(165) Pause Young (Normal) (G1 Evacuation Pause)
[2025-08-01T01:06:53.095+0000] GC(165) Using 8 workers of 8 for evacuation
[2025-08-01T01:06:53.176+0000] GC(165)   Pre Evacuate Collection Set: 0.4ms
[2025-08-01T01:06:53.176+0000] GC(165)   Merge Heap Roots: 0.2ms
[2025-08-01T01:06:53.176+0000] GC(165)   Evacuate Collection Set: 79.4ms
[2025-08-01T01:06:53.176+0000] GC(165)   Post Evacuate Collection Set: 1.1ms
[2025-08-01T01:06:53.176+0000] GC(165)   Other: 0.2ms
[2025-08-01T01:06:53.176+0000] GC(165) Eden regions: 199->0(127)
[2025-08-01T01:06:53.176+0000] GC(165) Survivor regions: 36->30(30)
[2025-08-01T01:06:53.176+0000] GC(165) Old regions: 1202->1409
[2025-08-01T01:06:53.176+0000] GC(165) Archive regions: 2->2
[2025-08-01T01:06:53.176+0000] GC(165) Humongous regions: 0->0
[2025-08-01T01:06:53.176+0000] GC(165) Metaspace: 10061K(10304K)->10061K(10304K) NonClass: 8835K(8960K)->8835K(8960K) Class: 1225K(1344K)->1225K(1344K)
[2025-08-01T01:06:53.176+0000] GC(165) Pause Young (Normal) (G1 Evacuation Pause) 2875M->2878M(4096M) 81.522ms
[2025-08-01T01:06:53.176+0000] GC(165) User=0.60s Sys=0.01s Real=0.08s
[2025-08-01T01:06:53.199+0000] GC(164) Concurrent Mark From Roots 140.194ms
[2025-08-01T01:06:53.199+0000] GC(164) Concurrent Preclean
[2025-08-01T01:06:53.199+0000] GC(166) Pause Young (Normal) (G1 Evacuation Pause)
[2025-08-01T01:06:53.199+0000] GC(166) Using 8 workers of 8 for evacuation
[2025-08-01T01:06:53.248+0000] GC(166)   Pre Evacuate Collection Set: 0.3ms
[2025-08-01T01:06:53.248+0000] GC(166)   Merge Heap Roots: 0.1ms
[2025-08-01T01:06:53.248+0000] GC(166)   Evacuate Collection Set: 47.7ms
[2025-08-01T01:06:53.248+0000] GC(166)   Post Evacuate Collection Set: 0.8ms
[2025-08-01T01:06:53.248+0000] GC(166)   Other: 0.1ms
[2025-08-01T01:06:53.248+0000] GC(166) Eden regions: 127->0(85)
[2025-08-01T01:06:53.248+0000] GC(166) Survivor regions: 30->20(20)
[2025-08-01T01:06:53.248+0000] GC(166) Old regions: 1409->1547
[2025-08-01T01:06:53.248+0000] GC(166) Archive regions: 2->2
[2025-08-01T01:06:53.248+0000] GC(166) Humongous regions: 0->0
[2025-08-01T01:06:53.248+0000] GC(166) Metaspace: 10061K(10304K)->10061K(10304K) NonClass: 8835K(8960K)->8835K(8960K) Class: 1225K(1344K)->1225K(1344K)
[2025-08-01T01:06:53.248+0000] GC(166) Pause Young (Normal) (G1 Evacuation Pause) 3132M->3135M(4096M) 49.283ms
[2025-08-01T01:06:53.248+0000] GC(166) User=0.38s Sys=0.00s Real=0.05s
[2025-08-01T01:06:53.249+0000] GC(164) Concurrent Preclean 49.854ms
[2025-08-01T01:06:53.249+0000] GC(164) Pause Remark
[2025-08-01T01:06:53.251+0000] GC(164) Pause Remark 3136M->1436M(4096M) 2.073ms
[2025-08-01T01:06:53.251+0000] GC(164) User=0.01s Sys=0.00s Real=0.00s
[2025-08-01T01:06:53.251+0000] GC(164) Concurrent Mark 192.798ms
[2025-08-01T01:06:53.251+0000] GC(164) Concurrent Rebuild Remembered Sets
[2025-08-01T01:06:53.316+0000] GC(167) Pause Young (Normal) (G1 Evacuation Pause)
[2025-08-01T01:06:53.316+0000] GC(167) Using 8 workers of 8 for evacuation
[2025-08-01T01:06:53.347+0000] GC(167)   Pre Evacuate Collection Set: 0.4ms
[2025-08-01T01:06:53.347+0000] GC(167)   Merge Heap Roots: 0.3ms
[2025-08-01T01:06:53.347+0000] GC(167)   Evacuate Collection Set: 29.4ms
[2025-08-01T01:06:53.347+0000] GC(167)   Post Evacuate Collection Set: 0.9ms
[2025-08-01T01:06:53.347+0000] GC(167)   Other: 0.2ms
[2025-08-01T01:06:53.347+0000] GC(167) Eden regions: 85->0(348)
[2025-08-01T01:06:53.347+0000] GC(167) Survivor regions: 20->14(14)
[2025-08-01T01:06:53.347+0000] GC(167) Old regions: 697->779
[2025-08-01T01:06:53.347+0000] GC(167) Archive regions: 2->2
[2025-08-01T01:06:53.347+0000] GC(167) Humongous regions: 0->0
[2025-08-01T01:06:53.347+0000] GC(167) Metaspace: 10061K(10304K)->10061K(10304K) NonClass: 8835K(8960K)->8835K(8960K) Class: 1225K(1344K)->1225K(1344K)
[2025-08-01T01:06:53.348+0000] GC(167) Pause Young (Normal) (G1 Evacuation Pause) 1605M->1586M(4096M) 31.371ms
[2025-08-01T01:06:53.348+0000] GC(167) User=0.23s Sys=0.01s Real=0.03s
[2025-08-01T01:06:53.457+0000] GC(164) Concurrent Rebuild Remembered Sets 205.935ms
[2025-08-01T01:06:53.457+0000] GC(164) Pause Cleanup
[2025-08-01T01:06:53.458+0000] GC(164) Pause Cleanup 2212M->2212M(4096M) 0.506ms
[2025-08-01T01:06:53.458+0000] GC(164) User=0.00s Sys=0.00s Real=0.00s
[2025-08-01T01:06:53.458+0000] GC(164) Concurrent Cleanup for Next Mark
[2025-08-01T01:06:53.466+0000] GC(164) Concurrent Cleanup for Next Mark 8.284ms
[2025-08-01T01:06:53.466+0000] GC(164) Concurrent Mark Cycle 476.121ms
[2025-08-01T01:06:53.505+0000] GC(168) Pause Young (Prepare Mixed) (G1 Evacuation Pause)
[2025-08-01T01:06:53.505+0000] GC(168) Using 8 workers of 8 for evacuation
[2025-08-01T01:06:53.617+0000] GC(168)   Pre Evacuate Collection Set: 1.0ms
[2025-08-01T01:06:53.617+0000] GC(168)   Merge Heap Roots: 0.3ms
[2025-08-01T01:06:53.617+0000] GC(168)   Evacuate Collection Set: 109.7ms
[2025-08-01T01:06:53.617+0000] GC(168)   Post Evacuate Collection Set: 1.0ms
[2025-08-01T01:06:53.617+0000] GC(168)   Other: 0.2ms
[2025-08-01T01:06:53.617+0000] GC(168) Eden regions: 348->0(56)
[2025-08-01T01:06:53.617+0000] GC(168) Survivor regions: 14->46(46)
[2025-08-01T01:06:53.617+0000] GC(168) Old regions: 779->1028
[2025-08-01T01:06:53.617+0000] GC(168) Archive regions: 2->2
[2025-08-01T01:06:53.617+0000] GC(168) Humongous regions: 0->0
[2025-08-01T01:06:53.617+0000] GC(168) Metaspace: 10061K(10304K)->10061K(10304K) NonClass: 8835K(8960K)->8835K(8960K) Class: 1225K(1344K)->1225K(1344K)
[2025-08-01T01:06:53.618+0000] GC(168) Pause Young (Prepare Mixed) (G1 Evacuation Pause) 2282M->2149M(4096M) 112.385ms
[2025-08-01T01:06:53.618+0000] GC(168) User=0.82s Sys=0.04s Real=0.11s
[2025-08-01T01:06:53.628+0000] GC(169) Pause Young (Mixed) (G1 Evacuation Pause)
[2025-08-01T01:06:53.628+0000] GC(169) Using 8 workers of 8 for evacuation
[2025-08-01T01:06:53.659+0000] GC(169)   Pre Evacuate Collection Set: 0.4ms
[2025-08-01T01:06:53.660+0000] GC(169)   Merge Heap Roots: 0.2ms
[2025-08-01T01:06:53.660+0000] GC(169)   Evacuate Collection Set: 30.1ms
[2025-08-01T01:06:53.660+0000] GC(169)   Post Evacuate Collection Set: 0.9ms
[2025-08-01T01:06:53.660+0000] GC(169)   Other: 0.2ms
[2025-08-01T01:06:53.660+0000] GC(169) Eden regions: 56->0(231)
[2025-08-01T01:06:53.660+0000] GC(169) Survivor regions: 46->13(13)
[2025-08-01T01:06:53.660+0000] GC(169) Old regions: 1028->1105
[2025-08-01T01:06:53.660+0000] GC(169) Archive regions: 2->2
[2025-08-01T01:06:53.660+0000] GC(169) Humongous regions: 0->0
[2025-08-01T01:06:53.660+0000] GC(169) Metaspace: 10061K(10304K)->10061K(10304K) NonClass: 8835K(8960K)->8835K(8960K) Class: 1225K(1344K)->1225K(1344K)
[2025-08-01T01:06:53.660+0000] GC(169) Pause Young (Mixed) (G1 Evacuation Pause) 2261M->2237M(4096M) 32.041ms
[2025-08-01T01:06:53.660+0000] GC(169) User=0.24s Sys=0.00s Real=0.03s
[2025-08-01T01:06:53.748+0000] GC(170) Pause Young (Concurrent Start) (G1 Evacuation Pause)
[2025-08-01T01:06:53.748+0000] GC(170) Using 8 workers of 8 for evacuation
[2025-08-01T01:06:53.824+0000] GC(170)   Pre Evacuate Collection Set: 0.5ms
[2025-08-01T01:06:53.824+0000] GC(170)   Merge Heap Roots: 0.2ms
[2025-08-01T01:06:53.824+0000] GC(170)   Evacuate Collection Set: 74.0ms
[2025-08-01T01:06:53.824+0000] GC(170)   Post Evacuate Collection Set: 1.4ms
[2025-08-01T01:06:53.824+0000] GC(170)   Other: 0.4ms
[2025-08-01T01:06:53.824+0000] GC(170) Eden regions: 231->0(162)
[2025-08-01T01:06:53.824+0000] GC(170) Survivor regions: 13->31(31)
[2025-08-01T01:06:53.824+0000] GC(170) Old regions: 1105->1290
[2025-08-01T01:06:53.824+0000] GC(170) Archive regions: 2->2
[2025-08-01T01:06:53.825+0000] GC(170) Humongous regions: 0->0
[2025-08-01T01:06:53.825+0000] GC(170) Metaspace: 10061K(10304K)->10061K(10304K) NonClass: 8835K(8960K)->8835K(8960K) Class: 1225K(1344K)->1225K(1344K)
[2025-08-01T01:06:53.825+0000] GC(170) Pause Young (Concurrent Start) (G1 Evacuation Pause) 2699M->2643M(4096M) 76.793ms
[2025-08-01T01:06:53.825+0000] GC(170) User=0.58s Sys=0.02s Real=0.08s
[2025-08-01T01:06:53.825+0000] GC(171) Concurrent Mark Cycle
[2025-08-01T01:06:53.825+0000] GC(171) Concurrent Clear Claimed Marks
[2025-08-01T01:06:53.825+0000] GC(171) Concurrent Clear Claimed Marks 0.018ms
[2025-08-01T01:06:53.825+0000] GC(171) Concurrent Scan Root Regions
[2025-08-01T01:06:53.863+0000] GC(171) Concurrent Scan Root Regions 38.237ms
[2025-08-01T01:06:53.863+0000] GC(171) Concurrent Mark
[2025-08-01T01:06:53.863+0000] GC(171) Concurrent Mark From Roots
[2025-08-01T01:06:53.863+0000] GC(171) Using 2 workers of 2 for marking
[2025-08-01T01:06:53.899+0000] GC(172) Pause Young (Normal) (G1 Evacuation Pause)
[2025-08-01T01:06:53.899+0000] GC(172) Using 8 workers of 8 for evacuation
[2025-08-01T01:06:53.961+0000] GC(172)   Pre Evacuate Collection Set: 0.5ms
[2025-08-01T01:06:53.961+0000] GC(172)   Merge Heap Roots: 0.4ms
[2025-08-01T01:06:53.961+0000] GC(172)   Evacuate Collection Set: 59.7ms
[2025-08-01T01:06:53.961+0000] GC(172)   Post Evacuate Collection Set: 1.2ms
[2025-08-01T01:06:53.961+0000] GC(172)   Other: 0.2ms
[2025-08-01T01:06:53.961+0000] GC(172) Eden regions: 162->0(110)
[2025-08-01T01:06:53.961+0000] GC(172) Survivor regions: 31->25(25)
[2025-08-01T01:06:53.961+0000] GC(172) Old regions: 1290->1460
[2025-08-01T01:06:53.961+0000] GC(172) Archive regions: 2->2
[2025-08-01T01:06:53.961+0000] GC(172) Humongous regions: 0->0
[2025-08-01T01:06:53.961+0000] GC(172) Metaspace: 10061K(10304K)->10061K(10304K) NonClass: 8835K(8960K)->8835K(8960K) Class: 1225K(1344K)->1225K(1344K)
[2025-08-01T01:06:53.961+0000] GC(172) Pause Young (Normal) (G1 Evacuation Pause) 2967M->2971M(4096M) 62.133ms
[2025-08-01T01:06:53.961+0000] GC(172) User=0.46s Sys=0.01s Real=0.06s
[2025-08-01T01:06:54.014+0000] GC(171) Concurrent Mark From Roots 150.951ms
[2025-08-01T01:06:54.014+0000] GC(171) Concurrent Preclean
[2025-08-01T01:06:54.014+0000] GC(171) Concurrent Preclean 0.191ms
[2025-08-01T01:06:54.014+0000] GC(171) Pause Remark
[2025-08-01T01:06:54.017+0000] GC(171) Pause Remark 3178M->1654M(4096M) 2.371ms
[2025-08-01T01:06:54.017+0000] GC(171) User=0.01s Sys=0.00s Real=0.00s
[2025-08-01T01:06:54.017+0000] GC(171) Concurrent Mark 153.780ms
[2025-08-01T01:06:54.017+0000] GC(171) Concurrent Rebuild Remembered Sets
[2025-08-01T01:06:54.026+0000] GC(173) Pause Young (Normal) (G1 Evacuation Pause)
[2025-08-01T01:06:54.026+0000] GC(173) Using 8 workers of 8 for evacuation
[2025-08-01T01:06:54.049+0000] GC(173)   Pre Evacuate Collection Set: 0.5ms
[2025-08-01T01:06:54.049+0000] GC(173)   Merge Heap Roots: 0.2ms
[2025-08-01T01:06:54.049+0000] GC(173)   Evacuate Collection Set: 21.3ms
[2025-08-01T01:06:54.049+0000] GC(173)   Post Evacuate Collection Set: 1.0ms
[2025-08-01T01:06:54.049+0000] GC(173)   Other: 0.2ms
[2025-08-01T01:06:54.049+0000] GC(173) Eden regions: 110->0(353)
[2025-08-01T01:06:54.049+0000] GC(173) Survivor regions: 25->17(17)
[2025-08-01T01:06:54.049+0000] GC(173) Old regions: 698->746
[2025-08-01T01:06:54.049+0000] GC(173) Archive regions: 2->2
[2025-08-01T01:06:54.049+0000] GC(173) Humongous regions: 0->0
[2025-08-01T01:06:54.049+0000] GC(173) Metaspace: 10061K(10304K)->10061K(10304K) NonClass: 8835K(8960K)->8835K(8960K) Class: 1225K(1344K)->1225K(1344K)
[2025-08-01T01:06:54.049+0000] GC(173) Pause Young (Normal) (G1 Evacuation Pause) 1667M->1527M(4096M) 23.486ms
[2025-08-01T01:06:54.049+0000] GC(173) User=0.16s Sys=0.01s Real=0.02s
[2025-08-01T01:06:54.164+0000] GC(174) Pause Young (Normal) (G1 Evacuation Pause)
[2025-08-01T01:06:54.164+0000] GC(174) Using 8 workers of 8 for evacuation
[2025-08-01T01:06:54.260+0000] GC(174)   Pre Evacuate Collection Set: 0.6ms
[2025-08-01T01:06:54.260+0000] GC(174)   Merge Heap Roots: 0.2ms
[2025-08-01T01:06:54.260+0000] GC(174)   Evacuate Collection Set: 93.4ms
[2025-08-01T01:06:54.260+0000] GC(174)   Post Evacuate Collection Set: 1.0ms
[2025-08-01T01:06:54.260+0000] GC(174)   Other: 0.2ms
[2025-08-01T01:06:54.260+0000] GC(174) Eden regions: 353->0(249)
[2025-08-01T01:06:54.260+0000] GC(174) Survivor regions: 17->47(47)
[2025-08-01T01:06:54.260+0000] GC(174) Old regions: 746->1019
[2025-08-01T01:06:54.260+0000] GC(174) Archive regions: 2->2
[2025-08-01T01:06:54.260+0000] GC(174) Humongous regions: 0->0
[2025-08-01T01:06:54.260+0000] GC(174) Metaspace: 10061K(10304K)->10061K(10304K) NonClass: 8835K(8960K)->8835K(8960K) Class: 1225K(1344K)->1225K(1344K)
[2025-08-01T01:06:54.260+0000] GC(174) Pause Young (Normal) (G1 Evacuation Pause) 2233M->2132M(4096M) 95.570ms
[2025-08-01T01:06:54.260+0000] GC(174) User=0.74s Sys=0.00s Real=0.09s
[2025-08-01T01:06:54.311+0000] GC(171) Concurrent Rebuild Remembered Sets 294.077ms
[2025-08-01T01:06:54.311+0000] GC(171) Pause Cleanup
[2025-08-01T01:06:54.312+0000] GC(171) Pause Cleanup 2409M->2409M(4096M) 0.751ms
[2025-08-01T01:06:54.312+0000] GC(171) User=0.00s Sys=0.00s Real=0.00s
[2025-08-01T01:06:54.314+0000] GC(171) Concurrent Cleanup for Next Mark
[2025-08-01T01:06:54.323+0000] GC(171) Concurrent Cleanup for Next Mark 9.509ms
[2025-08-01T01:06:54.323+0000] GC(171) Concurrent Mark Cycle 498.595ms
[2025-08-01T01:06:54.354+0000] GC(175) Pause Young (Prepare Mixed) (G1 Evacuation Pause)
[2025-08-01T01:06:54.354+0000] GC(175) Using 8 workers of 8 for evacuation
[2025-08-01T01:06:54.448+0000] GC(175)   Pre Evacuate Collection Set: 0.4ms
[2025-08-01T01:06:54.448+0000] GC(175)   Merge Heap Roots: 0.1ms
[2025-08-01T01:06:54.448+0000] GC(175)   Evacuate Collection Set: 92.9ms
[2025-08-01T01:06:54.448+0000] GC(175)   Post Evacuate Collection Set: 1.0ms
[2025-08-01T01:06:54.448+0000] GC(175)   Other: 0.2ms
[2025-08-01T01:06:54.448+0000] GC(175) Eden regions: 249->0(65)
[2025-08-01T01:06:54.448+0000] GC(175) Survivor regions: 47->37(37)
[2025-08-01T01:06:54.448+0000] GC(175) Old regions: 1019->1227
[2025-08-01T01:06:54.448+0000] GC(175) Archive regions: 2->2
[2025-08-01T01:06:54.448+0000] GC(175) Humongous regions: 0->0
[2025-08-01T01:06:54.448+0000] GC(175) Metaspace: 10061K(10304K)->10061K(10304K) NonClass: 8835K(8960K)->8835K(8960K) Class: 1225K(1344K)->1225K(1344K)
[2025-08-01T01:06:54.448+0000] GC(175) Pause Young (Prepare Mixed) (G1 Evacuation Pause) 2630M->2528M(4096M) 94.923ms
[2025-08-01T01:06:54.449+0000] GC(175) User=0.68s Sys=0.03s Real=0.09s
[2025-08-01T01:06:54.460+0000] GC(176) Pause Young (Mixed) (G1 Evacuation Pause)
[2025-08-01T01:06:54.460+0000] GC(176) Using 8 workers of 8 for evacuation
[2025-08-01T01:06:54.494+0000] GC(176)   Pre Evacuate Collection Set: 0.5ms
[2025-08-01T01:06:54.494+0000] GC(176)   Merge Heap Roots: 0.2ms
[2025-08-01T01:06:54.495+0000] GC(176)   Evacuate Collection Set: 33.2ms
[2025-08-01T01:06:54.495+0000] GC(176)   Post Evacuate Collection Set: 0.6ms
[2025-08-01T01:06:54.495+0000] GC(176)   Other: 0.3ms
[2025-08-01T01:06:54.495+0000] GC(176) Eden regions: 65->0(167)
[2025-08-01T01:06:54.495+0000] GC(176) Survivor regions: 37->13(13)
[2025-08-01T01:06:54.495+0000] GC(176) Old regions: 1227->1297
[2025-08-01T01:06:54.495+0000] GC(176) Archive regions: 2->2
[2025-08-01T01:06:54.495+0000] GC(176) Humongous regions: 0->0
[2025-08-01T01:06:54.495+0000] GC(176) Metaspace: 10061K(10304K)->10061K(10304K) NonClass: 8835K(8960K)->8835K(8960K) Class: 1225K(1344K)->1225K(1344K)
[2025-08-01T01:06:54.495+0000] GC(176) Pause Young (Mixed) (G1 Evacuation Pause) 2658M->2621M(4096M) 34.915ms
[2025-08-01T01:06:54.495+0000] GC(176) User=0.26s Sys=0.01s Real=0.04s
[2025-08-01T01:06:54.570+0000] GC(177) Pause Young (Concurrent Start) (G1 Evacuation Pause)
[2025-08-01T01:06:54.570+0000] GC(177) Using 8 workers of 8 for evacuation
[2025-08-01T01:06:54.632+0000] GC(177)   Pre Evacuate Collection Set: 0.8ms
[2025-08-01T01:06:54.632+0000] GC(177)   Merge Heap Roots: 0.2ms
[2025-08-01T01:06:54.632+0000] GC(177)   Evacuate Collection Set: 59.8ms
[2025-08-01T01:06:54.632+0000] GC(177)   Post Evacuate Collection Set: 0.8ms
[2025-08-01T01:06:54.632+0000] GC(177)   Other: 0.3ms
[2025-08-01T01:06:54.632+0000] GC(177) Eden regions: 167->0(112)
[2025-08-01T01:06:54.632+0000] GC(177) Survivor regions: 13->23(23)
[2025-08-01T01:06:54.632+0000] GC(177) Old regions: 1297->1456
[2025-08-01T01:06:54.632+0000] GC(177) Archive regions: 2->2
[2025-08-01T01:06:54.632+0000] GC(177) Humongous regions: 0->0
[2025-08-01T01:06:54.632+0000] GC(177) Metaspace: 10061K(10304K)->10061K(10304K) NonClass: 8835K(8960K)->8835K(8960K) Class: 1225K(1344K)->1225K(1344K)
[2025-08-01T01:06:54.632+0000] GC(177) Pause Young (Concurrent Start) (G1 Evacuation Pause) 2955M->2958M(4096M) 61.970ms
[2025-08-01T01:06:54.632+0000] GC(177) User=0.44s Sys=0.02s Real=0.06s
[2025-08-01T01:06:54.632+0000] GC(178) Concurrent Mark Cycle
[2025-08-01T01:06:54.632+0000] GC(178) Concurrent Clear Claimed Marks
[2025-08-01T01:06:54.632+0000] GC(178) Concurrent Clear Claimed Marks 0.022ms
[2025-08-01T01:06:54.632+0000] GC(178) Concurrent Scan Root Regions
[2025-08-01T01:06:54.667+0000] GC(178) Concurrent Scan Root Regions 34.838ms
[2025-08-01T01:06:54.667+0000] GC(178) Concurrent Mark
[2025-08-01T01:06:54.667+0000] GC(178) Concurrent Mark From Roots
[2025-08-01T01:06:54.667+0000] GC(178) Using 2 workers of 2 for marking
[2025-08-01T01:06:54.703+0000] GC(179) Pause Young (Normal) (G1 Evacuation Pause)
[2025-08-01T01:06:54.703+0000] GC(179) Using 8 workers of 8 for evacuation
[2025-08-01T01:06:54.731+0000] GC(179)   Pre Evacuate Collection Set: 0.3ms
[2025-08-01T01:06:54.731+0000] GC(179)   Merge Heap Roots: 0.1ms
[2025-08-01T01:06:54.731+0000] GC(179)   Evacuate Collection Set: 26.5ms
[2025-08-01T01:06:54.731+0000] GC(179)   Post Evacuate Collection Set: 0.8ms
[2025-08-01T01:06:54.731+0000] GC(179)   Other: 0.2ms
[2025-08-01T01:06:54.731+0000] GC(179) Eden regions: 112->0(88)
[2025-08-01T01:06:54.731+0000] GC(179) Survivor regions: 23->17(17)
[2025-08-01T01:06:54.731+0000] GC(179) Old regions: 1456->1540
[2025-08-01T01:06:54.731+0000] GC(179) Archive regions: 2->2
[2025-08-01T01:06:54.731+0000] GC(179) Humongous regions: 0->0
[2025-08-01T01:06:54.731+0000] GC(179) Metaspace: 10061K(10304K)->10061K(10304K) NonClass: 8835K(8960K)->8835K(8960K) Class: 1225K(1344K)->1225K(1344K)
[2025-08-01T01:06:54.731+0000] GC(179) Pause Young (Normal) (G1 Evacuation Pause) 3182M->3114M(4096M) 28.158ms
[2025-08-01T01:06:54.731+0000] GC(179) User=0.21s Sys=0.00s Real=0.03s
[2025-08-01T01:06:54.749+0000] GC(180) Pause Young (Normal) (G1 Evacuation Pause)
[2025-08-01T01:06:54.750+0000] GC(180) Using 8 workers of 8 for evacuation
[2025-08-01T01:06:54.784+0000] GC(180)   Pre Evacuate Collection Set: 0.5ms
[2025-08-01T01:06:54.784+0000] GC(180)   Merge Heap Roots: 0.2ms
[2025-08-01T01:06:54.784+0000] GC(180)   Evacuate Collection Set: 33.2ms
[2025-08-01T01:06:54.784+0000] GC(180)   Post Evacuate Collection Set: 0.7ms
[2025-08-01T01:06:54.784+0000] GC(180)   Other: 0.2ms
[2025-08-01T01:06:54.784+0000] GC(180) Eden regions: 88->0(88)
[2025-08-01T01:06:54.784+0000] GC(180) Survivor regions: 17->14(14)
[2025-08-01T01:06:54.784+0000] GC(180) Old regions: 1540->1633
[2025-08-01T01:06:54.784+0000] GC(180) Archive regions: 2->2
[2025-08-01T01:06:54.784+0000] GC(180) Humongous regions: 0->0
[2025-08-01T01:06:54.784+0000] GC(180) Metaspace: 10061K(10304K)->10061K(10304K) NonClass: 8835K(8960K)->8835K(8960K) Class: 1225K(1344K)->1225K(1344K)
[2025-08-01T01:06:54.784+0000] GC(180) Pause Young (Normal) (G1 Evacuation Pause) 3290M->3294M(4096M) 35.017ms
[2025-08-01T01:06:54.784+0000] GC(180) User=0.26s Sys=0.00s Real=0.04s
[2025-08-01T01:06:54.850+0000] GC(181) Pause Young (Normal) (G1 Evacuation Pause)
[2025-08-01T01:06:54.850+0000] GC(181) Using 8 workers of 8 for evacuation
[2025-08-01T01:06:54.885+0000] GC(181)   Pre Evacuate Collection Set: 0.6ms
[2025-08-01T01:06:54.885+0000] GC(181)   Merge Heap Roots: 0.2ms
[2025-08-01T01:06:54.885+0000] GC(181)   Evacuate Collection Set: 33.4ms
[2025-08-01T01:06:54.885+0000] GC(181)   Post Evacuate Collection Set: 0.8ms
[2025-08-01T01:06:54.885+0000] GC(181)   Other: 0.2ms
[2025-08-01T01:06:54.885+0000] GC(181) Eden regions: 88->0(89)
[2025-08-01T01:06:54.885+0000] GC(181) Survivor regions: 14->13(13)
[2025-08-01T01:06:54.885+0000] GC(181) Old regions: 1633->1698
[2025-08-01T01:06:54.885+0000] GC(181) Archive regions: 2->2
[2025-08-01T01:06:54.885+0000] GC(181) Humongous regions: 0->0
[2025-08-01T01:06:54.885+0000] GC(181) Metaspace: 10061K(10304K)->10061K(10304K) NonClass: 8835K(8960K)->8835K(8960K) Class: 1225K(1344K)->1225K(1344K)
[2025-08-01T01:06:54.886+0000] GC(181) Pause Young (Normal) (G1 Evacuation Pause) 3470M->3423M(4096M) 35.392ms
[2025-08-01T01:06:54.886+0000] GC(181) User=0.22s Sys=0.01s Real=0.04s
[2025-08-01T01:06:54.911+0000] GC(182) Pause Young (Normal) (G1 Evacuation Pause)
[2025-08-01T01:06:54.911+0000] GC(182) Using 8 workers of 8 for evacuation
[2025-08-01T01:06:54.960+0000] GC(182)   Pre Evacuate Collection Set: 0.7ms
[2025-08-01T01:06:54.960+0000] GC(182)   Merge Heap Roots: 0.3ms
[2025-08-01T01:06:54.960+0000] GC(182)   Evacuate Collection Set: 47.1ms
[2025-08-01T01:06:54.960+0000] GC(182)   Post Evacuate Collection Set: 0.9ms
[2025-08-01T01:06:54.960+0000] GC(182)   Other: 0.2ms
[2025-08-01T01:06:54.961+0000] GC(182) Eden regions: 89->0(89)
[2025-08-01T01:06:54.961+0000] GC(182) Survivor regions: 13->13(13)
[2025-08-01T01:06:54.961+0000] GC(182) Old regions: 1698->1789
[2025-08-01T01:06:54.961+0000] GC(182) Archive regions: 2->2
[2025-08-01T01:06:54.961+0000] GC(182) Humongous regions: 0->0
[2025-08-01T01:06:54.961+0000] GC(182) Metaspace: 10061K(10304K)->10061K(10304K) NonClass: 8835K(8960K)->8835K(8960K) Class: 1225K(1344K)->1225K(1344K)
[2025-08-01T01:06:54.961+0000] GC(182) Pause Young (Normal) (G1 Evacuation Pause) 3601M->3604M(4096M) 49.436ms
[2025-08-01T01:06:54.961+0000] GC(182) User=0.33s Sys=0.02s Real=0.05s
[2025-08-01T01:06:55.003+0000] GC(178) Concurrent Mark From Roots 335.880ms
[2025-08-01T01:06:55.003+0000] GC(178) Concurrent Preclean
[2025-08-01T01:06:55.003+0000] GC(178) Concurrent Preclean 0.185ms
[2025-08-01T01:06:55.004+0000] GC(178) Pause Remark
[2025-08-01T01:06:55.007+0000] GC(178) Pause Remark 3701M->2237M(4096M) 3.316ms
[2025-08-01T01:06:55.007+0000] GC(178) User=0.01s Sys=0.01s Real=0.00s
[2025-08-01T01:06:55.007+0000] GC(178) Concurrent Mark 339.797ms
[2025-08-01T01:06:55.007+0000] GC(178) Concurrent Rebuild Remembered Sets
[2025-08-01T01:06:55.027+0000] GC(183) Pause Young (Normal) (G1 Evacuation Pause)
[2025-08-01T01:06:55.027+0000] GC(183) Using 8 workers of 8 for evacuation
[2025-08-01T01:06:55.071+0000] GC(183)   Pre Evacuate Collection Set: 0.6ms
[2025-08-01T01:06:55.071+0000] GC(183)   Merge Heap Roots: 0.2ms
[2025-08-01T01:06:55.071+0000] GC(183)   Evacuate Collection Set: 42.4ms
[2025-08-01T01:06:55.071+0000] GC(183)   Post Evacuate Collection Set: 0.5ms
[2025-08-01T01:06:55.071+0000] GC(183)   Other: 0.2ms
[2025-08-01T01:06:55.071+0000] GC(183) Eden regions: 89->0(215)
[2025-08-01T01:06:55.071+0000] GC(183) Survivor regions: 13->13(13)
[2025-08-01T01:06:55.071+0000] GC(183) Old regions: 1057->1148
[2025-08-01T01:06:55.071+0000] GC(183) Archive regions: 2->2
[2025-08-01T01:06:55.071+0000] GC(183) Humongous regions: 0->0
[2025-08-01T01:06:55.071+0000] GC(183) Metaspace: 10061K(10304K)->10061K(10304K) NonClass: 8835K(8960K)->8835K(8960K) Class: 1225K(1344K)->1225K(1344K)
[2025-08-01T01:06:55.071+0000] GC(183) Pause Young (Normal) (G1 Evacuation Pause) 2318M->2323M(4096M) 44.018ms
[2025-08-01T01:06:55.071+0000] GC(183) User=0.26s Sys=0.02s Real=0.04s
[2025-08-01T01:06:55.162+0000] GC(184) Pause Young (Normal) (G1 Evacuation Pause)
[2025-08-01T01:06:55.162+0000] GC(184) Using 8 workers of 8 for evacuation
[2025-08-01T01:06:55.225+0000] GC(184)   Pre Evacuate Collection Set: 0.7ms
[2025-08-01T01:06:55.225+0000] GC(184)   Merge Heap Roots: 0.2ms
[2025-08-01T01:06:55.225+0000] GC(184)   Evacuate Collection Set: 60.8ms
[2025-08-01T01:06:55.225+0000] GC(184)   Post Evacuate Collection Set: 0.8ms
[2025-08-01T01:06:55.225+0000] GC(184)   Other: 0.2ms
[2025-08-01T01:06:55.225+0000] GC(184) Eden regions: 215->0(160)
[2025-08-01T01:06:55.225+0000] GC(184) Survivor regions: 13->29(29)
[2025-08-01T01:06:55.225+0000] GC(184) Old regions: 1148->1308
[2025-08-01T01:06:55.225+0000] GC(184) Archive regions: 2->2
[2025-08-01T01:06:55.225+0000] GC(184) Humongous regions: 0->0
[2025-08-01T01:06:55.225+0000] GC(184) Metaspace: 10061K(10304K)->10061K(10304K) NonClass: 8835K(8960K)->8835K(8960K) Class: 1225K(1344K)->1225K(1344K)
[2025-08-01T01:06:55.225+0000] GC(184) Pause Young (Normal) (G1 Evacuation Pause) 2753M->2674M(4096M) 62.820ms
[2025-08-01T01:06:55.225+0000] GC(184) User=0.45s Sys=0.02s Real=0.07s
[2025-08-01T01:06:55.307+0000] GC(185) Pause Young (Normal) (G1 Evacuation Pause)
[2025-08-01T01:06:55.307+0000] GC(185) Using 8 workers of 8 for evacuation
[2025-08-01T01:06:55.379+0000] GC(185)   Pre Evacuate Collection Set: 1.2ms
[2025-08-01T01:06:55.379+0000] GC(185)   Merge Heap Roots: 0.7ms
[2025-08-01T01:06:55.379+0000] GC(185)   Evacuate Collection Set: 68.4ms
[2025-08-01T01:06:55.379+0000] GC(185)   Post Evacuate Collection Set: 0.9ms
[2025-08-01T01:06:55.379+0000] GC(185)   Other: 0.3ms
[2025-08-01T01:06:55.379+0000] GC(185) Eden regions: 160->0(106)
[2025-08-01T01:06:55.379+0000] GC(185) Survivor regions: 29->24(24)
[2025-08-01T01:06:55.379+0000] GC(185) Old regions: 1308->1475
[2025-08-01T01:06:55.379+0000] GC(185) Archive regions: 2->2
[2025-08-01T01:06:55.379+0000] GC(185) Humongous regions: 0->0
[2025-08-01T01:06:55.379+0000] GC(185) Metaspace: 10061K(10304K)->10061K(10304K) NonClass: 8835K(8960K)->8835K(8960K) Class: 1225K(1344K)->1225K(1344K)
[2025-08-01T01:06:55.379+0000] GC(185) Pause Young (Normal) (G1 Evacuation Pause) 2994M->2999M(4096M) 71.784ms
[2025-08-01T01:06:55.379+0000] GC(185) User=0.51s Sys=0.03s Real=0.07s
[2025-08-01T01:06:55.401+0000] GC(186) Pause Young (Normal) (G1 Evacuation Pause)
[2025-08-01T01:06:55.401+0000] GC(186) Using 8 workers of 8 for evacuation
[2025-08-01T01:06:55.438+0000] GC(186)   Pre Evacuate Collection Set: 0.7ms
[2025-08-01T01:06:55.438+0000] GC(186)   Merge Heap Roots: 0.2ms
[2025-08-01T01:06:55.438+0000] GC(186)   Evacuate Collection Set: 34.4ms
[2025-08-01T01:06:55.438+0000] GC(186)   Post Evacuate Collection Set: 1.5ms
[2025-08-01T01:06:55.438+0000] GC(186)   Other: 0.2ms
[2025-08-01T01:06:55.438+0000] GC(186) Eden regions: 106->0(85)
[2025-08-01T01:06:55.438+0000] GC(186) Survivor regions: 24->17(17)
[2025-08-01T01:06:55.438+0000] GC(186) Old regions: 1475->1562
[2025-08-01T01:06:55.438+0000] GC(186) Archive regions: 2->2
[2025-08-01T01:06:55.438+0000] GC(186) Humongous regions: 0->0
[2025-08-01T01:06:55.438+0000] GC(186) Metaspace: 10061K(10304K)->10061K(10304K) NonClass: 8835K(8960K)->8835K(8960K) Class: 1225K(1344K)->1225K(1344K)
[2025-08-01T01:06:55.438+0000] GC(186) Pause Young (Normal) (G1 Evacuation Pause) 3211M->3158M(4096M) 37.110ms
[2025-08-01T01:06:55.438+0000] GC(186) User=0.25s Sys=0.01s Real=0.04s
[2025-08-01T01:06:55.497+0000] GC(187) Pause Young (Normal) (G1 Evacuation Pause)
[2025-08-01T01:06:55.497+0000] GC(187) Using 8 workers of 8 for evacuation
[2025-08-01T01:06:55.534+0000] GC(187)   Pre Evacuate Collection Set: 0.4ms
[2025-08-01T01:06:55.534+0000] GC(187)   Merge Heap Roots: 0.2ms
[2025-08-01T01:06:55.534+0000] GC(187)   Evacuate Collection Set: 35.0ms
[2025-08-01T01:06:55.534+0000] GC(187)   Post Evacuate Collection Set: 0.6ms
[2025-08-01T01:06:55.534+0000] GC(187)   Other: 0.2ms
[2025-08-01T01:06:55.534+0000] GC(187) Eden regions: 85->0(89)
[2025-08-01T01:06:55.534+0000] GC(187) Survivor regions: 17->13(13)
[2025-08-01T01:06:55.534+0000] GC(187) Old regions: 1562->1648
[2025-08-01T01:06:55.534+0000] GC(187) Archive regions: 2->2
[2025-08-01T01:06:55.534+0000] GC(187) Humongous regions: 0->0
[2025-08-01T01:06:55.534+0000] GC(187) Metaspace: 10061K(10304K)->10061K(10304K) NonClass: 8835K(8960K)->8835K(8960K) Class: 1225K(1344K)->1225K(1344K)
[2025-08-01T01:06:55.534+0000] GC(187) Pause Young (Normal) (G1 Evacuation Pause) 3328M->3323M(4096M) 36.684ms
[2025-08-01T01:06:55.534+0000] GC(187) User=0.25s Sys=0.03s Real=0.04s
[2025-08-01T01:06:55.543+0000] GC(178) Concurrent Rebuild Remembered Sets 535.846ms
[2025-08-01T01:06:55.543+0000] GC(178) Pause Cleanup
[2025-08-01T01:06:55.544+0000] GC(178) Pause Cleanup 3425M->3425M(4096M) 1.110ms
[2025-08-01T01:06:55.544+0000] GC(178) User=0.01s Sys=0.00s Real=0.00s
[2025-08-01T01:06:55.545+0000] GC(178) Concurrent Cleanup for Next Mark
[2025-08-01T01:06:55.554+0000] GC(188) Pause Young (Prepare Mixed) (G1 Evacuation Pause)
[2025-08-01T01:06:55.554+0000] GC(188) Using 8 workers of 8 for evacuation
[2025-08-01T01:06:55.584+0000] GC(188)   Pre Evacuate Collection Set: 0.4ms
[2025-08-01T01:06:55.584+0000] GC(188)   Merge Heap Roots: 0.3ms
[2025-08-01T01:06:55.584+0000] GC(188)   Evacuate Collection Set: 28.3ms
[2025-08-01T01:06:55.584+0000] GC(188)   Post Evacuate Collection Set: 0.8ms
[2025-08-01T01:06:55.584+0000] GC(188)   Other: 0.2ms
[2025-08-01T01:06:55.584+0000] GC(188) Eden regions: 89->0(89)
[2025-08-01T01:06:55.584+0000] GC(188) Survivor regions: 13->13(13)
[2025-08-01T01:06:55.584+0000] GC(188) Old regions: 1648->1739
[2025-08-01T01:06:55.584+0000] GC(188) Archive regions: 2->2
[2025-08-01T01:06:55.584+0000] GC(188) Humongous regions: 0->0
[2025-08-01T01:06:55.584+0000] GC(188) Metaspace: 10061K(10304K)->10061K(10304K) NonClass: 8835K(8960K)->8835K(8960K) Class: 1225K(1344K)->1225K(1344K)
[2025-08-01T01:06:55.584+0000] GC(188) Pause Young (Prepare Mixed) (G1 Evacuation Pause) 3501M->3504M(4096M) 30.162ms
[2025-08-01T01:06:55.584+0000] GC(188) User=0.21s Sys=0.00s Real=0.03s
[2025-08-01T01:06:55.590+0000] GC(178) Concurrent Cleanup for Next Mark 45.067ms
[2025-08-01T01:06:55.590+0000] GC(178) Concurrent Mark Cycle 957.669ms
[2025-08-01T01:06:55.650+0000] GC(189) Pause Young (Mixed) (G1 Evacuation Pause)
[2025-08-01T01:06:55.650+0000] GC(189) Using 8 workers of 8 for evacuation
[2025-08-01T01:06:55.681+0000] GC(189)   Pre Evacuate Collection Set: 0.3ms
[2025-08-01T01:06:55.681+0000] GC(189)   Merge Heap Roots: 0.2ms
[2025-08-01T01:06:55.681+0000] GC(189)   Evacuate Collection Set: 28.6ms
[2025-08-01T01:06:55.681+0000] GC(189)   Post Evacuate Collection Set: 1.2ms
[2025-08-01T01:06:55.681+0000] GC(189)   Other: 0.2ms
[2025-08-01T01:06:55.681+0000] GC(189) Eden regions: 89->0(89)
[2025-08-01T01:06:55.681+0000] GC(189) Survivor regions: 13->13(13)
[2025-08-01T01:06:55.681+0000] GC(189) Old regions: 1739->1784
[2025-08-01T01:06:55.681+0000] GC(189) Archive regions: 2->2
[2025-08-01T01:06:55.681+0000] GC(189) Humongous regions: 0->0
[2025-08-01T01:06:55.681+0000] GC(189) Metaspace: 10061K(10304K)->10061K(10304K) NonClass: 8835K(8960K)->8835K(8960K) Class: 1225K(1344K)->1225K(1344K)
[2025-08-01T01:06:55.681+0000] GC(189) Pause Young (Mixed) (G1 Evacuation Pause) 3682M->3594M(4096M) 30.641ms
[2025-08-01T01:06:55.681+0000] GC(189) User=0.21s Sys=0.01s Real=0.03s
[2025-08-01T01:06:55.702+0000] GC(190) Pause Young (Concurrent Start) (G1 Evacuation Pause)
[2025-08-01T01:06:55.702+0000] GC(190) Using 8 workers of 8 for evacuation
[2025-08-01T01:06:55.749+0000] GC(190)   Pre Evacuate Collection Set: 0.4ms
[2025-08-01T01:06:55.749+0000] GC(190)   Merge Heap Roots: 0.2ms
[2025-08-01T01:06:55.749+0000] GC(190)   Evacuate Collection Set: 44.3ms
[2025-08-01T01:06:55.749+0000] GC(190)   Post Evacuate Collection Set: 1.0ms
[2025-08-01T01:06:55.749+0000] GC(190)   Other: 0.6ms
[2025-08-01T01:06:55.749+0000] GC(190) Eden regions: 89->0(89)
[2025-08-01T01:06:55.749+0000] GC(190) Survivor regions: 13->13(13)
[2025-08-01T01:06:55.749+0000] GC(190) Old regions: 1784->1875
[2025-08-01T01:06:55.749+0000] GC(190) Archive regions: 2->2
[2025-08-01T01:06:55.749+0000] GC(190) Humongous regions: 0->0
[2025-08-01T01:06:55.749+0000] GC(190) Metaspace: 10061K(10304K)->10061K(10304K) NonClass: 8835K(8960K)->8835K(8960K) Class: 1225K(1344K)->1225K(1344K)
[2025-08-01T01:06:55.749+0000] GC(190) Pause Young (Concurrent Start) (G1 Evacuation Pause) 3772M->3777M(4096M) 46.877ms
[2025-08-01T01:06:55.749+0000] GC(190) User=0.34s Sys=0.01s Real=0.05s
[2025-08-01T01:06:55.749+0000] GC(191) Concurrent Mark Cycle
[2025-08-01T01:06:55.749+0000] GC(191) Concurrent Clear Claimed Marks
[2025-08-01T01:06:55.749+0000] GC(191) Concurrent Clear Claimed Marks 0.018ms
[2025-08-01T01:06:55.749+0000] GC(191) Concurrent Scan Root Regions
[2025-08-01T01:06:55.777+0000] GC(191) Concurrent Scan Root Regions 27.321ms
[2025-08-01T01:06:55.777+0000] GC(191) Concurrent Mark
[2025-08-01T01:06:55.777+0000] GC(191) Concurrent Mark From Roots
[2025-08-01T01:06:55.777+0000] GC(191) Using 2 workers of 2 for marking
[2025-08-01T01:06:55.777+0000] GC(192) Pause Young (Normal) (G1 Preventive Collection)
[2025-08-01T01:06:55.777+0000] GC(192) Using 8 workers of 8 for evacuation
[2025-08-01T01:06:55.807+0000] GC(192)   Pre Evacuate Collection Set: 10.0ms
[2025-08-01T01:06:55.807+0000] GC(192)   Merge Heap Roots: 0.2ms
[2025-08-01T01:06:55.807+0000] GC(192)   Evacuate Collection Set: 29.1ms
[2025-08-01T01:06:55.807+0000] GC(192)   Post Evacuate Collection Set: 0.5ms
[2025-08-01T01:06:55.807+0000] GC(192)   Other: 0.2ms
[2025-08-01T01:06:55.807+0000] GC(192) Eden regions: 68->0(89)
[2025-08-01T01:06:55.807+0000] GC(192) Survivor regions: 13->13(13)
[2025-08-01T01:06:55.807+0000] GC(192) Old regions: 1875->1945
[2025-08-01T01:06:55.807+0000] GC(192) Archive regions: 2->2
[2025-08-01T01:06:55.807+0000] GC(192) Humongous regions: 0->0
[2025-08-01T01:06:55.807+0000] GC(192) Metaspace: 10061K(10304K)->10061K(10304K) NonClass: 8835K(8960K)->8835K(8960K) Class: 1225K(1344K)->1225K(1344K)
[2025-08-01T01:06:55.807+0000] GC(192) Pause Young (Normal) (G1 Preventive Collection) 3913M->3917M(4096M) 30.408ms
[2025-08-01T01:06:55.807+0000] GC(192) User=0.22s Sys=0.00s Real=0.03s
[2025-08-01T01:06:55.825+0000] GC(193) Pause Young (Normal) (G1 Preventive Collection)
[2025-08-01T01:06:55.825+0000] GC(193) Using 8 workers of 8 for evacuation
[2025-08-01T01:06:55.840+0000] GC(193)   Pre Evacuate Collection Set: 0.5ms
[2025-08-01T01:06:55.840+0000] GC(193)   Merge Heap Roots: 0.2ms
[2025-08-01T01:06:55.840+0000] GC(193)   Evacuate Collection Set: 13.3ms
[2025-08-01T01:06:55.840+0000] GC(193)   Post Evacuate Collection Set: 0.5ms
[2025-08-01T01:06:55.840+0000] GC(193)   Other: 0.2ms
[2025-08-01T01:06:55.840+0000] GC(193) Eden regions: 35->0(89)
[2025-08-01T01:06:55.840+0000] GC(193) Survivor regions: 13->13(13)
[2025-08-01T01:06:55.840+0000] GC(193) Old regions: 1945->1982
[2025-08-01T01:06:55.840+0000] GC(193) Archive regions: 2->2
[2025-08-01T01:06:55.840+0000] GC(193) Humongous regions: 0->0
[2025-08-01T01:06:55.840+0000] GC(193) Metaspace: 10061K(10304K)->10061K(10304K) NonClass: 8835K(8960K)->8835K(8960K) Class: 1225K(1344K)->1225K(1344K)
[2025-08-01T01:06:55.840+0000] GC(193) Pause Young (Normal) (G1 Preventive Collection) 3987M->3991M(4096M) 14.895ms
[2025-08-01T01:06:55.840+0000] GC(193) User=0.10s Sys=0.00s Real=0.01s
[2025-08-01T01:06:55.846+0000] GC(194) Pause Young (Normal) (G1 Preventive Collection)
[2025-08-01T01:06:55.846+0000] GC(194) Using 8 workers of 8 for evacuation
[2025-08-01T01:06:55.856+0000] GC(194)   Pre Evacuate Collection Set: 0.3ms
[2025-08-01T01:06:55.856+0000] GC(194)   Merge Heap Roots: 0.3ms
[2025-08-01T01:06:55.856+0000] GC(194)   Evacuate Collection Set: 8.3ms
[2025-08-01T01:06:55.856+0000] GC(194)   Post Evacuate Collection Set: 0.6ms
[2025-08-01T01:06:55.856+0000] GC(194)   Other: 0.2ms
[2025-08-01T01:06:55.856+0000] GC(194) Eden regions: 17->0(89)
[2025-08-01T01:06:55.856+0000] GC(194) Survivor regions: 13->13(13)
[2025-08-01T01:06:55.856+0000] GC(194) Old regions: 1982->2002
[2025-08-01T01:06:55.856+0000] GC(194) Archive regions: 2->2
[2025-08-01T01:06:55.856+0000] GC(194) Humongous regions: 0->0
[2025-08-01T01:06:55.856+0000] GC(194) Metaspace: 10061K(10304K)->10061K(10304K) NonClass: 8835K(8960K)->8835K(8960K) Class: 1225K(1344K)->1225K(1344K)
[2025-08-01T01:06:55.856+0000] GC(194) Pause Young (Normal) (G1 Preventive Collection) 4025M->4030M(4096M) 9.811ms
[2025-08-01T01:06:55.856+0000] GC(194) User=0.06s Sys=0.00s Real=0.01s
[2025-08-01T01:06:55.860+0000] GC(195) Pause Young (Normal) (G1 Preventive Collection)
[2025-08-01T01:06:55.860+0000] GC(195) Using 8 workers of 8 for evacuation
[2025-08-01T01:06:55.868+0000] GC(195)   Pre Evacuate Collection Set: 0.6ms
[2025-08-01T01:06:55.868+0000] GC(195)   Merge Heap Roots: 0.2ms
[2025-08-01T01:06:55.868+0000] GC(195)   Evacuate Collection Set: 6.0ms
[2025-08-01T01:06:55.868+0000] GC(195)   Post Evacuate Collection Set: 0.4ms
[2025-08-01T01:06:55.868+0000] GC(195)   Other: 0.2ms
[2025-08-01T01:06:55.868+0000] GC(195) Eden regions: 7->0(93)
[2025-08-01T01:06:55.868+0000] GC(195) Survivor regions: 13->9(13)
[2025-08-01T01:06:55.868+0000] GC(195) Old regions: 2002->2016
[2025-08-01T01:06:55.868+0000] GC(195) Archive regions: 2->2
[2025-08-01T01:06:55.868+0000] GC(195) Humongous regions: 0->0
[2025-08-01T01:06:55.868+0000] GC(195) Metaspace: 10061K(10304K)->10061K(10304K) NonClass: 8835K(8960K)->8835K(8960K) Class: 1225K(1344K)->1225K(1344K)
[2025-08-01T01:06:55.868+0000] GC(195) Pause Young (Normal) (G1 Preventive Collection) 4044M->4050M(4096M) 7.434ms
[2025-08-01T01:06:55.868+0000] GC(195) User=0.04s Sys=0.00s Real=0.01s
[2025-08-01T01:06:55.869+0000] GC(196) Pause Young (Normal) (G1 Preventive Collection)
[2025-08-01T01:06:55.869+0000] GC(196) Using 8 workers of 8 for evacuation
[2025-08-01T01:06:55.873+0000] GC(196)   Pre Evacuate Collection Set: 0.4ms
[2025-08-01T01:06:55.873+0000] GC(196)   Merge Heap Roots: 0.1ms
[2025-08-01T01:06:55.873+0000] GC(196)   Evacuate Collection Set: 3.4ms
[2025-08-01T01:06:55.874+0000] GC(196)   Post Evacuate Collection Set: 0.7ms
[2025-08-01T01:06:55.874+0000] GC(196)   Other: 0.1ms
[2025-08-01T01:06:55.874+0000] GC(196) Eden regions: 5->0(96)
[2025-08-01T01:06:55.874+0000] GC(196) Survivor regions: 9->6(13)
[2025-08-01T01:06:55.874+0000] GC(196) Old regions: 2016->2025
[2025-08-01T01:06:55.874+0000] GC(196) Archive regions: 2->2
[2025-08-01T01:06:55.874+0000] GC(196) Humongous regions: 0->0
[2025-08-01T01:06:55.874+0000] GC(196) Metaspace: 10061K(10304K)->10061K(10304K) NonClass: 8835K(8960K)->8835K(8960K) Class: 1225K(1344K)->1225K(1344K)
[2025-08-01T01:06:55.874+0000] GC(196) Pause Young (Normal) (G1 Preventive Collection) 4060M->4061M(4096M) 4.922ms
[2025-08-01T01:06:55.874+0000] GC(196) User=0.02s Sys=0.00s Real=0.01s
[2025-08-01T01:06:55.875+0000] GC(197) Pause Young (Normal) (G1 Preventive Collection)
[2025-08-01T01:06:55.875+0000] GC(197) Using 8 workers of 8 for evacuation
[2025-08-01T01:06:55.879+0000] GC(197)   Pre Evacuate Collection Set: 0.6ms
[2025-08-01T01:06:55.879+0000] GC(197)   Merge Heap Roots: 0.2ms
[2025-08-01T01:06:55.879+0000] GC(197)   Evacuate Collection Set: 2.7ms
[2025-08-01T01:06:55.879+0000] GC(197)   Post Evacuate Collection Set: 0.4ms
[2025-08-01T01:06:55.879+0000] GC(197)   Other: 0.2ms
[2025-08-01T01:06:55.879+0000] GC(197) Eden regions: 4->0(92)
[2025-08-01T01:06:55.879+0000] GC(197) Survivor regions: 6->10(11)
[2025-08-01T01:06:55.879+0000] GC(197) Old regions: 2025->2025
[2025-08-01T01:06:55.879+0000] GC(197) Archive regions: 2->2
[2025-08-01T01:06:55.879+0000] GC(197) Humongous regions: 0->0
[2025-08-01T01:06:55.879+0000] GC(197) Metaspace: 10061K(10304K)->10061K(10304K) NonClass: 8835K(8960K)->8835K(8960K) Class: 1225K(1344K)->1225K(1344K)
[2025-08-01T01:06:55.879+0000] GC(197) Pause Young (Normal) (G1 Preventive Collection) 4069M->4069M(4096M) 4.259ms
[2025-08-01T01:06:55.879+0000] GC(197) User=0.03s Sys=0.01s Real=0.00s
[2025-08-01T01:06:55.879+0000] GC(198) Pause Young (Normal) (G1 Preventive Collection)
[2025-08-01T01:06:55.879+0000] GC(198) Using 8 workers of 8 for evacuation
[2025-08-01T01:06:55.883+0000] GC(198) To-space exhausted
[2025-08-01T01:06:55.883+0000] GC(198)   Pre Evacuate Collection Set: 0.1ms
[2025-08-01T01:06:55.883+0000] GC(198)   Merge Heap Roots: 0.1ms
[2025-08-01T01:06:55.883+0000] GC(198)   Evacuate Collection Set: 2.7ms
[2025-08-01T01:06:55.883+0000] GC(198)   Post Evacuate Collection Set: 1.1ms
[2025-08-01T01:06:55.883+0000] GC(198)   Other: 0.1ms
[2025-08-01T01:06:55.883+0000] GC(198) Eden regions: 1->0(96)
[2025-08-01T01:06:55.883+0000] GC(198) Survivor regions: 10->6(10)
[2025-08-01T01:06:55.883+0000] GC(198) Old regions: 2025->2033
[2025-08-01T01:06:55.883+0000] GC(198) Archive regions: 2->2
[2025-08-01T01:06:55.883+0000] GC(198) Humongous regions: 0->0
[2025-08-01T01:06:55.883+0000] GC(198) Metaspace: 10061K(10304K)->10061K(10304K) NonClass: 8835K(8960K)->8835K(8960K) Class: 1225K(1344K)->1225K(1344K)
[2025-08-01T01:06:55.883+0000] GC(198) Pause Young (Normal) (G1 Preventive Collection) 4071M->4078M(4096M) 4.259ms
[2025-08-01T01:06:55.883+0000] GC(198) User=0.02s Sys=0.00s Real=0.01s
[2025-08-01T01:06:55.884+0000] GC(199) Pause Young (Normal) (G1 Preventive Collection)
[2025-08-01T01:06:55.884+0000] GC(199) Using 8 workers of 8 for evacuation
[2025-08-01T01:06:55.887+0000] GC(199) To-space exhausted
[2025-08-01T01:06:55.887+0000] GC(199)   Pre Evacuate Collection Set: 0.2ms
[2025-08-01T01:06:55.887+0000] GC(199)   Merge Heap Roots: 0.1ms
[2025-08-01T01:06:55.887+0000] GC(199)   Evacuate Collection Set: 1.9ms
[2025-08-01T01:06:55.887+0000] GC(199)   Post Evacuate Collection Set: 0.7ms
[2025-08-01T01:06:55.887+0000] GC(199)   Other: 0.2ms
[2025-08-01T01:06:55.887+0000] GC(199) Eden regions: 1->0(96)
[2025-08-01T01:06:55.887+0000] GC(199) Survivor regions: 6->6(6)
[2025-08-01T01:06:55.887+0000] GC(199) Old regions: 2033->2035
[2025-08-01T01:06:55.887+0000] GC(199) Archive regions: 2->2
[2025-08-01T01:06:55.887+0000] GC(199) Humongous regions: 0->0
[2025-08-01T01:06:55.887+0000] GC(199) Metaspace: 10061K(10304K)->10061K(10304K) NonClass: 8835K(8960K)->8835K(8960K) Class: 1225K(1344K)->1225K(1344K)
[2025-08-01T01:06:55.887+0000] GC(199) Pause Young (Normal) (G1 Preventive Collection) 4080M->4082M(4096M) 3.199ms
[2025-08-01T01:06:55.887+0000] GC(199) User=0.01s Sys=0.00s Real=0.00s
[2025-08-01T01:06:55.888+0000] GC(200) Pause Young (Normal) (G1 Preventive Collection)
[2025-08-01T01:06:55.888+0000] GC(200) Using 8 workers of 8 for evacuation
[2025-08-01T01:06:55.892+0000] GC(200) To-space exhausted
[2025-08-01T01:06:55.892+0000] GC(200)   Pre Evacuate Collection Set: 0.3ms
[2025-08-01T01:06:55.892+0000] GC(200)   Merge Heap Roots: 0.1ms
[2025-08-01T01:06:55.892+0000] GC(200)   Evacuate Collection Set: 2.2ms
[2025-08-01T01:06:55.892+0000] GC(200)   Post Evacuate Collection Set: 1.3ms
[2025-08-01T01:06:55.892+0000] GC(200)   Other: 0.2ms
[2025-08-01T01:06:55.892+0000] GC(200) Eden regions: 1->0(98)
[2025-08-01T01:06:55.892+0000] GC(200) Survivor regions: 6->4(4)
[2025-08-01T01:06:55.892+0000] GC(200) Old regions: 2035->2042
[2025-08-01T01:06:55.892+0000] GC(200) Archive regions: 2->2
[2025-08-01T01:06:55.892+0000] GC(200) Humongous regions: 0->0
[2025-08-01T01:06:55.892+0000] GC(200) Metaspace: 10061K(10304K)->10061K(10304K) NonClass: 8835K(8960K)->8835K(8960K) Class: 1225K(1344K)->1225K(1344K)
[2025-08-01T01:06:55.892+0000] GC(200) Pause Young (Normal) (G1 Preventive Collection) 4084M->4092M(4096M) 4.259ms
[2025-08-01T01:06:55.892+0000] GC(200) User=0.02s Sys=0.00s Real=0.00s
[2025-08-01T01:06:55.892+0000] Attempting full compaction
[2025-08-01T01:06:55.892+0000] GC(201) Pause Full (G1 Compaction Pause)
[2025-08-01T01:06:55.892+0000] GC(201) Using 8 workers of 8 for full compaction
[2025-08-01T01:06:55.897+0000] GC(201) Phase 1: Mark live objects
[2025-08-01T01:06:55.939+0000] GC(201) Phase 1: Mark live objects 42.274ms
[2025-08-01T01:06:55.940+0000] GC(201) Phase 2: Prepare for compaction
[2025-08-01T01:06:55.951+0000] GC(201) Phase 2: Prepare for compaction 11.412ms
[2025-08-01T01:06:55.951+0000] GC(201) Phase 3: Adjust pointers
[2025-08-01T01:06:55.989+0000] GC(201) Phase 3: Adjust pointers 37.511ms
[2025-08-01T01:06:55.989+0000] GC(201) Phase 4: Compact heap
[2025-08-01T01:06:56.028+0000] GC(201) Phase 4: Compact heap 39.036ms
[2025-08-01T01:06:56.034+0000] GC(201) Eden regions: 0->0(412)
[2025-08-01T01:06:56.034+0000] GC(201) Survivor regions: 4->0(4)
[2025-08-01T01:06:56.034+0000] GC(201) Old regions: 2042->524
[2025-08-01T01:06:56.035+0000] GC(201) Archive regions: 2->2
[2025-08-01T01:06:56.035+0000] GC(201) Humongous regions: 0->0
[2025-08-01T01:06:56.035+0000] GC(201) Metaspace: 10061K(10304K)->10061K(10304K) NonClass: 8835K(8960K)->8835K(8960K) Class: 1225K(1344K)->1225K(1344K)
[2025-08-01T01:06:56.035+0000] GC(201) Pause Full (G1 Compaction Pause) 4092M->1039M(4096M) 142.356ms
[2025-08-01T01:06:56.035+0000] GC(201) User=1.06s Sys=0.00s Real=0.15s
[2025-08-01T01:06:56.035+0000] GC(191) Concurrent Mark From Roots 257.871ms
[2025-08-01T01:06:56.035+0000] GC(191) Concurrent Mark Abort
[2025-08-01T01:06:56.035+0000] GC(191) Concurrent Mark Cycle 285.639ms
[2025-08-01T01:06:56.207+0000] GC(202) Pause Young (Normal) (G1 Evacuation Pause)
[2025-08-01T01:06:56.207+0000] GC(202) Using 8 workers of 8 for evacuation
[2025-08-01T01:06:56.303+0000] GC(202)   Pre Evacuate Collection Set: 0.6ms
[2025-08-01T01:06:56.303+0000] GC(202)   Merge Heap Roots: 0.2ms
[2025-08-01T01:06:56.303+0000] GC(202)   Evacuate Collection Set: 94.1ms
[2025-08-01T01:06:56.303+0000] GC(202)   Post Evacuate Collection Set: 1.0ms
[2025-08-01T01:06:56.303+0000] GC(202)   Other: 0.4ms
[2025-08-01T01:06:56.303+0000] GC(202) Eden regions: 412->0(364)
[2025-08-01T01:06:56.303+0000] GC(202) Survivor regions: 0->52(52)
[2025-08-01T01:06:56.303+0000] GC(202) Old regions: 524->674
[2025-08-01T01:06:56.303+0000] GC(202) Archive regions: 2->2
[2025-08-01T01:06:56.303+0000] GC(202) Humongous regions: 0->0
[2025-08-01T01:06:56.303+0000] GC(202) Metaspace: 10061K(10304K)->10061K(10304K) NonClass: 8835K(8960K)->8835K(8960K) Class: 1225K(1344K)->1225K(1344K)
[2025-08-01T01:06:56.303+0000] GC(202) Pause Young (Normal) (G1 Evacuation Pause) 1863M->1442M(4096M) 96.387ms
[2025-08-01T01:06:56.303+0000] GC(202) User=0.61s Sys=0.05s Real=0.10s
[2025-08-01T01:06:56.476+0000] GC(203) Pause Young (Concurrent Start) (G1 Evacuation Pause)
[2025-08-01T01:06:56.476+0000] GC(203) Using 8 workers of 8 for evacuation
[2025-08-01T01:06:56.588+0000] GC(203)   Pre Evacuate Collection Set: 0.8ms
[2025-08-01T01:06:56.588+0000] GC(203)   Merge Heap Roots: 0.3ms
[2025-08-01T01:06:56.588+0000] GC(203)   Evacuate Collection Set: 109.3ms
[2025-08-01T01:06:56.588+0000] GC(203)   Post Evacuate Collection Set: 0.9ms
[2025-08-01T01:06:56.588+0000] GC(203)   Other: 0.3ms
[2025-08-01T01:06:56.588+0000] GC(203) Eden regions: 364->0(274)
[2025-08-01T01:06:56.588+0000] GC(203) Survivor regions: 52->52(52)
[2025-08-01T01:06:56.588+0000] GC(203) Old regions: 674->951
[2025-08-01T01:06:56.588+0000] GC(203) Archive regions: 2->2
[2025-08-01T01:06:56.588+0000] GC(203) Humongous regions: 0->0
[2025-08-01T01:06:56.588+0000] GC(203) Metaspace: 10061K(10304K)->10061K(10304K) NonClass: 8835K(8960K)->8835K(8960K) Class: 1225K(1344K)->1225K(1344K)
[2025-08-01T01:06:56.588+0000] GC(203) Pause Young (Concurrent Start) (G1 Evacuation Pause) 2170M->1996M(4096M) 111.778ms
[2025-08-01T01:06:56.588+0000] GC(203) User=0.84s Sys=0.02s Real=0.11s
[2025-08-01T01:06:56.588+0000] GC(204) Concurrent Mark Cycle
[2025-08-01T01:06:56.588+0000] GC(204) Concurrent Clear Claimed Marks
[2025-08-01T01:06:56.588+0000] GC(204) Concurrent Clear Claimed Marks 0.016ms
[2025-08-01T01:06:56.588+0000] GC(204) Concurrent Scan Root Regions
[2025-08-01T01:06:56.652+0000] GC(204) Concurrent Scan Root Regions 63.668ms
[2025-08-01T01:06:56.652+0000] GC(204) Concurrent Mark
[2025-08-01T01:06:56.652+0000] GC(204) Concurrent Mark From Roots
[2025-08-01T01:06:56.652+0000] GC(204) Using 2 workers of 2 for marking
[2025-08-01T01:06:56.699+0000] GC(205) Pause Young (Normal) (G1 Evacuation Pause)
[2025-08-01T01:06:56.699+0000] GC(205) Using 8 workers of 8 for evacuation
[2025-08-01T01:06:56.803+0000] GC(205)   Pre Evacuate Collection Set: 0.5ms
[2025-08-01T01:06:56.803+0000] GC(205)   Merge Heap Roots: 0.1ms
[2025-08-01T01:06:56.803+0000] GC(205)   Evacuate Collection Set: 102.3ms
[2025-08-01T01:06:56.803+0000] GC(205)   Post Evacuate Collection Set: 1.1ms
[2025-08-01T01:06:56.803+0000] GC(205)   Other: 0.3ms
[2025-08-01T01:06:56.803+0000] GC(205) Eden regions: 274->0(178)
[2025-08-01T01:06:56.803+0000] GC(205) Survivor regions: 52->41(41)
[2025-08-01T01:06:56.803+0000] GC(205) Old regions: 951->1237
[2025-08-01T01:06:56.803+0000] GC(205) Archive regions: 2->2
[2025-08-01T01:06:56.803+0000] GC(205) Humongous regions: 0->0
[2025-08-01T01:06:56.803+0000] GC(205) Metaspace: 10061K(10304K)->10061K(10304K) NonClass: 8835K(8960K)->8835K(8960K) Class: 1225K(1344K)->1225K(1344K)
[2025-08-01T01:06:56.803+0000] GC(205) Pause Young (Normal) (G1 Evacuation Pause) 2544M->2546M(4096M) 104.472ms
[2025-08-01T01:06:56.803+0000] GC(205) User=0.80s Sys=0.02s Real=0.11s
[2025-08-01T01:06:56.808+0000] GC(204) Concurrent Mark From Roots 155.740ms
[2025-08-01T01:06:56.808+0000] GC(204) Concurrent Preclean
[2025-08-01T01:06:56.808+0000] GC(204) Concurrent Preclean 0.345ms
[2025-08-01T01:06:56.809+0000] GC(204) Pause Remark
[2025-08-01T01:06:56.813+0000] GC(204) Pause Remark 2597M->1593M(4096M) 3.553ms
[2025-08-01T01:06:56.813+0000] GC(204) User=0.01s Sys=0.00s Real=0.01s
[2025-08-01T01:06:56.813+0000] GC(204) Concurrent Mark 161.182ms
[2025-08-01T01:06:56.813+0000] GC(204) Concurrent Rebuild Remembered Sets
[2025-08-01T01:06:56.884+0000] GC(206) Pause Young (Normal) (G1 Evacuation Pause)
[2025-08-01T01:06:56.884+0000] GC(206) Using 8 workers of 8 for evacuation
[2025-08-01T01:06:56.914+0000] GC(206)   Pre Evacuate Collection Set: 0.8ms
[2025-08-01T01:06:56.914+0000] GC(206)   Merge Heap Roots: 0.1ms
[2025-08-01T01:06:56.914+0000] GC(206)   Evacuate Collection Set: 27.0ms
[2025-08-01T01:06:56.914+0000] GC(206)   Post Evacuate Collection Set: 1.2ms
[2025-08-01T01:06:56.914+0000] GC(206)   Other: 0.2ms
[2025-08-01T01:06:56.914+0000] GC(206) Eden regions: 178->0(338)
[2025-08-01T01:06:56.914+0000] GC(206) Survivor regions: 41->28(28)
[2025-08-01T01:06:56.914+0000] GC(206) Old regions: 730->786
[2025-08-01T01:06:56.914+0000] GC(206) Archive regions: 2->2
[2025-08-01T01:06:56.914+0000] GC(206) Humongous regions: 0->0
[2025-08-01T01:06:56.914+0000] GC(206) Metaspace: 10061K(10304K)->10061K(10304K) NonClass: 8835K(8960K)->8835K(8960K) Class: 1225K(1344K)->1225K(1344K)
[2025-08-01T01:06:56.914+0000] GC(206) Pause Young (Normal) (G1 Evacuation Pause) 1898M->1628M(4096M) 29.566ms
[2025-08-01T01:06:56.914+0000] GC(206) User=0.22s Sys=0.00s Real=0.03s
[2025-08-01T01:06:57.023+0000] GC(204) Concurrent Rebuild Remembered Sets 210.223ms
[2025-08-01T01:06:57.024+0000] GC(204) Pause Cleanup
[2025-08-01T01:06:57.026+0000] GC(204) Pause Cleanup 2208M->2208M(4096M) 1.382ms
[2025-08-01T01:06:57.026+0000] GC(204) User=0.01s Sys=0.00s Real=0.00s
[2025-08-01T01:06:57.026+0000] GC(204) Concurrent Cleanup for Next Mark
[2025-08-01T01:06:57.034+0000] GC(204) Concurrent Cleanup for Next Mark 8.142ms
[2025-08-01T01:06:57.034+0000] GC(204) Concurrent Mark Cycle 446.033ms
[2025-08-01T01:06:57.061+0000] GC(207) Pause Young (Prepare Mixed) (G1 Evacuation Pause)
[2025-08-01T01:06:57.061+0000] GC(207) Using 8 workers of 8 for evacuation
[2025-08-01T01:06:57.171+0000] GC(207)   Pre Evacuate Collection Set: 0.9ms
[2025-08-01T01:06:57.171+0000] GC(207)   Merge Heap Roots: 0.2ms
[2025-08-01T01:06:57.171+0000] GC(207)   Evacuate Collection Set: 107.9ms
[2025-08-01T01:06:57.171+0000] GC(207)   Post Evacuate Collection Set: 1.1ms
[2025-08-01T01:06:57.171+0000] GC(207)   Other: 0.2ms
[2025-08-01T01:06:57.171+0000] GC(207) Eden regions: 338->0(56)
[2025-08-01T01:06:57.171+0000] GC(207) Survivor regions: 28->46(46)
[2025-08-01T01:06:57.171+0000] GC(207) Old regions: 786->1107
[2025-08-01T01:06:57.171+0000] GC(207) Archive regions: 2->2
[2025-08-01T01:06:57.171+0000] GC(207) Humongous regions: 0->0
[2025-08-01T01:06:57.171+0000] GC(207) Metaspace: 10061K(10304K)->10061K(10304K) NonClass: 8835K(8960K)->8835K(8960K) Class: 1225K(1344K)->1225K(1344K)
[2025-08-01T01:06:57.171+0000] GC(207) Pause Young (Prepare Mixed) (G1 Evacuation Pause) 2304M->2306M(4096M) 110.586ms
[2025-08-01T01:06:57.171+0000] GC(207) User=0.82s Sys=0.00s Real=0.11s
[2025-08-01T01:06:57.181+0000] GC(208) Pause Young (Mixed) (G1 Evacuation Pause)
[2025-08-01T01:06:57.181+0000] GC(208) Using 8 workers of 8 for evacuation
[2025-08-01T01:06:57.211+0000] GC(208)   Pre Evacuate Collection Set: 0.3ms
[2025-08-01T01:06:57.211+0000] GC(208)   Merge Heap Roots: 0.1ms
[2025-08-01T01:06:57.211+0000] GC(208)   Evacuate Collection Set: 28.3ms
[2025-08-01T01:06:57.211+0000] GC(208)   Post Evacuate Collection Set: 0.9ms
[2025-08-01T01:06:57.211+0000] GC(208)   Other: 0.2ms
[2025-08-01T01:06:57.211+0000] GC(208) Eden regions: 56->0(206)
[2025-08-01T01:06:57.211+0000] GC(208) Survivor regions: 46->13(13)
[2025-08-01T01:06:57.211+0000] GC(208) Old regions: 1107->1180
[2025-08-01T01:06:57.211+0000] GC(208) Archive regions: 2->2
[2025-08-01T01:06:57.211+0000] GC(208) Humongous regions: 0->0
[2025-08-01T01:06:57.211+0000] GC(208) Metaspace: 10061K(10304K)->10061K(10304K) NonClass: 8835K(8960K)->8835K(8960K) Class: 1225K(1344K)->1225K(1344K)
[2025-08-01T01:06:57.211+0000] GC(208) Pause Young (Mixed) (G1 Evacuation Pause) 2418M->2386M(4096M) 29.936ms
[2025-08-01T01:06:57.211+0000] GC(208) User=0.21s Sys=0.00s Real=0.03s
[2025-08-01T01:06:57.302+0000] GC(209) Pause Young (Concurrent Start) (G1 Evacuation Pause)
[2025-08-01T01:06:57.302+0000] GC(209) Using 8 workers of 8 for evacuation
[2025-08-01T01:06:57.383+0000] GC(209)   Pre Evacuate Collection Set: 1.0ms
[2025-08-01T01:06:57.383+0000] GC(209)   Merge Heap Roots: 0.2ms
[2025-08-01T01:06:57.383+0000] GC(209)   Evacuate Collection Set: 78.7ms
[2025-08-01T01:06:57.383+0000] GC(209)   Post Evacuate Collection Set: 0.9ms
[2025-08-01T01:06:57.383+0000] GC(209)   Other: 0.3ms
[2025-08-01T01:06:57.383+0000] GC(209) Eden regions: 206->0(140)
[2025-08-01T01:06:57.384+0000] GC(209) Survivor regions: 13->28(28)
[2025-08-01T01:06:57.384+0000] GC(209) Old regions: 1180->1364
[2025-08-01T01:06:57.384+0000] GC(209) Archive regions: 2->2
[2025-08-01T01:06:57.384+0000] GC(209) Humongous regions: 0->0
[2025-08-01T01:06:57.384+0000] GC(209) Metaspace: 10061K(10304K)->10061K(10304K) NonClass: 8835K(8960K)->8835K(8960K) Class: 1225K(1344K)->1225K(1344K)
[2025-08-01T01:06:57.384+0000] GC(209) Pause Young (Concurrent Start) (G1 Evacuation Pause) 2798M->2784M(4096M) 81.242ms
[2025-08-01T01:06:57.384+0000] GC(209) User=0.58s Sys=0.02s Real=0.09s
[2025-08-01T01:06:57.384+0000] GC(210) Concurrent Mark Cycle
[2025-08-01T01:06:57.384+0000] GC(210) Concurrent Clear Claimed Marks
[2025-08-01T01:06:57.384+0000] GC(210) Concurrent Clear Claimed Marks 0.015ms
[2025-08-01T01:06:57.384+0000] GC(210) Concurrent Scan Root Regions
[2025-08-01T01:06:57.425+0000] GC(210) Concurrent Scan Root Regions 41.769ms
[2025-08-01T01:06:57.426+0000] GC(210) Concurrent Mark
[2025-08-01T01:06:57.426+0000] GC(210) Concurrent Mark From Roots
[2025-08-01T01:06:57.426+0000] GC(210) Using 2 workers of 2 for marking
[2025-08-01T01:06:57.453+0000] GC(211) Pause Young (Normal) (G1 Evacuation Pause)
[2025-08-01T01:06:57.453+0000] GC(211) Using 8 workers of 8 for evacuation
[2025-08-01T01:06:57.521+0000] GC(211)   Pre Evacuate Collection Set: 0.4ms
[2025-08-01T01:06:57.521+0000] GC(211)   Merge Heap Roots: 0.2ms
[2025-08-01T01:06:57.521+0000] GC(211)   Evacuate Collection Set: 66.7ms
[2025-08-01T01:06:57.521+0000] GC(211)   Post Evacuate Collection Set: 0.7ms
[2025-08-01T01:06:57.522+0000] GC(211)   Other: 0.1ms
[2025-08-01T01:06:57.522+0000] GC(211) Eden regions: 140->0(95)
[2025-08-01T01:06:57.522+0000] GC(211) Survivor regions: 28->21(21)
[2025-08-01T01:06:57.522+0000] GC(211) Old regions: 1364->1512
[2025-08-01T01:06:57.522+0000] GC(211) Archive regions: 2->2
[2025-08-01T01:06:57.522+0000] GC(211) Humongous regions: 0->0
[2025-08-01T01:06:57.522+0000] GC(211) Metaspace: 10061K(10304K)->10061K(10304K) NonClass: 8835K(8960K)->8835K(8960K) Class: 1225K(1344K)->1225K(1344K)
[2025-08-01T01:06:57.522+0000] GC(211) Pause Young (Normal) (G1 Evacuation Pause) 3064M->3067M(4096M) 68.316ms
[2025-08-01T01:06:57.522+0000] GC(211) User=0.49s Sys=0.03s Real=0.06s
[2025-08-01T01:06:57.545+0000] GC(212) Pause Young (Normal) (G1 Evacuation Pause)
[2025-08-01T01:06:57.545+0000] GC(212) Using 8 workers of 8 for evacuation
[2025-08-01T01:06:57.578+0000] GC(212)   Pre Evacuate Collection Set: 0.6ms
[2025-08-01T01:06:57.578+0000] GC(212)   Merge Heap Roots: 0.1ms
[2025-08-01T01:06:57.578+0000] GC(212)   Evacuate Collection Set: 31.1ms
[2025-08-01T01:06:57.578+0000] GC(212)   Post Evacuate Collection Set: 1.1ms
[2025-08-01T01:06:57.578+0000] GC(212)   Other: 0.2ms
[2025-08-01T01:06:57.578+0000] GC(212) Eden regions: 95->0(87)
[2025-08-01T01:06:57.578+0000] GC(212) Survivor regions: 21->15(15)
[2025-08-01T01:06:57.578+0000] GC(212) Old regions: 1512->1605
[2025-08-01T01:06:57.578+0000] GC(212) Archive regions: 2->2
[2025-08-01T01:06:57.578+0000] GC(212) Humongous regions: 0->0
[2025-08-01T01:06:57.578+0000] GC(212) Metaspace: 10061K(10304K)->10061K(10304K) NonClass: 8835K(8960K)->8835K(8960K) Class: 1225K(1344K)->1225K(1344K)
[2025-08-01T01:06:57.578+0000] GC(212) Pause Young (Normal) (G1 Evacuation Pause) 3257M->3240M(4096M) 33.351ms
[2025-08-01T01:06:57.578+0000] GC(212) User=0.26s Sys=0.00s Real=0.03s
[2025-08-01T01:06:57.603+0000] GC(213) Pause Young (Normal) (G1 Evacuation Pause)
[2025-08-01T01:06:57.603+0000] GC(213) Using 8 workers of 8 for evacuation
[2025-08-01T01:06:57.620+0000] GC(213)   Pre Evacuate Collection Set: 0.6ms
[2025-08-01T01:06:57.620+0000] GC(213)   Merge Heap Roots: 0.1ms
[2025-08-01T01:06:57.620+0000] GC(213)   Evacuate Collection Set: 16.0ms
[2025-08-01T01:06:57.621+0000] GC(213)   Post Evacuate Collection Set: 0.9ms
[2025-08-01T01:06:57.621+0000] GC(213)   Other: 0.2ms
[2025-08-01T01:06:57.621+0000] GC(213) Eden regions: 87->0(89)
[2025-08-01T01:06:57.621+0000] GC(213) Survivor regions: 15->13(13)
[2025-08-01T01:06:57.621+0000] GC(213) Old regions: 1605->1653
[2025-08-01T01:06:57.621+0000] GC(213) Archive regions: 2->2
[2025-08-01T01:06:57.621+0000] GC(213) Humongous regions: 0->0
[2025-08-01T01:06:57.621+0000] GC(213) Metaspace: 10061K(10304K)->10061K(10304K) NonClass: 8835K(8960K)->8835K(8960K) Class: 1225K(1344K)->1225K(1344K)
[2025-08-01T01:06:57.621+0000] GC(213) Pause Young (Normal) (G1 Evacuation Pause) 3414M->3333M(4096M) 17.940ms
[2025-08-01T01:06:57.621+0000] GC(213) User=0.13s Sys=0.00s Real=0.02s
[2025-08-01T01:06:57.656+0000] GC(214) Pause Young (Normal) (G1 Evacuation Pause)
[2025-08-01T01:06:57.656+0000] GC(214) Using 8 workers of 8 for evacuation
[2025-08-01T01:06:57.686+0000] GC(214)   Pre Evacuate Collection Set: 1.0ms
[2025-08-01T01:06:57.687+0000] GC(214)   Merge Heap Roots: 0.1ms
[2025-08-01T01:06:57.687+0000] GC(214)   Evacuate Collection Set: 28.5ms
[2025-08-01T01:06:57.687+0000] GC(214)   Post Evacuate Collection Set: 1.0ms
[2025-08-01T01:06:57.687+0000] GC(214)   Other: 0.2ms
[2025-08-01T01:06:57.687+0000] GC(214) Eden regions: 89->0(89)
[2025-08-01T01:06:57.687+0000] GC(214) Survivor regions: 13->13(13)
[2025-08-01T01:06:57.687+0000] GC(214) Old regions: 1653->1743
[2025-08-01T01:06:57.687+0000] GC(214) Archive regions: 2->2
[2025-08-01T01:06:57.687+0000] GC(214) Humongous regions: 0->0
[2025-08-01T01:06:57.687+0000] GC(214) Metaspace: 10061K(10304K)->10061K(10304K) NonClass: 8835K(8960K)->8835K(8960K) Class: 1225K(1344K)->1225K(1344K)
[2025-08-01T01:06:57.687+0000] GC(214) Pause Young (Normal) (G1 Evacuation Pause) 3511M->3513M(4096M) 30.955ms
[2025-08-01T01:06:57.687+0000] GC(214) User=0.22s Sys=0.00s Real=0.03s
[2025-08-01T01:06:57.709+0000] GC(215) Pause Young (Normal) (G1 Evacuation Pause)
[2025-08-01T01:06:57.709+0000] GC(215) Using 8 workers of 8 for evacuation
[2025-08-01T01:06:57.742+0000] GC(215)   Pre Evacuate Collection Set: 0.4ms
[2025-08-01T01:06:57.742+0000] GC(215)   Merge Heap Roots: 0.2ms
[2025-08-01T01:06:57.742+0000] GC(215)   Evacuate Collection Set: 30.7ms
[2025-08-01T01:06:57.742+0000] GC(215)   Post Evacuate Collection Set: 0.9ms
[2025-08-01T01:06:57.742+0000] GC(215)   Other: 0.2ms
[2025-08-01T01:06:57.742+0000] GC(215) Eden regions: 89->0(89)
[2025-08-01T01:06:57.742+0000] GC(215) Survivor regions: 13->13(13)
[2025-08-01T01:06:57.742+0000] GC(215) Old regions: 1743->1834
[2025-08-01T01:06:57.742+0000] GC(215) Archive regions: 2->2
[2025-08-01T01:06:57.742+0000] GC(215) Humongous regions: 0->0
[2025-08-01T01:06:57.742+0000] GC(215) Metaspace: 10061K(10304K)->10061K(10304K) NonClass: 8835K(8960K)->8835K(8960K) Class: 1225K(1344K)->1225K(1344K)
[2025-08-01T01:06:57.742+0000] GC(215) Pause Young (Normal) (G1 Evacuation Pause) 3691M->3695M(4096M) 32.665ms
[2025-08-01T01:06:57.742+0000] GC(215) User=0.24s Sys=0.00s Real=0.03s
[2025-08-01T01:06:57.745+0000] GC(210) Concurrent Mark From Roots 319.045ms
[2025-08-01T01:06:57.745+0000] GC(210) Concurrent Preclean
[2025-08-01T01:06:57.745+0000] GC(210) Concurrent Preclean 0.200ms
[2025-08-01T01:06:57.745+0000] GC(210) Pause Remark
[2025-08-01T01:06:57.748+0000] GC(210) Pause Remark 3707M->2229M(4096M) 3.289ms
[2025-08-01T01:06:57.748+0000] GC(210) User=0.01s Sys=0.00s Real=0.00s
[2025-08-01T01:06:57.748+0000] GC(210) Concurrent Mark 322.835ms
[2025-08-01T01:06:57.748+0000] GC(210) Concurrent Rebuild Remembered Sets
[2025-08-01T01:06:57.767+0000] GC(216) Pause Young (Normal) (G1 Evacuation Pause)
[2025-08-01T01:06:57.767+0000] GC(216) Using 8 workers of 8 for evacuation
[2025-08-01T01:06:57.795+0000] GC(216)   Pre Evacuate Collection Set: 0.3ms
[2025-08-01T01:06:57.795+0000] GC(216)   Merge Heap Roots: 0.1ms
[2025-08-01T01:06:57.795+0000] GC(216)   Evacuate Collection Set: 26.3ms
[2025-08-01T01:06:57.795+0000] GC(216)   Post Evacuate Collection Set: 1.0ms
[2025-08-01T01:06:57.795+0000] GC(216)   Other: 0.2ms
[2025-08-01T01:06:57.795+0000] GC(216) Eden regions: 89->0(201)
[2025-08-01T01:06:57.795+0000] GC(216) Survivor regions: 13->13(13)
[2025-08-01T01:06:57.795+0000] GC(216) Old regions: 1095->1186
[2025-08-01T01:06:57.795+0000] GC(216) Archive regions: 2->2
[2025-08-01T01:06:57.795+0000] GC(216) Humongous regions: 0->0
[2025-08-01T01:06:57.795+0000] GC(216) Metaspace: 10061K(10304K)->10061K(10304K) NonClass: 8835K(8960K)->8835K(8960K) Class: 1225K(1344K)->1225K(1344K)
[2025-08-01T01:06:57.795+0000] GC(216) Pause Young (Normal) (G1 Evacuation Pause) 2395M->2398M(4096M) 28.026ms
[2025-08-01T01:06:57.795+0000] GC(216) User=0.22s Sys=0.00s Real=0.03s
[2025-08-01T01:06:57.882+0000] GC(217) Pause Young (Normal) (G1 Evacuation Pause)
[2025-08-01T01:06:57.882+0000] GC(217) Using 8 workers of 8 for evacuation
[2025-08-01T01:06:57.942+0000] GC(217)   Pre Evacuate Collection Set: 0.3ms
[2025-08-01T01:06:57.942+0000] GC(217)   Merge Heap Roots: 0.1ms
[2025-08-01T01:06:57.943+0000] GC(217)   Evacuate Collection Set: 58.8ms
[2025-08-01T01:06:57.943+0000] GC(217)   Post Evacuate Collection Set: 1.5ms
[2025-08-01T01:06:57.943+0000] GC(217)   Other: 0.2ms
[2025-08-01T01:06:57.943+0000] GC(217) Eden regions: 201->0(142)
[2025-08-01T01:06:57.943+0000] GC(217) Survivor regions: 13->27(27)
[2025-08-01T01:06:57.943+0000] GC(217) Old regions: 1186->1357
[2025-08-01T01:06:57.943+0000] GC(217) Archive regions: 2->2
[2025-08-01T01:06:57.943+0000] GC(217) Humongous regions: 0->0
[2025-08-01T01:06:57.943+0000] GC(217) Metaspace: 10061K(10304K)->10061K(10304K) NonClass: 8835K(8960K)->8835K(8960K) Class: 1225K(1344K)->1225K(1344K)
[2025-08-01T01:06:57.943+0000] GC(217) Pause Young (Normal) (G1 Evacuation Pause) 2800M->2769M(4096M) 61.055ms
[2025-08-01T01:06:57.943+0000] GC(217) User=0.47s Sys=0.00s Real=0.06s
[2025-08-01T01:06:58.014+0000] GC(218) Pause Young (Normal) (G1 Evacuation Pause)
[2025-08-01T01:06:58.014+0000] GC(218) Using 8 workers of 8 for evacuation
[2025-08-01T01:06:58.067+0000] GC(218)   Pre Evacuate Collection Set: 1.3ms
[2025-08-01T01:06:58.067+0000] GC(218)   Merge Heap Roots: 0.3ms
[2025-08-01T01:06:58.067+0000] GC(218)   Evacuate Collection Set: 49.8ms
[2025-08-01T01:06:58.067+0000] GC(218)   Post Evacuate Collection Set: 1.1ms
[2025-08-01T01:06:58.067+0000] GC(218)   Other: 0.2ms
[2025-08-01T01:06:58.067+0000] GC(218) Eden regions: 142->0(97)
[2025-08-01T01:06:58.067+0000] GC(218) Survivor regions: 27->22(22)
[2025-08-01T01:06:58.067+0000] GC(218) Old regions: 1357->1506
[2025-08-01T01:06:58.067+0000] GC(218) Archive regions: 2->2
[2025-08-01T01:06:58.067+0000] GC(218) Humongous regions: 0->0
[2025-08-01T01:06:58.067+0000] GC(218) Metaspace: 10061K(10304K)->10061K(10304K) NonClass: 8835K(8960K)->8835K(8960K) Class: 1225K(1344K)->1225K(1344K)
[2025-08-01T01:06:58.067+0000] GC(218) Pause Young (Normal) (G1 Evacuation Pause) 3053M->3056M(4096M) 52.841ms
[2025-08-01T01:06:58.067+0000] GC(218) User=0.41s Sys=0.00s Real=0.05s
[2025-08-01T01:06:58.087+0000] GC(219) Pause Young (Normal) (G1 Evacuation Pause)
[2025-08-01T01:06:58.087+0000] GC(219) Using 8 workers of 8 for evacuation
[2025-08-01T01:06:58.122+0000] GC(219)   Pre Evacuate Collection Set: 0.3ms
[2025-08-01T01:06:58.122+0000] GC(219)   Merge Heap Roots: 0.1ms
[2025-08-01T01:06:58.122+0000] GC(219)   Evacuate Collection Set: 34.0ms
[2025-08-01T01:06:58.122+0000] GC(219)   Post Evacuate Collection Set: 0.6ms
[2025-08-01T01:06:58.122+0000] GC(219)   Other: 0.3ms
[2025-08-01T01:06:58.122+0000] GC(219) Eden regions: 97->0(87)
[2025-08-01T01:06:58.122+0000] GC(219) Survivor regions: 22->15(15)
[2025-08-01T01:06:58.122+0000] GC(219) Old regions: 1506->1611
[2025-08-01T01:06:58.122+0000] GC(219) Archive regions: 2->2
[2025-08-01T01:06:58.122+0000] GC(219) Humongous regions: 0->0
[2025-08-01T01:06:58.122+0000] GC(219) Metaspace: 10061K(10304K)->10061K(10304K) NonClass: 8835K(8960K)->8835K(8960K) Class: 1225K(1344K)->1225K(1344K)
[2025-08-01T01:06:58.122+0000] GC(219) Pause Young (Normal) (G1 Evacuation Pause) 3250M->3253M(4096M) 35.407ms
[2025-08-01T01:06:58.122+0000] GC(219) User=0.27s Sys=0.00s Real=0.03s
[2025-08-01T01:06:58.152+0000] GC(220) Pause Young (Normal) (G1 Evacuation Pause)
[2025-08-01T01:06:58.152+0000] GC(220) Using 8 workers of 8 for evacuation
[2025-08-01T01:06:58.177+0000] GC(220)   Pre Evacuate Collection Set: 0.6ms
[2025-08-01T01:06:58.178+0000] GC(220)   Merge Heap Roots: 0.2ms
[2025-08-01T01:06:58.178+0000] GC(220)   Evacuate Collection Set: 24.2ms
[2025-08-01T01:06:58.178+0000] GC(220)   Post Evacuate Collection Set: 0.8ms
[2025-08-01T01:06:58.178+0000] GC(220)   Other: 0.2ms
[2025-08-01T01:06:58.178+0000] GC(220) Eden regions: 87->0(89)
[2025-08-01T01:06:58.178+0000] GC(220) Survivor regions: 15->13(13)
[2025-08-01T01:06:58.178+0000] GC(220) Old regions: 1611->1682
[2025-08-01T01:06:58.178+0000] GC(220) Archive regions: 2->2
[2025-08-01T01:06:58.178+0000] GC(220) Humongous regions: 0->0
[2025-08-01T01:06:58.178+0000] GC(220) Metaspace: 10061K(10304K)->10061K(10304K) NonClass: 8835K(8960K)->8835K(8960K) Class: 1225K(1344K)->1225K(1344K)
[2025-08-01T01:06:58.178+0000] GC(220) Pause Young (Normal) (G1 Evacuation Pause) 3427M->3391M(4096M) 26.002ms
[2025-08-01T01:06:58.178+0000] GC(220) User=0.18s Sys=0.00s Real=0.03s
[2025-08-01T01:06:58.199+0000] GC(221) Pause Young (Normal) (G1 Evacuation Pause)
[2025-08-01T01:06:58.199+0000] GC(221) Using 8 workers of 8 for evacuation
[2025-08-01T01:06:58.222+0000] GC(221)   Pre Evacuate Collection Set: 0.5ms
[2025-08-01T01:06:58.222+0000] GC(221)   Merge Heap Roots: 0.2ms
[2025-08-01T01:06:58.222+0000] GC(221)   Evacuate Collection Set: 22.0ms
[2025-08-01T01:06:58.222+0000] GC(221)   Post Evacuate Collection Set: 0.8ms
[2025-08-01T01:06:58.222+0000] GC(221)   Other: 0.1ms
[2025-08-01T01:06:58.222+0000] GC(221) Eden regions: 89->0(89)
[2025-08-01T01:06:58.222+0000] GC(221) Survivor regions: 13->13(13)
[2025-08-01T01:06:58.222+0000] GC(221) Old regions: 1682->1752
[2025-08-01T01:06:58.222+0000] GC(221) Archive regions: 2->2
[2025-08-01T01:06:58.222+0000] GC(221) Humongous regions: 0->0
[2025-08-01T01:06:58.222+0000] GC(221) Metaspace: 10061K(10304K)->10061K(10304K) NonClass: 8835K(8960K)->8835K(8960K) Class: 1225K(1344K)->1225K(1344K)
[2025-08-01T01:06:58.222+0000] GC(221) Pause Young (Normal) (G1 Evacuation Pause) 3569M->3531M(4096M) 23.746ms
[2025-08-01T01:06:58.222+0000] GC(221) User=0.18s Sys=0.00s Real=0.02s
[2025-08-01T01:06:58.250+0000] GC(222) Pause Young (Normal) (G1 Evacuation Pause)
[2025-08-01T01:06:58.250+0000] GC(222) Using 8 workers of 8 for evacuation
[2025-08-01T01:06:58.276+0000] GC(222)   Pre Evacuate Collection Set: 0.4ms
[2025-08-01T01:06:58.276+0000] GC(222)   Merge Heap Roots: 0.2ms
[2025-08-01T01:06:58.276+0000] GC(222)   Evacuate Collection Set: 23.9ms
[2025-08-01T01:06:58.276+0000] GC(222)   Post Evacuate Collection Set: 0.8ms
[2025-08-01T01:06:58.276+0000] GC(222)   Other: 0.2ms
[2025-08-01T01:06:58.276+0000] GC(222) Eden regions: 89->0(89)
[2025-08-01T01:06:58.276+0000] GC(222) Survivor regions: 13->13(13)
[2025-08-01T01:06:58.276+0000] GC(222) Old regions: 1752->1830
[2025-08-01T01:06:58.276+0000] GC(222) Archive regions: 2->2
[2025-08-01T01:06:58.276+0000] GC(222) Humongous regions: 0->0
[2025-08-01T01:06:58.276+0000] GC(222) Metaspace: 10061K(10304K)->10061K(10304K) NonClass: 8835K(8960K)->8835K(8960K) Class: 1225K(1344K)->1225K(1344K)
[2025-08-01T01:06:58.276+0000] GC(222) Pause Young (Normal) (G1 Evacuation Pause) 3709M->3686M(4096M) 25.885ms
[2025-08-01T01:06:58.276+0000] GC(222) User=0.19s Sys=0.00s Real=0.03s
[2025-08-01T01:06:58.281+0000] GC(210) Concurrent Rebuild Remembered Sets 532.772ms
[2025-08-01T01:06:58.281+0000] GC(210) Pause Cleanup
[2025-08-01T01:06:58.282+0000] GC(210) Pause Cleanup 3740M->3740M(4096M) 0.875ms
[2025-08-01T01:06:58.282+0000] GC(210) User=0.01s Sys=0.00s Real=0.00s
[2025-08-01T01:06:58.282+0000] GC(210) Concurrent Cleanup for Next Mark
[2025-08-01T01:06:58.294+0000] GC(210) Concurrent Cleanup for Next Mark 11.984ms
[2025-08-01T01:06:58.295+0000] GC(210) Concurrent Mark Cycle 910.882ms
[2025-08-01T01:06:58.299+0000] GC(223) Pause Young (Prepare Mixed) (G1 Evacuation Pause)
[2025-08-01T01:06:58.299+0000] GC(223) Using 8 workers of 8 for evacuation
[2025-08-01T01:06:58.333+0000] GC(223)   Pre Evacuate Collection Set: 0.3ms
[2025-08-01T01:06:58.333+0000] GC(223)   Merge Heap Roots: 0.2ms
[2025-08-01T01:06:58.333+0000] GC(223)   Evacuate Collection Set: 32.3ms
[2025-08-01T01:06:58.333+0000] GC(223)   Post Evacuate Collection Set: 0.9ms
[2025-08-01T01:06:58.333+0000] GC(223)   Other: 0.2ms
[2025-08-01T01:06:58.333+0000] GC(223) Eden regions: 89->0(89)
[2025-08-01T01:06:58.333+0000] GC(223) Survivor regions: 13->13(13)
[2025-08-01T01:06:58.333+0000] GC(223) Old regions: 1830->1920
[2025-08-01T01:06:58.333+0000] GC(223) Archive regions: 2->2
[2025-08-01T01:06:58.333+0000] GC(223) Humongous regions: 0->0
[2025-08-01T01:06:58.333+0000] GC(223) Metaspace: 10061K(10304K)->10061K(10304K) NonClass: 8835K(8960K)->8835K(8960K) Class: 1225K(1344K)->1225K(1344K)
[2025-08-01T01:06:58.333+0000] GC(223) Pause Young (Prepare Mixed) (G1 Evacuation Pause) 3864M->3866M(4096M) 34.070ms
[2025-08-01T01:06:58.333+0000] GC(223) User=0.26s Sys=0.00s Real=0.03s
[2025-08-01T01:06:58.342+0000] GC(224) Pause Young (Mixed) (G1 Preventive Collection)
[2025-08-01T01:06:58.342+0000] GC(224) Using 8 workers of 8 for evacuation
[2025-08-01T01:06:58.361+0000] GC(224)   Pre Evacuate Collection Set: 0.3ms
[2025-08-01T01:06:58.361+0000] GC(224)   Merge Heap Roots: 0.1ms
[2025-08-01T01:06:58.361+0000] GC(224)   Evacuate Collection Set: 17.5ms
[2025-08-01T01:06:58.361+0000] GC(224)   Post Evacuate Collection Set: 0.7ms
[2025-08-01T01:06:58.361+0000] GC(224)   Other: 0.2ms
[2025-08-01T01:06:58.361+0000] GC(224) Eden regions: 46->0(89)
[2025-08-01T01:06:58.361+0000] GC(224) Survivor regions: 13->13(13)
[2025-08-01T01:06:58.361+0000] GC(224) Old regions: 1920->1942
[2025-08-01T01:06:58.361+0000] GC(224) Archive regions: 2->2
[2025-08-01T01:06:58.361+0000] GC(224) Humongous regions: 0->0
[2025-08-01T01:06:58.361+0000] GC(224) Metaspace: 10061K(10304K)->10061K(10304K) NonClass: 8835K(8960K)->8835K(8960K) Class: 1225K(1344K)->1225K(1344K)
[2025-08-01T01:06:58.361+0000] GC(224) Pause Young (Mixed) (G1 Preventive Collection) 3958M->3910M(4096M) 18.957ms
[2025-08-01T01:06:58.361+0000] GC(224) User=0.14s Sys=0.00s Real=0.02s
[2025-08-01T01:06:58.370+0000] GC(225) Pause Young (Concurrent Start) (G1 Preventive Collection)
[2025-08-01T01:06:58.370+0000] GC(225) Using 8 workers of 8 for evacuation
[2025-08-01T01:06:58.389+0000] GC(225)   Pre Evacuate Collection Set: 0.3ms
[2025-08-01T01:06:58.389+0000] GC(225)   Merge Heap Roots: 0.2ms
[2025-08-01T01:06:58.389+0000] GC(225)   Evacuate Collection Set: 18.1ms
[2025-08-01T01:06:58.389+0000] GC(225)   Post Evacuate Collection Set: 0.7ms
[2025-08-01T01:06:58.390+0000] GC(225)   Other: 0.3ms
[2025-08-01T01:06:58.390+0000] GC(225) Eden regions: 36->0(89)
[2025-08-01T01:06:58.390+0000] GC(225) Survivor regions: 13->13(13)
[2025-08-01T01:06:58.390+0000] GC(225) Old regions: 1942->1979
[2025-08-01T01:06:58.390+0000] GC(225) Archive regions: 2->2
[2025-08-01T01:06:58.390+0000] GC(225) Humongous regions: 0->0
[2025-08-01T01:06:58.390+0000] GC(225) Metaspace: 10061K(10304K)->10061K(10304K) NonClass: 8835K(8960K)->8835K(8960K) Class: 1225K(1344K)->1225K(1344K)
[2025-08-01T01:06:58.390+0000] GC(225) Pause Young (Concurrent Start) (G1 Preventive Collection) 3982M->3985M(4096M) 19.706ms
[2025-08-01T01:06:58.390+0000] GC(225) User=0.14s Sys=0.00s Real=0.02s
[2025-08-01T01:06:58.390+0000] GC(226) Concurrent Mark Cycle
[2025-08-01T01:06:58.390+0000] GC(226) Concurrent Clear Claimed Marks
[2025-08-01T01:06:58.390+0000] GC(226) Concurrent Clear Claimed Marks 0.023ms
[2025-08-01T01:06:58.390+0000] GC(226) Concurrent Scan Root Regions
[2025-08-01T01:06:58.399+0000] GC(226) Concurrent Scan Root Regions 9.538ms
[2025-08-01T01:06:58.399+0000] GC(226) Concurrent Mark
[2025-08-01T01:06:58.399+0000] GC(226) Concurrent Mark From Roots
[2025-08-01T01:06:58.399+0000] GC(226) Using 2 workers of 2 for marking
[2025-08-01T01:06:58.400+0000] GC(227) Pause Young (Normal) (G1 Preventive Collection)
[2025-08-01T01:06:58.400+0000] GC(227) Using 8 workers of 8 for evacuation
[2025-08-01T01:06:58.409+0000] GC(227)   Pre Evacuate Collection Set: 6.5ms
[2025-08-01T01:06:58.410+0000] GC(227)   Merge Heap Roots: 0.2ms
[2025-08-01T01:06:58.410+0000] GC(227)   Evacuate Collection Set: 8.7ms
[2025-08-01T01:06:58.410+0000] GC(227)   Post Evacuate Collection Set: 0.4ms
[2025-08-01T01:06:58.410+0000] GC(227)   Other: 0.1ms
[2025-08-01T01:06:58.410+0000] GC(227) Eden regions: 18->0(89)
[2025-08-01T01:06:58.410+0000] GC(227) Survivor regions: 13->13(13)
[2025-08-01T01:06:58.410+0000] GC(227) Old regions: 1979->1999
[2025-08-01T01:06:58.410+0000] GC(227) Archive regions: 2->2
[2025-08-01T01:06:58.410+0000] GC(227) Humongous regions: 0->0
[2025-08-01T01:06:58.410+0000] GC(227) Metaspace: 10061K(10304K)->10061K(10304K) NonClass: 8835K(8960K)->8835K(8960K) Class: 1225K(1344K)->1225K(1344K)
[2025-08-01T01:06:58.410+0000] GC(227) Pause Young (Normal) (G1 Preventive Collection) 4021M->4025M(4096M) 10.030ms
[2025-08-01T01:06:58.410+0000] GC(227) User=0.07s Sys=0.00s Real=0.01s
[2025-08-01T01:06:58.411+0000] GC(228) Pause Young (Normal) (G1 Preventive Collection)
[2025-08-01T01:06:58.411+0000] GC(228) Using 8 workers of 8 for evacuation
[2025-08-01T01:06:58.420+0000] GC(228)   Pre Evacuate Collection Set: 0.8ms
[2025-08-01T01:06:58.420+0000] GC(228)   Merge Heap Roots: 0.2ms
[2025-08-01T01:06:58.420+0000] GC(228)   Evacuate Collection Set: 6.8ms
[2025-08-01T01:06:58.420+0000] GC(228)   Post Evacuate Collection Set: 0.7ms
[2025-08-01T01:06:58.420+0000] GC(228)   Other: 0.2ms
[2025-08-01T01:06:58.420+0000] GC(228) Eden regions: 9->0(92)
[2025-08-01T01:06:58.420+0000] GC(228) Survivor regions: 13->10(13)
[2025-08-01T01:06:58.420+0000] GC(228) Old regions: 1999->2014
[2025-08-01T01:06:58.420+0000] GC(228) Archive regions: 2->2
[2025-08-01T01:06:58.420+0000] GC(228) Humongous regions: 0->0
[2025-08-01T01:06:58.420+0000] GC(228) Metaspace: 10061K(10304K)->10061K(10304K) NonClass: 8835K(8960K)->8835K(8960K) Class: 1225K(1344K)->1225K(1344K)
[2025-08-01T01:06:58.420+0000] GC(228) Pause Young (Normal) (G1 Preventive Collection) 4043M->4049M(4096M) 8.807ms
[2025-08-01T01:06:58.420+0000] GC(228) User=0.06s Sys=0.00s Real=0.01s
[2025-08-01T01:06:58.421+0000] GC(229) Pause Young (Normal) (G1 Preventive Collection)
[2025-08-01T01:06:58.421+0000] GC(229) Using 8 workers of 8 for evacuation
[2025-08-01T01:06:58.428+0000] GC(229)   Pre Evacuate Collection Set: 0.6ms
[2025-08-01T01:06:58.428+0000] GC(229)   Merge Heap Roots: 0.2ms
[2025-08-01T01:06:58.428+0000] GC(229)   Evacuate Collection Set: 5.0ms
[2025-08-01T01:06:58.428+0000] GC(229)   Post Evacuate Collection Set: 0.5ms
[2025-08-01T01:06:58.428+0000] GC(229)   Other: 0.1ms
[2025-08-01T01:06:58.428+0000] GC(229) Eden regions: 5->0(96)
[2025-08-01T01:06:58.428+0000] GC(229) Survivor regions: 10->6(13)
[2025-08-01T01:06:58.428+0000] GC(229) Old regions: 2014->2024
[2025-08-01T01:06:58.428+0000] GC(229) Archive regions: 2->2
[2025-08-01T01:06:58.428+0000] GC(229) Humongous regions: 0->0
[2025-08-01T01:06:58.428+0000] GC(229) Metaspace: 10061K(10304K)->10061K(10304K) NonClass: 8835K(8960K)->8835K(8960K) Class: 1225K(1344K)->1225K(1344K)
[2025-08-01T01:06:58.428+0000] GC(229) Pause Young (Normal) (G1 Preventive Collection) 4059M->4060M(4096M) 6.545ms
[2025-08-01T01:06:58.428+0000] GC(229) User=0.03s Sys=0.00s Real=0.01s
[2025-08-01T01:06:58.429+0000] GC(230) Pause Young (Normal) (G1 Preventive Collection)
[2025-08-01T01:06:58.429+0000] GC(230) Using 8 workers of 8 for evacuation
[2025-08-01T01:06:58.433+0000] GC(230)   Pre Evacuate Collection Set: 0.2ms
[2025-08-01T01:06:58.433+0000] GC(230)   Merge Heap Roots: 0.1ms
[2025-08-01T01:06:58.433+0000] GC(230)   Evacuate Collection Set: 3.2ms
[2025-08-01T01:06:58.433+0000] GC(230)   Post Evacuate Collection Set: 0.7ms
[2025-08-01T01:06:58.433+0000] GC(230)   Other: 0.1ms
[2025-08-01T01:06:58.433+0000] GC(230) Eden regions: 4->0(92)
[2025-08-01T01:06:58.433+0000] GC(230) Survivor regions: 6->10(12)
[2025-08-01T01:06:58.433+0000] GC(230) Old regions: 2024->2024
[2025-08-01T01:06:58.433+0000] GC(230) Archive regions: 2->2
[2025-08-01T01:06:58.433+0000] GC(230) Humongous regions: 0->0
[2025-08-01T01:06:58.433+0000] GC(230) Metaspace: 10061K(10304K)->10061K(10304K) NonClass: 8835K(8960K)->8835K(8960K) Class: 1225K(1344K)->1225K(1344K)
[2025-08-01T01:06:58.433+0000] GC(230) Pause Young (Normal) (G1 Preventive Collection) 4068M->4068M(4096M) 4.517ms
[2025-08-01T01:06:58.434+0000] GC(230) User=0.02s Sys=0.00s Real=0.01s
[2025-08-01T01:06:58.434+0000] GC(231) Pause Young (Normal) (G1 Preventive Collection)
[2025-08-01T01:06:58.434+0000] GC(231) Using 8 workers of 8 for evacuation
[2025-08-01T01:06:58.439+0000] GC(231) To-space exhausted
[2025-08-01T01:06:58.439+0000] GC(231)   Pre Evacuate Collection Set: 0.2ms
[2025-08-01T01:06:58.439+0000] GC(231)   Merge Heap Roots: 0.1ms
[2025-08-01T01:06:58.439+0000] GC(231)   Evacuate Collection Set: 3.4ms
[2025-08-01T01:06:58.439+0000] GC(231)   Post Evacuate Collection Set: 1.2ms
[2025-08-01T01:06:58.439+0000] GC(231)   Other: 0.2ms
[2025-08-01T01:06:58.439+0000] GC(231) Eden regions: 1->0(96)
[2025-08-01T01:06:58.439+0000] GC(231) Survivor regions: 10->6(11)
[2025-08-01T01:06:58.439+0000] GC(231) Old regions: 2024->2031
[2025-08-01T01:06:58.439+0000] GC(231) Archive regions: 2->2
[2025-08-01T01:06:58.439+0000] GC(231) Humongous regions: 0->0
[2025-08-01T01:06:58.439+0000] GC(231) Metaspace: 10061K(10304K)->10061K(10304K) NonClass: 8835K(8960K)->8835K(8960K) Class: 1225K(1344K)->1225K(1344K)
[2025-08-01T01:06:58.439+0000] GC(231) Pause Young (Normal) (G1 Preventive Collection) 4070M->4075M(4096M) 5.230ms
[2025-08-01T01:06:58.439+0000] GC(231) User=0.02s Sys=0.00s Real=0.00s
[2025-08-01T01:06:58.440+0000] GC(232) Pause Young (Normal) (G1 Preventive Collection)
[2025-08-01T01:06:58.440+0000] GC(232) Using 8 workers of 8 for evacuation
[2025-08-01T01:06:58.444+0000] GC(232)   Pre Evacuate Collection Set: 0.5ms
[2025-08-01T01:06:58.444+0000] GC(232)   Merge Heap Roots: 0.4ms
[2025-08-01T01:06:58.444+0000] GC(232)   Evacuate Collection Set: 2.1ms
[2025-08-01T01:06:58.444+0000] GC(232)   Post Evacuate Collection Set: 1.1ms
[2025-08-01T01:06:58.444+0000] GC(232)   Other: 0.1ms
[2025-08-01T01:06:58.444+0000] GC(232) Eden regions: 1->0(95)
[2025-08-01T01:06:58.444+0000] GC(232) Survivor regions: 6->7(8)
[2025-08-01T01:06:58.444+0000] GC(232) Old regions: 2031->2031
[2025-08-01T01:06:58.444+0000] GC(232) Archive regions: 2->2
[2025-08-01T01:06:58.444+0000] GC(232) Humongous regions: 0->0
[2025-08-01T01:06:58.444+0000] GC(232) Metaspace: 10061K(10304K)->10061K(10304K) NonClass: 8835K(8960K)->8835K(8960K) Class: 1225K(1344K)->1225K(1344K)
[2025-08-01T01:06:58.444+0000] GC(232) Pause Young (Normal) (G1 Preventive Collection) 4077M->4076M(4096M) 4.410ms
[2025-08-01T01:06:58.445+0000] GC(232) User=0.02s Sys=0.00s Real=0.01s
[2025-08-01T01:06:58.445+0000] GC(233) Pause Young (Normal) (G1 Preventive Collection)
[2025-08-01T01:06:58.445+0000] GC(233) Using 8 workers of 8 for evacuation
[2025-08-01T01:06:58.449+0000] GC(233) To-space exhausted
[2025-08-01T01:06:58.449+0000] GC(233)   Pre Evacuate Collection Set: 0.4ms
[2025-08-01T01:06:58.449+0000] GC(233)   Merge Heap Roots: 0.2ms
[2025-08-01T01:06:58.449+0000] GC(233)   Evacuate Collection Set: 2.4ms
[2025-08-01T01:06:58.449+0000] GC(233)   Post Evacuate Collection Set: 1.0ms
[2025-08-01T01:06:58.449+0000] GC(233)   Other: 0.2ms
[2025-08-01T01:06:58.449+0000] GC(233) Eden regions: 1->0(95)
[2025-08-01T01:06:58.449+0000] GC(233) Survivor regions: 7->7(7)
[2025-08-01T01:06:58.449+0000] GC(233) Old regions: 2031->2034
[2025-08-01T01:06:58.449+0000] GC(233) Archive regions: 2->2
[2025-08-01T01:06:58.449+0000] GC(233) Humongous regions: 0->0
[2025-08-01T01:06:58.449+0000] GC(233) Metaspace: 10061K(10304K)->10061K(10304K) NonClass: 8835K(8960K)->8835K(8960K) Class: 1225K(1344K)->1225K(1344K)
[2025-08-01T01:06:58.449+0000] GC(233) Pause Young (Normal) (G1 Preventive Collection) 4078M->4083M(4096M) 4.324ms
[2025-08-01T01:06:58.450+0000] GC(233) User=0.02s Sys=0.00s Real=0.00s
[2025-08-01T01:06:58.451+0000] GC(234) Pause Young (Normal) (G1 Preventive Collection)
[2025-08-01T01:06:58.451+0000] GC(234) Using 8 workers of 8 for evacuation
[2025-08-01T01:06:58.455+0000] GC(234) To-space exhausted
[2025-08-01T01:06:58.455+0000] GC(234)   Pre Evacuate Collection Set: 0.4ms
[2025-08-01T01:06:58.455+0000] GC(234)   Merge Heap Roots: 0.2ms
[2025-08-01T01:06:58.455+0000] GC(234)   Evacuate Collection Set: 1.6ms
[2025-08-01T01:06:58.455+0000] GC(234)   Post Evacuate Collection Set: 1.1ms
[2025-08-01T01:06:58.455+0000] GC(234)   Other: 0.2ms
[2025-08-01T01:06:58.455+0000] GC(234) Eden regions: 1->0(99)
[2025-08-01T01:06:58.455+0000] GC(234) Survivor regions: 7->3(4)
[2025-08-01T01:06:58.455+0000] GC(234) Old regions: 2034->2042
[2025-08-01T01:06:58.455+0000] GC(234) Archive regions: 2->2
[2025-08-01T01:06:58.455+0000] GC(234) Humongous regions: 0->0
[2025-08-01T01:06:58.455+0000] GC(234) Metaspace: 10061K(10304K)->10061K(10304K) NonClass: 8835K(8960K)->8835K(8960K) Class: 1225K(1344K)->1225K(1344K)
[2025-08-01T01:06:58.455+0000] GC(234) Pause Young (Normal) (G1 Preventive Collection) 4085M->4091M(4096M) 3.593ms
[2025-08-01T01:06:58.455+0000] GC(234) User=0.02s Sys=0.00s Real=0.01s
[2025-08-01T01:06:58.456+0000] GC(235) Pause Young (Normal) (G1 Evacuation Pause)
[2025-08-01T01:06:58.456+0000] GC(235) Using 8 workers of 8 for evacuation
[2025-08-01T01:06:58.459+0000] GC(235) To-space exhausted
[2025-08-01T01:06:58.459+0000] GC(235)   Pre Evacuate Collection Set: 0.4ms
[2025-08-01T01:06:58.459+0000] GC(235)   Merge Heap Roots: 0.1ms
[2025-08-01T01:06:58.459+0000] GC(235)   Evacuate Collection Set: 1.8ms
[2025-08-01T01:06:58.459+0000] GC(235)   Post Evacuate Collection Set: 0.9ms
[2025-08-01T01:06:58.459+0000] GC(235)   Other: 0.2ms
[2025-08-01T01:06:58.459+0000] GC(235) Eden regions: 1->0(102)
[2025-08-01T01:06:58.459+0000] GC(235) Survivor regions: 3->0(0)
[2025-08-01T01:06:58.459+0000] GC(235) Old regions: 2042->2046
[2025-08-01T01:06:58.459+0000] GC(235) Archive regions: 2->2
[2025-08-01T01:06:58.459+0000] GC(235) Humongous regions: 0->0
[2025-08-01T01:06:58.459+0000] GC(235) Metaspace: 10061K(10304K)->10061K(10304K) NonClass: 8835K(8960K)->8835K(8960K) Class: 1225K(1344K)->1225K(1344K)
[2025-08-01T01:06:58.459+0000] GC(235) Pause Young (Normal) (G1 Evacuation Pause) 4093M->4093M(4096M) 3.574ms
[2025-08-01T01:06:58.459+0000] GC(235) User=0.01s Sys=0.00s Real=0.00s
[2025-08-01T01:06:58.459+0000] Attempting full compaction
[2025-08-01T01:06:58.459+0000] GC(236) Pause Full (G1 Compaction Pause)
[2025-08-01T01:06:58.459+0000] GC(236) Using 8 workers of 8 for full compaction
[2025-08-01T01:06:58.465+0000] GC(236) Phase 1: Mark live objects
[2025-08-01T01:06:58.508+0000] GC(236) Phase 1: Mark live objects 43.585ms
[2025-08-01T01:06:58.509+0000] GC(236) Phase 2: Prepare for compaction
[2025-08-01T01:06:58.524+0000] GC(236) Phase 2: Prepare for compaction 15.016ms
[2025-08-01T01:06:58.524+0000] GC(236) Phase 3: Adjust pointers
[2025-08-01T01:06:58.554+0000] GC(236) Phase 3: Adjust pointers 30.728ms
[2025-08-01T01:06:58.554+0000] GC(236) Phase 4: Compact heap
[2025-08-01T01:06:58.596+0000] GC(236) Phase 4: Compact heap 41.124ms
[2025-08-01T01:06:58.601+0000] GC(236) Eden regions: 0->0(432)
[2025-08-01T01:06:58.601+0000] GC(236) Survivor regions: 0->0(0)
[2025-08-01T01:06:58.601+0000] GC(236) Old regions: 2046->462
[2025-08-01T01:06:58.601+0000] GC(236) Archive regions: 2->2
[2025-08-01T01:06:58.601+0000] GC(236) Humongous regions: 0->0
[2025-08-01T01:06:58.601+0000] GC(236) Metaspace: 10061K(10304K)->10061K(10304K) NonClass: 8835K(8960K)->8835K(8960K) Class: 1225K(1344K)->1225K(1344K)
[2025-08-01T01:06:58.601+0000] GC(236) Pause Full (G1 Compaction Pause) 4093M->919M(4096M) 142.114ms
[2025-08-01T01:06:58.601+0000] GC(236) User=1.06s Sys=0.00s Real=0.14s
[2025-08-01T01:06:58.602+0000] GC(226) Concurrent Mark From Roots 202.182ms
[2025-08-01T01:06:58.602+0000] GC(226) Concurrent Mark Abort
[2025-08-01T01:06:58.602+0000] GC(226) Concurrent Mark Cycle 211.946ms
[2025-08-01T01:06:58.779+0000] GC(237) Pause Young (Normal) (G1 Evacuation Pause)
[2025-08-01T01:06:58.780+0000] GC(237) Using 8 workers of 8 for evacuation
[2025-08-01T01:06:58.976+0000] GC(237)   Pre Evacuate Collection Set: 0.9ms
[2025-08-01T01:06:58.976+0000] GC(237)   Merge Heap Roots: 0.4ms
[2025-08-01T01:06:58.976+0000] GC(237)   Evacuate Collection Set: 194.5ms
[2025-08-01T01:06:58.976+0000] GC(237)   Post Evacuate Collection Set: 0.8ms
[2025-08-01T01:06:58.976+0000] GC(237)   Other: 0.3ms
[2025-08-01T01:06:58.976+0000] GC(237) Eden regions: 432->0(297)
[2025-08-01T01:06:58.976+0000] GC(237) Survivor regions: 0->54(54)
[2025-08-01T01:06:58.976+0000] GC(237) Old regions: 462->834
[2025-08-01T01:06:58.976+0000] GC(237) Archive regions: 2->2
[2025-08-01T01:06:58.976+0000] GC(237) Humongous regions: 0->0
[2025-08-01T01:06:58.976+0000] GC(237) Metaspace: 10061K(10304K)->10061K(10304K) NonClass: 8835K(8960K)->8835K(8960K) Class: 1225K(1344K)->1225K(1344K)
[2025-08-01T01:06:58.976+0000] GC(237) Pause Young (Normal) (G1 Evacuation Pause) 1783M->1770M(4096M) 196.996ms
[2025-08-01T01:06:58.976+0000] GC(237) User=1.06s Sys=0.14s Real=0.20s
[2025-08-01T01:06:59.106+0000] GC(238) Pause Young (Concurrent Start) (G1 Evacuation Pause)
[2025-08-01T01:06:59.106+0000] GC(238) Using 8 workers of 8 for evacuation
[2025-08-01T01:06:59.172+0000] GC(238)   Pre Evacuate Collection Set: 0.6ms
[2025-08-01T01:06:59.172+0000] GC(238)   Merge Heap Roots: 0.2ms
[2025-08-01T01:06:59.172+0000] GC(238)   Evacuate Collection Set: 64.6ms
[2025-08-01T01:06:59.172+0000] GC(238)   Post Evacuate Collection Set: 1.2ms
[2025-08-01T01:06:59.172+0000] GC(238)   Other: 0.3ms
[2025-08-01T01:06:59.172+0000] GC(238) Eden regions: 297->0(261)
[2025-08-01T01:06:59.172+0000] GC(238) Survivor regions: 54->44(44)
[2025-08-01T01:06:59.172+0000] GC(238) Old regions: 834->983
[2025-08-01T01:06:59.173+0000] GC(238) Archive regions: 2->2
[2025-08-01T01:06:59.173+0000] GC(238) Humongous regions: 0->0
[2025-08-01T01:06:59.173+0000] GC(238) Metaspace: 10061K(10304K)->10061K(10304K) NonClass: 8835K(8960K)->8835K(8960K) Class: 1225K(1344K)->1225K(1344K)
[2025-08-01T01:06:59.173+0000] GC(238) Pause Young (Concurrent Start) (G1 Evacuation Pause) 2364M->2048M(4096M) 67.033ms
[2025-08-01T01:06:59.173+0000] GC(238) User=0.51s Sys=0.00s Real=0.06s
[2025-08-01T01:06:59.173+0000] GC(239) Concurrent Mark Cycle
[2025-08-01T01:06:59.173+0000] GC(239) Concurrent Clear Claimed Marks
[2025-08-01T01:06:59.173+0000] GC(239) Concurrent Clear Claimed Marks 0.022ms
[2025-08-01T01:06:59.173+0000] GC(239) Concurrent Scan Root Regions
[2025-08-01T01:06:59.219+0000] GC(239) Concurrent Scan Root Regions 46.209ms
[2025-08-01T01:06:59.219+0000] GC(239) Concurrent Mark
[2025-08-01T01:06:59.219+0000] GC(239) Concurrent Mark From Roots
[2025-08-01T01:06:59.219+0000] GC(239) Using 2 workers of 2 for marking
[2025-08-01T01:06:59.254+0000] GC(239) Concurrent Mark From Roots 34.846ms
[2025-08-01T01:06:59.254+0000] GC(239) Concurrent Preclean
[2025-08-01T01:06:59.254+0000] GC(239) Concurrent Preclean 0.313ms
[2025-08-01T01:06:59.254+0000] GC(239) Pause Remark
[2025-08-01T01:06:59.257+0000] GC(239) Pause Remark 2400M->1311M(4096M) 2.454ms
[2025-08-01T01:06:59.257+0000] GC(239) User=0.00s Sys=0.00s Real=0.00s
[2025-08-01T01:06:59.257+0000] GC(239) Concurrent Mark 38.129ms
[2025-08-01T01:06:59.257+0000] GC(239) Concurrent Rebuild Remembered Sets
[2025-08-01T01:06:59.273+0000] GC(240) Pause Young (Normal) (G1 Evacuation Pause)
[2025-08-01T01:06:59.273+0000] GC(240) Using 8 workers of 8 for evacuation
[2025-08-01T01:06:59.339+0000] GC(240)   Pre Evacuate Collection Set: 0.3ms
[2025-08-01T01:06:59.339+0000] GC(240)   Merge Heap Roots: 0.2ms
[2025-08-01T01:06:59.339+0000] GC(240)   Evacuate Collection Set: 64.4ms
[2025-08-01T01:06:59.339+0000] GC(240)   Post Evacuate Collection Set: 0.9ms
[2025-08-01T01:06:59.339+0000] GC(240)   Other: 0.2ms
[2025-08-01T01:06:59.339+0000] GC(240) Eden regions: 261->0(382)
[2025-08-01T01:06:59.339+0000] GC(240) Survivor regions: 44->39(39)
[2025-08-01T01:06:59.339+0000] GC(240) Old regions: 436->633
[2025-08-01T01:06:59.339+0000] GC(240) Archive regions: 2->2
[2025-08-01T01:06:59.339+0000] GC(240) Humongous regions: 0->0
[2025-08-01T01:06:59.339+0000] GC(240) Metaspace: 10061K(10304K)->10061K(10304K) NonClass: 8835K(8960K)->8835K(8960K) Class: 1225K(1344K)->1225K(1344K)
[2025-08-01T01:06:59.339+0000] GC(240) Pause Young (Normal) (G1 Evacuation Pause) 1481M->1343M(4096M) 66.222ms
[2025-08-01T01:06:59.339+0000] GC(240) User=0.51s Sys=0.00s Real=0.07s
[2025-08-01T01:06:59.385+0000] GC(239) Concurrent Rebuild Remembered Sets 127.537ms
[2025-08-01T01:06:59.385+0000] GC(239) Pause Cleanup
[2025-08-01T01:06:59.385+0000] GC(239) Pause Cleanup 1529M->1529M(4096M) 0.490ms
[2025-08-01T01:06:59.385+0000] GC(239) User=0.00s Sys=0.00s Real=0.00s
[2025-08-01T01:06:59.385+0000] GC(239) Concurrent Cleanup for Next Mark
[2025-08-01T01:06:59.392+0000] GC(239) Concurrent Cleanup for Next Mark 6.699ms
[2025-08-01T01:06:59.392+0000] GC(239) Concurrent Mark Cycle 219.394ms
[2025-08-01T01:06:59.500+0000] GC(241) Pause Young (Prepare Mixed) (G1 Evacuation Pause)
[2025-08-01T01:06:59.500+0000] GC(241) Using 8 workers of 8 for evacuation
[2025-08-01T01:06:59.631+0000] GC(241)   Pre Evacuate Collection Set: 0.7ms
[2025-08-01T01:06:59.631+0000] GC(241)   Merge Heap Roots: 0.2ms
[2025-08-01T01:06:59.631+0000] GC(241)   Evacuate Collection Set: 128.3ms
[2025-08-01T01:06:59.631+0000] GC(241)   Post Evacuate Collection Set: 1.1ms
[2025-08-01T01:06:59.631+0000] GC(241)   Other: 0.2ms
[2025-08-01T01:06:59.631+0000] GC(241) Eden regions: 382->0(49)
[2025-08-01T01:06:59.631+0000] GC(241) Survivor regions: 39->53(53)
[2025-08-01T01:06:59.631+0000] GC(241) Old regions: 633->1003
[2025-08-01T01:06:59.631+0000] GC(241) Archive regions: 2->2
[2025-08-01T01:06:59.631+0000] GC(241) Humongous regions: 0->0
[2025-08-01T01:06:59.631+0000] GC(241) Metaspace: 10061K(10304K)->10061K(10304K) NonClass: 8835K(8960K)->8835K(8960K) Class: 1225K(1344K)->1225K(1344K)
[2025-08-01T01:06:59.631+0000] GC(241) Pause Young (Prepare Mixed) (G1 Evacuation Pause) 2107M->2111M(4096M) 130.630ms
[2025-08-01T01:06:59.631+0000] GC(241) User=1.02s Sys=0.00s Real=0.13s
[2025-08-01T01:06:59.642+0000] GC(242) Pause Young (Mixed) (G1 Evacuation Pause)
[2025-08-01T01:06:59.642+0000] GC(242) Using 8 workers of 8 for evacuation
[2025-08-01T01:06:59.675+0000] GC(242)   Pre Evacuate Collection Set: 0.6ms
[2025-08-01T01:06:59.675+0000] GC(242)   Merge Heap Roots: 0.2ms
[2025-08-01T01:06:59.675+0000] GC(242)   Evacuate Collection Set: 30.5ms
[2025-08-01T01:06:59.675+0000] GC(242)   Post Evacuate Collection Set: 1.2ms
[2025-08-01T01:06:59.675+0000] GC(242)   Other: 0.2ms
[2025-08-01T01:06:59.675+0000] GC(242) Eden regions: 49->0(262)
[2025-08-01T01:06:59.675+0000] GC(242) Survivor regions: 53->13(13)
[2025-08-01T01:06:59.675+0000] GC(242) Old regions: 1003->998
[2025-08-01T01:06:59.675+0000] GC(242) Archive regions: 2->2
[2025-08-01T01:06:59.675+0000] GC(242) Humongous regions: 0->0
[2025-08-01T01:06:59.675+0000] GC(242) Metaspace: 10061K(10304K)->10061K(10304K) NonClass: 8835K(8960K)->8835K(8960K) Class: 1225K(1344K)->1225K(1344K)
[2025-08-01T01:06:59.675+0000] GC(242) Pause Young (Mixed) (G1 Evacuation Pause) 2209M->2023M(4096M) 32.927ms
[2025-08-01T01:06:59.675+0000] GC(242) User=0.25s Sys=0.00s Real=0.04s
[2025-08-01T01:06:59.813+0000] GC(243) Pause Young (Concurrent Start) (G1 Evacuation Pause)
[2025-08-01T01:06:59.813+0000] GC(243) Using 8 workers of 8 for evacuation
[2025-08-01T01:06:59.904+0000] GC(243)   Pre Evacuate Collection Set: 0.6ms
[2025-08-01T01:06:59.904+0000] GC(243)   Merge Heap Roots: 0.2ms
[2025-08-01T01:06:59.904+0000] GC(243)   Evacuate Collection Set: 88.8ms
[2025-08-01T01:06:59.904+0000] GC(243)   Post Evacuate Collection Set: 0.9ms
[2025-08-01T01:06:59.904+0000] GC(243)   Other: 0.4ms
[2025-08-01T01:06:59.904+0000] GC(243) Eden regions: 262->0(198)
[2025-08-01T01:06:59.904+0000] GC(243) Survivor regions: 13->35(35)
[2025-08-01T01:06:59.904+0000] GC(243) Old regions: 998->1173
[2025-08-01T01:06:59.904+0000] GC(243) Archive regions: 2->2
[2025-08-01T01:06:59.904+0000] GC(243) Humongous regions: 0->0
[2025-08-01T01:06:59.904+0000] GC(243) Metaspace: 10061K(10304K)->10061K(10304K) NonClass: 8835K(8960K)->8835K(8960K) Class: 1225K(1344K)->1225K(1344K)
[2025-08-01T01:06:59.904+0000] GC(243) Pause Young (Concurrent Start) (G1 Evacuation Pause) 2547M->2417M(4096M) 91.194ms
[2025-08-01T01:06:59.904+0000] GC(243) User=0.66s Sys=0.04s Real=0.10s
[2025-08-01T01:06:59.904+0000] GC(244) Concurrent Mark Cycle
[2025-08-01T01:06:59.904+0000] GC(244) Concurrent Clear Claimed Marks
[2025-08-01T01:06:59.904+0000] GC(244) Concurrent Clear Claimed Marks 0.026ms
[2025-08-01T01:06:59.904+0000] GC(244) Concurrent Scan Root Regions
[2025-08-01T01:06:59.960+0000] GC(244) Concurrent Scan Root Regions 56.305ms
[2025-08-01T01:06:59.961+0000] GC(244) Concurrent Mark
[2025-08-01T01:06:59.961+0000] GC(244) Concurrent Mark From Roots
[2025-08-01T01:06:59.961+0000] GC(244) Using 2 workers of 2 for marking
[2025-08-01T01:06:59.999+0000] GC(245) Pause Young (Normal) (G1 Evacuation Pause)
[2025-08-01T01:06:59.999+0000] GC(245) Using 8 workers of 8 for evacuation
[2025-08-01T01:07:00.062+0000] GC(245)   Pre Evacuate Collection Set: 0.4ms
[2025-08-01T01:07:00.062+0000] GC(245)   Merge Heap Roots: 0.2ms
[2025-08-01T01:07:00.062+0000] GC(245)   Evacuate Collection Set: 61.2ms
[2025-08-01T01:07:00.062+0000] GC(245)   Post Evacuate Collection Set: 1.3ms
[2025-08-01T01:07:00.062+0000] GC(245)   Other: 0.2ms
[2025-08-01T01:07:00.062+0000] GC(245) Eden regions: 198->0(157)
[2025-08-01T01:07:00.063+0000] GC(245) Survivor regions: 35->30(30)
[2025-08-01T01:07:00.063+0000] GC(245) Old regions: 1173->1314
[2025-08-01T01:07:00.063+0000] GC(245) Archive regions: 2->2
[2025-08-01T01:07:00.063+0000] GC(245) Humongous regions: 0->0
[2025-08-01T01:07:00.063+0000] GC(245) Metaspace: 10061K(10304K)->10061K(10304K) NonClass: 8835K(8960K)->8835K(8960K) Class: 1225K(1344K)->1225K(1344K)
[2025-08-01T01:07:00.063+0000] GC(245) Pause Young (Normal) (G1 Evacuation Pause) 2813M->2688M(4096M) 63.481ms
[2025-08-01T01:07:00.063+0000] GC(245) User=0.46s Sys=0.03s Real=0.06s
[2025-08-01T01:07:00.087+0000] GC(244) Concurrent Mark From Roots 125.971ms
[2025-08-01T01:07:00.087+0000] GC(244) Concurrent Preclean
[2025-08-01T01:07:00.087+0000] GC(244) Concurrent Preclean 0.222ms
[2025-08-01T01:07:00.087+0000] GC(244) Pause Remark
[2025-08-01T01:07:00.090+0000] GC(244) Pause Remark 2924M->1460M(4096M) 2.286ms
[2025-08-01T01:07:00.090+0000] GC(244) User=0.00s Sys=0.00s Real=0.00s
[2025-08-01T01:07:00.090+0000] GC(244) Concurrent Mark 129.515ms
[2025-08-01T01:07:00.090+0000] GC(244) Concurrent Rebuild Remembered Sets
[2025-08-01T01:07:00.145+0000] GC(246) Pause Young (Normal) (G1 Evacuation Pause)
[2025-08-01T01:07:00.145+0000] GC(246) Using 8 workers of 8 for evacuation
[2025-08-01T01:07:00.203+0000] GC(246)   Pre Evacuate Collection Set: 0.6ms
[2025-08-01T01:07:00.203+0000] GC(246)   Merge Heap Roots: 0.2ms
[2025-08-01T01:07:00.203+0000] GC(246)   Evacuate Collection Set: 55.4ms
[2025-08-01T01:07:00.203+0000] GC(246)   Post Evacuate Collection Set: 1.1ms
[2025-08-01T01:07:00.203+0000] GC(246)   Other: 0.2ms
[2025-08-01T01:07:00.203+0000] GC(246) Eden regions: 157->0(355)
[2025-08-01T01:07:00.203+0000] GC(246) Survivor regions: 30->24(24)
[2025-08-01T01:07:00.203+0000] GC(246) Old regions: 582->746
[2025-08-01T01:07:00.203+0000] GC(246) Archive regions: 2->2
[2025-08-01T01:07:00.203+0000] GC(246) Humongous regions: 0->0
[2025-08-01T01:07:00.203+0000] GC(246) Metaspace: 10061K(10304K)->10061K(10304K) NonClass: 8835K(8960K)->8835K(8960K) Class: 1225K(1344K)->1225K(1344K)
[2025-08-01T01:07:00.203+0000] GC(246) Pause Young (Normal) (G1 Evacuation Pause) 1538M->1541M(4096M) 57.751ms
[2025-08-01T01:07:00.203+0000] GC(246) User=0.43s Sys=0.01s Real=0.05s
[2025-08-01T01:07:00.270+0000] GC(244) Concurrent Rebuild Remembered Sets 180.020ms
[2025-08-01T01:07:00.270+0000] GC(244) Pause Cleanup
[2025-08-01T01:07:00.271+0000] GC(244) Pause Cleanup 1891M->1891M(4096M) 0.631ms
[2025-08-01T01:07:00.271+0000] GC(244) User=0.00s Sys=0.00s Real=0.00s
[2025-08-01T01:07:00.271+0000] GC(244) Concurrent Cleanup for Next Mark
[2025-08-01T01:07:00.278+0000] GC(244) Concurrent Cleanup for Next Mark 7.238ms
[2025-08-01T01:07:00.278+0000] GC(244) Concurrent Mark Cycle 374.386ms
[2025-08-01T01:07:00.320+0000] GC(247) Pause Young (Prepare Mixed) (G1 Evacuation Pause)
[2025-08-01T01:07:00.320+0000] GC(247) Using 8 workers of 8 for evacuation
[2025-08-01T01:07:00.382+0000] GC(247)   Pre Evacuate Collection Set: 0.5ms
[2025-08-01T01:07:00.382+0000] GC(247)   Merge Heap Roots: 0.3ms
[2025-08-01T01:07:00.382+0000] GC(247)   Evacuate Collection Set: 59.1ms
[2025-08-01T01:07:00.382+0000] GC(247)   Post Evacuate Collection Set: 1.1ms
[2025-08-01T01:07:00.382+0000] GC(247)   Other: 0.2ms
[2025-08-01T01:07:00.382+0000] GC(247) Eden regions: 355->0(54)
[2025-08-01T01:07:00.382+0000] GC(247) Survivor regions: 24->48(48)
[2025-08-01T01:07:00.382+0000] GC(247) Old regions: 746->886
[2025-08-01T01:07:00.382+0000] GC(247) Archive regions: 2->2
[2025-08-01T01:07:00.382+0000] GC(247) Humongous regions: 0->0
[2025-08-01T01:07:00.382+0000] GC(247) Metaspace: 10061K(10304K)->10061K(10304K) NonClass: 8835K(8960K)->8835K(8960K) Class: 1225K(1344K)->1225K(1344K)
[2025-08-01T01:07:00.382+0000] GC(247) Pause Young (Prepare Mixed) (G1 Evacuation Pause) 2251M->1869M(4096M) 61.333ms
[2025-08-01T01:07:00.382+0000] GC(247) User=0.46s Sys=0.01s Real=0.06s
[2025-08-01T01:07:00.393+0000] GC(248) Pause Young (Mixed) (G1 Evacuation Pause)
[2025-08-01T01:07:00.393+0000] GC(248) Using 8 workers of 8 for evacuation
[2025-08-01T01:07:00.415+0000] GC(248)   Pre Evacuate Collection Set: 0.5ms
[2025-08-01T01:07:00.415+0000] GC(248)   Merge Heap Roots: 0.2ms
[2025-08-01T01:07:00.415+0000] GC(248)   Evacuate Collection Set: 20.4ms
[2025-08-01T01:07:00.415+0000] GC(248)   Post Evacuate Collection Set: 0.8ms
[2025-08-01T01:07:00.415+0000] GC(248)   Other: 0.1ms
[2025-08-01T01:07:00.415+0000] GC(248) Eden regions: 54->0(318)
[2025-08-01T01:07:00.415+0000] GC(248) Survivor regions: 48->13(13)
[2025-08-01T01:07:00.415+0000] GC(248) Old regions: 886->900
[2025-08-01T01:07:00.415+0000] GC(248) Archive regions: 2->2
[2025-08-01T01:07:00.415+0000] GC(248) Humongous regions: 0->0
[2025-08-01T01:07:00.415+0000] GC(248) Metaspace: 10061K(10304K)->10061K(10304K) NonClass: 8835K(8960K)->8835K(8960K) Class: 1225K(1344K)->1225K(1344K)
[2025-08-01T01:07:00.415+0000] GC(248) Pause Young (Mixed) (G1 Evacuation Pause) 1977M->1826M(4096M) 22.140ms
[2025-08-01T01:07:00.415+0000] GC(248) User=0.16s Sys=0.00s Real=0.03s
[2025-08-01T01:07:00.563+0000] GC(249) Pause Young (Concurrent Start) (G1 Evacuation Pause)
[2025-08-01T01:07:00.563+0000] GC(249) Using 8 workers of 8 for evacuation
[2025-08-01T01:07:00.699+0000] GC(249)   Pre Evacuate Collection Set: 0.4ms
[2025-08-01T01:07:00.699+0000] GC(249)   Merge Heap Roots: 0.2ms
[2025-08-01T01:07:00.699+0000] GC(249)   Evacuate Collection Set: 133.3ms
[2025-08-01T01:07:00.699+0000] GC(249)   Post Evacuate Collection Set: 1.7ms
[2025-08-01T01:07:00.699+0000] GC(249)   Other: 0.3ms
[2025-08-01T01:07:00.699+0000] GC(249) Eden regions: 318->0(227)
[2025-08-01T01:07:00.699+0000] GC(249) Survivor regions: 13->42(42)
[2025-08-01T01:07:00.699+0000] GC(249) Old regions: 900->1113
[2025-08-01T01:07:00.699+0000] GC(249) Archive regions: 2->2
[2025-08-01T01:07:00.699+0000] GC(249) Humongous regions: 0->0
[2025-08-01T01:07:00.699+0000] GC(249) Metaspace: 10061K(10304K)->10061K(10304K) NonClass: 8835K(8960K)->8835K(8960K) Class: 1225K(1344K)->1225K(1344K)
[2025-08-01T01:07:00.699+0000] GC(249) Pause Young (Concurrent Start) (G1 Evacuation Pause) 2462M->2310M(4096M) 136.064ms
[2025-08-01T01:07:00.699+0000] GC(249) User=1.01s Sys=0.04s Real=0.13s
[2025-08-01T01:07:00.700+0000] GC(250) Concurrent Mark Cycle
[2025-08-01T01:07:00.700+0000] GC(250) Concurrent Clear Claimed Marks
[2025-08-01T01:07:00.700+0000] GC(250) Concurrent Clear Claimed Marks 0.035ms
[2025-08-01T01:07:00.700+0000] GC(250) Concurrent Scan Root Regions
[2025-08-01T01:07:00.760+0000] GC(250) Concurrent Scan Root Regions 60.200ms
[2025-08-01T01:07:00.760+0000] GC(250) Concurrent Mark
[2025-08-01T01:07:00.760+0000] GC(250) Concurrent Mark From Roots
[2025-08-01T01:07:00.760+0000] GC(250) Using 2 workers of 2 for marking
[2025-08-01T01:07:00.783+0000] GC(250) Concurrent Mark From Roots 22.753ms
[2025-08-01T01:07:00.783+0000] GC(250) Concurrent Preclean
[2025-08-01T01:07:00.783+0000] GC(250) Concurrent Preclean 0.178ms
[2025-08-01T01:07:00.783+0000] GC(250) Pause Remark
[2025-08-01T01:07:00.785+0000] GC(250) Pause Remark 2653M->973M(4096M) 1.687ms
[2025-08-01T01:07:00.785+0000] GC(250) User=0.01s Sys=0.00s Real=0.00s
[2025-08-01T01:07:00.785+0000] GC(250) Concurrent Mark 24.917ms
[2025-08-01T01:07:00.785+0000] GC(250) Concurrent Rebuild Remembered Sets
[2025-08-01T01:07:00.800+0000] GC(251) Pause Young (Normal) (G1 Evacuation Pause)
[2025-08-01T01:07:00.800+0000] GC(251) Using 8 workers of 8 for evacuation
[2025-08-01T01:07:00.879+0000] GC(251)   Pre Evacuate Collection Set: 0.3ms
[2025-08-01T01:07:00.879+0000] GC(251)   Merge Heap Roots: 0.2ms
[2025-08-01T01:07:00.879+0000] GC(251)   Evacuate Collection Set: 76.9ms
[2025-08-01T01:07:00.879+0000] GC(251)   Post Evacuate Collection Set: 0.9ms
[2025-08-01T01:07:00.879+0000] GC(251)   Other: 0.2ms
[2025-08-01T01:07:00.879+0000] GC(251) Eden regions: 227->0(464)
[2025-08-01T01:07:00.879+0000] GC(251) Survivor regions: 42->34(34)
[2025-08-01T01:07:00.879+0000] GC(251) Old regions: 273->509
[2025-08-01T01:07:00.879+0000] GC(251) Archive regions: 2->2
[2025-08-01T01:07:00.879+0000] GC(251) Humongous regions: 0->0
[2025-08-01T01:07:00.879+0000] GC(251) Metaspace: 10061K(10304K)->10061K(10304K) NonClass: 8835K(8960K)->8835K(8960K) Class: 1225K(1344K)->1225K(1344K)
[2025-08-01T01:07:00.879+0000] GC(251) Pause Young (Normal) (G1 Evacuation Pause) 1084M->1087M(4096M) 78.697ms
[2025-08-01T01:07:00.879+0000] GC(251) User=0.61s Sys=0.00s Real=0.08s
[2025-08-01T01:07:00.935+0000] GC(250) Concurrent Rebuild Remembered Sets 150.234ms
[2025-08-01T01:07:00.935+0000] GC(250) Pause Cleanup
[2025-08-01T01:07:00.936+0000] GC(250) Pause Cleanup 1337M->1337M(4096M) 0.576ms
[2025-08-01T01:07:00.936+0000] GC(250) User=0.00s Sys=0.00s Real=0.00s
[2025-08-01T01:07:00.936+0000] GC(250) Concurrent Cleanup for Next Mark
[2025-08-01T01:07:00.944+0000] GC(250) Concurrent Cleanup for Next Mark 8.134ms
[2025-08-01T01:07:00.944+0000] GC(250) Concurrent Mark Cycle 244.499ms
[2025-08-01T01:07:01.064+0000] GC(252) Pause Young (Prepare Mixed) (G1 Evacuation Pause)
[2025-08-01T01:07:01.064+0000] GC(252) Using 8 workers of 8 for evacuation
[2025-08-01T01:07:01.197+0000] GC(252)   Pre Evacuate Collection Set: 2.6ms
[2025-08-01T01:07:01.197+0000] GC(252)   Merge Heap Roots: 0.6ms
[2025-08-01T01:07:01.197+0000] GC(252)   Evacuate Collection Set: 127.7ms
[2025-08-01T01:07:01.197+0000] GC(252)   Post Evacuate Collection Set: 1.8ms
[2025-08-01T01:07:01.197+0000] GC(252)   Other: 0.3ms
[2025-08-01T01:07:01.197+0000] GC(252) Eden regions: 464->0(39)
[2025-08-01T01:07:01.197+0000] GC(252) Survivor regions: 34->63(63)
[2025-08-01T01:07:01.197+0000] GC(252) Old regions: 509->691
[2025-08-01T01:07:01.197+0000] GC(252) Archive regions: 2->2
[2025-08-01T01:07:01.198+0000] GC(252) Humongous regions: 0->0
[2025-08-01T01:07:01.198+0000] GC(252) Metaspace: 10061K(10304K)->10061K(10304K) NonClass: 8835K(8960K)->8835K(8960K) Class: 1225K(1344K)->1225K(1344K)
[2025-08-01T01:07:01.198+0000] GC(252) Pause Young (Prepare Mixed) (G1 Evacuation Pause) 2015M->1508M(4096M) 133.255ms
[2025-08-01T01:07:01.198+0000] GC(252) User=0.98s Sys=0.03s Real=0.13s
[2025-08-01T01:07:01.253+0000] GC(253) Pause Young (Mixed) (G1 Evacuation Pause)
[2025-08-01T01:07:01.253+0000] GC(253) Using 8 workers of 8 for evacuation
[2025-08-01T01:07:01.315+0000] GC(253)   Pre Evacuate Collection Set: 1.7ms
[2025-08-01T01:07:01.315+0000] GC(253)   Merge Heap Roots: 0.2ms
[2025-08-01T01:07:01.315+0000] GC(253)   Evacuate Collection Set: 57.7ms
[2025-08-01T01:07:01.315+0000] GC(253)   Post Evacuate Collection Set: 1.1ms
[2025-08-01T01:07:01.315+0000] GC(253)   Other: 0.7ms
[2025-08-01T01:07:01.315+0000] GC(253) Eden regions: 39->0(374)
[2025-08-01T01:07:01.315+0000] GC(253) Survivor regions: 63->13(13)
[2025-08-01T01:07:01.315+0000] GC(253) Old regions: 691->777
[2025-08-01T01:07:01.315+0000] GC(253) Archive regions: 2->2
[2025-08-01T01:07:01.315+0000] GC(253) Humongous regions: 0->0
[2025-08-01T01:07:01.315+0000] GC(253) Metaspace: 10061K(10304K)->10061K(10304K) NonClass: 8835K(8960K)->8835K(8960K) Class: 1225K(1344K)->1225K(1344K)
[2025-08-01T01:07:01.315+0000] GC(253) Pause Young (Mixed) (G1 Evacuation Pause) 1586M->1581M(4096M) 61.595ms
[2025-08-01T01:07:01.315+0000] GC(253) User=0.36s Sys=0.04s Real=0.06s
[2025-08-01T01:07:01.485+0000] GC(254) Pause Young (Concurrent Start) (G1 Evacuation Pause)
[2025-08-01T01:07:01.485+0000] GC(254) Using 8 workers of 8 for evacuation
[2025-08-01T01:07:01.665+0000] GC(254)   Pre Evacuate Collection Set: 0.6ms
[2025-08-01T01:07:01.665+0000] GC(254)   Merge Heap Roots: 0.3ms
[2025-08-01T01:07:01.665+0000] GC(254)   Evacuate Collection Set: 177.0ms
[2025-08-01T01:07:01.665+0000] GC(254)   Post Evacuate Collection Set: 1.5ms
[2025-08-01T01:07:01.665+0000] GC(254)   Other: 0.3ms
[2025-08-01T01:07:01.665+0000] GC(254) Eden regions: 374->0(230)
[2025-08-01T01:07:01.665+0000] GC(254) Survivor regions: 13->49(49)
[2025-08-01T01:07:01.665+0000] GC(254) Old regions: 777->1072
[2025-08-01T01:07:01.665+0000] GC(254) Archive regions: 2->2
[2025-08-01T01:07:01.665+0000] GC(254) Humongous regions: 0->0
[2025-08-01T01:07:01.665+0000] GC(254) Metaspace: 10061K(10304K)->10061K(10304K) NonClass: 8835K(8960K)->8835K(8960K) Class: 1225K(1344K)->1225K(1344K)
[2025-08-01T01:07:01.665+0000] GC(254) Pause Young (Concurrent Start) (G1 Evacuation Pause) 2329M->2242M(4096M) 179.916ms
[2025-08-01T01:07:01.665+0000] GC(254) User=1.29s Sys=0.08s Real=0.18s
[2025-08-01T01:07:01.665+0000] GC(255) Concurrent Mark Cycle
[2025-08-01T01:07:01.665+0000] GC(255) Concurrent Clear Claimed Marks
[2025-08-01T01:07:01.665+0000] GC(255) Concurrent Clear Claimed Marks 0.016ms
[2025-08-01T01:07:01.665+0000] GC(255) Concurrent Scan Root Regions
[2025-08-01T01:07:01.740+0000] GC(255) Concurrent Scan Root Regions 74.886ms
[2025-08-01T01:07:01.740+0000] GC(255) Concurrent Mark
[2025-08-01T01:07:01.740+0000] GC(255) Concurrent Mark From Roots
[2025-08-01T01:07:01.740+0000] GC(255) Using 2 workers of 2 for marking
[2025-08-01T01:07:01.755+0000] GC(256) Pause Young (Normal) (G1 Evacuation Pause)
[2025-08-01T01:07:01.755+0000] GC(256) Using 8 workers of 8 for evacuation
[2025-08-01T01:07:01.845+0000] GC(256)   Pre Evacuate Collection Set: 0.5ms
[2025-08-01T01:07:01.845+0000] GC(256)   Merge Heap Roots: 0.2ms
[2025-08-01T01:07:01.845+0000] GC(256)   Evacuate Collection Set: 87.5ms
[2025-08-01T01:07:01.845+0000] GC(256)   Post Evacuate Collection Set: 1.2ms
[2025-08-01T01:07:01.845+0000] GC(256)   Other: 0.2ms
[2025-08-01T01:07:01.845+0000] GC(256) Eden regions: 230->0(151)
[2025-08-01T01:07:01.845+0000] GC(256) Survivor regions: 49->35(35)
[2025-08-01T01:07:01.845+0000] GC(256) Old regions: 1072->1318
[2025-08-01T01:07:01.845+0000] GC(256) Archive regions: 2->2
[2025-08-01T01:07:01.845+0000] GC(256) Humongous regions: 0->0
[2025-08-01T01:07:01.845+0000] GC(256) Metaspace: 10061K(10304K)->10061K(10304K) NonClass: 8835K(8960K)->8835K(8960K) Class: 1225K(1344K)->1225K(1344K)
[2025-08-01T01:07:01.845+0000] GC(256) Pause Young (Normal) (G1 Evacuation Pause) 2702M->2706M(4096M) 89.891ms
[2025-08-01T01:07:01.845+0000] GC(256) User=0.67s Sys=0.01s Real=0.09s
[2025-08-01T01:07:01.889+0000] GC(255) Concurrent Mark From Roots 148.570ms
[2025-08-01T01:07:01.889+0000] GC(255) Concurrent Preclean
[2025-08-01T01:07:01.889+0000] GC(255) Concurrent Preclean 0.311ms
[2025-08-01T01:07:01.889+0000] GC(255) Pause Remark
[2025-08-01T01:07:01.892+0000] GC(255) Pause Remark 2910M->1838M(4096M) 2.278ms
[2025-08-01T01:07:01.892+0000] GC(255) User=0.00s Sys=0.00s Real=0.00s
[2025-08-01T01:07:01.892+0000] GC(255) Concurrent Mark 151.448ms
[2025-08-01T01:07:01.892+0000] GC(255) Concurrent Rebuild Remembered Sets
[2025-08-01T01:07:01.918+0000] GC(257) Pause Young (Normal) (G1 Evacuation Pause)
[2025-08-01T01:07:01.918+0000] GC(257) Using 8 workers of 8 for evacuation
[2025-08-01T01:07:01.948+0000] GC(257)   Pre Evacuate Collection Set: 0.3ms
[2025-08-01T01:07:01.948+0000] GC(257)   Merge Heap Roots: 0.2ms
[2025-08-01T01:07:01.948+0000] GC(257)   Evacuate Collection Set: 27.9ms
[2025-08-01T01:07:01.948+0000] GC(257)   Post Evacuate Collection Set: 1.0ms
[2025-08-01T01:07:01.948+0000] GC(257)   Other: 0.2ms
[2025-08-01T01:07:01.948+0000] GC(257) Eden regions: 151->0(330)
[2025-08-01T01:07:01.948+0000] GC(257) Survivor regions: 35->24(24)
[2025-08-01T01:07:01.948+0000] GC(257) Old regions: 782->844
[2025-08-01T01:07:01.948+0000] GC(257) Archive regions: 2->2
[2025-08-01T01:07:01.948+0000] GC(257) Humongous regions: 0->0
[2025-08-01T01:07:01.948+0000] GC(257) Metaspace: 10061K(10304K)->10061K(10304K) NonClass: 8835K(8960K)->8835K(8960K) Class: 1225K(1344K)->1225K(1344K)
[2025-08-01T01:07:01.948+0000] GC(257) Pause Young (Normal) (G1 Evacuation Pause) 1936M->1736M(4096M) 29.821ms
[2025-08-01T01:07:01.948+0000] GC(257) User=0.21s Sys=0.01s Real=0.03s
[2025-08-01T01:07:02.098+0000] GC(258) Pause Young (Normal) (G1 Evacuation Pause)
[2025-08-01T01:07:02.098+0000] GC(258) Using 8 workers of 8 for evacuation
[2025-08-01T01:07:02.184+0000] GC(258)   Pre Evacuate Collection Set: 0.4ms
[2025-08-01T01:07:02.184+0000] GC(258)   Merge Heap Roots: 0.3ms
[2025-08-01T01:07:02.184+0000] GC(258)   Evacuate Collection Set: 84.2ms
[2025-08-01T01:07:02.184+0000] GC(258)   Post Evacuate Collection Set: 1.0ms
[2025-08-01T01:07:02.184+0000] GC(258)   Other: 0.2ms
[2025-08-01T01:07:02.184+0000] GC(258) Eden regions: 330->0(240)
[2025-08-01T01:07:02.184+0000] GC(258) Survivor regions: 24->45(45)
[2025-08-01T01:07:02.184+0000] GC(258) Old regions: 844->1067
[2025-08-01T01:07:02.184+0000] GC(258) Archive regions: 2->2
[2025-08-01T01:07:02.184+0000] GC(258) Humongous regions: 0->0
[2025-08-01T01:07:02.184+0000] GC(258) Metaspace: 10061K(10304K)->10061K(10304K) NonClass: 8835K(8960K)->8835K(8960K) Class: 1225K(1344K)->1225K(1344K)
[2025-08-01T01:07:02.184+0000] GC(258) Pause Young (Normal) (G1 Evacuation Pause) 2396M->2224M(4096M) 86.279ms
[2025-08-01T01:07:02.184+0000] GC(258) User=0.67s Sys=0.01s Real=0.09s
[2025-08-01T01:07:02.191+0000] GC(255) Concurrent Rebuild Remembered Sets 299.211ms
[2025-08-01T01:07:02.192+0000] GC(255) Pause Cleanup
[2025-08-01T01:07:02.193+0000] GC(255) Pause Cleanup 2306M->2306M(4096M) 1.061ms
[2025-08-01T01:07:02.193+0000] GC(255) User=0.00s Sys=0.00s Real=0.00s
[2025-08-01T01:07:02.193+0000] GC(255) Concurrent Cleanup for Next Mark
[2025-08-01T01:07:02.208+0000] GC(255) Concurrent Cleanup for Next Mark 14.946ms
[2025-08-01T01:07:02.208+0000] GC(255) Concurrent Mark Cycle 542.806ms
[2025-08-01T01:07:02.280+0000] GC(259) Pause Young (Prepare Mixed) (G1 Evacuation Pause)
[2025-08-01T01:07:02.280+0000] GC(259) Using 8 workers of 8 for evacuation
[2025-08-01T01:07:02.378+0000] GC(259)   Pre Evacuate Collection Set: 1.2ms
[2025-08-01T01:07:02.378+0000] GC(259)   Merge Heap Roots: 0.5ms
[2025-08-01T01:07:02.378+0000] GC(259)   Evacuate Collection Set: 95.1ms
[2025-08-01T01:07:02.378+0000] GC(259)   Post Evacuate Collection Set: 1.3ms
[2025-08-01T01:07:02.378+0000] GC(259)   Other: 0.2ms
[2025-08-01T01:07:02.378+0000] GC(259) Eden regions: 240->0(66)
[2025-08-01T01:07:02.378+0000] GC(259) Survivor regions: 45->36(36)
[2025-08-01T01:07:02.378+0000] GC(259) Old regions: 1067->1318
[2025-08-01T01:07:02.378+0000] GC(259) Archive regions: 2->2
[2025-08-01T01:07:02.378+0000] GC(259) Humongous regions: 0->0
[2025-08-01T01:07:02.378+0000] GC(259) Metaspace: 10061K(10304K)->10061K(10304K) NonClass: 8835K(8960K)->8835K(8960K) Class: 1225K(1344K)->1225K(1344K)
[2025-08-01T01:07:02.378+0000] GC(259) Pause Young (Prepare Mixed) (G1 Evacuation Pause) 2704M->2708M(4096M) 98.441ms
[2025-08-01T01:07:02.378+0000] GC(259) User=0.70s Sys=0.02s Real=0.10s
[2025-08-01T01:07:02.392+0000] GC(260) Pause Young (Mixed) (G1 Evacuation Pause)
[2025-08-01T01:07:02.393+0000] GC(260) Using 8 workers of 8 for evacuation
[2025-08-01T01:07:02.424+0000] GC(260)   Pre Evacuate Collection Set: 1.7ms
[2025-08-01T01:07:02.424+0000] GC(260)   Merge Heap Roots: 0.2ms
[2025-08-01T01:07:02.424+0000] GC(260)   Evacuate Collection Set: 28.8ms
[2025-08-01T01:07:02.424+0000] GC(260)   Post Evacuate Collection Set: 0.8ms
[2025-08-01T01:07:02.424+0000] GC(260)   Other: 0.2ms
[2025-08-01T01:07:02.424+0000] GC(260) Eden regions: 66->0(138)
[2025-08-01T01:07:02.424+0000] GC(260) Survivor regions: 36->13(13)
[2025-08-01T01:07:02.424+0000] GC(260) Old regions: 1318->1389
[2025-08-01T01:07:02.424+0000] GC(260) Archive regions: 2->2
[2025-08-01T01:07:02.424+0000] GC(260) Humongous regions: 0->0
[2025-08-01T01:07:02.424+0000] GC(260) Metaspace: 10061K(10304K)->10061K(10304K) NonClass: 8835K(8960K)->8835K(8960K) Class: 1225K(1344K)->1225K(1344K)
[2025-08-01T01:07:02.424+0000] GC(260) Pause Young (Mixed) (G1 Evacuation Pause) 2840M->2804M(4096M) 31.912ms
[2025-08-01T01:07:02.424+0000] GC(260) User=0.23s Sys=0.00s Real=0.04s
[2025-08-01T01:07:02.500+0000] GC(261) Pause Young (Concurrent Start) (G1 Evacuation Pause)
[2025-08-01T01:07:02.500+0000] GC(261) Using 8 workers of 8 for evacuation
[2025-08-01T01:07:02.550+0000] GC(261)   Pre Evacuate Collection Set: 0.5ms
[2025-08-01T01:07:02.550+0000] GC(261)   Merge Heap Roots: 0.1ms
[2025-08-01T01:07:02.550+0000] GC(261)   Evacuate Collection Set: 48.3ms
[2025-08-01T01:07:02.550+0000] GC(261)   Post Evacuate Collection Set: 0.8ms
[2025-08-01T01:07:02.550+0000] GC(261)   Other: 0.2ms
[2025-08-01T01:07:02.550+0000] GC(261) Eden regions: 138->0(93)
[2025-08-01T01:07:02.550+0000] GC(261) Survivor regions: 13->19(19)
[2025-08-01T01:07:02.550+0000] GC(261) Old regions: 1389->1523
[2025-08-01T01:07:02.550+0000] GC(261) Archive regions: 2->2
[2025-08-01T01:07:02.550+0000] GC(261) Humongous regions: 0->0
[2025-08-01T01:07:02.550+0000] GC(261) Metaspace: 10061K(10304K)->10061K(10304K) NonClass: 8835K(8960K)->8835K(8960K) Class: 1225K(1344K)->1225K(1344K)
[2025-08-01T01:07:02.550+0000] GC(261) Pause Young (Concurrent Start) (G1 Evacuation Pause) 3080M->3084M(4096M) 50.114ms
[2025-08-01T01:07:02.550+0000] GC(261) User=0.38s Sys=0.01s Real=0.05s
[2025-08-01T01:07:02.550+0000] GC(262) Concurrent Mark Cycle
[2025-08-01T01:07:02.550+0000] GC(262) Concurrent Clear Claimed Marks
[2025-08-01T01:07:02.550+0000] GC(262) Concurrent Clear Claimed Marks 0.018ms
[2025-08-01T01:07:02.550+0000] GC(262) Concurrent Scan Root Regions
[2025-08-01T01:07:02.576+0000] GC(262) Concurrent Scan Root Regions 25.934ms
[2025-08-01T01:07:02.576+0000] GC(262) Concurrent Mark
[2025-08-01T01:07:02.576+0000] GC(262) Concurrent Mark From Roots
[2025-08-01T01:07:02.576+0000] GC(262) Using 2 workers of 2 for marking
[2025-08-01T01:07:02.611+0000] GC(263) Pause Young (Normal) (G1 Evacuation Pause)
[2025-08-01T01:07:02.611+0000] GC(263) Using 8 workers of 8 for evacuation
[2025-08-01T01:07:02.626+0000] GC(263)   Pre Evacuate Collection Set: 0.3ms
[2025-08-01T01:07:02.626+0000] GC(263)   Merge Heap Roots: 0.2ms
[2025-08-01T01:07:02.626+0000] GC(263)   Evacuate Collection Set: 12.8ms
[2025-08-01T01:07:02.626+0000] GC(263)   Post Evacuate Collection Set: 0.9ms
[2025-08-01T01:07:02.626+0000] GC(263)   Other: 0.2ms
[2025-08-01T01:07:02.626+0000] GC(263) Eden regions: 93->0(91)
[2025-08-01T01:07:02.626+0000] GC(263) Survivor regions: 19->14(14)
[2025-08-01T01:07:02.626+0000] GC(263) Old regions: 1523->1548
[2025-08-01T01:07:02.626+0000] GC(263) Archive regions: 2->2
[2025-08-01T01:07:02.626+0000] GC(263) Humongous regions: 0->0
[2025-08-01T01:07:02.626+0000] GC(263) Metaspace: 10061K(10304K)->10061K(10304K) NonClass: 8835K(8960K)->8835K(8960K) Class: 1225K(1344K)->1225K(1344K)
[2025-08-01T01:07:02.626+0000] GC(263) Pause Young (Normal) (G1 Evacuation Pause) 3270M->3124M(4096M) 14.655ms
[2025-08-01T01:07:02.626+0000] GC(263) User=0.09s Sys=0.00s Real=0.02s
[2025-08-01T01:07:02.642+0000] GC(264) Pause Young (Normal) (G1 Evacuation Pause)
[2025-08-01T01:07:02.642+0000] GC(264) Using 8 workers of 8 for evacuation
[2025-08-01T01:07:02.677+0000] GC(264)   Pre Evacuate Collection Set: 0.4ms
[2025-08-01T01:07:02.677+0000] GC(264)   Merge Heap Roots: 0.2ms
[2025-08-01T01:07:02.677+0000] GC(264)   Evacuate Collection Set: 33.3ms
[2025-08-01T01:07:02.677+0000] GC(264)   Post Evacuate Collection Set: 0.8ms
[2025-08-01T01:07:02.677+0000] GC(264)   Other: 0.2ms
[2025-08-01T01:07:02.677+0000] GC(264) Eden regions: 91->0(88)
[2025-08-01T01:07:02.677+0000] GC(264) Survivor regions: 14->14(14)
[2025-08-01T01:07:02.677+0000] GC(264) Old regions: 1548->1641
[2025-08-01T01:07:02.677+0000] GC(264) Archive regions: 2->2
[2025-08-01T01:07:02.677+0000] GC(264) Humongous regions: 0->0
[2025-08-01T01:07:02.677+0000] GC(264) Metaspace: 10061K(10304K)->10061K(10304K) NonClass: 8835K(8960K)->8835K(8960K) Class: 1225K(1344K)->1225K(1344K)
[2025-08-01T01:07:02.677+0000] GC(264) Pause Young (Normal) (G1 Evacuation Pause) 3306M->3310M(4096M) 35.316ms
[2025-08-01T01:07:02.677+0000] GC(264) User=0.26s Sys=0.00s Real=0.04s
[2025-08-01T01:07:02.740+0000] GC(265) Pause Young (Normal) (G1 Evacuation Pause)
[2025-08-01T01:07:02.740+0000] GC(265) Using 8 workers of 8 for evacuation
[2025-08-01T01:07:02.785+0000] GC(265)   Pre Evacuate Collection Set: 0.5ms
[2025-08-01T01:07:02.785+0000] GC(265)   Merge Heap Roots: 0.2ms
[2025-08-01T01:07:02.785+0000] GC(265)   Evacuate Collection Set: 43.8ms
[2025-08-01T01:07:02.785+0000] GC(265)   Post Evacuate Collection Set: 0.8ms
[2025-08-01T01:07:02.785+0000] GC(265)   Other: 0.2ms
[2025-08-01T01:07:02.785+0000] GC(265) Eden regions: 88->0(89)
[2025-08-01T01:07:02.785+0000] GC(265) Survivor regions: 14->13(13)
[2025-08-01T01:07:02.785+0000] GC(265) Old regions: 1641->1731
[2025-08-01T01:07:02.785+0000] GC(265) Archive regions: 2->2
[2025-08-01T01:07:02.785+0000] GC(265) Humongous regions: 0->0
[2025-08-01T01:07:02.785+0000] GC(265) Metaspace: 10061K(10304K)->10061K(10304K) NonClass: 8835K(8960K)->8835K(8960K) Class: 1225K(1344K)->1225K(1344K)
[2025-08-01T01:07:02.786+0000] GC(265) Pause Young (Normal) (G1 Evacuation Pause) 3486M->3488M(4096M) 45.634ms
[2025-08-01T01:07:02.786+0000] GC(265) User=0.33s Sys=0.02s Real=0.05s
[2025-08-01T01:07:02.803+0000] GC(266) Pause Young (Normal) (G1 Evacuation Pause)
[2025-08-01T01:07:02.803+0000] GC(266) Using 8 workers of 8 for evacuation
[2025-08-01T01:07:02.835+0000] GC(266)   Pre Evacuate Collection Set: 1.1ms
[2025-08-01T01:07:02.835+0000] GC(266)   Merge Heap Roots: 0.3ms
[2025-08-01T01:07:02.835+0000] GC(266)   Evacuate Collection Set: 29.5ms
[2025-08-01T01:07:02.835+0000] GC(266)   Post Evacuate Collection Set: 0.9ms
[2025-08-01T01:07:02.835+0000] GC(266)   Other: 0.2ms
[2025-08-01T01:07:02.835+0000] GC(266) Eden regions: 89->0(89)
[2025-08-01T01:07:02.835+0000] GC(266) Survivor regions: 13->13(13)
[2025-08-01T01:07:02.835+0000] GC(266) Old regions: 1731->1821
[2025-08-01T01:07:02.835+0000] GC(266) Archive regions: 2->2
[2025-08-01T01:07:02.835+0000] GC(266) Humongous regions: 0->0
[2025-08-01T01:07:02.835+0000] GC(266) Metaspace: 10061K(10304K)->10061K(10304K) NonClass: 8835K(8960K)->8835K(8960K) Class: 1225K(1344K)->1225K(1344K)
[2025-08-01T01:07:02.835+0000] GC(266) Pause Young (Normal) (G1 Evacuation Pause) 3666M->3669M(4096M) 32.042ms
[2025-08-01T01:07:02.835+0000] GC(266) User=0.23s Sys=0.00s Real=0.03s
[2025-08-01T01:07:02.898+0000] GC(267) Pause Young (Normal) (G1 Evacuation Pause)
[2025-08-01T01:07:02.898+0000] GC(267) Using 8 workers of 8 for evacuation
[2025-08-01T01:07:02.928+0000] GC(267)   Pre Evacuate Collection Set: 0.5ms
[2025-08-01T01:07:02.928+0000] GC(267)   Merge Heap Roots: 0.5ms
[2025-08-01T01:07:02.928+0000] GC(267)   Evacuate Collection Set: 27.7ms
[2025-08-01T01:07:02.928+0000] GC(267)   Post Evacuate Collection Set: 0.8ms
[2025-08-01T01:07:02.928+0000] GC(267)   Other: 0.2ms
[2025-08-01T01:07:02.928+0000] GC(267) Eden regions: 89->0(89)
[2025-08-01T01:07:02.928+0000] GC(267) Survivor regions: 13->13(13)
[2025-08-01T01:07:02.928+0000] GC(267) Old regions: 1821->1886
[2025-08-01T01:07:02.928+0000] GC(267) Archive regions: 2->2
[2025-08-01T01:07:02.928+0000] GC(267) Humongous regions: 0->0
[2025-08-01T01:07:02.928+0000] GC(267) Metaspace: 10061K(10304K)->10061K(10304K) NonClass: 8835K(8960K)->8835K(8960K) Class: 1225K(1344K)->1225K(1344K)
[2025-08-01T01:07:02.928+0000] GC(267) Pause Young (Normal) (G1 Evacuation Pause) 3847M->3799M(4096M) 29.880ms
[2025-08-01T01:07:02.928+0000] GC(267) User=0.20s Sys=0.01s Real=0.03s
[2025-08-01T01:07:02.941+0000] GC(268) Pause Young (Normal) (G1 Preventive Collection)
[2025-08-01T01:07:02.941+0000] GC(268) Using 8 workers of 8 for evacuation
[2025-08-01T01:07:02.966+0000] GC(268)   Pre Evacuate Collection Set: 0.8ms
[2025-08-01T01:07:02.966+0000] GC(268)   Merge Heap Roots: 0.2ms
[2025-08-01T01:07:02.966+0000] GC(268)   Evacuate Collection Set: 23.4ms
[2025-08-01T01:07:02.966+0000] GC(268)   Post Evacuate Collection Set: 0.8ms
[2025-08-01T01:07:02.966+0000] GC(268)   Other: 0.2ms
[2025-08-01T01:07:02.966+0000] GC(268) Eden regions: 64->0(89)
[2025-08-01T01:07:02.966+0000] GC(268) Survivor regions: 13->13(13)
[2025-08-01T01:07:02.966+0000] GC(268) Old regions: 1886->1952
[2025-08-01T01:07:02.966+0000] GC(268) Archive regions: 2->2
[2025-08-01T01:07:02.966+0000] GC(268) Humongous regions: 0->0
[2025-08-01T01:07:02.966+0000] GC(268) Metaspace: 10061K(10304K)->10061K(10304K) NonClass: 8835K(8960K)->8835K(8960K) Class: 1225K(1344K)->1225K(1344K)
[2025-08-01T01:07:02.966+0000] GC(268) Pause Young (Normal) (G1 Preventive Collection) 3927M->3931M(4096M) 25.579ms
[2025-08-01T01:07:02.966+0000] GC(268) User=0.19s Sys=0.00s Real=0.03s
[2025-08-01T01:07:02.972+0000] GC(262) Concurrent Mark From Roots 395.836ms
[2025-08-01T01:07:02.972+0000] GC(262) Concurrent Preclean
[2025-08-01T01:07:02.972+0000] GC(269) Pause Young (Normal) (G1 Preventive Collection)
[2025-08-01T01:07:02.972+0000] GC(269) Using 8 workers of 8 for evacuation
[2025-08-01T01:07:02.988+0000] GC(269)   Pre Evacuate Collection Set: 0.3ms
[2025-08-01T01:07:02.988+0000] GC(269)   Merge Heap Roots: 0.1ms
[2025-08-01T01:07:02.988+0000] GC(269)   Evacuate Collection Set: 14.7ms
[2025-08-01T01:07:02.988+0000] GC(269)   Post Evacuate Collection Set: 0.7ms
[2025-08-01T01:07:02.988+0000] GC(269)   Other: 0.2ms
[2025-08-01T01:07:02.988+0000] GC(269) Eden regions: 31->0(89)
[2025-08-01T01:07:02.988+0000] GC(269) Survivor regions: 13->13(13)
[2025-08-01T01:07:02.988+0000] GC(269) Old regions: 1952->1985
[2025-08-01T01:07:02.988+0000] GC(269) Archive regions: 2->2
[2025-08-01T01:07:02.988+0000] GC(269) Humongous regions: 0->0
[2025-08-01T01:07:02.988+0000] GC(269) Metaspace: 10061K(10304K)->10061K(10304K) NonClass: 8835K(8960K)->8835K(8960K) Class: 1225K(1344K)->1225K(1344K)
[2025-08-01T01:07:02.988+0000] GC(269) Pause Young (Normal) (G1 Preventive Collection) 3993M->3996M(4096M) 16.246ms
[2025-08-01T01:07:02.988+0000] GC(269) User=0.10s Sys=0.01s Real=0.02s
[2025-08-01T01:07:02.988+0000] GC(262) Concurrent Preclean 16.633ms
[2025-08-01T01:07:02.989+0000] GC(262) Pause Remark
[2025-08-01T01:07:02.991+0000] GC(262) Pause Remark 3998M->2498M(4096M) 2.703ms
[2025-08-01T01:07:02.991+0000] GC(262) User=0.01s Sys=0.00s Real=0.00s
[2025-08-01T01:07:02.992+0000] GC(262) Concurrent Mark 415.716ms
[2025-08-01T01:07:02.992+0000] GC(262) Concurrent Rebuild Remembered Sets
[2025-08-01T01:07:03.057+0000] GC(270) Pause Young (Normal) (G1 Evacuation Pause)
[2025-08-01T01:07:03.057+0000] GC(270) Using 8 workers of 8 for evacuation
[2025-08-01T01:07:03.086+0000] GC(270)   Pre Evacuate Collection Set: 0.3ms
[2025-08-01T01:07:03.086+0000] GC(270)   Merge Heap Roots: 0.2ms
[2025-08-01T01:07:03.086+0000] GC(270)   Evacuate Collection Set: 27.8ms
[2025-08-01T01:07:03.086+0000] GC(270)   Post Evacuate Collection Set: 0.6ms
[2025-08-01T01:07:03.086+0000] GC(270)   Other: 0.2ms
[2025-08-01T01:07:03.086+0000] GC(270) Eden regions: 89->0(157)
[2025-08-01T01:07:03.086+0000] GC(270) Survivor regions: 13->13(13)
[2025-08-01T01:07:03.086+0000] GC(270) Old regions: 1235->1325
[2025-08-01T01:07:03.086+0000] GC(270) Archive regions: 2->2
[2025-08-01T01:07:03.087+0000] GC(270) Humongous regions: 0->0
[2025-08-01T01:07:03.087+0000] GC(270) Metaspace: 10061K(10304K)->10061K(10304K) NonClass: 8835K(8960K)->8835K(8960K) Class: 1225K(1344K)->1225K(1344K)
[2025-08-01T01:07:03.087+0000] GC(270) Pause Young (Normal) (G1 Evacuation Pause) 2674M->2677M(4096M) 29.321ms
[2025-08-01T01:07:03.087+0000] GC(270) User=0.22s Sys=0.00s Real=0.03s
[2025-08-01T01:07:03.114+0000] GC(271) Pause Young (Normal) (G1 Evacuation Pause)
[2025-08-01T01:07:03.114+0000] GC(271) Using 8 workers of 8 for evacuation
[2025-08-01T01:07:03.163+0000] GC(271)   Pre Evacuate Collection Set: 0.3ms
[2025-08-01T01:07:03.163+0000] GC(271)   Merge Heap Roots: 0.1ms
[2025-08-01T01:07:03.163+0000] GC(271)   Evacuate Collection Set: 47.2ms
[2025-08-01T01:07:03.163+0000] GC(271)   Post Evacuate Collection Set: 0.9ms
[2025-08-01T01:07:03.163+0000] GC(271)   Other: 0.2ms
[2025-08-01T01:07:03.163+0000] GC(271) Eden regions: 157->0(107)
[2025-08-01T01:07:03.163+0000] GC(271) Survivor regions: 13->22(22)
[2025-08-01T01:07:03.163+0000] GC(271) Old regions: 1325->1474
[2025-08-01T01:07:03.163+0000] GC(271) Archive regions: 2->2
[2025-08-01T01:07:03.163+0000] GC(271) Humongous regions: 0->0
[2025-08-01T01:07:03.163+0000] GC(271) Metaspace: 10061K(10304K)->10061K(10304K) NonClass: 8835K(8960K)->8835K(8960K) Class: 1225K(1344K)->1225K(1344K)
[2025-08-01T01:07:03.163+0000] GC(271) Pause Young (Normal) (G1 Evacuation Pause) 2991M->2993M(4096M) 48.933ms
[2025-08-01T01:07:03.163+0000] GC(271) User=0.37s Sys=0.00s Real=0.05s
[2025-08-01T01:07:03.226+0000] GC(272) Pause Young (Normal) (G1 Evacuation Pause)
[2025-08-01T01:07:03.226+0000] GC(272) Using 8 workers of 8 for evacuation
[2025-08-01T01:07:03.270+0000] GC(272)   Pre Evacuate Collection Set: 0.6ms
[2025-08-01T01:07:03.270+0000] GC(272)   Merge Heap Roots: 0.2ms
[2025-08-01T01:07:03.270+0000] GC(272)   Evacuate Collection Set: 42.8ms
[2025-08-01T01:07:03.270+0000] GC(272)   Post Evacuate Collection Set: 0.8ms
[2025-08-01T01:07:03.270+0000] GC(272)   Other: 0.2ms
[2025-08-01T01:07:03.270+0000] GC(272) Eden regions: 107->0(85)
[2025-08-01T01:07:03.270+0000] GC(272) Survivor regions: 22->17(17)
[2025-08-01T01:07:03.270+0000] GC(272) Old regions: 1474->1587
[2025-08-01T01:07:03.270+0000] GC(272) Archive regions: 2->2
[2025-08-01T01:07:03.271+0000] GC(272) Humongous regions: 0->0
[2025-08-01T01:07:03.271+0000] GC(272) Metaspace: 10061K(10304K)->10061K(10304K) NonClass: 8835K(8960K)->8835K(8960K) Class: 1225K(1344K)->1225K(1344K)
[2025-08-01T01:07:03.271+0000] GC(272) Pause Young (Normal) (G1 Evacuation Pause) 3207M->3209M(4096M) 44.825ms
[2025-08-01T01:07:03.271+0000] GC(272) User=0.33s Sys=0.00s Real=0.04s
[2025-08-01T01:07:03.285+0000] GC(273) Pause Young (Normal) (G1 Evacuation Pause)
[2025-08-01T01:07:03.285+0000] GC(273) Using 8 workers of 8 for evacuation
[2025-08-01T01:07:03.311+0000] GC(273)   Pre Evacuate Collection Set: 0.5ms
[2025-08-01T01:07:03.311+0000] GC(273)   Merge Heap Roots: 0.1ms
[2025-08-01T01:07:03.311+0000] GC(273)   Evacuate Collection Set: 23.7ms
[2025-08-01T01:07:03.311+0000] GC(273)   Post Evacuate Collection Set: 1.1ms
[2025-08-01T01:07:03.311+0000] GC(273)   Other: 0.2ms
[2025-08-01T01:07:03.311+0000] GC(273) Eden regions: 85->0(89)
[2025-08-01T01:07:03.311+0000] GC(273) Survivor regions: 17->13(13)
[2025-08-01T01:07:03.311+0000] GC(273) Old regions: 1587->1653
[2025-08-01T01:07:03.311+0000] GC(273) Archive regions: 2->2
[2025-08-01T01:07:03.311+0000] GC(273) Humongous regions: 0->0
[2025-08-01T01:07:03.311+0000] GC(273) Metaspace: 10061K(10304K)->10061K(10304K) NonClass: 8835K(8960K)->8835K(8960K) Class: 1225K(1344K)->1225K(1344K)
[2025-08-01T01:07:03.311+0000] GC(273) Pause Young (Normal) (G1 Evacuation Pause) 3379M->3332M(4096M) 25.814ms
[2025-08-01T01:07:03.311+0000] GC(273) User=0.19s Sys=0.00s Real=0.02s
[2025-08-01T01:07:03.351+0000] GC(274) Pause Young (Normal) (G1 Evacuation Pause)
[2025-08-01T01:07:03.351+0000] GC(274) Using 8 workers of 8 for evacuation
[2025-08-01T01:07:03.372+0000] GC(274)   Pre Evacuate Collection Set: 0.4ms
[2025-08-01T01:07:03.372+0000] GC(274)   Merge Heap Roots: 0.2ms
[2025-08-01T01:07:03.372+0000] GC(274)   Evacuate Collection Set: 19.9ms
[2025-08-01T01:07:03.372+0000] GC(274)   Post Evacuate Collection Set: 0.6ms
[2025-08-01T01:07:03.372+0000] GC(274)   Other: 0.2ms
[2025-08-01T01:07:03.372+0000] GC(274) Eden regions: 89->0(89)
[2025-08-01T01:07:03.372+0000] GC(274) Survivor regions: 13->13(13)
[2025-08-01T01:07:03.372+0000] GC(274) Old regions: 1653->1710
[2025-08-01T01:07:03.372+0000] GC(274) Archive regions: 2->2
[2025-08-01T01:07:03.373+0000] GC(274) Humongous regions: 0->0
[2025-08-01T01:07:03.373+0000] GC(274) Metaspace: 10061K(10304K)->10061K(10304K) NonClass: 8835K(8960K)->8835K(8960K) Class: 1225K(1344K)->1225K(1344K)
[2025-08-01T01:07:03.373+0000] GC(274) Pause Young (Normal) (G1 Evacuation Pause) 3510M->3446M(4096M) 21.493ms
[2025-08-01T01:07:03.373+0000] GC(274) User=0.14s Sys=0.00s Real=0.02s
[2025-08-01T01:07:03.390+0000] GC(275) Pause Young (Normal) (G1 Evacuation Pause)
[2025-08-01T01:07:03.390+0000] GC(275) Using 8 workers of 8 for evacuation
[2025-08-01T01:07:03.421+0000] GC(275)   Pre Evacuate Collection Set: 0.5ms
[2025-08-01T01:07:03.421+0000] GC(275)   Merge Heap Roots: 0.2ms
[2025-08-01T01:07:03.421+0000] GC(275)   Evacuate Collection Set: 29.6ms
[2025-08-01T01:07:03.421+0000] GC(275)   Post Evacuate Collection Set: 0.5ms
[2025-08-01T01:07:03.421+0000] GC(275)   Other: 0.2ms
[2025-08-01T01:07:03.421+0000] GC(275) Eden regions: 89->0(89)
[2025-08-01T01:07:03.421+0000] GC(275) Survivor regions: 13->13(13)
[2025-08-01T01:07:03.421+0000] GC(275) Old regions: 1710->1800
[2025-08-01T01:07:03.421+0000] GC(275) Archive regions: 2->2
[2025-08-01T01:07:03.421+0000] GC(275) Humongous regions: 0->0
[2025-08-01T01:07:03.421+0000] GC(275) Metaspace: 10061K(10304K)->10061K(10304K) NonClass: 8835K(8960K)->8835K(8960K) Class: 1225K(1344K)->1225K(1344K)
[2025-08-01T01:07:03.421+0000] GC(275) Pause Young (Normal) (G1 Evacuation Pause) 3624M->3627M(4096M) 31.059ms
[2025-08-01T01:07:03.421+0000] GC(275) User=0.20s Sys=0.00s Real=0.03s
[2025-08-01T01:07:03.442+0000] GC(276) Pause Young (Normal) (G1 Evacuation Pause)
[2025-08-01T01:07:03.442+0000] GC(276) Using 8 workers of 8 for evacuation
[2025-08-01T01:07:03.465+0000] GC(276)   Pre Evacuate Collection Set: 0.4ms
[2025-08-01T01:07:03.465+0000] GC(276)   Merge Heap Roots: 0.1ms
[2025-08-01T01:07:03.465+0000] GC(276)   Evacuate Collection Set: 22.1ms
[2025-08-01T01:07:03.465+0000] GC(276)   Post Evacuate Collection Set: 0.7ms
[2025-08-01T01:07:03.465+0000] GC(276)   Other: 0.2ms
[2025-08-01T01:07:03.465+0000] GC(276) Eden regions: 89->0(89)
[2025-08-01T01:07:03.465+0000] GC(276) Survivor regions: 13->13(13)
[2025-08-01T01:07:03.465+0000] GC(276) Old regions: 1800->1868
[2025-08-01T01:07:03.465+0000] GC(276) Archive regions: 2->2
[2025-08-01T01:07:03.465+0000] GC(276) Humongous regions: 0->0
[2025-08-01T01:07:03.465+0000] GC(276) Metaspace: 10061K(10304K)->10061K(10304K) NonClass: 8835K(8960K)->8835K(8960K) Class: 1225K(1344K)->1225K(1344K)
[2025-08-01T01:07:03.465+0000] GC(276) Pause Young (Normal) (G1 Evacuation Pause) 3805M->3762M(4096M) 23.616ms
[2025-08-01T01:07:03.465+0000] GC(276) User=0.18s Sys=0.00s Real=0.03s
[2025-08-01T01:07:03.494+0000] GC(277) Pause Young (Normal) (G1 Preventive Collection)
[2025-08-01T01:07:03.494+0000] GC(277) Using 8 workers of 8 for evacuation
[2025-08-01T01:07:03.521+0000] GC(277)   Pre Evacuate Collection Set: 0.3ms
[2025-08-01T01:07:03.521+0000] GC(277)   Merge Heap Roots: 0.2ms
[2025-08-01T01:07:03.521+0000] GC(277)   Evacuate Collection Set: 25.4ms
[2025-08-01T01:07:03.521+0000] GC(277)   Post Evacuate Collection Set: 0.6ms
[2025-08-01T01:07:03.521+0000] GC(277)   Other: 0.2ms
[2025-08-01T01:07:03.521+0000] GC(277) Eden regions: 74->0(89)
[2025-08-01T01:07:03.521+0000] GC(277) Survivor regions: 13->13(13)
[2025-08-01T01:07:03.521+0000] GC(277) Old regions: 1868->1943
[2025-08-01T01:07:03.521+0000] GC(277) Archive regions: 2->2
[2025-08-01T01:07:03.521+0000] GC(277) Humongous regions: 0->0
[2025-08-01T01:07:03.521+0000] GC(277) Metaspace: 10061K(10304K)->10061K(10304K) NonClass: 8835K(8960K)->8835K(8960K) Class: 1225K(1344K)->1225K(1344K)
[2025-08-01T01:07:03.521+0000] GC(277) Pause Young (Normal) (G1 Preventive Collection) 3910M->3912M(4096M) 26.849ms
[2025-08-01T01:07:03.521+0000] GC(277) User=0.19s Sys=0.00s Real=0.02s
[2025-08-01T01:07:03.528+0000] GC(278) Pause Young (Normal) (G1 Preventive Collection)
[2025-08-01T01:07:03.528+0000] GC(278) Using 8 workers of 8 for evacuation
[2025-08-01T01:07:03.544+0000] GC(278)   Pre Evacuate Collection Set: 0.5ms
[2025-08-01T01:07:03.544+0000] GC(278)   Merge Heap Roots: 0.1ms
[2025-08-01T01:07:03.544+0000] GC(278)   Evacuate Collection Set: 14.4ms
[2025-08-01T01:07:03.544+0000] GC(278)   Post Evacuate Collection Set: 0.7ms
[2025-08-01T01:07:03.544+0000] GC(278)   Other: 0.2ms
[2025-08-01T01:07:03.544+0000] GC(278) Eden regions: 36->0(89)
[2025-08-01T01:07:03.544+0000] GC(278) Survivor regions: 13->13(13)
[2025-08-01T01:07:03.544+0000] GC(278) Old regions: 1943->1981
[2025-08-01T01:07:03.544+0000] GC(278) Archive regions: 2->2
[2025-08-01T01:07:03.544+0000] GC(278) Humongous regions: 0->0
[2025-08-01T01:07:03.544+0000] GC(278) Metaspace: 10061K(10304K)->10061K(10304K) NonClass: 8835K(8960K)->8835K(8960K) Class: 1225K(1344K)->1225K(1344K)
[2025-08-01T01:07:03.544+0000] GC(278) Pause Young (Normal) (G1 Preventive Collection) 3984M->3989M(4096M) 16.070ms
[2025-08-01T01:07:03.544+0000] GC(278) User=0.11s Sys=0.00s Real=0.02s
[2025-08-01T01:07:03.547+0000] GC(279) Pause Young (Normal) (G1 Preventive Collection)
[2025-08-01T01:07:03.547+0000] GC(279) Using 8 workers of 8 for evacuation
[2025-08-01T01:07:03.558+0000] GC(279)   Pre Evacuate Collection Set: 0.2ms
[2025-08-01T01:07:03.558+0000] GC(279)   Merge Heap Roots: 0.1ms
[2025-08-01T01:07:03.558+0000] GC(279)   Evacuate Collection Set: 9.5ms
[2025-08-01T01:07:03.558+0000] GC(279)   Post Evacuate Collection Set: 0.6ms
[2025-08-01T01:07:03.558+0000] GC(279)   Other: 0.2ms
[2025-08-01T01:07:03.558+0000] GC(279) Eden regions: 18->0(89)
[2025-08-01T01:07:03.558+0000] GC(279) Survivor regions: 13->13(13)
[2025-08-01T01:07:03.558+0000] GC(279) Old regions: 1981->2002
[2025-08-01T01:07:03.558+0000] GC(279) Archive regions: 2->2
[2025-08-01T01:07:03.558+0000] GC(279) Humongous regions: 0->0
[2025-08-01T01:07:03.558+0000] GC(279) Metaspace: 10061K(10304K)->10061K(10304K) NonClass: 8835K(8960K)->8835K(8960K) Class: 1225K(1344K)->1225K(1344K)
[2025-08-01T01:07:03.558+0000] GC(279) Pause Young (Normal) (G1 Preventive Collection) 4025M->4030M(4096M) 10.897ms
[2025-08-01T01:07:03.558+0000] GC(279) User=0.08s Sys=0.00s Real=0.01s
[2025-08-01T01:07:03.560+0000] GC(280) Pause Young (Normal) (G1 Preventive Collection)
[2025-08-01T01:07:03.560+0000] GC(280) Using 8 workers of 8 for evacuation
[2025-08-01T01:07:03.567+0000] GC(280)   Pre Evacuate Collection Set: 0.2ms
[2025-08-01T01:07:03.567+0000] GC(280)   Merge Heap Roots: 0.1ms
[2025-08-01T01:07:03.567+0000] GC(280)   Evacuate Collection Set: 6.6ms
[2025-08-01T01:07:03.567+0000] GC(280)   Post Evacuate Collection Set: 0.7ms
[2025-08-01T01:07:03.567+0000] GC(280)   Other: 0.2ms
[2025-08-01T01:07:03.568+0000] GC(280) Eden regions: 7->0(93)
[2025-08-01T01:07:03.568+0000] GC(280) Survivor regions: 13->9(13)
[2025-08-01T01:07:03.568+0000] GC(280) Old regions: 2002->2017
[2025-08-01T01:07:03.568+0000] GC(280) Archive regions: 2->2
[2025-08-01T01:07:03.568+0000] GC(280) Humongous regions: 0->0
[2025-08-01T01:07:03.568+0000] GC(280) Metaspace: 10061K(10304K)->10061K(10304K) NonClass: 8835K(8960K)->8835K(8960K) Class: 1225K(1344K)->1225K(1344K)
[2025-08-01T01:07:03.568+0000] GC(280) Pause Young (Normal) (G1 Preventive Collection) 4044M->4053M(4096M) 7.996ms
[2025-08-01T01:07:03.568+0000] GC(280) User=0.05s Sys=0.00s Real=0.01s
[2025-08-01T01:07:03.569+0000] GC(281) Pause Young (Normal) (G1 Preventive Collection)
[2025-08-01T01:07:03.569+0000] GC(281) Using 8 workers of 8 for evacuation
[2025-08-01T01:07:03.573+0000] GC(281)   Pre Evacuate Collection Set: 0.4ms
[2025-08-01T01:07:03.573+0000] GC(281)   Merge Heap Roots: 0.1ms
[2025-08-01T01:07:03.573+0000] GC(281)   Evacuate Collection Set: 2.9ms
[2025-08-01T01:07:03.573+0000] GC(281)   Post Evacuate Collection Set: 0.6ms
[2025-08-01T01:07:03.573+0000] GC(281)   Other: 0.1ms
[2025-08-01T01:07:03.573+0000] GC(281) Eden regions: 4->0(96)
[2025-08-01T01:07:03.573+0000] GC(281) Survivor regions: 9->6(13)
[2025-08-01T01:07:03.573+0000] GC(281) Old regions: 2017->2026
[2025-08-01T01:07:03.573+0000] GC(281) Archive regions: 2->2
[2025-08-01T01:07:03.573+0000] GC(281) Humongous regions: 0->0
[2025-08-01T01:07:03.573+0000] GC(281) Metaspace: 10061K(10304K)->10061K(10304K) NonClass: 8835K(8960K)->8835K(8960K) Class: 1225K(1344K)->1225K(1344K)
[2025-08-01T01:07:03.573+0000] GC(281) Pause Young (Normal) (G1 Preventive Collection) 4061M->4063M(4096M) 4.237ms
[2025-08-01T01:07:03.573+0000] GC(281) User=0.03s Sys=0.00s Real=0.00s
[2025-08-01T01:07:03.574+0000] GC(282) Pause Young (Normal) (G1 Preventive Collection)
[2025-08-01T01:07:03.574+0000] GC(282) Using 8 workers of 8 for evacuation
[2025-08-01T01:07:03.577+0000] GC(282)   Pre Evacuate Collection Set: 0.3ms
[2025-08-01T01:07:03.577+0000] GC(282)   Merge Heap Roots: 0.1ms
[2025-08-01T01:07:03.577+0000] GC(282)   Evacuate Collection Set: 2.2ms
[2025-08-01T01:07:03.577+0000] GC(282)   Post Evacuate Collection Set: 0.8ms
[2025-08-01T01:07:03.577+0000] GC(282)   Other: 0.2ms
[2025-08-01T01:07:03.577+0000] GC(282) Eden regions: 3->0(94)
[2025-08-01T01:07:03.577+0000] GC(282) Survivor regions: 6->8(11)
[2025-08-01T01:07:03.577+0000] GC(282) Old regions: 2026->2026
[2025-08-01T01:07:03.577+0000] GC(282) Archive regions: 2->2
[2025-08-01T01:07:03.577+0000] GC(282) Humongous regions: 0->0
[2025-08-01T01:07:03.577+0000] GC(282) Metaspace: 10061K(10304K)->10061K(10304K) NonClass: 8835K(8960K)->8835K(8960K) Class: 1225K(1344K)->1225K(1344K)
[2025-08-01T01:07:03.577+0000] GC(282) Pause Young (Normal) (G1 Preventive Collection) 4069M->4067M(4096M) 3.748ms
[2025-08-01T01:07:03.577+0000] GC(282) User=0.01s Sys=0.00s Real=0.00s
[2025-08-01T01:07:03.578+0000] GC(283) Pause Young (Normal) (G1 Preventive Collection)
[2025-08-01T01:07:03.578+0000] GC(283) Using 8 workers of 8 for evacuation
[2025-08-01T01:07:03.581+0000] GC(283)   Pre Evacuate Collection Set: 0.3ms
[2025-08-01T01:07:03.581+0000] GC(283)   Merge Heap Roots: 0.1ms
[2025-08-01T01:07:03.581+0000] GC(283)   Evacuate Collection Set: 2.1ms
[2025-08-01T01:07:03.581+0000] GC(283)   Post Evacuate Collection Set: 0.6ms
[2025-08-01T01:07:03.581+0000] GC(283)   Other: 0.1ms
[2025-08-01T01:07:03.581+0000] GC(283) Eden regions: 1->0(97)
[2025-08-01T01:07:03.581+0000] GC(283) Survivor regions: 8->5(11)
[2025-08-01T01:07:03.581+0000] GC(283) Old regions: 2026->2030
[2025-08-01T01:07:03.581+0000] GC(283) Archive regions: 2->2
[2025-08-01T01:07:03.581+0000] GC(283) Humongous regions: 0->0
[2025-08-01T01:07:03.581+0000] GC(283) Metaspace: 10061K(10304K)->10061K(10304K) NonClass: 8835K(8960K)->8835K(8960K) Class: 1225K(1344K)->1225K(1344K)
[2025-08-01T01:07:03.581+0000] GC(283) Pause Young (Normal) (G1 Preventive Collection) 4069M->4070M(4096M) 3.547ms
[2025-08-01T01:07:03.581+0000] GC(283) User=0.01s Sys=0.00s Real=0.00s
[2025-08-01T01:07:03.582+0000] GC(284) Pause Young (Normal) (G1 Preventive Collection)
[2025-08-01T01:07:03.582+0000] GC(284) Using 8 workers of 8 for evacuation
[2025-08-01T01:07:03.584+0000] GC(284)   Pre Evacuate Collection Set: 0.2ms
[2025-08-01T01:07:03.584+0000] GC(284)   Merge Heap Roots: 0.1ms
[2025-08-01T01:07:03.584+0000] GC(284)   Evacuate Collection Set: 1.5ms
[2025-08-01T01:07:03.584+0000] GC(284)   Post Evacuate Collection Set: 0.5ms
[2025-08-01T01:07:03.584+0000] GC(284)   Other: 0.1ms
[2025-08-01T01:07:03.584+0000] GC(284) Eden regions: 2->0(95)
[2025-08-01T01:07:03.584+0000] GC(284) Survivor regions: 5->7(9)
[2025-08-01T01:07:03.584+0000] GC(284) Old regions: 2030->2030
[2025-08-01T01:07:03.584+0000] GC(284) Archive regions: 2->2
[2025-08-01T01:07:03.584+0000] GC(284) Humongous regions: 0->0
[2025-08-01T01:07:03.585+0000] GC(284) Metaspace: 10061K(10304K)->10061K(10304K) NonClass: 8835K(8960K)->8835K(8960K) Class: 1225K(1344K)->1225K(1344K)
[2025-08-01T01:07:03.585+0000] GC(284) Pause Young (Normal) (G1 Preventive Collection) 4074M->4074M(4096M) 2.551ms
[2025-08-01T01:07:03.585+0000] GC(284) User=0.01s Sys=0.00s Real=0.01s
[2025-08-01T01:07:03.585+0000] GC(285) Pause Young (Normal) (G1 Preventive Collection)
[2025-08-01T01:07:03.585+0000] GC(285) Using 8 workers of 8 for evacuation
[2025-08-01T01:07:03.588+0000] GC(285)   Pre Evacuate Collection Set: 0.2ms
[2025-08-01T01:07:03.588+0000] GC(285)   Merge Heap Roots: 0.1ms
[2025-08-01T01:07:03.588+0000] GC(285)   Evacuate Collection Set: 2.0ms
[2025-08-01T01:07:03.588+0000] GC(285)   Post Evacuate Collection Set: 0.6ms
[2025-08-01T01:07:03.588+0000] GC(285)   Other: 0.1ms
[2025-08-01T01:07:03.588+0000] GC(285) Eden regions: 1->0(94)
[2025-08-01T01:07:03.588+0000] GC(285) Survivor regions: 7->8(8)
[2025-08-01T01:07:03.588+0000] GC(285) Old regions: 2030->2030
[2025-08-01T01:07:03.588+0000] GC(285) Archive regions: 2->2
[2025-08-01T01:07:03.588+0000] GC(285) Humongous regions: 0->0
[2025-08-01T01:07:03.588+0000] GC(285) Metaspace: 10061K(10304K)->10061K(10304K) NonClass: 8835K(8960K)->8835K(8960K) Class: 1225K(1344K)->1225K(1344K)
[2025-08-01T01:07:03.588+0000] GC(285) Pause Young (Normal) (G1 Preventive Collection) 4076M->4076M(4096M) 3.228ms
[2025-08-01T01:07:03.588+0000] GC(285) User=0.02s Sys=0.00s Real=0.00s
[2025-08-01T01:07:03.589+0000] GC(286) Pause Young (Normal) (G1 Preventive Collection)
[2025-08-01T01:07:03.589+0000] GC(286) Using 8 workers of 8 for evacuation
[2025-08-01T01:07:03.592+0000] GC(286) To-space exhausted
[2025-08-01T01:07:03.592+0000] GC(286)   Pre Evacuate Collection Set: 0.2ms
[2025-08-01T01:07:03.592+0000] GC(286)   Merge Heap Roots: 0.1ms
[2025-08-01T01:07:03.592+0000] GC(286)   Evacuate Collection Set: 2.0ms
[2025-08-01T01:07:03.592+0000] GC(286)   Post Evacuate Collection Set: 0.9ms
[2025-08-01T01:07:03.592+0000] GC(286)   Other: 0.2ms
[2025-08-01T01:07:03.592+0000] GC(286) Eden regions: 1->0(97)
[2025-08-01T01:07:03.592+0000] GC(286) Survivor regions: 8->5(7)
[2025-08-01T01:07:03.592+0000] GC(286) Old regions: 2030->2038
[2025-08-01T01:07:03.592+0000] GC(286) Archive regions: 2->2
[2025-08-01T01:07:03.592+0000] GC(286) Humongous regions: 0->0
[2025-08-01T01:07:03.592+0000] GC(286) Metaspace: 10061K(10304K)->10061K(10304K) NonClass: 8835K(8960K)->8835K(8960K) Class: 1225K(1344K)->1225K(1344K)
[2025-08-01T01:07:03.592+0000] GC(286) Pause Young (Normal) (G1 Preventive Collection) 4078M->4087M(4096M) 3.603ms
[2025-08-01T01:07:03.592+0000] GC(286) User=0.02s Sys=0.00s Real=0.00s
[2025-08-01T01:07:03.593+0000] GC(287) Pause Young (Normal) (G1 Preventive Collection)
[2025-08-01T01:07:03.593+0000] GC(287) Using 8 workers of 8 for evacuation
[2025-08-01T01:07:03.595+0000] GC(287) To-space exhausted
[2025-08-01T01:07:03.595+0000] GC(287)   Pre Evacuate Collection Set: 0.2ms
[2025-08-01T01:07:03.595+0000] GC(287)   Merge Heap Roots: 0.1ms
[2025-08-01T01:07:03.595+0000] GC(287)   Evacuate Collection Set: 0.9ms
[2025-08-01T01:07:03.595+0000] GC(287)   Post Evacuate Collection Set: 1.0ms
[2025-08-01T01:07:03.595+0000] GC(287)   Other: 0.1ms
[2025-08-01T01:07:03.595+0000] GC(287) Eden regions: 1->0(100)
[2025-08-01T01:07:03.595+0000] GC(287) Survivor regions: 5->2(2)
[2025-08-01T01:07:03.595+0000] GC(287) Old regions: 2038->2044
[2025-08-01T01:07:03.595+0000] GC(287) Archive regions: 2->2
[2025-08-01T01:07:03.595+0000] GC(287) Humongous regions: 0->0
[2025-08-01T01:07:03.595+0000] GC(287) Metaspace: 10061K(10304K)->10061K(10304K) NonClass: 8835K(8960K)->8835K(8960K) Class: 1225K(1344K)->1225K(1344K)
[2025-08-01T01:07:03.595+0000] GC(287) Pause Young (Normal) (G1 Preventive Collection) 4089M->4093M(4096M) 2.517ms
[2025-08-01T01:07:03.596+0000] GC(287) User=0.01s Sys=0.00s Real=0.00s
[2025-08-01T01:07:03.596+0000] Attempting full compaction
[2025-08-01T01:07:03.596+0000] GC(288) Pause Full (G1 Compaction Pause)
[2025-08-01T01:07:03.596+0000] GC(288) Using 8 workers of 8 for full compaction
[2025-08-01T01:07:03.600+0000] GC(288) Phase 1: Mark live objects
[2025-08-01T01:07:03.628+0000] GC(288) Phase 1: Mark live objects 27.854ms
[2025-08-01T01:07:03.628+0000] GC(288) Phase 2: Prepare for compaction
[2025-08-01T01:07:03.637+0000] GC(288) Phase 2: Prepare for compaction 8.742ms
[2025-08-01T01:07:03.637+0000] GC(288) Phase 3: Adjust pointers
[2025-08-01T01:07:03.665+0000] GC(288) Phase 3: Adjust pointers 27.920ms
[2025-08-01T01:07:03.665+0000] GC(288) Phase 4: Compact heap
[2025-08-01T01:07:03.690+0000] GC(288) Phase 4: Compact heap 24.430ms
[2025-08-01T01:07:03.696+0000] GC(288) Eden regions: 0->0(483)
[2025-08-01T01:07:03.696+0000] GC(288) Survivor regions: 2->0(2)
[2025-08-01T01:07:03.696+0000] GC(288) Old regions: 2044->327
[2025-08-01T01:07:03.696+0000] GC(288) Archive regions: 2->2
[2025-08-01T01:07:03.696+0000] GC(288) Humongous regions: 0->0
[2025-08-01T01:07:03.696+0000] GC(288) Metaspace: 10061K(10304K)->10061K(10304K) NonClass: 8835K(8960K)->8835K(8960K) Class: 1225K(1344K)->1225K(1344K)
[2025-08-01T01:07:03.696+0000] GC(288) Pause Full (G1 Compaction Pause) 4093M->647M(4096M) 100.855ms
[2025-08-01T01:07:03.696+0000] GC(288) User=0.74s Sys=0.00s Real=0.10s
[2025-08-01T01:07:03.697+0000] GC(262) Concurrent Rebuild Remembered Sets 705.023ms
[2025-08-01T01:07:03.697+0000] GC(262) Concurrent Mark Abort
[2025-08-01T01:07:03.697+0000] GC(262) Concurrent Mark Cycle 1146.879ms
[2025-08-01T01:07:03.923+0000] GC(289) Pause Young (Normal) (G1 Evacuation Pause)
[2025-08-01T01:07:03.923+0000] GC(289) Using 8 workers of 8 for evacuation
[2025-08-01T01:07:04.057+0000] GC(289)   Pre Evacuate Collection Set: 0.5ms
[2025-08-01T01:07:04.057+0000] GC(289)   Merge Heap Roots: 1.0ms
[2025-08-01T01:07:04.057+0000] GC(289)   Evacuate Collection Set: 130.6ms
[2025-08-01T01:07:04.057+0000] GC(289)   Post Evacuate Collection Set: 1.5ms
[2025-08-01T01:07:04.057+0000] GC(289)   Other: 0.3ms
[2025-08-01T01:07:04.057+0000] GC(289) Eden regions: 483->0(371)
[2025-08-01T01:07:04.057+0000] GC(289) Survivor regions: 0->61(61)
[2025-08-01T01:07:04.057+0000] GC(289) Old regions: 327->634
[2025-08-01T01:07:04.057+0000] GC(289) Archive regions: 2->2
[2025-08-01T01:07:04.057+0000] GC(289) Humongous regions: 0->0
[2025-08-01T01:07:04.057+0000] GC(289) Metaspace: 10061K(10304K)->10061K(10304K) NonClass: 8835K(8960K)->8835K(8960K) Class: 1225K(1344K)->1225K(1344K)
[2025-08-01T01:07:04.057+0000] GC(289) Pause Young (Normal) (G1 Evacuation Pause) 1613M->1381M(4096M) 133.968ms
[2025-08-01T01:07:04.057+0000] GC(289) User=0.90s Sys=0.04s Real=0.13s
[2025-08-01T01:07:04.212+0000] GC(290) Pause Young (Concurrent Start) (G1 Evacuation Pause)
[2025-08-01T01:07:04.212+0000] GC(290) Using 8 workers of 8 for evacuation
[2025-08-01T01:07:04.304+0000] GC(290)   Pre Evacuate Collection Set: 0.5ms
[2025-08-01T01:07:04.304+0000] GC(290)   Merge Heap Roots: 0.7ms
[2025-08-01T01:07:04.304+0000] GC(290)   Evacuate Collection Set: 89.7ms
[2025-08-01T01:07:04.304+0000] GC(290)   Post Evacuate Collection Set: 1.3ms
[2025-08-01T01:07:04.304+0000] GC(290)   Other: 0.3ms
[2025-08-01T01:07:04.304+0000] GC(290) Eden regions: 371->0(307)
[2025-08-01T01:07:04.304+0000] GC(290) Survivor regions: 61->54(54)
[2025-08-01T01:07:04.304+0000] GC(290) Old regions: 634->848
[2025-08-01T01:07:04.304+0000] GC(290) Archive regions: 2->2
[2025-08-01T01:07:04.304+0000] GC(290) Humongous regions: 0->0
[2025-08-01T01:07:04.304+0000] GC(290) Metaspace: 10061K(10304K)->10061K(10304K) NonClass: 8835K(8960K)->8835K(8960K) Class: 1225K(1344K)->1225K(1344K)
[2025-08-01T01:07:04.304+0000] GC(290) Pause Young (Concurrent Start) (G1 Evacuation Pause) 2123M->1797M(4096M) 92.643ms
[2025-08-01T01:07:04.304+0000] GC(290) User=0.70s Sys=0.01s Real=0.10s
[2025-08-01T01:07:04.305+0000] GC(291) Concurrent Mark Cycle
[2025-08-01T01:07:04.305+0000] GC(291) Concurrent Clear Claimed Marks
[2025-08-01T01:07:04.305+0000] GC(291) Concurrent Clear Claimed Marks 0.029ms
[2025-08-01T01:07:04.305+0000] GC(291) Concurrent Scan Root Regions
[2025-08-01T01:07:04.350+0000] GC(291) Concurrent Scan Root Regions 45.515ms
[2025-08-01T01:07:04.350+0000] GC(291) Concurrent Mark
[2025-08-01T01:07:04.350+0000] GC(291) Concurrent Mark From Roots
[2025-08-01T01:07:04.350+0000] GC(291) Using 2 workers of 2 for marking
[2025-08-01T01:07:04.363+0000] GC(291) Concurrent Mark From Roots 12.598ms
[2025-08-01T01:07:04.363+0000] GC(291) Concurrent Preclean
[2025-08-01T01:07:04.363+0000] GC(291) Concurrent Preclean 0.316ms
[2025-08-01T01:07:04.363+0000] GC(291) Pause Remark
[2025-08-01T01:07:04.365+0000] GC(291) Pause Remark 2024M->910M(4096M) 2.067ms
[2025-08-01T01:07:04.365+0000] GC(291) User=0.01s Sys=0.00s Real=0.00s
[2025-08-01T01:07:04.366+0000] GC(291) Concurrent Mark 15.376ms
[2025-08-01T01:07:04.366+0000] GC(291) Concurrent Rebuild Remembered Sets
[2025-08-01T01:07:04.422+0000] GC(291) Concurrent Rebuild Remembered Sets 56.719ms
[2025-08-01T01:07:04.422+0000] GC(291) Pause Cleanup
[2025-08-01T01:07:04.423+0000] GC(291) Pause Cleanup 1231M->1231M(4096M) 0.495ms
[2025-08-01T01:07:04.423+0000] GC(291) User=0.00s Sys=0.00s Real=0.01s
[2025-08-01T01:07:04.423+0000] GC(291) Concurrent Cleanup for Next Mark
[2025-08-01T01:07:04.431+0000] GC(291) Concurrent Cleanup for Next Mark 8.069ms
[2025-08-01T01:07:04.431+0000] GC(291) Concurrent Mark Cycle 126.641ms
[2025-08-01T01:07:04.440+0000] GC(292) Pause Young (Prepare Mixed) (G1 Evacuation Pause)
[2025-08-01T01:07:04.440+0000] GC(292) Using 8 workers of 8 for evacuation
[2025-08-01T01:07:04.544+0000] GC(292)   Pre Evacuate Collection Set: 0.2ms
[2025-08-01T01:07:04.544+0000] GC(292)   Merge Heap Roots: 0.2ms
[2025-08-01T01:07:04.544+0000] GC(292)   Evacuate Collection Set: 102.0ms
[2025-08-01T01:07:04.544+0000] GC(292)   Post Evacuate Collection Set: 1.0ms
[2025-08-01T01:07:04.544+0000] GC(292)   Other: 0.2ms
[2025-08-01T01:07:04.544+0000] GC(292) Eden regions: 307->0(56)
[2025-08-01T01:07:04.544+0000] GC(292) Survivor regions: 54->46(46)
[2025-08-01T01:07:04.544+0000] GC(292) Old regions: 287->604
[2025-08-01T01:07:04.544+0000] GC(292) Archive regions: 2->2
[2025-08-01T01:07:04.544+0000] GC(292) Humongous regions: 0->0
[2025-08-01T01:07:04.544+0000] GC(292) Metaspace: 10061K(10304K)->10061K(10304K) NonClass: 8835K(8960K)->8835K(8960K) Class: 1225K(1344K)->1225K(1344K)
[2025-08-01T01:07:04.544+0000] GC(292) Pause Young (Prepare Mixed) (G1 Evacuation Pause) 1297M->1300M(4096M) 103.841ms
[2025-08-01T01:07:04.544+0000] GC(292) User=0.81s Sys=0.00s Real=0.11s
[2025-08-01T01:07:04.554+0000] GC(293) Pause Young (Mixed) (G1 Evacuation Pause)
[2025-08-01T01:07:04.554+0000] GC(293) Using 8 workers of 8 for evacuation
[2025-08-01T01:07:04.586+0000] GC(293)   Pre Evacuate Collection Set: 0.5ms
[2025-08-01T01:07:04.586+0000] GC(293)   Merge Heap Roots: 0.5ms
[2025-08-01T01:07:04.586+0000] GC(293)   Evacuate Collection Set: 29.8ms
[2025-08-01T01:07:04.586+0000] GC(293)   Post Evacuate Collection Set: 0.8ms
[2025-08-01T01:07:04.586+0000] GC(293)   Other: 0.2ms
[2025-08-01T01:07:04.586+0000] GC(293) Eden regions: 56->0(366)
[2025-08-01T01:07:04.586+0000] GC(293) Survivor regions: 46->13(13)
[2025-08-01T01:07:04.586+0000] GC(293) Old regions: 604->686
[2025-08-01T01:07:04.586+0000] GC(293) Archive regions: 2->2
[2025-08-01T01:07:04.586+0000] GC(293) Humongous regions: 0->0
[2025-08-01T01:07:04.586+0000] GC(293) Metaspace: 10061K(10304K)->10061K(10304K) NonClass: 8835K(8960K)->8835K(8960K) Class: 1225K(1344K)->1225K(1344K)
[2025-08-01T01:07:04.586+0000] GC(293) Pause Young (Mixed) (G1 Evacuation Pause) 1412M->1398M(4096M) 31.908ms
[2025-08-01T01:07:04.586+0000] GC(293) User=0.23s Sys=0.00s Real=0.03s
[2025-08-01T01:07:04.742+0000] GC(294) Pause Young (Concurrent Start) (G1 Evacuation Pause)
[2025-08-01T01:07:04.742+0000] GC(294) Using 8 workers of 8 for evacuation
[2025-08-01T01:07:04.788+0000] GC(294)   Pre Evacuate Collection Set: 0.7ms
[2025-08-01T01:07:04.788+0000] GC(294)   Merge Heap Roots: 0.4ms
[2025-08-01T01:07:04.788+0000] GC(294)   Evacuate Collection Set: 42.4ms
[2025-08-01T01:07:04.788+0000] GC(294)   Post Evacuate Collection Set: 1.3ms
[2025-08-01T01:07:04.788+0000] GC(294)   Other: 1.3ms
[2025-08-01T01:07:04.788+0000] GC(294) Eden regions: 366->0(369)
[2025-08-01T01:07:04.788+0000] GC(294) Survivor regions: 13->48(48)
[2025-08-01T01:07:04.788+0000] GC(294) Old regions: 686->733
[2025-08-01T01:07:04.788+0000] GC(294) Archive regions: 2->2
[2025-08-01T01:07:04.788+0000] GC(294) Humongous regions: 0->0
[2025-08-01T01:07:04.788+0000] GC(294) Metaspace: 10061K(10304K)->10061K(10304K) NonClass: 8835K(8960K)->8835K(8960K) Class: 1225K(1344K)->1225K(1344K)
[2025-08-01T01:07:04.788+0000] GC(294) Pause Young (Concurrent Start) (G1 Evacuation Pause) 2130M->1563M(4096M) 46.396ms
[2025-08-01T01:07:04.788+0000] GC(294) User=0.31s Sys=0.01s Real=0.05s
[2025-08-01T01:07:04.788+0000] GC(295) Concurrent Mark Cycle
[2025-08-01T01:07:04.789+0000] GC(295) Concurrent Clear Claimed Marks
[2025-08-01T01:07:04.789+0000] GC(295) Concurrent Clear Claimed Marks 0.024ms
[2025-08-01T01:07:04.789+0000] GC(295) Concurrent Scan Root Regions
[2025-08-01T01:07:04.821+0000] GC(295) Concurrent Scan Root Regions 32.766ms
[2025-08-01T01:07:04.821+0000] GC(295) Concurrent Mark
[2025-08-01T01:07:04.821+0000] GC(295) Concurrent Mark From Roots
[2025-08-01T01:07:04.821+0000] GC(295) Using 2 workers of 2 for marking
[2025-08-01T01:07:04.832+0000] GC(295) Concurrent Mark From Roots 10.577ms
[2025-08-01T01:07:04.832+0000] GC(295) Concurrent Preclean
[2025-08-01T01:07:04.832+0000] GC(295) Concurrent Preclean 0.233ms
[2025-08-01T01:07:04.832+0000] GC(295) Pause Remark
[2025-08-01T01:07:04.835+0000] GC(295) Pause Remark 1829M->543M(4096M) 2.673ms
[2025-08-01T01:07:04.835+0000] GC(295) User=0.01s Sys=0.00s Real=0.01s
[2025-08-01T01:07:04.835+0000] GC(295) Concurrent Mark 13.936ms
[2025-08-01T01:07:04.835+0000] GC(295) Concurrent Rebuild Remembered Sets
[2025-08-01T01:07:04.849+0000] GC(295) Concurrent Rebuild Remembered Sets 13.524ms
[2025-08-01T01:07:04.849+0000] GC(295) Pause Cleanup
[2025-08-01T01:07:04.850+0000] GC(295) Pause Cleanup 543M->543M(4096M) 0.506ms
[2025-08-01T01:07:04.850+0000] GC(295) User=0.00s Sys=0.00s Real=0.00s
[2025-08-01T01:07:04.850+0000] GC(295) Concurrent Cleanup for Next Mark
[2025-08-01T01:07:04.858+0000] GC(295) Concurrent Cleanup for Next Mark 7.824ms
[2025-08-01T01:07:04.858+0000] GC(295) Concurrent Mark Cycle 69.152ms
[2025-08-01T01:07:04.952+0000] GC(296) Pause Young (Prepare Mixed) (G1 Evacuation Pause)
[2025-08-01T01:07:04.952+0000] GC(296) Using 8 workers of 8 for evacuation
[2025-08-01T01:07:05.077+0000] GC(296)   Pre Evacuate Collection Set: 0.6ms
[2025-08-01T01:07:05.077+0000] GC(296)   Merge Heap Roots: 0.5ms
[2025-08-01T01:07:05.077+0000] GC(296)   Evacuate Collection Set: 123.0ms
[2025-08-01T01:07:05.077+0000] GC(296)   Post Evacuate Collection Set: 1.2ms
[2025-08-01T01:07:05.078+0000] GC(296)   Other: 0.2ms
[2025-08-01T01:07:05.078+0000] GC(296) Eden regions: 369->0(49)
[2025-08-01T01:07:05.078+0000] GC(296) Survivor regions: 48->53(53)
[2025-08-01T01:07:05.078+0000] GC(296) Old regions: 90->456
[2025-08-01T01:07:05.078+0000] GC(296) Archive regions: 2->2
[2025-08-01T01:07:05.078+0000] GC(296) Humongous regions: 0->0
[2025-08-01T01:07:05.078+0000] GC(296) Metaspace: 10061K(10304K)->10061K(10304K) NonClass: 8835K(8960K)->8835K(8960K) Class: 1225K(1344K)->1225K(1344K)
[2025-08-01T01:07:05.078+0000] GC(296) Pause Young (Prepare Mixed) (G1 Evacuation Pause) 1015M->1018M(4096M) 125.685ms
[2025-08-01T01:07:05.078+0000] GC(296) User=0.98s Sys=0.00s Real=0.13s
[2025-08-01T01:07:05.087+0000] GC(297) Pause Young (Mixed) (G1 Evacuation Pause)
[2025-08-01T01:07:05.087+0000] GC(297) Using 8 workers of 8 for evacuation
[2025-08-01T01:07:05.117+0000] GC(297)   Pre Evacuate Collection Set: 0.3ms
[2025-08-01T01:07:05.117+0000] GC(297)   Merge Heap Roots: 0.1ms
[2025-08-01T01:07:05.117+0000] GC(297)   Evacuate Collection Set: 28.8ms
[2025-08-01T01:07:05.117+0000] GC(297)   Post Evacuate Collection Set: 1.0ms
[2025-08-01T01:07:05.117+0000] GC(297)   Other: 0.2ms
[2025-08-01T01:07:05.117+0000] GC(297) Eden regions: 49->0(422)
[2025-08-01T01:07:05.117+0000] GC(297) Survivor regions: 53->13(13)
[2025-08-01T01:07:05.117+0000] GC(297) Old regions: 456->542
[2025-08-01T01:07:05.117+0000] GC(297) Archive regions: 2->2
[2025-08-01T01:07:05.117+0000] GC(297) Humongous regions: 0->0
[2025-08-01T01:07:05.117+0000] GC(297) Metaspace: 10061K(10304K)->10061K(10304K) NonClass: 8835K(8960K)->8835K(8960K) Class: 1225K(1344K)->1225K(1344K)
[2025-08-01T01:07:05.117+0000] GC(297) Pause Young (Mixed) (G1 Evacuation Pause) 1116M->1110M(4096M) 30.432ms
[2025-08-01T01:07:05.117+0000] GC(297) User=0.24s Sys=0.00s Real=0.03s
[2025-08-01T01:07:05.296+0000] GC(298) Pause Young (Concurrent Start) (G1 Evacuation Pause)
[2025-08-01T01:07:05.296+0000] GC(298) Using 8 workers of 8 for evacuation
[2025-08-01T01:07:05.386+0000] GC(298)   Pre Evacuate Collection Set: 0.9ms
[2025-08-01T01:07:05.386+0000] GC(298)   Merge Heap Roots: 1.1ms
[2025-08-01T01:07:05.386+0000] GC(298)   Evacuate Collection Set: 85.8ms
[2025-08-01T01:07:05.386+0000] GC(298)   Post Evacuate Collection Set: 1.3ms
[2025-08-01T01:07:05.386+0000] GC(298)   Other: 0.3ms
[2025-08-01T01:07:05.386+0000] GC(298) Eden regions: 422->0(342)
[2025-08-01T01:07:05.386+0000] GC(298) Survivor regions: 13->55(55)
[2025-08-01T01:07:05.386+0000] GC(298) Old regions: 542->767
[2025-08-01T01:07:05.386+0000] GC(298) Archive regions: 2->2
[2025-08-01T01:07:05.386+0000] GC(298) Humongous regions: 0->0
[2025-08-01T01:07:05.386+0000] GC(298) Metaspace: 10061K(10304K)->10061K(10304K) NonClass: 8835K(8960K)->8835K(8960K) Class: 1225K(1344K)->1225K(1344K)
[2025-08-01T01:07:05.386+0000] GC(298) Pause Young (Concurrent Start) (G1 Evacuation Pause) 1954M->1644M(4096M) 89.880ms
[2025-08-01T01:07:05.386+0000] GC(298) User=0.66s Sys=0.00s Real=0.09s
[2025-08-01T01:07:05.387+0000] GC(299) Concurrent Mark Cycle
[2025-08-01T01:07:05.387+0000] GC(299) Concurrent Clear Claimed Marks
[2025-08-01T01:07:05.387+0000] GC(299) Concurrent Clear Claimed Marks 0.026ms
[2025-08-01T01:07:05.387+0000] GC(299) Concurrent Scan Root Regions
[2025-08-01T01:07:05.439+0000] GC(299) Concurrent Scan Root Regions 52.000ms
[2025-08-01T01:07:05.439+0000] GC(299) Concurrent Mark
[2025-08-01T01:07:05.439+0000] GC(299) Concurrent Mark From Roots
[2025-08-01T01:07:05.439+0000] GC(299) Using 2 workers of 2 for marking
[2025-08-01T01:07:05.542+0000] GC(299) Concurrent Mark From Roots 103.084ms
[2025-08-01T01:07:05.542+0000] GC(299) Concurrent Preclean
[2025-08-01T01:07:05.542+0000] GC(299) Concurrent Preclean 0.289ms
[2025-08-01T01:07:05.542+0000] GC(299) Pause Remark
[2025-08-01T01:07:05.547+0000] GC(299) Pause Remark 2130M->1742M(4096M) 4.545ms
[2025-08-01T01:07:05.547+0000] GC(299) User=0.00s Sys=0.00s Real=0.01s
[2025-08-01T01:07:05.547+0000] GC(299) Concurrent Mark 108.504ms
[2025-08-01T01:07:05.547+0000] GC(299) Concurrent Rebuild Remembered Sets
[2025-08-01T01:07:05.565+0000] GC(300) Pause Young (Normal) (G1 Evacuation Pause)
[2025-08-01T01:07:05.565+0000] GC(300) Using 8 workers of 8 for evacuation
[2025-08-01T01:07:05.669+0000] GC(300)   Pre Evacuate Collection Set: 0.4ms
[2025-08-01T01:07:05.669+0000] GC(300)   Merge Heap Roots: 0.4ms
[2025-08-01T01:07:05.669+0000] GC(300)   Evacuate Collection Set: 102.1ms
[2025-08-01T01:07:05.669+0000] GC(300)   Post Evacuate Collection Set: 1.1ms
[2025-08-01T01:07:05.669+0000] GC(300)   Other: 0.2ms
[2025-08-01T01:07:05.669+0000] GC(300) Eden regions: 342->0(300)
[2025-08-01T01:07:05.669+0000] GC(300) Survivor regions: 55->50(50)
[2025-08-01T01:07:05.669+0000] GC(300) Old regions: 573->861
[2025-08-01T01:07:05.669+0000] GC(300) Archive regions: 2->2
[2025-08-01T01:07:05.669+0000] GC(300) Humongous regions: 0->0
[2025-08-01T01:07:05.669+0000] GC(300) Metaspace: 10061K(10304K)->10061K(10304K) NonClass: 8835K(8960K)->8835K(8960K) Class: 1225K(1344K)->1225K(1344K)
[2025-08-01T01:07:05.669+0000] GC(300) Pause Young (Normal) (G1 Evacuation Pause) 1940M->1822M(4096M) 104.353ms
[2025-08-01T01:07:05.669+0000] GC(300) User=0.81s Sys=0.00s Real=0.10s
[2025-08-01T01:07:05.776+0000] GC(299) Concurrent Rebuild Remembered Sets 228.657ms
[2025-08-01T01:07:05.776+0000] GC(299) Pause Cleanup
[2025-08-01T01:07:05.777+0000] GC(299) Pause Cleanup 2347M->2347M(4096M) 0.561ms
[2025-08-01T01:07:05.777+0000] GC(299) User=0.00s Sys=0.00s Real=0.00s
[2025-08-01T01:07:05.777+0000] GC(299) Concurrent Cleanup for Next Mark
[2025-08-01T01:07:05.783+0000] GC(299) Concurrent Cleanup for Next Mark 6.698ms
[2025-08-01T01:07:05.784+0000] GC(299) Concurrent Mark Cycle 396.997ms
[2025-08-01T01:07:05.820+0000] GC(301) Pause Young (Prepare Mixed) (G1 Evacuation Pause)
[2025-08-01T01:07:05.820+0000] GC(301) Using 8 workers of 8 for evacuation
[2025-08-01T01:07:05.932+0000] GC(301)   Pre Evacuate Collection Set: 0.4ms
[2025-08-01T01:07:05.932+0000] GC(301)   Merge Heap Roots: 0.1ms
[2025-08-01T01:07:05.932+0000] GC(301)   Evacuate Collection Set: 111.2ms
[2025-08-01T01:07:05.932+0000] GC(301)   Post Evacuate Collection Set: 0.7ms
[2025-08-01T01:07:05.932+0000] GC(301)   Other: 0.2ms
[2025-08-01T01:07:05.932+0000] GC(301) Eden regions: 300->0(58)
[2025-08-01T01:07:05.932+0000] GC(301) Survivor regions: 50->44(44)
[2025-08-01T01:07:05.932+0000] GC(301) Old regions: 861->1169
[2025-08-01T01:07:05.932+0000] GC(301) Archive regions: 2->2
[2025-08-01T01:07:05.932+0000] GC(301) Humongous regions: 0->0
[2025-08-01T01:07:05.932+0000] GC(301) Metaspace: 10061K(10304K)->10061K(10304K) NonClass: 8835K(8960K)->8835K(8960K) Class: 1225K(1344K)->1225K(1344K)
[2025-08-01T01:07:05.932+0000] GC(301) Pause Young (Prepare Mixed) (G1 Evacuation Pause) 2422M->2426M(4096M) 112.761ms
[2025-08-01T01:07:05.932+0000] GC(301) User=0.88s Sys=0.00s Real=0.11s
[2025-08-01T01:07:05.943+0000] GC(302) Pause Young (Mixed) (G1 Evacuation Pause)
[2025-08-01T01:07:05.943+0000] GC(302) Using 8 workers of 8 for evacuation
[2025-08-01T01:07:05.972+0000] GC(302)   Pre Evacuate Collection Set: 0.4ms
[2025-08-01T01:07:05.972+0000] GC(302)   Merge Heap Roots: 0.1ms
[2025-08-01T01:07:05.972+0000] GC(302)   Evacuate Collection Set: 27.9ms
[2025-08-01T01:07:05.972+0000] GC(302)   Post Evacuate Collection Set: 0.8ms
[2025-08-01T01:07:05.972+0000] GC(302)   Other: 0.2ms
[2025-08-01T01:07:05.972+0000] GC(302) Eden regions: 58->0(189)
[2025-08-01T01:07:05.972+0000] GC(302) Survivor regions: 44->13(13)
[2025-08-01T01:07:05.972+0000] GC(302) Old regions: 1169->1221
[2025-08-01T01:07:05.972+0000] GC(302) Archive regions: 2->2
[2025-08-01T01:07:05.972+0000] GC(302) Humongous regions: 0->0
[2025-08-01T01:07:05.972+0000] GC(302) Metaspace: 10061K(10304K)->10061K(10304K) NonClass: 8835K(8960K)->8835K(8960K) Class: 1225K(1344K)->1225K(1344K)
[2025-08-01T01:07:05.972+0000] GC(302) Pause Young (Mixed) (G1 Evacuation Pause) 2542M->2468M(4096M) 29.500ms
[2025-08-01T01:07:05.973+0000] GC(302) User=0.22s Sys=0.01s Real=0.02s
[2025-08-01T01:07:06.055+0000] GC(303) Pause Young (Concurrent Start) (G1 Evacuation Pause)
[2025-08-01T01:07:06.055+0000] GC(303) Using 8 workers of 8 for evacuation
[2025-08-01T01:07:06.109+0000] GC(303)   Pre Evacuate Collection Set: 0.4ms
[2025-08-01T01:07:06.109+0000] GC(303)   Merge Heap Roots: 0.2ms
[2025-08-01T01:07:06.109+0000] GC(303)   Evacuate Collection Set: 52.0ms
[2025-08-01T01:07:06.109+0000] GC(303)   Post Evacuate Collection Set: 0.7ms
[2025-08-01T01:07:06.109+0000] GC(303)   Other: 0.4ms
[2025-08-01T01:07:06.109+0000] GC(303) Eden regions: 189->0(149)
[2025-08-01T01:07:06.109+0000] GC(303) Survivor regions: 13->26(26)
[2025-08-01T01:07:06.109+0000] GC(303) Old regions: 1221->1345
[2025-08-01T01:07:06.109+0000] GC(303) Archive regions: 2->2
[2025-08-01T01:07:06.109+0000] GC(303) Humongous regions: 0->0
[2025-08-01T01:07:06.109+0000] GC(303) Metaspace: 10061K(10304K)->10061K(10304K) NonClass: 8835K(8960K)->8835K(8960K) Class: 1225K(1344K)->1225K(1344K)
[2025-08-01T01:07:06.109+0000] GC(303) Pause Young (Concurrent Start) (G1 Evacuation Pause) 2846M->2742M(4096M) 54.012ms
[2025-08-01T01:07:06.109+0000] GC(303) User=0.38s Sys=0.02s Real=0.05s
[2025-08-01T01:07:06.109+0000] GC(304) Concurrent Mark Cycle
[2025-08-01T01:07:06.109+0000] GC(304) Concurrent Clear Claimed Marks
[2025-08-01T01:07:06.109+0000] GC(304) Concurrent Clear Claimed Marks 0.015ms
[2025-08-01T01:07:06.109+0000] GC(304) Concurrent Scan Root Regions
[2025-08-01T01:07:06.136+0000] GC(304) Concurrent Scan Root Regions 27.389ms
[2025-08-01T01:07:06.136+0000] GC(304) Concurrent Mark
[2025-08-01T01:07:06.136+0000] GC(304) Concurrent Mark From Roots
[2025-08-01T01:07:06.136+0000] GC(304) Using 2 workers of 2 for marking
[2025-08-01T01:07:06.184+0000] GC(305) Pause Young (Normal) (G1 Evacuation Pause)
[2025-08-01T01:07:06.184+0000] GC(305) Using 8 workers of 8 for evacuation
[2025-08-01T01:07:06.233+0000] GC(305)   Pre Evacuate Collection Set: 0.4ms
[2025-08-01T01:07:06.233+0000] GC(305)   Merge Heap Roots: 0.1ms
[2025-08-01T01:07:06.233+0000] GC(305)   Evacuate Collection Set: 47.2ms
[2025-08-01T01:07:06.233+0000] GC(305)   Post Evacuate Collection Set: 1.4ms
[2025-08-01T01:07:06.233+0000] GC(305)   Other: 0.2ms
[2025-08-01T01:07:06.233+0000] GC(305) Eden regions: 149->0(117)
[2025-08-01T01:07:06.233+0000] GC(305) Survivor regions: 26->22(22)
[2025-08-01T01:07:06.233+0000] GC(305) Old regions: 1345->1449
[2025-08-01T01:07:06.233+0000] GC(305) Archive regions: 2->2
[2025-08-01T01:07:06.233+0000] GC(305) Humongous regions: 0->0
[2025-08-01T01:07:06.233+0000] GC(305) Metaspace: 10061K(10304K)->10061K(10304K) NonClass: 8835K(8960K)->8835K(8960K) Class: 1225K(1344K)->1225K(1344K)
[2025-08-01T01:07:06.233+0000] GC(305) Pause Young (Normal) (G1 Evacuation Pause) 3040M->2942M(4096M) 49.622ms
[2025-08-01T01:07:06.233+0000] GC(305) User=0.33s Sys=0.01s Real=0.05s
[2025-08-01T01:07:06.301+0000] GC(306) Pause Young (Normal) (G1 Evacuation Pause)
[2025-08-01T01:07:06.301+0000] GC(306) Using 8 workers of 8 for evacuation
[2025-08-01T01:07:06.346+0000] GC(306)   Pre Evacuate Collection Set: 0.6ms
[2025-08-01T01:07:06.346+0000] GC(306)   Merge Heap Roots: 0.2ms
[2025-08-01T01:07:06.346+0000] GC(306)   Evacuate Collection Set: 42.2ms
[2025-08-01T01:07:06.346+0000] GC(306)   Post Evacuate Collection Set: 1.2ms
[2025-08-01T01:07:06.346+0000] GC(306)   Other: 0.2ms
[2025-08-01T01:07:06.346+0000] GC(306) Eden regions: 117->0(84)
[2025-08-01T01:07:06.346+0000] GC(306) Survivor regions: 22->18(18)
[2025-08-01T01:07:06.346+0000] GC(306) Old regions: 1449->1571
[2025-08-01T01:07:06.346+0000] GC(306) Archive regions: 2->2
[2025-08-01T01:07:06.346+0000] GC(306) Humongous regions: 0->0
[2025-08-01T01:07:06.346+0000] GC(306) Metaspace: 10061K(10304K)->10061K(10304K) NonClass: 8835K(8960K)->8835K(8960K) Class: 1225K(1344K)->1225K(1344K)
[2025-08-01T01:07:06.346+0000] GC(306) Pause Young (Normal) (G1 Evacuation Pause) 3176M->3178M(4096M) 44.664ms
[2025-08-01T01:07:06.346+0000] GC(306) User=0.32s Sys=0.00s Real=0.05s
[2025-08-01T01:07:06.347+0000] GC(304) Concurrent Mark From Roots 210.558ms
[2025-08-01T01:07:06.347+0000] GC(304) Concurrent Preclean
[2025-08-01T01:07:06.347+0000] GC(304) Concurrent Preclean 0.209ms
[2025-08-01T01:07:06.348+0000] GC(304) Pause Remark
[2025-08-01T01:07:06.350+0000] GC(304) Pause Remark 3192M->1726M(4096M) 2.284ms
[2025-08-01T01:07:06.350+0000] GC(304) User=0.00s Sys=0.00s Real=0.00s
[2025-08-01T01:07:06.350+0000] GC(304) Concurrent Mark 213.660ms
[2025-08-01T01:07:06.350+0000] GC(304) Concurrent Rebuild Remembered Sets
[2025-08-01T01:07:06.364+0000] GC(307) Pause Young (Normal) (G1 Evacuation Pause)
[2025-08-01T01:07:06.364+0000] GC(307) Using 8 workers of 8 for evacuation
[2025-08-01T01:07:06.401+0000] GC(307)   Pre Evacuate Collection Set: 0.5ms
[2025-08-01T01:07:06.401+0000] GC(307)   Merge Heap Roots: 0.3ms
[2025-08-01T01:07:06.401+0000] GC(307)   Evacuate Collection Set: 34.7ms
[2025-08-01T01:07:06.401+0000] GC(307)   Post Evacuate Collection Set: 0.8ms
[2025-08-01T01:07:06.401+0000] GC(307)   Other: 0.2ms
[2025-08-01T01:07:06.401+0000] GC(307) Eden regions: 84->0(294)
[2025-08-01T01:07:06.401+0000] GC(307) Survivor regions: 18->13(13)
[2025-08-01T01:07:06.401+0000] GC(307) Old regions: 838->928
[2025-08-01T01:07:06.401+0000] GC(307) Archive regions: 2->2
[2025-08-01T01:07:06.401+0000] GC(307) Humongous regions: 0->0
[2025-08-01T01:07:06.401+0000] GC(307) Metaspace: 10061K(10304K)->10061K(10304K) NonClass: 8835K(8960K)->8835K(8960K) Class: 1225K(1344K)->1225K(1344K)
[2025-08-01T01:07:06.401+0000] GC(307) Pause Young (Normal) (G1 Evacuation Pause) 1880M->1883M(4096M) 36.781ms
[2025-08-01T01:07:06.401+0000] GC(307) User=0.26s Sys=0.01s Real=0.03s
[2025-08-01T01:07:06.544+0000] GC(308) Pause Young (Normal) (G1 Evacuation Pause)
[2025-08-01T01:07:06.544+0000] GC(308) Using 8 workers of 8 for evacuation
[2025-08-01T01:07:06.640+0000] GC(308)   Pre Evacuate Collection Set: 0.3ms
[2025-08-01T01:07:06.640+0000] GC(308)   Merge Heap Roots: 0.2ms
[2025-08-01T01:07:06.640+0000] GC(308)   Evacuate Collection Set: 94.9ms
[2025-08-01T01:07:06.640+0000] GC(308)   Post Evacuate Collection Set: 1.0ms
[2025-08-01T01:07:06.640+0000] GC(308)   Other: 0.3ms
[2025-08-01T01:07:06.640+0000] GC(308) Eden regions: 294->0(191)
[2025-08-01T01:07:06.640+0000] GC(308) Survivor regions: 13->39(39)
[2025-08-01T01:07:06.640+0000] GC(308) Old regions: 928->1197
[2025-08-01T01:07:06.640+0000] GC(308) Archive regions: 2->2
[2025-08-01T01:07:06.640+0000] GC(308) Humongous regions: 0->0
[2025-08-01T01:07:06.640+0000] GC(308) Metaspace: 10061K(10304K)->10061K(10304K) NonClass: 8835K(8960K)->8835K(8960K) Class: 1225K(1344K)->1225K(1344K)
[2025-08-01T01:07:06.640+0000] GC(308) Pause Young (Normal) (G1 Evacuation Pause) 2471M->2473M(4096M) 96.717ms
[2025-08-01T01:07:06.641+0000] GC(308) User=0.76s Sys=0.00s Real=0.09s
[2025-08-01T01:07:06.652+0000] GC(304) Concurrent Rebuild Remembered Sets 301.681ms
[2025-08-01T01:07:06.653+0000] GC(304) Pause Cleanup
[2025-08-01T01:07:06.653+0000] GC(304) Pause Cleanup 2603M->2603M(4096M) 0.701ms
[2025-08-01T01:07:06.654+0000] GC(304) User=0.00s Sys=0.00s Real=0.01s
[2025-08-01T01:07:06.654+0000] GC(304) Concurrent Cleanup for Next Mark
[2025-08-01T01:07:06.668+0000] GC(304) Concurrent Cleanup for Next Mark 13.987ms
[2025-08-01T01:07:06.668+0000] GC(304) Concurrent Mark Cycle 558.801ms
[2025-08-01T01:07:06.726+0000] GC(309) Pause Young (Prepare Mixed) (G1 Evacuation Pause)
[2025-08-01T01:07:06.726+0000] GC(309) Using 8 workers of 8 for evacuation
[2025-08-01T01:07:06.773+0000] GC(309)   Pre Evacuate Collection Set: 0.3ms
[2025-08-01T01:07:06.773+0000] GC(309)   Merge Heap Roots: 0.1ms
[2025-08-01T01:07:06.773+0000] GC(309)   Evacuate Collection Set: 45.8ms
[2025-08-01T01:07:06.773+0000] GC(309)   Post Evacuate Collection Set: 0.9ms
[2025-08-01T01:07:06.773+0000] GC(309)   Other: 0.2ms
[2025-08-01T01:07:06.773+0000] GC(309) Eden regions: 191->0(73)
[2025-08-01T01:07:06.773+0000] GC(309) Survivor regions: 39->29(29)
[2025-08-01T01:07:06.773+0000] GC(309) Old regions: 1197->1324
[2025-08-01T01:07:06.773+0000] GC(309) Archive regions: 2->2
[2025-08-01T01:07:06.773+0000] GC(309) Humongous regions: 0->0
[2025-08-01T01:07:06.773+0000] GC(309) Metaspace: 10061K(10304K)->10061K(10304K) NonClass: 8835K(8960K)->8835K(8960K) Class: 1225K(1344K)->1225K(1344K)
[2025-08-01T01:07:06.773+0000] GC(309) Pause Young (Prepare Mixed) (G1 Evacuation Pause) 2855M->2707M(4096M) 47.555ms
[2025-08-01T01:07:06.773+0000] GC(309) User=0.37s Sys=0.00s Real=0.05s
[2025-08-01T01:07:06.787+0000] GC(310) Pause Young (Mixed) (G1 Evacuation Pause)
[2025-08-01T01:07:06.787+0000] GC(310) Using 8 workers of 8 for evacuation
[2025-08-01T01:07:06.816+0000] GC(310)   Pre Evacuate Collection Set: 0.4ms
[2025-08-01T01:07:06.816+0000] GC(310)   Merge Heap Roots: 0.2ms
[2025-08-01T01:07:06.816+0000] GC(310)   Evacuate Collection Set: 28.1ms
[2025-08-01T01:07:06.816+0000] GC(310)   Post Evacuate Collection Set: 0.9ms
[2025-08-01T01:07:06.816+0000] GC(310)   Other: 0.2ms
[2025-08-01T01:07:06.816+0000] GC(310) Eden regions: 73->0(166)
[2025-08-01T01:07:06.816+0000] GC(310) Survivor regions: 29->13(13)
[2025-08-01T01:07:06.816+0000] GC(310) Old regions: 1324->1316
[2025-08-01T01:07:06.816+0000] GC(310) Archive regions: 2->2
[2025-08-01T01:07:06.816+0000] GC(310) Humongous regions: 0->0
[2025-08-01T01:07:06.817+0000] GC(310) Metaspace: 10061K(10304K)->10061K(10304K) NonClass: 8835K(8960K)->8835K(8960K) Class: 1225K(1344K)->1225K(1344K)
[2025-08-01T01:07:06.817+0000] GC(310) Pause Young (Mixed) (G1 Evacuation Pause) 2853M->2658M(4096M) 30.018ms
[2025-08-01T01:07:06.817+0000] GC(310) User=0.23s Sys=0.00s Real=0.03s
[2025-08-01T01:07:06.892+0000] GC(311) Pause Young (Concurrent Start) (G1 Evacuation Pause)
[2025-08-01T01:07:06.892+0000] GC(311) Using 8 workers of 8 for evacuation
[2025-08-01T01:07:06.938+0000] GC(311)   Pre Evacuate Collection Set: 1.2ms
[2025-08-01T01:07:06.938+0000] GC(311)   Merge Heap Roots: 0.1ms
[2025-08-01T01:07:06.938+0000] GC(311)   Evacuate Collection Set: 42.7ms
[2025-08-01T01:07:06.938+0000] GC(311)   Post Evacuate Collection Set: 1.2ms
[2025-08-01T01:07:06.938+0000] GC(311)   Other: 0.2ms
[2025-08-01T01:07:06.938+0000] GC(311) Eden regions: 166->0(131)
[2025-08-01T01:07:06.938+0000] GC(311) Survivor regions: 13->23(23)
[2025-08-01T01:07:06.938+0000] GC(311) Old regions: 1316->1417
[2025-08-01T01:07:06.938+0000] GC(311) Archive regions: 2->2
[2025-08-01T01:07:06.938+0000] GC(311) Humongous regions: 0->0
[2025-08-01T01:07:06.938+0000] GC(311) Metaspace: 10061K(10304K)->10061K(10304K) NonClass: 8835K(8960K)->8835K(8960K) Class: 1225K(1344K)->1225K(1344K)
[2025-08-01T01:07:06.938+0000] GC(311) Pause Young (Concurrent Start) (G1 Evacuation Pause) 2990M->2880M(4096M) 45.427ms
[2025-08-01T01:07:06.938+0000] GC(311) User=0.34s Sys=0.00s Real=0.05s
[2025-08-01T01:07:06.938+0000] GC(312) Concurrent Mark Cycle
[2025-08-01T01:07:06.938+0000] GC(312) Concurrent Clear Claimed Marks
[2025-08-01T01:07:06.938+0000] GC(312) Concurrent Clear Claimed Marks 0.064ms
[2025-08-01T01:07:06.938+0000] GC(312) Concurrent Scan Root Regions
[2025-08-01T01:07:06.964+0000] GC(312) Concurrent Scan Root Regions 25.937ms
[2025-08-01T01:07:06.964+0000] GC(312) Concurrent Mark
[2025-08-01T01:07:06.964+0000] GC(312) Concurrent Mark From Roots
[2025-08-01T01:07:06.964+0000] GC(312) Using 2 workers of 2 for marking
[2025-08-01T01:07:07.003+0000] GC(312) Concurrent Mark From Roots 38.679ms
[2025-08-01T01:07:07.003+0000] GC(312) Concurrent Preclean
[2025-08-01T01:07:07.003+0000] GC(312) Concurrent Preclean 0.320ms
[2025-08-01T01:07:07.003+0000] GC(312) Pause Remark
[2025-08-01T01:07:07.006+0000] GC(312) Pause Remark 3106M->742M(4096M) 2.817ms
[2025-08-01T01:07:07.006+0000] GC(312) User=0.00s Sys=0.00s Real=0.00s
[2025-08-01T01:07:07.006+0000] GC(312) Concurrent Mark 42.588ms
[2025-08-01T01:07:07.007+0000] GC(312) Concurrent Rebuild Remembered Sets
[2025-08-01T01:07:07.010+0000] GC(313) Pause Young (Normal) (G1 Evacuation Pause)
[2025-08-01T01:07:07.010+0000] GC(313) Using 8 workers of 8 for evacuation
[2025-08-01T01:07:07.066+0000] GC(313)   Pre Evacuate Collection Set: 0.6ms
[2025-08-01T01:07:07.067+0000] GC(313)   Merge Heap Roots: 0.2ms
[2025-08-01T01:07:07.067+0000] GC(313)   Evacuate Collection Set: 54.0ms
[2025-08-01T01:07:07.067+0000] GC(313)   Post Evacuate Collection Set: 1.0ms
[2025-08-01T01:07:07.067+0000] GC(313)   Other: 0.2ms
[2025-08-01T01:07:07.067+0000] GC(313) Eden regions: 131->0(527)
[2025-08-01T01:07:07.067+0000] GC(313) Survivor regions: 23->20(20)
[2025-08-01T01:07:07.067+0000] GC(313) Old regions: 235->371
[2025-08-01T01:07:07.067+0000] GC(313) Archive regions: 2->2
[2025-08-01T01:07:07.067+0000] GC(313) Humongous regions: 0->0
[2025-08-01T01:07:07.067+0000] GC(313) Metaspace: 10061K(10304K)->10061K(10304K) NonClass: 8835K(8960K)->8835K(8960K) Class: 1225K(1344K)->1225K(1344K)
[2025-08-01T01:07:07.067+0000] GC(313) Pause Young (Normal) (G1 Evacuation Pause) 778M->783M(4096M) 56.222ms
[2025-08-01T01:07:07.067+0000] GC(313) User=0.39s Sys=0.03s Real=0.06s
[2025-08-01T01:07:07.111+0000] GC(312) Concurrent Rebuild Remembered Sets 104.004ms
[2025-08-01T01:07:07.111+0000] GC(312) Pause Cleanup
[2025-08-01T01:07:07.111+0000] GC(312) Pause Cleanup 1059M->1059M(4096M) 0.708ms
[2025-08-01T01:07:07.111+0000] GC(312) User=0.00s Sys=0.00s Real=0.00s
[2025-08-01T01:07:07.112+0000] GC(312) Concurrent Cleanup for Next Mark
[2025-08-01T01:07:07.119+0000] GC(312) Concurrent Cleanup for Next Mark 7.026ms
[2025-08-01T01:07:07.119+0000] GC(312) Concurrent Mark Cycle 180.860ms
[2025-08-01T01:07:07.276+0000] GC(314) Pause Young (Prepare Mixed) (G1 Evacuation Pause)
[2025-08-01T01:07:07.276+0000] GC(314) Using 8 workers of 8 for evacuation
[2025-08-01T01:07:07.382+0000] GC(314)   Pre Evacuate Collection Set: 0.6ms
[2025-08-01T01:07:07.382+0000] GC(314)   Merge Heap Roots: 0.2ms
[2025-08-01T01:07:07.382+0000] GC(314)   Evacuate Collection Set: 103.9ms
[2025-08-01T01:07:07.382+0000] GC(314)   Post Evacuate Collection Set: 1.1ms
[2025-08-01T01:07:07.382+0000] GC(314)   Other: 0.2ms
[2025-08-01T01:07:07.382+0000] GC(314) Eden regions: 527->0(33)
[2025-08-01T01:07:07.383+0000] GC(314) Survivor regions: 20->69(69)
[2025-08-01T01:07:07.383+0000] GC(314) Old regions: 371->603
[2025-08-01T01:07:07.383+0000] GC(314) Archive regions: 2->2
[2025-08-01T01:07:07.383+0000] GC(314) Humongous regions: 0->0
[2025-08-01T01:07:07.383+0000] GC(314) Metaspace: 10061K(10304K)->10061K(10304K) NonClass: 8835K(8960K)->8835K(8960K) Class: 1225K(1344K)->1225K(1344K)
[2025-08-01T01:07:07.383+0000] GC(314) Pause Young (Prepare Mixed) (G1 Evacuation Pause) 1837M->1344M(4096M) 106.203ms
[2025-08-01T01:07:07.383+0000] GC(314) User=0.80s Sys=0.02s Real=0.10s
[2025-08-01T01:07:07.389+0000] GC(315) Pause Young (Mixed) (G1 Evacuation Pause)
[2025-08-01T01:07:07.389+0000] GC(315) Using 8 workers of 8 for evacuation
[2025-08-01T01:07:07.421+0000] GC(315)   Pre Evacuate Collection Set: 0.4ms
[2025-08-01T01:07:07.421+0000] GC(315)   Merge Heap Roots: 0.1ms
[2025-08-01T01:07:07.421+0000] GC(315)   Evacuate Collection Set: 30.8ms
[2025-08-01T01:07:07.421+0000] GC(315)   Post Evacuate Collection Set: 0.8ms
[2025-08-01T01:07:07.421+0000] GC(315)   Other: 0.2ms
[2025-08-01T01:07:07.421+0000] GC(315) Eden regions: 33->0(421)
[2025-08-01T01:07:07.421+0000] GC(315) Survivor regions: 69->13(13)
[2025-08-01T01:07:07.421+0000] GC(315) Old regions: 603->682
[2025-08-01T01:07:07.421+0000] GC(315) Archive regions: 2->2
[2025-08-01T01:07:07.421+0000] GC(315) Humongous regions: 0->0
[2025-08-01T01:07:07.421+0000] GC(315) Metaspace: 10061K(10304K)->10061K(10304K) NonClass: 8835K(8960K)->8835K(8960K) Class: 1225K(1344K)->1225K(1344K)
[2025-08-01T01:07:07.421+0000] GC(315) Pause Young (Mixed) (G1 Evacuation Pause) 1410M->1391M(4096M) 32.441ms
[2025-08-01T01:07:07.421+0000] GC(315) User=0.23s Sys=0.00s Real=0.03s
[2025-08-01T01:07:07.589+0000] GC(316) Pause Young (Concurrent Start) (G1 Evacuation Pause)
[2025-08-01T01:07:07.589+0000] GC(316) Using 8 workers of 8 for evacuation
[2025-08-01T01:07:07.752+0000] GC(316)   Pre Evacuate Collection Set: 1.0ms
[2025-08-01T01:07:07.752+0000] GC(316)   Merge Heap Roots: 0.5ms
[2025-08-01T01:07:07.752+0000] GC(316)   Evacuate Collection Set: 160.1ms
[2025-08-01T01:07:07.752+0000] GC(316)   Post Evacuate Collection Set: 1.1ms
[2025-08-01T01:07:07.752+0000] GC(316)   Other: 0.4ms
[2025-08-01T01:07:07.752+0000] GC(316) Eden regions: 421->0(263)
[2025-08-01T01:07:07.752+0000] GC(316) Survivor regions: 13->55(55)
[2025-08-01T01:07:07.752+0000] GC(316) Old regions: 682->985
[2025-08-01T01:07:07.752+0000] GC(316) Archive regions: 2->2
[2025-08-01T01:07:07.752+0000] GC(316) Humongous regions: 0->0
[2025-08-01T01:07:07.752+0000] GC(316) Metaspace: 10061K(10304K)->10061K(10304K) NonClass: 8835K(8960K)->8835K(8960K) Class: 1225K(1344K)->1225K(1344K)
[2025-08-01T01:07:07.752+0000] GC(316) Pause Young (Concurrent Start) (G1 Evacuation Pause) 2233M->2080M(4096M) 163.225ms
[2025-08-01T01:07:07.752+0000] GC(316) User=1.21s Sys=0.05s Real=0.16s
[2025-08-01T01:07:07.752+0000] GC(317) Concurrent Mark Cycle
[2025-08-01T01:07:07.752+0000] GC(317) Concurrent Clear Claimed Marks
[2025-08-01T01:07:07.752+0000] GC(317) Concurrent Clear Claimed Marks 0.017ms
[2025-08-01T01:07:07.752+0000] GC(317) Concurrent Scan Root Regions
[2025-08-01T01:07:07.812+0000] GC(317) Concurrent Scan Root Regions 59.791ms
[2025-08-01T01:07:07.812+0000] GC(317) Concurrent Mark
[2025-08-01T01:07:07.812+0000] GC(317) Concurrent Mark From Roots
[2025-08-01T01:07:07.812+0000] GC(317) Using 2 workers of 2 for marking
[2025-08-01T01:07:07.844+0000] GC(317) Concurrent Mark From Roots 31.541ms
[2025-08-01T01:07:07.844+0000] GC(317) Concurrent Preclean
[2025-08-01T01:07:07.844+0000] GC(318) Pause Young (Normal) (G1 Evacuation Pause)
[2025-08-01T01:07:07.844+0000] GC(318) Using 8 workers of 8 for evacuation
[2025-08-01T01:07:07.935+0000] GC(318)   Pre Evacuate Collection Set: 0.6ms
[2025-08-01T01:07:07.935+0000] GC(318)   Merge Heap Roots: 0.3ms
[2025-08-01T01:07:07.935+0000] GC(318)   Evacuate Collection Set: 88.3ms
[2025-08-01T01:07:07.935+0000] GC(318)   Post Evacuate Collection Set: 1.2ms
[2025-08-01T01:07:07.935+0000] GC(318)   Other: 0.2ms
[2025-08-01T01:07:07.935+0000] GC(318) Eden regions: 263->0(168)
[2025-08-01T01:07:07.935+0000] GC(318) Survivor regions: 55->40(40)
[2025-08-01T01:07:07.935+0000] GC(318) Old regions: 985->1264
[2025-08-01T01:07:07.935+0000] GC(318) Archive regions: 2->2
[2025-08-01T01:07:07.935+0000] GC(318) Humongous regions: 0->0
[2025-08-01T01:07:07.935+0000] GC(318) Metaspace: 10061K(10304K)->10061K(10304K) NonClass: 8835K(8960K)->8835K(8960K) Class: 1225K(1344K)->1225K(1344K)
[2025-08-01T01:07:07.935+0000] GC(318) Pause Young (Normal) (G1 Evacuation Pause) 2606M->2609M(4096M) 90.782ms
[2025-08-01T01:07:07.935+0000] GC(318) User=0.70s Sys=0.00s Real=0.09s
[2025-08-01T01:07:07.935+0000] GC(317) Concurrent Preclean 91.461ms
[2025-08-01T01:07:07.936+0000] GC(317) Pause Remark
[2025-08-01T01:07:07.938+0000] GC(317) Pause Remark 2617M->1469M(4096M) 2.271ms
[2025-08-01T01:07:07.938+0000] GC(317) User=0.01s Sys=0.00s Real=0.00s
[2025-08-01T01:07:07.938+0000] GC(317) Concurrent Mark 125.959ms
[2025-08-01T01:07:07.938+0000] GC(317) Concurrent Rebuild Remembered Sets
[2025-08-01T01:07:08.010+0000] GC(319) Pause Young (Normal) (G1 Evacuation Pause)
[2025-08-01T01:07:08.011+0000] GC(319) Using 8 workers of 8 for evacuation
[2025-08-01T01:07:08.062+0000] GC(319)   Pre Evacuate Collection Set: 0.6ms
[2025-08-01T01:07:08.062+0000] GC(319)   Merge Heap Roots: 0.1ms
[2025-08-01T01:07:08.062+0000] GC(319)   Evacuate Collection Set: 50.3ms
[2025-08-01T01:07:08.062+0000] GC(319)   Post Evacuate Collection Set: 0.7ms
[2025-08-01T01:07:08.062+0000] GC(319)   Other: 0.2ms
[2025-08-01T01:07:08.062+0000] GC(319) Eden regions: 168->0(325)
[2025-08-01T01:07:08.062+0000] GC(319) Survivor regions: 40->26(26)
[2025-08-01T01:07:08.062+0000] GC(319) Old regions: 690->828
[2025-08-01T01:07:08.062+0000] GC(319) Archive regions: 2->2
[2025-08-01T01:07:08.062+0000] GC(319) Humongous regions: 0->0
[2025-08-01T01:07:08.062+0000] GC(319) Metaspace: 10061K(10304K)->10061K(10304K) NonClass: 8835K(8960K)->8835K(8960K) Class: 1225K(1344K)->1225K(1344K)
[2025-08-01T01:07:08.062+0000] GC(319) Pause Young (Normal) (G1 Evacuation Pause) 1797M->1709M(4096M) 51.937ms
[2025-08-01T01:07:08.062+0000] GC(319) User=0.38s Sys=0.01s Real=0.05s
[2025-08-01T01:07:08.152+0000] GC(317) Concurrent Rebuild Remembered Sets 214.262ms
[2025-08-01T01:07:08.154+0000] GC(317) Pause Cleanup
[2025-08-01T01:07:08.154+0000] GC(317) Pause Cleanup 2211M->2211M(4096M) 0.856ms
[2025-08-01T01:07:08.154+0000] GC(317) User=0.00s Sys=0.00s Real=0.00s
[2025-08-01T01:07:08.155+0000] GC(317) Concurrent Cleanup for Next Mark
[2025-08-01T01:07:08.163+0000] GC(317) Concurrent Cleanup for Next Mark 8.430ms
[2025-08-01T01:07:08.163+0000] GC(317) Concurrent Mark Cycle 410.878ms
[2025-08-01T01:07:08.206+0000] GC(320) Pause Young (Prepare Mixed) (G1 Evacuation Pause)
[2025-08-01T01:07:08.206+0000] GC(320) Using 8 workers of 8 for evacuation
[2025-08-01T01:07:08.316+0000] GC(320)   Pre Evacuate Collection Set: 0.5ms
[2025-08-01T01:07:08.316+0000] GC(320)   Merge Heap Roots: 0.3ms
[2025-08-01T01:07:08.316+0000] GC(320)   Evacuate Collection Set: 107.1ms
[2025-08-01T01:07:08.316+0000] GC(320)   Post Evacuate Collection Set: 2.3ms
[2025-08-01T01:07:08.316+0000] GC(320)   Other: 0.2ms
[2025-08-01T01:07:08.316+0000] GC(320) Eden regions: 325->0(58)
[2025-08-01T01:07:08.316+0000] GC(320) Survivor regions: 26->44(44)
[2025-08-01T01:07:08.316+0000] GC(320) Old regions: 828->1019
[2025-08-01T01:07:08.316+0000] GC(320) Archive regions: 2->2
[2025-08-01T01:07:08.316+0000] GC(320) Humongous regions: 0->0
[2025-08-01T01:07:08.316+0000] GC(320) Metaspace: 10061K(10304K)->10061K(10304K) NonClass: 8835K(8960K)->8835K(8960K) Class: 1225K(1344K)->1225K(1344K)
[2025-08-01T01:07:08.317+0000] GC(320) Pause Young (Prepare Mixed) (G1 Evacuation Pause) 2359M->2126M(4096M) 110.620ms
[2025-08-01T01:07:08.317+0000] GC(320) User=0.81s Sys=0.02s Real=0.11s
[2025-08-01T01:07:08.336+0000] GC(321) Pause Young (Mixed) (G1 Evacuation Pause)
[2025-08-01T01:07:08.336+0000] GC(321) Using 8 workers of 8 for evacuation
[2025-08-01T01:07:08.385+0000] GC(321)   Pre Evacuate Collection Set: 0.4ms
[2025-08-01T01:07:08.386+0000] GC(321)   Merge Heap Roots: 0.5ms
[2025-08-01T01:07:08.386+0000] GC(321)   Evacuate Collection Set: 46.9ms
[2025-08-01T01:07:08.386+0000] GC(321)   Post Evacuate Collection Set: 1.0ms
[2025-08-01T01:07:08.386+0000] GC(321)   Other: 0.2ms
[2025-08-01T01:07:08.386+0000] GC(321) Eden regions: 58->0(236)
[2025-08-01T01:07:08.386+0000] GC(321) Survivor regions: 44->13(13)
[2025-08-01T01:07:08.386+0000] GC(321) Old regions: 1019->1098
[2025-08-01T01:07:08.386+0000] GC(321) Archive regions: 2->2
[2025-08-01T01:07:08.386+0000] GC(321) Humongous regions: 0->0
[2025-08-01T01:07:08.386+0000] GC(321) Metaspace: 10061K(10304K)->10061K(10304K) NonClass: 8835K(8960K)->8835K(8960K) Class: 1225K(1344K)->1225K(1344K)
[2025-08-01T01:07:08.386+0000] GC(321) Pause Young (Mixed) (G1 Evacuation Pause) 2242M->2222M(4096M) 49.236ms
[2025-08-01T01:07:08.386+0000] GC(321) User=0.36s Sys=0.01s Real=0.05s
[2025-08-01T01:07:08.483+0000] GC(322) Pause Young (Concurrent Start) (G1 Evacuation Pause)
[2025-08-01T01:07:08.483+0000] GC(322) Using 8 workers of 8 for evacuation
[2025-08-01T01:07:08.591+0000] GC(322)   Pre Evacuate Collection Set: 0.7ms
[2025-08-01T01:07:08.592+0000] GC(322)   Merge Heap Roots: 0.3ms
[2025-08-01T01:07:08.592+0000] GC(322)   Evacuate Collection Set: 106.0ms
[2025-08-01T01:07:08.592+0000] GC(322)   Post Evacuate Collection Set: 1.0ms
[2025-08-01T01:07:08.592+0000] GC(322)   Other: 0.4ms
[2025-08-01T01:07:08.592+0000] GC(322) Eden regions: 236->0(153)
[2025-08-01T01:07:08.592+0000] GC(322) Survivor regions: 13->32(32)
[2025-08-01T01:07:08.592+0000] GC(322) Old regions: 1098->1317
[2025-08-01T01:07:08.592+0000] GC(322) Archive regions: 2->2
[2025-08-01T01:07:08.592+0000] GC(322) Humongous regions: 0->0
[2025-08-01T01:07:08.592+0000] GC(322) Metaspace: 10061K(10304K)->10061K(10304K) NonClass: 8835K(8960K)->8835K(8960K) Class: 1225K(1344K)->1225K(1344K)
[2025-08-01T01:07:08.592+0000] GC(322) Pause Young (Concurrent Start) (G1 Evacuation Pause) 2694M->2699M(4096M) 108.498ms
[2025-08-01T01:07:08.592+0000] GC(322) User=0.72s Sys=0.05s Real=0.10s
[2025-08-01T01:07:08.592+0000] GC(323) Concurrent Mark Cycle
[2025-08-01T01:07:08.592+0000] GC(323) Concurrent Clear Claimed Marks
[2025-08-01T01:07:08.592+0000] GC(323) Concurrent Clear Claimed Marks 0.020ms
[2025-08-01T01:07:08.592+0000] GC(323) Concurrent Scan Root Regions
[2025-08-01T01:07:08.634+0000] GC(323) Concurrent Scan Root Regions 42.224ms
[2025-08-01T01:07:08.634+0000] GC(323) Concurrent Mark
[2025-08-01T01:07:08.634+0000] GC(323) Concurrent Mark From Roots
[2025-08-01T01:07:08.634+0000] GC(323) Using 2 workers of 2 for marking
[2025-08-01T01:07:08.665+0000] GC(324) Pause Young (Normal) (G1 Evacuation Pause)
[2025-08-01T01:07:08.665+0000] GC(324) Using 8 workers of 8 for evacuation
[2025-08-01T01:07:08.727+0000] GC(324)   Pre Evacuate Collection Set: 0.7ms
[2025-08-01T01:07:08.727+0000] GC(324)   Merge Heap Roots: 0.2ms
[2025-08-01T01:07:08.727+0000] GC(324)   Evacuate Collection Set: 59.6ms
[2025-08-01T01:07:08.727+0000] GC(324)   Post Evacuate Collection Set: 0.9ms
[2025-08-01T01:07:08.727+0000] GC(324)   Other: 0.2ms
[2025-08-01T01:07:08.727+0000] GC(324) Eden regions: 153->0(104)
[2025-08-01T01:07:08.727+0000] GC(324) Survivor regions: 32->24(24)
[2025-08-01T01:07:08.727+0000] GC(324) Old regions: 1317->1479
[2025-08-01T01:07:08.727+0000] GC(324) Archive regions: 2->2
[2025-08-01T01:07:08.727+0000] GC(324) Humongous regions: 0->0
[2025-08-01T01:07:08.727+0000] GC(324) Metaspace: 10061K(10304K)->10061K(10304K) NonClass: 8835K(8960K)->8835K(8960K) Class: 1225K(1344K)->1225K(1344K)
[2025-08-01T01:07:08.727+0000] GC(324) Pause Young (Normal) (G1 Evacuation Pause) 3005M->3007M(4096M) 61.729ms
[2025-08-01T01:07:08.727+0000] GC(324) User=0.45s Sys=0.02s Real=0.06s
[2025-08-01T01:07:08.744+0000] GC(325) Pause Young (Normal) (G1 Evacuation Pause)
[2025-08-01T01:07:08.745+0000] GC(325) Using 8 workers of 8 for evacuation
[2025-08-01T01:07:08.781+0000] GC(325)   Pre Evacuate Collection Set: 0.3ms
[2025-08-01T01:07:08.781+0000] GC(325)   Merge Heap Roots: 0.1ms
[2025-08-01T01:07:08.781+0000] GC(325)   Evacuate Collection Set: 34.8ms
[2025-08-01T01:07:08.781+0000] GC(325)   Post Evacuate Collection Set: 1.1ms
[2025-08-01T01:07:08.781+0000] GC(325)   Other: 0.2ms
[2025-08-01T01:07:08.781+0000] GC(325) Eden regions: 104->0(86)
[2025-08-01T01:07:08.781+0000] GC(325) Survivor regions: 24->16(16)
[2025-08-01T01:07:08.781+0000] GC(325) Old regions: 1479->1593
[2025-08-01T01:07:08.781+0000] GC(325) Archive regions: 2->2
[2025-08-01T01:07:08.781+0000] GC(325) Humongous regions: 0->0
[2025-08-01T01:07:08.781+0000] GC(325) Metaspace: 10061K(10304K)->10061K(10304K) NonClass: 8835K(8960K)->8835K(8960K) Class: 1225K(1344K)->1225K(1344K)
[2025-08-01T01:07:08.781+0000] GC(325) Pause Young (Normal) (G1 Evacuation Pause) 3215M->3219M(4096M) 36.703ms
[2025-08-01T01:07:08.781+0000] GC(325) User=0.28s Sys=0.00s Real=0.03s
[2025-08-01T01:07:08.810+0000] GC(326) Pause Young (Normal) (G1 Evacuation Pause)
[2025-08-01T01:07:08.810+0000] GC(326) Using 8 workers of 8 for evacuation
[2025-08-01T01:07:08.832+0000] GC(326)   Pre Evacuate Collection Set: 0.3ms
[2025-08-01T01:07:08.832+0000] GC(326)   Merge Heap Roots: 0.1ms
[2025-08-01T01:07:08.832+0000] GC(326)   Evacuate Collection Set: 20.2ms
[2025-08-01T01:07:08.832+0000] GC(326)   Post Evacuate Collection Set: 0.9ms
[2025-08-01T01:07:08.832+0000] GC(326)   Other: 0.2ms
[2025-08-01T01:07:08.832+0000] GC(326) Eden regions: 86->0(89)
[2025-08-01T01:07:08.832+0000] GC(326) Survivor regions: 16->13(13)
[2025-08-01T01:07:08.832+0000] GC(326) Old regions: 1593->1657
[2025-08-01T01:07:08.832+0000] GC(326) Archive regions: 2->2
[2025-08-01T01:07:08.832+0000] GC(326) Humongous regions: 0->0
[2025-08-01T01:07:08.832+0000] GC(326) Metaspace: 10061K(10304K)->10061K(10304K) NonClass: 8835K(8960K)->8835K(8960K) Class: 1225K(1344K)->1225K(1344K)
[2025-08-01T01:07:08.832+0000] GC(326) Pause Young (Normal) (G1 Evacuation Pause) 3391M->3340M(4096M) 21.967ms
[2025-08-01T01:07:08.832+0000] GC(326) User=0.16s Sys=0.00s Real=0.02s
[2025-08-01T01:07:08.852+0000] GC(327) Pause Young (Normal) (G1 Evacuation Pause)
[2025-08-01T01:07:08.852+0000] GC(327) Using 8 workers of 8 for evacuation
[2025-08-01T01:07:08.873+0000] GC(327)   Pre Evacuate Collection Set: 0.5ms
[2025-08-01T01:07:08.873+0000] GC(327)   Merge Heap Roots: 0.1ms
[2025-08-01T01:07:08.873+0000] GC(327)   Evacuate Collection Set: 18.7ms
[2025-08-01T01:07:08.873+0000] GC(327)   Post Evacuate Collection Set: 0.8ms
[2025-08-01T01:07:08.873+0000] GC(327)   Other: 0.2ms
[2025-08-01T01:07:08.873+0000] GC(327) Eden regions: 89->0(89)
[2025-08-01T01:07:08.873+0000] GC(327) Survivor regions: 13->13(13)
[2025-08-01T01:07:08.873+0000] GC(327) Old regions: 1657->1710
[2025-08-01T01:07:08.873+0000] GC(327) Archive regions: 2->2
[2025-08-01T01:07:08.873+0000] GC(327) Humongous regions: 0->0
[2025-08-01T01:07:08.873+0000] GC(327) Metaspace: 10061K(10304K)->10061K(10304K) NonClass: 8835K(8960K)->8835K(8960K) Class: 1225K(1344K)->1225K(1344K)
[2025-08-01T01:07:08.873+0000] GC(327) Pause Young (Normal) (G1 Evacuation Pause) 3518M->3447M(4096M) 20.353ms
[2025-08-01T01:07:08.873+0000] GC(327) User=0.15s Sys=0.00s Real=0.02s
[2025-08-01T01:07:08.878+0000] GC(323) Concurrent Mark From Roots 243.944ms
[2025-08-01T01:07:08.878+0000] GC(323) Concurrent Preclean
[2025-08-01T01:07:08.878+0000] GC(323) Concurrent Preclean 0.198ms
[2025-08-01T01:07:08.879+0000] GC(323) Pause Remark
[2025-08-01T01:07:08.881+0000] GC(323) Pause Remark 3487M->1977M(4096M) 1.976ms
[2025-08-01T01:07:08.881+0000] GC(323) User=0.00s Sys=0.00s Real=0.00s
[2025-08-01T01:07:08.881+0000] GC(323) Concurrent Mark 247.266ms
[2025-08-01T01:07:08.881+0000] GC(323) Concurrent Rebuild Remembered Sets
[2025-08-01T01:07:08.908+0000] GC(328) Pause Young (Normal) (G1 Evacuation Pause)
[2025-08-01T01:07:08.908+0000] GC(328) Using 8 workers of 8 for evacuation
[2025-08-01T01:07:08.938+0000] GC(328)   Pre Evacuate Collection Set: 0.3ms
[2025-08-01T01:07:08.938+0000] GC(328)   Merge Heap Roots: 0.1ms
[2025-08-01T01:07:08.938+0000] GC(328)   Evacuate Collection Set: 28.6ms
[2025-08-01T01:07:08.938+0000] GC(328)   Post Evacuate Collection Set: 0.9ms
[2025-08-01T01:07:08.938+0000] GC(328)   Other: 0.2ms
[2025-08-01T01:07:08.938+0000] GC(328) Eden regions: 89->0(249)
[2025-08-01T01:07:08.938+0000] GC(328) Survivor regions: 13->13(13)
[2025-08-01T01:07:08.938+0000] GC(328) Old regions: 955->1047
[2025-08-01T01:07:08.938+0000] GC(328) Archive regions: 2->2
[2025-08-01T01:07:08.938+0000] GC(328) Humongous regions: 0->0
[2025-08-01T01:07:08.938+0000] GC(328) Metaspace: 10061K(10304K)->10061K(10304K) NonClass: 8835K(8960K)->8835K(8960K) Class: 1225K(1344K)->1225K(1344K)
[2025-08-01T01:07:08.938+0000] GC(328) Pause Young (Normal) (G1 Evacuation Pause) 2115M->2120M(4096M) 30.180ms
[2025-08-01T01:07:08.938+0000] GC(328) User=0.22s Sys=0.00s Real=0.03s
[2025-08-01T01:07:09.024+0000] GC(329) Pause Young (Normal) (G1 Evacuation Pause)
[2025-08-01T01:07:09.024+0000] GC(329) Using 8 workers of 8 for evacuation
[2025-08-01T01:07:09.113+0000] GC(329)   Pre Evacuate Collection Set: 0.4ms
[2025-08-01T01:07:09.114+0000] GC(329)   Merge Heap Roots: 0.2ms
[2025-08-01T01:07:09.114+0000] GC(329)   Evacuate Collection Set: 87.5ms
[2025-08-01T01:07:09.114+0000] GC(329)   Post Evacuate Collection Set: 1.0ms
[2025-08-01T01:07:09.114+0000] GC(329)   Other: 0.2ms
[2025-08-01T01:07:09.114+0000] GC(329) Eden regions: 249->0(165)
[2025-08-01T01:07:09.114+0000] GC(329) Survivor regions: 13->33(33)
[2025-08-01T01:07:09.114+0000] GC(329) Old regions: 1047->1277
[2025-08-01T01:07:09.114+0000] GC(329) Archive regions: 2->2
[2025-08-01T01:07:09.114+0000] GC(329) Humongous regions: 0->0
[2025-08-01T01:07:09.114+0000] GC(329) Metaspace: 10061K(10304K)->10061K(10304K) NonClass: 8835K(8960K)->8835K(8960K) Class: 1225K(1344K)->1225K(1344K)
[2025-08-01T01:07:09.114+0000] GC(329) Pause Young (Normal) (G1 Evacuation Pause) 2618M->2620M(4096M) 89.464ms
[2025-08-01T01:07:09.114+0000] GC(329) User=0.67s Sys=0.02s Real=0.09s
[2025-08-01T01:07:09.187+0000] GC(330) Pause Young (Normal) (G1 Evacuation Pause)
[2025-08-01T01:07:09.187+0000] GC(330) Using 8 workers of 8 for evacuation
[2025-08-01T01:07:09.263+0000] GC(330)   Pre Evacuate Collection Set: 0.6ms
[2025-08-01T01:07:09.263+0000] GC(330)   Merge Heap Roots: 0.2ms
[2025-08-01T01:07:09.263+0000] GC(330)   Evacuate Collection Set: 73.6ms
[2025-08-01T01:07:09.263+0000] GC(330)   Post Evacuate Collection Set: 1.1ms
[2025-08-01T01:07:09.263+0000] GC(330)   Other: 0.2ms
[2025-08-01T01:07:09.263+0000] GC(330) Eden regions: 165->0(113)
[2025-08-01T01:07:09.263+0000] GC(330) Survivor regions: 33->25(25)
[2025-08-01T01:07:09.263+0000] GC(330) Old regions: 1277->1451
[2025-08-01T01:07:09.263+0000] GC(330) Archive regions: 2->2
[2025-08-01T01:07:09.263+0000] GC(330) Humongous regions: 0->0
[2025-08-01T01:07:09.263+0000] GC(330) Metaspace: 10061K(10304K)->10061K(10304K) NonClass: 8835K(8960K)->8835K(8960K) Class: 1225K(1344K)->1225K(1344K)
[2025-08-01T01:07:09.263+0000] GC(330) Pause Young (Normal) (G1 Evacuation Pause) 2950M->2953M(4096M) 75.838ms
[2025-08-01T01:07:09.263+0000] GC(330) User=0.56s Sys=0.03s Real=0.07s
[2025-08-01T01:07:09.284+0000] GC(331) Pause Young (Normal) (G1 Evacuation Pause)
[2025-08-01T01:07:09.285+0000] GC(331) Using 8 workers of 8 for evacuation
[2025-08-01T01:07:09.330+0000] GC(331)   Pre Evacuate Collection Set: 0.8ms
[2025-08-01T01:07:09.331+0000] GC(331)   Merge Heap Roots: 0.1ms
[2025-08-01T01:07:09.331+0000] GC(331)   Evacuate Collection Set: 44.1ms
[2025-08-01T01:07:09.331+0000] GC(331)   Post Evacuate Collection Set: 0.8ms
[2025-08-01T01:07:09.331+0000] GC(331)   Other: 0.2ms
[2025-08-01T01:07:09.331+0000] GC(331) Eden regions: 113->0(84)
[2025-08-01T01:07:09.331+0000] GC(331) Survivor regions: 25->18(18)
[2025-08-01T01:07:09.331+0000] GC(331) Old regions: 1451->1573
[2025-08-01T01:07:09.331+0000] GC(331) Archive regions: 2->2
[2025-08-01T01:07:09.331+0000] GC(331) Humongous regions: 0->0
[2025-08-01T01:07:09.331+0000] GC(331) Metaspace: 10061K(10304K)->10061K(10304K) NonClass: 8835K(8960K)->8835K(8960K) Class: 1225K(1344K)->1225K(1344K)
[2025-08-01T01:07:09.331+0000] GC(331) Pause Young (Normal) (G1 Evacuation Pause) 3179M->3182M(4096M) 46.188ms
[2025-08-01T01:07:09.331+0000] GC(331) User=0.35s Sys=0.01s Real=0.04s
[2025-08-01T01:07:09.363+0000] GC(323) Concurrent Rebuild Remembered Sets 481.749ms
[2025-08-01T01:07:09.363+0000] GC(323) Pause Cleanup
[2025-08-01T01:07:09.364+0000] GC(323) Pause Cleanup 3271M->3271M(4096M) 0.806ms
[2025-08-01T01:07:09.364+0000] GC(323) User=0.00s Sys=0.00s Real=0.00s
[2025-08-01T01:07:09.364+0000] GC(323) Concurrent Cleanup for Next Mark
[2025-08-01T01:07:09.372+0000] GC(323) Concurrent Cleanup for Next Mark 7.273ms
[2025-08-01T01:07:09.372+0000] GC(323) Concurrent Mark Cycle 779.831ms
[2025-08-01T01:07:09.393+0000] GC(332) Pause Young (Prepare Mixed) (G1 Evacuation Pause)
[2025-08-01T01:07:09.393+0000] GC(332) Using 8 workers of 8 for evacuation
[2025-08-01T01:07:09.437+0000] GC(332)   Pre Evacuate Collection Set: 0.4ms
[2025-08-01T01:07:09.437+0000] GC(332)   Merge Heap Roots: 0.2ms
[2025-08-01T01:07:09.437+0000] GC(332)   Evacuate Collection Set: 42.2ms
[2025-08-01T01:07:09.437+0000] GC(332)   Post Evacuate Collection Set: 1.0ms
[2025-08-01T01:07:09.437+0000] GC(332)   Other: 0.2ms
[2025-08-01T01:07:09.437+0000] GC(332) Eden regions: 84->0(89)
[2025-08-01T01:07:09.437+0000] GC(332) Survivor regions: 18->13(13)
[2025-08-01T01:07:09.437+0000] GC(332) Old regions: 1573->1664
[2025-08-01T01:07:09.437+0000] GC(332) Archive regions: 2->2
[2025-08-01T01:07:09.437+0000] GC(332) Humongous regions: 0->0
[2025-08-01T01:07:09.437+0000] GC(332) Metaspace: 10061K(10304K)->10061K(10304K) NonClass: 8835K(8960K)->8835K(8960K) Class: 1225K(1344K)->1225K(1344K)
[2025-08-01T01:07:09.437+0000] GC(332) Pause Young (Prepare Mixed) (G1 Evacuation Pause) 3350M->3354M(4096M) 44.271ms
[2025-08-01T01:07:09.437+0000] GC(332) User=0.32s Sys=0.02s Real=0.05s
[2025-08-01T01:07:09.453+0000] GC(333) Pause Young (Mixed) (G1 Evacuation Pause)
[2025-08-01T01:07:09.453+0000] GC(333) Using 8 workers of 8 for evacuation
[2025-08-01T01:07:09.483+0000] GC(333)   Pre Evacuate Collection Set: 0.5ms
[2025-08-01T01:07:09.483+0000] GC(333)   Merge Heap Roots: 0.2ms
[2025-08-01T01:07:09.483+0000] GC(333)   Evacuate Collection Set: 28.4ms
[2025-08-01T01:07:09.483+0000] GC(333)   Post Evacuate Collection Set: 0.7ms
[2025-08-01T01:07:09.483+0000] GC(333)   Other: 0.2ms
[2025-08-01T01:07:09.483+0000] GC(333) Eden regions: 89->0(89)
[2025-08-01T01:07:09.483+0000] GC(333) Survivor regions: 13->13(13)
[2025-08-01T01:07:09.483+0000] GC(333) Old regions: 1664->1725
[2025-08-01T01:07:09.483+0000] GC(333) Archive regions: 2->2
[2025-08-01T01:07:09.483+0000] GC(333) Humongous regions: 0->0
[2025-08-01T01:07:09.483+0000] GC(333) Metaspace: 10061K(10304K)->10061K(10304K) NonClass: 8835K(8960K)->8835K(8960K) Class: 1225K(1344K)->1225K(1344K)
[2025-08-01T01:07:09.483+0000] GC(333) Pause Young (Mixed) (G1 Evacuation Pause) 3532M->3477M(4096M) 30.068ms
[2025-08-01T01:07:09.483+0000] GC(333) User=0.21s Sys=0.01s Real=0.03s
[2025-08-01T01:07:09.516+0000] GC(334) Pause Young (Concurrent Start) (G1 Evacuation Pause)
[2025-08-01T01:07:09.516+0000] GC(334) Using 8 workers of 8 for evacuation
[2025-08-01T01:07:09.531+0000] GC(334)   Pre Evacuate Collection Set: 0.4ms
[2025-08-01T01:07:09.531+0000] GC(334)   Merge Heap Roots: 0.2ms
[2025-08-01T01:07:09.531+0000] GC(334)   Evacuate Collection Set: 13.9ms
[2025-08-01T01:07:09.531+0000] GC(334)   Post Evacuate Collection Set: 0.7ms
[2025-08-01T01:07:09.531+0000] GC(334)   Other: 0.3ms
[2025-08-01T01:07:09.531+0000] GC(334) Eden regions: 89->0(89)
[2025-08-01T01:07:09.531+0000] GC(334) Survivor regions: 13->13(13)
[2025-08-01T01:07:09.531+0000] GC(334) Old regions: 1725->1751
[2025-08-01T01:07:09.531+0000] GC(334) Archive regions: 2->2
[2025-08-01T01:07:09.531+0000] GC(334) Humongous regions: 0->0
[2025-08-01T01:07:09.531+0000] GC(334) Metaspace: 10061K(10304K)->10061K(10304K) NonClass: 8835K(8960K)->8835K(8960K) Class: 1225K(1344K)->1225K(1344K)
[2025-08-01T01:07:09.531+0000] GC(334) Pause Young (Concurrent Start) (G1 Evacuation Pause) 3655M->3529M(4096M) 15.639ms
[2025-08-01T01:07:09.532+0000] GC(334) User=0.10s Sys=0.01s Real=0.01s
[2025-08-01T01:07:09.532+0000] GC(335) Concurrent Mark Cycle
[2025-08-01T01:07:09.532+0000] GC(335) Concurrent Clear Claimed Marks
[2025-08-01T01:07:09.532+0000] GC(335) Concurrent Clear Claimed Marks 0.026ms
[2025-08-01T01:07:09.532+0000] GC(335) Concurrent Scan Root Regions
[2025-08-01T01:07:09.538+0000] GC(335) Concurrent Scan Root Regions 6.576ms
[2025-08-01T01:07:09.538+0000] GC(335) Concurrent Mark
[2025-08-01T01:07:09.538+0000] GC(335) Concurrent Mark From Roots
[2025-08-01T01:07:09.538+0000] GC(335) Using 2 workers of 2 for marking
[2025-08-01T01:07:09.559+0000] GC(336) Pause Young (Normal) (G1 Evacuation Pause)
[2025-08-01T01:07:09.559+0000] GC(336) Using 8 workers of 8 for evacuation
[2025-08-01T01:07:09.590+0000] GC(336)   Pre Evacuate Collection Set: 0.5ms
[2025-08-01T01:07:09.590+0000] GC(336)   Merge Heap Roots: 0.2ms
[2025-08-01T01:07:09.590+0000] GC(336)   Evacuate Collection Set: 29.7ms
[2025-08-01T01:07:09.590+0000] GC(336)   Post Evacuate Collection Set: 0.6ms
[2025-08-01T01:07:09.590+0000] GC(336)   Other: 0.2ms
[2025-08-01T01:07:09.590+0000] GC(336) Eden regions: 89->0(89)
[2025-08-01T01:07:09.590+0000] GC(336) Survivor regions: 13->13(13)
[2025-08-01T01:07:09.590+0000] GC(336) Old regions: 1751->1842
[2025-08-01T01:07:09.590+0000] GC(336) Archive regions: 2->2
[2025-08-01T01:07:09.590+0000] GC(336) Humongous regions: 0->0
[2025-08-01T01:07:09.590+0000] GC(336) Metaspace: 10061K(10304K)->10061K(10304K) NonClass: 8835K(8960K)->8835K(8960K) Class: 1225K(1344K)->1225K(1344K)
[2025-08-01T01:07:09.590+0000] GC(336) Pause Young (Normal) (G1 Evacuation Pause) 3707M->3710M(4096M) 31.318ms
[2025-08-01T01:07:09.590+0000] GC(336) User=0.23s Sys=0.01s Real=0.03s
[2025-08-01T01:07:09.593+0000] GC(335) Concurrent Mark From Roots 54.621ms
[2025-08-01T01:07:09.593+0000] GC(335) Concurrent Preclean
[2025-08-01T01:07:09.593+0000] GC(335) Concurrent Preclean 0.350ms
[2025-08-01T01:07:09.594+0000] GC(335) Pause Remark
[2025-08-01T01:07:09.600+0000] GC(335) Pause Remark 3746M->414M(4096M) 6.315ms
[2025-08-01T01:07:09.600+0000] GC(335) User=0.01s Sys=0.00s Real=0.00s
[2025-08-01T01:07:09.600+0000] GC(335) Concurrent Mark 61.837ms
[2025-08-01T01:07:09.600+0000] GC(335) Concurrent Rebuild Remembered Sets
[2025-08-01T01:07:09.615+0000] GC(337) Pause Young (Normal) (G1 Evacuation Pause)
[2025-08-01T01:07:09.615+0000] GC(337) Using 8 workers of 8 for evacuation
[2025-08-01T01:07:09.645+0000] GC(337)   Pre Evacuate Collection Set: 0.3ms
[2025-08-01T01:07:09.645+0000] GC(337)   Merge Heap Roots: 0.1ms
[2025-08-01T01:07:09.645+0000] GC(337)   Evacuate Collection Set: 27.5ms
[2025-08-01T01:07:09.645+0000] GC(337)   Post Evacuate Collection Set: 1.6ms
[2025-08-01T01:07:09.645+0000] GC(337)   Other: 0.1ms
[2025-08-01T01:07:09.645+0000] GC(337) Eden regions: 89->0(564)
[2025-08-01T01:07:09.645+0000] GC(337) Survivor regions: 13->13(13)
[2025-08-01T01:07:09.645+0000] GC(337) Old regions: 176->266
[2025-08-01T01:07:09.645+0000] GC(337) Archive regions: 2->2
[2025-08-01T01:07:09.645+0000] GC(337) Humongous regions: 0->0
[2025-08-01T01:07:09.645+0000] GC(337) Metaspace: 10061K(10304K)->10061K(10304K) NonClass: 8835K(8960K)->8835K(8960K) Class: 1225K(1344K)->1225K(1344K)
[2025-08-01T01:07:09.645+0000] GC(337) Pause Young (Normal) (G1 Evacuation Pause) 556M->558M(4096M) 29.889ms
[2025-08-01T01:07:09.645+0000] GC(337) User=0.22s Sys=0.00s Real=0.03s
[2025-08-01T01:07:09.666+0000] GC(335) Concurrent Rebuild Remembered Sets 65.460ms
[2025-08-01T01:07:09.666+0000] GC(335) Pause Cleanup
[2025-08-01T01:07:09.667+0000] GC(335) Pause Cleanup 651M->651M(4096M) 0.604ms
[2025-08-01T01:07:09.667+0000] GC(335) User=0.00s Sys=0.00s Real=0.00s
[2025-08-01T01:07:09.667+0000] GC(335) Concurrent Cleanup for Next Mark
[2025-08-01T01:07:09.679+0000] GC(335) Concurrent Cleanup for Next Mark 12.662ms
[2025-08-01T01:07:09.679+0000] GC(335) Concurrent Mark Cycle 147.810ms
[2025-08-01T01:07:09.905+0000] GC(338) Pause Young (Prepare Mixed) (G1 Evacuation Pause)
[2025-08-01T01:07:09.905+0000] GC(338) Using 8 workers of 8 for evacuation
[2025-08-01T01:07:10.110+0000] GC(338) MMU target violated: 201.0ms (200.0ms/201.0ms)
[2025-08-01T01:07:10.110+0000] GC(338)   Pre Evacuate Collection Set: 0.7ms
[2025-08-01T01:07:10.110+0000] GC(338)   Merge Heap Roots: 1.1ms
[2025-08-01T01:07:10.110+0000] GC(338)   Evacuate Collection Set: 202.2ms
[2025-08-01T01:07:10.110+0000] GC(338)   Post Evacuate Collection Set: 1.0ms
[2025-08-01T01:07:10.110+0000] GC(338)   Other: 0.3ms
[2025-08-01T01:07:10.110+0000] GC(338) Eden regions: 564->0(29)
[2025-08-01T01:07:10.110+0000] GC(338) Survivor regions: 13->73(73)
[2025-08-01T01:07:10.110+0000] GC(338) Old regions: 266->622
[2025-08-01T01:07:10.110+0000] GC(338) Archive regions: 2->2
[2025-08-01T01:07:10.110+0000] GC(338) Humongous regions: 0->0
[2025-08-01T01:07:10.110+0000] GC(338) Metaspace: 10061K(10304K)->10061K(10304K) NonClass: 8835K(8960K)->8835K(8960K) Class: 1225K(1344K)->1225K(1344K)
[2025-08-01T01:07:10.110+0000] GC(338) Pause Young (Prepare Mixed) (G1 Evacuation Pause) 1686M->1391M(4096M) 205.306ms
[2025-08-01T01:07:10.110+0000] GC(338) User=1.50s Sys=0.09s Real=0.20s
[2025-08-01T01:07:10.115+0000] GC(339) Pause Young (Mixed) (G1 Evacuation Pause)
[2025-08-01T01:07:10.115+0000] GC(339) Using 8 workers of 8 for evacuation
[2025-08-01T01:07:10.151+0000] GC(339)   Pre Evacuate Collection Set: 0.5ms
[2025-08-01T01:07:10.151+0000] GC(339)   Merge Heap Roots: 0.3ms
[2025-08-01T01:07:10.151+0000] GC(339)   Evacuate Collection Set: 34.5ms
[2025-08-01T01:07:10.151+0000] GC(339)   Post Evacuate Collection Set: 0.8ms
[2025-08-01T01:07:10.151+0000] GC(339)   Other: 0.2ms
[2025-08-01T01:07:10.151+0000] GC(339) Eden regions: 29->0(379)
[2025-08-01T01:07:10.151+0000] GC(339) Survivor regions: 73->13(13)
[2025-08-01T01:07:10.151+0000] GC(339) Old regions: 622->706
[2025-08-01T01:07:10.151+0000] GC(339) Archive regions: 2->2
[2025-08-01T01:07:10.152+0000] GC(339) Humongous regions: 0->0
[2025-08-01T01:07:10.152+0000] GC(339) Metaspace: 10061K(10304K)->10061K(10304K) NonClass: 8835K(8960K)->8835K(8960K) Class: 1225K(1344K)->1225K(1344K)
[2025-08-01T01:07:10.152+0000] GC(339) Pause Young (Mixed) (G1 Evacuation Pause) 1449M->1438M(4096M) 36.545ms
[2025-08-01T01:07:10.152+0000] GC(339) User=0.26s Sys=0.01s Real=0.03s
[2025-08-01T01:07:10.319+0000] GC(340) Pause Young (Concurrent Start) (G1 Evacuation Pause)
[2025-08-01T01:07:10.319+0000] GC(340) Using 8 workers of 8 for evacuation
[2025-08-01T01:07:10.422+0000] GC(340)   Pre Evacuate Collection Set: 0.4ms
[2025-08-01T01:07:10.422+0000] GC(340)   Merge Heap Roots: 0.2ms
[2025-08-01T01:07:10.422+0000] GC(340)   Evacuate Collection Set: 101.0ms
[2025-08-01T01:07:10.422+0000] GC(340)   Post Evacuate Collection Set: 1.6ms
[2025-08-01T01:07:10.422+0000] GC(340)   Other: 0.4ms
[2025-08-01T01:07:10.422+0000] GC(340) Eden regions: 379->0(277)
[2025-08-01T01:07:10.422+0000] GC(340) Survivor regions: 13->49(49)
[2025-08-01T01:07:10.422+0000] GC(340) Old regions: 706->940
[2025-08-01T01:07:10.422+0000] GC(340) Archive regions: 2->2
[2025-08-01T01:07:10.422+0000] GC(340) Humongous regions: 0->0
[2025-08-01T01:07:10.423+0000] GC(340) Metaspace: 10061K(10304K)->10061K(10304K) NonClass: 8835K(8960K)->8835K(8960K) Class: 1225K(1344K)->1225K(1344K)
[2025-08-01T01:07:10.423+0000] GC(340) Pause Young (Concurrent Start) (G1 Evacuation Pause) 2196M->1979M(4096M) 103.780ms
[2025-08-01T01:07:10.423+0000] GC(340) User=0.75s Sys=0.03s Real=0.10s
[2025-08-01T01:07:10.423+0000] GC(341) Concurrent Mark Cycle
[2025-08-01T01:07:10.423+0000] GC(341) Concurrent Clear Claimed Marks
[2025-08-01T01:07:10.423+0000] GC(341) Concurrent Clear Claimed Marks 0.033ms
[2025-08-01T01:07:10.423+0000] GC(341) Concurrent Scan Root Regions
[2025-08-01T01:07:10.478+0000] GC(341) Concurrent Scan Root Regions 54.963ms
[2025-08-01T01:07:10.478+0000] GC(341) Concurrent Mark
[2025-08-01T01:07:10.478+0000] GC(341) Concurrent Mark From Roots
[2025-08-01T01:07:10.478+0000] GC(341) Using 2 workers of 2 for marking
[2025-08-01T01:07:10.489+0000] GC(341) Concurrent Mark From Roots 10.897ms
[2025-08-01T01:07:10.489+0000] GC(341) Concurrent Preclean
[2025-08-01T01:07:10.489+0000] GC(341) Concurrent Preclean 0.329ms
[2025-08-01T01:07:10.490+0000] GC(341) Pause Remark
[2025-08-01T01:07:10.493+0000] GC(341) Pause Remark 2265M->987M(4096M) 3.086ms
[2025-08-01T01:07:10.493+0000] GC(341) User=0.00s Sys=0.01s Real=0.01s
[2025-08-01T01:07:10.493+0000] GC(341) Concurrent Mark 15.454ms
[2025-08-01T01:07:10.493+0000] GC(341) Concurrent Rebuild Remembered Sets
[2025-08-01T01:07:10.520+0000] GC(342) Pause Young (Normal) (G1 Evacuation Pause)
[2025-08-01T01:07:10.520+0000] GC(342) Using 8 workers of 8 for evacuation
[2025-08-01T01:07:10.610+0000] GC(342)   Pre Evacuate Collection Set: 0.3ms
[2025-08-01T01:07:10.610+0000] GC(342)   Merge Heap Roots: 0.2ms
[2025-08-01T01:07:10.610+0000] GC(342)   Evacuate Collection Set: 89.3ms
[2025-08-01T01:07:10.610+0000] GC(342)   Post Evacuate Collection Set: 0.9ms
[2025-08-01T01:07:10.610+0000] GC(342)   Other: 0.1ms
[2025-08-01T01:07:10.610+0000] GC(342) Eden regions: 277->0(417)
[2025-08-01T01:07:10.610+0000] GC(342) Survivor regions: 49->41(41)
[2025-08-01T01:07:10.610+0000] GC(342) Old regions: 301->587
[2025-08-01T01:07:10.610+0000] GC(342) Archive regions: 2->2
[2025-08-01T01:07:10.610+0000] GC(342) Humongous regions: 0->0
[2025-08-01T01:07:10.610+0000] GC(342) Metaspace: 10061K(10304K)->10061K(10304K) NonClass: 8835K(8960K)->8835K(8960K) Class: 1225K(1344K)->1225K(1344K)
[2025-08-01T01:07:10.610+0000] GC(342) Pause Young (Normal) (G1 Evacuation Pause) 1255M->1257M(4096M) 90.948ms
[2025-08-01T01:07:10.610+0000] GC(342) User=0.71s Sys=0.00s Real=0.09s
[2025-08-01T01:07:10.645+0000] GC(341) Concurrent Rebuild Remembered Sets 151.620ms
[2025-08-01T01:07:10.645+0000] GC(341) Pause Cleanup
[2025-08-01T01:07:10.645+0000] GC(341) Pause Cleanup 1405M->1405M(4096M) 0.316ms
[2025-08-01T01:07:10.645+0000] GC(341) User=0.00s Sys=0.00s Real=0.00s
[2025-08-01T01:07:10.645+0000] GC(341) Concurrent Cleanup for Next Mark
[2025-08-01T01:07:10.653+0000] GC(341) Concurrent Cleanup for Next Mark 7.105ms
[2025-08-01T01:07:10.653+0000] GC(341) Concurrent Mark Cycle 229.796ms
[2025-08-01T01:07:10.780+0000] GC(343) Pause Young (Prepare Mixed) (G1 Evacuation Pause)
[2025-08-01T01:07:10.780+0000] GC(343) Using 8 workers of 8 for evacuation
[2025-08-01T01:07:10.850+0000] GC(343)   Pre Evacuate Collection Set: 1.2ms
[2025-08-01T01:07:10.850+0000] GC(343)   Merge Heap Roots: 0.2ms
[2025-08-01T01:07:10.850+0000] GC(343)   Evacuate Collection Set: 67.7ms
[2025-08-01T01:07:10.851+0000] GC(343)   Post Evacuate Collection Set: 1.0ms
[2025-08-01T01:07:10.851+0000] GC(343)   Other: 0.2ms
[2025-08-01T01:07:10.851+0000] GC(343) Eden regions: 417->0(44)
[2025-08-01T01:07:10.851+0000] GC(343) Survivor regions: 41->58(58)
[2025-08-01T01:07:10.851+0000] GC(343) Old regions: 587->710
[2025-08-01T01:07:10.851+0000] GC(343) Archive regions: 2->2
[2025-08-01T01:07:10.851+0000] GC(343) Humongous regions: 0->0
[2025-08-01T01:07:10.851+0000] GC(343) Metaspace: 10061K(10304K)->10061K(10304K) NonClass: 8835K(8960K)->8835K(8960K) Class: 1225K(1344K)->1225K(1344K)
[2025-08-01T01:07:10.851+0000] GC(343) Pause Young (Prepare Mixed) (G1 Evacuation Pause) 2091M->1537M(4096M) 70.533ms
[2025-08-01T01:07:10.851+0000] GC(343) User=0.52s Sys=0.01s Real=0.07s
[2025-08-01T01:07:10.859+0000] GC(344) Pause Young (Mixed) (G1 Evacuation Pause)
[2025-08-01T01:07:10.859+0000] GC(344) Using 8 workers of 8 for evacuation
[2025-08-01T01:07:10.884+0000] GC(344)   Pre Evacuate Collection Set: 0.5ms
[2025-08-01T01:07:10.884+0000] GC(344)   Merge Heap Roots: 0.3ms
[2025-08-01T01:07:10.884+0000] GC(344)   Evacuate Collection Set: 23.8ms
[2025-08-01T01:07:10.884+0000] GC(344)   Post Evacuate Collection Set: 0.7ms
[2025-08-01T01:07:10.884+0000] GC(344)   Other: 0.1ms
[2025-08-01T01:07:10.884+0000] GC(344) Eden regions: 44->0(374)
[2025-08-01T01:07:10.884+0000] GC(344) Survivor regions: 58->13(13)
[2025-08-01T01:07:10.884+0000] GC(344) Old regions: 710->770
[2025-08-01T01:07:10.884+0000] GC(344) Archive regions: 2->2
[2025-08-01T01:07:10.884+0000] GC(344) Humongous regions: 0->0
[2025-08-01T01:07:10.884+0000] GC(344) Metaspace: 10061K(10304K)->10061K(10304K) NonClass: 8835K(8960K)->8835K(8960K) Class: 1225K(1344K)->1225K(1344K)
[2025-08-01T01:07:10.884+0000] GC(344) Pause Young (Mixed) (G1 Evacuation Pause) 1625M->1566M(4096M) 25.546ms
[2025-08-01T01:07:10.884+0000] GC(344) User=0.17s Sys=0.01s Real=0.03s
[2025-08-01T01:07:11.035+0000] GC(345) Pause Young (Concurrent Start) (G1 Evacuation Pause)
[2025-08-01T01:07:11.035+0000] GC(345) Using 8 workers of 8 for evacuation
[2025-08-01T01:07:11.216+0000] GC(345)   Pre Evacuate Collection Set: 0.7ms
[2025-08-01T01:07:11.216+0000] GC(345)   Merge Heap Roots: 0.9ms
[2025-08-01T01:07:11.216+0000] GC(345)   Evacuate Collection Set: 178.5ms
[2025-08-01T01:07:11.216+0000] GC(345)   Post Evacuate Collection Set: 1.1ms
[2025-08-01T01:07:11.216+0000] GC(345)   Other: 0.4ms
[2025-08-01T01:07:11.216+0000] GC(345) Eden regions: 374->0(216)
[2025-08-01T01:07:11.216+0000] GC(345) Survivor regions: 13->49(49)
[2025-08-01T01:07:11.216+0000] GC(345) Old regions: 770->1109
[2025-08-01T01:07:11.216+0000] GC(345) Archive regions: 2->2
[2025-08-01T01:07:11.216+0000] GC(345) Humongous regions: 0->0
[2025-08-01T01:07:11.216+0000] GC(345) Metaspace: 10061K(10304K)->10061K(10304K) NonClass: 8835K(8960K)->8835K(8960K) Class: 1225K(1344K)->1225K(1344K)
[2025-08-01T01:07:11.216+0000] GC(345) Pause Young (Concurrent Start) (G1 Evacuation Pause) 2314M->2316M(4096M) 181.717ms
[2025-08-01T01:07:11.216+0000] GC(345) User=1.35s Sys=0.04s Real=0.18s
[2025-08-01T01:07:11.216+0000] GC(346) Concurrent Mark Cycle
[2025-08-01T01:07:11.216+0000] GC(346) Concurrent Clear Claimed Marks
[2025-08-01T01:07:11.217+0000] GC(346) Concurrent Clear Claimed Marks 0.014ms
[2025-08-01T01:07:11.217+0000] GC(346) Concurrent Scan Root Regions
[2025-08-01T01:07:11.298+0000] GC(346) Concurrent Scan Root Regions 80.985ms
[2025-08-01T01:07:11.298+0000] GC(346) Concurrent Mark
[2025-08-01T01:07:11.298+0000] GC(346) Concurrent Mark From Roots
[2025-08-01T01:07:11.298+0000] GC(346) Using 2 workers of 2 for marking
[2025-08-01T01:07:11.301+0000] GC(347) Pause Young (Normal) (G1 Evacuation Pause)
[2025-08-01T01:07:11.301+0000] GC(347) Using 8 workers of 8 for evacuation
[2025-08-01T01:07:11.403+0000] GC(347)   Pre Evacuate Collection Set: 0.6ms
[2025-08-01T01:07:11.403+0000] GC(347)   Merge Heap Roots: 0.2ms
[2025-08-01T01:07:11.403+0000] GC(347)   Evacuate Collection Set: 100.0ms
[2025-08-01T01:07:11.403+0000] GC(347)   Post Evacuate Collection Set: 1.1ms
[2025-08-01T01:07:11.403+0000] GC(347)   Other: 0.3ms
[2025-08-01T01:07:11.403+0000] GC(347) Eden regions: 216->0(144)
[2025-08-01T01:07:11.403+0000] GC(347) Survivor regions: 49->34(34)
[2025-08-01T01:07:11.403+0000] GC(347) Old regions: 1109->1342
[2025-08-01T01:07:11.403+0000] GC(347) Archive regions: 2->2
[2025-08-01T01:07:11.403+0000] GC(347) Humongous regions: 0->0
[2025-08-01T01:07:11.403+0000] GC(347) Metaspace: 10061K(10304K)->10061K(10304K) NonClass: 8835K(8960K)->8835K(8960K) Class: 1225K(1344K)->1225K(1344K)
[2025-08-01T01:07:11.403+0000] GC(347) Pause Young (Normal) (G1 Evacuation Pause) 2748M->2752M(4096M) 102.204ms
[2025-08-01T01:07:11.403+0000] GC(347) User=0.74s Sys=0.03s Real=0.11s
[2025-08-01T01:07:11.445+0000] GC(346) Concurrent Mark From Roots 147.439ms
[2025-08-01T01:07:11.445+0000] GC(346) Concurrent Preclean
[2025-08-01T01:07:11.445+0000] GC(346) Concurrent Preclean 0.169ms
[2025-08-01T01:07:11.445+0000] GC(346) Pause Remark
[2025-08-01T01:07:11.448+0000] GC(346) Pause Remark 2968M->1848M(4096M) 2.390ms
[2025-08-01T01:07:11.448+0000] GC(346) User=0.01s Sys=0.00s Real=0.00s
[2025-08-01T01:07:11.448+0000] GC(346) Concurrent Mark 150.192ms
[2025-08-01T01:07:11.448+0000] GC(346) Concurrent Rebuild Remembered Sets
[2025-08-01T01:07:11.474+0000] GC(348) Pause Young (Normal) (G1 Evacuation Pause)
[2025-08-01T01:07:11.474+0000] GC(348) Using 8 workers of 8 for evacuation
[2025-08-01T01:07:11.514+0000] GC(348)   Pre Evacuate Collection Set: 0.5ms
[2025-08-01T01:07:11.514+0000] GC(348)   Merge Heap Roots: 0.3ms
[2025-08-01T01:07:11.514+0000] GC(348)   Evacuate Collection Set: 38.1ms
[2025-08-01T01:07:11.514+0000] GC(348)   Post Evacuate Collection Set: 1.2ms
[2025-08-01T01:07:11.514+0000] GC(348)   Other: 0.2ms
[2025-08-01T01:07:11.514+0000] GC(348) Eden regions: 144->0(313)
[2025-08-01T01:07:11.514+0000] GC(348) Survivor regions: 34->23(23)
[2025-08-01T01:07:11.514+0000] GC(348) Old regions: 782->858
[2025-08-01T01:07:11.514+0000] GC(348) Archive regions: 2->2
[2025-08-01T01:07:11.514+0000] GC(348) Humongous regions: 0->0
[2025-08-01T01:07:11.514+0000] GC(348) Metaspace: 10061K(10304K)->10061K(10304K) NonClass: 8835K(8960K)->8835K(8960K) Class: 1225K(1344K)->1225K(1344K)
[2025-08-01T01:07:11.515+0000] GC(348) Pause Young (Normal) (G1 Evacuation Pause) 1920M->1762M(4096M) 40.333ms
[2025-08-01T01:07:11.515+0000] GC(348) User=0.30s Sys=0.01s Real=0.04s
[2025-08-01T01:07:11.616+0000] GC(349) Pause Young (Normal) (G1 Evacuation Pause)
[2025-08-01T01:07:11.616+0000] GC(349) Using 8 workers of 8 for evacuation
[2025-08-01T01:07:11.700+0000] GC(349)   Pre Evacuate Collection Set: 0.4ms
[2025-08-01T01:07:11.700+0000] GC(349)   Merge Heap Roots: 0.2ms
[2025-08-01T01:07:11.700+0000] GC(349)   Evacuate Collection Set: 82.9ms
[2025-08-01T01:07:11.700+0000] GC(349)   Post Evacuate Collection Set: 0.8ms
[2025-08-01T01:07:11.700+0000] GC(349)   Other: 0.2ms
[2025-08-01T01:07:11.701+0000] GC(349) Eden regions: 313->0(239)
[2025-08-01T01:07:11.701+0000] GC(349) Survivor regions: 23->42(42)
[2025-08-01T01:07:11.701+0000] GC(349) Old regions: 858->1059
[2025-08-01T01:07:11.701+0000] GC(349) Archive regions: 2->2
[2025-08-01T01:07:11.701+0000] GC(349) Humongous regions: 0->0
[2025-08-01T01:07:11.701+0000] GC(349) Metaspace: 10061K(10304K)->10061K(10304K) NonClass: 8835K(8960K)->8835K(8960K) Class: 1225K(1344K)->1225K(1344K)
[2025-08-01T01:07:11.701+0000] GC(349) Pause Young (Normal) (G1 Evacuation Pause) 2388M->2203M(4096M) 84.525ms
[2025-08-01T01:07:11.701+0000] GC(349) User=0.57s Sys=0.02s Real=0.08s
[2025-08-01T01:07:11.745+0000] GC(346) Concurrent Rebuild Remembered Sets 297.670ms
[2025-08-01T01:07:11.746+0000] GC(346) Pause Cleanup
[2025-08-01T01:07:11.746+0000] GC(346) Pause Cleanup 2409M->2409M(4096M) 0.840ms
[2025-08-01T01:07:11.747+0000] GC(346) User=0.00s Sys=0.00s Real=0.00s
[2025-08-01T01:07:11.747+0000] GC(346) Concurrent Cleanup for Next Mark
[2025-08-01T01:07:11.755+0000] GC(346) Concurrent Cleanup for Next Mark 7.962ms
[2025-08-01T01:07:11.755+0000] GC(346) Concurrent Mark Cycle 538.099ms
[2025-08-01T01:07:11.784+0000] GC(350) Pause Young (Prepare Mixed) (G1 Evacuation Pause)
[2025-08-01T01:07:11.784+0000] GC(350) Using 8 workers of 8 for evacuation
[2025-08-01T01:07:11.893+0000] GC(350)   Pre Evacuate Collection Set: 1.2ms
[2025-08-01T01:07:11.893+0000] GC(350)   Merge Heap Roots: 0.2ms
[2025-08-01T01:07:11.893+0000] GC(350)   Evacuate Collection Set: 106.4ms
[2025-08-01T01:07:11.893+0000] GC(350)   Post Evacuate Collection Set: 1.0ms
[2025-08-01T01:07:11.893+0000] GC(350)   Other: 0.2ms
[2025-08-01T01:07:11.893+0000] GC(350) Eden regions: 239->0(66)
[2025-08-01T01:07:11.893+0000] GC(350) Survivor regions: 42->36(36)
[2025-08-01T01:07:11.893+0000] GC(350) Old regions: 1059->1306
[2025-08-01T01:07:11.893+0000] GC(350) Archive regions: 2->2
[2025-08-01T01:07:11.893+0000] GC(350) Humongous regions: 0->0
[2025-08-01T01:07:11.893+0000] GC(350) Metaspace: 10061K(10304K)->10061K(10304K) NonClass: 8835K(8960K)->8835K(8960K) Class: 1225K(1344K)->1225K(1344K)
[2025-08-01T01:07:11.893+0000] GC(350) Pause Young (Prepare Mixed) (G1 Evacuation Pause) 2681M->2684M(4096M) 109.091ms
[2025-08-01T01:07:11.893+0000] GC(350) User=0.80s Sys=0.03s Real=0.11s
[2025-08-01T01:07:11.904+0000] GC(351) Pause Young (Mixed) (G1 Evacuation Pause)
[2025-08-01T01:07:11.904+0000] GC(351) Using 8 workers of 8 for evacuation
[2025-08-01T01:07:11.933+0000] GC(351)   Pre Evacuate Collection Set: 0.5ms
[2025-08-01T01:07:11.933+0000] GC(351)   Merge Heap Roots: 0.2ms
[2025-08-01T01:07:11.933+0000] GC(351)   Evacuate Collection Set: 28.0ms
[2025-08-01T01:07:11.933+0000] GC(351)   Post Evacuate Collection Set: 0.9ms
[2025-08-01T01:07:11.934+0000] GC(351)   Other: 0.2ms
[2025-08-01T01:07:11.934+0000] GC(351) Eden regions: 66->0(139)
[2025-08-01T01:07:11.934+0000] GC(351) Survivor regions: 36->13(13)
[2025-08-01T01:07:11.934+0000] GC(351) Old regions: 1306->1381
[2025-08-01T01:07:11.934+0000] GC(351) Archive regions: 2->2
[2025-08-01T01:07:11.934+0000] GC(351) Humongous regions: 0->0
[2025-08-01T01:07:11.934+0000] GC(351) Metaspace: 10061K(10304K)->10061K(10304K) NonClass: 8835K(8960K)->8835K(8960K) Class: 1225K(1344K)->1225K(1344K)
[2025-08-01T01:07:11.934+0000] GC(351) Pause Young (Mixed) (G1 Evacuation Pause) 2816M->2788M(4096M) 30.015ms
[2025-08-01T01:07:11.934+0000] GC(351) User=0.23s Sys=0.00s Real=0.03s
[2025-08-01T01:07:12.004+0000] GC(352) Pause Young (Concurrent Start) (G1 Evacuation Pause)
[2025-08-01T01:07:12.004+0000] GC(352) Using 8 workers of 8 for evacuation
[2025-08-01T01:07:12.055+0000] GC(352)   Pre Evacuate Collection Set: 0.4ms
[2025-08-01T01:07:12.055+0000] GC(352)   Merge Heap Roots: 0.2ms
[2025-08-01T01:07:12.055+0000] GC(352)   Evacuate Collection Set: 49.6ms
[2025-08-01T01:07:12.055+0000] GC(352)   Post Evacuate Collection Set: 0.7ms
[2025-08-01T01:07:12.055+0000] GC(352)   Other: 0.3ms
[2025-08-01T01:07:12.055+0000] GC(352) Eden regions: 139->0(94)
[2025-08-01T01:07:12.055+0000] GC(352) Survivor regions: 13->19(19)
[2025-08-01T01:07:12.055+0000] GC(352) Old regions: 1381->1516
[2025-08-01T01:07:12.055+0000] GC(352) Archive regions: 2->2
[2025-08-01T01:07:12.055+0000] GC(352) Humongous regions: 0->0
[2025-08-01T01:07:12.055+0000] GC(352) Metaspace: 10061K(10304K)->10061K(10304K) NonClass: 8835K(8960K)->8835K(8960K) Class: 1225K(1344K)->1225K(1344K)
[2025-08-01T01:07:12.055+0000] GC(352) Pause Young (Concurrent Start) (G1 Evacuation Pause) 3066M->3070M(4096M) 51.295ms
[2025-08-01T01:07:12.055+0000] GC(352) User=0.37s Sys=0.01s Real=0.05s
[2025-08-01T01:07:12.055+0000] GC(353) Concurrent Mark Cycle
[2025-08-01T01:07:12.055+0000] GC(353) Concurrent Clear Claimed Marks
[2025-08-01T01:07:12.055+0000] GC(353) Concurrent Clear Claimed Marks 0.020ms
[2025-08-01T01:07:12.055+0000] GC(353) Concurrent Scan Root Regions
[2025-08-01T01:07:12.086+0000] GC(353) Concurrent Scan Root Regions 30.870ms
[2025-08-01T01:07:12.086+0000] GC(353) Concurrent Mark
[2025-08-01T01:07:12.086+0000] GC(353) Concurrent Mark From Roots
[2025-08-01T01:07:12.086+0000] GC(353) Using 2 workers of 2 for marking
[2025-08-01T01:07:12.086+0000] GC(354) Pause Young (Normal) (G1 Evacuation Pause)
[2025-08-01T01:07:12.086+0000] GC(354) Using 8 workers of 8 for evacuation
[2025-08-01T01:07:12.116+0000] GC(354)   Pre Evacuate Collection Set: 13.2ms
[2025-08-01T01:07:12.116+0000] GC(354)   Merge Heap Roots: 0.3ms
[2025-08-01T01:07:12.116+0000] GC(354)   Evacuate Collection Set: 28.5ms
[2025-08-01T01:07:12.116+0000] GC(354)   Post Evacuate Collection Set: 0.7ms
[2025-08-01T01:07:12.116+0000] GC(354)   Other: 0.1ms
[2025-08-01T01:07:12.116+0000] GC(354) Eden regions: 94->0(87)
[2025-08-01T01:07:12.116+0000] GC(354) Survivor regions: 19->15(15)
[2025-08-01T01:07:12.116+0000] GC(354) Old regions: 1516->1592
[2025-08-01T01:07:12.116+0000] GC(354) Archive regions: 2->2
[2025-08-01T01:07:12.116+0000] GC(354) Humongous regions: 0->0
[2025-08-01T01:07:12.116+0000] GC(354) Metaspace: 10061K(10304K)->10061K(10304K) NonClass: 8835K(8960K)->8835K(8960K) Class: 1225K(1344K)->1225K(1344K)
[2025-08-01T01:07:12.116+0000] GC(354) Pause Young (Normal) (G1 Evacuation Pause) 3258M->3214M(4096M) 30.079ms
[2025-08-01T01:07:12.116+0000] GC(354) User=0.23s Sys=0.01s Real=0.03s
[2025-08-01T01:07:12.136+0000] GC(355) Pause Young (Normal) (G1 Evacuation Pause)
[2025-08-01T01:07:12.136+0000] GC(355) Using 8 workers of 8 for evacuation
[2025-08-01T01:07:12.166+0000] GC(355)   Pre Evacuate Collection Set: 0.3ms
[2025-08-01T01:07:12.166+0000] GC(355)   Merge Heap Roots: 0.1ms
[2025-08-01T01:07:12.166+0000] GC(355)   Evacuate Collection Set: 28.8ms
[2025-08-01T01:07:12.166+0000] GC(355)   Post Evacuate Collection Set: 0.8ms
[2025-08-01T01:07:12.167+0000] GC(355)   Other: 0.2ms
[2025-08-01T01:07:12.167+0000] GC(355) Eden regions: 87->0(89)
[2025-08-01T01:07:12.167+0000] GC(355) Survivor regions: 15->13(13)
[2025-08-01T01:07:12.167+0000] GC(355) Old regions: 1592->1670
[2025-08-01T01:07:12.167+0000] GC(355) Archive regions: 2->2
[2025-08-01T01:07:12.167+0000] GC(355) Humongous regions: 0->0
[2025-08-01T01:07:12.167+0000] GC(355) Metaspace: 10061K(10304K)->10061K(10304K) NonClass: 8835K(8960K)->8835K(8960K) Class: 1225K(1344K)->1225K(1344K)
[2025-08-01T01:07:12.167+0000] GC(355) Pause Young (Normal) (G1 Evacuation Pause) 3388M->3367M(4096M) 30.444ms
[2025-08-01T01:07:12.167+0000] GC(355) User=0.21s Sys=0.01s Real=0.03s
[2025-08-01T01:07:12.188+0000] GC(356) Pause Young (Normal) (G1 Evacuation Pause)
[2025-08-01T01:07:12.188+0000] GC(356) Using 8 workers of 8 for evacuation
[2025-08-01T01:07:12.220+0000] GC(356)   Pre Evacuate Collection Set: 0.5ms
[2025-08-01T01:07:12.220+0000] GC(356)   Merge Heap Roots: 0.2ms
[2025-08-01T01:07:12.220+0000] GC(356)   Evacuate Collection Set: 30.3ms
[2025-08-01T01:07:12.220+0000] GC(356)   Post Evacuate Collection Set: 0.7ms
[2025-08-01T01:07:12.220+0000] GC(356)   Other: 0.1ms
[2025-08-01T01:07:12.220+0000] GC(356) Eden regions: 89->0(89)
[2025-08-01T01:07:12.220+0000] GC(356) Survivor regions: 13->13(13)
[2025-08-01T01:07:12.220+0000] GC(356) Old regions: 1670->1748
[2025-08-01T01:07:12.220+0000] GC(356) Archive regions: 2->2
[2025-08-01T01:07:12.220+0000] GC(356) Humongous regions: 0->0
[2025-08-01T01:07:12.220+0000] GC(356) Metaspace: 10061K(10304K)->10061K(10304K) NonClass: 8835K(8960K)->8835K(8960K) Class: 1225K(1344K)->1225K(1344K)
[2025-08-01T01:07:12.220+0000] GC(356) Pause Young (Normal) (G1 Evacuation Pause) 3545M->3522M(4096M) 31.970ms
[2025-08-01T01:07:12.220+0000] GC(356) User=0.23s Sys=0.01s Real=0.03s
[2025-08-01T01:07:12.240+0000] GC(357) Pause Young (Normal) (G1 Evacuation Pause)
[2025-08-01T01:07:12.240+0000] GC(357) Using 8 workers of 8 for evacuation
[2025-08-01T01:07:12.275+0000] GC(357)   Pre Evacuate Collection Set: 0.5ms
[2025-08-01T01:07:12.275+0000] GC(357)   Merge Heap Roots: 0.1ms
[2025-08-01T01:07:12.275+0000] GC(357)   Evacuate Collection Set: 34.0ms
[2025-08-01T01:07:12.275+0000] GC(357)   Post Evacuate Collection Set: 0.5ms
[2025-08-01T01:07:12.275+0000] GC(357)   Other: 0.2ms
[2025-08-01T01:07:12.275+0000] GC(357) Eden regions: 89->0(89)
[2025-08-01T01:07:12.275+0000] GC(357) Survivor regions: 13->13(13)
[2025-08-01T01:07:12.275+0000] GC(357) Old regions: 1748->1826
[2025-08-01T01:07:12.275+0000] GC(357) Archive regions: 2->2
[2025-08-01T01:07:12.275+0000] GC(357) Humongous regions: 0->0
[2025-08-01T01:07:12.275+0000] GC(357) Metaspace: 10061K(10304K)->10061K(10304K) NonClass: 8835K(8960K)->8835K(8960K) Class: 1225K(1344K)->1225K(1344K)
[2025-08-01T01:07:12.276+0000] GC(357) Pause Young (Normal) (G1 Evacuation Pause) 3700M->3679M(4096M) 35.498ms
[2025-08-01T01:07:12.276+0000] GC(357) User=0.24s Sys=0.02s Real=0.04s
[2025-08-01T01:07:12.294+0000] GC(358) Pause Young (Normal) (G1 Evacuation Pause)
[2025-08-01T01:07:12.294+0000] GC(358) Using 8 workers of 8 for evacuation
[2025-08-01T01:07:12.328+0000] GC(358)   Pre Evacuate Collection Set: 0.3ms
[2025-08-01T01:07:12.328+0000] GC(358)   Merge Heap Roots: 0.4ms
[2025-08-01T01:07:12.328+0000] GC(358)   Evacuate Collection Set: 32.3ms
[2025-08-01T01:07:12.328+0000] GC(358)   Post Evacuate Collection Set: 0.8ms
[2025-08-01T01:07:12.328+0000] GC(358)   Other: 0.2ms
[2025-08-01T01:07:12.328+0000] GC(358) Eden regions: 89->0(89)
[2025-08-01T01:07:12.328+0000] GC(358) Survivor regions: 13->13(13)
[2025-08-01T01:07:12.328+0000] GC(358) Old regions: 1826->1917
[2025-08-01T01:07:12.328+0000] GC(358) Archive regions: 2->2
[2025-08-01T01:07:12.328+0000] GC(358) Humongous regions: 0->0
[2025-08-01T01:07:12.328+0000] GC(358) Metaspace: 10061K(10304K)->10061K(10304K) NonClass: 8835K(8960K)->8835K(8960K) Class: 1225K(1344K)->1225K(1344K)
[2025-08-01T01:07:12.328+0000] GC(358) Pause Young (Normal) (G1 Evacuation Pause) 3857M->3860M(4096M) 34.092ms
[2025-08-01T01:07:12.328+0000] GC(358) User=0.22s Sys=0.00s Real=0.03s
[2025-08-01T01:07:12.339+0000] GC(359) Pause Young (Normal) (G1 Preventive Collection)
[2025-08-01T01:07:12.339+0000] GC(359) Using 8 workers of 8 for evacuation
[2025-08-01T01:07:12.358+0000] GC(359)   Pre Evacuate Collection Set: 0.6ms
[2025-08-01T01:07:12.358+0000] GC(359)   Merge Heap Roots: 0.2ms
[2025-08-01T01:07:12.358+0000] GC(359)   Evacuate Collection Set: 18.2ms
[2025-08-01T01:07:12.358+0000] GC(359)   Post Evacuate Collection Set: 0.6ms
[2025-08-01T01:07:12.358+0000] GC(359)   Other: 0.2ms
[2025-08-01T01:07:12.358+0000] GC(359) Eden regions: 48->0(89)
[2025-08-01T01:07:12.358+0000] GC(359) Survivor regions: 13->13(13)
[2025-08-01T01:07:12.358+0000] GC(359) Old regions: 1917->1966
[2025-08-01T01:07:12.358+0000] GC(359) Archive regions: 2->2
[2025-08-01T01:07:12.358+0000] GC(359) Humongous regions: 0->0
[2025-08-01T01:07:12.358+0000] GC(359) Metaspace: 10061K(10304K)->10061K(10304K) NonClass: 8835K(8960K)->8835K(8960K) Class: 1225K(1344K)->1225K(1344K)
[2025-08-01T01:07:12.358+0000] GC(359) Pause Young (Normal) (G1 Preventive Collection) 3956M->3959M(4096M) 19.853ms
[2025-08-01T01:07:12.359+0000] GC(359) User=0.14s Sys=0.01s Real=0.02s
[2025-08-01T01:07:12.364+0000] GC(360) Pause Young (Normal) (G1 Preventive Collection)
[2025-08-01T01:07:12.364+0000] GC(360) Using 8 workers of 8 for evacuation
[2025-08-01T01:07:12.376+0000] GC(360)   Pre Evacuate Collection Set: 0.3ms
[2025-08-01T01:07:12.376+0000] GC(360)   Merge Heap Roots: 0.2ms
[2025-08-01T01:07:12.376+0000] GC(360)   Evacuate Collection Set: 11.1ms
[2025-08-01T01:07:12.376+0000] GC(360)   Post Evacuate Collection Set: 0.4ms
[2025-08-01T01:07:12.376+0000] GC(360)   Other: 0.1ms
[2025-08-01T01:07:12.376+0000] GC(360) Eden regions: 25->0(89)
[2025-08-01T01:07:12.376+0000] GC(360) Survivor regions: 13->13(13)
[2025-08-01T01:07:12.376+0000] GC(360) Old regions: 1966->1993
[2025-08-01T01:07:12.376+0000] GC(360) Archive regions: 2->2
[2025-08-01T01:07:12.376+0000] GC(360) Humongous regions: 0->0
[2025-08-01T01:07:12.376+0000] GC(360) Metaspace: 10061K(10304K)->10061K(10304K) NonClass: 8835K(8960K)->8835K(8960K) Class: 1225K(1344K)->1225K(1344K)
[2025-08-01T01:07:12.376+0000] GC(360) Pause Young (Normal) (G1 Preventive Collection) 4009M->4013M(4096M) 12.238ms
[2025-08-01T01:07:12.376+0000] GC(360) User=0.09s Sys=0.00s Real=0.01s
[2025-08-01T01:07:12.380+0000] GC(361) Pause Young (Normal) (G1 Preventive Collection)
[2025-08-01T01:07:12.380+0000] GC(361) Using 8 workers of 8 for evacuation
[2025-08-01T01:07:12.389+0000] GC(361)   Pre Evacuate Collection Set: 0.3ms
[2025-08-01T01:07:12.389+0000] GC(361)   Merge Heap Roots: 0.1ms
[2025-08-01T01:07:12.389+0000] GC(361)   Evacuate Collection Set: 8.4ms
[2025-08-01T01:07:12.389+0000] GC(361)   Post Evacuate Collection Set: 0.8ms
[2025-08-01T01:07:12.389+0000] GC(361)   Other: 0.2ms
[2025-08-01T01:07:12.389+0000] GC(361) Eden regions: 12->0(89)
[2025-08-01T01:07:12.389+0000] GC(361) Survivor regions: 13->13(13)
[2025-08-01T01:07:12.389+0000] GC(361) Old regions: 1993->2008
[2025-08-01T01:07:12.389+0000] GC(361) Archive regions: 2->2
[2025-08-01T01:07:12.389+0000] GC(361) Humongous regions: 0->0
[2025-08-01T01:07:12.390+0000] GC(361) Metaspace: 10061K(10304K)->10061K(10304K) NonClass: 8835K(8960K)->8835K(8960K) Class: 1225K(1344K)->1225K(1344K)
[2025-08-01T01:07:12.390+0000] GC(361) Pause Young (Normal) (G1 Preventive Collection) 4037M->4043M(4096M) 9.943ms
[2025-08-01T01:07:12.390+0000] GC(361) User=0.05s Sys=0.01s Real=0.01s
[2025-08-01T01:07:12.392+0000] GC(362) Pause Young (Normal) (G1 Preventive Collection)
[2025-08-01T01:07:12.392+0000] GC(362) Using 8 workers of 8 for evacuation
[2025-08-01T01:07:12.398+0000] GC(362)   Pre Evacuate Collection Set: 0.4ms
[2025-08-01T01:07:12.398+0000] GC(362)   Merge Heap Roots: 0.2ms
[2025-08-01T01:07:12.398+0000] GC(362)   Evacuate Collection Set: 4.9ms
[2025-08-01T01:07:12.398+0000] GC(362)   Post Evacuate Collection Set: 0.6ms
[2025-08-01T01:07:12.398+0000] GC(362)   Other: 0.3ms
[2025-08-01T01:07:12.398+0000] GC(362) Eden regions: 5->0(96)
[2025-08-01T01:07:12.398+0000] GC(362) Survivor regions: 13->6(13)
[2025-08-01T01:07:12.398+0000] GC(362) Old regions: 2008->2022
[2025-08-01T01:07:12.398+0000] GC(362) Archive regions: 2->2
[2025-08-01T01:07:12.398+0000] GC(362) Humongous regions: 0->0
[2025-08-01T01:07:12.398+0000] GC(362) Metaspace: 10061K(10304K)->10061K(10304K) NonClass: 8835K(8960K)->8835K(8960K) Class: 1225K(1344K)->1225K(1344K)
[2025-08-01T01:07:12.398+0000] GC(362) Pause Young (Normal) (G1 Preventive Collection) 4053M->4057M(4096M) 6.595ms
[2025-08-01T01:07:12.398+0000] GC(362) User=0.04s Sys=0.00s Real=0.01s
[2025-08-01T01:07:12.399+0000] GC(363) Pause Young (Normal) (G1 Preventive Collection)
[2025-08-01T01:07:12.399+0000] GC(363) Using 8 workers of 8 for evacuation
[2025-08-01T01:07:12.403+0000] GC(363)   Pre Evacuate Collection Set: 0.2ms
[2025-08-01T01:07:12.403+0000] GC(363)   Merge Heap Roots: 0.1ms
[2025-08-01T01:07:12.403+0000] GC(363)   Evacuate Collection Set: 3.0ms
[2025-08-01T01:07:12.403+0000] GC(363)   Post Evacuate Collection Set: 0.3ms
[2025-08-01T01:07:12.403+0000] GC(363)   Other: 0.1ms
[2025-08-01T01:07:12.403+0000] GC(363) Eden regions: 5->0(91)
[2025-08-01T01:07:12.403+0000] GC(363) Survivor regions: 6->11(13)
[2025-08-01T01:07:12.403+0000] GC(363) Old regions: 2022->2022
[2025-08-01T01:07:12.403+0000] GC(363) Archive regions: 2->2
[2025-08-01T01:07:12.403+0000] GC(363) Humongous regions: 0->0
[2025-08-01T01:07:12.403+0000] GC(363) Metaspace: 10061K(10304K)->10061K(10304K) NonClass: 8835K(8960K)->8835K(8960K) Class: 1225K(1344K)->1225K(1344K)
[2025-08-01T01:07:12.403+0000] GC(363) Pause Young (Normal) (G1 Preventive Collection) 4067M->4066M(4096M) 3.892ms
[2025-08-01T01:07:12.403+0000] GC(363) User=0.03s Sys=0.00s Real=0.01s
[2025-08-01T01:07:12.403+0000] GC(364) Pause Young (Normal) (G1 Preventive Collection)
[2025-08-01T01:07:12.404+0000] GC(364) Using 8 workers of 8 for evacuation
[2025-08-01T01:07:12.408+0000] GC(364)   Pre Evacuate Collection Set: 0.3ms
[2025-08-01T01:07:12.408+0000] GC(364)   Merge Heap Roots: 0.2ms
[2025-08-01T01:07:12.408+0000] GC(364)   Evacuate Collection Set: 3.4ms
[2025-08-01T01:07:12.408+0000] GC(364)   Post Evacuate Collection Set: 0.4ms
[2025-08-01T01:07:12.408+0000] GC(364)   Other: 0.1ms
[2025-08-01T01:07:12.408+0000] GC(364) Eden regions: 1->0(95)
[2025-08-01T01:07:12.408+0000] GC(364) Survivor regions: 11->7(12)
[2025-08-01T01:07:12.408+0000] GC(364) Old regions: 2022->2027
[2025-08-01T01:07:12.408+0000] GC(364) Archive regions: 2->2
[2025-08-01T01:07:12.408+0000] GC(364) Humongous regions: 0->0
[2025-08-01T01:07:12.408+0000] GC(364) Metaspace: 10061K(10304K)->10061K(10304K) NonClass: 8835K(8960K)->8835K(8960K) Class: 1225K(1344K)->1225K(1344K)
[2025-08-01T01:07:12.408+0000] GC(364) Pause Young (Normal) (G1 Preventive Collection) 4068M->4069M(4096M) 4.560ms
[2025-08-01T01:07:12.408+0000] GC(364) User=0.02s Sys=0.00s Real=0.00s
[2025-08-01T01:07:12.409+0000] GC(365) Pause Young (Normal) (G1 Preventive Collection)
[2025-08-01T01:07:12.409+0000] GC(365) Using 8 workers of 8 for evacuation
[2025-08-01T01:07:12.412+0000] GC(365)   Pre Evacuate Collection Set: 0.2ms
[2025-08-01T01:07:12.413+0000] GC(365)   Merge Heap Roots: 0.1ms
[2025-08-01T01:07:12.413+0000] GC(365)   Evacuate Collection Set: 2.3ms
[2025-08-01T01:07:12.413+0000] GC(365)   Post Evacuate Collection Set: 0.7ms
[2025-08-01T01:07:12.413+0000] GC(365)   Other: 0.1ms
[2025-08-01T01:07:12.413+0000] GC(365) Eden regions: 2->0(93)
[2025-08-01T01:07:12.413+0000] GC(365) Survivor regions: 7->9(10)
[2025-08-01T01:07:12.413+0000] GC(365) Old regions: 2027->2027
[2025-08-01T01:07:12.413+0000] GC(365) Archive regions: 2->2
[2025-08-01T01:07:12.413+0000] GC(365) Humongous regions: 0->0
[2025-08-01T01:07:12.413+0000] GC(365) Metaspace: 10061K(10304K)->10061K(10304K) NonClass: 8835K(8960K)->8835K(8960K) Class: 1225K(1344K)->1225K(1344K)
[2025-08-01T01:07:12.413+0000] GC(365) Pause Young (Normal) (G1 Preventive Collection) 4073M->4073M(4096M) 3.650ms
[2025-08-01T01:07:12.413+0000] GC(365) User=0.02s Sys=0.00s Real=0.00s
[2025-08-01T01:07:12.414+0000] GC(366) Pause Young (Normal) (G1 Preventive Collection)
[2025-08-01T01:07:12.414+0000] GC(366) Using 8 workers of 8 for evacuation
[2025-08-01T01:07:12.418+0000] GC(366) To-space exhausted
[2025-08-01T01:07:12.418+0000] GC(366)   Pre Evacuate Collection Set: 0.3ms
[2025-08-01T01:07:12.418+0000] GC(366)   Merge Heap Roots: 0.1ms
[2025-08-01T01:07:12.418+0000] GC(366)   Evacuate Collection Set: 2.7ms
[2025-08-01T01:07:12.418+0000] GC(366)   Post Evacuate Collection Set: 1.0ms
[2025-08-01T01:07:12.418+0000] GC(366)   Other: 0.2ms
[2025-08-01T01:07:12.418+0000] GC(366) Eden regions: 1->0(97)
[2025-08-01T01:07:12.418+0000] GC(366) Survivor regions: 9->5(9)
[2025-08-01T01:07:12.418+0000] GC(366) Old regions: 2027->2038
[2025-08-01T01:07:12.418+0000] GC(366) Archive regions: 2->2
[2025-08-01T01:07:12.418+0000] GC(366) Humongous regions: 0->0
[2025-08-01T01:07:12.418+0000] GC(366) Metaspace: 10061K(10304K)->10061K(10304K) NonClass: 8835K(8960K)->8835K(8960K) Class: 1225K(1344K)->1225K(1344K)
[2025-08-01T01:07:12.418+0000] GC(366) Pause Young (Normal) (G1 Preventive Collection) 4075M->4087M(4096M) 4.427ms
[2025-08-01T01:07:12.418+0000] GC(366) User=0.02s Sys=0.01s Real=0.00s
[2025-08-01T01:07:12.419+0000] GC(367) Pause Young (Normal) (G1 Preventive Collection)
[2025-08-01T01:07:12.419+0000] GC(367) Using 8 workers of 8 for evacuation
[2025-08-01T01:07:12.421+0000] GC(367) To-space exhausted
[2025-08-01T01:07:12.421+0000] GC(367)   Pre Evacuate Collection Set: 0.3ms
[2025-08-01T01:07:12.421+0000] GC(367)   Merge Heap Roots: 0.1ms
[2025-08-01T01:07:12.422+0000] GC(367)   Evacuate Collection Set: 1.0ms
[2025-08-01T01:07:12.422+0000] GC(367)   Post Evacuate Collection Set: 0.7ms
[2025-08-01T01:07:12.422+0000] GC(367)   Other: 0.2ms
[2025-08-01T01:07:12.422+0000] GC(367) Eden regions: 1->0(100)
[2025-08-01T01:07:12.422+0000] GC(367) Survivor regions: 5->2(2)
[2025-08-01T01:07:12.422+0000] GC(367) Old regions: 2038->2044
[2025-08-01T01:07:12.422+0000] GC(367) Archive regions: 2->2
[2025-08-01T01:07:12.422+0000] GC(367) Humongous regions: 0->0
[2025-08-01T01:07:12.422+0000] GC(367) Metaspace: 10061K(10304K)->10061K(10304K) NonClass: 8835K(8960K)->8835K(8960K) Class: 1225K(1344K)->1225K(1344K)
[2025-08-01T01:07:12.422+0000] GC(367) Pause Young (Normal) (G1 Preventive Collection) 4089M->4093M(4096M) 2.316ms
[2025-08-01T01:07:12.422+0000] GC(367) User=0.01s Sys=0.00s Real=0.00s
[2025-08-01T01:07:12.422+0000] Attempting full compaction
[2025-08-01T01:07:12.422+0000] GC(368) Pause Full (G1 Compaction Pause)
[2025-08-01T01:07:12.422+0000] GC(368) Using 8 workers of 8 for full compaction
[2025-08-01T01:07:12.428+0000] GC(368) Phase 1: Mark live objects
[2025-08-01T01:07:12.457+0000] GC(368) Phase 1: Mark live objects 29.057ms
[2025-08-01T01:07:12.457+0000] GC(368) Phase 2: Prepare for compaction
[2025-08-01T01:07:12.468+0000] GC(368) Phase 2: Prepare for compaction 10.596ms
[2025-08-01T01:07:12.468+0000] GC(368) Phase 3: Adjust pointers
[2025-08-01T01:07:12.492+0000] GC(368) Phase 3: Adjust pointers 24.654ms
[2025-08-01T01:07:12.492+0000] GC(368) Phase 4: Compact heap
[2025-08-01T01:07:12.516+0000] GC(368) Phase 4: Compact heap 23.210ms
[2025-08-01T01:07:12.522+0000] GC(368) Eden regions: 0->0(470)
[2025-08-01T01:07:12.522+0000] GC(368) Survivor regions: 2->0(2)
[2025-08-01T01:07:12.522+0000] GC(368) Old regions: 2044->355
[2025-08-01T01:07:12.522+0000] GC(368) Archive regions: 2->2
[2025-08-01T01:07:12.522+0000] GC(368) Humongous regions: 0->0
[2025-08-01T01:07:12.522+0000] GC(368) Metaspace: 10061K(10304K)->10061K(10304K) NonClass: 8835K(8960K)->8835K(8960K) Class: 1225K(1344K)->1225K(1344K)
[2025-08-01T01:07:12.522+0000] GC(368) Pause Full (G1 Compaction Pause) 4093M->704M(4096M) 100.671ms
[2025-08-01T01:07:12.522+0000] GC(368) User=0.68s Sys=0.00s Real=0.10s
[2025-08-01T01:07:12.523+0000] GC(353) Concurrent Mark From Roots 436.394ms
[2025-08-01T01:07:12.523+0000] GC(353) Concurrent Mark Abort
[2025-08-01T01:07:12.523+0000] GC(353) Concurrent Mark Cycle 467.450ms
[2025-08-01T01:07:12.734+0000] GC(369) Pause Young (Normal) (G1 Evacuation Pause)
[2025-08-01T01:07:12.734+0000] GC(369) Using 8 workers of 8 for evacuation
[2025-08-01T01:07:12.845+0000] GC(369)   Pre Evacuate Collection Set: 0.6ms
[2025-08-01T01:07:12.845+0000] GC(369)   Merge Heap Roots: 0.3ms
[2025-08-01T01:07:12.845+0000] GC(369)   Evacuate Collection Set: 108.6ms
[2025-08-01T01:07:12.845+0000] GC(369)   Post Evacuate Collection Set: 1.5ms
[2025-08-01T01:07:12.845+0000] GC(369)   Other: 0.3ms
[2025-08-01T01:07:12.845+0000] GC(369) Eden regions: 470->0(418)
[2025-08-01T01:07:12.845+0000] GC(369) Survivor regions: 0->59(59)
[2025-08-01T01:07:12.845+0000] GC(369) Old regions: 355->535
[2025-08-01T01:07:12.845+0000] GC(369) Archive regions: 2->2
[2025-08-01T01:07:12.845+0000] GC(369) Humongous regions: 0->0
[2025-08-01T01:07:12.845+0000] GC(369) Metaspace: 10061K(10304K)->10061K(10304K) NonClass: 8835K(8960K)->8835K(8960K) Class: 1225K(1344K)->1225K(1344K)
[2025-08-01T01:07:12.845+0000] GC(369) Pause Young (Normal) (G1 Evacuation Pause) 1644M->1181M(4096M) 111.401ms
[2025-08-01T01:07:12.845+0000] GC(369) User=0.75s Sys=0.05s Real=0.11s
[2025-08-01T01:07:13.027+0000] GC(370) Pause Young (Concurrent Start) (G1 Evacuation Pause)
[2025-08-01T01:07:13.027+0000] GC(370) Using 8 workers of 8 for evacuation
[2025-08-01T01:07:13.178+0000] GC(370)   Pre Evacuate Collection Set: 0.7ms
[2025-08-01T01:07:13.178+0000] GC(370)   Merge Heap Roots: 0.4ms
[2025-08-01T01:07:13.178+0000] GC(370)   Evacuate Collection Set: 148.6ms
[2025-08-01T01:07:13.178+0000] GC(370)   Post Evacuate Collection Set: 0.9ms
[2025-08-01T01:07:13.178+0000] GC(370)   Other: 0.2ms
[2025-08-01T01:07:13.178+0000] GC(370) Eden regions: 418->0(319)
[2025-08-01T01:07:13.178+0000] GC(370) Survivor regions: 59->60(60)
[2025-08-01T01:07:13.178+0000] GC(370) Old regions: 535->806
[2025-08-01T01:07:13.178+0000] GC(370) Archive regions: 2->2
[2025-08-01T01:07:13.178+0000] GC(370) Humongous regions: 0->0
[2025-08-01T01:07:13.178+0000] GC(370) Metaspace: 10061K(10304K)->10061K(10304K) NonClass: 8835K(8960K)->8835K(8960K) Class: 1225K(1344K)->1225K(1344K)
[2025-08-01T01:07:13.178+0000] GC(370) Pause Young (Concurrent Start) (G1 Evacuation Pause) 2017M->1726M(4096M) 150.953ms
[2025-08-01T01:07:13.178+0000] GC(370) User=1.10s Sys=0.05s Real=0.15s
[2025-08-01T01:07:13.178+0000] GC(371) Concurrent Mark Cycle
[2025-08-01T01:07:13.178+0000] GC(371) Concurrent Clear Claimed Marks
[2025-08-01T01:07:13.178+0000] GC(371) Concurrent Clear Claimed Marks 0.079ms
[2025-08-01T01:07:13.178+0000] GC(371) Concurrent Scan Root Regions
[2025-08-01T01:07:13.238+0000] GC(371) Concurrent Scan Root Regions 59.467ms
[2025-08-01T01:07:13.238+0000] GC(371) Concurrent Mark
[2025-08-01T01:07:13.238+0000] GC(371) Concurrent Mark From Roots
[2025-08-01T01:07:13.238+0000] GC(371) Using 2 workers of 2 for marking
[2025-08-01T01:07:13.250+0000] GC(371) Concurrent Mark From Roots 12.676ms
[2025-08-01T01:07:13.250+0000] GC(371) Concurrent Preclean
[2025-08-01T01:07:13.251+0000] GC(371) Concurrent Preclean 0.300ms
[2025-08-01T01:07:13.252+0000] GC(371) Pause Remark
[2025-08-01T01:07:13.254+0000] GC(371) Pause Remark 2004M->1003M(4096M) 2.443ms
[2025-08-01T01:07:13.254+0000] GC(371) User=0.01s Sys=0.00s Real=0.01s
[2025-08-01T01:07:13.254+0000] GC(371) Concurrent Mark 16.674ms
[2025-08-01T01:07:13.254+0000] GC(371) Concurrent Rebuild Remembered Sets
[2025-08-01T01:07:13.329+0000] GC(371) Concurrent Rebuild Remembered Sets 74.331ms
[2025-08-01T01:07:13.329+0000] GC(371) Pause Cleanup
[2025-08-01T01:07:13.330+0000] GC(371) Pause Cleanup 1351M->1351M(4096M) 0.318ms
[2025-08-01T01:07:13.330+0000] GC(371) User=0.00s Sys=0.00s Real=0.00s
[2025-08-01T01:07:13.330+0000] GC(371) Concurrent Cleanup for Next Mark
[2025-08-01T01:07:13.333+0000] GC(372) Pause Young (Prepare Mixed) (G1 Evacuation Pause)
[2025-08-01T01:07:13.333+0000] GC(372) Using 8 workers of 8 for evacuation
[2025-08-01T01:07:13.450+0000] GC(372)   Pre Evacuate Collection Set: 0.4ms
[2025-08-01T01:07:13.450+0000] GC(372)   Merge Heap Roots: 0.4ms
[2025-08-01T01:07:13.450+0000] GC(372)   Evacuate Collection Set: 115.1ms
[2025-08-01T01:07:13.450+0000] GC(372)   Post Evacuate Collection Set: 1.2ms
[2025-08-01T01:07:13.450+0000] GC(372)   Other: 0.2ms
[2025-08-01T01:07:13.450+0000] GC(372) Eden regions: 319->0(54)
[2025-08-01T01:07:13.450+0000] GC(372) Survivor regions: 60->48(48)
[2025-08-01T01:07:13.450+0000] GC(372) Old regions: 302->634
[2025-08-01T01:07:13.450+0000] GC(372) Archive regions: 2->2
[2025-08-01T01:07:13.450+0000] GC(372) Humongous regions: 0->0
[2025-08-01T01:07:13.450+0000] GC(372) Metaspace: 10061K(10304K)->10061K(10304K) NonClass: 8835K(8960K)->8835K(8960K) Class: 1225K(1344K)->1225K(1344K)
[2025-08-01T01:07:13.450+0000] GC(372) Pause Young (Prepare Mixed) (G1 Evacuation Pause) 1363M->1365M(4096M) 117.354ms
[2025-08-01T01:07:13.450+0000] GC(372) User=0.91s Sys=0.01s Real=0.11s
[2025-08-01T01:07:13.459+0000] GC(371) Concurrent Cleanup for Next Mark 129.000ms
[2025-08-01T01:07:13.459+0000] GC(371) Concurrent Mark Cycle 281.084ms
[2025-08-01T01:07:13.461+0000] GC(373) Pause Young (Mixed) (G1 Evacuation Pause)
[2025-08-01T01:07:13.461+0000] GC(373) Using 8 workers of 8 for evacuation
[2025-08-01T01:07:13.493+0000] GC(373)   Pre Evacuate Collection Set: 0.7ms
[2025-08-01T01:07:13.493+0000] GC(373)   Merge Heap Roots: 0.1ms
[2025-08-01T01:07:13.493+0000] GC(373)   Evacuate Collection Set: 29.8ms
[2025-08-01T01:07:13.493+0000] GC(373)   Post Evacuate Collection Set: 0.8ms
[2025-08-01T01:07:13.493+0000] GC(373)   Other: 0.2ms
[2025-08-01T01:07:13.493+0000] GC(373) Eden regions: 54->0(352)
[2025-08-01T01:07:13.493+0000] GC(373) Survivor regions: 48->13(13)
[2025-08-01T01:07:13.493+0000] GC(373) Old regions: 634->723
[2025-08-01T01:07:13.493+0000] GC(373) Archive regions: 2->2
[2025-08-01T01:07:13.493+0000] GC(373) Humongous regions: 0->0
[2025-08-01T01:07:13.493+0000] GC(373) Metaspace: 10061K(10304K)->10061K(10304K) NonClass: 8835K(8960K)->8835K(8960K) Class: 1225K(1344K)->1225K(1344K)
[2025-08-01T01:07:13.493+0000] GC(373) Pause Young (Mixed) (G1 Evacuation Pause) 1473M->1472M(4096M) 31.677ms
[2025-08-01T01:07:13.493+0000] GC(373) User=0.24s Sys=0.01s Real=0.04s
[2025-08-01T01:07:13.647+0000] GC(374) Pause Young (Concurrent Start) (G1 Evacuation Pause)
[2025-08-01T01:07:13.647+0000] GC(374) Using 8 workers of 8 for evacuation
[2025-08-01T01:07:13.722+0000] GC(374)   Pre Evacuate Collection Set: 0.5ms
[2025-08-01T01:07:13.722+0000] GC(374)   Merge Heap Roots: 0.5ms
[2025-08-01T01:07:13.722+0000] GC(374)   Evacuate Collection Set: 71.5ms
[2025-08-01T01:07:13.722+0000] GC(374)   Post Evacuate Collection Set: 2.3ms
[2025-08-01T01:07:13.722+0000] GC(374)   Other: 0.4ms
[2025-08-01T01:07:13.722+0000] GC(374) Eden regions: 352->0(327)
[2025-08-01T01:07:13.722+0000] GC(374) Survivor regions: 13->46(46)
[2025-08-01T01:07:13.722+0000] GC(374) Old regions: 723->828
[2025-08-01T01:07:13.722+0000] GC(374) Archive regions: 2->2
[2025-08-01T01:07:13.722+0000] GC(374) Humongous regions: 0->0
[2025-08-01T01:07:13.722+0000] GC(374) Metaspace: 10061K(10304K)->10061K(10304K) NonClass: 8835K(8960K)->8835K(8960K) Class: 1225K(1344K)->1225K(1344K)
[2025-08-01T01:07:13.722+0000] GC(374) Pause Young (Concurrent Start) (G1 Evacuation Pause) 2176M->1749M(4096M) 75.459ms
[2025-08-01T01:07:13.722+0000] GC(374) User=0.50s Sys=0.03s Real=0.07s
[2025-08-01T01:07:13.722+0000] GC(375) Concurrent Mark Cycle
[2025-08-01T01:07:13.723+0000] GC(375) Concurrent Clear Claimed Marks
[2025-08-01T01:07:13.723+0000] GC(375) Concurrent Clear Claimed Marks 0.040ms
[2025-08-01T01:07:13.723+0000] GC(375) Concurrent Scan Root Regions
[2025-08-01T01:07:13.774+0000] GC(375) Concurrent Scan Root Regions 51.027ms
[2025-08-01T01:07:13.774+0000] GC(375) Concurrent Mark
[2025-08-01T01:07:13.774+0000] GC(375) Concurrent Mark From Roots
[2025-08-01T01:07:13.774+0000] GC(375) Using 2 workers of 2 for marking
[2025-08-01T01:07:13.782+0000] GC(375) Concurrent Mark From Roots 8.655ms
[2025-08-01T01:07:13.782+0000] GC(375) Concurrent Preclean
[2025-08-01T01:07:13.783+0000] GC(375) Concurrent Preclean 0.670ms
[2025-08-01T01:07:13.783+0000] GC(375) Pause Remark
[2025-08-01T01:07:13.786+0000] GC(375) Pause Remark 1992M->610M(4096M) 2.512ms
[2025-08-01T01:07:13.786+0000] GC(375) User=0.00s Sys=0.00s Real=0.00s
[2025-08-01T01:07:13.786+0000] GC(375) Concurrent Mark 12.206ms
[2025-08-01T01:07:13.786+0000] GC(375) Concurrent Rebuild Remembered Sets
[2025-08-01T01:07:13.815+0000] GC(375) Concurrent Rebuild Remembered Sets 28.935ms
[2025-08-01T01:07:13.815+0000] GC(375) Pause Cleanup
[2025-08-01T01:07:13.815+0000] GC(375) Pause Cleanup 701M->701M(4096M) 0.564ms
[2025-08-01T01:07:13.816+0000] GC(375) User=0.00s Sys=0.00s Real=0.00s
[2025-08-01T01:07:13.816+0000] GC(375) Concurrent Cleanup for Next Mark
[2025-08-01T01:07:13.824+0000] GC(375) Concurrent Cleanup for Next Mark 8.574ms
[2025-08-01T01:07:13.824+0000] GC(375) Concurrent Mark Cycle 101.773ms
[2025-08-01T01:07:13.862+0000] GC(376) Pause Young (Prepare Mixed) (G1 Evacuation Pause)
[2025-08-01T01:07:13.862+0000] GC(376) Using 8 workers of 8 for evacuation
[2025-08-01T01:07:13.989+0000] GC(376)   Pre Evacuate Collection Set: 0.5ms
[2025-08-01T01:07:13.989+0000] GC(376)   Merge Heap Roots: 0.2ms
[2025-08-01T01:07:13.989+0000] GC(376)   Evacuate Collection Set: 125.2ms
[2025-08-01T01:07:13.989+0000] GC(376)   Post Evacuate Collection Set: 1.0ms
[2025-08-01T01:07:13.989+0000] GC(376)   Other: 0.2ms
[2025-08-01T01:07:13.989+0000] GC(376) Eden regions: 327->0(55)
[2025-08-01T01:07:13.989+0000] GC(376) Survivor regions: 46->47(47)
[2025-08-01T01:07:13.989+0000] GC(376) Old regions: 137->464
[2025-08-01T01:07:13.989+0000] GC(376) Archive regions: 2->2
[2025-08-01T01:07:13.989+0000] GC(376) Humongous regions: 0->0
[2025-08-01T01:07:13.989+0000] GC(376) Metaspace: 10061K(10304K)->10061K(10304K) NonClass: 8835K(8960K)->8835K(8960K) Class: 1225K(1344K)->1225K(1344K)
[2025-08-01T01:07:13.989+0000] GC(376) Pause Young (Prepare Mixed) (G1 Evacuation Pause) 1021M->1023M(4096M) 127.164ms
[2025-08-01T01:07:13.989+0000] GC(376) User=0.97s Sys=0.03s Real=0.13s
[2025-08-01T01:07:13.998+0000] GC(377) Pause Young (Mixed) (G1 Evacuation Pause)
[2025-08-01T01:07:13.998+0000] GC(377) Using 8 workers of 8 for evacuation
[2025-08-01T01:07:14.031+0000] GC(377)   Pre Evacuate Collection Set: 0.4ms
[2025-08-01T01:07:14.031+0000] GC(377)   Merge Heap Roots: 0.1ms
[2025-08-01T01:07:14.031+0000] GC(377)   Evacuate Collection Set: 31.5ms
[2025-08-01T01:07:14.031+0000] GC(377)   Post Evacuate Collection Set: 0.8ms
[2025-08-01T01:07:14.031+0000] GC(377)   Other: 0.2ms
[2025-08-01T01:07:14.031+0000] GC(377) Eden regions: 55->0(417)
[2025-08-01T01:07:14.032+0000] GC(377) Survivor regions: 47->13(13)
[2025-08-01T01:07:14.032+0000] GC(377) Old regions: 464->552
[2025-08-01T01:07:14.032+0000] GC(377) Archive regions: 2->2
[2025-08-01T01:07:14.032+0000] GC(377) Humongous regions: 0->0
[2025-08-01T01:07:14.032+0000] GC(377) Metaspace: 10061K(10304K)->10061K(10304K) NonClass: 8835K(8960K)->8835K(8960K) Class: 1225K(1344K)->1225K(1344K)
[2025-08-01T01:07:14.032+0000] GC(377) Pause Young (Mixed) (G1 Evacuation Pause) 1133M->1131M(4096M) 33.228ms
[2025-08-01T01:07:14.032+0000] GC(377) User=0.24s Sys=0.00s Real=0.03s
[2025-08-01T01:07:14.194+0000] GC(378) Pause Young (Concurrent Start) (G1 Evacuation Pause)
[2025-08-01T01:07:14.195+0000] GC(378) Using 8 workers of 8 for evacuation
[2025-08-01T01:07:14.353+0000] GC(378)   Pre Evacuate Collection Set: 0.6ms
[2025-08-01T01:07:14.353+0000] GC(378)   Merge Heap Roots: 0.4ms
[2025-08-01T01:07:14.353+0000] GC(378)   Evacuate Collection Set: 155.8ms
[2025-08-01T01:07:14.353+0000] GC(378)   Post Evacuate Collection Set: 1.0ms
[2025-08-01T01:07:14.353+0000] GC(378)   Other: 0.4ms
[2025-08-01T01:07:14.353+0000] GC(378) Eden regions: 417->0(330)
[2025-08-01T01:07:14.353+0000] GC(378) Survivor regions: 13->54(54)
[2025-08-01T01:07:14.353+0000] GC(378) Old regions: 552->791
[2025-08-01T01:07:14.353+0000] GC(378) Archive regions: 2->2
[2025-08-01T01:07:14.353+0000] GC(378) Humongous regions: 0->0
[2025-08-01T01:07:14.353+0000] GC(378) Metaspace: 10061K(10304K)->10061K(10304K) NonClass: 8835K(8960K)->8835K(8960K) Class: 1225K(1344K)->1225K(1344K)
[2025-08-01T01:07:14.353+0000] GC(378) Pause Young (Concurrent Start) (G1 Evacuation Pause) 1965M->1691M(4096M) 158.333ms
[2025-08-01T01:07:14.353+0000] GC(378) User=1.17s Sys=0.06s Real=0.15s
[2025-08-01T01:07:14.353+0000] GC(379) Concurrent Mark Cycle
[2025-08-01T01:07:14.353+0000] GC(379) Concurrent Clear Claimed Marks
[2025-08-01T01:07:14.353+0000] GC(379) Concurrent Clear Claimed Marks 0.021ms
[2025-08-01T01:07:14.353+0000] GC(379) Concurrent Scan Root Regions
[2025-08-01T01:07:14.408+0000] GC(379) Concurrent Scan Root Regions 54.546ms
[2025-08-01T01:07:14.408+0000] GC(379) Concurrent Mark
[2025-08-01T01:07:14.408+0000] GC(379) Concurrent Mark From Roots
[2025-08-01T01:07:14.408+0000] GC(379) Using 2 workers of 2 for marking
[2025-08-01T01:07:14.483+0000] GC(379) Concurrent Mark From Roots 75.365ms
[2025-08-01T01:07:14.483+0000] GC(379) Concurrent Preclean
[2025-08-01T01:07:14.483+0000] GC(379) Concurrent Preclean 0.173ms
[2025-08-01T01:07:14.483+0000] GC(379) Pause Remark
[2025-08-01T01:07:14.486+0000] GC(379) Pause Remark 2234M->1842M(4096M) 2.187ms
[2025-08-01T01:07:14.486+0000] GC(379) User=0.01s Sys=0.01s Real=0.00s
[2025-08-01T01:07:14.486+0000] GC(379) Concurrent Mark 78.102ms
[2025-08-01T01:07:14.486+0000] GC(379) Concurrent Rebuild Remembered Sets
[2025-08-01T01:07:14.506+0000] GC(380) Pause Young (Normal) (G1 Evacuation Pause)
[2025-08-01T01:07:14.506+0000] GC(380) Using 8 workers of 8 for evacuation
[2025-08-01T01:07:14.617+0000] GC(380)   Pre Evacuate Collection Set: 0.6ms
[2025-08-01T01:07:14.617+0000] GC(380)   Merge Heap Roots: 0.3ms
[2025-08-01T01:07:14.617+0000] GC(380)   Evacuate Collection Set: 108.4ms
[2025-08-01T01:07:14.617+0000] GC(380)   Post Evacuate Collection Set: 1.2ms
[2025-08-01T01:07:14.617+0000] GC(380)   Other: 0.2ms
[2025-08-01T01:07:14.617+0000] GC(380) Eden regions: 330->0(300)
[2025-08-01T01:07:14.617+0000] GC(380) Survivor regions: 54->48(48)
[2025-08-01T01:07:14.617+0000] GC(380) Old regions: 595->864
[2025-08-01T01:07:14.617+0000] GC(380) Archive regions: 2->2
[2025-08-01T01:07:14.617+0000] GC(380) Humongous regions: 0->0
[2025-08-01T01:07:14.617+0000] GC(380) Metaspace: 10061K(10304K)->10061K(10304K) NonClass: 8835K(8960K)->8835K(8960K) Class: 1225K(1344K)->1225K(1344K)
[2025-08-01T01:07:14.617+0000] GC(380) Pause Young (Normal) (G1 Evacuation Pause) 1959M->1824M(4096M) 110.943ms
[2025-08-01T01:07:14.617+0000] GC(380) User=0.84s Sys=0.01s Real=0.11s
[2025-08-01T01:07:14.715+0000] GC(381) Pause Young (Normal) (G1 Evacuation Pause)
[2025-08-01T01:07:14.715+0000] GC(381) Using 8 workers of 8 for evacuation
[2025-08-01T01:07:14.798+0000] GC(381)   Pre Evacuate Collection Set: 0.3ms
[2025-08-01T01:07:14.798+0000] GC(381)   Merge Heap Roots: 0.1ms
[2025-08-01T01:07:14.798+0000] GC(381)   Evacuate Collection Set: 81.0ms
[2025-08-01T01:07:14.798+0000] GC(381)   Post Evacuate Collection Set: 1.1ms
[2025-08-01T01:07:14.798+0000] GC(381)   Other: 0.1ms
[2025-08-01T01:07:14.798+0000] GC(381) Eden regions: 300->0(231)
[2025-08-01T01:07:14.798+0000] GC(381) Survivor regions: 48->44(44)
[2025-08-01T01:07:14.798+0000] GC(381) Old regions: 864->1080
[2025-08-01T01:07:14.798+0000] GC(381) Archive regions: 2->2
[2025-08-01T01:07:14.798+0000] GC(381) Humongous regions: 0->0
[2025-08-01T01:07:14.798+0000] GC(381) Metaspace: 10061K(10304K)->10061K(10304K) NonClass: 8835K(8960K)->8835K(8960K) Class: 1225K(1344K)->1225K(1344K)
[2025-08-01T01:07:14.798+0000] GC(381) Pause Young (Normal) (G1 Evacuation Pause) 2424M->2248M(4096M) 82.901ms
[2025-08-01T01:07:14.798+0000] GC(381) User=0.58s Sys=0.02s Real=0.08s
[2025-08-01T01:07:14.805+0000] GC(379) Concurrent Rebuild Remembered Sets 318.591ms
[2025-08-01T01:07:14.805+0000] GC(379) Pause Cleanup
[2025-08-01T01:07:14.805+0000] GC(379) Pause Cleanup 2312M->2312M(4096M) 0.653ms
[2025-08-01T01:07:14.805+0000] GC(379) User=0.00s Sys=0.00s Real=0.00s
[2025-08-01T01:07:14.806+0000] GC(379) Concurrent Cleanup for Next Mark
[2025-08-01T01:07:14.819+0000] GC(379) Concurrent Cleanup for Next Mark 13.904ms
[2025-08-01T01:07:14.820+0000] GC(379) Concurrent Mark Cycle 466.647ms
[2025-08-01T01:07:14.888+0000] GC(382) Pause Young (Prepare Mixed) (G1 Evacuation Pause)
[2025-08-01T01:07:14.888+0000] GC(382) Using 8 workers of 8 for evacuation
[2025-08-01T01:07:14.950+0000] GC(382)   Pre Evacuate Collection Set: 2.7ms
[2025-08-01T01:07:14.950+0000] GC(382)   Merge Heap Roots: 0.2ms
[2025-08-01T01:07:14.950+0000] GC(382)   Evacuate Collection Set: 58.2ms
[2025-08-01T01:07:14.950+0000] GC(382)   Post Evacuate Collection Set: 0.8ms
[2025-08-01T01:07:14.950+0000] GC(382)   Other: 0.2ms
[2025-08-01T01:07:14.950+0000] GC(382) Eden regions: 231->0(67)
[2025-08-01T01:07:14.950+0000] GC(382) Survivor regions: 44->35(35)
[2025-08-01T01:07:14.950+0000] GC(382) Old regions: 1080->1243
[2025-08-01T01:07:14.950+0000] GC(382) Archive regions: 2->2
[2025-08-01T01:07:14.950+0000] GC(382) Humongous regions: 0->0
[2025-08-01T01:07:14.950+0000] GC(382) Metaspace: 10061K(10304K)->10061K(10304K) NonClass: 8835K(8960K)->8835K(8960K) Class: 1225K(1344K)->1225K(1344K)
[2025-08-01T01:07:14.950+0000] GC(382) Pause Young (Prepare Mixed) (G1 Evacuation Pause) 2710M->2556M(4096M) 62.278ms
[2025-08-01T01:07:14.950+0000] GC(382) User=0.46s Sys=0.00s Real=0.06s
[2025-08-01T01:07:14.962+0000] GC(383) Pause Young (Mixed) (G1 Evacuation Pause)
[2025-08-01T01:07:14.962+0000] GC(383) Using 8 workers of 8 for evacuation
[2025-08-01T01:07:14.993+0000] GC(383)   Pre Evacuate Collection Set: 0.4ms
[2025-08-01T01:07:14.993+0000] GC(383)   Merge Heap Roots: 0.2ms
[2025-08-01T01:07:14.993+0000] GC(383)   Evacuate Collection Set: 29.0ms
[2025-08-01T01:07:14.993+0000] GC(383)   Post Evacuate Collection Set: 0.9ms
[2025-08-01T01:07:14.993+0000] GC(383)   Other: 0.2ms
[2025-08-01T01:07:14.993+0000] GC(383) Eden regions: 67->0(172)
[2025-08-01T01:07:14.993+0000] GC(383) Survivor regions: 35->13(13)
[2025-08-01T01:07:14.993+0000] GC(383) Old regions: 1243->1288
[2025-08-01T01:07:14.993+0000] GC(383) Archive regions: 2->2
[2025-08-01T01:07:14.993+0000] GC(383) Humongous regions: 0->0
[2025-08-01T01:07:14.993+0000] GC(383) Metaspace: 10061K(10304K)->10061K(10304K) NonClass: 8835K(8960K)->8835K(8960K) Class: 1225K(1344K)->1225K(1344K)
[2025-08-01T01:07:14.993+0000] GC(383) Pause Young (Mixed) (G1 Evacuation Pause) 2690M->2603M(4096M) 30.860ms
[2025-08-01T01:07:14.993+0000] GC(383) User=0.23s Sys=0.00s Real=0.03s
[2025-08-01T01:07:15.069+0000] GC(384) Pause Young (Concurrent Start) (G1 Evacuation Pause)
[2025-08-01T01:07:15.069+0000] GC(384) Using 8 workers of 8 for evacuation
[2025-08-01T01:07:15.119+0000] GC(384)   Pre Evacuate Collection Set: 0.5ms
[2025-08-01T01:07:15.119+0000] GC(384)   Merge Heap Roots: 0.3ms
[2025-08-01T01:07:15.119+0000] GC(384)   Evacuate Collection Set: 48.2ms
[2025-08-01T01:07:15.119+0000] GC(384)   Post Evacuate Collection Set: 1.0ms
[2025-08-01T01:07:15.119+0000] GC(384)   Other: 0.3ms
[2025-08-01T01:07:15.119+0000] GC(384) Eden regions: 172->0(131)
[2025-08-01T01:07:15.119+0000] GC(384) Survivor regions: 13->24(24)
[2025-08-01T01:07:15.119+0000] GC(384) Old regions: 1288->1405
[2025-08-01T01:07:15.119+0000] GC(384) Archive regions: 2->2
[2025-08-01T01:07:15.119+0000] GC(384) Humongous regions: 0->0
[2025-08-01T01:07:15.119+0000] GC(384) Metaspace: 10061K(10304K)->10061K(10304K) NonClass: 8835K(8960K)->8835K(8960K) Class: 1225K(1344K)->1225K(1344K)
[2025-08-01T01:07:15.119+0000] GC(384) Pause Young (Concurrent Start) (G1 Evacuation Pause) 2947M->2859M(4096M) 50.438ms
[2025-08-01T01:07:15.119+0000] GC(384) User=0.36s Sys=0.01s Real=0.05s
[2025-08-01T01:07:15.119+0000] GC(385) Concurrent Mark Cycle
[2025-08-01T01:07:15.119+0000] GC(385) Concurrent Clear Claimed Marks
[2025-08-01T01:07:15.119+0000] GC(385) Concurrent Clear Claimed Marks 0.016ms
[2025-08-01T01:07:15.119+0000] GC(385) Concurrent Scan Root Regions
[2025-08-01T01:07:15.148+0000] GC(385) Concurrent Scan Root Regions 28.287ms
[2025-08-01T01:07:15.148+0000] GC(385) Concurrent Mark
[2025-08-01T01:07:15.148+0000] GC(385) Concurrent Mark From Roots
[2025-08-01T01:07:15.148+0000] GC(385) Using 2 workers of 2 for marking
[2025-08-01T01:07:15.190+0000] GC(386) Pause Young (Normal) (G1 Evacuation Pause)
[2025-08-01T01:07:15.191+0000] GC(386) Using 8 workers of 8 for evacuation
[2025-08-01T01:07:15.251+0000] GC(386)   Pre Evacuate Collection Set: 1.0ms
[2025-08-01T01:07:15.251+0000] GC(386)   Merge Heap Roots: 0.1ms
[2025-08-01T01:07:15.251+0000] GC(386)   Evacuate Collection Set: 58.6ms
[2025-08-01T01:07:15.251+0000] GC(386)   Post Evacuate Collection Set: 1.1ms
[2025-08-01T01:07:15.251+0000] GC(386)   Other: 0.3ms
[2025-08-01T01:07:15.251+0000] GC(386) Eden regions: 131->0(86)
[2025-08-01T01:07:15.251+0000] GC(386) Survivor regions: 24->20(20)
[2025-08-01T01:07:15.252+0000] GC(386) Old regions: 1405->1543
[2025-08-01T01:07:15.252+0000] GC(386) Archive regions: 2->2
[2025-08-01T01:07:15.252+0000] GC(386) Humongous regions: 0->0
[2025-08-01T01:07:15.252+0000] GC(386) Metaspace: 10061K(10304K)->10061K(10304K) NonClass: 8835K(8960K)->8835K(8960K) Class: 1225K(1344K)->1225K(1344K)
[2025-08-01T01:07:15.252+0000] GC(386) Pause Young (Normal) (G1 Evacuation Pause) 3121M->3126M(4096M) 61.191ms
[2025-08-01T01:07:15.252+0000] GC(386) User=0.46s Sys=0.01s Real=0.06s
[2025-08-01T01:07:15.266+0000] GC(385) Concurrent Mark From Roots 118.632ms
[2025-08-01T01:07:15.266+0000] GC(385) Concurrent Preclean
[2025-08-01T01:07:15.267+0000] GC(387) Pause Young (Normal) (G1 Evacuation Pause)
[2025-08-01T01:07:15.267+0000] GC(387) Using 8 workers of 8 for evacuation
[2025-08-01T01:07:15.298+0000] GC(387)   Pre Evacuate Collection Set: 0.8ms
[2025-08-01T01:07:15.298+0000] GC(387)   Merge Heap Roots: 0.2ms
[2025-08-01T01:07:15.298+0000] GC(387)   Evacuate Collection Set: 29.9ms
[2025-08-01T01:07:15.298+0000] GC(387)   Post Evacuate Collection Set: 0.7ms
[2025-08-01T01:07:15.298+0000] GC(387)   Other: 0.2ms
[2025-08-01T01:07:15.298+0000] GC(387) Eden regions: 86->0(88)
[2025-08-01T01:07:15.298+0000] GC(387) Survivor regions: 20->14(14)
[2025-08-01T01:07:15.298+0000] GC(387) Old regions: 1543->1637
[2025-08-01T01:07:15.298+0000] GC(387) Archive regions: 2->2
[2025-08-01T01:07:15.298+0000] GC(387) Humongous regions: 0->0
[2025-08-01T01:07:15.298+0000] GC(387) Metaspace: 10061K(10304K)->10061K(10304K) NonClass: 8835K(8960K)->8835K(8960K) Class: 1225K(1344K)->1225K(1344K)
[2025-08-01T01:07:15.298+0000] GC(387) Pause Young (Normal) (G1 Evacuation Pause) 3298M->3302M(4096M) 31.919ms
[2025-08-01T01:07:15.298+0000] GC(387) User=0.25s Sys=0.00s Real=0.03s
[2025-08-01T01:07:15.299+0000] GC(385) Concurrent Preclean 32.699ms
[2025-08-01T01:07:15.299+0000] GC(385) Pause Remark
[2025-08-01T01:07:15.302+0000] GC(385) Pause Remark 3310M->1128M(4096M) 2.698ms
[2025-08-01T01:07:15.302+0000] GC(385) User=0.01s Sys=0.00s Real=0.00s
[2025-08-01T01:07:15.302+0000] GC(385) Concurrent Mark 154.482ms
[2025-08-01T01:07:15.302+0000] GC(385) Concurrent Rebuild Remembered Sets
[2025-08-01T01:07:15.359+0000] GC(388) Pause Young (Normal) (G1 Evacuation Pause)
[2025-08-01T01:07:15.359+0000] GC(388) Using 8 workers of 8 for evacuation
[2025-08-01T01:07:15.386+0000] GC(388)   Pre Evacuate Collection Set: 0.4ms
[2025-08-01T01:07:15.386+0000] GC(388)   Merge Heap Roots: 0.2ms
[2025-08-01T01:07:15.386+0000] GC(388)   Evacuate Collection Set: 26.0ms
[2025-08-01T01:07:15.386+0000] GC(388)   Post Evacuate Collection Set: 0.9ms
[2025-08-01T01:07:15.386+0000] GC(388)   Other: 0.2ms
[2025-08-01T01:07:15.386+0000] GC(388) Eden regions: 88->0(390)
[2025-08-01T01:07:15.386+0000] GC(388) Survivor regions: 14->13(13)
[2025-08-01T01:07:15.386+0000] GC(388) Old regions: 546->636
[2025-08-01T01:07:15.386+0000] GC(388) Archive regions: 2->2
[2025-08-01T01:07:15.386+0000] GC(388) Humongous regions: 0->0
[2025-08-01T01:07:15.386+0000] GC(388) Metaspace: 10061K(10304K)->10061K(10304K) NonClass: 8835K(8960K)->8835K(8960K) Class: 1225K(1344K)->1225K(1344K)
[2025-08-01T01:07:15.387+0000] GC(388) Pause Young (Normal) (G1 Evacuation Pause) 1296M->1298M(4096M) 27.871ms
[2025-08-01T01:07:15.387+0000] GC(388) User=0.21s Sys=0.00s Real=0.03s
[2025-08-01T01:07:15.449+0000] GC(385) Concurrent Rebuild Remembered Sets 146.381ms
[2025-08-01T01:07:15.449+0000] GC(385) Pause Cleanup
[2025-08-01T01:07:15.449+0000] GC(385) Pause Cleanup 1656M->1656M(4096M) 0.530ms
[2025-08-01T01:07:15.449+0000] GC(385) User=0.00s Sys=0.00s Real=0.00s
[2025-08-01T01:07:15.450+0000] GC(385) Concurrent Cleanup for Next Mark
[2025-08-01T01:07:15.456+0000] GC(385) Concurrent Cleanup for Next Mark 6.541ms
[2025-08-01T01:07:15.456+0000] GC(385) Concurrent Mark Cycle 336.918ms
[2025-08-01T01:07:15.554+0000] GC(389) Pause Young (Prepare Mixed) (G1 Evacuation Pause)
[2025-08-01T01:07:15.554+0000] GC(389) Using 8 workers of 8 for evacuation
[2025-08-01T01:07:15.629+0000] GC(389)   Pre Evacuate Collection Set: 0.3ms
[2025-08-01T01:07:15.630+0000] GC(389)   Merge Heap Roots: 0.2ms
[2025-08-01T01:07:15.630+0000] GC(389)   Evacuate Collection Set: 73.1ms
[2025-08-01T01:07:15.630+0000] GC(389)   Post Evacuate Collection Set: 1.7ms
[2025-08-01T01:07:15.630+0000] GC(389)   Other: 0.2ms
[2025-08-01T01:07:15.630+0000] GC(389) Eden regions: 390->0(51)
[2025-08-01T01:07:15.630+0000] GC(389) Survivor regions: 13->51(51)
[2025-08-01T01:07:15.630+0000] GC(389) Old regions: 636->760
[2025-08-01T01:07:15.630+0000] GC(389) Archive regions: 2->2
[2025-08-01T01:07:15.630+0000] GC(389) Humongous regions: 0->0
[2025-08-01T01:07:15.630+0000] GC(389) Metaspace: 10061K(10304K)->10061K(10304K) NonClass: 8835K(8960K)->8835K(8960K) Class: 1225K(1344K)->1225K(1344K)
[2025-08-01T01:07:15.630+0000] GC(389) Pause Young (Prepare Mixed) (G1 Evacuation Pause) 2078M->1622M(4096M) 75.817ms
[2025-08-01T01:07:15.630+0000] GC(389) User=0.57s Sys=0.00s Real=0.07s
[2025-08-01T01:07:15.640+0000] GC(390) Pause Young (Mixed) (G1 Evacuation Pause)
[2025-08-01T01:07:15.640+0000] GC(390) Using 8 workers of 8 for evacuation
[2025-08-01T01:07:15.677+0000] GC(390)   Pre Evacuate Collection Set: 0.9ms
[2025-08-01T01:07:15.677+0000] GC(390)   Merge Heap Roots: 0.1ms
[2025-08-01T01:07:15.677+0000] GC(390)   Evacuate Collection Set: 34.7ms
[2025-08-01T01:07:15.677+0000] GC(390)   Post Evacuate Collection Set: 1.4ms
[2025-08-01T01:07:15.677+0000] GC(390)   Other: 0.3ms
[2025-08-01T01:07:15.677+0000] GC(390) Eden regions: 51->0(347)
[2025-08-01T01:07:15.677+0000] GC(390) Survivor regions: 51->13(13)
[2025-08-01T01:07:15.677+0000] GC(390) Old regions: 760->831
[2025-08-01T01:07:15.677+0000] GC(390) Archive regions: 2->2
[2025-08-01T01:07:15.677+0000] GC(390) Humongous regions: 0->0
[2025-08-01T01:07:15.677+0000] GC(390) Metaspace: 10061K(10304K)->10061K(10304K) NonClass: 8835K(8960K)->8835K(8960K) Class: 1225K(1344K)->1225K(1344K)
[2025-08-01T01:07:15.677+0000] GC(390) Pause Young (Mixed) (G1 Evacuation Pause) 1724M->1688M(4096M) 37.656ms
[2025-08-01T01:07:15.677+0000] GC(390) User=0.27s Sys=0.00s Real=0.04s
[2025-08-01T01:07:15.840+0000] GC(391) Pause Young (Concurrent Start) (G1 Evacuation Pause)
[2025-08-01T01:07:15.840+0000] GC(391) Using 8 workers of 8 for evacuation
[2025-08-01T01:07:15.986+0000] GC(391)   Pre Evacuate Collection Set: 0.8ms
[2025-08-01T01:07:15.986+0000] GC(391)   Merge Heap Roots: 0.3ms
[2025-08-01T01:07:15.986+0000] GC(391)   Evacuate Collection Set: 143.1ms
[2025-08-01T01:07:15.986+0000] GC(391)   Post Evacuate Collection Set: 1.1ms
[2025-08-01T01:07:15.986+0000] GC(391)   Other: 0.3ms
[2025-08-01T01:07:15.986+0000] GC(391) Eden regions: 347->0(222)
[2025-08-01T01:07:15.986+0000] GC(391) Survivor regions: 13->45(45)
[2025-08-01T01:07:15.986+0000] GC(391) Old regions: 831->1111
[2025-08-01T01:07:15.986+0000] GC(391) Archive regions: 2->2
[2025-08-01T01:07:15.986+0000] GC(391) Humongous regions: 0->0
[2025-08-01T01:07:15.986+0000] GC(391) Metaspace: 10061K(10304K)->10061K(10304K) NonClass: 8835K(8960K)->8835K(8960K) Class: 1225K(1344K)->1225K(1344K)
[2025-08-01T01:07:15.986+0000] GC(391) Pause Young (Concurrent Start) (G1 Evacuation Pause) 2382M->2313M(4096M) 145.729ms
[2025-08-01T01:07:15.986+0000] GC(391) User=1.08s Sys=0.04s Real=0.15s
[2025-08-01T01:07:15.986+0000] GC(392) Concurrent Mark Cycle
[2025-08-01T01:07:15.986+0000] GC(392) Concurrent Clear Claimed Marks
[2025-08-01T01:07:15.986+0000] GC(392) Concurrent Clear Claimed Marks 0.023ms
[2025-08-01T01:07:15.986+0000] GC(392) Concurrent Scan Root Regions
[2025-08-01T01:07:16.041+0000] GC(392) Concurrent Scan Root Regions 54.744ms
[2025-08-01T01:07:16.041+0000] GC(392) Concurrent Mark
[2025-08-01T01:07:16.041+0000] GC(392) Concurrent Mark From Roots
[2025-08-01T01:07:16.041+0000] GC(392) Using 2 workers of 2 for marking
[2025-08-01T01:07:16.075+0000] GC(393) Pause Young (Normal) (G1 Evacuation Pause)
[2025-08-01T01:07:16.075+0000] GC(393) Using 8 workers of 8 for evacuation
[2025-08-01T01:07:16.158+0000] GC(393)   Pre Evacuate Collection Set: 0.7ms
[2025-08-01T01:07:16.158+0000] GC(393)   Merge Heap Roots: 0.3ms
[2025-08-01T01:07:16.158+0000] GC(393)   Evacuate Collection Set: 80.8ms
[2025-08-01T01:07:16.158+0000] GC(393)   Post Evacuate Collection Set: 1.0ms
[2025-08-01T01:07:16.158+0000] GC(393)   Other: 0.2ms
[2025-08-01T01:07:16.158+0000] GC(393) Eden regions: 222->0(144)
[2025-08-01T01:07:16.158+0000] GC(393) Survivor regions: 45->34(34)
[2025-08-01T01:07:16.158+0000] GC(393) Old regions: 1111->1346
[2025-08-01T01:07:16.158+0000] GC(393) Archive regions: 2->2
[2025-08-01T01:07:16.158+0000] GC(393) Humongous regions: 0->0
[2025-08-01T01:07:16.158+0000] GC(393) Metaspace: 10061K(10304K)->10061K(10304K) NonClass: 8835K(8960K)->8835K(8960K) Class: 1225K(1344K)->1225K(1344K)
[2025-08-01T01:07:16.158+0000] GC(393) Pause Young (Normal) (G1 Evacuation Pause) 2757M->2760M(4096M) 83.189ms
[2025-08-01T01:07:16.158+0000] GC(393) User=0.64s Sys=0.01s Real=0.08s
[2025-08-01T01:07:16.173+0000] GC(392) Concurrent Mark From Roots 132.072ms
[2025-08-01T01:07:16.173+0000] GC(392) Concurrent Preclean
[2025-08-01T01:07:16.173+0000] GC(392) Concurrent Preclean 0.190ms
[2025-08-01T01:07:16.173+0000] GC(392) Pause Remark
[2025-08-01T01:07:16.176+0000] GC(392) Pause Remark 2906M->1606M(4096M) 2.543ms
[2025-08-01T01:07:16.176+0000] GC(392) User=0.01s Sys=0.01s Real=0.00s
[2025-08-01T01:07:16.176+0000] GC(392) Concurrent Mark 135.159ms
[2025-08-01T01:07:16.176+0000] GC(392) Concurrent Rebuild Remembered Sets
[2025-08-01T01:07:16.231+0000] GC(394) Pause Young (Normal) (G1 Evacuation Pause)
[2025-08-01T01:07:16.231+0000] GC(394) Using 8 workers of 8 for evacuation
[2025-08-01T01:07:16.283+0000] GC(394)   Pre Evacuate Collection Set: 0.3ms
[2025-08-01T01:07:16.283+0000] GC(394)   Merge Heap Roots: 0.1ms
[2025-08-01T01:07:16.283+0000] GC(394)   Evacuate Collection Set: 50.6ms
[2025-08-01T01:07:16.283+0000] GC(394)   Post Evacuate Collection Set: 0.9ms
[2025-08-01T01:07:16.283+0000] GC(394)   Other: 0.3ms
[2025-08-01T01:07:16.283+0000] GC(394) Eden regions: 144->0(316)
[2025-08-01T01:07:16.283+0000] GC(394) Survivor regions: 34->23(23)
[2025-08-01T01:07:16.283+0000] GC(394) Old regions: 696->848
[2025-08-01T01:07:16.283+0000] GC(394) Archive regions: 2->2
[2025-08-01T01:07:16.283+0000] GC(394) Humongous regions: 0->0
[2025-08-01T01:07:16.283+0000] GC(394) Metaspace: 10061K(10304K)->10061K(10304K) NonClass: 8835K(8960K)->8835K(8960K) Class: 1225K(1344K)->1225K(1344K)
[2025-08-01T01:07:16.283+0000] GC(394) Pause Young (Normal) (G1 Evacuation Pause) 1748M->1742M(4096M) 52.445ms
[2025-08-01T01:07:16.283+0000] GC(394) User=0.40s Sys=0.00s Real=0.06s
[2025-08-01T01:07:16.391+0000] GC(392) Concurrent Rebuild Remembered Sets 215.098ms
[2025-08-01T01:07:16.391+0000] GC(392) Pause Cleanup
[2025-08-01T01:07:16.392+0000] GC(392) Pause Cleanup 2322M->2322M(4096M) 0.486ms
[2025-08-01T01:07:16.392+0000] GC(392) User=0.00s Sys=0.00s Real=0.00s
[2025-08-01T01:07:16.392+0000] GC(392) Concurrent Cleanup for Next Mark
[2025-08-01T01:07:16.400+0000] GC(392) Concurrent Cleanup for Next Mark 7.547ms
[2025-08-01T01:07:16.400+0000] GC(392) Concurrent Mark Cycle 413.483ms
[2025-08-01T01:07:16.426+0000] GC(395) Pause Young (Prepare Mixed) (G1 Evacuation Pause)
[2025-08-01T01:07:16.426+0000] GC(395) Using 8 workers of 8 for evacuation
[2025-08-01T01:07:16.491+0000] GC(395)   Pre Evacuate Collection Set: 0.5ms
[2025-08-01T01:07:16.491+0000] GC(395)   Merge Heap Roots: 0.8ms
[2025-08-01T01:07:16.491+0000] GC(395)   Evacuate Collection Set: 61.9ms
[2025-08-01T01:07:16.491+0000] GC(395)   Post Evacuate Collection Set: 1.1ms
[2025-08-01T01:07:16.491+0000] GC(395)   Other: 0.2ms
[2025-08-01T01:07:16.491+0000] GC(395) Eden regions: 316->0(59)
[2025-08-01T01:07:16.491+0000] GC(395) Survivor regions: 23->43(43)
[2025-08-01T01:07:16.491+0000] GC(395) Old regions: 848->993
[2025-08-01T01:07:16.491+0000] GC(395) Archive regions: 2->2
[2025-08-01T01:07:16.491+0000] GC(395) Humongous regions: 0->0
[2025-08-01T01:07:16.491+0000] GC(395) Metaspace: 10061K(10304K)->10061K(10304K) NonClass: 8835K(8960K)->8835K(8960K) Class: 1225K(1344K)->1225K(1344K)
[2025-08-01T01:07:16.491+0000] GC(395) Pause Young (Prepare Mixed) (G1 Evacuation Pause) 2374M->2073M(4096M) 64.573ms
[2025-08-01T01:07:16.491+0000] GC(395) User=0.47s Sys=0.01s Real=0.06s
[2025-08-01T01:07:16.503+0000] GC(396) Pause Young (Mixed) (G1 Evacuation Pause)
[2025-08-01T01:07:16.503+0000] GC(396) Using 8 workers of 8 for evacuation
[2025-08-01T01:07:16.536+0000] GC(396)   Pre Evacuate Collection Set: 0.3ms
[2025-08-01T01:07:16.537+0000] GC(396)   Merge Heap Roots: 0.2ms
[2025-08-01T01:07:16.537+0000] GC(396)   Evacuate Collection Set: 31.9ms
[2025-08-01T01:07:16.537+0000] GC(396)   Post Evacuate Collection Set: 0.9ms
[2025-08-01T01:07:16.537+0000] GC(396)   Other: 0.2ms
[2025-08-01T01:07:16.537+0000] GC(396) Eden regions: 59->0(247)
[2025-08-01T01:07:16.537+0000] GC(396) Survivor regions: 43->13(13)
[2025-08-01T01:07:16.537+0000] GC(396) Old regions: 993->1072
[2025-08-01T01:07:16.537+0000] GC(396) Archive regions: 2->2
[2025-08-01T01:07:16.537+0000] GC(396) Humongous regions: 0->0
[2025-08-01T01:07:16.537+0000] GC(396) Metaspace: 10061K(10304K)->10061K(10304K) NonClass: 8835K(8960K)->8835K(8960K) Class: 1225K(1344K)->1225K(1344K)
[2025-08-01T01:07:16.537+0000] GC(396) Pause Young (Mixed) (G1 Evacuation Pause) 2191M->2170M(4096M) 33.541ms
[2025-08-01T01:07:16.537+0000] GC(396) User=0.25s Sys=0.01s Real=0.03s
[2025-08-01T01:07:16.626+0000] GC(397) Pause Young (Concurrent Start) (G1 Evacuation Pause)
[2025-08-01T01:07:16.626+0000] GC(397) Using 8 workers of 8 for evacuation
[2025-08-01T01:07:16.721+0000] GC(397)   Pre Evacuate Collection Set: 1.2ms
[2025-08-01T01:07:16.721+0000] GC(397)   Merge Heap Roots: 0.3ms
[2025-08-01T01:07:16.721+0000] GC(397)   Evacuate Collection Set: 92.1ms
[2025-08-01T01:07:16.721+0000] GC(397)   Post Evacuate Collection Set: 1.1ms
[2025-08-01T01:07:16.721+0000] GC(397)   Other: 0.3ms
[2025-08-01T01:07:16.721+0000] GC(397) Eden regions: 247->0(159)
[2025-08-01T01:07:16.721+0000] GC(397) Survivor regions: 13->33(33)
[2025-08-01T01:07:16.721+0000] GC(397) Old regions: 1072->1300
[2025-08-01T01:07:16.721+0000] GC(397) Archive regions: 2->2
[2025-08-01T01:07:16.721+0000] GC(397) Humongous regions: 0->0
[2025-08-01T01:07:16.721+0000] GC(397) Metaspace: 10061K(10304K)->10061K(10304K) NonClass: 8835K(8960K)->8835K(8960K) Class: 1225K(1344K)->1225K(1344K)
[2025-08-01T01:07:16.721+0000] GC(397) Pause Young (Concurrent Start) (G1 Evacuation Pause) 2664M->2666M(4096M) 95.230ms
[2025-08-01T01:07:16.721+0000] GC(397) User=0.70s Sys=0.02s Real=0.09s
[2025-08-01T01:07:16.722+0000] GC(398) Concurrent Mark Cycle
[2025-08-01T01:07:16.722+0000] GC(398) Concurrent Clear Claimed Marks
[2025-08-01T01:07:16.722+0000] GC(398) Concurrent Clear Claimed Marks 0.027ms
[2025-08-01T01:07:16.722+0000] GC(398) Concurrent Scan Root Regions
[2025-08-01T01:07:16.769+0000] GC(398) Concurrent Scan Root Regions 46.879ms
[2025-08-01T01:07:16.769+0000] GC(398) Concurrent Mark
[2025-08-01T01:07:16.769+0000] GC(398) Concurrent Mark From Roots
[2025-08-01T01:07:16.769+0000] GC(398) Using 2 workers of 2 for marking
[2025-08-01T01:07:16.797+0000] GC(399) Pause Young (Normal) (G1 Evacuation Pause)
[2025-08-01T01:07:16.797+0000] GC(399) Using 8 workers of 8 for evacuation
[2025-08-01T01:07:16.860+0000] GC(399)   Pre Evacuate Collection Set: 0.9ms
[2025-08-01T01:07:16.860+0000] GC(399)   Merge Heap Roots: 0.2ms
[2025-08-01T01:07:16.860+0000] GC(399)   Evacuate Collection Set: 60.1ms
[2025-08-01T01:07:16.860+0000] GC(399)   Post Evacuate Collection Set: 1.2ms
[2025-08-01T01:07:16.860+0000] GC(399)   Other: 0.2ms
[2025-08-01T01:07:16.860+0000] GC(399) Eden regions: 159->0(126)
[2025-08-01T01:07:16.860+0000] GC(399) Survivor regions: 33->24(24)
[2025-08-01T01:07:16.860+0000] GC(399) Old regions: 1300->1424
[2025-08-01T01:07:16.860+0000] GC(399) Archive regions: 2->2
[2025-08-01T01:07:16.860+0000] GC(399) Humongous regions: 0->0
[2025-08-01T01:07:16.860+0000] GC(399) Metaspace: 10061K(10304K)->10061K(10304K) NonClass: 8835K(8960K)->8835K(8960K) Class: 1225K(1344K)->1225K(1344K)
[2025-08-01T01:07:16.860+0000] GC(399) Pause Young (Normal) (G1 Evacuation Pause) 2984M->2897M(4096M) 62.705ms
[2025-08-01T01:07:16.860+0000] GC(399) User=0.39s Sys=0.03s Real=0.06s
[2025-08-01T01:07:16.923+0000] GC(398) Concurrent Mark From Roots 154.238ms
[2025-08-01T01:07:16.923+0000] GC(398) Concurrent Preclean
[2025-08-01T01:07:16.923+0000] GC(398) Concurrent Preclean 0.335ms
[2025-08-01T01:07:16.924+0000] GC(398) Pause Remark
[2025-08-01T01:07:16.928+0000] GC(398) Pause Remark 3101M->1553M(4096M) 4.397ms
[2025-08-01T01:07:16.928+0000] GC(398) User=0.01s Sys=0.01s Real=0.00s
[2025-08-01T01:07:16.928+0000] GC(398) Concurrent Mark 159.766ms
[2025-08-01T01:07:16.928+0000] GC(398) Concurrent Rebuild Remembered Sets
[2025-08-01T01:07:16.933+0000] GC(400) Pause Young (Normal) (G1 Evacuation Pause)
[2025-08-01T01:07:16.933+0000] GC(400) Using 8 workers of 8 for evacuation
[2025-08-01T01:07:16.980+0000] GC(400)   Pre Evacuate Collection Set: 0.5ms
[2025-08-01T01:07:16.980+0000] GC(400)   Merge Heap Roots: 0.2ms
[2025-08-01T01:07:16.980+0000] GC(400)   Evacuate Collection Set: 45.3ms
[2025-08-01T01:07:16.980+0000] GC(400)   Post Evacuate Collection Set: 0.7ms
[2025-08-01T01:07:16.980+0000] GC(400)   Other: 0.2ms
[2025-08-01T01:07:16.980+0000] GC(400) Eden regions: 126->0(338)
[2025-08-01T01:07:16.980+0000] GC(400) Survivor regions: 24->19(19)
[2025-08-01T01:07:16.980+0000] GC(400) Old regions: 650->783
[2025-08-01T01:07:16.980+0000] GC(400) Archive regions: 2->2
[2025-08-01T01:07:16.980+0000] GC(400) Humongous regions: 0->0
[2025-08-01T01:07:16.980+0000] GC(400) Metaspace: 10061K(10304K)->10061K(10304K) NonClass: 8835K(8960K)->8835K(8960K) Class: 1225K(1344K)->1225K(1344K)
[2025-08-01T01:07:16.980+0000] GC(400) Pause Young (Normal) (G1 Evacuation Pause) 1601M->1604M(4096M) 46.945ms
[2025-08-01T01:07:16.980+0000] GC(400) User=0.35s Sys=0.00s Real=0.04s
[2025-08-01T01:07:17.133+0000] GC(401) Pause Young (Normal) (G1 Evacuation Pause)
[2025-08-01T01:07:17.133+0000] GC(401) Using 8 workers of 8 for evacuation
[2025-08-01T01:07:17.229+0000] GC(401)   Pre Evacuate Collection Set: 0.5ms
[2025-08-01T01:07:17.229+0000] GC(401)   Merge Heap Roots: 0.2ms
[2025-08-01T01:07:17.229+0000] GC(401)   Evacuate Collection Set: 94.1ms
[2025-08-01T01:07:17.229+0000] GC(401)   Post Evacuate Collection Set: 1.1ms
[2025-08-01T01:07:17.229+0000] GC(401)   Other: 0.2ms
[2025-08-01T01:07:17.229+0000] GC(401) Eden regions: 338->0(291)
[2025-08-01T01:07:17.229+0000] GC(401) Survivor regions: 19->45(45)
[2025-08-01T01:07:17.229+0000] GC(401) Old regions: 783->934
[2025-08-01T01:07:17.229+0000] GC(401) Archive regions: 2->2
[2025-08-01T01:07:17.229+0000] GC(401) Humongous regions: 0->0
[2025-08-01T01:07:17.229+0000] GC(401) Metaspace: 10061K(10304K)->10061K(10304K) NonClass: 8835K(8960K)->8835K(8960K) Class: 1225K(1344K)->1225K(1344K)
[2025-08-01T01:07:17.229+0000] GC(401) Pause Young (Normal) (G1 Evacuation Pause) 2280M->1958M(4096M) 96.248ms
[2025-08-01T01:07:17.230+0000] GC(401) User=0.71s Sys=0.03s Real=0.09s
[2025-08-01T01:07:17.253+0000] GC(398) Concurrent Rebuild Remembered Sets 324.563ms
[2025-08-01T01:07:17.253+0000] GC(398) Pause Cleanup
[2025-08-01T01:07:17.254+0000] GC(398) Pause Cleanup 2168M->2168M(4096M) 0.977ms
[2025-08-01T01:07:17.254+0000] GC(398) User=0.00s Sys=0.00s Real=0.00s
[2025-08-01T01:07:17.255+0000] GC(398) Concurrent Cleanup for Next Mark
[2025-08-01T01:07:17.270+0000] GC(398) Concurrent Cleanup for Next Mark 15.751ms
[2025-08-01T01:07:17.270+0000] GC(398) Concurrent Mark Cycle 548.832ms
[2025-08-01T01:07:17.343+0000] GC(402) Pause Young (Prepare Mixed) (G1 Evacuation Pause)
[2025-08-01T01:07:17.343+0000] GC(402) Using 8 workers of 8 for evacuation
[2025-08-01T01:07:17.448+0000] GC(402)   Pre Evacuate Collection Set: 1.0ms
[2025-08-01T01:07:17.448+0000] GC(402)   Merge Heap Roots: 0.3ms
[2025-08-01T01:07:17.448+0000] GC(402)   Evacuate Collection Set: 102.0ms
[2025-08-01T01:07:17.448+0000] GC(402)   Post Evacuate Collection Set: 1.4ms
[2025-08-01T01:07:17.448+0000] GC(402)   Other: 0.2ms
[2025-08-01T01:07:17.448+0000] GC(402) Eden regions: 291->0(60)
[2025-08-01T01:07:17.448+0000] GC(402) Survivor regions: 45->42(42)
[2025-08-01T01:07:17.448+0000] GC(402) Old regions: 934->1230
[2025-08-01T01:07:17.448+0000] GC(402) Archive regions: 2->2
[2025-08-01T01:07:17.448+0000] GC(402) Humongous regions: 0->0
[2025-08-01T01:07:17.448+0000] GC(402) Metaspace: 10061K(10304K)->10061K(10304K) NonClass: 8835K(8960K)->8835K(8960K) Class: 1225K(1344K)->1225K(1344K)
[2025-08-01T01:07:17.448+0000] GC(402) Pause Young (Prepare Mixed) (G1 Evacuation Pause) 2540M->2544M(4096M) 105.022ms
[2025-08-01T01:07:17.448+0000] GC(402) User=0.79s Sys=0.01s Real=0.11s
[2025-08-01T01:07:17.459+0000] GC(403) Pause Young (Mixed) (G1 Evacuation Pause)
[2025-08-01T01:07:17.459+0000] GC(403) Using 8 workers of 8 for evacuation
[2025-08-01T01:07:17.489+0000] GC(403)   Pre Evacuate Collection Set: 0.4ms
[2025-08-01T01:07:17.489+0000] GC(403)   Merge Heap Roots: 0.2ms
[2025-08-01T01:07:17.489+0000] GC(403)   Evacuate Collection Set: 28.0ms
[2025-08-01T01:07:17.489+0000] GC(403)   Post Evacuate Collection Set: 1.1ms
[2025-08-01T01:07:17.489+0000] GC(403)   Other: 0.2ms
[2025-08-01T01:07:17.489+0000] GC(403) Eden regions: 60->0(162)
[2025-08-01T01:07:17.489+0000] GC(403) Survivor regions: 42->13(13)
[2025-08-01T01:07:17.489+0000] GC(403) Old regions: 1230->1313
[2025-08-01T01:07:17.489+0000] GC(403) Archive regions: 2->2
[2025-08-01T01:07:17.489+0000] GC(403) Humongous regions: 0->0
[2025-08-01T01:07:17.489+0000] GC(403) Metaspace: 10061K(10304K)->10061K(10304K) NonClass: 8835K(8960K)->8835K(8960K) Class: 1225K(1344K)->1225K(1344K)
[2025-08-01T01:07:17.489+0000] GC(403) Pause Young (Mixed) (G1 Evacuation Pause) 2664M->2653M(4096M) 29.974ms
[2025-08-01T01:07:17.489+0000] GC(403) User=0.22s Sys=0.00s Real=0.03s
[2025-08-01T01:07:17.550+0000] GC(404) Pause Young (Concurrent Start) (G1 Evacuation Pause)
[2025-08-01T01:07:17.550+0000] GC(404) Using 8 workers of 8 for evacuation
[2025-08-01T01:07:17.605+0000] GC(404)   Pre Evacuate Collection Set: 0.5ms
[2025-08-01T01:07:17.605+0000] GC(404)   Merge Heap Roots: 0.1ms
[2025-08-01T01:07:17.605+0000] GC(404)   Evacuate Collection Set: 53.5ms
[2025-08-01T01:07:17.605+0000] GC(404)   Post Evacuate Collection Set: 1.1ms
[2025-08-01T01:07:17.605+0000] GC(404)   Other: 0.3ms
[2025-08-01T01:07:17.605+0000] GC(404) Eden regions: 162->0(111)
[2025-08-01T01:07:17.605+0000] GC(404) Survivor regions: 13->22(22)
[2025-08-01T01:07:17.605+0000] GC(404) Old regions: 1313->1461
[2025-08-01T01:07:17.605+0000] GC(404) Archive regions: 2->2
[2025-08-01T01:07:17.605+0000] GC(404) Humongous regions: 0->0
[2025-08-01T01:07:17.605+0000] GC(404) Metaspace: 10061K(10304K)->10061K(10304K) NonClass: 8835K(8960K)->8835K(8960K) Class: 1225K(1344K)->1225K(1344K)
[2025-08-01T01:07:17.605+0000] GC(404) Pause Young (Concurrent Start) (G1 Evacuation Pause) 2977M->2966M(4096M) 55.528ms
[2025-08-01T01:07:17.605+0000] GC(404) User=0.41s Sys=0.01s Real=0.06s
[2025-08-01T01:07:17.605+0000] GC(405) Concurrent Mark Cycle
[2025-08-01T01:07:17.605+0000] GC(405) Concurrent Clear Claimed Marks
[2025-08-01T01:07:17.605+0000] GC(405) Concurrent Clear Claimed Marks 0.026ms
[2025-08-01T01:07:17.605+0000] GC(405) Concurrent Scan Root Regions
[2025-08-01T01:07:17.638+0000] GC(405) Concurrent Scan Root Regions 32.942ms
[2025-08-01T01:07:17.638+0000] GC(405) Concurrent Mark
[2025-08-01T01:07:17.638+0000] GC(405) Concurrent Mark From Roots
[2025-08-01T01:07:17.638+0000] GC(406) Pause Young (Normal) (G1 Evacuation Pause)
[2025-08-01T01:07:17.638+0000] GC(406) Using 8 workers of 8 for evacuation
[2025-08-01T01:07:17.638+0000] GC(405) Using 2 workers of 2 for marking
[2025-08-01T01:07:17.679+0000] GC(406)   Pre Evacuate Collection Set: 12.4ms
[2025-08-01T01:07:17.679+0000] GC(406)   Merge Heap Roots: 0.1ms
[2025-08-01T01:07:17.679+0000] GC(406)   Evacuate Collection Set: 39.2ms
[2025-08-01T01:07:17.679+0000] GC(406)   Post Evacuate Collection Set: 0.8ms
[2025-08-01T01:07:17.679+0000] GC(406)   Other: 0.2ms
[2025-08-01T01:07:17.679+0000] GC(406) Eden regions: 111->0(85)
[2025-08-01T01:07:17.679+0000] GC(406) Survivor regions: 22->17(17)
[2025-08-01T01:07:17.679+0000] GC(406) Old regions: 1461->1580
[2025-08-01T01:07:17.679+0000] GC(406) Archive regions: 2->2
[2025-08-01T01:07:17.679+0000] GC(406) Humongous regions: 0->0
[2025-08-01T01:07:17.679+0000] GC(406) Metaspace: 10061K(10304K)->10061K(10304K) NonClass: 8835K(8960K)->8835K(8960K) Class: 1225K(1344K)->1225K(1344K)
[2025-08-01T01:07:17.679+0000] GC(406) Pause Young (Normal) (G1 Evacuation Pause) 3188M->3194M(4096M) 40.864ms
[2025-08-01T01:07:17.679+0000] GC(406) User=0.31s Sys=0.00s Real=0.04s
[2025-08-01T01:07:17.698+0000] GC(407) Pause Young (Normal) (G1 Evacuation Pause)
[2025-08-01T01:07:17.698+0000] GC(407) Using 8 workers of 8 for evacuation
[2025-08-01T01:07:17.716+0000] GC(407)   Pre Evacuate Collection Set: 0.2ms
[2025-08-01T01:07:17.716+0000] GC(407)   Merge Heap Roots: 0.1ms
[2025-08-01T01:07:17.716+0000] GC(407)   Evacuate Collection Set: 16.9ms
[2025-08-01T01:07:17.717+0000] GC(407)   Post Evacuate Collection Set: 0.9ms
[2025-08-01T01:07:17.717+0000] GC(407)   Other: 0.2ms
[2025-08-01T01:07:17.717+0000] GC(407) Eden regions: 85->0(89)
[2025-08-01T01:07:17.717+0000] GC(407) Survivor regions: 17->13(13)
[2025-08-01T01:07:17.717+0000] GC(407) Old regions: 1580->1631
[2025-08-01T01:07:17.717+0000] GC(407) Archive regions: 2->2
[2025-08-01T01:07:17.717+0000] GC(407) Humongous regions: 0->0
[2025-08-01T01:07:17.717+0000] GC(407) Metaspace: 10061K(10304K)->10061K(10304K) NonClass: 8835K(8960K)->8835K(8960K) Class: 1225K(1344K)->1225K(1344K)
[2025-08-01T01:07:17.717+0000] GC(407) Pause Young (Normal) (G1 Evacuation Pause) 3364M->3288M(4096M) 18.398ms
[2025-08-01T01:07:17.717+0000] GC(407) User=0.14s Sys=0.00s Real=0.02s
[2025-08-01T01:07:17.759+0000] GC(408) Pause Young (Normal) (G1 Evacuation Pause)
[2025-08-01T01:07:17.759+0000] GC(408) Using 8 workers of 8 for evacuation
[2025-08-01T01:07:17.793+0000] GC(408)   Pre Evacuate Collection Set: 0.5ms
[2025-08-01T01:07:17.793+0000] GC(408)   Merge Heap Roots: 0.3ms
[2025-08-01T01:07:17.793+0000] GC(408)   Evacuate Collection Set: 32.5ms
[2025-08-01T01:07:17.793+0000] GC(408)   Post Evacuate Collection Set: 0.5ms
[2025-08-01T01:07:17.793+0000] GC(408)   Other: 0.2ms
[2025-08-01T01:07:17.793+0000] GC(408) Eden regions: 89->0(89)
[2025-08-01T01:07:17.793+0000] GC(408) Survivor regions: 13->13(13)
[2025-08-01T01:07:17.793+0000] GC(408) Old regions: 1631->1721
[2025-08-01T01:07:17.793+0000] GC(408) Archive regions: 2->2
[2025-08-01T01:07:17.793+0000] GC(408) Humongous regions: 0->0
[2025-08-01T01:07:17.793+0000] GC(408) Metaspace: 10061K(10304K)->10061K(10304K) NonClass: 8835K(8960K)->8835K(8960K) Class: 1225K(1344K)->1225K(1344K)
[2025-08-01T01:07:17.793+0000] GC(408) Pause Young (Normal) (G1 Evacuation Pause) 3466M->3468M(4096M) 34.149ms
[2025-08-01T01:07:17.793+0000] GC(408) User=0.25s Sys=0.01s Real=0.04s
[2025-08-01T01:07:17.811+0000] GC(409) Pause Young (Normal) (G1 Evacuation Pause)
[2025-08-01T01:07:17.811+0000] GC(409) Using 8 workers of 8 for evacuation
[2025-08-01T01:07:17.834+0000] GC(409)   Pre Evacuate Collection Set: 0.2ms
[2025-08-01T01:07:17.834+0000] GC(409)   Merge Heap Roots: 0.1ms
[2025-08-01T01:07:17.834+0000] GC(409)   Evacuate Collection Set: 21.7ms
[2025-08-01T01:07:17.834+0000] GC(409)   Post Evacuate Collection Set: 0.7ms
[2025-08-01T01:07:17.834+0000] GC(409)   Other: 0.1ms
[2025-08-01T01:07:17.834+0000] GC(409) Eden regions: 89->0(89)
[2025-08-01T01:07:17.834+0000] GC(409) Survivor regions: 13->13(13)
[2025-08-01T01:07:17.834+0000] GC(409) Old regions: 1721->1788
[2025-08-01T01:07:17.834+0000] GC(409) Archive regions: 2->2
[2025-08-01T01:07:17.834+0000] GC(409) Humongous regions: 0->0
[2025-08-01T01:07:17.834+0000] GC(409) Metaspace: 10061K(10304K)->10061K(10304K) NonClass: 8835K(8960K)->8835K(8960K) Class: 1225K(1344K)->1225K(1344K)
[2025-08-01T01:07:17.834+0000] GC(409) Pause Young (Normal) (G1 Evacuation Pause) 3646M->3603M(4096M) 23.026ms
[2025-08-01T01:07:17.834+0000] GC(409) User=0.17s Sys=0.00s Real=0.03s
[2025-08-01T01:07:17.871+0000] GC(410) Pause Young (Normal) (G1 Evacuation Pause)
[2025-08-01T01:07:17.871+0000] GC(410) Using 8 workers of 8 for evacuation
[2025-08-01T01:07:17.901+0000] GC(410)   Pre Evacuate Collection Set: 1.2ms
[2025-08-01T01:07:17.901+0000] GC(410)   Merge Heap Roots: 0.2ms
[2025-08-01T01:07:17.901+0000] GC(410)   Evacuate Collection Set: 27.1ms
[2025-08-01T01:07:17.901+0000] GC(410)   Post Evacuate Collection Set: 0.7ms
[2025-08-01T01:07:17.901+0000] GC(410)   Other: 0.2ms
[2025-08-01T01:07:17.901+0000] GC(410) Eden regions: 89->0(89)
[2025-08-01T01:07:17.901+0000] GC(410) Survivor regions: 13->13(13)
[2025-08-01T01:07:17.901+0000] GC(410) Old regions: 1788->1879
[2025-08-01T01:07:17.901+0000] GC(410) Archive regions: 2->2
[2025-08-01T01:07:17.901+0000] GC(410) Humongous regions: 0->0
[2025-08-01T01:07:17.901+0000] GC(410) Metaspace: 10061K(10304K)->10061K(10304K) NonClass: 8835K(8960K)->8835K(8960K) Class: 1225K(1344K)->1225K(1344K)
[2025-08-01T01:07:17.901+0000] GC(410) Pause Young (Normal) (G1 Evacuation Pause) 3781M->3784M(4096M) 29.544ms
[2025-08-01T01:07:17.901+0000] GC(410) User=0.21s Sys=0.00s Real=0.03s
[2025-08-01T01:07:17.914+0000] GC(411) Pause Young (Normal) (G1 Preventive Collection)
[2025-08-01T01:07:17.914+0000] GC(411) Using 8 workers of 8 for evacuation
[2025-08-01T01:07:17.938+0000] GC(411)   Pre Evacuate Collection Set: 0.7ms
[2025-08-01T01:07:17.938+0000] GC(411)   Merge Heap Roots: 0.3ms
[2025-08-01T01:07:17.938+0000] GC(411)   Evacuate Collection Set: 22.4ms
[2025-08-01T01:07:17.938+0000] GC(411)   Post Evacuate Collection Set: 0.9ms
[2025-08-01T01:07:17.938+0000] GC(411)   Other: 0.2ms
[2025-08-01T01:07:17.938+0000] GC(411) Eden regions: 67->0(89)
[2025-08-01T01:07:17.938+0000] GC(411) Survivor regions: 13->13(13)
[2025-08-01T01:07:17.938+0000] GC(411) Old regions: 1879->1947
[2025-08-01T01:07:17.938+0000] GC(411) Archive regions: 2->2
[2025-08-01T01:07:17.938+0000] GC(411) Humongous regions: 0->0
[2025-08-01T01:07:17.938+0000] GC(411) Metaspace: 10061K(10304K)->10061K(10304K) NonClass: 8835K(8960K)->8835K(8960K) Class: 1225K(1344K)->1225K(1344K)
[2025-08-01T01:07:17.938+0000] GC(411) Pause Young (Normal) (G1 Preventive Collection) 3918M->3920M(4096M) 24.622ms
[2025-08-01T01:07:17.939+0000] GC(411) User=0.18s Sys=0.00s Real=0.02s
[2025-08-01T01:07:17.945+0000] GC(405) Concurrent Mark From Roots 306.178ms
[2025-08-01T01:07:17.945+0000] GC(405) Concurrent Preclean
[2025-08-01T01:07:17.945+0000] GC(405) Concurrent Preclean 0.390ms
[2025-08-01T01:07:17.946+0000] GC(405) Pause Remark
[2025-08-01T01:07:17.949+0000] GC(405) Pause Remark 3973M->2331M(4096M) 2.928ms
[2025-08-01T01:07:17.949+0000] GC(405) User=0.00s Sys=0.00s Real=0.00s
[2025-08-01T01:07:17.949+0000] GC(405) Concurrent Mark 311.029ms
[2025-08-01T01:07:17.949+0000] GC(405) Concurrent Rebuild Remembered Sets
[2025-08-01T01:07:17.993+0000] GC(412) Pause Young (Normal) (G1 Evacuation Pause)
[2025-08-01T01:07:17.993+0000] GC(412) Using 8 workers of 8 for evacuation
[2025-08-01T01:07:18.032+0000] GC(412)   Pre Evacuate Collection Set: 0.6ms
[2025-08-01T01:07:18.032+0000] GC(412)   Merge Heap Roots: 0.2ms
[2025-08-01T01:07:18.032+0000] GC(412)   Evacuate Collection Set: 37.2ms
[2025-08-01T01:07:18.032+0000] GC(412)   Post Evacuate Collection Set: 0.6ms
[2025-08-01T01:07:18.032+0000] GC(412)   Other: 0.1ms
[2025-08-01T01:07:18.032+0000] GC(412) Eden regions: 89->0(194)
[2025-08-01T01:07:18.032+0000] GC(412) Survivor regions: 13->13(13)
[2025-08-01T01:07:18.032+0000] GC(412) Old regions: 1126->1216
[2025-08-01T01:07:18.032+0000] GC(412) Archive regions: 2->2
[2025-08-01T01:07:18.032+0000] GC(412) Humongous regions: 0->0
[2025-08-01T01:07:18.032+0000] GC(412) Metaspace: 10061K(10304K)->10061K(10304K) NonClass: 8835K(8960K)->8835K(8960K) Class: 1225K(1344K)->1225K(1344K)
[2025-08-01T01:07:18.032+0000] GC(412) Pause Young (Normal) (G1 Evacuation Pause) 2456M->2459M(4096M) 38.903ms
[2025-08-01T01:07:18.032+0000] GC(412) User=0.27s Sys=0.02s Real=0.03s
[2025-08-01T01:07:18.128+0000] GC(413) Pause Young (Normal) (G1 Evacuation Pause)
[2025-08-01T01:07:18.128+0000] GC(413) Using 8 workers of 8 for evacuation
[2025-08-01T01:07:18.198+0000] GC(413)   Pre Evacuate Collection Set: 0.4ms
[2025-08-01T01:07:18.198+0000] GC(413)   Merge Heap Roots: 0.3ms
[2025-08-01T01:07:18.198+0000] GC(413)   Evacuate Collection Set: 67.3ms
[2025-08-01T01:07:18.198+0000] GC(413)   Post Evacuate Collection Set: 1.0ms
[2025-08-01T01:07:18.198+0000] GC(413)   Other: 0.2ms
[2025-08-01T01:07:18.198+0000] GC(413) Eden regions: 194->0(149)
[2025-08-01T01:07:18.198+0000] GC(413) Survivor regions: 13->26(26)
[2025-08-01T01:07:18.198+0000] GC(413) Old regions: 1216->1347
[2025-08-01T01:07:18.198+0000] GC(413) Archive regions: 2->2
[2025-08-01T01:07:18.198+0000] GC(413) Humongous regions: 0->0
[2025-08-01T01:07:18.198+0000] GC(413) Metaspace: 10061K(10304K)->10061K(10304K) NonClass: 8835K(8960K)->8835K(8960K) Class: 1225K(1344K)->1225K(1344K)
[2025-08-01T01:07:18.198+0000] GC(413) Pause Young (Normal) (G1 Evacuation Pause) 2847M->2746M(4096M) 69.424ms
[2025-08-01T01:07:18.198+0000] GC(413) User=0.48s Sys=0.02s Real=0.07s
[2025-08-01T01:07:18.236+0000] GC(414) Pause Young (Normal) (G1 Evacuation Pause)
[2025-08-01T01:07:18.237+0000] GC(414) Using 8 workers of 8 for evacuation
[2025-08-01T01:07:18.298+0000] GC(414)   Pre Evacuate Collection Set: 0.8ms
[2025-08-01T01:07:18.298+0000] GC(414)   Merge Heap Roots: 0.2ms
[2025-08-01T01:07:18.298+0000] GC(414)   Evacuate Collection Set: 59.8ms
[2025-08-01T01:07:18.298+0000] GC(414)   Post Evacuate Collection Set: 0.8ms
[2025-08-01T01:07:18.298+0000] GC(414)   Other: 0.2ms
[2025-08-01T01:07:18.298+0000] GC(414) Eden regions: 149->0(99)
[2025-08-01T01:07:18.298+0000] GC(414) Survivor regions: 26->22(22)
[2025-08-01T01:07:18.298+0000] GC(414) Old regions: 1347->1502
[2025-08-01T01:07:18.298+0000] GC(414) Archive regions: 2->2
[2025-08-01T01:07:18.298+0000] GC(414) Humongous regions: 0->0
[2025-08-01T01:07:18.298+0000] GC(414) Metaspace: 10061K(10304K)->10061K(10304K) NonClass: 8835K(8960K)->8835K(8960K) Class: 1225K(1344K)->1225K(1344K)
[2025-08-01T01:07:18.298+0000] GC(414) Pause Young (Normal) (G1 Evacuation Pause) 3044M->3048M(4096M) 61.878ms
[2025-08-01T01:07:18.298+0000] GC(414) User=0.46s Sys=0.02s Real=0.06s
[2025-08-01T01:07:18.360+0000] GC(415) Pause Young (Normal) (G1 Evacuation Pause)
[2025-08-01T01:07:18.360+0000] GC(415) Using 8 workers of 8 for evacuation
[2025-08-01T01:07:18.380+0000] GC(415)   Pre Evacuate Collection Set: 0.6ms
[2025-08-01T01:07:18.380+0000] GC(415)   Merge Heap Roots: 0.3ms
[2025-08-01T01:07:18.380+0000] GC(415)   Evacuate Collection Set: 18.4ms
[2025-08-01T01:07:18.380+0000] GC(415)   Post Evacuate Collection Set: 0.6ms
[2025-08-01T01:07:18.380+0000] GC(415)   Other: 0.2ms
[2025-08-01T01:07:18.380+0000] GC(415) Eden regions: 99->0(93)
[2025-08-01T01:07:18.380+0000] GC(415) Survivor regions: 22->16(16)
[2025-08-01T01:07:18.380+0000] GC(415) Old regions: 1502->1538
[2025-08-01T01:07:18.380+0000] GC(415) Archive regions: 2->2
[2025-08-01T01:07:18.380+0000] GC(415) Humongous regions: 0->0
[2025-08-01T01:07:18.380+0000] GC(415) Metaspace: 10061K(10304K)->10061K(10304K) NonClass: 8835K(8960K)->8835K(8960K) Class: 1225K(1344K)->1225K(1344K)
[2025-08-01T01:07:18.380+0000] GC(415) Pause Young (Normal) (G1 Evacuation Pause) 3246M->3109M(4096M) 20.318ms
[2025-08-01T01:07:18.380+0000] GC(415) User=0.14s Sys=0.01s Real=0.02s
[2025-08-01T01:07:18.403+0000] GC(416) Pause Young (Normal) (G1 Evacuation Pause)
[2025-08-01T01:07:18.403+0000] GC(416) Using 8 workers of 8 for evacuation
[2025-08-01T01:07:18.439+0000] GC(416)   Pre Evacuate Collection Set: 0.7ms
[2025-08-01T01:07:18.439+0000] GC(416)   Merge Heap Roots: 0.3ms
[2025-08-01T01:07:18.439+0000] GC(416)   Evacuate Collection Set: 34.5ms
[2025-08-01T01:07:18.439+0000] GC(416)   Post Evacuate Collection Set: 0.9ms
[2025-08-01T01:07:18.439+0000] GC(416)   Other: 0.2ms
[2025-08-01T01:07:18.439+0000] GC(416) Eden regions: 93->0(88)
[2025-08-01T01:07:18.439+0000] GC(416) Survivor regions: 16->14(14)
[2025-08-01T01:07:18.439+0000] GC(416) Old regions: 1538->1635
[2025-08-01T01:07:18.439+0000] GC(416) Archive regions: 2->2
[2025-08-01T01:07:18.439+0000] GC(416) Humongous regions: 0->0
[2025-08-01T01:07:18.439+0000] GC(416) Metaspace: 10061K(10304K)->10061K(10304K) NonClass: 8835K(8960K)->8835K(8960K) Class: 1225K(1344K)->1225K(1344K)
[2025-08-01T01:07:18.439+0000] GC(416) Pause Young (Normal) (G1 Evacuation Pause) 3295M->3299M(4096M) 36.696ms
[2025-08-01T01:07:18.439+0000] GC(416) User=0.26s Sys=0.01s Real=0.04s
[2025-08-01T01:07:18.459+0000] GC(405) Concurrent Rebuild Remembered Sets 509.874ms
[2025-08-01T01:07:18.459+0000] GC(405) Pause Cleanup
[2025-08-01T01:07:18.460+0000] GC(405) Pause Cleanup 3397M->3397M(4096M) 0.851ms
[2025-08-01T01:07:18.460+0000] GC(405) User=0.01s Sys=0.00s Real=0.00s
[2025-08-01T01:07:18.461+0000] GC(405) Concurrent Cleanup for Next Mark
[2025-08-01T01:07:18.468+0000] GC(405) Concurrent Cleanup for Next Mark 7.181ms
[2025-08-01T01:07:18.468+0000] GC(405) Concurrent Mark Cycle 862.449ms
[2025-08-01T01:07:18.505+0000] GC(417) Pause Young (Prepare Mixed) (G1 Evacuation Pause)
[2025-08-01T01:07:18.505+0000] GC(417) Using 8 workers of 8 for evacuation
[2025-08-01T01:07:18.543+0000] GC(417)   Pre Evacuate Collection Set: 0.4ms
[2025-08-01T01:07:18.543+0000] GC(417)   Merge Heap Roots: 0.1ms
[2025-08-01T01:07:18.543+0000] GC(417)   Evacuate Collection Set: 36.3ms
[2025-08-01T01:07:18.543+0000] GC(417)   Post Evacuate Collection Set: 0.8ms
[2025-08-01T01:07:18.543+0000] GC(417)   Other: 0.2ms
[2025-08-01T01:07:18.543+0000] GC(417) Eden regions: 88->0(89)
[2025-08-01T01:07:18.543+0000] GC(417) Survivor regions: 14->13(13)
[2025-08-01T01:07:18.543+0000] GC(417) Old regions: 1635->1727
[2025-08-01T01:07:18.543+0000] GC(417) Archive regions: 2->2
[2025-08-01T01:07:18.543+0000] GC(417) Humongous regions: 0->0
[2025-08-01T01:07:18.543+0000] GC(417) Metaspace: 10061K(10304K)->10061K(10304K) NonClass: 8835K(8960K)->8835K(8960K) Class: 1225K(1344K)->1225K(1344K)
[2025-08-01T01:07:18.543+0000] GC(417) Pause Young (Prepare Mixed) (G1 Evacuation Pause) 3475M->3480M(4096M) 37.984ms
[2025-08-01T01:07:18.543+0000] GC(417) User=0.27s Sys=0.01s Real=0.04s
[2025-08-01T01:07:18.558+0000] GC(418) Pause Young (Mixed) (G1 Evacuation Pause)
[2025-08-01T01:07:18.559+0000] GC(418) Using 8 workers of 8 for evacuation
[2025-08-01T01:07:18.590+0000] GC(418)   Pre Evacuate Collection Set: 0.9ms
[2025-08-01T01:07:18.590+0000] GC(418)   Merge Heap Roots: 0.8ms
[2025-08-01T01:07:18.590+0000] GC(418)   Evacuate Collection Set: 28.2ms
[2025-08-01T01:07:18.590+0000] GC(418)   Post Evacuate Collection Set: 0.9ms
[2025-08-01T01:07:18.590+0000] GC(418)   Other: 0.2ms
[2025-08-01T01:07:18.590+0000] GC(418) Eden regions: 89->0(89)
[2025-08-01T01:07:18.590+0000] GC(418) Survivor regions: 13->13(13)
[2025-08-01T01:07:18.590+0000] GC(418) Old regions: 1727->1782
[2025-08-01T01:07:18.590+0000] GC(418) Archive regions: 2->2
[2025-08-01T01:07:18.590+0000] GC(418) Humongous regions: 0->0
[2025-08-01T01:07:18.590+0000] GC(418) Metaspace: 10061K(10304K)->10061K(10304K) NonClass: 8835K(8960K)->8835K(8960K) Class: 1225K(1344K)->1225K(1344K)
[2025-08-01T01:07:18.590+0000] GC(418) Pause Young (Mixed) (G1 Evacuation Pause) 3658M->3590M(4096M) 31.368ms
[2025-08-01T01:07:18.590+0000] GC(418) User=0.23s Sys=0.00s Real=0.03s
[2025-08-01T01:07:18.653+0000] GC(419) Pause Young (Concurrent Start) (G1 Evacuation Pause)
[2025-08-01T01:07:18.653+0000] GC(419) Using 8 workers of 8 for evacuation
[2025-08-01T01:07:18.685+0000] GC(419)   Pre Evacuate Collection Set: 1.4ms
[2025-08-01T01:07:18.685+0000] GC(419)   Merge Heap Roots: 1.7ms
[2025-08-01T01:07:18.685+0000] GC(419)   Evacuate Collection Set: 27.3ms
[2025-08-01T01:07:18.685+0000] GC(419)   Post Evacuate Collection Set: 1.0ms
[2025-08-01T01:07:18.685+0000] GC(419)   Other: 0.3ms
[2025-08-01T01:07:18.685+0000] GC(419) Eden regions: 89->0(89)
[2025-08-01T01:07:18.685+0000] GC(419) Survivor regions: 13->13(13)
[2025-08-01T01:07:18.685+0000] GC(419) Old regions: 1782->1864
[2025-08-01T01:07:18.685+0000] GC(419) Archive regions: 2->2
[2025-08-01T01:07:18.685+0000] GC(419) Humongous regions: 0->0
[2025-08-01T01:07:18.685+0000] GC(419) Metaspace: 10061K(10304K)->10061K(10304K) NonClass: 8835K(8960K)->8835K(8960K) Class: 1225K(1344K)->1225K(1344K)
[2025-08-01T01:07:18.685+0000] GC(419) Pause Young (Concurrent Start) (G1 Evacuation Pause) 3768M->3755M(4096M) 31.861ms
[2025-08-01T01:07:18.685+0000] GC(419) User=0.20s Sys=0.00s Real=0.03s
[2025-08-01T01:07:18.685+0000] GC(420) Concurrent Mark Cycle
[2025-08-01T01:07:18.685+0000] GC(420) Concurrent Clear Claimed Marks
[2025-08-01T01:07:18.685+0000] GC(420) Concurrent Clear Claimed Marks 0.019ms
[2025-08-01T01:07:18.685+0000] GC(420) Concurrent Scan Root Regions
[2025-08-01T01:07:18.715+0000] GC(420) Concurrent Scan Root Regions 30.303ms
[2025-08-01T01:07:18.715+0000] GC(420) Concurrent Mark
[2025-08-01T01:07:18.715+0000] GC(421) Pause Young (Normal) (G1 Preventive Collection)
[2025-08-01T01:07:18.716+0000] GC(421) Using 8 workers of 8 for evacuation
[2025-08-01T01:07:18.715+0000] GC(420) Concurrent Mark From Roots
[2025-08-01T01:07:18.716+0000] GC(420) Using 2 workers of 2 for marking
[2025-08-01T01:07:18.764+0000] GC(421)   Pre Evacuate Collection Set: 7.8ms
[2025-08-01T01:07:18.764+0000] GC(421)   Merge Heap Roots: 0.2ms
[2025-08-01T01:07:18.764+0000] GC(421)   Evacuate Collection Set: 46.3ms
[2025-08-01T01:07:18.764+0000] GC(421)   Post Evacuate Collection Set: 1.0ms
[2025-08-01T01:07:18.764+0000] GC(421)   Other: 0.2ms
[2025-08-01T01:07:18.764+0000] GC(421) Eden regions: 74->0(89)
[2025-08-01T01:07:18.764+0000] GC(421) Survivor regions: 13->13(13)
[2025-08-01T01:07:18.764+0000] GC(421) Old regions: 1864->1939
[2025-08-01T01:07:18.764+0000] GC(421) Archive regions: 2->2
[2025-08-01T01:07:18.764+0000] GC(421) Humongous regions: 0->0
[2025-08-01T01:07:18.764+0000] GC(421) Metaspace: 10061K(10304K)->10061K(10304K) NonClass: 8835K(8960K)->8835K(8960K) Class: 1225K(1344K)->1225K(1344K)
[2025-08-01T01:07:18.764+0000] GC(421) Pause Young (Normal) (G1 Preventive Collection) 3903M->3905M(4096M) 48.474ms
[2025-08-01T01:07:18.764+0000] GC(421) User=0.37s Sys=0.00s Real=0.05s
[2025-08-01T01:07:18.776+0000] GC(422) Pause Young (Normal) (G1 Preventive Collection)
[2025-08-01T01:07:18.776+0000] GC(422) Using 8 workers of 8 for evacuation
[2025-08-01T01:07:18.800+0000] GC(422)   Pre Evacuate Collection Set: 1.1ms
[2025-08-01T01:07:18.800+0000] GC(422)   Merge Heap Roots: 0.3ms
[2025-08-01T01:07:18.800+0000] GC(422)   Evacuate Collection Set: 21.3ms
[2025-08-01T01:07:18.800+0000] GC(422)   Post Evacuate Collection Set: 0.8ms
[2025-08-01T01:07:18.800+0000] GC(422)   Other: 0.3ms
[2025-08-01T01:07:18.800+0000] GC(422) Eden regions: 38->0(89)
[2025-08-01T01:07:18.800+0000] GC(422) Survivor regions: 13->13(13)
[2025-08-01T01:07:18.800+0000] GC(422) Old regions: 1939->1979
[2025-08-01T01:07:18.800+0000] GC(422) Archive regions: 2->2
[2025-08-01T01:07:18.800+0000] GC(422) Humongous regions: 0->0
[2025-08-01T01:07:18.800+0000] GC(422) Metaspace: 10061K(10304K)->10061K(10304K) NonClass: 8835K(8960K)->8835K(8960K) Class: 1225K(1344K)->1225K(1344K)
[2025-08-01T01:07:18.800+0000] GC(422) Pause Young (Normal) (G1 Preventive Collection) 3981M->3984M(4096M) 23.994ms
[2025-08-01T01:07:18.800+0000] GC(422) User=0.17s Sys=0.00s Real=0.02s
[2025-08-01T01:07:18.804+0000] GC(423) Pause Young (Normal) (G1 Preventive Collection)
[2025-08-01T01:07:18.804+0000] GC(423) Using 8 workers of 8 for evacuation
[2025-08-01T01:07:18.818+0000] GC(423)   Pre Evacuate Collection Set: 0.3ms
[2025-08-01T01:07:18.818+0000] GC(423)   Merge Heap Roots: 0.3ms
[2025-08-01T01:07:18.818+0000] GC(423)   Evacuate Collection Set: 11.7ms
[2025-08-01T01:07:18.818+0000] GC(423)   Post Evacuate Collection Set: 0.8ms
[2025-08-01T01:07:18.818+0000] GC(423)   Other: 0.2ms
[2025-08-01T01:07:18.818+0000] GC(423) Eden regions: 18->0(89)
[2025-08-01T01:07:18.818+0000] GC(423) Survivor regions: 13->13(13)
[2025-08-01T01:07:18.818+0000] GC(423) Old regions: 1979->1999
[2025-08-01T01:07:18.818+0000] GC(423) Archive regions: 2->2
[2025-08-01T01:07:18.818+0000] GC(423) Humongous regions: 0->0
[2025-08-01T01:07:18.818+0000] GC(423) Metaspace: 10061K(10304K)->10061K(10304K) NonClass: 8835K(8960K)->8835K(8960K) Class: 1225K(1344K)->1225K(1344K)
[2025-08-01T01:07:18.818+0000] GC(423) Pause Young (Normal) (G1 Preventive Collection) 4020M->4024M(4096M) 13.703ms
[2025-08-01T01:07:18.818+0000] GC(423) User=0.09s Sys=0.01s Real=0.01s
[2025-08-01T01:07:18.821+0000] GC(424) Pause Young (Normal) (G1 Preventive Collection)
[2025-08-01T01:07:18.821+0000] GC(424) Using 8 workers of 8 for evacuation
[2025-08-01T01:07:18.832+0000] GC(424)   Pre Evacuate Collection Set: 0.5ms
[2025-08-01T01:07:18.832+0000] GC(424)   Merge Heap Roots: 0.2ms
[2025-08-01T01:07:18.833+0000] GC(424)   Evacuate Collection Set: 9.2ms
[2025-08-01T01:07:18.833+0000] GC(424)   Post Evacuate Collection Set: 1.1ms
[2025-08-01T01:07:18.833+0000] GC(424)   Other: 0.3ms
[2025-08-01T01:07:18.833+0000] GC(424) Eden regions: 9->0(92)
[2025-08-01T01:07:18.833+0000] GC(424) Survivor regions: 13->10(13)
[2025-08-01T01:07:18.833+0000] GC(424) Old regions: 1999->2014
[2025-08-01T01:07:18.833+0000] GC(424) Archive regions: 2->2
[2025-08-01T01:07:18.833+0000] GC(424) Humongous regions: 0->0
[2025-08-01T01:07:18.833+0000] GC(424) Metaspace: 10061K(10304K)->10061K(10304K) NonClass: 8835K(8960K)->8835K(8960K) Class: 1225K(1344K)->1225K(1344K)
[2025-08-01T01:07:18.833+0000] GC(424) Pause Young (Normal) (G1 Preventive Collection) 4042M->4049M(4096M) 11.521ms
[2025-08-01T01:07:18.833+0000] GC(424) User=0.07s Sys=0.00s Real=0.01s
[2025-08-01T01:07:18.834+0000] GC(425) Pause Young (Normal) (G1 Preventive Collection)
[2025-08-01T01:07:18.834+0000] GC(425) Using 8 workers of 8 for evacuation
[2025-08-01T01:07:18.840+0000] GC(425) To-space exhausted
[2025-08-01T01:07:18.840+0000] GC(425)   Pre Evacuate Collection Set: 0.5ms
[2025-08-01T01:07:18.840+0000] GC(425)   Merge Heap Roots: 0.2ms
[2025-08-01T01:07:18.840+0000] GC(425)   Evacuate Collection Set: 4.1ms
[2025-08-01T01:07:18.840+0000] GC(425)   Post Evacuate Collection Set: 1.0ms
[2025-08-01T01:07:18.840+0000] GC(425)   Other: 0.2ms
[2025-08-01T01:07:18.840+0000] GC(425) Eden regions: 5->0(95)
[2025-08-01T01:07:18.840+0000] GC(425) Survivor regions: 10->7(13)
[2025-08-01T01:07:18.840+0000] GC(425) Old regions: 2014->2026
[2025-08-01T01:07:18.840+0000] GC(425) Archive regions: 2->2
[2025-08-01T01:07:18.840+0000] GC(425) Humongous regions: 0->0
[2025-08-01T01:07:18.840+0000] GC(425) Metaspace: 10061K(10304K)->10061K(10304K) NonClass: 8835K(8960K)->8835K(8960K) Class: 1225K(1344K)->1225K(1344K)
[2025-08-01T01:07:18.840+0000] GC(425) Pause Young (Normal) (G1 Preventive Collection) 4059M->4066M(4096M) 6.073ms
[2025-08-01T01:07:18.840+0000] GC(425) User=0.04s Sys=0.00s Real=0.00s
[2025-08-01T01:07:18.841+0000] GC(426) Pause Young (Normal) (G1 Preventive Collection)
[2025-08-01T01:07:18.841+0000] GC(426) Using 8 workers of 8 for evacuation
[2025-08-01T01:07:18.844+0000] GC(426)   Pre Evacuate Collection Set: 0.2ms
[2025-08-01T01:07:18.844+0000] GC(426)   Merge Heap Roots: 0.1ms
[2025-08-01T01:07:18.844+0000] GC(426)   Evacuate Collection Set: 2.0ms
[2025-08-01T01:07:18.844+0000] GC(426)   Post Evacuate Collection Set: 0.6ms
[2025-08-01T01:07:18.844+0000] GC(426)   Other: 0.1ms
[2025-08-01T01:07:18.844+0000] GC(426) Eden regions: 2->0(95)
[2025-08-01T01:07:18.844+0000] GC(426) Survivor regions: 7->7(11)
[2025-08-01T01:07:18.844+0000] GC(426) Old regions: 2026->2026
[2025-08-01T01:07:18.844+0000] GC(426) Archive regions: 2->2
[2025-08-01T01:07:18.844+0000] GC(426) Humongous regions: 0->0
[2025-08-01T01:07:18.844+0000] GC(426) Metaspace: 10061K(10304K)->10061K(10304K) NonClass: 8835K(8960K)->8835K(8960K) Class: 1225K(1344K)->1225K(1344K)
[2025-08-01T01:07:18.844+0000] GC(426) Pause Young (Normal) (G1 Preventive Collection) 4070M->4067M(4096M) 3.166ms
[2025-08-01T01:07:18.844+0000] GC(426) User=0.01s Sys=0.00s Real=0.01s
[2025-08-01T01:07:18.845+0000] GC(427) Pause Young (Normal) (G1 Preventive Collection)
[2025-08-01T01:07:18.845+0000] GC(427) Using 8 workers of 8 for evacuation
[2025-08-01T01:07:18.849+0000] GC(427)   Pre Evacuate Collection Set: 0.3ms
[2025-08-01T01:07:18.849+0000] GC(427)   Merge Heap Roots: 0.1ms
[2025-08-01T01:07:18.849+0000] GC(427)   Evacuate Collection Set: 2.3ms
[2025-08-01T01:07:18.849+0000] GC(427)   Post Evacuate Collection Set: 0.7ms
[2025-08-01T01:07:18.849+0000] GC(427)   Other: 0.2ms
[2025-08-01T01:07:18.849+0000] GC(427) Eden regions: 2->0(97)
[2025-08-01T01:07:18.849+0000] GC(427) Survivor regions: 7->5(11)
[2025-08-01T01:07:18.849+0000] GC(427) Old regions: 2026->2032
[2025-08-01T01:07:18.849+0000] GC(427) Archive regions: 2->2
[2025-08-01T01:07:18.849+0000] GC(427) Humongous regions: 0->0
[2025-08-01T01:07:18.849+0000] GC(427) Metaspace: 10061K(10304K)->10061K(10304K) NonClass: 8835K(8960K)->8835K(8960K) Class: 1225K(1344K)->1225K(1344K)
[2025-08-01T01:07:18.849+0000] GC(427) Pause Young (Normal) (G1 Preventive Collection) 4071M->4072M(4096M) 3.760ms
[2025-08-01T01:07:18.849+0000] GC(427) User=0.02s Sys=0.01s Real=0.00s
[2025-08-01T01:07:18.850+0000] GC(428) Pause Young (Normal) (G1 Preventive Collection)
[2025-08-01T01:07:18.850+0000] GC(428) Using 8 workers of 8 for evacuation
[2025-08-01T01:07:18.853+0000] GC(428)   Pre Evacuate Collection Set: 0.4ms
[2025-08-01T01:07:18.853+0000] GC(428)   Merge Heap Roots: 0.1ms
[2025-08-01T01:07:18.853+0000] GC(428)   Evacuate Collection Set: 1.3ms
[2025-08-01T01:07:18.853+0000] GC(428)   Post Evacuate Collection Set: 0.5ms
[2025-08-01T01:07:18.853+0000] GC(428)   Other: 0.1ms
[2025-08-01T01:07:18.853+0000] GC(428) Eden regions: 2->0(96)
[2025-08-01T01:07:18.853+0000] GC(428) Survivor regions: 5->6(7)
[2025-08-01T01:07:18.853+0000] GC(428) Old regions: 2032->2032
[2025-08-01T01:07:18.853+0000] GC(428) Archive regions: 2->2
[2025-08-01T01:07:18.853+0000] GC(428) Humongous regions: 0->0
[2025-08-01T01:07:18.853+0000] GC(428) Metaspace: 10061K(10304K)->10061K(10304K) NonClass: 8835K(8960K)->8835K(8960K) Class: 1225K(1344K)->1225K(1344K)
[2025-08-01T01:07:18.853+0000] GC(428) Pause Young (Normal) (G1 Preventive Collection) 4076M->4075M(4096M) 2.585ms
[2025-08-01T01:07:18.853+0000] GC(428) User=0.01s Sys=0.00s Real=0.00s
[2025-08-01T01:07:18.853+0000] GC(429) Pause Young (Normal) (G1 Preventive Collection)
[2025-08-01T01:07:18.853+0000] GC(429) Using 8 workers of 8 for evacuation
[2025-08-01T01:07:18.856+0000] GC(429)   Pre Evacuate Collection Set: 0.4ms
[2025-08-01T01:07:18.856+0000] GC(429)   Merge Heap Roots: 0.2ms
[2025-08-01T01:07:18.856+0000] GC(429)   Evacuate Collection Set: 1.6ms
[2025-08-01T01:07:18.856+0000] GC(429)   Post Evacuate Collection Set: 0.6ms
[2025-08-01T01:07:18.856+0000] GC(429)   Other: 0.1ms
[2025-08-01T01:07:18.856+0000] GC(429) Eden regions: 1->0(95)
[2025-08-01T01:07:18.856+0000] GC(429) Survivor regions: 6->7(7)
[2025-08-01T01:07:18.856+0000] GC(429) Old regions: 2032->2032
[2025-08-01T01:07:18.856+0000] GC(429) Archive regions: 2->2
[2025-08-01T01:07:18.856+0000] GC(429) Humongous regions: 0->0
[2025-08-01T01:07:18.856+0000] GC(429) Metaspace: 10061K(10304K)->10061K(10304K) NonClass: 8835K(8960K)->8835K(8960K) Class: 1225K(1344K)->1225K(1344K)
[2025-08-01T01:07:18.856+0000] GC(429) Pause Young (Normal) (G1 Preventive Collection) 4077M->4077M(4096M) 3.058ms
[2025-08-01T01:07:18.856+0000] GC(429) User=0.01s Sys=0.00s Real=0.00s
[2025-08-01T01:07:18.857+0000] GC(430) Pause Young (Normal) (G1 Preventive Collection)
[2025-08-01T01:07:18.857+0000] GC(430) Using 8 workers of 8 for evacuation
[2025-08-01T01:07:18.861+0000] GC(430) To-space exhausted
[2025-08-01T01:07:18.861+0000] GC(430)   Pre Evacuate Collection Set: 0.4ms
[2025-08-01T01:07:18.861+0000] GC(430)   Merge Heap Roots: 0.1ms
[2025-08-01T01:07:18.861+0000] GC(430)   Evacuate Collection Set: 2.3ms
[2025-08-01T01:07:18.861+0000] GC(430)   Post Evacuate Collection Set: 1.2ms
[2025-08-01T01:07:18.861+0000] GC(430)   Other: 0.1ms
[2025-08-01T01:07:18.861+0000] GC(430) Eden regions: 1->0(96)
[2025-08-01T01:07:18.861+0000] GC(430) Survivor regions: 7->6(6)
[2025-08-01T01:07:18.861+0000] GC(430) Old regions: 2032->2038
[2025-08-01T01:07:18.861+0000] GC(430) Archive regions: 2->2
[2025-08-01T01:07:18.861+0000] GC(430) Humongous regions: 0->0
[2025-08-01T01:07:18.861+0000] GC(430) Metaspace: 10061K(10304K)->10061K(10304K) NonClass: 8835K(8960K)->8835K(8960K) Class: 1225K(1344K)->1225K(1344K)
[2025-08-01T01:07:18.861+0000] GC(430) Pause Young (Normal) (G1 Preventive Collection) 4079M->4089M(4096M) 4.281ms
[2025-08-01T01:07:18.861+0000] GC(430) User=0.02s Sys=0.01s Real=0.00s
[2025-08-01T01:07:18.861+0000] GC(431) Pause Young (Normal) (G1 Preventive Collection)
[2025-08-01T01:07:18.861+0000] GC(431) Using 8 workers of 8 for evacuation
[2025-08-01T01:07:18.865+0000] GC(431) To-space exhausted
[2025-08-01T01:07:18.865+0000] GC(431)   Pre Evacuate Collection Set: 0.2ms
[2025-08-01T01:07:18.865+0000] GC(431)   Merge Heap Roots: 0.1ms
[2025-08-01T01:07:18.865+0000] GC(431)   Evacuate Collection Set: 2.1ms
[2025-08-01T01:07:18.865+0000] GC(431)   Post Evacuate Collection Set: 1.2ms
[2025-08-01T01:07:18.865+0000] GC(431)   Other: 0.2ms
[2025-08-01T01:07:18.865+0000] GC(431) Eden regions: 1->0(101)
[2025-08-01T01:07:18.865+0000] GC(431) Survivor regions: 6->1(1)
[2025-08-01T01:07:18.865+0000] GC(431) Old regions: 2038->2045
[2025-08-01T01:07:18.865+0000] GC(431) Archive regions: 2->2
[2025-08-01T01:07:18.865+0000] GC(431) Humongous regions: 0->0
[2025-08-01T01:07:18.865+0000] GC(431) Metaspace: 10061K(10304K)->10061K(10304K) NonClass: 8835K(8960K)->8835K(8960K) Class: 1225K(1344K)->1225K(1344K)
[2025-08-01T01:07:18.865+0000] GC(431) Pause Young (Normal) (G1 Preventive Collection) 4091M->4093M(4096M) 4.003ms
[2025-08-01T01:07:18.865+0000] GC(431) User=0.01s Sys=0.00s Real=0.01s
[2025-08-01T01:07:18.865+0000] Attempting full compaction
[2025-08-01T01:07:18.865+0000] GC(432) Pause Full (G1 Compaction Pause)
[2025-08-01T01:07:18.866+0000] GC(432) Using 8 workers of 8 for full compaction
[2025-08-01T01:07:18.870+0000] GC(432) Phase 1: Mark live objects
[2025-08-01T01:07:18.914+0000] GC(432) Phase 1: Mark live objects 43.468ms
[2025-08-01T01:07:18.914+0000] GC(432) Phase 2: Prepare for compaction
[2025-08-01T01:07:18.932+0000] GC(432) Phase 2: Prepare for compaction 18.458ms
[2025-08-01T01:07:18.932+0000] GC(432) Phase 3: Adjust pointers
[2025-08-01T01:07:18.970+0000] GC(432) Phase 3: Adjust pointers 38.199ms
[2025-08-01T01:07:18.970+0000] GC(432) Phase 4: Compact heap
[2025-08-01T01:07:19.011+0000] GC(432) Phase 4: Compact heap 40.631ms
[2025-08-01T01:07:19.017+0000] GC(432) Eden regions: 0->0(449)
[2025-08-01T01:07:19.017+0000] GC(432) Survivor regions: 1->0(1)
[2025-08-01T01:07:19.017+0000] GC(432) Old regions: 2045->515
[2025-08-01T01:07:19.017+0000] GC(432) Archive regions: 2->2
[2025-08-01T01:07:19.017+0000] GC(432) Humongous regions: 0->0
[2025-08-01T01:07:19.017+0000] GC(432) Metaspace: 10061K(10304K)->10061K(10304K) NonClass: 8835K(8960K)->8835K(8960K) Class: 1225K(1344K)->1225K(1344K)
[2025-08-01T01:07:19.017+0000] GC(432) Pause Full (G1 Compaction Pause) 4093M->1022M(4096M) 151.960ms
[2025-08-01T01:07:19.017+0000] GC(432) User=1.07s Sys=0.01s Real=0.15s
[2025-08-01T01:07:19.018+0000] GC(420) Concurrent Mark From Roots 302.193ms
[2025-08-01T01:07:19.018+0000] GC(420) Concurrent Mark Abort
[2025-08-01T01:07:19.018+0000] GC(420) Concurrent Mark Cycle 332.681ms
[2025-08-01T01:07:19.200+0000] GC(433) Pause Young (Normal) (G1 Evacuation Pause)
[2025-08-01T01:07:19.200+0000] GC(433) Using 8 workers of 8 for evacuation
[2025-08-01T01:07:19.319+0000] GC(433)   Pre Evacuate Collection Set: 0.6ms
[2025-08-01T01:07:19.319+0000] GC(433)   Merge Heap Roots: 0.2ms
[2025-08-01T01:07:19.319+0000] GC(433)   Evacuate Collection Set: 116.8ms
[2025-08-01T01:07:19.319+0000] GC(433)   Post Evacuate Collection Set: 1.1ms
[2025-08-01T01:07:19.319+0000] GC(433)   Other: 0.2ms
[2025-08-01T01:07:19.319+0000] GC(433) Eden regions: 449->0(390)
[2025-08-01T01:07:19.319+0000] GC(433) Survivor regions: 0->57(57)
[2025-08-01T01:07:19.319+0000] GC(433) Old regions: 515->688
[2025-08-01T01:07:19.319+0000] GC(433) Archive regions: 2->2
[2025-08-01T01:07:19.319+0000] GC(433) Humongous regions: 0->0
[2025-08-01T01:07:19.319+0000] GC(433) Metaspace: 10061K(10304K)->10061K(10304K) NonClass: 8835K(8960K)->8835K(8960K) Class: 1225K(1344K)->1225K(1344K)
[2025-08-01T01:07:19.319+0000] GC(433) Pause Young (Normal) (G1 Evacuation Pause) 1920M->1481M(4096M) 119.074ms
[2025-08-01T01:07:19.319+0000] GC(433) User=0.68s Sys=0.09s Real=0.12s
[2025-08-01T01:07:19.499+0000] GC(434) Pause Young (Concurrent Start) (G1 Evacuation Pause)
[2025-08-01T01:07:19.499+0000] GC(434) Using 8 workers of 8 for evacuation
[2025-08-01T01:07:19.636+0000] GC(434)   Pre Evacuate Collection Set: 0.5ms
[2025-08-01T01:07:19.636+0000] GC(434)   Merge Heap Roots: 0.2ms
[2025-08-01T01:07:19.636+0000] GC(434)   Evacuate Collection Set: 134.2ms
[2025-08-01T01:07:19.636+0000] GC(434)   Post Evacuate Collection Set: 1.3ms
[2025-08-01T01:07:19.636+0000] GC(434)   Other: 0.3ms
[2025-08-01T01:07:19.636+0000] GC(434) Eden regions: 390->0(263)
[2025-08-01T01:07:19.636+0000] GC(434) Survivor regions: 57->56(56)
[2025-08-01T01:07:19.636+0000] GC(434) Old regions: 688->998
[2025-08-01T01:07:19.636+0000] GC(434) Archive regions: 2->2
[2025-08-01T01:07:19.636+0000] GC(434) Humongous regions: 0->0
[2025-08-01T01:07:19.636+0000] GC(434) Metaspace: 10061K(10304K)->10061K(10304K) NonClass: 8835K(8960K)->8835K(8960K) Class: 1225K(1344K)->1225K(1344K)
[2025-08-01T01:07:19.636+0000] GC(434) Pause Young (Concurrent Start) (G1 Evacuation Pause) 2261M->2100M(4096M) 136.567ms
[2025-08-01T01:07:19.636+0000] GC(434) User=1.00s Sys=0.03s Real=0.14s
[2025-08-01T01:07:19.636+0000] GC(435) Concurrent Mark Cycle
[2025-08-01T01:07:19.636+0000] GC(435) Concurrent Clear Claimed Marks
[2025-08-01T01:07:19.636+0000] GC(435) Concurrent Clear Claimed Marks 0.017ms
[2025-08-01T01:07:19.636+0000] GC(435) Concurrent Scan Root Regions
[2025-08-01T01:07:19.699+0000] GC(435) Concurrent Scan Root Regions 63.108ms
[2025-08-01T01:07:19.699+0000] GC(435) Concurrent Mark
[2025-08-01T01:07:19.699+0000] GC(435) Concurrent Mark From Roots
[2025-08-01T01:07:19.699+0000] GC(435) Using 2 workers of 2 for marking
[2025-08-01T01:07:19.758+0000] GC(435) Concurrent Mark From Roots 58.691ms
[2025-08-01T01:07:19.758+0000] GC(435) Concurrent Preclean
[2025-08-01T01:07:19.758+0000] GC(435) Concurrent Preclean 0.187ms
[2025-08-01T01:07:19.758+0000] GC(435) Pause Remark
[2025-08-01T01:07:19.762+0000] GC(435) Pause Remark 2578M->1594M(4096M) 3.225ms
[2025-08-01T01:07:19.762+0000] GC(435) User=0.00s Sys=0.01s Real=0.00s
[2025-08-01T01:07:19.762+0000] GC(435) Concurrent Mark 62.608ms
[2025-08-01T01:07:19.762+0000] GC(435) Concurrent Rebuild Remembered Sets
[2025-08-01T01:07:19.793+0000] GC(436) Pause Young (Normal) (G1 Evacuation Pause)
[2025-08-01T01:07:19.793+0000] GC(436) Using 8 workers of 8 for evacuation
[2025-08-01T01:07:19.872+0000] GC(436)   Pre Evacuate Collection Set: 0.6ms
[2025-08-01T01:07:19.872+0000] GC(436)   Merge Heap Roots: 0.3ms
[2025-08-01T01:07:19.872+0000] GC(436)   Evacuate Collection Set: 77.2ms
[2025-08-01T01:07:19.872+0000] GC(436)   Post Evacuate Collection Set: 0.9ms
[2025-08-01T01:07:19.872+0000] GC(436)   Other: 0.2ms
[2025-08-01T01:07:19.872+0000] GC(436) Eden regions: 263->0(373)
[2025-08-01T01:07:19.872+0000] GC(436) Survivor regions: 56->40(40)
[2025-08-01T01:07:19.872+0000] GC(436) Old regions: 503->716
[2025-08-01T01:07:19.872+0000] GC(436) Archive regions: 2->2
[2025-08-01T01:07:19.872+0000] GC(436) Humongous regions: 0->0
[2025-08-01T01:07:19.872+0000] GC(436) Metaspace: 10061K(10304K)->10061K(10304K) NonClass: 8835K(8960K)->8835K(8960K) Class: 1225K(1344K)->1225K(1344K)
[2025-08-01T01:07:19.872+0000] GC(436) Pause Young (Normal) (G1 Evacuation Pause) 1642M->1510M(4096M) 79.337ms
[2025-08-01T01:07:19.872+0000] GC(436) User=0.56s Sys=0.01s Real=0.08s
[2025-08-01T01:07:19.940+0000] GC(435) Concurrent Rebuild Remembered Sets 177.943ms
[2025-08-01T01:07:19.940+0000] GC(435) Pause Cleanup
[2025-08-01T01:07:19.941+0000] GC(435) Pause Cleanup 1823M->1823M(4096M) 0.636ms
[2025-08-01T01:07:19.941+0000] GC(435) User=0.00s Sys=0.00s Real=0.00s
[2025-08-01T01:07:19.941+0000] GC(435) Concurrent Cleanup for Next Mark
[2025-08-01T01:07:19.949+0000] GC(435) Concurrent Cleanup for Next Mark 8.144ms
[2025-08-01T01:07:19.949+0000] GC(435) Concurrent Mark Cycle 312.853ms
[2025-08-01T01:07:20.037+0000] GC(437) Pause Young (Prepare Mixed) (G1 Evacuation Pause)
[2025-08-01T01:07:20.037+0000] GC(437) Using 8 workers of 8 for evacuation
[2025-08-01T01:07:20.127+0000] GC(437)   Pre Evacuate Collection Set: 0.7ms
[2025-08-01T01:07:20.128+0000] GC(437)   Merge Heap Roots: 0.3ms
[2025-08-01T01:07:20.128+0000] GC(437)   Evacuate Collection Set: 87.6ms
[2025-08-01T01:07:20.128+0000] GC(437)   Post Evacuate Collection Set: 1.4ms
[2025-08-01T01:07:20.128+0000] GC(437)   Other: 0.2ms
[2025-08-01T01:07:20.128+0000] GC(437) Eden regions: 373->0(50)
[2025-08-01T01:07:20.128+0000] GC(437) Survivor regions: 40->52(52)
[2025-08-01T01:07:20.128+0000] GC(437) Old regions: 716->962
[2025-08-01T01:07:20.128+0000] GC(437) Archive regions: 2->2
[2025-08-01T01:07:20.128+0000] GC(437) Humongous regions: 0->0
[2025-08-01T01:07:20.128+0000] GC(437) Metaspace: 10061K(10304K)->10061K(10304K) NonClass: 8835K(8960K)->8835K(8960K) Class: 1225K(1344K)->1225K(1344K)
[2025-08-01T01:07:20.128+0000] GC(437) Pause Young (Prepare Mixed) (G1 Evacuation Pause) 2256M->2026M(4096M) 90.369ms
[2025-08-01T01:07:20.128+0000] GC(437) User=0.69s Sys=0.01s Real=0.09s
[2025-08-01T01:07:20.137+0000] GC(438) Pause Young (Mixed) (G1 Evacuation Pause)
[2025-08-01T01:07:20.137+0000] GC(438) Using 8 workers of 8 for evacuation
[2025-08-01T01:07:20.166+0000] GC(438)   Pre Evacuate Collection Set: 0.3ms
[2025-08-01T01:07:20.166+0000] GC(438)   Merge Heap Roots: 0.1ms
[2025-08-01T01:07:20.166+0000] GC(438)   Evacuate Collection Set: 27.5ms
[2025-08-01T01:07:20.166+0000] GC(438)   Post Evacuate Collection Set: 1.1ms
[2025-08-01T01:07:20.166+0000] GC(438)   Other: 0.2ms
[2025-08-01T01:07:20.166+0000] GC(438) Eden regions: 50->0(262)
[2025-08-01T01:07:20.166+0000] GC(438) Survivor regions: 52->13(13)
[2025-08-01T01:07:20.166+0000] GC(438) Old regions: 962->1030
[2025-08-01T01:07:20.166+0000] GC(438) Archive regions: 2->2
[2025-08-01T01:07:20.166+0000] GC(438) Humongous regions: 0->0
[2025-08-01T01:07:20.166+0000] GC(438) Metaspace: 10061K(10304K)->10061K(10304K) NonClass: 8835K(8960K)->8835K(8960K) Class: 1225K(1344K)->1225K(1344K)
[2025-08-01T01:07:20.166+0000] GC(438) Pause Young (Mixed) (G1 Evacuation Pause) 2126M->2086M(4096M) 29.344ms
[2025-08-01T01:07:20.166+0000] GC(438) User=0.22s Sys=0.00s Real=0.03s
[2025-08-01T01:07:20.263+0000] GC(439) Pause Young (Concurrent Start) (G1 Evacuation Pause)
[2025-08-01T01:07:20.263+0000] GC(439) Using 8 workers of 8 for evacuation
[2025-08-01T01:07:20.391+0000] GC(439)   Pre Evacuate Collection Set: 0.6ms
[2025-08-01T01:07:20.391+0000] GC(439)   Merge Heap Roots: 0.5ms
[2025-08-01T01:07:20.391+0000] GC(439)   Evacuate Collection Set: 125.6ms
[2025-08-01T01:07:20.391+0000] GC(439)   Post Evacuate Collection Set: 0.7ms
[2025-08-01T01:07:20.391+0000] GC(439)   Other: 0.4ms
[2025-08-01T01:07:20.391+0000] GC(439) Eden regions: 262->0(171)
[2025-08-01T01:07:20.391+0000] GC(439) Survivor regions: 13->35(35)
[2025-08-01T01:07:20.391+0000] GC(439) Old regions: 1030->1259
[2025-08-01T01:07:20.391+0000] GC(439) Archive regions: 2->2
[2025-08-01T01:07:20.391+0000] GC(439) Humongous regions: 0->0
[2025-08-01T01:07:20.391+0000] GC(439) Metaspace: 10061K(10304K)->10061K(10304K) NonClass: 8835K(8960K)->8835K(8960K) Class: 1225K(1344K)->1225K(1344K)
[2025-08-01T01:07:20.391+0000] GC(439) Pause Young (Concurrent Start) (G1 Evacuation Pause) 2610M->2587M(4096M) 127.885ms
[2025-08-01T01:07:20.391+0000] GC(439) User=0.94s Sys=0.03s Real=0.12s
[2025-08-01T01:07:20.391+0000] GC(440) Concurrent Mark Cycle
[2025-08-01T01:07:20.391+0000] GC(440) Concurrent Clear Claimed Marks
[2025-08-01T01:07:20.391+0000] GC(440) Concurrent Clear Claimed Marks 0.016ms
[2025-08-01T01:07:20.391+0000] GC(440) Concurrent Scan Root Regions
[2025-08-01T01:07:20.436+0000] GC(440) Concurrent Scan Root Regions 44.842ms
[2025-08-01T01:07:20.436+0000] GC(440) Concurrent Mark
[2025-08-01T01:07:20.436+0000] GC(440) Concurrent Mark From Roots
[2025-08-01T01:07:20.436+0000] GC(440) Using 2 workers of 2 for marking
[2025-08-01T01:07:20.465+0000] GC(441) Pause Young (Normal) (G1 Evacuation Pause)
[2025-08-01T01:07:20.465+0000] GC(441) Using 8 workers of 8 for evacuation
[2025-08-01T01:07:20.530+0000] GC(441)   Pre Evacuate Collection Set: 0.6ms
[2025-08-01T01:07:20.530+0000] GC(441)   Merge Heap Roots: 0.2ms
[2025-08-01T01:07:20.530+0000] GC(441)   Evacuate Collection Set: 62.7ms
[2025-08-01T01:07:20.530+0000] GC(441)   Post Evacuate Collection Set: 0.8ms
[2025-08-01T01:07:20.530+0000] GC(441)   Other: 0.2ms
[2025-08-01T01:07:20.530+0000] GC(441) Eden regions: 171->0(116)
[2025-08-01T01:07:20.530+0000] GC(441) Survivor regions: 35->26(26)
[2025-08-01T01:07:20.530+0000] GC(441) Old regions: 1259->1441
[2025-08-01T01:07:20.530+0000] GC(441) Archive regions: 2->2
[2025-08-01T01:07:20.530+0000] GC(441) Humongous regions: 0->0
[2025-08-01T01:07:20.530+0000] GC(441) Metaspace: 10061K(10304K)->10061K(10304K) NonClass: 8835K(8960K)->8835K(8960K) Class: 1225K(1344K)->1225K(1344K)
[2025-08-01T01:07:20.530+0000] GC(441) Pause Young (Normal) (G1 Evacuation Pause) 2929M->2933M(4096M) 64.673ms
[2025-08-01T01:07:20.530+0000] GC(441) User=0.48s Sys=0.01s Real=0.06s
[2025-08-01T01:07:20.578+0000] GC(440) Concurrent Mark From Roots 141.887ms
[2025-08-01T01:07:20.578+0000] GC(440) Concurrent Preclean
[2025-08-01T01:07:20.578+0000] GC(440) Concurrent Preclean 0.188ms
[2025-08-01T01:07:20.578+0000] GC(440) Pause Remark
[2025-08-01T01:07:20.581+0000] GC(440) Pause Remark 3071M->1675M(4096M) 3.039ms
[2025-08-01T01:07:20.581+0000] GC(440) User=0.00s Sys=0.00s Real=0.00s
[2025-08-01T01:07:20.581+0000] GC(440) Concurrent Mark 145.392ms
[2025-08-01T01:07:20.581+0000] GC(440) Concurrent Rebuild Remembered Sets
[2025-08-01T01:07:20.598+0000] GC(442) Pause Young (Normal) (G1 Evacuation Pause)
[2025-08-01T01:07:20.598+0000] GC(442) Using 8 workers of 8 for evacuation
[2025-08-01T01:07:20.646+0000] GC(442)   Pre Evacuate Collection Set: 0.4ms
[2025-08-01T01:07:20.646+0000] GC(442)   Merge Heap Roots: 0.1ms
[2025-08-01T01:07:20.646+0000] GC(442)   Evacuate Collection Set: 46.2ms
[2025-08-01T01:07:20.646+0000] GC(442)   Post Evacuate Collection Set: 0.8ms
[2025-08-01T01:07:20.646+0000] GC(442)   Other: 0.2ms
[2025-08-01T01:07:20.646+0000] GC(442) Eden regions: 116->0(315)
[2025-08-01T01:07:20.646+0000] GC(442) Survivor regions: 26->18(18)
[2025-08-01T01:07:20.646+0000] GC(442) Old regions: 743->856
[2025-08-01T01:07:20.646+0000] GC(442) Archive regions: 2->2
[2025-08-01T01:07:20.646+0000] GC(442) Humongous regions: 0->0
[2025-08-01T01:07:20.646+0000] GC(442) Metaspace: 10061K(10304K)->10061K(10304K) NonClass: 8835K(8960K)->8835K(8960K) Class: 1225K(1344K)->1225K(1344K)
[2025-08-01T01:07:20.646+0000] GC(442) Pause Young (Normal) (G1 Evacuation Pause) 1769M->1748M(4096M) 47.931ms
[2025-08-01T01:07:20.646+0000] GC(442) User=0.35s Sys=0.01s Real=0.05s
[2025-08-01T01:07:20.793+0000] GC(443) Pause Young (Normal) (G1 Evacuation Pause)
[2025-08-01T01:07:20.793+0000] GC(443) Using 8 workers of 8 for evacuation
[2025-08-01T01:07:20.856+0000] GC(443)   Pre Evacuate Collection Set: 0.4ms
[2025-08-01T01:07:20.856+0000] GC(443)   Merge Heap Roots: 0.1ms
[2025-08-01T01:07:20.856+0000] GC(443)   Evacuate Collection Set: 61.0ms
[2025-08-01T01:07:20.856+0000] GC(443)   Post Evacuate Collection Set: 1.0ms
[2025-08-01T01:07:20.856+0000] GC(443)   Other: 0.2ms
[2025-08-01T01:07:20.856+0000] GC(443) Eden regions: 315->0(270)
[2025-08-01T01:07:20.856+0000] GC(443) Survivor regions: 18->42(42)
[2025-08-01T01:07:20.856+0000] GC(443) Old regions: 856->992
[2025-08-01T01:07:20.856+0000] GC(443) Archive regions: 2->2
[2025-08-01T01:07:20.856+0000] GC(443) Humongous regions: 0->0
[2025-08-01T01:07:20.856+0000] GC(443) Metaspace: 10061K(10304K)->10061K(10304K) NonClass: 8835K(8960K)->8835K(8960K) Class: 1225K(1344K)->1225K(1344K)
[2025-08-01T01:07:20.856+0000] GC(443) Pause Young (Normal) (G1 Evacuation Pause) 2378M->2068M(4096M) 62.697ms
[2025-08-01T01:07:20.856+0000] GC(443) User=0.46s Sys=0.01s Real=0.06s
[2025-08-01T01:07:20.890+0000] GC(440) Concurrent Rebuild Remembered Sets 308.574ms
[2025-08-01T01:07:20.890+0000] GC(440) Pause Cleanup
[2025-08-01T01:07:20.892+0000] GC(440) Pause Cleanup 2428M->2428M(4096M) 1.411ms
[2025-08-01T01:07:20.892+0000] GC(440) User=0.01s Sys=0.00s Real=0.00s
[2025-08-01T01:07:20.892+0000] GC(440) Concurrent Cleanup for Next Mark
[2025-08-01T01:07:20.900+0000] GC(440) Concurrent Cleanup for Next Mark 7.975ms
[2025-08-01T01:07:20.900+0000] GC(440) Concurrent Mark Cycle 508.941ms
[2025-08-01T01:07:20.961+0000] GC(444) Pause Young (Prepare Mixed) (G1 Evacuation Pause)
[2025-08-01T01:07:20.961+0000] GC(444) Using 8 workers of 8 for evacuation
[2025-08-01T01:07:21.075+0000] GC(444)   Pre Evacuate Collection Set: 0.9ms
[2025-08-01T01:07:21.075+0000] GC(444)   Merge Heap Roots: 0.8ms
[2025-08-01T01:07:21.075+0000] GC(444)   Evacuate Collection Set: 110.9ms
[2025-08-01T01:07:21.075+0000] GC(444)   Post Evacuate Collection Set: 0.9ms
[2025-08-01T01:07:21.075+0000] GC(444)   Other: 0.2ms
[2025-08-01T01:07:21.075+0000] GC(444) Eden regions: 270->0(63)
[2025-08-01T01:07:21.075+0000] GC(444) Survivor regions: 42->39(39)
[2025-08-01T01:07:21.075+0000] GC(444) Old regions: 992->1266
[2025-08-01T01:07:21.075+0000] GC(444) Archive regions: 2->2
[2025-08-01T01:07:21.075+0000] GC(444) Humongous regions: 0->0
[2025-08-01T01:07:21.075+0000] GC(444) Metaspace: 10061K(10304K)->10061K(10304K) NonClass: 8835K(8960K)->8835K(8960K) Class: 1225K(1344K)->1225K(1344K)
[2025-08-01T01:07:21.075+0000] GC(444) Pause Young (Prepare Mixed) (G1 Evacuation Pause) 2608M->2610M(4096M) 113.762ms
[2025-08-01T01:07:21.075+0000] GC(444) User=0.80s Sys=0.03s Real=0.12s
[2025-08-01T01:07:21.085+0000] GC(445) Pause Young (Mixed) (G1 Evacuation Pause)
[2025-08-01T01:07:21.085+0000] GC(445) Using 8 workers of 8 for evacuation
[2025-08-01T01:07:21.117+0000] GC(445)   Pre Evacuate Collection Set: 0.3ms
[2025-08-01T01:07:21.117+0000] GC(445)   Merge Heap Roots: 0.1ms
[2025-08-01T01:07:21.117+0000] GC(445)   Evacuate Collection Set: 30.4ms
[2025-08-01T01:07:21.117+0000] GC(445)   Post Evacuate Collection Set: 0.9ms
[2025-08-01T01:07:21.117+0000] GC(445)   Other: 0.1ms
[2025-08-01T01:07:21.117+0000] GC(445) Eden regions: 63->0(153)
[2025-08-01T01:07:21.117+0000] GC(445) Survivor regions: 39->13(13)
[2025-08-01T01:07:21.117+0000] GC(445) Old regions: 1266->1336
[2025-08-01T01:07:21.117+0000] GC(445) Archive regions: 2->2
[2025-08-01T01:07:21.117+0000] GC(445) Humongous regions: 0->0
[2025-08-01T01:07:21.117+0000] GC(445) Metaspace: 10061K(10304K)->10061K(10304K) NonClass: 8835K(8960K)->8835K(8960K) Class: 1225K(1344K)->1225K(1344K)
[2025-08-01T01:07:21.117+0000] GC(445) Pause Young (Mixed) (G1 Evacuation Pause) 2736M->2698M(4096M) 32.065ms
[2025-08-01T01:07:21.117+0000] GC(445) User=0.23s Sys=0.01s Real=0.03s
[2025-08-01T01:07:21.195+0000] GC(446) Pause Young (Concurrent Start) (G1 Evacuation Pause)
[2025-08-01T01:07:21.195+0000] GC(446) Using 8 workers of 8 for evacuation
[2025-08-01T01:07:21.280+0000] GC(446)   Pre Evacuate Collection Set: 1.3ms
[2025-08-01T01:07:21.280+0000] GC(446)   Merge Heap Roots: 0.2ms
[2025-08-01T01:07:21.280+0000] GC(446)   Evacuate Collection Set: 81.0ms
[2025-08-01T01:07:21.280+0000] GC(446)   Post Evacuate Collection Set: 1.7ms
[2025-08-01T01:07:21.280+0000] GC(446)   Other: 0.3ms
[2025-08-01T01:07:21.280+0000] GC(446) Eden regions: 153->0(104)
[2025-08-01T01:07:21.280+0000] GC(446) Survivor regions: 13->21(21)
[2025-08-01T01:07:21.280+0000] GC(446) Old regions: 1336->1483
[2025-08-01T01:07:21.280+0000] GC(446) Archive regions: 2->2
[2025-08-01T01:07:21.280+0000] GC(446) Humongous regions: 0->0
[2025-08-01T01:07:21.280+0000] GC(446) Metaspace: 10061K(10304K)->10061K(10304K) NonClass: 8835K(8960K)->8835K(8960K) Class: 1225K(1344K)->1225K(1344K)
[2025-08-01T01:07:21.280+0000] GC(446) Pause Young (Concurrent Start) (G1 Evacuation Pause) 3004M->3008M(4096M) 84.920ms
[2025-08-01T01:07:21.280+0000] GC(446) User=0.62s Sys=0.02s Real=0.08s
[2025-08-01T01:07:21.281+0000] GC(447) Concurrent Mark Cycle
[2025-08-01T01:07:21.281+0000] GC(447) Concurrent Clear Claimed Marks
[2025-08-01T01:07:21.281+0000] GC(447) Concurrent Clear Claimed Marks 0.041ms
[2025-08-01T01:07:21.281+0000] GC(447) Concurrent Scan Root Regions
[2025-08-01T01:07:21.319+0000] GC(447) Concurrent Scan Root Regions 38.092ms
[2025-08-01T01:07:21.319+0000] GC(447) Concurrent Mark
[2025-08-01T01:07:21.319+0000] GC(447) Concurrent Mark From Roots
[2025-08-01T01:07:21.319+0000] GC(447) Using 2 workers of 2 for marking
[2025-08-01T01:07:21.356+0000] GC(448) Pause Young (Normal) (G1 Evacuation Pause)
[2025-08-01T01:07:21.356+0000] GC(448) Using 8 workers of 8 for evacuation
[2025-08-01T01:07:21.392+0000] GC(448)   Pre Evacuate Collection Set: 0.7ms
[2025-08-01T01:07:21.392+0000] GC(448)   Merge Heap Roots: 0.2ms
[2025-08-01T01:07:21.392+0000] GC(448)   Evacuate Collection Set: 34.6ms
[2025-08-01T01:07:21.392+0000] GC(448)   Post Evacuate Collection Set: 0.9ms
[2025-08-01T01:07:21.392+0000] GC(448)   Other: 0.3ms
[2025-08-01T01:07:21.392+0000] GC(448) Eden regions: 104->0(86)
[2025-08-01T01:07:21.392+0000] GC(448) Survivor regions: 21->16(16)
[2025-08-01T01:07:21.392+0000] GC(448) Old regions: 1483->1569
[2025-08-01T01:07:21.392+0000] GC(448) Archive regions: 2->2
[2025-08-01T01:07:21.392+0000] GC(448) Humongous regions: 0->0
[2025-08-01T01:07:21.392+0000] GC(448) Metaspace: 10061K(10304K)->10061K(10304K) NonClass: 8835K(8960K)->8835K(8960K) Class: 1225K(1344K)->1225K(1344K)
[2025-08-01T01:07:21.392+0000] GC(448) Pause Young (Normal) (G1 Evacuation Pause) 3216M->3170M(4096M) 36.871ms
[2025-08-01T01:07:21.392+0000] GC(448) User=0.26s Sys=0.01s Real=0.03s
[2025-08-01T01:07:21.411+0000] GC(449) Pause Young (Normal) (G1 Evacuation Pause)
[2025-08-01T01:07:21.411+0000] GC(449) Using 8 workers of 8 for evacuation
[2025-08-01T01:07:21.443+0000] GC(449)   Pre Evacuate Collection Set: 0.4ms
[2025-08-01T01:07:21.443+0000] GC(449)   Merge Heap Roots: 0.2ms
[2025-08-01T01:07:21.443+0000] GC(449)   Evacuate Collection Set: 30.8ms
[2025-08-01T01:07:21.443+0000] GC(449)   Post Evacuate Collection Set: 0.7ms
[2025-08-01T01:07:21.443+0000] GC(449)   Other: 0.1ms
[2025-08-01T01:07:21.443+0000] GC(449) Eden regions: 86->0(89)
[2025-08-01T01:07:21.443+0000] GC(449) Survivor regions: 16->13(13)
[2025-08-01T01:07:21.443+0000] GC(449) Old regions: 1569->1659
[2025-08-01T01:07:21.443+0000] GC(449) Archive regions: 2->2
[2025-08-01T01:07:21.443+0000] GC(449) Humongous regions: 0->0
[2025-08-01T01:07:21.443+0000] GC(449) Metaspace: 10061K(10304K)->10061K(10304K) NonClass: 8835K(8960K)->8835K(8960K) Class: 1225K(1344K)->1225K(1344K)
[2025-08-01T01:07:21.443+0000] GC(449) Pause Young (Normal) (G1 Evacuation Pause) 3342M->3344M(4096M) 32.319ms
[2025-08-01T01:07:21.443+0000] GC(449) User=0.23s Sys=0.01s Real=0.04s
[2025-08-01T01:07:21.508+0000] GC(450) Pause Young (Normal) (G1 Evacuation Pause)
[2025-08-01T01:07:21.508+0000] GC(450) Using 8 workers of 8 for evacuation
[2025-08-01T01:07:21.530+0000] GC(450)   Pre Evacuate Collection Set: 1.1ms
[2025-08-01T01:07:21.531+0000] GC(450)   Merge Heap Roots: 0.4ms
[2025-08-01T01:07:21.531+0000] GC(450)   Evacuate Collection Set: 19.7ms
[2025-08-01T01:07:21.531+0000] GC(450)   Post Evacuate Collection Set: 0.7ms
[2025-08-01T01:07:21.531+0000] GC(450)   Other: 0.2ms
[2025-08-01T01:07:21.531+0000] GC(450) Eden regions: 89->0(89)
[2025-08-01T01:07:21.531+0000] GC(450) Survivor regions: 13->13(13)
[2025-08-01T01:07:21.531+0000] GC(450) Old regions: 1659->1719
[2025-08-01T01:07:21.531+0000] GC(450) Archive regions: 2->2
[2025-08-01T01:07:21.531+0000] GC(450) Humongous regions: 0->0
[2025-08-01T01:07:21.531+0000] GC(450) Metaspace: 10061K(10304K)->10061K(10304K) NonClass: 8835K(8960K)->8835K(8960K) Class: 1225K(1344K)->1225K(1344K)
[2025-08-01T01:07:21.531+0000] GC(450) Pause Young (Normal) (G1 Evacuation Pause) 3522M->3465M(4096M) 22.213ms
[2025-08-01T01:07:21.531+0000] GC(450) User=0.16s Sys=0.00s Real=0.02s
[2025-08-01T01:07:21.549+0000] GC(451) Pause Young (Normal) (G1 Evacuation Pause)
[2025-08-01T01:07:21.549+0000] GC(451) Using 8 workers of 8 for evacuation
[2025-08-01T01:07:21.579+0000] GC(451)   Pre Evacuate Collection Set: 0.4ms
[2025-08-01T01:07:21.579+0000] GC(451)   Merge Heap Roots: 0.1ms
[2025-08-01T01:07:21.579+0000] GC(451)   Evacuate Collection Set: 28.7ms
[2025-08-01T01:07:21.579+0000] GC(451)   Post Evacuate Collection Set: 0.7ms
[2025-08-01T01:07:21.579+0000] GC(451)   Other: 0.2ms
[2025-08-01T01:07:21.579+0000] GC(451) Eden regions: 89->0(89)
[2025-08-01T01:07:21.579+0000] GC(451) Survivor regions: 13->13(13)
[2025-08-01T01:07:21.579+0000] GC(451) Old regions: 1719->1810
[2025-08-01T01:07:21.579+0000] GC(451) Archive regions: 2->2
[2025-08-01T01:07:21.579+0000] GC(451) Humongous regions: 0->0
[2025-08-01T01:07:21.579+0000] GC(451) Metaspace: 10061K(10304K)->10061K(10304K) NonClass: 8835K(8960K)->8835K(8960K) Class: 1225K(1344K)->1225K(1344K)
[2025-08-01T01:07:21.579+0000] GC(451) Pause Young (Normal) (G1 Evacuation Pause) 3643M->3647M(4096M) 30.181ms
[2025-08-01T01:07:21.579+0000] GC(451) User=0.23s Sys=0.00s Real=0.03s
[2025-08-01T01:07:21.630+0000] GC(447) Concurrent Mark From Roots 311.370ms
[2025-08-01T01:07:21.630+0000] GC(447) Concurrent Preclean
[2025-08-01T01:07:21.631+0000] GC(447) Concurrent Preclean 0.313ms
[2025-08-01T01:07:21.631+0000] GC(447) Pause Remark
[2025-08-01T01:07:21.633+0000] GC(447) Pause Remark 3745M->2159M(4096M) 2.340ms
[2025-08-01T01:07:21.633+0000] GC(447) User=0.01s Sys=0.01s Real=0.01s
[2025-08-01T01:07:21.633+0000] GC(447) Concurrent Mark 314.465ms
[2025-08-01T01:07:21.633+0000] GC(447) Concurrent Rebuild Remembered Sets
[2025-08-01T01:07:21.645+0000] GC(452) Pause Young (Normal) (G1 Evacuation Pause)
[2025-08-01T01:07:21.645+0000] GC(452) Using 8 workers of 8 for evacuation
[2025-08-01T01:07:21.673+0000] GC(452)   Pre Evacuate Collection Set: 0.4ms
[2025-08-01T01:07:21.673+0000] GC(452)   Merge Heap Roots: 0.2ms
[2025-08-01T01:07:21.673+0000] GC(452)   Evacuate Collection Set: 27.1ms
[2025-08-01T01:07:21.673+0000] GC(452)   Post Evacuate Collection Set: 0.8ms
[2025-08-01T01:07:21.673+0000] GC(452)   Other: 0.2ms
[2025-08-01T01:07:21.673+0000] GC(452) Eden regions: 89->0(227)
[2025-08-01T01:07:21.673+0000] GC(452) Survivor regions: 13->13(13)
[2025-08-01T01:07:21.673+0000] GC(452) Old regions: 1017->1102
[2025-08-01T01:07:21.673+0000] GC(452) Archive regions: 2->2
[2025-08-01T01:07:21.673+0000] GC(452) Humongous regions: 0->0
[2025-08-01T01:07:21.673+0000] GC(452) Metaspace: 10061K(10304K)->10061K(10304K) NonClass: 8835K(8960K)->8835K(8960K) Class: 1225K(1344K)->1225K(1344K)
[2025-08-01T01:07:21.673+0000] GC(452) Pause Young (Normal) (G1 Evacuation Pause) 2239M->2231M(4096M) 28.722ms
[2025-08-01T01:07:21.673+0000] GC(452) User=0.19s Sys=0.00s Real=0.03s
[2025-08-01T01:07:21.765+0000] GC(453) Pause Young (Normal) (G1 Evacuation Pause)
[2025-08-01T01:07:21.765+0000] GC(453) Using 8 workers of 8 for evacuation
[2025-08-01T01:07:21.831+0000] GC(453)   Pre Evacuate Collection Set: 0.5ms
[2025-08-01T01:07:21.831+0000] GC(453)   Merge Heap Roots: 0.1ms
[2025-08-01T01:07:21.831+0000] GC(453)   Evacuate Collection Set: 65.0ms
[2025-08-01T01:07:21.831+0000] GC(453)   Post Evacuate Collection Set: 0.8ms
[2025-08-01T01:07:21.831+0000] GC(453)   Other: 0.2ms
[2025-08-01T01:07:21.831+0000] GC(453) Eden regions: 227->0(154)
[2025-08-01T01:07:21.831+0000] GC(453) Survivor regions: 13->30(30)
[2025-08-01T01:07:21.831+0000] GC(453) Old regions: 1102->1314
[2025-08-01T01:07:21.831+0000] GC(453) Archive regions: 2->2
[2025-08-01T01:07:21.831+0000] GC(453) Humongous regions: 0->0
[2025-08-01T01:07:21.831+0000] GC(453) Metaspace: 10061K(10304K)->10061K(10304K) NonClass: 8835K(8960K)->8835K(8960K) Class: 1225K(1344K)->1225K(1344K)
[2025-08-01T01:07:21.831+0000] GC(453) Pause Young (Normal) (G1 Evacuation Pause) 2685M->2689M(4096M) 66.808ms
[2025-08-01T01:07:21.831+0000] GC(453) User=0.48s Sys=0.00s Real=0.06s
[2025-08-01T01:07:21.905+0000] GC(454) Pause Young (Normal) (G1 Evacuation Pause)
[2025-08-01T01:07:21.905+0000] GC(454) Using 8 workers of 8 for evacuation
[2025-08-01T01:07:21.969+0000] GC(454)   Pre Evacuate Collection Set: 3.7ms
[2025-08-01T01:07:21.969+0000] GC(454)   Merge Heap Roots: 0.2ms
[2025-08-01T01:07:21.969+0000] GC(454)   Evacuate Collection Set: 59.4ms
[2025-08-01T01:07:21.969+0000] GC(454)   Post Evacuate Collection Set: 0.6ms
[2025-08-01T01:07:21.969+0000] GC(454)   Other: 0.2ms
[2025-08-01T01:07:21.969+0000] GC(454) Eden regions: 154->0(105)
[2025-08-01T01:07:21.969+0000] GC(454) Survivor regions: 30->23(23)
[2025-08-01T01:07:21.969+0000] GC(454) Old regions: 1314->1477
[2025-08-01T01:07:21.969+0000] GC(454) Archive regions: 2->2
[2025-08-01T01:07:21.969+0000] GC(454) Humongous regions: 0->0
[2025-08-01T01:07:21.969+0000] GC(454) Metaspace: 10061K(10304K)->10061K(10304K) NonClass: 8835K(8960K)->8835K(8960K) Class: 1225K(1344K)->1225K(1344K)
[2025-08-01T01:07:21.969+0000] GC(454) Pause Young (Normal) (G1 Evacuation Pause) 2997M->3000M(4096M) 64.329ms
[2025-08-01T01:07:21.969+0000] GC(454) User=0.46s Sys=0.01s Real=0.06s
[2025-08-01T01:07:21.989+0000] GC(455) Pause Young (Normal) (G1 Evacuation Pause)
[2025-08-01T01:07:21.989+0000] GC(455) Using 8 workers of 8 for evacuation
[2025-08-01T01:07:22.028+0000] GC(455)   Pre Evacuate Collection Set: 0.4ms
[2025-08-01T01:07:22.028+0000] GC(455)   Merge Heap Roots: 0.2ms
[2025-08-01T01:07:22.028+0000] GC(455)   Evacuate Collection Set: 37.8ms
[2025-08-01T01:07:22.028+0000] GC(455)   Post Evacuate Collection Set: 0.9ms
[2025-08-01T01:07:22.028+0000] GC(455)   Other: 0.1ms
[2025-08-01T01:07:22.028+0000] GC(455) Eden regions: 105->0(86)
[2025-08-01T01:07:22.028+0000] GC(455) Survivor regions: 23->16(16)
[2025-08-01T01:07:22.028+0000] GC(455) Old regions: 1477->1591
[2025-08-01T01:07:22.028+0000] GC(455) Archive regions: 2->2
[2025-08-01T01:07:22.028+0000] GC(455) Humongous regions: 0->0
[2025-08-01T01:07:22.028+0000] GC(455) Metaspace: 10061K(10304K)->10061K(10304K) NonClass: 8835K(8960K)->8835K(8960K) Class: 1225K(1344K)->1225K(1344K)
[2025-08-01T01:07:22.028+0000] GC(455) Pause Young (Normal) (G1 Evacuation Pause) 3210M->3214M(4096M) 39.615ms
[2025-08-01T01:07:22.028+0000] GC(455) User=0.29s Sys=0.01s Real=0.04s
[2025-08-01T01:07:22.089+0000] GC(456) Pause Young (Normal) (G1 Evacuation Pause)
[2025-08-01T01:07:22.089+0000] GC(456) Using 8 workers of 8 for evacuation
[2025-08-01T01:07:22.121+0000] GC(456)   Pre Evacuate Collection Set: 0.5ms
[2025-08-01T01:07:22.121+0000] GC(456)   Merge Heap Roots: 0.1ms
[2025-08-01T01:07:22.121+0000] GC(456)   Evacuate Collection Set: 30.8ms
[2025-08-01T01:07:22.121+0000] GC(456)   Post Evacuate Collection Set: 0.5ms
[2025-08-01T01:07:22.121+0000] GC(456)   Other: 0.2ms
[2025-08-01T01:07:22.121+0000] GC(456) Eden regions: 86->0(89)
[2025-08-01T01:07:22.121+0000] GC(456) Survivor regions: 16->13(13)
[2025-08-01T01:07:22.121+0000] GC(456) Old regions: 1591->1671
[2025-08-01T01:07:22.121+0000] GC(456) Archive regions: 2->2
[2025-08-01T01:07:22.121+0000] GC(456) Humongous regions: 0->0
[2025-08-01T01:07:22.121+0000] GC(456) Metaspace: 10061K(10304K)->10061K(10304K) NonClass: 8835K(8960K)->8835K(8960K) Class: 1225K(1344K)->1225K(1344K)
[2025-08-01T01:07:22.121+0000] GC(456) Pause Young (Normal) (G1 Evacuation Pause) 3386M->3369M(4096M) 32.312ms
[2025-08-01T01:07:22.121+0000] GC(456) User=0.24s Sys=0.01s Real=0.03s
[2025-08-01T01:07:22.139+0000] GC(457) Pause Young (Normal) (G1 Evacuation Pause)
[2025-08-01T01:07:22.139+0000] GC(457) Using 8 workers of 8 for evacuation
[2025-08-01T01:07:22.173+0000] GC(457)   Pre Evacuate Collection Set: 1.5ms
[2025-08-01T01:07:22.173+0000] GC(457)   Merge Heap Roots: 0.1ms
[2025-08-01T01:07:22.173+0000] GC(457)   Evacuate Collection Set: 31.2ms
[2025-08-01T01:07:22.173+0000] GC(457)   Post Evacuate Collection Set: 0.8ms
[2025-08-01T01:07:22.173+0000] GC(457)   Other: 0.2ms
[2025-08-01T01:07:22.173+0000] GC(457) Eden regions: 89->0(89)
[2025-08-01T01:07:22.173+0000] GC(457) Survivor regions: 13->13(13)
[2025-08-01T01:07:22.173+0000] GC(457) Old regions: 1671->1762
[2025-08-01T01:07:22.173+0000] GC(457) Archive regions: 2->2
[2025-08-01T01:07:22.173+0000] GC(457) Humongous regions: 0->0
[2025-08-01T01:07:22.173+0000] GC(457) Metaspace: 10061K(10304K)->10061K(10304K) NonClass: 8835K(8960K)->8835K(8960K) Class: 1225K(1344K)->1225K(1344K)
[2025-08-01T01:07:22.173+0000] GC(457) Pause Young (Normal) (G1 Evacuation Pause) 3547M->3550M(4096M) 34.053ms
[2025-08-01T01:07:22.173+0000] GC(457) User=0.25s Sys=0.00s Real=0.04s
[2025-08-01T01:07:22.177+0000] GC(447) Concurrent Rebuild Remembered Sets 543.960ms
[2025-08-01T01:07:22.179+0000] GC(447) Pause Cleanup
[2025-08-01T01:07:22.179+0000] GC(447) Pause Cleanup 3602M->3602M(4096M) 0.591ms
[2025-08-01T01:07:22.179+0000] GC(447) User=0.00s Sys=0.00s Real=0.00s
[2025-08-01T01:07:22.180+0000] GC(447) Concurrent Cleanup for Next Mark
[2025-08-01T01:07:22.192+0000] GC(447) Concurrent Cleanup for Next Mark 12.395ms
[2025-08-01T01:07:22.192+0000] GC(447) Concurrent Mark Cycle 911.476ms
[2025-08-01T01:07:22.243+0000] GC(458) Pause Young (Prepare Mixed) (G1 Evacuation Pause)
[2025-08-01T01:07:22.243+0000] GC(458) Using 8 workers of 8 for evacuation
[2025-08-01T01:07:22.267+0000] GC(458)   Pre Evacuate Collection Set: 0.5ms
[2025-08-01T01:07:22.267+0000] GC(458)   Merge Heap Roots: 0.1ms
[2025-08-01T01:07:22.267+0000] GC(458)   Evacuate Collection Set: 22.8ms
[2025-08-01T01:07:22.267+0000] GC(458)   Post Evacuate Collection Set: 0.9ms
[2025-08-01T01:07:22.267+0000] GC(458)   Other: 0.3ms
[2025-08-01T01:07:22.267+0000] GC(458) Eden regions: 89->0(89)
[2025-08-01T01:07:22.268+0000] GC(458) Survivor regions: 13->13(13)
[2025-08-01T01:07:22.268+0000] GC(458) Old regions: 1762->1793
[2025-08-01T01:07:22.268+0000] GC(458) Archive regions: 2->2
[2025-08-01T01:07:22.268+0000] GC(458) Humongous regions: 0->0
[2025-08-01T01:07:22.268+0000] GC(458) Metaspace: 10061K(10304K)->10061K(10304K) NonClass: 8835K(8960K)->8835K(8960K) Class: 1225K(1344K)->1225K(1344K)
[2025-08-01T01:07:22.268+0000] GC(458) Pause Young (Prepare Mixed) (G1 Evacuation Pause) 3728M->3613M(4096M) 24.703ms
[2025-08-01T01:07:22.268+0000] GC(458) User=0.14s Sys=0.01s Real=0.02s
[2025-08-01T01:07:22.287+0000] GC(459) Pause Young (Mixed) (G1 Evacuation Pause)
[2025-08-01T01:07:22.287+0000] GC(459) Using 8 workers of 8 for evacuation
[2025-08-01T01:07:22.339+0000] GC(459)   Pre Evacuate Collection Set: 0.8ms
[2025-08-01T01:07:22.339+0000] GC(459)   Merge Heap Roots: 0.3ms
[2025-08-01T01:07:22.339+0000] GC(459)   Evacuate Collection Set: 49.9ms
[2025-08-01T01:07:22.339+0000] GC(459)   Post Evacuate Collection Set: 0.8ms
[2025-08-01T01:07:22.339+0000] GC(459)   Other: 0.2ms
[2025-08-01T01:07:22.339+0000] GC(459) Eden regions: 89->0(89)
[2025-08-01T01:07:22.339+0000] GC(459) Survivor regions: 13->13(13)
[2025-08-01T01:07:22.339+0000] GC(459) Old regions: 1793->1879
[2025-08-01T01:07:22.339+0000] GC(459) Archive regions: 2->2
[2025-08-01T01:07:22.339+0000] GC(459) Humongous regions: 0->0
[2025-08-01T01:07:22.339+0000] GC(459) Metaspace: 10061K(10304K)->10061K(10304K) NonClass: 8835K(8960K)->8835K(8960K) Class: 1225K(1344K)->1225K(1344K)
[2025-08-01T01:07:22.339+0000] GC(459) Pause Young (Mixed) (G1 Evacuation Pause) 3791M->3784M(4096M) 52.097ms
[2025-08-01T01:07:22.339+0000] GC(459) User=0.36s Sys=0.02s Real=0.05s
[2025-08-01T01:07:22.353+0000] GC(460) Pause Young (Concurrent Start) (G1 Preventive Collection)
[2025-08-01T01:07:22.353+0000] GC(460) Using 8 workers of 8 for evacuation
[2025-08-01T01:07:22.385+0000] GC(460)   Pre Evacuate Collection Set: 0.4ms
[2025-08-01T01:07:22.385+0000] GC(460)   Merge Heap Roots: 0.1ms
[2025-08-01T01:07:22.385+0000] GC(460)   Evacuate Collection Set: 30.7ms
[2025-08-01T01:07:22.385+0000] GC(460)   Post Evacuate Collection Set: 0.6ms
[2025-08-01T01:07:22.385+0000] GC(460)   Other: 0.3ms
[2025-08-01T01:07:22.385+0000] GC(460) Eden regions: 67->0(89)
[2025-08-01T01:07:22.385+0000] GC(460) Survivor regions: 13->13(13)
[2025-08-01T01:07:22.385+0000] GC(460) Old regions: 1879->1947
[2025-08-01T01:07:22.385+0000] GC(460) Archive regions: 2->2
[2025-08-01T01:07:22.385+0000] GC(460) Humongous regions: 0->0
[2025-08-01T01:07:22.385+0000] GC(460) Metaspace: 10061K(10304K)->10061K(10304K) NonClass: 8835K(8960K)->8835K(8960K) Class: 1225K(1344K)->1225K(1344K)
[2025-08-01T01:07:22.385+0000] GC(460) Pause Young (Concurrent Start) (G1 Preventive Collection) 3918M->3920M(4096M) 32.103ms
[2025-08-01T01:07:22.385+0000] GC(460) User=0.23s Sys=0.01s Real=0.03s
[2025-08-01T01:07:22.385+0000] GC(461) Concurrent Mark Cycle
[2025-08-01T01:07:22.385+0000] GC(461) Concurrent Clear Claimed Marks
[2025-08-01T01:07:22.385+0000] GC(461) Concurrent Clear Claimed Marks 0.015ms
[2025-08-01T01:07:22.385+0000] GC(461) Concurrent Scan Root Regions
[2025-08-01T01:07:22.399+0000] GC(461) Concurrent Scan Root Regions 13.530ms
[2025-08-01T01:07:22.399+0000] GC(461) Concurrent Mark
[2025-08-01T01:07:22.399+0000] GC(461) Concurrent Mark From Roots
[2025-08-01T01:07:22.399+0000] GC(461) Using 2 workers of 2 for marking
[2025-08-01T01:07:22.407+0000] GC(462) Pause Young (Normal) (G1 Preventive Collection)
[2025-08-01T01:07:22.407+0000] GC(462) Using 8 workers of 8 for evacuation
[2025-08-01T01:07:22.426+0000] GC(462)   Pre Evacuate Collection Set: 0.6ms
[2025-08-01T01:07:22.426+0000] GC(462)   Merge Heap Roots: 0.1ms
[2025-08-01T01:07:22.426+0000] GC(462)   Evacuate Collection Set: 18.4ms
[2025-08-01T01:07:22.426+0000] GC(462)   Post Evacuate Collection Set: 0.4ms
[2025-08-01T01:07:22.426+0000] GC(462)   Other: 0.2ms
[2025-08-01T01:07:22.426+0000] GC(462) Eden regions: 34->0(89)
[2025-08-01T01:07:22.426+0000] GC(462) Survivor regions: 13->13(13)
[2025-08-01T01:07:22.426+0000] GC(462) Old regions: 1947->1982
[2025-08-01T01:07:22.426+0000] GC(462) Archive regions: 2->2
[2025-08-01T01:07:22.426+0000] GC(462) Humongous regions: 0->0
[2025-08-01T01:07:22.427+0000] GC(462) Metaspace: 10061K(10304K)->10061K(10304K) NonClass: 8835K(8960K)->8835K(8960K) Class: 1225K(1344K)->1225K(1344K)
[2025-08-01T01:07:22.427+0000] GC(462) Pause Young (Normal) (G1 Preventive Collection) 3988M->3990M(4096M) 19.835ms
[2025-08-01T01:07:22.427+0000] GC(462) User=0.13s Sys=0.01s Real=0.02s
[2025-08-01T01:07:22.430+0000] GC(463) Pause Young (Normal) (G1 Preventive Collection)
[2025-08-01T01:07:22.430+0000] GC(463) Using 8 workers of 8 for evacuation
[2025-08-01T01:07:22.443+0000] GC(463)   Pre Evacuate Collection Set: 0.3ms
[2025-08-01T01:07:22.443+0000] GC(463)   Merge Heap Roots: 0.1ms
[2025-08-01T01:07:22.443+0000] GC(463)   Evacuate Collection Set: 11.7ms
[2025-08-01T01:07:22.443+0000] GC(463)   Post Evacuate Collection Set: 0.5ms
[2025-08-01T01:07:22.443+0000] GC(463)   Other: 0.1ms
[2025-08-01T01:07:22.443+0000] GC(463) Eden regions: 17->0(89)
[2025-08-01T01:07:22.443+0000] GC(463) Survivor regions: 13->13(13)
[2025-08-01T01:07:22.443+0000] GC(463) Old regions: 1982->2001
[2025-08-01T01:07:22.443+0000] GC(463) Archive regions: 2->2
[2025-08-01T01:07:22.443+0000] GC(463) Humongous regions: 0->0
[2025-08-01T01:07:22.443+0000] GC(463) Metaspace: 10061K(10304K)->10061K(10304K) NonClass: 8835K(8960K)->8835K(8960K) Class: 1225K(1344K)->1225K(1344K)
[2025-08-01T01:07:22.443+0000] GC(463) Pause Young (Normal) (G1 Preventive Collection) 4024M->4029M(4096M) 12.860ms
[2025-08-01T01:07:22.443+0000] GC(463) User=0.08s Sys=0.00s Real=0.01s
[2025-08-01T01:07:22.444+0000] GC(464) Pause Young (Normal) (G1 Preventive Collection)
[2025-08-01T01:07:22.444+0000] GC(464) Using 8 workers of 8 for evacuation
[2025-08-01T01:07:22.453+0000] GC(464) To-space exhausted
[2025-08-01T01:07:22.453+0000] GC(464)   Pre Evacuate Collection Set: 0.4ms
[2025-08-01T01:07:22.453+0000] GC(464)   Merge Heap Roots: 0.1ms
[2025-08-01T01:07:22.453+0000] GC(464)   Evacuate Collection Set: 6.8ms
[2025-08-01T01:07:22.453+0000] GC(464)   Post Evacuate Collection Set: 1.0ms
[2025-08-01T01:07:22.453+0000] GC(464)   Other: 0.2ms
[2025-08-01T01:07:22.453+0000] GC(464) Eden regions: 8->0(92)
[2025-08-01T01:07:22.453+0000] GC(464) Survivor regions: 13->10(13)
[2025-08-01T01:07:22.453+0000] GC(464) Old regions: 2001->2019
[2025-08-01T01:07:22.453+0000] GC(464) Archive regions: 2->2
[2025-08-01T01:07:22.453+0000] GC(464) Humongous regions: 0->0
[2025-08-01T01:07:22.453+0000] GC(464) Metaspace: 10061K(10304K)->10061K(10304K) NonClass: 8835K(8960K)->8835K(8960K) Class: 1225K(1344K)->1225K(1344K)
[2025-08-01T01:07:22.453+0000] GC(464) Pause Young (Normal) (G1 Preventive Collection) 4045M->4059M(4096M) 8.590ms
[2025-08-01T01:07:22.453+0000] GC(464) User=0.05s Sys=0.00s Real=0.00s
[2025-08-01T01:07:22.455+0000] GC(465) Pause Young (Normal) (G1 Preventive Collection)
[2025-08-01T01:07:22.455+0000] GC(465) Using 8 workers of 8 for evacuation
[2025-08-01T01:07:22.460+0000] GC(465)   Pre Evacuate Collection Set: 0.3ms
[2025-08-01T01:07:22.460+0000] GC(465)   Merge Heap Roots: 0.1ms
[2025-08-01T01:07:22.460+0000] GC(465)   Evacuate Collection Set: 3.8ms
[2025-08-01T01:07:22.460+0000] GC(465)   Post Evacuate Collection Set: 0.9ms
[2025-08-01T01:07:22.460+0000] GC(465)   Other: 0.1ms
[2025-08-01T01:07:22.460+0000] GC(465) Eden regions: 3->0(98)
[2025-08-01T01:07:22.460+0000] GC(465) Survivor regions: 10->4(13)
[2025-08-01T01:07:22.460+0000] GC(465) Old regions: 2019->2029
[2025-08-01T01:07:22.460+0000] GC(465) Archive regions: 2->2
[2025-08-01T01:07:22.460+0000] GC(465) Humongous regions: 0->0
[2025-08-01T01:07:22.460+0000] GC(465) Metaspace: 10061K(10304K)->10061K(10304K) NonClass: 8835K(8960K)->8835K(8960K) Class: 1225K(1344K)->1225K(1344K)
[2025-08-01T01:07:22.460+0000] GC(465) Pause Young (Normal) (G1 Preventive Collection) 4065M->4067M(4096M) 5.465ms
[2025-08-01T01:07:22.460+0000] GC(465) User=0.02s Sys=0.00s Real=0.00s
[2025-08-01T01:07:22.462+0000] GC(466) Pause Young (Normal) (G1 Preventive Collection)
[2025-08-01T01:07:22.462+0000] GC(466) Using 8 workers of 8 for evacuation
[2025-08-01T01:07:22.468+0000] GC(466)   Pre Evacuate Collection Set: 0.5ms
[2025-08-01T01:07:22.468+0000] GC(466)   Merge Heap Roots: 0.2ms
[2025-08-01T01:07:22.468+0000] GC(466)   Evacuate Collection Set: 3.9ms
[2025-08-01T01:07:22.468+0000] GC(466)   Post Evacuate Collection Set: 0.6ms
[2025-08-01T01:07:22.468+0000] GC(466)   Other: 0.2ms
[2025-08-01T01:07:22.468+0000] GC(466) Eden regions: 4->0(94)
[2025-08-01T01:07:22.468+0000] GC(466) Survivor regions: 4->8(9)
[2025-08-01T01:07:22.468+0000] GC(466) Old regions: 2029->2029
[2025-08-01T01:07:22.468+0000] GC(466) Archive regions: 2->2
[2025-08-01T01:07:22.468+0000] GC(466) Humongous regions: 0->0
[2025-08-01T01:07:22.468+0000] GC(466) Metaspace: 10061K(10304K)->10061K(10304K) NonClass: 8835K(8960K)->8835K(8960K) Class: 1225K(1344K)->1225K(1344K)
[2025-08-01T01:07:22.468+0000] GC(466) Pause Young (Normal) (G1 Preventive Collection) 4075M->4074M(4096M) 5.529ms
[2025-08-01T01:07:22.468+0000] GC(466) User=0.01s Sys=0.00s Real=0.01s
[2025-08-01T01:07:22.469+0000] GC(467) Pause Young (Normal) (G1 Preventive Collection)
[2025-08-01T01:07:22.469+0000] GC(467) Using 8 workers of 8 for evacuation
[2025-08-01T01:07:22.474+0000] GC(467) To-space exhausted
[2025-08-01T01:07:22.474+0000] GC(467)   Pre Evacuate Collection Set: 0.3ms
[2025-08-01T01:07:22.474+0000] GC(467)   Merge Heap Roots: 0.1ms
[2025-08-01T01:07:22.474+0000] GC(467)   Evacuate Collection Set: 3.1ms
[2025-08-01T01:07:22.474+0000] GC(467)   Post Evacuate Collection Set: 1.1ms
[2025-08-01T01:07:22.474+0000] GC(467)   Other: 0.2ms
[2025-08-01T01:07:22.474+0000] GC(467) Eden regions: 1->0(97)
[2025-08-01T01:07:22.474+0000] GC(467) Survivor regions: 8->5(8)
[2025-08-01T01:07:22.474+0000] GC(467) Old regions: 2029->2037
[2025-08-01T01:07:22.474+0000] GC(467) Archive regions: 2->2
[2025-08-01T01:07:22.474+0000] GC(467) Humongous regions: 0->0
[2025-08-01T01:07:22.474+0000] GC(467) Metaspace: 10061K(10304K)->10061K(10304K) NonClass: 8835K(8960K)->8835K(8960K) Class: 1225K(1344K)->1225K(1344K)
[2025-08-01T01:07:22.474+0000] GC(467) Pause Young (Normal) (G1 Preventive Collection) 4076M->4085M(4096M) 4.893ms
[2025-08-01T01:07:22.474+0000] GC(467) User=0.02s Sys=0.00s Real=0.01s
[2025-08-01T01:07:22.475+0000] GC(468) Pause Young (Normal) (G1 Preventive Collection)
[2025-08-01T01:07:22.475+0000] GC(468) Using 8 workers of 8 for evacuation
[2025-08-01T01:07:22.478+0000] GC(468) To-space exhausted
[2025-08-01T01:07:22.478+0000] GC(468)   Pre Evacuate Collection Set: 0.6ms
[2025-08-01T01:07:22.478+0000] GC(468)   Merge Heap Roots: 0.2ms
[2025-08-01T01:07:22.478+0000] GC(468)   Evacuate Collection Set: 1.7ms
[2025-08-01T01:07:22.478+0000] GC(468)   Post Evacuate Collection Set: 1.1ms
[2025-08-01T01:07:22.478+0000] GC(468)   Other: 0.1ms
[2025-08-01T01:07:22.478+0000] GC(468) Eden regions: 1->0(99)
[2025-08-01T01:07:22.478+0000] GC(468) Survivor regions: 5->3(3)
[2025-08-01T01:07:22.478+0000] GC(468) Old regions: 2037->2043
[2025-08-01T01:07:22.478+0000] GC(468) Archive regions: 2->2
[2025-08-01T01:07:22.478+0000] GC(468) Humongous regions: 0->0
[2025-08-01T01:07:22.478+0000] GC(468) Metaspace: 10061K(10304K)->10061K(10304K) NonClass: 8835K(8960K)->8835K(8960K) Class: 1225K(1344K)->1225K(1344K)
[2025-08-01T01:07:22.478+0000] GC(468) Pause Young (Normal) (G1 Preventive Collection) 4087M->4093M(4096M) 3.804ms
[2025-08-01T01:07:22.479+0000] GC(468) User=0.02s Sys=0.00s Real=0.00s
[2025-08-01T01:07:22.479+0000] Attempting full compaction
[2025-08-01T01:07:22.479+0000] GC(469) Pause Full (G1 Compaction Pause)
[2025-08-01T01:07:22.479+0000] GC(469) Using 8 workers of 8 for full compaction
[2025-08-01T01:07:22.484+0000] GC(469) Phase 1: Mark live objects
[2025-08-01T01:07:22.513+0000] GC(469) Phase 1: Mark live objects 29.159ms
[2025-08-01T01:07:22.513+0000] GC(469) Phase 2: Prepare for compaction
[2025-08-01T01:07:22.522+0000] GC(469) Phase 2: Prepare for compaction 9.178ms
[2025-08-01T01:07:22.522+0000] GC(469) Phase 3: Adjust pointers
[2025-08-01T01:07:22.547+0000] GC(469) Phase 3: Adjust pointers 24.738ms
[2025-08-01T01:07:22.547+0000] GC(469) Phase 4: Compact heap
[2025-08-01T01:07:22.562+0000] GC(469) Phase 4: Compact heap 15.154ms
[2025-08-01T01:07:22.569+0000] GC(469) Eden regions: 0->0(474)
[2025-08-01T01:07:22.569+0000] GC(469) Survivor regions: 3->0(3)
[2025-08-01T01:07:22.569+0000] GC(469) Old regions: 2043->299
[2025-08-01T01:07:22.569+0000] GC(469) Archive regions: 2->2
[2025-08-01T01:07:22.569+0000] GC(469) Humongous regions: 0->0
[2025-08-01T01:07:22.569+0000] GC(469) Metaspace: 10061K(10304K)->10061K(10304K) NonClass: 8835K(8960K)->8835K(8960K) Class: 1225K(1344K)->1225K(1344K)
[2025-08-01T01:07:22.569+0000] GC(469) Pause Full (G1 Compaction Pause) 4093M->593M(4096M) 90.768ms
[2025-08-01T01:07:22.569+0000] GC(469) User=0.63s Sys=0.01s Real=0.09s
[2025-08-01T01:07:22.570+0000] GC(461) Concurrent Mark From Roots 170.482ms
[2025-08-01T01:07:22.570+0000] GC(461) Concurrent Mark Abort
[2025-08-01T01:07:22.570+0000] GC(461) Concurrent Mark Cycle 184.173ms
[2025-08-01T01:07:22.755+0000] GC(470) Pause Young (Normal) (G1 Evacuation Pause)
[2025-08-01T01:07:22.755+0000] GC(470) Using 8 workers of 8 for evacuation
[2025-08-01T01:07:22.974+0000] GC(470) MMU target violated: 201.0ms (200.0ms/201.0ms)
[2025-08-01T01:07:22.974+0000] GC(470)   Pre Evacuate Collection Set: 0.4ms
[2025-08-01T01:07:22.974+0000] GC(470)   Merge Heap Roots: 0.6ms
[2025-08-01T01:07:22.974+0000] GC(470)   Evacuate Collection Set: 216.5ms
[2025-08-01T01:07:22.974+0000] GC(470)   Post Evacuate Collection Set: 1.4ms
[2025-08-01T01:07:22.974+0000] GC(470)   Other: 0.3ms
[2025-08-01T01:07:22.974+0000] GC(470) Eden regions: 474->0(333)
[2025-08-01T01:07:22.974+0000] GC(470) Survivor regions: 0->60(60)
[2025-08-01T01:07:22.974+0000] GC(470) Old regions: 299->717
[2025-08-01T01:07:22.974+0000] GC(470) Archive regions: 2->2
[2025-08-01T01:07:22.974+0000] GC(470) Humongous regions: 0->0
[2025-08-01T01:07:22.974+0000] GC(470) Metaspace: 10061K(10304K)->10061K(10304K) NonClass: 8835K(8960K)->8835K(8960K) Class: 1225K(1344K)->1225K(1344K)
[2025-08-01T01:07:22.974+0000] GC(470) Pause Young (Normal) (G1 Evacuation Pause) 1541M->1548M(4096M) 219.218ms
[2025-08-01T01:07:22.974+0000] GC(470) User=1.56s Sys=0.06s Real=0.22s
[2025-08-01T01:07:23.113+0000] GC(471) Pause Young (Concurrent Start) (G1 Evacuation Pause)
[2025-08-01T01:07:23.113+0000] GC(471) Using 8 workers of 8 for evacuation
[2025-08-01T01:07:23.206+0000] GC(471)   Pre Evacuate Collection Set: 0.6ms
[2025-08-01T01:07:23.206+0000] GC(471)   Merge Heap Roots: 0.3ms
[2025-08-01T01:07:23.206+0000] GC(471)   Evacuate Collection Set: 91.0ms
[2025-08-01T01:07:23.206+0000] GC(471)   Post Evacuate Collection Set: 0.7ms
[2025-08-01T01:07:23.206+0000] GC(471)   Other: 0.3ms
[2025-08-01T01:07:23.206+0000] GC(471) Eden regions: 333->0(306)
[2025-08-01T01:07:23.206+0000] GC(471) Survivor regions: 60->50(50)
[2025-08-01T01:07:23.206+0000] GC(471) Old regions: 717->861
[2025-08-01T01:07:23.206+0000] GC(471) Archive regions: 2->2
[2025-08-01T01:07:23.206+0000] GC(471) Humongous regions: 0->0
[2025-08-01T01:07:23.206+0000] GC(471) Metaspace: 10061K(10304K)->10061K(10304K) NonClass: 8835K(8960K)->8835K(8960K) Class: 1225K(1344K)->1225K(1344K)
[2025-08-01T01:07:23.206+0000] GC(471) Pause Young (Concurrent Start) (G1 Evacuation Pause) 2214M->1816M(4096M) 92.933ms
[2025-08-01T01:07:23.206+0000] GC(471) User=0.67s Sys=0.03s Real=0.09s
[2025-08-01T01:07:23.206+0000] GC(472) Concurrent Mark Cycle
[2025-08-01T01:07:23.206+0000] GC(472) Concurrent Clear Claimed Marks
[2025-08-01T01:07:23.206+0000] GC(472) Concurrent Clear Claimed Marks 0.016ms
[2025-08-01T01:07:23.206+0000] GC(472) Concurrent Scan Root Regions
[2025-08-01T01:07:23.255+0000] GC(472) Concurrent Scan Root Regions 48.322ms
[2025-08-01T01:07:23.255+0000] GC(472) Concurrent Mark
[2025-08-01T01:07:23.255+0000] GC(472) Concurrent Mark From Roots
[2025-08-01T01:07:23.255+0000] GC(472) Using 2 workers of 2 for marking
[2025-08-01T01:07:23.269+0000] GC(472) Concurrent Mark From Roots 14.046ms
[2025-08-01T01:07:23.269+0000] GC(472) Concurrent Preclean
[2025-08-01T01:07:23.269+0000] GC(472) Concurrent Preclean 0.304ms
[2025-08-01T01:07:23.269+0000] GC(472) Pause Remark
[2025-08-01T01:07:23.272+0000] GC(472) Pause Remark 2067M->700M(4096M) 2.432ms
[2025-08-01T01:07:23.272+0000] GC(472) User=0.01s Sys=0.00s Real=0.00s
[2025-08-01T01:07:23.272+0000] GC(472) Concurrent Mark 17.333ms
[2025-08-01T01:07:23.272+0000] GC(472) Concurrent Rebuild Remembered Sets
[2025-08-01T01:07:23.315+0000] GC(472) Concurrent Rebuild Remembered Sets 42.446ms
[2025-08-01T01:07:23.315+0000] GC(472) Pause Cleanup
[2025-08-01T01:07:23.316+0000] GC(472) Pause Cleanup 1048M->1048M(4096M) 0.696ms
[2025-08-01T01:07:23.316+0000] GC(472) User=0.00s Sys=0.00s Real=0.00s
[2025-08-01T01:07:23.316+0000] GC(472) Concurrent Cleanup for Next Mark
[2025-08-01T01:07:23.325+0000] GC(472) Concurrent Cleanup for Next Mark 8.977ms
[2025-08-01T01:07:23.325+0000] GC(473) Pause Young (Prepare Mixed) (G1 Evacuation Pause)
[2025-08-01T01:07:23.325+0000] GC(473) Using 8 workers of 8 for evacuation
[2025-08-01T01:07:23.442+0000] GC(473)   Pre Evacuate Collection Set: 0.5ms
[2025-08-01T01:07:23.442+0000] GC(473)   Merge Heap Roots: 0.5ms
[2025-08-01T01:07:23.442+0000] GC(473)   Evacuate Collection Set: 115.1ms
[2025-08-01T01:07:23.442+0000] GC(473)   Post Evacuate Collection Set: 1.0ms
[2025-08-01T01:07:23.442+0000] GC(473)   Other: 0.2ms
[2025-08-01T01:07:23.442+0000] GC(473) Eden regions: 306->0(57)
[2025-08-01T01:07:23.442+0000] GC(473) Survivor regions: 50->45(45)
[2025-08-01T01:07:23.442+0000] GC(473) Old regions: 175->485
[2025-08-01T01:07:23.442+0000] GC(473) Archive regions: 2->2
[2025-08-01T01:07:23.442+0000] GC(473) Humongous regions: 0->0
[2025-08-01T01:07:23.442+0000] GC(473) Metaspace: 10061K(10304K)->10061K(10304K) NonClass: 8835K(8960K)->8835K(8960K) Class: 1225K(1344K)->1225K(1344K)
[2025-08-01T01:07:23.442+0000] GC(473) Pause Young (Prepare Mixed) (G1 Evacuation Pause) 1061M->1060M(4096M) 117.399ms
[2025-08-01T01:07:23.442+0000] GC(473) User=0.90s Sys=0.03s Real=0.11s
[2025-08-01T01:07:23.443+0000] GC(472) Concurrent Mark Cycle 236.388ms
[2025-08-01T01:07:23.452+0000] GC(474) Pause Young (Mixed) (G1 Evacuation Pause)
[2025-08-01T01:07:23.452+0000] GC(474) Using 8 workers of 8 for evacuation
[2025-08-01T01:07:23.481+0000] GC(474)   Pre Evacuate Collection Set: 0.5ms
[2025-08-01T01:07:23.481+0000] GC(474)   Merge Heap Roots: 0.1ms
[2025-08-01T01:07:23.481+0000] GC(474)   Evacuate Collection Set: 27.8ms
[2025-08-01T01:07:23.481+0000] GC(474)   Post Evacuate Collection Set: 0.8ms
[2025-08-01T01:07:23.481+0000] GC(474)   Other: 0.2ms
[2025-08-01T01:07:23.481+0000] GC(474) Eden regions: 57->0(403)
[2025-08-01T01:07:23.481+0000] GC(474) Survivor regions: 45->13(13)
[2025-08-01T01:07:23.481+0000] GC(474) Old regions: 485->574
[2025-08-01T01:07:23.481+0000] GC(474) Archive regions: 2->2
[2025-08-01T01:07:23.481+0000] GC(474) Humongous regions: 0->0
[2025-08-01T01:07:23.481+0000] GC(474) Metaspace: 10061K(10304K)->10061K(10304K) NonClass: 8835K(8960K)->8835K(8960K) Class: 1225K(1344K)->1225K(1344K)
[2025-08-01T01:07:23.481+0000] GC(474) Pause Young (Mixed) (G1 Evacuation Pause) 1174M->1174M(4096M) 29.599ms
[2025-08-01T01:07:23.481+0000] GC(474) User=0.22s Sys=0.00s Real=0.03s
[2025-08-01T01:07:23.655+0000] GC(475) Pause Young (Concurrent Start) (G1 Evacuation Pause)
[2025-08-01T01:07:23.655+0000] GC(475) Using 8 workers of 8 for evacuation
[2025-08-01T01:07:23.731+0000] GC(475)   Pre Evacuate Collection Set: 0.6ms
[2025-08-01T01:07:23.731+0000] GC(475)   Merge Heap Roots: 0.2ms
[2025-08-01T01:07:23.731+0000] GC(475)   Evacuate Collection Set: 73.7ms
[2025-08-01T01:07:23.731+0000] GC(475)   Post Evacuate Collection Set: 1.6ms
[2025-08-01T01:07:23.731+0000] GC(475)   Other: 0.3ms
[2025-08-01T01:07:23.731+0000] GC(475) Eden regions: 403->0(375)
[2025-08-01T01:07:23.731+0000] GC(475) Survivor regions: 13->52(52)
[2025-08-01T01:07:23.731+0000] GC(475) Old regions: 574->698
[2025-08-01T01:07:23.732+0000] GC(475) Archive regions: 2->2
[2025-08-01T01:07:23.732+0000] GC(475) Humongous regions: 0->0
[2025-08-01T01:07:23.732+0000] GC(475) Metaspace: 10061K(10304K)->10061K(10304K) NonClass: 8835K(8960K)->8835K(8960K) Class: 1225K(1344K)->1225K(1344K)
[2025-08-01T01:07:23.732+0000] GC(475) Pause Young (Concurrent Start) (G1 Evacuation Pause) 1980M->1501M(4096M) 76.569ms
[2025-08-01T01:07:23.732+0000] GC(475) User=0.57s Sys=0.01s Real=0.07s
[2025-08-01T01:07:23.732+0000] GC(476) Concurrent Mark Cycle
[2025-08-01T01:07:23.732+0000] GC(476) Concurrent Clear Claimed Marks
[2025-08-01T01:07:23.732+0000] GC(476) Concurrent Clear Claimed Marks 0.142ms
[2025-08-01T01:07:23.732+0000] GC(476) Concurrent Scan Root Regions
[2025-08-01T01:07:23.778+0000] GC(476) Concurrent Scan Root Regions 46.120ms
[2025-08-01T01:07:23.778+0000] GC(476) Concurrent Mark
[2025-08-01T01:07:23.778+0000] GC(476) Concurrent Mark From Roots
[2025-08-01T01:07:23.778+0000] GC(476) Using 2 workers of 2 for marking
[2025-08-01T01:07:23.833+0000] GC(476) Concurrent Mark From Roots 54.914ms
[2025-08-01T01:07:23.833+0000] GC(476) Concurrent Preclean
[2025-08-01T01:07:23.833+0000] GC(476) Concurrent Preclean 0.341ms
[2025-08-01T01:07:23.834+0000] GC(476) Pause Remark
[2025-08-01T01:07:23.837+0000] GC(476) Pause Remark 1971M->1295M(4096M) 3.086ms
[2025-08-01T01:07:23.838+0000] GC(476) User=0.01s Sys=0.00s Real=0.00s
[2025-08-01T01:07:23.838+0000] GC(476) Concurrent Mark 59.571ms
[2025-08-01T01:07:23.838+0000] GC(476) Concurrent Rebuild Remembered Sets
[2025-08-01T01:07:23.904+0000] GC(476) Concurrent Rebuild Remembered Sets 65.775ms
[2025-08-01T01:07:23.904+0000] GC(476) Pause Cleanup
[2025-08-01T01:07:23.905+0000] GC(476) Pause Cleanup 1535M->1535M(4096M) 0.648ms
[2025-08-01T01:07:23.905+0000] GC(476) User=0.01s Sys=0.00s Real=0.00s
[2025-08-01T01:07:23.905+0000] GC(476) Concurrent Cleanup for Next Mark
[2025-08-01T01:07:23.911+0000] GC(477) Pause Young (Prepare Mixed) (G1 Evacuation Pause)
[2025-08-01T01:07:23.911+0000] GC(477) Using 8 workers of 8 for evacuation
[2025-08-01T01:07:24.029+0000] GC(477)   Pre Evacuate Collection Set: 0.3ms
[2025-08-01T01:07:24.029+0000] GC(477)   Merge Heap Roots: 0.2ms
[2025-08-01T01:07:24.029+0000] GC(477)   Evacuate Collection Set: 115.9ms
[2025-08-01T01:07:24.029+0000] GC(477)   Post Evacuate Collection Set: 1.0ms
[2025-08-01T01:07:24.029+0000] GC(477)   Other: 0.2ms
[2025-08-01T01:07:24.029+0000] GC(477) Eden regions: 375->0(48)
[2025-08-01T01:07:24.029+0000] GC(477) Survivor regions: 52->54(54)
[2025-08-01T01:07:24.029+0000] GC(477) Old regions: 360->697
[2025-08-01T01:07:24.029+0000] GC(477) Archive regions: 2->2
[2025-08-01T01:07:24.029+0000] GC(477) Humongous regions: 0->0
[2025-08-01T01:07:24.029+0000] GC(477) Metaspace: 10061K(10304K)->10061K(10304K) NonClass: 8835K(8960K)->8835K(8960K) Class: 1225K(1344K)->1225K(1344K)
[2025-08-01T01:07:24.029+0000] GC(477) Pause Young (Prepare Mixed) (G1 Evacuation Pause) 1575M->1502M(4096M) 117.825ms
[2025-08-01T01:07:24.029+0000] GC(477) User=0.91s Sys=0.01s Real=0.12s
[2025-08-01T01:07:24.037+0000] GC(476) Concurrent Cleanup for Next Mark 132.059ms
[2025-08-01T01:07:24.037+0000] GC(476) Concurrent Mark Cycle 305.495ms
[2025-08-01T01:07:24.039+0000] GC(478) Pause Young (Mixed) (G1 Evacuation Pause)
[2025-08-01T01:07:24.039+0000] GC(478) Using 8 workers of 8 for evacuation
[2025-08-01T01:07:24.068+0000] GC(478)   Pre Evacuate Collection Set: 0.3ms
[2025-08-01T01:07:24.068+0000] GC(478)   Merge Heap Roots: 0.1ms
[2025-08-01T01:07:24.068+0000] GC(478)   Evacuate Collection Set: 27.6ms
[2025-08-01T01:07:24.068+0000] GC(478)   Post Evacuate Collection Set: 0.8ms
[2025-08-01T01:07:24.068+0000] GC(478)   Other: 0.2ms
[2025-08-01T01:07:24.068+0000] GC(478) Eden regions: 48->0(349)
[2025-08-01T01:07:24.068+0000] GC(478) Survivor regions: 54->13(13)
[2025-08-01T01:07:24.068+0000] GC(478) Old regions: 697->761
[2025-08-01T01:07:24.068+0000] GC(478) Archive regions: 2->2
[2025-08-01T01:07:24.068+0000] GC(478) Humongous regions: 0->0
[2025-08-01T01:07:24.068+0000] GC(478) Metaspace: 10061K(10304K)->10061K(10304K) NonClass: 8835K(8960K)->8835K(8960K) Class: 1225K(1344K)->1225K(1344K)
[2025-08-01T01:07:24.068+0000] GC(478) Pause Young (Mixed) (G1 Evacuation Pause) 1598M->1548M(4096M) 29.234ms
[2025-08-01T01:07:24.068+0000] GC(478) User=0.22s Sys=0.00s Real=0.03s
[2025-08-01T01:07:24.228+0000] GC(479) Pause Young (Concurrent Start) (G1 Evacuation Pause)
[2025-08-01T01:07:24.228+0000] GC(479) Using 8 workers of 8 for evacuation
[2025-08-01T01:07:24.336+0000] GC(479)   Pre Evacuate Collection Set: 0.5ms
[2025-08-01T01:07:24.336+0000] GC(479)   Merge Heap Roots: 0.2ms
[2025-08-01T01:07:24.336+0000] GC(479)   Evacuate Collection Set: 105.9ms
[2025-08-01T01:07:24.336+0000] GC(479)   Post Evacuate Collection Set: 1.3ms
[2025-08-01T01:07:24.336+0000] GC(479)   Other: 0.4ms
[2025-08-01T01:07:24.336+0000] GC(479) Eden regions: 349->0(258)
[2025-08-01T01:07:24.336+0000] GC(479) Survivor regions: 13->46(46)
[2025-08-01T01:07:24.336+0000] GC(479) Old regions: 761->998
[2025-08-01T01:07:24.336+0000] GC(479) Archive regions: 2->2
[2025-08-01T01:07:24.336+0000] GC(479) Humongous regions: 0->0
[2025-08-01T01:07:24.336+0000] GC(479) Metaspace: 10061K(10304K)->10061K(10304K) NonClass: 8835K(8960K)->8835K(8960K) Class: 1225K(1344K)->1225K(1344K)
[2025-08-01T01:07:24.336+0000] GC(479) Pause Young (Concurrent Start) (G1 Evacuation Pause) 2246M->2088M(4096M) 108.440ms
[2025-08-01T01:07:24.336+0000] GC(479) User=0.82s Sys=0.01s Real=0.11s
[2025-08-01T01:07:24.336+0000] GC(480) Concurrent Mark Cycle
[2025-08-01T01:07:24.336+0000] GC(480) Concurrent Clear Claimed Marks
[2025-08-01T01:07:24.336+0000] GC(480) Concurrent Clear Claimed Marks 0.023ms
[2025-08-01T01:07:24.336+0000] GC(480) Concurrent Scan Root Regions
[2025-08-01T01:07:24.397+0000] GC(480) Concurrent Scan Root Regions 60.643ms
[2025-08-01T01:07:24.397+0000] GC(480) Concurrent Mark
[2025-08-01T01:07:24.397+0000] GC(480) Concurrent Mark From Roots
[2025-08-01T01:07:24.397+0000] GC(480) Using 2 workers of 2 for marking
[2025-08-01T01:07:24.443+0000] GC(481) Pause Young (Normal) (G1 Evacuation Pause)
[2025-08-01T01:07:24.443+0000] GC(481) Using 8 workers of 8 for evacuation
[2025-08-01T01:07:24.497+0000] GC(481)   Pre Evacuate Collection Set: 0.4ms
[2025-08-01T01:07:24.497+0000] GC(481)   Merge Heap Roots: 0.1ms
[2025-08-01T01:07:24.497+0000] GC(481)   Evacuate Collection Set: 53.0ms
[2025-08-01T01:07:24.497+0000] GC(481)   Post Evacuate Collection Set: 0.9ms
[2025-08-01T01:07:24.497+0000] GC(481)   Other: 0.2ms
[2025-08-01T01:07:24.497+0000] GC(481) Eden regions: 258->0(224)
[2025-08-01T01:07:24.497+0000] GC(481) Survivor regions: 46->38(38)
[2025-08-01T01:07:24.497+0000] GC(481) Old regions: 998->1128
[2025-08-01T01:07:24.497+0000] GC(481) Archive regions: 2->2
[2025-08-01T01:07:24.497+0000] GC(481) Humongous regions: 0->0
[2025-08-01T01:07:24.497+0000] GC(481) Metaspace: 10061K(10304K)->10061K(10304K) NonClass: 8835K(8960K)->8835K(8960K) Class: 1225K(1344K)->1225K(1344K)
[2025-08-01T01:07:24.497+0000] GC(481) Pause Young (Normal) (G1 Evacuation Pause) 2604M->2333M(4096M) 54.705ms
[2025-08-01T01:07:24.497+0000] GC(481) User=0.42s Sys=0.01s Real=0.06s
[2025-08-01T01:07:24.581+0000] GC(480) Concurrent Mark From Roots 184.399ms
[2025-08-01T01:07:24.581+0000] GC(480) Concurrent Preclean
[2025-08-01T01:07:24.582+0000] GC(480) Concurrent Preclean 0.267ms
[2025-08-01T01:07:24.582+0000] GC(482) Pause Young (Normal) (G1 Evacuation Pause)
[2025-08-01T01:07:24.582+0000] GC(482) Using 8 workers of 8 for evacuation
[2025-08-01T01:07:24.654+0000] GC(482)   Pre Evacuate Collection Set: 0.3ms
[2025-08-01T01:07:24.654+0000] GC(482)   Merge Heap Roots: 0.2ms
[2025-08-01T01:07:24.654+0000] GC(482)   Evacuate Collection Set: 70.7ms
[2025-08-01T01:07:24.654+0000] GC(482)   Post Evacuate Collection Set: 1.1ms
[2025-08-01T01:07:24.654+0000] GC(482)   Other: 0.3ms
[2025-08-01T01:07:24.654+0000] GC(482) Eden regions: 224->0(141)
[2025-08-01T01:07:24.654+0000] GC(482) Survivor regions: 38->33(33)
[2025-08-01T01:07:24.654+0000] GC(482) Old regions: 1128->1359
[2025-08-01T01:07:24.654+0000] GC(482) Archive regions: 2->2
[2025-08-01T01:07:24.654+0000] GC(482) Humongous regions: 0->0
[2025-08-01T01:07:24.654+0000] GC(482) Metaspace: 10061K(10304K)->10061K(10304K) NonClass: 8835K(8960K)->8835K(8960K) Class: 1225K(1344K)->1225K(1344K)
[2025-08-01T01:07:24.655+0000] GC(482) Pause Young (Normal) (G1 Evacuation Pause) 2781M->2784M(4096M) 72.747ms
[2025-08-01T01:07:24.655+0000] GC(482) User=0.56s Sys=0.00s Real=0.08s
[2025-08-01T01:07:24.655+0000] GC(480) Pause Remark
[2025-08-01T01:07:24.657+0000] GC(480) Pause Remark 2788M->2180M(4096M) 2.138ms
[2025-08-01T01:07:24.657+0000] GC(480) User=0.01s Sys=0.00s Real=0.00s
[2025-08-01T01:07:24.657+0000] GC(480) Concurrent Mark 260.313ms
[2025-08-01T01:07:24.657+0000] GC(480) Concurrent Rebuild Remembered Sets
[2025-08-01T01:07:24.689+0000] GC(483) Pause Young (Normal) (G1 Evacuation Pause)
[2025-08-01T01:07:24.689+0000] GC(483) Using 8 workers of 8 for evacuation
[2025-08-01T01:07:24.738+0000] GC(483)   Pre Evacuate Collection Set: 0.2ms
[2025-08-01T01:07:24.738+0000] GC(483)   Merge Heap Roots: 0.1ms
[2025-08-01T01:07:24.738+0000] GC(483)   Evacuate Collection Set: 47.8ms
[2025-08-01T01:07:24.738+0000] GC(483)   Post Evacuate Collection Set: 1.1ms
[2025-08-01T01:07:24.738+0000] GC(483)   Other: 0.1ms
[2025-08-01T01:07:24.738+0000] GC(483) Eden regions: 141->0(193)
[2025-08-01T01:07:24.738+0000] GC(483) Survivor regions: 33->22(22)
[2025-08-01T01:07:24.738+0000] GC(483) Old regions: 1055->1207
[2025-08-01T01:07:24.738+0000] GC(483) Archive regions: 2->2
[2025-08-01T01:07:24.738+0000] GC(483) Humongous regions: 0->0
[2025-08-01T01:07:24.738+0000] GC(483) Metaspace: 10061K(10304K)->10061K(10304K) NonClass: 8835K(8960K)->8835K(8960K) Class: 1225K(1344K)->1225K(1344K)
[2025-08-01T01:07:24.738+0000] GC(483) Pause Young (Normal) (G1 Evacuation Pause) 2458M->2459M(4096M) 49.605ms
[2025-08-01T01:07:24.738+0000] GC(483) User=0.39s Sys=0.00s Real=0.05s
[2025-08-01T01:07:24.824+0000] GC(484) Pause Young (Normal) (G1 Evacuation Pause)
[2025-08-01T01:07:24.824+0000] GC(484) Using 8 workers of 8 for evacuation
[2025-08-01T01:07:24.875+0000] GC(484)   Pre Evacuate Collection Set: 0.4ms
[2025-08-01T01:07:24.875+0000] GC(484)   Merge Heap Roots: 0.2ms
[2025-08-01T01:07:24.875+0000] GC(484)   Evacuate Collection Set: 49.2ms
[2025-08-01T01:07:24.875+0000] GC(484)   Post Evacuate Collection Set: 0.9ms
[2025-08-01T01:07:24.875+0000] GC(484)   Other: 0.1ms
[2025-08-01T01:07:24.875+0000] GC(484) Eden regions: 193->0(147)
[2025-08-01T01:07:24.875+0000] GC(484) Survivor regions: 22->27(27)
[2025-08-01T01:07:24.875+0000] GC(484) Old regions: 1207->1352
[2025-08-01T01:07:24.875+0000] GC(484) Archive regions: 2->2
[2025-08-01T01:07:24.875+0000] GC(484) Humongous regions: 0->0
[2025-08-01T01:07:24.875+0000] GC(484) Metaspace: 10061K(10304K)->10061K(10304K) NonClass: 8835K(8960K)->8835K(8960K) Class: 1225K(1344K)->1225K(1344K)
[2025-08-01T01:07:24.875+0000] GC(484) Pause Young (Normal) (G1 Evacuation Pause) 2845M->2758M(4096M) 51.205ms
[2025-08-01T01:07:24.875+0000] GC(484) User=0.40s Sys=0.00s Real=0.05s
[2025-08-01T01:07:24.901+0000] GC(485) Pause Young (Normal) (G1 Evacuation Pause)
[2025-08-01T01:07:24.901+0000] GC(485) Using 8 workers of 8 for evacuation
[2025-08-01T01:07:24.951+0000] GC(485)   Pre Evacuate Collection Set: 0.3ms
[2025-08-01T01:07:24.951+0000] GC(485)   Merge Heap Roots: 0.2ms
[2025-08-01T01:07:24.951+0000] GC(485)   Evacuate Collection Set: 48.4ms
[2025-08-01T01:07:24.951+0000] GC(485)   Post Evacuate Collection Set: 0.7ms
[2025-08-01T01:07:24.951+0000] GC(485)   Other: 0.3ms
[2025-08-01T01:07:24.951+0000] GC(485) Eden regions: 147->0(98)
[2025-08-01T01:07:24.951+0000] GC(485) Survivor regions: 27->22(22)
[2025-08-01T01:07:24.951+0000] GC(485) Old regions: 1352->1505
[2025-08-01T01:07:24.951+0000] GC(485) Archive regions: 2->2
[2025-08-01T01:07:24.951+0000] GC(485) Humongous regions: 0->0
[2025-08-01T01:07:24.951+0000] GC(485) Metaspace: 10061K(10304K)->10061K(10304K) NonClass: 8835K(8960K)->8835K(8960K) Class: 1225K(1344K)->1225K(1344K)
[2025-08-01T01:07:24.951+0000] GC(485) Pause Young (Normal) (G1 Evacuation Pause) 3052M->3055M(4096M) 49.991ms
[2025-08-01T01:07:24.951+0000] GC(485) User=0.39s Sys=0.00s Real=0.05s
[2025-08-01T01:07:25.024+0000] GC(486) Pause Young (Normal) (G1 Evacuation Pause)
[2025-08-01T01:07:25.024+0000] GC(486) Using 8 workers of 8 for evacuation
[2025-08-01T01:07:25.065+0000] GC(486)   Pre Evacuate Collection Set: 0.4ms
[2025-08-01T01:07:25.065+0000] GC(486)   Merge Heap Roots: 0.1ms
[2025-08-01T01:07:25.065+0000] GC(486)   Evacuate Collection Set: 39.5ms
[2025-08-01T01:07:25.065+0000] GC(486)   Post Evacuate Collection Set: 0.5ms
[2025-08-01T01:07:25.065+0000] GC(486)   Other: 0.2ms
[2025-08-01T01:07:25.065+0000] GC(486) Eden regions: 98->0(87)
[2025-08-01T01:07:25.065+0000] GC(486) Survivor regions: 22->15(15)
[2025-08-01T01:07:25.065+0000] GC(486) Old regions: 1505->1599
[2025-08-01T01:07:25.065+0000] GC(486) Archive regions: 2->2
[2025-08-01T01:07:25.065+0000] GC(486) Humongous regions: 0->0
[2025-08-01T01:07:25.065+0000] GC(486) Metaspace: 10061K(10304K)->10061K(10304K) NonClass: 8835K(8960K)->8835K(8960K) Class: 1225K(1344K)->1225K(1344K)
[2025-08-01T01:07:25.065+0000] GC(486) Pause Young (Normal) (G1 Evacuation Pause) 3251M->3229M(4096M) 40.857ms
[2025-08-01T01:07:25.065+0000] GC(486) User=0.29s Sys=0.01s Real=0.04s
[2025-08-01T01:07:25.087+0000] GC(487) Pause Young (Normal) (G1 Evacuation Pause)
[2025-08-01T01:07:25.087+0000] GC(487) Using 8 workers of 8 for evacuation
[2025-08-01T01:07:25.125+0000] GC(487)   Pre Evacuate Collection Set: 0.6ms
[2025-08-01T01:07:25.125+0000] GC(487)   Merge Heap Roots: 0.3ms
[2025-08-01T01:07:25.125+0000] GC(487)   Evacuate Collection Set: 36.4ms
[2025-08-01T01:07:25.125+0000] GC(487)   Post Evacuate Collection Set: 1.1ms
[2025-08-01T01:07:25.125+0000] GC(487)   Other: 0.2ms
[2025-08-01T01:07:25.125+0000] GC(487) Eden regions: 87->0(89)
[2025-08-01T01:07:25.125+0000] GC(487) Survivor regions: 15->13(13)
[2025-08-01T01:07:25.125+0000] GC(487) Old regions: 1599->1690
[2025-08-01T01:07:25.125+0000] GC(487) Archive regions: 2->2
[2025-08-01T01:07:25.125+0000] GC(487) Humongous regions: 0->0
[2025-08-01T01:07:25.125+0000] GC(487) Metaspace: 10061K(10304K)->10061K(10304K) NonClass: 8835K(8960K)->8835K(8960K) Class: 1225K(1344K)->1225K(1344K)
[2025-08-01T01:07:25.125+0000] GC(487) Pause Young (Normal) (G1 Evacuation Pause) 3403M->3406M(4096M) 38.731ms
[2025-08-01T01:07:25.126+0000] GC(487) User=0.26s Sys=0.00s Real=0.04s
[2025-08-01T01:07:25.150+0000] GC(480) Concurrent Rebuild Remembered Sets 492.273ms
[2025-08-01T01:07:25.150+0000] GC(480) Pause Cleanup
[2025-08-01T01:07:25.151+0000] GC(480) Pause Cleanup 3518M->3518M(4096M) 0.809ms
[2025-08-01T01:07:25.151+0000] GC(480) User=0.00s Sys=0.01s Real=0.00s
[2025-08-01T01:07:25.151+0000] GC(480) Concurrent Cleanup for Next Mark
[2025-08-01T01:07:25.158+0000] GC(480) Concurrent Cleanup for Next Mark 7.757ms
[2025-08-01T01:07:25.159+0000] GC(480) Concurrent Mark Cycle 822.335ms
[2025-08-01T01:07:25.183+0000] GC(488) Pause Young (Prepare Mixed) (G1 Evacuation Pause)
[2025-08-01T01:07:25.183+0000] GC(488) Using 8 workers of 8 for evacuation
[2025-08-01T01:07:25.223+0000] GC(488)   Pre Evacuate Collection Set: 0.6ms
[2025-08-01T01:07:25.224+0000] GC(488)   Merge Heap Roots: 0.3ms
[2025-08-01T01:07:25.224+0000] GC(488)   Evacuate Collection Set: 38.5ms
[2025-08-01T01:07:25.224+0000] GC(488)   Post Evacuate Collection Set: 0.7ms
[2025-08-01T01:07:25.224+0000] GC(488)   Other: 0.2ms
[2025-08-01T01:07:25.224+0000] GC(488) Eden regions: 89->0(89)
[2025-08-01T01:07:25.224+0000] GC(488) Survivor regions: 13->13(13)
[2025-08-01T01:07:25.224+0000] GC(488) Old regions: 1690->1776
[2025-08-01T01:07:25.224+0000] GC(488) Archive regions: 2->2
[2025-08-01T01:07:25.224+0000] GC(488) Humongous regions: 0->0
[2025-08-01T01:07:25.224+0000] GC(488) Metaspace: 10061K(10304K)->10061K(10304K) NonClass: 8835K(8960K)->8835K(8960K) Class: 1225K(1344K)->1225K(1344K)
[2025-08-01T01:07:25.224+0000] GC(488) Pause Young (Prepare Mixed) (G1 Evacuation Pause) 3584M->3578M(4096M) 40.497ms
[2025-08-01T01:07:25.224+0000] GC(488) User=0.29s Sys=0.01s Real=0.04s
[2025-08-01T01:07:25.240+0000] GC(489) Pause Young (Mixed) (G1 Evacuation Pause)
[2025-08-01T01:07:25.240+0000] GC(489) Using 8 workers of 8 for evacuation
[2025-08-01T01:07:25.283+0000] GC(489)   Pre Evacuate Collection Set: 0.6ms
[2025-08-01T01:07:25.283+0000] GC(489)   Merge Heap Roots: 0.4ms
[2025-08-01T01:07:25.283+0000] GC(489)   Evacuate Collection Set: 40.6ms
[2025-08-01T01:07:25.283+0000] GC(489)   Post Evacuate Collection Set: 0.8ms
[2025-08-01T01:07:25.283+0000] GC(489)   Other: 0.2ms
[2025-08-01T01:07:25.283+0000] GC(489) Eden regions: 89->0(89)
[2025-08-01T01:07:25.283+0000] GC(489) Survivor regions: 13->13(13)
[2025-08-01T01:07:25.283+0000] GC(489) Old regions: 1776->1820
[2025-08-01T01:07:25.283+0000] GC(489) Archive regions: 2->2
[2025-08-01T01:07:25.283+0000] GC(489) Humongous regions: 0->0
[2025-08-01T01:07:25.283+0000] GC(489) Metaspace: 10061K(10304K)->10061K(10304K) NonClass: 8835K(8960K)->8835K(8960K) Class: 1225K(1344K)->1225K(1344K)
[2025-08-01T01:07:25.283+0000] GC(489) Pause Young (Mixed) (G1 Evacuation Pause) 3756M->3667M(4096M) 42.749ms
[2025-08-01T01:07:25.283+0000] GC(489) User=0.30s Sys=0.01s Real=0.04s
[2025-08-01T01:07:25.346+0000] GC(490) Pause Young (Concurrent Start) (G1 Evacuation Pause)
[2025-08-01T01:07:25.346+0000] GC(490) Using 8 workers of 8 for evacuation
[2025-08-01T01:07:25.387+0000] GC(490)   Pre Evacuate Collection Set: 0.5ms
[2025-08-01T01:07:25.387+0000] GC(490)   Merge Heap Roots: 0.1ms
[2025-08-01T01:07:25.387+0000] GC(490)   Evacuate Collection Set: 39.2ms
[2025-08-01T01:07:25.387+0000] GC(490)   Post Evacuate Collection Set: 0.9ms
[2025-08-01T01:07:25.387+0000] GC(490)   Other: 0.3ms
[2025-08-01T01:07:25.387+0000] GC(490) Eden regions: 89->0(89)
[2025-08-01T01:07:25.387+0000] GC(490) Survivor regions: 13->13(13)
[2025-08-01T01:07:25.387+0000] GC(490) Old regions: 1820->1911
[2025-08-01T01:07:25.387+0000] GC(490) Archive regions: 2->2
[2025-08-01T01:07:25.387+0000] GC(490) Humongous regions: 0->0
[2025-08-01T01:07:25.387+0000] GC(490) Metaspace: 10061K(10304K)->10061K(10304K) NonClass: 8835K(8960K)->8835K(8960K) Class: 1225K(1344K)->1225K(1344K)
[2025-08-01T01:07:25.387+0000] GC(490) Pause Young (Concurrent Start) (G1 Evacuation Pause) 3845M->3848M(4096M) 41.192ms
[2025-08-01T01:07:25.387+0000] GC(490) User=0.29s Sys=0.02s Real=0.04s
[2025-08-01T01:07:25.388+0000] GC(491) Concurrent Mark Cycle
[2025-08-01T01:07:25.388+0000] GC(491) Concurrent Clear Claimed Marks
[2025-08-01T01:07:25.388+0000] GC(491) Concurrent Clear Claimed Marks 0.022ms
[2025-08-01T01:07:25.388+0000] GC(491) Concurrent Scan Root Regions
[2025-08-01T01:07:25.410+0000] GC(491) Concurrent Scan Root Regions 22.808ms
[2025-08-01T01:07:25.410+0000] GC(491) Concurrent Mark
[2025-08-01T01:07:25.410+0000] GC(491) Concurrent Mark From Roots
[2025-08-01T01:07:25.410+0000] GC(491) Using 2 workers of 2 for marking
[2025-08-01T01:07:25.411+0000] GC(492) Pause Young (Normal) (G1 Preventive Collection)
[2025-08-01T01:07:25.411+0000] GC(492) Using 8 workers of 8 for evacuation
[2025-08-01T01:07:25.436+0000] GC(492)   Pre Evacuate Collection Set: 11.0ms
[2025-08-01T01:07:25.436+0000] GC(492)   Merge Heap Roots: 0.1ms
[2025-08-01T01:07:25.436+0000] GC(492)   Evacuate Collection Set: 23.9ms
[2025-08-01T01:07:25.436+0000] GC(492)   Post Evacuate Collection Set: 0.5ms
[2025-08-01T01:07:25.436+0000] GC(492)   Other: 0.1ms
[2025-08-01T01:07:25.436+0000] GC(492) Eden regions: 51->0(89)
[2025-08-01T01:07:25.436+0000] GC(492) Survivor regions: 13->13(13)
[2025-08-01T01:07:25.436+0000] GC(492) Old regions: 1911->1964
[2025-08-01T01:07:25.436+0000] GC(492) Archive regions: 2->2
[2025-08-01T01:07:25.436+0000] GC(492) Humongous regions: 0->0
[2025-08-01T01:07:25.436+0000] GC(492) Metaspace: 10061K(10304K)->10061K(10304K) NonClass: 8835K(8960K)->8835K(8960K) Class: 1225K(1344K)->1225K(1344K)
[2025-08-01T01:07:25.436+0000] GC(492) Pause Young (Normal) (G1 Preventive Collection) 3950M->3954M(4096M) 25.403ms
[2025-08-01T01:07:25.436+0000] GC(492) User=0.17s Sys=0.00s Real=0.03s
[2025-08-01T01:07:25.442+0000] GC(493) Pause Young (Normal) (G1 Preventive Collection)
[2025-08-01T01:07:25.443+0000] GC(493) Using 8 workers of 8 for evacuation
[2025-08-01T01:07:25.456+0000] GC(493)   Pre Evacuate Collection Set: 0.4ms
[2025-08-01T01:07:25.456+0000] GC(493)   Merge Heap Roots: 0.2ms
[2025-08-01T01:07:25.456+0000] GC(493)   Evacuate Collection Set: 12.4ms
[2025-08-01T01:07:25.456+0000] GC(493)   Post Evacuate Collection Set: 0.7ms
[2025-08-01T01:07:25.456+0000] GC(493)   Other: 0.1ms
[2025-08-01T01:07:25.456+0000] GC(493) Eden regions: 26->0(89)
[2025-08-01T01:07:25.456+0000] GC(493) Survivor regions: 13->13(13)
[2025-08-01T01:07:25.456+0000] GC(493) Old regions: 1964->1992
[2025-08-01T01:07:25.456+0000] GC(493) Archive regions: 2->2
[2025-08-01T01:07:25.456+0000] GC(493) Humongous regions: 0->0
[2025-08-01T01:07:25.457+0000] GC(493) Metaspace: 10061K(10304K)->10061K(10304K) NonClass: 8835K(8960K)->8835K(8960K) Class: 1225K(1344K)->1225K(1344K)
[2025-08-01T01:07:25.457+0000] GC(493) Pause Young (Normal) (G1 Preventive Collection) 4006M->4010M(4096M) 14.042ms
[2025-08-01T01:07:25.457+0000] GC(493) User=0.09s Sys=0.01s Real=0.02s
[2025-08-01T01:07:25.460+0000] GC(494) Pause Young (Normal) (G1 Preventive Collection)
[2025-08-01T01:07:25.460+0000] GC(494) Using 8 workers of 8 for evacuation
[2025-08-01T01:07:25.470+0000] GC(494)   Pre Evacuate Collection Set: 0.5ms
[2025-08-01T01:07:25.470+0000] GC(494)   Merge Heap Roots: 0.1ms
[2025-08-01T01:07:25.470+0000] GC(494)   Evacuate Collection Set: 9.0ms
[2025-08-01T01:07:25.470+0000] GC(494)   Post Evacuate Collection Set: 0.7ms
[2025-08-01T01:07:25.470+0000] GC(494)   Other: 0.2ms
[2025-08-01T01:07:25.470+0000] GC(494) Eden regions: 12->0(89)
[2025-08-01T01:07:25.470+0000] GC(494) Survivor regions: 13->13(13)
[2025-08-01T01:07:25.470+0000] GC(494) Old regions: 1992->2006
[2025-08-01T01:07:25.470+0000] GC(494) Archive regions: 2->2
[2025-08-01T01:07:25.470+0000] GC(494) Humongous regions: 0->0
[2025-08-01T01:07:25.470+0000] GC(494) Metaspace: 10061K(10304K)->10061K(10304K) NonClass: 8835K(8960K)->8835K(8960K) Class: 1225K(1344K)->1225K(1344K)
[2025-08-01T01:07:25.470+0000] GC(494) Pause Young (Normal) (G1 Preventive Collection) 4034M->4038M(4096M) 10.666ms
[2025-08-01T01:07:25.470+0000] GC(494) User=0.06s Sys=0.00s Real=0.01s
[2025-08-01T01:07:25.472+0000] GC(495) Pause Young (Normal) (G1 Preventive Collection)
[2025-08-01T01:07:25.472+0000] GC(495) Using 8 workers of 8 for evacuation
[2025-08-01T01:07:25.480+0000] GC(495)   Pre Evacuate Collection Set: 1.1ms
[2025-08-01T01:07:25.480+0000] GC(495)   Merge Heap Roots: 0.1ms
[2025-08-01T01:07:25.480+0000] GC(495)   Evacuate Collection Set: 5.4ms
[2025-08-01T01:07:25.480+0000] GC(495)   Post Evacuate Collection Set: 0.5ms
[2025-08-01T01:07:25.480+0000] GC(495)   Other: 0.2ms
[2025-08-01T01:07:25.480+0000] GC(495) Eden regions: 6->0(95)
[2025-08-01T01:07:25.480+0000] GC(495) Survivor regions: 13->7(13)
[2025-08-01T01:07:25.480+0000] GC(495) Old regions: 2006->2020
[2025-08-01T01:07:25.480+0000] GC(495) Archive regions: 2->2
[2025-08-01T01:07:25.480+0000] GC(495) Humongous regions: 0->0
[2025-08-01T01:07:25.480+0000] GC(495) Metaspace: 10061K(10304K)->10061K(10304K) NonClass: 8835K(8960K)->8835K(8960K) Class: 1225K(1344K)->1225K(1344K)
[2025-08-01T01:07:25.480+0000] GC(495) Pause Young (Normal) (G1 Preventive Collection) 4050M->4054M(4096M) 7.659ms
[2025-08-01T01:07:25.480+0000] GC(495) User=0.03s Sys=0.01s Real=0.01s
[2025-08-01T01:07:25.482+0000] GC(496) Pause Young (Normal) (G1 Preventive Collection)
[2025-08-01T01:07:25.482+0000] GC(496) Using 8 workers of 8 for evacuation
[2025-08-01T01:07:25.487+0000] GC(496)   Pre Evacuate Collection Set: 0.3ms
[2025-08-01T01:07:25.487+0000] GC(496)   Merge Heap Roots: 0.1ms
[2025-08-01T01:07:25.487+0000] GC(496)   Evacuate Collection Set: 3.9ms
[2025-08-01T01:07:25.487+0000] GC(496)   Post Evacuate Collection Set: 0.6ms
[2025-08-01T01:07:25.487+0000] GC(496)   Other: 0.2ms
[2025-08-01T01:07:25.487+0000] GC(496) Eden regions: 5->0(90)
[2025-08-01T01:07:25.487+0000] GC(496) Survivor regions: 7->12(13)
[2025-08-01T01:07:25.487+0000] GC(496) Old regions: 2020->2020
[2025-08-01T01:07:25.487+0000] GC(496) Archive regions: 2->2
[2025-08-01T01:07:25.487+0000] GC(496) Humongous regions: 0->0
[2025-08-01T01:07:25.487+0000] GC(496) Metaspace: 10061K(10304K)->10061K(10304K) NonClass: 8835K(8960K)->8835K(8960K) Class: 1225K(1344K)->1225K(1344K)
[2025-08-01T01:07:25.487+0000] GC(496) Pause Young (Normal) (G1 Preventive Collection) 4064M->4064M(4096M) 5.212ms
[2025-08-01T01:07:25.487+0000] GC(496) User=0.02s Sys=0.00s Real=0.01s
[2025-08-01T01:07:25.488+0000] GC(497) Pause Young (Normal) (G1 Preventive Collection)
[2025-08-01T01:07:25.488+0000] GC(497) Using 8 workers of 8 for evacuation
[2025-08-01T01:07:25.493+0000] GC(497)   Pre Evacuate Collection Set: 0.5ms
[2025-08-01T01:07:25.493+0000] GC(497)   Merge Heap Roots: 0.2ms
[2025-08-01T01:07:25.493+0000] GC(497)   Evacuate Collection Set: 3.8ms
[2025-08-01T01:07:25.493+0000] GC(497)   Post Evacuate Collection Set: 0.6ms
[2025-08-01T01:07:25.493+0000] GC(497)   Other: 0.1ms
[2025-08-01T01:07:25.493+0000] GC(497) Eden regions: 1->0(95)
[2025-08-01T01:07:25.493+0000] GC(497) Survivor regions: 12->7(13)
[2025-08-01T01:07:25.493+0000] GC(497) Old regions: 2020->2026
[2025-08-01T01:07:25.493+0000] GC(497) Archive regions: 2->2
[2025-08-01T01:07:25.493+0000] GC(497) Humongous regions: 0->0
[2025-08-01T01:07:25.493+0000] GC(497) Metaspace: 10061K(10304K)->10061K(10304K) NonClass: 8835K(8960K)->8835K(8960K) Class: 1225K(1344K)->1225K(1344K)
[2025-08-01T01:07:25.493+0000] GC(497) Pause Young (Normal) (G1 Preventive Collection) 4066M->4067M(4096M) 5.399ms
[2025-08-01T01:07:25.493+0000] GC(497) User=0.03s Sys=0.00s Real=0.01s
[2025-08-01T01:07:25.494+0000] GC(498) Pause Young (Normal) (G1 Preventive Collection)
[2025-08-01T01:07:25.494+0000] GC(498) Using 8 workers of 8 for evacuation
[2025-08-01T01:07:25.499+0000] GC(498)   Pre Evacuate Collection Set: 0.2ms
[2025-08-01T01:07:25.499+0000] GC(498)   Merge Heap Roots: 0.1ms
[2025-08-01T01:07:25.499+0000] GC(498)   Evacuate Collection Set: 4.3ms
[2025-08-01T01:07:25.499+0000] GC(498)   Post Evacuate Collection Set: 0.6ms
[2025-08-01T01:07:25.500+0000] GC(498)   Other: 0.1ms
[2025-08-01T01:07:25.500+0000] GC(498) Eden regions: 2->0(94)
[2025-08-01T01:07:25.500+0000] GC(498) Survivor regions: 7->8(11)
[2025-08-01T01:07:25.500+0000] GC(498) Old regions: 2026->2026
[2025-08-01T01:07:25.500+0000] GC(498) Archive regions: 2->2
[2025-08-01T01:07:25.500+0000] GC(498) Humongous regions: 0->0
[2025-08-01T01:07:25.500+0000] GC(498) Metaspace: 10061K(10304K)->10061K(10304K) NonClass: 8835K(8960K)->8835K(8960K) Class: 1225K(1344K)->1225K(1344K)
[2025-08-01T01:07:25.500+0000] GC(498) Pause Young (Normal) (G1 Preventive Collection) 4071M->4069M(4096M) 5.569ms
[2025-08-01T01:07:25.500+0000] GC(498) User=0.01s Sys=0.00s Real=0.00s
[2025-08-01T01:07:25.500+0000] GC(499) Pause Young (Normal) (G1 Preventive Collection)
[2025-08-01T01:07:25.500+0000] GC(499) Using 8 workers of 8 for evacuation
[2025-08-01T01:07:25.504+0000] GC(499)   Pre Evacuate Collection Set: 0.3ms
[2025-08-01T01:07:25.504+0000] GC(499)   Merge Heap Roots: 0.1ms
[2025-08-01T01:07:25.504+0000] GC(499)   Evacuate Collection Set: 3.2ms
[2025-08-01T01:07:25.504+0000] GC(499)   Post Evacuate Collection Set: 0.6ms
[2025-08-01T01:07:25.504+0000] GC(499)   Other: 0.1ms
[2025-08-01T01:07:25.504+0000] GC(499) Eden regions: 1->0(97)
[2025-08-01T01:07:25.505+0000] GC(499) Survivor regions: 8->5(11)
[2025-08-01T01:07:25.505+0000] GC(499) Old regions: 2026->2031
[2025-08-01T01:07:25.505+0000] GC(499) Archive regions: 2->2
[2025-08-01T01:07:25.505+0000] GC(499) Humongous regions: 0->0
[2025-08-01T01:07:25.505+0000] GC(499) Metaspace: 10061K(10304K)->10061K(10304K) NonClass: 8835K(8960K)->8835K(8960K) Class: 1225K(1344K)->1225K(1344K)
[2025-08-01T01:07:25.505+0000] GC(499) Pause Young (Normal) (G1 Preventive Collection) 4071M->4073M(4096M) 4.489ms
[2025-08-01T01:07:25.505+0000] GC(499) User=0.03s Sys=0.00s Real=0.01s
[2025-08-01T01:07:25.506+0000] GC(500) Pause Young (Normal) (G1 Preventive Collection)
[2025-08-01T01:07:25.506+0000] GC(500) Using 8 workers of 8 for evacuation
[2025-08-01T01:07:25.509+0000] GC(500)   Pre Evacuate Collection Set: 0.4ms
[2025-08-01T01:07:25.509+0000] GC(500)   Merge Heap Roots: 0.1ms
[2025-08-01T01:07:25.509+0000] GC(500)   Evacuate Collection Set: 1.8ms
[2025-08-01T01:07:25.509+0000] GC(500)   Post Evacuate Collection Set: 0.7ms
[2025-08-01T01:07:25.509+0000] GC(500)   Other: 0.1ms
[2025-08-01T01:07:25.509+0000] GC(500) Eden regions: 2->0(95)
[2025-08-01T01:07:25.509+0000] GC(500) Survivor regions: 5->7(8)
[2025-08-01T01:07:25.509+0000] GC(500) Old regions: 2031->2031
[2025-08-01T01:07:25.509+0000] GC(500) Archive regions: 2->2
[2025-08-01T01:07:25.509+0000] GC(500) Humongous regions: 0->0
[2025-08-01T01:07:25.509+0000] GC(500) Metaspace: 10061K(10304K)->10061K(10304K) NonClass: 8835K(8960K)->8835K(8960K) Class: 1225K(1344K)->1225K(1344K)
[2025-08-01T01:07:25.509+0000] GC(500) Pause Young (Normal) (G1 Preventive Collection) 4077M->4076M(4096M) 3.456ms
[2025-08-01T01:07:25.509+0000] GC(500) User=0.01s Sys=0.00s Real=0.00s
[2025-08-01T01:07:25.510+0000] GC(501) Pause Young (Normal) (G1 Preventive Collection)
[2025-08-01T01:07:25.510+0000] GC(501) Using 8 workers of 8 for evacuation
[2025-08-01T01:07:25.514+0000] GC(501) To-space exhausted
[2025-08-01T01:07:25.514+0000] GC(501)   Pre Evacuate Collection Set: 0.5ms
[2025-08-01T01:07:25.514+0000] GC(501)   Merge Heap Roots: 0.1ms
[2025-08-01T01:07:25.514+0000] GC(501)   Evacuate Collection Set: 2.4ms
[2025-08-01T01:07:25.514+0000] GC(501)   Post Evacuate Collection Set: 1.0ms
[2025-08-01T01:07:25.514+0000] GC(501)   Other: 0.2ms
[2025-08-01T01:07:25.514+0000] GC(501) Eden regions: 1->0(95)
[2025-08-01T01:07:25.514+0000] GC(501) Survivor regions: 7->7(7)
[2025-08-01T01:07:25.514+0000] GC(501) Old regions: 2031->2035
[2025-08-01T01:07:25.514+0000] GC(501) Archive regions: 2->2
[2025-08-01T01:07:25.514+0000] GC(501) Humongous regions: 0->0
[2025-08-01T01:07:25.514+0000] GC(501) Metaspace: 10061K(10304K)->10061K(10304K) NonClass: 8835K(8960K)->8835K(8960K) Class: 1225K(1344K)->1225K(1344K)
[2025-08-01T01:07:25.514+0000] GC(501) Pause Young (Normal) (G1 Preventive Collection) 4078M->4085M(4096M) 4.187ms
[2025-08-01T01:07:25.514+0000] GC(501) User=0.02s Sys=0.00s Real=0.01s
[2025-08-01T01:07:25.515+0000] GC(502) Pause Young (Normal) (G1 Preventive Collection)
[2025-08-01T01:07:25.515+0000] GC(502) Using 8 workers of 8 for evacuation
[2025-08-01T01:07:25.518+0000] GC(502) To-space exhausted
[2025-08-01T01:07:25.518+0000] GC(502)   Pre Evacuate Collection Set: 0.2ms
[2025-08-01T01:07:25.518+0000] GC(502)   Merge Heap Roots: 0.1ms
[2025-08-01T01:07:25.518+0000] GC(502)   Evacuate Collection Set: 1.4ms
[2025-08-01T01:07:25.518+0000] GC(502)   Post Evacuate Collection Set: 0.9ms
[2025-08-01T01:07:25.518+0000] GC(502)   Other: 0.1ms
[2025-08-01T01:07:25.518+0000] GC(502) Eden regions: 1->0(100)
[2025-08-01T01:07:25.518+0000] GC(502) Survivor regions: 7->2(3)
[2025-08-01T01:07:25.518+0000] GC(502) Old regions: 2035->2043
[2025-08-01T01:07:25.518+0000] GC(502) Archive regions: 2->2
[2025-08-01T01:07:25.518+0000] GC(502) Humongous regions: 0->0
[2025-08-01T01:07:25.518+0000] GC(502) Metaspace: 10061K(10304K)->10061K(10304K) NonClass: 8835K(8960K)->8835K(8960K) Class: 1225K(1344K)->1225K(1344K)
[2025-08-01T01:07:25.518+0000] GC(502) Pause Young (Normal) (G1 Preventive Collection) 4087M->4091M(4096M) 2.802ms
[2025-08-01T01:07:25.518+0000] GC(502) User=0.01s Sys=0.01s Real=0.00s
[2025-08-01T01:07:25.518+0000] GC(503) Pause Young (Normal) (G1 Evacuation Pause)
[2025-08-01T01:07:25.518+0000] GC(503) Using 8 workers of 8 for evacuation
[2025-08-01T01:07:25.520+0000] GC(503) To-space exhausted
[2025-08-01T01:07:25.520+0000] GC(503)   Pre Evacuate Collection Set: 0.3ms
[2025-08-01T01:07:25.520+0000] GC(503)   Merge Heap Roots: 0.1ms
[2025-08-01T01:07:25.520+0000] GC(503)   Evacuate Collection Set: 0.8ms
[2025-08-01T01:07:25.520+0000] GC(503)   Post Evacuate Collection Set: 1.0ms
[2025-08-01T01:07:25.520+0000] GC(503)   Other: 0.1ms
[2025-08-01T01:07:25.520+0000] GC(503) Eden regions: 1->0(102)
[2025-08-01T01:07:25.520+0000] GC(503) Survivor regions: 2->0(0)
[2025-08-01T01:07:25.520+0000] GC(503) Old regions: 2043->2046
[2025-08-01T01:07:25.520+0000] GC(503) Archive regions: 2->2
[2025-08-01T01:07:25.520+0000] GC(503) Humongous regions: 0->0
[2025-08-01T01:07:25.520+0000] GC(503) Metaspace: 10061K(10304K)->10061K(10304K) NonClass: 8835K(8960K)->8835K(8960K) Class: 1225K(1344K)->1225K(1344K)
[2025-08-01T01:07:25.520+0000] GC(503) Pause Young (Normal) (G1 Evacuation Pause) 4093M->4093M(4096M) 2.336ms
[2025-08-01T01:07:25.520+0000] GC(503) User=0.01s Sys=0.00s Real=0.00s
[2025-08-01T01:07:25.520+0000] Attempting full compaction
[2025-08-01T01:07:25.520+0000] GC(504) Pause Full (G1 Compaction Pause)
[2025-08-01T01:07:25.520+0000] GC(504) Using 8 workers of 8 for full compaction
[2025-08-01T01:07:25.526+0000] GC(504) Phase 1: Mark live objects
[2025-08-01T01:07:25.577+0000] GC(504) Phase 1: Mark live objects 50.938ms
[2025-08-01T01:07:25.577+0000] GC(504) Phase 2: Prepare for compaction
[2025-08-01T01:07:25.591+0000] GC(504) Phase 2: Prepare for compaction 14.040ms
[2025-08-01T01:07:25.591+0000] GC(504) Phase 3: Adjust pointers
[2025-08-01T01:07:25.629+0000] GC(504) Phase 3: Adjust pointers 37.691ms
[2025-08-01T01:07:25.629+0000] GC(504) Phase 4: Compact heap
[2025-08-01T01:07:25.658+0000] GC(504) Phase 4: Compact heap 29.512ms
[2025-08-01T01:07:25.664+0000] GC(504) Eden regions: 0->0(422)
[2025-08-01T01:07:25.664+0000] GC(504) Survivor regions: 0->0(0)
[2025-08-01T01:07:25.664+0000] GC(504) Old regions: 2046->548
[2025-08-01T01:07:25.664+0000] GC(504) Archive regions: 2->2
[2025-08-01T01:07:25.664+0000] GC(504) Humongous regions: 0->0
[2025-08-01T01:07:25.664+0000] GC(504) Metaspace: 10061K(10304K)->10061K(10304K) NonClass: 8835K(8960K)->8835K(8960K) Class: 1225K(1344K)->1225K(1344K)
[2025-08-01T01:07:25.664+0000] GC(504) Pause Full (G1 Compaction Pause) 4093M->1091M(4096M) 143.780ms
[2025-08-01T01:07:25.664+0000] GC(504) User=1.07s Sys=0.01s Real=0.15s
[2025-08-01T01:07:25.664+0000] GC(491) Concurrent Mark From Roots 253.977ms
[2025-08-01T01:07:25.664+0000] GC(491) Concurrent Mark Abort
[2025-08-01T01:07:25.664+0000] GC(491) Concurrent Mark Cycle 276.925ms
[2025-08-01T01:07:25.892+0000] GC(505) Pause Young (Normal) (G1 Evacuation Pause)
[2025-08-01T01:07:25.893+0000] GC(505) Using 8 workers of 8 for evacuation
[2025-08-01T01:07:26.036+0000] GC(505)   Pre Evacuate Collection Set: 0.8ms
[2025-08-01T01:07:26.036+0000] GC(505)   Merge Heap Roots: 0.2ms
[2025-08-01T01:07:26.036+0000] GC(505)   Evacuate Collection Set: 140.8ms
[2025-08-01T01:07:26.036+0000] GC(505)   Post Evacuate Collection Set: 1.0ms
[2025-08-01T01:07:26.036+0000] GC(505)   Other: 0.4ms
[2025-08-01T01:07:26.036+0000] GC(505) Eden regions: 422->0(374)
[2025-08-01T01:07:26.036+0000] GC(505) Survivor regions: 0->53(53)
[2025-08-01T01:07:26.036+0000] GC(505) Old regions: 548->702
[2025-08-01T01:07:26.036+0000] GC(505) Archive regions: 2->2
[2025-08-01T01:07:26.036+0000] GC(505) Humongous regions: 0->0
[2025-08-01T01:07:26.036+0000] GC(505) Metaspace: 10061K(10304K)->10061K(10304K) NonClass: 8835K(8960K)->8835K(8960K) Class: 1225K(1344K)->1225K(1344K)
[2025-08-01T01:07:26.036+0000] GC(505) Pause Young (Normal) (G1 Evacuation Pause) 1935M->1504M(4096M) 143.447ms
[2025-08-01T01:07:26.036+0000] GC(505) User=0.76s Sys=0.12s Real=0.15s
[2025-08-01T01:07:26.209+0000] GC(506) Pause Young (Concurrent Start) (G1 Evacuation Pause)
[2025-08-01T01:07:26.209+0000] GC(506) Using 8 workers of 8 for evacuation
[2025-08-01T01:07:26.338+0000] GC(506)   Pre Evacuate Collection Set: 0.7ms
[2025-08-01T01:07:26.338+0000] GC(506)   Merge Heap Roots: 1.0ms
[2025-08-01T01:07:26.338+0000] GC(506)   Evacuate Collection Set: 125.9ms
[2025-08-01T01:07:26.338+0000] GC(506)   Post Evacuate Collection Set: 1.0ms
[2025-08-01T01:07:26.338+0000] GC(506)   Other: 0.4ms
[2025-08-01T01:07:26.338+0000] GC(506) Eden regions: 374->0(247)
[2025-08-01T01:07:26.338+0000] GC(506) Survivor regions: 53->54(54)
[2025-08-01T01:07:26.338+0000] GC(506) Old regions: 702->1022
[2025-08-01T01:07:26.338+0000] GC(506) Archive regions: 2->2
[2025-08-01T01:07:26.338+0000] GC(506) Humongous regions: 0->0
[2025-08-01T01:07:26.338+0000] GC(506) Metaspace: 10061K(10304K)->10061K(10304K) NonClass: 8835K(8960K)->8835K(8960K) Class: 1225K(1344K)->1225K(1344K)
[2025-08-01T01:07:26.338+0000] GC(506) Pause Young (Concurrent Start) (G1 Evacuation Pause) 2252M->2147M(4096M) 129.147ms
[2025-08-01T01:07:26.338+0000] GC(506) User=0.97s Sys=0.03s Real=0.13s
[2025-08-01T01:07:26.338+0000] GC(507) Concurrent Mark Cycle
[2025-08-01T01:07:26.338+0000] GC(507) Concurrent Clear Claimed Marks
[2025-08-01T01:07:26.338+0000] GC(507) Concurrent Clear Claimed Marks 0.017ms
[2025-08-01T01:07:26.338+0000] GC(507) Concurrent Scan Root Regions
[2025-08-01T01:07:26.409+0000] GC(507) Concurrent Scan Root Regions 71.418ms
[2025-08-01T01:07:26.409+0000] GC(507) Concurrent Mark
[2025-08-01T01:07:26.409+0000] GC(507) Concurrent Mark From Roots
[2025-08-01T01:07:26.409+0000] GC(507) Using 2 workers of 2 for marking
[2025-08-01T01:07:26.438+0000] GC(508) Pause Young (Normal) (G1 Evacuation Pause)
[2025-08-01T01:07:26.438+0000] GC(508) Using 8 workers of 8 for evacuation
[2025-08-01T01:07:26.532+0000] GC(508)   Pre Evacuate Collection Set: 0.7ms
[2025-08-01T01:07:26.532+0000] GC(508)   Merge Heap Roots: 0.3ms
[2025-08-01T01:07:26.532+0000] GC(508)   Evacuate Collection Set: 91.4ms
[2025-08-01T01:07:26.532+0000] GC(508)   Post Evacuate Collection Set: 1.1ms
[2025-08-01T01:07:26.532+0000] GC(508)   Other: 0.3ms
[2025-08-01T01:07:26.532+0000] GC(508) Eden regions: 247->0(161)
[2025-08-01T01:07:26.532+0000] GC(508) Survivor regions: 54->38(38)
[2025-08-01T01:07:26.532+0000] GC(508) Old regions: 1022->1287
[2025-08-01T01:07:26.532+0000] GC(508) Archive regions: 2->2
[2025-08-01T01:07:26.532+0000] GC(508) Humongous regions: 0->0
[2025-08-01T01:07:26.532+0000] GC(508) Metaspace: 10061K(10304K)->10061K(10304K) NonClass: 8835K(8960K)->8835K(8960K) Class: 1225K(1344K)->1225K(1344K)
[2025-08-01T01:07:26.532+0000] GC(508) Pause Young (Normal) (G1 Evacuation Pause) 2641M->2644M(4096M) 93.805ms
[2025-08-01T01:07:26.532+0000] GC(508) User=0.72s Sys=0.02s Real=0.09s
[2025-08-01T01:07:26.549+0000] GC(507) Concurrent Mark From Roots 139.631ms
[2025-08-01T01:07:26.549+0000] GC(507) Concurrent Preclean
[2025-08-01T01:07:26.555+0000] GC(507) Concurrent Preclean 5.747ms
[2025-08-01T01:07:26.555+0000] GC(507) Pause Remark
[2025-08-01T01:07:26.557+0000] GC(507) Pause Remark 2827M->1753M(4096M) 1.901ms
[2025-08-01T01:07:26.557+0000] GC(507) User=0.01s Sys=0.00s Real=0.00s
[2025-08-01T01:07:26.557+0000] GC(507) Concurrent Mark 147.640ms
[2025-08-01T01:07:26.557+0000] GC(507) Concurrent Rebuild Remembered Sets
[2025-08-01T01:07:26.614+0000] GC(509) Pause Young (Normal) (G1 Evacuation Pause)
[2025-08-01T01:07:26.614+0000] GC(509) Using 8 workers of 8 for evacuation
[2025-08-01T01:07:26.650+0000] GC(509)   Pre Evacuate Collection Set: 0.6ms
[2025-08-01T01:07:26.650+0000] GC(509)   Merge Heap Roots: 0.4ms
[2025-08-01T01:07:26.650+0000] GC(509)   Evacuate Collection Set: 33.3ms
[2025-08-01T01:07:26.650+0000] GC(509)   Post Evacuate Collection Set: 1.1ms
[2025-08-01T01:07:26.650+0000] GC(509)   Other: 0.2ms
[2025-08-01T01:07:26.650+0000] GC(509) Eden regions: 161->0(319)
[2025-08-01T01:07:26.650+0000] GC(509) Survivor regions: 38->25(25)
[2025-08-01T01:07:26.650+0000] GC(509) Old regions: 747->849
[2025-08-01T01:07:26.650+0000] GC(509) Archive regions: 2->2
[2025-08-01T01:07:26.650+0000] GC(509) Humongous regions: 0->0
[2025-08-01T01:07:26.650+0000] GC(509) Metaspace: 10061K(10304K)->10061K(10304K) NonClass: 8835K(8960K)->8835K(8960K) Class: 1225K(1344K)->1225K(1344K)
[2025-08-01T01:07:26.650+0000] GC(509) Pause Young (Normal) (G1 Evacuation Pause) 1892M->1748M(4096M) 35.839ms
[2025-08-01T01:07:26.650+0000] GC(509) User=0.26s Sys=0.00s Real=0.03s
[2025-08-01T01:07:26.771+0000] GC(507) Concurrent Rebuild Remembered Sets 214.050ms
[2025-08-01T01:07:26.771+0000] GC(507) Pause Cleanup
[2025-08-01T01:07:26.772+0000] GC(507) Pause Cleanup 2332M->2332M(4096M) 0.858ms
[2025-08-01T01:07:26.772+0000] GC(507) User=0.00s Sys=0.00s Real=0.00s
[2025-08-01T01:07:26.772+0000] GC(507) Concurrent Cleanup for Next Mark
[2025-08-01T01:07:26.780+0000] GC(507) Concurrent Cleanup for Next Mark 8.018ms
[2025-08-01T01:07:26.780+0000] GC(507) Concurrent Mark Cycle 442.702ms
[2025-08-01T01:07:26.812+0000] GC(510) Pause Young (Prepare Mixed) (G1 Evacuation Pause)
[2025-08-01T01:07:26.812+0000] GC(510) Using 8 workers of 8 for evacuation
[2025-08-01T01:07:26.902+0000] GC(510)   Pre Evacuate Collection Set: 0.4ms
[2025-08-01T01:07:26.902+0000] GC(510)   Merge Heap Roots: 0.4ms
[2025-08-01T01:07:26.902+0000] GC(510)   Evacuate Collection Set: 87.4ms
[2025-08-01T01:07:26.902+0000] GC(510)   Post Evacuate Collection Set: 1.0ms
[2025-08-01T01:07:26.902+0000] GC(510)   Other: 0.2ms
[2025-08-01T01:07:26.902+0000] GC(510) Eden regions: 319->0(59)
[2025-08-01T01:07:26.902+0000] GC(510) Survivor regions: 25->43(43)
[2025-08-01T01:07:26.902+0000] GC(510) Old regions: 849->1043
[2025-08-01T01:07:26.902+0000] GC(510) Archive regions: 2->2
[2025-08-01T01:07:26.902+0000] GC(510) Humongous regions: 0->0
[2025-08-01T01:07:26.902+0000] GC(510) Metaspace: 10061K(10304K)->10061K(10304K) NonClass: 8835K(8960K)->8835K(8960K) Class: 1225K(1344K)->1225K(1344K)
[2025-08-01T01:07:26.902+0000] GC(510) Pause Young (Prepare Mixed) (G1 Evacuation Pause) 2386M->2172M(4096M) 89.676ms
[2025-08-01T01:07:26.902+0000] GC(510) User=0.68s Sys=0.02s Real=0.09s
[2025-08-01T01:07:26.913+0000] GC(511) Pause Young (Mixed) (G1 Evacuation Pause)
[2025-08-01T01:07:26.913+0000] GC(511) Using 8 workers of 8 for evacuation
[2025-08-01T01:07:26.943+0000] GC(511)   Pre Evacuate Collection Set: 0.4ms
[2025-08-01T01:07:26.943+0000] GC(511)   Merge Heap Roots: 0.2ms
[2025-08-01T01:07:26.943+0000] GC(511)   Evacuate Collection Set: 28.8ms
[2025-08-01T01:07:26.943+0000] GC(511)   Post Evacuate Collection Set: 1.0ms
[2025-08-01T01:07:26.943+0000] GC(511)   Other: 0.2ms
[2025-08-01T01:07:26.943+0000] GC(511) Eden regions: 59->0(231)
[2025-08-01T01:07:26.943+0000] GC(511) Survivor regions: 43->13(13)
[2025-08-01T01:07:26.943+0000] GC(511) Old regions: 1043->1117
[2025-08-01T01:07:26.943+0000] GC(511) Archive regions: 2->2
[2025-08-01T01:07:26.943+0000] GC(511) Humongous regions: 0->0
[2025-08-01T01:07:26.943+0000] GC(511) Metaspace: 10061K(10304K)->10061K(10304K) NonClass: 8835K(8960K)->8835K(8960K) Class: 1225K(1344K)->1225K(1344K)
[2025-08-01T01:07:26.943+0000] GC(511) Pause Young (Mixed) (G1 Evacuation Pause) 2290M->2260M(4096M) 30.684ms
[2025-08-01T01:07:26.943+0000] GC(511) User=0.23s Sys=0.00s Real=0.04s
[2025-08-01T01:07:27.039+0000] GC(512) Pause Young (Concurrent Start) (G1 Evacuation Pause)
[2025-08-01T01:07:27.039+0000] GC(512) Using 8 workers of 8 for evacuation
[2025-08-01T01:07:27.131+0000] GC(512)   Pre Evacuate Collection Set: 0.4ms
[2025-08-01T01:07:27.131+0000] GC(512)   Merge Heap Roots: 0.6ms
[2025-08-01T01:07:27.131+0000] GC(512)   Evacuate Collection Set: 88.9ms
[2025-08-01T01:07:27.131+0000] GC(512)   Post Evacuate Collection Set: 1.4ms
[2025-08-01T01:07:27.131+0000] GC(512)   Other: 0.5ms
[2025-08-01T01:07:27.131+0000] GC(512) Eden regions: 231->0(151)
[2025-08-01T01:07:27.131+0000] GC(512) Survivor regions: 13->31(31)
[2025-08-01T01:07:27.131+0000] GC(512) Old regions: 1117->1331
[2025-08-01T01:07:27.131+0000] GC(512) Archive regions: 2->2
[2025-08-01T01:07:27.131+0000] GC(512) Humongous regions: 0->0
[2025-08-01T01:07:27.131+0000] GC(512) Metaspace: 10061K(10304K)->10061K(10304K) NonClass: 8835K(8960K)->8835K(8960K) Class: 1225K(1344K)->1225K(1344K)
[2025-08-01T01:07:27.131+0000] GC(512) Pause Young (Concurrent Start) (G1 Evacuation Pause) 2722M->2724M(4096M) 91.946ms
[2025-08-01T01:07:27.131+0000] GC(512) User=0.67s Sys=0.03s Real=0.09s
[2025-08-01T01:07:27.131+0000] GC(513) Concurrent Mark Cycle
[2025-08-01T01:07:27.131+0000] GC(513) Concurrent Clear Claimed Marks
[2025-08-01T01:07:27.131+0000] GC(513) Concurrent Clear Claimed Marks 0.016ms
[2025-08-01T01:07:27.131+0000] GC(513) Concurrent Scan Root Regions
[2025-08-01T01:07:27.169+0000] GC(513) Concurrent Scan Root Regions 37.734ms
[2025-08-01T01:07:27.169+0000] GC(513) Concurrent Mark
[2025-08-01T01:07:27.169+0000] GC(513) Concurrent Mark From Roots
[2025-08-01T01:07:27.169+0000] GC(513) Using 2 workers of 2 for marking
[2025-08-01T01:07:27.213+0000] GC(514) Pause Young (Normal) (G1 Evacuation Pause)
[2025-08-01T01:07:27.214+0000] GC(514) Using 8 workers of 8 for evacuation
[2025-08-01T01:07:27.270+0000] GC(514)   Pre Evacuate Collection Set: 0.7ms
[2025-08-01T01:07:27.270+0000] GC(514)   Merge Heap Roots: 0.2ms
[2025-08-01T01:07:27.270+0000] GC(514)   Evacuate Collection Set: 54.7ms
[2025-08-01T01:07:27.270+0000] GC(514)   Post Evacuate Collection Set: 0.9ms
[2025-08-01T01:07:27.270+0000] GC(514)   Other: 0.2ms
[2025-08-01T01:07:27.270+0000] GC(514) Eden regions: 151->0(101)
[2025-08-01T01:07:27.270+0000] GC(514) Survivor regions: 31->23(23)
[2025-08-01T01:07:27.270+0000] GC(514) Old regions: 1331->1491
[2025-08-01T01:07:27.270+0000] GC(514) Archive regions: 2->2
[2025-08-01T01:07:27.270+0000] GC(514) Humongous regions: 0->0
[2025-08-01T01:07:27.270+0000] GC(514) Metaspace: 10061K(10304K)->10061K(10304K) NonClass: 8835K(8960K)->8835K(8960K) Class: 1225K(1344K)->1225K(1344K)
[2025-08-01T01:07:27.270+0000] GC(514) Pause Young (Normal) (G1 Evacuation Pause) 3026M->3029M(4096M) 56.935ms
[2025-08-01T01:07:27.270+0000] GC(514) User=0.42s Sys=0.01s Real=0.05s
[2025-08-01T01:07:27.330+0000] GC(513) Concurrent Mark From Roots 161.449ms
[2025-08-01T01:07:27.330+0000] GC(513) Concurrent Preclean
[2025-08-01T01:07:27.331+0000] GC(513) Concurrent Preclean 0.359ms
[2025-08-01T01:07:27.331+0000] GC(513) Pause Remark
[2025-08-01T01:07:27.334+0000] GC(513) Pause Remark 3177M->1655M(4096M) 3.094ms
[2025-08-01T01:07:27.334+0000] GC(513) User=0.01s Sys=0.00s Real=0.01s
[2025-08-01T01:07:27.334+0000] GC(513) Concurrent Mark 165.429ms
[2025-08-01T01:07:27.334+0000] GC(513) Concurrent Rebuild Remembered Sets
[2025-08-01T01:07:27.340+0000] GC(515) Pause Young (Normal) (G1 Evacuation Pause)
[2025-08-01T01:07:27.340+0000] GC(515) Using 8 workers of 8 for evacuation
[2025-08-01T01:07:27.364+0000] GC(515)   Pre Evacuate Collection Set: 0.4ms
[2025-08-01T01:07:27.364+0000] GC(515)   Merge Heap Roots: 0.4ms
[2025-08-01T01:07:27.364+0000] GC(515)   Evacuate Collection Set: 22.5ms
[2025-08-01T01:07:27.364+0000] GC(515)   Post Evacuate Collection Set: 0.8ms
[2025-08-01T01:07:27.364+0000] GC(515)   Other: 0.2ms
[2025-08-01T01:07:27.364+0000] GC(515) Eden regions: 101->0(339)
[2025-08-01T01:07:27.364+0000] GC(515) Survivor regions: 23->16(16)
[2025-08-01T01:07:27.364+0000] GC(515) Old regions: 730->781
[2025-08-01T01:07:27.364+0000] GC(515) Archive regions: 2->2
[2025-08-01T01:07:27.365+0000] GC(515) Humongous regions: 0->0
[2025-08-01T01:07:27.365+0000] GC(515) Metaspace: 10061K(10304K)->10061K(10304K) NonClass: 8835K(8960K)->8835K(8960K) Class: 1225K(1344K)->1225K(1344K)
[2025-08-01T01:07:27.365+0000] GC(515) Pause Young (Normal) (G1 Evacuation Pause) 1709M->1595M(4096M) 24.357ms
[2025-08-01T01:07:27.365+0000] GC(515) User=0.17s Sys=0.01s Real=0.03s
[2025-08-01T01:07:27.536+0000] GC(516) Pause Young (Normal) (G1 Evacuation Pause)
[2025-08-01T01:07:27.536+0000] GC(516) Using 8 workers of 8 for evacuation
[2025-08-01T01:07:27.603+0000] GC(516)   Pre Evacuate Collection Set: 1.3ms
[2025-08-01T01:07:27.603+0000] GC(516)   Merge Heap Roots: 0.2ms
[2025-08-01T01:07:27.603+0000] GC(516)   Evacuate Collection Set: 64.5ms
[2025-08-01T01:07:27.603+0000] GC(516)   Post Evacuate Collection Set: 1.1ms
[2025-08-01T01:07:27.604+0000] GC(516)   Other: 0.2ms
[2025-08-01T01:07:27.604+0000] GC(516) Eden regions: 339->0(274)
[2025-08-01T01:07:27.604+0000] GC(516) Survivor regions: 16->45(45)
[2025-08-01T01:07:27.604+0000] GC(516) Old regions: 781->968
[2025-08-01T01:07:27.604+0000] GC(516) Archive regions: 2->2
[2025-08-01T01:07:27.604+0000] GC(516) Humongous regions: 0->0
[2025-08-01T01:07:27.604+0000] GC(516) Metaspace: 10061K(10304K)->10061K(10304K) NonClass: 8835K(8960K)->8835K(8960K) Class: 1225K(1344K)->1225K(1344K)
[2025-08-01T01:07:27.604+0000] GC(516) Pause Young (Normal) (G1 Evacuation Pause) 2273M->2026M(4096M) 67.436ms
[2025-08-01T01:07:27.604+0000] GC(516) User=0.47s Sys=0.00s Real=0.07s
[2025-08-01T01:07:27.618+0000] GC(513) Concurrent Rebuild Remembered Sets 283.182ms
[2025-08-01T01:07:27.618+0000] GC(513) Pause Cleanup
[2025-08-01T01:07:27.619+0000] GC(513) Pause Cleanup 2194M->2194M(4096M) 0.481ms
[2025-08-01T01:07:27.619+0000] GC(513) User=0.00s Sys=0.00s Real=0.00s
[2025-08-01T01:07:27.619+0000] GC(513) Concurrent Cleanup for Next Mark
[2025-08-01T01:07:27.633+0000] GC(513) Concurrent Cleanup for Next Mark 14.667ms
[2025-08-01T01:07:27.633+0000] GC(513) Concurrent Mark Cycle 502.557ms
[2025-08-01T01:07:27.705+0000] GC(517) Pause Young (Prepare Mixed) (G1 Evacuation Pause)
[2025-08-01T01:07:27.705+0000] GC(517) Using 8 workers of 8 for evacuation
[2025-08-01T01:07:27.802+0000] GC(517)   Pre Evacuate Collection Set: 1.4ms
[2025-08-01T01:07:27.802+0000] GC(517)   Merge Heap Roots: 0.2ms
[2025-08-01T01:07:27.802+0000] GC(517)   Evacuate Collection Set: 93.4ms
[2025-08-01T01:07:27.802+0000] GC(517)   Post Evacuate Collection Set: 1.3ms
[2025-08-01T01:07:27.802+0000] GC(517)   Other: 0.2ms
[2025-08-01T01:07:27.802+0000] GC(517) Eden regions: 274->0(62)
[2025-08-01T01:07:27.802+0000] GC(517) Survivor regions: 45->40(40)
[2025-08-01T01:07:27.802+0000] GC(517) Old regions: 968->1249
[2025-08-01T01:07:27.802+0000] GC(517) Archive regions: 2->2
[2025-08-01T01:07:27.802+0000] GC(517) Humongous regions: 0->0
[2025-08-01T01:07:27.802+0000] GC(517) Metaspace: 10061K(10304K)->10061K(10304K) NonClass: 8835K(8960K)->8835K(8960K) Class: 1225K(1344K)->1225K(1344K)
[2025-08-01T01:07:27.802+0000] GC(517) Pause Young (Prepare Mixed) (G1 Evacuation Pause) 2574M->2578M(4096M) 96.754ms
[2025-08-01T01:07:27.802+0000] GC(517) User=0.73s Sys=0.00s Real=0.09s
[2025-08-01T01:07:27.814+0000] GC(518) Pause Young (Mixed) (G1 Evacuation Pause)
[2025-08-01T01:07:27.814+0000] GC(518) Using 8 workers of 8 for evacuation
[2025-08-01T01:07:27.844+0000] GC(518)   Pre Evacuate Collection Set: 0.3ms
[2025-08-01T01:07:27.844+0000] GC(518)   Merge Heap Roots: 0.1ms
[2025-08-01T01:07:27.844+0000] GC(518)   Evacuate Collection Set: 28.3ms
[2025-08-01T01:07:27.844+0000] GC(518)   Post Evacuate Collection Set: 0.9ms
[2025-08-01T01:07:27.844+0000] GC(518)   Other: 0.2ms
[2025-08-01T01:07:27.844+0000] GC(518) Eden regions: 62->0(156)
[2025-08-01T01:07:27.844+0000] GC(518) Survivor regions: 40->13(13)
[2025-08-01T01:07:27.844+0000] GC(518) Old regions: 1249->1331
[2025-08-01T01:07:27.844+0000] GC(518) Archive regions: 2->2
[2025-08-01T01:07:27.844+0000] GC(518) Humongous regions: 0->0
[2025-08-01T01:07:27.844+0000] GC(518) Metaspace: 10061K(10304K)->10061K(10304K) NonClass: 8835K(8960K)->8835K(8960K) Class: 1225K(1344K)->1225K(1344K)
[2025-08-01T01:07:27.844+0000] GC(518) Pause Young (Mixed) (G1 Evacuation Pause) 2702M->2689M(4096M) 29.933ms
[2025-08-01T01:07:27.844+0000] GC(518) User=0.22s Sys=0.00s Real=0.03s
[2025-08-01T01:07:27.921+0000] GC(519) Pause Young (Concurrent Start) (G1 Evacuation Pause)
[2025-08-01T01:07:27.921+0000] GC(519) Using 8 workers of 8 for evacuation
[2025-08-01T01:07:27.980+0000] GC(519)   Pre Evacuate Collection Set: 0.5ms
[2025-08-01T01:07:27.980+0000] GC(519)   Merge Heap Roots: 0.1ms
[2025-08-01T01:07:27.980+0000] GC(519)   Evacuate Collection Set: 57.5ms
[2025-08-01T01:07:27.980+0000] GC(519)   Post Evacuate Collection Set: 0.7ms
[2025-08-01T01:07:27.980+0000] GC(519)   Other: 0.2ms
[2025-08-01T01:07:27.980+0000] GC(519) Eden regions: 156->0(105)
[2025-08-01T01:07:27.980+0000] GC(519) Survivor regions: 13->22(22)
[2025-08-01T01:07:27.980+0000] GC(519) Old regions: 1331->1480
[2025-08-01T01:07:27.980+0000] GC(519) Archive regions: 2->2
[2025-08-01T01:07:27.980+0000] GC(519) Humongous regions: 0->0
[2025-08-01T01:07:27.980+0000] GC(519) Metaspace: 10061K(10304K)->10061K(10304K) NonClass: 8835K(8960K)->8835K(8960K) Class: 1225K(1344K)->1225K(1344K)
[2025-08-01T01:07:27.980+0000] GC(519) Pause Young (Concurrent Start) (G1 Evacuation Pause) 3001M->3004M(4096M) 59.212ms
[2025-08-01T01:07:27.980+0000] GC(519) User=0.45s Sys=0.01s Real=0.06s
[2025-08-01T01:07:27.980+0000] GC(520) Concurrent Mark Cycle
[2025-08-01T01:07:27.980+0000] GC(520) Concurrent Clear Claimed Marks
[2025-08-01T01:07:27.980+0000] GC(520) Concurrent Clear Claimed Marks 0.020ms
[2025-08-01T01:07:27.980+0000] GC(520) Concurrent Scan Root Regions
[2025-08-01T01:07:28.009+0000] GC(520) Concurrent Scan Root Regions 28.651ms
[2025-08-01T01:07:28.009+0000] GC(520) Concurrent Mark
[2025-08-01T01:07:28.009+0000] GC(520) Concurrent Mark From Roots
[2025-08-01T01:07:28.009+0000] GC(520) Using 2 workers of 2 for marking
[2025-08-01T01:07:28.050+0000] GC(521) Pause Young (Normal) (G1 Evacuation Pause)
[2025-08-01T01:07:28.050+0000] GC(521) Using 8 workers of 8 for evacuation
[2025-08-01T01:07:28.088+0000] GC(521)   Pre Evacuate Collection Set: 0.8ms
[2025-08-01T01:07:28.088+0000] GC(521)   Merge Heap Roots: 0.3ms
[2025-08-01T01:07:28.088+0000] GC(521)   Evacuate Collection Set: 35.4ms
[2025-08-01T01:07:28.088+0000] GC(521)   Post Evacuate Collection Set: 0.9ms
[2025-08-01T01:07:28.088+0000] GC(521)   Other: 0.2ms
[2025-08-01T01:07:28.088+0000] GC(521) Eden regions: 105->0(86)
[2025-08-01T01:07:28.088+0000] GC(521) Survivor regions: 22->16(16)
[2025-08-01T01:07:28.088+0000] GC(521) Old regions: 1480->1557
[2025-08-01T01:07:28.088+0000] GC(521) Archive regions: 2->2
[2025-08-01T01:07:28.088+0000] GC(521) Humongous regions: 0->0
[2025-08-01T01:07:28.088+0000] GC(521) Metaspace: 10061K(10304K)->10061K(10304K) NonClass: 8835K(8960K)->8835K(8960K) Class: 1225K(1344K)->1225K(1344K)
[2025-08-01T01:07:28.088+0000] GC(521) Pause Young (Normal) (G1 Evacuation Pause) 3214M->3147M(4096M) 37.843ms
[2025-08-01T01:07:28.088+0000] GC(521) User=0.26s Sys=0.01s Real=0.04s
[2025-08-01T01:07:28.109+0000] GC(522) Pause Young (Normal) (G1 Evacuation Pause)
[2025-08-01T01:07:28.109+0000] GC(522) Using 8 workers of 8 for evacuation
[2025-08-01T01:07:28.144+0000] GC(522)   Pre Evacuate Collection Set: 0.6ms
[2025-08-01T01:07:28.144+0000] GC(522)   Merge Heap Roots: 0.2ms
[2025-08-01T01:07:28.144+0000] GC(522)   Evacuate Collection Set: 32.8ms
[2025-08-01T01:07:28.144+0000] GC(522)   Post Evacuate Collection Set: 1.1ms
[2025-08-01T01:07:28.144+0000] GC(522)   Other: 0.1ms
[2025-08-01T01:07:28.144+0000] GC(522) Eden regions: 86->0(89)
[2025-08-01T01:07:28.144+0000] GC(522) Survivor regions: 16->13(13)
[2025-08-01T01:07:28.144+0000] GC(522) Old regions: 1557->1648
[2025-08-01T01:07:28.144+0000] GC(522) Archive regions: 2->2
[2025-08-01T01:07:28.144+0000] GC(522) Humongous regions: 0->0
[2025-08-01T01:07:28.144+0000] GC(522) Metaspace: 10061K(10304K)->10061K(10304K) NonClass: 8835K(8960K)->8835K(8960K) Class: 1225K(1344K)->1225K(1344K)
[2025-08-01T01:07:28.144+0000] GC(522) Pause Young (Normal) (G1 Evacuation Pause) 3319M->3322M(4096M) 35.119ms
[2025-08-01T01:07:28.144+0000] GC(522) User=0.25s Sys=0.01s Real=0.04s
[2025-08-01T01:07:28.201+0000] GC(523) Pause Young (Normal) (G1 Evacuation Pause)
[2025-08-01T01:07:28.201+0000] GC(523) Using 8 workers of 8 for evacuation
[2025-08-01T01:07:28.218+0000] GC(523)   Pre Evacuate Collection Set: 0.4ms
[2025-08-01T01:07:28.218+0000] GC(523)   Merge Heap Roots: 0.1ms
[2025-08-01T01:07:28.218+0000] GC(523)   Evacuate Collection Set: 15.4ms
[2025-08-01T01:07:28.218+0000] GC(523)   Post Evacuate Collection Set: 0.7ms
[2025-08-01T01:07:28.218+0000] GC(523)   Other: 0.1ms
[2025-08-01T01:07:28.218+0000] GC(523) Eden regions: 89->0(89)
[2025-08-01T01:07:28.218+0000] GC(523) Survivor regions: 13->13(13)
[2025-08-01T01:07:28.218+0000] GC(523) Old regions: 1648->1684
[2025-08-01T01:07:28.218+0000] GC(523) Archive regions: 2->2
[2025-08-01T01:07:28.218+0000] GC(523) Humongous regions: 0->0
[2025-08-01T01:07:28.218+0000] GC(523) Metaspace: 10061K(10304K)->10061K(10304K) NonClass: 8835K(8960K)->8835K(8960K) Class: 1225K(1344K)->1225K(1344K)
[2025-08-01T01:07:28.218+0000] GC(523) Pause Young (Normal) (G1 Evacuation Pause) 3500M->3394M(4096M) 16.806ms
[2025-08-01T01:07:28.218+0000] GC(523) User=0.11s Sys=0.00s Real=0.02s
[2025-08-01T01:07:28.236+0000] GC(524) Pause Young (Normal) (G1 Evacuation Pause)
[2025-08-01T01:07:28.236+0000] GC(524) Using 8 workers of 8 for evacuation
[2025-08-01T01:07:28.269+0000] GC(524)   Pre Evacuate Collection Set: 0.3ms
[2025-08-01T01:07:28.269+0000] GC(524)   Merge Heap Roots: 0.1ms
[2025-08-01T01:07:28.269+0000] GC(524)   Evacuate Collection Set: 31.6ms
[2025-08-01T01:07:28.269+0000] GC(524)   Post Evacuate Collection Set: 1.0ms
[2025-08-01T01:07:28.269+0000] GC(524)   Other: 0.2ms
[2025-08-01T01:07:28.269+0000] GC(524) Eden regions: 89->0(89)
[2025-08-01T01:07:28.269+0000] GC(524) Survivor regions: 13->13(13)
[2025-08-01T01:07:28.269+0000] GC(524) Old regions: 1684->1775
[2025-08-01T01:07:28.269+0000] GC(524) Archive regions: 2->2
[2025-08-01T01:07:28.269+0000] GC(524) Humongous regions: 0->0
[2025-08-01T01:07:28.269+0000] GC(524) Metaspace: 10061K(10304K)->10061K(10304K) NonClass: 8835K(8960K)->8835K(8960K) Class: 1225K(1344K)->1225K(1344K)
[2025-08-01T01:07:28.269+0000] GC(524) Pause Young (Normal) (G1 Evacuation Pause) 3572M->3576M(4096M) 33.337ms
[2025-08-01T01:07:28.269+0000] GC(524) User=0.24s Sys=0.01s Real=0.03s
[2025-08-01T01:07:28.321+0000] GC(520) Concurrent Mark From Roots 312.506ms
[2025-08-01T01:07:28.321+0000] GC(520) Concurrent Preclean
[2025-08-01T01:07:28.322+0000] GC(520) Concurrent Preclean 0.201ms
[2025-08-01T01:07:28.322+0000] GC(520) Pause Remark
[2025-08-01T01:07:28.325+0000] GC(520) Pause Remark 3743M->2291M(4096M) 3.379ms
[2025-08-01T01:07:28.325+0000] GC(520) User=0.01s Sys=0.00s Real=0.01s
[2025-08-01T01:07:28.325+0000] GC(520) Concurrent Mark 316.484ms
[2025-08-01T01:07:28.325+0000] GC(520) Concurrent Rebuild Remembered Sets
[2025-08-01T01:07:28.329+0000] GC(525) Pause Young (Normal) (G1 Evacuation Pause)
[2025-08-01T01:07:28.329+0000] GC(525) Using 8 workers of 8 for evacuation
[2025-08-01T01:07:28.363+0000] GC(525)   Pre Evacuate Collection Set: 0.4ms
[2025-08-01T01:07:28.363+0000] GC(525)   Merge Heap Roots: 0.1ms
[2025-08-01T01:07:28.363+0000] GC(525)   Evacuate Collection Set: 32.8ms
[2025-08-01T01:07:28.363+0000] GC(525)   Post Evacuate Collection Set: 0.7ms
[2025-08-01T01:07:28.363+0000] GC(525)   Other: 0.2ms
[2025-08-01T01:07:28.363+0000] GC(525) Eden regions: 89->0(216)
[2025-08-01T01:07:28.363+0000] GC(525) Survivor regions: 13->13(13)
[2025-08-01T01:07:28.363+0000] GC(525) Old regions: 1049->1139
[2025-08-01T01:07:28.363+0000] GC(525) Archive regions: 2->2
[2025-08-01T01:07:28.363+0000] GC(525) Humongous regions: 0->0
[2025-08-01T01:07:28.363+0000] GC(525) Metaspace: 10061K(10304K)->10061K(10304K) NonClass: 8835K(8960K)->8835K(8960K) Class: 1225K(1344K)->1225K(1344K)
[2025-08-01T01:07:28.363+0000] GC(525) Pause Young (Normal) (G1 Evacuation Pause) 2302M->2305M(4096M) 34.236ms
[2025-08-01T01:07:28.363+0000] GC(525) User=0.23s Sys=0.00s Real=0.04s
[2025-08-01T01:07:28.458+0000] GC(526) Pause Young (Normal) (G1 Evacuation Pause)
[2025-08-01T01:07:28.458+0000] GC(526) Using 8 workers of 8 for evacuation
[2025-08-01T01:07:28.532+0000] GC(526)   Pre Evacuate Collection Set: 0.5ms
[2025-08-01T01:07:28.532+0000] GC(526)   Merge Heap Roots: 0.1ms
[2025-08-01T01:07:28.532+0000] GC(526)   Evacuate Collection Set: 72.6ms
[2025-08-01T01:07:28.532+0000] GC(526)   Post Evacuate Collection Set: 0.9ms
[2025-08-01T01:07:28.532+0000] GC(526)   Other: 0.2ms
[2025-08-01T01:07:28.532+0000] GC(526) Eden regions: 216->0(146)
[2025-08-01T01:07:28.532+0000] GC(526) Survivor regions: 13->29(29)
[2025-08-01T01:07:28.532+0000] GC(526) Old regions: 1139->1341
[2025-08-01T01:07:28.532+0000] GC(526) Archive regions: 2->2
[2025-08-01T01:07:28.532+0000] GC(526) Humongous regions: 0->0
[2025-08-01T01:07:28.532+0000] GC(526) Metaspace: 10061K(10304K)->10061K(10304K) NonClass: 8835K(8960K)->8835K(8960K) Class: 1225K(1344K)->1225K(1344K)
[2025-08-01T01:07:28.532+0000] GC(526) Pause Young (Normal) (G1 Evacuation Pause) 2737M->2741M(4096M) 74.483ms
[2025-08-01T01:07:28.532+0000] GC(526) User=0.56s Sys=0.01s Real=0.07s
[2025-08-01T01:07:28.605+0000] GC(527) Pause Young (Normal) (G1 Evacuation Pause)
[2025-08-01T01:07:28.605+0000] GC(527) Using 8 workers of 8 for evacuation
[2025-08-01T01:07:28.660+0000] GC(527)   Pre Evacuate Collection Set: 0.3ms
[2025-08-01T01:07:28.660+0000] GC(527)   Merge Heap Roots: 0.1ms
[2025-08-01T01:07:28.660+0000] GC(527)   Evacuate Collection Set: 53.4ms
[2025-08-01T01:07:28.660+0000] GC(527)   Post Evacuate Collection Set: 0.8ms
[2025-08-01T01:07:28.660+0000] GC(527)   Other: 0.1ms
[2025-08-01T01:07:28.660+0000] GC(527) Eden regions: 146->0(100)
[2025-08-01T01:07:28.660+0000] GC(527) Survivor regions: 29->22(22)
[2025-08-01T01:07:28.660+0000] GC(527) Old regions: 1341->1496
[2025-08-01T01:07:28.660+0000] GC(527) Archive regions: 2->2
[2025-08-01T01:07:28.660+0000] GC(527) Humongous regions: 0->0
[2025-08-01T01:07:28.660+0000] GC(527) Metaspace: 10061K(10304K)->10061K(10304K) NonClass: 8835K(8960K)->8835K(8960K) Class: 1225K(1344K)->1225K(1344K)
[2025-08-01T01:07:28.660+0000] GC(527) Pause Young (Normal) (G1 Evacuation Pause) 3033M->3037M(4096M) 54.880ms
[2025-08-01T01:07:28.660+0000] GC(527) User=0.41s Sys=0.01s Real=0.05s
[2025-08-01T01:07:28.678+0000] GC(528) Pause Young (Normal) (G1 Evacuation Pause)
[2025-08-01T01:07:28.678+0000] GC(528) Using 8 workers of 8 for evacuation
[2025-08-01T01:07:28.714+0000] GC(528)   Pre Evacuate Collection Set: 0.7ms
[2025-08-01T01:07:28.714+0000] GC(528)   Merge Heap Roots: 0.2ms
[2025-08-01T01:07:28.714+0000] GC(528)   Evacuate Collection Set: 34.5ms
[2025-08-01T01:07:28.714+0000] GC(528)   Post Evacuate Collection Set: 0.6ms
[2025-08-01T01:07:28.714+0000] GC(528)   Other: 0.1ms
[2025-08-01T01:07:28.714+0000] GC(528) Eden regions: 100->0(86)
[2025-08-01T01:07:28.714+0000] GC(528) Survivor regions: 22->16(16)
[2025-08-01T01:07:28.714+0000] GC(528) Old regions: 1496->1604
[2025-08-01T01:07:28.714+0000] GC(528) Archive regions: 2->2
[2025-08-01T01:07:28.714+0000] GC(528) Humongous regions: 0->0
[2025-08-01T01:07:28.714+0000] GC(528) Metaspace: 10061K(10304K)->10061K(10304K) NonClass: 8835K(8960K)->8835K(8960K) Class: 1225K(1344K)->1225K(1344K)
[2025-08-01T01:07:28.714+0000] GC(528) Pause Young (Normal) (G1 Evacuation Pause) 3237M->3240M(4096M) 36.407ms
[2025-08-01T01:07:28.714+0000] GC(528) User=0.27s Sys=0.00s Real=0.04s
[2025-08-01T01:07:28.782+0000] GC(529) Pause Young (Normal) (G1 Evacuation Pause)
[2025-08-01T01:07:28.782+0000] GC(529) Using 8 workers of 8 for evacuation
[2025-08-01T01:07:28.797+0000] GC(529)   Pre Evacuate Collection Set: 0.3ms
[2025-08-01T01:07:28.797+0000] GC(529)   Merge Heap Roots: 0.1ms
[2025-08-01T01:07:28.797+0000] GC(529)   Evacuate Collection Set: 14.0ms
[2025-08-01T01:07:28.797+0000] GC(529)   Post Evacuate Collection Set: 0.8ms
[2025-08-01T01:07:28.797+0000] GC(529)   Other: 0.2ms
[2025-08-01T01:07:28.797+0000] GC(529) Eden regions: 86->0(89)
[2025-08-01T01:07:28.797+0000] GC(529) Survivor regions: 16->13(13)
[2025-08-01T01:07:28.797+0000] GC(529) Old regions: 1604->1642
[2025-08-01T01:07:28.797+0000] GC(529) Archive regions: 2->2
[2025-08-01T01:07:28.797+0000] GC(529) Humongous regions: 0->0
[2025-08-01T01:07:28.797+0000] GC(529) Metaspace: 10061K(10304K)->10061K(10304K) NonClass: 8835K(8960K)->8835K(8960K) Class: 1225K(1344K)->1225K(1344K)
[2025-08-01T01:07:28.797+0000] GC(529) Pause Young (Normal) (G1 Evacuation Pause) 3412M->3310M(4096M) 15.563ms
[2025-08-01T01:07:28.797+0000] GC(529) User=0.11s Sys=0.00s Real=0.02s
[2025-08-01T01:07:28.813+0000] GC(520) Concurrent Rebuild Remembered Sets 488.018ms
[2025-08-01T01:07:28.815+0000] GC(520) Pause Cleanup
[2025-08-01T01:07:28.815+0000] GC(520) Pause Cleanup 3484M->3484M(4096M) 0.606ms
[2025-08-01T01:07:28.815+0000] GC(520) User=0.00s Sys=0.00s Real=0.00s
[2025-08-01T01:07:28.815+0000] GC(520) Concurrent Cleanup for Next Mark
[2025-08-01T01:07:28.816+0000] GC(530) Pause Young (Prepare Mixed) (G1 Evacuation Pause)
[2025-08-01T01:07:28.816+0000] GC(530) Using 8 workers of 8 for evacuation
[2025-08-01T01:07:28.845+0000] GC(530)   Pre Evacuate Collection Set: 0.2ms
[2025-08-01T01:07:28.845+0000] GC(530)   Merge Heap Roots: 0.1ms
[2025-08-01T01:07:28.845+0000] GC(530)   Evacuate Collection Set: 27.6ms
[2025-08-01T01:07:28.845+0000] GC(530)   Post Evacuate Collection Set: 0.6ms
[2025-08-01T01:07:28.845+0000] GC(530)   Other: 0.1ms
[2025-08-01T01:07:28.845+0000] GC(530) Eden regions: 89->0(89)
[2025-08-01T01:07:28.845+0000] GC(530) Survivor regions: 13->13(13)
[2025-08-01T01:07:28.845+0000] GC(530) Old regions: 1642->1733
[2025-08-01T01:07:28.845+0000] GC(530) Archive regions: 2->2
[2025-08-01T01:07:28.845+0000] GC(530) Humongous regions: 0->0
[2025-08-01T01:07:28.845+0000] GC(530) Metaspace: 10061K(10304K)->10061K(10304K) NonClass: 8835K(8960K)->8835K(8960K) Class: 1225K(1344K)->1225K(1344K)
[2025-08-01T01:07:28.845+0000] GC(530) Pause Young (Prepare Mixed) (G1 Evacuation Pause) 3488M->3492M(4096M) 28.816ms
[2025-08-01T01:07:28.845+0000] GC(530) User=0.22s Sys=0.00s Real=0.03s
[2025-08-01T01:07:28.858+0000] GC(520) Concurrent Cleanup for Next Mark 43.021ms
[2025-08-01T01:07:28.858+0000] GC(520) Concurrent Mark Cycle 878.488ms
[2025-08-01T01:07:28.911+0000] GC(531) Pause Young (Mixed) (G1 Evacuation Pause)
[2025-08-01T01:07:28.911+0000] GC(531) Using 8 workers of 8 for evacuation
[2025-08-01T01:07:28.935+0000] GC(531)   Pre Evacuate Collection Set: 1.7ms
[2025-08-01T01:07:28.935+0000] GC(531)   Merge Heap Roots: 0.4ms
[2025-08-01T01:07:28.935+0000] GC(531)   Evacuate Collection Set: 20.9ms
[2025-08-01T01:07:28.935+0000] GC(531)   Post Evacuate Collection Set: 0.8ms
[2025-08-01T01:07:28.935+0000] GC(531)   Other: 0.1ms
[2025-08-01T01:07:28.935+0000] GC(531) Eden regions: 89->0(89)
[2025-08-01T01:07:28.935+0000] GC(531) Survivor regions: 13->13(13)
[2025-08-01T01:07:28.935+0000] GC(531) Old regions: 1733->1778
[2025-08-01T01:07:28.935+0000] GC(531) Archive regions: 2->2
[2025-08-01T01:07:28.935+0000] GC(531) Humongous regions: 0->0
[2025-08-01T01:07:28.935+0000] GC(531) Metaspace: 10061K(10304K)->10061K(10304K) NonClass: 8835K(8960K)->8835K(8960K) Class: 1225K(1344K)->1225K(1344K)
[2025-08-01T01:07:28.935+0000] GC(531) Pause Young (Mixed) (G1 Evacuation Pause) 3670M->3583M(4096M) 24.042ms
[2025-08-01T01:07:28.935+0000] GC(531) User=0.14s Sys=0.00s Real=0.03s
[2025-08-01T01:07:28.953+0000] GC(532) Pause Young (Concurrent Start) (G1 Evacuation Pause)
[2025-08-01T01:07:28.953+0000] GC(532) Using 8 workers of 8 for evacuation
[2025-08-01T01:07:28.994+0000] GC(532)   Pre Evacuate Collection Set: 0.4ms
[2025-08-01T01:07:28.994+0000] GC(532)   Merge Heap Roots: 0.2ms
[2025-08-01T01:07:28.994+0000] GC(532)   Evacuate Collection Set: 39.8ms
[2025-08-01T01:07:28.994+0000] GC(532)   Post Evacuate Collection Set: 0.6ms
[2025-08-01T01:07:28.994+0000] GC(532)   Other: 0.3ms
[2025-08-01T01:07:28.994+0000] GC(532) Eden regions: 89->0(89)
[2025-08-01T01:07:28.994+0000] GC(532) Survivor regions: 13->13(13)
[2025-08-01T01:07:28.994+0000] GC(532) Old regions: 1778->1868
[2025-08-01T01:07:28.994+0000] GC(532) Archive regions: 2->2
[2025-08-01T01:07:28.994+0000] GC(532) Humongous regions: 0->0
[2025-08-01T01:07:28.994+0000] GC(532) Metaspace: 10061K(10304K)->10061K(10304K) NonClass: 8835K(8960K)->8835K(8960K) Class: 1225K(1344K)->1225K(1344K)
[2025-08-01T01:07:28.994+0000] GC(532) Pause Young (Concurrent Start) (G1 Evacuation Pause) 3761M->3763M(4096M) 41.400ms
[2025-08-01T01:07:28.994+0000] GC(532) User=0.30s Sys=0.02s Real=0.04s
[2025-08-01T01:07:28.994+0000] GC(533) Concurrent Mark Cycle
[2025-08-01T01:07:28.994+0000] GC(533) Concurrent Clear Claimed Marks
[2025-08-01T01:07:28.995+0000] GC(533) Concurrent Clear Claimed Marks 0.016ms
[2025-08-01T01:07:28.995+0000] GC(533) Concurrent Scan Root Regions
[2025-08-01T01:07:29.018+0000] GC(533) Concurrent Scan Root Regions 23.327ms
[2025-08-01T01:07:29.018+0000] GC(533) Concurrent Mark
[2025-08-01T01:07:29.018+0000] GC(533) Concurrent Mark From Roots
[2025-08-01T01:07:29.018+0000] GC(533) Using 2 workers of 2 for marking
[2025-08-01T01:07:29.018+0000] GC(534) Pause Young (Normal) (G1 Preventive Collection)
[2025-08-01T01:07:29.018+0000] GC(534) Using 8 workers of 8 for evacuation
[2025-08-01T01:07:29.053+0000] GC(534)   Pre Evacuate Collection Set: 6.8ms
[2025-08-01T01:07:29.053+0000] GC(534)   Merge Heap Roots: 0.1ms
[2025-08-01T01:07:29.053+0000] GC(534)   Evacuate Collection Set: 33.0ms
[2025-08-01T01:07:29.053+0000] GC(534)   Post Evacuate Collection Set: 1.0ms
[2025-08-01T01:07:29.053+0000] GC(534)   Other: 0.2ms
[2025-08-01T01:07:29.053+0000] GC(534) Eden regions: 73->0(89)
[2025-08-01T01:07:29.053+0000] GC(534) Survivor regions: 13->13(13)
[2025-08-01T01:07:29.053+0000] GC(534) Old regions: 1868->1943
[2025-08-01T01:07:29.053+0000] GC(534) Archive regions: 2->2
[2025-08-01T01:07:29.053+0000] GC(534) Humongous regions: 0->0
[2025-08-01T01:07:29.053+0000] GC(534) Metaspace: 10061K(10304K)->10061K(10304K) NonClass: 8835K(8960K)->8835K(8960K) Class: 1225K(1344K)->1225K(1344K)
[2025-08-01T01:07:29.053+0000] GC(534) Pause Young (Normal) (G1 Preventive Collection) 3909M->3913M(4096M) 34.962ms
[2025-08-01T01:07:29.053+0000] GC(534) User=0.25s Sys=0.01s Real=0.03s
[2025-08-01T01:07:29.073+0000] GC(535) Pause Young (Normal) (G1 Preventive Collection)
[2025-08-01T01:07:29.073+0000] GC(535) Using 8 workers of 8 for evacuation
[2025-08-01T01:07:29.090+0000] GC(535)   Pre Evacuate Collection Set: 0.6ms
[2025-08-01T01:07:29.090+0000] GC(535)   Merge Heap Roots: 0.2ms
[2025-08-01T01:07:29.090+0000] GC(535)   Evacuate Collection Set: 16.2ms
[2025-08-01T01:07:29.090+0000] GC(535)   Post Evacuate Collection Set: 0.6ms
[2025-08-01T01:07:29.090+0000] GC(535)   Other: 0.2ms
[2025-08-01T01:07:29.090+0000] GC(535) Eden regions: 36->0(89)
[2025-08-01T01:07:29.090+0000] GC(535) Survivor regions: 13->13(13)
[2025-08-01T01:07:29.090+0000] GC(535) Old regions: 1943->1980
[2025-08-01T01:07:29.090+0000] GC(535) Archive regions: 2->2
[2025-08-01T01:07:29.090+0000] GC(535) Humongous regions: 0->0
[2025-08-01T01:07:29.090+0000] GC(535) Metaspace: 10061K(10304K)->10061K(10304K) NonClass: 8835K(8960K)->8835K(8960K) Class: 1225K(1344K)->1225K(1344K)
[2025-08-01T01:07:29.090+0000] GC(535) Pause Young (Normal) (G1 Preventive Collection) 3985M->3987M(4096M) 17.902ms
[2025-08-01T01:07:29.090+0000] GC(535) User=0.11s Sys=0.00s Real=0.02s
[2025-08-01T01:07:29.098+0000] GC(536) Pause Young (Normal) (G1 Preventive Collection)
[2025-08-01T01:07:29.098+0000] GC(536) Using 8 workers of 8 for evacuation
[2025-08-01T01:07:29.110+0000] GC(536)   Pre Evacuate Collection Set: 0.4ms
[2025-08-01T01:07:29.110+0000] GC(536)   Merge Heap Roots: 0.1ms
[2025-08-01T01:07:29.110+0000] GC(536)   Evacuate Collection Set: 10.2ms
[2025-08-01T01:07:29.110+0000] GC(536)   Post Evacuate Collection Set: 0.5ms
[2025-08-01T01:07:29.110+0000] GC(536)   Other: 0.2ms
[2025-08-01T01:07:29.110+0000] GC(536) Eden regions: 18->0(89)
[2025-08-01T01:07:29.110+0000] GC(536) Survivor regions: 13->13(13)
[2025-08-01T01:07:29.110+0000] GC(536) Old regions: 1980->2000
[2025-08-01T01:07:29.110+0000] GC(536) Archive regions: 2->2
[2025-08-01T01:07:29.110+0000] GC(536) Humongous regions: 0->0
[2025-08-01T01:07:29.110+0000] GC(536) Metaspace: 10061K(10304K)->10061K(10304K) NonClass: 8835K(8960K)->8835K(8960K) Class: 1225K(1344K)->1225K(1344K)
[2025-08-01T01:07:29.110+0000] GC(536) Pause Young (Normal) (G1 Preventive Collection) 4023M->4026M(4096M) 11.519ms
[2025-08-01T01:07:29.110+0000] GC(536) User=0.08s Sys=0.00s Real=0.01s
[2025-08-01T01:07:29.111+0000] GC(537) Pause Young (Normal) (G1 Preventive Collection)
[2025-08-01T01:07:29.111+0000] GC(537) Using 8 workers of 8 for evacuation
[2025-08-01T01:07:29.121+0000] GC(537)   Pre Evacuate Collection Set: 0.7ms
[2025-08-01T01:07:29.121+0000] GC(537)   Merge Heap Roots: 0.1ms
[2025-08-01T01:07:29.121+0000] GC(537)   Evacuate Collection Set: 8.2ms
[2025-08-01T01:07:29.121+0000] GC(537)   Post Evacuate Collection Set: 0.7ms
[2025-08-01T01:07:29.121+0000] GC(537)   Other: 0.2ms
[2025-08-01T01:07:29.121+0000] GC(537) Eden regions: 8->0(93)
[2025-08-01T01:07:29.121+0000] GC(537) Survivor regions: 13->9(13)
[2025-08-01T01:07:29.121+0000] GC(537) Old regions: 2000->2014
[2025-08-01T01:07:29.121+0000] GC(537) Archive regions: 2->2
[2025-08-01T01:07:29.121+0000] GC(537) Humongous regions: 0->0
[2025-08-01T01:07:29.121+0000] GC(537) Metaspace: 10061K(10304K)->10061K(10304K) NonClass: 8835K(8960K)->8835K(8960K) Class: 1225K(1344K)->1225K(1344K)
[2025-08-01T01:07:29.121+0000] GC(537) Pause Young (Normal) (G1 Preventive Collection) 4042M->4047M(4096M) 9.981ms
[2025-08-01T01:07:29.121+0000] GC(537) User=0.06s Sys=0.01s Real=0.01s
[2025-08-01T01:07:29.123+0000] GC(538) Pause Young (Normal) (G1 Preventive Collection)
[2025-08-01T01:07:29.123+0000] GC(538) Using 8 workers of 8 for evacuation
[2025-08-01T01:07:29.132+0000] GC(538)   Pre Evacuate Collection Set: 0.4ms
[2025-08-01T01:07:29.132+0000] GC(538)   Merge Heap Roots: 0.2ms
[2025-08-01T01:07:29.132+0000] GC(538)   Evacuate Collection Set: 7.8ms
[2025-08-01T01:07:29.132+0000] GC(538)   Post Evacuate Collection Set: 0.9ms
[2025-08-01T01:07:29.132+0000] GC(538)   Other: 0.2ms
[2025-08-01T01:07:29.132+0000] GC(538) Eden regions: 6->0(95)
[2025-08-01T01:07:29.132+0000] GC(538) Survivor regions: 9->7(13)
[2025-08-01T01:07:29.132+0000] GC(538) Old regions: 2014->2024
[2025-08-01T01:07:29.132+0000] GC(538) Archive regions: 2->2
[2025-08-01T01:07:29.132+0000] GC(538) Humongous regions: 0->0
[2025-08-01T01:07:29.132+0000] GC(538) Metaspace: 10061K(10304K)->10061K(10304K) NonClass: 8835K(8960K)->8835K(8960K) Class: 1225K(1344K)->1225K(1344K)
[2025-08-01T01:07:29.132+0000] GC(538) Pause Young (Normal) (G1 Preventive Collection) 4059M->4062M(4096M) 9.524ms
[2025-08-01T01:07:29.132+0000] GC(538) User=0.03s Sys=0.00s Real=0.01s
[2025-08-01T01:07:29.134+0000] GC(539) Pause Young (Normal) (G1 Preventive Collection)
[2025-08-01T01:07:29.134+0000] GC(539) Using 8 workers of 8 for evacuation
[2025-08-01T01:07:29.138+0000] GC(539)   Pre Evacuate Collection Set: 0.5ms
[2025-08-01T01:07:29.138+0000] GC(539)   Merge Heap Roots: 0.2ms
[2025-08-01T01:07:29.138+0000] GC(539)   Evacuate Collection Set: 3.0ms
[2025-08-01T01:07:29.138+0000] GC(539)   Post Evacuate Collection Set: 0.5ms
[2025-08-01T01:07:29.138+0000] GC(539)   Other: 0.2ms
[2025-08-01T01:07:29.138+0000] GC(539) Eden regions: 3->0(92)
[2025-08-01T01:07:29.138+0000] GC(539) Survivor regions: 7->10(12)
[2025-08-01T01:07:29.138+0000] GC(539) Old regions: 2024->2024
[2025-08-01T01:07:29.138+0000] GC(539) Archive regions: 2->2
[2025-08-01T01:07:29.138+0000] GC(539) Humongous regions: 0->0
[2025-08-01T01:07:29.138+0000] GC(539) Metaspace: 10061K(10304K)->10061K(10304K) NonClass: 8835K(8960K)->8835K(8960K) Class: 1225K(1344K)->1225K(1344K)
[2025-08-01T01:07:29.138+0000] GC(539) Pause Young (Normal) (G1 Preventive Collection) 4068M->4067M(4096M) 4.544ms
[2025-08-01T01:07:29.138+0000] GC(539) User=0.02s Sys=0.00s Real=0.00s
[2025-08-01T01:07:29.139+0000] GC(540) Pause Young (Normal) (G1 Preventive Collection)
[2025-08-01T01:07:29.139+0000] GC(540) Using 8 workers of 8 for evacuation
[2025-08-01T01:07:29.143+0000] GC(540)   Pre Evacuate Collection Set: 0.2ms
[2025-08-01T01:07:29.143+0000] GC(540)   Merge Heap Roots: 0.1ms
[2025-08-01T01:07:29.143+0000] GC(540)   Evacuate Collection Set: 3.2ms
[2025-08-01T01:07:29.143+0000] GC(540)   Post Evacuate Collection Set: 1.1ms
[2025-08-01T01:07:29.143+0000] GC(540)   Other: 0.1ms
[2025-08-01T01:07:29.143+0000] GC(540) Eden regions: 1->0(98)
[2025-08-01T01:07:29.143+0000] GC(540) Survivor regions: 10->4(11)
[2025-08-01T01:07:29.143+0000] GC(540) Old regions: 2024->2030
[2025-08-01T01:07:29.144+0000] GC(540) Archive regions: 2->2
[2025-08-01T01:07:29.144+0000] GC(540) Humongous regions: 0->0
[2025-08-01T01:07:29.144+0000] GC(540) Metaspace: 10061K(10304K)->10061K(10304K) NonClass: 8835K(8960K)->8835K(8960K) Class: 1225K(1344K)->1225K(1344K)
[2025-08-01T01:07:29.144+0000] GC(540) Pause Young (Normal) (G1 Preventive Collection) 4069M->4068M(4096M) 4.852ms
[2025-08-01T01:07:29.144+0000] GC(540) User=0.02s Sys=0.00s Real=0.01s
[2025-08-01T01:07:29.145+0000] GC(541) Pause Young (Normal) (G1 Preventive Collection)
[2025-08-01T01:07:29.145+0000] GC(541) Using 8 workers of 8 for evacuation
[2025-08-01T01:07:29.151+0000] GC(541)   Pre Evacuate Collection Set: 0.2ms
[2025-08-01T01:07:29.151+0000] GC(541)   Merge Heap Roots: 0.1ms
[2025-08-01T01:07:29.151+0000] GC(541)   Evacuate Collection Set: 4.6ms
[2025-08-01T01:07:29.151+0000] GC(541)   Post Evacuate Collection Set: 0.5ms
[2025-08-01T01:07:29.151+0000] GC(541)   Other: 0.2ms
[2025-08-01T01:07:29.151+0000] GC(541) Eden regions: 3->0(95)
[2025-08-01T01:07:29.151+0000] GC(541) Survivor regions: 4->7(9)
[2025-08-01T01:07:29.151+0000] GC(541) Old regions: 2030->2030
[2025-08-01T01:07:29.151+0000] GC(541) Archive regions: 2->2
[2025-08-01T01:07:29.151+0000] GC(541) Humongous regions: 0->0
[2025-08-01T01:07:29.151+0000] GC(541) Metaspace: 10061K(10304K)->10061K(10304K) NonClass: 8835K(8960K)->8835K(8960K) Class: 1225K(1344K)->1225K(1344K)
[2025-08-01T01:07:29.151+0000] GC(541) Pause Young (Normal) (G1 Preventive Collection) 4074M->4074M(4096M) 5.763ms
[2025-08-01T01:07:29.151+0000] GC(541) User=0.01s Sys=0.00s Real=0.00s
[2025-08-01T01:07:29.151+0000] GC(542) Pause Young (Normal) (G1 Preventive Collection)
[2025-08-01T01:07:29.151+0000] GC(542) Using 8 workers of 8 for evacuation
[2025-08-01T01:07:29.154+0000] GC(542)   Pre Evacuate Collection Set: 0.3ms
[2025-08-01T01:07:29.154+0000] GC(542)   Merge Heap Roots: 0.2ms
[2025-08-01T01:07:29.154+0000] GC(542)   Evacuate Collection Set: 1.9ms
[2025-08-01T01:07:29.154+0000] GC(542)   Post Evacuate Collection Set: 0.6ms
[2025-08-01T01:07:29.154+0000] GC(542)   Other: 0.1ms
[2025-08-01T01:07:29.154+0000] GC(542) Eden regions: 1->0(94)
[2025-08-01T01:07:29.154+0000] GC(542) Survivor regions: 7->8(8)
[2025-08-01T01:07:29.154+0000] GC(542) Old regions: 2030->2030
[2025-08-01T01:07:29.155+0000] GC(542) Archive regions: 2->2
[2025-08-01T01:07:29.155+0000] GC(542) Humongous regions: 0->0
[2025-08-01T01:07:29.155+0000] GC(542) Metaspace: 10061K(10304K)->10061K(10304K) NonClass: 8835K(8960K)->8835K(8960K) Class: 1225K(1344K)->1225K(1344K)
[2025-08-01T01:07:29.155+0000] GC(542) Pause Young (Normal) (G1 Preventive Collection) 4076M->4076M(4096M) 3.207ms
[2025-08-01T01:07:29.155+0000] GC(542) User=0.01s Sys=0.01s Real=0.01s
[2025-08-01T01:07:29.155+0000] GC(543) Pause Young (Normal) (G1 Preventive Collection)
[2025-08-01T01:07:29.155+0000] GC(543) Using 8 workers of 8 for evacuation
[2025-08-01T01:07:29.159+0000] GC(543) To-space exhausted
[2025-08-01T01:07:29.159+0000] GC(543)   Pre Evacuate Collection Set: 0.3ms
[2025-08-01T01:07:29.159+0000] GC(543)   Merge Heap Roots: 0.1ms
[2025-08-01T01:07:29.160+0000] GC(543)   Evacuate Collection Set: 2.4ms
[2025-08-01T01:07:29.160+0000] GC(543)   Post Evacuate Collection Set: 1.3ms
[2025-08-01T01:07:29.160+0000] GC(543)   Other: 0.2ms
[2025-08-01T01:07:29.160+0000] GC(543) Eden regions: 1->0(98)
[2025-08-01T01:07:29.160+0000] GC(543) Survivor regions: 8->4(7)
[2025-08-01T01:07:29.160+0000] GC(543) Old regions: 2030->2037
[2025-08-01T01:07:29.160+0000] GC(543) Archive regions: 2->2
[2025-08-01T01:07:29.160+0000] GC(543) Humongous regions: 0->0
[2025-08-01T01:07:29.160+0000] GC(543) Metaspace: 10061K(10304K)->10061K(10304K) NonClass: 8835K(8960K)->8835K(8960K) Class: 1225K(1344K)->1225K(1344K)
[2025-08-01T01:07:29.160+0000] GC(543) Pause Young (Normal) (G1 Preventive Collection) 4078M->4083M(4096M) 4.390ms
[2025-08-01T01:07:29.160+0000] GC(543) User=0.02s Sys=0.00s Real=0.00s
[2025-08-01T01:07:29.160+0000] GC(544) Pause Young (Normal) (G1 Preventive Collection)
[2025-08-01T01:07:29.160+0000] GC(544) Using 8 workers of 8 for evacuation
[2025-08-01T01:07:29.163+0000] GC(544) To-space exhausted
[2025-08-01T01:07:29.163+0000] GC(544)   Pre Evacuate Collection Set: 0.4ms
[2025-08-01T01:07:29.163+0000] GC(544)   Merge Heap Roots: 0.1ms
[2025-08-01T01:07:29.163+0000] GC(544)   Evacuate Collection Set: 1.2ms
[2025-08-01T01:07:29.163+0000] GC(544)   Post Evacuate Collection Set: 0.8ms
[2025-08-01T01:07:29.163+0000] GC(544)   Other: 0.2ms
[2025-08-01T01:07:29.163+0000] GC(544) Eden regions: 1->0(98)
[2025-08-01T01:07:29.163+0000] GC(544) Survivor regions: 4->4(4)
[2025-08-01T01:07:29.163+0000] GC(544) Old regions: 2037->2040
[2025-08-01T01:07:29.163+0000] GC(544) Archive regions: 2->2
[2025-08-01T01:07:29.163+0000] GC(544) Humongous regions: 0->0
[2025-08-01T01:07:29.163+0000] GC(544) Metaspace: 10061K(10304K)->10061K(10304K) NonClass: 8835K(8960K)->8835K(8960K) Class: 1225K(1344K)->1225K(1344K)
[2025-08-01T01:07:29.163+0000] GC(544) Pause Young (Normal) (G1 Preventive Collection) 4085M->4089M(4096M) 2.779ms
[2025-08-01T01:07:29.163+0000] GC(544) User=0.01s Sys=0.00s Real=0.00s
[2025-08-01T01:07:29.164+0000] GC(545) Pause Young (Normal) (G1 Preventive Collection)
[2025-08-01T01:07:29.164+0000] GC(545) Using 8 workers of 8 for evacuation
[2025-08-01T01:07:29.166+0000] GC(545) To-space exhausted
[2025-08-01T01:07:29.166+0000] GC(545)   Pre Evacuate Collection Set: 0.2ms
[2025-08-01T01:07:29.166+0000] GC(545)   Merge Heap Roots: 0.1ms
[2025-08-01T01:07:29.166+0000] GC(545)   Evacuate Collection Set: 1.0ms
[2025-08-01T01:07:29.166+0000] GC(545)   Post Evacuate Collection Set: 0.7ms
[2025-08-01T01:07:29.166+0000] GC(545)   Other: 0.2ms
[2025-08-01T01:07:29.166+0000] GC(545) Eden regions: 1->0(101)
[2025-08-01T01:07:29.166+0000] GC(545) Survivor regions: 4->1(1)
[2025-08-01T01:07:29.166+0000] GC(545) Old regions: 2040->2045
[2025-08-01T01:07:29.166+0000] GC(545) Archive regions: 2->2
[2025-08-01T01:07:29.166+0000] GC(545) Humongous regions: 0->0
[2025-08-01T01:07:29.166+0000] GC(545) Metaspace: 10061K(10304K)->10061K(10304K) NonClass: 8835K(8960K)->8835K(8960K) Class: 1225K(1344K)->1225K(1344K)
[2025-08-01T01:07:29.166+0000] GC(545) Pause Young (Normal) (G1 Preventive Collection) 4091M->4093M(4096M) 2.319ms
[2025-08-01T01:07:29.166+0000] GC(545) User=0.01s Sys=0.00s Real=0.00s
[2025-08-01T01:07:29.166+0000] Attempting full compaction
[2025-08-01T01:07:29.166+0000] GC(546) Pause Full (G1 Compaction Pause)
[2025-08-01T01:07:29.166+0000] GC(546) Using 8 workers of 8 for full compaction
[2025-08-01T01:07:29.171+0000] GC(546) Phase 1: Mark live objects
[2025-08-01T01:07:29.202+0000] GC(546) Phase 1: Mark live objects 30.719ms
[2025-08-01T01:07:29.202+0000] GC(546) Phase 2: Prepare for compaction
[2025-08-01T01:07:29.211+0000] GC(546) Phase 2: Prepare for compaction 9.260ms
[2025-08-01T01:07:29.211+0000] GC(546) Phase 3: Adjust pointers
[2025-08-01T01:07:29.240+0000] GC(546) Phase 3: Adjust pointers 28.984ms
[2025-08-01T01:07:29.240+0000] GC(546) Phase 4: Compact heap
[2025-08-01T01:07:29.258+0000] GC(546) Phase 4: Compact heap 17.808ms
[2025-08-01T01:07:29.265+0000] GC(546) Eden regions: 0->0(466)
[2025-08-01T01:07:29.265+0000] GC(546) Survivor regions: 1->0(1)
[2025-08-01T01:07:29.265+0000] GC(546) Old regions: 2045->348
[2025-08-01T01:07:29.265+0000] GC(546) Archive regions: 2->2
[2025-08-01T01:07:29.265+0000] GC(546) Humongous regions: 0->0
[2025-08-01T01:07:29.265+0000] GC(546) Metaspace: 10061K(10304K)->10061K(10304K) NonClass: 8835K(8960K)->8835K(8960K) Class: 1225K(1344K)->1225K(1344K)
[2025-08-01T01:07:29.265+0000] GC(546) Pause Full (G1 Compaction Pause) 4093M->687M(4096M) 98.877ms
[2025-08-01T01:07:29.265+0000] GC(546) User=0.68s Sys=0.01s Real=0.10s
[2025-08-01T01:07:29.266+0000] GC(533) Concurrent Mark From Roots 247.711ms
[2025-08-01T01:07:29.266+0000] GC(533) Concurrent Mark Abort
[2025-08-01T01:07:29.266+0000] GC(533) Concurrent Mark Cycle 271.202ms
[2025-08-01T01:07:29.457+0000] GC(547) Pause Young (Normal) (G1 Evacuation Pause)
[2025-08-01T01:07:29.457+0000] GC(547) Using 8 workers of 8 for evacuation
[2025-08-01T01:07:29.663+0000] GC(547) MMU target violated: 201.0ms (200.0ms/201.0ms)
[2025-08-01T01:07:29.663+0000] GC(547)   Pre Evacuate Collection Set: 0.5ms
[2025-08-01T01:07:29.663+0000] GC(547)   Merge Heap Roots: 1.3ms
[2025-08-01T01:07:29.663+0000] GC(547)   Evacuate Collection Set: 202.7ms
[2025-08-01T01:07:29.663+0000] GC(547)   Post Evacuate Collection Set: 1.2ms
[2025-08-01T01:07:29.663+0000] GC(547)   Other: 0.3ms
[2025-08-01T01:07:29.663+0000] GC(547) Eden regions: 466->0(317)
[2025-08-01T01:07:29.663+0000] GC(547) Survivor regions: 0->59(59)
[2025-08-01T01:07:29.663+0000] GC(547) Old regions: 348->765
[2025-08-01T01:07:29.663+0000] GC(547) Archive regions: 2->2
[2025-08-01T01:07:29.663+0000] GC(547) Humongous regions: 0->0
[2025-08-01T01:07:29.663+0000] GC(547) Metaspace: 10061K(10304K)->10061K(10304K) NonClass: 8835K(8960K)->8835K(8960K) Class: 1225K(1344K)->1225K(1344K)
[2025-08-01T01:07:29.663+0000] GC(547) Pause Young (Normal) (G1 Evacuation Pause) 1619M->1638M(4096M) 206.115ms
[2025-08-01T01:07:29.663+0000] GC(547) User=1.20s Sys=0.14s Real=0.20s
[2025-08-01T01:07:29.823+0000] GC(548) Pause Young (Concurrent Start) (G1 Evacuation Pause)
[2025-08-01T01:07:29.823+0000] GC(548) Using 8 workers of 8 for evacuation
[2025-08-01T01:07:29.899+0000] GC(548)   Pre Evacuate Collection Set: 0.3ms
[2025-08-01T01:07:29.899+0000] GC(548)   Merge Heap Roots: 0.2ms
[2025-08-01T01:07:29.899+0000] GC(548)   Evacuate Collection Set: 74.2ms
[2025-08-01T01:07:29.899+0000] GC(548)   Post Evacuate Collection Set: 0.9ms
[2025-08-01T01:07:29.899+0000] GC(548)   Other: 0.4ms
[2025-08-01T01:07:29.899+0000] GC(548) Eden regions: 317->0(272)
[2025-08-01T01:07:29.899+0000] GC(548) Survivor regions: 59->47(47)
[2025-08-01T01:07:29.899+0000] GC(548) Old regions: 765->934
[2025-08-01T01:07:29.899+0000] GC(548) Archive regions: 2->2
[2025-08-01T01:07:29.899+0000] GC(548) Humongous regions: 0->0
[2025-08-01T01:07:29.899+0000] GC(548) Metaspace: 10061K(10304K)->10061K(10304K) NonClass: 8835K(8960K)->8835K(8960K) Class: 1225K(1344K)->1225K(1344K)
[2025-08-01T01:07:29.899+0000] GC(548) Pause Young (Concurrent Start) (G1 Evacuation Pause) 2272M->1953M(4096M) 76.071ms
[2025-08-01T01:07:29.899+0000] GC(548) User=0.58s Sys=0.01s Real=0.08s
[2025-08-01T01:07:29.899+0000] GC(549) Concurrent Mark Cycle
[2025-08-01T01:07:29.899+0000] GC(549) Concurrent Clear Claimed Marks
[2025-08-01T01:07:29.899+0000] GC(549) Concurrent Clear Claimed Marks 0.063ms
[2025-08-01T01:07:29.899+0000] GC(549) Concurrent Scan Root Regions
[2025-08-01T01:07:29.949+0000] GC(549) Concurrent Scan Root Regions 49.520ms
[2025-08-01T01:07:29.949+0000] GC(549) Concurrent Mark
[2025-08-01T01:07:29.949+0000] GC(549) Concurrent Mark From Roots
[2025-08-01T01:07:29.949+0000] GC(549) Using 2 workers of 2 for marking
[2025-08-01T01:07:29.965+0000] GC(549) Concurrent Mark From Roots 15.886ms
[2025-08-01T01:07:29.965+0000] GC(549) Concurrent Preclean
[2025-08-01T01:07:29.965+0000] GC(549) Concurrent Preclean 0.355ms
[2025-08-01T01:07:29.965+0000] GC(549) Pause Remark
[2025-08-01T01:07:29.968+0000] GC(549) Pause Remark 2156M->708M(4096M) 2.819ms
[2025-08-01T01:07:29.968+0000] GC(549) User=0.01s Sys=0.00s Real=0.00s
[2025-08-01T01:07:29.968+0000] GC(549) Concurrent Mark 19.487ms
[2025-08-01T01:07:29.968+0000] GC(549) Concurrent Rebuild Remembered Sets
[2025-08-01T01:07:30.014+0000] GC(550) Pause Young (Normal) (G1 Evacuation Pause)
[2025-08-01T01:07:30.014+0000] GC(550) Using 8 workers of 8 for evacuation
[2025-08-01T01:07:30.126+0000] GC(550)   Pre Evacuate Collection Set: 0.5ms
[2025-08-01T01:07:30.126+0000] GC(550)   Merge Heap Roots: 0.3ms
[2025-08-01T01:07:30.126+0000] GC(550)   Evacuate Collection Set: 110.5ms
[2025-08-01T01:07:30.126+0000] GC(550)   Post Evacuate Collection Set: 0.9ms
[2025-08-01T01:07:30.126+0000] GC(550)   Other: 0.2ms
[2025-08-01T01:07:30.127+0000] GC(550) Eden regions: 272->0(422)
[2025-08-01T01:07:30.127+0000] GC(550) Survivor regions: 47->40(40)
[2025-08-01T01:07:30.127+0000] GC(550) Old regions: 205->485
[2025-08-01T01:07:30.127+0000] GC(550) Archive regions: 2->2
[2025-08-01T01:07:30.127+0000] GC(550) Humongous regions: 0->0
[2025-08-01T01:07:30.127+0000] GC(550) Metaspace: 10061K(10304K)->10061K(10304K) NonClass: 8835K(8960K)->8835K(8960K) Class: 1225K(1344K)->1225K(1344K)
[2025-08-01T01:07:30.127+0000] GC(550) Pause Young (Normal) (G1 Evacuation Pause) 1049M->1050M(4096M) 112.538ms
[2025-08-01T01:07:30.127+0000] GC(550) User=0.85s Sys=0.02s Real=0.11s
[2025-08-01T01:07:30.153+0000] GC(549) Concurrent Rebuild Remembered Sets 184.955ms
[2025-08-01T01:07:30.153+0000] GC(549) Pause Cleanup
[2025-08-01T01:07:30.154+0000] GC(549) Pause Cleanup 1253M->1253M(4096M) 0.444ms
[2025-08-01T01:07:30.154+0000] GC(549) User=0.00s Sys=0.00s Real=0.00s
[2025-08-01T01:07:30.154+0000] GC(549) Concurrent Cleanup for Next Mark
[2025-08-01T01:07:30.161+0000] GC(549) Concurrent Cleanup for Next Mark 7.271ms
[2025-08-01T01:07:30.161+0000] GC(549) Concurrent Mark Cycle 262.189ms
[2025-08-01T01:07:30.293+0000] GC(551) Pause Young (Prepare Mixed) (G1 Evacuation Pause)
[2025-08-01T01:07:30.293+0000] GC(551) Using 8 workers of 8 for evacuation
[2025-08-01T01:07:30.353+0000] GC(551)   Pre Evacuate Collection Set: 0.9ms
[2025-08-01T01:07:30.353+0000] GC(551)   Merge Heap Roots: 0.3ms
[2025-08-01T01:07:30.353+0000] GC(551)   Evacuate Collection Set: 57.5ms
[2025-08-01T01:07:30.353+0000] GC(551)   Post Evacuate Collection Set: 1.1ms
[2025-08-01T01:07:30.353+0000] GC(551)   Other: 0.2ms
[2025-08-01T01:07:30.353+0000] GC(551) Eden regions: 422->0(44)
[2025-08-01T01:07:30.353+0000] GC(551) Survivor regions: 40->58(58)
[2025-08-01T01:07:30.353+0000] GC(551) Old regions: 485->574
[2025-08-01T01:07:30.353+0000] GC(551) Archive regions: 2->2
[2025-08-01T01:07:30.353+0000] GC(551) Humongous regions: 0->0
[2025-08-01T01:07:30.353+0000] GC(551) Metaspace: 10061K(10304K)->10061K(10304K) NonClass: 8835K(8960K)->8835K(8960K) Class: 1225K(1344K)->1225K(1344K)
[2025-08-01T01:07:30.353+0000] GC(551) Pause Young (Prepare Mixed) (G1 Evacuation Pause) 1894M->1264M(4096M) 60.196ms
[2025-08-01T01:07:30.353+0000] GC(551) User=0.41s Sys=0.03s Real=0.06s
[2025-08-01T01:07:30.361+0000] GC(552) Pause Young (Mixed) (G1 Evacuation Pause)
[2025-08-01T01:07:30.361+0000] GC(552) Using 8 workers of 8 for evacuation
[2025-08-01T01:07:30.402+0000] GC(552)   Pre Evacuate Collection Set: 0.5ms
[2025-08-01T01:07:30.402+0000] GC(552)   Merge Heap Roots: 0.3ms
[2025-08-01T01:07:30.402+0000] GC(552)   Evacuate Collection Set: 39.4ms
[2025-08-01T01:07:30.402+0000] GC(552)   Post Evacuate Collection Set: 0.6ms
[2025-08-01T01:07:30.402+0000] GC(552)   Other: 0.2ms
[2025-08-01T01:07:30.402+0000] GC(552) Eden regions: 44->0(398)
[2025-08-01T01:07:30.402+0000] GC(552) Survivor regions: 58->13(13)
[2025-08-01T01:07:30.402+0000] GC(552) Old regions: 574->662
[2025-08-01T01:07:30.402+0000] GC(552) Archive regions: 2->2
[2025-08-01T01:07:30.402+0000] GC(552) Humongous regions: 0->0
[2025-08-01T01:07:30.402+0000] GC(552) Metaspace: 10061K(10304K)->10061K(10304K) NonClass: 8835K(8960K)->8835K(8960K) Class: 1225K(1344K)->1225K(1344K)
[2025-08-01T01:07:30.402+0000] GC(552) Pause Young (Mixed) (G1 Evacuation Pause) 1352M->1350M(4096M) 41.063ms
[2025-08-01T01:07:30.402+0000] GC(552) User=0.29s Sys=0.01s Real=0.04s
[2025-08-01T01:07:30.569+0000] GC(553) Pause Young (Concurrent Start) (G1 Evacuation Pause)
[2025-08-01T01:07:30.569+0000] GC(553) Using 8 workers of 8 for evacuation
[2025-08-01T01:07:30.685+0000] GC(553)   Pre Evacuate Collection Set: 0.4ms
[2025-08-01T01:07:30.685+0000] GC(553)   Merge Heap Roots: 0.2ms
[2025-08-01T01:07:30.685+0000] GC(553)   Evacuate Collection Set: 114.5ms
[2025-08-01T01:07:30.685+0000] GC(553)   Post Evacuate Collection Set: 1.1ms
[2025-08-01T01:07:30.685+0000] GC(553)   Other: 0.2ms
[2025-08-01T01:07:30.685+0000] GC(553) Eden regions: 398->0(254)
[2025-08-01T01:07:30.685+0000] GC(553) Survivor regions: 13->52(52)
[2025-08-01T01:07:30.685+0000] GC(553) Old regions: 662->986
[2025-08-01T01:07:30.685+0000] GC(553) Archive regions: 2->2
[2025-08-01T01:07:30.685+0000] GC(553) Humongous regions: 0->0
[2025-08-01T01:07:30.685+0000] GC(553) Metaspace: 10061K(10304K)->10061K(10304K) NonClass: 8835K(8960K)->8835K(8960K) Class: 1225K(1344K)->1225K(1344K)
[2025-08-01T01:07:30.685+0000] GC(553) Pause Young (Concurrent Start) (G1 Evacuation Pause) 2146M->2076M(4096M) 116.558ms
[2025-08-01T01:07:30.685+0000] GC(553) User=0.91s Sys=0.01s Real=0.12s
[2025-08-01T01:07:30.685+0000] GC(554) Concurrent Mark Cycle
[2025-08-01T01:07:30.685+0000] GC(554) Concurrent Clear Claimed Marks
[2025-08-01T01:07:30.685+0000] GC(554) Concurrent Clear Claimed Marks 0.018ms
[2025-08-01T01:07:30.685+0000] GC(554) Concurrent Scan Root Regions
[2025-08-01T01:07:30.753+0000] GC(554) Concurrent Scan Root Regions 67.878ms
[2025-08-01T01:07:30.753+0000] GC(554) Concurrent Mark
[2025-08-01T01:07:30.753+0000] GC(554) Concurrent Mark From Roots
[2025-08-01T01:07:30.753+0000] GC(554) Using 2 workers of 2 for marking
[2025-08-01T01:07:30.793+0000] GC(554) Concurrent Mark From Roots 39.508ms
[2025-08-01T01:07:30.793+0000] GC(554) Concurrent Preclean
[2025-08-01T01:07:30.793+0000] GC(554) Concurrent Preclean 0.340ms
[2025-08-01T01:07:30.793+0000] GC(554) Pause Remark
[2025-08-01T01:07:30.796+0000] GC(554) Pause Remark 2540M->1530M(4096M) 2.739ms
[2025-08-01T01:07:30.796+0000] GC(554) User=0.01s Sys=0.00s Real=0.00s
[2025-08-01T01:07:30.796+0000] GC(554) Concurrent Mark 43.048ms
[2025-08-01T01:07:30.796+0000] GC(554) Concurrent Rebuild Remembered Sets
[2025-08-01T01:07:30.825+0000] GC(555) Pause Young (Normal) (G1 Evacuation Pause)
[2025-08-01T01:07:30.825+0000] GC(555) Using 8 workers of 8 for evacuation
[2025-08-01T01:07:30.919+0000] GC(555)   Pre Evacuate Collection Set: 0.3ms
[2025-08-01T01:07:30.919+0000] GC(555)   Merge Heap Roots: 0.5ms
[2025-08-01T01:07:30.919+0000] GC(555)   Evacuate Collection Set: 91.7ms
[2025-08-01T01:07:30.919+0000] GC(555)   Post Evacuate Collection Set: 1.0ms
[2025-08-01T01:07:30.919+0000] GC(555)   Other: 0.3ms
[2025-08-01T01:07:30.919+0000] GC(555) Eden regions: 254->0(335)
[2025-08-01T01:07:30.919+0000] GC(555) Survivor regions: 52->39(39)
[2025-08-01T01:07:30.919+0000] GC(555) Old regions: 481->749
[2025-08-01T01:07:30.919+0000] GC(555) Archive regions: 2->2
[2025-08-01T01:07:30.919+0000] GC(555) Humongous regions: 0->0
[2025-08-01T01:07:30.919+0000] GC(555) Metaspace: 10061K(10304K)->10061K(10304K) NonClass: 8835K(8960K)->8835K(8960K) Class: 1225K(1344K)->1225K(1344K)
[2025-08-01T01:07:30.919+0000] GC(555) Pause Young (Normal) (G1 Evacuation Pause) 1574M->1576M(4096M) 93.973ms
[2025-08-01T01:07:30.919+0000] GC(555) User=0.73s Sys=0.01s Real=0.09s
[2025-08-01T01:07:30.996+0000] GC(554) Concurrent Rebuild Remembered Sets 199.773ms
[2025-08-01T01:07:30.997+0000] GC(554) Pause Cleanup
[2025-08-01T01:07:30.997+0000] GC(554) Pause Cleanup 1913M->1913M(4096M) 0.766ms
[2025-08-01T01:07:30.997+0000] GC(554) User=0.00s Sys=0.00s Real=0.00s
[2025-08-01T01:07:30.998+0000] GC(554) Concurrent Cleanup for Next Mark
[2025-08-01T01:07:31.014+0000] GC(554) Concurrent Cleanup for Next Mark 16.565ms
[2025-08-01T01:07:31.014+0000] GC(554) Concurrent Mark Cycle 328.958ms
[2025-08-01T01:07:31.038+0000] GC(556) Pause Young (Prepare Mixed) (G1 Evacuation Pause)
[2025-08-01T01:07:31.038+0000] GC(556) Using 8 workers of 8 for evacuation
[2025-08-01T01:07:31.077+0000] GC(556)   Pre Evacuate Collection Set: 0.6ms
[2025-08-01T01:07:31.077+0000] GC(556)   Merge Heap Roots: 0.4ms
[2025-08-01T01:07:31.077+0000] GC(556)   Evacuate Collection Set: 36.4ms
[2025-08-01T01:07:31.077+0000] GC(556)   Post Evacuate Collection Set: 1.1ms
[2025-08-01T01:07:31.077+0000] GC(556)   Other: 0.2ms
[2025-08-01T01:07:31.077+0000] GC(556) Eden regions: 335->0(55)
[2025-08-01T01:07:31.077+0000] GC(556) Survivor regions: 39->47(47)
[2025-08-01T01:07:31.077+0000] GC(556) Old regions: 749->835
[2025-08-01T01:07:31.077+0000] GC(556) Archive regions: 2->2
[2025-08-01T01:07:31.077+0000] GC(556) Humongous regions: 0->0
[2025-08-01T01:07:31.077+0000] GC(556) Metaspace: 10061K(10304K)->10061K(10304K) NonClass: 8835K(8960K)->8835K(8960K) Class: 1225K(1344K)->1225K(1344K)
[2025-08-01T01:07:31.077+0000] GC(556) Pause Young (Prepare Mixed) (G1 Evacuation Pause) 2246M->1765M(4096M) 39.008ms
[2025-08-01T01:07:31.077+0000] GC(556) User=0.30s Sys=0.00s Real=0.04s
[2025-08-01T01:07:31.096+0000] GC(557) Pause Young (Mixed) (G1 Evacuation Pause)
[2025-08-01T01:07:31.096+0000] GC(557) Using 8 workers of 8 for evacuation
[2025-08-01T01:07:31.126+0000] GC(557)   Pre Evacuate Collection Set: 0.7ms
[2025-08-01T01:07:31.126+0000] GC(557)   Merge Heap Roots: 0.1ms
[2025-08-01T01:07:31.126+0000] GC(557)   Evacuate Collection Set: 27.4ms
[2025-08-01T01:07:31.126+0000] GC(557)   Post Evacuate Collection Set: 0.9ms
[2025-08-01T01:07:31.126+0000] GC(557)   Other: 0.3ms
[2025-08-01T01:07:31.126+0000] GC(557) Eden regions: 55->0(307)
[2025-08-01T01:07:31.126+0000] GC(557) Survivor regions: 47->13(13)
[2025-08-01T01:07:31.126+0000] GC(557) Old regions: 835->913
[2025-08-01T01:07:31.126+0000] GC(557) Archive regions: 2->2
[2025-08-01T01:07:31.126+0000] GC(557) Humongous regions: 0->0
[2025-08-01T01:07:31.126+0000] GC(557) Metaspace: 10061K(10304K)->10061K(10304K) NonClass: 8835K(8960K)->8835K(8960K) Class: 1225K(1344K)->1225K(1344K)
[2025-08-01T01:07:31.126+0000] GC(557) Pause Young (Mixed) (G1 Evacuation Pause) 1875M->1852M(4096M) 29.637ms
[2025-08-01T01:07:31.126+0000] GC(557) User=0.22s Sys=0.00s Real=0.03s
[2025-08-01T01:07:31.233+0000] GC(558) Pause Young (Concurrent Start) (G1 Evacuation Pause)
[2025-08-01T01:07:31.233+0000] GC(558) Using 8 workers of 8 for evacuation
[2025-08-01T01:07:31.375+0000] GC(558)   Pre Evacuate Collection Set: 2.2ms
[2025-08-01T01:07:31.376+0000] GC(558)   Merge Heap Roots: 0.5ms
[2025-08-01T01:07:31.376+0000] GC(558)   Evacuate Collection Set: 137.9ms
[2025-08-01T01:07:31.376+0000] GC(558)   Post Evacuate Collection Set: 1.2ms
[2025-08-01T01:07:31.376+0000] GC(558)   Other: 0.3ms
[2025-08-01T01:07:31.376+0000] GC(558) Eden regions: 307->0(191)
[2025-08-01T01:07:31.376+0000] GC(558) Survivor regions: 13->40(40)
[2025-08-01T01:07:31.376+0000] GC(558) Old regions: 913->1194
[2025-08-01T01:07:31.376+0000] GC(558) Archive regions: 2->2
[2025-08-01T01:07:31.376+0000] GC(558) Humongous regions: 0->0
[2025-08-01T01:07:31.376+0000] GC(558) Metaspace: 10061K(10304K)->10061K(10304K) NonClass: 8835K(8960K)->8835K(8960K) Class: 1225K(1344K)->1225K(1344K)
[2025-08-01T01:07:31.376+0000] GC(558) Pause Young (Concurrent Start) (G1 Evacuation Pause) 2466M->2468M(4096M) 142.228ms
[2025-08-01T01:07:31.376+0000] GC(558) User=0.97s Sys=0.05s Real=0.14s
[2025-08-01T01:07:31.376+0000] GC(559) Concurrent Mark Cycle
[2025-08-01T01:07:31.376+0000] GC(559) Concurrent Clear Claimed Marks
[2025-08-01T01:07:31.376+0000] GC(559) Concurrent Clear Claimed Marks 0.026ms
[2025-08-01T01:07:31.376+0000] GC(559) Concurrent Scan Root Regions
[2025-08-01T01:07:31.437+0000] GC(559) Concurrent Scan Root Regions 61.072ms
[2025-08-01T01:07:31.437+0000] GC(559) Concurrent Mark
[2025-08-01T01:07:31.437+0000] GC(559) Concurrent Mark From Roots
[2025-08-01T01:07:31.437+0000] GC(559) Using 2 workers of 2 for marking
[2025-08-01T01:07:31.453+0000] GC(560) Pause Young (Normal) (G1 Evacuation Pause)
[2025-08-01T01:07:31.453+0000] GC(560) Using 8 workers of 8 for evacuation
[2025-08-01T01:07:31.530+0000] GC(560)   Pre Evacuate Collection Set: 0.4ms
[2025-08-01T01:07:31.530+0000] GC(560)   Merge Heap Roots: 0.2ms
[2025-08-01T01:07:31.530+0000] GC(560)   Evacuate Collection Set: 75.5ms
[2025-08-01T01:07:31.530+0000] GC(560)   Post Evacuate Collection Set: 0.9ms
[2025-08-01T01:07:31.530+0000] GC(560)   Other: 0.2ms
[2025-08-01T01:07:31.531+0000] GC(560) Eden regions: 191->0(129)
[2025-08-01T01:07:31.531+0000] GC(560) Survivor regions: 40->29(29)
[2025-08-01T01:07:31.531+0000] GC(560) Old regions: 1194->1397
[2025-08-01T01:07:31.531+0000] GC(560) Archive regions: 2->2
[2025-08-01T01:07:31.531+0000] GC(560) Humongous regions: 0->0
[2025-08-01T01:07:31.531+0000] GC(560) Metaspace: 10061K(10304K)->10061K(10304K) NonClass: 8835K(8960K)->8835K(8960K) Class: 1225K(1344K)->1225K(1344K)
[2025-08-01T01:07:31.531+0000] GC(560) Pause Young (Normal) (G1 Evacuation Pause) 2850M->2852M(4096M) 77.330ms
[2025-08-01T01:07:31.531+0000] GC(560) User=0.57s Sys=0.01s Real=0.07s
[2025-08-01T01:07:31.555+0000] GC(561) Pause Young (Normal) (G1 Evacuation Pause)
[2025-08-01T01:07:31.555+0000] GC(561) Using 8 workers of 8 for evacuation
[2025-08-01T01:07:31.605+0000] GC(561)   Pre Evacuate Collection Set: 0.6ms
[2025-08-01T01:07:31.606+0000] GC(561)   Merge Heap Roots: 0.3ms
[2025-08-01T01:07:31.606+0000] GC(561)   Evacuate Collection Set: 48.5ms
[2025-08-01T01:07:31.606+0000] GC(561)   Post Evacuate Collection Set: 0.9ms
[2025-08-01T01:07:31.606+0000] GC(561)   Other: 0.3ms
[2025-08-01T01:07:31.606+0000] GC(561) Eden regions: 129->0(88)
[2025-08-01T01:07:31.606+0000] GC(561) Survivor regions: 29->20(20)
[2025-08-01T01:07:31.606+0000] GC(561) Old regions: 1397->1537
[2025-08-01T01:07:31.606+0000] GC(561) Archive regions: 2->2
[2025-08-01T01:07:31.606+0000] GC(561) Humongous regions: 0->0
[2025-08-01T01:07:31.606+0000] GC(561) Metaspace: 10061K(10304K)->10061K(10304K) NonClass: 8835K(8960K)->8835K(8960K) Class: 1225K(1344K)->1225K(1344K)
[2025-08-01T01:07:31.606+0000] GC(561) Pause Young (Normal) (G1 Evacuation Pause) 3110M->3114M(4096M) 50.771ms
[2025-08-01T01:07:31.606+0000] GC(561) User=0.38s Sys=0.00s Real=0.05s
[2025-08-01T01:07:31.638+0000] GC(559) Concurrent Mark From Roots 200.993ms
[2025-08-01T01:07:31.638+0000] GC(559) Concurrent Preclean
[2025-08-01T01:07:31.639+0000] GC(559) Concurrent Preclean 0.325ms
[2025-08-01T01:07:31.639+0000] GC(559) Pause Remark
[2025-08-01T01:07:31.642+0000] GC(559) Pause Remark 3209M->1799M(4096M) 3.302ms
[2025-08-01T01:07:31.642+0000] GC(559) User=0.01s Sys=0.00s Real=0.00s
[2025-08-01T01:07:31.642+0000] GC(559) Concurrent Mark 205.099ms
[2025-08-01T01:07:31.642+0000] GC(559) Concurrent Rebuild Remembered Sets
[2025-08-01T01:07:31.672+0000] GC(562) Pause Young (Normal) (G1 Evacuation Pause)
[2025-08-01T01:07:31.672+0000] GC(562) Using 8 workers of 8 for evacuation
[2025-08-01T01:07:31.692+0000] GC(562)   Pre Evacuate Collection Set: 0.9ms
[2025-08-01T01:07:31.692+0000] GC(562)   Merge Heap Roots: 0.2ms
[2025-08-01T01:07:31.692+0000] GC(562)   Evacuate Collection Set: 17.8ms
[2025-08-01T01:07:31.692+0000] GC(562)   Post Evacuate Collection Set: 0.8ms
[2025-08-01T01:07:31.692+0000] GC(562)   Other: 0.2ms
[2025-08-01T01:07:31.692+0000] GC(562) Eden regions: 88->0(309)
[2025-08-01T01:07:31.692+0000] GC(562) Survivor regions: 20->14(14)
[2025-08-01T01:07:31.692+0000] GC(562) Old regions: 832->868
[2025-08-01T01:07:31.692+0000] GC(562) Archive regions: 2->2
[2025-08-01T01:07:31.692+0000] GC(562) Humongous regions: 0->0
[2025-08-01T01:07:31.692+0000] GC(562) Metaspace: 10061K(10304K)->10061K(10304K) NonClass: 8835K(8960K)->8835K(8960K) Class: 1225K(1344K)->1225K(1344K)
[2025-08-01T01:07:31.692+0000] GC(562) Pause Young (Normal) (G1 Evacuation Pause) 1880M->1764M(4096M) 20.043ms
[2025-08-01T01:07:31.692+0000] GC(562) User=0.11s Sys=0.00s Real=0.02s
[2025-08-01T01:07:31.796+0000] GC(563) Pause Young (Normal) (G1 Evacuation Pause)
[2025-08-01T01:07:31.796+0000] GC(563) Using 8 workers of 8 for evacuation
[2025-08-01T01:07:31.889+0000] GC(563)   Pre Evacuate Collection Set: 0.5ms
[2025-08-01T01:07:31.889+0000] GC(563)   Merge Heap Roots: 0.6ms
[2025-08-01T01:07:31.889+0000] GC(563)   Evacuate Collection Set: 91.0ms
[2025-08-01T01:07:31.889+0000] GC(563)   Post Evacuate Collection Set: 0.9ms
[2025-08-01T01:07:31.889+0000] GC(563)   Other: 0.2ms
[2025-08-01T01:07:31.889+0000] GC(563) Eden regions: 309->0(213)
[2025-08-01T01:07:31.889+0000] GC(563) Survivor regions: 14->41(41)
[2025-08-01T01:07:31.889+0000] GC(563) Old regions: 868->1119
[2025-08-01T01:07:31.889+0000] GC(563) Archive regions: 2->2
[2025-08-01T01:07:31.889+0000] GC(563) Humongous regions: 0->0
[2025-08-01T01:07:31.889+0000] GC(563) Metaspace: 10061K(10304K)->10061K(10304K) NonClass: 8835K(8960K)->8835K(8960K) Class: 1225K(1344K)->1225K(1344K)
[2025-08-01T01:07:31.889+0000] GC(563) Pause Young (Normal) (G1 Evacuation Pause) 2382M->2321M(4096M) 93.259ms
[2025-08-01T01:07:31.889+0000] GC(563) User=0.67s Sys=0.02s Real=0.09s
[2025-08-01T01:07:31.971+0000] GC(564) Pause Young (Normal) (G1 Evacuation Pause)
[2025-08-01T01:07:31.971+0000] GC(564) Using 8 workers of 8 for evacuation
[2025-08-01T01:07:32.049+0000] GC(564)   Pre Evacuate Collection Set: 0.3ms
[2025-08-01T01:07:32.049+0000] GC(564)   Merge Heap Roots: 0.2ms
[2025-08-01T01:07:32.049+0000] GC(564)   Evacuate Collection Set: 76.3ms
[2025-08-01T01:07:32.049+0000] GC(564)   Post Evacuate Collection Set: 1.1ms
[2025-08-01T01:07:32.049+0000] GC(564)   Other: 0.3ms
[2025-08-01T01:07:32.049+0000] GC(564) Eden regions: 213->0(144)
[2025-08-01T01:07:32.049+0000] GC(564) Survivor regions: 41->32(32)
[2025-08-01T01:07:32.049+0000] GC(564) Old regions: 1119->1343
[2025-08-01T01:07:32.049+0000] GC(564) Archive regions: 2->2
[2025-08-01T01:07:32.049+0000] GC(564) Humongous regions: 0->0
[2025-08-01T01:07:32.049+0000] GC(564) Metaspace: 10061K(10304K)->10061K(10304K) NonClass: 8835K(8960K)->8835K(8960K) Class: 1225K(1344K)->1225K(1344K)
[2025-08-01T01:07:32.049+0000] GC(564) Pause Young (Normal) (G1 Evacuation Pause) 2747M->2750M(4096M) 78.414ms
[2025-08-01T01:07:32.049+0000] GC(564) User=0.60s Sys=0.00s Real=0.08s
[2025-08-01T01:07:32.056+0000] GC(559) Concurrent Rebuild Remembered Sets 413.911ms
[2025-08-01T01:07:32.057+0000] GC(559) Pause Cleanup
[2025-08-01T01:07:32.058+0000] GC(559) Pause Cleanup 2819M->2819M(4096M) 0.798ms
[2025-08-01T01:07:32.058+0000] GC(559) User=0.00s Sys=0.00s Real=0.00s
[2025-08-01T01:07:32.058+0000] GC(559) Concurrent Cleanup for Next Mark
[2025-08-01T01:07:32.072+0000] GC(559) Concurrent Cleanup for Next Mark 13.708ms
[2025-08-01T01:07:32.072+0000] GC(559) Concurrent Mark Cycle 695.891ms
[2025-08-01T01:07:32.115+0000] GC(565) Pause Young (Prepare Mixed) (G1 Evacuation Pause)
[2025-08-01T01:07:32.115+0000] GC(565) Using 8 workers of 8 for evacuation
[2025-08-01T01:07:32.174+0000] GC(565)   Pre Evacuate Collection Set: 0.7ms
[2025-08-01T01:07:32.174+0000] GC(565)   Merge Heap Roots: 0.6ms
[2025-08-01T01:07:32.174+0000] GC(565)   Evacuate Collection Set: 56.8ms
[2025-08-01T01:07:32.174+0000] GC(565)   Post Evacuate Collection Set: 0.9ms
[2025-08-01T01:07:32.174+0000] GC(565)   Other: 0.2ms
[2025-08-01T01:07:32.174+0000] GC(565) Eden regions: 144->0(80)
[2025-08-01T01:07:32.174+0000] GC(565) Survivor regions: 32->22(22)
[2025-08-01T01:07:32.174+0000] GC(565) Old regions: 1343->1498
[2025-08-01T01:07:32.174+0000] GC(565) Archive regions: 2->2
[2025-08-01T01:07:32.174+0000] GC(565) Humongous regions: 0->0
[2025-08-01T01:07:32.174+0000] GC(565) Metaspace: 10061K(10304K)->10061K(10304K) NonClass: 8835K(8960K)->8835K(8960K) Class: 1225K(1344K)->1225K(1344K)
[2025-08-01T01:07:32.174+0000] GC(565) Pause Young (Prepare Mixed) (G1 Evacuation Pause) 3038M->3041M(4096M) 59.381ms
[2025-08-01T01:07:32.174+0000] GC(565) User=0.43s Sys=0.00s Real=0.06s
[2025-08-01T01:07:32.189+0000] GC(566) Pause Young (Mixed) (G1 Evacuation Pause)
[2025-08-01T01:07:32.189+0000] GC(566) Using 8 workers of 8 for evacuation
[2025-08-01T01:07:32.226+0000] GC(566)   Pre Evacuate Collection Set: 1.0ms
[2025-08-01T01:07:32.226+0000] GC(566)   Merge Heap Roots: 0.2ms
[2025-08-01T01:07:32.226+0000] GC(566)   Evacuate Collection Set: 34.4ms
[2025-08-01T01:07:32.226+0000] GC(566)   Post Evacuate Collection Set: 0.7ms
[2025-08-01T01:07:32.226+0000] GC(566)   Other: 0.2ms
[2025-08-01T01:07:32.226+0000] GC(566) Eden regions: 80->0(89)
[2025-08-01T01:07:32.226+0000] GC(566) Survivor regions: 22->13(13)
[2025-08-01T01:07:32.226+0000] GC(566) Old regions: 1498->1585
[2025-08-01T01:07:32.226+0000] GC(566) Archive regions: 2->2
[2025-08-01T01:07:32.226+0000] GC(566) Humongous regions: 0->0
[2025-08-01T01:07:32.226+0000] GC(566) Metaspace: 10061K(10304K)->10061K(10304K) NonClass: 8835K(8960K)->8835K(8960K) Class: 1225K(1344K)->1225K(1344K)
[2025-08-01T01:07:32.226+0000] GC(566) Pause Young (Mixed) (G1 Evacuation Pause) 3201M->3196M(4096M) 36.728ms
[2025-08-01T01:07:32.226+0000] GC(566) User=0.26s Sys=0.00s Real=0.04s
[2025-08-01T01:07:32.247+0000] GC(567) Pause Young (Concurrent Start) (G1 Evacuation Pause)
[2025-08-01T01:07:32.247+0000] GC(567) Using 8 workers of 8 for evacuation
[2025-08-01T01:07:32.267+0000] GC(567)   Pre Evacuate Collection Set: 0.6ms
[2025-08-01T01:07:32.267+0000] GC(567)   Merge Heap Roots: 0.3ms
[2025-08-01T01:07:32.267+0000] GC(567)   Evacuate Collection Set: 17.9ms
[2025-08-01T01:07:32.267+0000] GC(567)   Post Evacuate Collection Set: 0.9ms
[2025-08-01T01:07:32.267+0000] GC(567)   Other: 0.4ms
[2025-08-01T01:07:32.267+0000] GC(567) Eden regions: 89->0(89)
[2025-08-01T01:07:32.267+0000] GC(567) Survivor regions: 13->13(13)
[2025-08-01T01:07:32.267+0000] GC(567) Old regions: 1585->1628
[2025-08-01T01:07:32.267+0000] GC(567) Archive regions: 2->2
[2025-08-01T01:07:32.267+0000] GC(567) Humongous regions: 0->0
[2025-08-01T01:07:32.267+0000] GC(567) Metaspace: 10061K(10304K)->10061K(10304K) NonClass: 8835K(8960K)->8835K(8960K) Class: 1225K(1344K)->1225K(1344K)
[2025-08-01T01:07:32.267+0000] GC(567) Pause Young (Concurrent Start) (G1 Evacuation Pause) 3374M->3282M(4096M) 20.391ms
[2025-08-01T01:07:32.267+0000] GC(567) User=0.13s Sys=0.00s Real=0.02s
[2025-08-01T01:07:32.267+0000] GC(568) Concurrent Mark Cycle
[2025-08-01T01:07:32.267+0000] GC(568) Concurrent Clear Claimed Marks
[2025-08-01T01:07:32.267+0000] GC(568) Concurrent Clear Claimed Marks 0.023ms
[2025-08-01T01:07:32.267+0000] GC(568) Concurrent Scan Root Regions
[2025-08-01T01:07:32.276+0000] GC(568) Concurrent Scan Root Regions 8.913ms
[2025-08-01T01:07:32.276+0000] GC(568) Concurrent Mark
[2025-08-01T01:07:32.276+0000] GC(568) Concurrent Mark From Roots
[2025-08-01T01:07:32.276+0000] GC(568) Using 2 workers of 2 for marking
[2025-08-01T01:07:32.305+0000] GC(569) Pause Young (Normal) (G1 Evacuation Pause)
[2025-08-01T01:07:32.305+0000] GC(569) Using 8 workers of 8 for evacuation
[2025-08-01T01:07:32.332+0000] GC(569)   Pre Evacuate Collection Set: 0.5ms
[2025-08-01T01:07:32.332+0000] GC(569)   Merge Heap Roots: 0.1ms
[2025-08-01T01:07:32.332+0000] GC(569)   Evacuate Collection Set: 25.7ms
[2025-08-01T01:07:32.332+0000] GC(569)   Post Evacuate Collection Set: 0.8ms
[2025-08-01T01:07:32.332+0000] GC(569)   Other: 0.3ms
[2025-08-01T01:07:32.332+0000] GC(569) Eden regions: 89->0(89)
[2025-08-01T01:07:32.332+0000] GC(569) Survivor regions: 13->13(13)
[2025-08-01T01:07:32.332+0000] GC(569) Old regions: 1628->1686
[2025-08-01T01:07:32.332+0000] GC(569) Archive regions: 2->2
[2025-08-01T01:07:32.332+0000] GC(569) Humongous regions: 0->0
[2025-08-01T01:07:32.332+0000] GC(569) Metaspace: 10061K(10304K)->10061K(10304K) NonClass: 8835K(8960K)->8835K(8960K) Class: 1225K(1344K)->1225K(1344K)
[2025-08-01T01:07:32.332+0000] GC(569) Pause Young (Normal) (G1 Evacuation Pause) 3460M->3398M(4096M) 27.516ms
[2025-08-01T01:07:32.332+0000] GC(569) User=0.20s Sys=0.01s Real=0.02s
[2025-08-01T01:07:32.350+0000] GC(570) Pause Young (Normal) (G1 Evacuation Pause)
[2025-08-01T01:07:32.350+0000] GC(570) Using 8 workers of 8 for evacuation
[2025-08-01T01:07:32.383+0000] GC(570)   Pre Evacuate Collection Set: 0.3ms
[2025-08-01T01:07:32.383+0000] GC(570)   Merge Heap Roots: 0.1ms
[2025-08-01T01:07:32.383+0000] GC(570)   Evacuate Collection Set: 31.1ms
[2025-08-01T01:07:32.383+0000] GC(570)   Post Evacuate Collection Set: 0.8ms
[2025-08-01T01:07:32.383+0000] GC(570)   Other: 0.3ms
[2025-08-01T01:07:32.383+0000] GC(570) Eden regions: 89->0(89)
[2025-08-01T01:07:32.383+0000] GC(570) Survivor regions: 13->13(13)
[2025-08-01T01:07:32.383+0000] GC(570) Old regions: 1686->1776
[2025-08-01T01:07:32.383+0000] GC(570) Archive regions: 2->2
[2025-08-01T01:07:32.383+0000] GC(570) Humongous regions: 0->0
[2025-08-01T01:07:32.383+0000] GC(570) Metaspace: 10061K(10304K)->10061K(10304K) NonClass: 8835K(8960K)->8835K(8960K) Class: 1225K(1344K)->1225K(1344K)
[2025-08-01T01:07:32.383+0000] GC(570) Pause Young (Normal) (G1 Evacuation Pause) 3576M->3578M(4096M) 32.760ms
[2025-08-01T01:07:32.383+0000] GC(570) User=0.24s Sys=0.00s Real=0.04s
[2025-08-01T01:07:32.448+0000] GC(571) Pause Young (Normal) (G1 Evacuation Pause)
[2025-08-01T01:07:32.448+0000] GC(571) Using 8 workers of 8 for evacuation
[2025-08-01T01:07:32.477+0000] GC(571)   Pre Evacuate Collection Set: 0.7ms
[2025-08-01T01:07:32.477+0000] GC(571)   Merge Heap Roots: 0.2ms
[2025-08-01T01:07:32.477+0000] GC(571)   Evacuate Collection Set: 26.8ms
[2025-08-01T01:07:32.477+0000] GC(571)   Post Evacuate Collection Set: 0.7ms
[2025-08-01T01:07:32.477+0000] GC(571)   Other: 0.2ms
[2025-08-01T01:07:32.477+0000] GC(571) Eden regions: 89->0(89)
[2025-08-01T01:07:32.477+0000] GC(571) Survivor regions: 13->13(13)
[2025-08-01T01:07:32.477+0000] GC(571) Old regions: 1776->1861
[2025-08-01T01:07:32.477+0000] GC(571) Archive regions: 2->2
[2025-08-01T01:07:32.477+0000] GC(571) Humongous regions: 0->0
[2025-08-01T01:07:32.477+0000] GC(571) Metaspace: 10061K(10304K)->10061K(10304K) NonClass: 8835K(8960K)->8835K(8960K) Class: 1225K(1344K)->1225K(1344K)
[2025-08-01T01:07:32.477+0000] GC(571) Pause Young (Normal) (G1 Evacuation Pause) 3756M->3748M(4096M) 28.774ms
[2025-08-01T01:07:32.477+0000] GC(571) User=0.21s Sys=0.00s Real=0.03s
[2025-08-01T01:07:32.491+0000] GC(572) Pause Young (Normal) (G1 Preventive Collection)
[2025-08-01T01:07:32.491+0000] GC(572) Using 8 workers of 8 for evacuation
[2025-08-01T01:07:32.520+0000] GC(572)   Pre Evacuate Collection Set: 0.5ms
[2025-08-01T01:07:32.520+0000] GC(572)   Merge Heap Roots: 0.2ms
[2025-08-01T01:07:32.520+0000] GC(572)   Evacuate Collection Set: 27.4ms
[2025-08-01T01:07:32.520+0000] GC(572)   Post Evacuate Collection Set: 0.7ms
[2025-08-01T01:07:32.520+0000] GC(572)   Other: 0.2ms
[2025-08-01T01:07:32.520+0000] GC(572) Eden regions: 76->0(89)
[2025-08-01T01:07:32.520+0000] GC(572) Survivor regions: 13->13(13)
[2025-08-01T01:07:32.520+0000] GC(572) Old regions: 1861->1939
[2025-08-01T01:07:32.520+0000] GC(572) Archive regions: 2->2
[2025-08-01T01:07:32.520+0000] GC(572) Humongous regions: 0->0
[2025-08-01T01:07:32.520+0000] GC(572) Metaspace: 10061K(10304K)->10061K(10304K) NonClass: 8835K(8960K)->8835K(8960K) Class: 1225K(1344K)->1225K(1344K)
[2025-08-01T01:07:32.520+0000] GC(572) Pause Young (Normal) (G1 Preventive Collection) 3900M->3904M(4096M) 29.029ms
[2025-08-01T01:07:32.520+0000] GC(572) User=0.21s Sys=0.01s Real=0.03s
[2025-08-01T01:07:32.528+0000] GC(568) Concurrent Mark From Roots 251.840ms
[2025-08-01T01:07:32.528+0000] GC(568) Concurrent Preclean
[2025-08-01T01:07:32.528+0000] GC(568) Concurrent Preclean 0.195ms
[2025-08-01T01:07:32.528+0000] GC(568) Pause Remark
[2025-08-01T01:07:32.531+0000] GC(568) Pause Remark 3978M->2002M(4096M) 2.312ms
[2025-08-01T01:07:32.531+0000] GC(568) User=0.01s Sys=0.01s Real=0.00s
[2025-08-01T01:07:32.531+0000] GC(568) Concurrent Mark 254.880ms
[2025-08-01T01:07:32.531+0000] GC(568) Concurrent Rebuild Remembered Sets
[2025-08-01T01:07:32.582+0000] GC(573) Pause Young (Normal) (G1 Evacuation Pause)
[2025-08-01T01:07:32.582+0000] GC(573) Using 8 workers of 8 for evacuation
[2025-08-01T01:07:32.612+0000] GC(573)   Pre Evacuate Collection Set: 0.3ms
[2025-08-01T01:07:32.612+0000] GC(573)   Merge Heap Roots: 0.1ms
[2025-08-01T01:07:32.612+0000] GC(573)   Evacuate Collection Set: 28.9ms
[2025-08-01T01:07:32.612+0000] GC(573)   Post Evacuate Collection Set: 0.7ms
[2025-08-01T01:07:32.612+0000] GC(573)   Other: 0.2ms
[2025-08-01T01:07:32.612+0000] GC(573) Eden regions: 89->0(254)
[2025-08-01T01:07:32.612+0000] GC(573) Survivor regions: 13->13(13)
[2025-08-01T01:07:32.612+0000] GC(573) Old regions: 951->1041
[2025-08-01T01:07:32.612+0000] GC(573) Archive regions: 2->2
[2025-08-01T01:07:32.612+0000] GC(573) Humongous regions: 0->0
[2025-08-01T01:07:32.612+0000] GC(573) Metaspace: 10061K(10304K)->10061K(10304K) NonClass: 8835K(8960K)->8835K(8960K) Class: 1225K(1344K)->1225K(1344K)
[2025-08-01T01:07:32.613+0000] GC(573) Pause Young (Normal) (G1 Evacuation Pause) 2106M->2109M(4096M) 30.373ms
[2025-08-01T01:07:32.613+0000] GC(573) User=0.23s Sys=0.00s Real=0.03s
[2025-08-01T01:07:32.706+0000] GC(574) Pause Young (Normal) (G1 Evacuation Pause)
[2025-08-01T01:07:32.706+0000] GC(574) Using 8 workers of 8 for evacuation
[2025-08-01T01:07:32.804+0000] GC(574)   Pre Evacuate Collection Set: 0.4ms
[2025-08-01T01:07:32.804+0000] GC(574)   Merge Heap Roots: 0.2ms
[2025-08-01T01:07:32.804+0000] GC(574)   Evacuate Collection Set: 96.3ms
[2025-08-01T01:07:32.804+0000] GC(574)   Post Evacuate Collection Set: 1.0ms
[2025-08-01T01:07:32.804+0000] GC(574)   Other: 0.2ms
[2025-08-01T01:07:32.804+0000] GC(574) Eden regions: 254->0(165)
[2025-08-01T01:07:32.804+0000] GC(574) Survivor regions: 13->34(34)
[2025-08-01T01:07:32.804+0000] GC(574) Old regions: 1041->1276
[2025-08-01T01:07:32.804+0000] GC(574) Archive regions: 2->2
[2025-08-01T01:07:32.804+0000] GC(574) Humongous regions: 0->0
[2025-08-01T01:07:32.804+0000] GC(574) Metaspace: 10061K(10304K)->10061K(10304K) NonClass: 8835K(8960K)->8835K(8960K) Class: 1225K(1344K)->1225K(1344K)
[2025-08-01T01:07:32.804+0000] GC(574) Pause Young (Normal) (G1 Evacuation Pause) 2617M->2621M(4096M) 98.229ms
[2025-08-01T01:07:32.804+0000] GC(574) User=0.72s Sys=0.02s Real=0.10s
[2025-08-01T01:07:32.841+0000] GC(568) Concurrent Rebuild Remembered Sets 310.035ms
[2025-08-01T01:07:32.841+0000] GC(568) Pause Cleanup
[2025-08-01T01:07:32.842+0000] GC(568) Pause Cleanup 2755M->2755M(4096M) 1.032ms
[2025-08-01T01:07:32.842+0000] GC(568) User=0.00s Sys=0.00s Real=0.00s
[2025-08-01T01:07:32.842+0000] GC(568) Concurrent Cleanup for Next Mark
[2025-08-01T01:07:32.851+0000] GC(568) Concurrent Cleanup for Next Mark 8.596ms
[2025-08-01T01:07:32.851+0000] GC(568) Concurrent Mark Cycle 583.997ms
[2025-08-01T01:07:32.882+0000] GC(575) Pause Young (Prepare Mixed) (G1 Evacuation Pause)
[2025-08-01T01:07:32.882+0000] GC(575) Using 8 workers of 8 for evacuation
[2025-08-01T01:07:32.964+0000] GC(575)   Pre Evacuate Collection Set: 0.4ms
[2025-08-01T01:07:32.965+0000] GC(575)   Merge Heap Roots: 0.1ms
[2025-08-01T01:07:32.965+0000] GC(575)   Evacuate Collection Set: 81.1ms
[2025-08-01T01:07:32.965+0000] GC(575)   Post Evacuate Collection Set: 0.9ms
[2025-08-01T01:07:32.965+0000] GC(575)   Other: 0.2ms
[2025-08-01T01:07:32.965+0000] GC(575) Eden regions: 165->0(77)
[2025-08-01T01:07:32.965+0000] GC(575) Survivor regions: 34->25(25)
[2025-08-01T01:07:32.965+0000] GC(575) Old regions: 1276->1452
[2025-08-01T01:07:32.965+0000] GC(575) Archive regions: 2->2
[2025-08-01T01:07:32.965+0000] GC(575) Humongous regions: 0->0
[2025-08-01T01:07:32.965+0000] GC(575) Metaspace: 10061K(10304K)->10061K(10304K) NonClass: 8835K(8960K)->8835K(8960K) Class: 1225K(1344K)->1225K(1344K)
[2025-08-01T01:07:32.965+0000] GC(575) Pause Young (Prepare Mixed) (G1 Evacuation Pause) 2951M->2954M(4096M) 82.924ms
[2025-08-01T01:07:32.965+0000] GC(575) User=0.61s Sys=0.02s Real=0.09s
[2025-08-01T01:07:32.979+0000] GC(576) Pause Young (Mixed) (G1 Evacuation Pause)
[2025-08-01T01:07:32.980+0000] GC(576) Using 8 workers of 8 for evacuation
[2025-08-01T01:07:33.000+0000] GC(576)   Pre Evacuate Collection Set: 0.7ms
[2025-08-01T01:07:33.000+0000] GC(576)   Merge Heap Roots: 0.2ms
[2025-08-01T01:07:33.000+0000] GC(576)   Evacuate Collection Set: 18.1ms
[2025-08-01T01:07:33.000+0000] GC(576)   Post Evacuate Collection Set: 1.2ms
[2025-08-01T01:07:33.000+0000] GC(576)   Other: 0.2ms
[2025-08-01T01:07:33.000+0000] GC(576) Eden regions: 77->0(89)
[2025-08-01T01:07:33.000+0000] GC(576) Survivor regions: 25->13(13)
[2025-08-01T01:07:33.000+0000] GC(576) Old regions: 1452->1291
[2025-08-01T01:07:33.000+0000] GC(576) Archive regions: 2->2
[2025-08-01T01:07:33.000+0000] GC(576) Humongous regions: 0->0
[2025-08-01T01:07:33.000+0000] GC(576) Metaspace: 10061K(10304K)->10061K(10304K) NonClass: 8835K(8960K)->8835K(8960K) Class: 1225K(1344K)->1225K(1344K)
[2025-08-01T01:07:33.000+0000] GC(576) Pause Young (Mixed) (G1 Evacuation Pause) 3108M->2609M(4096M) 20.650ms
[2025-08-01T01:07:33.000+0000] GC(576) User=0.15s Sys=0.01s Real=0.02s
[2025-08-01T01:07:33.041+0000] GC(577) Pause Young (Mixed) (G1 Evacuation Pause)
[2025-08-01T01:07:33.041+0000] GC(577) Using 8 workers of 8 for evacuation
[2025-08-01T01:07:33.071+0000] GC(577)   Pre Evacuate Collection Set: 0.5ms
[2025-08-01T01:07:33.072+0000] GC(577)   Merge Heap Roots: 0.1ms
[2025-08-01T01:07:33.072+0000] GC(577)   Evacuate Collection Set: 28.7ms
[2025-08-01T01:07:33.072+0000] GC(577)   Post Evacuate Collection Set: 1.1ms
[2025-08-01T01:07:33.072+0000] GC(577)   Other: 0.3ms
[2025-08-01T01:07:33.072+0000] GC(577) Eden regions: 89->0(158)
[2025-08-01T01:07:33.072+0000] GC(577) Survivor regions: 13->13(13)
[2025-08-01T01:07:33.072+0000] GC(577) Old regions: 1291->1323
[2025-08-01T01:07:33.072+0000] GC(577) Archive regions: 2->2
[2025-08-01T01:07:33.072+0000] GC(577) Humongous regions: 0->0
[2025-08-01T01:07:33.072+0000] GC(577) Metaspace: 10061K(10304K)->10061K(10304K) NonClass: 8835K(8960K)->8835K(8960K) Class: 1225K(1344K)->1225K(1344K)
[2025-08-01T01:07:33.072+0000] GC(577) Pause Young (Mixed) (G1 Evacuation Pause) 2787M->2673M(4096M) 30.946ms
[2025-08-01T01:07:33.072+0000] GC(577) User=0.21s Sys=0.00s Real=0.03s
[2025-08-01T01:07:33.144+0000] GC(578) Pause Young (Concurrent Start) (G1 Evacuation Pause)
[2025-08-01T01:07:33.144+0000] GC(578) Using 8 workers of 8 for evacuation
[2025-08-01T01:07:33.214+0000] GC(578)   Pre Evacuate Collection Set: 1.0ms
[2025-08-01T01:07:33.214+0000] GC(578)   Merge Heap Roots: 0.5ms
[2025-08-01T01:07:33.214+0000] GC(578)   Evacuate Collection Set: 67.7ms
[2025-08-01T01:07:33.214+0000] GC(578)   Post Evacuate Collection Set: 1.0ms
[2025-08-01T01:07:33.214+0000] GC(578)   Other: 0.4ms
[2025-08-01T01:07:33.214+0000] GC(578) Eden regions: 158->0(110)
[2025-08-01T01:07:33.214+0000] GC(578) Survivor regions: 13->22(22)
[2025-08-01T01:07:33.214+0000] GC(578) Old regions: 1323->1464
[2025-08-01T01:07:33.214+0000] GC(578) Archive regions: 2->2
[2025-08-01T01:07:33.214+0000] GC(578) Humongous regions: 0->0
[2025-08-01T01:07:33.214+0000] GC(578) Metaspace: 10061K(10304K)->10061K(10304K) NonClass: 8835K(8960K)->8835K(8960K) Class: 1225K(1344K)->1225K(1344K)
[2025-08-01T01:07:33.214+0000] GC(578) Pause Young (Concurrent Start) (G1 Evacuation Pause) 2989M->2972M(4096M) 70.815ms
[2025-08-01T01:07:33.214+0000] GC(578) User=0.48s Sys=0.03s Real=0.07s
[2025-08-01T01:07:33.215+0000] GC(579) Concurrent Mark Cycle
[2025-08-01T01:07:33.215+0000] GC(579) Concurrent Clear Claimed Marks
[2025-08-01T01:07:33.215+0000] GC(579) Concurrent Clear Claimed Marks 0.028ms
[2025-08-01T01:07:33.215+0000] GC(579) Concurrent Scan Root Regions
[2025-08-01T01:07:33.250+0000] GC(579) Concurrent Scan Root Regions 35.646ms
[2025-08-01T01:07:33.250+0000] GC(579) Concurrent Mark
[2025-08-01T01:07:33.250+0000] GC(580) Pause Young (Normal) (G1 Evacuation Pause)
[2025-08-01T01:07:33.250+0000] GC(580) Using 8 workers of 8 for evacuation
[2025-08-01T01:07:33.250+0000] GC(579) Concurrent Mark From Roots
[2025-08-01T01:07:33.250+0000] GC(579) Using 2 workers of 2 for marking
[2025-08-01T01:07:33.299+0000] GC(580)   Pre Evacuate Collection Set: 10.7ms
[2025-08-01T01:07:33.299+0000] GC(580)   Merge Heap Roots: 0.2ms
[2025-08-01T01:07:33.299+0000] GC(580)   Evacuate Collection Set: 45.8ms
[2025-08-01T01:07:33.299+0000] GC(580)   Post Evacuate Collection Set: 0.9ms
[2025-08-01T01:07:33.299+0000] GC(580)   Other: 0.2ms
[2025-08-01T01:07:33.299+0000] GC(580) Eden regions: 110->0(85)
[2025-08-01T01:07:33.299+0000] GC(580) Survivor regions: 22->17(17)
[2025-08-01T01:07:33.299+0000] GC(580) Old regions: 1464->1579
[2025-08-01T01:07:33.299+0000] GC(580) Archive regions: 2->2
[2025-08-01T01:07:33.299+0000] GC(580) Humongous regions: 0->0
[2025-08-01T01:07:33.299+0000] GC(580) Metaspace: 10061K(10304K)->10061K(10304K) NonClass: 8835K(8960K)->8835K(8960K) Class: 1225K(1344K)->1225K(1344K)
[2025-08-01T01:07:33.299+0000] GC(580) Pause Young (Normal) (G1 Evacuation Pause) 3192M->3193M(4096M) 48.372ms
[2025-08-01T01:07:33.299+0000] GC(580) User=0.34s Sys=0.02s Real=0.05s
[2025-08-01T01:07:33.317+0000] GC(581) Pause Young (Normal) (G1 Evacuation Pause)
[2025-08-01T01:07:33.317+0000] GC(581) Using 8 workers of 8 for evacuation
[2025-08-01T01:07:33.354+0000] GC(581)   Pre Evacuate Collection Set: 0.8ms
[2025-08-01T01:07:33.354+0000] GC(581)   Merge Heap Roots: 0.3ms
[2025-08-01T01:07:33.354+0000] GC(581)   Evacuate Collection Set: 34.1ms
[2025-08-01T01:07:33.354+0000] GC(581)   Post Evacuate Collection Set: 0.9ms
[2025-08-01T01:07:33.354+0000] GC(581)   Other: 0.2ms
[2025-08-01T01:07:33.354+0000] GC(581) Eden regions: 85->0(89)
[2025-08-01T01:07:33.354+0000] GC(581) Survivor regions: 17->13(13)
[2025-08-01T01:07:33.354+0000] GC(581) Old regions: 1579->1671
[2025-08-01T01:07:33.354+0000] GC(581) Archive regions: 2->2
[2025-08-01T01:07:33.354+0000] GC(581) Humongous regions: 0->0
[2025-08-01T01:07:33.354+0000] GC(581) Metaspace: 10061K(10304K)->10061K(10304K) NonClass: 8835K(8960K)->8835K(8960K) Class: 1225K(1344K)->1225K(1344K)
[2025-08-01T01:07:33.354+0000] GC(581) Pause Young (Normal) (G1 Evacuation Pause) 3363M->3368M(4096M) 36.424ms
[2025-08-01T01:07:33.354+0000] GC(581) User=0.27s Sys=0.01s Real=0.04s
[2025-08-01T01:07:33.374+0000] GC(579) Concurrent Mark From Roots 123.916ms
[2025-08-01T01:07:33.374+0000] GC(579) Concurrent Preclean
[2025-08-01T01:07:33.375+0000] GC(579) Concurrent Preclean 0.334ms
[2025-08-01T01:07:33.375+0000] GC(579) Pause Remark
[2025-08-01T01:07:33.379+0000] GC(579) Pause Remark 3539M->1073M(4096M) 3.872ms
[2025-08-01T01:07:33.379+0000] GC(579) User=0.01s Sys=0.00s Real=0.00s
[2025-08-01T01:07:33.379+0000] GC(579) Concurrent Mark 128.907ms
[2025-08-01T01:07:33.379+0000] GC(579) Concurrent Rebuild Remembered Sets
[2025-08-01T01:07:33.381+0000] GC(582) Pause Young (Normal) (G1 Evacuation Pause)
[2025-08-01T01:07:33.381+0000] GC(582) Using 8 workers of 8 for evacuation
[2025-08-01T01:07:33.413+0000] GC(582)   Pre Evacuate Collection Set: 0.6ms
[2025-08-01T01:07:33.413+0000] GC(582)   Merge Heap Roots: 0.2ms
[2025-08-01T01:07:33.413+0000] GC(582)   Evacuate Collection Set: 30.1ms
[2025-08-01T01:07:33.413+0000] GC(582)   Post Evacuate Collection Set: 1.2ms
[2025-08-01T01:07:33.413+0000] GC(582)   Other: 0.2ms
[2025-08-01T01:07:33.413+0000] GC(582) Eden regions: 89->0(408)
[2025-08-01T01:07:33.413+0000] GC(582) Survivor regions: 13->13(13)
[2025-08-01T01:07:33.413+0000] GC(582) Old regions: 438->528
[2025-08-01T01:07:33.414+0000] GC(582) Archive regions: 2->2
[2025-08-01T01:07:33.414+0000] GC(582) Humongous regions: 0->0
[2025-08-01T01:07:33.414+0000] GC(582) Metaspace: 10061K(10304K)->10061K(10304K) NonClass: 8835K(8960K)->8835K(8960K) Class: 1225K(1344K)->1225K(1344K)
[2025-08-01T01:07:33.414+0000] GC(582) Pause Young (Normal) (G1 Evacuation Pause) 1080M->1083M(4096M) 32.389ms
[2025-08-01T01:07:33.414+0000] GC(582) User=0.22s Sys=0.01s Real=0.04s
[2025-08-01T01:07:33.527+0000] GC(579) Concurrent Rebuild Remembered Sets 147.826ms
[2025-08-01T01:07:33.528+0000] GC(579) Pause Cleanup
[2025-08-01T01:07:33.528+0000] GC(579) Pause Cleanup 1721M->1721M(4096M) 0.905ms
[2025-08-01T01:07:33.528+0000] GC(579) User=0.01s Sys=0.00s Real=0.00s
[2025-08-01T01:07:33.529+0000] GC(579) Concurrent Cleanup for Next Mark
[2025-08-01T01:07:33.539+0000] GC(579) Concurrent Cleanup for Next Mark 9.715ms
[2025-08-01T01:07:33.539+0000] GC(579) Concurrent Mark Cycle 324.469ms
[2025-08-01T01:07:33.592+0000] GC(583) Pause Young (Prepare Mixed) (G1 Evacuation Pause)
[2025-08-01T01:07:33.592+0000] GC(583) Using 8 workers of 8 for evacuation
[2025-08-01T01:07:33.653+0000] GC(583)   Pre Evacuate Collection Set: 0.5ms
[2025-08-01T01:07:33.653+0000] GC(583)   Merge Heap Roots: 0.7ms
[2025-08-01T01:07:33.653+0000] GC(583)   Evacuate Collection Set: 58.2ms
[2025-08-01T01:07:33.653+0000] GC(583)   Post Evacuate Collection Set: 1.6ms
[2025-08-01T01:07:33.653+0000] GC(583)   Other: 0.2ms
[2025-08-01T01:07:33.653+0000] GC(583) Eden regions: 408->0(49)
[2025-08-01T01:07:33.653+0000] GC(583) Survivor regions: 13->53(53)
[2025-08-01T01:07:33.653+0000] GC(583) Old regions: 528->600
[2025-08-01T01:07:33.653+0000] GC(583) Archive regions: 2->2
[2025-08-01T01:07:33.653+0000] GC(583) Humongous regions: 0->0
[2025-08-01T01:07:33.653+0000] GC(583) Metaspace: 10061K(10304K)->10061K(10304K) NonClass: 8835K(8960K)->8835K(8960K) Class: 1225K(1344K)->1225K(1344K)
[2025-08-01T01:07:33.653+0000] GC(583) Pause Young (Prepare Mixed) (G1 Evacuation Pause) 1899M->1306M(4096M) 61.328ms
[2025-08-01T01:07:33.653+0000] GC(583) User=0.40s Sys=0.02s Real=0.07s
[2025-08-01T01:07:33.662+0000] GC(584) Pause Young (Mixed) (G1 Evacuation Pause)
[2025-08-01T01:07:33.662+0000] GC(584) Using 8 workers of 8 for evacuation
[2025-08-01T01:07:33.700+0000] GC(584)   Pre Evacuate Collection Set: 1.6ms
[2025-08-01T01:07:33.700+0000] GC(584)   Merge Heap Roots: 0.2ms
[2025-08-01T01:07:33.700+0000] GC(584)   Evacuate Collection Set: 35.2ms
[2025-08-01T01:07:33.700+0000] GC(584)   Post Evacuate Collection Set: 1.1ms
[2025-08-01T01:07:33.700+0000] GC(584)   Other: 0.2ms
[2025-08-01T01:07:33.701+0000] GC(584) Eden regions: 49->0(385)
[2025-08-01T01:07:33.701+0000] GC(584) Survivor regions: 53->13(13)
[2025-08-01T01:07:33.701+0000] GC(584) Old regions: 600->683
[2025-08-01T01:07:33.701+0000] GC(584) Archive regions: 2->2
[2025-08-01T01:07:33.701+0000] GC(584) Humongous regions: 0->0
[2025-08-01T01:07:33.701+0000] GC(584) Metaspace: 10061K(10304K)->10061K(10304K) NonClass: 8835K(8960K)->8835K(8960K) Class: 1225K(1344K)->1225K(1344K)
[2025-08-01T01:07:33.701+0000] GC(584) Pause Young (Mixed) (G1 Evacuation Pause) 1404M->1393M(4096M) 38.449ms
[2025-08-01T01:07:33.701+0000] GC(584) User=0.26s Sys=0.01s Real=0.04s
[2025-08-01T01:07:33.868+0000] GC(585) Pause Young (Concurrent Start) (G1 Evacuation Pause)
[2025-08-01T01:07:33.869+0000] GC(585) Using 8 workers of 8 for evacuation
[2025-08-01T01:07:33.989+0000] GC(585)   Pre Evacuate Collection Set: 0.9ms
[2025-08-01T01:07:33.989+0000] GC(585)   Merge Heap Roots: 0.5ms
[2025-08-01T01:07:33.989+0000] GC(585)   Evacuate Collection Set: 117.3ms
[2025-08-01T01:07:33.989+0000] GC(585)   Post Evacuate Collection Set: 1.1ms
[2025-08-01T01:07:33.989+0000] GC(585)   Other: 0.5ms
[2025-08-01T01:07:33.989+0000] GC(585) Eden regions: 385->0(249)
[2025-08-01T01:07:33.989+0000] GC(585) Survivor regions: 13->50(50)
[2025-08-01T01:07:33.989+0000] GC(585) Old regions: 683->1005
[2025-08-01T01:07:33.989+0000] GC(585) Archive regions: 2->2
[2025-08-01T01:07:33.989+0000] GC(585) Humongous regions: 0->0
[2025-08-01T01:07:33.989+0000] GC(585) Metaspace: 10061K(10304K)->10061K(10304K) NonClass: 8835K(8960K)->8835K(8960K) Class: 1225K(1344K)->1225K(1344K)
[2025-08-01T01:07:33.989+0000] GC(585) Pause Young (Concurrent Start) (G1 Evacuation Pause) 2163M->2111M(4096M) 120.388ms
[2025-08-01T01:07:33.989+0000] GC(585) User=0.92s Sys=0.00s Real=0.12s
[2025-08-01T01:07:33.989+0000] GC(586) Concurrent Mark Cycle
[2025-08-01T01:07:33.989+0000] GC(586) Concurrent Clear Claimed Marks
[2025-08-01T01:07:33.989+0000] GC(586) Concurrent Clear Claimed Marks 0.028ms
[2025-08-01T01:07:33.989+0000] GC(586) Concurrent Scan Root Regions
[2025-08-01T01:07:34.065+0000] GC(586) Concurrent Scan Root Regions 75.633ms
[2025-08-01T01:07:34.065+0000] GC(586) Concurrent Mark
[2025-08-01T01:07:34.065+0000] GC(586) Concurrent Mark From Roots
[2025-08-01T01:07:34.065+0000] GC(586) Using 2 workers of 2 for marking
[2025-08-01T01:07:34.083+0000] GC(587) Pause Young (Normal) (G1 Evacuation Pause)
[2025-08-01T01:07:34.083+0000] GC(587) Using 8 workers of 8 for evacuation
[2025-08-01T01:07:34.185+0000] GC(587)   Pre Evacuate Collection Set: 0.6ms
[2025-08-01T01:07:34.185+0000] GC(587)   Merge Heap Roots: 0.2ms
[2025-08-01T01:07:34.185+0000] GC(587)   Evacuate Collection Set: 98.9ms
[2025-08-01T01:07:34.185+0000] GC(587)   Post Evacuate Collection Set: 1.3ms
[2025-08-01T01:07:34.185+0000] GC(587)   Other: 0.2ms
[2025-08-01T01:07:34.185+0000] GC(587) Eden regions: 249->0(166)
[2025-08-01T01:07:34.185+0000] GC(587) Survivor regions: 50->38(38)
[2025-08-01T01:07:34.185+0000] GC(587) Old regions: 1005->1269
[2025-08-01T01:07:34.185+0000] GC(587) Archive regions: 2->2
[2025-08-01T01:07:34.185+0000] GC(587) Humongous regions: 0->0
[2025-08-01T01:07:34.185+0000] GC(587) Metaspace: 10061K(10304K)->10061K(10304K) NonClass: 8835K(8960K)->8835K(8960K) Class: 1225K(1344K)->1225K(1344K)
[2025-08-01T01:07:34.185+0000] GC(587) Pause Young (Normal) (G1 Evacuation Pause) 2609M->2614M(4096M) 101.355ms
[2025-08-01T01:07:34.185+0000] GC(587) User=0.75s Sys=0.02s Real=0.10s
[2025-08-01T01:07:34.201+0000] GC(586) Concurrent Mark From Roots 136.082ms
[2025-08-01T01:07:34.201+0000] GC(586) Concurrent Preclean
[2025-08-01T01:07:34.201+0000] GC(586) Concurrent Preclean 0.323ms
[2025-08-01T01:07:34.203+0000] GC(586) Pause Remark
[2025-08-01T01:07:34.206+0000] GC(586) Pause Remark 2756M->1610M(4096M) 3.312ms
[2025-08-01T01:07:34.206+0000] GC(586) User=0.01s Sys=0.00s Real=0.01s
[2025-08-01T01:07:34.206+0000] GC(586) Concurrent Mark 141.236ms
[2025-08-01T01:07:34.206+0000] GC(586) Concurrent Rebuild Remembered Sets
[2025-08-01T01:07:34.255+0000] GC(588) Pause Young (Normal) (G1 Evacuation Pause)
[2025-08-01T01:07:34.255+0000] GC(588) Using 8 workers of 8 for evacuation
[2025-08-01T01:07:34.306+0000] GC(588)   Pre Evacuate Collection Set: 0.6ms
[2025-08-01T01:07:34.306+0000] GC(588)   Merge Heap Roots: 0.2ms
[2025-08-01T01:07:34.306+0000] GC(588)   Evacuate Collection Set: 49.6ms
[2025-08-01T01:07:34.306+0000] GC(588)   Post Evacuate Collection Set: 1.1ms
[2025-08-01T01:07:34.306+0000] GC(588)   Other: 0.2ms
[2025-08-01T01:07:34.306+0000] GC(588) Eden regions: 166->0(317)
[2025-08-01T01:07:34.306+0000] GC(588) Survivor regions: 38->26(26)
[2025-08-01T01:07:34.306+0000] GC(588) Old regions: 696->829
[2025-08-01T01:07:34.306+0000] GC(588) Archive regions: 2->2
[2025-08-01T01:07:34.306+0000] GC(588) Humongous regions: 0->0
[2025-08-01T01:07:34.306+0000] GC(588) Metaspace: 10061K(10304K)->10061K(10304K) NonClass: 8835K(8960K)->8835K(8960K) Class: 1225K(1344K)->1225K(1344K)
[2025-08-01T01:07:34.306+0000] GC(588) Pause Young (Normal) (G1 Evacuation Pause) 1800M->1711M(4096M) 51.900ms
[2025-08-01T01:07:34.306+0000] GC(588) User=0.38s Sys=0.01s Real=0.05s
[2025-08-01T01:07:34.433+0000] GC(586) Concurrent Rebuild Remembered Sets 226.873ms
[2025-08-01T01:07:34.433+0000] GC(586) Pause Cleanup
[2025-08-01T01:07:34.434+0000] GC(586) Pause Cleanup 2310M->2310M(4096M) 1.106ms
[2025-08-01T01:07:34.434+0000] GC(586) User=0.00s Sys=0.00s Real=0.00s
[2025-08-01T01:07:34.435+0000] GC(586) Concurrent Cleanup for Next Mark
[2025-08-01T01:07:34.446+0000] GC(586) Concurrent Cleanup for Next Mark 11.346ms
[2025-08-01T01:07:34.446+0000] GC(586) Concurrent Mark Cycle 456.975ms
[2025-08-01T01:07:34.446+0000] GC(589) Pause Young (Prepare Mixed) (G1 Evacuation Pause)
[2025-08-01T01:07:34.446+0000] GC(589) Using 8 workers of 8 for evacuation
[2025-08-01T01:07:34.536+0000] GC(589)   Pre Evacuate Collection Set: 0.6ms
[2025-08-01T01:07:34.536+0000] GC(589)   Merge Heap Roots: 0.2ms
[2025-08-01T01:07:34.536+0000] GC(589)   Evacuate Collection Set: 87.0ms
[2025-08-01T01:07:34.536+0000] GC(589)   Post Evacuate Collection Set: 1.2ms
[2025-08-01T01:07:34.536+0000] GC(589)   Other: 0.1ms
[2025-08-01T01:07:34.536+0000] GC(589) Eden regions: 317->0(59)
[2025-08-01T01:07:34.536+0000] GC(589) Survivor regions: 26->43(43)
[2025-08-01T01:07:34.536+0000] GC(589) Old regions: 829->1032
[2025-08-01T01:07:34.536+0000] GC(589) Archive regions: 2->2
[2025-08-01T01:07:34.536+0000] GC(589) Humongous regions: 0->0
[2025-08-01T01:07:34.536+0000] GC(589) Metaspace: 10061K(10304K)->10061K(10304K) NonClass: 8835K(8960K)->8835K(8960K) Class: 1225K(1344K)->1225K(1344K)
[2025-08-01T01:07:34.536+0000] GC(589) Pause Young (Prepare Mixed) (G1 Evacuation Pause) 2345M->2151M(4096M) 89.455ms
[2025-08-01T01:07:34.536+0000] GC(589) User=0.59s Sys=0.02s Real=0.09s
[2025-08-01T01:07:34.547+0000] GC(590) Pause Young (Mixed) (G1 Evacuation Pause)
[2025-08-01T01:07:34.547+0000] GC(590) Using 8 workers of 8 for evacuation
[2025-08-01T01:07:34.578+0000] GC(590)   Pre Evacuate Collection Set: 0.5ms
[2025-08-01T01:07:34.578+0000] GC(590)   Merge Heap Roots: 0.2ms
[2025-08-01T01:07:34.578+0000] GC(590)   Evacuate Collection Set: 28.8ms
[2025-08-01T01:07:34.578+0000] GC(590)   Post Evacuate Collection Set: 1.0ms
[2025-08-01T01:07:34.578+0000] GC(590)   Other: 0.3ms
[2025-08-01T01:07:34.578+0000] GC(590) Eden regions: 59->0(226)
[2025-08-01T01:07:34.578+0000] GC(590) Survivor regions: 43->13(13)
[2025-08-01T01:07:34.578+0000] GC(590) Old regions: 1032->1113
[2025-08-01T01:07:34.578+0000] GC(590) Archive regions: 2->2
[2025-08-01T01:07:34.578+0000] GC(590) Humongous regions: 0->0
[2025-08-01T01:07:34.578+0000] GC(590) Metaspace: 10061K(10304K)->10061K(10304K) NonClass: 8835K(8960K)->8835K(8960K) Class: 1225K(1344K)->1225K(1344K)
[2025-08-01T01:07:34.578+0000] GC(590) Pause Young (Mixed) (G1 Evacuation Pause) 2269M->2253M(4096M) 30.955ms
[2025-08-01T01:07:34.578+0000] GC(590) User=0.23s Sys=0.00s Real=0.03s
[2025-08-01T01:07:34.664+0000] GC(591) Pause Young (Concurrent Start) (G1 Evacuation Pause)
[2025-08-01T01:07:34.664+0000] GC(591) Using 8 workers of 8 for evacuation
[2025-08-01T01:07:34.746+0000] GC(591)   Pre Evacuate Collection Set: 1.0ms
[2025-08-01T01:07:34.746+0000] GC(591)   Merge Heap Roots: 1.1ms
[2025-08-01T01:07:34.746+0000] GC(591)   Evacuate Collection Set: 78.1ms
[2025-08-01T01:07:34.746+0000] GC(591)   Post Evacuate Collection Set: 1.0ms
[2025-08-01T01:07:34.746+0000] GC(591)   Other: 0.4ms
[2025-08-01T01:07:34.746+0000] GC(591) Eden regions: 226->0(151)
[2025-08-01T01:07:34.746+0000] GC(591) Survivor regions: 13->30(30)
[2025-08-01T01:07:34.746+0000] GC(591) Old regions: 1113->1324
[2025-08-01T01:07:34.746+0000] GC(591) Archive regions: 2->2
[2025-08-01T01:07:34.746+0000] GC(591) Humongous regions: 0->0
[2025-08-01T01:07:34.746+0000] GC(591) Metaspace: 10061K(10304K)->10061K(10304K) NonClass: 8835K(8960K)->8835K(8960K) Class: 1225K(1344K)->1225K(1344K)
[2025-08-01T01:07:34.746+0000] GC(591) Pause Young (Concurrent Start) (G1 Evacuation Pause) 2705M->2708M(4096M) 81.664ms
[2025-08-01T01:07:34.746+0000] GC(591) User=0.60s Sys=0.01s Real=0.08s
[2025-08-01T01:07:34.746+0000] GC(592) Concurrent Mark Cycle
[2025-08-01T01:07:34.746+0000] GC(592) Concurrent Clear Claimed Marks
[2025-08-01T01:07:34.746+0000] GC(592) Concurrent Clear Claimed Marks 0.064ms
[2025-08-01T01:07:34.746+0000] GC(592) Concurrent Scan Root Regions
[2025-08-01T01:07:34.793+0000] GC(592) Concurrent Scan Root Regions 46.737ms
[2025-08-01T01:07:34.793+0000] GC(592) Concurrent Mark
[2025-08-01T01:07:34.793+0000] GC(592) Concurrent Mark From Roots
[2025-08-01T01:07:34.793+0000] GC(592) Using 2 workers of 2 for marking
[2025-08-01T01:07:34.822+0000] GC(593) Pause Young (Normal) (G1 Evacuation Pause)
[2025-08-01T01:07:34.822+0000] GC(593) Using 8 workers of 8 for evacuation
[2025-08-01T01:07:34.879+0000] GC(593)   Pre Evacuate Collection Set: 0.8ms
[2025-08-01T01:07:34.879+0000] GC(593)   Merge Heap Roots: 0.3ms
[2025-08-01T01:07:34.879+0000] GC(593)   Evacuate Collection Set: 53.9ms
[2025-08-01T01:07:34.879+0000] GC(593)   Post Evacuate Collection Set: 1.3ms
[2025-08-01T01:07:34.879+0000] GC(593)   Other: 0.2ms
[2025-08-01T01:07:34.879+0000] GC(593) Eden regions: 151->0(104)
[2025-08-01T01:07:34.879+0000] GC(593) Survivor regions: 30->23(23)
[2025-08-01T01:07:34.879+0000] GC(593) Old regions: 1324->1483
[2025-08-01T01:07:34.879+0000] GC(593) Archive regions: 2->2
[2025-08-01T01:07:34.879+0000] GC(593) Humongous regions: 0->0
[2025-08-01T01:07:34.879+0000] GC(593) Metaspace: 10061K(10304K)->10061K(10304K) NonClass: 8835K(8960K)->8835K(8960K) Class: 1225K(1344K)->1225K(1344K)
[2025-08-01T01:07:34.879+0000] GC(593) Pause Young (Normal) (G1 Evacuation Pause) 3010M->3013M(4096M) 56.685ms
[2025-08-01T01:07:34.879+0000] GC(593) User=0.41s Sys=0.00s Real=0.06s
[2025-08-01T01:07:34.903+0000] GC(594) Pause Young (Normal) (G1 Evacuation Pause)
[2025-08-01T01:07:34.903+0000] GC(594) Using 8 workers of 8 for evacuation
[2025-08-01T01:07:34.946+0000] GC(594)   Pre Evacuate Collection Set: 0.4ms
[2025-08-01T01:07:34.946+0000] GC(594)   Merge Heap Roots: 0.2ms
[2025-08-01T01:07:34.946+0000] GC(594)   Evacuate Collection Set: 41.6ms
[2025-08-01T01:07:34.946+0000] GC(594)   Post Evacuate Collection Set: 0.9ms
[2025-08-01T01:07:34.946+0000] GC(594)   Other: 0.2ms
[2025-08-01T01:07:34.946+0000] GC(594) Eden regions: 104->0(86)
[2025-08-01T01:07:34.946+0000] GC(594) Survivor regions: 23->16(16)
[2025-08-01T01:07:34.946+0000] GC(594) Old regions: 1483->1596
[2025-08-01T01:07:34.946+0000] GC(594) Archive regions: 2->2
[2025-08-01T01:07:34.946+0000] GC(594) Humongous regions: 0->0
[2025-08-01T01:07:34.946+0000] GC(594) Metaspace: 10061K(10304K)->10061K(10304K) NonClass: 8835K(8960K)->8835K(8960K) Class: 1225K(1344K)->1225K(1344K)
[2025-08-01T01:07:34.946+0000] GC(594) Pause Young (Normal) (G1 Evacuation Pause) 3221M->3224M(4096M) 43.471ms
[2025-08-01T01:07:34.947+0000] GC(594) User=0.33s Sys=0.00s Real=0.04s
[2025-08-01T01:07:35.004+0000] GC(592) Concurrent Mark From Roots 210.863ms
[2025-08-01T01:07:35.004+0000] GC(592) Concurrent Preclean
[2025-08-01T01:07:35.004+0000] GC(592) Concurrent Preclean 0.331ms
[2025-08-01T01:07:35.005+0000] GC(592) Pause Remark
[2025-08-01T01:07:35.009+0000] GC(592) Pause Remark 3386M->1818M(4096M) 3.976ms
[2025-08-01T01:07:35.009+0000] GC(592) User=0.01s Sys=0.00s Real=0.00s
[2025-08-01T01:07:35.009+0000] GC(592) Concurrent Mark 215.712ms
[2025-08-01T01:07:35.009+0000] GC(592) Concurrent Rebuild Remembered Sets
[2025-08-01T01:07:35.011+0000] GC(595) Pause Young (Normal) (G1 Evacuation Pause)
[2025-08-01T01:07:35.011+0000] GC(595) Using 8 workers of 8 for evacuation
[2025-08-01T01:07:35.019+0000] GC(595)   Pre Evacuate Collection Set: 0.6ms
[2025-08-01T01:07:35.019+0000] GC(595)   Merge Heap Roots: 0.2ms
[2025-08-01T01:07:35.019+0000] GC(595)   Evacuate Collection Set: 6.4ms
[2025-08-01T01:07:35.019+0000] GC(595)   Post Evacuate Collection Set: 0.9ms
[2025-08-01T01:07:35.019+0000] GC(595)   Other: 0.2ms
[2025-08-01T01:07:35.019+0000] GC(595) Eden regions: 86->0(325)
[2025-08-01T01:07:35.019+0000] GC(595) Survivor regions: 16->13(13)
[2025-08-01T01:07:35.019+0000] GC(595) Old regions: 812->820
[2025-08-01T01:07:35.019+0000] GC(595) Archive regions: 2->2
[2025-08-01T01:07:35.019+0000] GC(595) Humongous regions: 0->0
[2025-08-01T01:07:35.019+0000] GC(595) Metaspace: 10061K(10304K)->10061K(10304K) NonClass: 8835K(8960K)->8835K(8960K) Class: 1225K(1344K)->1225K(1344K)
[2025-08-01T01:07:35.019+0000] GC(595) Pause Young (Normal) (G1 Evacuation Pause) 1828M->1667M(4096M) 8.449ms
[2025-08-01T01:07:35.019+0000] GC(595) User=0.04s Sys=0.01s Real=0.01s
[2025-08-01T01:07:35.134+0000] GC(596) Pause Young (Normal) (G1 Evacuation Pause)
[2025-08-01T01:07:35.135+0000] GC(596) Using 8 workers of 8 for evacuation
[2025-08-01T01:07:35.233+0000] GC(596)   Pre Evacuate Collection Set: 0.5ms
[2025-08-01T01:07:35.233+0000] GC(596)   Merge Heap Roots: 0.2ms
[2025-08-01T01:07:35.233+0000] GC(596)   Evacuate Collection Set: 96.6ms
[2025-08-01T01:07:35.233+0000] GC(596)   Post Evacuate Collection Set: 1.1ms
[2025-08-01T01:07:35.233+0000] GC(596)   Other: 0.2ms
[2025-08-01T01:07:35.233+0000] GC(596) Eden regions: 325->0(231)
[2025-08-01T01:07:35.233+0000] GC(596) Survivor regions: 13->43(43)
[2025-08-01T01:07:35.233+0000] GC(596) Old regions: 820->1065
[2025-08-01T01:07:35.233+0000] GC(596) Archive regions: 2->2
[2025-08-01T01:07:35.233+0000] GC(596) Humongous regions: 0->0
[2025-08-01T01:07:35.233+0000] GC(596) Metaspace: 10061K(10304K)->10061K(10304K) NonClass: 8835K(8960K)->8835K(8960K) Class: 1225K(1344K)->1225K(1344K)
[2025-08-01T01:07:35.233+0000] GC(596) Pause Young (Normal) (G1 Evacuation Pause) 2317M->2217M(4096M) 98.852ms
[2025-08-01T01:07:35.233+0000] GC(596) User=0.73s Sys=0.02s Real=0.10s
[2025-08-01T01:07:35.327+0000] GC(597) Pause Young (Normal) (G1 Evacuation Pause)
[2025-08-01T01:07:35.327+0000] GC(597) Using 8 workers of 8 for evacuation
[2025-08-01T01:07:35.429+0000] GC(597)   Pre Evacuate Collection Set: 0.9ms
[2025-08-01T01:07:35.429+0000] GC(597)   Merge Heap Roots: 0.4ms
[2025-08-01T01:07:35.429+0000] GC(597)   Evacuate Collection Set: 99.7ms
[2025-08-01T01:07:35.429+0000] GC(597)   Post Evacuate Collection Set: 1.2ms
[2025-08-01T01:07:35.429+0000] GC(597)   Other: 0.2ms
[2025-08-01T01:07:35.429+0000] GC(597) Eden regions: 231->0(155)
[2025-08-01T01:07:35.429+0000] GC(597) Survivor regions: 43->35(35)
[2025-08-01T01:07:35.429+0000] GC(597) Old regions: 1065->1306
[2025-08-01T01:07:35.429+0000] GC(597) Archive regions: 2->2
[2025-08-01T01:07:35.429+0000] GC(597) Humongous regions: 0->0
[2025-08-01T01:07:35.429+0000] GC(597) Metaspace: 10061K(10304K)->10061K(10304K) NonClass: 8835K(8960K)->8835K(8960K) Class: 1225K(1344K)->1225K(1344K)
[2025-08-01T01:07:35.429+0000] GC(597) Pause Young (Normal) (G1 Evacuation Pause) 2679M->2683M(4096M) 102.547ms
[2025-08-01T01:07:35.429+0000] GC(597) User=0.76s Sys=0.02s Real=0.10s
[2025-08-01T01:07:35.464+0000] GC(592) Concurrent Rebuild Remembered Sets 455.500ms
[2025-08-01T01:07:35.464+0000] GC(592) Pause Cleanup
[2025-08-01T01:07:35.465+0000] GC(592) Pause Cleanup 2909M->2909M(4096M) 0.848ms
[2025-08-01T01:07:35.465+0000] GC(592) User=0.00s Sys=0.00s Real=0.00s
[2025-08-01T01:07:35.465+0000] GC(592) Concurrent Cleanup for Next Mark
[2025-08-01T01:07:35.474+0000] GC(592) Concurrent Cleanup for Next Mark 9.062ms
[2025-08-01T01:07:35.475+0000] GC(592) Concurrent Mark Cycle 728.363ms
[2025-08-01T01:07:35.503+0000] GC(598) Pause Young (Prepare Mixed) (G1 Evacuation Pause)
[2025-08-01T01:07:35.503+0000] GC(598) Using 8 workers of 8 for evacuation
[2025-08-01T01:07:35.575+0000] GC(598)   Pre Evacuate Collection Set: 1.2ms
[2025-08-01T01:07:35.575+0000] GC(598)   Merge Heap Roots: 0.7ms
[2025-08-01T01:07:35.575+0000] GC(598)   Evacuate Collection Set: 69.0ms
[2025-08-01T01:07:35.575+0000] GC(598)   Post Evacuate Collection Set: 0.6ms
[2025-08-01T01:07:35.575+0000] GC(598)   Other: 0.2ms
[2025-08-01T01:07:35.575+0000] GC(598) Eden regions: 155->0(78)
[2025-08-01T01:07:35.575+0000] GC(598) Survivor regions: 35->24(24)
[2025-08-01T01:07:35.575+0000] GC(598) Old regions: 1306->1474
[2025-08-01T01:07:35.575+0000] GC(598) Archive regions: 2->2
[2025-08-01T01:07:35.575+0000] GC(598) Humongous regions: 0->0
[2025-08-01T01:07:35.575+0000] GC(598) Metaspace: 10061K(10304K)->10061K(10304K) NonClass: 8835K(8960K)->8835K(8960K) Class: 1225K(1344K)->1225K(1344K)
[2025-08-01T01:07:35.575+0000] GC(598) Pause Young (Prepare Mixed) (G1 Evacuation Pause) 2993M->2997M(4096M) 71.769ms
[2025-08-01T01:07:35.575+0000] GC(598) User=0.53s Sys=0.01s Real=0.07s
[2025-08-01T01:07:35.589+0000] GC(599) Pause Young (Mixed) (G1 Evacuation Pause)
[2025-08-01T01:07:35.589+0000] GC(599) Using 8 workers of 8 for evacuation
[2025-08-01T01:07:35.621+0000] GC(599)   Pre Evacuate Collection Set: 0.7ms
[2025-08-01T01:07:35.622+0000] GC(599)   Merge Heap Roots: 0.1ms
[2025-08-01T01:07:35.622+0000] GC(599)   Evacuate Collection Set: 30.4ms
[2025-08-01T01:07:35.622+0000] GC(599)   Post Evacuate Collection Set: 0.8ms
[2025-08-01T01:07:35.622+0000] GC(599)   Other: 0.2ms
[2025-08-01T01:07:35.622+0000] GC(599) Eden regions: 78->0(89)
[2025-08-01T01:07:35.622+0000] GC(599) Survivor regions: 24->13(13)
[2025-08-01T01:07:35.622+0000] GC(599) Old regions: 1474->1561
[2025-08-01T01:07:35.622+0000] GC(599) Archive regions: 2->2
[2025-08-01T01:07:35.622+0000] GC(599) Humongous regions: 0->0
[2025-08-01T01:07:35.622+0000] GC(599) Metaspace: 10061K(10304K)->10061K(10304K) NonClass: 8835K(8960K)->8835K(8960K) Class: 1225K(1344K)->1225K(1344K)
[2025-08-01T01:07:35.622+0000] GC(599) Pause Young (Mixed) (G1 Evacuation Pause) 3153M->3148M(4096M) 32.421ms
[2025-08-01T01:07:35.622+0000] GC(599) User=0.24s Sys=0.00s Real=0.03s
[2025-08-01T01:07:35.644+0000] GC(600) Pause Young (Concurrent Start) (G1 Evacuation Pause)
[2025-08-01T01:07:35.644+0000] GC(600) Using 8 workers of 8 for evacuation
[2025-08-01T01:07:35.662+0000] GC(600)   Pre Evacuate Collection Set: 0.6ms
[2025-08-01T01:07:35.662+0000] GC(600)   Merge Heap Roots: 0.2ms
[2025-08-01T01:07:35.663+0000] GC(600)   Evacuate Collection Set: 16.2ms
[2025-08-01T01:07:35.663+0000] GC(600)   Post Evacuate Collection Set: 0.8ms
[2025-08-01T01:07:35.663+0000] GC(600)   Other: 0.3ms
[2025-08-01T01:07:35.663+0000] GC(600) Eden regions: 89->0(89)
[2025-08-01T01:07:35.663+0000] GC(600) Survivor regions: 13->13(13)
[2025-08-01T01:07:35.663+0000] GC(600) Old regions: 1561->1603
[2025-08-01T01:07:35.663+0000] GC(600) Archive regions: 2->2
[2025-08-01T01:07:35.663+0000] GC(600) Humongous regions: 0->0
[2025-08-01T01:07:35.663+0000] GC(600) Metaspace: 10061K(10304K)->10061K(10304K) NonClass: 8835K(8960K)->8835K(8960K) Class: 1225K(1344K)->1225K(1344K)
[2025-08-01T01:07:35.663+0000] GC(600) Pause Young (Concurrent Start) (G1 Evacuation Pause) 3326M->3232M(4096M) 18.230ms
[2025-08-01T01:07:35.663+0000] GC(600) User=0.13s Sys=0.00s Real=0.01s
[2025-08-01T01:07:35.663+0000] GC(601) Concurrent Mark Cycle
[2025-08-01T01:07:35.663+0000] GC(601) Concurrent Clear Claimed Marks
[2025-08-01T01:07:35.663+0000] GC(601) Concurrent Clear Claimed Marks 0.065ms
[2025-08-01T01:07:35.663+0000] GC(601) Concurrent Scan Root Regions
[2025-08-01T01:07:35.673+0000] GC(601) Concurrent Scan Root Regions 10.323ms
[2025-08-01T01:07:35.673+0000] GC(601) Concurrent Mark
[2025-08-01T01:07:35.673+0000] GC(601) Concurrent Mark From Roots
[2025-08-01T01:07:35.673+0000] GC(601) Using 2 workers of 2 for marking
[2025-08-01T01:07:35.700+0000] GC(602) Pause Young (Normal) (G1 Evacuation Pause)
[2025-08-01T01:07:35.701+0000] GC(602) Using 8 workers of 8 for evacuation
[2025-08-01T01:07:35.726+0000] GC(602)   Pre Evacuate Collection Set: 0.6ms
[2025-08-01T01:07:35.726+0000] GC(602)   Merge Heap Roots: 0.2ms
[2025-08-01T01:07:35.726+0000] GC(602)   Evacuate Collection Set: 23.6ms
[2025-08-01T01:07:35.726+0000] GC(602)   Post Evacuate Collection Set: 0.6ms
[2025-08-01T01:07:35.726+0000] GC(602)   Other: 0.2ms
[2025-08-01T01:07:35.726+0000] GC(602) Eden regions: 89->0(89)
[2025-08-01T01:07:35.726+0000] GC(602) Survivor regions: 13->13(13)
[2025-08-01T01:07:35.726+0000] GC(602) Old regions: 1603->1668
[2025-08-01T01:07:35.726+0000] GC(602) Archive regions: 2->2
[2025-08-01T01:07:35.726+0000] GC(602) Humongous regions: 0->0
[2025-08-01T01:07:35.726+0000] GC(602) Metaspace: 10061K(10304K)->10061K(10304K) NonClass: 8835K(8960K)->8835K(8960K) Class: 1225K(1344K)->1225K(1344K)
[2025-08-01T01:07:35.726+0000] GC(602) Pause Young (Normal) (G1 Evacuation Pause) 3410M->3363M(4096M) 25.309ms
[2025-08-01T01:07:35.726+0000] GC(602) User=0.19s Sys=0.01s Real=0.03s
[2025-08-01T01:07:35.745+0000] GC(603) Pause Young (Normal) (G1 Evacuation Pause)
[2025-08-01T01:07:35.745+0000] GC(603) Using 8 workers of 8 for evacuation
[2025-08-01T01:07:35.768+0000] GC(603)   Pre Evacuate Collection Set: 0.4ms
[2025-08-01T01:07:35.768+0000] GC(603)   Merge Heap Roots: 0.2ms
[2025-08-01T01:07:35.768+0000] GC(603)   Evacuate Collection Set: 21.2ms
[2025-08-01T01:07:35.768+0000] GC(603)   Post Evacuate Collection Set: 0.9ms
[2025-08-01T01:07:35.768+0000] GC(603)   Other: 0.2ms
[2025-08-01T01:07:35.768+0000] GC(603) Eden regions: 89->0(89)
[2025-08-01T01:07:35.768+0000] GC(603) Survivor regions: 13->13(13)
[2025-08-01T01:07:35.768+0000] GC(603) Old regions: 1668->1733
[2025-08-01T01:07:35.768+0000] GC(603) Archive regions: 2->2
[2025-08-01T01:07:35.768+0000] GC(603) Humongous regions: 0->0
[2025-08-01T01:07:35.768+0000] GC(603) Metaspace: 10061K(10304K)->10061K(10304K) NonClass: 8835K(8960K)->8835K(8960K) Class: 1225K(1344K)->1225K(1344K)
[2025-08-01T01:07:35.768+0000] GC(603) Pause Young (Normal) (G1 Evacuation Pause) 3541M->3492M(4096M) 23.088ms
[2025-08-01T01:07:35.768+0000] GC(603) User=0.18s Sys=0.00s Real=0.02s
[2025-08-01T01:07:35.810+0000] GC(604) Pause Young (Normal) (G1 Evacuation Pause)
[2025-08-01T01:07:35.810+0000] GC(604) Using 8 workers of 8 for evacuation
[2025-08-01T01:07:35.839+0000] GC(604)   Pre Evacuate Collection Set: 0.4ms
[2025-08-01T01:07:35.839+0000] GC(604)   Merge Heap Roots: 0.2ms
[2025-08-01T01:07:35.839+0000] GC(604)   Evacuate Collection Set: 27.3ms
[2025-08-01T01:07:35.839+0000] GC(604)   Post Evacuate Collection Set: 0.8ms
[2025-08-01T01:07:35.839+0000] GC(604)   Other: 0.2ms
[2025-08-01T01:07:35.839+0000] GC(604) Eden regions: 89->0(89)
[2025-08-01T01:07:35.839+0000] GC(604) Survivor regions: 13->13(13)
[2025-08-01T01:07:35.839+0000] GC(604) Old regions: 1733->1823
[2025-08-01T01:07:35.839+0000] GC(604) Archive regions: 2->2
[2025-08-01T01:07:35.839+0000] GC(604) Humongous regions: 0->0
[2025-08-01T01:07:35.839+0000] GC(604) Metaspace: 10061K(10304K)->10061K(10304K) NonClass: 8835K(8960K)->8835K(8960K) Class: 1225K(1344K)->1225K(1344K)
[2025-08-01T01:07:35.839+0000] GC(604) Pause Young (Normal) (G1 Evacuation Pause) 3670M->3673M(4096M) 29.073ms
[2025-08-01T01:07:35.839+0000] GC(604) User=0.22s Sys=0.00s Real=0.03s
[2025-08-01T01:07:35.861+0000] GC(605) Pause Young (Normal) (G1 Evacuation Pause)
[2025-08-01T01:07:35.861+0000] GC(605) Using 8 workers of 8 for evacuation
[2025-08-01T01:07:35.897+0000] GC(605)   Pre Evacuate Collection Set: 0.5ms
[2025-08-01T01:07:35.897+0000] GC(605)   Merge Heap Roots: 0.3ms
[2025-08-01T01:07:35.897+0000] GC(605)   Evacuate Collection Set: 34.0ms
[2025-08-01T01:07:35.897+0000] GC(605)   Post Evacuate Collection Set: 0.7ms
[2025-08-01T01:07:35.897+0000] GC(605)   Other: 0.2ms
[2025-08-01T01:07:35.897+0000] GC(605) Eden regions: 89->0(89)
[2025-08-01T01:07:35.897+0000] GC(605) Survivor regions: 13->13(13)
[2025-08-01T01:07:35.897+0000] GC(605) Old regions: 1823->1914
[2025-08-01T01:07:35.897+0000] GC(605) Archive regions: 2->2
[2025-08-01T01:07:35.897+0000] GC(605) Humongous regions: 0->0
[2025-08-01T01:07:35.897+0000] GC(605) Metaspace: 10061K(10304K)->10061K(10304K) NonClass: 8835K(8960K)->8835K(8960K) Class: 1225K(1344K)->1225K(1344K)
[2025-08-01T01:07:35.897+0000] GC(605) Pause Young (Normal) (G1 Evacuation Pause) 3851M->3854M(4096M) 35.897ms
[2025-08-01T01:07:35.897+0000] GC(605) User=0.26s Sys=0.01s Real=0.04s
[2025-08-01T01:07:35.908+0000] GC(606) Pause Young (Normal) (G1 Preventive Collection)
[2025-08-01T01:07:35.908+0000] GC(606) Using 8 workers of 8 for evacuation
[2025-08-01T01:07:35.930+0000] GC(606)   Pre Evacuate Collection Set: 0.5ms
[2025-08-01T01:07:35.930+0000] GC(606)   Merge Heap Roots: 0.1ms
[2025-08-01T01:07:35.930+0000] GC(606)   Evacuate Collection Set: 20.6ms
[2025-08-01T01:07:35.930+0000] GC(606)   Post Evacuate Collection Set: 0.7ms
[2025-08-01T01:07:35.930+0000] GC(606)   Other: 0.1ms
[2025-08-01T01:07:35.930+0000] GC(606) Eden regions: 50->0(89)
[2025-08-01T01:07:35.930+0000] GC(606) Survivor regions: 13->13(13)
[2025-08-01T01:07:35.930+0000] GC(606) Old regions: 1914->1965
[2025-08-01T01:07:35.930+0000] GC(606) Archive regions: 2->2
[2025-08-01T01:07:35.930+0000] GC(606) Humongous regions: 0->0
[2025-08-01T01:07:35.930+0000] GC(606) Metaspace: 10061K(10304K)->10061K(10304K) NonClass: 8835K(8960K)->8835K(8960K) Class: 1225K(1344K)->1225K(1344K)
[2025-08-01T01:07:35.930+0000] GC(606) Pause Young (Normal) (G1 Preventive Collection) 3954M->3957M(4096M) 22.174ms
[2025-08-01T01:07:35.930+0000] GC(606) User=0.16s Sys=0.00s Real=0.02s
[2025-08-01T01:07:35.941+0000] GC(607) Pause Young (Normal) (G1 Preventive Collection)
[2025-08-01T01:07:35.941+0000] GC(607) Using 8 workers of 8 for evacuation
[2025-08-01T01:07:35.957+0000] GC(607)   Pre Evacuate Collection Set: 0.4ms
[2025-08-01T01:07:35.957+0000] GC(607)   Merge Heap Roots: 0.1ms
[2025-08-01T01:07:35.957+0000] GC(607)   Evacuate Collection Set: 15.2ms
[2025-08-01T01:07:35.957+0000] GC(607)   Post Evacuate Collection Set: 0.5ms
[2025-08-01T01:07:35.957+0000] GC(607)   Other: 0.1ms
[2025-08-01T01:07:35.957+0000] GC(607) Eden regions: 25->0(89)
[2025-08-01T01:07:35.957+0000] GC(607) Survivor regions: 13->13(13)
[2025-08-01T01:07:35.957+0000] GC(607) Old regions: 1965->1992
[2025-08-01T01:07:35.957+0000] GC(607) Archive regions: 2->2
[2025-08-01T01:07:35.957+0000] GC(607) Humongous regions: 0->0
[2025-08-01T01:07:35.957+0000] GC(607) Metaspace: 10061K(10304K)->10061K(10304K) NonClass: 8835K(8960K)->8835K(8960K) Class: 1225K(1344K)->1225K(1344K)
[2025-08-01T01:07:35.957+0000] GC(607) Pause Young (Normal) (G1 Preventive Collection) 4007M->4010M(4096M) 16.475ms
[2025-08-01T01:07:35.957+0000] GC(607) User=0.10s Sys=0.01s Real=0.02s
[2025-08-01T01:07:35.959+0000] GC(608) Pause Young (Normal) (G1 Preventive Collection)
[2025-08-01T01:07:35.959+0000] GC(608) Using 8 workers of 8 for evacuation
[2025-08-01T01:07:35.972+0000] GC(608)   Pre Evacuate Collection Set: 0.3ms
[2025-08-01T01:07:35.972+0000] GC(608)   Merge Heap Roots: 0.4ms
[2025-08-01T01:07:35.972+0000] GC(608)   Evacuate Collection Set: 10.8ms
[2025-08-01T01:07:35.972+0000] GC(608)   Post Evacuate Collection Set: 0.7ms
[2025-08-01T01:07:35.972+0000] GC(608)   Other: 0.2ms
[2025-08-01T01:07:35.972+0000] GC(608) Eden regions: 12->0(89)
[2025-08-01T01:07:35.972+0000] GC(608) Survivor regions: 13->13(13)
[2025-08-01T01:07:35.972+0000] GC(608) Old regions: 1992->2007
[2025-08-01T01:07:35.972+0000] GC(608) Archive regions: 2->2
[2025-08-01T01:07:35.972+0000] GC(608) Humongous regions: 0->0
[2025-08-01T01:07:35.972+0000] GC(608) Metaspace: 10061K(10304K)->10061K(10304K) NonClass: 8835K(8960K)->8835K(8960K) Class: 1225K(1344K)->1225K(1344K)
[2025-08-01T01:07:35.972+0000] GC(608) Pause Young (Normal) (G1 Preventive Collection) 4034M->4040M(4096M) 12.669ms
[2025-08-01T01:07:35.972+0000] GC(608) User=0.08s Sys=0.00s Real=0.01s
[2025-08-01T01:07:35.973+0000] GC(609) Pause Young (Normal) (G1 Preventive Collection)
[2025-08-01T01:07:35.974+0000] GC(609) Using 8 workers of 8 for evacuation
[2025-08-01T01:07:35.980+0000] GC(609)   Pre Evacuate Collection Set: 0.5ms
[2025-08-01T01:07:35.980+0000] GC(609)   Merge Heap Roots: 0.1ms
[2025-08-01T01:07:35.980+0000] GC(609)   Evacuate Collection Set: 4.6ms
[2025-08-01T01:07:35.980+0000] GC(609)   Post Evacuate Collection Set: 0.8ms
[2025-08-01T01:07:35.980+0000] GC(609)   Other: 0.2ms
[2025-08-01T01:07:35.980+0000] GC(609) Eden regions: 5->0(95)
[2025-08-01T01:07:35.980+0000] GC(609) Survivor regions: 13->7(13)
[2025-08-01T01:07:35.980+0000] GC(609) Old regions: 2007->2020
[2025-08-01T01:07:35.980+0000] GC(609) Archive regions: 2->2
[2025-08-01T01:07:35.980+0000] GC(609) Humongous regions: 0->0
[2025-08-01T01:07:35.980+0000] GC(609) Metaspace: 10061K(10304K)->10061K(10304K) NonClass: 8835K(8960K)->8835K(8960K) Class: 1225K(1344K)->1225K(1344K)
[2025-08-01T01:07:35.980+0000] GC(609) Pause Young (Normal) (G1 Preventive Collection) 4050M->4055M(4096M) 6.318ms
[2025-08-01T01:07:35.980+0000] GC(609) User=0.03s Sys=0.00s Real=0.00s
[2025-08-01T01:07:35.981+0000] GC(610) Pause Young (Normal) (G1 Preventive Collection)
[2025-08-01T01:07:35.981+0000] GC(610) Using 8 workers of 8 for evacuation
[2025-08-01T01:07:35.986+0000] GC(610)   Pre Evacuate Collection Set: 0.5ms
[2025-08-01T01:07:35.986+0000] GC(610)   Merge Heap Roots: 0.2ms
[2025-08-01T01:07:35.986+0000] GC(610)   Evacuate Collection Set: 3.1ms
[2025-08-01T01:07:35.986+0000] GC(610)   Post Evacuate Collection Set: 0.6ms
[2025-08-01T01:07:35.986+0000] GC(610)   Other: 0.2ms
[2025-08-01T01:07:35.986+0000] GC(610) Eden regions: 5->0(91)
[2025-08-01T01:07:35.986+0000] GC(610) Survivor regions: 7->11(13)
[2025-08-01T01:07:35.986+0000] GC(610) Old regions: 2020->2020
[2025-08-01T01:07:35.986+0000] GC(610) Archive regions: 2->2
[2025-08-01T01:07:35.986+0000] GC(610) Humongous regions: 0->0
[2025-08-01T01:07:35.986+0000] GC(610) Metaspace: 10061K(10304K)->10061K(10304K) NonClass: 8835K(8960K)->8835K(8960K) Class: 1225K(1344K)->1225K(1344K)
[2025-08-01T01:07:35.986+0000] GC(610) Pause Young (Normal) (G1 Preventive Collection) 4065M->4062M(4096M) 4.690ms
[2025-08-01T01:07:35.986+0000] GC(610) User=0.02s Sys=0.00s Real=0.01s
[2025-08-01T01:07:35.986+0000] GC(611) Pause Young (Normal) (G1 Preventive Collection)
[2025-08-01T01:07:35.986+0000] GC(611) Using 8 workers of 8 for evacuation
[2025-08-01T01:07:35.992+0000] GC(611)   Pre Evacuate Collection Set: 0.2ms
[2025-08-01T01:07:35.992+0000] GC(611)   Merge Heap Roots: 0.2ms
[2025-08-01T01:07:35.992+0000] GC(611)   Evacuate Collection Set: 4.4ms
[2025-08-01T01:07:35.992+0000] GC(611)   Post Evacuate Collection Set: 0.9ms
[2025-08-01T01:07:35.992+0000] GC(611)   Other: 0.1ms
[2025-08-01T01:07:35.992+0000] GC(611) Eden regions: 1->0(95)
[2025-08-01T01:07:35.992+0000] GC(611) Survivor regions: 11->7(13)
[2025-08-01T01:07:35.992+0000] GC(611) Old regions: 2020->2026
[2025-08-01T01:07:35.992+0000] GC(611) Archive regions: 2->2
[2025-08-01T01:07:35.992+0000] GC(611) Humongous regions: 0->0
[2025-08-01T01:07:35.992+0000] GC(611) Metaspace: 10061K(10304K)->10061K(10304K) NonClass: 8835K(8960K)->8835K(8960K) Class: 1225K(1344K)->1225K(1344K)
[2025-08-01T01:07:35.992+0000] GC(611) Pause Young (Normal) (G1 Preventive Collection) 4064M->4066M(4096M) 5.980ms
[2025-08-01T01:07:35.992+0000] GC(611) User=0.02s Sys=0.00s Real=0.00s
[2025-08-01T01:07:35.995+0000] GC(612) Pause Young (Normal) (G1 Preventive Collection)
[2025-08-01T01:07:35.995+0000] GC(612) Using 8 workers of 8 for evacuation
[2025-08-01T01:07:35.999+0000] GC(612)   Pre Evacuate Collection Set: 0.4ms
[2025-08-01T01:07:35.999+0000] GC(612)   Merge Heap Roots: 0.2ms
[2025-08-01T01:07:35.999+0000] GC(612)   Evacuate Collection Set: 2.7ms
[2025-08-01T01:07:35.999+0000] GC(612)   Post Evacuate Collection Set: 0.6ms
[2025-08-01T01:07:35.999+0000] GC(612)   Other: 0.2ms
[2025-08-01T01:07:35.999+0000] GC(612) Eden regions: 2->0(93)
[2025-08-01T01:07:35.999+0000] GC(612) Survivor regions: 7->9(11)
[2025-08-01T01:07:35.999+0000] GC(612) Old regions: 2026->2026
[2025-08-01T01:07:35.999+0000] GC(612) Archive regions: 2->2
[2025-08-01T01:07:35.999+0000] GC(612) Humongous regions: 0->0
[2025-08-01T01:07:35.999+0000] GC(612) Metaspace: 10061K(10304K)->10061K(10304K) NonClass: 8835K(8960K)->8835K(8960K) Class: 1225K(1344K)->1225K(1344K)
[2025-08-01T01:07:35.999+0000] GC(612) Pause Young (Normal) (G1 Preventive Collection) 4070M->4069M(4096M) 4.180ms
[2025-08-01T01:07:35.999+0000] GC(612) User=0.02s Sys=0.00s Real=0.00s
[2025-08-01T01:07:36.000+0000] GC(613) Pause Young (Normal) (G1 Preventive Collection)
[2025-08-01T01:07:36.000+0000] GC(613) Using 8 workers of 8 for evacuation
[2025-08-01T01:07:36.003+0000] GC(613)   Pre Evacuate Collection Set: 0.3ms
[2025-08-01T01:07:36.003+0000] GC(613)   Merge Heap Roots: 0.1ms
[2025-08-01T01:07:36.003+0000] GC(613)   Evacuate Collection Set: 2.6ms
[2025-08-01T01:07:36.003+0000] GC(613)   Post Evacuate Collection Set: 0.7ms
[2025-08-01T01:07:36.003+0000] GC(613)   Other: 0.1ms
[2025-08-01T01:07:36.003+0000] GC(613) Eden regions: 1->0(97)
[2025-08-01T01:07:36.003+0000] GC(613) Survivor regions: 9->5(10)
[2025-08-01T01:07:36.003+0000] GC(613) Old regions: 2026->2031
[2025-08-01T01:07:36.003+0000] GC(613) Archive regions: 2->2
[2025-08-01T01:07:36.003+0000] GC(613) Humongous regions: 0->0
[2025-08-01T01:07:36.003+0000] GC(613) Metaspace: 10061K(10304K)->10061K(10304K) NonClass: 8835K(8960K)->8835K(8960K) Class: 1225K(1344K)->1225K(1344K)
[2025-08-01T01:07:36.003+0000] GC(613) Pause Young (Normal) (G1 Preventive Collection) 4071M->4072M(4096M) 3.906ms
[2025-08-01T01:07:36.003+0000] GC(613) User=0.02s Sys=0.01s Real=0.01s
[2025-08-01T01:07:36.004+0000] GC(614) Pause Young (Normal) (G1 Preventive Collection)
[2025-08-01T01:07:36.004+0000] GC(614) Using 8 workers of 8 for evacuation
[2025-08-01T01:07:36.007+0000] GC(614)   Pre Evacuate Collection Set: 0.4ms
[2025-08-01T01:07:36.008+0000] GC(614)   Merge Heap Roots: 0.3ms
[2025-08-01T01:07:36.008+0000] GC(614)   Evacuate Collection Set: 2.0ms
[2025-08-01T01:07:36.008+0000] GC(614)   Post Evacuate Collection Set: 0.4ms
[2025-08-01T01:07:36.008+0000] GC(614)   Other: 0.1ms
[2025-08-01T01:07:36.008+0000] GC(614) Eden regions: 2->0(95)
[2025-08-01T01:07:36.008+0000] GC(614) Survivor regions: 5->7(8)
[2025-08-01T01:07:36.008+0000] GC(614) Old regions: 2031->2031
[2025-08-01T01:07:36.008+0000] GC(614) Archive regions: 2->2
[2025-08-01T01:07:36.008+0000] GC(614) Humongous regions: 0->0
[2025-08-01T01:07:36.008+0000] GC(614) Metaspace: 10061K(10304K)->10061K(10304K) NonClass: 8835K(8960K)->8835K(8960K) Class: 1225K(1344K)->1225K(1344K)
[2025-08-01T01:07:36.008+0000] GC(614) Pause Young (Normal) (G1 Preventive Collection) 4076M->4075M(4096M) 3.291ms
[2025-08-01T01:07:36.008+0000] GC(614) User=0.02s Sys=0.00s Real=0.00s
[2025-08-01T01:07:36.009+0000] GC(615) Pause Young (Normal) (G1 Preventive Collection)
[2025-08-01T01:07:36.009+0000] GC(615) Using 8 workers of 8 for evacuation
[2025-08-01T01:07:36.012+0000] GC(615)   Pre Evacuate Collection Set: 0.3ms
[2025-08-01T01:07:36.012+0000] GC(615)   Merge Heap Roots: 0.1ms
[2025-08-01T01:07:36.012+0000] GC(615)   Evacuate Collection Set: 2.3ms
[2025-08-01T01:07:36.012+0000] GC(615)   Post Evacuate Collection Set: 0.6ms
[2025-08-01T01:07:36.012+0000] GC(615)   Other: 0.1ms
[2025-08-01T01:07:36.012+0000] GC(615) Eden regions: 1->0(95)
[2025-08-01T01:07:36.012+0000] GC(615) Survivor regions: 7->7(7)
[2025-08-01T01:07:36.012+0000] GC(615) Old regions: 2031->2031
[2025-08-01T01:07:36.012+0000] GC(615) Archive regions: 2->2
[2025-08-01T01:07:36.012+0000] GC(615) Humongous regions: 0->0
[2025-08-01T01:07:36.012+0000] GC(615) Metaspace: 10061K(10304K)->10061K(10304K) NonClass: 8835K(8960K)->8835K(8960K) Class: 1225K(1344K)->1225K(1344K)
[2025-08-01T01:07:36.012+0000] GC(615) Pause Young (Normal) (G1 Preventive Collection) 4077M->4076M(4096M) 3.700ms
[2025-08-01T01:07:36.012+0000] GC(615) User=0.01s Sys=0.00s Real=0.00s
[2025-08-01T01:07:36.014+0000] GC(616) Pause Young (Normal) (G1 Preventive Collection)
[2025-08-01T01:07:36.014+0000] GC(616) Using 8 workers of 8 for evacuation
[2025-08-01T01:07:36.019+0000] GC(616) To-space exhausted
[2025-08-01T01:07:36.019+0000] GC(616)   Pre Evacuate Collection Set: 0.3ms
[2025-08-01T01:07:36.019+0000] GC(616)   Merge Heap Roots: 0.1ms
[2025-08-01T01:07:36.019+0000] GC(616)   Evacuate Collection Set: 2.4ms
[2025-08-01T01:07:36.019+0000] GC(616)   Post Evacuate Collection Set: 1.7ms
[2025-08-01T01:07:36.019+0000] GC(616)   Other: 0.2ms
[2025-08-01T01:07:36.019+0000] GC(616) Eden regions: 1->0(96)
[2025-08-01T01:07:36.019+0000] GC(616) Survivor regions: 7->6(7)
[2025-08-01T01:07:36.019+0000] GC(616) Old regions: 2031->2037
[2025-08-01T01:07:36.019+0000] GC(616) Archive regions: 2->2
[2025-08-01T01:07:36.019+0000] GC(616) Humongous regions: 0->0
[2025-08-01T01:07:36.019+0000] GC(616) Metaspace: 10061K(10304K)->10061K(10304K) NonClass: 8835K(8960K)->8835K(8960K) Class: 1225K(1344K)->1225K(1344K)
[2025-08-01T01:07:36.019+0000] GC(616) Pause Young (Normal) (G1 Preventive Collection) 4078M->4087M(4096M) 4.918ms
[2025-08-01T01:07:36.019+0000] GC(616) User=0.03s Sys=0.00s Real=0.00s
[2025-08-01T01:07:36.020+0000] GC(617) Pause Young (Normal) (G1 Preventive Collection)
[2025-08-01T01:07:36.020+0000] GC(617) Using 8 workers of 8 for evacuation
[2025-08-01T01:07:36.024+0000] GC(617) To-space exhausted
[2025-08-01T01:07:36.024+0000] GC(617)   Pre Evacuate Collection Set: 0.5ms
[2025-08-01T01:07:36.024+0000] GC(617)   Merge Heap Roots: 0.2ms
[2025-08-01T01:07:36.024+0000] GC(617)   Evacuate Collection Set: 2.2ms
[2025-08-01T01:07:36.024+0000] GC(617)   Post Evacuate Collection Set: 1.1ms
[2025-08-01T01:07:36.024+0000] GC(617)   Other: 0.2ms
[2025-08-01T01:07:36.024+0000] GC(617) Eden regions: 1->0(100)
[2025-08-01T01:07:36.024+0000] GC(617) Survivor regions: 6->2(2)
[2025-08-01T01:07:36.024+0000] GC(617) Old regions: 2037->2044
[2025-08-01T01:07:36.024+0000] GC(617) Archive regions: 2->2
[2025-08-01T01:07:36.024+0000] GC(617) Humongous regions: 0->0
[2025-08-01T01:07:36.024+0000] GC(617) Metaspace: 10061K(10304K)->10061K(10304K) NonClass: 8835K(8960K)->8835K(8960K) Class: 1225K(1344K)->1225K(1344K)
[2025-08-01T01:07:36.024+0000] GC(617) Pause Young (Normal) (G1 Preventive Collection) 4089M->4093M(4096M) 4.304ms
[2025-08-01T01:07:36.024+0000] GC(617) User=0.02s Sys=0.01s Real=0.01s
[2025-08-01T01:07:36.024+0000] Attempting full compaction
[2025-08-01T01:07:36.024+0000] GC(618) Pause Full (G1 Compaction Pause)
[2025-08-01T01:07:36.024+0000] GC(618) Using 8 workers of 8 for full compaction
[2025-08-01T01:07:36.030+0000] GC(618) Phase 1: Mark live objects
[2025-08-01T01:07:36.077+0000] GC(618) Phase 1: Mark live objects 47.149ms
[2025-08-01T01:07:36.078+0000] GC(618) Phase 2: Prepare for compaction
[2025-08-01T01:07:36.088+0000] GC(618) Phase 2: Prepare for compaction 10.031ms
[2025-08-01T01:07:36.088+0000] GC(618) Phase 3: Adjust pointers
[2025-08-01T01:07:36.114+0000] GC(618) Phase 3: Adjust pointers 26.598ms
[2025-08-01T01:07:36.114+0000] GC(618) Phase 4: Compact heap
[2025-08-01T01:07:36.132+0000] GC(618) Phase 4: Compact heap 17.358ms
[2025-08-01T01:07:36.139+0000] GC(618) Eden regions: 0->0(503)
[2025-08-01T01:07:36.139+0000] GC(618) Survivor regions: 2->0(2)
[2025-08-01T01:07:36.139+0000] GC(618) Old regions: 2044->410
[2025-08-01T01:07:36.139+0000] GC(618) Archive regions: 2->2
[2025-08-01T01:07:36.139+0000] GC(618) Humongous regions: 0->0
[2025-08-01T01:07:36.139+0000] GC(618) Metaspace: 10061K(10304K)->10061K(10304K) NonClass: 8835K(8960K)->8835K(8960K) Class: 1225K(1344K)->1225K(1344K)
[2025-08-01T01:07:36.139+0000] GC(618) Pause Full (G1 Compaction Pause) 4093M->813M(4096M) 114.997ms
[2025-08-01T01:07:36.139+0000] GC(618) User=0.83s Sys=0.00s Real=0.11s
[2025-08-01T01:07:36.140+0000] GC(601) Concurrent Mark From Roots 466.336ms
[2025-08-01T01:07:36.140+0000] GC(601) Concurrent Mark Abort
[2025-08-01T01:07:36.140+0000] GC(601) Concurrent Mark Cycle 476.889ms
[2025-08-01T01:07:36.371+0000] GC(619) Pause Young (Normal) (G1 Evacuation Pause)
[2025-08-01T01:07:36.371+0000] GC(619) Using 8 workers of 8 for evacuation
[2025-08-01T01:07:36.443+0000] GC(619)   Pre Evacuate Collection Set: 0.4ms
[2025-08-01T01:07:36.443+0000] GC(619)   Merge Heap Roots: 0.4ms
[2025-08-01T01:07:36.443+0000] GC(619)   Evacuate Collection Set: 68.6ms
[2025-08-01T01:07:36.443+0000] GC(619)   Post Evacuate Collection Set: 2.7ms
[2025-08-01T01:07:36.443+0000] GC(619)   Other: 0.3ms
[2025-08-01T01:07:36.443+0000] GC(619) Eden regions: 503->0(489)
[2025-08-01T01:07:36.443+0000] GC(619) Survivor regions: 0->63(63)
[2025-08-01T01:07:36.444+0000] GC(619) Old regions: 410->499
[2025-08-01T01:07:36.444+0000] GC(619) Archive regions: 2->2
[2025-08-01T01:07:36.444+0000] GC(619) Humongous regions: 0->0
[2025-08-01T01:07:36.444+0000] GC(619) Metaspace: 10061K(10304K)->10061K(10304K) NonClass: 8835K(8960K)->8835K(8960K) Class: 1225K(1344K)->1225K(1344K)
[2025-08-01T01:07:36.444+0000] GC(619) Pause Young (Normal) (G1 Evacuation Pause) 1819M->1116M(4096M) 72.862ms
[2025-08-01T01:07:36.444+0000] GC(619) User=0.46s Sys=0.03s Real=0.08s
[2025-08-01T01:07:36.634+0000] GC(620) Pause Young (Concurrent Start) (G1 Evacuation Pause)
[2025-08-01T01:07:36.634+0000] GC(620) Using 8 workers of 8 for evacuation
[2025-08-01T01:07:36.795+0000] GC(620)   Pre Evacuate Collection Set: 4.2ms
[2025-08-01T01:07:36.795+0000] GC(620)   Merge Heap Roots: 0.2ms
[2025-08-01T01:07:36.795+0000] GC(620)   Evacuate Collection Set: 155.2ms
[2025-08-01T01:07:36.795+0000] GC(620)   Post Evacuate Collection Set: 1.1ms
[2025-08-01T01:07:36.795+0000] GC(620)   Other: 0.3ms
[2025-08-01T01:07:36.795+0000] GC(620) Eden regions: 489->0(288)
[2025-08-01T01:07:36.795+0000] GC(620) Survivor regions: 63->69(69)
[2025-08-01T01:07:36.795+0000] GC(620) Old regions: 499->907
[2025-08-01T01:07:36.795+0000] GC(620) Archive regions: 2->2
[2025-08-01T01:07:36.795+0000] GC(620) Humongous regions: 0->0
[2025-08-01T01:07:36.795+0000] GC(620) Metaspace: 10061K(10304K)->10061K(10304K) NonClass: 8835K(8960K)->8835K(8960K) Class: 1225K(1344K)->1225K(1344K)
[2025-08-01T01:07:36.796+0000] GC(620) Pause Young (Concurrent Start) (G1 Evacuation Pause) 2094M->1945M(4096M) 161.369ms
[2025-08-01T01:07:36.796+0000] GC(620) User=1.22s Sys=0.03s Real=0.16s
[2025-08-01T01:07:36.796+0000] GC(621) Concurrent Mark Cycle
[2025-08-01T01:07:36.796+0000] GC(621) Concurrent Clear Claimed Marks
[2025-08-01T01:07:36.796+0000] GC(621) Concurrent Clear Claimed Marks 0.017ms
[2025-08-01T01:07:36.796+0000] GC(621) Concurrent Scan Root Regions
[2025-08-01T01:07:36.897+0000] GC(621) Concurrent Scan Root Regions 100.803ms
[2025-08-01T01:07:36.897+0000] GC(621) Concurrent Mark
[2025-08-01T01:07:36.897+0000] GC(621) Concurrent Mark From Roots
[2025-08-01T01:07:36.897+0000] GC(621) Using 2 workers of 2 for marking
[2025-08-01T01:07:36.914+0000] GC(621) Concurrent Mark From Roots 16.941ms
[2025-08-01T01:07:36.914+0000] GC(621) Concurrent Preclean
[2025-08-01T01:07:36.914+0000] GC(621) Concurrent Preclean 0.288ms
[2025-08-01T01:07:36.914+0000] GC(621) Pause Remark
[2025-08-01T01:07:36.917+0000] GC(621) Pause Remark 2511M->1701M(4096M) 2.879ms
[2025-08-01T01:07:36.917+0000] GC(621) User=0.01s Sys=0.00s Real=0.00s
[2025-08-01T01:07:36.917+0000] GC(621) Concurrent Mark 20.642ms
[2025-08-01T01:07:36.917+0000] GC(621) Concurrent Rebuild Remembered Sets
[2025-08-01T01:07:36.929+0000] GC(622) Pause Young (Normal) (G1 Evacuation Pause)
[2025-08-01T01:07:36.929+0000] GC(622) Using 8 workers of 8 for evacuation
[2025-08-01T01:07:37.004+0000] GC(622)   Pre Evacuate Collection Set: 0.5ms
[2025-08-01T01:07:37.004+0000] GC(622)   Merge Heap Roots: 0.3ms
[2025-08-01T01:07:37.004+0000] GC(622)   Evacuate Collection Set: 72.9ms
[2025-08-01T01:07:37.004+0000] GC(622)   Post Evacuate Collection Set: 0.9ms
[2025-08-01T01:07:37.004+0000] GC(622)   Other: 0.2ms
[2025-08-01T01:07:37.004+0000] GC(622) Eden regions: 288->0(367)
[2025-08-01T01:07:37.004+0000] GC(622) Survivor regions: 69->45(45)
[2025-08-01T01:07:37.004+0000] GC(622) Old regions: 498->720
[2025-08-01T01:07:37.004+0000] GC(622) Archive regions: 2->2
[2025-08-01T01:07:37.004+0000] GC(622) Humongous regions: 0->0
[2025-08-01T01:07:37.004+0000] GC(622) Metaspace: 10061K(10304K)->10061K(10304K) NonClass: 8835K(8960K)->8835K(8960K) Class: 1225K(1344K)->1225K(1344K)
[2025-08-01T01:07:37.004+0000] GC(622) Pause Young (Normal) (G1 Evacuation Pause) 1711M->1531M(4096M) 74.916ms
[2025-08-01T01:07:37.004+0000] GC(622) User=0.58s Sys=0.00s Real=0.08s
[2025-08-01T01:07:37.128+0000] GC(621) Concurrent Rebuild Remembered Sets 210.604ms
[2025-08-01T01:07:37.128+0000] GC(621) Pause Cleanup
[2025-08-01T01:07:37.129+0000] GC(621) Pause Cleanup 2219M->2219M(4096M) 0.707ms
[2025-08-01T01:07:37.129+0000] GC(621) User=0.01s Sys=0.00s Real=0.00s
[2025-08-01T01:07:37.129+0000] GC(621) Concurrent Cleanup for Next Mark
[2025-08-01T01:07:37.139+0000] GC(621) Concurrent Cleanup for Next Mark 9.918ms
[2025-08-01T01:07:37.139+0000] GC(621) Concurrent Mark Cycle 343.508ms
[2025-08-01T01:07:37.182+0000] GC(623) Pause Young (Prepare Mixed) (G1 Evacuation Pause)
[2025-08-01T01:07:37.182+0000] GC(623) Using 8 workers of 8 for evacuation
[2025-08-01T01:07:37.285+0000] GC(623)   Pre Evacuate Collection Set: 0.6ms
[2025-08-01T01:07:37.285+0000] GC(623)   Merge Heap Roots: 0.2ms
[2025-08-01T01:07:37.285+0000] GC(623)   Evacuate Collection Set: 100.7ms
[2025-08-01T01:07:37.285+0000] GC(623)   Post Evacuate Collection Set: 1.4ms
[2025-08-01T01:07:37.285+0000] GC(623)   Other: 0.2ms
[2025-08-01T01:07:37.286+0000] GC(623) Eden regions: 367->0(50)
[2025-08-01T01:07:37.286+0000] GC(623) Survivor regions: 45->52(52)
[2025-08-01T01:07:37.286+0000] GC(623) Old regions: 720->907
[2025-08-01T01:07:37.286+0000] GC(623) Archive regions: 2->2
[2025-08-01T01:07:37.286+0000] GC(623) Humongous regions: 0->0
[2025-08-01T01:07:37.286+0000] GC(623) Metaspace: 10061K(10304K)->10061K(10304K) NonClass: 8835K(8960K)->8835K(8960K) Class: 1225K(1344K)->1225K(1344K)
[2025-08-01T01:07:37.286+0000] GC(623) Pause Young (Prepare Mixed) (G1 Evacuation Pause) 2265M->1919M(4096M) 103.230ms
[2025-08-01T01:07:37.286+0000] GC(623) User=0.77s Sys=0.03s Real=0.11s
[2025-08-01T01:07:37.296+0000] GC(624) Pause Young (Mixed) (G1 Evacuation Pause)
[2025-08-01T01:07:37.296+0000] GC(624) Using 8 workers of 8 for evacuation
[2025-08-01T01:07:37.344+0000] GC(624)   Pre Evacuate Collection Set: 0.5ms
[2025-08-01T01:07:37.344+0000] GC(624)   Merge Heap Roots: 0.4ms
[2025-08-01T01:07:37.344+0000] GC(624)   Evacuate Collection Set: 45.9ms
[2025-08-01T01:07:37.344+0000] GC(624)   Post Evacuate Collection Set: 0.8ms
[2025-08-01T01:07:37.344+0000] GC(624)   Other: 0.2ms
[2025-08-01T01:07:37.344+0000] GC(624) Eden regions: 50->0(284)
[2025-08-01T01:07:37.344+0000] GC(624) Survivor regions: 52->13(13)
[2025-08-01T01:07:37.344+0000] GC(624) Old regions: 907->989
[2025-08-01T01:07:37.344+0000] GC(624) Archive regions: 2->2
[2025-08-01T01:07:37.344+0000] GC(624) Humongous regions: 0->0
[2025-08-01T01:07:37.344+0000] GC(624) Metaspace: 10061K(10304K)->10061K(10304K) NonClass: 8835K(8960K)->8835K(8960K) Class: 1225K(1344K)->1225K(1344K)
[2025-08-01T01:07:37.344+0000] GC(624) Pause Young (Mixed) (G1 Evacuation Pause) 2019M->2004M(4096M) 48.033ms
[2025-08-01T01:07:37.344+0000] GC(624) User=0.34s Sys=0.01s Real=0.05s
[2025-08-01T01:07:37.447+0000] GC(625) Pause Young (Concurrent Start) (G1 Evacuation Pause)
[2025-08-01T01:07:37.447+0000] GC(625) Using 8 workers of 8 for evacuation
[2025-08-01T01:07:37.561+0000] GC(625)   Pre Evacuate Collection Set: 0.7ms
[2025-08-01T01:07:37.561+0000] GC(625)   Merge Heap Roots: 0.5ms
[2025-08-01T01:07:37.561+0000] GC(625)   Evacuate Collection Set: 110.5ms
[2025-08-01T01:07:37.561+0000] GC(625)   Post Evacuate Collection Set: 1.9ms
[2025-08-01T01:07:37.561+0000] GC(625)   Other: 0.5ms
[2025-08-01T01:07:37.561+0000] GC(625) Eden regions: 284->0(172)
[2025-08-01T01:07:37.561+0000] GC(625) Survivor regions: 13->38(38)
[2025-08-01T01:07:37.561+0000] GC(625) Old regions: 989->1249
[2025-08-01T01:07:37.561+0000] GC(625) Archive regions: 2->2
[2025-08-01T01:07:37.561+0000] GC(625) Humongous regions: 0->0
[2025-08-01T01:07:37.561+0000] GC(625) Metaspace: 10061K(10304K)->10061K(10304K) NonClass: 8835K(8960K)->8835K(8960K) Class: 1225K(1344K)->1225K(1344K)
[2025-08-01T01:07:37.561+0000] GC(625) Pause Young (Concurrent Start) (G1 Evacuation Pause) 2572M->2575M(4096M) 114.127ms
[2025-08-01T01:07:37.561+0000] GC(625) User=0.81s Sys=0.03s Real=0.11s
[2025-08-01T01:07:37.563+0000] GC(626) Concurrent Mark Cycle
[2025-08-01T01:07:37.563+0000] GC(626) Concurrent Clear Claimed Marks
[2025-08-01T01:07:37.563+0000] GC(626) Concurrent Clear Claimed Marks 0.029ms
[2025-08-01T01:07:37.563+0000] GC(626) Concurrent Scan Root Regions
[2025-08-01T01:07:37.613+0000] GC(626) Concurrent Scan Root Regions 49.371ms
[2025-08-01T01:07:37.613+0000] GC(626) Concurrent Mark
[2025-08-01T01:07:37.613+0000] GC(626) Concurrent Mark From Roots
[2025-08-01T01:07:37.613+0000] GC(626) Using 2 workers of 2 for marking
[2025-08-01T01:07:37.645+0000] GC(627) Pause Young (Normal) (G1 Evacuation Pause)
[2025-08-01T01:07:37.645+0000] GC(627) Using 8 workers of 8 for evacuation
[2025-08-01T01:07:37.712+0000] GC(627)   Pre Evacuate Collection Set: 0.3ms
[2025-08-01T01:07:37.712+0000] GC(627)   Merge Heap Roots: 0.1ms
[2025-08-01T01:07:37.712+0000] GC(627)   Evacuate Collection Set: 66.0ms
[2025-08-01T01:07:37.712+0000] GC(627)   Post Evacuate Collection Set: 0.7ms
[2025-08-01T01:07:37.712+0000] GC(627)   Other: 0.3ms
[2025-08-01T01:07:37.712+0000] GC(627) Eden regions: 172->0(117)
[2025-08-01T01:07:37.712+0000] GC(627) Survivor regions: 38->27(27)
[2025-08-01T01:07:37.712+0000] GC(627) Old regions: 1249->1435
[2025-08-01T01:07:37.712+0000] GC(627) Archive regions: 2->2
[2025-08-01T01:07:37.712+0000] GC(627) Humongous regions: 0->0
[2025-08-01T01:07:37.712+0000] GC(627) Metaspace: 10061K(10304K)->10061K(10304K) NonClass: 8835K(8960K)->8835K(8960K) Class: 1225K(1344K)->1225K(1344K)
[2025-08-01T01:07:37.712+0000] GC(627) Pause Young (Normal) (G1 Evacuation Pause) 2919M->2924M(4096M) 67.398ms
[2025-08-01T01:07:37.712+0000] GC(627) User=0.49s Sys=0.01s Real=0.06s
[2025-08-01T01:07:37.782+0000] GC(628) Pause Young (Normal) (G1 Evacuation Pause)
[2025-08-01T01:07:37.782+0000] GC(628) Using 8 workers of 8 for evacuation
[2025-08-01T01:07:37.822+0000] GC(628)   Pre Evacuate Collection Set: 0.5ms
[2025-08-01T01:07:37.822+0000] GC(628)   Merge Heap Roots: 0.2ms
[2025-08-01T01:07:37.823+0000] GC(628)   Evacuate Collection Set: 39.0ms
[2025-08-01T01:07:37.823+0000] GC(628)   Post Evacuate Collection Set: 0.9ms
[2025-08-01T01:07:37.823+0000] GC(628)   Other: 0.2ms
[2025-08-01T01:07:37.823+0000] GC(628) Eden regions: 117->0(100)
[2025-08-01T01:07:37.823+0000] GC(628) Survivor regions: 27->18(18)
[2025-08-01T01:07:37.823+0000] GC(628) Old regions: 1435->1511
[2025-08-01T01:07:37.823+0000] GC(628) Archive regions: 2->2
[2025-08-01T01:07:37.823+0000] GC(628) Humongous regions: 0->0
[2025-08-01T01:07:37.823+0000] GC(628) Metaspace: 10061K(10304K)->10061K(10304K) NonClass: 8835K(8960K)->8835K(8960K) Class: 1225K(1344K)->1225K(1344K)
[2025-08-01T01:07:37.823+0000] GC(628) Pause Young (Normal) (G1 Evacuation Pause) 3158M->3058M(4096M) 41.045ms
[2025-08-01T01:07:37.823+0000] GC(628) User=0.30s Sys=0.02s Real=0.04s
[2025-08-01T01:07:37.847+0000] GC(629) Pause Young (Normal) (G1 Evacuation Pause)
[2025-08-01T01:07:37.847+0000] GC(629) Using 8 workers of 8 for evacuation
[2025-08-01T01:07:37.898+0000] GC(629)   Pre Evacuate Collection Set: 0.7ms
[2025-08-01T01:07:37.898+0000] GC(629)   Merge Heap Roots: 0.3ms
[2025-08-01T01:07:37.898+0000] GC(629)   Evacuate Collection Set: 49.4ms
[2025-08-01T01:07:37.898+0000] GC(629)   Post Evacuate Collection Set: 1.1ms
[2025-08-01T01:07:37.898+0000] GC(629)   Other: 0.2ms
[2025-08-01T01:07:37.898+0000] GC(629) Eden regions: 100->0(87)
[2025-08-01T01:07:37.898+0000] GC(629) Survivor regions: 18->15(15)
[2025-08-01T01:07:37.898+0000] GC(629) Old regions: 1511->1616
[2025-08-01T01:07:37.898+0000] GC(629) Archive regions: 2->2
[2025-08-01T01:07:37.898+0000] GC(629) Humongous regions: 0->0
[2025-08-01T01:07:37.899+0000] GC(629) Metaspace: 10061K(10304K)->10061K(10304K) NonClass: 8835K(8960K)->8835K(8960K) Class: 1225K(1344K)->1225K(1344K)
[2025-08-01T01:07:37.899+0000] GC(629) Pause Young (Normal) (G1 Evacuation Pause) 3258M->3262M(4096M) 51.964ms
[2025-08-01T01:07:37.899+0000] GC(629) User=0.36s Sys=0.01s Real=0.05s
[2025-08-01T01:07:37.903+0000] GC(626) Concurrent Mark From Roots 290.824ms
[2025-08-01T01:07:37.903+0000] GC(626) Concurrent Preclean
[2025-08-01T01:07:37.904+0000] GC(626) Concurrent Preclean 0.492ms
[2025-08-01T01:07:37.904+0000] GC(626) Pause Remark
[2025-08-01T01:07:37.908+0000] GC(626) Pause Remark 3312M->1938M(4096M) 3.346ms
[2025-08-01T01:07:37.908+0000] GC(626) User=0.01s Sys=0.01s Real=0.00s
[2025-08-01T01:07:37.908+0000] GC(626) Concurrent Mark 295.435ms
[2025-08-01T01:07:37.908+0000] GC(626) Concurrent Rebuild Remembered Sets
[2025-08-01T01:07:37.962+0000] GC(630) Pause Young (Normal) (G1 Evacuation Pause)
[2025-08-01T01:07:37.962+0000] GC(630) Using 8 workers of 8 for evacuation
[2025-08-01T01:07:38.002+0000] GC(630)   Pre Evacuate Collection Set: 0.7ms
[2025-08-01T01:07:38.002+0000] GC(630)   Merge Heap Roots: 0.3ms
[2025-08-01T01:07:38.002+0000] GC(630)   Evacuate Collection Set: 37.9ms
[2025-08-01T01:07:38.002+0000] GC(630)   Post Evacuate Collection Set: 0.9ms
[2025-08-01T01:07:38.002+0000] GC(630)   Other: 0.4ms
[2025-08-01T01:07:38.002+0000] GC(630) Eden regions: 87->0(268)
[2025-08-01T01:07:38.002+0000] GC(630) Survivor regions: 15->13(13)
[2025-08-01T01:07:38.002+0000] GC(630) Old regions: 929->1004
[2025-08-01T01:07:38.002+0000] GC(630) Archive regions: 2->2
[2025-08-01T01:07:38.002+0000] GC(630) Humongous regions: 0->0
[2025-08-01T01:07:38.002+0000] GC(630) Metaspace: 10061K(10304K)->10061K(10304K) NonClass: 8835K(8960K)->8835K(8960K) Class: 1225K(1344K)->1225K(1344K)
[2025-08-01T01:07:38.002+0000] GC(630) Pause Young (Normal) (G1 Evacuation Pause) 2062M->2034M(4096M) 40.232ms
[2025-08-01T01:07:38.002+0000] GC(630) User=0.29s Sys=0.00s Real=0.04s
[2025-08-01T01:07:38.119+0000] GC(631) Pause Young (Normal) (G1 Evacuation Pause)
[2025-08-01T01:07:38.119+0000] GC(631) Using 8 workers of 8 for evacuation
[2025-08-01T01:07:38.214+0000] GC(631)   Pre Evacuate Collection Set: 0.8ms
[2025-08-01T01:07:38.214+0000] GC(631)   Merge Heap Roots: 0.4ms
[2025-08-01T01:07:38.214+0000] GC(631)   Evacuate Collection Set: 93.2ms
[2025-08-01T01:07:38.214+0000] GC(631)   Post Evacuate Collection Set: 0.9ms
[2025-08-01T01:07:38.214+0000] GC(631)   Other: 0.2ms
[2025-08-01T01:07:38.214+0000] GC(631) Eden regions: 268->0(173)
[2025-08-01T01:07:38.214+0000] GC(631) Survivor regions: 13->36(36)
[2025-08-01T01:07:38.214+0000] GC(631) Old regions: 1004->1251
[2025-08-01T01:07:38.214+0000] GC(631) Archive regions: 2->2
[2025-08-01T01:07:38.214+0000] GC(631) Humongous regions: 0->0
[2025-08-01T01:07:38.214+0000] GC(631) Metaspace: 10061K(10304K)->10061K(10304K) NonClass: 8835K(8960K)->8835K(8960K) Class: 1225K(1344K)->1225K(1344K)
[2025-08-01T01:07:38.214+0000] GC(631) Pause Young (Normal) (G1 Evacuation Pause) 2570M->2574M(4096M) 95.701ms
[2025-08-01T01:07:38.214+0000] GC(631) User=0.71s Sys=0.02s Real=0.10s
[2025-08-01T01:07:38.296+0000] GC(632) Pause Young (Normal) (G1 Evacuation Pause)
[2025-08-01T01:07:38.296+0000] GC(632) Using 8 workers of 8 for evacuation
[2025-08-01T01:07:38.365+0000] GC(632)   Pre Evacuate Collection Set: 0.9ms
[2025-08-01T01:07:38.365+0000] GC(632)   Merge Heap Roots: 0.2ms
[2025-08-01T01:07:38.365+0000] GC(632)   Evacuate Collection Set: 66.0ms
[2025-08-01T01:07:38.365+0000] GC(632)   Post Evacuate Collection Set: 1.1ms
[2025-08-01T01:07:38.365+0000] GC(632)   Other: 0.2ms
[2025-08-01T01:07:38.365+0000] GC(632) Eden regions: 173->0(117)
[2025-08-01T01:07:38.365+0000] GC(632) Survivor regions: 36->27(27)
[2025-08-01T01:07:38.365+0000] GC(632) Old regions: 1251->1435
[2025-08-01T01:07:38.365+0000] GC(632) Archive regions: 2->2
[2025-08-01T01:07:38.365+0000] GC(632) Humongous regions: 0->0
[2025-08-01T01:07:38.365+0000] GC(632) Metaspace: 10061K(10304K)->10061K(10304K) NonClass: 8835K(8960K)->8835K(8960K) Class: 1225K(1344K)->1225K(1344K)
[2025-08-01T01:07:38.365+0000] GC(632) Pause Young (Normal) (G1 Evacuation Pause) 2920M->2924M(4096M) 68.646ms
[2025-08-01T01:07:38.365+0000] GC(632) User=0.52s Sys=0.01s Real=0.07s
[2025-08-01T01:07:38.398+0000] GC(626) Concurrent Rebuild Remembered Sets 490.227ms
[2025-08-01T01:07:38.398+0000] GC(626) Pause Cleanup
[2025-08-01T01:07:38.399+0000] GC(626) Pause Cleanup 3112M->3112M(4096M) 0.706ms
[2025-08-01T01:07:38.399+0000] GC(626) User=0.01s Sys=0.00s Real=0.00s
[2025-08-01T01:07:38.399+0000] GC(626) Concurrent Cleanup for Next Mark
[2025-08-01T01:07:38.408+0000] GC(626) Concurrent Cleanup for Next Mark 8.488ms
[2025-08-01T01:07:38.408+0000] GC(626) Concurrent Mark Cycle 844.876ms
[2025-08-01T01:07:38.435+0000] GC(633) Pause Young (Prepare Mixed) (G1 Evacuation Pause)
[2025-08-01T01:07:38.435+0000] GC(633) Using 8 workers of 8 for evacuation
[2025-08-01T01:07:38.475+0000] GC(633)   Pre Evacuate Collection Set: 0.5ms
[2025-08-01T01:07:38.475+0000] GC(633)   Merge Heap Roots: 0.2ms
[2025-08-01T01:07:38.475+0000] GC(633)   Evacuate Collection Set: 37.8ms
[2025-08-01T01:07:38.475+0000] GC(633)   Post Evacuate Collection Set: 1.0ms
[2025-08-01T01:07:38.475+0000] GC(633)   Other: 0.3ms
[2025-08-01T01:07:38.475+0000] GC(633) Eden regions: 117->0(84)
[2025-08-01T01:07:38.475+0000] GC(633) Survivor regions: 27->18(18)
[2025-08-01T01:07:38.475+0000] GC(633) Old regions: 1435->1527
[2025-08-01T01:07:38.475+0000] GC(633) Archive regions: 2->2
[2025-08-01T01:07:38.475+0000] GC(633) Humongous regions: 0->0
[2025-08-01T01:07:38.475+0000] GC(633) Metaspace: 10061K(10304K)->10061K(10304K) NonClass: 8835K(8960K)->8835K(8960K) Class: 1225K(1344K)->1225K(1344K)
[2025-08-01T01:07:38.475+0000] GC(633) Pause Young (Prepare Mixed) (G1 Evacuation Pause) 3158M->3090M(4096M) 39.964ms
[2025-08-01T01:07:38.475+0000] GC(633) User=0.30s Sys=0.01s Real=0.04s
[2025-08-01T01:07:38.491+0000] GC(634) Pause Young (Mixed) (G1 Evacuation Pause)
[2025-08-01T01:07:38.491+0000] GC(634) Using 8 workers of 8 for evacuation
[2025-08-01T01:07:38.530+0000] GC(634)   Pre Evacuate Collection Set: 0.5ms
[2025-08-01T01:07:38.530+0000] GC(634)   Merge Heap Roots: 0.2ms
[2025-08-01T01:07:38.530+0000] GC(634)   Evacuate Collection Set: 37.7ms
[2025-08-01T01:07:38.530+0000] GC(634)   Post Evacuate Collection Set: 0.7ms
[2025-08-01T01:07:38.530+0000] GC(634)   Other: 0.2ms
[2025-08-01T01:07:38.530+0000] GC(634) Eden regions: 84->0(89)
[2025-08-01T01:07:38.530+0000] GC(634) Survivor regions: 18->13(13)
[2025-08-01T01:07:38.530+0000] GC(634) Old regions: 1527->1616
[2025-08-01T01:07:38.530+0000] GC(634) Archive regions: 2->2
[2025-08-01T01:07:38.530+0000] GC(634) Humongous regions: 0->0
[2025-08-01T01:07:38.530+0000] GC(634) Metaspace: 10061K(10304K)->10061K(10304K) NonClass: 8835K(8960K)->8835K(8960K) Class: 1225K(1344K)->1225K(1344K)
[2025-08-01T01:07:38.530+0000] GC(634) Pause Young (Mixed) (G1 Evacuation Pause) 3258M->3258M(4096M) 39.364ms
[2025-08-01T01:07:38.530+0000] GC(634) User=0.29s Sys=0.01s Real=0.04s
[2025-08-01T01:07:38.590+0000] GC(635) Pause Young (Concurrent Start) (G1 Evacuation Pause)
[2025-08-01T01:07:38.590+0000] GC(635) Using 8 workers of 8 for evacuation
[2025-08-01T01:07:38.619+0000] GC(635)   Pre Evacuate Collection Set: 0.4ms
[2025-08-01T01:07:38.619+0000] GC(635)   Merge Heap Roots: 0.1ms
[2025-08-01T01:07:38.619+0000] GC(635)   Evacuate Collection Set: 27.9ms
[2025-08-01T01:07:38.619+0000] GC(635)   Post Evacuate Collection Set: 0.9ms
[2025-08-01T01:07:38.619+0000] GC(635)   Other: 0.2ms
[2025-08-01T01:07:38.619+0000] GC(635) Eden regions: 89->0(89)
[2025-08-01T01:07:38.619+0000] GC(635) Survivor regions: 13->13(13)
[2025-08-01T01:07:38.619+0000] GC(635) Old regions: 1616->1681
[2025-08-01T01:07:38.619+0000] GC(635) Archive regions: 2->2
[2025-08-01T01:07:38.620+0000] GC(635) Humongous regions: 0->0
[2025-08-01T01:07:38.620+0000] GC(635) Metaspace: 10061K(10304K)->10061K(10304K) NonClass: 8835K(8960K)->8835K(8960K) Class: 1225K(1344K)->1225K(1344K)
[2025-08-01T01:07:38.620+0000] GC(635) Pause Young (Concurrent Start) (G1 Evacuation Pause) 3436M->3388M(4096M) 29.716ms
[2025-08-01T01:07:38.620+0000] GC(635) User=0.20s Sys=0.02s Real=0.03s
[2025-08-01T01:07:38.620+0000] GC(636) Concurrent Mark Cycle
[2025-08-01T01:07:38.620+0000] GC(636) Concurrent Clear Claimed Marks
[2025-08-01T01:07:38.620+0000] GC(636) Concurrent Clear Claimed Marks 0.128ms
[2025-08-01T01:07:38.620+0000] GC(636) Concurrent Scan Root Regions
[2025-08-01T01:07:38.640+0000] GC(636) Concurrent Scan Root Regions 20.264ms
[2025-08-01T01:07:38.640+0000] GC(637) Pause Young (Normal) (G1 Evacuation Pause)
[2025-08-01T01:07:38.640+0000] GC(637) Using 8 workers of 8 for evacuation
[2025-08-01T01:07:38.640+0000] GC(636) Concurrent Mark
[2025-08-01T01:07:38.640+0000] GC(636) Concurrent Mark From Roots
[2025-08-01T01:07:38.640+0000] GC(636) Using 2 workers of 2 for marking
[2025-08-01T01:07:38.676+0000] GC(637)   Pre Evacuate Collection Set: 4.9ms
[2025-08-01T01:07:38.677+0000] GC(637)   Merge Heap Roots: 0.1ms
[2025-08-01T01:07:38.677+0000] GC(637)   Evacuate Collection Set: 33.7ms
[2025-08-01T01:07:38.677+0000] GC(637)   Post Evacuate Collection Set: 1.2ms
[2025-08-01T01:07:38.677+0000] GC(637)   Other: 0.2ms
[2025-08-01T01:07:38.677+0000] GC(637) Eden regions: 89->0(89)
[2025-08-01T01:07:38.677+0000] GC(637) Survivor regions: 13->13(13)
[2025-08-01T01:07:38.677+0000] GC(637) Old regions: 1681->1772
[2025-08-01T01:07:38.677+0000] GC(637) Archive regions: 2->2
[2025-08-01T01:07:38.677+0000] GC(637) Humongous regions: 0->0
[2025-08-01T01:07:38.677+0000] GC(637) Metaspace: 10061K(10304K)->10061K(10304K) NonClass: 8835K(8960K)->8835K(8960K) Class: 1225K(1344K)->1225K(1344K)
[2025-08-01T01:07:38.677+0000] GC(637) Pause Young (Normal) (G1 Evacuation Pause) 3566M->3571M(4096M) 36.447ms
[2025-08-01T01:07:38.677+0000] GC(637) User=0.27s Sys=0.01s Real=0.04s
[2025-08-01T01:07:38.738+0000] GC(638) Pause Young (Normal) (G1 Evacuation Pause)
[2025-08-01T01:07:38.738+0000] GC(638) Using 8 workers of 8 for evacuation
[2025-08-01T01:07:38.765+0000] GC(638)   Pre Evacuate Collection Set: 0.4ms
[2025-08-01T01:07:38.765+0000] GC(638)   Merge Heap Roots: 0.1ms
[2025-08-01T01:07:38.765+0000] GC(638)   Evacuate Collection Set: 25.0ms
[2025-08-01T01:07:38.765+0000] GC(638)   Post Evacuate Collection Set: 1.0ms
[2025-08-01T01:07:38.765+0000] GC(638)   Other: 0.2ms
[2025-08-01T01:07:38.765+0000] GC(638) Eden regions: 89->0(89)
[2025-08-01T01:07:38.765+0000] GC(638) Survivor regions: 13->13(13)
[2025-08-01T01:07:38.765+0000] GC(638) Old regions: 1772->1832
[2025-08-01T01:07:38.765+0000] GC(638) Archive regions: 2->2
[2025-08-01T01:07:38.765+0000] GC(638) Humongous regions: 0->0
[2025-08-01T01:07:38.765+0000] GC(638) Metaspace: 10061K(10304K)->10061K(10304K) NonClass: 8835K(8960K)->8835K(8960K) Class: 1225K(1344K)->1225K(1344K)
[2025-08-01T01:07:38.765+0000] GC(638) Pause Young (Normal) (G1 Evacuation Pause) 3749M->3690M(4096M) 26.961ms
[2025-08-01T01:07:38.765+0000] GC(638) User=0.19s Sys=0.01s Real=0.03s
[2025-08-01T01:07:38.784+0000] GC(639) Pause Young (Normal) (G1 Evacuation Pause)
[2025-08-01T01:07:38.784+0000] GC(639) Using 8 workers of 8 for evacuation
[2025-08-01T01:07:38.821+0000] GC(639)   Pre Evacuate Collection Set: 0.7ms
[2025-08-01T01:07:38.821+0000] GC(639)   Merge Heap Roots: 0.2ms
[2025-08-01T01:07:38.821+0000] GC(639)   Evacuate Collection Set: 34.3ms
[2025-08-01T01:07:38.821+0000] GC(639)   Post Evacuate Collection Set: 0.9ms
[2025-08-01T01:07:38.821+0000] GC(639)   Other: 0.2ms
[2025-08-01T01:07:38.821+0000] GC(639) Eden regions: 89->0(89)
[2025-08-01T01:07:38.821+0000] GC(639) Survivor regions: 13->13(13)
[2025-08-01T01:07:38.821+0000] GC(639) Old regions: 1832->1923
[2025-08-01T01:07:38.821+0000] GC(639) Archive regions: 2->2
[2025-08-01T01:07:38.821+0000] GC(639) Humongous regions: 0->0
[2025-08-01T01:07:38.821+0000] GC(639) Metaspace: 10061K(10304K)->10061K(10304K) NonClass: 8835K(8960K)->8835K(8960K) Class: 1225K(1344K)->1225K(1344K)
[2025-08-01T01:07:38.821+0000] GC(639) Pause Young (Normal) (G1 Evacuation Pause) 3868M->3872M(4096M) 36.476ms
[2025-08-01T01:07:38.821+0000] GC(639) User=0.26s Sys=0.01s Real=0.03s
[2025-08-01T01:07:38.831+0000] GC(640) Pause Young (Normal) (G1 Preventive Collection)
[2025-08-01T01:07:38.832+0000] GC(640) Using 8 workers of 8 for evacuation
[2025-08-01T01:07:38.851+0000] GC(640)   Pre Evacuate Collection Set: 0.9ms
[2025-08-01T01:07:38.851+0000] GC(640)   Merge Heap Roots: 0.1ms
[2025-08-01T01:07:38.851+0000] GC(640)   Evacuate Collection Set: 17.1ms
[2025-08-01T01:07:38.851+0000] GC(640)   Post Evacuate Collection Set: 0.8ms
[2025-08-01T01:07:38.851+0000] GC(640)   Other: 0.2ms
[2025-08-01T01:07:38.851+0000] GC(640) Eden regions: 46->0(89)
[2025-08-01T01:07:38.851+0000] GC(640) Survivor regions: 13->13(13)
[2025-08-01T01:07:38.851+0000] GC(640) Old regions: 1923->1970
[2025-08-01T01:07:38.851+0000] GC(640) Archive regions: 2->2
[2025-08-01T01:07:38.851+0000] GC(640) Humongous regions: 0->0
[2025-08-01T01:07:38.851+0000] GC(640) Metaspace: 10061K(10304K)->10061K(10304K) NonClass: 8835K(8960K)->8835K(8960K) Class: 1225K(1344K)->1225K(1344K)
[2025-08-01T01:07:38.851+0000] GC(640) Pause Young (Normal) (G1 Preventive Collection) 3964M->3967M(4096M) 19.285ms
[2025-08-01T01:07:38.851+0000] GC(640) User=0.13s Sys=0.00s Real=0.02s
[2025-08-01T01:07:38.856+0000] GC(641) Pause Young (Normal) (G1 Preventive Collection)
[2025-08-01T01:07:38.856+0000] GC(641) Using 8 workers of 8 for evacuation
[2025-08-01T01:07:38.868+0000] GC(641)   Pre Evacuate Collection Set: 0.3ms
[2025-08-01T01:07:38.868+0000] GC(641)   Merge Heap Roots: 0.1ms
[2025-08-01T01:07:38.868+0000] GC(641)   Evacuate Collection Set: 10.9ms
[2025-08-01T01:07:38.868+0000] GC(641)   Post Evacuate Collection Set: 0.6ms
[2025-08-01T01:07:38.868+0000] GC(641)   Other: 0.2ms
[2025-08-01T01:07:38.868+0000] GC(641) Eden regions: 23->0(89)
[2025-08-01T01:07:38.868+0000] GC(641) Survivor regions: 13->13(13)
[2025-08-01T01:07:38.868+0000] GC(641) Old regions: 1970->1996
[2025-08-01T01:07:38.868+0000] GC(641) Archive regions: 2->2
[2025-08-01T01:07:38.868+0000] GC(641) Humongous regions: 0->0
[2025-08-01T01:07:38.868+0000] GC(641) Metaspace: 10061K(10304K)->10061K(10304K) NonClass: 8835K(8960K)->8835K(8960K) Class: 1225K(1344K)->1225K(1344K)
[2025-08-01T01:07:38.868+0000] GC(641) Pause Young (Normal) (G1 Preventive Collection) 4013M->4018M(4096M) 12.136ms
[2025-08-01T01:07:38.868+0000] GC(641) User=0.08s Sys=0.00s Real=0.01s
[2025-08-01T01:07:38.871+0000] GC(642) Pause Young (Normal) (G1 Preventive Collection)
[2025-08-01T01:07:38.871+0000] GC(642) Using 8 workers of 8 for evacuation
[2025-08-01T01:07:38.880+0000] GC(642)   Pre Evacuate Collection Set: 0.3ms
[2025-08-01T01:07:38.880+0000] GC(642)   Merge Heap Roots: 0.5ms
[2025-08-01T01:07:38.880+0000] GC(642)   Evacuate Collection Set: 7.1ms
[2025-08-01T01:07:38.880+0000] GC(642)   Post Evacuate Collection Set: 0.8ms
[2025-08-01T01:07:38.880+0000] GC(642)   Other: 0.2ms
[2025-08-01T01:07:38.880+0000] GC(642) Eden regions: 10->0(90)
[2025-08-01T01:07:38.880+0000] GC(642) Survivor regions: 13->12(13)
[2025-08-01T01:07:38.880+0000] GC(642) Old regions: 1996->2011
[2025-08-01T01:07:38.880+0000] GC(642) Archive regions: 2->2
[2025-08-01T01:07:38.880+0000] GC(642) Humongous regions: 0->0
[2025-08-01T01:07:38.880+0000] GC(642) Metaspace: 10061K(10304K)->10061K(10304K) NonClass: 8835K(8960K)->8835K(8960K) Class: 1225K(1344K)->1225K(1344K)
[2025-08-01T01:07:38.880+0000] GC(642) Pause Young (Normal) (G1 Preventive Collection) 4038M->4046M(4096M) 9.063ms
[2025-08-01T01:07:38.880+0000] GC(642) User=0.06s Sys=0.00s Real=0.01s
[2025-08-01T01:07:38.883+0000] GC(643) Pause Young (Normal) (G1 Preventive Collection)
[2025-08-01T01:07:38.883+0000] GC(643) Using 8 workers of 8 for evacuation
[2025-08-01T01:07:38.889+0000] GC(643)   Pre Evacuate Collection Set: 0.5ms
[2025-08-01T01:07:38.889+0000] GC(643)   Merge Heap Roots: 0.1ms
[2025-08-01T01:07:38.889+0000] GC(643)   Evacuate Collection Set: 4.1ms
[2025-08-01T01:07:38.889+0000] GC(643)   Post Evacuate Collection Set: 0.6ms
[2025-08-01T01:07:38.889+0000] GC(643)   Other: 0.2ms
[2025-08-01T01:07:38.889+0000] GC(643) Eden regions: 4->0(98)
[2025-08-01T01:07:38.889+0000] GC(643) Survivor regions: 12->4(13)
[2025-08-01T01:07:38.889+0000] GC(643) Old regions: 2011->2022
[2025-08-01T01:07:38.889+0000] GC(643) Archive regions: 2->2
[2025-08-01T01:07:38.889+0000] GC(643) Humongous regions: 0->0
[2025-08-01T01:07:38.889+0000] GC(643) Metaspace: 10061K(10304K)->10061K(10304K) NonClass: 8835K(8960K)->8835K(8960K) Class: 1225K(1344K)->1225K(1344K)
[2025-08-01T01:07:38.889+0000] GC(643) Pause Young (Normal) (G1 Preventive Collection) 4054M->4053M(4096M) 5.857ms
[2025-08-01T01:07:38.889+0000] GC(643) User=0.02s Sys=0.01s Real=0.00s
[2025-08-01T01:07:38.892+0000] GC(644) Pause Young (Normal) (G1 Preventive Collection)
[2025-08-01T01:07:38.892+0000] GC(644) Using 8 workers of 8 for evacuation
[2025-08-01T01:07:38.897+0000] GC(644)   Pre Evacuate Collection Set: 0.7ms
[2025-08-01T01:07:38.898+0000] GC(644)   Merge Heap Roots: 0.1ms
[2025-08-01T01:07:38.898+0000] GC(644)   Evacuate Collection Set: 3.4ms
[2025-08-01T01:07:38.898+0000] GC(644)   Post Evacuate Collection Set: 0.7ms
[2025-08-01T01:07:38.898+0000] GC(644)   Other: 0.2ms
[2025-08-01T01:07:38.898+0000] GC(644) Eden regions: 7->0(91)
[2025-08-01T01:07:38.898+0000] GC(644) Survivor regions: 4->11(13)
[2025-08-01T01:07:38.898+0000] GC(644) Old regions: 2022->2022
[2025-08-01T01:07:38.898+0000] GC(644) Archive regions: 2->2
[2025-08-01T01:07:38.898+0000] GC(644) Humongous regions: 0->0
[2025-08-01T01:07:38.898+0000] GC(644) Metaspace: 10061K(10304K)->10061K(10304K) NonClass: 8835K(8960K)->8835K(8960K) Class: 1225K(1344K)->1225K(1344K)
[2025-08-01T01:07:38.898+0000] GC(644) Pause Young (Normal) (G1 Preventive Collection) 4067M->4067M(4096M) 5.299ms
[2025-08-01T01:07:38.898+0000] GC(644) User=0.03s Sys=0.00s Real=0.01s
[2025-08-01T01:07:38.900+0000] GC(645) Pause Young (Normal) (G1 Preventive Collection)
[2025-08-01T01:07:38.900+0000] GC(645) Using 8 workers of 8 for evacuation
[2025-08-01T01:07:38.906+0000] GC(645) To-space exhausted
[2025-08-01T01:07:38.906+0000] GC(645)   Pre Evacuate Collection Set: 0.4ms
[2025-08-01T01:07:38.906+0000] GC(645)   Merge Heap Roots: 0.4ms
[2025-08-01T01:07:38.906+0000] GC(645)   Evacuate Collection Set: 3.9ms
[2025-08-01T01:07:38.906+0000] GC(645)   Post Evacuate Collection Set: 1.2ms
[2025-08-01T01:07:38.906+0000] GC(645)   Other: 0.2ms
[2025-08-01T01:07:38.906+0000] GC(645) Eden regions: 1->0(100)
[2025-08-01T01:07:38.906+0000] GC(645) Survivor regions: 11->2(12)
[2025-08-01T01:07:38.906+0000] GC(645) Old regions: 2022->2036
[2025-08-01T01:07:38.906+0000] GC(645) Archive regions: 2->2
[2025-08-01T01:07:38.906+0000] GC(645) Humongous regions: 0->0
[2025-08-01T01:07:38.906+0000] GC(645) Metaspace: 10061K(10304K)->10061K(10304K) NonClass: 8835K(8960K)->8835K(8960K) Class: 1225K(1344K)->1225K(1344K)
[2025-08-01T01:07:38.906+0000] GC(645) Pause Young (Normal) (G1 Preventive Collection) 4069M->4076M(4096M) 6.163ms
[2025-08-01T01:07:38.906+0000] GC(645) User=0.03s Sys=0.00s Real=0.01s
[2025-08-01T01:07:38.908+0000] GC(646) Pause Young (Normal) (G1 Preventive Collection)
[2025-08-01T01:07:38.908+0000] GC(646) Using 8 workers of 8 for evacuation
[2025-08-01T01:07:38.910+0000] GC(646)   Pre Evacuate Collection Set: 0.4ms
[2025-08-01T01:07:38.910+0000] GC(646)   Merge Heap Roots: 0.1ms
[2025-08-01T01:07:38.910+0000] GC(646)   Evacuate Collection Set: 1.4ms
[2025-08-01T01:07:38.910+0000] GC(646)   Post Evacuate Collection Set: 0.6ms
[2025-08-01T01:07:38.910+0000] GC(646)   Other: 0.2ms
[2025-08-01T01:07:38.910+0000] GC(646) Eden regions: 3->0(97)
[2025-08-01T01:07:38.911+0000] GC(646) Survivor regions: 2->5(5)
[2025-08-01T01:07:38.911+0000] GC(646) Old regions: 2036->2036
[2025-08-01T01:07:38.911+0000] GC(646) Archive regions: 2->2
[2025-08-01T01:07:38.911+0000] GC(646) Humongous regions: 0->0
[2025-08-01T01:07:38.911+0000] GC(646) Metaspace: 10061K(10304K)->10061K(10304K) NonClass: 8835K(8960K)->8835K(8960K) Class: 1225K(1344K)->1225K(1344K)
[2025-08-01T01:07:38.911+0000] GC(646) Pause Young (Normal) (G1 Preventive Collection) 4082M->4082M(4096M) 2.905ms
[2025-08-01T01:07:38.911+0000] GC(646) User=0.01s Sys=0.00s Real=0.00s
[2025-08-01T01:07:38.912+0000] GC(647) Pause Young (Normal) (G1 Preventive Collection)
[2025-08-01T01:07:38.912+0000] GC(647) Using 8 workers of 8 for evacuation
[2025-08-01T01:07:38.916+0000] GC(647) To-space exhausted
[2025-08-01T01:07:38.916+0000] GC(647)   Pre Evacuate Collection Set: 0.4ms
[2025-08-01T01:07:38.916+0000] GC(647)   Merge Heap Roots: 0.1ms
[2025-08-01T01:07:38.916+0000] GC(647)   Evacuate Collection Set: 2.0ms
[2025-08-01T01:07:38.916+0000] GC(647)   Post Evacuate Collection Set: 1.2ms
[2025-08-01T01:07:38.916+0000] GC(647)   Other: 0.3ms
[2025-08-01T01:07:38.916+0000] GC(647) Eden regions: 1->0(98)
[2025-08-01T01:07:38.916+0000] GC(647) Survivor regions: 5->4(4)
[2025-08-01T01:07:38.916+0000] GC(647) Old regions: 2036->2042
[2025-08-01T01:07:38.916+0000] GC(647) Archive regions: 2->2
[2025-08-01T01:07:38.916+0000] GC(647) Humongous regions: 0->0
[2025-08-01T01:07:38.916+0000] GC(647) Metaspace: 10061K(10304K)->10061K(10304K) NonClass: 8835K(8960K)->8835K(8960K) Class: 1225K(1344K)->1225K(1344K)
[2025-08-01T01:07:38.916+0000] GC(647) Pause Young (Normal) (G1 Preventive Collection) 4084M->4092M(4096M) 4.174ms
[2025-08-01T01:07:38.916+0000] GC(647) User=0.02s Sys=0.01s Real=0.01s
[2025-08-01T01:07:38.916+0000] Attempting full compaction
[2025-08-01T01:07:38.916+0000] GC(648) Pause Full (G1 Compaction Pause)
[2025-08-01T01:07:38.916+0000] GC(648) Using 8 workers of 8 for full compaction
[2025-08-01T01:07:38.922+0000] GC(648) Phase 1: Mark live objects
[2025-08-01T01:07:38.969+0000] GC(648) Phase 1: Mark live objects 46.653ms
[2025-08-01T01:07:38.969+0000] GC(648) Phase 2: Prepare for compaction
[2025-08-01T01:07:38.984+0000] GC(648) Phase 2: Prepare for compaction 15.602ms
[2025-08-01T01:07:38.984+0000] GC(648) Phase 3: Adjust pointers
[2025-08-01T01:07:39.014+0000] GC(648) Phase 3: Adjust pointers 29.128ms
[2025-08-01T01:07:39.014+0000] GC(648) Phase 4: Compact heap
[2025-08-01T01:07:39.046+0000] GC(648) Phase 4: Compact heap 32.478ms
[2025-08-01T01:07:39.053+0000] GC(648) Eden regions: 0->0(563)
[2025-08-01T01:07:39.053+0000] GC(648) Survivor regions: 4->0(4)
[2025-08-01T01:07:39.053+0000] GC(648) Old regions: 2042->341
[2025-08-01T01:07:39.053+0000] GC(648) Archive regions: 2->2
[2025-08-01T01:07:39.053+0000] GC(648) Humongous regions: 0->0
[2025-08-01T01:07:39.053+0000] GC(648) Metaspace: 10061K(10304K)->10061K(10304K) NonClass: 8835K(8960K)->8835K(8960K) Class: 1225K(1344K)->1225K(1344K)
[2025-08-01T01:07:39.053+0000] GC(648) Pause Full (G1 Compaction Pause) 4092M->676M(4096M) 136.772ms
[2025-08-01T01:07:39.053+0000] GC(648) User=0.98s Sys=0.00s Real=0.14s
[2025-08-01T01:07:39.053+0000] GC(636) Concurrent Mark From Roots 413.134ms
[2025-08-01T01:07:39.053+0000] GC(636) Concurrent Mark Abort
[2025-08-01T01:07:39.054+0000] GC(636) Concurrent Mark Cycle 433.780ms
[2025-08-01T01:07:39.313+0000] GC(649) Pause Young (Normal) (G1 Evacuation Pause)
[2025-08-01T01:07:39.313+0000] GC(649) Using 8 workers of 8 for evacuation
[2025-08-01T01:07:39.491+0000] GC(649)   Pre Evacuate Collection Set: 0.4ms
[2025-08-01T01:07:39.491+0000] GC(649)   Merge Heap Roots: 0.4ms
[2025-08-01T01:07:39.491+0000] GC(649)   Evacuate Collection Set: 175.3ms
[2025-08-01T01:07:39.491+0000] GC(649)   Post Evacuate Collection Set: 1.6ms
[2025-08-01T01:07:39.491+0000] GC(649)   Other: 0.2ms
[2025-08-01T01:07:39.491+0000] GC(649) Eden regions: 563->0(423)
[2025-08-01T01:07:39.491+0000] GC(649) Survivor regions: 0->71(71)
[2025-08-01T01:07:39.491+0000] GC(649) Old regions: 341->612
[2025-08-01T01:07:39.491+0000] GC(649) Archive regions: 2->2
[2025-08-01T01:07:39.491+0000] GC(649) Humongous regions: 0->0
[2025-08-01T01:07:39.491+0000] GC(649) Metaspace: 10061K(10304K)->10061K(10304K) NonClass: 8835K(8960K)->8835K(8960K) Class: 1225K(1344K)->1225K(1344K)
[2025-08-01T01:07:39.491+0000] GC(649) Pause Young (Normal) (G1 Evacuation Pause) 1802M->1359M(4096M) 178.338ms
[2025-08-01T01:07:39.491+0000] GC(649) User=1.24s Sys=0.06s Real=0.18s
[2025-08-01T01:07:39.663+0000] GC(650) Pause Young (Concurrent Start) (G1 Evacuation Pause)
[2025-08-01T01:07:39.663+0000] GC(650) Using 8 workers of 8 for evacuation
[2025-08-01T01:07:39.777+0000] GC(650)   Pre Evacuate Collection Set: 0.8ms
[2025-08-01T01:07:39.777+0000] GC(650)   Merge Heap Roots: 1.1ms
[2025-08-01T01:07:39.777+0000] GC(650)   Evacuate Collection Set: 110.0ms
[2025-08-01T01:07:39.777+0000] GC(650)   Post Evacuate Collection Set: 1.3ms
[2025-08-01T01:07:39.777+0000] GC(650)   Other: 0.4ms
[2025-08-01T01:07:39.777+0000] GC(650) Eden regions: 423->0(277)
[2025-08-01T01:07:39.777+0000] GC(650) Survivor regions: 71->62(62)
[2025-08-01T01:07:39.777+0000] GC(650) Old regions: 612->933
[2025-08-01T01:07:39.777+0000] GC(650) Archive regions: 2->2
[2025-08-01T01:07:39.777+0000] GC(650) Humongous regions: 0->0
[2025-08-01T01:07:39.777+0000] GC(650) Metaspace: 10061K(10304K)->10061K(10304K) NonClass: 8835K(8960K)->8835K(8960K) Class: 1225K(1344K)->1225K(1344K)
[2025-08-01T01:07:39.777+0000] GC(650) Pause Young (Concurrent Start) (G1 Evacuation Pause) 2205M->1983M(4096M) 113.822ms
[2025-08-01T01:07:39.777+0000] GC(650) User=0.88s Sys=0.00s Real=0.11s
[2025-08-01T01:07:39.777+0000] GC(651) Concurrent Mark Cycle
[2025-08-01T01:07:39.777+0000] GC(651) Concurrent Clear Claimed Marks
[2025-08-01T01:07:39.777+0000] GC(651) Concurrent Clear Claimed Marks 0.029ms
[2025-08-01T01:07:39.777+0000] GC(651) Concurrent Scan Root Regions
[2025-08-01T01:07:39.859+0000] GC(651) Concurrent Scan Root Regions 81.809ms
[2025-08-01T01:07:39.859+0000] GC(651) Concurrent Mark
[2025-08-01T01:07:39.859+0000] GC(651) Concurrent Mark From Roots
[2025-08-01T01:07:39.859+0000] GC(651) Using 2 workers of 2 for marking
[2025-08-01T01:07:39.884+0000] GC(652) Pause Young (Normal) (G1 Evacuation Pause)
[2025-08-01T01:07:39.885+0000] GC(652) Using 8 workers of 8 for evacuation
[2025-08-01T01:07:39.984+0000] GC(652)   Pre Evacuate Collection Set: 0.8ms
[2025-08-01T01:07:39.984+0000] GC(652)   Merge Heap Roots: 0.3ms
[2025-08-01T01:07:39.984+0000] GC(652)   Evacuate Collection Set: 96.9ms
[2025-08-01T01:07:39.984+0000] GC(652)   Post Evacuate Collection Set: 1.0ms
[2025-08-01T01:07:39.984+0000] GC(652)   Other: 0.2ms
[2025-08-01T01:07:39.984+0000] GC(652) Eden regions: 277->0(178)
[2025-08-01T01:07:39.984+0000] GC(652) Survivor regions: 62->43(43)
[2025-08-01T01:07:39.984+0000] GC(652) Old regions: 933->1231
[2025-08-01T01:07:39.984+0000] GC(652) Archive regions: 2->2
[2025-08-01T01:07:39.984+0000] GC(652) Humongous regions: 0->0
[2025-08-01T01:07:39.984+0000] GC(652) Metaspace: 10061K(10304K)->10061K(10304K) NonClass: 8835K(8960K)->8835K(8960K) Class: 1225K(1344K)->1225K(1344K)
[2025-08-01T01:07:39.984+0000] GC(652) Pause Young (Normal) (G1 Evacuation Pause) 2537M->2541M(4096M) 99.514ms
[2025-08-01T01:07:39.984+0000] GC(652) User=0.77s Sys=0.00s Real=0.10s
[2025-08-01T01:07:39.990+0000] GC(651) Concurrent Mark From Roots 130.725ms
[2025-08-01T01:07:39.990+0000] GC(651) Concurrent Preclean
[2025-08-01T01:07:39.999+0000] GC(651) Concurrent Preclean 8.726ms
[2025-08-01T01:07:39.999+0000] GC(651) Pause Remark
[2025-08-01T01:07:40.001+0000] GC(651) Pause Remark 2610M->1775M(4096M) 1.601ms
[2025-08-01T01:07:40.001+0000] GC(651) User=0.00s Sys=0.00s Real=0.00s
[2025-08-01T01:07:40.001+0000] GC(651) Concurrent Mark 141.490ms
[2025-08-01T01:07:40.001+0000] GC(651) Concurrent Rebuild Remembered Sets
[2025-08-01T01:07:40.072+0000] GC(653) Pause Young (Normal) (G1 Evacuation Pause)
[2025-08-01T01:07:40.072+0000] GC(653) Using 8 workers of 8 for evacuation
[2025-08-01T01:07:40.129+0000] GC(653)   Pre Evacuate Collection Set: 0.4ms
[2025-08-01T01:07:40.129+0000] GC(653)   Merge Heap Roots: 0.1ms
[2025-08-01T01:07:40.129+0000] GC(653)   Evacuate Collection Set: 54.9ms
[2025-08-01T01:07:40.129+0000] GC(653)   Post Evacuate Collection Set: 1.0ms
[2025-08-01T01:07:40.129+0000] GC(653)   Other: 0.2ms
[2025-08-01T01:07:40.129+0000] GC(653) Eden regions: 178->0(265)
[2025-08-01T01:07:40.129+0000] GC(653) Survivor regions: 43->28(28)
[2025-08-01T01:07:40.129+0000] GC(653) Old regions: 810->973
[2025-08-01T01:07:40.129+0000] GC(653) Archive regions: 2->2
[2025-08-01T01:07:40.129+0000] GC(653) Humongous regions: 0->0
[2025-08-01T01:07:40.129+0000] GC(653) Metaspace: 10061K(10304K)->10061K(10304K) NonClass: 8835K(8960K)->8835K(8960K) Class: 1225K(1344K)->1225K(1344K)
[2025-08-01T01:07:40.129+0000] GC(653) Pause Young (Normal) (G1 Evacuation Pause) 2062M->2003M(4096M) 56.763ms
[2025-08-01T01:07:40.129+0000] GC(653) User=0.44s Sys=0.00s Real=0.06s
[2025-08-01T01:07:40.250+0000] GC(651) Concurrent Rebuild Remembered Sets 249.062ms
[2025-08-01T01:07:40.250+0000] GC(651) Pause Cleanup
[2025-08-01T01:07:40.251+0000] GC(651) Pause Cleanup 2439M->2439M(4096M) 0.899ms
[2025-08-01T01:07:40.251+0000] GC(651) User=0.00s Sys=0.00s Real=0.00s
[2025-08-01T01:07:40.251+0000] GC(651) Concurrent Cleanup for Next Mark
[2025-08-01T01:07:40.259+0000] GC(651) Concurrent Cleanup for Next Mark 7.671ms
[2025-08-01T01:07:40.259+0000] GC(651) Concurrent Mark Cycle 481.450ms
[2025-08-01T01:07:40.279+0000] GC(654) Pause Young (Prepare Mixed) (G1 Evacuation Pause)
[2025-08-01T01:07:40.279+0000] GC(654) Using 8 workers of 8 for evacuation
[2025-08-01T01:07:40.350+0000] GC(654)   Pre Evacuate Collection Set: 0.8ms
[2025-08-01T01:07:40.350+0000] GC(654)   Merge Heap Roots: 0.3ms
[2025-08-01T01:07:40.350+0000] GC(654)   Evacuate Collection Set: 69.4ms
[2025-08-01T01:07:40.350+0000] GC(654)   Post Evacuate Collection Set: 1.1ms
[2025-08-01T01:07:40.351+0000] GC(654)   Other: 0.3ms
[2025-08-01T01:07:40.351+0000] GC(654) Eden regions: 265->0(65)
[2025-08-01T01:07:40.351+0000] GC(654) Survivor regions: 28->37(37)
[2025-08-01T01:07:40.351+0000] GC(654) Old regions: 973->1142
[2025-08-01T01:07:40.351+0000] GC(654) Archive regions: 2->2
[2025-08-01T01:07:40.351+0000] GC(654) Humongous regions: 0->0
[2025-08-01T01:07:40.351+0000] GC(654) Metaspace: 10061K(10304K)->10061K(10304K) NonClass: 8835K(8960K)->8835K(8960K) Class: 1225K(1344K)->1225K(1344K)
[2025-08-01T01:07:40.351+0000] GC(654) Pause Young (Prepare Mixed) (G1 Evacuation Pause) 2533M->2359M(4096M) 72.000ms
[2025-08-01T01:07:40.351+0000] GC(654) User=0.54s Sys=0.01s Real=0.07s
[2025-08-01T01:07:40.363+0000] GC(655) Pause Young (Mixed) (G1 Evacuation Pause)
[2025-08-01T01:07:40.363+0000] GC(655) Using 8 workers of 8 for evacuation
[2025-08-01T01:07:40.403+0000] GC(655)   Pre Evacuate Collection Set: 0.5ms
[2025-08-01T01:07:40.403+0000] GC(655)   Merge Heap Roots: 0.2ms
[2025-08-01T01:07:40.403+0000] GC(655)   Evacuate Collection Set: 38.7ms
[2025-08-01T01:07:40.403+0000] GC(655)   Post Evacuate Collection Set: 0.8ms
[2025-08-01T01:07:40.403+0000] GC(655)   Other: 0.2ms
[2025-08-01T01:07:40.403+0000] GC(655) Eden regions: 65->0(206)
[2025-08-01T01:07:40.403+0000] GC(655) Survivor regions: 37->13(13)
[2025-08-01T01:07:40.403+0000] GC(655) Old regions: 1142->1182
[2025-08-01T01:07:40.403+0000] GC(655) Archive regions: 2->2
[2025-08-01T01:07:40.403+0000] GC(655) Humongous regions: 0->0
[2025-08-01T01:07:40.403+0000] GC(655) Metaspace: 10061K(10304K)->10061K(10304K) NonClass: 8835K(8960K)->8835K(8960K) Class: 1225K(1344K)->1225K(1344K)
[2025-08-01T01:07:40.403+0000] GC(655) Pause Young (Mixed) (G1 Evacuation Pause) 2489M->2391M(4096M) 40.487ms
[2025-08-01T01:07:40.403+0000] GC(655) User=0.30s Sys=0.01s Real=0.05s
[2025-08-01T01:07:40.498+0000] GC(656) Pause Young (Concurrent Start) (G1 Evacuation Pause)
[2025-08-01T01:07:40.498+0000] GC(656) Using 8 workers of 8 for evacuation
[2025-08-01T01:07:40.596+0000] GC(656)   Pre Evacuate Collection Set: 0.4ms
[2025-08-01T01:07:40.596+0000] GC(656)   Merge Heap Roots: 0.2ms
[2025-08-01T01:07:40.596+0000] GC(656)   Evacuate Collection Set: 95.1ms
[2025-08-01T01:07:40.597+0000] GC(656)   Post Evacuate Collection Set: 2.1ms
[2025-08-01T01:07:40.597+0000] GC(656)   Other: 0.4ms
[2025-08-01T01:07:40.597+0000] GC(656) Eden regions: 206->0(136)
[2025-08-01T01:07:40.597+0000] GC(656) Survivor regions: 13->28(28)
[2025-08-01T01:07:40.597+0000] GC(656) Old regions: 1182->1376
[2025-08-01T01:07:40.597+0000] GC(656) Archive regions: 2->2
[2025-08-01T01:07:40.597+0000] GC(656) Humongous regions: 0->0
[2025-08-01T01:07:40.597+0000] GC(656) Metaspace: 10061K(10304K)->10061K(10304K) NonClass: 8835K(8960K)->8835K(8960K) Class: 1225K(1344K)->1225K(1344K)
[2025-08-01T01:07:40.597+0000] GC(656) Pause Young (Concurrent Start) (G1 Evacuation Pause) 2803M->2808M(4096M) 98.450ms
[2025-08-01T01:07:40.597+0000] GC(656) User=0.74s Sys=0.01s Real=0.10s
[2025-08-01T01:07:40.597+0000] GC(657) Concurrent Mark Cycle
[2025-08-01T01:07:40.597+0000] GC(657) Concurrent Clear Claimed Marks
[2025-08-01T01:07:40.597+0000] GC(657) Concurrent Clear Claimed Marks 0.037ms
[2025-08-01T01:07:40.597+0000] GC(657) Concurrent Scan Root Regions
[2025-08-01T01:07:40.648+0000] GC(657) Concurrent Scan Root Regions 50.320ms
[2025-08-01T01:07:40.648+0000] GC(657) Concurrent Mark
[2025-08-01T01:07:40.648+0000] GC(657) Concurrent Mark From Roots
[2025-08-01T01:07:40.648+0000] GC(657) Using 2 workers of 2 for marking
[2025-08-01T01:07:40.674+0000] GC(658) Pause Young (Normal) (G1 Evacuation Pause)
[2025-08-01T01:07:40.674+0000] GC(658) Using 8 workers of 8 for evacuation
[2025-08-01T01:07:40.728+0000] GC(658)   Pre Evacuate Collection Set: 0.5ms
[2025-08-01T01:07:40.728+0000] GC(658)   Merge Heap Roots: 0.1ms
[2025-08-01T01:07:40.728+0000] GC(658)   Evacuate Collection Set: 53.1ms
[2025-08-01T01:07:40.728+0000] GC(658)   Post Evacuate Collection Set: 0.9ms
[2025-08-01T01:07:40.728+0000] GC(658)   Other: 0.2ms
[2025-08-01T01:07:40.728+0000] GC(658) Eden regions: 136->0(93)
[2025-08-01T01:07:40.728+0000] GC(658) Survivor regions: 28->21(21)
[2025-08-01T01:07:40.728+0000] GC(658) Old regions: 1376->1520
[2025-08-01T01:07:40.728+0000] GC(658) Archive regions: 2->2
[2025-08-01T01:07:40.728+0000] GC(658) Humongous regions: 0->0
[2025-08-01T01:07:40.729+0000] GC(658) Metaspace: 10061K(10304K)->10061K(10304K) NonClass: 8835K(8960K)->8835K(8960K) Class: 1225K(1344K)->1225K(1344K)
[2025-08-01T01:07:40.729+0000] GC(658) Pause Young (Normal) (G1 Evacuation Pause) 3080M->3082M(4096M) 54.972ms
[2025-08-01T01:07:40.729+0000] GC(658) User=0.41s Sys=0.01s Real=0.05s
[2025-08-01T01:07:40.748+0000] GC(659) Pause Young (Normal) (G1 Evacuation Pause)
[2025-08-01T01:07:40.748+0000] GC(659) Using 8 workers of 8 for evacuation
[2025-08-01T01:07:40.789+0000] GC(659)   Pre Evacuate Collection Set: 0.3ms
[2025-08-01T01:07:40.789+0000] GC(659)   Merge Heap Roots: 0.1ms
[2025-08-01T01:07:40.789+0000] GC(659)   Evacuate Collection Set: 39.8ms
[2025-08-01T01:07:40.789+0000] GC(659)   Post Evacuate Collection Set: 0.8ms
[2025-08-01T01:07:40.789+0000] GC(659)   Other: 0.2ms
[2025-08-01T01:07:40.789+0000] GC(659) Eden regions: 93->0(87)
[2025-08-01T01:07:40.789+0000] GC(659) Survivor regions: 21->15(15)
[2025-08-01T01:07:40.789+0000] GC(659) Old regions: 1520->1621
[2025-08-01T01:07:40.789+0000] GC(659) Archive regions: 2->2
[2025-08-01T01:07:40.789+0000] GC(659) Humongous regions: 0->0
[2025-08-01T01:07:40.789+0000] GC(659) Metaspace: 10061K(10304K)->10061K(10304K) NonClass: 8835K(8960K)->8835K(8960K) Class: 1225K(1344K)->1225K(1344K)
[2025-08-01T01:07:40.789+0000] GC(659) Pause Young (Normal) (G1 Evacuation Pause) 3268M->3272M(4096M) 41.283ms
[2025-08-01T01:07:40.789+0000] GC(659) User=0.30s Sys=0.01s Real=0.04s
[2025-08-01T01:07:40.844+0000] GC(660) Pause Young (Normal) (G1 Evacuation Pause)
[2025-08-01T01:07:40.844+0000] GC(660) Using 8 workers of 8 for evacuation
[2025-08-01T01:07:40.860+0000] GC(660)   Pre Evacuate Collection Set: 0.3ms
[2025-08-01T01:07:40.860+0000] GC(660)   Merge Heap Roots: 0.2ms
[2025-08-01T01:07:40.860+0000] GC(660)   Evacuate Collection Set: 14.5ms
[2025-08-01T01:07:40.860+0000] GC(660)   Post Evacuate Collection Set: 1.2ms
[2025-08-01T01:07:40.860+0000] GC(660)   Other: 0.3ms
[2025-08-01T01:07:40.860+0000] GC(660) Eden regions: 87->0(89)
[2025-08-01T01:07:40.860+0000] GC(660) Survivor regions: 15->13(13)
[2025-08-01T01:07:40.860+0000] GC(660) Old regions: 1621->1657
[2025-08-01T01:07:40.860+0000] GC(660) Archive regions: 2->2
[2025-08-01T01:07:40.860+0000] GC(660) Humongous regions: 0->0
[2025-08-01T01:07:40.860+0000] GC(660) Metaspace: 10061K(10304K)->10061K(10304K) NonClass: 8835K(8960K)->8835K(8960K) Class: 1225K(1344K)->1225K(1344K)
[2025-08-01T01:07:40.861+0000] GC(660) Pause Young (Normal) (G1 Evacuation Pause) 3446M->3341M(4096M) 16.744ms
[2025-08-01T01:07:40.861+0000] GC(660) User=0.11s Sys=0.00s Real=0.01s
[2025-08-01T01:07:40.878+0000] GC(657) Concurrent Mark From Roots 230.784ms
[2025-08-01T01:07:40.879+0000] GC(657) Concurrent Preclean
[2025-08-01T01:07:40.879+0000] GC(657) Concurrent Preclean 0.749ms
[2025-08-01T01:07:40.880+0000] GC(657) Pause Remark
[2025-08-01T01:07:40.883+0000] GC(657) Pause Remark 3500M->1802M(4096M) 3.075ms
[2025-08-01T01:07:40.883+0000] GC(657) User=0.01s Sys=0.00s Real=0.00s
[2025-08-01T01:07:40.883+0000] GC(657) Concurrent Mark 235.150ms
[2025-08-01T01:07:40.883+0000] GC(657) Concurrent Rebuild Remembered Sets
[2025-08-01T01:07:40.885+0000] GC(661) Pause Young (Normal) (G1 Evacuation Pause)
[2025-08-01T01:07:40.885+0000] GC(661) Using 8 workers of 8 for evacuation
[2025-08-01T01:07:40.915+0000] GC(661)   Pre Evacuate Collection Set: 0.6ms
[2025-08-01T01:07:40.915+0000] GC(661)   Merge Heap Roots: 0.1ms
[2025-08-01T01:07:40.915+0000] GC(661)   Evacuate Collection Set: 28.8ms
[2025-08-01T01:07:40.915+0000] GC(661)   Post Evacuate Collection Set: 0.9ms
[2025-08-01T01:07:40.915+0000] GC(661)   Other: 0.2ms
[2025-08-01T01:07:40.915+0000] GC(661) Eden regions: 89->0(299)
[2025-08-01T01:07:40.915+0000] GC(661) Survivor regions: 13->13(13)
[2025-08-01T01:07:40.915+0000] GC(661) Old regions: 808->899
[2025-08-01T01:07:40.915+0000] GC(661) Archive regions: 2->2
[2025-08-01T01:07:40.915+0000] GC(661) Humongous regions: 0->0
[2025-08-01T01:07:40.915+0000] GC(661) Metaspace: 10061K(10304K)->10061K(10304K) NonClass: 8835K(8960K)->8835K(8960K) Class: 1225K(1344K)->1225K(1344K)
[2025-08-01T01:07:40.915+0000] GC(661) Pause Young (Normal) (G1 Evacuation Pause) 1821M->1825M(4096M) 30.826ms
[2025-08-01T01:07:40.915+0000] GC(661) User=0.23s Sys=0.00s Real=0.03s
[2025-08-01T01:07:41.077+0000] GC(662) Pause Young (Normal) (G1 Evacuation Pause)
[2025-08-01T01:07:41.077+0000] GC(662) Using 8 workers of 8 for evacuation
[2025-08-01T01:07:41.170+0000] GC(662)   Pre Evacuate Collection Set: 0.7ms
[2025-08-01T01:07:41.170+0000] GC(662)   Merge Heap Roots: 0.3ms
[2025-08-01T01:07:41.170+0000] GC(662)   Evacuate Collection Set: 90.3ms
[2025-08-01T01:07:41.170+0000] GC(662)   Post Evacuate Collection Set: 1.3ms
[2025-08-01T01:07:41.170+0000] GC(662)   Other: 0.3ms
[2025-08-01T01:07:41.170+0000] GC(662) Eden regions: 299->0(209)
[2025-08-01T01:07:41.170+0000] GC(662) Survivor regions: 13->39(39)
[2025-08-01T01:07:41.170+0000] GC(662) Old regions: 899->1131
[2025-08-01T01:07:41.170+0000] GC(662) Archive regions: 2->2
[2025-08-01T01:07:41.170+0000] GC(662) Humongous regions: 0->0
[2025-08-01T01:07:41.170+0000] GC(662) Metaspace: 10061K(10304K)->10061K(10304K) NonClass: 8835K(8960K)->8835K(8960K) Class: 1225K(1344K)->1225K(1344K)
[2025-08-01T01:07:41.170+0000] GC(662) Pause Young (Normal) (G1 Evacuation Pause) 2423M->2341M(4096M) 93.044ms
[2025-08-01T01:07:41.170+0000] GC(662) User=0.70s Sys=0.01s Real=0.09s
[2025-08-01T01:07:41.241+0000] GC(657) Concurrent Rebuild Remembered Sets 358.301ms
[2025-08-01T01:07:41.241+0000] GC(657) Pause Cleanup
[2025-08-01T01:07:41.242+0000] GC(657) Pause Cleanup 2649M->2649M(4096M) 0.762ms
[2025-08-01T01:07:41.242+0000] GC(657) User=0.00s Sys=0.00s Real=0.00s
[2025-08-01T01:07:41.242+0000] GC(657) Concurrent Cleanup for Next Mark
[2025-08-01T01:07:41.252+0000] GC(657) Concurrent Cleanup for Next Mark 9.352ms
[2025-08-01T01:07:41.252+0000] GC(657) Concurrent Mark Cycle 654.533ms
[2025-08-01T01:07:41.262+0000] GC(663) Pause Young (Prepare Mixed) (G1 Evacuation Pause)
[2025-08-01T01:07:41.262+0000] GC(663) Using 8 workers of 8 for evacuation
[2025-08-01T01:07:41.337+0000] GC(663)   Pre Evacuate Collection Set: 0.4ms
[2025-08-01T01:07:41.337+0000] GC(663)   Merge Heap Roots: 0.2ms
[2025-08-01T01:07:41.337+0000] GC(663)   Evacuate Collection Set: 73.7ms
[2025-08-01T01:07:41.337+0000] GC(663)   Post Evacuate Collection Set: 0.8ms
[2025-08-01T01:07:41.337+0000] GC(663)   Other: 0.2ms
[2025-08-01T01:07:41.337+0000] GC(663) Eden regions: 209->0(71)
[2025-08-01T01:07:41.337+0000] GC(663) Survivor regions: 39->31(31)
[2025-08-01T01:07:41.337+0000] GC(663) Old regions: 1131->1351
[2025-08-01T01:07:41.337+0000] GC(663) Archive regions: 2->2
[2025-08-01T01:07:41.337+0000] GC(663) Humongous regions: 0->0
[2025-08-01T01:07:41.337+0000] GC(663) Metaspace: 10061K(10304K)->10061K(10304K) NonClass: 8835K(8960K)->8835K(8960K) Class: 1225K(1344K)->1225K(1344K)
[2025-08-01T01:07:41.337+0000] GC(663) Pause Young (Prepare Mixed) (G1 Evacuation Pause) 2759M->2764M(4096M) 75.573ms
[2025-08-01T01:07:41.337+0000] GC(663) User=0.59s Sys=0.00s Real=0.08s
[2025-08-01T01:07:41.351+0000] GC(664) Pause Young (Mixed) (G1 Evacuation Pause)
[2025-08-01T01:07:41.351+0000] GC(664) Using 8 workers of 8 for evacuation
[2025-08-01T01:07:41.382+0000] GC(664)   Pre Evacuate Collection Set: 0.7ms
[2025-08-01T01:07:41.382+0000] GC(664)   Merge Heap Roots: 0.2ms
[2025-08-01T01:07:41.382+0000] GC(664)   Evacuate Collection Set: 28.8ms
[2025-08-01T01:07:41.382+0000] GC(664)   Post Evacuate Collection Set: 1.0ms
[2025-08-01T01:07:41.382+0000] GC(664)   Other: 0.2ms
[2025-08-01T01:07:41.382+0000] GC(664) Eden regions: 71->0(122)
[2025-08-01T01:07:41.382+0000] GC(664) Survivor regions: 31->13(13)
[2025-08-01T01:07:41.382+0000] GC(664) Old regions: 1351->1433
[2025-08-01T01:07:41.382+0000] GC(664) Archive regions: 2->2
[2025-08-01T01:07:41.382+0000] GC(664) Humongous regions: 0->0
[2025-08-01T01:07:41.382+0000] GC(664) Metaspace: 10061K(10304K)->10061K(10304K) NonClass: 8835K(8960K)->8835K(8960K) Class: 1225K(1344K)->1225K(1344K)
[2025-08-01T01:07:41.382+0000] GC(664) Pause Young (Mixed) (G1 Evacuation Pause) 2906M->2892M(4096M) 31.122ms
[2025-08-01T01:07:41.382+0000] GC(664) User=0.23s Sys=0.00s Real=0.03s
[2025-08-01T01:07:41.456+0000] GC(665) Pause Young (Concurrent Start) (G1 Evacuation Pause)
[2025-08-01T01:07:41.456+0000] GC(665) Using 8 workers of 8 for evacuation
[2025-08-01T01:07:41.506+0000] GC(665)   Pre Evacuate Collection Set: 0.6ms
[2025-08-01T01:07:41.506+0000] GC(665)   Merge Heap Roots: 0.3ms
[2025-08-01T01:07:41.506+0000] GC(665)   Evacuate Collection Set: 47.5ms
[2025-08-01T01:07:41.506+0000] GC(665)   Post Evacuate Collection Set: 1.0ms
[2025-08-01T01:07:41.506+0000] GC(665)   Other: 0.3ms
[2025-08-01T01:07:41.506+0000] GC(665) Eden regions: 122->0(85)
[2025-08-01T01:07:41.506+0000] GC(665) Survivor regions: 13->17(17)
[2025-08-01T01:07:41.506+0000] GC(665) Old regions: 1433->1553
[2025-08-01T01:07:41.506+0000] GC(665) Archive regions: 2->2
[2025-08-01T01:07:41.506+0000] GC(665) Humongous regions: 0->0
[2025-08-01T01:07:41.506+0000] GC(665) Metaspace: 10061K(10304K)->10061K(10304K) NonClass: 8835K(8960K)->8835K(8960K) Class: 1225K(1344K)->1225K(1344K)
[2025-08-01T01:07:41.506+0000] GC(665) Pause Young (Concurrent Start) (G1 Evacuation Pause) 3136M->3141M(4096M) 49.862ms
[2025-08-01T01:07:41.506+0000] GC(665) User=0.35s Sys=0.00s Real=0.05s
[2025-08-01T01:07:41.506+0000] GC(666) Concurrent Mark Cycle
[2025-08-01T01:07:41.506+0000] GC(666) Concurrent Clear Claimed Marks
[2025-08-01T01:07:41.506+0000] GC(666) Concurrent Clear Claimed Marks 0.019ms
[2025-08-01T01:07:41.506+0000] GC(666) Concurrent Scan Root Regions
[2025-08-01T01:07:41.539+0000] GC(666) Concurrent Scan Root Regions 32.881ms
[2025-08-01T01:07:41.539+0000] GC(666) Concurrent Mark
[2025-08-01T01:07:41.539+0000] GC(666) Concurrent Mark From Roots
[2025-08-01T01:07:41.539+0000] GC(666) Using 2 workers of 2 for marking
[2025-08-01T01:07:41.539+0000] GC(667) Pause Young (Normal) (G1 Evacuation Pause)
[2025-08-01T01:07:41.539+0000] GC(667) Using 8 workers of 8 for evacuation
[2025-08-01T01:07:41.571+0000] GC(667)   Pre Evacuate Collection Set: 15.0ms
[2025-08-01T01:07:41.571+0000] GC(667)   Merge Heap Roots: 0.3ms
[2025-08-01T01:07:41.571+0000] GC(667)   Evacuate Collection Set: 30.3ms
[2025-08-01T01:07:41.571+0000] GC(667)   Post Evacuate Collection Set: 0.8ms
[2025-08-01T01:07:41.571+0000] GC(667)   Other: 0.2ms
[2025-08-01T01:07:41.571+0000] GC(667) Eden regions: 85->0(89)
[2025-08-01T01:07:41.571+0000] GC(667) Survivor regions: 17->13(13)
[2025-08-01T01:07:41.571+0000] GC(667) Old regions: 1553->1644
[2025-08-01T01:07:41.571+0000] GC(667) Archive regions: 2->2
[2025-08-01T01:07:41.571+0000] GC(667) Humongous regions: 0->0
[2025-08-01T01:07:41.571+0000] GC(667) Metaspace: 10061K(10304K)->10061K(10304K) NonClass: 8835K(8960K)->8835K(8960K) Class: 1225K(1344K)->1225K(1344K)
[2025-08-01T01:07:41.571+0000] GC(667) Pause Young (Normal) (G1 Evacuation Pause) 3311M->3315M(4096M) 32.180ms
[2025-08-01T01:07:41.571+0000] GC(667) User=0.24s Sys=0.01s Real=0.03s
[2025-08-01T01:07:41.639+0000] GC(668) Pause Young (Normal) (G1 Evacuation Pause)
[2025-08-01T01:07:41.639+0000] GC(668) Using 8 workers of 8 for evacuation
[2025-08-01T01:07:41.666+0000] GC(668)   Pre Evacuate Collection Set: 0.3ms
[2025-08-01T01:07:41.666+0000] GC(668)   Merge Heap Roots: 0.4ms
[2025-08-01T01:07:41.666+0000] GC(668)   Evacuate Collection Set: 25.3ms
[2025-08-01T01:07:41.666+0000] GC(668)   Post Evacuate Collection Set: 1.0ms
[2025-08-01T01:07:41.666+0000] GC(668)   Other: 0.1ms
[2025-08-01T01:07:41.666+0000] GC(668) Eden regions: 89->0(89)
[2025-08-01T01:07:41.666+0000] GC(668) Survivor regions: 13->13(13)
[2025-08-01T01:07:41.666+0000] GC(668) Old regions: 1644->1708
[2025-08-01T01:07:41.666+0000] GC(668) Archive regions: 2->2
[2025-08-01T01:07:41.666+0000] GC(668) Humongous regions: 0->0
[2025-08-01T01:07:41.667+0000] GC(668) Metaspace: 10061K(10304K)->10061K(10304K) NonClass: 8835K(8960K)->8835K(8960K) Class: 1225K(1344K)->1225K(1344K)
[2025-08-01T01:07:41.667+0000] GC(668) Pause Young (Normal) (G1 Evacuation Pause) 3493M->3442M(4096M) 27.243ms
[2025-08-01T01:07:41.667+0000] GC(668) User=0.17s Sys=0.00s Real=0.03s
[2025-08-01T01:07:41.689+0000] GC(669) Pause Young (Normal) (G1 Evacuation Pause)
[2025-08-01T01:07:41.689+0000] GC(669) Using 8 workers of 8 for evacuation
[2025-08-01T01:07:41.717+0000] GC(669)   Pre Evacuate Collection Set: 0.4ms
[2025-08-01T01:07:41.717+0000] GC(669)   Merge Heap Roots: 0.3ms
[2025-08-01T01:07:41.717+0000] GC(669)   Evacuate Collection Set: 25.9ms
[2025-08-01T01:07:41.717+0000] GC(669)   Post Evacuate Collection Set: 0.8ms
[2025-08-01T01:07:41.717+0000] GC(669)   Other: 0.2ms
[2025-08-01T01:07:41.717+0000] GC(669) Eden regions: 89->0(89)
[2025-08-01T01:07:41.717+0000] GC(669) Survivor regions: 13->13(13)
[2025-08-01T01:07:41.717+0000] GC(669) Old regions: 1708->1776
[2025-08-01T01:07:41.717+0000] GC(669) Archive regions: 2->2
[2025-08-01T01:07:41.717+0000] GC(669) Humongous regions: 0->0
[2025-08-01T01:07:41.717+0000] GC(669) Metaspace: 10061K(10304K)->10061K(10304K) NonClass: 8835K(8960K)->8835K(8960K) Class: 1225K(1344K)->1225K(1344K)
[2025-08-01T01:07:41.717+0000] GC(669) Pause Young (Normal) (G1 Evacuation Pause) 3620M->3578M(4096M) 27.845ms
[2025-08-01T01:07:41.717+0000] GC(669) User=0.18s Sys=0.00s Real=0.03s
[2025-08-01T01:07:41.777+0000] GC(670) Pause Young (Normal) (G1 Evacuation Pause)
[2025-08-01T01:07:41.778+0000] GC(670) Using 8 workers of 8 for evacuation
[2025-08-01T01:07:41.810+0000] GC(670)   Pre Evacuate Collection Set: 0.5ms
[2025-08-01T01:07:41.810+0000] GC(670)   Merge Heap Roots: 0.2ms
[2025-08-01T01:07:41.810+0000] GC(670)   Evacuate Collection Set: 30.7ms
[2025-08-01T01:07:41.810+0000] GC(670)   Post Evacuate Collection Set: 0.4ms
[2025-08-01T01:07:41.810+0000] GC(670)   Other: 0.2ms
[2025-08-01T01:07:41.810+0000] GC(670) Eden regions: 89->0(89)
[2025-08-01T01:07:41.810+0000] GC(670) Survivor regions: 13->13(13)
[2025-08-01T01:07:41.810+0000] GC(670) Old regions: 1776->1851
[2025-08-01T01:07:41.810+0000] GC(670) Archive regions: 2->2
[2025-08-01T01:07:41.810+0000] GC(670) Humongous regions: 0->0
[2025-08-01T01:07:41.810+0000] GC(670) Metaspace: 10061K(10304K)->10061K(10304K) NonClass: 8835K(8960K)->8835K(8960K) Class: 1225K(1344K)->1225K(1344K)
[2025-08-01T01:07:41.810+0000] GC(670) Pause Young (Normal) (G1 Evacuation Pause) 3756M->3729M(4096M) 32.210ms
[2025-08-01T01:07:41.810+0000] GC(670) User=0.23s Sys=0.01s Real=0.03s
[2025-08-01T01:07:41.828+0000] GC(671) Pause Young (Normal) (G1 Preventive Collection)
[2025-08-01T01:07:41.828+0000] GC(671) Using 8 workers of 8 for evacuation
[2025-08-01T01:07:41.863+0000] GC(671)   Pre Evacuate Collection Set: 0.7ms
[2025-08-01T01:07:41.863+0000] GC(671)   Merge Heap Roots: 0.2ms
[2025-08-01T01:07:41.863+0000] GC(671)   Evacuate Collection Set: 32.3ms
[2025-08-01T01:07:41.863+0000] GC(671)   Post Evacuate Collection Set: 0.8ms
[2025-08-01T01:07:41.863+0000] GC(671)   Other: 0.2ms
[2025-08-01T01:07:41.863+0000] GC(671) Eden regions: 82->0(89)
[2025-08-01T01:07:41.863+0000] GC(671) Survivor regions: 13->13(13)
[2025-08-01T01:07:41.863+0000] GC(671) Old regions: 1851->1936
[2025-08-01T01:07:41.863+0000] GC(671) Archive regions: 2->2
[2025-08-01T01:07:41.863+0000] GC(671) Humongous regions: 0->0
[2025-08-01T01:07:41.863+0000] GC(671) Metaspace: 10061K(10304K)->10061K(10304K) NonClass: 8835K(8960K)->8835K(8960K) Class: 1225K(1344K)->1225K(1344K)
[2025-08-01T01:07:41.863+0000] GC(671) Pause Young (Normal) (G1 Preventive Collection) 3893M->3899M(4096M) 34.408ms
[2025-08-01T01:07:41.863+0000] GC(671) User=0.24s Sys=0.01s Real=0.03s
[2025-08-01T01:07:41.870+0000] GC(672) Pause Young (Normal) (G1 Preventive Collection)
[2025-08-01T01:07:41.870+0000] GC(672) Using 8 workers of 8 for evacuation
[2025-08-01T01:07:41.889+0000] GC(672)   Pre Evacuate Collection Set: 0.7ms
[2025-08-01T01:07:41.889+0000] GC(672)   Merge Heap Roots: 0.2ms
[2025-08-01T01:07:41.889+0000] GC(672)   Evacuate Collection Set: 15.7ms
[2025-08-01T01:07:41.889+0000] GC(672)   Post Evacuate Collection Set: 1.4ms
[2025-08-01T01:07:41.889+0000] GC(672)   Other: 0.2ms
[2025-08-01T01:07:41.889+0000] GC(672) Eden regions: 39->0(89)
[2025-08-01T01:07:41.889+0000] GC(672) Survivor regions: 13->13(13)
[2025-08-01T01:07:41.889+0000] GC(672) Old regions: 1936->1977
[2025-08-01T01:07:41.889+0000] GC(672) Archive regions: 2->2
[2025-08-01T01:07:41.889+0000] GC(672) Humongous regions: 0->0
[2025-08-01T01:07:41.889+0000] GC(672) Metaspace: 10061K(10304K)->10061K(10304K) NonClass: 8835K(8960K)->8835K(8960K) Class: 1225K(1344K)->1225K(1344K)
[2025-08-01T01:07:41.889+0000] GC(672) Pause Young (Normal) (G1 Preventive Collection) 3977M->3981M(4096M) 18.359ms
[2025-08-01T01:07:41.889+0000] GC(672) User=0.13s Sys=0.00s Real=0.02s
[2025-08-01T01:07:41.893+0000] GC(673) Pause Young (Normal) (G1 Preventive Collection)
[2025-08-01T01:07:41.893+0000] GC(673) Using 8 workers of 8 for evacuation
[2025-08-01T01:07:41.904+0000] GC(673)   Pre Evacuate Collection Set: 0.5ms
[2025-08-01T01:07:41.904+0000] GC(673)   Merge Heap Roots: 0.2ms
[2025-08-01T01:07:41.904+0000] GC(673)   Evacuate Collection Set: 9.6ms
[2025-08-01T01:07:41.904+0000] GC(673)   Post Evacuate Collection Set: 0.5ms
[2025-08-01T01:07:41.904+0000] GC(673)   Other: 0.3ms
[2025-08-01T01:07:41.904+0000] GC(673) Eden regions: 19->0(89)
[2025-08-01T01:07:41.904+0000] GC(673) Survivor regions: 13->13(13)
[2025-08-01T01:07:41.904+0000] GC(673) Old regions: 1977->1998
[2025-08-01T01:07:41.904+0000] GC(673) Archive regions: 2->2
[2025-08-01T01:07:41.904+0000] GC(673) Humongous regions: 0->0
[2025-08-01T01:07:41.904+0000] GC(673) Metaspace: 10061K(10304K)->10061K(10304K) NonClass: 8835K(8960K)->8835K(8960K) Class: 1225K(1344K)->1225K(1344K)
[2025-08-01T01:07:41.904+0000] GC(673) Pause Young (Normal) (G1 Preventive Collection) 4019M->4023M(4096M) 11.258ms
[2025-08-01T01:07:41.904+0000] GC(673) User=0.08s Sys=0.00s Real=0.02s
[2025-08-01T01:07:41.907+0000] GC(674) Pause Young (Normal) (G1 Preventive Collection)
[2025-08-01T01:07:41.907+0000] GC(674) Using 8 workers of 8 for evacuation
[2025-08-01T01:07:41.916+0000] GC(674)   Pre Evacuate Collection Set: 0.5ms
[2025-08-01T01:07:41.916+0000] GC(674)   Merge Heap Roots: 0.1ms
[2025-08-01T01:07:41.916+0000] GC(674)   Evacuate Collection Set: 8.0ms
[2025-08-01T01:07:41.916+0000] GC(674)   Post Evacuate Collection Set: 0.8ms
[2025-08-01T01:07:41.916+0000] GC(674)   Other: 0.2ms
[2025-08-01T01:07:41.916+0000] GC(674) Eden regions: 9->0(91)
[2025-08-01T01:07:41.916+0000] GC(674) Survivor regions: 13->11(13)
[2025-08-01T01:07:41.916+0000] GC(674) Old regions: 1998->2013
[2025-08-01T01:07:41.916+0000] GC(674) Archive regions: 2->2
[2025-08-01T01:07:41.916+0000] GC(674) Humongous regions: 0->0
[2025-08-01T01:07:41.916+0000] GC(674) Metaspace: 10061K(10304K)->10061K(10304K) NonClass: 8835K(8960K)->8835K(8960K) Class: 1225K(1344K)->1225K(1344K)
[2025-08-01T01:07:41.916+0000] GC(674) Pause Young (Normal) (G1 Preventive Collection) 4041M->4048M(4096M) 9.866ms
[2025-08-01T01:07:41.916+0000] GC(674) User=0.06s Sys=0.01s Real=0.01s
[2025-08-01T01:07:41.918+0000] GC(675) Pause Young (Normal) (G1 Preventive Collection)
[2025-08-01T01:07:41.918+0000] GC(675) Using 8 workers of 8 for evacuation
[2025-08-01T01:07:41.924+0000] GC(675)   Pre Evacuate Collection Set: 0.7ms
[2025-08-01T01:07:41.924+0000] GC(675)   Merge Heap Roots: 0.2ms
[2025-08-01T01:07:41.924+0000] GC(675)   Evacuate Collection Set: 4.5ms
[2025-08-01T01:07:41.924+0000] GC(675)   Post Evacuate Collection Set: 0.4ms
[2025-08-01T01:07:41.924+0000] GC(675)   Other: 0.2ms
[2025-08-01T01:07:41.924+0000] GC(675) Eden regions: 4->0(96)
[2025-08-01T01:07:41.924+0000] GC(675) Survivor regions: 11->6(13)
[2025-08-01T01:07:41.924+0000] GC(675) Old regions: 2013->2023
[2025-08-01T01:07:41.924+0000] GC(675) Archive regions: 2->2
[2025-08-01T01:07:41.924+0000] GC(675) Humongous regions: 0->0
[2025-08-01T01:07:41.924+0000] GC(675) Metaspace: 10061K(10304K)->10061K(10304K) NonClass: 8835K(8960K)->8835K(8960K) Class: 1225K(1344K)->1225K(1344K)
[2025-08-01T01:07:41.924+0000] GC(675) Pause Young (Normal) (G1 Preventive Collection) 4056M->4058M(4096M) 6.088ms
[2025-08-01T01:07:41.924+0000] GC(675) User=0.04s Sys=0.00s Real=0.01s
[2025-08-01T01:07:41.925+0000] GC(676) Pause Young (Normal) (G1 Preventive Collection)
[2025-08-01T01:07:41.925+0000] GC(676) Using 8 workers of 8 for evacuation
[2025-08-01T01:07:41.929+0000] GC(676)   Pre Evacuate Collection Set: 0.4ms
[2025-08-01T01:07:41.929+0000] GC(676)   Merge Heap Roots: 0.1ms
[2025-08-01T01:07:41.929+0000] GC(676)   Evacuate Collection Set: 3.0ms
[2025-08-01T01:07:41.929+0000] GC(676)   Post Evacuate Collection Set: 0.7ms
[2025-08-01T01:07:41.929+0000] GC(676)   Other: 0.2ms
[2025-08-01T01:07:41.929+0000] GC(676) Eden regions: 5->0(92)
[2025-08-01T01:07:41.929+0000] GC(676) Survivor regions: 6->10(12)
[2025-08-01T01:07:41.929+0000] GC(676) Old regions: 2023->2023
[2025-08-01T01:07:41.929+0000] GC(676) Archive regions: 2->2
[2025-08-01T01:07:41.929+0000] GC(676) Humongous regions: 0->0
[2025-08-01T01:07:41.929+0000] GC(676) Metaspace: 10061K(10304K)->10061K(10304K) NonClass: 8835K(8960K)->8835K(8960K) Class: 1225K(1344K)->1225K(1344K)
[2025-08-01T01:07:41.929+0000] GC(676) Pause Young (Normal) (G1 Preventive Collection) 4068M->4067M(4096M) 4.521ms
[2025-08-01T01:07:41.930+0000] GC(676) User=0.02s Sys=0.00s Real=0.00s
[2025-08-01T01:07:41.930+0000] GC(677) Pause Young (Normal) (G1 Preventive Collection)
[2025-08-01T01:07:41.930+0000] GC(677) Using 8 workers of 8 for evacuation
[2025-08-01T01:07:41.934+0000] GC(677)   Pre Evacuate Collection Set: 0.3ms
[2025-08-01T01:07:41.934+0000] GC(677)   Merge Heap Roots: 0.1ms
[2025-08-01T01:07:41.934+0000] GC(677)   Evacuate Collection Set: 3.0ms
[2025-08-01T01:07:41.934+0000] GC(677)   Post Evacuate Collection Set: 0.6ms
[2025-08-01T01:07:41.934+0000] GC(677)   Other: 0.1ms
[2025-08-01T01:07:41.934+0000] GC(677) Eden regions: 1->0(95)
[2025-08-01T01:07:41.934+0000] GC(677) Survivor regions: 10->7(12)
[2025-08-01T01:07:41.934+0000] GC(677) Old regions: 2023->2028
[2025-08-01T01:07:41.934+0000] GC(677) Archive regions: 2->2
[2025-08-01T01:07:41.934+0000] GC(677) Humongous regions: 0->0
[2025-08-01T01:07:41.934+0000] GC(677) Metaspace: 10061K(10304K)->10061K(10304K) NonClass: 8835K(8960K)->8835K(8960K) Class: 1225K(1344K)->1225K(1344K)
[2025-08-01T01:07:41.935+0000] GC(677) Pause Young (Normal) (G1 Preventive Collection) 4069M->4070M(4096M) 4.431ms
[2025-08-01T01:07:41.935+0000] GC(677) User=0.02s Sys=0.01s Real=0.01s
[2025-08-01T01:07:41.935+0000] GC(678) Pause Young (Normal) (G1 Preventive Collection)
[2025-08-01T01:07:41.935+0000] GC(678) Using 8 workers of 8 for evacuation
[2025-08-01T01:07:41.939+0000] GC(678)   Pre Evacuate Collection Set: 0.5ms
[2025-08-01T01:07:41.939+0000] GC(678)   Merge Heap Roots: 0.1ms
[2025-08-01T01:07:41.939+0000] GC(678)   Evacuate Collection Set: 2.5ms
[2025-08-01T01:07:41.939+0000] GC(678)   Post Evacuate Collection Set: 0.6ms
[2025-08-01T01:07:41.939+0000] GC(678)   Other: 0.1ms
[2025-08-01T01:07:41.939+0000] GC(678) Eden regions: 1->0(94)
[2025-08-01T01:07:41.939+0000] GC(678) Survivor regions: 7->8(10)
[2025-08-01T01:07:41.939+0000] GC(678) Old regions: 2028->2028
[2025-08-01T01:07:41.939+0000] GC(678) Archive regions: 2->2
[2025-08-01T01:07:41.939+0000] GC(678) Humongous regions: 0->0
[2025-08-01T01:07:41.939+0000] GC(678) Metaspace: 10061K(10304K)->10061K(10304K) NonClass: 8835K(8960K)->8835K(8960K) Class: 1225K(1344K)->1225K(1344K)
[2025-08-01T01:07:41.939+0000] GC(678) Pause Young (Normal) (G1 Preventive Collection) 4072M->4071M(4096M) 3.980ms
[2025-08-01T01:07:41.939+0000] GC(678) User=0.02s Sys=0.00s Real=0.00s
[2025-08-01T01:07:41.940+0000] GC(679) Pause Young (Normal) (G1 Preventive Collection)
[2025-08-01T01:07:41.940+0000] GC(679) Using 8 workers of 8 for evacuation
[2025-08-01T01:07:41.944+0000] GC(679)   Pre Evacuate Collection Set: 0.3ms
[2025-08-01T01:07:41.944+0000] GC(679)   Merge Heap Roots: 0.1ms
[2025-08-01T01:07:41.944+0000] GC(679)   Evacuate Collection Set: 3.3ms
[2025-08-01T01:07:41.944+0000] GC(679)   Post Evacuate Collection Set: 0.6ms
[2025-08-01T01:07:41.944+0000] GC(679)   Other: 0.1ms
[2025-08-01T01:07:41.944+0000] GC(679) Eden regions: 1->0(98)
[2025-08-01T01:07:41.944+0000] GC(679) Survivor regions: 8->4(9)
[2025-08-01T01:07:41.944+0000] GC(679) Old regions: 2028->2033
[2025-08-01T01:07:41.944+0000] GC(679) Archive regions: 2->2
[2025-08-01T01:07:41.944+0000] GC(679) Humongous regions: 0->0
[2025-08-01T01:07:41.944+0000] GC(679) Metaspace: 10061K(10304K)->10061K(10304K) NonClass: 8835K(8960K)->8835K(8960K) Class: 1225K(1344K)->1225K(1344K)
[2025-08-01T01:07:41.944+0000] GC(679) Pause Young (Normal) (G1 Preventive Collection) 4073M->4074M(4096M) 4.614ms
[2025-08-01T01:07:41.944+0000] GC(679) User=0.01s Sys=0.00s Real=0.01s
[2025-08-01T01:07:41.945+0000] GC(680) Pause Young (Normal) (G1 Preventive Collection)
[2025-08-01T01:07:41.945+0000] GC(680) Using 8 workers of 8 for evacuation
[2025-08-01T01:07:41.948+0000] GC(680)   Pre Evacuate Collection Set: 0.4ms
[2025-08-01T01:07:41.948+0000] GC(680)   Merge Heap Roots: 0.1ms
[2025-08-01T01:07:41.948+0000] GC(680)   Evacuate Collection Set: 1.7ms
[2025-08-01T01:07:41.948+0000] GC(680)   Post Evacuate Collection Set: 0.8ms
[2025-08-01T01:07:41.948+0000] GC(680)   Other: 0.1ms
[2025-08-01T01:07:41.948+0000] GC(680) Eden regions: 2->0(97)
[2025-08-01T01:07:41.948+0000] GC(680) Survivor regions: 4->5(7)
[2025-08-01T01:07:41.948+0000] GC(680) Old regions: 2033->2033
[2025-08-01T01:07:41.948+0000] GC(680) Archive regions: 2->2
[2025-08-01T01:07:41.948+0000] GC(680) Humongous regions: 0->0
[2025-08-01T01:07:41.948+0000] GC(680) Metaspace: 10061K(10304K)->10061K(10304K) NonClass: 8835K(8960K)->8835K(8960K) Class: 1225K(1344K)->1225K(1344K)
[2025-08-01T01:07:41.948+0000] GC(680) Pause Young (Normal) (G1 Preventive Collection) 4078M->4076M(4096M) 3.293ms
[2025-08-01T01:07:41.948+0000] GC(680) User=0.02s Sys=0.00s Real=0.00s
[2025-08-01T01:07:41.949+0000] GC(681) Pause Young (Normal) (G1 Preventive Collection)
[2025-08-01T01:07:41.949+0000] GC(681) Using 8 workers of 8 for evacuation
[2025-08-01T01:07:41.953+0000] GC(681)   Pre Evacuate Collection Set: 0.4ms
[2025-08-01T01:07:41.953+0000] GC(681)   Merge Heap Roots: 0.2ms
[2025-08-01T01:07:41.953+0000] GC(681)   Evacuate Collection Set: 2.3ms
[2025-08-01T01:07:41.953+0000] GC(681)   Post Evacuate Collection Set: 0.8ms
[2025-08-01T01:07:41.953+0000] GC(681)   Other: 0.1ms
[2025-08-01T01:07:41.953+0000] GC(681) Eden regions: 1->0(96)
[2025-08-01T01:07:41.953+0000] GC(681) Survivor regions: 5->6(7)
[2025-08-01T01:07:41.953+0000] GC(681) Old regions: 2033->2033
[2025-08-01T01:07:41.953+0000] GC(681) Archive regions: 2->2
[2025-08-01T01:07:41.953+0000] GC(681) Humongous regions: 0->0
[2025-08-01T01:07:41.953+0000] GC(681) Metaspace: 10061K(10304K)->10061K(10304K) NonClass: 8835K(8960K)->8835K(8960K) Class: 1225K(1344K)->1225K(1344K)
[2025-08-01T01:07:41.953+0000] GC(681) Pause Young (Normal) (G1 Preventive Collection) 4078M->4078M(4096M) 4.090ms
[2025-08-01T01:07:41.953+0000] GC(681) User=0.02s Sys=0.00s Real=0.01s
[2025-08-01T01:07:41.954+0000] GC(682) Pause Young (Normal) (G1 Preventive Collection)
[2025-08-01T01:07:41.954+0000] GC(682) Using 8 workers of 8 for evacuation
[2025-08-01T01:07:41.958+0000] GC(682) To-space exhausted
[2025-08-01T01:07:41.958+0000] GC(682)   Pre Evacuate Collection Set: 0.6ms
[2025-08-01T01:07:41.958+0000] GC(682)   Merge Heap Roots: 0.1ms
[2025-08-01T01:07:41.958+0000] GC(682)   Evacuate Collection Set: 2.1ms
[2025-08-01T01:07:41.958+0000] GC(682)   Post Evacuate Collection Set: 1.0ms
[2025-08-01T01:07:41.958+0000] GC(682)   Other: 0.2ms
[2025-08-01T01:07:41.958+0000] GC(682) Eden regions: 1->0(96)
[2025-08-01T01:07:41.958+0000] GC(682) Survivor regions: 6->6(6)
[2025-08-01T01:07:41.958+0000] GC(682) Old regions: 2033->2035
[2025-08-01T01:07:41.958+0000] GC(682) Archive regions: 2->2
[2025-08-01T01:07:41.958+0000] GC(682) Humongous regions: 0->0
[2025-08-01T01:07:41.958+0000] GC(682) Metaspace: 10061K(10304K)->10061K(10304K) NonClass: 8835K(8960K)->8835K(8960K) Class: 1225K(1344K)->1225K(1344K)
[2025-08-01T01:07:41.958+0000] GC(682) Pause Young (Normal) (G1 Preventive Collection) 4080M->4083M(4096M) 4.140ms
[2025-08-01T01:07:41.958+0000] GC(682) User=0.02s Sys=0.00s Real=0.00s
[2025-08-01T01:07:41.958+0000] GC(683) Pause Young (Normal) (G1 Preventive Collection)
[2025-08-01T01:07:41.959+0000] GC(683) Using 8 workers of 8 for evacuation
[2025-08-01T01:07:41.963+0000] GC(683) To-space exhausted
[2025-08-01T01:07:41.963+0000] GC(683)   Pre Evacuate Collection Set: 0.7ms
[2025-08-01T01:07:41.963+0000] GC(683)   Merge Heap Roots: 0.1ms
[2025-08-01T01:07:41.963+0000] GC(683)   Evacuate Collection Set: 2.3ms
[2025-08-01T01:07:41.963+0000] GC(683)   Post Evacuate Collection Set: 1.5ms
[2025-08-01T01:07:41.963+0000] GC(683)   Other: 0.2ms
[2025-08-01T01:07:41.963+0000] GC(683) Eden regions: 1->0(98)
[2025-08-01T01:07:41.963+0000] GC(683) Survivor regions: 6->4(4)
[2025-08-01T01:07:41.963+0000] GC(683) Old regions: 2035->2042
[2025-08-01T01:07:41.963+0000] GC(683) Archive regions: 2->2
[2025-08-01T01:07:41.963+0000] GC(683) Humongous regions: 0->0
[2025-08-01T01:07:41.963+0000] GC(683) Metaspace: 10061K(10304K)->10061K(10304K) NonClass: 8835K(8960K)->8835K(8960K) Class: 1225K(1344K)->1225K(1344K)
[2025-08-01T01:07:41.963+0000] GC(683) Pause Young (Normal) (G1 Preventive Collection) 4085M->4093M(4096M) 4.995ms
[2025-08-01T01:07:41.964+0000] GC(683) User=0.02s Sys=0.00s Real=0.01s
[2025-08-01T01:07:41.964+0000] Attempting full compaction
[2025-08-01T01:07:41.964+0000] GC(684) Pause Full (G1 Compaction Pause)
[2025-08-01T01:07:41.964+0000] GC(684) Using 8 workers of 8 for full compaction
[2025-08-01T01:07:41.970+0000] GC(684) Phase 1: Mark live objects
[2025-08-01T01:07:42.008+0000] GC(684) Phase 1: Mark live objects 37.974ms
[2025-08-01T01:07:42.008+0000] GC(684) Phase 2: Prepare for compaction
[2025-08-01T01:07:42.022+0000] GC(684) Phase 2: Prepare for compaction 14.332ms
[2025-08-01T01:07:42.022+0000] GC(684) Phase 3: Adjust pointers
[2025-08-01T01:07:42.049+0000] GC(684) Phase 3: Adjust pointers 27.011ms
[2025-08-01T01:07:42.050+0000] GC(684) Phase 4: Compact heap
[2025-08-01T01:07:42.071+0000] GC(684) Phase 4: Compact heap 21.333ms
[2025-08-01T01:07:42.077+0000] GC(684) Eden regions: 0->0(480)
[2025-08-01T01:07:42.077+0000] GC(684) Survivor regions: 4->0(4)
[2025-08-01T01:07:42.077+0000] GC(684) Old regions: 2042->327
[2025-08-01T01:07:42.078+0000] GC(684) Archive regions: 2->2
[2025-08-01T01:07:42.078+0000] GC(684) Humongous regions: 0->0
[2025-08-01T01:07:42.078+0000] GC(684) Metaspace: 10061K(10304K)->10061K(10304K) NonClass: 8835K(8960K)->8835K(8960K) Class: 1225K(1344K)->1225K(1344K)
[2025-08-01T01:07:42.078+0000] GC(684) Pause Full (G1 Compaction Pause) 4093M->647M(4096M) 114.029ms
[2025-08-01T01:07:42.078+0000] GC(684) User=0.83s Sys=0.01s Real=0.11s
[2025-08-01T01:07:42.078+0000] GC(666) Concurrent Mark From Roots 539.232ms
[2025-08-01T01:07:42.078+0000] GC(666) Concurrent Mark Abort
[2025-08-01T01:07:42.078+0000] GC(666) Concurrent Mark Cycle 572.336ms
[2025-08-01T01:07:42.287+0000] GC(685) Pause Young (Normal) (G1 Evacuation Pause)
[2025-08-01T01:07:42.287+0000] GC(685) Using 8 workers of 8 for evacuation
[2025-08-01T01:07:42.444+0000] GC(685)   Pre Evacuate Collection Set: 1.0ms
[2025-08-01T01:07:42.444+0000] GC(685)   Merge Heap Roots: 0.3ms
[2025-08-01T01:07:42.444+0000] GC(685)   Evacuate Collection Set: 153.9ms
[2025-08-01T01:07:42.444+0000] GC(685)   Post Evacuate Collection Set: 1.5ms
[2025-08-01T01:07:42.444+0000] GC(685)   Other: 0.2ms
[2025-08-01T01:07:42.444+0000] GC(685) Eden regions: 480->0(395)
[2025-08-01T01:07:42.444+0000] GC(685) Survivor regions: 0->60(60)
[2025-08-01T01:07:42.444+0000] GC(685) Old regions: 327->479
[2025-08-01T01:07:42.444+0000] GC(685) Archive regions: 2->2
[2025-08-01T01:07:42.444+0000] GC(685) Humongous regions: 0->0
[2025-08-01T01:07:42.444+0000] GC(685) Metaspace: 10061K(10304K)->10061K(10304K) NonClass: 8835K(8960K)->8835K(8960K) Class: 1225K(1344K)->1225K(1344K)
[2025-08-01T01:07:42.444+0000] GC(685) Pause Young (Normal) (G1 Evacuation Pause) 1607M->1070M(4096M) 157.063ms
[2025-08-01T01:07:42.444+0000] GC(685) User=0.84s Sys=0.10s Real=0.16s
[2025-08-01T01:07:42.616+0000] GC(686) Pause Young (Concurrent Start) (G1 Evacuation Pause)
[2025-08-01T01:07:42.616+0000] GC(686) Using 8 workers of 8 for evacuation
[2025-08-01T01:07:42.794+0000] GC(686)   Pre Evacuate Collection Set: 0.8ms
[2025-08-01T01:07:42.795+0000] GC(686)   Merge Heap Roots: 0.3ms
[2025-08-01T01:07:42.795+0000] GC(686)   Evacuate Collection Set: 173.7ms
[2025-08-01T01:07:42.795+0000] GC(686)   Post Evacuate Collection Set: 1.4ms
[2025-08-01T01:07:42.795+0000] GC(686)   Other: 2.4ms
[2025-08-01T01:07:42.795+0000] GC(686) Eden regions: 395->0(356)
[2025-08-01T01:07:42.795+0000] GC(686) Survivor regions: 60->57(57)
[2025-08-01T01:07:42.795+0000] GC(686) Old regions: 479->709
[2025-08-01T01:07:42.795+0000] GC(686) Archive regions: 2->2
[2025-08-01T01:07:42.795+0000] GC(686) Humongous regions: 0->0
[2025-08-01T01:07:42.795+0000] GC(686) Metaspace: 10061K(10304K)->10061K(10304K) NonClass: 8835K(8960K)->8835K(8960K) Class: 1225K(1344K)->1225K(1344K)
[2025-08-01T01:07:42.795+0000] GC(686) Pause Young (Concurrent Start) (G1 Evacuation Pause) 1860M->1525M(4096M) 178.737ms
[2025-08-01T01:07:42.795+0000] GC(686) User=1.20s Sys=0.07s Real=0.18s
[2025-08-01T01:07:42.797+0000] GC(687) Concurrent Mark Cycle
[2025-08-01T01:07:42.797+0000] GC(687) Concurrent Clear Claimed Marks
[2025-08-01T01:07:42.797+0000] GC(687) Concurrent Clear Claimed Marks 0.039ms
[2025-08-01T01:07:42.797+0000] GC(687) Concurrent Scan Root Regions
[2025-08-01T01:07:42.855+0000] GC(687) Concurrent Scan Root Regions 57.960ms
[2025-08-01T01:07:42.855+0000] GC(687) Concurrent Mark
[2025-08-01T01:07:42.855+0000] GC(687) Concurrent Mark From Roots
[2025-08-01T01:07:42.855+0000] GC(687) Using 2 workers of 2 for marking
[2025-08-01T01:07:42.870+0000] GC(687) Concurrent Mark From Roots 14.866ms
[2025-08-01T01:07:42.870+0000] GC(687) Concurrent Preclean
[2025-08-01T01:07:42.871+0000] GC(687) Concurrent Preclean 0.341ms
[2025-08-01T01:07:42.872+0000] GC(687) Pause Remark
[2025-08-01T01:07:42.874+0000] GC(687) Pause Remark 1824M->928M(4096M) 2.387ms
[2025-08-01T01:07:42.874+0000] GC(687) User=0.01s Sys=0.01s Real=0.01s
[2025-08-01T01:07:42.874+0000] GC(687) Concurrent Mark 18.736ms
[2025-08-01T01:07:42.874+0000] GC(687) Concurrent Rebuild Remembered Sets
[2025-08-01T01:07:42.951+0000] GC(687) Concurrent Rebuild Remembered Sets 76.310ms
[2025-08-01T01:07:42.951+0000] GC(687) Pause Cleanup
[2025-08-01T01:07:42.951+0000] GC(687) Pause Cleanup 1246M->1246M(4096M) 0.562ms
[2025-08-01T01:07:42.951+0000] GC(687) User=0.00s Sys=0.00s Real=0.00s
[2025-08-01T01:07:42.952+0000] GC(687) Concurrent Cleanup for Next Mark
[2025-08-01T01:07:42.967+0000] GC(688) Pause Young (Prepare Mixed) (G1 Evacuation Pause)
[2025-08-01T01:07:42.967+0000] GC(688) Using 8 workers of 8 for evacuation
[2025-08-01T01:07:43.102+0000] GC(688)   Pre Evacuate Collection Set: 0.5ms
[2025-08-01T01:07:43.102+0000] GC(688)   Merge Heap Roots: 0.2ms
[2025-08-01T01:07:43.102+0000] GC(688)   Evacuate Collection Set: 132.8ms
[2025-08-01T01:07:43.102+0000] GC(688)   Post Evacuate Collection Set: 1.1ms
[2025-08-01T01:07:43.102+0000] GC(688)   Other: 0.2ms
[2025-08-01T01:07:43.102+0000] GC(688) Eden regions: 356->0(50)
[2025-08-01T01:07:43.102+0000] GC(688) Survivor regions: 57->52(52)
[2025-08-01T01:07:43.102+0000] GC(688) Old regions: 257->620
[2025-08-01T01:07:43.102+0000] GC(688) Archive regions: 2->2
[2025-08-01T01:07:43.102+0000] GC(688) Humongous regions: 0->0
[2025-08-01T01:07:43.102+0000] GC(688) Metaspace: 10061K(10304K)->10061K(10304K) NonClass: 8835K(8960K)->8835K(8960K) Class: 1225K(1344K)->1225K(1344K)
[2025-08-01T01:07:43.102+0000] GC(688) Pause Young (Prepare Mixed) (G1 Evacuation Pause) 1341M->1344M(4096M) 135.114ms
[2025-08-01T01:07:43.102+0000] GC(688) User=1.01s Sys=0.02s Real=0.13s
[2025-08-01T01:07:43.102+0000] GC(687) Concurrent Cleanup for Next Mark 150.730ms
[2025-08-01T01:07:43.102+0000] GC(687) Concurrent Mark Cycle 305.123ms
[2025-08-01T01:07:43.113+0000] GC(689) Pause Young (Mixed) (G1 Evacuation Pause)
[2025-08-01T01:07:43.113+0000] GC(689) Using 8 workers of 8 for evacuation
[2025-08-01T01:07:43.145+0000] GC(689)   Pre Evacuate Collection Set: 1.1ms
[2025-08-01T01:07:43.145+0000] GC(689)   Merge Heap Roots: 0.2ms
[2025-08-01T01:07:43.145+0000] GC(689)   Evacuate Collection Set: 29.2ms
[2025-08-01T01:07:43.145+0000] GC(689)   Post Evacuate Collection Set: 0.7ms
[2025-08-01T01:07:43.145+0000] GC(689)   Other: 0.2ms
[2025-08-01T01:07:43.145+0000] GC(689) Eden regions: 50->0(357)
[2025-08-01T01:07:43.145+0000] GC(689) Survivor regions: 52->13(13)
[2025-08-01T01:07:43.145+0000] GC(689) Old regions: 620->709
[2025-08-01T01:07:43.145+0000] GC(689) Archive regions: 2->2
[2025-08-01T01:07:43.145+0000] GC(689) Humongous regions: 0->0
[2025-08-01T01:07:43.145+0000] GC(689) Metaspace: 10061K(10304K)->10061K(10304K) NonClass: 8835K(8960K)->8835K(8960K) Class: 1225K(1344K)->1225K(1344K)
[2025-08-01T01:07:43.145+0000] GC(689) Pause Young (Mixed) (G1 Evacuation Pause) 1444M->1445M(4096M) 31.582ms
[2025-08-01T01:07:43.145+0000] GC(689) User=0.24s Sys=0.00s Real=0.03s
[2025-08-01T01:07:43.305+0000] GC(690) Pause Young (Concurrent Start) (G1 Evacuation Pause)
[2025-08-01T01:07:43.305+0000] GC(690) Using 8 workers of 8 for evacuation
[2025-08-01T01:07:43.369+0000] GC(690)   Pre Evacuate Collection Set: 2.0ms
[2025-08-01T01:07:43.369+0000] GC(690)   Merge Heap Roots: 0.3ms
[2025-08-01T01:07:43.369+0000] GC(690)   Evacuate Collection Set: 59.8ms
[2025-08-01T01:07:43.369+0000] GC(690)   Post Evacuate Collection Set: 1.6ms
[2025-08-01T01:07:43.369+0000] GC(690)   Other: 0.3ms
[2025-08-01T01:07:43.370+0000] GC(690) Eden regions: 357->0(336)
[2025-08-01T01:07:43.370+0000] GC(690) Survivor regions: 13->47(47)
[2025-08-01T01:07:43.370+0000] GC(690) Old regions: 709->810
[2025-08-01T01:07:43.370+0000] GC(690) Archive regions: 2->2
[2025-08-01T01:07:43.370+0000] GC(690) Humongous regions: 0->0
[2025-08-01T01:07:43.370+0000] GC(690) Metaspace: 10061K(10304K)->10061K(10304K) NonClass: 8835K(8960K)->8835K(8960K) Class: 1225K(1344K)->1225K(1344K)
[2025-08-01T01:07:43.370+0000] GC(690) Pause Young (Concurrent Start) (G1 Evacuation Pause) 2159M->1714M(4096M) 64.224ms
[2025-08-01T01:07:43.370+0000] GC(690) User=0.45s Sys=0.02s Real=0.06s
[2025-08-01T01:07:43.370+0000] GC(691) Concurrent Mark Cycle
[2025-08-01T01:07:43.370+0000] GC(691) Concurrent Clear Claimed Marks
[2025-08-01T01:07:43.370+0000] GC(691) Concurrent Clear Claimed Marks 0.106ms
[2025-08-01T01:07:43.370+0000] GC(691) Concurrent Scan Root Regions
[2025-08-01T01:07:43.409+0000] GC(691) Concurrent Scan Root Regions 39.436ms
[2025-08-01T01:07:43.409+0000] GC(691) Concurrent Mark
[2025-08-01T01:07:43.409+0000] GC(691) Concurrent Mark From Roots
[2025-08-01T01:07:43.409+0000] GC(691) Using 2 workers of 2 for marking
[2025-08-01T01:07:43.424+0000] GC(691) Concurrent Mark From Roots 14.484ms
[2025-08-01T01:07:43.424+0000] GC(691) Concurrent Preclean
[2025-08-01T01:07:43.424+0000] GC(691) Concurrent Preclean 0.307ms
[2025-08-01T01:07:43.424+0000] GC(691) Pause Remark
[2025-08-01T01:07:43.427+0000] GC(691) Pause Remark 1967M->617M(4096M) 3.009ms
[2025-08-01T01:07:43.427+0000] GC(691) User=0.01s Sys=0.00s Real=0.00s
[2025-08-01T01:07:43.427+0000] GC(691) Concurrent Mark 18.105ms
[2025-08-01T01:07:43.427+0000] GC(691) Concurrent Rebuild Remembered Sets
[2025-08-01T01:07:43.462+0000] GC(691) Concurrent Rebuild Remembered Sets 34.197ms
[2025-08-01T01:07:43.462+0000] GC(691) Pause Cleanup
[2025-08-01T01:07:43.463+0000] GC(691) Pause Cleanup 771M->771M(4096M) 1.199ms
[2025-08-01T01:07:43.463+0000] GC(691) User=0.00s Sys=0.00s Real=0.01s
[2025-08-01T01:07:43.464+0000] GC(691) Concurrent Cleanup for Next Mark
[2025-08-01T01:07:43.482+0000] GC(691) Concurrent Cleanup for Next Mark 18.078ms
[2025-08-01T01:07:43.482+0000] GC(691) Concurrent Mark Cycle 112.421ms
[2025-08-01T01:07:43.541+0000] GC(692) Pause Young (Prepare Mixed) (G1 Evacuation Pause)
[2025-08-01T01:07:43.541+0000] GC(692) Using 8 workers of 8 for evacuation
[2025-08-01T01:07:43.672+0000] GC(692)   Pre Evacuate Collection Set: 0.4ms
[2025-08-01T01:07:43.672+0000] GC(692)   Merge Heap Roots: 0.2ms
[2025-08-01T01:07:43.672+0000] GC(692)   Evacuate Collection Set: 128.5ms
[2025-08-01T01:07:43.672+0000] GC(692)   Post Evacuate Collection Set: 1.1ms
[2025-08-01T01:07:43.672+0000] GC(692)   Other: 0.2ms
[2025-08-01T01:07:43.672+0000] GC(692) Eden regions: 336->0(54)
[2025-08-01T01:07:43.672+0000] GC(692) Survivor regions: 47->48(48)
[2025-08-01T01:07:43.672+0000] GC(692) Old regions: 135->471
[2025-08-01T01:07:43.672+0000] GC(692) Archive regions: 2->2
[2025-08-01T01:07:43.672+0000] GC(692) Humongous regions: 0->0
[2025-08-01T01:07:43.672+0000] GC(692) Metaspace: 10061K(10304K)->10061K(10304K) NonClass: 8835K(8960K)->8835K(8960K) Class: 1225K(1344K)->1225K(1344K)
[2025-08-01T01:07:43.672+0000] GC(692) Pause Young (Prepare Mixed) (G1 Evacuation Pause) 1036M->1038M(4096M) 130.673ms
[2025-08-01T01:07:43.672+0000] GC(692) User=1.01s Sys=0.01s Real=0.13s
[2025-08-01T01:07:43.682+0000] GC(693) Pause Young (Mixed) (G1 Evacuation Pause)
[2025-08-01T01:07:43.682+0000] GC(693) Using 8 workers of 8 for evacuation
[2025-08-01T01:07:43.714+0000] GC(693)   Pre Evacuate Collection Set: 0.5ms
[2025-08-01T01:07:43.715+0000] GC(693)   Merge Heap Roots: 0.4ms
[2025-08-01T01:07:43.715+0000] GC(693)   Evacuate Collection Set: 30.3ms
[2025-08-01T01:07:43.715+0000] GC(693)   Post Evacuate Collection Set: 1.2ms
[2025-08-01T01:07:43.715+0000] GC(693)   Other: 0.2ms
[2025-08-01T01:07:43.715+0000] GC(693) Eden regions: 54->0(414)
[2025-08-01T01:07:43.715+0000] GC(693) Survivor regions: 48->13(13)
[2025-08-01T01:07:43.715+0000] GC(693) Old regions: 471->559
[2025-08-01T01:07:43.715+0000] GC(693) Archive regions: 2->2
[2025-08-01T01:07:43.715+0000] GC(693) Humongous regions: 0->0
[2025-08-01T01:07:43.715+0000] GC(693) Metaspace: 10061K(10304K)->10061K(10304K) NonClass: 8835K(8960K)->8835K(8960K) Class: 1225K(1344K)->1225K(1344K)
[2025-08-01T01:07:43.715+0000] GC(693) Pause Young (Mixed) (G1 Evacuation Pause) 1146M->1145M(4096M) 32.736ms
[2025-08-01T01:07:43.715+0000] GC(693) User=0.23s Sys=0.00s Real=0.04s
[2025-08-01T01:07:43.894+0000] GC(694) Pause Young (Concurrent Start) (G1 Evacuation Pause)
[2025-08-01T01:07:43.894+0000] GC(694) Using 8 workers of 8 for evacuation
[2025-08-01T01:07:44.007+0000] GC(694)   Pre Evacuate Collection Set: 0.5ms
[2025-08-01T01:07:44.007+0000] GC(694)   Merge Heap Roots: 0.3ms
[2025-08-01T01:07:44.007+0000] GC(694)   Evacuate Collection Set: 110.6ms
[2025-08-01T01:07:44.007+0000] GC(694)   Post Evacuate Collection Set: 0.8ms
[2025-08-01T01:07:44.007+0000] GC(694)   Other: 0.3ms
[2025-08-01T01:07:44.007+0000] GC(694) Eden regions: 414->0(328)
[2025-08-01T01:07:44.007+0000] GC(694) Survivor regions: 13->54(54)
[2025-08-01T01:07:44.007+0000] GC(694) Old regions: 559->798
[2025-08-01T01:07:44.007+0000] GC(694) Archive regions: 2->2
[2025-08-01T01:07:44.007+0000] GC(694) Humongous regions: 0->0
[2025-08-01T01:07:44.007+0000] GC(694) Metaspace: 10061K(10304K)->10061K(10304K) NonClass: 8835K(8960K)->8835K(8960K) Class: 1225K(1344K)->1225K(1344K)
[2025-08-01T01:07:44.007+0000] GC(694) Pause Young (Concurrent Start) (G1 Evacuation Pause) 1973M->1704M(4096M) 112.740ms
[2025-08-01T01:07:44.007+0000] GC(694) User=0.81s Sys=0.04s Real=0.11s
[2025-08-01T01:07:44.007+0000] GC(695) Concurrent Mark Cycle
[2025-08-01T01:07:44.007+0000] GC(695) Concurrent Clear Claimed Marks
[2025-08-01T01:07:44.007+0000] GC(695) Concurrent Clear Claimed Marks 0.027ms
[2025-08-01T01:07:44.007+0000] GC(695) Concurrent Scan Root Regions
[2025-08-01T01:07:44.066+0000] GC(695) Concurrent Scan Root Regions 58.836ms
[2025-08-01T01:07:44.066+0000] GC(695) Concurrent Mark
[2025-08-01T01:07:44.066+0000] GC(695) Concurrent Mark From Roots
[2025-08-01T01:07:44.066+0000] GC(695) Using 2 workers of 2 for marking
[2025-08-01T01:07:44.157+0000] GC(695) Concurrent Mark From Roots 91.191ms
[2025-08-01T01:07:44.157+0000] GC(695) Concurrent Preclean
[2025-08-01T01:07:44.158+0000] GC(695) Concurrent Preclean 0.377ms
[2025-08-01T01:07:44.158+0000] GC(695) Pause Remark
[2025-08-01T01:07:44.160+0000] GC(695) Pause Remark 2270M->1822M(4096M) 2.345ms
[2025-08-01T01:07:44.160+0000] GC(695) User=0.00s Sys=0.00s Real=0.00s
[2025-08-01T01:07:44.161+0000] GC(695) Concurrent Mark 94.512ms
[2025-08-01T01:07:44.161+0000] GC(695) Concurrent Rebuild Remembered Sets
[2025-08-01T01:07:44.172+0000] GC(696) Pause Young (Normal) (G1 Evacuation Pause)
[2025-08-01T01:07:44.172+0000] GC(696) Using 8 workers of 8 for evacuation
[2025-08-01T01:07:44.273+0000] GC(696)   Pre Evacuate Collection Set: 0.2ms
[2025-08-01T01:07:44.273+0000] GC(696)   Merge Heap Roots: 0.2ms
[2025-08-01T01:07:44.273+0000] GC(696)   Evacuate Collection Set: 99.3ms
[2025-08-01T01:07:44.273+0000] GC(696)   Post Evacuate Collection Set: 0.8ms
[2025-08-01T01:07:44.273+0000] GC(696)   Other: 0.2ms
[2025-08-01T01:07:44.273+0000] GC(696) Eden regions: 328->0(304)
[2025-08-01T01:07:44.273+0000] GC(696) Survivor regions: 54->48(48)
[2025-08-01T01:07:44.273+0000] GC(696) Old regions: 574->855
[2025-08-01T01:07:44.273+0000] GC(696) Archive regions: 2->2
[2025-08-01T01:07:44.273+0000] GC(696) Humongous regions: 0->0
[2025-08-01T01:07:44.273+0000] GC(696) Metaspace: 10061K(10304K)->10061K(10304K) NonClass: 8835K(8960K)->8835K(8960K) Class: 1225K(1344K)->1225K(1344K)
[2025-08-01T01:07:44.273+0000] GC(696) Pause Young (Normal) (G1 Evacuation Pause) 1912M->1807M(4096M) 100.858ms
[2025-08-01T01:07:44.273+0000] GC(696) User=0.79s Sys=0.01s Real=0.10s
[2025-08-01T01:07:44.387+0000] GC(697) Pause Young (Normal) (G1 Evacuation Pause)
[2025-08-01T01:07:44.387+0000] GC(697) Using 8 workers of 8 for evacuation
[2025-08-01T01:07:44.468+0000] GC(697)   Pre Evacuate Collection Set: 0.3ms
[2025-08-01T01:07:44.468+0000] GC(697)   Merge Heap Roots: 0.7ms
[2025-08-01T01:07:44.468+0000] GC(697)   Evacuate Collection Set: 78.5ms
[2025-08-01T01:07:44.468+0000] GC(697)   Post Evacuate Collection Set: 1.3ms
[2025-08-01T01:07:44.468+0000] GC(697)   Other: 0.2ms
[2025-08-01T01:07:44.468+0000] GC(697) Eden regions: 304->0(233)
[2025-08-01T01:07:44.468+0000] GC(697) Survivor regions: 48->44(44)
[2025-08-01T01:07:44.468+0000] GC(697) Old regions: 855->1074
[2025-08-01T01:07:44.468+0000] GC(697) Archive regions: 2->2
[2025-08-01T01:07:44.468+0000] GC(697) Humongous regions: 0->0
[2025-08-01T01:07:44.468+0000] GC(697) Metaspace: 10061K(10304K)->10061K(10304K) NonClass: 8835K(8960K)->8835K(8960K) Class: 1225K(1344K)->1225K(1344K)
[2025-08-01T01:07:44.468+0000] GC(697) Pause Young (Normal) (G1 Evacuation Pause) 2415M->2236M(4096M) 81.231ms
[2025-08-01T01:07:44.468+0000] GC(697) User=0.63s Sys=0.01s Real=0.08s
[2025-08-01T01:07:44.501+0000] GC(695) Concurrent Rebuild Remembered Sets 340.030ms
[2025-08-01T01:07:44.501+0000] GC(695) Pause Cleanup
[2025-08-01T01:07:44.501+0000] GC(695) Pause Cleanup 2510M->2510M(4096M) 0.574ms
[2025-08-01T01:07:44.501+0000] GC(695) User=0.01s Sys=0.00s Real=0.00s
[2025-08-01T01:07:44.501+0000] GC(695) Concurrent Cleanup for Next Mark
[2025-08-01T01:07:44.510+0000] GC(695) Concurrent Cleanup for Next Mark 8.620ms
[2025-08-01T01:07:44.510+0000] GC(695) Concurrent Mark Cycle 503.126ms
[2025-08-01T01:07:44.559+0000] GC(698) Pause Young (Prepare Mixed) (G1 Evacuation Pause)
[2025-08-01T01:07:44.559+0000] GC(698) Using 8 workers of 8 for evacuation
[2025-08-01T01:07:44.638+0000] GC(698)   Pre Evacuate Collection Set: 1.3ms
[2025-08-01T01:07:44.638+0000] GC(698)   Merge Heap Roots: 0.2ms
[2025-08-01T01:07:44.638+0000] GC(698)   Evacuate Collection Set: 75.4ms
[2025-08-01T01:07:44.638+0000] GC(698)   Post Evacuate Collection Set: 1.4ms
[2025-08-01T01:07:44.638+0000] GC(698)   Other: 0.2ms
[2025-08-01T01:07:44.638+0000] GC(698) Eden regions: 233->0(67)
[2025-08-01T01:07:44.638+0000] GC(698) Survivor regions: 44->35(35)
[2025-08-01T01:07:44.638+0000] GC(698) Old regions: 1074->1264
[2025-08-01T01:07:44.638+0000] GC(698) Archive regions: 2->2
[2025-08-01T01:07:44.638+0000] GC(698) Humongous regions: 0->0
[2025-08-01T01:07:44.638+0000] GC(698) Metaspace: 10061K(10304K)->10061K(10304K) NonClass: 8835K(8960K)->8835K(8960K) Class: 1225K(1344K)->1225K(1344K)
[2025-08-01T01:07:44.638+0000] GC(698) Pause Young (Prepare Mixed) (G1 Evacuation Pause) 2702M->2598M(4096M) 78.621ms
[2025-08-01T01:07:44.638+0000] GC(698) User=0.60s Sys=0.01s Real=0.08s
[2025-08-01T01:07:44.651+0000] GC(699) Pause Young (Mixed) (G1 Evacuation Pause)
[2025-08-01T01:07:44.651+0000] GC(699) Using 8 workers of 8 for evacuation
[2025-08-01T01:07:44.683+0000] GC(699)   Pre Evacuate Collection Set: 0.5ms
[2025-08-01T01:07:44.683+0000] GC(699)   Merge Heap Roots: 0.2ms
[2025-08-01T01:07:44.683+0000] GC(699)   Evacuate Collection Set: 29.5ms
[2025-08-01T01:07:44.683+0000] GC(699)   Post Evacuate Collection Set: 0.8ms
[2025-08-01T01:07:44.683+0000] GC(699)   Other: 0.2ms
[2025-08-01T01:07:44.683+0000] GC(699) Eden regions: 67->0(160)
[2025-08-01T01:07:44.683+0000] GC(699) Survivor regions: 35->13(13)
[2025-08-01T01:07:44.683+0000] GC(699) Old regions: 1264->1328
[2025-08-01T01:07:44.683+0000] GC(699) Archive regions: 2->2
[2025-08-01T01:07:44.683+0000] GC(699) Humongous regions: 0->0
[2025-08-01T01:07:44.683+0000] GC(699) Metaspace: 10061K(10304K)->10061K(10304K) NonClass: 8835K(8960K)->8835K(8960K) Class: 1225K(1344K)->1225K(1344K)
[2025-08-01T01:07:44.683+0000] GC(699) Pause Young (Mixed) (G1 Evacuation Pause) 2732M->2683M(4096M) 31.373ms
[2025-08-01T01:07:44.683+0000] GC(699) User=0.23s Sys=0.00s Real=0.04s
[2025-08-01T01:07:44.763+0000] GC(700) Pause Young (Concurrent Start) (G1 Evacuation Pause)
[2025-08-01T01:07:44.763+0000] GC(700) Using 8 workers of 8 for evacuation
[2025-08-01T01:07:44.806+0000] GC(700)   Pre Evacuate Collection Set: 0.4ms
[2025-08-01T01:07:44.806+0000] GC(700)   Merge Heap Roots: 0.3ms
[2025-08-01T01:07:44.806+0000] GC(700)   Evacuate Collection Set: 40.5ms
[2025-08-01T01:07:44.806+0000] GC(700)   Post Evacuate Collection Set: 1.0ms
[2025-08-01T01:07:44.806+0000] GC(700)   Other: 0.3ms
[2025-08-01T01:07:44.806+0000] GC(700) Eden regions: 160->0(123)
[2025-08-01T01:07:44.806+0000] GC(700) Survivor regions: 13->22(22)
[2025-08-01T01:07:44.806+0000] GC(700) Old regions: 1328->1435
[2025-08-01T01:07:44.806+0000] GC(700) Archive regions: 2->2
[2025-08-01T01:07:44.806+0000] GC(700) Humongous regions: 0->0
[2025-08-01T01:07:44.806+0000] GC(700) Metaspace: 10061K(10304K)->10061K(10304K) NonClass: 8835K(8960K)->8835K(8960K) Class: 1225K(1344K)->1225K(1344K)
[2025-08-01T01:07:44.806+0000] GC(700) Pause Young (Concurrent Start) (G1 Evacuation Pause) 3003M->2914M(4096M) 42.687ms
[2025-08-01T01:07:44.806+0000] GC(700) User=0.32s Sys=0.00s Real=0.04s
[2025-08-01T01:07:44.806+0000] GC(701) Concurrent Mark Cycle
[2025-08-01T01:07:44.806+0000] GC(701) Concurrent Clear Claimed Marks
[2025-08-01T01:07:44.806+0000] GC(701) Concurrent Clear Claimed Marks 0.081ms
[2025-08-01T01:07:44.806+0000] GC(701) Concurrent Scan Root Regions
[2025-08-01T01:07:44.834+0000] GC(701) Concurrent Scan Root Regions 28.389ms
[2025-08-01T01:07:44.834+0000] GC(701) Concurrent Mark
[2025-08-01T01:07:44.834+0000] GC(701) Concurrent Mark From Roots
[2025-08-01T01:07:44.834+0000] GC(701) Using 2 workers of 2 for marking
[2025-08-01T01:07:44.877+0000] GC(702) Pause Young (Normal) (G1 Evacuation Pause)
[2025-08-01T01:07:44.877+0000] GC(702) Using 8 workers of 8 for evacuation
[2025-08-01T01:07:44.920+0000] GC(702)   Pre Evacuate Collection Set: 0.5ms
[2025-08-01T01:07:44.920+0000] GC(702)   Merge Heap Roots: 0.2ms
[2025-08-01T01:07:44.920+0000] GC(702)   Evacuate Collection Set: 41.4ms
[2025-08-01T01:07:44.920+0000] GC(702)   Post Evacuate Collection Set: 1.1ms
[2025-08-01T01:07:44.920+0000] GC(702)   Other: 0.4ms
[2025-08-01T01:07:44.920+0000] GC(702) Eden regions: 123->0(83)
[2025-08-01T01:07:44.920+0000] GC(702) Survivor regions: 22->19(19)
[2025-08-01T01:07:44.920+0000] GC(702) Old regions: 1435->1562
[2025-08-01T01:07:44.920+0000] GC(702) Archive regions: 2->2
[2025-08-01T01:07:44.920+0000] GC(702) Humongous regions: 0->0
[2025-08-01T01:07:44.921+0000] GC(702) Metaspace: 10061K(10304K)->10061K(10304K) NonClass: 8835K(8960K)->8835K(8960K) Class: 1225K(1344K)->1225K(1344K)
[2025-08-01T01:07:44.921+0000] GC(702) Pause Young (Normal) (G1 Evacuation Pause) 3160M->3163M(4096M) 43.771ms
[2025-08-01T01:07:44.921+0000] GC(702) User=0.34s Sys=0.00s Real=0.04s
[2025-08-01T01:07:44.935+0000] GC(701) Concurrent Mark From Roots 101.142ms
[2025-08-01T01:07:44.936+0000] GC(701) Concurrent Preclean
[2025-08-01T01:07:44.935+0000] GC(703) Pause Young (Normal) (G1 Evacuation Pause)
[2025-08-01T01:07:44.936+0000] GC(703) Using 8 workers of 8 for evacuation
[2025-08-01T01:07:44.968+0000] GC(703)   Pre Evacuate Collection Set: 0.4ms
[2025-08-01T01:07:44.968+0000] GC(703)   Merge Heap Roots: 0.3ms
[2025-08-01T01:07:44.968+0000] GC(703)   Evacuate Collection Set: 31.1ms
[2025-08-01T01:07:44.968+0000] GC(703)   Post Evacuate Collection Set: 0.9ms
[2025-08-01T01:07:44.968+0000] GC(703)   Other: 0.2ms
[2025-08-01T01:07:44.968+0000] GC(703) Eden regions: 83->0(89)
[2025-08-01T01:07:44.968+0000] GC(703) Survivor regions: 19->13(13)
[2025-08-01T01:07:44.968+0000] GC(703) Old regions: 1562->1653
[2025-08-01T01:07:44.968+0000] GC(703) Archive regions: 2->2
[2025-08-01T01:07:44.968+0000] GC(703) Humongous regions: 0->0
[2025-08-01T01:07:44.968+0000] GC(703) Metaspace: 10061K(10304K)->10061K(10304K) NonClass: 8835K(8960K)->8835K(8960K) Class: 1225K(1344K)->1225K(1344K)
[2025-08-01T01:07:44.969+0000] GC(703) Pause Young (Normal) (G1 Evacuation Pause) 3329M->3333M(4096M) 33.044ms
[2025-08-01T01:07:44.969+0000] GC(703) User=0.25s Sys=0.00s Real=0.03s
[2025-08-01T01:07:44.969+0000] GC(701) Concurrent Preclean 33.581ms
[2025-08-01T01:07:44.970+0000] GC(701) Pause Remark
[2025-08-01T01:07:44.972+0000] GC(701) Pause Remark 3341M->1079M(4096M) 2.495ms
[2025-08-01T01:07:44.972+0000] GC(701) User=0.01s Sys=0.00s Real=0.00s
[2025-08-01T01:07:44.972+0000] GC(701) Concurrent Mark 137.979ms
[2025-08-01T01:07:44.972+0000] GC(701) Concurrent Rebuild Remembered Sets
[2025-08-01T01:07:45.036+0000] GC(704) Pause Young (Normal) (G1 Evacuation Pause)
[2025-08-01T01:07:45.036+0000] GC(704) Using 8 workers of 8 for evacuation
[2025-08-01T01:07:45.067+0000] GC(704)   Pre Evacuate Collection Set: 1.1ms
[2025-08-01T01:07:45.067+0000] GC(704)   Merge Heap Roots: 0.2ms
[2025-08-01T01:07:45.067+0000] GC(704)   Evacuate Collection Set: 28.2ms
[2025-08-01T01:07:45.067+0000] GC(704)   Post Evacuate Collection Set: 0.9ms
[2025-08-01T01:07:45.067+0000] GC(704)   Other: 0.2ms
[2025-08-01T01:07:45.067+0000] GC(704) Eden regions: 89->0(420)
[2025-08-01T01:07:45.067+0000] GC(704) Survivor regions: 13->13(13)
[2025-08-01T01:07:45.067+0000] GC(704) Old regions: 522->613
[2025-08-01T01:07:45.067+0000] GC(704) Archive regions: 2->2
[2025-08-01T01:07:45.067+0000] GC(704) Humongous regions: 0->0
[2025-08-01T01:07:45.067+0000] GC(704) Metaspace: 10061K(10304K)->10061K(10304K) NonClass: 8835K(8960K)->8835K(8960K) Class: 1225K(1344K)->1225K(1344K)
[2025-08-01T01:07:45.067+0000] GC(704) Pause Young (Normal) (G1 Evacuation Pause) 1249M->1253M(4096M) 30.802ms
[2025-08-01T01:07:45.067+0000] GC(704) User=0.23s Sys=0.01s Real=0.03s
[2025-08-01T01:07:45.128+0000] GC(701) Concurrent Rebuild Remembered Sets 155.188ms
[2025-08-01T01:07:45.128+0000] GC(701) Pause Cleanup
[2025-08-01T01:07:45.128+0000] GC(701) Pause Cleanup 1552M->1552M(4096M) 0.724ms
[2025-08-01T01:07:45.128+0000] GC(701) User=0.00s Sys=0.00s Real=0.00s
[2025-08-01T01:07:45.129+0000] GC(701) Concurrent Cleanup for Next Mark
[2025-08-01T01:07:45.137+0000] GC(701) Concurrent Cleanup for Next Mark 8.323ms
[2025-08-01T01:07:45.137+0000] GC(701) Concurrent Mark Cycle 331.259ms
[2025-08-01T01:07:45.242+0000] GC(705) Pause Young (Prepare Mixed) (G1 Evacuation Pause)
[2025-08-01T01:07:45.242+0000] GC(705) Using 8 workers of 8 for evacuation
[2025-08-01T01:07:45.358+0000] GC(705)   Pre Evacuate Collection Set: 0.5ms
[2025-08-01T01:07:45.359+0000] GC(705)   Merge Heap Roots: 0.4ms
[2025-08-01T01:07:45.359+0000] GC(705)   Evacuate Collection Set: 114.5ms
[2025-08-01T01:07:45.359+0000] GC(705)   Post Evacuate Collection Set: 1.3ms
[2025-08-01T01:07:45.359+0000] GC(705)   Other: 0.2ms
[2025-08-01T01:07:45.359+0000] GC(705) Eden regions: 420->0(47)
[2025-08-01T01:07:45.359+0000] GC(705) Survivor regions: 13->55(55)
[2025-08-01T01:07:45.359+0000] GC(705) Old regions: 613->880
[2025-08-01T01:07:45.359+0000] GC(705) Archive regions: 2->2
[2025-08-01T01:07:45.359+0000] GC(705) Humongous regions: 0->0
[2025-08-01T01:07:45.359+0000] GC(705) Metaspace: 10061K(10304K)->10061K(10304K) NonClass: 8835K(8960K)->8835K(8960K) Class: 1225K(1344K)->1225K(1344K)
[2025-08-01T01:07:45.359+0000] GC(705) Pause Young (Prepare Mixed) (G1 Evacuation Pause) 2093M->1871M(4096M) 117.088ms
[2025-08-01T01:07:45.359+0000] GC(705) User=0.90s Sys=0.02s Real=0.12s
[2025-08-01T01:07:45.367+0000] GC(706) Pause Young (Mixed) (G1 Evacuation Pause)
[2025-08-01T01:07:45.367+0000] GC(706) Using 8 workers of 8 for evacuation
[2025-08-01T01:07:45.403+0000] GC(706)   Pre Evacuate Collection Set: 0.6ms
[2025-08-01T01:07:45.403+0000] GC(706)   Merge Heap Roots: 0.2ms
[2025-08-01T01:07:45.403+0000] GC(706)   Evacuate Collection Set: 34.2ms
[2025-08-01T01:07:45.403+0000] GC(706)   Post Evacuate Collection Set: 1.0ms
[2025-08-01T01:07:45.403+0000] GC(706)   Other: 0.2ms
[2025-08-01T01:07:45.403+0000] GC(706) Eden regions: 47->0(294)
[2025-08-01T01:07:45.404+0000] GC(706) Survivor regions: 55->13(13)
[2025-08-01T01:07:45.404+0000] GC(706) Old regions: 880->954
[2025-08-01T01:07:45.404+0000] GC(706) Archive regions: 2->2
[2025-08-01T01:07:45.404+0000] GC(706) Humongous regions: 0->0
[2025-08-01T01:07:45.404+0000] GC(706) Metaspace: 10061K(10304K)->10061K(10304K) NonClass: 8835K(8960K)->8835K(8960K) Class: 1225K(1344K)->1225K(1344K)
[2025-08-01T01:07:45.404+0000] GC(706) Pause Young (Mixed) (G1 Evacuation Pause) 1965M->1934M(4096M) 36.309ms
[2025-08-01T01:07:45.404+0000] GC(706) User=0.26s Sys=0.00s Real=0.04s
[2025-08-01T01:07:45.559+0000] GC(707) Pause Young (Concurrent Start) (G1 Evacuation Pause)
[2025-08-01T01:07:45.559+0000] GC(707) Using 8 workers of 8 for evacuation
[2025-08-01T01:07:45.703+0000] GC(707)   Pre Evacuate Collection Set: 1.1ms
[2025-08-01T01:07:45.704+0000] GC(707)   Merge Heap Roots: 1.0ms
[2025-08-01T01:07:45.704+0000] GC(707)   Evacuate Collection Set: 140.6ms
[2025-08-01T01:07:45.704+0000] GC(707)   Post Evacuate Collection Set: 1.2ms
[2025-08-01T01:07:45.704+0000] GC(707)   Other: 0.4ms
[2025-08-01T01:07:45.704+0000] GC(707) Eden regions: 294->0(197)
[2025-08-01T01:07:45.704+0000] GC(707) Survivor regions: 13->39(39)
[2025-08-01T01:07:45.704+0000] GC(707) Old regions: 954->1183
[2025-08-01T01:07:45.704+0000] GC(707) Archive regions: 2->2
[2025-08-01T01:07:45.704+0000] GC(707) Humongous regions: 0->0
[2025-08-01T01:07:45.704+0000] GC(707) Metaspace: 10061K(10304K)->10061K(10304K) NonClass: 8835K(8960K)->8835K(8960K) Class: 1225K(1344K)->1225K(1344K)
[2025-08-01T01:07:45.704+0000] GC(707) Pause Young (Concurrent Start) (G1 Evacuation Pause) 2522M->2444M(4096M) 144.525ms
[2025-08-01T01:07:45.704+0000] GC(707) User=1.08s Sys=0.02s Real=0.15s
[2025-08-01T01:07:45.704+0000] GC(708) Concurrent Mark Cycle
[2025-08-01T01:07:45.704+0000] GC(708) Concurrent Clear Claimed Marks
[2025-08-01T01:07:45.704+0000] GC(708) Concurrent Clear Claimed Marks 0.028ms
[2025-08-01T01:07:45.704+0000] GC(708) Concurrent Scan Root Regions
[2025-08-01T01:07:45.760+0000] GC(708) Concurrent Scan Root Regions 55.982ms
[2025-08-01T01:07:45.760+0000] GC(708) Concurrent Mark
[2025-08-01T01:07:45.760+0000] GC(708) Concurrent Mark From Roots
[2025-08-01T01:07:45.760+0000] GC(708) Using 2 workers of 2 for marking
[2025-08-01T01:07:45.791+0000] GC(709) Pause Young (Normal) (G1 Evacuation Pause)
[2025-08-01T01:07:45.791+0000] GC(709) Using 8 workers of 8 for evacuation
[2025-08-01T01:07:45.864+0000] GC(709)   Pre Evacuate Collection Set: 0.4ms
[2025-08-01T01:07:45.864+0000] GC(709)   Merge Heap Roots: 0.1ms
[2025-08-01T01:07:45.864+0000] GC(709)   Evacuate Collection Set: 70.9ms
[2025-08-01T01:07:45.864+0000] GC(709)   Post Evacuate Collection Set: 1.2ms
[2025-08-01T01:07:45.864+0000] GC(709)   Other: 0.3ms
[2025-08-01T01:07:45.864+0000] GC(709) Eden regions: 197->0(130)
[2025-08-01T01:07:45.864+0000] GC(709) Survivor regions: 39->30(30)
[2025-08-01T01:07:45.864+0000] GC(709) Old regions: 1183->1391
[2025-08-01T01:07:45.864+0000] GC(709) Archive regions: 2->2
[2025-08-01T01:07:45.864+0000] GC(709) Humongous regions: 0->0
[2025-08-01T01:07:45.864+0000] GC(709) Metaspace: 10061K(10304K)->10061K(10304K) NonClass: 8835K(8960K)->8835K(8960K) Class: 1225K(1344K)->1225K(1344K)
[2025-08-01T01:07:45.864+0000] GC(709) Pause Young (Normal) (G1 Evacuation Pause) 2838M->2842M(4096M) 72.995ms
[2025-08-01T01:07:45.864+0000] GC(709) User=0.56s Sys=0.00s Real=0.08s
[2025-08-01T01:07:45.895+0000] GC(708) Concurrent Mark From Roots 134.452ms
[2025-08-01T01:07:45.895+0000] GC(708) Concurrent Preclean
[2025-08-01T01:07:45.895+0000] GC(708) Concurrent Preclean 0.383ms
[2025-08-01T01:07:45.895+0000] GC(708) Pause Remark
[2025-08-01T01:07:45.898+0000] GC(708) Pause Remark 3032M->1618M(4096M) 3.092ms
[2025-08-01T01:07:45.898+0000] GC(708) User=0.01s Sys=0.00s Real=0.00s
[2025-08-01T01:07:45.899+0000] GC(708) Concurrent Mark 138.487ms
[2025-08-01T01:07:45.899+0000] GC(708) Concurrent Rebuild Remembered Sets
[2025-08-01T01:07:45.937+0000] GC(710) Pause Young (Normal) (G1 Evacuation Pause)
[2025-08-01T01:07:45.937+0000] GC(710) Using 8 workers of 8 for evacuation
[2025-08-01T01:07:45.984+0000] GC(710)   Pre Evacuate Collection Set: 0.6ms
[2025-08-01T01:07:45.984+0000] GC(710)   Merge Heap Roots: 0.1ms
[2025-08-01T01:07:45.984+0000] GC(710)   Evacuate Collection Set: 44.2ms
[2025-08-01T01:07:45.984+0000] GC(710)   Post Evacuate Collection Set: 1.0ms
[2025-08-01T01:07:45.984+0000] GC(710)   Other: 0.2ms
[2025-08-01T01:07:45.984+0000] GC(710) Eden regions: 130->0(336)
[2025-08-01T01:07:45.984+0000] GC(710) Survivor regions: 30->20(20)
[2025-08-01T01:07:45.984+0000] GC(710) Old regions: 684->809
[2025-08-01T01:07:45.984+0000] GC(710) Archive regions: 2->2
[2025-08-01T01:07:45.984+0000] GC(710) Humongous regions: 0->0
[2025-08-01T01:07:45.984+0000] GC(710) Metaspace: 10061K(10304K)->10061K(10304K) NonClass: 8835K(8960K)->8835K(8960K) Class: 1225K(1344K)->1225K(1344K)
[2025-08-01T01:07:45.984+0000] GC(710) Pause Young (Normal) (G1 Evacuation Pause) 1688M->1659M(4096M) 46.310ms
[2025-08-01T01:07:45.984+0000] GC(710) User=0.34s Sys=0.00s Real=0.05s
[2025-08-01T01:07:46.116+0000] GC(708) Concurrent Rebuild Remembered Sets 217.717ms
[2025-08-01T01:07:46.117+0000] GC(708) Pause Cleanup
[2025-08-01T01:07:46.118+0000] GC(708) Pause Cleanup 2312M->2312M(4096M) 1.056ms
[2025-08-01T01:07:46.118+0000] GC(708) User=0.00s Sys=0.00s Real=0.00s
[2025-08-01T01:07:46.118+0000] GC(708) Concurrent Cleanup for Next Mark
[2025-08-01T01:07:46.126+0000] GC(708) Concurrent Cleanup for Next Mark 7.878ms
[2025-08-01T01:07:46.126+0000] GC(708) Concurrent Mark Cycle 421.949ms
[2025-08-01T01:07:46.141+0000] GC(711) Pause Young (Prepare Mixed) (G1 Evacuation Pause)
[2025-08-01T01:07:46.141+0000] GC(711) Using 8 workers of 8 for evacuation
[2025-08-01T01:07:46.192+0000] GC(711)   Pre Evacuate Collection Set: 0.4ms
[2025-08-01T01:07:46.192+0000] GC(711)   Merge Heap Roots: 0.2ms
[2025-08-01T01:07:46.193+0000] GC(711)   Evacuate Collection Set: 49.7ms
[2025-08-01T01:07:46.193+0000] GC(711)   Post Evacuate Collection Set: 1.0ms
[2025-08-01T01:07:46.193+0000] GC(711)   Other: 0.2ms
[2025-08-01T01:07:46.193+0000] GC(711) Eden regions: 336->0(57)
[2025-08-01T01:07:46.193+0000] GC(711) Survivor regions: 20->45(45)
[2025-08-01T01:07:46.193+0000] GC(711) Old regions: 809->902
[2025-08-01T01:07:46.193+0000] GC(711) Archive regions: 2->2
[2025-08-01T01:07:46.193+0000] GC(711) Humongous regions: 0->0
[2025-08-01T01:07:46.193+0000] GC(711) Metaspace: 10061K(10304K)->10061K(10304K) NonClass: 8835K(8960K)->8835K(8960K) Class: 1225K(1344K)->1225K(1344K)
[2025-08-01T01:07:46.193+0000] GC(711) Pause Young (Prepare Mixed) (G1 Evacuation Pause) 2331M->1895M(4096M) 51.627ms
[2025-08-01T01:07:46.193+0000] GC(711) User=0.39s Sys=0.01s Real=0.05s
[2025-08-01T01:07:46.205+0000] GC(712) Pause Young (Mixed) (G1 Evacuation Pause)
[2025-08-01T01:07:46.205+0000] GC(712) Using 8 workers of 8 for evacuation
[2025-08-01T01:07:46.236+0000] GC(712)   Pre Evacuate Collection Set: 0.4ms
[2025-08-01T01:07:46.236+0000] GC(712)   Merge Heap Roots: 0.2ms
[2025-08-01T01:07:46.236+0000] GC(712)   Evacuate Collection Set: 29.1ms
[2025-08-01T01:07:46.236+0000] GC(712)   Post Evacuate Collection Set: 1.2ms
[2025-08-01T01:07:46.236+0000] GC(712)   Other: 0.2ms
[2025-08-01T01:07:46.236+0000] GC(712) Eden regions: 57->0(295)
[2025-08-01T01:07:46.236+0000] GC(712) Survivor regions: 45->13(13)
[2025-08-01T01:07:46.236+0000] GC(712) Old regions: 902->968
[2025-08-01T01:07:46.236+0000] GC(712) Archive regions: 2->2
[2025-08-01T01:07:46.236+0000] GC(712) Humongous regions: 0->0
[2025-08-01T01:07:46.236+0000] GC(712) Metaspace: 10061K(10304K)->10061K(10304K) NonClass: 8835K(8960K)->8835K(8960K) Class: 1225K(1344K)->1225K(1344K)
[2025-08-01T01:07:46.236+0000] GC(712) Pause Young (Mixed) (G1 Evacuation Pause) 2009M->1963M(4096M) 31.122ms
[2025-08-01T01:07:46.236+0000] GC(712) User=0.23s Sys=0.01s Real=0.03s
[2025-08-01T01:07:46.343+0000] GC(713) Pause Young (Concurrent Start) (G1 Evacuation Pause)
[2025-08-01T01:07:46.343+0000] GC(713) Using 8 workers of 8 for evacuation
[2025-08-01T01:07:46.517+0000] GC(713)   Pre Evacuate Collection Set: 0.9ms
[2025-08-01T01:07:46.518+0000] GC(713)   Merge Heap Roots: 0.6ms
[2025-08-01T01:07:46.518+0000] GC(713)   Evacuate Collection Set: 171.1ms
[2025-08-01T01:07:46.518+0000] GC(713)   Post Evacuate Collection Set: 1.1ms
[2025-08-01T01:07:46.518+0000] GC(713)   Other: 0.4ms
[2025-08-01T01:07:46.518+0000] GC(713) Eden regions: 295->0(177)
[2025-08-01T01:07:46.518+0000] GC(713) Survivor regions: 13->39(39)
[2025-08-01T01:07:46.518+0000] GC(713) Old regions: 968->1239
[2025-08-01T01:07:46.518+0000] GC(713) Archive regions: 2->2
[2025-08-01T01:07:46.518+0000] GC(713) Humongous regions: 0->0
[2025-08-01T01:07:46.518+0000] GC(713) Metaspace: 10061K(10304K)->10061K(10304K) NonClass: 8835K(8960K)->8835K(8960K) Class: 1225K(1344K)->1225K(1344K)
[2025-08-01T01:07:46.518+0000] GC(713) Pause Young (Concurrent Start) (G1 Evacuation Pause) 2553M->2557M(4096M) 174.316ms
[2025-08-01T01:07:46.518+0000] GC(713) User=1.28s Sys=0.06s Real=0.18s
[2025-08-01T01:07:46.518+0000] GC(714) Concurrent Mark Cycle
[2025-08-01T01:07:46.518+0000] GC(714) Concurrent Clear Claimed Marks
[2025-08-01T01:07:46.518+0000] GC(714) Concurrent Clear Claimed Marks 0.067ms
[2025-08-01T01:07:46.518+0000] GC(714) Concurrent Scan Root Regions
[2025-08-01T01:07:46.579+0000] GC(714) Concurrent Scan Root Regions 61.060ms
[2025-08-01T01:07:46.579+0000] GC(714) Concurrent Mark
[2025-08-01T01:07:46.579+0000] GC(714) Concurrent Mark From Roots
[2025-08-01T01:07:46.579+0000] GC(714) Using 2 workers of 2 for marking
[2025-08-01T01:07:46.587+0000] GC(715) Pause Young (Normal) (G1 Evacuation Pause)
[2025-08-01T01:07:46.587+0000] GC(715) Using 8 workers of 8 for evacuation
[2025-08-01T01:07:46.639+0000] GC(715)   Pre Evacuate Collection Set: 0.4ms
[2025-08-01T01:07:46.639+0000] GC(715)   Merge Heap Roots: 0.2ms
[2025-08-01T01:07:46.639+0000] GC(715)   Evacuate Collection Set: 50.7ms
[2025-08-01T01:07:46.639+0000] GC(715)   Post Evacuate Collection Set: 1.1ms
[2025-08-01T01:07:46.639+0000] GC(715)   Other: 0.2ms
[2025-08-01T01:07:46.639+0000] GC(715) Eden regions: 177->0(141)
[2025-08-01T01:07:46.639+0000] GC(715) Survivor regions: 39->27(27)
[2025-08-01T01:07:46.639+0000] GC(715) Old regions: 1239->1379
[2025-08-01T01:07:46.639+0000] GC(715) Archive regions: 2->2
[2025-08-01T01:07:46.639+0000] GC(715) Humongous regions: 0->0
[2025-08-01T01:07:46.639+0000] GC(715) Metaspace: 10061K(10304K)->10061K(10304K) NonClass: 8835K(8960K)->8835K(8960K) Class: 1225K(1344K)->1225K(1344K)
[2025-08-01T01:07:46.639+0000] GC(715) Pause Young (Normal) (G1 Evacuation Pause) 2911M->2813M(4096M) 52.717ms
[2025-08-01T01:07:46.639+0000] GC(715) User=0.40s Sys=0.01s Real=0.05s
[2025-08-01T01:07:46.671+0000] GC(716) Pause Young (Normal) (G1 Evacuation Pause)
[2025-08-01T01:07:46.671+0000] GC(716) Using 8 workers of 8 for evacuation
[2025-08-01T01:07:46.718+0000] GC(716)   Pre Evacuate Collection Set: 0.6ms
[2025-08-01T01:07:46.718+0000] GC(716)   Merge Heap Roots: 0.1ms
[2025-08-01T01:07:46.718+0000] GC(716)   Evacuate Collection Set: 45.4ms
[2025-08-01T01:07:46.718+0000] GC(716)   Post Evacuate Collection Set: 0.5ms
[2025-08-01T01:07:46.718+0000] GC(716)   Other: 0.2ms
[2025-08-01T01:07:46.718+0000] GC(716) Eden regions: 141->0(91)
[2025-08-01T01:07:46.718+0000] GC(716) Survivor regions: 27->21(21)
[2025-08-01T01:07:46.718+0000] GC(716) Old regions: 1379->1528
[2025-08-01T01:07:46.718+0000] GC(716) Archive regions: 2->2
[2025-08-01T01:07:46.718+0000] GC(716) Humongous regions: 0->0
[2025-08-01T01:07:46.718+0000] GC(716) Metaspace: 10061K(10304K)->10061K(10304K) NonClass: 8835K(8960K)->8835K(8960K) Class: 1225K(1344K)->1225K(1344K)
[2025-08-01T01:07:46.718+0000] GC(716) Pause Young (Normal) (G1 Evacuation Pause) 3095M->3098M(4096M) 46.928ms
[2025-08-01T01:07:46.718+0000] GC(716) User=0.37s Sys=0.00s Real=0.05s
[2025-08-01T01:07:46.749+0000] GC(717) Pause Young (Normal) (G1 Evacuation Pause)
[2025-08-01T01:07:46.749+0000] GC(717) Using 8 workers of 8 for evacuation
[2025-08-01T01:07:46.768+0000] GC(717)   Pre Evacuate Collection Set: 0.3ms
[2025-08-01T01:07:46.768+0000] GC(717)   Merge Heap Roots: 0.1ms
[2025-08-01T01:07:46.768+0000] GC(717)   Evacuate Collection Set: 17.3ms
[2025-08-01T01:07:46.768+0000] GC(717)   Post Evacuate Collection Set: 0.9ms
[2025-08-01T01:07:46.768+0000] GC(717)   Other: 0.2ms
[2025-08-01T01:07:46.768+0000] GC(717) Eden regions: 91->0(88)
[2025-08-01T01:07:46.768+0000] GC(717) Survivor regions: 21->14(14)
[2025-08-01T01:07:46.768+0000] GC(717) Old regions: 1528->1575
[2025-08-01T01:07:46.768+0000] GC(717) Archive regions: 2->2
[2025-08-01T01:07:46.768+0000] GC(717) Humongous regions: 0->0
[2025-08-01T01:07:46.768+0000] GC(717) Metaspace: 10061K(10304K)->10061K(10304K) NonClass: 8835K(8960K)->8835K(8960K) Class: 1225K(1344K)->1225K(1344K)
[2025-08-01T01:07:46.768+0000] GC(717) Pause Young (Normal) (G1 Evacuation Pause) 3280M->3178M(4096M) 19.045ms
[2025-08-01T01:07:46.768+0000] GC(717) User=0.14s Sys=0.00s Real=0.02s
[2025-08-01T01:07:46.790+0000] GC(714) Concurrent Mark From Roots 210.352ms
[2025-08-01T01:07:46.790+0000] GC(714) Concurrent Preclean
[2025-08-01T01:07:46.790+0000] GC(714) Concurrent Preclean 0.193ms
[2025-08-01T01:07:46.790+0000] GC(714) Pause Remark
[2025-08-01T01:07:46.793+0000] GC(714) Pause Remark 3348M->1892M(4096M) 2.288ms
[2025-08-01T01:07:46.793+0000] GC(714) User=0.01s Sys=0.00s Real=0.00s
[2025-08-01T01:07:46.793+0000] GC(714) Concurrent Mark 213.628ms
[2025-08-01T01:07:46.793+0000] GC(714) Concurrent Rebuild Remembered Sets
[2025-08-01T01:07:46.794+0000] GC(718) Pause Young (Normal) (G1 Evacuation Pause)
[2025-08-01T01:07:46.794+0000] GC(718) Using 8 workers of 8 for evacuation
[2025-08-01T01:07:46.832+0000] GC(718)   Pre Evacuate Collection Set: 0.8ms
[2025-08-01T01:07:46.832+0000] GC(718)   Merge Heap Roots: 0.1ms
[2025-08-01T01:07:46.832+0000] GC(718)   Evacuate Collection Set: 35.6ms
[2025-08-01T01:07:46.832+0000] GC(718)   Post Evacuate Collection Set: 0.6ms
[2025-08-01T01:07:46.832+0000] GC(718)   Other: 0.2ms
[2025-08-01T01:07:46.832+0000] GC(718) Eden regions: 88->0(292)
[2025-08-01T01:07:46.832+0000] GC(718) Survivor regions: 14->13(13)
[2025-08-01T01:07:46.832+0000] GC(718) Old regions: 847->938
[2025-08-01T01:07:46.832+0000] GC(718) Archive regions: 2->2
[2025-08-01T01:07:46.832+0000] GC(718) Humongous regions: 0->0
[2025-08-01T01:07:46.832+0000] GC(718) Metaspace: 10061K(10304K)->10061K(10304K) NonClass: 8835K(8960K)->8835K(8960K) Class: 1225K(1344K)->1225K(1344K)
[2025-08-01T01:07:46.832+0000] GC(718) Pause Young (Normal) (G1 Evacuation Pause) 1898M->1903M(4096M) 37.333ms
[2025-08-01T01:07:46.832+0000] GC(718) User=0.28s Sys=0.00s Real=0.03s
[2025-08-01T01:07:46.970+0000] GC(719) Pause Young (Normal) (G1 Evacuation Pause)
[2025-08-01T01:07:46.971+0000] GC(719) Using 8 workers of 8 for evacuation
[2025-08-01T01:07:47.051+0000] GC(719)   Pre Evacuate Collection Set: 0.4ms
[2025-08-01T01:07:47.051+0000] GC(719)   Merge Heap Roots: 0.1ms
[2025-08-01T01:07:47.051+0000] GC(719)   Evacuate Collection Set: 79.3ms
[2025-08-01T01:07:47.051+0000] GC(719)   Post Evacuate Collection Set: 0.8ms
[2025-08-01T01:07:47.051+0000] GC(719)   Other: 0.1ms
[2025-08-01T01:07:47.051+0000] GC(719) Eden regions: 292->0(201)
[2025-08-01T01:07:47.051+0000] GC(719) Survivor regions: 13->39(39)
[2025-08-01T01:07:47.051+0000] GC(719) Old regions: 938->1161
[2025-08-01T01:07:47.051+0000] GC(719) Archive regions: 2->2
[2025-08-01T01:07:47.051+0000] GC(719) Humongous regions: 0->0
[2025-08-01T01:07:47.051+0000] GC(719) Metaspace: 10061K(10304K)->10061K(10304K) NonClass: 8835K(8960K)->8835K(8960K) Class: 1225K(1344K)->1225K(1344K)
[2025-08-01T01:07:47.051+0000] GC(719) Pause Young (Normal) (G1 Evacuation Pause) 2487M->2400M(4096M) 80.874ms
[2025-08-01T01:07:47.051+0000] GC(719) User=0.62s Sys=0.00s Real=0.08s
[2025-08-01T01:07:47.139+0000] GC(720) Pause Young (Normal) (G1 Evacuation Pause)
[2025-08-01T01:07:47.139+0000] GC(720) Using 8 workers of 8 for evacuation
[2025-08-01T01:07:47.213+0000] GC(720)   Pre Evacuate Collection Set: 0.8ms
[2025-08-01T01:07:47.213+0000] GC(720)   Merge Heap Roots: 0.2ms
[2025-08-01T01:07:47.213+0000] GC(720)   Evacuate Collection Set: 72.0ms
[2025-08-01T01:07:47.213+0000] GC(720)   Post Evacuate Collection Set: 1.1ms
[2025-08-01T01:07:47.213+0000] GC(720)   Other: 0.2ms
[2025-08-01T01:07:47.213+0000] GC(720) Eden regions: 201->0(135)
[2025-08-01T01:07:47.213+0000] GC(720) Survivor regions: 39->30(30)
[2025-08-01T01:07:47.213+0000] GC(720) Old regions: 1161->1374
[2025-08-01T01:07:47.213+0000] GC(720) Archive regions: 2->2
[2025-08-01T01:07:47.213+0000] GC(720) Humongous regions: 0->0
[2025-08-01T01:07:47.213+0000] GC(720) Metaspace: 10061K(10304K)->10061K(10304K) NonClass: 8835K(8960K)->8835K(8960K) Class: 1225K(1344K)->1225K(1344K)
[2025-08-01T01:07:47.213+0000] GC(720) Pause Young (Normal) (G1 Evacuation Pause) 2802M->2808M(4096M) 74.310ms
[2025-08-01T01:07:47.214+0000] GC(720) User=0.57s Sys=0.00s Real=0.08s
[2025-08-01T01:07:47.240+0000] GC(714) Concurrent Rebuild Remembered Sets 446.610ms
[2025-08-01T01:07:47.240+0000] GC(714) Pause Cleanup
[2025-08-01T01:07:47.241+0000] GC(714) Pause Cleanup 3054M->3054M(4096M) 0.618ms
[2025-08-01T01:07:47.241+0000] GC(714) User=0.00s Sys=0.00s Real=0.00s
[2025-08-01T01:07:47.241+0000] GC(714) Concurrent Cleanup for Next Mark
[2025-08-01T01:07:47.245+0000] GC(721) Pause Young (Prepare Mixed) (G1 Evacuation Pause)
[2025-08-01T01:07:47.245+0000] GC(721) Using 8 workers of 8 for evacuation
[2025-08-01T01:07:47.282+0000] GC(721)   Pre Evacuate Collection Set: 0.3ms
[2025-08-01T01:07:47.282+0000] GC(721)   Merge Heap Roots: 0.3ms
[2025-08-01T01:07:47.282+0000] GC(721)   Evacuate Collection Set: 34.7ms
[2025-08-01T01:07:47.282+0000] GC(721)   Post Evacuate Collection Set: 1.0ms
[2025-08-01T01:07:47.282+0000] GC(721)   Other: 0.2ms
[2025-08-01T01:07:47.282+0000] GC(721) Eden regions: 135->0(81)
[2025-08-01T01:07:47.282+0000] GC(721) Survivor regions: 30->21(21)
[2025-08-01T01:07:47.282+0000] GC(721) Old regions: 1374->1467
[2025-08-01T01:07:47.282+0000] GC(721) Archive regions: 2->2
[2025-08-01T01:07:47.282+0000] GC(721) Humongous regions: 0->0
[2025-08-01T01:07:47.282+0000] GC(721) Metaspace: 10061K(10304K)->10061K(10304K) NonClass: 8835K(8960K)->8835K(8960K) Class: 1225K(1344K)->1225K(1344K)
[2025-08-01T01:07:47.282+0000] GC(721) Pause Young (Prepare Mixed) (G1 Evacuation Pause) 3078M->2977M(4096M) 36.682ms
[2025-08-01T01:07:47.282+0000] GC(721) User=0.26s Sys=0.01s Real=0.03s
[2025-08-01T01:07:47.289+0000] GC(714) Concurrent Cleanup for Next Mark 47.752ms
[2025-08-01T01:07:47.289+0000] GC(714) Concurrent Mark Cycle 770.523ms
[2025-08-01T01:07:47.309+0000] GC(722) Pause Young (Mixed) (G1 Evacuation Pause)
[2025-08-01T01:07:47.309+0000] GC(722) Using 8 workers of 8 for evacuation
[2025-08-01T01:07:47.343+0000] GC(722)   Pre Evacuate Collection Set: 0.3ms
[2025-08-01T01:07:47.343+0000] GC(722)   Merge Heap Roots: 0.3ms
[2025-08-01T01:07:47.343+0000] GC(722)   Evacuate Collection Set: 31.7ms
[2025-08-01T01:07:47.343+0000] GC(722)   Post Evacuate Collection Set: 0.9ms
[2025-08-01T01:07:47.343+0000] GC(722)   Other: 0.2ms
[2025-08-01T01:07:47.343+0000] GC(722) Eden regions: 81->0(89)
[2025-08-01T01:07:47.343+0000] GC(722) Survivor regions: 21->13(13)
[2025-08-01T01:07:47.343+0000] GC(722) Old regions: 1467->1551
[2025-08-01T01:07:47.343+0000] GC(722) Archive regions: 2->2
[2025-08-01T01:07:47.343+0000] GC(722) Humongous regions: 0->0
[2025-08-01T01:07:47.343+0000] GC(722) Metaspace: 10061K(10304K)->10061K(10304K) NonClass: 8835K(8960K)->8835K(8960K) Class: 1225K(1344K)->1225K(1344K)
[2025-08-01T01:07:47.343+0000] GC(722) Pause Young (Mixed) (G1 Evacuation Pause) 3139M->3128M(4096M) 33.704ms
[2025-08-01T01:07:47.343+0000] GC(722) User=0.24s Sys=0.01s Real=0.04s
[2025-08-01T01:07:47.362+0000] GC(723) Pause Young (Concurrent Start) (G1 Evacuation Pause)
[2025-08-01T01:07:47.362+0000] GC(723) Using 8 workers of 8 for evacuation
[2025-08-01T01:07:47.389+0000] GC(723)   Pre Evacuate Collection Set: 0.4ms
[2025-08-01T01:07:47.389+0000] GC(723)   Merge Heap Roots: 0.1ms
[2025-08-01T01:07:47.389+0000] GC(723)   Evacuate Collection Set: 26.0ms
[2025-08-01T01:07:47.389+0000] GC(723)   Post Evacuate Collection Set: 0.8ms
[2025-08-01T01:07:47.389+0000] GC(723)   Other: 0.3ms
[2025-08-01T01:07:47.389+0000] GC(723) Eden regions: 89->0(89)
[2025-08-01T01:07:47.389+0000] GC(723) Survivor regions: 13->13(13)
[2025-08-01T01:07:47.389+0000] GC(723) Old regions: 1551->1626
[2025-08-01T01:07:47.389+0000] GC(723) Archive regions: 2->2
[2025-08-01T01:07:47.389+0000] GC(723) Humongous regions: 0->0
[2025-08-01T01:07:47.389+0000] GC(723) Metaspace: 10061K(10304K)->10061K(10304K) NonClass: 8835K(8960K)->8835K(8960K) Class: 1225K(1344K)->1225K(1344K)
[2025-08-01T01:07:47.390+0000] GC(723) Pause Young (Concurrent Start) (G1 Evacuation Pause) 3306M->3279M(4096M) 27.699ms
[2025-08-01T01:07:47.390+0000] GC(723) User=0.21s Sys=0.00s Real=0.03s
[2025-08-01T01:07:47.390+0000] GC(724) Concurrent Mark Cycle
[2025-08-01T01:07:47.390+0000] GC(724) Concurrent Clear Claimed Marks
[2025-08-01T01:07:47.390+0000] GC(724) Concurrent Clear Claimed Marks 0.024ms
[2025-08-01T01:07:47.390+0000] GC(724) Concurrent Scan Root Regions
[2025-08-01T01:07:47.409+0000] GC(724) Concurrent Scan Root Regions 18.824ms
[2025-08-01T01:07:47.409+0000] GC(724) Concurrent Mark
[2025-08-01T01:07:47.409+0000] GC(724) Concurrent Mark From Roots
[2025-08-01T01:07:47.409+0000] GC(724) Using 2 workers of 2 for marking
[2025-08-01T01:07:47.417+0000] GC(725) Pause Young (Normal) (G1 Evacuation Pause)
[2025-08-01T01:07:47.417+0000] GC(725) Using 8 workers of 8 for evacuation
[2025-08-01T01:07:47.441+0000] GC(725)   Pre Evacuate Collection Set: 0.3ms
[2025-08-01T01:07:47.441+0000] GC(725)   Merge Heap Roots: 0.2ms
[2025-08-01T01:07:47.441+0000] GC(725)   Evacuate Collection Set: 22.7ms
[2025-08-01T01:07:47.441+0000] GC(725)   Post Evacuate Collection Set: 1.1ms
[2025-08-01T01:07:47.441+0000] GC(725)   Other: 0.2ms
[2025-08-01T01:07:47.442+0000] GC(725) Eden regions: 89->0(89)
[2025-08-01T01:07:47.442+0000] GC(725) Survivor regions: 13->13(13)
[2025-08-01T01:07:47.442+0000] GC(725) Old regions: 1626->1698
[2025-08-01T01:07:47.442+0000] GC(725) Archive regions: 2->2
[2025-08-01T01:07:47.442+0000] GC(725) Humongous regions: 0->0
[2025-08-01T01:07:47.442+0000] GC(725) Metaspace: 10061K(10304K)->10061K(10304K) NonClass: 8835K(8960K)->8835K(8960K) Class: 1225K(1344K)->1225K(1344K)
[2025-08-01T01:07:47.442+0000] GC(725) Pause Young (Normal) (G1 Evacuation Pause) 3457M->3423M(4096M) 24.648ms
[2025-08-01T01:07:47.442+0000] GC(725) User=0.19s Sys=0.00s Real=0.02s
[2025-08-01T01:07:47.466+0000] GC(726) Pause Young (Normal) (G1 Evacuation Pause)
[2025-08-01T01:07:47.467+0000] GC(726) Using 8 workers of 8 for evacuation
[2025-08-01T01:07:47.498+0000] GC(726)   Pre Evacuate Collection Set: 0.4ms
[2025-08-01T01:07:47.498+0000] GC(726)   Merge Heap Roots: 0.1ms
[2025-08-01T01:07:47.498+0000] GC(726)   Evacuate Collection Set: 30.4ms
[2025-08-01T01:07:47.498+0000] GC(726)   Post Evacuate Collection Set: 0.8ms
[2025-08-01T01:07:47.499+0000] GC(726)   Other: 0.2ms
[2025-08-01T01:07:47.499+0000] GC(726) Eden regions: 89->0(89)
[2025-08-01T01:07:47.499+0000] GC(726) Survivor regions: 13->13(13)
[2025-08-01T01:07:47.499+0000] GC(726) Old regions: 1698->1788
[2025-08-01T01:07:47.499+0000] GC(726) Archive regions: 2->2
[2025-08-01T01:07:47.499+0000] GC(726) Humongous regions: 0->0
[2025-08-01T01:07:47.499+0000] GC(726) Metaspace: 10061K(10304K)->10061K(10304K) NonClass: 8835K(8960K)->8835K(8960K) Class: 1225K(1344K)->1225K(1344K)
[2025-08-01T01:07:47.499+0000] GC(726) Pause Young (Normal) (G1 Evacuation Pause) 3601M->3602M(4096M) 32.145ms
[2025-08-01T01:07:47.499+0000] GC(726) User=0.24s Sys=0.00s Real=0.03s
[2025-08-01T01:07:47.522+0000] GC(727) Pause Young (Normal) (G1 Evacuation Pause)
[2025-08-01T01:07:47.522+0000] GC(727) Using 8 workers of 8 for evacuation
[2025-08-01T01:07:47.550+0000] GC(727)   Pre Evacuate Collection Set: 0.3ms
[2025-08-01T01:07:47.550+0000] GC(727)   Merge Heap Roots: 0.2ms
[2025-08-01T01:07:47.550+0000] GC(727)   Evacuate Collection Set: 26.5ms
[2025-08-01T01:07:47.550+0000] GC(727)   Post Evacuate Collection Set: 1.0ms
[2025-08-01T01:07:47.550+0000] GC(727)   Other: 0.2ms
[2025-08-01T01:07:47.550+0000] GC(727) Eden regions: 89->0(89)
[2025-08-01T01:07:47.550+0000] GC(727) Survivor regions: 13->13(13)
[2025-08-01T01:07:47.550+0000] GC(727) Old regions: 1788->1864
[2025-08-01T01:07:47.550+0000] GC(727) Archive regions: 2->2
[2025-08-01T01:07:47.550+0000] GC(727) Humongous regions: 0->0
[2025-08-01T01:07:47.550+0000] GC(727) Metaspace: 10061K(10304K)->10061K(10304K) NonClass: 8835K(8960K)->8835K(8960K) Class: 1225K(1344K)->1225K(1344K)
[2025-08-01T01:07:47.550+0000] GC(727) Pause Young (Normal) (G1 Evacuation Pause) 3780M->3755M(4096M) 28.453ms
[2025-08-01T01:07:47.550+0000] GC(727) User=0.22s Sys=0.00s Real=0.03s
[2025-08-01T01:07:47.570+0000] GC(728) Pause Young (Normal) (G1 Preventive Collection)
[2025-08-01T01:07:47.571+0000] GC(728) Using 8 workers of 8 for evacuation
[2025-08-01T01:07:47.597+0000] GC(728)   Pre Evacuate Collection Set: 0.2ms
[2025-08-01T01:07:47.597+0000] GC(728)   Merge Heap Roots: 0.1ms
[2025-08-01T01:07:47.597+0000] GC(728)   Evacuate Collection Set: 25.1ms
[2025-08-01T01:07:47.597+0000] GC(728)   Post Evacuate Collection Set: 0.9ms
[2025-08-01T01:07:47.597+0000] GC(728)   Other: 0.2ms
[2025-08-01T01:07:47.597+0000] GC(728) Eden regions: 75->0(89)
[2025-08-01T01:07:47.597+0000] GC(728) Survivor regions: 13->13(13)
[2025-08-01T01:07:47.597+0000] GC(728) Old regions: 1864->1941
[2025-08-01T01:07:47.597+0000] GC(728) Archive regions: 2->2
[2025-08-01T01:07:47.597+0000] GC(728) Humongous regions: 0->0
[2025-08-01T01:07:47.597+0000] GC(728) Metaspace: 10061K(10304K)->10061K(10304K) NonClass: 8835K(8960K)->8835K(8960K) Class: 1225K(1344K)->1225K(1344K)
[2025-08-01T01:07:47.597+0000] GC(728) Pause Young (Normal) (G1 Preventive Collection) 3905M->3908M(4096M) 26.743ms
[2025-08-01T01:07:47.597+0000] GC(728) User=0.19s Sys=0.00s Real=0.03s
[2025-08-01T01:07:47.607+0000] GC(729) Pause Young (Normal) (G1 Preventive Collection)
[2025-08-01T01:07:47.607+0000] GC(729) Using 8 workers of 8 for evacuation
[2025-08-01T01:07:47.624+0000] GC(729)   Pre Evacuate Collection Set: 0.4ms
[2025-08-01T01:07:47.624+0000] GC(729)   Merge Heap Roots: 0.1ms
[2025-08-01T01:07:47.624+0000] GC(729)   Evacuate Collection Set: 16.0ms
[2025-08-01T01:07:47.624+0000] GC(729)   Post Evacuate Collection Set: 0.9ms
[2025-08-01T01:07:47.624+0000] GC(729)   Other: 0.2ms
[2025-08-01T01:07:47.624+0000] GC(729) Eden regions: 37->0(89)
[2025-08-01T01:07:47.624+0000] GC(729) Survivor regions: 13->13(13)
[2025-08-01T01:07:47.624+0000] GC(729) Old regions: 1941->1980
[2025-08-01T01:07:47.624+0000] GC(729) Archive regions: 2->2
[2025-08-01T01:07:47.624+0000] GC(729) Humongous regions: 0->0
[2025-08-01T01:07:47.624+0000] GC(729) Metaspace: 10061K(10304K)->10061K(10304K) NonClass: 8835K(8960K)->8835K(8960K) Class: 1225K(1344K)->1225K(1344K)
[2025-08-01T01:07:47.624+0000] GC(729) Pause Young (Normal) (G1 Preventive Collection) 3982M->3986M(4096M) 17.794ms
[2025-08-01T01:07:47.624+0000] GC(729) User=0.11s Sys=0.00s Real=0.02s
[2025-08-01T01:07:47.628+0000] GC(730) Pause Young (Normal) (G1 Preventive Collection)
[2025-08-01T01:07:47.628+0000] GC(730) Using 8 workers of 8 for evacuation
[2025-08-01T01:07:47.639+0000] GC(730)   Pre Evacuate Collection Set: 0.3ms
[2025-08-01T01:07:47.639+0000] GC(730)   Merge Heap Roots: 0.1ms
[2025-08-01T01:07:47.639+0000] GC(730)   Evacuate Collection Set: 9.6ms
[2025-08-01T01:07:47.639+0000] GC(730)   Post Evacuate Collection Set: 0.7ms
[2025-08-01T01:07:47.639+0000] GC(730)   Other: 0.2ms
[2025-08-01T01:07:47.639+0000] GC(730) Eden regions: 18->0(89)
[2025-08-01T01:07:47.639+0000] GC(730) Survivor regions: 13->13(13)
[2025-08-01T01:07:47.639+0000] GC(730) Old regions: 1980->2000
[2025-08-01T01:07:47.639+0000] GC(730) Archive regions: 2->2
[2025-08-01T01:07:47.639+0000] GC(730) Humongous regions: 0->0
[2025-08-01T01:07:47.639+0000] GC(730) Metaspace: 10061K(10304K)->10061K(10304K) NonClass: 8835K(8960K)->8835K(8960K) Class: 1225K(1344K)->1225K(1344K)
[2025-08-01T01:07:47.639+0000] GC(730) Pause Young (Normal) (G1 Preventive Collection) 4022M->4027M(4096M) 11.139ms
[2025-08-01T01:07:47.639+0000] GC(730) User=0.08s Sys=0.00s Real=0.01s
[2025-08-01T01:07:47.641+0000] GC(731) Pause Young (Normal) (G1 Preventive Collection)
[2025-08-01T01:07:47.641+0000] GC(731) Using 8 workers of 8 for evacuation
[2025-08-01T01:07:47.649+0000] GC(731)   Pre Evacuate Collection Set: 0.6ms
[2025-08-01T01:07:47.650+0000] GC(731)   Merge Heap Roots: 0.1ms
[2025-08-01T01:07:47.650+0000] GC(731)   Evacuate Collection Set: 6.3ms
[2025-08-01T01:07:47.650+0000] GC(731)   Post Evacuate Collection Set: 1.0ms
[2025-08-01T01:07:47.650+0000] GC(731)   Other: 0.2ms
[2025-08-01T01:07:47.650+0000] GC(731) Eden regions: 8->0(93)
[2025-08-01T01:07:47.650+0000] GC(731) Survivor regions: 13->9(13)
[2025-08-01T01:07:47.650+0000] GC(731) Old regions: 2000->2014
[2025-08-01T01:07:47.650+0000] GC(731) Archive regions: 2->2
[2025-08-01T01:07:47.650+0000] GC(731) Humongous regions: 0->0
[2025-08-01T01:07:47.650+0000] GC(731) Metaspace: 10061K(10304K)->10061K(10304K) NonClass: 8835K(8960K)->8835K(8960K) Class: 1225K(1344K)->1225K(1344K)
[2025-08-01T01:07:47.650+0000] GC(731) Pause Young (Normal) (G1 Preventive Collection) 4043M->4047M(4096M) 8.312ms
[2025-08-01T01:07:47.650+0000] GC(731) User=0.05s Sys=0.00s Real=0.01s
[2025-08-01T01:07:47.652+0000] GC(732) Pause Young (Normal) (G1 Preventive Collection)
[2025-08-01T01:07:47.652+0000] GC(732) Using 8 workers of 8 for evacuation
[2025-08-01T01:07:47.661+0000] GC(732)   Pre Evacuate Collection Set: 0.5ms
[2025-08-01T01:07:47.661+0000] GC(732)   Merge Heap Roots: 0.1ms
[2025-08-01T01:07:47.661+0000] GC(732)   Evacuate Collection Set: 8.1ms
[2025-08-01T01:07:47.661+0000] GC(732)   Post Evacuate Collection Set: 0.7ms
[2025-08-01T01:07:47.661+0000] GC(732)   Other: 0.2ms
[2025-08-01T01:07:47.661+0000] GC(732) Eden regions: 6->0(95)
[2025-08-01T01:07:47.661+0000] GC(732) Survivor regions: 9->7(13)
[2025-08-01T01:07:47.661+0000] GC(732) Old regions: 2014->2023
[2025-08-01T01:07:47.661+0000] GC(732) Archive regions: 2->2
[2025-08-01T01:07:47.661+0000] GC(732) Humongous regions: 0->0
[2025-08-01T01:07:47.661+0000] GC(732) Metaspace: 10061K(10304K)->10061K(10304K) NonClass: 8835K(8960K)->8835K(8960K) Class: 1225K(1344K)->1225K(1344K)
[2025-08-01T01:07:47.661+0000] GC(732) Pause Young (Normal) (G1 Preventive Collection) 4059M->4061M(4096M) 9.790ms
[2025-08-01T01:07:47.661+0000] GC(732) User=0.03s Sys=0.00s Real=0.01s
[2025-08-01T01:07:47.663+0000] GC(733) Pause Young (Normal) (G1 Preventive Collection)
[2025-08-01T01:07:47.663+0000] GC(733) Using 8 workers of 8 for evacuation
[2025-08-01T01:07:47.670+0000] GC(733)   Pre Evacuate Collection Set: 0.5ms
[2025-08-01T01:07:47.670+0000] GC(733)   Merge Heap Roots: 0.4ms
[2025-08-01T01:07:47.670+0000] GC(733)   Evacuate Collection Set: 6.0ms
[2025-08-01T01:07:47.670+0000] GC(733)   Post Evacuate Collection Set: 0.4ms
[2025-08-01T01:07:47.670+0000] GC(733)   Other: 0.2ms
[2025-08-01T01:07:47.670+0000] GC(733) Eden regions: 4->0(91)
[2025-08-01T01:07:47.670+0000] GC(733) Survivor regions: 7->11(12)
[2025-08-01T01:07:47.670+0000] GC(733) Old regions: 2023->2023
[2025-08-01T01:07:47.670+0000] GC(733) Archive regions: 2->2
[2025-08-01T01:07:47.670+0000] GC(733) Humongous regions: 0->0
[2025-08-01T01:07:47.671+0000] GC(733) Metaspace: 10061K(10304K)->10061K(10304K) NonClass: 8835K(8960K)->8835K(8960K) Class: 1225K(1344K)->1225K(1344K)
[2025-08-01T01:07:47.671+0000] GC(733) Pause Young (Normal) (G1 Preventive Collection) 4069M->4069M(4096M) 7.448ms
[2025-08-01T01:07:47.671+0000] GC(733) User=0.02s Sys=0.00s Real=0.00s
[2025-08-01T01:07:47.671+0000] GC(734) Pause Young (Normal) (G1 Preventive Collection)
[2025-08-01T01:07:47.671+0000] GC(734) Using 8 workers of 8 for evacuation
[2025-08-01T01:07:47.676+0000] GC(734) To-space exhausted
[2025-08-01T01:07:47.676+0000] GC(734)   Pre Evacuate Collection Set: 0.2ms
[2025-08-01T01:07:47.676+0000] GC(734)   Merge Heap Roots: 0.1ms
[2025-08-01T01:07:47.676+0000] GC(734)   Evacuate Collection Set: 3.5ms
[2025-08-01T01:07:47.676+0000] GC(734)   Post Evacuate Collection Set: 1.0ms
[2025-08-01T01:07:47.676+0000] GC(734)   Other: 0.2ms
[2025-08-01T01:07:47.676+0000] GC(734) Eden regions: 1->0(97)
[2025-08-01T01:07:47.676+0000] GC(734) Survivor regions: 11->5(11)
[2025-08-01T01:07:47.676+0000] GC(734) Old regions: 2023->2033
[2025-08-01T01:07:47.676+0000] GC(734) Archive regions: 2->2
[2025-08-01T01:07:47.676+0000] GC(734) Humongous regions: 0->0
[2025-08-01T01:07:47.676+0000] GC(734) Metaspace: 10061K(10304K)->10061K(10304K) NonClass: 8835K(8960K)->8835K(8960K) Class: 1225K(1344K)->1225K(1344K)
[2025-08-01T01:07:47.676+0000] GC(734) Pause Young (Normal) (G1 Preventive Collection) 4071M->4077M(4096M) 5.127ms
[2025-08-01T01:07:47.676+0000] GC(734) User=0.03s Sys=0.01s Real=0.01s
[2025-08-01T01:07:47.677+0000] GC(735) Pause Young (Normal) (G1 Preventive Collection)
[2025-08-01T01:07:47.677+0000] GC(735) Using 8 workers of 8 for evacuation
[2025-08-01T01:07:47.681+0000] GC(735)   Pre Evacuate Collection Set: 0.6ms
[2025-08-01T01:07:47.681+0000] GC(735)   Merge Heap Roots: 0.1ms
[2025-08-01T01:07:47.681+0000] GC(735)   Evacuate Collection Set: 2.8ms
[2025-08-01T01:07:47.681+0000] GC(735)   Post Evacuate Collection Set: 0.8ms
[2025-08-01T01:07:47.681+0000] GC(735)   Other: 0.2ms
[2025-08-01T01:07:47.681+0000] GC(735) Eden regions: 1->0(96)
[2025-08-01T01:07:47.681+0000] GC(735) Survivor regions: 5->6(7)
[2025-08-01T01:07:47.681+0000] GC(735) Old regions: 2033->2033
[2025-08-01T01:07:47.682+0000] GC(735) Archive regions: 2->2
[2025-08-01T01:07:47.682+0000] GC(735) Humongous regions: 0->0
[2025-08-01T01:07:47.682+0000] GC(735) Metaspace: 10061K(10304K)->10061K(10304K) NonClass: 8835K(8960K)->8835K(8960K) Class: 1225K(1344K)->1225K(1344K)
[2025-08-01T01:07:47.682+0000] GC(735) Pause Young (Normal) (G1 Preventive Collection) 4079M->4079M(4096M) 4.850ms
[2025-08-01T01:07:47.682+0000] GC(735) User=0.02s Sys=0.00s Real=0.00s
[2025-08-01T01:07:47.682+0000] GC(736) Pause Young (Normal) (G1 Preventive Collection)
[2025-08-01T01:07:47.682+0000] GC(736) Using 8 workers of 8 for evacuation
[2025-08-01T01:07:47.686+0000] GC(736) To-space exhausted
[2025-08-01T01:07:47.686+0000] GC(736)   Pre Evacuate Collection Set: 0.4ms
[2025-08-01T01:07:47.686+0000] GC(736)   Merge Heap Roots: 0.1ms
[2025-08-01T01:07:47.686+0000] GC(736)   Evacuate Collection Set: 2.4ms
[2025-08-01T01:07:47.686+0000] GC(736)   Post Evacuate Collection Set: 1.1ms
[2025-08-01T01:07:47.686+0000] GC(736)   Other: 0.2ms
[2025-08-01T01:07:47.686+0000] GC(736) Eden regions: 1->0(96)
[2025-08-01T01:07:47.686+0000] GC(736) Survivor regions: 6->6(6)
[2025-08-01T01:07:47.686+0000] GC(736) Old regions: 2033->2036
[2025-08-01T01:07:47.686+0000] GC(736) Archive regions: 2->2
[2025-08-01T01:07:47.686+0000] GC(736) Humongous regions: 0->0
[2025-08-01T01:07:47.686+0000] GC(736) Metaspace: 10061K(10304K)->10061K(10304K) NonClass: 8835K(8960K)->8835K(8960K) Class: 1225K(1344K)->1225K(1344K)
[2025-08-01T01:07:47.686+0000] GC(736) Pause Young (Normal) (G1 Preventive Collection) 4081M->4085M(4096M) 4.372ms
[2025-08-01T01:07:47.686+0000] GC(736) User=0.02s Sys=0.00s Real=0.01s
[2025-08-01T01:07:47.687+0000] GC(737) Pause Young (Normal) (G1 Preventive Collection)
[2025-08-01T01:07:47.687+0000] GC(737) Using 8 workers of 8 for evacuation
[2025-08-01T01:07:47.691+0000] GC(737) To-space exhausted
[2025-08-01T01:07:47.691+0000] GC(737)   Pre Evacuate Collection Set: 0.5ms
[2025-08-01T01:07:47.691+0000] GC(737)   Merge Heap Roots: 0.1ms
[2025-08-01T01:07:47.691+0000] GC(737)   Evacuate Collection Set: 1.8ms
[2025-08-01T01:07:47.691+0000] GC(737)   Post Evacuate Collection Set: 2.0ms
[2025-08-01T01:07:47.691+0000] GC(737)   Other: 0.2ms
[2025-08-01T01:07:47.691+0000] GC(737) Eden regions: 1->0(99)
[2025-08-01T01:07:47.692+0000] GC(737) Survivor regions: 6->3(3)
[2025-08-01T01:07:47.692+0000] GC(737) Old regions: 2036->2043
[2025-08-01T01:07:47.692+0000] GC(737) Archive regions: 2->2
[2025-08-01T01:07:47.692+0000] GC(737) Humongous regions: 0->0
[2025-08-01T01:07:47.692+0000] GC(737) Metaspace: 10061K(10304K)->10061K(10304K) NonClass: 8835K(8960K)->8835K(8960K) Class: 1225K(1344K)->1225K(1344K)
[2025-08-01T01:07:47.692+0000] GC(737) Pause Young (Normal) (G1 Preventive Collection) 4087M->4093M(4096M) 4.642ms
[2025-08-01T01:07:47.692+0000] GC(737) User=0.02s Sys=0.00s Real=0.00s
[2025-08-01T01:07:47.692+0000] Attempting full compaction
[2025-08-01T01:07:47.692+0000] GC(738) Pause Full (G1 Compaction Pause)
[2025-08-01T01:07:47.692+0000] GC(738) Using 8 workers of 8 for full compaction
[2025-08-01T01:07:47.697+0000] GC(738) Phase 1: Mark live objects
[2025-08-01T01:07:47.742+0000] GC(738) Phase 1: Mark live objects 44.990ms
[2025-08-01T01:07:47.742+0000] GC(738) Phase 2: Prepare for compaction
[2025-08-01T01:07:47.753+0000] GC(738) Phase 2: Prepare for compaction 11.319ms
[2025-08-01T01:07:47.753+0000] GC(738) Phase 3: Adjust pointers
[2025-08-01T01:07:47.783+0000] GC(738) Phase 3: Adjust pointers 29.423ms
[2025-08-01T01:07:47.783+0000] GC(738) Phase 4: Compact heap
[2025-08-01T01:07:47.817+0000] GC(738) Phase 4: Compact heap 33.961ms
[2025-08-01T01:07:47.823+0000] GC(738) Eden regions: 0->0(474)
[2025-08-01T01:07:47.823+0000] GC(738) Survivor regions: 3->0(3)
[2025-08-01T01:07:47.823+0000] GC(738) Old regions: 2043->410
[2025-08-01T01:07:47.823+0000] GC(738) Archive regions: 2->2
[2025-08-01T01:07:47.823+0000] GC(738) Humongous regions: 0->0
[2025-08-01T01:07:47.824+0000] GC(738) Metaspace: 10061K(10304K)->10061K(10304K) NonClass: 8835K(8960K)->8835K(8960K) Class: 1225K(1344K)->1225K(1344K)
[2025-08-01T01:07:47.824+0000] GC(738) Pause Full (G1 Compaction Pause) 4093M->813M(4096M) 131.937ms
[2025-08-01T01:07:47.824+0000] GC(738) User=0.94s Sys=0.00s Real=0.14s
[2025-08-01T01:07:47.826+0000] GC(724) Concurrent Mark From Roots 417.126ms
[2025-08-01T01:07:47.826+0000] GC(724) Concurrent Mark Abort
[2025-08-01T01:07:47.826+0000] GC(724) Concurrent Mark Cycle 436.310ms
[2025-08-01T01:07:48.022+0000] GC(739) Pause Young (Normal) (G1 Evacuation Pause)
[2025-08-01T01:07:48.022+0000] GC(739) Using 8 workers of 8 for evacuation
[2025-08-01T01:07:48.453+0000] GC(739) MMU target violated: 201.0ms (200.0ms/201.0ms)
[2025-08-01T01:07:48.453+0000] GC(739)   Pre Evacuate Collection Set: 0.5ms
[2025-08-01T01:07:48.453+0000] GC(739)   Merge Heap Roots: 0.2ms
[2025-08-01T01:07:48.453+0000] GC(739)   Evacuate Collection Set: 429.1ms
[2025-08-01T01:07:48.453+0000] GC(739)   Post Evacuate Collection Set: 1.1ms
[2025-08-01T01:07:48.454+0000] GC(739)   Other: 0.3ms
[2025-08-01T01:07:48.454+0000] GC(739) Eden regions: 474->0(220)
[2025-08-01T01:07:48.454+0000] GC(739) Survivor regions: 0->60(60)
[2025-08-01T01:07:48.454+0000] GC(739) Old regions: 410->634
[2025-08-01T01:07:48.454+0000] GC(739) Archive regions: 2->2
[2025-08-01T01:07:48.454+0000] GC(739) Humongous regions: 0->0
[2025-08-01T01:07:48.454+0000] GC(739) Metaspace: 10061K(10304K)->10061K(10304K) NonClass: 8835K(8960K)->8835K(8960K) Class: 1225K(1344K)->1225K(1344K)
[2025-08-01T01:07:48.454+0000] GC(739) Pause Young (Normal) (G1 Evacuation Pause) 1761M->1381M(4096M) 431.293ms
[2025-08-01T01:07:48.454+0000] GC(739) User=1.77s Sys=0.72s Real=0.44s
[2025-08-01T01:07:48.538+0000] GC(740) Pause Young (Concurrent Start) (G1 Evacuation Pause)
[2025-08-01T01:07:48.538+0000] GC(740) Using 8 workers of 8 for evacuation
[2025-08-01T01:07:48.625+0000] GC(740)   Pre Evacuate Collection Set: 0.4ms
[2025-08-01T01:07:48.625+0000] GC(740)   Merge Heap Roots: 0.3ms
[2025-08-01T01:07:48.625+0000] GC(740)   Evacuate Collection Set: 84.8ms
[2025-08-01T01:07:48.625+0000] GC(740)   Post Evacuate Collection Set: 1.3ms
[2025-08-01T01:07:48.625+0000] GC(740)   Other: 0.3ms
[2025-08-01T01:07:48.625+0000] GC(740) Eden regions: 220->0(329)
[2025-08-01T01:07:48.625+0000] GC(740) Survivor regions: 60->35(35)
[2025-08-01T01:07:48.625+0000] GC(740) Old regions: 634->842
[2025-08-01T01:07:48.625+0000] GC(740) Archive regions: 2->2
[2025-08-01T01:07:48.625+0000] GC(740) Humongous regions: 0->0
[2025-08-01T01:07:48.625+0000] GC(740) Metaspace: 10061K(10304K)->10061K(10304K) NonClass: 8835K(8960K)->8835K(8960K) Class: 1225K(1344K)->1225K(1344K)
[2025-08-01T01:07:48.625+0000] GC(740) Pause Young (Concurrent Start) (G1 Evacuation Pause) 1821M->1747M(4096M) 87.221ms
[2025-08-01T01:07:48.625+0000] GC(740) User=0.65s Sys=0.01s Real=0.09s
[2025-08-01T01:07:48.625+0000] GC(741) Concurrent Mark Cycle
[2025-08-01T01:07:48.625+0000] GC(741) Concurrent Clear Claimed Marks
[2025-08-01T01:07:48.625+0000] GC(741) Concurrent Clear Claimed Marks 0.024ms
[2025-08-01T01:07:48.625+0000] GC(741) Concurrent Scan Root Regions
[2025-08-01T01:07:48.671+0000] GC(741) Concurrent Scan Root Regions 45.632ms
[2025-08-01T01:07:48.671+0000] GC(741) Concurrent Mark
[2025-08-01T01:07:48.671+0000] GC(741) Concurrent Mark From Roots
[2025-08-01T01:07:48.671+0000] GC(741) Using 2 workers of 2 for marking
[2025-08-01T01:07:48.768+0000] GC(741) Concurrent Mark From Roots 97.110ms
[2025-08-01T01:07:48.768+0000] GC(741) Concurrent Preclean
[2025-08-01T01:07:48.769+0000] GC(741) Concurrent Preclean 0.348ms
[2025-08-01T01:07:48.769+0000] GC(741) Pause Remark
[2025-08-01T01:07:48.771+0000] GC(741) Pause Remark 2287M->1771M(4096M) 2.345ms
[2025-08-01T01:07:48.771+0000] GC(741) User=0.01s Sys=0.00s Real=0.00s
[2025-08-01T01:07:48.771+0000] GC(741) Concurrent Mark 100.239ms
[2025-08-01T01:07:48.771+0000] GC(741) Concurrent Rebuild Remembered Sets
[2025-08-01T01:07:48.787+0000] GC(742) Pause Young (Normal) (G1 Evacuation Pause)
[2025-08-01T01:07:48.787+0000] GC(742) Using 8 workers of 8 for evacuation
[2025-08-01T01:07:48.892+0000] GC(742)   Pre Evacuate Collection Set: 0.5ms
[2025-08-01T01:07:48.892+0000] GC(742)   Merge Heap Roots: 0.3ms
[2025-08-01T01:07:48.892+0000] GC(742)   Evacuate Collection Set: 102.6ms
[2025-08-01T01:07:48.892+0000] GC(742)   Post Evacuate Collection Set: 0.7ms
[2025-08-01T01:07:48.892+0000] GC(742)   Other: 0.2ms
[2025-08-01T01:07:48.892+0000] GC(742) Eden regions: 329->0(290)
[2025-08-01T01:07:48.892+0000] GC(742) Survivor regions: 35->46(46)
[2025-08-01T01:07:48.892+0000] GC(742) Old regions: 580->893
[2025-08-01T01:07:48.892+0000] GC(742) Archive regions: 2->2
[2025-08-01T01:07:48.892+0000] GC(742) Humongous regions: 0->0
[2025-08-01T01:07:48.892+0000] GC(742) Metaspace: 10061K(10304K)->10061K(10304K) NonClass: 8835K(8960K)->8835K(8960K) Class: 1225K(1344K)->1225K(1344K)
[2025-08-01T01:07:48.892+0000] GC(742) Pause Young (Normal) (G1 Evacuation Pause) 1889M->1879M(4096M) 104.538ms
[2025-08-01T01:07:48.892+0000] GC(742) User=0.81s Sys=0.00s Real=0.10s
[2025-08-01T01:07:48.999+0000] GC(743) Pause Young (Normal) (G1 Evacuation Pause)
[2025-08-01T01:07:48.999+0000] GC(743) Using 8 workers of 8 for evacuation
[2025-08-01T01:07:49.082+0000] GC(743)   Pre Evacuate Collection Set: 0.4ms
[2025-08-01T01:07:49.082+0000] GC(743)   Merge Heap Roots: 0.2ms
[2025-08-01T01:07:49.082+0000] GC(743)   Evacuate Collection Set: 81.6ms
[2025-08-01T01:07:49.082+0000] GC(743)   Post Evacuate Collection Set: 1.2ms
[2025-08-01T01:07:49.082+0000] GC(743)   Other: 0.2ms
[2025-08-01T01:07:49.082+0000] GC(743) Eden regions: 290->0(213)
[2025-08-01T01:07:49.082+0000] GC(743) Survivor regions: 46->42(42)
[2025-08-01T01:07:49.082+0000] GC(743) Old regions: 893->1126
[2025-08-01T01:07:49.082+0000] GC(743) Archive regions: 2->2
[2025-08-01T01:07:49.082+0000] GC(743) Humongous regions: 0->0
[2025-08-01T01:07:49.082+0000] GC(743) Metaspace: 10061K(10304K)->10061K(10304K) NonClass: 8835K(8960K)->8835K(8960K) Class: 1225K(1344K)->1225K(1344K)
[2025-08-01T01:07:49.082+0000] GC(743) Pause Young (Normal) (G1 Evacuation Pause) 2459M->2337M(4096M) 83.748ms
[2025-08-01T01:07:49.082+0000] GC(743) User=0.65s Sys=0.00s Real=0.08s
[2025-08-01T01:07:49.091+0000] GC(741) Concurrent Rebuild Remembered Sets 319.619ms
[2025-08-01T01:07:49.092+0000] GC(741) Pause Cleanup
[2025-08-01T01:07:49.094+0000] GC(741) Pause Cleanup 2407M->2407M(4096M) 1.476ms
[2025-08-01T01:07:49.094+0000] GC(741) User=0.00s Sys=0.00s Real=0.01s
[2025-08-01T01:07:49.094+0000] GC(741) Concurrent Cleanup for Next Mark
[2025-08-01T01:07:49.106+0000] GC(741) Concurrent Cleanup for Next Mark 11.781ms
[2025-08-01T01:07:49.106+0000] GC(741) Concurrent Mark Cycle 480.558ms
[2025-08-01T01:07:49.172+0000] GC(744) Pause Young (Prepare Mixed) (G1 Evacuation Pause)
[2025-08-01T01:07:49.172+0000] GC(744) Using 8 workers of 8 for evacuation
[2025-08-01T01:07:49.225+0000] GC(744)   Pre Evacuate Collection Set: 0.4ms
[2025-08-01T01:07:49.225+0000] GC(744)   Merge Heap Roots: 0.2ms
[2025-08-01T01:07:49.225+0000] GC(744)   Evacuate Collection Set: 51.2ms
[2025-08-01T01:07:49.225+0000] GC(744)   Post Evacuate Collection Set: 0.7ms
[2025-08-01T01:07:49.225+0000] GC(744)   Other: 0.3ms
[2025-08-01T01:07:49.225+0000] GC(744) Eden regions: 213->0(70)
[2025-08-01T01:07:49.225+0000] GC(744) Survivor regions: 42->32(32)
[2025-08-01T01:07:49.225+0000] GC(744) Old regions: 1126->1271
[2025-08-01T01:07:49.225+0000] GC(744) Archive regions: 2->2
[2025-08-01T01:07:49.225+0000] GC(744) Humongous regions: 0->0
[2025-08-01T01:07:49.225+0000] GC(744) Metaspace: 10061K(10304K)->10061K(10304K) NonClass: 8835K(8960K)->8835K(8960K) Class: 1225K(1344K)->1225K(1344K)
[2025-08-01T01:07:49.225+0000] GC(744) Pause Young (Prepare Mixed) (G1 Evacuation Pause) 2763M->2607M(4096M) 52.930ms
[2025-08-01T01:07:49.225+0000] GC(744) User=0.41s Sys=0.00s Real=0.06s
[2025-08-01T01:07:49.238+0000] GC(745) Pause Young (Mixed) (G1 Evacuation Pause)
[2025-08-01T01:07:49.238+0000] GC(745) Using 8 workers of 8 for evacuation
[2025-08-01T01:07:49.270+0000] GC(745)   Pre Evacuate Collection Set: 0.7ms
[2025-08-01T01:07:49.270+0000] GC(745)   Merge Heap Roots: 0.2ms
[2025-08-01T01:07:49.270+0000] GC(745)   Evacuate Collection Set: 29.3ms
[2025-08-01T01:07:49.270+0000] GC(745)   Post Evacuate Collection Set: 0.9ms
[2025-08-01T01:07:49.270+0000] GC(745)   Other: 0.2ms
[2025-08-01T01:07:49.270+0000] GC(745) Eden regions: 70->0(184)
[2025-08-01T01:07:49.270+0000] GC(745) Survivor regions: 32->13(13)
[2025-08-01T01:07:49.270+0000] GC(745) Old regions: 1271->1250
[2025-08-01T01:07:49.270+0000] GC(745) Archive regions: 2->2
[2025-08-01T01:07:49.270+0000] GC(745) Humongous regions: 0->0
[2025-08-01T01:07:49.270+0000] GC(745) Metaspace: 10061K(10304K)->10061K(10304K) NonClass: 8835K(8960K)->8835K(8960K) Class: 1225K(1344K)->1225K(1344K)
[2025-08-01T01:07:49.270+0000] GC(745) Pause Young (Mixed) (G1 Evacuation Pause) 2747M->2527M(4096M) 31.503ms
[2025-08-01T01:07:49.270+0000] GC(745) User=0.24s Sys=0.00s Real=0.03s
[2025-08-01T01:07:49.354+0000] GC(746) Pause Young (Concurrent Start) (G1 Evacuation Pause)
[2025-08-01T01:07:49.354+0000] GC(746) Using 8 workers of 8 for evacuation
[2025-08-01T01:07:49.449+0000] GC(746)   Pre Evacuate Collection Set: 0.6ms
[2025-08-01T01:07:49.449+0000] GC(746)   Merge Heap Roots: 0.2ms
[2025-08-01T01:07:49.449+0000] GC(746)   Evacuate Collection Set: 92.9ms
[2025-08-01T01:07:49.449+0000] GC(746)   Post Evacuate Collection Set: 1.0ms
[2025-08-01T01:07:49.449+0000] GC(746)   Other: 0.4ms
[2025-08-01T01:07:49.449+0000] GC(746) Eden regions: 184->0(128)
[2025-08-01T01:07:49.449+0000] GC(746) Survivor regions: 13->25(25)
[2025-08-01T01:07:49.449+0000] GC(746) Old regions: 1250->1405
[2025-08-01T01:07:49.449+0000] GC(746) Archive regions: 2->2
[2025-08-01T01:07:49.449+0000] GC(746) Humongous regions: 0->0
[2025-08-01T01:07:49.449+0000] GC(746) Metaspace: 10061K(10304K)->10061K(10304K) NonClass: 8835K(8960K)->8835K(8960K) Class: 1225K(1344K)->1225K(1344K)
[2025-08-01T01:07:49.449+0000] GC(746) Pause Young (Concurrent Start) (G1 Evacuation Pause) 2895M->2860M(4096M) 95.116ms
[2025-08-01T01:07:49.449+0000] GC(746) User=0.72s Sys=0.02s Real=0.09s
[2025-08-01T01:07:49.449+0000] GC(747) Concurrent Mark Cycle
[2025-08-01T01:07:49.450+0000] GC(747) Concurrent Clear Claimed Marks
[2025-08-01T01:07:49.450+0000] GC(747) Concurrent Clear Claimed Marks 0.030ms
[2025-08-01T01:07:49.450+0000] GC(747) Concurrent Scan Root Regions
[2025-08-01T01:07:49.503+0000] GC(747) Concurrent Scan Root Regions 53.678ms
[2025-08-01T01:07:49.503+0000] GC(747) Concurrent Mark
[2025-08-01T01:07:49.503+0000] GC(747) Concurrent Mark From Roots
[2025-08-01T01:07:49.503+0000] GC(747) Using 2 workers of 2 for marking
[2025-08-01T01:07:49.537+0000] GC(748) Pause Young (Normal) (G1 Evacuation Pause)
[2025-08-01T01:07:49.537+0000] GC(748) Using 8 workers of 8 for evacuation
[2025-08-01T01:07:49.585+0000] GC(748)   Pre Evacuate Collection Set: 0.3ms
[2025-08-01T01:07:49.585+0000] GC(748)   Merge Heap Roots: 0.1ms
[2025-08-01T01:07:49.585+0000] GC(748)   Evacuate Collection Set: 46.8ms
[2025-08-01T01:07:49.585+0000] GC(748)   Post Evacuate Collection Set: 0.7ms
[2025-08-01T01:07:49.585+0000] GC(748)   Other: 0.2ms
[2025-08-01T01:07:49.585+0000] GC(748) Eden regions: 128->0(87)
[2025-08-01T01:07:49.585+0000] GC(748) Survivor regions: 25->20(20)
[2025-08-01T01:07:49.585+0000] GC(748) Old regions: 1405->1540
[2025-08-01T01:07:49.585+0000] GC(748) Archive regions: 2->2
[2025-08-01T01:07:49.585+0000] GC(748) Humongous regions: 0->0
[2025-08-01T01:07:49.585+0000] GC(748) Metaspace: 10061K(10304K)->10061K(10304K) NonClass: 8835K(8960K)->8835K(8960K) Class: 1225K(1344K)->1225K(1344K)
[2025-08-01T01:07:49.585+0000] GC(748) Pause Young (Normal) (G1 Evacuation Pause) 3116M->3120M(4096M) 48.331ms
[2025-08-01T01:07:49.586+0000] GC(748) User=0.36s Sys=0.00s Real=0.05s
[2025-08-01T01:07:49.605+0000] GC(749) Pause Young (Normal) (G1 Evacuation Pause)
[2025-08-01T01:07:49.605+0000] GC(749) Using 8 workers of 8 for evacuation
[2025-08-01T01:07:49.638+0000] GC(749)   Pre Evacuate Collection Set: 0.5ms
[2025-08-01T01:07:49.638+0000] GC(749)   Merge Heap Roots: 0.1ms
[2025-08-01T01:07:49.638+0000] GC(749)   Evacuate Collection Set: 31.7ms
[2025-08-01T01:07:49.638+0000] GC(749)   Post Evacuate Collection Set: 0.7ms
[2025-08-01T01:07:49.638+0000] GC(749)   Other: 0.2ms
[2025-08-01T01:07:49.638+0000] GC(749) Eden regions: 87->0(88)
[2025-08-01T01:07:49.638+0000] GC(749) Survivor regions: 20->14(14)
[2025-08-01T01:07:49.638+0000] GC(749) Old regions: 1540->1634
[2025-08-01T01:07:49.638+0000] GC(749) Archive regions: 2->2
[2025-08-01T01:07:49.638+0000] GC(749) Humongous regions: 0->0
[2025-08-01T01:07:49.638+0000] GC(749) Metaspace: 10061K(10304K)->10061K(10304K) NonClass: 8835K(8960K)->8835K(8960K) Class: 1225K(1344K)->1225K(1344K)
[2025-08-01T01:07:49.638+0000] GC(749) Pause Young (Normal) (G1 Evacuation Pause) 3294M->3297M(4096M) 33.353ms
[2025-08-01T01:07:49.638+0000] GC(749) User=0.25s Sys=0.00s Real=0.03s
[2025-08-01T01:07:49.668+0000] GC(747) Concurrent Mark From Roots 164.786ms
[2025-08-01T01:07:49.668+0000] GC(747) Concurrent Preclean
[2025-08-01T01:07:49.668+0000] GC(747) Concurrent Preclean 0.317ms
[2025-08-01T01:07:49.669+0000] GC(747) Pause Remark
[2025-08-01T01:07:49.671+0000] GC(747) Pause Remark 3395M->1511M(4096M) 2.360ms
[2025-08-01T01:07:49.671+0000] GC(747) User=0.00s Sys=0.00s Real=0.00s
[2025-08-01T01:07:49.671+0000] GC(747) Concurrent Mark 167.763ms
[2025-08-01T01:07:49.671+0000] GC(747) Concurrent Rebuild Remembered Sets
[2025-08-01T01:07:49.703+0000] GC(750) Pause Young (Normal) (G1 Evacuation Pause)
[2025-08-01T01:07:49.703+0000] GC(750) Using 8 workers of 8 for evacuation
[2025-08-01T01:07:49.730+0000] GC(750)   Pre Evacuate Collection Set: 0.6ms
[2025-08-01T01:07:49.730+0000] GC(750)   Merge Heap Roots: 0.2ms
[2025-08-01T01:07:49.730+0000] GC(750)   Evacuate Collection Set: 25.2ms
[2025-08-01T01:07:49.730+0000] GC(750)   Post Evacuate Collection Set: 1.1ms
[2025-08-01T01:07:49.730+0000] GC(750)   Other: 0.2ms
[2025-08-01T01:07:49.730+0000] GC(750) Eden regions: 88->0(384)
[2025-08-01T01:07:49.730+0000] GC(750) Survivor regions: 14->13(13)
[2025-08-01T01:07:49.730+0000] GC(750) Old regions: 692->761
[2025-08-01T01:07:49.730+0000] GC(750) Archive regions: 2->2
[2025-08-01T01:07:49.730+0000] GC(750) Humongous regions: 0->0
[2025-08-01T01:07:49.730+0000] GC(750) Metaspace: 10061K(10304K)->10061K(10304K) NonClass: 8835K(8960K)->8835K(8960K) Class: 1225K(1344K)->1225K(1344K)
[2025-08-01T01:07:49.730+0000] GC(750) Pause Young (Normal) (G1 Evacuation Pause) 1589M->1548M(4096M) 27.514ms
[2025-08-01T01:07:49.730+0000] GC(750) User=0.20s Sys=0.00s Real=0.02s
[2025-08-01T01:07:49.880+0000] GC(747) Concurrent Rebuild Remembered Sets 209.402ms
[2025-08-01T01:07:49.881+0000] GC(747) Pause Cleanup
[2025-08-01T01:07:49.881+0000] GC(747) Pause Cleanup 2192M->2192M(4096M) 0.811ms
[2025-08-01T01:07:49.881+0000] GC(747) User=0.00s Sys=0.00s Real=0.00s
[2025-08-01T01:07:49.882+0000] GC(747) Concurrent Cleanup for Next Mark
[2025-08-01T01:07:49.890+0000] GC(747) Concurrent Cleanup for Next Mark 8.059ms
[2025-08-01T01:07:49.890+0000] GC(747) Concurrent Mark Cycle 440.207ms
[2025-08-01T01:07:49.909+0000] GC(751) Pause Young (Prepare Mixed) (G1 Evacuation Pause)
[2025-08-01T01:07:49.909+0000] GC(751) Using 8 workers of 8 for evacuation
[2025-08-01T01:07:49.990+0000] GC(751)   Pre Evacuate Collection Set: 0.6ms
[2025-08-01T01:07:49.990+0000] GC(751)   Merge Heap Roots: 0.3ms
[2025-08-01T01:07:49.990+0000] GC(751)   Evacuate Collection Set: 79.1ms
[2025-08-01T01:07:49.990+0000] GC(751)   Post Evacuate Collection Set: 1.5ms
[2025-08-01T01:07:49.990+0000] GC(751)   Other: 1.0ms
[2025-08-01T01:07:49.990+0000] GC(751) Eden regions: 384->0(52)
[2025-08-01T01:07:49.990+0000] GC(751) Survivor regions: 13->50(50)
[2025-08-01T01:07:49.990+0000] GC(751) Old regions: 761->986
[2025-08-01T01:07:49.990+0000] GC(751) Archive regions: 2->2
[2025-08-01T01:07:49.990+0000] GC(751) Humongous regions: 0->0
[2025-08-01T01:07:49.990+0000] GC(751) Metaspace: 10061K(10304K)->10061K(10304K) NonClass: 8835K(8960K)->8835K(8960K) Class: 1225K(1344K)->1225K(1344K)
[2025-08-01T01:07:49.990+0000] GC(751) Pause Young (Prepare Mixed) (G1 Evacuation Pause) 2316M->2073M(4096M) 81.836ms
[2025-08-01T01:07:49.990+0000] GC(751) User=0.62s Sys=0.00s Real=0.08s
[2025-08-01T01:07:50.002+0000] GC(752) Pause Young (Mixed) (G1 Evacuation Pause)
[2025-08-01T01:07:50.002+0000] GC(752) Using 8 workers of 8 for evacuation
[2025-08-01T01:07:50.030+0000] GC(752)   Pre Evacuate Collection Set: 0.8ms
[2025-08-01T01:07:50.030+0000] GC(752)   Merge Heap Roots: 0.2ms
[2025-08-01T01:07:50.030+0000] GC(752)   Evacuate Collection Set: 26.6ms
[2025-08-01T01:07:50.030+0000] GC(752)   Post Evacuate Collection Set: 0.9ms
[2025-08-01T01:07:50.030+0000] GC(752)   Other: 0.2ms
[2025-08-01T01:07:50.030+0000] GC(752) Eden regions: 52->0(274)
[2025-08-01T01:07:50.030+0000] GC(752) Survivor regions: 50->13(13)
[2025-08-01T01:07:50.030+0000] GC(752) Old regions: 986->1028
[2025-08-01T01:07:50.030+0000] GC(752) Archive regions: 2->2
[2025-08-01T01:07:50.030+0000] GC(752) Humongous regions: 0->0
[2025-08-01T01:07:50.030+0000] GC(752) Metaspace: 10061K(10304K)->10061K(10304K) NonClass: 8835K(8960K)->8835K(8960K) Class: 1225K(1344K)->1225K(1344K)
[2025-08-01T01:07:50.030+0000] GC(752) Pause Young (Mixed) (G1 Evacuation Pause) 2177M->2083M(4096M) 28.953ms
[2025-08-01T01:07:50.031+0000] GC(752) User=0.19s Sys=0.00s Real=0.03s
[2025-08-01T01:07:50.135+0000] GC(753) Pause Young (Concurrent Start) (G1 Evacuation Pause)
[2025-08-01T01:07:50.135+0000] GC(753) Using 8 workers of 8 for evacuation
[2025-08-01T01:07:50.238+0000] GC(753)   Pre Evacuate Collection Set: 0.4ms
[2025-08-01T01:07:50.238+0000] GC(753)   Merge Heap Roots: 0.2ms
[2025-08-01T01:07:50.238+0000] GC(753)   Evacuate Collection Set: 101.5ms
[2025-08-01T01:07:50.238+0000] GC(753)   Post Evacuate Collection Set: 0.8ms
[2025-08-01T01:07:50.238+0000] GC(753)   Other: 0.3ms
[2025-08-01T01:07:50.238+0000] GC(753) Eden regions: 274->0(165)
[2025-08-01T01:07:50.238+0000] GC(753) Survivor regions: 13->36(36)
[2025-08-01T01:07:50.238+0000] GC(753) Old regions: 1028->1280
[2025-08-01T01:07:50.238+0000] GC(753) Archive regions: 2->2
[2025-08-01T01:07:50.238+0000] GC(753) Humongous regions: 0->0
[2025-08-01T01:07:50.238+0000] GC(753) Metaspace: 10061K(10304K)->10061K(10304K) NonClass: 8835K(8960K)->8835K(8960K) Class: 1225K(1344K)->1225K(1344K)
[2025-08-01T01:07:50.238+0000] GC(753) Pause Young (Concurrent Start) (G1 Evacuation Pause) 2631M->2632M(4096M) 103.509ms
[2025-08-01T01:07:50.238+0000] GC(753) User=0.78s Sys=0.02s Real=0.10s
[2025-08-01T01:07:50.239+0000] GC(754) Concurrent Mark Cycle
[2025-08-01T01:07:50.239+0000] GC(754) Concurrent Clear Claimed Marks
[2025-08-01T01:07:50.239+0000] GC(754) Concurrent Clear Claimed Marks 0.031ms
[2025-08-01T01:07:50.239+0000] GC(754) Concurrent Scan Root Regions
[2025-08-01T01:07:50.305+0000] GC(754) Concurrent Scan Root Regions 66.790ms
[2025-08-01T01:07:50.305+0000] GC(754) Concurrent Mark
[2025-08-01T01:07:50.306+0000] GC(754) Concurrent Mark From Roots
[2025-08-01T01:07:50.306+0000] GC(754) Using 2 workers of 2 for marking
[2025-08-01T01:07:50.310+0000] GC(755) Pause Young (Normal) (G1 Evacuation Pause)
[2025-08-01T01:07:50.310+0000] GC(755) Using 8 workers of 8 for evacuation
[2025-08-01T01:07:50.357+0000] GC(755)   Pre Evacuate Collection Set: 0.4ms
[2025-08-01T01:07:50.357+0000] GC(755)   Merge Heap Roots: 0.2ms
[2025-08-01T01:07:50.357+0000] GC(755)   Evacuate Collection Set: 44.6ms
[2025-08-01T01:07:50.357+0000] GC(755)   Post Evacuate Collection Set: 0.9ms
[2025-08-01T01:07:50.357+0000] GC(755)   Other: 0.2ms
[2025-08-01T01:07:50.357+0000] GC(755) Eden regions: 165->0(131)
[2025-08-01T01:07:50.357+0000] GC(755) Survivor regions: 36->26(26)
[2025-08-01T01:07:50.357+0000] GC(755) Old regions: 1280->1407
[2025-08-01T01:07:50.357+0000] GC(755) Archive regions: 2->2
[2025-08-01T01:07:50.357+0000] GC(755) Humongous regions: 0->0
[2025-08-01T01:07:50.357+0000] GC(755) Metaspace: 10061K(10304K)->10061K(10304K) NonClass: 8835K(8960K)->8835K(8960K) Class: 1225K(1344K)->1225K(1344K)
[2025-08-01T01:07:50.357+0000] GC(755) Pause Young (Normal) (G1 Evacuation Pause) 2962M->2866M(4096M) 46.569ms
[2025-08-01T01:07:50.357+0000] GC(755) User=0.36s Sys=0.00s Real=0.05s
[2025-08-01T01:07:50.384+0000] GC(756) Pause Young (Normal) (G1 Evacuation Pause)
[2025-08-01T01:07:50.384+0000] GC(756) Using 8 workers of 8 for evacuation
[2025-08-01T01:07:50.430+0000] GC(756)   Pre Evacuate Collection Set: 0.3ms
[2025-08-01T01:07:50.430+0000] GC(756)   Merge Heap Roots: 0.2ms
[2025-08-01T01:07:50.430+0000] GC(756)   Evacuate Collection Set: 45.0ms
[2025-08-01T01:07:50.430+0000] GC(756)   Post Evacuate Collection Set: 0.7ms
[2025-08-01T01:07:50.430+0000] GC(756)   Other: 0.2ms
[2025-08-01T01:07:50.430+0000] GC(756) Eden regions: 131->0(86)
[2025-08-01T01:07:50.430+0000] GC(756) Survivor regions: 26->20(20)
[2025-08-01T01:07:50.430+0000] GC(756) Old regions: 1407->1546
[2025-08-01T01:07:50.430+0000] GC(756) Archive regions: 2->2
[2025-08-01T01:07:50.430+0000] GC(756) Humongous regions: 0->0
[2025-08-01T01:07:50.430+0000] GC(756) Metaspace: 10061K(10304K)->10061K(10304K) NonClass: 8835K(8960K)->8835K(8960K) Class: 1225K(1344K)->1225K(1344K)
[2025-08-01T01:07:50.431+0000] GC(756) Pause Young (Normal) (G1 Evacuation Pause) 3128M->3132M(4096M) 46.594ms
[2025-08-01T01:07:50.431+0000] GC(756) User=0.36s Sys=0.00s Real=0.04s
[2025-08-01T01:07:50.485+0000] GC(754) Concurrent Mark From Roots 179.944ms
[2025-08-01T01:07:50.486+0000] GC(754) Concurrent Preclean
[2025-08-01T01:07:50.486+0000] GC(754) Concurrent Preclean 0.458ms
[2025-08-01T01:07:50.486+0000] GC(754) Pause Remark
[2025-08-01T01:07:50.490+0000] GC(754) Pause Remark 3232M->1704M(4096M) 3.780ms
[2025-08-01T01:07:50.490+0000] GC(754) User=0.01s Sys=0.00s Real=0.00s
[2025-08-01T01:07:50.490+0000] GC(754) Concurrent Mark 184.854ms
[2025-08-01T01:07:50.490+0000] GC(754) Concurrent Rebuild Remembered Sets
[2025-08-01T01:07:50.502+0000] GC(757) Pause Young (Normal) (G1 Evacuation Pause)
[2025-08-01T01:07:50.502+0000] GC(757) Using 8 workers of 8 for evacuation
[2025-08-01T01:07:50.542+0000] GC(757)   Pre Evacuate Collection Set: 0.3ms
[2025-08-01T01:07:50.542+0000] GC(757)   Merge Heap Roots: 0.2ms
[2025-08-01T01:07:50.542+0000] GC(757)   Evacuate Collection Set: 38.5ms
[2025-08-01T01:07:50.542+0000] GC(757)   Post Evacuate Collection Set: 0.9ms
[2025-08-01T01:07:50.542+0000] GC(757)   Other: 0.2ms
[2025-08-01T01:07:50.542+0000] GC(757) Eden regions: 86->0(320)
[2025-08-01T01:07:50.542+0000] GC(757) Survivor regions: 20->14(14)
[2025-08-01T01:07:50.542+0000] GC(757) Old regions: 782->864
[2025-08-01T01:07:50.542+0000] GC(757) Archive regions: 2->2
[2025-08-01T01:07:50.542+0000] GC(757) Humongous regions: 0->0
[2025-08-01T01:07:50.542+0000] GC(757) Metaspace: 10061K(10304K)->10061K(10304K) NonClass: 8835K(8960K)->8835K(8960K) Class: 1225K(1344K)->1225K(1344K)
[2025-08-01T01:07:50.542+0000] GC(757) Pause Young (Normal) (G1 Evacuation Pause) 1776M->1757M(4096M) 40.278ms
[2025-08-01T01:07:50.542+0000] GC(757) User=0.29s Sys=0.01s Real=0.04s
[2025-08-01T01:07:50.705+0000] GC(758) Pause Young (Normal) (G1 Evacuation Pause)
[2025-08-01T01:07:50.705+0000] GC(758) Using 8 workers of 8 for evacuation
[2025-08-01T01:07:50.774+0000] GC(758)   Pre Evacuate Collection Set: 0.3ms
[2025-08-01T01:07:50.774+0000] GC(758)   Merge Heap Roots: 0.2ms
[2025-08-01T01:07:50.774+0000] GC(758)   Evacuate Collection Set: 66.1ms
[2025-08-01T01:07:50.774+0000] GC(758)   Post Evacuate Collection Set: 2.6ms
[2025-08-01T01:07:50.774+0000] GC(758)   Other: 0.2ms
[2025-08-01T01:07:50.775+0000] GC(758) Eden regions: 320->0(249)
[2025-08-01T01:07:50.775+0000] GC(758) Survivor regions: 14->42(42)
[2025-08-01T01:07:50.775+0000] GC(758) Old regions: 864->1051
[2025-08-01T01:07:50.775+0000] GC(758) Archive regions: 2->2
[2025-08-01T01:07:50.775+0000] GC(758) Humongous regions: 0->0
[2025-08-01T01:07:50.775+0000] GC(758) Metaspace: 10061K(10304K)->10061K(10304K) NonClass: 8835K(8960K)->8835K(8960K) Class: 1225K(1344K)->1225K(1344K)
[2025-08-01T01:07:50.775+0000] GC(758) Pause Young (Normal) (G1 Evacuation Pause) 2397M->2186M(4096M) 69.686ms
[2025-08-01T01:07:50.775+0000] GC(758) User=0.53s Sys=0.00s Real=0.07s
[2025-08-01T01:07:50.831+0000] GC(754) Concurrent Rebuild Remembered Sets 340.967ms
[2025-08-01T01:07:50.832+0000] GC(754) Pause Cleanup
[2025-08-01T01:07:50.832+0000] GC(754) Pause Cleanup 2542M->2542M(4096M) 0.650ms
[2025-08-01T01:07:50.832+0000] GC(754) User=0.00s Sys=0.00s Real=0.00s
[2025-08-01T01:07:50.832+0000] GC(754) Concurrent Cleanup for Next Mark
[2025-08-01T01:07:50.841+0000] GC(754) Concurrent Cleanup for Next Mark 8.812ms
[2025-08-01T01:07:50.841+0000] GC(754) Concurrent Mark Cycle 602.675ms
[2025-08-01T01:07:50.875+0000] GC(759) Pause Young (Prepare Mixed) (G1 Evacuation Pause)
[2025-08-01T01:07:50.875+0000] GC(759) Using 8 workers of 8 for evacuation
[2025-08-01T01:07:50.968+0000] GC(759)   Pre Evacuate Collection Set: 0.5ms
[2025-08-01T01:07:50.968+0000] GC(759)   Merge Heap Roots: 1.2ms
[2025-08-01T01:07:50.968+0000] GC(759)   Evacuate Collection Set: 90.6ms
[2025-08-01T01:07:50.968+0000] GC(759)   Post Evacuate Collection Set: 0.9ms
[2025-08-01T01:07:50.968+0000] GC(759)   Other: 0.3ms
[2025-08-01T01:07:50.968+0000] GC(759) Eden regions: 249->0(65)
[2025-08-01T01:07:50.968+0000] GC(759) Survivor regions: 42->37(37)
[2025-08-01T01:07:50.968+0000] GC(759) Old regions: 1051->1306
[2025-08-01T01:07:50.968+0000] GC(759) Archive regions: 2->2
[2025-08-01T01:07:50.968+0000] GC(759) Humongous regions: 0->0
[2025-08-01T01:07:50.968+0000] GC(759) Metaspace: 10061K(10304K)->10061K(10304K) NonClass: 8835K(8960K)->8835K(8960K) Class: 1225K(1344K)->1225K(1344K)
[2025-08-01T01:07:50.968+0000] GC(759) Pause Young (Prepare Mixed) (G1 Evacuation Pause) 2684M->2686M(4096M) 93.589ms
[2025-08-01T01:07:50.968+0000] GC(759) User=0.73s Sys=0.00s Real=0.09s
[2025-08-01T01:07:50.980+0000] GC(760) Pause Young (Mixed) (G1 Evacuation Pause)
[2025-08-01T01:07:50.980+0000] GC(760) Using 8 workers of 8 for evacuation
[2025-08-01T01:07:51.013+0000] GC(760)   Pre Evacuate Collection Set: 0.3ms
[2025-08-01T01:07:51.013+0000] GC(760)   Merge Heap Roots: 0.3ms
[2025-08-01T01:07:51.013+0000] GC(760)   Evacuate Collection Set: 30.7ms
[2025-08-01T01:07:51.013+0000] GC(760)   Post Evacuate Collection Set: 0.9ms
[2025-08-01T01:07:51.013+0000] GC(760)   Other: 0.2ms
[2025-08-01T01:07:51.013+0000] GC(760) Eden regions: 65->0(139)
[2025-08-01T01:07:51.013+0000] GC(760) Survivor regions: 37->13(13)
[2025-08-01T01:07:51.013+0000] GC(760) Old regions: 1306->1383
[2025-08-01T01:07:51.013+0000] GC(760) Archive regions: 2->2
[2025-08-01T01:07:51.013+0000] GC(760) Humongous regions: 0->0
[2025-08-01T01:07:51.013+0000] GC(760) Metaspace: 10061K(10304K)->10061K(10304K) NonClass: 8835K(8960K)->8835K(8960K) Class: 1225K(1344K)->1225K(1344K)
[2025-08-01T01:07:51.013+0000] GC(760) Pause Young (Mixed) (G1 Evacuation Pause) 2816M->2792M(4096M) 32.548ms
[2025-08-01T01:07:51.013+0000] GC(760) User=0.24s Sys=0.00s Real=0.03s
[2025-08-01T01:07:51.089+0000] GC(761) Pause Young (Concurrent Start) (G1 Evacuation Pause)
[2025-08-01T01:07:51.089+0000] GC(761) Using 8 workers of 8 for evacuation
[2025-08-01T01:07:51.135+0000] GC(761)   Pre Evacuate Collection Set: 0.4ms
[2025-08-01T01:07:51.135+0000] GC(761)   Merge Heap Roots: 0.2ms
[2025-08-01T01:07:51.135+0000] GC(761)   Evacuate Collection Set: 43.5ms
[2025-08-01T01:07:51.135+0000] GC(761)   Post Evacuate Collection Set: 1.2ms
[2025-08-01T01:07:51.135+0000] GC(761)   Other: 0.3ms
[2025-08-01T01:07:51.135+0000] GC(761) Eden regions: 139->0(101)
[2025-08-01T01:07:51.135+0000] GC(761) Survivor regions: 13->19(19)
[2025-08-01T01:07:51.135+0000] GC(761) Old regions: 1383->1498
[2025-08-01T01:07:51.135+0000] GC(761) Archive regions: 2->2
[2025-08-01T01:07:51.135+0000] GC(761) Humongous regions: 0->0
[2025-08-01T01:07:51.135+0000] GC(761) Metaspace: 10061K(10304K)->10061K(10304K) NonClass: 8835K(8960K)->8835K(8960K) Class: 1225K(1344K)->1225K(1344K)
[2025-08-01T01:07:51.135+0000] GC(761) Pause Young (Concurrent Start) (G1 Evacuation Pause) 3070M->3034M(4096M) 45.817ms
[2025-08-01T01:07:51.135+0000] GC(761) User=0.34s Sys=0.01s Real=0.05s
[2025-08-01T01:07:51.135+0000] GC(762) Concurrent Mark Cycle
[2025-08-01T01:07:51.135+0000] GC(762) Concurrent Clear Claimed Marks
[2025-08-01T01:07:51.135+0000] GC(762) Concurrent Clear Claimed Marks 0.053ms
[2025-08-01T01:07:51.135+0000] GC(762) Concurrent Scan Root Regions
[2025-08-01T01:07:51.165+0000] GC(762) Concurrent Scan Root Regions 30.330ms
[2025-08-01T01:07:51.165+0000] GC(762) Concurrent Mark
[2025-08-01T01:07:51.165+0000] GC(762) Concurrent Mark From Roots
[2025-08-01T01:07:51.165+0000] GC(762) Using 2 workers of 2 for marking
[2025-08-01T01:07:51.206+0000] GC(763) Pause Young (Normal) (G1 Evacuation Pause)
[2025-08-01T01:07:51.206+0000] GC(763) Using 8 workers of 8 for evacuation
[2025-08-01T01:07:51.233+0000] GC(763)   Pre Evacuate Collection Set: 0.4ms
[2025-08-01T01:07:51.233+0000] GC(763)   Merge Heap Roots: 0.2ms
[2025-08-01T01:07:51.233+0000] GC(763)   Evacuate Collection Set: 25.8ms
[2025-08-01T01:07:51.233+0000] GC(763)   Post Evacuate Collection Set: 0.8ms
[2025-08-01T01:07:51.234+0000] GC(763)   Other: 0.3ms
[2025-08-01T01:07:51.234+0000] GC(763) Eden regions: 101->0(87)
[2025-08-01T01:07:51.234+0000] GC(763) Survivor regions: 19->15(15)
[2025-08-01T01:07:51.234+0000] GC(763) Old regions: 1498->1580
[2025-08-01T01:07:51.234+0000] GC(763) Archive regions: 2->2
[2025-08-01T01:07:51.234+0000] GC(763) Humongous regions: 0->0
[2025-08-01T01:07:51.234+0000] GC(763) Metaspace: 10061K(10304K)->10061K(10304K) NonClass: 8835K(8960K)->8835K(8960K) Class: 1225K(1344K)->1225K(1344K)
[2025-08-01T01:07:51.234+0000] GC(763) Pause Young (Normal) (G1 Evacuation Pause) 3236M->3191M(4096M) 27.635ms
[2025-08-01T01:07:51.234+0000] GC(763) User=0.19s Sys=0.00s Real=0.03s
[2025-08-01T01:07:51.250+0000] GC(764) Pause Young (Normal) (G1 Evacuation Pause)
[2025-08-01T01:07:51.250+0000] GC(764) Using 8 workers of 8 for evacuation
[2025-08-01T01:07:51.286+0000] GC(764)   Pre Evacuate Collection Set: 0.6ms
[2025-08-01T01:07:51.286+0000] GC(764)   Merge Heap Roots: 0.1ms
[2025-08-01T01:07:51.286+0000] GC(764)   Evacuate Collection Set: 34.1ms
[2025-08-01T01:07:51.286+0000] GC(764)   Post Evacuate Collection Set: 0.7ms
[2025-08-01T01:07:51.286+0000] GC(764)   Other: 0.2ms
[2025-08-01T01:07:51.286+0000] GC(764) Eden regions: 87->0(89)
[2025-08-01T01:07:51.286+0000] GC(764) Survivor regions: 15->13(13)
[2025-08-01T01:07:51.286+0000] GC(764) Old regions: 1580->1672
[2025-08-01T01:07:51.286+0000] GC(764) Archive regions: 2->2
[2025-08-01T01:07:51.286+0000] GC(764) Humongous regions: 0->0
[2025-08-01T01:07:51.286+0000] GC(764) Metaspace: 10061K(10304K)->10061K(10304K) NonClass: 8835K(8960K)->8835K(8960K) Class: 1225K(1344K)->1225K(1344K)
[2025-08-01T01:07:51.286+0000] GC(764) Pause Young (Normal) (G1 Evacuation Pause) 3365M->3370M(4096M) 35.829ms
[2025-08-01T01:07:51.286+0000] GC(764) User=0.26s Sys=0.01s Real=0.04s
[2025-08-01T01:07:51.353+0000] GC(765) Pause Young (Normal) (G1 Evacuation Pause)
[2025-08-01T01:07:51.353+0000] GC(765) Using 8 workers of 8 for evacuation
[2025-08-01T01:07:51.381+0000] GC(765)   Pre Evacuate Collection Set: 0.5ms
[2025-08-01T01:07:51.381+0000] GC(765)   Merge Heap Roots: 0.2ms
[2025-08-01T01:07:51.381+0000] GC(765)   Evacuate Collection Set: 26.1ms
[2025-08-01T01:07:51.381+0000] GC(765)   Post Evacuate Collection Set: 0.8ms
[2025-08-01T01:07:51.381+0000] GC(765)   Other: 0.1ms
[2025-08-01T01:07:51.381+0000] GC(765) Eden regions: 89->0(89)
[2025-08-01T01:07:51.381+0000] GC(765) Survivor regions: 13->13(13)
[2025-08-01T01:07:51.381+0000] GC(765) Old regions: 1672->1739
[2025-08-01T01:07:51.381+0000] GC(765) Archive regions: 2->2
[2025-08-01T01:07:51.381+0000] GC(765) Humongous regions: 0->0
[2025-08-01T01:07:51.381+0000] GC(765) Metaspace: 10061K(10304K)->10061K(10304K) NonClass: 8835K(8960K)->8835K(8960K) Class: 1225K(1344K)->1225K(1344K)
[2025-08-01T01:07:51.381+0000] GC(765) Pause Young (Normal) (G1 Evacuation Pause) 3548M->3505M(4096M) 27.929ms
[2025-08-01T01:07:51.381+0000] GC(765) User=0.20s Sys=0.00s Real=0.02s
[2025-08-01T01:07:51.402+0000] GC(766) Pause Young (Normal) (G1 Evacuation Pause)
[2025-08-01T01:07:51.402+0000] GC(766) Using 8 workers of 8 for evacuation
[2025-08-01T01:07:51.436+0000] GC(766)   Pre Evacuate Collection Set: 0.5ms
[2025-08-01T01:07:51.436+0000] GC(766)   Merge Heap Roots: 0.1ms
[2025-08-01T01:07:51.436+0000] GC(766)   Evacuate Collection Set: 31.6ms
[2025-08-01T01:07:51.436+0000] GC(766)   Post Evacuate Collection Set: 1.4ms
[2025-08-01T01:07:51.436+0000] GC(766)   Other: 0.4ms
[2025-08-01T01:07:51.436+0000] GC(766) Eden regions: 89->0(89)
[2025-08-01T01:07:51.436+0000] GC(766) Survivor regions: 13->13(13)
[2025-08-01T01:07:51.436+0000] GC(766) Old regions: 1739->1830
[2025-08-01T01:07:51.436+0000] GC(766) Archive regions: 2->2
[2025-08-01T01:07:51.436+0000] GC(766) Humongous regions: 0->0
[2025-08-01T01:07:51.436+0000] GC(766) Metaspace: 10061K(10304K)->10061K(10304K) NonClass: 8835K(8960K)->8835K(8960K) Class: 1225K(1344K)->1225K(1344K)
[2025-08-01T01:07:51.436+0000] GC(766) Pause Young (Normal) (G1 Evacuation Pause) 3683M->3687M(4096M) 34.149ms
[2025-08-01T01:07:51.436+0000] GC(766) User=0.24s Sys=0.00s Real=0.04s
[2025-08-01T01:07:51.445+0000] GC(762) Concurrent Mark From Roots 279.881ms
[2025-08-01T01:07:51.445+0000] GC(762) Concurrent Preclean
[2025-08-01T01:07:51.446+0000] GC(762) Concurrent Preclean 0.348ms
[2025-08-01T01:07:51.447+0000] GC(762) Pause Remark
[2025-08-01T01:07:51.451+0000] GC(762) Pause Remark 3777M->2041M(4096M) 3.861ms
[2025-08-01T01:07:51.451+0000] GC(762) User=0.01s Sys=0.00s Real=0.00s
[2025-08-01T01:07:51.452+0000] GC(762) Concurrent Mark 286.163ms
[2025-08-01T01:07:51.452+0000] GC(762) Concurrent Rebuild Remembered Sets
[2025-08-01T01:07:51.506+0000] GC(767) Pause Young (Normal) (G1 Evacuation Pause)
[2025-08-01T01:07:51.506+0000] GC(767) Using 8 workers of 8 for evacuation
[2025-08-01T01:07:51.545+0000] GC(767)   Pre Evacuate Collection Set: 0.6ms
[2025-08-01T01:07:51.545+0000] GC(767)   Merge Heap Roots: 0.4ms
[2025-08-01T01:07:51.545+0000] GC(767)   Evacuate Collection Set: 36.8ms
[2025-08-01T01:07:51.545+0000] GC(767)   Post Evacuate Collection Set: 0.9ms
[2025-08-01T01:07:51.545+0000] GC(767)   Other: 0.2ms
[2025-08-01T01:07:51.545+0000] GC(767) Eden regions: 89->0(253)
[2025-08-01T01:07:51.545+0000] GC(767) Survivor regions: 13->13(13)
[2025-08-01T01:07:51.545+0000] GC(767) Old regions: 962->1036
[2025-08-01T01:07:51.545+0000] GC(767) Archive regions: 2->2
[2025-08-01T01:07:51.545+0000] GC(767) Humongous regions: 0->0
[2025-08-01T01:07:51.545+0000] GC(767) Metaspace: 10061K(10304K)->10061K(10304K) NonClass: 8835K(8960K)->8835K(8960K) Class: 1225K(1344K)->1225K(1344K)
[2025-08-01T01:07:51.545+0000] GC(767) Pause Young (Normal) (G1 Evacuation Pause) 2129M->2098M(4096M) 38.977ms
[2025-08-01T01:07:51.545+0000] GC(767) User=0.27s Sys=0.02s Real=0.04s
[2025-08-01T01:07:51.649+0000] GC(768) Pause Young (Normal) (G1 Evacuation Pause)
[2025-08-01T01:07:51.649+0000] GC(768) Using 8 workers of 8 for evacuation
[2025-08-01T01:07:51.731+0000] GC(768)   Pre Evacuate Collection Set: 0.7ms
[2025-08-01T01:07:51.731+0000] GC(768)   Merge Heap Roots: 0.2ms
[2025-08-01T01:07:51.731+0000] GC(768)   Evacuate Collection Set: 79.3ms
[2025-08-01T01:07:51.731+0000] GC(768)   Post Evacuate Collection Set: 1.4ms
[2025-08-01T01:07:51.731+0000] GC(768)   Other: 0.2ms
[2025-08-01T01:07:51.731+0000] GC(768) Eden regions: 253->0(168)
[2025-08-01T01:07:51.731+0000] GC(768) Survivor regions: 13->34(34)
[2025-08-01T01:07:51.731+0000] GC(768) Old regions: 1036->1270
[2025-08-01T01:07:51.731+0000] GC(768) Archive regions: 2->2
[2025-08-01T01:07:51.731+0000] GC(768) Humongous regions: 0->0
[2025-08-01T01:07:51.731+0000] GC(768) Metaspace: 10061K(10304K)->10061K(10304K) NonClass: 8835K(8960K)->8835K(8960K) Class: 1225K(1344K)->1225K(1344K)
[2025-08-01T01:07:51.731+0000] GC(768) Pause Young (Normal) (G1 Evacuation Pause) 2604M->2609M(4096M) 81.946ms
[2025-08-01T01:07:51.731+0000] GC(768) User=0.63s Sys=0.00s Real=0.08s
[2025-08-01T01:07:51.818+0000] GC(769) Pause Young (Normal) (G1 Evacuation Pause)
[2025-08-01T01:07:51.818+0000] GC(769) Using 8 workers of 8 for evacuation
[2025-08-01T01:07:51.893+0000] GC(769)   Pre Evacuate Collection Set: 0.8ms
[2025-08-01T01:07:51.894+0000] GC(769)   Merge Heap Roots: 0.2ms
[2025-08-01T01:07:51.894+0000] GC(769)   Evacuate Collection Set: 73.1ms
[2025-08-01T01:07:51.894+0000] GC(769)   Post Evacuate Collection Set: 1.1ms
[2025-08-01T01:07:51.894+0000] GC(769)   Other: 0.2ms
[2025-08-01T01:07:51.894+0000] GC(769) Eden regions: 168->0(127)
[2025-08-01T01:07:51.894+0000] GC(769) Survivor regions: 34->26(26)
[2025-08-01T01:07:51.894+0000] GC(769) Old regions: 1270->1416
[2025-08-01T01:07:51.894+0000] GC(769) Archive regions: 2->2
[2025-08-01T01:07:51.894+0000] GC(769) Humongous regions: 0->0
[2025-08-01T01:07:51.894+0000] GC(769) Metaspace: 10061K(10304K)->10061K(10304K) NonClass: 8835K(8960K)->8835K(8960K) Class: 1225K(1344K)->1225K(1344K)
[2025-08-01T01:07:51.894+0000] GC(769) Pause Young (Normal) (G1 Evacuation Pause) 2945M->2885M(4096M) 75.504ms
[2025-08-01T01:07:51.894+0000] GC(769) User=0.55s Sys=0.03s Real=0.08s
[2025-08-01T01:07:51.901+0000] GC(762) Concurrent Rebuild Remembered Sets 449.852ms
[2025-08-01T01:07:51.902+0000] GC(762) Pause Cleanup
[2025-08-01T01:07:51.903+0000] GC(762) Pause Cleanup 2956M->2956M(4096M) 0.827ms
[2025-08-01T01:07:51.903+0000] GC(762) User=0.00s Sys=0.00s Real=0.00s
[2025-08-01T01:07:51.903+0000] GC(762) Concurrent Cleanup for Next Mark
[2025-08-01T01:07:51.922+0000] GC(762) Concurrent Cleanup for Next Mark 18.867ms
[2025-08-01T01:07:51.922+0000] GC(762) Concurrent Mark Cycle 787.197ms
[2025-08-01T01:07:51.975+0000] GC(770) Pause Young (Prepare Mixed) (G1 Evacuation Pause)
[2025-08-01T01:07:51.976+0000] GC(770) Using 8 workers of 8 for evacuation
[2025-08-01T01:07:52.026+0000] GC(770)   Pre Evacuate Collection Set: 0.9ms
[2025-08-01T01:07:52.026+0000] GC(770)   Merge Heap Roots: 0.3ms
[2025-08-01T01:07:52.026+0000] GC(770)   Evacuate Collection Set: 47.7ms
[2025-08-01T01:07:52.026+0000] GC(770)   Post Evacuate Collection Set: 1.3ms
[2025-08-01T01:07:52.026+0000] GC(770)   Other: 0.3ms
[2025-08-01T01:07:52.026+0000] GC(770) Eden regions: 127->0(82)
[2025-08-01T01:07:52.026+0000] GC(770) Survivor regions: 26->20(20)
[2025-08-01T01:07:52.026+0000] GC(770) Old regions: 1416->1519
[2025-08-01T01:07:52.026+0000] GC(770) Archive regions: 2->2
[2025-08-01T01:07:52.026+0000] GC(770) Humongous regions: 0->0
[2025-08-01T01:07:52.026+0000] GC(770) Metaspace: 10061K(10304K)->10061K(10304K) NonClass: 8835K(8960K)->8835K(8960K) Class: 1225K(1344K)->1225K(1344K)
[2025-08-01T01:07:52.026+0000] GC(770) Pause Young (Prepare Mixed) (G1 Evacuation Pause) 3139M->3079M(4096M) 50.659ms
[2025-08-01T01:07:52.026+0000] GC(770) User=0.36s Sys=0.01s Real=0.05s
[2025-08-01T01:07:52.042+0000] GC(771) Pause Young (Mixed) (G1 Evacuation Pause)
[2025-08-01T01:07:52.042+0000] GC(771) Using 8 workers of 8 for evacuation
[2025-08-01T01:07:52.077+0000] GC(771)   Pre Evacuate Collection Set: 0.7ms
[2025-08-01T01:07:52.077+0000] GC(771)   Merge Heap Roots: 0.2ms
[2025-08-01T01:07:52.077+0000] GC(771)   Evacuate Collection Set: 32.3ms
[2025-08-01T01:07:52.077+0000] GC(771)   Post Evacuate Collection Set: 1.0ms
[2025-08-01T01:07:52.077+0000] GC(771)   Other: 0.2ms
[2025-08-01T01:07:52.077+0000] GC(771) Eden regions: 82->0(89)
[2025-08-01T01:07:52.077+0000] GC(771) Survivor regions: 20->13(13)
[2025-08-01T01:07:52.077+0000] GC(771) Old regions: 1519->1566
[2025-08-01T01:07:52.077+0000] GC(771) Archive regions: 2->2
[2025-08-01T01:07:52.077+0000] GC(771) Humongous regions: 0->0
[2025-08-01T01:07:52.077+0000] GC(771) Metaspace: 10061K(10304K)->10061K(10304K) NonClass: 8835K(8960K)->8835K(8960K) Class: 1225K(1344K)->1225K(1344K)
[2025-08-01T01:07:52.077+0000] GC(771) Pause Young (Mixed) (G1 Evacuation Pause) 3243M->3159M(4096M) 34.720ms
[2025-08-01T01:07:52.077+0000] GC(771) User=0.24s Sys=0.01s Real=0.04s
[2025-08-01T01:07:52.137+0000] GC(772) Pause Young (Concurrent Start) (G1 Evacuation Pause)
[2025-08-01T01:07:52.137+0000] GC(772) Using 8 workers of 8 for evacuation
[2025-08-01T01:07:52.159+0000] GC(772)   Pre Evacuate Collection Set: 0.3ms
[2025-08-01T01:07:52.159+0000] GC(772)   Merge Heap Roots: 0.3ms
[2025-08-01T01:07:52.159+0000] GC(772)   Evacuate Collection Set: 19.8ms
[2025-08-01T01:07:52.159+0000] GC(772)   Post Evacuate Collection Set: 1.1ms
[2025-08-01T01:07:52.159+0000] GC(772)   Other: 0.3ms
[2025-08-01T01:07:52.159+0000] GC(772) Eden regions: 89->0(89)
[2025-08-01T01:07:52.159+0000] GC(772) Survivor regions: 13->13(13)
[2025-08-01T01:07:52.159+0000] GC(772) Old regions: 1566->1624
[2025-08-01T01:07:52.159+0000] GC(772) Archive regions: 2->2
[2025-08-01T01:07:52.159+0000] GC(772) Humongous regions: 0->0
[2025-08-01T01:07:52.159+0000] GC(772) Metaspace: 10061K(10304K)->10061K(10304K) NonClass: 8835K(8960K)->8835K(8960K) Class: 1225K(1344K)->1225K(1344K)
[2025-08-01T01:07:52.159+0000] GC(772) Pause Young (Concurrent Start) (G1 Evacuation Pause) 3337M->3274M(4096M) 21.926ms
[2025-08-01T01:07:52.159+0000] GC(772) User=0.16s Sys=0.00s Real=0.02s
[2025-08-01T01:07:52.159+0000] GC(773) Concurrent Mark Cycle
[2025-08-01T01:07:52.159+0000] GC(773) Concurrent Clear Claimed Marks
[2025-08-01T01:07:52.159+0000] GC(773) Concurrent Clear Claimed Marks 0.027ms
[2025-08-01T01:07:52.159+0000] GC(773) Concurrent Scan Root Regions
[2025-08-01T01:07:52.179+0000] GC(773) Concurrent Scan Root Regions 19.789ms
[2025-08-01T01:07:52.179+0000] GC(774) Pause Young (Normal) (G1 Evacuation Pause)
[2025-08-01T01:07:52.179+0000] GC(774) Using 8 workers of 8 for evacuation
[2025-08-01T01:07:52.179+0000] GC(773) Concurrent Mark
[2025-08-01T01:07:52.179+0000] GC(773) Concurrent Mark From Roots
[2025-08-01T01:07:52.179+0000] GC(773) Using 2 workers of 2 for marking
[2025-08-01T01:07:52.210+0000] GC(774)   Pre Evacuate Collection Set: 1.9ms
[2025-08-01T01:07:52.210+0000] GC(774)   Merge Heap Roots: 0.1ms
[2025-08-01T01:07:52.210+0000] GC(774)   Evacuate Collection Set: 29.0ms
[2025-08-01T01:07:52.210+0000] GC(774)   Post Evacuate Collection Set: 0.9ms
[2025-08-01T01:07:52.210+0000] GC(774)   Other: 0.2ms
[2025-08-01T01:07:52.210+0000] GC(774) Eden regions: 89->0(89)
[2025-08-01T01:07:52.210+0000] GC(774) Survivor regions: 13->13(13)
[2025-08-01T01:07:52.210+0000] GC(774) Old regions: 1624->1714
[2025-08-01T01:07:52.210+0000] GC(774) Archive regions: 2->2
[2025-08-01T01:07:52.210+0000] GC(774) Humongous regions: 0->0
[2025-08-01T01:07:52.210+0000] GC(774) Metaspace: 10061K(10304K)->10061K(10304K) NonClass: 8835K(8960K)->8835K(8960K) Class: 1225K(1344K)->1225K(1344K)
[2025-08-01T01:07:52.210+0000] GC(774) Pause Young (Normal) (G1 Evacuation Pause) 3452M->3455M(4096M) 30.681ms
[2025-08-01T01:07:52.210+0000] GC(774) User=0.23s Sys=0.00s Real=0.03s
[2025-08-01T01:07:52.277+0000] GC(775) Pause Young (Normal) (G1 Evacuation Pause)
[2025-08-01T01:07:52.277+0000] GC(775) Using 8 workers of 8 for evacuation
[2025-08-01T01:07:52.304+0000] GC(775)   Pre Evacuate Collection Set: 0.5ms
[2025-08-01T01:07:52.304+0000] GC(775)   Merge Heap Roots: 0.2ms
[2025-08-01T01:07:52.304+0000] GC(775)   Evacuate Collection Set: 24.8ms
[2025-08-01T01:07:52.305+0000] GC(775)   Post Evacuate Collection Set: 1.3ms
[2025-08-01T01:07:52.305+0000] GC(775)   Other: 0.2ms
[2025-08-01T01:07:52.305+0000] GC(775) Eden regions: 89->0(89)
[2025-08-01T01:07:52.305+0000] GC(775) Survivor regions: 13->13(13)
[2025-08-01T01:07:52.305+0000] GC(775) Old regions: 1714->1785
[2025-08-01T01:07:52.305+0000] GC(775) Archive regions: 2->2
[2025-08-01T01:07:52.305+0000] GC(775) Humongous regions: 0->0
[2025-08-01T01:07:52.305+0000] GC(775) Metaspace: 10061K(10304K)->10061K(10304K) NonClass: 8835K(8960K)->8835K(8960K) Class: 1225K(1344K)->1225K(1344K)
[2025-08-01T01:07:52.305+0000] GC(775) Pause Young (Normal) (G1 Evacuation Pause) 3633M->3597M(4096M) 27.302ms
[2025-08-01T01:07:52.305+0000] GC(775) User=0.19s Sys=0.00s Real=0.03s
[2025-08-01T01:07:52.326+0000] GC(776) Pause Young (Normal) (G1 Evacuation Pause)
[2025-08-01T01:07:52.326+0000] GC(776) Using 8 workers of 8 for evacuation
[2025-08-01T01:07:52.359+0000] GC(776)   Pre Evacuate Collection Set: 0.5ms
[2025-08-01T01:07:52.359+0000] GC(776)   Merge Heap Roots: 0.2ms
[2025-08-01T01:07:52.359+0000] GC(776)   Evacuate Collection Set: 31.8ms
[2025-08-01T01:07:52.359+0000] GC(776)   Post Evacuate Collection Set: 0.8ms
[2025-08-01T01:07:52.359+0000] GC(776)   Other: 0.2ms
[2025-08-01T01:07:52.359+0000] GC(776) Eden regions: 89->0(89)
[2025-08-01T01:07:52.359+0000] GC(776) Survivor regions: 13->13(13)
[2025-08-01T01:07:52.359+0000] GC(776) Old regions: 1785->1876
[2025-08-01T01:07:52.359+0000] GC(776) Archive regions: 2->2
[2025-08-01T01:07:52.359+0000] GC(776) Humongous regions: 0->0
[2025-08-01T01:07:52.359+0000] GC(776) Metaspace: 10061K(10304K)->10061K(10304K) NonClass: 8835K(8960K)->8835K(8960K) Class: 1225K(1344K)->1225K(1344K)
[2025-08-01T01:07:52.359+0000] GC(776) Pause Young (Normal) (G1 Evacuation Pause) 3775M->3779M(4096M) 33.699ms
[2025-08-01T01:07:52.359+0000] GC(776) User=0.25s Sys=0.01s Real=0.03s
[2025-08-01T01:07:52.375+0000] GC(777) Pause Young (Normal) (G1 Preventive Collection)
[2025-08-01T01:07:52.375+0000] GC(777) Using 8 workers of 8 for evacuation
[2025-08-01T01:07:52.400+0000] GC(777)   Pre Evacuate Collection Set: 0.5ms
[2025-08-01T01:07:52.400+0000] GC(777)   Merge Heap Roots: 0.4ms
[2025-08-01T01:07:52.400+0000] GC(777)   Evacuate Collection Set: 23.3ms
[2025-08-01T01:07:52.400+0000] GC(777)   Post Evacuate Collection Set: 1.0ms
[2025-08-01T01:07:52.400+0000] GC(777)   Other: 0.2ms
[2025-08-01T01:07:52.400+0000] GC(777) Eden regions: 68->0(89)
[2025-08-01T01:07:52.400+0000] GC(777) Survivor regions: 13->13(13)
[2025-08-01T01:07:52.400+0000] GC(777) Old regions: 1876->1946
[2025-08-01T01:07:52.400+0000] GC(777) Archive regions: 2->2
[2025-08-01T01:07:52.400+0000] GC(777) Humongous regions: 0->0
[2025-08-01T01:07:52.400+0000] GC(777) Metaspace: 10061K(10304K)->10061K(10304K) NonClass: 8835K(8960K)->8835K(8960K) Class: 1225K(1344K)->1225K(1344K)
[2025-08-01T01:07:52.400+0000] GC(777) Pause Young (Normal) (G1 Preventive Collection) 3915M->3918M(4096M) 25.550ms
[2025-08-01T01:07:52.400+0000] GC(777) User=0.18s Sys=0.00s Real=0.02s
[2025-08-01T01:07:52.421+0000] GC(773) Concurrent Mark From Roots 241.364ms
[2025-08-01T01:07:52.421+0000] GC(773) Concurrent Preclean
[2025-08-01T01:07:52.421+0000] GC(773) Concurrent Preclean 0.342ms
[2025-08-01T01:07:52.421+0000] GC(773) Pause Remark
[2025-08-01T01:07:52.426+0000] GC(773) Pause Remark 3967M->1703M(4096M) 4.843ms
[2025-08-01T01:07:52.426+0000] GC(773) User=0.01s Sys=0.00s Real=0.01s
[2025-08-01T01:07:52.426+0000] GC(773) Concurrent Mark 247.054ms
[2025-08-01T01:07:52.426+0000] GC(773) Concurrent Rebuild Remembered Sets
[2025-08-01T01:07:52.468+0000] GC(778) Pause Young (Normal) (G1 Evacuation Pause)
[2025-08-01T01:07:52.468+0000] GC(778) Using 8 workers of 8 for evacuation
[2025-08-01T01:07:52.506+0000] GC(778)   Pre Evacuate Collection Set: 0.9ms
[2025-08-01T01:07:52.506+0000] GC(778)   Merge Heap Roots: 0.1ms
[2025-08-01T01:07:52.506+0000] GC(778)   Evacuate Collection Set: 35.0ms
[2025-08-01T01:07:52.506+0000] GC(778)   Post Evacuate Collection Set: 1.2ms
[2025-08-01T01:07:52.506+0000] GC(778)   Other: 0.3ms
[2025-08-01T01:07:52.506+0000] GC(778) Eden regions: 89->0(288)
[2025-08-01T01:07:52.506+0000] GC(778) Survivor regions: 13->13(13)
[2025-08-01T01:07:52.506+0000] GC(778) Old regions: 814->905
[2025-08-01T01:07:52.506+0000] GC(778) Archive regions: 2->2
[2025-08-01T01:07:52.506+0000] GC(778) Humongous regions: 0->0
[2025-08-01T01:07:52.506+0000] GC(778) Metaspace: 10061K(10304K)->10061K(10304K) NonClass: 8835K(8960K)->8835K(8960K) Class: 1225K(1344K)->1225K(1344K)
[2025-08-01T01:07:52.506+0000] GC(778) Pause Young (Normal) (G1 Evacuation Pause) 1832M->1836M(4096M) 37.678ms
[2025-08-01T01:07:52.506+0000] GC(778) User=0.26s Sys=0.01s Real=0.04s
[2025-08-01T01:07:52.619+0000] GC(779) Pause Young (Normal) (G1 Evacuation Pause)
[2025-08-01T01:07:52.619+0000] GC(779) Using 8 workers of 8 for evacuation
[2025-08-01T01:07:52.698+0000] GC(779)   Pre Evacuate Collection Set: 0.3ms
[2025-08-01T01:07:52.698+0000] GC(779)   Merge Heap Roots: 0.2ms
[2025-08-01T01:07:52.698+0000] GC(779)   Evacuate Collection Set: 77.3ms
[2025-08-01T01:07:52.698+0000] GC(779)   Post Evacuate Collection Set: 1.2ms
[2025-08-01T01:07:52.698+0000] GC(779)   Other: 0.3ms
[2025-08-01T01:07:52.698+0000] GC(779) Eden regions: 288->0(209)
[2025-08-01T01:07:52.698+0000] GC(779) Survivor regions: 13->38(38)
[2025-08-01T01:07:52.698+0000] GC(779) Old regions: 905->1134
[2025-08-01T01:07:52.698+0000] GC(779) Archive regions: 2->2
[2025-08-01T01:07:52.698+0000] GC(779) Humongous regions: 0->0
[2025-08-01T01:07:52.698+0000] GC(779) Metaspace: 10061K(10304K)->10061K(10304K) NonClass: 8835K(8960K)->8835K(8960K) Class: 1225K(1344K)->1225K(1344K)
[2025-08-01T01:07:52.698+0000] GC(779) Pause Young (Normal) (G1 Evacuation Pause) 2412M->2345M(4096M) 79.464ms
[2025-08-01T01:07:52.698+0000] GC(779) User=0.59s Sys=0.00s Real=0.08s
[2025-08-01T01:07:52.737+0000] GC(773) Concurrent Rebuild Remembered Sets 310.283ms
[2025-08-01T01:07:52.737+0000] GC(773) Pause Cleanup
[2025-08-01T01:07:52.738+0000] GC(773) Pause Cleanup 2453M->2453M(4096M) 0.686ms
[2025-08-01T01:07:52.738+0000] GC(773) User=0.00s Sys=0.00s Real=0.00s
[2025-08-01T01:07:52.738+0000] GC(773) Concurrent Cleanup for Next Mark
[2025-08-01T01:07:52.747+0000] GC(773) Concurrent Cleanup for Next Mark 9.221ms
[2025-08-01T01:07:52.747+0000] GC(773) Concurrent Mark Cycle 587.725ms
[2025-08-01T01:07:52.782+0000] GC(780) Pause Young (Prepare Mixed) (G1 Evacuation Pause)
[2025-08-01T01:07:52.782+0000] GC(780) Using 8 workers of 8 for evacuation
[2025-08-01T01:07:52.836+0000] GC(780)   Pre Evacuate Collection Set: 0.6ms
[2025-08-01T01:07:52.836+0000] GC(780)   Merge Heap Roots: 0.2ms
[2025-08-01T01:07:52.836+0000] GC(780)   Evacuate Collection Set: 51.7ms
[2025-08-01T01:07:52.836+0000] GC(780)   Post Evacuate Collection Set: 0.8ms
[2025-08-01T01:07:52.836+0000] GC(780)   Other: 0.2ms
[2025-08-01T01:07:52.836+0000] GC(780) Eden regions: 209->0(71)
[2025-08-01T01:07:52.836+0000] GC(780) Survivor regions: 38->31(31)
[2025-08-01T01:07:52.836+0000] GC(780) Old regions: 1134->1272
[2025-08-01T01:07:52.836+0000] GC(780) Archive regions: 2->2
[2025-08-01T01:07:52.836+0000] GC(780) Humongous regions: 0->0
[2025-08-01T01:07:52.836+0000] GC(780) Metaspace: 10061K(10304K)->10061K(10304K) NonClass: 8835K(8960K)->8835K(8960K) Class: 1225K(1344K)->1225K(1344K)
[2025-08-01T01:07:52.836+0000] GC(780) Pause Young (Prepare Mixed) (G1 Evacuation Pause) 2763M->2607M(4096M) 53.598ms
[2025-08-01T01:07:52.836+0000] GC(780) User=0.42s Sys=0.00s Real=0.06s
[2025-08-01T01:07:52.850+0000] GC(781) Pause Young (Mixed) (G1 Evacuation Pause)
[2025-08-01T01:07:52.850+0000] GC(781) Using 8 workers of 8 for evacuation
[2025-08-01T01:07:52.882+0000] GC(781)   Pre Evacuate Collection Set: 0.4ms
[2025-08-01T01:07:52.882+0000] GC(781)   Merge Heap Roots: 0.2ms
[2025-08-01T01:07:52.882+0000] GC(781)   Evacuate Collection Set: 30.8ms
[2025-08-01T01:07:52.882+0000] GC(781)   Post Evacuate Collection Set: 0.9ms
[2025-08-01T01:07:52.882+0000] GC(781)   Other: 0.3ms
[2025-08-01T01:07:52.882+0000] GC(781) Eden regions: 71->0(174)
[2025-08-01T01:07:52.882+0000] GC(781) Survivor regions: 31->13(13)
[2025-08-01T01:07:52.882+0000] GC(781) Old regions: 1272->1277
[2025-08-01T01:07:52.882+0000] GC(781) Archive regions: 2->2
[2025-08-01T01:07:52.882+0000] GC(781) Humongous regions: 0->0
[2025-08-01T01:07:52.882+0000] GC(781) Metaspace: 10061K(10304K)->10061K(10304K) NonClass: 8835K(8960K)->8835K(8960K) Class: 1225K(1344K)->1225K(1344K)
[2025-08-01T01:07:52.883+0000] GC(781) Pause Young (Mixed) (G1 Evacuation Pause) 2749M->2580M(4096M) 32.788ms
[2025-08-01T01:07:52.883+0000] GC(781) User=0.24s Sys=0.00s Real=0.03s
[2025-08-01T01:07:52.962+0000] GC(782) Pause Young (Concurrent Start) (G1 Evacuation Pause)
[2025-08-01T01:07:52.962+0000] GC(782) Using 8 workers of 8 for evacuation
[2025-08-01T01:07:53.032+0000] GC(782)   Pre Evacuate Collection Set: 0.7ms
[2025-08-01T01:07:53.032+0000] GC(782)   Merge Heap Roots: 0.1ms
[2025-08-01T01:07:53.032+0000] GC(782)   Evacuate Collection Set: 68.6ms
[2025-08-01T01:07:53.032+0000] GC(782)   Post Evacuate Collection Set: 0.7ms
[2025-08-01T01:07:53.032+0000] GC(782)   Other: 0.3ms
[2025-08-01T01:07:53.032+0000] GC(782) Eden regions: 174->0(120)
[2025-08-01T01:07:53.032+0000] GC(782) Survivor regions: 13->24(24)
[2025-08-01T01:07:53.032+0000] GC(782) Old regions: 1277->1431
[2025-08-01T01:07:53.032+0000] GC(782) Archive regions: 2->2
[2025-08-01T01:07:53.032+0000] GC(782) Humongous regions: 0->0
[2025-08-01T01:07:53.032+0000] GC(782) Metaspace: 10061K(10304K)->10061K(10304K) NonClass: 8835K(8960K)->8835K(8960K) Class: 1225K(1344K)->1225K(1344K)
[2025-08-01T01:07:53.032+0000] GC(782) Pause Young (Concurrent Start) (G1 Evacuation Pause) 2928M->2911M(4096M) 70.567ms
[2025-08-01T01:07:53.032+0000] GC(782) User=0.53s Sys=0.02s Real=0.07s
[2025-08-01T01:07:53.032+0000] GC(783) Concurrent Mark Cycle
[2025-08-01T01:07:53.032+0000] GC(783) Concurrent Clear Claimed Marks
[2025-08-01T01:07:53.032+0000] GC(783) Concurrent Clear Claimed Marks 0.024ms
[2025-08-01T01:07:53.032+0000] GC(783) Concurrent Scan Root Regions
[2025-08-01T01:07:53.074+0000] GC(783) Concurrent Scan Root Regions 41.909ms
[2025-08-01T01:07:53.074+0000] GC(783) Concurrent Mark
[2025-08-01T01:07:53.074+0000] GC(783) Concurrent Mark From Roots
[2025-08-01T01:07:53.074+0000] GC(783) Using 2 workers of 2 for marking
[2025-08-01T01:07:53.097+0000] GC(784) Pause Young (Normal) (G1 Evacuation Pause)
[2025-08-01T01:07:53.097+0000] GC(784) Using 8 workers of 8 for evacuation
[2025-08-01T01:07:53.160+0000] GC(784)   Pre Evacuate Collection Set: 0.4ms
[2025-08-01T01:07:53.160+0000] GC(784)   Merge Heap Roots: 0.1ms
[2025-08-01T01:07:53.160+0000] GC(784)   Evacuate Collection Set: 60.6ms
[2025-08-01T01:07:53.160+0000] GC(784)   Post Evacuate Collection Set: 1.1ms
[2025-08-01T01:07:53.160+0000] GC(784)   Other: 0.2ms
[2025-08-01T01:07:53.160+0000] GC(784) Eden regions: 120->0(84)
[2025-08-01T01:07:53.160+0000] GC(784) Survivor regions: 24->18(18)
[2025-08-01T01:07:53.160+0000] GC(784) Old regions: 1431->1559
[2025-08-01T01:07:53.160+0000] GC(784) Archive regions: 2->2
[2025-08-01T01:07:53.160+0000] GC(784) Humongous regions: 0->0
[2025-08-01T01:07:53.160+0000] GC(784) Metaspace: 10061K(10304K)->10061K(10304K) NonClass: 8835K(8960K)->8835K(8960K) Class: 1225K(1344K)->1225K(1344K)
[2025-08-01T01:07:53.160+0000] GC(784) Pause Young (Normal) (G1 Evacuation Pause) 3151M->3154M(4096M) 62.653ms
[2025-08-01T01:07:53.160+0000] GC(784) User=0.41s Sys=0.02s Real=0.06s
[2025-08-01T01:07:53.181+0000] GC(785) Pause Young (Normal) (G1 Evacuation Pause)
[2025-08-01T01:07:53.181+0000] GC(785) Using 8 workers of 8 for evacuation
[2025-08-01T01:07:53.215+0000] GC(785)   Pre Evacuate Collection Set: 0.5ms
[2025-08-01T01:07:53.215+0000] GC(785)   Merge Heap Roots: 0.2ms
[2025-08-01T01:07:53.215+0000] GC(785)   Evacuate Collection Set: 33.0ms
[2025-08-01T01:07:53.215+0000] GC(785)   Post Evacuate Collection Set: 1.0ms
[2025-08-01T01:07:53.215+0000] GC(785)   Other: 0.2ms
[2025-08-01T01:07:53.215+0000] GC(785) Eden regions: 84->0(89)
[2025-08-01T01:07:53.215+0000] GC(785) Survivor regions: 18->13(13)
[2025-08-01T01:07:53.215+0000] GC(785) Old regions: 1559->1649
[2025-08-01T01:07:53.215+0000] GC(785) Archive regions: 2->2
[2025-08-01T01:07:53.215+0000] GC(785) Humongous regions: 0->0
[2025-08-01T01:07:53.215+0000] GC(785) Metaspace: 10061K(10304K)->10061K(10304K) NonClass: 8835K(8960K)->8835K(8960K) Class: 1225K(1344K)->1225K(1344K)
[2025-08-01T01:07:53.216+0000] GC(785) Pause Young (Normal) (G1 Evacuation Pause) 3322M->3325M(4096M) 34.946ms
[2025-08-01T01:07:53.216+0000] GC(785) User=0.25s Sys=0.01s Real=0.04s
[2025-08-01T01:07:53.251+0000] GC(783) Concurrent Mark From Roots 176.632ms
[2025-08-01T01:07:53.251+0000] GC(783) Concurrent Preclean
[2025-08-01T01:07:53.251+0000] GC(783) Concurrent Preclean 0.313ms
[2025-08-01T01:07:53.251+0000] GC(783) Pause Remark
[2025-08-01T01:07:53.254+0000] GC(783) Pause Remark 3476M->1554M(4096M) 2.728ms
[2025-08-01T01:07:53.254+0000] GC(783) User=0.00s Sys=0.00s Real=0.01s
[2025-08-01T01:07:53.254+0000] GC(783) Concurrent Mark 179.978ms
[2025-08-01T01:07:53.254+0000] GC(783) Concurrent Rebuild Remembered Sets
[2025-08-01T01:07:53.273+0000] GC(786) Pause Young (Normal) (G1 Evacuation Pause)
[2025-08-01T01:07:53.273+0000] GC(786) Using 8 workers of 8 for evacuation
[2025-08-01T01:07:53.298+0000] GC(786)   Pre Evacuate Collection Set: 0.4ms
[2025-08-01T01:07:53.298+0000] GC(786)   Merge Heap Roots: 0.3ms
[2025-08-01T01:07:53.298+0000] GC(786)   Evacuate Collection Set: 22.7ms
[2025-08-01T01:07:53.298+0000] GC(786)   Post Evacuate Collection Set: 1.0ms
[2025-08-01T01:07:53.298+0000] GC(786)   Other: 0.2ms
[2025-08-01T01:07:53.298+0000] GC(786) Eden regions: 89->0(360)
[2025-08-01T01:07:53.298+0000] GC(786) Survivor regions: 13->13(13)
[2025-08-01T01:07:53.298+0000] GC(786) Old regions: 688->754
[2025-08-01T01:07:53.298+0000] GC(786) Archive regions: 2->2
[2025-08-01T01:07:53.298+0000] GC(786) Humongous regions: 0->0
[2025-08-01T01:07:53.298+0000] GC(786) Metaspace: 10061K(10304K)->10061K(10304K) NonClass: 8835K(8960K)->8835K(8960K) Class: 1225K(1344K)->1225K(1344K)
[2025-08-01T01:07:53.298+0000] GC(786) Pause Young (Normal) (G1 Evacuation Pause) 1581M->1534M(4096M) 24.690ms
[2025-08-01T01:07:53.298+0000] GC(786) User=0.17s Sys=0.00s Real=0.02s
[2025-08-01T01:07:53.448+0000] GC(783) Concurrent Rebuild Remembered Sets 193.544ms
[2025-08-01T01:07:53.448+0000] GC(783) Pause Cleanup
[2025-08-01T01:07:53.449+0000] GC(783) Pause Cleanup 2231M->2231M(4096M) 0.871ms
[2025-08-01T01:07:53.449+0000] GC(783) User=0.00s Sys=0.00s Real=0.00s
[2025-08-01T01:07:53.449+0000] GC(783) Concurrent Cleanup for Next Mark
[2025-08-01T01:07:53.457+0000] GC(783) Concurrent Cleanup for Next Mark 8.445ms
[2025-08-01T01:07:53.458+0000] GC(783) Concurrent Mark Cycle 425.280ms
[2025-08-01T01:07:53.463+0000] GC(787) Pause Young (Prepare Mixed) (G1 Evacuation Pause)
[2025-08-01T01:07:53.463+0000] GC(787) Using 8 workers of 8 for evacuation
[2025-08-01T01:07:53.540+0000] GC(787)   Pre Evacuate Collection Set: 0.4ms
[2025-08-01T01:07:53.540+0000] GC(787)   Merge Heap Roots: 0.1ms
[2025-08-01T01:07:53.540+0000] GC(787)   Evacuate Collection Set: 75.4ms
[2025-08-01T01:07:53.540+0000] GC(787)   Post Evacuate Collection Set: 1.2ms
[2025-08-01T01:07:53.540+0000] GC(787)   Other: 0.2ms
[2025-08-01T01:07:53.540+0000] GC(787) Eden regions: 360->0(55)
[2025-08-01T01:07:53.540+0000] GC(787) Survivor regions: 13->47(47)
[2025-08-01T01:07:53.540+0000] GC(787) Old regions: 754->933
[2025-08-01T01:07:53.540+0000] GC(787) Archive regions: 2->2
[2025-08-01T01:07:53.540+0000] GC(787) Humongous regions: 0->0
[2025-08-01T01:07:53.540+0000] GC(787) Metaspace: 10061K(10304K)->10061K(10304K) NonClass: 8835K(8960K)->8835K(8960K) Class: 1225K(1344K)->1225K(1344K)
[2025-08-01T01:07:53.540+0000] GC(787) Pause Young (Prepare Mixed) (G1 Evacuation Pause) 2254M->1960M(4096M) 77.413ms
[2025-08-01T01:07:53.540+0000] GC(787) User=0.58s Sys=0.01s Real=0.08s
[2025-08-01T01:07:53.552+0000] GC(788) Pause Young (Mixed) (G1 Evacuation Pause)
[2025-08-01T01:07:53.552+0000] GC(788) Using 8 workers of 8 for evacuation
[2025-08-01T01:07:53.585+0000] GC(788)   Pre Evacuate Collection Set: 0.4ms
[2025-08-01T01:07:53.585+0000] GC(788)   Merge Heap Roots: 0.1ms
[2025-08-01T01:07:53.585+0000] GC(788)   Evacuate Collection Set: 31.5ms
[2025-08-01T01:07:53.585+0000] GC(788)   Post Evacuate Collection Set: 0.9ms
[2025-08-01T01:07:53.585+0000] GC(788)   Other: 0.3ms
[2025-08-01T01:07:53.585+0000] GC(788) Eden regions: 55->0(282)
[2025-08-01T01:07:53.585+0000] GC(788) Survivor regions: 47->13(13)
[2025-08-01T01:07:53.585+0000] GC(788) Old regions: 933->994
[2025-08-01T01:07:53.585+0000] GC(788) Archive regions: 2->2
[2025-08-01T01:07:53.585+0000] GC(788) Humongous regions: 0->0
[2025-08-01T01:07:53.585+0000] GC(788) Metaspace: 10061K(10304K)->10061K(10304K) NonClass: 8835K(8960K)->8835K(8960K) Class: 1225K(1344K)->1225K(1344K)
[2025-08-01T01:07:53.585+0000] GC(788) Pause Young (Mixed) (G1 Evacuation Pause) 2070M->2015M(4096M) 33.376ms
[2025-08-01T01:07:53.585+0000] GC(788) User=0.25s Sys=0.01s Real=0.04s
[2025-08-01T01:07:53.685+0000] GC(789) Pause Young (Concurrent Start) (G1 Evacuation Pause)
[2025-08-01T01:07:53.685+0000] GC(789) Using 8 workers of 8 for evacuation
[2025-08-01T01:07:53.825+0000] GC(789)   Pre Evacuate Collection Set: 1.1ms
[2025-08-01T01:07:53.825+0000] GC(789)   Merge Heap Roots: 0.3ms
[2025-08-01T01:07:53.825+0000] GC(789)   Evacuate Collection Set: 136.3ms
[2025-08-01T01:07:53.825+0000] GC(789)   Post Evacuate Collection Set: 1.2ms
[2025-08-01T01:07:53.825+0000] GC(789)   Other: 0.4ms
[2025-08-01T01:07:53.825+0000] GC(789) Eden regions: 282->0(180)
[2025-08-01T01:07:53.825+0000] GC(789) Survivor regions: 13->37(37)
[2025-08-01T01:07:53.825+0000] GC(789) Old regions: 994->1232
[2025-08-01T01:07:53.825+0000] GC(789) Archive regions: 2->2
[2025-08-01T01:07:53.825+0000] GC(789) Humongous regions: 0->0
[2025-08-01T01:07:53.825+0000] GC(789) Metaspace: 10061K(10304K)->10061K(10304K) NonClass: 8835K(8960K)->8835K(8960K) Class: 1225K(1344K)->1225K(1344K)
[2025-08-01T01:07:53.825+0000] GC(789) Pause Young (Concurrent Start) (G1 Evacuation Pause) 2579M->2538M(4096M) 139.496ms
[2025-08-01T01:07:53.825+0000] GC(789) User=1.04s Sys=0.02s Real=0.14s
[2025-08-01T01:07:53.825+0000] GC(790) Concurrent Mark Cycle
[2025-08-01T01:07:53.825+0000] GC(790) Concurrent Clear Claimed Marks
[2025-08-01T01:07:53.825+0000] GC(790) Concurrent Clear Claimed Marks 0.027ms
[2025-08-01T01:07:53.825+0000] GC(790) Concurrent Scan Root Regions
[2025-08-01T01:07:53.880+0000] GC(790) Concurrent Scan Root Regions 54.765ms
[2025-08-01T01:07:53.880+0000] GC(790) Concurrent Mark
[2025-08-01T01:07:53.880+0000] GC(790) Concurrent Mark From Roots
[2025-08-01T01:07:53.880+0000] GC(790) Using 2 workers of 2 for marking
[2025-08-01T01:07:53.907+0000] GC(791) Pause Young (Normal) (G1 Evacuation Pause)
[2025-08-01T01:07:53.907+0000] GC(791) Using 8 workers of 8 for evacuation
[2025-08-01T01:07:53.981+0000] GC(791)   Pre Evacuate Collection Set: 0.3ms
[2025-08-01T01:07:53.981+0000] GC(791)   Merge Heap Roots: 0.7ms
[2025-08-01T01:07:53.981+0000] GC(791)   Evacuate Collection Set: 72.1ms
[2025-08-01T01:07:53.981+0000] GC(791)   Post Evacuate Collection Set: 1.1ms
[2025-08-01T01:07:53.981+0000] GC(791)   Other: 0.2ms
[2025-08-01T01:07:53.981+0000] GC(791) Eden regions: 180->0(121)
[2025-08-01T01:07:53.981+0000] GC(791) Survivor regions: 37->28(28)
[2025-08-01T01:07:53.981+0000] GC(791) Old regions: 1232->1422
[2025-08-01T01:07:53.982+0000] GC(791) Archive regions: 2->2
[2025-08-01T01:07:53.982+0000] GC(791) Humongous regions: 0->0
[2025-08-01T01:07:53.982+0000] GC(791) Metaspace: 10061K(10304K)->10061K(10304K) NonClass: 8835K(8960K)->8835K(8960K) Class: 1225K(1344K)->1225K(1344K)
[2025-08-01T01:07:53.982+0000] GC(791) Pause Young (Normal) (G1 Evacuation Pause) 2898M->2901M(4096M) 74.447ms
[2025-08-01T01:07:53.982+0000] GC(791) User=0.55s Sys=0.01s Real=0.07s
[2025-08-01T01:07:54.031+0000] GC(790) Concurrent Mark From Roots 150.860ms
[2025-08-01T01:07:54.031+0000] GC(790) Concurrent Preclean
[2025-08-01T01:07:54.031+0000] GC(790) Concurrent Preclean 0.325ms
[2025-08-01T01:07:54.031+0000] GC(790) Pause Remark
[2025-08-01T01:07:54.035+0000] GC(790) Pause Remark 3020M->1554M(4096M) 3.673ms
[2025-08-01T01:07:54.035+0000] GC(790) User=0.01s Sys=0.00s Real=0.01s
[2025-08-01T01:07:54.035+0000] GC(790) Concurrent Mark 155.245ms
[2025-08-01T01:07:54.035+0000] GC(790) Concurrent Rebuild Remembered Sets
[2025-08-01T01:07:54.056+0000] GC(792) Pause Young (Normal) (G1 Evacuation Pause)
[2025-08-01T01:07:54.056+0000] GC(792) Using 8 workers of 8 for evacuation
[2025-08-01T01:07:54.104+0000] GC(792)   Pre Evacuate Collection Set: 0.5ms
[2025-08-01T01:07:54.104+0000] GC(792)   Merge Heap Roots: 0.2ms
[2025-08-01T01:07:54.104+0000] GC(792)   Evacuate Collection Set: 46.0ms
[2025-08-01T01:07:54.104+0000] GC(792)   Post Evacuate Collection Set: 0.8ms
[2025-08-01T01:07:54.104+0000] GC(792)   Other: 0.2ms
[2025-08-01T01:07:54.104+0000] GC(792) Eden regions: 121->0(336)
[2025-08-01T01:07:54.104+0000] GC(792) Survivor regions: 28->19(19)
[2025-08-01T01:07:54.104+0000] GC(792) Old regions: 689->815
[2025-08-01T01:07:54.104+0000] GC(792) Archive regions: 2->2
[2025-08-01T01:07:54.104+0000] GC(792) Humongous regions: 0->0
[2025-08-01T01:07:54.104+0000] GC(792) Metaspace: 10061K(10304K)->10061K(10304K) NonClass: 8835K(8960K)->8835K(8960K) Class: 1225K(1344K)->1225K(1344K)
[2025-08-01T01:07:54.104+0000] GC(792) Pause Young (Normal) (G1 Evacuation Pause) 1677M->1669M(4096M) 48.025ms
[2025-08-01T01:07:54.104+0000] GC(792) User=0.36s Sys=0.01s Real=0.05s
[2025-08-01T01:07:54.263+0000] GC(790) Concurrent Rebuild Remembered Sets 227.670ms
[2025-08-01T01:07:54.263+0000] GC(790) Pause Cleanup
[2025-08-01T01:07:54.264+0000] GC(790) Pause Cleanup 2303M->2303M(4096M) 0.735ms
[2025-08-01T01:07:54.264+0000] GC(790) User=0.00s Sys=0.00s Real=0.00s
[2025-08-01T01:07:54.264+0000] GC(790) Concurrent Cleanup for Next Mark
[2025-08-01T01:07:54.270+0000] GC(793) Pause Young (Prepare Mixed) (G1 Evacuation Pause)
[2025-08-01T01:07:54.270+0000] GC(793) Using 8 workers of 8 for evacuation
[2025-08-01T01:07:54.316+0000] GC(793)   Pre Evacuate Collection Set: 0.3ms
[2025-08-01T01:07:54.317+0000] GC(793)   Merge Heap Roots: 0.1ms
[2025-08-01T01:07:54.317+0000] GC(793)   Evacuate Collection Set: 44.8ms
[2025-08-01T01:07:54.317+0000] GC(793)   Post Evacuate Collection Set: 1.0ms
[2025-08-01T01:07:54.317+0000] GC(793)   Other: 0.2ms
[2025-08-01T01:07:54.317+0000] GC(793) Eden regions: 336->0(57)
[2025-08-01T01:07:54.317+0000] GC(793) Survivor regions: 19->45(45)
[2025-08-01T01:07:54.317+0000] GC(793) Old regions: 815->934
[2025-08-01T01:07:54.317+0000] GC(793) Archive regions: 2->2
[2025-08-01T01:07:54.317+0000] GC(793) Humongous regions: 0->0
[2025-08-01T01:07:54.317+0000] GC(793) Metaspace: 10061K(10304K)->10061K(10304K) NonClass: 8835K(8960K)->8835K(8960K) Class: 1225K(1344K)->1225K(1344K)
[2025-08-01T01:07:54.317+0000] GC(793) Pause Young (Prepare Mixed) (G1 Evacuation Pause) 2341M->1959M(4096M) 46.505ms
[2025-08-01T01:07:54.317+0000] GC(793) User=0.35s Sys=0.00s Real=0.05s
[2025-08-01T01:07:54.327+0000] GC(790) Concurrent Cleanup for Next Mark 62.812ms
[2025-08-01T01:07:54.327+0000] GC(790) Concurrent Mark Cycle 502.177ms
[2025-08-01T01:07:54.331+0000] GC(794) Pause Young (Mixed) (G1 Evacuation Pause)
[2025-08-01T01:07:54.331+0000] GC(794) Using 8 workers of 8 for evacuation
[2025-08-01T01:07:54.362+0000] GC(794)   Pre Evacuate Collection Set: 0.5ms
[2025-08-01T01:07:54.362+0000] GC(794)   Merge Heap Roots: 0.3ms
[2025-08-01T01:07:54.363+0000] GC(794)   Evacuate Collection Set: 29.7ms
[2025-08-01T01:07:54.363+0000] GC(794)   Post Evacuate Collection Set: 0.9ms
[2025-08-01T01:07:54.363+0000] GC(794)   Other: 0.2ms
[2025-08-01T01:07:54.363+0000] GC(794) Eden regions: 57->0(282)
[2025-08-01T01:07:54.363+0000] GC(794) Survivor regions: 45->13(13)
[2025-08-01T01:07:54.363+0000] GC(794) Old regions: 934->1007
[2025-08-01T01:07:54.363+0000] GC(794) Archive regions: 2->2
[2025-08-01T01:07:54.363+0000] GC(794) Humongous regions: 0->0
[2025-08-01T01:07:54.363+0000] GC(794) Metaspace: 10061K(10304K)->10061K(10304K) NonClass: 8835K(8960K)->8835K(8960K) Class: 1225K(1344K)->1225K(1344K)
[2025-08-01T01:07:54.363+0000] GC(794) Pause Young (Mixed) (G1 Evacuation Pause) 2073M->2041M(4096M) 31.687ms
[2025-08-01T01:07:54.363+0000] GC(794) User=0.24s Sys=0.01s Real=0.03s
[2025-08-01T01:07:54.516+0000] GC(795) Pause Young (Concurrent Start) (G1 Evacuation Pause)
[2025-08-01T01:07:54.516+0000] GC(795) Using 8 workers of 8 for evacuation
[2025-08-01T01:07:54.655+0000] GC(795)   Pre Evacuate Collection Set: 1.0ms
[2025-08-01T01:07:54.655+0000] GC(795)   Merge Heap Roots: 0.5ms
[2025-08-01T01:07:54.655+0000] GC(795)   Evacuate Collection Set: 136.4ms
[2025-08-01T01:07:54.655+0000] GC(795)   Post Evacuate Collection Set: 0.8ms
[2025-08-01T01:07:54.655+0000] GC(795)   Other: 0.3ms
[2025-08-01T01:07:54.655+0000] GC(795) Eden regions: 282->0(169)
[2025-08-01T01:07:54.655+0000] GC(795) Survivor regions: 13->37(37)
[2025-08-01T01:07:54.655+0000] GC(795) Old regions: 1007->1266
[2025-08-01T01:07:54.655+0000] GC(795) Archive regions: 2->2
[2025-08-01T01:07:54.655+0000] GC(795) Humongous regions: 0->0
[2025-08-01T01:07:54.655+0000] GC(795) Metaspace: 10061K(10304K)->10061K(10304K) NonClass: 8835K(8960K)->8835K(8960K) Class: 1225K(1344K)->1225K(1344K)
[2025-08-01T01:07:54.655+0000] GC(795) Pause Young (Concurrent Start) (G1 Evacuation Pause) 2605M->2607M(4096M) 139.114ms
[2025-08-01T01:07:54.656+0000] GC(795) User=1.03s Sys=0.05s Real=0.14s
[2025-08-01T01:07:54.656+0000] GC(796) Concurrent Mark Cycle
[2025-08-01T01:07:54.656+0000] GC(796) Concurrent Clear Claimed Marks
[2025-08-01T01:07:54.656+0000] GC(796) Concurrent Clear Claimed Marks 0.025ms
[2025-08-01T01:07:54.656+0000] GC(796) Concurrent Scan Root Regions
[2025-08-01T01:07:54.727+0000] GC(796) Concurrent Scan Root Regions 71.168ms
[2025-08-01T01:07:54.727+0000] GC(796) Concurrent Mark
[2025-08-01T01:07:54.727+0000] GC(796) Concurrent Mark From Roots
[2025-08-01T01:07:54.727+0000] GC(796) Using 2 workers of 2 for marking
[2025-08-01T01:07:54.742+0000] GC(797) Pause Young (Normal) (G1 Evacuation Pause)
[2025-08-01T01:07:54.742+0000] GC(797) Using 8 workers of 8 for evacuation
[2025-08-01T01:07:54.789+0000] GC(797)   Pre Evacuate Collection Set: 0.4ms
[2025-08-01T01:07:54.789+0000] GC(797)   Merge Heap Roots: 0.2ms
[2025-08-01T01:07:54.789+0000] GC(797)   Evacuate Collection Set: 44.6ms
[2025-08-01T01:07:54.789+0000] GC(797)   Post Evacuate Collection Set: 1.2ms
[2025-08-01T01:07:54.789+0000] GC(797)   Other: 0.2ms
[2025-08-01T01:07:54.789+0000] GC(797) Eden regions: 169->0(137)
[2025-08-01T01:07:54.789+0000] GC(797) Survivor regions: 37->26(26)
[2025-08-01T01:07:54.789+0000] GC(797) Old regions: 1266->1387
[2025-08-01T01:07:54.789+0000] GC(797) Archive regions: 2->2
[2025-08-01T01:07:54.789+0000] GC(797) Humongous regions: 0->0
[2025-08-01T01:07:54.789+0000] GC(797) Metaspace: 10061K(10304K)->10061K(10304K) NonClass: 8835K(8960K)->8835K(8960K) Class: 1225K(1344K)->1225K(1344K)
[2025-08-01T01:07:54.789+0000] GC(797) Pause Young (Normal) (G1 Evacuation Pause) 2945M->2826M(4096M) 46.799ms
[2025-08-01T01:07:54.789+0000] GC(797) User=0.36s Sys=0.00s Real=0.05s
[2025-08-01T01:07:54.819+0000] GC(798) Pause Young (Normal) (G1 Evacuation Pause)
[2025-08-01T01:07:54.819+0000] GC(798) Using 8 workers of 8 for evacuation
[2025-08-01T01:07:54.867+0000] GC(798)   Pre Evacuate Collection Set: 0.6ms
[2025-08-01T01:07:54.867+0000] GC(798)   Merge Heap Roots: 0.1ms
[2025-08-01T01:07:54.867+0000] GC(798)   Evacuate Collection Set: 46.1ms
[2025-08-01T01:07:54.867+0000] GC(798)   Post Evacuate Collection Set: 1.2ms
[2025-08-01T01:07:54.867+0000] GC(798)   Other: 0.2ms
[2025-08-01T01:07:54.867+0000] GC(798) Eden regions: 137->0(90)
[2025-08-01T01:07:54.867+0000] GC(798) Survivor regions: 26->21(21)
[2025-08-01T01:07:54.867+0000] GC(798) Old regions: 1387->1531
[2025-08-01T01:07:54.867+0000] GC(798) Archive regions: 2->2
[2025-08-01T01:07:54.867+0000] GC(798) Humongous regions: 0->0
[2025-08-01T01:07:54.867+0000] GC(798) Metaspace: 10061K(10304K)->10061K(10304K) NonClass: 8835K(8960K)->8835K(8960K) Class: 1225K(1344K)->1225K(1344K)
[2025-08-01T01:07:54.867+0000] GC(798) Pause Young (Normal) (G1 Evacuation Pause) 3100M->3104M(4096M) 48.385ms
[2025-08-01T01:07:54.867+0000] GC(798) User=0.37s Sys=0.00s Real=0.05s
[2025-08-01T01:07:54.913+0000] GC(796) Concurrent Mark From Roots 185.724ms
[2025-08-01T01:07:54.913+0000] GC(796) Concurrent Preclean
[2025-08-01T01:07:54.913+0000] GC(796) Concurrent Preclean 0.405ms
[2025-08-01T01:07:54.913+0000] GC(796) Pause Remark
[2025-08-01T01:07:54.916+0000] GC(796) Pause Remark 3189M->1703M(4096M) 2.882ms
[2025-08-01T01:07:54.916+0000] GC(796) User=0.01s Sys=0.01s Real=0.00s
[2025-08-01T01:07:54.916+0000] GC(796) Concurrent Mark 189.401ms
[2025-08-01T01:07:54.916+0000] GC(796) Concurrent Rebuild Remembered Sets
[2025-08-01T01:07:54.937+0000] GC(799) Pause Young (Normal) (G1 Evacuation Pause)
[2025-08-01T01:07:54.937+0000] GC(799) Using 8 workers of 8 for evacuation
[2025-08-01T01:07:54.967+0000] GC(799)   Pre Evacuate Collection Set: 0.5ms
[2025-08-01T01:07:54.967+0000] GC(799)   Merge Heap Roots: 0.2ms
[2025-08-01T01:07:54.967+0000] GC(799)   Evacuate Collection Set: 28.5ms
[2025-08-01T01:07:54.967+0000] GC(799)   Post Evacuate Collection Set: 1.1ms
[2025-08-01T01:07:54.967+0000] GC(799)   Other: 0.2ms
[2025-08-01T01:07:54.967+0000] GC(799) Eden regions: 90->0(314)
[2025-08-01T01:07:54.967+0000] GC(799) Survivor regions: 21->14(14)
[2025-08-01T01:07:54.967+0000] GC(799) Old regions: 788->874
[2025-08-01T01:07:54.967+0000] GC(799) Archive regions: 2->2
[2025-08-01T01:07:54.967+0000] GC(799) Humongous regions: 0->0
[2025-08-01T01:07:54.967+0000] GC(799) Metaspace: 10061K(10304K)->10061K(10304K) NonClass: 8835K(8960K)->8835K(8960K) Class: 1225K(1344K)->1225K(1344K)
[2025-08-01T01:07:54.967+0000] GC(799) Pause Young (Normal) (G1 Evacuation Pause) 1798M->1776M(4096M) 30.496ms
[2025-08-01T01:07:54.967+0000] GC(799) User=0.19s Sys=0.00s Real=0.03s
[2025-08-01T01:07:55.134+0000] GC(800) Pause Young (Normal) (G1 Evacuation Pause)
[2025-08-01T01:07:55.134+0000] GC(800) Using 8 workers of 8 for evacuation
[2025-08-01T01:07:55.209+0000] GC(800)   Pre Evacuate Collection Set: 0.5ms
[2025-08-01T01:07:55.209+0000] GC(800)   Merge Heap Roots: 0.2ms
[2025-08-01T01:07:55.209+0000] GC(800)   Evacuate Collection Set: 73.1ms
[2025-08-01T01:07:55.209+0000] GC(800)   Post Evacuate Collection Set: 1.0ms
[2025-08-01T01:07:55.209+0000] GC(800)   Other: 0.2ms
[2025-08-01T01:07:55.209+0000] GC(800) Eden regions: 314->0(228)
[2025-08-01T01:07:55.209+0000] GC(800) Survivor regions: 14->41(41)
[2025-08-01T01:07:55.209+0000] GC(800) Old regions: 874->1091
[2025-08-01T01:07:55.209+0000] GC(800) Archive regions: 2->2
[2025-08-01T01:07:55.209+0000] GC(800) Humongous regions: 0->0
[2025-08-01T01:07:55.209+0000] GC(800) Metaspace: 10061K(10304K)->10061K(10304K) NonClass: 8835K(8960K)->8835K(8960K) Class: 1225K(1344K)->1225K(1344K)
[2025-08-01T01:07:55.209+0000] GC(800) Pause Young (Normal) (G1 Evacuation Pause) 2404M->2265M(4096M) 75.212ms
[2025-08-01T01:07:55.209+0000] GC(800) User=0.53s Sys=0.00s Real=0.07s
[2025-08-01T01:07:55.261+0000] GC(796) Concurrent Rebuild Remembered Sets 345.129ms
[2025-08-01T01:07:55.262+0000] GC(796) Pause Cleanup
[2025-08-01T01:07:55.262+0000] GC(796) Pause Cleanup 2627M->2627M(4096M) 0.758ms
[2025-08-01T01:07:55.262+0000] GC(796) User=0.01s Sys=0.00s Real=0.00s
[2025-08-01T01:07:55.263+0000] GC(796) Concurrent Cleanup for Next Mark
[2025-08-01T01:07:55.270+0000] GC(796) Concurrent Cleanup for Next Mark 7.511ms
[2025-08-01T01:07:55.270+0000] GC(796) Concurrent Mark Cycle 614.576ms
[2025-08-01T01:07:55.306+0000] GC(801) Pause Young (Prepare Mixed) (G1 Evacuation Pause)
[2025-08-01T01:07:55.306+0000] GC(801) Using 8 workers of 8 for evacuation
[2025-08-01T01:07:55.392+0000] GC(801)   Pre Evacuate Collection Set: 0.5ms
[2025-08-01T01:07:55.392+0000] GC(801)   Merge Heap Roots: 0.2ms
[2025-08-01T01:07:55.392+0000] GC(801)   Evacuate Collection Set: 84.0ms
[2025-08-01T01:07:55.392+0000] GC(801)   Post Evacuate Collection Set: 1.1ms
[2025-08-01T01:07:55.392+0000] GC(801)   Other: 0.2ms
[2025-08-01T01:07:55.392+0000] GC(801) Eden regions: 228->0(68)
[2025-08-01T01:07:55.392+0000] GC(801) Survivor regions: 41->34(34)
[2025-08-01T01:07:55.392+0000] GC(801) Old regions: 1091->1328
[2025-08-01T01:07:55.392+0000] GC(801) Archive regions: 2->2
[2025-08-01T01:07:55.392+0000] GC(801) Humongous regions: 0->0
[2025-08-01T01:07:55.392+0000] GC(801) Metaspace: 10061K(10304K)->10061K(10304K) NonClass: 8835K(8960K)->8835K(8960K) Class: 1225K(1344K)->1225K(1344K)
[2025-08-01T01:07:55.392+0000] GC(801) Pause Young (Prepare Mixed) (G1 Evacuation Pause) 2721M->2724M(4096M) 86.197ms
[2025-08-01T01:07:55.393+0000] GC(801) User=0.66s Sys=0.00s Real=0.08s
[2025-08-01T01:07:55.407+0000] GC(802) Pause Young (Mixed) (G1 Evacuation Pause)
[2025-08-01T01:07:55.407+0000] GC(802) Using 8 workers of 8 for evacuation
[2025-08-01T01:07:55.440+0000] GC(802)   Pre Evacuate Collection Set: 0.5ms
[2025-08-01T01:07:55.440+0000] GC(802)   Merge Heap Roots: 0.2ms
[2025-08-01T01:07:55.440+0000] GC(802)   Evacuate Collection Set: 32.2ms
[2025-08-01T01:07:55.440+0000] GC(802)   Post Evacuate Collection Set: 0.7ms
[2025-08-01T01:07:55.441+0000] GC(802)   Other: 0.2ms
[2025-08-01T01:07:55.441+0000] GC(802) Eden regions: 68->0(129)
[2025-08-01T01:07:55.441+0000] GC(802) Survivor regions: 34->13(13)
[2025-08-01T01:07:55.441+0000] GC(802) Old regions: 1328->1413
[2025-08-01T01:07:55.441+0000] GC(802) Archive regions: 2->2
[2025-08-01T01:07:55.441+0000] GC(802) Humongous regions: 0->0
[2025-08-01T01:07:55.441+0000] GC(802) Metaspace: 10061K(10304K)->10061K(10304K) NonClass: 8835K(8960K)->8835K(8960K) Class: 1225K(1344K)->1225K(1344K)
[2025-08-01T01:07:55.441+0000] GC(802) Pause Young (Mixed) (G1 Evacuation Pause) 2860M->2853M(4096M) 34.068ms
[2025-08-01T01:07:55.441+0000] GC(802) User=0.25s Sys=0.01s Real=0.03s
[2025-08-01T01:07:55.514+0000] GC(803) Pause Young (Concurrent Start) (G1 Evacuation Pause)
[2025-08-01T01:07:55.514+0000] GC(803) Using 8 workers of 8 for evacuation
[2025-08-01T01:07:55.556+0000] GC(803)   Pre Evacuate Collection Set: 0.4ms
[2025-08-01T01:07:55.556+0000] GC(803)   Merge Heap Roots: 0.4ms
[2025-08-01T01:07:55.556+0000] GC(803)   Evacuate Collection Set: 40.4ms
[2025-08-01T01:07:55.556+0000] GC(803)   Post Evacuate Collection Set: 0.6ms
[2025-08-01T01:07:55.556+0000] GC(803)   Other: 0.3ms
[2025-08-01T01:07:55.556+0000] GC(803) Eden regions: 129->0(95)
[2025-08-01T01:07:55.556+0000] GC(803) Survivor regions: 13->18(18)
[2025-08-01T01:07:55.556+0000] GC(803) Old regions: 1413->1519
[2025-08-01T01:07:55.556+0000] GC(803) Archive regions: 2->2
[2025-08-01T01:07:55.556+0000] GC(803) Humongous regions: 0->0
[2025-08-01T01:07:55.556+0000] GC(803) Metaspace: 10061K(10304K)->10061K(10304K) NonClass: 8835K(8960K)->8835K(8960K) Class: 1225K(1344K)->1225K(1344K)
[2025-08-01T01:07:55.556+0000] GC(803) Pause Young (Concurrent Start) (G1 Evacuation Pause) 3111M->3074M(4096M) 42.285ms
[2025-08-01T01:07:55.557+0000] GC(803) User=0.32s Sys=0.00s Real=0.04s
[2025-08-01T01:07:55.557+0000] GC(804) Concurrent Mark Cycle
[2025-08-01T01:07:55.557+0000] GC(804) Concurrent Clear Claimed Marks
[2025-08-01T01:07:55.557+0000] GC(804) Concurrent Clear Claimed Marks 0.018ms
[2025-08-01T01:07:55.557+0000] GC(804) Concurrent Scan Root Regions
[2025-08-01T01:07:55.586+0000] GC(804) Concurrent Scan Root Regions 29.485ms
[2025-08-01T01:07:55.586+0000] GC(804) Concurrent Mark
[2025-08-01T01:07:55.586+0000] GC(804) Concurrent Mark From Roots
[2025-08-01T01:07:55.586+0000] GC(804) Using 2 workers of 2 for marking
[2025-08-01T01:07:55.586+0000] GC(805) Pause Young (Normal) (G1 Evacuation Pause)
[2025-08-01T01:07:55.586+0000] GC(805) Using 8 workers of 8 for evacuation
[2025-08-01T01:07:55.620+0000] GC(805)   Pre Evacuate Collection Set: 9.2ms
[2025-08-01T01:07:55.620+0000] GC(805)   Merge Heap Roots: 0.1ms
[2025-08-01T01:07:55.620+0000] GC(805)   Evacuate Collection Set: 31.5ms
[2025-08-01T01:07:55.620+0000] GC(805)   Post Evacuate Collection Set: 1.0ms
[2025-08-01T01:07:55.620+0000] GC(805)   Other: 0.1ms
[2025-08-01T01:07:55.620+0000] GC(805) Eden regions: 95->0(87)
[2025-08-01T01:07:55.620+0000] GC(805) Survivor regions: 18->15(15)
[2025-08-01T01:07:55.620+0000] GC(805) Old regions: 1519->1618
[2025-08-01T01:07:55.620+0000] GC(805) Archive regions: 2->2
[2025-08-01T01:07:55.620+0000] GC(805) Humongous regions: 0->0
[2025-08-01T01:07:55.620+0000] GC(805) Metaspace: 10061K(10304K)->10061K(10304K) NonClass: 8835K(8960K)->8835K(8960K) Class: 1225K(1344K)->1225K(1344K)
[2025-08-01T01:07:55.620+0000] GC(805) Pause Young (Normal) (G1 Evacuation Pause) 3264M->3267M(4096M) 33.511ms
[2025-08-01T01:07:55.620+0000] GC(805) User=0.25s Sys=0.00s Real=0.03s
[2025-08-01T01:07:55.691+0000] GC(806) Pause Young (Normal) (G1 Evacuation Pause)
[2025-08-01T01:07:55.691+0000] GC(806) Using 8 workers of 8 for evacuation
[2025-08-01T01:07:55.735+0000] GC(806)   Pre Evacuate Collection Set: 0.6ms
[2025-08-01T01:07:55.735+0000] GC(806)   Merge Heap Roots: 0.2ms
[2025-08-01T01:07:55.735+0000] GC(806)   Evacuate Collection Set: 43.0ms
[2025-08-01T01:07:55.735+0000] GC(806)   Post Evacuate Collection Set: 0.6ms
[2025-08-01T01:07:55.735+0000] GC(806)   Other: 0.3ms
[2025-08-01T01:07:55.735+0000] GC(806) Eden regions: 87->0(89)
[2025-08-01T01:07:55.735+0000] GC(806) Survivor regions: 15->13(13)
[2025-08-01T01:07:55.735+0000] GC(806) Old regions: 1618->1706
[2025-08-01T01:07:55.735+0000] GC(806) Archive regions: 2->2
[2025-08-01T01:07:55.735+0000] GC(806) Humongous regions: 0->0
[2025-08-01T01:07:55.735+0000] GC(806) Metaspace: 10061K(10304K)->10061K(10304K) NonClass: 8835K(8960K)->8835K(8960K) Class: 1225K(1344K)->1225K(1344K)
[2025-08-01T01:07:55.735+0000] GC(806) Pause Young (Normal) (G1 Evacuation Pause) 3441M->3438M(4096M) 44.783ms
[2025-08-01T01:07:55.736+0000] GC(806) User=0.33s Sys=0.02s Real=0.05s
[2025-08-01T01:07:55.754+0000] GC(807) Pause Young (Normal) (G1 Evacuation Pause)
[2025-08-01T01:07:55.754+0000] GC(807) Using 8 workers of 8 for evacuation
[2025-08-01T01:07:55.786+0000] GC(807)   Pre Evacuate Collection Set: 0.8ms
[2025-08-01T01:07:55.786+0000] GC(807)   Merge Heap Roots: 0.2ms
[2025-08-01T01:07:55.786+0000] GC(807)   Evacuate Collection Set: 30.1ms
[2025-08-01T01:07:55.786+0000] GC(807)   Post Evacuate Collection Set: 0.5ms
[2025-08-01T01:07:55.786+0000] GC(807)   Other: 0.2ms
[2025-08-01T01:07:55.786+0000] GC(807) Eden regions: 89->0(89)
[2025-08-01T01:07:55.786+0000] GC(807) Survivor regions: 13->13(13)
[2025-08-01T01:07:55.786+0000] GC(807) Old regions: 1706->1797
[2025-08-01T01:07:55.786+0000] GC(807) Archive regions: 2->2
[2025-08-01T01:07:55.786+0000] GC(807) Humongous regions: 0->0
[2025-08-01T01:07:55.786+0000] GC(807) Metaspace: 10061K(10304K)->10061K(10304K) NonClass: 8835K(8960K)->8835K(8960K) Class: 1225K(1344K)->1225K(1344K)
[2025-08-01T01:07:55.786+0000] GC(807) Pause Young (Normal) (G1 Evacuation Pause) 3616M->3620M(4096M) 31.919ms
[2025-08-01T01:07:55.786+0000] GC(807) User=0.24s Sys=0.00s Real=0.03s
[2025-08-01T01:07:55.858+0000] GC(808) Pause Young (Normal) (G1 Evacuation Pause)
[2025-08-01T01:07:55.859+0000] GC(808) Using 8 workers of 8 for evacuation
[2025-08-01T01:07:55.887+0000] GC(808)   Pre Evacuate Collection Set: 0.7ms
[2025-08-01T01:07:55.887+0000] GC(808)   Merge Heap Roots: 0.3ms
[2025-08-01T01:07:55.887+0000] GC(808)   Evacuate Collection Set: 26.6ms
[2025-08-01T01:07:55.887+0000] GC(808)   Post Evacuate Collection Set: 0.9ms
[2025-08-01T01:07:55.887+0000] GC(808)   Other: 0.2ms
[2025-08-01T01:07:55.887+0000] GC(808) Eden regions: 89->0(89)
[2025-08-01T01:07:55.887+0000] GC(808) Survivor regions: 13->13(13)
[2025-08-01T01:07:55.887+0000] GC(808) Old regions: 1797->1869
[2025-08-01T01:07:55.887+0000] GC(808) Archive regions: 2->2
[2025-08-01T01:07:55.887+0000] GC(808) Humongous regions: 0->0
[2025-08-01T01:07:55.887+0000] GC(808) Metaspace: 10061K(10304K)->10061K(10304K) NonClass: 8835K(8960K)->8835K(8960K) Class: 1225K(1344K)->1225K(1344K)
[2025-08-01T01:07:55.887+0000] GC(808) Pause Young (Normal) (G1 Evacuation Pause) 3798M->3764M(4096M) 28.839ms
[2025-08-01T01:07:55.887+0000] GC(808) User=0.22s Sys=0.00s Real=0.03s
[2025-08-01T01:07:55.894+0000] GC(804) Concurrent Mark From Roots 307.518ms
[2025-08-01T01:07:55.894+0000] GC(804) Concurrent Preclean
[2025-08-01T01:07:55.894+0000] GC(804) Concurrent Preclean 0.482ms
[2025-08-01T01:07:55.895+0000] GC(804) Pause Remark
[2025-08-01T01:07:55.898+0000] GC(804) Pause Remark 3820M->2140M(4096M) 2.517ms
[2025-08-01T01:07:55.898+0000] GC(804) User=0.01s Sys=0.00s Real=0.00s
[2025-08-01T01:07:55.898+0000] GC(804) Concurrent Mark 311.725ms
[2025-08-01T01:07:55.898+0000] GC(804) Concurrent Rebuild Remembered Sets
[2025-08-01T01:07:55.912+0000] GC(809) Pause Young (Normal) (G1 Evacuation Pause)
[2025-08-01T01:07:55.912+0000] GC(809) Using 8 workers of 8 for evacuation
[2025-08-01T01:07:55.945+0000] GC(809)   Pre Evacuate Collection Set: 0.4ms
[2025-08-01T01:07:55.945+0000] GC(809)   Merge Heap Roots: 0.2ms
[2025-08-01T01:07:55.945+0000] GC(809)   Evacuate Collection Set: 31.3ms
[2025-08-01T01:07:55.945+0000] GC(809)   Post Evacuate Collection Set: 0.8ms
[2025-08-01T01:07:55.945+0000] GC(809)   Other: 0.3ms
[2025-08-01T01:07:55.945+0000] GC(809) Eden regions: 89->0(222)
[2025-08-01T01:07:55.945+0000] GC(809) Survivor regions: 13->13(13)
[2025-08-01T01:07:55.945+0000] GC(809) Old regions: 1029->1120
[2025-08-01T01:07:55.945+0000] GC(809) Archive regions: 2->2
[2025-08-01T01:07:55.945+0000] GC(809) Humongous regions: 0->0
[2025-08-01T01:07:55.945+0000] GC(809) Metaspace: 10061K(10304K)->10061K(10304K) NonClass: 8835K(8960K)->8835K(8960K) Class: 1225K(1344K)->1225K(1344K)
[2025-08-01T01:07:55.945+0000] GC(809) Pause Young (Normal) (G1 Evacuation Pause) 2262M->2266M(4096M) 33.195ms
[2025-08-01T01:07:55.945+0000] GC(809) User=0.23s Sys=0.00s Real=0.04s
[2025-08-01T01:07:56.090+0000] GC(810) Pause Young (Normal) (G1 Evacuation Pause)
[2025-08-01T01:07:56.090+0000] GC(810) Using 8 workers of 8 for evacuation
[2025-08-01T01:07:56.162+0000] GC(810)   Pre Evacuate Collection Set: 0.4ms
[2025-08-01T01:07:56.162+0000] GC(810)   Merge Heap Roots: 0.1ms
[2025-08-01T01:07:56.162+0000] GC(810)   Evacuate Collection Set: 71.1ms
[2025-08-01T01:07:56.162+0000] GC(810)   Post Evacuate Collection Set: 1.0ms
[2025-08-01T01:07:56.163+0000] GC(810)   Other: 0.2ms
[2025-08-01T01:07:56.163+0000] GC(810) Eden regions: 222->0(151)
[2025-08-01T01:07:56.163+0000] GC(810) Survivor regions: 13->30(30)
[2025-08-01T01:07:56.163+0000] GC(810) Old regions: 1120->1325
[2025-08-01T01:07:56.163+0000] GC(810) Archive regions: 2->2
[2025-08-01T01:07:56.163+0000] GC(810) Humongous regions: 0->0
[2025-08-01T01:07:56.163+0000] GC(810) Metaspace: 10061K(10304K)->10061K(10304K) NonClass: 8835K(8960K)->8835K(8960K) Class: 1225K(1344K)->1225K(1344K)
[2025-08-01T01:07:56.163+0000] GC(810) Pause Young (Normal) (G1 Evacuation Pause) 2710M->2711M(4096M) 72.979ms
[2025-08-01T01:07:56.163+0000] GC(810) User=0.56s Sys=0.01s Real=0.07s
[2025-08-01T01:07:56.194+0000] GC(811) Pause Young (Normal) (G1 Evacuation Pause)
[2025-08-01T01:07:56.194+0000] GC(811) Using 8 workers of 8 for evacuation
[2025-08-01T01:07:56.248+0000] GC(811)   Pre Evacuate Collection Set: 0.7ms
[2025-08-01T01:07:56.248+0000] GC(811)   Merge Heap Roots: 0.2ms
[2025-08-01T01:07:56.248+0000] GC(811)   Evacuate Collection Set: 52.2ms
[2025-08-01T01:07:56.248+0000] GC(811)   Post Evacuate Collection Set: 1.0ms
[2025-08-01T01:07:56.248+0000] GC(811)   Other: 0.2ms
[2025-08-01T01:07:56.248+0000] GC(811) Eden regions: 151->0(103)
[2025-08-01T01:07:56.248+0000] GC(811) Survivor regions: 30->23(23)
[2025-08-01T01:07:56.248+0000] GC(811) Old regions: 1325->1485
[2025-08-01T01:07:56.248+0000] GC(811) Archive regions: 2->2
[2025-08-01T01:07:56.248+0000] GC(811) Humongous regions: 0->0
[2025-08-01T01:07:56.248+0000] GC(811) Metaspace: 10061K(10304K)->10061K(10304K) NonClass: 8835K(8960K)->8835K(8960K) Class: 1225K(1344K)->1225K(1344K)
[2025-08-01T01:07:56.248+0000] GC(811) Pause Young (Normal) (G1 Evacuation Pause) 3013M->3016M(4096M) 54.415ms
[2025-08-01T01:07:56.248+0000] GC(811) User=0.41s Sys=0.00s Real=0.05s
[2025-08-01T01:07:56.312+0000] GC(812) Pause Young (Normal) (G1 Evacuation Pause)
[2025-08-01T01:07:56.312+0000] GC(812) Using 8 workers of 8 for evacuation
[2025-08-01T01:07:56.352+0000] GC(812)   Pre Evacuate Collection Set: 0.4ms
[2025-08-01T01:07:56.352+0000] GC(812)   Merge Heap Roots: 0.3ms
[2025-08-01T01:07:56.352+0000] GC(812)   Evacuate Collection Set: 38.5ms
[2025-08-01T01:07:56.352+0000] GC(812)   Post Evacuate Collection Set: 0.7ms
[2025-08-01T01:07:56.352+0000] GC(812)   Other: 0.2ms
[2025-08-01T01:07:56.352+0000] GC(812) Eden regions: 103->0(86)
[2025-08-01T01:07:56.352+0000] GC(812) Survivor regions: 23->16(16)
[2025-08-01T01:07:56.352+0000] GC(812) Old regions: 1485->1589
[2025-08-01T01:07:56.352+0000] GC(812) Archive regions: 2->2
[2025-08-01T01:07:56.352+0000] GC(812) Humongous regions: 0->0
[2025-08-01T01:07:56.352+0000] GC(812) Metaspace: 10061K(10304K)->10061K(10304K) NonClass: 8835K(8960K)->8835K(8960K) Class: 1225K(1344K)->1225K(1344K)
[2025-08-01T01:07:56.352+0000] GC(812) Pause Young (Normal) (G1 Evacuation Pause) 3222M->3211M(4096M) 40.237ms
[2025-08-01T01:07:56.352+0000] GC(812) User=0.30s Sys=0.00s Real=0.04s
[2025-08-01T01:07:56.362+0000] GC(804) Concurrent Rebuild Remembered Sets 464.033ms
[2025-08-01T01:07:56.362+0000] GC(804) Pause Cleanup
[2025-08-01T01:07:56.364+0000] GC(804) Pause Cleanup 3319M->3319M(4096M) 1.145ms
[2025-08-01T01:07:56.364+0000] GC(804) User=0.00s Sys=0.00s Real=0.01s
[2025-08-01T01:07:56.364+0000] GC(804) Concurrent Cleanup for Next Mark
[2025-08-01T01:07:56.372+0000] GC(813) Pause Young (Prepare Mixed) (G1 Evacuation Pause)
[2025-08-01T01:07:56.372+0000] GC(813) Using 8 workers of 8 for evacuation
[2025-08-01T01:07:56.406+0000] GC(813)   Pre Evacuate Collection Set: 0.3ms
[2025-08-01T01:07:56.406+0000] GC(813)   Merge Heap Roots: 0.2ms
[2025-08-01T01:07:56.406+0000] GC(813)   Evacuate Collection Set: 33.1ms
[2025-08-01T01:07:56.406+0000] GC(813)   Post Evacuate Collection Set: 0.9ms
[2025-08-01T01:07:56.406+0000] GC(813)   Other: 0.2ms
[2025-08-01T01:07:56.407+0000] GC(813) Eden regions: 86->0(89)
[2025-08-01T01:07:56.407+0000] GC(813) Survivor regions: 16->13(13)
[2025-08-01T01:07:56.407+0000] GC(813) Old regions: 1589->1680
[2025-08-01T01:07:56.407+0000] GC(813) Archive regions: 2->2
[2025-08-01T01:07:56.407+0000] GC(813) Humongous regions: 0->0
[2025-08-01T01:07:56.407+0000] GC(813) Metaspace: 10061K(10304K)->10061K(10304K) NonClass: 8835K(8960K)->8835K(8960K) Class: 1225K(1344K)->1225K(1344K)
[2025-08-01T01:07:56.407+0000] GC(813) Pause Young (Prepare Mixed) (G1 Evacuation Pause) 3383M->3386M(4096M) 34.731ms
[2025-08-01T01:07:56.407+0000] GC(813) User=0.26s Sys=0.00s Real=0.04s
[2025-08-01T01:07:56.415+0000] GC(804) Concurrent Cleanup for Next Mark 50.785ms
[2025-08-01T01:07:56.415+0000] GC(804) Concurrent Mark Cycle 858.045ms
[2025-08-01T01:07:56.477+0000] GC(814) Pause Young (Mixed) (G1 Evacuation Pause)
[2025-08-01T01:07:56.477+0000] GC(814) Using 8 workers of 8 for evacuation
[2025-08-01T01:07:56.515+0000] GC(814)   Pre Evacuate Collection Set: 0.7ms
[2025-08-01T01:07:56.515+0000] GC(814)   Merge Heap Roots: 0.2ms
[2025-08-01T01:07:56.515+0000] GC(814)   Evacuate Collection Set: 35.2ms
[2025-08-01T01:07:56.515+0000] GC(814)   Post Evacuate Collection Set: 1.3ms
[2025-08-01T01:07:56.515+0000] GC(814)   Other: 0.2ms
[2025-08-01T01:07:56.515+0000] GC(814) Eden regions: 89->0(89)
[2025-08-01T01:07:56.515+0000] GC(814) Survivor regions: 13->13(13)
[2025-08-01T01:07:56.515+0000] GC(814) Old regions: 1680->1648
[2025-08-01T01:07:56.515+0000] GC(814) Archive regions: 2->2
[2025-08-01T01:07:56.515+0000] GC(814) Humongous regions: 0->0
[2025-08-01T01:07:56.515+0000] GC(814) Metaspace: 10061K(10304K)->10061K(10304K) NonClass: 8835K(8960K)->8835K(8960K) Class: 1225K(1344K)->1225K(1344K)
[2025-08-01T01:07:56.515+0000] GC(814) Pause Young (Mixed) (G1 Evacuation Pause) 3564M->3322M(4096M) 37.816ms
[2025-08-01T01:07:56.515+0000] GC(814) User=0.25s Sys=0.02s Real=0.04s
[2025-08-01T01:07:56.539+0000] GC(815) Pause Young (Concurrent Start) (G1 Evacuation Pause)
[2025-08-01T01:07:56.539+0000] GC(815) Using 8 workers of 8 for evacuation
[2025-08-01T01:07:56.585+0000] GC(815)   Pre Evacuate Collection Set: 0.9ms
[2025-08-01T01:07:56.585+0000] GC(815)   Merge Heap Roots: 0.2ms
[2025-08-01T01:07:56.585+0000] GC(815)   Evacuate Collection Set: 41.9ms
[2025-08-01T01:07:56.585+0000] GC(815)   Post Evacuate Collection Set: 2.4ms
[2025-08-01T01:07:56.585+0000] GC(815)   Other: 0.4ms
[2025-08-01T01:07:56.585+0000] GC(815) Eden regions: 89->0(89)
[2025-08-01T01:07:56.585+0000] GC(815) Survivor regions: 13->13(13)
[2025-08-01T01:07:56.585+0000] GC(815) Old regions: 1648->1739
[2025-08-01T01:07:56.585+0000] GC(815) Archive regions: 2->2
[2025-08-01T01:07:56.585+0000] GC(815) Humongous regions: 0->0
[2025-08-01T01:07:56.585+0000] GC(815) Metaspace: 10061K(10304K)->10061K(10304K) NonClass: 8835K(8960K)->8835K(8960K) Class: 1225K(1344K)->1225K(1344K)
[2025-08-01T01:07:56.585+0000] GC(815) Pause Young (Concurrent Start) (G1 Evacuation Pause) 3500M->3505M(4096M) 46.045ms
[2025-08-01T01:07:56.585+0000] GC(815) User=0.33s Sys=0.00s Real=0.05s
[2025-08-01T01:07:56.585+0000] GC(816) Concurrent Mark Cycle
[2025-08-01T01:07:56.585+0000] GC(816) Concurrent Clear Claimed Marks
[2025-08-01T01:07:56.585+0000] GC(816) Concurrent Clear Claimed Marks 0.020ms
[2025-08-01T01:07:56.585+0000] GC(816) Concurrent Scan Root Regions
[2025-08-01T01:07:56.610+0000] GC(816) Concurrent Scan Root Regions 25.005ms
[2025-08-01T01:07:56.610+0000] GC(816) Concurrent Mark
[2025-08-01T01:07:56.611+0000] GC(816) Concurrent Mark From Roots
[2025-08-01T01:07:56.611+0000] GC(816) Using 2 workers of 2 for marking
[2025-08-01T01:07:56.653+0000] GC(817) Pause Young (Normal) (G1 Evacuation Pause)
[2025-08-01T01:07:56.653+0000] GC(817) Using 8 workers of 8 for evacuation
[2025-08-01T01:07:56.681+0000] GC(817)   Pre Evacuate Collection Set: 0.3ms
[2025-08-01T01:07:56.681+0000] GC(817)   Merge Heap Roots: 0.2ms
[2025-08-01T01:07:56.681+0000] GC(817)   Evacuate Collection Set: 26.2ms
[2025-08-01T01:07:56.681+0000] GC(817)   Post Evacuate Collection Set: 1.1ms
[2025-08-01T01:07:56.681+0000] GC(817)   Other: 0.2ms
[2025-08-01T01:07:56.681+0000] GC(817) Eden regions: 89->0(89)
[2025-08-01T01:07:56.681+0000] GC(817) Survivor regions: 13->13(13)
[2025-08-01T01:07:56.681+0000] GC(817) Old regions: 1739->1814
[2025-08-01T01:07:56.681+0000] GC(817) Archive regions: 2->2
[2025-08-01T01:07:56.681+0000] GC(817) Humongous regions: 0->0
[2025-08-01T01:07:56.681+0000] GC(817) Metaspace: 10061K(10304K)->10061K(10304K) NonClass: 8835K(8960K)->8835K(8960K) Class: 1225K(1344K)->1225K(1344K)
[2025-08-01T01:07:56.681+0000] GC(817) Pause Young (Normal) (G1 Evacuation Pause) 3683M->3655M(4096M) 28.097ms
[2025-08-01T01:07:56.681+0000] GC(817) User=0.19s Sys=0.00s Real=0.02s
[2025-08-01T01:07:56.700+0000] GC(818) Pause Young (Normal) (G1 Evacuation Pause)
[2025-08-01T01:07:56.700+0000] GC(818) Using 8 workers of 8 for evacuation
[2025-08-01T01:07:56.731+0000] GC(818)   Pre Evacuate Collection Set: 0.4ms
[2025-08-01T01:07:56.731+0000] GC(818)   Merge Heap Roots: 0.2ms
[2025-08-01T01:07:56.731+0000] GC(818)   Evacuate Collection Set: 29.7ms
[2025-08-01T01:07:56.731+0000] GC(818)   Post Evacuate Collection Set: 0.8ms
[2025-08-01T01:07:56.731+0000] GC(818)   Other: 0.2ms
[2025-08-01T01:07:56.731+0000] GC(818) Eden regions: 89->0(89)
[2025-08-01T01:07:56.731+0000] GC(818) Survivor regions: 13->13(13)
[2025-08-01T01:07:56.731+0000] GC(818) Old regions: 1814->1906
[2025-08-01T01:07:56.731+0000] GC(818) Archive regions: 2->2
[2025-08-01T01:07:56.731+0000] GC(818) Humongous regions: 0->0
[2025-08-01T01:07:56.731+0000] GC(818) Metaspace: 10061K(10304K)->10061K(10304K) NonClass: 8835K(8960K)->8835K(8960K) Class: 1225K(1344K)->1225K(1344K)
[2025-08-01T01:07:56.731+0000] GC(818) Pause Young (Normal) (G1 Evacuation Pause) 3833M->3838M(4096M) 31.512ms
[2025-08-01T01:07:56.731+0000] GC(818) User=0.22s Sys=0.00s Real=0.03s
[2025-08-01T01:07:56.742+0000] GC(819) Pause Young (Normal) (G1 Preventive Collection)
[2025-08-01T01:07:56.742+0000] GC(819) Using 8 workers of 8 for evacuation
[2025-08-01T01:07:56.762+0000] GC(819)   Pre Evacuate Collection Set: 0.3ms
[2025-08-01T01:07:56.762+0000] GC(819)   Merge Heap Roots: 0.2ms
[2025-08-01T01:07:56.762+0000] GC(819)   Evacuate Collection Set: 19.0ms
[2025-08-01T01:07:56.762+0000] GC(819)   Post Evacuate Collection Set: 0.7ms
[2025-08-01T01:07:56.762+0000] GC(819)   Other: 0.2ms
[2025-08-01T01:07:56.762+0000] GC(819) Eden regions: 53->0(89)
[2025-08-01T01:07:56.762+0000] GC(819) Survivor regions: 13->13(13)
[2025-08-01T01:07:56.762+0000] GC(819) Old regions: 1906->1960
[2025-08-01T01:07:56.762+0000] GC(819) Archive regions: 2->2
[2025-08-01T01:07:56.762+0000] GC(819) Humongous regions: 0->0
[2025-08-01T01:07:56.762+0000] GC(819) Metaspace: 10061K(10304K)->10061K(10304K) NonClass: 8835K(8960K)->8835K(8960K) Class: 1225K(1344K)->1225K(1344K)
[2025-08-01T01:07:56.762+0000] GC(819) Pause Young (Normal) (G1 Preventive Collection) 3944M->3946M(4096M) 20.557ms
[2025-08-01T01:07:56.762+0000] GC(819) User=0.15s Sys=0.01s Real=0.02s
[2025-08-01T01:07:56.793+0000] GC(820) Pause Young (Normal) (G1 Preventive Collection)
[2025-08-01T01:07:56.793+0000] GC(820) Using 8 workers of 8 for evacuation
[2025-08-01T01:07:56.807+0000] GC(820)   Pre Evacuate Collection Set: 0.8ms
[2025-08-01T01:07:56.807+0000] GC(820)   Merge Heap Roots: 0.1ms
[2025-08-01T01:07:56.807+0000] GC(820)   Evacuate Collection Set: 12.0ms
[2025-08-01T01:07:56.807+0000] GC(820)   Post Evacuate Collection Set: 0.7ms
[2025-08-01T01:07:56.807+0000] GC(820)   Other: 0.2ms
[2025-08-01T01:07:56.807+0000] GC(820) Eden regions: 27->0(89)
[2025-08-01T01:07:56.807+0000] GC(820) Survivor regions: 13->13(13)
[2025-08-01T01:07:56.807+0000] GC(820) Old regions: 1960->1988
[2025-08-01T01:07:56.807+0000] GC(820) Archive regions: 2->2
[2025-08-01T01:07:56.807+0000] GC(820) Humongous regions: 0->0
[2025-08-01T01:07:56.807+0000] GC(820) Metaspace: 10061K(10304K)->10061K(10304K) NonClass: 8835K(8960K)->8835K(8960K) Class: 1225K(1344K)->1225K(1344K)
[2025-08-01T01:07:56.807+0000] GC(820) Pause Young (Normal) (G1 Preventive Collection) 4000M->4003M(4096M) 13.931ms
[2025-08-01T01:07:56.807+0000] GC(820) User=0.10s Sys=0.00s Real=0.01s
[2025-08-01T01:07:56.811+0000] GC(816) Concurrent Mark From Roots 200.629ms
[2025-08-01T01:07:56.811+0000] GC(816) Concurrent Preclean
[2025-08-01T01:07:56.812+0000] GC(816) Concurrent Preclean 0.425ms
[2025-08-01T01:07:56.812+0000] GC(816) Pause Remark
[2025-08-01T01:07:56.815+0000] GC(816) Pause Remark 4022M->1598M(4096M) 3.362ms
[2025-08-01T01:07:56.815+0000] GC(816) User=0.01s Sys=0.00s Real=0.01s
[2025-08-01T01:07:56.816+0000] GC(816) Concurrent Mark 205.061ms
[2025-08-01T01:07:56.816+0000] GC(816) Concurrent Rebuild Remembered Sets
[2025-08-01T01:07:56.832+0000] GC(821) Pause Young (Normal) (G1 Evacuation Pause)
[2025-08-01T01:07:56.832+0000] GC(821) Using 8 workers of 8 for evacuation
[2025-08-01T01:07:56.863+0000] GC(821)   Pre Evacuate Collection Set: 0.4ms
[2025-08-01T01:07:56.863+0000] GC(821)   Merge Heap Roots: 0.1ms
[2025-08-01T01:07:56.863+0000] GC(821)   Evacuate Collection Set: 29.9ms
[2025-08-01T01:07:56.863+0000] GC(821)   Post Evacuate Collection Set: 0.9ms
[2025-08-01T01:07:56.863+0000] GC(821)   Other: 0.2ms
[2025-08-01T01:07:56.863+0000] GC(821) Eden regions: 89->0(299)
[2025-08-01T01:07:56.863+0000] GC(821) Survivor regions: 13->13(13)
[2025-08-01T01:07:56.863+0000] GC(821) Old regions: 776->867
[2025-08-01T01:07:56.863+0000] GC(821) Archive regions: 2->2
[2025-08-01T01:07:56.863+0000] GC(821) Humongous regions: 0->0
[2025-08-01T01:07:56.863+0000] GC(821) Metaspace: 10061K(10304K)->10061K(10304K) NonClass: 8835K(8960K)->8835K(8960K) Class: 1225K(1344K)->1225K(1344K)
[2025-08-01T01:07:56.863+0000] GC(821) Pause Young (Normal) (G1 Evacuation Pause) 1757M->1761M(4096M) 31.662ms
[2025-08-01T01:07:56.863+0000] GC(821) User=0.24s Sys=0.00s Real=0.04s
[2025-08-01T01:07:56.975+0000] GC(822) Pause Young (Normal) (G1 Evacuation Pause)
[2025-08-01T01:07:56.975+0000] GC(822) Using 8 workers of 8 for evacuation
[2025-08-01T01:07:57.048+0000] GC(822)   Pre Evacuate Collection Set: 0.4ms
[2025-08-01T01:07:57.048+0000] GC(822)   Merge Heap Roots: 0.2ms
[2025-08-01T01:07:57.048+0000] GC(822)   Evacuate Collection Set: 70.8ms
[2025-08-01T01:07:57.048+0000] GC(822)   Post Evacuate Collection Set: 1.1ms
[2025-08-01T01:07:57.048+0000] GC(822)   Other: 0.2ms
[2025-08-01T01:07:57.048+0000] GC(822) Eden regions: 299->0(233)
[2025-08-01T01:07:57.048+0000] GC(822) Survivor regions: 13->39(39)
[2025-08-01T01:07:57.048+0000] GC(822) Old regions: 867->1068
[2025-08-01T01:07:57.048+0000] GC(822) Archive regions: 2->2
[2025-08-01T01:07:57.048+0000] GC(822) Humongous regions: 0->0
[2025-08-01T01:07:57.048+0000] GC(822) Metaspace: 10061K(10304K)->10061K(10304K) NonClass: 8835K(8960K)->8835K(8960K) Class: 1225K(1344K)->1225K(1344K)
[2025-08-01T01:07:57.048+0000] GC(822) Pause Young (Normal) (G1 Evacuation Pause) 2359M->2214M(4096M) 72.847ms
[2025-08-01T01:07:57.048+0000] GC(822) User=0.55s Sys=0.01s Real=0.07s
[2025-08-01T01:07:57.108+0000] GC(816) Concurrent Rebuild Remembered Sets 292.537ms
[2025-08-01T01:07:57.109+0000] GC(816) Pause Cleanup
[2025-08-01T01:07:57.109+0000] GC(816) Pause Cleanup 2529M->2529M(4096M) 0.889ms
[2025-08-01T01:07:57.109+0000] GC(816) User=0.00s Sys=0.00s Real=0.00s
[2025-08-01T01:07:57.110+0000] GC(816) Concurrent Cleanup for Next Mark
[2025-08-01T01:07:57.118+0000] GC(816) Concurrent Cleanup for Next Mark 8.867ms
[2025-08-01T01:07:57.119+0000] GC(816) Concurrent Mark Cycle 533.117ms
[2025-08-01T01:07:57.139+0000] GC(823) Pause Young (Prepare Mixed) (G1 Evacuation Pause)
[2025-08-01T01:07:57.140+0000] GC(823) Using 8 workers of 8 for evacuation
[2025-08-01T01:07:57.199+0000] GC(823)   Pre Evacuate Collection Set: 1.5ms
[2025-08-01T01:07:57.199+0000] GC(823)   Merge Heap Roots: 0.2ms
[2025-08-01T01:07:57.199+0000] GC(823)   Evacuate Collection Set: 57.1ms
[2025-08-01T01:07:57.199+0000] GC(823)   Post Evacuate Collection Set: 0.9ms
[2025-08-01T01:07:57.199+0000] GC(823)   Other: 0.3ms
[2025-08-01T01:07:57.200+0000] GC(823) Eden regions: 233->0(68)
[2025-08-01T01:07:57.200+0000] GC(823) Survivor regions: 39->34(34)
[2025-08-01T01:07:57.200+0000] GC(823) Old regions: 1068->1231
[2025-08-01T01:07:57.200+0000] GC(823) Archive regions: 2->2
[2025-08-01T01:07:57.200+0000] GC(823) Humongous regions: 0->0
[2025-08-01T01:07:57.200+0000] GC(823) Metaspace: 10061K(10304K)->10061K(10304K) NonClass: 8835K(8960K)->8835K(8960K) Class: 1225K(1344K)->1225K(1344K)
[2025-08-01T01:07:57.200+0000] GC(823) Pause Young (Prepare Mixed) (G1 Evacuation Pause) 2680M->2531M(4096M) 60.168ms
[2025-08-01T01:07:57.200+0000] GC(823) User=0.45s Sys=0.00s Real=0.06s
[2025-08-01T01:07:57.214+0000] GC(824) Pause Young (Mixed) (G1 Evacuation Pause)
[2025-08-01T01:07:57.214+0000] GC(824) Using 8 workers of 8 for evacuation
[2025-08-01T01:07:57.248+0000] GC(824)   Pre Evacuate Collection Set: 0.5ms
[2025-08-01T01:07:57.249+0000] GC(824)   Merge Heap Roots: 0.6ms
[2025-08-01T01:07:57.249+0000] GC(824)   Evacuate Collection Set: 32.3ms
[2025-08-01T01:07:57.249+0000] GC(824)   Post Evacuate Collection Set: 1.0ms
[2025-08-01T01:07:57.249+0000] GC(824)   Other: 0.2ms
[2025-08-01T01:07:57.249+0000] GC(824) Eden regions: 68->0(196)
[2025-08-01T01:07:57.249+0000] GC(824) Survivor regions: 34->13(13)
[2025-08-01T01:07:57.249+0000] GC(824) Old regions: 1231->1211
[2025-08-01T01:07:57.249+0000] GC(824) Archive regions: 2->2
[2025-08-01T01:07:57.249+0000] GC(824) Humongous regions: 0->0
[2025-08-01T01:07:57.249+0000] GC(824) Metaspace: 10061K(10304K)->10061K(10304K) NonClass: 8835K(8960K)->8835K(8960K) Class: 1225K(1344K)->1225K(1344K)
[2025-08-01T01:07:57.249+0000] GC(824) Pause Young (Mixed) (G1 Evacuation Pause) 2667M->2449M(4096M) 34.822ms
[2025-08-01T01:07:57.249+0000] GC(824) User=0.26s Sys=0.00s Real=0.03s
[2025-08-01T01:07:57.335+0000] GC(825) Pause Young (Concurrent Start) (G1 Evacuation Pause)
[2025-08-01T01:07:57.335+0000] GC(825) Using 8 workers of 8 for evacuation
[2025-08-01T01:07:57.397+0000] GC(825)   Pre Evacuate Collection Set: 0.5ms
[2025-08-01T01:07:57.397+0000] GC(825)   Merge Heap Roots: 0.2ms
[2025-08-01T01:07:57.397+0000] GC(825)   Evacuate Collection Set: 60.9ms
[2025-08-01T01:07:57.397+0000] GC(825)   Post Evacuate Collection Set: 1.0ms
[2025-08-01T01:07:57.397+0000] GC(825)   Other: 0.2ms
[2025-08-01T01:07:57.397+0000] GC(825) Eden regions: 196->0(134)
[2025-08-01T01:07:57.397+0000] GC(825) Survivor regions: 13->27(27)
[2025-08-01T01:07:57.397+0000] GC(825) Old regions: 1211->1385
[2025-08-01T01:07:57.397+0000] GC(825) Archive regions: 2->2
[2025-08-01T01:07:57.397+0000] GC(825) Humongous regions: 0->0
[2025-08-01T01:07:57.397+0000] GC(825) Metaspace: 10061K(10304K)->10061K(10304K) NonClass: 8835K(8960K)->8835K(8960K) Class: 1225K(1344K)->1225K(1344K)
[2025-08-01T01:07:57.397+0000] GC(825) Pause Young (Concurrent Start) (G1 Evacuation Pause) 2841M->2824M(4096M) 62.934ms
[2025-08-01T01:07:57.397+0000] GC(825) User=0.48s Sys=0.01s Real=0.06s
[2025-08-01T01:07:57.398+0000] GC(826) Concurrent Mark Cycle
[2025-08-01T01:07:57.398+0000] GC(826) Concurrent Clear Claimed Marks
[2025-08-01T01:07:57.398+0000] GC(826) Concurrent Clear Claimed Marks 0.024ms
[2025-08-01T01:07:57.398+0000] GC(826) Concurrent Scan Root Regions
[2025-08-01T01:07:57.435+0000] GC(826) Concurrent Scan Root Regions 36.875ms
[2025-08-01T01:07:57.435+0000] GC(826) Concurrent Mark
[2025-08-01T01:07:57.435+0000] GC(826) Concurrent Mark From Roots
[2025-08-01T01:07:57.435+0000] GC(826) Using 2 workers of 2 for marking
[2025-08-01T01:07:57.474+0000] GC(827) Pause Young (Normal) (G1 Evacuation Pause)
[2025-08-01T01:07:57.474+0000] GC(827) Using 8 workers of 8 for evacuation
[2025-08-01T01:07:57.524+0000] GC(827)   Pre Evacuate Collection Set: 1.2ms
[2025-08-01T01:07:57.524+0000] GC(827)   Merge Heap Roots: 0.6ms
[2025-08-01T01:07:57.524+0000] GC(827)   Evacuate Collection Set: 47.1ms
[2025-08-01T01:07:57.524+0000] GC(827)   Post Evacuate Collection Set: 1.0ms
[2025-08-01T01:07:57.525+0000] GC(827)   Other: 0.2ms
[2025-08-01T01:07:57.525+0000] GC(827) Eden regions: 134->0(91)
[2025-08-01T01:07:57.525+0000] GC(827) Survivor regions: 27->21(21)
[2025-08-01T01:07:57.525+0000] GC(827) Old regions: 1385->1526
[2025-08-01T01:07:57.525+0000] GC(827) Archive regions: 2->2
[2025-08-01T01:07:57.525+0000] GC(827) Humongous regions: 0->0
[2025-08-01T01:07:57.525+0000] GC(827) Metaspace: 10061K(10304K)->10061K(10304K) NonClass: 8835K(8960K)->8835K(8960K) Class: 1225K(1344K)->1225K(1344K)
[2025-08-01T01:07:57.525+0000] GC(827) Pause Young (Normal) (G1 Evacuation Pause) 3092M->3095M(4096M) 50.344ms
[2025-08-01T01:07:57.525+0000] GC(827) User=0.37s Sys=0.00s Real=0.05s
[2025-08-01T01:07:57.543+0000] GC(828) Pause Young (Normal) (G1 Evacuation Pause)
[2025-08-01T01:07:57.543+0000] GC(828) Using 8 workers of 8 for evacuation
[2025-08-01T01:07:57.576+0000] GC(828)   Pre Evacuate Collection Set: 0.5ms
[2025-08-01T01:07:57.576+0000] GC(828)   Merge Heap Roots: 0.2ms
[2025-08-01T01:07:57.576+0000] GC(828)   Evacuate Collection Set: 31.1ms
[2025-08-01T01:07:57.576+0000] GC(828)   Post Evacuate Collection Set: 0.7ms
[2025-08-01T01:07:57.576+0000] GC(828)   Other: 0.2ms
[2025-08-01T01:07:57.576+0000] GC(828) Eden regions: 91->0(88)
[2025-08-01T01:07:57.576+0000] GC(828) Survivor regions: 21->14(14)
[2025-08-01T01:07:57.576+0000] GC(828) Old regions: 1526->1626
[2025-08-01T01:07:57.576+0000] GC(828) Archive regions: 2->2
[2025-08-01T01:07:57.576+0000] GC(828) Humongous regions: 0->0
[2025-08-01T01:07:57.576+0000] GC(828) Metaspace: 10061K(10304K)->10061K(10304K) NonClass: 8835K(8960K)->8835K(8960K) Class: 1225K(1344K)->1225K(1344K)
[2025-08-01T01:07:57.576+0000] GC(828) Pause Young (Normal) (G1 Evacuation Pause) 3277M->3280M(4096M) 32.866ms
[2025-08-01T01:07:57.576+0000] GC(828) User=0.25s Sys=0.00s Real=0.03s
[2025-08-01T01:07:57.593+0000] GC(826) Concurrent Mark From Roots 157.926ms
[2025-08-01T01:07:57.593+0000] GC(826) Concurrent Preclean
[2025-08-01T01:07:57.593+0000] GC(826) Concurrent Preclean 0.213ms
[2025-08-01T01:07:57.594+0000] GC(826) Pause Remark
[2025-08-01T01:07:57.597+0000] GC(826) Pause Remark 3302M->1390M(4096M) 2.952ms
[2025-08-01T01:07:57.597+0000] GC(826) User=0.01s Sys=0.00s Real=0.00s
[2025-08-01T01:07:57.597+0000] GC(826) Concurrent Mark 162.047ms
[2025-08-01T01:07:57.597+0000] GC(826) Concurrent Rebuild Remembered Sets
[2025-08-01T01:07:57.636+0000] GC(829) Pause Young (Normal) (G1 Evacuation Pause)
[2025-08-01T01:07:57.636+0000] GC(829) Using 8 workers of 8 for evacuation
[2025-08-01T01:07:57.667+0000] GC(829)   Pre Evacuate Collection Set: 0.7ms
[2025-08-01T01:07:57.667+0000] GC(829)   Merge Heap Roots: 0.2ms
[2025-08-01T01:07:57.667+0000] GC(829)   Evacuate Collection Set: 29.8ms
[2025-08-01T01:07:57.667+0000] GC(829)   Post Evacuate Collection Set: 0.8ms
[2025-08-01T01:07:57.667+0000] GC(829)   Other: 0.2ms
[2025-08-01T01:07:57.667+0000] GC(829) Eden regions: 88->0(347)
[2025-08-01T01:07:57.667+0000] GC(829) Survivor regions: 14->13(13)
[2025-08-01T01:07:57.667+0000] GC(829) Old regions: 670->760
[2025-08-01T01:07:57.667+0000] GC(829) Archive regions: 2->2
[2025-08-01T01:07:57.667+0000] GC(829) Humongous regions: 0->0
[2025-08-01T01:07:57.667+0000] GC(829) Metaspace: 10061K(10304K)->10061K(10304K) NonClass: 8835K(8960K)->8835K(8960K) Class: 1225K(1344K)->1225K(1344K)
[2025-08-01T01:07:57.667+0000] GC(829) Pause Young (Normal) (G1 Evacuation Pause) 1544M->1546M(4096M) 31.872ms
[2025-08-01T01:07:57.667+0000] GC(829) User=0.23s Sys=0.00s Real=0.03s
[2025-08-01T01:07:57.805+0000] GC(826) Concurrent Rebuild Remembered Sets 208.336ms
[2025-08-01T01:07:57.805+0000] GC(826) Pause Cleanup
[2025-08-01T01:07:57.806+0000] GC(826) Pause Cleanup 2192M->2192M(4096M) 1.158ms
[2025-08-01T01:07:57.806+0000] GC(826) User=0.01s Sys=0.00s Real=0.00s
[2025-08-01T01:07:57.807+0000] GC(826) Concurrent Cleanup for Next Mark
[2025-08-01T01:07:57.815+0000] GC(826) Concurrent Cleanup for Next Mark 8.509ms
[2025-08-01T01:07:57.815+0000] GC(826) Concurrent Mark Cycle 417.766ms
[2025-08-01T01:07:57.835+0000] GC(830) Pause Young (Prepare Mixed) (G1 Evacuation Pause)
[2025-08-01T01:07:57.835+0000] GC(830) Using 8 workers of 8 for evacuation
[2025-08-01T01:07:57.912+0000] GC(830)   Pre Evacuate Collection Set: 0.3ms
[2025-08-01T01:07:57.912+0000] GC(830)   Merge Heap Roots: 0.1ms
[2025-08-01T01:07:57.912+0000] GC(830)   Evacuate Collection Set: 74.8ms
[2025-08-01T01:07:57.912+0000] GC(830)   Post Evacuate Collection Set: 1.5ms
[2025-08-01T01:07:57.912+0000] GC(830)   Other: 0.3ms
[2025-08-01T01:07:57.912+0000] GC(830) Eden regions: 347->0(57)
[2025-08-01T01:07:57.912+0000] GC(830) Survivor regions: 13->45(45)
[2025-08-01T01:07:57.912+0000] GC(830) Old regions: 760->954
[2025-08-01T01:07:57.912+0000] GC(830) Archive regions: 2->2
[2025-08-01T01:07:57.912+0000] GC(830) Humongous regions: 0->0
[2025-08-01T01:07:57.912+0000] GC(830) Metaspace: 10061K(10304K)->10061K(10304K) NonClass: 8835K(8960K)->8835K(8960K) Class: 1225K(1344K)->1225K(1344K)
[2025-08-01T01:07:57.912+0000] GC(830) Pause Young (Prepare Mixed) (G1 Evacuation Pause) 2240M->1999M(4096M) 77.164ms
[2025-08-01T01:07:57.912+0000] GC(830) User=0.58s Sys=0.00s Real=0.07s
[2025-08-01T01:07:57.924+0000] GC(831) Pause Young (Mixed) (G1 Evacuation Pause)
[2025-08-01T01:07:57.924+0000] GC(831) Using 8 workers of 8 for evacuation
[2025-08-01T01:07:57.959+0000] GC(831)   Pre Evacuate Collection Set: 0.4ms
[2025-08-01T01:07:57.959+0000] GC(831)   Merge Heap Roots: 0.2ms
[2025-08-01T01:07:57.959+0000] GC(831)   Evacuate Collection Set: 33.8ms
[2025-08-01T01:07:57.959+0000] GC(831)   Post Evacuate Collection Set: 0.9ms
[2025-08-01T01:07:57.959+0000] GC(831)   Other: 0.2ms
[2025-08-01T01:07:57.959+0000] GC(831) Eden regions: 57->0(259)
[2025-08-01T01:07:57.959+0000] GC(831) Survivor regions: 45->13(13)
[2025-08-01T01:07:57.959+0000] GC(831) Old regions: 954->1028
[2025-08-01T01:07:57.959+0000] GC(831) Archive regions: 2->2
[2025-08-01T01:07:57.959+0000] GC(831) Humongous regions: 0->0
[2025-08-01T01:07:57.959+0000] GC(831) Metaspace: 10061K(10304K)->10061K(10304K) NonClass: 8835K(8960K)->8835K(8960K) Class: 1225K(1344K)->1225K(1344K)
[2025-08-01T01:07:57.959+0000] GC(831) Pause Young (Mixed) (G1 Evacuation Pause) 2113M->2082M(4096M) 35.707ms
[2025-08-01T01:07:57.959+0000] GC(831) User=0.27s Sys=0.00s Real=0.03s
[2025-08-01T01:07:58.056+0000] GC(832) Pause Young (Concurrent Start) (G1 Evacuation Pause)
[2025-08-01T01:07:58.056+0000] GC(832) Using 8 workers of 8 for evacuation
[2025-08-01T01:07:58.170+0000] GC(832)   Pre Evacuate Collection Set: 0.9ms
[2025-08-01T01:07:58.170+0000] GC(832)   Merge Heap Roots: 1.3ms
[2025-08-01T01:07:58.170+0000] GC(832)   Evacuate Collection Set: 110.1ms
[2025-08-01T01:07:58.170+0000] GC(832)   Post Evacuate Collection Set: 1.1ms
[2025-08-01T01:07:58.170+0000] GC(832)   Other: 0.4ms
[2025-08-01T01:07:58.170+0000] GC(832) Eden regions: 259->0(175)
[2025-08-01T01:07:58.170+0000] GC(832) Survivor regions: 13->34(34)
[2025-08-01T01:07:58.170+0000] GC(832) Old regions: 1028->1245
[2025-08-01T01:07:58.170+0000] GC(832) Archive regions: 2->2
[2025-08-01T01:07:58.170+0000] GC(832) Humongous regions: 0->0
[2025-08-01T01:07:58.170+0000] GC(832) Metaspace: 10061K(10304K)->10061K(10304K) NonClass: 8835K(8960K)->8835K(8960K) Class: 1225K(1344K)->1225K(1344K)
[2025-08-01T01:07:58.170+0000] GC(832) Pause Young (Concurrent Start) (G1 Evacuation Pause) 2600M->2558M(4096M) 114.043ms
[2025-08-01T01:07:58.170+0000] GC(832) User=0.86s Sys=0.02s Real=0.11s
[2025-08-01T01:07:58.171+0000] GC(833) Concurrent Mark Cycle
[2025-08-01T01:07:58.171+0000] GC(833) Concurrent Clear Claimed Marks
[2025-08-01T01:07:58.171+0000] GC(833) Concurrent Clear Claimed Marks 0.025ms
[2025-08-01T01:07:58.171+0000] GC(833) Concurrent Scan Root Regions
[2025-08-01T01:07:58.218+0000] GC(833) Concurrent Scan Root Regions 47.793ms
[2025-08-01T01:07:58.218+0000] GC(833) Concurrent Mark
[2025-08-01T01:07:58.218+0000] GC(833) Concurrent Mark From Roots
[2025-08-01T01:07:58.219+0000] GC(833) Using 2 workers of 2 for marking
[2025-08-01T01:07:58.250+0000] GC(834) Pause Young (Normal) (G1 Evacuation Pause)
[2025-08-01T01:07:58.250+0000] GC(834) Using 8 workers of 8 for evacuation
[2025-08-01T01:07:58.319+0000] GC(834)   Pre Evacuate Collection Set: 1.2ms
[2025-08-01T01:07:58.319+0000] GC(834)   Merge Heap Roots: 0.2ms
[2025-08-01T01:07:58.319+0000] GC(834)   Evacuate Collection Set: 67.0ms
[2025-08-01T01:07:58.319+0000] GC(834)   Post Evacuate Collection Set: 0.7ms
[2025-08-01T01:07:58.319+0000] GC(834)   Other: 0.3ms
[2025-08-01T01:07:58.319+0000] GC(834) Eden regions: 175->0(119)
[2025-08-01T01:07:58.319+0000] GC(834) Survivor regions: 34->27(27)
[2025-08-01T01:07:58.319+0000] GC(834) Old regions: 1245->1429
[2025-08-01T01:07:58.319+0000] GC(834) Archive regions: 2->2
[2025-08-01T01:07:58.319+0000] GC(834) Humongous regions: 0->0
[2025-08-01T01:07:58.319+0000] GC(834) Metaspace: 10061K(10304K)->10061K(10304K) NonClass: 8835K(8960K)->8835K(8960K) Class: 1225K(1344K)->1225K(1344K)
[2025-08-01T01:07:58.319+0000] GC(834) Pause Young (Normal) (G1 Evacuation Pause) 2908M->2912M(4096M) 69.440ms
[2025-08-01T01:07:58.319+0000] GC(834) User=0.50s Sys=0.01s Real=0.07s
[2025-08-01T01:07:58.367+0000] GC(833) Concurrent Mark From Roots 148.626ms
[2025-08-01T01:07:58.367+0000] GC(833) Concurrent Preclean
[2025-08-01T01:07:58.368+0000] GC(833) Concurrent Preclean 0.319ms
[2025-08-01T01:07:58.368+0000] GC(833) Pause Remark
[2025-08-01T01:07:58.370+0000] GC(833) Pause Remark 3058M->1538M(4096M) 2.036ms
[2025-08-01T01:07:58.370+0000] GC(833) User=0.01s Sys=0.00s Real=0.00s
[2025-08-01T01:07:58.370+0000] GC(833) Concurrent Mark 151.617ms
[2025-08-01T01:07:58.370+0000] GC(833) Concurrent Rebuild Remembered Sets
[2025-08-01T01:07:58.389+0000] GC(835) Pause Young (Normal) (G1 Evacuation Pause)
[2025-08-01T01:07:58.389+0000] GC(835) Using 8 workers of 8 for evacuation
[2025-08-01T01:07:58.438+0000] GC(835)   Pre Evacuate Collection Set: 0.6ms
[2025-08-01T01:07:58.438+0000] GC(835)   Merge Heap Roots: 0.5ms
[2025-08-01T01:07:58.438+0000] GC(835)   Evacuate Collection Set: 47.2ms
[2025-08-01T01:07:58.438+0000] GC(835)   Post Evacuate Collection Set: 0.8ms
[2025-08-01T01:07:58.438+0000] GC(835)   Other: 0.2ms
[2025-08-01T01:07:58.438+0000] GC(835) Eden regions: 119->0(339)
[2025-08-01T01:07:58.438+0000] GC(835) Survivor regions: 27->19(19)
[2025-08-01T01:07:58.438+0000] GC(835) Old regions: 669->798
[2025-08-01T01:07:58.438+0000] GC(835) Archive regions: 2->2
[2025-08-01T01:07:58.438+0000] GC(835) Humongous regions: 0->0
[2025-08-01T01:07:58.438+0000] GC(835) Metaspace: 10061K(10304K)->10061K(10304K) NonClass: 8835K(8960K)->8835K(8960K) Class: 1225K(1344K)->1225K(1344K)
[2025-08-01T01:07:58.438+0000] GC(835) Pause Young (Normal) (G1 Evacuation Pause) 1630M->1634M(4096M) 49.510ms
[2025-08-01T01:07:58.438+0000] GC(835) User=0.37s Sys=0.01s Real=0.05s
[2025-08-01T01:07:58.596+0000] GC(836) Pause Young (Normal) (G1 Evacuation Pause)
[2025-08-01T01:07:58.596+0000] GC(836) Using 8 workers of 8 for evacuation
[2025-08-01T01:07:58.649+0000] GC(836)   Pre Evacuate Collection Set: 0.4ms
[2025-08-01T01:07:58.650+0000] GC(836)   Merge Heap Roots: 0.2ms
[2025-08-01T01:07:58.650+0000] GC(836)   Evacuate Collection Set: 51.2ms
[2025-08-01T01:07:58.650+0000] GC(836)   Post Evacuate Collection Set: 1.2ms
[2025-08-01T01:07:58.650+0000] GC(836)   Other: 0.2ms
[2025-08-01T01:07:58.650+0000] GC(836) Eden regions: 339->0(302)
[2025-08-01T01:07:58.650+0000] GC(836) Survivor regions: 19->45(45)
[2025-08-01T01:07:58.650+0000] GC(836) Old regions: 798->915
[2025-08-01T01:07:58.650+0000] GC(836) Archive regions: 2->2
[2025-08-01T01:07:58.650+0000] GC(836) Humongous regions: 0->0
[2025-08-01T01:07:58.650+0000] GC(836) Metaspace: 10061K(10304K)->10061K(10304K) NonClass: 8835K(8960K)->8835K(8960K) Class: 1225K(1344K)->1225K(1344K)
[2025-08-01T01:07:58.650+0000] GC(836) Pause Young (Normal) (G1 Evacuation Pause) 2312M->1921M(4096M) 53.267ms
[2025-08-01T01:07:58.650+0000] GC(836) User=0.41s Sys=0.00s Real=0.05s
[2025-08-01T01:07:58.657+0000] GC(833) Concurrent Rebuild Remembered Sets 286.831ms
[2025-08-01T01:07:58.657+0000] GC(833) Pause Cleanup
[2025-08-01T01:07:58.659+0000] GC(833) Pause Cleanup 2003M->2003M(4096M) 1.060ms
[2025-08-01T01:07:58.659+0000] GC(833) User=0.01s Sys=0.00s Real=0.00s
[2025-08-01T01:07:58.659+0000] GC(833) Concurrent Cleanup for Next Mark
[2025-08-01T01:07:58.673+0000] GC(833) Concurrent Cleanup for Next Mark 13.944ms
[2025-08-01T01:07:58.673+0000] GC(833) Concurrent Mark Cycle 502.167ms
[2025-08-01T01:07:58.761+0000] GC(837) Pause Young (Prepare Mixed) (G1 Evacuation Pause)
[2025-08-01T01:07:58.761+0000] GC(837) Using 8 workers of 8 for evacuation
[2025-08-01T01:07:58.954+0000] GC(837)   Pre Evacuate Collection Set: 0.6ms
[2025-08-01T01:07:58.954+0000] GC(837)   Merge Heap Roots: 0.2ms
[2025-08-01T01:07:58.954+0000] GC(837)   Evacuate Collection Set: 190.4ms
[2025-08-01T01:07:58.954+0000] GC(837)   Post Evacuate Collection Set: 1.1ms
[2025-08-01T01:07:58.954+0000] GC(837)   Other: 0.3ms
[2025-08-01T01:07:58.954+0000] GC(837) Eden regions: 302->0(58)
[2025-08-01T01:07:58.954+0000] GC(837) Survivor regions: 45->44(44)
[2025-08-01T01:07:58.954+0000] GC(837) Old regions: 915->1220
[2025-08-01T01:07:58.954+0000] GC(837) Archive regions: 2->2
[2025-08-01T01:07:58.954+0000] GC(837) Humongous regions: 0->0
[2025-08-01T01:07:58.954+0000] GC(837) Metaspace: 10061K(10304K)->10061K(10304K) NonClass: 8835K(8960K)->8835K(8960K) Class: 1225K(1344K)->1225K(1344K)
[2025-08-01T01:07:58.954+0000] GC(837) Pause Young (Prepare Mixed) (G1 Evacuation Pause) 2525M->2528M(4096M) 192.755ms
[2025-08-01T01:07:58.954+0000] GC(837) User=1.49s Sys=0.03s Real=0.20s
[2025-08-01T01:07:58.967+0000] GC(838) Pause Young (Mixed) (G1 Evacuation Pause)
[2025-08-01T01:07:58.967+0000] GC(838) Using 8 workers of 8 for evacuation
[2025-08-01T01:07:58.999+0000] GC(838)   Pre Evacuate Collection Set: 0.4ms
[2025-08-01T01:07:58.999+0000] GC(838)   Merge Heap Roots: 0.2ms
[2025-08-01T01:07:58.999+0000] GC(838)   Evacuate Collection Set: 30.4ms
[2025-08-01T01:07:58.999+0000] GC(838)   Post Evacuate Collection Set: 0.8ms
[2025-08-01T01:07:58.999+0000] GC(838)   Other: 0.3ms
[2025-08-01T01:07:58.999+0000] GC(838) Eden regions: 58->0(166)
[2025-08-01T01:07:58.999+0000] GC(838) Survivor regions: 44->13(13)
[2025-08-01T01:07:58.999+0000] GC(838) Old regions: 1220->1295
[2025-08-01T01:07:58.999+0000] GC(838) Archive regions: 2->2
[2025-08-01T01:07:58.999+0000] GC(838) Humongous regions: 0->0
[2025-08-01T01:07:58.999+0000] GC(838) Metaspace: 10061K(10304K)->10061K(10304K) NonClass: 8835K(8960K)->8835K(8960K) Class: 1225K(1344K)->1225K(1344K)
[2025-08-01T01:07:58.999+0000] GC(838) Pause Young (Mixed) (G1 Evacuation Pause) 2644M->2617M(4096M) 32.204ms
[2025-08-01T01:07:58.999+0000] GC(838) User=0.24s Sys=0.00s Real=0.03s
[2025-08-01T01:07:59.062+0000] GC(839) Pause Young (Concurrent Start) (G1 Evacuation Pause)
[2025-08-01T01:07:59.062+0000] GC(839) Using 8 workers of 8 for evacuation
[2025-08-01T01:07:59.116+0000] GC(839)   Pre Evacuate Collection Set: 0.3ms
[2025-08-01T01:07:59.116+0000] GC(839)   Merge Heap Roots: 0.3ms
[2025-08-01T01:07:59.116+0000] GC(839)   Evacuate Collection Set: 51.5ms
[2025-08-01T01:07:59.116+0000] GC(839)   Post Evacuate Collection Set: 1.2ms
[2025-08-01T01:07:59.116+0000] GC(839)   Other: 0.3ms
[2025-08-01T01:07:59.116+0000] GC(839) Eden regions: 166->0(113)
[2025-08-01T01:07:59.116+0000] GC(839) Survivor regions: 13->23(23)
[2025-08-01T01:07:59.116+0000] GC(839) Old regions: 1295->1452
[2025-08-01T01:07:59.116+0000] GC(839) Archive regions: 2->2
[2025-08-01T01:07:59.116+0000] GC(839) Humongous regions: 0->0
[2025-08-01T01:07:59.116+0000] GC(839) Metaspace: 10061K(10304K)->10061K(10304K) NonClass: 8835K(8960K)->8835K(8960K) Class: 1225K(1344K)->1225K(1344K)
[2025-08-01T01:07:59.116+0000] GC(839) Pause Young (Concurrent Start) (G1 Evacuation Pause) 2949M->2951M(4096M) 53.769ms
[2025-08-01T01:07:59.116+0000] GC(839) User=0.41s Sys=0.00s Real=0.06s
[2025-08-01T01:07:59.116+0000] GC(840) Concurrent Mark Cycle
[2025-08-01T01:07:59.116+0000] GC(840) Concurrent Clear Claimed Marks
[2025-08-01T01:07:59.116+0000] GC(840) Concurrent Clear Claimed Marks 0.027ms
[2025-08-01T01:07:59.116+0000] GC(840) Concurrent Scan Root Regions
[2025-08-01T01:07:59.155+0000] GC(840) Concurrent Scan Root Regions 38.985ms
[2025-08-01T01:07:59.155+0000] GC(840) Concurrent Mark
[2025-08-01T01:07:59.155+0000] GC(840) Concurrent Mark From Roots
[2025-08-01T01:07:59.155+0000] GC(840) Using 2 workers of 2 for marking
[2025-08-01T01:07:59.155+0000] GC(841) Pause Young (Normal) (G1 Evacuation Pause)
[2025-08-01T01:07:59.156+0000] GC(841) Using 8 workers of 8 for evacuation
[2025-08-01T01:07:59.202+0000] GC(841)   Pre Evacuate Collection Set: 16.9ms
[2025-08-01T01:07:59.202+0000] GC(841)   Merge Heap Roots: 0.2ms
[2025-08-01T01:07:59.202+0000] GC(841)   Evacuate Collection Set: 45.1ms
[2025-08-01T01:07:59.202+0000] GC(841)   Post Evacuate Collection Set: 0.6ms
[2025-08-01T01:07:59.202+0000] GC(841)   Other: 0.2ms
[2025-08-01T01:07:59.202+0000] GC(841) Eden regions: 113->0(85)
[2025-08-01T01:07:59.202+0000] GC(841) Survivor regions: 23->17(17)
[2025-08-01T01:07:59.202+0000] GC(841) Old regions: 1452->1573
[2025-08-01T01:07:59.202+0000] GC(841) Archive regions: 2->2
[2025-08-01T01:07:59.202+0000] GC(841) Humongous regions: 0->0
[2025-08-01T01:07:59.202+0000] GC(841) Metaspace: 10061K(10304K)->10061K(10304K) NonClass: 8835K(8960K)->8835K(8960K) Class: 1225K(1344K)->1225K(1344K)
[2025-08-01T01:07:59.202+0000] GC(841) Pause Young (Normal) (G1 Evacuation Pause) 3177M->3180M(4096M) 46.823ms
[2025-08-01T01:07:59.202+0000] GC(841) User=0.35s Sys=0.01s Real=0.04s
[2025-08-01T01:07:59.268+0000] GC(842) Pause Young (Normal) (G1 Evacuation Pause)
[2025-08-01T01:07:59.269+0000] GC(842) Using 8 workers of 8 for evacuation
[2025-08-01T01:07:59.285+0000] GC(842)   Pre Evacuate Collection Set: 0.7ms
[2025-08-01T01:07:59.285+0000] GC(842)   Merge Heap Roots: 0.2ms
[2025-08-01T01:07:59.285+0000] GC(842)   Evacuate Collection Set: 14.4ms
[2025-08-01T01:07:59.285+0000] GC(842)   Post Evacuate Collection Set: 0.7ms
[2025-08-01T01:07:59.285+0000] GC(842)   Other: 0.2ms
[2025-08-01T01:07:59.285+0000] GC(842) Eden regions: 85->0(89)
[2025-08-01T01:07:59.285+0000] GC(842) Survivor regions: 17->13(13)
[2025-08-01T01:07:59.285+0000] GC(842) Old regions: 1573->1606
[2025-08-01T01:07:59.285+0000] GC(842) Archive regions: 2->2
[2025-08-01T01:07:59.285+0000] GC(842) Humongous regions: 0->0
[2025-08-01T01:07:59.285+0000] GC(842) Metaspace: 10061K(10304K)->10061K(10304K) NonClass: 8835K(8960K)->8835K(8960K) Class: 1225K(1344K)->1225K(1344K)
[2025-08-01T01:07:59.285+0000] GC(842) Pause Young (Normal) (G1 Evacuation Pause) 3350M->3239M(4096M) 16.450ms
[2025-08-01T01:07:59.285+0000] GC(842) User=0.12s Sys=0.00s Real=0.02s
[2025-08-01T01:07:59.301+0000] GC(843) Pause Young (Normal) (G1 Evacuation Pause)
[2025-08-01T01:07:59.301+0000] GC(843) Using 8 workers of 8 for evacuation
[2025-08-01T01:07:59.334+0000] GC(843)   Pre Evacuate Collection Set: 0.4ms
[2025-08-01T01:07:59.334+0000] GC(843)   Merge Heap Roots: 0.2ms
[2025-08-01T01:07:59.334+0000] GC(843)   Evacuate Collection Set: 30.7ms
[2025-08-01T01:07:59.334+0000] GC(843)   Post Evacuate Collection Set: 1.1ms
[2025-08-01T01:07:59.334+0000] GC(843)   Other: 0.2ms
[2025-08-01T01:07:59.334+0000] GC(843) Eden regions: 89->0(89)
[2025-08-01T01:07:59.334+0000] GC(843) Survivor regions: 13->13(13)
[2025-08-01T01:07:59.334+0000] GC(843) Old regions: 1606->1697
[2025-08-01T01:07:59.334+0000] GC(843) Archive regions: 2->2
[2025-08-01T01:07:59.334+0000] GC(843) Humongous regions: 0->0
[2025-08-01T01:07:59.334+0000] GC(843) Metaspace: 10061K(10304K)->10061K(10304K) NonClass: 8835K(8960K)->8835K(8960K) Class: 1225K(1344K)->1225K(1344K)
[2025-08-01T01:07:59.334+0000] GC(843) Pause Young (Normal) (G1 Evacuation Pause) 3417M->3421M(4096M) 32.782ms
[2025-08-01T01:07:59.334+0000] GC(843) User=0.24s Sys=0.00s Real=0.04s
[2025-08-01T01:07:59.398+0000] GC(844) Pause Young (Normal) (G1 Evacuation Pause)
[2025-08-01T01:07:59.398+0000] GC(844) Using 8 workers of 8 for evacuation
[2025-08-01T01:07:59.424+0000] GC(844)   Pre Evacuate Collection Set: 0.3ms
[2025-08-01T01:07:59.424+0000] GC(844)   Merge Heap Roots: 0.2ms
[2025-08-01T01:07:59.424+0000] GC(844)   Evacuate Collection Set: 23.5ms
[2025-08-01T01:07:59.424+0000] GC(844)   Post Evacuate Collection Set: 1.2ms
[2025-08-01T01:07:59.424+0000] GC(844)   Other: 0.2ms
[2025-08-01T01:07:59.424+0000] GC(844) Eden regions: 89->0(89)
[2025-08-01T01:07:59.424+0000] GC(844) Survivor regions: 13->13(13)
[2025-08-01T01:07:59.424+0000] GC(844) Old regions: 1697->1765
[2025-08-01T01:07:59.424+0000] GC(844) Archive regions: 2->2
[2025-08-01T01:07:59.424+0000] GC(844) Humongous regions: 0->0
[2025-08-01T01:07:59.424+0000] GC(844) Metaspace: 10061K(10304K)->10061K(10304K) NonClass: 8835K(8960K)->8835K(8960K) Class: 1225K(1344K)->1225K(1344K)
[2025-08-01T01:07:59.424+0000] GC(844) Pause Young (Normal) (G1 Evacuation Pause) 3599M->3556M(4096M) 25.587ms
[2025-08-01T01:07:59.424+0000] GC(844) User=0.18s Sys=0.00s Real=0.03s
[2025-08-01T01:07:59.441+0000] GC(845) Pause Young (Normal) (G1 Evacuation Pause)
[2025-08-01T01:07:59.441+0000] GC(845) Using 8 workers of 8 for evacuation
[2025-08-01T01:07:59.471+0000] GC(845)   Pre Evacuate Collection Set: 0.3ms
[2025-08-01T01:07:59.471+0000] GC(845)   Merge Heap Roots: 0.2ms
[2025-08-01T01:07:59.472+0000] GC(845)   Evacuate Collection Set: 29.0ms
[2025-08-01T01:07:59.472+0000] GC(845)   Post Evacuate Collection Set: 0.9ms
[2025-08-01T01:07:59.472+0000] GC(845)   Other: 0.3ms
[2025-08-01T01:07:59.472+0000] GC(845) Eden regions: 89->0(89)
[2025-08-01T01:07:59.472+0000] GC(845) Survivor regions: 13->13(13)
[2025-08-01T01:07:59.472+0000] GC(845) Old regions: 1765->1856
[2025-08-01T01:07:59.472+0000] GC(845) Archive regions: 2->2
[2025-08-01T01:07:59.472+0000] GC(845) Humongous regions: 0->0
[2025-08-01T01:07:59.472+0000] GC(845) Metaspace: 10061K(10304K)->10061K(10304K) NonClass: 8835K(8960K)->8835K(8960K) Class: 1225K(1344K)->1225K(1344K)
[2025-08-01T01:07:59.472+0000] GC(845) Pause Young (Normal) (G1 Evacuation Pause) 3734M->3738M(4096M) 30.868ms
[2025-08-01T01:07:59.472+0000] GC(845) User=0.23s Sys=0.00s Real=0.03s
[2025-08-01T01:07:59.502+0000] GC(840) Concurrent Mark From Roots 346.991ms
[2025-08-01T01:07:59.502+0000] GC(840) Concurrent Preclean
[2025-08-01T01:07:59.503+0000] GC(840) Concurrent Preclean 0.361ms
[2025-08-01T01:07:59.503+0000] GC(840) Pause Remark
[2025-08-01T01:07:59.506+0000] GC(840) Pause Remark 3883M->2379M(4096M) 2.901ms
[2025-08-01T01:07:59.506+0000] GC(840) User=0.01s Sys=0.00s Real=0.00s
[2025-08-01T01:07:59.506+0000] GC(840) Concurrent Mark 350.655ms
[2025-08-01T01:07:59.506+0000] GC(840) Concurrent Rebuild Remembered Sets
[2025-08-01T01:07:59.532+0000] GC(846) Pause Young (Normal) (G1 Evacuation Pause)
[2025-08-01T01:07:59.532+0000] GC(846) Using 8 workers of 8 for evacuation
[2025-08-01T01:07:59.565+0000] GC(846)   Pre Evacuate Collection Set: 0.4ms
[2025-08-01T01:07:59.565+0000] GC(846)   Merge Heap Roots: 0.2ms
[2025-08-01T01:07:59.565+0000] GC(846)   Evacuate Collection Set: 31.4ms
[2025-08-01T01:07:59.565+0000] GC(846)   Post Evacuate Collection Set: 0.6ms
[2025-08-01T01:07:59.565+0000] GC(846)   Other: 0.2ms
[2025-08-01T01:07:59.565+0000] GC(846) Eden regions: 89->0(197)
[2025-08-01T01:07:59.565+0000] GC(846) Survivor regions: 13->13(13)
[2025-08-01T01:07:59.565+0000] GC(846) Old regions: 1104->1194
[2025-08-01T01:07:59.565+0000] GC(846) Archive regions: 2->2
[2025-08-01T01:07:59.565+0000] GC(846) Humongous regions: 0->0
[2025-08-01T01:07:59.565+0000] GC(846) Metaspace: 10061K(10304K)->10061K(10304K) NonClass: 8835K(8960K)->8835K(8960K) Class: 1225K(1344K)->1225K(1344K)
[2025-08-01T01:07:59.565+0000] GC(846) Pause Young (Normal) (G1 Evacuation Pause) 2412M->2415M(4096M) 32.827ms
[2025-08-01T01:07:59.565+0000] GC(846) User=0.24s Sys=0.00s Real=0.04s
[2025-08-01T01:07:59.651+0000] GC(847) Pause Young (Normal) (G1 Evacuation Pause)
[2025-08-01T01:07:59.651+0000] GC(847) Using 8 workers of 8 for evacuation
[2025-08-01T01:07:59.715+0000] GC(847)   Pre Evacuate Collection Set: 0.5ms
[2025-08-01T01:07:59.715+0000] GC(847)   Merge Heap Roots: 0.2ms
[2025-08-01T01:07:59.715+0000] GC(847)   Evacuate Collection Set: 62.4ms
[2025-08-01T01:07:59.715+0000] GC(847)   Post Evacuate Collection Set: 1.2ms
[2025-08-01T01:07:59.715+0000] GC(847)   Other: 0.2ms
[2025-08-01T01:07:59.715+0000] GC(847) Eden regions: 197->0(135)
[2025-08-01T01:07:59.715+0000] GC(847) Survivor regions: 13->27(27)
[2025-08-01T01:07:59.715+0000] GC(847) Old regions: 1194->1379
[2025-08-01T01:07:59.715+0000] GC(847) Archive regions: 2->2
[2025-08-01T01:07:59.716+0000] GC(847) Humongous regions: 0->0
[2025-08-01T01:07:59.716+0000] GC(847) Metaspace: 10061K(10304K)->10061K(10304K) NonClass: 8835K(8960K)->8835K(8960K) Class: 1225K(1344K)->1225K(1344K)
[2025-08-01T01:07:59.716+0000] GC(847) Pause Young (Normal) (G1 Evacuation Pause) 2809M->2813M(4096M) 64.583ms
[2025-08-01T01:07:59.716+0000] GC(847) User=0.50s Sys=0.00s Real=0.07s
[2025-08-01T01:07:59.744+0000] GC(848) Pause Young (Normal) (G1 Evacuation Pause)
[2025-08-01T01:07:59.744+0000] GC(848) Using 8 workers of 8 for evacuation
[2025-08-01T01:07:59.793+0000] GC(848)   Pre Evacuate Collection Set: 0.4ms
[2025-08-01T01:07:59.793+0000] GC(848)   Merge Heap Roots: 0.3ms
[2025-08-01T01:07:59.793+0000] GC(848)   Evacuate Collection Set: 47.5ms
[2025-08-01T01:07:59.793+0000] GC(848)   Post Evacuate Collection Set: 0.8ms
[2025-08-01T01:07:59.793+0000] GC(848)   Other: 0.2ms
[2025-08-01T01:07:59.793+0000] GC(848) Eden regions: 135->0(92)
[2025-08-01T01:07:59.793+0000] GC(848) Survivor regions: 27->21(21)
[2025-08-01T01:07:59.793+0000] GC(848) Old regions: 1379->1522
[2025-08-01T01:07:59.793+0000] GC(848) Archive regions: 2->2
[2025-08-01T01:07:59.793+0000] GC(848) Humongous regions: 0->0
[2025-08-01T01:07:59.793+0000] GC(848) Metaspace: 10061K(10304K)->10061K(10304K) NonClass: 8835K(8960K)->8835K(8960K) Class: 1225K(1344K)->1225K(1344K)
[2025-08-01T01:07:59.793+0000] GC(848) Pause Young (Normal) (G1 Evacuation Pause) 3083M->3086M(4096M) 49.361ms
[2025-08-01T01:07:59.793+0000] GC(848) User=0.37s Sys=0.01s Real=0.05s
[2025-08-01T01:07:59.854+0000] GC(849) Pause Young (Normal) (G1 Evacuation Pause)
[2025-08-01T01:07:59.854+0000] GC(849) Using 8 workers of 8 for evacuation
[2025-08-01T01:07:59.877+0000] GC(849)   Pre Evacuate Collection Set: 0.5ms
[2025-08-01T01:07:59.877+0000] GC(849)   Merge Heap Roots: 0.1ms
[2025-08-01T01:07:59.877+0000] GC(849)   Evacuate Collection Set: 22.2ms
[2025-08-01T01:07:59.877+0000] GC(849)   Post Evacuate Collection Set: 0.7ms
[2025-08-01T01:07:59.877+0000] GC(849)   Other: 0.2ms
[2025-08-01T01:07:59.877+0000] GC(849) Eden regions: 92->0(87)
[2025-08-01T01:07:59.877+0000] GC(849) Survivor regions: 21->15(15)
[2025-08-01T01:07:59.877+0000] GC(849) Old regions: 1522->1576
[2025-08-01T01:07:59.877+0000] GC(849) Archive regions: 2->2
[2025-08-01T01:07:59.877+0000] GC(849) Humongous regions: 0->0
[2025-08-01T01:07:59.878+0000] GC(849) Metaspace: 10061K(10304K)->10061K(10304K) NonClass: 8835K(8960K)->8835K(8960K) Class: 1225K(1344K)->1225K(1344K)
[2025-08-01T01:07:59.878+0000] GC(849) Pause Young (Normal) (G1 Evacuation Pause) 3270M->3183M(4096M) 23.931ms
[2025-08-01T01:07:59.878+0000] GC(849) User=0.17s Sys=0.00s Real=0.02s
[2025-08-01T01:07:59.895+0000] GC(850) Pause Young (Normal) (G1 Evacuation Pause)
[2025-08-01T01:07:59.895+0000] GC(850) Using 8 workers of 8 for evacuation
[2025-08-01T01:07:59.926+0000] GC(850)   Pre Evacuate Collection Set: 0.7ms
[2025-08-01T01:07:59.926+0000] GC(850)   Merge Heap Roots: 0.2ms
[2025-08-01T01:07:59.926+0000] GC(850)   Evacuate Collection Set: 29.6ms
[2025-08-01T01:07:59.926+0000] GC(850)   Post Evacuate Collection Set: 0.8ms
[2025-08-01T01:07:59.926+0000] GC(850)   Other: 0.2ms
[2025-08-01T01:07:59.926+0000] GC(850) Eden regions: 87->0(89)
[2025-08-01T01:07:59.926+0000] GC(850) Survivor regions: 15->13(13)
[2025-08-01T01:07:59.926+0000] GC(850) Old regions: 1576->1667
[2025-08-01T01:07:59.926+0000] GC(850) Archive regions: 2->2
[2025-08-01T01:07:59.926+0000] GC(850) Humongous regions: 0->0
[2025-08-01T01:07:59.926+0000] GC(850) Metaspace: 10061K(10304K)->10061K(10304K) NonClass: 8835K(8960K)->8835K(8960K) Class: 1225K(1344K)->1225K(1344K)
[2025-08-01T01:07:59.926+0000] GC(850) Pause Young (Normal) (G1 Evacuation Pause) 3357M->3361M(4096M) 31.673ms
[2025-08-01T01:07:59.926+0000] GC(850) User=0.24s Sys=0.00s Real=0.03s
[2025-08-01T01:07:59.992+0000] GC(851) Pause Young (Normal) (G1 Evacuation Pause)
[2025-08-01T01:07:59.992+0000] GC(851) Using 8 workers of 8 for evacuation
[2025-08-01T01:08:00.025+0000] GC(851)   Pre Evacuate Collection Set: 0.6ms
[2025-08-01T01:08:00.025+0000] GC(851)   Merge Heap Roots: 0.1ms
[2025-08-01T01:08:00.025+0000] GC(851)   Evacuate Collection Set: 31.5ms
[2025-08-01T01:08:00.025+0000] GC(851)   Post Evacuate Collection Set: 1.1ms
[2025-08-01T01:08:00.025+0000] GC(851)   Other: 0.2ms
[2025-08-01T01:08:00.025+0000] GC(851) Eden regions: 89->0(89)
[2025-08-01T01:08:00.025+0000] GC(851) Survivor regions: 13->13(13)
[2025-08-01T01:08:00.025+0000] GC(851) Old regions: 1667->1730
[2025-08-01T01:08:00.025+0000] GC(851) Archive regions: 2->2
[2025-08-01T01:08:00.025+0000] GC(851) Humongous regions: 0->0
[2025-08-01T01:08:00.025+0000] GC(851) Metaspace: 10061K(10304K)->10061K(10304K) NonClass: 8835K(8960K)->8835K(8960K) Class: 1225K(1344K)->1225K(1344K)
[2025-08-01T01:08:00.025+0000] GC(851) Pause Young (Normal) (G1 Evacuation Pause) 3539M->3486M(4096M) 33.666ms
[2025-08-01T01:08:00.025+0000] GC(851) User=0.24s Sys=0.01s Real=0.04s
[2025-08-01T01:08:00.044+0000] GC(852) Pause Young (Normal) (G1 Evacuation Pause)
[2025-08-01T01:08:00.044+0000] GC(852) Using 8 workers of 8 for evacuation
[2025-08-01T01:08:00.076+0000] GC(852)   Pre Evacuate Collection Set: 0.7ms
[2025-08-01T01:08:00.076+0000] GC(852)   Merge Heap Roots: 0.2ms
[2025-08-01T01:08:00.076+0000] GC(852)   Evacuate Collection Set: 30.0ms
[2025-08-01T01:08:00.076+0000] GC(852)   Post Evacuate Collection Set: 0.9ms
[2025-08-01T01:08:00.076+0000] GC(852)   Other: 0.2ms
[2025-08-01T01:08:00.076+0000] GC(852) Eden regions: 89->0(89)
[2025-08-01T01:08:00.076+0000] GC(852) Survivor regions: 13->13(13)
[2025-08-01T01:08:00.076+0000] GC(852) Old regions: 1730->1821
[2025-08-01T01:08:00.076+0000] GC(852) Archive regions: 2->2
[2025-08-01T01:08:00.076+0000] GC(852) Humongous regions: 0->0
[2025-08-01T01:08:00.076+0000] GC(852) Metaspace: 10061K(10304K)->10061K(10304K) NonClass: 8835K(8960K)->8835K(8960K) Class: 1225K(1344K)->1225K(1344K)
[2025-08-01T01:08:00.076+0000] GC(852) Pause Young (Normal) (G1 Evacuation Pause) 3664M->3668M(4096M) 32.146ms
[2025-08-01T01:08:00.076+0000] GC(852) User=0.24s Sys=0.00s Real=0.03s
[2025-08-01T01:08:00.085+0000] GC(840) Concurrent Rebuild Remembered Sets 579.074ms
[2025-08-01T01:08:00.085+0000] GC(840) Pause Cleanup
[2025-08-01T01:08:00.086+0000] GC(840) Pause Cleanup 3760M->3760M(4096M) 0.711ms
[2025-08-01T01:08:00.086+0000] GC(840) User=0.01s Sys=0.00s Real=0.00s
[2025-08-01T01:08:00.086+0000] GC(840) Concurrent Cleanup for Next Mark
[2025-08-01T01:08:00.097+0000] GC(840) Concurrent Cleanup for Next Mark 10.574ms
[2025-08-01T01:08:00.097+0000] GC(840) Concurrent Mark Cycle 980.716ms
[2025-08-01T01:08:00.141+0000] GC(853) Pause Young (Prepare Mixed) (G1 Evacuation Pause)
[2025-08-01T01:08:00.141+0000] GC(853) Using 8 workers of 8 for evacuation
[2025-08-01T01:08:00.177+0000] GC(853)   Pre Evacuate Collection Set: 0.7ms
[2025-08-01T01:08:00.177+0000] GC(853)   Merge Heap Roots: 0.2ms
[2025-08-01T01:08:00.177+0000] GC(853)   Evacuate Collection Set: 31.8ms
[2025-08-01T01:08:00.177+0000] GC(853)   Post Evacuate Collection Set: 2.8ms
[2025-08-01T01:08:00.177+0000] GC(853)   Other: 0.3ms
[2025-08-01T01:08:00.177+0000] GC(853) Eden regions: 89->0(89)
[2025-08-01T01:08:00.177+0000] GC(853) Survivor regions: 13->13(13)
[2025-08-01T01:08:00.177+0000] GC(853) Old regions: 1821->1894
[2025-08-01T01:08:00.177+0000] GC(853) Archive regions: 2->2
[2025-08-01T01:08:00.177+0000] GC(853) Humongous regions: 0->0
[2025-08-01T01:08:00.177+0000] GC(853) Metaspace: 10061K(10304K)->10061K(10304K) NonClass: 8835K(8960K)->8835K(8960K) Class: 1225K(1344K)->1225K(1344K)
[2025-08-01T01:08:00.177+0000] GC(853) Pause Young (Prepare Mixed) (G1 Evacuation Pause) 3846M->3815M(4096M) 35.992ms
[2025-08-01T01:08:00.177+0000] GC(853) User=0.25s Sys=0.01s Real=0.04s
[2025-08-01T01:08:00.187+0000] GC(854) Pause Young (Mixed) (G1 Preventive Collection)
[2025-08-01T01:08:00.187+0000] GC(854) Using 8 workers of 8 for evacuation
[2025-08-01T01:08:00.209+0000] GC(854)   Pre Evacuate Collection Set: 0.5ms
[2025-08-01T01:08:00.209+0000] GC(854)   Merge Heap Roots: 0.2ms
[2025-08-01T01:08:00.209+0000] GC(854)   Evacuate Collection Set: 20.2ms
[2025-08-01T01:08:00.209+0000] GC(854)   Post Evacuate Collection Set: 0.7ms
[2025-08-01T01:08:00.209+0000] GC(854)   Other: 0.2ms
[2025-08-01T01:08:00.209+0000] GC(854) Eden regions: 60->0(89)
[2025-08-01T01:08:00.209+0000] GC(854) Survivor regions: 13->13(13)
[2025-08-01T01:08:00.209+0000] GC(854) Old regions: 1894->1952
[2025-08-01T01:08:00.209+0000] GC(854) Archive regions: 2->2
[2025-08-01T01:08:00.209+0000] GC(854) Humongous regions: 0->0
[2025-08-01T01:08:00.209+0000] GC(854) Metaspace: 10061K(10304K)->10061K(10304K) NonClass: 8835K(8960K)->8835K(8960K) Class: 1225K(1344K)->1225K(1344K)
[2025-08-01T01:08:00.209+0000] GC(854) Pause Young (Mixed) (G1 Preventive Collection) 3935M->3930M(4096M) 22.010ms
[2025-08-01T01:08:00.209+0000] GC(854) User=0.16s Sys=0.00s Real=0.02s
[2025-08-01T01:08:00.215+0000] GC(855) Pause Young (Concurrent Start) (G1 Preventive Collection)
[2025-08-01T01:08:00.215+0000] GC(855) Using 8 workers of 8 for evacuation
[2025-08-01T01:08:00.230+0000] GC(855)   Pre Evacuate Collection Set: 0.5ms
[2025-08-01T01:08:00.230+0000] GC(855)   Merge Heap Roots: 0.1ms
[2025-08-01T01:08:00.230+0000] GC(855)   Evacuate Collection Set: 13.6ms
[2025-08-01T01:08:00.230+0000] GC(855)   Post Evacuate Collection Set: 1.0ms
[2025-08-01T01:08:00.230+0000] GC(855)   Other: 0.4ms
[2025-08-01T01:08:00.230+0000] GC(855) Eden regions: 31->0(89)
[2025-08-01T01:08:00.230+0000] GC(855) Survivor regions: 13->13(13)
[2025-08-01T01:08:00.230+0000] GC(855) Old regions: 1952->1985
[2025-08-01T01:08:00.230+0000] GC(855) Archive regions: 2->2
[2025-08-01T01:08:00.230+0000] GC(855) Humongous regions: 0->0
[2025-08-01T01:08:00.231+0000] GC(855) Metaspace: 10061K(10304K)->10061K(10304K) NonClass: 8835K(8960K)->8835K(8960K) Class: 1225K(1344K)->1225K(1344K)
[2025-08-01T01:08:00.231+0000] GC(855) Pause Young (Concurrent Start) (G1 Preventive Collection) 3992M->3996M(4096M) 15.783ms
[2025-08-01T01:08:00.231+0000] GC(855) User=0.11s Sys=0.00s Real=0.01s
[2025-08-01T01:08:00.231+0000] GC(856) Concurrent Mark Cycle
[2025-08-01T01:08:00.231+0000] GC(856) Concurrent Clear Claimed Marks
[2025-08-01T01:08:00.231+0000] GC(856) Concurrent Clear Claimed Marks 0.025ms
[2025-08-01T01:08:00.231+0000] GC(856) Concurrent Scan Root Regions
[2025-08-01T01:08:00.240+0000] GC(856) Concurrent Scan Root Regions 9.367ms
[2025-08-01T01:08:00.240+0000] GC(856) Concurrent Mark
[2025-08-01T01:08:00.240+0000] GC(856) Concurrent Mark From Roots
[2025-08-01T01:08:00.240+0000] GC(856) Using 2 workers of 2 for marking
[2025-08-01T01:08:00.240+0000] GC(857) Pause Young (Normal) (G1 Preventive Collection)
[2025-08-01T01:08:00.240+0000] GC(857) Using 8 workers of 8 for evacuation
[2025-08-01T01:08:00.252+0000] GC(857)   Pre Evacuate Collection Set: 6.4ms
[2025-08-01T01:08:00.252+0000] GC(857)   Merge Heap Roots: 0.3ms
[2025-08-01T01:08:00.252+0000] GC(857)   Evacuate Collection Set: 10.1ms
[2025-08-01T01:08:00.252+0000] GC(857)   Post Evacuate Collection Set: 0.5ms
[2025-08-01T01:08:00.252+0000] GC(857)   Other: 0.2ms
[2025-08-01T01:08:00.252+0000] GC(857) Eden regions: 16->0(89)
[2025-08-01T01:08:00.252+0000] GC(857) Survivor regions: 13->13(13)
[2025-08-01T01:08:00.252+0000] GC(857) Old regions: 1985->2002
[2025-08-01T01:08:00.252+0000] GC(857) Archive regions: 2->2
[2025-08-01T01:08:00.252+0000] GC(857) Humongous regions: 0->0
[2025-08-01T01:08:00.252+0000] GC(857) Metaspace: 10061K(10304K)->10061K(10304K) NonClass: 8835K(8960K)->8835K(8960K) Class: 1225K(1344K)->1225K(1344K)
[2025-08-01T01:08:00.252+0000] GC(857) Pause Young (Normal) (G1 Preventive Collection) 4028M->4031M(4096M) 11.813ms
[2025-08-01T01:08:00.252+0000] GC(857) User=0.08s Sys=0.00s Real=0.01s
[2025-08-01T01:08:00.254+0000] GC(858) Pause Young (Normal) (G1 Preventive Collection)
[2025-08-01T01:08:00.254+0000] GC(858) Using 8 workers of 8 for evacuation
[2025-08-01T01:08:00.261+0000] GC(858)   Pre Evacuate Collection Set: 0.5ms
[2025-08-01T01:08:00.261+0000] GC(858)   Merge Heap Roots: 0.1ms
[2025-08-01T01:08:00.261+0000] GC(858)   Evacuate Collection Set: 5.9ms
[2025-08-01T01:08:00.261+0000] GC(858)   Post Evacuate Collection Set: 0.8ms
[2025-08-01T01:08:00.261+0000] GC(858)   Other: 0.2ms
[2025-08-01T01:08:00.261+0000] GC(858) Eden regions: 7->0(94)
[2025-08-01T01:08:00.261+0000] GC(858) Survivor regions: 13->8(13)
[2025-08-01T01:08:00.261+0000] GC(858) Old regions: 2002->2017
[2025-08-01T01:08:00.261+0000] GC(858) Archive regions: 2->2
[2025-08-01T01:08:00.261+0000] GC(858) Humongous regions: 0->0
[2025-08-01T01:08:00.261+0000] GC(858) Metaspace: 10061K(10304K)->10061K(10304K) NonClass: 8835K(8960K)->8835K(8960K) Class: 1225K(1344K)->1225K(1344K)
[2025-08-01T01:08:00.261+0000] GC(858) Pause Young (Normal) (G1 Preventive Collection) 4045M->4050M(4096M) 7.735ms
[2025-08-01T01:08:00.261+0000] GC(858) User=0.05s Sys=0.01s Real=0.00s
[2025-08-01T01:08:00.263+0000] GC(859) Pause Young (Normal) (G1 Preventive Collection)
[2025-08-01T01:08:00.263+0000] GC(859) Using 8 workers of 8 for evacuation
[2025-08-01T01:08:00.269+0000] GC(859)   Pre Evacuate Collection Set: 0.5ms
[2025-08-01T01:08:00.269+0000] GC(859)   Merge Heap Roots: 0.2ms
[2025-08-01T01:08:00.269+0000] GC(859)   Evacuate Collection Set: 4.6ms
[2025-08-01T01:08:00.269+0000] GC(859)   Post Evacuate Collection Set: 0.6ms
[2025-08-01T01:08:00.269+0000] GC(859)   Other: 0.2ms
[2025-08-01T01:08:00.269+0000] GC(859) Eden regions: 6->0(89)
[2025-08-01T01:08:00.269+0000] GC(859) Survivor regions: 8->13(13)
[2025-08-01T01:08:00.269+0000] GC(859) Old regions: 2017->2017
[2025-08-01T01:08:00.269+0000] GC(859) Archive regions: 2->2
[2025-08-01T01:08:00.269+0000] GC(859) Humongous regions: 0->0
[2025-08-01T01:08:00.269+0000] GC(859) Metaspace: 10061K(10304K)->10061K(10304K) NonClass: 8835K(8960K)->8835K(8960K) Class: 1225K(1344K)->1225K(1344K)
[2025-08-01T01:08:00.269+0000] GC(859) Pause Young (Normal) (G1 Preventive Collection) 4062M->4060M(4096M) 6.276ms
[2025-08-01T01:08:00.270+0000] GC(859) User=0.04s Sys=0.00s Real=0.00s
[2025-08-01T01:08:00.270+0000] GC(860) Pause Young (Normal) (G1 Preventive Collection)
[2025-08-01T01:08:00.270+0000] GC(860) Using 8 workers of 8 for evacuation
[2025-08-01T01:08:00.276+0000] GC(860)   Pre Evacuate Collection Set: 0.4ms
[2025-08-01T01:08:00.276+0000] GC(860)   Merge Heap Roots: 0.3ms
[2025-08-01T01:08:00.276+0000] GC(860)   Evacuate Collection Set: 4.0ms
[2025-08-01T01:08:00.276+0000] GC(860)   Post Evacuate Collection Set: 0.6ms
[2025-08-01T01:08:00.276+0000] GC(860)   Other: 0.2ms
[2025-08-01T01:08:00.276+0000] GC(860) Eden regions: 1->0(94)
[2025-08-01T01:08:00.276+0000] GC(860) Survivor regions: 13->8(13)
[2025-08-01T01:08:00.276+0000] GC(860) Old regions: 2017->2023
[2025-08-01T01:08:00.276+0000] GC(860) Archive regions: 2->2
[2025-08-01T01:08:00.276+0000] GC(860) Humongous regions: 0->0
[2025-08-01T01:08:00.276+0000] GC(860) Metaspace: 10061K(10304K)->10061K(10304K) NonClass: 8835K(8960K)->8835K(8960K) Class: 1225K(1344K)->1225K(1344K)
[2025-08-01T01:08:00.276+0000] GC(860) Pause Young (Normal) (G1 Preventive Collection) 4062M->4063M(4096M) 5.703ms
[2025-08-01T01:08:00.276+0000] GC(860) User=0.03s Sys=0.00s Real=0.01s
[2025-08-01T01:08:00.277+0000] GC(861) Pause Young (Normal) (G1 Preventive Collection)
[2025-08-01T01:08:00.277+0000] GC(861) Using 8 workers of 8 for evacuation
[2025-08-01T01:08:00.282+0000] GC(861)   Pre Evacuate Collection Set: 0.3ms
[2025-08-01T01:08:00.282+0000] GC(861)   Merge Heap Roots: 0.3ms
[2025-08-01T01:08:00.282+0000] GC(861)   Evacuate Collection Set: 3.3ms
[2025-08-01T01:08:00.282+0000] GC(861)   Post Evacuate Collection Set: 0.8ms
[2025-08-01T01:08:00.282+0000] GC(861)   Other: 0.2ms
[2025-08-01T01:08:00.282+0000] GC(861) Eden regions: 3->0(97)
[2025-08-01T01:08:00.282+0000] GC(861) Survivor regions: 8->5(12)
[2025-08-01T01:08:00.282+0000] GC(861) Old regions: 2023->2030
[2025-08-01T01:08:00.282+0000] GC(861) Archive regions: 2->2
[2025-08-01T01:08:00.282+0000] GC(861) Humongous regions: 0->0
[2025-08-01T01:08:00.282+0000] GC(861) Metaspace: 10061K(10304K)->10061K(10304K) NonClass: 8835K(8960K)->8835K(8960K) Class: 1225K(1344K)->1225K(1344K)
[2025-08-01T01:08:00.282+0000] GC(861) Pause Young (Normal) (G1 Preventive Collection) 4069M->4070M(4096M) 5.008ms
[2025-08-01T01:08:00.282+0000] GC(861) User=0.02s Sys=0.00s Real=0.00s
[2025-08-01T01:08:00.283+0000] GC(862) Pause Young (Normal) (G1 Preventive Collection)
[2025-08-01T01:08:00.283+0000] GC(862) Using 8 workers of 8 for evacuation
[2025-08-01T01:08:00.286+0000] GC(862)   Pre Evacuate Collection Set: 0.3ms
[2025-08-01T01:08:00.286+0000] GC(862)   Merge Heap Roots: 0.1ms
[2025-08-01T01:08:00.286+0000] GC(862)   Evacuate Collection Set: 1.8ms
[2025-08-01T01:08:00.286+0000] GC(862)   Post Evacuate Collection Set: 0.7ms
[2025-08-01T01:08:00.286+0000] GC(862)   Other: 0.2ms
[2025-08-01T01:08:00.286+0000] GC(862) Eden regions: 2->0(95)
[2025-08-01T01:08:00.286+0000] GC(862) Survivor regions: 5->7(9)
[2025-08-01T01:08:00.286+0000] GC(862) Old regions: 2030->2030
[2025-08-01T01:08:00.286+0000] GC(862) Archive regions: 2->2
[2025-08-01T01:08:00.286+0000] GC(862) Humongous regions: 0->0
[2025-08-01T01:08:00.286+0000] GC(862) Metaspace: 10061K(10304K)->10061K(10304K) NonClass: 8835K(8960K)->8835K(8960K) Class: 1225K(1344K)->1225K(1344K)
[2025-08-01T01:08:00.286+0000] GC(862) Pause Young (Normal) (G1 Preventive Collection) 4074M->4073M(4096M) 3.279ms
[2025-08-01T01:08:00.286+0000] GC(862) User=0.01s Sys=0.01s Real=0.00s
[2025-08-01T01:08:00.287+0000] GC(863) Pause Young (Normal) (G1 Preventive Collection)
[2025-08-01T01:08:00.287+0000] GC(863) Using 8 workers of 8 for evacuation
[2025-08-01T01:08:00.291+0000] GC(863)   Pre Evacuate Collection Set: 0.3ms
[2025-08-01T01:08:00.291+0000] GC(863)   Merge Heap Roots: 0.1ms
[2025-08-01T01:08:00.291+0000] GC(863)   Evacuate Collection Set: 2.3ms
[2025-08-01T01:08:00.291+0000] GC(863)   Post Evacuate Collection Set: 0.6ms
[2025-08-01T01:08:00.291+0000] GC(863)   Other: 0.1ms
[2025-08-01T01:08:00.291+0000] GC(863) Eden regions: 1->0(94)
[2025-08-01T01:08:00.291+0000] GC(863) Survivor regions: 7->8(8)
[2025-08-01T01:08:00.291+0000] GC(863) Old regions: 2030->2030
[2025-08-01T01:08:00.291+0000] GC(863) Archive regions: 2->2
[2025-08-01T01:08:00.291+0000] GC(863) Humongous regions: 0->0
[2025-08-01T01:08:00.291+0000] GC(863) Metaspace: 10061K(10304K)->10061K(10304K) NonClass: 8835K(8960K)->8835K(8960K) Class: 1225K(1344K)->1225K(1344K)
[2025-08-01T01:08:00.291+0000] GC(863) Pause Young (Normal) (G1 Preventive Collection) 4075M->4075M(4096M) 3.784ms
[2025-08-01T01:08:00.291+0000] GC(863) User=0.02s Sys=0.00s Real=0.00s
[2025-08-01T01:08:00.292+0000] GC(864) Pause Young (Normal) (G1 Preventive Collection)
[2025-08-01T01:08:00.292+0000] GC(864) Using 8 workers of 8 for evacuation
[2025-08-01T01:08:00.296+0000] GC(864) To-space exhausted
[2025-08-01T01:08:00.296+0000] GC(864)   Pre Evacuate Collection Set: 0.3ms
[2025-08-01T01:08:00.296+0000] GC(864)   Merge Heap Roots: 0.1ms
[2025-08-01T01:08:00.296+0000] GC(864)   Evacuate Collection Set: 2.6ms
[2025-08-01T01:08:00.296+0000] GC(864)   Post Evacuate Collection Set: 1.1ms
[2025-08-01T01:08:00.296+0000] GC(864)   Other: 0.2ms
[2025-08-01T01:08:00.296+0000] GC(864) Eden regions: 1->0(96)
[2025-08-01T01:08:00.296+0000] GC(864) Survivor regions: 8->6(7)
[2025-08-01T01:08:00.296+0000] GC(864) Old regions: 2030->2035
[2025-08-01T01:08:00.296+0000] GC(864) Archive regions: 2->2
[2025-08-01T01:08:00.296+0000] GC(864) Humongous regions: 0->0
[2025-08-01T01:08:00.296+0000] GC(864) Metaspace: 10061K(10304K)->10061K(10304K) NonClass: 8835K(8960K)->8835K(8960K) Class: 1225K(1344K)->1225K(1344K)
[2025-08-01T01:08:00.296+0000] GC(864) Pause Young (Normal) (G1 Preventive Collection) 4077M->4083M(4096M) 4.549ms
[2025-08-01T01:08:00.296+0000] GC(864) User=0.02s Sys=0.00s Real=0.01s
[2025-08-01T01:08:00.297+0000] GC(865) Pause Young (Normal) (G1 Preventive Collection)
[2025-08-01T01:08:00.297+0000] GC(865) Using 8 workers of 8 for evacuation
[2025-08-01T01:08:00.300+0000] GC(865) To-space exhausted
[2025-08-01T01:08:00.300+0000] GC(865)   Pre Evacuate Collection Set: 0.4ms
[2025-08-01T01:08:00.300+0000] GC(865)   Merge Heap Roots: 0.1ms
[2025-08-01T01:08:00.300+0000] GC(865)   Evacuate Collection Set: 2.0ms
[2025-08-01T01:08:00.300+0000] GC(865)   Post Evacuate Collection Set: 0.9ms
[2025-08-01T01:08:00.300+0000] GC(865)   Other: 0.2ms
[2025-08-01T01:08:00.300+0000] GC(865) Eden regions: 1->0(98)
[2025-08-01T01:08:00.300+0000] GC(865) Survivor regions: 6->4(4)
[2025-08-01T01:08:00.300+0000] GC(865) Old regions: 2035->2042
[2025-08-01T01:08:00.300+0000] GC(865) Archive regions: 2->2
[2025-08-01T01:08:00.300+0000] GC(865) Humongous regions: 0->0
[2025-08-01T01:08:00.300+0000] GC(865) Metaspace: 10061K(10304K)->10061K(10304K) NonClass: 8835K(8960K)->8835K(8960K) Class: 1225K(1344K)->1225K(1344K)
[2025-08-01T01:08:00.300+0000] GC(865) Pause Young (Normal) (G1 Preventive Collection) 4085M->4093M(4096M) 3.759ms
[2025-08-01T01:08:00.300+0000] GC(865) User=0.02s Sys=0.00s Real=0.00s
[2025-08-01T01:08:00.300+0000] Attempting full compaction
[2025-08-01T01:08:00.300+0000] GC(866) Pause Full (G1 Compaction Pause)
[2025-08-01T01:08:00.301+0000] GC(866) Using 8 workers of 8 for full compaction
[2025-08-01T01:08:00.305+0000] GC(866) Phase 1: Mark live objects
[2025-08-01T01:08:00.345+0000] GC(866) Phase 1: Mark live objects 39.262ms
[2025-08-01T01:08:00.345+0000] GC(866) Phase 2: Prepare for compaction
[2025-08-01T01:08:00.356+0000] GC(866) Phase 2: Prepare for compaction 10.838ms
[2025-08-01T01:08:00.356+0000] GC(866) Phase 3: Adjust pointers
[2025-08-01T01:08:00.385+0000] GC(866) Phase 3: Adjust pointers 29.380ms
[2025-08-01T01:08:00.385+0000] GC(866) Phase 4: Compact heap
[2025-08-01T01:08:00.417+0000] GC(866) Phase 4: Compact heap 31.695ms
[2025-08-01T01:08:00.426+0000] GC(866) Eden regions: 0->0(479)
[2025-08-01T01:08:00.426+0000] GC(866) Survivor regions: 4->0(4)
[2025-08-01T01:08:00.426+0000] GC(866) Old regions: 2042->349
[2025-08-01T01:08:00.426+0000] GC(866) Archive regions: 2->2
[2025-08-01T01:08:00.426+0000] GC(866) Humongous regions: 0->0
[2025-08-01T01:08:00.426+0000] GC(866) Metaspace: 10061K(10304K)->10061K(10304K) NonClass: 8835K(8960K)->8835K(8960K) Class: 1225K(1344K)->1225K(1344K)
[2025-08-01T01:08:00.426+0000] GC(866) Pause Full (G1 Compaction Pause) 4093M->690M(4096M) 125.271ms
[2025-08-01T01:08:00.426+0000] GC(866) User=0.86s Sys=0.02s Real=0.13s
[2025-08-01T01:08:00.426+0000] GC(856) Concurrent Mark From Roots 185.914ms
[2025-08-01T01:08:00.426+0000] GC(856) Concurrent Mark Abort
[2025-08-01T01:08:00.426+0000] GC(856) Concurrent Mark Cycle 195.463ms
[2025-08-01T01:08:00.667+0000] GC(867) Pause Young (Normal) (G1 Evacuation Pause)
[2025-08-01T01:08:00.667+0000] GC(867) Using 8 workers of 8 for evacuation
[2025-08-01T01:08:00.828+0000] GC(867)   Pre Evacuate Collection Set: 1.8ms
[2025-08-01T01:08:00.828+0000] GC(867)   Merge Heap Roots: 0.5ms
[2025-08-01T01:08:00.828+0000] GC(867)   Evacuate Collection Set: 156.0ms
[2025-08-01T01:08:00.828+0000] GC(867)   Post Evacuate Collection Set: 2.2ms
[2025-08-01T01:08:00.828+0000] GC(867)   Other: 0.3ms
[2025-08-01T01:08:00.828+0000] GC(867) Eden regions: 479->0(422)
[2025-08-01T01:08:00.828+0000] GC(867) Survivor regions: 0->60(60)
[2025-08-01T01:08:00.828+0000] GC(867) Old regions: 349->533
[2025-08-01T01:08:00.828+0000] GC(867) Archive regions: 2->2
[2025-08-01T01:08:00.828+0000] GC(867) Humongous regions: 0->0
[2025-08-01T01:08:00.828+0000] GC(867) Metaspace: 10061K(10304K)->10061K(10304K) NonClass: 8835K(8960K)->8835K(8960K) Class: 1225K(1344K)->1225K(1344K)
[2025-08-01T01:08:00.828+0000] GC(867) Pause Young (Normal) (G1 Evacuation Pause) 1648M->1178M(4096M) 161.285ms
[2025-08-01T01:08:00.828+0000] GC(867) User=1.03s Sys=0.07s Real=0.16s
[2025-08-01T01:08:01.021+0000] GC(868) Pause Young (Concurrent Start) (G1 Evacuation Pause)
[2025-08-01T01:08:01.021+0000] GC(868) Using 8 workers of 8 for evacuation
[2025-08-01T01:08:01.151+0000] GC(868)   Pre Evacuate Collection Set: 0.5ms
[2025-08-01T01:08:01.152+0000] GC(868)   Merge Heap Roots: 1.1ms
[2025-08-01T01:08:01.152+0000] GC(868)   Evacuate Collection Set: 128.0ms
[2025-08-01T01:08:01.152+0000] GC(868)   Post Evacuate Collection Set: 0.8ms
[2025-08-01T01:08:01.152+0000] GC(868)   Other: 0.5ms
[2025-08-01T01:08:01.152+0000] GC(868) Eden regions: 422->0(326)
[2025-08-01T01:08:01.152+0000] GC(868) Survivor regions: 60->61(61)
[2025-08-01T01:08:01.152+0000] GC(868) Old regions: 533->806
[2025-08-01T01:08:01.152+0000] GC(868) Archive regions: 2->2
[2025-08-01T01:08:01.152+0000] GC(868) Humongous regions: 0->0
[2025-08-01T01:08:01.152+0000] GC(868) Metaspace: 10061K(10304K)->10061K(10304K) NonClass: 8835K(8960K)->8835K(8960K) Class: 1225K(1344K)->1225K(1344K)
[2025-08-01T01:08:01.152+0000] GC(868) Pause Young (Concurrent Start) (G1 Evacuation Pause) 2022M->1726M(4096M) 130.956ms
[2025-08-01T01:08:01.152+0000] GC(868) User=0.97s Sys=0.03s Real=0.13s
[2025-08-01T01:08:01.152+0000] GC(869) Concurrent Mark Cycle
[2025-08-01T01:08:01.152+0000] GC(869) Concurrent Clear Claimed Marks
[2025-08-01T01:08:01.152+0000] GC(869) Concurrent Clear Claimed Marks 0.026ms
[2025-08-01T01:08:01.152+0000] GC(869) Concurrent Scan Root Regions
[2025-08-01T01:08:01.226+0000] GC(869) Concurrent Scan Root Regions 74.292ms
[2025-08-01T01:08:01.226+0000] GC(869) Concurrent Mark
[2025-08-01T01:08:01.226+0000] GC(869) Concurrent Mark From Roots
[2025-08-01T01:08:01.226+0000] GC(869) Using 2 workers of 2 for marking
[2025-08-01T01:08:01.247+0000] GC(869) Concurrent Mark From Roots 21.098ms
[2025-08-01T01:08:01.248+0000] GC(869) Concurrent Preclean
[2025-08-01T01:08:01.248+0000] GC(869) Concurrent Preclean 0.429ms
[2025-08-01T01:08:01.248+0000] GC(869) Pause Remark
[2025-08-01T01:08:01.252+0000] GC(869) Pause Remark 2238M->1281M(4096M) 3.790ms
[2025-08-01T01:08:01.252+0000] GC(869) User=0.01s Sys=0.00s Real=0.00s
[2025-08-01T01:08:01.252+0000] GC(869) Concurrent Mark 26.134ms
[2025-08-01T01:08:01.252+0000] GC(869) Concurrent Rebuild Remembered Sets
[2025-08-01T01:08:01.305+0000] GC(870) Pause Young (Normal) (G1 Evacuation Pause)
[2025-08-01T01:08:01.305+0000] GC(870) Using 8 workers of 8 for evacuation
[2025-08-01T01:08:01.440+0000] GC(870)   Pre Evacuate Collection Set: 0.7ms
[2025-08-01T01:08:01.440+0000] GC(870)   Merge Heap Roots: 0.3ms
[2025-08-01T01:08:01.440+0000] GC(870)   Evacuate Collection Set: 132.0ms
[2025-08-01T01:08:01.440+0000] GC(870)   Post Evacuate Collection Set: 1.1ms
[2025-08-01T01:08:01.440+0000] GC(870)   Other: 0.2ms
[2025-08-01T01:08:01.440+0000] GC(870) Eden regions: 326->0(365)
[2025-08-01T01:08:01.440+0000] GC(870) Survivor regions: 61->49(49)
[2025-08-01T01:08:01.440+0000] GC(870) Old regions: 323->663
[2025-08-01T01:08:01.440+0000] GC(870) Archive regions: 2->2
[2025-08-01T01:08:01.440+0000] GC(870) Humongous regions: 0->0
[2025-08-01T01:08:01.440+0000] GC(870) Metaspace: 10061K(10304K)->10061K(10304K) NonClass: 8835K(8960K)->8835K(8960K) Class: 1225K(1344K)->1225K(1344K)
[2025-08-01T01:08:01.440+0000] GC(870) Pause Young (Normal) (G1 Evacuation Pause) 1421M->1424M(4096M) 134.600ms
[2025-08-01T01:08:01.440+0000] GC(870) User=1.00s Sys=0.02s Real=0.13s
[2025-08-01T01:08:01.475+0000] GC(869) Concurrent Rebuild Remembered Sets 222.565ms
[2025-08-01T01:08:01.475+0000] GC(869) Pause Cleanup
[2025-08-01T01:08:01.476+0000] GC(869) Pause Cleanup 1736M->1736M(4096M) 0.810ms
[2025-08-01T01:08:01.476+0000] GC(869) User=0.01s Sys=0.00s Real=0.00s
[2025-08-01T01:08:01.476+0000] GC(869) Concurrent Cleanup for Next Mark
[2025-08-01T01:08:01.487+0000] GC(869) Concurrent Cleanup for Next Mark 10.583ms
[2025-08-01T01:08:01.487+0000] GC(869) Concurrent Mark Cycle 335.098ms
[2025-08-01T01:08:01.596+0000] GC(871) Pause Young (Prepare Mixed) (G1 Evacuation Pause)
[2025-08-01T01:08:01.596+0000] GC(871) Using 8 workers of 8 for evacuation
[2025-08-01T01:08:01.656+0000] GC(871)   Pre Evacuate Collection Set: 0.7ms
[2025-08-01T01:08:01.656+0000] GC(871)   Merge Heap Roots: 1.7ms
[2025-08-01T01:08:01.656+0000] GC(871)   Evacuate Collection Set: 54.7ms
[2025-08-01T01:08:01.656+0000] GC(871)   Post Evacuate Collection Set: 2.1ms
[2025-08-01T01:08:01.656+0000] GC(871)   Other: 0.2ms
[2025-08-01T01:08:01.656+0000] GC(871) Eden regions: 365->0(50)
[2025-08-01T01:08:01.656+0000] GC(871) Survivor regions: 49->52(52)
[2025-08-01T01:08:01.656+0000] GC(871) Old regions: 663->731
[2025-08-01T01:08:01.656+0000] GC(871) Archive regions: 2->2
[2025-08-01T01:08:01.656+0000] GC(871) Humongous regions: 0->0
[2025-08-01T01:08:01.656+0000] GC(871) Metaspace: 10061K(10304K)->10061K(10304K) NonClass: 8835K(8960K)->8835K(8960K) Class: 1225K(1344K)->1225K(1344K)
[2025-08-01T01:08:01.656+0000] GC(871) Pause Young (Prepare Mixed) (G1 Evacuation Pause) 2154M->1567M(4096M) 59.628ms
[2025-08-01T01:08:01.656+0000] GC(871) User=0.40s Sys=0.02s Real=0.06s
[2025-08-01T01:08:01.665+0000] GC(872) Pause Young (Mixed) (G1 Evacuation Pause)
[2025-08-01T01:08:01.666+0000] GC(872) Using 8 workers of 8 for evacuation
[2025-08-01T01:08:01.703+0000] GC(872)   Pre Evacuate Collection Set: 0.6ms
[2025-08-01T01:08:01.703+0000] GC(872)   Merge Heap Roots: 0.2ms
[2025-08-01T01:08:01.703+0000] GC(872)   Evacuate Collection Set: 35.5ms
[2025-08-01T01:08:01.703+0000] GC(872)   Post Evacuate Collection Set: 1.0ms
[2025-08-01T01:08:01.703+0000] GC(872)   Other: 0.2ms
[2025-08-01T01:08:01.703+0000] GC(872) Eden regions: 50->0(352)
[2025-08-01T01:08:01.703+0000] GC(872) Survivor regions: 52->13(13)
[2025-08-01T01:08:01.703+0000] GC(872) Old regions: 731->817
[2025-08-01T01:08:01.703+0000] GC(872) Archive regions: 2->2
[2025-08-01T01:08:01.703+0000] GC(872) Humongous regions: 0->0
[2025-08-01T01:08:01.703+0000] GC(872) Metaspace: 10061K(10304K)->10061K(10304K) NonClass: 8835K(8960K)->8835K(8960K) Class: 1225K(1344K)->1225K(1344K)
[2025-08-01T01:08:01.703+0000] GC(872) Pause Young (Mixed) (G1 Evacuation Pause) 1667M->1660M(4096M) 37.745ms
[2025-08-01T01:08:01.703+0000] GC(872) User=0.27s Sys=0.01s Real=0.04s
[2025-08-01T01:08:01.861+0000] GC(873) Pause Young (Concurrent Start) (G1 Evacuation Pause)
[2025-08-01T01:08:01.861+0000] GC(873) Using 8 workers of 8 for evacuation
[2025-08-01T01:08:02.071+0000] GC(873) MMU target violated: 201.0ms (200.0ms/201.0ms)
[2025-08-01T01:08:02.071+0000] GC(873)   Pre Evacuate Collection Set: 1.3ms
[2025-08-01T01:08:02.071+0000] GC(873)   Merge Heap Roots: 0.5ms
[2025-08-01T01:08:02.071+0000] GC(873)   Evacuate Collection Set: 206.2ms
[2025-08-01T01:08:02.071+0000] GC(873)   Post Evacuate Collection Set: 1.5ms
[2025-08-01T01:08:02.071+0000] GC(873)   Other: 0.4ms
[2025-08-01T01:08:02.071+0000] GC(873) Eden regions: 352->0(208)
[2025-08-01T01:08:02.071+0000] GC(873) Survivor regions: 13->46(46)
[2025-08-01T01:08:02.071+0000] GC(873) Old regions: 817->1137
[2025-08-01T01:08:02.071+0000] GC(873) Archive regions: 2->2
[2025-08-01T01:08:02.071+0000] GC(873) Humongous regions: 0->0
[2025-08-01T01:08:02.071+0000] GC(873) Metaspace: 10061K(10304K)->10061K(10304K) NonClass: 8835K(8960K)->8835K(8960K) Class: 1225K(1344K)->1225K(1344K)
[2025-08-01T01:08:02.071+0000] GC(873) Pause Young (Concurrent Start) (G1 Evacuation Pause) 2364M->2366M(4096M) 210.018ms
[2025-08-01T01:08:02.071+0000] GC(873) User=1.57s Sys=0.05s Real=0.21s
[2025-08-01T01:08:02.072+0000] GC(874) Concurrent Mark Cycle
[2025-08-01T01:08:02.072+0000] GC(874) Concurrent Clear Claimed Marks
[2025-08-01T01:08:02.072+0000] GC(874) Concurrent Clear Claimed Marks 0.033ms
[2025-08-01T01:08:02.072+0000] GC(874) Concurrent Scan Root Regions
[2025-08-01T01:08:02.172+0000] GC(874) Concurrent Scan Root Regions 100.388ms
[2025-08-01T01:08:02.173+0000] GC(874) Concurrent Mark
[2025-08-01T01:08:02.173+0000] GC(874) Concurrent Mark From Roots
[2025-08-01T01:08:02.173+0000] GC(874) Using 2 workers of 2 for marking
[2025-08-01T01:08:02.185+0000] GC(875) Pause Young (Normal) (G1 Evacuation Pause)
[2025-08-01T01:08:02.185+0000] GC(875) Using 8 workers of 8 for evacuation
[2025-08-01T01:08:02.249+0000] GC(875)   Pre Evacuate Collection Set: 0.4ms
[2025-08-01T01:08:02.249+0000] GC(875)   Merge Heap Roots: 0.1ms
[2025-08-01T01:08:02.249+0000] GC(875)   Evacuate Collection Set: 62.2ms
[2025-08-01T01:08:02.249+0000] GC(875)   Post Evacuate Collection Set: 1.2ms
[2025-08-01T01:08:02.249+0000] GC(875)   Other: 0.2ms
[2025-08-01T01:08:02.249+0000] GC(875) Eden regions: 208->0(168)
[2025-08-01T01:08:02.249+0000] GC(875) Survivor regions: 46->32(32)
[2025-08-01T01:08:02.249+0000] GC(875) Old regions: 1137->1289
[2025-08-01T01:08:02.249+0000] GC(875) Archive regions: 2->2
[2025-08-01T01:08:02.249+0000] GC(875) Humongous regions: 0->0
[2025-08-01T01:08:02.249+0000] GC(875) Metaspace: 10061K(10304K)->10061K(10304K) NonClass: 8835K(8960K)->8835K(8960K) Class: 1225K(1344K)->1225K(1344K)
[2025-08-01T01:08:02.249+0000] GC(875) Pause Young (Normal) (G1 Evacuation Pause) 2782M->2643M(4096M) 64.504ms
[2025-08-01T01:08:02.249+0000] GC(875) User=0.49s Sys=0.01s Real=0.06s
[2025-08-01T01:08:02.316+0000] GC(874) Concurrent Mark From Roots 143.060ms
[2025-08-01T01:08:02.316+0000] GC(874) Concurrent Preclean
[2025-08-01T01:08:02.316+0000] GC(874) Concurrent Preclean 0.188ms
[2025-08-01T01:08:02.316+0000] GC(874) Pause Remark
[2025-08-01T01:08:02.318+0000] GC(874) Pause Remark 2904M->1674M(4096M) 2.229ms
[2025-08-01T01:08:02.318+0000] GC(874) User=0.01s Sys=0.00s Real=0.00s
[2025-08-01T01:08:02.318+0000] GC(874) Concurrent Mark 145.828ms
[2025-08-01T01:08:02.318+0000] GC(874) Concurrent Rebuild Remembered Sets
[2025-08-01T01:08:02.333+0000] GC(876) Pause Young (Normal) (G1 Evacuation Pause)
[2025-08-01T01:08:02.333+0000] GC(876) Using 8 workers of 8 for evacuation
[2025-08-01T01:08:02.384+0000] GC(876)   Pre Evacuate Collection Set: 1.3ms
[2025-08-01T01:08:02.384+0000] GC(876)   Merge Heap Roots: 0.3ms
[2025-08-01T01:08:02.384+0000] GC(876)   Evacuate Collection Set: 48.4ms
[2025-08-01T01:08:02.384+0000] GC(876)   Post Evacuate Collection Set: 0.9ms
[2025-08-01T01:08:02.384+0000] GC(876)   Other: 0.6ms
[2025-08-01T01:08:02.384+0000] GC(876) Eden regions: 168->0(333)
[2025-08-01T01:08:02.384+0000] GC(876) Survivor regions: 32->25(25)
[2025-08-01T01:08:02.384+0000] GC(876) Old regions: 674->807
[2025-08-01T01:08:02.384+0000] GC(876) Archive regions: 2->2
[2025-08-01T01:08:02.384+0000] GC(876) Humongous regions: 0->0
[2025-08-01T01:08:02.384+0000] GC(876) Metaspace: 10061K(10304K)->10061K(10304K) NonClass: 8835K(8960K)->8835K(8960K) Class: 1225K(1344K)->1225K(1344K)
[2025-08-01T01:08:02.384+0000] GC(876) Pause Young (Normal) (G1 Evacuation Pause) 1749M->1665M(4096M) 51.460ms
[2025-08-01T01:08:02.384+0000] GC(876) User=0.38s Sys=0.01s Real=0.06s
[2025-08-01T01:08:02.527+0000] GC(877) Pause Young (Normal) (G1 Evacuation Pause)
[2025-08-01T01:08:02.527+0000] GC(877) Using 8 workers of 8 for evacuation
[2025-08-01T01:08:02.607+0000] GC(877)   Pre Evacuate Collection Set: 0.5ms
[2025-08-01T01:08:02.607+0000] GC(877)   Merge Heap Roots: 0.3ms
[2025-08-01T01:08:02.607+0000] GC(877)   Evacuate Collection Set: 78.0ms
[2025-08-01T01:08:02.607+0000] GC(877)   Post Evacuate Collection Set: 1.1ms
[2025-08-01T01:08:02.607+0000] GC(877)   Other: 0.2ms
[2025-08-01T01:08:02.607+0000] GC(877) Eden regions: 333->0(247)
[2025-08-01T01:08:02.607+0000] GC(877) Survivor regions: 25->45(45)
[2025-08-01T01:08:02.607+0000] GC(877) Old regions: 807->1030
[2025-08-01T01:08:02.607+0000] GC(877) Archive regions: 2->2
[2025-08-01T01:08:02.607+0000] GC(877) Humongous regions: 0->0
[2025-08-01T01:08:02.607+0000] GC(877) Metaspace: 10061K(10304K)->10061K(10304K) NonClass: 8835K(8960K)->8835K(8960K) Class: 1225K(1344K)->1225K(1344K)
[2025-08-01T01:08:02.607+0000] GC(877) Pause Young (Normal) (G1 Evacuation Pause) 2331M->2151M(4096M) 80.325ms
[2025-08-01T01:08:02.607+0000] GC(877) User=0.61s Sys=0.00s Real=0.08s
[2025-08-01T01:08:02.656+0000] GC(874) Concurrent Rebuild Remembered Sets 337.829ms
[2025-08-01T01:08:02.657+0000] GC(874) Pause Cleanup
[2025-08-01T01:08:02.657+0000] GC(874) Pause Cleanup 2495M->2495M(4096M) 0.575ms
[2025-08-01T01:08:02.657+0000] GC(874) User=0.00s Sys=0.00s Real=0.00s
[2025-08-01T01:08:02.657+0000] GC(874) Concurrent Cleanup for Next Mark
[2025-08-01T01:08:02.665+0000] GC(874) Concurrent Cleanup for Next Mark 7.732ms
[2025-08-01T01:08:02.665+0000] GC(874) Concurrent Mark Cycle 593.150ms
[2025-08-01T01:08:02.707+0000] GC(878) Pause Young (Prepare Mixed) (G1 Evacuation Pause)
[2025-08-01T01:08:02.708+0000] GC(878) Using 8 workers of 8 for evacuation
[2025-08-01T01:08:02.792+0000] GC(878)   Pre Evacuate Collection Set: 0.8ms
[2025-08-01T01:08:02.792+0000] GC(878)   Merge Heap Roots: 0.2ms
[2025-08-01T01:08:02.792+0000] GC(878)   Evacuate Collection Set: 82.7ms
[2025-08-01T01:08:02.792+0000] GC(878)   Post Evacuate Collection Set: 1.0ms
[2025-08-01T01:08:02.792+0000] GC(878)   Other: 0.2ms
[2025-08-01T01:08:02.792+0000] GC(878) Eden regions: 247->0(65)
[2025-08-01T01:08:02.792+0000] GC(878) Survivor regions: 45->37(37)
[2025-08-01T01:08:02.793+0000] GC(878) Old regions: 1030->1286
[2025-08-01T01:08:02.793+0000] GC(878) Archive regions: 2->2
[2025-08-01T01:08:02.793+0000] GC(878) Humongous regions: 0->0
[2025-08-01T01:08:02.793+0000] GC(878) Metaspace: 10061K(10304K)->10061K(10304K) NonClass: 8835K(8960K)->8835K(8960K) Class: 1225K(1344K)->1225K(1344K)
[2025-08-01T01:08:02.793+0000] GC(878) Pause Young (Prepare Mixed) (G1 Evacuation Pause) 2645M->2647M(4096M) 85.079ms
[2025-08-01T01:08:02.793+0000] GC(878) User=0.66s Sys=0.00s Real=0.08s
[2025-08-01T01:08:02.805+0000] GC(879) Pause Young (Mixed) (G1 Evacuation Pause)
[2025-08-01T01:08:02.805+0000] GC(879) Using 8 workers of 8 for evacuation
[2025-08-01T01:08:02.837+0000] GC(879)   Pre Evacuate Collection Set: 0.5ms
[2025-08-01T01:08:02.837+0000] GC(879)   Merge Heap Roots: 0.2ms
[2025-08-01T01:08:02.838+0000] GC(879)   Evacuate Collection Set: 30.4ms
[2025-08-01T01:08:02.838+0000] GC(879)   Post Evacuate Collection Set: 0.8ms
[2025-08-01T01:08:02.838+0000] GC(879)   Other: 0.2ms
[2025-08-01T01:08:02.838+0000] GC(879) Eden regions: 65->0(142)
[2025-08-01T01:08:02.838+0000] GC(879) Survivor regions: 37->13(13)
[2025-08-01T01:08:02.838+0000] GC(879) Old regions: 1286->1372
[2025-08-01T01:08:02.838+0000] GC(879) Archive regions: 2->2
[2025-08-01T01:08:02.838+0000] GC(879) Humongous regions: 0->0
[2025-08-01T01:08:02.838+0000] GC(879) Metaspace: 10061K(10304K)->10061K(10304K) NonClass: 8835K(8960K)->8835K(8960K) Class: 1225K(1344K)->1225K(1344K)
[2025-08-01T01:08:02.838+0000] GC(879) Pause Young (Mixed) (G1 Evacuation Pause) 2777M->2771M(4096M) 32.304ms
[2025-08-01T01:08:02.838+0000] GC(879) User=0.25s Sys=0.00s Real=0.03s
[2025-08-01T01:08:02.908+0000] GC(880) Pause Young (Concurrent Start) (G1 Evacuation Pause)
[2025-08-01T01:08:02.908+0000] GC(880) Using 8 workers of 8 for evacuation
[2025-08-01T01:08:02.945+0000] GC(880)   Pre Evacuate Collection Set: 0.7ms
[2025-08-01T01:08:02.945+0000] GC(880)   Merge Heap Roots: 0.2ms
[2025-08-01T01:08:02.945+0000] GC(880)   Evacuate Collection Set: 34.8ms
[2025-08-01T01:08:02.945+0000] GC(880)   Post Evacuate Collection Set: 0.9ms
[2025-08-01T01:08:02.945+0000] GC(880)   Other: 0.4ms
[2025-08-01T01:08:02.945+0000] GC(880) Eden regions: 142->0(122)
[2025-08-01T01:08:02.945+0000] GC(880) Survivor regions: 13->20(20)
[2025-08-01T01:08:02.945+0000] GC(880) Old regions: 1372->1445
[2025-08-01T01:08:02.945+0000] GC(880) Archive regions: 2->2
[2025-08-01T01:08:02.945+0000] GC(880) Humongous regions: 0->0
[2025-08-01T01:08:02.945+0000] GC(880) Metaspace: 10061K(10304K)->10061K(10304K) NonClass: 8835K(8960K)->8835K(8960K) Class: 1225K(1344K)->1225K(1344K)
[2025-08-01T01:08:02.945+0000] GC(880) Pause Young (Concurrent Start) (G1 Evacuation Pause) 3055M->2931M(4096M) 37.092ms
[2025-08-01T01:08:02.946+0000] GC(880) User=0.27s Sys=0.01s Real=0.04s
[2025-08-01T01:08:02.946+0000] GC(881) Concurrent Mark Cycle
[2025-08-01T01:08:02.946+0000] GC(881) Concurrent Clear Claimed Marks
[2025-08-01T01:08:02.946+0000] GC(881) Concurrent Clear Claimed Marks 0.049ms
[2025-08-01T01:08:02.946+0000] GC(881) Concurrent Scan Root Regions
[2025-08-01T01:08:02.970+0000] GC(881) Concurrent Scan Root Regions 24.332ms
[2025-08-01T01:08:02.970+0000] GC(881) Concurrent Mark
[2025-08-01T01:08:02.970+0000] GC(881) Concurrent Mark From Roots
[2025-08-01T01:08:02.970+0000] GC(881) Using 2 workers of 2 for marking
[2025-08-01T01:08:02.973+0000] GC(882) Pause Young (Normal) (G1 Evacuation Pause)
[2025-08-01T01:08:02.974+0000] GC(882) Using 8 workers of 8 for evacuation
[2025-08-01T01:08:03.015+0000] GC(882)   Pre Evacuate Collection Set: 0.7ms
[2025-08-01T01:08:03.015+0000] GC(882)   Merge Heap Roots: 0.3ms
[2025-08-01T01:08:03.015+0000] GC(882)   Evacuate Collection Set: 39.6ms
[2025-08-01T01:08:03.015+0000] GC(882)   Post Evacuate Collection Set: 0.8ms
[2025-08-01T01:08:03.015+0000] GC(882)   Other: 0.2ms
[2025-08-01T01:08:03.015+0000] GC(882) Eden regions: 122->0(84)
[2025-08-01T01:08:03.015+0000] GC(882) Survivor regions: 20->18(18)
[2025-08-01T01:08:03.015+0000] GC(882) Old regions: 1445->1571
[2025-08-01T01:08:03.015+0000] GC(882) Archive regions: 2->2
[2025-08-01T01:08:03.015+0000] GC(882) Humongous regions: 0->0
[2025-08-01T01:08:03.015+0000] GC(882) Metaspace: 10061K(10304K)->10061K(10304K) NonClass: 8835K(8960K)->8835K(8960K) Class: 1225K(1344K)->1225K(1344K)
[2025-08-01T01:08:03.015+0000] GC(882) Pause Young (Normal) (G1 Evacuation Pause) 3175M->3178M(4096M) 41.830ms
[2025-08-01T01:08:03.015+0000] GC(882) User=0.32s Sys=0.00s Real=0.04s
[2025-08-01T01:08:03.039+0000] GC(883) Pause Young (Normal) (G1 Evacuation Pause)
[2025-08-01T01:08:03.039+0000] GC(883) Using 8 workers of 8 for evacuation
[2025-08-01T01:08:03.071+0000] GC(883)   Pre Evacuate Collection Set: 0.3ms
[2025-08-01T01:08:03.071+0000] GC(883)   Merge Heap Roots: 0.2ms
[2025-08-01T01:08:03.071+0000] GC(883)   Evacuate Collection Set: 30.7ms
[2025-08-01T01:08:03.071+0000] GC(883)   Post Evacuate Collection Set: 0.8ms
[2025-08-01T01:08:03.071+0000] GC(883)   Other: 0.3ms
[2025-08-01T01:08:03.071+0000] GC(883) Eden regions: 84->0(89)
[2025-08-01T01:08:03.071+0000] GC(883) Survivor regions: 18->13(13)
[2025-08-01T01:08:03.071+0000] GC(883) Old regions: 1571->1662
[2025-08-01T01:08:03.071+0000] GC(883) Archive regions: 2->2
[2025-08-01T01:08:03.071+0000] GC(883) Humongous regions: 0->0
[2025-08-01T01:08:03.071+0000] GC(883) Metaspace: 10061K(10304K)->10061K(10304K) NonClass: 8835K(8960K)->8835K(8960K) Class: 1225K(1344K)->1225K(1344K)
[2025-08-01T01:08:03.071+0000] GC(883) Pause Young (Normal) (G1 Evacuation Pause) 3346M->3351M(4096M) 32.474ms
[2025-08-01T01:08:03.071+0000] GC(883) User=0.24s Sys=0.00s Real=0.03s
[2025-08-01T01:08:03.094+0000] GC(884) Pause Young (Normal) (G1 Evacuation Pause)
[2025-08-01T01:08:03.094+0000] GC(884) Using 8 workers of 8 for evacuation
[2025-08-01T01:08:03.113+0000] GC(884)   Pre Evacuate Collection Set: 0.4ms
[2025-08-01T01:08:03.113+0000] GC(884)   Merge Heap Roots: 0.2ms
[2025-08-01T01:08:03.113+0000] GC(884)   Evacuate Collection Set: 17.9ms
[2025-08-01T01:08:03.113+0000] GC(884)   Post Evacuate Collection Set: 0.8ms
[2025-08-01T01:08:03.113+0000] GC(884)   Other: 0.2ms
[2025-08-01T01:08:03.113+0000] GC(884) Eden regions: 89->0(89)
[2025-08-01T01:08:03.113+0000] GC(884) Survivor regions: 13->13(13)
[2025-08-01T01:08:03.113+0000] GC(884) Old regions: 1662->1709
[2025-08-01T01:08:03.113+0000] GC(884) Archive regions: 2->2
[2025-08-01T01:08:03.113+0000] GC(884) Humongous regions: 0->0
[2025-08-01T01:08:03.113+0000] GC(884) Metaspace: 10061K(10304K)->10061K(10304K) NonClass: 8835K(8960K)->8835K(8960K) Class: 1225K(1344K)->1225K(1344K)
[2025-08-01T01:08:03.113+0000] GC(884) Pause Young (Normal) (G1 Evacuation Pause) 3529M->3445M(4096M) 19.725ms
[2025-08-01T01:08:03.113+0000] GC(884) User=0.14s Sys=0.00s Real=0.02s
[2025-08-01T01:08:03.155+0000] GC(885) Pause Young (Normal) (G1 Evacuation Pause)
[2025-08-01T01:08:03.155+0000] GC(885) Using 8 workers of 8 for evacuation
[2025-08-01T01:08:03.191+0000] GC(885)   Pre Evacuate Collection Set: 0.8ms
[2025-08-01T01:08:03.191+0000] GC(885)   Merge Heap Roots: 0.2ms
[2025-08-01T01:08:03.191+0000] GC(885)   Evacuate Collection Set: 33.2ms
[2025-08-01T01:08:03.191+0000] GC(885)   Post Evacuate Collection Set: 0.9ms
[2025-08-01T01:08:03.191+0000] GC(885)   Other: 0.2ms
[2025-08-01T01:08:03.191+0000] GC(885) Eden regions: 89->0(89)
[2025-08-01T01:08:03.191+0000] GC(885) Survivor regions: 13->13(13)
[2025-08-01T01:08:03.191+0000] GC(885) Old regions: 1709->1799
[2025-08-01T01:08:03.191+0000] GC(885) Archive regions: 2->2
[2025-08-01T01:08:03.191+0000] GC(885) Humongous regions: 0->0
[2025-08-01T01:08:03.191+0000] GC(885) Metaspace: 10061K(10304K)->10061K(10304K) NonClass: 8835K(8960K)->8835K(8960K) Class: 1225K(1344K)->1225K(1344K)
[2025-08-01T01:08:03.191+0000] GC(885) Pause Young (Normal) (G1 Evacuation Pause) 3623M->3625M(4096M) 35.511ms
[2025-08-01T01:08:03.191+0000] GC(885) User=0.26s Sys=0.00s Real=0.03s
[2025-08-01T01:08:03.195+0000] GC(881) Concurrent Mark From Roots 225.067ms
[2025-08-01T01:08:03.195+0000] GC(881) Concurrent Preclean
[2025-08-01T01:08:03.196+0000] GC(881) Concurrent Preclean 0.351ms
[2025-08-01T01:08:03.196+0000] GC(881) Pause Remark
[2025-08-01T01:08:03.199+0000] GC(881) Pause Remark 3677M->1829M(4096M) 3.052ms
[2025-08-01T01:08:03.199+0000] GC(881) User=0.01s Sys=0.00s Real=0.00s
[2025-08-01T01:08:03.199+0000] GC(881) Concurrent Mark 229.202ms
[2025-08-01T01:08:03.199+0000] GC(881) Concurrent Rebuild Remembered Sets
[2025-08-01T01:08:03.215+0000] GC(886) Pause Young (Normal) (G1 Evacuation Pause)
[2025-08-01T01:08:03.215+0000] GC(886) Using 8 workers of 8 for evacuation
[2025-08-01T01:08:03.246+0000] GC(886)   Pre Evacuate Collection Set: 0.5ms
[2025-08-01T01:08:03.247+0000] GC(886)   Merge Heap Roots: 0.2ms
[2025-08-01T01:08:03.247+0000] GC(886)   Evacuate Collection Set: 29.4ms
[2025-08-01T01:08:03.247+0000] GC(886)   Post Evacuate Collection Set: 0.8ms
[2025-08-01T01:08:03.247+0000] GC(886)   Other: 0.2ms
[2025-08-01T01:08:03.247+0000] GC(886) Eden regions: 89->0(281)
[2025-08-01T01:08:03.247+0000] GC(886) Survivor regions: 13->13(13)
[2025-08-01T01:08:03.247+0000] GC(886) Old regions: 875->964
[2025-08-01T01:08:03.247+0000] GC(886) Archive regions: 2->2
[2025-08-01T01:08:03.247+0000] GC(886) Humongous regions: 0->0
[2025-08-01T01:08:03.247+0000] GC(886) Metaspace: 10061K(10304K)->10061K(10304K) NonClass: 8835K(8960K)->8835K(8960K) Class: 1225K(1344K)->1225K(1344K)
[2025-08-01T01:08:03.247+0000] GC(886) Pause Young (Normal) (G1 Evacuation Pause) 1955M->1955M(4096M) 31.267ms
[2025-08-01T01:08:03.247+0000] GC(886) User=0.24s Sys=0.00s Real=0.03s
[2025-08-01T01:08:03.361+0000] GC(887) Pause Young (Normal) (G1 Evacuation Pause)
[2025-08-01T01:08:03.361+0000] GC(887) Using 8 workers of 8 for evacuation
[2025-08-01T01:08:03.456+0000] GC(887)   Pre Evacuate Collection Set: 0.6ms
[2025-08-01T01:08:03.456+0000] GC(887)   Merge Heap Roots: 0.2ms
[2025-08-01T01:08:03.456+0000] GC(887)   Evacuate Collection Set: 93.7ms
[2025-08-01T01:08:03.456+0000] GC(887)   Post Evacuate Collection Set: 1.1ms
[2025-08-01T01:08:03.456+0000] GC(887)   Other: 0.2ms
[2025-08-01T01:08:03.456+0000] GC(887) Eden regions: 281->0(181)
[2025-08-01T01:08:03.457+0000] GC(887) Survivor regions: 13->37(37)
[2025-08-01T01:08:03.457+0000] GC(887) Old regions: 964->1223
[2025-08-01T01:08:03.457+0000] GC(887) Archive regions: 2->2
[2025-08-01T01:08:03.457+0000] GC(887) Humongous regions: 0->0
[2025-08-01T01:08:03.457+0000] GC(887) Metaspace: 10061K(10304K)->10061K(10304K) NonClass: 8835K(8960K)->8835K(8960K) Class: 1225K(1344K)->1225K(1344K)
[2025-08-01T01:08:03.457+0000] GC(887) Pause Young (Normal) (G1 Evacuation Pause) 2517M->2521M(4096M) 95.859ms
[2025-08-01T01:08:03.457+0000] GC(887) User=0.74s Sys=0.01s Real=0.10s
[2025-08-01T01:08:03.533+0000] GC(881) Concurrent Rebuild Remembered Sets 334.152ms
[2025-08-01T01:08:03.534+0000] GC(881) Pause Cleanup
[2025-08-01T01:08:03.535+0000] GC(881) Pause Cleanup 2835M->2835M(4096M) 0.837ms
[2025-08-01T01:08:03.535+0000] GC(881) User=0.00s Sys=0.00s Real=0.00s
[2025-08-01T01:08:03.535+0000] GC(881) Concurrent Cleanup for Next Mark
[2025-08-01T01:08:03.542+0000] GC(888) Pause Young (Prepare Mixed) (G1 Evacuation Pause)
[2025-08-01T01:08:03.542+0000] GC(888) Using 8 workers of 8 for evacuation
[2025-08-01T01:08:03.584+0000] GC(888)   Pre Evacuate Collection Set: 0.4ms
[2025-08-01T01:08:03.584+0000] GC(888)   Merge Heap Roots: 0.2ms
[2025-08-01T01:08:03.584+0000] GC(888)   Evacuate Collection Set: 39.9ms
[2025-08-01T01:08:03.584+0000] GC(888)   Post Evacuate Collection Set: 0.7ms
[2025-08-01T01:08:03.584+0000] GC(888)   Other: 0.2ms
[2025-08-01T01:08:03.584+0000] GC(888) Eden regions: 181->0(74)
[2025-08-01T01:08:03.584+0000] GC(888) Survivor regions: 37->28(28)
[2025-08-01T01:08:03.584+0000] GC(888) Old regions: 1223->1337
[2025-08-01T01:08:03.584+0000] GC(888) Archive regions: 2->2
[2025-08-01T01:08:03.584+0000] GC(888) Humongous regions: 0->0
[2025-08-01T01:08:03.584+0000] GC(888) Metaspace: 10061K(10304K)->10061K(10304K) NonClass: 8835K(8960K)->8835K(8960K) Class: 1225K(1344K)->1225K(1344K)
[2025-08-01T01:08:03.584+0000] GC(888) Pause Young (Prepare Mixed) (G1 Evacuation Pause) 2883M->2731M(4096M) 41.601ms
[2025-08-01T01:08:03.584+0000] GC(888) User=0.32s Sys=0.00s Real=0.05s
[2025-08-01T01:08:03.593+0000] GC(881) Concurrent Cleanup for Next Mark 57.593ms
[2025-08-01T01:08:03.593+0000] GC(881) Concurrent Mark Cycle 647.137ms
[2025-08-01T01:08:03.600+0000] GC(889) Pause Young (Mixed) (G1 Evacuation Pause)
[2025-08-01T01:08:03.600+0000] GC(889) Using 8 workers of 8 for evacuation
[2025-08-01T01:08:03.632+0000] GC(889)   Pre Evacuate Collection Set: 0.6ms
[2025-08-01T01:08:03.632+0000] GC(889)   Merge Heap Roots: 0.3ms
[2025-08-01T01:08:03.632+0000] GC(889)   Evacuate Collection Set: 29.2ms
[2025-08-01T01:08:03.632+0000] GC(889)   Post Evacuate Collection Set: 1.0ms
[2025-08-01T01:08:03.632+0000] GC(889)   Other: 0.3ms
[2025-08-01T01:08:03.632+0000] GC(889) Eden regions: 74->0(173)
[2025-08-01T01:08:03.632+0000] GC(889) Survivor regions: 28->13(13)
[2025-08-01T01:08:03.632+0000] GC(889) Old regions: 1337->1292
[2025-08-01T01:08:03.632+0000] GC(889) Archive regions: 2->2
[2025-08-01T01:08:03.632+0000] GC(889) Humongous regions: 0->0
[2025-08-01T01:08:03.632+0000] GC(889) Metaspace: 10061K(10304K)->10061K(10304K) NonClass: 8835K(8960K)->8835K(8960K) Class: 1225K(1344K)->1225K(1344K)
[2025-08-01T01:08:03.632+0000] GC(889) Pause Young (Mixed) (G1 Evacuation Pause) 2879M->2611M(4096M) 31.579ms
[2025-08-01T01:08:03.632+0000] GC(889) User=0.24s Sys=0.00s Real=0.03s
[2025-08-01T01:08:03.703+0000] GC(890) Pause Young (Concurrent Start) (G1 Evacuation Pause)
[2025-08-01T01:08:03.703+0000] GC(890) Using 8 workers of 8 for evacuation
[2025-08-01T01:08:03.762+0000] GC(890)   Pre Evacuate Collection Set: 0.4ms
[2025-08-01T01:08:03.762+0000] GC(890)   Merge Heap Roots: 0.2ms
[2025-08-01T01:08:03.762+0000] GC(890)   Evacuate Collection Set: 57.0ms
[2025-08-01T01:08:03.762+0000] GC(890)   Post Evacuate Collection Set: 0.9ms
[2025-08-01T01:08:03.762+0000] GC(890)   Other: 0.3ms
[2025-08-01T01:08:03.762+0000] GC(890) Eden regions: 173->0(134)
[2025-08-01T01:08:03.762+0000] GC(890) Survivor regions: 13->24(24)
[2025-08-01T01:08:03.762+0000] GC(890) Old regions: 1292->1410
[2025-08-01T01:08:03.762+0000] GC(890) Archive regions: 2->2
[2025-08-01T01:08:03.762+0000] GC(890) Humongous regions: 0->0
[2025-08-01T01:08:03.762+0000] GC(890) Metaspace: 10061K(10304K)->10061K(10304K) NonClass: 8835K(8960K)->8835K(8960K) Class: 1225K(1344K)->1225K(1344K)
[2025-08-01T01:08:03.762+0000] GC(890) Pause Young (Concurrent Start) (G1 Evacuation Pause) 2957M->2868M(4096M) 59.005ms
[2025-08-01T01:08:03.762+0000] GC(890) User=0.44s Sys=0.01s Real=0.06s
[2025-08-01T01:08:03.762+0000] GC(891) Concurrent Mark Cycle
[2025-08-01T01:08:03.762+0000] GC(891) Concurrent Clear Claimed Marks
[2025-08-01T01:08:03.762+0000] GC(891) Concurrent Clear Claimed Marks 0.024ms
[2025-08-01T01:08:03.762+0000] GC(891) Concurrent Scan Root Regions
[2025-08-01T01:08:03.795+0000] GC(891) Concurrent Scan Root Regions 33.343ms
[2025-08-01T01:08:03.795+0000] GC(891) Concurrent Mark
[2025-08-01T01:08:03.795+0000] GC(891) Concurrent Mark From Roots
[2025-08-01T01:08:03.795+0000] GC(891) Using 2 workers of 2 for marking
[2025-08-01T01:08:03.830+0000] GC(892) Pause Young (Normal) (G1 Evacuation Pause)
[2025-08-01T01:08:03.830+0000] GC(892) Using 8 workers of 8 for evacuation
[2025-08-01T01:08:03.882+0000] GC(892)   Pre Evacuate Collection Set: 0.7ms
[2025-08-01T01:08:03.882+0000] GC(892)   Merge Heap Roots: 0.2ms
[2025-08-01T01:08:03.882+0000] GC(892)   Evacuate Collection Set: 50.8ms
[2025-08-01T01:08:03.882+0000] GC(892)   Post Evacuate Collection Set: 0.9ms
[2025-08-01T01:08:03.882+0000] GC(892)   Other: 0.2ms
[2025-08-01T01:08:03.882+0000] GC(892) Eden regions: 134->0(88)
[2025-08-01T01:08:03.882+0000] GC(892) Survivor regions: 24->20(20)
[2025-08-01T01:08:03.882+0000] GC(892) Old regions: 1410->1537
[2025-08-01T01:08:03.882+0000] GC(892) Archive regions: 2->2
[2025-08-01T01:08:03.882+0000] GC(892) Humongous regions: 0->0
[2025-08-01T01:08:03.882+0000] GC(892) Metaspace: 10061K(10304K)->10061K(10304K) NonClass: 8835K(8960K)->8835K(8960K) Class: 1225K(1344K)->1225K(1344K)
[2025-08-01T01:08:03.882+0000] GC(892) Pause Young (Normal) (G1 Evacuation Pause) 3136M->3115M(4096M) 52.864ms
[2025-08-01T01:08:03.882+0000] GC(892) User=0.39s Sys=0.02s Real=0.05s
[2025-08-01T01:08:03.901+0000] GC(893) Pause Young (Normal) (G1 Evacuation Pause)
[2025-08-01T01:08:03.901+0000] GC(893) Using 8 workers of 8 for evacuation
[2025-08-01T01:08:03.933+0000] GC(893)   Pre Evacuate Collection Set: 0.5ms
[2025-08-01T01:08:03.933+0000] GC(893)   Merge Heap Roots: 0.2ms
[2025-08-01T01:08:03.933+0000] GC(893)   Evacuate Collection Set: 29.9ms
[2025-08-01T01:08:03.933+0000] GC(893)   Post Evacuate Collection Set: 1.0ms
[2025-08-01T01:08:03.933+0000] GC(893)   Other: 0.2ms
[2025-08-01T01:08:03.933+0000] GC(893) Eden regions: 88->0(88)
[2025-08-01T01:08:03.933+0000] GC(893) Survivor regions: 20->14(14)
[2025-08-01T01:08:03.933+0000] GC(893) Old regions: 1537->1633
[2025-08-01T01:08:03.933+0000] GC(893) Archive regions: 2->2
[2025-08-01T01:08:03.933+0000] GC(893) Humongous regions: 0->0
[2025-08-01T01:08:03.933+0000] GC(893) Metaspace: 10061K(10304K)->10061K(10304K) NonClass: 8835K(8960K)->8835K(8960K) Class: 1225K(1344K)->1225K(1344K)
[2025-08-01T01:08:03.933+0000] GC(893) Pause Young (Normal) (G1 Evacuation Pause) 3291M->3294M(4096M) 32.031ms
[2025-08-01T01:08:03.933+0000] GC(893) User=0.23s Sys=0.00s Real=0.04s
[2025-08-01T01:08:03.985+0000] GC(891) Concurrent Mark From Roots 189.481ms
[2025-08-01T01:08:03.985+0000] GC(891) Concurrent Preclean
[2025-08-01T01:08:03.985+0000] GC(891) Concurrent Preclean 0.316ms
[2025-08-01T01:08:03.986+0000] GC(891) Pause Remark
[2025-08-01T01:08:03.988+0000] GC(891) Pause Remark 3455M->1715M(4096M) 2.627ms
[2025-08-01T01:08:03.988+0000] GC(891) User=0.01s Sys=0.00s Real=0.00s
[2025-08-01T01:08:03.988+0000] GC(891) Concurrent Mark 192.941ms
[2025-08-01T01:08:03.988+0000] GC(891) Concurrent Rebuild Remembered Sets
[2025-08-01T01:08:04.001+0000] GC(894) Pause Young (Normal) (G1 Evacuation Pause)
[2025-08-01T01:08:04.001+0000] GC(894) Using 8 workers of 8 for evacuation
[2025-08-01T01:08:04.033+0000] GC(894)   Pre Evacuate Collection Set: 0.5ms
[2025-08-01T01:08:04.033+0000] GC(894)   Merge Heap Roots: 0.2ms
[2025-08-01T01:08:04.033+0000] GC(894)   Evacuate Collection Set: 30.4ms
[2025-08-01T01:08:04.033+0000] GC(894)   Post Evacuate Collection Set: 0.6ms
[2025-08-01T01:08:04.033+0000] GC(894)   Other: 0.2ms
[2025-08-01T01:08:04.033+0000] GC(894) Eden regions: 88->0(322)
[2025-08-01T01:08:04.033+0000] GC(894) Survivor regions: 14->13(13)
[2025-08-01T01:08:04.033+0000] GC(894) Old regions: 763->854
[2025-08-01T01:08:04.033+0000] GC(894) Archive regions: 2->2
[2025-08-01T01:08:04.033+0000] GC(894) Humongous regions: 0->0
[2025-08-01T01:08:04.033+0000] GC(894) Metaspace: 10061K(10304K)->10061K(10304K) NonClass: 8835K(8960K)->8835K(8960K) Class: 1225K(1344K)->1225K(1344K)
[2025-08-01T01:08:04.033+0000] GC(894) Pause Young (Normal) (G1 Evacuation Pause) 1730M->1735M(4096M) 32.024ms
[2025-08-01T01:08:04.033+0000] GC(894) User=0.24s Sys=0.00s Real=0.03s
[2025-08-01T01:08:04.148+0000] GC(895) Pause Young (Normal) (G1 Evacuation Pause)
[2025-08-01T01:08:04.148+0000] GC(895) Using 8 workers of 8 for evacuation
[2025-08-01T01:08:04.239+0000] GC(895)   Pre Evacuate Collection Set: 0.4ms
[2025-08-01T01:08:04.240+0000] GC(895)   Merge Heap Roots: 0.2ms
[2025-08-01T01:08:04.240+0000] GC(895)   Evacuate Collection Set: 89.4ms
[2025-08-01T01:08:04.240+0000] GC(895)   Post Evacuate Collection Set: 1.2ms
[2025-08-01T01:08:04.240+0000] GC(895)   Other: 0.2ms
[2025-08-01T01:08:04.240+0000] GC(895) Eden regions: 322->0(224)
[2025-08-01T01:08:04.240+0000] GC(895) Survivor regions: 13->42(42)
[2025-08-01T01:08:04.240+0000] GC(895) Old regions: 854->1104
[2025-08-01T01:08:04.240+0000] GC(895) Archive regions: 2->2
[2025-08-01T01:08:04.240+0000] GC(895) Humongous regions: 0->0
[2025-08-01T01:08:04.240+0000] GC(895) Metaspace: 10061K(10304K)->10061K(10304K) NonClass: 8835K(8960K)->8835K(8960K) Class: 1225K(1344K)->1225K(1344K)
[2025-08-01T01:08:04.240+0000] GC(895) Pause Young (Normal) (G1 Evacuation Pause) 2379M->2292M(4096M) 91.637ms
[2025-08-01T01:08:04.240+0000] GC(895) User=0.70s Sys=0.02s Real=0.09s
[2025-08-01T01:08:04.289+0000] GC(891) Concurrent Rebuild Remembered Sets 300.259ms
[2025-08-01T01:08:04.289+0000] GC(891) Pause Cleanup
[2025-08-01T01:08:04.290+0000] GC(891) Pause Cleanup 2356M->2356M(4096M) 1.111ms
[2025-08-01T01:08:04.290+0000] GC(891) User=0.00s Sys=0.00s Real=0.00s
[2025-08-01T01:08:04.290+0000] GC(891) Concurrent Cleanup for Next Mark
[2025-08-01T01:08:04.303+0000] GC(891) Concurrent Cleanup for Next Mark 12.302ms
[2025-08-01T01:08:04.303+0000] GC(891) Concurrent Mark Cycle 540.715ms
[2025-08-01T01:08:04.383+0000] GC(896) Pause Young (Prepare Mixed) (G1 Evacuation Pause)
[2025-08-01T01:08:04.383+0000] GC(896) Using 8 workers of 8 for evacuation
[2025-08-01T01:08:04.492+0000] GC(896)   Pre Evacuate Collection Set: 0.6ms
[2025-08-01T01:08:04.492+0000] GC(896)   Merge Heap Roots: 0.3ms
[2025-08-01T01:08:04.492+0000] GC(896)   Evacuate Collection Set: 105.6ms
[2025-08-01T01:08:04.492+0000] GC(896)   Post Evacuate Collection Set: 2.0ms
[2025-08-01T01:08:04.492+0000] GC(896)   Other: 0.2ms
[2025-08-01T01:08:04.492+0000] GC(896) Eden regions: 224->0(68)
[2025-08-01T01:08:04.492+0000] GC(896) Survivor regions: 42->34(34)
[2025-08-01T01:08:04.492+0000] GC(896) Old regions: 1104->1257
[2025-08-01T01:08:04.492+0000] GC(896) Archive regions: 2->2
[2025-08-01T01:08:04.492+0000] GC(896) Humongous regions: 0->0
[2025-08-01T01:08:04.492+0000] GC(896) Metaspace: 10061K(10304K)->10061K(10304K) NonClass: 8835K(8960K)->8835K(8960K) Class: 1225K(1344K)->1225K(1344K)
[2025-08-01T01:08:04.492+0000] GC(896) Pause Young (Prepare Mixed) (G1 Evacuation Pause) 2740M->2583M(4096M) 108.821ms
[2025-08-01T01:08:04.492+0000] GC(896) User=0.78s Sys=0.04s Real=0.10s
[2025-08-01T01:08:04.523+0000] GC(897) Pause Young (Mixed) (G1 Evacuation Pause)
[2025-08-01T01:08:04.523+0000] GC(897) Using 8 workers of 8 for evacuation
[2025-08-01T01:08:04.567+0000] GC(897)   Pre Evacuate Collection Set: 0.3ms
[2025-08-01T01:08:04.567+0000] GC(897)   Merge Heap Roots: 0.2ms
[2025-08-01T01:08:04.567+0000] GC(897)   Evacuate Collection Set: 42.0ms
[2025-08-01T01:08:04.567+0000] GC(897)   Post Evacuate Collection Set: 1.3ms
[2025-08-01T01:08:04.567+0000] GC(897)   Other: 0.2ms
[2025-08-01T01:08:04.567+0000] GC(897) Eden regions: 68->0(186)
[2025-08-01T01:08:04.567+0000] GC(897) Survivor regions: 34->13(13)
[2025-08-01T01:08:04.567+0000] GC(897) Old regions: 1257->1255
[2025-08-01T01:08:04.567+0000] GC(897) Archive regions: 2->2
[2025-08-01T01:08:04.567+0000] GC(897) Humongous regions: 0->0
[2025-08-01T01:08:04.567+0000] GC(897) Metaspace: 10061K(10304K)->10061K(10304K) NonClass: 8835K(8960K)->8835K(8960K) Class: 1225K(1344K)->1225K(1344K)
[2025-08-01T01:08:04.567+0000] GC(897) Pause Young (Mixed) (G1 Evacuation Pause) 2719M->2537M(4096M) 44.194ms
[2025-08-01T01:08:04.567+0000] GC(897) User=0.31s Sys=0.01s Real=0.04s
[2025-08-01T01:08:04.653+0000] GC(898) Pause Young (Concurrent Start) (G1 Evacuation Pause)
[2025-08-01T01:08:04.653+0000] GC(898) Using 8 workers of 8 for evacuation
[2025-08-01T01:08:04.707+0000] GC(898)   Pre Evacuate Collection Set: 0.5ms
[2025-08-01T01:08:04.707+0000] GC(898)   Merge Heap Roots: 0.1ms
[2025-08-01T01:08:04.707+0000] GC(898)   Evacuate Collection Set: 52.9ms
[2025-08-01T01:08:04.707+0000] GC(898)   Post Evacuate Collection Set: 0.9ms
[2025-08-01T01:08:04.707+0000] GC(898)   Other: 0.3ms
[2025-08-01T01:08:04.707+0000] GC(898) Eden regions: 186->0(133)
[2025-08-01T01:08:04.707+0000] GC(898) Survivor regions: 13->25(25)
[2025-08-01T01:08:04.707+0000] GC(898) Old regions: 1255->1402
[2025-08-01T01:08:04.707+0000] GC(898) Archive regions: 2->2
[2025-08-01T01:08:04.707+0000] GC(898) Humongous regions: 0->0
[2025-08-01T01:08:04.707+0000] GC(898) Metaspace: 10061K(10304K)->10061K(10304K) NonClass: 8835K(8960K)->8835K(8960K) Class: 1225K(1344K)->1225K(1344K)
[2025-08-01T01:08:04.707+0000] GC(898) Pause Young (Concurrent Start) (G1 Evacuation Pause) 2909M->2855M(4096M) 54.908ms
[2025-08-01T01:08:04.707+0000] GC(898) User=0.42s Sys=0.00s Real=0.06s
[2025-08-01T01:08:04.708+0000] GC(899) Concurrent Mark Cycle
[2025-08-01T01:08:04.708+0000] GC(899) Concurrent Clear Claimed Marks
[2025-08-01T01:08:04.708+0000] GC(899) Concurrent Clear Claimed Marks 0.016ms
[2025-08-01T01:08:04.708+0000] GC(899) Concurrent Scan Root Regions
[2025-08-01T01:08:04.743+0000] GC(899) Concurrent Scan Root Regions 35.470ms
[2025-08-01T01:08:04.743+0000] GC(899) Concurrent Mark
[2025-08-01T01:08:04.743+0000] GC(899) Concurrent Mark From Roots
[2025-08-01T01:08:04.743+0000] GC(899) Using 2 workers of 2 for marking
[2025-08-01T01:08:04.776+0000] GC(900) Pause Young (Normal) (G1 Evacuation Pause)
[2025-08-01T01:08:04.777+0000] GC(900) Using 8 workers of 8 for evacuation
[2025-08-01T01:08:04.822+0000] GC(900)   Pre Evacuate Collection Set: 0.4ms
[2025-08-01T01:08:04.823+0000] GC(900)   Merge Heap Roots: 0.2ms
[2025-08-01T01:08:04.823+0000] GC(900)   Evacuate Collection Set: 44.2ms
[2025-08-01T01:08:04.823+0000] GC(900)   Post Evacuate Collection Set: 0.9ms
[2025-08-01T01:08:04.823+0000] GC(900)   Other: 0.2ms
[2025-08-01T01:08:04.823+0000] GC(900) Eden regions: 133->0(87)
[2025-08-01T01:08:04.823+0000] GC(900) Survivor regions: 25->20(20)
[2025-08-01T01:08:04.823+0000] GC(900) Old regions: 1402->1541
[2025-08-01T01:08:04.823+0000] GC(900) Archive regions: 2->2
[2025-08-01T01:08:04.823+0000] GC(900) Humongous regions: 0->0
[2025-08-01T01:08:04.823+0000] GC(900) Metaspace: 10061K(10304K)->10061K(10304K) NonClass: 8835K(8960K)->8835K(8960K) Class: 1225K(1344K)->1225K(1344K)
[2025-08-01T01:08:04.823+0000] GC(900) Pause Young (Normal) (G1 Evacuation Pause) 3121M->3122M(4096M) 46.164ms
[2025-08-01T01:08:04.823+0000] GC(900) User=0.36s Sys=0.00s Real=0.04s
[2025-08-01T01:08:04.841+0000] GC(901) Pause Young (Normal) (G1 Evacuation Pause)
[2025-08-01T01:08:04.841+0000] GC(901) Using 8 workers of 8 for evacuation
[2025-08-01T01:08:04.876+0000] GC(901)   Pre Evacuate Collection Set: 0.3ms
[2025-08-01T01:08:04.876+0000] GC(901)   Merge Heap Roots: 0.3ms
[2025-08-01T01:08:04.876+0000] GC(901)   Evacuate Collection Set: 33.1ms
[2025-08-01T01:08:04.876+0000] GC(901)   Post Evacuate Collection Set: 0.8ms
[2025-08-01T01:08:04.876+0000] GC(901)   Other: 0.2ms
[2025-08-01T01:08:04.876+0000] GC(901) Eden regions: 87->0(88)
[2025-08-01T01:08:04.876+0000] GC(901) Survivor regions: 20->14(14)
[2025-08-01T01:08:04.876+0000] GC(901) Old regions: 1541->1636
[2025-08-01T01:08:04.876+0000] GC(901) Archive regions: 2->2
[2025-08-01T01:08:04.876+0000] GC(901) Humongous regions: 0->0
[2025-08-01T01:08:04.876+0000] GC(901) Metaspace: 10061K(10304K)->10061K(10304K) NonClass: 8835K(8960K)->8835K(8960K) Class: 1225K(1344K)->1225K(1344K)
[2025-08-01T01:08:04.876+0000] GC(901) Pause Young (Normal) (G1 Evacuation Pause) 3296M->3301M(4096M) 34.770ms
[2025-08-01T01:08:04.876+0000] GC(901) User=0.26s Sys=0.01s Real=0.04s
[2025-08-01T01:08:04.898+0000] GC(902) Pause Young (Normal) (G1 Evacuation Pause)
[2025-08-01T01:08:04.898+0000] GC(902) Using 8 workers of 8 for evacuation
[2025-08-01T01:08:04.922+0000] GC(902)   Pre Evacuate Collection Set: 0.6ms
[2025-08-01T01:08:04.922+0000] GC(902)   Merge Heap Roots: 0.2ms
[2025-08-01T01:08:04.922+0000] GC(902)   Evacuate Collection Set: 23.2ms
[2025-08-01T01:08:04.922+0000] GC(902)   Post Evacuate Collection Set: 0.6ms
[2025-08-01T01:08:04.922+0000] GC(902)   Other: 0.2ms
[2025-08-01T01:08:04.922+0000] GC(902) Eden regions: 88->0(89)
[2025-08-01T01:08:04.922+0000] GC(902) Survivor regions: 14->13(13)
[2025-08-01T01:08:04.922+0000] GC(902) Old regions: 1636->1709
[2025-08-01T01:08:04.922+0000] GC(902) Archive regions: 2->2
[2025-08-01T01:08:04.922+0000] GC(902) Humongous regions: 0->0
[2025-08-01T01:08:04.922+0000] GC(902) Metaspace: 10061K(10304K)->10061K(10304K) NonClass: 8835K(8960K)->8835K(8960K) Class: 1225K(1344K)->1225K(1344K)
[2025-08-01T01:08:04.923+0000] GC(902) Pause Young (Normal) (G1 Evacuation Pause) 3477M->3445M(4096M) 25.005ms
[2025-08-01T01:08:04.923+0000] GC(902) User=0.18s Sys=0.00s Real=0.02s
[2025-08-01T01:08:04.933+0000] GC(899) Concurrent Mark From Roots 190.024ms
[2025-08-01T01:08:04.933+0000] GC(899) Concurrent Preclean
[2025-08-01T01:08:04.934+0000] GC(899) Concurrent Preclean 0.318ms
[2025-08-01T01:08:04.934+0000] GC(899) Pause Remark
[2025-08-01T01:08:04.938+0000] GC(899) Pause Remark 3475M->1575M(4096M) 3.885ms
[2025-08-01T01:08:04.938+0000] GC(899) User=0.01s Sys=0.00s Real=0.00s
[2025-08-01T01:08:04.938+0000] GC(899) Concurrent Mark 194.625ms
[2025-08-01T01:08:04.938+0000] GC(899) Concurrent Rebuild Remembered Sets
[2025-08-01T01:08:04.956+0000] GC(903) Pause Young (Normal) (G1 Evacuation Pause)
[2025-08-01T01:08:04.956+0000] GC(903) Using 8 workers of 8 for evacuation
[2025-08-01T01:08:04.987+0000] GC(903)   Pre Evacuate Collection Set: 0.3ms
[2025-08-01T01:08:04.987+0000] GC(903)   Merge Heap Roots: 0.2ms
[2025-08-01T01:08:04.987+0000] GC(903)   Evacuate Collection Set: 29.6ms
[2025-08-01T01:08:04.987+0000] GC(903)   Post Evacuate Collection Set: 0.7ms
[2025-08-01T01:08:04.987+0000] GC(903)   Other: 0.2ms
[2025-08-01T01:08:04.987+0000] GC(903) Eden regions: 89->0(322)
[2025-08-01T01:08:04.987+0000] GC(903) Survivor regions: 13->13(13)
[2025-08-01T01:08:04.987+0000] GC(903) Old regions: 759->850
[2025-08-01T01:08:04.987+0000] GC(903) Archive regions: 2->2
[2025-08-01T01:08:04.987+0000] GC(903) Humongous regions: 0->0
[2025-08-01T01:08:04.987+0000] GC(903) Metaspace: 10061K(10304K)->10061K(10304K) NonClass: 8835K(8960K)->8835K(8960K) Class: 1225K(1344K)->1225K(1344K)
[2025-08-01T01:08:04.987+0000] GC(903) Pause Young (Normal) (G1 Evacuation Pause) 1723M->1727M(4096M) 31.028ms
[2025-08-01T01:08:04.987+0000] GC(903) User=0.24s Sys=0.01s Real=0.03s
[2025-08-01T01:08:05.143+0000] GC(904) Pause Young (Normal) (G1 Evacuation Pause)
[2025-08-01T01:08:05.143+0000] GC(904) Using 8 workers of 8 for evacuation
[2025-08-01T01:08:05.228+0000] GC(904)   Pre Evacuate Collection Set: 0.4ms
[2025-08-01T01:08:05.228+0000] GC(904)   Merge Heap Roots: 0.2ms
[2025-08-01T01:08:05.228+0000] GC(904)   Evacuate Collection Set: 83.0ms
[2025-08-01T01:08:05.228+0000] GC(904)   Post Evacuate Collection Set: 1.1ms
[2025-08-01T01:08:05.228+0000] GC(904)   Other: 0.2ms
[2025-08-01T01:08:05.228+0000] GC(904) Eden regions: 322->0(230)
[2025-08-01T01:08:05.228+0000] GC(904) Survivor regions: 13->42(42)
[2025-08-01T01:08:05.228+0000] GC(904) Old regions: 850->1079
[2025-08-01T01:08:05.228+0000] GC(904) Archive regions: 2->2
[2025-08-01T01:08:05.228+0000] GC(904) Humongous regions: 0->0
[2025-08-01T01:08:05.228+0000] GC(904) Metaspace: 10061K(10304K)->10061K(10304K) NonClass: 8835K(8960K)->8835K(8960K) Class: 1225K(1344K)->1225K(1344K)
[2025-08-01T01:08:05.228+0000] GC(904) Pause Young (Normal) (G1 Evacuation Pause) 2371M->2243M(4096M) 85.127ms
[2025-08-01T01:08:05.228+0000] GC(904) User=0.65s Sys=0.00s Real=0.09s
[2025-08-01T01:08:05.241+0000] GC(899) Concurrent Rebuild Remembered Sets 303.281ms
[2025-08-01T01:08:05.241+0000] GC(899) Pause Cleanup
[2025-08-01T01:08:05.242+0000] GC(899) Pause Cleanup 2395M->2395M(4096M) 0.684ms
[2025-08-01T01:08:05.242+0000] GC(899) User=0.00s Sys=0.00s Real=0.00s
[2025-08-01T01:08:05.242+0000] GC(899) Concurrent Cleanup for Next Mark
[2025-08-01T01:08:05.255+0000] GC(899) Concurrent Cleanup for Next Mark 12.752ms
[2025-08-01T01:08:05.255+0000] GC(899) Concurrent Mark Cycle 547.714ms
[2025-08-01T01:08:05.320+0000] GC(905) Pause Young (Prepare Mixed) (G1 Evacuation Pause)
[2025-08-01T01:08:05.320+0000] GC(905) Using 8 workers of 8 for evacuation
[2025-08-01T01:08:05.400+0000] GC(905)   Pre Evacuate Collection Set: 0.5ms
[2025-08-01T01:08:05.400+0000] GC(905)   Merge Heap Roots: 0.3ms
[2025-08-01T01:08:05.400+0000] GC(905)   Evacuate Collection Set: 78.1ms
[2025-08-01T01:08:05.400+0000] GC(905)   Post Evacuate Collection Set: 0.8ms
[2025-08-01T01:08:05.400+0000] GC(905)   Other: 0.2ms
[2025-08-01T01:08:05.400+0000] GC(905) Eden regions: 230->0(68)
[2025-08-01T01:08:05.400+0000] GC(905) Survivor regions: 42->34(34)
[2025-08-01T01:08:05.400+0000] GC(905) Old regions: 1079->1278
[2025-08-01T01:08:05.400+0000] GC(905) Archive regions: 2->2
[2025-08-01T01:08:05.400+0000] GC(905) Humongous regions: 0->0
[2025-08-01T01:08:05.400+0000] GC(905) Metaspace: 10061K(10304K)->10061K(10304K) NonClass: 8835K(8960K)->8835K(8960K) Class: 1225K(1344K)->1225K(1344K)
[2025-08-01T01:08:05.400+0000] GC(905) Pause Young (Prepare Mixed) (G1 Evacuation Pause) 2703M->2624M(4096M) 80.107ms
[2025-08-01T01:08:05.400+0000] GC(905) User=0.60s Sys=0.00s Real=0.08s
[2025-08-01T01:08:05.413+0000] GC(906) Pause Young (Mixed) (G1 Evacuation Pause)
[2025-08-01T01:08:05.413+0000] GC(906) Using 8 workers of 8 for evacuation
[2025-08-01T01:08:05.444+0000] GC(906)   Pre Evacuate Collection Set: 0.4ms
[2025-08-01T01:08:05.444+0000] GC(906)   Merge Heap Roots: 0.3ms
[2025-08-01T01:08:05.444+0000] GC(906)   Evacuate Collection Set: 28.6ms
[2025-08-01T01:08:05.444+0000] GC(906)   Post Evacuate Collection Set: 0.9ms
[2025-08-01T01:08:05.444+0000] GC(906)   Other: 0.2ms
[2025-08-01T01:08:05.444+0000] GC(906) Eden regions: 68->0(154)
[2025-08-01T01:08:05.444+0000] GC(906) Survivor regions: 34->13(13)
[2025-08-01T01:08:05.444+0000] GC(906) Old regions: 1278->1344
[2025-08-01T01:08:05.444+0000] GC(906) Archive regions: 2->2
[2025-08-01T01:08:05.444+0000] GC(906) Humongous regions: 0->0
[2025-08-01T01:08:05.444+0000] GC(906) Metaspace: 10061K(10304K)->10061K(10304K) NonClass: 8835K(8960K)->8835K(8960K) Class: 1225K(1344K)->1225K(1344K)
[2025-08-01T01:08:05.444+0000] GC(906) Pause Young (Mixed) (G1 Evacuation Pause) 2760M->2715M(4096M) 30.561ms
[2025-08-01T01:08:05.444+0000] GC(906) User=0.22s Sys=0.01s Real=0.03s
[2025-08-01T01:08:05.516+0000] GC(907) Pause Young (Concurrent Start) (G1 Evacuation Pause)
[2025-08-01T01:08:05.516+0000] GC(907) Using 8 workers of 8 for evacuation
[2025-08-01T01:08:05.577+0000] GC(907)   Pre Evacuate Collection Set: 1.0ms
[2025-08-01T01:08:05.577+0000] GC(907)   Merge Heap Roots: 0.2ms
[2025-08-01T01:08:05.577+0000] GC(907)   Evacuate Collection Set: 58.8ms
[2025-08-01T01:08:05.577+0000] GC(907)   Post Evacuate Collection Set: 0.8ms
[2025-08-01T01:08:05.577+0000] GC(907)   Other: 0.3ms
[2025-08-01T01:08:05.577+0000] GC(907) Eden regions: 154->0(122)
[2025-08-01T01:08:05.577+0000] GC(907) Survivor regions: 13->21(21)
[2025-08-01T01:08:05.577+0000] GC(907) Old regions: 1344->1446
[2025-08-01T01:08:05.577+0000] GC(907) Archive regions: 2->2
[2025-08-01T01:08:05.577+0000] GC(907) Humongous regions: 0->0
[2025-08-01T01:08:05.577+0000] GC(907) Metaspace: 10061K(10304K)->10061K(10304K) NonClass: 8835K(8960K)->8835K(8960K) Class: 1225K(1344K)->1225K(1344K)
[2025-08-01T01:08:05.577+0000] GC(907) Pause Young (Concurrent Start) (G1 Evacuation Pause) 3023M->2935M(4096M) 61.150ms
[2025-08-01T01:08:05.577+0000] GC(907) User=0.41s Sys=0.01s Real=0.06s
[2025-08-01T01:08:05.577+0000] GC(908) Concurrent Mark Cycle
[2025-08-01T01:08:05.577+0000] GC(908) Concurrent Clear Claimed Marks
[2025-08-01T01:08:05.577+0000] GC(908) Concurrent Clear Claimed Marks 0.019ms
[2025-08-01T01:08:05.577+0000] GC(908) Concurrent Scan Root Regions
[2025-08-01T01:08:05.623+0000] GC(908) Concurrent Scan Root Regions 45.144ms
[2025-08-01T01:08:05.623+0000] GC(908) Concurrent Mark
[2025-08-01T01:08:05.623+0000] GC(908) Concurrent Mark From Roots
[2025-08-01T01:08:05.623+0000] GC(908) Using 2 workers of 2 for marking
[2025-08-01T01:08:05.654+0000] GC(909) Pause Young (Normal) (G1 Evacuation Pause)
[2025-08-01T01:08:05.654+0000] GC(909) Using 8 workers of 8 for evacuation
[2025-08-01T01:08:05.701+0000] GC(909)   Pre Evacuate Collection Set: 0.3ms
[2025-08-01T01:08:05.701+0000] GC(909)   Merge Heap Roots: 0.2ms
[2025-08-01T01:08:05.701+0000] GC(909)   Evacuate Collection Set: 46.0ms
[2025-08-01T01:08:05.701+0000] GC(909)   Post Evacuate Collection Set: 0.6ms
[2025-08-01T01:08:05.701+0000] GC(909)   Other: 0.2ms
[2025-08-01T01:08:05.701+0000] GC(909) Eden regions: 122->0(84)
[2025-08-01T01:08:05.701+0000] GC(909) Survivor regions: 21->18(18)
[2025-08-01T01:08:05.701+0000] GC(909) Old regions: 1446->1573
[2025-08-01T01:08:05.701+0000] GC(909) Archive regions: 2->2
[2025-08-01T01:08:05.701+0000] GC(909) Humongous regions: 0->0
[2025-08-01T01:08:05.701+0000] GC(909) Metaspace: 10061K(10304K)->10061K(10304K) NonClass: 8835K(8960K)->8835K(8960K) Class: 1225K(1344K)->1225K(1344K)
[2025-08-01T01:08:05.701+0000] GC(909) Pause Young (Normal) (G1 Evacuation Pause) 3179M->3182M(4096M) 47.275ms
[2025-08-01T01:08:05.701+0000] GC(909) User=0.36s Sys=0.00s Real=0.04s
[2025-08-01T01:08:05.717+0000] GC(910) Pause Young (Normal) (G1 Evacuation Pause)
[2025-08-01T01:08:05.717+0000] GC(910) Using 8 workers of 8 for evacuation
[2025-08-01T01:08:05.750+0000] GC(910)   Pre Evacuate Collection Set: 0.7ms
[2025-08-01T01:08:05.750+0000] GC(910)   Merge Heap Roots: 0.1ms
[2025-08-01T01:08:05.750+0000] GC(910)   Evacuate Collection Set: 31.2ms
[2025-08-01T01:08:05.750+0000] GC(910)   Post Evacuate Collection Set: 0.7ms
[2025-08-01T01:08:05.750+0000] GC(910)   Other: 0.2ms
[2025-08-01T01:08:05.750+0000] GC(910) Eden regions: 84->0(89)
[2025-08-01T01:08:05.750+0000] GC(910) Survivor regions: 18->13(13)
[2025-08-01T01:08:05.750+0000] GC(910) Old regions: 1573->1663
[2025-08-01T01:08:05.750+0000] GC(910) Archive regions: 2->2
[2025-08-01T01:08:05.750+0000] GC(910) Humongous regions: 0->0
[2025-08-01T01:08:05.750+0000] GC(910) Metaspace: 10061K(10304K)->10061K(10304K) NonClass: 8835K(8960K)->8835K(8960K) Class: 1225K(1344K)->1225K(1344K)
[2025-08-01T01:08:05.750+0000] GC(910) Pause Young (Normal) (G1 Evacuation Pause) 3350M->3353M(4096M) 33.084ms
[2025-08-01T01:08:05.750+0000] GC(910) User=0.25s Sys=0.00s Real=0.03s
[2025-08-01T01:08:05.809+0000] GC(908) Concurrent Mark From Roots 186.728ms
[2025-08-01T01:08:05.809+0000] GC(908) Concurrent Preclean
[2025-08-01T01:08:05.810+0000] GC(908) Concurrent Preclean 0.377ms
[2025-08-01T01:08:05.810+0000] GC(908) Pause Remark
[2025-08-01T01:08:05.815+0000] GC(908) Pause Remark 3507M->1699M(4096M) 4.996ms
[2025-08-01T01:08:05.815+0000] GC(908) User=0.01s Sys=0.00s Real=0.01s
[2025-08-01T01:08:05.815+0000] GC(908) Concurrent Mark 192.711ms
[2025-08-01T01:08:05.815+0000] GC(908) Concurrent Rebuild Remembered Sets
[2025-08-01T01:08:05.818+0000] GC(911) Pause Young (Normal) (G1 Evacuation Pause)
[2025-08-01T01:08:05.818+0000] GC(911) Using 8 workers of 8 for evacuation
[2025-08-01T01:08:05.846+0000] GC(911)   Pre Evacuate Collection Set: 0.5ms
[2025-08-01T01:08:05.846+0000] GC(911)   Merge Heap Roots: 0.1ms
[2025-08-01T01:08:05.846+0000] GC(911)   Evacuate Collection Set: 25.9ms
[2025-08-01T01:08:05.846+0000] GC(911)   Post Evacuate Collection Set: 0.6ms
[2025-08-01T01:08:05.846+0000] GC(911)   Other: 0.2ms
[2025-08-01T01:08:05.846+0000] GC(911) Eden regions: 89->0(328)
[2025-08-01T01:08:05.846+0000] GC(911) Survivor regions: 13->13(13)
[2025-08-01T01:08:05.846+0000] GC(911) Old regions: 759->806
[2025-08-01T01:08:05.846+0000] GC(911) Archive regions: 2->2
[2025-08-01T01:08:05.846+0000] GC(911) Humongous regions: 0->0
[2025-08-01T01:08:05.846+0000] GC(911) Metaspace: 10061K(10304K)->10061K(10304K) NonClass: 8835K(8960K)->8835K(8960K) Class: 1225K(1344K)->1225K(1344K)
[2025-08-01T01:08:05.846+0000] GC(911) Pause Young (Normal) (G1 Evacuation Pause) 1723M->1638M(4096M) 27.391ms
[2025-08-01T01:08:05.846+0000] GC(911) User=0.19s Sys=0.00s Real=0.03s
[2025-08-01T01:08:05.955+0000] GC(912) Pause Young (Normal) (G1 Evacuation Pause)
[2025-08-01T01:08:05.955+0000] GC(912) Using 8 workers of 8 for evacuation
[2025-08-01T01:08:06.054+0000] GC(912)   Pre Evacuate Collection Set: 1.8ms
[2025-08-01T01:08:06.054+0000] GC(912)   Merge Heap Roots: 0.6ms
[2025-08-01T01:08:06.055+0000] GC(912)   Evacuate Collection Set: 96.6ms
[2025-08-01T01:08:06.055+0000] GC(912)   Post Evacuate Collection Set: 0.7ms
[2025-08-01T01:08:06.055+0000] GC(912)   Other: 0.2ms
[2025-08-01T01:08:06.055+0000] GC(912) Eden regions: 328->0(218)
[2025-08-01T01:08:06.055+0000] GC(912) Survivor regions: 13->43(43)
[2025-08-01T01:08:06.055+0000] GC(912) Old regions: 806->1105
[2025-08-01T01:08:06.055+0000] GC(912) Archive regions: 2->2
[2025-08-01T01:08:06.055+0000] GC(912) Humongous regions: 0->0
[2025-08-01T01:08:06.055+0000] GC(912) Metaspace: 10061K(10304K)->10061K(10304K) NonClass: 8835K(8960K)->8835K(8960K) Class: 1225K(1344K)->1225K(1344K)
[2025-08-01T01:08:06.055+0000] GC(912) Pause Young (Normal) (G1 Evacuation Pause) 2294M->2297M(4096M) 100.049ms
[2025-08-01T01:08:06.055+0000] GC(912) User=0.75s Sys=0.01s Real=0.10s
[2025-08-01T01:08:06.115+0000] GC(908) Concurrent Rebuild Remembered Sets 299.682ms
[2025-08-01T01:08:06.116+0000] GC(908) Pause Cleanup
[2025-08-01T01:08:06.116+0000] GC(908) Pause Cleanup 2415M->2415M(4096M) 0.880ms
[2025-08-01T01:08:06.117+0000] GC(908) User=0.00s Sys=0.00s Real=0.00s
[2025-08-01T01:08:06.117+0000] GC(908) Concurrent Cleanup for Next Mark
[2025-08-01T01:08:06.131+0000] GC(908) Concurrent Cleanup for Next Mark 13.625ms
[2025-08-01T01:08:06.131+0000] GC(908) Concurrent Mark Cycle 553.338ms
[2025-08-01T01:08:06.197+0000] GC(913) Pause Young (Prepare Mixed) (G1 Evacuation Pause)
[2025-08-01T01:08:06.197+0000] GC(913) Using 8 workers of 8 for evacuation
[2025-08-01T01:08:06.308+0000] GC(913)   Pre Evacuate Collection Set: 0.7ms
[2025-08-01T01:08:06.308+0000] GC(913)   Merge Heap Roots: 0.2ms
[2025-08-01T01:08:06.308+0000] GC(913)   Evacuate Collection Set: 107.3ms
[2025-08-01T01:08:06.308+0000] GC(913)   Post Evacuate Collection Set: 2.2ms
[2025-08-01T01:08:06.308+0000] GC(913)   Other: 0.2ms
[2025-08-01T01:08:06.308+0000] GC(913) Eden regions: 218->0(69)
[2025-08-01T01:08:06.308+0000] GC(913) Survivor regions: 43->33(33)
[2025-08-01T01:08:06.308+0000] GC(913) Old regions: 1105->1264
[2025-08-01T01:08:06.308+0000] GC(913) Archive regions: 2->2
[2025-08-01T01:08:06.308+0000] GC(913) Humongous regions: 0->0
[2025-08-01T01:08:06.308+0000] GC(913) Metaspace: 10061K(10304K)->10061K(10304K) NonClass: 8835K(8960K)->8835K(8960K) Class: 1225K(1344K)->1225K(1344K)
[2025-08-01T01:08:06.308+0000] GC(913) Pause Young (Prepare Mixed) (G1 Evacuation Pause) 2733M->2595M(4096M) 111.024ms
[2025-08-01T01:08:06.308+0000] GC(913) User=0.82s Sys=0.03s Real=0.11s
[2025-08-01T01:08:06.330+0000] GC(914) Pause Young (Mixed) (G1 Evacuation Pause)
[2025-08-01T01:08:06.330+0000] GC(914) Using 8 workers of 8 for evacuation
[2025-08-01T01:08:06.369+0000] GC(914)   Pre Evacuate Collection Set: 1.2ms
[2025-08-01T01:08:06.369+0000] GC(914)   Merge Heap Roots: 0.5ms
[2025-08-01T01:08:06.369+0000] GC(914)   Evacuate Collection Set: 36.8ms
[2025-08-01T01:08:06.369+0000] GC(914)   Post Evacuate Collection Set: 0.8ms
[2025-08-01T01:08:06.369+0000] GC(914)   Other: 0.3ms
[2025-08-01T01:08:06.369+0000] GC(914) Eden regions: 69->0(173)
[2025-08-01T01:08:06.369+0000] GC(914) Survivor regions: 33->13(13)
[2025-08-01T01:08:06.369+0000] GC(914) Old regions: 1264->1286
[2025-08-01T01:08:06.369+0000] GC(914) Archive regions: 2->2
[2025-08-01T01:08:06.369+0000] GC(914) Humongous regions: 0->0
[2025-08-01T01:08:06.369+0000] GC(914) Metaspace: 10061K(10304K)->10061K(10304K) NonClass: 8835K(8960K)->8835K(8960K) Class: 1225K(1344K)->1225K(1344K)
[2025-08-01T01:08:06.369+0000] GC(914) Pause Young (Mixed) (G1 Evacuation Pause) 2733M->2598M(4096M) 39.796ms
[2025-08-01T01:08:06.370+0000] GC(914) User=0.28s Sys=0.01s Real=0.04s
[2025-08-01T01:08:06.448+0000] GC(915) Pause Young (Concurrent Start) (G1 Evacuation Pause)
[2025-08-01T01:08:06.448+0000] GC(915) Using 8 workers of 8 for evacuation
[2025-08-01T01:08:06.515+0000] GC(915)   Pre Evacuate Collection Set: 1.0ms
[2025-08-01T01:08:06.515+0000] GC(915)   Merge Heap Roots: 0.2ms
[2025-08-01T01:08:06.515+0000] GC(915)   Evacuate Collection Set: 63.8ms
[2025-08-01T01:08:06.515+0000] GC(915)   Post Evacuate Collection Set: 1.0ms
[2025-08-01T01:08:06.515+0000] GC(915)   Other: 0.3ms
[2025-08-01T01:08:06.515+0000] GC(915) Eden regions: 173->0(114)
[2025-08-01T01:08:06.515+0000] GC(915) Survivor regions: 13->24(24)
[2025-08-01T01:08:06.515+0000] GC(915) Old regions: 1286->1450
[2025-08-01T01:08:06.515+0000] GC(915) Archive regions: 2->2
[2025-08-01T01:08:06.515+0000] GC(915) Humongous regions: 0->0
[2025-08-01T01:08:06.515+0000] GC(915) Metaspace: 10061K(10304K)->10061K(10304K) NonClass: 8835K(8960K)->8835K(8960K) Class: 1225K(1344K)->1225K(1344K)
[2025-08-01T01:08:06.515+0000] GC(915) Pause Young (Concurrent Start) (G1 Evacuation Pause) 2944M->2948M(4096M) 66.467ms
[2025-08-01T01:08:06.515+0000] GC(915) User=0.50s Sys=0.01s Real=0.07s
[2025-08-01T01:08:06.515+0000] GC(916) Concurrent Mark Cycle
[2025-08-01T01:08:06.515+0000] GC(916) Concurrent Clear Claimed Marks
[2025-08-01T01:08:06.515+0000] GC(916) Concurrent Clear Claimed Marks 0.277ms
[2025-08-01T01:08:06.515+0000] GC(916) Concurrent Scan Root Regions
[2025-08-01T01:08:06.553+0000] GC(916) Concurrent Scan Root Regions 37.332ms
[2025-08-01T01:08:06.553+0000] GC(916) Concurrent Mark
[2025-08-01T01:08:06.553+0000] GC(916) Concurrent Mark From Roots
[2025-08-01T01:08:06.553+0000] GC(916) Using 2 workers of 2 for marking
[2025-08-01T01:08:06.584+0000] GC(917) Pause Young (Normal) (G1 Evacuation Pause)
[2025-08-01T01:08:06.584+0000] GC(917) Using 8 workers of 8 for evacuation
[2025-08-01T01:08:06.610+0000] GC(917)   Pre Evacuate Collection Set: 0.4ms
[2025-08-01T01:08:06.610+0000] GC(917)   Merge Heap Roots: 0.1ms
[2025-08-01T01:08:06.610+0000] GC(917)   Evacuate Collection Set: 25.2ms
[2025-08-01T01:08:06.610+0000] GC(917)   Post Evacuate Collection Set: 0.9ms
[2025-08-01T01:08:06.610+0000] GC(917)   Other: 0.1ms
[2025-08-01T01:08:06.610+0000] GC(917) Eden regions: 114->0(103)
[2025-08-01T01:08:06.610+0000] GC(917) Survivor regions: 24->18(18)
[2025-08-01T01:08:06.610+0000] GC(917) Old regions: 1450->1507
[2025-08-01T01:08:06.610+0000] GC(917) Archive regions: 2->2
[2025-08-01T01:08:06.610+0000] GC(917) Humongous regions: 0->0
[2025-08-01T01:08:06.610+0000] GC(917) Metaspace: 10061K(10304K)->10061K(10304K) NonClass: 8835K(8960K)->8835K(8960K) Class: 1225K(1344K)->1225K(1344K)
[2025-08-01T01:08:06.611+0000] GC(917) Pause Young (Normal) (G1 Evacuation Pause) 3176M->3050M(4096M) 26.887ms
[2025-08-01T01:08:06.611+0000] GC(917) User=0.18s Sys=0.00s Real=0.02s
[2025-08-01T01:08:06.630+0000] GC(918) Pause Young (Normal) (G1 Evacuation Pause)
[2025-08-01T01:08:06.630+0000] GC(918) Using 8 workers of 8 for evacuation
[2025-08-01T01:08:06.674+0000] GC(918)   Pre Evacuate Collection Set: 0.6ms
[2025-08-01T01:08:06.674+0000] GC(918)   Merge Heap Roots: 0.2ms
[2025-08-01T01:08:06.674+0000] GC(918)   Evacuate Collection Set: 42.0ms
[2025-08-01T01:08:06.674+0000] GC(918)   Post Evacuate Collection Set: 0.9ms
[2025-08-01T01:08:06.674+0000] GC(918)   Other: 0.2ms
[2025-08-01T01:08:06.674+0000] GC(918) Eden regions: 103->0(86)
[2025-08-01T01:08:06.674+0000] GC(918) Survivor regions: 18->16(16)
[2025-08-01T01:08:06.674+0000] GC(918) Old regions: 1507->1613
[2025-08-01T01:08:06.674+0000] GC(918) Archive regions: 2->2
[2025-08-01T01:08:06.674+0000] GC(918) Humongous regions: 0->0
[2025-08-01T01:08:06.674+0000] GC(918) Metaspace: 10061K(10304K)->10061K(10304K) NonClass: 8835K(8960K)->8835K(8960K) Class: 1225K(1344K)->1225K(1344K)
[2025-08-01T01:08:06.674+0000] GC(918) Pause Young (Normal) (G1 Evacuation Pause) 3256M->3259M(4096M) 44.019ms
[2025-08-01T01:08:06.674+0000] GC(918) User=0.29s Sys=0.02s Real=0.05s
[2025-08-01T01:08:06.739+0000] GC(919) Pause Young (Normal) (G1 Evacuation Pause)
[2025-08-01T01:08:06.739+0000] GC(919) Using 8 workers of 8 for evacuation
[2025-08-01T01:08:06.771+0000] GC(919)   Pre Evacuate Collection Set: 0.5ms
[2025-08-01T01:08:06.771+0000] GC(919)   Merge Heap Roots: 0.3ms
[2025-08-01T01:08:06.771+0000] GC(919)   Evacuate Collection Set: 29.9ms
[2025-08-01T01:08:06.771+0000] GC(919)   Post Evacuate Collection Set: 0.8ms
[2025-08-01T01:08:06.771+0000] GC(919)   Other: 0.2ms
[2025-08-01T01:08:06.771+0000] GC(919) Eden regions: 86->0(89)
[2025-08-01T01:08:06.771+0000] GC(919) Survivor regions: 16->13(13)
[2025-08-01T01:08:06.771+0000] GC(919) Old regions: 1613->1705
[2025-08-01T01:08:06.771+0000] GC(919) Archive regions: 2->2
[2025-08-01T01:08:06.771+0000] GC(919) Humongous regions: 0->0
[2025-08-01T01:08:06.771+0000] GC(919) Metaspace: 10061K(10304K)->10061K(10304K) NonClass: 8835K(8960K)->8835K(8960K) Class: 1225K(1344K)->1225K(1344K)
[2025-08-01T01:08:06.771+0000] GC(919) Pause Young (Normal) (G1 Evacuation Pause) 3431M->3436M(4096M) 31.791ms
[2025-08-01T01:08:06.771+0000] GC(919) User=0.23s Sys=0.00s Real=0.03s
[2025-08-01T01:08:06.787+0000] GC(920) Pause Young (Normal) (G1 Evacuation Pause)
[2025-08-01T01:08:06.787+0000] GC(920) Using 8 workers of 8 for evacuation
[2025-08-01T01:08:06.822+0000] GC(920)   Pre Evacuate Collection Set: 0.5ms
[2025-08-01T01:08:06.822+0000] GC(920)   Merge Heap Roots: 0.3ms
[2025-08-01T01:08:06.822+0000] GC(920)   Evacuate Collection Set: 33.2ms
[2025-08-01T01:08:06.822+0000] GC(920)   Post Evacuate Collection Set: 0.6ms
[2025-08-01T01:08:06.822+0000] GC(920)   Other: 0.3ms
[2025-08-01T01:08:06.822+0000] GC(920) Eden regions: 89->0(89)
[2025-08-01T01:08:06.822+0000] GC(920) Survivor regions: 13->13(13)
[2025-08-01T01:08:06.822+0000] GC(920) Old regions: 1705->1796
[2025-08-01T01:08:06.822+0000] GC(920) Archive regions: 2->2
[2025-08-01T01:08:06.822+0000] GC(920) Humongous regions: 0->0
[2025-08-01T01:08:06.822+0000] GC(920) Metaspace: 10061K(10304K)->10061K(10304K) NonClass: 8835K(8960K)->8835K(8960K) Class: 1225K(1344K)->1225K(1344K)
[2025-08-01T01:08:06.822+0000] GC(920) Pause Young (Normal) (G1 Evacuation Pause) 3614M->3618M(4096M) 34.900ms
[2025-08-01T01:08:06.822+0000] GC(920) User=0.24s Sys=0.01s Real=0.03s
[2025-08-01T01:08:06.839+0000] GC(916) Concurrent Mark From Roots 286.650ms
[2025-08-01T01:08:06.840+0000] GC(916) Concurrent Preclean
[2025-08-01T01:08:06.844+0000] GC(916) Concurrent Preclean 4.929ms
[2025-08-01T01:08:06.845+0000] GC(916) Pause Remark
[2025-08-01T01:08:06.848+0000] GC(916) Pause Remark 3768M->2194M(4096M) 3.311ms
[2025-08-01T01:08:06.848+0000] GC(916) User=0.01s Sys=0.00s Real=0.00s
[2025-08-01T01:08:06.848+0000] GC(916) Concurrent Mark 295.430ms
[2025-08-01T01:08:06.848+0000] GC(916) Concurrent Rebuild Remembered Sets
[2025-08-01T01:08:06.883+0000] GC(921) Pause Young (Normal) (G1 Evacuation Pause)
[2025-08-01T01:08:06.883+0000] GC(921) Using 8 workers of 8 for evacuation
[2025-08-01T01:08:06.907+0000] GC(921)   Pre Evacuate Collection Set: 0.4ms
[2025-08-01T01:08:06.908+0000] GC(921)   Merge Heap Roots: 0.1ms
[2025-08-01T01:08:06.908+0000] GC(921)   Evacuate Collection Set: 23.2ms
[2025-08-01T01:08:06.908+0000] GC(921)   Post Evacuate Collection Set: 0.8ms
[2025-08-01T01:08:06.908+0000] GC(921)   Other: 0.3ms
[2025-08-01T01:08:06.908+0000] GC(921) Eden regions: 89->0(241)
[2025-08-01T01:08:06.908+0000] GC(921) Survivor regions: 13->13(13)
[2025-08-01T01:08:06.908+0000] GC(921) Old regions: 1009->1075
[2025-08-01T01:08:06.908+0000] GC(921) Archive regions: 2->2
[2025-08-01T01:08:06.908+0000] GC(921) Humongous regions: 0->0
[2025-08-01T01:08:06.908+0000] GC(921) Metaspace: 10061K(10304K)->10061K(10304K) NonClass: 8835K(8960K)->8835K(8960K) Class: 1225K(1344K)->1225K(1344K)
[2025-08-01T01:08:06.908+0000] GC(921) Pause Young (Normal) (G1 Evacuation Pause) 2222M->2176M(4096M) 25.051ms
[2025-08-01T01:08:06.908+0000] GC(921) User=0.19s Sys=0.00s Real=0.03s
[2025-08-01T01:08:07.000+0000] GC(922) Pause Young (Normal) (G1 Evacuation Pause)
[2025-08-01T01:08:07.000+0000] GC(922) Using 8 workers of 8 for evacuation
[2025-08-01T01:08:07.069+0000] GC(922)   Pre Evacuate Collection Set: 0.4ms
[2025-08-01T01:08:07.069+0000] GC(922)   Merge Heap Roots: 0.3ms
[2025-08-01T01:08:07.069+0000] GC(922)   Evacuate Collection Set: 66.6ms
[2025-08-01T01:08:07.069+0000] GC(922)   Post Evacuate Collection Set: 0.8ms
[2025-08-01T01:08:07.069+0000] GC(922)   Other: 0.2ms
[2025-08-01T01:08:07.069+0000] GC(922) Eden regions: 241->0(172)
[2025-08-01T01:08:07.069+0000] GC(922) Survivor regions: 13->32(32)
[2025-08-01T01:08:07.069+0000] GC(922) Old regions: 1075->1267
[2025-08-01T01:08:07.069+0000] GC(922) Archive regions: 2->2
[2025-08-01T01:08:07.069+0000] GC(922) Humongous regions: 0->0
[2025-08-01T01:08:07.069+0000] GC(922) Metaspace: 10061K(10304K)->10061K(10304K) NonClass: 8835K(8960K)->8835K(8960K) Class: 1225K(1344K)->1225K(1344K)
[2025-08-01T01:08:07.069+0000] GC(922) Pause Young (Normal) (G1 Evacuation Pause) 2658M->2598M(4096M) 68.547ms
[2025-08-01T01:08:07.069+0000] GC(922) User=0.51s Sys=0.01s Real=0.07s
[2025-08-01T01:08:07.149+0000] GC(923) Pause Young (Normal) (G1 Evacuation Pause)
[2025-08-01T01:08:07.149+0000] GC(923) Using 8 workers of 8 for evacuation
[2025-08-01T01:08:07.226+0000] GC(923)   Pre Evacuate Collection Set: 0.4ms
[2025-08-01T01:08:07.226+0000] GC(923)   Merge Heap Roots: 0.1ms
[2025-08-01T01:08:07.226+0000] GC(923)   Evacuate Collection Set: 75.4ms
[2025-08-01T01:08:07.226+0000] GC(923)   Post Evacuate Collection Set: 0.9ms
[2025-08-01T01:08:07.226+0000] GC(923)   Other: 0.2ms
[2025-08-01T01:08:07.226+0000] GC(923) Eden regions: 172->0(114)
[2025-08-01T01:08:07.226+0000] GC(923) Survivor regions: 32->26(26)
[2025-08-01T01:08:07.226+0000] GC(923) Old regions: 1267->1447
[2025-08-01T01:08:07.226+0000] GC(923) Archive regions: 2->2
[2025-08-01T01:08:07.226+0000] GC(923) Humongous regions: 0->0
[2025-08-01T01:08:07.226+0000] GC(923) Metaspace: 10061K(10304K)->10061K(10304K) NonClass: 8835K(8960K)->8835K(8960K) Class: 1225K(1344K)->1225K(1344K)
[2025-08-01T01:08:07.226+0000] GC(923) Pause Young (Normal) (G1 Evacuation Pause) 2942M->2947M(4096M) 77.200ms
[2025-08-01T01:08:07.226+0000] GC(923) User=0.56s Sys=0.02s Real=0.08s
[2025-08-01T01:08:07.250+0000] GC(924) Pause Young (Normal) (G1 Evacuation Pause)
[2025-08-01T01:08:07.250+0000] GC(924) Using 8 workers of 8 for evacuation
[2025-08-01T01:08:07.286+0000] GC(924)   Pre Evacuate Collection Set: 0.7ms
[2025-08-01T01:08:07.286+0000] GC(924)   Merge Heap Roots: 0.2ms
[2025-08-01T01:08:07.286+0000] GC(924)   Evacuate Collection Set: 33.3ms
[2025-08-01T01:08:07.286+0000] GC(924)   Post Evacuate Collection Set: 1.1ms
[2025-08-01T01:08:07.286+0000] GC(924)   Other: 0.2ms
[2025-08-01T01:08:07.286+0000] GC(924) Eden regions: 114->0(91)
[2025-08-01T01:08:07.286+0000] GC(924) Survivor regions: 26->18(18)
[2025-08-01T01:08:07.286+0000] GC(924) Old regions: 1447->1537
[2025-08-01T01:08:07.286+0000] GC(924) Archive regions: 2->2
[2025-08-01T01:08:07.286+0000] GC(924) Humongous regions: 0->0
[2025-08-01T01:08:07.286+0000] GC(924) Metaspace: 10061K(10304K)->10061K(10304K) NonClass: 8835K(8960K)->8835K(8960K) Class: 1225K(1344K)->1225K(1344K)
[2025-08-01T01:08:07.286+0000] GC(924) Pause Young (Normal) (G1 Evacuation Pause) 3175M->3110M(4096M) 35.862ms
[2025-08-01T01:08:07.286+0000] GC(924) User=0.26s Sys=0.01s Real=0.04s
[2025-08-01T01:08:07.311+0000] GC(916) Concurrent Rebuild Remembered Sets 463.208ms
[2025-08-01T01:08:07.312+0000] GC(916) Pause Cleanup
[2025-08-01T01:08:07.314+0000] GC(916) Pause Cleanup 3292M->3292M(4096M) 1.340ms
[2025-08-01T01:08:07.314+0000] GC(916) User=0.01s Sys=0.00s Real=0.01s
[2025-08-01T01:08:07.314+0000] GC(916) Concurrent Cleanup for Next Mark
[2025-08-01T01:08:07.314+0000] GC(925) Pause Young (Prepare Mixed) (G1 Evacuation Pause)
[2025-08-01T01:08:07.314+0000] GC(925) Using 8 workers of 8 for evacuation
[2025-08-01T01:08:07.348+0000] GC(925)   Pre Evacuate Collection Set: 0.3ms
[2025-08-01T01:08:07.348+0000] GC(925)   Merge Heap Roots: 0.2ms
[2025-08-01T01:08:07.348+0000] GC(925)   Evacuate Collection Set: 32.5ms
[2025-08-01T01:08:07.348+0000] GC(925)   Post Evacuate Collection Set: 0.8ms
[2025-08-01T01:08:07.348+0000] GC(925)   Other: 0.1ms
[2025-08-01T01:08:07.348+0000] GC(925) Eden regions: 91->0(88)
[2025-08-01T01:08:07.348+0000] GC(925) Survivor regions: 18->14(14)
[2025-08-01T01:08:07.348+0000] GC(925) Old regions: 1537->1622
[2025-08-01T01:08:07.348+0000] GC(925) Archive regions: 2->2
[2025-08-01T01:08:07.348+0000] GC(925) Humongous regions: 0->0
[2025-08-01T01:08:07.348+0000] GC(925) Metaspace: 10061K(10304K)->10061K(10304K) NonClass: 8835K(8960K)->8835K(8960K) Class: 1225K(1344K)->1225K(1344K)
[2025-08-01T01:08:07.348+0000] GC(925) Pause Young (Prepare Mixed) (G1 Evacuation Pause) 3292M->3272M(4096M) 34.066ms
[2025-08-01T01:08:07.348+0000] GC(925) User=0.25s Sys=0.01s Real=0.03s
[2025-08-01T01:08:07.363+0000] GC(916) Concurrent Cleanup for Next Mark 48.865ms
[2025-08-01T01:08:07.363+0000] GC(916) Concurrent Mark Cycle 848.107ms
[2025-08-01T01:08:07.368+0000] GC(926) Pause Young (Mixed) (G1 Evacuation Pause)
[2025-08-01T01:08:07.368+0000] GC(926) Using 8 workers of 8 for evacuation
[2025-08-01T01:08:07.399+0000] GC(926)   Pre Evacuate Collection Set: 0.4ms
[2025-08-01T01:08:07.399+0000] GC(926)   Merge Heap Roots: 0.2ms
[2025-08-01T01:08:07.399+0000] GC(926)   Evacuate Collection Set: 29.6ms
[2025-08-01T01:08:07.399+0000] GC(926)   Post Evacuate Collection Set: 0.6ms
[2025-08-01T01:08:07.399+0000] GC(926)   Other: 0.2ms
[2025-08-01T01:08:07.399+0000] GC(926) Eden regions: 88->0(89)
[2025-08-01T01:08:07.399+0000] GC(926) Survivor regions: 14->13(13)
[2025-08-01T01:08:07.399+0000] GC(926) Old regions: 1622->1692
[2025-08-01T01:08:07.399+0000] GC(926) Archive regions: 2->2
[2025-08-01T01:08:07.399+0000] GC(926) Humongous regions: 0->0
[2025-08-01T01:08:07.399+0000] GC(926) Metaspace: 10061K(10304K)->10061K(10304K) NonClass: 8835K(8960K)->8835K(8960K) Class: 1225K(1344K)->1225K(1344K)
[2025-08-01T01:08:07.399+0000] GC(926) Pause Young (Mixed) (G1 Evacuation Pause) 3448M->3410M(4096M) 31.206ms
[2025-08-01T01:08:07.399+0000] GC(926) User=0.23s Sys=0.00s Real=0.03s
[2025-08-01T01:08:07.427+0000] GC(927) Pause Young (Concurrent Start) (G1 Evacuation Pause)
[2025-08-01T01:08:07.427+0000] GC(927) Using 8 workers of 8 for evacuation
[2025-08-01T01:08:07.465+0000] GC(927)   Pre Evacuate Collection Set: 0.3ms
[2025-08-01T01:08:07.465+0000] GC(927)   Merge Heap Roots: 0.1ms
[2025-08-01T01:08:07.465+0000] GC(927)   Evacuate Collection Set: 35.9ms
[2025-08-01T01:08:07.465+0000] GC(927)   Post Evacuate Collection Set: 0.8ms
[2025-08-01T01:08:07.465+0000] GC(927)   Other: 0.3ms
[2025-08-01T01:08:07.465+0000] GC(927) Eden regions: 89->0(89)
[2025-08-01T01:08:07.465+0000] GC(927) Survivor regions: 13->13(13)
[2025-08-01T01:08:07.465+0000] GC(927) Old regions: 1692->1783
[2025-08-01T01:08:07.465+0000] GC(927) Archive regions: 2->2
[2025-08-01T01:08:07.465+0000] GC(927) Humongous regions: 0->0
[2025-08-01T01:08:07.465+0000] GC(927) Metaspace: 10061K(10304K)->10061K(10304K) NonClass: 8835K(8960K)->8835K(8960K) Class: 1225K(1344K)->1225K(1344K)
[2025-08-01T01:08:07.465+0000] GC(927) Pause Young (Concurrent Start) (G1 Evacuation Pause) 3588M->3592M(4096M) 37.608ms
[2025-08-01T01:08:07.465+0000] GC(927) User=0.26s Sys=0.01s Real=0.04s
[2025-08-01T01:08:07.465+0000] GC(928) Concurrent Mark Cycle
[2025-08-01T01:08:07.465+0000] GC(928) Concurrent Clear Claimed Marks
[2025-08-01T01:08:07.465+0000] GC(928) Concurrent Clear Claimed Marks 0.027ms
[2025-08-01T01:08:07.465+0000] GC(928) Concurrent Scan Root Regions
[2025-08-01T01:08:07.489+0000] GC(928) Concurrent Scan Root Regions 23.699ms
[2025-08-01T01:08:07.489+0000] GC(928) Concurrent Mark
[2025-08-01T01:08:07.489+0000] GC(928) Concurrent Mark From Roots
[2025-08-01T01:08:07.489+0000] GC(928) Using 2 workers of 2 for marking
[2025-08-01T01:08:07.489+0000] GC(929) Pause Young (Normal) (G1 Evacuation Pause)
[2025-08-01T01:08:07.489+0000] GC(929) Using 8 workers of 8 for evacuation
[2025-08-01T01:08:07.526+0000] GC(929)   Pre Evacuate Collection Set: 7.2ms
[2025-08-01T01:08:07.526+0000] GC(929)   Merge Heap Roots: 0.3ms
[2025-08-01T01:08:07.526+0000] GC(929)   Evacuate Collection Set: 35.4ms
[2025-08-01T01:08:07.526+0000] GC(929)   Post Evacuate Collection Set: 0.9ms
[2025-08-01T01:08:07.526+0000] GC(929)   Other: 0.3ms
[2025-08-01T01:08:07.527+0000] GC(929) Eden regions: 89->0(89)
[2025-08-01T01:08:07.527+0000] GC(929) Survivor regions: 13->13(13)
[2025-08-01T01:08:07.527+0000] GC(929) Old regions: 1783->1874
[2025-08-01T01:08:07.527+0000] GC(929) Archive regions: 2->2
[2025-08-01T01:08:07.527+0000] GC(929) Humongous regions: 0->0
[2025-08-01T01:08:07.527+0000] GC(929) Metaspace: 10061K(10304K)->10061K(10304K) NonClass: 8835K(8960K)->8835K(8960K) Class: 1225K(1344K)->1225K(1344K)
[2025-08-01T01:08:07.527+0000] GC(929) Pause Young (Normal) (G1 Evacuation Pause) 3770M->3774M(4096M) 37.827ms
[2025-08-01T01:08:07.527+0000] GC(929) User=0.28s Sys=0.01s Real=0.04s
[2025-08-01T01:08:07.584+0000] GC(930) Pause Young (Normal) (G1 Preventive Collection)
[2025-08-01T01:08:07.584+0000] GC(930) Using 8 workers of 8 for evacuation
[2025-08-01T01:08:07.609+0000] GC(930)   Pre Evacuate Collection Set: 0.3ms
[2025-08-01T01:08:07.609+0000] GC(930)   Merge Heap Roots: 0.2ms
[2025-08-01T01:08:07.609+0000] GC(930)   Evacuate Collection Set: 23.7ms
[2025-08-01T01:08:07.609+0000] GC(930)   Post Evacuate Collection Set: 0.9ms
[2025-08-01T01:08:07.609+0000] GC(930)   Other: 0.2ms
[2025-08-01T01:08:07.609+0000] GC(930) Eden regions: 68->0(89)
[2025-08-01T01:08:07.609+0000] GC(930) Survivor regions: 13->13(13)
[2025-08-01T01:08:07.609+0000] GC(930) Old regions: 1874->1916
[2025-08-01T01:08:07.609+0000] GC(930) Archive regions: 2->2
[2025-08-01T01:08:07.609+0000] GC(930) Humongous regions: 0->0
[2025-08-01T01:08:07.609+0000] GC(930) Metaspace: 10061K(10304K)->10061K(10304K) NonClass: 8835K(8960K)->8835K(8960K) Class: 1225K(1344K)->1225K(1344K)
[2025-08-01T01:08:07.609+0000] GC(930) Pause Young (Normal) (G1 Preventive Collection) 3910M->3859M(4096M) 25.488ms
[2025-08-01T01:08:07.609+0000] GC(930) User=0.17s Sys=0.02s Real=0.02s
[2025-08-01T01:08:07.619+0000] GC(931) Pause Young (Normal) (G1 Preventive Collection)
[2025-08-01T01:08:07.619+0000] GC(931) Using 8 workers of 8 for evacuation
[2025-08-01T01:08:07.646+0000] GC(931)   Pre Evacuate Collection Set: 1.2ms
[2025-08-01T01:08:07.646+0000] GC(931)   Merge Heap Roots: 0.2ms
[2025-08-01T01:08:07.646+0000] GC(931)   Evacuate Collection Set: 24.1ms
[2025-08-01T01:08:07.646+0000] GC(931)   Post Evacuate Collection Set: 0.7ms
[2025-08-01T01:08:07.646+0000] GC(931)   Other: 0.2ms
[2025-08-01T01:08:07.646+0000] GC(931) Eden regions: 50->0(89)
[2025-08-01T01:08:07.646+0000] GC(931) Survivor regions: 13->13(13)
[2025-08-01T01:08:07.646+0000] GC(931) Old regions: 1916->1968
[2025-08-01T01:08:07.646+0000] GC(931) Archive regions: 2->2
[2025-08-01T01:08:07.646+0000] GC(931) Humongous regions: 0->0
[2025-08-01T01:08:07.646+0000] GC(931) Metaspace: 10061K(10304K)->10061K(10304K) NonClass: 8835K(8960K)->8835K(8960K) Class: 1225K(1344K)->1225K(1344K)
[2025-08-01T01:08:07.646+0000] GC(931) Pause Young (Normal) (G1 Preventive Collection) 3959M->3963M(4096M) 26.579ms
[2025-08-01T01:08:07.646+0000] GC(931) User=0.18s Sys=0.00s Real=0.03s
[2025-08-01T01:08:07.651+0000] GC(932) Pause Young (Normal) (G1 Preventive Collection)
[2025-08-01T01:08:07.651+0000] GC(932) Using 8 workers of 8 for evacuation
[2025-08-01T01:08:07.662+0000] GC(932)   Pre Evacuate Collection Set: 0.4ms
[2025-08-01T01:08:07.663+0000] GC(932)   Merge Heap Roots: 0.1ms
[2025-08-01T01:08:07.663+0000] GC(932)   Evacuate Collection Set: 10.2ms
[2025-08-01T01:08:07.663+0000] GC(932)   Post Evacuate Collection Set: 0.8ms
[2025-08-01T01:08:07.663+0000] GC(932)   Other: 0.2ms
[2025-08-01T01:08:07.663+0000] GC(932) Eden regions: 24->0(89)
[2025-08-01T01:08:07.663+0000] GC(932) Survivor regions: 13->13(13)
[2025-08-01T01:08:07.663+0000] GC(932) Old regions: 1968->1994
[2025-08-01T01:08:07.663+0000] GC(932) Archive regions: 2->2
[2025-08-01T01:08:07.663+0000] GC(932) Humongous regions: 0->0
[2025-08-01T01:08:07.663+0000] GC(932) Metaspace: 10061K(10304K)->10061K(10304K) NonClass: 8835K(8960K)->8835K(8960K) Class: 1225K(1344K)->1225K(1344K)
[2025-08-01T01:08:07.663+0000] GC(932) Pause Young (Normal) (G1 Preventive Collection) 4011M->4015M(4096M) 11.951ms
[2025-08-01T01:08:07.663+0000] GC(932) User=0.08s Sys=0.00s Real=0.01s
[2025-08-01T01:08:07.665+0000] GC(933) Pause Young (Normal) (G1 Preventive Collection)
[2025-08-01T01:08:07.665+0000] GC(933) Using 8 workers of 8 for evacuation
[2025-08-01T01:08:07.675+0000] GC(933)   Pre Evacuate Collection Set: 0.5ms
[2025-08-01T01:08:07.675+0000] GC(933)   Merge Heap Roots: 0.3ms
[2025-08-01T01:08:07.675+0000] GC(933)   Evacuate Collection Set: 8.0ms
[2025-08-01T01:08:07.675+0000] GC(933)   Post Evacuate Collection Set: 0.6ms
[2025-08-01T01:08:07.675+0000] GC(933)   Other: 0.2ms
[2025-08-01T01:08:07.675+0000] GC(933) Eden regions: 11->0(89)
[2025-08-01T01:08:07.675+0000] GC(933) Survivor regions: 13->13(13)
[2025-08-01T01:08:07.675+0000] GC(933) Old regions: 1994->2009
[2025-08-01T01:08:07.675+0000] GC(933) Archive regions: 2->2
[2025-08-01T01:08:07.675+0000] GC(933) Humongous regions: 0->0
[2025-08-01T01:08:07.675+0000] GC(933) Metaspace: 10061K(10304K)->10061K(10304K) NonClass: 8835K(8960K)->8835K(8960K) Class: 1225K(1344K)->1225K(1344K)
[2025-08-01T01:08:07.675+0000] GC(933) Pause Young (Normal) (G1 Preventive Collection) 4037M->4044M(4096M) 9.719ms
[2025-08-01T01:08:07.675+0000] GC(933) User=0.06s Sys=0.00s Real=0.01s
[2025-08-01T01:08:07.676+0000] GC(934) Pause Young (Normal) (G1 Preventive Collection)
[2025-08-01T01:08:07.676+0000] GC(934) Using 8 workers of 8 for evacuation
[2025-08-01T01:08:07.682+0000] GC(934)   Pre Evacuate Collection Set: 0.4ms
[2025-08-01T01:08:07.682+0000] GC(934)   Merge Heap Roots: 0.1ms
[2025-08-01T01:08:07.682+0000] GC(934)   Evacuate Collection Set: 4.7ms
[2025-08-01T01:08:07.682+0000] GC(934)   Post Evacuate Collection Set: 0.6ms
[2025-08-01T01:08:07.682+0000] GC(934)   Other: 0.3ms
[2025-08-01T01:08:07.682+0000] GC(934) Eden regions: 4->0(97)
[2025-08-01T01:08:07.682+0000] GC(934) Survivor regions: 13->5(13)
[2025-08-01T01:08:07.682+0000] GC(934) Old regions: 2009->2021
[2025-08-01T01:08:07.682+0000] GC(934) Archive regions: 2->2
[2025-08-01T01:08:07.682+0000] GC(934) Humongous regions: 0->0
[2025-08-01T01:08:07.682+0000] GC(934) Metaspace: 10061K(10304K)->10061K(10304K) NonClass: 8835K(8960K)->8835K(8960K) Class: 1225K(1344K)->1225K(1344K)
[2025-08-01T01:08:07.682+0000] GC(934) Pause Young (Normal) (G1 Preventive Collection) 4052M->4053M(4096M) 6.251ms
[2025-08-01T01:08:07.682+0000] GC(934) User=0.04s Sys=0.00s Real=0.00s
[2025-08-01T01:08:07.684+0000] GC(935) Pause Young (Normal) (G1 Preventive Collection)
[2025-08-01T01:08:07.684+0000] GC(935) Using 8 workers of 8 for evacuation
[2025-08-01T01:08:07.689+0000] GC(935)   Pre Evacuate Collection Set: 0.7ms
[2025-08-01T01:08:07.689+0000] GC(935)   Merge Heap Roots: 0.2ms
[2025-08-01T01:08:07.689+0000] GC(935)   Evacuate Collection Set: 3.8ms
[2025-08-01T01:08:07.689+0000] GC(935)   Post Evacuate Collection Set: 0.6ms
[2025-08-01T01:08:07.689+0000] GC(935)   Other: 0.2ms
[2025-08-01T01:08:07.689+0000] GC(935) Eden regions: 7->0(90)
[2025-08-01T01:08:07.689+0000] GC(935) Survivor regions: 5->12(13)
[2025-08-01T01:08:07.689+0000] GC(935) Old regions: 2021->2021
[2025-08-01T01:08:07.689+0000] GC(935) Archive regions: 2->2
[2025-08-01T01:08:07.689+0000] GC(935) Humongous regions: 0->0
[2025-08-01T01:08:07.689+0000] GC(935) Metaspace: 10061K(10304K)->10061K(10304K) NonClass: 8835K(8960K)->8835K(8960K) Class: 1225K(1344K)->1225K(1344K)
[2025-08-01T01:08:07.689+0000] GC(935) Pause Young (Normal) (G1 Preventive Collection) 4067M->4066M(4096M) 5.594ms
[2025-08-01T01:08:07.689+0000] GC(935) User=0.03s Sys=0.01s Real=0.00s
[2025-08-01T01:08:07.690+0000] GC(936) Pause Young (Normal) (G1 Preventive Collection)
[2025-08-01T01:08:07.690+0000] GC(936) Using 8 workers of 8 for evacuation
[2025-08-01T01:08:07.696+0000] GC(936) To-space exhausted
[2025-08-01T01:08:07.696+0000] GC(936)   Pre Evacuate Collection Set: 0.7ms
[2025-08-01T01:08:07.696+0000] GC(936)   Merge Heap Roots: 0.2ms
[2025-08-01T01:08:07.696+0000] GC(936)   Evacuate Collection Set: 4.0ms
[2025-08-01T01:08:07.696+0000] GC(936)   Post Evacuate Collection Set: 1.1ms
[2025-08-01T01:08:07.696+0000] GC(936)   Other: 0.2ms
[2025-08-01T01:08:07.696+0000] GC(936) Eden regions: 1->0(100)
[2025-08-01T01:08:07.696+0000] GC(936) Survivor regions: 12->2(12)
[2025-08-01T01:08:07.696+0000] GC(936) Old regions: 2021->2036
[2025-08-01T01:08:07.696+0000] GC(936) Archive regions: 2->2
[2025-08-01T01:08:07.696+0000] GC(936) Humongous regions: 0->0
[2025-08-01T01:08:07.697+0000] GC(936) Metaspace: 10061K(10304K)->10061K(10304K) NonClass: 8835K(8960K)->8835K(8960K) Class: 1225K(1344K)->1225K(1344K)
[2025-08-01T01:08:07.697+0000] GC(936) Pause Young (Normal) (G1 Preventive Collection) 4068M->4077M(4096M) 6.226ms
[2025-08-01T01:08:07.697+0000] GC(936) User=0.03s Sys=0.00s Real=0.01s
[2025-08-01T01:08:07.698+0000] GC(937) Pause Young (Normal) (G1 Preventive Collection)
[2025-08-01T01:08:07.698+0000] GC(937) Using 8 workers of 8 for evacuation
[2025-08-01T01:08:07.702+0000] GC(937)   Pre Evacuate Collection Set: 0.5ms
[2025-08-01T01:08:07.702+0000] GC(937)   Merge Heap Roots: 0.2ms
[2025-08-01T01:08:07.702+0000] GC(937)   Evacuate Collection Set: 2.3ms
[2025-08-01T01:08:07.702+0000] GC(937)   Post Evacuate Collection Set: 0.5ms
[2025-08-01T01:08:07.702+0000] GC(937)   Other: 0.1ms
[2025-08-01T01:08:07.702+0000] GC(937) Eden regions: 3->0(98)
[2025-08-01T01:08:07.702+0000] GC(937) Survivor regions: 2->4(5)
[2025-08-01T01:08:07.702+0000] GC(937) Old regions: 2036->2036
[2025-08-01T01:08:07.702+0000] GC(937) Archive regions: 2->2
[2025-08-01T01:08:07.702+0000] GC(937) Humongous regions: 0->0
[2025-08-01T01:08:07.702+0000] GC(937) Metaspace: 10061K(10304K)->10061K(10304K) NonClass: 8835K(8960K)->8835K(8960K) Class: 1225K(1344K)->1225K(1344K)
[2025-08-01T01:08:07.702+0000] GC(937) Pause Young (Normal) (G1 Preventive Collection) 4083M->4081M(4096M) 4.094ms
[2025-08-01T01:08:07.702+0000] GC(937) User=0.01s Sys=0.00s Real=0.00s
[2025-08-01T01:08:07.703+0000] GC(938) Pause Young (Normal) (G1 Preventive Collection)
[2025-08-01T01:08:07.703+0000] GC(938) Using 8 workers of 8 for evacuation
[2025-08-01T01:08:07.711+0000] GC(938)   Pre Evacuate Collection Set: 0.6ms
[2025-08-01T01:08:07.711+0000] GC(938)   Merge Heap Roots: 0.3ms
[2025-08-01T01:08:07.711+0000] GC(938)   Evacuate Collection Set: 6.5ms
[2025-08-01T01:08:07.711+0000] GC(938)   Post Evacuate Collection Set: 0.6ms
[2025-08-01T01:08:07.711+0000] GC(938)   Other: 0.6ms
[2025-08-01T01:08:07.712+0000] GC(938) Eden regions: 1->0(97)
[2025-08-01T01:08:07.712+0000] GC(938) Survivor regions: 4->5(5)
[2025-08-01T01:08:07.712+0000] GC(938) Old regions: 2036->2036
[2025-08-01T01:08:07.712+0000] GC(938) Archive regions: 2->2
[2025-08-01T01:08:07.712+0000] GC(938) Humongous regions: 0->0
[2025-08-01T01:08:07.712+0000] GC(938) Metaspace: 10061K(10304K)->10061K(10304K) NonClass: 8835K(8960K)->8835K(8960K) Class: 1225K(1344K)->1225K(1344K)
[2025-08-01T01:08:07.712+0000] GC(938) Pause Young (Normal) (G1 Preventive Collection) 4083M->4082M(4096M) 8.514ms
[2025-08-01T01:08:07.712+0000] GC(938) User=0.01s Sys=0.00s Real=0.00s
[2025-08-01T01:08:07.712+0000] GC(939) Pause Young (Normal) (G1 Preventive Collection)
[2025-08-01T01:08:07.712+0000] GC(939) Using 8 workers of 8 for evacuation
[2025-08-01T01:08:07.716+0000] GC(939) To-space exhausted
[2025-08-01T01:08:07.716+0000] GC(939)   Pre Evacuate Collection Set: 0.8ms
[2025-08-01T01:08:07.716+0000] GC(939)   Merge Heap Roots: 0.1ms
[2025-08-01T01:08:07.716+0000] GC(939)   Evacuate Collection Set: 2.0ms
[2025-08-01T01:08:07.716+0000] GC(939)   Post Evacuate Collection Set: 0.9ms
[2025-08-01T01:08:07.716+0000] GC(939)   Other: 0.2ms
[2025-08-01T01:08:07.717+0000] GC(939) Eden regions: 1->0(98)
[2025-08-01T01:08:07.717+0000] GC(939) Survivor regions: 5->4(4)
[2025-08-01T01:08:07.717+0000] GC(939) Old regions: 2036->2040
[2025-08-01T01:08:07.717+0000] GC(939) Archive regions: 2->2
[2025-08-01T01:08:07.717+0000] GC(939) Humongous regions: 0->0
[2025-08-01T01:08:07.717+0000] GC(939) Metaspace: 10061K(10304K)->10061K(10304K) NonClass: 8835K(8960K)->8835K(8960K) Class: 1225K(1344K)->1225K(1344K)
[2025-08-01T01:08:07.717+0000] GC(939) Pause Young (Normal) (G1 Preventive Collection) 4084M->4088M(4096M) 4.262ms
[2025-08-01T01:08:07.717+0000] GC(939) User=0.02s Sys=0.00s Real=0.01s
[2025-08-01T01:08:07.717+0000] GC(940) Pause Young (Normal) (G1 Preventive Collection)
[2025-08-01T01:08:07.718+0000] GC(940) Using 8 workers of 8 for evacuation
[2025-08-01T01:08:07.724+0000] GC(940) To-space exhausted
[2025-08-01T01:08:07.724+0000] GC(940)   Pre Evacuate Collection Set: 0.7ms
[2025-08-01T01:08:07.724+0000] GC(940)   Merge Heap Roots: 0.3ms
[2025-08-01T01:08:07.724+0000] GC(940)   Evacuate Collection Set: 3.5ms
[2025-08-01T01:08:07.724+0000] GC(940)   Post Evacuate Collection Set: 1.6ms
[2025-08-01T01:08:07.724+0000] GC(940)   Other: 0.2ms
[2025-08-01T01:08:07.724+0000] GC(940) Eden regions: 1->0(101)
[2025-08-01T01:08:07.724+0000] GC(940) Survivor regions: 4->1(1)
[2025-08-01T01:08:07.724+0000] GC(940) Old regions: 2040->2045
[2025-08-01T01:08:07.724+0000] GC(940) Archive regions: 2->2
[2025-08-01T01:08:07.724+0000] GC(940) Humongous regions: 0->0
[2025-08-01T01:08:07.724+0000] GC(940) Metaspace: 10061K(10304K)->10061K(10304K) NonClass: 8835K(8960K)->8835K(8960K) Class: 1225K(1344K)->1225K(1344K)
[2025-08-01T01:08:07.724+0000] GC(940) Pause Young (Normal) (G1 Preventive Collection) 4090M->4092M(4096M) 6.401ms
[2025-08-01T01:08:07.724+0000] GC(940) User=0.02s Sys=0.00s Real=0.01s
[2025-08-01T01:08:07.724+0000] Attempting full compaction
[2025-08-01T01:08:07.724+0000] GC(941) Pause Full (G1 Compaction Pause)
[2025-08-01T01:08:07.724+0000] GC(941) Using 8 workers of 8 for full compaction
[2025-08-01T01:08:07.730+0000] GC(941) Phase 1: Mark live objects
[2025-08-01T01:08:07.771+0000] GC(941) Phase 1: Mark live objects 40.336ms
[2025-08-01T01:08:07.771+0000] GC(941) Phase 2: Prepare for compaction
[2025-08-01T01:08:07.786+0000] GC(941) Phase 2: Prepare for compaction 15.692ms
[2025-08-01T01:08:07.787+0000] GC(941) Phase 3: Adjust pointers
[2025-08-01T01:08:07.815+0000] GC(941) Phase 3: Adjust pointers 27.938ms
[2025-08-01T01:08:07.815+0000] GC(941) Phase 4: Compact heap
[2025-08-01T01:08:07.862+0000] GC(941) Phase 4: Compact heap 47.608ms
[2025-08-01T01:08:07.869+0000] GC(941) Eden regions: 0->0(495)
[2025-08-01T01:08:07.870+0000] GC(941) Survivor regions: 1->0(1)
[2025-08-01T01:08:07.870+0000] GC(941) Old regions: 2045->315
[2025-08-01T01:08:07.870+0000] GC(941) Archive regions: 2->2
[2025-08-01T01:08:07.870+0000] GC(941) Humongous regions: 0->0
[2025-08-01T01:08:07.870+0000] GC(941) Metaspace: 10061K(10304K)->10061K(10304K) NonClass: 8835K(8960K)->8835K(8960K) Class: 1225K(1344K)->1225K(1344K)
[2025-08-01T01:08:07.870+0000] GC(941) Pause Full (G1 Compaction Pause) 4092M->621M(4096M) 145.656ms
[2025-08-01T01:08:07.870+0000] GC(941) User=1.01s Sys=0.03s Real=0.14s
[2025-08-01T01:08:07.870+0000] GC(928) Concurrent Mark From Roots 381.121ms
[2025-08-01T01:08:07.870+0000] GC(928) Concurrent Mark Abort
[2025-08-01T01:08:07.870+0000] GC(928) Concurrent Mark Cycle 405.040ms
[2025-08-01T01:08:08.098+0000] GC(942) Pause Young (Normal) (G1 Evacuation Pause)
[2025-08-01T01:08:08.098+0000] GC(942) Using 8 workers of 8 for evacuation
[2025-08-01T01:08:08.563+0000] GC(942) MMU target violated: 201.0ms (200.0ms/201.0ms)
[2025-08-01T01:08:08.563+0000] GC(942)   Pre Evacuate Collection Set: 1.2ms
[2025-08-01T01:08:08.563+0000] GC(942)   Merge Heap Roots: 0.4ms
[2025-08-01T01:08:08.563+0000] GC(942)   Evacuate Collection Set: 462.2ms
[2025-08-01T01:08:08.563+0000] GC(942)   Post Evacuate Collection Set: 1.1ms
[2025-08-01T01:08:08.563+0000] GC(942)   Other: 0.3ms
[2025-08-01T01:08:08.563+0000] GC(942) Eden regions: 495->0(210)
[2025-08-01T01:08:08.563+0000] GC(942) Survivor regions: 0->62(62)
[2025-08-01T01:08:08.563+0000] GC(942) Old regions: 315->544
[2025-08-01T01:08:08.563+0000] GC(942) Archive regions: 2->2
[2025-08-01T01:08:08.563+0000] GC(942) Humongous regions: 0->0
[2025-08-01T01:08:08.563+0000] GC(942) Metaspace: 10061K(10304K)->10061K(10304K) NonClass: 8835K(8960K)->8835K(8960K) Class: 1225K(1344K)->1225K(1344K)
[2025-08-01T01:08:08.563+0000] GC(942) Pause Young (Normal) (G1 Evacuation Pause) 1611M->1202M(4096M) 465.321ms
[2025-08-01T01:08:08.563+0000] GC(942) User=1.85s Sys=0.80s Real=0.47s
[2025-08-01T01:08:08.647+0000] GC(943) Pause Young (Concurrent Start) (G1 Evacuation Pause)
[2025-08-01T01:08:08.647+0000] GC(943) Using 8 workers of 8 for evacuation
[2025-08-01T01:08:08.730+0000] GC(943)   Pre Evacuate Collection Set: 0.6ms
[2025-08-01T01:08:08.730+0000] GC(943)   Merge Heap Roots: 0.2ms
[2025-08-01T01:08:08.731+0000] GC(943)   Evacuate Collection Set: 81.0ms
[2025-08-01T01:08:08.731+0000] GC(943)   Post Evacuate Collection Set: 1.2ms
[2025-08-01T01:08:08.731+0000] GC(943)   Other: 0.3ms
[2025-08-01T01:08:08.731+0000] GC(943) Eden regions: 210->0(329)
[2025-08-01T01:08:08.731+0000] GC(943) Survivor regions: 62->34(34)
[2025-08-01T01:08:08.731+0000] GC(943) Old regions: 544->782
[2025-08-01T01:08:08.731+0000] GC(943) Archive regions: 2->2
[2025-08-01T01:08:08.731+0000] GC(943) Humongous regions: 0->0
[2025-08-01T01:08:08.731+0000] GC(943) Metaspace: 10061K(10304K)->10061K(10304K) NonClass: 8835K(8960K)->8835K(8960K) Class: 1225K(1344K)->1225K(1344K)
[2025-08-01T01:08:08.731+0000] GC(943) Pause Young (Concurrent Start) (G1 Evacuation Pause) 1622M->1622M(4096M) 83.438ms
[2025-08-01T01:08:08.731+0000] GC(943) User=0.63s Sys=0.00s Real=0.08s
[2025-08-01T01:08:08.731+0000] GC(944) Concurrent Mark Cycle
[2025-08-01T01:08:08.731+0000] GC(944) Concurrent Clear Claimed Marks
[2025-08-01T01:08:08.731+0000] GC(944) Concurrent Clear Claimed Marks 0.027ms
[2025-08-01T01:08:08.731+0000] GC(944) Concurrent Scan Root Regions
[2025-08-01T01:08:08.787+0000] GC(944) Concurrent Scan Root Regions 56.039ms
[2025-08-01T01:08:08.787+0000] GC(944) Concurrent Mark
[2025-08-01T01:08:08.787+0000] GC(944) Concurrent Mark From Roots
[2025-08-01T01:08:08.787+0000] GC(944) Using 2 workers of 2 for marking
[2025-08-01T01:08:08.889+0000] GC(945) Pause Young (Normal) (G1 Evacuation Pause)
[2025-08-01T01:08:08.889+0000] GC(945) Using 8 workers of 8 for evacuation
[2025-08-01T01:08:08.988+0000] GC(945)   Pre Evacuate Collection Set: 0.5ms
[2025-08-01T01:08:08.988+0000] GC(945)   Merge Heap Roots: 0.3ms
[2025-08-01T01:08:08.988+0000] GC(945)   Evacuate Collection Set: 96.8ms
[2025-08-01T01:08:08.988+0000] GC(945)   Post Evacuate Collection Set: 1.2ms
[2025-08-01T01:08:08.988+0000] GC(945)   Other: 0.2ms
[2025-08-01T01:08:08.988+0000] GC(945) Eden regions: 329->0(244)
[2025-08-01T01:08:08.988+0000] GC(945) Survivor regions: 34->46(46)
[2025-08-01T01:08:08.988+0000] GC(945) Old regions: 782->1024
[2025-08-01T01:08:08.988+0000] GC(945) Archive regions: 2->2
[2025-08-01T01:08:08.988+0000] GC(945) Humongous regions: 0->0
[2025-08-01T01:08:08.988+0000] GC(945) Metaspace: 10061K(10304K)->10061K(10304K) NonClass: 8835K(8960K)->8835K(8960K) Class: 1225K(1344K)->1225K(1344K)
[2025-08-01T01:08:08.988+0000] GC(945) Pause Young (Normal) (G1 Evacuation Pause) 2280M->2130M(4096M) 99.227ms
[2025-08-01T01:08:08.988+0000] GC(945) User=0.75s Sys=0.01s Real=0.10s
[2025-08-01T01:08:09.012+0000] GC(944) Concurrent Mark From Roots 224.720ms
[2025-08-01T01:08:09.012+0000] GC(944) Concurrent Preclean
[2025-08-01T01:08:09.012+0000] GC(944) Concurrent Preclean 0.324ms
[2025-08-01T01:08:09.012+0000] GC(944) Pause Remark
[2025-08-01T01:08:09.016+0000] GC(944) Pause Remark 2408M->2092M(4096M) 3.264ms
[2025-08-01T01:08:09.016+0000] GC(944) User=0.01s Sys=0.00s Real=0.01s
[2025-08-01T01:08:09.016+0000] GC(944) Concurrent Mark 228.716ms
[2025-08-01T01:08:09.016+0000] GC(944) Concurrent Rebuild Remembered Sets
[2025-08-01T01:08:09.082+0000] GC(946) Pause Young (Normal) (G1 Evacuation Pause)
[2025-08-01T01:08:09.082+0000] GC(946) Using 8 workers of 8 for evacuation
[2025-08-01T01:08:09.155+0000] GC(946)   Pre Evacuate Collection Set: 0.6ms
[2025-08-01T01:08:09.155+0000] GC(946)   Merge Heap Roots: 0.2ms
[2025-08-01T01:08:09.155+0000] GC(946)   Evacuate Collection Set: 71.1ms
[2025-08-01T01:08:09.155+0000] GC(946)   Post Evacuate Collection Set: 0.9ms
[2025-08-01T01:08:09.155+0000] GC(946)   Other: 0.2ms
[2025-08-01T01:08:09.155+0000] GC(946) Eden regions: 244->0(237)
[2025-08-01T01:08:09.155+0000] GC(946) Survivor regions: 46->37(37)
[2025-08-01T01:08:09.155+0000] GC(946) Old regions: 864->1064
[2025-08-01T01:08:09.155+0000] GC(946) Archive regions: 2->2
[2025-08-01T01:08:09.155+0000] GC(946) Humongous regions: 0->0
[2025-08-01T01:08:09.155+0000] GC(946) Metaspace: 10061K(10304K)->10061K(10304K) NonClass: 8835K(8960K)->8835K(8960K) Class: 1225K(1344K)->1225K(1344K)
[2025-08-01T01:08:09.155+0000] GC(946) Pause Young (Normal) (G1 Evacuation Pause) 2302M->2196M(4096M) 73.277ms
[2025-08-01T01:08:09.155+0000] GC(946) User=0.55s Sys=0.00s Real=0.08s
[2025-08-01T01:08:09.248+0000] GC(947) Pause Young (Normal) (G1 Evacuation Pause)
[2025-08-01T01:08:09.248+0000] GC(947) Using 8 workers of 8 for evacuation
[2025-08-01T01:08:09.330+0000] GC(947)   Pre Evacuate Collection Set: 0.5ms
[2025-08-01T01:08:09.330+0000] GC(947)   Merge Heap Roots: 0.2ms
[2025-08-01T01:08:09.330+0000] GC(947)   Evacuate Collection Set: 80.2ms
[2025-08-01T01:08:09.330+0000] GC(947)   Post Evacuate Collection Set: 1.0ms
[2025-08-01T01:08:09.330+0000] GC(947)   Other: 0.3ms
[2025-08-01T01:08:09.330+0000] GC(947) Eden regions: 237->0(169)
[2025-08-01T01:08:09.330+0000] GC(947) Survivor regions: 37->35(35)
[2025-08-01T01:08:09.330+0000] GC(947) Old regions: 1064->1270
[2025-08-01T01:08:09.330+0000] GC(947) Archive regions: 2->2
[2025-08-01T01:08:09.330+0000] GC(947) Humongous regions: 0->0
[2025-08-01T01:08:09.330+0000] GC(947) Metaspace: 10061K(10304K)->10061K(10304K) NonClass: 8835K(8960K)->8835K(8960K) Class: 1225K(1344K)->1225K(1344K)
[2025-08-01T01:08:09.330+0000] GC(947) Pause Young (Normal) (G1 Evacuation Pause) 2670M->2604M(4096M) 82.241ms
[2025-08-01T01:08:09.330+0000] GC(947) User=0.62s Sys=0.02s Real=0.08s
[2025-08-01T01:08:09.375+0000] GC(944) Concurrent Rebuild Remembered Sets 359.028ms
[2025-08-01T01:08:09.375+0000] GC(944) Pause Cleanup
[2025-08-01T01:08:09.376+0000] GC(944) Pause Cleanup 2774M->2774M(4096M) 0.704ms
[2025-08-01T01:08:09.376+0000] GC(944) User=0.01s Sys=0.00s Real=0.00s
[2025-08-01T01:08:09.376+0000] GC(944) Concurrent Cleanup for Next Mark
[2025-08-01T01:08:09.385+0000] GC(944) Concurrent Cleanup for Next Mark 8.737ms
[2025-08-01T01:08:09.385+0000] GC(944) Concurrent Mark Cycle 653.962ms
[2025-08-01T01:08:09.407+0000] GC(948) Pause Young (Prepare Mixed) (G1 Evacuation Pause)
[2025-08-01T01:08:09.407+0000] GC(948) Using 8 workers of 8 for evacuation
[2025-08-01T01:08:09.458+0000] GC(948)   Pre Evacuate Collection Set: 0.9ms
[2025-08-01T01:08:09.458+0000] GC(948)   Merge Heap Roots: 0.2ms
[2025-08-01T01:08:09.458+0000] GC(948)   Evacuate Collection Set: 48.2ms
[2025-08-01T01:08:09.458+0000] GC(948)   Post Evacuate Collection Set: 0.7ms
[2025-08-01T01:08:09.458+0000] GC(948)   Other: 0.2ms
[2025-08-01T01:08:09.458+0000] GC(948) Eden regions: 169->0(76)
[2025-08-01T01:08:09.458+0000] GC(948) Survivor regions: 35->26(26)
[2025-08-01T01:08:09.458+0000] GC(948) Old regions: 1270->1398
[2025-08-01T01:08:09.458+0000] GC(948) Archive regions: 2->2
[2025-08-01T01:08:09.458+0000] GC(948) Humongous regions: 0->0
[2025-08-01T01:08:09.458+0000] GC(948) Metaspace: 10061K(10304K)->10061K(10304K) NonClass: 8835K(8960K)->8835K(8960K) Class: 1225K(1344K)->1225K(1344K)
[2025-08-01T01:08:09.458+0000] GC(948) Pause Young (Prepare Mixed) (G1 Evacuation Pause) 2942M->2843M(4096M) 50.360ms
[2025-08-01T01:08:09.458+0000] GC(948) User=0.38s Sys=0.01s Real=0.05s
[2025-08-01T01:08:09.473+0000] GC(949) Pause Young (Mixed) (G1 Evacuation Pause)
[2025-08-01T01:08:09.473+0000] GC(949) Using 8 workers of 8 for evacuation
[2025-08-01T01:08:09.501+0000] GC(949)   Pre Evacuate Collection Set: 0.7ms
[2025-08-01T01:08:09.501+0000] GC(949)   Merge Heap Roots: 0.2ms
[2025-08-01T01:08:09.501+0000] GC(949)   Evacuate Collection Set: 26.0ms
[2025-08-01T01:08:09.501+0000] GC(949)   Post Evacuate Collection Set: 0.7ms
[2025-08-01T01:08:09.501+0000] GC(949)   Other: 0.2ms
[2025-08-01T01:08:09.501+0000] GC(949) Eden regions: 76->0(122)
[2025-08-01T01:08:09.501+0000] GC(949) Survivor regions: 26->13(13)
[2025-08-01T01:08:09.501+0000] GC(949) Old regions: 1398->1448
[2025-08-01T01:08:09.501+0000] GC(949) Archive regions: 2->2
[2025-08-01T01:08:09.501+0000] GC(949) Humongous regions: 0->0
[2025-08-01T01:08:09.501+0000] GC(949) Metaspace: 10061K(10304K)->10061K(10304K) NonClass: 8835K(8960K)->8835K(8960K) Class: 1225K(1344K)->1225K(1344K)
[2025-08-01T01:08:09.501+0000] GC(949) Pause Young (Mixed) (G1 Evacuation Pause) 2995M->2917M(4096M) 27.987ms
[2025-08-01T01:08:09.501+0000] GC(949) User=0.20s Sys=0.01s Real=0.02s
[2025-08-01T01:08:09.556+0000] GC(950) Pause Young (Concurrent Start) (G1 Evacuation Pause)
[2025-08-01T01:08:09.556+0000] GC(950) Using 8 workers of 8 for evacuation
[2025-08-01T01:08:09.611+0000] GC(950)   Pre Evacuate Collection Set: 0.5ms
[2025-08-01T01:08:09.611+0000] GC(950)   Merge Heap Roots: 0.1ms
[2025-08-01T01:08:09.611+0000] GC(950)   Evacuate Collection Set: 53.1ms
[2025-08-01T01:08:09.611+0000] GC(950)   Post Evacuate Collection Set: 0.9ms
[2025-08-01T01:08:09.611+0000] GC(950)   Other: 0.2ms
[2025-08-01T01:08:09.611+0000] GC(950) Eden regions: 122->0(85)
[2025-08-01T01:08:09.611+0000] GC(950) Survivor regions: 13->17(17)
[2025-08-01T01:08:09.611+0000] GC(950) Old regions: 1448->1567
[2025-08-01T01:08:09.611+0000] GC(950) Archive regions: 2->2
[2025-08-01T01:08:09.611+0000] GC(950) Humongous regions: 0->0
[2025-08-01T01:08:09.611+0000] GC(950) Metaspace: 10061K(10304K)->10061K(10304K) NonClass: 8835K(8960K)->8835K(8960K) Class: 1225K(1344K)->1225K(1344K)
[2025-08-01T01:08:09.611+0000] GC(950) Pause Young (Concurrent Start) (G1 Evacuation Pause) 3161M->3163M(4096M) 54.900ms
[2025-08-01T01:08:09.611+0000] GC(950) User=0.39s Sys=0.01s Real=0.05s
[2025-08-01T01:08:09.611+0000] GC(951) Concurrent Mark Cycle
[2025-08-01T01:08:09.611+0000] GC(951) Concurrent Clear Claimed Marks
[2025-08-01T01:08:09.611+0000] GC(951) Concurrent Clear Claimed Marks 0.037ms
[2025-08-01T01:08:09.611+0000] GC(951) Concurrent Scan Root Regions
[2025-08-01T01:08:09.640+0000] GC(951) Concurrent Scan Root Regions 28.286ms
[2025-08-01T01:08:09.640+0000] GC(951) Concurrent Mark
[2025-08-01T01:08:09.640+0000] GC(952) Pause Young (Normal) (G1 Evacuation Pause)
[2025-08-01T01:08:09.640+0000] GC(952) Using 8 workers of 8 for evacuation
[2025-08-01T01:08:09.640+0000] GC(951) Concurrent Mark From Roots
[2025-08-01T01:08:09.640+0000] GC(951) Using 2 workers of 2 for marking
[2025-08-01T01:08:09.670+0000] GC(952)   Pre Evacuate Collection Set: 12.3ms
[2025-08-01T01:08:09.670+0000] GC(952)   Merge Heap Roots: 0.2ms
[2025-08-01T01:08:09.670+0000] GC(952)   Evacuate Collection Set: 28.1ms
[2025-08-01T01:08:09.670+0000] GC(952)   Post Evacuate Collection Set: 0.8ms
[2025-08-01T01:08:09.670+0000] GC(952)   Other: 0.2ms
[2025-08-01T01:08:09.670+0000] GC(952) Eden regions: 85->0(89)
[2025-08-01T01:08:09.670+0000] GC(952) Survivor regions: 17->13(13)
[2025-08-01T01:08:09.670+0000] GC(952) Old regions: 1567->1658
[2025-08-01T01:08:09.670+0000] GC(952) Archive regions: 2->2
[2025-08-01T01:08:09.670+0000] GC(952) Humongous regions: 0->0
[2025-08-01T01:08:09.670+0000] GC(952) Metaspace: 10061K(10304K)->10061K(10304K) NonClass: 8835K(8960K)->8835K(8960K) Class: 1225K(1344K)->1225K(1344K)
[2025-08-01T01:08:09.670+0000] GC(952) Pause Young (Normal) (G1 Evacuation Pause) 3333M->3336M(4096M) 29.871ms
[2025-08-01T01:08:09.670+0000] GC(952) User=0.22s Sys=0.00s Real=0.03s
[2025-08-01T01:08:09.733+0000] GC(953) Pause Young (Normal) (G1 Evacuation Pause)
[2025-08-01T01:08:09.733+0000] GC(953) Using 8 workers of 8 for evacuation
[2025-08-01T01:08:09.762+0000] GC(953)   Pre Evacuate Collection Set: 0.3ms
[2025-08-01T01:08:09.762+0000] GC(953)   Merge Heap Roots: 0.1ms
[2025-08-01T01:08:09.762+0000] GC(953)   Evacuate Collection Set: 26.7ms
[2025-08-01T01:08:09.762+0000] GC(953)   Post Evacuate Collection Set: 2.2ms
[2025-08-01T01:08:09.763+0000] GC(953)   Other: 0.2ms
[2025-08-01T01:08:09.763+0000] GC(953) Eden regions: 89->0(89)
[2025-08-01T01:08:09.763+0000] GC(953) Survivor regions: 13->13(13)
[2025-08-01T01:08:09.763+0000] GC(953) Old regions: 1658->1723
[2025-08-01T01:08:09.763+0000] GC(953) Archive regions: 2->2
[2025-08-01T01:08:09.763+0000] GC(953) Humongous regions: 0->0
[2025-08-01T01:08:09.763+0000] GC(953) Metaspace: 10061K(10304K)->10061K(10304K) NonClass: 8835K(8960K)->8835K(8960K) Class: 1225K(1344K)->1225K(1344K)
[2025-08-01T01:08:09.763+0000] GC(953) Pause Young (Normal) (G1 Evacuation Pause) 3514M->3467M(4096M) 29.805ms
[2025-08-01T01:08:09.763+0000] GC(953) User=0.20s Sys=0.01s Real=0.02s
[2025-08-01T01:08:09.785+0000] GC(954) Pause Young (Normal) (G1 Evacuation Pause)
[2025-08-01T01:08:09.785+0000] GC(954) Using 8 workers of 8 for evacuation
[2025-08-01T01:08:09.821+0000] GC(954)   Pre Evacuate Collection Set: 0.4ms
[2025-08-01T01:08:09.821+0000] GC(954)   Merge Heap Roots: 0.1ms
[2025-08-01T01:08:09.821+0000] GC(954)   Evacuate Collection Set: 34.1ms
[2025-08-01T01:08:09.821+0000] GC(954)   Post Evacuate Collection Set: 1.0ms
[2025-08-01T01:08:09.821+0000] GC(954)   Other: 0.2ms
[2025-08-01T01:08:09.821+0000] GC(954) Eden regions: 89->0(89)
[2025-08-01T01:08:09.821+0000] GC(954) Survivor regions: 13->13(13)
[2025-08-01T01:08:09.821+0000] GC(954) Old regions: 1723->1814
[2025-08-01T01:08:09.821+0000] GC(954) Archive regions: 2->2
[2025-08-01T01:08:09.821+0000] GC(954) Humongous regions: 0->0
[2025-08-01T01:08:09.821+0000] GC(954) Metaspace: 10061K(10304K)->10061K(10304K) NonClass: 8835K(8960K)->8835K(8960K) Class: 1225K(1344K)->1225K(1344K)
[2025-08-01T01:08:09.821+0000] GC(954) Pause Young (Normal) (G1 Evacuation Pause) 3645M->3648M(4096M) 35.942ms
[2025-08-01T01:08:09.821+0000] GC(954) User=0.25s Sys=0.00s Real=0.03s
[2025-08-01T01:08:09.838+0000] GC(955) Pause Young (Normal) (G1 Evacuation Pause)
[2025-08-01T01:08:09.838+0000] GC(955) Using 8 workers of 8 for evacuation
[2025-08-01T01:08:09.868+0000] GC(955)   Pre Evacuate Collection Set: 0.4ms
[2025-08-01T01:08:09.868+0000] GC(955)   Merge Heap Roots: 0.3ms
[2025-08-01T01:08:09.868+0000] GC(955)   Evacuate Collection Set: 28.0ms
[2025-08-01T01:08:09.868+0000] GC(955)   Post Evacuate Collection Set: 0.7ms
[2025-08-01T01:08:09.868+0000] GC(955)   Other: 0.2ms
[2025-08-01T01:08:09.868+0000] GC(955) Eden regions: 89->0(89)
[2025-08-01T01:08:09.868+0000] GC(955) Survivor regions: 13->13(13)
[2025-08-01T01:08:09.868+0000] GC(955) Old regions: 1814->1904
[2025-08-01T01:08:09.868+0000] GC(955) Archive regions: 2->2
[2025-08-01T01:08:09.868+0000] GC(955) Humongous regions: 0->0
[2025-08-01T01:08:09.868+0000] GC(955) Metaspace: 10061K(10304K)->10061K(10304K) NonClass: 8835K(8960K)->8835K(8960K) Class: 1225K(1344K)->1225K(1344K)
[2025-08-01T01:08:09.868+0000] GC(955) Pause Young (Normal) (G1 Evacuation Pause) 3826M->3828M(4096M) 29.733ms
[2025-08-01T01:08:09.868+0000] GC(955) User=0.22s Sys=0.00s Real=0.03s
[2025-08-01T01:08:09.874+0000] GC(951) Concurrent Mark From Roots 234.556ms
[2025-08-01T01:08:09.874+0000] GC(951) Concurrent Preclean
[2025-08-01T01:08:09.875+0000] GC(951) Concurrent Preclean 0.331ms
[2025-08-01T01:08:09.875+0000] GC(951) Pause Remark
[2025-08-01T01:08:09.879+0000] GC(951) Pause Remark 3830M->1663M(4096M) 3.884ms
[2025-08-01T01:08:09.879+0000] GC(951) User=0.01s Sys=0.00s Real=0.00s
[2025-08-01T01:08:09.879+0000] GC(951) Concurrent Mark 239.243ms
[2025-08-01T01:08:09.879+0000] GC(951) Concurrent Rebuild Remembered Sets
[2025-08-01T01:08:09.907+0000] GC(956) Pause Young (Normal) (G1 Evacuation Pause)
[2025-08-01T01:08:09.907+0000] GC(956) Using 8 workers of 8 for evacuation
[2025-08-01T01:08:09.939+0000] GC(956)   Pre Evacuate Collection Set: 0.4ms
[2025-08-01T01:08:09.939+0000] GC(956)   Merge Heap Roots: 0.2ms
[2025-08-01T01:08:09.939+0000] GC(956)   Evacuate Collection Set: 31.1ms
[2025-08-01T01:08:09.939+0000] GC(956)   Post Evacuate Collection Set: 0.9ms
[2025-08-01T01:08:09.939+0000] GC(956)   Other: 0.2ms
[2025-08-01T01:08:09.939+0000] GC(956) Eden regions: 89->0(297)
[2025-08-01T01:08:09.939+0000] GC(956) Survivor regions: 13->13(13)
[2025-08-01T01:08:09.939+0000] GC(956) Old regions: 818->909
[2025-08-01T01:08:09.939+0000] GC(956) Archive regions: 2->2
[2025-08-01T01:08:09.940+0000] GC(956) Humongous regions: 0->0
[2025-08-01T01:08:09.940+0000] GC(956) Metaspace: 10061K(10304K)->10061K(10304K) NonClass: 8835K(8960K)->8835K(8960K) Class: 1225K(1344K)->1225K(1344K)
[2025-08-01T01:08:09.940+0000] GC(956) Pause Young (Normal) (G1 Evacuation Pause) 1840M->1844M(4096M) 32.978ms
[2025-08-01T01:08:09.940+0000] GC(956) User=0.24s Sys=0.00s Real=0.03s
[2025-08-01T01:08:10.092+0000] GC(957) Pause Young (Normal) (G1 Evacuation Pause)
[2025-08-01T01:08:10.092+0000] GC(957) Using 8 workers of 8 for evacuation
[2025-08-01T01:08:10.144+0000] GC(957)   Pre Evacuate Collection Set: 0.5ms
[2025-08-01T01:08:10.144+0000] GC(957)   Merge Heap Roots: 0.2ms
[2025-08-01T01:08:10.144+0000] GC(957)   Evacuate Collection Set: 50.3ms
[2025-08-01T01:08:10.144+0000] GC(957)   Post Evacuate Collection Set: 1.0ms
[2025-08-01T01:08:10.144+0000] GC(957)   Other: 0.2ms
[2025-08-01T01:08:10.144+0000] GC(957) Eden regions: 297->0(273)
[2025-08-01T01:08:10.144+0000] GC(957) Survivor regions: 13->39(39)
[2025-08-01T01:08:10.144+0000] GC(957) Old regions: 909->1006
[2025-08-01T01:08:10.144+0000] GC(957) Archive regions: 2->2
[2025-08-01T01:08:10.144+0000] GC(957) Humongous regions: 0->0
[2025-08-01T01:08:10.144+0000] GC(957) Metaspace: 10061K(10304K)->10061K(10304K) NonClass: 8835K(8960K)->8835K(8960K) Class: 1225K(1344K)->1225K(1344K)
[2025-08-01T01:08:10.144+0000] GC(957) Pause Young (Normal) (G1 Evacuation Pause) 2438M->2090M(4096M) 52.401ms
[2025-08-01T01:08:10.144+0000] GC(957) User=0.36s Sys=0.01s Real=0.06s
[2025-08-01T01:08:10.170+0000] GC(951) Concurrent Rebuild Remembered Sets 290.469ms
[2025-08-01T01:08:10.170+0000] GC(951) Pause Cleanup
[2025-08-01T01:08:10.171+0000] GC(951) Pause Cleanup 2354M->2354M(4096M) 0.931ms
[2025-08-01T01:08:10.171+0000] GC(951) User=0.00s Sys=0.00s Real=0.00s
[2025-08-01T01:08:10.171+0000] GC(951) Concurrent Cleanup for Next Mark
[2025-08-01T01:08:10.180+0000] GC(951) Concurrent Cleanup for Next Mark 9.387ms
[2025-08-01T01:08:10.181+0000] GC(951) Concurrent Mark Cycle 569.245ms
[2025-08-01T01:08:10.244+0000] GC(958) Pause Young (Prepare Mixed) (G1 Evacuation Pause)
[2025-08-01T01:08:10.244+0000] GC(958) Using 8 workers of 8 for evacuation
[2025-08-01T01:08:10.342+0000] GC(958)   Pre Evacuate Collection Set: 0.4ms
[2025-08-01T01:08:10.342+0000] GC(958)   Merge Heap Roots: 0.2ms
[2025-08-01T01:08:10.342+0000] GC(958)   Evacuate Collection Set: 96.2ms
[2025-08-01T01:08:10.342+0000] GC(958)   Post Evacuate Collection Set: 1.0ms
[2025-08-01T01:08:10.342+0000] GC(958)   Other: 0.2ms
[2025-08-01T01:08:10.342+0000] GC(958) Eden regions: 273->0(63)
[2025-08-01T01:08:10.342+0000] GC(958) Survivor regions: 39->39(39)
[2025-08-01T01:08:10.342+0000] GC(958) Old regions: 1006->1280
[2025-08-01T01:08:10.342+0000] GC(958) Archive regions: 2->2
[2025-08-01T01:08:10.342+0000] GC(958) Humongous regions: 0->0
[2025-08-01T01:08:10.342+0000] GC(958) Metaspace: 10061K(10304K)->10061K(10304K) NonClass: 8835K(8960K)->8835K(8960K) Class: 1225K(1344K)->1225K(1344K)
[2025-08-01T01:08:10.342+0000] GC(958) Pause Young (Prepare Mixed) (G1 Evacuation Pause) 2636M->2638M(4096M) 98.117ms
[2025-08-01T01:08:10.342+0000] GC(958) User=0.75s Sys=0.01s Real=0.09s
[2025-08-01T01:08:10.353+0000] GC(959) Pause Young (Mixed) (G1 Evacuation Pause)
[2025-08-01T01:08:10.353+0000] GC(959) Using 8 workers of 8 for evacuation
[2025-08-01T01:08:10.384+0000] GC(959)   Pre Evacuate Collection Set: 0.5ms
[2025-08-01T01:08:10.384+0000] GC(959)   Merge Heap Roots: 0.3ms
[2025-08-01T01:08:10.384+0000] GC(959)   Evacuate Collection Set: 28.7ms
[2025-08-01T01:08:10.384+0000] GC(959)   Post Evacuate Collection Set: 0.9ms
[2025-08-01T01:08:10.384+0000] GC(959)   Other: 0.2ms
[2025-08-01T01:08:10.384+0000] GC(959) Eden regions: 63->0(152)
[2025-08-01T01:08:10.384+0000] GC(959) Survivor regions: 39->13(13)
[2025-08-01T01:08:10.384+0000] GC(959) Old regions: 1280->1347
[2025-08-01T01:08:10.384+0000] GC(959) Archive regions: 2->2
[2025-08-01T01:08:10.384+0000] GC(959) Humongous regions: 0->0
[2025-08-01T01:08:10.384+0000] GC(959) Metaspace: 10061K(10304K)->10061K(10304K) NonClass: 8835K(8960K)->8835K(8960K) Class: 1225K(1344K)->1225K(1344K)
[2025-08-01T01:08:10.384+0000] GC(959) Pause Young (Mixed) (G1 Evacuation Pause) 2764M->2720M(4096M) 30.682ms
[2025-08-01T01:08:10.384+0000] GC(959) User=0.23s Sys=0.00s Real=0.03s
[2025-08-01T01:08:10.452+0000] GC(960) Pause Young (Concurrent Start) (G1 Evacuation Pause)
[2025-08-01T01:08:10.453+0000] GC(960) Using 8 workers of 8 for evacuation
[2025-08-01T01:08:10.515+0000] GC(960)   Pre Evacuate Collection Set: 0.6ms
[2025-08-01T01:08:10.515+0000] GC(960)   Merge Heap Roots: 0.2ms
[2025-08-01T01:08:10.515+0000] GC(960)   Evacuate Collection Set: 60.1ms
[2025-08-01T01:08:10.515+0000] GC(960)   Post Evacuate Collection Set: 0.9ms
[2025-08-01T01:08:10.515+0000] GC(960)   Other: 0.3ms
[2025-08-01T01:08:10.515+0000] GC(960) Eden regions: 152->0(104)
[2025-08-01T01:08:10.515+0000] GC(960) Survivor regions: 13->21(21)
[2025-08-01T01:08:10.515+0000] GC(960) Old regions: 1347->1483
[2025-08-01T01:08:10.515+0000] GC(960) Archive regions: 2->2
[2025-08-01T01:08:10.515+0000] GC(960) Humongous regions: 0->0
[2025-08-01T01:08:10.515+0000] GC(960) Metaspace: 10061K(10304K)->10061K(10304K) NonClass: 8835K(8960K)->8835K(8960K) Class: 1225K(1344K)->1225K(1344K)
[2025-08-01T01:08:10.515+0000] GC(960) Pause Young (Concurrent Start) (G1 Evacuation Pause) 3024M->3009M(4096M) 62.200ms
[2025-08-01T01:08:10.515+0000] GC(960) User=0.46s Sys=0.02s Real=0.07s
[2025-08-01T01:08:10.515+0000] GC(961) Concurrent Mark Cycle
[2025-08-01T01:08:10.515+0000] GC(961) Concurrent Clear Claimed Marks
[2025-08-01T01:08:10.515+0000] GC(961) Concurrent Clear Claimed Marks 0.129ms
[2025-08-01T01:08:10.515+0000] GC(961) Concurrent Scan Root Regions
[2025-08-01T01:08:10.550+0000] GC(961) Concurrent Scan Root Regions 35.095ms
[2025-08-01T01:08:10.550+0000] GC(961) Concurrent Mark
[2025-08-01T01:08:10.550+0000] GC(961) Concurrent Mark From Roots
[2025-08-01T01:08:10.550+0000] GC(961) Using 2 workers of 2 for marking
[2025-08-01T01:08:10.550+0000] GC(962) Pause Young (Normal) (G1 Evacuation Pause)
[2025-08-01T01:08:10.550+0000] GC(962) Using 8 workers of 8 for evacuation
[2025-08-01T01:08:10.589+0000] GC(962)   Pre Evacuate Collection Set: 13.2ms
[2025-08-01T01:08:10.589+0000] GC(962)   Merge Heap Roots: 0.2ms
[2025-08-01T01:08:10.589+0000] GC(962)   Evacuate Collection Set: 37.8ms
[2025-08-01T01:08:10.589+0000] GC(962)   Post Evacuate Collection Set: 0.8ms
[2025-08-01T01:08:10.589+0000] GC(962)   Other: 0.1ms
[2025-08-01T01:08:10.590+0000] GC(962) Eden regions: 104->0(86)
[2025-08-01T01:08:10.590+0000] GC(962) Survivor regions: 21->16(16)
[2025-08-01T01:08:10.590+0000] GC(962) Old regions: 1483->1594
[2025-08-01T01:08:10.590+0000] GC(962) Archive regions: 2->2
[2025-08-01T01:08:10.590+0000] GC(962) Humongous regions: 0->0
[2025-08-01T01:08:10.590+0000] GC(962) Metaspace: 10061K(10304K)->10061K(10304K) NonClass: 8835K(8960K)->8835K(8960K) Class: 1225K(1344K)->1225K(1344K)
[2025-08-01T01:08:10.590+0000] GC(962) Pause Young (Normal) (G1 Evacuation Pause) 3217M->3220M(4096M) 39.431ms
[2025-08-01T01:08:10.590+0000] GC(962) User=0.30s Sys=0.00s Real=0.04s
[2025-08-01T01:08:10.610+0000] GC(963) Pause Young (Normal) (G1 Evacuation Pause)
[2025-08-01T01:08:10.610+0000] GC(963) Using 8 workers of 8 for evacuation
[2025-08-01T01:08:10.642+0000] GC(963)   Pre Evacuate Collection Set: 0.8ms
[2025-08-01T01:08:10.642+0000] GC(963)   Merge Heap Roots: 0.2ms
[2025-08-01T01:08:10.642+0000] GC(963)   Evacuate Collection Set: 29.9ms
[2025-08-01T01:08:10.642+0000] GC(963)   Post Evacuate Collection Set: 0.9ms
[2025-08-01T01:08:10.642+0000] GC(963)   Other: 0.2ms
[2025-08-01T01:08:10.642+0000] GC(963) Eden regions: 86->0(89)
[2025-08-01T01:08:10.642+0000] GC(963) Survivor regions: 16->13(13)
[2025-08-01T01:08:10.642+0000] GC(963) Old regions: 1594->1684
[2025-08-01T01:08:10.642+0000] GC(963) Archive regions: 2->2
[2025-08-01T01:08:10.642+0000] GC(963) Humongous regions: 0->0
[2025-08-01T01:08:10.642+0000] GC(963) Metaspace: 10061K(10304K)->10061K(10304K) NonClass: 8835K(8960K)->8835K(8960K) Class: 1225K(1344K)->1225K(1344K)
[2025-08-01T01:08:10.642+0000] GC(963) Pause Young (Normal) (G1 Evacuation Pause) 3392M->3395M(4096M) 32.110ms
[2025-08-01T01:08:10.642+0000] GC(963) User=0.24s Sys=0.00s Real=0.03s
[2025-08-01T01:08:10.666+0000] GC(964) Pause Young (Normal) (G1 Evacuation Pause)
[2025-08-01T01:08:10.666+0000] GC(964) Using 8 workers of 8 for evacuation
[2025-08-01T01:08:10.693+0000] GC(964)   Pre Evacuate Collection Set: 0.4ms
[2025-08-01T01:08:10.693+0000] GC(964)   Merge Heap Roots: 0.1ms
[2025-08-01T01:08:10.693+0000] GC(964)   Evacuate Collection Set: 26.3ms
[2025-08-01T01:08:10.693+0000] GC(964)   Post Evacuate Collection Set: 0.8ms
[2025-08-01T01:08:10.693+0000] GC(964)   Other: 0.2ms
[2025-08-01T01:08:10.693+0000] GC(964) Eden regions: 89->0(89)
[2025-08-01T01:08:10.693+0000] GC(964) Survivor regions: 13->13(13)
[2025-08-01T01:08:10.693+0000] GC(964) Old regions: 1684->1759
[2025-08-01T01:08:10.694+0000] GC(964) Archive regions: 2->2
[2025-08-01T01:08:10.694+0000] GC(964) Humongous regions: 0->0
[2025-08-01T01:08:10.694+0000] GC(964) Metaspace: 10061K(10304K)->10061K(10304K) NonClass: 8835K(8960K)->8835K(8960K) Class: 1225K(1344K)->1225K(1344K)
[2025-08-01T01:08:10.694+0000] GC(964) Pause Young (Normal) (G1 Evacuation Pause) 3573M->3544M(4096M) 27.934ms
[2025-08-01T01:08:10.694+0000] GC(964) User=0.21s Sys=0.00s Real=0.03s
[2025-08-01T01:08:10.721+0000] GC(965) Pause Young (Normal) (G1 Evacuation Pause)
[2025-08-01T01:08:10.721+0000] GC(965) Using 8 workers of 8 for evacuation
[2025-08-01T01:08:10.742+0000] GC(965)   Pre Evacuate Collection Set: 0.4ms
[2025-08-01T01:08:10.742+0000] GC(965)   Merge Heap Roots: 0.1ms
[2025-08-01T01:08:10.742+0000] GC(965)   Evacuate Collection Set: 19.2ms
[2025-08-01T01:08:10.742+0000] GC(965)   Post Evacuate Collection Set: 0.9ms
[2025-08-01T01:08:10.742+0000] GC(965)   Other: 0.3ms
[2025-08-01T01:08:10.742+0000] GC(965) Eden regions: 89->0(89)
[2025-08-01T01:08:10.742+0000] GC(965) Survivor regions: 13->13(13)
[2025-08-01T01:08:10.742+0000] GC(965) Old regions: 1759->1813
[2025-08-01T01:08:10.742+0000] GC(965) Archive regions: 2->2
[2025-08-01T01:08:10.742+0000] GC(965) Humongous regions: 0->0
[2025-08-01T01:08:10.742+0000] GC(965) Metaspace: 10061K(10304K)->10061K(10304K) NonClass: 8835K(8960K)->8835K(8960K) Class: 1225K(1344K)->1225K(1344K)
[2025-08-01T01:08:10.742+0000] GC(965) Pause Young (Normal) (G1 Evacuation Pause) 3722M->3653M(4096M) 21.179ms
[2025-08-01T01:08:10.742+0000] GC(965) User=0.15s Sys=0.00s Real=0.02s
[2025-08-01T01:08:10.771+0000] GC(966) Pause Young (Normal) (G1 Evacuation Pause)
[2025-08-01T01:08:10.771+0000] GC(966) Using 8 workers of 8 for evacuation
[2025-08-01T01:08:10.807+0000] GC(966)   Pre Evacuate Collection Set: 0.4ms
[2025-08-01T01:08:10.808+0000] GC(966)   Merge Heap Roots: 0.1ms
[2025-08-01T01:08:10.808+0000] GC(966)   Evacuate Collection Set: 35.1ms
[2025-08-01T01:08:10.808+0000] GC(966)   Post Evacuate Collection Set: 1.0ms
[2025-08-01T01:08:10.808+0000] GC(966)   Other: 0.2ms
[2025-08-01T01:08:10.808+0000] GC(966) Eden regions: 89->0(89)
[2025-08-01T01:08:10.808+0000] GC(966) Survivor regions: 13->13(13)
[2025-08-01T01:08:10.808+0000] GC(966) Old regions: 1813->1904
[2025-08-01T01:08:10.808+0000] GC(966) Archive regions: 2->2
[2025-08-01T01:08:10.808+0000] GC(966) Humongous regions: 0->0
[2025-08-01T01:08:10.808+0000] GC(966) Metaspace: 10061K(10304K)->10061K(10304K) NonClass: 8835K(8960K)->8835K(8960K) Class: 1225K(1344K)->1225K(1344K)
[2025-08-01T01:08:10.808+0000] GC(966) Pause Young (Normal) (G1 Evacuation Pause) 3831M->3834M(4096M) 37.060ms
[2025-08-01T01:08:10.808+0000] GC(966) User=0.26s Sys=0.01s Real=0.04s
[2025-08-01T01:08:10.821+0000] GC(967) Pause Young (Normal) (G1 Preventive Collection)
[2025-08-01T01:08:10.821+0000] GC(967) Using 8 workers of 8 for evacuation
[2025-08-01T01:08:10.848+0000] GC(967)   Pre Evacuate Collection Set: 0.7ms
[2025-08-01T01:08:10.848+0000] GC(967)   Merge Heap Roots: 0.2ms
[2025-08-01T01:08:10.848+0000] GC(967)   Evacuate Collection Set: 26.2ms
[2025-08-01T01:08:10.848+0000] GC(967)   Post Evacuate Collection Set: 0.5ms
[2025-08-01T01:08:10.848+0000] GC(967)   Other: 0.2ms
[2025-08-01T01:08:10.848+0000] GC(967) Eden regions: 55->0(89)
[2025-08-01T01:08:10.849+0000] GC(967) Survivor regions: 13->13(13)
[2025-08-01T01:08:10.849+0000] GC(967) Old regions: 1904->1960
[2025-08-01T01:08:10.849+0000] GC(967) Archive regions: 2->2
[2025-08-01T01:08:10.849+0000] GC(967) Humongous regions: 0->0
[2025-08-01T01:08:10.849+0000] GC(967) Metaspace: 10061K(10304K)->10061K(10304K) NonClass: 8835K(8960K)->8835K(8960K) Class: 1225K(1344K)->1225K(1344K)
[2025-08-01T01:08:10.849+0000] GC(967) Pause Young (Normal) (G1 Preventive Collection) 3944M->3947M(4096M) 28.076ms
[2025-08-01T01:08:10.849+0000] GC(967) User=0.16s Sys=0.01s Real=0.03s
[2025-08-01T01:08:10.855+0000] GC(968) Pause Young (Normal) (G1 Preventive Collection)
[2025-08-01T01:08:10.855+0000] GC(968) Using 8 workers of 8 for evacuation
[2025-08-01T01:08:10.869+0000] GC(968)   Pre Evacuate Collection Set: 0.4ms
[2025-08-01T01:08:10.869+0000] GC(968)   Merge Heap Roots: 0.4ms
[2025-08-01T01:08:10.869+0000] GC(968)   Evacuate Collection Set: 11.8ms
[2025-08-01T01:08:10.869+0000] GC(968)   Post Evacuate Collection Set: 0.7ms
[2025-08-01T01:08:10.869+0000] GC(968)   Other: 0.2ms
[2025-08-01T01:08:10.869+0000] GC(968) Eden regions: 28->0(89)
[2025-08-01T01:08:10.869+0000] GC(968) Survivor regions: 13->13(13)
[2025-08-01T01:08:10.869+0000] GC(968) Old regions: 1960->1990
[2025-08-01T01:08:10.869+0000] GC(968) Archive regions: 2->2
[2025-08-01T01:08:10.869+0000] GC(968) Humongous regions: 0->0
[2025-08-01T01:08:10.869+0000] GC(968) Metaspace: 10061K(10304K)->10061K(10304K) NonClass: 8835K(8960K)->8835K(8960K) Class: 1225K(1344K)->1225K(1344K)
[2025-08-01T01:08:10.869+0000] GC(968) Pause Young (Normal) (G1 Preventive Collection) 4003M->4007M(4096M) 13.721ms
[2025-08-01T01:08:10.869+0000] GC(968) User=0.09s Sys=0.00s Real=0.01s
[2025-08-01T01:08:10.872+0000] GC(969) Pause Young (Normal) (G1 Preventive Collection)
[2025-08-01T01:08:10.872+0000] GC(969) Using 8 workers of 8 for evacuation
[2025-08-01T01:08:10.881+0000] GC(969)   Pre Evacuate Collection Set: 0.5ms
[2025-08-01T01:08:10.881+0000] GC(969)   Merge Heap Roots: 0.1ms
[2025-08-01T01:08:10.881+0000] GC(969)   Evacuate Collection Set: 8.0ms
[2025-08-01T01:08:10.881+0000] GC(969)   Post Evacuate Collection Set: 0.5ms
[2025-08-01T01:08:10.881+0000] GC(969)   Other: 0.2ms
[2025-08-01T01:08:10.881+0000] GC(969) Eden regions: 13->0(89)
[2025-08-01T01:08:10.881+0000] GC(969) Survivor regions: 13->13(13)
[2025-08-01T01:08:10.881+0000] GC(969) Old regions: 1990->2006
[2025-08-01T01:08:10.881+0000] GC(969) Archive regions: 2->2
[2025-08-01T01:08:10.881+0000] GC(969) Humongous regions: 0->0
[2025-08-01T01:08:10.881+0000] GC(969) Metaspace: 10061K(10304K)->10061K(10304K) NonClass: 8835K(8960K)->8835K(8960K) Class: 1225K(1344K)->1225K(1344K)
[2025-08-01T01:08:10.881+0000] GC(969) Pause Young (Normal) (G1 Preventive Collection) 4033M->4038M(4096M) 9.469ms
[2025-08-01T01:08:10.881+0000] GC(969) User=0.07s Sys=0.00s Real=0.01s
[2025-08-01T01:08:10.883+0000] GC(970) Pause Young (Normal) (G1 Preventive Collection)
[2025-08-01T01:08:10.883+0000] GC(970) Using 8 workers of 8 for evacuation
[2025-08-01T01:08:10.890+0000] GC(970)   Pre Evacuate Collection Set: 0.3ms
[2025-08-01T01:08:10.890+0000] GC(970)   Merge Heap Roots: 0.1ms
[2025-08-01T01:08:10.890+0000] GC(970)   Evacuate Collection Set: 5.9ms
[2025-08-01T01:08:10.890+0000] GC(970)   Post Evacuate Collection Set: 0.5ms
[2025-08-01T01:08:10.890+0000] GC(970)   Other: 0.2ms
[2025-08-01T01:08:10.890+0000] GC(970) Eden regions: 6->0(95)
[2025-08-01T01:08:10.890+0000] GC(970) Survivor regions: 13->7(13)
[2025-08-01T01:08:10.890+0000] GC(970) Old regions: 2006->2020
[2025-08-01T01:08:10.890+0000] GC(970) Archive regions: 2->2
[2025-08-01T01:08:10.890+0000] GC(970) Humongous regions: 0->0
[2025-08-01T01:08:10.890+0000] GC(970) Metaspace: 10061K(10304K)->10061K(10304K) NonClass: 8835K(8960K)->8835K(8960K) Class: 1225K(1344K)->1225K(1344K)
[2025-08-01T01:08:10.890+0000] GC(970) Pause Young (Normal) (G1 Preventive Collection) 4050M->4054M(4096M) 7.211ms
[2025-08-01T01:08:10.890+0000] GC(970) User=0.03s Sys=0.00s Real=0.01s
[2025-08-01T01:08:10.891+0000] GC(971) Pause Young (Normal) (G1 Preventive Collection)
[2025-08-01T01:08:10.891+0000] GC(971) Using 8 workers of 8 for evacuation
[2025-08-01T01:08:10.897+0000] GC(971)   Pre Evacuate Collection Set: 0.4ms
[2025-08-01T01:08:10.897+0000] GC(971)   Merge Heap Roots: 0.2ms
[2025-08-01T01:08:10.897+0000] GC(971)   Evacuate Collection Set: 4.2ms
[2025-08-01T01:08:10.897+0000] GC(971)   Post Evacuate Collection Set: 0.7ms
[2025-08-01T01:08:10.897+0000] GC(971)   Other: 0.2ms
[2025-08-01T01:08:10.897+0000] GC(971) Eden regions: 5->0(90)
[2025-08-01T01:08:10.897+0000] GC(971) Survivor regions: 7->12(13)
[2025-08-01T01:08:10.897+0000] GC(971) Old regions: 2020->2020
[2025-08-01T01:08:10.897+0000] GC(971) Archive regions: 2->2
[2025-08-01T01:08:10.897+0000] GC(971) Humongous regions: 0->0
[2025-08-01T01:08:10.897+0000] GC(971) Metaspace: 10061K(10304K)->10061K(10304K) NonClass: 8835K(8960K)->8835K(8960K) Class: 1225K(1344K)->1225K(1344K)
[2025-08-01T01:08:10.897+0000] GC(971) Pause Young (Normal) (G1 Preventive Collection) 4064M->4064M(4096M) 5.878ms
[2025-08-01T01:08:10.897+0000] GC(971) User=0.02s Sys=0.00s Real=0.01s
[2025-08-01T01:08:10.898+0000] GC(972) Pause Young (Normal) (G1 Preventive Collection)
[2025-08-01T01:08:10.898+0000] GC(972) Using 8 workers of 8 for evacuation
[2025-08-01T01:08:10.907+0000] GC(972)   Pre Evacuate Collection Set: 0.4ms
[2025-08-01T01:08:10.907+0000] GC(972)   Merge Heap Roots: 0.1ms
[2025-08-01T01:08:10.907+0000] GC(972)   Evacuate Collection Set: 7.9ms
[2025-08-01T01:08:10.907+0000] GC(972)   Post Evacuate Collection Set: 0.6ms
[2025-08-01T01:08:10.907+0000] GC(972)   Other: 0.1ms
[2025-08-01T01:08:10.907+0000] GC(972) Eden regions: 1->0(95)
[2025-08-01T01:08:10.907+0000] GC(972) Survivor regions: 12->7(13)
[2025-08-01T01:08:10.907+0000] GC(972) Old regions: 2020->2026
[2025-08-01T01:08:10.907+0000] GC(972) Archive regions: 2->2
[2025-08-01T01:08:10.907+0000] GC(972) Humongous regions: 0->0
[2025-08-01T01:08:10.907+0000] GC(972) Metaspace: 10061K(10304K)->10061K(10304K) NonClass: 8835K(8960K)->8835K(8960K) Class: 1225K(1344K)->1225K(1344K)
[2025-08-01T01:08:10.907+0000] GC(972) Pause Young (Normal) (G1 Preventive Collection) 4066M->4067M(4096M) 9.289ms
[2025-08-01T01:08:10.907+0000] GC(972) User=0.05s Sys=0.00s Real=0.01s
[2025-08-01T01:08:10.908+0000] GC(973) Pause Young (Normal) (G1 Preventive Collection)
[2025-08-01T01:08:10.908+0000] GC(973) Using 8 workers of 8 for evacuation
[2025-08-01T01:08:10.912+0000] GC(973)   Pre Evacuate Collection Set: 0.4ms
[2025-08-01T01:08:10.912+0000] GC(973)   Merge Heap Roots: 0.1ms
[2025-08-01T01:08:10.912+0000] GC(973)   Evacuate Collection Set: 3.1ms
[2025-08-01T01:08:10.912+0000] GC(973)   Post Evacuate Collection Set: 0.7ms
[2025-08-01T01:08:10.912+0000] GC(973)   Other: 0.1ms
[2025-08-01T01:08:10.912+0000] GC(973) Eden regions: 2->0(93)
[2025-08-01T01:08:10.912+0000] GC(973) Survivor regions: 7->9(11)
[2025-08-01T01:08:10.912+0000] GC(973) Old regions: 2026->2026
[2025-08-01T01:08:10.912+0000] GC(973) Archive regions: 2->2
[2025-08-01T01:08:10.912+0000] GC(973) Humongous regions: 0->0
[2025-08-01T01:08:10.912+0000] GC(973) Metaspace: 10061K(10304K)->10061K(10304K) NonClass: 8835K(8960K)->8835K(8960K) Class: 1225K(1344K)->1225K(1344K)
[2025-08-01T01:08:10.912+0000] GC(973) Pause Young (Normal) (G1 Preventive Collection) 4071M->4071M(4096M) 4.678ms
[2025-08-01T01:08:10.912+0000] GC(973) User=0.02s Sys=0.00s Real=0.00s
[2025-08-01T01:08:10.913+0000] GC(974) Pause Young (Normal) (G1 Preventive Collection)
[2025-08-01T01:08:10.913+0000] GC(974) Using 8 workers of 8 for evacuation
[2025-08-01T01:08:10.918+0000] GC(974)   Pre Evacuate Collection Set: 0.6ms
[2025-08-01T01:08:10.918+0000] GC(974)   Merge Heap Roots: 0.3ms
[2025-08-01T01:08:10.918+0000] GC(974)   Evacuate Collection Set: 3.3ms
[2025-08-01T01:08:10.918+0000] GC(974)   Post Evacuate Collection Set: 0.5ms
[2025-08-01T01:08:10.918+0000] GC(974)   Other: 0.1ms
[2025-08-01T01:08:10.918+0000] GC(974) Eden regions: 1->0(97)
[2025-08-01T01:08:10.918+0000] GC(974) Survivor regions: 9->5(10)
[2025-08-01T01:08:10.918+0000] GC(974) Old regions: 2026->2031
[2025-08-01T01:08:10.918+0000] GC(974) Archive regions: 2->2
[2025-08-01T01:08:10.918+0000] GC(974) Humongous regions: 0->0
[2025-08-01T01:08:10.918+0000] GC(974) Metaspace: 10061K(10304K)->10061K(10304K) NonClass: 8835K(8960K)->8835K(8960K) Class: 1225K(1344K)->1225K(1344K)
[2025-08-01T01:08:10.918+0000] GC(974) Pause Young (Normal) (G1 Preventive Collection) 4073M->4072M(4096M) 5.042ms
[2025-08-01T01:08:10.918+0000] GC(974) User=0.02s Sys=0.00s Real=0.00s
[2025-08-01T01:08:10.919+0000] GC(975) Pause Young (Normal) (G1 Preventive Collection)
[2025-08-01T01:08:10.919+0000] GC(975) Using 8 workers of 8 for evacuation
[2025-08-01T01:08:10.922+0000] GC(975)   Pre Evacuate Collection Set: 0.4ms
[2025-08-01T01:08:10.922+0000] GC(975)   Merge Heap Roots: 0.1ms
[2025-08-01T01:08:10.922+0000] GC(975)   Evacuate Collection Set: 2.4ms
[2025-08-01T01:08:10.922+0000] GC(975)   Post Evacuate Collection Set: 0.7ms
[2025-08-01T01:08:10.922+0000] GC(975)   Other: 0.1ms
[2025-08-01T01:08:10.922+0000] GC(975) Eden regions: 2->0(95)
[2025-08-01T01:08:10.922+0000] GC(975) Survivor regions: 5->7(8)
[2025-08-01T01:08:10.923+0000] GC(975) Old regions: 2031->2031
[2025-08-01T01:08:10.923+0000] GC(975) Archive regions: 2->2
[2025-08-01T01:08:10.923+0000] GC(975) Humongous regions: 0->0
[2025-08-01T01:08:10.923+0000] GC(975) Metaspace: 10061K(10304K)->10061K(10304K) NonClass: 8835K(8960K)->8835K(8960K) Class: 1225K(1344K)->1225K(1344K)
[2025-08-01T01:08:10.923+0000] GC(975) Pause Young (Normal) (G1 Preventive Collection) 4076M->4076M(4096M) 3.859ms
[2025-08-01T01:08:10.923+0000] GC(975) User=0.01s Sys=0.00s Real=0.00s
[2025-08-01T01:08:10.924+0000] GC(976) Pause Young (Normal) (G1 Preventive Collection)
[2025-08-01T01:08:10.924+0000] GC(976) Using 8 workers of 8 for evacuation
[2025-08-01T01:08:10.928+0000] GC(976)   Pre Evacuate Collection Set: 0.6ms
[2025-08-01T01:08:10.928+0000] GC(976)   Merge Heap Roots: 0.1ms
[2025-08-01T01:08:10.928+0000] GC(976)   Evacuate Collection Set: 3.1ms
[2025-08-01T01:08:10.928+0000] GC(976)   Post Evacuate Collection Set: 0.8ms
[2025-08-01T01:08:10.928+0000] GC(976)   Other: 0.1ms
[2025-08-01T01:08:10.928+0000] GC(976) Eden regions: 1->0(95)
[2025-08-01T01:08:10.928+0000] GC(976) Survivor regions: 7->7(7)
[2025-08-01T01:08:10.928+0000] GC(976) Old regions: 2031->2031
[2025-08-01T01:08:10.928+0000] GC(976) Archive regions: 2->2
[2025-08-01T01:08:10.928+0000] GC(976) Humongous regions: 0->0
[2025-08-01T01:08:10.928+0000] GC(976) Metaspace: 10061K(10304K)->10061K(10304K) NonClass: 8835K(8960K)->8835K(8960K) Class: 1225K(1344K)->1225K(1344K)
[2025-08-01T01:08:10.928+0000] GC(976) Pause Young (Normal) (G1 Preventive Collection) 4078M->4077M(4096M) 4.830ms
[2025-08-01T01:08:10.928+0000] GC(976) User=0.02s Sys=0.01s Real=0.00s
[2025-08-01T01:08:10.931+0000] GC(977) Pause Young (Normal) (G1 Preventive Collection)
[2025-08-01T01:08:10.931+0000] GC(977) Using 8 workers of 8 for evacuation
[2025-08-01T01:08:10.936+0000] GC(977) To-space exhausted
[2025-08-01T01:08:10.936+0000] GC(977)   Pre Evacuate Collection Set: 0.7ms
[2025-08-01T01:08:10.936+0000] GC(977)   Merge Heap Roots: 0.2ms
[2025-08-01T01:08:10.936+0000] GC(977)   Evacuate Collection Set: 3.0ms
[2025-08-01T01:08:10.936+0000] GC(977)   Post Evacuate Collection Set: 1.0ms
[2025-08-01T01:08:10.936+0000] GC(977)   Other: 0.2ms
[2025-08-01T01:08:10.936+0000] GC(977) Eden regions: 1->0(96)
[2025-08-01T01:08:10.936+0000] GC(977) Survivor regions: 7->6(7)
[2025-08-01T01:08:10.936+0000] GC(977) Old regions: 2031->2036
[2025-08-01T01:08:10.936+0000] GC(977) Archive regions: 2->2
[2025-08-01T01:08:10.936+0000] GC(977) Humongous regions: 0->0
[2025-08-01T01:08:10.936+0000] GC(977) Metaspace: 10061K(10304K)->10061K(10304K) NonClass: 8835K(8960K)->8835K(8960K) Class: 1225K(1344K)->1225K(1344K)
[2025-08-01T01:08:10.937+0000] GC(977) Pause Young (Normal) (G1 Preventive Collection) 4079M->4085M(4096M) 5.242ms
[2025-08-01T01:08:10.937+0000] GC(977) User=0.03s Sys=0.00s Real=0.01s
[2025-08-01T01:08:10.937+0000] GC(978) Pause Young (Normal) (G1 Preventive Collection)
[2025-08-01T01:08:10.937+0000] GC(978) Using 8 workers of 8 for evacuation
[2025-08-01T01:08:10.943+0000] GC(978) To-space exhausted
[2025-08-01T01:08:10.943+0000] GC(978)   Pre Evacuate Collection Set: 0.6ms
[2025-08-01T01:08:10.943+0000] GC(978)   Merge Heap Roots: 0.3ms
[2025-08-01T01:08:10.943+0000] GC(978)   Evacuate Collection Set: 2.7ms
[2025-08-01T01:08:10.943+0000] GC(978)   Post Evacuate Collection Set: 1.5ms
[2025-08-01T01:08:10.943+0000] GC(978)   Other: 0.2ms
[2025-08-01T01:08:10.943+0000] GC(978) Eden regions: 1->0(99)
[2025-08-01T01:08:10.943+0000] GC(978) Survivor regions: 6->3(3)
[2025-08-01T01:08:10.943+0000] GC(978) Old regions: 2036->2042
[2025-08-01T01:08:10.943+0000] GC(978) Archive regions: 2->2
[2025-08-01T01:08:10.943+0000] GC(978) Humongous regions: 0->0
[2025-08-01T01:08:10.943+0000] GC(978) Metaspace: 10061K(10304K)->10061K(10304K) NonClass: 8835K(8960K)->8835K(8960K) Class: 1225K(1344K)->1225K(1344K)
[2025-08-01T01:08:10.943+0000] GC(978) Pause Young (Normal) (G1 Preventive Collection) 4087M->4091M(4096M) 5.449ms
[2025-08-01T01:08:10.943+0000] GC(978) User=0.02s Sys=0.00s Real=0.00s
[2025-08-01T01:08:10.943+0000] GC(979) Pause Young (Normal) (G1 Evacuation Pause)
[2025-08-01T01:08:10.943+0000] GC(979) Using 8 workers of 8 for evacuation
[2025-08-01T01:08:10.947+0000] GC(979) To-space exhausted
[2025-08-01T01:08:10.947+0000] GC(979)   Pre Evacuate Collection Set: 0.6ms
[2025-08-01T01:08:10.947+0000] GC(979)   Merge Heap Roots: 0.1ms
[2025-08-01T01:08:10.947+0000] GC(979)   Evacuate Collection Set: 1.7ms
[2025-08-01T01:08:10.947+0000] GC(979)   Post Evacuate Collection Set: 1.0ms
[2025-08-01T01:08:10.947+0000] GC(979)   Other: 0.2ms
[2025-08-01T01:08:10.947+0000] GC(979) Eden regions: 1->0(102)
[2025-08-01T01:08:10.947+0000] GC(979) Survivor regions: 3->0(0)
[2025-08-01T01:08:10.947+0000] GC(979) Old regions: 2042->2046
[2025-08-01T01:08:10.947+0000] GC(979) Archive regions: 2->2
[2025-08-01T01:08:10.947+0000] GC(979) Humongous regions: 0->0
[2025-08-01T01:08:10.947+0000] GC(979) Metaspace: 10061K(10304K)->10061K(10304K) NonClass: 8835K(8960K)->8835K(8960K) Class: 1225K(1344K)->1225K(1344K)
[2025-08-01T01:08:10.947+0000] GC(979) Pause Young (Normal) (G1 Evacuation Pause) 4093M->4093M(4096M) 3.718ms
[2025-08-01T01:08:10.947+0000] GC(979) User=0.01s Sys=0.00s Real=0.00s
[2025-08-01T01:08:10.947+0000] Attempting full compaction
[2025-08-01T01:08:10.947+0000] GC(980) Pause Full (G1 Compaction Pause)
[2025-08-01T01:08:10.947+0000] GC(980) Using 8 workers of 8 for full compaction
[2025-08-01T01:08:10.954+0000] GC(980) Phase 1: Mark live objects
[2025-08-01T01:08:10.994+0000] GC(980) Phase 1: Mark live objects 39.872ms
[2025-08-01T01:08:10.994+0000] GC(980) Phase 2: Prepare for compaction
[2025-08-01T01:08:11.007+0000] GC(980) Phase 2: Prepare for compaction 12.739ms
[2025-08-01T01:08:11.007+0000] GC(980) Phase 3: Adjust pointers
[2025-08-01T01:08:11.039+0000] GC(980) Phase 3: Adjust pointers 32.494ms
[2025-08-01T01:08:11.039+0000] GC(980) Phase 4: Compact heap
[2025-08-01T01:08:11.077+0000] GC(980) Phase 4: Compact heap 38.252ms
[2025-08-01T01:08:11.084+0000] GC(980) Eden regions: 0->0(475)
[2025-08-01T01:08:11.084+0000] GC(980) Survivor regions: 0->0(0)
[2025-08-01T01:08:11.084+0000] GC(980) Old regions: 2046->372
[2025-08-01T01:08:11.084+0000] GC(980) Archive regions: 2->2
[2025-08-01T01:08:11.084+0000] GC(980) Humongous regions: 0->0
[2025-08-01T01:08:11.084+0000] GC(980) Metaspace: 10061K(10304K)->10061K(10304K) NonClass: 8835K(8960K)->8835K(8960K) Class: 1225K(1344K)->1225K(1344K)
[2025-08-01T01:08:11.084+0000] GC(980) Pause Full (G1 Compaction Pause) 4093M->741M(4096M) 136.901ms
[2025-08-01T01:08:11.084+0000] GC(980) User=0.94s Sys=0.03s Real=0.14s
[2025-08-01T01:08:11.084+0000] GC(961) Concurrent Mark From Roots 534.186ms
[2025-08-01T01:08:11.084+0000] GC(961) Concurrent Mark Abort
[2025-08-01T01:08:11.084+0000] GC(961) Concurrent Mark Cycle 569.605ms
[2025-08-01T01:08:11.310+0000] GC(981) Pause Young (Normal) (G1 Evacuation Pause)
[2025-08-01T01:08:11.310+0000] GC(981) Using 8 workers of 8 for evacuation
[2025-08-01T01:08:12.035+0000] GC(981) MMU target violated: 201.0ms (200.0ms/201.0ms)
[2025-08-01T01:08:12.035+0000] GC(981)   Pre Evacuate Collection Set: 0.7ms
[2025-08-01T01:08:12.035+0000] GC(981)   Merge Heap Roots: 0.2ms
[2025-08-01T01:08:12.035+0000] GC(981)   Evacuate Collection Set: 723.2ms
[2025-08-01T01:08:12.035+0000] GC(981)   Post Evacuate Collection Set: 1.1ms
[2025-08-01T01:08:12.035+0000] GC(981)   Other: 0.3ms
[2025-08-01T01:08:12.035+0000] GC(981) Eden regions: 475->0(184)
[2025-08-01T01:08:12.035+0000] GC(981) Survivor regions: 0->60(60)
[2025-08-01T01:08:12.036+0000] GC(981) Old regions: 372->736
[2025-08-01T01:08:12.036+0000] GC(981) Archive regions: 2->2
[2025-08-01T01:08:12.036+0000] GC(981) Humongous regions: 0->0
[2025-08-01T01:08:12.036+0000] GC(981) Metaspace: 10061K(10304K)->10061K(10304K) NonClass: 8835K(8960K)->8835K(8960K) Class: 1225K(1344K)->1225K(1344K)
[2025-08-01T01:08:12.036+0000] GC(981) Pause Young (Normal) (G1 Evacuation Pause) 1691M->1588M(4096M) 725.552ms
[2025-08-01T01:08:12.036+0000] GC(981) User=2.86s Sys=1.10s Real=0.73s
[2025-08-01T01:08:12.120+0000] GC(982) Pause Young (Concurrent Start) (G1 Evacuation Pause)
[2025-08-01T01:08:12.120+0000] GC(982) Using 8 workers of 8 for evacuation
[2025-08-01T01:08:12.161+0000] GC(982)   Pre Evacuate Collection Set: 0.6ms
[2025-08-01T01:08:12.161+0000] GC(982)   Merge Heap Roots: 0.3ms
[2025-08-01T01:08:12.161+0000] GC(982)   Evacuate Collection Set: 38.4ms
[2025-08-01T01:08:12.161+0000] GC(982)   Post Evacuate Collection Set: 1.1ms
[2025-08-01T01:08:12.161+0000] GC(982)   Other: 0.4ms
[2025-08-01T01:08:12.161+0000] GC(982) Eden regions: 184->0(356)
[2025-08-01T01:08:12.161+0000] GC(982) Survivor regions: 60->31(31)
[2025-08-01T01:08:12.161+0000] GC(982) Old regions: 736->784
[2025-08-01T01:08:12.161+0000] GC(982) Archive regions: 2->2
[2025-08-01T01:08:12.161+0000] GC(982) Humongous regions: 0->0
[2025-08-01T01:08:12.161+0000] GC(982) Metaspace: 10061K(10304K)->10061K(10304K) NonClass: 8835K(8960K)->8835K(8960K) Class: 1225K(1344K)->1225K(1344K)
[2025-08-01T01:08:12.161+0000] GC(982) Pause Young (Concurrent Start) (G1 Evacuation Pause) 1956M->1626M(4096M) 41.122ms
[2025-08-01T01:08:12.161+0000] GC(982) User=0.25s Sys=0.01s Real=0.04s
[2025-08-01T01:08:12.161+0000] GC(983) Concurrent Mark Cycle
[2025-08-01T01:08:12.161+0000] GC(983) Concurrent Clear Claimed Marks
[2025-08-01T01:08:12.161+0000] GC(983) Concurrent Clear Claimed Marks 0.026ms
[2025-08-01T01:08:12.161+0000] GC(983) Concurrent Scan Root Regions
[2025-08-01T01:08:12.204+0000] GC(983) Concurrent Scan Root Regions 43.041ms
[2025-08-01T01:08:12.204+0000] GC(983) Concurrent Mark
[2025-08-01T01:08:12.204+0000] GC(983) Concurrent Mark From Roots
[2025-08-01T01:08:12.204+0000] GC(983) Using 2 workers of 2 for marking
[2025-08-01T01:08:12.241+0000] GC(983) Concurrent Mark From Roots 36.746ms
[2025-08-01T01:08:12.241+0000] GC(983) Concurrent Preclean
[2025-08-01T01:08:12.242+0000] GC(983) Concurrent Preclean 0.316ms
[2025-08-01T01:08:12.242+0000] GC(983) Pause Remark
[2025-08-01T01:08:12.246+0000] GC(983) Pause Remark 1942M->882M(4096M) 4.648ms
[2025-08-01T01:08:12.246+0000] GC(983) User=0.01s Sys=0.00s Real=0.01s
[2025-08-01T01:08:12.247+0000] GC(983) Concurrent Mark 42.250ms
[2025-08-01T01:08:12.247+0000] GC(983) Concurrent Rebuild Remembered Sets
[2025-08-01T01:08:12.296+0000] GC(983) Concurrent Rebuild Remembered Sets 49.777ms
[2025-08-01T01:08:12.297+0000] GC(983) Pause Cleanup
[2025-08-01T01:08:12.298+0000] GC(983) Pause Cleanup 1128M->1128M(4096M) 0.936ms
[2025-08-01T01:08:12.298+0000] GC(983) User=0.00s Sys=0.01s Real=0.00s
[2025-08-01T01:08:12.299+0000] GC(983) Concurrent Cleanup for Next Mark
[2025-08-01T01:08:12.315+0000] GC(983) Concurrent Cleanup for Next Mark 15.953ms
[2025-08-01T01:08:12.315+0000] GC(983) Concurrent Mark Cycle 153.423ms
[2025-08-01T01:08:12.359+0000] GC(984) Pause Young (Prepare Mixed) (G1 Evacuation Pause)
[2025-08-01T01:08:12.359+0000] GC(984) Using 8 workers of 8 for evacuation
[2025-08-01T01:08:12.551+0000] GC(984)   Pre Evacuate Collection Set: 0.6ms
[2025-08-01T01:08:12.551+0000] GC(984)   Merge Heap Roots: 0.8ms
[2025-08-01T01:08:12.551+0000] GC(984)   Evacuate Collection Set: 189.1ms
[2025-08-01T01:08:12.551+0000] GC(984)   Post Evacuate Collection Set: 1.4ms
[2025-08-01T01:08:12.551+0000] GC(984)   Other: 0.3ms
[2025-08-01T01:08:12.551+0000] GC(984) Eden regions: 356->0(53)
[2025-08-01T01:08:12.551+0000] GC(984) Survivor regions: 31->49(49)
[2025-08-01T01:08:12.551+0000] GC(984) Old regions: 252->591
[2025-08-01T01:08:12.551+0000] GC(984) Archive regions: 2->2
[2025-08-01T01:08:12.551+0000] GC(984) Humongous regions: 0->0
[2025-08-01T01:08:12.551+0000] GC(984) Metaspace: 10061K(10304K)->10061K(10304K) NonClass: 8835K(8960K)->8835K(8960K) Class: 1225K(1344K)->1225K(1344K)
[2025-08-01T01:08:12.551+0000] GC(984) Pause Young (Prepare Mixed) (G1 Evacuation Pause) 1278M->1281M(4096M) 192.351ms
[2025-08-01T01:08:12.551+0000] GC(984) User=1.42s Sys=0.05s Real=0.19s
[2025-08-01T01:08:12.561+0000] GC(985) Pause Young (Mixed) (G1 Evacuation Pause)
[2025-08-01T01:08:12.561+0000] GC(985) Using 8 workers of 8 for evacuation
[2025-08-01T01:08:12.601+0000] GC(985)   Pre Evacuate Collection Set: 1.5ms
[2025-08-01T01:08:12.601+0000] GC(985)   Merge Heap Roots: 0.2ms
[2025-08-01T01:08:12.601+0000] GC(985)   Evacuate Collection Set: 36.6ms
[2025-08-01T01:08:12.601+0000] GC(985)   Post Evacuate Collection Set: 1.0ms
[2025-08-01T01:08:12.601+0000] GC(985)   Other: 0.2ms
[2025-08-01T01:08:12.601+0000] GC(985) Eden regions: 53->0(272)
[2025-08-01T01:08:12.601+0000] GC(985) Survivor regions: 49->13(13)
[2025-08-01T01:08:12.601+0000] GC(985) Old regions: 591->629
[2025-08-01T01:08:12.601+0000] GC(985) Archive regions: 2->2
[2025-08-01T01:08:12.601+0000] GC(985) Humongous regions: 0->0
[2025-08-01T01:08:12.601+0000] GC(985) Metaspace: 10061K(10304K)->10061K(10304K) NonClass: 8835K(8960K)->8835K(8960K) Class: 1225K(1344K)->1225K(1344K)
[2025-08-01T01:08:12.601+0000] GC(985) Pause Young (Mixed) (G1 Evacuation Pause) 1387M->1284M(4096M) 39.662ms
[2025-08-01T01:08:12.601+0000] GC(985) User=0.28s Sys=0.01s Real=0.04s
[2025-08-01T01:08:12.699+0000] GC(986) Pause Young (Concurrent Start) (G1 Evacuation Pause)
[2025-08-01T01:08:12.699+0000] GC(986) Using 8 workers of 8 for evacuation
[2025-08-01T01:08:12.783+0000] GC(986)   Pre Evacuate Collection Set: 1.8ms
[2025-08-01T01:08:12.783+0000] GC(986)   Merge Heap Roots: 0.3ms
[2025-08-01T01:08:12.783+0000] GC(986)   Evacuate Collection Set: 80.8ms
[2025-08-01T01:08:12.783+0000] GC(986)   Post Evacuate Collection Set: 1.2ms
[2025-08-01T01:08:12.783+0000] GC(986)   Other: 0.3ms
[2025-08-01T01:08:12.783+0000] GC(986) Eden regions: 272->0(311)
[2025-08-01T01:08:12.783+0000] GC(986) Survivor regions: 13->36(36)
[2025-08-01T01:08:12.783+0000] GC(986) Old regions: 629->845
[2025-08-01T01:08:12.783+0000] GC(986) Archive regions: 2->2
[2025-08-01T01:08:12.783+0000] GC(986) Humongous regions: 0->0
[2025-08-01T01:08:12.783+0000] GC(986) Metaspace: 10061K(10304K)->10061K(10304K) NonClass: 8835K(8960K)->8835K(8960K) Class: 1225K(1344K)->1225K(1344K)
[2025-08-01T01:08:12.783+0000] GC(986) Pause Young (Concurrent Start) (G1 Evacuation Pause) 1828M->1762M(4096M) 84.577ms
[2025-08-01T01:08:12.783+0000] GC(986) User=0.64s Sys=0.02s Real=0.09s
[2025-08-01T01:08:12.783+0000] GC(987) Concurrent Mark Cycle
[2025-08-01T01:08:12.783+0000] GC(987) Concurrent Clear Claimed Marks
[2025-08-01T01:08:12.783+0000] GC(987) Concurrent Clear Claimed Marks 0.017ms
[2025-08-01T01:08:12.783+0000] GC(987) Concurrent Scan Root Regions
[2025-08-01T01:08:12.829+0000] GC(987) Concurrent Scan Root Regions 45.780ms
[2025-08-01T01:08:12.829+0000] GC(987) Concurrent Mark
[2025-08-01T01:08:12.829+0000] GC(987) Concurrent Mark From Roots
[2025-08-01T01:08:12.829+0000] GC(987) Using 2 workers of 2 for marking
[2025-08-01T01:08:12.951+0000] GC(988) Pause Young (Normal) (G1 Evacuation Pause)
[2025-08-01T01:08:12.951+0000] GC(988) Using 8 workers of 8 for evacuation
[2025-08-01T01:08:13.000+0000] GC(988)   Pre Evacuate Collection Set: 0.5ms
[2025-08-01T01:08:13.000+0000] GC(988)   Merge Heap Roots: 0.4ms
[2025-08-01T01:08:13.000+0000] GC(988)   Evacuate Collection Set: 47.4ms
[2025-08-01T01:08:13.000+0000] GC(988)   Post Evacuate Collection Set: 0.8ms
[2025-08-01T01:08:13.000+0000] GC(988)   Other: 0.2ms
[2025-08-01T01:08:13.000+0000] GC(988) Eden regions: 311->0(278)
[2025-08-01T01:08:13.000+0000] GC(988) Survivor regions: 36->44(44)
[2025-08-01T01:08:13.000+0000] GC(988) Old regions: 845->975
[2025-08-01T01:08:13.000+0000] GC(988) Archive regions: 2->2
[2025-08-01T01:08:13.000+0000] GC(988) Humongous regions: 0->0
[2025-08-01T01:08:13.000+0000] GC(988) Metaspace: 10061K(10304K)->10061K(10304K) NonClass: 8835K(8960K)->8835K(8960K) Class: 1225K(1344K)->1225K(1344K)
[2025-08-01T01:08:13.001+0000] GC(988) Pause Young (Normal) (G1 Evacuation Pause) 2384M->2038M(4096M) 49.395ms
[2025-08-01T01:08:13.001+0000] GC(988) User=0.38s Sys=0.00s Real=0.05s
[2025-08-01T01:08:13.017+0000] GC(987) Concurrent Mark From Roots 187.547ms
[2025-08-01T01:08:13.017+0000] GC(987) Concurrent Preclean
[2025-08-01T01:08:13.017+0000] GC(987) Concurrent Preclean 0.432ms
[2025-08-01T01:08:13.018+0000] GC(987) Pause Remark
[2025-08-01T01:08:13.021+0000] GC(987) Pause Remark 2220M->1810M(4096M) 2.492ms
[2025-08-01T01:08:13.021+0000] GC(987) User=0.01s Sys=0.01s Real=0.00s
[2025-08-01T01:08:13.021+0000] GC(987) Concurrent Mark 191.671ms
[2025-08-01T01:08:13.021+0000] GC(987) Concurrent Rebuild Remembered Sets
[2025-08-01T01:08:13.105+0000] GC(989) Pause Young (Normal) (G1 Evacuation Pause)
[2025-08-01T01:08:13.105+0000] GC(989) Using 8 workers of 8 for evacuation
[2025-08-01T01:08:13.207+0000] GC(989)   Pre Evacuate Collection Set: 0.4ms
[2025-08-01T01:08:13.207+0000] GC(989)   Merge Heap Roots: 0.2ms
[2025-08-01T01:08:13.207+0000] GC(989)   Evacuate Collection Set: 100.3ms
[2025-08-01T01:08:13.207+0000] GC(989)   Post Evacuate Collection Set: 1.1ms
[2025-08-01T01:08:13.207+0000] GC(989)   Other: 0.2ms
[2025-08-01T01:08:13.207+0000] GC(989) Eden regions: 278->0(240)
[2025-08-01T01:08:13.207+0000] GC(989) Survivor regions: 44->41(41)
[2025-08-01T01:08:13.207+0000] GC(989) Old regions: 770->1052
[2025-08-01T01:08:13.207+0000] GC(989) Archive regions: 2->2
[2025-08-01T01:08:13.207+0000] GC(989) Humongous regions: 0->0
[2025-08-01T01:08:13.207+0000] GC(989) Metaspace: 10061K(10304K)->10061K(10304K) NonClass: 8835K(8960K)->8835K(8960K) Class: 1225K(1344K)->1225K(1344K)
[2025-08-01T01:08:13.207+0000] GC(989) Pause Young (Normal) (G1 Evacuation Pause) 2184M->2187M(4096M) 102.340ms
[2025-08-01T01:08:13.207+0000] GC(989) User=0.78s Sys=0.02s Real=0.10s
[2025-08-01T01:08:13.303+0000] GC(990) Pause Young (Normal) (G1 Evacuation Pause)
[2025-08-01T01:08:13.303+0000] GC(990) Using 8 workers of 8 for evacuation
[2025-08-01T01:08:13.372+0000] GC(990)   Pre Evacuate Collection Set: 0.5ms
[2025-08-01T01:08:13.372+0000] GC(990)   Merge Heap Roots: 0.2ms
[2025-08-01T01:08:13.372+0000] GC(990)   Evacuate Collection Set: 67.0ms
[2025-08-01T01:08:13.372+0000] GC(990)   Post Evacuate Collection Set: 1.0ms
[2025-08-01T01:08:13.372+0000] GC(990)   Other: 0.2ms
[2025-08-01T01:08:13.372+0000] GC(990) Eden regions: 240->0(174)
[2025-08-01T01:08:13.372+0000] GC(990) Survivor regions: 41->36(36)
[2025-08-01T01:08:13.372+0000] GC(990) Old regions: 1052->1247
[2025-08-01T01:08:13.372+0000] GC(990) Archive regions: 2->2
[2025-08-01T01:08:13.372+0000] GC(990) Humongous regions: 0->0
[2025-08-01T01:08:13.372+0000] GC(990) Metaspace: 10061K(10304K)->10061K(10304K) NonClass: 8835K(8960K)->8835K(8960K) Class: 1225K(1344K)->1225K(1344K)
[2025-08-01T01:08:13.372+0000] GC(990) Pause Young (Normal) (G1 Evacuation Pause) 2667M->2566M(4096M) 69.095ms
[2025-08-01T01:08:13.372+0000] GC(990) User=0.53s Sys=0.00s Real=0.06s
[2025-08-01T01:08:13.399+0000] GC(987) Concurrent Rebuild Remembered Sets 378.280ms
[2025-08-01T01:08:13.400+0000] GC(987) Pause Cleanup
[2025-08-01T01:08:13.400+0000] GC(987) Pause Cleanup 2822M->2822M(4096M) 0.678ms
[2025-08-01T01:08:13.400+0000] GC(987) User=0.00s Sys=0.00s Real=0.00s
[2025-08-01T01:08:13.400+0000] GC(987) Concurrent Cleanup for Next Mark
[2025-08-01T01:08:13.409+0000] GC(987) Concurrent Cleanup for Next Mark 8.493ms
[2025-08-01T01:08:13.409+0000] GC(987) Concurrent Mark Cycle 625.853ms
[2025-08-01T01:08:13.439+0000] GC(991) Pause Young (Prepare Mixed) (G1 Evacuation Pause)
[2025-08-01T01:08:13.439+0000] GC(991) Using 8 workers of 8 for evacuation
[2025-08-01T01:08:13.493+0000] GC(991)   Pre Evacuate Collection Set: 1.2ms
[2025-08-01T01:08:13.494+0000] GC(991)   Merge Heap Roots: 0.2ms
[2025-08-01T01:08:13.494+0000] GC(991)   Evacuate Collection Set: 51.2ms
[2025-08-01T01:08:13.494+0000] GC(991)   Post Evacuate Collection Set: 1.3ms
[2025-08-01T01:08:13.494+0000] GC(991)   Other: 0.4ms
[2025-08-01T01:08:13.494+0000] GC(991) Eden regions: 174->0(75)
[2025-08-01T01:08:13.494+0000] GC(991) Survivor regions: 36->27(27)
[2025-08-01T01:08:13.494+0000] GC(991) Old regions: 1247->1367
[2025-08-01T01:08:13.494+0000] GC(991) Archive regions: 2->2
[2025-08-01T01:08:13.494+0000] GC(991) Humongous regions: 0->0
[2025-08-01T01:08:13.494+0000] GC(991) Metaspace: 10061K(10304K)->10061K(10304K) NonClass: 8835K(8960K)->8835K(8960K) Class: 1225K(1344K)->1225K(1344K)
[2025-08-01T01:08:13.494+0000] GC(991) Pause Young (Prepare Mixed) (G1 Evacuation Pause) 2914M->2789M(4096M) 54.339ms
[2025-08-01T01:08:13.494+0000] GC(991) User=0.39s Sys=0.01s Real=0.06s
[2025-08-01T01:08:13.508+0000] GC(992) Pause Young (Mixed) (G1 Evacuation Pause)
[2025-08-01T01:08:13.508+0000] GC(992) Using 8 workers of 8 for evacuation
[2025-08-01T01:08:13.546+0000] GC(992)   Pre Evacuate Collection Set: 0.5ms
[2025-08-01T01:08:13.546+0000] GC(992)   Merge Heap Roots: 0.2ms
[2025-08-01T01:08:13.546+0000] GC(992)   Evacuate Collection Set: 35.9ms
[2025-08-01T01:08:13.546+0000] GC(992)   Post Evacuate Collection Set: 1.0ms
[2025-08-01T01:08:13.546+0000] GC(992)   Other: 0.2ms
[2025-08-01T01:08:13.546+0000] GC(992) Eden regions: 75->0(124)
[2025-08-01T01:08:13.546+0000] GC(992) Survivor regions: 27->13(13)
[2025-08-01T01:08:13.546+0000] GC(992) Old regions: 1367->1436
[2025-08-01T01:08:13.546+0000] GC(992) Archive regions: 2->2
[2025-08-01T01:08:13.546+0000] GC(992) Humongous regions: 0->0
[2025-08-01T01:08:13.546+0000] GC(992) Metaspace: 10061K(10304K)->10061K(10304K) NonClass: 8835K(8960K)->8835K(8960K) Class: 1225K(1344K)->1225K(1344K)
[2025-08-01T01:08:13.546+0000] GC(992) Pause Young (Mixed) (G1 Evacuation Pause) 2939M->2898M(4096M) 37.981ms
[2025-08-01T01:08:13.546+0000] GC(992) User=0.28s Sys=0.01s Real=0.04s
[2025-08-01T01:08:13.613+0000] GC(993) Pause Young (Concurrent Start) (G1 Evacuation Pause)
[2025-08-01T01:08:13.613+0000] GC(993) Using 8 workers of 8 for evacuation
[2025-08-01T01:08:13.647+0000] GC(993)   Pre Evacuate Collection Set: 0.4ms
[2025-08-01T01:08:13.647+0000] GC(993)   Merge Heap Roots: 0.4ms
[2025-08-01T01:08:13.647+0000] GC(993)   Evacuate Collection Set: 32.2ms
[2025-08-01T01:08:13.647+0000] GC(993)   Post Evacuate Collection Set: 0.7ms
[2025-08-01T01:08:13.647+0000] GC(993)   Other: 0.2ms
[2025-08-01T01:08:13.647+0000] GC(993) Eden regions: 124->0(106)
[2025-08-01T01:08:13.647+0000] GC(993) Survivor regions: 13->18(18)
[2025-08-01T01:08:13.647+0000] GC(993) Old regions: 1436->1499
[2025-08-01T01:08:13.647+0000] GC(993) Archive regions: 2->2
[2025-08-01T01:08:13.647+0000] GC(993) Humongous regions: 0->0
[2025-08-01T01:08:13.647+0000] GC(993) Metaspace: 10061K(10304K)->10061K(10304K) NonClass: 8835K(8960K)->8835K(8960K) Class: 1225K(1344K)->1225K(1344K)
[2025-08-01T01:08:13.647+0000] GC(993) Pause Young (Concurrent Start) (G1 Evacuation Pause) 3146M->3034M(4096M) 34.154ms
[2025-08-01T01:08:13.647+0000] GC(993) User=0.23s Sys=0.01s Real=0.03s
[2025-08-01T01:08:13.647+0000] GC(994) Concurrent Mark Cycle
[2025-08-01T01:08:13.647+0000] GC(994) Concurrent Clear Claimed Marks
[2025-08-01T01:08:13.647+0000] GC(994) Concurrent Clear Claimed Marks 0.034ms
[2025-08-01T01:08:13.647+0000] GC(994) Concurrent Scan Root Regions
[2025-08-01T01:08:13.684+0000] GC(994) Concurrent Scan Root Regions 36.514ms
[2025-08-01T01:08:13.684+0000] GC(995) Pause Young (Normal) (G1 Evacuation Pause)
[2025-08-01T01:08:13.684+0000] GC(995) Using 8 workers of 8 for evacuation
[2025-08-01T01:08:13.684+0000] GC(994) Concurrent Mark
[2025-08-01T01:08:13.684+0000] GC(994) Concurrent Mark From Roots
[2025-08-01T01:08:13.684+0000] GC(994) Using 2 workers of 2 for marking
[2025-08-01T01:08:13.730+0000] GC(995)   Pre Evacuate Collection Set: 0.5ms
[2025-08-01T01:08:13.730+0000] GC(995)   Merge Heap Roots: 0.3ms
[2025-08-01T01:08:13.730+0000] GC(995)   Evacuate Collection Set: 43.5ms
[2025-08-01T01:08:13.730+0000] GC(995)   Post Evacuate Collection Set: 1.3ms
[2025-08-01T01:08:13.730+0000] GC(995)   Other: 0.2ms
[2025-08-01T01:08:13.730+0000] GC(995) Eden regions: 106->0(86)
[2025-08-01T01:08:13.730+0000] GC(995) Survivor regions: 18->16(16)
[2025-08-01T01:08:13.730+0000] GC(995) Old regions: 1499->1609
[2025-08-01T01:08:13.730+0000] GC(995) Archive regions: 2->2
[2025-08-01T01:08:13.730+0000] GC(995) Humongous regions: 0->0
[2025-08-01T01:08:13.730+0000] GC(995) Metaspace: 10061K(10304K)->10061K(10304K) NonClass: 8835K(8960K)->8835K(8960K) Class: 1225K(1344K)->1225K(1344K)
[2025-08-01T01:08:13.730+0000] GC(995) Pause Young (Normal) (G1 Evacuation Pause) 3246M->3250M(4096M) 45.779ms
[2025-08-01T01:08:13.730+0000] GC(995) User=0.34s Sys=0.01s Real=0.04s
[2025-08-01T01:08:13.776+0000] GC(994) Concurrent Mark From Roots 92.177ms
[2025-08-01T01:08:13.776+0000] GC(994) Concurrent Preclean
[2025-08-01T01:08:13.777+0000] GC(994) Concurrent Preclean 0.314ms
[2025-08-01T01:08:13.777+0000] GC(994) Pause Remark
[2025-08-01T01:08:13.780+0000] GC(994) Pause Remark 3388M->964M(4096M) 3.629ms
[2025-08-01T01:08:13.780+0000] GC(994) User=0.01s Sys=0.00s Real=0.00s
[2025-08-01T01:08:13.780+0000] GC(994) Concurrent Mark 96.467ms
[2025-08-01T01:08:13.780+0000] GC(994) Concurrent Rebuild Remembered Sets
[2025-08-01T01:08:13.798+0000] GC(996) Pause Young (Normal) (G1 Evacuation Pause)
[2025-08-01T01:08:13.798+0000] GC(996) Using 8 workers of 8 for evacuation
[2025-08-01T01:08:13.836+0000] GC(996)   Pre Evacuate Collection Set: 1.3ms
[2025-08-01T01:08:13.836+0000] GC(996)   Merge Heap Roots: 0.2ms
[2025-08-01T01:08:13.836+0000] GC(996)   Evacuate Collection Set: 35.5ms
[2025-08-01T01:08:13.836+0000] GC(996)   Post Evacuate Collection Set: 0.7ms
[2025-08-01T01:08:13.836+0000] GC(996)   Other: 0.2ms
[2025-08-01T01:08:13.836+0000] GC(996) Eden regions: 86->0(475)
[2025-08-01T01:08:13.836+0000] GC(996) Survivor regions: 16->13(13)
[2025-08-01T01:08:13.836+0000] GC(996) Old regions: 397->488
[2025-08-01T01:08:13.836+0000] GC(996) Archive regions: 2->2
[2025-08-01T01:08:13.836+0000] GC(996) Humongous regions: 0->0
[2025-08-01T01:08:13.836+0000] GC(996) Metaspace: 10061K(10304K)->10061K(10304K) NonClass: 8835K(8960K)->8835K(8960K) Class: 1225K(1344K)->1225K(1344K)
[2025-08-01T01:08:13.836+0000] GC(996) Pause Young (Normal) (G1 Evacuation Pause) 998M->1002M(4096M) 38.017ms
[2025-08-01T01:08:13.836+0000] GC(996) User=0.28s Sys=0.01s Real=0.04s
[2025-08-01T01:08:13.907+0000] GC(994) Concurrent Rebuild Remembered Sets 126.256ms
[2025-08-01T01:08:13.907+0000] GC(994) Pause Cleanup
[2025-08-01T01:08:13.908+0000] GC(994) Pause Cleanup 1329M->1329M(4096M) 1.370ms
[2025-08-01T01:08:13.908+0000] GC(994) User=0.01s Sys=0.00s Real=0.00s
[2025-08-01T01:08:13.908+0000] GC(994) Concurrent Cleanup for Next Mark
[2025-08-01T01:08:13.917+0000] GC(994) Concurrent Cleanup for Next Mark 8.919ms
[2025-08-01T01:08:13.917+0000] GC(994) Concurrent Mark Cycle 270.017ms
[2025-08-01T01:08:14.021+0000] GC(997) Pause Young (Prepare Mixed) (G1 Evacuation Pause)
[2025-08-01T01:08:14.021+0000] GC(997) Using 8 workers of 8 for evacuation
[2025-08-01T01:08:14.163+0000] GC(997)   Pre Evacuate Collection Set: 1.1ms
[2025-08-01T01:08:14.163+0000] GC(997)   Merge Heap Roots: 0.2ms
[2025-08-01T01:08:14.163+0000] GC(997)   Evacuate Collection Set: 138.1ms
[2025-08-01T01:08:14.163+0000] GC(997)   Post Evacuate Collection Set: 1.9ms
[2025-08-01T01:08:14.163+0000] GC(997)   Other: 0.2ms
[2025-08-01T01:08:14.163+0000] GC(997) Eden regions: 475->0(41)
[2025-08-01T01:08:14.163+0000] GC(997) Survivor regions: 13->61(61)
[2025-08-01T01:08:14.163+0000] GC(997) Old regions: 488->871
[2025-08-01T01:08:14.163+0000] GC(997) Archive regions: 2->2
[2025-08-01T01:08:14.163+0000] GC(997) Humongous regions: 0->0
[2025-08-01T01:08:14.163+0000] GC(997) Metaspace: 10061K(10304K)->10061K(10304K) NonClass: 8835K(8960K)->8835K(8960K) Class: 1225K(1344K)->1225K(1344K)
[2025-08-01T01:08:14.163+0000] GC(997) Pause Young (Prepare Mixed) (G1 Evacuation Pause) 1952M->1864M(4096M) 141.823ms
[2025-08-01T01:08:14.163+0000] GC(997) User=1.08s Sys=0.01s Real=0.15s
[2025-08-01T01:08:14.171+0000] GC(998) Pause Young (Mixed) (G1 Evacuation Pause)
[2025-08-01T01:08:14.171+0000] GC(998) Using 8 workers of 8 for evacuation
[2025-08-01T01:08:14.201+0000] GC(998)   Pre Evacuate Collection Set: 0.6ms
[2025-08-01T01:08:14.202+0000] GC(998)   Merge Heap Roots: 0.2ms
[2025-08-01T01:08:14.202+0000] GC(998)   Evacuate Collection Set: 28.6ms
[2025-08-01T01:08:14.202+0000] GC(998)   Post Evacuate Collection Set: 0.9ms
[2025-08-01T01:08:14.202+0000] GC(998)   Other: 0.2ms
[2025-08-01T01:08:14.202+0000] GC(998) Eden regions: 41->0(291)
[2025-08-01T01:08:14.202+0000] GC(998) Survivor regions: 61->13(13)
[2025-08-01T01:08:14.202+0000] GC(998) Old regions: 871->939
[2025-08-01T01:08:14.202+0000] GC(998) Archive regions: 2->2
[2025-08-01T01:08:14.202+0000] GC(998) Humongous regions: 0->0
[2025-08-01T01:08:14.202+0000] GC(998) Metaspace: 10061K(10304K)->10061K(10304K) NonClass: 8835K(8960K)->8835K(8960K) Class: 1225K(1344K)->1225K(1344K)
[2025-08-01T01:08:14.202+0000] GC(998) Pause Young (Mixed) (G1 Evacuation Pause) 1946M->1904M(4096M) 30.593ms
[2025-08-01T01:08:14.202+0000] GC(998) User=0.23s Sys=0.01s Real=0.03s
[2025-08-01T01:08:14.358+0000] GC(999) Pause Young (Concurrent Start) (G1 Evacuation Pause)
[2025-08-01T01:08:14.358+0000] GC(999) Using 8 workers of 8 for evacuation
[2025-08-01T01:08:14.478+0000] GC(999)   Pre Evacuate Collection Set: 1.2ms
[2025-08-01T01:08:14.478+0000] GC(999)   Merge Heap Roots: 0.4ms
[2025-08-01T01:08:14.478+0000] GC(999)   Evacuate Collection Set: 116.3ms
[2025-08-01T01:08:14.478+0000] GC(999)   Post Evacuate Collection Set: 1.2ms
[2025-08-01T01:08:14.478+0000] GC(999)   Other: 0.4ms
[2025-08-01T01:08:14.478+0000] GC(999) Eden regions: 291->0(230)
[2025-08-01T01:08:14.478+0000] GC(999) Survivor regions: 13->38(38)
[2025-08-01T01:08:14.478+0000] GC(999) Old regions: 939->1103
[2025-08-01T01:08:14.478+0000] GC(999) Archive regions: 2->2
[2025-08-01T01:08:14.478+0000] GC(999) Humongous regions: 0->0
[2025-08-01T01:08:14.478+0000] GC(999) Metaspace: 10061K(10304K)->10061K(10304K) NonClass: 8835K(8960K)->8835K(8960K) Class: 1225K(1344K)->1225K(1344K)
[2025-08-01T01:08:14.478+0000] GC(999) Pause Young (Concurrent Start) (G1 Evacuation Pause) 2486M->2283M(4096M) 119.719ms
[2025-08-01T01:08:14.478+0000] GC(999) User=0.89s Sys=0.03s Real=0.12s
[2025-08-01T01:08:14.478+0000] GC(1000) Concurrent Mark Cycle
[2025-08-01T01:08:14.478+0000] GC(1000) Concurrent Clear Claimed Marks
[2025-08-01T01:08:14.478+0000] GC(1000) Concurrent Clear Claimed Marks 0.028ms
[2025-08-01T01:08:14.478+0000] GC(1000) Concurrent Scan Root Regions
[2025-08-01T01:08:14.549+0000] GC(1000) Concurrent Scan Root Regions 70.686ms
[2025-08-01T01:08:14.549+0000] GC(1000) Concurrent Mark
[2025-08-01T01:08:14.549+0000] GC(1000) Concurrent Mark From Roots
[2025-08-01T01:08:14.549+0000] GC(1000) Using 2 workers of 2 for marking
[2025-08-01T01:08:14.584+0000] GC(1000) Concurrent Mark From Roots 34.533ms
[2025-08-01T01:08:14.584+0000] GC(1000) Concurrent Preclean
[2025-08-01T01:08:14.584+0000] GC(1000) Concurrent Preclean 0.462ms
[2025-08-01T01:08:14.585+0000] GC(1000) Pause Remark
[2025-08-01T01:08:14.590+0000] GC(1000) Pause Remark 2621M->1129M(4096M) 4.913ms
[2025-08-01T01:08:14.590+0000] GC(1000) User=0.01s Sys=0.01s Real=0.00s
[2025-08-01T01:08:14.590+0000] GC(1000) Concurrent Mark 40.974ms
[2025-08-01T01:08:14.590+0000] GC(1000) Concurrent Rebuild Remembered Sets
[2025-08-01T01:08:14.603+0000] GC(1001) Pause Young (Normal) (G1 Evacuation Pause)
[2025-08-01T01:08:14.603+0000] GC(1001) Using 8 workers of 8 for evacuation
[2025-08-01T01:08:14.681+0000] GC(1001)   Pre Evacuate Collection Set: 0.7ms
[2025-08-01T01:08:14.681+0000] GC(1001)   Merge Heap Roots: 0.3ms
[2025-08-01T01:08:14.681+0000] GC(1001)   Evacuate Collection Set: 75.8ms
[2025-08-01T01:08:14.681+0000] GC(1001)   Post Evacuate Collection Set: 0.9ms
[2025-08-01T01:08:14.681+0000] GC(1001)   Other: 0.2ms
[2025-08-01T01:08:14.681+0000] GC(1001) Eden regions: 230->0(420)
[2025-08-01T01:08:14.681+0000] GC(1001) Survivor regions: 38->34(34)
[2025-08-01T01:08:14.681+0000] GC(1001) Old regions: 357->593
[2025-08-01T01:08:14.681+0000] GC(1001) Archive regions: 2->2
[2025-08-01T01:08:14.681+0000] GC(1001) Humongous regions: 0->0
[2025-08-01T01:08:14.681+0000] GC(1001) Metaspace: 10061K(10304K)->10061K(10304K) NonClass: 8835K(8960K)->8835K(8960K) Class: 1225K(1344K)->1225K(1344K)
[2025-08-01T01:08:14.681+0000] GC(1001) Pause Young (Normal) (G1 Evacuation Pause) 1251M->1255M(4096M) 77.928ms
[2025-08-01T01:08:14.681+0000] GC(1001) User=0.59s Sys=0.01s Real=0.07s
[2025-08-01T01:08:14.747+0000] GC(1000) Concurrent Rebuild Remembered Sets 156.826ms
[2025-08-01T01:08:14.747+0000] GC(1000) Pause Cleanup
[2025-08-01T01:08:14.748+0000] GC(1000) Pause Cleanup 1451M->1451M(4096M) 0.719ms
[2025-08-01T01:08:14.748+0000] GC(1000) User=0.01s Sys=0.00s Real=0.00s
[2025-08-01T01:08:14.748+0000] GC(1000) Concurrent Cleanup for Next Mark
[2025-08-01T01:08:14.766+0000] GC(1000) Concurrent Cleanup for Next Mark 18.163ms
[2025-08-01T01:08:14.767+0000] GC(1000) Concurrent Mark Cycle 288.299ms
[2025-08-01T01:08:14.867+0000] GC(1002) Pause Young (Prepare Mixed) (G1 Evacuation Pause)
[2025-08-01T01:08:14.867+0000] GC(1002) Using 8 workers of 8 for evacuation
[2025-08-01T01:08:15.010+0000] GC(1002)   Pre Evacuate Collection Set: 0.5ms
[2025-08-01T01:08:15.011+0000] GC(1002)   Merge Heap Roots: 0.5ms
[2025-08-01T01:08:15.011+0000] GC(1002)   Evacuate Collection Set: 141.0ms
[2025-08-01T01:08:15.011+0000] GC(1002)   Post Evacuate Collection Set: 1.4ms
[2025-08-01T01:08:15.011+0000] GC(1002)   Other: 0.2ms
[2025-08-01T01:08:15.011+0000] GC(1002) Eden regions: 420->0(45)
[2025-08-01T01:08:15.011+0000] GC(1002) Survivor regions: 34->57(57)
[2025-08-01T01:08:15.011+0000] GC(1002) Old regions: 593->982
[2025-08-01T01:08:15.011+0000] GC(1002) Archive regions: 2->2
[2025-08-01T01:08:15.011+0000] GC(1002) Humongous regions: 0->0
[2025-08-01T01:08:15.011+0000] GC(1002) Metaspace: 10061K(10304K)->10061K(10304K) NonClass: 8835K(8960K)->8835K(8960K) Class: 1225K(1344K)->1225K(1344K)
[2025-08-01T01:08:15.011+0000] GC(1002) Pause Young (Prepare Mixed) (G1 Evacuation Pause) 2095M->2078M(4096M) 143.776ms
[2025-08-01T01:08:15.011+0000] GC(1002) User=1.04s Sys=0.02s Real=0.14s
[2025-08-01T01:08:15.023+0000] GC(1003) Pause Young (Mixed) (G1 Evacuation Pause)
[2025-08-01T01:08:15.023+0000] GC(1003) Using 8 workers of 8 for evacuation
[2025-08-01T01:08:15.041+0000] GC(1003)   Pre Evacuate Collection Set: 0.5ms
[2025-08-01T01:08:15.041+0000] GC(1003)   Merge Heap Roots: 0.2ms
[2025-08-01T01:08:15.041+0000] GC(1003)   Evacuate Collection Set: 16.0ms
[2025-08-01T01:08:15.041+0000] GC(1003)   Post Evacuate Collection Set: 0.9ms
[2025-08-01T01:08:15.041+0000] GC(1003)   Other: 0.2ms
[2025-08-01T01:08:15.041+0000] GC(1003) Eden regions: 45->0(260)
[2025-08-01T01:08:15.041+0000] GC(1003) Survivor regions: 57->13(13)
[2025-08-01T01:08:15.041+0000] GC(1003) Old regions: 982->1006
[2025-08-01T01:08:15.041+0000] GC(1003) Archive regions: 2->2
[2025-08-01T01:08:15.041+0000] GC(1003) Humongous regions: 0->0
[2025-08-01T01:08:15.041+0000] GC(1003) Metaspace: 10061K(10304K)->10061K(10304K) NonClass: 8835K(8960K)->8835K(8960K) Class: 1225K(1344K)->1225K(1344K)
[2025-08-01T01:08:15.041+0000] GC(1003) Pause Young (Mixed) (G1 Evacuation Pause) 2168M->2039M(4096M) 18.031ms
[2025-08-01T01:08:15.041+0000] GC(1003) User=0.12s Sys=0.00s Real=0.01s
[2025-08-01T01:08:15.154+0000] GC(1004) Pause Young (Concurrent Start) (G1 Evacuation Pause)
[2025-08-01T01:08:15.154+0000] GC(1004) Using 8 workers of 8 for evacuation
[2025-08-01T01:08:15.234+0000] GC(1004)   Pre Evacuate Collection Set: 0.8ms
[2025-08-01T01:08:15.234+0000] GC(1004)   Merge Heap Roots: 0.2ms
[2025-08-01T01:08:15.234+0000] GC(1004)   Evacuate Collection Set: 78.0ms
[2025-08-01T01:08:15.234+0000] GC(1004)   Post Evacuate Collection Set: 0.9ms
[2025-08-01T01:08:15.234+0000] GC(1004)   Other: 0.3ms
[2025-08-01T01:08:15.234+0000] GC(1004) Eden regions: 260->0(193)
[2025-08-01T01:08:15.234+0000] GC(1004) Survivor regions: 13->35(35)
[2025-08-01T01:08:15.234+0000] GC(1004) Old regions: 1006->1198
[2025-08-01T01:08:15.234+0000] GC(1004) Archive regions: 2->2
[2025-08-01T01:08:15.234+0000] GC(1004) Humongous regions: 0->0
[2025-08-01T01:08:15.234+0000] GC(1004) Metaspace: 10061K(10304K)->10061K(10304K) NonClass: 8835K(8960K)->8835K(8960K) Class: 1225K(1344K)->1225K(1344K)
[2025-08-01T01:08:15.234+0000] GC(1004) Pause Young (Concurrent Start) (G1 Evacuation Pause) 2559M->2467M(4096M) 80.400ms
[2025-08-01T01:08:15.234+0000] GC(1004) User=0.61s Sys=0.01s Real=0.08s
[2025-08-01T01:08:15.234+0000] GC(1005) Concurrent Mark Cycle
[2025-08-01T01:08:15.234+0000] GC(1005) Concurrent Clear Claimed Marks
[2025-08-01T01:08:15.234+0000] GC(1005) Concurrent Clear Claimed Marks 0.016ms
[2025-08-01T01:08:15.234+0000] GC(1005) Concurrent Scan Root Regions
[2025-08-01T01:08:15.280+0000] GC(1005) Concurrent Scan Root Regions 45.193ms
[2025-08-01T01:08:15.280+0000] GC(1005) Concurrent Mark
[2025-08-01T01:08:15.280+0000] GC(1005) Concurrent Mark From Roots
[2025-08-01T01:08:15.280+0000] GC(1005) Using 2 workers of 2 for marking
[2025-08-01T01:08:15.319+0000] GC(1006) Pause Young (Normal) (G1 Evacuation Pause)
[2025-08-01T01:08:15.319+0000] GC(1006) Using 8 workers of 8 for evacuation
[2025-08-01T01:08:15.376+0000] GC(1006)   Pre Evacuate Collection Set: 0.6ms
[2025-08-01T01:08:15.376+0000] GC(1006)   Merge Heap Roots: 0.2ms
[2025-08-01T01:08:15.376+0000] GC(1006)   Evacuate Collection Set: 54.0ms
[2025-08-01T01:08:15.376+0000] GC(1006)   Post Evacuate Collection Set: 2.0ms
[2025-08-01T01:08:15.376+0000] GC(1006)   Other: 0.2ms
[2025-08-01T01:08:15.376+0000] GC(1006) Eden regions: 193->0(150)
[2025-08-01T01:08:15.376+0000] GC(1006) Survivor regions: 35->29(29)
[2025-08-01T01:08:15.376+0000] GC(1006) Old regions: 1198->1342
[2025-08-01T01:08:15.376+0000] GC(1006) Archive regions: 2->2
[2025-08-01T01:08:15.376+0000] GC(1006) Humongous regions: 0->0
[2025-08-01T01:08:15.376+0000] GC(1006) Metaspace: 10061K(10304K)->10061K(10304K) NonClass: 8835K(8960K)->8835K(8960K) Class: 1225K(1344K)->1225K(1344K)
[2025-08-01T01:08:15.376+0000] GC(1006) Pause Young (Normal) (G1 Evacuation Pause) 2853M->2742M(4096M) 57.107ms
[2025-08-01T01:08:15.376+0000] GC(1006) User=0.43s Sys=0.00s Real=0.06s
[2025-08-01T01:08:15.396+0000] GC(1005) Concurrent Mark From Roots 116.587ms
[2025-08-01T01:08:15.396+0000] GC(1005) Concurrent Preclean
[2025-08-01T01:08:15.397+0000] GC(1005) Concurrent Preclean 0.189ms
[2025-08-01T01:08:15.397+0000] GC(1005) Pause Remark
[2025-08-01T01:08:15.399+0000] GC(1005) Pause Remark 2918M->1272M(4096M) 2.389ms
[2025-08-01T01:08:15.400+0000] GC(1005) User=0.01s Sys=0.00s Real=0.00s
[2025-08-01T01:08:15.400+0000] GC(1005) Concurrent Mark 119.970ms
[2025-08-01T01:08:15.400+0000] GC(1005) Concurrent Rebuild Remembered Sets
[2025-08-01T01:08:15.454+0000] GC(1007) Pause Young (Normal) (G1 Evacuation Pause)
[2025-08-01T01:08:15.454+0000] GC(1007) Using 8 workers of 8 for evacuation
[2025-08-01T01:08:15.517+0000] GC(1007)   Pre Evacuate Collection Set: 0.4ms
[2025-08-01T01:08:15.517+0000] GC(1007)   Merge Heap Roots: 0.3ms
[2025-08-01T01:08:15.517+0000] GC(1007)   Evacuate Collection Set: 61.8ms
[2025-08-01T01:08:15.517+0000] GC(1007)   Post Evacuate Collection Set: 0.9ms
[2025-08-01T01:08:15.518+0000] GC(1007)   Other: 0.3ms
[2025-08-01T01:08:15.518+0000] GC(1007) Eden regions: 150->0(368)
[2025-08-01T01:08:15.518+0000] GC(1007) Survivor regions: 29->23(23)
[2025-08-01T01:08:15.518+0000] GC(1007) Old regions: 519->677
[2025-08-01T01:08:15.518+0000] GC(1007) Archive regions: 2->2
[2025-08-01T01:08:15.518+0000] GC(1007) Humongous regions: 0->0
[2025-08-01T01:08:15.518+0000] GC(1007) Metaspace: 10061K(10304K)->10061K(10304K) NonClass: 8835K(8960K)->8835K(8960K) Class: 1225K(1344K)->1225K(1344K)
[2025-08-01T01:08:15.518+0000] GC(1007) Pause Young (Normal) (G1 Evacuation Pause) 1396M->1400M(4096M) 63.927ms
[2025-08-01T01:08:15.518+0000] GC(1007) User=0.48s Sys=0.02s Real=0.06s
[2025-08-01T01:08:15.576+0000] GC(1005) Concurrent Rebuild Remembered Sets 176.035ms
[2025-08-01T01:08:15.576+0000] GC(1005) Pause Cleanup
[2025-08-01T01:08:15.576+0000] GC(1005) Pause Cleanup 1678M->1678M(4096M) 0.370ms
[2025-08-01T01:08:15.576+0000] GC(1005) User=0.00s Sys=0.00s Real=0.00s
[2025-08-01T01:08:15.576+0000] GC(1005) Concurrent Cleanup for Next Mark
[2025-08-01T01:08:15.584+0000] GC(1005) Concurrent Cleanup for Next Mark 8.013ms
[2025-08-01T01:08:15.584+0000] GC(1005) Concurrent Mark Cycle 350.037ms
[2025-08-01T01:08:15.673+0000] GC(1008) Pause Young (Prepare Mixed) (G1 Evacuation Pause)
[2025-08-01T01:08:15.673+0000] GC(1008) Using 8 workers of 8 for evacuation
[2025-08-01T01:08:15.708+0000] GC(1008)   Pre Evacuate Collection Set: 0.3ms
[2025-08-01T01:08:15.708+0000] GC(1008)   Merge Heap Roots: 0.2ms
[2025-08-01T01:08:15.708+0000] GC(1008)   Evacuate Collection Set: 33.0ms
[2025-08-01T01:08:15.708+0000] GC(1008)   Post Evacuate Collection Set: 1.2ms
[2025-08-01T01:08:15.708+0000] GC(1008)   Other: 0.2ms
[2025-08-01T01:08:15.708+0000] GC(1008) Eden regions: 368->0(53)
[2025-08-01T01:08:15.708+0000] GC(1008) Survivor regions: 23->49(49)
[2025-08-01T01:08:15.708+0000] GC(1008) Old regions: 677->732
[2025-08-01T01:08:15.708+0000] GC(1008) Archive regions: 2->2
[2025-08-01T01:08:15.708+0000] GC(1008) Humongous regions: 0->0
[2025-08-01T01:08:15.708+0000] GC(1008) Metaspace: 10061K(10304K)->10061K(10304K) NonClass: 8835K(8960K)->8835K(8960K) Class: 1225K(1344K)->1225K(1344K)
[2025-08-01T01:08:15.708+0000] GC(1008) Pause Young (Prepare Mixed) (G1 Evacuation Pause) 2136M->1563M(4096M) 35.339ms
[2025-08-01T01:08:15.708+0000] GC(1008) User=0.26s Sys=0.01s Real=0.04s
[2025-08-01T01:08:15.720+0000] GC(1009) Pause Young (Mixed) (G1 Evacuation Pause)
[2025-08-01T01:08:15.720+0000] GC(1009) Using 8 workers of 8 for evacuation
[2025-08-01T01:08:15.750+0000] GC(1009)   Pre Evacuate Collection Set: 0.3ms
[2025-08-01T01:08:15.751+0000] GC(1009)   Merge Heap Roots: 0.1ms
[2025-08-01T01:08:15.751+0000] GC(1009)   Evacuate Collection Set: 28.9ms
[2025-08-01T01:08:15.751+0000] GC(1009)   Post Evacuate Collection Set: 1.2ms
[2025-08-01T01:08:15.751+0000] GC(1009)   Other: 0.2ms
[2025-08-01T01:08:15.751+0000] GC(1009) Eden regions: 53->0(353)
[2025-08-01T01:08:15.751+0000] GC(1009) Survivor regions: 49->13(13)
[2025-08-01T01:08:15.751+0000] GC(1009) Old regions: 732->809
[2025-08-01T01:08:15.751+0000] GC(1009) Archive regions: 2->2
[2025-08-01T01:08:15.751+0000] GC(1009) Humongous regions: 0->0
[2025-08-01T01:08:15.751+0000] GC(1009) Metaspace: 10061K(10304K)->10061K(10304K) NonClass: 8835K(8960K)->8835K(8960K) Class: 1225K(1344K)->1225K(1344K)
[2025-08-01T01:08:15.751+0000] GC(1009) Pause Young (Mixed) (G1 Evacuation Pause) 1669M->1644M(4096M) 30.852ms
[2025-08-01T01:08:15.751+0000] GC(1009) User=0.22s Sys=0.00s Real=0.03s
[2025-08-01T01:08:15.918+0000] GC(1010) Pause Young (Concurrent Start) (G1 Evacuation Pause)
[2025-08-01T01:08:15.918+0000] GC(1010) Using 8 workers of 8 for evacuation
[2025-08-01T01:08:16.075+0000] GC(1010)   Pre Evacuate Collection Set: 1.1ms
[2025-08-01T01:08:16.075+0000] GC(1010)   Merge Heap Roots: 0.3ms
[2025-08-01T01:08:16.075+0000] GC(1010)   Evacuate Collection Set: 153.4ms
[2025-08-01T01:08:16.075+0000] GC(1010)   Post Evacuate Collection Set: 1.3ms
[2025-08-01T01:08:16.075+0000] GC(1010)   Other: 0.3ms
[2025-08-01T01:08:16.075+0000] GC(1010) Eden regions: 353->0(250)
[2025-08-01T01:08:16.075+0000] GC(1010) Survivor regions: 13->46(46)
[2025-08-01T01:08:16.075+0000] GC(1010) Old regions: 809->1057
[2025-08-01T01:08:16.075+0000] GC(1010) Archive regions: 2->2
[2025-08-01T01:08:16.075+0000] GC(1010) Humongous regions: 0->0
[2025-08-01T01:08:16.075+0000] GC(1010) Metaspace: 10061K(10304K)->10061K(10304K) NonClass: 8835K(8960K)->8835K(8960K) Class: 1225K(1344K)->1225K(1344K)
[2025-08-01T01:08:16.075+0000] GC(1010) Pause Young (Concurrent Start) (G1 Evacuation Pause) 2350M->2207M(4096M) 156.650ms
[2025-08-01T01:08:16.075+0000] GC(1010) User=1.13s Sys=0.05s Real=0.16s
[2025-08-01T01:08:16.075+0000] GC(1011) Concurrent Mark Cycle
[2025-08-01T01:08:16.075+0000] GC(1011) Concurrent Clear Claimed Marks
[2025-08-01T01:08:16.075+0000] GC(1011) Concurrent Clear Claimed Marks 0.032ms
[2025-08-01T01:08:16.075+0000] GC(1011) Concurrent Scan Root Regions
[2025-08-01T01:08:16.138+0000] GC(1011) Concurrent Scan Root Regions 62.638ms
[2025-08-01T01:08:16.138+0000] GC(1011) Concurrent Mark
[2025-08-01T01:08:16.138+0000] GC(1011) Concurrent Mark From Roots
[2025-08-01T01:08:16.138+0000] GC(1011) Using 2 workers of 2 for marking
[2025-08-01T01:08:16.170+0000] GC(1011) Concurrent Mark From Roots 32.354ms
[2025-08-01T01:08:16.170+0000] GC(1011) Concurrent Preclean
[2025-08-01T01:08:16.171+0000] GC(1011) Concurrent Preclean 0.589ms
[2025-08-01T01:08:16.172+0000] GC(1011) Pause Remark
[2025-08-01T01:08:16.174+0000] GC(1011) Pause Remark 2659M->1213M(4096M) 2.746ms
[2025-08-01T01:08:16.174+0000] GC(1011) User=0.00s Sys=0.00s Real=0.01s
[2025-08-01T01:08:16.174+0000] GC(1011) Concurrent Mark 36.526ms
[2025-08-01T01:08:16.174+0000] GC(1011) Concurrent Rebuild Remembered Sets
[2025-08-01T01:08:16.180+0000] GC(1012) Pause Young (Normal) (G1 Evacuation Pause)
[2025-08-01T01:08:16.180+0000] GC(1012) Using 8 workers of 8 for evacuation
[2025-08-01T01:08:16.267+0000] GC(1012)   Pre Evacuate Collection Set: 0.4ms
[2025-08-01T01:08:16.267+0000] GC(1012)   Merge Heap Roots: 0.2ms
[2025-08-01T01:08:16.267+0000] GC(1012)   Evacuate Collection Set: 84.6ms
[2025-08-01T01:08:16.267+0000] GC(1012)   Post Evacuate Collection Set: 1.4ms
[2025-08-01T01:08:16.267+0000] GC(1012)   Other: 0.2ms
[2025-08-01T01:08:16.267+0000] GC(1012) Eden regions: 250->0(401)
[2025-08-01T01:08:16.267+0000] GC(1012) Survivor regions: 46->37(37)
[2025-08-01T01:08:16.267+0000] GC(1012) Old regions: 334->595
[2025-08-01T01:08:16.267+0000] GC(1012) Archive regions: 2->2
[2025-08-01T01:08:16.267+0000] GC(1012) Humongous regions: 0->0
[2025-08-01T01:08:16.267+0000] GC(1012) Metaspace: 10061K(10304K)->10061K(10304K) NonClass: 8835K(8960K)->8835K(8960K) Class: 1225K(1344K)->1225K(1344K)
[2025-08-01T01:08:16.267+0000] GC(1012) Pause Young (Normal) (G1 Evacuation Pause) 1261M->1265M(4096M) 86.983ms
[2025-08-01T01:08:16.267+0000] GC(1012) User=0.66s Sys=0.00s Real=0.09s
[2025-08-01T01:08:16.352+0000] GC(1011) Concurrent Rebuild Remembered Sets 177.724ms
[2025-08-01T01:08:16.353+0000] GC(1011) Pause Cleanup
[2025-08-01T01:08:16.354+0000] GC(1011) Pause Cleanup 1653M->1653M(4096M) 0.893ms
[2025-08-01T01:08:16.354+0000] GC(1011) User=0.01s Sys=0.00s Real=0.00s
[2025-08-01T01:08:16.354+0000] GC(1011) Concurrent Cleanup for Next Mark
[2025-08-01T01:08:16.374+0000] GC(1011) Concurrent Cleanup for Next Mark 20.011ms
[2025-08-01T01:08:16.375+0000] GC(1011) Concurrent Mark Cycle 299.495ms
[2025-08-01T01:08:16.450+0000] GC(1013) Pause Young (Prepare Mixed) (G1 Evacuation Pause)
[2025-08-01T01:08:16.450+0000] GC(1013) Using 8 workers of 8 for evacuation
[2025-08-01T01:08:16.541+0000] GC(1013)   Pre Evacuate Collection Set: 1.2ms
[2025-08-01T01:08:16.541+0000] GC(1013)   Merge Heap Roots: 0.5ms
[2025-08-01T01:08:16.541+0000] GC(1013)   Evacuate Collection Set: 87.7ms
[2025-08-01T01:08:16.541+0000] GC(1013)   Post Evacuate Collection Set: 1.3ms
[2025-08-01T01:08:16.541+0000] GC(1013)   Other: 0.2ms
[2025-08-01T01:08:16.541+0000] GC(1013) Eden regions: 401->0(47)
[2025-08-01T01:08:16.541+0000] GC(1013) Survivor regions: 37->55(55)
[2025-08-01T01:08:16.541+0000] GC(1013) Old regions: 595->777
[2025-08-01T01:08:16.541+0000] GC(1013) Archive regions: 2->2
[2025-08-01T01:08:16.541+0000] GC(1013) Humongous regions: 0->0
[2025-08-01T01:08:16.541+0000] GC(1013) Metaspace: 10061K(10304K)->10061K(10304K) NonClass: 8835K(8960K)->8835K(8960K) Class: 1225K(1344K)->1225K(1344K)
[2025-08-01T01:08:16.541+0000] GC(1013) Pause Young (Prepare Mixed) (G1 Evacuation Pause) 2067M->1665M(4096M) 91.142ms
[2025-08-01T01:08:16.541+0000] GC(1013) User=0.67s Sys=0.02s Real=0.09s
[2025-08-01T01:08:16.551+0000] GC(1014) Pause Young (Mixed) (G1 Evacuation Pause)
[2025-08-01T01:08:16.551+0000] GC(1014) Using 8 workers of 8 for evacuation
[2025-08-01T01:08:16.582+0000] GC(1014)   Pre Evacuate Collection Set: 0.4ms
[2025-08-01T01:08:16.582+0000] GC(1014)   Merge Heap Roots: 0.1ms
[2025-08-01T01:08:16.582+0000] GC(1014)   Evacuate Collection Set: 30.1ms
[2025-08-01T01:08:16.583+0000] GC(1014)   Post Evacuate Collection Set: 0.8ms
[2025-08-01T01:08:16.583+0000] GC(1014)   Other: 0.2ms
[2025-08-01T01:08:16.583+0000] GC(1014) Eden regions: 47->0(332)
[2025-08-01T01:08:16.583+0000] GC(1014) Survivor regions: 55->13(13)
[2025-08-01T01:08:16.583+0000] GC(1014) Old regions: 777->860
[2025-08-01T01:08:16.583+0000] GC(1014) Archive regions: 2->2
[2025-08-01T01:08:16.583+0000] GC(1014) Humongous regions: 0->0
[2025-08-01T01:08:16.583+0000] GC(1014) Metaspace: 10061K(10304K)->10061K(10304K) NonClass: 8835K(8960K)->8835K(8960K) Class: 1225K(1344K)->1225K(1344K)
[2025-08-01T01:08:16.583+0000] GC(1014) Pause Young (Mixed) (G1 Evacuation Pause) 1759M->1747M(4096M) 31.736ms
[2025-08-01T01:08:16.583+0000] GC(1014) User=0.23s Sys=0.00s Real=0.03s
[2025-08-01T01:08:16.733+0000] GC(1015) Pause Young (Concurrent Start) (G1 Evacuation Pause)
[2025-08-01T01:08:16.733+0000] GC(1015) Using 8 workers of 8 for evacuation
[2025-08-01T01:08:16.856+0000] GC(1015)   Pre Evacuate Collection Set: 0.4ms
[2025-08-01T01:08:16.856+0000] GC(1015)   Merge Heap Roots: 0.1ms
[2025-08-01T01:08:16.856+0000] GC(1015)   Evacuate Collection Set: 120.8ms
[2025-08-01T01:08:16.856+0000] GC(1015)   Post Evacuate Collection Set: 1.4ms
[2025-08-01T01:08:16.856+0000] GC(1015)   Other: 0.3ms
[2025-08-01T01:08:16.856+0000] GC(1015) Eden regions: 332->0(218)
[2025-08-01T01:08:16.856+0000] GC(1015) Survivor regions: 13->44(44)
[2025-08-01T01:08:16.856+0000] GC(1015) Old regions: 860->1112
[2025-08-01T01:08:16.856+0000] GC(1015) Archive regions: 2->2
[2025-08-01T01:08:16.856+0000] GC(1015) Humongous regions: 0->0
[2025-08-01T01:08:16.856+0000] GC(1015) Metaspace: 10061K(10304K)->10061K(10304K) NonClass: 8835K(8960K)->8835K(8960K) Class: 1225K(1344K)->1225K(1344K)
[2025-08-01T01:08:16.856+0000] GC(1015) Pause Young (Concurrent Start) (G1 Evacuation Pause) 2411M->2313M(4096M) 123.162ms
[2025-08-01T01:08:16.856+0000] GC(1015) User=0.92s Sys=0.03s Real=0.13s
[2025-08-01T01:08:16.856+0000] GC(1016) Concurrent Mark Cycle
[2025-08-01T01:08:16.856+0000] GC(1016) Concurrent Clear Claimed Marks
[2025-08-01T01:08:16.856+0000] GC(1016) Concurrent Clear Claimed Marks 0.028ms
[2025-08-01T01:08:16.856+0000] GC(1016) Concurrent Scan Root Regions
[2025-08-01T01:08:16.915+0000] GC(1016) Concurrent Scan Root Regions 59.022ms
[2025-08-01T01:08:16.915+0000] GC(1016) Concurrent Mark
[2025-08-01T01:08:16.915+0000] GC(1016) Concurrent Mark From Roots
[2025-08-01T01:08:16.915+0000] GC(1016) Using 2 workers of 2 for marking
[2025-08-01T01:08:16.948+0000] GC(1017) Pause Young (Normal) (G1 Evacuation Pause)
[2025-08-01T01:08:16.948+0000] GC(1017) Using 8 workers of 8 for evacuation
[2025-08-01T01:08:17.055+0000] GC(1017)   Pre Evacuate Collection Set: 0.3ms
[2025-08-01T01:08:17.055+0000] GC(1017)   Merge Heap Roots: 0.1ms
[2025-08-01T01:08:17.055+0000] GC(1017)   Evacuate Collection Set: 105.7ms
[2025-08-01T01:08:17.055+0000] GC(1017)   Post Evacuate Collection Set: 1.2ms
[2025-08-01T01:08:17.055+0000] GC(1017)   Other: 0.2ms
[2025-08-01T01:08:17.055+0000] GC(1017) Eden regions: 218->0(144)
[2025-08-01T01:08:17.055+0000] GC(1017) Survivor regions: 44->33(33)
[2025-08-01T01:08:17.055+0000] GC(1017) Old regions: 1112->1344
[2025-08-01T01:08:17.055+0000] GC(1017) Archive regions: 2->2
[2025-08-01T01:08:17.055+0000] GC(1017) Humongous regions: 0->0
[2025-08-01T01:08:17.055+0000] GC(1017) Metaspace: 10061K(10304K)->10061K(10304K) NonClass: 8835K(8960K)->8835K(8960K) Class: 1225K(1344K)->1225K(1344K)
[2025-08-01T01:08:17.055+0000] GC(1017) Pause Young (Normal) (G1 Evacuation Pause) 2749M->2755M(4096M) 107.791ms
[2025-08-01T01:08:17.055+0000] GC(1017) User=0.77s Sys=0.02s Real=0.11s
[2025-08-01T01:08:17.109+0000] GC(1016) Concurrent Mark From Roots 194.210ms
[2025-08-01T01:08:17.110+0000] GC(1016) Concurrent Preclean
[2025-08-01T01:08:17.110+0000] GC(1016) Concurrent Preclean 0.371ms
[2025-08-01T01:08:17.110+0000] GC(1016) Pause Remark
[2025-08-01T01:08:17.113+0000] GC(1016) Pause Remark 2965M->1697M(4096M) 3.178ms
[2025-08-01T01:08:17.113+0000] GC(1016) User=0.01s Sys=0.00s Real=0.01s
[2025-08-01T01:08:17.113+0000] GC(1016) Concurrent Mark 198.139ms
[2025-08-01T01:08:17.113+0000] GC(1016) Concurrent Rebuild Remembered Sets
[2025-08-01T01:08:17.135+0000] GC(1018) Pause Young (Normal) (G1 Evacuation Pause)
[2025-08-01T01:08:17.135+0000] GC(1018) Using 8 workers of 8 for evacuation
[2025-08-01T01:08:17.166+0000] GC(1018)   Pre Evacuate Collection Set: 0.6ms
[2025-08-01T01:08:17.166+0000] GC(1018)   Merge Heap Roots: 0.3ms
[2025-08-01T01:08:17.166+0000] GC(1018)   Evacuate Collection Set: 28.7ms
[2025-08-01T01:08:17.166+0000] GC(1018)   Post Evacuate Collection Set: 0.9ms
[2025-08-01T01:08:17.166+0000] GC(1018)   Other: 0.2ms
[2025-08-01T01:08:17.166+0000] GC(1018) Eden regions: 144->0(343)
[2025-08-01T01:08:17.166+0000] GC(1018) Survivor regions: 33->23(23)
[2025-08-01T01:08:17.166+0000] GC(1018) Old regions: 710->798
[2025-08-01T01:08:17.166+0000] GC(1018) Archive regions: 2->2
[2025-08-01T01:08:17.166+0000] GC(1018) Humongous regions: 0->0
[2025-08-01T01:08:17.166+0000] GC(1018) Metaspace: 10061K(10304K)->10061K(10304K) NonClass: 8835K(8960K)->8835K(8960K) Class: 1225K(1344K)->1225K(1344K)
[2025-08-01T01:08:17.166+0000] GC(1018) Pause Young (Normal) (G1 Evacuation Pause) 1775M->1643M(4096M) 30.780ms
[2025-08-01T01:08:17.166+0000] GC(1018) User=0.23s Sys=0.00s Real=0.03s
[2025-08-01T01:08:17.328+0000] GC(1016) Concurrent Rebuild Remembered Sets 214.318ms
[2025-08-01T01:08:17.329+0000] GC(1016) Pause Cleanup
[2025-08-01T01:08:17.330+0000] GC(1016) Pause Cleanup 2326M->2326M(4096M) 0.743ms
[2025-08-01T01:08:17.330+0000] GC(1016) User=0.00s Sys=0.00s Real=0.00s
[2025-08-01T01:08:17.330+0000] GC(1016) Concurrent Cleanup for Next Mark
[2025-08-01T01:08:17.331+0000] GC(1019) Pause Young (Prepare Mixed) (G1 Evacuation Pause)
[2025-08-01T01:08:17.331+0000] GC(1019) Using 8 workers of 8 for evacuation
[2025-08-01T01:08:17.423+0000] GC(1019)   Pre Evacuate Collection Set: 0.6ms
[2025-08-01T01:08:17.423+0000] GC(1019)   Merge Heap Roots: 0.4ms
[2025-08-01T01:08:17.423+0000] GC(1019)   Evacuate Collection Set: 89.8ms
[2025-08-01T01:08:17.423+0000] GC(1019)   Post Evacuate Collection Set: 1.3ms
[2025-08-01T01:08:17.423+0000] GC(1019)   Other: 0.2ms
[2025-08-01T01:08:17.423+0000] GC(1019) Eden regions: 343->0(56)
[2025-08-01T01:08:17.423+0000] GC(1019) Survivor regions: 23->46(46)
[2025-08-01T01:08:17.423+0000] GC(1019) Old regions: 798->993
[2025-08-01T01:08:17.423+0000] GC(1019) Archive regions: 2->2
[2025-08-01T01:08:17.423+0000] GC(1019) Humongous regions: 0->0
[2025-08-01T01:08:17.423+0000] GC(1019) Metaspace: 10061K(10304K)->10061K(10304K) NonClass: 8835K(8960K)->8835K(8960K) Class: 1225K(1344K)->1225K(1344K)
[2025-08-01T01:08:17.423+0000] GC(1019) Pause Young (Prepare Mixed) (G1 Evacuation Pause) 2329M->2078M(4096M) 92.436ms
[2025-08-01T01:08:17.423+0000] GC(1019) User=0.67s Sys=0.03s Real=0.10s
[2025-08-01T01:08:17.438+0000] GC(1020) Pause Young (Mixed) (G1 Evacuation Pause)
[2025-08-01T01:08:17.438+0000] GC(1020) Using 8 workers of 8 for evacuation
[2025-08-01T01:08:17.475+0000] GC(1020)   Pre Evacuate Collection Set: 0.6ms
[2025-08-01T01:08:17.475+0000] GC(1020)   Merge Heap Roots: 0.2ms
[2025-08-01T01:08:17.475+0000] GC(1020)   Evacuate Collection Set: 34.7ms
[2025-08-01T01:08:17.475+0000] GC(1020)   Post Evacuate Collection Set: 0.8ms
[2025-08-01T01:08:17.475+0000] GC(1020)   Other: 0.2ms
[2025-08-01T01:08:17.475+0000] GC(1020) Eden regions: 56->0(245)
[2025-08-01T01:08:17.475+0000] GC(1020) Survivor regions: 46->13(13)
[2025-08-01T01:08:17.475+0000] GC(1020) Old regions: 993->1073
[2025-08-01T01:08:17.475+0000] GC(1020) Archive regions: 2->2
[2025-08-01T01:08:17.475+0000] GC(1020) Humongous regions: 0->0
[2025-08-01T01:08:17.475+0000] GC(1020) Metaspace: 10061K(10304K)->10061K(10304K) NonClass: 8835K(8960K)->8835K(8960K) Class: 1225K(1344K)->1225K(1344K)
[2025-08-01T01:08:17.475+0000] GC(1020) Pause Young (Mixed) (G1 Evacuation Pause) 2190M->2172M(4096M) 36.722ms
[2025-08-01T01:08:17.475+0000] GC(1020) User=0.26s Sys=0.01s Real=0.04s
[2025-08-01T01:08:17.477+0000] GC(1016) Concurrent Cleanup for Next Mark 146.998ms
[2025-08-01T01:08:17.477+0000] GC(1016) Concurrent Mark Cycle 621.227ms
[2025-08-01T01:08:17.572+0000] GC(1021) Pause Young (Normal) (G1 Evacuation Pause)
[2025-08-01T01:08:17.572+0000] GC(1021) Using 8 workers of 8 for evacuation
[2025-08-01T01:08:17.714+0000] GC(1021)   Pre Evacuate Collection Set: 0.5ms
[2025-08-01T01:08:17.714+0000] GC(1021)   Merge Heap Roots: 0.3ms
[2025-08-01T01:08:17.714+0000] GC(1021)   Evacuate Collection Set: 139.7ms
[2025-08-01T01:08:17.714+0000] GC(1021)   Post Evacuate Collection Set: 1.0ms
[2025-08-01T01:08:17.714+0000] GC(1021)   Other: 0.2ms
[2025-08-01T01:08:17.714+0000] GC(1021) Eden regions: 245->0(160)
[2025-08-01T01:08:17.714+0000] GC(1021) Survivor regions: 13->33(33)
[2025-08-01T01:08:17.714+0000] GC(1021) Old regions: 1073->1300
[2025-08-01T01:08:17.714+0000] GC(1021) Archive regions: 2->2
[2025-08-01T01:08:17.714+0000] GC(1021) Humongous regions: 0->0
[2025-08-01T01:08:17.714+0000] GC(1021) Metaspace: 10061K(10304K)->10061K(10304K) NonClass: 8835K(8960K)->8835K(8960K) Class: 1225K(1344K)->1225K(1344K)
[2025-08-01T01:08:17.714+0000] GC(1021) Pause Young (Normal) (G1 Evacuation Pause) 2662M->2667M(4096M) 141.930ms
[2025-08-01T01:08:17.714+0000] GC(1021) User=1.06s Sys=0.05s Real=0.15s
[2025-08-01T01:08:17.792+0000] GC(1022) Pause Young (Concurrent Start) (G1 Evacuation Pause)
[2025-08-01T01:08:17.792+0000] GC(1022) Using 8 workers of 8 for evacuation
[2025-08-01T01:08:17.896+0000] GC(1022)   Pre Evacuate Collection Set: 0.9ms
[2025-08-01T01:08:17.896+0000] GC(1022)   Merge Heap Roots: 0.2ms
[2025-08-01T01:08:17.896+0000] GC(1022)   Evacuate Collection Set: 100.4ms
[2025-08-01T01:08:17.896+0000] GC(1022)   Post Evacuate Collection Set: 1.6ms
[2025-08-01T01:08:17.896+0000] GC(1022)   Other: 0.4ms
[2025-08-01T01:08:17.896+0000] GC(1022) Eden regions: 160->0(107)
[2025-08-01T01:08:17.896+0000] GC(1022) Survivor regions: 33->25(25)
[2025-08-01T01:08:17.896+0000] GC(1022) Old regions: 1300->1470
[2025-08-01T01:08:17.896+0000] GC(1022) Archive regions: 2->2
[2025-08-01T01:08:17.896+0000] GC(1022) Humongous regions: 0->0
[2025-08-01T01:08:17.896+0000] GC(1022) Metaspace: 10061K(10304K)->10061K(10304K) NonClass: 8835K(8960K)->8835K(8960K) Class: 1225K(1344K)->1225K(1344K)
[2025-08-01T01:08:17.896+0000] GC(1022) Pause Young (Concurrent Start) (G1 Evacuation Pause) 2987M->2991M(4096M) 103.803ms
[2025-08-01T01:08:17.896+0000] GC(1022) User=0.78s Sys=0.02s Real=0.11s
[2025-08-01T01:08:17.896+0000] GC(1023) Concurrent Mark Cycle
[2025-08-01T01:08:17.896+0000] GC(1023) Concurrent Clear Claimed Marks
[2025-08-01T01:08:17.896+0000] GC(1023) Concurrent Clear Claimed Marks 0.041ms
[2025-08-01T01:08:17.896+0000] GC(1023) Concurrent Scan Root Regions
[2025-08-01T01:08:17.954+0000] GC(1023) Concurrent Scan Root Regions 57.904ms
[2025-08-01T01:08:17.954+0000] GC(1023) Concurrent Mark
[2025-08-01T01:08:17.954+0000] GC(1023) Concurrent Mark From Roots
[2025-08-01T01:08:17.954+0000] GC(1023) Using 2 workers of 2 for marking
[2025-08-01T01:08:17.979+0000] GC(1024) Pause Young (Normal) (G1 Evacuation Pause)
[2025-08-01T01:08:17.979+0000] GC(1024) Using 8 workers of 8 for evacuation
[2025-08-01T01:08:18.014+0000] GC(1024)   Pre Evacuate Collection Set: 1.0ms
[2025-08-01T01:08:18.014+0000] GC(1024)   Merge Heap Roots: 0.1ms
[2025-08-01T01:08:18.014+0000] GC(1024)   Evacuate Collection Set: 32.6ms
[2025-08-01T01:08:18.014+0000] GC(1024)   Post Evacuate Collection Set: 1.0ms
[2025-08-01T01:08:18.014+0000] GC(1024)   Other: 0.2ms
[2025-08-01T01:08:18.014+0000] GC(1024) Eden regions: 107->0(85)
[2025-08-01T01:08:18.014+0000] GC(1024) Survivor regions: 25->17(17)
[2025-08-01T01:08:18.014+0000] GC(1024) Old regions: 1470->1554
[2025-08-01T01:08:18.014+0000] GC(1024) Archive regions: 2->2
[2025-08-01T01:08:18.014+0000] GC(1024) Humongous regions: 0->0
[2025-08-01T01:08:18.014+0000] GC(1024) Metaspace: 10061K(10304K)->10061K(10304K) NonClass: 8835K(8960K)->8835K(8960K) Class: 1225K(1344K)->1225K(1344K)
[2025-08-01T01:08:18.014+0000] GC(1024) Pause Young (Normal) (G1 Evacuation Pause) 3205M->3142M(4096M) 35.053ms
[2025-08-01T01:08:18.014+0000] GC(1024) User=0.25s Sys=0.01s Real=0.04s
[2025-08-01T01:08:18.031+0000] GC(1025) Pause Young (Normal) (G1 Evacuation Pause)
[2025-08-01T01:08:18.031+0000] GC(1025) Using 8 workers of 8 for evacuation
[2025-08-01T01:08:18.070+0000] GC(1025)   Pre Evacuate Collection Set: 0.7ms
[2025-08-01T01:08:18.070+0000] GC(1025)   Merge Heap Roots: 0.2ms
[2025-08-01T01:08:18.070+0000] GC(1025)   Evacuate Collection Set: 37.1ms
[2025-08-01T01:08:18.070+0000] GC(1025)   Post Evacuate Collection Set: 0.7ms
[2025-08-01T01:08:18.070+0000] GC(1025)   Other: 0.2ms
[2025-08-01T01:08:18.070+0000] GC(1025) Eden regions: 85->0(89)
[2025-08-01T01:08:18.070+0000] GC(1025) Survivor regions: 17->13(13)
[2025-08-01T01:08:18.070+0000] GC(1025) Old regions: 1554->1645
[2025-08-01T01:08:18.070+0000] GC(1025) Archive regions: 2->2
[2025-08-01T01:08:18.070+0000] GC(1025) Humongous regions: 0->0
[2025-08-01T01:08:18.070+0000] GC(1025) Metaspace: 10061K(10304K)->10061K(10304K) NonClass: 8835K(8960K)->8835K(8960K) Class: 1225K(1344K)->1225K(1344K)
[2025-08-01T01:08:18.070+0000] GC(1025) Pause Young (Normal) (G1 Evacuation Pause) 3312M->3316M(4096M) 39.109ms
[2025-08-01T01:08:18.071+0000] GC(1025) User=0.29s Sys=0.01s Real=0.04s
[2025-08-01T01:08:18.140+0000] GC(1026) Pause Young (Normal) (G1 Evacuation Pause)
[2025-08-01T01:08:18.140+0000] GC(1026) Using 8 workers of 8 for evacuation
[2025-08-01T01:08:18.175+0000] GC(1026)   Pre Evacuate Collection Set: 1.1ms
[2025-08-01T01:08:18.175+0000] GC(1026)   Merge Heap Roots: 0.2ms
[2025-08-01T01:08:18.175+0000] GC(1026)   Evacuate Collection Set: 31.1ms
[2025-08-01T01:08:18.175+0000] GC(1026)   Post Evacuate Collection Set: 1.7ms
[2025-08-01T01:08:18.175+0000] GC(1026)   Other: 0.3ms
[2025-08-01T01:08:18.175+0000] GC(1026) Eden regions: 89->0(89)
[2025-08-01T01:08:18.175+0000] GC(1026) Survivor regions: 13->13(13)
[2025-08-01T01:08:18.175+0000] GC(1026) Old regions: 1645->1717
[2025-08-01T01:08:18.175+0000] GC(1026) Archive regions: 2->2
[2025-08-01T01:08:18.175+0000] GC(1026) Humongous regions: 0->0
[2025-08-01T01:08:18.175+0000] GC(1026) Metaspace: 10061K(10304K)->10061K(10304K) NonClass: 8835K(8960K)->8835K(8960K) Class: 1225K(1344K)->1225K(1344K)
[2025-08-01T01:08:18.175+0000] GC(1026) Pause Young (Normal) (G1 Evacuation Pause) 3494M->3461M(4096M) 34.751ms
[2025-08-01T01:08:18.175+0000] GC(1026) User=0.24s Sys=0.02s Real=0.04s
[2025-08-01T01:08:18.195+0000] GC(1027) Pause Young (Normal) (G1 Evacuation Pause)
[2025-08-01T01:08:18.195+0000] GC(1027) Using 8 workers of 8 for evacuation
[2025-08-01T01:08:18.229+0000] GC(1027)   Pre Evacuate Collection Set: 0.4ms
[2025-08-01T01:08:18.229+0000] GC(1027)   Merge Heap Roots: 0.2ms
[2025-08-01T01:08:18.229+0000] GC(1027)   Evacuate Collection Set: 32.8ms
[2025-08-01T01:08:18.229+0000] GC(1027)   Post Evacuate Collection Set: 0.9ms
[2025-08-01T01:08:18.229+0000] GC(1027)   Other: 0.3ms
[2025-08-01T01:08:18.229+0000] GC(1027) Eden regions: 89->0(89)
[2025-08-01T01:08:18.229+0000] GC(1027) Survivor regions: 13->13(13)
[2025-08-01T01:08:18.229+0000] GC(1027) Old regions: 1717->1808
[2025-08-01T01:08:18.229+0000] GC(1027) Archive regions: 2->2
[2025-08-01T01:08:18.229+0000] GC(1027) Humongous regions: 0->0
[2025-08-01T01:08:18.229+0000] GC(1027) Metaspace: 10061K(10304K)->10061K(10304K) NonClass: 8835K(8960K)->8835K(8960K) Class: 1225K(1344K)->1225K(1344K)
[2025-08-01T01:08:18.229+0000] GC(1027) Pause Young (Normal) (G1 Evacuation Pause) 3639M->3642M(4096M) 34.865ms
[2025-08-01T01:08:18.230+0000] GC(1027) User=0.25s Sys=0.01s Real=0.03s
[2025-08-01T01:08:18.296+0000] GC(1028) Pause Young (Normal) (G1 Evacuation Pause)
[2025-08-01T01:08:18.296+0000] GC(1028) Using 8 workers of 8 for evacuation
[2025-08-01T01:08:18.351+0000] GC(1028)   Pre Evacuate Collection Set: 0.8ms
[2025-08-01T01:08:18.351+0000] GC(1028)   Merge Heap Roots: 0.2ms
[2025-08-01T01:08:18.351+0000] GC(1028)   Evacuate Collection Set: 52.5ms
[2025-08-01T01:08:18.351+0000] GC(1028)   Post Evacuate Collection Set: 1.5ms
[2025-08-01T01:08:18.351+0000] GC(1028)   Other: 0.2ms
[2025-08-01T01:08:18.351+0000] GC(1028) Eden regions: 89->0(89)
[2025-08-01T01:08:18.351+0000] GC(1028) Survivor regions: 13->13(13)
[2025-08-01T01:08:18.351+0000] GC(1028) Old regions: 1808->1888
[2025-08-01T01:08:18.351+0000] GC(1028) Archive regions: 2->2
[2025-08-01T01:08:18.351+0000] GC(1028) Humongous regions: 0->0
[2025-08-01T01:08:18.351+0000] GC(1028) Metaspace: 10061K(10304K)->10061K(10304K) NonClass: 8835K(8960K)->8835K(8960K) Class: 1225K(1344K)->1225K(1344K)
[2025-08-01T01:08:18.351+0000] GC(1028) Pause Young (Normal) (G1 Evacuation Pause) 3820M->3803M(4096M) 55.380ms
[2025-08-01T01:08:18.351+0000] GC(1028) User=0.40s Sys=0.01s Real=0.05s
[2025-08-01T01:08:18.365+0000] GC(1029) Pause Young (Normal) (G1 Preventive Collection)
[2025-08-01T01:08:18.365+0000] GC(1029) Using 8 workers of 8 for evacuation
[2025-08-01T01:08:18.390+0000] GC(1029)   Pre Evacuate Collection Set: 0.5ms
[2025-08-01T01:08:18.390+0000] GC(1029)   Merge Heap Roots: 0.2ms
[2025-08-01T01:08:18.390+0000] GC(1029)   Evacuate Collection Set: 23.9ms
[2025-08-01T01:08:18.390+0000] GC(1029)   Post Evacuate Collection Set: 0.8ms
[2025-08-01T01:08:18.390+0000] GC(1029)   Other: 0.2ms
[2025-08-01T01:08:18.390+0000] GC(1029) Eden regions: 62->0(89)
[2025-08-01T01:08:18.390+0000] GC(1029) Survivor regions: 13->13(13)
[2025-08-01T01:08:18.390+0000] GC(1029) Old regions: 1888->1952
[2025-08-01T01:08:18.390+0000] GC(1029) Archive regions: 2->2
[2025-08-01T01:08:18.390+0000] GC(1029) Humongous regions: 0->0
[2025-08-01T01:08:18.390+0000] GC(1029) Metaspace: 10061K(10304K)->10061K(10304K) NonClass: 8835K(8960K)->8835K(8960K) Class: 1225K(1344K)->1225K(1344K)
[2025-08-01T01:08:18.390+0000] GC(1029) Pause Young (Normal) (G1 Preventive Collection) 3927M->3931M(4096M) 25.781ms
[2025-08-01T01:08:18.390+0000] GC(1029) User=0.19s Sys=0.00s Real=0.02s
[2025-08-01T01:08:18.397+0000] GC(1030) Pause Young (Normal) (G1 Preventive Collection)
[2025-08-01T01:08:18.397+0000] GC(1030) Using 8 workers of 8 for evacuation
[2025-08-01T01:08:18.413+0000] GC(1030)   Pre Evacuate Collection Set: 0.4ms
[2025-08-01T01:08:18.413+0000] GC(1030)   Merge Heap Roots: 0.2ms
[2025-08-01T01:08:18.413+0000] GC(1030)   Evacuate Collection Set: 13.7ms
[2025-08-01T01:08:18.413+0000] GC(1030)   Post Evacuate Collection Set: 1.1ms
[2025-08-01T01:08:18.413+0000] GC(1030)   Other: 0.2ms
[2025-08-01T01:08:18.413+0000] GC(1030) Eden regions: 31->0(89)
[2025-08-01T01:08:18.413+0000] GC(1030) Survivor regions: 13->13(13)
[2025-08-01T01:08:18.413+0000] GC(1030) Old regions: 1952->1984
[2025-08-01T01:08:18.413+0000] GC(1030) Archive regions: 2->2
[2025-08-01T01:08:18.413+0000] GC(1030) Humongous regions: 0->0
[2025-08-01T01:08:18.413+0000] GC(1030) Metaspace: 10061K(10304K)->10061K(10304K) NonClass: 8835K(8960K)->8835K(8960K) Class: 1225K(1344K)->1225K(1344K)
[2025-08-01T01:08:18.413+0000] GC(1030) Pause Young (Normal) (G1 Preventive Collection) 3993M->3995M(4096M) 15.985ms
[2025-08-01T01:08:18.413+0000] GC(1030) User=0.11s Sys=0.00s Real=0.02s
[2025-08-01T01:08:18.414+0000] GC(1023) Concurrent Mark From Roots 460.106ms
[2025-08-01T01:08:18.415+0000] GC(1023) Concurrent Preclean
[2025-08-01T01:08:18.415+0000] GC(1023) Concurrent Preclean 0.314ms
[2025-08-01T01:08:18.416+0000] GC(1023) Pause Remark
[2025-08-01T01:08:18.418+0000] GC(1023) Pause Remark 4011M->2561M(4096M) 1.942ms
[2025-08-01T01:08:18.418+0000] GC(1023) User=0.00s Sys=0.00s Real=0.00s
[2025-08-01T01:08:18.418+0000] GC(1023) Concurrent Mark 463.442ms
[2025-08-01T01:08:18.418+0000] GC(1023) Concurrent Rebuild Remembered Sets
[2025-08-01T01:08:18.462+0000] GC(1031) Pause Young (Normal) (G1 Evacuation Pause)
[2025-08-01T01:08:18.462+0000] GC(1031) Using 8 workers of 8 for evacuation
[2025-08-01T01:08:18.491+0000] GC(1031)   Pre Evacuate Collection Set: 0.4ms
[2025-08-01T01:08:18.491+0000] GC(1031)   Merge Heap Roots: 0.2ms
[2025-08-01T01:08:18.491+0000] GC(1031)   Evacuate Collection Set: 28.0ms
[2025-08-01T01:08:18.491+0000] GC(1031)   Post Evacuate Collection Set: 0.6ms
[2025-08-01T01:08:18.491+0000] GC(1031)   Other: 0.2ms
[2025-08-01T01:08:18.491+0000] GC(1031) Eden regions: 89->0(150)
[2025-08-01T01:08:18.491+0000] GC(1031) Survivor regions: 13->13(13)
[2025-08-01T01:08:18.491+0000] GC(1031) Old regions: 1259->1350
[2025-08-01T01:08:18.491+0000] GC(1031) Archive regions: 2->2
[2025-08-01T01:08:18.491+0000] GC(1031) Humongous regions: 0->0
[2025-08-01T01:08:18.491+0000] GC(1031) Metaspace: 10061K(10304K)->10061K(10304K) NonClass: 8835K(8960K)->8835K(8960K) Class: 1225K(1344K)->1225K(1344K)
[2025-08-01T01:08:18.491+0000] GC(1031) Pause Young (Normal) (G1 Evacuation Pause) 2723M->2727M(4096M) 29.549ms
[2025-08-01T01:08:18.491+0000] GC(1031) User=0.22s Sys=0.00s Real=0.03s
[2025-08-01T01:08:18.551+0000] GC(1032) Pause Young (Normal) (G1 Evacuation Pause)
[2025-08-01T01:08:18.551+0000] GC(1032) Using 8 workers of 8 for evacuation
[2025-08-01T01:08:18.601+0000] GC(1032)   Pre Evacuate Collection Set: 0.6ms
[2025-08-01T01:08:18.601+0000] GC(1032)   Merge Heap Roots: 0.3ms
[2025-08-01T01:08:18.601+0000] GC(1032)   Evacuate Collection Set: 48.2ms
[2025-08-01T01:08:18.601+0000] GC(1032)   Post Evacuate Collection Set: 0.9ms
[2025-08-01T01:08:18.601+0000] GC(1032)   Other: 0.2ms
[2025-08-01T01:08:18.601+0000] GC(1032) Eden regions: 150->0(102)
[2025-08-01T01:08:18.601+0000] GC(1032) Survivor regions: 13->21(21)
[2025-08-01T01:08:18.601+0000] GC(1032) Old regions: 1350->1493
[2025-08-01T01:08:18.601+0000] GC(1032) Archive regions: 2->2
[2025-08-01T01:08:18.601+0000] GC(1032) Humongous regions: 0->0
[2025-08-01T01:08:18.601+0000] GC(1032) Metaspace: 10061K(10304K)->10061K(10304K) NonClass: 8835K(8960K)->8835K(8960K) Class: 1225K(1344K)->1225K(1344K)
[2025-08-01T01:08:18.601+0000] GC(1032) Pause Young (Normal) (G1 Evacuation Pause) 3027M->3028M(4096M) 50.390ms
[2025-08-01T01:08:18.601+0000] GC(1032) User=0.39s Sys=0.00s Real=0.05s
[2025-08-01T01:08:18.621+0000] GC(1033) Pause Young (Normal) (G1 Evacuation Pause)
[2025-08-01T01:08:18.621+0000] GC(1033) Using 8 workers of 8 for evacuation
[2025-08-01T01:08:18.657+0000] GC(1033)   Pre Evacuate Collection Set: 0.3ms
[2025-08-01T01:08:18.657+0000] GC(1033)   Merge Heap Roots: 0.3ms
[2025-08-01T01:08:18.657+0000] GC(1033)   Evacuate Collection Set: 34.2ms
[2025-08-01T01:08:18.657+0000] GC(1033)   Post Evacuate Collection Set: 0.7ms
[2025-08-01T01:08:18.657+0000] GC(1033)   Other: 0.2ms
[2025-08-01T01:08:18.657+0000] GC(1033) Eden regions: 102->0(86)
[2025-08-01T01:08:18.657+0000] GC(1033) Survivor regions: 21->16(16)
[2025-08-01T01:08:18.657+0000] GC(1033) Old regions: 1493->1601
[2025-08-01T01:08:18.657+0000] GC(1033) Archive regions: 2->2
[2025-08-01T01:08:18.657+0000] GC(1033) Humongous regions: 0->0
[2025-08-01T01:08:18.657+0000] GC(1033) Metaspace: 10061K(10304K)->10061K(10304K) NonClass: 8835K(8960K)->8835K(8960K) Class: 1225K(1344K)->1225K(1344K)
[2025-08-01T01:08:18.657+0000] GC(1033) Pause Young (Normal) (G1 Evacuation Pause) 3232M->3235M(4096M) 35.923ms
[2025-08-01T01:08:18.657+0000] GC(1033) User=0.28s Sys=0.00s Real=0.04s
[2025-08-01T01:08:18.726+0000] GC(1034) Pause Young (Normal) (G1 Evacuation Pause)
[2025-08-01T01:08:18.726+0000] GC(1034) Using 8 workers of 8 for evacuation
[2025-08-01T01:08:18.748+0000] GC(1034)   Pre Evacuate Collection Set: 0.5ms
[2025-08-01T01:08:18.748+0000] GC(1034)   Merge Heap Roots: 0.2ms
[2025-08-01T01:08:18.748+0000] GC(1034)   Evacuate Collection Set: 19.9ms
[2025-08-01T01:08:18.748+0000] GC(1034)   Post Evacuate Collection Set: 0.9ms
[2025-08-01T01:08:18.748+0000] GC(1034)   Other: 0.4ms
[2025-08-01T01:08:18.748+0000] GC(1034) Eden regions: 86->0(89)
[2025-08-01T01:08:18.748+0000] GC(1034) Survivor regions: 16->13(13)
[2025-08-01T01:08:18.748+0000] GC(1034) Old regions: 1601->1647
[2025-08-01T01:08:18.748+0000] GC(1034) Archive regions: 2->2
[2025-08-01T01:08:18.748+0000] GC(1034) Humongous regions: 0->0
[2025-08-01T01:08:18.748+0000] GC(1034) Metaspace: 10061K(10304K)->10061K(10304K) NonClass: 8835K(8960K)->8835K(8960K) Class: 1225K(1344K)->1225K(1344K)
[2025-08-01T01:08:18.748+0000] GC(1034) Pause Young (Normal) (G1 Evacuation Pause) 3407M->3321M(4096M) 22.030ms
[2025-08-01T01:08:18.748+0000] GC(1034) User=0.15s Sys=0.01s Real=0.02s
[2025-08-01T01:08:18.766+0000] GC(1035) Pause Young (Normal) (G1 Evacuation Pause)
[2025-08-01T01:08:18.766+0000] GC(1035) Using 8 workers of 8 for evacuation
[2025-08-01T01:08:18.796+0000] GC(1035)   Pre Evacuate Collection Set: 0.5ms
[2025-08-01T01:08:18.796+0000] GC(1035)   Merge Heap Roots: 0.2ms
[2025-08-01T01:08:18.796+0000] GC(1035)   Evacuate Collection Set: 28.3ms
[2025-08-01T01:08:18.796+0000] GC(1035)   Post Evacuate Collection Set: 0.5ms
[2025-08-01T01:08:18.796+0000] GC(1035)   Other: 0.2ms
[2025-08-01T01:08:18.796+0000] GC(1035) Eden regions: 89->0(89)
[2025-08-01T01:08:18.796+0000] GC(1035) Survivor regions: 13->13(13)
[2025-08-01T01:08:18.796+0000] GC(1035) Old regions: 1647->1738
[2025-08-01T01:08:18.796+0000] GC(1035) Archive regions: 2->2
[2025-08-01T01:08:18.796+0000] GC(1035) Humongous regions: 0->0
[2025-08-01T01:08:18.796+0000] GC(1035) Metaspace: 10061K(10304K)->10061K(10304K) NonClass: 8835K(8960K)->8835K(8960K) Class: 1225K(1344K)->1225K(1344K)
[2025-08-01T01:08:18.796+0000] GC(1035) Pause Young (Normal) (G1 Evacuation Pause) 3499M->3503M(4096M) 29.820ms
[2025-08-01T01:08:18.796+0000] GC(1035) User=0.22s Sys=0.00s Real=0.03s
[2025-08-01T01:08:18.864+0000] GC(1036) Pause Young (Normal) (G1 Evacuation Pause)
[2025-08-01T01:08:18.865+0000] GC(1036) Using 8 workers of 8 for evacuation
[2025-08-01T01:08:18.898+0000] GC(1036)   Pre Evacuate Collection Set: 0.8ms
[2025-08-01T01:08:18.898+0000] GC(1036)   Merge Heap Roots: 0.2ms
[2025-08-01T01:08:18.898+0000] GC(1036)   Evacuate Collection Set: 31.3ms
[2025-08-01T01:08:18.898+0000] GC(1036)   Post Evacuate Collection Set: 0.6ms
[2025-08-01T01:08:18.898+0000] GC(1036)   Other: 0.2ms
[2025-08-01T01:08:18.898+0000] GC(1036) Eden regions: 89->0(89)
[2025-08-01T01:08:18.898+0000] GC(1036) Survivor regions: 13->13(13)
[2025-08-01T01:08:18.898+0000] GC(1036) Old regions: 1738->1810
[2025-08-01T01:08:18.898+0000] GC(1036) Archive regions: 2->2
[2025-08-01T01:08:18.898+0000] GC(1036) Humongous regions: 0->0
[2025-08-01T01:08:18.898+0000] GC(1036) Metaspace: 10061K(10304K)->10061K(10304K) NonClass: 8835K(8960K)->8835K(8960K) Class: 1225K(1344K)->1225K(1344K)
[2025-08-01T01:08:18.898+0000] GC(1036) Pause Young (Normal) (G1 Evacuation Pause) 3681M->3646M(4096M) 33.382ms
[2025-08-01T01:08:18.898+0000] GC(1036) User=0.23s Sys=0.01s Real=0.03s
[2025-08-01T01:08:18.917+0000] GC(1037) Pause Young (Normal) (G1 Evacuation Pause)
[2025-08-01T01:08:18.917+0000] GC(1037) Using 8 workers of 8 for evacuation
[2025-08-01T01:08:18.950+0000] GC(1037)   Pre Evacuate Collection Set: 0.7ms
[2025-08-01T01:08:18.950+0000] GC(1037)   Merge Heap Roots: 0.2ms
[2025-08-01T01:08:18.951+0000] GC(1037)   Evacuate Collection Set: 31.5ms
[2025-08-01T01:08:18.951+0000] GC(1037)   Post Evacuate Collection Set: 0.8ms
[2025-08-01T01:08:18.951+0000] GC(1037)   Other: 0.2ms
[2025-08-01T01:08:18.951+0000] GC(1037) Eden regions: 89->0(89)
[2025-08-01T01:08:18.951+0000] GC(1037) Survivor regions: 13->13(13)
[2025-08-01T01:08:18.951+0000] GC(1037) Old regions: 1810->1901
[2025-08-01T01:08:18.951+0000] GC(1037) Archive regions: 2->2
[2025-08-01T01:08:18.951+0000] GC(1037) Humongous regions: 0->0
[2025-08-01T01:08:18.951+0000] GC(1037) Metaspace: 10061K(10304K)->10061K(10304K) NonClass: 8835K(8960K)->8835K(8960K) Class: 1225K(1344K)->1225K(1344K)
[2025-08-01T01:08:18.951+0000] GC(1037) Pause Young (Normal) (G1 Evacuation Pause) 3824M->3828M(4096M) 33.523ms
[2025-08-01T01:08:18.951+0000] GC(1037) User=0.24s Sys=0.00s Real=0.03s
[2025-08-01T01:08:18.963+0000] GC(1038) Pause Young (Normal) (G1 Preventive Collection)
[2025-08-01T01:08:18.963+0000] GC(1038) Using 8 workers of 8 for evacuation
[2025-08-01T01:08:18.987+0000] GC(1038)   Pre Evacuate Collection Set: 0.4ms
[2025-08-01T01:08:18.987+0000] GC(1038)   Merge Heap Roots: 0.1ms
[2025-08-01T01:08:18.987+0000] GC(1038)   Evacuate Collection Set: 22.3ms
[2025-08-01T01:08:18.987+0000] GC(1038)   Post Evacuate Collection Set: 0.8ms
[2025-08-01T01:08:18.987+0000] GC(1038)   Other: 0.2ms
[2025-08-01T01:08:18.987+0000] GC(1038) Eden regions: 56->0(89)
[2025-08-01T01:08:18.987+0000] GC(1038) Survivor regions: 13->13(13)
[2025-08-01T01:08:18.987+0000] GC(1038) Old regions: 1901->1959
[2025-08-01T01:08:18.987+0000] GC(1038) Archive regions: 2->2
[2025-08-01T01:08:18.987+0000] GC(1038) Humongous regions: 0->0
[2025-08-01T01:08:18.987+0000] GC(1038) Metaspace: 10061K(10304K)->10061K(10304K) NonClass: 8835K(8960K)->8835K(8960K) Class: 1225K(1344K)->1225K(1344K)
[2025-08-01T01:08:18.987+0000] GC(1038) Pause Young (Normal) (G1 Preventive Collection) 3940M->3944M(4096M) 24.068ms
[2025-08-01T01:08:18.987+0000] GC(1038) User=0.18s Sys=0.01s Real=0.03s
[2025-08-01T01:08:19.025+0000] GC(1023) Concurrent Rebuild Remembered Sets 607.610ms
[2025-08-01T01:08:19.026+0000] GC(1023) Pause Cleanup
[2025-08-01T01:08:19.027+0000] GC(1023) Pause Cleanup 3996M->3996M(4096M) 0.942ms
[2025-08-01T01:08:19.027+0000] GC(1023) User=0.00s Sys=0.00s Real=0.00s
[2025-08-01T01:08:19.027+0000] GC(1023) Concurrent Cleanup for Next Mark
[2025-08-01T01:08:19.035+0000] GC(1023) Concurrent Cleanup for Next Mark 7.744ms
[2025-08-01T01:08:19.035+0000] GC(1023) Concurrent Mark Cycle 1138.340ms
[2025-08-01T01:08:19.043+0000] GC(1039) Pause Young (Prepare Mixed) (G1 Preventive Collection)
[2025-08-01T01:08:19.044+0000] GC(1039) Using 8 workers of 8 for evacuation
[2025-08-01T01:08:19.056+0000] GC(1039)   Pre Evacuate Collection Set: 0.9ms
[2025-08-01T01:08:19.057+0000] GC(1039)   Merge Heap Roots: 0.1ms
[2025-08-01T01:08:19.057+0000] GC(1039)   Evacuate Collection Set: 11.0ms
[2025-08-01T01:08:19.057+0000] GC(1039)   Post Evacuate Collection Set: 0.7ms
[2025-08-01T01:08:19.057+0000] GC(1039)   Other: 0.2ms
[2025-08-01T01:08:19.057+0000] GC(1039) Eden regions: 28->0(89)
[2025-08-01T01:08:19.057+0000] GC(1039) Survivor regions: 13->13(13)
[2025-08-01T01:08:19.057+0000] GC(1039) Old regions: 1959->1978
[2025-08-01T01:08:19.057+0000] GC(1039) Archive regions: 2->2
[2025-08-01T01:08:19.057+0000] GC(1039) Humongous regions: 0->0
[2025-08-01T01:08:19.057+0000] GC(1039) Metaspace: 10061K(10304K)->10061K(10304K) NonClass: 8835K(8960K)->8835K(8960K) Class: 1225K(1344K)->1225K(1344K)
[2025-08-01T01:08:19.057+0000] GC(1039) Pause Young (Prepare Mixed) (G1 Preventive Collection) 4000M->3983M(4096M) 13.174ms
[2025-08-01T01:08:19.057+0000] GC(1039) User=0.08s Sys=0.01s Real=0.01s
[2025-08-01T01:08:19.061+0000] GC(1040) Pause Young (Mixed) (G1 Preventive Collection)
[2025-08-01T01:08:19.061+0000] GC(1040) Using 8 workers of 8 for evacuation
[2025-08-01T01:08:19.077+0000] GC(1040)   Pre Evacuate Collection Set: 0.6ms
[2025-08-01T01:08:19.077+0000] GC(1040)   Merge Heap Roots: 0.3ms
[2025-08-01T01:08:19.077+0000] GC(1040)   Evacuate Collection Set: 13.0ms
[2025-08-01T01:08:19.077+0000] GC(1040)   Post Evacuate Collection Set: 2.1ms
[2025-08-01T01:08:19.077+0000] GC(1040)   Other: 0.3ms
[2025-08-01T01:08:19.077+0000] GC(1040) Eden regions: 19->0(89)
[2025-08-01T01:08:19.077+0000] GC(1040) Survivor regions: 13->13(13)
[2025-08-01T01:08:19.077+0000] GC(1040) Old regions: 1978->1991
[2025-08-01T01:08:19.077+0000] GC(1040) Archive regions: 2->2
[2025-08-01T01:08:19.077+0000] GC(1040) Humongous regions: 0->0
[2025-08-01T01:08:19.077+0000] GC(1040) Metaspace: 10061K(10304K)->10061K(10304K) NonClass: 8835K(8960K)->8835K(8960K) Class: 1225K(1344K)->1225K(1344K)
[2025-08-01T01:08:19.078+0000] GC(1040) Pause Young (Mixed) (G1 Preventive Collection) 4021M->4008M(4096M) 16.638ms
[2025-08-01T01:08:19.078+0000] GC(1040) User=0.10s Sys=0.00s Real=0.02s
[2025-08-01T01:08:19.080+0000] GC(1041) Pause Young (Concurrent Start) (G1 Preventive Collection)
[2025-08-01T01:08:19.080+0000] GC(1041) Using 8 workers of 8 for evacuation
[2025-08-01T01:08:19.093+0000] GC(1041)   Pre Evacuate Collection Set: 0.7ms
[2025-08-01T01:08:19.093+0000] GC(1041)   Merge Heap Roots: 0.2ms
[2025-08-01T01:08:19.093+0000] GC(1041)   Evacuate Collection Set: 9.4ms
[2025-08-01T01:08:19.093+0000] GC(1041)   Post Evacuate Collection Set: 2.0ms
[2025-08-01T01:08:19.093+0000] GC(1041)   Other: 0.4ms
[2025-08-01T01:08:19.093+0000] GC(1041) Eden regions: 13->0(89)
[2025-08-01T01:08:19.093+0000] GC(1041) Survivor regions: 13->13(13)
[2025-08-01T01:08:19.093+0000] GC(1041) Old regions: 1991->2007
[2025-08-01T01:08:19.093+0000] GC(1041) Archive regions: 2->2
[2025-08-01T01:08:19.093+0000] GC(1041) Humongous regions: 0->0
[2025-08-01T01:08:19.093+0000] GC(1041) Metaspace: 10061K(10304K)->10061K(10304K) NonClass: 8835K(8960K)->8835K(8960K) Class: 1225K(1344K)->1225K(1344K)
[2025-08-01T01:08:19.093+0000] GC(1041) Pause Young (Concurrent Start) (G1 Preventive Collection) 4034M->4040M(4096M) 12.849ms
[2025-08-01T01:08:19.093+0000] GC(1041) User=0.08s Sys=0.00s Real=0.02s
[2025-08-01T01:08:19.093+0000] GC(1042) Concurrent Mark Cycle
[2025-08-01T01:08:19.093+0000] GC(1042) Concurrent Clear Claimed Marks
[2025-08-01T01:08:19.093+0000] GC(1042) Concurrent Clear Claimed Marks 0.024ms
[2025-08-01T01:08:19.093+0000] GC(1042) Concurrent Scan Root Regions
[2025-08-01T01:08:19.098+0000] GC(1042) Concurrent Scan Root Regions 4.697ms
[2025-08-01T01:08:19.098+0000] GC(1042) Concurrent Mark
[2025-08-01T01:08:19.098+0000] GC(1042) Concurrent Mark From Roots
[2025-08-01T01:08:19.098+0000] GC(1042) Using 2 workers of 2 for marking
[2025-08-01T01:08:19.098+0000] GC(1043) Pause Young (Normal) (G1 Preventive Collection)
[2025-08-01T01:08:19.098+0000] GC(1043) Using 8 workers of 8 for evacuation
[2025-08-01T01:08:19.107+0000] GC(1043)   Pre Evacuate Collection Set: 4.1ms
[2025-08-01T01:08:19.107+0000] GC(1043)   Merge Heap Roots: 0.1ms
[2025-08-01T01:08:19.107+0000] GC(1043)   Evacuate Collection Set: 7.1ms
[2025-08-01T01:08:19.107+0000] GC(1043)   Post Evacuate Collection Set: 0.7ms
[2025-08-01T01:08:19.107+0000] GC(1043)   Other: 0.2ms
[2025-08-01T01:08:19.107+0000] GC(1043) Eden regions: 5->0(96)
[2025-08-01T01:08:19.107+0000] GC(1043) Survivor regions: 13->6(13)
[2025-08-01T01:08:19.107+0000] GC(1043) Old regions: 2007->2021
[2025-08-01T01:08:19.107+0000] GC(1043) Archive regions: 2->2
[2025-08-01T01:08:19.107+0000] GC(1043) Humongous regions: 0->0
[2025-08-01T01:08:19.107+0000] GC(1043) Metaspace: 10061K(10304K)->10061K(10304K) NonClass: 8835K(8960K)->8835K(8960K) Class: 1225K(1344K)->1225K(1344K)
[2025-08-01T01:08:19.107+0000] GC(1043) Pause Young (Normal) (G1 Preventive Collection) 4050M->4055M(4096M) 8.794ms
[2025-08-01T01:08:19.107+0000] GC(1043) User=0.05s Sys=0.00s Real=0.01s
[2025-08-01T01:08:19.108+0000] GC(1044) Pause Young (Normal) (G1 Preventive Collection)
[2025-08-01T01:08:19.108+0000] GC(1044) Using 8 workers of 8 for evacuation
[2025-08-01T01:08:19.115+0000] GC(1044)   Pre Evacuate Collection Set: 0.7ms
[2025-08-01T01:08:19.116+0000] GC(1044)   Merge Heap Roots: 0.2ms
[2025-08-01T01:08:19.116+0000] GC(1044)   Evacuate Collection Set: 5.8ms
[2025-08-01T01:08:19.116+0000] GC(1044)   Post Evacuate Collection Set: 0.5ms
[2025-08-01T01:08:19.116+0000] GC(1044)   Other: 0.2ms
[2025-08-01T01:08:19.116+0000] GC(1044) Eden regions: 5->0(91)
[2025-08-01T01:08:19.116+0000] GC(1044) Survivor regions: 6->11(13)
[2025-08-01T01:08:19.116+0000] GC(1044) Old regions: 2021->2021
[2025-08-01T01:08:19.116+0000] GC(1044) Archive regions: 2->2
[2025-08-01T01:08:19.116+0000] GC(1044) Humongous regions: 0->0
[2025-08-01T01:08:19.116+0000] GC(1044) Metaspace: 10061K(10304K)->10061K(10304K) NonClass: 8835K(8960K)->8835K(8960K) Class: 1225K(1344K)->1225K(1344K)
[2025-08-01T01:08:19.116+0000] GC(1044) Pause Young (Normal) (G1 Preventive Collection) 4065M->4064M(4096M) 7.568ms
[2025-08-01T01:08:19.116+0000] GC(1044) User=0.03s Sys=0.01s Real=0.01s
[2025-08-01T01:08:19.116+0000] GC(1045) Pause Young (Normal) (G1 Preventive Collection)
[2025-08-01T01:08:19.116+0000] GC(1045) Using 8 workers of 8 for evacuation
[2025-08-01T01:08:19.121+0000] GC(1045)   Pre Evacuate Collection Set: 0.4ms
[2025-08-01T01:08:19.122+0000] GC(1045)   Merge Heap Roots: 0.2ms
[2025-08-01T01:08:19.122+0000] GC(1045)   Evacuate Collection Set: 3.8ms
[2025-08-01T01:08:19.122+0000] GC(1045)   Post Evacuate Collection Set: 0.8ms
[2025-08-01T01:08:19.122+0000] GC(1045)   Other: 0.1ms
[2025-08-01T01:08:19.122+0000] GC(1045) Eden regions: 1->0(95)
[2025-08-01T01:08:19.122+0000] GC(1045) Survivor regions: 11->7(13)
[2025-08-01T01:08:19.122+0000] GC(1045) Old regions: 2021->2027
[2025-08-01T01:08:19.122+0000] GC(1045) Archive regions: 2->2
[2025-08-01T01:08:19.122+0000] GC(1045) Humongous regions: 0->0
[2025-08-01T01:08:19.122+0000] GC(1045) Metaspace: 10061K(10304K)->10061K(10304K) NonClass: 8835K(8960K)->8835K(8960K) Class: 1225K(1344K)->1225K(1344K)
[2025-08-01T01:08:19.122+0000] GC(1045) Pause Young (Normal) (G1 Preventive Collection) 4066M->4067M(4096M) 5.412ms
[2025-08-01T01:08:19.122+0000] GC(1045) User=0.02s Sys=0.00s Real=0.00s
[2025-08-01T01:08:19.123+0000] GC(1046) Pause Young (Normal) (G1 Preventive Collection)
[2025-08-01T01:08:19.123+0000] GC(1046) Using 8 workers of 8 for evacuation
[2025-08-01T01:08:19.129+0000] GC(1046)   Pre Evacuate Collection Set: 0.5ms
[2025-08-01T01:08:19.129+0000] GC(1046)   Merge Heap Roots: 0.4ms
[2025-08-01T01:08:19.129+0000] GC(1046)   Evacuate Collection Set: 4.3ms
[2025-08-01T01:08:19.129+0000] GC(1046)   Post Evacuate Collection Set: 1.0ms
[2025-08-01T01:08:19.129+0000] GC(1046)   Other: 0.1ms
[2025-08-01T01:08:19.129+0000] GC(1046) Eden regions: 2->0(93)
[2025-08-01T01:08:19.129+0000] GC(1046) Survivor regions: 7->9(10)
[2025-08-01T01:08:19.129+0000] GC(1046) Old regions: 2027->2027
[2025-08-01T01:08:19.129+0000] GC(1046) Archive regions: 2->2
[2025-08-01T01:08:19.129+0000] GC(1046) Humongous regions: 0->0
[2025-08-01T01:08:19.129+0000] GC(1046) Metaspace: 10061K(10304K)->10061K(10304K) NonClass: 8835K(8960K)->8835K(8960K) Class: 1225K(1344K)->1225K(1344K)
[2025-08-01T01:08:19.130+0000] GC(1046) Pause Young (Normal) (G1 Preventive Collection) 4071M->4071M(4096M) 6.629ms
[2025-08-01T01:08:19.130+0000] GC(1046) User=0.02s Sys=0.01s Real=0.00s
[2025-08-01T01:08:19.130+0000] GC(1047) Pause Young (Normal) (G1 Preventive Collection)
[2025-08-01T01:08:19.131+0000] GC(1047) Using 8 workers of 8 for evacuation
[2025-08-01T01:08:19.137+0000] GC(1047) To-space exhausted
[2025-08-01T01:08:19.137+0000] GC(1047)   Pre Evacuate Collection Set: 0.8ms
[2025-08-01T01:08:19.137+0000] GC(1047)   Merge Heap Roots: 0.2ms
[2025-08-01T01:08:19.137+0000] GC(1047)   Evacuate Collection Set: 4.7ms
[2025-08-01T01:08:19.137+0000] GC(1047)   Post Evacuate Collection Set: 1.1ms
[2025-08-01T01:08:19.137+0000] GC(1047)   Other: 0.2ms
[2025-08-01T01:08:19.138+0000] GC(1047) Eden regions: 1->0(97)
[2025-08-01T01:08:19.138+0000] GC(1047) Survivor regions: 9->5(9)
[2025-08-01T01:08:19.138+0000] GC(1047) Old regions: 2027->2035
[2025-08-01T01:08:19.138+0000] GC(1047) Archive regions: 2->2
[2025-08-01T01:08:19.138+0000] GC(1047) Humongous regions: 0->0
[2025-08-01T01:08:19.138+0000] GC(1047) Metaspace: 10061K(10304K)->10061K(10304K) NonClass: 8835K(8960K)->8835K(8960K) Class: 1225K(1344K)->1225K(1344K)
[2025-08-01T01:08:19.138+0000] GC(1047) Pause Young (Normal) (G1 Preventive Collection) 4073M->4081M(4096M) 7.124ms
[2025-08-01T01:08:19.138+0000] GC(1047) User=0.03s Sys=0.00s Real=0.01s
[2025-08-01T01:08:19.139+0000] GC(1048) Pause Young (Normal) (G1 Preventive Collection)
[2025-08-01T01:08:19.139+0000] GC(1048) Using 8 workers of 8 for evacuation
[2025-08-01T01:08:19.144+0000] GC(1048) To-space exhausted
[2025-08-01T01:08:19.144+0000] GC(1048)   Pre Evacuate Collection Set: 0.7ms
[2025-08-01T01:08:19.144+0000] GC(1048)   Merge Heap Roots: 1.2ms
[2025-08-01T01:08:19.144+0000] GC(1048)   Evacuate Collection Set: 2.7ms
[2025-08-01T01:08:19.144+0000] GC(1048)   Post Evacuate Collection Set: 0.9ms
[2025-08-01T01:08:19.144+0000] GC(1048)   Other: 0.2ms
[2025-08-01T01:08:19.144+0000] GC(1048) Eden regions: 1->0(97)
[2025-08-01T01:08:19.144+0000] GC(1048) Survivor regions: 5->5(5)
[2025-08-01T01:08:19.144+0000] GC(1048) Old regions: 2035->2037
[2025-08-01T01:08:19.144+0000] GC(1048) Archive regions: 2->2
[2025-08-01T01:08:19.144+0000] GC(1048) Humongous regions: 0->0
[2025-08-01T01:08:19.144+0000] GC(1048) Metaspace: 10061K(10304K)->10061K(10304K) NonClass: 8835K(8960K)->8835K(8960K) Class: 1225K(1344K)->1225K(1344K)
[2025-08-01T01:08:19.144+0000] GC(1048) Pause Young (Normal) (G1 Preventive Collection) 4083M->4085M(4096M) 5.898ms
[2025-08-01T01:08:19.144+0000] GC(1048) User=0.01s Sys=0.01s Real=0.01s
[2025-08-01T01:08:19.146+0000] GC(1049) Pause Young (Normal) (G1 Preventive Collection)
[2025-08-01T01:08:19.146+0000] GC(1049) Using 8 workers of 8 for evacuation
[2025-08-01T01:08:19.150+0000] GC(1049) To-space exhausted
[2025-08-01T01:08:19.150+0000] GC(1049)   Pre Evacuate Collection Set: 0.9ms
[2025-08-01T01:08:19.150+0000] GC(1049)   Merge Heap Roots: 0.2ms
[2025-08-01T01:08:19.150+0000] GC(1049)   Evacuate Collection Set: 1.9ms
[2025-08-01T01:08:19.150+0000] GC(1049)   Post Evacuate Collection Set: 1.2ms
[2025-08-01T01:08:19.150+0000] GC(1049)   Other: 0.2ms
[2025-08-01T01:08:19.150+0000] GC(1049) Eden regions: 1->0(99)
[2025-08-01T01:08:19.151+0000] GC(1049) Survivor regions: 5->3(3)
[2025-08-01T01:08:19.151+0000] GC(1049) Old regions: 2037->2042
[2025-08-01T01:08:19.151+0000] GC(1049) Archive regions: 2->2
[2025-08-01T01:08:19.151+0000] GC(1049) Humongous regions: 0->0
[2025-08-01T01:08:19.151+0000] GC(1049) Metaspace: 10061K(10304K)->10061K(10304K) NonClass: 8835K(8960K)->8835K(8960K) Class: 1225K(1344K)->1225K(1344K)
[2025-08-01T01:08:19.151+0000] GC(1049) Pause Young (Normal) (G1 Preventive Collection) 4087M->4091M(4096M) 4.529ms
[2025-08-01T01:08:19.151+0000] GC(1049) User=0.01s Sys=0.00s Real=0.00s
[2025-08-01T01:08:19.151+0000] GC(1050) Pause Young (Normal) (G1 Evacuation Pause)
[2025-08-01T01:08:19.151+0000] GC(1050) Using 8 workers of 8 for evacuation
[2025-08-01T01:08:19.155+0000] GC(1050) To-space exhausted
[2025-08-01T01:08:19.155+0000] GC(1050)   Pre Evacuate Collection Set: 0.4ms
[2025-08-01T01:08:19.155+0000] GC(1050)   Merge Heap Roots: 0.3ms
[2025-08-01T01:08:19.155+0000] GC(1050)   Evacuate Collection Set: 2.1ms
[2025-08-01T01:08:19.155+0000] GC(1050)   Post Evacuate Collection Set: 0.9ms
[2025-08-01T01:08:19.155+0000] GC(1050)   Other: 0.2ms
[2025-08-01T01:08:19.155+0000] GC(1050) Eden regions: 1->0(102)
[2025-08-01T01:08:19.155+0000] GC(1050) Survivor regions: 3->0(0)
[2025-08-01T01:08:19.155+0000] GC(1050) Old regions: 2042->2046
[2025-08-01T01:08:19.155+0000] GC(1050) Archive regions: 2->2
[2025-08-01T01:08:19.155+0000] GC(1050) Humongous regions: 0->0
[2025-08-01T01:08:19.155+0000] GC(1050) Metaspace: 10061K(10304K)->10061K(10304K) NonClass: 8835K(8960K)->8835K(8960K) Class: 1225K(1344K)->1225K(1344K)
[2025-08-01T01:08:19.155+0000] GC(1050) Pause Young (Normal) (G1 Evacuation Pause) 4093M->4093M(4096M) 3.994ms
[2025-08-01T01:08:19.155+0000] GC(1050) User=0.01s Sys=0.00s Real=0.01s
[2025-08-01T01:08:19.155+0000] Attempting full compaction
[2025-08-01T01:08:19.155+0000] GC(1051) Pause Full (G1 Compaction Pause)
[2025-08-01T01:08:19.155+0000] GC(1051) Using 8 workers of 8 for full compaction
[2025-08-01T01:08:19.161+0000] GC(1051) Phase 1: Mark live objects
[2025-08-01T01:08:19.197+0000] GC(1051) Phase 1: Mark live objects 36.442ms
[2025-08-01T01:08:19.197+0000] GC(1051) Phase 2: Prepare for compaction
[2025-08-01T01:08:19.212+0000] GC(1051) Phase 2: Prepare for compaction 14.572ms
[2025-08-01T01:08:19.212+0000] GC(1051) Phase 3: Adjust pointers
[2025-08-01T01:08:19.239+0000] GC(1051) Phase 3: Adjust pointers 26.829ms
[2025-08-01T01:08:19.239+0000] GC(1051) Phase 4: Compact heap
[2025-08-01T01:08:19.285+0000] GC(1051) Phase 4: Compact heap 46.348ms
[2025-08-01T01:08:19.292+0000] GC(1051) Eden regions: 0->0(482)
[2025-08-01T01:08:19.292+0000] GC(1051) Survivor regions: 0->0(0)
[2025-08-01T01:08:19.292+0000] GC(1051) Old regions: 2046->295
[2025-08-01T01:08:19.292+0000] GC(1051) Archive regions: 2->2
[2025-08-01T01:08:19.292+0000] GC(1051) Humongous regions: 0->0
[2025-08-01T01:08:19.292+0000] GC(1051) Metaspace: 10061K(10304K)->10061K(10304K) NonClass: 8835K(8960K)->8835K(8960K) Class: 1225K(1344K)->1225K(1344K)
[2025-08-01T01:08:19.292+0000] GC(1051) Pause Full (G1 Compaction Pause) 4093M->579M(4096M) 136.914ms
[2025-08-01T01:08:19.292+0000] GC(1051) User=0.99s Sys=0.00s Real=0.13s
[2025-08-01T01:08:19.293+0000] GC(1042) Concurrent Mark From Roots 194.574ms
[2025-08-01T01:08:19.293+0000] GC(1042) Concurrent Mark Abort
[2025-08-01T01:08:19.293+0000] GC(1042) Concurrent Mark Cycle 199.484ms
[2025-08-01T01:08:19.491+0000] GC(1052) Pause Young (Normal) (G1 Evacuation Pause)
[2025-08-01T01:08:19.491+0000] GC(1052) Using 8 workers of 8 for evacuation
[2025-08-01T01:08:20.035+0000] GC(1052) MMU target violated: 201.0ms (200.0ms/201.0ms)
[2025-08-01T01:08:20.035+0000] GC(1052)   Pre Evacuate Collection Set: 0.7ms
[2025-08-01T01:08:20.035+0000] GC(1052)   Merge Heap Roots: 0.3ms
[2025-08-01T01:08:20.035+0000] GC(1052)   Evacuate Collection Set: 540.9ms
[2025-08-01T01:08:20.035+0000] GC(1052)   Post Evacuate Collection Set: 1.1ms
[2025-08-01T01:08:20.035+0000] GC(1052)   Other: 0.3ms
[2025-08-01T01:08:20.035+0000] GC(1052) Eden regions: 482->0(210)
[2025-08-01T01:08:20.035+0000] GC(1052) Survivor regions: 0->61(61)
[2025-08-01T01:08:20.035+0000] GC(1052) Old regions: 295->595
[2025-08-01T01:08:20.035+0000] GC(1052) Archive regions: 2->2
[2025-08-01T01:08:20.035+0000] GC(1052) Humongous regions: 0->0
[2025-08-01T01:08:20.035+0000] GC(1052) Metaspace: 10061K(10304K)->10061K(10304K) NonClass: 8835K(8960K)->8835K(8960K) Class: 1225K(1344K)->1225K(1344K)
[2025-08-01T01:08:20.035+0000] GC(1052) Pause Young (Normal) (G1 Evacuation Pause) 1543M->1301M(4096M) 543.429ms
[2025-08-01T01:08:20.035+0000] GC(1052) User=2.12s Sys=0.94s Real=0.55s
[2025-08-01T01:08:20.118+0000] GC(1053) Pause Young (Concurrent Start) (G1 Evacuation Pause)
[2025-08-01T01:08:20.118+0000] GC(1053) Using 8 workers of 8 for evacuation
[2025-08-01T01:08:20.181+0000] GC(1053)   Pre Evacuate Collection Set: 0.9ms
[2025-08-01T01:08:20.181+0000] GC(1053)   Merge Heap Roots: 0.8ms
[2025-08-01T01:08:20.181+0000] GC(1053)   Evacuate Collection Set: 59.9ms
[2025-08-01T01:08:20.181+0000] GC(1053)   Post Evacuate Collection Set: 1.5ms
[2025-08-01T01:08:20.181+0000] GC(1053)   Other: 0.4ms
[2025-08-01T01:08:20.181+0000] GC(1053) Eden regions: 210->0(350)
[2025-08-01T01:08:20.181+0000] GC(1053) Survivor regions: 61->34(34)
[2025-08-01T01:08:20.181+0000] GC(1053) Old regions: 595->745
[2025-08-01T01:08:20.181+0000] GC(1053) Archive regions: 2->2
[2025-08-01T01:08:20.181+0000] GC(1053) Humongous regions: 0->0
[2025-08-01T01:08:20.181+0000] GC(1053) Metaspace: 10061K(10304K)->10061K(10304K) NonClass: 8835K(8960K)->8835K(8960K) Class: 1225K(1344K)->1225K(1344K)
[2025-08-01T01:08:20.181+0000] GC(1053) Pause Young (Concurrent Start) (G1 Evacuation Pause) 1721M->1546M(4096M) 63.542ms
[2025-08-01T01:08:20.182+0000] GC(1053) User=0.45s Sys=0.01s Real=0.06s
[2025-08-01T01:08:20.182+0000] GC(1054) Concurrent Mark Cycle
[2025-08-01T01:08:20.182+0000] GC(1054) Concurrent Clear Claimed Marks
[2025-08-01T01:08:20.182+0000] GC(1054) Concurrent Clear Claimed Marks 0.037ms
[2025-08-01T01:08:20.182+0000] GC(1054) Concurrent Scan Root Regions
[2025-08-01T01:08:20.224+0000] GC(1054) Concurrent Scan Root Regions 42.135ms
[2025-08-01T01:08:20.224+0000] GC(1054) Concurrent Mark
[2025-08-01T01:08:20.224+0000] GC(1054) Concurrent Mark From Roots
[2025-08-01T01:08:20.224+0000] GC(1054) Using 2 workers of 2 for marking
[2025-08-01T01:08:20.286+0000] GC(1054) Concurrent Mark From Roots 62.284ms
[2025-08-01T01:08:20.286+0000] GC(1054) Concurrent Preclean
[2025-08-01T01:08:20.287+0000] GC(1054) Concurrent Preclean 0.390ms
[2025-08-01T01:08:20.287+0000] GC(1054) Pause Remark
[2025-08-01T01:08:20.290+0000] GC(1054) Pause Remark 2126M->1654M(4096M) 3.172ms
[2025-08-01T01:08:20.290+0000] GC(1054) User=0.01s Sys=0.00s Real=0.00s
[2025-08-01T01:08:20.290+0000] GC(1054) Concurrent Mark 66.341ms
[2025-08-01T01:08:20.290+0000] GC(1054) Concurrent Rebuild Remembered Sets
[2025-08-01T01:08:20.333+0000] GC(1055) Pause Young (Normal) (G1 Evacuation Pause)
[2025-08-01T01:08:20.333+0000] GC(1055) Using 8 workers of 8 for evacuation
[2025-08-01T01:08:20.448+0000] GC(1055)   Pre Evacuate Collection Set: 0.7ms
[2025-08-01T01:08:20.448+0000] GC(1055)   Merge Heap Roots: 0.4ms
[2025-08-01T01:08:20.448+0000] GC(1055)   Evacuate Collection Set: 113.0ms
[2025-08-01T01:08:20.448+0000] GC(1055)   Post Evacuate Collection Set: 1.3ms
[2025-08-01T01:08:20.448+0000] GC(1055)   Other: 0.2ms
[2025-08-01T01:08:20.448+0000] GC(1055) Eden regions: 350->0(325)
[2025-08-01T01:08:20.448+0000] GC(1055) Survivor regions: 34->48(48)
[2025-08-01T01:08:20.448+0000] GC(1055) Old regions: 504->796
[2025-08-01T01:08:20.448+0000] GC(1055) Archive regions: 2->2
[2025-08-01T01:08:20.448+0000] GC(1055) Humongous regions: 0->0
[2025-08-01T01:08:20.448+0000] GC(1055) Metaspace: 10061K(10304K)->10061K(10304K) NonClass: 8835K(8960K)->8835K(8960K) Class: 1225K(1344K)->1225K(1344K)
[2025-08-01T01:08:20.448+0000] GC(1055) Pause Young (Normal) (G1 Evacuation Pause) 1774M->1686M(4096M) 115.724ms
[2025-08-01T01:08:20.448+0000] GC(1055) User=0.85s Sys=0.02s Real=0.12s
[2025-08-01T01:08:20.495+0000] GC(1054) Concurrent Rebuild Remembered Sets 204.889ms
[2025-08-01T01:08:20.496+0000] GC(1054) Pause Cleanup
[2025-08-01T01:08:20.496+0000] GC(1054) Pause Cleanup 2034M->2034M(4096M) 0.837ms
[2025-08-01T01:08:20.496+0000] GC(1054) User=0.00s Sys=0.00s Real=0.00s
[2025-08-01T01:08:20.497+0000] GC(1054) Concurrent Cleanup for Next Mark
[2025-08-01T01:08:20.505+0000] GC(1054) Concurrent Cleanup for Next Mark 8.051ms
[2025-08-01T01:08:20.505+0000] GC(1054) Concurrent Mark Cycle 323.054ms
[2025-08-01T01:08:20.556+0000] GC(1056) Pause Young (Prepare Mixed) (G1 Evacuation Pause)
[2025-08-01T01:08:20.556+0000] GC(1056) Using 8 workers of 8 for evacuation
[2025-08-01T01:08:20.708+0000] GC(1056)   Pre Evacuate Collection Set: 0.7ms
[2025-08-01T01:08:20.708+0000] GC(1056)   Merge Heap Roots: 0.3ms
[2025-08-01T01:08:20.708+0000] GC(1056)   Evacuate Collection Set: 149.7ms
[2025-08-01T01:08:20.708+0000] GC(1056)   Post Evacuate Collection Set: 1.0ms
[2025-08-01T01:08:20.708+0000] GC(1056)   Other: 0.2ms
[2025-08-01T01:08:20.708+0000] GC(1056) Eden regions: 325->0(55)
[2025-08-01T01:08:20.708+0000] GC(1056) Survivor regions: 48->47(47)
[2025-08-01T01:08:20.708+0000] GC(1056) Old regions: 796->1123
[2025-08-01T01:08:20.708+0000] GC(1056) Archive regions: 2->2
[2025-08-01T01:08:20.708+0000] GC(1056) Humongous regions: 0->0
[2025-08-01T01:08:20.708+0000] GC(1056) Metaspace: 10061K(10304K)->10061K(10304K) NonClass: 8835K(8960K)->8835K(8960K) Class: 1225K(1344K)->1225K(1344K)
[2025-08-01T01:08:20.708+0000] GC(1056) Pause Young (Prepare Mixed) (G1 Evacuation Pause) 2336M->2339M(4096M) 152.064ms
[2025-08-01T01:08:20.708+0000] GC(1056) User=1.18s Sys=0.02s Real=0.15s
[2025-08-01T01:08:20.767+0000] GC(1057) Pause Young (Mixed) (G1 Evacuation Pause)
[2025-08-01T01:08:20.768+0000] GC(1057) Using 8 workers of 8 for evacuation
[2025-08-01T01:08:20.798+0000] GC(1057)   Pre Evacuate Collection Set: 0.6ms
[2025-08-01T01:08:20.798+0000] GC(1057)   Merge Heap Roots: 0.3ms
[2025-08-01T01:08:20.798+0000] GC(1057)   Evacuate Collection Set: 28.5ms
[2025-08-01T01:08:20.798+0000] GC(1057)   Post Evacuate Collection Set: 1.1ms
[2025-08-01T01:08:20.798+0000] GC(1057)   Other: 0.2ms
[2025-08-01T01:08:20.798+0000] GC(1057) Eden regions: 55->0(256)
[2025-08-01T01:08:20.798+0000] GC(1057) Survivor regions: 47->13(13)
[2025-08-01T01:08:20.798+0000] GC(1057) Old regions: 1123->1018
[2025-08-01T01:08:20.798+0000] GC(1057) Archive regions: 2->2
[2025-08-01T01:08:20.798+0000] GC(1057) Humongous regions: 0->0
[2025-08-01T01:08:20.798+0000] GC(1057) Metaspace: 10061K(10304K)->10061K(10304K) NonClass: 8835K(8960K)->8835K(8960K) Class: 1225K(1344K)->1225K(1344K)
[2025-08-01T01:08:20.798+0000] GC(1057) Pause Young (Mixed) (G1 Evacuation Pause) 2449M->2062M(4096M) 30.959ms
[2025-08-01T01:08:20.798+0000] GC(1057) User=0.21s Sys=0.01s Real=0.03s
[2025-08-01T01:08:20.890+0000] GC(1058) Pause Young (Concurrent Start) (G1 Evacuation Pause)
[2025-08-01T01:08:20.891+0000] GC(1058) Using 8 workers of 8 for evacuation
[2025-08-01T01:08:21.023+0000] GC(1058)   Pre Evacuate Collection Set: 0.5ms
[2025-08-01T01:08:21.023+0000] GC(1058)   Merge Heap Roots: 0.2ms
[2025-08-01T01:08:21.023+0000] GC(1058)   Evacuate Collection Set: 129.7ms
[2025-08-01T01:08:21.023+0000] GC(1058)   Post Evacuate Collection Set: 1.6ms
[2025-08-01T01:08:21.023+0000] GC(1058)   Other: 0.3ms
[2025-08-01T01:08:21.023+0000] GC(1058) Eden regions: 256->0(185)
[2025-08-01T01:08:21.023+0000] GC(1058) Survivor regions: 13->34(34)
[2025-08-01T01:08:21.023+0000] GC(1058) Old regions: 1018->1218
[2025-08-01T01:08:21.023+0000] GC(1058) Archive regions: 2->2
[2025-08-01T01:08:21.023+0000] GC(1058) Humongous regions: 0->0
[2025-08-01T01:08:21.023+0000] GC(1058) Metaspace: 10061K(10304K)->10061K(10304K) NonClass: 8835K(8960K)->8835K(8960K) Class: 1225K(1344K)->1225K(1344K)
[2025-08-01T01:08:21.023+0000] GC(1058) Pause Young (Concurrent Start) (G1 Evacuation Pause) 2574M->2504M(4096M) 133.003ms
[2025-08-01T01:08:21.024+0000] GC(1058) User=0.97s Sys=0.05s Real=0.14s
[2025-08-01T01:08:21.024+0000] GC(1059) Concurrent Mark Cycle
[2025-08-01T01:08:21.024+0000] GC(1059) Concurrent Clear Claimed Marks
[2025-08-01T01:08:21.024+0000] GC(1059) Concurrent Clear Claimed Marks 0.033ms
[2025-08-01T01:08:21.024+0000] GC(1059) Concurrent Scan Root Regions
[2025-08-01T01:08:21.069+0000] GC(1059) Concurrent Scan Root Regions 45.068ms
[2025-08-01T01:08:21.069+0000] GC(1059) Concurrent Mark
[2025-08-01T01:08:21.069+0000] GC(1059) Concurrent Mark From Roots
[2025-08-01T01:08:21.069+0000] GC(1059) Using 2 workers of 2 for marking
[2025-08-01T01:08:21.114+0000] GC(1060) Pause Young (Normal) (G1 Evacuation Pause)
[2025-08-01T01:08:21.114+0000] GC(1060) Using 8 workers of 8 for evacuation
[2025-08-01T01:08:21.177+0000] GC(1060)   Pre Evacuate Collection Set: 0.3ms
[2025-08-01T01:08:21.177+0000] GC(1060)   Merge Heap Roots: 0.3ms
[2025-08-01T01:08:21.177+0000] GC(1060)   Evacuate Collection Set: 60.7ms
[2025-08-01T01:08:21.177+0000] GC(1060)   Post Evacuate Collection Set: 1.2ms
[2025-08-01T01:08:21.177+0000] GC(1060)   Other: 0.2ms
[2025-08-01T01:08:21.177+0000] GC(1060) Eden regions: 185->0(134)
[2025-08-01T01:08:21.177+0000] GC(1060) Survivor regions: 34->28(28)
[2025-08-01T01:08:21.177+0000] GC(1060) Old regions: 1218->1383
[2025-08-01T01:08:21.177+0000] GC(1060) Archive regions: 2->2
[2025-08-01T01:08:21.177+0000] GC(1060) Humongous regions: 0->0
[2025-08-01T01:08:21.177+0000] GC(1060) Metaspace: 10061K(10304K)->10061K(10304K) NonClass: 8835K(8960K)->8835K(8960K) Class: 1225K(1344K)->1225K(1344K)
[2025-08-01T01:08:21.177+0000] GC(1060) Pause Young (Normal) (G1 Evacuation Pause) 2874M->2822M(4096M) 62.945ms
[2025-08-01T01:08:21.177+0000] GC(1060) User=0.47s Sys=0.01s Real=0.06s
[2025-08-01T01:08:21.197+0000] GC(1059) Concurrent Mark From Roots 128.066ms
[2025-08-01T01:08:21.197+0000] GC(1059) Concurrent Preclean
[2025-08-01T01:08:21.197+0000] GC(1059) Concurrent Preclean 0.308ms
[2025-08-01T01:08:21.197+0000] GC(1059) Pause Remark
[2025-08-01T01:08:21.201+0000] GC(1059) Pause Remark 2972M->1528M(4096M) 3.486ms
[2025-08-01T01:08:21.201+0000] GC(1059) User=0.01s Sys=0.00s Real=0.00s
[2025-08-01T01:08:21.201+0000] GC(1059) Concurrent Mark 132.362ms
[2025-08-01T01:08:21.201+0000] GC(1059) Concurrent Rebuild Remembered Sets
[2025-08-01T01:08:21.250+0000] GC(1061) Pause Young (Normal) (G1 Evacuation Pause)
[2025-08-01T01:08:21.250+0000] GC(1061) Using 8 workers of 8 for evacuation
[2025-08-01T01:08:21.302+0000] GC(1061)   Pre Evacuate Collection Set: 0.5ms
[2025-08-01T01:08:21.302+0000] GC(1061)   Merge Heap Roots: 0.2ms
[2025-08-01T01:08:21.302+0000] GC(1061)   Evacuate Collection Set: 50.0ms
[2025-08-01T01:08:21.302+0000] GC(1061)   Post Evacuate Collection Set: 1.6ms
[2025-08-01T01:08:21.302+0000] GC(1061)   Other: 0.3ms
[2025-08-01T01:08:21.302+0000] GC(1061) Eden regions: 134->0(325)
[2025-08-01T01:08:21.303+0000] GC(1061) Survivor regions: 28->21(21)
[2025-08-01T01:08:21.303+0000] GC(1061) Old regions: 661->803
[2025-08-01T01:08:21.303+0000] GC(1061) Archive regions: 2->2
[2025-08-01T01:08:21.303+0000] GC(1061) Humongous regions: 0->0
[2025-08-01T01:08:21.303+0000] GC(1061) Metaspace: 10061K(10304K)->10061K(10304K) NonClass: 8835K(8960K)->8835K(8960K) Class: 1225K(1344K)->1225K(1344K)
[2025-08-01T01:08:21.303+0000] GC(1061) Pause Young (Normal) (G1 Evacuation Pause) 1646M->1649M(4096M) 52.703ms
[2025-08-01T01:08:21.303+0000] GC(1061) User=0.39s Sys=0.00s Real=0.05s
[2025-08-01T01:08:21.400+0000] GC(1059) Concurrent Rebuild Remembered Sets 198.439ms
[2025-08-01T01:08:21.400+0000] GC(1059) Pause Cleanup
[2025-08-01T01:08:21.401+0000] GC(1059) Pause Cleanup 2193M->2193M(4096M) 1.140ms
[2025-08-01T01:08:21.401+0000] GC(1059) User=0.00s Sys=0.00s Real=0.00s
[2025-08-01T01:08:21.401+0000] GC(1059) Concurrent Cleanup for Next Mark
[2025-08-01T01:08:21.412+0000] GC(1059) Concurrent Cleanup for Next Mark 10.541ms
[2025-08-01T01:08:21.412+0000] GC(1059) Concurrent Mark Cycle 388.424ms
[2025-08-01T01:08:21.454+0000] GC(1062) Pause Young (Prepare Mixed) (G1 Evacuation Pause)
[2025-08-01T01:08:21.454+0000] GC(1062) Using 8 workers of 8 for evacuation
[2025-08-01T01:08:21.517+0000] GC(1062)   Pre Evacuate Collection Set: 0.6ms
[2025-08-01T01:08:21.517+0000] GC(1062)   Merge Heap Roots: 0.2ms
[2025-08-01T01:08:21.517+0000] GC(1062)   Evacuate Collection Set: 60.6ms
[2025-08-01T01:08:21.517+0000] GC(1062)   Post Evacuate Collection Set: 1.0ms
[2025-08-01T01:08:21.517+0000] GC(1062)   Other: 0.2ms
[2025-08-01T01:08:21.517+0000] GC(1062) Eden regions: 325->0(58)
[2025-08-01T01:08:21.517+0000] GC(1062) Survivor regions: 21->44(44)
[2025-08-01T01:08:21.517+0000] GC(1062) Old regions: 803->929
[2025-08-01T01:08:21.517+0000] GC(1062) Archive regions: 2->2
[2025-08-01T01:08:21.517+0000] GC(1062) Humongous regions: 0->0
[2025-08-01T01:08:21.517+0000] GC(1062) Metaspace: 10061K(10304K)->10061K(10304K) NonClass: 8835K(8960K)->8835K(8960K) Class: 1225K(1344K)->1225K(1344K)
[2025-08-01T01:08:21.517+0000] GC(1062) Pause Young (Prepare Mixed) (G1 Evacuation Pause) 2299M->1947M(4096M) 62.775ms
[2025-08-01T01:08:21.517+0000] GC(1062) User=0.47s Sys=0.02s Real=0.06s
[2025-08-01T01:08:21.529+0000] GC(1063) Pause Young (Mixed) (G1 Evacuation Pause)
[2025-08-01T01:08:21.529+0000] GC(1063) Using 8 workers of 8 for evacuation
[2025-08-01T01:08:21.559+0000] GC(1063)   Pre Evacuate Collection Set: 0.5ms
[2025-08-01T01:08:21.559+0000] GC(1063)   Merge Heap Roots: 0.4ms
[2025-08-01T01:08:21.559+0000] GC(1063)   Evacuate Collection Set: 28.7ms
[2025-08-01T01:08:21.559+0000] GC(1063)   Post Evacuate Collection Set: 0.9ms
[2025-08-01T01:08:21.559+0000] GC(1063)   Other: 0.2ms
[2025-08-01T01:08:21.559+0000] GC(1063) Eden regions: 58->0(284)
[2025-08-01T01:08:21.559+0000] GC(1063) Survivor regions: 44->13(13)
[2025-08-01T01:08:21.560+0000] GC(1063) Old regions: 929->973
[2025-08-01T01:08:21.560+0000] GC(1063) Archive regions: 2->2
[2025-08-01T01:08:21.560+0000] GC(1063) Humongous regions: 0->0
[2025-08-01T01:08:21.560+0000] GC(1063) Metaspace: 10061K(10304K)->10061K(10304K) NonClass: 8835K(8960K)->8835K(8960K) Class: 1225K(1344K)->1225K(1344K)
[2025-08-01T01:08:21.560+0000] GC(1063) Pause Young (Mixed) (G1 Evacuation Pause) 2063M->1972M(4096M) 31.022ms
[2025-08-01T01:08:21.560+0000] GC(1063) User=0.23s Sys=0.00s Real=0.03s
[2025-08-01T01:08:21.700+0000] GC(1064) Pause Young (Concurrent Start) (G1 Evacuation Pause)
[2025-08-01T01:08:21.700+0000] GC(1064) Using 8 workers of 8 for evacuation
[2025-08-01T01:08:21.815+0000] GC(1064)   Pre Evacuate Collection Set: 0.7ms
[2025-08-01T01:08:21.815+0000] GC(1064)   Merge Heap Roots: 0.4ms
[2025-08-01T01:08:21.815+0000] GC(1064)   Evacuate Collection Set: 112.3ms
[2025-08-01T01:08:21.815+0000] GC(1064)   Post Evacuate Collection Set: 1.7ms
[2025-08-01T01:08:21.815+0000] GC(1064)   Other: 0.6ms
[2025-08-01T01:08:21.815+0000] GC(1064) Eden regions: 284->0(218)
[2025-08-01T01:08:21.815+0000] GC(1064) Survivor regions: 13->38(38)
[2025-08-01T01:08:21.815+0000] GC(1064) Old regions: 973->1148
[2025-08-01T01:08:21.815+0000] GC(1064) Archive regions: 2->2
[2025-08-01T01:08:21.815+0000] GC(1064) Humongous regions: 0->0
[2025-08-01T01:08:21.815+0000] GC(1064) Metaspace: 10061K(10304K)->10061K(10304K) NonClass: 8835K(8960K)->8835K(8960K) Class: 1225K(1344K)->1225K(1344K)
[2025-08-01T01:08:21.816+0000] GC(1064) Pause Young (Concurrent Start) (G1 Evacuation Pause) 2540M->2373M(4096M) 115.951ms
[2025-08-01T01:08:21.816+0000] GC(1064) User=0.86s Sys=0.02s Real=0.12s
[2025-08-01T01:08:21.816+0000] GC(1065) Concurrent Mark Cycle
[2025-08-01T01:08:21.816+0000] GC(1065) Concurrent Clear Claimed Marks
[2025-08-01T01:08:21.816+0000] GC(1065) Concurrent Clear Claimed Marks 0.420ms
[2025-08-01T01:08:21.816+0000] GC(1065) Concurrent Scan Root Regions
[2025-08-01T01:08:21.894+0000] GC(1065) Concurrent Scan Root Regions 77.614ms
[2025-08-01T01:08:21.894+0000] GC(1065) Concurrent Mark
[2025-08-01T01:08:21.894+0000] GC(1065) Concurrent Mark From Roots
[2025-08-01T01:08:21.894+0000] GC(1065) Using 2 workers of 2 for marking
[2025-08-01T01:08:21.916+0000] GC(1065) Concurrent Mark From Roots 22.279ms
[2025-08-01T01:08:21.916+0000] GC(1065) Concurrent Preclean
[2025-08-01T01:08:21.917+0000] GC(1065) Concurrent Preclean 0.339ms
[2025-08-01T01:08:21.917+0000] GC(1065) Pause Remark
[2025-08-01T01:08:21.920+0000] GC(1065) Pause Remark 2733M->919M(4096M) 3.364ms
[2025-08-01T01:08:21.920+0000] GC(1065) User=0.02s Sys=0.00s Real=0.00s
[2025-08-01T01:08:21.920+0000] GC(1065) Concurrent Mark 26.513ms
[2025-08-01T01:08:21.920+0000] GC(1065) Concurrent Rebuild Remembered Sets
[2025-08-01T01:08:21.941+0000] GC(1066) Pause Young (Normal) (G1 Evacuation Pause)
[2025-08-01T01:08:21.941+0000] GC(1066) Using 8 workers of 8 for evacuation
[2025-08-01T01:08:22.033+0000] GC(1066)   Pre Evacuate Collection Set: 0.6ms
[2025-08-01T01:08:22.033+0000] GC(1066)   Merge Heap Roots: 0.5ms
[2025-08-01T01:08:22.033+0000] GC(1066)   Evacuate Collection Set: 90.3ms
[2025-08-01T01:08:22.033+0000] GC(1066)   Post Evacuate Collection Set: 1.1ms
[2025-08-01T01:08:22.033+0000] GC(1066)   Other: 0.2ms
[2025-08-01T01:08:22.033+0000] GC(1066) Eden regions: 218->0(456)
[2025-08-01T01:08:22.033+0000] GC(1066) Survivor regions: 38->32(32)
[2025-08-01T01:08:22.033+0000] GC(1066) Old regions: 241->467
[2025-08-01T01:08:22.033+0000] GC(1066) Archive regions: 2->2
[2025-08-01T01:08:22.033+0000] GC(1066) Humongous regions: 0->0
[2025-08-01T01:08:22.033+0000] GC(1066) Metaspace: 10061K(10304K)->10061K(10304K) NonClass: 8835K(8960K)->8835K(8960K) Class: 1225K(1344K)->1225K(1344K)
[2025-08-01T01:08:22.034+0000] GC(1066) Pause Young (Normal) (G1 Evacuation Pause) 995M->999M(4096M) 92.903ms
[2025-08-01T01:08:22.034+0000] GC(1066) User=0.69s Sys=0.02s Real=0.10s
[2025-08-01T01:08:22.084+0000] GC(1065) Concurrent Rebuild Remembered Sets 163.229ms
[2025-08-01T01:08:22.084+0000] GC(1065) Pause Cleanup
[2025-08-01T01:08:22.085+0000] GC(1065) Pause Cleanup 1283M->1283M(4096M) 0.694ms
[2025-08-01T01:08:22.085+0000] GC(1065) User=0.00s Sys=0.00s Real=0.00s
[2025-08-01T01:08:22.085+0000] GC(1065) Concurrent Cleanup for Next Mark
[2025-08-01T01:08:22.093+0000] GC(1065) Concurrent Cleanup for Next Mark 8.602ms
[2025-08-01T01:08:22.093+0000] GC(1065) Concurrent Mark Cycle 277.724ms
[2025-08-01T01:08:22.220+0000] GC(1067) Pause Young (Prepare Mixed) (G1 Evacuation Pause)
[2025-08-01T01:08:22.220+0000] GC(1067) Using 8 workers of 8 for evacuation
[2025-08-01T01:08:22.333+0000] GC(1067)   Pre Evacuate Collection Set: 1.0ms
[2025-08-01T01:08:22.333+0000] GC(1067)   Merge Heap Roots: 0.3ms
[2025-08-01T01:08:22.333+0000] GC(1067)   Evacuate Collection Set: 110.1ms
[2025-08-01T01:08:22.333+0000] GC(1067)   Post Evacuate Collection Set: 1.2ms
[2025-08-01T01:08:22.333+0000] GC(1067)   Other: 0.6ms
[2025-08-01T01:08:22.333+0000] GC(1067) Eden regions: 456->0(41)
[2025-08-01T01:08:22.333+0000] GC(1067) Survivor regions: 32->61(61)
[2025-08-01T01:08:22.333+0000] GC(1067) Old regions: 467->727
[2025-08-01T01:08:22.333+0000] GC(1067) Archive regions: 2->2
[2025-08-01T01:08:22.333+0000] GC(1067) Humongous regions: 0->0
[2025-08-01T01:08:22.333+0000] GC(1067) Metaspace: 10061K(10304K)->10061K(10304K) NonClass: 8835K(8960K)->8835K(8960K) Class: 1225K(1344K)->1225K(1344K)
[2025-08-01T01:08:22.333+0000] GC(1067) Pause Young (Prepare Mixed) (G1 Evacuation Pause) 1911M->1577M(4096M) 113.011ms
[2025-08-01T01:08:22.333+0000] GC(1067) User=0.81s Sys=0.03s Real=0.12s
[2025-08-01T01:08:22.342+0000] GC(1068) Pause Young (Mixed) (G1 Evacuation Pause)
[2025-08-01T01:08:22.342+0000] GC(1068) Using 8 workers of 8 for evacuation
[2025-08-01T01:08:22.373+0000] GC(1068)   Pre Evacuate Collection Set: 0.5ms
[2025-08-01T01:08:22.373+0000] GC(1068)   Merge Heap Roots: 0.1ms
[2025-08-01T01:08:22.373+0000] GC(1068)   Evacuate Collection Set: 29.1ms
[2025-08-01T01:08:22.373+0000] GC(1068)   Post Evacuate Collection Set: 0.8ms
[2025-08-01T01:08:22.373+0000] GC(1068)   Other: 0.2ms
[2025-08-01T01:08:22.373+0000] GC(1068) Eden regions: 41->0(347)
[2025-08-01T01:08:22.373+0000] GC(1068) Survivor regions: 61->13(13)
[2025-08-01T01:08:22.373+0000] GC(1068) Old regions: 727->812
[2025-08-01T01:08:22.373+0000] GC(1068) Archive regions: 2->2
[2025-08-01T01:08:22.373+0000] GC(1068) Humongous regions: 0->0
[2025-08-01T01:08:22.373+0000] GC(1068) Metaspace: 10061K(10304K)->10061K(10304K) NonClass: 8835K(8960K)->8835K(8960K) Class: 1225K(1344K)->1225K(1344K)
[2025-08-01T01:08:22.373+0000] GC(1068) Pause Young (Mixed) (G1 Evacuation Pause) 1659M->1651M(4096M) 30.957ms
[2025-08-01T01:08:22.373+0000] GC(1068) User=0.23s Sys=0.00s Real=0.03s
[2025-08-01T01:08:22.532+0000] GC(1069) Pause Young (Concurrent Start) (G1 Evacuation Pause)
[2025-08-01T01:08:22.532+0000] GC(1069) Using 8 workers of 8 for evacuation
[2025-08-01T01:08:22.632+0000] GC(1069)   Pre Evacuate Collection Set: 0.7ms
[2025-08-01T01:08:22.632+0000] GC(1069)   Merge Heap Roots: 0.2ms
[2025-08-01T01:08:22.632+0000] GC(1069)   Evacuate Collection Set: 97.6ms
[2025-08-01T01:08:22.632+0000] GC(1069)   Post Evacuate Collection Set: 0.9ms
[2025-08-01T01:08:22.632+0000] GC(1069)   Other: 0.4ms
[2025-08-01T01:08:22.632+0000] GC(1069) Eden regions: 347->0(228)
[2025-08-01T01:08:22.632+0000] GC(1069) Survivor regions: 13->45(45)
[2025-08-01T01:08:22.632+0000] GC(1069) Old regions: 812->1078
[2025-08-01T01:08:22.632+0000] GC(1069) Archive regions: 2->2
[2025-08-01T01:08:22.632+0000] GC(1069) Humongous regions: 0->0
[2025-08-01T01:08:22.632+0000] GC(1069) Metaspace: 10061K(10304K)->10061K(10304K) NonClass: 8835K(8960K)->8835K(8960K) Class: 1225K(1344K)->1225K(1344K)
[2025-08-01T01:08:22.632+0000] GC(1069) Pause Young (Concurrent Start) (G1 Evacuation Pause) 2345M->2247M(4096M) 100.114ms
[2025-08-01T01:08:22.632+0000] GC(1069) User=0.75s Sys=0.01s Real=0.10s
[2025-08-01T01:08:22.632+0000] GC(1070) Concurrent Mark Cycle
[2025-08-01T01:08:22.632+0000] GC(1070) Concurrent Clear Claimed Marks
[2025-08-01T01:08:22.632+0000] GC(1070) Concurrent Clear Claimed Marks 0.025ms
[2025-08-01T01:08:22.632+0000] GC(1070) Concurrent Scan Root Regions
[2025-08-01T01:08:22.688+0000] GC(1070) Concurrent Scan Root Regions 55.934ms
[2025-08-01T01:08:22.688+0000] GC(1070) Concurrent Mark
[2025-08-01T01:08:22.688+0000] GC(1070) Concurrent Mark From Roots
[2025-08-01T01:08:22.688+0000] GC(1070) Using 2 workers of 2 for marking
[2025-08-01T01:08:22.727+0000] GC(1071) Pause Young (Normal) (G1 Evacuation Pause)
[2025-08-01T01:08:22.727+0000] GC(1071) Using 8 workers of 8 for evacuation
[2025-08-01T01:08:22.835+0000] GC(1071)   Pre Evacuate Collection Set: 0.7ms
[2025-08-01T01:08:22.835+0000] GC(1071)   Merge Heap Roots: 0.2ms
[2025-08-01T01:08:22.835+0000] GC(1071)   Evacuate Collection Set: 105.1ms
[2025-08-01T01:08:22.835+0000] GC(1071)   Post Evacuate Collection Set: 1.3ms
[2025-08-01T01:08:22.835+0000] GC(1071)   Other: 0.3ms
[2025-08-01T01:08:22.835+0000] GC(1071) Eden regions: 228->0(152)
[2025-08-01T01:08:22.835+0000] GC(1071) Survivor regions: 45->35(35)
[2025-08-01T01:08:22.835+0000] GC(1071) Old regions: 1078->1318
[2025-08-01T01:08:22.835+0000] GC(1071) Archive regions: 2->2
[2025-08-01T01:08:22.835+0000] GC(1071) Humongous regions: 0->0
[2025-08-01T01:08:22.835+0000] GC(1071) Metaspace: 10061K(10304K)->10061K(10304K) NonClass: 8835K(8960K)->8835K(8960K) Class: 1225K(1344K)->1225K(1344K)
[2025-08-01T01:08:22.835+0000] GC(1071) Pause Young (Normal) (G1 Evacuation Pause) 2703M->2707M(4096M) 107.660ms
[2025-08-01T01:08:22.835+0000] GC(1071) User=0.82s Sys=0.02s Real=0.11s
[2025-08-01T01:08:22.860+0000] GC(1070) Concurrent Mark From Roots 171.382ms
[2025-08-01T01:08:22.860+0000] GC(1070) Concurrent Preclean
[2025-08-01T01:08:22.860+0000] GC(1070) Concurrent Preclean 0.345ms
[2025-08-01T01:08:22.861+0000] GC(1070) Pause Remark
[2025-08-01T01:08:22.863+0000] GC(1070) Pause Remark 2953M->1683M(4096M) 2.754ms
[2025-08-01T01:08:22.863+0000] GC(1070) User=0.01s Sys=0.00s Real=0.01s
[2025-08-01T01:08:22.864+0000] GC(1070) Concurrent Mark 175.258ms
[2025-08-01T01:08:22.864+0000] GC(1070) Concurrent Rebuild Remembered Sets
[2025-08-01T01:08:22.870+0000] GC(1072) Pause Young (Normal) (G1 Evacuation Pause)
[2025-08-01T01:08:22.870+0000] GC(1072) Using 8 workers of 8 for evacuation
[2025-08-01T01:08:22.912+0000] GC(1072)   Pre Evacuate Collection Set: 0.4ms
[2025-08-01T01:08:22.912+0000] GC(1072)   Merge Heap Roots: 0.2ms
[2025-08-01T01:08:22.912+0000] GC(1072)   Evacuate Collection Set: 40.9ms
[2025-08-01T01:08:22.912+0000] GC(1072)   Post Evacuate Collection Set: 0.8ms
[2025-08-01T01:08:22.912+0000] GC(1072)   Other: 0.2ms
[2025-08-01T01:08:22.912+0000] GC(1072) Eden regions: 152->0(339)
[2025-08-01T01:08:22.912+0000] GC(1072) Survivor regions: 35->24(24)
[2025-08-01T01:08:22.912+0000] GC(1072) Old regions: 683->799
[2025-08-01T01:08:22.912+0000] GC(1072) Archive regions: 2->2
[2025-08-01T01:08:22.912+0000] GC(1072) Humongous regions: 0->0
[2025-08-01T01:08:22.912+0000] GC(1072) Metaspace: 10061K(10304K)->10061K(10304K) NonClass: 8835K(8960K)->8835K(8960K) Class: 1225K(1344K)->1225K(1344K)
[2025-08-01T01:08:22.912+0000] GC(1072) Pause Young (Normal) (G1 Evacuation Pause) 1741M->1646M(4096M) 42.496ms
[2025-08-01T01:08:22.912+0000] GC(1072) User=0.32s Sys=0.01s Real=0.04s
[2025-08-01T01:08:23.055+0000] GC(1073) Pause Young (Normal) (G1 Evacuation Pause)
[2025-08-01T01:08:23.055+0000] GC(1073) Using 8 workers of 8 for evacuation
[2025-08-01T01:08:23.120+0000] GC(1073)   Pre Evacuate Collection Set: 0.4ms
[2025-08-01T01:08:23.120+0000] GC(1073)   Merge Heap Roots: 0.2ms
[2025-08-01T01:08:23.120+0000] GC(1073)   Evacuate Collection Set: 62.7ms
[2025-08-01T01:08:23.120+0000] GC(1073)   Post Evacuate Collection Set: 1.2ms
[2025-08-01T01:08:23.120+0000] GC(1073)   Other: 0.3ms
[2025-08-01T01:08:23.120+0000] GC(1073) Eden regions: 339->0(279)
[2025-08-01T01:08:23.120+0000] GC(1073) Survivor regions: 24->46(46)
[2025-08-01T01:08:23.120+0000] GC(1073) Old regions: 799->955
[2025-08-01T01:08:23.120+0000] GC(1073) Archive regions: 2->2
[2025-08-01T01:08:23.120+0000] GC(1073) Humongous regions: 0->0
[2025-08-01T01:08:23.120+0000] GC(1073) Metaspace: 10061K(10304K)->10061K(10304K) NonClass: 8835K(8960K)->8835K(8960K) Class: 1225K(1344K)->1225K(1344K)
[2025-08-01T01:08:23.120+0000] GC(1073) Pause Young (Normal) (G1 Evacuation Pause) 2324M->2002M(4096M) 64.981ms
[2025-08-01T01:08:23.120+0000] GC(1073) User=0.48s Sys=0.01s Real=0.06s
[2025-08-01T01:08:23.139+0000] GC(1070) Concurrent Rebuild Remembered Sets 275.277ms
[2025-08-01T01:08:23.139+0000] GC(1070) Pause Cleanup
[2025-08-01T01:08:23.140+0000] GC(1070) Pause Cleanup 2160M->2160M(4096M) 0.746ms
[2025-08-01T01:08:23.140+0000] GC(1070) User=0.00s Sys=0.00s Real=0.00s
[2025-08-01T01:08:23.140+0000] GC(1070) Concurrent Cleanup for Next Mark
[2025-08-01T01:08:23.151+0000] GC(1070) Concurrent Cleanup for Next Mark 11.131ms
[2025-08-01T01:08:23.151+0000] GC(1070) Concurrent Mark Cycle 519.035ms
[2025-08-01T01:08:23.222+0000] GC(1074) Pause Young (Prepare Mixed) (G1 Evacuation Pause)
[2025-08-01T01:08:23.222+0000] GC(1074) Using 8 workers of 8 for evacuation
[2025-08-01T01:08:23.321+0000] GC(1074)   Pre Evacuate Collection Set: 0.9ms
[2025-08-01T01:08:23.321+0000] GC(1074)   Merge Heap Roots: 0.2ms
[2025-08-01T01:08:23.321+0000] GC(1074)   Evacuate Collection Set: 96.5ms
[2025-08-01T01:08:23.321+0000] GC(1074)   Post Evacuate Collection Set: 1.2ms
[2025-08-01T01:08:23.321+0000] GC(1074)   Other: 0.2ms
[2025-08-01T01:08:23.321+0000] GC(1074) Eden regions: 279->0(61)
[2025-08-01T01:08:23.321+0000] GC(1074) Survivor regions: 46->41(41)
[2025-08-01T01:08:23.321+0000] GC(1074) Old regions: 955->1240
[2025-08-01T01:08:23.321+0000] GC(1074) Archive regions: 2->2
[2025-08-01T01:08:23.321+0000] GC(1074) Humongous regions: 0->0
[2025-08-01T01:08:23.321+0000] GC(1074) Metaspace: 10061K(10304K)->10061K(10304K) NonClass: 8835K(8960K)->8835K(8960K) Class: 1225K(1344K)->1225K(1344K)
[2025-08-01T01:08:23.321+0000] GC(1074) Pause Young (Prepare Mixed) (G1 Evacuation Pause) 2560M->2563M(4096M) 99.139ms
[2025-08-01T01:08:23.322+0000] GC(1074) User=0.72s Sys=0.01s Real=0.10s
[2025-08-01T01:08:23.334+0000] GC(1075) Pause Young (Mixed) (G1 Evacuation Pause)
[2025-08-01T01:08:23.334+0000] GC(1075) Using 8 workers of 8 for evacuation
[2025-08-01T01:08:23.367+0000] GC(1075)   Pre Evacuate Collection Set: 0.7ms
[2025-08-01T01:08:23.367+0000] GC(1075)   Merge Heap Roots: 0.2ms
[2025-08-01T01:08:23.367+0000] GC(1075)   Evacuate Collection Set: 31.1ms
[2025-08-01T01:08:23.367+0000] GC(1075)   Post Evacuate Collection Set: 0.8ms
[2025-08-01T01:08:23.367+0000] GC(1075)   Other: 0.2ms
[2025-08-01T01:08:23.367+0000] GC(1075) Eden regions: 61->0(163)
[2025-08-01T01:08:23.367+0000] GC(1075) Survivor regions: 41->13(13)
[2025-08-01T01:08:23.367+0000] GC(1075) Old regions: 1240->1313
[2025-08-01T01:08:23.367+0000] GC(1075) Archive regions: 2->2
[2025-08-01T01:08:23.367+0000] GC(1075) Humongous regions: 0->0
[2025-08-01T01:08:23.367+0000] GC(1075) Metaspace: 10061K(10304K)->10061K(10304K) NonClass: 8835K(8960K)->8835K(8960K) Class: 1225K(1344K)->1225K(1344K)
[2025-08-01T01:08:23.367+0000] GC(1075) Pause Young (Mixed) (G1 Evacuation Pause) 2685M->2653M(4096M) 33.064ms
[2025-08-01T01:08:23.367+0000] GC(1075) User=0.25s Sys=0.00s Real=0.03s
[2025-08-01T01:08:23.437+0000] GC(1076) Pause Young (Concurrent Start) (G1 Evacuation Pause)
[2025-08-01T01:08:23.437+0000] GC(1076) Using 8 workers of 8 for evacuation
[2025-08-01T01:08:23.486+0000] GC(1076)   Pre Evacuate Collection Set: 0.8ms
[2025-08-01T01:08:23.486+0000] GC(1076)   Merge Heap Roots: 0.1ms
[2025-08-01T01:08:23.486+0000] GC(1076)   Evacuate Collection Set: 46.8ms
[2025-08-01T01:08:23.486+0000] GC(1076)   Post Evacuate Collection Set: 0.8ms
[2025-08-01T01:08:23.486+0000] GC(1076)   Other: 0.2ms
[2025-08-01T01:08:23.486+0000] GC(1076) Eden regions: 163->0(129)
[2025-08-01T01:08:23.486+0000] GC(1076) Survivor regions: 13->22(22)
[2025-08-01T01:08:23.486+0000] GC(1076) Old regions: 1313->1422
[2025-08-01T01:08:23.486+0000] GC(1076) Archive regions: 2->2
[2025-08-01T01:08:23.486+0000] GC(1076) Humongous regions: 0->0
[2025-08-01T01:08:23.486+0000] GC(1076) Metaspace: 10061K(10304K)->10061K(10304K) NonClass: 8835K(8960K)->8835K(8960K) Class: 1225K(1344K)->1225K(1344K)
[2025-08-01T01:08:23.486+0000] GC(1076) Pause Young (Concurrent Start) (G1 Evacuation Pause) 2979M->2889M(4096M) 48.902ms
[2025-08-01T01:08:23.486+0000] GC(1076) User=0.34s Sys=0.01s Real=0.05s
[2025-08-01T01:08:23.486+0000] GC(1077) Concurrent Mark Cycle
[2025-08-01T01:08:23.487+0000] GC(1077) Concurrent Clear Claimed Marks
[2025-08-01T01:08:23.487+0000] GC(1077) Concurrent Clear Claimed Marks 0.025ms
[2025-08-01T01:08:23.487+0000] GC(1077) Concurrent Scan Root Regions
[2025-08-01T01:08:23.523+0000] GC(1077) Concurrent Scan Root Regions 36.605ms
[2025-08-01T01:08:23.523+0000] GC(1077) Concurrent Mark
[2025-08-01T01:08:23.523+0000] GC(1077) Concurrent Mark From Roots
[2025-08-01T01:08:23.523+0000] GC(1077) Using 2 workers of 2 for marking
[2025-08-01T01:08:23.523+0000] GC(1078) Pause Young (Normal) (G1 Evacuation Pause)
[2025-08-01T01:08:23.523+0000] GC(1078) Using 8 workers of 8 for evacuation
[2025-08-01T01:08:23.572+0000] GC(1078)   Pre Evacuate Collection Set: 6.8ms
[2025-08-01T01:08:23.572+0000] GC(1078)   Merge Heap Roots: 0.2ms
[2025-08-01T01:08:23.572+0000] GC(1078)   Evacuate Collection Set: 47.3ms
[2025-08-01T01:08:23.572+0000] GC(1078)   Post Evacuate Collection Set: 0.8ms
[2025-08-01T01:08:23.572+0000] GC(1078)   Other: 0.1ms
[2025-08-01T01:08:23.572+0000] GC(1078) Eden regions: 129->0(83)
[2025-08-01T01:08:23.572+0000] GC(1078) Survivor regions: 22->19(19)
[2025-08-01T01:08:23.572+0000] GC(1078) Old regions: 1422->1555
[2025-08-01T01:08:23.572+0000] GC(1078) Archive regions: 2->2
[2025-08-01T01:08:23.572+0000] GC(1078) Humongous regions: 0->0
[2025-08-01T01:08:23.572+0000] GC(1078) Metaspace: 10061K(10304K)->10061K(10304K) NonClass: 8835K(8960K)->8835K(8960K) Class: 1225K(1344K)->1225K(1344K)
[2025-08-01T01:08:23.572+0000] GC(1078) Pause Young (Normal) (G1 Evacuation Pause) 3147M->3149M(4096M) 49.055ms
[2025-08-01T01:08:23.572+0000] GC(1078) User=0.37s Sys=0.01s Real=0.04s
[2025-08-01T01:08:23.639+0000] GC(1079) Pause Young (Normal) (G1 Evacuation Pause)
[2025-08-01T01:08:23.639+0000] GC(1079) Using 8 workers of 8 for evacuation
[2025-08-01T01:08:23.671+0000] GC(1079)   Pre Evacuate Collection Set: 0.5ms
[2025-08-01T01:08:23.671+0000] GC(1079)   Merge Heap Roots: 0.1ms
[2025-08-01T01:08:23.671+0000] GC(1079)   Evacuate Collection Set: 30.6ms
[2025-08-01T01:08:23.671+0000] GC(1079)   Post Evacuate Collection Set: 0.7ms
[2025-08-01T01:08:23.671+0000] GC(1079)   Other: 0.2ms
[2025-08-01T01:08:23.671+0000] GC(1079) Eden regions: 83->0(89)
[2025-08-01T01:08:23.671+0000] GC(1079) Survivor regions: 19->13(13)
[2025-08-01T01:08:23.671+0000] GC(1079) Old regions: 1555->1642
[2025-08-01T01:08:23.671+0000] GC(1079) Archive regions: 2->2
[2025-08-01T01:08:23.671+0000] GC(1079) Humongous regions: 0->0
[2025-08-01T01:08:23.671+0000] GC(1079) Metaspace: 10061K(10304K)->10061K(10304K) NonClass: 8835K(8960K)->8835K(8960K) Class: 1225K(1344K)->1225K(1344K)
[2025-08-01T01:08:23.671+0000] GC(1079) Pause Young (Normal) (G1 Evacuation Pause) 3315M->3310M(4096M) 32.195ms
[2025-08-01T01:08:23.671+0000] GC(1079) User=0.24s Sys=0.01s Real=0.03s
[2025-08-01T01:08:23.691+0000] GC(1080) Pause Young (Normal) (G1 Evacuation Pause)
[2025-08-01T01:08:23.691+0000] GC(1080) Using 8 workers of 8 for evacuation
[2025-08-01T01:08:23.727+0000] GC(1080)   Pre Evacuate Collection Set: 0.4ms
[2025-08-01T01:08:23.727+0000] GC(1080)   Merge Heap Roots: 0.2ms
[2025-08-01T01:08:23.727+0000] GC(1080)   Evacuate Collection Set: 34.3ms
[2025-08-01T01:08:23.727+0000] GC(1080)   Post Evacuate Collection Set: 1.0ms
[2025-08-01T01:08:23.727+0000] GC(1080)   Other: 0.2ms
[2025-08-01T01:08:23.727+0000] GC(1080) Eden regions: 89->0(89)
[2025-08-01T01:08:23.727+0000] GC(1080) Survivor regions: 13->13(13)
[2025-08-01T01:08:23.727+0000] GC(1080) Old regions: 1642->1733
[2025-08-01T01:08:23.727+0000] GC(1080) Archive regions: 2->2
[2025-08-01T01:08:23.727+0000] GC(1080) Humongous regions: 0->0
[2025-08-01T01:08:23.728+0000] GC(1080) Metaspace: 10061K(10304K)->10061K(10304K) NonClass: 8835K(8960K)->8835K(8960K) Class: 1225K(1344K)->1225K(1344K)
[2025-08-01T01:08:23.728+0000] GC(1080) Pause Young (Normal) (G1 Evacuation Pause) 3488M->3492M(4096M) 36.336ms
[2025-08-01T01:08:23.728+0000] GC(1080) User=0.26s Sys=0.01s Real=0.04s
[2025-08-01T01:08:23.768+0000] GC(1077) Concurrent Mark From Roots 244.325ms
[2025-08-01T01:08:23.768+0000] GC(1077) Concurrent Preclean
[2025-08-01T01:08:23.768+0000] GC(1077) Concurrent Preclean 0.371ms
[2025-08-01T01:08:23.768+0000] GC(1077) Pause Remark
[2025-08-01T01:08:23.771+0000] GC(1077) Pause Remark 3566M->1950M(4096M) 2.811ms
[2025-08-01T01:08:23.771+0000] GC(1077) User=0.01s Sys=0.01s Real=0.00s
[2025-08-01T01:08:23.771+0000] GC(1077) Concurrent Mark 247.913ms
[2025-08-01T01:08:23.771+0000] GC(1077) Concurrent Rebuild Remembered Sets
[2025-08-01T01:08:23.793+0000] GC(1081) Pause Young (Normal) (G1 Evacuation Pause)
[2025-08-01T01:08:23.793+0000] GC(1081) Using 8 workers of 8 for evacuation
[2025-08-01T01:08:23.822+0000] GC(1081)   Pre Evacuate Collection Set: 0.2ms
[2025-08-01T01:08:23.822+0000] GC(1081)   Merge Heap Roots: 0.2ms
[2025-08-01T01:08:23.822+0000] GC(1081)   Evacuate Collection Set: 27.0ms
[2025-08-01T01:08:23.822+0000] GC(1081)   Post Evacuate Collection Set: 0.7ms
[2025-08-01T01:08:23.822+0000] GC(1081)   Other: 0.2ms
[2025-08-01T01:08:23.822+0000] GC(1081) Eden regions: 89->0(265)
[2025-08-01T01:08:23.822+0000] GC(1081) Survivor regions: 13->13(13)
[2025-08-01T01:08:23.822+0000] GC(1081) Old regions: 925->990
[2025-08-01T01:08:23.822+0000] GC(1081) Archive regions: 2->2
[2025-08-01T01:08:23.822+0000] GC(1081) Humongous regions: 0->0
[2025-08-01T01:08:23.822+0000] GC(1081) Metaspace: 10061K(10304K)->10061K(10304K) NonClass: 8835K(8960K)->8835K(8960K) Class: 1225K(1344K)->1225K(1344K)
[2025-08-01T01:08:23.822+0000] GC(1081) Pause Young (Normal) (G1 Evacuation Pause) 2054M->2006M(4096M) 28.558ms
[2025-08-01T01:08:23.822+0000] GC(1081) User=0.19s Sys=0.00s Real=0.02s
[2025-08-01T01:08:23.920+0000] GC(1082) Pause Young (Normal) (G1 Evacuation Pause)
[2025-08-01T01:08:23.920+0000] GC(1082) Using 8 workers of 8 for evacuation
[2025-08-01T01:08:24.005+0000] GC(1082)   Pre Evacuate Collection Set: 0.6ms
[2025-08-01T01:08:24.005+0000] GC(1082)   Merge Heap Roots: 0.3ms
[2025-08-01T01:08:24.005+0000] GC(1082)   Evacuate Collection Set: 83.3ms
[2025-08-01T01:08:24.005+0000] GC(1082)   Post Evacuate Collection Set: 1.1ms
[2025-08-01T01:08:24.005+0000] GC(1082)   Other: 0.2ms
[2025-08-01T01:08:24.005+0000] GC(1082) Eden regions: 265->0(179)
[2025-08-01T01:08:24.005+0000] GC(1082) Survivor regions: 13->35(35)
[2025-08-01T01:08:24.005+0000] GC(1082) Old regions: 990->1234
[2025-08-01T01:08:24.006+0000] GC(1082) Archive regions: 2->2
[2025-08-01T01:08:24.006+0000] GC(1082) Humongous regions: 0->0
[2025-08-01T01:08:24.006+0000] GC(1082) Metaspace: 10061K(10304K)->10061K(10304K) NonClass: 8835K(8960K)->8835K(8960K) Class: 1225K(1344K)->1225K(1344K)
[2025-08-01T01:08:24.006+0000] GC(1082) Pause Young (Normal) (G1 Evacuation Pause) 2536M->2538M(4096M) 85.559ms
[2025-08-01T01:08:24.006+0000] GC(1082) User=0.65s Sys=0.02s Real=0.09s
[2025-08-01T01:08:24.092+0000] GC(1083) Pause Young (Normal) (G1 Evacuation Pause)
[2025-08-01T01:08:24.092+0000] GC(1083) Using 8 workers of 8 for evacuation
[2025-08-01T01:08:24.163+0000] GC(1083)   Pre Evacuate Collection Set: 0.8ms
[2025-08-01T01:08:24.163+0000] GC(1083)   Merge Heap Roots: 0.3ms
[2025-08-01T01:08:24.163+0000] GC(1083)   Evacuate Collection Set: 68.3ms
[2025-08-01T01:08:24.163+0000] GC(1083)   Post Evacuate Collection Set: 1.0ms
[2025-08-01T01:08:24.163+0000] GC(1083)   Other: 0.2ms
[2025-08-01T01:08:24.163+0000] GC(1083) Eden regions: 179->0(121)
[2025-08-01T01:08:24.163+0000] GC(1083) Survivor regions: 35->27(27)
[2025-08-01T01:08:24.163+0000] GC(1083) Old regions: 1234->1422
[2025-08-01T01:08:24.163+0000] GC(1083) Archive regions: 2->2
[2025-08-01T01:08:24.163+0000] GC(1083) Humongous regions: 0->0
[2025-08-01T01:08:24.163+0000] GC(1083) Metaspace: 10061K(10304K)->10061K(10304K) NonClass: 8835K(8960K)->8835K(8960K) Class: 1225K(1344K)->1225K(1344K)
[2025-08-01T01:08:24.163+0000] GC(1083) Pause Young (Normal) (G1 Evacuation Pause) 2896M->2898M(4096M) 70.819ms
[2025-08-01T01:08:24.163+0000] GC(1083) User=0.52s Sys=0.01s Real=0.08s
[2025-08-01T01:08:24.189+0000] GC(1077) Concurrent Rebuild Remembered Sets 418.177ms
[2025-08-01T01:08:24.190+0000] GC(1077) Pause Cleanup
[2025-08-01T01:08:24.190+0000] GC(1077) Pause Cleanup 3081M->3081M(4096M) 0.647ms
[2025-08-01T01:08:24.190+0000] GC(1077) User=0.00s Sys=0.00s Real=0.00s
[2025-08-01T01:08:24.190+0000] GC(1077) Concurrent Cleanup for Next Mark
[2025-08-01T01:08:24.199+0000] GC(1077) Concurrent Cleanup for Next Mark 8.590ms
[2025-08-01T01:08:24.199+0000] GC(1077) Concurrent Mark Cycle 712.452ms
[2025-08-01T01:08:24.235+0000] GC(1084) Pause Young (Prepare Mixed) (G1 Evacuation Pause)
[2025-08-01T01:08:24.235+0000] GC(1084) Using 8 workers of 8 for evacuation
[2025-08-01T01:08:24.273+0000] GC(1084)   Pre Evacuate Collection Set: 1.6ms
[2025-08-01T01:08:24.273+0000] GC(1084)   Merge Heap Roots: 0.8ms
[2025-08-01T01:08:24.273+0000] GC(1084)   Evacuate Collection Set: 34.1ms
[2025-08-01T01:08:24.273+0000] GC(1084)   Post Evacuate Collection Set: 1.2ms
[2025-08-01T01:08:24.273+0000] GC(1084)   Other: 0.2ms
[2025-08-01T01:08:24.273+0000] GC(1084) Eden regions: 121->0(83)
[2025-08-01T01:08:24.273+0000] GC(1084) Survivor regions: 27->19(19)
[2025-08-01T01:08:24.273+0000] GC(1084) Old regions: 1422->1479
[2025-08-01T01:08:24.273+0000] GC(1084) Archive regions: 2->2
[2025-08-01T01:08:24.273+0000] GC(1084) Humongous regions: 0->0
[2025-08-01T01:08:24.273+0000] GC(1084) Metaspace: 10061K(10304K)->10061K(10304K) NonClass: 8835K(8960K)->8835K(8960K) Class: 1225K(1344K)->1225K(1344K)
[2025-08-01T01:08:24.273+0000] GC(1084) Pause Young (Prepare Mixed) (G1 Evacuation Pause) 3140M->2996M(4096M) 37.983ms
[2025-08-01T01:08:24.273+0000] GC(1084) User=0.23s Sys=0.01s Real=0.04s
[2025-08-01T01:08:24.290+0000] GC(1085) Pause Young (Mixed) (G1 Evacuation Pause)
[2025-08-01T01:08:24.290+0000] GC(1085) Using 8 workers of 8 for evacuation
[2025-08-01T01:08:24.323+0000] GC(1085)   Pre Evacuate Collection Set: 0.5ms
[2025-08-01T01:08:24.323+0000] GC(1085)   Merge Heap Roots: 0.1ms
[2025-08-01T01:08:24.323+0000] GC(1085)   Evacuate Collection Set: 30.6ms
[2025-08-01T01:08:24.323+0000] GC(1085)   Post Evacuate Collection Set: 1.1ms
[2025-08-01T01:08:24.323+0000] GC(1085)   Other: 0.2ms
[2025-08-01T01:08:24.323+0000] GC(1085) Eden regions: 83->0(97)
[2025-08-01T01:08:24.323+0000] GC(1085) Survivor regions: 19->13(13)
[2025-08-01T01:08:24.323+0000] GC(1085) Old regions: 1479->1521
[2025-08-01T01:08:24.323+0000] GC(1085) Archive regions: 2->2
[2025-08-01T01:08:24.323+0000] GC(1085) Humongous regions: 0->0
[2025-08-01T01:08:24.323+0000] GC(1085) Metaspace: 10061K(10304K)->10061K(10304K) NonClass: 8835K(8960K)->8835K(8960K) Class: 1225K(1344K)->1225K(1344K)
[2025-08-01T01:08:24.323+0000] GC(1085) Pause Young (Mixed) (G1 Evacuation Pause) 3162M->3069M(4096M) 32.920ms
[2025-08-01T01:08:24.323+0000] GC(1085) User=0.24s Sys=0.01s Real=0.04s
[2025-08-01T01:08:24.389+0000] GC(1086) Pause Young (Concurrent Start) (G1 Evacuation Pause)
[2025-08-01T01:08:24.389+0000] GC(1086) Using 8 workers of 8 for evacuation
[2025-08-01T01:08:24.437+0000] GC(1086)   Pre Evacuate Collection Set: 1.6ms
[2025-08-01T01:08:24.437+0000] GC(1086)   Merge Heap Roots: 0.3ms
[2025-08-01T01:08:24.437+0000] GC(1086)   Evacuate Collection Set: 42.8ms
[2025-08-01T01:08:24.437+0000] GC(1086)   Post Evacuate Collection Set: 2.8ms
[2025-08-01T01:08:24.437+0000] GC(1086)   Other: 0.4ms
[2025-08-01T01:08:24.437+0000] GC(1086) Eden regions: 97->0(88)
[2025-08-01T01:08:24.437+0000] GC(1086) Survivor regions: 13->14(14)
[2025-08-01T01:08:24.437+0000] GC(1086) Old regions: 1521->1619
[2025-08-01T01:08:24.437+0000] GC(1086) Archive regions: 2->2
[2025-08-01T01:08:24.437+0000] GC(1086) Humongous regions: 0->0
[2025-08-01T01:08:24.437+0000] GC(1086) Metaspace: 10061K(10304K)->10061K(10304K) NonClass: 8835K(8960K)->8835K(8960K) Class: 1225K(1344K)->1225K(1344K)
[2025-08-01T01:08:24.437+0000] GC(1086) Pause Young (Concurrent Start) (G1 Evacuation Pause) 3263M->3267M(4096M) 48.075ms
[2025-08-01T01:08:24.437+0000] GC(1086) User=0.32s Sys=0.01s Real=0.05s
[2025-08-01T01:08:24.437+0000] GC(1087) Concurrent Mark Cycle
[2025-08-01T01:08:24.438+0000] GC(1087) Concurrent Clear Claimed Marks
[2025-08-01T01:08:24.438+0000] GC(1087) Concurrent Clear Claimed Marks 0.017ms
[2025-08-01T01:08:24.438+0000] GC(1087) Concurrent Scan Root Regions
[2025-08-01T01:08:24.463+0000] GC(1087) Concurrent Scan Root Regions 25.602ms
[2025-08-01T01:08:24.463+0000] GC(1087) Concurrent Mark
[2025-08-01T01:08:24.463+0000] GC(1087) Concurrent Mark From Roots
[2025-08-01T01:08:24.463+0000] GC(1087) Using 2 workers of 2 for marking
[2025-08-01T01:08:24.463+0000] GC(1088) Pause Young (Normal) (G1 Evacuation Pause)
[2025-08-01T01:08:24.463+0000] GC(1088) Using 8 workers of 8 for evacuation
[2025-08-01T01:08:24.493+0000] GC(1088)   Pre Evacuate Collection Set: 7.1ms
[2025-08-01T01:08:24.493+0000] GC(1088)   Merge Heap Roots: 0.1ms
[2025-08-01T01:08:24.493+0000] GC(1088)   Evacuate Collection Set: 28.2ms
[2025-08-01T01:08:24.493+0000] GC(1088)   Post Evacuate Collection Set: 0.5ms
[2025-08-01T01:08:24.493+0000] GC(1088)   Other: 0.2ms
[2025-08-01T01:08:24.493+0000] GC(1088) Eden regions: 88->0(89)
[2025-08-01T01:08:24.493+0000] GC(1088) Survivor regions: 14->13(13)
[2025-08-01T01:08:24.493+0000] GC(1088) Old regions: 1619->1689
[2025-08-01T01:08:24.493+0000] GC(1088) Archive regions: 2->2
[2025-08-01T01:08:24.493+0000] GC(1088) Humongous regions: 0->0
[2025-08-01T01:08:24.493+0000] GC(1088) Metaspace: 10061K(10304K)->10061K(10304K) NonClass: 8835K(8960K)->8835K(8960K) Class: 1225K(1344K)->1225K(1344K)
[2025-08-01T01:08:24.493+0000] GC(1088) Pause Young (Normal) (G1 Evacuation Pause) 3443M->3405M(4096M) 29.880ms
[2025-08-01T01:08:24.493+0000] GC(1088) User=0.21s Sys=0.01s Real=0.03s
[2025-08-01T01:08:24.516+0000] GC(1089) Pause Young (Normal) (G1 Evacuation Pause)
[2025-08-01T01:08:24.517+0000] GC(1089) Using 8 workers of 8 for evacuation
[2025-08-01T01:08:24.545+0000] GC(1089)   Pre Evacuate Collection Set: 0.4ms
[2025-08-01T01:08:24.545+0000] GC(1089)   Merge Heap Roots: 0.2ms
[2025-08-01T01:08:24.545+0000] GC(1089)   Evacuate Collection Set: 27.5ms
[2025-08-01T01:08:24.545+0000] GC(1089)   Post Evacuate Collection Set: 0.6ms
[2025-08-01T01:08:24.545+0000] GC(1089)   Other: 0.2ms
[2025-08-01T01:08:24.545+0000] GC(1089) Eden regions: 89->0(89)
[2025-08-01T01:08:24.545+0000] GC(1089) Survivor regions: 13->13(13)
[2025-08-01T01:08:24.545+0000] GC(1089) Old regions: 1689->1756
[2025-08-01T01:08:24.545+0000] GC(1089) Archive regions: 2->2
[2025-08-01T01:08:24.545+0000] GC(1089) Humongous regions: 0->0
[2025-08-01T01:08:24.545+0000] GC(1089) Metaspace: 10061K(10304K)->10061K(10304K) NonClass: 8835K(8960K)->8835K(8960K) Class: 1225K(1344K)->1225K(1344K)
[2025-08-01T01:08:24.546+0000] GC(1089) Pause Young (Normal) (G1 Evacuation Pause) 3583M->3538M(4096M) 29.082ms
[2025-08-01T01:08:24.546+0000] GC(1089) User=0.19s Sys=0.01s Real=0.03s
[2025-08-01T01:08:24.569+0000] GC(1090) Pause Young (Normal) (G1 Evacuation Pause)
[2025-08-01T01:08:24.569+0000] GC(1090) Using 8 workers of 8 for evacuation
[2025-08-01T01:08:24.597+0000] GC(1090)   Pre Evacuate Collection Set: 0.5ms
[2025-08-01T01:08:24.597+0000] GC(1090)   Merge Heap Roots: 0.1ms
[2025-08-01T01:08:24.597+0000] GC(1090)   Evacuate Collection Set: 26.7ms
[2025-08-01T01:08:24.597+0000] GC(1090)   Post Evacuate Collection Set: 0.5ms
[2025-08-01T01:08:24.597+0000] GC(1090)   Other: 0.2ms
[2025-08-01T01:08:24.597+0000] GC(1090) Eden regions: 89->0(89)
[2025-08-01T01:08:24.597+0000] GC(1090) Survivor regions: 13->13(13)
[2025-08-01T01:08:24.597+0000] GC(1090) Old regions: 1756->1846
[2025-08-01T01:08:24.597+0000] GC(1090) Archive regions: 2->2
[2025-08-01T01:08:24.597+0000] GC(1090) Humongous regions: 0->0
[2025-08-01T01:08:24.597+0000] GC(1090) Metaspace: 10061K(10304K)->10061K(10304K) NonClass: 8835K(8960K)->8835K(8960K) Class: 1225K(1344K)->1225K(1344K)
[2025-08-01T01:08:24.597+0000] GC(1090) Pause Young (Normal) (G1 Evacuation Pause) 3716M->3719M(4096M) 28.092ms
[2025-08-01T01:08:24.597+0000] GC(1090) User=0.22s Sys=0.00s Real=0.03s
[2025-08-01T01:08:24.615+0000] GC(1091) Pause Young (Normal) (G1 Preventive Collection)
[2025-08-01T01:08:24.615+0000] GC(1091) Using 8 workers of 8 for evacuation
[2025-08-01T01:08:24.643+0000] GC(1091)   Pre Evacuate Collection Set: 0.3ms
[2025-08-01T01:08:24.643+0000] GC(1091)   Merge Heap Roots: 0.1ms
[2025-08-01T01:08:24.643+0000] GC(1091)   Evacuate Collection Set: 26.2ms
[2025-08-01T01:08:24.643+0000] GC(1091)   Post Evacuate Collection Set: 0.8ms
[2025-08-01T01:08:24.643+0000] GC(1091)   Other: 0.3ms
[2025-08-01T01:08:24.643+0000] GC(1091) Eden regions: 83->0(89)
[2025-08-01T01:08:24.643+0000] GC(1091) Survivor regions: 13->13(13)
[2025-08-01T01:08:24.643+0000] GC(1091) Old regions: 1846->1931
[2025-08-01T01:08:24.643+0000] GC(1091) Archive regions: 2->2
[2025-08-01T01:08:24.643+0000] GC(1091) Humongous regions: 0->0
[2025-08-01T01:08:24.643+0000] GC(1091) Metaspace: 10061K(10304K)->10061K(10304K) NonClass: 8835K(8960K)->8835K(8960K) Class: 1225K(1344K)->1225K(1344K)
[2025-08-01T01:08:24.643+0000] GC(1091) Pause Young (Normal) (G1 Preventive Collection) 3885M->3889M(4096M) 27.802ms
[2025-08-01T01:08:24.643+0000] GC(1091) User=0.21s Sys=0.00s Real=0.03s
[2025-08-01T01:08:24.661+0000] GC(1092) Pause Young (Normal) (G1 Preventive Collection)
[2025-08-01T01:08:24.661+0000] GC(1092) Using 8 workers of 8 for evacuation
[2025-08-01T01:08:24.676+0000] GC(1092)   Pre Evacuate Collection Set: 0.2ms
[2025-08-01T01:08:24.677+0000] GC(1092)   Merge Heap Roots: 0.1ms
[2025-08-01T01:08:24.677+0000] GC(1092)   Evacuate Collection Set: 14.1ms
[2025-08-01T01:08:24.677+0000] GC(1092)   Post Evacuate Collection Set: 0.8ms
[2025-08-01T01:08:24.677+0000] GC(1092)   Other: 0.1ms
[2025-08-01T01:08:24.677+0000] GC(1092) Eden regions: 41->0(89)
[2025-08-01T01:08:24.677+0000] GC(1092) Survivor regions: 13->13(13)
[2025-08-01T01:08:24.677+0000] GC(1092) Old regions: 1931->1974
[2025-08-01T01:08:24.677+0000] GC(1092) Archive regions: 2->2
[2025-08-01T01:08:24.677+0000] GC(1092) Humongous regions: 0->0
[2025-08-01T01:08:24.677+0000] GC(1092) Metaspace: 10061K(10304K)->10061K(10304K) NonClass: 8835K(8960K)->8835K(8960K) Class: 1225K(1344K)->1225K(1344K)
[2025-08-01T01:08:24.677+0000] GC(1092) Pause Young (Normal) (G1 Preventive Collection) 3971M->3974M(4096M) 15.480ms
[2025-08-01T01:08:24.677+0000] GC(1092) User=0.12s Sys=0.00s Real=0.02s
[2025-08-01T01:08:24.682+0000] GC(1093) Pause Young (Normal) (G1 Preventive Collection)
[2025-08-01T01:08:24.682+0000] GC(1093) Using 8 workers of 8 for evacuation
[2025-08-01T01:08:24.696+0000] GC(1093)   Pre Evacuate Collection Set: 0.4ms
[2025-08-01T01:08:24.696+0000] GC(1093)   Merge Heap Roots: 0.3ms
[2025-08-01T01:08:24.696+0000] GC(1093)   Evacuate Collection Set: 11.6ms
[2025-08-01T01:08:24.696+0000] GC(1093)   Post Evacuate Collection Set: 1.2ms
[2025-08-01T01:08:24.696+0000] GC(1093)   Other: 0.2ms
[2025-08-01T01:08:24.696+0000] GC(1093) Eden regions: 21->0(89)
[2025-08-01T01:08:24.696+0000] GC(1093) Survivor regions: 13->13(13)
[2025-08-01T01:08:24.696+0000] GC(1093) Old regions: 1974->1997
[2025-08-01T01:08:24.696+0000] GC(1093) Archive regions: 2->2
[2025-08-01T01:08:24.696+0000] GC(1093) Humongous regions: 0->0
[2025-08-01T01:08:24.696+0000] GC(1093) Metaspace: 10061K(10304K)->10061K(10304K) NonClass: 8835K(8960K)->8835K(8960K) Class: 1225K(1344K)->1225K(1344K)
[2025-08-01T01:08:24.696+0000] GC(1093) Pause Young (Normal) (G1 Preventive Collection) 4016M->4020M(4096M) 13.848ms
[2025-08-01T01:08:24.696+0000] GC(1093) User=0.08s Sys=0.00s Real=0.02s
[2025-08-01T01:08:24.698+0000] GC(1094) Pause Young (Normal) (G1 Preventive Collection)
[2025-08-01T01:08:24.698+0000] GC(1094) Using 8 workers of 8 for evacuation
[2025-08-01T01:08:24.707+0000] GC(1094)   Pre Evacuate Collection Set: 0.4ms
[2025-08-01T01:08:24.707+0000] GC(1094)   Merge Heap Roots: 0.1ms
[2025-08-01T01:08:24.707+0000] GC(1094)   Evacuate Collection Set: 8.1ms
[2025-08-01T01:08:24.707+0000] GC(1094)   Post Evacuate Collection Set: 0.6ms
[2025-08-01T01:08:24.707+0000] GC(1094)   Other: 0.2ms
[2025-08-01T01:08:24.707+0000] GC(1094) Eden regions: 10->0(91)
[2025-08-01T01:08:24.707+0000] GC(1094) Survivor regions: 13->11(13)
[2025-08-01T01:08:24.707+0000] GC(1094) Old regions: 1997->2012
[2025-08-01T01:08:24.707+0000] GC(1094) Archive regions: 2->2
[2025-08-01T01:08:24.707+0000] GC(1094) Humongous regions: 0->0
[2025-08-01T01:08:24.707+0000] GC(1094) Metaspace: 10061K(10304K)->10061K(10304K) NonClass: 8835K(8960K)->8835K(8960K) Class: 1225K(1344K)->1225K(1344K)
[2025-08-01T01:08:24.708+0000] GC(1094) Pause Young (Normal) (G1 Preventive Collection) 4040M->4047M(4096M) 9.610ms
[2025-08-01T01:08:24.708+0000] GC(1094) User=0.07s Sys=0.00s Real=0.01s
[2025-08-01T01:08:24.709+0000] GC(1095) Pause Young (Normal) (G1 Preventive Collection)
[2025-08-01T01:08:24.709+0000] GC(1095) Using 8 workers of 8 for evacuation
[2025-08-01T01:08:24.715+0000] GC(1095)   Pre Evacuate Collection Set: 0.5ms
[2025-08-01T01:08:24.715+0000] GC(1095)   Merge Heap Roots: 0.1ms
[2025-08-01T01:08:24.715+0000] GC(1095)   Evacuate Collection Set: 4.8ms
[2025-08-01T01:08:24.715+0000] GC(1095)   Post Evacuate Collection Set: 0.5ms
[2025-08-01T01:08:24.715+0000] GC(1095)   Other: 0.2ms
[2025-08-01T01:08:24.715+0000] GC(1095) Eden regions: 5->0(96)
[2025-08-01T01:08:24.715+0000] GC(1095) Survivor regions: 11->6(13)
[2025-08-01T01:08:24.715+0000] GC(1095) Old regions: 2012->2024
[2025-08-01T01:08:24.715+0000] GC(1095) Archive regions: 2->2
[2025-08-01T01:08:24.715+0000] GC(1095) Humongous regions: 0->0
[2025-08-01T01:08:24.715+0000] GC(1095) Metaspace: 10061K(10304K)->10061K(10304K) NonClass: 8835K(8960K)->8835K(8960K) Class: 1225K(1344K)->1225K(1344K)
[2025-08-01T01:08:24.715+0000] GC(1095) Pause Young (Normal) (G1 Preventive Collection) 4057M->4060M(4096M) 6.254ms
[2025-08-01T01:08:24.715+0000] GC(1095) User=0.04s Sys=0.00s Real=0.01s
[2025-08-01T01:08:24.716+0000] GC(1096) Pause Young (Normal) (G1 Preventive Collection)
[2025-08-01T01:08:24.716+0000] GC(1096) Using 8 workers of 8 for evacuation
[2025-08-01T01:08:24.720+0000] GC(1096)   Pre Evacuate Collection Set: 0.3ms
[2025-08-01T01:08:24.720+0000] GC(1096)   Merge Heap Roots: 0.1ms
[2025-08-01T01:08:24.720+0000] GC(1096)   Evacuate Collection Set: 3.1ms
[2025-08-01T01:08:24.720+0000] GC(1096)   Post Evacuate Collection Set: 0.6ms
[2025-08-01T01:08:24.720+0000] GC(1096)   Other: 0.2ms
[2025-08-01T01:08:24.720+0000] GC(1096) Eden regions: 4->0(92)
[2025-08-01T01:08:24.720+0000] GC(1096) Survivor regions: 6->10(12)
[2025-08-01T01:08:24.720+0000] GC(1096) Old regions: 2024->2024
[2025-08-01T01:08:24.720+0000] GC(1096) Archive regions: 2->2
[2025-08-01T01:08:24.720+0000] GC(1096) Humongous regions: 0->0
[2025-08-01T01:08:24.720+0000] GC(1096) Metaspace: 10061K(10304K)->10061K(10304K) NonClass: 8835K(8960K)->8835K(8960K) Class: 1225K(1344K)->1225K(1344K)
[2025-08-01T01:08:24.720+0000] GC(1096) Pause Young (Normal) (G1 Preventive Collection) 4068M->4067M(4096M) 4.368ms
[2025-08-01T01:08:24.720+0000] GC(1096) User=0.02s Sys=0.01s Real=0.00s
[2025-08-01T01:08:24.721+0000] GC(1097) Pause Young (Normal) (G1 Preventive Collection)
[2025-08-01T01:08:24.721+0000] GC(1097) Using 8 workers of 8 for evacuation
[2025-08-01T01:08:24.726+0000] GC(1097)   Pre Evacuate Collection Set: 0.3ms
[2025-08-01T01:08:24.726+0000] GC(1097)   Merge Heap Roots: 0.1ms
[2025-08-01T01:08:24.726+0000] GC(1097)   Evacuate Collection Set: 3.1ms
[2025-08-01T01:08:24.726+0000] GC(1097)   Post Evacuate Collection Set: 0.8ms
[2025-08-01T01:08:24.726+0000] GC(1097)   Other: 0.2ms
[2025-08-01T01:08:24.726+0000] GC(1097) Eden regions: 1->0(96)
[2025-08-01T01:08:24.726+0000] GC(1097) Survivor regions: 10->6(11)
[2025-08-01T01:08:24.726+0000] GC(1097) Old regions: 2024->2029
[2025-08-01T01:08:24.726+0000] GC(1097) Archive regions: 2->2
[2025-08-01T01:08:24.726+0000] GC(1097) Humongous regions: 0->0
[2025-08-01T01:08:24.726+0000] GC(1097) Metaspace: 10061K(10304K)->10061K(10304K) NonClass: 8835K(8960K)->8835K(8960K) Class: 1225K(1344K)->1225K(1344K)
[2025-08-01T01:08:24.726+0000] GC(1097) Pause Young (Normal) (G1 Preventive Collection) 4069M->4071M(4096M) 4.683ms
[2025-08-01T01:08:24.726+0000] GC(1097) User=0.03s Sys=0.00s Real=0.01s
[2025-08-01T01:08:24.727+0000] GC(1098) Pause Young (Normal) (G1 Preventive Collection)
[2025-08-01T01:08:24.727+0000] GC(1098) Using 8 workers of 8 for evacuation
[2025-08-01T01:08:24.731+0000] GC(1098)   Pre Evacuate Collection Set: 0.7ms
[2025-08-01T01:08:24.731+0000] GC(1098)   Merge Heap Roots: 0.2ms
[2025-08-01T01:08:24.731+0000] GC(1098)   Evacuate Collection Set: 2.8ms
[2025-08-01T01:08:24.731+0000] GC(1098)   Post Evacuate Collection Set: 0.8ms
[2025-08-01T01:08:24.732+0000] GC(1098)   Other: 0.2ms
[2025-08-01T01:08:24.732+0000] GC(1098) Eden regions: 2->0(95)
[2025-08-01T01:08:24.732+0000] GC(1098) Survivor regions: 6->7(9)
[2025-08-01T01:08:24.732+0000] GC(1098) Old regions: 2029->2029
[2025-08-01T01:08:24.732+0000] GC(1098) Archive regions: 2->2
[2025-08-01T01:08:24.732+0000] GC(1098) Humongous regions: 0->0
[2025-08-01T01:08:24.732+0000] GC(1098) Metaspace: 10061K(10304K)->10061K(10304K) NonClass: 8835K(8960K)->8835K(8960K) Class: 1225K(1344K)->1225K(1344K)
[2025-08-01T01:08:24.732+0000] GC(1098) Pause Young (Normal) (G1 Preventive Collection) 4075M->4073M(4096M) 4.926ms
[2025-08-01T01:08:24.732+0000] GC(1098) User=0.02s Sys=0.00s Real=0.00s
[2025-08-01T01:08:24.733+0000] GC(1099) Pause Young (Normal) (G1 Preventive Collection)
[2025-08-01T01:08:24.733+0000] GC(1099) Using 8 workers of 8 for evacuation
[2025-08-01T01:08:24.736+0000] GC(1099)   Pre Evacuate Collection Set: 0.5ms
[2025-08-01T01:08:24.736+0000] GC(1099)   Merge Heap Roots: 0.2ms
[2025-08-01T01:08:24.736+0000] GC(1099)   Evacuate Collection Set: 2.4ms
[2025-08-01T01:08:24.736+0000] GC(1099)   Post Evacuate Collection Set: 0.7ms
[2025-08-01T01:08:24.736+0000] GC(1099)   Other: 0.1ms
[2025-08-01T01:08:24.736+0000] GC(1099) Eden regions: 1->0(97)
[2025-08-01T01:08:24.736+0000] GC(1099) Survivor regions: 7->5(9)
[2025-08-01T01:08:24.736+0000] GC(1099) Old regions: 2029->2033
[2025-08-01T01:08:24.736+0000] GC(1099) Archive regions: 2->2
[2025-08-01T01:08:24.736+0000] GC(1099) Humongous regions: 0->0
[2025-08-01T01:08:24.736+0000] GC(1099) Metaspace: 10061K(10304K)->10061K(10304K) NonClass: 8835K(8960K)->8835K(8960K) Class: 1225K(1344K)->1225K(1344K)
[2025-08-01T01:08:24.737+0000] GC(1099) Pause Young (Normal) (G1 Preventive Collection) 4075M->4076M(4096M) 3.944ms
[2025-08-01T01:08:24.737+0000] GC(1099) User=0.02s Sys=0.00s Real=0.01s
[2025-08-01T01:08:24.737+0000] GC(1100) Pause Young (Normal) (G1 Preventive Collection)
[2025-08-01T01:08:24.737+0000] GC(1100) Using 8 workers of 8 for evacuation
[2025-08-01T01:08:24.740+0000] GC(1100)   Pre Evacuate Collection Set: 0.3ms
[2025-08-01T01:08:24.740+0000] GC(1100)   Merge Heap Roots: 0.1ms
[2025-08-01T01:08:24.740+0000] GC(1100)   Evacuate Collection Set: 1.5ms
[2025-08-01T01:08:24.740+0000] GC(1100)   Post Evacuate Collection Set: 0.6ms
[2025-08-01T01:08:24.740+0000] GC(1100)   Other: 0.1ms
[2025-08-01T01:08:24.740+0000] GC(1100) Eden regions: 1->0(97)
[2025-08-01T01:08:24.740+0000] GC(1100) Survivor regions: 5->5(7)
[2025-08-01T01:08:24.740+0000] GC(1100) Old regions: 2033->2033
[2025-08-01T01:08:24.740+0000] GC(1100) Archive regions: 2->2
[2025-08-01T01:08:24.740+0000] GC(1100) Humongous regions: 0->0
[2025-08-01T01:08:24.740+0000] GC(1100) Metaspace: 10061K(10304K)->10061K(10304K) NonClass: 8835K(8960K)->8835K(8960K) Class: 1225K(1344K)->1225K(1344K)
[2025-08-01T01:08:24.740+0000] GC(1100) Pause Young (Normal) (G1 Preventive Collection) 4078M->4077M(4096M) 2.881ms
[2025-08-01T01:08:24.740+0000] GC(1100) User=0.01s Sys=0.00s Real=0.00s
[2025-08-01T01:08:24.740+0000] GC(1101) Pause Young (Normal) (G1 Preventive Collection)
[2025-08-01T01:08:24.741+0000] GC(1101) Using 8 workers of 8 for evacuation
[2025-08-01T01:08:24.744+0000] GC(1101)   Pre Evacuate Collection Set: 0.5ms
[2025-08-01T01:08:24.744+0000] GC(1101)   Merge Heap Roots: 0.1ms
[2025-08-01T01:08:24.744+0000] GC(1101)   Evacuate Collection Set: 1.8ms
[2025-08-01T01:08:24.744+0000] GC(1101)   Post Evacuate Collection Set: 0.6ms
[2025-08-01T01:08:24.744+0000] GC(1101)   Other: 0.1ms
[2025-08-01T01:08:24.744+0000] GC(1101) Eden regions: 1->0(95)
[2025-08-01T01:08:24.744+0000] GC(1101) Survivor regions: 5->7(7)
[2025-08-01T01:08:24.744+0000] GC(1101) Old regions: 2033->2033
[2025-08-01T01:08:24.744+0000] GC(1101) Archive regions: 2->2
[2025-08-01T01:08:24.744+0000] GC(1101) Humongous regions: 0->0
[2025-08-01T01:08:24.744+0000] GC(1101) Metaspace: 10061K(10304K)->10061K(10304K) NonClass: 8835K(8960K)->8835K(8960K) Class: 1225K(1344K)->1225K(1344K)
[2025-08-01T01:08:24.744+0000] GC(1101) Pause Young (Normal) (G1 Preventive Collection) 4079M->4079M(4096M) 3.292ms
[2025-08-01T01:08:24.744+0000] GC(1101) User=0.02s Sys=0.01s Real=0.01s
[2025-08-01T01:08:24.744+0000] GC(1102) Pause Young (Normal) (G1 Preventive Collection)
[2025-08-01T01:08:24.744+0000] GC(1102) Using 8 workers of 8 for evacuation
[2025-08-01T01:08:24.748+0000] GC(1102) To-space exhausted
[2025-08-01T01:08:24.748+0000] GC(1102)   Pre Evacuate Collection Set: 0.2ms
[2025-08-01T01:08:24.748+0000] GC(1102)   Merge Heap Roots: 0.2ms
[2025-08-01T01:08:24.748+0000] GC(1102)   Evacuate Collection Set: 2.0ms
[2025-08-01T01:08:24.748+0000] GC(1102)   Post Evacuate Collection Set: 1.2ms
[2025-08-01T01:08:24.748+0000] GC(1102)   Other: 0.2ms
[2025-08-01T01:08:24.748+0000] GC(1102) Eden regions: 1->0(97)
[2025-08-01T01:08:24.748+0000] GC(1102) Survivor regions: 7->5(5)
[2025-08-01T01:08:24.748+0000] GC(1102) Old regions: 2033->2038
[2025-08-01T01:08:24.748+0000] GC(1102) Archive regions: 2->2
[2025-08-01T01:08:24.748+0000] GC(1102) Humongous regions: 0->0
[2025-08-01T01:08:24.748+0000] GC(1102) Metaspace: 10061K(10304K)->10061K(10304K) NonClass: 8835K(8960K)->8835K(8960K) Class: 1225K(1344K)->1225K(1344K)
[2025-08-01T01:08:24.748+0000] GC(1102) Pause Young (Normal) (G1 Preventive Collection) 4081M->4087M(4096M) 3.878ms
[2025-08-01T01:08:24.748+0000] GC(1102) User=0.01s Sys=0.00s Real=0.00s
[2025-08-01T01:08:24.749+0000] GC(1103) Pause Young (Normal) (G1 Preventive Collection)
[2025-08-01T01:08:24.749+0000] GC(1103) Using 8 workers of 8 for evacuation
[2025-08-01T01:08:24.753+0000] GC(1103) To-space exhausted
[2025-08-01T01:08:24.753+0000] GC(1103)   Pre Evacuate Collection Set: 0.4ms
[2025-08-01T01:08:24.753+0000] GC(1103)   Merge Heap Roots: 0.2ms
[2025-08-01T01:08:24.753+0000] GC(1103)   Evacuate Collection Set: 1.7ms
[2025-08-01T01:08:24.753+0000] GC(1103)   Post Evacuate Collection Set: 1.2ms
[2025-08-01T01:08:24.753+0000] GC(1103)   Other: 0.2ms
[2025-08-01T01:08:24.753+0000] GC(1103) Eden regions: 1->0(100)
[2025-08-01T01:08:24.753+0000] GC(1103) Survivor regions: 5->2(2)
[2025-08-01T01:08:24.753+0000] GC(1103) Old regions: 2038->2044
[2025-08-01T01:08:24.753+0000] GC(1103) Archive regions: 2->2
[2025-08-01T01:08:24.753+0000] GC(1103) Humongous regions: 0->0
[2025-08-01T01:08:24.753+0000] GC(1103) Metaspace: 10061K(10304K)->10061K(10304K) NonClass: 8835K(8960K)->8835K(8960K) Class: 1225K(1344K)->1225K(1344K)
[2025-08-01T01:08:24.753+0000] GC(1103) Pause Young (Normal) (G1 Preventive Collection) 4089M->4093M(4096M) 3.829ms
[2025-08-01T01:08:24.753+0000] GC(1103) User=0.02s Sys=0.00s Real=0.00s
[2025-08-01T01:08:24.753+0000] Attempting full compaction
[2025-08-01T01:08:24.753+0000] GC(1104) Pause Full (G1 Compaction Pause)
[2025-08-01T01:08:24.753+0000] GC(1104) Using 8 workers of 8 for full compaction
[2025-08-01T01:08:24.758+0000] GC(1104) Phase 1: Mark live objects
[2025-08-01T01:08:24.806+0000] GC(1104) Phase 1: Mark live objects 47.252ms
[2025-08-01T01:08:24.806+0000] GC(1104) Phase 2: Prepare for compaction
[2025-08-01T01:08:24.817+0000] GC(1104) Phase 2: Prepare for compaction 11.504ms
[2025-08-01T01:08:24.817+0000] GC(1104) Phase 3: Adjust pointers
[2025-08-01T01:08:24.858+0000] GC(1104) Phase 3: Adjust pointers 40.583ms
[2025-08-01T01:08:24.858+0000] GC(1104) Phase 4: Compact heap
[2025-08-01T01:08:24.896+0000] GC(1104) Phase 4: Compact heap 38.255ms
[2025-08-01T01:08:24.905+0000] GC(1104) Eden regions: 0->0(425)
[2025-08-01T01:08:24.905+0000] GC(1104) Survivor regions: 2->0(2)
[2025-08-01T01:08:24.905+0000] GC(1104) Old regions: 2044->480
[2025-08-01T01:08:24.905+0000] GC(1104) Archive regions: 2->2
[2025-08-01T01:08:24.905+0000] GC(1104) Humongous regions: 0->0
[2025-08-01T01:08:24.905+0000] GC(1104) Metaspace: 10061K(10304K)->10061K(10304K) NonClass: 8835K(8960K)->8835K(8960K) Class: 1225K(1344K)->1225K(1344K)
[2025-08-01T01:08:24.905+0000] GC(1104) Pause Full (G1 Compaction Pause) 4093M->954M(4096M) 152.083ms
[2025-08-01T01:08:24.905+0000] GC(1104) User=1.09s Sys=0.01s Real=0.16s
[2025-08-01T01:08:24.905+0000] GC(1087) Concurrent Mark From Roots 442.147ms
[2025-08-01T01:08:24.905+0000] GC(1087) Concurrent Mark Abort
[2025-08-01T01:08:24.905+0000] GC(1087) Concurrent Mark Cycle 468.011ms
[2025-08-01T01:08:25.078+0000] GC(1105) Pause Young (Normal) (G1 Evacuation Pause)
[2025-08-01T01:08:25.078+0000] GC(1105) Using 8 workers of 8 for evacuation
[2025-08-01T01:08:25.541+0000] GC(1105) MMU target violated: 201.0ms (200.0ms/201.0ms)
[2025-08-01T01:08:25.541+0000] GC(1105)   Pre Evacuate Collection Set: 0.4ms
[2025-08-01T01:08:25.541+0000] GC(1105)   Merge Heap Roots: 0.3ms
[2025-08-01T01:08:25.541+0000] GC(1105)   Evacuate Collection Set: 460.7ms
[2025-08-01T01:08:25.541+0000] GC(1105)   Post Evacuate Collection Set: 1.1ms
[2025-08-01T01:08:25.541+0000] GC(1105)   Other: 0.3ms
[2025-08-01T01:08:25.541+0000] GC(1105) Eden regions: 425->0(199)
[2025-08-01T01:08:25.541+0000] GC(1105) Survivor regions: 0->54(54)
[2025-08-01T01:08:25.541+0000] GC(1105) Old regions: 480->716
[2025-08-01T01:08:25.541+0000] GC(1105) Archive regions: 2->2
[2025-08-01T01:08:25.541+0000] GC(1105) Humongous regions: 0->0
[2025-08-01T01:08:25.541+0000] GC(1105) Metaspace: 10061K(10304K)->10061K(10304K) NonClass: 8835K(8960K)->8835K(8960K) Class: 1225K(1344K)->1225K(1344K)
[2025-08-01T01:08:25.541+0000] GC(1105) Pause Young (Normal) (G1 Evacuation Pause) 1804M->1533M(4096M) 462.923ms
[2025-08-01T01:08:25.541+0000] GC(1105) User=1.82s Sys=0.83s Real=0.46s
[2025-08-01T01:08:25.621+0000] GC(1106) Pause Young (Concurrent Start) (G1 Evacuation Pause)
[2025-08-01T01:08:25.621+0000] GC(1106) Using 8 workers of 8 for evacuation
[2025-08-01T01:08:25.709+0000] GC(1106)   Pre Evacuate Collection Set: 1.9ms
[2025-08-01T01:08:25.709+0000] GC(1106)   Merge Heap Roots: 0.3ms
[2025-08-01T01:08:25.709+0000] GC(1106)   Evacuate Collection Set: 84.1ms
[2025-08-01T01:08:25.709+0000] GC(1106)   Post Evacuate Collection Set: 1.0ms
[2025-08-01T01:08:25.709+0000] GC(1106)   Other: 0.5ms
[2025-08-01T01:08:25.709+0000] GC(1106) Eden regions: 199->0(285)
[2025-08-01T01:08:25.709+0000] GC(1106) Survivor regions: 54->32(32)
[2025-08-01T01:08:25.709+0000] GC(1106) Old regions: 716->910
[2025-08-01T01:08:25.709+0000] GC(1106) Archive regions: 2->2
[2025-08-01T01:08:25.709+0000] GC(1106) Humongous regions: 0->0
[2025-08-01T01:08:25.709+0000] GC(1106) Metaspace: 10061K(10304K)->10061K(10304K) NonClass: 8835K(8960K)->8835K(8960K) Class: 1225K(1344K)->1225K(1344K)
[2025-08-01T01:08:25.709+0000] GC(1106) Pause Young (Concurrent Start) (G1 Evacuation Pause) 1931M->1877M(4096M) 88.029ms
[2025-08-01T01:08:25.709+0000] GC(1106) User=0.60s Sys=0.03s Real=0.09s
[2025-08-01T01:08:25.709+0000] GC(1107) Concurrent Mark Cycle
[2025-08-01T01:08:25.709+0000] GC(1107) Concurrent Clear Claimed Marks
[2025-08-01T01:08:25.709+0000] GC(1107) Concurrent Clear Claimed Marks 0.026ms
[2025-08-01T01:08:25.709+0000] GC(1107) Concurrent Scan Root Regions
[2025-08-01T01:08:25.753+0000] GC(1107) Concurrent Scan Root Regions 44.362ms
[2025-08-01T01:08:25.753+0000] GC(1107) Concurrent Mark
[2025-08-01T01:08:25.753+0000] GC(1107) Concurrent Mark From Roots
[2025-08-01T01:08:25.753+0000] GC(1107) Using 2 workers of 2 for marking
[2025-08-01T01:08:25.848+0000] GC(1107) Concurrent Mark From Roots 95.042ms
[2025-08-01T01:08:25.849+0000] GC(1107) Concurrent Preclean
[2025-08-01T01:08:25.849+0000] GC(1107) Concurrent Preclean 0.365ms
[2025-08-01T01:08:25.849+0000] GC(1107) Pause Remark
[2025-08-01T01:08:25.852+0000] GC(1107) Pause Remark 2431M->1810M(4096M) 3.152ms
[2025-08-01T01:08:25.852+0000] GC(1107) User=0.01s Sys=0.00s Real=0.00s
[2025-08-01T01:08:25.852+0000] GC(1107) Concurrent Mark 99.010ms
[2025-08-01T01:08:25.852+0000] GC(1107) Concurrent Rebuild Remembered Sets
[2025-08-01T01:08:25.856+0000] GC(1108) Pause Young (Normal) (G1 Evacuation Pause)
[2025-08-01T01:08:25.856+0000] GC(1108) Using 8 workers of 8 for evacuation
[2025-08-01T01:08:25.949+0000] GC(1108)   Pre Evacuate Collection Set: 0.7ms
[2025-08-01T01:08:25.949+0000] GC(1108)   Merge Heap Roots: 0.3ms
[2025-08-01T01:08:25.949+0000] GC(1108)   Evacuate Collection Set: 90.7ms
[2025-08-01T01:08:25.949+0000] GC(1108)   Post Evacuate Collection Set: 1.2ms
[2025-08-01T01:08:25.949+0000] GC(1108)   Other: 0.2ms
[2025-08-01T01:08:25.949+0000] GC(1108) Eden regions: 285->0(301)
[2025-08-01T01:08:25.949+0000] GC(1108) Survivor regions: 32->40(40)
[2025-08-01T01:08:25.949+0000] GC(1108) Old regions: 597->852
[2025-08-01T01:08:25.949+0000] GC(1108) Archive regions: 2->2
[2025-08-01T01:08:25.949+0000] GC(1108) Humongous regions: 0->0
[2025-08-01T01:08:25.949+0000] GC(1108) Metaspace: 10061K(10304K)->10061K(10304K) NonClass: 8835K(8960K)->8835K(8960K) Class: 1225K(1344K)->1225K(1344K)
[2025-08-01T01:08:25.949+0000] GC(1108) Pause Young (Normal) (G1 Evacuation Pause) 1826M->1783M(4096M) 93.174ms
[2025-08-01T01:08:25.949+0000] GC(1108) User=0.69s Sys=0.01s Real=0.09s
[2025-08-01T01:08:26.059+0000] GC(1109) Pause Young (Normal) (G1 Evacuation Pause)
[2025-08-01T01:08:26.059+0000] GC(1109) Using 8 workers of 8 for evacuation
[2025-08-01T01:08:26.126+0000] GC(1109)   Pre Evacuate Collection Set: 0.7ms
[2025-08-01T01:08:26.126+0000] GC(1109)   Merge Heap Roots: 0.2ms
[2025-08-01T01:08:26.126+0000] GC(1109)   Evacuate Collection Set: 65.0ms
[2025-08-01T01:08:26.126+0000] GC(1109)   Post Evacuate Collection Set: 1.3ms
[2025-08-01T01:08:26.126+0000] GC(1109)   Other: 0.3ms
[2025-08-01T01:08:26.126+0000] GC(1109) Eden regions: 301->0(259)
[2025-08-01T01:08:26.126+0000] GC(1109) Survivor regions: 40->43(43)
[2025-08-01T01:08:26.126+0000] GC(1109) Old regions: 852->1006
[2025-08-01T01:08:26.126+0000] GC(1109) Archive regions: 2->2
[2025-08-01T01:08:26.126+0000] GC(1109) Humongous regions: 0->0
[2025-08-01T01:08:26.126+0000] GC(1109) Metaspace: 10061K(10304K)->10061K(10304K) NonClass: 8835K(8960K)->8835K(8960K) Class: 1225K(1344K)->1225K(1344K)
[2025-08-01T01:08:26.126+0000] GC(1109) Pause Young (Normal) (G1 Evacuation Pause) 2385M->2096M(4096M) 67.597ms
[2025-08-01T01:08:26.126+0000] GC(1109) User=0.50s Sys=0.02s Real=0.07s
[2025-08-01T01:08:26.149+0000] GC(1107) Concurrent Rebuild Remembered Sets 296.179ms
[2025-08-01T01:08:26.149+0000] GC(1107) Pause Cleanup
[2025-08-01T01:08:26.149+0000] GC(1107) Pause Cleanup 2276M->2276M(4096M) 0.638ms
[2025-08-01T01:08:26.150+0000] GC(1107) User=0.00s Sys=0.00s Real=0.00s
[2025-08-01T01:08:26.150+0000] GC(1107) Concurrent Cleanup for Next Mark
[2025-08-01T01:08:26.158+0000] GC(1107) Concurrent Cleanup for Next Mark 8.550ms
[2025-08-01T01:08:26.158+0000] GC(1107) Concurrent Mark Cycle 449.304ms
[2025-08-01T01:08:26.223+0000] GC(1110) Pause Young (Prepare Mixed) (G1 Evacuation Pause)
[2025-08-01T01:08:26.223+0000] GC(1110) Using 8 workers of 8 for evacuation
[2025-08-01T01:08:26.335+0000] GC(1110)   Pre Evacuate Collection Set: 0.6ms
[2025-08-01T01:08:26.335+0000] GC(1110)   Merge Heap Roots: 0.2ms
[2025-08-01T01:08:26.335+0000] GC(1110)   Evacuate Collection Set: 109.3ms
[2025-08-01T01:08:26.335+0000] GC(1110)   Post Evacuate Collection Set: 1.3ms
[2025-08-01T01:08:26.335+0000] GC(1110)   Other: 0.2ms
[2025-08-01T01:08:26.335+0000] GC(1110) Eden regions: 259->0(64)
[2025-08-01T01:08:26.335+0000] GC(1110) Survivor regions: 43->38(38)
[2025-08-01T01:08:26.335+0000] GC(1110) Old regions: 1006->1204
[2025-08-01T01:08:26.335+0000] GC(1110) Archive regions: 2->2
[2025-08-01T01:08:26.335+0000] GC(1110) Humongous regions: 0->0
[2025-08-01T01:08:26.335+0000] GC(1110) Metaspace: 10061K(10304K)->10061K(10304K) NonClass: 8835K(8960K)->8835K(8960K) Class: 1225K(1344K)->1225K(1344K)
[2025-08-01T01:08:26.335+0000] GC(1110) Pause Young (Prepare Mixed) (G1 Evacuation Pause) 2614M->2482M(4096M) 111.829ms
[2025-08-01T01:08:26.335+0000] GC(1110) User=0.85s Sys=0.01s Real=0.11s
[2025-08-01T01:08:26.388+0000] GC(1111) Pause Young (Mixed) (G1 Evacuation Pause)
[2025-08-01T01:08:26.388+0000] GC(1111) Using 8 workers of 8 for evacuation
[2025-08-01T01:08:26.423+0000] GC(1111)   Pre Evacuate Collection Set: 0.4ms
[2025-08-01T01:08:26.423+0000] GC(1111)   Merge Heap Roots: 0.2ms
[2025-08-01T01:08:26.423+0000] GC(1111)   Evacuate Collection Set: 32.7ms
[2025-08-01T01:08:26.423+0000] GC(1111)   Post Evacuate Collection Set: 1.5ms
[2025-08-01T01:08:26.423+0000] GC(1111)   Other: 0.2ms
[2025-08-01T01:08:26.423+0000] GC(1111) Eden regions: 64->0(210)
[2025-08-01T01:08:26.423+0000] GC(1111) Survivor regions: 38->13(13)
[2025-08-01T01:08:26.423+0000] GC(1111) Old regions: 1204->1182
[2025-08-01T01:08:26.423+0000] GC(1111) Archive regions: 2->2
[2025-08-01T01:08:26.423+0000] GC(1111) Humongous regions: 0->0
[2025-08-01T01:08:26.423+0000] GC(1111) Metaspace: 10061K(10304K)->10061K(10304K) NonClass: 8835K(8960K)->8835K(8960K) Class: 1225K(1344K)->1225K(1344K)
[2025-08-01T01:08:26.423+0000] GC(1111) Pause Young (Mixed) (G1 Evacuation Pause) 2610M->2389M(4096M) 35.282ms
[2025-08-01T01:08:26.423+0000] GC(1111) User=0.23s Sys=0.01s Real=0.04s
[2025-08-01T01:08:26.512+0000] GC(1112) Pause Young (Concurrent Start) (G1 Evacuation Pause)
[2025-08-01T01:08:26.512+0000] GC(1112) Using 8 workers of 8 for evacuation
[2025-08-01T01:08:26.574+0000] GC(1112)   Pre Evacuate Collection Set: 0.4ms
[2025-08-01T01:08:26.574+0000] GC(1112)   Merge Heap Roots: 0.2ms
[2025-08-01T01:08:26.574+0000] GC(1112)   Evacuate Collection Set: 57.8ms
[2025-08-01T01:08:26.574+0000] GC(1112)   Post Evacuate Collection Set: 2.7ms
[2025-08-01T01:08:26.574+0000] GC(1112)   Other: 0.4ms
[2025-08-01T01:08:26.574+0000] GC(1112) Eden regions: 210->0(157)
[2025-08-01T01:08:26.574+0000] GC(1112) Survivor regions: 13->28(28)
[2025-08-01T01:08:26.574+0000] GC(1112) Old regions: 1182->1333
[2025-08-01T01:08:26.574+0000] GC(1112) Archive regions: 2->2
[2025-08-01T01:08:26.574+0000] GC(1112) Humongous regions: 0->0
[2025-08-01T01:08:26.574+0000] GC(1112) Metaspace: 10061K(10304K)->10061K(10304K) NonClass: 8835K(8960K)->8835K(8960K) Class: 1225K(1344K)->1225K(1344K)
[2025-08-01T01:08:26.574+0000] GC(1112) Pause Young (Concurrent Start) (G1 Evacuation Pause) 2809M->2722M(4096M) 61.856ms
[2025-08-01T01:08:26.574+0000] GC(1112) User=0.44s Sys=0.02s Real=0.07s
[2025-08-01T01:08:26.574+0000] GC(1113) Concurrent Mark Cycle
[2025-08-01T01:08:26.574+0000] GC(1113) Concurrent Clear Claimed Marks
[2025-08-01T01:08:26.574+0000] GC(1113) Concurrent Clear Claimed Marks 0.019ms
[2025-08-01T01:08:26.574+0000] GC(1113) Concurrent Scan Root Regions
[2025-08-01T01:08:26.622+0000] GC(1113) Concurrent Scan Root Regions 47.385ms
[2025-08-01T01:08:26.622+0000] GC(1113) Concurrent Mark
[2025-08-01T01:08:26.622+0000] GC(1113) Concurrent Mark From Roots
[2025-08-01T01:08:26.622+0000] GC(1113) Using 2 workers of 2 for marking
[2025-08-01T01:08:26.657+0000] GC(1114) Pause Young (Normal) (G1 Evacuation Pause)
[2025-08-01T01:08:26.657+0000] GC(1114) Using 8 workers of 8 for evacuation
[2025-08-01T01:08:26.727+0000] GC(1114)   Pre Evacuate Collection Set: 0.7ms
[2025-08-01T01:08:26.727+0000] GC(1114)   Merge Heap Roots: 0.5ms
[2025-08-01T01:08:26.727+0000] GC(1114)   Evacuate Collection Set: 68.2ms
[2025-08-01T01:08:26.727+0000] GC(1114)   Post Evacuate Collection Set: 0.7ms
[2025-08-01T01:08:26.727+0000] GC(1114)   Other: 0.2ms
[2025-08-01T01:08:26.727+0000] GC(1114) Eden regions: 157->0(101)
[2025-08-01T01:08:26.727+0000] GC(1114) Survivor regions: 28->24(24)
[2025-08-01T01:08:26.727+0000] GC(1114) Old regions: 1333->1495
[2025-08-01T01:08:26.727+0000] GC(1114) Archive regions: 2->2
[2025-08-01T01:08:26.727+0000] GC(1114) Humongous regions: 0->0
[2025-08-01T01:08:26.727+0000] GC(1114) Metaspace: 10061K(10304K)->10061K(10304K) NonClass: 8835K(8960K)->8835K(8960K) Class: 1225K(1344K)->1225K(1344K)
[2025-08-01T01:08:26.727+0000] GC(1114) Pause Young (Normal) (G1 Evacuation Pause) 3036M->3038M(4096M) 70.399ms
[2025-08-01T01:08:26.727+0000] GC(1114) User=0.52s Sys=0.02s Real=0.07s
[2025-08-01T01:08:26.747+0000] GC(1115) Pause Young (Normal) (G1 Evacuation Pause)
[2025-08-01T01:08:26.747+0000] GC(1115) Using 8 workers of 8 for evacuation
[2025-08-01T01:08:26.786+0000] GC(1115)   Pre Evacuate Collection Set: 0.5ms
[2025-08-01T01:08:26.786+0000] GC(1115)   Merge Heap Roots: 0.4ms
[2025-08-01T01:08:26.786+0000] GC(1115)   Evacuate Collection Set: 37.3ms
[2025-08-01T01:08:26.786+0000] GC(1115)   Post Evacuate Collection Set: 0.6ms
[2025-08-01T01:08:26.786+0000] GC(1115)   Other: 0.2ms
[2025-08-01T01:08:26.786+0000] GC(1115) Eden regions: 101->0(86)
[2025-08-01T01:08:26.786+0000] GC(1115) Survivor regions: 24->16(16)
[2025-08-01T01:08:26.786+0000] GC(1115) Old regions: 1495->1606
[2025-08-01T01:08:26.786+0000] GC(1115) Archive regions: 2->2
[2025-08-01T01:08:26.786+0000] GC(1115) Humongous regions: 0->0
[2025-08-01T01:08:26.786+0000] GC(1115) Metaspace: 10061K(10304K)->10061K(10304K) NonClass: 8835K(8960K)->8835K(8960K) Class: 1225K(1344K)->1225K(1344K)
[2025-08-01T01:08:26.786+0000] GC(1115) Pause Young (Normal) (G1 Evacuation Pause) 3240M->3244M(4096M) 39.213ms
[2025-08-01T01:08:26.786+0000] GC(1115) User=0.28s Sys=0.00s Real=0.04s
[2025-08-01T01:08:26.825+0000] GC(1113) Concurrent Mark From Roots 202.847ms
[2025-08-01T01:08:26.825+0000] GC(1113) Concurrent Preclean
[2025-08-01T01:08:26.825+0000] GC(1113) Concurrent Preclean 0.417ms
[2025-08-01T01:08:26.825+0000] GC(1113) Pause Remark
[2025-08-01T01:08:26.828+0000] GC(1113) Pause Remark 3381M->1698M(4096M) 2.433ms
[2025-08-01T01:08:26.828+0000] GC(1113) User=0.01s Sys=0.00s Real=0.00s
[2025-08-01T01:08:26.828+0000] GC(1113) Concurrent Mark 205.939ms
[2025-08-01T01:08:26.828+0000] GC(1113) Concurrent Rebuild Remembered Sets
[2025-08-01T01:08:26.849+0000] GC(1116) Pause Young (Normal) (G1 Evacuation Pause)
[2025-08-01T01:08:26.849+0000] GC(1116) Using 8 workers of 8 for evacuation
[2025-08-01T01:08:26.870+0000] GC(1116)   Pre Evacuate Collection Set: 2.1ms
[2025-08-01T01:08:26.870+0000] GC(1116)   Merge Heap Roots: 0.6ms
[2025-08-01T01:08:26.870+0000] GC(1116)   Evacuate Collection Set: 16.1ms
[2025-08-01T01:08:26.870+0000] GC(1116)   Post Evacuate Collection Set: 1.5ms
[2025-08-01T01:08:26.870+0000] GC(1116)   Other: 0.2ms
[2025-08-01T01:08:26.870+0000] GC(1116) Eden regions: 86->0(328)
[2025-08-01T01:08:26.870+0000] GC(1116) Survivor regions: 16->13(13)
[2025-08-01T01:08:26.870+0000] GC(1116) Old regions: 764->811
[2025-08-01T01:08:26.870+0000] GC(1116) Archive regions: 2->2
[2025-08-01T01:08:26.870+0000] GC(1116) Humongous regions: 0->0
[2025-08-01T01:08:26.870+0000] GC(1116) Metaspace: 10061K(10304K)->10061K(10304K) NonClass: 8835K(8960K)->8835K(8960K) Class: 1225K(1344K)->1225K(1344K)
[2025-08-01T01:08:26.870+0000] GC(1116) Pause Young (Normal) (G1 Evacuation Pause) 1733M->1649M(4096M) 20.559ms
[2025-08-01T01:08:26.870+0000] GC(1116) User=0.11s Sys=0.00s Real=0.02s
[2025-08-01T01:08:26.986+0000] GC(1117) Pause Young (Normal) (G1 Evacuation Pause)
[2025-08-01T01:08:26.986+0000] GC(1117) Using 8 workers of 8 for evacuation
[2025-08-01T01:08:27.070+0000] GC(1117)   Pre Evacuate Collection Set: 0.5ms
[2025-08-01T01:08:27.071+0000] GC(1117)   Merge Heap Roots: 0.2ms
[2025-08-01T01:08:27.071+0000] GC(1117)   Evacuate Collection Set: 82.5ms
[2025-08-01T01:08:27.071+0000] GC(1117)   Post Evacuate Collection Set: 0.9ms
[2025-08-01T01:08:27.071+0000] GC(1117)   Other: 0.2ms
[2025-08-01T01:08:27.071+0000] GC(1117) Eden regions: 328->0(237)
[2025-08-01T01:08:27.071+0000] GC(1117) Survivor regions: 13->43(43)
[2025-08-01T01:08:27.071+0000] GC(1117) Old regions: 811->1061
[2025-08-01T01:08:27.071+0000] GC(1117) Archive regions: 2->2
[2025-08-01T01:08:27.071+0000] GC(1117) Humongous regions: 0->0
[2025-08-01T01:08:27.071+0000] GC(1117) Metaspace: 10061K(10304K)->10061K(10304K) NonClass: 8835K(8960K)->8835K(8960K) Class: 1225K(1344K)->1225K(1344K)
[2025-08-01T01:08:27.071+0000] GC(1117) Pause Young (Normal) (G1 Evacuation Pause) 2305M->2209M(4096M) 84.319ms
[2025-08-01T01:08:27.071+0000] GC(1117) User=0.60s Sys=0.00s Real=0.08s
[2025-08-01T01:08:27.125+0000] GC(1113) Concurrent Rebuild Remembered Sets 296.942ms
[2025-08-01T01:08:27.125+0000] GC(1113) Pause Cleanup
[2025-08-01T01:08:27.125+0000] GC(1113) Pause Cleanup 2424M->2424M(4096M) 0.639ms
[2025-08-01T01:08:27.125+0000] GC(1113) User=0.00s Sys=0.00s Real=0.00s
[2025-08-01T01:08:27.125+0000] GC(1113) Concurrent Cleanup for Next Mark
[2025-08-01T01:08:27.137+0000] GC(1113) Concurrent Cleanup for Next Mark 11.873ms
[2025-08-01T01:08:27.138+0000] GC(1113) Concurrent Mark Cycle 563.373ms
[2025-08-01T01:08:27.163+0000] GC(1118) Pause Young (Prepare Mixed) (G1 Evacuation Pause)
[2025-08-01T01:08:27.163+0000] GC(1118) Using 8 workers of 8 for evacuation
[2025-08-01T01:08:27.241+0000] GC(1118)   Pre Evacuate Collection Set: 0.5ms
[2025-08-01T01:08:27.241+0000] GC(1118)   Merge Heap Roots: 0.1ms
[2025-08-01T01:08:27.241+0000] GC(1118)   Evacuate Collection Set: 76.3ms
[2025-08-01T01:08:27.241+0000] GC(1118)   Post Evacuate Collection Set: 1.3ms
[2025-08-01T01:08:27.241+0000] GC(1118)   Other: 0.3ms
[2025-08-01T01:08:27.241+0000] GC(1118) Eden regions: 237->0(67)
[2025-08-01T01:08:27.241+0000] GC(1118) Survivor regions: 43->35(35)
[2025-08-01T01:08:27.241+0000] GC(1118) Old regions: 1061->1249
[2025-08-01T01:08:27.241+0000] GC(1118) Archive regions: 2->2
[2025-08-01T01:08:27.241+0000] GC(1118) Humongous regions: 0->0
[2025-08-01T01:08:27.241+0000] GC(1118) Metaspace: 10061K(10304K)->10061K(10304K) NonClass: 8835K(8960K)->8835K(8960K) Class: 1225K(1344K)->1225K(1344K)
[2025-08-01T01:08:27.241+0000] GC(1118) Pause Young (Prepare Mixed) (G1 Evacuation Pause) 2683M->2568M(4096M) 78.689ms
[2025-08-01T01:08:27.241+0000] GC(1118) User=0.58s Sys=0.01s Real=0.08s
[2025-08-01T01:08:27.254+0000] GC(1119) Pause Young (Mixed) (G1 Evacuation Pause)
[2025-08-01T01:08:27.254+0000] GC(1119) Using 8 workers of 8 for evacuation
[2025-08-01T01:08:27.285+0000] GC(1119)   Pre Evacuate Collection Set: 0.3ms
[2025-08-01T01:08:27.285+0000] GC(1119)   Merge Heap Roots: 0.1ms
[2025-08-01T01:08:27.285+0000] GC(1119)   Evacuate Collection Set: 29.5ms
[2025-08-01T01:08:27.285+0000] GC(1119)   Post Evacuate Collection Set: 0.7ms
[2025-08-01T01:08:27.285+0000] GC(1119)   Other: 0.2ms
[2025-08-01T01:08:27.285+0000] GC(1119) Eden regions: 67->0(162)
[2025-08-01T01:08:27.285+0000] GC(1119) Survivor regions: 35->13(13)
[2025-08-01T01:08:27.285+0000] GC(1119) Old regions: 1249->1316
[2025-08-01T01:08:27.285+0000] GC(1119) Archive regions: 2->2
[2025-08-01T01:08:27.285+0000] GC(1119) Humongous regions: 0->0
[2025-08-01T01:08:27.285+0000] GC(1119) Metaspace: 10061K(10304K)->10061K(10304K) NonClass: 8835K(8960K)->8835K(8960K) Class: 1225K(1344K)->1225K(1344K)
[2025-08-01T01:08:27.285+0000] GC(1119) Pause Young (Mixed) (G1 Evacuation Pause) 2702M->2658M(4096M) 31.071ms
[2025-08-01T01:08:27.285+0000] GC(1119) User=0.22s Sys=0.01s Real=0.03s
[2025-08-01T01:08:27.361+0000] GC(1120) Pause Young (Concurrent Start) (G1 Evacuation Pause)
[2025-08-01T01:08:27.361+0000] GC(1120) Using 8 workers of 8 for evacuation
[2025-08-01T01:08:27.445+0000] GC(1120)   Pre Evacuate Collection Set: 0.7ms
[2025-08-01T01:08:27.445+0000] GC(1120)   Merge Heap Roots: 0.6ms
[2025-08-01T01:08:27.445+0000] GC(1120)   Evacuate Collection Set: 81.6ms
[2025-08-01T01:08:27.445+0000] GC(1120)   Post Evacuate Collection Set: 0.8ms
[2025-08-01T01:08:27.445+0000] GC(1120)   Other: 0.4ms
[2025-08-01T01:08:27.445+0000] GC(1120) Eden regions: 162->0(108)
[2025-08-01T01:08:27.445+0000] GC(1120) Survivor regions: 13->22(22)
[2025-08-01T01:08:27.445+0000] GC(1120) Old regions: 1316->1470
[2025-08-01T01:08:27.445+0000] GC(1120) Archive regions: 2->2
[2025-08-01T01:08:27.445+0000] GC(1120) Humongous regions: 0->0
[2025-08-01T01:08:27.445+0000] GC(1120) Metaspace: 10061K(10304K)->10061K(10304K) NonClass: 8835K(8960K)->8835K(8960K) Class: 1225K(1344K)->1225K(1344K)
[2025-08-01T01:08:27.445+0000] GC(1120) Pause Young (Concurrent Start) (G1 Evacuation Pause) 2982M->2985M(4096M) 84.245ms
[2025-08-01T01:08:27.446+0000] GC(1120) User=0.61s Sys=0.02s Real=0.09s
[2025-08-01T01:08:27.446+0000] GC(1121) Concurrent Mark Cycle
[2025-08-01T01:08:27.446+0000] GC(1121) Concurrent Clear Claimed Marks
[2025-08-01T01:08:27.446+0000] GC(1121) Concurrent Clear Claimed Marks 0.019ms
[2025-08-01T01:08:27.446+0000] GC(1121) Concurrent Scan Root Regions
[2025-08-01T01:08:27.484+0000] GC(1121) Concurrent Scan Root Regions 38.575ms
[2025-08-01T01:08:27.484+0000] GC(1121) Concurrent Mark
[2025-08-01T01:08:27.484+0000] GC(1121) Concurrent Mark From Roots
[2025-08-01T01:08:27.484+0000] GC(1121) Using 2 workers of 2 for marking
[2025-08-01T01:08:27.521+0000] GC(1122) Pause Young (Normal) (G1 Evacuation Pause)
[2025-08-01T01:08:27.521+0000] GC(1122) Using 8 workers of 8 for evacuation
[2025-08-01T01:08:27.547+0000] GC(1122)   Pre Evacuate Collection Set: 0.7ms
[2025-08-01T01:08:27.547+0000] GC(1122)   Merge Heap Roots: 0.2ms
[2025-08-01T01:08:27.547+0000] GC(1122)   Evacuate Collection Set: 24.4ms
[2025-08-01T01:08:27.547+0000] GC(1122)   Post Evacuate Collection Set: 0.7ms
[2025-08-01T01:08:27.547+0000] GC(1122)   Other: 0.3ms
[2025-08-01T01:08:27.547+0000] GC(1122) Eden regions: 108->0(94)
[2025-08-01T01:08:27.547+0000] GC(1122) Survivor regions: 22->17(17)
[2025-08-01T01:08:27.547+0000] GC(1122) Old regions: 1470->1529
[2025-08-01T01:08:27.547+0000] GC(1122) Archive regions: 2->2
[2025-08-01T01:08:27.547+0000] GC(1122) Humongous regions: 0->0
[2025-08-01T01:08:27.547+0000] GC(1122) Metaspace: 10061K(10304K)->10061K(10304K) NonClass: 8835K(8960K)->8835K(8960K) Class: 1225K(1344K)->1225K(1344K)
[2025-08-01T01:08:27.547+0000] GC(1122) Pause Young (Normal) (G1 Evacuation Pause) 3201M->3092M(4096M) 26.334ms
[2025-08-01T01:08:27.547+0000] GC(1122) User=0.17s Sys=0.01s Real=0.03s
[2025-08-01T01:08:27.568+0000] GC(1123) Pause Young (Normal) (G1 Evacuation Pause)
[2025-08-01T01:08:27.568+0000] GC(1123) Using 8 workers of 8 for evacuation
[2025-08-01T01:08:27.598+0000] GC(1123)   Pre Evacuate Collection Set: 0.4ms
[2025-08-01T01:08:27.598+0000] GC(1123)   Merge Heap Roots: 0.2ms
[2025-08-01T01:08:27.598+0000] GC(1123)   Evacuate Collection Set: 29.1ms
[2025-08-01T01:08:27.598+0000] GC(1123)   Post Evacuate Collection Set: 0.8ms
[2025-08-01T01:08:27.598+0000] GC(1123)   Other: 0.2ms
[2025-08-01T01:08:27.598+0000] GC(1123) Eden regions: 94->0(88)
[2025-08-01T01:08:27.598+0000] GC(1123) Survivor regions: 17->14(14)
[2025-08-01T01:08:27.598+0000] GC(1123) Old regions: 1529->1628
[2025-08-01T01:08:27.599+0000] GC(1123) Archive regions: 2->2
[2025-08-01T01:08:27.599+0000] GC(1123) Humongous regions: 0->0
[2025-08-01T01:08:27.599+0000] GC(1123) Metaspace: 10061K(10304K)->10061K(10304K) NonClass: 8835K(8960K)->8835K(8960K) Class: 1225K(1344K)->1225K(1344K)
[2025-08-01T01:08:27.599+0000] GC(1123) Pause Young (Normal) (G1 Evacuation Pause) 3280M->3284M(4096M) 30.682ms
[2025-08-01T01:08:27.599+0000] GC(1123) User=0.23s Sys=0.00s Real=0.03s
[2025-08-01T01:08:27.662+0000] GC(1124) Pause Young (Normal) (G1 Evacuation Pause)
[2025-08-01T01:08:27.662+0000] GC(1124) Using 8 workers of 8 for evacuation
[2025-08-01T01:08:27.690+0000] GC(1124)   Pre Evacuate Collection Set: 0.8ms
[2025-08-01T01:08:27.690+0000] GC(1124)   Merge Heap Roots: 0.3ms
[2025-08-01T01:08:27.690+0000] GC(1124)   Evacuate Collection Set: 26.0ms
[2025-08-01T01:08:27.691+0000] GC(1124)   Post Evacuate Collection Set: 0.9ms
[2025-08-01T01:08:27.691+0000] GC(1124)   Other: 0.2ms
[2025-08-01T01:08:27.691+0000] GC(1124) Eden regions: 88->0(89)
[2025-08-01T01:08:27.691+0000] GC(1124) Survivor regions: 14->13(13)
[2025-08-01T01:08:27.691+0000] GC(1124) Old regions: 1628->1689
[2025-08-01T01:08:27.691+0000] GC(1124) Archive regions: 2->2
[2025-08-01T01:08:27.691+0000] GC(1124) Humongous regions: 0->0
[2025-08-01T01:08:27.691+0000] GC(1124) Metaspace: 10061K(10304K)->10061K(10304K) NonClass: 8835K(8960K)->8835K(8960K) Class: 1225K(1344K)->1225K(1344K)
[2025-08-01T01:08:27.691+0000] GC(1124) Pause Young (Normal) (G1 Evacuation Pause) 3460M->3405M(4096M) 28.336ms
[2025-08-01T01:08:27.691+0000] GC(1124) User=0.19s Sys=0.01s Real=0.03s
[2025-08-01T01:08:27.711+0000] GC(1125) Pause Young (Normal) (G1 Evacuation Pause)
[2025-08-01T01:08:27.711+0000] GC(1125) Using 8 workers of 8 for evacuation
[2025-08-01T01:08:27.749+0000] GC(1125)   Pre Evacuate Collection Set: 0.6ms
[2025-08-01T01:08:27.749+0000] GC(1125)   Merge Heap Roots: 0.1ms
[2025-08-01T01:08:27.749+0000] GC(1125)   Evacuate Collection Set: 36.0ms
[2025-08-01T01:08:27.749+0000] GC(1125)   Post Evacuate Collection Set: 1.1ms
[2025-08-01T01:08:27.749+0000] GC(1125)   Other: 0.2ms
[2025-08-01T01:08:27.749+0000] GC(1125) Eden regions: 89->0(89)
[2025-08-01T01:08:27.749+0000] GC(1125) Survivor regions: 13->13(13)
[2025-08-01T01:08:27.749+0000] GC(1125) Old regions: 1689->1780
[2025-08-01T01:08:27.749+0000] GC(1125) Archive regions: 2->2
[2025-08-01T01:08:27.749+0000] GC(1125) Humongous regions: 0->0
[2025-08-01T01:08:27.749+0000] GC(1125) Metaspace: 10061K(10304K)->10061K(10304K) NonClass: 8835K(8960K)->8835K(8960K) Class: 1225K(1344K)->1225K(1344K)
[2025-08-01T01:08:27.749+0000] GC(1125) Pause Young (Normal) (G1 Evacuation Pause) 3583M->3587M(4096M) 38.204ms
[2025-08-01T01:08:27.749+0000] GC(1125) User=0.28s Sys=0.00s Real=0.04s
[2025-08-01T01:08:27.779+0000] GC(1121) Concurrent Mark From Roots 294.632ms
[2025-08-01T01:08:27.779+0000] GC(1121) Concurrent Preclean
[2025-08-01T01:08:27.779+0000] GC(1121) Concurrent Preclean 0.316ms
[2025-08-01T01:08:27.780+0000] GC(1121) Pause Remark
[2025-08-01T01:08:27.783+0000] GC(1121) Pause Remark 3739M->2197M(4096M) 3.676ms
[2025-08-01T01:08:27.783+0000] GC(1121) User=0.01s Sys=0.00s Real=0.01s
[2025-08-01T01:08:27.784+0000] GC(1121) Concurrent Mark 299.169ms
[2025-08-01T01:08:27.784+0000] GC(1121) Concurrent Rebuild Remembered Sets
[2025-08-01T01:08:27.818+0000] GC(1126) Pause Young (Normal) (G1 Evacuation Pause)
[2025-08-01T01:08:27.818+0000] GC(1126) Using 8 workers of 8 for evacuation
[2025-08-01T01:08:27.858+0000] GC(1126)   Pre Evacuate Collection Set: 1.3ms
[2025-08-01T01:08:27.858+0000] GC(1126)   Merge Heap Roots: 0.4ms
[2025-08-01T01:08:27.858+0000] GC(1126)   Evacuate Collection Set: 36.7ms
[2025-08-01T01:08:27.858+0000] GC(1126)   Post Evacuate Collection Set: 0.8ms
[2025-08-01T01:08:27.858+0000] GC(1126)   Other: 0.2ms
[2025-08-01T01:08:27.858+0000] GC(1126) Eden regions: 89->0(232)
[2025-08-01T01:08:27.858+0000] GC(1126) Survivor regions: 13->13(13)
[2025-08-01T01:08:27.858+0000] GC(1126) Old regions: 1009->1101
[2025-08-01T01:08:27.858+0000] GC(1126) Archive regions: 2->2
[2025-08-01T01:08:27.858+0000] GC(1126) Humongous regions: 0->0
[2025-08-01T01:08:27.858+0000] GC(1126) Metaspace: 10061K(10304K)->10061K(10304K) NonClass: 8835K(8960K)->8835K(8960K) Class: 1225K(1344K)->1225K(1344K)
[2025-08-01T01:08:27.858+0000] GC(1126) Pause Young (Normal) (G1 Evacuation Pause) 2223M->2228M(4096M) 39.969ms
[2025-08-01T01:08:27.858+0000] GC(1126) User=0.24s Sys=0.01s Real=0.04s
[2025-08-01T01:08:27.954+0000] GC(1127) Pause Young (Normal) (G1 Evacuation Pause)
[2025-08-01T01:08:27.955+0000] GC(1127) Using 8 workers of 8 for evacuation
[2025-08-01T01:08:28.031+0000] GC(1127)   Pre Evacuate Collection Set: 0.6ms
[2025-08-01T01:08:28.031+0000] GC(1127)   Merge Heap Roots: 0.2ms
[2025-08-01T01:08:28.031+0000] GC(1127)   Evacuate Collection Set: 74.0ms
[2025-08-01T01:08:28.031+0000] GC(1127)   Post Evacuate Collection Set: 1.1ms
[2025-08-01T01:08:28.031+0000] GC(1127)   Other: 0.2ms
[2025-08-01T01:08:28.031+0000] GC(1127) Eden regions: 232->0(173)
[2025-08-01T01:08:28.031+0000] GC(1127) Survivor regions: 13->31(31)
[2025-08-01T01:08:28.031+0000] GC(1127) Old regions: 1101->1269
[2025-08-01T01:08:28.031+0000] GC(1127) Archive regions: 2->2
[2025-08-01T01:08:28.031+0000] GC(1127) Humongous regions: 0->0
[2025-08-01T01:08:28.031+0000] GC(1127) Metaspace: 10061K(10304K)->10061K(10304K) NonClass: 8835K(8960K)->8835K(8960K) Class: 1225K(1344K)->1225K(1344K)
[2025-08-01T01:08:28.031+0000] GC(1127) Pause Young (Normal) (G1 Evacuation Pause) 2692M->2601M(4096M) 76.352ms
[2025-08-01T01:08:28.031+0000] GC(1127) User=0.54s Sys=0.02s Real=0.07s
[2025-08-01T01:08:28.119+0000] GC(1128) Pause Young (Normal) (G1 Evacuation Pause)
[2025-08-01T01:08:28.119+0000] GC(1128) Using 8 workers of 8 for evacuation
[2025-08-01T01:08:28.204+0000] GC(1128)   Pre Evacuate Collection Set: 0.5ms
[2025-08-01T01:08:28.204+0000] GC(1128)   Merge Heap Roots: 0.2ms
[2025-08-01T01:08:28.204+0000] GC(1128)   Evacuate Collection Set: 82.7ms
[2025-08-01T01:08:28.204+0000] GC(1128)   Post Evacuate Collection Set: 0.9ms
[2025-08-01T01:08:28.204+0000] GC(1128)   Other: 0.2ms
[2025-08-01T01:08:28.204+0000] GC(1128) Eden regions: 173->0(114)
[2025-08-01T01:08:28.204+0000] GC(1128) Survivor regions: 31->26(26)
[2025-08-01T01:08:28.204+0000] GC(1128) Old regions: 1269->1449
[2025-08-01T01:08:28.204+0000] GC(1128) Archive regions: 2->2
[2025-08-01T01:08:28.204+0000] GC(1128) Humongous regions: 0->0
[2025-08-01T01:08:28.204+0000] GC(1128) Metaspace: 10061K(10304K)->10061K(10304K) NonClass: 8835K(8960K)->8835K(8960K) Class: 1225K(1344K)->1225K(1344K)
[2025-08-01T01:08:28.204+0000] GC(1128) Pause Young (Normal) (G1 Evacuation Pause) 2947M->2951M(4096M) 84.622ms
[2025-08-01T01:08:28.204+0000] GC(1128) User=0.63s Sys=0.02s Real=0.09s
[2025-08-01T01:08:28.232+0000] GC(1129) Pause Young (Normal) (G1 Evacuation Pause)
[2025-08-01T01:08:28.232+0000] GC(1129) Using 8 workers of 8 for evacuation
[2025-08-01T01:08:28.275+0000] GC(1129)   Pre Evacuate Collection Set: 0.6ms
[2025-08-01T01:08:28.275+0000] GC(1129)   Merge Heap Roots: 0.2ms
[2025-08-01T01:08:28.275+0000] GC(1129)   Evacuate Collection Set: 41.0ms
[2025-08-01T01:08:28.275+0000] GC(1129)   Post Evacuate Collection Set: 0.8ms
[2025-08-01T01:08:28.275+0000] GC(1129)   Other: 0.2ms
[2025-08-01T01:08:28.275+0000] GC(1129) Eden regions: 114->0(88)
[2025-08-01T01:08:28.275+0000] GC(1129) Survivor regions: 26->18(18)
[2025-08-01T01:08:28.275+0000] GC(1129) Old regions: 1449->1545
[2025-08-01T01:08:28.275+0000] GC(1129) Archive regions: 2->2
[2025-08-01T01:08:28.275+0000] GC(1129) Humongous regions: 0->0
[2025-08-01T01:08:28.275+0000] GC(1129) Metaspace: 10061K(10304K)->10061K(10304K) NonClass: 8835K(8960K)->8835K(8960K) Class: 1225K(1344K)->1225K(1344K)
[2025-08-01T01:08:28.275+0000] GC(1129) Pause Young (Normal) (G1 Evacuation Pause) 3179M->3126M(4096M) 43.052ms
[2025-08-01T01:08:28.275+0000] GC(1129) User=0.31s Sys=0.02s Real=0.05s
[2025-08-01T01:08:28.300+0000] GC(1130) Pause Young (Normal) (G1 Evacuation Pause)
[2025-08-01T01:08:28.300+0000] GC(1130) Using 8 workers of 8 for evacuation
[2025-08-01T01:08:28.328+0000] GC(1130)   Pre Evacuate Collection Set: 0.5ms
[2025-08-01T01:08:28.328+0000] GC(1130)   Merge Heap Roots: 0.1ms
[2025-08-01T01:08:28.328+0000] GC(1130)   Evacuate Collection Set: 26.3ms
[2025-08-01T01:08:28.328+0000] GC(1130)   Post Evacuate Collection Set: 1.0ms
[2025-08-01T01:08:28.328+0000] GC(1130)   Other: 0.2ms
[2025-08-01T01:08:28.328+0000] GC(1130) Eden regions: 88->0(88)
[2025-08-01T01:08:28.328+0000] GC(1130) Survivor regions: 18->14(14)
[2025-08-01T01:08:28.328+0000] GC(1130) Old regions: 1545->1620
[2025-08-01T01:08:28.328+0000] GC(1130) Archive regions: 2->2
[2025-08-01T01:08:28.328+0000] GC(1130) Humongous regions: 0->0
[2025-08-01T01:08:28.328+0000] GC(1130) Metaspace: 10061K(10304K)->10061K(10304K) NonClass: 8835K(8960K)->8835K(8960K) Class: 1225K(1344K)->1225K(1344K)
[2025-08-01T01:08:28.328+0000] GC(1130) Pause Young (Normal) (G1 Evacuation Pause) 3302M->3269M(4096M) 28.229ms
[2025-08-01T01:08:28.329+0000] GC(1130) User=0.20s Sys=0.01s Real=0.03s
[2025-08-01T01:08:28.345+0000] GC(1121) Concurrent Rebuild Remembered Sets 561.211ms
[2025-08-01T01:08:28.346+0000] GC(1121) Pause Cleanup
[2025-08-01T01:08:28.347+0000] GC(1121) Pause Cleanup 3409M->3409M(4096M) 1.120ms
[2025-08-01T01:08:28.347+0000] GC(1121) User=0.00s Sys=0.00s Real=0.00s
[2025-08-01T01:08:28.347+0000] GC(1121) Concurrent Cleanup for Next Mark
[2025-08-01T01:08:28.354+0000] GC(1131) Pause Young (Prepare Mixed) (G1 Evacuation Pause)
[2025-08-01T01:08:28.354+0000] GC(1131) Using 8 workers of 8 for evacuation
[2025-08-01T01:08:28.391+0000] GC(1131)   Pre Evacuate Collection Set: 0.8ms
[2025-08-01T01:08:28.391+0000] GC(1131)   Merge Heap Roots: 0.2ms
[2025-08-01T01:08:28.391+0000] GC(1131)   Evacuate Collection Set: 35.9ms
[2025-08-01T01:08:28.391+0000] GC(1131)   Post Evacuate Collection Set: 0.8ms
[2025-08-01T01:08:28.391+0000] GC(1131)   Other: 0.2ms
[2025-08-01T01:08:28.391+0000] GC(1131) Eden regions: 88->0(89)
[2025-08-01T01:08:28.391+0000] GC(1131) Survivor regions: 14->13(13)
[2025-08-01T01:08:28.391+0000] GC(1131) Old regions: 1620->1711
[2025-08-01T01:08:28.391+0000] GC(1131) Archive regions: 2->2
[2025-08-01T01:08:28.391+0000] GC(1131) Humongous regions: 0->0
[2025-08-01T01:08:28.391+0000] GC(1131) Metaspace: 10061K(10304K)->10061K(10304K) NonClass: 8835K(8960K)->8835K(8960K) Class: 1225K(1344K)->1225K(1344K)
[2025-08-01T01:08:28.392+0000] GC(1131) Pause Young (Prepare Mixed) (G1 Evacuation Pause) 3445M->3448M(4096M) 37.982ms
[2025-08-01T01:08:28.392+0000] GC(1131) User=0.28s Sys=0.01s Real=0.03s
[2025-08-01T01:08:28.399+0000] GC(1121) Concurrent Cleanup for Next Mark 51.795ms
[2025-08-01T01:08:28.399+0000] GC(1121) Concurrent Mark Cycle 953.493ms
[2025-08-01T01:08:28.412+0000] GC(1132) Pause Young (Mixed) (G1 Evacuation Pause)
[2025-08-01T01:08:28.412+0000] GC(1132) Using 8 workers of 8 for evacuation
[2025-08-01T01:08:28.441+0000] GC(1132)   Pre Evacuate Collection Set: 0.6ms
[2025-08-01T01:08:28.441+0000] GC(1132)   Merge Heap Roots: 0.2ms
[2025-08-01T01:08:28.441+0000] GC(1132)   Evacuate Collection Set: 27.3ms
[2025-08-01T01:08:28.441+0000] GC(1132)   Post Evacuate Collection Set: 0.7ms
[2025-08-01T01:08:28.442+0000] GC(1132)   Other: 0.2ms
[2025-08-01T01:08:28.442+0000] GC(1132) Eden regions: 89->0(89)
[2025-08-01T01:08:28.442+0000] GC(1132) Survivor regions: 13->13(13)
[2025-08-01T01:08:28.442+0000] GC(1132) Old regions: 1711->1770
[2025-08-01T01:08:28.442+0000] GC(1132) Archive regions: 2->2
[2025-08-01T01:08:28.442+0000] GC(1132) Humongous regions: 0->0
[2025-08-01T01:08:28.442+0000] GC(1132) Metaspace: 10061K(10304K)->10061K(10304K) NonClass: 8835K(8960K)->8835K(8960K) Class: 1225K(1344K)->1225K(1344K)
[2025-08-01T01:08:28.442+0000] GC(1132) Pause Young (Mixed) (G1 Evacuation Pause) 3626M->3567M(4096M) 29.275ms
[2025-08-01T01:08:28.442+0000] GC(1132) User=0.21s Sys=0.01s Real=0.03s
[2025-08-01T01:08:28.465+0000] GC(1133) Pause Young (Concurrent Start) (G1 Evacuation Pause)
[2025-08-01T01:08:28.465+0000] GC(1133) Using 8 workers of 8 for evacuation
[2025-08-01T01:08:28.502+0000] GC(1133)   Pre Evacuate Collection Set: 0.5ms
[2025-08-01T01:08:28.502+0000] GC(1133)   Merge Heap Roots: 0.3ms
[2025-08-01T01:08:28.502+0000] GC(1133)   Evacuate Collection Set: 35.1ms
[2025-08-01T01:08:28.502+0000] GC(1133)   Post Evacuate Collection Set: 1.0ms
[2025-08-01T01:08:28.502+0000] GC(1133)   Other: 0.3ms
[2025-08-01T01:08:28.502+0000] GC(1133) Eden regions: 89->0(89)
[2025-08-01T01:08:28.502+0000] GC(1133) Survivor regions: 13->13(13)
[2025-08-01T01:08:28.502+0000] GC(1133) Old regions: 1770->1860
[2025-08-01T01:08:28.502+0000] GC(1133) Archive regions: 2->2
[2025-08-01T01:08:28.502+0000] GC(1133) Humongous regions: 0->0
[2025-08-01T01:08:28.502+0000] GC(1133) Metaspace: 10061K(10304K)->10061K(10304K) NonClass: 8835K(8960K)->8835K(8960K) Class: 1225K(1344K)->1225K(1344K)
[2025-08-01T01:08:28.502+0000] GC(1133) Pause Young (Concurrent Start) (G1 Evacuation Pause) 3745M->3747M(4096M) 37.241ms
[2025-08-01T01:08:28.502+0000] GC(1133) User=0.24s Sys=0.01s Real=0.03s
[2025-08-01T01:08:28.503+0000] GC(1134) Concurrent Mark Cycle
[2025-08-01T01:08:28.503+0000] GC(1134) Concurrent Clear Claimed Marks
[2025-08-01T01:08:28.503+0000] GC(1134) Concurrent Clear Claimed Marks 0.024ms
[2025-08-01T01:08:28.503+0000] GC(1134) Concurrent Scan Root Regions
[2025-08-01T01:08:28.527+0000] GC(1134) Concurrent Scan Root Regions 24.694ms
[2025-08-01T01:08:28.527+0000] GC(1134) Concurrent Mark
[2025-08-01T01:08:28.527+0000] GC(1134) Concurrent Mark From Roots
[2025-08-01T01:08:28.527+0000] GC(1134) Using 2 workers of 2 for marking
[2025-08-01T01:08:28.527+0000] GC(1135) Pause Young (Normal) (G1 Preventive Collection)
[2025-08-01T01:08:28.528+0000] GC(1135) Using 8 workers of 8 for evacuation
[2025-08-01T01:08:28.557+0000] GC(1135)   Pre Evacuate Collection Set: 5.2ms
[2025-08-01T01:08:28.557+0000] GC(1135)   Merge Heap Roots: 0.1ms
[2025-08-01T01:08:28.557+0000] GC(1135)   Evacuate Collection Set: 28.1ms
[2025-08-01T01:08:28.557+0000] GC(1135)   Post Evacuate Collection Set: 0.7ms
[2025-08-01T01:08:28.557+0000] GC(1135)   Other: 0.3ms
[2025-08-01T01:08:28.557+0000] GC(1135) Eden regions: 76->0(89)
[2025-08-01T01:08:28.557+0000] GC(1135) Survivor regions: 13->13(13)
[2025-08-01T01:08:28.557+0000] GC(1135) Old regions: 1860->1937
[2025-08-01T01:08:28.557+0000] GC(1135) Archive regions: 2->2
[2025-08-01T01:08:28.557+0000] GC(1135) Humongous regions: 0->0
[2025-08-01T01:08:28.557+0000] GC(1135) Metaspace: 10061K(10304K)->10061K(10304K) NonClass: 8835K(8960K)->8835K(8960K) Class: 1225K(1344K)->1225K(1344K)
[2025-08-01T01:08:28.557+0000] GC(1135) Pause Young (Normal) (G1 Preventive Collection) 3899M->3901M(4096M) 29.801ms
[2025-08-01T01:08:28.557+0000] GC(1135) User=0.22s Sys=0.01s Real=0.03s
[2025-08-01T01:08:28.566+0000] GC(1136) Pause Young (Normal) (G1 Preventive Collection)
[2025-08-01T01:08:28.566+0000] GC(1136) Using 8 workers of 8 for evacuation
[2025-08-01T01:08:28.583+0000] GC(1136)   Pre Evacuate Collection Set: 0.8ms
[2025-08-01T01:08:28.583+0000] GC(1136)   Merge Heap Roots: 0.1ms
[2025-08-01T01:08:28.583+0000] GC(1136)   Evacuate Collection Set: 14.5ms
[2025-08-01T01:08:28.583+0000] GC(1136)   Post Evacuate Collection Set: 0.8ms
[2025-08-01T01:08:28.583+0000] GC(1136)   Other: 0.3ms
[2025-08-01T01:08:28.583+0000] GC(1136) Eden regions: 38->0(89)
[2025-08-01T01:08:28.583+0000] GC(1136) Survivor regions: 13->13(13)
[2025-08-01T01:08:28.583+0000] GC(1136) Old regions: 1937->1977
[2025-08-01T01:08:28.583+0000] GC(1136) Archive regions: 2->2
[2025-08-01T01:08:28.583+0000] GC(1136) Humongous regions: 0->0
[2025-08-01T01:08:28.583+0000] GC(1136) Metaspace: 10061K(10304K)->10061K(10304K) NonClass: 8835K(8960K)->8835K(8960K) Class: 1225K(1344K)->1225K(1344K)
[2025-08-01T01:08:28.583+0000] GC(1136) Pause Young (Normal) (G1 Preventive Collection) 3977M->3980M(4096M) 16.626ms
[2025-08-01T01:08:28.583+0000] GC(1136) User=0.11s Sys=0.00s Real=0.01s
[2025-08-01T01:08:28.588+0000] GC(1137) Pause Young (Normal) (G1 Preventive Collection)
[2025-08-01T01:08:28.588+0000] GC(1137) Using 8 workers of 8 for evacuation
[2025-08-01T01:08:28.598+0000] GC(1137)   Pre Evacuate Collection Set: 0.3ms
[2025-08-01T01:08:28.598+0000] GC(1137)   Merge Heap Roots: 0.2ms
[2025-08-01T01:08:28.598+0000] GC(1137)   Evacuate Collection Set: 8.5ms
[2025-08-01T01:08:28.598+0000] GC(1137)   Post Evacuate Collection Set: 0.8ms
[2025-08-01T01:08:28.598+0000] GC(1137)   Other: 0.1ms
[2025-08-01T01:08:28.598+0000] GC(1137) Eden regions: 19->0(89)
[2025-08-01T01:08:28.598+0000] GC(1137) Survivor regions: 13->13(13)
[2025-08-01T01:08:28.598+0000] GC(1137) Old regions: 1977->1997
[2025-08-01T01:08:28.598+0000] GC(1137) Archive regions: 2->2
[2025-08-01T01:08:28.598+0000] GC(1137) Humongous regions: 0->0
[2025-08-01T01:08:28.598+0000] GC(1137) Metaspace: 10061K(10304K)->10061K(10304K) NonClass: 8835K(8960K)->8835K(8960K) Class: 1225K(1344K)->1225K(1344K)
[2025-08-01T01:08:28.598+0000] GC(1137) Pause Young (Normal) (G1 Preventive Collection) 4018M->4020M(4096M) 9.974ms
[2025-08-01T01:08:28.598+0000] GC(1137) User=0.07s Sys=0.00s Real=0.01s
[2025-08-01T01:08:28.601+0000] GC(1138) Pause Young (Normal) (G1 Preventive Collection)
[2025-08-01T01:08:28.601+0000] GC(1138) Using 8 workers of 8 for evacuation
[2025-08-01T01:08:28.608+0000] GC(1138)   Pre Evacuate Collection Set: 0.2ms
[2025-08-01T01:08:28.608+0000] GC(1138)   Merge Heap Roots: 0.1ms
[2025-08-01T01:08:28.608+0000] GC(1138)   Evacuate Collection Set: 5.5ms
[2025-08-01T01:08:28.608+0000] GC(1138)   Post Evacuate Collection Set: 0.6ms
[2025-08-01T01:08:28.608+0000] GC(1138)   Other: 0.2ms
[2025-08-01T01:08:28.608+0000] GC(1138) Eden regions: 10->0(91)
[2025-08-01T01:08:28.608+0000] GC(1138) Survivor regions: 13->11(13)
[2025-08-01T01:08:28.608+0000] GC(1138) Old regions: 1997->2009
[2025-08-01T01:08:28.608+0000] GC(1138) Archive regions: 2->2
[2025-08-01T01:08:28.608+0000] GC(1138) Humongous regions: 0->0
[2025-08-01T01:08:28.608+0000] GC(1138) Metaspace: 10061K(10304K)->10061K(10304K) NonClass: 8835K(8960K)->8835K(8960K) Class: 1225K(1344K)->1225K(1344K)
[2025-08-01T01:08:28.608+0000] GC(1138) Pause Young (Normal) (G1 Preventive Collection) 4040M->4041M(4096M) 6.803ms
[2025-08-01T01:08:28.608+0000] GC(1138) User=0.04s Sys=0.00s Real=0.01s
[2025-08-01T01:08:28.610+0000] GC(1139) Pause Young (Normal) (G1 Preventive Collection)
[2025-08-01T01:08:28.610+0000] GC(1139) Using 8 workers of 8 for evacuation
[2025-08-01T01:08:28.615+0000] GC(1139)   Pre Evacuate Collection Set: 0.2ms
[2025-08-01T01:08:28.616+0000] GC(1139)   Merge Heap Roots: 0.1ms
[2025-08-01T01:08:28.616+0000] GC(1139)   Evacuate Collection Set: 4.5ms
[2025-08-01T01:08:28.616+0000] GC(1139)   Post Evacuate Collection Set: 0.5ms
[2025-08-01T01:08:28.616+0000] GC(1139)   Other: 0.2ms
[2025-08-01T01:08:28.616+0000] GC(1139) Eden regions: 6->0(94)
[2025-08-01T01:08:28.616+0000] GC(1139) Survivor regions: 11->8(13)
[2025-08-01T01:08:28.616+0000] GC(1139) Old regions: 2009->2020
[2025-08-01T01:08:28.616+0000] GC(1139) Archive regions: 2->2
[2025-08-01T01:08:28.616+0000] GC(1139) Humongous regions: 0->0
[2025-08-01T01:08:28.616+0000] GC(1139) Metaspace: 10061K(10304K)->10061K(10304K) NonClass: 8835K(8960K)->8835K(8960K) Class: 1225K(1344K)->1225K(1344K)
[2025-08-01T01:08:28.616+0000] GC(1139) Pause Young (Normal) (G1 Preventive Collection) 4053M->4056M(4096M) 5.645ms
[2025-08-01T01:08:28.616+0000] GC(1139) User=0.04s Sys=0.00s Real=0.01s
[2025-08-01T01:08:28.617+0000] GC(1140) Pause Young (Normal) (G1 Preventive Collection)
[2025-08-01T01:08:28.617+0000] GC(1140) Using 8 workers of 8 for evacuation
[2025-08-01T01:08:28.622+0000] GC(1140)   Pre Evacuate Collection Set: 0.3ms
[2025-08-01T01:08:28.622+0000] GC(1140)   Merge Heap Roots: 0.1ms
[2025-08-01T01:08:28.622+0000] GC(1140)   Evacuate Collection Set: 3.9ms
[2025-08-01T01:08:28.622+0000] GC(1140)   Post Evacuate Collection Set: 0.5ms
[2025-08-01T01:08:28.622+0000] GC(1140)   Other: 0.2ms
[2025-08-01T01:08:28.622+0000] GC(1140) Eden regions: 4->0(91)
[2025-08-01T01:08:28.622+0000] GC(1140) Survivor regions: 8->11(13)
[2025-08-01T01:08:28.622+0000] GC(1140) Old regions: 2020->2020
[2025-08-01T01:08:28.622+0000] GC(1140) Archive regions: 2->2
[2025-08-01T01:08:28.622+0000] GC(1140) Humongous regions: 0->0
[2025-08-01T01:08:28.622+0000] GC(1140) Metaspace: 10061K(10304K)->10061K(10304K) NonClass: 8835K(8960K)->8835K(8960K) Class: 1225K(1344K)->1225K(1344K)
[2025-08-01T01:08:28.622+0000] GC(1140) Pause Young (Normal) (G1 Preventive Collection) 4064M->4062M(4096M) 5.048ms
[2025-08-01T01:08:28.622+0000] GC(1140) User=0.02s Sys=0.00s Real=0.00s
[2025-08-01T01:08:28.623+0000] GC(1141) Pause Young (Normal) (G1 Preventive Collection)
[2025-08-01T01:08:28.623+0000] GC(1141) Using 8 workers of 8 for evacuation
[2025-08-01T01:08:28.628+0000] GC(1141)   Pre Evacuate Collection Set: 0.4ms
[2025-08-01T01:08:28.628+0000] GC(1141)   Merge Heap Roots: 0.2ms
[2025-08-01T01:08:28.628+0000] GC(1141)   Evacuate Collection Set: 3.9ms
[2025-08-01T01:08:28.628+0000] GC(1141)   Post Evacuate Collection Set: 0.6ms
[2025-08-01T01:08:28.628+0000] GC(1141)   Other: 0.1ms
[2025-08-01T01:08:28.628+0000] GC(1141) Eden regions: 1->0(96)
[2025-08-01T01:08:28.628+0000] GC(1141) Survivor regions: 11->6(13)
[2025-08-01T01:08:28.628+0000] GC(1141) Old regions: 2020->2027
[2025-08-01T01:08:28.628+0000] GC(1141) Archive regions: 2->2
[2025-08-01T01:08:28.628+0000] GC(1141) Humongous regions: 0->0
[2025-08-01T01:08:28.628+0000] GC(1141) Metaspace: 10061K(10304K)->10061K(10304K) NonClass: 8835K(8960K)->8835K(8960K) Class: 1225K(1344K)->1225K(1344K)
[2025-08-01T01:08:28.628+0000] GC(1141) Pause Young (Normal) (G1 Preventive Collection) 4064M->4066M(4096M) 5.363ms
[2025-08-01T01:08:28.628+0000] GC(1141) User=0.03s Sys=0.01s Real=0.01s
[2025-08-01T01:08:28.629+0000] GC(1142) Pause Young (Normal) (G1 Preventive Collection)
[2025-08-01T01:08:28.629+0000] GC(1142) Using 8 workers of 8 for evacuation
[2025-08-01T01:08:28.633+0000] GC(1142)   Pre Evacuate Collection Set: 0.2ms
[2025-08-01T01:08:28.633+0000] GC(1142)   Merge Heap Roots: 0.1ms
[2025-08-01T01:08:28.633+0000] GC(1142)   Evacuate Collection Set: 2.7ms
[2025-08-01T01:08:28.633+0000] GC(1142)   Post Evacuate Collection Set: 0.8ms
[2025-08-01T01:08:28.633+0000] GC(1142)   Other: 0.2ms
[2025-08-01T01:08:28.633+0000] GC(1142) Eden regions: 3->0(93)
[2025-08-01T01:08:28.633+0000] GC(1142) Survivor regions: 6->9(10)
[2025-08-01T01:08:28.633+0000] GC(1142) Old regions: 2027->2027
[2025-08-01T01:08:28.633+0000] GC(1142) Archive regions: 2->2
[2025-08-01T01:08:28.633+0000] GC(1142) Humongous regions: 0->0
[2025-08-01T01:08:28.633+0000] GC(1142) Metaspace: 10061K(10304K)->10061K(10304K) NonClass: 8835K(8960K)->8835K(8960K) Class: 1225K(1344K)->1225K(1344K)
[2025-08-01T01:08:28.633+0000] GC(1142) Pause Young (Normal) (G1 Preventive Collection) 4072M->4071M(4096M) 4.162ms
[2025-08-01T01:08:28.633+0000] GC(1142) User=0.02s Sys=0.00s Real=0.01s
[2025-08-01T01:08:28.634+0000] GC(1143) Pause Young (Normal) (G1 Preventive Collection)
[2025-08-01T01:08:28.634+0000] GC(1143) Using 8 workers of 8 for evacuation
[2025-08-01T01:08:28.638+0000] GC(1143) To-space exhausted
[2025-08-01T01:08:28.638+0000] GC(1143)   Pre Evacuate Collection Set: 0.3ms
[2025-08-01T01:08:28.638+0000] GC(1143)   Merge Heap Roots: 0.2ms
[2025-08-01T01:08:28.638+0000] GC(1143)   Evacuate Collection Set: 2.6ms
[2025-08-01T01:08:28.638+0000] GC(1143)   Post Evacuate Collection Set: 1.0ms
[2025-08-01T01:08:28.638+0000] GC(1143)   Other: 0.2ms
[2025-08-01T01:08:28.638+0000] GC(1143) Eden regions: 1->0(96)
[2025-08-01T01:08:28.638+0000] GC(1143) Survivor regions: 9->6(9)
[2025-08-01T01:08:28.638+0000] GC(1143) Old regions: 2027->2033
[2025-08-01T01:08:28.638+0000] GC(1143) Archive regions: 2->2
[2025-08-01T01:08:28.638+0000] GC(1143) Humongous regions: 0->0
[2025-08-01T01:08:28.638+0000] GC(1143) Metaspace: 10061K(10304K)->10061K(10304K) NonClass: 8835K(8960K)->8835K(8960K) Class: 1225K(1344K)->1225K(1344K)
[2025-08-01T01:08:28.638+0000] GC(1143) Pause Young (Normal) (G1 Preventive Collection) 4073M->4078M(4096M) 4.324ms
[2025-08-01T01:08:28.638+0000] GC(1143) User=0.02s Sys=0.00s Real=0.00s
[2025-08-01T01:08:28.640+0000] GC(1144) Pause Young (Normal) (G1 Preventive Collection)
[2025-08-01T01:08:28.640+0000] GC(1144) Using 8 workers of 8 for evacuation
[2025-08-01T01:08:28.643+0000] GC(1144) To-space exhausted
[2025-08-01T01:08:28.643+0000] GC(1144)   Pre Evacuate Collection Set: 0.4ms
[2025-08-01T01:08:28.643+0000] GC(1144)   Merge Heap Roots: 0.1ms
[2025-08-01T01:08:28.643+0000] GC(1144)   Evacuate Collection Set: 1.8ms
[2025-08-01T01:08:28.643+0000] GC(1144)   Post Evacuate Collection Set: 1.0ms
[2025-08-01T01:08:28.643+0000] GC(1144)   Other: 0.2ms
[2025-08-01T01:08:28.643+0000] GC(1144) Eden regions: 1->0(96)
[2025-08-01T01:08:28.643+0000] GC(1144) Survivor regions: 6->6(6)
[2025-08-01T01:08:28.643+0000] GC(1144) Old regions: 2033->2035
[2025-08-01T01:08:28.643+0000] GC(1144) Archive regions: 2->2
[2025-08-01T01:08:28.643+0000] GC(1144) Humongous regions: 0->0
[2025-08-01T01:08:28.643+0000] GC(1144) Metaspace: 10061K(10304K)->10061K(10304K) NonClass: 8835K(8960K)->8835K(8960K) Class: 1225K(1344K)->1225K(1344K)
[2025-08-01T01:08:28.643+0000] GC(1144) Pause Young (Normal) (G1 Preventive Collection) 4080M->4082M(4096M) 3.688ms
[2025-08-01T01:08:28.643+0000] GC(1144) User=0.02s Sys=0.00s Real=0.01s
[2025-08-01T01:08:28.644+0000] GC(1145) Pause Young (Normal) (G1 Preventive Collection)
[2025-08-01T01:08:28.644+0000] GC(1145) Using 8 workers of 8 for evacuation
[2025-08-01T01:08:28.647+0000] GC(1145) To-space exhausted
[2025-08-01T01:08:28.647+0000] GC(1145)   Pre Evacuate Collection Set: 0.4ms
[2025-08-01T01:08:28.647+0000] GC(1145)   Merge Heap Roots: 0.1ms
[2025-08-01T01:08:28.647+0000] GC(1145)   Evacuate Collection Set: 1.7ms
[2025-08-01T01:08:28.647+0000] GC(1145)   Post Evacuate Collection Set: 1.1ms
[2025-08-01T01:08:28.647+0000] GC(1145)   Other: 0.2ms
[2025-08-01T01:08:28.647+0000] GC(1145) Eden regions: 1->0(98)
[2025-08-01T01:08:28.647+0000] GC(1145) Survivor regions: 6->4(4)
[2025-08-01T01:08:28.647+0000] GC(1145) Old regions: 2035->2041
[2025-08-01T01:08:28.647+0000] GC(1145) Archive regions: 2->2
[2025-08-01T01:08:28.647+0000] GC(1145) Humongous regions: 0->0
[2025-08-01T01:08:28.647+0000] GC(1145) Metaspace: 10061K(10304K)->10061K(10304K) NonClass: 8835K(8960K)->8835K(8960K) Class: 1225K(1344K)->1225K(1344K)
[2025-08-01T01:08:28.647+0000] GC(1145) Pause Young (Normal) (G1 Preventive Collection) 4084M->4090M(4096M) 3.698ms
[2025-08-01T01:08:28.647+0000] GC(1145) User=0.01s Sys=0.00s Real=0.00s
[2025-08-01T01:08:28.648+0000] GC(1146) Pause Young (Normal) (G1 Evacuation Pause)
[2025-08-01T01:08:28.648+0000] GC(1146) Using 8 workers of 8 for evacuation
[2025-08-01T01:08:28.651+0000] GC(1146) To-space exhausted
[2025-08-01T01:08:28.651+0000] GC(1146)   Pre Evacuate Collection Set: 0.5ms
[2025-08-01T01:08:28.651+0000] GC(1146)   Merge Heap Roots: 0.1ms
[2025-08-01T01:08:28.651+0000] GC(1146)   Evacuate Collection Set: 1.5ms
[2025-08-01T01:08:28.651+0000] GC(1146)   Post Evacuate Collection Set: 1.1ms
[2025-08-01T01:08:28.651+0000] GC(1146)   Other: 0.2ms
[2025-08-01T01:08:28.651+0000] GC(1146) Eden regions: 1->0(102)
[2025-08-01T01:08:28.651+0000] GC(1146) Survivor regions: 4->0(0)
[2025-08-01T01:08:28.652+0000] GC(1146) Old regions: 2041->2046
[2025-08-01T01:08:28.652+0000] GC(1146) Archive regions: 2->2
[2025-08-01T01:08:28.652+0000] GC(1146) Humongous regions: 0->0
[2025-08-01T01:08:28.652+0000] GC(1146) Metaspace: 10061K(10304K)->10061K(10304K) NonClass: 8835K(8960K)->8835K(8960K) Class: 1225K(1344K)->1225K(1344K)
[2025-08-01T01:08:28.652+0000] GC(1146) Pause Young (Normal) (G1 Evacuation Pause) 4092M->4092M(4096M) 3.473ms
[2025-08-01T01:08:28.652+0000] GC(1146) User=0.01s Sys=0.00s Real=0.00s
[2025-08-01T01:08:28.652+0000] Attempting full compaction
[2025-08-01T01:08:28.652+0000] GC(1147) Pause Full (G1 Compaction Pause)
[2025-08-01T01:08:28.652+0000] GC(1147) Using 8 workers of 8 for full compaction
[2025-08-01T01:08:28.656+0000] GC(1147) Phase 1: Mark live objects
[2025-08-01T01:08:28.689+0000] GC(1147) Phase 1: Mark live objects 33.235ms
[2025-08-01T01:08:28.689+0000] GC(1147) Phase 2: Prepare for compaction
[2025-08-01T01:08:28.706+0000] GC(1147) Phase 2: Prepare for compaction 16.078ms
[2025-08-01T01:08:28.706+0000] GC(1147) Phase 3: Adjust pointers
[2025-08-01T01:08:28.732+0000] GC(1147) Phase 3: Adjust pointers 26.781ms
[2025-08-01T01:08:28.733+0000] GC(1147) Phase 4: Compact heap
[2025-08-01T01:08:28.786+0000] GC(1147) Phase 4: Compact heap 53.640ms
[2025-08-01T01:08:28.793+0000] GC(1147) Eden regions: 0->0(470)
[2025-08-01T01:08:28.793+0000] GC(1147) Survivor regions: 0->0(0)
[2025-08-01T01:08:28.793+0000] GC(1147) Old regions: 2046->337
[2025-08-01T01:08:28.793+0000] GC(1147) Archive regions: 2->2
[2025-08-01T01:08:28.793+0000] GC(1147) Humongous regions: 0->0
[2025-08-01T01:08:28.793+0000] GC(1147) Metaspace: 10061K(10304K)->10061K(10304K) NonClass: 8835K(8960K)->8835K(8960K) Class: 1225K(1344K)->1225K(1344K)
[2025-08-01T01:08:28.793+0000] GC(1147) Pause Full (G1 Compaction Pause) 4092M->669M(4096M) 141.379ms
[2025-08-01T01:08:28.793+0000] GC(1147) User=1.03s Sys=0.01s Real=0.14s
[2025-08-01T01:08:28.793+0000] GC(1134) Concurrent Mark From Roots 265.902ms
[2025-08-01T01:08:28.793+0000] GC(1134) Concurrent Mark Abort
[2025-08-01T01:08:28.793+0000] GC(1134) Concurrent Mark Cycle 290.836ms
[2025-08-01T01:08:28.984+0000] GC(1148) Pause Young (Normal) (G1 Evacuation Pause)
[2025-08-01T01:08:28.984+0000] GC(1148) Using 8 workers of 8 for evacuation
[2025-08-01T01:08:29.464+0000] GC(1148) MMU target violated: 201.0ms (200.0ms/201.0ms)
[2025-08-01T01:08:29.464+0000] GC(1148)   Pre Evacuate Collection Set: 0.6ms
[2025-08-01T01:08:29.464+0000] GC(1148)   Merge Heap Roots: 0.3ms
[2025-08-01T01:08:29.464+0000] GC(1148)   Evacuate Collection Set: 477.8ms
[2025-08-01T01:08:29.464+0000] GC(1148)   Post Evacuate Collection Set: 1.1ms
[2025-08-01T01:08:29.464+0000] GC(1148)   Other: 0.4ms
[2025-08-01T01:08:29.464+0000] GC(1148) Eden regions: 470->0(186)
[2025-08-01T01:08:29.464+0000] GC(1148) Survivor regions: 0->59(59)
[2025-08-01T01:08:29.464+0000] GC(1148) Old regions: 337->548
[2025-08-01T01:08:29.464+0000] GC(1148) Archive regions: 2->2
[2025-08-01T01:08:29.464+0000] GC(1148) Humongous regions: 0->0
[2025-08-01T01:08:29.464+0000] GC(1148) Metaspace: 10061K(10304K)->10061K(10304K) NonClass: 8835K(8960K)->8835K(8960K) Class: 1225K(1344K)->1225K(1344K)
[2025-08-01T01:08:29.464+0000] GC(1148) Pause Young (Normal) (G1 Evacuation Pause) 1609M->1208M(4096M) 480.257ms
[2025-08-01T01:08:29.464+0000] GC(1148) User=1.98s Sys=0.73s Real=0.48s
[2025-08-01T01:08:29.546+0000] GC(1149) Pause Young (Concurrent Start) (G1 Evacuation Pause)
[2025-08-01T01:08:29.546+0000] GC(1149) Using 8 workers of 8 for evacuation
[2025-08-01T01:08:29.606+0000] GC(1149)   Pre Evacuate Collection Set: 0.8ms
[2025-08-01T01:08:29.606+0000] GC(1149)   Merge Heap Roots: 0.9ms
[2025-08-01T01:08:29.606+0000] GC(1149)   Evacuate Collection Set: 56.3ms
[2025-08-01T01:08:29.606+0000] GC(1149)   Post Evacuate Collection Set: 1.3ms
[2025-08-01T01:08:29.606+0000] GC(1149)   Other: 0.3ms
[2025-08-01T01:08:29.606+0000] GC(1149) Eden regions: 186->0(361)
[2025-08-01T01:08:29.606+0000] GC(1149) Survivor regions: 59->31(31)
[2025-08-01T01:08:29.606+0000] GC(1149) Old regions: 548->687
[2025-08-01T01:08:29.606+0000] GC(1149) Archive regions: 2->2
[2025-08-01T01:08:29.606+0000] GC(1149) Humongous regions: 0->0
[2025-08-01T01:08:29.606+0000] GC(1149) Metaspace: 10061K(10304K)->10061K(10304K) NonClass: 8835K(8960K)->8835K(8960K) Class: 1225K(1344K)->1225K(1344K)
[2025-08-01T01:08:29.606+0000] GC(1149) Pause Young (Concurrent Start) (G1 Evacuation Pause) 1580M->1430M(4096M) 59.746ms
[2025-08-01T01:08:29.606+0000] GC(1149) User=0.40s Sys=0.02s Real=0.06s
[2025-08-01T01:08:29.606+0000] GC(1150) Concurrent Mark Cycle
[2025-08-01T01:08:29.606+0000] GC(1150) Concurrent Clear Claimed Marks
[2025-08-01T01:08:29.606+0000] GC(1150) Concurrent Clear Claimed Marks 0.024ms
[2025-08-01T01:08:29.606+0000] GC(1150) Concurrent Scan Root Regions
[2025-08-01T01:08:29.640+0000] GC(1150) Concurrent Scan Root Regions 33.298ms
[2025-08-01T01:08:29.640+0000] GC(1150) Concurrent Mark
[2025-08-01T01:08:29.640+0000] GC(1150) Concurrent Mark From Roots
[2025-08-01T01:08:29.640+0000] GC(1150) Using 2 workers of 2 for marking
[2025-08-01T01:08:29.719+0000] GC(1150) Concurrent Mark From Roots 78.858ms
[2025-08-01T01:08:29.719+0000] GC(1150) Concurrent Preclean
[2025-08-01T01:08:29.719+0000] GC(1150) Concurrent Preclean 0.376ms
[2025-08-01T01:08:29.719+0000] GC(1150) Pause Remark
[2025-08-01T01:08:29.722+0000] GC(1150) Pause Remark 2009M->1419M(4096M) 3.134ms
[2025-08-01T01:08:29.722+0000] GC(1150) User=0.00s Sys=0.00s Real=0.00s
[2025-08-01T01:08:29.722+0000] GC(1150) Concurrent Mark 82.789ms
[2025-08-01T01:08:29.722+0000] GC(1150) Concurrent Rebuild Remembered Sets
[2025-08-01T01:08:29.774+0000] GC(1151) Pause Young (Normal) (G1 Evacuation Pause)
[2025-08-01T01:08:29.774+0000] GC(1151) Using 8 workers of 8 for evacuation
[2025-08-01T01:08:29.863+0000] GC(1151)   Pre Evacuate Collection Set: 0.3ms
[2025-08-01T01:08:29.863+0000] GC(1151)   Merge Heap Roots: 0.3ms
[2025-08-01T01:08:29.863+0000] GC(1151)   Evacuate Collection Set: 86.8ms
[2025-08-01T01:08:29.863+0000] GC(1151)   Post Evacuate Collection Set: 1.2ms
[2025-08-01T01:08:29.863+0000] GC(1151)   Other: 0.2ms
[2025-08-01T01:08:29.863+0000] GC(1151) Eden regions: 361->0(363)
[2025-08-01T01:08:29.863+0000] GC(1151) Survivor regions: 31->49(49)
[2025-08-01T01:08:29.863+0000] GC(1151) Old regions: 389->670
[2025-08-01T01:08:29.863+0000] GC(1151) Archive regions: 2->2
[2025-08-01T01:08:29.863+0000] GC(1151) Humongous regions: 0->0
[2025-08-01T01:08:29.863+0000] GC(1151) Metaspace: 10061K(10304K)->10061K(10304K) NonClass: 8835K(8960K)->8835K(8960K) Class: 1225K(1344K)->1225K(1344K)
[2025-08-01T01:08:29.863+0000] GC(1151) Pause Young (Normal) (G1 Evacuation Pause) 1562M->1438M(4096M) 89.081ms
[2025-08-01T01:08:29.863+0000] GC(1151) User=0.65s Sys=0.00s Real=0.09s
[2025-08-01T01:08:29.896+0000] GC(1150) Concurrent Rebuild Remembered Sets 173.240ms
[2025-08-01T01:08:29.896+0000] GC(1150) Pause Cleanup
[2025-08-01T01:08:29.897+0000] GC(1150) Pause Cleanup 1656M->1656M(4096M) 0.591ms
[2025-08-01T01:08:29.897+0000] GC(1150) User=0.00s Sys=0.00s Real=0.00s
[2025-08-01T01:08:29.897+0000] GC(1150) Concurrent Cleanup for Next Mark
[2025-08-01T01:08:29.905+0000] GC(1150) Concurrent Cleanup for Next Mark 7.895ms
[2025-08-01T01:08:29.905+0000] GC(1150) Concurrent Mark Cycle 298.479ms
[2025-08-01T01:08:30.022+0000] GC(1152) Pause Young (Prepare Mixed) (G1 Evacuation Pause)
[2025-08-01T01:08:30.022+0000] GC(1152) Using 8 workers of 8 for evacuation
[2025-08-01T01:08:30.161+0000] GC(1152)   Pre Evacuate Collection Set: 0.9ms
[2025-08-01T01:08:30.161+0000] GC(1152)   Merge Heap Roots: 0.2ms
[2025-08-01T01:08:30.161+0000] GC(1152)   Evacuate Collection Set: 136.0ms
[2025-08-01T01:08:30.161+0000] GC(1152)   Post Evacuate Collection Set: 1.9ms
[2025-08-01T01:08:30.161+0000] GC(1152)   Other: 0.3ms
[2025-08-01T01:08:30.161+0000] GC(1152) Eden regions: 363->0(50)
[2025-08-01T01:08:30.161+0000] GC(1152) Survivor regions: 49->52(52)
[2025-08-01T01:08:30.161+0000] GC(1152) Old regions: 670->855
[2025-08-01T01:08:30.161+0000] GC(1152) Archive regions: 2->2
[2025-08-01T01:08:30.161+0000] GC(1152) Humongous regions: 0->0
[2025-08-01T01:08:30.161+0000] GC(1152) Metaspace: 10061K(10304K)->10061K(10304K) NonClass: 8835K(8960K)->8835K(8960K) Class: 1225K(1344K)->1225K(1344K)
[2025-08-01T01:08:30.162+0000] GC(1152) Pause Young (Prepare Mixed) (G1 Evacuation Pause) 2164M->1814M(4096M) 139.506ms
[2025-08-01T01:08:30.162+0000] GC(1152) User=1.02s Sys=0.04s Real=0.14s
[2025-08-01T01:08:30.176+0000] GC(1153) Pause Young (Mixed) (G1 Evacuation Pause)
[2025-08-01T01:08:30.176+0000] GC(1153) Using 8 workers of 8 for evacuation
[2025-08-01T01:08:30.237+0000] GC(1153)   Pre Evacuate Collection Set: 1.0ms
[2025-08-01T01:08:30.237+0000] GC(1153)   Merge Heap Roots: 0.3ms
[2025-08-01T01:08:30.237+0000] GC(1153)   Evacuate Collection Set: 57.9ms
[2025-08-01T01:08:30.237+0000] GC(1153)   Post Evacuate Collection Set: 0.9ms
[2025-08-01T01:08:30.237+0000] GC(1153)   Other: 0.4ms
[2025-08-01T01:08:30.237+0000] GC(1153) Eden regions: 50->0(267)
[2025-08-01T01:08:30.237+0000] GC(1153) Survivor regions: 52->13(13)
[2025-08-01T01:08:30.237+0000] GC(1153) Old regions: 855->922
[2025-08-01T01:08:30.237+0000] GC(1153) Archive regions: 2->2
[2025-08-01T01:08:30.237+0000] GC(1153) Humongous regions: 0->0
[2025-08-01T01:08:30.237+0000] GC(1153) Metaspace: 10061K(10304K)->10061K(10304K) NonClass: 8835K(8960K)->8835K(8960K) Class: 1225K(1344K)->1225K(1344K)
[2025-08-01T01:08:30.237+0000] GC(1153) Pause Young (Mixed) (G1 Evacuation Pause) 1914M->1871M(4096M) 60.524ms
[2025-08-01T01:08:30.237+0000] GC(1153) User=0.43s Sys=0.03s Real=0.06s
[2025-08-01T01:08:30.332+0000] GC(1154) Pause Young (Concurrent Start) (G1 Evacuation Pause)
[2025-08-01T01:08:30.332+0000] GC(1154) Using 8 workers of 8 for evacuation
[2025-08-01T01:08:30.456+0000] GC(1154)   Pre Evacuate Collection Set: 0.8ms
[2025-08-01T01:08:30.456+0000] GC(1154)   Merge Heap Roots: 0.3ms
[2025-08-01T01:08:30.456+0000] GC(1154)   Evacuate Collection Set: 121.7ms
[2025-08-01T01:08:30.456+0000] GC(1154)   Post Evacuate Collection Set: 1.0ms
[2025-08-01T01:08:30.456+0000] GC(1154)   Other: 0.3ms
[2025-08-01T01:08:30.456+0000] GC(1154) Eden regions: 267->0(218)
[2025-08-01T01:08:30.456+0000] GC(1154) Survivor regions: 13->35(35)
[2025-08-01T01:08:30.456+0000] GC(1154) Old regions: 922->1137
[2025-08-01T01:08:30.456+0000] GC(1154) Archive regions: 2->2
[2025-08-01T01:08:30.456+0000] GC(1154) Humongous regions: 0->0
[2025-08-01T01:08:30.456+0000] GC(1154) Metaspace: 10061K(10304K)->10061K(10304K) NonClass: 8835K(8960K)->8835K(8960K) Class: 1225K(1344K)->1225K(1344K)
[2025-08-01T01:08:30.456+0000] GC(1154) Pause Young (Concurrent Start) (G1 Evacuation Pause) 2405M->2344M(4096M) 124.310ms
[2025-08-01T01:08:30.456+0000] GC(1154) User=0.93s Sys=0.04s Real=0.13s
[2025-08-01T01:08:30.456+0000] GC(1155) Concurrent Mark Cycle
[2025-08-01T01:08:30.456+0000] GC(1155) Concurrent Clear Claimed Marks
[2025-08-01T01:08:30.456+0000] GC(1155) Concurrent Clear Claimed Marks 0.025ms
[2025-08-01T01:08:30.456+0000] GC(1155) Concurrent Scan Root Regions
[2025-08-01T01:08:30.505+0000] GC(1155) Concurrent Scan Root Regions 48.860ms
[2025-08-01T01:08:30.505+0000] GC(1155) Concurrent Mark
[2025-08-01T01:08:30.505+0000] GC(1155) Concurrent Mark From Roots
[2025-08-01T01:08:30.505+0000] GC(1155) Using 2 workers of 2 for marking
[2025-08-01T01:08:30.553+0000] GC(1156) Pause Young (Normal) (G1 Evacuation Pause)
[2025-08-01T01:08:30.553+0000] GC(1156) Using 8 workers of 8 for evacuation
[2025-08-01T01:08:30.622+0000] GC(1156)   Pre Evacuate Collection Set: 0.5ms
[2025-08-01T01:08:30.622+0000] GC(1156)   Merge Heap Roots: 0.2ms
[2025-08-01T01:08:30.622+0000] GC(1156)   Evacuate Collection Set: 67.6ms
[2025-08-01T01:08:30.622+0000] GC(1156)   Post Evacuate Collection Set: 0.9ms
[2025-08-01T01:08:30.622+0000] GC(1156)   Other: 0.2ms
[2025-08-01T01:08:30.622+0000] GC(1156) Eden regions: 218->0(162)
[2025-08-01T01:08:30.622+0000] GC(1156) Survivor regions: 35->32(32)
[2025-08-01T01:08:30.622+0000] GC(1156) Old regions: 1137->1295
[2025-08-01T01:08:30.622+0000] GC(1156) Archive regions: 2->2
[2025-08-01T01:08:30.622+0000] GC(1156) Humongous regions: 0->0
[2025-08-01T01:08:30.622+0000] GC(1156) Metaspace: 10061K(10304K)->10061K(10304K) NonClass: 8835K(8960K)->8835K(8960K) Class: 1225K(1344K)->1225K(1344K)
[2025-08-01T01:08:30.622+0000] GC(1156) Pause Young (Normal) (G1 Evacuation Pause) 2780M->2654M(4096M) 69.486ms
[2025-08-01T01:08:30.622+0000] GC(1156) User=0.48s Sys=0.02s Real=0.07s
[2025-08-01T01:08:30.678+0000] GC(1155) Concurrent Mark From Roots 172.499ms
[2025-08-01T01:08:30.678+0000] GC(1155) Concurrent Preclean
[2025-08-01T01:08:30.678+0000] GC(1155) Concurrent Preclean 0.315ms
[2025-08-01T01:08:30.679+0000] GC(1155) Pause Remark
[2025-08-01T01:08:30.681+0000] GC(1155) Pause Remark 2914M->1656M(4096M) 2.408ms
[2025-08-01T01:08:30.681+0000] GC(1155) User=0.01s Sys=0.00s Real=0.00s
[2025-08-01T01:08:30.681+0000] GC(1155) Concurrent Mark 175.873ms
[2025-08-01T01:08:30.681+0000] GC(1155) Concurrent Rebuild Remembered Sets
[2025-08-01T01:08:30.694+0000] GC(1157) Pause Young (Normal) (G1 Evacuation Pause)
[2025-08-01T01:08:30.695+0000] GC(1157) Using 8 workers of 8 for evacuation
[2025-08-01T01:08:30.757+0000] GC(1157)   Pre Evacuate Collection Set: 0.4ms
[2025-08-01T01:08:30.757+0000] GC(1157)   Merge Heap Roots: 0.2ms
[2025-08-01T01:08:30.757+0000] GC(1157)   Evacuate Collection Set: 59.9ms
[2025-08-01T01:08:30.757+0000] GC(1157)   Post Evacuate Collection Set: 1.5ms
[2025-08-01T01:08:30.757+0000] GC(1157)   Other: 0.2ms
[2025-08-01T01:08:30.757+0000] GC(1157) Eden regions: 162->0(326)
[2025-08-01T01:08:30.757+0000] GC(1157) Survivor regions: 32->25(25)
[2025-08-01T01:08:30.757+0000] GC(1157) Old regions: 666->836
[2025-08-01T01:08:30.757+0000] GC(1157) Archive regions: 2->2
[2025-08-01T01:08:30.757+0000] GC(1157) Humongous regions: 0->0
[2025-08-01T01:08:30.757+0000] GC(1157) Metaspace: 10061K(10304K)->10061K(10304K) NonClass: 8835K(8960K)->8835K(8960K) Class: 1225K(1344K)->1225K(1344K)
[2025-08-01T01:08:30.757+0000] GC(1157) Pause Young (Normal) (G1 Evacuation Pause) 1720M->1723M(4096M) 62.345ms
[2025-08-01T01:08:30.757+0000] GC(1157) User=0.48s Sys=0.00s Real=0.06s
[2025-08-01T01:08:30.885+0000] GC(1158) Pause Young (Normal) (G1 Evacuation Pause)
[2025-08-01T01:08:30.885+0000] GC(1158) Using 8 workers of 8 for evacuation
[2025-08-01T01:08:30.946+0000] GC(1158)   Pre Evacuate Collection Set: 0.4ms
[2025-08-01T01:08:30.946+0000] GC(1158)   Merge Heap Roots: 0.3ms
[2025-08-01T01:08:30.946+0000] GC(1158)   Evacuate Collection Set: 58.6ms
[2025-08-01T01:08:30.946+0000] GC(1158)   Post Evacuate Collection Set: 1.1ms
[2025-08-01T01:08:30.946+0000] GC(1158)   Other: 0.2ms
[2025-08-01T01:08:30.946+0000] GC(1158) Eden regions: 326->0(276)
[2025-08-01T01:08:30.946+0000] GC(1158) Survivor regions: 25->44(44)
[2025-08-01T01:08:30.946+0000] GC(1158) Old regions: 836->985
[2025-08-01T01:08:30.946+0000] GC(1158) Archive regions: 2->2
[2025-08-01T01:08:30.946+0000] GC(1158) Humongous regions: 0->0
[2025-08-01T01:08:30.946+0000] GC(1158) Metaspace: 10061K(10304K)->10061K(10304K) NonClass: 8835K(8960K)->8835K(8960K) Class: 1225K(1344K)->1225K(1344K)
[2025-08-01T01:08:30.946+0000] GC(1158) Pause Young (Normal) (G1 Evacuation Pause) 2375M->2059M(4096M) 60.808ms
[2025-08-01T01:08:30.946+0000] GC(1158) User=0.46s Sys=0.01s Real=0.06s
[2025-08-01T01:08:30.982+0000] GC(1155) Concurrent Rebuild Remembered Sets 300.792ms
[2025-08-01T01:08:30.982+0000] GC(1155) Pause Cleanup
[2025-08-01T01:08:30.983+0000] GC(1155) Pause Cleanup 2402M->2402M(4096M) 0.776ms
[2025-08-01T01:08:30.983+0000] GC(1155) User=0.00s Sys=0.00s Real=0.00s
[2025-08-01T01:08:30.983+0000] GC(1155) Concurrent Cleanup for Next Mark
[2025-08-01T01:08:30.991+0000] GC(1155) Concurrent Cleanup for Next Mark 7.871ms
[2025-08-01T01:08:30.991+0000] GC(1155) Concurrent Mark Cycle 534.894ms
[2025-08-01T01:08:31.045+0000] GC(1159) Pause Young (Prepare Mixed) (G1 Evacuation Pause)
[2025-08-01T01:08:31.045+0000] GC(1159) Using 8 workers of 8 for evacuation
[2025-08-01T01:08:31.157+0000] GC(1159)   Pre Evacuate Collection Set: 0.5ms
[2025-08-01T01:08:31.157+0000] GC(1159)   Merge Heap Roots: 0.7ms
[2025-08-01T01:08:31.157+0000] GC(1159)   Evacuate Collection Set: 109.3ms
[2025-08-01T01:08:31.157+0000] GC(1159)   Post Evacuate Collection Set: 1.0ms
[2025-08-01T01:08:31.157+0000] GC(1159)   Other: 0.3ms
[2025-08-01T01:08:31.157+0000] GC(1159) Eden regions: 276->0(62)
[2025-08-01T01:08:31.157+0000] GC(1159) Survivor regions: 44->40(40)
[2025-08-01T01:08:31.157+0000] GC(1159) Old regions: 985->1267
[2025-08-01T01:08:31.157+0000] GC(1159) Archive regions: 2->2
[2025-08-01T01:08:31.157+0000] GC(1159) Humongous regions: 0->0
[2025-08-01T01:08:31.157+0000] GC(1159) Metaspace: 10061K(10304K)->10061K(10304K) NonClass: 8835K(8960K)->8835K(8960K) Class: 1225K(1344K)->1225K(1344K)
[2025-08-01T01:08:31.157+0000] GC(1159) Pause Young (Prepare Mixed) (G1 Evacuation Pause) 2611M->2615M(4096M) 111.855ms
[2025-08-01T01:08:31.157+0000] GC(1159) User=0.84s Sys=0.02s Real=0.11s
[2025-08-01T01:08:31.168+0000] GC(1160) Pause Young (Mixed) (G1 Evacuation Pause)
[2025-08-01T01:08:31.168+0000] GC(1160) Using 8 workers of 8 for evacuation
[2025-08-01T01:08:31.205+0000] GC(1160)   Pre Evacuate Collection Set: 0.7ms
[2025-08-01T01:08:31.205+0000] GC(1160)   Merge Heap Roots: 0.2ms
[2025-08-01T01:08:31.205+0000] GC(1160)   Evacuate Collection Set: 34.7ms
[2025-08-01T01:08:31.205+0000] GC(1160)   Post Evacuate Collection Set: 1.0ms
[2025-08-01T01:08:31.205+0000] GC(1160)   Other: 0.2ms
[2025-08-01T01:08:31.205+0000] GC(1160) Eden regions: 62->0(153)
[2025-08-01T01:08:31.205+0000] GC(1160) Survivor regions: 40->13(13)
[2025-08-01T01:08:31.205+0000] GC(1160) Old regions: 1267->1337
[2025-08-01T01:08:31.205+0000] GC(1160) Archive regions: 2->2
[2025-08-01T01:08:31.205+0000] GC(1160) Humongous regions: 0->0
[2025-08-01T01:08:31.205+0000] GC(1160) Metaspace: 10061K(10304K)->10061K(10304K) NonClass: 8835K(8960K)->8835K(8960K) Class: 1225K(1344K)->1225K(1344K)
[2025-08-01T01:08:31.205+0000] GC(1160) Pause Young (Mixed) (G1 Evacuation Pause) 2739M->2701M(4096M) 36.890ms
[2025-08-01T01:08:31.205+0000] GC(1160) User=0.27s Sys=0.01s Real=0.04s
[2025-08-01T01:08:31.277+0000] GC(1161) Pause Young (Concurrent Start) (G1 Evacuation Pause)
[2025-08-01T01:08:31.277+0000] GC(1161) Using 8 workers of 8 for evacuation
[2025-08-01T01:08:31.343+0000] GC(1161)   Pre Evacuate Collection Set: 0.6ms
[2025-08-01T01:08:31.343+0000] GC(1161)   Merge Heap Roots: 0.3ms
[2025-08-01T01:08:31.343+0000] GC(1161)   Evacuate Collection Set: 63.6ms
[2025-08-01T01:08:31.343+0000] GC(1161)   Post Evacuate Collection Set: 1.0ms
[2025-08-01T01:08:31.343+0000] GC(1161)   Other: 0.3ms
[2025-08-01T01:08:31.343+0000] GC(1161) Eden regions: 153->0(105)
[2025-08-01T01:08:31.343+0000] GC(1161) Survivor regions: 13->21(21)
[2025-08-01T01:08:31.343+0000] GC(1161) Old regions: 1337->1479
[2025-08-01T01:08:31.343+0000] GC(1161) Archive regions: 2->2
[2025-08-01T01:08:31.343+0000] GC(1161) Humongous regions: 0->0
[2025-08-01T01:08:31.343+0000] GC(1161) Metaspace: 10061K(10304K)->10061K(10304K) NonClass: 8835K(8960K)->8835K(8960K) Class: 1225K(1344K)->1225K(1344K)
[2025-08-01T01:08:31.343+0000] GC(1161) Pause Young (Concurrent Start) (G1 Evacuation Pause) 3007M->3001M(4096M) 65.843ms
[2025-08-01T01:08:31.343+0000] GC(1161) User=0.48s Sys=0.02s Real=0.07s
[2025-08-01T01:08:31.343+0000] GC(1162) Concurrent Mark Cycle
[2025-08-01T01:08:31.343+0000] GC(1162) Concurrent Clear Claimed Marks
[2025-08-01T01:08:31.343+0000] GC(1162) Concurrent Clear Claimed Marks 0.016ms
[2025-08-01T01:08:31.343+0000] GC(1162) Concurrent Scan Root Regions
[2025-08-01T01:08:31.380+0000] GC(1162) Concurrent Scan Root Regions 36.516ms
[2025-08-01T01:08:31.380+0000] GC(1162) Concurrent Mark
[2025-08-01T01:08:31.380+0000] GC(1162) Concurrent Mark From Roots
[2025-08-01T01:08:31.380+0000] GC(1162) Using 2 workers of 2 for marking
[2025-08-01T01:08:31.409+0000] GC(1163) Pause Young (Normal) (G1 Evacuation Pause)
[2025-08-01T01:08:31.409+0000] GC(1163) Using 8 workers of 8 for evacuation
[2025-08-01T01:08:31.438+0000] GC(1163)   Pre Evacuate Collection Set: 1.4ms
[2025-08-01T01:08:31.438+0000] GC(1163)   Merge Heap Roots: 0.4ms
[2025-08-01T01:08:31.438+0000] GC(1163)   Evacuate Collection Set: 26.1ms
[2025-08-01T01:08:31.438+0000] GC(1163)   Post Evacuate Collection Set: 1.1ms
[2025-08-01T01:08:31.438+0000] GC(1163)   Other: 0.3ms
[2025-08-01T01:08:31.438+0000] GC(1163) Eden regions: 105->0(89)
[2025-08-01T01:08:31.438+0000] GC(1163) Survivor regions: 21->16(16)
[2025-08-01T01:08:31.438+0000] GC(1163) Old regions: 1479->1546
[2025-08-01T01:08:31.438+0000] GC(1163) Archive regions: 2->2
[2025-08-01T01:08:31.438+0000] GC(1163) Humongous regions: 0->0
[2025-08-01T01:08:31.438+0000] GC(1163) Metaspace: 10061K(10304K)->10061K(10304K) NonClass: 8835K(8960K)->8835K(8960K) Class: 1225K(1344K)->1225K(1344K)
[2025-08-01T01:08:31.438+0000] GC(1163) Pause Young (Normal) (G1 Evacuation Pause) 3211M->3124M(4096M) 29.447ms
[2025-08-01T01:08:31.438+0000] GC(1163) User=0.20s Sys=0.01s Real=0.03s
[2025-08-01T01:08:31.458+0000] GC(1164) Pause Young (Normal) (G1 Evacuation Pause)
[2025-08-01T01:08:31.458+0000] GC(1164) Using 8 workers of 8 for evacuation
[2025-08-01T01:08:31.480+0000] GC(1164)   Pre Evacuate Collection Set: 0.3ms
[2025-08-01T01:08:31.480+0000] GC(1164)   Merge Heap Roots: 0.4ms
[2025-08-01T01:08:31.480+0000] GC(1164)   Evacuate Collection Set: 20.2ms
[2025-08-01T01:08:31.480+0000] GC(1164)   Post Evacuate Collection Set: 0.9ms
[2025-08-01T01:08:31.480+0000] GC(1164)   Other: 0.2ms
[2025-08-01T01:08:31.480+0000] GC(1164) Eden regions: 89->0(88)
[2025-08-01T01:08:31.480+0000] GC(1164) Survivor regions: 16->14(14)
[2025-08-01T01:08:31.480+0000] GC(1164) Old regions: 1546->1605
[2025-08-01T01:08:31.480+0000] GC(1164) Archive regions: 2->2
[2025-08-01T01:08:31.480+0000] GC(1164) Humongous regions: 0->0
[2025-08-01T01:08:31.480+0000] GC(1164) Metaspace: 10061K(10304K)->10061K(10304K) NonClass: 8835K(8960K)->8835K(8960K) Class: 1225K(1344K)->1225K(1344K)
[2025-08-01T01:08:31.480+0000] GC(1164) Pause Young (Normal) (G1 Evacuation Pause) 3302M->3239M(4096M) 22.207ms
[2025-08-01T01:08:31.480+0000] GC(1164) User=0.16s Sys=0.00s Real=0.02s
[2025-08-01T01:08:31.512+0000] GC(1165) Pause Young (Normal) (G1 Evacuation Pause)
[2025-08-01T01:08:31.512+0000] GC(1165) Using 8 workers of 8 for evacuation
[2025-08-01T01:08:31.540+0000] GC(1165)   Pre Evacuate Collection Set: 0.4ms
[2025-08-01T01:08:31.540+0000] GC(1165)   Merge Heap Roots: 0.2ms
[2025-08-01T01:08:31.540+0000] GC(1165)   Evacuate Collection Set: 27.1ms
[2025-08-01T01:08:31.540+0000] GC(1165)   Post Evacuate Collection Set: 0.8ms
[2025-08-01T01:08:31.540+0000] GC(1165)   Other: 0.2ms
[2025-08-01T01:08:31.540+0000] GC(1165) Eden regions: 88->0(89)
[2025-08-01T01:08:31.540+0000] GC(1165) Survivor regions: 14->13(13)
[2025-08-01T01:08:31.540+0000] GC(1165) Old regions: 1605->1695
[2025-08-01T01:08:31.540+0000] GC(1165) Archive regions: 2->2
[2025-08-01T01:08:31.540+0000] GC(1165) Humongous regions: 0->0
[2025-08-01T01:08:31.540+0000] GC(1165) Metaspace: 10061K(10304K)->10061K(10304K) NonClass: 8835K(8960K)->8835K(8960K) Class: 1225K(1344K)->1225K(1344K)
[2025-08-01T01:08:31.540+0000] GC(1165) Pause Young (Normal) (G1 Evacuation Pause) 3415M->3417M(4096M) 28.813ms
[2025-08-01T01:08:31.540+0000] GC(1165) User=0.22s Sys=0.01s Real=0.03s
[2025-08-01T01:08:31.561+0000] GC(1166) Pause Young (Normal) (G1 Evacuation Pause)
[2025-08-01T01:08:31.561+0000] GC(1166) Using 8 workers of 8 for evacuation
[2025-08-01T01:08:31.590+0000] GC(1166)   Pre Evacuate Collection Set: 0.3ms
[2025-08-01T01:08:31.590+0000] GC(1166)   Merge Heap Roots: 0.3ms
[2025-08-01T01:08:31.590+0000] GC(1166)   Evacuate Collection Set: 26.7ms
[2025-08-01T01:08:31.590+0000] GC(1166)   Post Evacuate Collection Set: 0.9ms
[2025-08-01T01:08:31.590+0000] GC(1166)   Other: 0.2ms
[2025-08-01T01:08:31.590+0000] GC(1166) Eden regions: 89->0(89)
[2025-08-01T01:08:31.590+0000] GC(1166) Survivor regions: 13->13(13)
[2025-08-01T01:08:31.590+0000] GC(1166) Old regions: 1695->1785
[2025-08-01T01:08:31.590+0000] GC(1166) Archive regions: 2->2
[2025-08-01T01:08:31.590+0000] GC(1166) Humongous regions: 0->0
[2025-08-01T01:08:31.590+0000] GC(1166) Metaspace: 10061K(10304K)->10061K(10304K) NonClass: 8835K(8960K)->8835K(8960K) Class: 1225K(1344K)->1225K(1344K)
[2025-08-01T01:08:31.590+0000] GC(1166) Pause Young (Normal) (G1 Evacuation Pause) 3595M->3597M(4096M) 28.637ms
[2025-08-01T01:08:31.590+0000] GC(1166) User=0.21s Sys=0.00s Real=0.03s
[2025-08-01T01:08:31.613+0000] GC(1167) Pause Young (Normal) (G1 Evacuation Pause)
[2025-08-01T01:08:31.613+0000] GC(1167) Using 8 workers of 8 for evacuation
[2025-08-01T01:08:31.633+0000] GC(1167)   Pre Evacuate Collection Set: 0.3ms
[2025-08-01T01:08:31.633+0000] GC(1167)   Merge Heap Roots: 0.1ms
[2025-08-01T01:08:31.633+0000] GC(1167)   Evacuate Collection Set: 18.9ms
[2025-08-01T01:08:31.633+0000] GC(1167)   Post Evacuate Collection Set: 0.8ms
[2025-08-01T01:08:31.633+0000] GC(1167)   Other: 0.2ms
[2025-08-01T01:08:31.633+0000] GC(1167) Eden regions: 89->0(89)
[2025-08-01T01:08:31.633+0000] GC(1167) Survivor regions: 13->13(13)
[2025-08-01T01:08:31.633+0000] GC(1167) Old regions: 1785->1841
[2025-08-01T01:08:31.633+0000] GC(1167) Archive regions: 2->2
[2025-08-01T01:08:31.633+0000] GC(1167) Humongous regions: 0->0
[2025-08-01T01:08:31.633+0000] GC(1167) Metaspace: 10061K(10304K)->10061K(10304K) NonClass: 8835K(8960K)->8835K(8960K) Class: 1225K(1344K)->1225K(1344K)
[2025-08-01T01:08:31.633+0000] GC(1167) Pause Young (Normal) (G1 Evacuation Pause) 3775M->3709M(4096M) 20.435ms
[2025-08-01T01:08:31.633+0000] GC(1167) User=0.14s Sys=0.00s Real=0.02s
[2025-08-01T01:08:31.641+0000] GC(1162) Concurrent Mark From Roots 260.521ms
[2025-08-01T01:08:31.641+0000] GC(1162) Concurrent Preclean
[2025-08-01T01:08:31.641+0000] GC(1162) Concurrent Preclean 0.503ms
[2025-08-01T01:08:31.642+0000] GC(1162) Pause Remark
[2025-08-01T01:08:31.644+0000] GC(1162) Pause Remark 3747M->2019M(4096M) 2.591ms
[2025-08-01T01:08:31.644+0000] GC(1162) User=0.01s Sys=0.00s Real=0.01s
[2025-08-01T01:08:31.644+0000] GC(1162) Concurrent Mark 264.323ms
[2025-08-01T01:08:31.644+0000] GC(1162) Concurrent Rebuild Remembered Sets
[2025-08-01T01:08:31.664+0000] GC(1168) Pause Young (Normal) (G1 Evacuation Pause)
[2025-08-01T01:08:31.664+0000] GC(1168) Using 8 workers of 8 for evacuation
[2025-08-01T01:08:31.695+0000] GC(1168)   Pre Evacuate Collection Set: 0.6ms
[2025-08-01T01:08:31.695+0000] GC(1168)   Merge Heap Roots: 0.2ms
[2025-08-01T01:08:31.695+0000] GC(1168)   Evacuate Collection Set: 30.0ms
[2025-08-01T01:08:31.695+0000] GC(1168)   Post Evacuate Collection Set: 0.6ms
[2025-08-01T01:08:31.695+0000] GC(1168)   Other: 0.2ms
[2025-08-01T01:08:31.695+0000] GC(1168) Eden regions: 89->0(249)
[2025-08-01T01:08:31.695+0000] GC(1168) Survivor regions: 13->13(13)
[2025-08-01T01:08:31.695+0000] GC(1168) Old regions: 977->1068
[2025-08-01T01:08:31.695+0000] GC(1168) Archive regions: 2->2
[2025-08-01T01:08:31.695+0000] GC(1168) Humongous regions: 0->0
[2025-08-01T01:08:31.695+0000] GC(1168) Metaspace: 10061K(10304K)->10061K(10304K) NonClass: 8835K(8960K)->8835K(8960K) Class: 1225K(1344K)->1225K(1344K)
[2025-08-01T01:08:31.695+0000] GC(1168) Pause Young (Normal) (G1 Evacuation Pause) 2159M->2163M(4096M) 31.671ms
[2025-08-01T01:08:31.695+0000] GC(1168) User=0.23s Sys=0.01s Real=0.03s
[2025-08-01T01:08:31.784+0000] GC(1169) Pause Young (Normal) (G1 Evacuation Pause)
[2025-08-01T01:08:31.784+0000] GC(1169) Using 8 workers of 8 for evacuation
[2025-08-01T01:08:31.863+0000] GC(1169)   Pre Evacuate Collection Set: 0.5ms
[2025-08-01T01:08:31.863+0000] GC(1169)   Merge Heap Roots: 0.2ms
[2025-08-01T01:08:31.863+0000] GC(1169)   Evacuate Collection Set: 77.5ms
[2025-08-01T01:08:31.863+0000] GC(1169)   Post Evacuate Collection Set: 0.8ms
[2025-08-01T01:08:31.863+0000] GC(1169)   Other: 0.2ms
[2025-08-01T01:08:31.863+0000] GC(1169) Eden regions: 249->0(159)
[2025-08-01T01:08:31.863+0000] GC(1169) Survivor regions: 13->33(33)
[2025-08-01T01:08:31.863+0000] GC(1169) Old regions: 1068->1299
[2025-08-01T01:08:31.863+0000] GC(1169) Archive regions: 2->2
[2025-08-01T01:08:31.863+0000] GC(1169) Humongous regions: 0->0
[2025-08-01T01:08:31.863+0000] GC(1169) Metaspace: 10061K(10304K)->10061K(10304K) NonClass: 8835K(8960K)->8835K(8960K) Class: 1225K(1344K)->1225K(1344K)
[2025-08-01T01:08:31.863+0000] GC(1169) Pause Young (Normal) (G1 Evacuation Pause) 2661M->2664M(4096M) 79.346ms
[2025-08-01T01:08:31.863+0000] GC(1169) User=0.62s Sys=0.00s Real=0.08s
[2025-08-01T01:08:31.938+0000] GC(1170) Pause Young (Normal) (G1 Evacuation Pause)
[2025-08-01T01:08:31.938+0000] GC(1170) Using 8 workers of 8 for evacuation
[2025-08-01T01:08:31.974+0000] GC(1170)   Pre Evacuate Collection Set: 0.8ms
[2025-08-01T01:08:31.974+0000] GC(1170)   Merge Heap Roots: 0.3ms
[2025-08-01T01:08:31.974+0000] GC(1170)   Evacuate Collection Set: 33.7ms
[2025-08-01T01:08:31.974+0000] GC(1170)   Post Evacuate Collection Set: 1.3ms
[2025-08-01T01:08:31.974+0000] GC(1170)   Other: 0.2ms
[2025-08-01T01:08:31.974+0000] GC(1170) Eden regions: 159->0(141)
[2025-08-01T01:08:31.974+0000] GC(1170) Survivor regions: 33->24(24)
[2025-08-01T01:08:31.974+0000] GC(1170) Old regions: 1299->1382
[2025-08-01T01:08:31.975+0000] GC(1170) Archive regions: 2->2
[2025-08-01T01:08:31.975+0000] GC(1170) Humongous regions: 0->0
[2025-08-01T01:08:31.975+0000] GC(1170) Metaspace: 10061K(10304K)->10061K(10304K) NonClass: 8835K(8960K)->8835K(8960K) Class: 1225K(1344K)->1225K(1344K)
[2025-08-01T01:08:31.975+0000] GC(1170) Pause Young (Normal) (G1 Evacuation Pause) 2982M->2813M(4096M) 36.479ms
[2025-08-01T01:08:31.975+0000] GC(1170) User=0.26s Sys=0.01s Real=0.04s
[2025-08-01T01:08:32.032+0000] GC(1162) Concurrent Rebuild Remembered Sets 387.576ms
[2025-08-01T01:08:32.032+0000] GC(1162) Pause Cleanup
[2025-08-01T01:08:32.033+0000] GC(1162) Pause Cleanup 3065M->3065M(4096M) 0.933ms
[2025-08-01T01:08:32.033+0000] GC(1162) User=0.01s Sys=0.00s Real=0.01s
[2025-08-01T01:08:32.033+0000] GC(1162) Concurrent Cleanup for Next Mark
[2025-08-01T01:08:32.043+0000] GC(1162) Concurrent Cleanup for Next Mark 9.623ms
[2025-08-01T01:08:32.043+0000] GC(1162) Concurrent Mark Cycle 699.572ms
[2025-08-01T01:08:32.047+0000] GC(1171) Pause Young (Prepare Mixed) (G1 Evacuation Pause)
[2025-08-01T01:08:32.047+0000] GC(1171) Using 8 workers of 8 for evacuation
[2025-08-01T01:08:32.095+0000] GC(1171)   Pre Evacuate Collection Set: 0.8ms
[2025-08-01T01:08:32.095+0000] GC(1171)   Merge Heap Roots: 0.1ms
[2025-08-01T01:08:32.095+0000] GC(1171)   Evacuate Collection Set: 46.2ms
[2025-08-01T01:08:32.095+0000] GC(1171)   Post Evacuate Collection Set: 0.6ms
[2025-08-01T01:08:32.095+0000] GC(1171)   Other: 0.2ms
[2025-08-01T01:08:32.095+0000] GC(1171) Eden regions: 141->0(81)
[2025-08-01T01:08:32.095+0000] GC(1171) Survivor regions: 24->21(21)
[2025-08-01T01:08:32.095+0000] GC(1171) Old regions: 1382->1486
[2025-08-01T01:08:32.095+0000] GC(1171) Archive regions: 2->2
[2025-08-01T01:08:32.095+0000] GC(1171) Humongous regions: 0->0
[2025-08-01T01:08:32.095+0000] GC(1171) Metaspace: 10061K(10304K)->10061K(10304K) NonClass: 8835K(8960K)->8835K(8960K) Class: 1225K(1344K)->1225K(1344K)
[2025-08-01T01:08:32.095+0000] GC(1171) Pause Young (Prepare Mixed) (G1 Evacuation Pause) 3095M->3015M(4096M) 48.075ms
[2025-08-01T01:08:32.095+0000] GC(1171) User=0.30s Sys=0.01s Real=0.05s
[2025-08-01T01:08:32.109+0000] GC(1172) Pause Young (Mixed) (G1 Evacuation Pause)
[2025-08-01T01:08:32.109+0000] GC(1172) Using 8 workers of 8 for evacuation
[2025-08-01T01:08:32.147+0000] GC(1172)   Pre Evacuate Collection Set: 0.4ms
[2025-08-01T01:08:32.147+0000] GC(1172)   Merge Heap Roots: 0.4ms
[2025-08-01T01:08:32.147+0000] GC(1172)   Evacuate Collection Set: 36.4ms
[2025-08-01T01:08:32.147+0000] GC(1172)   Post Evacuate Collection Set: 0.8ms
[2025-08-01T01:08:32.147+0000] GC(1172)   Other: 0.2ms
[2025-08-01T01:08:32.147+0000] GC(1172) Eden regions: 81->0(89)
[2025-08-01T01:08:32.147+0000] GC(1172) Survivor regions: 21->13(13)
[2025-08-01T01:08:32.147+0000] GC(1172) Old regions: 1486->1551
[2025-08-01T01:08:32.147+0000] GC(1172) Archive regions: 2->2
[2025-08-01T01:08:32.147+0000] GC(1172) Humongous regions: 0->0
[2025-08-01T01:08:32.148+0000] GC(1172) Metaspace: 10061K(10304K)->10061K(10304K) NonClass: 8835K(8960K)->8835K(8960K) Class: 1225K(1344K)->1225K(1344K)
[2025-08-01T01:08:32.148+0000] GC(1172) Pause Young (Mixed) (G1 Evacuation Pause) 3177M->3128M(4096M) 38.258ms
[2025-08-01T01:08:32.148+0000] GC(1172) User=0.27s Sys=0.01s Real=0.04s
[2025-08-01T01:08:32.209+0000] GC(1173) Pause Young (Concurrent Start) (G1 Evacuation Pause)
[2025-08-01T01:08:32.209+0000] GC(1173) Using 8 workers of 8 for evacuation
[2025-08-01T01:08:32.260+0000] GC(1173)   Pre Evacuate Collection Set: 0.6ms
[2025-08-01T01:08:32.260+0000] GC(1173)   Merge Heap Roots: 0.2ms
[2025-08-01T01:08:32.260+0000] GC(1173)   Evacuate Collection Set: 49.9ms
[2025-08-01T01:08:32.260+0000] GC(1173)   Post Evacuate Collection Set: 0.9ms
[2025-08-01T01:08:32.260+0000] GC(1173)   Other: 0.3ms
[2025-08-01T01:08:32.260+0000] GC(1173) Eden regions: 89->0(89)
[2025-08-01T01:08:32.260+0000] GC(1173) Survivor regions: 13->13(13)
[2025-08-01T01:08:32.260+0000] GC(1173) Old regions: 1551->1641
[2025-08-01T01:08:32.260+0000] GC(1173) Archive regions: 2->2
[2025-08-01T01:08:32.260+0000] GC(1173) Humongous regions: 0->0
[2025-08-01T01:08:32.260+0000] GC(1173) Metaspace: 10061K(10304K)->10061K(10304K) NonClass: 8835K(8960K)->8835K(8960K) Class: 1225K(1344K)->1225K(1344K)
[2025-08-01T01:08:32.261+0000] GC(1173) Pause Young (Concurrent Start) (G1 Evacuation Pause) 3306M->3309M(4096M) 52.022ms
[2025-08-01T01:08:32.261+0000] GC(1173) User=0.37s Sys=0.02s Real=0.05s
[2025-08-01T01:08:32.261+0000] GC(1174) Concurrent Mark Cycle
[2025-08-01T01:08:32.261+0000] GC(1174) Concurrent Clear Claimed Marks
[2025-08-01T01:08:32.261+0000] GC(1174) Concurrent Clear Claimed Marks 0.136ms
[2025-08-01T01:08:32.261+0000] GC(1174) Concurrent Scan Root Regions
[2025-08-01T01:08:32.296+0000] GC(1174) Concurrent Scan Root Regions 35.024ms
[2025-08-01T01:08:32.296+0000] GC(1174) Concurrent Mark
[2025-08-01T01:08:32.296+0000] GC(1174) Concurrent Mark From Roots
[2025-08-01T01:08:32.296+0000] GC(1174) Using 2 workers of 2 for marking
[2025-08-01T01:08:32.296+0000] GC(1175) Pause Young (Normal) (G1 Evacuation Pause)
[2025-08-01T01:08:32.296+0000] GC(1175) Using 8 workers of 8 for evacuation
[2025-08-01T01:08:32.355+0000] GC(1175)   Pre Evacuate Collection Set: 8.1ms
[2025-08-01T01:08:32.355+0000] GC(1175)   Merge Heap Roots: 0.2ms
[2025-08-01T01:08:32.355+0000] GC(1175)   Evacuate Collection Set: 55.7ms
[2025-08-01T01:08:32.355+0000] GC(1175)   Post Evacuate Collection Set: 1.3ms
[2025-08-01T01:08:32.355+0000] GC(1175)   Other: 0.3ms
[2025-08-01T01:08:32.355+0000] GC(1175) Eden regions: 89->0(89)
[2025-08-01T01:08:32.355+0000] GC(1175) Survivor regions: 13->13(13)
[2025-08-01T01:08:32.355+0000] GC(1175) Old regions: 1641->1732
[2025-08-01T01:08:32.355+0000] GC(1175) Archive regions: 2->2
[2025-08-01T01:08:32.355+0000] GC(1175) Humongous regions: 0->0
[2025-08-01T01:08:32.355+0000] GC(1175) Metaspace: 10061K(10304K)->10061K(10304K) NonClass: 8835K(8960K)->8835K(8960K) Class: 1225K(1344K)->1225K(1344K)
[2025-08-01T01:08:32.355+0000] GC(1175) Pause Young (Normal) (G1 Evacuation Pause) 3487M->3491M(4096M) 59.080ms
[2025-08-01T01:08:32.355+0000] GC(1175) User=0.43s Sys=0.01s Real=0.06s
[2025-08-01T01:08:32.427+0000] GC(1176) Pause Young (Normal) (G1 Evacuation Pause)
[2025-08-01T01:08:32.428+0000] GC(1176) Using 8 workers of 8 for evacuation
[2025-08-01T01:08:32.451+0000] GC(1176)   Pre Evacuate Collection Set: 0.4ms
[2025-08-01T01:08:32.451+0000] GC(1176)   Merge Heap Roots: 0.2ms
[2025-08-01T01:08:32.451+0000] GC(1176)   Evacuate Collection Set: 22.0ms
[2025-08-01T01:08:32.451+0000] GC(1176)   Post Evacuate Collection Set: 0.7ms
[2025-08-01T01:08:32.451+0000] GC(1176)   Other: 0.2ms
[2025-08-01T01:08:32.451+0000] GC(1176) Eden regions: 89->0(89)
[2025-08-01T01:08:32.451+0000] GC(1176) Survivor regions: 13->13(13)
[2025-08-01T01:08:32.451+0000] GC(1176) Old regions: 1732->1802
[2025-08-01T01:08:32.451+0000] GC(1176) Archive regions: 2->2
[2025-08-01T01:08:32.451+0000] GC(1176) Humongous regions: 0->0
[2025-08-01T01:08:32.451+0000] GC(1176) Metaspace: 10061K(10304K)->10061K(10304K) NonClass: 8835K(8960K)->8835K(8960K) Class: 1225K(1344K)->1225K(1344K)
[2025-08-01T01:08:32.451+0000] GC(1176) Pause Young (Normal) (G1 Evacuation Pause) 3669M->3631M(4096M) 23.644ms
[2025-08-01T01:08:32.451+0000] GC(1176) User=0.18s Sys=0.00s Real=0.02s
[2025-08-01T01:08:32.467+0000] GC(1177) Pause Young (Normal) (G1 Evacuation Pause)
[2025-08-01T01:08:32.467+0000] GC(1177) Using 8 workers of 8 for evacuation
[2025-08-01T01:08:32.496+0000] GC(1177)   Pre Evacuate Collection Set: 0.4ms
[2025-08-01T01:08:32.496+0000] GC(1177)   Merge Heap Roots: 0.2ms
[2025-08-01T01:08:32.496+0000] GC(1177)   Evacuate Collection Set: 27.0ms
[2025-08-01T01:08:32.496+0000] GC(1177)   Post Evacuate Collection Set: 1.0ms
[2025-08-01T01:08:32.496+0000] GC(1177)   Other: 0.3ms
[2025-08-01T01:08:32.496+0000] GC(1177) Eden regions: 89->0(89)
[2025-08-01T01:08:32.496+0000] GC(1177) Survivor regions: 13->13(13)
[2025-08-01T01:08:32.496+0000] GC(1177) Old regions: 1802->1893
[2025-08-01T01:08:32.496+0000] GC(1177) Archive regions: 2->2
[2025-08-01T01:08:32.496+0000] GC(1177) Humongous regions: 0->0
[2025-08-01T01:08:32.496+0000] GC(1177) Metaspace: 10061K(10304K)->10061K(10304K) NonClass: 8835K(8960K)->8835K(8960K) Class: 1225K(1344K)->1225K(1344K)
[2025-08-01T01:08:32.496+0000] GC(1177) Pause Young (Normal) (G1 Evacuation Pause) 3809M->3813M(4096M) 29.107ms
[2025-08-01T01:08:32.496+0000] GC(1177) User=0.22s Sys=0.00s Real=0.03s
[2025-08-01T01:08:32.507+0000] GC(1178) Pause Young (Normal) (G1 Preventive Collection)
[2025-08-01T01:08:32.507+0000] GC(1178) Using 8 workers of 8 for evacuation
[2025-08-01T01:08:32.530+0000] GC(1178)   Pre Evacuate Collection Set: 0.5ms
[2025-08-01T01:08:32.530+0000] GC(1178)   Merge Heap Roots: 0.2ms
[2025-08-01T01:08:32.530+0000] GC(1178)   Evacuate Collection Set: 21.5ms
[2025-08-01T01:08:32.530+0000] GC(1178)   Post Evacuate Collection Set: 0.7ms
[2025-08-01T01:08:32.530+0000] GC(1178)   Other: 0.2ms
[2025-08-01T01:08:32.530+0000] GC(1178) Eden regions: 60->0(89)
[2025-08-01T01:08:32.530+0000] GC(1178) Survivor regions: 13->13(13)
[2025-08-01T01:08:32.530+0000] GC(1178) Old regions: 1893->1955
[2025-08-01T01:08:32.530+0000] GC(1178) Archive regions: 2->2
[2025-08-01T01:08:32.530+0000] GC(1178) Humongous regions: 0->0
[2025-08-01T01:08:32.530+0000] GC(1178) Metaspace: 10061K(10304K)->10061K(10304K) NonClass: 8835K(8960K)->8835K(8960K) Class: 1225K(1344K)->1225K(1344K)
[2025-08-01T01:08:32.530+0000] GC(1178) Pause Young (Normal) (G1 Preventive Collection) 3933M->3937M(4096M) 23.331ms
[2025-08-01T01:08:32.530+0000] GC(1178) User=0.18s Sys=0.00s Real=0.02s
[2025-08-01T01:08:32.537+0000] GC(1179) Pause Young (Normal) (G1 Preventive Collection)
[2025-08-01T01:08:32.537+0000] GC(1179) Using 8 workers of 8 for evacuation
[2025-08-01T01:08:32.551+0000] GC(1179)   Pre Evacuate Collection Set: 0.3ms
[2025-08-01T01:08:32.552+0000] GC(1179)   Merge Heap Roots: 0.2ms
[2025-08-01T01:08:32.552+0000] GC(1179)   Evacuate Collection Set: 13.2ms
[2025-08-01T01:08:32.552+0000] GC(1179)   Post Evacuate Collection Set: 0.9ms
[2025-08-01T01:08:32.552+0000] GC(1179)   Other: 0.2ms
[2025-08-01T01:08:32.552+0000] GC(1179) Eden regions: 30->0(89)
[2025-08-01T01:08:32.552+0000] GC(1179) Survivor regions: 13->13(13)
[2025-08-01T01:08:32.552+0000] GC(1179) Old regions: 1955->1987
[2025-08-01T01:08:32.552+0000] GC(1179) Archive regions: 2->2
[2025-08-01T01:08:32.552+0000] GC(1179) Humongous regions: 0->0
[2025-08-01T01:08:32.552+0000] GC(1179) Metaspace: 10061K(10304K)->10061K(10304K) NonClass: 8835K(8960K)->8835K(8960K) Class: 1225K(1344K)->1225K(1344K)
[2025-08-01T01:08:32.552+0000] GC(1179) Pause Young (Normal) (G1 Preventive Collection) 3997M->4001M(4096M) 15.054ms
[2025-08-01T01:08:32.552+0000] GC(1179) User=0.10s Sys=0.00s Real=0.01s
[2025-08-01T01:08:32.579+0000] GC(1174) Concurrent Mark From Roots 283.368ms
[2025-08-01T01:08:32.579+0000] GC(1174) Concurrent Preclean
[2025-08-01T01:08:32.580+0000] GC(1174) Concurrent Preclean 0.411ms
[2025-08-01T01:08:32.580+0000] GC(1174) Pause Remark
[2025-08-01T01:08:32.582+0000] GC(1174) Pause Remark 4005M->1755M(4096M) 2.466ms
[2025-08-01T01:08:32.583+0000] GC(1174) User=0.01s Sys=0.00s Real=0.00s
[2025-08-01T01:08:32.583+0000] GC(1174) Concurrent Mark 286.627ms
[2025-08-01T01:08:32.583+0000] GC(1174) Concurrent Rebuild Remembered Sets
[2025-08-01T01:08:32.608+0000] GC(1180) Pause Young (Normal) (G1 Evacuation Pause)
[2025-08-01T01:08:32.608+0000] GC(1180) Using 8 workers of 8 for evacuation
[2025-08-01T01:08:32.639+0000] GC(1180)   Pre Evacuate Collection Set: 0.3ms
[2025-08-01T01:08:32.639+0000] GC(1180)   Merge Heap Roots: 0.1ms
[2025-08-01T01:08:32.639+0000] GC(1180)   Evacuate Collection Set: 29.9ms
[2025-08-01T01:08:32.640+0000] GC(1180)   Post Evacuate Collection Set: 0.7ms
[2025-08-01T01:08:32.640+0000] GC(1180)   Other: 0.2ms
[2025-08-01T01:08:32.640+0000] GC(1180) Eden regions: 89->0(274)
[2025-08-01T01:08:32.640+0000] GC(1180) Survivor regions: 13->13(13)
[2025-08-01T01:08:32.640+0000] GC(1180) Old regions: 862->953
[2025-08-01T01:08:32.640+0000] GC(1180) Archive regions: 2->2
[2025-08-01T01:08:32.640+0000] GC(1180) Humongous regions: 0->0
[2025-08-01T01:08:32.640+0000] GC(1180) Metaspace: 10061K(10304K)->10061K(10304K) NonClass: 8835K(8960K)->8835K(8960K) Class: 1225K(1344K)->1225K(1344K)
[2025-08-01T01:08:32.640+0000] GC(1180) Pause Young (Normal) (G1 Evacuation Pause) 1929M->1932M(4096M) 31.441ms
[2025-08-01T01:08:32.640+0000] GC(1180) User=0.23s Sys=0.00s Real=0.03s
[2025-08-01T01:08:32.740+0000] GC(1181) Pause Young (Normal) (G1 Evacuation Pause)
[2025-08-01T01:08:32.740+0000] GC(1181) Using 8 workers of 8 for evacuation
[2025-08-01T01:08:32.789+0000] GC(1181)   Pre Evacuate Collection Set: 0.5ms
[2025-08-01T01:08:32.789+0000] GC(1181)   Merge Heap Roots: 0.1ms
[2025-08-01T01:08:32.789+0000] GC(1181)   Evacuate Collection Set: 48.0ms
[2025-08-01T01:08:32.789+0000] GC(1181)   Post Evacuate Collection Set: 1.0ms
[2025-08-01T01:08:32.789+0000] GC(1181)   Other: 0.2ms
[2025-08-01T01:08:32.789+0000] GC(1181) Eden regions: 274->0(230)
[2025-08-01T01:08:32.789+0000] GC(1181) Survivor regions: 13->36(36)
[2025-08-01T01:08:32.789+0000] GC(1181) Old regions: 953->1095
[2025-08-01T01:08:32.789+0000] GC(1181) Archive regions: 2->2
[2025-08-01T01:08:32.790+0000] GC(1181) Humongous regions: 0->0
[2025-08-01T01:08:32.790+0000] GC(1181) Metaspace: 10061K(10304K)->10061K(10304K) NonClass: 8835K(8960K)->8835K(8960K) Class: 1225K(1344K)->1225K(1344K)
[2025-08-01T01:08:32.790+0000] GC(1181) Pause Young (Normal) (G1 Evacuation Pause) 2480M->2262M(4096M) 49.990ms
[2025-08-01T01:08:32.790+0000] GC(1181) User=0.38s Sys=0.00s Real=0.05s
[2025-08-01T01:08:32.882+0000] GC(1182) Pause Young (Normal) (G1 Evacuation Pause)
[2025-08-01T01:08:32.882+0000] GC(1182) Using 8 workers of 8 for evacuation
[2025-08-01T01:08:32.971+0000] GC(1182)   Pre Evacuate Collection Set: 0.5ms
[2025-08-01T01:08:32.972+0000] GC(1182)   Merge Heap Roots: 0.1ms
[2025-08-01T01:08:32.972+0000] GC(1182)   Evacuate Collection Set: 87.1ms
[2025-08-01T01:08:32.972+0000] GC(1182)   Post Evacuate Collection Set: 1.3ms
[2025-08-01T01:08:32.972+0000] GC(1182)   Other: 0.2ms
[2025-08-01T01:08:32.972+0000] GC(1182) Eden regions: 230->0(150)
[2025-08-01T01:08:32.972+0000] GC(1182) Survivor regions: 36->34(34)
[2025-08-01T01:08:32.972+0000] GC(1182) Old regions: 1095->1328
[2025-08-01T01:08:32.972+0000] GC(1182) Archive regions: 2->2
[2025-08-01T01:08:32.972+0000] GC(1182) Humongous regions: 0->0
[2025-08-01T01:08:32.972+0000] GC(1182) Metaspace: 10061K(10304K)->10061K(10304K) NonClass: 8835K(8960K)->8835K(8960K) Class: 1225K(1344K)->1225K(1344K)
[2025-08-01T01:08:32.972+0000] GC(1182) Pause Young (Normal) (G1 Evacuation Pause) 2722M->2725M(4096M) 89.295ms
[2025-08-01T01:08:32.972+0000] GC(1182) User=0.68s Sys=0.02s Real=0.09s
[2025-08-01T01:08:32.977+0000] GC(1174) Concurrent Rebuild Remembered Sets 394.218ms
[2025-08-01T01:08:32.977+0000] GC(1174) Pause Cleanup
[2025-08-01T01:08:32.978+0000] GC(1174) Pause Cleanup 2781M->2781M(4096M) 0.899ms
[2025-08-01T01:08:32.978+0000] GC(1174) User=0.00s Sys=0.00s Real=0.00s
[2025-08-01T01:08:32.979+0000] GC(1174) Concurrent Cleanup for Next Mark
[2025-08-01T01:08:32.992+0000] GC(1174) Concurrent Cleanup for Next Mark 13.641ms
[2025-08-01T01:08:32.992+0000] GC(1174) Concurrent Mark Cycle 731.599ms
[2025-08-01T01:08:33.050+0000] GC(1183) Pause Young (Prepare Mixed) (G1 Evacuation Pause)
[2025-08-01T01:08:33.050+0000] GC(1183) Using 8 workers of 8 for evacuation
[2025-08-01T01:08:33.116+0000] GC(1183)   Pre Evacuate Collection Set: 1.7ms
[2025-08-01T01:08:33.116+0000] GC(1183)   Merge Heap Roots: 0.2ms
[2025-08-01T01:08:33.116+0000] GC(1183)   Evacuate Collection Set: 63.5ms
[2025-08-01T01:08:33.116+0000] GC(1183)   Post Evacuate Collection Set: 0.8ms
[2025-08-01T01:08:33.116+0000] GC(1183)   Other: 0.2ms
[2025-08-01T01:08:33.116+0000] GC(1183) Eden regions: 150->0(79)
[2025-08-01T01:08:33.116+0000] GC(1183) Survivor regions: 34->23(23)
[2025-08-01T01:08:33.116+0000] GC(1183) Old regions: 1328->1460
[2025-08-01T01:08:33.116+0000] GC(1183) Archive regions: 2->2
[2025-08-01T01:08:33.116+0000] GC(1183) Humongous regions: 0->0
[2025-08-01T01:08:33.116+0000] GC(1183) Metaspace: 10061K(10304K)->10061K(10304K) NonClass: 8835K(8960K)->8835K(8960K) Class: 1225K(1344K)->1225K(1344K)
[2025-08-01T01:08:33.116+0000] GC(1183) Pause Young (Prepare Mixed) (G1 Evacuation Pause) 3025M->2966M(4096M) 66.481ms
[2025-08-01T01:08:33.116+0000] GC(1183) User=0.46s Sys=0.02s Real=0.07s
[2025-08-01T01:08:33.132+0000] GC(1184) Pause Young (Mixed) (G1 Evacuation Pause)
[2025-08-01T01:08:33.132+0000] GC(1184) Using 8 workers of 8 for evacuation
[2025-08-01T01:08:33.171+0000] GC(1184)   Pre Evacuate Collection Set: 0.6ms
[2025-08-01T01:08:33.171+0000] GC(1184)   Merge Heap Roots: 0.1ms
[2025-08-01T01:08:33.171+0000] GC(1184)   Evacuate Collection Set: 36.2ms
[2025-08-01T01:08:33.171+0000] GC(1184)   Post Evacuate Collection Set: 1.4ms
[2025-08-01T01:08:33.171+0000] GC(1184)   Other: 0.2ms
[2025-08-01T01:08:33.171+0000] GC(1184) Eden regions: 79->0(94)
[2025-08-01T01:08:33.171+0000] GC(1184) Survivor regions: 23->13(13)
[2025-08-01T01:08:33.171+0000] GC(1184) Old regions: 1460->1527
[2025-08-01T01:08:33.171+0000] GC(1184) Archive regions: 2->2
[2025-08-01T01:08:33.171+0000] GC(1184) Humongous regions: 0->0
[2025-08-01T01:08:33.171+0000] GC(1184) Metaspace: 10061K(10304K)->10061K(10304K) NonClass: 8835K(8960K)->8835K(8960K) Class: 1225K(1344K)->1225K(1344K)
[2025-08-01T01:08:33.171+0000] GC(1184) Pause Young (Mixed) (G1 Evacuation Pause) 3124M->3081M(4096M) 38.644ms
[2025-08-01T01:08:33.171+0000] GC(1184) User=0.26s Sys=0.01s Real=0.04s
[2025-08-01T01:08:33.237+0000] GC(1185) Pause Young (Concurrent Start) (G1 Evacuation Pause)
[2025-08-01T01:08:33.237+0000] GC(1185) Using 8 workers of 8 for evacuation
[2025-08-01T01:08:33.287+0000] GC(1185)   Pre Evacuate Collection Set: 2.0ms
[2025-08-01T01:08:33.287+0000] GC(1185)   Merge Heap Roots: 0.2ms
[2025-08-01T01:08:33.287+0000] GC(1185)   Evacuate Collection Set: 45.9ms
[2025-08-01T01:08:33.287+0000] GC(1185)   Post Evacuate Collection Set: 1.4ms
[2025-08-01T01:08:33.287+0000] GC(1185)   Other: 0.3ms
[2025-08-01T01:08:33.287+0000] GC(1185) Eden regions: 94->0(88)
[2025-08-01T01:08:33.287+0000] GC(1185) Survivor regions: 13->14(14)
[2025-08-01T01:08:33.287+0000] GC(1185) Old regions: 1527->1622
[2025-08-01T01:08:33.287+0000] GC(1185) Archive regions: 2->2
[2025-08-01T01:08:33.287+0000] GC(1185) Humongous regions: 0->0
[2025-08-01T01:08:33.287+0000] GC(1185) Metaspace: 10061K(10304K)->10061K(10304K) NonClass: 8835K(8960K)->8835K(8960K) Class: 1225K(1344K)->1225K(1344K)
[2025-08-01T01:08:33.287+0000] GC(1185) Pause Young (Concurrent Start) (G1 Evacuation Pause) 3269M->3273M(4096M) 50.111ms
[2025-08-01T01:08:33.287+0000] GC(1185) User=0.35s Sys=0.02s Real=0.05s
[2025-08-01T01:08:33.287+0000] GC(1186) Concurrent Mark Cycle
[2025-08-01T01:08:33.287+0000] GC(1186) Concurrent Clear Claimed Marks
[2025-08-01T01:08:33.287+0000] GC(1186) Concurrent Clear Claimed Marks 0.038ms
[2025-08-01T01:08:33.287+0000] GC(1186) Concurrent Scan Root Regions
[2025-08-01T01:08:33.333+0000] GC(1186) Concurrent Scan Root Regions 45.377ms
[2025-08-01T01:08:33.333+0000] GC(1186) Concurrent Mark
[2025-08-01T01:08:33.333+0000] GC(1186) Concurrent Mark From Roots
[2025-08-01T01:08:33.333+0000] GC(1187) Pause Young (Normal) (G1 Evacuation Pause)
[2025-08-01T01:08:33.333+0000] GC(1187) Using 8 workers of 8 for evacuation
[2025-08-01T01:08:33.333+0000] GC(1186) Using 2 workers of 2 for marking
[2025-08-01T01:08:33.393+0000] GC(1187)   Pre Evacuate Collection Set: 10.6ms
[2025-08-01T01:08:33.393+0000] GC(1187)   Merge Heap Roots: 0.4ms
[2025-08-01T01:08:33.393+0000] GC(1187)   Evacuate Collection Set: 56.7ms
[2025-08-01T01:08:33.393+0000] GC(1187)   Post Evacuate Collection Set: 1.3ms
[2025-08-01T01:08:33.393+0000] GC(1187)   Other: 0.4ms
[2025-08-01T01:08:33.393+0000] GC(1187) Eden regions: 88->0(89)
[2025-08-01T01:08:33.393+0000] GC(1187) Survivor regions: 14->13(13)
[2025-08-01T01:08:33.393+0000] GC(1187) Old regions: 1622->1713
[2025-08-01T01:08:33.393+0000] GC(1187) Archive regions: 2->2
[2025-08-01T01:08:33.393+0000] GC(1187) Humongous regions: 0->0
[2025-08-01T01:08:33.393+0000] GC(1187) Metaspace: 10061K(10304K)->10061K(10304K) NonClass: 8835K(8960K)->8835K(8960K) Class: 1225K(1344K)->1225K(1344K)
[2025-08-01T01:08:33.393+0000] GC(1187) Pause Young (Normal) (G1 Evacuation Pause) 3449M->3452M(4096M) 60.021ms
[2025-08-01T01:08:33.393+0000] GC(1187) User=0.43s Sys=0.02s Real=0.05s
[2025-08-01T01:08:33.470+0000] GC(1188) Pause Young (Normal) (G1 Evacuation Pause)
[2025-08-01T01:08:33.470+0000] GC(1188) Using 8 workers of 8 for evacuation
[2025-08-01T01:08:33.490+0000] GC(1188)   Pre Evacuate Collection Set: 0.4ms
[2025-08-01T01:08:33.490+0000] GC(1188)   Merge Heap Roots: 0.2ms
[2025-08-01T01:08:33.490+0000] GC(1188)   Evacuate Collection Set: 18.0ms
[2025-08-01T01:08:33.490+0000] GC(1188)   Post Evacuate Collection Set: 0.7ms
[2025-08-01T01:08:33.490+0000] GC(1188)   Other: 0.2ms
[2025-08-01T01:08:33.490+0000] GC(1188) Eden regions: 89->0(89)
[2025-08-01T01:08:33.490+0000] GC(1188) Survivor regions: 13->13(13)
[2025-08-01T01:08:33.490+0000] GC(1188) Old regions: 1713->1753
[2025-08-01T01:08:33.490+0000] GC(1188) Archive regions: 2->2
[2025-08-01T01:08:33.490+0000] GC(1188) Humongous regions: 0->0
[2025-08-01T01:08:33.490+0000] GC(1188) Metaspace: 10061K(10304K)->10061K(10304K) NonClass: 8835K(8960K)->8835K(8960K) Class: 1225K(1344K)->1225K(1344K)
[2025-08-01T01:08:33.490+0000] GC(1188) Pause Young (Normal) (G1 Evacuation Pause) 3630M->3532M(4096M) 19.712ms
[2025-08-01T01:08:33.490+0000] GC(1188) User=0.14s Sys=0.00s Real=0.02s
[2025-08-01T01:08:33.509+0000] GC(1189) Pause Young (Normal) (G1 Evacuation Pause)
[2025-08-01T01:08:33.509+0000] GC(1189) Using 8 workers of 8 for evacuation
[2025-08-01T01:08:33.545+0000] GC(1189)   Pre Evacuate Collection Set: 0.3ms
[2025-08-01T01:08:33.545+0000] GC(1189)   Merge Heap Roots: 0.1ms
[2025-08-01T01:08:33.545+0000] GC(1189)   Evacuate Collection Set: 34.5ms
[2025-08-01T01:08:33.545+0000] GC(1189)   Post Evacuate Collection Set: 0.8ms
[2025-08-01T01:08:33.545+0000] GC(1189)   Other: 0.1ms
[2025-08-01T01:08:33.545+0000] GC(1189) Eden regions: 89->0(89)
[2025-08-01T01:08:33.545+0000] GC(1189) Survivor regions: 13->13(13)
[2025-08-01T01:08:33.545+0000] GC(1189) Old regions: 1753->1844
[2025-08-01T01:08:33.545+0000] GC(1189) Archive regions: 2->2
[2025-08-01T01:08:33.545+0000] GC(1189) Humongous regions: 0->0
[2025-08-01T01:08:33.545+0000] GC(1189) Metaspace: 10061K(10304K)->10061K(10304K) NonClass: 8835K(8960K)->8835K(8960K) Class: 1225K(1344K)->1225K(1344K)
[2025-08-01T01:08:33.545+0000] GC(1189) Pause Young (Normal) (G1 Evacuation Pause) 3710M->3714M(4096M) 36.095ms
[2025-08-01T01:08:33.545+0000] GC(1189) User=0.26s Sys=0.01s Real=0.04s
[2025-08-01T01:08:33.564+0000] GC(1190) Pause Young (Normal) (G1 Preventive Collection)
[2025-08-01T01:08:33.564+0000] GC(1190) Using 8 workers of 8 for evacuation
[2025-08-01T01:08:33.583+0000] GC(1190)   Pre Evacuate Collection Set: 0.3ms
[2025-08-01T01:08:33.583+0000] GC(1190)   Merge Heap Roots: 0.1ms
[2025-08-01T01:08:33.583+0000] GC(1190)   Evacuate Collection Set: 18.8ms
[2025-08-01T01:08:33.583+0000] GC(1190)   Post Evacuate Collection Set: 0.5ms
[2025-08-01T01:08:33.584+0000] GC(1190)   Other: 0.1ms
[2025-08-01T01:08:33.584+0000] GC(1190) Eden regions: 83->0(89)
[2025-08-01T01:08:33.584+0000] GC(1190) Survivor regions: 13->13(13)
[2025-08-01T01:08:33.584+0000] GC(1190) Old regions: 1844->1905
[2025-08-01T01:08:33.584+0000] GC(1190) Archive regions: 2->2
[2025-08-01T01:08:33.584+0000] GC(1190) Humongous regions: 0->0
[2025-08-01T01:08:33.584+0000] GC(1190) Metaspace: 10061K(10304K)->10061K(10304K) NonClass: 8835K(8960K)->8835K(8960K) Class: 1225K(1344K)->1225K(1344K)
[2025-08-01T01:08:33.584+0000] GC(1190) Pause Young (Normal) (G1 Preventive Collection) 3880M->3837M(4096M) 19.999ms
[2025-08-01T01:08:33.584+0000] GC(1190) User=0.15s Sys=0.00s Real=0.02s
[2025-08-01T01:08:33.628+0000] GC(1191) Pause Young (Normal) (G1 Preventive Collection)
[2025-08-01T01:08:33.628+0000] GC(1191) Using 8 workers of 8 for evacuation
[2025-08-01T01:08:33.650+0000] GC(1191)   Pre Evacuate Collection Set: 0.4ms
[2025-08-01T01:08:33.650+0000] GC(1191)   Merge Heap Roots: 0.1ms
[2025-08-01T01:08:33.651+0000] GC(1191)   Evacuate Collection Set: 20.8ms
[2025-08-01T01:08:33.651+0000] GC(1191)   Post Evacuate Collection Set: 0.9ms
[2025-08-01T01:08:33.651+0000] GC(1191)   Other: 0.2ms
[2025-08-01T01:08:33.651+0000] GC(1191) Eden regions: 56->0(89)
[2025-08-01T01:08:33.651+0000] GC(1191) Survivor regions: 13->13(13)
[2025-08-01T01:08:33.651+0000] GC(1191) Old regions: 1905->1963
[2025-08-01T01:08:33.651+0000] GC(1191) Archive regions: 2->2
[2025-08-01T01:08:33.651+0000] GC(1191) Humongous regions: 0->0
[2025-08-01T01:08:33.651+0000] GC(1191) Metaspace: 10061K(10304K)->10061K(10304K) NonClass: 8835K(8960K)->8835K(8960K) Class: 1225K(1344K)->1225K(1344K)
[2025-08-01T01:08:33.651+0000] GC(1191) Pause Young (Normal) (G1 Preventive Collection) 3949M->3953M(4096M) 22.658ms
[2025-08-01T01:08:33.651+0000] GC(1191) User=0.16s Sys=0.01s Real=0.02s
[2025-08-01T01:08:33.656+0000] GC(1192) Pause Young (Normal) (G1 Preventive Collection)
[2025-08-01T01:08:33.656+0000] GC(1192) Using 8 workers of 8 for evacuation
[2025-08-01T01:08:33.673+0000] GC(1192)   Pre Evacuate Collection Set: 1.1ms
[2025-08-01T01:08:33.673+0000] GC(1192)   Merge Heap Roots: 0.1ms
[2025-08-01T01:08:33.673+0000] GC(1192)   Evacuate Collection Set: 14.6ms
[2025-08-01T01:08:33.673+0000] GC(1192)   Post Evacuate Collection Set: 0.9ms
[2025-08-01T01:08:33.673+0000] GC(1192)   Other: 0.2ms
[2025-08-01T01:08:33.673+0000] GC(1192) Eden regions: 26->0(89)
[2025-08-01T01:08:33.673+0000] GC(1192) Survivor regions: 13->13(13)
[2025-08-01T01:08:33.673+0000] GC(1192) Old regions: 1963->1992
[2025-08-01T01:08:33.673+0000] GC(1192) Archive regions: 2->2
[2025-08-01T01:08:33.673+0000] GC(1192) Humongous regions: 0->0
[2025-08-01T01:08:33.673+0000] GC(1192) Metaspace: 10061K(10304K)->10061K(10304K) NonClass: 8835K(8960K)->8835K(8960K) Class: 1225K(1344K)->1225K(1344K)
[2025-08-01T01:08:33.673+0000] GC(1192) Pause Young (Normal) (G1 Preventive Collection) 4005M->4010M(4096M) 17.032ms
[2025-08-01T01:08:33.673+0000] GC(1192) User=0.10s Sys=0.00s Real=0.02s
[2025-08-01T01:08:33.675+0000] GC(1193) Pause Young (Normal) (G1 Preventive Collection)
[2025-08-01T01:08:33.676+0000] GC(1193) Using 8 workers of 8 for evacuation
[2025-08-01T01:08:33.684+0000] GC(1193)   Pre Evacuate Collection Set: 0.5ms
[2025-08-01T01:08:33.684+0000] GC(1193)   Merge Heap Roots: 0.2ms
[2025-08-01T01:08:33.684+0000] GC(1193)   Evacuate Collection Set: 7.4ms
[2025-08-01T01:08:33.684+0000] GC(1193)   Post Evacuate Collection Set: 0.7ms
[2025-08-01T01:08:33.684+0000] GC(1193)   Other: 0.1ms
[2025-08-01T01:08:33.684+0000] GC(1193) Eden regions: 12->0(89)
[2025-08-01T01:08:33.685+0000] GC(1193) Survivor regions: 13->13(13)
[2025-08-01T01:08:33.685+0000] GC(1193) Old regions: 1992->2007
[2025-08-01T01:08:33.685+0000] GC(1193) Archive regions: 2->2
[2025-08-01T01:08:33.685+0000] GC(1193) Humongous regions: 0->0
[2025-08-01T01:08:33.685+0000] GC(1193) Metaspace: 10061K(10304K)->10061K(10304K) NonClass: 8835K(8960K)->8835K(8960K) Class: 1225K(1344K)->1225K(1344K)
[2025-08-01T01:08:33.685+0000] GC(1193) Pause Young (Normal) (G1 Preventive Collection) 4034M->4040M(4096M) 9.105ms
[2025-08-01T01:08:33.685+0000] GC(1193) User=0.05s Sys=0.01s Real=0.01s
[2025-08-01T01:08:33.686+0000] GC(1194) Pause Young (Normal) (G1 Preventive Collection)
[2025-08-01T01:08:33.686+0000] GC(1194) Using 8 workers of 8 for evacuation
[2025-08-01T01:08:33.693+0000] GC(1194)   Pre Evacuate Collection Set: 0.7ms
[2025-08-01T01:08:33.693+0000] GC(1194)   Merge Heap Roots: 0.3ms
[2025-08-01T01:08:33.693+0000] GC(1194)   Evacuate Collection Set: 5.6ms
[2025-08-01T01:08:33.693+0000] GC(1194)   Post Evacuate Collection Set: 0.5ms
[2025-08-01T01:08:33.693+0000] GC(1194)   Other: 0.2ms
[2025-08-01T01:08:33.693+0000] GC(1194) Eden regions: 5->0(96)
[2025-08-01T01:08:33.693+0000] GC(1194) Survivor regions: 13->6(13)
[2025-08-01T01:08:33.693+0000] GC(1194) Old regions: 2007->2020
[2025-08-01T01:08:33.693+0000] GC(1194) Archive regions: 2->2
[2025-08-01T01:08:33.693+0000] GC(1194) Humongous regions: 0->0
[2025-08-01T01:08:33.693+0000] GC(1194) Metaspace: 10061K(10304K)->10061K(10304K) NonClass: 8835K(8960K)->8835K(8960K) Class: 1225K(1344K)->1225K(1344K)
[2025-08-01T01:08:33.693+0000] GC(1194) Pause Young (Normal) (G1 Preventive Collection) 4050M->4053M(4096M) 7.421ms
[2025-08-01T01:08:33.693+0000] GC(1194) User=0.04s Sys=0.00s Real=0.01s
[2025-08-01T01:08:33.695+0000] GC(1195) Pause Young (Normal) (G1 Preventive Collection)
[2025-08-01T01:08:33.695+0000] GC(1195) Using 8 workers of 8 for evacuation
[2025-08-01T01:08:33.700+0000] GC(1195)   Pre Evacuate Collection Set: 0.5ms
[2025-08-01T01:08:33.700+0000] GC(1195)   Merge Heap Roots: 0.1ms
[2025-08-01T01:08:33.700+0000] GC(1195)   Evacuate Collection Set: 3.9ms
[2025-08-01T01:08:33.700+0000] GC(1195)   Post Evacuate Collection Set: 0.7ms
[2025-08-01T01:08:33.700+0000] GC(1195)   Other: 0.1ms
[2025-08-01T01:08:33.700+0000] GC(1195) Eden regions: 6->0(90)
[2025-08-01T01:08:33.700+0000] GC(1195) Survivor regions: 6->12(13)
[2025-08-01T01:08:33.700+0000] GC(1195) Old regions: 2020->2020
[2025-08-01T01:08:33.700+0000] GC(1195) Archive regions: 2->2
[2025-08-01T01:08:33.700+0000] GC(1195) Humongous regions: 0->0
[2025-08-01T01:08:33.700+0000] GC(1195) Metaspace: 10061K(10304K)->10061K(10304K) NonClass: 8835K(8960K)->8835K(8960K) Class: 1225K(1344K)->1225K(1344K)
[2025-08-01T01:08:33.700+0000] GC(1195) Pause Young (Normal) (G1 Preventive Collection) 4065M->4065M(4096M) 5.386ms
[2025-08-01T01:08:33.700+0000] GC(1195) User=0.02s Sys=0.00s Real=0.00s
[2025-08-01T01:08:33.700+0000] GC(1196) Pause Young (Normal) (G1 Preventive Collection)
[2025-08-01T01:08:33.700+0000] GC(1196) Using 8 workers of 8 for evacuation
[2025-08-01T01:08:33.707+0000] GC(1196) To-space exhausted
[2025-08-01T01:08:33.707+0000] GC(1196)   Pre Evacuate Collection Set: 0.3ms
[2025-08-01T01:08:33.707+0000] GC(1196)   Merge Heap Roots: 0.3ms
[2025-08-01T01:08:33.707+0000] GC(1196)   Evacuate Collection Set: 4.2ms
[2025-08-01T01:08:33.707+0000] GC(1196)   Post Evacuate Collection Set: 1.2ms
[2025-08-01T01:08:33.707+0000] GC(1196)   Other: 0.1ms
[2025-08-01T01:08:33.707+0000] GC(1196) Eden regions: 1->0(94)
[2025-08-01T01:08:33.707+0000] GC(1196) Survivor regions: 12->8(13)
[2025-08-01T01:08:33.707+0000] GC(1196) Old regions: 2020->2028
[2025-08-01T01:08:33.707+0000] GC(1196) Archive regions: 2->2
[2025-08-01T01:08:33.707+0000] GC(1196) Humongous regions: 0->0
[2025-08-01T01:08:33.707+0000] GC(1196) Metaspace: 10061K(10304K)->10061K(10304K) NonClass: 8835K(8960K)->8835K(8960K) Class: 1225K(1344K)->1225K(1344K)
[2025-08-01T01:08:33.707+0000] GC(1196) Pause Young (Normal) (G1 Preventive Collection) 4067M->4073M(4096M) 6.219ms
[2025-08-01T01:08:33.707+0000] GC(1196) User=0.03s Sys=0.00s Real=0.01s
[2025-08-01T01:08:33.708+0000] GC(1197) Pause Young (Normal) (G1 Preventive Collection)
[2025-08-01T01:08:33.708+0000] GC(1197) Using 8 workers of 8 for evacuation
[2025-08-01T01:08:33.714+0000] GC(1197) To-space exhausted
[2025-08-01T01:08:33.714+0000] GC(1197)   Pre Evacuate Collection Set: 2.1ms
[2025-08-01T01:08:33.714+0000] GC(1197)   Merge Heap Roots: 0.1ms
[2025-08-01T01:08:33.714+0000] GC(1197)   Evacuate Collection Set: 2.6ms
[2025-08-01T01:08:33.714+0000] GC(1197)   Post Evacuate Collection Set: 1.2ms
[2025-08-01T01:08:33.714+0000] GC(1197)   Other: 0.3ms
[2025-08-01T01:08:33.714+0000] GC(1197) Eden regions: 1->0(99)
[2025-08-01T01:08:33.714+0000] GC(1197) Survivor regions: 8->3(9)
[2025-08-01T01:08:33.714+0000] GC(1197) Old regions: 2028->2037
[2025-08-01T01:08:33.714+0000] GC(1197) Archive regions: 2->2
[2025-08-01T01:08:33.714+0000] GC(1197) Humongous regions: 0->0
[2025-08-01T01:08:33.714+0000] GC(1197) Metaspace: 10061K(10304K)->10061K(10304K) NonClass: 8835K(8960K)->8835K(8960K) Class: 1225K(1344K)->1225K(1344K)
[2025-08-01T01:08:33.714+0000] GC(1197) Pause Young (Normal) (G1 Preventive Collection) 4075M->4081M(4096M) 6.475ms
[2025-08-01T01:08:33.714+0000] GC(1197) User=0.02s Sys=0.00s Real=0.01s
[2025-08-01T01:08:33.715+0000] GC(1198) Pause Young (Normal) (G1 Preventive Collection)
[2025-08-01T01:08:33.715+0000] GC(1198) Using 8 workers of 8 for evacuation
[2025-08-01T01:08:33.718+0000] GC(1198)   Pre Evacuate Collection Set: 0.3ms
[2025-08-01T01:08:33.718+0000] GC(1198)   Merge Heap Roots: 0.3ms
[2025-08-01T01:08:33.718+0000] GC(1198)   Evacuate Collection Set: 1.2ms
[2025-08-01T01:08:33.718+0000] GC(1198)   Post Evacuate Collection Set: 0.6ms
[2025-08-01T01:08:33.718+0000] GC(1198)   Other: 0.1ms
[2025-08-01T01:08:33.718+0000] GC(1198) Eden regions: 1->0(99)
[2025-08-01T01:08:33.718+0000] GC(1198) Survivor regions: 3->3(5)
[2025-08-01T01:08:33.718+0000] GC(1198) Old regions: 2037->2037
[2025-08-01T01:08:33.718+0000] GC(1198) Archive regions: 2->2
[2025-08-01T01:08:33.718+0000] GC(1198) Humongous regions: 0->0
[2025-08-01T01:08:33.718+0000] GC(1198) Metaspace: 10061K(10304K)->10061K(10304K) NonClass: 8835K(8960K)->8835K(8960K) Class: 1225K(1344K)->1225K(1344K)
[2025-08-01T01:08:33.718+0000] GC(1198) Pause Young (Normal) (G1 Preventive Collection) 4083M->4081M(4096M) 2.752ms
[2025-08-01T01:08:33.718+0000] GC(1198) User=0.01s Sys=0.01s Real=0.00s
[2025-08-01T01:08:33.719+0000] GC(1199) Pause Young (Normal) (G1 Preventive Collection)
[2025-08-01T01:08:33.719+0000] GC(1199) Using 8 workers of 8 for evacuation
[2025-08-01T01:08:33.722+0000] GC(1199)   Pre Evacuate Collection Set: 0.5ms
[2025-08-01T01:08:33.722+0000] GC(1199)   Merge Heap Roots: 0.1ms
[2025-08-01T01:08:33.722+0000] GC(1199)   Evacuate Collection Set: 1.7ms
[2025-08-01T01:08:33.722+0000] GC(1199)   Post Evacuate Collection Set: 0.5ms
[2025-08-01T01:08:33.722+0000] GC(1199)   Other: 0.2ms
[2025-08-01T01:08:33.722+0000] GC(1199) Eden regions: 1->0(98)
[2025-08-01T01:08:33.722+0000] GC(1199) Survivor regions: 3->4(5)
[2025-08-01T01:08:33.722+0000] GC(1199) Old regions: 2037->2037
[2025-08-01T01:08:33.722+0000] GC(1199) Archive regions: 2->2
[2025-08-01T01:08:33.722+0000] GC(1199) Humongous regions: 0->0
[2025-08-01T01:08:33.722+0000] GC(1199) Metaspace: 10061K(10304K)->10061K(10304K) NonClass: 8835K(8960K)->8835K(8960K) Class: 1225K(1344K)->1225K(1344K)
[2025-08-01T01:08:33.722+0000] GC(1199) Pause Young (Normal) (G1 Preventive Collection) 4083M->4083M(4096M) 3.109ms
[2025-08-01T01:08:33.722+0000] GC(1199) User=0.01s Sys=0.00s Real=0.00s
[2025-08-01T01:08:33.722+0000] GC(1200) Pause Young (Normal) (G1 Preventive Collection)
[2025-08-01T01:08:33.722+0000] GC(1200) Using 8 workers of 8 for evacuation
[2025-08-01T01:08:33.726+0000] GC(1200) To-space exhausted
[2025-08-01T01:08:33.726+0000] GC(1200)   Pre Evacuate Collection Set: 0.4ms
[2025-08-01T01:08:33.726+0000] GC(1200)   Merge Heap Roots: 0.4ms
[2025-08-01T01:08:33.726+0000] GC(1200)   Evacuate Collection Set: 1.9ms
[2025-08-01T01:08:33.726+0000] GC(1200)   Post Evacuate Collection Set: 1.0ms
[2025-08-01T01:08:33.726+0000] GC(1200)   Other: 0.2ms
[2025-08-01T01:08:33.726+0000] GC(1200) Eden regions: 1->0(98)
[2025-08-01T01:08:33.726+0000] GC(1200) Survivor regions: 4->4(4)
[2025-08-01T01:08:33.726+0000] GC(1200) Old regions: 2037->2040
[2025-08-01T01:08:33.726+0000] GC(1200) Archive regions: 2->2
[2025-08-01T01:08:33.726+0000] GC(1200) Humongous regions: 0->0
[2025-08-01T01:08:33.726+0000] GC(1200) Metaspace: 10061K(10304K)->10061K(10304K) NonClass: 8835K(8960K)->8835K(8960K) Class: 1225K(1344K)->1225K(1344K)
[2025-08-01T01:08:33.726+0000] GC(1200) Pause Young (Normal) (G1 Preventive Collection) 4085M->4089M(4096M) 3.958ms
[2025-08-01T01:08:33.726+0000] GC(1200) User=0.01s Sys=0.00s Real=0.01s
[2025-08-01T01:08:33.727+0000] GC(1201) Pause Young (Normal) (G1 Preventive Collection)
[2025-08-01T01:08:33.727+0000] GC(1201) Using 8 workers of 8 for evacuation
[2025-08-01T01:08:33.730+0000] GC(1201) To-space exhausted
[2025-08-01T01:08:33.730+0000] GC(1201)   Pre Evacuate Collection Set: 0.5ms
[2025-08-01T01:08:33.730+0000] GC(1201)   Merge Heap Roots: 0.1ms
[2025-08-01T01:08:33.730+0000] GC(1201)   Evacuate Collection Set: 1.3ms
[2025-08-01T01:08:33.730+0000] GC(1201)   Post Evacuate Collection Set: 1.3ms
[2025-08-01T01:08:33.730+0000] GC(1201)   Other: 0.2ms
[2025-08-01T01:08:33.730+0000] GC(1201) Eden regions: 1->0(101)
[2025-08-01T01:08:33.730+0000] GC(1201) Survivor regions: 4->1(1)
[2025-08-01T01:08:33.730+0000] GC(1201) Old regions: 2040->2045
[2025-08-01T01:08:33.730+0000] GC(1201) Archive regions: 2->2
[2025-08-01T01:08:33.730+0000] GC(1201) Humongous regions: 0->0
[2025-08-01T01:08:33.730+0000] GC(1201) Metaspace: 10061K(10304K)->10061K(10304K) NonClass: 8835K(8960K)->8835K(8960K) Class: 1225K(1344K)->1225K(1344K)
[2025-08-01T01:08:33.730+0000] GC(1201) Pause Young (Normal) (G1 Preventive Collection) 4091M->4093M(4096M) 3.626ms
[2025-08-01T01:08:33.730+0000] GC(1201) User=0.01s Sys=0.01s Real=0.00s
[2025-08-01T01:08:33.730+0000] Attempting full compaction
[2025-08-01T01:08:33.730+0000] GC(1202) Pause Full (G1 Compaction Pause)
[2025-08-01T01:08:33.730+0000] GC(1202) Using 8 workers of 8 for full compaction
[2025-08-01T01:08:33.736+0000] GC(1202) Phase 1: Mark live objects
[2025-08-01T01:08:33.779+0000] GC(1202) Phase 1: Mark live objects 42.932ms
[2025-08-01T01:08:33.779+0000] GC(1202) Phase 2: Prepare for compaction
[2025-08-01T01:08:33.793+0000] GC(1202) Phase 2: Prepare for compaction 13.915ms
[2025-08-01T01:08:33.793+0000] GC(1202) Phase 3: Adjust pointers
[2025-08-01T01:08:33.824+0000] GC(1202) Phase 3: Adjust pointers 31.681ms
[2025-08-01T01:08:33.824+0000] GC(1202) Phase 4: Compact heap
[2025-08-01T01:08:33.873+0000] GC(1202) Phase 4: Compact heap 48.916ms
[2025-08-01T01:08:33.880+0000] GC(1202) Eden regions: 0->0(477)
[2025-08-01T01:08:33.880+0000] GC(1202) Survivor regions: 1->0(1)
[2025-08-01T01:08:33.880+0000] GC(1202) Old regions: 2045->350
[2025-08-01T01:08:33.880+0000] GC(1202) Archive regions: 2->2
[2025-08-01T01:08:33.880+0000] GC(1202) Humongous regions: 0->0
[2025-08-01T01:08:33.880+0000] GC(1202) Metaspace: 10061K(10304K)->10061K(10304K) NonClass: 8835K(8960K)->8835K(8960K) Class: 1225K(1344K)->1225K(1344K)
[2025-08-01T01:08:33.880+0000] GC(1202) Pause Full (G1 Compaction Pause) 4093M->694M(4096M) 149.614ms
[2025-08-01T01:08:33.880+0000] GC(1202) User=1.03s Sys=0.02s Real=0.15s
[2025-08-01T01:08:33.880+0000] GC(1186) Concurrent Mark From Roots 547.247ms
[2025-08-01T01:08:33.880+0000] GC(1186) Concurrent Mark Abort
[2025-08-01T01:08:33.880+0000] GC(1186) Concurrent Mark Cycle 592.981ms
[2025-08-01T01:08:34.098+0000] GC(1203) Pause Young (Normal) (G1 Evacuation Pause)
[2025-08-01T01:08:34.098+0000] GC(1203) Using 8 workers of 8 for evacuation
[2025-08-01T01:08:34.778+0000] GC(1203) MMU target violated: 201.0ms (200.0ms/201.0ms)
[2025-08-01T01:08:34.778+0000] GC(1203)   Pre Evacuate Collection Set: 0.6ms
[2025-08-01T01:08:34.778+0000] GC(1203)   Merge Heap Roots: 0.4ms
[2025-08-01T01:08:34.778+0000] GC(1203)   Evacuate Collection Set: 677.7ms
[2025-08-01T01:08:34.779+0000] GC(1203)   Post Evacuate Collection Set: 1.4ms
[2025-08-01T01:08:34.779+0000] GC(1203)   Other: 0.4ms
[2025-08-01T01:08:34.779+0000] GC(1203) Eden regions: 477->0(183)
[2025-08-01T01:08:34.779+0000] GC(1203) Survivor regions: 0->60(60)
[2025-08-01T01:08:34.779+0000] GC(1203) Old regions: 350->691
[2025-08-01T01:08:34.779+0000] GC(1203) Archive regions: 2->2
[2025-08-01T01:08:34.779+0000] GC(1203) Humongous regions: 0->0
[2025-08-01T01:08:34.779+0000] GC(1203) Metaspace: 10061K(10304K)->10061K(10304K) NonClass: 8835K(8960K)->8835K(8960K) Class: 1225K(1344K)->1225K(1344K)
[2025-08-01T01:08:34.779+0000] GC(1203) Pause Young (Normal) (G1 Evacuation Pause) 1648M->1496M(4096M) 680.568ms
[2025-08-01T01:08:34.779+0000] GC(1203) User=2.65s Sys=1.10s Real=0.68s
[2025-08-01T01:08:34.854+0000] GC(1204) Pause Young (Concurrent Start) (G1 Evacuation Pause)
[2025-08-01T01:08:34.854+0000] GC(1204) Using 8 workers of 8 for evacuation
[2025-08-01T01:08:34.923+0000] GC(1204)   Pre Evacuate Collection Set: 0.7ms
[2025-08-01T01:08:34.923+0000] GC(1204)   Merge Heap Roots: 0.2ms
[2025-08-01T01:08:34.923+0000] GC(1204)   Evacuate Collection Set: 66.7ms
[2025-08-01T01:08:34.923+0000] GC(1204)   Post Evacuate Collection Set: 1.1ms
[2025-08-01T01:08:34.923+0000] GC(1204)   Other: 0.4ms
[2025-08-01T01:08:34.923+0000] GC(1204) Eden regions: 183->0(343)
[2025-08-01T01:08:34.923+0000] GC(1204) Survivor regions: 60->31(31)
[2025-08-01T01:08:34.923+0000] GC(1204) Old regions: 691->821
[2025-08-01T01:08:34.923+0000] GC(1204) Archive regions: 2->2
[2025-08-01T01:08:34.923+0000] GC(1204) Humongous regions: 0->0
[2025-08-01T01:08:34.923+0000] GC(1204) Metaspace: 10061K(10304K)->10061K(10304K) NonClass: 8835K(8960K)->8835K(8960K) Class: 1225K(1344K)->1225K(1344K)
[2025-08-01T01:08:34.923+0000] GC(1204) Pause Young (Concurrent Start) (G1 Evacuation Pause) 1862M->1697M(4096M) 69.240ms
[2025-08-01T01:08:34.923+0000] GC(1204) User=0.49s Sys=0.03s Real=0.07s
[2025-08-01T01:08:34.923+0000] GC(1205) Concurrent Mark Cycle
[2025-08-01T01:08:34.923+0000] GC(1205) Concurrent Clear Claimed Marks
[2025-08-01T01:08:34.923+0000] GC(1205) Concurrent Clear Claimed Marks 0.025ms
[2025-08-01T01:08:34.923+0000] GC(1205) Concurrent Scan Root Regions
[2025-08-01T01:08:34.966+0000] GC(1205) Concurrent Scan Root Regions 42.734ms
[2025-08-01T01:08:34.966+0000] GC(1205) Concurrent Mark
[2025-08-01T01:08:34.966+0000] GC(1205) Concurrent Mark From Roots
[2025-08-01T01:08:34.966+0000] GC(1205) Using 2 workers of 2 for marking
[2025-08-01T01:08:35.052+0000] GC(1205) Concurrent Mark From Roots 85.377ms
[2025-08-01T01:08:35.052+0000] GC(1205) Concurrent Preclean
[2025-08-01T01:08:35.052+0000] GC(1205) Concurrent Preclean 0.334ms
[2025-08-01T01:08:35.052+0000] GC(1205) Pause Remark
[2025-08-01T01:08:35.055+0000] GC(1205) Pause Remark 2335M->1911M(4096M) 2.617ms
[2025-08-01T01:08:35.055+0000] GC(1205) User=0.00s Sys=0.00s Real=0.01s
[2025-08-01T01:08:35.055+0000] GC(1205) Concurrent Mark 89.000ms
[2025-08-01T01:08:35.055+0000] GC(1205) Concurrent Rebuild Remembered Sets
[2025-08-01T01:08:35.065+0000] GC(1206) Pause Young (Normal) (G1 Evacuation Pause)
[2025-08-01T01:08:35.065+0000] GC(1206) Using 8 workers of 8 for evacuation
[2025-08-01T01:08:35.175+0000] GC(1206)   Pre Evacuate Collection Set: 0.6ms
[2025-08-01T01:08:35.175+0000] GC(1206)   Merge Heap Roots: 0.3ms
[2025-08-01T01:08:35.175+0000] GC(1206)   Evacuate Collection Set: 107.4ms
[2025-08-01T01:08:35.175+0000] GC(1206)   Post Evacuate Collection Set: 0.9ms
[2025-08-01T01:08:35.175+0000] GC(1206)   Other: 0.2ms
[2025-08-01T01:08:35.175+0000] GC(1206) Eden regions: 343->0(297)
[2025-08-01T01:08:35.175+0000] GC(1206) Survivor regions: 31->47(47)
[2025-08-01T01:08:35.175+0000] GC(1206) Old regions: 608->900
[2025-08-01T01:08:35.175+0000] GC(1206) Archive regions: 2->2
[2025-08-01T01:08:35.175+0000] GC(1206) Humongous regions: 0->0
[2025-08-01T01:08:35.175+0000] GC(1206) Metaspace: 10061K(10304K)->10061K(10304K) NonClass: 8835K(8960K)->8835K(8960K) Class: 1225K(1344K)->1225K(1344K)
[2025-08-01T01:08:35.175+0000] GC(1206) Pause Young (Normal) (G1 Evacuation Pause) 1959M->1889M(4096M) 109.556ms
[2025-08-01T01:08:35.175+0000] GC(1206) User=0.80s Sys=0.03s Real=0.11s
[2025-08-01T01:08:35.270+0000] GC(1205) Concurrent Rebuild Remembered Sets 214.430ms
[2025-08-01T01:08:35.271+0000] GC(1205) Pause Cleanup
[2025-08-01T01:08:35.271+0000] GC(1205) Pause Cleanup 2383M->2383M(4096M) 0.979ms
[2025-08-01T01:08:35.272+0000] GC(1205) User=0.01s Sys=0.00s Real=0.00s
[2025-08-01T01:08:35.272+0000] GC(1205) Concurrent Cleanup for Next Mark
[2025-08-01T01:08:35.287+0000] GC(1205) Concurrent Cleanup for Next Mark 15.363ms
[2025-08-01T01:08:35.287+0000] GC(1205) Concurrent Mark Cycle 363.808ms
[2025-08-01T01:08:35.288+0000] GC(1207) Pause Young (Prepare Mixed) (G1 Evacuation Pause)
[2025-08-01T01:08:35.288+0000] GC(1207) Using 8 workers of 8 for evacuation
[2025-08-01T01:08:35.388+0000] GC(1207)   Pre Evacuate Collection Set: 1.0ms
[2025-08-01T01:08:35.388+0000] GC(1207)   Merge Heap Roots: 0.3ms
[2025-08-01T01:08:35.388+0000] GC(1207)   Evacuate Collection Set: 96.3ms
[2025-08-01T01:08:35.388+0000] GC(1207)   Post Evacuate Collection Set: 1.9ms
[2025-08-01T01:08:35.388+0000] GC(1207)   Other: 0.2ms
[2025-08-01T01:08:35.388+0000] GC(1207) Eden regions: 297->0(59)
[2025-08-01T01:08:35.388+0000] GC(1207) Survivor regions: 47->43(43)
[2025-08-01T01:08:35.388+0000] GC(1207) Old regions: 900->1158
[2025-08-01T01:08:35.388+0000] GC(1207) Archive regions: 2->2
[2025-08-01T01:08:35.388+0000] GC(1207) Humongous regions: 0->0
[2025-08-01T01:08:35.388+0000] GC(1207) Metaspace: 10061K(10304K)->10061K(10304K) NonClass: 8835K(8960K)->8835K(8960K) Class: 1225K(1344K)->1225K(1344K)
[2025-08-01T01:08:35.388+0000] GC(1207) Pause Young (Prepare Mixed) (G1 Evacuation Pause) 2483M->2397M(4096M) 99.968ms
[2025-08-01T01:08:35.388+0000] GC(1207) User=0.75s Sys=0.01s Real=0.10s
[2025-08-01T01:08:35.400+0000] GC(1208) Pause Young (Mixed) (G1 Evacuation Pause)
[2025-08-01T01:08:35.400+0000] GC(1208) Using 8 workers of 8 for evacuation
[2025-08-01T01:08:35.431+0000] GC(1208)   Pre Evacuate Collection Set: 0.4ms
[2025-08-01T01:08:35.431+0000] GC(1208)   Merge Heap Roots: 0.3ms
[2025-08-01T01:08:35.431+0000] GC(1208)   Evacuate Collection Set: 29.2ms
[2025-08-01T01:08:35.431+0000] GC(1208)   Post Evacuate Collection Set: 1.2ms
[2025-08-01T01:08:35.431+0000] GC(1208)   Other: 0.5ms
[2025-08-01T01:08:35.431+0000] GC(1208) Eden regions: 59->0(89)
[2025-08-01T01:08:35.431+0000] GC(1208) Survivor regions: 43->13(13)
[2025-08-01T01:08:35.432+0000] GC(1208) Old regions: 1158->1044
[2025-08-01T01:08:35.432+0000] GC(1208) Archive regions: 2->2
[2025-08-01T01:08:35.432+0000] GC(1208) Humongous regions: 0->0
[2025-08-01T01:08:35.432+0000] GC(1208) Metaspace: 10061K(10304K)->10061K(10304K) NonClass: 8835K(8960K)->8835K(8960K) Class: 1225K(1344K)->1225K(1344K)
[2025-08-01T01:08:35.432+0000] GC(1208) Pause Young (Mixed) (G1 Evacuation Pause) 2515M->2114M(4096M) 31.678ms
[2025-08-01T01:08:35.432+0000] GC(1208) User=0.23s Sys=0.00s Real=0.03s
[2025-08-01T01:08:35.458+0000] GC(1209) Pause Young (Mixed) (G1 Evacuation Pause)
[2025-08-01T01:08:35.458+0000] GC(1209) Using 8 workers of 8 for evacuation
[2025-08-01T01:08:35.481+0000] GC(1209)   Pre Evacuate Collection Set: 0.3ms
[2025-08-01T01:08:35.481+0000] GC(1209)   Merge Heap Roots: 0.1ms
[2025-08-01T01:08:35.481+0000] GC(1209)   Evacuate Collection Set: 21.3ms
[2025-08-01T01:08:35.481+0000] GC(1209)   Post Evacuate Collection Set: 0.9ms
[2025-08-01T01:08:35.481+0000] GC(1209)   Other: 0.3ms
[2025-08-01T01:08:35.481+0000] GC(1209) Eden regions: 89->0(247)
[2025-08-01T01:08:35.481+0000] GC(1209) Survivor regions: 13->13(13)
[2025-08-01T01:08:35.481+0000] GC(1209) Old regions: 1044->1073
[2025-08-01T01:08:35.481+0000] GC(1209) Archive regions: 2->2
[2025-08-01T01:08:35.481+0000] GC(1209) Humongous regions: 0->0
[2025-08-01T01:08:35.481+0000] GC(1209) Metaspace: 10061K(10304K)->10061K(10304K) NonClass: 8835K(8960K)->8835K(8960K) Class: 1225K(1344K)->1225K(1344K)
[2025-08-01T01:08:35.481+0000] GC(1209) Pause Young (Mixed) (G1 Evacuation Pause) 2292M->2172M(4096M) 23.189ms
[2025-08-01T01:08:35.481+0000] GC(1209) User=0.15s Sys=0.00s Real=0.02s
[2025-08-01T01:08:35.571+0000] GC(1210) Pause Young (Concurrent Start) (G1 Evacuation Pause)
[2025-08-01T01:08:35.571+0000] GC(1210) Using 8 workers of 8 for evacuation
[2025-08-01T01:08:35.658+0000] GC(1210)   Pre Evacuate Collection Set: 0.5ms
[2025-08-01T01:08:35.658+0000] GC(1210)   Merge Heap Roots: 0.2ms
[2025-08-01T01:08:35.658+0000] GC(1210)   Evacuate Collection Set: 85.0ms
[2025-08-01T01:08:35.658+0000] GC(1210)   Post Evacuate Collection Set: 1.1ms
[2025-08-01T01:08:35.658+0000] GC(1210)   Other: 0.3ms
[2025-08-01T01:08:35.658+0000] GC(1210) Eden regions: 247->0(162)
[2025-08-01T01:08:35.658+0000] GC(1210) Survivor regions: 13->33(33)
[2025-08-01T01:08:35.658+0000] GC(1210) Old regions: 1073->1290
[2025-08-01T01:08:35.658+0000] GC(1210) Archive regions: 2->2
[2025-08-01T01:08:35.658+0000] GC(1210) Humongous regions: 0->0
[2025-08-01T01:08:35.658+0000] GC(1210) Metaspace: 10061K(10304K)->10061K(10304K) NonClass: 8835K(8960K)->8835K(8960K) Class: 1225K(1344K)->1225K(1344K)
[2025-08-01T01:08:35.658+0000] GC(1210) Pause Young (Concurrent Start) (G1 Evacuation Pause) 2666M->2646M(4096M) 87.218ms
[2025-08-01T01:08:35.658+0000] GC(1210) User=0.66s Sys=0.02s Real=0.09s
[2025-08-01T01:08:35.658+0000] GC(1211) Concurrent Mark Cycle
[2025-08-01T01:08:35.658+0000] GC(1211) Concurrent Clear Claimed Marks
[2025-08-01T01:08:35.658+0000] GC(1211) Concurrent Clear Claimed Marks 0.016ms
[2025-08-01T01:08:35.658+0000] GC(1211) Concurrent Scan Root Regions
[2025-08-01T01:08:35.716+0000] GC(1211) Concurrent Scan Root Regions 57.066ms
[2025-08-01T01:08:35.716+0000] GC(1211) Concurrent Mark
[2025-08-01T01:08:35.716+0000] GC(1211) Concurrent Mark From Roots
[2025-08-01T01:08:35.716+0000] GC(1211) Using 2 workers of 2 for marking
[2025-08-01T01:08:35.738+0000] GC(1212) Pause Young (Normal) (G1 Evacuation Pause)
[2025-08-01T01:08:35.738+0000] GC(1212) Using 8 workers of 8 for evacuation
[2025-08-01T01:08:35.789+0000] GC(1212)   Pre Evacuate Collection Set: 0.4ms
[2025-08-01T01:08:35.789+0000] GC(1212)   Merge Heap Roots: 0.3ms
[2025-08-01T01:08:35.789+0000] GC(1212)   Evacuate Collection Set: 49.5ms
[2025-08-01T01:08:35.789+0000] GC(1212)   Post Evacuate Collection Set: 0.7ms
[2025-08-01T01:08:35.789+0000] GC(1212)   Other: 0.2ms
[2025-08-01T01:08:35.789+0000] GC(1212) Eden regions: 162->0(123)
[2025-08-01T01:08:35.789+0000] GC(1212) Survivor regions: 33->25(25)
[2025-08-01T01:08:35.789+0000] GC(1212) Old regions: 1290->1424
[2025-08-01T01:08:35.789+0000] GC(1212) Archive regions: 2->2
[2025-08-01T01:08:35.789+0000] GC(1212) Humongous regions: 0->0
[2025-08-01T01:08:35.789+0000] GC(1212) Metaspace: 10061K(10304K)->10061K(10304K) NonClass: 8835K(8960K)->8835K(8960K) Class: 1225K(1344K)->1225K(1344K)
[2025-08-01T01:08:35.789+0000] GC(1212) Pause Young (Normal) (G1 Evacuation Pause) 2970M->2898M(4096M) 51.088ms
[2025-08-01T01:08:35.789+0000] GC(1212) User=0.35s Sys=0.01s Real=0.05s
[2025-08-01T01:08:35.817+0000] GC(1213) Pause Young (Normal) (G1 Evacuation Pause)
[2025-08-01T01:08:35.817+0000] GC(1213) Using 8 workers of 8 for evacuation
[2025-08-01T01:08:35.861+0000] GC(1213)   Pre Evacuate Collection Set: 0.6ms
[2025-08-01T01:08:35.861+0000] GC(1213)   Merge Heap Roots: 0.1ms
[2025-08-01T01:08:35.861+0000] GC(1213)   Evacuate Collection Set: 42.1ms
[2025-08-01T01:08:35.861+0000] GC(1213)   Post Evacuate Collection Set: 0.9ms
[2025-08-01T01:08:35.861+0000] GC(1213)   Other: 0.2ms
[2025-08-01T01:08:35.861+0000] GC(1213) Eden regions: 123->0(83)
[2025-08-01T01:08:35.862+0000] GC(1213) Survivor regions: 25->19(19)
[2025-08-01T01:08:35.862+0000] GC(1213) Old regions: 1424->1554
[2025-08-01T01:08:35.862+0000] GC(1213) Archive regions: 2->2
[2025-08-01T01:08:35.862+0000] GC(1213) Humongous regions: 0->0
[2025-08-01T01:08:35.862+0000] GC(1213) Metaspace: 10061K(10304K)->10061K(10304K) NonClass: 8835K(8960K)->8835K(8960K) Class: 1225K(1344K)->1225K(1344K)
[2025-08-01T01:08:35.862+0000] GC(1213) Pause Young (Normal) (G1 Evacuation Pause) 3144M->3146M(4096M) 44.185ms
[2025-08-01T01:08:35.862+0000] GC(1213) User=0.32s Sys=0.00s Real=0.04s
[2025-08-01T01:08:35.901+0000] GC(1211) Concurrent Mark From Roots 184.983ms
[2025-08-01T01:08:35.901+0000] GC(1211) Concurrent Preclean
[2025-08-01T01:08:35.901+0000] GC(1211) Concurrent Preclean 0.399ms
[2025-08-01T01:08:35.901+0000] GC(1211) Pause Remark
[2025-08-01T01:08:35.905+0000] GC(1211) Pause Remark 3225M->1819M(4096M) 3.410ms
[2025-08-01T01:08:35.905+0000] GC(1211) User=0.01s Sys=0.00s Real=0.01s
[2025-08-01T01:08:35.905+0000] GC(1211) Concurrent Mark 189.210ms
[2025-08-01T01:08:35.905+0000] GC(1211) Concurrent Rebuild Remembered Sets
[2025-08-01T01:08:35.930+0000] GC(1214) Pause Young (Normal) (G1 Evacuation Pause)
[2025-08-01T01:08:35.930+0000] GC(1214) Using 8 workers of 8 for evacuation
[2025-08-01T01:08:35.964+0000] GC(1214)   Pre Evacuate Collection Set: 1.3ms
[2025-08-01T01:08:35.964+0000] GC(1214)   Merge Heap Roots: 0.3ms
[2025-08-01T01:08:35.964+0000] GC(1214)   Evacuate Collection Set: 31.5ms
[2025-08-01T01:08:35.964+0000] GC(1214)   Post Evacuate Collection Set: 0.6ms
[2025-08-01T01:08:35.964+0000] GC(1214)   Other: 0.2ms
[2025-08-01T01:08:35.964+0000] GC(1214) Eden regions: 83->0(299)
[2025-08-01T01:08:35.964+0000] GC(1214) Survivor regions: 19->13(13)
[2025-08-01T01:08:35.964+0000] GC(1214) Old regions: 851->926
[2025-08-01T01:08:35.964+0000] GC(1214) Archive regions: 2->2
[2025-08-01T01:08:35.964+0000] GC(1214) Humongous regions: 0->0
[2025-08-01T01:08:35.964+0000] GC(1214) Metaspace: 10061K(10304K)->10061K(10304K) NonClass: 8835K(8960K)->8835K(8960K) Class: 1225K(1344K)->1225K(1344K)
[2025-08-01T01:08:35.964+0000] GC(1214) Pause Young (Normal) (G1 Evacuation Pause) 1906M->1878M(4096M) 34.006ms
[2025-08-01T01:08:35.964+0000] GC(1214) User=0.24s Sys=0.01s Real=0.04s
[2025-08-01T01:08:36.070+0000] GC(1215) Pause Young (Normal) (G1 Evacuation Pause)
[2025-08-01T01:08:36.070+0000] GC(1215) Using 8 workers of 8 for evacuation
[2025-08-01T01:08:36.149+0000] GC(1215)   Pre Evacuate Collection Set: 0.4ms
[2025-08-01T01:08:36.149+0000] GC(1215)   Merge Heap Roots: 0.2ms
[2025-08-01T01:08:36.149+0000] GC(1215)   Evacuate Collection Set: 77.2ms
[2025-08-01T01:08:36.149+0000] GC(1215)   Post Evacuate Collection Set: 0.9ms
[2025-08-01T01:08:36.149+0000] GC(1215)   Other: 0.3ms
[2025-08-01T01:08:36.149+0000] GC(1215) Eden regions: 299->0(220)
[2025-08-01T01:08:36.149+0000] GC(1215) Survivor regions: 13->39(39)
[2025-08-01T01:08:36.149+0000] GC(1215) Old regions: 926->1121
[2025-08-01T01:08:36.149+0000] GC(1215) Archive regions: 2->2
[2025-08-01T01:08:36.149+0000] GC(1215) Humongous regions: 0->0
[2025-08-01T01:08:36.149+0000] GC(1215) Metaspace: 10061K(10304K)->10061K(10304K) NonClass: 8835K(8960K)->8835K(8960K) Class: 1225K(1344K)->1225K(1344K)
[2025-08-01T01:08:36.149+0000] GC(1215) Pause Young (Normal) (G1 Evacuation Pause) 2476M->2321M(4096M) 79.158ms
[2025-08-01T01:08:36.149+0000] GC(1215) User=0.59s Sys=0.02s Real=0.08s
[2025-08-01T01:08:36.228+0000] GC(1211) Concurrent Rebuild Remembered Sets 322.696ms
[2025-08-01T01:08:36.228+0000] GC(1211) Pause Cleanup
[2025-08-01T01:08:36.229+0000] GC(1211) Pause Cleanup 2709M->2709M(4096M) 0.682ms
[2025-08-01T01:08:36.229+0000] GC(1211) User=0.00s Sys=0.00s Real=0.00s
[2025-08-01T01:08:36.229+0000] GC(1211) Concurrent Cleanup for Next Mark
[2025-08-01T01:08:36.236+0000] GC(1216) Pause Young (Prepare Mixed) (G1 Evacuation Pause)
[2025-08-01T01:08:36.237+0000] GC(1216) Using 8 workers of 8 for evacuation
[2025-08-01T01:08:36.318+0000] GC(1216)   Pre Evacuate Collection Set: 0.6ms
[2025-08-01T01:08:36.318+0000] GC(1216)   Merge Heap Roots: 0.4ms
[2025-08-01T01:08:36.318+0000] GC(1216)   Evacuate Collection Set: 79.4ms
[2025-08-01T01:08:36.318+0000] GC(1216)   Post Evacuate Collection Set: 0.6ms
[2025-08-01T01:08:36.318+0000] GC(1216)   Other: 0.2ms
[2025-08-01T01:08:36.318+0000] GC(1216) Eden regions: 220->0(69)
[2025-08-01T01:08:36.318+0000] GC(1216) Survivor regions: 39->33(33)
[2025-08-01T01:08:36.318+0000] GC(1216) Old regions: 1121->1335
[2025-08-01T01:08:36.318+0000] GC(1216) Archive regions: 2->2
[2025-08-01T01:08:36.318+0000] GC(1216) Humongous regions: 0->0
[2025-08-01T01:08:36.318+0000] GC(1216) Metaspace: 10061K(10304K)->10061K(10304K) NonClass: 8835K(8960K)->8835K(8960K) Class: 1225K(1344K)->1225K(1344K)
[2025-08-01T01:08:36.318+0000] GC(1216) Pause Young (Prepare Mixed) (G1 Evacuation Pause) 2761M->2736M(4096M) 81.495ms
[2025-08-01T01:08:36.318+0000] GC(1216) User=0.61s Sys=0.02s Real=0.08s
[2025-08-01T01:08:36.324+0000] GC(1211) Concurrent Cleanup for Next Mark 94.631ms
[2025-08-01T01:08:36.324+0000] GC(1211) Concurrent Mark Cycle 665.215ms
[2025-08-01T01:08:36.332+0000] GC(1217) Pause Young (Mixed) (G1 Evacuation Pause)
[2025-08-01T01:08:36.332+0000] GC(1217) Using 8 workers of 8 for evacuation
[2025-08-01T01:08:36.367+0000] GC(1217)   Pre Evacuate Collection Set: 0.4ms
[2025-08-01T01:08:36.367+0000] GC(1217)   Merge Heap Roots: 0.4ms
[2025-08-01T01:08:36.367+0000] GC(1217)   Evacuate Collection Set: 33.2ms
[2025-08-01T01:08:36.368+0000] GC(1217)   Post Evacuate Collection Set: 1.2ms
[2025-08-01T01:08:36.368+0000] GC(1217)   Other: 0.2ms
[2025-08-01T01:08:36.368+0000] GC(1217) Eden regions: 69->0(153)
[2025-08-01T01:08:36.368+0000] GC(1217) Survivor regions: 33->13(13)
[2025-08-01T01:08:36.368+0000] GC(1217) Old regions: 1335->1341
[2025-08-01T01:08:36.368+0000] GC(1217) Archive regions: 2->2
[2025-08-01T01:08:36.368+0000] GC(1217) Humongous regions: 0->0
[2025-08-01T01:08:36.368+0000] GC(1217) Metaspace: 10061K(10304K)->10061K(10304K) NonClass: 8835K(8960K)->8835K(8960K) Class: 1225K(1344K)->1225K(1344K)
[2025-08-01T01:08:36.368+0000] GC(1217) Pause Young (Mixed) (G1 Evacuation Pause) 2874M->2709M(4096M) 35.446ms
[2025-08-01T01:08:36.368+0000] GC(1217) User=0.25s Sys=0.01s Real=0.04s
[2025-08-01T01:08:36.441+0000] GC(1218) Pause Young (Concurrent Start) (G1 Evacuation Pause)
[2025-08-01T01:08:36.441+0000] GC(1218) Using 8 workers of 8 for evacuation
[2025-08-01T01:08:36.497+0000] GC(1218)   Pre Evacuate Collection Set: 0.9ms
[2025-08-01T01:08:36.497+0000] GC(1218)   Merge Heap Roots: 0.4ms
[2025-08-01T01:08:36.497+0000] GC(1218)   Evacuate Collection Set: 53.7ms
[2025-08-01T01:08:36.497+0000] GC(1218)   Post Evacuate Collection Set: 0.9ms
[2025-08-01T01:08:36.497+0000] GC(1218)   Other: 0.3ms
[2025-08-01T01:08:36.497+0000] GC(1218) Eden regions: 153->0(108)
[2025-08-01T01:08:36.497+0000] GC(1218) Survivor regions: 13->21(21)
[2025-08-01T01:08:36.497+0000] GC(1218) Old regions: 1341->1471
[2025-08-01T01:08:36.497+0000] GC(1218) Archive regions: 2->2
[2025-08-01T01:08:36.497+0000] GC(1218) Humongous regions: 0->0
[2025-08-01T01:08:36.497+0000] GC(1218) Metaspace: 10061K(10304K)->10061K(10304K) NonClass: 8835K(8960K)->8835K(8960K) Class: 1225K(1344K)->1225K(1344K)
[2025-08-01T01:08:36.498+0000] GC(1218) Pause Young (Concurrent Start) (G1 Evacuation Pause) 3015M->2985M(4096M) 56.391ms
[2025-08-01T01:08:36.498+0000] GC(1218) User=0.39s Sys=0.01s Real=0.06s
[2025-08-01T01:08:36.498+0000] GC(1219) Concurrent Mark Cycle
[2025-08-01T01:08:36.498+0000] GC(1219) Concurrent Clear Claimed Marks
[2025-08-01T01:08:36.498+0000] GC(1219) Concurrent Clear Claimed Marks 0.025ms
[2025-08-01T01:08:36.498+0000] GC(1219) Concurrent Scan Root Regions
[2025-08-01T01:08:36.532+0000] GC(1219) Concurrent Scan Root Regions 33.832ms
[2025-08-01T01:08:36.532+0000] GC(1219) Concurrent Mark
[2025-08-01T01:08:36.532+0000] GC(1219) Concurrent Mark From Roots
[2025-08-01T01:08:36.532+0000] GC(1219) Using 2 workers of 2 for marking
[2025-08-01T01:08:36.532+0000] GC(1220) Pause Young (Normal) (G1 Evacuation Pause)
[2025-08-01T01:08:36.532+0000] GC(1220) Using 8 workers of 8 for evacuation
[2025-08-01T01:08:36.572+0000] GC(1220)   Pre Evacuate Collection Set: 10.3ms
[2025-08-01T01:08:36.572+0000] GC(1220)   Merge Heap Roots: 0.2ms
[2025-08-01T01:08:36.572+0000] GC(1220)   Evacuate Collection Set: 38.9ms
[2025-08-01T01:08:36.572+0000] GC(1220)   Post Evacuate Collection Set: 0.8ms
[2025-08-01T01:08:36.572+0000] GC(1220)   Other: 0.2ms
[2025-08-01T01:08:36.572+0000] GC(1220) Eden regions: 108->0(85)
[2025-08-01T01:08:36.572+0000] GC(1220) Survivor regions: 21->17(17)
[2025-08-01T01:08:36.572+0000] GC(1220) Old regions: 1471->1584
[2025-08-01T01:08:36.572+0000] GC(1220) Archive regions: 2->2
[2025-08-01T01:08:36.572+0000] GC(1220) Humongous regions: 0->0
[2025-08-01T01:08:36.572+0000] GC(1220) Metaspace: 10061K(10304K)->10061K(10304K) NonClass: 8835K(8960K)->8835K(8960K) Class: 1225K(1344K)->1225K(1344K)
[2025-08-01T01:08:36.572+0000] GC(1220) Pause Young (Normal) (G1 Evacuation Pause) 3201M->3203M(4096M) 40.693ms
[2025-08-01T01:08:36.572+0000] GC(1220) User=0.27s Sys=0.01s Real=0.04s
[2025-08-01T01:08:36.590+0000] GC(1221) Pause Young (Normal) (G1 Evacuation Pause)
[2025-08-01T01:08:36.590+0000] GC(1221) Using 8 workers of 8 for evacuation
[2025-08-01T01:08:36.616+0000] GC(1221)   Pre Evacuate Collection Set: 0.5ms
[2025-08-01T01:08:36.616+0000] GC(1221)   Merge Heap Roots: 0.2ms
[2025-08-01T01:08:36.616+0000] GC(1221)   Evacuate Collection Set: 24.5ms
[2025-08-01T01:08:36.616+0000] GC(1221)   Post Evacuate Collection Set: 0.8ms
[2025-08-01T01:08:36.616+0000] GC(1221)   Other: 0.2ms
[2025-08-01T01:08:36.616+0000] GC(1221) Eden regions: 85->0(89)
[2025-08-01T01:08:36.616+0000] GC(1221) Survivor regions: 17->13(13)
[2025-08-01T01:08:36.616+0000] GC(1221) Old regions: 1584->1656
[2025-08-01T01:08:36.616+0000] GC(1221) Archive regions: 2->2
[2025-08-01T01:08:36.616+0000] GC(1221) Humongous regions: 0->0
[2025-08-01T01:08:36.616+0000] GC(1221) Metaspace: 10061K(10304K)->10061K(10304K) NonClass: 8835K(8960K)->8835K(8960K) Class: 1225K(1344K)->1225K(1344K)
[2025-08-01T01:08:36.616+0000] GC(1221) Pause Young (Normal) (G1 Evacuation Pause) 3373M->3338M(4096M) 26.364ms
[2025-08-01T01:08:36.616+0000] GC(1221) User=0.19s Sys=0.00s Real=0.03s
[2025-08-01T01:08:36.644+0000] GC(1222) Pause Young (Normal) (G1 Evacuation Pause)
[2025-08-01T01:08:36.644+0000] GC(1222) Using 8 workers of 8 for evacuation
[2025-08-01T01:08:36.676+0000] GC(1222)   Pre Evacuate Collection Set: 0.4ms
[2025-08-01T01:08:36.676+0000] GC(1222)   Merge Heap Roots: 0.1ms
[2025-08-01T01:08:36.676+0000] GC(1222)   Evacuate Collection Set: 31.2ms
[2025-08-01T01:08:36.676+0000] GC(1222)   Post Evacuate Collection Set: 0.8ms
[2025-08-01T01:08:36.676+0000] GC(1222)   Other: 0.2ms
[2025-08-01T01:08:36.676+0000] GC(1222) Eden regions: 89->0(89)
[2025-08-01T01:08:36.676+0000] GC(1222) Survivor regions: 13->13(13)
[2025-08-01T01:08:36.676+0000] GC(1222) Old regions: 1656->1745
[2025-08-01T01:08:36.676+0000] GC(1222) Archive regions: 2->2
[2025-08-01T01:08:36.677+0000] GC(1222) Humongous regions: 0->0
[2025-08-01T01:08:36.677+0000] GC(1222) Metaspace: 10061K(10304K)->10061K(10304K) NonClass: 8835K(8960K)->8835K(8960K) Class: 1225K(1344K)->1225K(1344K)
[2025-08-01T01:08:36.677+0000] GC(1222) Pause Young (Normal) (G1 Evacuation Pause) 3516M->3517M(4096M) 32.843ms
[2025-08-01T01:08:36.677+0000] GC(1222) User=0.24s Sys=0.01s Real=0.03s
[2025-08-01T01:08:36.695+0000] GC(1223) Pause Young (Normal) (G1 Evacuation Pause)
[2025-08-01T01:08:36.695+0000] GC(1223) Using 8 workers of 8 for evacuation
[2025-08-01T01:08:36.728+0000] GC(1223)   Pre Evacuate Collection Set: 0.4ms
[2025-08-01T01:08:36.728+0000] GC(1223)   Merge Heap Roots: 0.3ms
[2025-08-01T01:08:36.728+0000] GC(1223)   Evacuate Collection Set: 30.5ms
[2025-08-01T01:08:36.728+0000] GC(1223)   Post Evacuate Collection Set: 1.1ms
[2025-08-01T01:08:36.728+0000] GC(1223)   Other: 0.2ms
[2025-08-01T01:08:36.728+0000] GC(1223) Eden regions: 89->0(89)
[2025-08-01T01:08:36.728+0000] GC(1223) Survivor regions: 13->13(13)
[2025-08-01T01:08:36.728+0000] GC(1223) Old regions: 1745->1836
[2025-08-01T01:08:36.728+0000] GC(1223) Archive regions: 2->2
[2025-08-01T01:08:36.728+0000] GC(1223) Humongous regions: 0->0
[2025-08-01T01:08:36.728+0000] GC(1223) Metaspace: 10061K(10304K)->10061K(10304K) NonClass: 8835K(8960K)->8835K(8960K) Class: 1225K(1344K)->1225K(1344K)
[2025-08-01T01:08:36.728+0000] GC(1223) Pause Young (Normal) (G1 Evacuation Pause) 3695M->3698M(4096M) 32.761ms
[2025-08-01T01:08:36.728+0000] GC(1223) User=0.24s Sys=0.01s Real=0.03s
[2025-08-01T01:08:36.749+0000] GC(1224) Pause Young (Normal) (G1 Preventive Collection)
[2025-08-01T01:08:36.749+0000] GC(1224) Using 8 workers of 8 for evacuation
[2025-08-01T01:08:36.767+0000] GC(1224)   Pre Evacuate Collection Set: 0.7ms
[2025-08-01T01:08:36.767+0000] GC(1224)   Merge Heap Roots: 0.2ms
[2025-08-01T01:08:36.767+0000] GC(1224)   Evacuate Collection Set: 16.1ms
[2025-08-01T01:08:36.767+0000] GC(1224)   Post Evacuate Collection Set: 0.8ms
[2025-08-01T01:08:36.767+0000] GC(1224)   Other: 0.2ms
[2025-08-01T01:08:36.767+0000] GC(1224) Eden regions: 87->0(89)
[2025-08-01T01:08:36.767+0000] GC(1224) Survivor regions: 13->13(13)
[2025-08-01T01:08:36.767+0000] GC(1224) Old regions: 1836->1872
[2025-08-01T01:08:36.767+0000] GC(1224) Archive regions: 2->2
[2025-08-01T01:08:36.767+0000] GC(1224) Humongous regions: 0->0
[2025-08-01T01:08:36.767+0000] GC(1224) Metaspace: 10061K(10304K)->10061K(10304K) NonClass: 8835K(8960K)->8835K(8960K) Class: 1225K(1344K)->1225K(1344K)
[2025-08-01T01:08:36.767+0000] GC(1224) Pause Young (Normal) (G1 Preventive Collection) 3872M->3770M(4096M) 18.174ms
[2025-08-01T01:08:36.767+0000] GC(1224) User=0.12s Sys=0.01s Real=0.02s
[2025-08-01T01:08:36.802+0000] GC(1219) Concurrent Mark From Roots 270.603ms
[2025-08-01T01:08:36.802+0000] GC(1219) Concurrent Preclean
[2025-08-01T01:08:36.803+0000] GC(1219) Concurrent Preclean 0.352ms
[2025-08-01T01:08:36.803+0000] GC(1219) Pause Remark
[2025-08-01T01:08:36.807+0000] GC(1219) Pause Remark 3904M->2030M(4096M) 3.930ms
[2025-08-01T01:08:36.807+0000] GC(1219) User=0.01s Sys=0.01s Real=0.00s
[2025-08-01T01:08:36.807+0000] GC(1219) Concurrent Mark 275.517ms
[2025-08-01T01:08:36.807+0000] GC(1219) Concurrent Rebuild Remembered Sets
[2025-08-01T01:08:36.812+0000] GC(1225) Pause Young (Normal) (G1 Evacuation Pause)
[2025-08-01T01:08:36.812+0000] GC(1225) Using 8 workers of 8 for evacuation
[2025-08-01T01:08:36.848+0000] GC(1225)   Pre Evacuate Collection Set: 0.3ms
[2025-08-01T01:08:36.848+0000] GC(1225)   Merge Heap Roots: 0.1ms
[2025-08-01T01:08:36.848+0000] GC(1225)   Evacuate Collection Set: 34.7ms
[2025-08-01T01:08:36.848+0000] GC(1225)   Post Evacuate Collection Set: 0.5ms
[2025-08-01T01:08:36.848+0000] GC(1225)   Other: 0.2ms
[2025-08-01T01:08:36.848+0000] GC(1225) Eden regions: 89->0(270)
[2025-08-01T01:08:36.848+0000] GC(1225) Survivor regions: 13->13(13)
[2025-08-01T01:08:36.848+0000] GC(1225) Old regions: 935->1025
[2025-08-01T01:08:36.848+0000] GC(1225) Archive regions: 2->2
[2025-08-01T01:08:36.848+0000] GC(1225) Humongous regions: 0->0
[2025-08-01T01:08:36.848+0000] GC(1225) Metaspace: 10061K(10304K)->10061K(10304K) NonClass: 8835K(8960K)->8835K(8960K) Class: 1225K(1344K)->1225K(1344K)
[2025-08-01T01:08:36.848+0000] GC(1225) Pause Young (Normal) (G1 Evacuation Pause) 2074M->2077M(4096M) 35.842ms
[2025-08-01T01:08:36.848+0000] GC(1225) User=0.23s Sys=0.01s Real=0.04s
[2025-08-01T01:08:36.957+0000] GC(1226) Pause Young (Normal) (G1 Evacuation Pause)
[2025-08-01T01:08:36.957+0000] GC(1226) Using 8 workers of 8 for evacuation
[2025-08-01T01:08:37.026+0000] GC(1226)   Pre Evacuate Collection Set: 1.3ms
[2025-08-01T01:08:37.026+0000] GC(1226)   Merge Heap Roots: 0.2ms
[2025-08-01T01:08:37.026+0000] GC(1226)   Evacuate Collection Set: 66.4ms
[2025-08-01T01:08:37.026+0000] GC(1226)   Post Evacuate Collection Set: 1.0ms
[2025-08-01T01:08:37.026+0000] GC(1226)   Other: 0.2ms
[2025-08-01T01:08:37.026+0000] GC(1226) Eden regions: 270->0(197)
[2025-08-01T01:08:37.026+0000] GC(1226) Survivor regions: 13->36(36)
[2025-08-01T01:08:37.026+0000] GC(1226) Old regions: 1025->1204
[2025-08-01T01:08:37.027+0000] GC(1226) Archive regions: 2->2
[2025-08-01T01:08:37.027+0000] GC(1226) Humongous regions: 0->0
[2025-08-01T01:08:37.027+0000] GC(1226) Metaspace: 10061K(10304K)->10061K(10304K) NonClass: 8835K(8960K)->8835K(8960K) Class: 1225K(1344K)->1225K(1344K)
[2025-08-01T01:08:37.027+0000] GC(1226) Pause Young (Normal) (G1 Evacuation Pause) 2617M->2480M(4096M) 69.199ms
[2025-08-01T01:08:37.027+0000] GC(1226) User=0.49s Sys=0.00s Real=0.07s
[2025-08-01T01:08:37.109+0000] GC(1227) Pause Young (Normal) (G1 Evacuation Pause)
[2025-08-01T01:08:37.109+0000] GC(1227) Using 8 workers of 8 for evacuation
[2025-08-01T01:08:37.184+0000] GC(1227)   Pre Evacuate Collection Set: 0.5ms
[2025-08-01T01:08:37.184+0000] GC(1227)   Merge Heap Roots: 0.3ms
[2025-08-01T01:08:37.184+0000] GC(1227)   Evacuate Collection Set: 72.9ms
[2025-08-01T01:08:37.184+0000] GC(1227)   Post Evacuate Collection Set: 1.1ms
[2025-08-01T01:08:37.184+0000] GC(1227)   Other: 0.3ms
[2025-08-01T01:08:37.184+0000] GC(1227) Eden regions: 197->0(127)
[2025-08-01T01:08:37.184+0000] GC(1227) Survivor regions: 36->30(30)
[2025-08-01T01:08:37.184+0000] GC(1227) Old regions: 1204->1409
[2025-08-01T01:08:37.184+0000] GC(1227) Archive regions: 2->2
[2025-08-01T01:08:37.184+0000] GC(1227) Humongous regions: 0->0
[2025-08-01T01:08:37.184+0000] GC(1227) Metaspace: 10061K(10304K)->10061K(10304K) NonClass: 8835K(8960K)->8835K(8960K) Class: 1225K(1344K)->1225K(1344K)
[2025-08-01T01:08:37.184+0000] GC(1227) Pause Young (Normal) (G1 Evacuation Pause) 2874M->2878M(4096M) 75.248ms
[2025-08-01T01:08:37.184+0000] GC(1227) User=0.56s Sys=0.02s Real=0.08s
[2025-08-01T01:08:37.231+0000] GC(1219) Concurrent Rebuild Remembered Sets 423.362ms
[2025-08-01T01:08:37.231+0000] GC(1219) Pause Cleanup
[2025-08-01T01:08:37.232+0000] GC(1219) Pause Cleanup 3087M->3087M(4096M) 0.933ms
[2025-08-01T01:08:37.232+0000] GC(1219) User=0.00s Sys=0.00s Real=0.00s
[2025-08-01T01:08:37.232+0000] GC(1219) Concurrent Cleanup for Next Mark
[2025-08-01T01:08:37.239+0000] GC(1219) Concurrent Cleanup for Next Mark 7.236ms
[2025-08-01T01:08:37.239+0000] GC(1219) Concurrent Mark Cycle 741.586ms
[2025-08-01T01:08:37.247+0000] GC(1228) Pause Young (Prepare Mixed) (G1 Evacuation Pause)
[2025-08-01T01:08:37.247+0000] GC(1228) Using 8 workers of 8 for evacuation
[2025-08-01T01:08:37.294+0000] GC(1228)   Pre Evacuate Collection Set: 0.6ms
[2025-08-01T01:08:37.294+0000] GC(1228)   Merge Heap Roots: 0.7ms
[2025-08-01T01:08:37.294+0000] GC(1228)   Evacuate Collection Set: 44.6ms
[2025-08-01T01:08:37.294+0000] GC(1228)   Post Evacuate Collection Set: 0.9ms
[2025-08-01T01:08:37.294+0000] GC(1228)   Other: 0.4ms
[2025-08-01T01:08:37.294+0000] GC(1228) Eden regions: 127->0(82)
[2025-08-01T01:08:37.294+0000] GC(1228) Survivor regions: 30->20(20)
[2025-08-01T01:08:37.294+0000] GC(1228) Old regions: 1409->1527
[2025-08-01T01:08:37.294+0000] GC(1228) Archive regions: 2->2
[2025-08-01T01:08:37.294+0000] GC(1228) Humongous regions: 0->0
[2025-08-01T01:08:37.294+0000] GC(1228) Metaspace: 10061K(10304K)->10061K(10304K) NonClass: 8835K(8960K)->8835K(8960K) Class: 1225K(1344K)->1225K(1344K)
[2025-08-01T01:08:37.294+0000] GC(1228) Pause Young (Prepare Mixed) (G1 Evacuation Pause) 3132M->3094M(4096M) 47.370ms
[2025-08-01T01:08:37.294+0000] GC(1228) User=0.35s Sys=0.01s Real=0.05s
[2025-08-01T01:08:37.309+0000] GC(1229) Pause Young (Mixed) (G1 Evacuation Pause)
[2025-08-01T01:08:37.309+0000] GC(1229) Using 8 workers of 8 for evacuation
[2025-08-01T01:08:37.343+0000] GC(1229)   Pre Evacuate Collection Set: 0.4ms
[2025-08-01T01:08:37.343+0000] GC(1229)   Merge Heap Roots: 0.1ms
[2025-08-01T01:08:37.343+0000] GC(1229)   Evacuate Collection Set: 32.6ms
[2025-08-01T01:08:37.343+0000] GC(1229)   Post Evacuate Collection Set: 0.8ms
[2025-08-01T01:08:37.343+0000] GC(1229)   Other: 0.2ms
[2025-08-01T01:08:37.343+0000] GC(1229) Eden regions: 82->0(89)
[2025-08-01T01:08:37.343+0000] GC(1229) Survivor regions: 20->13(13)
[2025-08-01T01:08:37.343+0000] GC(1229) Old regions: 1527->1594
[2025-08-01T01:08:37.343+0000] GC(1229) Archive regions: 2->2
[2025-08-01T01:08:37.343+0000] GC(1229) Humongous regions: 0->0
[2025-08-01T01:08:37.343+0000] GC(1229) Metaspace: 10061K(10304K)->10061K(10304K) NonClass: 8835K(8960K)->8835K(8960K) Class: 1225K(1344K)->1225K(1344K)
[2025-08-01T01:08:37.343+0000] GC(1229) Pause Young (Mixed) (G1 Evacuation Pause) 3258M->3215M(4096M) 34.405ms
[2025-08-01T01:08:37.343+0000] GC(1229) User=0.25s Sys=0.00s Real=0.04s
[2025-08-01T01:08:37.400+0000] GC(1230) Pause Young (Concurrent Start) (G1 Evacuation Pause)
[2025-08-01T01:08:37.400+0000] GC(1230) Using 8 workers of 8 for evacuation
[2025-08-01T01:08:37.426+0000] GC(1230)   Pre Evacuate Collection Set: 0.5ms
[2025-08-01T01:08:37.426+0000] GC(1230)   Merge Heap Roots: 0.2ms
[2025-08-01T01:08:37.426+0000] GC(1230)   Evacuate Collection Set: 24.5ms
[2025-08-01T01:08:37.426+0000] GC(1230)   Post Evacuate Collection Set: 1.1ms
[2025-08-01T01:08:37.426+0000] GC(1230)   Other: 0.3ms
[2025-08-01T01:08:37.426+0000] GC(1230) Eden regions: 89->0(89)
[2025-08-01T01:08:37.426+0000] GC(1230) Survivor regions: 13->13(13)
[2025-08-01T01:08:37.426+0000] GC(1230) Old regions: 1594->1660
[2025-08-01T01:08:37.426+0000] GC(1230) Archive regions: 2->2
[2025-08-01T01:08:37.426+0000] GC(1230) Humongous regions: 0->0
[2025-08-01T01:08:37.426+0000] GC(1230) Metaspace: 10061K(10304K)->10061K(10304K) NonClass: 8835K(8960K)->8835K(8960K) Class: 1225K(1344K)->1225K(1344K)
[2025-08-01T01:08:37.427+0000] GC(1230) Pause Young (Concurrent Start) (G1 Evacuation Pause) 3393M->3347M(4096M) 26.761ms
[2025-08-01T01:08:37.427+0000] GC(1230) User=0.19s Sys=0.01s Real=0.03s
[2025-08-01T01:08:37.427+0000] GC(1231) Concurrent Mark Cycle
[2025-08-01T01:08:37.427+0000] GC(1231) Concurrent Clear Claimed Marks
[2025-08-01T01:08:37.427+0000] GC(1231) Concurrent Clear Claimed Marks 0.025ms
[2025-08-01T01:08:37.427+0000] GC(1231) Concurrent Scan Root Regions
[2025-08-01T01:08:37.453+0000] GC(1231) Concurrent Scan Root Regions 26.310ms
[2025-08-01T01:08:37.453+0000] GC(1231) Concurrent Mark
[2025-08-01T01:08:37.453+0000] GC(1231) Concurrent Mark From Roots
[2025-08-01T01:08:37.453+0000] GC(1231) Using 2 workers of 2 for marking
[2025-08-01T01:08:37.453+0000] GC(1232) Pause Young (Normal) (G1 Evacuation Pause)
[2025-08-01T01:08:37.453+0000] GC(1232) Using 8 workers of 8 for evacuation
[2025-08-01T01:08:37.488+0000] GC(1232)   Pre Evacuate Collection Set: 1.9ms
[2025-08-01T01:08:37.488+0000] GC(1232)   Merge Heap Roots: 0.1ms
[2025-08-01T01:08:37.488+0000] GC(1232)   Evacuate Collection Set: 33.3ms
[2025-08-01T01:08:37.488+0000] GC(1232)   Post Evacuate Collection Set: 0.8ms
[2025-08-01T01:08:37.488+0000] GC(1232)   Other: 0.2ms
[2025-08-01T01:08:37.488+0000] GC(1232) Eden regions: 89->0(89)
[2025-08-01T01:08:37.488+0000] GC(1232) Survivor regions: 13->13(13)
[2025-08-01T01:08:37.488+0000] GC(1232) Old regions: 1660->1750
[2025-08-01T01:08:37.488+0000] GC(1232) Archive regions: 2->2
[2025-08-01T01:08:37.488+0000] GC(1232) Humongous regions: 0->0
[2025-08-01T01:08:37.488+0000] GC(1232) Metaspace: 10061K(10304K)->10061K(10304K) NonClass: 8835K(8960K)->8835K(8960K) Class: 1225K(1344K)->1225K(1344K)
[2025-08-01T01:08:37.488+0000] GC(1232) Pause Young (Normal) (G1 Evacuation Pause) 3525M->3527M(4096M) 35.227ms
[2025-08-01T01:08:37.488+0000] GC(1232) User=0.26s Sys=0.01s Real=0.03s
[2025-08-01T01:08:37.553+0000] GC(1233) Pause Young (Normal) (G1 Evacuation Pause)
[2025-08-01T01:08:37.553+0000] GC(1233) Using 8 workers of 8 for evacuation
[2025-08-01T01:08:37.585+0000] GC(1233)   Pre Evacuate Collection Set: 0.4ms
[2025-08-01T01:08:37.585+0000] GC(1233)   Merge Heap Roots: 0.2ms
[2025-08-01T01:08:37.585+0000] GC(1233)   Evacuate Collection Set: 30.5ms
[2025-08-01T01:08:37.585+0000] GC(1233)   Post Evacuate Collection Set: 0.8ms
[2025-08-01T01:08:37.585+0000] GC(1233)   Other: 0.2ms
[2025-08-01T01:08:37.585+0000] GC(1233) Eden regions: 89->0(89)
[2025-08-01T01:08:37.585+0000] GC(1233) Survivor regions: 13->13(13)
[2025-08-01T01:08:37.585+0000] GC(1233) Old regions: 1750->1830
[2025-08-01T01:08:37.586+0000] GC(1233) Archive regions: 2->2
[2025-08-01T01:08:37.586+0000] GC(1233) Humongous regions: 0->0
[2025-08-01T01:08:37.586+0000] GC(1233) Metaspace: 10061K(10304K)->10061K(10304K) NonClass: 8835K(8960K)->8835K(8960K) Class: 1225K(1344K)->1225K(1344K)
[2025-08-01T01:08:37.586+0000] GC(1233) Pause Young (Normal) (G1 Evacuation Pause) 3705M->3687M(4096M) 32.201ms
[2025-08-01T01:08:37.586+0000] GC(1233) User=0.23s Sys=0.01s Real=0.03s
[2025-08-01T01:08:37.604+0000] GC(1234) Pause Young (Normal) (G1 Evacuation Pause)
[2025-08-01T01:08:37.604+0000] GC(1234) Using 8 workers of 8 for evacuation
[2025-08-01T01:08:37.637+0000] GC(1234)   Pre Evacuate Collection Set: 0.8ms
[2025-08-01T01:08:37.637+0000] GC(1234)   Merge Heap Roots: 0.2ms
[2025-08-01T01:08:37.637+0000] GC(1234)   Evacuate Collection Set: 30.9ms
[2025-08-01T01:08:37.637+0000] GC(1234)   Post Evacuate Collection Set: 0.6ms
[2025-08-01T01:08:37.637+0000] GC(1234)   Other: 0.2ms
[2025-08-01T01:08:37.637+0000] GC(1234) Eden regions: 89->0(89)
[2025-08-01T01:08:37.637+0000] GC(1234) Survivor regions: 13->13(13)
[2025-08-01T01:08:37.637+0000] GC(1234) Old regions: 1830->1921
[2025-08-01T01:08:37.637+0000] GC(1234) Archive regions: 2->2
[2025-08-01T01:08:37.637+0000] GC(1234) Humongous regions: 0->0
[2025-08-01T01:08:37.637+0000] GC(1234) Metaspace: 10061K(10304K)->10061K(10304K) NonClass: 8835K(8960K)->8835K(8960K) Class: 1225K(1344K)->1225K(1344K)
[2025-08-01T01:08:37.637+0000] GC(1234) Pause Young (Normal) (G1 Evacuation Pause) 3865M->3869M(4096M) 32.855ms
[2025-08-01T01:08:37.637+0000] GC(1234) User=0.24s Sys=0.01s Real=0.03s
[2025-08-01T01:08:37.647+0000] GC(1235) Pause Young (Normal) (G1 Preventive Collection)
[2025-08-01T01:08:37.647+0000] GC(1235) Using 8 workers of 8 for evacuation
[2025-08-01T01:08:37.667+0000] GC(1235)   Pre Evacuate Collection Set: 0.4ms
[2025-08-01T01:08:37.667+0000] GC(1235)   Merge Heap Roots: 0.1ms
[2025-08-01T01:08:37.667+0000] GC(1235)   Evacuate Collection Set: 18.9ms
[2025-08-01T01:08:37.667+0000] GC(1235)   Post Evacuate Collection Set: 0.6ms
[2025-08-01T01:08:37.667+0000] GC(1235)   Other: 0.2ms
[2025-08-01T01:08:37.667+0000] GC(1235) Eden regions: 46->0(89)
[2025-08-01T01:08:37.667+0000] GC(1235) Survivor regions: 13->13(13)
[2025-08-01T01:08:37.667+0000] GC(1235) Old regions: 1921->1970
[2025-08-01T01:08:37.667+0000] GC(1235) Archive regions: 2->2
[2025-08-01T01:08:37.667+0000] GC(1235) Humongous regions: 0->0
[2025-08-01T01:08:37.667+0000] GC(1235) Metaspace: 10061K(10304K)->10061K(10304K) NonClass: 8835K(8960K)->8835K(8960K) Class: 1225K(1344K)->1225K(1344K)
[2025-08-01T01:08:37.667+0000] GC(1235) Pause Young (Normal) (G1 Preventive Collection) 3961M->3966M(4096M) 20.362ms
[2025-08-01T01:08:37.667+0000] GC(1235) User=0.15s Sys=0.00s Real=0.02s
[2025-08-01T01:08:37.672+0000] GC(1236) Pause Young (Normal) (G1 Preventive Collection)
[2025-08-01T01:08:37.672+0000] GC(1236) Using 8 workers of 8 for evacuation
[2025-08-01T01:08:37.684+0000] GC(1236)   Pre Evacuate Collection Set: 0.4ms
[2025-08-01T01:08:37.684+0000] GC(1236)   Merge Heap Roots: 0.1ms
[2025-08-01T01:08:37.684+0000] GC(1236)   Evacuate Collection Set: 11.2ms
[2025-08-01T01:08:37.684+0000] GC(1236)   Post Evacuate Collection Set: 0.7ms
[2025-08-01T01:08:37.684+0000] GC(1236)   Other: 0.3ms
[2025-08-01T01:08:37.684+0000] GC(1236) Eden regions: 23->0(89)
[2025-08-01T01:08:37.684+0000] GC(1236) Survivor regions: 13->13(13)
[2025-08-01T01:08:37.684+0000] GC(1236) Old regions: 1970->1994
[2025-08-01T01:08:37.684+0000] GC(1236) Archive regions: 2->2
[2025-08-01T01:08:37.684+0000] GC(1236) Humongous regions: 0->0
[2025-08-01T01:08:37.684+0000] GC(1236) Metaspace: 10061K(10304K)->10061K(10304K) NonClass: 8835K(8960K)->8835K(8960K) Class: 1225K(1344K)->1225K(1344K)
[2025-08-01T01:08:37.685+0000] GC(1236) Pause Young (Normal) (G1 Preventive Collection) 4012M->4014M(4096M) 12.865ms
[2025-08-01T01:08:37.685+0000] GC(1236) User=0.08s Sys=0.00s Real=0.02s
[2025-08-01T01:08:37.688+0000] GC(1237) Pause Young (Normal) (G1 Preventive Collection)
[2025-08-01T01:08:37.688+0000] GC(1237) Using 8 workers of 8 for evacuation
[2025-08-01T01:08:37.697+0000] GC(1237)   Pre Evacuate Collection Set: 0.4ms
[2025-08-01T01:08:37.697+0000] GC(1237)   Merge Heap Roots: 0.1ms
[2025-08-01T01:08:37.697+0000] GC(1237)   Evacuate Collection Set: 7.9ms
[2025-08-01T01:08:37.697+0000] GC(1237)   Post Evacuate Collection Set: 0.6ms
[2025-08-01T01:08:37.697+0000] GC(1237)   Other: 0.2ms
[2025-08-01T01:08:37.697+0000] GC(1237) Eden regions: 11->0(90)
[2025-08-01T01:08:37.697+0000] GC(1237) Survivor regions: 13->12(13)
[2025-08-01T01:08:37.697+0000] GC(1237) Old regions: 1994->2009
[2025-08-01T01:08:37.697+0000] GC(1237) Archive regions: 2->2
[2025-08-01T01:08:37.697+0000] GC(1237) Humongous regions: 0->0
[2025-08-01T01:08:37.697+0000] GC(1237) Metaspace: 10061K(10304K)->10061K(10304K) NonClass: 8835K(8960K)->8835K(8960K) Class: 1225K(1344K)->1225K(1344K)
[2025-08-01T01:08:37.697+0000] GC(1237) Pause Young (Normal) (G1 Preventive Collection) 4036M->4043M(4096M) 9.395ms
[2025-08-01T01:08:37.697+0000] GC(1237) User=0.06s Sys=0.01s Real=0.01s
[2025-08-01T01:08:37.719+0000] GC(1238) Pause Young (Normal) (G1 Preventive Collection)
[2025-08-01T01:08:37.719+0000] GC(1238) Using 8 workers of 8 for evacuation
[2025-08-01T01:08:37.723+0000] GC(1238)   Pre Evacuate Collection Set: 0.5ms
[2025-08-01T01:08:37.723+0000] GC(1238)   Merge Heap Roots: 0.1ms
[2025-08-01T01:08:37.723+0000] GC(1238)   Evacuate Collection Set: 2.5ms
[2025-08-01T01:08:37.723+0000] GC(1238)   Post Evacuate Collection Set: 0.6ms
[2025-08-01T01:08:37.723+0000] GC(1238)   Other: 0.2ms
[2025-08-01T01:08:37.723+0000] GC(1238) Eden regions: 5->0(99)
[2025-08-01T01:08:37.723+0000] GC(1238) Survivor regions: 12->3(13)
[2025-08-01T01:08:37.723+0000] GC(1238) Old regions: 2009->2016
[2025-08-01T01:08:37.723+0000] GC(1238) Archive regions: 2->2
[2025-08-01T01:08:37.723+0000] GC(1238) Humongous regions: 0->0
[2025-08-01T01:08:37.723+0000] GC(1238) Metaspace: 10061K(10304K)->10061K(10304K) NonClass: 8835K(8960K)->8835K(8960K) Class: 1225K(1344K)->1225K(1344K)
[2025-08-01T01:08:37.723+0000] GC(1238) Pause Young (Normal) (G1 Preventive Collection) 4053M->4038M(4096M) 3.961ms
[2025-08-01T01:08:37.723+0000] GC(1238) User=0.02s Sys=0.00s Real=0.00s
[2025-08-01T01:08:37.728+0000] GC(1239) Pause Young (Normal) (G1 Preventive Collection)
[2025-08-01T01:08:37.728+0000] GC(1239) Using 8 workers of 8 for evacuation
[2025-08-01T01:08:37.735+0000] GC(1239)   Pre Evacuate Collection Set: 0.9ms
[2025-08-01T01:08:37.735+0000] GC(1239)   Merge Heap Roots: 0.1ms
[2025-08-01T01:08:37.735+0000] GC(1239)   Evacuate Collection Set: 4.5ms
[2025-08-01T01:08:37.735+0000] GC(1239)   Post Evacuate Collection Set: 0.7ms
[2025-08-01T01:08:37.735+0000] GC(1239)   Other: 0.2ms
[2025-08-01T01:08:37.735+0000] GC(1239) Eden regions: 11->0(89)
[2025-08-01T01:08:37.735+0000] GC(1239) Survivor regions: 3->13(13)
[2025-08-01T01:08:37.735+0000] GC(1239) Old regions: 2016->2016
[2025-08-01T01:08:37.735+0000] GC(1239) Archive regions: 2->2
[2025-08-01T01:08:37.735+0000] GC(1239) Humongous regions: 0->0
[2025-08-01T01:08:37.735+0000] GC(1239) Metaspace: 10061K(10304K)->10061K(10304K) NonClass: 8835K(8960K)->8835K(8960K) Class: 1225K(1344K)->1225K(1344K)
[2025-08-01T01:08:37.735+0000] GC(1239) Pause Young (Normal) (G1 Preventive Collection) 4060M->4058M(4096M) 6.640ms
[2025-08-01T01:08:37.735+0000] GC(1239) User=0.03s Sys=0.01s Real=0.01s
[2025-08-01T01:08:37.736+0000] GC(1240) Pause Young (Normal) (G1 Preventive Collection)
[2025-08-01T01:08:37.736+0000] GC(1240) Using 8 workers of 8 for evacuation
[2025-08-01T01:08:37.743+0000] GC(1240)   Pre Evacuate Collection Set: 0.6ms
[2025-08-01T01:08:37.743+0000] GC(1240)   Merge Heap Roots: 0.4ms
[2025-08-01T01:08:37.743+0000] GC(1240)   Evacuate Collection Set: 5.8ms
[2025-08-01T01:08:37.743+0000] GC(1240)   Post Evacuate Collection Set: 0.6ms
[2025-08-01T01:08:37.743+0000] GC(1240)   Other: 0.1ms
[2025-08-01T01:08:37.744+0000] GC(1240) Eden regions: 1->0(100)
[2025-08-01T01:08:37.744+0000] GC(1240) Survivor regions: 13->2(13)
[2025-08-01T01:08:37.744+0000] GC(1240) Old regions: 2016->2029
[2025-08-01T01:08:37.744+0000] GC(1240) Archive regions: 2->2
[2025-08-01T01:08:37.744+0000] GC(1240) Humongous regions: 0->0
[2025-08-01T01:08:37.744+0000] GC(1240) Metaspace: 10061K(10304K)->10061K(10304K) NonClass: 8835K(8960K)->8835K(8960K) Class: 1225K(1344K)->1225K(1344K)
[2025-08-01T01:08:37.744+0000] GC(1240) Pause Young (Normal) (G1 Preventive Collection) 4060M->4061M(4096M) 7.733ms
[2025-08-01T01:08:37.744+0000] GC(1240) User=0.04s Sys=0.00s Real=0.01s
[2025-08-01T01:08:37.746+0000] GC(1241) Pause Young (Normal) (G1 Preventive Collection)
[2025-08-01T01:08:37.746+0000] GC(1241) Using 8 workers of 8 for evacuation
[2025-08-01T01:08:37.750+0000] GC(1241)   Pre Evacuate Collection Set: 0.6ms
[2025-08-01T01:08:37.750+0000] GC(1241)   Merge Heap Roots: 0.1ms
[2025-08-01T01:08:37.750+0000] GC(1241)   Evacuate Collection Set: 3.0ms
[2025-08-01T01:08:37.750+0000] GC(1241)   Post Evacuate Collection Set: 0.8ms
[2025-08-01T01:08:37.750+0000] GC(1241)   Other: 0.2ms
[2025-08-01T01:08:37.750+0000] GC(1241) Eden regions: 6->0(94)
[2025-08-01T01:08:37.750+0000] GC(1241) Survivor regions: 2->8(9)
[2025-08-01T01:08:37.750+0000] GC(1241) Old regions: 2029->2029
[2025-08-01T01:08:37.750+0000] GC(1241) Archive regions: 2->2
[2025-08-01T01:08:37.750+0000] GC(1241) Humongous regions: 0->0
[2025-08-01T01:08:37.750+0000] GC(1241) Metaspace: 10061K(10304K)->10061K(10304K) NonClass: 8835K(8960K)->8835K(8960K) Class: 1225K(1344K)->1225K(1344K)
[2025-08-01T01:08:37.751+0000] GC(1241) Pause Young (Normal) (G1 Preventive Collection) 4073M->4073M(4096M) 4.878ms
[2025-08-01T01:08:37.751+0000] GC(1241) User=0.02s Sys=0.00s Real=0.00s
[2025-08-01T01:08:37.751+0000] GC(1242) Pause Young (Normal) (G1 Preventive Collection)
[2025-08-01T01:08:37.751+0000] GC(1242) Using 8 workers of 8 for evacuation
[2025-08-01T01:08:37.756+0000] GC(1242)   Pre Evacuate Collection Set: 0.4ms
[2025-08-01T01:08:37.756+0000] GC(1242)   Merge Heap Roots: 0.2ms
[2025-08-01T01:08:37.756+0000] GC(1242)   Evacuate Collection Set: 3.2ms
[2025-08-01T01:08:37.756+0000] GC(1242)   Post Evacuate Collection Set: 0.8ms
[2025-08-01T01:08:37.756+0000] GC(1242)   Other: 0.1ms
[2025-08-01T01:08:37.756+0000] GC(1242) Eden regions: 1->0(95)
[2025-08-01T01:08:37.756+0000] GC(1242) Survivor regions: 8->7(8)
[2025-08-01T01:08:37.756+0000] GC(1242) Old regions: 2029->2030
[2025-08-01T01:08:37.756+0000] GC(1242) Archive regions: 2->2
[2025-08-01T01:08:37.756+0000] GC(1242) Humongous regions: 0->0
[2025-08-01T01:08:37.756+0000] GC(1242) Metaspace: 10061K(10304K)->10061K(10304K) NonClass: 8835K(8960K)->8835K(8960K) Class: 1225K(1344K)->1225K(1344K)
[2025-08-01T01:08:37.756+0000] GC(1242) Pause Young (Normal) (G1 Preventive Collection) 4075M->4075M(4096M) 4.969ms
[2025-08-01T01:08:37.756+0000] GC(1242) User=0.02s Sys=0.01s Real=0.01s
[2025-08-01T01:08:37.757+0000] GC(1231) Concurrent Mark From Roots 303.471ms
[2025-08-01T01:08:37.757+0000] GC(1231) Concurrent Preclean
[2025-08-01T01:08:37.757+0000] GC(1243) Pause Young (Normal) (G1 Preventive Collection)
[2025-08-01T01:08:37.757+0000] GC(1243) Using 8 workers of 8 for evacuation
[2025-08-01T01:08:37.761+0000] GC(1243) To-space exhausted
[2025-08-01T01:08:37.761+0000] GC(1243)   Pre Evacuate Collection Set: 0.4ms
[2025-08-01T01:08:37.761+0000] GC(1243)   Merge Heap Roots: 0.1ms
[2025-08-01T01:08:37.761+0000] GC(1243)   Evacuate Collection Set: 2.5ms
[2025-08-01T01:08:37.761+0000] GC(1243)   Post Evacuate Collection Set: 1.2ms
[2025-08-01T01:08:37.761+0000] GC(1243)   Other: 0.3ms
[2025-08-01T01:08:37.761+0000] GC(1243) Eden regions: 1->0(99)
[2025-08-01T01:08:37.761+0000] GC(1243) Survivor regions: 7->3(8)
[2025-08-01T01:08:37.761+0000] GC(1243) Old regions: 2030->2040
[2025-08-01T01:08:37.761+0000] GC(1243) Archive regions: 2->2
[2025-08-01T01:08:37.761+0000] GC(1243) Humongous regions: 0->0
[2025-08-01T01:08:37.761+0000] GC(1243) Metaspace: 10061K(10304K)->10061K(10304K) NonClass: 8835K(8960K)->8835K(8960K) Class: 1225K(1344K)->1225K(1344K)
[2025-08-01T01:08:37.761+0000] GC(1243) Pause Young (Normal) (G1 Preventive Collection) 4077M->4087M(4096M) 4.616ms
[2025-08-01T01:08:37.761+0000] GC(1243) User=0.02s Sys=0.00s Real=0.00s
[2025-08-01T01:08:37.762+0000] GC(1231) Concurrent Preclean 5.344ms
[2025-08-01T01:08:37.762+0000] GC(1244) Pause Young (Normal) (G1 Preventive Collection)
[2025-08-01T01:08:37.762+0000] GC(1244) Using 8 workers of 8 for evacuation
[2025-08-01T01:08:37.765+0000] GC(1244) To-space exhausted
[2025-08-01T01:08:37.765+0000] GC(1244)   Pre Evacuate Collection Set: 0.3ms
[2025-08-01T01:08:37.765+0000] GC(1244)   Merge Heap Roots: 0.1ms
[2025-08-01T01:08:37.765+0000] GC(1244)   Evacuate Collection Set: 1.0ms
[2025-08-01T01:08:37.765+0000] GC(1244)   Post Evacuate Collection Set: 1.0ms
[2025-08-01T01:08:37.765+0000] GC(1244)   Other: 0.1ms
[2025-08-01T01:08:37.765+0000] GC(1244) Eden regions: 1->0(100)
[2025-08-01T01:08:37.765+0000] GC(1244) Survivor regions: 3->2(2)
[2025-08-01T01:08:37.765+0000] GC(1244) Old regions: 2040->2044
[2025-08-01T01:08:37.765+0000] GC(1244) Archive regions: 2->2
[2025-08-01T01:08:37.765+0000] GC(1244) Humongous regions: 0->0
[2025-08-01T01:08:37.765+0000] GC(1244) Metaspace: 10061K(10304K)->10061K(10304K) NonClass: 8835K(8960K)->8835K(8960K) Class: 1225K(1344K)->1225K(1344K)
[2025-08-01T01:08:37.765+0000] GC(1244) Pause Young (Normal) (G1 Preventive Collection) 4089M->4093M(4096M) 2.758ms
[2025-08-01T01:08:37.765+0000] GC(1244) User=0.00s Sys=0.00s Real=0.01s
[2025-08-01T01:08:37.765+0000] Attempting full compaction
[2025-08-01T01:08:37.765+0000] GC(1245) Pause Full (G1 Compaction Pause)
[2025-08-01T01:08:37.765+0000] GC(1245) Using 8 workers of 8 for full compaction
[2025-08-01T01:08:37.770+0000] GC(1245) Phase 1: Mark live objects
[2025-08-01T01:08:37.803+0000] GC(1245) Phase 1: Mark live objects 32.806ms
[2025-08-01T01:08:37.803+0000] GC(1245) Phase 2: Prepare for compaction
[2025-08-01T01:08:37.817+0000] GC(1245) Phase 2: Prepare for compaction 14.344ms
[2025-08-01T01:08:37.817+0000] GC(1245) Phase 3: Adjust pointers
[2025-08-01T01:08:37.846+0000] GC(1245) Phase 3: Adjust pointers 28.782ms
[2025-08-01T01:08:37.846+0000] GC(1245) Phase 4: Compact heap
[2025-08-01T01:08:37.908+0000] GC(1245) Phase 4: Compact heap 61.604ms
[2025-08-01T01:08:37.915+0000] GC(1245) Eden regions: 0->0(550)
[2025-08-01T01:08:37.915+0000] GC(1245) Survivor regions: 2->0(2)
[2025-08-01T01:08:37.915+0000] GC(1245) Old regions: 2044->311
[2025-08-01T01:08:37.915+0000] GC(1245) Archive regions: 2->2
[2025-08-01T01:08:37.915+0000] GC(1245) Humongous regions: 0->0
[2025-08-01T01:08:37.915+0000] GC(1245) Metaspace: 10061K(10304K)->10061K(10304K) NonClass: 8835K(8960K)->8835K(8960K) Class: 1225K(1344K)->1225K(1344K)
[2025-08-01T01:08:37.915+0000] GC(1245) Pause Full (G1 Compaction Pause) 4093M->615M(4096M) 149.811ms
[2025-08-01T01:08:37.915+0000] GC(1245) User=0.95s Sys=0.04s Real=0.15s
[2025-08-01T01:08:37.916+0000] GC(1231) Pause Remark
[2025-08-01T01:08:37.916+0000] GC(1231) Pause Remark 619M->619M(4096M) 0.022ms
[2025-08-01T01:08:37.916+0000] GC(1231) User=0.00s Sys=0.00s Real=0.00s
[2025-08-01T01:08:37.916+0000] GC(1231) Concurrent Mark Abort
[2025-08-01T01:08:37.916+0000] GC(1231) Concurrent Mark Cycle 489.216ms
[2025-08-01T01:08:38.161+0000] GC(1246) Pause Young (Normal) (G1 Evacuation Pause)
[2025-08-01T01:08:38.161+0000] GC(1246) Using 8 workers of 8 for evacuation
[2025-08-01T01:08:38.377+0000] GC(1246) MMU target violated: 201.0ms (200.0ms/201.0ms)
[2025-08-01T01:08:38.377+0000] GC(1246)   Pre Evacuate Collection Set: 0.8ms
[2025-08-01T01:08:38.377+0000] GC(1246)   Merge Heap Roots: 0.3ms
[2025-08-01T01:08:38.377+0000] GC(1246)   Evacuate Collection Set: 211.9ms
[2025-08-01T01:08:38.377+0000] GC(1246)   Post Evacuate Collection Set: 2.3ms
[2025-08-01T01:08:38.377+0000] GC(1246)   Other: 0.4ms
[2025-08-01T01:08:38.377+0000] GC(1246) Eden regions: 550->0(433)
[2025-08-01T01:08:38.377+0000] GC(1246) Survivor regions: 0->69(69)
[2025-08-01T01:08:38.377+0000] GC(1246) Old regions: 311->572
[2025-08-01T01:08:38.377+0000] GC(1246) Archive regions: 2->2
[2025-08-01T01:08:38.377+0000] GC(1246) Humongous regions: 0->0
[2025-08-01T01:08:38.377+0000] GC(1246) Metaspace: 10061K(10304K)->10061K(10304K) NonClass: 8835K(8960K)->8835K(8960K) Class: 1225K(1344K)->1225K(1344K)
[2025-08-01T01:08:38.377+0000] GC(1246) Pause Young (Normal) (G1 Evacuation Pause) 1715M->1274M(4096M) 216.077ms
[2025-08-01T01:08:38.377+0000] GC(1246) User=1.54s Sys=0.07s Real=0.22s
[2025-08-01T01:08:38.550+0000] GC(1247) Pause Young (Concurrent Start) (G1 Evacuation Pause)
[2025-08-01T01:08:38.550+0000] GC(1247) Using 8 workers of 8 for evacuation
[2025-08-01T01:08:38.739+0000] GC(1247)   Pre Evacuate Collection Set: 3.4ms
[2025-08-01T01:08:38.740+0000] GC(1247)   Merge Heap Roots: 0.2ms
[2025-08-01T01:08:38.740+0000] GC(1247)   Evacuate Collection Set: 183.1ms
[2025-08-01T01:08:38.740+0000] GC(1247)   Post Evacuate Collection Set: 2.1ms
[2025-08-01T01:08:38.740+0000] GC(1247)   Other: 0.5ms
[2025-08-01T01:08:38.740+0000] GC(1247) Eden regions: 433->0(323)
[2025-08-01T01:08:38.740+0000] GC(1247) Survivor regions: 69->63(63)
[2025-08-01T01:08:38.740+0000] GC(1247) Old regions: 572->844
[2025-08-01T01:08:38.740+0000] GC(1247) Archive regions: 2->2
[2025-08-01T01:08:38.740+0000] GC(1247) Humongous regions: 0->0
[2025-08-01T01:08:38.740+0000] GC(1247) Metaspace: 10061K(10304K)->10061K(10304K) NonClass: 8835K(8960K)->8835K(8960K) Class: 1225K(1344K)->1225K(1344K)
[2025-08-01T01:08:38.740+0000] GC(1247) Pause Young (Concurrent Start) (G1 Evacuation Pause) 2140M->1806M(4096M) 189.663ms
[2025-08-01T01:08:38.740+0000] GC(1247) User=1.41s Sys=0.04s Real=0.19s
[2025-08-01T01:08:38.740+0000] GC(1248) Concurrent Mark Cycle
[2025-08-01T01:08:38.740+0000] GC(1248) Concurrent Clear Claimed Marks
[2025-08-01T01:08:38.740+0000] GC(1248) Concurrent Clear Claimed Marks 0.042ms
[2025-08-01T01:08:38.740+0000] GC(1248) Concurrent Scan Root Regions
[2025-08-01T01:08:38.823+0000] GC(1248) Concurrent Scan Root Regions 82.838ms
[2025-08-01T01:08:38.823+0000] GC(1248) Concurrent Mark
[2025-08-01T01:08:38.823+0000] GC(1248) Concurrent Mark From Roots
[2025-08-01T01:08:38.823+0000] GC(1248) Using 2 workers of 2 for marking
[2025-08-01T01:08:38.862+0000] GC(1248) Concurrent Mark From Roots 38.788ms
[2025-08-01T01:08:38.863+0000] GC(1248) Concurrent Preclean
[2025-08-01T01:08:38.869+0000] GC(1248) Concurrent Preclean 6.093ms
[2025-08-01T01:08:38.870+0000] GC(1248) Pause Remark
[2025-08-01T01:08:38.874+0000] GC(1248) Pause Remark 2410M->1792M(4096M) 4.191ms
[2025-08-01T01:08:38.874+0000] GC(1248) User=0.01s Sys=0.00s Real=0.01s
[2025-08-01T01:08:38.874+0000] GC(1248) Concurrent Mark 51.174ms
[2025-08-01T01:08:38.874+0000] GC(1248) Concurrent Rebuild Remembered Sets
[2025-08-01T01:08:38.910+0000] GC(1249) Pause Young (Normal) (G1 Evacuation Pause)
[2025-08-01T01:08:38.910+0000] GC(1249) Using 8 workers of 8 for evacuation
[2025-08-01T01:08:39.018+0000] GC(1249)   Pre Evacuate Collection Set: 0.7ms
[2025-08-01T01:08:39.018+0000] GC(1249)   Merge Heap Roots: 0.3ms
[2025-08-01T01:08:39.018+0000] GC(1249)   Evacuate Collection Set: 105.8ms
[2025-08-01T01:08:39.018+0000] GC(1249)   Post Evacuate Collection Set: 1.6ms
[2025-08-01T01:08:39.018+0000] GC(1249)   Other: 0.2ms
[2025-08-01T01:08:39.018+0000] GC(1249) Eden regions: 323->0(346)
[2025-08-01T01:08:39.018+0000] GC(1249) Survivor regions: 63->49(49)
[2025-08-01T01:08:39.018+0000] GC(1249) Old regions: 531->792
[2025-08-01T01:08:39.018+0000] GC(1249) Archive regions: 2->2
[2025-08-01T01:08:39.018+0000] GC(1249) Humongous regions: 0->0
[2025-08-01T01:08:39.018+0000] GC(1249) Metaspace: 10061K(10304K)->10061K(10304K) NonClass: 8835K(8960K)->8835K(8960K) Class: 1225K(1344K)->1225K(1344K)
[2025-08-01T01:08:39.018+0000] GC(1249) Pause Young (Normal) (G1 Evacuation Pause) 1834M->1682M(4096M) 108.665ms
[2025-08-01T01:08:39.018+0000] GC(1249) User=0.74s Sys=0.04s Real=0.11s
[2025-08-01T01:08:39.075+0000] GC(1248) Concurrent Rebuild Remembered Sets 200.831ms
[2025-08-01T01:08:39.075+0000] GC(1248) Pause Cleanup
[2025-08-01T01:08:39.076+0000] GC(1248) Pause Cleanup 2012M->2012M(4096M) 0.532ms
[2025-08-01T01:08:39.076+0000] GC(1248) User=0.00s Sys=0.00s Real=0.00s
[2025-08-01T01:08:39.076+0000] GC(1248) Concurrent Cleanup for Next Mark
[2025-08-01T01:08:39.084+0000] GC(1248) Concurrent Cleanup for Next Mark 8.060ms
[2025-08-01T01:08:39.084+0000] GC(1248) Concurrent Mark Cycle 344.166ms
[2025-08-01T01:08:39.170+0000] GC(1250) Pause Young (Prepare Mixed) (G1 Evacuation Pause)
[2025-08-01T01:08:39.170+0000] GC(1250) Using 8 workers of 8 for evacuation
[2025-08-01T01:08:39.308+0000] GC(1250)   Pre Evacuate Collection Set: 1.2ms
[2025-08-01T01:08:39.308+0000] GC(1250)   Merge Heap Roots: 0.3ms
[2025-08-01T01:08:39.309+0000] GC(1250)   Evacuate Collection Set: 134.8ms
[2025-08-01T01:08:39.309+0000] GC(1250)   Post Evacuate Collection Set: 1.7ms
[2025-08-01T01:08:39.309+0000] GC(1250)   Other: 0.2ms
[2025-08-01T01:08:39.309+0000] GC(1250) Eden regions: 346->0(52)
[2025-08-01T01:08:39.309+0000] GC(1250) Survivor regions: 49->50(50)
[2025-08-01T01:08:39.309+0000] GC(1250) Old regions: 792->1015
[2025-08-01T01:08:39.309+0000] GC(1250) Archive regions: 2->2
[2025-08-01T01:08:39.309+0000] GC(1250) Humongous regions: 0->0
[2025-08-01T01:08:39.309+0000] GC(1250) Metaspace: 10061K(10304K)->10061K(10304K) NonClass: 8835K(8960K)->8835K(8960K) Class: 1225K(1344K)->1225K(1344K)
[2025-08-01T01:08:39.309+0000] GC(1250) Pause Young (Prepare Mixed) (G1 Evacuation Pause) 2374M->2131M(4096M) 138.357ms
[2025-08-01T01:08:39.309+0000] GC(1250) User=1.02s Sys=0.05s Real=0.14s
[2025-08-01T01:08:39.320+0000] GC(1251) Pause Young (Mixed) (G1 Evacuation Pause)
[2025-08-01T01:08:39.320+0000] GC(1251) Using 8 workers of 8 for evacuation
[2025-08-01T01:08:39.361+0000] GC(1251)   Pre Evacuate Collection Set: 0.7ms
[2025-08-01T01:08:39.361+0000] GC(1251)   Merge Heap Roots: 0.6ms
[2025-08-01T01:08:39.361+0000] GC(1251)   Evacuate Collection Set: 38.1ms
[2025-08-01T01:08:39.361+0000] GC(1251)   Post Evacuate Collection Set: 1.5ms
[2025-08-01T01:08:39.361+0000] GC(1251)   Other: 0.2ms
[2025-08-01T01:08:39.361+0000] GC(1251) Eden regions: 52->0(279)
[2025-08-01T01:08:39.361+0000] GC(1251) Survivor regions: 50->13(13)
[2025-08-01T01:08:39.361+0000] GC(1251) Old regions: 1015->993
[2025-08-01T01:08:39.361+0000] GC(1251) Archive regions: 2->2
[2025-08-01T01:08:39.361+0000] GC(1251) Humongous regions: 0->0
[2025-08-01T01:08:39.361+0000] GC(1251) Metaspace: 10061K(10304K)->10061K(10304K) NonClass: 8835K(8960K)->8835K(8960K) Class: 1225K(1344K)->1225K(1344K)
[2025-08-01T01:08:39.361+0000] GC(1251) Pause Young (Mixed) (G1 Evacuation Pause) 2235M->2012M(4096M) 41.290ms
[2025-08-01T01:08:39.361+0000] GC(1251) User=0.30s Sys=0.01s Real=0.04s
[2025-08-01T01:08:39.462+0000] GC(1252) Pause Young (Concurrent Start) (G1 Evacuation Pause)
[2025-08-01T01:08:39.463+0000] GC(1252) Using 8 workers of 8 for evacuation
[2025-08-01T01:08:39.551+0000] GC(1252)   Pre Evacuate Collection Set: 0.7ms
[2025-08-01T01:08:39.552+0000] GC(1252)   Merge Heap Roots: 0.2ms
[2025-08-01T01:08:39.552+0000] GC(1252)   Evacuate Collection Set: 86.6ms
[2025-08-01T01:08:39.552+0000] GC(1252)   Post Evacuate Collection Set: 1.1ms
[2025-08-01T01:08:39.552+0000] GC(1252)   Other: 0.3ms
[2025-08-01T01:08:39.552+0000] GC(1252) Eden regions: 279->0(187)
[2025-08-01T01:08:39.552+0000] GC(1252) Survivor regions: 13->37(37)
[2025-08-01T01:08:39.552+0000] GC(1252) Old regions: 993->1213
[2025-08-01T01:08:39.552+0000] GC(1252) Archive regions: 2->2
[2025-08-01T01:08:39.552+0000] GC(1252) Humongous regions: 0->0
[2025-08-01T01:08:39.552+0000] GC(1252) Metaspace: 10061K(10304K)->10061K(10304K) NonClass: 8835K(8960K)->8835K(8960K) Class: 1225K(1344K)->1225K(1344K)
[2025-08-01T01:08:39.552+0000] GC(1252) Pause Young (Concurrent Start) (G1 Evacuation Pause) 2570M->2500M(4096M) 89.125ms
[2025-08-01T01:08:39.552+0000] GC(1252) User=0.65s Sys=0.01s Real=0.09s
[2025-08-01T01:08:39.552+0000] GC(1253) Concurrent Mark Cycle
[2025-08-01T01:08:39.552+0000] GC(1253) Concurrent Clear Claimed Marks
[2025-08-01T01:08:39.552+0000] GC(1253) Concurrent Clear Claimed Marks 0.071ms
[2025-08-01T01:08:39.552+0000] GC(1253) Concurrent Scan Root Regions
[2025-08-01T01:08:39.591+0000] GC(1253) Concurrent Scan Root Regions 39.492ms
[2025-08-01T01:08:39.591+0000] GC(1253) Concurrent Mark
[2025-08-01T01:08:39.591+0000] GC(1253) Concurrent Mark From Roots
[2025-08-01T01:08:39.591+0000] GC(1253) Using 2 workers of 2 for marking
[2025-08-01T01:08:39.642+0000] GC(1254) Pause Young (Normal) (G1 Evacuation Pause)
[2025-08-01T01:08:39.642+0000] GC(1254) Using 8 workers of 8 for evacuation
[2025-08-01T01:08:39.708+0000] GC(1254)   Pre Evacuate Collection Set: 0.9ms
[2025-08-01T01:08:39.709+0000] GC(1254)   Merge Heap Roots: 0.3ms
[2025-08-01T01:08:39.709+0000] GC(1254)   Evacuate Collection Set: 64.1ms
[2025-08-01T01:08:39.709+0000] GC(1254)   Post Evacuate Collection Set: 1.1ms
[2025-08-01T01:08:39.709+0000] GC(1254)   Other: 0.2ms
[2025-08-01T01:08:39.709+0000] GC(1254) Eden regions: 187->0(125)
[2025-08-01T01:08:39.709+0000] GC(1254) Survivor regions: 37->28(28)
[2025-08-01T01:08:39.709+0000] GC(1254) Old regions: 1213->1410
[2025-08-01T01:08:39.709+0000] GC(1254) Archive regions: 2->2
[2025-08-01T01:08:39.709+0000] GC(1254) Humongous regions: 0->0
[2025-08-01T01:08:39.709+0000] GC(1254) Metaspace: 10061K(10304K)->10061K(10304K) NonClass: 8835K(8960K)->8835K(8960K) Class: 1225K(1344K)->1225K(1344K)
[2025-08-01T01:08:39.709+0000] GC(1254) Pause Young (Normal) (G1 Evacuation Pause) 2874M->2877M(4096M) 66.668ms
[2025-08-01T01:08:39.709+0000] GC(1254) User=0.50s Sys=0.00s Real=0.07s
[2025-08-01T01:08:39.749+0000] GC(1253) Concurrent Mark From Roots 157.807ms
[2025-08-01T01:08:39.749+0000] GC(1253) Concurrent Preclean
[2025-08-01T01:08:39.750+0000] GC(1253) Concurrent Preclean 0.315ms
[2025-08-01T01:08:39.750+0000] GC(1253) Pause Remark
[2025-08-01T01:08:39.752+0000] GC(1253) Pause Remark 3017M->1671M(4096M) 2.740ms
[2025-08-01T01:08:39.753+0000] GC(1253) User=0.01s Sys=0.00s Real=0.00s
[2025-08-01T01:08:39.753+0000] GC(1253) Concurrent Mark 161.277ms
[2025-08-01T01:08:39.753+0000] GC(1253) Concurrent Rebuild Remembered Sets
[2025-08-01T01:08:39.779+0000] GC(1255) Pause Young (Normal) (G1 Evacuation Pause)
[2025-08-01T01:08:39.780+0000] GC(1255) Using 8 workers of 8 for evacuation
[2025-08-01T01:08:39.823+0000] GC(1255)   Pre Evacuate Collection Set: 0.7ms
[2025-08-01T01:08:39.823+0000] GC(1255)   Merge Heap Roots: 0.4ms
[2025-08-01T01:08:39.823+0000] GC(1255)   Evacuate Collection Set: 41.6ms
[2025-08-01T01:08:39.823+0000] GC(1255)   Post Evacuate Collection Set: 0.9ms
[2025-08-01T01:08:39.823+0000] GC(1255)   Other: 0.2ms
[2025-08-01T01:08:39.823+0000] GC(1255) Eden regions: 125->0(325)
[2025-08-01T01:08:39.823+0000] GC(1255) Survivor regions: 28->20(20)
[2025-08-01T01:08:39.823+0000] GC(1255) Old regions: 737->846
[2025-08-01T01:08:39.823+0000] GC(1255) Archive regions: 2->2
[2025-08-01T01:08:39.823+0000] GC(1255) Humongous regions: 0->0
[2025-08-01T01:08:39.823+0000] GC(1255) Metaspace: 10061K(10304K)->10061K(10304K) NonClass: 8835K(8960K)->8835K(8960K) Class: 1225K(1344K)->1225K(1344K)
[2025-08-01T01:08:39.823+0000] GC(1255) Pause Young (Normal) (G1 Evacuation Pause) 1781M->1733M(4096M) 43.936ms
[2025-08-01T01:08:39.823+0000] GC(1255) User=0.32s Sys=0.01s Real=0.05s
[2025-08-01T01:08:39.974+0000] GC(1256) Pause Young (Normal) (G1 Evacuation Pause)
[2025-08-01T01:08:39.974+0000] GC(1256) Using 8 workers of 8 for evacuation
[2025-08-01T01:08:40.046+0000] GC(1256)   Pre Evacuate Collection Set: 0.4ms
[2025-08-01T01:08:40.046+0000] GC(1256)   Merge Heap Roots: 0.3ms
[2025-08-01T01:08:40.046+0000] GC(1256)   Evacuate Collection Set: 69.9ms
[2025-08-01T01:08:40.046+0000] GC(1256)   Post Evacuate Collection Set: 1.2ms
[2025-08-01T01:08:40.046+0000] GC(1256)   Other: 0.2ms
[2025-08-01T01:08:40.046+0000] GC(1256) Eden regions: 325->0(267)
[2025-08-01T01:08:40.046+0000] GC(1256) Survivor regions: 20->44(44)
[2025-08-01T01:08:40.046+0000] GC(1256) Old regions: 846->1002
[2025-08-01T01:08:40.046+0000] GC(1256) Archive regions: 2->2
[2025-08-01T01:08:40.046+0000] GC(1256) Humongous regions: 0->0
[2025-08-01T01:08:40.046+0000] GC(1256) Metaspace: 10061K(10304K)->10061K(10304K) NonClass: 8835K(8960K)->8835K(8960K) Class: 1225K(1344K)->1225K(1344K)
[2025-08-01T01:08:40.046+0000] GC(1256) Pause Young (Normal) (G1 Evacuation Pause) 2383M->2092M(4096M) 72.218ms
[2025-08-01T01:08:40.046+0000] GC(1256) User=0.53s Sys=0.03s Real=0.07s
[2025-08-01T01:08:40.064+0000] GC(1253) Concurrent Rebuild Remembered Sets 311.433ms
[2025-08-01T01:08:40.064+0000] GC(1253) Pause Cleanup
[2025-08-01T01:08:40.066+0000] GC(1253) Pause Cleanup 2270M->2270M(4096M) 1.718ms
[2025-08-01T01:08:40.066+0000] GC(1253) User=0.01s Sys=0.00s Real=0.00s
[2025-08-01T01:08:40.066+0000] GC(1253) Concurrent Cleanup for Next Mark
[2025-08-01T01:08:40.079+0000] GC(1253) Concurrent Cleanup for Next Mark 12.716ms
[2025-08-01T01:08:40.079+0000] GC(1253) Concurrent Mark Cycle 527.383ms
[2025-08-01T01:08:40.149+0000] GC(1257) Pause Young (Prepare Mixed) (G1 Evacuation Pause)
[2025-08-01T01:08:40.149+0000] GC(1257) Using 8 workers of 8 for evacuation
[2025-08-01T01:08:40.282+0000] GC(1257)   Pre Evacuate Collection Set: 0.6ms
[2025-08-01T01:08:40.282+0000] GC(1257)   Merge Heap Roots: 0.4ms
[2025-08-01T01:08:40.282+0000] GC(1257)   Evacuate Collection Set: 130.8ms
[2025-08-01T01:08:40.282+0000] GC(1257)   Post Evacuate Collection Set: 1.2ms
[2025-08-01T01:08:40.282+0000] GC(1257)   Other: 0.2ms
[2025-08-01T01:08:40.282+0000] GC(1257) Eden regions: 267->0(63)
[2025-08-01T01:08:40.282+0000] GC(1257) Survivor regions: 44->39(39)
[2025-08-01T01:08:40.282+0000] GC(1257) Old regions: 1002->1275
[2025-08-01T01:08:40.282+0000] GC(1257) Archive regions: 2->2
[2025-08-01T01:08:40.282+0000] GC(1257) Humongous regions: 0->0
[2025-08-01T01:08:40.282+0000] GC(1257) Metaspace: 10061K(10304K)->10061K(10304K) NonClass: 8835K(8960K)->8835K(8960K) Class: 1225K(1344K)->1225K(1344K)
[2025-08-01T01:08:40.282+0000] GC(1257) Pause Young (Prepare Mixed) (G1 Evacuation Pause) 2626M->2629M(4096M) 133.376ms
[2025-08-01T01:08:40.282+0000] GC(1257) User=0.97s Sys=0.04s Real=0.13s
[2025-08-01T01:08:40.295+0000] GC(1258) Pause Young (Mixed) (G1 Evacuation Pause)
[2025-08-01T01:08:40.295+0000] GC(1258) Using 8 workers of 8 for evacuation
[2025-08-01T01:08:40.329+0000] GC(1258)   Pre Evacuate Collection Set: 1.1ms
[2025-08-01T01:08:40.329+0000] GC(1258)   Merge Heap Roots: 0.6ms
[2025-08-01T01:08:40.329+0000] GC(1258)   Evacuate Collection Set: 30.9ms
[2025-08-01T01:08:40.329+0000] GC(1258)   Post Evacuate Collection Set: 1.1ms
[2025-08-01T01:08:40.329+0000] GC(1258)   Other: 0.1ms
[2025-08-01T01:08:40.329+0000] GC(1258) Eden regions: 63->0(151)
[2025-08-01T01:08:40.329+0000] GC(1258) Survivor regions: 39->13(13)
[2025-08-01T01:08:40.329+0000] GC(1258) Old regions: 1275->1347
[2025-08-01T01:08:40.329+0000] GC(1258) Archive regions: 2->2
[2025-08-01T01:08:40.329+0000] GC(1258) Humongous regions: 0->0
[2025-08-01T01:08:40.329+0000] GC(1258) Metaspace: 10061K(10304K)->10061K(10304K) NonClass: 8835K(8960K)->8835K(8960K) Class: 1225K(1344K)->1225K(1344K)
[2025-08-01T01:08:40.329+0000] GC(1258) Pause Young (Mixed) (G1 Evacuation Pause) 2755M->2720M(4096M) 34.042ms
[2025-08-01T01:08:40.330+0000] GC(1258) User=0.24s Sys=0.01s Real=0.03s
[2025-08-01T01:08:40.403+0000] GC(1259) Pause Young (Concurrent Start) (G1 Evacuation Pause)
[2025-08-01T01:08:40.403+0000] GC(1259) Using 8 workers of 8 for evacuation
[2025-08-01T01:08:40.496+0000] GC(1259)   Pre Evacuate Collection Set: 0.8ms
[2025-08-01T01:08:40.497+0000] GC(1259)   Merge Heap Roots: 0.4ms
[2025-08-01T01:08:40.497+0000] GC(1259)   Evacuate Collection Set: 90.3ms
[2025-08-01T01:08:40.497+0000] GC(1259)   Post Evacuate Collection Set: 1.2ms
[2025-08-01T01:08:40.497+0000] GC(1259)   Other: 0.3ms
[2025-08-01T01:08:40.497+0000] GC(1259) Eden regions: 151->0(102)
[2025-08-01T01:08:40.497+0000] GC(1259) Survivor regions: 13->21(21)
[2025-08-01T01:08:40.497+0000] GC(1259) Old regions: 1347->1491
[2025-08-01T01:08:40.497+0000] GC(1259) Archive regions: 2->2
[2025-08-01T01:08:40.497+0000] GC(1259) Humongous regions: 0->0
[2025-08-01T01:08:40.497+0000] GC(1259) Metaspace: 10061K(10304K)->10061K(10304K) NonClass: 8835K(8960K)->8835K(8960K) Class: 1225K(1344K)->1225K(1344K)
[2025-08-01T01:08:40.497+0000] GC(1259) Pause Young (Concurrent Start) (G1 Evacuation Pause) 3022M->3025M(4096M) 93.379ms
[2025-08-01T01:08:40.497+0000] GC(1259) User=0.69s Sys=0.02s Real=0.09s
[2025-08-01T01:08:40.497+0000] GC(1260) Concurrent Mark Cycle
[2025-08-01T01:08:40.497+0000] GC(1260) Concurrent Clear Claimed Marks
[2025-08-01T01:08:40.497+0000] GC(1260) Concurrent Clear Claimed Marks 0.041ms
[2025-08-01T01:08:40.497+0000] GC(1260) Concurrent Scan Root Regions
[2025-08-01T01:08:40.544+0000] GC(1260) Concurrent Scan Root Regions 46.438ms
[2025-08-01T01:08:40.544+0000] GC(1260) Concurrent Mark
[2025-08-01T01:08:40.544+0000] GC(1260) Concurrent Mark From Roots
[2025-08-01T01:08:40.544+0000] GC(1260) Using 2 workers of 2 for marking
[2025-08-01T01:08:40.577+0000] GC(1261) Pause Young (Normal) (G1 Evacuation Pause)
[2025-08-01T01:08:40.577+0000] GC(1261) Using 8 workers of 8 for evacuation
[2025-08-01T01:08:40.602+0000] GC(1261)   Pre Evacuate Collection Set: 0.7ms
[2025-08-01T01:08:40.602+0000] GC(1261)   Merge Heap Roots: 0.2ms
[2025-08-01T01:08:40.602+0000] GC(1261)   Evacuate Collection Set: 23.0ms
[2025-08-01T01:08:40.602+0000] GC(1261)   Post Evacuate Collection Set: 0.8ms
[2025-08-01T01:08:40.602+0000] GC(1261)   Other: 0.2ms
[2025-08-01T01:08:40.602+0000] GC(1261) Eden regions: 102->0(90)
[2025-08-01T01:08:40.602+0000] GC(1261) Survivor regions: 21->16(16)
[2025-08-01T01:08:40.602+0000] GC(1261) Old regions: 1491->1545
[2025-08-01T01:08:40.602+0000] GC(1261) Archive regions: 2->2
[2025-08-01T01:08:40.602+0000] GC(1261) Humongous regions: 0->0
[2025-08-01T01:08:40.602+0000] GC(1261) Metaspace: 10061K(10304K)->10061K(10304K) NonClass: 8835K(8960K)->8835K(8960K) Class: 1225K(1344K)->1225K(1344K)
[2025-08-01T01:08:40.602+0000] GC(1261) Pause Young (Normal) (G1 Evacuation Pause) 3229M->3122M(4096M) 25.158ms
[2025-08-01T01:08:40.602+0000] GC(1261) User=0.18s Sys=0.00s Real=0.02s
[2025-08-01T01:08:40.619+0000] GC(1262) Pause Young (Normal) (G1 Evacuation Pause)
[2025-08-01T01:08:40.619+0000] GC(1262) Using 8 workers of 8 for evacuation
[2025-08-01T01:08:40.653+0000] GC(1262)   Pre Evacuate Collection Set: 0.5ms
[2025-08-01T01:08:40.653+0000] GC(1262)   Merge Heap Roots: 0.2ms
[2025-08-01T01:08:40.653+0000] GC(1262)   Evacuate Collection Set: 32.1ms
[2025-08-01T01:08:40.653+0000] GC(1262)   Post Evacuate Collection Set: 0.9ms
[2025-08-01T01:08:40.653+0000] GC(1262)   Other: 0.2ms
[2025-08-01T01:08:40.653+0000] GC(1262) Eden regions: 90->0(88)
[2025-08-01T01:08:40.653+0000] GC(1262) Survivor regions: 16->14(14)
[2025-08-01T01:08:40.653+0000] GC(1262) Old regions: 1545->1639
[2025-08-01T01:08:40.653+0000] GC(1262) Archive regions: 2->2
[2025-08-01T01:08:40.653+0000] GC(1262) Humongous regions: 0->0
[2025-08-01T01:08:40.653+0000] GC(1262) Metaspace: 10061K(10304K)->10061K(10304K) NonClass: 8835K(8960K)->8835K(8960K) Class: 1225K(1344K)->1225K(1344K)
[2025-08-01T01:08:40.653+0000] GC(1262) Pause Young (Normal) (G1 Evacuation Pause) 3302M->3306M(4096M) 34.092ms
[2025-08-01T01:08:40.653+0000] GC(1262) User=0.25s Sys=0.00s Real=0.03s
[2025-08-01T01:08:40.715+0000] GC(1263) Pause Young (Normal) (G1 Evacuation Pause)
[2025-08-01T01:08:40.715+0000] GC(1263) Using 8 workers of 8 for evacuation
[2025-08-01T01:08:40.738+0000] GC(1263)   Pre Evacuate Collection Set: 0.4ms
[2025-08-01T01:08:40.739+0000] GC(1263)   Merge Heap Roots: 0.2ms
[2025-08-01T01:08:40.739+0000] GC(1263)   Evacuate Collection Set: 21.3ms
[2025-08-01T01:08:40.739+0000] GC(1263)   Post Evacuate Collection Set: 1.4ms
[2025-08-01T01:08:40.739+0000] GC(1263)   Other: 0.3ms
[2025-08-01T01:08:40.739+0000] GC(1263) Eden regions: 88->0(89)
[2025-08-01T01:08:40.739+0000] GC(1263) Survivor regions: 14->13(13)
[2025-08-01T01:08:40.739+0000] GC(1263) Old regions: 1639->1706
[2025-08-01T01:08:40.739+0000] GC(1263) Archive regions: 2->2
[2025-08-01T01:08:40.739+0000] GC(1263) Humongous regions: 0->0
[2025-08-01T01:08:40.739+0000] GC(1263) Metaspace: 10061K(10304K)->10061K(10304K) NonClass: 8835K(8960K)->8835K(8960K) Class: 1225K(1344K)->1225K(1344K)
[2025-08-01T01:08:40.739+0000] GC(1263) Pause Young (Normal) (G1 Evacuation Pause) 3482M->3439M(4096M) 23.712ms
[2025-08-01T01:08:40.739+0000] GC(1263) User=0.17s Sys=0.00s Real=0.02s
[2025-08-01T01:08:40.754+0000] GC(1264) Pause Young (Normal) (G1 Evacuation Pause)
[2025-08-01T01:08:40.754+0000] GC(1264) Using 8 workers of 8 for evacuation
[2025-08-01T01:08:40.787+0000] GC(1264)   Pre Evacuate Collection Set: 0.5ms
[2025-08-01T01:08:40.787+0000] GC(1264)   Merge Heap Roots: 0.2ms
[2025-08-01T01:08:40.787+0000] GC(1264)   Evacuate Collection Set: 30.8ms
[2025-08-01T01:08:40.787+0000] GC(1264)   Post Evacuate Collection Set: 0.5ms
[2025-08-01T01:08:40.787+0000] GC(1264)   Other: 0.2ms
[2025-08-01T01:08:40.787+0000] GC(1264) Eden regions: 89->0(89)
[2025-08-01T01:08:40.787+0000] GC(1264) Survivor regions: 13->13(13)
[2025-08-01T01:08:40.787+0000] GC(1264) Old regions: 1706->1798
[2025-08-01T01:08:40.787+0000] GC(1264) Archive regions: 2->2
[2025-08-01T01:08:40.787+0000] GC(1264) Humongous regions: 0->0
[2025-08-01T01:08:40.787+0000] GC(1264) Metaspace: 10061K(10304K)->10061K(10304K) NonClass: 8835K(8960K)->8835K(8960K) Class: 1225K(1344K)->1225K(1344K)
[2025-08-01T01:08:40.787+0000] GC(1264) Pause Young (Normal) (G1 Evacuation Pause) 3617M->3622M(4096M) 32.425ms
[2025-08-01T01:08:40.787+0000] GC(1264) User=0.24s Sys=0.00s Real=0.03s
[2025-08-01T01:08:40.850+0000] GC(1265) Pause Young (Normal) (G1 Evacuation Pause)
[2025-08-01T01:08:40.850+0000] GC(1265) Using 8 workers of 8 for evacuation
[2025-08-01T01:08:40.883+0000] GC(1265)   Pre Evacuate Collection Set: 0.6ms
[2025-08-01T01:08:40.883+0000] GC(1265)   Merge Heap Roots: 0.2ms
[2025-08-01T01:08:40.883+0000] GC(1265)   Evacuate Collection Set: 31.3ms
[2025-08-01T01:08:40.883+0000] GC(1265)   Post Evacuate Collection Set: 0.5ms
[2025-08-01T01:08:40.883+0000] GC(1265)   Other: 0.2ms
[2025-08-01T01:08:40.883+0000] GC(1265) Eden regions: 89->0(89)
[2025-08-01T01:08:40.883+0000] GC(1265) Survivor regions: 13->13(13)
[2025-08-01T01:08:40.883+0000] GC(1265) Old regions: 1798->1873
[2025-08-01T01:08:40.883+0000] GC(1265) Archive regions: 2->2
[2025-08-01T01:08:40.883+0000] GC(1265) Humongous regions: 0->0
[2025-08-01T01:08:40.883+0000] GC(1265) Metaspace: 10061K(10304K)->10061K(10304K) NonClass: 8835K(8960K)->8835K(8960K) Class: 1225K(1344K)->1225K(1344K)
[2025-08-01T01:08:40.883+0000] GC(1265) Pause Young (Normal) (G1 Evacuation Pause) 3800M->3773M(4096M) 32.890ms
[2025-08-01T01:08:40.883+0000] GC(1265) User=0.23s Sys=0.01s Real=0.04s
[2025-08-01T01:08:40.896+0000] GC(1266) Pause Young (Normal) (G1 Preventive Collection)
[2025-08-01T01:08:40.896+0000] GC(1266) Using 8 workers of 8 for evacuation
[2025-08-01T01:08:40.926+0000] GC(1266)   Pre Evacuate Collection Set: 0.5ms
[2025-08-01T01:08:40.926+0000] GC(1266)   Merge Heap Roots: 0.3ms
[2025-08-01T01:08:40.926+0000] GC(1266)   Evacuate Collection Set: 28.1ms
[2025-08-01T01:08:40.926+0000] GC(1266)   Post Evacuate Collection Set: 1.1ms
[2025-08-01T01:08:40.926+0000] GC(1266)   Other: 0.2ms
[2025-08-01T01:08:40.926+0000] GC(1266) Eden regions: 70->0(89)
[2025-08-01T01:08:40.926+0000] GC(1266) Survivor regions: 13->13(13)
[2025-08-01T01:08:40.926+0000] GC(1266) Old regions: 1873->1945
[2025-08-01T01:08:40.926+0000] GC(1266) Archive regions: 2->2
[2025-08-01T01:08:40.926+0000] GC(1266) Humongous regions: 0->0
[2025-08-01T01:08:40.926+0000] GC(1266) Metaspace: 10061K(10304K)->10061K(10304K) NonClass: 8835K(8960K)->8835K(8960K) Class: 1225K(1344K)->1225K(1344K)
[2025-08-01T01:08:40.926+0000] GC(1266) Pause Young (Normal) (G1 Preventive Collection) 3913M->3916M(4096M) 30.373ms
[2025-08-01T01:08:40.926+0000] GC(1266) User=0.21s Sys=0.01s Real=0.03s
[2025-08-01T01:08:40.933+0000] GC(1267) Pause Young (Normal) (G1 Preventive Collection)
[2025-08-01T01:08:40.933+0000] GC(1267) Using 8 workers of 8 for evacuation
[2025-08-01T01:08:40.952+0000] GC(1267)   Pre Evacuate Collection Set: 0.5ms
[2025-08-01T01:08:40.952+0000] GC(1267)   Merge Heap Roots: 0.3ms
[2025-08-01T01:08:40.952+0000] GC(1267)   Evacuate Collection Set: 16.9ms
[2025-08-01T01:08:40.952+0000] GC(1267)   Post Evacuate Collection Set: 1.1ms
[2025-08-01T01:08:40.952+0000] GC(1267)   Other: 0.2ms
[2025-08-01T01:08:40.952+0000] GC(1267) Eden regions: 35->0(89)
[2025-08-01T01:08:40.952+0000] GC(1267) Survivor regions: 13->13(13)
[2025-08-01T01:08:40.952+0000] GC(1267) Old regions: 1945->1982
[2025-08-01T01:08:40.952+0000] GC(1267) Archive regions: 2->2
[2025-08-01T01:08:40.952+0000] GC(1267) Humongous regions: 0->0
[2025-08-01T01:08:40.952+0000] GC(1267) Metaspace: 10061K(10304K)->10061K(10304K) NonClass: 8835K(8960K)->8835K(8960K) Class: 1225K(1344K)->1225K(1344K)
[2025-08-01T01:08:40.952+0000] GC(1267) Pause Young (Normal) (G1 Preventive Collection) 3986M->3990M(4096M) 19.213ms
[2025-08-01T01:08:40.952+0000] GC(1267) User=0.13s Sys=0.01s Real=0.01s
[2025-08-01T01:08:40.953+0000] GC(1260) Concurrent Mark From Roots 409.331ms
[2025-08-01T01:08:40.953+0000] GC(1260) Concurrent Preclean
[2025-08-01T01:08:40.953+0000] GC(1260) Concurrent Preclean 0.216ms
[2025-08-01T01:08:40.954+0000] GC(1260) Pause Remark
[2025-08-01T01:08:40.957+0000] GC(1260) Pause Remark 4004M->2446M(4096M) 3.393ms
[2025-08-01T01:08:40.957+0000] GC(1260) User=0.01s Sys=0.00s Real=0.00s
[2025-08-01T01:08:40.957+0000] GC(1260) Concurrent Mark 413.516ms
[2025-08-01T01:08:40.957+0000] GC(1260) Concurrent Rebuild Remembered Sets
[2025-08-01T01:08:41.021+0000] GC(1268) Pause Young (Normal) (G1 Evacuation Pause)
[2025-08-01T01:08:41.022+0000] GC(1268) Using 8 workers of 8 for evacuation
[2025-08-01T01:08:41.058+0000] GC(1268)   Pre Evacuate Collection Set: 0.8ms
[2025-08-01T01:08:41.059+0000] GC(1268)   Merge Heap Roots: 0.2ms
[2025-08-01T01:08:41.059+0000] GC(1268)   Evacuate Collection Set: 34.9ms
[2025-08-01T01:08:41.059+0000] GC(1268)   Post Evacuate Collection Set: 0.9ms
[2025-08-01T01:08:41.059+0000] GC(1268)   Other: 0.2ms
[2025-08-01T01:08:41.059+0000] GC(1268) Eden regions: 89->0(167)
[2025-08-01T01:08:41.059+0000] GC(1268) Survivor regions: 13->13(13)
[2025-08-01T01:08:41.059+0000] GC(1268) Old regions: 1203->1293
[2025-08-01T01:08:41.059+0000] GC(1268) Archive regions: 2->2
[2025-08-01T01:08:41.059+0000] GC(1268) Humongous regions: 0->0
[2025-08-01T01:08:41.059+0000] GC(1268) Metaspace: 10061K(10304K)->10061K(10304K) NonClass: 8835K(8960K)->8835K(8960K) Class: 1225K(1344K)->1225K(1344K)
[2025-08-01T01:08:41.059+0000] GC(1268) Pause Young (Normal) (G1 Evacuation Pause) 2610M->2613M(4096M) 37.176ms
[2025-08-01T01:08:41.059+0000] GC(1268) User=0.26s Sys=0.02s Real=0.04s
[2025-08-01T01:08:41.133+0000] GC(1269) Pause Young (Normal) (G1 Evacuation Pause)
[2025-08-01T01:08:41.133+0000] GC(1269) Using 8 workers of 8 for evacuation
[2025-08-01T01:08:41.189+0000] GC(1269)   Pre Evacuate Collection Set: 0.3ms
[2025-08-01T01:08:41.189+0000] GC(1269)   Merge Heap Roots: 0.1ms
[2025-08-01T01:08:41.189+0000] GC(1269)   Evacuate Collection Set: 53.9ms
[2025-08-01T01:08:41.189+0000] GC(1269)   Post Evacuate Collection Set: 1.2ms
[2025-08-01T01:08:41.189+0000] GC(1269)   Other: 0.2ms
[2025-08-01T01:08:41.189+0000] GC(1269) Eden regions: 167->0(114)
[2025-08-01T01:08:41.189+0000] GC(1269) Survivor regions: 13->23(23)
[2025-08-01T01:08:41.189+0000] GC(1269) Old regions: 1293->1452
[2025-08-01T01:08:41.189+0000] GC(1269) Archive regions: 2->2
[2025-08-01T01:08:41.189+0000] GC(1269) Humongous regions: 0->0
[2025-08-01T01:08:41.189+0000] GC(1269) Metaspace: 10061K(10304K)->10061K(10304K) NonClass: 8835K(8960K)->8835K(8960K) Class: 1225K(1344K)->1225K(1344K)
[2025-08-01T01:08:41.189+0000] GC(1269) Pause Young (Normal) (G1 Evacuation Pause) 2947M->2951M(4096M) 56.007ms
[2025-08-01T01:08:41.189+0000] GC(1269) User=0.42s Sys=0.01s Real=0.05s
[2025-08-01T01:08:41.209+0000] GC(1270) Pause Young (Normal) (G1 Evacuation Pause)
[2025-08-01T01:08:41.209+0000] GC(1270) Using 8 workers of 8 for evacuation
[2025-08-01T01:08:41.250+0000] GC(1270)   Pre Evacuate Collection Set: 0.5ms
[2025-08-01T01:08:41.250+0000] GC(1270)   Merge Heap Roots: 0.3ms
[2025-08-01T01:08:41.250+0000] GC(1270)   Evacuate Collection Set: 39.0ms
[2025-08-01T01:08:41.250+0000] GC(1270)   Post Evacuate Collection Set: 0.7ms
[2025-08-01T01:08:41.250+0000] GC(1270)   Other: 0.2ms
[2025-08-01T01:08:41.250+0000] GC(1270) Eden regions: 114->0(84)
[2025-08-01T01:08:41.250+0000] GC(1270) Survivor regions: 23->18(18)
[2025-08-01T01:08:41.250+0000] GC(1270) Old regions: 1452->1573
[2025-08-01T01:08:41.250+0000] GC(1270) Archive regions: 2->2
[2025-08-01T01:08:41.250+0000] GC(1270) Humongous regions: 0->0
[2025-08-01T01:08:41.250+0000] GC(1270) Metaspace: 10061K(10304K)->10061K(10304K) NonClass: 8835K(8960K)->8835K(8960K) Class: 1225K(1344K)->1225K(1344K)
[2025-08-01T01:08:41.250+0000] GC(1270) Pause Young (Normal) (G1 Evacuation Pause) 3179M->3183M(4096M) 40.952ms
[2025-08-01T01:08:41.250+0000] GC(1270) User=0.30s Sys=0.00s Real=0.04s
[2025-08-01T01:08:41.314+0000] GC(1271) Pause Young (Normal) (G1 Evacuation Pause)
[2025-08-01T01:08:41.314+0000] GC(1271) Using 8 workers of 8 for evacuation
[2025-08-01T01:08:41.343+0000] GC(1271)   Pre Evacuate Collection Set: 0.8ms
[2025-08-01T01:08:41.343+0000] GC(1271)   Merge Heap Roots: 0.2ms
[2025-08-01T01:08:41.343+0000] GC(1271)   Evacuate Collection Set: 26.1ms
[2025-08-01T01:08:41.343+0000] GC(1271)   Post Evacuate Collection Set: 1.0ms
[2025-08-01T01:08:41.343+0000] GC(1271)   Other: 0.2ms
[2025-08-01T01:08:41.343+0000] GC(1271) Eden regions: 84->0(89)
[2025-08-01T01:08:41.343+0000] GC(1271) Survivor regions: 18->13(13)
[2025-08-01T01:08:41.343+0000] GC(1271) Old regions: 1573->1624
[2025-08-01T01:08:41.343+0000] GC(1271) Archive regions: 2->2
[2025-08-01T01:08:41.343+0000] GC(1271) Humongous regions: 0->0
[2025-08-01T01:08:41.343+0000] GC(1271) Metaspace: 10061K(10304K)->10061K(10304K) NonClass: 8835K(8960K)->8835K(8960K) Class: 1225K(1344K)->1225K(1344K)
[2025-08-01T01:08:41.343+0000] GC(1271) Pause Young (Normal) (G1 Evacuation Pause) 3351M->3275M(4096M) 28.385ms
[2025-08-01T01:08:41.343+0000] GC(1271) User=0.18s Sys=0.01s Real=0.02s
[2025-08-01T01:08:41.362+0000] GC(1272) Pause Young (Normal) (G1 Evacuation Pause)
[2025-08-01T01:08:41.362+0000] GC(1272) Using 8 workers of 8 for evacuation
[2025-08-01T01:08:41.398+0000] GC(1272)   Pre Evacuate Collection Set: 0.6ms
[2025-08-01T01:08:41.398+0000] GC(1272)   Merge Heap Roots: 0.2ms
[2025-08-01T01:08:41.398+0000] GC(1272)   Evacuate Collection Set: 34.8ms
[2025-08-01T01:08:41.398+0000] GC(1272)   Post Evacuate Collection Set: 0.8ms
[2025-08-01T01:08:41.398+0000] GC(1272)   Other: 0.3ms
[2025-08-01T01:08:41.398+0000] GC(1272) Eden regions: 89->0(89)
[2025-08-01T01:08:41.398+0000] GC(1272) Survivor regions: 13->13(13)
[2025-08-01T01:08:41.398+0000] GC(1272) Old regions: 1624->1715
[2025-08-01T01:08:41.398+0000] GC(1272) Archive regions: 2->2
[2025-08-01T01:08:41.398+0000] GC(1272) Humongous regions: 0->0
[2025-08-01T01:08:41.398+0000] GC(1272) Metaspace: 10061K(10304K)->10061K(10304K) NonClass: 8835K(8960K)->8835K(8960K) Class: 1225K(1344K)->1225K(1344K)
[2025-08-01T01:08:41.399+0000] GC(1272) Pause Young (Normal) (G1 Evacuation Pause) 3453M->3457M(4096M) 36.784ms
[2025-08-01T01:08:41.399+0000] GC(1272) User=0.25s Sys=0.01s Real=0.04s
[2025-08-01T01:08:41.463+0000] GC(1273) Pause Young (Normal) (G1 Evacuation Pause)
[2025-08-01T01:08:41.463+0000] GC(1273) Using 8 workers of 8 for evacuation
[2025-08-01T01:08:41.488+0000] GC(1273)   Pre Evacuate Collection Set: 0.4ms
[2025-08-01T01:08:41.488+0000] GC(1273)   Merge Heap Roots: 0.2ms
[2025-08-01T01:08:41.488+0000] GC(1273)   Evacuate Collection Set: 23.7ms
[2025-08-01T01:08:41.488+0000] GC(1273)   Post Evacuate Collection Set: 0.7ms
[2025-08-01T01:08:41.488+0000] GC(1273)   Other: 0.2ms
[2025-08-01T01:08:41.488+0000] GC(1273) Eden regions: 89->0(89)
[2025-08-01T01:08:41.488+0000] GC(1273) Survivor regions: 13->13(13)
[2025-08-01T01:08:41.488+0000] GC(1273) Old regions: 1715->1785
[2025-08-01T01:08:41.488+0000] GC(1273) Archive regions: 2->2
[2025-08-01T01:08:41.488+0000] GC(1273) Humongous regions: 0->0
[2025-08-01T01:08:41.488+0000] GC(1273) Metaspace: 10061K(10304K)->10061K(10304K) NonClass: 8835K(8960K)->8835K(8960K) Class: 1225K(1344K)->1225K(1344K)
[2025-08-01T01:08:41.488+0000] GC(1273) Pause Young (Normal) (G1 Evacuation Pause) 3635M->3596M(4096M) 25.199ms
[2025-08-01T01:08:41.488+0000] GC(1273) User=0.19s Sys=0.00s Real=0.02s
[2025-08-01T01:08:41.502+0000] GC(1260) Concurrent Rebuild Remembered Sets 544.657ms
[2025-08-01T01:08:41.502+0000] GC(1260) Pause Cleanup
[2025-08-01T01:08:41.503+0000] GC(1260) Pause Cleanup 3760M->3760M(4096M) 1.061ms
[2025-08-01T01:08:41.503+0000] GC(1260) User=0.00s Sys=0.00s Real=0.01s
[2025-08-01T01:08:41.504+0000] GC(1260) Concurrent Cleanup for Next Mark
[2025-08-01T01:08:41.506+0000] GC(1274) Pause Young (Prepare Mixed) (G1 Evacuation Pause)
[2025-08-01T01:08:41.506+0000] GC(1274) Using 8 workers of 8 for evacuation
[2025-08-01T01:08:41.541+0000] GC(1274)   Pre Evacuate Collection Set: 0.4ms
[2025-08-01T01:08:41.541+0000] GC(1274)   Merge Heap Roots: 0.2ms
[2025-08-01T01:08:41.541+0000] GC(1274)   Evacuate Collection Set: 32.9ms
[2025-08-01T01:08:41.541+0000] GC(1274)   Post Evacuate Collection Set: 0.9ms
[2025-08-01T01:08:41.541+0000] GC(1274)   Other: 0.2ms
[2025-08-01T01:08:41.541+0000] GC(1274) Eden regions: 89->0(89)
[2025-08-01T01:08:41.541+0000] GC(1274) Survivor regions: 13->13(13)
[2025-08-01T01:08:41.541+0000] GC(1274) Old regions: 1785->1876
[2025-08-01T01:08:41.541+0000] GC(1274) Archive regions: 2->2
[2025-08-01T01:08:41.541+0000] GC(1274) Humongous regions: 0->0
[2025-08-01T01:08:41.541+0000] GC(1274) Metaspace: 10061K(10304K)->10061K(10304K) NonClass: 8835K(8960K)->8835K(8960K) Class: 1225K(1344K)->1225K(1344K)
[2025-08-01T01:08:41.541+0000] GC(1274) Pause Young (Prepare Mixed) (G1 Evacuation Pause) 3774M->3779M(4096M) 34.714ms
[2025-08-01T01:08:41.541+0000] GC(1274) User=0.25s Sys=0.01s Real=0.03s
[2025-08-01T01:08:41.551+0000] GC(1260) Concurrent Cleanup for Next Mark 47.891ms
[2025-08-01T01:08:41.552+0000] GC(1260) Concurrent Mark Cycle 1054.550ms
[2025-08-01T01:08:41.557+0000] GC(1275) Pause Young (Mixed) (G1 Preventive Collection)
[2025-08-01T01:08:41.557+0000] GC(1275) Using 8 workers of 8 for evacuation
[2025-08-01T01:08:41.579+0000] GC(1275)   Pre Evacuate Collection Set: 0.4ms
[2025-08-01T01:08:41.579+0000] GC(1275)   Merge Heap Roots: 0.4ms
[2025-08-01T01:08:41.579+0000] GC(1275)   Evacuate Collection Set: 20.3ms
[2025-08-01T01:08:41.579+0000] GC(1275)   Post Evacuate Collection Set: 0.8ms
[2025-08-01T01:08:41.579+0000] GC(1275)   Other: 0.2ms
[2025-08-01T01:08:41.579+0000] GC(1275) Eden regions: 68->0(89)
[2025-08-01T01:08:41.579+0000] GC(1275) Survivor regions: 13->13(13)
[2025-08-01T01:08:41.579+0000] GC(1275) Old regions: 1876->1936
[2025-08-01T01:08:41.579+0000] GC(1275) Archive regions: 2->2
[2025-08-01T01:08:41.579+0000] GC(1275) Humongous regions: 0->0
[2025-08-01T01:08:41.579+0000] GC(1275) Metaspace: 10061K(10304K)->10061K(10304K) NonClass: 8835K(8960K)->8835K(8960K) Class: 1225K(1344K)->1225K(1344K)
[2025-08-01T01:08:41.579+0000] GC(1275) Pause Young (Mixed) (G1 Preventive Collection) 3915M->3899M(4096M) 22.221ms
[2025-08-01T01:08:41.579+0000] GC(1275) User=0.15s Sys=0.00s Real=0.02s
[2025-08-01T01:08:41.606+0000] GC(1276) Pause Young (Concurrent Start) (G1 Preventive Collection)
[2025-08-01T01:08:41.606+0000] GC(1276) Using 8 workers of 8 for evacuation
[2025-08-01T01:08:41.621+0000] GC(1276)   Pre Evacuate Collection Set: 0.3ms
[2025-08-01T01:08:41.621+0000] GC(1276)   Merge Heap Roots: 0.1ms
[2025-08-01T01:08:41.621+0000] GC(1276)   Evacuate Collection Set: 14.0ms
[2025-08-01T01:08:41.621+0000] GC(1276)   Post Evacuate Collection Set: 0.7ms
[2025-08-01T01:08:41.621+0000] GC(1276)   Other: 0.2ms
[2025-08-01T01:08:41.621+0000] GC(1276) Eden regions: 39->0(89)
[2025-08-01T01:08:41.621+0000] GC(1276) Survivor regions: 13->13(13)
[2025-08-01T01:08:41.621+0000] GC(1276) Old regions: 1936->1976
[2025-08-01T01:08:41.621+0000] GC(1276) Archive regions: 2->2
[2025-08-01T01:08:41.621+0000] GC(1276) Humongous regions: 0->0
[2025-08-01T01:08:41.621+0000] GC(1276) Metaspace: 10061K(10304K)->10061K(10304K) NonClass: 8835K(8960K)->8835K(8960K) Class: 1225K(1344K)->1225K(1344K)
[2025-08-01T01:08:41.621+0000] GC(1276) Pause Young (Concurrent Start) (G1 Preventive Collection) 3977M->3979M(4096M) 15.441ms
[2025-08-01T01:08:41.621+0000] GC(1276) User=0.12s Sys=0.00s Real=0.01s
[2025-08-01T01:08:41.622+0000] GC(1277) Concurrent Mark Cycle
[2025-08-01T01:08:41.622+0000] GC(1277) Concurrent Clear Claimed Marks
[2025-08-01T01:08:41.622+0000] GC(1277) Concurrent Clear Claimed Marks 0.024ms
[2025-08-01T01:08:41.622+0000] GC(1277) Concurrent Scan Root Regions
[2025-08-01T01:08:41.631+0000] GC(1277) Concurrent Scan Root Regions 9.134ms
[2025-08-01T01:08:41.631+0000] GC(1277) Concurrent Mark
[2025-08-01T01:08:41.631+0000] GC(1277) Concurrent Mark From Roots
[2025-08-01T01:08:41.631+0000] GC(1277) Using 2 workers of 2 for marking
[2025-08-01T01:08:41.633+0000] GC(1278) Pause Young (Normal) (G1 Preventive Collection)
[2025-08-01T01:08:41.633+0000] GC(1278) Using 8 workers of 8 for evacuation
[2025-08-01T01:08:41.644+0000] GC(1278)   Pre Evacuate Collection Set: 0.3ms
[2025-08-01T01:08:41.644+0000] GC(1278)   Merge Heap Roots: 0.1ms
[2025-08-01T01:08:41.644+0000] GC(1278)   Evacuate Collection Set: 10.1ms
[2025-08-01T01:08:41.645+0000] GC(1278)   Post Evacuate Collection Set: 0.6ms
[2025-08-01T01:08:41.645+0000] GC(1278)   Other: 0.2ms
[2025-08-01T01:08:41.645+0000] GC(1278) Eden regions: 20->0(89)
[2025-08-01T01:08:41.645+0000] GC(1278) Survivor regions: 13->13(13)
[2025-08-01T01:08:41.645+0000] GC(1278) Old regions: 1976->1999
[2025-08-01T01:08:41.645+0000] GC(1278) Archive regions: 2->2
[2025-08-01T01:08:41.645+0000] GC(1278) Humongous regions: 0->0
[2025-08-01T01:08:41.645+0000] GC(1278) Metaspace: 10061K(10304K)->10061K(10304K) NonClass: 8835K(8960K)->8835K(8960K) Class: 1225K(1344K)->1225K(1344K)
[2025-08-01T01:08:41.645+0000] GC(1278) Pause Young (Normal) (G1 Preventive Collection) 4019M->4024M(4096M) 11.491ms
[2025-08-01T01:08:41.645+0000] GC(1278) User=0.08s Sys=0.00s Real=0.01s
[2025-08-01T01:08:41.647+0000] GC(1279) Pause Young (Normal) (G1 Preventive Collection)
[2025-08-01T01:08:41.647+0000] GC(1279) Using 8 workers of 8 for evacuation
[2025-08-01T01:08:41.654+0000] GC(1279)   Pre Evacuate Collection Set: 0.3ms
[2025-08-01T01:08:41.654+0000] GC(1279)   Merge Heap Roots: 0.1ms
[2025-08-01T01:08:41.654+0000] GC(1279)   Evacuate Collection Set: 5.8ms
[2025-08-01T01:08:41.654+0000] GC(1279)   Post Evacuate Collection Set: 0.6ms
[2025-08-01T01:08:41.654+0000] GC(1279)   Other: 0.2ms
[2025-08-01T01:08:41.654+0000] GC(1279) Eden regions: 9->0(92)
[2025-08-01T01:08:41.654+0000] GC(1279) Survivor regions: 13->10(13)
[2025-08-01T01:08:41.654+0000] GC(1279) Old regions: 1999->2013
[2025-08-01T01:08:41.654+0000] GC(1279) Archive regions: 2->2
[2025-08-01T01:08:41.654+0000] GC(1279) Humongous regions: 0->0
[2025-08-01T01:08:41.654+0000] GC(1279) Metaspace: 10061K(10304K)->10061K(10304K) NonClass: 8835K(8960K)->8835K(8960K) Class: 1225K(1344K)->1225K(1344K)
[2025-08-01T01:08:41.654+0000] GC(1279) Pause Young (Normal) (G1 Preventive Collection) 4042M->4047M(4096M) 7.091ms
[2025-08-01T01:08:41.654+0000] GC(1279) User=0.05s Sys=0.00s Real=0.01s
[2025-08-01T01:08:41.655+0000] GC(1280) Pause Young (Normal) (G1 Preventive Collection)
[2025-08-01T01:08:41.655+0000] GC(1280) Using 8 workers of 8 for evacuation
[2025-08-01T01:08:41.661+0000] GC(1280)   Pre Evacuate Collection Set: 0.4ms
[2025-08-01T01:08:41.661+0000] GC(1280)   Merge Heap Roots: 0.1ms
[2025-08-01T01:08:41.661+0000] GC(1280)   Evacuate Collection Set: 4.1ms
[2025-08-01T01:08:41.661+0000] GC(1280)   Post Evacuate Collection Set: 1.0ms
[2025-08-01T01:08:41.661+0000] GC(1280)   Other: 0.2ms
[2025-08-01T01:08:41.661+0000] GC(1280) Eden regions: 5->0(95)
[2025-08-01T01:08:41.661+0000] GC(1280) Survivor regions: 10->7(13)
[2025-08-01T01:08:41.661+0000] GC(1280) Old regions: 2013->2024
[2025-08-01T01:08:41.661+0000] GC(1280) Archive regions: 2->2
[2025-08-01T01:08:41.661+0000] GC(1280) Humongous regions: 0->0
[2025-08-01T01:08:41.661+0000] GC(1280) Metaspace: 10061K(10304K)->10061K(10304K) NonClass: 8835K(8960K)->8835K(8960K) Class: 1225K(1344K)->1225K(1344K)
[2025-08-01T01:08:41.661+0000] GC(1280) Pause Young (Normal) (G1 Preventive Collection) 4057M->4061M(4096M) 5.896ms
[2025-08-01T01:08:41.661+0000] GC(1280) User=0.02s Sys=0.00s Real=0.00s
[2025-08-01T01:08:41.662+0000] GC(1281) Pause Young (Normal) (G1 Preventive Collection)
[2025-08-01T01:08:41.662+0000] GC(1281) Using 8 workers of 8 for evacuation
[2025-08-01T01:08:41.666+0000] GC(1281)   Pre Evacuate Collection Set: 0.4ms
[2025-08-01T01:08:41.666+0000] GC(1281)   Merge Heap Roots: 0.2ms
[2025-08-01T01:08:41.666+0000] GC(1281)   Evacuate Collection Set: 2.7ms
[2025-08-01T01:08:41.666+0000] GC(1281)   Post Evacuate Collection Set: 0.5ms
[2025-08-01T01:08:41.666+0000] GC(1281)   Other: 0.2ms
[2025-08-01T01:08:41.666+0000] GC(1281) Eden regions: 3->0(93)
[2025-08-01T01:08:41.666+0000] GC(1281) Survivor regions: 7->9(12)
[2025-08-01T01:08:41.666+0000] GC(1281) Old regions: 2024->2024
[2025-08-01T01:08:41.666+0000] GC(1281) Archive regions: 2->2
[2025-08-01T01:08:41.666+0000] GC(1281) Humongous regions: 0->0
[2025-08-01T01:08:41.666+0000] GC(1281) Metaspace: 10061K(10304K)->10061K(10304K) NonClass: 8835K(8960K)->8835K(8960K) Class: 1225K(1344K)->1225K(1344K)
[2025-08-01T01:08:41.666+0000] GC(1281) Pause Young (Normal) (G1 Preventive Collection) 4067M->4065M(4096M) 4.240ms
[2025-08-01T01:08:41.666+0000] GC(1281) User=0.02s Sys=0.00s Real=0.01s
[2025-08-01T01:08:41.667+0000] GC(1282) Pause Young (Normal) (G1 Preventive Collection)
[2025-08-01T01:08:41.667+0000] GC(1282) Using 8 workers of 8 for evacuation
[2025-08-01T01:08:41.672+0000] GC(1282)   Pre Evacuate Collection Set: 0.4ms
[2025-08-01T01:08:41.672+0000] GC(1282)   Merge Heap Roots: 0.4ms
[2025-08-01T01:08:41.673+0000] GC(1282)   Evacuate Collection Set: 3.5ms
[2025-08-01T01:08:41.673+0000] GC(1282)   Post Evacuate Collection Set: 0.8ms
[2025-08-01T01:08:41.673+0000] GC(1282)   Other: 0.2ms
[2025-08-01T01:08:41.673+0000] GC(1282) Eden regions: 1->0(97)
[2025-08-01T01:08:41.673+0000] GC(1282) Survivor regions: 9->5(12)
[2025-08-01T01:08:41.673+0000] GC(1282) Old regions: 2024->2029
[2025-08-01T01:08:41.673+0000] GC(1282) Archive regions: 2->2
[2025-08-01T01:08:41.673+0000] GC(1282) Humongous regions: 0->0
[2025-08-01T01:08:41.673+0000] GC(1282) Metaspace: 10061K(10304K)->10061K(10304K) NonClass: 8835K(8960K)->8835K(8960K) Class: 1225K(1344K)->1225K(1344K)
[2025-08-01T01:08:41.673+0000] GC(1282) Pause Young (Normal) (G1 Preventive Collection) 4067M->4069M(4096M) 5.486ms
[2025-08-01T01:08:41.673+0000] GC(1282) User=0.03s Sys=0.00s Real=0.00s
[2025-08-01T01:08:41.673+0000] GC(1283) Pause Young (Normal) (G1 Preventive Collection)
[2025-08-01T01:08:41.673+0000] GC(1283) Using 8 workers of 8 for evacuation
[2025-08-01T01:08:41.677+0000] GC(1283)   Pre Evacuate Collection Set: 0.4ms
[2025-08-01T01:08:41.677+0000] GC(1283)   Merge Heap Roots: 0.3ms
[2025-08-01T01:08:41.677+0000] GC(1283)   Evacuate Collection Set: 2.5ms
[2025-08-01T01:08:41.677+0000] GC(1283)   Post Evacuate Collection Set: 0.7ms
[2025-08-01T01:08:41.677+0000] GC(1283)   Other: 0.1ms
[2025-08-01T01:08:41.677+0000] GC(1283) Eden regions: 3->0(94)
[2025-08-01T01:08:41.677+0000] GC(1283) Survivor regions: 5->8(9)
[2025-08-01T01:08:41.677+0000] GC(1283) Old regions: 2029->2029
[2025-08-01T01:08:41.677+0000] GC(1283) Archive regions: 2->2
[2025-08-01T01:08:41.677+0000] GC(1283) Humongous regions: 0->0
[2025-08-01T01:08:41.677+0000] GC(1283) Metaspace: 10061K(10304K)->10061K(10304K) NonClass: 8835K(8960K)->8835K(8960K) Class: 1225K(1344K)->1225K(1344K)
[2025-08-01T01:08:41.678+0000] GC(1283) Pause Young (Normal) (G1 Preventive Collection) 4075M->4074M(4096M) 4.196ms
[2025-08-01T01:08:41.678+0000] GC(1283) User=0.01s Sys=0.00s Real=0.00s
[2025-08-01T01:08:41.678+0000] GC(1284) Pause Young (Normal) (G1 Preventive Collection)
[2025-08-01T01:08:41.678+0000] GC(1284) Using 8 workers of 8 for evacuation
[2025-08-01T01:08:41.682+0000] GC(1284)   Pre Evacuate Collection Set: 0.2ms
[2025-08-01T01:08:41.682+0000] GC(1284)   Merge Heap Roots: 0.1ms
[2025-08-01T01:08:41.682+0000] GC(1284)   Evacuate Collection Set: 3.0ms
[2025-08-01T01:08:41.682+0000] GC(1284)   Post Evacuate Collection Set: 0.7ms
[2025-08-01T01:08:41.682+0000] GC(1284)   Other: 0.1ms
[2025-08-01T01:08:41.682+0000] GC(1284) Eden regions: 1->0(97)
[2025-08-01T01:08:41.682+0000] GC(1284) Survivor regions: 8->5(8)
[2025-08-01T01:08:41.682+0000] GC(1284) Old regions: 2029->2032
[2025-08-01T01:08:41.682+0000] GC(1284) Archive regions: 2->2
[2025-08-01T01:08:41.682+0000] GC(1284) Humongous regions: 0->0
[2025-08-01T01:08:41.682+0000] GC(1284) Metaspace: 10061K(10304K)->10061K(10304K) NonClass: 8835K(8960K)->8835K(8960K) Class: 1225K(1344K)->1225K(1344K)
[2025-08-01T01:08:41.682+0000] GC(1284) Pause Young (Normal) (G1 Preventive Collection) 4076M->4075M(4096M) 4.271ms
[2025-08-01T01:08:41.682+0000] GC(1284) User=0.02s Sys=0.00s Real=0.00s
[2025-08-01T01:08:41.683+0000] GC(1285) Pause Young (Normal) (G1 Preventive Collection)
[2025-08-01T01:08:41.683+0000] GC(1285) Using 8 workers of 8 for evacuation
[2025-08-01T01:08:41.686+0000] GC(1285)   Pre Evacuate Collection Set: 0.4ms
[2025-08-01T01:08:41.686+0000] GC(1285)   Merge Heap Roots: 0.1ms
[2025-08-01T01:08:41.686+0000] GC(1285)   Evacuate Collection Set: 1.8ms
[2025-08-01T01:08:41.686+0000] GC(1285)   Post Evacuate Collection Set: 0.6ms
[2025-08-01T01:08:41.686+0000] GC(1285)   Other: 0.1ms
[2025-08-01T01:08:41.686+0000] GC(1285) Eden regions: 1->0(95)
[2025-08-01T01:08:41.686+0000] GC(1285) Survivor regions: 5->7(8)
[2025-08-01T01:08:41.686+0000] GC(1285) Old regions: 2032->2032
[2025-08-01T01:08:41.686+0000] GC(1285) Archive regions: 2->2
[2025-08-01T01:08:41.686+0000] GC(1285) Humongous regions: 0->0
[2025-08-01T01:08:41.686+0000] GC(1285) Metaspace: 10061K(10304K)->10061K(10304K) NonClass: 8835K(8960K)->8835K(8960K) Class: 1225K(1344K)->1225K(1344K)
[2025-08-01T01:08:41.686+0000] GC(1285) Pause Young (Normal) (G1 Preventive Collection) 4077M->4078M(4096M) 3.292ms
[2025-08-01T01:08:41.686+0000] GC(1285) User=0.01s Sys=0.00s Real=0.00s
[2025-08-01T01:08:41.687+0000] GC(1286) Pause Young (Normal) (G1 Preventive Collection)
[2025-08-01T01:08:41.687+0000] GC(1286) Using 8 workers of 8 for evacuation
[2025-08-01T01:08:41.691+0000] GC(1286) To-space exhausted
[2025-08-01T01:08:41.691+0000] GC(1286)   Pre Evacuate Collection Set: 0.4ms
[2025-08-01T01:08:41.691+0000] GC(1286)   Merge Heap Roots: 0.2ms
[2025-08-01T01:08:41.691+0000] GC(1286)   Evacuate Collection Set: 2.4ms
[2025-08-01T01:08:41.691+0000] GC(1286)   Post Evacuate Collection Set: 0.9ms
[2025-08-01T01:08:41.691+0000] GC(1286)   Other: 0.2ms
[2025-08-01T01:08:41.691+0000] GC(1286) Eden regions: 1->0(96)
[2025-08-01T01:08:41.691+0000] GC(1286) Survivor regions: 7->6(6)
[2025-08-01T01:08:41.691+0000] GC(1286) Old regions: 2032->2036
[2025-08-01T01:08:41.691+0000] GC(1286) Archive regions: 2->2
[2025-08-01T01:08:41.691+0000] GC(1286) Humongous regions: 0->0
[2025-08-01T01:08:41.691+0000] GC(1286) Metaspace: 10061K(10304K)->10061K(10304K) NonClass: 8835K(8960K)->8835K(8960K) Class: 1225K(1344K)->1225K(1344K)
[2025-08-01T01:08:41.691+0000] GC(1286) Pause Young (Normal) (G1 Preventive Collection) 4080M->4084M(4096M) 4.221ms
[2025-08-01T01:08:41.691+0000] GC(1286) User=0.01s Sys=0.01s Real=0.00s
[2025-08-01T01:08:41.692+0000] GC(1287) Pause Young (Normal) (G1 Preventive Collection)
[2025-08-01T01:08:41.692+0000] GC(1287) Using 8 workers of 8 for evacuation
[2025-08-01T01:08:41.696+0000] GC(1287) To-space exhausted
[2025-08-01T01:08:41.696+0000] GC(1287)   Pre Evacuate Collection Set: 0.8ms
[2025-08-01T01:08:41.696+0000] GC(1287)   Merge Heap Roots: 0.1ms
[2025-08-01T01:08:41.696+0000] GC(1287)   Evacuate Collection Set: 2.0ms
[2025-08-01T01:08:41.696+0000] GC(1287)   Post Evacuate Collection Set: 1.2ms
[2025-08-01T01:08:41.696+0000] GC(1287)   Other: 0.2ms
[2025-08-01T01:08:41.696+0000] GC(1287) Eden regions: 1->0(99)
[2025-08-01T01:08:41.696+0000] GC(1287) Survivor regions: 6->3(3)
[2025-08-01T01:08:41.696+0000] GC(1287) Old regions: 2036->2043
[2025-08-01T01:08:41.696+0000] GC(1287) Archive regions: 2->2
[2025-08-01T01:08:41.696+0000] GC(1287) Humongous regions: 0->0
[2025-08-01T01:08:41.696+0000] GC(1287) Metaspace: 10061K(10304K)->10061K(10304K) NonClass: 8835K(8960K)->8835K(8960K) Class: 1225K(1344K)->1225K(1344K)
[2025-08-01T01:08:41.696+0000] GC(1287) Pause Young (Normal) (G1 Preventive Collection) 4086M->4092M(4096M) 4.363ms
[2025-08-01T01:08:41.696+0000] GC(1287) User=0.02s Sys=0.00s Real=0.01s
[2025-08-01T01:08:41.696+0000] Attempting full compaction
[2025-08-01T01:08:41.696+0000] GC(1288) Pause Full (G1 Compaction Pause)
[2025-08-01T01:08:41.696+0000] GC(1288) Using 8 workers of 8 for full compaction
[2025-08-01T01:08:41.704+0000] GC(1288) Phase 1: Mark live objects
[2025-08-01T01:08:41.739+0000] GC(1288) Phase 1: Mark live objects 35.790ms
[2025-08-01T01:08:41.739+0000] GC(1288) Phase 2: Prepare for compaction
[2025-08-01T01:08:41.753+0000] GC(1288) Phase 2: Prepare for compaction 13.140ms
[2025-08-01T01:08:41.753+0000] GC(1288) Phase 3: Adjust pointers
[2025-08-01T01:08:41.779+0000] GC(1288) Phase 3: Adjust pointers 26.122ms
[2025-08-01T01:08:41.779+0000] GC(1288) Phase 4: Compact heap
[2025-08-01T01:08:41.813+0000] GC(1288) Phase 4: Compact heap 33.468ms
[2025-08-01T01:08:41.819+0000] GC(1288) Eden regions: 0->0(502)
[2025-08-01T01:08:41.819+0000] GC(1288) Survivor regions: 3->0(3)
[2025-08-01T01:08:41.819+0000] GC(1288) Old regions: 2043->323
[2025-08-01T01:08:41.819+0000] GC(1288) Archive regions: 2->2
[2025-08-01T01:08:41.819+0000] GC(1288) Humongous regions: 0->0
[2025-08-01T01:08:41.819+0000] GC(1288) Metaspace: 10061K(10304K)->10061K(10304K) NonClass: 8835K(8960K)->8835K(8960K) Class: 1225K(1344K)->1225K(1344K)
[2025-08-01T01:08:41.819+0000] GC(1288) Pause Full (G1 Compaction Pause) 4092M->640M(4096M) 123.018ms
[2025-08-01T01:08:41.819+0000] GC(1288) User=0.90s Sys=0.00s Real=0.12s
[2025-08-01T01:08:41.820+0000] GC(1277) Concurrent Mark From Roots 188.815ms
[2025-08-01T01:08:41.820+0000] GC(1277) Concurrent Mark Abort
[2025-08-01T01:08:41.820+0000] GC(1277) Concurrent Mark Cycle 198.209ms
[2025-08-01T01:08:42.009+0000] GC(1289) Pause Young (Normal) (G1 Evacuation Pause)
[2025-08-01T01:08:42.009+0000] GC(1289) Using 8 workers of 8 for evacuation
[2025-08-01T01:08:42.615+0000] GC(1289) MMU target violated: 201.0ms (200.0ms/201.0ms)
[2025-08-01T01:08:42.615+0000] GC(1289)   Pre Evacuate Collection Set: 1.2ms
[2025-08-01T01:08:42.615+0000] GC(1289)   Merge Heap Roots: 0.3ms
[2025-08-01T01:08:42.615+0000] GC(1289)   Evacuate Collection Set: 603.3ms
[2025-08-01T01:08:42.615+0000] GC(1289)   Post Evacuate Collection Set: 1.0ms
[2025-08-01T01:08:42.616+0000] GC(1289)   Other: 0.3ms
[2025-08-01T01:08:42.616+0000] GC(1289) Eden regions: 502->0(213)
[2025-08-01T01:08:42.616+0000] GC(1289) Survivor regions: 0->63(63)
[2025-08-01T01:08:42.616+0000] GC(1289) Old regions: 323->639
[2025-08-01T01:08:42.616+0000] GC(1289) Archive regions: 2->2
[2025-08-01T01:08:42.616+0000] GC(1289) Humongous regions: 0->0
[2025-08-01T01:08:42.616+0000] GC(1289) Metaspace: 10061K(10304K)->10061K(10304K) NonClass: 8835K(8960K)->8835K(8960K) Class: 1225K(1344K)->1225K(1344K)
[2025-08-01T01:08:42.616+0000] GC(1289) Pause Young (Normal) (G1 Evacuation Pause) 1644M->1398M(4096M) 606.206ms
[2025-08-01T01:08:42.616+0000] GC(1289) User=2.41s Sys=0.94s Real=0.61s
[2025-08-01T01:08:42.699+0000] GC(1290) Pause Young (Concurrent Start) (G1 Evacuation Pause)
[2025-08-01T01:08:42.699+0000] GC(1290) Using 8 workers of 8 for evacuation
[2025-08-01T01:08:42.761+0000] GC(1290)   Pre Evacuate Collection Set: 0.8ms
[2025-08-01T01:08:42.761+0000] GC(1290)   Merge Heap Roots: 0.8ms
[2025-08-01T01:08:42.761+0000] GC(1290)   Evacuate Collection Set: 58.0ms
[2025-08-01T01:08:42.761+0000] GC(1290)   Post Evacuate Collection Set: 2.5ms
[2025-08-01T01:08:42.761+0000] GC(1290)   Other: 0.4ms
[2025-08-01T01:08:42.761+0000] GC(1290) Eden regions: 213->0(379)
[2025-08-01T01:08:42.761+0000] GC(1290) Survivor regions: 63->35(35)
[2025-08-01T01:08:42.761+0000] GC(1290) Old regions: 639->723
[2025-08-01T01:08:42.761+0000] GC(1290) Archive regions: 2->2
[2025-08-01T01:08:42.761+0000] GC(1290) Humongous regions: 0->0
[2025-08-01T01:08:42.761+0000] GC(1290) Metaspace: 10061K(10304K)->10061K(10304K) NonClass: 8835K(8960K)->8835K(8960K) Class: 1225K(1344K)->1225K(1344K)
[2025-08-01T01:08:42.761+0000] GC(1290) Pause Young (Concurrent Start) (G1 Evacuation Pause) 1824M->1509M(4096M) 62.742ms
[2025-08-01T01:08:42.761+0000] GC(1290) User=0.42s Sys=0.02s Real=0.06s
[2025-08-01T01:08:42.762+0000] GC(1291) Concurrent Mark Cycle
[2025-08-01T01:08:42.763+0000] GC(1291) Concurrent Clear Claimed Marks
[2025-08-01T01:08:42.763+0000] GC(1291) Concurrent Clear Claimed Marks 0.084ms
[2025-08-01T01:08:42.763+0000] GC(1291) Concurrent Scan Root Regions
[2025-08-01T01:08:42.802+0000] GC(1291) Concurrent Scan Root Regions 38.970ms
[2025-08-01T01:08:42.803+0000] GC(1291) Concurrent Mark
[2025-08-01T01:08:42.803+0000] GC(1291) Concurrent Mark From Roots
[2025-08-01T01:08:42.803+0000] GC(1291) Using 2 workers of 2 for marking
[2025-08-01T01:08:42.825+0000] GC(1291) Concurrent Mark From Roots 22.899ms
[2025-08-01T01:08:42.826+0000] GC(1291) Concurrent Preclean
[2025-08-01T01:08:42.826+0000] GC(1291) Concurrent Preclean 0.463ms
[2025-08-01T01:08:42.826+0000] GC(1291) Pause Remark
[2025-08-01T01:08:42.829+0000] GC(1291) Pause Remark 1820M->635M(4096M) 3.208ms
[2025-08-01T01:08:42.829+0000] GC(1291) User=0.01s Sys=0.00s Real=0.00s
[2025-08-01T01:08:42.830+0000] GC(1291) Concurrent Mark 27.055ms
[2025-08-01T01:08:42.830+0000] GC(1291) Concurrent Rebuild Remembered Sets
[2025-08-01T01:08:42.859+0000] GC(1291) Concurrent Rebuild Remembered Sets 29.715ms
[2025-08-01T01:08:42.861+0000] GC(1291) Pause Cleanup
[2025-08-01T01:08:42.862+0000] GC(1291) Pause Cleanup 734M->734M(4096M) 0.670ms
[2025-08-01T01:08:42.862+0000] GC(1291) User=0.00s Sys=0.00s Real=0.00s
[2025-08-01T01:08:42.862+0000] GC(1291) Concurrent Cleanup for Next Mark
[2025-08-01T01:08:42.876+0000] GC(1291) Concurrent Cleanup for Next Mark 14.380ms
[2025-08-01T01:08:42.876+0000] GC(1291) Concurrent Mark Cycle 114.424ms
[2025-08-01T01:08:42.924+0000] GC(1292) Pause Young (Prepare Mixed) (G1 Evacuation Pause)
[2025-08-01T01:08:42.924+0000] GC(1292) Using 8 workers of 8 for evacuation
[2025-08-01T01:08:43.066+0000] GC(1292)   Pre Evacuate Collection Set: 0.6ms
[2025-08-01T01:08:43.066+0000] GC(1292)   Merge Heap Roots: 0.3ms
[2025-08-01T01:08:43.066+0000] GC(1292)   Evacuate Collection Set: 139.8ms
[2025-08-01T01:08:43.066+0000] GC(1292)   Post Evacuate Collection Set: 1.1ms
[2025-08-01T01:08:43.066+0000] GC(1292)   Other: 0.2ms
[2025-08-01T01:08:43.066+0000] GC(1292) Eden regions: 379->0(50)
[2025-08-01T01:08:43.066+0000] GC(1292) Survivor regions: 35->52(52)
[2025-08-01T01:08:43.066+0000] GC(1292) Old regions: 127->490
[2025-08-01T01:08:43.066+0000] GC(1292) Archive regions: 2->2
[2025-08-01T01:08:43.066+0000] GC(1292) Humongous regions: 0->0
[2025-08-01T01:08:43.066+0000] GC(1292) Metaspace: 10061K(10304K)->10061K(10304K) NonClass: 8835K(8960K)->8835K(8960K) Class: 1225K(1344K)->1225K(1344K)
[2025-08-01T01:08:43.066+0000] GC(1292) Pause Young (Prepare Mixed) (G1 Evacuation Pause) 1082M->1084M(4096M) 142.274ms
[2025-08-01T01:08:43.066+0000] GC(1292) User=1.06s Sys=0.04s Real=0.14s
[2025-08-01T01:08:43.075+0000] GC(1293) Pause Young (Mixed) (G1 Evacuation Pause)
[2025-08-01T01:08:43.075+0000] GC(1293) Using 8 workers of 8 for evacuation
[2025-08-01T01:08:43.110+0000] GC(1293)   Pre Evacuate Collection Set: 0.5ms
[2025-08-01T01:08:43.110+0000] GC(1293)   Merge Heap Roots: 0.1ms
[2025-08-01T01:08:43.110+0000] GC(1293)   Evacuate Collection Set: 33.1ms
[2025-08-01T01:08:43.110+0000] GC(1293)   Post Evacuate Collection Set: 0.8ms
[2025-08-01T01:08:43.110+0000] GC(1293)   Other: 0.2ms
[2025-08-01T01:08:43.110+0000] GC(1293) Eden regions: 50->0(308)
[2025-08-01T01:08:43.110+0000] GC(1293) Survivor regions: 52->13(13)
[2025-08-01T01:08:43.110+0000] GC(1293) Old regions: 490->578
[2025-08-01T01:08:43.110+0000] GC(1293) Archive regions: 2->2
[2025-08-01T01:08:43.110+0000] GC(1293) Humongous regions: 0->0
[2025-08-01T01:08:43.110+0000] GC(1293) Metaspace: 10061K(10304K)->10061K(10304K) NonClass: 8835K(8960K)->8835K(8960K) Class: 1225K(1344K)->1225K(1344K)
[2025-08-01T01:08:43.110+0000] GC(1293) Pause Young (Mixed) (G1 Evacuation Pause) 1184M->1182M(4096M) 34.911ms
[2025-08-01T01:08:43.110+0000] GC(1293) User=0.24s Sys=0.01s Real=0.03s
[2025-08-01T01:08:43.214+0000] GC(1294) Pause Young (Concurrent Start) (G1 Evacuation Pause)
[2025-08-01T01:08:43.214+0000] GC(1294) Using 8 workers of 8 for evacuation
[2025-08-01T01:08:43.282+0000] GC(1294)   Pre Evacuate Collection Set: 0.5ms
[2025-08-01T01:08:43.283+0000] GC(1294)   Merge Heap Roots: 0.3ms
[2025-08-01T01:08:43.283+0000] GC(1294)   Evacuate Collection Set: 66.0ms
[2025-08-01T01:08:43.283+0000] GC(1294)   Post Evacuate Collection Set: 1.0ms
[2025-08-01T01:08:43.283+0000] GC(1294)   Other: 0.3ms
[2025-08-01T01:08:43.283+0000] GC(1294) Eden regions: 308->0(364)
[2025-08-01T01:08:43.283+0000] GC(1294) Survivor regions: 13->41(41)
[2025-08-01T01:08:43.283+0000] GC(1294) Old regions: 578->728
[2025-08-01T01:08:43.283+0000] GC(1294) Archive regions: 2->2
[2025-08-01T01:08:43.283+0000] GC(1294) Humongous regions: 0->0
[2025-08-01T01:08:43.283+0000] GC(1294) Metaspace: 10061K(10304K)->10061K(10304K) NonClass: 8835K(8960K)->8835K(8960K) Class: 1225K(1344K)->1225K(1344K)
[2025-08-01T01:08:43.283+0000] GC(1294) Pause Young (Concurrent Start) (G1 Evacuation Pause) 1798M->1539M(4096M) 68.250ms
[2025-08-01T01:08:43.283+0000] GC(1294) User=0.51s Sys=0.02s Real=0.06s
[2025-08-01T01:08:43.283+0000] GC(1295) Concurrent Mark Cycle
[2025-08-01T01:08:43.283+0000] GC(1295) Concurrent Clear Claimed Marks
[2025-08-01T01:08:43.283+0000] GC(1295) Concurrent Clear Claimed Marks 0.026ms
[2025-08-01T01:08:43.283+0000] GC(1295) Concurrent Scan Root Regions
[2025-08-01T01:08:43.323+0000] GC(1295) Concurrent Scan Root Regions 40.570ms
[2025-08-01T01:08:43.324+0000] GC(1295) Concurrent Mark
[2025-08-01T01:08:43.324+0000] GC(1295) Concurrent Mark From Roots
[2025-08-01T01:08:43.324+0000] GC(1295) Using 2 workers of 2 for marking
[2025-08-01T01:08:43.408+0000] GC(1295) Concurrent Mark From Roots 84.359ms
[2025-08-01T01:08:43.408+0000] GC(1295) Concurrent Preclean
[2025-08-01T01:08:43.408+0000] GC(1295) Concurrent Preclean 0.315ms
[2025-08-01T01:08:43.409+0000] GC(1295) Pause Remark
[2025-08-01T01:08:43.412+0000] GC(1295) Pause Remark 2193M->1721M(4096M) 3.122ms
[2025-08-01T01:08:43.412+0000] GC(1295) User=0.01s Sys=0.00s Real=0.00s
[2025-08-01T01:08:43.412+0000] GC(1295) Concurrent Mark 88.423ms
[2025-08-01T01:08:43.412+0000] GC(1295) Concurrent Rebuild Remembered Sets
[2025-08-01T01:08:43.428+0000] GC(1296) Pause Young (Normal) (G1 Evacuation Pause)
[2025-08-01T01:08:43.428+0000] GC(1296) Using 8 workers of 8 for evacuation
[2025-08-01T01:08:43.522+0000] GC(1296)   Pre Evacuate Collection Set: 0.4ms
[2025-08-01T01:08:43.522+0000] GC(1296)   Merge Heap Roots: 0.3ms
[2025-08-01T01:08:43.522+0000] GC(1296)   Evacuate Collection Set: 91.9ms
[2025-08-01T01:08:43.522+0000] GC(1296)   Post Evacuate Collection Set: 1.3ms
[2025-08-01T01:08:43.522+0000] GC(1296)   Other: 0.3ms
[2025-08-01T01:08:43.522+0000] GC(1296) Eden regions: 364->0(358)
[2025-08-01T01:08:43.522+0000] GC(1296) Survivor regions: 41->51(51)
[2025-08-01T01:08:43.522+0000] GC(1296) Old regions: 492->734
[2025-08-01T01:08:43.522+0000] GC(1296) Archive regions: 2->2
[2025-08-01T01:08:43.522+0000] GC(1296) Humongous regions: 0->0
[2025-08-01T01:08:43.522+0000] GC(1296) Metaspace: 10061K(10304K)->10061K(10304K) NonClass: 8835K(8960K)->8835K(8960K) Class: 1225K(1344K)->1225K(1344K)
[2025-08-01T01:08:43.522+0000] GC(1296) Pause Young (Normal) (G1 Evacuation Pause) 1795M->1570M(4096M) 94.357ms
[2025-08-01T01:08:43.522+0000] GC(1296) User=0.72s Sys=0.02s Real=0.09s
[2025-08-01T01:08:43.607+0000] GC(1295) Concurrent Rebuild Remembered Sets 194.864ms
[2025-08-01T01:08:43.608+0000] GC(1295) Pause Cleanup
[2025-08-01T01:08:43.608+0000] GC(1295) Pause Cleanup 2008M->2008M(4096M) 0.711ms
[2025-08-01T01:08:43.608+0000] GC(1295) User=0.00s Sys=0.00s Real=0.00s
[2025-08-01T01:08:43.608+0000] GC(1295) Concurrent Cleanup for Next Mark
[2025-08-01T01:08:43.621+0000] GC(1295) Concurrent Cleanup for Next Mark 12.934ms
[2025-08-01T01:08:43.621+0000] GC(1295) Concurrent Mark Cycle 338.556ms
[2025-08-01T01:08:43.658+0000] GC(1297) Pause Young (Prepare Mixed) (G1 Evacuation Pause)
[2025-08-01T01:08:43.658+0000] GC(1297) Using 8 workers of 8 for evacuation
[2025-08-01T01:08:43.804+0000] GC(1297)   Pre Evacuate Collection Set: 0.4ms
[2025-08-01T01:08:43.804+0000] GC(1297)   Merge Heap Roots: 0.2ms
[2025-08-01T01:08:43.804+0000] GC(1297)   Evacuate Collection Set: 144.2ms
[2025-08-01T01:08:43.804+0000] GC(1297)   Post Evacuate Collection Set: 0.9ms
[2025-08-01T01:08:43.804+0000] GC(1297)   Other: 0.4ms
[2025-08-01T01:08:43.804+0000] GC(1297) Eden regions: 358->0(50)
[2025-08-01T01:08:43.804+0000] GC(1297) Survivor regions: 51->52(52)
[2025-08-01T01:08:43.804+0000] GC(1297) Old regions: 734->1092
[2025-08-01T01:08:43.804+0000] GC(1297) Archive regions: 2->2
[2025-08-01T01:08:43.804+0000] GC(1297) Humongous regions: 0->0
[2025-08-01T01:08:43.804+0000] GC(1297) Metaspace: 10061K(10304K)->10061K(10304K) NonClass: 8835K(8960K)->8835K(8960K) Class: 1225K(1344K)->1225K(1344K)
[2025-08-01T01:08:43.804+0000] GC(1297) Pause Young (Prepare Mixed) (G1 Evacuation Pause) 2286M->2288M(4096M) 146.304ms
[2025-08-01T01:08:43.804+0000] GC(1297) User=1.09s Sys=0.04s Real=0.15s
[2025-08-01T01:08:43.815+0000] GC(1298) Pause Young (Mixed) (G1 Evacuation Pause)
[2025-08-01T01:08:43.815+0000] GC(1298) Using 8 workers of 8 for evacuation
[2025-08-01T01:08:43.844+0000] GC(1298)   Pre Evacuate Collection Set: 0.4ms
[2025-08-01T01:08:43.844+0000] GC(1298)   Merge Heap Roots: 0.2ms
[2025-08-01T01:08:43.844+0000] GC(1298)   Evacuate Collection Set: 27.7ms
[2025-08-01T01:08:43.844+0000] GC(1298)   Post Evacuate Collection Set: 0.8ms
[2025-08-01T01:08:43.844+0000] GC(1298)   Other: 0.2ms
[2025-08-01T01:08:43.844+0000] GC(1298) Eden regions: 50->0(219)
[2025-08-01T01:08:43.844+0000] GC(1298) Survivor regions: 52->13(13)
[2025-08-01T01:08:43.844+0000] GC(1298) Old regions: 1092->1134
[2025-08-01T01:08:43.844+0000] GC(1298) Archive regions: 2->2
[2025-08-01T01:08:43.844+0000] GC(1298) Humongous regions: 0->0
[2025-08-01T01:08:43.844+0000] GC(1298) Metaspace: 10061K(10304K)->10061K(10304K) NonClass: 8835K(8960K)->8835K(8960K) Class: 1225K(1344K)->1225K(1344K)
[2025-08-01T01:08:43.844+0000] GC(1298) Pause Young (Mixed) (G1 Evacuation Pause) 2388M->2294M(4096M) 29.443ms
[2025-08-01T01:08:43.845+0000] GC(1298) User=0.20s Sys=0.02s Real=0.03s
[2025-08-01T01:08:43.926+0000] GC(1299) Pause Young (Concurrent Start) (G1 Evacuation Pause)
[2025-08-01T01:08:43.926+0000] GC(1299) Using 8 workers of 8 for evacuation
[2025-08-01T01:08:44.021+0000] GC(1299)   Pre Evacuate Collection Set: 1.3ms
[2025-08-01T01:08:44.021+0000] GC(1299)   Merge Heap Roots: 0.3ms
[2025-08-01T01:08:44.021+0000] GC(1299)   Evacuate Collection Set: 91.9ms
[2025-08-01T01:08:44.021+0000] GC(1299)   Post Evacuate Collection Set: 1.0ms
[2025-08-01T01:08:44.021+0000] GC(1299)   Other: 0.4ms
[2025-08-01T01:08:44.021+0000] GC(1299) Eden regions: 219->0(159)
[2025-08-01T01:08:44.021+0000] GC(1299) Survivor regions: 13->29(29)
[2025-08-01T01:08:44.021+0000] GC(1299) Old regions: 1134->1306
[2025-08-01T01:08:44.021+0000] GC(1299) Archive regions: 2->2
[2025-08-01T01:08:44.021+0000] GC(1299) Humongous regions: 0->0
[2025-08-01T01:08:44.021+0000] GC(1299) Metaspace: 10061K(10304K)->10061K(10304K) NonClass: 8835K(8960K)->8835K(8960K) Class: 1225K(1344K)->1225K(1344K)
[2025-08-01T01:08:44.021+0000] GC(1299) Pause Young (Concurrent Start) (G1 Evacuation Pause) 2732M->2671M(4096M) 95.114ms
[2025-08-01T01:08:44.021+0000] GC(1299) User=0.61s Sys=0.03s Real=0.09s
[2025-08-01T01:08:44.021+0000] GC(1300) Concurrent Mark Cycle
[2025-08-01T01:08:44.021+0000] GC(1300) Concurrent Clear Claimed Marks
[2025-08-01T01:08:44.021+0000] GC(1300) Concurrent Clear Claimed Marks 0.026ms
[2025-08-01T01:08:44.021+0000] GC(1300) Concurrent Scan Root Regions
[2025-08-01T01:08:44.065+0000] GC(1300) Concurrent Scan Root Regions 43.729ms
[2025-08-01T01:08:44.065+0000] GC(1300) Concurrent Mark
[2025-08-01T01:08:44.065+0000] GC(1300) Concurrent Mark From Roots
[2025-08-01T01:08:44.065+0000] GC(1300) Using 2 workers of 2 for marking
[2025-08-01T01:08:44.101+0000] GC(1301) Pause Young (Normal) (G1 Evacuation Pause)
[2025-08-01T01:08:44.101+0000] GC(1301) Using 8 workers of 8 for evacuation
[2025-08-01T01:08:44.146+0000] GC(1301)   Pre Evacuate Collection Set: 0.4ms
[2025-08-01T01:08:44.146+0000] GC(1301)   Merge Heap Roots: 0.4ms
[2025-08-01T01:08:44.146+0000] GC(1301)   Evacuate Collection Set: 42.5ms
[2025-08-01T01:08:44.146+0000] GC(1301)   Post Evacuate Collection Set: 1.3ms
[2025-08-01T01:08:44.146+0000] GC(1301)   Other: 0.2ms
[2025-08-01T01:08:44.146+0000] GC(1301) Eden regions: 159->0(123)
[2025-08-01T01:08:44.146+0000] GC(1301) Survivor regions: 29->24(24)
[2025-08-01T01:08:44.146+0000] GC(1301) Old regions: 1306->1425
[2025-08-01T01:08:44.146+0000] GC(1301) Archive regions: 2->2
[2025-08-01T01:08:44.146+0000] GC(1301) Humongous regions: 0->0
[2025-08-01T01:08:44.146+0000] GC(1301) Metaspace: 10061K(10304K)->10061K(10304K) NonClass: 8835K(8960K)->8835K(8960K) Class: 1225K(1344K)->1225K(1344K)
[2025-08-01T01:08:44.146+0000] GC(1301) Pause Young (Normal) (G1 Evacuation Pause) 2989M->2899M(4096M) 44.980ms
[2025-08-01T01:08:44.146+0000] GC(1301) User=0.34s Sys=0.01s Real=0.05s
[2025-08-01T01:08:44.173+0000] GC(1302) Pause Young (Normal) (G1 Evacuation Pause)
[2025-08-01T01:08:44.173+0000] GC(1302) Using 8 workers of 8 for evacuation
[2025-08-01T01:08:44.216+0000] GC(1302)   Pre Evacuate Collection Set: 0.4ms
[2025-08-01T01:08:44.216+0000] GC(1302)   Merge Heap Roots: 0.2ms
[2025-08-01T01:08:44.216+0000] GC(1302)   Evacuate Collection Set: 41.5ms
[2025-08-01T01:08:44.216+0000] GC(1302)   Post Evacuate Collection Set: 1.5ms
[2025-08-01T01:08:44.216+0000] GC(1302)   Other: 0.2ms
[2025-08-01T01:08:44.216+0000] GC(1302) Eden regions: 123->0(83)
[2025-08-01T01:08:44.216+0000] GC(1302) Survivor regions: 24->19(19)
[2025-08-01T01:08:44.216+0000] GC(1302) Old regions: 1425->1554
[2025-08-01T01:08:44.216+0000] GC(1302) Archive regions: 2->2
[2025-08-01T01:08:44.216+0000] GC(1302) Humongous regions: 0->0
[2025-08-01T01:08:44.216+0000] GC(1302) Metaspace: 10061K(10304K)->10061K(10304K) NonClass: 8835K(8960K)->8835K(8960K) Class: 1225K(1344K)->1225K(1344K)
[2025-08-01T01:08:44.217+0000] GC(1302) Pause Young (Normal) (G1 Evacuation Pause) 3145M->3147M(4096M) 43.939ms
[2025-08-01T01:08:44.217+0000] GC(1302) User=0.31s Sys=0.01s Real=0.05s
[2025-08-01T01:08:44.234+0000] GC(1303) Pause Young (Normal) (G1 Evacuation Pause)
[2025-08-01T01:08:44.234+0000] GC(1303) Using 8 workers of 8 for evacuation
[2025-08-01T01:08:44.265+0000] GC(1303)   Pre Evacuate Collection Set: 0.2ms
[2025-08-01T01:08:44.265+0000] GC(1303)   Merge Heap Roots: 0.3ms
[2025-08-01T01:08:44.265+0000] GC(1303)   Evacuate Collection Set: 29.0ms
[2025-08-01T01:08:44.265+0000] GC(1303)   Post Evacuate Collection Set: 0.8ms
[2025-08-01T01:08:44.265+0000] GC(1303)   Other: 0.2ms
[2025-08-01T01:08:44.265+0000] GC(1303) Eden regions: 83->0(89)
[2025-08-01T01:08:44.265+0000] GC(1303) Survivor regions: 19->13(13)
[2025-08-01T01:08:44.265+0000] GC(1303) Old regions: 1554->1645
[2025-08-01T01:08:44.265+0000] GC(1303) Archive regions: 2->2
[2025-08-01T01:08:44.265+0000] GC(1303) Humongous regions: 0->0
[2025-08-01T01:08:44.265+0000] GC(1303) Metaspace: 10061K(10304K)->10061K(10304K) NonClass: 8835K(8960K)->8835K(8960K) Class: 1225K(1344K)->1225K(1344K)
[2025-08-01T01:08:44.265+0000] GC(1303) Pause Young (Normal) (G1 Evacuation Pause) 3313M->3316M(4096M) 30.683ms
[2025-08-01T01:08:44.265+0000] GC(1303) User=0.22s Sys=0.00s Real=0.03s
[2025-08-01T01:08:44.285+0000] GC(1304) Pause Young (Normal) (G1 Evacuation Pause)
[2025-08-01T01:08:44.285+0000] GC(1304) Using 8 workers of 8 for evacuation
[2025-08-01T01:08:44.313+0000] GC(1304)   Pre Evacuate Collection Set: 0.3ms
[2025-08-01T01:08:44.313+0000] GC(1304)   Merge Heap Roots: 0.1ms
[2025-08-01T01:08:44.313+0000] GC(1304)   Evacuate Collection Set: 26.6ms
[2025-08-01T01:08:44.313+0000] GC(1304)   Post Evacuate Collection Set: 0.8ms
[2025-08-01T01:08:44.313+0000] GC(1304)   Other: 0.2ms
[2025-08-01T01:08:44.313+0000] GC(1304) Eden regions: 89->0(89)
[2025-08-01T01:08:44.313+0000] GC(1304) Survivor regions: 13->13(13)
[2025-08-01T01:08:44.313+0000] GC(1304) Old regions: 1645->1736
[2025-08-01T01:08:44.313+0000] GC(1304) Archive regions: 2->2
[2025-08-01T01:08:44.313+0000] GC(1304) Humongous regions: 0->0
[2025-08-01T01:08:44.313+0000] GC(1304) Metaspace: 10061K(10304K)->10061K(10304K) NonClass: 8835K(8960K)->8835K(8960K) Class: 1225K(1344K)->1225K(1344K)
[2025-08-01T01:08:44.313+0000] GC(1304) Pause Young (Normal) (G1 Evacuation Pause) 3494M->3498M(4096M) 28.224ms
[2025-08-01T01:08:44.313+0000] GC(1304) User=0.21s Sys=0.00s Real=0.03s
[2025-08-01T01:08:44.332+0000] GC(1300) Concurrent Mark From Roots 266.917ms
[2025-08-01T01:08:44.332+0000] GC(1300) Concurrent Preclean
[2025-08-01T01:08:44.332+0000] GC(1300) Concurrent Preclean 0.335ms
[2025-08-01T01:08:44.333+0000] GC(1300) Pause Remark
[2025-08-01T01:08:44.336+0000] GC(1300) Pause Remark 3578M->2216M(4096M) 3.343ms
[2025-08-01T01:08:44.336+0000] GC(1300) User=0.01s Sys=0.00s Real=0.01s
[2025-08-01T01:08:44.336+0000] GC(1300) Concurrent Mark 271.246ms
[2025-08-01T01:08:44.336+0000] GC(1300) Concurrent Rebuild Remembered Sets
[2025-08-01T01:08:44.346+0000] GC(1305) Pause Young (Normal) (G1 Evacuation Pause)
[2025-08-01T01:08:44.346+0000] GC(1305) Using 8 workers of 8 for evacuation
[2025-08-01T01:08:44.380+0000] GC(1305)   Pre Evacuate Collection Set: 0.8ms
[2025-08-01T01:08:44.380+0000] GC(1305)   Merge Heap Roots: 0.2ms
[2025-08-01T01:08:44.380+0000] GC(1305)   Evacuate Collection Set: 31.6ms
[2025-08-01T01:08:44.380+0000] GC(1305)   Post Evacuate Collection Set: 0.9ms
[2025-08-01T01:08:44.380+0000] GC(1305)   Other: 0.2ms
[2025-08-01T01:08:44.380+0000] GC(1305) Eden regions: 89->0(219)
[2025-08-01T01:08:44.380+0000] GC(1305) Survivor regions: 13->13(13)
[2025-08-01T01:08:44.380+0000] GC(1305) Old regions: 1055->1145
[2025-08-01T01:08:44.380+0000] GC(1305) Archive regions: 2->2
[2025-08-01T01:08:44.380+0000] GC(1305) Humongous regions: 0->0
[2025-08-01T01:08:44.380+0000] GC(1305) Metaspace: 10061K(10304K)->10061K(10304K) NonClass: 8835K(8960K)->8835K(8960K) Class: 1225K(1344K)->1225K(1344K)
[2025-08-01T01:08:44.380+0000] GC(1305) Pause Young (Normal) (G1 Evacuation Pause) 2314M->2317M(4096M) 33.874ms
[2025-08-01T01:08:44.380+0000] GC(1305) User=0.25s Sys=0.01s Real=0.03s
[2025-08-01T01:08:44.470+0000] GC(1306) Pause Young (Normal) (G1 Evacuation Pause)
[2025-08-01T01:08:44.470+0000] GC(1306) Using 8 workers of 8 for evacuation
[2025-08-01T01:08:44.534+0000] GC(1306)   Pre Evacuate Collection Set: 0.5ms
[2025-08-01T01:08:44.534+0000] GC(1306)   Merge Heap Roots: 0.1ms
[2025-08-01T01:08:44.534+0000] GC(1306)   Evacuate Collection Set: 62.7ms
[2025-08-01T01:08:44.534+0000] GC(1306)   Post Evacuate Collection Set: 0.9ms
[2025-08-01T01:08:44.534+0000] GC(1306)   Other: 0.3ms
[2025-08-01T01:08:44.534+0000] GC(1306) Eden regions: 219->0(164)
[2025-08-01T01:08:44.534+0000] GC(1306) Survivor regions: 13->29(29)
[2025-08-01T01:08:44.534+0000] GC(1306) Old regions: 1145->1303
[2025-08-01T01:08:44.534+0000] GC(1306) Archive regions: 2->2
[2025-08-01T01:08:44.534+0000] GC(1306) Humongous regions: 0->0
[2025-08-01T01:08:44.534+0000] GC(1306) Metaspace: 10061K(10304K)->10061K(10304K) NonClass: 8835K(8960K)->8835K(8960K) Class: 1225K(1344K)->1225K(1344K)
[2025-08-01T01:08:44.534+0000] GC(1306) Pause Young (Normal) (G1 Evacuation Pause) 2755M->2664M(4096M) 64.722ms
[2025-08-01T01:08:44.534+0000] GC(1306) User=0.48s Sys=0.01s Real=0.07s
[2025-08-01T01:08:44.610+0000] GC(1307) Pause Young (Normal) (G1 Evacuation Pause)
[2025-08-01T01:08:44.610+0000] GC(1307) Using 8 workers of 8 for evacuation
[2025-08-01T01:08:44.668+0000] GC(1307)   Pre Evacuate Collection Set: 0.6ms
[2025-08-01T01:08:44.668+0000] GC(1307)   Merge Heap Roots: 0.2ms
[2025-08-01T01:08:44.668+0000] GC(1307)   Evacuate Collection Set: 55.3ms
[2025-08-01T01:08:44.668+0000] GC(1307)   Post Evacuate Collection Set: 1.0ms
[2025-08-01T01:08:44.668+0000] GC(1307)   Other: 0.2ms
[2025-08-01T01:08:44.668+0000] GC(1307) Eden regions: 164->0(111)
[2025-08-01T01:08:44.668+0000] GC(1307) Survivor regions: 29->25(25)
[2025-08-01T01:08:44.668+0000] GC(1307) Old regions: 1303->1456
[2025-08-01T01:08:44.668+0000] GC(1307) Archive regions: 2->2
[2025-08-01T01:08:44.668+0000] GC(1307) Humongous regions: 0->0
[2025-08-01T01:08:44.668+0000] GC(1307) Metaspace: 10061K(10304K)->10061K(10304K) NonClass: 8835K(8960K)->8835K(8960K) Class: 1225K(1344K)->1225K(1344K)
[2025-08-01T01:08:44.668+0000] GC(1307) Pause Young (Normal) (G1 Evacuation Pause) 2992M->2962M(4096M) 57.505ms
[2025-08-01T01:08:44.668+0000] GC(1307) User=0.43s Sys=0.01s Real=0.06s
[2025-08-01T01:08:44.734+0000] GC(1308) Pause Young (Normal) (G1 Evacuation Pause)
[2025-08-01T01:08:44.734+0000] GC(1308) Using 8 workers of 8 for evacuation
[2025-08-01T01:08:44.772+0000] GC(1308)   Pre Evacuate Collection Set: 0.3ms
[2025-08-01T01:08:44.772+0000] GC(1308)   Merge Heap Roots: 0.3ms
[2025-08-01T01:08:44.772+0000] GC(1308)   Evacuate Collection Set: 36.1ms
[2025-08-01T01:08:44.772+0000] GC(1308)   Post Evacuate Collection Set: 1.0ms
[2025-08-01T01:08:44.772+0000] GC(1308)   Other: 0.2ms
[2025-08-01T01:08:44.772+0000] GC(1308) Eden regions: 111->0(88)
[2025-08-01T01:08:44.772+0000] GC(1308) Survivor regions: 25->17(17)
[2025-08-01T01:08:44.772+0000] GC(1308) Old regions: 1456->1542
[2025-08-01T01:08:44.772+0000] GC(1308) Archive regions: 2->2
[2025-08-01T01:08:44.772+0000] GC(1308) Humongous regions: 0->0
[2025-08-01T01:08:44.772+0000] GC(1308) Metaspace: 10061K(10304K)->10061K(10304K) NonClass: 8835K(8960K)->8835K(8960K) Class: 1225K(1344K)->1225K(1344K)
[2025-08-01T01:08:44.772+0000] GC(1308) Pause Young (Normal) (G1 Evacuation Pause) 3184M->3119M(4096M) 37.986ms
[2025-08-01T01:08:44.772+0000] GC(1308) User=0.27s Sys=0.01s Real=0.03s
[2025-08-01T01:08:44.778+0000] GC(1300) Concurrent Rebuild Remembered Sets 442.013ms
[2025-08-01T01:08:44.779+0000] GC(1300) Pause Cleanup
[2025-08-01T01:08:44.780+0000] GC(1300) Pause Cleanup 3193M->3193M(4096M) 0.974ms
[2025-08-01T01:08:44.780+0000] GC(1300) User=0.01s Sys=0.00s Real=0.00s
[2025-08-01T01:08:44.780+0000] GC(1300) Concurrent Cleanup for Next Mark
[2025-08-01T01:08:44.792+0000] GC(1309) Pause Young (Prepare Mixed) (G1 Evacuation Pause)
[2025-08-01T01:08:44.792+0000] GC(1309) Using 8 workers of 8 for evacuation
[2025-08-01T01:08:44.823+0000] GC(1309)   Pre Evacuate Collection Set: 0.3ms
[2025-08-01T01:08:44.823+0000] GC(1309)   Merge Heap Roots: 0.2ms
[2025-08-01T01:08:44.823+0000] GC(1309)   Evacuate Collection Set: 29.2ms
[2025-08-01T01:08:44.823+0000] GC(1309)   Post Evacuate Collection Set: 1.1ms
[2025-08-01T01:08:44.823+0000] GC(1309)   Other: 0.2ms
[2025-08-01T01:08:44.823+0000] GC(1309) Eden regions: 88->0(88)
[2025-08-01T01:08:44.823+0000] GC(1309) Survivor regions: 17->14(14)
[2025-08-01T01:08:44.823+0000] GC(1309) Old regions: 1542->1635
[2025-08-01T01:08:44.823+0000] GC(1309) Archive regions: 2->2
[2025-08-01T01:08:44.823+0000] GC(1309) Humongous regions: 0->0
[2025-08-01T01:08:44.823+0000] GC(1309) Metaspace: 10061K(10304K)->10061K(10304K) NonClass: 8835K(8960K)->8835K(8960K) Class: 1225K(1344K)->1225K(1344K)
[2025-08-01T01:08:44.823+0000] GC(1309) Pause Young (Prepare Mixed) (G1 Evacuation Pause) 3295M->3299M(4096M) 31.187ms
[2025-08-01T01:08:44.823+0000] GC(1309) User=0.23s Sys=0.01s Real=0.04s
[2025-08-01T01:08:44.824+0000] GC(1300) Concurrent Cleanup for Next Mark 44.498ms
[2025-08-01T01:08:44.824+0000] GC(1300) Concurrent Mark Cycle 803.068ms
[2025-08-01T01:08:44.846+0000] GC(1310) Pause Young (Mixed) (G1 Evacuation Pause)
[2025-08-01T01:08:44.846+0000] GC(1310) Using 8 workers of 8 for evacuation
[2025-08-01T01:08:44.878+0000] GC(1310)   Pre Evacuate Collection Set: 0.5ms
[2025-08-01T01:08:44.878+0000] GC(1310)   Merge Heap Roots: 0.3ms
[2025-08-01T01:08:44.878+0000] GC(1310)   Evacuate Collection Set: 30.3ms
[2025-08-01T01:08:44.878+0000] GC(1310)   Post Evacuate Collection Set: 1.0ms
[2025-08-01T01:08:44.878+0000] GC(1310)   Other: 0.2ms
[2025-08-01T01:08:44.878+0000] GC(1310) Eden regions: 88->0(89)
[2025-08-01T01:08:44.878+0000] GC(1310) Survivor regions: 14->13(13)
[2025-08-01T01:08:44.878+0000] GC(1310) Old regions: 1635->1656
[2025-08-01T01:08:44.878+0000] GC(1310) Archive regions: 2->2
[2025-08-01T01:08:44.878+0000] GC(1310) Humongous regions: 0->0
[2025-08-01T01:08:44.878+0000] GC(1310) Metaspace: 10061K(10304K)->10061K(10304K) NonClass: 8835K(8960K)->8835K(8960K) Class: 1225K(1344K)->1225K(1344K)
[2025-08-01T01:08:44.879+0000] GC(1310) Pause Young (Mixed) (G1 Evacuation Pause) 3475M->3338M(4096M) 32.400ms
[2025-08-01T01:08:44.879+0000] GC(1310) User=0.23s Sys=0.00s Real=0.03s
[2025-08-01T01:08:44.898+0000] GC(1311) Pause Young (Concurrent Start) (G1 Evacuation Pause)
[2025-08-01T01:08:44.898+0000] GC(1311) Using 8 workers of 8 for evacuation
[2025-08-01T01:08:44.929+0000] GC(1311)   Pre Evacuate Collection Set: 0.4ms
[2025-08-01T01:08:44.929+0000] GC(1311)   Merge Heap Roots: 0.2ms
[2025-08-01T01:08:44.929+0000] GC(1311)   Evacuate Collection Set: 28.7ms
[2025-08-01T01:08:44.929+0000] GC(1311)   Post Evacuate Collection Set: 0.8ms
[2025-08-01T01:08:44.929+0000] GC(1311)   Other: 0.3ms
[2025-08-01T01:08:44.929+0000] GC(1311) Eden regions: 89->0(89)
[2025-08-01T01:08:44.929+0000] GC(1311) Survivor regions: 13->13(13)
[2025-08-01T01:08:44.929+0000] GC(1311) Old regions: 1656->1746
[2025-08-01T01:08:44.929+0000] GC(1311) Archive regions: 2->2
[2025-08-01T01:08:44.929+0000] GC(1311) Humongous regions: 0->0
[2025-08-01T01:08:44.929+0000] GC(1311) Metaspace: 10061K(10304K)->10061K(10304K) NonClass: 8835K(8960K)->8835K(8960K) Class: 1225K(1344K)->1225K(1344K)
[2025-08-01T01:08:44.929+0000] GC(1311) Pause Young (Concurrent Start) (G1 Evacuation Pause) 3516M->3519M(4096M) 30.615ms
[2025-08-01T01:08:44.929+0000] GC(1311) User=0.23s Sys=0.00s Real=0.03s
[2025-08-01T01:08:44.929+0000] GC(1312) Concurrent Mark Cycle
[2025-08-01T01:08:44.929+0000] GC(1312) Concurrent Clear Claimed Marks
[2025-08-01T01:08:44.929+0000] GC(1312) Concurrent Clear Claimed Marks 0.021ms
[2025-08-01T01:08:44.929+0000] GC(1312) Concurrent Scan Root Regions
[2025-08-01T01:08:44.951+0000] GC(1312) Concurrent Scan Root Regions 22.098ms
[2025-08-01T01:08:44.951+0000] GC(1312) Concurrent Mark
[2025-08-01T01:08:44.951+0000] GC(1313) Pause Young (Normal) (G1 Evacuation Pause)
[2025-08-01T01:08:44.951+0000] GC(1313) Using 8 workers of 8 for evacuation
[2025-08-01T01:08:44.951+0000] GC(1312) Concurrent Mark From Roots
[2025-08-01T01:08:44.952+0000] GC(1312) Using 2 workers of 2 for marking
[2025-08-01T01:08:44.981+0000] GC(1313)   Pre Evacuate Collection Set: 1.7ms
[2025-08-01T01:08:44.981+0000] GC(1313)   Merge Heap Roots: 0.2ms
[2025-08-01T01:08:44.981+0000] GC(1313)   Evacuate Collection Set: 28.2ms
[2025-08-01T01:08:44.981+0000] GC(1313)   Post Evacuate Collection Set: 0.8ms
[2025-08-01T01:08:44.981+0000] GC(1313)   Other: 0.2ms
[2025-08-01T01:08:44.981+0000] GC(1313) Eden regions: 89->0(89)
[2025-08-01T01:08:44.981+0000] GC(1313) Survivor regions: 13->13(13)
[2025-08-01T01:08:44.981+0000] GC(1313) Old regions: 1746->1837
[2025-08-01T01:08:44.981+0000] GC(1313) Archive regions: 2->2
[2025-08-01T01:08:44.981+0000] GC(1313) Humongous regions: 0->0
[2025-08-01T01:08:44.981+0000] GC(1313) Metaspace: 10061K(10304K)->10061K(10304K) NonClass: 8835K(8960K)->8835K(8960K) Class: 1225K(1344K)->1225K(1344K)
[2025-08-01T01:08:44.981+0000] GC(1313) Pause Young (Normal) (G1 Evacuation Pause) 3697M->3700M(4096M) 29.850ms
[2025-08-01T01:08:44.981+0000] GC(1313) User=0.23s Sys=0.00s Real=0.03s
[2025-08-01T01:08:45.005+0000] GC(1314) Pause Young (Normal) (G1 Preventive Collection)
[2025-08-01T01:08:45.005+0000] GC(1314) Using 8 workers of 8 for evacuation
[2025-08-01T01:08:45.037+0000] GC(1314)   Pre Evacuate Collection Set: 0.5ms
[2025-08-01T01:08:45.038+0000] GC(1314)   Merge Heap Roots: 0.3ms
[2025-08-01T01:08:45.038+0000] GC(1314)   Evacuate Collection Set: 30.6ms
[2025-08-01T01:08:45.038+0000] GC(1314)   Post Evacuate Collection Set: 0.9ms
[2025-08-01T01:08:45.038+0000] GC(1314)   Other: 0.2ms
[2025-08-01T01:08:45.038+0000] GC(1314) Eden regions: 86->0(89)
[2025-08-01T01:08:45.038+0000] GC(1314) Survivor regions: 13->13(13)
[2025-08-01T01:08:45.038+0000] GC(1314) Old regions: 1837->1925
[2025-08-01T01:08:45.038+0000] GC(1314) Archive regions: 2->2
[2025-08-01T01:08:45.038+0000] GC(1314) Humongous regions: 0->0
[2025-08-01T01:08:45.038+0000] GC(1314) Metaspace: 10061K(10304K)->10061K(10304K) NonClass: 8835K(8960K)->8835K(8960K) Class: 1225K(1344K)->1225K(1344K)
[2025-08-01T01:08:45.038+0000] GC(1314) Pause Young (Normal) (G1 Preventive Collection) 3872M->3876M(4096M) 32.619ms
[2025-08-01T01:08:45.038+0000] GC(1314) User=0.23s Sys=0.00s Real=0.03s
[2025-08-01T01:08:45.046+0000] GC(1315) Pause Young (Normal) (G1 Preventive Collection)
[2025-08-01T01:08:45.046+0000] GC(1315) Using 8 workers of 8 for evacuation
[2025-08-01T01:08:45.068+0000] GC(1315)   Pre Evacuate Collection Set: 0.5ms
[2025-08-01T01:08:45.068+0000] GC(1315)   Merge Heap Roots: 0.2ms
[2025-08-01T01:08:45.068+0000] GC(1315)   Evacuate Collection Set: 20.8ms
[2025-08-01T01:08:45.068+0000] GC(1315)   Post Evacuate Collection Set: 0.6ms
[2025-08-01T01:08:45.068+0000] GC(1315)   Other: 0.3ms
[2025-08-01T01:08:45.068+0000] GC(1315) Eden regions: 44->0(89)
[2025-08-01T01:08:45.068+0000] GC(1315) Survivor regions: 13->13(13)
[2025-08-01T01:08:45.068+0000] GC(1315) Old regions: 1925->1971
[2025-08-01T01:08:45.068+0000] GC(1315) Archive regions: 2->2
[2025-08-01T01:08:45.068+0000] GC(1315) Humongous regions: 0->0
[2025-08-01T01:08:45.068+0000] GC(1315) Metaspace: 10061K(10304K)->10061K(10304K) NonClass: 8835K(8960K)->8835K(8960K) Class: 1225K(1344K)->1225K(1344K)
[2025-08-01T01:08:45.068+0000] GC(1315) Pause Young (Normal) (G1 Preventive Collection) 3964M->3968M(4096M) 22.548ms
[2025-08-01T01:08:45.068+0000] GC(1315) User=0.15s Sys=0.01s Real=0.02s
[2025-08-01T01:08:45.073+0000] GC(1316) Pause Young (Normal) (G1 Preventive Collection)
[2025-08-01T01:08:45.073+0000] GC(1316) Using 8 workers of 8 for evacuation
[2025-08-01T01:08:45.085+0000] GC(1316)   Pre Evacuate Collection Set: 0.5ms
[2025-08-01T01:08:45.085+0000] GC(1316)   Merge Heap Roots: 0.2ms
[2025-08-01T01:08:45.085+0000] GC(1316)   Evacuate Collection Set: 10.2ms
[2025-08-01T01:08:45.085+0000] GC(1316)   Post Evacuate Collection Set: 0.9ms
[2025-08-01T01:08:45.085+0000] GC(1316)   Other: 0.2ms
[2025-08-01T01:08:45.085+0000] GC(1316) Eden regions: 22->0(89)
[2025-08-01T01:08:45.085+0000] GC(1316) Survivor regions: 13->13(13)
[2025-08-01T01:08:45.085+0000] GC(1316) Old regions: 1971->1988
[2025-08-01T01:08:45.085+0000] GC(1316) Archive regions: 2->2
[2025-08-01T01:08:45.085+0000] GC(1316) Humongous regions: 0->0
[2025-08-01T01:08:45.085+0000] GC(1316) Metaspace: 10061K(10304K)->10061K(10304K) NonClass: 8835K(8960K)->8835K(8960K) Class: 1225K(1344K)->1225K(1344K)
[2025-08-01T01:08:45.085+0000] GC(1316) Pause Young (Normal) (G1 Preventive Collection) 4012M->4002M(4096M) 12.215ms
[2025-08-01T01:08:45.085+0000] GC(1316) User=0.07s Sys=0.00s Real=0.01s
[2025-08-01T01:08:45.089+0000] GC(1317) Pause Young (Normal) (G1 Preventive Collection)
[2025-08-01T01:08:45.089+0000] GC(1317) Using 8 workers of 8 for evacuation
[2025-08-01T01:08:45.100+0000] GC(1317)   Pre Evacuate Collection Set: 0.4ms
[2025-08-01T01:08:45.100+0000] GC(1317)   Merge Heap Roots: 0.1ms
[2025-08-01T01:08:45.100+0000] GC(1317)   Evacuate Collection Set: 9.7ms
[2025-08-01T01:08:45.100+0000] GC(1317)   Post Evacuate Collection Set: 0.5ms
[2025-08-01T01:08:45.100+0000] GC(1317)   Other: 0.2ms
[2025-08-01T01:08:45.100+0000] GC(1317) Eden regions: 14->0(89)
[2025-08-01T01:08:45.100+0000] GC(1317) Survivor regions: 13->13(13)
[2025-08-01T01:08:45.100+0000] GC(1317) Old regions: 1988->2004
[2025-08-01T01:08:45.100+0000] GC(1317) Archive regions: 2->2
[2025-08-01T01:08:45.100+0000] GC(1317) Humongous regions: 0->0
[2025-08-01T01:08:45.100+0000] GC(1317) Metaspace: 10061K(10304K)->10061K(10304K) NonClass: 8835K(8960K)->8835K(8960K) Class: 1225K(1344K)->1225K(1344K)
[2025-08-01T01:08:45.100+0000] GC(1317) Pause Young (Normal) (G1 Preventive Collection) 4030M->4035M(4096M) 11.122ms
[2025-08-01T01:08:45.100+0000] GC(1317) User=0.08s Sys=0.01s Real=0.01s
[2025-08-01T01:08:45.102+0000] GC(1318) Pause Young (Normal) (G1 Preventive Collection)
[2025-08-01T01:08:45.102+0000] GC(1318) Using 8 workers of 8 for evacuation
[2025-08-01T01:08:45.110+0000] GC(1318)   Pre Evacuate Collection Set: 0.5ms
[2025-08-01T01:08:45.110+0000] GC(1318)   Merge Heap Roots: 0.2ms
[2025-08-01T01:08:45.110+0000] GC(1318)   Evacuate Collection Set: 6.7ms
[2025-08-01T01:08:45.110+0000] GC(1318)   Post Evacuate Collection Set: 0.4ms
[2025-08-01T01:08:45.110+0000] GC(1318)   Other: 0.2ms
[2025-08-01T01:08:45.110+0000] GC(1318) Eden regions: 7->0(94)
[2025-08-01T01:08:45.110+0000] GC(1318) Survivor regions: 13->8(13)
[2025-08-01T01:08:45.110+0000] GC(1318) Old regions: 2004->2018
[2025-08-01T01:08:45.110+0000] GC(1318) Archive regions: 2->2
[2025-08-01T01:08:45.110+0000] GC(1318) Humongous regions: 0->0
[2025-08-01T01:08:45.110+0000] GC(1318) Metaspace: 10061K(10304K)->10061K(10304K) NonClass: 8835K(8960K)->8835K(8960K) Class: 1225K(1344K)->1225K(1344K)
[2025-08-01T01:08:45.110+0000] GC(1318) Pause Young (Normal) (G1 Preventive Collection) 4049M->4053M(4096M) 8.095ms
[2025-08-01T01:08:45.110+0000] GC(1318) User=0.05s Sys=0.00s Real=0.01s
[2025-08-01T01:08:45.111+0000] GC(1319) Pause Young (Normal) (G1 Preventive Collection)
[2025-08-01T01:08:45.111+0000] GC(1319) Using 8 workers of 8 for evacuation
[2025-08-01T01:08:45.117+0000] GC(1319)   Pre Evacuate Collection Set: 0.5ms
[2025-08-01T01:08:45.117+0000] GC(1319)   Merge Heap Roots: 0.2ms
[2025-08-01T01:08:45.117+0000] GC(1319)   Evacuate Collection Set: 4.2ms
[2025-08-01T01:08:45.117+0000] GC(1319)   Post Evacuate Collection Set: 0.5ms
[2025-08-01T01:08:45.117+0000] GC(1319)   Other: 0.1ms
[2025-08-01T01:08:45.117+0000] GC(1319) Eden regions: 5->0(96)
[2025-08-01T01:08:45.117+0000] GC(1319) Survivor regions: 8->6(13)
[2025-08-01T01:08:45.117+0000] GC(1319) Old regions: 2018->2026
[2025-08-01T01:08:45.117+0000] GC(1319) Archive regions: 2->2
[2025-08-01T01:08:45.117+0000] GC(1319) Humongous regions: 0->0
[2025-08-01T01:08:45.117+0000] GC(1319) Metaspace: 10061K(10304K)->10061K(10304K) NonClass: 8835K(8960K)->8835K(8960K) Class: 1225K(1344K)->1225K(1344K)
[2025-08-01T01:08:45.117+0000] GC(1319) Pause Young (Normal) (G1 Preventive Collection) 4063M->4065M(4096M) 5.819ms
[2025-08-01T01:08:45.117+0000] GC(1319) User=0.03s Sys=0.00s Real=0.01s
[2025-08-01T01:08:45.119+0000] GC(1320) Pause Young (Normal) (G1 Preventive Collection)
[2025-08-01T01:08:45.119+0000] GC(1320) Using 8 workers of 8 for evacuation
[2025-08-01T01:08:45.123+0000] GC(1320)   Pre Evacuate Collection Set: 0.3ms
[2025-08-01T01:08:45.123+0000] GC(1320)   Merge Heap Roots: 0.1ms
[2025-08-01T01:08:45.123+0000] GC(1320)   Evacuate Collection Set: 3.0ms
[2025-08-01T01:08:45.123+0000] GC(1320)   Post Evacuate Collection Set: 0.4ms
[2025-08-01T01:08:45.123+0000] GC(1320)   Other: 0.1ms
[2025-08-01T01:08:45.123+0000] GC(1320) Eden regions: 3->0(93)
[2025-08-01T01:08:45.123+0000] GC(1320) Survivor regions: 6->9(11)
[2025-08-01T01:08:45.123+0000] GC(1320) Old regions: 2026->2026
[2025-08-01T01:08:45.123+0000] GC(1320) Archive regions: 2->2
[2025-08-01T01:08:45.123+0000] GC(1320) Humongous regions: 0->0
[2025-08-01T01:08:45.123+0000] GC(1320) Metaspace: 10061K(10304K)->10061K(10304K) NonClass: 8835K(8960K)->8835K(8960K) Class: 1225K(1344K)->1225K(1344K)
[2025-08-01T01:08:45.123+0000] GC(1320) Pause Young (Normal) (G1 Preventive Collection) 4071M->4071M(4096M) 4.107ms
[2025-08-01T01:08:45.123+0000] GC(1320) User=0.02s Sys=0.00s Real=0.01s
[2025-08-01T01:08:45.124+0000] GC(1321) Pause Young (Normal) (G1 Preventive Collection)
[2025-08-01T01:08:45.124+0000] GC(1321) Using 8 workers of 8 for evacuation
[2025-08-01T01:08:45.130+0000] GC(1321) To-space exhausted
[2025-08-01T01:08:45.130+0000] GC(1321)   Pre Evacuate Collection Set: 0.4ms
[2025-08-01T01:08:45.130+0000] GC(1321)   Merge Heap Roots: 0.1ms
[2025-08-01T01:08:45.130+0000] GC(1321)   Evacuate Collection Set: 4.6ms
[2025-08-01T01:08:45.130+0000] GC(1321)   Post Evacuate Collection Set: 0.9ms
[2025-08-01T01:08:45.130+0000] GC(1321)   Other: 0.1ms
[2025-08-01T01:08:45.130+0000] GC(1321) Eden regions: 1->0(97)
[2025-08-01T01:08:45.130+0000] GC(1321) Survivor regions: 9->5(10)
[2025-08-01T01:08:45.130+0000] GC(1321) Old regions: 2026->2034
[2025-08-01T01:08:45.130+0000] GC(1321) Archive regions: 2->2
[2025-08-01T01:08:45.130+0000] GC(1321) Humongous regions: 0->0
[2025-08-01T01:08:45.130+0000] GC(1321) Metaspace: 10061K(10304K)->10061K(10304K) NonClass: 8835K(8960K)->8835K(8960K) Class: 1225K(1344K)->1225K(1344K)
[2025-08-01T01:08:45.130+0000] GC(1321) Pause Young (Normal) (G1 Preventive Collection) 4073M->4079M(4096M) 6.263ms
[2025-08-01T01:08:45.130+0000] GC(1321) User=0.03s Sys=0.01s Real=0.00s
[2025-08-01T01:08:45.130+0000] GC(1322) Pause Young (Normal) (G1 Preventive Collection)
[2025-08-01T01:08:45.130+0000] GC(1322) Using 8 workers of 8 for evacuation
[2025-08-01T01:08:45.134+0000] GC(1322)   Pre Evacuate Collection Set: 0.2ms
[2025-08-01T01:08:45.134+0000] GC(1322)   Merge Heap Roots: 0.1ms
[2025-08-01T01:08:45.134+0000] GC(1322)   Evacuate Collection Set: 2.8ms
[2025-08-01T01:08:45.134+0000] GC(1322)   Post Evacuate Collection Set: 0.5ms
[2025-08-01T01:08:45.134+0000] GC(1322)   Other: 0.1ms
[2025-08-01T01:08:45.134+0000] GC(1322) Eden regions: 1->0(96)
[2025-08-01T01:08:45.134+0000] GC(1322) Survivor regions: 5->6(6)
[2025-08-01T01:08:45.134+0000] GC(1322) Old regions: 2034->2034
[2025-08-01T01:08:45.134+0000] GC(1322) Archive regions: 2->2
[2025-08-01T01:08:45.134+0000] GC(1322) Humongous regions: 0->0
[2025-08-01T01:08:45.134+0000] GC(1322) Metaspace: 10061K(10304K)->10061K(10304K) NonClass: 8835K(8960K)->8835K(8960K) Class: 1225K(1344K)->1225K(1344K)
[2025-08-01T01:08:45.134+0000] GC(1322) Pause Young (Normal) (G1 Preventive Collection) 4081M->4080M(4096M) 3.898ms
[2025-08-01T01:08:45.134+0000] GC(1322) User=0.01s Sys=0.00s Real=0.01s
[2025-08-01T01:08:45.135+0000] GC(1323) Pause Young (Normal) (G1 Preventive Collection)
[2025-08-01T01:08:45.135+0000] GC(1323) Using 8 workers of 8 for evacuation
[2025-08-01T01:08:45.139+0000] GC(1323) To-space exhausted
[2025-08-01T01:08:45.139+0000] GC(1323)   Pre Evacuate Collection Set: 0.4ms
[2025-08-01T01:08:45.139+0000] GC(1323)   Merge Heap Roots: 0.1ms
[2025-08-01T01:08:45.139+0000] GC(1323)   Evacuate Collection Set: 2.0ms
[2025-08-01T01:08:45.139+0000] GC(1323)   Post Evacuate Collection Set: 1.0ms
[2025-08-01T01:08:45.139+0000] GC(1323)   Other: 0.2ms
[2025-08-01T01:08:45.139+0000] GC(1323) Eden regions: 1->0(97)
[2025-08-01T01:08:45.139+0000] GC(1323) Survivor regions: 6->5(5)
[2025-08-01T01:08:45.139+0000] GC(1323) Old regions: 2034->2037
[2025-08-01T01:08:45.139+0000] GC(1323) Archive regions: 2->2
[2025-08-01T01:08:45.139+0000] GC(1323) Humongous regions: 0->0
[2025-08-01T01:08:45.139+0000] GC(1323) Metaspace: 10061K(10304K)->10061K(10304K) NonClass: 8835K(8960K)->8835K(8960K) Class: 1225K(1344K)->1225K(1344K)
[2025-08-01T01:08:45.139+0000] GC(1323) Pause Young (Normal) (G1 Preventive Collection) 4082M->4085M(4096M) 3.979ms
[2025-08-01T01:08:45.139+0000] GC(1323) User=0.02s Sys=0.00s Real=0.00s
[2025-08-01T01:08:45.139+0000] GC(1324) Pause Young (Normal) (G1 Preventive Collection)
[2025-08-01T01:08:45.140+0000] GC(1324) Using 8 workers of 8 for evacuation
[2025-08-01T01:08:45.144+0000] GC(1324) To-space exhausted
[2025-08-01T01:08:45.144+0000] GC(1324)   Pre Evacuate Collection Set: 0.6ms
[2025-08-01T01:08:45.144+0000] GC(1324)   Merge Heap Roots: 0.1ms
[2025-08-01T01:08:45.144+0000] GC(1324)   Evacuate Collection Set: 2.3ms
[2025-08-01T01:08:45.144+0000] GC(1324)   Post Evacuate Collection Set: 1.3ms
[2025-08-01T01:08:45.144+0000] GC(1324)   Other: 0.2ms
[2025-08-01T01:08:45.144+0000] GC(1324) Eden regions: 1->0(99)
[2025-08-01T01:08:45.144+0000] GC(1324) Survivor regions: 5->3(3)
[2025-08-01T01:08:45.144+0000] GC(1324) Old regions: 2037->2043
[2025-08-01T01:08:45.144+0000] GC(1324) Archive regions: 2->2
[2025-08-01T01:08:45.144+0000] GC(1324) Humongous regions: 0->0
[2025-08-01T01:08:45.144+0000] GC(1324) Metaspace: 10061K(10304K)->10061K(10304K) NonClass: 8835K(8960K)->8835K(8960K) Class: 1225K(1344K)->1225K(1344K)
[2025-08-01T01:08:45.144+0000] GC(1324) Pause Young (Normal) (G1 Preventive Collection) 4087M->4093M(4096M) 4.659ms
[2025-08-01T01:08:45.144+0000] GC(1324) User=0.02s Sys=0.00s Real=0.01s
[2025-08-01T01:08:45.144+0000] Attempting full compaction
[2025-08-01T01:08:45.144+0000] GC(1325) Pause Full (G1 Compaction Pause)
[2025-08-01T01:08:45.144+0000] GC(1325) Using 8 workers of 8 for full compaction
[2025-08-01T01:08:45.150+0000] GC(1325) Phase 1: Mark live objects
[2025-08-01T01:08:45.212+0000] GC(1325) Phase 1: Mark live objects 62.290ms
[2025-08-01T01:08:45.212+0000] GC(1325) Phase 2: Prepare for compaction
[2025-08-01T01:08:45.243+0000] GC(1325) Phase 2: Prepare for compaction 30.515ms
[2025-08-01T01:08:45.243+0000] GC(1325) Phase 3: Adjust pointers
[2025-08-01T01:08:45.294+0000] GC(1325) Phase 3: Adjust pointers 51.116ms
[2025-08-01T01:08:45.294+0000] GC(1325) Phase 4: Compact heap
[2025-08-01T01:08:45.360+0000] GC(1325) Phase 4: Compact heap 66.058ms
[2025-08-01T01:08:45.367+0000] GC(1325) Eden regions: 0->0(426)
[2025-08-01T01:08:45.367+0000] GC(1325) Survivor regions: 3->0(3)
[2025-08-01T01:08:45.367+0000] GC(1325) Old regions: 2043->494
[2025-08-01T01:08:45.367+0000] GC(1325) Archive regions: 2->2
[2025-08-01T01:08:45.367+0000] GC(1325) Humongous regions: 0->0
[2025-08-01T01:08:45.367+0000] GC(1325) Metaspace: 10061K(10304K)->10061K(10304K) NonClass: 8835K(8960K)->8835K(8960K) Class: 1225K(1344K)->1225K(1344K)
[2025-08-01T01:08:45.367+0000] GC(1325) Pause Full (G1 Compaction Pause) 4093M->983M(4096M) 222.494ms
[2025-08-01T01:08:45.367+0000] GC(1325) User=1.42s Sys=0.08s Real=0.22s
[2025-08-01T01:08:45.367+0000] GC(1312) Concurrent Mark From Roots 415.730ms
[2025-08-01T01:08:45.367+0000] GC(1312) Concurrent Mark Abort
[2025-08-01T01:08:45.367+0000] GC(1312) Concurrent Mark Cycle 438.056ms
[2025-08-01T01:08:45.533+0000] GC(1326) Pause Young (Normal) (G1 Evacuation Pause)
[2025-08-01T01:08:45.533+0000] GC(1326) Using 8 workers of 8 for evacuation
[2025-08-01T01:08:45.838+0000] GC(1326) MMU target violated: 201.0ms (200.0ms/201.0ms)
[2025-08-01T01:08:45.838+0000] GC(1326)   Pre Evacuate Collection Set: 0.8ms
[2025-08-01T01:08:45.838+0000] GC(1326)   Merge Heap Roots: 0.2ms
[2025-08-01T01:08:45.838+0000] GC(1326)   Evacuate Collection Set: 302.4ms
[2025-08-01T01:08:45.838+0000] GC(1326)   Post Evacuate Collection Set: 1.0ms
[2025-08-01T01:08:45.838+0000] GC(1326)   Other: 0.4ms
[2025-08-01T01:08:45.838+0000] GC(1326) Eden regions: 426->0(240)
[2025-08-01T01:08:45.838+0000] GC(1326) Survivor regions: 0->54(54)
[2025-08-01T01:08:45.838+0000] GC(1326) Old regions: 494->664
[2025-08-01T01:08:45.838+0000] GC(1326) Archive regions: 2->2
[2025-08-01T01:08:45.838+0000] GC(1326) Humongous regions: 0->0
[2025-08-01T01:08:45.838+0000] GC(1326) Metaspace: 10061K(10304K)->10061K(10304K) NonClass: 8835K(8960K)->8835K(8960K) Class: 1225K(1344K)->1225K(1344K)
[2025-08-01T01:08:45.838+0000] GC(1326) Pause Young (Normal) (G1 Evacuation Pause) 1835M->1431M(4096M) 304.822ms
[2025-08-01T01:08:45.838+0000] GC(1326) User=1.28s Sys=0.43s Real=0.30s
[2025-08-01T01:08:45.926+0000] GC(1327) Pause Young (Concurrent Start) (G1 Evacuation Pause)
[2025-08-01T01:08:45.926+0000] GC(1327) Using 8 workers of 8 for evacuation
[2025-08-01T01:08:46.034+0000] GC(1327)   Pre Evacuate Collection Set: 0.5ms
[2025-08-01T01:08:46.034+0000] GC(1327)   Merge Heap Roots: 0.2ms
[2025-08-01T01:08:46.034+0000] GC(1327)   Evacuate Collection Set: 104.5ms
[2025-08-01T01:08:46.034+0000] GC(1327)   Post Evacuate Collection Set: 1.7ms
[2025-08-01T01:08:46.034+0000] GC(1327)   Other: 0.3ms
[2025-08-01T01:08:46.034+0000] GC(1327) Eden regions: 240->0(280)
[2025-08-01T01:08:46.034+0000] GC(1327) Survivor regions: 54->37(37)
[2025-08-01T01:08:46.034+0000] GC(1327) Old regions: 664->922
[2025-08-01T01:08:46.034+0000] GC(1327) Archive regions: 2->2
[2025-08-01T01:08:46.034+0000] GC(1327) Humongous regions: 0->0
[2025-08-01T01:08:46.034+0000] GC(1327) Metaspace: 10061K(10304K)->10061K(10304K) NonClass: 8835K(8960K)->8835K(8960K) Class: 1225K(1344K)->1225K(1344K)
[2025-08-01T01:08:46.034+0000] GC(1327) Pause Young (Concurrent Start) (G1 Evacuation Pause) 1911M->1913M(4096M) 107.313ms
[2025-08-01T01:08:46.034+0000] GC(1327) User=0.78s Sys=0.03s Real=0.11s
[2025-08-01T01:08:46.034+0000] GC(1328) Concurrent Mark Cycle
[2025-08-01T01:08:46.034+0000] GC(1328) Concurrent Clear Claimed Marks
[2025-08-01T01:08:46.034+0000] GC(1328) Concurrent Clear Claimed Marks 0.017ms
[2025-08-01T01:08:46.034+0000] GC(1328) Concurrent Scan Root Regions
[2025-08-01T01:08:46.086+0000] GC(1328) Concurrent Scan Root Regions 52.333ms
[2025-08-01T01:08:46.086+0000] GC(1328) Concurrent Mark
[2025-08-01T01:08:46.086+0000] GC(1328) Concurrent Mark From Roots
[2025-08-01T01:08:46.086+0000] GC(1328) Using 2 workers of 2 for marking
[2025-08-01T01:08:46.173+0000] GC(1329) Pause Young (Normal) (G1 Evacuation Pause)
[2025-08-01T01:08:46.173+0000] GC(1329) Using 8 workers of 8 for evacuation
[2025-08-01T01:08:46.253+0000] GC(1329)   Pre Evacuate Collection Set: 1.2ms
[2025-08-01T01:08:46.253+0000] GC(1329)   Merge Heap Roots: 0.6ms
[2025-08-01T01:08:46.253+0000] GC(1329)   Evacuate Collection Set: 77.2ms
[2025-08-01T01:08:46.253+0000] GC(1329)   Post Evacuate Collection Set: 1.0ms
[2025-08-01T01:08:46.254+0000] GC(1329)   Other: 0.2ms
[2025-08-01T01:08:46.254+0000] GC(1329) Eden regions: 280->0(217)
[2025-08-01T01:08:46.254+0000] GC(1329) Survivor regions: 37->40(40)
[2025-08-01T01:08:46.254+0000] GC(1329) Old regions: 922->1124
[2025-08-01T01:08:46.254+0000] GC(1329) Archive regions: 2->2
[2025-08-01T01:08:46.254+0000] GC(1329) Humongous regions: 0->0
[2025-08-01T01:08:46.254+0000] GC(1329) Metaspace: 10061K(10304K)->10061K(10304K) NonClass: 8835K(8960K)->8835K(8960K) Class: 1225K(1344K)->1225K(1344K)
[2025-08-01T01:08:46.254+0000] GC(1329) Pause Young (Normal) (G1 Evacuation Pause) 2473M->2323M(4096M) 80.249ms
[2025-08-01T01:08:46.254+0000] GC(1329) User=0.60s Sys=0.02s Real=0.08s
[2025-08-01T01:08:46.257+0000] GC(1328) Concurrent Mark From Roots 170.521ms
[2025-08-01T01:08:46.257+0000] GC(1328) Concurrent Preclean
[2025-08-01T01:08:46.257+0000] GC(1328) Concurrent Preclean 0.199ms
[2025-08-01T01:08:46.258+0000] GC(1328) Pause Remark
[2025-08-01T01:08:46.260+0000] GC(1328) Pause Remark 2361M->1481M(4096M) 2.080ms
[2025-08-01T01:08:46.260+0000] GC(1328) User=0.00s Sys=0.00s Real=0.00s
[2025-08-01T01:08:46.260+0000] GC(1328) Concurrent Mark 173.631ms
[2025-08-01T01:08:46.260+0000] GC(1328) Concurrent Rebuild Remembered Sets
[2025-08-01T01:08:46.342+0000] GC(1330) Pause Young (Normal) (G1 Evacuation Pause)
[2025-08-01T01:08:46.343+0000] GC(1330) Using 8 workers of 8 for evacuation
[2025-08-01T01:08:46.391+0000] GC(1330)   Pre Evacuate Collection Set: 0.6ms
[2025-08-01T01:08:46.391+0000] GC(1330)   Merge Heap Roots: 0.2ms
[2025-08-01T01:08:46.391+0000] GC(1330)   Evacuate Collection Set: 46.0ms
[2025-08-01T01:08:46.391+0000] GC(1330)   Post Evacuate Collection Set: 1.1ms
[2025-08-01T01:08:46.391+0000] GC(1330)   Other: 0.2ms
[2025-08-01T01:08:46.391+0000] GC(1330) Eden regions: 217->0(337)
[2025-08-01T01:08:46.391+0000] GC(1330) Survivor regions: 40->33(33)
[2025-08-01T01:08:46.391+0000] GC(1330) Old regions: 681->789
[2025-08-01T01:08:46.391+0000] GC(1330) Archive regions: 2->2
[2025-08-01T01:08:46.391+0000] GC(1330) Humongous regions: 0->0
[2025-08-01T01:08:46.391+0000] GC(1330) Metaspace: 10061K(10304K)->10061K(10304K) NonClass: 8835K(8960K)->8835K(8960K) Class: 1225K(1344K)->1225K(1344K)
[2025-08-01T01:08:46.391+0000] GC(1330) Pause Young (Normal) (G1 Evacuation Pause) 1877M->1645M(4096M) 48.350ms
[2025-08-01T01:08:46.391+0000] GC(1330) User=0.35s Sys=0.01s Real=0.05s
[2025-08-01T01:08:46.496+0000] GC(1328) Concurrent Rebuild Remembered Sets 236.050ms
[2025-08-01T01:08:46.496+0000] GC(1328) Pause Cleanup
[2025-08-01T01:08:46.497+0000] GC(1328) Pause Cleanup 2247M->2247M(4096M) 0.773ms
[2025-08-01T01:08:46.497+0000] GC(1328) User=0.00s Sys=0.00s Real=0.00s
[2025-08-01T01:08:46.497+0000] GC(1328) Concurrent Cleanup for Next Mark
[2025-08-01T01:08:46.506+0000] GC(1328) Concurrent Cleanup for Next Mark 8.395ms
[2025-08-01T01:08:46.506+0000] GC(1328) Concurrent Mark Cycle 472.022ms
[2025-08-01T01:08:46.536+0000] GC(1331) Pause Young (Prepare Mixed) (G1 Evacuation Pause)
[2025-08-01T01:08:46.536+0000] GC(1331) Using 8 workers of 8 for evacuation
[2025-08-01T01:08:46.646+0000] GC(1331)   Pre Evacuate Collection Set: 1.8ms
[2025-08-01T01:08:46.646+0000] GC(1331)   Merge Heap Roots: 0.1ms
[2025-08-01T01:08:46.646+0000] GC(1331)   Evacuate Collection Set: 107.2ms
[2025-08-01T01:08:46.646+0000] GC(1331)   Post Evacuate Collection Set: 0.7ms
[2025-08-01T01:08:46.646+0000] GC(1331)   Other: 0.2ms
[2025-08-01T01:08:46.646+0000] GC(1331) Eden regions: 337->0(55)
[2025-08-01T01:08:46.647+0000] GC(1331) Survivor regions: 33->47(47)
[2025-08-01T01:08:46.647+0000] GC(1331) Old regions: 789->1071
[2025-08-01T01:08:46.647+0000] GC(1331) Archive regions: 2->2
[2025-08-01T01:08:46.647+0000] GC(1331) Humongous regions: 0->0
[2025-08-01T01:08:46.647+0000] GC(1331) Metaspace: 10061K(10304K)->10061K(10304K) NonClass: 8835K(8960K)->8835K(8960K) Class: 1225K(1344K)->1225K(1344K)
[2025-08-01T01:08:46.647+0000] GC(1331) Pause Young (Prepare Mixed) (G1 Evacuation Pause) 2319M->2236M(4096M) 110.282ms
[2025-08-01T01:08:46.647+0000] GC(1331) User=0.83s Sys=0.03s Real=0.11s
[2025-08-01T01:08:46.656+0000] GC(1332) Pause Young (Mixed) (G1 Evacuation Pause)
[2025-08-01T01:08:46.656+0000] GC(1332) Using 8 workers of 8 for evacuation
[2025-08-01T01:08:46.688+0000] GC(1332)   Pre Evacuate Collection Set: 0.9ms
[2025-08-01T01:08:46.688+0000] GC(1332)   Merge Heap Roots: 0.1ms
[2025-08-01T01:08:46.688+0000] GC(1332)   Evacuate Collection Set: 29.6ms
[2025-08-01T01:08:46.688+0000] GC(1332)   Post Evacuate Collection Set: 0.8ms
[2025-08-01T01:08:46.688+0000] GC(1332)   Other: 0.2ms
[2025-08-01T01:08:46.688+0000] GC(1332) Eden regions: 55->0(215)
[2025-08-01T01:08:46.688+0000] GC(1332) Survivor regions: 47->13(13)
[2025-08-01T01:08:46.688+0000] GC(1332) Old regions: 1071->1157
[2025-08-01T01:08:46.688+0000] GC(1332) Archive regions: 2->2
[2025-08-01T01:08:46.688+0000] GC(1332) Humongous regions: 0->0
[2025-08-01T01:08:46.688+0000] GC(1332) Metaspace: 10061K(10304K)->10061K(10304K) NonClass: 8835K(8960K)->8835K(8960K) Class: 1225K(1344K)->1225K(1344K)
[2025-08-01T01:08:46.688+0000] GC(1332) Pause Young (Mixed) (G1 Evacuation Pause) 2346M->2341M(4096M) 31.804ms
[2025-08-01T01:08:46.688+0000] GC(1332) User=0.23s Sys=0.00s Real=0.03s
[2025-08-01T01:08:46.769+0000] GC(1333) Pause Young (Concurrent Start) (G1 Evacuation Pause)
[2025-08-01T01:08:46.769+0000] GC(1333) Using 8 workers of 8 for evacuation
[2025-08-01T01:08:46.874+0000] GC(1333)   Pre Evacuate Collection Set: 0.3ms
[2025-08-01T01:08:46.875+0000] GC(1333)   Merge Heap Roots: 0.3ms
[2025-08-01T01:08:46.875+0000] GC(1333)   Evacuate Collection Set: 103.3ms
[2025-08-01T01:08:46.875+0000] GC(1333)   Post Evacuate Collection Set: 1.1ms
[2025-08-01T01:08:46.875+0000] GC(1333)   Other: 0.3ms
[2025-08-01T01:08:46.875+0000] GC(1333) Eden regions: 215->0(165)
[2025-08-01T01:08:46.875+0000] GC(1333) Survivor regions: 13->29(29)
[2025-08-01T01:08:46.875+0000] GC(1333) Old regions: 1157->1305
[2025-08-01T01:08:46.875+0000] GC(1333) Archive regions: 2->2
[2025-08-01T01:08:46.875+0000] GC(1333) Humongous regions: 0->0
[2025-08-01T01:08:46.875+0000] GC(1333) Metaspace: 10061K(10304K)->10061K(10304K) NonClass: 8835K(8960K)->8835K(8960K) Class: 1225K(1344K)->1225K(1344K)
[2025-08-01T01:08:46.875+0000] GC(1333) Pause Young (Concurrent Start) (G1 Evacuation Pause) 2771M->2669M(4096M) 105.418ms
[2025-08-01T01:08:46.875+0000] GC(1333) User=0.78s Sys=0.03s Real=0.11s
[2025-08-01T01:08:46.878+0000] GC(1334) Concurrent Mark Cycle
[2025-08-01T01:08:46.878+0000] GC(1334) Concurrent Clear Claimed Marks
[2025-08-01T01:08:46.878+0000] GC(1334) Concurrent Clear Claimed Marks 0.051ms
[2025-08-01T01:08:46.878+0000] GC(1334) Concurrent Scan Root Regions
[2025-08-01T01:08:46.928+0000] GC(1334) Concurrent Scan Root Regions 49.728ms
[2025-08-01T01:08:46.928+0000] GC(1334) Concurrent Mark
[2025-08-01T01:08:46.928+0000] GC(1334) Concurrent Mark From Roots
[2025-08-01T01:08:46.928+0000] GC(1334) Using 2 workers of 2 for marking
[2025-08-01T01:08:46.956+0000] GC(1335) Pause Young (Normal) (G1 Evacuation Pause)
[2025-08-01T01:08:46.956+0000] GC(1335) Using 8 workers of 8 for evacuation
[2025-08-01T01:08:47.025+0000] GC(1335)   Pre Evacuate Collection Set: 0.4ms
[2025-08-01T01:08:47.026+0000] GC(1335)   Merge Heap Roots: 0.3ms
[2025-08-01T01:08:47.026+0000] GC(1335)   Evacuate Collection Set: 67.5ms
[2025-08-01T01:08:47.026+0000] GC(1335)   Post Evacuate Collection Set: 0.9ms
[2025-08-01T01:08:47.026+0000] GC(1335)   Other: 0.2ms
[2025-08-01T01:08:47.026+0000] GC(1335) Eden regions: 165->0(108)
[2025-08-01T01:08:47.026+0000] GC(1335) Survivor regions: 29->25(25)
[2025-08-01T01:08:47.026+0000] GC(1335) Old regions: 1305->1475
[2025-08-01T01:08:47.026+0000] GC(1335) Archive regions: 2->2
[2025-08-01T01:08:47.026+0000] GC(1335) Humongous regions: 0->0
[2025-08-01T01:08:47.026+0000] GC(1335) Metaspace: 10061K(10304K)->10061K(10304K) NonClass: 8835K(8960K)->8835K(8960K) Class: 1225K(1344K)->1225K(1344K)
[2025-08-01T01:08:47.026+0000] GC(1335) Pause Young (Normal) (G1 Evacuation Pause) 2999M->3001M(4096M) 69.507ms
[2025-08-01T01:08:47.026+0000] GC(1335) User=0.50s Sys=0.02s Real=0.07s
[2025-08-01T01:08:47.048+0000] GC(1336) Pause Young (Normal) (G1 Evacuation Pause)
[2025-08-01T01:08:47.048+0000] GC(1336) Using 8 workers of 8 for evacuation
[2025-08-01T01:08:47.083+0000] GC(1336)   Pre Evacuate Collection Set: 0.3ms
[2025-08-01T01:08:47.083+0000] GC(1336)   Merge Heap Roots: 0.1ms
[2025-08-01T01:08:47.083+0000] GC(1336)   Evacuate Collection Set: 33.3ms
[2025-08-01T01:08:47.083+0000] GC(1336)   Post Evacuate Collection Set: 0.9ms
[2025-08-01T01:08:47.083+0000] GC(1336)   Other: 0.3ms
[2025-08-01T01:08:47.083+0000] GC(1336) Eden regions: 108->0(85)
[2025-08-01T01:08:47.083+0000] GC(1336) Survivor regions: 25->17(17)
[2025-08-01T01:08:47.083+0000] GC(1336) Old regions: 1475->1562
[2025-08-01T01:08:47.083+0000] GC(1336) Archive regions: 2->2
[2025-08-01T01:08:47.083+0000] GC(1336) Humongous regions: 0->0
[2025-08-01T01:08:47.083+0000] GC(1336) Metaspace: 10061K(10304K)->10061K(10304K) NonClass: 8835K(8960K)->8835K(8960K) Class: 1225K(1344K)->1225K(1344K)
[2025-08-01T01:08:47.083+0000] GC(1336) Pause Young (Normal) (G1 Evacuation Pause) 3217M->3159M(4096M) 35.038ms
[2025-08-01T01:08:47.083+0000] GC(1336) User=0.24s Sys=0.00s Real=0.03s
[2025-08-01T01:08:47.108+0000] GC(1337) Pause Young (Normal) (G1 Evacuation Pause)
[2025-08-01T01:08:47.109+0000] GC(1337) Using 8 workers of 8 for evacuation
[2025-08-01T01:08:47.125+0000] GC(1337)   Pre Evacuate Collection Set: 0.8ms
[2025-08-01T01:08:47.125+0000] GC(1337)   Merge Heap Roots: 0.2ms
[2025-08-01T01:08:47.125+0000] GC(1337)   Evacuate Collection Set: 14.2ms
[2025-08-01T01:08:47.125+0000] GC(1337)   Post Evacuate Collection Set: 0.8ms
[2025-08-01T01:08:47.125+0000] GC(1337)   Other: 0.2ms
[2025-08-01T01:08:47.125+0000] GC(1337) Eden regions: 85->0(89)
[2025-08-01T01:08:47.125+0000] GC(1337) Survivor regions: 17->13(13)
[2025-08-01T01:08:47.125+0000] GC(1337) Old regions: 1562->1596
[2025-08-01T01:08:47.125+0000] GC(1337) Archive regions: 2->2
[2025-08-01T01:08:47.125+0000] GC(1337) Humongous regions: 0->0
[2025-08-01T01:08:47.125+0000] GC(1337) Metaspace: 10061K(10304K)->10061K(10304K) NonClass: 8835K(8960K)->8835K(8960K) Class: 1225K(1344K)->1225K(1344K)
[2025-08-01T01:08:47.125+0000] GC(1337) Pause Young (Normal) (G1 Evacuation Pause) 3329M->3218M(4096M) 16.316ms
[2025-08-01T01:08:47.125+0000] GC(1337) User=0.11s Sys=0.00s Real=0.02s
[2025-08-01T01:08:47.153+0000] GC(1338) Pause Young (Normal) (G1 Evacuation Pause)
[2025-08-01T01:08:47.154+0000] GC(1338) Using 8 workers of 8 for evacuation
[2025-08-01T01:08:47.187+0000] GC(1338)   Pre Evacuate Collection Set: 0.5ms
[2025-08-01T01:08:47.187+0000] GC(1338)   Merge Heap Roots: 0.2ms
[2025-08-01T01:08:47.187+0000] GC(1338)   Evacuate Collection Set: 32.3ms
[2025-08-01T01:08:47.187+0000] GC(1338)   Post Evacuate Collection Set: 0.6ms
[2025-08-01T01:08:47.187+0000] GC(1338)   Other: 0.2ms
[2025-08-01T01:08:47.187+0000] GC(1338) Eden regions: 89->0(89)
[2025-08-01T01:08:47.187+0000] GC(1338) Survivor regions: 13->13(13)
[2025-08-01T01:08:47.187+0000] GC(1338) Old regions: 1596->1686
[2025-08-01T01:08:47.187+0000] GC(1338) Archive regions: 2->2
[2025-08-01T01:08:47.187+0000] GC(1338) Humongous regions: 0->0
[2025-08-01T01:08:47.187+0000] GC(1338) Metaspace: 10061K(10304K)->10061K(10304K) NonClass: 8835K(8960K)->8835K(8960K) Class: 1225K(1344K)->1225K(1344K)
[2025-08-01T01:08:47.187+0000] GC(1338) Pause Young (Normal) (G1 Evacuation Pause) 3396M->3399M(4096M) 33.859ms
[2025-08-01T01:08:47.187+0000] GC(1338) User=0.25s Sys=0.00s Real=0.03s
[2025-08-01T01:08:47.196+0000] GC(1334) Concurrent Mark From Roots 267.879ms
[2025-08-01T01:08:47.196+0000] GC(1334) Concurrent Preclean
[2025-08-01T01:08:47.196+0000] GC(1334) Concurrent Preclean 0.316ms
[2025-08-01T01:08:47.197+0000] GC(1334) Pause Remark
[2025-08-01T01:08:47.200+0000] GC(1334) Pause Remark 3501M->2003M(4096M) 3.632ms
[2025-08-01T01:08:47.200+0000] GC(1334) User=0.01s Sys=0.00s Real=0.00s
[2025-08-01T01:08:47.200+0000] GC(1334) Concurrent Mark 272.386ms
[2025-08-01T01:08:47.200+0000] GC(1334) Concurrent Rebuild Remembered Sets
[2025-08-01T01:08:47.210+0000] GC(1339) Pause Young (Normal) (G1 Evacuation Pause)
[2025-08-01T01:08:47.210+0000] GC(1339) Using 8 workers of 8 for evacuation
[2025-08-01T01:08:47.245+0000] GC(1339)   Pre Evacuate Collection Set: 0.4ms
[2025-08-01T01:08:47.245+0000] GC(1339)   Merge Heap Roots: 0.2ms
[2025-08-01T01:08:47.245+0000] GC(1339)   Evacuate Collection Set: 32.9ms
[2025-08-01T01:08:47.245+0000] GC(1339)   Post Evacuate Collection Set: 0.8ms
[2025-08-01T01:08:47.245+0000] GC(1339)   Other: 0.2ms
[2025-08-01T01:08:47.245+0000] GC(1339) Eden regions: 89->0(254)
[2025-08-01T01:08:47.245+0000] GC(1339) Survivor regions: 13->13(13)
[2025-08-01T01:08:47.245+0000] GC(1339) Old regions: 937->1027
[2025-08-01T01:08:47.245+0000] GC(1339) Archive regions: 2->2
[2025-08-01T01:08:47.245+0000] GC(1339) Humongous regions: 0->0
[2025-08-01T01:08:47.245+0000] GC(1339) Metaspace: 10061K(10304K)->10061K(10304K) NonClass: 8835K(8960K)->8835K(8960K) Class: 1225K(1344K)->1225K(1344K)
[2025-08-01T01:08:47.245+0000] GC(1339) Pause Young (Normal) (G1 Evacuation Pause) 2079M->2081M(4096M) 34.615ms
[2025-08-01T01:08:47.245+0000] GC(1339) User=0.25s Sys=0.01s Real=0.04s
[2025-08-01T01:08:47.338+0000] GC(1340) Pause Young (Normal) (G1 Evacuation Pause)
[2025-08-01T01:08:47.338+0000] GC(1340) Using 8 workers of 8 for evacuation
[2025-08-01T01:08:47.427+0000] GC(1340)   Pre Evacuate Collection Set: 0.5ms
[2025-08-01T01:08:47.427+0000] GC(1340)   Merge Heap Roots: 0.4ms
[2025-08-01T01:08:47.427+0000] GC(1340)   Evacuate Collection Set: 87.1ms
[2025-08-01T01:08:47.427+0000] GC(1340)   Post Evacuate Collection Set: 1.0ms
[2025-08-01T01:08:47.427+0000] GC(1340)   Other: 0.2ms
[2025-08-01T01:08:47.427+0000] GC(1340) Eden regions: 254->0(170)
[2025-08-01T01:08:47.427+0000] GC(1340) Survivor regions: 13->34(34)
[2025-08-01T01:08:47.427+0000] GC(1340) Old regions: 1027->1262
[2025-08-01T01:08:47.427+0000] GC(1340) Archive regions: 2->2
[2025-08-01T01:08:47.427+0000] GC(1340) Humongous regions: 0->0
[2025-08-01T01:08:47.427+0000] GC(1340) Metaspace: 10061K(10304K)->10061K(10304K) NonClass: 8835K(8960K)->8835K(8960K) Class: 1225K(1344K)->1225K(1344K)
[2025-08-01T01:08:47.427+0000] GC(1340) Pause Young (Normal) (G1 Evacuation Pause) 2589M->2592M(4096M) 89.300ms
[2025-08-01T01:08:47.428+0000] GC(1340) User=0.65s Sys=0.03s Real=0.09s
[2025-08-01T01:08:47.501+0000] GC(1341) Pause Young (Normal) (G1 Evacuation Pause)
[2025-08-01T01:08:47.501+0000] GC(1341) Using 8 workers of 8 for evacuation
[2025-08-01T01:08:47.558+0000] GC(1341)   Pre Evacuate Collection Set: 0.4ms
[2025-08-01T01:08:47.558+0000] GC(1341)   Merge Heap Roots: 0.1ms
[2025-08-01T01:08:47.558+0000] GC(1341)   Evacuate Collection Set: 55.6ms
[2025-08-01T01:08:47.558+0000] GC(1341)   Post Evacuate Collection Set: 0.8ms
[2025-08-01T01:08:47.558+0000] GC(1341)   Other: 0.2ms
[2025-08-01T01:08:47.558+0000] GC(1341) Eden regions: 170->0(129)
[2025-08-01T01:08:47.558+0000] GC(1341) Survivor regions: 34->26(26)
[2025-08-01T01:08:47.558+0000] GC(1341) Old regions: 1262->1402
[2025-08-01T01:08:47.558+0000] GC(1341) Archive regions: 2->2
[2025-08-01T01:08:47.558+0000] GC(1341) Humongous regions: 0->0
[2025-08-01T01:08:47.558+0000] GC(1341) Metaspace: 10061K(10304K)->10061K(10304K) NonClass: 8835K(8960K)->8835K(8960K) Class: 1225K(1344K)->1225K(1344K)
[2025-08-01T01:08:47.558+0000] GC(1341) Pause Young (Normal) (G1 Evacuation Pause) 2932M->2856M(4096M) 57.225ms
[2025-08-01T01:08:47.558+0000] GC(1341) User=0.43s Sys=0.01s Real=0.06s
[2025-08-01T01:08:47.583+0000] GC(1342) Pause Young (Normal) (G1 Evacuation Pause)
[2025-08-01T01:08:47.583+0000] GC(1342) Using 8 workers of 8 for evacuation
[2025-08-01T01:08:47.627+0000] GC(1342)   Pre Evacuate Collection Set: 0.4ms
[2025-08-01T01:08:47.628+0000] GC(1342)   Merge Heap Roots: 0.1ms
[2025-08-01T01:08:47.628+0000] GC(1342)   Evacuate Collection Set: 43.2ms
[2025-08-01T01:08:47.628+0000] GC(1342)   Post Evacuate Collection Set: 0.9ms
[2025-08-01T01:08:47.628+0000] GC(1342)   Other: 0.2ms
[2025-08-01T01:08:47.628+0000] GC(1342) Eden regions: 129->0(87)
[2025-08-01T01:08:47.628+0000] GC(1342) Survivor regions: 26->20(20)
[2025-08-01T01:08:47.628+0000] GC(1342) Old regions: 1402->1539
[2025-08-01T01:08:47.628+0000] GC(1342) Archive regions: 2->2
[2025-08-01T01:08:47.628+0000] GC(1342) Humongous regions: 0->0
[2025-08-01T01:08:47.628+0000] GC(1342) Metaspace: 10061K(10304K)->10061K(10304K) NonClass: 8835K(8960K)->8835K(8960K) Class: 1225K(1344K)->1225K(1344K)
[2025-08-01T01:08:47.628+0000] GC(1342) Pause Young (Normal) (G1 Evacuation Pause) 3114M->3118M(4096M) 44.928ms
[2025-08-01T01:08:47.628+0000] GC(1342) User=0.35s Sys=0.00s Real=0.05s
[2025-08-01T01:08:47.649+0000] GC(1343) Pause Young (Normal) (G1 Evacuation Pause)
[2025-08-01T01:08:47.649+0000] GC(1343) Using 8 workers of 8 for evacuation
[2025-08-01T01:08:47.676+0000] GC(1343)   Pre Evacuate Collection Set: 0.3ms
[2025-08-01T01:08:47.676+0000] GC(1343)   Merge Heap Roots: 0.2ms
[2025-08-01T01:08:47.676+0000] GC(1343)   Evacuate Collection Set: 26.2ms
[2025-08-01T01:08:47.676+0000] GC(1343)   Post Evacuate Collection Set: 0.7ms
[2025-08-01T01:08:47.676+0000] GC(1343)   Other: 0.2ms
[2025-08-01T01:08:47.676+0000] GC(1343) Eden regions: 87->0(88)
[2025-08-01T01:08:47.676+0000] GC(1343) Survivor regions: 20->14(14)
[2025-08-01T01:08:47.676+0000] GC(1343) Old regions: 1539->1614
[2025-08-01T01:08:47.676+0000] GC(1343) Archive regions: 2->2
[2025-08-01T01:08:47.676+0000] GC(1343) Humongous regions: 0->0
[2025-08-01T01:08:47.676+0000] GC(1343) Metaspace: 10061K(10304K)->10061K(10304K) NonClass: 8835K(8960K)->8835K(8960K) Class: 1225K(1344K)->1225K(1344K)
[2025-08-01T01:08:47.676+0000] GC(1343) Pause Young (Normal) (G1 Evacuation Pause) 3292M->3256M(4096M) 27.776ms
[2025-08-01T01:08:47.676+0000] GC(1343) User=0.19s Sys=0.00s Real=0.03s
[2025-08-01T01:08:47.682+0000] GC(1334) Concurrent Rebuild Remembered Sets 481.294ms
[2025-08-01T01:08:47.682+0000] GC(1334) Pause Cleanup
[2025-08-01T01:08:47.683+0000] GC(1334) Pause Cleanup 3290M->3290M(4096M) 0.806ms
[2025-08-01T01:08:47.683+0000] GC(1334) User=0.00s Sys=0.00s Real=0.00s
[2025-08-01T01:08:47.683+0000] GC(1334) Concurrent Cleanup for Next Mark
[2025-08-01T01:08:47.694+0000] GC(1334) Concurrent Cleanup for Next Mark 10.729ms
[2025-08-01T01:08:47.694+0000] GC(1334) Concurrent Mark Cycle 815.824ms
[2025-08-01T01:08:47.702+0000] GC(1344) Pause Young (Prepare Mixed) (G1 Evacuation Pause)
[2025-08-01T01:08:47.702+0000] GC(1344) Using 8 workers of 8 for evacuation
[2025-08-01T01:08:47.729+0000] GC(1344)   Pre Evacuate Collection Set: 0.7ms
[2025-08-01T01:08:47.729+0000] GC(1344)   Merge Heap Roots: 0.2ms
[2025-08-01T01:08:47.729+0000] GC(1344)   Evacuate Collection Set: 24.2ms
[2025-08-01T01:08:47.729+0000] GC(1344)   Post Evacuate Collection Set: 1.1ms
[2025-08-01T01:08:47.729+0000] GC(1344)   Other: 0.2ms
[2025-08-01T01:08:47.729+0000] GC(1344) Eden regions: 88->0(89)
[2025-08-01T01:08:47.729+0000] GC(1344) Survivor regions: 14->13(13)
[2025-08-01T01:08:47.729+0000] GC(1344) Old regions: 1614->1689
[2025-08-01T01:08:47.729+0000] GC(1344) Archive regions: 2->2
[2025-08-01T01:08:47.729+0000] GC(1344) Humongous regions: 0->0
[2025-08-01T01:08:47.729+0000] GC(1344) Metaspace: 10061K(10304K)->10061K(10304K) NonClass: 8835K(8960K)->8835K(8960K) Class: 1225K(1344K)->1225K(1344K)
[2025-08-01T01:08:47.729+0000] GC(1344) Pause Young (Prepare Mixed) (G1 Evacuation Pause) 3432M->3404M(4096M) 26.710ms
[2025-08-01T01:08:47.729+0000] GC(1344) User=0.19s Sys=0.00s Real=0.03s
[2025-08-01T01:08:47.749+0000] GC(1345) Pause Young (Mixed) (G1 Evacuation Pause)
[2025-08-01T01:08:47.749+0000] GC(1345) Using 8 workers of 8 for evacuation
[2025-08-01T01:08:47.775+0000] GC(1345)   Pre Evacuate Collection Set: 0.6ms
[2025-08-01T01:08:47.775+0000] GC(1345)   Merge Heap Roots: 0.1ms
[2025-08-01T01:08:47.775+0000] GC(1345)   Evacuate Collection Set: 25.0ms
[2025-08-01T01:08:47.775+0000] GC(1345)   Post Evacuate Collection Set: 0.9ms
[2025-08-01T01:08:47.775+0000] GC(1345)   Other: 0.2ms
[2025-08-01T01:08:47.776+0000] GC(1345) Eden regions: 89->0(89)
[2025-08-01T01:08:47.776+0000] GC(1345) Survivor regions: 13->13(13)
[2025-08-01T01:08:47.776+0000] GC(1345) Old regions: 1689->1737
[2025-08-01T01:08:47.776+0000] GC(1345) Archive regions: 2->2
[2025-08-01T01:08:47.776+0000] GC(1345) Humongous regions: 0->0
[2025-08-01T01:08:47.776+0000] GC(1345) Metaspace: 10061K(10304K)->10061K(10304K) NonClass: 8835K(8960K)->8835K(8960K) Class: 1225K(1344K)->1225K(1344K)
[2025-08-01T01:08:47.776+0000] GC(1345) Pause Young (Mixed) (G1 Evacuation Pause) 3582M->3501M(4096M) 26.963ms
[2025-08-01T01:08:47.776+0000] GC(1345) User=0.20s Sys=0.00s Real=0.03s
[2025-08-01T01:08:47.802+0000] GC(1346) Pause Young (Concurrent Start) (G1 Evacuation Pause)
[2025-08-01T01:08:47.802+0000] GC(1346) Using 8 workers of 8 for evacuation
[2025-08-01T01:08:47.831+0000] GC(1346)   Pre Evacuate Collection Set: 0.6ms
[2025-08-01T01:08:47.831+0000] GC(1346)   Merge Heap Roots: 0.2ms
[2025-08-01T01:08:47.831+0000] GC(1346)   Evacuate Collection Set: 27.8ms
[2025-08-01T01:08:47.831+0000] GC(1346)   Post Evacuate Collection Set: 0.9ms
[2025-08-01T01:08:47.831+0000] GC(1346)   Other: 0.3ms
[2025-08-01T01:08:47.831+0000] GC(1346) Eden regions: 89->0(89)
[2025-08-01T01:08:47.831+0000] GC(1346) Survivor regions: 13->13(13)
[2025-08-01T01:08:47.831+0000] GC(1346) Old regions: 1737->1827
[2025-08-01T01:08:47.831+0000] GC(1346) Archive regions: 2->2
[2025-08-01T01:08:47.831+0000] GC(1346) Humongous regions: 0->0
[2025-08-01T01:08:47.831+0000] GC(1346) Metaspace: 10061K(10304K)->10061K(10304K) NonClass: 8835K(8960K)->8835K(8960K) Class: 1225K(1344K)->1225K(1344K)
[2025-08-01T01:08:47.831+0000] GC(1346) Pause Young (Concurrent Start) (G1 Evacuation Pause) 3679M->3681M(4096M) 29.930ms
[2025-08-01T01:08:47.831+0000] GC(1346) User=0.23s Sys=0.01s Real=0.03s
[2025-08-01T01:08:47.832+0000] GC(1347) Concurrent Mark Cycle
[2025-08-01T01:08:47.832+0000] GC(1347) Concurrent Clear Claimed Marks
[2025-08-01T01:08:47.832+0000] GC(1347) Concurrent Clear Claimed Marks 0.024ms
[2025-08-01T01:08:47.832+0000] GC(1347) Concurrent Scan Root Regions
[2025-08-01T01:08:47.855+0000] GC(1347) Concurrent Scan Root Regions 23.616ms
[2025-08-01T01:08:47.855+0000] GC(1347) Concurrent Mark
[2025-08-01T01:08:47.855+0000] GC(1347) Concurrent Mark From Roots
[2025-08-01T01:08:47.855+0000] GC(1347) Using 2 workers of 2 for marking
[2025-08-01T01:08:47.855+0000] GC(1348) Pause Young (Normal) (G1 Evacuation Pause)
[2025-08-01T01:08:47.855+0000] GC(1348) Using 8 workers of 8 for evacuation
[2025-08-01T01:08:47.888+0000] GC(1348)   Pre Evacuate Collection Set: 4.6ms
[2025-08-01T01:08:47.888+0000] GC(1348)   Merge Heap Roots: 0.1ms
[2025-08-01T01:08:47.888+0000] GC(1348)   Evacuate Collection Set: 31.3ms
[2025-08-01T01:08:47.888+0000] GC(1348)   Post Evacuate Collection Set: 0.5ms
[2025-08-01T01:08:47.888+0000] GC(1348)   Other: 0.2ms
[2025-08-01T01:08:47.888+0000] GC(1348) Eden regions: 89->0(89)
[2025-08-01T01:08:47.888+0000] GC(1348) Survivor regions: 13->13(13)
[2025-08-01T01:08:47.888+0000] GC(1348) Old regions: 1827->1918
[2025-08-01T01:08:47.888+0000] GC(1348) Archive regions: 2->2
[2025-08-01T01:08:47.888+0000] GC(1348) Humongous regions: 0->0
[2025-08-01T01:08:47.888+0000] GC(1348) Metaspace: 10061K(10304K)->10061K(10304K) NonClass: 8835K(8960K)->8835K(8960K) Class: 1225K(1344K)->1225K(1344K)
[2025-08-01T01:08:47.888+0000] GC(1348) Pause Young (Normal) (G1 Evacuation Pause) 3859M->3863M(4096M) 32.661ms
[2025-08-01T01:08:47.888+0000] GC(1348) User=0.24s Sys=0.00s Real=0.03s
[2025-08-01T01:08:47.901+0000] GC(1349) Pause Young (Normal) (G1 Preventive Collection)
[2025-08-01T01:08:47.901+0000] GC(1349) Using 8 workers of 8 for evacuation
[2025-08-01T01:08:47.924+0000] GC(1349)   Pre Evacuate Collection Set: 0.5ms
[2025-08-01T01:08:47.924+0000] GC(1349)   Merge Heap Roots: 0.1ms
[2025-08-01T01:08:47.924+0000] GC(1349)   Evacuate Collection Set: 21.3ms
[2025-08-01T01:08:47.924+0000] GC(1349)   Post Evacuate Collection Set: 1.2ms
[2025-08-01T01:08:47.924+0000] GC(1349)   Other: 0.2ms
[2025-08-01T01:08:47.924+0000] GC(1349) Eden regions: 48->0(89)
[2025-08-01T01:08:47.924+0000] GC(1349) Survivor regions: 13->13(13)
[2025-08-01T01:08:47.924+0000] GC(1349) Old regions: 1918->1968
[2025-08-01T01:08:47.924+0000] GC(1349) Archive regions: 2->2
[2025-08-01T01:08:47.924+0000] GC(1349) Humongous regions: 0->0
[2025-08-01T01:08:47.924+0000] GC(1349) Metaspace: 10061K(10304K)->10061K(10304K) NonClass: 8835K(8960K)->8835K(8960K) Class: 1225K(1344K)->1225K(1344K)
[2025-08-01T01:08:47.924+0000] GC(1349) Pause Young (Normal) (G1 Preventive Collection) 3959M->3962M(4096M) 23.569ms
[2025-08-01T01:08:47.924+0000] GC(1349) User=0.16s Sys=0.02s Real=0.03s
[2025-08-01T01:08:47.931+0000] GC(1350) Pause Young (Normal) (G1 Preventive Collection)
[2025-08-01T01:08:47.931+0000] GC(1350) Using 8 workers of 8 for evacuation
[2025-08-01T01:08:47.947+0000] GC(1350)   Pre Evacuate Collection Set: 0.7ms
[2025-08-01T01:08:47.947+0000] GC(1350)   Merge Heap Roots: 0.1ms
[2025-08-01T01:08:47.947+0000] GC(1350)   Evacuate Collection Set: 14.2ms
[2025-08-01T01:08:47.947+0000] GC(1350)   Post Evacuate Collection Set: 0.6ms
[2025-08-01T01:08:47.947+0000] GC(1350)   Other: 0.2ms
[2025-08-01T01:08:47.947+0000] GC(1350) Eden regions: 24->0(89)
[2025-08-01T01:08:47.947+0000] GC(1350) Survivor regions: 13->13(13)
[2025-08-01T01:08:47.947+0000] GC(1350) Old regions: 1968->1994
[2025-08-01T01:08:47.947+0000] GC(1350) Archive regions: 2->2
[2025-08-01T01:08:47.947+0000] GC(1350) Humongous regions: 0->0
[2025-08-01T01:08:47.947+0000] GC(1350) Metaspace: 10061K(10304K)->10061K(10304K) NonClass: 8835K(8960K)->8835K(8960K) Class: 1225K(1344K)->1225K(1344K)
[2025-08-01T01:08:47.947+0000] GC(1350) Pause Young (Normal) (G1 Preventive Collection) 4010M->4014M(4096M) 15.958ms
[2025-08-01T01:08:47.947+0000] GC(1350) User=0.10s Sys=0.00s Real=0.02s
[2025-08-01T01:08:47.950+0000] GC(1351) Pause Young (Normal) (G1 Preventive Collection)
[2025-08-01T01:08:47.950+0000] GC(1351) Using 8 workers of 8 for evacuation
[2025-08-01T01:08:47.960+0000] GC(1351)   Pre Evacuate Collection Set: 0.6ms
[2025-08-01T01:08:47.960+0000] GC(1351)   Merge Heap Roots: 0.4ms
[2025-08-01T01:08:47.960+0000] GC(1351)   Evacuate Collection Set: 8.6ms
[2025-08-01T01:08:47.960+0000] GC(1351)   Post Evacuate Collection Set: 0.6ms
[2025-08-01T01:08:47.960+0000] GC(1351)   Other: 0.2ms
[2025-08-01T01:08:47.960+0000] GC(1351) Eden regions: 11->0(90)
[2025-08-01T01:08:47.960+0000] GC(1351) Survivor regions: 13->12(13)
[2025-08-01T01:08:47.960+0000] GC(1351) Old regions: 1994->2009
[2025-08-01T01:08:47.961+0000] GC(1351) Archive regions: 2->2
[2025-08-01T01:08:47.961+0000] GC(1351) Humongous regions: 0->0
[2025-08-01T01:08:47.961+0000] GC(1351) Metaspace: 10061K(10304K)->10061K(10304K) NonClass: 8835K(8960K)->8835K(8960K) Class: 1225K(1344K)->1225K(1344K)
[2025-08-01T01:08:47.961+0000] GC(1351) Pause Young (Normal) (G1 Preventive Collection) 4036M->4042M(4096M) 10.530ms
[2025-08-01T01:08:47.961+0000] GC(1351) User=0.07s Sys=0.00s Real=0.01s
[2025-08-01T01:08:47.962+0000] GC(1352) Pause Young (Normal) (G1 Preventive Collection)
[2025-08-01T01:08:47.962+0000] GC(1352) Using 8 workers of 8 for evacuation
[2025-08-01T01:08:47.970+0000] GC(1352)   Pre Evacuate Collection Set: 0.5ms
[2025-08-01T01:08:47.970+0000] GC(1352)   Merge Heap Roots: 0.2ms
[2025-08-01T01:08:47.970+0000] GC(1352)   Evacuate Collection Set: 6.8ms
[2025-08-01T01:08:47.970+0000] GC(1352)   Post Evacuate Collection Set: 0.4ms
[2025-08-01T01:08:47.970+0000] GC(1352)   Other: 0.2ms
[2025-08-01T01:08:47.970+0000] GC(1352) Eden regions: 5->0(95)
[2025-08-01T01:08:47.970+0000] GC(1352) Survivor regions: 12->7(13)
[2025-08-01T01:08:47.970+0000] GC(1352) Old regions: 2009->2021
[2025-08-01T01:08:47.970+0000] GC(1352) Archive regions: 2->2
[2025-08-01T01:08:47.970+0000] GC(1352) Humongous regions: 0->0
[2025-08-01T01:08:47.970+0000] GC(1352) Metaspace: 10061K(10304K)->10061K(10304K) NonClass: 8835K(8960K)->8835K(8960K) Class: 1225K(1344K)->1225K(1344K)
[2025-08-01T01:08:47.970+0000] GC(1352) Pause Young (Normal) (G1 Preventive Collection) 4052M->4055M(4096M) 8.094ms
[2025-08-01T01:08:47.970+0000] GC(1352) User=0.05s Sys=0.01s Real=0.01s
[2025-08-01T01:08:47.971+0000] GC(1353) Pause Young (Normal) (G1 Preventive Collection)
[2025-08-01T01:08:47.971+0000] GC(1353) Using 8 workers of 8 for evacuation
[2025-08-01T01:08:47.977+0000] GC(1353)   Pre Evacuate Collection Set: 0.4ms
[2025-08-01T01:08:47.977+0000] GC(1353)   Merge Heap Roots: 0.1ms
[2025-08-01T01:08:47.977+0000] GC(1353)   Evacuate Collection Set: 4.2ms
[2025-08-01T01:08:47.977+0000] GC(1353)   Post Evacuate Collection Set: 0.7ms
[2025-08-01T01:08:47.977+0000] GC(1353)   Other: 0.2ms
[2025-08-01T01:08:47.977+0000] GC(1353) Eden regions: 5->0(91)
[2025-08-01T01:08:47.977+0000] GC(1353) Survivor regions: 7->11(13)
[2025-08-01T01:08:47.977+0000] GC(1353) Old regions: 2021->2021
[2025-08-01T01:08:47.977+0000] GC(1353) Archive regions: 2->2
[2025-08-01T01:08:47.977+0000] GC(1353) Humongous regions: 0->0
[2025-08-01T01:08:47.977+0000] GC(1353) Metaspace: 10061K(10304K)->10061K(10304K) NonClass: 8835K(8960K)->8835K(8960K) Class: 1225K(1344K)->1225K(1344K)
[2025-08-01T01:08:47.977+0000] GC(1353) Pause Young (Normal) (G1 Preventive Collection) 4065M->4063M(4096M) 5.744ms
[2025-08-01T01:08:47.977+0000] GC(1353) User=0.03s Sys=0.00s Real=0.01s
[2025-08-01T01:08:47.979+0000] GC(1354) Pause Young (Normal) (G1 Preventive Collection)
[2025-08-01T01:08:47.979+0000] GC(1354) Using 8 workers of 8 for evacuation
[2025-08-01T01:08:47.984+0000] GC(1354)   Pre Evacuate Collection Set: 0.7ms
[2025-08-01T01:08:47.984+0000] GC(1354)   Merge Heap Roots: 0.1ms
[2025-08-01T01:08:47.984+0000] GC(1354)   Evacuate Collection Set: 3.6ms
[2025-08-01T01:08:47.984+0000] GC(1354)   Post Evacuate Collection Set: 0.6ms
[2025-08-01T01:08:47.984+0000] GC(1354)   Other: 0.1ms
[2025-08-01T01:08:47.984+0000] GC(1354) Eden regions: 1->0(95)
[2025-08-01T01:08:47.984+0000] GC(1354) Survivor regions: 11->7(13)
[2025-08-01T01:08:47.984+0000] GC(1354) Old regions: 2021->2026
[2025-08-01T01:08:47.984+0000] GC(1354) Archive regions: 2->2
[2025-08-01T01:08:47.984+0000] GC(1354) Humongous regions: 0->0
[2025-08-01T01:08:47.984+0000] GC(1354) Metaspace: 10061K(10304K)->10061K(10304K) NonClass: 8835K(8960K)->8835K(8960K) Class: 1225K(1344K)->1225K(1344K)
[2025-08-01T01:08:47.984+0000] GC(1354) Pause Young (Normal) (G1 Preventive Collection) 4065M->4066M(4096M) 5.387ms
[2025-08-01T01:08:47.984+0000] GC(1354) User=0.03s Sys=0.00s Real=0.01s
[2025-08-01T01:08:47.985+0000] GC(1355) Pause Young (Normal) (G1 Preventive Collection)
[2025-08-01T01:08:47.985+0000] GC(1355) Using 8 workers of 8 for evacuation
[2025-08-01T01:08:47.990+0000] GC(1355)   Pre Evacuate Collection Set: 0.7ms
[2025-08-01T01:08:47.990+0000] GC(1355)   Merge Heap Roots: 0.1ms
[2025-08-01T01:08:47.990+0000] GC(1355)   Evacuate Collection Set: 3.5ms
[2025-08-01T01:08:47.990+0000] GC(1355)   Post Evacuate Collection Set: 0.7ms
[2025-08-01T01:08:47.990+0000] GC(1355)   Other: 0.1ms
[2025-08-01T01:08:47.990+0000] GC(1355) Eden regions: 2->0(94)
[2025-08-01T01:08:47.990+0000] GC(1355) Survivor regions: 7->8(11)
[2025-08-01T01:08:47.990+0000] GC(1355) Old regions: 2026->2026
[2025-08-01T01:08:47.990+0000] GC(1355) Archive regions: 2->2
[2025-08-01T01:08:47.990+0000] GC(1355) Humongous regions: 0->0
[2025-08-01T01:08:47.990+0000] GC(1355) Metaspace: 10061K(10304K)->10061K(10304K) NonClass: 8835K(8960K)->8835K(8960K) Class: 1225K(1344K)->1225K(1344K)
[2025-08-01T01:08:47.990+0000] GC(1355) Pause Young (Normal) (G1 Preventive Collection) 4070M->4069M(4096M) 5.400ms
[2025-08-01T01:08:47.990+0000] GC(1355) User=0.01s Sys=0.01s Real=0.00s
[2025-08-01T01:08:47.990+0000] GC(1356) Pause Young (Normal) (G1 Preventive Collection)
[2025-08-01T01:08:47.990+0000] GC(1356) Using 8 workers of 8 for evacuation
[2025-08-01T01:08:47.995+0000] GC(1356)   Pre Evacuate Collection Set: 0.5ms
[2025-08-01T01:08:47.995+0000] GC(1356)   Merge Heap Roots: 0.1ms
[2025-08-01T01:08:47.995+0000] GC(1356)   Evacuate Collection Set: 3.0ms
[2025-08-01T01:08:47.995+0000] GC(1356)   Post Evacuate Collection Set: 0.5ms
[2025-08-01T01:08:47.995+0000] GC(1356)   Other: 0.1ms
[2025-08-01T01:08:47.995+0000] GC(1356) Eden regions: 1->0(97)
[2025-08-01T01:08:47.995+0000] GC(1356) Survivor regions: 8->5(11)
[2025-08-01T01:08:47.995+0000] GC(1356) Old regions: 2026->2031
[2025-08-01T01:08:47.995+0000] GC(1356) Archive regions: 2->2
[2025-08-01T01:08:47.995+0000] GC(1356) Humongous regions: 0->0
[2025-08-01T01:08:47.995+0000] GC(1356) Metaspace: 10061K(10304K)->10061K(10304K) NonClass: 8835K(8960K)->8835K(8960K) Class: 1225K(1344K)->1225K(1344K)
[2025-08-01T01:08:47.995+0000] GC(1356) Pause Young (Normal) (G1 Preventive Collection) 4071M->4072M(4096M) 4.431ms
[2025-08-01T01:08:47.995+0000] GC(1356) User=0.01s Sys=0.00s Real=0.01s
[2025-08-01T01:08:47.997+0000] GC(1357) Pause Young (Normal) (G1 Preventive Collection)
[2025-08-01T01:08:47.997+0000] GC(1357) Using 8 workers of 8 for evacuation
[2025-08-01T01:08:48.001+0000] GC(1357)   Pre Evacuate Collection Set: 0.6ms
[2025-08-01T01:08:48.001+0000] GC(1357)   Merge Heap Roots: 0.1ms
[2025-08-01T01:08:48.001+0000] GC(1357)   Evacuate Collection Set: 2.8ms
[2025-08-01T01:08:48.001+0000] GC(1357)   Post Evacuate Collection Set: 0.5ms
[2025-08-01T01:08:48.001+0000] GC(1357)   Other: 0.2ms
[2025-08-01T01:08:48.001+0000] GC(1357) Eden regions: 2->0(96)
[2025-08-01T01:08:48.002+0000] GC(1357) Survivor regions: 5->6(8)
[2025-08-01T01:08:48.002+0000] GC(1357) Old regions: 2031->2031
[2025-08-01T01:08:48.002+0000] GC(1357) Archive regions: 2->2
[2025-08-01T01:08:48.002+0000] GC(1357) Humongous regions: 0->0
[2025-08-01T01:08:48.002+0000] GC(1357) Metaspace: 10061K(10304K)->10061K(10304K) NonClass: 8835K(8960K)->8835K(8960K) Class: 1225K(1344K)->1225K(1344K)
[2025-08-01T01:08:48.002+0000] GC(1357) Pause Young (Normal) (G1 Preventive Collection) 4076M->4074M(4096M) 4.437ms
[2025-08-01T01:08:48.002+0000] GC(1357) User=0.01s Sys=0.00s Real=0.00s
[2025-08-01T01:08:48.002+0000] GC(1358) Pause Young (Normal) (G1 Preventive Collection)
[2025-08-01T01:08:48.002+0000] GC(1358) Using 8 workers of 8 for evacuation
[2025-08-01T01:08:48.006+0000] GC(1358)   Pre Evacuate Collection Set: 0.7ms
[2025-08-01T01:08:48.006+0000] GC(1358)   Merge Heap Roots: 0.2ms
[2025-08-01T01:08:48.006+0000] GC(1358)   Evacuate Collection Set: 2.2ms
[2025-08-01T01:08:48.006+0000] GC(1358)   Post Evacuate Collection Set: 0.6ms
[2025-08-01T01:08:48.006+0000] GC(1358)   Other: 0.1ms
[2025-08-01T01:08:48.006+0000] GC(1358) Eden regions: 1->0(95)
[2025-08-01T01:08:48.006+0000] GC(1358) Survivor regions: 6->7(8)
[2025-08-01T01:08:48.006+0000] GC(1358) Old regions: 2031->2031
[2025-08-01T01:08:48.006+0000] GC(1358) Archive regions: 2->2
[2025-08-01T01:08:48.006+0000] GC(1358) Humongous regions: 0->0
[2025-08-01T01:08:48.006+0000] GC(1358) Metaspace: 10061K(10304K)->10061K(10304K) NonClass: 8835K(8960K)->8835K(8960K) Class: 1225K(1344K)->1225K(1344K)
[2025-08-01T01:08:48.006+0000] GC(1358) Pause Young (Normal) (G1 Preventive Collection) 4076M->4076M(4096M) 4.008ms
[2025-08-01T01:08:48.006+0000] GC(1358) User=0.01s Sys=0.00s Real=0.01s
[2025-08-01T01:08:48.007+0000] GC(1359) Pause Young (Normal) (G1 Preventive Collection)
[2025-08-01T01:08:48.007+0000] GC(1359) Using 8 workers of 8 for evacuation
[2025-08-01T01:08:48.012+0000] GC(1359) To-space exhausted
[2025-08-01T01:08:48.012+0000] GC(1359)   Pre Evacuate Collection Set: 0.5ms
[2025-08-01T01:08:48.012+0000] GC(1359)   Merge Heap Roots: 0.2ms
[2025-08-01T01:08:48.012+0000] GC(1359)   Evacuate Collection Set: 3.9ms
[2025-08-01T01:08:48.012+0000] GC(1359)   Post Evacuate Collection Set: 1.0ms
[2025-08-01T01:08:48.012+0000] GC(1359)   Other: 0.2ms
[2025-08-01T01:08:48.012+0000] GC(1359) Eden regions: 1->0(96)
[2025-08-01T01:08:48.012+0000] GC(1359) Survivor regions: 7->6(7)
[2025-08-01T01:08:48.012+0000] GC(1359) Old regions: 2031->2035
[2025-08-01T01:08:48.012+0000] GC(1359) Archive regions: 2->2
[2025-08-01T01:08:48.012+0000] GC(1359) Humongous regions: 0->0
[2025-08-01T01:08:48.012+0000] GC(1359) Metaspace: 10061K(10304K)->10061K(10304K) NonClass: 8835K(8960K)->8835K(8960K) Class: 1225K(1344K)->1225K(1344K)
[2025-08-01T01:08:48.013+0000] GC(1359) Pause Young (Normal) (G1 Preventive Collection) 4078M->4083M(4096M) 5.901ms
[2025-08-01T01:08:48.013+0000] GC(1359) User=0.02s Sys=0.00s Real=0.00s
[2025-08-01T01:08:48.013+0000] GC(1360) Pause Young (Normal) (G1 Preventive Collection)
[2025-08-01T01:08:48.013+0000] GC(1360) Using 8 workers of 8 for evacuation
[2025-08-01T01:08:48.017+0000] GC(1360) To-space exhausted
[2025-08-01T01:08:48.017+0000] GC(1360)   Pre Evacuate Collection Set: 0.4ms
[2025-08-01T01:08:48.017+0000] GC(1360)   Merge Heap Roots: 0.1ms
[2025-08-01T01:08:48.017+0000] GC(1360)   Evacuate Collection Set: 2.0ms
[2025-08-01T01:08:48.017+0000] GC(1360)   Post Evacuate Collection Set: 1.1ms
[2025-08-01T01:08:48.017+0000] GC(1360)   Other: 0.2ms
[2025-08-01T01:08:48.017+0000] GC(1360) Eden regions: 1->0(98)
[2025-08-01T01:08:48.017+0000] GC(1360) Survivor regions: 6->4(4)
[2025-08-01T01:08:48.017+0000] GC(1360) Old regions: 2035->2042
[2025-08-01T01:08:48.017+0000] GC(1360) Archive regions: 2->2
[2025-08-01T01:08:48.017+0000] GC(1360) Humongous regions: 0->0
[2025-08-01T01:08:48.017+0000] GC(1360) Metaspace: 10061K(10304K)->10061K(10304K) NonClass: 8835K(8960K)->8835K(8960K) Class: 1225K(1344K)->1225K(1344K)
[2025-08-01T01:08:48.017+0000] GC(1360) Pause Young (Normal) (G1 Preventive Collection) 4085M->4093M(4096M) 3.802ms
[2025-08-01T01:08:48.017+0000] GC(1360) User=0.01s Sys=0.01s Real=0.00s
[2025-08-01T01:08:48.017+0000] Attempting full compaction
[2025-08-01T01:08:48.017+0000] GC(1361) Pause Full (G1 Compaction Pause)
[2025-08-01T01:08:48.017+0000] GC(1361) Using 8 workers of 8 for full compaction
[2025-08-01T01:08:48.022+0000] GC(1361) Phase 1: Mark live objects
[2025-08-01T01:08:48.076+0000] GC(1361) Phase 1: Mark live objects 54.187ms
[2025-08-01T01:08:48.076+0000] GC(1361) Phase 2: Prepare for compaction
[2025-08-01T01:08:48.088+0000] GC(1361) Phase 2: Prepare for compaction 12.173ms
[2025-08-01T01:08:48.088+0000] GC(1361) Phase 3: Adjust pointers
[2025-08-01T01:08:48.128+0000] GC(1361) Phase 3: Adjust pointers 39.519ms
[2025-08-01T01:08:48.128+0000] GC(1361) Phase 4: Compact heap
[2025-08-01T01:08:48.168+0000] GC(1361) Phase 4: Compact heap 40.312ms
[2025-08-01T01:08:48.175+0000] GC(1361) Eden regions: 0->0(426)
[2025-08-01T01:08:48.175+0000] GC(1361) Survivor regions: 4->0(4)
[2025-08-01T01:08:48.175+0000] GC(1361) Old regions: 2042->501
[2025-08-01T01:08:48.175+0000] GC(1361) Archive regions: 2->2
[2025-08-01T01:08:48.175+0000] GC(1361) Humongous regions: 0->0
[2025-08-01T01:08:48.175+0000] GC(1361) Metaspace: 10061K(10304K)->10061K(10304K) NonClass: 8835K(8960K)->8835K(8960K) Class: 1225K(1344K)->1225K(1344K)
[2025-08-01T01:08:48.175+0000] GC(1361) Pause Full (G1 Compaction Pause) 4093M->994M(4096M) 158.221ms
[2025-08-01T01:08:48.175+0000] GC(1361) User=1.19s Sys=0.00s Real=0.16s
[2025-08-01T01:08:48.175+0000] GC(1347) Concurrent Mark From Roots 319.864ms
[2025-08-01T01:08:48.175+0000] GC(1347) Concurrent Mark Abort
[2025-08-01T01:08:48.175+0000] GC(1347) Concurrent Mark Cycle 343.649ms
[2025-08-01T01:08:48.341+0000] GC(1362) Pause Young (Normal) (G1 Evacuation Pause)
[2025-08-01T01:08:48.341+0000] GC(1362) Using 8 workers of 8 for evacuation
[2025-08-01T01:08:48.529+0000] GC(1362)   Pre Evacuate Collection Set: 0.7ms
[2025-08-01T01:08:48.529+0000] GC(1362)   Merge Heap Roots: 0.3ms
[2025-08-01T01:08:48.529+0000] GC(1362)   Evacuate Collection Set: 186.2ms
[2025-08-01T01:08:48.529+0000] GC(1362)   Post Evacuate Collection Set: 1.1ms
[2025-08-01T01:08:48.529+0000] GC(1362)   Other: 0.2ms
[2025-08-01T01:08:48.529+0000] GC(1362) Eden regions: 426->0(343)
[2025-08-01T01:08:48.529+0000] GC(1362) Survivor regions: 0->54(54)
[2025-08-01T01:08:48.529+0000] GC(1362) Old regions: 501->739
[2025-08-01T01:08:48.529+0000] GC(1362) Archive regions: 2->2
[2025-08-01T01:08:48.529+0000] GC(1362) Humongous regions: 0->0
[2025-08-01T01:08:48.529+0000] GC(1362) Metaspace: 10061K(10304K)->10061K(10304K) NonClass: 8835K(8960K)->8835K(8960K) Class: 1225K(1344K)->1225K(1344K)
[2025-08-01T01:08:48.529+0000] GC(1362) Pause Young (Normal) (G1 Evacuation Pause) 1846M->1578M(4096M) 188.717ms
[2025-08-01T01:08:48.529+0000] GC(1362) User=1.10s Sys=0.11s Real=0.19s
[2025-08-01T01:08:48.680+0000] GC(1363) Pause Young (Concurrent Start) (G1 Evacuation Pause)
[2025-08-01T01:08:48.680+0000] GC(1363) Using 8 workers of 8 for evacuation
[2025-08-01T01:08:48.858+0000] GC(1363)   Pre Evacuate Collection Set: 0.4ms
[2025-08-01T01:08:48.858+0000] GC(1363)   Merge Heap Roots: 0.4ms
[2025-08-01T01:08:48.858+0000] GC(1363)   Evacuate Collection Set: 174.8ms
[2025-08-01T01:08:48.858+0000] GC(1363)   Post Evacuate Collection Set: 1.8ms
[2025-08-01T01:08:48.858+0000] GC(1363)   Other: 0.4ms
[2025-08-01T01:08:48.858+0000] GC(1363) Eden regions: 343->0(258)
[2025-08-01T01:08:48.858+0000] GC(1363) Survivor regions: 54->50(50)
[2025-08-01T01:08:48.858+0000] GC(1363) Old regions: 739->992
[2025-08-01T01:08:48.858+0000] GC(1363) Archive regions: 2->2
[2025-08-01T01:08:48.858+0000] GC(1363) Humongous regions: 0->0
[2025-08-01T01:08:48.858+0000] GC(1363) Metaspace: 10061K(10304K)->10061K(10304K) NonClass: 8835K(8960K)->8835K(8960K) Class: 1225K(1344K)->1225K(1344K)
[2025-08-01T01:08:48.858+0000] GC(1363) Pause Young (Concurrent Start) (G1 Evacuation Pause) 2264M->2075M(4096M) 178.018ms
[2025-08-01T01:08:48.858+0000] GC(1363) User=1.33s Sys=0.04s Real=0.18s
[2025-08-01T01:08:48.858+0000] GC(1364) Concurrent Mark Cycle
[2025-08-01T01:08:48.858+0000] GC(1364) Concurrent Clear Claimed Marks
[2025-08-01T01:08:48.858+0000] GC(1364) Concurrent Clear Claimed Marks 0.099ms
[2025-08-01T01:08:48.858+0000] GC(1364) Concurrent Scan Root Regions
[2025-08-01T01:08:48.923+0000] GC(1364) Concurrent Scan Root Regions 64.423ms
[2025-08-01T01:08:48.923+0000] GC(1364) Concurrent Mark
[2025-08-01T01:08:48.923+0000] GC(1364) Concurrent Mark From Roots
[2025-08-01T01:08:48.923+0000] GC(1364) Using 2 workers of 2 for marking
[2025-08-01T01:08:48.956+0000] GC(1364) Concurrent Mark From Roots 33.319ms
[2025-08-01T01:08:48.956+0000] GC(1364) Concurrent Preclean
[2025-08-01T01:08:48.957+0000] GC(1364) Concurrent Preclean 0.362ms
[2025-08-01T01:08:48.957+0000] GC(1364) Pause Remark
[2025-08-01T01:08:48.960+0000] GC(1364) Pause Remark 2550M->1468M(4096M) 2.713ms
[2025-08-01T01:08:48.960+0000] GC(1364) User=0.01s Sys=0.00s Real=0.00s
[2025-08-01T01:08:48.960+0000] GC(1364) Concurrent Mark 37.233ms
[2025-08-01T01:08:48.960+0000] GC(1364) Concurrent Rebuild Remembered Sets
[2025-08-01T01:08:48.965+0000] GC(1365) Pause Young (Normal) (G1 Evacuation Pause)
[2025-08-01T01:08:48.965+0000] GC(1365) Using 8 workers of 8 for evacuation
[2025-08-01T01:08:49.039+0000] GC(1365)   Pre Evacuate Collection Set: 0.5ms
[2025-08-01T01:08:49.040+0000] GC(1365)   Merge Heap Roots: 0.3ms
[2025-08-01T01:08:49.040+0000] GC(1365)   Evacuate Collection Set: 72.3ms
[2025-08-01T01:08:49.040+0000] GC(1365)   Post Evacuate Collection Set: 1.1ms
[2025-08-01T01:08:49.040+0000] GC(1365)   Other: 0.3ms
[2025-08-01T01:08:49.040+0000] GC(1365) Eden regions: 258->0(398)
[2025-08-01T01:08:49.040+0000] GC(1365) Survivor regions: 50->39(39)
[2025-08-01T01:08:49.040+0000] GC(1365) Old regions: 447->618
[2025-08-01T01:08:49.040+0000] GC(1365) Archive regions: 2->2
[2025-08-01T01:08:49.040+0000] GC(1365) Humongous regions: 0->0
[2025-08-01T01:08:49.040+0000] GC(1365) Metaspace: 10061K(10304K)->10061K(10304K) NonClass: 8835K(8960K)->8835K(8960K) Class: 1225K(1344K)->1225K(1344K)
[2025-08-01T01:08:49.040+0000] GC(1365) Pause Young (Normal) (G1 Evacuation Pause) 1509M->1314M(4096M) 74.679ms
[2025-08-01T01:08:49.040+0000] GC(1365) User=0.54s Sys=0.03s Real=0.07s
[2025-08-01T01:08:49.135+0000] GC(1364) Concurrent Rebuild Remembered Sets 174.460ms
[2025-08-01T01:08:49.135+0000] GC(1364) Pause Cleanup
[2025-08-01T01:08:49.136+0000] GC(1364) Pause Cleanup 1810M->1810M(4096M) 0.949ms
[2025-08-01T01:08:49.136+0000] GC(1364) User=0.00s Sys=0.00s Real=0.00s
[2025-08-01T01:08:49.137+0000] GC(1364) Concurrent Cleanup for Next Mark
[2025-08-01T01:08:49.149+0000] GC(1364) Concurrent Cleanup for Next Mark 12.536ms
[2025-08-01T01:08:49.149+0000] GC(1364) Concurrent Mark Cycle 290.925ms
[2025-08-01T01:08:49.210+0000] GC(1366) Pause Young (Prepare Mixed) (G1 Evacuation Pause)
[2025-08-01T01:08:49.210+0000] GC(1366) Using 8 workers of 8 for evacuation
[2025-08-01T01:08:49.353+0000] GC(1366)   Pre Evacuate Collection Set: 0.7ms
[2025-08-01T01:08:49.353+0000] GC(1366)   Merge Heap Roots: 0.2ms
[2025-08-01T01:08:49.353+0000] GC(1366)   Evacuate Collection Set: 140.8ms
[2025-08-01T01:08:49.353+0000] GC(1366)   Post Evacuate Collection Set: 1.1ms
[2025-08-01T01:08:49.353+0000] GC(1366)   Other: 0.2ms
[2025-08-01T01:08:49.353+0000] GC(1366) Eden regions: 398->0(47)
[2025-08-01T01:08:49.353+0000] GC(1366) Survivor regions: 39->55(55)
[2025-08-01T01:08:49.353+0000] GC(1366) Old regions: 618->937
[2025-08-01T01:08:49.353+0000] GC(1366) Archive regions: 2->2
[2025-08-01T01:08:49.353+0000] GC(1366) Humongous regions: 0->0
[2025-08-01T01:08:49.353+0000] GC(1366) Metaspace: 10061K(10304K)->10061K(10304K) NonClass: 8835K(8960K)->8835K(8960K) Class: 1225K(1344K)->1225K(1344K)
[2025-08-01T01:08:49.353+0000] GC(1366) Pause Young (Prepare Mixed) (G1 Evacuation Pause) 2110M->1983M(4096M) 143.124ms
[2025-08-01T01:08:49.353+0000] GC(1366) User=1.08s Sys=0.03s Real=0.14s
[2025-08-01T01:08:49.360+0000] GC(1367) Pause Young (Mixed) (G1 Evacuation Pause)
[2025-08-01T01:08:49.360+0000] GC(1367) Using 8 workers of 8 for evacuation
[2025-08-01T01:08:49.392+0000] GC(1367)   Pre Evacuate Collection Set: 0.5ms
[2025-08-01T01:08:49.392+0000] GC(1367)   Merge Heap Roots: 0.2ms
[2025-08-01T01:08:49.392+0000] GC(1367)   Evacuate Collection Set: 29.9ms
[2025-08-01T01:08:49.392+0000] GC(1367)   Post Evacuate Collection Set: 1.0ms
[2025-08-01T01:08:49.392+0000] GC(1367)   Other: 0.2ms
[2025-08-01T01:08:49.392+0000] GC(1367) Eden regions: 47->0(272)
[2025-08-01T01:08:49.392+0000] GC(1367) Survivor regions: 55->13(13)
[2025-08-01T01:08:49.392+0000] GC(1367) Old regions: 937->998
[2025-08-01T01:08:49.392+0000] GC(1367) Archive regions: 2->2
[2025-08-01T01:08:49.392+0000] GC(1367) Humongous regions: 0->0
[2025-08-01T01:08:49.392+0000] GC(1367) Metaspace: 10061K(10304K)->10061K(10304K) NonClass: 8835K(8960K)->8835K(8960K) Class: 1225K(1344K)->1225K(1344K)
[2025-08-01T01:08:49.392+0000] GC(1367) Pause Young (Mixed) (G1 Evacuation Pause) 2077M->2022M(4096M) 31.852ms
[2025-08-01T01:08:49.392+0000] GC(1367) User=0.24s Sys=0.00s Real=0.03s
[2025-08-01T01:08:49.528+0000] GC(1368) Pause Young (Concurrent Start) (G1 Evacuation Pause)
[2025-08-01T01:08:49.528+0000] GC(1368) Using 8 workers of 8 for evacuation
[2025-08-01T01:08:49.620+0000] GC(1368)   Pre Evacuate Collection Set: 0.7ms
[2025-08-01T01:08:49.620+0000] GC(1368)   Merge Heap Roots: 0.2ms
[2025-08-01T01:08:49.620+0000] GC(1368)   Evacuate Collection Set: 89.5ms
[2025-08-01T01:08:49.620+0000] GC(1368)   Post Evacuate Collection Set: 1.3ms
[2025-08-01T01:08:49.620+0000] GC(1368)   Other: 0.3ms
[2025-08-01T01:08:49.620+0000] GC(1368) Eden regions: 272->0(183)
[2025-08-01T01:08:49.620+0000] GC(1368) Survivor regions: 13->36(36)
[2025-08-01T01:08:49.620+0000] GC(1368) Old regions: 998->1219
[2025-08-01T01:08:49.620+0000] GC(1368) Archive regions: 2->2
[2025-08-01T01:08:49.620+0000] GC(1368) Humongous regions: 0->0
[2025-08-01T01:08:49.620+0000] GC(1368) Metaspace: 10061K(10304K)->10061K(10304K) NonClass: 8835K(8960K)->8835K(8960K) Class: 1225K(1344K)->1225K(1344K)
[2025-08-01T01:08:49.620+0000] GC(1368) Pause Young (Concurrent Start) (G1 Evacuation Pause) 2566M->2510M(4096M) 92.226ms
[2025-08-01T01:08:49.620+0000] GC(1368) User=0.68s Sys=0.03s Real=0.09s
[2025-08-01T01:08:49.620+0000] GC(1369) Concurrent Mark Cycle
[2025-08-01T01:08:49.620+0000] GC(1369) Concurrent Clear Claimed Marks
[2025-08-01T01:08:49.620+0000] GC(1369) Concurrent Clear Claimed Marks 0.016ms
[2025-08-01T01:08:49.620+0000] GC(1369) Concurrent Scan Root Regions
[2025-08-01T01:08:49.675+0000] GC(1369) Concurrent Scan Root Regions 54.963ms
[2025-08-01T01:08:49.675+0000] GC(1369) Concurrent Mark
[2025-08-01T01:08:49.675+0000] GC(1369) Concurrent Mark From Roots
[2025-08-01T01:08:49.675+0000] GC(1369) Using 2 workers of 2 for marking
[2025-08-01T01:08:49.703+0000] GC(1370) Pause Young (Normal) (G1 Evacuation Pause)
[2025-08-01T01:08:49.703+0000] GC(1370) Using 8 workers of 8 for evacuation
[2025-08-01T01:08:49.755+0000] GC(1370)   Pre Evacuate Collection Set: 0.5ms
[2025-08-01T01:08:49.755+0000] GC(1370)   Merge Heap Roots: 0.8ms
[2025-08-01T01:08:49.755+0000] GC(1370)   Evacuate Collection Set: 49.7ms
[2025-08-01T01:08:49.756+0000] GC(1370)   Post Evacuate Collection Set: 1.3ms
[2025-08-01T01:08:49.756+0000] GC(1370)   Other: 0.3ms
[2025-08-01T01:08:49.756+0000] GC(1370) Eden regions: 183->0(144)
[2025-08-01T01:08:49.756+0000] GC(1370) Survivor regions: 36->28(28)
[2025-08-01T01:08:49.756+0000] GC(1370) Old regions: 1219->1360
[2025-08-01T01:08:49.756+0000] GC(1370) Archive regions: 2->2
[2025-08-01T01:08:49.756+0000] GC(1370) Humongous regions: 0->0
[2025-08-01T01:08:49.756+0000] GC(1370) Metaspace: 10061K(10304K)->10061K(10304K) NonClass: 8835K(8960K)->8835K(8960K) Class: 1225K(1344K)->1225K(1344K)
[2025-08-01T01:08:49.756+0000] GC(1370) Pause Young (Normal) (G1 Evacuation Pause) 2876M->2777M(4096M) 52.639ms
[2025-08-01T01:08:49.756+0000] GC(1370) User=0.38s Sys=0.00s Real=0.05s
[2025-08-01T01:08:49.784+0000] GC(1371) Pause Young (Normal) (G1 Evacuation Pause)
[2025-08-01T01:08:49.784+0000] GC(1371) Using 8 workers of 8 for evacuation
[2025-08-01T01:08:49.838+0000] GC(1371)   Pre Evacuate Collection Set: 0.4ms
[2025-08-01T01:08:49.838+0000] GC(1371)   Merge Heap Roots: 0.2ms
[2025-08-01T01:08:49.838+0000] GC(1371)   Evacuate Collection Set: 53.1ms
[2025-08-01T01:08:49.838+0000] GC(1371)   Post Evacuate Collection Set: 0.9ms
[2025-08-01T01:08:49.838+0000] GC(1371)   Other: 0.2ms
[2025-08-01T01:08:49.838+0000] GC(1371) Eden regions: 144->0(95)
[2025-08-01T01:08:49.838+0000] GC(1371) Survivor regions: 28->22(22)
[2025-08-01T01:08:49.838+0000] GC(1371) Old regions: 1360->1513
[2025-08-01T01:08:49.838+0000] GC(1371) Archive regions: 2->2
[2025-08-01T01:08:49.838+0000] GC(1371) Humongous regions: 0->0
[2025-08-01T01:08:49.838+0000] GC(1371) Metaspace: 10061K(10304K)->10061K(10304K) NonClass: 8835K(8960K)->8835K(8960K) Class: 1225K(1344K)->1225K(1344K)
[2025-08-01T01:08:49.838+0000] GC(1371) Pause Young (Normal) (G1 Evacuation Pause) 3065M->3071M(4096M) 54.849ms
[2025-08-01T01:08:49.838+0000] GC(1371) User=0.41s Sys=0.01s Real=0.05s
[2025-08-01T01:08:49.848+0000] GC(1369) Concurrent Mark From Roots 172.629ms
[2025-08-01T01:08:49.848+0000] GC(1369) Concurrent Preclean
[2025-08-01T01:08:49.856+0000] GC(1369) Concurrent Preclean 7.505ms
[2025-08-01T01:08:49.856+0000] GC(1369) Pause Remark
[2025-08-01T01:08:49.859+0000] GC(1369) Pause Remark 3122M->1736M(4096M) 2.951ms
[2025-08-01T01:08:49.859+0000] GC(1369) User=0.01s Sys=0.01s Real=0.00s
[2025-08-01T01:08:49.859+0000] GC(1369) Concurrent Mark 183.597ms
[2025-08-01T01:08:49.859+0000] GC(1369) Concurrent Rebuild Remembered Sets
[2025-08-01T01:08:49.904+0000] GC(1372) Pause Young (Normal) (G1 Evacuation Pause)
[2025-08-01T01:08:49.904+0000] GC(1372) Using 8 workers of 8 for evacuation
[2025-08-01T01:08:49.937+0000] GC(1372)   Pre Evacuate Collection Set: 0.3ms
[2025-08-01T01:08:49.937+0000] GC(1372)   Merge Heap Roots: 0.1ms
[2025-08-01T01:08:49.937+0000] GC(1372)   Evacuate Collection Set: 30.9ms
[2025-08-01T01:08:49.937+0000] GC(1372)   Post Evacuate Collection Set: 0.9ms
[2025-08-01T01:08:49.937+0000] GC(1372)   Other: 0.2ms
[2025-08-01T01:08:49.937+0000] GC(1372) Eden regions: 95->0(306)
[2025-08-01T01:08:49.937+0000] GC(1372) Survivor regions: 22->15(15)
[2025-08-01T01:08:49.937+0000] GC(1372) Old regions: 820->903
[2025-08-01T01:08:49.937+0000] GC(1372) Archive regions: 2->2
[2025-08-01T01:08:49.937+0000] GC(1372) Humongous regions: 0->0
[2025-08-01T01:08:49.937+0000] GC(1372) Metaspace: 10061K(10304K)->10061K(10304K) NonClass: 8835K(8960K)->8835K(8960K) Class: 1225K(1344K)->1225K(1344K)
[2025-08-01T01:08:49.937+0000] GC(1372) Pause Young (Normal) (G1 Evacuation Pause) 1875M->1837M(4096M) 32.617ms
[2025-08-01T01:08:49.937+0000] GC(1372) User=0.23s Sys=0.00s Real=0.03s
[2025-08-01T01:08:50.072+0000] GC(1369) Concurrent Rebuild Remembered Sets 213.334ms
[2025-08-01T01:08:50.073+0000] GC(1369) Pause Cleanup
[2025-08-01T01:08:50.073+0000] GC(1369) Pause Cleanup 2420M->2420M(4096M) 0.771ms
[2025-08-01T01:08:50.073+0000] GC(1369) User=0.00s Sys=0.00s Real=0.01s
[2025-08-01T01:08:50.074+0000] GC(1369) Concurrent Cleanup for Next Mark
[2025-08-01T01:08:50.081+0000] GC(1369) Concurrent Cleanup for Next Mark 7.530ms
[2025-08-01T01:08:50.081+0000] GC(1369) Concurrent Mark Cycle 460.847ms
[2025-08-01T01:08:50.089+0000] GC(1373) Pause Young (Prepare Mixed) (G1 Evacuation Pause)
[2025-08-01T01:08:50.089+0000] GC(1373) Using 8 workers of 8 for evacuation
[2025-08-01T01:08:50.148+0000] GC(1373)   Pre Evacuate Collection Set: 1.4ms
[2025-08-01T01:08:50.149+0000] GC(1373)   Merge Heap Roots: 0.6ms
[2025-08-01T01:08:50.149+0000] GC(1373)   Evacuate Collection Set: 56.0ms
[2025-08-01T01:08:50.149+0000] GC(1373)   Post Evacuate Collection Set: 1.2ms
[2025-08-01T01:08:50.149+0000] GC(1373)   Other: 0.2ms
[2025-08-01T01:08:50.149+0000] GC(1373) Eden regions: 306->0(61)
[2025-08-01T01:08:50.149+0000] GC(1373) Survivor regions: 15->41(41)
[2025-08-01T01:08:50.149+0000] GC(1373) Old regions: 903->1042
[2025-08-01T01:08:50.149+0000] GC(1373) Archive regions: 2->2
[2025-08-01T01:08:50.149+0000] GC(1373) Humongous regions: 0->0
[2025-08-01T01:08:50.149+0000] GC(1373) Metaspace: 10061K(10304K)->10061K(10304K) NonClass: 8835K(8960K)->8835K(8960K) Class: 1225K(1344K)->1225K(1344K)
[2025-08-01T01:08:50.149+0000] GC(1373) Pause Young (Prepare Mixed) (G1 Evacuation Pause) 2449M->2166M(4096M) 59.487ms
[2025-08-01T01:08:50.149+0000] GC(1373) User=0.45s Sys=0.01s Real=0.06s
[2025-08-01T01:08:50.159+0000] GC(1374) Pause Young (Mixed) (G1 Evacuation Pause)
[2025-08-01T01:08:50.159+0000] GC(1374) Using 8 workers of 8 for evacuation
[2025-08-01T01:08:50.198+0000] GC(1374)   Pre Evacuate Collection Set: 0.5ms
[2025-08-01T01:08:50.198+0000] GC(1374)   Merge Heap Roots: 0.3ms
[2025-08-01T01:08:50.198+0000] GC(1374)   Evacuate Collection Set: 36.8ms
[2025-08-01T01:08:50.198+0000] GC(1374)   Post Evacuate Collection Set: 0.7ms
[2025-08-01T01:08:50.198+0000] GC(1374)   Other: 0.2ms
[2025-08-01T01:08:50.198+0000] GC(1374) Eden regions: 61->0(243)
[2025-08-01T01:08:50.198+0000] GC(1374) Survivor regions: 41->13(13)
[2025-08-01T01:08:50.198+0000] GC(1374) Old regions: 1042->1105
[2025-08-01T01:08:50.198+0000] GC(1374) Archive regions: 2->2
[2025-08-01T01:08:50.198+0000] GC(1374) Humongous regions: 0->0
[2025-08-01T01:08:50.198+0000] GC(1374) Metaspace: 10061K(10304K)->10061K(10304K) NonClass: 8835K(8960K)->8835K(8960K) Class: 1225K(1344K)->1225K(1344K)
[2025-08-01T01:08:50.198+0000] GC(1374) Pause Young (Mixed) (G1 Evacuation Pause) 2288M->2237M(4096M) 38.703ms
[2025-08-01T01:08:50.198+0000] GC(1374) User=0.29s Sys=0.01s Real=0.04s
[2025-08-01T01:08:50.288+0000] GC(1375) Pause Young (Concurrent Start) (G1 Evacuation Pause)
[2025-08-01T01:08:50.288+0000] GC(1375) Using 8 workers of 8 for evacuation
[2025-08-01T01:08:50.384+0000] GC(1375)   Pre Evacuate Collection Set: 0.5ms
[2025-08-01T01:08:50.384+0000] GC(1375)   Merge Heap Roots: 0.3ms
[2025-08-01T01:08:50.384+0000] GC(1375)   Evacuate Collection Set: 93.9ms
[2025-08-01T01:08:50.384+0000] GC(1375)   Post Evacuate Collection Set: 1.2ms
[2025-08-01T01:08:50.384+0000] GC(1375)   Other: 0.3ms
[2025-08-01T01:08:50.384+0000] GC(1375) Eden regions: 243->0(151)
[2025-08-01T01:08:50.384+0000] GC(1375) Survivor regions: 13->32(32)
[2025-08-01T01:08:50.384+0000] GC(1375) Old regions: 1105->1330
[2025-08-01T01:08:50.384+0000] GC(1375) Archive regions: 2->2
[2025-08-01T01:08:50.384+0000] GC(1375) Humongous regions: 0->0
[2025-08-01T01:08:50.384+0000] GC(1375) Metaspace: 10061K(10304K)->10061K(10304K) NonClass: 8835K(8960K)->8835K(8960K) Class: 1225K(1344K)->1225K(1344K)
[2025-08-01T01:08:50.384+0000] GC(1375) Pause Young (Concurrent Start) (G1 Evacuation Pause) 2723M->2725M(4096M) 96.497ms
[2025-08-01T01:08:50.384+0000] GC(1375) User=0.69s Sys=0.04s Real=0.10s
[2025-08-01T01:08:50.384+0000] GC(1376) Concurrent Mark Cycle
[2025-08-01T01:08:50.384+0000] GC(1376) Concurrent Clear Claimed Marks
[2025-08-01T01:08:50.384+0000] GC(1376) Concurrent Clear Claimed Marks 0.026ms
[2025-08-01T01:08:50.384+0000] GC(1376) Concurrent Scan Root Regions
[2025-08-01T01:08:50.427+0000] GC(1376) Concurrent Scan Root Regions 43.075ms
[2025-08-01T01:08:50.427+0000] GC(1376) Concurrent Mark
[2025-08-01T01:08:50.427+0000] GC(1376) Concurrent Mark From Roots
[2025-08-01T01:08:50.427+0000] GC(1376) Using 2 workers of 2 for marking
[2025-08-01T01:08:50.459+0000] GC(1377) Pause Young (Normal) (G1 Evacuation Pause)
[2025-08-01T01:08:50.459+0000] GC(1377) Using 8 workers of 8 for evacuation
[2025-08-01T01:08:50.514+0000] GC(1377)   Pre Evacuate Collection Set: 0.3ms
[2025-08-01T01:08:50.514+0000] GC(1377)   Merge Heap Roots: 0.1ms
[2025-08-01T01:08:50.514+0000] GC(1377)   Evacuate Collection Set: 53.6ms
[2025-08-01T01:08:50.514+0000] GC(1377)   Post Evacuate Collection Set: 0.9ms
[2025-08-01T01:08:50.514+0000] GC(1377)   Other: 0.2ms
[2025-08-01T01:08:50.514+0000] GC(1377) Eden regions: 151->0(104)
[2025-08-01T01:08:50.514+0000] GC(1377) Survivor regions: 32->23(23)
[2025-08-01T01:08:50.514+0000] GC(1377) Old regions: 1330->1483
[2025-08-01T01:08:50.514+0000] GC(1377) Archive regions: 2->2
[2025-08-01T01:08:50.514+0000] GC(1377) Humongous regions: 0->0
[2025-08-01T01:08:50.514+0000] GC(1377) Metaspace: 10061K(10304K)->10061K(10304K) NonClass: 8835K(8960K)->8835K(8960K) Class: 1225K(1344K)->1225K(1344K)
[2025-08-01T01:08:50.514+0000] GC(1377) Pause Young (Normal) (G1 Evacuation Pause) 3027M->3012M(4096M) 55.224ms
[2025-08-01T01:08:50.514+0000] GC(1377) User=0.39s Sys=0.01s Real=0.06s
[2025-08-01T01:08:50.579+0000] GC(1378) Pause Young (Normal) (G1 Evacuation Pause)
[2025-08-01T01:08:50.579+0000] GC(1378) Using 8 workers of 8 for evacuation
[2025-08-01T01:08:50.610+0000] GC(1378)   Pre Evacuate Collection Set: 0.5ms
[2025-08-01T01:08:50.610+0000] GC(1378)   Merge Heap Roots: 0.2ms
[2025-08-01T01:08:50.610+0000] GC(1378)   Evacuate Collection Set: 29.7ms
[2025-08-01T01:08:50.610+0000] GC(1378)   Post Evacuate Collection Set: 1.0ms
[2025-08-01T01:08:50.610+0000] GC(1378)   Other: 0.2ms
[2025-08-01T01:08:50.610+0000] GC(1378) Eden regions: 104->0(86)
[2025-08-01T01:08:50.610+0000] GC(1378) Survivor regions: 23->16(16)
[2025-08-01T01:08:50.610+0000] GC(1378) Old regions: 1483->1570
[2025-08-01T01:08:50.610+0000] GC(1378) Archive regions: 2->2
[2025-08-01T01:08:50.610+0000] GC(1378) Humongous regions: 0->0
[2025-08-01T01:08:50.610+0000] GC(1378) Metaspace: 10061K(10304K)->10061K(10304K) NonClass: 8835K(8960K)->8835K(8960K) Class: 1225K(1344K)->1225K(1344K)
[2025-08-01T01:08:50.610+0000] GC(1378) Pause Young (Normal) (G1 Evacuation Pause) 3220M->3172M(4096M) 31.763ms
[2025-08-01T01:08:50.611+0000] GC(1378) User=0.22s Sys=0.01s Real=0.03s
[2025-08-01T01:08:50.624+0000] GC(1376) Concurrent Mark From Roots 196.702ms
[2025-08-01T01:08:50.624+0000] GC(1376) Concurrent Preclean
[2025-08-01T01:08:50.625+0000] GC(1376) Concurrent Preclean 0.327ms
[2025-08-01T01:08:50.625+0000] GC(1376) Pause Remark
[2025-08-01T01:08:50.628+0000] GC(1376) Pause Remark 3326M->1870M(4096M) 3.149ms
[2025-08-01T01:08:50.628+0000] GC(1376) User=0.01s Sys=0.00s Real=0.00s
[2025-08-01T01:08:50.628+0000] GC(1376) Concurrent Mark 200.791ms
[2025-08-01T01:08:50.628+0000] GC(1376) Concurrent Rebuild Remembered Sets
[2025-08-01T01:08:50.631+0000] GC(1379) Pause Young (Normal) (G1 Evacuation Pause)
[2025-08-01T01:08:50.631+0000] GC(1379) Using 8 workers of 8 for evacuation
[2025-08-01T01:08:50.660+0000] GC(1379)   Pre Evacuate Collection Set: 0.3ms
[2025-08-01T01:08:50.660+0000] GC(1379)   Merge Heap Roots: 0.1ms
[2025-08-01T01:08:50.660+0000] GC(1379)   Evacuate Collection Set: 27.8ms
[2025-08-01T01:08:50.660+0000] GC(1379)   Post Evacuate Collection Set: 0.9ms
[2025-08-01T01:08:50.660+0000] GC(1379)   Other: 0.3ms
[2025-08-01T01:08:50.660+0000] GC(1379) Eden regions: 86->0(290)
[2025-08-01T01:08:50.660+0000] GC(1379) Survivor regions: 16->13(13)
[2025-08-01T01:08:50.660+0000] GC(1379) Old regions: 842->933
[2025-08-01T01:08:50.660+0000] GC(1379) Archive regions: 2->2
[2025-08-01T01:08:50.660+0000] GC(1379) Humongous regions: 0->0
[2025-08-01T01:08:50.660+0000] GC(1379) Metaspace: 10061K(10304K)->10061K(10304K) NonClass: 8835K(8960K)->8835K(8960K) Class: 1225K(1344K)->1225K(1344K)
[2025-08-01T01:08:50.660+0000] GC(1379) Pause Young (Normal) (G1 Evacuation Pause) 1888M->1892M(4096M) 29.525ms
[2025-08-01T01:08:50.660+0000] GC(1379) User=0.22s Sys=0.00s Real=0.03s
[2025-08-01T01:08:50.767+0000] GC(1380) Pause Young (Normal) (G1 Evacuation Pause)
[2025-08-01T01:08:50.767+0000] GC(1380) Using 8 workers of 8 for evacuation
[2025-08-01T01:08:50.820+0000] GC(1380)   Pre Evacuate Collection Set: 0.8ms
[2025-08-01T01:08:50.820+0000] GC(1380)   Merge Heap Roots: 0.2ms
[2025-08-01T01:08:50.820+0000] GC(1380)   Evacuate Collection Set: 50.7ms
[2025-08-01T01:08:50.820+0000] GC(1380)   Post Evacuate Collection Set: 1.1ms
[2025-08-01T01:08:50.820+0000] GC(1380)   Other: 0.2ms
[2025-08-01T01:08:50.820+0000] GC(1380) Eden regions: 290->0(243)
[2025-08-01T01:08:50.820+0000] GC(1380) Survivor regions: 13->38(38)
[2025-08-01T01:08:50.820+0000] GC(1380) Old regions: 933->1077
[2025-08-01T01:08:50.820+0000] GC(1380) Archive regions: 2->2
[2025-08-01T01:08:50.820+0000] GC(1380) Humongous regions: 0->0
[2025-08-01T01:08:50.820+0000] GC(1380) Metaspace: 10061K(10304K)->10061K(10304K) NonClass: 8835K(8960K)->8835K(8960K) Class: 1225K(1344K)->1225K(1344K)
[2025-08-01T01:08:50.820+0000] GC(1380) Pause Young (Normal) (G1 Evacuation Pause) 2472M->2231M(4096M) 53.161ms
[2025-08-01T01:08:50.820+0000] GC(1380) User=0.40s Sys=0.01s Real=0.05s
[2025-08-01T01:08:50.916+0000] GC(1381) Pause Young (Normal) (G1 Evacuation Pause)
[2025-08-01T01:08:50.916+0000] GC(1381) Using 8 workers of 8 for evacuation
[2025-08-01T01:08:51.007+0000] GC(1381)   Pre Evacuate Collection Set: 0.6ms
[2025-08-01T01:08:51.007+0000] GC(1381)   Merge Heap Roots: 0.3ms
[2025-08-01T01:08:51.007+0000] GC(1381)   Evacuate Collection Set: 88.7ms
[2025-08-01T01:08:51.007+0000] GC(1381)   Post Evacuate Collection Set: 1.1ms
[2025-08-01T01:08:51.007+0000] GC(1381)   Other: 0.2ms
[2025-08-01T01:08:51.007+0000] GC(1381) Eden regions: 243->0(152)
[2025-08-01T01:08:51.007+0000] GC(1381) Survivor regions: 38->36(36)
[2025-08-01T01:08:51.007+0000] GC(1381) Old regions: 1077->1324
[2025-08-01T01:08:51.007+0000] GC(1381) Archive regions: 2->2
[2025-08-01T01:08:51.007+0000] GC(1381) Humongous regions: 0->0
[2025-08-01T01:08:51.007+0000] GC(1381) Metaspace: 10061K(10304K)->10061K(10304K) NonClass: 8835K(8960K)->8835K(8960K) Class: 1225K(1344K)->1225K(1344K)
[2025-08-01T01:08:51.007+0000] GC(1381) Pause Young (Normal) (G1 Evacuation Pause) 2717M->2721M(4096M) 91.129ms
[2025-08-01T01:08:51.007+0000] GC(1381) User=0.69s Sys=0.02s Real=0.09s
[2025-08-01T01:08:51.016+0000] GC(1376) Concurrent Rebuild Remembered Sets 387.768ms
[2025-08-01T01:08:51.016+0000] GC(1376) Pause Cleanup
[2025-08-01T01:08:51.017+0000] GC(1376) Pause Cleanup 2835M->2835M(4096M) 1.024ms
[2025-08-01T01:08:51.017+0000] GC(1376) User=0.00s Sys=0.00s Real=0.00s
[2025-08-01T01:08:51.018+0000] GC(1376) Concurrent Cleanup for Next Mark
[2025-08-01T01:08:51.030+0000] GC(1376) Concurrent Cleanup for Next Mark 12.013ms
[2025-08-01T01:08:51.030+0000] GC(1376) Concurrent Mark Cycle 645.525ms
[2025-08-01T01:08:51.085+0000] GC(1382) Pause Young (Prepare Mixed) (G1 Evacuation Pause)
[2025-08-01T01:08:51.085+0000] GC(1382) Using 8 workers of 8 for evacuation
[2025-08-01T01:08:51.158+0000] GC(1382)   Pre Evacuate Collection Set: 0.7ms
[2025-08-01T01:08:51.158+0000] GC(1382)   Merge Heap Roots: 0.8ms
[2025-08-01T01:08:51.158+0000] GC(1382)   Evacuate Collection Set: 70.8ms
[2025-08-01T01:08:51.158+0000] GC(1382)   Post Evacuate Collection Set: 0.9ms
[2025-08-01T01:08:51.158+0000] GC(1382)   Other: 0.2ms
[2025-08-01T01:08:51.158+0000] GC(1382) Eden regions: 152->0(78)
[2025-08-01T01:08:51.158+0000] GC(1382) Survivor regions: 36->24(24)
[2025-08-01T01:08:51.158+0000] GC(1382) Old regions: 1324->1463
[2025-08-01T01:08:51.158+0000] GC(1382) Archive regions: 2->2
[2025-08-01T01:08:51.158+0000] GC(1382) Humongous regions: 0->0
[2025-08-01T01:08:51.158+0000] GC(1382) Metaspace: 10061K(10304K)->10061K(10304K) NonClass: 8835K(8960K)->8835K(8960K) Class: 1225K(1344K)->1225K(1344K)
[2025-08-01T01:08:51.158+0000] GC(1382) Pause Young (Prepare Mixed) (G1 Evacuation Pause) 3025M->2974M(4096M) 73.545ms
[2025-08-01T01:08:51.158+0000] GC(1382) User=0.50s Sys=0.04s Real=0.07s
[2025-08-01T01:08:51.171+0000] GC(1383) Pause Young (Mixed) (G1 Evacuation Pause)
[2025-08-01T01:08:51.171+0000] GC(1383) Using 8 workers of 8 for evacuation
[2025-08-01T01:08:51.207+0000] GC(1383)   Pre Evacuate Collection Set: 0.8ms
[2025-08-01T01:08:51.207+0000] GC(1383)   Merge Heap Roots: 0.2ms
[2025-08-01T01:08:51.207+0000] GC(1383)   Evacuate Collection Set: 34.2ms
[2025-08-01T01:08:51.207+0000] GC(1383)   Post Evacuate Collection Set: 0.9ms
[2025-08-01T01:08:51.207+0000] GC(1383)   Other: 0.2ms
[2025-08-01T01:08:51.207+0000] GC(1383) Eden regions: 78->0(90)
[2025-08-01T01:08:51.207+0000] GC(1383) Survivor regions: 24->13(13)
[2025-08-01T01:08:51.207+0000] GC(1383) Old regions: 1463->1539
[2025-08-01T01:08:51.207+0000] GC(1383) Archive regions: 2->2
[2025-08-01T01:08:51.207+0000] GC(1383) Humongous regions: 0->0
[2025-08-01T01:08:51.207+0000] GC(1383) Metaspace: 10061K(10304K)->10061K(10304K) NonClass: 8835K(8960K)->8835K(8960K) Class: 1225K(1344K)->1225K(1344K)
[2025-08-01T01:08:51.208+0000] GC(1383) Pause Young (Mixed) (G1 Evacuation Pause) 3130M->3104M(4096M) 36.377ms
[2025-08-01T01:08:51.208+0000] GC(1383) User=0.26s Sys=0.01s Real=0.04s
[2025-08-01T01:08:51.274+0000] GC(1384) Pause Young (Concurrent Start) (G1 Evacuation Pause)
[2025-08-01T01:08:51.274+0000] GC(1384) Using 8 workers of 8 for evacuation
[2025-08-01T01:08:51.326+0000] GC(1384)   Pre Evacuate Collection Set: 0.7ms
[2025-08-01T01:08:51.326+0000] GC(1384)   Merge Heap Roots: 0.5ms
[2025-08-01T01:08:51.326+0000] GC(1384)   Evacuate Collection Set: 48.9ms
[2025-08-01T01:08:51.326+0000] GC(1384)   Post Evacuate Collection Set: 1.2ms
[2025-08-01T01:08:51.326+0000] GC(1384)   Other: 0.3ms
[2025-08-01T01:08:51.326+0000] GC(1384) Eden regions: 90->0(89)
[2025-08-01T01:08:51.326+0000] GC(1384) Survivor regions: 13->13(13)
[2025-08-01T01:08:51.326+0000] GC(1384) Old regions: 1539->1609
[2025-08-01T01:08:51.326+0000] GC(1384) Archive regions: 2->2
[2025-08-01T01:08:51.326+0000] GC(1384) Humongous regions: 0->0
[2025-08-01T01:08:51.326+0000] GC(1384) Metaspace: 10061K(10304K)->10061K(10304K) NonClass: 8835K(8960K)->8835K(8960K) Class: 1225K(1344K)->1225K(1344K)
[2025-08-01T01:08:51.326+0000] GC(1384) Pause Young (Concurrent Start) (G1 Evacuation Pause) 3284M->3245M(4096M) 51.877ms
[2025-08-01T01:08:51.326+0000] GC(1384) User=0.36s Sys=0.02s Real=0.05s
[2025-08-01T01:08:51.326+0000] GC(1385) Concurrent Mark Cycle
[2025-08-01T01:08:51.326+0000] GC(1385) Concurrent Clear Claimed Marks
[2025-08-01T01:08:51.326+0000] GC(1385) Concurrent Clear Claimed Marks 0.029ms
[2025-08-01T01:08:51.326+0000] GC(1385) Concurrent Scan Root Regions
[2025-08-01T01:08:51.361+0000] GC(1385) Concurrent Scan Root Regions 34.896ms
[2025-08-01T01:08:51.361+0000] GC(1385) Concurrent Mark
[2025-08-01T01:08:51.361+0000] GC(1386) Pause Young (Normal) (G1 Evacuation Pause)
[2025-08-01T01:08:51.361+0000] GC(1386) Using 8 workers of 8 for evacuation
[2025-08-01T01:08:51.361+0000] GC(1385) Concurrent Mark From Roots
[2025-08-01T01:08:51.361+0000] GC(1385) Using 2 workers of 2 for marking
[2025-08-01T01:08:51.430+0000] GC(1386)   Pre Evacuate Collection Set: 6.1ms
[2025-08-01T01:08:51.430+0000] GC(1386)   Merge Heap Roots: 0.2ms
[2025-08-01T01:08:51.430+0000] GC(1386)   Evacuate Collection Set: 66.0ms
[2025-08-01T01:08:51.430+0000] GC(1386)   Post Evacuate Collection Set: 1.5ms
[2025-08-01T01:08:51.431+0000] GC(1386)   Other: 0.3ms
[2025-08-01T01:08:51.431+0000] GC(1386) Eden regions: 89->0(89)
[2025-08-01T01:08:51.431+0000] GC(1386) Survivor regions: 13->13(13)
[2025-08-01T01:08:51.431+0000] GC(1386) Old regions: 1609->1700
[2025-08-01T01:08:51.431+0000] GC(1386) Archive regions: 2->2
[2025-08-01T01:08:51.431+0000] GC(1386) Humongous regions: 0->0
[2025-08-01T01:08:51.431+0000] GC(1386) Metaspace: 10061K(10304K)->10061K(10304K) NonClass: 8835K(8960K)->8835K(8960K) Class: 1225K(1344K)->1225K(1344K)
[2025-08-01T01:08:51.431+0000] GC(1386) Pause Young (Normal) (G1 Evacuation Pause) 3423M->3427M(4096M) 69.417ms
[2025-08-01T01:08:51.431+0000] GC(1386) User=0.49s Sys=0.03s Real=0.07s
[2025-08-01T01:08:51.502+0000] GC(1387) Pause Young (Normal) (G1 Evacuation Pause)
[2025-08-01T01:08:51.502+0000] GC(1387) Using 8 workers of 8 for evacuation
[2025-08-01T01:08:51.529+0000] GC(1387)   Pre Evacuate Collection Set: 0.7ms
[2025-08-01T01:08:51.529+0000] GC(1387)   Merge Heap Roots: 0.2ms
[2025-08-01T01:08:51.529+0000] GC(1387)   Evacuate Collection Set: 24.4ms
[2025-08-01T01:08:51.529+0000] GC(1387)   Post Evacuate Collection Set: 1.0ms
[2025-08-01T01:08:51.529+0000] GC(1387)   Other: 0.2ms
[2025-08-01T01:08:51.529+0000] GC(1387) Eden regions: 89->0(89)
[2025-08-01T01:08:51.529+0000] GC(1387) Survivor regions: 13->13(13)
[2025-08-01T01:08:51.529+0000] GC(1387) Old regions: 1700->1771
[2025-08-01T01:08:51.529+0000] GC(1387) Archive regions: 2->2
[2025-08-01T01:08:51.529+0000] GC(1387) Humongous regions: 0->0
[2025-08-01T01:08:51.529+0000] GC(1387) Metaspace: 10061K(10304K)->10061K(10304K) NonClass: 8835K(8960K)->8835K(8960K) Class: 1225K(1344K)->1225K(1344K)
[2025-08-01T01:08:51.529+0000] GC(1387) Pause Young (Normal) (G1 Evacuation Pause) 3605M->3569M(4096M) 26.671ms
[2025-08-01T01:08:51.529+0000] GC(1387) User=0.18s Sys=0.00s Real=0.03s
[2025-08-01T01:08:51.548+0000] GC(1388) Pause Young (Normal) (G1 Evacuation Pause)
[2025-08-01T01:08:51.548+0000] GC(1388) Using 8 workers of 8 for evacuation
[2025-08-01T01:08:51.584+0000] GC(1388)   Pre Evacuate Collection Set: 0.3ms
[2025-08-01T01:08:51.584+0000] GC(1388)   Merge Heap Roots: 0.2ms
[2025-08-01T01:08:51.584+0000] GC(1388)   Evacuate Collection Set: 34.8ms
[2025-08-01T01:08:51.585+0000] GC(1388)   Post Evacuate Collection Set: 0.9ms
[2025-08-01T01:08:51.585+0000] GC(1388)   Other: 0.4ms
[2025-08-01T01:08:51.585+0000] GC(1388) Eden regions: 89->0(89)
[2025-08-01T01:08:51.585+0000] GC(1388) Survivor regions: 13->13(13)
[2025-08-01T01:08:51.585+0000] GC(1388) Old regions: 1771->1862
[2025-08-01T01:08:51.585+0000] GC(1388) Archive regions: 2->2
[2025-08-01T01:08:51.585+0000] GC(1388) Humongous regions: 0->0
[2025-08-01T01:08:51.585+0000] GC(1388) Metaspace: 10061K(10304K)->10061K(10304K) NonClass: 8835K(8960K)->8835K(8960K) Class: 1225K(1344K)->1225K(1344K)
[2025-08-01T01:08:51.585+0000] GC(1388) Pause Young (Normal) (G1 Evacuation Pause) 3747M->3751M(4096M) 36.598ms
[2025-08-01T01:08:51.585+0000] GC(1388) User=0.25s Sys=0.01s Real=0.04s
[2025-08-01T01:08:51.620+0000] GC(1385) Concurrent Mark From Roots 258.570ms
[2025-08-01T01:08:51.620+0000] GC(1385) Concurrent Preclean
[2025-08-01T01:08:51.620+0000] GC(1385) Concurrent Preclean 0.307ms
[2025-08-01T01:08:51.620+0000] GC(1385) Pause Remark
[2025-08-01T01:08:51.624+0000] GC(1385) Pause Remark 3901M->1813M(4096M) 3.907ms
[2025-08-01T01:08:51.624+0000] GC(1385) User=0.01s Sys=0.00s Real=0.01s
[2025-08-01T01:08:51.624+0000] GC(1385) Concurrent Mark 263.206ms
[2025-08-01T01:08:51.624+0000] GC(1385) Concurrent Rebuild Remembered Sets
[2025-08-01T01:08:51.648+0000] GC(1389) Pause Young (Normal) (G1 Evacuation Pause)
[2025-08-01T01:08:51.648+0000] GC(1389) Using 8 workers of 8 for evacuation
[2025-08-01T01:08:51.677+0000] GC(1389)   Pre Evacuate Collection Set: 0.3ms
[2025-08-01T01:08:51.677+0000] GC(1389)   Merge Heap Roots: 0.2ms
[2025-08-01T01:08:51.677+0000] GC(1389)   Evacuate Collection Set: 26.9ms
[2025-08-01T01:08:51.677+0000] GC(1389)   Post Evacuate Collection Set: 0.9ms
[2025-08-01T01:08:51.677+0000] GC(1389)   Other: 0.2ms
[2025-08-01T01:08:51.677+0000] GC(1389) Eden regions: 89->0(300)
[2025-08-01T01:08:51.677+0000] GC(1389) Survivor regions: 13->13(13)
[2025-08-01T01:08:51.677+0000] GC(1389) Old regions: 818->882
[2025-08-01T01:08:51.677+0000] GC(1389) Archive regions: 2->2
[2025-08-01T01:08:51.677+0000] GC(1389) Humongous regions: 0->0
[2025-08-01T01:08:51.677+0000] GC(1389) Metaspace: 10061K(10304K)->10061K(10304K) NonClass: 8835K(8960K)->8835K(8960K) Class: 1225K(1344K)->1225K(1344K)
[2025-08-01T01:08:51.677+0000] GC(1389) Pause Young (Normal) (G1 Evacuation Pause) 1841M->1791M(4096M) 28.698ms
[2025-08-01T01:08:51.677+0000] GC(1389) User=0.21s Sys=0.00s Real=0.03s
[2025-08-01T01:08:51.778+0000] GC(1390) Pause Young (Normal) (G1 Evacuation Pause)
[2025-08-01T01:08:51.778+0000] GC(1390) Using 8 workers of 8 for evacuation
[2025-08-01T01:08:51.864+0000] GC(1390)   Pre Evacuate Collection Set: 0.4ms
[2025-08-01T01:08:51.864+0000] GC(1390)   Merge Heap Roots: 0.2ms
[2025-08-01T01:08:51.864+0000] GC(1390)   Evacuate Collection Set: 83.7ms
[2025-08-01T01:08:51.864+0000] GC(1390)   Post Evacuate Collection Set: 1.3ms
[2025-08-01T01:08:51.864+0000] GC(1390)   Other: 0.2ms
[2025-08-01T01:08:51.864+0000] GC(1390) Eden regions: 300->0(202)
[2025-08-01T01:08:51.864+0000] GC(1390) Survivor regions: 13->40(40)
[2025-08-01T01:08:51.864+0000] GC(1390) Old regions: 882->1157
[2025-08-01T01:08:51.864+0000] GC(1390) Archive regions: 2->2
[2025-08-01T01:08:51.864+0000] GC(1390) Humongous regions: 0->0
[2025-08-01T01:08:51.864+0000] GC(1390) Metaspace: 10061K(10304K)->10061K(10304K) NonClass: 8835K(8960K)->8835K(8960K) Class: 1225K(1344K)->1225K(1344K)
[2025-08-01T01:08:51.864+0000] GC(1390) Pause Young (Normal) (G1 Evacuation Pause) 2391M->2394M(4096M) 85.976ms
[2025-08-01T01:08:51.864+0000] GC(1390) User=0.67s Sys=0.00s Real=0.09s
[2025-08-01T01:08:51.915+0000] GC(1385) Concurrent Rebuild Remembered Sets 290.168ms
[2025-08-01T01:08:51.915+0000] GC(1385) Pause Cleanup
[2025-08-01T01:08:51.916+0000] GC(1385) Pause Cleanup 2489M->2489M(4096M) 0.713ms
[2025-08-01T01:08:51.916+0000] GC(1385) User=0.00s Sys=0.00s Real=0.00s
[2025-08-01T01:08:51.916+0000] GC(1385) Concurrent Cleanup for Next Mark
[2025-08-01T01:08:51.928+0000] GC(1385) Concurrent Cleanup for Next Mark 12.201ms
[2025-08-01T01:08:51.928+0000] GC(1385) Concurrent Mark Cycle 601.840ms
[2025-08-01T01:08:51.950+0000] GC(1391) Pause Young (Prepare Mixed) (G1 Evacuation Pause)
[2025-08-01T01:08:51.950+0000] GC(1391) Using 8 workers of 8 for evacuation
[2025-08-01T01:08:52.022+0000] GC(1391)   Pre Evacuate Collection Set: 0.5ms
[2025-08-01T01:08:52.022+0000] GC(1391)   Merge Heap Roots: 0.2ms
[2025-08-01T01:08:52.022+0000] GC(1391)   Evacuate Collection Set: 70.3ms
[2025-08-01T01:08:52.022+0000] GC(1391)   Post Evacuate Collection Set: 1.0ms
[2025-08-01T01:08:52.022+0000] GC(1391)   Other: 0.3ms
[2025-08-01T01:08:52.022+0000] GC(1391) Eden regions: 202->0(71)
[2025-08-01T01:08:52.022+0000] GC(1391) Survivor regions: 40->31(31)
[2025-08-01T01:08:52.022+0000] GC(1391) Old regions: 1157->1360
[2025-08-01T01:08:52.022+0000] GC(1391) Archive regions: 2->2
[2025-08-01T01:08:52.022+0000] GC(1391) Humongous regions: 0->0
[2025-08-01T01:08:52.022+0000] GC(1391) Metaspace: 10061K(10304K)->10061K(10304K) NonClass: 8835K(8960K)->8835K(8960K) Class: 1225K(1344K)->1225K(1344K)
[2025-08-01T01:08:52.022+0000] GC(1391) Pause Young (Prepare Mixed) (G1 Evacuation Pause) 2798M->2782M(4096M) 72.502ms
[2025-08-01T01:08:52.022+0000] GC(1391) User=0.55s Sys=0.01s Real=0.07s
[2025-08-01T01:08:52.085+0000] GC(1392) Pause Young (Mixed) (G1 Evacuation Pause)
[2025-08-01T01:08:52.085+0000] GC(1392) Using 8 workers of 8 for evacuation
[2025-08-01T01:08:52.116+0000] GC(1392)   Pre Evacuate Collection Set: 0.5ms
[2025-08-01T01:08:52.116+0000] GC(1392)   Merge Heap Roots: 0.2ms
[2025-08-01T01:08:52.116+0000] GC(1392)   Evacuate Collection Set: 29.5ms
[2025-08-01T01:08:52.116+0000] GC(1392)   Post Evacuate Collection Set: 1.4ms
[2025-08-01T01:08:52.116+0000] GC(1392)   Other: 0.2ms
[2025-08-01T01:08:52.116+0000] GC(1392) Eden regions: 71->0(158)
[2025-08-01T01:08:52.116+0000] GC(1392) Survivor regions: 31->13(13)
[2025-08-01T01:08:52.117+0000] GC(1392) Old regions: 1360->1322
[2025-08-01T01:08:52.117+0000] GC(1392) Archive regions: 2->2
[2025-08-01T01:08:52.117+0000] GC(1392) Humongous regions: 0->0
[2025-08-01T01:08:52.117+0000] GC(1392) Metaspace: 10061K(10304K)->10061K(10304K) NonClass: 8835K(8960K)->8835K(8960K) Class: 1225K(1344K)->1225K(1344K)
[2025-08-01T01:08:52.117+0000] GC(1392) Pause Young (Mixed) (G1 Evacuation Pause) 2924M->2671M(4096M) 31.830ms
[2025-08-01T01:08:52.117+0000] GC(1392) User=0.21s Sys=0.01s Real=0.03s
[2025-08-01T01:08:52.194+0000] GC(1393) Pause Young (Concurrent Start) (G1 Evacuation Pause)
[2025-08-01T01:08:52.194+0000] GC(1393) Using 8 workers of 8 for evacuation
[2025-08-01T01:08:52.282+0000] GC(1393)   Pre Evacuate Collection Set: 0.6ms
[2025-08-01T01:08:52.282+0000] GC(1393)   Merge Heap Roots: 0.2ms
[2025-08-01T01:08:52.282+0000] GC(1393)   Evacuate Collection Set: 84.6ms
[2025-08-01T01:08:52.282+0000] GC(1393)   Post Evacuate Collection Set: 1.4ms
[2025-08-01T01:08:52.282+0000] GC(1393)   Other: 0.5ms
[2025-08-01T01:08:52.282+0000] GC(1393) Eden regions: 158->0(122)
[2025-08-01T01:08:52.282+0000] GC(1393) Survivor regions: 13->22(22)
[2025-08-01T01:08:52.282+0000] GC(1393) Old regions: 1322->1435
[2025-08-01T01:08:52.282+0000] GC(1393) Archive regions: 2->2
[2025-08-01T01:08:52.282+0000] GC(1393) Humongous regions: 0->0
[2025-08-01T01:08:52.282+0000] GC(1393) Metaspace: 10061K(10304K)->10061K(10304K) NonClass: 8835K(8960K)->8835K(8960K) Class: 1225K(1344K)->1225K(1344K)
[2025-08-01T01:08:52.282+0000] GC(1393) Pause Young (Concurrent Start) (G1 Evacuation Pause) 2987M->2915M(4096M) 87.540ms
[2025-08-01T01:08:52.282+0000] GC(1393) User=0.62s Sys=0.03s Real=0.08s
[2025-08-01T01:08:52.282+0000] GC(1394) Concurrent Mark Cycle
[2025-08-01T01:08:52.282+0000] GC(1394) Concurrent Clear Claimed Marks
[2025-08-01T01:08:52.282+0000] GC(1394) Concurrent Clear Claimed Marks 0.040ms
[2025-08-01T01:08:52.282+0000] GC(1394) Concurrent Scan Root Regions
[2025-08-01T01:08:52.334+0000] GC(1394) Concurrent Scan Root Regions 51.680ms
[2025-08-01T01:08:52.334+0000] GC(1394) Concurrent Mark
[2025-08-01T01:08:52.334+0000] GC(1394) Concurrent Mark From Roots
[2025-08-01T01:08:52.334+0000] GC(1395) Pause Young (Normal) (G1 Evacuation Pause)
[2025-08-01T01:08:52.334+0000] GC(1395) Using 8 workers of 8 for evacuation
[2025-08-01T01:08:52.334+0000] GC(1394) Using 2 workers of 2 for marking
[2025-08-01T01:08:52.424+0000] GC(1395)   Pre Evacuate Collection Set: 6.1ms
[2025-08-01T01:08:52.424+0000] GC(1395)   Merge Heap Roots: 0.2ms
[2025-08-01T01:08:52.424+0000] GC(1395)   Evacuate Collection Set: 87.6ms
[2025-08-01T01:08:52.424+0000] GC(1395)   Post Evacuate Collection Set: 1.4ms
[2025-08-01T01:08:52.424+0000] GC(1395)   Other: 0.2ms
[2025-08-01T01:08:52.424+0000] GC(1395) Eden regions: 122->0(84)
[2025-08-01T01:08:52.424+0000] GC(1395) Survivor regions: 22->18(18)
[2025-08-01T01:08:52.424+0000] GC(1395) Old regions: 1435->1563
[2025-08-01T01:08:52.424+0000] GC(1395) Archive regions: 2->2
[2025-08-01T01:08:52.424+0000] GC(1395) Humongous regions: 0->0
[2025-08-01T01:08:52.424+0000] GC(1395) Metaspace: 10061K(10304K)->10061K(10304K) NonClass: 8835K(8960K)->8835K(8960K) Class: 1225K(1344K)->1225K(1344K)
[2025-08-01T01:08:52.424+0000] GC(1395) Pause Young (Normal) (G1 Evacuation Pause) 3159M->3162M(4096M) 90.271ms
[2025-08-01T01:08:52.424+0000] GC(1395) User=0.65s Sys=0.03s Real=0.09s
[2025-08-01T01:08:52.489+0000] GC(1396) Pause Young (Normal) (G1 Evacuation Pause)
[2025-08-01T01:08:52.489+0000] GC(1396) Using 8 workers of 8 for evacuation
[2025-08-01T01:08:52.516+0000] GC(1396)   Pre Evacuate Collection Set: 0.7ms
[2025-08-01T01:08:52.516+0000] GC(1396)   Merge Heap Roots: 0.2ms
[2025-08-01T01:08:52.516+0000] GC(1396)   Evacuate Collection Set: 25.8ms
[2025-08-01T01:08:52.516+0000] GC(1396)   Post Evacuate Collection Set: 0.9ms
[2025-08-01T01:08:52.516+0000] GC(1396)   Other: 0.2ms
[2025-08-01T01:08:52.516+0000] GC(1396) Eden regions: 84->0(89)
[2025-08-01T01:08:52.516+0000] GC(1396) Survivor regions: 18->13(13)
[2025-08-01T01:08:52.516+0000] GC(1396) Old regions: 1563->1627
[2025-08-01T01:08:52.516+0000] GC(1396) Archive regions: 2->2
[2025-08-01T01:08:52.516+0000] GC(1396) Humongous regions: 0->0
[2025-08-01T01:08:52.516+0000] GC(1396) Metaspace: 10061K(10304K)->10061K(10304K) NonClass: 8835K(8960K)->8835K(8960K) Class: 1225K(1344K)->1225K(1344K)
[2025-08-01T01:08:52.516+0000] GC(1396) Pause Young (Normal) (G1 Evacuation Pause) 3330M->3281M(4096M) 27.916ms
[2025-08-01T01:08:52.516+0000] GC(1396) User=0.19s Sys=0.00s Real=0.03s
[2025-08-01T01:08:52.534+0000] GC(1397) Pause Young (Normal) (G1 Evacuation Pause)
[2025-08-01T01:08:52.534+0000] GC(1397) Using 8 workers of 8 for evacuation
[2025-08-01T01:08:52.572+0000] GC(1397)   Pre Evacuate Collection Set: 0.6ms
[2025-08-01T01:08:52.572+0000] GC(1397)   Merge Heap Roots: 0.2ms
[2025-08-01T01:08:52.572+0000] GC(1397)   Evacuate Collection Set: 36.8ms
[2025-08-01T01:08:52.572+0000] GC(1397)   Post Evacuate Collection Set: 0.7ms
[2025-08-01T01:08:52.572+0000] GC(1397)   Other: 0.2ms
[2025-08-01T01:08:52.572+0000] GC(1397) Eden regions: 89->0(89)
[2025-08-01T01:08:52.572+0000] GC(1397) Survivor regions: 13->13(13)
[2025-08-01T01:08:52.572+0000] GC(1397) Old regions: 1627->1718
[2025-08-01T01:08:52.572+0000] GC(1397) Archive regions: 2->2
[2025-08-01T01:08:52.572+0000] GC(1397) Humongous regions: 0->0
[2025-08-01T01:08:52.572+0000] GC(1397) Metaspace: 10061K(10304K)->10061K(10304K) NonClass: 8835K(8960K)->8835K(8960K) Class: 1225K(1344K)->1225K(1344K)
[2025-08-01T01:08:52.572+0000] GC(1397) Pause Young (Normal) (G1 Evacuation Pause) 3459M->3462M(4096M) 38.574ms
[2025-08-01T01:08:52.572+0000] GC(1397) User=0.27s Sys=0.01s Real=0.03s
[2025-08-01T01:08:52.577+0000] GC(1394) Concurrent Mark From Roots 243.288ms
[2025-08-01T01:08:52.577+0000] GC(1394) Concurrent Preclean
[2025-08-01T01:08:52.578+0000] GC(1394) Concurrent Preclean 0.212ms
[2025-08-01T01:08:52.578+0000] GC(1394) Pause Remark
[2025-08-01T01:08:52.582+0000] GC(1394) Pause Remark 3512M->1614M(4096M) 4.288ms
[2025-08-01T01:08:52.582+0000] GC(1394) User=0.01s Sys=0.00s Real=0.00s
[2025-08-01T01:08:52.583+0000] GC(1394) Concurrent Mark 248.497ms
[2025-08-01T01:08:52.583+0000] GC(1394) Concurrent Rebuild Remembered Sets
[2025-08-01T01:08:52.595+0000] GC(1398) Pause Young (Normal) (G1 Evacuation Pause)
[2025-08-01T01:08:52.595+0000] GC(1398) Using 8 workers of 8 for evacuation
[2025-08-01T01:08:52.626+0000] GC(1398)   Pre Evacuate Collection Set: 0.3ms
[2025-08-01T01:08:52.626+0000] GC(1398)   Merge Heap Roots: 0.1ms
[2025-08-01T01:08:52.626+0000] GC(1398)   Evacuate Collection Set: 29.3ms
[2025-08-01T01:08:52.626+0000] GC(1398)   Post Evacuate Collection Set: 0.8ms
[2025-08-01T01:08:52.626+0000] GC(1398)   Other: 0.2ms
[2025-08-01T01:08:52.626+0000] GC(1398) Eden regions: 89->0(310)
[2025-08-01T01:08:52.626+0000] GC(1398) Survivor regions: 13->13(13)
[2025-08-01T01:08:52.626+0000] GC(1398) Old regions: 769->859
[2025-08-01T01:08:52.626+0000] GC(1398) Archive regions: 2->2
[2025-08-01T01:08:52.626+0000] GC(1398) Humongous regions: 0->0
[2025-08-01T01:08:52.626+0000] GC(1398) Metaspace: 10061K(10304K)->10061K(10304K) NonClass: 8835K(8960K)->8835K(8960K) Class: 1225K(1344K)->1225K(1344K)
[2025-08-01T01:08:52.626+0000] GC(1398) Pause Young (Normal) (G1 Evacuation Pause) 1742M->1745M(4096M) 30.935ms
[2025-08-01T01:08:52.626+0000] GC(1398) User=0.22s Sys=0.01s Real=0.03s
[2025-08-01T01:08:52.747+0000] GC(1399) Pause Young (Normal) (G1 Evacuation Pause)
[2025-08-01T01:08:52.747+0000] GC(1399) Using 8 workers of 8 for evacuation
[2025-08-01T01:08:52.829+0000] GC(1399)   Pre Evacuate Collection Set: 0.5ms
[2025-08-01T01:08:52.829+0000] GC(1399)   Merge Heap Roots: 0.2ms
[2025-08-01T01:08:52.829+0000] GC(1399)   Evacuate Collection Set: 80.5ms
[2025-08-01T01:08:52.829+0000] GC(1399)   Post Evacuate Collection Set: 1.1ms
[2025-08-01T01:08:52.829+0000] GC(1399)   Other: 0.2ms
[2025-08-01T01:08:52.829+0000] GC(1399) Eden regions: 310->0(246)
[2025-08-01T01:08:52.829+0000] GC(1399) Survivor regions: 13->41(41)
[2025-08-01T01:08:52.829+0000] GC(1399) Old regions: 859->1043
[2025-08-01T01:08:52.829+0000] GC(1399) Archive regions: 2->2
[2025-08-01T01:08:52.829+0000] GC(1399) Humongous regions: 0->0
[2025-08-01T01:08:52.829+0000] GC(1399) Metaspace: 10061K(10304K)->10061K(10304K) NonClass: 8835K(8960K)->8835K(8960K) Class: 1225K(1344K)->1225K(1344K)
[2025-08-01T01:08:52.829+0000] GC(1399) Pause Young (Normal) (G1 Evacuation Pause) 2365M->2169M(4096M) 82.732ms
[2025-08-01T01:08:52.829+0000] GC(1399) User=0.62s Sys=0.02s Real=0.08s
[2025-08-01T01:08:52.872+0000] GC(1394) Concurrent Rebuild Remembered Sets 289.671ms
[2025-08-01T01:08:52.872+0000] GC(1394) Pause Cleanup
[2025-08-01T01:08:52.873+0000] GC(1394) Pause Cleanup 2457M->2457M(4096M) 0.717ms
[2025-08-01T01:08:52.873+0000] GC(1394) User=0.00s Sys=0.00s Real=0.01s
[2025-08-01T01:08:52.873+0000] GC(1394) Concurrent Cleanup for Next Mark
[2025-08-01T01:08:52.882+0000] GC(1394) Concurrent Cleanup for Next Mark 8.837ms
[2025-08-01T01:08:52.882+0000] GC(1394) Concurrent Mark Cycle 600.020ms
[2025-08-01T01:08:52.920+0000] GC(1400) Pause Young (Prepare Mixed) (G1 Evacuation Pause)
[2025-08-01T01:08:52.920+0000] GC(1400) Using 8 workers of 8 for evacuation
[2025-08-01T01:08:53.002+0000] GC(1400)   Pre Evacuate Collection Set: 0.6ms
[2025-08-01T01:08:53.002+0000] GC(1400)   Merge Heap Roots: 0.1ms
[2025-08-01T01:08:53.002+0000] GC(1400)   Evacuate Collection Set: 80.9ms
[2025-08-01T01:08:53.002+0000] GC(1400)   Post Evacuate Collection Set: 1.1ms
[2025-08-01T01:08:53.003+0000] GC(1400)   Other: 0.2ms
[2025-08-01T01:08:53.003+0000] GC(1400) Eden regions: 246->0(66)
[2025-08-01T01:08:53.003+0000] GC(1400) Survivor regions: 41->36(36)
[2025-08-01T01:08:53.003+0000] GC(1400) Old regions: 1043->1233
[2025-08-01T01:08:53.003+0000] GC(1400) Archive regions: 2->2
[2025-08-01T01:08:53.003+0000] GC(1400) Humongous regions: 0->0
[2025-08-01T01:08:53.003+0000] GC(1400) Metaspace: 10061K(10304K)->10061K(10304K) NonClass: 8835K(8960K)->8835K(8960K) Class: 1225K(1344K)->1225K(1344K)
[2025-08-01T01:08:53.003+0000] GC(1400) Pause Young (Prepare Mixed) (G1 Evacuation Pause) 2661M->2538M(4096M) 83.092ms
[2025-08-01T01:08:53.003+0000] GC(1400) User=0.60s Sys=0.02s Real=0.08s
[2025-08-01T01:08:53.013+0000] GC(1401) Pause Young (Mixed) (G1 Evacuation Pause)
[2025-08-01T01:08:53.013+0000] GC(1401) Using 8 workers of 8 for evacuation
[2025-08-01T01:08:53.044+0000] GC(1401)   Pre Evacuate Collection Set: 0.5ms
[2025-08-01T01:08:53.044+0000] GC(1401)   Merge Heap Roots: 0.1ms
[2025-08-01T01:08:53.044+0000] GC(1401)   Evacuate Collection Set: 28.6ms
[2025-08-01T01:08:53.044+0000] GC(1401)   Post Evacuate Collection Set: 1.0ms
[2025-08-01T01:08:53.044+0000] GC(1401)   Other: 0.2ms
[2025-08-01T01:08:53.044+0000] GC(1401) Eden regions: 66->0(182)
[2025-08-01T01:08:53.044+0000] GC(1401) Survivor regions: 36->13(13)
[2025-08-01T01:08:53.044+0000] GC(1401) Old regions: 1233->1258
[2025-08-01T01:08:53.044+0000] GC(1401) Archive regions: 2->2
[2025-08-01T01:08:53.044+0000] GC(1401) Humongous regions: 0->0
[2025-08-01T01:08:53.044+0000] GC(1401) Metaspace: 10061K(10304K)->10061K(10304K) NonClass: 8835K(8960K)->8835K(8960K) Class: 1225K(1344K)->1225K(1344K)
[2025-08-01T01:08:53.044+0000] GC(1401) Pause Young (Mixed) (G1 Evacuation Pause) 2670M->2543M(4096M) 30.708ms
[2025-08-01T01:08:53.044+0000] GC(1401) User=0.23s Sys=0.00s Real=0.03s
[2025-08-01T01:08:53.124+0000] GC(1402) Pause Young (Concurrent Start) (G1 Evacuation Pause)
[2025-08-01T01:08:53.124+0000] GC(1402) Using 8 workers of 8 for evacuation
[2025-08-01T01:08:53.177+0000] GC(1402)   Pre Evacuate Collection Set: 1.1ms
[2025-08-01T01:08:53.177+0000] GC(1402)   Merge Heap Roots: 0.2ms
[2025-08-01T01:08:53.177+0000] GC(1402)   Evacuate Collection Set: 49.7ms
[2025-08-01T01:08:53.177+0000] GC(1402)   Post Evacuate Collection Set: 1.1ms
[2025-08-01T01:08:53.177+0000] GC(1402)   Other: 0.3ms
[2025-08-01T01:08:53.177+0000] GC(1402) Eden regions: 182->0(131)
[2025-08-01T01:08:53.177+0000] GC(1402) Survivor regions: 13->25(25)
[2025-08-01T01:08:53.177+0000] GC(1402) Old regions: 1258->1400
[2025-08-01T01:08:53.177+0000] GC(1402) Archive regions: 2->2
[2025-08-01T01:08:53.177+0000] GC(1402) Humongous regions: 0->0
[2025-08-01T01:08:53.177+0000] GC(1402) Metaspace: 10061K(10304K)->10061K(10304K) NonClass: 8835K(8960K)->8835K(8960K) Class: 1225K(1344K)->1225K(1344K)
[2025-08-01T01:08:53.177+0000] GC(1402) Pause Young (Concurrent Start) (G1 Evacuation Pause) 2907M->2850M(4096M) 52.713ms
[2025-08-01T01:08:53.177+0000] GC(1402) User=0.39s Sys=0.00s Real=0.05s
[2025-08-01T01:08:53.177+0000] GC(1403) Concurrent Mark Cycle
[2025-08-01T01:08:53.177+0000] GC(1403) Concurrent Clear Claimed Marks
[2025-08-01T01:08:53.177+0000] GC(1403) Concurrent Clear Claimed Marks 0.023ms
[2025-08-01T01:08:53.177+0000] GC(1403) Concurrent Scan Root Regions
[2025-08-01T01:08:53.209+0000] GC(1403) Concurrent Scan Root Regions 31.473ms
[2025-08-01T01:08:53.209+0000] GC(1403) Concurrent Mark
[2025-08-01T01:08:53.209+0000] GC(1403) Concurrent Mark From Roots
[2025-08-01T01:08:53.209+0000] GC(1403) Using 2 workers of 2 for marking
[2025-08-01T01:08:53.257+0000] GC(1404) Pause Young (Normal) (G1 Evacuation Pause)
[2025-08-01T01:08:53.257+0000] GC(1404) Using 8 workers of 8 for evacuation
[2025-08-01T01:08:53.321+0000] GC(1404)   Pre Evacuate Collection Set: 0.6ms
[2025-08-01T01:08:53.321+0000] GC(1404)   Merge Heap Roots: 0.2ms
[2025-08-01T01:08:53.321+0000] GC(1404)   Evacuate Collection Set: 61.2ms
[2025-08-01T01:08:53.321+0000] GC(1404)   Post Evacuate Collection Set: 1.0ms
[2025-08-01T01:08:53.321+0000] GC(1404)   Other: 0.2ms
[2025-08-01T01:08:53.321+0000] GC(1404) Eden regions: 131->0(87)
[2025-08-01T01:08:53.321+0000] GC(1404) Survivor regions: 25->20(20)
[2025-08-01T01:08:53.321+0000] GC(1404) Old regions: 1400->1538
[2025-08-01T01:08:53.321+0000] GC(1404) Archive regions: 2->2
[2025-08-01T01:08:53.321+0000] GC(1404) Humongous regions: 0->0
[2025-08-01T01:08:53.321+0000] GC(1404) Metaspace: 10061K(10304K)->10061K(10304K) NonClass: 8835K(8960K)->8835K(8960K) Class: 1225K(1344K)->1225K(1344K)
[2025-08-01T01:08:53.321+0000] GC(1404) Pause Young (Normal) (G1 Evacuation Pause) 3112M->3116M(4096M) 63.416ms
[2025-08-01T01:08:53.321+0000] GC(1404) User=0.46s Sys=0.01s Real=0.06s
[2025-08-01T01:08:53.341+0000] GC(1405) Pause Young (Normal) (G1 Evacuation Pause)
[2025-08-01T01:08:53.341+0000] GC(1405) Using 8 workers of 8 for evacuation
[2025-08-01T01:08:53.381+0000] GC(1405)   Pre Evacuate Collection Set: 0.3ms
[2025-08-01T01:08:53.381+0000] GC(1405)   Merge Heap Roots: 0.1ms
[2025-08-01T01:08:53.381+0000] GC(1405)   Evacuate Collection Set: 38.5ms
[2025-08-01T01:08:53.381+0000] GC(1405)   Post Evacuate Collection Set: 1.0ms
[2025-08-01T01:08:53.381+0000] GC(1405)   Other: 0.2ms
[2025-08-01T01:08:53.381+0000] GC(1405) Eden regions: 87->0(88)
[2025-08-01T01:08:53.381+0000] GC(1405) Survivor regions: 20->14(14)
[2025-08-01T01:08:53.381+0000] GC(1405) Old regions: 1538->1633
[2025-08-01T01:08:53.381+0000] GC(1405) Archive regions: 2->2
[2025-08-01T01:08:53.381+0000] GC(1405) Humongous regions: 0->0
[2025-08-01T01:08:53.381+0000] GC(1405) Metaspace: 10061K(10304K)->10061K(10304K) NonClass: 8835K(8960K)->8835K(8960K) Class: 1225K(1344K)->1225K(1344K)
[2025-08-01T01:08:53.381+0000] GC(1405) Pause Young (Normal) (G1 Evacuation Pause) 3290M->3294M(4096M) 40.346ms
[2025-08-01T01:08:53.381+0000] GC(1405) User=0.29s Sys=0.01s Real=0.04s
[2025-08-01T01:08:53.407+0000] GC(1403) Concurrent Mark From Roots 197.942ms
[2025-08-01T01:08:53.407+0000] GC(1403) Concurrent Preclean
[2025-08-01T01:08:53.407+0000] GC(1403) Concurrent Preclean 0.348ms
[2025-08-01T01:08:53.407+0000] GC(1403) Pause Remark
[2025-08-01T01:08:53.410+0000] GC(1403) Pause Remark 3422M->1616M(4096M) 2.742ms
[2025-08-01T01:08:53.410+0000] GC(1403) User=0.01s Sys=0.01s Real=0.00s
[2025-08-01T01:08:53.410+0000] GC(1403) Concurrent Mark 201.470ms
[2025-08-01T01:08:53.410+0000] GC(1403) Concurrent Rebuild Remembered Sets
[2025-08-01T01:08:53.440+0000] GC(1406) Pause Young (Normal) (G1 Evacuation Pause)
[2025-08-01T01:08:53.440+0000] GC(1406) Using 8 workers of 8 for evacuation
[2025-08-01T01:08:53.475+0000] GC(1406)   Pre Evacuate Collection Set: 0.5ms
[2025-08-01T01:08:53.475+0000] GC(1406)   Merge Heap Roots: 0.4ms
[2025-08-01T01:08:53.475+0000] GC(1406)   Evacuate Collection Set: 33.1ms
[2025-08-01T01:08:53.475+0000] GC(1406)   Post Evacuate Collection Set: 0.7ms
[2025-08-01T01:08:53.475+0000] GC(1406)   Other: 0.2ms
[2025-08-01T01:08:53.475+0000] GC(1406) Eden regions: 88->0(328)
[2025-08-01T01:08:53.475+0000] GC(1406) Survivor regions: 14->13(13)
[2025-08-01T01:08:53.475+0000] GC(1406) Old regions: 730->818
[2025-08-01T01:08:53.475+0000] GC(1406) Archive regions: 2->2
[2025-08-01T01:08:53.475+0000] GC(1406) Humongous regions: 0->0
[2025-08-01T01:08:53.475+0000] GC(1406) Metaspace: 10061K(10304K)->10061K(10304K) NonClass: 8835K(8960K)->8835K(8960K) Class: 1225K(1344K)->1225K(1344K)
[2025-08-01T01:08:53.475+0000] GC(1406) Pause Young (Normal) (G1 Evacuation Pause) 1664M->1662M(4096M) 35.275ms
[2025-08-01T01:08:53.475+0000] GC(1406) User=0.23s Sys=0.00s Real=0.04s
[2025-08-01T01:08:53.588+0000] GC(1407) Pause Young (Normal) (G1 Evacuation Pause)
[2025-08-01T01:08:53.588+0000] GC(1407) Using 8 workers of 8 for evacuation
[2025-08-01T01:08:53.673+0000] GC(1407)   Pre Evacuate Collection Set: 0.6ms
[2025-08-01T01:08:53.673+0000] GC(1407)   Merge Heap Roots: 1.8ms
[2025-08-01T01:08:53.673+0000] GC(1407)   Evacuate Collection Set: 81.0ms
[2025-08-01T01:08:53.673+0000] GC(1407)   Post Evacuate Collection Set: 1.1ms
[2025-08-01T01:08:53.673+0000] GC(1407)   Other: 0.3ms
[2025-08-01T01:08:53.673+0000] GC(1407) Eden regions: 328->0(247)
[2025-08-01T01:08:53.673+0000] GC(1407) Survivor regions: 13->43(43)
[2025-08-01T01:08:53.673+0000] GC(1407) Old regions: 818->1032
[2025-08-01T01:08:53.673+0000] GC(1407) Archive regions: 2->2
[2025-08-01T01:08:53.673+0000] GC(1407) Humongous regions: 0->0
[2025-08-01T01:08:53.673+0000] GC(1407) Metaspace: 10061K(10304K)->10061K(10304K) NonClass: 8835K(8960K)->8835K(8960K) Class: 1225K(1344K)->1225K(1344K)
[2025-08-01T01:08:53.673+0000] GC(1407) Pause Young (Normal) (G1 Evacuation Pause) 2318M->2150M(4096M) 85.007ms
[2025-08-01T01:08:53.673+0000] GC(1407) User=0.58s Sys=0.02s Real=0.08s
[2025-08-01T01:08:53.701+0000] GC(1403) Concurrent Rebuild Remembered Sets 291.159ms
[2025-08-01T01:08:53.702+0000] GC(1403) Pause Cleanup
[2025-08-01T01:08:53.703+0000] GC(1403) Pause Cleanup 2438M->2438M(4096M) 1.085ms
[2025-08-01T01:08:53.703+0000] GC(1403) User=0.00s Sys=0.00s Real=0.01s
[2025-08-01T01:08:53.703+0000] GC(1403) Concurrent Cleanup for Next Mark
[2025-08-01T01:08:53.713+0000] GC(1403) Concurrent Cleanup for Next Mark 9.447ms
[2025-08-01T01:08:53.713+0000] GC(1403) Concurrent Mark Cycle 535.729ms
[2025-08-01T01:08:53.760+0000] GC(1408) Pause Young (Prepare Mixed) (G1 Evacuation Pause)
[2025-08-01T01:08:53.761+0000] GC(1408) Using 8 workers of 8 for evacuation
[2025-08-01T01:08:53.839+0000] GC(1408)   Pre Evacuate Collection Set: 1.4ms
[2025-08-01T01:08:53.839+0000] GC(1408)   Merge Heap Roots: 0.1ms
[2025-08-01T01:08:53.839+0000] GC(1408)   Evacuate Collection Set: 76.2ms
[2025-08-01T01:08:53.839+0000] GC(1408)   Post Evacuate Collection Set: 1.0ms
[2025-08-01T01:08:53.839+0000] GC(1408)   Other: 0.2ms
[2025-08-01T01:08:53.839+0000] GC(1408) Eden regions: 247->0(65)
[2025-08-01T01:08:53.839+0000] GC(1408) Survivor regions: 43->37(37)
[2025-08-01T01:08:53.839+0000] GC(1408) Old regions: 1032->1217
[2025-08-01T01:08:53.839+0000] GC(1408) Archive regions: 2->2
[2025-08-01T01:08:53.839+0000] GC(1408) Humongous regions: 0->0
[2025-08-01T01:08:53.840+0000] GC(1408) Metaspace: 10061K(10304K)->10061K(10304K) NonClass: 8835K(8960K)->8835K(8960K) Class: 1225K(1344K)->1225K(1344K)
[2025-08-01T01:08:53.840+0000] GC(1408) Pause Young (Prepare Mixed) (G1 Evacuation Pause) 2644M->2508M(4096M) 79.084ms
[2025-08-01T01:08:53.840+0000] GC(1408) User=0.58s Sys=0.02s Real=0.08s
[2025-08-01T01:08:53.851+0000] GC(1409) Pause Young (Mixed) (G1 Evacuation Pause)
[2025-08-01T01:08:53.851+0000] GC(1409) Using 8 workers of 8 for evacuation
[2025-08-01T01:08:53.888+0000] GC(1409)   Pre Evacuate Collection Set: 0.3ms
[2025-08-01T01:08:53.888+0000] GC(1409)   Merge Heap Roots: 0.1ms
[2025-08-01T01:08:53.888+0000] GC(1409)   Evacuate Collection Set: 35.5ms
[2025-08-01T01:08:53.888+0000] GC(1409)   Post Evacuate Collection Set: 0.5ms
[2025-08-01T01:08:53.888+0000] GC(1409)   Other: 0.2ms
[2025-08-01T01:08:53.888+0000] GC(1409) Eden regions: 65->0(175)
[2025-08-01T01:08:53.888+0000] GC(1409) Survivor regions: 37->13(13)
[2025-08-01T01:08:53.888+0000] GC(1409) Old regions: 1217->1282
[2025-08-01T01:08:53.888+0000] GC(1409) Archive regions: 2->2
[2025-08-01T01:08:53.888+0000] GC(1409) Humongous regions: 0->0
[2025-08-01T01:08:53.888+0000] GC(1409) Metaspace: 10061K(10304K)->10061K(10304K) NonClass: 8835K(8960K)->8835K(8960K) Class: 1225K(1344K)->1225K(1344K)
[2025-08-01T01:08:53.888+0000] GC(1409) Pause Young (Mixed) (G1 Evacuation Pause) 2638M->2591M(4096M) 36.691ms
[2025-08-01T01:08:53.888+0000] GC(1409) User=0.26s Sys=0.02s Real=0.04s
[2025-08-01T01:08:53.961+0000] GC(1410) Pause Young (Concurrent Start) (G1 Evacuation Pause)
[2025-08-01T01:08:53.961+0000] GC(1410) Using 8 workers of 8 for evacuation
[2025-08-01T01:08:54.035+0000] GC(1410)   Pre Evacuate Collection Set: 0.4ms
[2025-08-01T01:08:54.035+0000] GC(1410)   Merge Heap Roots: 0.2ms
[2025-08-01T01:08:54.035+0000] GC(1410)   Evacuate Collection Set: 71.9ms
[2025-08-01T01:08:54.035+0000] GC(1410)   Post Evacuate Collection Set: 1.0ms
[2025-08-01T01:08:54.035+0000] GC(1410)   Other: 0.3ms
[2025-08-01T01:08:54.035+0000] GC(1410) Eden regions: 175->0(135)
[2025-08-01T01:08:54.035+0000] GC(1410) Survivor regions: 13->24(24)
[2025-08-01T01:08:54.035+0000] GC(1410) Old regions: 1282->1400
[2025-08-01T01:08:54.035+0000] GC(1410) Archive regions: 2->2
[2025-08-01T01:08:54.035+0000] GC(1410) Humongous regions: 0->0
[2025-08-01T01:08:54.035+0000] GC(1410) Metaspace: 10061K(10304K)->10061K(10304K) NonClass: 8835K(8960K)->8835K(8960K) Class: 1225K(1344K)->1225K(1344K)
[2025-08-01T01:08:54.035+0000] GC(1410) Pause Young (Concurrent Start) (G1 Evacuation Pause) 2941M->2848M(4096M) 73.964ms
[2025-08-01T01:08:54.035+0000] GC(1410) User=0.52s Sys=0.03s Real=0.08s
[2025-08-01T01:08:54.035+0000] GC(1411) Concurrent Mark Cycle
[2025-08-01T01:08:54.035+0000] GC(1411) Concurrent Clear Claimed Marks
[2025-08-01T01:08:54.035+0000] GC(1411) Concurrent Clear Claimed Marks 0.017ms
[2025-08-01T01:08:54.035+0000] GC(1411) Concurrent Scan Root Regions
[2025-08-01T01:08:54.073+0000] GC(1411) Concurrent Scan Root Regions 37.095ms
[2025-08-01T01:08:54.073+0000] GC(1411) Concurrent Mark
[2025-08-01T01:08:54.073+0000] GC(1411) Concurrent Mark From Roots
[2025-08-01T01:08:54.073+0000] GC(1411) Using 2 workers of 2 for marking
[2025-08-01T01:08:54.106+0000] GC(1412) Pause Young (Normal) (G1 Evacuation Pause)
[2025-08-01T01:08:54.106+0000] GC(1412) Using 8 workers of 8 for evacuation
[2025-08-01T01:08:54.161+0000] GC(1412)   Pre Evacuate Collection Set: 0.7ms
[2025-08-01T01:08:54.161+0000] GC(1412)   Merge Heap Roots: 0.3ms
[2025-08-01T01:08:54.161+0000] GC(1412)   Evacuate Collection Set: 53.0ms
[2025-08-01T01:08:54.161+0000] GC(1412)   Post Evacuate Collection Set: 1.1ms
[2025-08-01T01:08:54.161+0000] GC(1412)   Other: 0.2ms
[2025-08-01T01:08:54.161+0000] GC(1412) Eden regions: 135->0(87)
[2025-08-01T01:08:54.161+0000] GC(1412) Survivor regions: 24->20(20)
[2025-08-01T01:08:54.161+0000] GC(1412) Old regions: 1400->1540
[2025-08-01T01:08:54.161+0000] GC(1412) Archive regions: 2->2
[2025-08-01T01:08:54.161+0000] GC(1412) Humongous regions: 0->0
[2025-08-01T01:08:54.161+0000] GC(1412) Metaspace: 10061K(10304K)->10061K(10304K) NonClass: 8835K(8960K)->8835K(8960K) Class: 1225K(1344K)->1225K(1344K)
[2025-08-01T01:08:54.161+0000] GC(1412) Pause Young (Normal) (G1 Evacuation Pause) 3118M->3121M(4096M) 55.404ms
[2025-08-01T01:08:54.161+0000] GC(1412) User=0.40s Sys=0.02s Real=0.05s
[2025-08-01T01:08:54.178+0000] GC(1413) Pause Young (Normal) (G1 Evacuation Pause)
[2025-08-01T01:08:54.178+0000] GC(1413) Using 8 workers of 8 for evacuation
[2025-08-01T01:08:54.214+0000] GC(1413)   Pre Evacuate Collection Set: 0.4ms
[2025-08-01T01:08:54.214+0000] GC(1413)   Merge Heap Roots: 0.2ms
[2025-08-01T01:08:54.214+0000] GC(1413)   Evacuate Collection Set: 33.9ms
[2025-08-01T01:08:54.214+0000] GC(1413)   Post Evacuate Collection Set: 1.0ms
[2025-08-01T01:08:54.214+0000] GC(1413)   Other: 0.3ms
[2025-08-01T01:08:54.214+0000] GC(1413) Eden regions: 87->0(88)
[2025-08-01T01:08:54.214+0000] GC(1413) Survivor regions: 20->14(14)
[2025-08-01T01:08:54.214+0000] GC(1413) Old regions: 1540->1634
[2025-08-01T01:08:54.214+0000] GC(1413) Archive regions: 2->2
[2025-08-01T01:08:54.214+0000] GC(1413) Humongous regions: 0->0
[2025-08-01T01:08:54.214+0000] GC(1413) Metaspace: 10061K(10304K)->10061K(10304K) NonClass: 8835K(8960K)->8835K(8960K) Class: 1225K(1344K)->1225K(1344K)
[2025-08-01T01:08:54.214+0000] GC(1413) Pause Young (Normal) (G1 Evacuation Pause) 3295M->3297M(4096M) 35.953ms
[2025-08-01T01:08:54.214+0000] GC(1413) User=0.26s Sys=0.01s Real=0.04s
[2025-08-01T01:08:54.257+0000] GC(1411) Concurrent Mark From Roots 184.539ms
[2025-08-01T01:08:54.257+0000] GC(1411) Concurrent Preclean
[2025-08-01T01:08:54.258+0000] GC(1411) Concurrent Preclean 0.303ms
[2025-08-01T01:08:54.258+0000] GC(1411) Pause Remark
[2025-08-01T01:08:54.260+0000] GC(1411) Pause Remark 3439M->1669M(4096M) 2.550ms
[2025-08-01T01:08:54.260+0000] GC(1411) User=0.00s Sys=0.00s Real=0.00s
[2025-08-01T01:08:54.260+0000] GC(1411) Concurrent Mark 187.794ms
[2025-08-01T01:08:54.260+0000] GC(1411) Concurrent Rebuild Remembered Sets
[2025-08-01T01:08:54.273+0000] GC(1414) Pause Young (Normal) (G1 Evacuation Pause)
[2025-08-01T01:08:54.273+0000] GC(1414) Using 8 workers of 8 for evacuation
[2025-08-01T01:08:54.312+0000] GC(1414)   Pre Evacuate Collection Set: 0.6ms
[2025-08-01T01:08:54.312+0000] GC(1414)   Merge Heap Roots: 0.2ms
[2025-08-01T01:08:54.312+0000] GC(1414)   Evacuate Collection Set: 36.7ms
[2025-08-01T01:08:54.312+0000] GC(1414)   Post Evacuate Collection Set: 0.7ms
[2025-08-01T01:08:54.312+0000] GC(1414)   Other: 0.2ms
[2025-08-01T01:08:54.312+0000] GC(1414) Eden regions: 88->0(328)
[2025-08-01T01:08:54.312+0000] GC(1414) Survivor regions: 14->13(13)
[2025-08-01T01:08:54.312+0000] GC(1414) Old regions: 749->805
[2025-08-01T01:08:54.312+0000] GC(1414) Archive regions: 2->2
[2025-08-01T01:08:54.312+0000] GC(1414) Humongous regions: 0->0
[2025-08-01T01:08:54.312+0000] GC(1414) Metaspace: 10061K(10304K)->10061K(10304K) NonClass: 8835K(8960K)->8835K(8960K) Class: 1225K(1344K)->1225K(1344K)
[2025-08-01T01:08:54.312+0000] GC(1414) Pause Young (Normal) (G1 Evacuation Pause) 1703M->1637M(4096M) 38.738ms
[2025-08-01T01:08:54.312+0000] GC(1414) User=0.26s Sys=0.02s Real=0.03s
[2025-08-01T01:08:54.431+0000] GC(1415) Pause Young (Normal) (G1 Evacuation Pause)
[2025-08-01T01:08:54.431+0000] GC(1415) Using 8 workers of 8 for evacuation
[2025-08-01T01:08:54.537+0000] GC(1415)   Pre Evacuate Collection Set: 0.6ms
[2025-08-01T01:08:54.537+0000] GC(1415)   Merge Heap Roots: 0.2ms
[2025-08-01T01:08:54.537+0000] GC(1415)   Evacuate Collection Set: 104.1ms
[2025-08-01T01:08:54.537+0000] GC(1415)   Post Evacuate Collection Set: 0.9ms
[2025-08-01T01:08:54.537+0000] GC(1415)   Other: 0.2ms
[2025-08-01T01:08:54.537+0000] GC(1415) Eden regions: 328->0(217)
[2025-08-01T01:08:54.537+0000] GC(1415) Survivor regions: 13->43(43)
[2025-08-01T01:08:54.537+0000] GC(1415) Old regions: 805->1105
[2025-08-01T01:08:54.537+0000] GC(1415) Archive regions: 2->2
[2025-08-01T01:08:54.537+0000] GC(1415) Humongous regions: 0->0
[2025-08-01T01:08:54.537+0000] GC(1415) Metaspace: 10061K(10304K)->10061K(10304K) NonClass: 8835K(8960K)->8835K(8960K) Class: 1225K(1344K)->1225K(1344K)
[2025-08-01T01:08:54.537+0000] GC(1415) Pause Young (Normal) (G1 Evacuation Pause) 2293M->2297M(4096M) 106.258ms
[2025-08-01T01:08:54.537+0000] GC(1415) User=0.80s Sys=0.03s Real=0.11s
[2025-08-01T01:08:54.591+0000] GC(1411) Concurrent Rebuild Remembered Sets 330.255ms
[2025-08-01T01:08:54.591+0000] GC(1411) Pause Cleanup
[2025-08-01T01:08:54.592+0000] GC(1411) Pause Cleanup 2513M->2513M(4096M) 0.774ms
[2025-08-01T01:08:54.592+0000] GC(1411) User=0.00s Sys=0.00s Real=0.00s
[2025-08-01T01:08:54.592+0000] GC(1411) Concurrent Cleanup for Next Mark
[2025-08-01T01:08:54.602+0000] GC(1411) Concurrent Cleanup for Next Mark 10.222ms
[2025-08-01T01:08:54.602+0000] GC(1411) Concurrent Mark Cycle 566.760ms
[2025-08-01T01:08:54.619+0000] GC(1416) Pause Young (Prepare Mixed) (G1 Evacuation Pause)
[2025-08-01T01:08:54.619+0000] GC(1416) Using 8 workers of 8 for evacuation
[2025-08-01T01:08:54.682+0000] GC(1416)   Pre Evacuate Collection Set: 0.4ms
[2025-08-01T01:08:54.682+0000] GC(1416)   Merge Heap Roots: 0.1ms
[2025-08-01T01:08:54.682+0000] GC(1416)   Evacuate Collection Set: 61.3ms
[2025-08-01T01:08:54.682+0000] GC(1416)   Post Evacuate Collection Set: 0.7ms
[2025-08-01T01:08:54.682+0000] GC(1416)   Other: 0.2ms
[2025-08-01T01:08:54.682+0000] GC(1416) Eden regions: 217->0(69)
[2025-08-01T01:08:54.682+0000] GC(1416) Survivor regions: 43->33(33)
[2025-08-01T01:08:54.682+0000] GC(1416) Old regions: 1105->1253
[2025-08-01T01:08:54.682+0000] GC(1416) Archive regions: 2->2
[2025-08-01T01:08:54.682+0000] GC(1416) Humongous regions: 0->0
[2025-08-01T01:08:54.682+0000] GC(1416) Metaspace: 10061K(10304K)->10061K(10304K) NonClass: 8835K(8960K)->8835K(8960K) Class: 1225K(1344K)->1225K(1344K)
[2025-08-01T01:08:54.682+0000] GC(1416) Pause Young (Prepare Mixed) (G1 Evacuation Pause) 2731M->2572M(4096M) 62.822ms
[2025-08-01T01:08:54.682+0000] GC(1416) User=0.43s Sys=0.02s Real=0.06s
[2025-08-01T01:08:54.696+0000] GC(1417) Pause Young (Mixed) (G1 Evacuation Pause)
[2025-08-01T01:08:54.696+0000] GC(1417) Using 8 workers of 8 for evacuation
[2025-08-01T01:08:54.731+0000] GC(1417)   Pre Evacuate Collection Set: 0.5ms
[2025-08-01T01:08:54.731+0000] GC(1417)   Merge Heap Roots: 0.2ms
[2025-08-01T01:08:54.731+0000] GC(1417)   Evacuate Collection Set: 32.5ms
[2025-08-01T01:08:54.731+0000] GC(1417)   Post Evacuate Collection Set: 1.5ms
[2025-08-01T01:08:54.731+0000] GC(1417)   Other: 0.2ms
[2025-08-01T01:08:54.731+0000] GC(1417) Eden regions: 69->0(166)
[2025-08-01T01:08:54.731+0000] GC(1417) Survivor regions: 33->13(13)
[2025-08-01T01:08:54.731+0000] GC(1417) Old regions: 1253->1308
[2025-08-01T01:08:54.731+0000] GC(1417) Archive regions: 2->2
[2025-08-01T01:08:54.731+0000] GC(1417) Humongous regions: 0->0
[2025-08-01T01:08:54.731+0000] GC(1417) Metaspace: 10061K(10304K)->10061K(10304K) NonClass: 8835K(8960K)->8835K(8960K) Class: 1225K(1344K)->1225K(1344K)
[2025-08-01T01:08:54.731+0000] GC(1417) Pause Young (Mixed) (G1 Evacuation Pause) 2710M->2642M(4096M) 34.964ms
[2025-08-01T01:08:54.731+0000] GC(1417) User=0.25s Sys=0.01s Real=0.03s
[2025-08-01T01:08:54.802+0000] GC(1418) Pause Young (Concurrent Start) (G1 Evacuation Pause)
[2025-08-01T01:08:54.802+0000] GC(1418) Using 8 workers of 8 for evacuation
[2025-08-01T01:08:54.890+0000] GC(1418)   Pre Evacuate Collection Set: 0.4ms
[2025-08-01T01:08:54.890+0000] GC(1418)   Merge Heap Roots: 0.7ms
[2025-08-01T01:08:54.890+0000] GC(1418)   Evacuate Collection Set: 85.4ms
[2025-08-01T01:08:54.890+0000] GC(1418)   Post Evacuate Collection Set: 0.9ms
[2025-08-01T01:08:54.890+0000] GC(1418)   Other: 0.3ms
[2025-08-01T01:08:54.890+0000] GC(1418) Eden regions: 166->0(111)
[2025-08-01T01:08:54.890+0000] GC(1418) Survivor regions: 13->23(23)
[2025-08-01T01:08:54.890+0000] GC(1418) Old regions: 1308->1465
[2025-08-01T01:08:54.890+0000] GC(1418) Archive regions: 2->2
[2025-08-01T01:08:54.890+0000] GC(1418) Humongous regions: 0->0
[2025-08-01T01:08:54.890+0000] GC(1418) Metaspace: 10061K(10304K)->10061K(10304K) NonClass: 8835K(8960K)->8835K(8960K) Class: 1225K(1344K)->1225K(1344K)
[2025-08-01T01:08:54.890+0000] GC(1418) Pause Young (Concurrent Start) (G1 Evacuation Pause) 2974M->2977M(4096M) 87.948ms
[2025-08-01T01:08:54.890+0000] GC(1418) User=0.62s Sys=0.03s Real=0.09s
[2025-08-01T01:08:54.890+0000] GC(1419) Concurrent Mark Cycle
[2025-08-01T01:08:54.890+0000] GC(1419) Concurrent Clear Claimed Marks
[2025-08-01T01:08:54.890+0000] GC(1419) Concurrent Clear Claimed Marks 0.025ms
[2025-08-01T01:08:54.890+0000] GC(1419) Concurrent Scan Root Regions
[2025-08-01T01:08:54.936+0000] GC(1419) Concurrent Scan Root Regions 45.897ms
[2025-08-01T01:08:54.936+0000] GC(1419) Concurrent Mark
[2025-08-01T01:08:54.936+0000] GC(1419) Concurrent Mark From Roots
[2025-08-01T01:08:54.936+0000] GC(1419) Using 2 workers of 2 for marking
[2025-08-01T01:08:54.962+0000] GC(1420) Pause Young (Normal) (G1 Evacuation Pause)
[2025-08-01T01:08:54.962+0000] GC(1420) Using 8 workers of 8 for evacuation
[2025-08-01T01:08:54.998+0000] GC(1420)   Pre Evacuate Collection Set: 0.9ms
[2025-08-01T01:08:54.998+0000] GC(1420)   Merge Heap Roots: 0.2ms
[2025-08-01T01:08:54.998+0000] GC(1420)   Evacuate Collection Set: 33.8ms
[2025-08-01T01:08:54.998+0000] GC(1420)   Post Evacuate Collection Set: 0.9ms
[2025-08-01T01:08:54.998+0000] GC(1420)   Other: 0.2ms
[2025-08-01T01:08:54.998+0000] GC(1420) Eden regions: 111->0(88)
[2025-08-01T01:08:54.998+0000] GC(1420) Survivor regions: 23->17(17)
[2025-08-01T01:08:54.998+0000] GC(1420) Old regions: 1465->1550
[2025-08-01T01:08:54.998+0000] GC(1420) Archive regions: 2->2
[2025-08-01T01:08:54.998+0000] GC(1420) Humongous regions: 0->0
[2025-08-01T01:08:54.998+0000] GC(1420) Metaspace: 10061K(10304K)->10061K(10304K) NonClass: 8835K(8960K)->8835K(8960K) Class: 1225K(1344K)->1225K(1344K)
[2025-08-01T01:08:54.998+0000] GC(1420) Pause Young (Normal) (G1 Evacuation Pause) 3199M->3135M(4096M) 36.107ms
[2025-08-01T01:08:54.998+0000] GC(1420) User=0.26s Sys=0.01s Real=0.04s
[2025-08-01T01:08:55.015+0000] GC(1421) Pause Young (Normal) (G1 Evacuation Pause)
[2025-08-01T01:08:55.015+0000] GC(1421) Using 8 workers of 8 for evacuation
[2025-08-01T01:08:55.057+0000] GC(1421)   Pre Evacuate Collection Set: 0.6ms
[2025-08-01T01:08:55.057+0000] GC(1421)   Merge Heap Roots: 0.5ms
[2025-08-01T01:08:55.057+0000] GC(1421)   Evacuate Collection Set: 40.1ms
[2025-08-01T01:08:55.057+0000] GC(1421)   Post Evacuate Collection Set: 1.0ms
[2025-08-01T01:08:55.057+0000] GC(1421)   Other: 0.2ms
[2025-08-01T01:08:55.057+0000] GC(1421) Eden regions: 88->0(88)
[2025-08-01T01:08:55.057+0000] GC(1421) Survivor regions: 17->14(14)
[2025-08-01T01:08:55.057+0000] GC(1421) Old regions: 1550->1643
[2025-08-01T01:08:55.057+0000] GC(1421) Archive regions: 2->2
[2025-08-01T01:08:55.057+0000] GC(1421) Humongous regions: 0->0
[2025-08-01T01:08:55.057+0000] GC(1421) Metaspace: 10061K(10304K)->10061K(10304K) NonClass: 8835K(8960K)->8835K(8960K) Class: 1225K(1344K)->1225K(1344K)
[2025-08-01T01:08:55.057+0000] GC(1421) Pause Young (Normal) (G1 Evacuation Pause) 3311M->3315M(4096M) 42.512ms
[2025-08-01T01:08:55.058+0000] GC(1421) User=0.30s Sys=0.01s Real=0.04s
[2025-08-01T01:08:55.075+0000] GC(1422) Pause Young (Normal) (G1 Evacuation Pause)
[2025-08-01T01:08:55.075+0000] GC(1422) Using 8 workers of 8 for evacuation
[2025-08-01T01:08:55.109+0000] GC(1422)   Pre Evacuate Collection Set: 0.6ms
[2025-08-01T01:08:55.109+0000] GC(1422)   Merge Heap Roots: 0.1ms
[2025-08-01T01:08:55.109+0000] GC(1422)   Evacuate Collection Set: 32.2ms
[2025-08-01T01:08:55.109+0000] GC(1422)   Post Evacuate Collection Set: 0.8ms
[2025-08-01T01:08:55.109+0000] GC(1422)   Other: 0.2ms
[2025-08-01T01:08:55.109+0000] GC(1422) Eden regions: 88->0(89)
[2025-08-01T01:08:55.109+0000] GC(1422) Survivor regions: 14->13(13)
[2025-08-01T01:08:55.109+0000] GC(1422) Old regions: 1643->1733
[2025-08-01T01:08:55.109+0000] GC(1422) Archive regions: 2->2
[2025-08-01T01:08:55.109+0000] GC(1422) Humongous regions: 0->0
[2025-08-01T01:08:55.109+0000] GC(1422) Metaspace: 10061K(10304K)->10061K(10304K) NonClass: 8835K(8960K)->8835K(8960K) Class: 1225K(1344K)->1225K(1344K)
[2025-08-01T01:08:55.109+0000] GC(1422) Pause Young (Normal) (G1 Evacuation Pause) 3491M->3493M(4096M) 34.076ms
[2025-08-01T01:08:55.109+0000] GC(1422) User=0.25s Sys=0.00s Real=0.03s
[2025-08-01T01:08:55.141+0000] GC(1423) Pause Young (Normal) (G1 Evacuation Pause)
[2025-08-01T01:08:55.141+0000] GC(1423) Using 8 workers of 8 for evacuation
[2025-08-01T01:08:55.169+0000] GC(1423)   Pre Evacuate Collection Set: 0.4ms
[2025-08-01T01:08:55.169+0000] GC(1423)   Merge Heap Roots: 0.1ms
[2025-08-01T01:08:55.169+0000] GC(1423)   Evacuate Collection Set: 26.5ms
[2025-08-01T01:08:55.169+0000] GC(1423)   Post Evacuate Collection Set: 0.8ms
[2025-08-01T01:08:55.169+0000] GC(1423)   Other: 0.2ms
[2025-08-01T01:08:55.169+0000] GC(1423) Eden regions: 89->0(89)
[2025-08-01T01:08:55.169+0000] GC(1423) Survivor regions: 13->13(13)
[2025-08-01T01:08:55.169+0000] GC(1423) Old regions: 1733->1824
[2025-08-01T01:08:55.169+0000] GC(1423) Archive regions: 2->2
[2025-08-01T01:08:55.169+0000] GC(1423) Humongous regions: 0->0
[2025-08-01T01:08:55.169+0000] GC(1423) Metaspace: 10061K(10304K)->10061K(10304K) NonClass: 8835K(8960K)->8835K(8960K) Class: 1225K(1344K)->1225K(1344K)
[2025-08-01T01:08:55.169+0000] GC(1423) Pause Young (Normal) (G1 Evacuation Pause) 3671M->3675M(4096M) 28.160ms
[2025-08-01T01:08:55.169+0000] GC(1423) User=0.21s Sys=0.00s Real=0.03s
[2025-08-01T01:08:55.189+0000] GC(1424) Pause Young (Normal) (G1 Evacuation Pause)
[2025-08-01T01:08:55.189+0000] GC(1424) Using 8 workers of 8 for evacuation
[2025-08-01T01:08:55.218+0000] GC(1424)   Pre Evacuate Collection Set: 0.6ms
[2025-08-01T01:08:55.218+0000] GC(1424)   Merge Heap Roots: 0.1ms
[2025-08-01T01:08:55.218+0000] GC(1424)   Evacuate Collection Set: 28.1ms
[2025-08-01T01:08:55.218+0000] GC(1424)   Post Evacuate Collection Set: 0.6ms
[2025-08-01T01:08:55.218+0000] GC(1424)   Other: 0.2ms
[2025-08-01T01:08:55.218+0000] GC(1424) Eden regions: 89->0(89)
[2025-08-01T01:08:55.218+0000] GC(1424) Survivor regions: 13->13(13)
[2025-08-01T01:08:55.218+0000] GC(1424) Old regions: 1824->1892
[2025-08-01T01:08:55.218+0000] GC(1424) Archive regions: 2->2
[2025-08-01T01:08:55.218+0000] GC(1424) Humongous regions: 0->0
[2025-08-01T01:08:55.218+0000] GC(1424) Metaspace: 10061K(10304K)->10061K(10304K) NonClass: 8835K(8960K)->8835K(8960K) Class: 1225K(1344K)->1225K(1344K)
[2025-08-01T01:08:55.218+0000] GC(1424) Pause Young (Normal) (G1 Evacuation Pause) 3853M->3811M(4096M) 29.729ms
[2025-08-01T01:08:55.218+0000] GC(1424) User=0.20s Sys=0.01s Real=0.03s
[2025-08-01T01:08:55.240+0000] GC(1425) Pause Young (Normal) (G1 Preventive Collection)
[2025-08-01T01:08:55.240+0000] GC(1425) Using 8 workers of 8 for evacuation
[2025-08-01T01:08:55.264+0000] GC(1425)   Pre Evacuate Collection Set: 0.3ms
[2025-08-01T01:08:55.264+0000] GC(1425)   Merge Heap Roots: 0.2ms
[2025-08-01T01:08:55.264+0000] GC(1425)   Evacuate Collection Set: 23.1ms
[2025-08-01T01:08:55.264+0000] GC(1425)   Post Evacuate Collection Set: 0.7ms
[2025-08-01T01:08:55.264+0000] GC(1425)   Other: 0.2ms
[2025-08-01T01:08:55.264+0000] GC(1425) Eden regions: 61->0(89)
[2025-08-01T01:08:55.264+0000] GC(1425) Survivor regions: 13->13(13)
[2025-08-01T01:08:55.264+0000] GC(1425) Old regions: 1892->1955
[2025-08-01T01:08:55.264+0000] GC(1425) Archive regions: 2->2
[2025-08-01T01:08:55.264+0000] GC(1425) Humongous regions: 0->0
[2025-08-01T01:08:55.264+0000] GC(1425) Metaspace: 10061K(10304K)->10061K(10304K) NonClass: 8835K(8960K)->8835K(8960K) Class: 1225K(1344K)->1225K(1344K)
[2025-08-01T01:08:55.264+0000] GC(1425) Pause Young (Normal) (G1 Preventive Collection) 3933M->3937M(4096M) 24.686ms
[2025-08-01T01:08:55.264+0000] GC(1425) User=0.18s Sys=0.00s Real=0.03s
[2025-08-01T01:08:55.271+0000] GC(1426) Pause Young (Normal) (G1 Preventive Collection)
[2025-08-01T01:08:55.271+0000] GC(1426) Using 8 workers of 8 for evacuation
[2025-08-01T01:08:55.286+0000] GC(1426)   Pre Evacuate Collection Set: 0.8ms
[2025-08-01T01:08:55.286+0000] GC(1426)   Merge Heap Roots: 0.4ms
[2025-08-01T01:08:55.286+0000] GC(1426)   Evacuate Collection Set: 13.1ms
[2025-08-01T01:08:55.286+0000] GC(1426)   Post Evacuate Collection Set: 0.7ms
[2025-08-01T01:08:55.286+0000] GC(1426)   Other: 0.2ms
[2025-08-01T01:08:55.286+0000] GC(1426) Eden regions: 30->0(89)
[2025-08-01T01:08:55.286+0000] GC(1426) Survivor regions: 13->13(13)
[2025-08-01T01:08:55.286+0000] GC(1426) Old regions: 1955->1987
[2025-08-01T01:08:55.286+0000] GC(1426) Archive regions: 2->2
[2025-08-01T01:08:55.286+0000] GC(1426) Humongous regions: 0->0
[2025-08-01T01:08:55.286+0000] GC(1426) Metaspace: 10061K(10304K)->10061K(10304K) NonClass: 8835K(8960K)->8835K(8960K) Class: 1225K(1344K)->1225K(1344K)
[2025-08-01T01:08:55.286+0000] GC(1426) Pause Young (Normal) (G1 Preventive Collection) 3997M->4000M(4096M) 15.368ms
[2025-08-01T01:08:55.286+0000] GC(1426) User=0.09s Sys=0.00s Real=0.02s
[2025-08-01T01:08:55.289+0000] GC(1427) Pause Young (Normal) (G1 Preventive Collection)
[2025-08-01T01:08:55.289+0000] GC(1427) Using 8 workers of 8 for evacuation
[2025-08-01T01:08:55.300+0000] GC(1427)   Pre Evacuate Collection Set: 0.5ms
[2025-08-01T01:08:55.300+0000] GC(1427)   Merge Heap Roots: 0.2ms
[2025-08-01T01:08:55.300+0000] GC(1427)   Evacuate Collection Set: 10.0ms
[2025-08-01T01:08:55.300+0000] GC(1427)   Post Evacuate Collection Set: 0.7ms
[2025-08-01T01:08:55.300+0000] GC(1427)   Other: 0.2ms
[2025-08-01T01:08:55.300+0000] GC(1427) Eden regions: 15->0(89)
[2025-08-01T01:08:55.300+0000] GC(1427) Survivor regions: 13->13(13)
[2025-08-01T01:08:55.300+0000] GC(1427) Old regions: 1987->2004
[2025-08-01T01:08:55.300+0000] GC(1427) Archive regions: 2->2
[2025-08-01T01:08:55.300+0000] GC(1427) Humongous regions: 0->0
[2025-08-01T01:08:55.300+0000] GC(1427) Metaspace: 10061K(10304K)->10061K(10304K) NonClass: 8835K(8960K)->8835K(8960K) Class: 1225K(1344K)->1225K(1344K)
[2025-08-01T01:08:55.300+0000] GC(1427) Pause Young (Normal) (G1 Preventive Collection) 4030M->4034M(4096M) 11.659ms
[2025-08-01T01:08:55.300+0000] GC(1427) User=0.07s Sys=0.01s Real=0.01s
[2025-08-01T01:08:55.302+0000] GC(1428) Pause Young (Normal) (G1 Preventive Collection)
[2025-08-01T01:08:55.302+0000] GC(1428) Using 8 workers of 8 for evacuation
[2025-08-01T01:08:55.311+0000] GC(1428) To-space exhausted
[2025-08-01T01:08:55.311+0000] GC(1428)   Pre Evacuate Collection Set: 0.5ms
[2025-08-01T01:08:55.311+0000] GC(1428)   Merge Heap Roots: 0.1ms
[2025-08-01T01:08:55.311+0000] GC(1428)   Evacuate Collection Set: 7.4ms
[2025-08-01T01:08:55.311+0000] GC(1428)   Post Evacuate Collection Set: 1.1ms
[2025-08-01T01:08:55.311+0000] GC(1428)   Other: 0.2ms
[2025-08-01T01:08:55.311+0000] GC(1428) Eden regions: 7->0(94)
[2025-08-01T01:08:55.311+0000] GC(1428) Survivor regions: 13->8(13)
[2025-08-01T01:08:55.311+0000] GC(1428) Old regions: 2004->2021
[2025-08-01T01:08:55.311+0000] GC(1428) Archive regions: 2->2
[2025-08-01T01:08:55.311+0000] GC(1428) Humongous regions: 0->0
[2025-08-01T01:08:55.311+0000] GC(1428) Metaspace: 10061K(10304K)->10061K(10304K) NonClass: 8835K(8960K)->8835K(8960K) Class: 1225K(1344K)->1225K(1344K)
[2025-08-01T01:08:55.311+0000] GC(1428) Pause Young (Normal) (G1 Preventive Collection) 4048M->4059M(4096M) 9.392ms
[2025-08-01T01:08:55.311+0000] GC(1428) User=0.05s Sys=0.00s Real=0.01s
[2025-08-01T01:08:55.312+0000] GC(1429) Pause Young (Normal) (G1 Preventive Collection)
[2025-08-01T01:08:55.312+0000] GC(1429) Using 8 workers of 8 for evacuation
[2025-08-01T01:08:55.317+0000] GC(1429)   Pre Evacuate Collection Set: 0.3ms
[2025-08-01T01:08:55.317+0000] GC(1429)   Merge Heap Roots: 0.3ms
[2025-08-01T01:08:55.317+0000] GC(1429)   Evacuate Collection Set: 3.2ms
[2025-08-01T01:08:55.317+0000] GC(1429)   Post Evacuate Collection Set: 0.6ms
[2025-08-01T01:08:55.317+0000] GC(1429)   Other: 0.1ms
[2025-08-01T01:08:55.317+0000] GC(1429) Eden regions: 3->0(98)
[2025-08-01T01:08:55.317+0000] GC(1429) Survivor regions: 8->4(13)
[2025-08-01T01:08:55.317+0000] GC(1429) Old regions: 2021->2030
[2025-08-01T01:08:55.317+0000] GC(1429) Archive regions: 2->2
[2025-08-01T01:08:55.317+0000] GC(1429) Humongous regions: 0->0
[2025-08-01T01:08:55.317+0000] GC(1429) Metaspace: 10061K(10304K)->10061K(10304K) NonClass: 8835K(8960K)->8835K(8960K) Class: 1225K(1344K)->1225K(1344K)
[2025-08-01T01:08:55.317+0000] GC(1429) Pause Young (Normal) (G1 Preventive Collection) 4065M->4069M(4096M) 4.821ms
[2025-08-01T01:08:55.317+0000] GC(1429) User=0.02s Sys=0.00s Real=0.01s
[2025-08-01T01:08:55.318+0000] GC(1430) Pause Young (Normal) (G1 Preventive Collection)
[2025-08-01T01:08:55.318+0000] GC(1430) Using 8 workers of 8 for evacuation
[2025-08-01T01:08:55.321+0000] GC(1430)   Pre Evacuate Collection Set: 0.4ms
[2025-08-01T01:08:55.321+0000] GC(1430)   Merge Heap Roots: 0.1ms
[2025-08-01T01:08:55.321+0000] GC(1430)   Evacuate Collection Set: 1.8ms
[2025-08-01T01:08:55.321+0000] GC(1430)   Post Evacuate Collection Set: 0.7ms
[2025-08-01T01:08:55.321+0000] GC(1430)   Other: 0.1ms
[2025-08-01T01:08:55.321+0000] GC(1430) Eden regions: 3->0(95)
[2025-08-01T01:08:55.321+0000] GC(1430) Survivor regions: 4->7(9)
[2025-08-01T01:08:55.321+0000] GC(1430) Old regions: 2030->2030
[2025-08-01T01:08:55.321+0000] GC(1430) Archive regions: 2->2
[2025-08-01T01:08:55.321+0000] GC(1430) Humongous regions: 0->0
[2025-08-01T01:08:55.321+0000] GC(1430) Metaspace: 10061K(10304K)->10061K(10304K) NonClass: 8835K(8960K)->8835K(8960K) Class: 1225K(1344K)->1225K(1344K)
[2025-08-01T01:08:55.321+0000] GC(1430) Pause Young (Normal) (G1 Preventive Collection) 4075M->4074M(4096M) 3.326ms
[2025-08-01T01:08:55.321+0000] GC(1430) User=0.01s Sys=0.00s Real=0.00s
[2025-08-01T01:08:55.322+0000] GC(1431) Pause Young (Normal) (G1 Preventive Collection)
[2025-08-01T01:08:55.322+0000] GC(1431) Using 8 workers of 8 for evacuation
[2025-08-01T01:08:55.327+0000] GC(1431)   Pre Evacuate Collection Set: 0.5ms
[2025-08-01T01:08:55.327+0000] GC(1431)   Merge Heap Roots: 0.3ms
[2025-08-01T01:08:55.327+0000] GC(1431)   Evacuate Collection Set: 3.1ms
[2025-08-01T01:08:55.327+0000] GC(1431)   Post Evacuate Collection Set: 0.5ms
[2025-08-01T01:08:55.327+0000] GC(1431)   Other: 0.1ms
[2025-08-01T01:08:55.327+0000] GC(1431) Eden regions: 1->0(94)
[2025-08-01T01:08:55.327+0000] GC(1431) Survivor regions: 7->8(8)
[2025-08-01T01:08:55.327+0000] GC(1431) Old regions: 2030->2030
[2025-08-01T01:08:55.327+0000] GC(1431) Archive regions: 2->2
[2025-08-01T01:08:55.327+0000] GC(1431) Humongous regions: 0->0
[2025-08-01T01:08:55.327+0000] GC(1431) Metaspace: 10061K(10304K)->10061K(10304K) NonClass: 8835K(8960K)->8835K(8960K) Class: 1225K(1344K)->1225K(1344K)
[2025-08-01T01:08:55.327+0000] GC(1431) Pause Young (Normal) (G1 Preventive Collection) 4076M->4076M(4096M) 4.723ms
[2025-08-01T01:08:55.327+0000] GC(1431) User=0.01s Sys=0.01s Real=0.01s
[2025-08-01T01:08:55.327+0000] GC(1432) Pause Young (Normal) (G1 Preventive Collection)
[2025-08-01T01:08:55.327+0000] GC(1432) Using 8 workers of 8 for evacuation
[2025-08-01T01:08:55.332+0000] GC(1432) To-space exhausted
[2025-08-01T01:08:55.332+0000] GC(1432)   Pre Evacuate Collection Set: 0.4ms
[2025-08-01T01:08:55.332+0000] GC(1432)   Merge Heap Roots: 0.1ms
[2025-08-01T01:08:55.332+0000] GC(1432)   Evacuate Collection Set: 2.5ms
[2025-08-01T01:08:55.332+0000] GC(1432)   Post Evacuate Collection Set: 1.1ms
[2025-08-01T01:08:55.332+0000] GC(1432)   Other: 0.2ms
[2025-08-01T01:08:55.332+0000] GC(1432) Eden regions: 1->0(98)
[2025-08-01T01:08:55.332+0000] GC(1432) Survivor regions: 8->4(7)
[2025-08-01T01:08:55.332+0000] GC(1432) Old regions: 2030->2040
[2025-08-01T01:08:55.332+0000] GC(1432) Archive regions: 2->2
[2025-08-01T01:08:55.332+0000] GC(1432) Humongous regions: 0->0
[2025-08-01T01:08:55.332+0000] GC(1432) Metaspace: 10061K(10304K)->10061K(10304K) NonClass: 8835K(8960K)->8835K(8960K) Class: 1225K(1344K)->1225K(1344K)
[2025-08-01T01:08:55.332+0000] GC(1432) Pause Young (Normal) (G1 Preventive Collection) 4078M->4089M(4096M) 4.398ms
[2025-08-01T01:08:55.332+0000] GC(1432) User=0.02s Sys=0.00s Real=0.00s
[2025-08-01T01:08:55.333+0000] GC(1433) Pause Young (Normal) (G1 Preventive Collection)
[2025-08-01T01:08:55.333+0000] GC(1433) Using 8 workers of 8 for evacuation
[2025-08-01T01:08:55.336+0000] GC(1433) To-space exhausted
[2025-08-01T01:08:55.336+0000] GC(1433)   Pre Evacuate Collection Set: 0.7ms
[2025-08-01T01:08:55.336+0000] GC(1433)   Merge Heap Roots: 0.2ms
[2025-08-01T01:08:55.336+0000] GC(1433)   Evacuate Collection Set: 1.6ms
[2025-08-01T01:08:55.336+0000] GC(1433)   Post Evacuate Collection Set: 0.9ms
[2025-08-01T01:08:55.336+0000] GC(1433)   Other: 0.2ms
[2025-08-01T01:08:55.336+0000] GC(1433) Eden regions: 1->0(101)
[2025-08-01T01:08:55.336+0000] GC(1433) Survivor regions: 4->1(1)
[2025-08-01T01:08:55.336+0000] GC(1433) Old regions: 2040->2045
[2025-08-01T01:08:55.336+0000] GC(1433) Archive regions: 2->2
[2025-08-01T01:08:55.336+0000] GC(1433) Humongous regions: 0->0
[2025-08-01T01:08:55.336+0000] GC(1433) Metaspace: 10061K(10304K)->10061K(10304K) NonClass: 8835K(8960K)->8835K(8960K) Class: 1225K(1344K)->1225K(1344K)
[2025-08-01T01:08:55.336+0000] GC(1433) Pause Young (Normal) (G1 Preventive Collection) 4091M->4093M(4096M) 3.705ms
[2025-08-01T01:08:55.336+0000] GC(1433) User=0.01s Sys=0.00s Real=0.01s
[2025-08-01T01:08:55.336+0000] Attempting full compaction
[2025-08-01T01:08:55.336+0000] GC(1434) Pause Full (G1 Compaction Pause)
[2025-08-01T01:08:55.336+0000] GC(1434) Using 8 workers of 8 for full compaction
[2025-08-01T01:08:55.342+0000] GC(1434) Phase 1: Mark live objects
[2025-08-01T01:08:55.398+0000] GC(1434) Phase 1: Mark live objects 56.772ms
[2025-08-01T01:08:55.398+0000] GC(1434) Phase 2: Prepare for compaction
[2025-08-01T01:08:55.417+0000] GC(1434) Phase 2: Prepare for compaction 18.941ms
[2025-08-01T01:08:55.418+0000] GC(1434) Phase 3: Adjust pointers
[2025-08-01T01:08:55.460+0000] GC(1434) Phase 3: Adjust pointers 42.735ms
[2025-08-01T01:08:55.460+0000] GC(1434) Phase 4: Compact heap
[2025-08-01T01:08:55.522+0000] GC(1434) Phase 4: Compact heap 61.669ms
[2025-08-01T01:08:55.529+0000] GC(1434) Eden regions: 0->0(430)
[2025-08-01T01:08:55.529+0000] GC(1434) Survivor regions: 1->0(1)
[2025-08-01T01:08:55.529+0000] GC(1434) Old regions: 2045->495
[2025-08-01T01:08:55.529+0000] GC(1434) Archive regions: 2->2
[2025-08-01T01:08:55.529+0000] GC(1434) Humongous regions: 0->0
[2025-08-01T01:08:55.529+0000] GC(1434) Metaspace: 10061K(10304K)->10061K(10304K) NonClass: 8835K(8960K)->8835K(8960K) Class: 1225K(1344K)->1225K(1344K)
[2025-08-01T01:08:55.529+0000] GC(1434) Pause Full (G1 Compaction Pause) 4093M->985M(4096M) 192.859ms
[2025-08-01T01:08:55.529+0000] GC(1434) User=1.38s Sys=0.03s Real=0.19s
[2025-08-01T01:08:55.529+0000] GC(1419) Concurrent Mark From Roots 593.214ms
[2025-08-01T01:08:55.529+0000] GC(1419) Concurrent Mark Abort
[2025-08-01T01:08:55.529+0000] GC(1419) Concurrent Mark Cycle 639.305ms
[2025-08-01T01:08:55.693+0000] GC(1435) Pause Young (Normal) (G1 Evacuation Pause)
[2025-08-01T01:08:55.694+0000] GC(1435) Using 8 workers of 8 for evacuation
[2025-08-01T01:08:55.849+0000] GC(1435)   Pre Evacuate Collection Set: 1.2ms
[2025-08-01T01:08:55.849+0000] GC(1435)   Merge Heap Roots: 0.8ms
[2025-08-01T01:08:55.850+0000] GC(1435)   Evacuate Collection Set: 152.0ms
[2025-08-01T01:08:55.850+0000] GC(1435)   Post Evacuate Collection Set: 1.8ms
[2025-08-01T01:08:55.850+0000] GC(1435)   Other: 0.3ms
[2025-08-01T01:08:55.850+0000] GC(1435) Eden regions: 430->0(383)
[2025-08-01T01:08:55.850+0000] GC(1435) Survivor regions: 0->54(54)
[2025-08-01T01:08:55.850+0000] GC(1435) Old regions: 495->647
[2025-08-01T01:08:55.850+0000] GC(1435) Archive regions: 2->2
[2025-08-01T01:08:55.850+0000] GC(1435) Humongous regions: 0->0
[2025-08-01T01:08:55.850+0000] GC(1435) Metaspace: 10061K(10304K)->10061K(10304K) NonClass: 8835K(8960K)->8835K(8960K) Class: 1225K(1344K)->1225K(1344K)
[2025-08-01T01:08:55.850+0000] GC(1435) Pause Young (Normal) (G1 Evacuation Pause) 1845M->1397M(4096M) 156.271ms
[2025-08-01T01:08:55.850+0000] GC(1435) User=0.97s Sys=0.09s Real=0.15s
[2025-08-01T01:08:56.009+0000] GC(1436) Pause Young (Concurrent Start) (G1 Evacuation Pause)
[2025-08-01T01:08:56.009+0000] GC(1436) Using 8 workers of 8 for evacuation
[2025-08-01T01:08:56.155+0000] GC(1436)   Pre Evacuate Collection Set: 1.6ms
[2025-08-01T01:08:56.155+0000] GC(1436)   Merge Heap Roots: 0.6ms
[2025-08-01T01:08:56.155+0000] GC(1436)   Evacuate Collection Set: 142.1ms
[2025-08-01T01:08:56.155+0000] GC(1436)   Post Evacuate Collection Set: 1.4ms
[2025-08-01T01:08:56.155+0000] GC(1436)   Other: 0.3ms
[2025-08-01T01:08:56.155+0000] GC(1436) Eden regions: 383->0(292)
[2025-08-01T01:08:56.155+0000] GC(1436) Survivor regions: 54->55(55)
[2025-08-01T01:08:56.155+0000] GC(1436) Old regions: 647->917
[2025-08-01T01:08:56.155+0000] GC(1436) Archive regions: 2->2
[2025-08-01T01:08:56.155+0000] GC(1436) Humongous regions: 0->0
[2025-08-01T01:08:56.155+0000] GC(1436) Metaspace: 10061K(10304K)->10061K(10304K) NonClass: 8835K(8960K)->8835K(8960K) Class: 1225K(1344K)->1225K(1344K)
[2025-08-01T01:08:56.155+0000] GC(1436) Pause Young (Concurrent Start) (G1 Evacuation Pause) 2163M->1938M(4096M) 146.156ms
[2025-08-01T01:08:56.155+0000] GC(1436) User=1.02s Sys=0.05s Real=0.15s
[2025-08-01T01:08:56.156+0000] GC(1437) Concurrent Mark Cycle
[2025-08-01T01:08:56.156+0000] GC(1437) Concurrent Clear Claimed Marks
[2025-08-01T01:08:56.156+0000] GC(1437) Concurrent Clear Claimed Marks 0.022ms
[2025-08-01T01:08:56.156+0000] GC(1437) Concurrent Scan Root Regions
[2025-08-01T01:08:56.215+0000] GC(1437) Concurrent Scan Root Regions 59.405ms
[2025-08-01T01:08:56.215+0000] GC(1437) Concurrent Mark
[2025-08-01T01:08:56.215+0000] GC(1437) Concurrent Mark From Roots
[2025-08-01T01:08:56.215+0000] GC(1437) Using 2 workers of 2 for marking
[2025-08-01T01:08:56.261+0000] GC(1437) Concurrent Mark From Roots 46.187ms
[2025-08-01T01:08:56.261+0000] GC(1437) Concurrent Preclean
[2025-08-01T01:08:56.262+0000] GC(1437) Concurrent Preclean 0.341ms
[2025-08-01T01:08:56.262+0000] GC(1437) Pause Remark
[2025-08-01T01:08:56.265+0000] GC(1437) Pause Remark 2498M->1572M(4096M) 3.451ms
[2025-08-01T01:08:56.266+0000] GC(1437) User=0.01s Sys=0.00s Real=0.01s
[2025-08-01T01:08:56.266+0000] GC(1437) Concurrent Mark 50.557ms
[2025-08-01T01:08:56.266+0000] GC(1437) Concurrent Rebuild Remembered Sets
[2025-08-01T01:08:56.296+0000] GC(1438) Pause Young (Normal) (G1 Evacuation Pause)
[2025-08-01T01:08:56.296+0000] GC(1438) Using 8 workers of 8 for evacuation
[2025-08-01T01:08:56.395+0000] GC(1438)   Pre Evacuate Collection Set: 0.5ms
[2025-08-01T01:08:56.395+0000] GC(1438)   Merge Heap Roots: 0.2ms
[2025-08-01T01:08:56.395+0000] GC(1438)   Evacuate Collection Set: 97.4ms
[2025-08-01T01:08:56.395+0000] GC(1438)   Post Evacuate Collection Set: 1.3ms
[2025-08-01T01:08:56.395+0000] GC(1438)   Other: 0.3ms
[2025-08-01T01:08:56.395+0000] GC(1438) Eden regions: 292->0(373)
[2025-08-01T01:08:56.395+0000] GC(1438) Survivor regions: 55->44(44)
[2025-08-01T01:08:56.395+0000] GC(1438) Old regions: 451->682
[2025-08-01T01:08:56.395+0000] GC(1438) Archive regions: 2->2
[2025-08-01T01:08:56.395+0000] GC(1438) Humongous regions: 0->0
[2025-08-01T01:08:56.395+0000] GC(1438) Metaspace: 10061K(10304K)->10061K(10304K) NonClass: 8835K(8960K)->8835K(8960K) Class: 1225K(1344K)->1225K(1344K)
[2025-08-01T01:08:56.395+0000] GC(1438) Pause Young (Normal) (G1 Evacuation Pause) 1596M->1453M(4096M) 99.850ms
[2025-08-01T01:08:56.395+0000] GC(1438) User=0.74s Sys=0.03s Real=0.10s
[2025-08-01T01:08:56.458+0000] GC(1437) Concurrent Rebuild Remembered Sets 192.710ms
[2025-08-01T01:08:56.459+0000] GC(1437) Pause Cleanup
[2025-08-01T01:08:56.460+0000] GC(1437) Pause Cleanup 1816M->1816M(4096M) 0.922ms
[2025-08-01T01:08:56.460+0000] GC(1437) User=0.01s Sys=0.00s Real=0.00s
[2025-08-01T01:08:56.460+0000] GC(1437) Concurrent Cleanup for Next Mark
[2025-08-01T01:08:56.468+0000] GC(1437) Concurrent Cleanup for Next Mark 7.998ms
[2025-08-01T01:08:56.468+0000] GC(1437) Concurrent Mark Cycle 312.376ms
[2025-08-01T01:08:56.560+0000] GC(1439) Pause Young (Prepare Mixed) (G1 Evacuation Pause)
[2025-08-01T01:08:56.560+0000] GC(1439) Using 8 workers of 8 for evacuation
[2025-08-01T01:08:56.658+0000] GC(1439)   Pre Evacuate Collection Set: 0.6ms
[2025-08-01T01:08:56.658+0000] GC(1439)   Merge Heap Roots: 0.3ms
[2025-08-01T01:08:56.658+0000] GC(1439)   Evacuate Collection Set: 96.0ms
[2025-08-01T01:08:56.658+0000] GC(1439)   Post Evacuate Collection Set: 1.0ms
[2025-08-01T01:08:56.658+0000] GC(1439)   Other: 0.5ms
[2025-08-01T01:08:56.658+0000] GC(1439) Eden regions: 373->0(49)
[2025-08-01T01:08:56.658+0000] GC(1439) Survivor regions: 44->53(53)
[2025-08-01T01:08:56.658+0000] GC(1439) Old regions: 682->926
[2025-08-01T01:08:56.658+0000] GC(1439) Archive regions: 2->2
[2025-08-01T01:08:56.658+0000] GC(1439) Humongous regions: 0->0
[2025-08-01T01:08:56.658+0000] GC(1439) Metaspace: 10061K(10304K)->10061K(10304K) NonClass: 8835K(8960K)->8835K(8960K) Class: 1225K(1344K)->1225K(1344K)
[2025-08-01T01:08:56.658+0000] GC(1439) Pause Young (Prepare Mixed) (G1 Evacuation Pause) 2199M->1958M(4096M) 98.563ms
[2025-08-01T01:08:56.658+0000] GC(1439) User=0.74s Sys=0.02s Real=0.10s
[2025-08-01T01:08:56.667+0000] GC(1440) Pause Young (Mixed) (G1 Evacuation Pause)
[2025-08-01T01:08:56.667+0000] GC(1440) Using 8 workers of 8 for evacuation
[2025-08-01T01:08:56.700+0000] GC(1440)   Pre Evacuate Collection Set: 0.4ms
[2025-08-01T01:08:56.700+0000] GC(1440)   Merge Heap Roots: 0.2ms
[2025-08-01T01:08:56.700+0000] GC(1440)   Evacuate Collection Set: 31.0ms
[2025-08-01T01:08:56.700+0000] GC(1440)   Post Evacuate Collection Set: 0.8ms
[2025-08-01T01:08:56.700+0000] GC(1440)   Other: 0.3ms
[2025-08-01T01:08:56.700+0000] GC(1440) Eden regions: 49->0(273)
[2025-08-01T01:08:56.700+0000] GC(1440) Survivor regions: 53->13(13)
[2025-08-01T01:08:56.700+0000] GC(1440) Old regions: 926->997
[2025-08-01T01:08:56.700+0000] GC(1440) Archive regions: 2->2
[2025-08-01T01:08:56.700+0000] GC(1440) Humongous regions: 0->0
[2025-08-01T01:08:56.700+0000] GC(1440) Metaspace: 10061K(10304K)->10061K(10304K) NonClass: 8835K(8960K)->8835K(8960K) Class: 1225K(1344K)->1225K(1344K)
[2025-08-01T01:08:56.700+0000] GC(1440) Pause Young (Mixed) (G1 Evacuation Pause) 2056M->2020M(4096M) 32.943ms
[2025-08-01T01:08:56.700+0000] GC(1440) User=0.24s Sys=0.01s Real=0.03s
[2025-08-01T01:08:56.803+0000] GC(1441) Pause Young (Concurrent Start) (G1 Evacuation Pause)
[2025-08-01T01:08:56.803+0000] GC(1441) Using 8 workers of 8 for evacuation
[2025-08-01T01:08:56.927+0000] GC(1441)   Pre Evacuate Collection Set: 0.6ms
[2025-08-01T01:08:56.927+0000] GC(1441)   Merge Heap Roots: 0.3ms
[2025-08-01T01:08:56.927+0000] GC(1441)   Evacuate Collection Set: 120.8ms
[2025-08-01T01:08:56.927+0000] GC(1441)   Post Evacuate Collection Set: 1.9ms
[2025-08-01T01:08:56.927+0000] GC(1441)   Other: 0.4ms
[2025-08-01T01:08:56.927+0000] GC(1441) Eden regions: 273->0(188)
[2025-08-01T01:08:56.927+0000] GC(1441) Survivor regions: 13->36(36)
[2025-08-01T01:08:56.927+0000] GC(1441) Old regions: 997->1212
[2025-08-01T01:08:56.927+0000] GC(1441) Archive regions: 2->2
[2025-08-01T01:08:56.927+0000] GC(1441) Humongous regions: 0->0
[2025-08-01T01:08:56.927+0000] GC(1441) Metaspace: 10061K(10304K)->10061K(10304K) NonClass: 8835K(8960K)->8835K(8960K) Class: 1225K(1344K)->1225K(1344K)
[2025-08-01T01:08:56.927+0000] GC(1441) Pause Young (Concurrent Start) (G1 Evacuation Pause) 2566M->2497M(4096M) 124.196ms
[2025-08-01T01:08:56.927+0000] GC(1441) User=0.93s Sys=0.03s Real=0.12s
[2025-08-01T01:08:56.928+0000] GC(1442) Concurrent Mark Cycle
[2025-08-01T01:08:56.928+0000] GC(1442) Concurrent Clear Claimed Marks
[2025-08-01T01:08:56.928+0000] GC(1442) Concurrent Clear Claimed Marks 0.041ms
[2025-08-01T01:08:56.928+0000] GC(1442) Concurrent Scan Root Regions
[2025-08-01T01:08:56.984+0000] GC(1442) Concurrent Scan Root Regions 56.524ms
[2025-08-01T01:08:56.984+0000] GC(1442) Concurrent Mark
[2025-08-01T01:08:56.984+0000] GC(1442) Concurrent Mark From Roots
[2025-08-01T01:08:56.984+0000] GC(1442) Using 2 workers of 2 for marking
[2025-08-01T01:08:57.016+0000] GC(1443) Pause Young (Normal) (G1 Evacuation Pause)
[2025-08-01T01:08:57.016+0000] GC(1443) Using 8 workers of 8 for evacuation
[2025-08-01T01:08:57.078+0000] GC(1443)   Pre Evacuate Collection Set: 0.6ms
[2025-08-01T01:08:57.078+0000] GC(1443)   Merge Heap Roots: 0.2ms
[2025-08-01T01:08:57.078+0000] GC(1443)   Evacuate Collection Set: 60.1ms
[2025-08-01T01:08:57.078+0000] GC(1443)   Post Evacuate Collection Set: 1.0ms
[2025-08-01T01:08:57.078+0000] GC(1443)   Other: 0.2ms
[2025-08-01T01:08:57.078+0000] GC(1443) Eden regions: 188->0(125)
[2025-08-01T01:08:57.078+0000] GC(1443) Survivor regions: 36->28(28)
[2025-08-01T01:08:57.078+0000] GC(1443) Old regions: 1212->1411
[2025-08-01T01:08:57.078+0000] GC(1443) Archive regions: 2->2
[2025-08-01T01:08:57.078+0000] GC(1443) Humongous regions: 0->0
[2025-08-01T01:08:57.078+0000] GC(1443) Metaspace: 10061K(10304K)->10061K(10304K) NonClass: 8835K(8960K)->8835K(8960K) Class: 1225K(1344K)->1225K(1344K)
[2025-08-01T01:08:57.078+0000] GC(1443) Pause Young (Normal) (G1 Evacuation Pause) 2873M->2878M(4096M) 62.251ms
[2025-08-01T01:08:57.078+0000] GC(1443) User=0.48s Sys=0.01s Real=0.06s
[2025-08-01T01:08:57.134+0000] GC(1442) Concurrent Mark From Roots 149.934ms
[2025-08-01T01:08:57.134+0000] GC(1442) Concurrent Preclean
[2025-08-01T01:08:57.135+0000] GC(1442) Concurrent Preclean 0.350ms
[2025-08-01T01:08:57.135+0000] GC(1442) Pause Remark
[2025-08-01T01:08:57.139+0000] GC(1442) Pause Remark 3032M->1672M(4096M) 3.867ms
[2025-08-01T01:08:57.139+0000] GC(1442) User=0.01s Sys=0.00s Real=0.00s
[2025-08-01T01:08:57.139+0000] GC(1442) Concurrent Mark 154.940ms
[2025-08-01T01:08:57.139+0000] GC(1442) Concurrent Rebuild Remembered Sets
[2025-08-01T01:08:57.152+0000] GC(1444) Pause Young (Normal) (G1 Evacuation Pause)
[2025-08-01T01:08:57.152+0000] GC(1444) Using 8 workers of 8 for evacuation
[2025-08-01T01:08:57.183+0000] GC(1444)   Pre Evacuate Collection Set: 0.4ms
[2025-08-01T01:08:57.183+0000] GC(1444)   Merge Heap Roots: 0.1ms
[2025-08-01T01:08:57.183+0000] GC(1444)   Evacuate Collection Set: 29.7ms
[2025-08-01T01:08:57.183+0000] GC(1444)   Post Evacuate Collection Set: 1.3ms
[2025-08-01T01:08:57.183+0000] GC(1444)   Other: 0.2ms
[2025-08-01T01:08:57.183+0000] GC(1444) Eden regions: 125->0(332)
[2025-08-01T01:08:57.183+0000] GC(1444) Survivor regions: 28->20(20)
[2025-08-01T01:08:57.183+0000] GC(1444) Old regions: 731->809
[2025-08-01T01:08:57.183+0000] GC(1444) Archive regions: 2->2
[2025-08-01T01:08:57.183+0000] GC(1444) Humongous regions: 0->0
[2025-08-01T01:08:57.183+0000] GC(1444) Metaspace: 10061K(10304K)->10061K(10304K) NonClass: 8835K(8960K)->8835K(8960K) Class: 1225K(1344K)->1225K(1344K)
[2025-08-01T01:08:57.183+0000] GC(1444) Pause Young (Normal) (G1 Evacuation Pause) 1768M->1658M(4096M) 31.827ms
[2025-08-01T01:08:57.183+0000] GC(1444) User=0.20s Sys=0.00s Real=0.04s
[2025-08-01T01:08:57.334+0000] GC(1445) Pause Young (Normal) (G1 Evacuation Pause)
[2025-08-01T01:08:57.334+0000] GC(1445) Using 8 workers of 8 for evacuation
[2025-08-01T01:08:57.441+0000] GC(1445)   Pre Evacuate Collection Set: 0.7ms
[2025-08-01T01:08:57.441+0000] GC(1445)   Merge Heap Roots: 0.5ms
[2025-08-01T01:08:57.441+0000] GC(1445)   Evacuate Collection Set: 104.4ms
[2025-08-01T01:08:57.441+0000] GC(1445)   Post Evacuate Collection Set: 1.4ms
[2025-08-01T01:08:57.441+0000] GC(1445)   Other: 0.2ms
[2025-08-01T01:08:57.441+0000] GC(1445) Eden regions: 332->0(223)
[2025-08-01T01:08:57.441+0000] GC(1445) Survivor regions: 20->44(44)
[2025-08-01T01:08:57.441+0000] GC(1445) Old regions: 809->1089
[2025-08-01T01:08:57.441+0000] GC(1445) Archive regions: 2->2
[2025-08-01T01:08:57.441+0000] GC(1445) Humongous regions: 0->0
[2025-08-01T01:08:57.441+0000] GC(1445) Metaspace: 10061K(10304K)->10061K(10304K) NonClass: 8835K(8960K)->8835K(8960K) Class: 1225K(1344K)->1225K(1344K)
[2025-08-01T01:08:57.441+0000] GC(1445) Pause Young (Normal) (G1 Evacuation Pause) 2322M->2267M(4096M) 107.367ms
[2025-08-01T01:08:57.441+0000] GC(1445) User=0.80s Sys=0.03s Real=0.10s
[2025-08-01T01:08:57.473+0000] GC(1442) Concurrent Rebuild Remembered Sets 333.659ms
[2025-08-01T01:08:57.473+0000] GC(1442) Pause Cleanup
[2025-08-01T01:08:57.474+0000] GC(1442) Pause Cleanup 2572M->2572M(4096M) 0.540ms
[2025-08-01T01:08:57.474+0000] GC(1442) User=0.00s Sys=0.00s Real=0.00s
[2025-08-01T01:08:57.474+0000] GC(1442) Concurrent Cleanup for Next Mark
[2025-08-01T01:08:57.482+0000] GC(1442) Concurrent Cleanup for Next Mark 7.788ms
[2025-08-01T01:08:57.482+0000] GC(1442) Concurrent Mark Cycle 554.269ms
[2025-08-01T01:08:57.531+0000] GC(1446) Pause Young (Prepare Mixed) (G1 Evacuation Pause)
[2025-08-01T01:08:57.531+0000] GC(1446) Using 8 workers of 8 for evacuation
[2025-08-01T01:08:57.630+0000] GC(1446)   Pre Evacuate Collection Set: 0.6ms
[2025-08-01T01:08:57.630+0000] GC(1446)   Merge Heap Roots: 0.2ms
[2025-08-01T01:08:57.630+0000] GC(1446)   Evacuate Collection Set: 94.2ms
[2025-08-01T01:08:57.630+0000] GC(1446)   Post Evacuate Collection Set: 3.2ms
[2025-08-01T01:08:57.630+0000] GC(1446)   Other: 0.2ms
[2025-08-01T01:08:57.630+0000] GC(1446) Eden regions: 223->0(68)
[2025-08-01T01:08:57.630+0000] GC(1446) Survivor regions: 44->34(34)
[2025-08-01T01:08:57.630+0000] GC(1446) Old regions: 1089->1270
[2025-08-01T01:08:57.630+0000] GC(1446) Archive regions: 2->2
[2025-08-01T01:08:57.630+0000] GC(1446) Humongous regions: 0->0
[2025-08-01T01:08:57.630+0000] GC(1446) Metaspace: 10061K(10304K)->10061K(10304K) NonClass: 8835K(8960K)->8835K(8960K) Class: 1225K(1344K)->1225K(1344K)
[2025-08-01T01:08:57.630+0000] GC(1446) Pause Young (Prepare Mixed) (G1 Evacuation Pause) 2713M->2609M(4096M) 98.513ms
[2025-08-01T01:08:57.630+0000] GC(1446) User=0.73s Sys=0.02s Real=0.10s
[2025-08-01T01:08:57.648+0000] GC(1447) Pause Young (Mixed) (G1 Evacuation Pause)
[2025-08-01T01:08:57.648+0000] GC(1447) Using 8 workers of 8 for evacuation
[2025-08-01T01:08:57.679+0000] GC(1447)   Pre Evacuate Collection Set: 0.7ms
[2025-08-01T01:08:57.679+0000] GC(1447)   Merge Heap Roots: 0.7ms
[2025-08-01T01:08:57.679+0000] GC(1447)   Evacuate Collection Set: 28.9ms
[2025-08-01T01:08:57.679+0000] GC(1447)   Post Evacuate Collection Set: 0.9ms
[2025-08-01T01:08:57.679+0000] GC(1447)   Other: 0.2ms
[2025-08-01T01:08:57.679+0000] GC(1447) Eden regions: 68->0(155)
[2025-08-01T01:08:57.679+0000] GC(1447) Survivor regions: 34->13(13)
[2025-08-01T01:08:57.679+0000] GC(1447) Old regions: 1270->1343
[2025-08-01T01:08:57.679+0000] GC(1447) Archive regions: 2->2
[2025-08-01T01:08:57.679+0000] GC(1447) Humongous regions: 0->0
[2025-08-01T01:08:57.679+0000] GC(1447) Metaspace: 10061K(10304K)->10061K(10304K) NonClass: 8835K(8960K)->8835K(8960K) Class: 1225K(1344K)->1225K(1344K)
[2025-08-01T01:08:57.679+0000] GC(1447) Pause Young (Mixed) (G1 Evacuation Pause) 2745M->2712M(4096M) 31.515ms
[2025-08-01T01:08:57.679+0000] GC(1447) User=0.24s Sys=0.00s Real=0.03s
[2025-08-01T01:08:57.750+0000] GC(1448) Pause Young (Concurrent Start) (G1 Evacuation Pause)
[2025-08-01T01:08:57.750+0000] GC(1448) Using 8 workers of 8 for evacuation
[2025-08-01T01:08:57.816+0000] GC(1448)   Pre Evacuate Collection Set: 0.5ms
[2025-08-01T01:08:57.816+0000] GC(1448)   Merge Heap Roots: 0.3ms
[2025-08-01T01:08:57.816+0000] GC(1448)   Evacuate Collection Set: 62.9ms
[2025-08-01T01:08:57.816+0000] GC(1448)   Post Evacuate Collection Set: 1.6ms
[2025-08-01T01:08:57.816+0000] GC(1448)   Other: 0.6ms
[2025-08-01T01:08:57.816+0000] GC(1448) Eden regions: 155->0(126)
[2025-08-01T01:08:57.816+0000] GC(1448) Survivor regions: 13->21(21)
[2025-08-01T01:08:57.816+0000] GC(1448) Old regions: 1343->1442
[2025-08-01T01:08:57.816+0000] GC(1448) Archive regions: 2->2
[2025-08-01T01:08:57.816+0000] GC(1448) Humongous regions: 0->0
[2025-08-01T01:08:57.816+0000] GC(1448) Metaspace: 10061K(10304K)->10061K(10304K) NonClass: 8835K(8960K)->8835K(8960K) Class: 1225K(1344K)->1225K(1344K)
[2025-08-01T01:08:57.816+0000] GC(1448) Pause Young (Concurrent Start) (G1 Evacuation Pause) 3022M->2927M(4096M) 66.172ms
[2025-08-01T01:08:57.816+0000] GC(1448) User=0.43s Sys=0.03s Real=0.07s
[2025-08-01T01:08:57.818+0000] GC(1449) Concurrent Mark Cycle
[2025-08-01T01:08:57.818+0000] GC(1449) Concurrent Clear Claimed Marks
[2025-08-01T01:08:57.818+0000] GC(1449) Concurrent Clear Claimed Marks 0.029ms
[2025-08-01T01:08:57.818+0000] GC(1449) Concurrent Scan Root Regions
[2025-08-01T01:08:57.867+0000] GC(1449) Concurrent Scan Root Regions 48.540ms
[2025-08-01T01:08:57.867+0000] GC(1449) Concurrent Mark
[2025-08-01T01:08:57.867+0000] GC(1449) Concurrent Mark From Roots
[2025-08-01T01:08:57.867+0000] GC(1449) Using 2 workers of 2 for marking
[2025-08-01T01:08:57.887+0000] GC(1450) Pause Young (Normal) (G1 Evacuation Pause)
[2025-08-01T01:08:57.887+0000] GC(1450) Using 8 workers of 8 for evacuation
[2025-08-01T01:08:57.942+0000] GC(1450)   Pre Evacuate Collection Set: 0.7ms
[2025-08-01T01:08:57.942+0000] GC(1450)   Merge Heap Roots: 0.2ms
[2025-08-01T01:08:57.942+0000] GC(1450)   Evacuate Collection Set: 52.9ms
[2025-08-01T01:08:57.942+0000] GC(1450)   Post Evacuate Collection Set: 0.9ms
[2025-08-01T01:08:57.942+0000] GC(1450)   Other: 0.2ms
[2025-08-01T01:08:57.942+0000] GC(1450) Eden regions: 126->0(96)
[2025-08-01T01:08:57.942+0000] GC(1450) Survivor regions: 21->19(19)
[2025-08-01T01:08:57.942+0000] GC(1450) Old regions: 1442->1532
[2025-08-01T01:08:57.942+0000] GC(1450) Archive regions: 2->2
[2025-08-01T01:08:57.942+0000] GC(1450) Humongous regions: 0->0
[2025-08-01T01:08:57.942+0000] GC(1450) Metaspace: 10061K(10304K)->10061K(10304K) NonClass: 8835K(8960K)->8835K(8960K) Class: 1225K(1344K)->1225K(1344K)
[2025-08-01T01:08:57.942+0000] GC(1450) Pause Young (Normal) (G1 Evacuation Pause) 3179M->3102M(4096M) 55.190ms
[2025-08-01T01:08:57.942+0000] GC(1450) User=0.39s Sys=0.01s Real=0.05s
[2025-08-01T01:08:57.960+0000] GC(1451) Pause Young (Normal) (G1 Evacuation Pause)
[2025-08-01T01:08:57.961+0000] GC(1451) Using 8 workers of 8 for evacuation
[2025-08-01T01:08:57.996+0000] GC(1451)   Pre Evacuate Collection Set: 0.4ms
[2025-08-01T01:08:57.996+0000] GC(1451)   Merge Heap Roots: 0.2ms
[2025-08-01T01:08:57.996+0000] GC(1451)   Evacuate Collection Set: 34.1ms
[2025-08-01T01:08:57.996+0000] GC(1451)   Post Evacuate Collection Set: 0.9ms
[2025-08-01T01:08:57.996+0000] GC(1451)   Other: 0.2ms
[2025-08-01T01:08:57.996+0000] GC(1451) Eden regions: 96->0(87)
[2025-08-01T01:08:57.996+0000] GC(1451) Survivor regions: 19->15(15)
[2025-08-01T01:08:57.996+0000] GC(1451) Old regions: 1532->1634
[2025-08-01T01:08:57.996+0000] GC(1451) Archive regions: 2->2
[2025-08-01T01:08:57.996+0000] GC(1451) Humongous regions: 0->0
[2025-08-01T01:08:57.996+0000] GC(1451) Metaspace: 10061K(10304K)->10061K(10304K) NonClass: 8835K(8960K)->8835K(8960K) Class: 1225K(1344K)->1225K(1344K)
[2025-08-01T01:08:57.996+0000] GC(1451) Pause Young (Normal) (G1 Evacuation Pause) 3294M->3298M(4096M) 35.889ms
[2025-08-01T01:08:57.996+0000] GC(1451) User=0.27s Sys=0.00s Real=0.04s
[2025-08-01T01:08:58.062+0000] GC(1452) Pause Young (Normal) (G1 Evacuation Pause)
[2025-08-01T01:08:58.063+0000] GC(1452) Using 8 workers of 8 for evacuation
[2025-08-01T01:08:58.092+0000] GC(1452)   Pre Evacuate Collection Set: 0.4ms
[2025-08-01T01:08:58.093+0000] GC(1452)   Merge Heap Roots: 0.1ms
[2025-08-01T01:08:58.093+0000] GC(1452)   Evacuate Collection Set: 28.6ms
[2025-08-01T01:08:58.093+0000] GC(1452)   Post Evacuate Collection Set: 0.7ms
[2025-08-01T01:08:58.093+0000] GC(1452)   Other: 0.2ms
[2025-08-01T01:08:58.093+0000] GC(1452) Eden regions: 87->0(89)
[2025-08-01T01:08:58.093+0000] GC(1452) Survivor regions: 15->13(13)
[2025-08-01T01:08:58.093+0000] GC(1452) Old regions: 1634->1710
[2025-08-01T01:08:58.093+0000] GC(1452) Archive regions: 2->2
[2025-08-01T01:08:58.093+0000] GC(1452) Humongous regions: 0->0
[2025-08-01T01:08:58.093+0000] GC(1452) Metaspace: 10061K(10304K)->10061K(10304K) NonClass: 8835K(8960K)->8835K(8960K) Class: 1225K(1344K)->1225K(1344K)
[2025-08-01T01:08:58.093+0000] GC(1452) Pause Young (Normal) (G1 Evacuation Pause) 3472M->3446M(4096M) 30.200ms
[2025-08-01T01:08:58.093+0000] GC(1452) User=0.22s Sys=0.00s Real=0.03s
[2025-08-01T01:08:58.111+0000] GC(1453) Pause Young (Normal) (G1 Evacuation Pause)
[2025-08-01T01:08:58.111+0000] GC(1453) Using 8 workers of 8 for evacuation
[2025-08-01T01:08:58.144+0000] GC(1453)   Pre Evacuate Collection Set: 0.3ms
[2025-08-01T01:08:58.144+0000] GC(1453)   Merge Heap Roots: 0.3ms
[2025-08-01T01:08:58.144+0000] GC(1453)   Evacuate Collection Set: 31.4ms
[2025-08-01T01:08:58.144+0000] GC(1453)   Post Evacuate Collection Set: 0.8ms
[2025-08-01T01:08:58.144+0000] GC(1453)   Other: 0.2ms
[2025-08-01T01:08:58.144+0000] GC(1453) Eden regions: 89->0(89)
[2025-08-01T01:08:58.144+0000] GC(1453) Survivor regions: 13->13(13)
[2025-08-01T01:08:58.144+0000] GC(1453) Old regions: 1710->1801
[2025-08-01T01:08:58.144+0000] GC(1453) Archive regions: 2->2
[2025-08-01T01:08:58.144+0000] GC(1453) Humongous regions: 0->0
[2025-08-01T01:08:58.144+0000] GC(1453) Metaspace: 10061K(10304K)->10061K(10304K) NonClass: 8835K(8960K)->8835K(8960K) Class: 1225K(1344K)->1225K(1344K)
[2025-08-01T01:08:58.144+0000] GC(1453) Pause Young (Normal) (G1 Evacuation Pause) 3624M->3628M(4096M) 33.069ms
[2025-08-01T01:08:58.144+0000] GC(1453) User=0.25s Sys=0.00s Real=0.04s
[2025-08-01T01:08:58.163+0000] GC(1449) Concurrent Mark From Roots 295.939ms
[2025-08-01T01:08:58.163+0000] GC(1449) Concurrent Preclean
[2025-08-01T01:08:58.163+0000] GC(1449) Concurrent Preclean 0.361ms
[2025-08-01T01:08:58.163+0000] GC(1449) Pause Remark
[2025-08-01T01:08:58.167+0000] GC(1449) Pause Remark 3784M->2030M(4096M) 3.785ms
[2025-08-01T01:08:58.167+0000] GC(1449) User=0.01s Sys=0.00s Real=0.00s
[2025-08-01T01:08:58.167+0000] GC(1449) Concurrent Mark 300.607ms
[2025-08-01T01:08:58.167+0000] GC(1449) Concurrent Rebuild Remembered Sets
[2025-08-01T01:08:58.205+0000] GC(1454) Pause Young (Normal) (G1 Evacuation Pause)
[2025-08-01T01:08:58.205+0000] GC(1454) Using 8 workers of 8 for evacuation
[2025-08-01T01:08:58.243+0000] GC(1454)   Pre Evacuate Collection Set: 0.6ms
[2025-08-01T01:08:58.243+0000] GC(1454)   Merge Heap Roots: 0.3ms
[2025-08-01T01:08:58.243+0000] GC(1454)   Evacuate Collection Set: 36.3ms
[2025-08-01T01:08:58.243+0000] GC(1454)   Post Evacuate Collection Set: 0.9ms
[2025-08-01T01:08:58.243+0000] GC(1454)   Other: 0.2ms
[2025-08-01T01:08:58.243+0000] GC(1454) Eden regions: 89->0(261)
[2025-08-01T01:08:58.243+0000] GC(1454) Survivor regions: 13->13(13)
[2025-08-01T01:08:58.243+0000] GC(1454) Old regions: 924->1014
[2025-08-01T01:08:58.243+0000] GC(1454) Archive regions: 2->2
[2025-08-01T01:08:58.243+0000] GC(1454) Humongous regions: 0->0
[2025-08-01T01:08:58.243+0000] GC(1454) Metaspace: 10061K(10304K)->10061K(10304K) NonClass: 8835K(8960K)->8835K(8960K) Class: 1225K(1344K)->1225K(1344K)
[2025-08-01T01:08:58.243+0000] GC(1454) Pause Young (Normal) (G1 Evacuation Pause) 2052M->2055M(4096M) 38.462ms
[2025-08-01T01:08:58.243+0000] GC(1454) User=0.28s Sys=0.01s Real=0.04s
[2025-08-01T01:08:58.347+0000] GC(1455) Pause Young (Normal) (G1 Evacuation Pause)
[2025-08-01T01:08:58.347+0000] GC(1455) Using 8 workers of 8 for evacuation
[2025-08-01T01:08:58.429+0000] GC(1455)   Pre Evacuate Collection Set: 0.6ms
[2025-08-01T01:08:58.429+0000] GC(1455)   Merge Heap Roots: 0.4ms
[2025-08-01T01:08:58.429+0000] GC(1455)   Evacuate Collection Set: 79.5ms
[2025-08-01T01:08:58.429+0000] GC(1455)   Post Evacuate Collection Set: 1.3ms
[2025-08-01T01:08:58.429+0000] GC(1455)   Other: 0.4ms
[2025-08-01T01:08:58.429+0000] GC(1455) Eden regions: 261->0(191)
[2025-08-01T01:08:58.429+0000] GC(1455) Survivor regions: 13->35(35)
[2025-08-01T01:08:58.429+0000] GC(1455) Old regions: 1014->1208
[2025-08-01T01:08:58.429+0000] GC(1455) Archive regions: 2->2
[2025-08-01T01:08:58.429+0000] GC(1455) Humongous regions: 0->0
[2025-08-01T01:08:58.429+0000] GC(1455) Metaspace: 10061K(10304K)->10061K(10304K) NonClass: 8835K(8960K)->8835K(8960K) Class: 1225K(1344K)->1225K(1344K)
[2025-08-01T01:08:58.429+0000] GC(1455) Pause Young (Normal) (G1 Evacuation Pause) 2577M->2487M(4096M) 82.435ms
[2025-08-01T01:08:58.429+0000] GC(1455) User=0.61s Sys=0.02s Real=0.08s
[2025-08-01T01:08:58.506+0000] GC(1449) Concurrent Rebuild Remembered Sets 338.090ms
[2025-08-01T01:08:58.506+0000] GC(1449) Pause Cleanup
[2025-08-01T01:08:58.507+0000] GC(1449) Pause Cleanup 2783M->2783M(4096M) 0.662ms
[2025-08-01T01:08:58.507+0000] GC(1449) User=0.00s Sys=0.00s Real=0.00s
[2025-08-01T01:08:58.507+0000] GC(1449) Concurrent Cleanup for Next Mark
[2025-08-01T01:08:58.519+0000] GC(1456) Pause Young (Prepare Mixed) (G1 Evacuation Pause)
[2025-08-01T01:08:58.519+0000] GC(1456) Using 8 workers of 8 for evacuation
[2025-08-01T01:08:58.585+0000] GC(1456)   Pre Evacuate Collection Set: 0.5ms
[2025-08-01T01:08:58.585+0000] GC(1456)   Merge Heap Roots: 0.2ms
[2025-08-01T01:08:58.585+0000] GC(1456)   Evacuate Collection Set: 63.7ms
[2025-08-01T01:08:58.585+0000] GC(1456)   Post Evacuate Collection Set: 0.7ms
[2025-08-01T01:08:58.585+0000] GC(1456)   Other: 0.2ms
[2025-08-01T01:08:58.585+0000] GC(1456) Eden regions: 191->0(73)
[2025-08-01T01:08:58.585+0000] GC(1456) Survivor regions: 35->29(29)
[2025-08-01T01:08:58.585+0000] GC(1456) Old regions: 1208->1363
[2025-08-01T01:08:58.585+0000] GC(1456) Archive regions: 2->2
[2025-08-01T01:08:58.585+0000] GC(1456) Humongous regions: 0->0
[2025-08-01T01:08:58.585+0000] GC(1456) Metaspace: 10061K(10304K)->10061K(10304K) NonClass: 8835K(8960K)->8835K(8960K) Class: 1225K(1344K)->1225K(1344K)
[2025-08-01T01:08:58.585+0000] GC(1456) Pause Young (Prepare Mixed) (G1 Evacuation Pause) 2869M->2784M(4096M) 65.385ms
[2025-08-01T01:08:58.585+0000] GC(1456) User=0.47s Sys=0.03s Real=0.07s
[2025-08-01T01:08:58.588+0000] GC(1449) Concurrent Cleanup for Next Mark 81.056ms
[2025-08-01T01:08:58.588+0000] GC(1449) Concurrent Mark Cycle 769.881ms
[2025-08-01T01:08:58.600+0000] GC(1457) Pause Young (Mixed) (G1 Evacuation Pause)
[2025-08-01T01:08:58.600+0000] GC(1457) Using 8 workers of 8 for evacuation
[2025-08-01T01:08:58.630+0000] GC(1457)   Pre Evacuate Collection Set: 1.2ms
[2025-08-01T01:08:58.630+0000] GC(1457)   Merge Heap Roots: 0.1ms
[2025-08-01T01:08:58.630+0000] GC(1457)   Evacuate Collection Set: 28.2ms
[2025-08-01T01:08:58.630+0000] GC(1457)   Post Evacuate Collection Set: 0.9ms
[2025-08-01T01:08:58.630+0000] GC(1457)   Other: 0.2ms
[2025-08-01T01:08:58.630+0000] GC(1457) Eden regions: 73->0(137)
[2025-08-01T01:08:58.630+0000] GC(1457) Survivor regions: 29->13(13)
[2025-08-01T01:08:58.630+0000] GC(1457) Old regions: 1363->1399
[2025-08-01T01:08:58.630+0000] GC(1457) Archive regions: 2->2
[2025-08-01T01:08:58.630+0000] GC(1457) Humongous regions: 0->0
[2025-08-01T01:08:58.630+0000] GC(1457) Metaspace: 10061K(10304K)->10061K(10304K) NonClass: 8835K(8960K)->8835K(8960K) Class: 1225K(1344K)->1225K(1344K)
[2025-08-01T01:08:58.630+0000] GC(1457) Pause Young (Mixed) (G1 Evacuation Pause) 2930M->2825M(4096M) 30.739ms
[2025-08-01T01:08:58.630+0000] GC(1457) User=0.22s Sys=0.00s Real=0.03s
[2025-08-01T01:08:58.693+0000] GC(1458) Pause Young (Concurrent Start) (G1 Evacuation Pause)
[2025-08-01T01:08:58.693+0000] GC(1458) Using 8 workers of 8 for evacuation
[2025-08-01T01:08:58.730+0000] GC(1458)   Pre Evacuate Collection Set: 0.6ms
[2025-08-01T01:08:58.730+0000] GC(1458)   Merge Heap Roots: 0.2ms
[2025-08-01T01:08:58.730+0000] GC(1458)   Evacuate Collection Set: 34.1ms
[2025-08-01T01:08:58.730+0000] GC(1458)   Post Evacuate Collection Set: 1.7ms
[2025-08-01T01:08:58.730+0000] GC(1458)   Other: 0.3ms
[2025-08-01T01:08:58.730+0000] GC(1458) Eden regions: 137->0(109)
[2025-08-01T01:08:58.730+0000] GC(1458) Survivor regions: 13->19(19)
[2025-08-01T01:08:58.730+0000] GC(1458) Old regions: 1399->1483
[2025-08-01T01:08:58.730+0000] GC(1458) Archive regions: 2->2
[2025-08-01T01:08:58.730+0000] GC(1458) Humongous regions: 0->0
[2025-08-01T01:08:58.730+0000] GC(1458) Metaspace: 10061K(10304K)->10061K(10304K) NonClass: 8835K(8960K)->8835K(8960K) Class: 1225K(1344K)->1225K(1344K)
[2025-08-01T01:08:58.730+0000] GC(1458) Pause Young (Concurrent Start) (G1 Evacuation Pause) 3099M->3005M(4096M) 37.110ms
[2025-08-01T01:08:58.730+0000] GC(1458) User=0.26s Sys=0.01s Real=0.03s
[2025-08-01T01:08:58.730+0000] GC(1459) Concurrent Mark Cycle
[2025-08-01T01:08:58.730+0000] GC(1459) Concurrent Clear Claimed Marks
[2025-08-01T01:08:58.730+0000] GC(1459) Concurrent Clear Claimed Marks 0.029ms
[2025-08-01T01:08:58.730+0000] GC(1459) Concurrent Scan Root Regions
[2025-08-01T01:08:58.759+0000] GC(1459) Concurrent Scan Root Regions 28.689ms
[2025-08-01T01:08:58.759+0000] GC(1459) Concurrent Mark
[2025-08-01T01:08:58.759+0000] GC(1459) Concurrent Mark From Roots
[2025-08-01T01:08:58.759+0000] GC(1459) Using 2 workers of 2 for marking
[2025-08-01T01:08:58.759+0000] GC(1460) Pause Young (Normal) (G1 Evacuation Pause)
[2025-08-01T01:08:58.759+0000] GC(1460) Using 8 workers of 8 for evacuation
[2025-08-01T01:08:58.805+0000] GC(1460)   Pre Evacuate Collection Set: 3.9ms
[2025-08-01T01:08:58.805+0000] GC(1460)   Merge Heap Roots: 0.1ms
[2025-08-01T01:08:58.805+0000] GC(1460)   Evacuate Collection Set: 44.4ms
[2025-08-01T01:08:58.805+0000] GC(1460)   Post Evacuate Collection Set: 0.9ms
[2025-08-01T01:08:58.805+0000] GC(1460)   Other: 0.2ms
[2025-08-01T01:08:58.805+0000] GC(1460) Eden regions: 109->0(86)
[2025-08-01T01:08:58.805+0000] GC(1460) Survivor regions: 19->16(16)
[2025-08-01T01:08:58.805+0000] GC(1460) Old regions: 1483->1597
[2025-08-01T01:08:58.805+0000] GC(1460) Archive regions: 2->2
[2025-08-01T01:08:58.805+0000] GC(1460) Humongous regions: 0->0
[2025-08-01T01:08:58.805+0000] GC(1460) Metaspace: 10061K(10304K)->10061K(10304K) NonClass: 8835K(8960K)->8835K(8960K) Class: 1225K(1344K)->1225K(1344K)
[2025-08-01T01:08:58.806+0000] GC(1460) Pause Young (Normal) (G1 Evacuation Pause) 3223M->3226M(4096M) 46.204ms
[2025-08-01T01:08:58.806+0000] GC(1460) User=0.34s Sys=0.02s Real=0.05s
[2025-08-01T01:08:58.825+0000] GC(1461) Pause Young (Normal) (G1 Evacuation Pause)
[2025-08-01T01:08:58.825+0000] GC(1461) Using 8 workers of 8 for evacuation
[2025-08-01T01:08:58.860+0000] GC(1461)   Pre Evacuate Collection Set: 0.4ms
[2025-08-01T01:08:58.860+0000] GC(1461)   Merge Heap Roots: 0.2ms
[2025-08-01T01:08:58.860+0000] GC(1461)   Evacuate Collection Set: 33.1ms
[2025-08-01T01:08:58.860+0000] GC(1461)   Post Evacuate Collection Set: 0.9ms
[2025-08-01T01:08:58.860+0000] GC(1461)   Other: 0.2ms
[2025-08-01T01:08:58.860+0000] GC(1461) Eden regions: 86->0(89)
[2025-08-01T01:08:58.860+0000] GC(1461) Survivor regions: 16->13(13)
[2025-08-01T01:08:58.860+0000] GC(1461) Old regions: 1597->1687
[2025-08-01T01:08:58.860+0000] GC(1461) Archive regions: 2->2
[2025-08-01T01:08:58.860+0000] GC(1461) Humongous regions: 0->0
[2025-08-01T01:08:58.860+0000] GC(1461) Metaspace: 10061K(10304K)->10061K(10304K) NonClass: 8835K(8960K)->8835K(8960K) Class: 1225K(1344K)->1225K(1344K)
[2025-08-01T01:08:58.860+0000] GC(1461) Pause Young (Normal) (G1 Evacuation Pause) 3398M->3401M(4096M) 35.008ms
[2025-08-01T01:08:58.860+0000] GC(1461) User=0.25s Sys=0.00s Real=0.03s
[2025-08-01T01:08:58.885+0000] GC(1462) Pause Young (Normal) (G1 Evacuation Pause)
[2025-08-01T01:08:58.885+0000] GC(1462) Using 8 workers of 8 for evacuation
[2025-08-01T01:08:58.923+0000] GC(1462)   Pre Evacuate Collection Set: 0.4ms
[2025-08-01T01:08:58.923+0000] GC(1462)   Merge Heap Roots: 0.1ms
[2025-08-01T01:08:58.923+0000] GC(1462)   Evacuate Collection Set: 36.0ms
[2025-08-01T01:08:58.923+0000] GC(1462)   Post Evacuate Collection Set: 0.7ms
[2025-08-01T01:08:58.923+0000] GC(1462)   Other: 0.1ms
[2025-08-01T01:08:58.923+0000] GC(1462) Eden regions: 89->0(89)
[2025-08-01T01:08:58.923+0000] GC(1462) Survivor regions: 13->13(13)
[2025-08-01T01:08:58.923+0000] GC(1462) Old regions: 1687->1777
[2025-08-01T01:08:58.923+0000] GC(1462) Archive regions: 2->2
[2025-08-01T01:08:58.923+0000] GC(1462) Humongous regions: 0->0
[2025-08-01T01:08:58.923+0000] GC(1462) Metaspace: 10061K(10304K)->10061K(10304K) NonClass: 8835K(8960K)->8835K(8960K) Class: 1225K(1344K)->1225K(1344K)
[2025-08-01T01:08:58.923+0000] GC(1462) Pause Young (Normal) (G1 Evacuation Pause) 3579M->3581M(4096M) 37.641ms
[2025-08-01T01:08:58.923+0000] GC(1462) User=0.26s Sys=0.01s Real=0.04s
[2025-08-01T01:08:58.942+0000] GC(1463) Pause Young (Normal) (G1 Evacuation Pause)
[2025-08-01T01:08:58.942+0000] GC(1463) Using 8 workers of 8 for evacuation
[2025-08-01T01:08:58.969+0000] GC(1463)   Pre Evacuate Collection Set: 0.6ms
[2025-08-01T01:08:58.969+0000] GC(1463)   Merge Heap Roots: 1.0ms
[2025-08-01T01:08:58.969+0000] GC(1463)   Evacuate Collection Set: 24.5ms
[2025-08-01T01:08:58.969+0000] GC(1463)   Post Evacuate Collection Set: 0.7ms
[2025-08-01T01:08:58.969+0000] GC(1463)   Other: 0.3ms
[2025-08-01T01:08:58.969+0000] GC(1463) Eden regions: 89->0(89)
[2025-08-01T01:08:58.969+0000] GC(1463) Survivor regions: 13->13(13)
[2025-08-01T01:08:58.969+0000] GC(1463) Old regions: 1777->1850
[2025-08-01T01:08:58.969+0000] GC(1463) Archive regions: 2->2
[2025-08-01T01:08:58.969+0000] GC(1463) Humongous regions: 0->0
[2025-08-01T01:08:58.969+0000] GC(1463) Metaspace: 10061K(10304K)->10061K(10304K) NonClass: 8835K(8960K)->8835K(8960K) Class: 1225K(1344K)->1225K(1344K)
[2025-08-01T01:08:58.969+0000] GC(1463) Pause Young (Normal) (G1 Evacuation Pause) 3759M->3727M(4096M) 27.275ms
[2025-08-01T01:08:58.969+0000] GC(1463) User=0.19s Sys=0.00s Real=0.03s
[2025-08-01T01:08:58.979+0000] GC(1459) Concurrent Mark From Roots 219.487ms
[2025-08-01T01:08:58.979+0000] GC(1459) Concurrent Preclean
[2025-08-01T01:08:58.979+0000] GC(1459) Concurrent Preclean 0.207ms
[2025-08-01T01:08:58.979+0000] GC(1459) Pause Remark
[2025-08-01T01:08:58.983+0000] GC(1459) Pause Remark 3805M->1525M(4096M) 3.921ms
[2025-08-01T01:08:58.983+0000] GC(1459) User=0.01s Sys=0.00s Real=0.01s
[2025-08-01T01:08:58.983+0000] GC(1459) Concurrent Mark 224.154ms
[2025-08-01T01:08:58.983+0000] GC(1459) Concurrent Rebuild Remembered Sets
[2025-08-01T01:08:59.023+0000] GC(1464) Pause Young (Normal) (G1 Evacuation Pause)
[2025-08-01T01:08:59.023+0000] GC(1464) Using 8 workers of 8 for evacuation
[2025-08-01T01:08:59.055+0000] GC(1464)   Pre Evacuate Collection Set: 0.4ms
[2025-08-01T01:08:59.055+0000] GC(1464)   Merge Heap Roots: 0.4ms
[2025-08-01T01:08:59.055+0000] GC(1464)   Evacuate Collection Set: 30.5ms
[2025-08-01T01:08:59.055+0000] GC(1464)   Post Evacuate Collection Set: 0.7ms
[2025-08-01T01:08:59.055+0000] GC(1464)   Other: 0.2ms
[2025-08-01T01:08:59.056+0000] GC(1464) Eden regions: 89->0(342)
[2025-08-01T01:08:59.056+0000] GC(1464) Survivor regions: 13->13(13)
[2025-08-01T01:08:59.056+0000] GC(1464) Old regions: 710->800
[2025-08-01T01:08:59.056+0000] GC(1464) Archive regions: 2->2
[2025-08-01T01:08:59.056+0000] GC(1464) Humongous regions: 0->0
[2025-08-01T01:08:59.056+0000] GC(1464) Metaspace: 10061K(10304K)->10061K(10304K) NonClass: 8835K(8960K)->8835K(8960K) Class: 1225K(1344K)->1225K(1344K)
[2025-08-01T01:08:59.056+0000] GC(1464) Pause Young (Normal) (G1 Evacuation Pause) 1625M->1627M(4096M) 32.416ms
[2025-08-01T01:08:59.056+0000] GC(1464) User=0.23s Sys=0.01s Real=0.03s
[2025-08-01T01:08:59.176+0000] GC(1465) Pause Young (Normal) (G1 Evacuation Pause)
[2025-08-01T01:08:59.176+0000] GC(1465) Using 8 workers of 8 for evacuation
[2025-08-01T01:08:59.282+0000] GC(1465)   Pre Evacuate Collection Set: 0.5ms
[2025-08-01T01:08:59.282+0000] GC(1465)   Merge Heap Roots: 0.3ms
[2025-08-01T01:08:59.282+0000] GC(1465)   Evacuate Collection Set: 103.6ms
[2025-08-01T01:08:59.282+0000] GC(1465)   Post Evacuate Collection Set: 1.1ms
[2025-08-01T01:08:59.282+0000] GC(1465)   Other: 0.2ms
[2025-08-01T01:08:59.282+0000] GC(1465) Eden regions: 342->0(237)
[2025-08-01T01:08:59.282+0000] GC(1465) Survivor regions: 13->45(45)
[2025-08-01T01:08:59.282+0000] GC(1465) Old regions: 800->1064
[2025-08-01T01:08:59.282+0000] GC(1465) Archive regions: 2->2
[2025-08-01T01:08:59.282+0000] GC(1465) Humongous regions: 0->0
[2025-08-01T01:08:59.282+0000] GC(1465) Metaspace: 10061K(10304K)->10061K(10304K) NonClass: 8835K(8960K)->8835K(8960K) Class: 1225K(1344K)->1225K(1344K)
[2025-08-01T01:08:59.282+0000] GC(1465) Pause Young (Normal) (G1 Evacuation Pause) 2311M->2219M(4096M) 105.803ms
[2025-08-01T01:08:59.282+0000] GC(1465) User=0.73s Sys=0.03s Real=0.10s
[2025-08-01T01:08:59.299+0000] GC(1459) Concurrent Rebuild Remembered Sets 315.772ms
[2025-08-01T01:08:59.300+0000] GC(1459) Pause Cleanup
[2025-08-01T01:08:59.302+0000] GC(1459) Pause Cleanup 2332M->2332M(4096M) 1.671ms
[2025-08-01T01:08:59.302+0000] GC(1459) User=0.00s Sys=0.00s Real=0.00s
[2025-08-01T01:08:59.302+0000] GC(1459) Concurrent Cleanup for Next Mark
[2025-08-01T01:08:59.311+0000] GC(1459) Concurrent Cleanup for Next Mark 8.798ms
[2025-08-01T01:08:59.311+0000] GC(1459) Concurrent Mark Cycle 580.527ms
[2025-08-01T01:08:59.379+0000] GC(1466) Pause Young (Prepare Mixed) (G1 Evacuation Pause)
[2025-08-01T01:08:59.379+0000] GC(1466) Using 8 workers of 8 for evacuation
[2025-08-01T01:08:59.439+0000] GC(1466)   Pre Evacuate Collection Set: 0.7ms
[2025-08-01T01:08:59.439+0000] GC(1466)   Merge Heap Roots: 0.3ms
[2025-08-01T01:08:59.439+0000] GC(1466)   Evacuate Collection Set: 58.0ms
[2025-08-01T01:08:59.439+0000] GC(1466)   Post Evacuate Collection Set: 1.0ms
[2025-08-01T01:08:59.439+0000] GC(1466)   Other: 0.2ms
[2025-08-01T01:08:59.439+0000] GC(1466) Eden regions: 237->0(66)
[2025-08-01T01:08:59.439+0000] GC(1466) Survivor regions: 45->36(36)
[2025-08-01T01:08:59.439+0000] GC(1466) Old regions: 1064->1235
[2025-08-01T01:08:59.439+0000] GC(1466) Archive regions: 2->2
[2025-08-01T01:08:59.439+0000] GC(1466) Humongous regions: 0->0
[2025-08-01T01:08:59.439+0000] GC(1466) Metaspace: 10061K(10304K)->10061K(10304K) NonClass: 8835K(8960K)->8835K(8960K) Class: 1225K(1344K)->1225K(1344K)
[2025-08-01T01:08:59.439+0000] GC(1466) Pause Young (Prepare Mixed) (G1 Evacuation Pause) 2693M->2542M(4096M) 60.376ms
[2025-08-01T01:08:59.439+0000] GC(1466) User=0.44s Sys=0.00s Real=0.06s
[2025-08-01T01:08:59.452+0000] GC(1467) Pause Young (Mixed) (G1 Evacuation Pause)
[2025-08-01T01:08:59.452+0000] GC(1467) Using 8 workers of 8 for evacuation
[2025-08-01T01:08:59.481+0000] GC(1467)   Pre Evacuate Collection Set: 0.5ms
[2025-08-01T01:08:59.482+0000] GC(1467)   Merge Heap Roots: 0.2ms
[2025-08-01T01:08:59.482+0000] GC(1467)   Evacuate Collection Set: 28.2ms
[2025-08-01T01:08:59.482+0000] GC(1467)   Post Evacuate Collection Set: 0.8ms
[2025-08-01T01:08:59.482+0000] GC(1467)   Other: 0.2ms
[2025-08-01T01:08:59.482+0000] GC(1467) Eden regions: 66->0(165)
[2025-08-01T01:08:59.482+0000] GC(1467) Survivor regions: 36->13(13)
[2025-08-01T01:08:59.482+0000] GC(1467) Old regions: 1235->1301
[2025-08-01T01:08:59.482+0000] GC(1467) Archive regions: 2->2
[2025-08-01T01:08:59.482+0000] GC(1467) Humongous regions: 0->0
[2025-08-01T01:08:59.482+0000] GC(1467) Metaspace: 10061K(10304K)->10061K(10304K) NonClass: 8835K(8960K)->8835K(8960K) Class: 1225K(1344K)->1225K(1344K)
[2025-08-01T01:08:59.482+0000] GC(1467) Pause Young (Mixed) (G1 Evacuation Pause) 2674M->2628M(4096M) 30.048ms
[2025-08-01T01:08:59.482+0000] GC(1467) User=0.22s Sys=0.00s Real=0.03s
[2025-08-01T01:08:59.559+0000] GC(1468) Pause Young (Concurrent Start) (G1 Evacuation Pause)
[2025-08-01T01:08:59.559+0000] GC(1468) Using 8 workers of 8 for evacuation
[2025-08-01T01:08:59.615+0000] GC(1468)   Pre Evacuate Collection Set: 1.1ms
[2025-08-01T01:08:59.615+0000] GC(1468)   Merge Heap Roots: 0.3ms
[2025-08-01T01:08:59.615+0000] GC(1468)   Evacuate Collection Set: 53.2ms
[2025-08-01T01:08:59.615+0000] GC(1468)   Post Evacuate Collection Set: 0.7ms
[2025-08-01T01:08:59.615+0000] GC(1468)   Other: 0.3ms
[2025-08-01T01:08:59.615+0000] GC(1468) Eden regions: 165->0(122)
[2025-08-01T01:08:59.615+0000] GC(1468) Survivor regions: 13->23(23)
[2025-08-01T01:08:59.615+0000] GC(1468) Old regions: 1301->1430
[2025-08-01T01:08:59.615+0000] GC(1468) Archive regions: 2->2
[2025-08-01T01:08:59.615+0000] GC(1468) Humongous regions: 0->0
[2025-08-01T01:08:59.615+0000] GC(1468) Metaspace: 10061K(10304K)->10061K(10304K) NonClass: 8835K(8960K)->8835K(8960K) Class: 1225K(1344K)->1225K(1344K)
[2025-08-01T01:08:59.615+0000] GC(1468) Pause Young (Concurrent Start) (G1 Evacuation Pause) 2958M->2906M(4096M) 55.754ms
[2025-08-01T01:08:59.615+0000] GC(1468) User=0.40s Sys=0.02s Real=0.06s
[2025-08-01T01:08:59.615+0000] GC(1469) Concurrent Mark Cycle
[2025-08-01T01:08:59.615+0000] GC(1469) Concurrent Clear Claimed Marks
[2025-08-01T01:08:59.615+0000] GC(1469) Concurrent Clear Claimed Marks 0.016ms
[2025-08-01T01:08:59.615+0000] GC(1469) Concurrent Scan Root Regions
[2025-08-01T01:08:59.651+0000] GC(1469) Concurrent Scan Root Regions 35.347ms
[2025-08-01T01:08:59.651+0000] GC(1470) Pause Young (Normal) (G1 Evacuation Pause)
[2025-08-01T01:08:59.651+0000] GC(1469) Concurrent Mark
[2025-08-01T01:08:59.651+0000] GC(1469) Concurrent Mark From Roots
[2025-08-01T01:08:59.651+0000] GC(1469) Using 2 workers of 2 for marking
[2025-08-01T01:08:59.651+0000] GC(1470) Using 8 workers of 8 for evacuation
[2025-08-01T01:08:59.696+0000] GC(1470)   Pre Evacuate Collection Set: 10.2ms
[2025-08-01T01:08:59.696+0000] GC(1470)   Merge Heap Roots: 0.1ms
[2025-08-01T01:08:59.696+0000] GC(1470)   Evacuate Collection Set: 43.8ms
[2025-08-01T01:08:59.696+0000] GC(1470)   Post Evacuate Collection Set: 0.9ms
[2025-08-01T01:08:59.696+0000] GC(1470)   Other: 0.3ms
[2025-08-01T01:08:59.696+0000] GC(1470) Eden regions: 122->0(83)
[2025-08-01T01:08:59.696+0000] GC(1470) Survivor regions: 23->19(19)
[2025-08-01T01:08:59.696+0000] GC(1470) Old regions: 1430->1557
[2025-08-01T01:08:59.696+0000] GC(1470) Archive regions: 2->2
[2025-08-01T01:08:59.696+0000] GC(1470) Humongous regions: 0->0
[2025-08-01T01:08:59.696+0000] GC(1470) Metaspace: 10061K(10304K)->10061K(10304K) NonClass: 8835K(8960K)->8835K(8960K) Class: 1225K(1344K)->1225K(1344K)
[2025-08-01T01:08:59.696+0000] GC(1470) Pause Young (Normal) (G1 Evacuation Pause) 3150M->3152M(4096M) 45.604ms
[2025-08-01T01:08:59.696+0000] GC(1470) User=0.34s Sys=0.01s Real=0.05s
[2025-08-01T01:08:59.714+0000] GC(1471) Pause Young (Normal) (G1 Evacuation Pause)
[2025-08-01T01:08:59.714+0000] GC(1471) Using 8 workers of 8 for evacuation
[2025-08-01T01:08:59.749+0000] GC(1471)   Pre Evacuate Collection Set: 0.9ms
[2025-08-01T01:08:59.749+0000] GC(1471)   Merge Heap Roots: 0.1ms
[2025-08-01T01:08:59.749+0000] GC(1471)   Evacuate Collection Set: 33.0ms
[2025-08-01T01:08:59.749+0000] GC(1471)   Post Evacuate Collection Set: 0.7ms
[2025-08-01T01:08:59.749+0000] GC(1471)   Other: 0.2ms
[2025-08-01T01:08:59.749+0000] GC(1471) Eden regions: 83->0(89)
[2025-08-01T01:08:59.749+0000] GC(1471) Survivor regions: 19->13(13)
[2025-08-01T01:08:59.749+0000] GC(1471) Old regions: 1557->1648
[2025-08-01T01:08:59.749+0000] GC(1471) Archive regions: 2->2
[2025-08-01T01:08:59.749+0000] GC(1471) Humongous regions: 0->0
[2025-08-01T01:08:59.749+0000] GC(1471) Metaspace: 10061K(10304K)->10061K(10304K) NonClass: 8835K(8960K)->8835K(8960K) Class: 1225K(1344K)->1225K(1344K)
[2025-08-01T01:08:59.749+0000] GC(1471) Pause Young (Normal) (G1 Evacuation Pause) 3318M->3322M(4096M) 35.005ms
[2025-08-01T01:08:59.749+0000] GC(1471) User=0.26s Sys=0.01s Real=0.03s
[2025-08-01T01:08:59.772+0000] GC(1472) Pause Young (Normal) (G1 Evacuation Pause)
[2025-08-01T01:08:59.772+0000] GC(1472) Using 8 workers of 8 for evacuation
[2025-08-01T01:08:59.796+0000] GC(1472)   Pre Evacuate Collection Set: 0.3ms
[2025-08-01T01:08:59.796+0000] GC(1472)   Merge Heap Roots: 0.3ms
[2025-08-01T01:08:59.796+0000] GC(1472)   Evacuate Collection Set: 22.2ms
[2025-08-01T01:08:59.796+0000] GC(1472)   Post Evacuate Collection Set: 0.8ms
[2025-08-01T01:08:59.796+0000] GC(1472)   Other: 0.2ms
[2025-08-01T01:08:59.796+0000] GC(1472) Eden regions: 89->0(89)
[2025-08-01T01:08:59.796+0000] GC(1472) Survivor regions: 13->13(13)
[2025-08-01T01:08:59.796+0000] GC(1472) Old regions: 1648->1715
[2025-08-01T01:08:59.796+0000] GC(1472) Archive regions: 2->2
[2025-08-01T01:08:59.796+0000] GC(1472) Humongous regions: 0->0
[2025-08-01T01:08:59.796+0000] GC(1472) Metaspace: 10061K(10304K)->10061K(10304K) NonClass: 8835K(8960K)->8835K(8960K) Class: 1225K(1344K)->1225K(1344K)
[2025-08-01T01:08:59.796+0000] GC(1472) Pause Young (Normal) (G1 Evacuation Pause) 3500M->3456M(4096M) 23.911ms
[2025-08-01T01:08:59.796+0000] GC(1472) User=0.17s Sys=0.00s Real=0.03s
[2025-08-01T01:08:59.831+0000] GC(1473) Pause Young (Normal) (G1 Evacuation Pause)
[2025-08-01T01:08:59.831+0000] GC(1473) Using 8 workers of 8 for evacuation
[2025-08-01T01:08:59.863+0000] GC(1473)   Pre Evacuate Collection Set: 0.5ms
[2025-08-01T01:08:59.863+0000] GC(1473)   Merge Heap Roots: 0.2ms
[2025-08-01T01:08:59.863+0000] GC(1473)   Evacuate Collection Set: 31.2ms
[2025-08-01T01:08:59.863+0000] GC(1473)   Post Evacuate Collection Set: 0.8ms
[2025-08-01T01:08:59.863+0000] GC(1473)   Other: 0.2ms
[2025-08-01T01:08:59.863+0000] GC(1473) Eden regions: 89->0(89)
[2025-08-01T01:08:59.863+0000] GC(1473) Survivor regions: 13->13(13)
[2025-08-01T01:08:59.863+0000] GC(1473) Old regions: 1715->1805
[2025-08-01T01:08:59.863+0000] GC(1473) Archive regions: 2->2
[2025-08-01T01:08:59.863+0000] GC(1473) Humongous regions: 0->0
[2025-08-01T01:08:59.863+0000] GC(1473) Metaspace: 10061K(10304K)->10061K(10304K) NonClass: 8835K(8960K)->8835K(8960K) Class: 1225K(1344K)->1225K(1344K)
[2025-08-01T01:08:59.863+0000] GC(1473) Pause Young (Normal) (G1 Evacuation Pause) 3634M->3637M(4096M) 32.973ms
[2025-08-01T01:08:59.864+0000] GC(1473) User=0.24s Sys=0.00s Real=0.04s
[2025-08-01T01:08:59.882+0000] GC(1474) Pause Young (Normal) (G1 Evacuation Pause)
[2025-08-01T01:08:59.882+0000] GC(1474) Using 8 workers of 8 for evacuation
[2025-08-01T01:08:59.915+0000] GC(1474)   Pre Evacuate Collection Set: 0.4ms
[2025-08-01T01:08:59.915+0000] GC(1474)   Merge Heap Roots: 0.1ms
[2025-08-01T01:08:59.915+0000] GC(1474)   Evacuate Collection Set: 31.6ms
[2025-08-01T01:08:59.915+0000] GC(1474)   Post Evacuate Collection Set: 0.8ms
[2025-08-01T01:08:59.915+0000] GC(1474)   Other: 0.2ms
[2025-08-01T01:08:59.915+0000] GC(1474) Eden regions: 89->0(89)
[2025-08-01T01:08:59.915+0000] GC(1474) Survivor regions: 13->13(13)
[2025-08-01T01:08:59.915+0000] GC(1474) Old regions: 1805->1896
[2025-08-01T01:08:59.915+0000] GC(1474) Archive regions: 2->2
[2025-08-01T01:08:59.915+0000] GC(1474) Humongous regions: 0->0
[2025-08-01T01:08:59.915+0000] GC(1474) Metaspace: 10061K(10304K)->10061K(10304K) NonClass: 8835K(8960K)->8835K(8960K) Class: 1225K(1344K)->1225K(1344K)
[2025-08-01T01:08:59.915+0000] GC(1474) Pause Young (Normal) (G1 Evacuation Pause) 3815M->3818M(4096M) 33.337ms
[2025-08-01T01:08:59.915+0000] GC(1474) User=0.22s Sys=0.00s Real=0.04s
[2025-08-01T01:08:59.920+0000] GC(1469) Concurrent Mark From Roots 269.120ms
[2025-08-01T01:08:59.920+0000] GC(1469) Concurrent Preclean
[2025-08-01T01:08:59.920+0000] GC(1469) Concurrent Preclean 0.364ms
[2025-08-01T01:08:59.921+0000] GC(1469) Pause Remark
[2025-08-01T01:08:59.925+0000] GC(1469) Pause Remark 3844M->1956M(4096M) 3.765ms
[2025-08-01T01:08:59.925+0000] GC(1469) User=0.01s Sys=0.00s Real=0.01s
[2025-08-01T01:08:59.925+0000] GC(1469) Concurrent Mark 274.290ms
[2025-08-01T01:08:59.925+0000] GC(1469) Concurrent Rebuild Remembered Sets
[2025-08-01T01:08:59.974+0000] GC(1475) Pause Young (Normal) (G1 Evacuation Pause)
[2025-08-01T01:08:59.974+0000] GC(1475) Using 8 workers of 8 for evacuation
[2025-08-01T01:08:59.995+0000] GC(1475)   Pre Evacuate Collection Set: 0.5ms
[2025-08-01T01:08:59.995+0000] GC(1475)   Merge Heap Roots: 0.2ms
[2025-08-01T01:08:59.995+0000] GC(1475)   Evacuate Collection Set: 19.4ms
[2025-08-01T01:08:59.995+0000] GC(1475)   Post Evacuate Collection Set: 1.2ms
[2025-08-01T01:08:59.995+0000] GC(1475)   Other: 0.2ms
[2025-08-01T01:08:59.995+0000] GC(1475) Eden regions: 89->0(278)
[2025-08-01T01:08:59.995+0000] GC(1475) Survivor regions: 13->13(13)
[2025-08-01T01:08:59.995+0000] GC(1475) Old regions: 952->1010
[2025-08-01T01:08:59.995+0000] GC(1475) Archive regions: 2->2
[2025-08-01T01:08:59.995+0000] GC(1475) Humongous regions: 0->0
[2025-08-01T01:08:59.995+0000] GC(1475) Metaspace: 10061K(10304K)->10061K(10304K) NonClass: 8835K(8960K)->8835K(8960K) Class: 1225K(1344K)->1225K(1344K)
[2025-08-01T01:08:59.995+0000] GC(1475) Pause Young (Normal) (G1 Evacuation Pause) 2108M->2047M(4096M) 21.686ms
[2025-08-01T01:08:59.995+0000] GC(1475) User=0.15s Sys=0.00s Real=0.02s
[2025-08-01T01:09:00.097+0000] GC(1476) Pause Young (Normal) (G1 Evacuation Pause)
[2025-08-01T01:09:00.097+0000] GC(1476) Using 8 workers of 8 for evacuation
[2025-08-01T01:09:00.164+0000] GC(1476)   Pre Evacuate Collection Set: 0.4ms
[2025-08-01T01:09:00.164+0000] GC(1476)   Merge Heap Roots: 0.2ms
[2025-08-01T01:09:00.164+0000] GC(1476)   Evacuate Collection Set: 64.6ms
[2025-08-01T01:09:00.164+0000] GC(1476)   Post Evacuate Collection Set: 1.1ms
[2025-08-01T01:09:00.164+0000] GC(1476)   Other: 0.2ms
[2025-08-01T01:09:00.164+0000] GC(1476) Eden regions: 278->0(192)
[2025-08-01T01:09:00.164+0000] GC(1476) Survivor regions: 13->37(37)
[2025-08-01T01:09:00.164+0000] GC(1476) Old regions: 1010->1214
[2025-08-01T01:09:00.164+0000] GC(1476) Archive regions: 2->2
[2025-08-01T01:09:00.164+0000] GC(1476) Humongous regions: 0->0
[2025-08-01T01:09:00.164+0000] GC(1476) Metaspace: 10061K(10304K)->10061K(10304K) NonClass: 8835K(8960K)->8835K(8960K) Class: 1225K(1344K)->1225K(1344K)
[2025-08-01T01:09:00.164+0000] GC(1476) Pause Young (Normal) (G1 Evacuation Pause) 2603M->2503M(4096M) 66.668ms
[2025-08-01T01:09:00.164+0000] GC(1476) User=0.51s Sys=0.00s Real=0.07s
[2025-08-01T01:09:00.251+0000] GC(1469) Concurrent Rebuild Remembered Sets 325.613ms
[2025-08-01T01:09:00.252+0000] GC(1477) Pause Young (Normal) (G1 Evacuation Pause)
[2025-08-01T01:09:00.252+0000] GC(1477) Using 8 workers of 8 for evacuation
[2025-08-01T01:09:00.330+0000] GC(1477)   Pre Evacuate Collection Set: 0.7ms
[2025-08-01T01:09:00.330+0000] GC(1477)   Merge Heap Roots: 0.2ms
[2025-08-01T01:09:00.330+0000] GC(1477)   Evacuate Collection Set: 75.9ms
[2025-08-01T01:09:00.330+0000] GC(1477)   Post Evacuate Collection Set: 0.9ms
[2025-08-01T01:09:00.330+0000] GC(1477)   Other: 0.2ms
[2025-08-01T01:09:00.330+0000] GC(1477) Eden regions: 192->0(124)
[2025-08-01T01:09:00.330+0000] GC(1477) Survivor regions: 37->29(29)
[2025-08-01T01:09:00.330+0000] GC(1477) Old regions: 1214->1415
[2025-08-01T01:09:00.330+0000] GC(1477) Archive regions: 2->2
[2025-08-01T01:09:00.330+0000] GC(1477) Humongous regions: 0->0
[2025-08-01T01:09:00.330+0000] GC(1477) Metaspace: 10061K(10304K)->10061K(10304K) NonClass: 8835K(8960K)->8835K(8960K) Class: 1225K(1344K)->1225K(1344K)
[2025-08-01T01:09:00.330+0000] GC(1477) Pause Young (Normal) (G1 Evacuation Pause) 2887M->2889M(4096M) 78.237ms
[2025-08-01T01:09:00.330+0000] GC(1477) User=0.58s Sys=0.01s Real=0.08s
[2025-08-01T01:09:00.332+0000] GC(1469) Pause Cleanup
[2025-08-01T01:09:00.333+0000] GC(1469) Pause Cleanup 2903M->2903M(4096M) 1.268ms
[2025-08-01T01:09:00.334+0000] GC(1469) User=0.01s Sys=0.00s Real=0.01s
[2025-08-01T01:09:00.334+0000] GC(1469) Concurrent Cleanup for Next Mark
[2025-08-01T01:09:00.350+0000] GC(1469) Concurrent Cleanup for Next Mark 16.025ms
[2025-08-01T01:09:00.350+0000] GC(1469) Concurrent Mark Cycle 734.605ms
[2025-08-01T01:09:00.403+0000] GC(1478) Pause Young (Prepare Mixed) (G1 Evacuation Pause)
[2025-08-01T01:09:00.403+0000] GC(1478) Using 8 workers of 8 for evacuation
[2025-08-01T01:09:00.442+0000] GC(1478)   Pre Evacuate Collection Set: 0.7ms
[2025-08-01T01:09:00.442+0000] GC(1478)   Merge Heap Roots: 0.2ms
[2025-08-01T01:09:00.442+0000] GC(1478)   Evacuate Collection Set: 37.1ms
[2025-08-01T01:09:00.442+0000] GC(1478)   Post Evacuate Collection Set: 0.8ms
[2025-08-01T01:09:00.442+0000] GC(1478)   Other: 0.2ms
[2025-08-01T01:09:00.442+0000] GC(1478) Eden regions: 124->0(82)
[2025-08-01T01:09:00.442+0000] GC(1478) Survivor regions: 29->20(20)
[2025-08-01T01:09:00.442+0000] GC(1478) Old regions: 1415->1504
[2025-08-01T01:09:00.442+0000] GC(1478) Archive regions: 2->2
[2025-08-01T01:09:00.442+0000] GC(1478) Humongous regions: 0->0
[2025-08-01T01:09:00.442+0000] GC(1478) Metaspace: 10061K(10304K)->10061K(10304K) NonClass: 8835K(8960K)->8835K(8960K) Class: 1225K(1344K)->1225K(1344K)
[2025-08-01T01:09:00.442+0000] GC(1478) Pause Young (Prepare Mixed) (G1 Evacuation Pause) 3137M->3048M(4096M) 39.168ms
[2025-08-01T01:09:00.442+0000] GC(1478) User=0.28s Sys=0.01s Real=0.03s
[2025-08-01T01:09:00.456+0000] GC(1479) Pause Young (Mixed) (G1 Evacuation Pause)
[2025-08-01T01:09:00.457+0000] GC(1479) Using 8 workers of 8 for evacuation
[2025-08-01T01:09:00.497+0000] GC(1479)   Pre Evacuate Collection Set: 0.8ms
[2025-08-01T01:09:00.497+0000] GC(1479)   Merge Heap Roots: 0.3ms
[2025-08-01T01:09:00.497+0000] GC(1479)   Evacuate Collection Set: 38.5ms
[2025-08-01T01:09:00.497+0000] GC(1479)   Post Evacuate Collection Set: 0.9ms
[2025-08-01T01:09:00.497+0000] GC(1479)   Other: 0.2ms
[2025-08-01T01:09:00.497+0000] GC(1479) Eden regions: 82->0(89)
[2025-08-01T01:09:00.497+0000] GC(1479) Survivor regions: 20->13(13)
[2025-08-01T01:09:00.497+0000] GC(1479) Old regions: 1504->1564
[2025-08-01T01:09:00.497+0000] GC(1479) Archive regions: 2->2
[2025-08-01T01:09:00.497+0000] GC(1479) Humongous regions: 0->0
[2025-08-01T01:09:00.497+0000] GC(1479) Metaspace: 10061K(10304K)->10061K(10304K) NonClass: 8835K(8960K)->8835K(8960K) Class: 1225K(1344K)->1225K(1344K)
[2025-08-01T01:09:00.497+0000] GC(1479) Pause Young (Mixed) (G1 Evacuation Pause) 3212M->3155M(4096M) 40.890ms
[2025-08-01T01:09:00.497+0000] GC(1479) User=0.28s Sys=0.01s Real=0.04s
[2025-08-01T01:09:00.556+0000] GC(1480) Pause Young (Concurrent Start) (G1 Evacuation Pause)
[2025-08-01T01:09:00.556+0000] GC(1480) Using 8 workers of 8 for evacuation
[2025-08-01T01:09:00.587+0000] GC(1480)   Pre Evacuate Collection Set: 0.6ms
[2025-08-01T01:09:00.587+0000] GC(1480)   Merge Heap Roots: 0.1ms
[2025-08-01T01:09:00.587+0000] GC(1480)   Evacuate Collection Set: 28.6ms
[2025-08-01T01:09:00.587+0000] GC(1480)   Post Evacuate Collection Set: 0.8ms
[2025-08-01T01:09:00.587+0000] GC(1480)   Other: 0.2ms
[2025-08-01T01:09:00.587+0000] GC(1480) Eden regions: 89->0(89)
[2025-08-01T01:09:00.587+0000] GC(1480) Survivor regions: 13->13(13)
[2025-08-01T01:09:00.587+0000] GC(1480) Old regions: 1564->1654
[2025-08-01T01:09:00.587+0000] GC(1480) Archive regions: 2->2
[2025-08-01T01:09:00.587+0000] GC(1480) Humongous regions: 0->0
[2025-08-01T01:09:00.587+0000] GC(1480) Metaspace: 10061K(10304K)->10061K(10304K) NonClass: 8835K(8960K)->8835K(8960K) Class: 1225K(1344K)->1225K(1344K)
[2025-08-01T01:09:00.587+0000] GC(1480) Pause Young (Concurrent Start) (G1 Evacuation Pause) 3333M->3335M(4096M) 30.438ms
[2025-08-01T01:09:00.587+0000] GC(1480) User=0.22s Sys=0.01s Real=0.03s
[2025-08-01T01:09:00.587+0000] GC(1481) Concurrent Mark Cycle
[2025-08-01T01:09:00.587+0000] GC(1481) Concurrent Clear Claimed Marks
[2025-08-01T01:09:00.587+0000] GC(1481) Concurrent Clear Claimed Marks 0.014ms
[2025-08-01T01:09:00.587+0000] GC(1481) Concurrent Scan Root Regions
[2025-08-01T01:09:00.610+0000] GC(1481) Concurrent Scan Root Regions 23.347ms
[2025-08-01T01:09:00.610+0000] GC(1481) Concurrent Mark
[2025-08-01T01:09:00.610+0000] GC(1481) Concurrent Mark From Roots
[2025-08-01T01:09:00.610+0000] GC(1482) Pause Young (Normal) (G1 Evacuation Pause)
[2025-08-01T01:09:00.610+0000] GC(1482) Using 8 workers of 8 for evacuation
[2025-08-01T01:09:00.610+0000] GC(1481) Using 2 workers of 2 for marking
[2025-08-01T01:09:00.643+0000] GC(1482)   Pre Evacuate Collection Set: 6.0ms
[2025-08-01T01:09:00.643+0000] GC(1482)   Merge Heap Roots: 0.1ms
[2025-08-01T01:09:00.643+0000] GC(1482)   Evacuate Collection Set: 30.8ms
[2025-08-01T01:09:00.643+0000] GC(1482)   Post Evacuate Collection Set: 1.3ms
[2025-08-01T01:09:00.643+0000] GC(1482)   Other: 0.2ms
[2025-08-01T01:09:00.643+0000] GC(1482) Eden regions: 89->0(89)
[2025-08-01T01:09:00.643+0000] GC(1482) Survivor regions: 13->13(13)
[2025-08-01T01:09:00.643+0000] GC(1482) Old regions: 1654->1745
[2025-08-01T01:09:00.644+0000] GC(1482) Archive regions: 2->2
[2025-08-01T01:09:00.644+0000] GC(1482) Humongous regions: 0->0
[2025-08-01T01:09:00.644+0000] GC(1482) Metaspace: 10061K(10304K)->10061K(10304K) NonClass: 8835K(8960K)->8835K(8960K) Class: 1225K(1344K)->1225K(1344K)
[2025-08-01T01:09:00.644+0000] GC(1482) Pause Young (Normal) (G1 Evacuation Pause) 3513M->3516M(4096M) 33.104ms
[2025-08-01T01:09:00.644+0000] GC(1482) User=0.24s Sys=0.00s Real=0.04s
[2025-08-01T01:09:00.709+0000] GC(1483) Pause Young (Normal) (G1 Evacuation Pause)
[2025-08-01T01:09:00.709+0000] GC(1483) Using 8 workers of 8 for evacuation
[2025-08-01T01:09:00.732+0000] GC(1483)   Pre Evacuate Collection Set: 0.6ms
[2025-08-01T01:09:00.733+0000] GC(1483)   Merge Heap Roots: 0.3ms
[2025-08-01T01:09:00.733+0000] GC(1483)   Evacuate Collection Set: 21.6ms
[2025-08-01T01:09:00.733+0000] GC(1483)   Post Evacuate Collection Set: 0.8ms
[2025-08-01T01:09:00.733+0000] GC(1483)   Other: 0.2ms
[2025-08-01T01:09:00.733+0000] GC(1483) Eden regions: 89->0(89)
[2025-08-01T01:09:00.733+0000] GC(1483) Survivor regions: 13->13(13)
[2025-08-01T01:09:00.733+0000] GC(1483) Old regions: 1745->1796
[2025-08-01T01:09:00.733+0000] GC(1483) Archive regions: 2->2
[2025-08-01T01:09:00.733+0000] GC(1483) Humongous regions: 0->0
[2025-08-01T01:09:00.733+0000] GC(1483) Metaspace: 10061K(10304K)->10061K(10304K) NonClass: 8835K(8960K)->8835K(8960K) Class: 1225K(1344K)->1225K(1344K)
[2025-08-01T01:09:00.733+0000] GC(1483) Pause Young (Normal) (G1 Evacuation Pause) 3694M->3619M(4096M) 23.682ms
[2025-08-01T01:09:00.733+0000] GC(1483) User=0.17s Sys=0.01s Real=0.02s
[2025-08-01T01:09:00.753+0000] GC(1484) Pause Young (Normal) (G1 Evacuation Pause)
[2025-08-01T01:09:00.753+0000] GC(1484) Using 8 workers of 8 for evacuation
[2025-08-01T01:09:00.786+0000] GC(1484)   Pre Evacuate Collection Set: 0.6ms
[2025-08-01T01:09:00.786+0000] GC(1484)   Merge Heap Roots: 0.2ms
[2025-08-01T01:09:00.786+0000] GC(1484)   Evacuate Collection Set: 31.8ms
[2025-08-01T01:09:00.786+0000] GC(1484)   Post Evacuate Collection Set: 0.7ms
[2025-08-01T01:09:00.786+0000] GC(1484)   Other: 0.3ms
[2025-08-01T01:09:00.786+0000] GC(1484) Eden regions: 89->0(89)
[2025-08-01T01:09:00.786+0000] GC(1484) Survivor regions: 13->13(13)
[2025-08-01T01:09:00.786+0000] GC(1484) Old regions: 1796->1886
[2025-08-01T01:09:00.786+0000] GC(1484) Archive regions: 2->2
[2025-08-01T01:09:00.786+0000] GC(1484) Humongous regions: 0->0
[2025-08-01T01:09:00.786+0000] GC(1484) Metaspace: 10061K(10304K)->10061K(10304K) NonClass: 8835K(8960K)->8835K(8960K) Class: 1225K(1344K)->1225K(1344K)
[2025-08-01T01:09:00.786+0000] GC(1484) Pause Young (Normal) (G1 Evacuation Pause) 3797M->3799M(4096M) 33.712ms
[2025-08-01T01:09:00.786+0000] GC(1484) User=0.25s Sys=0.01s Real=0.04s
[2025-08-01T01:09:00.798+0000] GC(1485) Pause Young (Normal) (G1 Preventive Collection)
[2025-08-01T01:09:00.799+0000] GC(1485) Using 8 workers of 8 for evacuation
[2025-08-01T01:09:00.822+0000] GC(1485)   Pre Evacuate Collection Set: 0.7ms
[2025-08-01T01:09:00.822+0000] GC(1485)   Merge Heap Roots: 0.2ms
[2025-08-01T01:09:00.822+0000] GC(1485)   Evacuate Collection Set: 21.2ms
[2025-08-01T01:09:00.822+0000] GC(1485)   Post Evacuate Collection Set: 0.8ms
[2025-08-01T01:09:00.822+0000] GC(1485)   Other: 0.2ms
[2025-08-01T01:09:00.822+0000] GC(1485) Eden regions: 63->0(89)
[2025-08-01T01:09:00.822+0000] GC(1485) Survivor regions: 13->13(13)
[2025-08-01T01:09:00.822+0000] GC(1485) Old regions: 1886->1951
[2025-08-01T01:09:00.822+0000] GC(1485) Archive regions: 2->2
[2025-08-01T01:09:00.822+0000] GC(1485) Humongous regions: 0->0
[2025-08-01T01:09:00.822+0000] GC(1485) Metaspace: 10061K(10304K)->10061K(10304K) NonClass: 8835K(8960K)->8835K(8960K) Class: 1225K(1344K)->1225K(1344K)
[2025-08-01T01:09:00.822+0000] GC(1485) Pause Young (Normal) (G1 Preventive Collection) 3925M->3928M(4096M) 23.235ms
[2025-08-01T01:09:00.822+0000] GC(1485) User=0.17s Sys=0.00s Real=0.02s
[2025-08-01T01:09:00.852+0000] GC(1486) Pause Young (Normal) (G1 Preventive Collection)
[2025-08-01T01:09:00.852+0000] GC(1486) Using 8 workers of 8 for evacuation
[2025-08-01T01:09:00.870+0000] GC(1486)   Pre Evacuate Collection Set: 0.4ms
[2025-08-01T01:09:00.870+0000] GC(1486)   Merge Heap Roots: 0.2ms
[2025-08-01T01:09:00.870+0000] GC(1486)   Evacuate Collection Set: 16.4ms
[2025-08-01T01:09:00.870+0000] GC(1486)   Post Evacuate Collection Set: 0.7ms
[2025-08-01T01:09:00.870+0000] GC(1486)   Other: 0.2ms
[2025-08-01T01:09:00.870+0000] GC(1486) Eden regions: 32->0(89)
[2025-08-01T01:09:00.870+0000] GC(1486) Survivor regions: 13->13(13)
[2025-08-01T01:09:00.870+0000] GC(1486) Old regions: 1951->1976
[2025-08-01T01:09:00.870+0000] GC(1486) Archive regions: 2->2
[2025-08-01T01:09:00.870+0000] GC(1486) Humongous regions: 0->0
[2025-08-01T01:09:00.870+0000] GC(1486) Metaspace: 10061K(10304K)->10061K(10304K) NonClass: 8835K(8960K)->8835K(8960K) Class: 1225K(1344K)->1225K(1344K)
[2025-08-01T01:09:00.870+0000] GC(1486) Pause Young (Normal) (G1 Preventive Collection) 3992M->3979M(4096M) 18.144ms
[2025-08-01T01:09:00.870+0000] GC(1486) User=0.09s Sys=0.01s Real=0.02s
[2025-08-01T01:09:00.878+0000] GC(1487) Pause Young (Normal) (G1 Preventive Collection)
[2025-08-01T01:09:00.878+0000] GC(1487) Using 8 workers of 8 for evacuation
[2025-08-01T01:09:00.890+0000] GC(1487)   Pre Evacuate Collection Set: 0.6ms
[2025-08-01T01:09:00.890+0000] GC(1487)   Merge Heap Roots: 0.2ms
[2025-08-01T01:09:00.891+0000] GC(1487)   Evacuate Collection Set: 11.5ms
[2025-08-01T01:09:00.891+0000] GC(1487)   Post Evacuate Collection Set: 0.4ms
[2025-08-01T01:09:00.891+0000] GC(1487)   Other: 0.2ms
[2025-08-01T01:09:00.891+0000] GC(1487) Eden regions: 20->0(89)
[2025-08-01T01:09:00.891+0000] GC(1487) Survivor regions: 13->13(13)
[2025-08-01T01:09:00.891+0000] GC(1487) Old regions: 1976->1998
[2025-08-01T01:09:00.891+0000] GC(1487) Archive regions: 2->2
[2025-08-01T01:09:00.891+0000] GC(1487) Humongous regions: 0->0
[2025-08-01T01:09:00.891+0000] GC(1487) Metaspace: 10061K(10304K)->10061K(10304K) NonClass: 8835K(8960K)->8835K(8960K) Class: 1225K(1344K)->1225K(1344K)
[2025-08-01T01:09:00.891+0000] GC(1487) Pause Young (Normal) (G1 Preventive Collection) 4019M->4023M(4096M) 13.026ms
[2025-08-01T01:09:00.891+0000] GC(1487) User=0.09s Sys=0.01s Real=0.01s
[2025-08-01T01:09:00.893+0000] GC(1488) Pause Young (Normal) (G1 Preventive Collection)
[2025-08-01T01:09:00.893+0000] GC(1488) Using 8 workers of 8 for evacuation
[2025-08-01T01:09:00.902+0000] GC(1488)   Pre Evacuate Collection Set: 0.5ms
[2025-08-01T01:09:00.902+0000] GC(1488)   Merge Heap Roots: 0.1ms
[2025-08-01T01:09:00.902+0000] GC(1488)   Evacuate Collection Set: 7.8ms
[2025-08-01T01:09:00.902+0000] GC(1488)   Post Evacuate Collection Set: 0.6ms
[2025-08-01T01:09:00.902+0000] GC(1488)   Other: 0.2ms
[2025-08-01T01:09:00.902+0000] GC(1488) Eden regions: 9->0(92)
[2025-08-01T01:09:00.902+0000] GC(1488) Survivor regions: 13->10(13)
[2025-08-01T01:09:00.902+0000] GC(1488) Old regions: 1998->2014
[2025-08-01T01:09:00.902+0000] GC(1488) Archive regions: 2->2
[2025-08-01T01:09:00.902+0000] GC(1488) Humongous regions: 0->0
[2025-08-01T01:09:00.902+0000] GC(1488) Metaspace: 10061K(10304K)->10061K(10304K) NonClass: 8835K(8960K)->8835K(8960K) Class: 1225K(1344K)->1225K(1344K)
[2025-08-01T01:09:00.902+0000] GC(1488) Pause Young (Normal) (G1 Preventive Collection) 4041M->4048M(4096M) 9.435ms
[2025-08-01T01:09:00.902+0000] GC(1488) User=0.06s Sys=0.00s Real=0.00s
[2025-08-01T01:09:00.904+0000] GC(1489) Pause Young (Normal) (G1 Preventive Collection)
[2025-08-01T01:09:00.904+0000] GC(1489) Using 8 workers of 8 for evacuation
[2025-08-01T01:09:00.910+0000] GC(1489)   Pre Evacuate Collection Set: 0.3ms
[2025-08-01T01:09:00.910+0000] GC(1489)   Merge Heap Roots: 0.1ms
[2025-08-01T01:09:00.910+0000] GC(1489)   Evacuate Collection Set: 5.3ms
[2025-08-01T01:09:00.910+0000] GC(1489)   Post Evacuate Collection Set: 0.5ms
[2025-08-01T01:09:00.911+0000] GC(1489)   Other: 0.3ms
[2025-08-01T01:09:00.911+0000] GC(1489) Eden regions: 5->0(96)
[2025-08-01T01:09:00.911+0000] GC(1489) Survivor regions: 10->6(13)
[2025-08-01T01:09:00.911+0000] GC(1489) Old regions: 2014->2024
[2025-08-01T01:09:00.911+0000] GC(1489) Archive regions: 2->2
[2025-08-01T01:09:00.911+0000] GC(1489) Humongous regions: 0->0
[2025-08-01T01:09:00.911+0000] GC(1489) Metaspace: 10061K(10304K)->10061K(10304K) NonClass: 8835K(8960K)->8835K(8960K) Class: 1225K(1344K)->1225K(1344K)
[2025-08-01T01:09:00.911+0000] GC(1489) Pause Young (Normal) (G1 Preventive Collection) 4058M->4061M(4096M) 6.802ms
[2025-08-01T01:09:00.911+0000] GC(1489) User=0.04s Sys=0.00s Real=0.00s
[2025-08-01T01:09:00.912+0000] GC(1490) Pause Young (Normal) (G1 Preventive Collection)
[2025-08-01T01:09:00.912+0000] GC(1490) Using 8 workers of 8 for evacuation
[2025-08-01T01:09:00.917+0000] GC(1490)   Pre Evacuate Collection Set: 0.7ms
[2025-08-01T01:09:00.917+0000] GC(1490)   Merge Heap Roots: 0.1ms
[2025-08-01T01:09:00.917+0000] GC(1490)   Evacuate Collection Set: 3.5ms
[2025-08-01T01:09:00.917+0000] GC(1490)   Post Evacuate Collection Set: 1.0ms
[2025-08-01T01:09:00.917+0000] GC(1490)   Other: 0.2ms
[2025-08-01T01:09:00.917+0000] GC(1490) Eden regions: 4->0(92)
[2025-08-01T01:09:00.917+0000] GC(1490) Survivor regions: 6->10(12)
[2025-08-01T01:09:00.917+0000] GC(1490) Old regions: 2024->2024
[2025-08-01T01:09:00.917+0000] GC(1490) Archive regions: 2->2
[2025-08-01T01:09:00.917+0000] GC(1490) Humongous regions: 0->0
[2025-08-01T01:09:00.917+0000] GC(1490) Metaspace: 10061K(10304K)->10061K(10304K) NonClass: 8835K(8960K)->8835K(8960K) Class: 1225K(1344K)->1225K(1344K)
[2025-08-01T01:09:00.917+0000] GC(1490) Pause Young (Normal) (G1 Preventive Collection) 4069M->4068M(4096M) 5.629ms
[2025-08-01T01:09:00.917+0000] GC(1490) User=0.02s Sys=0.00s Real=0.01s
[2025-08-01T01:09:00.918+0000] GC(1491) Pause Young (Normal) (G1 Preventive Collection)
[2025-08-01T01:09:00.918+0000] GC(1491) Using 8 workers of 8 for evacuation
[2025-08-01T01:09:00.923+0000] GC(1491)   Pre Evacuate Collection Set: 0.6ms
[2025-08-01T01:09:00.923+0000] GC(1491)   Merge Heap Roots: 0.2ms
[2025-08-01T01:09:00.923+0000] GC(1491)   Evacuate Collection Set: 3.6ms
[2025-08-01T01:09:00.923+0000] GC(1491)   Post Evacuate Collection Set: 0.6ms
[2025-08-01T01:09:00.923+0000] GC(1491)   Other: 0.2ms
[2025-08-01T01:09:00.923+0000] GC(1491) Eden regions: 1->0(96)
[2025-08-01T01:09:00.923+0000] GC(1491) Survivor regions: 10->6(11)
[2025-08-01T01:09:00.923+0000] GC(1491) Old regions: 2024->2029
[2025-08-01T01:09:00.923+0000] GC(1491) Archive regions: 2->2
[2025-08-01T01:09:00.923+0000] GC(1491) Humongous regions: 0->0
[2025-08-01T01:09:00.923+0000] GC(1491) Metaspace: 10061K(10304K)->10061K(10304K) NonClass: 8835K(8960K)->8835K(8960K) Class: 1225K(1344K)->1225K(1344K)
[2025-08-01T01:09:00.923+0000] GC(1491) Pause Young (Normal) (G1 Preventive Collection) 4070M->4070M(4096M) 5.298ms
[2025-08-01T01:09:00.923+0000] GC(1491) User=0.03s Sys=0.00s Real=0.01s
[2025-08-01T01:09:00.924+0000] GC(1492) Pause Young (Normal) (G1 Preventive Collection)
[2025-08-01T01:09:00.924+0000] GC(1492) Using 8 workers of 8 for evacuation
[2025-08-01T01:09:00.928+0000] GC(1492)   Pre Evacuate Collection Set: 0.6ms
[2025-08-01T01:09:00.928+0000] GC(1492)   Merge Heap Roots: 0.2ms
[2025-08-01T01:09:00.928+0000] GC(1492)   Evacuate Collection Set: 2.5ms
[2025-08-01T01:09:00.928+0000] GC(1492)   Post Evacuate Collection Set: 0.5ms
[2025-08-01T01:09:00.929+0000] GC(1492)   Other: 0.2ms
[2025-08-01T01:09:00.929+0000] GC(1492) Eden regions: 2->0(94)
[2025-08-01T01:09:00.929+0000] GC(1492) Survivor regions: 6->8(9)
[2025-08-01T01:09:00.929+0000] GC(1492) Old regions: 2029->2029
[2025-08-01T01:09:00.929+0000] GC(1492) Archive regions: 2->2
[2025-08-01T01:09:00.929+0000] GC(1492) Humongous regions: 0->0
[2025-08-01T01:09:00.929+0000] GC(1492) Metaspace: 10061K(10304K)->10061K(10304K) NonClass: 8835K(8960K)->8835K(8960K) Class: 1225K(1344K)->1225K(1344K)
[2025-08-01T01:09:00.929+0000] GC(1492) Pause Young (Normal) (G1 Preventive Collection) 4074M->4074M(4096M) 4.268ms
[2025-08-01T01:09:00.929+0000] GC(1492) User=0.02s Sys=0.00s Real=0.00s
[2025-08-01T01:09:00.929+0000] GC(1493) Pause Young (Normal) (G1 Preventive Collection)
[2025-08-01T01:09:00.929+0000] GC(1493) Using 8 workers of 8 for evacuation
[2025-08-01T01:09:00.934+0000] GC(1493) To-space exhausted
[2025-08-01T01:09:00.934+0000] GC(1493)   Pre Evacuate Collection Set: 0.4ms
[2025-08-01T01:09:00.934+0000] GC(1493)   Merge Heap Roots: 0.2ms
[2025-08-01T01:09:00.934+0000] GC(1493)   Evacuate Collection Set: 3.3ms
[2025-08-01T01:09:00.934+0000] GC(1493)   Post Evacuate Collection Set: 1.1ms
[2025-08-01T01:09:00.934+0000] GC(1493)   Other: 0.2ms
[2025-08-01T01:09:00.934+0000] GC(1493) Eden regions: 1->0(98)
[2025-08-01T01:09:00.934+0000] GC(1493) Survivor regions: 8->4(8)
[2025-08-01T01:09:00.934+0000] GC(1493) Old regions: 2029->2036
[2025-08-01T01:09:00.934+0000] GC(1493) Archive regions: 2->2
[2025-08-01T01:09:00.934+0000] GC(1493) Humongous regions: 0->0
[2025-08-01T01:09:00.934+0000] GC(1493) Metaspace: 10061K(10304K)->10061K(10304K) NonClass: 8835K(8960K)->8835K(8960K) Class: 1225K(1344K)->1225K(1344K)
[2025-08-01T01:09:00.934+0000] GC(1493) Pause Young (Normal) (G1 Preventive Collection) 4076M->4081M(4096M) 5.268ms
[2025-08-01T01:09:00.934+0000] GC(1493) User=0.02s Sys=0.00s Real=0.01s
[2025-08-01T01:09:00.935+0000] GC(1494) Pause Young (Normal) (G1 Preventive Collection)
[2025-08-01T01:09:00.935+0000] GC(1494) Using 8 workers of 8 for evacuation
[2025-08-01T01:09:00.939+0000] GC(1494) To-space exhausted
[2025-08-01T01:09:00.939+0000] GC(1494)   Pre Evacuate Collection Set: 0.7ms
[2025-08-01T01:09:00.939+0000] GC(1494)   Merge Heap Roots: 0.2ms
[2025-08-01T01:09:00.939+0000] GC(1494)   Evacuate Collection Set: 1.9ms
[2025-08-01T01:09:00.939+0000] GC(1494)   Post Evacuate Collection Set: 1.0ms
[2025-08-01T01:09:00.939+0000] GC(1494)   Other: 0.3ms
[2025-08-01T01:09:00.939+0000] GC(1494) Eden regions: 1->0(97)
[2025-08-01T01:09:00.939+0000] GC(1494) Survivor regions: 4->5(5)
[2025-08-01T01:09:00.939+0000] GC(1494) Old regions: 2036->2038
[2025-08-01T01:09:00.939+0000] GC(1494) Archive regions: 2->2
[2025-08-01T01:09:00.939+0000] GC(1494) Humongous regions: 0->0
[2025-08-01T01:09:00.939+0000] GC(1494) Metaspace: 10061K(10304K)->10061K(10304K) NonClass: 8835K(8960K)->8835K(8960K) Class: 1225K(1344K)->1225K(1344K)
[2025-08-01T01:09:00.939+0000] GC(1494) Pause Young (Normal) (G1 Preventive Collection) 4083M->4087M(4096M) 4.122ms
[2025-08-01T01:09:00.939+0000] GC(1494) User=0.02s Sys=0.00s Real=0.00s
[2025-08-01T01:09:00.940+0000] GC(1495) Pause Young (Normal) (G1 Preventive Collection)
[2025-08-01T01:09:00.940+0000] GC(1495) Using 8 workers of 8 for evacuation
[2025-08-01T01:09:00.944+0000] GC(1495) To-space exhausted
[2025-08-01T01:09:00.944+0000] GC(1495)   Pre Evacuate Collection Set: 0.4ms
[2025-08-01T01:09:00.944+0000] GC(1495)   Merge Heap Roots: 0.1ms
[2025-08-01T01:09:00.944+0000] GC(1495)   Evacuate Collection Set: 2.2ms
[2025-08-01T01:09:00.944+0000] GC(1495)   Post Evacuate Collection Set: 1.4ms
[2025-08-01T01:09:00.944+0000] GC(1495)   Other: 0.3ms
[2025-08-01T01:09:00.944+0000] GC(1495) Eden regions: 1->0(100)
[2025-08-01T01:09:00.944+0000] GC(1495) Survivor regions: 5->2(2)
[2025-08-01T01:09:00.944+0000] GC(1495) Old regions: 2038->2044
[2025-08-01T01:09:00.944+0000] GC(1495) Archive regions: 2->2
[2025-08-01T01:09:00.944+0000] GC(1495) Humongous regions: 0->0
[2025-08-01T01:09:00.944+0000] GC(1495) Metaspace: 10061K(10304K)->10061K(10304K) NonClass: 8835K(8960K)->8835K(8960K) Class: 1225K(1344K)->1225K(1344K)
[2025-08-01T01:09:00.944+0000] GC(1495) Pause Young (Normal) (G1 Preventive Collection) 4089M->4093M(4096M) 4.384ms
[2025-08-01T01:09:00.944+0000] GC(1495) User=0.01s Sys=0.00s Real=0.01s
[2025-08-01T01:09:00.944+0000] Attempting full compaction
[2025-08-01T01:09:00.944+0000] GC(1496) Pause Full (G1 Compaction Pause)
[2025-08-01T01:09:00.944+0000] GC(1496) Using 8 workers of 8 for full compaction
[2025-08-01T01:09:00.950+0000] GC(1496) Phase 1: Mark live objects
[2025-08-01T01:09:00.985+0000] GC(1496) Phase 1: Mark live objects 35.358ms
[2025-08-01T01:09:00.985+0000] GC(1496) Phase 2: Prepare for compaction
[2025-08-01T01:09:01.000+0000] GC(1496) Phase 2: Prepare for compaction 14.999ms
[2025-08-01T01:09:01.000+0000] GC(1496) Phase 3: Adjust pointers
[2025-08-01T01:09:01.025+0000] GC(1496) Phase 3: Adjust pointers 25.015ms
[2025-08-01T01:09:01.025+0000] GC(1496) Phase 4: Compact heap
[2025-08-01T01:09:01.084+0000] GC(1496) Phase 4: Compact heap 59.125ms
[2025-08-01T01:09:01.091+0000] GC(1496) Eden regions: 0->0(492)
[2025-08-01T01:09:01.091+0000] GC(1496) Survivor regions: 2->0(2)
[2025-08-01T01:09:01.091+0000] GC(1496) Old regions: 2044->298
[2025-08-01T01:09:01.091+0000] GC(1496) Archive regions: 2->2
[2025-08-01T01:09:01.091+0000] GC(1496) Humongous regions: 0->0
[2025-08-01T01:09:01.091+0000] GC(1496) Metaspace: 10061K(10304K)->10061K(10304K) NonClass: 8835K(8960K)->8835K(8960K) Class: 1225K(1344K)->1225K(1344K)
[2025-08-01T01:09:01.091+0000] GC(1496) Pause Full (G1 Compaction Pause) 4093M->591M(4096M) 146.846ms
[2025-08-01T01:09:01.091+0000] GC(1496) User=1.01s Sys=0.03s Real=0.14s
[2025-08-01T01:09:01.091+0000] GC(1481) Concurrent Mark From Roots 480.968ms
[2025-08-01T01:09:01.091+0000] GC(1481) Concurrent Mark Abort
[2025-08-01T01:09:01.091+0000] GC(1481) Concurrent Mark Cycle 504.458ms
[2025-08-01T01:09:01.292+0000] GC(1497) Pause Young (Normal) (G1 Evacuation Pause)
[2025-08-01T01:09:01.292+0000] GC(1497) Using 8 workers of 8 for evacuation
[2025-08-01T01:09:01.493+0000] GC(1497) MMU target violated: 200.9ms (200.0ms/201.0ms)
[2025-08-01T01:09:01.493+0000] GC(1497)   Pre Evacuate Collection Set: 0.5ms
[2025-08-01T01:09:01.493+0000] GC(1497)   Merge Heap Roots: 0.3ms
[2025-08-01T01:09:01.493+0000] GC(1497)   Evacuate Collection Set: 199.1ms
[2025-08-01T01:09:01.493+0000] GC(1497)   Post Evacuate Collection Set: 1.0ms
[2025-08-01T01:09:01.493+0000] GC(1497)   Other: 0.2ms
[2025-08-01T01:09:01.493+0000] GC(1497) Eden regions: 492->0(360)
[2025-08-01T01:09:01.493+0000] GC(1497) Survivor regions: 0->62(62)
[2025-08-01T01:09:01.493+0000] GC(1497) Old regions: 298->652
[2025-08-01T01:09:01.493+0000] GC(1497) Archive regions: 2->2
[2025-08-01T01:09:01.493+0000] GC(1497) Humongous regions: 0->0
[2025-08-01T01:09:01.493+0000] GC(1497) Metaspace: 10061K(10304K)->10061K(10304K) NonClass: 8835K(8960K)->8835K(8960K) Class: 1225K(1344K)->1225K(1344K)
[2025-08-01T01:09:01.493+0000] GC(1497) Pause Young (Normal) (G1 Evacuation Pause) 1575M->1422M(4096M) 201.176ms
[2025-08-01T01:09:01.493+0000] GC(1497) User=1.12s Sys=0.13s Real=0.21s
[2025-08-01T01:09:01.659+0000] GC(1498) Pause Young (Concurrent Start) (G1 Evacuation Pause)
[2025-08-01T01:09:01.659+0000] GC(1498) Using 8 workers of 8 for evacuation
[2025-08-01T01:09:01.780+0000] GC(1498)   Pre Evacuate Collection Set: 1.1ms
[2025-08-01T01:09:01.780+0000] GC(1498)   Merge Heap Roots: 0.4ms
[2025-08-01T01:09:01.780+0000] GC(1498)   Evacuate Collection Set: 117.4ms
[2025-08-01T01:09:01.780+0000] GC(1498)   Post Evacuate Collection Set: 1.7ms
[2025-08-01T01:09:01.780+0000] GC(1498)   Other: 0.4ms
[2025-08-01T01:09:01.780+0000] GC(1498) Eden regions: 360->0(337)
[2025-08-01T01:09:01.780+0000] GC(1498) Survivor regions: 62->53(53)
[2025-08-01T01:09:01.780+0000] GC(1498) Old regions: 652->788
[2025-08-01T01:09:01.780+0000] GC(1498) Archive regions: 2->2
[2025-08-01T01:09:01.780+0000] GC(1498) Humongous regions: 0->0
[2025-08-01T01:09:01.780+0000] GC(1498) Metaspace: 10061K(10304K)->10061K(10304K) NonClass: 8835K(8960K)->8835K(8960K) Class: 1225K(1344K)->1225K(1344K)
[2025-08-01T01:09:01.780+0000] GC(1498) Pause Young (Concurrent Start) (G1 Evacuation Pause) 2142M->1677M(4096M) 121.183ms
[2025-08-01T01:09:01.780+0000] GC(1498) User=0.88s Sys=0.03s Real=0.12s
[2025-08-01T01:09:01.781+0000] GC(1499) Concurrent Mark Cycle
[2025-08-01T01:09:01.781+0000] GC(1499) Concurrent Clear Claimed Marks
[2025-08-01T01:09:01.781+0000] GC(1499) Concurrent Clear Claimed Marks 0.039ms
[2025-08-01T01:09:01.781+0000] GC(1499) Concurrent Scan Root Regions
[2025-08-01T01:09:01.842+0000] GC(1499) Concurrent Scan Root Regions 61.734ms
[2025-08-01T01:09:01.843+0000] GC(1499) Concurrent Mark
[2025-08-01T01:09:01.843+0000] GC(1499) Concurrent Mark From Roots
[2025-08-01T01:09:01.843+0000] GC(1499) Using 2 workers of 2 for marking
[2025-08-01T01:09:01.876+0000] GC(1499) Concurrent Mark From Roots 33.042ms
[2025-08-01T01:09:01.876+0000] GC(1499) Concurrent Preclean
[2025-08-01T01:09:01.876+0000] GC(1499) Concurrent Preclean 0.467ms
[2025-08-01T01:09:01.877+0000] GC(1499) Pause Remark
[2025-08-01T01:09:01.881+0000] GC(1499) Pause Remark 2056M->1231M(4096M) 3.556ms
[2025-08-01T01:09:01.881+0000] GC(1499) User=0.00s Sys=0.00s Real=0.00s
[2025-08-01T01:09:01.881+0000] GC(1499) Concurrent Mark 38.618ms
[2025-08-01T01:09:01.881+0000] GC(1499) Concurrent Rebuild Remembered Sets
[2025-08-01T01:09:01.908+0000] GC(1500) Pause Young (Normal) (G1 Evacuation Pause)
[2025-08-01T01:09:01.908+0000] GC(1500) Using 8 workers of 8 for evacuation
[2025-08-01T01:09:02.042+0000] GC(1500)   Pre Evacuate Collection Set: 0.5ms
[2025-08-01T01:09:02.042+0000] GC(1500)   Merge Heap Roots: 0.2ms
[2025-08-01T01:09:02.042+0000] GC(1500)   Evacuate Collection Set: 131.9ms
[2025-08-01T01:09:02.042+0000] GC(1500)   Post Evacuate Collection Set: 1.2ms
[2025-08-01T01:09:02.042+0000] GC(1500)   Other: 0.3ms
[2025-08-01T01:09:02.042+0000] GC(1500) Eden regions: 337->0(348)
[2025-08-01T01:09:02.042+0000] GC(1500) Survivor regions: 53->49(49)
[2025-08-01T01:09:02.042+0000] GC(1500) Old regions: 373->715
[2025-08-01T01:09:02.042+0000] GC(1500) Archive regions: 2->2
[2025-08-01T01:09:02.042+0000] GC(1500) Humongous regions: 0->0
[2025-08-01T01:09:02.042+0000] GC(1500) Metaspace: 10061K(10304K)->10061K(10304K) NonClass: 8835K(8960K)->8835K(8960K) Class: 1225K(1344K)->1225K(1344K)
[2025-08-01T01:09:02.042+0000] GC(1500) Pause Young (Normal) (G1 Evacuation Pause) 1526M->1528M(4096M) 134.346ms
[2025-08-01T01:09:02.042+0000] GC(1500) User=0.96s Sys=0.04s Real=0.13s
[2025-08-01T01:09:02.077+0000] GC(1499) Concurrent Rebuild Remembered Sets 195.232ms
[2025-08-01T01:09:02.077+0000] GC(1499) Pause Cleanup
[2025-08-01T01:09:02.078+0000] GC(1499) Pause Cleanup 1668M->1668M(4096M) 0.664ms
[2025-08-01T01:09:02.078+0000] GC(1499) User=0.00s Sys=0.00s Real=0.00s
[2025-08-01T01:09:02.078+0000] GC(1499) Concurrent Cleanup for Next Mark
[2025-08-01T01:09:02.085+0000] GC(1499) Concurrent Cleanup for Next Mark 7.800ms
[2025-08-01T01:09:02.086+0000] GC(1499) Concurrent Mark Cycle 304.930ms
[2025-08-01T01:09:02.193+0000] GC(1501) Pause Young (Prepare Mixed) (G1 Evacuation Pause)
[2025-08-01T01:09:02.193+0000] GC(1501) Using 8 workers of 8 for evacuation
[2025-08-01T01:09:02.352+0000] GC(1501)   Pre Evacuate Collection Set: 0.7ms
[2025-08-01T01:09:02.352+0000] GC(1501)   Merge Heap Roots: 0.3ms
[2025-08-01T01:09:02.352+0000] GC(1501)   Evacuate Collection Set: 157.1ms
[2025-08-01T01:09:02.352+0000] GC(1501)   Post Evacuate Collection Set: 0.9ms
[2025-08-01T01:09:02.352+0000] GC(1501)   Other: 0.2ms
[2025-08-01T01:09:02.352+0000] GC(1501) Eden regions: 348->0(52)
[2025-08-01T01:09:02.352+0000] GC(1501) Survivor regions: 49->50(50)
[2025-08-01T01:09:02.352+0000] GC(1501) Old regions: 715->964
[2025-08-01T01:09:02.352+0000] GC(1501) Archive regions: 2->2
[2025-08-01T01:09:02.352+0000] GC(1501) Humongous regions: 0->0
[2025-08-01T01:09:02.352+0000] GC(1501) Metaspace: 10061K(10304K)->10061K(10304K) NonClass: 8835K(8960K)->8835K(8960K) Class: 1225K(1344K)->1225K(1344K)
[2025-08-01T01:09:02.353+0000] GC(1501) Pause Young (Prepare Mixed) (G1 Evacuation Pause) 2224M->2028M(4096M) 159.419ms
[2025-08-01T01:09:02.353+0000] GC(1501) User=1.19s Sys=0.06s Real=0.15s
[2025-08-01T01:09:02.362+0000] GC(1502) Pause Young (Mixed) (G1 Evacuation Pause)
[2025-08-01T01:09:02.362+0000] GC(1502) Using 8 workers of 8 for evacuation
[2025-08-01T01:09:02.398+0000] GC(1502)   Pre Evacuate Collection Set: 1.1ms
[2025-08-01T01:09:02.398+0000] GC(1502)   Merge Heap Roots: 0.5ms
[2025-08-01T01:09:02.398+0000] GC(1502)   Evacuate Collection Set: 32.7ms
[2025-08-01T01:09:02.398+0000] GC(1502)   Post Evacuate Collection Set: 0.9ms
[2025-08-01T01:09:02.398+0000] GC(1502)   Other: 0.3ms
[2025-08-01T01:09:02.398+0000] GC(1502) Eden regions: 52->0(274)
[2025-08-01T01:09:02.398+0000] GC(1502) Survivor regions: 50->13(13)
[2025-08-01T01:09:02.398+0000] GC(1502) Old regions: 964->970
[2025-08-01T01:09:02.398+0000] GC(1502) Archive regions: 2->2
[2025-08-01T01:09:02.398+0000] GC(1502) Humongous regions: 0->0
[2025-08-01T01:09:02.398+0000] GC(1502) Metaspace: 10061K(10304K)->10061K(10304K) NonClass: 8835K(8960K)->8835K(8960K) Class: 1225K(1344K)->1225K(1344K)
[2025-08-01T01:09:02.398+0000] GC(1502) Pause Young (Mixed) (G1 Evacuation Pause) 2132M->1967M(4096M) 35.664ms
[2025-08-01T01:09:02.398+0000] GC(1502) User=0.24s Sys=0.01s Real=0.04s
[2025-08-01T01:09:02.499+0000] GC(1503) Pause Young (Concurrent Start) (G1 Evacuation Pause)
[2025-08-01T01:09:02.499+0000] GC(1503) Using 8 workers of 8 for evacuation
[2025-08-01T01:09:02.584+0000] GC(1503)   Pre Evacuate Collection Set: 1.0ms
[2025-08-01T01:09:02.584+0000] GC(1503)   Merge Heap Roots: 0.5ms
[2025-08-01T01:09:02.584+0000] GC(1503)   Evacuate Collection Set: 82.9ms
[2025-08-01T01:09:02.584+0000] GC(1503)   Post Evacuate Collection Set: 1.1ms
[2025-08-01T01:09:02.584+0000] GC(1503)   Other: 0.3ms
[2025-08-01T01:09:02.584+0000] GC(1503) Eden regions: 274->0(208)
[2025-08-01T01:09:02.584+0000] GC(1503) Survivor regions: 13->36(36)
[2025-08-01T01:09:02.584+0000] GC(1503) Old regions: 970->1158
[2025-08-01T01:09:02.584+0000] GC(1503) Archive regions: 2->2
[2025-08-01T01:09:02.584+0000] GC(1503) Humongous regions: 0->0
[2025-08-01T01:09:02.584+0000] GC(1503) Metaspace: 10061K(10304K)->10061K(10304K) NonClass: 8835K(8960K)->8835K(8960K) Class: 1225K(1344K)->1225K(1344K)
[2025-08-01T01:09:02.585+0000] GC(1503) Pause Young (Concurrent Start) (G1 Evacuation Pause) 2515M->2388M(4096M) 86.001ms
[2025-08-01T01:09:02.585+0000] GC(1503) User=0.63s Sys=0.02s Real=0.09s
[2025-08-01T01:09:02.585+0000] GC(1504) Concurrent Mark Cycle
[2025-08-01T01:09:02.585+0000] GC(1504) Concurrent Clear Claimed Marks
[2025-08-01T01:09:02.585+0000] GC(1504) Concurrent Clear Claimed Marks 0.042ms
[2025-08-01T01:09:02.585+0000] GC(1504) Concurrent Scan Root Regions
[2025-08-01T01:09:02.627+0000] GC(1504) Concurrent Scan Root Regions 42.142ms
[2025-08-01T01:09:02.627+0000] GC(1504) Concurrent Mark
[2025-08-01T01:09:02.627+0000] GC(1504) Concurrent Mark From Roots
[2025-08-01T01:09:02.627+0000] GC(1504) Using 2 workers of 2 for marking
[2025-08-01T01:09:02.667+0000] GC(1505) Pause Young (Normal) (G1 Evacuation Pause)
[2025-08-01T01:09:02.667+0000] GC(1505) Using 8 workers of 8 for evacuation
[2025-08-01T01:09:02.739+0000] GC(1505)   Pre Evacuate Collection Set: 0.5ms
[2025-08-01T01:09:02.739+0000] GC(1505)   Merge Heap Roots: 0.1ms
[2025-08-01T01:09:02.739+0000] GC(1505)   Evacuate Collection Set: 70.4ms
[2025-08-01T01:09:02.739+0000] GC(1505)   Post Evacuate Collection Set: 1.0ms
[2025-08-01T01:09:02.739+0000] GC(1505)   Other: 0.2ms
[2025-08-01T01:09:02.739+0000] GC(1505) Eden regions: 208->0(136)
[2025-08-01T01:09:02.739+0000] GC(1505) Survivor regions: 36->31(31)
[2025-08-01T01:09:02.739+0000] GC(1505) Old regions: 1158->1373
[2025-08-01T01:09:02.739+0000] GC(1505) Archive regions: 2->2
[2025-08-01T01:09:02.739+0000] GC(1505) Humongous regions: 0->0
[2025-08-01T01:09:02.739+0000] GC(1505) Metaspace: 10061K(10304K)->10061K(10304K) NonClass: 8835K(8960K)->8835K(8960K) Class: 1225K(1344K)->1225K(1344K)
[2025-08-01T01:09:02.739+0000] GC(1505) Pause Young (Normal) (G1 Evacuation Pause) 2804M->2808M(4096M) 72.283ms
[2025-08-01T01:09:02.739+0000] GC(1505) User=0.54s Sys=0.01s Real=0.07s
[2025-08-01T01:09:02.746+0000] GC(1504) Concurrent Mark From Roots 119.110ms
[2025-08-01T01:09:02.746+0000] GC(1504) Concurrent Preclean
[2025-08-01T01:09:02.754+0000] GC(1504) Concurrent Preclean 7.902ms
[2025-08-01T01:09:02.754+0000] GC(1504) Pause Remark
[2025-08-01T01:09:02.757+0000] GC(1504) Pause Remark 2940M->1426M(4096M) 2.668ms
[2025-08-01T01:09:02.757+0000] GC(1504) User=0.01s Sys=0.00s Real=0.00s
[2025-08-01T01:09:02.757+0000] GC(1504) Concurrent Mark 130.262ms
[2025-08-01T01:09:02.757+0000] GC(1504) Concurrent Rebuild Remembered Sets
[2025-08-01T01:09:02.803+0000] GC(1506) Pause Young (Normal) (G1 Evacuation Pause)
[2025-08-01T01:09:02.803+0000] GC(1506) Using 8 workers of 8 for evacuation
[2025-08-01T01:09:02.846+0000] GC(1506)   Pre Evacuate Collection Set: 0.2ms
[2025-08-01T01:09:02.846+0000] GC(1506)   Merge Heap Roots: 0.2ms
[2025-08-01T01:09:02.846+0000] GC(1506)   Evacuate Collection Set: 41.1ms
[2025-08-01T01:09:02.846+0000] GC(1506)   Post Evacuate Collection Set: 0.9ms
[2025-08-01T01:09:02.846+0000] GC(1506)   Other: 0.2ms
[2025-08-01T01:09:02.846+0000] GC(1506) Eden regions: 136->0(368)
[2025-08-01T01:09:02.846+0000] GC(1506) Survivor regions: 31->21(21)
[2025-08-01T01:09:02.846+0000] GC(1506) Old regions: 616->735
[2025-08-01T01:09:02.846+0000] GC(1506) Archive regions: 2->2
[2025-08-01T01:09:02.846+0000] GC(1506) Humongous regions: 0->0
[2025-08-01T01:09:02.846+0000] GC(1506) Metaspace: 10061K(10304K)->10061K(10304K) NonClass: 8835K(8960K)->8835K(8960K) Class: 1225K(1344K)->1225K(1344K)
[2025-08-01T01:09:02.846+0000] GC(1506) Pause Young (Normal) (G1 Evacuation Pause) 1566M->1512M(4096M) 42.890ms
[2025-08-01T01:09:02.846+0000] GC(1506) User=0.33s Sys=0.01s Real=0.04s
[2025-08-01T01:09:02.950+0000] GC(1504) Concurrent Rebuild Remembered Sets 192.754ms
[2025-08-01T01:09:02.950+0000] GC(1504) Pause Cleanup
[2025-08-01T01:09:02.951+0000] GC(1504) Pause Cleanup 2118M->2118M(4096M) 1.195ms
[2025-08-01T01:09:02.952+0000] GC(1504) User=0.00s Sys=0.00s Real=0.00s
[2025-08-01T01:09:02.952+0000] GC(1504) Concurrent Cleanup for Next Mark
[2025-08-01T01:09:02.961+0000] GC(1504) Concurrent Cleanup for Next Mark 8.954ms
[2025-08-01T01:09:02.961+0000] GC(1504) Concurrent Mark Cycle 376.012ms
[2025-08-01T01:09:03.005+0000] GC(1507) Pause Young (Prepare Mixed) (G1 Evacuation Pause)
[2025-08-01T01:09:03.005+0000] GC(1507) Using 8 workers of 8 for evacuation
[2025-08-01T01:09:03.108+0000] GC(1507)   Pre Evacuate Collection Set: 0.9ms
[2025-08-01T01:09:03.108+0000] GC(1507)   Merge Heap Roots: 0.3ms
[2025-08-01T01:09:03.108+0000] GC(1507)   Evacuate Collection Set: 100.3ms
[2025-08-01T01:09:03.108+0000] GC(1507)   Post Evacuate Collection Set: 1.8ms
[2025-08-01T01:09:03.108+0000] GC(1507)   Other: 0.2ms
[2025-08-01T01:09:03.108+0000] GC(1507) Eden regions: 368->0(53)
[2025-08-01T01:09:03.108+0000] GC(1507) Survivor regions: 21->49(49)
[2025-08-01T01:09:03.108+0000] GC(1507) Old regions: 735->939
[2025-08-01T01:09:03.108+0000] GC(1507) Archive regions: 2->2
[2025-08-01T01:09:03.108+0000] GC(1507) Humongous regions: 0->0
[2025-08-01T01:09:03.109+0000] GC(1507) Metaspace: 10061K(10304K)->10061K(10304K) NonClass: 8835K(8960K)->8835K(8960K) Class: 1225K(1344K)->1225K(1344K)
[2025-08-01T01:09:03.109+0000] GC(1507) Pause Young (Prepare Mixed) (G1 Evacuation Pause) 2248M->1976M(4096M) 103.713ms
[2025-08-01T01:09:03.109+0000] GC(1507) User=0.70s Sys=0.05s Real=0.10s
[2025-08-01T01:09:03.120+0000] GC(1508) Pause Young (Mixed) (G1 Evacuation Pause)
[2025-08-01T01:09:03.120+0000] GC(1508) Using 8 workers of 8 for evacuation
[2025-08-01T01:09:03.150+0000] GC(1508)   Pre Evacuate Collection Set: 0.3ms
[2025-08-01T01:09:03.150+0000] GC(1508)   Merge Heap Roots: 0.2ms
[2025-08-01T01:09:03.150+0000] GC(1508)   Evacuate Collection Set: 28.7ms
[2025-08-01T01:09:03.150+0000] GC(1508)   Post Evacuate Collection Set: 0.8ms
[2025-08-01T01:09:03.150+0000] GC(1508)   Other: 0.3ms
[2025-08-01T01:09:03.150+0000] GC(1508) Eden regions: 53->0(278)
[2025-08-01T01:09:03.150+0000] GC(1508) Survivor regions: 49->13(13)
[2025-08-01T01:09:03.150+0000] GC(1508) Old regions: 939->984
[2025-08-01T01:09:03.150+0000] GC(1508) Archive regions: 2->2
[2025-08-01T01:09:03.150+0000] GC(1508) Humongous regions: 0->0
[2025-08-01T01:09:03.150+0000] GC(1508) Metaspace: 10061K(10304K)->10061K(10304K) NonClass: 8835K(8960K)->8835K(8960K) Class: 1225K(1344K)->1225K(1344K)
[2025-08-01T01:09:03.150+0000] GC(1508) Pause Young (Mixed) (G1 Evacuation Pause) 2082M->1995M(4096M) 30.483ms
[2025-08-01T01:09:03.150+0000] GC(1508) User=0.21s Sys=0.01s Real=0.03s
[2025-08-01T01:09:03.247+0000] GC(1509) Pause Young (Concurrent Start) (G1 Evacuation Pause)
[2025-08-01T01:09:03.247+0000] GC(1509) Using 8 workers of 8 for evacuation
[2025-08-01T01:09:03.348+0000] GC(1509)   Pre Evacuate Collection Set: 0.5ms
[2025-08-01T01:09:03.348+0000] GC(1509)   Merge Heap Roots: 0.2ms
[2025-08-01T01:09:03.348+0000] GC(1509)   Evacuate Collection Set: 99.4ms
[2025-08-01T01:09:03.348+0000] GC(1509)   Post Evacuate Collection Set: 1.1ms
[2025-08-01T01:09:03.348+0000] GC(1509)   Other: 0.3ms
[2025-08-01T01:09:03.348+0000] GC(1509) Eden regions: 278->0(177)
[2025-08-01T01:09:03.348+0000] GC(1509) Survivor regions: 13->37(37)
[2025-08-01T01:09:03.348+0000] GC(1509) Old regions: 984->1240
[2025-08-01T01:09:03.348+0000] GC(1509) Archive regions: 2->2
[2025-08-01T01:09:03.348+0000] GC(1509) Humongous regions: 0->0
[2025-08-01T01:09:03.348+0000] GC(1509) Metaspace: 10061K(10304K)->10061K(10304K) NonClass: 8835K(8960K)->8835K(8960K) Class: 1225K(1344K)->1225K(1344K)
[2025-08-01T01:09:03.348+0000] GC(1509) Pause Young (Concurrent Start) (G1 Evacuation Pause) 2551M->2554M(4096M) 101.788ms
[2025-08-01T01:09:03.348+0000] GC(1509) User=0.78s Sys=0.02s Real=0.10s
[2025-08-01T01:09:03.348+0000] GC(1510) Concurrent Mark Cycle
[2025-08-01T01:09:03.348+0000] GC(1510) Concurrent Clear Claimed Marks
[2025-08-01T01:09:03.349+0000] GC(1510) Concurrent Clear Claimed Marks 0.023ms
[2025-08-01T01:09:03.349+0000] GC(1510) Concurrent Scan Root Regions
[2025-08-01T01:09:03.412+0000] GC(1510) Concurrent Scan Root Regions 63.920ms
[2025-08-01T01:09:03.413+0000] GC(1510) Concurrent Mark
[2025-08-01T01:09:03.413+0000] GC(1510) Concurrent Mark From Roots
[2025-08-01T01:09:03.413+0000] GC(1510) Using 2 workers of 2 for marking
[2025-08-01T01:09:03.430+0000] GC(1511) Pause Young (Normal) (G1 Evacuation Pause)
[2025-08-01T01:09:03.430+0000] GC(1511) Using 8 workers of 8 for evacuation
[2025-08-01T01:09:03.481+0000] GC(1511)   Pre Evacuate Collection Set: 0.4ms
[2025-08-01T01:09:03.481+0000] GC(1511)   Merge Heap Roots: 0.1ms
[2025-08-01T01:09:03.481+0000] GC(1511)   Evacuate Collection Set: 49.4ms
[2025-08-01T01:09:03.481+0000] GC(1511)   Post Evacuate Collection Set: 0.9ms
[2025-08-01T01:09:03.481+0000] GC(1511)   Other: 0.2ms
[2025-08-01T01:09:03.481+0000] GC(1511) Eden regions: 177->0(140)
[2025-08-01T01:09:03.481+0000] GC(1511) Survivor regions: 37->27(27)
[2025-08-01T01:09:03.481+0000] GC(1511) Old regions: 1240->1377
[2025-08-01T01:09:03.481+0000] GC(1511) Archive regions: 2->2
[2025-08-01T01:09:03.481+0000] GC(1511) Humongous regions: 0->0
[2025-08-01T01:09:03.481+0000] GC(1511) Metaspace: 10061K(10304K)->10061K(10304K) NonClass: 8835K(8960K)->8835K(8960K) Class: 1225K(1344K)->1225K(1344K)
[2025-08-01T01:09:03.481+0000] GC(1511) Pause Young (Normal) (G1 Evacuation Pause) 2908M->2808M(4096M) 51.126ms
[2025-08-01T01:09:03.481+0000] GC(1511) User=0.39s Sys=0.00s Real=0.05s
[2025-08-01T01:09:03.509+0000] GC(1512) Pause Young (Normal) (G1 Evacuation Pause)
[2025-08-01T01:09:03.509+0000] GC(1512) Using 8 workers of 8 for evacuation
[2025-08-01T01:09:03.558+0000] GC(1512)   Pre Evacuate Collection Set: 0.4ms
[2025-08-01T01:09:03.558+0000] GC(1512)   Merge Heap Roots: 0.6ms
[2025-08-01T01:09:03.558+0000] GC(1512)   Evacuate Collection Set: 46.7ms
[2025-08-01T01:09:03.558+0000] GC(1512)   Post Evacuate Collection Set: 0.7ms
[2025-08-01T01:09:03.558+0000] GC(1512)   Other: 0.2ms
[2025-08-01T01:09:03.558+0000] GC(1512) Eden regions: 140->0(92)
[2025-08-01T01:09:03.558+0000] GC(1512) Survivor regions: 27->21(21)
[2025-08-01T01:09:03.558+0000] GC(1512) Old regions: 1377->1524
[2025-08-01T01:09:03.558+0000] GC(1512) Archive regions: 2->2
[2025-08-01T01:09:03.558+0000] GC(1512) Humongous regions: 0->0
[2025-08-01T01:09:03.558+0000] GC(1512) Metaspace: 10061K(10304K)->10061K(10304K) NonClass: 8835K(8960K)->8835K(8960K) Class: 1225K(1344K)->1225K(1344K)
[2025-08-01T01:09:03.558+0000] GC(1512) Pause Young (Normal) (G1 Evacuation Pause) 3088M->3091M(4096M) 48.727ms
[2025-08-01T01:09:03.558+0000] GC(1512) User=0.38s Sys=0.00s Real=0.05s
[2025-08-01T01:09:03.596+0000] GC(1510) Concurrent Mark From Roots 183.682ms
[2025-08-01T01:09:03.596+0000] GC(1510) Concurrent Preclean
[2025-08-01T01:09:03.596+0000] GC(1510) Concurrent Preclean 0.186ms
[2025-08-01T01:09:03.597+0000] GC(1510) Pause Remark
[2025-08-01T01:09:03.600+0000] GC(1510) Pause Remark 3231M->1793M(4096M) 3.203ms
[2025-08-01T01:09:03.600+0000] GC(1510) User=0.01s Sys=0.00s Real=0.00s
[2025-08-01T01:09:03.600+0000] GC(1510) Concurrent Mark 187.490ms
[2025-08-01T01:09:03.600+0000] GC(1510) Concurrent Rebuild Remembered Sets
[2025-08-01T01:09:03.618+0000] GC(1513) Pause Young (Normal) (G1 Evacuation Pause)
[2025-08-01T01:09:03.618+0000] GC(1513) Using 8 workers of 8 for evacuation
[2025-08-01T01:09:03.657+0000] GC(1513)   Pre Evacuate Collection Set: 0.4ms
[2025-08-01T01:09:03.657+0000] GC(1513)   Merge Heap Roots: 0.6ms
[2025-08-01T01:09:03.657+0000] GC(1513)   Evacuate Collection Set: 36.4ms
[2025-08-01T01:09:03.657+0000] GC(1513)   Post Evacuate Collection Set: 0.9ms
[2025-08-01T01:09:03.657+0000] GC(1513)   Other: 0.1ms
[2025-08-01T01:09:03.657+0000] GC(1513) Eden regions: 92->0(300)
[2025-08-01T01:09:03.657+0000] GC(1513) Survivor regions: 21->15(15)
[2025-08-01T01:09:03.657+0000] GC(1513) Old regions: 805->898
[2025-08-01T01:09:03.657+0000] GC(1513) Archive regions: 2->2
[2025-08-01T01:09:03.657+0000] GC(1513) Humongous regions: 0->0
[2025-08-01T01:09:03.657+0000] GC(1513) Metaspace: 10061K(10304K)->10061K(10304K) NonClass: 8835K(8960K)->8835K(8960K) Class: 1225K(1344K)->1225K(1344K)
[2025-08-01T01:09:03.657+0000] GC(1513) Pause Young (Normal) (G1 Evacuation Pause) 1837M->1827M(4096M) 38.566ms
[2025-08-01T01:09:03.657+0000] GC(1513) User=0.27s Sys=0.00s Real=0.04s
[2025-08-01T01:09:03.759+0000] GC(1514) Pause Young (Normal) (G1 Evacuation Pause)
[2025-08-01T01:09:03.759+0000] GC(1514) Using 8 workers of 8 for evacuation
[2025-08-01T01:09:03.836+0000] GC(1514)   Pre Evacuate Collection Set: 1.0ms
[2025-08-01T01:09:03.836+0000] GC(1514)   Merge Heap Roots: 0.2ms
[2025-08-01T01:09:03.836+0000] GC(1514)   Evacuate Collection Set: 74.1ms
[2025-08-01T01:09:03.836+0000] GC(1514)   Post Evacuate Collection Set: 0.8ms
[2025-08-01T01:09:03.836+0000] GC(1514)   Other: 0.2ms
[2025-08-01T01:09:03.836+0000] GC(1514) Eden regions: 300->0(232)
[2025-08-01T01:09:03.836+0000] GC(1514) Survivor regions: 15->40(40)
[2025-08-01T01:09:03.836+0000] GC(1514) Old regions: 898->1082
[2025-08-01T01:09:03.836+0000] GC(1514) Archive regions: 2->2
[2025-08-01T01:09:03.836+0000] GC(1514) Humongous regions: 0->0
[2025-08-01T01:09:03.836+0000] GC(1514) Metaspace: 10061K(10304K)->10061K(10304K) NonClass: 8835K(8960K)->8835K(8960K) Class: 1225K(1344K)->1225K(1344K)
[2025-08-01T01:09:03.836+0000] GC(1514) Pause Young (Normal) (G1 Evacuation Pause) 2427M->2244M(4096M) 76.476ms
[2025-08-01T01:09:03.836+0000] GC(1514) User=0.57s Sys=0.01s Real=0.08s
[2025-08-01T01:09:03.912+0000] GC(1510) Concurrent Rebuild Remembered Sets 312.224ms
[2025-08-01T01:09:03.913+0000] GC(1510) Pause Cleanup
[2025-08-01T01:09:03.913+0000] GC(1510) Pause Cleanup 2604M->2604M(4096M) 0.679ms
[2025-08-01T01:09:03.913+0000] GC(1510) User=0.00s Sys=0.00s Real=0.01s
[2025-08-01T01:09:03.914+0000] GC(1510) Concurrent Cleanup for Next Mark
[2025-08-01T01:09:03.926+0000] GC(1515) Pause Young (Prepare Mixed) (G1 Evacuation Pause)
[2025-08-01T01:09:03.926+0000] GC(1515) Using 8 workers of 8 for evacuation
[2025-08-01T01:09:04.013+0000] GC(1515)   Pre Evacuate Collection Set: 0.9ms
[2025-08-01T01:09:04.013+0000] GC(1515)   Merge Heap Roots: 0.2ms
[2025-08-01T01:09:04.013+0000] GC(1515)   Evacuate Collection Set: 82.5ms
[2025-08-01T01:09:04.013+0000] GC(1515)   Post Evacuate Collection Set: 2.9ms
[2025-08-01T01:09:04.013+0000] GC(1515)   Other: 0.2ms
[2025-08-01T01:09:04.013+0000] GC(1515) Eden regions: 232->0(68)
[2025-08-01T01:09:04.013+0000] GC(1515) Survivor regions: 40->34(34)
[2025-08-01T01:09:04.013+0000] GC(1515) Old regions: 1082->1322
[2025-08-01T01:09:04.013+0000] GC(1515) Archive regions: 2->2
[2025-08-01T01:09:04.013+0000] GC(1515) Humongous regions: 0->0
[2025-08-01T01:09:04.013+0000] GC(1515) Metaspace: 10061K(10304K)->10061K(10304K) NonClass: 8835K(8960K)->8835K(8960K) Class: 1225K(1344K)->1225K(1344K)
[2025-08-01T01:09:04.013+0000] GC(1515) Pause Young (Prepare Mixed) (G1 Evacuation Pause) 2708M->2712M(4096M) 86.833ms
[2025-08-01T01:09:04.013+0000] GC(1515) User=0.65s Sys=0.02s Real=0.09s
[2025-08-01T01:09:04.015+0000] GC(1510) Concurrent Cleanup for Next Mark 101.673ms
[2025-08-01T01:09:04.015+0000] GC(1510) Concurrent Mark Cycle 666.873ms
[2025-08-01T01:09:04.030+0000] GC(1516) Pause Young (Mixed) (G1 Evacuation Pause)
[2025-08-01T01:09:04.030+0000] GC(1516) Using 8 workers of 8 for evacuation
[2025-08-01T01:09:04.063+0000] GC(1516)   Pre Evacuate Collection Set: 0.5ms
[2025-08-01T01:09:04.064+0000] GC(1516)   Merge Heap Roots: 0.1ms
[2025-08-01T01:09:04.064+0000] GC(1516)   Evacuate Collection Set: 31.8ms
[2025-08-01T01:09:04.064+0000] GC(1516)   Post Evacuate Collection Set: 0.9ms
[2025-08-01T01:09:04.064+0000] GC(1516)   Other: 0.2ms
[2025-08-01T01:09:04.064+0000] GC(1516) Eden regions: 68->0(133)
[2025-08-01T01:09:04.064+0000] GC(1516) Survivor regions: 34->13(13)
[2025-08-01T01:09:04.064+0000] GC(1516) Old regions: 1322->1398
[2025-08-01T01:09:04.064+0000] GC(1516) Archive regions: 2->2
[2025-08-01T01:09:04.064+0000] GC(1516) Humongous regions: 0->0
[2025-08-01T01:09:04.064+0000] GC(1516) Metaspace: 10061K(10304K)->10061K(10304K) NonClass: 8835K(8960K)->8835K(8960K) Class: 1225K(1344K)->1225K(1344K)
[2025-08-01T01:09:04.064+0000] GC(1516) Pause Young (Mixed) (G1 Evacuation Pause) 2848M->2822M(4096M) 33.611ms
[2025-08-01T01:09:04.064+0000] GC(1516) User=0.25s Sys=0.00s Real=0.04s
[2025-08-01T01:09:04.092+0000] GC(1517) Pause Young (Concurrent Start) (G1 Evacuation Pause)
[2025-08-01T01:09:04.092+0000] GC(1517) Using 8 workers of 8 for evacuation
[2025-08-01T01:09:04.125+0000] GC(1517)   Pre Evacuate Collection Set: 0.5ms
[2025-08-01T01:09:04.125+0000] GC(1517)   Merge Heap Roots: 0.2ms
[2025-08-01T01:09:04.125+0000] GC(1517)   Evacuate Collection Set: 30.6ms
[2025-08-01T01:09:04.125+0000] GC(1517)   Post Evacuate Collection Set: 1.2ms
[2025-08-01T01:09:04.125+0000] GC(1517)   Other: 0.3ms
[2025-08-01T01:09:04.125+0000] GC(1517) Eden regions: 133->0(109)
[2025-08-01T01:09:04.125+0000] GC(1517) Survivor regions: 13->19(19)
[2025-08-01T01:09:04.125+0000] GC(1517) Old regions: 1398->1480
[2025-08-01T01:09:04.125+0000] GC(1517) Archive regions: 2->2
[2025-08-01T01:09:04.125+0000] GC(1517) Humongous regions: 0->0
[2025-08-01T01:09:04.125+0000] GC(1517) Metaspace: 10061K(10304K)->10061K(10304K) NonClass: 8835K(8960K)->8835K(8960K) Class: 1225K(1344K)->1225K(1344K)
[2025-08-01T01:09:04.125+0000] GC(1517) Pause Young (Concurrent Start) (G1 Evacuation Pause) 3088M->2998M(4096M) 32.921ms
[2025-08-01T01:09:04.125+0000] GC(1517) User=0.24s Sys=0.01s Real=0.04s
[2025-08-01T01:09:04.125+0000] GC(1518) Concurrent Mark Cycle
[2025-08-01T01:09:04.125+0000] GC(1518) Concurrent Clear Claimed Marks
[2025-08-01T01:09:04.125+0000] GC(1518) Concurrent Clear Claimed Marks 0.027ms
[2025-08-01T01:09:04.125+0000] GC(1518) Concurrent Scan Root Regions
[2025-08-01T01:09:04.150+0000] GC(1518) Concurrent Scan Root Regions 24.011ms
[2025-08-01T01:09:04.150+0000] GC(1518) Concurrent Mark
[2025-08-01T01:09:04.150+0000] GC(1518) Concurrent Mark From Roots
[2025-08-01T01:09:04.150+0000] GC(1518) Using 2 workers of 2 for marking
[2025-08-01T01:09:04.155+0000] GC(1519) Pause Young (Normal) (G1 Evacuation Pause)
[2025-08-01T01:09:04.156+0000] GC(1519) Using 8 workers of 8 for evacuation
[2025-08-01T01:09:04.188+0000] GC(1519)   Pre Evacuate Collection Set: 0.5ms
[2025-08-01T01:09:04.189+0000] GC(1519)   Merge Heap Roots: 0.2ms
[2025-08-01T01:09:04.189+0000] GC(1519)   Evacuate Collection Set: 31.4ms
[2025-08-01T01:09:04.189+0000] GC(1519)   Post Evacuate Collection Set: 0.8ms
[2025-08-01T01:09:04.189+0000] GC(1519)   Other: 0.2ms
[2025-08-01T01:09:04.189+0000] GC(1519) Eden regions: 109->0(86)
[2025-08-01T01:09:04.189+0000] GC(1519) Survivor regions: 19->16(16)
[2025-08-01T01:09:04.189+0000] GC(1519) Old regions: 1480->1571
[2025-08-01T01:09:04.189+0000] GC(1519) Archive regions: 2->2
[2025-08-01T01:09:04.189+0000] GC(1519) Humongous regions: 0->0
[2025-08-01T01:09:04.189+0000] GC(1519) Metaspace: 10061K(10304K)->10061K(10304K) NonClass: 8835K(8960K)->8835K(8960K) Class: 1225K(1344K)->1225K(1344K)
[2025-08-01T01:09:04.189+0000] GC(1519) Pause Young (Normal) (G1 Evacuation Pause) 3216M->3175M(4096M) 33.180ms
[2025-08-01T01:09:04.189+0000] GC(1519) User=0.23s Sys=0.00s Real=0.03s
[2025-08-01T01:09:04.207+0000] GC(1520) Pause Young (Normal) (G1 Evacuation Pause)
[2025-08-01T01:09:04.207+0000] GC(1520) Using 8 workers of 8 for evacuation
[2025-08-01T01:09:04.238+0000] GC(1520)   Pre Evacuate Collection Set: 0.3ms
[2025-08-01T01:09:04.238+0000] GC(1520)   Merge Heap Roots: 0.1ms
[2025-08-01T01:09:04.238+0000] GC(1520)   Evacuate Collection Set: 29.7ms
[2025-08-01T01:09:04.238+0000] GC(1520)   Post Evacuate Collection Set: 0.8ms
[2025-08-01T01:09:04.238+0000] GC(1520)   Other: 0.2ms
[2025-08-01T01:09:04.238+0000] GC(1520) Eden regions: 86->0(89)
[2025-08-01T01:09:04.238+0000] GC(1520) Survivor regions: 16->13(13)
[2025-08-01T01:09:04.238+0000] GC(1520) Old regions: 1571->1661
[2025-08-01T01:09:04.238+0000] GC(1520) Archive regions: 2->2
[2025-08-01T01:09:04.238+0000] GC(1520) Humongous regions: 0->0
[2025-08-01T01:09:04.238+0000] GC(1520) Metaspace: 10061K(10304K)->10061K(10304K) NonClass: 8835K(8960K)->8835K(8960K) Class: 1225K(1344K)->1225K(1344K)
[2025-08-01T01:09:04.238+0000] GC(1520) Pause Young (Normal) (G1 Evacuation Pause) 3347M->3348M(4096M) 31.250ms
[2025-08-01T01:09:04.238+0000] GC(1520) User=0.23s Sys=0.01s Real=0.03s
[2025-08-01T01:09:04.263+0000] GC(1521) Pause Young (Normal) (G1 Evacuation Pause)
[2025-08-01T01:09:04.263+0000] GC(1521) Using 8 workers of 8 for evacuation
[2025-08-01T01:09:04.282+0000] GC(1521)   Pre Evacuate Collection Set: 0.3ms
[2025-08-01T01:09:04.282+0000] GC(1521)   Merge Heap Roots: 0.1ms
[2025-08-01T01:09:04.282+0000] GC(1521)   Evacuate Collection Set: 17.7ms
[2025-08-01T01:09:04.282+0000] GC(1521)   Post Evacuate Collection Set: 0.8ms
[2025-08-01T01:09:04.282+0000] GC(1521)   Other: 0.3ms
[2025-08-01T01:09:04.282+0000] GC(1521) Eden regions: 89->0(89)
[2025-08-01T01:09:04.282+0000] GC(1521) Survivor regions: 13->13(13)
[2025-08-01T01:09:04.282+0000] GC(1521) Old regions: 1661->1713
[2025-08-01T01:09:04.282+0000] GC(1521) Archive regions: 2->2
[2025-08-01T01:09:04.282+0000] GC(1521) Humongous regions: 0->0
[2025-08-01T01:09:04.282+0000] GC(1521) Metaspace: 10061K(10304K)->10061K(10304K) NonClass: 8835K(8960K)->8835K(8960K) Class: 1225K(1344K)->1225K(1344K)
[2025-08-01T01:09:04.282+0000] GC(1521) Pause Young (Normal) (G1 Evacuation Pause) 3526M->3452M(4096M) 19.504ms
[2025-08-01T01:09:04.282+0000] GC(1521) User=0.14s Sys=0.01s Real=0.02s
[2025-08-01T01:09:04.309+0000] GC(1522) Pause Young (Normal) (G1 Evacuation Pause)
[2025-08-01T01:09:04.309+0000] GC(1522) Using 8 workers of 8 for evacuation
[2025-08-01T01:09:04.334+0000] GC(1522)   Pre Evacuate Collection Set: 0.5ms
[2025-08-01T01:09:04.334+0000] GC(1522)   Merge Heap Roots: 0.2ms
[2025-08-01T01:09:04.334+0000] GC(1522)   Evacuate Collection Set: 23.7ms
[2025-08-01T01:09:04.334+0000] GC(1522)   Post Evacuate Collection Set: 0.8ms
[2025-08-01T01:09:04.334+0000] GC(1522)   Other: 0.2ms
[2025-08-01T01:09:04.334+0000] GC(1522) Eden regions: 89->0(89)
[2025-08-01T01:09:04.334+0000] GC(1522) Survivor regions: 13->13(13)
[2025-08-01T01:09:04.334+0000] GC(1522) Old regions: 1713->1769
[2025-08-01T01:09:04.334+0000] GC(1522) Archive regions: 2->2
[2025-08-01T01:09:04.334+0000] GC(1522) Humongous regions: 0->0
[2025-08-01T01:09:04.334+0000] GC(1522) Metaspace: 10061K(10304K)->10061K(10304K) NonClass: 8835K(8960K)->8835K(8960K) Class: 1225K(1344K)->1225K(1344K)
[2025-08-01T01:09:04.334+0000] GC(1522) Pause Young (Normal) (G1 Evacuation Pause) 3630M->3565M(4096M) 25.521ms
[2025-08-01T01:09:04.334+0000] GC(1522) User=0.19s Sys=0.01s Real=0.03s
[2025-08-01T01:09:04.357+0000] GC(1523) Pause Young (Normal) (G1 Evacuation Pause)
[2025-08-01T01:09:04.357+0000] GC(1523) Using 8 workers of 8 for evacuation
[2025-08-01T01:09:04.386+0000] GC(1523)   Pre Evacuate Collection Set: 0.4ms
[2025-08-01T01:09:04.386+0000] GC(1523)   Merge Heap Roots: 0.1ms
[2025-08-01T01:09:04.386+0000] GC(1523)   Evacuate Collection Set: 27.9ms
[2025-08-01T01:09:04.386+0000] GC(1523)   Post Evacuate Collection Set: 0.8ms
[2025-08-01T01:09:04.386+0000] GC(1523)   Other: 0.3ms
[2025-08-01T01:09:04.386+0000] GC(1523) Eden regions: 89->0(89)
[2025-08-01T01:09:04.386+0000] GC(1523) Survivor regions: 13->13(13)
[2025-08-01T01:09:04.386+0000] GC(1523) Old regions: 1769->1860
[2025-08-01T01:09:04.386+0000] GC(1523) Archive regions: 2->2
[2025-08-01T01:09:04.386+0000] GC(1523) Humongous regions: 0->0
[2025-08-01T01:09:04.386+0000] GC(1523) Metaspace: 10061K(10304K)->10061K(10304K) NonClass: 8835K(8960K)->8835K(8960K) Class: 1225K(1344K)->1225K(1344K)
[2025-08-01T01:09:04.387+0000] GC(1523) Pause Young (Normal) (G1 Evacuation Pause) 3743M->3746M(4096M) 29.607ms
[2025-08-01T01:09:04.387+0000] GC(1523) User=0.21s Sys=0.00s Real=0.03s
[2025-08-01T01:09:04.402+0000] GC(1524) Pause Young (Normal) (G1 Preventive Collection)
[2025-08-01T01:09:04.402+0000] GC(1524) Using 8 workers of 8 for evacuation
[2025-08-01T01:09:04.431+0000] GC(1524)   Pre Evacuate Collection Set: 0.3ms
[2025-08-01T01:09:04.431+0000] GC(1524)   Merge Heap Roots: 0.1ms
[2025-08-01T01:09:04.431+0000] GC(1524)   Evacuate Collection Set: 27.3ms
[2025-08-01T01:09:04.431+0000] GC(1524)   Post Evacuate Collection Set: 0.9ms
[2025-08-01T01:09:04.431+0000] GC(1524)   Other: 0.2ms
[2025-08-01T01:09:04.431+0000] GC(1524) Eden regions: 77->0(89)
[2025-08-01T01:09:04.431+0000] GC(1524) Survivor regions: 13->13(13)
[2025-08-01T01:09:04.431+0000] GC(1524) Old regions: 1860->1938
[2025-08-01T01:09:04.431+0000] GC(1524) Archive regions: 2->2
[2025-08-01T01:09:04.431+0000] GC(1524) Humongous regions: 0->0
[2025-08-01T01:09:04.431+0000] GC(1524) Metaspace: 10061K(10304K)->10061K(10304K) NonClass: 8835K(8960K)->8835K(8960K) Class: 1225K(1344K)->1225K(1344K)
[2025-08-01T01:09:04.431+0000] GC(1524) Pause Young (Normal) (G1 Preventive Collection) 3900M->3903M(4096M) 28.976ms
[2025-08-01T01:09:04.431+0000] GC(1524) User=0.21s Sys=0.00s Real=0.03s
[2025-08-01T01:09:04.444+0000] GC(1525) Pause Young (Normal) (G1 Preventive Collection)
[2025-08-01T01:09:04.444+0000] GC(1525) Using 8 workers of 8 for evacuation
[2025-08-01T01:09:04.463+0000] GC(1525)   Pre Evacuate Collection Set: 0.3ms
[2025-08-01T01:09:04.463+0000] GC(1525)   Merge Heap Roots: 0.2ms
[2025-08-01T01:09:04.463+0000] GC(1525)   Evacuate Collection Set: 17.7ms
[2025-08-01T01:09:04.463+0000] GC(1525)   Post Evacuate Collection Set: 0.4ms
[2025-08-01T01:09:04.463+0000] GC(1525)   Other: 0.2ms
[2025-08-01T01:09:04.463+0000] GC(1525) Eden regions: 38->0(89)
[2025-08-01T01:09:04.463+0000] GC(1525) Survivor regions: 13->13(13)
[2025-08-01T01:09:04.463+0000] GC(1525) Old regions: 1938->1978
[2025-08-01T01:09:04.463+0000] GC(1525) Archive regions: 2->2
[2025-08-01T01:09:04.463+0000] GC(1525) Humongous regions: 0->0
[2025-08-01T01:09:04.463+0000] GC(1525) Metaspace: 10061K(10304K)->10061K(10304K) NonClass: 8835K(8960K)->8835K(8960K) Class: 1225K(1344K)->1225K(1344K)
[2025-08-01T01:09:04.463+0000] GC(1525) Pause Young (Normal) (G1 Preventive Collection) 3979M->3982M(4096M) 19.005ms
[2025-08-01T01:09:04.463+0000] GC(1525) User=0.13s Sys=0.01s Real=0.02s
[2025-08-01T01:09:04.468+0000] GC(1526) Pause Young (Normal) (G1 Preventive Collection)
[2025-08-01T01:09:04.468+0000] GC(1526) Using 8 workers of 8 for evacuation
[2025-08-01T01:09:04.478+0000] GC(1526)   Pre Evacuate Collection Set: 0.4ms
[2025-08-01T01:09:04.478+0000] GC(1526)   Merge Heap Roots: 0.2ms
[2025-08-01T01:09:04.478+0000] GC(1526)   Evacuate Collection Set: 9.4ms
[2025-08-01T01:09:04.478+0000] GC(1526)   Post Evacuate Collection Set: 0.7ms
[2025-08-01T01:09:04.478+0000] GC(1526)   Other: 0.2ms
[2025-08-01T01:09:04.478+0000] GC(1526) Eden regions: 19->0(89)
[2025-08-01T01:09:04.478+0000] GC(1526) Survivor regions: 13->13(13)
[2025-08-01T01:09:04.478+0000] GC(1526) Old regions: 1978->1999
[2025-08-01T01:09:04.478+0000] GC(1526) Archive regions: 2->2
[2025-08-01T01:09:04.478+0000] GC(1526) Humongous regions: 0->0
[2025-08-01T01:09:04.478+0000] GC(1526) Metaspace: 10061K(10304K)->10061K(10304K) NonClass: 8835K(8960K)->8835K(8960K) Class: 1225K(1344K)->1225K(1344K)
[2025-08-01T01:09:04.478+0000] GC(1526) Pause Young (Normal) (G1 Preventive Collection) 4020M->4024M(4096M) 10.907ms
[2025-08-01T01:09:04.479+0000] GC(1526) User=0.07s Sys=0.00s Real=0.01s
[2025-08-01T01:09:04.481+0000] GC(1527) Pause Young (Normal) (G1 Preventive Collection)
[2025-08-01T01:09:04.481+0000] GC(1527) Using 8 workers of 8 for evacuation
[2025-08-01T01:09:04.490+0000] GC(1527)   Pre Evacuate Collection Set: 0.5ms
[2025-08-01T01:09:04.490+0000] GC(1527)   Merge Heap Roots: 0.1ms
[2025-08-01T01:09:04.490+0000] GC(1527)   Evacuate Collection Set: 7.9ms
[2025-08-01T01:09:04.490+0000] GC(1527)   Post Evacuate Collection Set: 0.7ms
[2025-08-01T01:09:04.490+0000] GC(1527)   Other: 0.2ms
[2025-08-01T01:09:04.490+0000] GC(1527) Eden regions: 9->0(91)
[2025-08-01T01:09:04.490+0000] GC(1527) Survivor regions: 13->11(13)
[2025-08-01T01:09:04.490+0000] GC(1527) Old regions: 1999->2013
[2025-08-01T01:09:04.490+0000] GC(1527) Archive regions: 2->2
[2025-08-01T01:09:04.490+0000] GC(1527) Humongous regions: 0->0
[2025-08-01T01:09:04.490+0000] GC(1527) Metaspace: 10061K(10304K)->10061K(10304K) NonClass: 8835K(8960K)->8835K(8960K) Class: 1225K(1344K)->1225K(1344K)
[2025-08-01T01:09:04.490+0000] GC(1527) Pause Young (Normal) (G1 Preventive Collection) 4042M->4048M(4096M) 9.557ms
[2025-08-01T01:09:04.490+0000] GC(1527) User=0.06s Sys=0.00s Real=0.01s
[2025-08-01T01:09:04.492+0000] GC(1528) Pause Young (Normal) (G1 Preventive Collection)
[2025-08-01T01:09:04.492+0000] GC(1528) Using 8 workers of 8 for evacuation
[2025-08-01T01:09:04.498+0000] GC(1528)   Pre Evacuate Collection Set: 0.6ms
[2025-08-01T01:09:04.498+0000] GC(1528)   Merge Heap Roots: 0.1ms
[2025-08-01T01:09:04.498+0000] GC(1528)   Evacuate Collection Set: 4.4ms
[2025-08-01T01:09:04.498+0000] GC(1528)   Post Evacuate Collection Set: 0.6ms
[2025-08-01T01:09:04.498+0000] GC(1528)   Other: 0.3ms
[2025-08-01T01:09:04.498+0000] GC(1528) Eden regions: 5->0(96)
[2025-08-01T01:09:04.498+0000] GC(1528) Survivor regions: 11->6(13)
[2025-08-01T01:09:04.498+0000] GC(1528) Old regions: 2013->2024
[2025-08-01T01:09:04.498+0000] GC(1528) Archive regions: 2->2
[2025-08-01T01:09:04.498+0000] GC(1528) Humongous regions: 0->0
[2025-08-01T01:09:04.498+0000] GC(1528) Metaspace: 10061K(10304K)->10061K(10304K) NonClass: 8835K(8960K)->8835K(8960K) Class: 1225K(1344K)->1225K(1344K)
[2025-08-01T01:09:04.498+0000] GC(1528) Pause Young (Normal) (G1 Preventive Collection) 4058M->4060M(4096M) 6.275ms
[2025-08-01T01:09:04.498+0000] GC(1528) User=0.04s Sys=0.00s Real=0.01s
[2025-08-01T01:09:04.499+0000] GC(1529) Pause Young (Normal) (G1 Preventive Collection)
[2025-08-01T01:09:04.499+0000] GC(1529) Using 8 workers of 8 for evacuation
[2025-08-01T01:09:04.503+0000] GC(1529)   Pre Evacuate Collection Set: 0.4ms
[2025-08-01T01:09:04.504+0000] GC(1529)   Merge Heap Roots: 0.1ms
[2025-08-01T01:09:04.504+0000] GC(1529)   Evacuate Collection Set: 3.0ms
[2025-08-01T01:09:04.504+0000] GC(1529)   Post Evacuate Collection Set: 0.7ms
[2025-08-01T01:09:04.504+0000] GC(1529)   Other: 0.2ms
[2025-08-01T01:09:04.504+0000] GC(1529) Eden regions: 4->0(92)
[2025-08-01T01:09:04.504+0000] GC(1529) Survivor regions: 6->10(12)
[2025-08-01T01:09:04.504+0000] GC(1529) Old regions: 2024->2024
[2025-08-01T01:09:04.504+0000] GC(1529) Archive regions: 2->2
[2025-08-01T01:09:04.504+0000] GC(1529) Humongous regions: 0->0
[2025-08-01T01:09:04.504+0000] GC(1529) Metaspace: 10061K(10304K)->10061K(10304K) NonClass: 8835K(8960K)->8835K(8960K) Class: 1225K(1344K)->1225K(1344K)
[2025-08-01T01:09:04.504+0000] GC(1529) Pause Young (Normal) (G1 Preventive Collection) 4068M->4067M(4096M) 4.575ms
[2025-08-01T01:09:04.504+0000] GC(1529) User=0.02s Sys=0.00s Real=0.01s
[2025-08-01T01:09:04.504+0000] GC(1530) Pause Young (Normal) (G1 Preventive Collection)
[2025-08-01T01:09:04.504+0000] GC(1530) Using 8 workers of 8 for evacuation
[2025-08-01T01:09:04.509+0000] GC(1530)   Pre Evacuate Collection Set: 0.4ms
[2025-08-01T01:09:04.509+0000] GC(1530)   Merge Heap Roots: 0.2ms
[2025-08-01T01:09:04.509+0000] GC(1530)   Evacuate Collection Set: 3.4ms
[2025-08-01T01:09:04.509+0000] GC(1530)   Post Evacuate Collection Set: 0.8ms
[2025-08-01T01:09:04.509+0000] GC(1530)   Other: 0.1ms
[2025-08-01T01:09:04.509+0000] GC(1530) Eden regions: 1->0(96)
[2025-08-01T01:09:04.509+0000] GC(1530) Survivor regions: 10->6(11)
[2025-08-01T01:09:04.509+0000] GC(1530) Old regions: 2024->2029
[2025-08-01T01:09:04.509+0000] GC(1530) Archive regions: 2->2
[2025-08-01T01:09:04.509+0000] GC(1530) Humongous regions: 0->0
[2025-08-01T01:09:04.509+0000] GC(1530) Metaspace: 10061K(10304K)->10061K(10304K) NonClass: 8835K(8960K)->8835K(8960K) Class: 1225K(1344K)->1225K(1344K)
[2025-08-01T01:09:04.509+0000] GC(1530) Pause Young (Normal) (G1 Preventive Collection) 4069M->4070M(4096M) 5.074ms
[2025-08-01T01:09:04.509+0000] GC(1530) User=0.02s Sys=0.01s Real=0.00s
[2025-08-01T01:09:04.510+0000] GC(1531) Pause Young (Normal) (G1 Preventive Collection)
[2025-08-01T01:09:04.510+0000] GC(1531) Using 8 workers of 8 for evacuation
[2025-08-01T01:09:04.513+0000] GC(1531)   Pre Evacuate Collection Set: 0.2ms
[2025-08-01T01:09:04.513+0000] GC(1531)   Merge Heap Roots: 0.1ms
[2025-08-01T01:09:04.513+0000] GC(1531)   Evacuate Collection Set: 2.2ms
[2025-08-01T01:09:04.513+0000] GC(1531)   Post Evacuate Collection Set: 0.6ms
[2025-08-01T01:09:04.513+0000] GC(1531)   Other: 0.1ms
[2025-08-01T01:09:04.513+0000] GC(1531) Eden regions: 2->0(94)
[2025-08-01T01:09:04.513+0000] GC(1531) Survivor regions: 6->8(9)
[2025-08-01T01:09:04.513+0000] GC(1531) Old regions: 2029->2029
[2025-08-01T01:09:04.514+0000] GC(1531) Archive regions: 2->2
[2025-08-01T01:09:04.514+0000] GC(1531) Humongous regions: 0->0
[2025-08-01T01:09:04.514+0000] GC(1531) Metaspace: 10061K(10304K)->10061K(10304K) NonClass: 8835K(8960K)->8835K(8960K) Class: 1225K(1344K)->1225K(1344K)
[2025-08-01T01:09:04.514+0000] GC(1531) Pause Young (Normal) (G1 Preventive Collection) 4074M->4073M(4096M) 3.495ms
[2025-08-01T01:09:04.514+0000] GC(1531) User=0.02s Sys=0.00s Real=0.01s
[2025-08-01T01:09:04.515+0000] GC(1532) Pause Young (Normal) (G1 Preventive Collection)
[2025-08-01T01:09:04.515+0000] GC(1532) Using 8 workers of 8 for evacuation
[2025-08-01T01:09:04.520+0000] GC(1532) To-space exhausted
[2025-08-01T01:09:04.520+0000] GC(1532)   Pre Evacuate Collection Set: 0.6ms
[2025-08-01T01:09:04.520+0000] GC(1532)   Merge Heap Roots: 0.2ms
[2025-08-01T01:09:04.520+0000] GC(1532)   Evacuate Collection Set: 2.7ms
[2025-08-01T01:09:04.520+0000] GC(1532)   Post Evacuate Collection Set: 0.9ms
[2025-08-01T01:09:04.520+0000] GC(1532)   Other: 0.2ms
[2025-08-01T01:09:04.520+0000] GC(1532) Eden regions: 1->0(97)
[2025-08-01T01:09:04.520+0000] GC(1532) Survivor regions: 8->5(8)
[2025-08-01T01:09:04.520+0000] GC(1532) Old regions: 2029->2036
[2025-08-01T01:09:04.520+0000] GC(1532) Archive regions: 2->2
[2025-08-01T01:09:04.520+0000] GC(1532) Humongous regions: 0->0
[2025-08-01T01:09:04.520+0000] GC(1532) Metaspace: 10061K(10304K)->10061K(10304K) NonClass: 8835K(8960K)->8835K(8960K) Class: 1225K(1344K)->1225K(1344K)
[2025-08-01T01:09:04.520+0000] GC(1532) Pause Young (Normal) (G1 Preventive Collection) 4075M->4081M(4096M) 4.632ms
[2025-08-01T01:09:04.520+0000] GC(1532) User=0.02s Sys=0.00s Real=0.00s
[2025-08-01T01:09:04.520+0000] GC(1533) Pause Young (Normal) (G1 Preventive Collection)
[2025-08-01T01:09:04.520+0000] GC(1533) Using 8 workers of 8 for evacuation
[2025-08-01T01:09:04.523+0000] GC(1533) To-space exhausted
[2025-08-01T01:09:04.523+0000] GC(1533)   Pre Evacuate Collection Set: 0.4ms
[2025-08-01T01:09:04.523+0000] GC(1533)   Merge Heap Roots: 0.2ms
[2025-08-01T01:09:04.523+0000] GC(1533)   Evacuate Collection Set: 1.4ms
[2025-08-01T01:09:04.523+0000] GC(1533)   Post Evacuate Collection Set: 1.0ms
[2025-08-01T01:09:04.523+0000] GC(1533)   Other: 0.2ms
[2025-08-01T01:09:04.523+0000] GC(1533) Eden regions: 1->0(98)
[2025-08-01T01:09:04.523+0000] GC(1533) Survivor regions: 5->4(4)
[2025-08-01T01:09:04.523+0000] GC(1533) Old regions: 2036->2040
[2025-08-01T01:09:04.523+0000] GC(1533) Archive regions: 2->2
[2025-08-01T01:09:04.523+0000] GC(1533) Humongous regions: 0->0
[2025-08-01T01:09:04.523+0000] GC(1533) Metaspace: 10061K(10304K)->10061K(10304K) NonClass: 8835K(8960K)->8835K(8960K) Class: 1225K(1344K)->1225K(1344K)
[2025-08-01T01:09:04.523+0000] GC(1533) Pause Young (Normal) (G1 Preventive Collection) 4083M->4088M(4096M) 3.234ms
[2025-08-01T01:09:04.523+0000] GC(1533) User=0.01s Sys=0.01s Real=0.01s
[2025-08-01T01:09:04.524+0000] GC(1534) Pause Young (Normal) (G1 Preventive Collection)
[2025-08-01T01:09:04.524+0000] GC(1534) Using 8 workers of 8 for evacuation
[2025-08-01T01:09:04.527+0000] GC(1534) To-space exhausted
[2025-08-01T01:09:04.527+0000] GC(1534)   Pre Evacuate Collection Set: 0.4ms
[2025-08-01T01:09:04.527+0000] GC(1534)   Merge Heap Roots: 0.1ms
[2025-08-01T01:09:04.527+0000] GC(1534)   Evacuate Collection Set: 1.8ms
[2025-08-01T01:09:04.527+0000] GC(1534)   Post Evacuate Collection Set: 0.9ms
[2025-08-01T01:09:04.527+0000] GC(1534)   Other: 0.2ms
[2025-08-01T01:09:04.527+0000] GC(1534) Eden regions: 1->0(101)
[2025-08-01T01:09:04.527+0000] GC(1534) Survivor regions: 4->1(1)
[2025-08-01T01:09:04.527+0000] GC(1534) Old regions: 2040->2045
[2025-08-01T01:09:04.527+0000] GC(1534) Archive regions: 2->2
[2025-08-01T01:09:04.527+0000] GC(1534) Humongous regions: 0->0
[2025-08-01T01:09:04.527+0000] GC(1534) Metaspace: 10061K(10304K)->10061K(10304K) NonClass: 8835K(8960K)->8835K(8960K) Class: 1225K(1344K)->1225K(1344K)
[2025-08-01T01:09:04.527+0000] GC(1534) Pause Young (Normal) (G1 Preventive Collection) 4090M->4092M(4096M) 3.505ms
[2025-08-01T01:09:04.527+0000] GC(1534) User=0.01s Sys=0.00s Real=0.00s
[2025-08-01T01:09:04.528+0000] Attempting full compaction
[2025-08-01T01:09:04.528+0000] GC(1535) Pause Full (G1 Compaction Pause)
[2025-08-01T01:09:04.528+0000] GC(1535) Using 8 workers of 8 for full compaction
[2025-08-01T01:09:04.533+0000] GC(1535) Phase 1: Mark live objects
[2025-08-01T01:09:04.575+0000] GC(1535) Phase 1: Mark live objects 42.598ms
[2025-08-01T01:09:04.575+0000] GC(1535) Phase 2: Prepare for compaction
[2025-08-01T01:09:04.586+0000] GC(1535) Phase 2: Prepare for compaction 10.562ms
[2025-08-01T01:09:04.586+0000] GC(1535) Phase 3: Adjust pointers
[2025-08-01T01:09:04.617+0000] GC(1535) Phase 3: Adjust pointers 31.181ms
[2025-08-01T01:09:04.617+0000] GC(1535) Phase 4: Compact heap
[2025-08-01T01:09:04.651+0000] GC(1535) Phase 4: Compact heap 34.025ms
[2025-08-01T01:09:04.658+0000] GC(1535) Eden regions: 0->0(447)
[2025-08-01T01:09:04.658+0000] GC(1535) Survivor regions: 1->0(1)
[2025-08-01T01:09:04.658+0000] GC(1535) Old regions: 2045->441
[2025-08-01T01:09:04.658+0000] GC(1535) Archive regions: 2->2
[2025-08-01T01:09:04.658+0000] GC(1535) Humongous regions: 0->0
[2025-08-01T01:09:04.658+0000] GC(1535) Metaspace: 10061K(10304K)->10061K(10304K) NonClass: 8835K(8960K)->8835K(8960K) Class: 1225K(1344K)->1225K(1344K)
[2025-08-01T01:09:04.658+0000] GC(1535) Pause Full (G1 Compaction Pause) 4092M->875M(4096M) 130.709ms
[2025-08-01T01:09:04.658+0000] GC(1535) User=0.96s Sys=0.00s Real=0.13s
[2025-08-01T01:09:04.658+0000] GC(1518) Concurrent Mark From Roots 508.830ms
[2025-08-01T01:09:04.658+0000] GC(1518) Concurrent Mark Abort
[2025-08-01T01:09:04.658+0000] GC(1518) Concurrent Mark Cycle 533.075ms
[2025-08-01T01:09:04.825+0000] GC(1536) Pause Young (Normal) (G1 Evacuation Pause)
[2025-08-01T01:09:04.825+0000] GC(1536) Using 8 workers of 8 for evacuation
[2025-08-01T01:09:05.007+0000] GC(1536)   Pre Evacuate Collection Set: 1.1ms
[2025-08-01T01:09:05.007+0000] GC(1536)   Merge Heap Roots: 0.3ms
[2025-08-01T01:09:05.007+0000] GC(1536)   Evacuate Collection Set: 179.3ms
[2025-08-01T01:09:05.007+0000] GC(1536)   Post Evacuate Collection Set: 1.0ms
[2025-08-01T01:09:05.007+0000] GC(1536)   Other: 0.2ms
[2025-08-01T01:09:05.007+0000] GC(1536) Eden regions: 447->0(362)
[2025-08-01T01:09:05.007+0000] GC(1536) Survivor regions: 0->56(56)
[2025-08-01T01:09:05.007+0000] GC(1536) Old regions: 441->682
[2025-08-01T01:09:05.007+0000] GC(1536) Archive regions: 2->2
[2025-08-01T01:09:05.007+0000] GC(1536) Humongous regions: 0->0
[2025-08-01T01:09:05.007+0000] GC(1536) Metaspace: 10061K(10304K)->10061K(10304K) NonClass: 8835K(8960K)->8835K(8960K) Class: 1225K(1344K)->1225K(1344K)
[2025-08-01T01:09:05.007+0000] GC(1536) Pause Young (Normal) (G1 Evacuation Pause) 1769M->1468M(4096M) 182.156ms
[2025-08-01T01:09:05.007+0000] GC(1536) User=0.96s Sys=0.15s Real=0.18s
[2025-08-01T01:09:05.170+0000] GC(1537) Pause Young (Concurrent Start) (G1 Evacuation Pause)
[2025-08-01T01:09:05.170+0000] GC(1537) Using 8 workers of 8 for evacuation
[2025-08-01T01:09:05.267+0000] GC(1537)   Pre Evacuate Collection Set: 0.8ms
[2025-08-01T01:09:05.267+0000] GC(1537)   Merge Heap Roots: 0.3ms
[2025-08-01T01:09:05.267+0000] GC(1537)   Evacuate Collection Set: 93.9ms
[2025-08-01T01:09:05.268+0000] GC(1537)   Post Evacuate Collection Set: 1.2ms
[2025-08-01T01:09:05.268+0000] GC(1537)   Other: 0.2ms
[2025-08-01T01:09:05.268+0000] GC(1537) Eden regions: 362->0(285)
[2025-08-01T01:09:05.268+0000] GC(1537) Survivor regions: 56->53(53)
[2025-08-01T01:09:05.268+0000] GC(1537) Old regions: 682->920
[2025-08-01T01:09:05.268+0000] GC(1537) Archive regions: 2->2
[2025-08-01T01:09:05.268+0000] GC(1537) Humongous regions: 0->0
[2025-08-01T01:09:05.268+0000] GC(1537) Metaspace: 10061K(10304K)->10061K(10304K) NonClass: 8835K(8960K)->8835K(8960K) Class: 1225K(1344K)->1225K(1344K)
[2025-08-01T01:09:05.268+0000] GC(1537) Pause Young (Concurrent Start) (G1 Evacuation Pause) 2192M->1939M(4096M) 97.266ms
[2025-08-01T01:09:05.268+0000] GC(1537) User=0.70s Sys=0.01s Real=0.10s
[2025-08-01T01:09:05.268+0000] GC(1538) Concurrent Mark Cycle
[2025-08-01T01:09:05.268+0000] GC(1538) Concurrent Clear Claimed Marks
[2025-08-01T01:09:05.268+0000] GC(1538) Concurrent Clear Claimed Marks 0.029ms
[2025-08-01T01:09:05.268+0000] GC(1538) Concurrent Scan Root Regions
[2025-08-01T01:09:05.323+0000] GC(1538) Concurrent Scan Root Regions 55.057ms
[2025-08-01T01:09:05.323+0000] GC(1538) Concurrent Mark
[2025-08-01T01:09:05.323+0000] GC(1538) Concurrent Mark From Roots
[2025-08-01T01:09:05.323+0000] GC(1538) Using 2 workers of 2 for marking
[2025-08-01T01:09:05.361+0000] GC(1538) Concurrent Mark From Roots 37.866ms
[2025-08-01T01:09:05.361+0000] GC(1538) Concurrent Preclean
[2025-08-01T01:09:05.361+0000] GC(1538) Concurrent Preclean 0.349ms
[2025-08-01T01:09:05.362+0000] GC(1538) Pause Remark
[2025-08-01T01:09:05.366+0000] GC(1538) Pause Remark 2445M->1337M(4096M) 3.986ms
[2025-08-01T01:09:05.366+0000] GC(1538) User=0.01s Sys=0.00s Real=0.01s
[2025-08-01T01:09:05.366+0000] GC(1538) Concurrent Mark 42.938ms
[2025-08-01T01:09:05.366+0000] GC(1538) Concurrent Rebuild Remembered Sets
[2025-08-01T01:09:05.408+0000] GC(1539) Pause Young (Normal) (G1 Evacuation Pause)
[2025-08-01T01:09:05.408+0000] GC(1539) Using 8 workers of 8 for evacuation
[2025-08-01T01:09:05.530+0000] GC(1539)   Pre Evacuate Collection Set: 0.7ms
[2025-08-01T01:09:05.530+0000] GC(1539)   Merge Heap Roots: 0.3ms
[2025-08-01T01:09:05.530+0000] GC(1539)   Evacuate Collection Set: 119.9ms
[2025-08-01T01:09:05.530+0000] GC(1539)   Post Evacuate Collection Set: 1.1ms
[2025-08-01T01:09:05.530+0000] GC(1539)   Other: 0.2ms
[2025-08-01T01:09:05.530+0000] GC(1539) Eden regions: 285->0(374)
[2025-08-01T01:09:05.530+0000] GC(1539) Survivor regions: 53->43(43)
[2025-08-01T01:09:05.530+0000] GC(1539) Old regions: 362->658
[2025-08-01T01:09:05.530+0000] GC(1539) Archive regions: 2->2
[2025-08-01T01:09:05.530+0000] GC(1539) Humongous regions: 0->0
[2025-08-01T01:09:05.530+0000] GC(1539) Metaspace: 10061K(10304K)->10061K(10304K) NonClass: 8835K(8960K)->8835K(8960K) Class: 1225K(1344K)->1225K(1344K)
[2025-08-01T01:09:05.531+0000] GC(1539) Pause Young (Normal) (G1 Evacuation Pause) 1401M->1403M(4096M) 122.335ms
[2025-08-01T01:09:05.531+0000] GC(1539) User=0.88s Sys=0.04s Real=0.12s
[2025-08-01T01:09:05.570+0000] GC(1538) Concurrent Rebuild Remembered Sets 203.510ms
[2025-08-01T01:09:05.570+0000] GC(1538) Pause Cleanup
[2025-08-01T01:09:05.570+0000] GC(1538) Pause Cleanup 1720M->1720M(4096M) 0.450ms
[2025-08-01T01:09:05.570+0000] GC(1538) User=0.00s Sys=0.00s Real=0.00s
[2025-08-01T01:09:05.570+0000] GC(1538) Concurrent Cleanup for Next Mark
[2025-08-01T01:09:05.577+0000] GC(1538) Concurrent Cleanup for Next Mark 6.884ms
[2025-08-01T01:09:05.577+0000] GC(1538) Concurrent Mark Cycle 309.527ms
[2025-08-01T01:09:05.684+0000] GC(1540) Pause Young (Prepare Mixed) (G1 Evacuation Pause)
[2025-08-01T01:09:05.684+0000] GC(1540) Using 8 workers of 8 for evacuation
[2025-08-01T01:09:05.807+0000] GC(1540)   Pre Evacuate Collection Set: 3.2ms
[2025-08-01T01:09:05.807+0000] GC(1540)   Merge Heap Roots: 0.8ms
[2025-08-01T01:09:05.807+0000] GC(1540)   Evacuate Collection Set: 117.2ms
[2025-08-01T01:09:05.808+0000] GC(1540)   Post Evacuate Collection Set: 1.9ms
[2025-08-01T01:09:05.808+0000] GC(1540)   Other: 0.2ms
[2025-08-01T01:09:05.808+0000] GC(1540) Eden regions: 374->0(49)
[2025-08-01T01:09:05.808+0000] GC(1540) Survivor regions: 43->53(53)
[2025-08-01T01:09:05.808+0000] GC(1540) Old regions: 658->823
[2025-08-01T01:09:05.808+0000] GC(1540) Archive regions: 2->2
[2025-08-01T01:09:05.808+0000] GC(1540) Humongous regions: 0->0
[2025-08-01T01:09:05.808+0000] GC(1540) Metaspace: 10061K(10304K)->10061K(10304K) NonClass: 8835K(8960K)->8835K(8960K) Class: 1225K(1344K)->1225K(1344K)
[2025-08-01T01:09:05.808+0000] GC(1540) Pause Young (Prepare Mixed) (G1 Evacuation Pause) 2151M->1753M(4096M) 123.682ms
[2025-08-01T01:09:05.808+0000] GC(1540) User=0.88s Sys=0.03s Real=0.12s
[2025-08-01T01:09:05.822+0000] GC(1541) Pause Young (Mixed) (G1 Evacuation Pause)
[2025-08-01T01:09:05.822+0000] GC(1541) Using 8 workers of 8 for evacuation
[2025-08-01T01:09:05.874+0000] GC(1541)   Pre Evacuate Collection Set: 1.2ms
[2025-08-01T01:09:05.874+0000] GC(1541)   Merge Heap Roots: 0.3ms
[2025-08-01T01:09:05.874+0000] GC(1541)   Evacuate Collection Set: 49.7ms
[2025-08-01T01:09:05.874+0000] GC(1541)   Post Evacuate Collection Set: 0.8ms
[2025-08-01T01:09:05.874+0000] GC(1541)   Other: 0.3ms
[2025-08-01T01:09:05.874+0000] GC(1541) Eden regions: 49->0(310)
[2025-08-01T01:09:05.874+0000] GC(1541) Survivor regions: 53->13(13)
[2025-08-01T01:09:05.874+0000] GC(1541) Old regions: 823->900
[2025-08-01T01:09:05.874+0000] GC(1541) Archive regions: 2->2
[2025-08-01T01:09:05.874+0000] GC(1541) Humongous regions: 0->0
[2025-08-01T01:09:05.874+0000] GC(1541) Metaspace: 10061K(10304K)->10061K(10304K) NonClass: 8835K(8960K)->8835K(8960K) Class: 1225K(1344K)->1225K(1344K)
[2025-08-01T01:09:05.874+0000] GC(1541) Pause Young (Mixed) (G1 Evacuation Pause) 1851M->1827M(4096M) 52.438ms
[2025-08-01T01:09:05.874+0000] GC(1541) User=0.38s Sys=0.02s Real=0.06s
[2025-08-01T01:09:05.980+0000] GC(1542) Pause Young (Concurrent Start) (G1 Evacuation Pause)
[2025-08-01T01:09:05.980+0000] GC(1542) Using 8 workers of 8 for evacuation
[2025-08-01T01:09:06.106+0000] GC(1542)   Pre Evacuate Collection Set: 0.9ms
[2025-08-01T01:09:06.106+0000] GC(1542)   Merge Heap Roots: 0.3ms
[2025-08-01T01:09:06.106+0000] GC(1542)   Evacuate Collection Set: 123.5ms
[2025-08-01T01:09:06.106+0000] GC(1542)   Post Evacuate Collection Set: 1.2ms
[2025-08-01T01:09:06.107+0000] GC(1542)   Other: 0.3ms
[2025-08-01T01:09:06.107+0000] GC(1542) Eden regions: 310->0(207)
[2025-08-01T01:09:06.107+0000] GC(1542) Survivor regions: 13->41(41)
[2025-08-01T01:09:06.107+0000] GC(1542) Old regions: 900->1149
[2025-08-01T01:09:06.107+0000] GC(1542) Archive regions: 2->2
[2025-08-01T01:09:06.107+0000] GC(1542) Humongous regions: 0->0
[2025-08-01T01:09:06.107+0000] GC(1542) Metaspace: 10061K(10304K)->10061K(10304K) NonClass: 8835K(8960K)->8835K(8960K) Class: 1225K(1344K)->1225K(1344K)
[2025-08-01T01:09:06.107+0000] GC(1542) Pause Young (Concurrent Start) (G1 Evacuation Pause) 2447M->2380M(4096M) 126.355ms
[2025-08-01T01:09:06.107+0000] GC(1542) User=0.91s Sys=0.04s Real=0.13s
[2025-08-01T01:09:06.107+0000] GC(1543) Concurrent Mark Cycle
[2025-08-01T01:09:06.107+0000] GC(1543) Concurrent Clear Claimed Marks
[2025-08-01T01:09:06.108+0000] GC(1543) Concurrent Clear Claimed Marks 0.739ms
[2025-08-01T01:09:06.108+0000] GC(1543) Concurrent Scan Root Regions
[2025-08-01T01:09:06.173+0000] GC(1543) Concurrent Scan Root Regions 65.538ms
[2025-08-01T01:09:06.173+0000] GC(1543) Concurrent Mark
[2025-08-01T01:09:06.173+0000] GC(1543) Concurrent Mark From Roots
[2025-08-01T01:09:06.173+0000] GC(1543) Using 2 workers of 2 for marking
[2025-08-01T01:09:06.203+0000] GC(1544) Pause Young (Normal) (G1 Evacuation Pause)
[2025-08-01T01:09:06.203+0000] GC(1544) Using 8 workers of 8 for evacuation
[2025-08-01T01:09:06.264+0000] GC(1544)   Pre Evacuate Collection Set: 0.6ms
[2025-08-01T01:09:06.264+0000] GC(1544)   Merge Heap Roots: 0.1ms
[2025-08-01T01:09:06.264+0000] GC(1544)   Evacuate Collection Set: 59.6ms
[2025-08-01T01:09:06.264+0000] GC(1544)   Post Evacuate Collection Set: 1.2ms
[2025-08-01T01:09:06.264+0000] GC(1544)   Other: 0.1ms
[2025-08-01T01:09:06.264+0000] GC(1544) Eden regions: 207->0(162)
[2025-08-01T01:09:06.264+0000] GC(1544) Survivor regions: 41->31(31)
[2025-08-01T01:09:06.264+0000] GC(1544) Old regions: 1149->1308
[2025-08-01T01:09:06.264+0000] GC(1544) Archive regions: 2->2
[2025-08-01T01:09:06.264+0000] GC(1544) Humongous regions: 0->0
[2025-08-01T01:09:06.264+0000] GC(1544) Metaspace: 10061K(10304K)->10061K(10304K) NonClass: 8835K(8960K)->8835K(8960K) Class: 1225K(1344K)->1225K(1344K)
[2025-08-01T01:09:06.264+0000] GC(1544) Pause Young (Normal) (G1 Evacuation Pause) 2794M->2678M(4096M) 61.802ms
[2025-08-01T01:09:06.264+0000] GC(1544) User=0.43s Sys=0.03s Real=0.07s
[2025-08-01T01:09:06.294+0000] GC(1545) Pause Young (Normal) (G1 Evacuation Pause)
[2025-08-01T01:09:06.294+0000] GC(1545) Using 8 workers of 8 for evacuation
[2025-08-01T01:09:06.335+0000] GC(1545)   Pre Evacuate Collection Set: 0.4ms
[2025-08-01T01:09:06.335+0000] GC(1545)   Merge Heap Roots: 0.2ms
[2025-08-01T01:09:06.335+0000] GC(1545)   Evacuate Collection Set: 38.7ms
[2025-08-01T01:09:06.335+0000] GC(1545)   Post Evacuate Collection Set: 1.0ms
[2025-08-01T01:09:06.335+0000] GC(1545)   Other: 0.2ms
[2025-08-01T01:09:06.335+0000] GC(1545) Eden regions: 162->0(125)
[2025-08-01T01:09:06.335+0000] GC(1545) Survivor regions: 31->25(25)
[2025-08-01T01:09:06.335+0000] GC(1545) Old regions: 1308->1430
[2025-08-01T01:09:06.335+0000] GC(1545) Archive regions: 2->2
[2025-08-01T01:09:06.335+0000] GC(1545) Humongous regions: 0->0
[2025-08-01T01:09:06.335+0000] GC(1545) Metaspace: 10061K(10304K)->10061K(10304K) NonClass: 8835K(8960K)->8835K(8960K) Class: 1225K(1344K)->1225K(1344K)
[2025-08-01T01:09:06.335+0000] GC(1545) Pause Young (Normal) (G1 Evacuation Pause) 3002M->2911M(4096M) 40.760ms
[2025-08-01T01:09:06.335+0000] GC(1545) User=0.31s Sys=0.00s Real=0.04s
[2025-08-01T01:09:06.352+0000] GC(1543) Concurrent Mark From Roots 178.697ms
[2025-08-01T01:09:06.352+0000] GC(1543) Concurrent Preclean
[2025-08-01T01:09:06.352+0000] GC(1543) Concurrent Preclean 0.317ms
[2025-08-01T01:09:06.353+0000] GC(1543) Pause Remark
[2025-08-01T01:09:06.355+0000] GC(1543) Pause Remark 2992M->1680M(4096M) 2.645ms
[2025-08-01T01:09:06.355+0000] GC(1543) User=0.01s Sys=0.00s Real=0.01s
[2025-08-01T01:09:06.356+0000] GC(1543) Concurrent Mark 182.345ms
[2025-08-01T01:09:06.356+0000] GC(1543) Concurrent Rebuild Remembered Sets
[2025-08-01T01:09:06.400+0000] GC(1546) Pause Young (Normal) (G1 Evacuation Pause)
[2025-08-01T01:09:06.401+0000] GC(1546) Using 8 workers of 8 for evacuation
[2025-08-01T01:09:06.446+0000] GC(1546)   Pre Evacuate Collection Set: 0.5ms
[2025-08-01T01:09:06.446+0000] GC(1546)   Merge Heap Roots: 0.2ms
[2025-08-01T01:09:06.446+0000] GC(1546)   Evacuate Collection Set: 43.9ms
[2025-08-01T01:09:06.446+0000] GC(1546)   Post Evacuate Collection Set: 1.2ms
[2025-08-01T01:09:06.447+0000] GC(1546)   Other: 0.2ms
[2025-08-01T01:09:06.447+0000] GC(1546) Eden regions: 125->0(302)
[2025-08-01T01:09:06.447+0000] GC(1546) Survivor regions: 25->19(19)
[2025-08-01T01:09:06.447+0000] GC(1546) Old regions: 774->908
[2025-08-01T01:09:06.447+0000] GC(1546) Archive regions: 2->2
[2025-08-01T01:09:06.447+0000] GC(1546) Humongous regions: 0->0
[2025-08-01T01:09:06.447+0000] GC(1546) Metaspace: 10061K(10304K)->10061K(10304K) NonClass: 8835K(8960K)->8835K(8960K) Class: 1225K(1344K)->1225K(1344K)
[2025-08-01T01:09:06.447+0000] GC(1546) Pause Young (Normal) (G1 Evacuation Pause) 1849M->1854M(4096M) 46.140ms
[2025-08-01T01:09:06.447+0000] GC(1546) User=0.35s Sys=0.01s Real=0.05s
[2025-08-01T01:09:06.581+0000] GC(1543) Concurrent Rebuild Remembered Sets 225.675ms
[2025-08-01T01:09:06.581+0000] GC(1543) Pause Cleanup
[2025-08-01T01:09:06.582+0000] GC(1543) Pause Cleanup 2429M->2429M(4096M) 0.810ms
[2025-08-01T01:09:06.582+0000] GC(1543) User=0.01s Sys=0.00s Real=0.00s
[2025-08-01T01:09:06.582+0000] GC(1543) Concurrent Cleanup for Next Mark
[2025-08-01T01:09:06.589+0000] GC(1543) Concurrent Cleanup for Next Mark 6.686ms
[2025-08-01T01:09:06.589+0000] GC(1543) Concurrent Mark Cycle 482.297ms
[2025-08-01T01:09:06.595+0000] GC(1547) Pause Young (Prepare Mixed) (G1 Evacuation Pause)
[2025-08-01T01:09:06.595+0000] GC(1547) Using 8 workers of 8 for evacuation
[2025-08-01T01:09:06.678+0000] GC(1547)   Pre Evacuate Collection Set: 1.1ms
[2025-08-01T01:09:06.679+0000] GC(1547)   Merge Heap Roots: 1.5ms
[2025-08-01T01:09:06.679+0000] GC(1547)   Evacuate Collection Set: 78.9ms
[2025-08-01T01:09:06.679+0000] GC(1547)   Post Evacuate Collection Set: 1.4ms
[2025-08-01T01:09:06.679+0000] GC(1547)   Other: 0.2ms
[2025-08-01T01:09:06.679+0000] GC(1547) Eden regions: 302->0(61)
[2025-08-01T01:09:06.679+0000] GC(1547) Survivor regions: 19->41(41)
[2025-08-01T01:09:06.679+0000] GC(1547) Old regions: 908->1097
[2025-08-01T01:09:06.679+0000] GC(1547) Archive regions: 2->2
[2025-08-01T01:09:06.679+0000] GC(1547) Humongous regions: 0->0
[2025-08-01T01:09:06.679+0000] GC(1547) Metaspace: 10061K(10304K)->10061K(10304K) NonClass: 8835K(8960K)->8835K(8960K) Class: 1225K(1344K)->1225K(1344K)
[2025-08-01T01:09:06.679+0000] GC(1547) Pause Young (Prepare Mixed) (G1 Evacuation Pause) 2458M->2276M(4096M) 83.264ms
[2025-08-01T01:09:06.679+0000] GC(1547) User=0.61s Sys=0.01s Real=0.08s
[2025-08-01T01:09:06.689+0000] GC(1548) Pause Young (Mixed) (G1 Evacuation Pause)
[2025-08-01T01:09:06.689+0000] GC(1548) Using 8 workers of 8 for evacuation
[2025-08-01T01:09:06.724+0000] GC(1548)   Pre Evacuate Collection Set: 0.5ms
[2025-08-01T01:09:06.724+0000] GC(1548)   Merge Heap Roots: 0.2ms
[2025-08-01T01:09:06.725+0000] GC(1548)   Evacuate Collection Set: 33.5ms
[2025-08-01T01:09:06.725+0000] GC(1548)   Post Evacuate Collection Set: 0.9ms
[2025-08-01T01:09:06.725+0000] GC(1548)   Other: 0.2ms
[2025-08-01T01:09:06.725+0000] GC(1548) Eden regions: 61->0(212)
[2025-08-01T01:09:06.725+0000] GC(1548) Survivor regions: 41->13(13)
[2025-08-01T01:09:06.725+0000] GC(1548) Old regions: 1097->1172
[2025-08-01T01:09:06.725+0000] GC(1548) Archive regions: 2->2
[2025-08-01T01:09:06.725+0000] GC(1548) Humongous regions: 0->0
[2025-08-01T01:09:06.725+0000] GC(1548) Metaspace: 10061K(10304K)->10061K(10304K) NonClass: 8835K(8960K)->8835K(8960K) Class: 1225K(1344K)->1225K(1344K)
[2025-08-01T01:09:06.725+0000] GC(1548) Pause Young (Mixed) (G1 Evacuation Pause) 2398M->2371M(4096M) 35.411ms
[2025-08-01T01:09:06.725+0000] GC(1548) User=0.26s Sys=0.01s Real=0.04s
[2025-08-01T01:09:06.810+0000] GC(1549) Pause Young (Concurrent Start) (G1 Evacuation Pause)
[2025-08-01T01:09:06.810+0000] GC(1549) Using 8 workers of 8 for evacuation
[2025-08-01T01:09:06.895+0000] GC(1549)   Pre Evacuate Collection Set: 0.9ms
[2025-08-01T01:09:06.895+0000] GC(1549)   Merge Heap Roots: 0.3ms
[2025-08-01T01:09:06.895+0000] GC(1549)   Evacuate Collection Set: 83.3ms
[2025-08-01T01:09:06.895+0000] GC(1549)   Post Evacuate Collection Set: 1.1ms
[2025-08-01T01:09:06.895+0000] GC(1549)   Other: 0.3ms
[2025-08-01T01:09:06.895+0000] GC(1549) Eden regions: 212->0(139)
[2025-08-01T01:09:06.896+0000] GC(1549) Survivor regions: 13->29(29)
[2025-08-01T01:09:06.896+0000] GC(1549) Old regions: 1172->1370
[2025-08-01T01:09:06.896+0000] GC(1549) Archive regions: 2->2
[2025-08-01T01:09:06.896+0000] GC(1549) Humongous regions: 0->0
[2025-08-01T01:09:06.896+0000] GC(1549) Metaspace: 10061K(10304K)->10061K(10304K) NonClass: 8835K(8960K)->8835K(8960K) Class: 1225K(1344K)->1225K(1344K)
[2025-08-01T01:09:06.896+0000] GC(1549) Pause Young (Concurrent Start) (G1 Evacuation Pause) 2795M->2799M(4096M) 86.059ms
[2025-08-01T01:09:06.896+0000] GC(1549) User=0.63s Sys=0.03s Real=0.09s
[2025-08-01T01:09:06.896+0000] GC(1550) Concurrent Mark Cycle
[2025-08-01T01:09:06.896+0000] GC(1550) Concurrent Clear Claimed Marks
[2025-08-01T01:09:06.896+0000] GC(1550) Concurrent Clear Claimed Marks 0.025ms
[2025-08-01T01:09:06.896+0000] GC(1550) Concurrent Scan Root Regions
[2025-08-01T01:09:06.940+0000] GC(1550) Concurrent Scan Root Regions 43.917ms
[2025-08-01T01:09:06.940+0000] GC(1550) Concurrent Mark
[2025-08-01T01:09:06.940+0000] GC(1550) Concurrent Mark From Roots
[2025-08-01T01:09:06.940+0000] GC(1550) Using 2 workers of 2 for marking
[2025-08-01T01:09:06.973+0000] GC(1551) Pause Young (Normal) (G1 Evacuation Pause)
[2025-08-01T01:09:06.973+0000] GC(1551) Using 8 workers of 8 for evacuation
[2025-08-01T01:09:07.021+0000] GC(1551)   Pre Evacuate Collection Set: 0.5ms
[2025-08-01T01:09:07.021+0000] GC(1551)   Merge Heap Roots: 0.1ms
[2025-08-01T01:09:07.021+0000] GC(1551)   Evacuate Collection Set: 46.4ms
[2025-08-01T01:09:07.021+0000] GC(1551)   Post Evacuate Collection Set: 1.0ms
[2025-08-01T01:09:07.021+0000] GC(1551)   Other: 0.2ms
[2025-08-01T01:09:07.021+0000] GC(1551) Eden regions: 139->0(109)
[2025-08-01T01:09:07.021+0000] GC(1551) Survivor regions: 29->21(21)
[2025-08-01T01:09:07.021+0000] GC(1551) Old regions: 1370->1477
[2025-08-01T01:09:07.021+0000] GC(1551) Archive regions: 2->2
[2025-08-01T01:09:07.021+0000] GC(1551) Humongous regions: 0->0
[2025-08-01T01:09:07.021+0000] GC(1551) Metaspace: 10061K(10304K)->10061K(10304K) NonClass: 8835K(8960K)->8835K(8960K) Class: 1225K(1344K)->1225K(1344K)
[2025-08-01T01:09:07.021+0000] GC(1551) Pause Young (Normal) (G1 Evacuation Pause) 3077M->2996M(4096M) 48.480ms
[2025-08-01T01:09:07.022+0000] GC(1551) User=0.35s Sys=0.02s Real=0.04s
[2025-08-01T01:09:07.043+0000] GC(1552) Pause Young (Normal) (G1 Evacuation Pause)
[2025-08-01T01:09:07.043+0000] GC(1552) Using 8 workers of 8 for evacuation
[2025-08-01T01:09:07.086+0000] GC(1552)   Pre Evacuate Collection Set: 0.5ms
[2025-08-01T01:09:07.086+0000] GC(1552)   Merge Heap Roots: 0.1ms
[2025-08-01T01:09:07.086+0000] GC(1552)   Evacuate Collection Set: 41.3ms
[2025-08-01T01:09:07.086+0000] GC(1552)   Post Evacuate Collection Set: 0.9ms
[2025-08-01T01:09:07.086+0000] GC(1552)   Other: 0.2ms
[2025-08-01T01:09:07.086+0000] GC(1552) Eden regions: 109->0(85)
[2025-08-01T01:09:07.086+0000] GC(1552) Survivor regions: 21->17(17)
[2025-08-01T01:09:07.086+0000] GC(1552) Old regions: 1477->1592
[2025-08-01T01:09:07.086+0000] GC(1552) Archive regions: 2->2
[2025-08-01T01:09:07.086+0000] GC(1552) Humongous regions: 0->0
[2025-08-01T01:09:07.086+0000] GC(1552) Metaspace: 10061K(10304K)->10061K(10304K) NonClass: 8835K(8960K)->8835K(8960K) Class: 1225K(1344K)->1225K(1344K)
[2025-08-01T01:09:07.086+0000] GC(1552) Pause Young (Normal) (G1 Evacuation Pause) 3214M->3218M(4096M) 43.107ms
[2025-08-01T01:09:07.086+0000] GC(1552) User=0.31s Sys=0.01s Real=0.05s
[2025-08-01T01:09:07.108+0000] GC(1553) Pause Young (Normal) (G1 Evacuation Pause)
[2025-08-01T01:09:07.108+0000] GC(1553) Using 8 workers of 8 for evacuation
[2025-08-01T01:09:07.148+0000] GC(1553)   Pre Evacuate Collection Set: 0.5ms
[2025-08-01T01:09:07.148+0000] GC(1553)   Merge Heap Roots: 0.3ms
[2025-08-01T01:09:07.148+0000] GC(1553)   Evacuate Collection Set: 38.7ms
[2025-08-01T01:09:07.148+0000] GC(1553)   Post Evacuate Collection Set: 1.0ms
[2025-08-01T01:09:07.148+0000] GC(1553)   Other: 0.3ms
[2025-08-01T01:09:07.148+0000] GC(1553) Eden regions: 85->0(89)
[2025-08-01T01:09:07.148+0000] GC(1553) Survivor regions: 17->13(13)
[2025-08-01T01:09:07.148+0000] GC(1553) Old regions: 1592->1682
[2025-08-01T01:09:07.148+0000] GC(1553) Archive regions: 2->2
[2025-08-01T01:09:07.148+0000] GC(1553) Humongous regions: 0->0
[2025-08-01T01:09:07.148+0000] GC(1553) Metaspace: 10061K(10304K)->10061K(10304K) NonClass: 8835K(8960K)->8835K(8960K) Class: 1225K(1344K)->1225K(1344K)
[2025-08-01T01:09:07.148+0000] GC(1553) Pause Young (Normal) (G1 Evacuation Pause) 3388M->3391M(4096M) 40.859ms
[2025-08-01T01:09:07.149+0000] GC(1553) User=0.28s Sys=0.01s Real=0.04s
[2025-08-01T01:09:07.169+0000] GC(1554) Pause Young (Normal) (G1 Evacuation Pause)
[2025-08-01T01:09:07.169+0000] GC(1554) Using 8 workers of 8 for evacuation
[2025-08-01T01:09:07.206+0000] GC(1554)   Pre Evacuate Collection Set: 0.4ms
[2025-08-01T01:09:07.206+0000] GC(1554)   Merge Heap Roots: 0.2ms
[2025-08-01T01:09:07.206+0000] GC(1554)   Evacuate Collection Set: 34.2ms
[2025-08-01T01:09:07.206+0000] GC(1554)   Post Evacuate Collection Set: 1.9ms
[2025-08-01T01:09:07.206+0000] GC(1554)   Other: 0.2ms
[2025-08-01T01:09:07.206+0000] GC(1554) Eden regions: 89->0(89)
[2025-08-01T01:09:07.206+0000] GC(1554) Survivor regions: 13->13(13)
[2025-08-01T01:09:07.206+0000] GC(1554) Old regions: 1682->1773
[2025-08-01T01:09:07.206+0000] GC(1554) Archive regions: 2->2
[2025-08-01T01:09:07.206+0000] GC(1554) Humongous regions: 0->0
[2025-08-01T01:09:07.206+0000] GC(1554) Metaspace: 10061K(10304K)->10061K(10304K) NonClass: 8835K(8960K)->8835K(8960K) Class: 1225K(1344K)->1225K(1344K)
[2025-08-01T01:09:07.206+0000] GC(1554) Pause Young (Normal) (G1 Evacuation Pause) 3569M->3573M(4096M) 37.074ms
[2025-08-01T01:09:07.206+0000] GC(1554) User=0.24s Sys=0.02s Real=0.04s
[2025-08-01T01:09:07.227+0000] GC(1555) Pause Young (Normal) (G1 Evacuation Pause)
[2025-08-01T01:09:07.227+0000] GC(1555) Using 8 workers of 8 for evacuation
[2025-08-01T01:09:07.254+0000] GC(1555)   Pre Evacuate Collection Set: 0.4ms
[2025-08-01T01:09:07.254+0000] GC(1555)   Merge Heap Roots: 0.4ms
[2025-08-01T01:09:07.254+0000] GC(1555)   Evacuate Collection Set: 25.8ms
[2025-08-01T01:09:07.254+0000] GC(1555)   Post Evacuate Collection Set: 0.7ms
[2025-08-01T01:09:07.254+0000] GC(1555)   Other: 0.1ms
[2025-08-01T01:09:07.254+0000] GC(1555) Eden regions: 89->0(89)
[2025-08-01T01:09:07.254+0000] GC(1555) Survivor regions: 13->13(13)
[2025-08-01T01:09:07.254+0000] GC(1555) Old regions: 1773->1846
[2025-08-01T01:09:07.254+0000] GC(1555) Archive regions: 2->2
[2025-08-01T01:09:07.254+0000] GC(1555) Humongous regions: 0->0
[2025-08-01T01:09:07.254+0000] GC(1555) Metaspace: 10061K(10304K)->10061K(10304K) NonClass: 8835K(8960K)->8835K(8960K) Class: 1225K(1344K)->1225K(1344K)
[2025-08-01T01:09:07.254+0000] GC(1555) Pause Young (Normal) (G1 Evacuation Pause) 3751M->3719M(4096M) 27.535ms
[2025-08-01T01:09:07.254+0000] GC(1555) User=0.19s Sys=0.00s Real=0.03s
[2025-08-01T01:09:07.278+0000] GC(1556) Pause Young (Normal) (G1 Preventive Collection)
[2025-08-01T01:09:07.279+0000] GC(1556) Using 8 workers of 8 for evacuation
[2025-08-01T01:09:07.305+0000] GC(1556)   Pre Evacuate Collection Set: 0.6ms
[2025-08-01T01:09:07.305+0000] GC(1556)   Merge Heap Roots: 0.1ms
[2025-08-01T01:09:07.305+0000] GC(1556)   Evacuate Collection Set: 24.6ms
[2025-08-01T01:09:07.305+0000] GC(1556)   Post Evacuate Collection Set: 0.8ms
[2025-08-01T01:09:07.305+0000] GC(1556)   Other: 0.3ms
[2025-08-01T01:09:07.305+0000] GC(1556) Eden regions: 83->0(89)
[2025-08-01T01:09:07.305+0000] GC(1556) Survivor regions: 13->13(13)
[2025-08-01T01:09:07.305+0000] GC(1556) Old regions: 1846->1916
[2025-08-01T01:09:07.305+0000] GC(1556) Archive regions: 2->2
[2025-08-01T01:09:07.305+0000] GC(1556) Humongous regions: 0->0
[2025-08-01T01:09:07.305+0000] GC(1556) Metaspace: 10061K(10304K)->10061K(10304K) NonClass: 8835K(8960K)->8835K(8960K) Class: 1225K(1344K)->1225K(1344K)
[2025-08-01T01:09:07.305+0000] GC(1556) Pause Young (Normal) (G1 Preventive Collection) 3885M->3859M(4096M) 26.561ms
[2025-08-01T01:09:07.305+0000] GC(1556) User=0.18s Sys=0.00s Real=0.03s
[2025-08-01T01:09:07.316+0000] GC(1557) Pause Young (Normal) (G1 Preventive Collection)
[2025-08-01T01:09:07.316+0000] GC(1557) Using 8 workers of 8 for evacuation
[2025-08-01T01:09:07.338+0000] GC(1557)   Pre Evacuate Collection Set: 0.6ms
[2025-08-01T01:09:07.338+0000] GC(1557)   Merge Heap Roots: 0.1ms
[2025-08-01T01:09:07.338+0000] GC(1557)   Evacuate Collection Set: 19.9ms
[2025-08-01T01:09:07.338+0000] GC(1557)   Post Evacuate Collection Set: 0.9ms
[2025-08-01T01:09:07.338+0000] GC(1557)   Other: 0.2ms
[2025-08-01T01:09:07.338+0000] GC(1557) Eden regions: 49->0(89)
[2025-08-01T01:09:07.338+0000] GC(1557) Survivor regions: 13->13(13)
[2025-08-01T01:09:07.338+0000] GC(1557) Old regions: 1916->1967
[2025-08-01T01:09:07.338+0000] GC(1557) Archive regions: 2->2
[2025-08-01T01:09:07.338+0000] GC(1557) Humongous regions: 0->0
[2025-08-01T01:09:07.338+0000] GC(1557) Metaspace: 10061K(10304K)->10061K(10304K) NonClass: 8835K(8960K)->8835K(8960K) Class: 1225K(1344K)->1225K(1344K)
[2025-08-01T01:09:07.338+0000] GC(1557) Pause Young (Normal) (G1 Preventive Collection) 3957M->3961M(4096M) 21.793ms
[2025-08-01T01:09:07.338+0000] GC(1557) User=0.16s Sys=0.01s Real=0.02s
[2025-08-01T01:09:07.344+0000] GC(1550) Concurrent Mark From Roots 403.563ms
[2025-08-01T01:09:07.344+0000] GC(1550) Concurrent Preclean
[2025-08-01T01:09:07.344+0000] GC(1550) Concurrent Preclean 0.518ms
[2025-08-01T01:09:07.345+0000] GC(1550) Pause Remark
[2025-08-01T01:09:07.347+0000] GC(1550) Pause Remark 4007M->2621M(4096M) 2.678ms
[2025-08-01T01:09:07.347+0000] GC(1550) User=0.01s Sys=0.00s Real=0.00s
[2025-08-01T01:09:07.347+0000] GC(1550) Concurrent Mark 407.565ms
[2025-08-01T01:09:07.348+0000] GC(1550) Concurrent Rebuild Remembered Sets
[2025-08-01T01:09:07.367+0000] GC(1558) Pause Young (Normal) (G1 Evacuation Pause)
[2025-08-01T01:09:07.367+0000] GC(1558) Using 8 workers of 8 for evacuation
[2025-08-01T01:09:07.401+0000] GC(1558)   Pre Evacuate Collection Set: 0.5ms
[2025-08-01T01:09:07.401+0000] GC(1558)   Merge Heap Roots: 0.2ms
[2025-08-01T01:09:07.401+0000] GC(1558)   Evacuate Collection Set: 32.8ms
[2025-08-01T01:09:07.401+0000] GC(1558)   Post Evacuate Collection Set: 0.7ms
[2025-08-01T01:09:07.401+0000] GC(1558)   Other: 0.2ms
[2025-08-01T01:09:07.401+0000] GC(1558) Eden regions: 89->0(147)
[2025-08-01T01:09:07.401+0000] GC(1558) Survivor regions: 13->13(13)
[2025-08-01T01:09:07.401+0000] GC(1558) Old regions: 1274->1366
[2025-08-01T01:09:07.401+0000] GC(1558) Archive regions: 2->2
[2025-08-01T01:09:07.401+0000] GC(1558) Humongous regions: 0->0
[2025-08-01T01:09:07.401+0000] GC(1558) Metaspace: 10061K(10304K)->10061K(10304K) NonClass: 8835K(8960K)->8835K(8960K) Class: 1225K(1344K)->1225K(1344K)
[2025-08-01T01:09:07.401+0000] GC(1558) Pause Young (Normal) (G1 Evacuation Pause) 2753M->2758M(4096M) 34.599ms
[2025-08-01T01:09:07.401+0000] GC(1558) User=0.25s Sys=0.01s Real=0.03s
[2025-08-01T01:09:07.432+0000] GC(1559) Pause Young (Normal) (G1 Evacuation Pause)
[2025-08-01T01:09:07.432+0000] GC(1559) Using 8 workers of 8 for evacuation
[2025-08-01T01:09:07.480+0000] GC(1559)   Pre Evacuate Collection Set: 0.3ms
[2025-08-01T01:09:07.480+0000] GC(1559)   Merge Heap Roots: 0.1ms
[2025-08-01T01:09:07.480+0000] GC(1559)   Evacuate Collection Set: 46.8ms
[2025-08-01T01:09:07.480+0000] GC(1559)   Post Evacuate Collection Set: 0.8ms
[2025-08-01T01:09:07.480+0000] GC(1559)   Other: 0.1ms
[2025-08-01T01:09:07.480+0000] GC(1559) Eden regions: 147->0(98)
[2025-08-01T01:09:07.480+0000] GC(1559) Survivor regions: 13->20(20)
[2025-08-01T01:09:07.480+0000] GC(1559) Old regions: 1366->1506
[2025-08-01T01:09:07.480+0000] GC(1559) Archive regions: 2->2
[2025-08-01T01:09:07.480+0000] GC(1559) Humongous regions: 0->0
[2025-08-01T01:09:07.480+0000] GC(1559) Metaspace: 10061K(10304K)->10061K(10304K) NonClass: 8835K(8960K)->8835K(8960K) Class: 1225K(1344K)->1225K(1344K)
[2025-08-01T01:09:07.480+0000] GC(1559) Pause Young (Normal) (G1 Evacuation Pause) 3052M->3053M(4096M) 48.305ms
[2025-08-01T01:09:07.480+0000] GC(1559) User=0.36s Sys=0.00s Real=0.05s
[2025-08-01T01:09:07.500+0000] GC(1560) Pause Young (Normal) (G1 Evacuation Pause)
[2025-08-01T01:09:07.500+0000] GC(1560) Using 8 workers of 8 for evacuation
[2025-08-01T01:09:07.535+0000] GC(1560)   Pre Evacuate Collection Set: 0.4ms
[2025-08-01T01:09:07.535+0000] GC(1560)   Merge Heap Roots: 0.2ms
[2025-08-01T01:09:07.535+0000] GC(1560)   Evacuate Collection Set: 33.5ms
[2025-08-01T01:09:07.535+0000] GC(1560)   Post Evacuate Collection Set: 0.9ms
[2025-08-01T01:09:07.535+0000] GC(1560)   Other: 0.2ms
[2025-08-01T01:09:07.535+0000] GC(1560) Eden regions: 98->0(87)
[2025-08-01T01:09:07.535+0000] GC(1560) Survivor regions: 20->15(15)
[2025-08-01T01:09:07.535+0000] GC(1560) Old regions: 1506->1605
[2025-08-01T01:09:07.535+0000] GC(1560) Archive regions: 2->2
[2025-08-01T01:09:07.535+0000] GC(1560) Humongous regions: 0->0
[2025-08-01T01:09:07.535+0000] GC(1560) Metaspace: 10061K(10304K)->10061K(10304K) NonClass: 8835K(8960K)->8835K(8960K) Class: 1225K(1344K)->1225K(1344K)
[2025-08-01T01:09:07.535+0000] GC(1560) Pause Young (Normal) (G1 Evacuation Pause) 3249M->3241M(4096M) 35.281ms
[2025-08-01T01:09:07.535+0000] GC(1560) User=0.26s Sys=0.01s Real=0.04s
[2025-08-01T01:09:07.557+0000] GC(1561) Pause Young (Normal) (G1 Evacuation Pause)
[2025-08-01T01:09:07.557+0000] GC(1561) Using 8 workers of 8 for evacuation
[2025-08-01T01:09:07.584+0000] GC(1561)   Pre Evacuate Collection Set: 0.3ms
[2025-08-01T01:09:07.584+0000] GC(1561)   Merge Heap Roots: 0.2ms
[2025-08-01T01:09:07.584+0000] GC(1561)   Evacuate Collection Set: 25.3ms
[2025-08-01T01:09:07.584+0000] GC(1561)   Post Evacuate Collection Set: 0.7ms
[2025-08-01T01:09:07.584+0000] GC(1561)   Other: 0.1ms
[2025-08-01T01:09:07.584+0000] GC(1561) Eden regions: 87->0(89)
[2025-08-01T01:09:07.584+0000] GC(1561) Survivor regions: 15->13(13)
[2025-08-01T01:09:07.584+0000] GC(1561) Old regions: 1605->1686
[2025-08-01T01:09:07.584+0000] GC(1561) Archive regions: 2->2
[2025-08-01T01:09:07.584+0000] GC(1561) Humongous regions: 0->0
[2025-08-01T01:09:07.584+0000] GC(1561) Metaspace: 10061K(10304K)->10061K(10304K) NonClass: 8835K(8960K)->8835K(8960K) Class: 1225K(1344K)->1225K(1344K)
[2025-08-01T01:09:07.584+0000] GC(1561) Pause Young (Normal) (G1 Evacuation Pause) 3415M->3398M(4096M) 26.784ms
[2025-08-01T01:09:07.584+0000] GC(1561) User=0.19s Sys=0.01s Real=0.03s
[2025-08-01T01:09:07.606+0000] GC(1562) Pause Young (Normal) (G1 Evacuation Pause)
[2025-08-01T01:09:07.606+0000] GC(1562) Using 8 workers of 8 for evacuation
[2025-08-01T01:09:07.636+0000] GC(1562)   Pre Evacuate Collection Set: 0.3ms
[2025-08-01T01:09:07.636+0000] GC(1562)   Merge Heap Roots: 0.2ms
[2025-08-01T01:09:07.636+0000] GC(1562)   Evacuate Collection Set: 27.7ms
[2025-08-01T01:09:07.636+0000] GC(1562)   Post Evacuate Collection Set: 0.9ms
[2025-08-01T01:09:07.636+0000] GC(1562)   Other: 0.2ms
[2025-08-01T01:09:07.636+0000] GC(1562) Eden regions: 89->0(89)
[2025-08-01T01:09:07.636+0000] GC(1562) Survivor regions: 13->13(13)
[2025-08-01T01:09:07.636+0000] GC(1562) Old regions: 1686->1776
[2025-08-01T01:09:07.636+0000] GC(1562) Archive regions: 2->2
[2025-08-01T01:09:07.636+0000] GC(1562) Humongous regions: 0->0
[2025-08-01T01:09:07.636+0000] GC(1562) Metaspace: 10061K(10304K)->10061K(10304K) NonClass: 8835K(8960K)->8835K(8960K) Class: 1225K(1344K)->1225K(1344K)
[2025-08-01T01:09:07.636+0000] GC(1562) Pause Young (Normal) (G1 Evacuation Pause) 3576M->3579M(4096M) 29.442ms
[2025-08-01T01:09:07.636+0000] GC(1562) User=0.22s Sys=0.00s Real=0.03s
[2025-08-01T01:09:07.657+0000] GC(1563) Pause Young (Normal) (G1 Evacuation Pause)
[2025-08-01T01:09:07.657+0000] GC(1563) Using 8 workers of 8 for evacuation
[2025-08-01T01:09:07.687+0000] GC(1563)   Pre Evacuate Collection Set: 0.3ms
[2025-08-01T01:09:07.687+0000] GC(1563)   Merge Heap Roots: 0.2ms
[2025-08-01T01:09:07.687+0000] GC(1563)   Evacuate Collection Set: 28.0ms
[2025-08-01T01:09:07.687+0000] GC(1563)   Post Evacuate Collection Set: 0.8ms
[2025-08-01T01:09:07.687+0000] GC(1563)   Other: 0.2ms
[2025-08-01T01:09:07.687+0000] GC(1563) Eden regions: 89->0(89)
[2025-08-01T01:09:07.687+0000] GC(1563) Survivor regions: 13->13(13)
[2025-08-01T01:09:07.687+0000] GC(1563) Old regions: 1776->1867
[2025-08-01T01:09:07.687+0000] GC(1563) Archive regions: 2->2
[2025-08-01T01:09:07.687+0000] GC(1563) Humongous regions: 0->0
[2025-08-01T01:09:07.687+0000] GC(1563) Metaspace: 10061K(10304K)->10061K(10304K) NonClass: 8835K(8960K)->8835K(8960K) Class: 1225K(1344K)->1225K(1344K)
[2025-08-01T01:09:07.687+0000] GC(1563) Pause Young (Normal) (G1 Evacuation Pause) 3757M->3760M(4096M) 29.610ms
[2025-08-01T01:09:07.687+0000] GC(1563) User=0.22s Sys=0.00s Real=0.03s
[2025-08-01T01:09:07.705+0000] GC(1564) Pause Young (Normal) (G1 Preventive Collection)
[2025-08-01T01:09:07.705+0000] GC(1564) Using 8 workers of 8 for evacuation
[2025-08-01T01:09:07.732+0000] GC(1564)   Pre Evacuate Collection Set: 0.3ms
[2025-08-01T01:09:07.732+0000] GC(1564)   Merge Heap Roots: 0.1ms
[2025-08-01T01:09:07.732+0000] GC(1564)   Evacuate Collection Set: 25.8ms
[2025-08-01T01:09:07.732+0000] GC(1564)   Post Evacuate Collection Set: 1.1ms
[2025-08-01T01:09:07.732+0000] GC(1564)   Other: 0.2ms
[2025-08-01T01:09:07.733+0000] GC(1564) Eden regions: 72->0(89)
[2025-08-01T01:09:07.733+0000] GC(1564) Survivor regions: 13->13(13)
[2025-08-01T01:09:07.733+0000] GC(1564) Old regions: 1867->1940
[2025-08-01T01:09:07.733+0000] GC(1564) Archive regions: 2->2
[2025-08-01T01:09:07.733+0000] GC(1564) Humongous regions: 0->0
[2025-08-01T01:09:07.733+0000] GC(1564) Metaspace: 10061K(10304K)->10061K(10304K) NonClass: 8835K(8960K)->8835K(8960K) Class: 1225K(1344K)->1225K(1344K)
[2025-08-01T01:09:07.733+0000] GC(1564) Pause Young (Normal) (G1 Preventive Collection) 3904M->3906M(4096M) 27.732ms
[2025-08-01T01:09:07.733+0000] GC(1564) User=0.20s Sys=0.01s Real=0.02s
[2025-08-01T01:09:07.742+0000] GC(1565) Pause Young (Normal) (G1 Preventive Collection)
[2025-08-01T01:09:07.743+0000] GC(1565) Using 8 workers of 8 for evacuation
[2025-08-01T01:09:07.761+0000] GC(1565)   Pre Evacuate Collection Set: 0.4ms
[2025-08-01T01:09:07.761+0000] GC(1565)   Merge Heap Roots: 0.3ms
[2025-08-01T01:09:07.761+0000] GC(1565)   Evacuate Collection Set: 17.1ms
[2025-08-01T01:09:07.761+0000] GC(1565)   Post Evacuate Collection Set: 0.9ms
[2025-08-01T01:09:07.762+0000] GC(1565)   Other: 0.2ms
[2025-08-01T01:09:07.762+0000] GC(1565) Eden regions: 37->0(89)
[2025-08-01T01:09:07.762+0000] GC(1565) Survivor regions: 13->13(13)
[2025-08-01T01:09:07.762+0000] GC(1565) Old regions: 1940->1978
[2025-08-01T01:09:07.762+0000] GC(1565) Archive regions: 2->2
[2025-08-01T01:09:07.762+0000] GC(1565) Humongous regions: 0->0
[2025-08-01T01:09:07.762+0000] GC(1565) Metaspace: 10061K(10304K)->10061K(10304K) NonClass: 8835K(8960K)->8835K(8960K) Class: 1225K(1344K)->1225K(1344K)
[2025-08-01T01:09:07.762+0000] GC(1565) Pause Young (Normal) (G1 Preventive Collection) 3980M->3983M(4096M) 19.137ms
[2025-08-01T01:09:07.762+0000] GC(1565) User=0.13s Sys=0.00s Real=0.02s
[2025-08-01T01:09:07.767+0000] GC(1566) Pause Young (Normal) (G1 Preventive Collection)
[2025-08-01T01:09:07.767+0000] GC(1566) Using 8 workers of 8 for evacuation
[2025-08-01T01:09:07.776+0000] GC(1566)   Pre Evacuate Collection Set: 0.4ms
[2025-08-01T01:09:07.776+0000] GC(1566)   Merge Heap Roots: 0.1ms
[2025-08-01T01:09:07.776+0000] GC(1566)   Evacuate Collection Set: 8.2ms
[2025-08-01T01:09:07.776+0000] GC(1566)   Post Evacuate Collection Set: 0.8ms
[2025-08-01T01:09:07.776+0000] GC(1566)   Other: 0.2ms
[2025-08-01T01:09:07.776+0000] GC(1566) Eden regions: 19->0(89)
[2025-08-01T01:09:07.776+0000] GC(1566) Survivor regions: 13->13(13)
[2025-08-01T01:09:07.776+0000] GC(1566) Old regions: 1978->1993
[2025-08-01T01:09:07.776+0000] GC(1566) Archive regions: 2->2
[2025-08-01T01:09:07.776+0000] GC(1566) Humongous regions: 0->0
[2025-08-01T01:09:07.776+0000] GC(1566) Metaspace: 10061K(10304K)->10061K(10304K) NonClass: 8835K(8960K)->8835K(8960K) Class: 1225K(1344K)->1225K(1344K)
[2025-08-01T01:09:07.776+0000] GC(1566) Pause Young (Normal) (G1 Preventive Collection) 4021M->4013M(4096M) 9.914ms
[2025-08-01T01:09:07.776+0000] GC(1566) User=0.06s Sys=0.00s Real=0.01s
[2025-08-01T01:09:07.780+0000] GC(1567) Pause Young (Normal) (G1 Preventive Collection)
[2025-08-01T01:09:07.780+0000] GC(1567) Using 8 workers of 8 for evacuation
[2025-08-01T01:09:07.788+0000] GC(1567)   Pre Evacuate Collection Set: 0.5ms
[2025-08-01T01:09:07.788+0000] GC(1567)   Merge Heap Roots: 0.1ms
[2025-08-01T01:09:07.788+0000] GC(1567)   Evacuate Collection Set: 7.2ms
[2025-08-01T01:09:07.788+0000] GC(1567)   Post Evacuate Collection Set: 0.6ms
[2025-08-01T01:09:07.788+0000] GC(1567)   Other: 0.2ms
[2025-08-01T01:09:07.788+0000] GC(1567) Eden regions: 12->0(90)
[2025-08-01T01:09:07.788+0000] GC(1567) Survivor regions: 13->12(13)
[2025-08-01T01:09:07.788+0000] GC(1567) Old regions: 1993->2009
[2025-08-01T01:09:07.788+0000] GC(1567) Archive regions: 2->2
[2025-08-01T01:09:07.788+0000] GC(1567) Humongous regions: 0->0
[2025-08-01T01:09:07.788+0000] GC(1567) Metaspace: 10061K(10304K)->10061K(10304K) NonClass: 8835K(8960K)->8835K(8960K) Class: 1225K(1344K)->1225K(1344K)
[2025-08-01T01:09:07.788+0000] GC(1567) Pause Young (Normal) (G1 Preventive Collection) 4037M->4043M(4096M) 8.707ms
[2025-08-01T01:09:07.788+0000] GC(1567) User=0.05s Sys=0.00s Real=0.01s
[2025-08-01T01:09:07.790+0000] GC(1568) Pause Young (Normal) (G1 Preventive Collection)
[2025-08-01T01:09:07.790+0000] GC(1568) Using 8 workers of 8 for evacuation
[2025-08-01T01:09:07.797+0000] GC(1568)   Pre Evacuate Collection Set: 0.4ms
[2025-08-01T01:09:07.797+0000] GC(1568)   Merge Heap Roots: 0.2ms
[2025-08-01T01:09:07.797+0000] GC(1568)   Evacuate Collection Set: 5.3ms
[2025-08-01T01:09:07.797+0000] GC(1568)   Post Evacuate Collection Set: 0.8ms
[2025-08-01T01:09:07.797+0000] GC(1568)   Other: 0.3ms
[2025-08-01T01:09:07.797+0000] GC(1568) Eden regions: 5->0(95)
[2025-08-01T01:09:07.797+0000] GC(1568) Survivor regions: 12->7(13)
[2025-08-01T01:09:07.797+0000] GC(1568) Old regions: 2009->2022
[2025-08-01T01:09:07.797+0000] GC(1568) Archive regions: 2->2
[2025-08-01T01:09:07.797+0000] GC(1568) Humongous regions: 0->0
[2025-08-01T01:09:07.797+0000] GC(1568) Metaspace: 10061K(10304K)->10061K(10304K) NonClass: 8835K(8960K)->8835K(8960K) Class: 1225K(1344K)->1225K(1344K)
[2025-08-01T01:09:07.797+0000] GC(1568) Pause Young (Normal) (G1 Preventive Collection) 4053M->4058M(4096M) 7.025ms
[2025-08-01T01:09:07.797+0000] GC(1568) User=0.04s Sys=0.00s Real=0.01s
[2025-08-01T01:09:07.798+0000] GC(1569) Pause Young (Normal) (G1 Preventive Collection)
[2025-08-01T01:09:07.798+0000] GC(1569) Using 8 workers of 8 for evacuation
[2025-08-01T01:09:07.803+0000] GC(1569)   Pre Evacuate Collection Set: 0.6ms
[2025-08-01T01:09:07.803+0000] GC(1569)   Merge Heap Roots: 0.2ms
[2025-08-01T01:09:07.803+0000] GC(1569)   Evacuate Collection Set: 3.1ms
[2025-08-01T01:09:07.803+0000] GC(1569)   Post Evacuate Collection Set: 0.8ms
[2025-08-01T01:09:07.803+0000] GC(1569)   Other: 0.2ms
[2025-08-01T01:09:07.803+0000] GC(1569) Eden regions: 4->0(92)
[2025-08-01T01:09:07.803+0000] GC(1569) Survivor regions: 7->10(13)
[2025-08-01T01:09:07.803+0000] GC(1569) Old regions: 2022->2022
[2025-08-01T01:09:07.803+0000] GC(1569) Archive regions: 2->2
[2025-08-01T01:09:07.803+0000] GC(1569) Humongous regions: 0->0
[2025-08-01T01:09:07.803+0000] GC(1569) Metaspace: 10061K(10304K)->10061K(10304K) NonClass: 8835K(8960K)->8835K(8960K) Class: 1225K(1344K)->1225K(1344K)
[2025-08-01T01:09:07.803+0000] GC(1569) Pause Young (Normal) (G1 Preventive Collection) 4066M->4065M(4096M) 5.007ms
[2025-08-01T01:09:07.803+0000] GC(1569) User=0.03s Sys=0.01s Real=0.01s
[2025-08-01T01:09:07.804+0000] GC(1570) Pause Young (Normal) (G1 Preventive Collection)
[2025-08-01T01:09:07.804+0000] GC(1570) Using 8 workers of 8 for evacuation
[2025-08-01T01:09:07.809+0000] GC(1570)   Pre Evacuate Collection Set: 0.5ms
[2025-08-01T01:09:07.809+0000] GC(1570)   Merge Heap Roots: 0.1ms
[2025-08-01T01:09:07.809+0000] GC(1570)   Evacuate Collection Set: 4.1ms
[2025-08-01T01:09:07.809+0000] GC(1570)   Post Evacuate Collection Set: 0.7ms
[2025-08-01T01:09:07.809+0000] GC(1570)   Other: 0.1ms
[2025-08-01T01:09:07.809+0000] GC(1570) Eden regions: 1->0(96)
[2025-08-01T01:09:07.809+0000] GC(1570) Survivor regions: 10->6(13)
[2025-08-01T01:09:07.809+0000] GC(1570) Old regions: 2022->2028
[2025-08-01T01:09:07.809+0000] GC(1570) Archive regions: 2->2
[2025-08-01T01:09:07.809+0000] GC(1570) Humongous regions: 0->0
[2025-08-01T01:09:07.809+0000] GC(1570) Metaspace: 10061K(10304K)->10061K(10304K) NonClass: 8835K(8960K)->8835K(8960K) Class: 1225K(1344K)->1225K(1344K)
[2025-08-01T01:09:07.809+0000] GC(1570) Pause Young (Normal) (G1 Preventive Collection) 4067M->4067M(4096M) 5.726ms
[2025-08-01T01:09:07.809+0000] GC(1570) User=0.03s Sys=0.00s Real=0.00s
[2025-08-01T01:09:07.810+0000] GC(1571) Pause Young (Normal) (G1 Preventive Collection)
[2025-08-01T01:09:07.810+0000] GC(1571) Using 8 workers of 8 for evacuation
[2025-08-01T01:09:07.814+0000] GC(1571)   Pre Evacuate Collection Set: 0.3ms
[2025-08-01T01:09:07.814+0000] GC(1571)   Merge Heap Roots: 0.2ms
[2025-08-01T01:09:07.814+0000] GC(1571)   Evacuate Collection Set: 3.0ms
[2025-08-01T01:09:07.814+0000] GC(1571)   Post Evacuate Collection Set: 0.6ms
[2025-08-01T01:09:07.814+0000] GC(1571)   Other: 0.1ms
[2025-08-01T01:09:07.814+0000] GC(1571) Eden regions: 2->0(94)
[2025-08-01T01:09:07.814+0000] GC(1571) Survivor regions: 6->8(10)
[2025-08-01T01:09:07.814+0000] GC(1571) Old regions: 2028->2028
[2025-08-01T01:09:07.814+0000] GC(1571) Archive regions: 2->2
[2025-08-01T01:09:07.814+0000] GC(1571) Humongous regions: 0->0
[2025-08-01T01:09:07.814+0000] GC(1571) Metaspace: 10061K(10304K)->10061K(10304K) NonClass: 8835K(8960K)->8835K(8960K) Class: 1225K(1344K)->1225K(1344K)
[2025-08-01T01:09:07.815+0000] GC(1571) Pause Young (Normal) (G1 Preventive Collection) 4071M->4071M(4096M) 4.363ms
[2025-08-01T01:09:07.815+0000] GC(1571) User=0.02s Sys=0.00s Real=0.01s
[2025-08-01T01:09:07.816+0000] GC(1572) Pause Young (Normal) (G1 Preventive Collection)
[2025-08-01T01:09:07.816+0000] GC(1572) Using 8 workers of 8 for evacuation
[2025-08-01T01:09:07.821+0000] GC(1572)   Pre Evacuate Collection Set: 0.4ms
[2025-08-01T01:09:07.821+0000] GC(1572)   Merge Heap Roots: 0.2ms
[2025-08-01T01:09:07.821+0000] GC(1572)   Evacuate Collection Set: 3.5ms
[2025-08-01T01:09:07.821+0000] GC(1572)   Post Evacuate Collection Set: 0.7ms
[2025-08-01T01:09:07.821+0000] GC(1572)   Other: 0.1ms
[2025-08-01T01:09:07.821+0000] GC(1572) Eden regions: 1->0(97)
[2025-08-01T01:09:07.821+0000] GC(1572) Survivor regions: 8->5(9)
[2025-08-01T01:09:07.821+0000] GC(1572) Old regions: 2028->2032
[2025-08-01T01:09:07.821+0000] GC(1572) Archive regions: 2->2
[2025-08-01T01:09:07.821+0000] GC(1572) Humongous regions: 0->0
[2025-08-01T01:09:07.821+0000] GC(1572) Metaspace: 10061K(10304K)->10061K(10304K) NonClass: 8835K(8960K)->8835K(8960K) Class: 1225K(1344K)->1225K(1344K)
[2025-08-01T01:09:07.821+0000] GC(1572) Pause Young (Normal) (G1 Preventive Collection) 4073M->4074M(4096M) 5.001ms
[2025-08-01T01:09:07.821+0000] GC(1572) User=0.02s Sys=0.01s Real=0.00s
[2025-08-01T01:09:07.822+0000] GC(1573) Pause Young (Normal) (G1 Preventive Collection)
[2025-08-01T01:09:07.822+0000] GC(1573) Using 8 workers of 8 for evacuation
[2025-08-01T01:09:07.825+0000] GC(1573)   Pre Evacuate Collection Set: 0.6ms
[2025-08-01T01:09:07.825+0000] GC(1573)   Merge Heap Roots: 0.2ms
[2025-08-01T01:09:07.825+0000] GC(1573)   Evacuate Collection Set: 1.9ms
[2025-08-01T01:09:07.825+0000] GC(1573)   Post Evacuate Collection Set: 0.7ms
[2025-08-01T01:09:07.825+0000] GC(1573)   Other: 0.1ms
[2025-08-01T01:09:07.825+0000] GC(1573) Eden regions: 1->0(96)
[2025-08-01T01:09:07.825+0000] GC(1573) Survivor regions: 5->6(8)
[2025-08-01T01:09:07.825+0000] GC(1573) Old regions: 2032->2032
[2025-08-01T01:09:07.825+0000] GC(1573) Archive regions: 2->2
[2025-08-01T01:09:07.825+0000] GC(1573) Humongous regions: 0->0
[2025-08-01T01:09:07.825+0000] GC(1573) Metaspace: 10061K(10304K)->10061K(10304K) NonClass: 8835K(8960K)->8835K(8960K) Class: 1225K(1344K)->1225K(1344K)
[2025-08-01T01:09:07.825+0000] GC(1573) Pause Young (Normal) (G1 Preventive Collection) 4076M->4075M(4096M) 3.644ms
[2025-08-01T01:09:07.825+0000] GC(1573) User=0.01s Sys=0.00s Real=0.01s
[2025-08-01T01:09:07.826+0000] GC(1574) Pause Young (Normal) (G1 Preventive Collection)
[2025-08-01T01:09:07.826+0000] GC(1574) Using 8 workers of 8 for evacuation
[2025-08-01T01:09:07.830+0000] GC(1574)   Pre Evacuate Collection Set: 0.6ms
[2025-08-01T01:09:07.830+0000] GC(1574)   Merge Heap Roots: 0.4ms
[2025-08-01T01:09:07.830+0000] GC(1574)   Evacuate Collection Set: 2.2ms
[2025-08-01T01:09:07.830+0000] GC(1574)   Post Evacuate Collection Set: 0.7ms
[2025-08-01T01:09:07.830+0000] GC(1574)   Other: 0.1ms
[2025-08-01T01:09:07.830+0000] GC(1574) Eden regions: 1->0(95)
[2025-08-01T01:09:07.830+0000] GC(1574) Survivor regions: 6->7(7)
[2025-08-01T01:09:07.830+0000] GC(1574) Old regions: 2032->2032
[2025-08-01T01:09:07.830+0000] GC(1574) Archive regions: 2->2
[2025-08-01T01:09:07.830+0000] GC(1574) Humongous regions: 0->0
[2025-08-01T01:09:07.830+0000] GC(1574) Metaspace: 10061K(10304K)->10061K(10304K) NonClass: 8835K(8960K)->8835K(8960K) Class: 1225K(1344K)->1225K(1344K)
[2025-08-01T01:09:07.830+0000] GC(1574) Pause Young (Normal) (G1 Preventive Collection) 4077M->4077M(4096M) 4.199ms
[2025-08-01T01:09:07.830+0000] GC(1574) User=0.02s Sys=0.01s Real=0.00s
[2025-08-01T01:09:07.831+0000] GC(1575) Pause Young (Normal) (G1 Preventive Collection)
[2025-08-01T01:09:07.831+0000] GC(1575) Using 8 workers of 8 for evacuation
[2025-08-01T01:09:07.835+0000] GC(1575) To-space exhausted
[2025-08-01T01:09:07.835+0000] GC(1575)   Pre Evacuate Collection Set: 0.4ms
[2025-08-01T01:09:07.835+0000] GC(1575)   Merge Heap Roots: 0.1ms
[2025-08-01T01:09:07.835+0000] GC(1575)   Evacuate Collection Set: 2.4ms
[2025-08-01T01:09:07.835+0000] GC(1575)   Post Evacuate Collection Set: 1.0ms
[2025-08-01T01:09:07.835+0000] GC(1575)   Other: 0.3ms
[2025-08-01T01:09:07.835+0000] GC(1575) Eden regions: 1->0(96)
[2025-08-01T01:09:07.835+0000] GC(1575) Survivor regions: 7->6(6)
[2025-08-01T01:09:07.835+0000] GC(1575) Old regions: 2032->2035
[2025-08-01T01:09:07.835+0000] GC(1575) Archive regions: 2->2
[2025-08-01T01:09:07.835+0000] GC(1575) Humongous regions: 0->0
[2025-08-01T01:09:07.835+0000] GC(1575) Metaspace: 10061K(10304K)->10061K(10304K) NonClass: 8835K(8960K)->8835K(8960K) Class: 1225K(1344K)->1225K(1344K)
[2025-08-01T01:09:07.835+0000] GC(1575) Pause Young (Normal) (G1 Preventive Collection) 4079M->4083M(4096M) 4.303ms
[2025-08-01T01:09:07.835+0000] GC(1575) User=0.02s Sys=0.00s Real=0.01s
[2025-08-01T01:09:07.836+0000] GC(1576) Pause Young (Normal) (G1 Preventive Collection)
[2025-08-01T01:09:07.836+0000] GC(1576) Using 8 workers of 8 for evacuation
[2025-08-01T01:09:07.839+0000] GC(1576) To-space exhausted
[2025-08-01T01:09:07.839+0000] GC(1576)   Pre Evacuate Collection Set: 0.6ms
[2025-08-01T01:09:07.839+0000] GC(1576)   Merge Heap Roots: 0.2ms
[2025-08-01T01:09:07.839+0000] GC(1576)   Evacuate Collection Set: 1.9ms
[2025-08-01T01:09:07.839+0000] GC(1576)   Post Evacuate Collection Set: 0.7ms
[2025-08-01T01:09:07.839+0000] GC(1576)   Other: 0.1ms
[2025-08-01T01:09:07.839+0000] GC(1576) Eden regions: 1->0(98)
[2025-08-01T01:09:07.839+0000] GC(1576) Survivor regions: 6->4(4)
[2025-08-01T01:09:07.839+0000] GC(1576) Old regions: 2035->2041
[2025-08-01T01:09:07.839+0000] GC(1576) Archive regions: 2->2
[2025-08-01T01:09:07.839+0000] GC(1576) Humongous regions: 0->0
[2025-08-01T01:09:07.839+0000] GC(1576) Metaspace: 10061K(10304K)->10061K(10304K) NonClass: 8835K(8960K)->8835K(8960K) Class: 1225K(1344K)->1225K(1344K)
[2025-08-01T01:09:07.839+0000] GC(1576) Pause Young (Normal) (G1 Preventive Collection) 4085M->4091M(4096M) 3.715ms
[2025-08-01T01:09:07.840+0000] GC(1576) User=0.01s Sys=0.00s Real=0.00s
[2025-08-01T01:09:07.840+0000] GC(1577) Pause Young (Normal) (G1 Evacuation Pause)
[2025-08-01T01:09:07.840+0000] GC(1577) Using 8 workers of 8 for evacuation
[2025-08-01T01:09:07.844+0000] GC(1577) To-space exhausted
[2025-08-01T01:09:07.844+0000] GC(1577)   Pre Evacuate Collection Set: 0.5ms
[2025-08-01T01:09:07.844+0000] GC(1577)   Merge Heap Roots: 0.4ms
[2025-08-01T01:09:07.844+0000] GC(1577)   Evacuate Collection Set: 1.6ms
[2025-08-01T01:09:07.844+0000] GC(1577)   Post Evacuate Collection Set: 1.2ms
[2025-08-01T01:09:07.844+0000] GC(1577)   Other: 0.2ms
[2025-08-01T01:09:07.844+0000] GC(1577) Eden regions: 1->0(102)
[2025-08-01T01:09:07.844+0000] GC(1577) Survivor regions: 4->0(0)
[2025-08-01T01:09:07.844+0000] GC(1577) Old regions: 2041->2046
[2025-08-01T01:09:07.844+0000] GC(1577) Archive regions: 2->2
[2025-08-01T01:09:07.844+0000] GC(1577) Humongous regions: 0->0
[2025-08-01T01:09:07.844+0000] GC(1577) Metaspace: 10061K(10304K)->10061K(10304K) NonClass: 8835K(8960K)->8835K(8960K) Class: 1225K(1344K)->1225K(1344K)
[2025-08-01T01:09:07.844+0000] GC(1577) Pause Young (Normal) (G1 Evacuation Pause) 4093M->4093M(4096M) 4.006ms
[2025-08-01T01:09:07.844+0000] GC(1577) User=0.02s Sys=0.00s Real=0.01s
[2025-08-01T01:09:07.844+0000] Attempting full compaction
[2025-08-01T01:09:07.844+0000] GC(1578) Pause Full (G1 Compaction Pause)
[2025-08-01T01:09:07.844+0000] GC(1578) Using 8 workers of 8 for full compaction
[2025-08-01T01:09:07.850+0000] GC(1578) Phase 1: Mark live objects
[2025-08-01T01:09:07.907+0000] GC(1578) Phase 1: Mark live objects 56.370ms
[2025-08-01T01:09:07.907+0000] GC(1578) Phase 2: Prepare for compaction
[2025-08-01T01:09:07.928+0000] GC(1578) Phase 2: Prepare for compaction 21.032ms
[2025-08-01T01:09:07.928+0000] GC(1578) Phase 3: Adjust pointers
[2025-08-01T01:09:07.964+0000] GC(1578) Phase 3: Adjust pointers 35.763ms
[2025-08-01T01:09:07.964+0000] GC(1578) Phase 4: Compact heap
[2025-08-01T01:09:08.018+0000] GC(1578) Phase 4: Compact heap 54.138ms
[2025-08-01T01:09:08.024+0000] GC(1578) Eden regions: 0->0(461)
[2025-08-01T01:09:08.024+0000] GC(1578) Survivor regions: 0->0(0)
[2025-08-01T01:09:08.024+0000] GC(1578) Old regions: 2046->436
[2025-08-01T01:09:08.024+0000] GC(1578) Archive regions: 2->2
[2025-08-01T01:09:08.024+0000] GC(1578) Humongous regions: 0->0
[2025-08-01T01:09:08.024+0000] GC(1578) Metaspace: 10061K(10304K)->10061K(10304K) NonClass: 8835K(8960K)->8835K(8960K) Class: 1225K(1344K)->1225K(1344K)
[2025-08-01T01:09:08.024+0000] GC(1578) Pause Full (G1 Compaction Pause) 4093M->865M(4096M) 180.211ms
[2025-08-01T01:09:08.024+0000] GC(1578) User=1.29s Sys=0.03s Real=0.18s
[2025-08-01T01:09:08.025+0000] GC(1550) Concurrent Rebuild Remembered Sets 677.026ms
[2025-08-01T01:09:08.025+0000] GC(1550) Concurrent Mark Abort
[2025-08-01T01:09:08.025+0000] GC(1550) Concurrent Mark Cycle 1128.708ms
[2025-08-01T01:09:08.200+0000] GC(1579) Pause Young (Normal) (G1 Evacuation Pause)
[2025-08-01T01:09:08.200+0000] GC(1579) Using 8 workers of 8 for evacuation
[2025-08-01T01:09:08.747+0000] GC(1579) MMU target violated: 201.0ms (200.0ms/201.0ms)
[2025-08-01T01:09:08.747+0000] GC(1579)   Pre Evacuate Collection Set: 0.9ms
[2025-08-01T01:09:08.747+0000] GC(1579)   Merge Heap Roots: 0.3ms
[2025-08-01T01:09:08.747+0000] GC(1579)   Evacuate Collection Set: 545.2ms
[2025-08-01T01:09:08.747+0000] GC(1579)   Post Evacuate Collection Set: 1.1ms
[2025-08-01T01:09:08.747+0000] GC(1579)   Other: 0.3ms
[2025-08-01T01:09:08.747+0000] GC(1579) Eden regions: 461->0(194)
[2025-08-01T01:09:08.747+0000] GC(1579) Survivor regions: 0->58(58)
[2025-08-01T01:09:08.747+0000] GC(1579) Old regions: 436->706
[2025-08-01T01:09:08.747+0000] GC(1579) Archive regions: 2->2
[2025-08-01T01:09:08.747+0000] GC(1579) Humongous regions: 0->0
[2025-08-01T01:09:08.747+0000] GC(1579) Metaspace: 10061K(10304K)->10061K(10304K) NonClass: 8835K(8960K)->8835K(8960K) Class: 1225K(1344K)->1225K(1344K)
[2025-08-01T01:09:08.747+0000] GC(1579) Pause Young (Normal) (G1 Evacuation Pause) 1787M->1521M(4096M) 547.886ms
[2025-08-01T01:09:08.747+0000] GC(1579) User=2.02s Sys=0.89s Real=0.55s
[2025-08-01T01:09:08.826+0000] GC(1580) Pause Young (Concurrent Start) (G1 Evacuation Pause)
[2025-08-01T01:09:08.827+0000] GC(1580) Using 8 workers of 8 for evacuation
[2025-08-01T01:09:08.926+0000] GC(1580)   Pre Evacuate Collection Set: 0.6ms
[2025-08-01T01:09:08.926+0000] GC(1580)   Merge Heap Roots: 0.2ms
[2025-08-01T01:09:08.926+0000] GC(1580)   Evacuate Collection Set: 97.7ms
[2025-08-01T01:09:08.926+0000] GC(1580)   Post Evacuate Collection Set: 1.0ms
[2025-08-01T01:09:08.926+0000] GC(1580)   Other: 0.3ms
[2025-08-01T01:09:08.926+0000] GC(1580) Eden regions: 194->0(287)
[2025-08-01T01:09:08.926+0000] GC(1580) Survivor regions: 58->32(32)
[2025-08-01T01:09:08.926+0000] GC(1580) Old regions: 706->905
[2025-08-01T01:09:08.926+0000] GC(1580) Archive regions: 2->2
[2025-08-01T01:09:08.926+0000] GC(1580) Humongous regions: 0->0
[2025-08-01T01:09:08.926+0000] GC(1580) Metaspace: 10061K(10304K)->10061K(10304K) NonClass: 8835K(8960K)->8835K(8960K) Class: 1225K(1344K)->1225K(1344K)
[2025-08-01T01:09:08.926+0000] GC(1580) Pause Young (Concurrent Start) (G1 Evacuation Pause) 1909M->1866M(4096M) 99.951ms
[2025-08-01T01:09:08.926+0000] GC(1580) User=0.73s Sys=0.04s Real=0.10s
[2025-08-01T01:09:08.927+0000] GC(1581) Concurrent Mark Cycle
[2025-08-01T01:09:08.927+0000] GC(1581) Concurrent Clear Claimed Marks
[2025-08-01T01:09:08.927+0000] GC(1581) Concurrent Clear Claimed Marks 0.025ms
[2025-08-01T01:09:08.927+0000] GC(1581) Concurrent Scan Root Regions
[2025-08-01T01:09:08.971+0000] GC(1581) Concurrent Scan Root Regions 44.637ms
[2025-08-01T01:09:08.971+0000] GC(1581) Concurrent Mark
[2025-08-01T01:09:08.971+0000] GC(1581) Concurrent Mark From Roots
[2025-08-01T01:09:08.971+0000] GC(1581) Using 2 workers of 2 for marking
[2025-08-01T01:09:09.056+0000] GC(1581) Concurrent Mark From Roots 84.904ms
[2025-08-01T01:09:09.056+0000] GC(1581) Concurrent Preclean
[2025-08-01T01:09:09.057+0000] GC(1581) Concurrent Preclean 0.305ms
[2025-08-01T01:09:09.057+0000] GC(1581) Pause Remark
[2025-08-01T01:09:09.059+0000] GC(1581) Pause Remark 2346M->1598M(4096M) 2.514ms
[2025-08-01T01:09:09.059+0000] GC(1581) User=0.00s Sys=0.00s Real=0.00s
[2025-08-01T01:09:09.060+0000] GC(1581) Concurrent Mark 88.224ms
[2025-08-01T01:09:09.060+0000] GC(1581) Concurrent Rebuild Remembered Sets
[2025-08-01T01:09:09.075+0000] GC(1582) Pause Young (Normal) (G1 Evacuation Pause)
[2025-08-01T01:09:09.075+0000] GC(1582) Using 8 workers of 8 for evacuation
[2025-08-01T01:09:09.153+0000] GC(1582)   Pre Evacuate Collection Set: 0.5ms
[2025-08-01T01:09:09.153+0000] GC(1582)   Merge Heap Roots: 0.3ms
[2025-08-01T01:09:09.153+0000] GC(1582)   Evacuate Collection Set: 75.8ms
[2025-08-01T01:09:09.153+0000] GC(1582)   Post Evacuate Collection Set: 0.9ms
[2025-08-01T01:09:09.153+0000] GC(1582)   Other: 0.3ms
[2025-08-01T01:09:09.153+0000] GC(1582) Eden regions: 287->0(343)
[2025-08-01T01:09:09.153+0000] GC(1582) Survivor regions: 32->40(40)
[2025-08-01T01:09:09.153+0000] GC(1582) Old regions: 528->745
[2025-08-01T01:09:09.153+0000] GC(1582) Archive regions: 2->2
[2025-08-01T01:09:09.153+0000] GC(1582) Humongous regions: 0->0
[2025-08-01T01:09:09.153+0000] GC(1582) Metaspace: 10061K(10304K)->10061K(10304K) NonClass: 8835K(8960K)->8835K(8960K) Class: 1225K(1344K)->1225K(1344K)
[2025-08-01T01:09:09.153+0000] GC(1582) Pause Young (Normal) (G1 Evacuation Pause) 1692M->1568M(4096M) 78.067ms
[2025-08-01T01:09:09.153+0000] GC(1582) User=0.55s Sys=0.01s Real=0.07s
[2025-08-01T01:09:09.255+0000] GC(1581) Concurrent Rebuild Remembered Sets 195.776ms
[2025-08-01T01:09:09.256+0000] GC(1581) Pause Cleanup
[2025-08-01T01:09:09.257+0000] GC(1581) Pause Cleanup 2188M->2188M(4096M) 1.038ms
[2025-08-01T01:09:09.257+0000] GC(1581) User=0.00s Sys=0.00s Real=0.00s
[2025-08-01T01:09:09.257+0000] GC(1581) Concurrent Cleanup for Next Mark
[2025-08-01T01:09:09.265+0000] GC(1581) Concurrent Cleanup for Next Mark 7.597ms
[2025-08-01T01:09:09.265+0000] GC(1581) Concurrent Mark Cycle 338.139ms
[2025-08-01T01:09:09.308+0000] GC(1583) Pause Young (Prepare Mixed) (G1 Evacuation Pause)
[2025-08-01T01:09:09.308+0000] GC(1583) Using 8 workers of 8 for evacuation
[2025-08-01T01:09:09.448+0000] GC(1583)   Pre Evacuate Collection Set: 0.5ms
[2025-08-01T01:09:09.448+0000] GC(1583)   Merge Heap Roots: 0.4ms
[2025-08-01T01:09:09.449+0000] GC(1583)   Evacuate Collection Set: 137.5ms
[2025-08-01T01:09:09.449+0000] GC(1583)   Post Evacuate Collection Set: 1.7ms
[2025-08-01T01:09:09.449+0000] GC(1583)   Other: 0.2ms
[2025-08-01T01:09:09.449+0000] GC(1583) Eden regions: 343->0(54)
[2025-08-01T01:09:09.449+0000] GC(1583) Survivor regions: 40->48(48)
[2025-08-01T01:09:09.449+0000] GC(1583) Old regions: 745->940
[2025-08-01T01:09:09.449+0000] GC(1583) Archive regions: 2->2
[2025-08-01T01:09:09.449+0000] GC(1583) Humongous regions: 0->0
[2025-08-01T01:09:09.449+0000] GC(1583) Metaspace: 10061K(10304K)->10061K(10304K) NonClass: 8835K(8960K)->8835K(8960K) Class: 1225K(1344K)->1225K(1344K)
[2025-08-01T01:09:09.449+0000] GC(1583) Pause Young (Prepare Mixed) (G1 Evacuation Pause) 2254M->1974M(4096M) 140.804ms
[2025-08-01T01:09:09.449+0000] GC(1583) User=0.91s Sys=0.08s Real=0.14s
[2025-08-01T01:09:09.465+0000] GC(1584) Pause Young (Mixed) (G1 Evacuation Pause)
[2025-08-01T01:09:09.466+0000] GC(1584) Using 8 workers of 8 for evacuation
[2025-08-01T01:09:09.513+0000] GC(1584)   Pre Evacuate Collection Set: 1.1ms
[2025-08-01T01:09:09.513+0000] GC(1584)   Merge Heap Roots: 0.4ms
[2025-08-01T01:09:09.513+0000] GC(1584)   Evacuate Collection Set: 44.9ms
[2025-08-01T01:09:09.513+0000] GC(1584)   Post Evacuate Collection Set: 0.9ms
[2025-08-01T01:09:09.513+0000] GC(1584)   Other: 0.3ms
[2025-08-01T01:09:09.513+0000] GC(1584) Eden regions: 54->0(271)
[2025-08-01T01:09:09.513+0000] GC(1584) Survivor regions: 48->13(13)
[2025-08-01T01:09:09.513+0000] GC(1584) Old regions: 940->981
[2025-08-01T01:09:09.513+0000] GC(1584) Archive regions: 2->2
[2025-08-01T01:09:09.513+0000] GC(1584) Humongous regions: 0->0
[2025-08-01T01:09:09.513+0000] GC(1584) Metaspace: 10061K(10304K)->10061K(10304K) NonClass: 8835K(8960K)->8835K(8960K) Class: 1225K(1344K)->1225K(1344K)
[2025-08-01T01:09:09.513+0000] GC(1584) Pause Young (Mixed) (G1 Evacuation Pause) 2082M->1989M(4096M) 47.845ms
[2025-08-01T01:09:09.513+0000] GC(1584) User=0.35s Sys=0.01s Real=0.05s
[2025-08-01T01:09:09.607+0000] GC(1585) Pause Young (Concurrent Start) (G1 Evacuation Pause)
[2025-08-01T01:09:09.607+0000] GC(1585) Using 8 workers of 8 for evacuation
[2025-08-01T01:09:09.694+0000] GC(1585)   Pre Evacuate Collection Set: 1.5ms
[2025-08-01T01:09:09.694+0000] GC(1585)   Merge Heap Roots: 0.3ms
[2025-08-01T01:09:09.694+0000] GC(1585)   Evacuate Collection Set: 83.7ms
[2025-08-01T01:09:09.694+0000] GC(1585)   Post Evacuate Collection Set: 1.0ms
[2025-08-01T01:09:09.694+0000] GC(1585)   Other: 0.4ms
[2025-08-01T01:09:09.694+0000] GC(1585) Eden regions: 271->0(188)
[2025-08-01T01:09:09.694+0000] GC(1585) Survivor regions: 13->36(36)
[2025-08-01T01:09:09.694+0000] GC(1585) Old regions: 981->1210
[2025-08-01T01:09:09.694+0000] GC(1585) Archive regions: 2->2
[2025-08-01T01:09:09.694+0000] GC(1585) Humongous regions: 0->0
[2025-08-01T01:09:09.694+0000] GC(1585) Metaspace: 10061K(10304K)->10061K(10304K) NonClass: 8835K(8960K)->8835K(8960K) Class: 1225K(1344K)->1225K(1344K)
[2025-08-01T01:09:09.694+0000] GC(1585) Pause Young (Concurrent Start) (G1 Evacuation Pause) 2531M->2493M(4096M) 87.115ms
[2025-08-01T01:09:09.694+0000] GC(1585) User=0.64s Sys=0.03s Real=0.09s
[2025-08-01T01:09:09.695+0000] GC(1586) Concurrent Mark Cycle
[2025-08-01T01:09:09.695+0000] GC(1586) Concurrent Clear Claimed Marks
[2025-08-01T01:09:09.695+0000] GC(1586) Concurrent Clear Claimed Marks 0.025ms
[2025-08-01T01:09:09.695+0000] GC(1586) Concurrent Scan Root Regions
[2025-08-01T01:09:09.743+0000] GC(1586) Concurrent Scan Root Regions 48.820ms
[2025-08-01T01:09:09.743+0000] GC(1586) Concurrent Mark
[2025-08-01T01:09:09.743+0000] GC(1586) Concurrent Mark From Roots
[2025-08-01T01:09:09.744+0000] GC(1586) Using 2 workers of 2 for marking
[2025-08-01T01:09:09.771+0000] GC(1587) Pause Young (Normal) (G1 Evacuation Pause)
[2025-08-01T01:09:09.771+0000] GC(1587) Using 8 workers of 8 for evacuation
[2025-08-01T01:09:09.851+0000] GC(1587)   Pre Evacuate Collection Set: 0.4ms
[2025-08-01T01:09:09.851+0000] GC(1587)   Merge Heap Roots: 0.2ms
[2025-08-01T01:09:09.851+0000] GC(1587)   Evacuate Collection Set: 78.3ms
[2025-08-01T01:09:09.851+0000] GC(1587)   Post Evacuate Collection Set: 0.8ms
[2025-08-01T01:09:09.851+0000] GC(1587)   Other: 0.3ms
[2025-08-01T01:09:09.851+0000] GC(1587) Eden regions: 188->0(126)
[2025-08-01T01:09:09.851+0000] GC(1587) Survivor regions: 36->28(28)
[2025-08-01T01:09:09.851+0000] GC(1587) Old regions: 1210->1408
[2025-08-01T01:09:09.851+0000] GC(1587) Archive regions: 2->2
[2025-08-01T01:09:09.851+0000] GC(1587) Humongous regions: 0->0
[2025-08-01T01:09:09.851+0000] GC(1587) Metaspace: 10061K(10304K)->10061K(10304K) NonClass: 8835K(8960K)->8835K(8960K) Class: 1225K(1344K)->1225K(1344K)
[2025-08-01T01:09:09.851+0000] GC(1587) Pause Young (Normal) (G1 Evacuation Pause) 2869M->2872M(4096M) 80.292ms
[2025-08-01T01:09:09.851+0000] GC(1587) User=0.58s Sys=0.03s Real=0.08s
[2025-08-01T01:09:09.876+0000] GC(1588) Pause Young (Normal) (G1 Evacuation Pause)
[2025-08-01T01:09:09.876+0000] GC(1588) Using 8 workers of 8 for evacuation
[2025-08-01T01:09:09.914+0000] GC(1588)   Pre Evacuate Collection Set: 0.7ms
[2025-08-01T01:09:09.915+0000] GC(1588)   Merge Heap Roots: 0.2ms
[2025-08-01T01:09:09.915+0000] GC(1588)   Evacuate Collection Set: 36.3ms
[2025-08-01T01:09:09.915+0000] GC(1588)   Post Evacuate Collection Set: 0.8ms
[2025-08-01T01:09:09.915+0000] GC(1588)   Other: 0.2ms
[2025-08-01T01:09:09.915+0000] GC(1588) Eden regions: 126->0(94)
[2025-08-01T01:09:09.915+0000] GC(1588) Survivor regions: 28->20(20)
[2025-08-01T01:09:09.915+0000] GC(1588) Old regions: 1408->1519
[2025-08-01T01:09:09.915+0000] GC(1588) Archive regions: 2->2
[2025-08-01T01:09:09.915+0000] GC(1588) Humongous regions: 0->0
[2025-08-01T01:09:09.915+0000] GC(1588) Metaspace: 10061K(10304K)->10061K(10304K) NonClass: 8835K(8960K)->8835K(8960K) Class: 1225K(1344K)->1225K(1344K)
[2025-08-01T01:09:09.915+0000] GC(1588) Pause Young (Normal) (G1 Evacuation Pause) 3124M->3078M(4096M) 38.461ms
[2025-08-01T01:09:09.915+0000] GC(1588) User=0.28s Sys=0.00s Real=0.04s
[2025-08-01T01:09:09.942+0000] GC(1586) Concurrent Mark From Roots 198.488ms
[2025-08-01T01:09:09.942+0000] GC(1586) Concurrent Preclean
[2025-08-01T01:09:09.942+0000] GC(1586) Concurrent Preclean 0.332ms
[2025-08-01T01:09:09.942+0000] GC(1589) Pause Young (Normal) (G1 Evacuation Pause)
[2025-08-01T01:09:09.943+0000] GC(1589) Using 8 workers of 8 for evacuation
[2025-08-01T01:09:09.978+0000] GC(1589)   Pre Evacuate Collection Set: 0.6ms
[2025-08-01T01:09:09.978+0000] GC(1589)   Merge Heap Roots: 0.1ms
[2025-08-01T01:09:09.978+0000] GC(1589)   Evacuate Collection Set: 34.2ms
[2025-08-01T01:09:09.978+0000] GC(1589)   Post Evacuate Collection Set: 0.7ms
[2025-08-01T01:09:09.978+0000] GC(1589)   Other: 0.2ms
[2025-08-01T01:09:09.978+0000] GC(1589) Eden regions: 94->0(87)
[2025-08-01T01:09:09.978+0000] GC(1589) Survivor regions: 20->15(15)
[2025-08-01T01:09:09.978+0000] GC(1589) Old regions: 1519->1610
[2025-08-01T01:09:09.978+0000] GC(1589) Archive regions: 2->2
[2025-08-01T01:09:09.978+0000] GC(1589) Humongous regions: 0->0
[2025-08-01T01:09:09.978+0000] GC(1589) Metaspace: 10061K(10304K)->10061K(10304K) NonClass: 8835K(8960K)->8835K(8960K) Class: 1225K(1344K)->1225K(1344K)
[2025-08-01T01:09:09.978+0000] GC(1589) Pause Young (Normal) (G1 Evacuation Pause) 3266M->3250M(4096M) 35.939ms
[2025-08-01T01:09:09.978+0000] GC(1589) User=0.26s Sys=0.00s Real=0.04s
[2025-08-01T01:09:09.979+0000] GC(1586) Pause Remark
[2025-08-01T01:09:09.982+0000] GC(1586) Pause Remark 3254M->1848M(4096M) 2.909ms
[2025-08-01T01:09:09.982+0000] GC(1586) User=0.01s Sys=0.00s Real=0.00s
[2025-08-01T01:09:09.982+0000] GC(1586) Concurrent Mark 238.684ms
[2025-08-01T01:09:09.982+0000] GC(1586) Concurrent Rebuild Remembered Sets
[2025-08-01T01:09:10.000+0000] GC(1590) Pause Young (Normal) (G1 Evacuation Pause)
[2025-08-01T01:09:10.000+0000] GC(1590) Using 8 workers of 8 for evacuation
[2025-08-01T01:09:10.035+0000] GC(1590)   Pre Evacuate Collection Set: 0.5ms
[2025-08-01T01:09:10.035+0000] GC(1590)   Merge Heap Roots: 0.7ms
[2025-08-01T01:09:10.036+0000] GC(1590)   Evacuate Collection Set: 33.3ms
[2025-08-01T01:09:10.036+0000] GC(1590)   Post Evacuate Collection Set: 0.7ms
[2025-08-01T01:09:10.036+0000] GC(1590)   Other: 0.2ms
[2025-08-01T01:09:10.036+0000] GC(1590) Eden regions: 87->0(267)
[2025-08-01T01:09:10.036+0000] GC(1590) Survivor regions: 15->13(13)
[2025-08-01T01:09:10.036+0000] GC(1590) Old regions: 907->997
[2025-08-01T01:09:10.036+0000] GC(1590) Archive regions: 2->2
[2025-08-01T01:09:10.036+0000] GC(1590) Humongous regions: 0->0
[2025-08-01T01:09:10.036+0000] GC(1590) Metaspace: 10061K(10304K)->10061K(10304K) NonClass: 8835K(8960K)->8835K(8960K) Class: 1225K(1344K)->1225K(1344K)
[2025-08-01T01:09:10.036+0000] GC(1590) Pause Young (Normal) (G1 Evacuation Pause) 2018M->2021M(4096M) 35.613ms
[2025-08-01T01:09:10.036+0000] GC(1590) User=0.25s Sys=0.01s Real=0.04s
[2025-08-01T01:09:10.133+0000] GC(1591) Pause Young (Normal) (G1 Evacuation Pause)
[2025-08-01T01:09:10.133+0000] GC(1591) Using 8 workers of 8 for evacuation
[2025-08-01T01:09:10.203+0000] GC(1591)   Pre Evacuate Collection Set: 0.5ms
[2025-08-01T01:09:10.203+0000] GC(1591)   Merge Heap Roots: 0.2ms
[2025-08-01T01:09:10.203+0000] GC(1591)   Evacuate Collection Set: 68.5ms
[2025-08-01T01:09:10.203+0000] GC(1591)   Post Evacuate Collection Set: 1.4ms
[2025-08-01T01:09:10.203+0000] GC(1591)   Other: 0.2ms
[2025-08-01T01:09:10.203+0000] GC(1591) Eden regions: 267->0(200)
[2025-08-01T01:09:10.203+0000] GC(1591) Survivor regions: 13->35(35)
[2025-08-01T01:09:10.203+0000] GC(1591) Old regions: 997->1174
[2025-08-01T01:09:10.203+0000] GC(1591) Archive regions: 2->2
[2025-08-01T01:09:10.203+0000] GC(1591) Humongous regions: 0->0
[2025-08-01T01:09:10.203+0000] GC(1591) Metaspace: 10061K(10304K)->10061K(10304K) NonClass: 8835K(8960K)->8835K(8960K) Class: 1225K(1344K)->1225K(1344K)
[2025-08-01T01:09:10.204+0000] GC(1591) Pause Young (Normal) (G1 Evacuation Pause) 2555M->2418M(4096M) 70.992ms
[2025-08-01T01:09:10.204+0000] GC(1591) User=0.52s Sys=0.01s Real=0.08s
[2025-08-01T01:09:10.283+0000] GC(1592) Pause Young (Normal) (G1 Evacuation Pause)
[2025-08-01T01:09:10.283+0000] GC(1592) Using 8 workers of 8 for evacuation
[2025-08-01T01:09:10.353+0000] GC(1592)   Pre Evacuate Collection Set: 0.7ms
[2025-08-01T01:09:10.354+0000] GC(1592)   Merge Heap Roots: 0.4ms
[2025-08-01T01:09:10.354+0000] GC(1592)   Evacuate Collection Set: 68.5ms
[2025-08-01T01:09:10.354+0000] GC(1592)   Post Evacuate Collection Set: 1.0ms
[2025-08-01T01:09:10.354+0000] GC(1592)   Other: 0.2ms
[2025-08-01T01:09:10.354+0000] GC(1592) Eden regions: 200->0(134)
[2025-08-01T01:09:10.354+0000] GC(1592) Survivor regions: 35->30(30)
[2025-08-01T01:09:10.354+0000] GC(1592) Old regions: 1174->1380
[2025-08-01T01:09:10.354+0000] GC(1592) Archive regions: 2->2
[2025-08-01T01:09:10.354+0000] GC(1592) Humongous regions: 0->0
[2025-08-01T01:09:10.354+0000] GC(1592) Metaspace: 10061K(10304K)->10061K(10304K) NonClass: 8835K(8960K)->8835K(8960K) Class: 1225K(1344K)->1225K(1344K)
[2025-08-01T01:09:10.354+0000] GC(1592) Pause Young (Normal) (G1 Evacuation Pause) 2818M->2821M(4096M) 70.910ms
[2025-08-01T01:09:10.354+0000] GC(1592) User=0.52s Sys=0.01s Real=0.08s
[2025-08-01T01:09:10.393+0000] GC(1586) Concurrent Rebuild Remembered Sets 410.540ms
[2025-08-01T01:09:10.393+0000] GC(1586) Pause Cleanup
[2025-08-01T01:09:10.394+0000] GC(1586) Pause Cleanup 3087M->3087M(4096M) 0.996ms
[2025-08-01T01:09:10.394+0000] GC(1586) User=0.00s Sys=0.00s Real=0.00s
[2025-08-01T01:09:10.394+0000] GC(1586) Concurrent Cleanup for Next Mark
[2025-08-01T01:09:10.402+0000] GC(1586) Concurrent Cleanup for Next Mark 8.016ms
[2025-08-01T01:09:10.402+0000] GC(1586) Concurrent Mark Cycle 707.685ms
[2025-08-01T01:09:10.408+0000] GC(1593) Pause Young (Prepare Mixed) (G1 Evacuation Pause)
[2025-08-01T01:09:10.408+0000] GC(1593) Using 8 workers of 8 for evacuation
[2025-08-01T01:09:10.446+0000] GC(1593)   Pre Evacuate Collection Set: 0.3ms
[2025-08-01T01:09:10.446+0000] GC(1593)   Merge Heap Roots: 0.1ms
[2025-08-01T01:09:10.446+0000] GC(1593)   Evacuate Collection Set: 35.7ms
[2025-08-01T01:09:10.446+0000] GC(1593)   Post Evacuate Collection Set: 0.8ms
[2025-08-01T01:09:10.446+0000] GC(1593)   Other: 0.2ms
[2025-08-01T01:09:10.446+0000] GC(1593) Eden regions: 134->0(81)
[2025-08-01T01:09:10.446+0000] GC(1593) Survivor regions: 30->21(21)
[2025-08-01T01:09:10.446+0000] GC(1593) Old regions: 1380->1475
[2025-08-01T01:09:10.446+0000] GC(1593) Archive regions: 2->2
[2025-08-01T01:09:10.446+0000] GC(1593) Humongous regions: 0->0
[2025-08-01T01:09:10.446+0000] GC(1593) Metaspace: 10061K(10304K)->10061K(10304K) NonClass: 8835K(8960K)->8835K(8960K) Class: 1225K(1344K)->1225K(1344K)
[2025-08-01T01:09:10.446+0000] GC(1593) Pause Young (Prepare Mixed) (G1 Evacuation Pause) 3089M->2993M(4096M) 37.370ms
[2025-08-01T01:09:10.446+0000] GC(1593) User=0.24s Sys=0.02s Real=0.04s
[2025-08-01T01:09:10.461+0000] GC(1594) Pause Young (Mixed) (G1 Evacuation Pause)
[2025-08-01T01:09:10.461+0000] GC(1594) Using 8 workers of 8 for evacuation
[2025-08-01T01:09:10.492+0000] GC(1594)   Pre Evacuate Collection Set: 0.6ms
[2025-08-01T01:09:10.492+0000] GC(1594)   Merge Heap Roots: 0.2ms
[2025-08-01T01:09:10.492+0000] GC(1594)   Evacuate Collection Set: 29.8ms
[2025-08-01T01:09:10.492+0000] GC(1594)   Post Evacuate Collection Set: 0.7ms
[2025-08-01T01:09:10.492+0000] GC(1594)   Other: 0.2ms
[2025-08-01T01:09:10.492+0000] GC(1594) Eden regions: 81->0(89)
[2025-08-01T01:09:10.492+0000] GC(1594) Survivor regions: 21->13(13)
[2025-08-01T01:09:10.492+0000] GC(1594) Old regions: 1475->1548
[2025-08-01T01:09:10.492+0000] GC(1594) Archive regions: 2->2
[2025-08-01T01:09:10.492+0000] GC(1594) Humongous regions: 0->0
[2025-08-01T01:09:10.492+0000] GC(1594) Metaspace: 10061K(10304K)->10061K(10304K) NonClass: 8835K(8960K)->8835K(8960K) Class: 1225K(1344K)->1225K(1344K)
[2025-08-01T01:09:10.492+0000] GC(1594) Pause Young (Mixed) (G1 Evacuation Pause) 3155M->3123M(4096M) 31.740ms
[2025-08-01T01:09:10.492+0000] GC(1594) User=0.22s Sys=0.01s Real=0.03s
[2025-08-01T01:09:10.507+0000] GC(1595) Pause Young (Concurrent Start) (G1 Evacuation Pause)
[2025-08-01T01:09:10.507+0000] GC(1595) Using 8 workers of 8 for evacuation
[2025-08-01T01:09:10.539+0000] GC(1595)   Pre Evacuate Collection Set: 0.3ms
[2025-08-01T01:09:10.539+0000] GC(1595)   Merge Heap Roots: 0.2ms
[2025-08-01T01:09:10.539+0000] GC(1595)   Evacuate Collection Set: 30.2ms
[2025-08-01T01:09:10.539+0000] GC(1595)   Post Evacuate Collection Set: 0.8ms
[2025-08-01T01:09:10.539+0000] GC(1595)   Other: 0.3ms
[2025-08-01T01:09:10.539+0000] GC(1595) Eden regions: 89->0(89)
[2025-08-01T01:09:10.539+0000] GC(1595) Survivor regions: 13->13(13)
[2025-08-01T01:09:10.539+0000] GC(1595) Old regions: 1548->1640
[2025-08-01T01:09:10.539+0000] GC(1595) Archive regions: 2->2
[2025-08-01T01:09:10.539+0000] GC(1595) Humongous regions: 0->0
[2025-08-01T01:09:10.539+0000] GC(1595) Metaspace: 10061K(10304K)->10061K(10304K) NonClass: 8835K(8960K)->8835K(8960K) Class: 1225K(1344K)->1225K(1344K)
[2025-08-01T01:09:10.539+0000] GC(1595) Pause Young (Concurrent Start) (G1 Evacuation Pause) 3301M->3306M(4096M) 32.055ms
[2025-08-01T01:09:10.539+0000] GC(1595) User=0.24s Sys=0.00s Real=0.03s
[2025-08-01T01:09:10.539+0000] GC(1596) Concurrent Mark Cycle
[2025-08-01T01:09:10.539+0000] GC(1596) Concurrent Clear Claimed Marks
[2025-08-01T01:09:10.539+0000] GC(1596) Concurrent Clear Claimed Marks 0.025ms
[2025-08-01T01:09:10.539+0000] GC(1596) Concurrent Scan Root Regions
[2025-08-01T01:09:10.556+0000] GC(1596) Concurrent Scan Root Regions 17.003ms
[2025-08-01T01:09:10.556+0000] GC(1596) Concurrent Mark
[2025-08-01T01:09:10.556+0000] GC(1596) Concurrent Mark From Roots
[2025-08-01T01:09:10.556+0000] GC(1596) Using 2 workers of 2 for marking
[2025-08-01T01:09:10.605+0000] GC(1597) Pause Young (Normal) (G1 Evacuation Pause)
[2025-08-01T01:09:10.605+0000] GC(1597) Using 8 workers of 8 for evacuation
[2025-08-01T01:09:10.640+0000] GC(1597)   Pre Evacuate Collection Set: 0.6ms
[2025-08-01T01:09:10.640+0000] GC(1597)   Merge Heap Roots: 0.3ms
[2025-08-01T01:09:10.641+0000] GC(1597)   Evacuate Collection Set: 33.6ms
[2025-08-01T01:09:10.641+0000] GC(1597)   Post Evacuate Collection Set: 0.8ms
[2025-08-01T01:09:10.641+0000] GC(1597)   Other: 0.2ms
[2025-08-01T01:09:10.641+0000] GC(1597) Eden regions: 89->0(89)
[2025-08-01T01:09:10.641+0000] GC(1597) Survivor regions: 13->13(13)
[2025-08-01T01:09:10.641+0000] GC(1597) Old regions: 1640->1728
[2025-08-01T01:09:10.641+0000] GC(1597) Archive regions: 2->2
[2025-08-01T01:09:10.641+0000] GC(1597) Humongous regions: 0->0
[2025-08-01T01:09:10.641+0000] GC(1597) Metaspace: 10061K(10304K)->10061K(10304K) NonClass: 8835K(8960K)->8835K(8960K) Class: 1225K(1344K)->1225K(1344K)
[2025-08-01T01:09:10.641+0000] GC(1597) Pause Young (Normal) (G1 Evacuation Pause) 3484M->3482M(4096M) 35.527ms
[2025-08-01T01:09:10.641+0000] GC(1597) User=0.24s Sys=0.01s Real=0.03s
[2025-08-01T01:09:10.656+0000] GC(1598) Pause Young (Normal) (G1 Evacuation Pause)
[2025-08-01T01:09:10.656+0000] GC(1598) Using 8 workers of 8 for evacuation
[2025-08-01T01:09:10.690+0000] GC(1598)   Pre Evacuate Collection Set: 0.7ms
[2025-08-01T01:09:10.690+0000] GC(1598)   Merge Heap Roots: 0.2ms
[2025-08-01T01:09:10.690+0000] GC(1598)   Evacuate Collection Set: 31.7ms
[2025-08-01T01:09:10.690+0000] GC(1598)   Post Evacuate Collection Set: 0.8ms
[2025-08-01T01:09:10.690+0000] GC(1598)   Other: 0.2ms
[2025-08-01T01:09:10.690+0000] GC(1598) Eden regions: 89->0(89)
[2025-08-01T01:09:10.690+0000] GC(1598) Survivor regions: 13->13(13)
[2025-08-01T01:09:10.690+0000] GC(1598) Old regions: 1728->1818
[2025-08-01T01:09:10.690+0000] GC(1598) Archive regions: 2->2
[2025-08-01T01:09:10.690+0000] GC(1598) Humongous regions: 0->0
[2025-08-01T01:09:10.690+0000] GC(1598) Metaspace: 10061K(10304K)->10061K(10304K) NonClass: 8835K(8960K)->8835K(8960K) Class: 1225K(1344K)->1225K(1344K)
[2025-08-01T01:09:10.690+0000] GC(1598) Pause Young (Normal) (G1 Evacuation Pause) 3660M->3663M(4096M) 33.920ms
[2025-08-01T01:09:10.690+0000] GC(1598) User=0.24s Sys=0.01s Real=0.03s
[2025-08-01T01:09:10.750+0000] GC(1599) Pause Young (Normal) (G1 Evacuation Pause)
[2025-08-01T01:09:10.750+0000] GC(1599) Using 8 workers of 8 for evacuation
[2025-08-01T01:09:10.769+0000] GC(1599)   Pre Evacuate Collection Set: 0.4ms
[2025-08-01T01:09:10.769+0000] GC(1599)   Merge Heap Roots: 0.2ms
[2025-08-01T01:09:10.769+0000] GC(1599)   Evacuate Collection Set: 17.0ms
[2025-08-01T01:09:10.769+0000] GC(1599)   Post Evacuate Collection Set: 0.7ms
[2025-08-01T01:09:10.769+0000] GC(1599)   Other: 0.2ms
[2025-08-01T01:09:10.769+0000] GC(1599) Eden regions: 89->0(89)
[2025-08-01T01:09:10.769+0000] GC(1599) Survivor regions: 13->13(13)
[2025-08-01T01:09:10.769+0000] GC(1599) Old regions: 1818->1854
[2025-08-01T01:09:10.769+0000] GC(1599) Archive regions: 2->2
[2025-08-01T01:09:10.769+0000] GC(1599) Humongous regions: 0->0
[2025-08-01T01:09:10.769+0000] GC(1599) Metaspace: 10061K(10304K)->10061K(10304K) NonClass: 8835K(8960K)->8835K(8960K) Class: 1225K(1344K)->1225K(1344K)
[2025-08-01T01:09:10.769+0000] GC(1599) Pause Young (Normal) (G1 Evacuation Pause) 3841M->3734M(4096M) 18.810ms
[2025-08-01T01:09:10.769+0000] GC(1599) User=0.13s Sys=0.01s Real=0.02s
[2025-08-01T01:09:10.784+0000] GC(1600) Pause Young (Normal) (G1 Preventive Collection)
[2025-08-01T01:09:10.784+0000] GC(1600) Using 8 workers of 8 for evacuation
[2025-08-01T01:09:10.813+0000] GC(1600)   Pre Evacuate Collection Set: 0.6ms
[2025-08-01T01:09:10.813+0000] GC(1600)   Merge Heap Roots: 0.2ms
[2025-08-01T01:09:10.813+0000] GC(1600)   Evacuate Collection Set: 26.6ms
[2025-08-01T01:09:10.813+0000] GC(1600)   Post Evacuate Collection Set: 0.9ms
[2025-08-01T01:09:10.813+0000] GC(1600)   Other: 0.2ms
[2025-08-01T01:09:10.813+0000] GC(1600) Eden regions: 81->0(89)
[2025-08-01T01:09:10.813+0000] GC(1600) Survivor regions: 13->13(13)
[2025-08-01T01:09:10.813+0000] GC(1600) Old regions: 1854->1937
[2025-08-01T01:09:10.813+0000] GC(1600) Archive regions: 2->2
[2025-08-01T01:09:10.813+0000] GC(1600) Humongous regions: 0->0
[2025-08-01T01:09:10.813+0000] GC(1600) Metaspace: 10061K(10304K)->10061K(10304K) NonClass: 8835K(8960K)->8835K(8960K) Class: 1225K(1344K)->1225K(1344K)
[2025-08-01T01:09:10.813+0000] GC(1600) Pause Young (Normal) (G1 Preventive Collection) 3896M->3900M(4096M) 28.753ms
[2025-08-01T01:09:10.813+0000] GC(1600) User=0.21s Sys=0.00s Real=0.03s
[2025-08-01T01:09:10.820+0000] GC(1601) Pause Young (Normal) (G1 Preventive Collection)
[2025-08-01T01:09:10.820+0000] GC(1601) Using 8 workers of 8 for evacuation
[2025-08-01T01:09:10.836+0000] GC(1601)   Pre Evacuate Collection Set: 0.3ms
[2025-08-01T01:09:10.836+0000] GC(1601)   Merge Heap Roots: 0.1ms
[2025-08-01T01:09:10.836+0000] GC(1601)   Evacuate Collection Set: 14.3ms
[2025-08-01T01:09:10.836+0000] GC(1601)   Post Evacuate Collection Set: 0.8ms
[2025-08-01T01:09:10.836+0000] GC(1601)   Other: 0.2ms
[2025-08-01T01:09:10.836+0000] GC(1601) Eden regions: 39->0(89)
[2025-08-01T01:09:10.836+0000] GC(1601) Survivor regions: 13->13(13)
[2025-08-01T01:09:10.836+0000] GC(1601) Old regions: 1937->1978
[2025-08-01T01:09:10.836+0000] GC(1601) Archive regions: 2->2
[2025-08-01T01:09:10.836+0000] GC(1601) Humongous regions: 0->0
[2025-08-01T01:09:10.836+0000] GC(1601) Metaspace: 10061K(10304K)->10061K(10304K) NonClass: 8835K(8960K)->8835K(8960K) Class: 1225K(1344K)->1225K(1344K)
[2025-08-01T01:09:10.836+0000] GC(1601) Pause Young (Normal) (G1 Preventive Collection) 3978M->3982M(4096M) 15.911ms
[2025-08-01T01:09:10.836+0000] GC(1601) User=0.11s Sys=0.00s Real=0.02s
[2025-08-01T01:09:10.841+0000] GC(1602) Pause Young (Normal) (G1 Preventive Collection)
[2025-08-01T01:09:10.841+0000] GC(1602) Using 8 workers of 8 for evacuation
[2025-08-01T01:09:10.852+0000] GC(1602)   Pre Evacuate Collection Set: 0.4ms
[2025-08-01T01:09:10.852+0000] GC(1602)   Merge Heap Roots: 0.3ms
[2025-08-01T01:09:10.852+0000] GC(1602)   Evacuate Collection Set: 9.4ms
[2025-08-01T01:09:10.852+0000] GC(1602)   Post Evacuate Collection Set: 0.7ms
[2025-08-01T01:09:10.852+0000] GC(1602)   Other: 0.2ms
[2025-08-01T01:09:10.852+0000] GC(1602) Eden regions: 19->0(89)
[2025-08-01T01:09:10.852+0000] GC(1602) Survivor regions: 13->13(13)
[2025-08-01T01:09:10.852+0000] GC(1602) Old regions: 1978->1997
[2025-08-01T01:09:10.852+0000] GC(1602) Archive regions: 2->2
[2025-08-01T01:09:10.852+0000] GC(1602) Humongous regions: 0->0
[2025-08-01T01:09:10.852+0000] GC(1602) Metaspace: 10061K(10304K)->10061K(10304K) NonClass: 8835K(8960K)->8835K(8960K) Class: 1225K(1344K)->1225K(1344K)
[2025-08-01T01:09:10.852+0000] GC(1602) Pause Young (Normal) (G1 Preventive Collection) 4020M->4021M(4096M) 11.082ms
[2025-08-01T01:09:10.852+0000] GC(1602) User=0.08s Sys=0.00s Real=0.01s
[2025-08-01T01:09:10.857+0000] GC(1603) Pause Young (Normal) (G1 Preventive Collection)
[2025-08-01T01:09:10.857+0000] GC(1603) Using 8 workers of 8 for evacuation
[2025-08-01T01:09:10.865+0000] GC(1603)   Pre Evacuate Collection Set: 0.4ms
[2025-08-01T01:09:10.865+0000] GC(1603)   Merge Heap Roots: 0.2ms
[2025-08-01T01:09:10.865+0000] GC(1603)   Evacuate Collection Set: 6.8ms
[2025-08-01T01:09:10.865+0000] GC(1603)   Post Evacuate Collection Set: 0.6ms
[2025-08-01T01:09:10.865+0000] GC(1603)   Other: 0.2ms
[2025-08-01T01:09:10.865+0000] GC(1603) Eden regions: 10->0(90)
[2025-08-01T01:09:10.865+0000] GC(1603) Survivor regions: 13->12(13)
[2025-08-01T01:09:10.865+0000] GC(1603) Old regions: 1997->2011
[2025-08-01T01:09:10.865+0000] GC(1603) Archive regions: 2->2
[2025-08-01T01:09:10.865+0000] GC(1603) Humongous regions: 0->0
[2025-08-01T01:09:10.865+0000] GC(1603) Metaspace: 10061K(10304K)->10061K(10304K) NonClass: 8835K(8960K)->8835K(8960K) Class: 1225K(1344K)->1225K(1344K)
[2025-08-01T01:09:10.865+0000] GC(1603) Pause Young (Normal) (G1 Preventive Collection) 4041M->4047M(4096M) 8.331ms
[2025-08-01T01:09:10.865+0000] GC(1603) User=0.05s Sys=0.00s Real=0.01s
[2025-08-01T01:09:10.872+0000] GC(1604) Pause Young (Normal) (G1 Preventive Collection)
[2025-08-01T01:09:10.872+0000] GC(1604) Using 8 workers of 8 for evacuation
[2025-08-01T01:09:10.878+0000] GC(1604)   Pre Evacuate Collection Set: 0.4ms
[2025-08-01T01:09:10.878+0000] GC(1604)   Merge Heap Roots: 0.1ms
[2025-08-01T01:09:10.878+0000] GC(1604)   Evacuate Collection Set: 5.0ms
[2025-08-01T01:09:10.878+0000] GC(1604)   Post Evacuate Collection Set: 0.5ms
[2025-08-01T01:09:10.878+0000] GC(1604)   Other: 0.2ms
[2025-08-01T01:09:10.878+0000] GC(1604) Eden regions: 4->0(97)
[2025-08-01T01:09:10.878+0000] GC(1604) Survivor regions: 12->5(13)
[2025-08-01T01:09:10.878+0000] GC(1604) Old regions: 2011->2023
[2025-08-01T01:09:10.878+0000] GC(1604) Archive regions: 2->2
[2025-08-01T01:09:10.878+0000] GC(1604) Humongous regions: 0->0
[2025-08-01T01:09:10.878+0000] GC(1604) Metaspace: 10061K(10304K)->10061K(10304K) NonClass: 8835K(8960K)->8835K(8960K) Class: 1225K(1344K)->1225K(1344K)
[2025-08-01T01:09:10.878+0000] GC(1604) Pause Young (Normal) (G1 Preventive Collection) 4055M->4055M(4096M) 6.454ms
[2025-08-01T01:09:10.878+0000] GC(1604) User=0.03s Sys=0.00s Real=0.01s
[2025-08-01T01:09:10.882+0000] GC(1605) Pause Young (Normal) (G1 Preventive Collection)
[2025-08-01T01:09:10.882+0000] GC(1605) Using 8 workers of 8 for evacuation
[2025-08-01T01:09:10.886+0000] GC(1605)   Pre Evacuate Collection Set: 0.3ms
[2025-08-01T01:09:10.886+0000] GC(1605)   Merge Heap Roots: 0.2ms
[2025-08-01T01:09:10.886+0000] GC(1605)   Evacuate Collection Set: 2.9ms
[2025-08-01T01:09:10.886+0000] GC(1605)   Post Evacuate Collection Set: 1.0ms
[2025-08-01T01:09:10.886+0000] GC(1605)   Other: 0.2ms
[2025-08-01T01:09:10.887+0000] GC(1605) Eden regions: 6->0(91)
[2025-08-01T01:09:10.887+0000] GC(1605) Survivor regions: 5->11(12)
[2025-08-01T01:09:10.887+0000] GC(1605) Old regions: 2023->2023
[2025-08-01T01:09:10.887+0000] GC(1605) Archive regions: 2->2
[2025-08-01T01:09:10.887+0000] GC(1605) Humongous regions: 0->0
[2025-08-01T01:09:10.887+0000] GC(1605) Metaspace: 10061K(10304K)->10061K(10304K) NonClass: 8835K(8960K)->8835K(8960K) Class: 1225K(1344K)->1225K(1344K)
[2025-08-01T01:09:10.887+0000] GC(1605) Pause Young (Normal) (G1 Preventive Collection) 4067M->4067M(4096M) 4.780ms
[2025-08-01T01:09:10.887+0000] GC(1605) User=0.02s Sys=0.00s Real=0.01s
[2025-08-01T01:09:10.887+0000] GC(1606) Pause Young (Normal) (G1 Preventive Collection)
[2025-08-01T01:09:10.887+0000] GC(1606) Using 8 workers of 8 for evacuation
[2025-08-01T01:09:10.893+0000] GC(1606)   Pre Evacuate Collection Set: 0.3ms
[2025-08-01T01:09:10.893+0000] GC(1606)   Merge Heap Roots: 0.1ms
[2025-08-01T01:09:10.893+0000] GC(1606)   Evacuate Collection Set: 4.7ms
[2025-08-01T01:09:10.893+0000] GC(1606)   Post Evacuate Collection Set: 0.6ms
[2025-08-01T01:09:10.893+0000] GC(1606)   Other: 0.1ms
[2025-08-01T01:09:10.893+0000] GC(1606) Eden regions: 1->0(95)
[2025-08-01T01:09:10.893+0000] GC(1606) Survivor regions: 11->7(11)
[2025-08-01T01:09:10.893+0000] GC(1606) Old regions: 2023->2027
[2025-08-01T01:09:10.893+0000] GC(1606) Archive regions: 2->2
[2025-08-01T01:09:10.893+0000] GC(1606) Humongous regions: 0->0
[2025-08-01T01:09:10.893+0000] GC(1606) Metaspace: 10061K(10304K)->10061K(10304K) NonClass: 8835K(8960K)->8835K(8960K) Class: 1225K(1344K)->1225K(1344K)
[2025-08-01T01:09:10.893+0000] GC(1606) Pause Young (Normal) (G1 Preventive Collection) 4069M->4068M(4096M) 5.980ms
[2025-08-01T01:09:10.893+0000] GC(1606) User=0.02s Sys=0.01s Real=0.01s
[2025-08-01T01:09:10.894+0000] GC(1607) Pause Young (Normal) (G1 Preventive Collection)
[2025-08-01T01:09:10.894+0000] GC(1607) Using 8 workers of 8 for evacuation
[2025-08-01T01:09:10.898+0000] GC(1607)   Pre Evacuate Collection Set: 0.3ms
[2025-08-01T01:09:10.898+0000] GC(1607)   Merge Heap Roots: 0.1ms
[2025-08-01T01:09:10.898+0000] GC(1607)   Evacuate Collection Set: 3.1ms
[2025-08-01T01:09:10.898+0000] GC(1607)   Post Evacuate Collection Set: 0.6ms
[2025-08-01T01:09:10.898+0000] GC(1607)   Other: 0.1ms
[2025-08-01T01:09:10.898+0000] GC(1607) Eden regions: 2->0(98)
[2025-08-01T01:09:10.898+0000] GC(1607) Survivor regions: 7->4(10)
[2025-08-01T01:09:10.898+0000] GC(1607) Old regions: 2027->2033
[2025-08-01T01:09:10.898+0000] GC(1607) Archive regions: 2->2
[2025-08-01T01:09:10.898+0000] GC(1607) Humongous regions: 0->0
[2025-08-01T01:09:10.898+0000] GC(1607) Metaspace: 10061K(10304K)->10061K(10304K) NonClass: 8835K(8960K)->8835K(8960K) Class: 1225K(1344K)->1225K(1344K)
[2025-08-01T01:09:10.898+0000] GC(1607) Pause Young (Normal) (G1 Preventive Collection) 4072M->4074M(4096M) 4.424ms
[2025-08-01T01:09:10.898+0000] GC(1607) User=0.02s Sys=0.00s Real=0.00s
[2025-08-01T01:09:10.899+0000] GC(1608) Pause Young (Normal) (G1 Preventive Collection)
[2025-08-01T01:09:10.899+0000] GC(1608) Using 8 workers of 8 for evacuation
[2025-08-01T01:09:10.904+0000] GC(1608)   Pre Evacuate Collection Set: 0.3ms
[2025-08-01T01:09:10.904+0000] GC(1608)   Merge Heap Roots: 0.2ms
[2025-08-01T01:09:10.904+0000] GC(1608)   Evacuate Collection Set: 3.0ms
[2025-08-01T01:09:10.904+0000] GC(1608)   Post Evacuate Collection Set: 0.7ms
[2025-08-01T01:09:10.904+0000] GC(1608)   Other: 0.2ms
[2025-08-01T01:09:10.904+0000] GC(1608) Eden regions: 2->0(96)
[2025-08-01T01:09:10.904+0000] GC(1608) Survivor regions: 4->6(7)
[2025-08-01T01:09:10.904+0000] GC(1608) Old regions: 2033->2033
[2025-08-01T01:09:10.904+0000] GC(1608) Archive regions: 2->2
[2025-08-01T01:09:10.904+0000] GC(1608) Humongous regions: 0->0
[2025-08-01T01:09:10.904+0000] GC(1608) Metaspace: 10061K(10304K)->10061K(10304K) NonClass: 8835K(8960K)->8835K(8960K) Class: 1225K(1344K)->1225K(1344K)
[2025-08-01T01:09:10.904+0000] GC(1608) Pause Young (Normal) (G1 Preventive Collection) 4078M->4077M(4096M) 4.614ms
[2025-08-01T01:09:10.904+0000] GC(1608) User=0.01s Sys=0.00s Real=0.01s
[2025-08-01T01:09:10.904+0000] GC(1609) Pause Young (Normal) (G1 Preventive Collection)
[2025-08-01T01:09:10.904+0000] GC(1609) Using 8 workers of 8 for evacuation
[2025-08-01T01:09:10.908+0000] GC(1609)   Pre Evacuate Collection Set: 0.6ms
[2025-08-01T01:09:10.908+0000] GC(1609)   Merge Heap Roots: 0.1ms
[2025-08-01T01:09:10.908+0000] GC(1609)   Evacuate Collection Set: 1.8ms
[2025-08-01T01:09:10.908+0000] GC(1609)   Post Evacuate Collection Set: 0.7ms
[2025-08-01T01:09:10.908+0000] GC(1609)   Other: 0.2ms
[2025-08-01T01:09:10.908+0000] GC(1609) Eden regions: 1->0(96)
[2025-08-01T01:09:10.908+0000] GC(1609) Survivor regions: 6->6(6)
[2025-08-01T01:09:10.908+0000] GC(1609) Old regions: 2033->2033
[2025-08-01T01:09:10.908+0000] GC(1609) Archive regions: 2->2
[2025-08-01T01:09:10.908+0000] GC(1609) Humongous regions: 0->0
[2025-08-01T01:09:10.908+0000] GC(1609) Metaspace: 10061K(10304K)->10061K(10304K) NonClass: 8835K(8960K)->8835K(8960K) Class: 1225K(1344K)->1225K(1344K)
[2025-08-01T01:09:10.908+0000] GC(1609) Pause Young (Normal) (G1 Preventive Collection) 4079M->4079M(4096M) 3.686ms
[2025-08-01T01:09:10.908+0000] GC(1609) User=0.02s Sys=0.00s Real=0.00s
[2025-08-01T01:09:10.909+0000] GC(1610) Pause Young (Normal) (G1 Preventive Collection)
[2025-08-01T01:09:10.909+0000] GC(1610) Using 8 workers of 8 for evacuation
[2025-08-01T01:09:10.913+0000] GC(1610) To-space exhausted
[2025-08-01T01:09:10.913+0000] GC(1610)   Pre Evacuate Collection Set: 0.8ms
[2025-08-01T01:09:10.913+0000] GC(1610)   Merge Heap Roots: 0.1ms
[2025-08-01T01:09:10.913+0000] GC(1610)   Evacuate Collection Set: 2.7ms
[2025-08-01T01:09:10.913+0000] GC(1610)   Post Evacuate Collection Set: 1.0ms
[2025-08-01T01:09:10.913+0000] GC(1610)   Other: 0.2ms
[2025-08-01T01:09:10.913+0000] GC(1610) Eden regions: 1->0(96)
[2025-08-01T01:09:10.913+0000] GC(1610) Survivor regions: 6->6(6)
[2025-08-01T01:09:10.913+0000] GC(1610) Old regions: 2033->2037
[2025-08-01T01:09:10.913+0000] GC(1610) Archive regions: 2->2
[2025-08-01T01:09:10.913+0000] GC(1610) Humongous regions: 0->0
[2025-08-01T01:09:10.913+0000] GC(1610) Metaspace: 10061K(10304K)->10061K(10304K) NonClass: 8835K(8960K)->8835K(8960K) Class: 1225K(1344K)->1225K(1344K)
[2025-08-01T01:09:10.913+0000] GC(1610) Pause Young (Normal) (G1 Preventive Collection) 4081M->4087M(4096M) 4.902ms
[2025-08-01T01:09:10.913+0000] GC(1610) User=0.02s Sys=0.01s Real=0.01s
[2025-08-01T01:09:10.914+0000] GC(1611) Pause Young (Normal) (G1 Preventive Collection)
[2025-08-01T01:09:10.914+0000] GC(1611) Using 8 workers of 8 for evacuation
[2025-08-01T01:09:10.920+0000] GC(1611) To-space exhausted
[2025-08-01T01:09:10.920+0000] GC(1611)   Pre Evacuate Collection Set: 0.3ms
[2025-08-01T01:09:10.920+0000] GC(1611)   Merge Heap Roots: 0.1ms
[2025-08-01T01:09:10.920+0000] GC(1611)   Evacuate Collection Set: 2.7ms
[2025-08-01T01:09:10.920+0000] GC(1611)   Post Evacuate Collection Set: 2.1ms
[2025-08-01T01:09:10.920+0000] GC(1611)   Other: 0.2ms
[2025-08-01T01:09:10.920+0000] GC(1611) Eden regions: 1->0(100)
[2025-08-01T01:09:10.920+0000] GC(1611) Survivor regions: 6->2(2)
[2025-08-01T01:09:10.920+0000] GC(1611) Old regions: 2037->2044
[2025-08-01T01:09:10.920+0000] GC(1611) Archive regions: 2->2
[2025-08-01T01:09:10.920+0000] GC(1611) Humongous regions: 0->0
[2025-08-01T01:09:10.920+0000] GC(1611) Metaspace: 10061K(10304K)->10061K(10304K) NonClass: 8835K(8960K)->8835K(8960K) Class: 1225K(1344K)->1225K(1344K)
[2025-08-01T01:09:10.920+0000] GC(1611) Pause Young (Normal) (G1 Preventive Collection) 4089M->4093M(4096M) 5.569ms
[2025-08-01T01:09:10.920+0000] GC(1611) User=0.02s Sys=0.00s Real=0.00s
[2025-08-01T01:09:10.920+0000] Attempting full compaction
[2025-08-01T01:09:10.920+0000] GC(1612) Pause Full (G1 Compaction Pause)
[2025-08-01T01:09:10.920+0000] GC(1612) Using 8 workers of 8 for full compaction
[2025-08-01T01:09:10.925+0000] GC(1612) Phase 1: Mark live objects
[2025-08-01T01:09:10.964+0000] GC(1612) Phase 1: Mark live objects 38.310ms
[2025-08-01T01:09:10.964+0000] GC(1612) Phase 2: Prepare for compaction
[2025-08-01T01:09:10.978+0000] GC(1612) Phase 2: Prepare for compaction 13.979ms
[2025-08-01T01:09:10.978+0000] GC(1612) Phase 3: Adjust pointers
[2025-08-01T01:09:11.012+0000] GC(1612) Phase 3: Adjust pointers 34.707ms
[2025-08-01T01:09:11.012+0000] GC(1612) Phase 4: Compact heap
[2025-08-01T01:09:11.056+0000] GC(1612) Phase 4: Compact heap 43.125ms
[2025-08-01T01:09:11.063+0000] GC(1612) Eden regions: 0->0(457)
[2025-08-01T01:09:11.063+0000] GC(1612) Survivor regions: 2->0(2)
[2025-08-01T01:09:11.063+0000] GC(1612) Old regions: 2044->353
[2025-08-01T01:09:11.063+0000] GC(1612) Archive regions: 2->2
[2025-08-01T01:09:11.063+0000] GC(1612) Humongous regions: 0->0
[2025-08-01T01:09:11.063+0000] GC(1612) Metaspace: 10061K(10304K)->10061K(10304K) NonClass: 8835K(8960K)->8835K(8960K) Class: 1225K(1344K)->1225K(1344K)
[2025-08-01T01:09:11.063+0000] GC(1612) Pause Full (G1 Compaction Pause) 4093M->699M(4096M) 143.418ms
[2025-08-01T01:09:11.063+0000] GC(1612) User=1.00s Sys=0.02s Real=0.15s
[2025-08-01T01:09:11.063+0000] GC(1596) Concurrent Mark From Roots 506.988ms
[2025-08-01T01:09:11.064+0000] GC(1596) Concurrent Mark Abort
[2025-08-01T01:09:11.064+0000] GC(1596) Concurrent Mark Cycle 524.204ms
[2025-08-01T01:09:11.236+0000] GC(1613) Pause Young (Normal) (G1 Evacuation Pause)
[2025-08-01T01:09:11.236+0000] GC(1613) Using 8 workers of 8 for evacuation
[2025-08-01T01:09:11.833+0000] GC(1613) MMU target violated: 201.0ms (200.0ms/201.0ms)
[2025-08-01T01:09:11.833+0000] GC(1613)   Pre Evacuate Collection Set: 2.3ms
[2025-08-01T01:09:11.833+0000] GC(1613)   Merge Heap Roots: 0.4ms
[2025-08-01T01:09:11.833+0000] GC(1613)   Evacuate Collection Set: 593.0ms
[2025-08-01T01:09:11.833+0000] GC(1613)   Post Evacuate Collection Set: 0.9ms
[2025-08-01T01:09:11.833+0000] GC(1613)   Other: 0.4ms
[2025-08-01T01:09:11.833+0000] GC(1613) Eden regions: 457->0(196)
[2025-08-01T01:09:11.833+0000] GC(1613) Survivor regions: 0->58(58)
[2025-08-01T01:09:11.833+0000] GC(1613) Old regions: 353->665
[2025-08-01T01:09:11.833+0000] GC(1613) Archive regions: 2->2
[2025-08-01T01:09:11.833+0000] GC(1613) Humongous regions: 0->0
[2025-08-01T01:09:11.833+0000] GC(1613) Metaspace: 10061K(10304K)->10061K(10304K) NonClass: 8835K(8960K)->8835K(8960K) Class: 1225K(1344K)->1225K(1344K)
[2025-08-01T01:09:11.833+0000] GC(1613) Pause Young (Normal) (G1 Evacuation Pause) 1613M->1439M(4096M) 597.143ms
[2025-08-01T01:09:11.833+0000] GC(1613) User=2.36s Sys=0.93s Real=0.60s
[2025-08-01T01:09:11.914+0000] GC(1614) Pause Young (Concurrent Start) (G1 Evacuation Pause)
[2025-08-01T01:09:11.914+0000] GC(1614) Using 8 workers of 8 for evacuation
[2025-08-01T01:09:12.009+0000] GC(1614)   Pre Evacuate Collection Set: 0.7ms
[2025-08-01T01:09:12.009+0000] GC(1614)   Merge Heap Roots: 0.6ms
[2025-08-01T01:09:12.009+0000] GC(1614)   Evacuate Collection Set: 91.0ms
[2025-08-01T01:09:12.009+0000] GC(1614)   Post Evacuate Collection Set: 2.1ms
[2025-08-01T01:09:12.009+0000] GC(1614)   Other: 0.5ms
[2025-08-01T01:09:12.009+0000] GC(1614) Eden regions: 196->0(354)
[2025-08-01T01:09:12.009+0000] GC(1614) Survivor regions: 58->32(32)
[2025-08-01T01:09:12.009+0000] GC(1614) Old regions: 665->797
[2025-08-01T01:09:12.009+0000] GC(1614) Archive regions: 2->2
[2025-08-01T01:09:12.009+0000] GC(1614) Humongous regions: 0->0
[2025-08-01T01:09:12.009+0000] GC(1614) Metaspace: 10061K(10304K)->10061K(10304K) NonClass: 8835K(8960K)->8835K(8960K) Class: 1225K(1344K)->1225K(1344K)
[2025-08-01T01:09:12.009+0000] GC(1614) Pause Young (Concurrent Start) (G1 Evacuation Pause) 1831M->1651M(4096M) 95.178ms
[2025-08-01T01:09:12.009+0000] GC(1614) User=0.69s Sys=0.02s Real=0.09s
[2025-08-01T01:09:12.009+0000] GC(1615) Concurrent Mark Cycle
[2025-08-01T01:09:12.009+0000] GC(1615) Concurrent Clear Claimed Marks
[2025-08-01T01:09:12.009+0000] GC(1615) Concurrent Clear Claimed Marks 0.032ms
[2025-08-01T01:09:12.009+0000] GC(1615) Concurrent Scan Root Regions
[2025-08-01T01:09:12.057+0000] GC(1615) Concurrent Scan Root Regions 47.874ms
[2025-08-01T01:09:12.057+0000] GC(1615) Concurrent Mark
[2025-08-01T01:09:12.057+0000] GC(1615) Concurrent Mark From Roots
[2025-08-01T01:09:12.057+0000] GC(1615) Using 2 workers of 2 for marking
[2025-08-01T01:09:12.132+0000] GC(1615) Concurrent Mark From Roots 75.119ms
[2025-08-01T01:09:12.133+0000] GC(1615) Concurrent Preclean
[2025-08-01T01:09:12.133+0000] GC(1615) Concurrent Preclean 0.390ms
[2025-08-01T01:09:12.133+0000] GC(1615) Pause Remark
[2025-08-01T01:09:12.136+0000] GC(1615) Pause Remark 2211M->1668M(4096M) 2.921ms
[2025-08-01T01:09:12.136+0000] GC(1615) User=0.01s Sys=0.00s Real=0.00s
[2025-08-01T01:09:12.136+0000] GC(1615) Concurrent Mark 78.929ms
[2025-08-01T01:09:12.136+0000] GC(1615) Concurrent Rebuild Remembered Sets
[2025-08-01T01:09:12.166+0000] GC(1616) Pause Young (Normal) (G1 Evacuation Pause)
[2025-08-01T01:09:12.166+0000] GC(1616) Using 8 workers of 8 for evacuation
[2025-08-01T01:09:12.309+0000] GC(1616)   Pre Evacuate Collection Set: 0.8ms
[2025-08-01T01:09:12.309+0000] GC(1616)   Merge Heap Roots: 0.5ms
[2025-08-01T01:09:12.309+0000] GC(1616)   Evacuate Collection Set: 140.0ms
[2025-08-01T01:09:12.309+0000] GC(1616)   Post Evacuate Collection Set: 0.9ms
[2025-08-01T01:09:12.309+0000] GC(1616)   Other: 0.3ms
[2025-08-01T01:09:12.309+0000] GC(1616) Eden regions: 354->0(312)
[2025-08-01T01:09:12.309+0000] GC(1616) Survivor regions: 32->49(49)
[2025-08-01T01:09:12.309+0000] GC(1616) Old regions: 523->843
[2025-08-01T01:09:12.309+0000] GC(1616) Archive regions: 2->2
[2025-08-01T01:09:12.309+0000] GC(1616) Humongous regions: 0->0
[2025-08-01T01:09:12.309+0000] GC(1616) Metaspace: 10061K(10304K)->10061K(10304K) NonClass: 8835K(8960K)->8835K(8960K) Class: 1225K(1344K)->1225K(1344K)
[2025-08-01T01:09:12.309+0000] GC(1616) Pause Young (Normal) (G1 Evacuation Pause) 1816M->1781M(4096M) 142.693ms
[2025-08-01T01:09:12.309+0000] GC(1616) User=1.05s Sys=0.05s Real=0.14s
[2025-08-01T01:09:12.369+0000] GC(1615) Concurrent Rebuild Remembered Sets 232.950ms
[2025-08-01T01:09:12.369+0000] GC(1615) Pause Cleanup
[2025-08-01T01:09:12.370+0000] GC(1615) Pause Cleanup 2086M->2086M(4096M) 0.692ms
[2025-08-01T01:09:12.370+0000] GC(1615) User=0.00s Sys=0.00s Real=0.00s
[2025-08-01T01:09:12.370+0000] GC(1615) Concurrent Cleanup for Next Mark
[2025-08-01T01:09:12.378+0000] GC(1615) Concurrent Cleanup for Next Mark 7.777ms
[2025-08-01T01:09:12.378+0000] GC(1615) Concurrent Mark Cycle 368.838ms
[2025-08-01T01:09:12.413+0000] GC(1617) Pause Young (Prepare Mixed) (G1 Evacuation Pause)
[2025-08-01T01:09:12.413+0000] GC(1617) Using 8 workers of 8 for evacuation
[2025-08-01T01:09:12.530+0000] GC(1617)   Pre Evacuate Collection Set: 0.6ms
[2025-08-01T01:09:12.530+0000] GC(1617)   Merge Heap Roots: 0.2ms
[2025-08-01T01:09:12.530+0000] GC(1617)   Evacuate Collection Set: 115.4ms
[2025-08-01T01:09:12.530+0000] GC(1617)   Post Evacuate Collection Set: 0.9ms
[2025-08-01T01:09:12.530+0000] GC(1617)   Other: 0.2ms
[2025-08-01T01:09:12.530+0000] GC(1617) Eden regions: 312->0(56)
[2025-08-01T01:09:12.530+0000] GC(1617) Survivor regions: 49->46(46)
[2025-08-01T01:09:12.530+0000] GC(1617) Old regions: 843->1159
[2025-08-01T01:09:12.530+0000] GC(1617) Archive regions: 2->2
[2025-08-01T01:09:12.530+0000] GC(1617) Humongous regions: 0->0
[2025-08-01T01:09:12.530+0000] GC(1617) Metaspace: 10061K(10304K)->10061K(10304K) NonClass: 8835K(8960K)->8835K(8960K) Class: 1225K(1344K)->1225K(1344K)
[2025-08-01T01:09:12.530+0000] GC(1617) Pause Young (Prepare Mixed) (G1 Evacuation Pause) 2405M->2407M(4096M) 117.436ms
[2025-08-01T01:09:12.530+0000] GC(1617) User=0.86s Sys=0.03s Real=0.12s
[2025-08-01T01:09:12.545+0000] GC(1618) Pause Young (Mixed) (G1 Evacuation Pause)
[2025-08-01T01:09:12.545+0000] GC(1618) Using 8 workers of 8 for evacuation
[2025-08-01T01:09:12.564+0000] GC(1618)   Pre Evacuate Collection Set: 0.9ms
[2025-08-01T01:09:12.564+0000] GC(1618)   Merge Heap Roots: 0.2ms
[2025-08-01T01:09:12.564+0000] GC(1618)   Evacuate Collection Set: 16.6ms
[2025-08-01T01:09:12.564+0000] GC(1618)   Post Evacuate Collection Set: 0.7ms
[2025-08-01T01:09:12.564+0000] GC(1618)   Other: 0.2ms
[2025-08-01T01:09:12.564+0000] GC(1618) Eden regions: 56->0(245)
[2025-08-01T01:09:12.564+0000] GC(1618) Survivor regions: 46->13(13)
[2025-08-01T01:09:12.564+0000] GC(1618) Old regions: 1159->1054
[2025-08-01T01:09:12.564+0000] GC(1618) Archive regions: 2->2
[2025-08-01T01:09:12.564+0000] GC(1618) Humongous regions: 0->0
[2025-08-01T01:09:12.564+0000] GC(1618) Metaspace: 10061K(10304K)->10061K(10304K) NonClass: 8835K(8960K)->8835K(8960K) Class: 1225K(1344K)->1225K(1344K)
[2025-08-01T01:09:12.564+0000] GC(1618) Pause Young (Mixed) (G1 Evacuation Pause) 2519M->2135M(4096M) 18.751ms
[2025-08-01T01:09:12.564+0000] GC(1618) User=0.13s Sys=0.00s Real=0.02s
[2025-08-01T01:09:12.667+0000] GC(1619) Pause Young (Concurrent Start) (G1 Evacuation Pause)
[2025-08-01T01:09:12.667+0000] GC(1619) Using 8 workers of 8 for evacuation
[2025-08-01T01:09:12.733+0000] GC(1619)   Pre Evacuate Collection Set: 0.7ms
[2025-08-01T01:09:12.734+0000] GC(1619)   Merge Heap Roots: 0.2ms
[2025-08-01T01:09:12.734+0000] GC(1619)   Evacuate Collection Set: 63.3ms
[2025-08-01T01:09:12.734+0000] GC(1619)   Post Evacuate Collection Set: 1.5ms
[2025-08-01T01:09:12.734+0000] GC(1619)   Other: 0.3ms
[2025-08-01T01:09:12.734+0000] GC(1619) Eden regions: 245->0(210)
[2025-08-01T01:09:12.734+0000] GC(1619) Survivor regions: 13->33(33)
[2025-08-01T01:09:12.734+0000] GC(1619) Old regions: 1054->1168
[2025-08-01T01:09:12.734+0000] GC(1619) Archive regions: 2->2
[2025-08-01T01:09:12.734+0000] GC(1619) Humongous regions: 0->0
[2025-08-01T01:09:12.734+0000] GC(1619) Metaspace: 10061K(10304K)->10061K(10304K) NonClass: 8835K(8960K)->8835K(8960K) Class: 1225K(1344K)->1225K(1344K)
[2025-08-01T01:09:12.734+0000] GC(1619) Pause Young (Concurrent Start) (G1 Evacuation Pause) 2625M->2402M(4096M) 66.227ms
[2025-08-01T01:09:12.734+0000] GC(1619) User=0.47s Sys=0.03s Real=0.07s
[2025-08-01T01:09:12.734+0000] GC(1620) Concurrent Mark Cycle
[2025-08-01T01:09:12.734+0000] GC(1620) Concurrent Clear Claimed Marks
[2025-08-01T01:09:12.734+0000] GC(1620) Concurrent Clear Claimed Marks 0.025ms
[2025-08-01T01:09:12.734+0000] GC(1620) Concurrent Scan Root Regions
[2025-08-01T01:09:12.771+0000] GC(1620) Concurrent Scan Root Regions 36.939ms
[2025-08-01T01:09:12.771+0000] GC(1620) Concurrent Mark
[2025-08-01T01:09:12.771+0000] GC(1620) Concurrent Mark From Roots
[2025-08-01T01:09:12.771+0000] GC(1620) Using 2 workers of 2 for marking
[2025-08-01T01:09:12.788+0000] GC(1620) Concurrent Mark From Roots 16.899ms
[2025-08-01T01:09:12.788+0000] GC(1620) Concurrent Preclean
[2025-08-01T01:09:12.788+0000] GC(1620) Concurrent Preclean 0.186ms
[2025-08-01T01:09:12.788+0000] GC(1620) Pause Remark
[2025-08-01T01:09:12.792+0000] GC(1620) Pause Remark 2657M->609M(4096M) 4.048ms
[2025-08-01T01:09:12.792+0000] GC(1620) User=0.01s Sys=0.00s Real=0.00s
[2025-08-01T01:09:12.793+0000] GC(1620) Concurrent Mark 21.377ms
[2025-08-01T01:09:12.793+0000] GC(1620) Concurrent Rebuild Remembered Sets
[2025-08-01T01:09:12.823+0000] GC(1621) Pause Young (Normal) (G1 Evacuation Pause)
[2025-08-01T01:09:12.823+0000] GC(1621) Using 8 workers of 8 for evacuation
[2025-08-01T01:09:12.897+0000] GC(1621)   Pre Evacuate Collection Set: 0.6ms
[2025-08-01T01:09:12.897+0000] GC(1621)   Merge Heap Roots: 0.2ms
[2025-08-01T01:09:12.897+0000] GC(1621)   Evacuate Collection Set: 72.3ms
[2025-08-01T01:09:12.897+0000] GC(1621)   Post Evacuate Collection Set: 1.7ms
[2025-08-01T01:09:12.897+0000] GC(1621)   Other: 0.2ms
[2025-08-01T01:09:12.897+0000] GC(1621) Eden regions: 210->0(513)
[2025-08-01T01:09:12.897+0000] GC(1621) Survivor regions: 33->31(31)
[2025-08-01T01:09:12.897+0000] GC(1621) Old regions: 144->357
[2025-08-01T01:09:12.897+0000] GC(1621) Archive regions: 2->2
[2025-08-01T01:09:12.897+0000] GC(1621) Humongous regions: 0->0
[2025-08-01T01:09:12.897+0000] GC(1621) Metaspace: 10061K(10304K)->10061K(10304K) NonClass: 8835K(8960K)->8835K(8960K) Class: 1225K(1344K)->1225K(1344K)
[2025-08-01T01:09:12.898+0000] GC(1621) Pause Young (Normal) (G1 Evacuation Pause) 774M->777M(4096M) 75.009ms
[2025-08-01T01:09:12.898+0000] GC(1621) User=0.57s Sys=0.02s Real=0.08s
[2025-08-01T01:09:12.905+0000] GC(1620) Concurrent Rebuild Remembered Sets 112.917ms
[2025-08-01T01:09:12.906+0000] GC(1620) Pause Cleanup
[2025-08-01T01:09:12.907+0000] GC(1620) Pause Cleanup 873M->873M(4096M) 0.765ms
[2025-08-01T01:09:12.907+0000] GC(1620) User=0.00s Sys=0.00s Real=0.00s
[2025-08-01T01:09:12.907+0000] GC(1620) Concurrent Cleanup for Next Mark
[2025-08-01T01:09:12.919+0000] GC(1620) Concurrent Cleanup for Next Mark 11.952ms
[2025-08-01T01:09:12.919+0000] GC(1620) Concurrent Mark Cycle 184.872ms
[2025-08-01T01:09:13.141+0000] GC(1622) Pause Young (Prepare Mixed) (G1 Evacuation Pause)
[2025-08-01T01:09:13.141+0000] GC(1622) Using 8 workers of 8 for evacuation
[2025-08-01T01:09:13.361+0000] GC(1622) MMU target violated: 201.0ms (200.0ms/201.0ms)
[2025-08-01T01:09:13.361+0000] GC(1622)   Pre Evacuate Collection Set: 0.6ms
[2025-08-01T01:09:13.361+0000] GC(1622)   Merge Heap Roots: 0.4ms
[2025-08-01T01:09:13.361+0000] GC(1622)   Evacuate Collection Set: 216.1ms
[2025-08-01T01:09:13.361+0000] GC(1622)   Post Evacuate Collection Set: 2.3ms
[2025-08-01T01:09:13.361+0000] GC(1622)   Other: 0.4ms
[2025-08-01T01:09:13.361+0000] GC(1622) Eden regions: 513->0(34)
[2025-08-01T01:09:13.361+0000] GC(1622) Survivor regions: 31->68(68)
[2025-08-01T01:09:13.361+0000] GC(1622) Old regions: 357->605
[2025-08-01T01:09:13.361+0000] GC(1622) Archive regions: 2->2
[2025-08-01T01:09:13.361+0000] GC(1622) Humongous regions: 0->0
[2025-08-01T01:09:13.361+0000] GC(1622) Metaspace: 10061K(10304K)->10061K(10304K) NonClass: 8835K(8960K)->8835K(8960K) Class: 1225K(1344K)->1225K(1344K)
[2025-08-01T01:09:13.361+0000] GC(1622) Pause Young (Prepare Mixed) (G1 Evacuation Pause) 1803M->1346M(4096M) 220.137ms
[2025-08-01T01:09:13.361+0000] GC(1622) User=1.64s Sys=0.08s Real=0.22s
[2025-08-01T01:09:13.371+0000] GC(1623) Pause Young (Mixed) (G1 Evacuation Pause)
[2025-08-01T01:09:13.371+0000] GC(1623) Using 8 workers of 8 for evacuation
[2025-08-01T01:09:13.426+0000] GC(1623)   Pre Evacuate Collection Set: 0.8ms
[2025-08-01T01:09:13.426+0000] GC(1623)   Merge Heap Roots: 0.3ms
[2025-08-01T01:09:13.426+0000] GC(1623)   Evacuate Collection Set: 52.2ms
[2025-08-01T01:09:13.426+0000] GC(1623)   Post Evacuate Collection Set: 1.5ms
[2025-08-01T01:09:13.426+0000] GC(1623)   Other: 0.2ms
[2025-08-01T01:09:13.426+0000] GC(1623) Eden regions: 34->0(343)
[2025-08-01T01:09:13.426+0000] GC(1623) Survivor regions: 68->13(13)
[2025-08-01T01:09:13.426+0000] GC(1623) Old regions: 605->695
[2025-08-01T01:09:13.426+0000] GC(1623) Archive regions: 2->2
[2025-08-01T01:09:13.426+0000] GC(1623) Humongous regions: 0->0
[2025-08-01T01:09:13.426+0000] GC(1623) Metaspace: 10061K(10304K)->10061K(10304K) NonClass: 8835K(8960K)->8835K(8960K) Class: 1225K(1344K)->1225K(1344K)
[2025-08-01T01:09:13.427+0000] GC(1623) Pause Young (Mixed) (G1 Evacuation Pause) 1414M->1417M(4096M) 55.312ms
[2025-08-01T01:09:13.427+0000] GC(1623) User=0.40s Sys=0.01s Real=0.06s
[2025-08-01T01:09:13.586+0000] GC(1624) Pause Young (Concurrent Start) (G1 Evacuation Pause)
[2025-08-01T01:09:13.586+0000] GC(1624) Using 8 workers of 8 for evacuation
[2025-08-01T01:09:13.698+0000] GC(1624)   Pre Evacuate Collection Set: 0.4ms
[2025-08-01T01:09:13.698+0000] GC(1624)   Merge Heap Roots: 0.2ms
[2025-08-01T01:09:13.698+0000] GC(1624)   Evacuate Collection Set: 110.7ms
[2025-08-01T01:09:13.699+0000] GC(1624)   Post Evacuate Collection Set: 1.1ms
[2025-08-01T01:09:13.699+0000] GC(1624)   Other: 0.3ms
[2025-08-01T01:09:13.699+0000] GC(1624) Eden regions: 343->0(280)
[2025-08-01T01:09:13.699+0000] GC(1624) Survivor regions: 13->45(45)
[2025-08-01T01:09:13.699+0000] GC(1624) Old regions: 695->940
[2025-08-01T01:09:13.699+0000] GC(1624) Archive regions: 2->2
[2025-08-01T01:09:13.699+0000] GC(1624) Humongous regions: 0->0
[2025-08-01T01:09:13.699+0000] GC(1624) Metaspace: 10061K(10304K)->10061K(10304K) NonClass: 8835K(8960K)->8835K(8960K) Class: 1225K(1344K)->1225K(1344K)
[2025-08-01T01:09:13.699+0000] GC(1624) Pause Young (Concurrent Start) (G1 Evacuation Pause) 2103M->1971M(4096M) 112.898ms
[2025-08-01T01:09:13.699+0000] GC(1624) User=0.86s Sys=0.02s Real=0.11s
[2025-08-01T01:09:13.699+0000] GC(1625) Concurrent Mark Cycle
[2025-08-01T01:09:13.699+0000] GC(1625) Concurrent Clear Claimed Marks
[2025-08-01T01:09:13.699+0000] GC(1625) Concurrent Clear Claimed Marks 0.019ms
[2025-08-01T01:09:13.699+0000] GC(1625) Concurrent Scan Root Regions
[2025-08-01T01:09:13.758+0000] GC(1625) Concurrent Scan Root Regions 58.698ms
[2025-08-01T01:09:13.758+0000] GC(1625) Concurrent Mark
[2025-08-01T01:09:13.758+0000] GC(1625) Concurrent Mark From Roots
[2025-08-01T01:09:13.758+0000] GC(1625) Using 2 workers of 2 for marking
[2025-08-01T01:09:13.814+0000] GC(1625) Concurrent Mark From Roots 56.171ms
[2025-08-01T01:09:13.814+0000] GC(1625) Concurrent Preclean
[2025-08-01T01:09:13.814+0000] GC(1625) Concurrent Preclean 0.398ms
[2025-08-01T01:09:13.815+0000] GC(1626) Pause Young (Normal) (G1 Evacuation Pause)
[2025-08-01T01:09:13.815+0000] GC(1626) Using 8 workers of 8 for evacuation
[2025-08-01T01:09:13.944+0000] GC(1626)   Pre Evacuate Collection Set: 0.7ms
[2025-08-01T01:09:13.945+0000] GC(1626)   Merge Heap Roots: 0.2ms
[2025-08-01T01:09:13.945+0000] GC(1626)   Evacuate Collection Set: 127.2ms
[2025-08-01T01:09:13.945+0000] GC(1626)   Post Evacuate Collection Set: 1.0ms
[2025-08-01T01:09:13.945+0000] GC(1626)   Other: 0.2ms
[2025-08-01T01:09:13.945+0000] GC(1626) Eden regions: 280->0(179)
[2025-08-01T01:09:13.945+0000] GC(1626) Survivor regions: 45->41(41)
[2025-08-01T01:09:13.945+0000] GC(1626) Old regions: 940->1225
[2025-08-01T01:09:13.945+0000] GC(1626) Archive regions: 2->2
[2025-08-01T01:09:13.945+0000] GC(1626) Humongous regions: 0->0
[2025-08-01T01:09:13.945+0000] GC(1626) Metaspace: 10061K(10304K)->10061K(10304K) NonClass: 8835K(8960K)->8835K(8960K) Class: 1225K(1344K)->1225K(1344K)
[2025-08-01T01:09:13.945+0000] GC(1626) Pause Young (Normal) (G1 Evacuation Pause) 2531M->2532M(4096M) 129.578ms
[2025-08-01T01:09:13.945+0000] GC(1626) User=0.93s Sys=0.05s Real=0.13s
[2025-08-01T01:09:13.946+0000] GC(1625) Pause Remark
[2025-08-01T01:09:13.948+0000] GC(1625) Pause Remark 2538M->1406M(4096M) 2.428ms
[2025-08-01T01:09:13.948+0000] GC(1625) User=0.00s Sys=0.00s Real=0.00s
[2025-08-01T01:09:13.948+0000] GC(1625) Concurrent Mark 190.573ms
[2025-08-01T01:09:13.948+0000] GC(1625) Concurrent Rebuild Remembered Sets
[2025-08-01T01:09:14.023+0000] GC(1627) Pause Young (Normal) (G1 Evacuation Pause)
[2025-08-01T01:09:14.023+0000] GC(1627) Using 8 workers of 8 for evacuation
[2025-08-01T01:09:14.064+0000] GC(1627)   Pre Evacuate Collection Set: 0.8ms
[2025-08-01T01:09:14.064+0000] GC(1627)   Merge Heap Roots: 0.3ms
[2025-08-01T01:09:14.064+0000] GC(1627)   Evacuate Collection Set: 38.4ms
[2025-08-01T01:09:14.064+0000] GC(1627)   Post Evacuate Collection Set: 1.0ms
[2025-08-01T01:09:14.064+0000] GC(1627)   Other: 0.2ms
[2025-08-01T01:09:14.064+0000] GC(1627) Eden regions: 179->0(362)
[2025-08-01T01:09:14.064+0000] GC(1627) Survivor regions: 41->28(28)
[2025-08-01T01:09:14.064+0000] GC(1627) Old regions: 659->762
[2025-08-01T01:09:14.064+0000] GC(1627) Archive regions: 2->2
[2025-08-01T01:09:14.064+0000] GC(1627) Humongous regions: 0->0
[2025-08-01T01:09:14.064+0000] GC(1627) Metaspace: 10061K(10304K)->10061K(10304K) NonClass: 8835K(8960K)->8835K(8960K) Class: 1225K(1344K)->1225K(1344K)
[2025-08-01T01:09:14.064+0000] GC(1627) Pause Young (Normal) (G1 Evacuation Pause) 1758M->1580M(4096M) 40.783ms
[2025-08-01T01:09:14.064+0000] GC(1627) User=0.30s Sys=0.00s Real=0.04s
[2025-08-01T01:09:14.149+0000] GC(1625) Concurrent Rebuild Remembered Sets 200.621ms
[2025-08-01T01:09:14.149+0000] GC(1625) Pause Cleanup
[2025-08-01T01:09:14.150+0000] GC(1625) Pause Cleanup 2044M->2044M(4096M) 0.728ms
[2025-08-01T01:09:14.150+0000] GC(1625) User=0.00s Sys=0.00s Real=0.00s
[2025-08-01T01:09:14.150+0000] GC(1625) Concurrent Cleanup for Next Mark
[2025-08-01T01:09:14.161+0000] GC(1625) Concurrent Cleanup for Next Mark 10.403ms
[2025-08-01T01:09:14.161+0000] GC(1625) Concurrent Mark Cycle 461.989ms
[2025-08-01T01:09:14.216+0000] GC(1628) Pause Young (Prepare Mixed) (G1 Evacuation Pause)
[2025-08-01T01:09:14.216+0000] GC(1628) Using 8 workers of 8 for evacuation
[2025-08-01T01:09:14.350+0000] GC(1628)   Pre Evacuate Collection Set: 0.5ms
[2025-08-01T01:09:14.350+0000] GC(1628)   Merge Heap Roots: 0.3ms
[2025-08-01T01:09:14.350+0000] GC(1628)   Evacuate Collection Set: 132.2ms
[2025-08-01T01:09:14.350+0000] GC(1628)   Post Evacuate Collection Set: 1.4ms
[2025-08-01T01:09:14.350+0000] GC(1628)   Other: 0.2ms
[2025-08-01T01:09:14.350+0000] GC(1628) Eden regions: 362->0(53)
[2025-08-01T01:09:14.350+0000] GC(1628) Survivor regions: 28->49(49)
[2025-08-01T01:09:14.350+0000] GC(1628) Old regions: 762->971
[2025-08-01T01:09:14.350+0000] GC(1628) Archive regions: 2->2
[2025-08-01T01:09:14.350+0000] GC(1628) Humongous regions: 0->0
[2025-08-01T01:09:14.350+0000] GC(1628) Metaspace: 10061K(10304K)->10061K(10304K) NonClass: 8835K(8960K)->8835K(8960K) Class: 1225K(1344K)->1225K(1344K)
[2025-08-01T01:09:14.350+0000] GC(1628) Pause Young (Prepare Mixed) (G1 Evacuation Pause) 2304M->2041M(4096M) 134.781ms
[2025-08-01T01:09:14.350+0000] GC(1628) User=1.02s Sys=0.04s Real=0.13s
[2025-08-01T01:09:14.361+0000] GC(1629) Pause Young (Mixed) (G1 Evacuation Pause)
[2025-08-01T01:09:14.361+0000] GC(1629) Using 8 workers of 8 for evacuation
[2025-08-01T01:09:14.399+0000] GC(1629)   Pre Evacuate Collection Set: 0.4ms
[2025-08-01T01:09:14.399+0000] GC(1629)   Merge Heap Roots: 0.1ms
[2025-08-01T01:09:14.399+0000] GC(1629)   Evacuate Collection Set: 35.9ms
[2025-08-01T01:09:14.399+0000] GC(1629)   Post Evacuate Collection Set: 0.8ms
[2025-08-01T01:09:14.399+0000] GC(1629)   Other: 0.2ms
[2025-08-01T01:09:14.399+0000] GC(1629) Eden regions: 53->0(258)
[2025-08-01T01:09:14.399+0000] GC(1629) Survivor regions: 49->13(13)
[2025-08-01T01:09:14.399+0000] GC(1629) Old regions: 971->1051
[2025-08-01T01:09:14.399+0000] GC(1629) Archive regions: 2->2
[2025-08-01T01:09:14.399+0000] GC(1629) Humongous regions: 0->0
[2025-08-01T01:09:14.399+0000] GC(1629) Metaspace: 10061K(10304K)->10061K(10304K) NonClass: 8835K(8960K)->8835K(8960K) Class: 1225K(1344K)->1225K(1344K)
[2025-08-01T01:09:14.399+0000] GC(1629) Pause Young (Mixed) (G1 Evacuation Pause) 2147M->2128M(4096M) 37.631ms
[2025-08-01T01:09:14.399+0000] GC(1629) User=0.27s Sys=0.01s Real=0.04s
[2025-08-01T01:09:14.492+0000] GC(1630) Pause Young (Concurrent Start) (G1 Evacuation Pause)
[2025-08-01T01:09:14.492+0000] GC(1630) Using 8 workers of 8 for evacuation
[2025-08-01T01:09:14.619+0000] GC(1630)   Pre Evacuate Collection Set: 1.0ms
[2025-08-01T01:09:14.619+0000] GC(1630)   Merge Heap Roots: 0.7ms
[2025-08-01T01:09:14.619+0000] GC(1630)   Evacuate Collection Set: 123.8ms
[2025-08-01T01:09:14.619+0000] GC(1630)   Post Evacuate Collection Set: 1.1ms
[2025-08-01T01:09:14.619+0000] GC(1630)   Other: 0.9ms
[2025-08-01T01:09:14.619+0000] GC(1630) Eden regions: 258->0(162)
[2025-08-01T01:09:14.619+0000] GC(1630) Survivor regions: 13->34(34)
[2025-08-01T01:09:14.619+0000] GC(1630) Old regions: 1051->1290
[2025-08-01T01:09:14.619+0000] GC(1630) Archive regions: 2->2
[2025-08-01T01:09:14.619+0000] GC(1630) Humongous regions: 0->0
[2025-08-01T01:09:14.619+0000] GC(1630) Metaspace: 10061K(10304K)->10061K(10304K) NonClass: 8835K(8960K)->8835K(8960K) Class: 1225K(1344K)->1225K(1344K)
[2025-08-01T01:09:14.619+0000] GC(1630) Pause Young (Concurrent Start) (G1 Evacuation Pause) 2644M->2648M(4096M) 127.618ms
[2025-08-01T01:09:14.619+0000] GC(1630) User=0.88s Sys=0.05s Real=0.13s
[2025-08-01T01:09:14.622+0000] GC(1631) Concurrent Mark Cycle
[2025-08-01T01:09:14.622+0000] GC(1631) Concurrent Clear Claimed Marks
[2025-08-01T01:09:14.622+0000] GC(1631) Concurrent Clear Claimed Marks 0.027ms
[2025-08-01T01:09:14.622+0000] GC(1631) Concurrent Scan Root Regions
[2025-08-01T01:09:14.671+0000] GC(1631) Concurrent Scan Root Regions 49.752ms
[2025-08-01T01:09:14.672+0000] GC(1631) Concurrent Mark
[2025-08-01T01:09:14.672+0000] GC(1631) Concurrent Mark From Roots
[2025-08-01T01:09:14.672+0000] GC(1631) Using 2 workers of 2 for marking
[2025-08-01T01:09:14.695+0000] GC(1632) Pause Young (Normal) (G1 Evacuation Pause)
[2025-08-01T01:09:14.695+0000] GC(1632) Using 8 workers of 8 for evacuation
[2025-08-01T01:09:14.760+0000] GC(1632)   Pre Evacuate Collection Set: 0.4ms
[2025-08-01T01:09:14.760+0000] GC(1632)   Merge Heap Roots: 0.3ms
[2025-08-01T01:09:14.760+0000] GC(1632)   Evacuate Collection Set: 62.5ms
[2025-08-01T01:09:14.760+0000] GC(1632)   Post Evacuate Collection Set: 1.0ms
[2025-08-01T01:09:14.760+0000] GC(1632)   Other: 0.2ms
[2025-08-01T01:09:14.760+0000] GC(1632) Eden regions: 162->0(109)
[2025-08-01T01:09:14.760+0000] GC(1632) Survivor regions: 34->25(25)
[2025-08-01T01:09:14.760+0000] GC(1632) Old regions: 1290->1462
[2025-08-01T01:09:14.760+0000] GC(1632) Archive regions: 2->2
[2025-08-01T01:09:14.760+0000] GC(1632) Humongous regions: 0->0
[2025-08-01T01:09:14.760+0000] GC(1632) Metaspace: 10061K(10304K)->10061K(10304K) NonClass: 8835K(8960K)->8835K(8960K) Class: 1225K(1344K)->1225K(1344K)
[2025-08-01T01:09:14.760+0000] GC(1632) Pause Young (Normal) (G1 Evacuation Pause) 2972M->2974M(4096M) 64.628ms
[2025-08-01T01:09:14.760+0000] GC(1632) User=0.44s Sys=0.01s Real=0.06s
[2025-08-01T01:09:14.821+0000] GC(1633) Pause Young (Normal) (G1 Evacuation Pause)
[2025-08-01T01:09:14.821+0000] GC(1633) Using 8 workers of 8 for evacuation
[2025-08-01T01:09:14.858+0000] GC(1633)   Pre Evacuate Collection Set: 0.4ms
[2025-08-01T01:09:14.858+0000] GC(1633)   Merge Heap Roots: 0.2ms
[2025-08-01T01:09:14.858+0000] GC(1633)   Evacuate Collection Set: 35.8ms
[2025-08-01T01:09:14.858+0000] GC(1633)   Post Evacuate Collection Set: 1.0ms
[2025-08-01T01:09:14.858+0000] GC(1633)   Other: 0.2ms
[2025-08-01T01:09:14.858+0000] GC(1633) Eden regions: 109->0(86)
[2025-08-01T01:09:14.858+0000] GC(1633) Survivor regions: 25->17(17)
[2025-08-01T01:09:14.858+0000] GC(1633) Old regions: 1462->1548
[2025-08-01T01:09:14.858+0000] GC(1633) Archive regions: 2->2
[2025-08-01T01:09:14.858+0000] GC(1633) Humongous regions: 0->0
[2025-08-01T01:09:14.858+0000] GC(1633) Metaspace: 10061K(10304K)->10061K(10304K) NonClass: 8835K(8960K)->8835K(8960K) Class: 1225K(1344K)->1225K(1344K)
[2025-08-01T01:09:14.858+0000] GC(1633) Pause Young (Normal) (G1 Evacuation Pause) 3192M->3130M(4096M) 37.695ms
[2025-08-01T01:09:14.858+0000] GC(1633) User=0.25s Sys=0.01s Real=0.04s
[2025-08-01T01:09:14.873+0000] GC(1634) Pause Young (Normal) (G1 Evacuation Pause)
[2025-08-01T01:09:14.873+0000] GC(1634) Using 8 workers of 8 for evacuation
[2025-08-01T01:09:14.905+0000] GC(1634)   Pre Evacuate Collection Set: 0.5ms
[2025-08-01T01:09:14.905+0000] GC(1634)   Merge Heap Roots: 0.2ms
[2025-08-01T01:09:14.906+0000] GC(1634)   Evacuate Collection Set: 30.5ms
[2025-08-01T01:09:14.906+0000] GC(1634)   Post Evacuate Collection Set: 0.8ms
[2025-08-01T01:09:14.906+0000] GC(1634)   Other: 0.2ms
[2025-08-01T01:09:14.906+0000] GC(1634) Eden regions: 86->0(89)
[2025-08-01T01:09:14.906+0000] GC(1634) Survivor regions: 17->13(13)
[2025-08-01T01:09:14.906+0000] GC(1634) Old regions: 1548->1640
[2025-08-01T01:09:14.906+0000] GC(1634) Archive regions: 2->2
[2025-08-01T01:09:14.906+0000] GC(1634) Humongous regions: 0->0
[2025-08-01T01:09:14.906+0000] GC(1634) Metaspace: 10061K(10304K)->10061K(10304K) NonClass: 8835K(8960K)->8835K(8960K) Class: 1225K(1344K)->1225K(1344K)
[2025-08-01T01:09:14.906+0000] GC(1634) Pause Young (Normal) (G1 Evacuation Pause) 3302M->3306M(4096M) 32.299ms
[2025-08-01T01:09:14.906+0000] GC(1634) User=0.22s Sys=0.01s Real=0.03s
[2025-08-01T01:09:14.925+0000] GC(1631) Concurrent Mark From Roots 253.094ms
[2025-08-01T01:09:14.925+0000] GC(1631) Concurrent Preclean
[2025-08-01T01:09:14.925+0000] GC(1631) Concurrent Preclean 0.433ms
[2025-08-01T01:09:14.926+0000] GC(1631) Pause Remark
[2025-08-01T01:09:14.930+0000] GC(1631) Pause Remark 3470M->2060M(4096M) 3.502ms
[2025-08-01T01:09:14.930+0000] GC(1631) User=0.01s Sys=0.00s Real=0.00s
[2025-08-01T01:09:14.930+0000] GC(1631) Concurrent Mark 258.241ms
[2025-08-01T01:09:14.930+0000] GC(1631) Concurrent Rebuild Remembered Sets
[2025-08-01T01:09:14.933+0000] GC(1635) Pause Young (Normal) (G1 Evacuation Pause)
[2025-08-01T01:09:14.933+0000] GC(1635) Using 8 workers of 8 for evacuation
[2025-08-01T01:09:14.951+0000] GC(1635)   Pre Evacuate Collection Set: 0.4ms
[2025-08-01T01:09:14.951+0000] GC(1635)   Merge Heap Roots: 0.1ms
[2025-08-01T01:09:14.951+0000] GC(1635)   Evacuate Collection Set: 16.5ms
[2025-08-01T01:09:14.951+0000] GC(1635)   Post Evacuate Collection Set: 0.8ms
[2025-08-01T01:09:14.951+0000] GC(1635)   Other: 0.2ms
[2025-08-01T01:09:14.951+0000] GC(1635) Eden regions: 89->0(276)
[2025-08-01T01:09:14.951+0000] GC(1635) Survivor regions: 13->13(13)
[2025-08-01T01:09:14.951+0000] GC(1635) Old regions: 935->972
[2025-08-01T01:09:14.951+0000] GC(1635) Archive regions: 2->2
[2025-08-01T01:09:14.951+0000] GC(1635) Humongous regions: 0->0
[2025-08-01T01:09:14.951+0000] GC(1635) Metaspace: 10061K(10304K)->10061K(10304K) NonClass: 8835K(8960K)->8835K(8960K) Class: 1225K(1344K)->1225K(1344K)
[2025-08-01T01:09:14.951+0000] GC(1635) Pause Young (Normal) (G1 Evacuation Pause) 2074M->1971M(4096M) 18.215ms
[2025-08-01T01:09:14.951+0000] GC(1635) User=0.13s Sys=0.00s Real=0.01s
[2025-08-01T01:09:15.060+0000] GC(1636) Pause Young (Normal) (G1 Evacuation Pause)
[2025-08-01T01:09:15.060+0000] GC(1636) Using 8 workers of 8 for evacuation
[2025-08-01T01:09:15.161+0000] GC(1636)   Pre Evacuate Collection Set: 1.0ms
[2025-08-01T01:09:15.161+0000] GC(1636)   Merge Heap Roots: 0.2ms
[2025-08-01T01:09:15.161+0000] GC(1636)   Evacuate Collection Set: 97.8ms
[2025-08-01T01:09:15.161+0000] GC(1636)   Post Evacuate Collection Set: 1.1ms
[2025-08-01T01:09:15.161+0000] GC(1636)   Other: 0.2ms
[2025-08-01T01:09:15.161+0000] GC(1636) Eden regions: 276->0(181)
[2025-08-01T01:09:15.161+0000] GC(1636) Survivor regions: 13->37(37)
[2025-08-01T01:09:15.161+0000] GC(1636) Old regions: 972->1226
[2025-08-01T01:09:15.161+0000] GC(1636) Archive regions: 2->2
[2025-08-01T01:09:15.161+0000] GC(1636) Humongous regions: 0->0
[2025-08-01T01:09:15.161+0000] GC(1636) Metaspace: 10061K(10304K)->10061K(10304K) NonClass: 8835K(8960K)->8835K(8960K) Class: 1225K(1344K)->1225K(1344K)
[2025-08-01T01:09:15.161+0000] GC(1636) Pause Young (Normal) (G1 Evacuation Pause) 2523M->2526M(4096M) 100.480ms
[2025-08-01T01:09:15.161+0000] GC(1636) User=0.75s Sys=0.03s Real=0.10s
[2025-08-01T01:09:15.239+0000] GC(1637) Pause Young (Normal) (G1 Evacuation Pause)
[2025-08-01T01:09:15.239+0000] GC(1637) Using 8 workers of 8 for evacuation
[2025-08-01T01:09:15.311+0000] GC(1637)   Pre Evacuate Collection Set: 0.6ms
[2025-08-01T01:09:15.311+0000] GC(1637)   Merge Heap Roots: 0.2ms
[2025-08-01T01:09:15.311+0000] GC(1637)   Evacuate Collection Set: 70.4ms
[2025-08-01T01:09:15.311+0000] GC(1637)   Post Evacuate Collection Set: 0.9ms
[2025-08-01T01:09:15.311+0000] GC(1637)   Other: 0.2ms
[2025-08-01T01:09:15.311+0000] GC(1637) Eden regions: 181->0(123)
[2025-08-01T01:09:15.311+0000] GC(1637) Survivor regions: 37->28(28)
[2025-08-01T01:09:15.311+0000] GC(1637) Old regions: 1226->1417
[2025-08-01T01:09:15.311+0000] GC(1637) Archive regions: 2->2
[2025-08-01T01:09:15.311+0000] GC(1637) Humongous regions: 0->0
[2025-08-01T01:09:15.311+0000] GC(1637) Metaspace: 10061K(10304K)->10061K(10304K) NonClass: 8835K(8960K)->8835K(8960K) Class: 1225K(1344K)->1225K(1344K)
[2025-08-01T01:09:15.311+0000] GC(1637) Pause Young (Normal) (G1 Evacuation Pause) 2888M->2891M(4096M) 72.493ms
[2025-08-01T01:09:15.311+0000] GC(1637) User=0.55s Sys=0.01s Real=0.07s
[2025-08-01T01:09:15.357+0000] GC(1631) Concurrent Rebuild Remembered Sets 427.670ms
[2025-08-01T01:09:15.358+0000] GC(1631) Pause Cleanup
[2025-08-01T01:09:15.360+0000] GC(1631) Pause Cleanup 3116M->3116M(4096M) 2.715ms
[2025-08-01T01:09:15.360+0000] GC(1631) User=0.00s Sys=0.01s Real=0.00s
[2025-08-01T01:09:15.361+0000] GC(1631) Concurrent Cleanup for Next Mark
[2025-08-01T01:09:15.368+0000] GC(1631) Concurrent Cleanup for Next Mark 7.114ms
[2025-08-01T01:09:15.368+0000] GC(1631) Concurrent Mark Cycle 746.350ms
[2025-08-01T01:09:15.376+0000] GC(1638) Pause Young (Prepare Mixed) (G1 Evacuation Pause)
[2025-08-01T01:09:15.376+0000] GC(1638) Using 8 workers of 8 for evacuation
[2025-08-01T01:09:15.417+0000] GC(1638)   Pre Evacuate Collection Set: 0.8ms
[2025-08-01T01:09:15.417+0000] GC(1638)   Merge Heap Roots: 0.2ms
[2025-08-01T01:09:15.417+0000] GC(1638)   Evacuate Collection Set: 39.1ms
[2025-08-01T01:09:15.417+0000] GC(1638)   Post Evacuate Collection Set: 1.1ms
[2025-08-01T01:09:15.417+0000] GC(1638)   Other: 0.2ms
[2025-08-01T01:09:15.417+0000] GC(1638) Eden regions: 123->0(83)
[2025-08-01T01:09:15.417+0000] GC(1638) Survivor regions: 28->19(19)
[2025-08-01T01:09:15.417+0000] GC(1638) Old regions: 1417->1508
[2025-08-01T01:09:15.417+0000] GC(1638) Archive regions: 2->2
[2025-08-01T01:09:15.417+0000] GC(1638) Humongous regions: 0->0
[2025-08-01T01:09:15.417+0000] GC(1638) Metaspace: 10061K(10304K)->10061K(10304K) NonClass: 8835K(8960K)->8835K(8960K) Class: 1225K(1344K)->1225K(1344K)
[2025-08-01T01:09:15.417+0000] GC(1638) Pause Young (Prepare Mixed) (G1 Evacuation Pause) 3137M->3055M(4096M) 41.532ms
[2025-08-01T01:09:15.417+0000] GC(1638) User=0.30s Sys=0.01s Real=0.04s
[2025-08-01T01:09:15.431+0000] GC(1639) Pause Young (Mixed) (G1 Evacuation Pause)
[2025-08-01T01:09:15.431+0000] GC(1639) Using 8 workers of 8 for evacuation
[2025-08-01T01:09:15.469+0000] GC(1639)   Pre Evacuate Collection Set: 0.7ms
[2025-08-01T01:09:15.469+0000] GC(1639)   Merge Heap Roots: 0.2ms
[2025-08-01T01:09:15.469+0000] GC(1639)   Evacuate Collection Set: 35.4ms
[2025-08-01T01:09:15.469+0000] GC(1639)   Post Evacuate Collection Set: 0.8ms
[2025-08-01T01:09:15.469+0000] GC(1639)   Other: 0.2ms
[2025-08-01T01:09:15.469+0000] GC(1639) Eden regions: 83->0(89)
[2025-08-01T01:09:15.469+0000] GC(1639) Survivor regions: 19->13(13)
[2025-08-01T01:09:15.469+0000] GC(1639) Old regions: 1508->1594
[2025-08-01T01:09:15.469+0000] GC(1639) Archive regions: 2->2
[2025-08-01T01:09:15.469+0000] GC(1639) Humongous regions: 0->0
[2025-08-01T01:09:15.469+0000] GC(1639) Metaspace: 10061K(10304K)->10061K(10304K) NonClass: 8835K(8960K)->8835K(8960K) Class: 1225K(1344K)->1225K(1344K)
[2025-08-01T01:09:15.469+0000] GC(1639) Pause Young (Mixed) (G1 Evacuation Pause) 3221M->3214M(4096M) 37.417ms
[2025-08-01T01:09:15.469+0000] GC(1639) User=0.27s Sys=0.01s Real=0.04s
[2025-08-01T01:09:15.529+0000] GC(1640) Pause Young (Concurrent Start) (G1 Evacuation Pause)
[2025-08-01T01:09:15.529+0000] GC(1640) Using 8 workers of 8 for evacuation
[2025-08-01T01:09:15.562+0000] GC(1640)   Pre Evacuate Collection Set: 0.6ms
[2025-08-01T01:09:15.562+0000] GC(1640)   Merge Heap Roots: 0.1ms
[2025-08-01T01:09:15.562+0000] GC(1640)   Evacuate Collection Set: 31.4ms
[2025-08-01T01:09:15.562+0000] GC(1640)   Post Evacuate Collection Set: 0.5ms
[2025-08-01T01:09:15.562+0000] GC(1640)   Other: 0.2ms
[2025-08-01T01:09:15.562+0000] GC(1640) Eden regions: 89->0(89)
[2025-08-01T01:09:15.562+0000] GC(1640) Survivor regions: 13->13(13)
[2025-08-01T01:09:15.562+0000] GC(1640) Old regions: 1594->1657
[2025-08-01T01:09:15.562+0000] GC(1640) Archive regions: 2->2
[2025-08-01T01:09:15.562+0000] GC(1640) Humongous regions: 0->0
[2025-08-01T01:09:15.562+0000] GC(1640) Metaspace: 10061K(10304K)->10061K(10304K) NonClass: 8835K(8960K)->8835K(8960K) Class: 1225K(1344K)->1225K(1344K)
[2025-08-01T01:09:15.562+0000] GC(1640) Pause Young (Concurrent Start) (G1 Evacuation Pause) 3392M->3341M(4096M) 32.941ms
[2025-08-01T01:09:15.562+0000] GC(1640) User=0.21s Sys=0.01s Real=0.03s
[2025-08-01T01:09:15.562+0000] GC(1641) Concurrent Mark Cycle
[2025-08-01T01:09:15.562+0000] GC(1641) Concurrent Clear Claimed Marks
[2025-08-01T01:09:15.562+0000] GC(1641) Concurrent Clear Claimed Marks 0.018ms
[2025-08-01T01:09:15.562+0000] GC(1641) Concurrent Scan Root Regions
[2025-08-01T01:09:15.581+0000] GC(1641) Concurrent Scan Root Regions 18.266ms
[2025-08-01T01:09:15.581+0000] GC(1641) Concurrent Mark
[2025-08-01T01:09:15.581+0000] GC(1641) Concurrent Mark From Roots
[2025-08-01T01:09:15.581+0000] GC(1641) Using 2 workers of 2 for marking
[2025-08-01T01:09:15.581+0000] GC(1642) Pause Young (Normal) (G1 Evacuation Pause)
[2025-08-01T01:09:15.581+0000] GC(1642) Using 8 workers of 8 for evacuation
[2025-08-01T01:09:15.612+0000] GC(1642)   Pre Evacuate Collection Set: 2.8ms
[2025-08-01T01:09:15.612+0000] GC(1642)   Merge Heap Roots: 0.1ms
[2025-08-01T01:09:15.612+0000] GC(1642)   Evacuate Collection Set: 29.8ms
[2025-08-01T01:09:15.612+0000] GC(1642)   Post Evacuate Collection Set: 0.9ms
[2025-08-01T01:09:15.612+0000] GC(1642)   Other: 0.2ms
[2025-08-01T01:09:15.612+0000] GC(1642) Eden regions: 89->0(89)
[2025-08-01T01:09:15.612+0000] GC(1642) Survivor regions: 13->13(13)
[2025-08-01T01:09:15.612+0000] GC(1642) Old regions: 1657->1749
[2025-08-01T01:09:15.612+0000] GC(1642) Archive regions: 2->2
[2025-08-01T01:09:15.612+0000] GC(1642) Humongous regions: 0->0
[2025-08-01T01:09:15.612+0000] GC(1642) Metaspace: 10061K(10304K)->10061K(10304K) NonClass: 8835K(8960K)->8835K(8960K) Class: 1225K(1344K)->1225K(1344K)
[2025-08-01T01:09:15.612+0000] GC(1642) Pause Young (Normal) (G1 Evacuation Pause) 3519M->3524M(4096M) 31.614ms
[2025-08-01T01:09:15.612+0000] GC(1642) User=0.24s Sys=0.01s Real=0.03s
[2025-08-01T01:09:15.629+0000] GC(1643) Pause Young (Normal) (G1 Evacuation Pause)
[2025-08-01T01:09:15.629+0000] GC(1643) Using 8 workers of 8 for evacuation
[2025-08-01T01:09:15.664+0000] GC(1643)   Pre Evacuate Collection Set: 0.3ms
[2025-08-01T01:09:15.664+0000] GC(1643)   Merge Heap Roots: 0.1ms
[2025-08-01T01:09:15.664+0000] GC(1643)   Evacuate Collection Set: 32.8ms
[2025-08-01T01:09:15.664+0000] GC(1643)   Post Evacuate Collection Set: 1.0ms
[2025-08-01T01:09:15.664+0000] GC(1643)   Other: 0.2ms
[2025-08-01T01:09:15.664+0000] GC(1643) Eden regions: 89->0(89)
[2025-08-01T01:09:15.664+0000] GC(1643) Survivor regions: 13->13(13)
[2025-08-01T01:09:15.664+0000] GC(1643) Old regions: 1749->1839
[2025-08-01T01:09:15.664+0000] GC(1643) Archive regions: 2->2
[2025-08-01T01:09:15.664+0000] GC(1643) Humongous regions: 0->0
[2025-08-01T01:09:15.664+0000] GC(1643) Metaspace: 10061K(10304K)->10061K(10304K) NonClass: 8835K(8960K)->8835K(8960K) Class: 1225K(1344K)->1225K(1344K)
[2025-08-01T01:09:15.664+0000] GC(1643) Pause Young (Normal) (G1 Evacuation Pause) 3702M->3704M(4096M) 34.693ms
[2025-08-01T01:09:15.664+0000] GC(1643) User=0.23s Sys=0.00s Real=0.04s
[2025-08-01T01:09:15.730+0000] GC(1644) Pause Young (Normal) (G1 Preventive Collection)
[2025-08-01T01:09:15.730+0000] GC(1644) Using 8 workers of 8 for evacuation
[2025-08-01T01:09:15.760+0000] GC(1644)   Pre Evacuate Collection Set: 0.2ms
[2025-08-01T01:09:15.760+0000] GC(1644)   Merge Heap Roots: 0.1ms
[2025-08-01T01:09:15.760+0000] GC(1644)   Evacuate Collection Set: 29.0ms
[2025-08-01T01:09:15.760+0000] GC(1644)   Post Evacuate Collection Set: 1.0ms
[2025-08-01T01:09:15.760+0000] GC(1644)   Other: 0.2ms
[2025-08-01T01:09:15.760+0000] GC(1644) Eden regions: 85->0(89)
[2025-08-01T01:09:15.761+0000] GC(1644) Survivor regions: 13->13(13)
[2025-08-01T01:09:15.761+0000] GC(1644) Old regions: 1839->1918
[2025-08-01T01:09:15.761+0000] GC(1644) Archive regions: 2->2
[2025-08-01T01:09:15.761+0000] GC(1644) Humongous regions: 0->0
[2025-08-01T01:09:15.761+0000] GC(1644) Metaspace: 10061K(10304K)->10061K(10304K) NonClass: 8835K(8960K)->8835K(8960K) Class: 1225K(1344K)->1225K(1344K)
[2025-08-01T01:09:15.761+0000] GC(1644) Pause Young (Normal) (G1 Preventive Collection) 3874M->3863M(4096M) 30.626ms
[2025-08-01T01:09:15.761+0000] GC(1644) User=0.20s Sys=0.01s Real=0.03s
[2025-08-01T01:09:15.770+0000] GC(1645) Pause Young (Normal) (G1 Preventive Collection)
[2025-08-01T01:09:15.770+0000] GC(1645) Using 8 workers of 8 for evacuation
[2025-08-01T01:09:15.790+0000] GC(1645)   Pre Evacuate Collection Set: 0.7ms
[2025-08-01T01:09:15.790+0000] GC(1645)   Merge Heap Roots: 0.2ms
[2025-08-01T01:09:15.790+0000] GC(1645)   Evacuate Collection Set: 18.7ms
[2025-08-01T01:09:15.790+0000] GC(1645)   Post Evacuate Collection Set: 0.6ms
[2025-08-01T01:09:15.790+0000] GC(1645)   Other: 0.3ms
[2025-08-01T01:09:15.790+0000] GC(1645) Eden regions: 48->0(89)
[2025-08-01T01:09:15.790+0000] GC(1645) Survivor regions: 13->13(13)
[2025-08-01T01:09:15.790+0000] GC(1645) Old regions: 1918->1967
[2025-08-01T01:09:15.790+0000] GC(1645) Archive regions: 2->2
[2025-08-01T01:09:15.790+0000] GC(1645) Humongous regions: 0->0
[2025-08-01T01:09:15.790+0000] GC(1645) Metaspace: 10061K(10304K)->10061K(10304K) NonClass: 8835K(8960K)->8835K(8960K) Class: 1225K(1344K)->1225K(1344K)
[2025-08-01T01:09:15.790+0000] GC(1645) Pause Young (Normal) (G1 Preventive Collection) 3959M->3961M(4096M) 20.496ms
[2025-08-01T01:09:15.790+0000] GC(1645) User=0.13s Sys=0.00s Real=0.02s
[2025-08-01T01:09:15.795+0000] GC(1646) Pause Young (Normal) (G1 Preventive Collection)
[2025-08-01T01:09:15.795+0000] GC(1646) Using 8 workers of 8 for evacuation
[2025-08-01T01:09:15.807+0000] GC(1646)   Pre Evacuate Collection Set: 0.5ms
[2025-08-01T01:09:15.807+0000] GC(1646)   Merge Heap Roots: 0.1ms
[2025-08-01T01:09:15.807+0000] GC(1646)   Evacuate Collection Set: 10.5ms
[2025-08-01T01:09:15.807+0000] GC(1646)   Post Evacuate Collection Set: 0.7ms
[2025-08-01T01:09:15.807+0000] GC(1646)   Other: 0.2ms
[2025-08-01T01:09:15.807+0000] GC(1646) Eden regions: 24->0(89)
[2025-08-01T01:09:15.807+0000] GC(1646) Survivor regions: 13->13(13)
[2025-08-01T01:09:15.807+0000] GC(1646) Old regions: 1967->1994
[2025-08-01T01:09:15.807+0000] GC(1646) Archive regions: 2->2
[2025-08-01T01:09:15.807+0000] GC(1646) Humongous regions: 0->0
[2025-08-01T01:09:15.807+0000] GC(1646) Metaspace: 10061K(10304K)->10061K(10304K) NonClass: 8835K(8960K)->8835K(8960K) Class: 1225K(1344K)->1225K(1344K)
[2025-08-01T01:09:15.807+0000] GC(1646) Pause Young (Normal) (G1 Preventive Collection) 4009M->4014M(4096M) 12.339ms
[2025-08-01T01:09:15.807+0000] GC(1646) User=0.09s Sys=0.00s Real=0.01s
[2025-08-01T01:09:15.809+0000] GC(1647) Pause Young (Normal) (G1 Preventive Collection)
[2025-08-01T01:09:15.809+0000] GC(1647) Using 8 workers of 8 for evacuation
[2025-08-01T01:09:15.818+0000] GC(1647)   Pre Evacuate Collection Set: 0.3ms
[2025-08-01T01:09:15.818+0000] GC(1647)   Merge Heap Roots: 0.2ms
[2025-08-01T01:09:15.818+0000] GC(1647)   Evacuate Collection Set: 7.4ms
[2025-08-01T01:09:15.818+0000] GC(1647)   Post Evacuate Collection Set: 1.0ms
[2025-08-01T01:09:15.818+0000] GC(1647)   Other: 0.2ms
[2025-08-01T01:09:15.818+0000] GC(1647) Eden regions: 11->0(89)
[2025-08-01T01:09:15.818+0000] GC(1647) Survivor regions: 13->13(13)
[2025-08-01T01:09:15.818+0000] GC(1647) Old regions: 1994->2008
[2025-08-01T01:09:15.818+0000] GC(1647) Archive regions: 2->2
[2025-08-01T01:09:15.818+0000] GC(1647) Humongous regions: 0->0
[2025-08-01T01:09:15.818+0000] GC(1647) Metaspace: 10061K(10304K)->10061K(10304K) NonClass: 8835K(8960K)->8835K(8960K) Class: 1225K(1344K)->1225K(1344K)
[2025-08-01T01:09:15.818+0000] GC(1647) Pause Young (Normal) (G1 Preventive Collection) 4036M->4042M(4096M) 9.203ms
[2025-08-01T01:09:15.819+0000] GC(1647) User=0.04s Sys=0.00s Real=0.01s
[2025-08-01T01:09:15.820+0000] GC(1648) Pause Young (Normal) (G1 Preventive Collection)
[2025-08-01T01:09:15.820+0000] GC(1648) Using 8 workers of 8 for evacuation
[2025-08-01T01:09:15.827+0000] GC(1648)   Pre Evacuate Collection Set: 0.7ms
[2025-08-01T01:09:15.827+0000] GC(1648)   Merge Heap Roots: 0.3ms
[2025-08-01T01:09:15.827+0000] GC(1648)   Evacuate Collection Set: 5.1ms
[2025-08-01T01:09:15.827+0000] GC(1648)   Post Evacuate Collection Set: 0.6ms
[2025-08-01T01:09:15.827+0000] GC(1648)   Other: 0.2ms
[2025-08-01T01:09:15.827+0000] GC(1648) Eden regions: 5->0(96)
[2025-08-01T01:09:15.827+0000] GC(1648) Survivor regions: 13->6(13)
[2025-08-01T01:09:15.827+0000] GC(1648) Old regions: 2008->2021
[2025-08-01T01:09:15.827+0000] GC(1648) Archive regions: 2->2
[2025-08-01T01:09:15.827+0000] GC(1648) Humongous regions: 0->0
[2025-08-01T01:09:15.827+0000] GC(1648) Metaspace: 10061K(10304K)->10061K(10304K) NonClass: 8835K(8960K)->8835K(8960K) Class: 1225K(1344K)->1225K(1344K)
[2025-08-01T01:09:15.827+0000] GC(1648) Pause Young (Normal) (G1 Preventive Collection) 4052M->4055M(4096M) 7.054ms
[2025-08-01T01:09:15.827+0000] GC(1648) User=0.04s Sys=0.00s Real=0.01s
[2025-08-01T01:09:15.828+0000] GC(1649) Pause Young (Normal) (G1 Preventive Collection)
[2025-08-01T01:09:15.828+0000] GC(1649) Using 8 workers of 8 for evacuation
[2025-08-01T01:09:15.833+0000] GC(1649)   Pre Evacuate Collection Set: 0.6ms
[2025-08-01T01:09:15.833+0000] GC(1649)   Merge Heap Roots: 0.2ms
[2025-08-01T01:09:15.833+0000] GC(1649)   Evacuate Collection Set: 3.1ms
[2025-08-01T01:09:15.833+0000] GC(1649)   Post Evacuate Collection Set: 0.7ms
[2025-08-01T01:09:15.833+0000] GC(1649)   Other: 0.2ms
[2025-08-01T01:09:15.833+0000] GC(1649) Eden regions: 6->0(90)
[2025-08-01T01:09:15.833+0000] GC(1649) Survivor regions: 6->12(13)
[2025-08-01T01:09:15.833+0000] GC(1649) Old regions: 2021->2021
[2025-08-01T01:09:15.833+0000] GC(1649) Archive regions: 2->2
[2025-08-01T01:09:15.833+0000] GC(1649) Humongous regions: 0->0
[2025-08-01T01:09:15.833+0000] GC(1649) Metaspace: 10061K(10304K)->10061K(10304K) NonClass: 8835K(8960K)->8835K(8960K) Class: 1225K(1344K)->1225K(1344K)
[2025-08-01T01:09:15.833+0000] GC(1649) Pause Young (Normal) (G1 Preventive Collection) 4067M->4066M(4096M) 4.886ms
[2025-08-01T01:09:15.833+0000] GC(1649) User=0.03s Sys=0.00s Real=0.01s
[2025-08-01T01:09:15.834+0000] GC(1650) Pause Young (Normal) (G1 Preventive Collection)
[2025-08-01T01:09:15.834+0000] GC(1650) Using 8 workers of 8 for evacuation
[2025-08-01T01:09:15.840+0000] GC(1650) To-space exhausted
[2025-08-01T01:09:15.840+0000] GC(1650)   Pre Evacuate Collection Set: 0.4ms
[2025-08-01T01:09:15.840+0000] GC(1650)   Merge Heap Roots: 0.2ms
[2025-08-01T01:09:15.840+0000] GC(1650)   Evacuate Collection Set: 4.1ms
[2025-08-01T01:09:15.840+0000] GC(1650)   Post Evacuate Collection Set: 1.0ms
[2025-08-01T01:09:15.840+0000] GC(1650)   Other: 0.2ms
[2025-08-01T01:09:15.840+0000] GC(1650) Eden regions: 1->0(95)
[2025-08-01T01:09:15.840+0000] GC(1650) Survivor regions: 12->7(12)
[2025-08-01T01:09:15.840+0000] GC(1650) Old regions: 2021->2031
[2025-08-01T01:09:15.840+0000] GC(1650) Archive regions: 2->2
[2025-08-01T01:09:15.840+0000] GC(1650) Humongous regions: 0->0
[2025-08-01T01:09:15.840+0000] GC(1650) Metaspace: 10061K(10304K)->10061K(10304K) NonClass: 8835K(8960K)->8835K(8960K) Class: 1225K(1344K)->1225K(1344K)
[2025-08-01T01:09:15.840+0000] GC(1650) Pause Young (Normal) (G1 Preventive Collection) 4068M->4076M(4096M) 6.044ms
[2025-08-01T01:09:15.840+0000] GC(1650) User=0.03s Sys=0.01s Real=0.00s
[2025-08-01T01:09:15.842+0000] GC(1651) Pause Young (Normal) (G1 Preventive Collection)
[2025-08-01T01:09:15.842+0000] GC(1651) Using 8 workers of 8 for evacuation
[2025-08-01T01:09:15.846+0000] GC(1651) To-space exhausted
[2025-08-01T01:09:15.846+0000] GC(1651)   Pre Evacuate Collection Set: 0.4ms
[2025-08-01T01:09:15.846+0000] GC(1651)   Merge Heap Roots: 0.1ms
[2025-08-01T01:09:15.846+0000] GC(1651)   Evacuate Collection Set: 2.3ms
[2025-08-01T01:09:15.846+0000] GC(1651)   Post Evacuate Collection Set: 1.1ms
[2025-08-01T01:09:15.846+0000] GC(1651)   Other: 0.2ms
[2025-08-01T01:09:15.846+0000] GC(1651) Eden regions: 1->0(100)
[2025-08-01T01:09:15.846+0000] GC(1651) Survivor regions: 7->2(7)
[2025-08-01T01:09:15.846+0000] GC(1651) Old regions: 2031->2042
[2025-08-01T01:09:15.846+0000] GC(1651) Archive regions: 2->2
[2025-08-01T01:09:15.846+0000] GC(1651) Humongous regions: 0->0
[2025-08-01T01:09:15.846+0000] GC(1651) Metaspace: 10061K(10304K)->10061K(10304K) NonClass: 8835K(8960K)->8835K(8960K) Class: 1225K(1344K)->1225K(1344K)
[2025-08-01T01:09:15.846+0000] GC(1651) Pause Young (Normal) (G1 Preventive Collection) 4078M->4088M(4096M) 4.151ms
[2025-08-01T01:09:15.846+0000] GC(1651) User=0.02s Sys=0.00s Real=0.01s
[2025-08-01T01:09:15.848+0000] GC(1652) Pause Young (Normal) (G1 Preventive Collection)
[2025-08-01T01:09:15.848+0000] GC(1652) Using 8 workers of 8 for evacuation
[2025-08-01T01:09:15.850+0000] GC(1652) To-space exhausted
[2025-08-01T01:09:15.850+0000] GC(1652)   Pre Evacuate Collection Set: 0.4ms
[2025-08-01T01:09:15.850+0000] GC(1652)   Merge Heap Roots: 0.2ms
[2025-08-01T01:09:15.850+0000] GC(1652)   Evacuate Collection Set: 0.8ms
[2025-08-01T01:09:15.851+0000] GC(1652)   Post Evacuate Collection Set: 0.7ms
[2025-08-01T01:09:15.851+0000] GC(1652)   Other: 0.2ms
[2025-08-01T01:09:15.851+0000] GC(1652) Eden regions: 1->0(101)
[2025-08-01T01:09:15.851+0000] GC(1652) Survivor regions: 2->1(1)
[2025-08-01T01:09:15.851+0000] GC(1652) Old regions: 2042->2045
[2025-08-01T01:09:15.851+0000] GC(1652) Archive regions: 2->2
[2025-08-01T01:09:15.851+0000] GC(1652) Humongous regions: 0->0
[2025-08-01T01:09:15.851+0000] GC(1652) Metaspace: 10061K(10304K)->10061K(10304K) NonClass: 8835K(8960K)->8835K(8960K) Class: 1225K(1344K)->1225K(1344K)
[2025-08-01T01:09:15.851+0000] GC(1652) Pause Young (Normal) (G1 Preventive Collection) 4090M->4092M(4096M) 2.352ms
[2025-08-01T01:09:15.851+0000] GC(1652) User=0.01s Sys=0.00s Real=0.00s
[2025-08-01T01:09:15.851+0000] Attempting full compaction
[2025-08-01T01:09:15.851+0000] GC(1653) Pause Full (G1 Compaction Pause)
[2025-08-01T01:09:15.851+0000] GC(1653) Using 8 workers of 8 for full compaction
[2025-08-01T01:09:15.857+0000] GC(1653) Phase 1: Mark live objects
[2025-08-01T01:09:15.892+0000] GC(1653) Phase 1: Mark live objects 34.452ms
[2025-08-01T01:09:15.892+0000] GC(1653) Phase 2: Prepare for compaction
[2025-08-01T01:09:15.903+0000] GC(1653) Phase 2: Prepare for compaction 11.456ms
[2025-08-01T01:09:15.904+0000] GC(1653) Phase 3: Adjust pointers
[2025-08-01T01:09:15.931+0000] GC(1653) Phase 3: Adjust pointers 27.509ms
[2025-08-01T01:09:15.931+0000] GC(1653) Phase 4: Compact heap
[2025-08-01T01:09:15.967+0000] GC(1653) Phase 4: Compact heap 35.794ms
[2025-08-01T01:09:15.974+0000] GC(1653) Eden regions: 0->0(546)
[2025-08-01T01:09:15.974+0000] GC(1653) Survivor regions: 1->0(1)
[2025-08-01T01:09:15.974+0000] GC(1653) Old regions: 2045->336
[2025-08-01T01:09:15.974+0000] GC(1653) Archive regions: 2->2
[2025-08-01T01:09:15.974+0000] GC(1653) Humongous regions: 0->0
[2025-08-01T01:09:15.974+0000] GC(1653) Metaspace: 10061K(10304K)->10061K(10304K) NonClass: 8835K(8960K)->8835K(8960K) Class: 1225K(1344K)->1225K(1344K)
[2025-08-01T01:09:15.974+0000] GC(1653) Pause Full (G1 Compaction Pause) 4092M->665M(4096M) 123.013ms
[2025-08-01T01:09:15.974+0000] GC(1653) User=0.88s Sys=0.00s Real=0.13s
[2025-08-01T01:09:15.974+0000] GC(1641) Concurrent Mark From Roots 393.439ms
[2025-08-01T01:09:15.974+0000] GC(1641) Concurrent Mark Abort
[2025-08-01T01:09:15.974+0000] GC(1641) Concurrent Mark Cycle 411.917ms
[2025-08-01T01:09:16.222+0000] GC(1654) Pause Young (Normal) (G1 Evacuation Pause)
[2025-08-01T01:09:16.222+0000] GC(1654) Using 8 workers of 8 for evacuation
[2025-08-01T01:09:16.425+0000] GC(1654) MMU target violated: 201.0ms (200.0ms/201.0ms)
[2025-08-01T01:09:16.425+0000] GC(1654)   Pre Evacuate Collection Set: 2.6ms
[2025-08-01T01:09:16.425+0000] GC(1654)   Merge Heap Roots: 0.5ms
[2025-08-01T01:09:16.425+0000] GC(1654)   Evacuate Collection Set: 198.2ms
[2025-08-01T01:09:16.425+0000] GC(1654)   Post Evacuate Collection Set: 1.6ms
[2025-08-01T01:09:16.425+0000] GC(1654)   Other: 0.3ms
[2025-08-01T01:09:16.425+0000] GC(1654) Eden regions: 546->0(429)
[2025-08-01T01:09:16.425+0000] GC(1654) Survivor regions: 0->69(69)
[2025-08-01T01:09:16.425+0000] GC(1654) Old regions: 336->588
[2025-08-01T01:09:16.425+0000] GC(1654) Archive regions: 2->2
[2025-08-01T01:09:16.425+0000] GC(1654) Humongous regions: 0->0
[2025-08-01T01:09:16.425+0000] GC(1654) Metaspace: 10061K(10304K)->10061K(10304K) NonClass: 8835K(8960K)->8835K(8960K) Class: 1225K(1344K)->1225K(1344K)
[2025-08-01T01:09:16.425+0000] GC(1654) Pause Young (Normal) (G1 Evacuation Pause) 1757M->1306M(4096M) 203.332ms
[2025-08-01T01:09:16.425+0000] GC(1654) User=1.45s Sys=0.09s Real=0.21s
[2025-08-01T01:09:16.597+0000] GC(1655) Pause Young (Concurrent Start) (G1 Evacuation Pause)
[2025-08-01T01:09:16.597+0000] GC(1655) Using 8 workers of 8 for evacuation
[2025-08-01T01:09:16.792+0000] GC(1655)   Pre Evacuate Collection Set: 0.8ms
[2025-08-01T01:09:16.792+0000] GC(1655)   Merge Heap Roots: 0.7ms
[2025-08-01T01:09:16.792+0000] GC(1655)   Evacuate Collection Set: 192.0ms
[2025-08-01T01:09:16.792+0000] GC(1655)   Post Evacuate Collection Set: 1.4ms
[2025-08-01T01:09:16.792+0000] GC(1655)   Other: 0.4ms
[2025-08-01T01:09:16.792+0000] GC(1655) Eden regions: 429->0(298)
[2025-08-01T01:09:16.792+0000] GC(1655) Survivor regions: 69->63(63)
[2025-08-01T01:09:16.792+0000] GC(1655) Old regions: 588->877
[2025-08-01T01:09:16.792+0000] GC(1655) Archive regions: 2->2
[2025-08-01T01:09:16.792+0000] GC(1655) Humongous regions: 0->0
[2025-08-01T01:09:16.792+0000] GC(1655) Metaspace: 10061K(10304K)->10061K(10304K) NonClass: 8835K(8960K)->8835K(8960K) Class: 1225K(1344K)->1225K(1344K)
[2025-08-01T01:09:16.792+0000] GC(1655) Pause Young (Concurrent Start) (G1 Evacuation Pause) 2164M->1873M(4096M) 195.488ms
[2025-08-01T01:09:16.792+0000] GC(1655) User=1.35s Sys=0.07s Real=0.19s
[2025-08-01T01:09:16.792+0000] GC(1656) Concurrent Mark Cycle
[2025-08-01T01:09:16.793+0000] GC(1656) Concurrent Clear Claimed Marks
[2025-08-01T01:09:16.793+0000] GC(1656) Concurrent Clear Claimed Marks 0.026ms
[2025-08-01T01:09:16.793+0000] GC(1656) Concurrent Scan Root Regions
[2025-08-01T01:09:16.864+0000] GC(1656) Concurrent Scan Root Regions 71.793ms
[2025-08-01T01:09:16.864+0000] GC(1656) Concurrent Mark
[2025-08-01T01:09:16.864+0000] GC(1656) Concurrent Mark From Roots
[2025-08-01T01:09:16.864+0000] GC(1656) Using 2 workers of 2 for marking
[2025-08-01T01:09:16.892+0000] GC(1656) Concurrent Mark From Roots 27.894ms
[2025-08-01T01:09:16.892+0000] GC(1656) Concurrent Preclean
[2025-08-01T01:09:16.897+0000] GC(1656) Concurrent Preclean 4.220ms
[2025-08-01T01:09:16.897+0000] GC(1656) Pause Remark
[2025-08-01T01:09:16.899+0000] GC(1656) Pause Remark 2459M->1687M(4096M) 2.232ms
[2025-08-01T01:09:16.899+0000] GC(1656) User=0.00s Sys=0.00s Real=0.00s
[2025-08-01T01:09:16.899+0000] GC(1656) Concurrent Mark 34.893ms
[2025-08-01T01:09:16.899+0000] GC(1656) Concurrent Rebuild Remembered Sets
[2025-08-01T01:09:16.927+0000] GC(1657) Pause Young (Normal) (G1 Evacuation Pause)
[2025-08-01T01:09:16.928+0000] GC(1657) Using 8 workers of 8 for evacuation
[2025-08-01T01:09:17.024+0000] GC(1657)   Pre Evacuate Collection Set: 0.4ms
[2025-08-01T01:09:17.024+0000] GC(1657)   Merge Heap Roots: 0.2ms
[2025-08-01T01:09:17.024+0000] GC(1657)   Evacuate Collection Set: 94.6ms
[2025-08-01T01:09:17.024+0000] GC(1657)   Post Evacuate Collection Set: 1.1ms
[2025-08-01T01:09:17.024+0000] GC(1657)   Other: 0.2ms
[2025-08-01T01:09:17.024+0000] GC(1657) Eden regions: 298->0(371)
[2025-08-01T01:09:17.024+0000] GC(1657) Survivor regions: 63->46(46)
[2025-08-01T01:09:17.024+0000] GC(1657) Old regions: 487->724
[2025-08-01T01:09:17.024+0000] GC(1657) Archive regions: 2->2
[2025-08-01T01:09:17.024+0000] GC(1657) Humongous regions: 0->0
[2025-08-01T01:09:17.024+0000] GC(1657) Metaspace: 10061K(10304K)->10061K(10304K) NonClass: 8835K(8960K)->8835K(8960K) Class: 1225K(1344K)->1225K(1344K)
[2025-08-01T01:09:17.024+0000] GC(1657) Pause Young (Normal) (G1 Evacuation Pause) 1697M->1541M(4096M) 96.657ms
[2025-08-01T01:09:17.024+0000] GC(1657) User=0.74s Sys=0.03s Real=0.10s
[2025-08-01T01:09:17.087+0000] GC(1656) Concurrent Rebuild Remembered Sets 187.763ms
[2025-08-01T01:09:17.087+0000] GC(1656) Pause Cleanup
[2025-08-01T01:09:17.088+0000] GC(1656) Pause Cleanup 1894M->1894M(4096M) 0.579ms
[2025-08-01T01:09:17.088+0000] GC(1656) User=0.00s Sys=0.00s Real=0.00s
[2025-08-01T01:09:17.088+0000] GC(1656) Concurrent Cleanup for Next Mark
[2025-08-01T01:09:17.096+0000] GC(1656) Concurrent Cleanup for Next Mark 8.214ms
[2025-08-01T01:09:17.096+0000] GC(1656) Concurrent Mark Cycle 303.992ms
[2025-08-01T01:09:17.184+0000] GC(1658) Pause Young (Prepare Mixed) (G1 Evacuation Pause)
[2025-08-01T01:09:17.184+0000] GC(1658) Using 8 workers of 8 for evacuation
[2025-08-01T01:09:17.253+0000] GC(1658)   Pre Evacuate Collection Set: 0.7ms
[2025-08-01T01:09:17.254+0000] GC(1658)   Merge Heap Roots: 0.4ms
[2025-08-01T01:09:17.254+0000] GC(1658)   Evacuate Collection Set: 67.2ms
[2025-08-01T01:09:17.254+0000] GC(1658)   Post Evacuate Collection Set: 1.1ms
[2025-08-01T01:09:17.254+0000] GC(1658)   Other: 0.2ms
[2025-08-01T01:09:17.254+0000] GC(1658) Eden regions: 371->0(49)
[2025-08-01T01:09:17.254+0000] GC(1658) Survivor regions: 46->53(53)
[2025-08-01T01:09:17.254+0000] GC(1658) Old regions: 724->824
[2025-08-01T01:09:17.254+0000] GC(1658) Archive regions: 2->2
[2025-08-01T01:09:17.254+0000] GC(1658) Humongous regions: 0->0
[2025-08-01T01:09:17.254+0000] GC(1658) Metaspace: 10061K(10304K)->10061K(10304K) NonClass: 8835K(8960K)->8835K(8960K) Class: 1225K(1344K)->1225K(1344K)
[2025-08-01T01:09:17.254+0000] GC(1658) Pause Young (Prepare Mixed) (G1 Evacuation Pause) 2283M->1754M(4096M) 69.736ms
[2025-08-01T01:09:17.254+0000] GC(1658) User=0.50s Sys=0.04s Real=0.07s
[2025-08-01T01:09:17.264+0000] GC(1659) Pause Young (Mixed) (G1 Evacuation Pause)
[2025-08-01T01:09:17.264+0000] GC(1659) Using 8 workers of 8 for evacuation
[2025-08-01T01:09:17.310+0000] GC(1659)   Pre Evacuate Collection Set: 1.5ms
[2025-08-01T01:09:17.310+0000] GC(1659)   Merge Heap Roots: 0.1ms
[2025-08-01T01:09:17.310+0000] GC(1659)   Evacuate Collection Set: 42.9ms
[2025-08-01T01:09:17.310+0000] GC(1659)   Post Evacuate Collection Set: 0.9ms
[2025-08-01T01:09:17.310+0000] GC(1659)   Other: 0.4ms
[2025-08-01T01:09:17.310+0000] GC(1659) Eden regions: 49->0(347)
[2025-08-01T01:09:17.310+0000] GC(1659) Survivor regions: 53->13(13)
[2025-08-01T01:09:17.310+0000] GC(1659) Old regions: 824->872
[2025-08-01T01:09:17.310+0000] GC(1659) Archive regions: 2->2
[2025-08-01T01:09:17.310+0000] GC(1659) Humongous regions: 0->0
[2025-08-01T01:09:17.310+0000] GC(1659) Metaspace: 10061K(10304K)->10061K(10304K) NonClass: 8835K(8960K)->8835K(8960K) Class: 1225K(1344K)->1225K(1344K)
