[2025-08-01T01:18:24.880+0000] Using Parallel
[2025-08-01T01:18:24.900+0000] Version: 17.0.15+6-Ubuntu-0ubuntu124.04 (release)
[2025-08-01T01:18:24.900+0000] CPUs: 8 total, 8 available
[2025-08-01T01:18:24.900+0000] Memory: 7940M
[2025-08-01T01:18:24.900+0000] Large Page Support: Disabled
[2025-08-01T01:18:24.900+0000] NUMA Support: Disabled
[2025-08-01T01:18:24.900+0000] Compressed Oops: Enabled (Zero based)
[2025-08-01T01:18:24.901+0000] Alignments: Space 512K, Generation 512K, Heap 2M
[2025-08-01T01:18:24.901+0000] Heap Min Capacity: 4G
[2025-08-01T01:18:24.901+0000] Heap Initial Capacity: 4G
[2025-08-01T01:18:24.901+0000] Heap Max Capacity: 4G
[2025-08-01T01:18:24.901+0000] Pre-touch: Disabled
[2025-08-01T01:18:24.901+0000] Parallel Workers: 8
[2025-08-01T01:18:24.918+0000] CDS archive(s) mapped at: [0x000070ca02000000-0x000070ca02bc7000-0x000070ca02bc7000), size 12349440, SharedBaseAddress: 0x000070ca02000000, ArchiveRelocationMode: 1.
[2025-08-01T01:18:24.918+0000] Compressed class space mapped at: 0x000070ca03000000-0x000070ca43000000, reserved size: 1073741824
[2025-08-01T01:18:24.918+0000] Narrow klass base: 0x000070ca02000000, Narrow klass shift: 0, Narrow klass range: 0x100000000
[2025-08-01T01:18:26.587+0000] GC(0) Pause Young (Allocation Failure)
[2025-08-01T01:18:26.925+0000] GC(0) PSYoungGen: 1048576K(1223168K)->174567K(1223168K) Eden: 1048576K(1048576K)->0K(1048576K) From: 0K(174592K)->174567K(174592K)
[2025-08-01T01:18:26.925+0000] GC(0) ParOldGen: 0K(2796544K)->810520K(2796544K)
[2025-08-01T01:18:26.925+0000] GC(0) Metaspace: 10056K(10240K)->10056K(10240K) NonClass: 8829K(8896K)->8829K(8896K) Class: 1226K(1344K)->1226K(1344K)
[2025-08-01T01:18:26.925+0000] GC(0) Pause Young (Allocation Failure) 1024M->961M(3925M) 338.313ms
[2025-08-01T01:18:26.925+0000] GC(0) User=0.68s Sys=1.90s Real=0.34s
[2025-08-01T01:18:27.205+0000] GC(1) Pause Young (Allocation Failure)
[2025-08-01T01:18:27.327+0000] GC(1) PSYoungGen: 1223143K(1223168K)->97237K(1223168K) Eden: 1048576K(1048576K)->0K(1048576K) From: 174567K(174592K)->97237K(174592K)
[2025-08-01T01:18:27.327+0000] GC(1) ParOldGen: 810520K(2796544K)->810528K(2796544K)
[2025-08-01T01:18:27.327+0000] GC(1) Metaspace: 10058K(10240K)->10058K(10240K) NonClass: 8831K(8896K)->8831K(8896K) Class: 1226K(1344K)->1226K(1344K)
[2025-08-01T01:18:27.327+0000] GC(1) Pause Young (Allocation Failure) 1985M->886M(3925M) 121.801ms
[2025-08-01T01:18:27.327+0000] GC(1) User=0.29s Sys=0.63s Real=0.12s
[2025-08-01T01:18:27.562+0000] GC(2) Pause Young (Allocation Failure)
[2025-08-01T01:18:28.014+0000] GC(2) PSYoungGen: 1145813K(1223168K)->174565K(1223168K) Eden: 1048576K(1048576K)->0K(1048576K) From: 97237K(174592K)->174565K(174592K)
[2025-08-01T01:18:28.014+0000] GC(2) ParOldGen: 810528K(2796544K)->1843584K(2796544K)
[2025-08-01T01:18:28.014+0000] GC(2) Metaspace: 10058K(10240K)->10058K(10240K) NonClass: 8831K(8896K)->8831K(8896K) Class: 1226K(1344K)->1226K(1344K)
[2025-08-01T01:18:28.014+0000] GC(2) Pause Young (Allocation Failure) 1910M->1970M(3925M) 452.034ms
[2025-08-01T01:18:28.014+0000] GC(2) User=1.08s Sys=2.50s Real=0.46s
[2025-08-01T01:18:28.204+0000] GC(3) Pause Full (Ergonomics)
[2025-08-01T01:18:28.204+0000] GC(3) Marking Phase
[2025-08-01T01:18:28.430+0000] GC(3) Marking Phase 225.523ms
[2025-08-01T01:18:28.430+0000] GC(3) Summary Phase
[2025-08-01T01:18:28.430+0000] GC(3) Summary Phase 0.393ms
[2025-08-01T01:18:28.430+0000] GC(3) Adjust Roots
[2025-08-01T01:18:28.432+0000] GC(3) Adjust Roots 1.920ms
[2025-08-01T01:18:28.432+0000] GC(3) Compaction Phase
[2025-08-01T01:18:28.482+0000] GC(3) Compaction Phase 49.160ms
[2025-08-01T01:18:28.482+0000] GC(3) Post Compact
[2025-08-01T01:18:28.592+0000] GC(3) Post Compact 110.423ms
[2025-08-01T01:18:28.592+0000] GC(3) PSYoungGen: 1223141K(1223168K)->0K(1223168K) Eden: 1048576K(1048576K)->0K(1048576K) From: 174565K(174592K)->0K(174592K)
[2025-08-01T01:18:28.592+0000] GC(3) ParOldGen: 1843584K(2796544K)->308000K(2796544K)
[2025-08-01T01:18:28.592+0000] GC(3) Metaspace: 10058K(10240K)->10058K(10240K) NonClass: 8831K(8896K)->8831K(8896K) Class: 1226K(1344K)->1226K(1344K)
[2025-08-01T01:18:28.592+0000] GC(3) Pause Full (Ergonomics) 2994M->300M(3925M) 387.868ms
[2025-08-01T01:18:28.592+0000] GC(3) User=0.74s Sys=1.49s Real=0.38s
[2025-08-01T01:18:28.818+0000] GC(4) Pause Young (Allocation Failure)
[2025-08-01T01:18:29.005+0000] GC(4) PSYoungGen: 1048576K(1223168K)->174592K(1223168K) Eden: 1048576K(1048576K)->0K(1048576K) From: 0K(174592K)->174592K(174592K)
[2025-08-01T01:18:29.005+0000] GC(4) ParOldGen: 308000K(2796544K)->1250096K(2796544K)
[2025-08-01T01:18:29.005+0000] GC(4) Metaspace: 10058K(10240K)->10058K(10240K) NonClass: 8831K(8896K)->8831K(8896K) Class: 1226K(1344K)->1226K(1344K)
[2025-08-01T01:18:29.005+0000] GC(4) Pause Young (Allocation Failure) 1324M->1391M(3925M) 186.483ms
[2025-08-01T01:18:29.005+0000] GC(4) User=1.34s Sys=0.08s Real=0.19s
[2025-08-01T01:18:29.210+0000] GC(5) Pause Young (Allocation Failure)
[2025-08-01T01:18:29.416+0000] GC(5) PSYoungGen: 1223168K(1223168K)->174592K(640512K) Eden: 1048576K(1048576K)->0K(465920K) From: 174592K(174592K)->174592K(174592K)
[2025-08-01T01:18:29.416+0000] GC(5) ParOldGen: 1250096K(2796544K)->1637536K(2796544K)
[2025-08-01T01:18:29.416+0000] GC(5) Metaspace: 10058K(10240K)->10058K(10240K) NonClass: 8831K(8896K)->8831K(8896K) Class: 1226K(1344K)->1226K(1344K)
[2025-08-01T01:18:29.416+0000] GC(5) Pause Young (Allocation Failure) 2415M->1769M(3356M) 206.248ms
[2025-08-01T01:18:29.416+0000] GC(5) User=1.00s Sys=0.61s Real=0.21s
[2025-08-01T01:18:29.501+0000] GC(6) Pause Young (Allocation Failure)
[2025-08-01T01:18:29.606+0000] GC(6) PSYoungGen: 640512K(640512K)->465920K(931840K) Eden: 465920K(465920K)->0K(465920K) From: 174592K(174592K)->465920K(465920K)
[2025-08-01T01:18:29.606+0000] GC(6) ParOldGen: 1637536K(2796544K)->1828216K(2796544K)
[2025-08-01T01:18:29.606+0000] GC(6) Metaspace: 10058K(10240K)->10058K(10240K) NonClass: 8831K(8896K)->8831K(8896K) Class: 1226K(1344K)->1226K(1344K)
[2025-08-01T01:18:29.606+0000] GC(6) Pause Young (Allocation Failure) 2224M->2240M(3641M) 105.195ms
[2025-08-01T01:18:29.606+0000] GC(6) User=0.79s Sys=0.03s Real=0.11s
[2025-08-01T01:18:29.693+0000] GC(7) Pause Young (Allocation Failure)
[2025-08-01T01:18:29.961+0000] GC(7) PSYoungGen: 931840K(931840K)->465920K(931840K) Eden: 465920K(465920K)->0K(465920K) From: 465920K(465920K)->465920K(465920K)
[2025-08-01T01:18:29.961+0000] GC(7) ParOldGen: 1828216K(2796544K)->2327600K(2796544K)
[2025-08-01T01:18:29.961+0000] GC(7) Metaspace: 10058K(10240K)->10058K(10240K) NonClass: 8831K(8896K)->8831K(8896K) Class: 1226K(1344K)->1226K(1344K)
[2025-08-01T01:18:29.961+0000] GC(7) Pause Young (Allocation Failure) 2695M->2728M(3641M) 267.335ms
[2025-08-01T01:18:29.961+0000] GC(7) User=0.94s Sys=1.12s Real=0.26s
[2025-08-01T01:18:30.051+0000] GC(8) Pause Full (Ergonomics)
[2025-08-01T01:18:30.051+0000] GC(8) Marking Phase
[2025-08-01T01:18:30.217+0000] GC(8) Marking Phase 166.049ms
[2025-08-01T01:18:30.217+0000] GC(8) Summary Phase
[2025-08-01T01:18:30.217+0000] GC(8) Summary Phase 0.133ms
[2025-08-01T01:18:30.217+0000] GC(8) Adjust Roots
[2025-08-01T01:18:30.219+0000] GC(8) Adjust Roots 2.104ms
[2025-08-01T01:18:30.219+0000] GC(8) Compaction Phase
[2025-08-01T01:18:30.385+0000] GC(8) Compaction Phase 165.625ms
[2025-08-01T01:18:30.385+0000] GC(8) Post Compact
[2025-08-01T01:18:30.408+0000] GC(8) Post Compact 22.955ms
[2025-08-01T01:18:30.408+0000] GC(8) PSYoungGen: 931840K(931840K)->0K(931840K) Eden: 465920K(465920K)->0K(465920K) From: 465920K(465920K)->0K(465920K)
[2025-08-01T01:18:30.408+0000] GC(8) ParOldGen: 2327600K(2796544K)->1004649K(2796544K)
[2025-08-01T01:18:30.408+0000] GC(8) Metaspace: 10058K(10240K)->10058K(10240K) NonClass: 8831K(8896K)->8831K(8896K) Class: 1226K(1344K)->1226K(1344K)
[2025-08-01T01:18:30.408+0000] GC(8) Pause Full (Ergonomics) 3183M->981M(3641M) 357.317ms
[2025-08-01T01:18:30.408+0000] GC(8) User=1.60s Sys=0.85s Real=0.36s
[2025-08-01T01:18:30.503+0000] GC(9) Pause Young (Allocation Failure)
[2025-08-01T01:18:30.623+0000] GC(9) PSYoungGen: 465920K(931840K)->401024K(931840K) Eden: 465920K(465920K)->0K(465920K) From: 0K(465920K)->401024K(465920K)
[2025-08-01T01:18:30.623+0000] GC(9) ParOldGen: 1004649K(2796544K)->1004649K(2796544K)
[2025-08-01T01:18:30.623+0000] GC(9) Metaspace: 10058K(10240K)->10058K(10240K) NonClass: 8831K(8896K)->8831K(8896K) Class: 1226K(1344K)->1226K(1344K)
[2025-08-01T01:18:30.623+0000] GC(9) Pause Young (Allocation Failure) 1436M->1372M(3641M) 119.524ms
[2025-08-01T01:18:30.623+0000] GC(9) User=0.90s Sys=0.04s Real=0.12s
[2025-08-01T01:18:30.714+0000] GC(10) Pause Young (Allocation Failure)
[2025-08-01T01:18:30.849+0000] GC(10) PSYoungGen: 866944K(931840K)->465920K(931840K) Eden: 465920K(465920K)->0K(465920K) From: 401024K(465920K)->465920K(465920K)
[2025-08-01T01:18:30.849+0000] GC(10) ParOldGen: 1004649K(2796544K)->1437273K(2796544K)
[2025-08-01T01:18:30.849+0000] GC(10) Metaspace: 10058K(10240K)->10058K(10240K) NonClass: 8831K(8896K)->8831K(8896K) Class: 1226K(1344K)->1226K(1344K)
[2025-08-01T01:18:30.849+0000] GC(10) Pause Young (Allocation Failure) 1827M->1858M(3641M) 135.466ms
[2025-08-01T01:18:30.849+0000] GC(10) User=1.06s Sys=0.02s Real=0.13s
[2025-08-01T01:18:30.933+0000] GC(11) Pause Young (Allocation Failure)
[2025-08-01T01:18:31.059+0000] GC(11) PSYoungGen: 931840K(931840K)->465920K(931840K) Eden: 465920K(465920K)->0K(465920K) From: 465920K(465920K)->465920K(465920K)
[2025-08-01T01:18:31.059+0000] GC(11) ParOldGen: 1437273K(2796544K)->1562353K(2796544K)
[2025-08-01T01:18:31.059+0000] GC(11) Metaspace: 10058K(10240K)->10058K(10240K) NonClass: 8831K(8896K)->8831K(8896K) Class: 1226K(1344K)->1226K(1344K)
[2025-08-01T01:18:31.059+0000] GC(11) Pause Young (Allocation Failure) 2313M->1980M(3641M) 126.517ms
[2025-08-01T01:18:31.059+0000] GC(11) User=0.83s Sys=0.11s Real=0.12s
[2025-08-01T01:18:31.146+0000] GC(12) Pause Young (Allocation Failure)
[2025-08-01T01:18:31.324+0000] GC(12) PSYoungGen: 931840K(931840K)->423232K(931840K) Eden: 465920K(465920K)->0K(465920K) From: 465920K(465920K)->423232K(465920K)
[2025-08-01T01:18:31.324+0000] GC(12) ParOldGen: 1562353K(2796544K)->1939233K(2796544K)
[2025-08-01T01:18:31.324+0000] GC(12) Metaspace: 10058K(10240K)->10058K(10240K) NonClass: 8831K(8896K)->8831K(8896K) Class: 1226K(1344K)->1226K(1344K)
[2025-08-01T01:18:31.324+0000] GC(12) Pause Young (Allocation Failure) 2435M->2307M(3641M) 178.199ms
[2025-08-01T01:18:31.324+0000] GC(12) User=1.29s Sys=0.10s Real=0.18s
[2025-08-01T01:18:31.411+0000] GC(13) Pause Full (Ergonomics)
[2025-08-01T01:18:31.411+0000] GC(13) Marking Phase
[2025-08-01T01:18:31.466+0000] GC(13) Marking Phase 55.376ms
[2025-08-01T01:18:31.466+0000] GC(13) Summary Phase
[2025-08-01T01:18:31.466+0000] GC(13) Summary Phase 0.084ms
[2025-08-01T01:18:31.466+0000] GC(13) Adjust Roots
[2025-08-01T01:18:31.468+0000] GC(13) Adjust Roots 1.339ms
[2025-08-01T01:18:31.468+0000] GC(13) Compaction Phase
[2025-08-01T01:18:31.601+0000] GC(13) Compaction Phase 133.588ms
[2025-08-01T01:18:31.601+0000] GC(13) Post Compact
[2025-08-01T01:18:31.620+0000] GC(13) Post Compact 18.985ms
[2025-08-01T01:18:31.620+0000] GC(13) PSYoungGen: 889152K(931840K)->0K(931840K) Eden: 465920K(465920K)->0K(465920K) From: 423232K(465920K)->0K(465920K)
[2025-08-01T01:18:31.620+0000] GC(13) ParOldGen: 1939233K(2796544K)->555596K(2796544K)
[2025-08-01T01:18:31.620+0000] GC(13) Metaspace: 10058K(10240K)->10058K(10240K) NonClass: 8831K(8896K)->8831K(8896K) Class: 1226K(1344K)->1226K(1344K)
[2025-08-01T01:18:31.620+0000] GC(13) Pause Full (Ergonomics) 2762M->542M(3641M) 209.765ms
[2025-08-01T01:18:31.620+0000] GC(13) User=1.30s Sys=0.18s Real=0.21s
[2025-08-01T01:18:31.704+0000] GC(14) Pause Young (Allocation Failure)
[2025-08-01T01:18:31.781+0000] GC(14) PSYoungGen: 465920K(931840K)->465920K(931840K) Eden: 465920K(465920K)->0K(465920K) From: 0K(465920K)->465920K(465920K)
[2025-08-01T01:18:31.782+0000] GC(14) ParOldGen: 555596K(2796544K)->561860K(2796544K)
[2025-08-01T01:18:31.782+0000] GC(14) Metaspace: 10058K(10240K)->10058K(10240K) NonClass: 8831K(8896K)->8831K(8896K) Class: 1226K(1344K)->1226K(1344K)
[2025-08-01T01:18:31.782+0000] GC(14) Pause Young (Allocation Failure) 997M->1003M(3641M) 77.629ms
[2025-08-01T01:18:31.782+0000] GC(14) User=0.59s Sys=0.02s Real=0.07s
[2025-08-01T01:18:31.869+0000] GC(15) Pause Young (Allocation Failure)
[2025-08-01T01:18:32.001+0000] GC(15) PSYoungGen: 931840K(931840K)->365632K(931840K) Eden: 465920K(465920K)->0K(465920K) From: 465920K(465920K)->365632K(465920K)
[2025-08-01T01:18:32.001+0000] GC(15) ParOldGen: 561860K(2796544K)->932820K(2796544K)
[2025-08-01T01:18:32.001+0000] GC(15) Metaspace: 10058K(10240K)->10058K(10240K) NonClass: 8831K(8896K)->8831K(8896K) Class: 1226K(1344K)->1226K(1344K)
[2025-08-01T01:18:32.001+0000] GC(15) Pause Young (Allocation Failure) 1458M->1268M(3641M) 132.785ms
[2025-08-01T01:18:32.002+0000] GC(15) User=0.96s Sys=0.09s Real=0.13s
[2025-08-01T01:18:32.086+0000] GC(16) Pause Young (Allocation Failure)
[2025-08-01T01:18:32.204+0000] GC(16) PSYoungGen: 831552K(931840K)->447104K(931840K) Eden: 465920K(465920K)->0K(465920K) From: 365632K(465920K)->447104K(465920K)
[2025-08-01T01:18:32.204+0000] GC(16) ParOldGen: 932820K(2796544K)->1187916K(2796544K)
[2025-08-01T01:18:32.204+0000] GC(16) Metaspace: 10058K(10240K)->10058K(10240K) NonClass: 8831K(8896K)->8831K(8896K) Class: 1226K(1344K)->1226K(1344K)
[2025-08-01T01:18:32.204+0000] GC(16) Pause Young (Allocation Failure) 1723M->1596M(3641M) 118.135ms
[2025-08-01T01:18:32.204+0000] GC(16) User=0.88s Sys=0.05s Real=0.12s
[2025-08-01T01:18:32.289+0000] GC(17) Pause Young (Allocation Failure)
[2025-08-01T01:18:32.442+0000] GC(17) PSYoungGen: 913024K(931840K)->345184K(931840K) Eden: 465920K(465920K)->0K(465920K) From: 447104K(465920K)->345184K(465920K)
[2025-08-01T01:18:32.442+0000] GC(17) ParOldGen: 1187916K(2796544K)->1420300K(2796544K)
[2025-08-01T01:18:32.442+0000] GC(17) Metaspace: 10058K(10240K)->10058K(10240K) NonClass: 8831K(8896K)->8831K(8896K) Class: 1226K(1344K)->1226K(1344K)
[2025-08-01T01:18:32.442+0000] GC(17) Pause Young (Allocation Failure) 2051M->1724M(3641M) 153.241ms
[2025-08-01T01:18:32.442+0000] GC(17) User=1.10s Sys=0.09s Real=0.15s
[2025-08-01T01:18:32.533+0000] GC(18) Pause Young (Allocation Failure)
[2025-08-01T01:18:32.714+0000] GC(18) PSYoungGen: 811104K(931840K)->465920K(931840K) Eden: 465920K(465920K)->0K(465920K) From: 345184K(465920K)->465920K(465920K)
[2025-08-01T01:18:32.714+0000] GC(18) ParOldGen: 1420300K(2796544K)->1794716K(2796544K)
[2025-08-01T01:18:32.714+0000] GC(18) Metaspace: 10058K(10240K)->10058K(10240K) NonClass: 8831K(8896K)->8831K(8896K) Class: 1226K(1344K)->1226K(1344K)
[2025-08-01T01:18:32.714+0000] GC(18) Pause Young (Allocation Failure) 2179M->2207M(3641M) 180.944ms
[2025-08-01T01:18:32.714+0000] GC(18) User=1.35s Sys=0.07s Real=0.18s
[2025-08-01T01:18:32.803+0000] GC(19) Pause Young (Allocation Failure)
[2025-08-01T01:18:32.957+0000] GC(19) PSYoungGen: 931840K(931840K)->380448K(931840K) Eden: 465920K(465920K)->0K(465920K) From: 465920K(465920K)->380448K(465920K)
[2025-08-01T01:18:32.958+0000] GC(19) ParOldGen: 1794716K(2796544K)->2148076K(2796544K)
[2025-08-01T01:18:32.958+0000] GC(19) Metaspace: 10058K(10240K)->10058K(10240K) NonClass: 8831K(8896K)->8831K(8896K) Class: 1226K(1344K)->1226K(1344K)
[2025-08-01T01:18:32.958+0000] GC(19) Pause Young (Allocation Failure) 2662M->2469M(3641M) 154.832ms
[2025-08-01T01:18:32.958+0000] GC(19) User=1.10s Sys=0.13s Real=0.16s
[2025-08-01T01:18:33.044+0000] GC(20) Pause Full (Ergonomics)
[2025-08-01T01:18:33.044+0000] GC(20) Marking Phase
[2025-08-01T01:18:33.097+0000] GC(20) Marking Phase 52.748ms
[2025-08-01T01:18:33.097+0000] GC(20) Summary Phase
[2025-08-01T01:18:33.097+0000] GC(20) Summary Phase 0.091ms
[2025-08-01T01:18:33.097+0000] GC(20) Adjust Roots
[2025-08-01T01:18:33.099+0000] GC(20) Adjust Roots 1.752ms
[2025-08-01T01:18:33.099+0000] GC(20) Compaction Phase
[2025-08-01T01:18:33.247+0000] GC(20) Compaction Phase 148.710ms
[2025-08-01T01:18:33.247+0000] GC(20) Post Compact
[2025-08-01T01:18:33.269+0000] GC(20) Post Compact 21.956ms
[2025-08-01T01:18:33.270+0000] GC(20) PSYoungGen: 846368K(931840K)->0K(931840K) Eden: 465920K(465920K)->0K(465920K) From: 380448K(465920K)->0K(465920K)
[2025-08-01T01:18:33.270+0000] GC(20) ParOldGen: 2148076K(2796544K)->1031888K(2796544K)
[2025-08-01T01:18:33.270+0000] GC(20) Metaspace: 10058K(10240K)->10058K(10240K) NonClass: 8831K(8896K)->8831K(8896K) Class: 1226K(1344K)->1226K(1344K)
[2025-08-01T01:18:33.270+0000] GC(20) Pause Full (Ergonomics) 2924M->1007M(3641M) 225.665ms
[2025-08-01T01:18:33.270+0000] GC(20) User=1.57s Sys=0.00s Real=0.22s
[2025-08-01T01:18:33.354+0000] GC(21) Pause Young (Allocation Failure)
[2025-08-01T01:18:33.437+0000] GC(21) PSYoungGen: 465920K(931840K)->455040K(931840K) Eden: 465920K(465920K)->0K(465920K) From: 0K(465920K)->455040K(465920K)
[2025-08-01T01:18:33.437+0000] GC(21) ParOldGen: 1031888K(2796544K)->1031888K(2796544K)
[2025-08-01T01:18:33.437+0000] GC(21) Metaspace: 10058K(10240K)->10058K(10240K) NonClass: 8831K(8896K)->8831K(8896K) Class: 1226K(1344K)->1226K(1344K)
[2025-08-01T01:18:33.437+0000] GC(21) Pause Young (Allocation Failure) 1462M->1452M(3641M) 82.341ms
[2025-08-01T01:18:33.437+0000] GC(21) User=0.64s Sys=0.00s Real=0.08s
[2025-08-01T01:18:33.569+0000] GC(22) Pause Young (Allocation Failure)
[2025-08-01T01:18:33.792+0000] GC(22) PSYoungGen: 920960K(931840K)->453760K(931840K) Eden: 465920K(465920K)->0K(465920K) From: 455040K(465920K)->453760K(465920K)
[2025-08-01T01:18:33.792+0000] GC(22) ParOldGen: 1031888K(2796544K)->1392232K(2796544K)
[2025-08-01T01:18:33.792+0000] GC(22) Metaspace: 10058K(10240K)->10058K(10240K) NonClass: 8831K(8896K)->8831K(8896K) Class: 1226K(1344K)->1226K(1344K)
[2025-08-01T01:18:33.792+0000] GC(22) Pause Young (Allocation Failure) 1907M->1802M(3641M) 223.094ms
[2025-08-01T01:18:33.792+0000] GC(22) User=1.72s Sys=0.03s Real=0.22s
[2025-08-01T01:18:33.882+0000] GC(23) Pause Young (Allocation Failure)
[2025-08-01T01:18:33.976+0000] GC(23) PSYoungGen: 919680K(931840K)->299744K(931840K) Eden: 465920K(465920K)->0K(465920K) From: 453760K(465920K)->299744K(465920K)
[2025-08-01T01:18:33.976+0000] GC(23) ParOldGen: 1392232K(2796544K)->1597592K(2796544K)
[2025-08-01T01:18:33.976+0000] GC(23) Metaspace: 10058K(10240K)->10058K(10240K) NonClass: 8831K(8896K)->8831K(8896K) Class: 1226K(1344K)->1226K(1344K)
[2025-08-01T01:18:33.976+0000] GC(23) Pause Young (Allocation Failure) 2257M->1852M(3641M) 93.985ms
[2025-08-01T01:18:33.976+0000] GC(23) User=0.74s Sys=0.00s Real=0.10s
[2025-08-01T01:18:34.066+0000] GC(24) Pause Young (Allocation Failure)
[2025-08-01T01:18:34.252+0000] GC(24) PSYoungGen: 765664K(931840K)->465920K(931840K) Eden: 465920K(465920K)->0K(465920K) From: 299744K(465920K)->465920K(465920K)
[2025-08-01T01:18:34.252+0000] GC(24) ParOldGen: 1597592K(2796544K)->1919896K(2796544K)
[2025-08-01T01:18:34.252+0000] GC(24) Metaspace: 10058K(10240K)->10058K(10240K) NonClass: 8831K(8896K)->8831K(8896K) Class: 1226K(1344K)->1226K(1344K)
[2025-08-01T01:18:34.252+0000] GC(24) Pause Young (Allocation Failure) 2307M->2329M(3641M) 185.189ms
[2025-08-01T01:18:34.252+0000] GC(24) User=1.30s Sys=0.07s Real=0.18s
[2025-08-01T01:18:34.335+0000] GC(25) Pause Young (Allocation Failure)
[2025-08-01T01:18:34.517+0000] GC(25) PSYoungGen: 931840K(931840K)->464256K(931840K) Eden: 465920K(465920K)->0K(465920K) From: 465920K(465920K)->464256K(465920K)
[2025-08-01T01:18:34.517+0000] GC(25) ParOldGen: 1919896K(2796544K)->2264456K(2796544K)
[2025-08-01T01:18:34.517+0000] GC(25) Metaspace: 10058K(10240K)->10058K(10240K) NonClass: 8831K(8896K)->8831K(8896K) Class: 1226K(1344K)->1226K(1344K)
[2025-08-01T01:18:34.517+0000] GC(25) Pause Young (Allocation Failure) 2784M->2664M(3641M) 181.981ms
[2025-08-01T01:18:34.517+0000] GC(25) User=1.34s Sys=0.07s Real=0.18s
[2025-08-01T01:18:34.602+0000] GC(26) Pause Full (Ergonomics)
[2025-08-01T01:18:34.602+0000] GC(26) Marking Phase
[2025-08-01T01:18:34.666+0000] GC(26) Marking Phase 63.504ms
[2025-08-01T01:18:34.666+0000] GC(26) Summary Phase
[2025-08-01T01:18:34.666+0000] GC(26) Summary Phase 0.139ms
[2025-08-01T01:18:34.666+0000] GC(26) Adjust Roots
[2025-08-01T01:18:34.669+0000] GC(26) Adjust Roots 2.629ms
[2025-08-01T01:18:34.669+0000] GC(26) Compaction Phase
[2025-08-01T01:18:34.821+0000] GC(26) Compaction Phase 151.659ms
[2025-08-01T01:18:34.821+0000] GC(26) Post Compact
[2025-08-01T01:18:34.841+0000] GC(26) Post Compact 20.475ms
[2025-08-01T01:18:34.841+0000] GC(26) PSYoungGen: 930176K(931840K)->0K(931840K) Eden: 465920K(465920K)->0K(465920K) From: 464256K(465920K)->0K(465920K)
[2025-08-01T01:18:34.841+0000] GC(26) ParOldGen: 2264456K(2796544K)->1047967K(2796544K)
[2025-08-01T01:18:34.841+0000] GC(26) Metaspace: 10058K(10240K)->10058K(10240K) NonClass: 8831K(8896K)->8831K(8896K) Class: 1226K(1344K)->1226K(1344K)
[2025-08-01T01:18:34.841+0000] GC(26) Pause Full (Ergonomics) 3119M->1023M(3641M) 238.854ms
[2025-08-01T01:18:34.841+0000] GC(26) User=1.70s Sys=0.00s Real=0.24s
[2025-08-01T01:18:34.927+0000] GC(27) Pause Young (Allocation Failure)
[2025-08-01T01:18:35.009+0000] GC(27) PSYoungGen: 465920K(931840K)->297984K(931840K) Eden: 465920K(465920K)->0K(465920K) From: 0K(465920K)->297984K(465920K)
[2025-08-01T01:18:35.009+0000] GC(27) ParOldGen: 1047967K(2796544K)->1047967K(2796544K)
[2025-08-01T01:18:35.009+0000] GC(27) Metaspace: 10058K(10240K)->10058K(10240K) NonClass: 8831K(8896K)->8831K(8896K) Class: 1226K(1344K)->1226K(1344K)
[2025-08-01T01:18:35.009+0000] GC(27) Pause Young (Allocation Failure) 1478M->1314M(3641M) 82.078ms
[2025-08-01T01:18:35.009+0000] GC(27) User=0.57s Sys=0.05s Real=0.08s
[2025-08-01T01:18:35.099+0000] GC(28) Pause Young (Allocation Failure)
[2025-08-01T01:18:35.235+0000] GC(28) PSYoungGen: 763904K(931840K)->465920K(931840K) Eden: 465920K(465920K)->0K(465920K) From: 297984K(465920K)->465920K(465920K)
[2025-08-01T01:18:35.235+0000] GC(28) ParOldGen: 1047967K(2796544K)->1370631K(2796544K)
[2025-08-01T01:18:35.235+0000] GC(28) Metaspace: 10058K(10240K)->10058K(10240K) NonClass: 8831K(8896K)->8831K(8896K) Class: 1226K(1344K)->1226K(1344K)
[2025-08-01T01:18:35.235+0000] GC(28) Pause Young (Allocation Failure) 1769M->1793M(3641M) 136.184ms
[2025-08-01T01:18:35.235+0000] GC(28) User=1.01s Sys=0.03s Real=0.14s
[2025-08-01T01:18:35.319+0000] GC(29) Pause Young (Allocation Failure)
[2025-08-01T01:18:35.463+0000] GC(29) PSYoungGen: 931840K(931840K)->465248K(931840K) Eden: 465920K(465920K)->0K(465920K) From: 465920K(465920K)->465248K(465920K)
[2025-08-01T01:18:35.463+0000] GC(29) ParOldGen: 1370631K(2796544K)->1737831K(2796544K)
[2025-08-01T01:18:35.463+0000] GC(29) Metaspace: 10058K(10240K)->10058K(10240K) NonClass: 8831K(8896K)->8831K(8896K) Class: 1226K(1344K)->1226K(1344K)
[2025-08-01T01:18:35.463+0000] GC(29) Pause Young (Allocation Failure) 2248M->2151M(3641M) 144.081ms
[2025-08-01T01:18:35.463+0000] GC(29) User=1.09s Sys=0.03s Real=0.15s
[2025-08-01T01:18:35.552+0000] GC(30) Pause Young (Allocation Failure)
[2025-08-01T01:18:35.665+0000] GC(30) PSYoungGen: 931168K(931840K)->424000K(931840K) Eden: 465920K(465920K)->0K(465920K) From: 465248K(465920K)->424000K(465920K)
[2025-08-01T01:18:35.665+0000] GC(30) ParOldGen: 1737831K(2796544K)->2100791K(2796544K)
[2025-08-01T01:18:35.665+0000] GC(30) Metaspace: 10058K(10240K)->10058K(10240K) NonClass: 8831K(8896K)->8831K(8896K) Class: 1226K(1344K)->1226K(1344K)
[2025-08-01T01:18:35.665+0000] GC(30) Pause Young (Allocation Failure) 2606M->2465M(3641M) 112.941ms
[2025-08-01T01:18:35.665+0000] GC(30) User=0.88s Sys=0.00s Real=0.12s
[2025-08-01T01:18:35.754+0000] GC(31) Pause Young (Allocation Failure)
[2025-08-01T01:18:35.884+0000] GC(31) PSYoungGen: 889920K(931840K)->441504K(931840K) Eden: 465920K(465920K)->0K(465920K) From: 424000K(465920K)->441504K(465920K)
[2025-08-01T01:18:35.884+0000] GC(31) ParOldGen: 2100791K(2796544K)->2420991K(2796544K)
[2025-08-01T01:18:35.884+0000] GC(31) Metaspace: 10058K(10240K)->10058K(10240K) NonClass: 8831K(8896K)->8831K(8896K) Class: 1226K(1344K)->1226K(1344K)
[2025-08-01T01:18:35.884+0000] GC(31) Pause Young (Allocation Failure) 2920M->2795M(3641M) 130.370ms
[2025-08-01T01:18:35.884+0000] GC(31) User=0.87s Sys=0.17s Real=0.13s
[2025-08-01T01:18:36.022+0000] GC(32) Pause Full (Ergonomics)
[2025-08-01T01:18:36.022+0000] GC(32) Marking Phase
[2025-08-01T01:18:36.054+0000] GC(32) Marking Phase 31.874ms
[2025-08-01T01:18:36.054+0000] GC(32) Summary Phase
[2025-08-01T01:18:36.054+0000] GC(32) Summary Phase 0.105ms
[2025-08-01T01:18:36.054+0000] GC(32) Adjust Roots
[2025-08-01T01:18:36.056+0000] GC(32) Adjust Roots 1.250ms
[2025-08-01T01:18:36.056+0000] GC(32) Compaction Phase
[2025-08-01T01:18:36.225+0000] GC(32) Compaction Phase 169.828ms
[2025-08-01T01:18:36.225+0000] GC(32) Post Compact
[2025-08-01T01:18:36.255+0000] GC(32) Post Compact 29.305ms
[2025-08-01T01:18:36.255+0000] GC(32) PSYoungGen: 907424K(931840K)->0K(931840K) Eden: 465920K(465920K)->0K(465920K) From: 441504K(465920K)->0K(465920K)
[2025-08-01T01:18:36.255+0000] GC(32) ParOldGen: 2420991K(2796544K)->598017K(2796544K)
[2025-08-01T01:18:36.255+0000] GC(32) Metaspace: 10058K(10240K)->10058K(10240K) NonClass: 8831K(8896K)->8831K(8896K) Class: 1226K(1344K)->1226K(1344K)
[2025-08-01T01:18:36.255+0000] GC(32) Pause Full (Ergonomics) 3250M->584M(3641M) 232.836ms
[2025-08-01T01:18:36.255+0000] GC(32) User=1.55s Sys=0.04s Real=0.24s
[2025-08-01T01:18:36.344+0000] GC(33) Pause Young (Allocation Failure)
[2025-08-01T01:18:36.417+0000] GC(33) PSYoungGen: 465920K(931840K)->465920K(931840K) Eden: 465920K(465920K)->0K(465920K) From: 0K(465920K)->465920K(465920K)
[2025-08-01T01:18:36.417+0000] GC(33) ParOldGen: 598017K(2796544K)->605265K(2796544K)
[2025-08-01T01:18:36.417+0000] GC(33) Metaspace: 10058K(10240K)->10058K(10240K) NonClass: 8831K(8896K)->8831K(8896K) Class: 1226K(1344K)->1226K(1344K)
[2025-08-01T01:18:36.417+0000] GC(33) Pause Young (Allocation Failure) 1039M->1046M(3641M) 72.168ms
[2025-08-01T01:18:36.417+0000] GC(33) User=0.57s Sys=0.00s Real=0.07s
[2025-08-01T01:18:36.507+0000] GC(34) Pause Young (Allocation Failure)
[2025-08-01T01:18:36.671+0000] GC(34) PSYoungGen: 931840K(931840K)->401824K(931840K) Eden: 465920K(465920K)->0K(465920K) From: 465920K(465920K)->401824K(465920K)
[2025-08-01T01:18:36.672+0000] GC(34) ParOldGen: 605265K(2796544K)->986297K(2796544K)
[2025-08-01T01:18:36.672+0000] GC(34) Metaspace: 10058K(10240K)->10058K(10240K) NonClass: 8831K(8896K)->8831K(8896K) Class: 1226K(1344K)->1226K(1344K)
[2025-08-01T01:18:36.672+0000] GC(34) Pause Young (Allocation Failure) 1501M->1355M(3641M) 164.908ms
[2025-08-01T01:18:36.672+0000] GC(34) User=1.25s Sys=0.05s Real=0.16s
[2025-08-01T01:18:36.761+0000] GC(35) Pause Young (Allocation Failure)
[2025-08-01T01:18:36.899+0000] GC(35) PSYoungGen: 867744K(931840K)->445088K(931840K) Eden: 465920K(465920K)->0K(465920K) From: 401824K(465920K)->445088K(465920K)
[2025-08-01T01:18:36.899+0000] GC(35) ParOldGen: 986297K(2796544K)->1287017K(2796544K)
[2025-08-01T01:18:36.899+0000] GC(35) Metaspace: 10058K(10240K)->10058K(10240K) NonClass: 8831K(8896K)->8831K(8896K) Class: 1226K(1344K)->1226K(1344K)
[2025-08-01T01:18:36.899+0000] GC(35) Pause Young (Allocation Failure) 1810M->1691M(3641M) 138.276ms
[2025-08-01T01:18:36.900+0000] GC(35) User=1.08s Sys=0.01s Real=0.14s
[2025-08-01T01:18:37.039+0000] GC(36) Pause Young (Allocation Failure)
[2025-08-01T01:18:37.210+0000] GC(36) PSYoungGen: 911008K(931840K)->363104K(931840K) Eden: 465920K(465920K)->0K(465920K) From: 445088K(465920K)->363104K(465920K)
[2025-08-01T01:18:37.210+0000] GC(36) ParOldGen: 1287017K(2796544K)->1506297K(2796544K)
[2025-08-01T01:18:37.210+0000] GC(36) Metaspace: 10058K(10240K)->10058K(10240K) NonClass: 8831K(8896K)->8831K(8896K) Class: 1226K(1344K)->1226K(1344K)
[2025-08-01T01:18:37.210+0000] GC(36) Pause Young (Allocation Failure) 2146M->1825M(3641M) 171.151ms
[2025-08-01T01:18:37.210+0000] GC(36) User=1.22s Sys=0.10s Real=0.17s
[2025-08-01T01:18:37.305+0000] GC(37) Pause Young (Allocation Failure)
[2025-08-01T01:18:37.463+0000] GC(37) PSYoungGen: 829024K(931840K)->465920K(931840K) Eden: 465920K(465920K)->0K(465920K) From: 363104K(465920K)->465920K(465920K)
[2025-08-01T01:18:37.464+0000] GC(37) ParOldGen: 1506297K(2796544K)->1898881K(2796544K)
[2025-08-01T01:18:37.464+0000] GC(37) Metaspace: 10058K(10240K)->10058K(10240K) NonClass: 8831K(8896K)->8831K(8896K) Class: 1226K(1344K)->1226K(1344K)
[2025-08-01T01:18:37.464+0000] GC(37) Pause Young (Allocation Failure) 2280M->2309M(3641M) 158.300ms
[2025-08-01T01:18:37.464+0000] GC(37) User=1.15s Sys=0.08s Real=0.16s
[2025-08-01T01:18:37.552+0000] GC(38) Pause Young (Allocation Failure)
[2025-08-01T01:18:37.669+0000] GC(38) PSYoungGen: 931840K(931840K)->398400K(931840K) Eden: 465920K(465920K)->0K(465920K) From: 465920K(465920K)->398400K(465920K)
[2025-08-01T01:18:37.669+0000] GC(38) ParOldGen: 1898881K(2796544K)->2279857K(2796544K)
[2025-08-01T01:18:37.669+0000] GC(38) Metaspace: 10058K(10240K)->10058K(10240K) NonClass: 8831K(8896K)->8831K(8896K) Class: 1226K(1344K)->1226K(1344K)
[2025-08-01T01:18:37.669+0000] GC(38) Pause Young (Allocation Failure) 2764M->2615M(3641M) 117.626ms
[2025-08-01T01:18:37.669+0000] GC(38) User=0.92s Sys=0.00s Real=0.12s
[2025-08-01T01:18:37.756+0000] GC(39) Pause Full (Ergonomics)
[2025-08-01T01:18:37.756+0000] GC(39) Marking Phase
[2025-08-01T01:18:37.819+0000] GC(39) Marking Phase 62.652ms
[2025-08-01T01:18:37.819+0000] GC(39) Summary Phase
[2025-08-01T01:18:37.819+0000] GC(39) Summary Phase 0.099ms
[2025-08-01T01:18:37.819+0000] GC(39) Adjust Roots
[2025-08-01T01:18:37.821+0000] GC(39) Adjust Roots 1.685ms
[2025-08-01T01:18:37.821+0000] GC(39) Compaction Phase
[2025-08-01T01:18:37.966+0000] GC(39) Compaction Phase 145.570ms
[2025-08-01T01:18:37.966+0000] GC(39) Post Compact
[2025-08-01T01:18:37.987+0000] GC(39) Post Compact 20.610ms
[2025-08-01T01:18:37.987+0000] GC(39) PSYoungGen: 864320K(931840K)->0K(931840K) Eden: 465920K(465920K)->0K(465920K) From: 398400K(465920K)->0K(465920K)
[2025-08-01T01:18:37.987+0000] GC(39) ParOldGen: 2279857K(2796544K)->618980K(2796544K)
[2025-08-01T01:18:37.987+0000] GC(39) Metaspace: 10058K(10240K)->10058K(10240K) NonClass: 8831K(8896K)->8831K(8896K) Class: 1226K(1344K)->1226K(1344K)
[2025-08-01T01:18:37.987+0000] GC(39) Pause Full (Ergonomics) 3070M->604M(3641M) 231.020ms
[2025-08-01T01:18:37.987+0000] GC(39) User=1.61s Sys=0.02s Real=0.23s
[2025-08-01T01:18:38.076+0000] GC(40) Pause Young (Allocation Failure)
[2025-08-01T01:18:38.182+0000] GC(40) PSYoungGen: 465920K(931840K)->356384K(931840K) Eden: 465920K(465920K)->0K(465920K) From: 0K(465920K)->356384K(465920K)
[2025-08-01T01:18:38.182+0000] GC(40) ParOldGen: 618980K(2796544K)->618980K(2796544K)
[2025-08-01T01:18:38.182+0000] GC(40) Metaspace: 10058K(10240K)->10058K(10240K) NonClass: 8831K(8896K)->8831K(8896K) Class: 1226K(1344K)->1226K(1344K)
[2025-08-01T01:18:38.182+0000] GC(40) Pause Young (Allocation Failure) 1059M->952M(3641M) 106.352ms
[2025-08-01T01:18:38.182+0000] GC(40) User=0.76s Sys=0.05s Real=0.10s
[2025-08-01T01:18:38.271+0000] GC(41) Pause Young (Allocation Failure)
[2025-08-01T01:18:38.418+0000] GC(41) PSYoungGen: 822304K(931840K)->465920K(931840K) Eden: 465920K(465920K)->0K(465920K) From: 356384K(465920K)->465920K(465920K)
[2025-08-01T01:18:38.418+0000] GC(41) ParOldGen: 618980K(2796544K)->1002996K(2796544K)
[2025-08-01T01:18:38.418+0000] GC(41) Metaspace: 10058K(10240K)->10058K(10240K) NonClass: 8831K(8896K)->8831K(8896K) Class: 1226K(1344K)->1226K(1344K)
[2025-08-01T01:18:38.418+0000] GC(41) Pause Young (Allocation Failure) 1407M->1434M(3641M) 147.179ms
[2025-08-01T01:18:38.418+0000] GC(41) User=1.08s Sys=0.05s Real=0.15s
[2025-08-01T01:18:38.509+0000] GC(42) Pause Young (Allocation Failure)
[2025-08-01T01:18:38.678+0000] GC(42) PSYoungGen: 931840K(931840K)->380480K(931840K) Eden: 465920K(465920K)->0K(465920K) From: 465920K(465920K)->380480K(465920K)
[2025-08-01T01:18:38.678+0000] GC(42) ParOldGen: 1002996K(2796544K)->1382468K(2796544K)
[2025-08-01T01:18:38.678+0000] GC(42) Metaspace: 10058K(10240K)->10058K(10240K) NonClass: 8831K(8896K)->8831K(8896K) Class: 1226K(1344K)->1226K(1344K)
[2025-08-01T01:18:38.678+0000] GC(42) Pause Young (Allocation Failure) 1889M->1721M(3641M) 169.018ms
[2025-08-01T01:18:38.678+0000] GC(42) User=1.25s Sys=0.07s Real=0.17s
[2025-08-01T01:18:38.765+0000] GC(43) Pause Young (Allocation Failure)
[2025-08-01T01:18:38.854+0000] GC(43) PSYoungGen: 846400K(931840K)->364384K(931840K) Eden: 465920K(465920K)->0K(465920K) From: 380480K(465920K)->364384K(465920K)
[2025-08-01T01:18:38.854+0000] GC(43) ParOldGen: 1382468K(2796544K)->1535828K(2796544K)
[2025-08-01T01:18:38.854+0000] GC(43) Metaspace: 10058K(10240K)->10058K(10240K) NonClass: 8831K(8896K)->8831K(8896K) Class: 1226K(1344K)->1226K(1344K)
[2025-08-01T01:18:38.854+0000] GC(43) Pause Young (Allocation Failure) 2176M->1855M(3641M) 89.020ms
[2025-08-01T01:18:38.854+0000] GC(43) User=0.69s Sys=0.01s Real=0.09s
[2025-08-01T01:18:38.943+0000] GC(44) Pause Young (Allocation Failure)
[2025-08-01T01:18:39.113+0000] GC(44) PSYoungGen: 830304K(931840K)->378624K(931840K) Eden: 465920K(465920K)->0K(465920K) From: 364384K(465920K)->378624K(465920K)
[2025-08-01T01:18:39.113+0000] GC(44) ParOldGen: 1535828K(2796544K)->1791276K(2796544K)
[2025-08-01T01:18:39.113+0000] GC(44) Metaspace: 10058K(10240K)->10058K(10240K) NonClass: 8831K(8896K)->8831K(8896K) Class: 1226K(1344K)->1226K(1344K)
[2025-08-01T01:18:39.113+0000] GC(44) Pause Young (Allocation Failure) 2310M->2119M(3641M) 170.182ms
[2025-08-01T01:18:39.113+0000] GC(44) User=1.26s Sys=0.06s Real=0.17s
[2025-08-01T01:18:39.201+0000] GC(45) Pause Young (Allocation Failure)
[2025-08-01T01:18:39.435+0000] GC(45) PSYoungGen: 844544K(931840K)->465920K(931840K) Eden: 465920K(465920K)->0K(465920K) From: 378624K(465920K)->465920K(465920K)
[2025-08-01T01:18:39.435+0000] GC(45) ParOldGen: 1791276K(2796544K)->2196356K(2796544K)
[2025-08-01T01:18:39.435+0000] GC(45) Metaspace: 10058K(10240K)->10058K(10240K) NonClass: 8831K(8896K)->8831K(8896K) Class: 1226K(1344K)->1226K(1344K)
[2025-08-01T01:18:39.435+0000] GC(45) Pause Young (Allocation Failure) 2574M->2599M(3641M) 233.415ms
[2025-08-01T01:18:39.435+0000] GC(45) User=1.70s Sys=0.10s Real=0.24s
[2025-08-01T01:18:39.522+0000] GC(46) Pause Young (Allocation Failure)
[2025-08-01T01:18:39.679+0000] GC(46) PSYoungGen: 931840K(931840K)->378816K(931840K) Eden: 465920K(465920K)->0K(465920K) From: 465920K(465920K)->378816K(465920K)
[2025-08-01T01:18:39.680+0000] GC(46) ParOldGen: 2196356K(2796544K)->2580980K(2796544K)
[2025-08-01T01:18:39.680+0000] GC(46) Metaspace: 10058K(10240K)->10058K(10240K) NonClass: 8831K(8896K)->8831K(8896K) Class: 1226K(1344K)->1226K(1344K)
[2025-08-01T01:18:39.680+0000] GC(46) Pause Young (Allocation Failure) 3054M->2890M(3641M) 157.596ms
[2025-08-01T01:18:39.680+0000] GC(46) User=0.86s Sys=0.38s Real=0.16s
[2025-08-01T01:18:39.765+0000] GC(47) Pause Full (Ergonomics)
[2025-08-01T01:18:39.765+0000] GC(47) Marking Phase
[2025-08-01T01:18:39.834+0000] GC(47) Marking Phase 69.235ms
[2025-08-01T01:18:39.834+0000] GC(47) Summary Phase
[2025-08-01T01:18:39.834+0000] GC(47) Summary Phase 0.107ms
[2025-08-01T01:18:39.834+0000] GC(47) Adjust Roots
[2025-08-01T01:18:39.837+0000] GC(47) Adjust Roots 2.284ms
[2025-08-01T01:18:39.837+0000] GC(47) Compaction Phase
[2025-08-01T01:18:39.928+0000] GC(47) Compaction Phase 91.232ms
[2025-08-01T01:18:39.928+0000] GC(47) Post Compact
[2025-08-01T01:18:39.952+0000] GC(47) Post Compact 23.625ms
[2025-08-01T01:18:39.952+0000] GC(47) PSYoungGen: 844736K(931840K)->0K(931840K) Eden: 465920K(465920K)->0K(465920K) From: 378816K(465920K)->0K(465920K)
[2025-08-01T01:18:39.952+0000] GC(47) ParOldGen: 2580980K(2796544K)->634520K(2796544K)
[2025-08-01T01:18:39.952+0000] GC(47) Metaspace: 10058K(10240K)->10058K(10240K) NonClass: 8831K(8896K)->8831K(8896K) Class: 1226K(1344K)->1226K(1344K)
[2025-08-01T01:18:39.952+0000] GC(47) Pause Full (Ergonomics) 3345M->619M(3641M) 187.028ms
[2025-08-01T01:18:39.952+0000] GC(47) User=1.01s Sys=0.24s Real=0.18s
[2025-08-01T01:18:40.038+0000] GC(48) Pause Young (Allocation Failure)
[2025-08-01T01:18:40.101+0000] GC(48) PSYoungGen: 465920K(931840K)->377184K(931840K) Eden: 465920K(465920K)->0K(465920K) From: 0K(465920K)->377184K(465920K)
[2025-08-01T01:18:40.101+0000] GC(48) ParOldGen: 634520K(2796544K)->634520K(2796544K)
[2025-08-01T01:18:40.101+0000] GC(48) Metaspace: 10058K(10240K)->10058K(10240K) NonClass: 8831K(8896K)->8831K(8896K) Class: 1226K(1344K)->1226K(1344K)
[2025-08-01T01:18:40.101+0000] GC(48) Pause Young (Allocation Failure) 1074M->987M(3641M) 63.233ms
[2025-08-01T01:18:40.101+0000] GC(48) User=0.48s Sys=0.01s Real=0.06s
[2025-08-01T01:18:40.186+0000] GC(49) Pause Young (Allocation Failure)
[2025-08-01T01:18:40.316+0000] GC(49) PSYoungGen: 843104K(931840K)->465920K(931840K) Eden: 465920K(465920K)->0K(465920K) From: 377184K(465920K)->465920K(465920K)
[2025-08-01T01:18:40.316+0000] GC(49) ParOldGen: 634520K(2796544K)->1040128K(2796544K)
[2025-08-01T01:18:40.316+0000] GC(49) Metaspace: 10058K(10240K)->10058K(10240K) NonClass: 8831K(8896K)->8831K(8896K) Class: 1226K(1344K)->1226K(1344K)
[2025-08-01T01:18:40.316+0000] GC(49) Pause Young (Allocation Failure) 1442M->1470M(3641M) 130.214ms
[2025-08-01T01:18:40.316+0000] GC(49) User=1.02s Sys=0.00s Real=0.13s
[2025-08-01T01:18:40.402+0000] GC(50) Pause Young (Allocation Failure)
[2025-08-01T01:18:40.512+0000] GC(50) PSYoungGen: 931840K(931840K)->361472K(931840K) Eden: 465920K(465920K)->0K(465920K) From: 465920K(465920K)->361472K(465920K)
[2025-08-01T01:18:40.512+0000] GC(50) ParOldGen: 1040128K(2796544K)->1420816K(2796544K)
[2025-08-01T01:18:40.512+0000] GC(50) Metaspace: 10058K(10240K)->10058K(10240K) NonClass: 8831K(8896K)->8831K(8896K) Class: 1226K(1344K)->1226K(1344K)
[2025-08-01T01:18:40.512+0000] GC(50) Pause Young (Allocation Failure) 1925M->1740M(3641M) 110.206ms
[2025-08-01T01:18:40.512+0000] GC(50) User=0.83s Sys=0.00s Real=0.11s
[2025-08-01T01:18:40.600+0000] GC(51) Pause Young (Allocation Failure)
[2025-08-01T01:18:40.676+0000] GC(51) PSYoungGen: 827392K(931840K)->383808K(931840K) Eden: 465920K(465920K)->0K(465920K) From: 361472K(465920K)->383808K(465920K)
[2025-08-01T01:18:40.676+0000] GC(51) ParOldGen: 1420816K(2796544K)->1538248K(2796544K)
[2025-08-01T01:18:40.676+0000] GC(51) Metaspace: 10058K(10240K)->10058K(10240K) NonClass: 8831K(8896K)->8831K(8896K) Class: 1226K(1344K)->1226K(1344K)
[2025-08-01T01:18:40.676+0000] GC(51) Pause Young (Allocation Failure) 2195M->1877M(3641M) 76.149ms
[2025-08-01T01:18:40.676+0000] GC(51) User=0.59s Sys=0.00s Real=0.08s
[2025-08-01T01:18:40.759+0000] GC(52) Pause Young (Allocation Failure)
[2025-08-01T01:18:40.860+0000] GC(52) PSYoungGen: 849728K(931840K)->376032K(931840K) Eden: 465920K(465920K)->0K(465920K) From: 383808K(465920K)->376032K(465920K)
[2025-08-01T01:18:40.860+0000] GC(52) ParOldGen: 1538248K(2796544K)->1820376K(2796544K)
[2025-08-01T01:18:40.860+0000] GC(52) Metaspace: 10058K(10240K)->10058K(10240K) NonClass: 8831K(8896K)->8831K(8896K) Class: 1226K(1344K)->1226K(1344K)
[2025-08-01T01:18:40.860+0000] GC(52) Pause Young (Allocation Failure) 2332M->2144M(3641M) 101.005ms
[2025-08-01T01:18:40.860+0000] GC(52) User=0.79s Sys=0.00s Real=0.10s
[2025-08-01T01:18:40.945+0000] GC(53) Pause Young (Allocation Failure)
[2025-08-01T01:18:41.093+0000] GC(53) PSYoungGen: 841952K(931840K)->465920K(931840K) Eden: 465920K(465920K)->0K(465920K) From: 376032K(465920K)->465920K(465920K)
[2025-08-01T01:18:41.093+0000] GC(53) ParOldGen: 1820376K(2796544K)->2225744K(2796544K)
[2025-08-01T01:18:41.093+0000] GC(53) Metaspace: 10058K(10240K)->10058K(10240K) NonClass: 8831K(8896K)->8831K(8896K) Class: 1226K(1344K)->1226K(1344K)
[2025-08-01T01:18:41.093+0000] GC(53) Pause Young (Allocation Failure) 2599M->2628M(3641M) 148.125ms
[2025-08-01T01:18:41.093+0000] GC(53) User=1.15s Sys=0.02s Real=0.15s
[2025-08-01T01:18:41.179+0000] GC(54) Pause Young (Allocation Failure)
[2025-08-01T01:18:41.347+0000] GC(54) PSYoungGen: 931840K(931840K)->359712K(931840K) Eden: 465920K(465920K)->0K(465920K) From: 465920K(465920K)->359712K(465920K)
[2025-08-01T01:18:41.348+0000] GC(54) ParOldGen: 2225744K(2796544K)->2598056K(2796544K)
[2025-08-01T01:18:41.348+0000] GC(54) Metaspace: 10058K(10240K)->10058K(10240K) NonClass: 8831K(8896K)->8831K(8896K) Class: 1226K(1344K)->1226K(1344K)
[2025-08-01T01:18:41.348+0000] GC(54) Pause Young (Allocation Failure) 3083M->2888M(3641M) 169.022ms
[2025-08-01T01:18:41.348+0000] GC(54) User=1.16s Sys=0.12s Real=0.17s
[2025-08-01T01:18:41.433+0000] GC(55) Pause Full (Ergonomics)
[2025-08-01T01:18:41.433+0000] GC(55) Marking Phase
[2025-08-01T01:18:41.500+0000] GC(55) Marking Phase 66.470ms
[2025-08-01T01:18:41.500+0000] GC(55) Summary Phase
[2025-08-01T01:18:41.500+0000] GC(55) Summary Phase 0.180ms
[2025-08-01T01:18:41.500+0000] GC(55) Adjust Roots
[2025-08-01T01:18:41.502+0000] GC(55) Adjust Roots 2.246ms
[2025-08-01T01:18:41.502+0000] GC(55) Compaction Phase
[2025-08-01T01:18:41.640+0000] GC(55) Compaction Phase 137.785ms
[2025-08-01T01:18:41.640+0000] GC(55) Post Compact
[2025-08-01T01:18:41.662+0000] GC(55) Post Compact 22.100ms
[2025-08-01T01:18:41.662+0000] GC(55) PSYoungGen: 825632K(931840K)->0K(931840K) Eden: 465920K(465920K)->0K(465920K) From: 359712K(465920K)->0K(465920K)
[2025-08-01T01:18:41.662+0000] GC(55) ParOldGen: 2598056K(2796544K)->648315K(2796544K)
[2025-08-01T01:18:41.662+0000] GC(55) Metaspace: 10058K(10240K)->10058K(10240K) NonClass: 8831K(8896K)->8831K(8896K) Class: 1226K(1344K)->1226K(1344K)
[2025-08-01T01:18:41.662+0000] GC(55) Pause Full (Ergonomics) 3343M->633M(3641M) 229.221ms
[2025-08-01T01:18:41.662+0000] GC(55) User=1.55s Sys=0.04s Real=0.22s
[2025-08-01T01:18:41.747+0000] GC(56) Pause Young (Allocation Failure)
[2025-08-01T01:18:41.806+0000] GC(56) PSYoungGen: 465920K(931840K)->378240K(931840K) Eden: 465920K(465920K)->0K(465920K) From: 0K(465920K)->378240K(465920K)
[2025-08-01T01:18:41.807+0000] GC(56) ParOldGen: 648315K(2796544K)->648315K(2796544K)
[2025-08-01T01:18:41.807+0000] GC(56) Metaspace: 10058K(10240K)->10058K(10240K) NonClass: 8831K(8896K)->8831K(8896K) Class: 1226K(1344K)->1226K(1344K)
[2025-08-01T01:18:41.807+0000] GC(56) Pause Young (Allocation Failure) 1088M->1002M(3641M) 59.941ms
[2025-08-01T01:18:41.807+0000] GC(56) User=0.46s Sys=0.00s Real=0.06s
[2025-08-01T01:18:41.892+0000] GC(57) Pause Young (Allocation Failure)
[2025-08-01T01:18:42.084+0000] GC(57) PSYoungGen: 844160K(931840K)->465920K(931840K) Eden: 465920K(465920K)->0K(465920K) From: 378240K(465920K)->465920K(465920K)
[2025-08-01T01:18:42.084+0000] GC(57) ParOldGen: 648315K(2796544K)->1056571K(2796544K)
[2025-08-01T01:18:42.084+0000] GC(57) Metaspace: 10058K(10240K)->10058K(10240K) NonClass: 8831K(8896K)->8831K(8896K) Class: 1226K(1344K)->1226K(1344K)
[2025-08-01T01:18:42.084+0000] GC(57) Pause Young (Allocation Failure) 1457M->1486M(3641M) 191.521ms
[2025-08-01T01:18:42.084+0000] GC(57) User=1.45s Sys=0.05s Real=0.20s
[2025-08-01T01:18:42.168+0000] GC(58) Pause Young (Allocation Failure)
[2025-08-01T01:18:42.353+0000] GC(58) PSYoungGen: 931840K(931840K)->465920K(931840K) Eden: 465920K(465920K)->0K(465920K) From: 465920K(465920K)->465920K(465920K)
[2025-08-01T01:18:42.353+0000] GC(58) ParOldGen: 1056571K(2796544K)->1557563K(2796544K)
[2025-08-01T01:18:42.353+0000] GC(58) Metaspace: 10058K(10240K)->10058K(10240K) NonClass: 8831K(8896K)->8831K(8896K) Class: 1226K(1344K)->1226K(1344K)
[2025-08-01T01:18:42.353+0000] GC(58) Pause Young (Allocation Failure) 1941M->1976M(3641M) 184.938ms
[2025-08-01T01:18:42.353+0000] GC(58) User=1.44s Sys=0.02s Real=0.19s
[2025-08-01T01:18:42.450+0000] GC(59) Pause Young (Allocation Failure)
[2025-08-01T01:18:42.546+0000] GC(59) PSYoungGen: 931840K(931840K)->377184K(931840K) Eden: 465920K(465920K)->0K(465920K) From: 465920K(465920K)->377184K(465920K)
[2025-08-01T01:18:42.547+0000] GC(59) ParOldGen: 1557563K(2796544K)->1678083K(2796544K)
[2025-08-01T01:18:42.547+0000] GC(59) Metaspace: 10058K(10240K)->10058K(10240K) NonClass: 8831K(8896K)->8831K(8896K) Class: 1226K(1344K)->1226K(1344K)
[2025-08-01T01:18:42.547+0000] GC(59) Pause Young (Allocation Failure) 2431M->2007M(3641M) 96.977ms
[2025-08-01T01:18:42.547+0000] GC(59) User=0.68s Sys=0.05s Real=0.10s
[2025-08-01T01:18:42.638+0000] GC(60) Pause Young (Allocation Failure)
[2025-08-01T01:18:42.745+0000] GC(60) PSYoungGen: 843104K(931840K)->379264K(931840K) Eden: 465920K(465920K)->0K(465920K) From: 377184K(465920K)->379264K(465920K)
[2025-08-01T01:18:42.745+0000] GC(60) ParOldGen: 1678083K(2796544K)->1977947K(2796544K)
[2025-08-01T01:18:42.745+0000] GC(60) Metaspace: 10058K(10240K)->10058K(10240K) NonClass: 8831K(8896K)->8831K(8896K) Class: 1226K(1344K)->1226K(1344K)
[2025-08-01T01:18:42.745+0000] GC(60) Pause Young (Allocation Failure) 2462M->2301M(3641M) 107.241ms
[2025-08-01T01:18:42.745+0000] GC(60) User=0.80s Sys=0.00s Real=0.11s
[2025-08-01T01:18:42.836+0000] GC(61) Pause Young (Allocation Failure)
[2025-08-01T01:18:43.050+0000] GC(61) PSYoungGen: 845184K(931840K)->465920K(931840K) Eden: 465920K(465920K)->0K(465920K) From: 379264K(465920K)->465920K(465920K)
[2025-08-01T01:18:43.050+0000] GC(61) ParOldGen: 1977947K(2796544K)->2389387K(2796544K)
[2025-08-01T01:18:43.050+0000] GC(61) Metaspace: 10058K(10240K)->10058K(10240K) NonClass: 8831K(8896K)->8831K(8896K) Class: 1226K(1344K)->1226K(1344K)
[2025-08-01T01:18:43.050+0000] GC(61) Pause Young (Allocation Failure) 2756M->2788M(3641M) 213.615ms
[2025-08-01T01:18:43.050+0000] GC(61) User=1.65s Sys=0.04s Real=0.21s
[2025-08-01T01:18:43.140+0000] GC(62) Pause Full (Ergonomics)
[2025-08-01T01:18:43.140+0000] GC(62) Marking Phase
[2025-08-01T01:18:43.215+0000] GC(62) Marking Phase 75.223ms
[2025-08-01T01:18:43.215+0000] GC(62) Summary Phase
[2025-08-01T01:18:43.215+0000] GC(62) Summary Phase 0.104ms
[2025-08-01T01:18:43.215+0000] GC(62) Adjust Roots
[2025-08-01T01:18:43.217+0000] GC(62) Adjust Roots 1.636ms
[2025-08-01T01:18:43.217+0000] GC(62) Compaction Phase
[2025-08-01T01:18:43.441+0000] GC(62) Compaction Phase 224.205ms
[2025-08-01T01:18:43.441+0000] GC(62) Post Compact
[2025-08-01T01:18:43.464+0000] GC(62) Post Compact 22.827ms
[2025-08-01T01:18:43.464+0000] GC(62) PSYoungGen: 931840K(931840K)->0K(931840K) Eden: 465920K(465920K)->0K(465920K) From: 465920K(465920K)->0K(465920K)
[2025-08-01T01:18:43.464+0000] GC(62) ParOldGen: 2389387K(2796544K)->1588692K(2796544K)
[2025-08-01T01:18:43.464+0000] GC(62) Metaspace: 10058K(10240K)->10058K(10240K) NonClass: 8831K(8896K)->8831K(8896K) Class: 1226K(1344K)->1226K(1344K)
[2025-08-01T01:18:43.464+0000] GC(62) Pause Full (Ergonomics) 3243M->1551M(3641M) 324.516ms
[2025-08-01T01:18:43.464+0000] GC(62) User=2.37s Sys=0.00s Real=0.33s
[2025-08-01T01:18:43.603+0000] GC(63) Pause Young (Allocation Failure)
[2025-08-01T01:18:43.706+0000] GC(63) PSYoungGen: 465920K(931840K)->408800K(931840K) Eden: 465920K(465920K)->0K(465920K) From: 0K(465920K)->408800K(465920K)
[2025-08-01T01:18:43.706+0000] GC(63) ParOldGen: 1588692K(2796544K)->1588692K(2796544K)
[2025-08-01T01:18:43.706+0000] GC(63) Metaspace: 10058K(10240K)->10058K(10240K) NonClass: 8831K(8896K)->8831K(8896K) Class: 1226K(1344K)->1226K(1344K)
[2025-08-01T01:18:43.706+0000] GC(63) Pause Young (Allocation Failure) 2006M->1950M(3641M) 102.972ms
[2025-08-01T01:18:43.706+0000] GC(63) User=0.78s Sys=0.00s Real=0.10s
[2025-08-01T01:18:43.800+0000] GC(64) Pause Young (Allocation Failure)
[2025-08-01T01:18:43.910+0000] GC(64) PSYoungGen: 874720K(931840K)->391488K(931840K) Eden: 465920K(465920K)->0K(465920K) From: 408800K(465920K)->391488K(465920K)
[2025-08-01T01:18:43.910+0000] GC(64) ParOldGen: 1588692K(2796544K)->1887620K(2796544K)
[2025-08-01T01:18:43.910+0000] GC(64) Metaspace: 10058K(10240K)->10058K(10240K) NonClass: 8831K(8896K)->8831K(8896K) Class: 1226K(1344K)->1226K(1344K)
[2025-08-01T01:18:43.910+0000] GC(64) Pause Young (Allocation Failure) 2405M->2225M(3641M) 110.265ms
[2025-08-01T01:18:43.910+0000] GC(64) User=0.86s Sys=0.00s Real=0.11s
[2025-08-01T01:18:44.001+0000] GC(65) Pause Young (Allocation Failure)
[2025-08-01T01:18:44.149+0000] GC(65) PSYoungGen: 857408K(931840K)->465920K(931840K) Eden: 465920K(465920K)->0K(465920K) From: 391488K(465920K)->465920K(465920K)
[2025-08-01T01:18:44.149+0000] GC(65) ParOldGen: 1887620K(2796544K)->2310772K(2796544K)
[2025-08-01T01:18:44.149+0000] GC(65) Metaspace: 10058K(10240K)->10058K(10240K) NonClass: 8831K(8896K)->8831K(8896K) Class: 1226K(1344K)->1226K(1344K)
[2025-08-01T01:18:44.149+0000] GC(65) Pause Young (Allocation Failure) 2680M->2711M(3641M) 148.084ms
[2025-08-01T01:18:44.149+0000] GC(65) User=1.15s Sys=0.02s Real=0.15s
[2025-08-01T01:18:44.241+0000] GC(66) Pause Full (Ergonomics)
[2025-08-01T01:18:44.241+0000] GC(66) Marking Phase
[2025-08-01T01:18:44.341+0000] GC(66) Marking Phase 99.241ms
[2025-08-01T01:18:44.341+0000] GC(66) Summary Phase
[2025-08-01T01:18:44.341+0000] GC(66) Summary Phase 0.071ms
[2025-08-01T01:18:44.341+0000] GC(66) Adjust Roots
[2025-08-01T01:18:44.342+0000] GC(66) Adjust Roots 1.474ms
[2025-08-01T01:18:44.342+0000] GC(66) Compaction Phase
[2025-08-01T01:18:44.563+0000] GC(66) Compaction Phase 220.743ms
[2025-08-01T01:18:44.563+0000] GC(66) Post Compact
[2025-08-01T01:18:44.585+0000] GC(66) Post Compact 21.648ms
[2025-08-01T01:18:44.585+0000] GC(66) PSYoungGen: 931840K(931840K)->0K(931840K) Eden: 465920K(465920K)->0K(465920K) From: 465920K(465920K)->0K(465920K)
[2025-08-01T01:18:44.585+0000] GC(66) ParOldGen: 2310772K(2796544K)->1596625K(2796544K)
[2025-08-01T01:18:44.585+0000] GC(66) Metaspace: 10058K(10240K)->10058K(10240K) NonClass: 8831K(8896K)->8831K(8896K) Class: 1226K(1344K)->1226K(1344K)
[2025-08-01T01:18:44.585+0000] GC(66) Pause Full (Ergonomics) 3166M->1559M(3641M) 343.668ms
[2025-08-01T01:18:44.585+0000] GC(66) User=2.53s Sys=0.00s Real=0.35s
[2025-08-01T01:18:44.728+0000] GC(67) Pause Young (Allocation Failure)
[2025-08-01T01:18:44.846+0000] GC(67) PSYoungGen: 465920K(931840K)->413312K(931840K) Eden: 465920K(465920K)->0K(465920K) From: 0K(465920K)->413312K(465920K)
[2025-08-01T01:18:44.846+0000] GC(67) ParOldGen: 1596625K(2796544K)->1596625K(2796544K)
[2025-08-01T01:18:44.846+0000] GC(67) Metaspace: 10058K(10240K)->10058K(10240K) NonClass: 8831K(8896K)->8831K(8896K) Class: 1226K(1344K)->1226K(1344K)
[2025-08-01T01:18:44.846+0000] GC(67) Pause Young (Allocation Failure) 2014M->1962M(3641M) 118.157ms
[2025-08-01T01:18:44.846+0000] GC(67) User=0.88s Sys=0.04s Real=0.12s
[2025-08-01T01:18:44.949+0000] GC(68) Pause Young (Allocation Failure)
[2025-08-01T01:18:45.100+0000] GC(68) PSYoungGen: 879232K(931840K)->384896K(931840K) Eden: 465920K(465920K)->0K(465920K) From: 413312K(465920K)->384896K(465920K)
[2025-08-01T01:18:45.100+0000] GC(68) ParOldGen: 1596625K(2796544K)->1911033K(2796544K)
[2025-08-01T01:18:45.100+0000] GC(68) Metaspace: 10058K(10240K)->10058K(10240K) NonClass: 8831K(8896K)->8831K(8896K) Class: 1226K(1344K)->1226K(1344K)
[2025-08-01T01:18:45.100+0000] GC(68) Pause Young (Allocation Failure) 2417M->2242M(3641M) 151.493ms
[2025-08-01T01:18:45.100+0000] GC(68) User=1.16s Sys=0.03s Real=0.15s
[2025-08-01T01:18:45.194+0000] GC(69) Pause Young (Allocation Failure)
[2025-08-01T01:18:45.403+0000] GC(69) PSYoungGen: 850816K(931840K)->465920K(931840K) Eden: 465920K(465920K)->0K(465920K) From: 384896K(465920K)->465920K(465920K)
[2025-08-01T01:18:45.403+0000] GC(69) ParOldGen: 1911033K(2796544K)->2324873K(2796544K)
[2025-08-01T01:18:45.403+0000] GC(69) Metaspace: 10058K(10240K)->10058K(10240K) NonClass: 8831K(8896K)->8831K(8896K) Class: 1226K(1344K)->1226K(1344K)
[2025-08-01T01:18:45.403+0000] GC(69) Pause Young (Allocation Failure) 2697M->2725M(3641M) 209.694ms
[2025-08-01T01:18:45.403+0000] GC(69) User=1.63s Sys=0.03s Real=0.21s
[2025-08-01T01:18:45.499+0000] GC(70) Pause Full (Ergonomics)
[2025-08-01T01:18:45.499+0000] GC(70) Marking Phase
[2025-08-01T01:18:45.622+0000] GC(70) Marking Phase 123.429ms
[2025-08-01T01:18:45.622+0000] GC(70) Summary Phase
[2025-08-01T01:18:45.623+0000] GC(70) Summary Phase 0.093ms
[2025-08-01T01:18:45.623+0000] GC(70) Adjust Roots
[2025-08-01T01:18:45.625+0000] GC(70) Adjust Roots 2.511ms
[2025-08-01T01:18:45.625+0000] GC(70) Compaction Phase
[2025-08-01T01:18:45.855+0000] GC(70) Compaction Phase 229.630ms
[2025-08-01T01:18:45.855+0000] GC(70) Post Compact
[2025-08-01T01:18:45.877+0000] GC(70) Post Compact 22.241ms
[2025-08-01T01:18:45.877+0000] GC(70) PSYoungGen: 931840K(931840K)->0K(931840K) Eden: 465920K(465920K)->0K(465920K) From: 465920K(465920K)->0K(465920K)
[2025-08-01T01:18:45.877+0000] GC(70) ParOldGen: 2324873K(2796544K)->1602745K(2796544K)
[2025-08-01T01:18:45.877+0000] GC(70) Metaspace: 10058K(10240K)->10058K(10240K) NonClass: 8831K(8896K)->8831K(8896K) Class: 1226K(1344K)->1226K(1344K)
[2025-08-01T01:18:45.877+0000] GC(70) Pause Full (Ergonomics) 3180M->1565M(3641M) 378.431ms
[2025-08-01T01:18:45.877+0000] GC(70) User=2.77s Sys=0.01s Real=0.38s
[2025-08-01T01:18:46.021+0000] GC(71) Pause Young (Allocation Failure)
[2025-08-01T01:18:46.137+0000] GC(71) PSYoungGen: 465920K(931840K)->427360K(931840K) Eden: 465920K(465920K)->0K(465920K) From: 0K(465920K)->427360K(465920K)
[2025-08-01T01:18:46.137+0000] GC(71) ParOldGen: 1602745K(2796544K)->1602745K(2796544K)
[2025-08-01T01:18:46.137+0000] GC(71) Metaspace: 10058K(10240K)->10058K(10240K) NonClass: 8831K(8896K)->8831K(8896K) Class: 1226K(1344K)->1226K(1344K)
[2025-08-01T01:18:46.137+0000] GC(71) Pause Young (Allocation Failure) 2020M->1982M(3641M) 115.844ms
[2025-08-01T01:18:46.137+0000] GC(71) User=0.81s Sys=0.07s Real=0.12s
[2025-08-01T01:18:46.235+0000] GC(72) Pause Young (Allocation Failure)
[2025-08-01T01:18:46.349+0000] GC(72) PSYoungGen: 893280K(931840K)->377088K(931840K) Eden: 465920K(465920K)->0K(465920K) From: 427360K(465920K)->377088K(465920K)
[2025-08-01T01:18:46.349+0000] GC(72) ParOldGen: 1602745K(2796544K)->1930937K(2796544K)
[2025-08-01T01:18:46.349+0000] GC(72) Metaspace: 10058K(10240K)->10058K(10240K) NonClass: 8831K(8896K)->8831K(8896K) Class: 1226K(1344K)->1226K(1344K)
[2025-08-01T01:18:46.349+0000] GC(72) Pause Young (Allocation Failure) 2437M->2253M(3641M) 113.990ms
[2025-08-01T01:18:46.349+0000] GC(72) User=0.87s Sys=0.03s Real=0.11s
[2025-08-01T01:18:46.444+0000] GC(73) Pause Young (Allocation Failure)
[2025-08-01T01:18:46.600+0000] GC(73) PSYoungGen: 843008K(931840K)->465920K(931840K) Eden: 465920K(465920K)->0K(465920K) From: 377088K(465920K)->465920K(465920K)
[2025-08-01T01:18:46.600+0000] GC(73) ParOldGen: 1930937K(2796544K)->2337945K(2796544K)
[2025-08-01T01:18:46.600+0000] GC(73) Metaspace: 10058K(10240K)->10058K(10240K) NonClass: 8831K(8896K)->8831K(8896K) Class: 1226K(1344K)->1226K(1344K)
[2025-08-01T01:18:46.600+0000] GC(73) Pause Young (Allocation Failure) 2708M->2738M(3641M) 155.619ms
[2025-08-01T01:18:46.600+0000] GC(73) User=1.20s Sys=0.02s Real=0.15s
[2025-08-01T01:18:46.687+0000] GC(74) Pause Full (Ergonomics)
[2025-08-01T01:18:46.687+0000] GC(74) Marking Phase
[2025-08-01T01:18:46.779+0000] GC(74) Marking Phase 91.755ms
[2025-08-01T01:18:46.779+0000] GC(74) Summary Phase
[2025-08-01T01:18:46.779+0000] GC(74) Summary Phase 0.107ms
[2025-08-01T01:18:46.779+0000] GC(74) Adjust Roots
[2025-08-01T01:18:46.781+0000] GC(74) Adjust Roots 2.000ms
[2025-08-01T01:18:46.781+0000] GC(74) Compaction Phase
[2025-08-01T01:18:47.029+0000] GC(74) Compaction Phase 247.794ms
[2025-08-01T01:18:47.029+0000] GC(74) Post Compact
[2025-08-01T01:18:47.052+0000] GC(74) Post Compact 22.734ms
[2025-08-01T01:18:47.052+0000] GC(74) PSYoungGen: 931840K(931840K)->0K(931840K) Eden: 465920K(465920K)->0K(465920K) From: 465920K(465920K)->0K(465920K)
[2025-08-01T01:18:47.052+0000] GC(74) ParOldGen: 2337945K(2796544K)->1613475K(2796544K)
[2025-08-01T01:18:47.052+0000] GC(74) Metaspace: 10058K(10240K)->10058K(10240K) NonClass: 8831K(8896K)->8831K(8896K) Class: 1226K(1344K)->1226K(1344K)
[2025-08-01T01:18:47.052+0000] GC(74) Pause Full (Ergonomics) 3193M->1575M(3641M) 364.850ms
[2025-08-01T01:18:47.052+0000] GC(74) User=2.68s Sys=0.01s Real=0.36s
[2025-08-01T01:18:47.195+0000] GC(75) Pause Young (Allocation Failure)
[2025-08-01T01:18:47.322+0000] GC(75) PSYoungGen: 465920K(931840K)->438784K(931840K) Eden: 465920K(465920K)->0K(465920K) From: 0K(465920K)->438784K(465920K)
[2025-08-01T01:18:47.322+0000] GC(75) ParOldGen: 1613475K(2796544K)->1613475K(2796544K)
[2025-08-01T01:18:47.322+0000] GC(75) Metaspace: 10058K(10240K)->10058K(10240K) NonClass: 8831K(8896K)->8831K(8896K) Class: 1226K(1344K)->1226K(1344K)
[2025-08-01T01:18:47.322+0000] GC(75) Pause Young (Allocation Failure) 2030M->2004M(3641M) 127.767ms
[2025-08-01T01:18:47.322+0000] GC(75) User=0.95s Sys=0.04s Real=0.12s
[2025-08-01T01:18:47.425+0000] GC(76) Pause Young (Allocation Failure)
[2025-08-01T01:18:47.549+0000] GC(76) PSYoungGen: 904704K(931840K)->380192K(931840K) Eden: 465920K(465920K)->0K(465920K) From: 438784K(465920K)->380192K(465920K)
[2025-08-01T01:18:47.549+0000] GC(76) ParOldGen: 1613475K(2796544K)->1952907K(2796544K)
[2025-08-01T01:18:47.549+0000] GC(76) Metaspace: 10058K(10240K)->10058K(10240K) NonClass: 8831K(8896K)->8831K(8896K) Class: 1226K(1344K)->1226K(1344K)
[2025-08-01T01:18:47.549+0000] GC(76) Pause Young (Allocation Failure) 2459M->2278M(3641M) 124.246ms
[2025-08-01T01:18:47.550+0000] GC(76) User=0.96s Sys=0.02s Real=0.12s
[2025-08-01T01:18:47.645+0000] GC(77) Pause Young (Allocation Failure)
[2025-08-01T01:18:47.803+0000] GC(77) PSYoungGen: 846112K(931840K)->465920K(931840K) Eden: 465920K(465920K)->0K(465920K) From: 380192K(465920K)->465920K(465920K)
[2025-08-01T01:18:47.803+0000] GC(77) ParOldGen: 1952907K(2796544K)->2365635K(2796544K)
[2025-08-01T01:18:47.803+0000] GC(77) Metaspace: 10058K(10240K)->10058K(10240K) NonClass: 8831K(8896K)->8831K(8896K) Class: 1226K(1344K)->1226K(1344K)
[2025-08-01T01:18:47.803+0000] GC(77) Pause Young (Allocation Failure) 2733M->2765M(3641M) 157.690ms
[2025-08-01T01:18:47.803+0000] GC(77) User=1.12s Sys=0.05s Real=0.16s
[2025-08-01T01:18:47.894+0000] GC(78) Pause Full (Ergonomics)
[2025-08-01T01:18:47.894+0000] GC(78) Marking Phase
[2025-08-01T01:18:47.979+0000] GC(78) Marking Phase 85.460ms
[2025-08-01T01:18:47.979+0000] GC(78) Summary Phase
[2025-08-01T01:18:47.980+0000] GC(78) Summary Phase 0.217ms
[2025-08-01T01:18:47.980+0000] GC(78) Adjust Roots
[2025-08-01T01:18:47.982+0000] GC(78) Adjust Roots 2.295ms
[2025-08-01T01:18:47.982+0000] GC(78) Compaction Phase
[2025-08-01T01:18:48.156+0000] GC(78) Compaction Phase 174.194ms
[2025-08-01T01:18:48.156+0000] GC(78) Post Compact
[2025-08-01T01:18:48.180+0000] GC(78) Post Compact 23.550ms
[2025-08-01T01:18:48.180+0000] GC(78) PSYoungGen: 931840K(931840K)->0K(931840K) Eden: 465920K(465920K)->0K(465920K) From: 465920K(465920K)->0K(465920K)
[2025-08-01T01:18:48.180+0000] GC(78) ParOldGen: 2365635K(2796544K)->1162897K(2796544K)
[2025-08-01T01:18:48.180+0000] GC(78) Metaspace: 10058K(10240K)->10058K(10240K) NonClass: 8831K(8896K)->8831K(8896K) Class: 1226K(1344K)->1226K(1344K)
[2025-08-01T01:18:48.180+0000] GC(78) Pause Full (Ergonomics) 3220M->1135M(3641M) 286.170ms
[2025-08-01T01:18:48.180+0000] GC(78) User=2.04s Sys=0.02s Real=0.28s
[2025-08-01T01:18:48.266+0000] GC(79) Pause Young (Allocation Failure)
[2025-08-01T01:18:48.342+0000] GC(79) PSYoungGen: 465920K(931840K)->443328K(931840K) Eden: 465920K(465920K)->0K(465920K) From: 0K(465920K)->443328K(465920K)
[2025-08-01T01:18:48.342+0000] GC(79) ParOldGen: 1162897K(2796544K)->1162897K(2796544K)
[2025-08-01T01:18:48.342+0000] GC(79) Metaspace: 10058K(10240K)->10058K(10240K) NonClass: 8831K(8896K)->8831K(8896K) Class: 1226K(1344K)->1226K(1344K)
[2025-08-01T01:18:48.342+0000] GC(79) Pause Young (Allocation Failure) 1590M->1568M(3641M) 76.186ms
[2025-08-01T01:18:48.342+0000] GC(79) User=0.58s Sys=0.01s Real=0.07s
[2025-08-01T01:18:48.432+0000] GC(80) Pause Young (Allocation Failure)
[2025-08-01T01:18:48.561+0000] GC(80) PSYoungGen: 909248K(931840K)->378432K(931840K) Eden: 465920K(465920K)->0K(465920K) From: 443328K(465920K)->378432K(465920K)
[2025-08-01T01:18:48.561+0000] GC(80) ParOldGen: 1162897K(2796544K)->1511630K(2796544K)
[2025-08-01T01:18:48.561+0000] GC(80) Metaspace: 10058K(10240K)->10058K(10240K) NonClass: 8831K(8896K)->8831K(8896K) Class: 1226K(1344K)->1226K(1344K)
[2025-08-01T01:18:48.561+0000] GC(80) Pause Young (Allocation Failure) 2023M->1845M(3641M) 129.072ms
[2025-08-01T01:18:48.561+0000] GC(80) User=0.97s Sys=0.04s Real=0.13s
[2025-08-01T01:18:48.649+0000] GC(81) Pause Young (Allocation Failure)
[2025-08-01T01:18:48.775+0000] GC(81) PSYoungGen: 844352K(931840K)->465920K(931840K) Eden: 465920K(465920K)->0K(465920K) From: 378432K(465920K)->465920K(465920K)
[2025-08-01T01:18:48.775+0000] GC(81) ParOldGen: 1511630K(2796544K)->1919782K(2796544K)
[2025-08-01T01:18:48.775+0000] GC(81) Metaspace: 10058K(10240K)->10058K(10240K) NonClass: 8831K(8896K)->8831K(8896K) Class: 1226K(1344K)->1226K(1344K)
[2025-08-01T01:18:48.775+0000] GC(81) Pause Young (Allocation Failure) 2300M->2329M(3641M) 126.054ms
[2025-08-01T01:18:48.775+0000] GC(81) User=0.98s Sys=0.00s Real=0.13s
[2025-08-01T01:18:48.865+0000] GC(82) Pause Young (Allocation Failure)
[2025-08-01T01:18:48.973+0000] GC(82) PSYoungGen: 931840K(931840K)->377920K(931840K) Eden: 465920K(465920K)->0K(465920K) From: 465920K(465920K)->377920K(465920K)
[2025-08-01T01:18:48.973+0000] GC(82) ParOldGen: 1919782K(2796544K)->2286846K(2796544K)
[2025-08-01T01:18:48.973+0000] GC(82) Metaspace: 10058K(10240K)->10058K(10240K) NonClass: 8831K(8896K)->8831K(8896K) Class: 1226K(1344K)->1226K(1344K)
[2025-08-01T01:18:48.973+0000] GC(82) Pause Young (Allocation Failure) 2784M->2602M(3641M) 108.224ms
[2025-08-01T01:18:48.973+0000] GC(82) User=0.84s Sys=0.00s Real=0.11s
[2025-08-01T01:18:49.068+0000] GC(83) Pause Full (Ergonomics)
[2025-08-01T01:18:49.068+0000] GC(83) Marking Phase
[2025-08-01T01:18:49.123+0000] GC(83) Marking Phase 54.998ms
[2025-08-01T01:18:49.123+0000] GC(83) Summary Phase
[2025-08-01T01:18:49.123+0000] GC(83) Summary Phase 0.170ms
[2025-08-01T01:18:49.123+0000] GC(83) Adjust Roots
[2025-08-01T01:18:49.125+0000] GC(83) Adjust Roots 1.760ms
[2025-08-01T01:18:49.125+0000] GC(83) Compaction Phase
[2025-08-01T01:18:49.237+0000] GC(83) Compaction Phase 111.709ms
[2025-08-01T01:18:49.237+0000] GC(83) Post Compact
[2025-08-01T01:18:49.260+0000] GC(83) Post Compact 22.422ms
[2025-08-01T01:18:49.260+0000] GC(83) PSYoungGen: 843840K(931840K)->0K(931840K) Eden: 465920K(465920K)->0K(465920K) From: 377920K(465920K)->0K(465920K)
[2025-08-01T01:18:49.260+0000] GC(83) ParOldGen: 2286846K(2796544K)->708044K(2796544K)
[2025-08-01T01:18:49.260+0000] GC(83) Metaspace: 10058K(10240K)->10058K(10240K) NonClass: 8831K(8896K)->8831K(8896K) Class: 1226K(1344K)->1226K(1344K)
[2025-08-01T01:18:49.260+0000] GC(83) Pause Full (Ergonomics) 3057M->691M(3641M) 191.554ms
[2025-08-01T01:18:49.260+0000] GC(83) User=1.27s Sys=0.04s Real=0.19s
[2025-08-01T01:18:49.403+0000] GC(84) Pause Young (Allocation Failure)
[2025-08-01T01:18:49.511+0000] GC(84) PSYoungGen: 465920K(931840K)->370560K(931840K) Eden: 465920K(465920K)->0K(465920K) From: 0K(465920K)->370560K(465920K)
[2025-08-01T01:18:49.511+0000] GC(84) ParOldGen: 708044K(2796544K)->708044K(2796544K)
[2025-08-01T01:18:49.511+0000] GC(84) Metaspace: 10058K(10240K)->10058K(10240K) NonClass: 8831K(8896K)->8831K(8896K) Class: 1226K(1344K)->1226K(1344K)
[2025-08-01T01:18:49.511+0000] GC(84) Pause Young (Allocation Failure) 1146M->1053M(3641M) 107.658ms
[2025-08-01T01:18:49.511+0000] GC(84) User=0.78s Sys=0.04s Real=0.10s
[2025-08-01T01:18:49.613+0000] GC(85) Pause Young (Allocation Failure)
[2025-08-01T01:18:49.776+0000] GC(85) PSYoungGen: 836480K(931840K)->465920K(931840K) Eden: 465920K(465920K)->0K(465920K) From: 370560K(465920K)->465920K(465920K)
[2025-08-01T01:18:49.776+0000] GC(85) ParOldGen: 708044K(2796544K)->1107444K(2796544K)
[2025-08-01T01:18:49.776+0000] GC(85) Metaspace: 10058K(10240K)->10058K(10240K) NonClass: 8831K(8896K)->8831K(8896K) Class: 1226K(1344K)->1226K(1344K)
[2025-08-01T01:18:49.776+0000] GC(85) Pause Young (Allocation Failure) 1508M->1536M(3641M) 163.642ms
[2025-08-01T01:18:49.776+0000] GC(85) User=1.24s Sys=0.04s Real=0.17s
[2025-08-01T01:18:49.869+0000] GC(86) Pause Young (Allocation Failure)
[2025-08-01T01:18:50.006+0000] GC(86) PSYoungGen: 931840K(931840K)->404608K(931840K) Eden: 465920K(465920K)->0K(465920K) From: 465920K(465920K)->404608K(465920K)
[2025-08-01T01:18:50.006+0000] GC(86) ParOldGen: 1107444K(2796544K)->1486812K(2796544K)
[2025-08-01T01:18:50.006+0000] GC(86) Metaspace: 10058K(10240K)->10058K(10240K) NonClass: 8831K(8896K)->8831K(8896K) Class: 1226K(1344K)->1226K(1344K)
[2025-08-01T01:18:50.006+0000] GC(86) Pause Young (Allocation Failure) 1991M->1847M(3641M) 137.570ms
[2025-08-01T01:18:50.006+0000] GC(86) User=1.04s Sys=0.03s Real=0.14s
[2025-08-01T01:18:50.103+0000] GC(87) Pause Young (Allocation Failure)
[2025-08-01T01:18:50.225+0000] GC(87) PSYoungGen: 870528K(931840K)->424320K(931840K) Eden: 465920K(465920K)->0K(465920K) From: 404608K(465920K)->424320K(465920K)
[2025-08-01T01:18:50.225+0000] GC(87) ParOldGen: 1486812K(2796544K)->1667308K(2796544K)
[2025-08-01T01:18:50.225+0000] GC(87) Metaspace: 10058K(10240K)->10058K(10240K) NonClass: 8831K(8896K)->8831K(8896K) Class: 1226K(1344K)->1226K(1344K)
[2025-08-01T01:18:50.225+0000] GC(87) Pause Young (Allocation Failure) 2302M->2042M(3641M) 121.116ms
[2025-08-01T01:18:50.225+0000] GC(87) User=0.91s Sys=0.04s Real=0.12s
[2025-08-01T01:18:50.313+0000] GC(88) Pause Young (Allocation Failure)
[2025-08-01T01:18:50.430+0000] GC(88) PSYoungGen: 890240K(931840K)->366368K(931840K) Eden: 465920K(465920K)->0K(465920K) From: 424320K(465920K)->366368K(465920K)
[2025-08-01T01:18:50.430+0000] GC(88) ParOldGen: 1667308K(2796544K)->1989740K(2796544K)
[2025-08-01T01:18:50.430+0000] GC(88) Metaspace: 10058K(10240K)->10058K(10240K) NonClass: 8831K(8896K)->8831K(8896K) Class: 1226K(1344K)->1226K(1344K)
[2025-08-01T01:18:50.430+0000] GC(88) Pause Young (Allocation Failure) 2497M->2300M(3641M) 117.344ms
[2025-08-01T01:18:50.430+0000] GC(88) User=0.90s Sys=0.02s Real=0.11s
[2025-08-01T01:18:50.517+0000] GC(89) Pause Young (Allocation Failure)
[2025-08-01T01:18:50.661+0000] GC(89) PSYoungGen: 832288K(931840K)->465920K(931840K) Eden: 465920K(465920K)->0K(465920K) From: 366368K(465920K)->465920K(465920K)
[2025-08-01T01:18:50.661+0000] GC(89) ParOldGen: 1989740K(2796544K)->2385268K(2796544K)
[2025-08-01T01:18:50.661+0000] GC(89) Metaspace: 10058K(10240K)->10058K(10240K) NonClass: 8831K(8896K)->8831K(8896K) Class: 1226K(1344K)->1226K(1344K)
[2025-08-01T01:18:50.661+0000] GC(89) Pause Young (Allocation Failure) 2755M->2784M(3641M) 143.736ms
[2025-08-01T01:18:50.661+0000] GC(89) User=1.10s Sys=0.01s Real=0.14s
[2025-08-01T01:18:50.754+0000] GC(90) Pause Full (Ergonomics)
[2025-08-01T01:18:50.754+0000] GC(90) Marking Phase
[2025-08-01T01:18:50.809+0000] GC(90) Marking Phase 54.971ms
[2025-08-01T01:18:50.809+0000] GC(90) Summary Phase
[2025-08-01T01:18:50.810+0000] GC(90) Summary Phase 0.114ms
[2025-08-01T01:18:50.810+0000] GC(90) Adjust Roots
[2025-08-01T01:18:50.812+0000] GC(90) Adjust Roots 2.103ms
[2025-08-01T01:18:50.812+0000] GC(90) Compaction Phase
[2025-08-01T01:18:50.928+0000] GC(90) Compaction Phase 115.843ms
[2025-08-01T01:18:50.928+0000] GC(90) Post Compact
[2025-08-01T01:18:50.950+0000] GC(90) Post Compact 22.134ms
[2025-08-01T01:18:50.950+0000] GC(90) PSYoungGen: 931840K(931840K)->0K(931840K) Eden: 465920K(465920K)->0K(465920K) From: 465920K(465920K)->0K(465920K)
[2025-08-01T01:18:50.950+0000] GC(90) ParOldGen: 2385268K(2796544K)->724401K(2796544K)
[2025-08-01T01:18:50.950+0000] GC(90) Metaspace: 10058K(10240K)->10058K(10240K) NonClass: 8831K(8896K)->8831K(8896K) Class: 1226K(1344K)->1226K(1344K)
[2025-08-01T01:18:50.950+0000] GC(90) Pause Full (Ergonomics) 3239M->707M(3641M) 195.614ms
[2025-08-01T01:18:50.950+0000] GC(90) User=1.27s Sys=0.02s Real=0.19s
[2025-08-01T01:18:51.042+0000] GC(91) Pause Young (Allocation Failure)
[2025-08-01T01:18:51.150+0000] GC(91) PSYoungGen: 465920K(931840K)->414560K(931840K) Eden: 465920K(465920K)->0K(465920K) From: 0K(465920K)->414560K(465920K)
[2025-08-01T01:18:51.150+0000] GC(91) ParOldGen: 724401K(2796544K)->724401K(2796544K)
[2025-08-01T01:18:51.150+0000] GC(91) Metaspace: 10058K(10240K)->10058K(10240K) NonClass: 8831K(8896K)->8831K(8896K) Class: 1226K(1344K)->1226K(1344K)
[2025-08-01T01:18:51.150+0000] GC(91) Pause Young (Allocation Failure) 1162M->1112M(3641M) 108.347ms
[2025-08-01T01:18:51.151+0000] GC(91) User=0.80s Sys=0.03s Real=0.11s
[2025-08-01T01:18:51.244+0000] GC(92) Pause Young (Allocation Failure)
[2025-08-01T01:18:51.396+0000] GC(92) PSYoungGen: 880480K(931840K)->355168K(931840K) Eden: 465920K(465920K)->0K(465920K) From: 414560K(465920K)->355168K(465920K)
[2025-08-01T01:18:51.397+0000] GC(92) ParOldGen: 724401K(2796544K)->1038761K(2796544K)
[2025-08-01T01:18:51.397+0000] GC(92) Metaspace: 10058K(10240K)->10058K(10240K) NonClass: 8831K(8896K)->8831K(8896K) Class: 1226K(1344K)->1226K(1344K)
[2025-08-01T01:18:51.397+0000] GC(92) Pause Young (Allocation Failure) 1567M->1361M(3641M) 152.385ms
[2025-08-01T01:18:51.397+0000] GC(92) User=1.17s Sys=0.02s Real=0.15s
[2025-08-01T01:18:51.489+0000] GC(93) Pause Young (Allocation Failure)
[2025-08-01T01:18:51.634+0000] GC(93) PSYoungGen: 821088K(931840K)->465920K(931840K) Eden: 465920K(465920K)->0K(465920K) From: 355168K(465920K)->465920K(465920K)
[2025-08-01T01:18:51.634+0000] GC(93) ParOldGen: 1038761K(2796544K)->1419625K(2796544K)
[2025-08-01T01:18:51.634+0000] GC(93) Metaspace: 10058K(10240K)->10058K(10240K) NonClass: 8831K(8896K)->8831K(8896K) Class: 1226K(1344K)->1226K(1344K)
[2025-08-01T01:18:51.634+0000] GC(93) Pause Young (Allocation Failure) 1816M->1841M(3641M) 145.031ms
[2025-08-01T01:18:51.634+0000] GC(93) User=1.11s Sys=0.03s Real=0.15s
[2025-08-01T01:18:51.720+0000] GC(94) Pause Young (Allocation Failure)
[2025-08-01T01:18:51.820+0000] GC(94) PSYoungGen: 931840K(931840K)->284256K(931840K) Eden: 465920K(465920K)->0K(465920K) From: 465920K(465920K)->284256K(465920K)
[2025-08-01T01:18:51.820+0000] GC(94) ParOldGen: 1419625K(2796544K)->1706961K(2796544K)
[2025-08-01T01:18:51.820+0000] GC(94) Metaspace: 10058K(10240K)->10058K(10240K) NonClass: 8831K(8896K)->8831K(8896K) Class: 1226K(1344K)->1226K(1344K)
[2025-08-01T01:18:51.820+0000] GC(94) Pause Young (Allocation Failure) 2296M->1944M(3641M) 100.024ms
[2025-08-01T01:18:51.820+0000] GC(94) User=0.75s Sys=0.02s Real=0.10s
[2025-08-01T01:18:51.915+0000] GC(95) Pause Young (Allocation Failure)
[2025-08-01T01:18:52.025+0000] GC(95) PSYoungGen: 750176K(931840K)->402784K(931840K) Eden: 465920K(465920K)->0K(465920K) From: 284256K(465920K)->402784K(465920K)
[2025-08-01T01:18:52.026+0000] GC(95) ParOldGen: 1706961K(2796544K)->1882433K(2796544K)
[2025-08-01T01:18:52.026+0000] GC(95) Metaspace: 10058K(10240K)->10058K(10240K) NonClass: 8831K(8896K)->8831K(8896K) Class: 1226K(1344K)->1226K(1344K)
[2025-08-01T01:18:52.026+0000] GC(95) Pause Young (Allocation Failure) 2399M->2231M(3641M) 110.828ms
[2025-08-01T01:18:52.026+0000] GC(95) User=0.81s Sys=0.03s Real=0.11s
[2025-08-01T01:18:52.122+0000] GC(96) Pause Young (Allocation Failure)
[2025-08-01T01:18:52.263+0000] GC(96) PSYoungGen: 868704K(931840K)->410144K(931840K) Eden: 465920K(465920K)->0K(465920K) From: 402784K(465920K)->410144K(465920K)
[2025-08-01T01:18:52.263+0000] GC(96) ParOldGen: 1882433K(2796544K)->2176977K(2796544K)
[2025-08-01T01:18:52.263+0000] GC(96) Metaspace: 10058K(10240K)->10058K(10240K) NonClass: 8831K(8896K)->8831K(8896K) Class: 1226K(1344K)->1226K(1344K)
[2025-08-01T01:18:52.263+0000] GC(96) Pause Young (Allocation Failure) 2686M->2526M(3641M) 140.748ms
[2025-08-01T01:18:52.263+0000] GC(96) User=1.05s Sys=0.04s Real=0.14s
[2025-08-01T01:18:52.356+0000] GC(97) Pause Young (Allocation Failure)
[2025-08-01T01:18:52.528+0000] GC(97) PSYoungGen: 876064K(931840K)->465920K(931840K) Eden: 465920K(465920K)->0K(465920K) From: 410144K(465920K)->465920K(465920K)
[2025-08-01T01:18:52.528+0000] GC(97) ParOldGen: 2176977K(2796544K)->2619177K(2796544K)
[2025-08-01T01:18:52.528+0000] GC(97) Metaspace: 10058K(10240K)->10058K(10240K) NonClass: 8831K(8896K)->8831K(8896K) Class: 1226K(1344K)->1226K(1344K)
[2025-08-01T01:18:52.528+0000] GC(97) Pause Young (Allocation Failure) 2981M->3012M(3641M) 172.288ms
[2025-08-01T01:18:52.528+0000] GC(97) User=1.22s Sys=0.10s Real=0.17s
[2025-08-01T01:18:52.612+0000] GC(98) Pause Full (Ergonomics)
[2025-08-01T01:18:52.612+0000] GC(98) Marking Phase
[2025-08-01T01:18:52.674+0000] GC(98) Marking Phase 61.903ms
[2025-08-01T01:18:52.674+0000] GC(98) Summary Phase
[2025-08-01T01:18:52.674+0000] GC(98) Summary Phase 0.112ms
[2025-08-01T01:18:52.674+0000] GC(98) Adjust Roots
[2025-08-01T01:18:52.676+0000] GC(98) Adjust Roots 1.753ms
[2025-08-01T01:18:52.676+0000] GC(98) Compaction Phase
[2025-08-01T01:18:52.784+0000] GC(98) Compaction Phase 107.906ms
[2025-08-01T01:18:52.784+0000] GC(98) Post Compact
[2025-08-01T01:18:52.813+0000] GC(98) Post Compact 29.240ms
[2025-08-01T01:18:52.813+0000] GC(98) PSYoungGen: 931840K(931840K)->0K(931840K) Eden: 465920K(465920K)->0K(465920K) From: 465920K(465920K)->0K(465920K)
[2025-08-01T01:18:52.813+0000] GC(98) ParOldGen: 2619177K(2796544K)->738554K(2796544K)
[2025-08-01T01:18:52.813+0000] GC(98) Metaspace: 10058K(10240K)->10058K(10240K) NonClass: 8831K(8896K)->8831K(8896K) Class: 1226K(1344K)->1226K(1344K)
[2025-08-01T01:18:52.813+0000] GC(98) Pause Full (Ergonomics) 3467M->721M(3641M) 201.545ms
[2025-08-01T01:18:52.813+0000] GC(98) User=1.24s Sys=0.10s Real=0.21s
[2025-08-01T01:18:52.906+0000] GC(99) Pause Young (Allocation Failure)
[2025-08-01T01:18:52.983+0000] GC(99) PSYoungGen: 465920K(931840K)->420672K(931840K) Eden: 465920K(465920K)->0K(465920K) From: 0K(465920K)->420672K(465920K)
[2025-08-01T01:18:52.983+0000] GC(99) ParOldGen: 738554K(2796544K)->738554K(2796544K)
[2025-08-01T01:18:52.984+0000] GC(99) Metaspace: 10058K(10240K)->10058K(10240K) NonClass: 8831K(8896K)->8831K(8896K) Class: 1226K(1344K)->1226K(1344K)
[2025-08-01T01:18:52.984+0000] GC(99) Pause Young (Allocation Failure) 1176M->1132M(3641M) 78.006ms
[2025-08-01T01:18:52.984+0000] GC(99) User=0.56s Sys=0.03s Real=0.08s
[2025-08-01T01:18:53.073+0000] GC(100) Pause Young (Allocation Failure)
[2025-08-01T01:18:53.247+0000] GC(100) PSYoungGen: 886592K(931840K)->411648K(931840K) Eden: 465920K(465920K)->0K(465920K) From: 420672K(465920K)->411648K(465920K)
[2025-08-01T01:18:53.247+0000] GC(100) ParOldGen: 738554K(2796544K)->1049826K(2796544K)
[2025-08-01T01:18:53.247+0000] GC(100) Metaspace: 10058K(10240K)->10058K(10240K) NonClass: 8831K(8896K)->8831K(8896K) Class: 1226K(1344K)->1226K(1344K)
[2025-08-01T01:18:53.247+0000] GC(100) Pause Young (Allocation Failure) 1587M->1427M(3641M) 174.405ms
[2025-08-01T01:18:53.247+0000] GC(100) User=1.32s Sys=0.04s Real=0.17s
[2025-08-01T01:18:53.339+0000] GC(101) Pause Young (Allocation Failure)
[2025-08-01T01:18:53.471+0000] GC(101) PSYoungGen: 877568K(931840K)->465920K(931840K) Eden: 465920K(465920K)->0K(465920K) From: 411648K(465920K)->465920K(465920K)
[2025-08-01T01:18:53.471+0000] GC(101) ParOldGen: 1049826K(2796544K)->1491674K(2796544K)
[2025-08-01T01:18:53.471+0000] GC(101) Metaspace: 10058K(10240K)->10058K(10240K) NonClass: 8831K(8896K)->8831K(8896K) Class: 1226K(1344K)->1226K(1344K)
[2025-08-01T01:18:53.471+0000] GC(101) Pause Young (Allocation Failure) 1882M->1911M(3641M) 132.866ms
[2025-08-01T01:18:53.471+0000] GC(101) User=1.04s Sys=0.01s Real=0.13s
[2025-08-01T01:18:53.556+0000] GC(102) Pause Young (Allocation Failure)
[2025-08-01T01:18:53.661+0000] GC(102) PSYoungGen: 931840K(931840K)->284864K(931840K) Eden: 465920K(465920K)->0K(465920K) From: 465920K(465920K)->284864K(465920K)
[2025-08-01T01:18:53.661+0000] GC(102) ParOldGen: 1491674K(2796544K)->1740890K(2796544K)
[2025-08-01T01:18:53.661+0000] GC(102) Metaspace: 10058K(10240K)->10058K(10240K) NonClass: 8831K(8896K)->8831K(8896K) Class: 1226K(1344K)->1226K(1344K)
[2025-08-01T01:18:53.661+0000] GC(102) Pause Young (Allocation Failure) 2366M->1978M(3641M) 104.536ms
[2025-08-01T01:18:53.661+0000] GC(102) User=0.78s Sys=0.04s Real=0.10s
[2025-08-01T01:18:53.746+0000] GC(103) Pause Young (Allocation Failure)
[2025-08-01T01:18:53.839+0000] GC(103) PSYoungGen: 750784K(931840K)->428448K(931840K) Eden: 465920K(465920K)->0K(465920K) From: 284864K(465920K)->428448K(465920K)
[2025-08-01T01:18:53.839+0000] GC(103) ParOldGen: 1740890K(2796544K)->1888354K(2796544K)
[2025-08-01T01:18:53.839+0000] GC(103) Metaspace: 10058K(10240K)->10058K(10240K) NonClass: 8831K(8896K)->8831K(8896K) Class: 1226K(1344K)->1226K(1344K)
[2025-08-01T01:18:53.839+0000] GC(103) Pause Young (Allocation Failure) 2433M->2262M(3641M) 92.796ms
[2025-08-01T01:18:53.839+0000] GC(103) User=0.71s Sys=0.00s Real=0.09s
[2025-08-01T01:18:53.925+0000] GC(104) Pause Young (Allocation Failure)
[2025-08-01T01:18:54.047+0000] GC(104) PSYoungGen: 894368K(931840K)->401632K(931840K) Eden: 465920K(465920K)->0K(465920K) From: 428448K(465920K)->401632K(465920K)
[2025-08-01T01:18:54.047+0000] GC(104) ParOldGen: 1888354K(2796544K)->2216562K(2796544K)
[2025-08-01T01:18:54.047+0000] GC(104) Metaspace: 10058K(10240K)->10058K(10240K) NonClass: 8831K(8896K)->8831K(8896K) Class: 1226K(1344K)->1226K(1344K)
[2025-08-01T01:18:54.047+0000] GC(104) Pause Young (Allocation Failure) 2717M->2556M(3641M) 121.792ms
[2025-08-01T01:18:54.047+0000] GC(104) User=0.88s Sys=0.02s Real=0.12s
[2025-08-01T01:18:54.135+0000] GC(105) Pause Young (Allocation Failure)
[2025-08-01T01:18:54.296+0000] GC(105) PSYoungGen: 867552K(931840K)->465920K(931840K) Eden: 465920K(465920K)->0K(465920K) From: 401632K(465920K)->465920K(465920K)
[2025-08-01T01:18:54.296+0000] GC(105) ParOldGen: 2216562K(2796544K)->2649410K(2796544K)
[2025-08-01T01:18:54.296+0000] GC(105) Metaspace: 10058K(10240K)->10058K(10240K) NonClass: 8831K(8896K)->8831K(8896K) Class: 1226K(1344K)->1226K(1344K)
[2025-08-01T01:18:54.296+0000] GC(105) Pause Young (Allocation Failure) 3011M->3042M(3641M) 160.954ms
[2025-08-01T01:18:54.296+0000] GC(105) User=1.15s Sys=0.09s Real=0.16s
[2025-08-01T01:18:54.383+0000] GC(106) Pause Full (Ergonomics)
[2025-08-01T01:18:54.383+0000] GC(106) Marking Phase
[2025-08-01T01:18:54.455+0000] GC(106) Marking Phase 71.742ms
[2025-08-01T01:18:54.455+0000] GC(106) Summary Phase
[2025-08-01T01:18:54.455+0000] GC(106) Summary Phase 0.121ms
[2025-08-01T01:18:54.455+0000] GC(106) Adjust Roots
[2025-08-01T01:18:54.457+0000] GC(106) Adjust Roots 1.780ms
[2025-08-01T01:18:54.457+0000] GC(106) Compaction Phase
[2025-08-01T01:18:54.624+0000] GC(106) Compaction Phase 167.065ms
[2025-08-01T01:18:54.624+0000] GC(106) Post Compact
[2025-08-01T01:18:54.646+0000] GC(106) Post Compact 22.201ms
[2025-08-01T01:18:54.646+0000] GC(106) PSYoungGen: 931840K(931840K)->0K(931840K) Eden: 465920K(465920K)->0K(465920K) From: 465920K(465920K)->0K(465920K)
[2025-08-01T01:18:54.646+0000] GC(106) ParOldGen: 2649410K(2796544K)->1219938K(2796544K)
[2025-08-01T01:18:54.646+0000] GC(106) Metaspace: 10058K(10240K)->10058K(10240K) NonClass: 8831K(8896K)->8831K(8896K) Class: 1226K(1344K)->1226K(1344K)
[2025-08-01T01:18:54.646+0000] GC(106) Pause Full (Ergonomics) 3497M->1191M(3641M) 263.399ms
[2025-08-01T01:18:54.646+0000] GC(106) User=1.82s Sys=0.05s Real=0.26s
[2025-08-01T01:18:54.780+0000] GC(107) Pause Young (Allocation Failure)
[2025-08-01T01:18:54.938+0000] GC(107) PSYoungGen: 465920K(931840K)->426528K(931840K) Eden: 465920K(465920K)->0K(465920K) From: 0K(465920K)->426528K(465920K)
[2025-08-01T01:18:54.938+0000] GC(107) ParOldGen: 1219938K(2796544K)->1219938K(2796544K)
[2025-08-01T01:18:54.938+0000] GC(107) Metaspace: 10058K(10240K)->10058K(10240K) NonClass: 8831K(8896K)->8831K(8896K) Class: 1226K(1344K)->1226K(1344K)
[2025-08-01T01:18:54.938+0000] GC(107) Pause Young (Allocation Failure) 1646M->1607M(3641M) 157.856ms
[2025-08-01T01:18:54.938+0000] GC(107) User=1.13s Sys=0.06s Real=0.16s
[2025-08-01T01:18:55.038+0000] GC(108) Pause Young (Allocation Failure)
[2025-08-01T01:18:55.153+0000] GC(108) PSYoungGen: 892448K(931840K)->390112K(931840K) Eden: 465920K(465920K)->0K(465920K) From: 426528K(465920K)->390112K(465920K)
[2025-08-01T01:18:55.153+0000] GC(108) ParOldGen: 1219938K(2796544K)->1557794K(2796544K)
[2025-08-01T01:18:55.153+0000] GC(108) Metaspace: 10058K(10240K)->10058K(10240K) NonClass: 8831K(8896K)->8831K(8896K) Class: 1226K(1344K)->1226K(1344K)
[2025-08-01T01:18:55.153+0000] GC(108) Pause Young (Allocation Failure) 2062M->1902M(3641M) 115.841ms
[2025-08-01T01:18:55.153+0000] GC(108) User=0.89s Sys=0.02s Real=0.12s
[2025-08-01T01:18:55.244+0000] GC(109) Pause Young (Allocation Failure)
[2025-08-01T01:18:55.457+0000] GC(109) PSYoungGen: 856032K(931840K)->465920K(931840K) Eden: 465920K(465920K)->0K(465920K) From: 390112K(465920K)->465920K(465920K)
[2025-08-01T01:18:55.457+0000] GC(109) ParOldGen: 1557794K(2796544K)->1977890K(2796544K)
[2025-08-01T01:18:55.457+0000] GC(109) Metaspace: 10058K(10240K)->10058K(10240K) NonClass: 8831K(8896K)->8831K(8896K) Class: 1226K(1344K)->1226K(1344K)
[2025-08-01T01:18:55.457+0000] GC(109) Pause Young (Allocation Failure) 2357M->2386M(3641M) 212.953ms
[2025-08-01T01:18:55.457+0000] GC(109) User=1.65s Sys=0.03s Real=0.21s
[2025-08-01T01:18:55.549+0000] GC(110) Pause Young (Allocation Failure)
[2025-08-01T01:18:55.706+0000] GC(110) PSYoungGen: 931840K(931840K)->425088K(931840K) Eden: 465920K(465920K)->0K(465920K) From: 465920K(465920K)->425088K(465920K)
[2025-08-01T01:18:55.706+0000] GC(110) ParOldGen: 1977890K(2796544K)->2352250K(2796544K)
[2025-08-01T01:18:55.706+0000] GC(110) Metaspace: 10058K(10240K)->10058K(10240K) NonClass: 8831K(8896K)->8831K(8896K) Class: 1226K(1344K)->1226K(1344K)
[2025-08-01T01:18:55.706+0000] GC(110) Pause Young (Allocation Failure) 2841M->2712M(3641M) 157.393ms
[2025-08-01T01:18:55.706+0000] GC(110) User=1.19s Sys=0.04s Real=0.16s
[2025-08-01T01:18:55.791+0000] GC(111) Pause Full (Ergonomics)
[2025-08-01T01:18:55.791+0000] GC(111) Marking Phase
[2025-08-01T01:18:55.830+0000] GC(111) Marking Phase 38.574ms
[2025-08-01T01:18:55.830+0000] GC(111) Summary Phase
[2025-08-01T01:18:55.830+0000] GC(111) Summary Phase 0.159ms
[2025-08-01T01:18:55.830+0000] GC(111) Adjust Roots
[2025-08-01T01:18:55.832+0000] GC(111) Adjust Roots 1.646ms
[2025-08-01T01:18:55.832+0000] GC(111) Compaction Phase
[2025-08-01T01:18:55.943+0000] GC(111) Compaction Phase 111.037ms
[2025-08-01T01:18:55.943+0000] GC(111) Post Compact
[2025-08-01T01:18:55.965+0000] GC(111) Post Compact 22.167ms
[2025-08-01T01:18:55.965+0000] GC(111) PSYoungGen: 891008K(931840K)->0K(931840K) Eden: 465920K(465920K)->0K(465920K) From: 425088K(465920K)->0K(465920K)
[2025-08-01T01:18:55.965+0000] GC(111) ParOldGen: 2352250K(2796544K)->768915K(2796544K)
[2025-08-01T01:18:55.965+0000] GC(111) Metaspace: 10058K(10240K)->10058K(10240K) NonClass: 8831K(8896K)->8831K(8896K) Class: 1226K(1344K)->1226K(1344K)
[2025-08-01T01:18:55.965+0000] GC(111) Pause Full (Ergonomics) 3167M->750M(3641M) 174.053ms
[2025-08-01T01:18:55.965+0000] GC(111) User=1.17s Sys=0.00s Real=0.18s
[2025-08-01T01:18:56.104+0000] GC(112) Pause Young (Allocation Failure)
[2025-08-01T01:18:56.184+0000] GC(112) PSYoungGen: 465920K(931840K)->414496K(931840K) Eden: 465920K(465920K)->0K(465920K) From: 0K(465920K)->414496K(465920K)
[2025-08-01T01:18:56.184+0000] GC(112) ParOldGen: 768915K(2796544K)->768915K(2796544K)
[2025-08-01T01:18:56.184+0000] GC(112) Metaspace: 10058K(10240K)->10058K(10240K) NonClass: 8831K(8896K)->8831K(8896K) Class: 1226K(1344K)->1226K(1344K)
[2025-08-01T01:18:56.184+0000] GC(112) Pause Young (Allocation Failure) 1205M->1155M(3641M) 79.649ms
[2025-08-01T01:18:56.184+0000] GC(112) User=0.60s Sys=0.02s Real=0.08s
[2025-08-01T01:18:56.272+0000] GC(113) Pause Young (Allocation Failure)
[2025-08-01T01:18:56.421+0000] GC(113) PSYoungGen: 880416K(931840K)->465920K(931840K) Eden: 465920K(465920K)->0K(465920K) From: 414496K(465920K)->465920K(465920K)
[2025-08-01T01:18:56.421+0000] GC(113) ParOldGen: 768915K(2796544K)->1216155K(2796544K)
[2025-08-01T01:18:56.421+0000] GC(113) Metaspace: 10058K(10240K)->10058K(10240K) NonClass: 8831K(8896K)->8831K(8896K) Class: 1226K(1344K)->1226K(1344K)
[2025-08-01T01:18:56.421+0000] GC(113) Pause Young (Allocation Failure) 1610M->1642M(3641M) 148.753ms
[2025-08-01T01:18:56.421+0000] GC(113) User=1.15s Sys=0.02s Real=0.15s
[2025-08-01T01:18:56.513+0000] GC(114) Pause Young (Allocation Failure)
[2025-08-01T01:18:56.644+0000] GC(114) PSYoungGen: 931840K(931840K)->429216K(931840K) Eden: 465920K(465920K)->0K(465920K) From: 465920K(465920K)->429216K(465920K)
[2025-08-01T01:18:56.644+0000] GC(114) ParOldGen: 1216155K(2796544K)->1582667K(2796544K)
[2025-08-01T01:18:56.644+0000] GC(114) Metaspace: 10058K(10240K)->10058K(10240K) NonClass: 8831K(8896K)->8831K(8896K) Class: 1226K(1344K)->1226K(1344K)
[2025-08-01T01:18:56.644+0000] GC(114) Pause Young (Allocation Failure) 2097M->1964M(3641M) 130.777ms
[2025-08-01T01:18:56.644+0000] GC(114) User=1.01s Sys=0.02s Real=0.13s
[2025-08-01T01:18:56.739+0000] GC(115) Pause Young (Allocation Failure)
[2025-08-01T01:18:56.848+0000] GC(115) PSYoungGen: 895136K(931840K)->376096K(931840K) Eden: 465920K(465920K)->0K(465920K) From: 429216K(465920K)->376096K(465920K)
[2025-08-01T01:18:56.849+0000] GC(115) ParOldGen: 1582667K(2796544K)->1792771K(2796544K)
[2025-08-01T01:18:56.849+0000] GC(115) Metaspace: 10058K(10240K)->10058K(10240K) NonClass: 8831K(8896K)->8831K(8896K) Class: 1226K(1344K)->1226K(1344K)
[2025-08-01T01:18:56.849+0000] GC(115) Pause Young (Allocation Failure) 2419M->2118M(3641M) 109.231ms
[2025-08-01T01:18:56.849+0000] GC(115) User=0.82s Sys=0.03s Real=0.11s
[2025-08-01T01:18:56.939+0000] GC(116) Pause Young (Allocation Failure)
[2025-08-01T01:18:57.093+0000] GC(116) PSYoungGen: 842016K(931840K)->455168K(931840K) Eden: 465920K(465920K)->0K(465920K) From: 376096K(465920K)->455168K(465920K)
[2025-08-01T01:18:57.093+0000] GC(116) ParOldGen: 1792771K(2796544K)->2056267K(2796544K)
[2025-08-01T01:18:57.093+0000] GC(116) Metaspace: 10058K(10240K)->10058K(10240K) NonClass: 8831K(8896K)->8831K(8896K) Class: 1226K(1344K)->1226K(1344K)
[2025-08-01T01:18:57.093+0000] GC(116) Pause Young (Allocation Failure) 2573M->2452M(3641M) 153.604ms
[2025-08-01T01:18:57.093+0000] GC(116) User=1.12s Sys=0.04s Real=0.15s
[2025-08-01T01:18:57.178+0000] GC(117) Pause Young (Allocation Failure)
[2025-08-01T01:18:57.320+0000] GC(117) PSYoungGen: 921088K(931840K)->465920K(931840K) Eden: 465920K(465920K)->0K(465920K) From: 455168K(465920K)->465920K(465920K)
[2025-08-01T01:18:57.320+0000] GC(117) ParOldGen: 2056267K(2796544K)->2544227K(2796544K)
[2025-08-01T01:18:57.320+0000] GC(117) Metaspace: 10058K(10240K)->10058K(10240K) NonClass: 8831K(8896K)->8831K(8896K) Class: 1226K(1344K)->1226K(1344K)
[2025-08-01T01:18:57.320+0000] GC(117) Pause Young (Allocation Failure) 2907M->2939M(3641M) 141.780ms
[2025-08-01T01:18:57.320+0000] GC(117) User=1.12s Sys=0.00s Real=0.14s
[2025-08-01T01:18:57.405+0000] GC(118) Pause Full (Ergonomics)
[2025-08-01T01:18:57.405+0000] GC(118) Marking Phase
[2025-08-01T01:18:57.468+0000] GC(118) Marking Phase 63.216ms
[2025-08-01T01:18:57.468+0000] GC(118) Summary Phase
[2025-08-01T01:18:57.468+0000] GC(118) Summary Phase 0.174ms
[2025-08-01T01:18:57.468+0000] GC(118) Adjust Roots
[2025-08-01T01:18:57.470+0000] GC(118) Adjust Roots 1.643ms
[2025-08-01T01:18:57.470+0000] GC(118) Compaction Phase
[2025-08-01T01:18:57.648+0000] GC(118) Compaction Phase 178.170ms
[2025-08-01T01:18:57.648+0000] GC(118) Post Compact
[2025-08-01T01:18:57.668+0000] GC(118) Post Compact 20.360ms
[2025-08-01T01:18:57.668+0000] GC(118) PSYoungGen: 931840K(931840K)->0K(931840K) Eden: 465920K(465920K)->0K(465920K) From: 465920K(465920K)->0K(465920K)
[2025-08-01T01:18:57.668+0000] GC(118) ParOldGen: 2544227K(2796544K)->1246475K(2796544K)
[2025-08-01T01:18:57.668+0000] GC(118) Metaspace: 10058K(10240K)->10058K(10240K) NonClass: 8831K(8896K)->8831K(8896K) Class: 1226K(1344K)->1226K(1344K)
[2025-08-01T01:18:57.669+0000] GC(118) Pause Full (Ergonomics) 3394M->1217M(3641M) 264.005ms
[2025-08-01T01:18:57.669+0000] GC(118) User=1.91s Sys=0.00s Real=0.26s
[2025-08-01T01:18:57.755+0000] GC(119) Pause Young (Allocation Failure)
[2025-08-01T01:18:57.879+0000] GC(119) PSYoungGen: 465920K(931840K)->391936K(931840K) Eden: 465920K(465920K)->0K(465920K) From: 0K(465920K)->391936K(465920K)
[2025-08-01T01:18:57.879+0000] GC(119) ParOldGen: 1246475K(2796544K)->1246475K(2796544K)
[2025-08-01T01:18:57.879+0000] GC(119) Metaspace: 10058K(10240K)->10058K(10240K) NonClass: 8831K(8896K)->8831K(8896K) Class: 1226K(1344K)->1226K(1344K)
[2025-08-01T01:18:57.879+0000] GC(119) Pause Young (Allocation Failure) 1672M->1600M(3641M) 123.337ms
[2025-08-01T01:18:57.879+0000] GC(119) User=0.93s Sys=0.02s Real=0.12s
[2025-08-01T01:18:57.975+0000] GC(120) Pause Young (Allocation Failure)
[2025-08-01T01:18:58.153+0000] GC(120) PSYoungGen: 857856K(931840K)->432192K(931840K) Eden: 465920K(465920K)->0K(465920K) From: 391936K(465920K)->432192K(465920K)
[2025-08-01T01:18:58.153+0000] GC(120) ParOldGen: 1246475K(2796544K)->1529827K(2796544K)
[2025-08-01T01:18:58.153+0000] GC(120) Metaspace: 10058K(10240K)->10058K(10240K) NonClass: 8831K(8896K)->8831K(8896K) Class: 1226K(1344K)->1226K(1344K)
[2025-08-01T01:18:58.153+0000] GC(120) Pause Young (Allocation Failure) 2055M->1916M(3641M) 177.996ms
[2025-08-01T01:18:58.153+0000] GC(120) User=1.27s Sys=0.09s Real=0.18s
[2025-08-01T01:18:58.242+0000] GC(121) Pause Young (Allocation Failure)
[2025-08-01T01:18:58.391+0000] GC(121) PSYoungGen: 898112K(931840K)->465920K(931840K) Eden: 465920K(465920K)->0K(465920K) From: 432192K(465920K)->465920K(465920K)
[2025-08-01T01:18:58.391+0000] GC(121) ParOldGen: 1529827K(2796544K)->1993531K(2796544K)
[2025-08-01T01:18:58.391+0000] GC(121) Metaspace: 10058K(10240K)->10058K(10240K) NonClass: 8831K(8896K)->8831K(8896K) Class: 1226K(1344K)->1226K(1344K)
[2025-08-01T01:18:58.391+0000] GC(121) Pause Young (Allocation Failure) 2371M->2401M(3641M) 149.336ms
[2025-08-01T01:18:58.391+0000] GC(121) User=1.15s Sys=0.01s Real=0.15s
[2025-08-01T01:18:58.476+0000] GC(122) Pause Young (Allocation Failure)
[2025-08-01T01:18:58.660+0000] GC(122) PSYoungGen: 931840K(931840K)->453824K(931840K) Eden: 465920K(465920K)->0K(465920K) From: 465920K(465920K)->453824K(465920K)
[2025-08-01T01:18:58.660+0000] GC(122) ParOldGen: 1993531K(2796544K)->2363531K(2796544K)
[2025-08-01T01:18:58.660+0000] GC(122) Metaspace: 10058K(10240K)->10058K(10240K) NonClass: 8831K(8896K)->8831K(8896K) Class: 1226K(1344K)->1226K(1344K)
[2025-08-01T01:18:58.660+0000] GC(122) Pause Young (Allocation Failure) 2856M->2751M(3641M) 184.025ms
[2025-08-01T01:18:58.660+0000] GC(122) User=1.43s Sys=0.03s Real=0.18s
[2025-08-01T01:18:58.746+0000] GC(123) Pause Full (Ergonomics)
[2025-08-01T01:18:58.746+0000] GC(123) Marking Phase
[2025-08-01T01:18:58.841+0000] GC(123) Marking Phase 95.197ms
[2025-08-01T01:18:58.842+0000] GC(123) Summary Phase
[2025-08-01T01:18:58.842+0000] GC(123) Summary Phase 0.111ms
[2025-08-01T01:18:58.842+0000] GC(123) Adjust Roots
[2025-08-01T01:18:58.843+0000] GC(123) Adjust Roots 1.369ms
[2025-08-01T01:18:58.843+0000] GC(123) Compaction Phase
[2025-08-01T01:18:58.977+0000] GC(123) Compaction Phase 133.546ms
[2025-08-01T01:18:58.977+0000] GC(123) Post Compact
[2025-08-01T01:18:58.999+0000] GC(123) Post Compact 22.596ms
[2025-08-01T01:18:58.999+0000] GC(123) PSYoungGen: 919744K(931840K)->0K(931840K) Eden: 465920K(465920K)->0K(465920K) From: 453824K(465920K)->0K(465920K)
[2025-08-01T01:18:58.999+0000] GC(123) ParOldGen: 2363531K(2796544K)->794090K(2796544K)
[2025-08-01T01:18:58.999+0000] GC(123) Metaspace: 10058K(10240K)->10058K(10240K) NonClass: 8831K(8896K)->8831K(8896K) Class: 1226K(1344K)->1226K(1344K)
[2025-08-01T01:18:58.999+0000] GC(123) Pause Full (Ergonomics) 3206M->775M(3641M) 253.199ms
[2025-08-01T01:18:58.999+0000] GC(123) User=1.73s Sys=0.06s Real=0.25s
[2025-08-01T01:18:59.097+0000] GC(124) Pause Young (Allocation Failure)
[2025-08-01T01:18:59.232+0000] GC(124) PSYoungGen: 465920K(931840K)->429664K(931840K) Eden: 465920K(465920K)->0K(465920K) From: 0K(465920K)->429664K(465920K)
[2025-08-01T01:18:59.232+0000] GC(124) ParOldGen: 794090K(2796544K)->794090K(2796544K)
[2025-08-01T01:18:59.232+0000] GC(124) Metaspace: 10058K(10240K)->10058K(10240K) NonClass: 8831K(8896K)->8831K(8896K) Class: 1226K(1344K)->1226K(1344K)
[2025-08-01T01:18:59.232+0000] GC(124) Pause Young (Allocation Failure) 1230M->1195M(3641M) 135.054ms
[2025-08-01T01:18:59.233+0000] GC(124) User=0.96s Sys=0.06s Real=0.13s
[2025-08-01T01:18:59.327+0000] GC(125) Pause Young (Allocation Failure)
[2025-08-01T01:18:59.512+0000] GC(125) PSYoungGen: 895584K(931840K)->465920K(931840K) Eden: 465920K(465920K)->0K(465920K) From: 429664K(465920K)->465920K(465920K)
[2025-08-01T01:18:59.513+0000] GC(125) ParOldGen: 794090K(2796544K)->1257346K(2796544K)
[2025-08-01T01:18:59.513+0000] GC(125) Metaspace: 10058K(10240K)->10058K(10240K) NonClass: 8831K(8896K)->8831K(8896K) Class: 1226K(1344K)->1226K(1344K)
[2025-08-01T01:18:59.513+0000] GC(125) Pause Young (Allocation Failure) 1650M->1682M(3641M) 185.907ms
[2025-08-01T01:18:59.513+0000] GC(125) User=1.42s Sys=0.04s Real=0.18s
[2025-08-01T01:18:59.656+0000] GC(126) Pause Young (Allocation Failure)
[2025-08-01T01:18:59.751+0000] GC(126) PSYoungGen: 931840K(931840K)->342176K(931840K) Eden: 465920K(465920K)->0K(465920K) From: 465920K(465920K)->342176K(465920K)
[2025-08-01T01:18:59.751+0000] GC(126) ParOldGen: 1257346K(2796544K)->1507354K(2796544K)
[2025-08-01T01:18:59.751+0000] GC(126) Metaspace: 10058K(10240K)->10058K(10240K) NonClass: 8831K(8896K)->8831K(8896K) Class: 1226K(1344K)->1226K(1344K)
[2025-08-01T01:18:59.751+0000] GC(126) Pause Young (Allocation Failure) 2137M->1806M(3641M) 95.067ms
[2025-08-01T01:18:59.752+0000] GC(126) User=0.73s Sys=0.01s Real=0.09s
[2025-08-01T01:18:59.843+0000] GC(127) Pause Young (Allocation Failure)
[2025-08-01T01:18:59.947+0000] GC(127) PSYoungGen: 808096K(931840K)->404320K(931840K) Eden: 465920K(465920K)->0K(465920K) From: 342176K(465920K)->404320K(465920K)
[2025-08-01T01:18:59.948+0000] GC(127) ParOldGen: 1507354K(2796544K)->1735178K(2796544K)
[2025-08-01T01:18:59.948+0000] GC(127) Metaspace: 10058K(10240K)->10058K(10240K) NonClass: 8831K(8896K)->8831K(8896K) Class: 1226K(1344K)->1226K(1344K)
[2025-08-01T01:18:59.948+0000] GC(127) Pause Young (Allocation Failure) 2261M->2089M(3641M) 104.443ms
[2025-08-01T01:18:59.948+0000] GC(127) User=0.82s Sys=0.00s Real=0.10s
[2025-08-01T01:19:00.040+0000] GC(128) Pause Young (Allocation Failure)
[2025-08-01T01:19:00.206+0000] GC(128) PSYoungGen: 870240K(931840K)->403296K(931840K) Eden: 465920K(465920K)->0K(465920K) From: 404320K(465920K)->403296K(465920K)
[2025-08-01T01:19:00.206+0000] GC(128) ParOldGen: 1735178K(2796544K)->2045194K(2796544K)
[2025-08-01T01:19:00.206+0000] GC(128) Metaspace: 10058K(10240K)->10058K(10240K) NonClass: 8831K(8896K)->8831K(8896K) Class: 1226K(1344K)->1226K(1344K)
[2025-08-01T01:19:00.206+0000] GC(128) Pause Young (Allocation Failure) 2544M->2391M(3641M) 165.472ms
[2025-08-01T01:19:00.206+0000] GC(128) User=1.23s Sys=0.05s Real=0.17s
[2025-08-01T01:19:00.296+0000] GC(129) Pause Young (Allocation Failure)
[2025-08-01T01:19:00.398+0000] GC(129) PSYoungGen: 869216K(931840K)->352736K(931840K) Eden: 465920K(465920K)->0K(465920K) From: 403296K(465920K)->352736K(465920K)
[2025-08-01T01:19:00.398+0000] GC(129) ParOldGen: 2045194K(2796544K)->2343098K(2796544K)
[2025-08-01T01:19:00.398+0000] GC(129) Metaspace: 10058K(10240K)->10058K(10240K) NonClass: 8831K(8896K)->8831K(8896K) Class: 1226K(1344K)->1226K(1344K)
[2025-08-01T01:19:00.398+0000] GC(129) Pause Young (Allocation Failure) 2846M->2632M(3641M) 101.953ms
[2025-08-01T01:19:00.398+0000] GC(129) User=0.79s Sys=0.01s Real=0.10s
[2025-08-01T01:19:00.483+0000] GC(130) Pause Full (Ergonomics)
[2025-08-01T01:19:00.483+0000] GC(130) Marking Phase
[2025-08-01T01:19:00.565+0000] GC(130) Marking Phase 81.628ms
[2025-08-01T01:19:00.565+0000] GC(130) Summary Phase
[2025-08-01T01:19:00.565+0000] GC(130) Summary Phase 0.108ms
[2025-08-01T01:19:00.565+0000] GC(130) Adjust Roots
[2025-08-01T01:19:00.566+0000] GC(130) Adjust Roots 1.323ms
[2025-08-01T01:19:00.566+0000] GC(130) Compaction Phase
[2025-08-01T01:19:00.695+0000] GC(130) Compaction Phase 129.188ms
[2025-08-01T01:19:00.695+0000] GC(130) Post Compact
[2025-08-01T01:19:00.715+0000] GC(130) Post Compact 19.631ms
[2025-08-01T01:19:00.715+0000] GC(130) PSYoungGen: 818656K(931840K)->0K(931840K) Eden: 465920K(465920K)->0K(465920K) From: 352736K(465920K)->0K(465920K)
[2025-08-01T01:19:00.715+0000] GC(130) ParOldGen: 2343098K(2796544K)->805747K(2796544K)
[2025-08-01T01:19:00.715+0000] GC(130) Metaspace: 10058K(10240K)->10058K(10240K) NonClass: 8831K(8896K)->8831K(8896K) Class: 1226K(1344K)->1226K(1344K)
[2025-08-01T01:19:00.715+0000] GC(130) Pause Full (Ergonomics) 3087M->786M(3641M) 232.288ms
[2025-08-01T01:19:00.715+0000] GC(130) User=1.58s Sys=0.07s Real=0.23s
[2025-08-01T01:19:00.804+0000] GC(131) Pause Young (Allocation Failure)
[2025-08-01T01:19:00.901+0000] GC(131) PSYoungGen: 465920K(931840K)->407264K(931840K) Eden: 465920K(465920K)->0K(465920K) From: 0K(465920K)->407264K(465920K)
[2025-08-01T01:19:00.901+0000] GC(131) ParOldGen: 805747K(2796544K)->805747K(2796544K)
[2025-08-01T01:19:00.901+0000] GC(131) Metaspace: 10058K(10240K)->10058K(10240K) NonClass: 8831K(8896K)->8831K(8896K) Class: 1226K(1344K)->1226K(1344K)
[2025-08-01T01:19:00.901+0000] GC(131) Pause Young (Allocation Failure) 1241M->1184M(3641M) 97.102ms
[2025-08-01T01:19:00.901+0000] GC(131) User=0.68s Sys=0.04s Real=0.09s
[2025-08-01T01:19:00.993+0000] GC(132) Pause Young (Allocation Failure)
[2025-08-01T01:19:01.163+0000] GC(132) PSYoungGen: 873184K(931840K)->398400K(931840K) Eden: 465920K(465920K)->0K(465920K) From: 407264K(465920K)->398400K(465920K)
[2025-08-01T01:19:01.163+0000] GC(132) ParOldGen: 805747K(2796544K)->1117163K(2796544K)
[2025-08-01T01:19:01.163+0000] GC(132) Metaspace: 10058K(10240K)->10058K(10240K) NonClass: 8831K(8896K)->8831K(8896K) Class: 1226K(1344K)->1226K(1344K)
[2025-08-01T01:19:01.163+0000] GC(132) Pause Young (Allocation Failure) 1639M->1480M(3641M) 169.660ms
[2025-08-01T01:19:01.163+0000] GC(132) User=1.28s Sys=0.05s Real=0.16s
[2025-08-01T01:19:01.252+0000] GC(133) Pause Young (Allocation Failure)
[2025-08-01T01:19:01.430+0000] GC(133) PSYoungGen: 864320K(931840K)->366784K(931840K) Eden: 465920K(465920K)->0K(465920K) From: 398400K(465920K)->366784K(465920K)
[2025-08-01T01:19:01.430+0000] GC(133) ParOldGen: 1117163K(2796544K)->1406955K(2796544K)
[2025-08-01T01:19:01.430+0000] GC(133) Metaspace: 10058K(10240K)->10058K(10240K) NonClass: 8831K(8896K)->8831K(8896K) Class: 1226K(1344K)->1226K(1344K)
[2025-08-01T01:19:01.430+0000] GC(133) Pause Young (Allocation Failure) 1935M->1732M(3641M) 177.489ms
[2025-08-01T01:19:01.430+0000] GC(133) User=1.26s Sys=0.05s Real=0.18s
[2025-08-01T01:19:01.515+0000] GC(134) Pause Young (Allocation Failure)
[2025-08-01T01:19:01.619+0000] GC(134) PSYoungGen: 832704K(931840K)->363104K(931840K) Eden: 465920K(465920K)->0K(465920K) From: 366784K(465920K)->363104K(465920K)
[2025-08-01T01:19:01.619+0000] GC(134) ParOldGen: 1406955K(2796544K)->1661171K(2796544K)
[2025-08-01T01:19:01.619+0000] GC(134) Metaspace: 10058K(10240K)->10058K(10240K) NonClass: 8831K(8896K)->8831K(8896K) Class: 1226K(1344K)->1226K(1344K)
[2025-08-01T01:19:01.619+0000] GC(134) Pause Young (Allocation Failure) 2187M->1976M(3641M) 103.293ms
[2025-08-01T01:19:01.619+0000] GC(134) User=0.79s Sys=0.01s Real=0.10s
[2025-08-01T01:19:01.709+0000] GC(135) Pause Young (Allocation Failure)
[2025-08-01T01:19:01.880+0000] GC(135) PSYoungGen: 829024K(931840K)->412416K(931840K) Eden: 465920K(465920K)->0K(465920K) From: 363104K(465920K)->412416K(465920K)
[2025-08-01T01:19:01.880+0000] GC(135) ParOldGen: 1661171K(2796544K)->1912499K(2796544K)
[2025-08-01T01:19:01.880+0000] GC(135) Metaspace: 10058K(10240K)->10058K(10240K) NonClass: 8831K(8896K)->8831K(8896K) Class: 1226K(1344K)->1226K(1344K)
[2025-08-01T01:19:01.880+0000] GC(135) Pause Young (Allocation Failure) 2431M->2270M(3641M) 171.138ms
[2025-08-01T01:19:01.880+0000] GC(135) User=1.27s Sys=0.05s Real=0.17s
[2025-08-01T01:19:01.970+0000] GC(136) Pause Young (Allocation Failure)
[2025-08-01T01:19:02.140+0000] GC(136) PSYoungGen: 878336K(931840K)->401344K(931840K) Eden: 465920K(465920K)->0K(465920K) From: 412416K(465920K)->401344K(465920K)
[2025-08-01T01:19:02.140+0000] GC(136) ParOldGen: 1912499K(2796544K)->2224443K(2796544K)
[2025-08-01T01:19:02.140+0000] GC(136) Metaspace: 10058K(10240K)->10058K(10240K) NonClass: 8831K(8896K)->8831K(8896K) Class: 1226K(1344K)->1226K(1344K)
[2025-08-01T01:19:02.140+0000] GC(136) Pause Young (Allocation Failure) 2725M->2564M(3641M) 170.871ms
[2025-08-01T01:19:02.140+0000] GC(136) User=1.32s Sys=0.03s Real=0.17s
[2025-08-01T01:19:02.230+0000] GC(137) Pause Young (Allocation Failure)
[2025-08-01T01:19:02.359+0000] GC(137) PSYoungGen: 867264K(931840K)->379744K(931840K) Eden: 465920K(465920K)->0K(465920K) From: 401344K(465920K)->379744K(465920K)
[2025-08-01T01:19:02.359+0000] GC(137) ParOldGen: 2224443K(2796544K)->2516243K(2796544K)
[2025-08-01T01:19:02.359+0000] GC(137) Metaspace: 10058K(10240K)->10058K(10240K) NonClass: 8831K(8896K)->8831K(8896K) Class: 1226K(1344K)->1226K(1344K)
[2025-08-01T01:19:02.359+0000] GC(137) Pause Young (Allocation Failure) 3019M->2828M(3641M) 129.730ms
[2025-08-01T01:19:02.359+0000] GC(137) User=0.97s Sys=0.04s Real=0.13s
[2025-08-01T01:19:02.453+0000] GC(138) Pause Full (Ergonomics)
[2025-08-01T01:19:02.453+0000] GC(138) Marking Phase
[2025-08-01T01:19:02.515+0000] GC(138) Marking Phase 61.834ms
[2025-08-01T01:19:02.515+0000] GC(138) Summary Phase
[2025-08-01T01:19:02.515+0000] GC(138) Summary Phase 0.173ms
[2025-08-01T01:19:02.515+0000] GC(138) Adjust Roots
[2025-08-01T01:19:02.517+0000] GC(138) Adjust Roots 1.835ms
[2025-08-01T01:19:02.517+0000] GC(138) Compaction Phase
[2025-08-01T01:19:02.664+0000] GC(138) Compaction Phase 147.100ms
[2025-08-01T01:19:02.664+0000] GC(138) Post Compact
[2025-08-01T01:19:02.684+0000] GC(138) Post Compact 19.252ms
[2025-08-01T01:19:02.684+0000] GC(138) PSYoungGen: 845664K(931840K)->0K(931840K) Eden: 465920K(465920K)->0K(465920K) From: 379744K(465920K)->0K(465920K)
[2025-08-01T01:19:02.684+0000] GC(138) ParOldGen: 2516243K(2796544K)->822628K(2796544K)
[2025-08-01T01:19:02.684+0000] GC(138) Metaspace: 10058K(10240K)->10058K(10240K) NonClass: 8831K(8896K)->8831K(8896K) Class: 1226K(1344K)->1226K(1344K)
[2025-08-01T01:19:02.684+0000] GC(138) Pause Full (Ergonomics) 3283M->803M(3641M) 230.659ms
[2025-08-01T01:19:02.684+0000] GC(138) User=1.62s Sys=0.02s Real=0.23s
[2025-08-01T01:19:02.769+0000] GC(139) Pause Young (Allocation Failure)
[2025-08-01T01:19:02.845+0000] GC(139) PSYoungGen: 465920K(931840K)->379264K(931840K) Eden: 465920K(465920K)->0K(465920K) From: 0K(465920K)->379264K(465920K)
[2025-08-01T01:19:02.845+0000] GC(139) ParOldGen: 822628K(2796544K)->822628K(2796544K)
[2025-08-01T01:19:02.845+0000] GC(139) Metaspace: 10058K(10240K)->10058K(10240K) NonClass: 8831K(8896K)->8831K(8896K) Class: 1226K(1344K)->1226K(1344K)
[2025-08-01T01:19:02.845+0000] GC(139) Pause Young (Allocation Failure) 1258M->1173M(3641M) 76.126ms
[2025-08-01T01:19:02.845+0000] GC(139) User=0.56s Sys=0.04s Real=0.08s
[2025-08-01T01:19:02.934+0000] GC(140) Pause Young (Allocation Failure)
[2025-08-01T01:19:03.105+0000] GC(140) PSYoungGen: 845184K(931840K)->379584K(931840K) Eden: 465920K(465920K)->0K(465920K) From: 379264K(465920K)->379584K(465920K)
[2025-08-01T01:19:03.105+0000] GC(140) ParOldGen: 822628K(2796544K)->1119572K(2796544K)
[2025-08-01T01:19:03.105+0000] GC(140) Metaspace: 10058K(10240K)->10058K(10240K) NonClass: 8831K(8896K)->8831K(8896K) Class: 1226K(1344K)->1226K(1344K)
[2025-08-01T01:19:03.105+0000] GC(140) Pause Young (Allocation Failure) 1628M->1464M(3641M) 171.102ms
[2025-08-01T01:19:03.105+0000] GC(140) User=1.29s Sys=0.04s Real=0.17s
[2025-08-01T01:19:03.196+0000] GC(141) Pause Young (Allocation Failure)
[2025-08-01T01:19:03.319+0000] GC(141) PSYoungGen: 845504K(931840K)->401632K(931840K) Eden: 465920K(465920K)->0K(465920K) From: 379584K(465920K)->401632K(465920K)
[2025-08-01T01:19:03.319+0000] GC(141) ParOldGen: 1119572K(2796544K)->1399268K(2796544K)
[2025-08-01T01:19:03.319+0000] GC(141) Metaspace: 10058K(10240K)->10058K(10240K) NonClass: 8831K(8896K)->8831K(8896K) Class: 1226K(1344K)->1226K(1344K)
[2025-08-01T01:19:03.319+0000] GC(141) Pause Young (Allocation Failure) 1919M->1758M(3641M) 123.595ms
[2025-08-01T01:19:03.319+0000] GC(141) User=0.92s Sys=0.04s Real=0.12s
[2025-08-01T01:19:03.412+0000] GC(142) Pause Young (Allocation Failure)
[2025-08-01T01:19:03.535+0000] GC(142) PSYoungGen: 867552K(931840K)->371840K(931840K) Eden: 465920K(465920K)->0K(465920K) From: 401632K(465920K)->371840K(465920K)
[2025-08-01T01:19:03.535+0000] GC(142) ParOldGen: 1399268K(2796544K)->1697980K(2796544K)
[2025-08-01T01:19:03.535+0000] GC(142) Metaspace: 10058K(10240K)->10058K(10240K) NonClass: 8831K(8896K)->8831K(8896K) Class: 1226K(1344K)->1226K(1344K)
[2025-08-01T01:19:03.535+0000] GC(142) Pause Young (Allocation Failure) 2213M->2021M(3641M) 122.919ms
[2025-08-01T01:19:03.535+0000] GC(142) User=0.90s Sys=0.06s Real=0.13s
[2025-08-01T01:19:03.620+0000] GC(143) Pause Young (Allocation Failure)
[2025-08-01T01:19:03.723+0000] GC(143) PSYoungGen: 837760K(931840K)->379616K(931840K) Eden: 465920K(465920K)->0K(465920K) From: 371840K(465920K)->379616K(465920K)
[2025-08-01T01:19:03.723+0000] GC(143) ParOldGen: 1697980K(2796544K)->1982868K(2796544K)
[2025-08-01T01:19:03.723+0000] GC(143) Metaspace: 10058K(10240K)->10058K(10240K) NonClass: 8831K(8896K)->8831K(8896K) Class: 1226K(1344K)->1226K(1344K)
[2025-08-01T01:19:03.723+0000] GC(143) Pause Young (Allocation Failure) 2476M->2307M(3641M) 102.846ms
[2025-08-01T01:19:03.723+0000] GC(143) User=0.80s Sys=0.00s Real=0.10s
[2025-08-01T01:19:03.810+0000] GC(144) Pause Young (Allocation Failure)
[2025-08-01T01:19:03.957+0000] GC(144) PSYoungGen: 845536K(931840K)->378752K(931840K) Eden: 465920K(465920K)->0K(465920K) From: 379616K(465920K)->378752K(465920K)
[2025-08-01T01:19:03.957+0000] GC(144) ParOldGen: 1982868K(2796544K)->2275732K(2796544K)
[2025-08-01T01:19:03.957+0000] GC(144) Metaspace: 10058K(10240K)->10058K(10240K) NonClass: 8831K(8896K)->8831K(8896K) Class: 1226K(1344K)->1226K(1344K)
[2025-08-01T01:19:03.957+0000] GC(144) Pause Young (Allocation Failure) 2762M->2592M(3641M) 146.830ms
[2025-08-01T01:19:03.957+0000] GC(144) User=1.15s Sys=0.02s Real=0.15s
[2025-08-01T01:19:04.044+0000] GC(145) Pause Young (Allocation Failure)
[2025-08-01T01:19:04.210+0000] GC(145) PSYoungGen: 844672K(931840K)->399264K(931840K) Eden: 465920K(465920K)->0K(465920K) From: 378752K(465920K)->399264K(465920K)
[2025-08-01T01:19:04.210+0000] GC(145) ParOldGen: 2275732K(2796544K)->2555236K(2796544K)
[2025-08-01T01:19:04.210+0000] GC(145) Metaspace: 10058K(10240K)->10058K(10240K) NonClass: 8831K(8896K)->8831K(8896K) Class: 1226K(1344K)->1226K(1344K)
[2025-08-01T01:19:04.210+0000] GC(145) Pause Young (Allocation Failure) 3047M->2885M(3641M) 166.659ms
[2025-08-01T01:19:04.210+0000] GC(145) User=1.23s Sys=0.06s Real=0.16s
[2025-08-01T01:19:04.297+0000] GC(146) Pause Full (Ergonomics)
[2025-08-01T01:19:04.297+0000] GC(146) Marking Phase
[2025-08-01T01:19:04.382+0000] GC(146) Marking Phase 85.263ms
[2025-08-01T01:19:04.383+0000] GC(146) Summary Phase
[2025-08-01T01:19:04.383+0000] GC(146) Summary Phase 0.162ms
[2025-08-01T01:19:04.383+0000] GC(146) Adjust Roots
[2025-08-01T01:19:04.385+0000] GC(146) Adjust Roots 2.725ms
[2025-08-01T01:19:04.386+0000] GC(146) Compaction Phase
[2025-08-01T01:19:04.530+0000] GC(146) Compaction Phase 144.858ms
[2025-08-01T01:19:04.530+0000] GC(146) Post Compact
[2025-08-01T01:19:04.551+0000] GC(146) Post Compact 20.931ms
[2025-08-01T01:19:04.551+0000] GC(146) PSYoungGen: 865184K(931840K)->0K(931840K) Eden: 465920K(465920K)->0K(465920K) From: 399264K(465920K)->0K(465920K)
[2025-08-01T01:19:04.551+0000] GC(146) ParOldGen: 2555236K(2796544K)->839779K(2796544K)
[2025-08-01T01:19:04.552+0000] GC(146) Metaspace: 10058K(10240K)->10058K(10240K) NonClass: 8831K(8896K)->8831K(8896K) Class: 1226K(1344K)->1226K(1344K)
[2025-08-01T01:19:04.552+0000] GC(146) Pause Full (Ergonomics) 3340M->820M(3641M) 254.350ms
[2025-08-01T01:19:04.552+0000] GC(146) User=1.72s Sys=0.03s Real=0.25s
[2025-08-01T01:19:04.643+0000] GC(147) Pause Young (Allocation Failure)
[2025-08-01T01:19:04.717+0000] GC(147) PSYoungGen: 465920K(931840K)->379936K(931840K) Eden: 465920K(465920K)->0K(465920K) From: 0K(465920K)->379936K(465920K)
[2025-08-01T01:19:04.717+0000] GC(147) ParOldGen: 839779K(2796544K)->839779K(2796544K)
[2025-08-01T01:19:04.717+0000] GC(147) Metaspace: 10058K(10240K)->10058K(10240K) NonClass: 8831K(8896K)->8831K(8896K) Class: 1226K(1344K)->1226K(1344K)
[2025-08-01T01:19:04.717+0000] GC(147) Pause Young (Allocation Failure) 1275M->1191M(3641M) 73.865ms
[2025-08-01T01:19:04.717+0000] GC(147) User=0.58s Sys=0.01s Real=0.07s
[2025-08-01T01:19:04.850+0000] GC(148) Pause Young (Allocation Failure)
[2025-08-01T01:19:05.055+0000] GC(148) PSYoungGen: 845856K(931840K)->371872K(931840K) Eden: 465920K(465920K)->0K(465920K) From: 379936K(465920K)->371872K(465920K)
[2025-08-01T01:19:05.055+0000] GC(148) ParOldGen: 839779K(2796544K)->1121851K(2796544K)
[2025-08-01T01:19:05.055+0000] GC(148) Metaspace: 10058K(10240K)->10058K(10240K) NonClass: 8831K(8896K)->8831K(8896K) Class: 1226K(1344K)->1226K(1344K)
[2025-08-01T01:19:05.055+0000] GC(148) Pause Young (Allocation Failure) 1646M->1458M(3641M) 205.129ms
[2025-08-01T01:19:05.055+0000] GC(148) User=1.47s Sys=0.10s Real=0.21s
[2025-08-01T01:19:05.146+0000] GC(149) Pause Young (Allocation Failure)
[2025-08-01T01:19:05.298+0000] GC(149) PSYoungGen: 837792K(931840K)->380256K(931840K) Eden: 465920K(465920K)->0K(465920K) From: 371872K(465920K)->380256K(465920K)
[2025-08-01T01:19:05.298+0000] GC(149) ParOldGen: 1121851K(2796544K)->1405531K(2796544K)
[2025-08-01T01:19:05.298+0000] GC(149) Metaspace: 10058K(10240K)->10058K(10240K) NonClass: 8831K(8896K)->8831K(8896K) Class: 1226K(1344K)->1226K(1344K)
[2025-08-01T01:19:05.298+0000] GC(149) Pause Young (Allocation Failure) 1913M->1743M(3641M) 152.121ms
[2025-08-01T01:19:05.298+0000] GC(149) User=1.17s Sys=0.03s Real=0.15s
[2025-08-01T01:19:05.401+0000] GC(150) Pause Young (Allocation Failure)
[2025-08-01T01:19:05.584+0000] GC(150) PSYoungGen: 846176K(931840K)->398688K(931840K) Eden: 465920K(465920K)->0K(465920K) From: 380256K(465920K)->398688K(465920K)
[2025-08-01T01:19:05.584+0000] GC(150) ParOldGen: 1405531K(2796544K)->1688251K(2796544K)
[2025-08-01T01:19:05.584+0000] GC(150) Metaspace: 10058K(10240K)->10058K(10240K) NonClass: 8831K(8896K)->8831K(8896K) Class: 1226K(1344K)->1226K(1344K)
[2025-08-01T01:19:05.584+0000] GC(150) Pause Young (Allocation Failure) 2198M->2038M(3641M) 183.142ms
[2025-08-01T01:19:05.584+0000] GC(150) User=1.33s Sys=0.05s Real=0.19s
[2025-08-01T01:19:05.677+0000] GC(151) Pause Young (Allocation Failure)
[2025-08-01T01:19:05.800+0000] GC(151) PSYoungGen: 864608K(931840K)->426528K(931840K) Eden: 465920K(465920K)->0K(465920K) From: 398688K(465920K)->426528K(465920K)
[2025-08-01T01:19:05.800+0000] GC(151) ParOldGen: 1688251K(2796544K)->1988787K(2796544K)
[2025-08-01T01:19:05.800+0000] GC(151) Metaspace: 10058K(10240K)->10058K(10240K) NonClass: 8831K(8896K)->8831K(8896K) Class: 1226K(1344K)->1226K(1344K)
[2025-08-01T01:19:05.800+0000] GC(151) Pause Young (Allocation Failure) 2493M->2358M(3641M) 123.658ms
[2025-08-01T01:19:05.800+0000] GC(151) User=0.96s Sys=0.02s Real=0.12s
[2025-08-01T01:19:05.890+0000] GC(152) Pause Young (Allocation Failure)
[2025-08-01T01:19:06.022+0000] GC(152) PSYoungGen: 892448K(931840K)->378432K(931840K) Eden: 465920K(465920K)->0K(465920K) From: 426528K(465920K)->378432K(465920K)
[2025-08-01T01:19:06.022+0000] GC(152) ParOldGen: 1988787K(2796544K)->2311323K(2796544K)
[2025-08-01T01:19:06.022+0000] GC(152) Metaspace: 10058K(10240K)->10058K(10240K) NonClass: 8831K(8896K)->8831K(8896K) Class: 1226K(1344K)->1226K(1344K)
[2025-08-01T01:19:06.022+0000] GC(152) Pause Young (Allocation Failure) 2813M->2626M(3641M) 132.298ms
[2025-08-01T01:19:06.022+0000] GC(152) User=0.98s Sys=0.04s Real=0.13s
[2025-08-01T01:19:06.157+0000] GC(153) Pause Young (Allocation Failure)
[2025-08-01T01:19:06.346+0000] GC(153) PSYoungGen: 844352K(931840K)->361248K(931840K) Eden: 465920K(465920K)->0K(465920K) From: 378432K(465920K)->361248K(465920K)
[2025-08-01T01:19:06.346+0000] GC(153) ParOldGen: 2311323K(2796544K)->2597067K(2796544K)
[2025-08-01T01:19:06.346+0000] GC(153) Metaspace: 10058K(10240K)->10058K(10240K) NonClass: 8831K(8896K)->8831K(8896K) Class: 1226K(1344K)->1226K(1344K)
[2025-08-01T01:19:06.346+0000] GC(153) Pause Young (Allocation Failure) 3081M->2888M(3641M) 189.160ms
[2025-08-01T01:19:06.346+0000] GC(153) User=1.45s Sys=0.03s Real=0.19s
[2025-08-01T01:19:06.443+0000] GC(154) Pause Full (Ergonomics)
[2025-08-01T01:19:06.443+0000] GC(154) Marking Phase
[2025-08-01T01:19:06.497+0000] GC(154) Marking Phase 53.851ms
[2025-08-01T01:19:06.497+0000] GC(154) Summary Phase
[2025-08-01T01:19:06.497+0000] GC(154) Summary Phase 0.116ms
[2025-08-01T01:19:06.497+0000] GC(154) Adjust Roots
[2025-08-01T01:19:06.499+0000] GC(154) Adjust Roots 1.795ms
[2025-08-01T01:19:06.499+0000] GC(154) Compaction Phase
[2025-08-01T01:19:06.617+0000] GC(154) Compaction Phase 117.431ms
[2025-08-01T01:19:06.617+0000] GC(154) Post Compact
[2025-08-01T01:19:06.638+0000] GC(154) Post Compact 21.502ms
[2025-08-01T01:19:06.638+0000] GC(154) PSYoungGen: 827168K(931840K)->0K(931840K) Eden: 465920K(465920K)->0K(465920K) From: 361248K(465920K)->0K(465920K)
[2025-08-01T01:19:06.638+0000] GC(154) ParOldGen: 2597067K(2796544K)->855953K(2796544K)
[2025-08-01T01:19:06.638+0000] GC(154) Metaspace: 10058K(10240K)->10058K(10240K) NonClass: 8831K(8896K)->8831K(8896K) Class: 1226K(1344K)->1226K(1344K)
[2025-08-01T01:19:06.638+0000] GC(154) Pause Full (Ergonomics) 3343M->835M(3641M) 195.066ms
[2025-08-01T01:19:06.638+0000] GC(154) User=1.32s Sys=0.01s Real=0.19s
[2025-08-01T01:19:06.727+0000] GC(155) Pause Young (Allocation Failure)
[2025-08-01T01:19:06.832+0000] GC(155) PSYoungGen: 465920K(931840K)->399808K(931840K) Eden: 465920K(465920K)->0K(465920K) From: 0K(465920K)->399808K(465920K)
[2025-08-01T01:19:06.832+0000] GC(155) ParOldGen: 855953K(2796544K)->855953K(2796544K)
[2025-08-01T01:19:06.832+0000] GC(155) Metaspace: 10058K(10240K)->10058K(10240K) NonClass: 8831K(8896K)->8831K(8896K) Class: 1226K(1344K)->1226K(1344K)
[2025-08-01T01:19:06.832+0000] GC(155) Pause Young (Allocation Failure) 1290M->1226M(3641M) 105.866ms
[2025-08-01T01:19:06.832+0000] GC(155) User=0.79s Sys=0.05s Real=0.10s
[2025-08-01T01:19:06.927+0000] GC(156) Pause Young (Allocation Failure)
[2025-08-01T01:19:07.058+0000] GC(156) PSYoungGen: 865728K(931840K)->431680K(931840K) Eden: 465920K(465920K)->0K(465920K) From: 399808K(465920K)->431680K(465920K)
[2025-08-01T01:19:07.058+0000] GC(156) ParOldGen: 855953K(2796544K)->1145217K(2796544K)
[2025-08-01T01:19:07.058+0000] GC(156) Metaspace: 10058K(10240K)->10058K(10240K) NonClass: 8831K(8896K)->8831K(8896K) Class: 1226K(1344K)->1226K(1344K)
[2025-08-01T01:19:07.058+0000] GC(156) Pause Young (Allocation Failure) 1681M->1539M(3641M) 130.902ms
[2025-08-01T01:19:07.058+0000] GC(156) User=0.98s Sys=0.02s Real=0.13s
[2025-08-01T01:19:07.145+0000] GC(157) Pause Young (Allocation Failure)
[2025-08-01T01:19:07.261+0000] GC(157) PSYoungGen: 897600K(931840K)->379168K(931840K) Eden: 465920K(465920K)->0K(465920K) From: 431680K(465920K)->379168K(465920K)
[2025-08-01T01:19:07.261+0000] GC(157) ParOldGen: 1145217K(2796544K)->1484025K(2796544K)
[2025-08-01T01:19:07.261+0000] GC(157) Metaspace: 10058K(10240K)->10058K(10240K) NonClass: 8831K(8896K)->8831K(8896K) Class: 1226K(1344K)->1226K(1344K)
[2025-08-01T01:19:07.261+0000] GC(157) Pause Young (Allocation Failure) 1994M->1819M(3641M) 115.476ms
[2025-08-01T01:19:07.261+0000] GC(157) User=0.89s Sys=0.01s Real=0.11s
[2025-08-01T01:19:07.348+0000] GC(158) Pause Young (Allocation Failure)
[2025-08-01T01:19:07.499+0000] GC(158) PSYoungGen: 845088K(931840K)->371840K(931840K) Eden: 465920K(465920K)->0K(465920K) From: 379168K(465920K)->371840K(465920K)
[2025-08-01T01:19:07.499+0000] GC(158) ParOldGen: 1484025K(2796544K)->1764921K(2796544K)
[2025-08-01T01:19:07.499+0000] GC(158) Metaspace: 10058K(10240K)->10058K(10240K) NonClass: 8831K(8896K)->8831K(8896K) Class: 1226K(1344K)->1226K(1344K)
[2025-08-01T01:19:07.499+0000] GC(158) Pause Young (Allocation Failure) 2274M->2086M(3641M) 150.747ms
[2025-08-01T01:19:07.499+0000] GC(158) User=1.17s Sys=0.02s Real=0.15s
[2025-08-01T01:19:07.584+0000] GC(159) Pause Young (Allocation Failure)
[2025-08-01T01:19:07.687+0000] GC(159) PSYoungGen: 837760K(931840K)->378368K(931840K) Eden: 465920K(465920K)->0K(465920K) From: 371840K(465920K)->378368K(465920K)
[2025-08-01T01:19:07.687+0000] GC(159) ParOldGen: 1764921K(2796544K)->2044321K(2796544K)
[2025-08-01T01:19:07.687+0000] GC(159) Metaspace: 10058K(10240K)->10058K(10240K) NonClass: 8831K(8896K)->8831K(8896K) Class: 1226K(1344K)->1226K(1344K)
[2025-08-01T01:19:07.687+0000] GC(159) Pause Young (Allocation Failure) 2541M->2365M(3641M) 103.095ms
[2025-08-01T01:19:07.687+0000] GC(159) User=0.75s Sys=0.02s Real=0.10s
[2025-08-01T01:19:07.772+0000] GC(160) Pause Young (Allocation Failure)
[2025-08-01T01:19:07.883+0000] GC(160) PSYoungGen: 844288K(931840K)->447456K(931840K) Eden: 465920K(465920K)->0K(465920K) From: 378368K(465920K)->447456K(465920K)
[2025-08-01T01:19:07.883+0000] GC(160) ParOldGen: 2044321K(2796544K)->2317345K(2796544K)
[2025-08-01T01:19:07.883+0000] GC(160) Metaspace: 10058K(10240K)->10058K(10240K) NonClass: 8831K(8896K)->8831K(8896K) Class: 1226K(1344K)->1226K(1344K)
[2025-08-01T01:19:07.883+0000] GC(160) Pause Young (Allocation Failure) 2820M->2700M(3641M) 110.699ms
[2025-08-01T01:19:07.883+0000] GC(160) User=0.86s Sys=0.00s Real=0.12s
[2025-08-01T01:19:07.971+0000] GC(161) Pause Young (Allocation Failure)
[2025-08-01T01:19:08.108+0000] GC(161) PSYoungGen: 913376K(931840K)->399424K(931840K) Eden: 465920K(465920K)->0K(465920K) From: 447456K(465920K)->399424K(465920K)
[2025-08-01T01:19:08.108+0000] GC(161) ParOldGen: 2317345K(2796544K)->2668457K(2796544K)
[2025-08-01T01:19:08.108+0000] GC(161) Metaspace: 10058K(10240K)->10058K(10240K) NonClass: 8831K(8896K)->8831K(8896K) Class: 1226K(1344K)->1226K(1344K)
[2025-08-01T01:19:08.108+0000] GC(161) Pause Young (Allocation Failure) 3155M->2995M(3641M) 137.886ms
[2025-08-01T01:19:08.109+0000] GC(161) User=1.00s Sys=0.08s Real=0.14s
[2025-08-01T01:19:08.198+0000] GC(162) Pause Full (Ergonomics)
[2025-08-01T01:19:08.198+0000] GC(162) Marking Phase
[2025-08-01T01:19:08.246+0000] GC(162) Marking Phase 47.823ms
[2025-08-01T01:19:08.246+0000] GC(162) Summary Phase
[2025-08-01T01:19:08.246+0000] GC(162) Summary Phase 0.091ms
[2025-08-01T01:19:08.246+0000] GC(162) Adjust Roots
[2025-08-01T01:19:08.247+0000] GC(162) Adjust Roots 1.162ms
[2025-08-01T01:19:08.247+0000] GC(162) Compaction Phase
[2025-08-01T01:19:08.370+0000] GC(162) Compaction Phase 123.485ms
[2025-08-01T01:19:08.370+0000] GC(162) Post Compact
[2025-08-01T01:19:08.395+0000] GC(162) Post Compact 24.259ms
[2025-08-01T01:19:08.395+0000] GC(162) PSYoungGen: 865344K(931840K)->0K(931840K) Eden: 465920K(465920K)->0K(465920K) From: 399424K(465920K)->0K(465920K)
[2025-08-01T01:19:08.395+0000] GC(162) ParOldGen: 2668457K(2796544K)->870344K(2796544K)
[2025-08-01T01:19:08.395+0000] GC(162) Metaspace: 10058K(10240K)->10058K(10240K) NonClass: 8831K(8896K)->8831K(8896K) Class: 1226K(1344K)->1226K(1344K)
[2025-08-01T01:19:08.395+0000] GC(162) Pause Full (Ergonomics) 3450M->849M(3641M) 197.223ms
[2025-08-01T01:19:08.395+0000] GC(162) User=1.32s Sys=0.00s Real=0.20s
[2025-08-01T01:19:08.480+0000] GC(163) Pause Young (Allocation Failure)
[2025-08-01T01:19:08.552+0000] GC(163) PSYoungGen: 465920K(931840K)->378080K(931840K) Eden: 465920K(465920K)->0K(465920K) From: 0K(465920K)->378080K(465920K)
[2025-08-01T01:19:08.553+0000] GC(163) ParOldGen: 870344K(2796544K)->870344K(2796544K)
[2025-08-01T01:19:08.553+0000] GC(163) Metaspace: 10058K(10240K)->10058K(10240K) NonClass: 8831K(8896K)->8831K(8896K) Class: 1226K(1344K)->1226K(1344K)
[2025-08-01T01:19:08.553+0000] GC(163) Pause Young (Allocation Failure) 1304M->1219M(3641M) 72.811ms
[2025-08-01T01:19:08.553+0000] GC(163) User=0.52s Sys=0.03s Real=0.07s
[2025-08-01T01:19:08.640+0000] GC(164) Pause Young (Allocation Failure)
[2025-08-01T01:19:08.755+0000] GC(164) PSYoungGen: 844000K(931840K)->453984K(931840K) Eden: 465920K(465920K)->0K(465920K) From: 378080K(465920K)->453984K(465920K)
[2025-08-01T01:19:08.755+0000] GC(164) ParOldGen: 870344K(2796544K)->1145384K(2796544K)
[2025-08-01T01:19:08.755+0000] GC(164) Metaspace: 10058K(10240K)->10058K(10240K) NonClass: 8831K(8896K)->8831K(8896K) Class: 1226K(1344K)->1226K(1344K)
[2025-08-01T01:19:08.755+0000] GC(164) Pause Young (Allocation Failure) 1674M->1561M(3641M) 115.236ms
[2025-08-01T01:19:08.755+0000] GC(164) User=0.86s Sys=0.01s Real=0.12s
[2025-08-01T01:19:08.840+0000] GC(165) Pause Young (Allocation Failure)
[2025-08-01T01:19:08.960+0000] GC(165) PSYoungGen: 919904K(931840K)->378496K(931840K) Eden: 465920K(465920K)->0K(465920K) From: 453984K(465920K)->378496K(465920K)
[2025-08-01T01:19:08.960+0000] GC(165) ParOldGen: 1145384K(2796544K)->1527016K(2796544K)
[2025-08-01T01:19:08.960+0000] GC(165) Metaspace: 10058K(10240K)->10058K(10240K) NonClass: 8831K(8896K)->8831K(8896K) Class: 1226K(1344K)->1226K(1344K)
[2025-08-01T01:19:08.960+0000] GC(165) Pause Young (Allocation Failure) 2016M->1860M(3641M) 119.507ms
[2025-08-01T01:19:08.960+0000] GC(165) User=0.92s Sys=0.02s Real=0.12s
[2025-08-01T01:19:09.049+0000] GC(166) Pause Young (Allocation Failure)
[2025-08-01T01:19:09.211+0000] GC(166) PSYoungGen: 844416K(931840K)->379648K(931840K) Eden: 465920K(465920K)->0K(465920K) From: 378496K(465920K)->379648K(465920K)
[2025-08-01T01:19:09.211+0000] GC(166) ParOldGen: 1527016K(2796544K)->1816920K(2796544K)
[2025-08-01T01:19:09.211+0000] GC(166) Metaspace: 10058K(10240K)->10058K(10240K) NonClass: 8831K(8896K)->8831K(8896K) Class: 1226K(1344K)->1226K(1344K)
[2025-08-01T01:19:09.211+0000] GC(166) Pause Young (Allocation Failure) 2315M->2145M(3641M) 161.918ms
[2025-08-01T01:19:09.211+0000] GC(166) User=1.24s Sys=0.01s Real=0.16s
[2025-08-01T01:19:09.301+0000] GC(167) Pause Young (Allocation Failure)
[2025-08-01T01:19:09.457+0000] GC(167) PSYoungGen: 845568K(931840K)->378720K(931840K) Eden: 465920K(465920K)->0K(465920K) From: 379648K(465920K)->378720K(465920K)
[2025-08-01T01:19:09.457+0000] GC(167) ParOldGen: 1816920K(2796544K)->2101680K(2796544K)
[2025-08-01T01:19:09.457+0000] GC(167) Metaspace: 10058K(10240K)->10058K(10240K) NonClass: 8831K(8896K)->8831K(8896K) Class: 1226K(1344K)->1226K(1344K)
[2025-08-01T01:19:09.457+0000] GC(167) Pause Young (Allocation Failure) 2600M->2422M(3641M) 156.574ms
[2025-08-01T01:19:09.458+0000] GC(167) User=1.18s Sys=0.02s Real=0.16s
[2025-08-01T01:19:09.552+0000] GC(168) Pause Young (Allocation Failure)
[2025-08-01T01:19:09.695+0000] GC(168) PSYoungGen: 844640K(931840K)->445600K(931840K) Eden: 465920K(465920K)->0K(465920K) From: 378720K(465920K)->445600K(465920K)
[2025-08-01T01:19:09.696+0000] GC(168) ParOldGen: 2101680K(2796544K)->2382712K(2796544K)
[2025-08-01T01:19:09.696+0000] GC(168) Metaspace: 10058K(10240K)->10058K(10240K) NonClass: 8831K(8896K)->8831K(8896K) Class: 1226K(1344K)->1226K(1344K)
[2025-08-01T01:19:09.696+0000] GC(168) Pause Young (Allocation Failure) 2877M->2762M(3641M) 143.352ms
[2025-08-01T01:19:09.696+0000] GC(168) User=1.04s Sys=0.05s Real=0.15s
[2025-08-01T01:19:09.834+0000] GC(169) Pause Young (Allocation Failure)
[2025-08-01T01:19:10.062+0000] GC(169) PSYoungGen: 911520K(931840K)->379232K(931840K) Eden: 465920K(465920K)->0K(465920K) From: 445600K(465920K)->379232K(465920K)
[2025-08-01T01:19:10.062+0000] GC(169) ParOldGen: 2382712K(2796544K)->2727800K(2796544K)
[2025-08-01T01:19:10.062+0000] GC(169) Metaspace: 10058K(10240K)->10058K(10240K) NonClass: 8831K(8896K)->8831K(8896K) Class: 1226K(1344K)->1226K(1344K)
[2025-08-01T01:19:10.062+0000] GC(169) Pause Young (Allocation Failure) 3217M->3034M(3641M) 228.313ms
[2025-08-01T01:19:10.062+0000] GC(169) User=1.53s Sys=0.26s Real=0.22s
[2025-08-01T01:19:10.151+0000] GC(170) Pause Full (Ergonomics)
[2025-08-01T01:19:10.151+0000] GC(170) Marking Phase
[2025-08-01T01:19:10.323+0000] GC(170) Marking Phase 171.100ms
[2025-08-01T01:19:10.323+0000] GC(170) Summary Phase
[2025-08-01T01:19:10.323+0000] GC(170) Summary Phase 0.179ms
[2025-08-01T01:19:10.323+0000] GC(170) Adjust Roots
[2025-08-01T01:19:10.325+0000] GC(170) Adjust Roots 2.263ms
[2025-08-01T01:19:10.325+0000] GC(170) Compaction Phase
[2025-08-01T01:19:10.449+0000] GC(170) Compaction Phase 124.131ms
[2025-08-01T01:19:10.449+0000] GC(170) Post Compact
[2025-08-01T01:19:10.472+0000] GC(170) Post Compact 22.925ms
[2025-08-01T01:19:10.472+0000] GC(170) PSYoungGen: 845152K(931840K)->0K(931840K) Eden: 465920K(465920K)->0K(465920K) From: 379232K(465920K)->0K(465920K)
[2025-08-01T01:19:10.472+0000] GC(170) ParOldGen: 2727800K(2796544K)->890238K(2796544K)
[2025-08-01T01:19:10.472+0000] GC(170) Metaspace: 10058K(10240K)->10058K(10240K) NonClass: 8831K(8896K)->8831K(8896K) Class: 1226K(1344K)->1226K(1344K)
[2025-08-01T01:19:10.472+0000] GC(170) Pause Full (Ergonomics) 3489M->869M(3641M) 321.078ms
[2025-08-01T01:19:10.473+0000] GC(170) User=1.75s Sys=0.55s Real=0.32s
[2025-08-01T01:19:10.560+0000] GC(171) Pause Young (Allocation Failure)
[2025-08-01T01:19:10.620+0000] GC(171) PSYoungGen: 465920K(931840K)->400480K(931840K) Eden: 465920K(465920K)->0K(465920K) From: 0K(465920K)->400480K(465920K)
[2025-08-01T01:19:10.620+0000] GC(171) ParOldGen: 890238K(2796544K)->890238K(2796544K)
[2025-08-01T01:19:10.620+0000] GC(171) Metaspace: 10058K(10240K)->10058K(10240K) NonClass: 8831K(8896K)->8831K(8896K) Class: 1226K(1344K)->1226K(1344K)
[2025-08-01T01:19:10.621+0000] GC(171) Pause Young (Allocation Failure) 1324M->1260M(3641M) 60.798ms
[2025-08-01T01:19:10.621+0000] GC(171) User=0.46s Sys=0.01s Real=0.06s
[2025-08-01T01:19:10.710+0000] GC(172) Pause Young (Allocation Failure)
[2025-08-01T01:19:10.875+0000] GC(172) PSYoungGen: 866400K(931840K)->436320K(931840K) Eden: 465920K(465920K)->0K(465920K) From: 400480K(465920K)->436320K(465920K)
[2025-08-01T01:19:10.875+0000] GC(172) ParOldGen: 890238K(2796544K)->1191254K(2796544K)
[2025-08-01T01:19:10.875+0000] GC(172) Metaspace: 10058K(10240K)->10058K(10240K) NonClass: 8831K(8896K)->8831K(8896K) Class: 1226K(1344K)->1226K(1344K)
[2025-08-01T01:19:10.875+0000] GC(172) Pause Young (Allocation Failure) 1715M->1589M(3641M) 164.571ms
[2025-08-01T01:19:10.875+0000] GC(172) User=1.17s Sys=0.06s Real=0.17s
[2025-08-01T01:19:10.969+0000] GC(173) Pause Young (Allocation Failure)
[2025-08-01T01:19:11.142+0000] GC(173) PSYoungGen: 902240K(931840K)->416320K(931840K) Eden: 465920K(465920K)->0K(465920K) From: 436320K(465920K)->416320K(465920K)
[2025-08-01T01:19:11.142+0000] GC(173) ParOldGen: 1191254K(2796544K)->1512230K(2796544K)
[2025-08-01T01:19:11.142+0000] GC(173) Metaspace: 10058K(10240K)->10058K(10240K) NonClass: 8831K(8896K)->8831K(8896K) Class: 1226K(1344K)->1226K(1344K)
[2025-08-01T01:19:11.142+0000] GC(173) Pause Young (Allocation Failure) 2044M->1883M(3641M) 173.570ms
[2025-08-01T01:19:11.142+0000] GC(173) User=1.30s Sys=0.06s Real=0.17s
[2025-08-01T01:19:11.228+0000] GC(174) Pause Young (Allocation Failure)
[2025-08-01T01:19:11.375+0000] GC(174) PSYoungGen: 882240K(931840K)->364704K(931840K) Eden: 465920K(465920K)->0K(465920K) From: 416320K(465920K)->364704K(465920K)
[2025-08-01T01:19:11.375+0000] GC(174) ParOldGen: 1512230K(2796544K)->1829894K(2796544K)
[2025-08-01T01:19:11.375+0000] GC(174) Metaspace: 10058K(10240K)->10058K(10240K) NonClass: 8831K(8896K)->8831K(8896K) Class: 1226K(1344K)->1226K(1344K)
[2025-08-01T01:19:11.375+0000] GC(174) Pause Young (Allocation Failure) 2338M->2143M(3641M) 146.639ms
[2025-08-01T01:19:11.375+0000] GC(174) User=1.07s Sys=0.06s Real=0.15s
[2025-08-01T01:19:11.464+0000] GC(175) Pause Young (Allocation Failure)
[2025-08-01T01:19:11.576+0000] GC(175) PSYoungGen: 830624K(931840K)->408800K(931840K) Eden: 465920K(465920K)->0K(465920K) From: 364704K(465920K)->408800K(465920K)
[2025-08-01T01:19:11.576+0000] GC(175) ParOldGen: 1829894K(2796544K)->2082942K(2796544K)
[2025-08-01T01:19:11.576+0000] GC(175) Metaspace: 10058K(10240K)->10058K(10240K) NonClass: 8831K(8896K)->8831K(8896K) Class: 1226K(1344K)->1226K(1344K)
[2025-08-01T01:19:11.576+0000] GC(175) Pause Young (Allocation Failure) 2598M->2433M(3641M) 111.639ms
[2025-08-01T01:19:11.576+0000] GC(175) User=0.84s Sys=0.02s Real=0.11s
[2025-08-01T01:19:11.667+0000] GC(176) Pause Young (Allocation Failure)
[2025-08-01T01:19:11.823+0000] GC(176) PSYoungGen: 874720K(931840K)->433408K(931840K) Eden: 465920K(465920K)->0K(465920K) From: 408800K(465920K)->433408K(465920K)
[2025-08-01T01:19:11.823+0000] GC(176) ParOldGen: 2082942K(2796544K)->2387934K(2796544K)
[2025-08-01T01:19:11.823+0000] GC(176) Metaspace: 10058K(10240K)->10058K(10240K) NonClass: 8831K(8896K)->8831K(8896K) Class: 1226K(1344K)->1226K(1344K)
[2025-08-01T01:19:11.823+0000] GC(176) Pause Young (Allocation Failure) 2888M->2755M(3641M) 156.880ms
[2025-08-01T01:19:11.823+0000] GC(176) User=1.15s Sys=0.04s Real=0.16s
[2025-08-01T01:19:11.916+0000] GC(177) Pause Young (Allocation Failure)
[2025-08-01T01:19:12.094+0000] GC(177) PSYoungGen: 899328K(931840K)->431552K(931840K) Eden: 465920K(465920K)->0K(465920K) From: 433408K(465920K)->431552K(465920K)
[2025-08-01T01:19:12.094+0000] GC(177) ParOldGen: 2387934K(2796544K)->2718582K(2796544K)
[2025-08-01T01:19:12.094+0000] GC(177) Metaspace: 10058K(10240K)->10058K(10240K) NonClass: 8831K(8896K)->8831K(8896K) Class: 1226K(1344K)->1226K(1344K)
[2025-08-01T01:19:12.095+0000] GC(177) Pause Young (Allocation Failure) 3210M->3076M(3641M) 178.448ms
[2025-08-01T01:19:12.095+0000] GC(177) User=1.36s Sys=0.03s Real=0.18s
[2025-08-01T01:19:12.179+0000] GC(178) Pause Full (Ergonomics)
[2025-08-01T01:19:12.179+0000] GC(178) Marking Phase
[2025-08-01T01:19:12.242+0000] GC(178) Marking Phase 63.004ms
[2025-08-01T01:19:12.242+0000] GC(178) Summary Phase
[2025-08-01T01:19:12.242+0000] GC(178) Summary Phase 0.114ms
[2025-08-01T01:19:12.242+0000] GC(178) Adjust Roots
[2025-08-01T01:19:12.244+0000] GC(178) Adjust Roots 1.831ms
[2025-08-01T01:19:12.244+0000] GC(178) Compaction Phase
[2025-08-01T01:19:12.378+0000] GC(178) Compaction Phase 134.005ms
[2025-08-01T01:19:12.378+0000] GC(178) Post Compact
[2025-08-01T01:19:12.400+0000] GC(178) Post Compact 22.032ms
[2025-08-01T01:19:12.400+0000] GC(178) PSYoungGen: 897472K(931840K)->0K(931840K) Eden: 465920K(465920K)->0K(465920K) From: 431552K(465920K)->0K(465920K)
[2025-08-01T01:19:12.400+0000] GC(178) ParOldGen: 2718582K(2796544K)->909655K(2796544K)
[2025-08-01T01:19:12.400+0000] GC(178) Metaspace: 10058K(10240K)->10058K(10240K) NonClass: 8831K(8896K)->8831K(8896K) Class: 1226K(1344K)->1226K(1344K)
[2025-08-01T01:19:12.400+0000] GC(178) Pause Full (Ergonomics) 3531M->888M(3641M) 221.396ms
[2025-08-01T01:19:12.400+0000] GC(178) User=1.54s Sys=0.02s Real=0.22s
[2025-08-01T01:19:12.496+0000] GC(179) Pause Young (Allocation Failure)
[2025-08-01T01:19:12.610+0000] GC(179) PSYoungGen: 465920K(931840K)->412704K(931840K) Eden: 465920K(465920K)->0K(465920K) From: 0K(465920K)->412704K(465920K)
[2025-08-01T01:19:12.610+0000] GC(179) ParOldGen: 909655K(2796544K)->909655K(2796544K)
[2025-08-01T01:19:12.610+0000] GC(179) Metaspace: 10058K(10240K)->10058K(10240K) NonClass: 8831K(8896K)->8831K(8896K) Class: 1226K(1344K)->1226K(1344K)
[2025-08-01T01:19:12.610+0000] GC(179) Pause Young (Allocation Failure) 1343M->1291M(3641M) 114.132ms
[2025-08-01T01:19:12.610+0000] GC(179) User=0.86s Sys=0.03s Real=0.11s
[2025-08-01T01:19:12.706+0000] GC(180) Pause Young (Allocation Failure)
[2025-08-01T01:19:12.830+0000] GC(180) PSYoungGen: 878624K(931840K)->416160K(931840K) Eden: 465920K(465920K)->0K(465920K) From: 412704K(465920K)->416160K(465920K)
[2025-08-01T01:19:12.830+0000] GC(180) ParOldGen: 909655K(2796544K)->1237839K(2796544K)
[2025-08-01T01:19:12.830+0000] GC(180) Metaspace: 10058K(10240K)->10058K(10240K) NonClass: 8831K(8896K)->8831K(8896K) Class: 1226K(1344K)->1226K(1344K)
[2025-08-01T01:19:12.830+0000] GC(180) Pause Young (Allocation Failure) 1746M->1615M(3641M) 123.404ms
[2025-08-01T01:19:12.830+0000] GC(180) User=0.93s Sys=0.02s Real=0.12s
[2025-08-01T01:19:12.930+0000] GC(181) Pause Young (Allocation Failure)
[2025-08-01T01:19:13.046+0000] GC(181) PSYoungGen: 882080K(931840K)->441824K(931840K) Eden: 465920K(465920K)->0K(465920K) From: 416160K(465920K)->441824K(465920K)
[2025-08-01T01:19:13.046+0000] GC(181) ParOldGen: 1237839K(2796544K)->1559615K(2796544K)
[2025-08-01T01:19:13.046+0000] GC(181) Metaspace: 10058K(10240K)->10058K(10240K) NonClass: 8831K(8896K)->8831K(8896K) Class: 1226K(1344K)->1226K(1344K)
[2025-08-01T01:19:13.047+0000] GC(181) Pause Young (Allocation Failure) 2070M->1954M(3641M) 116.750ms
[2025-08-01T01:19:13.047+0000] GC(181) User=0.91s Sys=0.02s Real=0.12s
[2025-08-01T01:19:13.136+0000] GC(182) Pause Young (Allocation Failure)
[2025-08-01T01:19:13.262+0000] GC(182) PSYoungGen: 907744K(931840K)->366848K(931840K) Eden: 465920K(465920K)->0K(465920K) From: 441824K(465920K)->366848K(465920K)
[2025-08-01T01:19:13.263+0000] GC(182) ParOldGen: 1559615K(2796544K)->1905655K(2796544K)
[2025-08-01T01:19:13.263+0000] GC(182) Metaspace: 10058K(10240K)->10058K(10240K) NonClass: 8831K(8896K)->8831K(8896K) Class: 1226K(1344K)->1226K(1344K)
[2025-08-01T01:19:13.263+0000] GC(182) Pause Young (Allocation Failure) 2409M->2219M(3641M) 126.628ms
[2025-08-01T01:19:13.263+0000] GC(182) User=0.94s Sys=0.04s Real=0.12s
[2025-08-01T01:19:13.354+0000] GC(183) Pause Young (Allocation Failure)
[2025-08-01T01:19:13.465+0000] GC(183) PSYoungGen: 832768K(931840K)->449760K(931840K) Eden: 465920K(465920K)->0K(465920K) From: 366848K(465920K)->449760K(465920K)
[2025-08-01T01:19:13.465+0000] GC(183) ParOldGen: 1905655K(2796544K)->2117887K(2796544K)
[2025-08-01T01:19:13.465+0000] GC(183) Metaspace: 10058K(10240K)->10058K(10240K) NonClass: 8831K(8896K)->8831K(8896K) Class: 1226K(1344K)->1226K(1344K)
[2025-08-01T01:19:13.466+0000] GC(183) Pause Young (Allocation Failure) 2674M->2507M(3641M) 111.272ms
[2025-08-01T01:19:13.466+0000] GC(183) User=0.81s Sys=0.02s Real=0.11s
[2025-08-01T01:19:13.557+0000] GC(184) Pause Young (Allocation Failure)
[2025-08-01T01:19:13.727+0000] GC(184) PSYoungGen: 915680K(931840K)->404608K(931840K) Eden: 465920K(465920K)->0K(465920K) From: 449760K(465920K)->404608K(465920K)
[2025-08-01T01:19:13.727+0000] GC(184) ParOldGen: 2117887K(2796544K)->2465311K(2796544K)
[2025-08-01T01:19:13.727+0000] GC(184) Metaspace: 10058K(10240K)->10058K(10240K) NonClass: 8831K(8896K)->8831K(8896K) Class: 1226K(1344K)->1226K(1344K)
[2025-08-01T01:19:13.728+0000] GC(184) Pause Young (Allocation Failure) 2962M->2802M(3641M) 170.573ms
[2025-08-01T01:19:13.728+0000] GC(184) User=1.31s Sys=0.02s Real=0.17s
[2025-08-01T01:19:13.821+0000] GC(185) Pause Full (Ergonomics)
[2025-08-01T01:19:13.821+0000] GC(185) Marking Phase
[2025-08-01T01:19:13.870+0000] GC(185) Marking Phase 48.900ms
[2025-08-01T01:19:13.870+0000] GC(185) Summary Phase
[2025-08-01T01:19:13.870+0000] GC(185) Summary Phase 0.107ms
[2025-08-01T01:19:13.870+0000] GC(185) Adjust Roots
[2025-08-01T01:19:13.872+0000] GC(185) Adjust Roots 1.698ms
[2025-08-01T01:19:13.872+0000] GC(185) Compaction Phase
[2025-08-01T01:19:14.001+0000] GC(185) Compaction Phase 128.790ms
[2025-08-01T01:19:14.001+0000] GC(185) Post Compact
[2025-08-01T01:19:14.024+0000] GC(185) Post Compact 22.892ms
[2025-08-01T01:19:14.024+0000] GC(185) PSYoungGen: 870528K(931840K)->0K(931840K) Eden: 465920K(465920K)->0K(465920K) From: 404608K(465920K)->0K(465920K)
[2025-08-01T01:19:14.024+0000] GC(185) ParOldGen: 2465311K(2796544K)->922320K(2796544K)
[2025-08-01T01:19:14.024+0000] GC(185) Metaspace: 10058K(10240K)->10058K(10240K) NonClass: 8831K(8896K)->8831K(8896K) Class: 1226K(1344K)->1226K(1344K)
[2025-08-01T01:19:14.024+0000] GC(185) Pause Full (Ergonomics) 3257M->900M(3641M) 202.843ms
[2025-08-01T01:19:14.024+0000] GC(185) User=1.35s Sys=0.00s Real=0.21s
[2025-08-01T01:19:14.116+0000] GC(186) Pause Young (Allocation Failure)
[2025-08-01T01:19:14.246+0000] GC(186) PSYoungGen: 465920K(931840K)->465920K(931840K) Eden: 465920K(465920K)->0K(465920K) From: 0K(465920K)->465920K(465920K)
[2025-08-01T01:19:14.246+0000] GC(186) ParOldGen: 922320K(2796544K)->930280K(2796544K)
[2025-08-01T01:19:14.246+0000] GC(186) Metaspace: 10058K(10240K)->10058K(10240K) NonClass: 8831K(8896K)->8831K(8896K) Class: 1226K(1344K)->1226K(1344K)
[2025-08-01T01:19:14.246+0000] GC(186) Pause Young (Allocation Failure) 1355M->1363M(3641M) 129.699ms
[2025-08-01T01:19:14.246+0000] GC(186) User=0.95s Sys=0.06s Real=0.13s
[2025-08-01T01:19:14.341+0000] GC(187) Pause Young (Allocation Failure)
[2025-08-01T01:19:14.533+0000] GC(187) PSYoungGen: 931840K(931840K)->459872K(931840K) Eden: 465920K(465920K)->0K(465920K) From: 465920K(465920K)->459872K(465920K)
[2025-08-01T01:19:14.533+0000] GC(187) ParOldGen: 930280K(2796544K)->1174776K(2796544K)
[2025-08-01T01:19:14.533+0000] GC(187) Metaspace: 10058K(10240K)->10058K(10240K) NonClass: 8831K(8896K)->8831K(8896K) Class: 1226K(1344K)->1226K(1344K)
[2025-08-01T01:19:14.533+0000] GC(187) Pause Young (Allocation Failure) 1818M->1596M(3641M) 191.653ms
[2025-08-01T01:19:14.533+0000] GC(187) User=1.46s Sys=0.03s Real=0.19s
[2025-08-01T01:19:14.620+0000] GC(188) Pause Young (Allocation Failure)
[2025-08-01T01:19:14.697+0000] GC(188) PSYoungGen: 925792K(931840K)->270816K(931840K) Eden: 465920K(465920K)->0K(465920K) From: 459872K(465920K)->270816K(465920K)
[2025-08-01T01:19:14.697+0000] GC(188) ParOldGen: 1174776K(2796544K)->1373296K(2796544K)
[2025-08-01T01:19:14.697+0000] GC(188) Metaspace: 10058K(10240K)->10058K(10240K) NonClass: 8831K(8896K)->8831K(8896K) Class: 1226K(1344K)->1226K(1344K)
[2025-08-01T01:19:14.697+0000] GC(188) Pause Young (Allocation Failure) 2051M->1605M(3641M) 76.236ms
[2025-08-01T01:19:14.697+0000] GC(188) User=0.58s Sys=0.02s Real=0.08s
[2025-08-01T01:19:14.792+0000] GC(189) Pause Young (Allocation Failure)
[2025-08-01T01:19:14.953+0000] GC(189) PSYoungGen: 736736K(931840K)->465920K(931840K) Eden: 465920K(465920K)->0K(465920K) From: 270816K(465920K)->465920K(465920K)
[2025-08-01T01:19:14.953+0000] GC(189) ParOldGen: 1373296K(2796544K)->1668296K(2796544K)
[2025-08-01T01:19:14.953+0000] GC(189) Metaspace: 10058K(10240K)->10058K(10240K) NonClass: 8831K(8896K)->8831K(8896K) Class: 1226K(1344K)->1226K(1344K)
[2025-08-01T01:19:14.953+0000] GC(189) Pause Young (Allocation Failure) 2060M->2084M(3641M) 161.476ms
[2025-08-01T01:19:14.953+0000] GC(189) User=1.22s Sys=0.03s Real=0.17s
[2025-08-01T01:19:15.047+0000] GC(190) Pause Young (Allocation Failure)
[2025-08-01T01:19:15.195+0000] GC(190) PSYoungGen: 931840K(931840K)->465920K(931840K) Eden: 465920K(465920K)->0K(465920K) From: 465920K(465920K)->465920K(465920K)
[2025-08-01T01:19:15.196+0000] GC(190) ParOldGen: 1668296K(2796544K)->2168280K(2796544K)
[2025-08-01T01:19:15.196+0000] GC(190) Metaspace: 10058K(10240K)->10058K(10240K) NonClass: 8831K(8896K)->8831K(8896K) Class: 1226K(1344K)->1226K(1344K)
[2025-08-01T01:19:15.196+0000] GC(190) Pause Young (Allocation Failure) 2539M->2572M(3641M) 148.607ms
[2025-08-01T01:19:15.196+0000] GC(190) User=1.15s Sys=0.01s Real=0.15s
[2025-08-01T01:19:15.291+0000] GC(191) Pause Young (Allocation Failure)
[2025-08-01T01:19:15.449+0000] GC(191) PSYoungGen: 931840K(931840K)->412480K(931840K) Eden: 465920K(465920K)->0K(465920K) From: 465920K(465920K)->412480K(465920K)
[2025-08-01T01:19:15.449+0000] GC(191) ParOldGen: 2168280K(2796544K)->2423672K(2796544K)
[2025-08-01T01:19:15.449+0000] GC(191) Metaspace: 10058K(10240K)->10058K(10240K) NonClass: 8831K(8896K)->8831K(8896K) Class: 1226K(1344K)->1226K(1344K)
[2025-08-01T01:19:15.449+0000] GC(191) Pause Young (Allocation Failure) 3027M->2769M(3641M) 157.881ms
[2025-08-01T01:19:15.449+0000] GC(191) User=1.20s Sys=0.03s Real=0.16s
[2025-08-01T01:19:15.535+0000] GC(192) Pause Full (Ergonomics)
[2025-08-01T01:19:15.535+0000] GC(192) Marking Phase
[2025-08-01T01:19:15.577+0000] GC(192) Marking Phase 42.252ms
[2025-08-01T01:19:15.577+0000] GC(192) Summary Phase
[2025-08-01T01:19:15.577+0000] GC(192) Summary Phase 0.121ms
[2025-08-01T01:19:15.577+0000] GC(192) Adjust Roots
[2025-08-01T01:19:15.580+0000] GC(192) Adjust Roots 2.973ms
[2025-08-01T01:19:15.580+0000] GC(192) Compaction Phase
[2025-08-01T01:19:15.717+0000] GC(192) Compaction Phase 136.638ms
[2025-08-01T01:19:15.717+0000] GC(192) Post Compact
[2025-08-01T01:19:15.746+0000] GC(192) Post Compact 28.968ms
[2025-08-01T01:19:15.746+0000] GC(192) PSYoungGen: 878400K(931840K)->0K(931840K) Eden: 465920K(465920K)->0K(465920K) From: 412480K(465920K)->0K(465920K)
[2025-08-01T01:19:15.746+0000] GC(192) ParOldGen: 2423672K(2796544K)->471554K(2796544K)
[2025-08-01T01:19:15.746+0000] GC(192) Metaspace: 10058K(10240K)->10058K(10240K) NonClass: 8831K(8896K)->8831K(8896K) Class: 1226K(1344K)->1226K(1344K)
[2025-08-01T01:19:15.746+0000] GC(192) Pause Full (Ergonomics) 3224M->460M(3641M) 211.505ms
[2025-08-01T01:19:15.746+0000] GC(192) User=1.35s Sys=0.04s Real=0.21s
[2025-08-01T01:19:15.835+0000] GC(193) Pause Young (Allocation Failure)
[2025-08-01T01:19:15.955+0000] GC(193) PSYoungGen: 465920K(931840K)->465920K(931840K) Eden: 465920K(465920K)->0K(465920K) From: 0K(465920K)->465920K(465920K)
[2025-08-01T01:19:15.955+0000] GC(193) ParOldGen: 471554K(2796544K)->479725K(2796544K)
[2025-08-01T01:19:15.955+0000] GC(193) Metaspace: 10058K(10240K)->10058K(10240K) NonClass: 8831K(8896K)->8831K(8896K) Class: 1226K(1344K)->1226K(1344K)
[2025-08-01T01:19:15.955+0000] GC(193) Pause Young (Allocation Failure) 915M->923M(3641M) 119.986ms
[2025-08-01T01:19:15.956+0000] GC(193) User=0.89s Sys=0.03s Real=0.12s
[2025-08-01T01:19:16.053+0000] GC(194) Pause Young (Allocation Failure)
[2025-08-01T01:19:16.202+0000] GC(194) PSYoungGen: 931840K(931840K)->465920K(931840K) Eden: 465920K(465920K)->0K(465920K) From: 465920K(465920K)->465920K(465920K)
[2025-08-01T01:19:16.202+0000] GC(194) ParOldGen: 479725K(2796544K)->979845K(2796544K)
[2025-08-01T01:19:16.202+0000] GC(194) Metaspace: 10058K(10240K)->10058K(10240K) NonClass: 8831K(8896K)->8831K(8896K) Class: 1226K(1344K)->1226K(1344K)
[2025-08-01T01:19:16.202+0000] GC(194) Pause Young (Allocation Failure) 1378M->1411M(3641M) 149.562ms
[2025-08-01T01:19:16.202+0000] GC(194) User=1.16s Sys=0.01s Real=0.15s
[2025-08-01T01:19:16.337+0000] GC(195) Pause Young (Allocation Failure)
[2025-08-01T01:19:16.557+0000] GC(195) PSYoungGen: 931840K(931840K)->429088K(931840K) Eden: 465920K(465920K)->0K(465920K) From: 465920K(465920K)->429088K(465920K)
[2025-08-01T01:19:16.557+0000] GC(195) ParOldGen: 979845K(2796544K)->1223965K(2796544K)
[2025-08-01T01:19:16.557+0000] GC(195) Metaspace: 10058K(10240K)->10058K(10240K) NonClass: 8831K(8896K)->8831K(8896K) Class: 1226K(1344K)->1226K(1344K)
[2025-08-01T01:19:16.557+0000] GC(195) Pause Young (Allocation Failure) 1866M->1614M(3641M) 220.376ms
[2025-08-01T01:19:16.557+0000] GC(195) User=1.67s Sys=0.06s Real=0.22s
[2025-08-01T01:19:16.654+0000] GC(196) Pause Young (Allocation Failure)
[2025-08-01T01:19:16.763+0000] GC(196) PSYoungGen: 895008K(931840K)->289824K(931840K) Eden: 465920K(465920K)->0K(465920K) From: 429088K(465920K)->289824K(465920K)
[2025-08-01T01:19:16.763+0000] GC(196) ParOldGen: 1223965K(2796544K)->1422341K(2796544K)
[2025-08-01T01:19:16.763+0000] GC(196) Metaspace: 10058K(10240K)->10058K(10240K) NonClass: 8831K(8896K)->8831K(8896K) Class: 1226K(1344K)->1226K(1344K)
[2025-08-01T01:19:16.763+0000] GC(196) Pause Young (Allocation Failure) 2069M->1672M(3641M) 109.657ms
[2025-08-01T01:19:16.763+0000] GC(196) User=0.82s Sys=0.03s Real=0.11s
[2025-08-01T01:19:16.862+0000] GC(197) Pause Young (Allocation Failure)
[2025-08-01T01:19:17.073+0000] GC(197) PSYoungGen: 755744K(931840K)->465920K(931840K) Eden: 465920K(465920K)->0K(465920K) From: 289824K(465920K)->465920K(465920K)
[2025-08-01T01:19:17.073+0000] GC(197) ParOldGen: 1422341K(2796544K)->1736469K(2796544K)
[2025-08-01T01:19:17.073+0000] GC(197) Metaspace: 10058K(10240K)->10058K(10240K) NonClass: 8831K(8896K)->8831K(8896K) Class: 1226K(1344K)->1226K(1344K)
[2025-08-01T01:19:17.073+0000] GC(197) Pause Young (Allocation Failure) 2127M->2150M(3641M) 211.576ms
[2025-08-01T01:19:17.073+0000] GC(197) User=1.56s Sys=0.05s Real=0.22s
[2025-08-01T01:19:17.165+0000] GC(198) Pause Young (Allocation Failure)
[2025-08-01T01:19:17.314+0000] GC(198) PSYoungGen: 931840K(931840K)->465920K(931840K) Eden: 465920K(465920K)->0K(465920K) From: 465920K(465920K)->465920K(465920K)
[2025-08-01T01:19:17.314+0000] GC(198) ParOldGen: 1736469K(2796544K)->2236829K(2796544K)
[2025-08-01T01:19:17.314+0000] GC(198) Metaspace: 10058K(10240K)->10058K(10240K) NonClass: 8831K(8896K)->8831K(8896K) Class: 1226K(1344K)->1226K(1344K)
[2025-08-01T01:19:17.314+0000] GC(198) Pause Young (Allocation Failure) 2605M->2639M(3641M) 149.750ms
[2025-08-01T01:19:17.315+0000] GC(198) User=1.17s Sys=0.01s Real=0.15s
[2025-08-01T01:19:17.455+0000] GC(199) Pause Full (Ergonomics)
[2025-08-01T01:19:17.456+0000] GC(199) Marking Phase
[2025-08-01T01:19:17.581+0000] GC(199) Marking Phase 125.565ms
[2025-08-01T01:19:17.581+0000] GC(199) Summary Phase
[2025-08-01T01:19:17.581+0000] GC(199) Summary Phase 0.114ms
[2025-08-01T01:19:17.581+0000] GC(199) Adjust Roots
[2025-08-01T01:19:17.584+0000] GC(199) Adjust Roots 3.051ms
[2025-08-01T01:19:17.584+0000] GC(199) Compaction Phase
[2025-08-01T01:19:17.763+0000] GC(199) Compaction Phase 179.050ms
[2025-08-01T01:19:17.764+0000] GC(199) Post Compact
[2025-08-01T01:19:17.786+0000] GC(199) Post Compact 22.061ms
[2025-08-01T01:19:17.786+0000] GC(199) PSYoungGen: 931840K(931840K)->0K(931840K) Eden: 465920K(465920K)->0K(465920K) From: 465920K(465920K)->0K(465920K)
[2025-08-01T01:19:17.786+0000] GC(199) ParOldGen: 2236829K(2796544K)->948429K(2796544K)
[2025-08-01T01:19:17.786+0000] GC(199) Metaspace: 10058K(10240K)->10058K(10240K) NonClass: 8831K(8896K)->8831K(8896K) Class: 1226K(1344K)->1226K(1344K)
[2025-08-01T01:19:17.786+0000] GC(199) Pause Full (Ergonomics) 3094M->926M(3641M) 330.423ms
[2025-08-01T01:19:17.786+0000] GC(199) User=2.34s Sys=0.04s Real=0.33s
[2025-08-01T01:19:17.873+0000] GC(200) Pause Young (Allocation Failure)
[2025-08-01T01:19:17.962+0000] GC(200) PSYoungGen: 465920K(931840K)->293664K(931840K) Eden: 465920K(465920K)->0K(465920K) From: 0K(465920K)->293664K(465920K)
[2025-08-01T01:19:17.962+0000] GC(200) ParOldGen: 948429K(2796544K)->948429K(2796544K)
[2025-08-01T01:19:17.962+0000] GC(200) Metaspace: 10058K(10240K)->10058K(10240K) NonClass: 8831K(8896K)->8831K(8896K) Class: 1226K(1344K)->1226K(1344K)
[2025-08-01T01:19:17.962+0000] GC(200) Pause Young (Allocation Failure) 1381M->1212M(3641M) 89.292ms
[2025-08-01T01:19:17.963+0000] GC(200) User=0.67s Sys=0.03s Real=0.08s
[2025-08-01T01:19:18.056+0000] GC(201) Pause Young (Allocation Failure)
[2025-08-01T01:19:18.184+0000] GC(201) PSYoungGen: 759584K(931840K)->465920K(931840K) Eden: 465920K(465920K)->0K(465920K) From: 293664K(465920K)->465920K(465920K)
[2025-08-01T01:19:18.184+0000] GC(201) ParOldGen: 948429K(2796544K)->1267717K(2796544K)
[2025-08-01T01:19:18.184+0000] GC(201) Metaspace: 10058K(10240K)->10058K(10240K) NonClass: 8831K(8896K)->8831K(8896K) Class: 1226K(1344K)->1226K(1344K)
[2025-08-01T01:19:18.184+0000] GC(201) Pause Young (Allocation Failure) 1667M->1693M(3641M) 127.648ms
[2025-08-01T01:19:18.184+0000] GC(201) User=0.95s Sys=0.02s Real=0.13s
[2025-08-01T01:19:18.272+0000] GC(202) Pause Young (Allocation Failure)
[2025-08-01T01:19:18.455+0000] GC(202) PSYoungGen: 931840K(931840K)->465920K(931840K) Eden: 465920K(465920K)->0K(465920K) From: 465920K(465920K)->465920K(465920K)
[2025-08-01T01:19:18.455+0000] GC(202) ParOldGen: 1267717K(2796544K)->1770221K(2796544K)
[2025-08-01T01:19:18.455+0000] GC(202) Metaspace: 10058K(10240K)->10058K(10240K) NonClass: 8831K(8896K)->8831K(8896K) Class: 1226K(1344K)->1226K(1344K)
[2025-08-01T01:19:18.455+0000] GC(202) Pause Young (Allocation Failure) 2148M->2183M(3641M) 183.211ms
[2025-08-01T01:19:18.455+0000] GC(202) User=1.40s Sys=0.04s Real=0.19s
[2025-08-01T01:19:18.542+0000] GC(203) Pause Young (Allocation Failure)
[2025-08-01T01:19:18.668+0000] GC(203) PSYoungGen: 931840K(931840K)->441216K(931840K) Eden: 465920K(465920K)->0K(465920K) From: 465920K(465920K)->441216K(465920K)
[2025-08-01T01:19:18.668+0000] GC(203) ParOldGen: 1770221K(2796544K)->1998413K(2796544K)
[2025-08-01T01:19:18.668+0000] GC(203) Metaspace: 10058K(10240K)->10058K(10240K) NonClass: 8831K(8896K)->8831K(8896K) Class: 1226K(1344K)->1226K(1344K)
[2025-08-01T01:19:18.668+0000] GC(203) Pause Young (Allocation Failure) 2638M->2382M(3641M) 125.755ms
[2025-08-01T01:19:18.668+0000] GC(203) User=0.94s Sys=0.04s Real=0.13s
[2025-08-01T01:19:18.753+0000] GC(204) Pause Young (Allocation Failure)
[2025-08-01T01:19:18.846+0000] GC(204) PSYoungGen: 907136K(931840K)->308032K(931840K) Eden: 465920K(465920K)->0K(465920K) From: 441216K(465920K)->308032K(465920K)
[2025-08-01T01:19:18.846+0000] GC(204) ParOldGen: 1998413K(2796544K)->2196181K(2796544K)
[2025-08-01T01:19:18.846+0000] GC(204) Metaspace: 10058K(10240K)->10058K(10240K) NonClass: 8831K(8896K)->8831K(8896K) Class: 1226K(1344K)->1226K(1344K)
[2025-08-01T01:19:18.846+0000] GC(204) Pause Young (Allocation Failure) 2837M->2445M(3641M) 93.496ms
[2025-08-01T01:19:18.846+0000] GC(204) User=0.69s Sys=0.04s Real=0.10s
[2025-08-01T01:19:18.931+0000] GC(205) Pause Young (Allocation Failure)
[2025-08-01T01:19:19.060+0000] GC(205) PSYoungGen: 773952K(931840K)->465920K(931840K) Eden: 465920K(465920K)->0K(465920K) From: 308032K(465920K)->465920K(465920K)
[2025-08-01T01:19:19.060+0000] GC(205) ParOldGen: 2196181K(2796544K)->2528661K(2796544K)
[2025-08-01T01:19:19.060+0000] GC(205) Metaspace: 10058K(10240K)->10058K(10240K) NonClass: 8831K(8896K)->8831K(8896K) Class: 1226K(1344K)->1226K(1344K)
[2025-08-01T01:19:19.060+0000] GC(205) Pause Young (Allocation Failure) 2900M->2924M(3641M) 129.435ms
[2025-08-01T01:19:19.060+0000] GC(205) User=1.00s Sys=0.01s Real=0.13s
[2025-08-01T01:19:19.148+0000] GC(206) Pause Full (Ergonomics)
[2025-08-01T01:19:19.148+0000] GC(206) Marking Phase
[2025-08-01T01:19:19.301+0000] GC(206) Marking Phase 152.975ms
[2025-08-01T01:19:19.301+0000] GC(206) Summary Phase
[2025-08-01T01:19:19.301+0000] GC(206) Summary Phase 0.115ms
[2025-08-01T01:19:19.301+0000] GC(206) Adjust Roots
[2025-08-01T01:19:19.303+0000] GC(206) Adjust Roots 1.740ms
[2025-08-01T01:19:19.303+0000] GC(206) Compaction Phase
[2025-08-01T01:19:19.503+0000] GC(206) Compaction Phase 200.405ms
[2025-08-01T01:19:19.503+0000] GC(206) Post Compact
[2025-08-01T01:19:19.527+0000] GC(206) Post Compact 23.794ms
[2025-08-01T01:19:19.527+0000] GC(206) PSYoungGen: 931840K(931840K)->0K(931840K) Eden: 465920K(465920K)->0K(465920K) From: 465920K(465920K)->0K(465920K)
[2025-08-01T01:19:19.527+0000] GC(206) ParOldGen: 2528661K(2796544K)->1428244K(2796544K)
[2025-08-01T01:19:19.527+0000] GC(206) Metaspace: 10058K(10240K)->10058K(10240K) NonClass: 8831K(8896K)->8831K(8896K) Class: 1226K(1344K)->1226K(1344K)
[2025-08-01T01:19:19.527+0000] GC(206) Pause Full (Ergonomics) 3379M->1394M(3641M) 379.448ms
[2025-08-01T01:19:19.527+0000] GC(206) User=2.66s Sys=0.07s Real=0.38s
[2025-08-01T01:19:19.614+0000] GC(207) Pause Young (Allocation Failure)
[2025-08-01T01:19:19.679+0000] GC(207) PSYoungGen: 465920K(931840K)->433120K(931840K) Eden: 465920K(465920K)->0K(465920K) From: 0K(465920K)->433120K(465920K)
[2025-08-01T01:19:19.679+0000] GC(207) ParOldGen: 1428244K(2796544K)->1428244K(2796544K)
[2025-08-01T01:19:19.679+0000] GC(207) Metaspace: 10058K(10240K)->10058K(10240K) NonClass: 8831K(8896K)->8831K(8896K) Class: 1226K(1344K)->1226K(1344K)
[2025-08-01T01:19:19.679+0000] GC(207) Pause Young (Allocation Failure) 1849M->1817M(3641M) 64.523ms
[2025-08-01T01:19:19.679+0000] GC(207) User=0.50s Sys=0.01s Real=0.06s
[2025-08-01T01:19:19.767+0000] GC(208) Pause Young (Allocation Failure)
[2025-08-01T01:19:19.946+0000] GC(208) PSYoungGen: 899040K(931840K)->441632K(931840K) Eden: 465920K(465920K)->0K(465920K) From: 433120K(465920K)->441632K(465920K)
[2025-08-01T01:19:19.946+0000] GC(208) ParOldGen: 1428244K(2796544K)->1749916K(2796544K)
[2025-08-01T01:19:19.946+0000] GC(208) Metaspace: 10058K(10240K)->10058K(10240K) NonClass: 8831K(8896K)->8831K(8896K) Class: 1226K(1344K)->1226K(1344K)
[2025-08-01T01:19:19.946+0000] GC(208) Pause Young (Allocation Failure) 2272M->2140M(3641M) 178.933ms
[2025-08-01T01:19:19.946+0000] GC(208) User=1.36s Sys=0.03s Real=0.18s
[2025-08-01T01:19:20.031+0000] GC(209) Pause Young (Allocation Failure)
[2025-08-01T01:19:20.224+0000] GC(209) PSYoungGen: 907552K(931840K)->454400K(931840K) Eden: 465920K(465920K)->0K(465920K) From: 441632K(465920K)->454400K(465920K)
[2025-08-01T01:19:20.224+0000] GC(209) ParOldGen: 1749916K(2796544K)->2109772K(2796544K)
[2025-08-01T01:19:20.224+0000] GC(209) Metaspace: 10058K(10240K)->10058K(10240K) NonClass: 8831K(8896K)->8831K(8896K) Class: 1226K(1344K)->1226K(1344K)
[2025-08-01T01:19:20.224+0000] GC(209) Pause Young (Allocation Failure) 2595M->2504M(3641M) 193.336ms
[2025-08-01T01:19:20.224+0000] GC(209) User=1.46s Sys=0.06s Real=0.20s
[2025-08-01T01:19:20.309+0000] GC(210) Pause Young (Allocation Failure)
[2025-08-01T01:19:20.432+0000] GC(210) PSYoungGen: 920320K(931840K)->355264K(931840K) Eden: 465920K(465920K)->0K(465920K) From: 454400K(465920K)->355264K(465920K)
[2025-08-01T01:19:20.432+0000] GC(210) ParOldGen: 2109772K(2796544K)->2471356K(2796544K)
[2025-08-01T01:19:20.432+0000] GC(210) Metaspace: 10058K(10240K)->10058K(10240K) NonClass: 8831K(8896K)->8831K(8896K) Class: 1226K(1344K)->1226K(1344K)
[2025-08-01T01:19:20.432+0000] GC(210) Pause Young (Allocation Failure) 2959M->2760M(3641M) 123.539ms
[2025-08-01T01:19:20.432+0000] GC(210) User=0.92s Sys=0.03s Real=0.12s
[2025-08-01T01:19:20.517+0000] GC(211) Pause Full (Ergonomics)
[2025-08-01T01:19:20.517+0000] GC(211) Marking Phase
[2025-08-01T01:19:20.621+0000] GC(211) Marking Phase 103.557ms
[2025-08-01T01:19:20.621+0000] GC(211) Summary Phase
[2025-08-01T01:19:20.621+0000] GC(211) Summary Phase 0.154ms
[2025-08-01T01:19:20.621+0000] GC(211) Adjust Roots
[2025-08-01T01:19:20.622+0000] GC(211) Adjust Roots 1.152ms
[2025-08-01T01:19:20.622+0000] GC(211) Compaction Phase
[2025-08-01T01:19:20.781+0000] GC(211) Compaction Phase 158.956ms
[2025-08-01T01:19:20.781+0000] GC(211) Post Compact
[2025-08-01T01:19:20.803+0000] GC(211) Post Compact 22.090ms
[2025-08-01T01:19:20.803+0000] GC(211) PSYoungGen: 821184K(931840K)->0K(931840K) Eden: 465920K(465920K)->0K(465920K) From: 355264K(465920K)->0K(465920K)
[2025-08-01T01:19:20.803+0000] GC(211) ParOldGen: 2471356K(2796544K)->977811K(2796544K)
[2025-08-01T01:19:20.803+0000] GC(211) Metaspace: 10058K(10240K)->10058K(10240K) NonClass: 8831K(8896K)->8831K(8896K) Class: 1226K(1344K)->1226K(1344K)
[2025-08-01T01:19:20.803+0000] GC(211) Pause Full (Ergonomics) 3215M->954M(3641M) 286.323ms
[2025-08-01T01:19:20.803+0000] GC(211) User=2.05s Sys=0.03s Real=0.29s
[2025-08-01T01:19:20.888+0000] GC(212) Pause Young (Allocation Failure)
[2025-08-01T01:19:20.974+0000] GC(212) PSYoungGen: 465920K(931840K)->455456K(931840K) Eden: 465920K(465920K)->0K(465920K) From: 0K(465920K)->455456K(465920K)
[2025-08-01T01:19:20.974+0000] GC(212) ParOldGen: 977811K(2796544K)->977811K(2796544K)
[2025-08-01T01:19:20.974+0000] GC(212) Metaspace: 10058K(10240K)->10058K(10240K) NonClass: 8831K(8896K)->8831K(8896K) Class: 1226K(1344K)->1226K(1344K)
[2025-08-01T01:19:20.974+0000] GC(212) Pause Young (Allocation Failure) 1409M->1399M(3641M) 86.026ms
[2025-08-01T01:19:20.974+0000] GC(212) User=0.64s Sys=0.02s Real=0.09s
[2025-08-01T01:19:21.061+0000] GC(213) Pause Young (Allocation Failure)
[2025-08-01T01:19:21.203+0000] GC(213) PSYoungGen: 921376K(931840K)->447328K(931840K) Eden: 465920K(465920K)->0K(465920K) From: 455456K(465920K)->447328K(465920K)
[2025-08-01T01:19:21.203+0000] GC(213) ParOldGen: 977811K(2796544K)->1328323K(2796544K)
[2025-08-01T01:19:21.203+0000] GC(213) Metaspace: 10058K(10240K)->10058K(10240K) NonClass: 8831K(8896K)->8831K(8896K) Class: 1226K(1344K)->1226K(1344K)
[2025-08-01T01:19:21.203+0000] GC(213) Pause Young (Allocation Failure) 1854M->1734M(3641M) 142.078ms
[2025-08-01T01:19:21.203+0000] GC(213) User=1.09s Sys=0.03s Real=0.15s
[2025-08-01T01:19:21.289+0000] GC(214) Pause Young (Allocation Failure)
[2025-08-01T01:19:21.400+0000] GC(214) PSYoungGen: 913248K(931840K)->377440K(931840K) Eden: 465920K(465920K)->0K(465920K) From: 447328K(465920K)->377440K(465920K)
[2025-08-01T01:19:21.400+0000] GC(214) ParOldGen: 1328323K(2796544K)->1673467K(2796544K)
[2025-08-01T01:19:21.400+0000] GC(214) Metaspace: 10058K(10240K)->10058K(10240K) NonClass: 8831K(8896K)->8831K(8896K) Class: 1226K(1344K)->1226K(1344K)
[2025-08-01T01:19:21.400+0000] GC(214) Pause Young (Allocation Failure) 2189M->2002M(3641M) 111.067ms
[2025-08-01T01:19:21.400+0000] GC(214) User=0.85s Sys=0.01s Real=0.11s
[2025-08-01T01:19:21.486+0000] GC(215) Pause Young (Allocation Failure)
[2025-08-01T01:19:21.605+0000] GC(215) PSYoungGen: 843360K(931840K)->435168K(931840K) Eden: 465920K(465920K)->0K(465920K) From: 377440K(465920K)->435168K(465920K)
[2025-08-01T01:19:21.605+0000] GC(215) ParOldGen: 1673467K(2796544K)->1938779K(2796544K)
[2025-08-01T01:19:21.605+0000] GC(215) Metaspace: 10058K(10240K)->10058K(10240K) NonClass: 8831K(8896K)->8831K(8896K) Class: 1226K(1344K)->1226K(1344K)
[2025-08-01T01:19:21.605+0000] GC(215) Pause Young (Allocation Failure) 2457M->2318M(3641M) 118.809ms
[2025-08-01T01:19:21.605+0000] GC(215) User=0.92s Sys=0.02s Real=0.12s
[2025-08-01T01:19:21.695+0000] GC(216) Pause Young (Allocation Failure)
[2025-08-01T01:19:21.827+0000] GC(216) PSYoungGen: 901088K(931840K)->444448K(931840K) Eden: 465920K(465920K)->0K(465920K) From: 435168K(465920K)->444448K(465920K)
[2025-08-01T01:19:21.827+0000] GC(216) ParOldGen: 1938779K(2796544K)->2281523K(2796544K)
[2025-08-01T01:19:21.827+0000] GC(216) Metaspace: 10058K(10240K)->10058K(10240K) NonClass: 8831K(8896K)->8831K(8896K) Class: 1226K(1344K)->1226K(1344K)
[2025-08-01T01:19:21.827+0000] GC(216) Pause Young (Allocation Failure) 2773M->2662M(3641M) 131.826ms
[2025-08-01T01:19:21.827+0000] GC(216) User=1.01s Sys=0.02s Real=0.13s
[2025-08-01T01:19:21.915+0000] GC(217) Pause Young (Allocation Failure)
[2025-08-01T01:19:22.111+0000] GC(217) PSYoungGen: 910368K(931840K)->434336K(931840K) Eden: 465920K(465920K)->0K(465920K) From: 444448K(465920K)->434336K(465920K)
[2025-08-01T01:19:22.111+0000] GC(217) ParOldGen: 2281523K(2796544K)->2628059K(2796544K)
[2025-08-01T01:19:22.111+0000] GC(217) Metaspace: 10058K(10240K)->10058K(10240K) NonClass: 8831K(8896K)->8831K(8896K) Class: 1226K(1344K)->1226K(1344K)
[2025-08-01T01:19:22.111+0000] GC(217) Pause Young (Allocation Failure) 3117M->2990M(3641M) 196.467ms
[2025-08-01T01:19:22.111+0000] GC(217) User=1.44s Sys=0.07s Real=0.19s
[2025-08-01T01:19:22.197+0000] GC(218) Pause Full (Ergonomics)
[2025-08-01T01:19:22.197+0000] GC(218) Marking Phase
[2025-08-01T01:19:22.261+0000] GC(218) Marking Phase 64.163ms
[2025-08-01T01:19:22.261+0000] GC(218) Summary Phase
[2025-08-01T01:19:22.261+0000] GC(218) Summary Phase 0.177ms
[2025-08-01T01:19:22.261+0000] GC(218) Adjust Roots
[2025-08-01T01:19:22.264+0000] GC(218) Adjust Roots 2.268ms
[2025-08-01T01:19:22.264+0000] GC(218) Compaction Phase
[2025-08-01T01:19:22.379+0000] GC(218) Compaction Phase 115.242ms
[2025-08-01T01:19:22.379+0000] GC(218) Post Compact
[2025-08-01T01:19:22.401+0000] GC(218) Post Compact 21.412ms
[2025-08-01T01:19:22.401+0000] GC(218) PSYoungGen: 900256K(931840K)->0K(931840K) Eden: 465920K(465920K)->0K(465920K) From: 434336K(465920K)->0K(465920K)
[2025-08-01T01:19:22.401+0000] GC(218) ParOldGen: 2628059K(2796544K)->524846K(2796544K)
[2025-08-01T01:19:22.401+0000] GC(218) Metaspace: 10058K(10240K)->10058K(10240K) NonClass: 8831K(8896K)->8831K(8896K) Class: 1226K(1344K)->1226K(1344K)
[2025-08-01T01:19:22.401+0000] GC(218) Pause Full (Ergonomics) 3445M->512M(3641M) 203.961ms
[2025-08-01T01:19:22.401+0000] GC(218) User=1.26s Sys=0.06s Real=0.20s
[2025-08-01T01:19:22.487+0000] GC(219) Pause Young (Allocation Failure)
[2025-08-01T01:19:22.606+0000] GC(219) PSYoungGen: 465920K(931840K)->465920K(931840K) Eden: 465920K(465920K)->0K(465920K) From: 0K(465920K)->465920K(465920K)
[2025-08-01T01:19:22.606+0000] GC(219) ParOldGen: 524846K(2796544K)->532502K(2796544K)
[2025-08-01T01:19:22.606+0000] GC(219) Metaspace: 10058K(10240K)->10058K(10240K) NonClass: 8831K(8896K)->8831K(8896K) Class: 1226K(1344K)->1226K(1344K)
[2025-08-01T01:19:22.606+0000] GC(219) Pause Young (Allocation Failure) 967M->975M(3641M) 118.611ms
[2025-08-01T01:19:22.606+0000] GC(219) User=0.88s Sys=0.04s Real=0.12s
[2025-08-01T01:19:22.696+0000] GC(220) Pause Young (Allocation Failure)
[2025-08-01T01:19:22.892+0000] GC(220) PSYoungGen: 931840K(931840K)->442720K(931840K) Eden: 465920K(465920K)->0K(465920K) From: 465920K(465920K)->442720K(465920K)
[2025-08-01T01:19:22.892+0000] GC(220) ParOldGen: 532502K(2796544K)->890822K(2796544K)
[2025-08-01T01:19:22.892+0000] GC(220) Metaspace: 10058K(10240K)->10058K(10240K) NonClass: 8831K(8896K)->8831K(8896K) Class: 1226K(1344K)->1226K(1344K)
[2025-08-01T01:19:22.892+0000] GC(220) Pause Young (Allocation Failure) 1430M->1302M(3641M) 196.443ms
[2025-08-01T01:19:22.892+0000] GC(220) User=1.52s Sys=0.03s Real=0.19s
[2025-08-01T01:19:22.977+0000] GC(221) Pause Young (Allocation Failure)
[2025-08-01T01:19:23.103+0000] GC(221) PSYoungGen: 908640K(931840K)->415552K(931840K) Eden: 465920K(465920K)->0K(465920K) From: 442720K(465920K)->415552K(465920K)
[2025-08-01T01:19:23.103+0000] GC(221) ParOldGen: 890822K(2796544K)->1237734K(2796544K)
[2025-08-01T01:19:23.103+0000] GC(221) Metaspace: 10058K(10240K)->10058K(10240K) NonClass: 8831K(8896K)->8831K(8896K) Class: 1226K(1344K)->1226K(1344K)
[2025-08-01T01:19:23.103+0000] GC(221) Pause Young (Allocation Failure) 1757M->1614M(3641M) 126.071ms
[2025-08-01T01:19:23.103+0000] GC(221) User=0.97s Sys=0.02s Real=0.13s
[2025-08-01T01:19:23.190+0000] GC(222) Pause Young (Allocation Failure)
[2025-08-01T01:19:23.275+0000] GC(222) PSYoungGen: 881472K(931840K)->260960K(931840K) Eden: 465920K(465920K)->0K(465920K) From: 415552K(465920K)->260960K(465920K)
[2025-08-01T01:19:23.275+0000] GC(222) ParOldGen: 1237734K(2796544K)->1420350K(2796544K)
[2025-08-01T01:19:23.275+0000] GC(222) Metaspace: 10058K(10240K)->10058K(10240K) NonClass: 8831K(8896K)->8831K(8896K) Class: 1226K(1344K)->1226K(1344K)
[2025-08-01T01:19:23.275+0000] GC(222) Pause Young (Allocation Failure) 2069M->1641M(3641M) 84.615ms
[2025-08-01T01:19:23.275+0000] GC(222) User=0.63s Sys=0.02s Real=0.09s
[2025-08-01T01:19:23.362+0000] GC(223) Pause Young (Allocation Failure)
[2025-08-01T01:19:23.486+0000] GC(223) PSYoungGen: 726880K(931840K)->465920K(931840K) Eden: 465920K(465920K)->0K(465920K) From: 260960K(465920K)->465920K(465920K)
[2025-08-01T01:19:23.486+0000] GC(223) ParOldGen: 1420350K(2796544K)->1702126K(2796544K)
[2025-08-01T01:19:23.486+0000] GC(223) Metaspace: 10058K(10240K)->10058K(10240K) NonClass: 8831K(8896K)->8831K(8896K) Class: 1226K(1344K)->1226K(1344K)
[2025-08-01T01:19:23.486+0000] GC(223) Pause Young (Allocation Failure) 2096M->2117M(3641M) 124.527ms
[2025-08-01T01:19:23.486+0000] GC(223) User=0.92s Sys=0.01s Real=0.13s
[2025-08-01T01:19:23.577+0000] GC(224) Pause Young (Allocation Failure)
[2025-08-01T01:19:23.713+0000] GC(224) PSYoungGen: 931840K(931840K)->458720K(931840K) Eden: 465920K(465920K)->0K(465920K) From: 465920K(465920K)->458720K(465920K)
[2025-08-01T01:19:23.713+0000] GC(224) ParOldGen: 1702126K(2796544K)->2069214K(2796544K)
[2025-08-01T01:19:23.713+0000] GC(224) Metaspace: 10058K(10240K)->10058K(10240K) NonClass: 8831K(8896K)->8831K(8896K) Class: 1226K(1344K)->1226K(1344K)
[2025-08-01T01:19:23.713+0000] GC(224) Pause Young (Allocation Failure) 2572M->2468M(3641M) 135.282ms
[2025-08-01T01:19:23.713+0000] GC(224) User=1.03s Sys=0.03s Real=0.13s
[2025-08-01T01:19:23.796+0000] GC(225) Pause Young (Allocation Failure)
[2025-08-01T01:19:23.926+0000] GC(225) PSYoungGen: 924640K(931840K)->363488K(931840K) Eden: 465920K(465920K)->0K(465920K) From: 458720K(465920K)->363488K(465920K)
[2025-08-01T01:19:23.926+0000] GC(225) ParOldGen: 2069214K(2796544K)->2434230K(2796544K)
[2025-08-01T01:19:23.926+0000] GC(225) Metaspace: 10058K(10240K)->10058K(10240K) NonClass: 8831K(8896K)->8831K(8896K) Class: 1226K(1344K)->1226K(1344K)
[2025-08-01T01:19:23.926+0000] GC(225) Pause Young (Allocation Failure) 2923M->2732M(3641M) 130.364ms
[2025-08-01T01:19:23.926+0000] GC(225) User=1.01s Sys=0.03s Real=0.13s
[2025-08-01T01:19:24.014+0000] GC(226) Pause Full (Ergonomics)
[2025-08-01T01:19:24.014+0000] GC(226) Marking Phase
[2025-08-01T01:19:24.048+0000] GC(226) Marking Phase 33.405ms
[2025-08-01T01:19:24.048+0000] GC(226) Summary Phase
[2025-08-01T01:19:24.048+0000] GC(226) Summary Phase 0.099ms
[2025-08-01T01:19:24.048+0000] GC(226) Adjust Roots
[2025-08-01T01:19:24.049+0000] GC(226) Adjust Roots 1.231ms
[2025-08-01T01:19:24.049+0000] GC(226) Compaction Phase
[2025-08-01T01:19:24.205+0000] GC(226) Compaction Phase 155.526ms
[2025-08-01T01:19:24.205+0000] GC(226) Post Compact
[2025-08-01T01:19:24.228+0000] GC(226) Post Compact 23.171ms
[2025-08-01T01:19:24.228+0000] GC(226) PSYoungGen: 829408K(931840K)->0K(931840K) Eden: 465920K(465920K)->0K(465920K) From: 363488K(465920K)->0K(465920K)
[2025-08-01T01:19:24.228+0000] GC(226) ParOldGen: 2434230K(2796544K)->539662K(2796544K)
[2025-08-01T01:19:24.228+0000] GC(226) Metaspace: 10058K(10240K)->10058K(10240K) NonClass: 8831K(8896K)->8831K(8896K) Class: 1226K(1344K)->1226K(1344K)
[2025-08-01T01:19:24.228+0000] GC(226) Pause Full (Ergonomics) 3187M->527M(3641M) 213.883ms
[2025-08-01T01:19:24.228+0000] GC(226) User=1.45s Sys=0.04s Real=0.21s
[2025-08-01T01:19:24.315+0000] GC(227) Pause Young (Allocation Failure)
[2025-08-01T01:19:24.426+0000] GC(227) PSYoungGen: 465920K(931840K)->465920K(931840K) Eden: 465920K(465920K)->0K(465920K) From: 0K(465920K)->465920K(465920K)
[2025-08-01T01:19:24.426+0000] GC(227) ParOldGen: 539662K(2796544K)->545262K(2796544K)
[2025-08-01T01:19:24.427+0000] GC(227) Metaspace: 10058K(10240K)->10058K(10240K) NonClass: 8831K(8896K)->8831K(8896K) Class: 1226K(1344K)->1226K(1344K)
[2025-08-01T01:19:24.427+0000] GC(227) Pause Young (Allocation Failure) 982M->987M(3641M) 111.567ms
[2025-08-01T01:19:24.427+0000] GC(227) User=0.83s Sys=0.04s Real=0.11s
[2025-08-01T01:19:24.517+0000] GC(228) Pause Young (Allocation Failure)
[2025-08-01T01:19:24.659+0000] GC(228) PSYoungGen: 931840K(931840K)->452224K(931840K) Eden: 465920K(465920K)->0K(465920K) From: 465920K(465920K)->452224K(465920K)
[2025-08-01T01:19:24.659+0000] GC(228) ParOldGen: 545262K(2796544K)->915334K(2796544K)
[2025-08-01T01:19:24.659+0000] GC(228) Metaspace: 10058K(10240K)->10058K(10240K) NonClass: 8831K(8896K)->8831K(8896K) Class: 1226K(1344K)->1226K(1344K)
[2025-08-01T01:19:24.659+0000] GC(228) Pause Young (Allocation Failure) 1442M->1335M(3641M) 142.104ms
[2025-08-01T01:19:24.659+0000] GC(228) User=1.07s Sys=0.04s Real=0.14s
[2025-08-01T01:19:24.742+0000] GC(229) Pause Young (Allocation Failure)
[2025-08-01T01:19:24.859+0000] GC(229) PSYoungGen: 918144K(931840K)->355616K(931840K) Eden: 465920K(465920K)->0K(465920K) From: 452224K(465920K)->355616K(465920K)
[2025-08-01T01:19:24.859+0000] GC(229) ParOldGen: 915334K(2796544K)->1268646K(2796544K)
[2025-08-01T01:19:24.859+0000] GC(229) Metaspace: 10058K(10240K)->10058K(10240K) NonClass: 8831K(8896K)->8831K(8896K) Class: 1226K(1344K)->1226K(1344K)
[2025-08-01T01:19:24.859+0000] GC(229) Pause Young (Allocation Failure) 1790M->1586M(3641M) 116.797ms
[2025-08-01T01:19:24.859+0000] GC(229) User=0.89s Sys=0.01s Real=0.12s
[2025-08-01T01:19:24.949+0000] GC(230) Pause Young (Allocation Failure)
[2025-08-01T01:19:25.035+0000] GC(230) PSYoungGen: 821536K(931840K)->319072K(931840K) Eden: 465920K(465920K)->0K(465920K) From: 355616K(465920K)->319072K(465920K)
[2025-08-01T01:19:25.035+0000] GC(230) ParOldGen: 1268646K(2796544K)->1403494K(2796544K)
[2025-08-01T01:19:25.035+0000] GC(230) Metaspace: 10058K(10240K)->10058K(10240K) NonClass: 8831K(8896K)->8831K(8896K) Class: 1226K(1344K)->1226K(1344K)
[2025-08-01T01:19:25.035+0000] GC(230) Pause Young (Allocation Failure) 2041M->1682M(3641M) 86.308ms
[2025-08-01T01:19:25.035+0000] GC(230) User=0.62s Sys=0.02s Real=0.09s
[2025-08-01T01:19:25.120+0000] GC(231) Pause Young (Allocation Failure)
[2025-08-01T01:19:25.269+0000] GC(231) PSYoungGen: 784992K(931840K)->465920K(931840K) Eden: 465920K(465920K)->0K(465920K) From: 319072K(465920K)->465920K(465920K)
[2025-08-01T01:19:25.269+0000] GC(231) ParOldGen: 1403494K(2796544K)->1747862K(2796544K)
[2025-08-01T01:19:25.269+0000] GC(231) Metaspace: 10058K(10240K)->10058K(10240K) NonClass: 8831K(8896K)->8831K(8896K) Class: 1226K(1344K)->1226K(1344K)
[2025-08-01T01:19:25.269+0000] GC(231) Pause Young (Allocation Failure) 2137M->2161M(3641M) 148.582ms
[2025-08-01T01:19:25.269+0000] GC(231) User=1.12s Sys=0.04s Real=0.15s
[2025-08-01T01:19:25.354+0000] GC(232) Pause Young (Allocation Failure)
[2025-08-01T01:19:25.514+0000] GC(232) PSYoungGen: 931840K(931840K)->454176K(931840K) Eden: 465920K(465920K)->0K(465920K) From: 465920K(465920K)->454176K(465920K)
[2025-08-01T01:19:25.514+0000] GC(232) ParOldGen: 1747862K(2796544K)->2116310K(2796544K)
[2025-08-01T01:19:25.514+0000] GC(232) Metaspace: 10058K(10240K)->10058K(10240K) NonClass: 8831K(8896K)->8831K(8896K) Class: 1226K(1344K)->1226K(1344K)
[2025-08-01T01:19:25.514+0000] GC(232) Pause Young (Allocation Failure) 2616M->2510M(3641M) 160.619ms
[2025-08-01T01:19:25.514+0000] GC(232) User=1.15s Sys=0.05s Real=0.16s
[2025-08-01T01:19:25.598+0000] GC(233) Pause Young (Allocation Failure)
[2025-08-01T01:19:25.753+0000] GC(233) PSYoungGen: 920096K(931840K)->465920K(931840K) Eden: 465920K(465920K)->0K(465920K) From: 454176K(465920K)->465920K(465920K)
[2025-08-01T01:19:25.753+0000] GC(233) ParOldGen: 2116310K(2796544K)->2604398K(2796544K)
[2025-08-01T01:19:25.753+0000] GC(233) Metaspace: 10058K(10240K)->10058K(10240K) NonClass: 8831K(8896K)->8831K(8896K) Class: 1226K(1344K)->1226K(1344K)
[2025-08-01T01:19:25.753+0000] GC(233) Pause Young (Allocation Failure) 2965M->2998M(3641M) 154.421ms
[2025-08-01T01:19:25.753+0000] GC(233) User=1.19s Sys=0.02s Real=0.16s
[2025-08-01T01:19:25.839+0000] GC(234) Pause Full (Ergonomics)
[2025-08-01T01:19:25.839+0000] GC(234) Marking Phase
[2025-08-01T01:19:25.890+0000] GC(234) Marking Phase 51.409ms
[2025-08-01T01:19:25.890+0000] GC(234) Summary Phase
[2025-08-01T01:19:25.890+0000] GC(234) Summary Phase 0.095ms
[2025-08-01T01:19:25.890+0000] GC(234) Adjust Roots
[2025-08-01T01:19:25.892+0000] GC(234) Adjust Roots 1.582ms
[2025-08-01T01:19:25.892+0000] GC(234) Compaction Phase
[2025-08-01T01:19:25.991+0000] GC(234) Compaction Phase 99.586ms
[2025-08-01T01:19:25.992+0000] GC(234) Post Compact
[2025-08-01T01:19:26.015+0000] GC(234) Post Compact 23.468ms
[2025-08-01T01:19:26.015+0000] GC(234) PSYoungGen: 931840K(931840K)->0K(931840K) Eden: 465920K(465920K)->0K(465920K) From: 465920K(465920K)->0K(465920K)
[2025-08-01T01:19:26.015+0000] GC(234) ParOldGen: 2604398K(2796544K)->550450K(2796544K)
[2025-08-01T01:19:26.015+0000] GC(234) Metaspace: 10058K(10240K)->10058K(10240K) NonClass: 8831K(8896K)->8831K(8896K) Class: 1226K(1344K)->1226K(1344K)
[2025-08-01T01:19:26.015+0000] GC(234) Pause Full (Ergonomics) 3453M->537M(3641M) 176.650ms
[2025-08-01T01:19:26.015+0000] GC(234) User=1.14s Sys=0.05s Real=0.18s
[2025-08-01T01:19:26.103+0000] GC(235) Pause Young (Allocation Failure)
[2025-08-01T01:19:26.226+0000] GC(235) PSYoungGen: 465920K(931840K)->465920K(931840K) Eden: 465920K(465920K)->0K(465920K) From: 0K(465920K)->465920K(465920K)
[2025-08-01T01:19:26.227+0000] GC(235) ParOldGen: 550450K(2796544K)->553242K(2796544K)
[2025-08-01T01:19:26.227+0000] GC(235) Metaspace: 10058K(10240K)->10058K(10240K) NonClass: 8831K(8896K)->8831K(8896K) Class: 1226K(1344K)->1226K(1344K)
[2025-08-01T01:19:26.227+0000] GC(235) Pause Young (Allocation Failure) 992M->995M(3641M) 123.896ms
[2025-08-01T01:19:26.227+0000] GC(235) User=0.90s Sys=0.04s Real=0.13s
[2025-08-01T01:19:26.319+0000] GC(236) Pause Young (Allocation Failure)
[2025-08-01T01:19:26.457+0000] GC(236) PSYoungGen: 931840K(931840K)->465920K(931840K) Eden: 465920K(465920K)->0K(465920K) From: 465920K(465920K)->465920K(465920K)
[2025-08-01T01:19:26.457+0000] GC(236) ParOldGen: 553242K(2796544K)->914338K(2796544K)
[2025-08-01T01:19:26.457+0000] GC(236) Metaspace: 10058K(10240K)->10058K(10240K) NonClass: 8831K(8896K)->8831K(8896K) Class: 1226K(1344K)->1226K(1344K)
[2025-08-01T01:19:26.457+0000] GC(236) Pause Young (Allocation Failure) 1450M->1347M(3641M) 137.676ms
[2025-08-01T01:19:26.457+0000] GC(236) User=1.05s Sys=0.03s Real=0.14s
[2025-08-01T01:19:26.543+0000] GC(237) Pause Young (Allocation Failure)
[2025-08-01T01:19:26.728+0000] GC(237) PSYoungGen: 931840K(931840K)->465920K(931840K) Eden: 465920K(465920K)->0K(465920K) From: 465920K(465920K)->465920K(465920K)
[2025-08-01T01:19:26.728+0000] GC(237) ParOldGen: 914338K(2796544K)->1417282K(2796544K)
[2025-08-01T01:19:26.728+0000] GC(237) Metaspace: 10058K(10240K)->10058K(10240K) NonClass: 8831K(8896K)->8831K(8896K) Class: 1226K(1344K)->1226K(1344K)
[2025-08-01T01:19:26.728+0000] GC(237) Pause Young (Allocation Failure) 1802M->1839M(3641M) 184.698ms
[2025-08-01T01:19:26.728+0000] GC(237) User=1.39s Sys=0.06s Real=0.18s
[2025-08-01T01:19:26.813+0000] GC(238) Pause Young (Allocation Failure)
[2025-08-01T01:19:26.895+0000] GC(238) PSYoungGen: 931840K(931840K)->344544K(931840K) Eden: 465920K(465920K)->0K(465920K) From: 465920K(465920K)->344544K(465920K)
[2025-08-01T01:19:26.895+0000] GC(238) ParOldGen: 1417282K(2796544K)->1534962K(2796544K)
[2025-08-01T01:19:26.895+0000] GC(238) Metaspace: 10058K(10240K)->10058K(10240K) NonClass: 8831K(8896K)->8831K(8896K) Class: 1226K(1344K)->1226K(1344K)
[2025-08-01T01:19:26.895+0000] GC(238) Pause Young (Allocation Failure) 2294M->1835M(3641M) 82.742ms
[2025-08-01T01:19:26.895+0000] GC(238) User=0.62s Sys=0.02s Real=0.09s
[2025-08-01T01:19:26.981+0000] GC(239) Pause Young (Allocation Failure)
[2025-08-01T01:19:27.114+0000] GC(239) PSYoungGen: 810464K(931840K)->465920K(931840K) Eden: 465920K(465920K)->0K(465920K) From: 344544K(465920K)->465920K(465920K)
[2025-08-01T01:19:27.114+0000] GC(239) ParOldGen: 1534962K(2796544K)->1907450K(2796544K)
[2025-08-01T01:19:27.114+0000] GC(239) Metaspace: 10058K(10240K)->10058K(10240K) NonClass: 8831K(8896K)->8831K(8896K) Class: 1226K(1344K)->1226K(1344K)
[2025-08-01T01:19:27.114+0000] GC(239) Pause Young (Allocation Failure) 2290M->2317M(3641M) 133.341ms
[2025-08-01T01:19:27.115+0000] GC(239) User=1.03s Sys=0.01s Real=0.14s
[2025-08-01T01:19:27.201+0000] GC(240) Pause Young (Allocation Failure)
[2025-08-01T01:19:27.345+0000] GC(240) PSYoungGen: 931840K(931840K)->443840K(931840K) Eden: 465920K(465920K)->0K(465920K) From: 465920K(465920K)->443840K(465920K)
[2025-08-01T01:19:27.345+0000] GC(240) ParOldGen: 1907450K(2796544K)->2281890K(2796544K)
[2025-08-01T01:19:27.345+0000] GC(240) Metaspace: 10058K(10240K)->10058K(10240K) NonClass: 8831K(8896K)->8831K(8896K) Class: 1226K(1344K)->1226K(1344K)
[2025-08-01T01:19:27.345+0000] GC(240) Pause Young (Allocation Failure) 2772M->2661M(3641M) 144.303ms
[2025-08-01T01:19:27.345+0000] GC(240) User=1.09s Sys=0.02s Real=0.15s
[2025-08-01T01:19:27.436+0000] GC(241) Pause Full (Ergonomics)
[2025-08-01T01:19:27.436+0000] GC(241) Marking Phase
[2025-08-01T01:19:27.515+0000] GC(241) Marking Phase 79.094ms
[2025-08-01T01:19:27.515+0000] GC(241) Summary Phase
[2025-08-01T01:19:27.516+0000] GC(241) Summary Phase 0.114ms
[2025-08-01T01:19:27.516+0000] GC(241) Adjust Roots
[2025-08-01T01:19:27.518+0000] GC(241) Adjust Roots 1.995ms
[2025-08-01T01:19:27.518+0000] GC(241) Compaction Phase
[2025-08-01T01:19:27.663+0000] GC(241) Compaction Phase 145.896ms
[2025-08-01T01:19:27.664+0000] GC(241) Post Compact
[2025-08-01T01:19:27.683+0000] GC(241) Post Compact 19.024ms
[2025-08-01T01:19:27.683+0000] GC(241) PSYoungGen: 909760K(931840K)->0K(931840K) Eden: 465920K(465920K)->0K(465920K) From: 443840K(465920K)->0K(465920K)
[2025-08-01T01:19:27.683+0000] GC(241) ParOldGen: 2281890K(2796544K)->1019228K(2796544K)
[2025-08-01T01:19:27.683+0000] GC(241) Metaspace: 10058K(10240K)->10058K(10240K) NonClass: 8831K(8896K)->8831K(8896K) Class: 1226K(1344K)->1226K(1344K)
[2025-08-01T01:19:27.683+0000] GC(241) Pause Full (Ergonomics) 3116M->995M(3641M) 246.554ms
[2025-08-01T01:19:27.683+0000] GC(241) User=1.70s Sys=0.03s Real=0.24s
[2025-08-01T01:19:27.770+0000] GC(242) Pause Young (Allocation Failure)
[2025-08-01T01:19:27.823+0000] GC(242) PSYoungGen: 465920K(931840K)->366176K(931840K) Eden: 465920K(465920K)->0K(465920K) From: 0K(465920K)->366176K(465920K)
[2025-08-01T01:19:27.823+0000] GC(242) ParOldGen: 1019228K(2796544K)->1019228K(2796544K)
[2025-08-01T01:19:27.823+0000] GC(242) Metaspace: 10058K(10240K)->10058K(10240K) NonClass: 8831K(8896K)->8831K(8896K) Class: 1226K(1344K)->1226K(1344K)
[2025-08-01T01:19:27.823+0000] GC(242) Pause Young (Allocation Failure) 1450M->1352M(3641M) 53.572ms
[2025-08-01T01:19:27.823+0000] GC(242) User=0.42s Sys=0.00s Real=0.06s
[2025-08-01T01:19:27.918+0000] GC(243) Pause Young (Allocation Failure)
[2025-08-01T01:19:28.124+0000] GC(243) PSYoungGen: 832096K(931840K)->465920K(931840K) Eden: 465920K(465920K)->0K(465920K) From: 366176K(465920K)->465920K(465920K)
[2025-08-01T01:19:28.124+0000] GC(243) ParOldGen: 1019228K(2796544K)->1415428K(2796544K)
[2025-08-01T01:19:28.124+0000] GC(243) Metaspace: 10058K(10240K)->10058K(10240K) NonClass: 8831K(8896K)->8831K(8896K) Class: 1226K(1344K)->1226K(1344K)
[2025-08-01T01:19:28.124+0000] GC(243) Pause Young (Allocation Failure) 1807M->1837M(3641M) 206.106ms
[2025-08-01T01:19:28.124+0000] GC(243) User=1.61s Sys=0.02s Real=0.21s
[2025-08-01T01:19:28.212+0000] GC(244) Pause Young (Allocation Failure)
[2025-08-01T01:19:28.395+0000] GC(244) PSYoungGen: 931840K(931840K)->426688K(931840K) Eden: 465920K(465920K)->0K(465920K) From: 465920K(465920K)->426688K(465920K)
[2025-08-01T01:19:28.395+0000] GC(244) ParOldGen: 1415428K(2796544K)->1788476K(2796544K)
[2025-08-01T01:19:28.395+0000] GC(244) Metaspace: 10058K(10240K)->10058K(10240K) NonClass: 8831K(8896K)->8831K(8896K) Class: 1226K(1344K)->1226K(1344K)
[2025-08-01T01:19:28.395+0000] GC(244) Pause Young (Allocation Failure) 2292M->2163M(3641M) 182.928ms
[2025-08-01T01:19:28.395+0000] GC(244) User=1.40s Sys=0.05s Real=0.19s
[2025-08-01T01:19:28.486+0000] GC(245) Pause Young (Allocation Failure)
[2025-08-01T01:19:28.614+0000] GC(245) PSYoungGen: 892608K(931840K)->367552K(931840K) Eden: 465920K(465920K)->0K(465920K) From: 426688K(465920K)->367552K(465920K)
[2025-08-01T01:19:28.614+0000] GC(245) ParOldGen: 1788476K(2796544K)->2115732K(2796544K)
[2025-08-01T01:19:28.614+0000] GC(245) Metaspace: 10058K(10240K)->10058K(10240K) NonClass: 8831K(8896K)->8831K(8896K) Class: 1226K(1344K)->1226K(1344K)
[2025-08-01T01:19:28.614+0000] GC(245) Pause Young (Allocation Failure) 2618M->2425M(3641M) 128.332ms
[2025-08-01T01:19:28.614+0000] GC(245) User=0.95s Sys=0.03s Real=0.13s
[2025-08-01T01:19:28.699+0000] GC(246) Pause Young (Allocation Failure)
[2025-08-01T01:19:28.848+0000] GC(246) PSYoungGen: 833472K(931840K)->374144K(931840K) Eden: 465920K(465920K)->0K(465920K) From: 367552K(465920K)->374144K(465920K)
[2025-08-01T01:19:28.848+0000] GC(246) ParOldGen: 2115732K(2796544K)->2240340K(2796544K)
[2025-08-01T01:19:28.848+0000] GC(246) Metaspace: 10058K(10240K)->10058K(10240K) NonClass: 8831K(8896K)->8831K(8896K) Class: 1226K(1344K)->1226K(1344K)
[2025-08-01T01:19:28.848+0000] GC(246) Pause Young (Allocation Failure) 2880M->2553M(3641M) 149.697ms
[2025-08-01T01:19:28.848+0000] GC(246) User=1.06s Sys=0.06s Real=0.15s
[2025-08-01T01:19:28.937+0000] GC(247) Pause Full (Ergonomics)
[2025-08-01T01:19:28.937+0000] GC(247) Marking Phase
[2025-08-01T01:19:29.021+0000] GC(247) Marking Phase 84.121ms
[2025-08-01T01:19:29.021+0000] GC(247) Summary Phase
[2025-08-01T01:19:29.021+0000] GC(247) Summary Phase 0.087ms
[2025-08-01T01:19:29.021+0000] GC(247) Adjust Roots
[2025-08-01T01:19:29.023+0000] GC(247) Adjust Roots 1.956ms
[2025-08-01T01:19:29.023+0000] GC(247) Compaction Phase
[2025-08-01T01:19:29.178+0000] GC(247) Compaction Phase 155.042ms
[2025-08-01T01:19:29.178+0000] GC(247) Post Compact
[2025-08-01T01:19:29.199+0000] GC(247) Post Compact 21.001ms
[2025-08-01T01:19:29.199+0000] GC(247) PSYoungGen: 840064K(931840K)->0K(931840K) Eden: 465920K(465920K)->0K(465920K) From: 374144K(465920K)->0K(465920K)
[2025-08-01T01:19:29.199+0000] GC(247) ParOldGen: 2240340K(2796544K)->1030579K(2796544K)
[2025-08-01T01:19:29.199+0000] GC(247) Metaspace: 10058K(10240K)->10058K(10240K) NonClass: 8831K(8896K)->8831K(8896K) Class: 1226K(1344K)->1226K(1344K)
[2025-08-01T01:19:29.199+0000] GC(247) Pause Full (Ergonomics) 3008M->1006M(3641M) 262.610ms
[2025-08-01T01:19:29.199+0000] GC(247) User=1.86s Sys=0.04s Real=0.26s
[2025-08-01T01:19:29.287+0000] GC(248) Pause Young (Allocation Failure)
[2025-08-01T01:19:29.397+0000] GC(248) PSYoungGen: 465920K(931840K)->404160K(931840K) Eden: 465920K(465920K)->0K(465920K) From: 0K(465920K)->404160K(465920K)
[2025-08-01T01:19:29.397+0000] GC(248) ParOldGen: 1030579K(2796544K)->1030579K(2796544K)
[2025-08-01T01:19:29.397+0000] GC(248) Metaspace: 10058K(10240K)->10058K(10240K) NonClass: 8831K(8896K)->8831K(8896K) Class: 1226K(1344K)->1226K(1344K)
[2025-08-01T01:19:29.397+0000] GC(248) Pause Young (Allocation Failure) 1461M->1401M(3641M) 110.410ms
[2025-08-01T01:19:29.397+0000] GC(248) User=0.85s Sys=0.01s Real=0.11s
[2025-08-01T01:19:29.525+0000] GC(249) Pause Young (Allocation Failure)
[2025-08-01T01:19:29.626+0000] GC(249) PSYoungGen: 870080K(931840K)->232736K(931840K) Eden: 465920K(465920K)->0K(465920K) From: 404160K(465920K)->232736K(465920K)
[2025-08-01T01:19:29.626+0000] GC(249) ParOldGen: 1030579K(2796544K)->1210147K(2796544K)
[2025-08-01T01:19:29.626+0000] GC(249) Metaspace: 10058K(10240K)->10058K(10240K) NonClass: 8831K(8896K)->8831K(8896K) Class: 1226K(1344K)->1226K(1344K)
[2025-08-01T01:19:29.626+0000] GC(249) Pause Young (Allocation Failure) 1856M->1409M(3641M) 101.549ms
[2025-08-01T01:19:29.626+0000] GC(249) User=0.76s Sys=0.03s Real=0.10s
[2025-08-01T01:19:29.721+0000] GC(250) Pause Young (Allocation Failure)
[2025-08-01T01:19:29.800+0000] GC(250) PSYoungGen: 698656K(931840K)->380736K(931840K) Eden: 465920K(465920K)->0K(465920K) From: 232736K(465920K)->380736K(465920K)
[2025-08-01T01:19:29.800+0000] GC(250) ParOldGen: 1210147K(2796544K)->1353979K(2796544K)
[2025-08-01T01:19:29.800+0000] GC(250) Metaspace: 10058K(10240K)->10058K(10240K) NonClass: 8831K(8896K)->8831K(8896K) Class: 1226K(1344K)->1226K(1344K)
[2025-08-01T01:19:29.800+0000] GC(250) Pause Young (Allocation Failure) 1864M->1694M(3641M) 78.877ms
[2025-08-01T01:19:29.800+0000] GC(250) User=0.62s Sys=0.00s Real=0.08s
[2025-08-01T01:19:29.891+0000] GC(251) Pause Young (Allocation Failure)
[2025-08-01T01:19:30.051+0000] GC(251) PSYoungGen: 846656K(931840K)->465920K(931840K) Eden: 465920K(465920K)->0K(465920K) From: 380736K(465920K)->465920K(465920K)
[2025-08-01T01:19:30.051+0000] GC(251) ParOldGen: 1353979K(2796544K)->1765923K(2796544K)
[2025-08-01T01:19:30.051+0000] GC(251) Metaspace: 10058K(10240K)->10058K(10240K) NonClass: 8831K(8896K)->8831K(8896K) Class: 1226K(1344K)->1226K(1344K)
[2025-08-01T01:19:30.051+0000] GC(251) Pause Young (Allocation Failure) 2149M->2179M(3641M) 159.466ms
[2025-08-01T01:19:30.051+0000] GC(251) User=1.21s Sys=0.03s Real=0.16s
[2025-08-01T01:19:30.139+0000] GC(252) Pause Young (Allocation Failure)
[2025-08-01T01:19:30.270+0000] GC(252) PSYoungGen: 931840K(931840K)->426720K(931840K) Eden: 465920K(465920K)->0K(465920K) From: 465920K(465920K)->426720K(465920K)
[2025-08-01T01:19:30.271+0000] GC(252) ParOldGen: 1765923K(2796544K)->2136819K(2796544K)
[2025-08-01T01:19:30.271+0000] GC(252) Metaspace: 10058K(10240K)->10058K(10240K) NonClass: 8831K(8896K)->8831K(8896K) Class: 1226K(1344K)->1226K(1344K)
[2025-08-01T01:19:30.271+0000] GC(252) Pause Young (Allocation Failure) 2634M->2503M(3641M) 131.131ms
[2025-08-01T01:19:30.271+0000] GC(252) User=1.01s Sys=0.01s Real=0.13s
[2025-08-01T01:19:30.408+0000] GC(253) Pause Young (Allocation Failure)
[2025-08-01T01:19:30.537+0000] GC(253) PSYoungGen: 892640K(931840K)->238656K(931840K) Eden: 465920K(465920K)->0K(465920K) From: 426720K(465920K)->238656K(465920K)
[2025-08-01T01:19:30.537+0000] GC(253) ParOldGen: 2136819K(2796544K)->2339131K(2796544K)
[2025-08-01T01:19:30.537+0000] GC(253) Metaspace: 10058K(10240K)->10058K(10240K) NonClass: 8831K(8896K)->8831K(8896K) Class: 1226K(1344K)->1226K(1344K)
[2025-08-01T01:19:30.537+0000] GC(253) Pause Young (Allocation Failure) 2958M->2517M(3641M) 129.369ms
[2025-08-01T01:19:30.537+0000] GC(253) User=0.93s Sys=0.04s Real=0.13s
[2025-08-01T01:19:30.633+0000] GC(254) Pause Full (Ergonomics)
[2025-08-01T01:19:30.633+0000] GC(254) Marking Phase
[2025-08-01T01:19:30.673+0000] GC(254) Marking Phase 40.513ms
[2025-08-01T01:19:30.673+0000] GC(254) Summary Phase
[2025-08-01T01:19:30.673+0000] GC(254) Summary Phase 0.086ms
[2025-08-01T01:19:30.673+0000] GC(254) Adjust Roots
[2025-08-01T01:19:30.675+0000] GC(254) Adjust Roots 1.662ms
[2025-08-01T01:19:30.675+0000] GC(254) Compaction Phase
[2025-08-01T01:19:30.780+0000] GC(254) Compaction Phase 105.122ms
[2025-08-01T01:19:30.780+0000] GC(254) Post Compact
[2025-08-01T01:19:30.806+0000] GC(254) Post Compact 26.091ms
[2025-08-01T01:19:30.806+0000] GC(254) PSYoungGen: 704576K(931840K)->0K(931840K) Eden: 465920K(465920K)->0K(465920K) From: 238656K(465920K)->0K(465920K)
[2025-08-01T01:19:30.806+0000] GC(254) ParOldGen: 2339131K(2796544K)->584441K(2796544K)
[2025-08-01T01:19:30.807+0000] GC(254) Metaspace: 10058K(10240K)->10058K(10240K) NonClass: 8831K(8896K)->8831K(8896K) Class: 1226K(1344K)->1226K(1344K)
[2025-08-01T01:19:30.807+0000] GC(254) Pause Full (Ergonomics) 2972M->570M(3641M) 174.011ms
[2025-08-01T01:19:30.807+0000] GC(254) User=1.10s Sys=0.02s Real=0.18s
[2025-08-01T01:19:30.897+0000] GC(255) Pause Young (Allocation Failure)
[2025-08-01T01:19:30.974+0000] GC(255) PSYoungGen: 465920K(931840K)->465920K(931840K) Eden: 465920K(465920K)->0K(465920K) From: 0K(465920K)->465920K(465920K)
[2025-08-01T01:19:30.974+0000] GC(255) ParOldGen: 584441K(2796544K)->590777K(2796544K)
[2025-08-01T01:19:30.974+0000] GC(255) Metaspace: 10058K(10240K)->10058K(10240K) NonClass: 8831K(8896K)->8831K(8896K) Class: 1226K(1344K)->1226K(1344K)
[2025-08-01T01:19:30.974+0000] GC(255) Pause Young (Allocation Failure) 1025M->1031M(3641M) 76.742ms
[2025-08-01T01:19:30.974+0000] GC(255) User=0.59s Sys=0.01s Real=0.08s
[2025-08-01T01:19:31.062+0000] GC(256) Pause Young (Allocation Failure)
[2025-08-01T01:19:31.194+0000] GC(256) PSYoungGen: 931840K(931840K)->419648K(931840K) Eden: 465920K(465920K)->0K(465920K) From: 465920K(465920K)->419648K(465920K)
[2025-08-01T01:19:31.194+0000] GC(256) ParOldGen: 590777K(2796544K)->964465K(2796544K)
[2025-08-01T01:19:31.194+0000] GC(256) Metaspace: 10058K(10240K)->10058K(10240K) NonClass: 8831K(8896K)->8831K(8896K) Class: 1226K(1344K)->1226K(1344K)
[2025-08-01T01:19:31.194+0000] GC(256) Pause Young (Allocation Failure) 1486M->1351M(3641M) 132.445ms
[2025-08-01T01:19:31.194+0000] GC(256) User=1.02s Sys=0.02s Real=0.14s
[2025-08-01T01:19:31.281+0000] GC(257) Pause Young (Allocation Failure)
[2025-08-01T01:19:31.424+0000] GC(257) PSYoungGen: 885568K(931840K)->362688K(931840K) Eden: 465920K(465920K)->0K(465920K) From: 419648K(465920K)->362688K(465920K)
[2025-08-01T01:19:31.424+0000] GC(257) ParOldGen: 964465K(2796544K)->1281449K(2796544K)
[2025-08-01T01:19:31.424+0000] GC(257) Metaspace: 10058K(10240K)->10058K(10240K) NonClass: 8831K(8896K)->8831K(8896K) Class: 1226K(1344K)->1226K(1344K)
[2025-08-01T01:19:31.424+0000] GC(257) Pause Young (Allocation Failure) 1806M->1605M(3641M) 142.882ms
[2025-08-01T01:19:31.424+0000] GC(257) User=1.07s Sys=0.04s Real=0.15s
[2025-08-01T01:19:31.508+0000] GC(258) Pause Young (Allocation Failure)
[2025-08-01T01:19:31.595+0000] GC(258) PSYoungGen: 828608K(931840K)->398016K(931840K) Eden: 465920K(465920K)->0K(465920K) From: 362688K(465920K)->398016K(465920K)
[2025-08-01T01:19:31.595+0000] GC(258) ParOldGen: 1281449K(2796544K)->1406105K(2796544K)
[2025-08-01T01:19:31.595+0000] GC(258) Metaspace: 10058K(10240K)->10058K(10240K) NonClass: 8831K(8896K)->8831K(8896K) Class: 1226K(1344K)->1226K(1344K)
[2025-08-01T01:19:31.595+0000] GC(258) Pause Young (Allocation Failure) 2060M->1761M(3641M) 86.702ms
[2025-08-01T01:19:31.595+0000] GC(258) User=0.68s Sys=0.01s Real=0.09s
[2025-08-01T01:19:31.680+0000] GC(259) Pause Young (Allocation Failure)
[2025-08-01T01:19:31.818+0000] GC(259) PSYoungGen: 863936K(931840K)->465920K(931840K) Eden: 465920K(465920K)->0K(465920K) From: 398016K(465920K)->465920K(465920K)
[2025-08-01T01:19:31.818+0000] GC(259) ParOldGen: 1406105K(2796544K)->1833985K(2796544K)
[2025-08-01T01:19:31.818+0000] GC(259) Metaspace: 10058K(10240K)->10058K(10240K) NonClass: 8831K(8896K)->8831K(8896K) Class: 1226K(1344K)->1226K(1344K)
[2025-08-01T01:19:31.818+0000] GC(259) Pause Young (Allocation Failure) 2216M->2246M(3641M) 138.459ms
[2025-08-01T01:19:31.818+0000] GC(259) User=1.03s Sys=0.02s Real=0.14s
[2025-08-01T01:19:31.906+0000] GC(260) Pause Young (Allocation Failure)
[2025-08-01T01:19:32.044+0000] GC(260) PSYoungGen: 931840K(931840K)->423456K(931840K) Eden: 465920K(465920K)->0K(465920K) From: 465920K(465920K)->423456K(465920K)
[2025-08-01T01:19:32.044+0000] GC(260) ParOldGen: 1833985K(2796544K)->2208153K(2796544K)
[2025-08-01T01:19:32.044+0000] GC(260) Metaspace: 10058K(10240K)->10058K(10240K) NonClass: 8831K(8896K)->8831K(8896K) Class: 1226K(1344K)->1226K(1344K)
[2025-08-01T01:19:32.044+0000] GC(260) Pause Young (Allocation Failure) 2701M->2569M(3641M) 138.600ms
[2025-08-01T01:19:32.044+0000] GC(260) User=1.05s Sys=0.03s Real=0.14s
[2025-08-01T01:19:32.134+0000] GC(261) Pause Full (Ergonomics)
[2025-08-01T01:19:32.134+0000] GC(261) Marking Phase
[2025-08-01T01:19:32.202+0000] GC(261) Marking Phase 67.886ms
[2025-08-01T01:19:32.202+0000] GC(261) Summary Phase
[2025-08-01T01:19:32.202+0000] GC(261) Summary Phase 0.110ms
[2025-08-01T01:19:32.202+0000] GC(261) Adjust Roots
[2025-08-01T01:19:32.204+0000] GC(261) Adjust Roots 1.835ms
[2025-08-01T01:19:32.204+0000] GC(261) Compaction Phase
[2025-08-01T01:19:32.352+0000] GC(261) Compaction Phase 148.195ms
[2025-08-01T01:19:32.352+0000] GC(261) Post Compact
[2025-08-01T01:19:32.372+0000] GC(261) Post Compact 20.120ms
[2025-08-01T01:19:32.372+0000] GC(261) PSYoungGen: 889376K(931840K)->0K(931840K) Eden: 465920K(465920K)->0K(465920K) From: 423456K(465920K)->0K(465920K)
[2025-08-01T01:19:32.372+0000] GC(261) ParOldGen: 2208153K(2796544K)->1060477K(2796544K)
[2025-08-01T01:19:32.372+0000] GC(261) Metaspace: 10058K(10240K)->10058K(10240K) NonClass: 8831K(8896K)->8831K(8896K) Class: 1226K(1344K)->1226K(1344K)
[2025-08-01T01:19:32.373+0000] GC(261) Pause Full (Ergonomics) 3024M->1035M(3641M) 238.598ms
[2025-08-01T01:19:32.373+0000] GC(261) User=1.70s Sys=0.00s Real=0.23s
[2025-08-01T01:19:32.458+0000] GC(262) Pause Young (Allocation Failure)
[2025-08-01T01:19:32.572+0000] GC(262) PSYoungGen: 465920K(931840K)->420576K(931840K) Eden: 465920K(465920K)->0K(465920K) From: 0K(465920K)->420576K(465920K)
[2025-08-01T01:19:32.572+0000] GC(262) ParOldGen: 1060477K(2796544K)->1060477K(2796544K)
[2025-08-01T01:19:32.572+0000] GC(262) Metaspace: 10058K(10240K)->10058K(10240K) NonClass: 8831K(8896K)->8831K(8896K) Class: 1226K(1344K)->1226K(1344K)
[2025-08-01T01:19:32.572+0000] GC(262) Pause Young (Allocation Failure) 1490M->1446M(3641M) 114.541ms
[2025-08-01T01:19:32.572+0000] GC(262) User=0.83s Sys=0.03s Real=0.11s
[2025-08-01T01:19:32.659+0000] GC(263) Pause Young (Allocation Failure)
[2025-08-01T01:19:32.854+0000] GC(263) PSYoungGen: 886496K(931840K)->465920K(931840K) Eden: 465920K(465920K)->0K(465920K) From: 420576K(465920K)->465920K(465920K)
[2025-08-01T01:19:32.854+0000] GC(263) ParOldGen: 1060477K(2796544K)->1512421K(2796544K)
[2025-08-01T01:19:32.854+0000] GC(263) Metaspace: 10058K(10240K)->10058K(10240K) NonClass: 8831K(8896K)->8831K(8896K) Class: 1226K(1344K)->1226K(1344K)
[2025-08-01T01:19:32.854+0000] GC(263) Pause Young (Allocation Failure) 1901M->1931M(3641M) 195.282ms
[2025-08-01T01:19:32.854+0000] GC(263) User=1.47s Sys=0.02s Real=0.20s
[2025-08-01T01:19:32.940+0000] GC(264) Pause Young (Allocation Failure)
[2025-08-01T01:19:33.118+0000] GC(264) PSYoungGen: 931840K(931840K)->414016K(931840K) Eden: 465920K(465920K)->0K(465920K) From: 465920K(465920K)->414016K(465920K)
[2025-08-01T01:19:33.118+0000] GC(264) ParOldGen: 1512421K(2796544K)->1870861K(2796544K)
[2025-08-01T01:19:33.118+0000] GC(264) Metaspace: 10058K(10240K)->10058K(10240K) NonClass: 8831K(8896K)->8831K(8896K) Class: 1226K(1344K)->1226K(1344K)
[2025-08-01T01:19:33.118+0000] GC(264) Pause Young (Allocation Failure) 2386M->2231M(3641M) 177.883ms
[2025-08-01T01:19:33.118+0000] GC(264) User=1.35s Sys=0.02s Real=0.18s
[2025-08-01T01:19:33.204+0000] GC(265) Pause Young (Allocation Failure)
[2025-08-01T01:19:33.320+0000] GC(265) PSYoungGen: 879936K(931840K)->406176K(931840K) Eden: 465920K(465920K)->0K(465920K) From: 414016K(465920K)->406176K(465920K)
[2025-08-01T01:19:33.321+0000] GC(265) ParOldGen: 1870861K(2796544K)->2182325K(2796544K)
[2025-08-01T01:19:33.321+0000] GC(265) Metaspace: 10058K(10240K)->10058K(10240K) NonClass: 8831K(8896K)->8831K(8896K) Class: 1226K(1344K)->1226K(1344K)
[2025-08-01T01:19:33.321+0000] GC(265) Pause Young (Allocation Failure) 2686M->2527M(3641M) 116.697ms
[2025-08-01T01:19:33.321+0000] GC(265) User=0.91s Sys=0.01s Real=0.11s
[2025-08-01T01:19:33.407+0000] GC(266) Pause Young (Allocation Failure)
[2025-08-01T01:19:33.514+0000] GC(266) PSYoungGen: 872096K(931840K)->372864K(931840K) Eden: 465920K(465920K)->0K(465920K) From: 406176K(465920K)->372864K(465920K)
[2025-08-01T01:19:33.514+0000] GC(266) ParOldGen: 2182325K(2796544K)->2354741K(2796544K)
[2025-08-01T01:19:33.514+0000] GC(266) Metaspace: 10058K(10240K)->10058K(10240K) NonClass: 8831K(8896K)->8831K(8896K) Class: 1226K(1344K)->1226K(1344K)
[2025-08-01T01:19:33.514+0000] GC(266) Pause Young (Allocation Failure) 2982M->2663M(3641M) 107.303ms
[2025-08-01T01:19:33.514+0000] GC(266) User=0.80s Sys=0.04s Real=0.11s
[2025-08-01T01:19:33.602+0000] GC(267) Pause Full (Ergonomics)
[2025-08-01T01:19:33.603+0000] GC(267) Marking Phase
[2025-08-01T01:19:33.669+0000] GC(267) Marking Phase 66.289ms
[2025-08-01T01:19:33.669+0000] GC(267) Summary Phase
[2025-08-01T01:19:33.669+0000] GC(267) Summary Phase 0.103ms
[2025-08-01T01:19:33.669+0000] GC(267) Adjust Roots
[2025-08-01T01:19:33.672+0000] GC(267) Adjust Roots 2.768ms
[2025-08-01T01:19:33.672+0000] GC(267) Compaction Phase
[2025-08-01T01:19:33.824+0000] GC(267) Compaction Phase 151.816ms
[2025-08-01T01:19:33.824+0000] GC(267) Post Compact
[2025-08-01T01:19:33.845+0000] GC(267) Post Compact 21.014ms
[2025-08-01T01:19:33.845+0000] GC(267) PSYoungGen: 838784K(931840K)->0K(931840K) Eden: 465920K(465920K)->0K(465920K) From: 372864K(465920K)->0K(465920K)
[2025-08-01T01:19:33.845+0000] GC(267) ParOldGen: 2354741K(2796544K)->1077884K(2796544K)
[2025-08-01T01:19:33.845+0000] GC(267) Metaspace: 10058K(10240K)->10058K(10240K) NonClass: 8831K(8896K)->8831K(8896K) Class: 1226K(1344K)->1226K(1344K)
[2025-08-01T01:19:33.845+0000] GC(267) Pause Full (Ergonomics) 3118M->1052M(3641M) 242.419ms
[2025-08-01T01:19:33.845+0000] GC(267) User=1.72s Sys=0.01s Real=0.25s
[2025-08-01T01:19:33.929+0000] GC(268) Pause Young (Allocation Failure)
[2025-08-01T01:19:34.020+0000] GC(268) PSYoungGen: 465920K(931840K)->449760K(931840K) Eden: 465920K(465920K)->0K(465920K) From: 0K(465920K)->449760K(465920K)
[2025-08-01T01:19:34.020+0000] GC(268) ParOldGen: 1077884K(2796544K)->1077884K(2796544K)
[2025-08-01T01:19:34.020+0000] GC(268) Metaspace: 10058K(10240K)->10058K(10240K) NonClass: 8831K(8896K)->8831K(8896K) Class: 1226K(1344K)->1226K(1344K)
[2025-08-01T01:19:34.020+0000] GC(268) Pause Young (Allocation Failure) 1507M->1491M(3641M) 91.395ms
[2025-08-01T01:19:34.020+0000] GC(268) User=0.65s Sys=0.04s Real=0.09s
[2025-08-01T01:19:34.108+0000] GC(269) Pause Young (Allocation Failure)
[2025-08-01T01:19:34.301+0000] GC(269) PSYoungGen: 915680K(931840K)->411744K(931840K) Eden: 465920K(465920K)->0K(465920K) From: 449760K(465920K)->411744K(465920K)
[2025-08-01T01:19:34.302+0000] GC(269) ParOldGen: 1077884K(2796544K)->1418684K(2796544K)
[2025-08-01T01:19:34.302+0000] GC(269) Metaspace: 10058K(10240K)->10058K(10240K) NonClass: 8831K(8896K)->8831K(8896K) Class: 1226K(1344K)->1226K(1344K)
[2025-08-01T01:19:34.302+0000] GC(269) Pause Young (Allocation Failure) 1946M->1787M(3641M) 193.842ms
[2025-08-01T01:19:34.302+0000] GC(269) User=1.49s Sys=0.04s Real=0.19s
[2025-08-01T01:19:34.389+0000] GC(270) Pause Young (Allocation Failure)
[2025-08-01T01:19:34.496+0000] GC(270) PSYoungGen: 877664K(931840K)->337056K(931840K) Eden: 465920K(465920K)->0K(465920K) From: 411744K(465920K)->337056K(465920K)
[2025-08-01T01:19:34.496+0000] GC(270) ParOldGen: 1418684K(2796544K)->1613756K(2796544K)
[2025-08-01T01:19:34.496+0000] GC(270) Metaspace: 10058K(10240K)->10058K(10240K) NonClass: 8831K(8896K)->8831K(8896K) Class: 1226K(1344K)->1226K(1344K)
[2025-08-01T01:19:34.496+0000] GC(270) Pause Young (Allocation Failure) 2242M->1905M(3641M) 107.253ms
[2025-08-01T01:19:34.496+0000] GC(270) User=0.79s Sys=0.03s Real=0.11s
[2025-08-01T01:19:34.584+0000] GC(271) Pause Young (Allocation Failure)
[2025-08-01T01:19:34.714+0000] GC(271) PSYoungGen: 802976K(931840K)->465920K(931840K) Eden: 465920K(465920K)->0K(465920K) From: 337056K(465920K)->465920K(465920K)
[2025-08-01T01:19:34.715+0000] GC(271) ParOldGen: 1613756K(2796544K)->1977564K(2796544K)
[2025-08-01T01:19:34.715+0000] GC(271) Metaspace: 10058K(10240K)->10058K(10240K) NonClass: 8831K(8896K)->8831K(8896K) Class: 1226K(1344K)->1226K(1344K)
[2025-08-01T01:19:34.715+0000] GC(271) Pause Young (Allocation Failure) 2360M->2386M(3641M) 130.832ms
[2025-08-01T01:19:34.715+0000] GC(271) User=1.03s Sys=0.01s Real=0.13s
[2025-08-01T01:19:34.798+0000] GC(272) Pause Young (Allocation Failure)
[2025-08-01T01:19:34.931+0000] GC(272) PSYoungGen: 931840K(931840K)->462848K(931840K) Eden: 465920K(465920K)->0K(465920K) From: 465920K(465920K)->462848K(465920K)
[2025-08-01T01:19:34.931+0000] GC(272) ParOldGen: 1977564K(2796544K)->2337612K(2796544K)
[2025-08-01T01:19:34.931+0000] GC(272) Metaspace: 10058K(10240K)->10058K(10240K) NonClass: 8831K(8896K)->8831K(8896K) Class: 1226K(1344K)->1226K(1344K)
[2025-08-01T01:19:34.931+0000] GC(272) Pause Young (Allocation Failure) 2841M->2734M(3641M) 132.349ms
[2025-08-01T01:19:34.931+0000] GC(272) User=1.00s Sys=0.01s Real=0.13s
[2025-08-01T01:19:35.015+0000] GC(273) Pause Full (Ergonomics)
[2025-08-01T01:19:35.015+0000] GC(273) Marking Phase
[2025-08-01T01:19:35.101+0000] GC(273) Marking Phase 85.739ms
[2025-08-01T01:19:35.101+0000] GC(273) Summary Phase
[2025-08-01T01:19:35.101+0000] GC(273) Summary Phase 0.201ms
[2025-08-01T01:19:35.101+0000] GC(273) Adjust Roots
[2025-08-01T01:19:35.103+0000] GC(273) Adjust Roots 1.438ms
[2025-08-01T01:19:35.103+0000] GC(273) Compaction Phase
[2025-08-01T01:19:35.270+0000] GC(273) Compaction Phase 167.659ms
[2025-08-01T01:19:35.271+0000] GC(273) Post Compact
[2025-08-01T01:19:35.292+0000] GC(273) Post Compact 21.529ms
[2025-08-01T01:19:35.292+0000] GC(273) PSYoungGen: 928768K(931840K)->0K(931840K) Eden: 465920K(465920K)->0K(465920K) From: 462848K(465920K)->0K(465920K)
[2025-08-01T01:19:35.292+0000] GC(273) ParOldGen: 2337612K(2796544K)->1086168K(2796544K)
[2025-08-01T01:19:35.292+0000] GC(273) Metaspace: 10058K(10240K)->10058K(10240K) NonClass: 8831K(8896K)->8831K(8896K) Class: 1226K(1344K)->1226K(1344K)
[2025-08-01T01:19:35.292+0000] GC(273) Pause Full (Ergonomics) 3189M->1060M(3641M) 277.082ms
[2025-08-01T01:19:35.292+0000] GC(273) User=1.96s Sys=0.04s Real=0.27s
[2025-08-01T01:19:35.379+0000] GC(274) Pause Young (Allocation Failure)
[2025-08-01T01:19:35.482+0000] GC(274) PSYoungGen: 465920K(931840K)->339872K(931840K) Eden: 465920K(465920K)->0K(465920K) From: 0K(465920K)->339872K(465920K)
[2025-08-01T01:19:35.482+0000] GC(274) ParOldGen: 1086168K(2796544K)->1086168K(2796544K)
[2025-08-01T01:19:35.482+0000] GC(274) Metaspace: 10058K(10240K)->10058K(10240K) NonClass: 8831K(8896K)->8831K(8896K) Class: 1226K(1344K)->1226K(1344K)
[2025-08-01T01:19:35.482+0000] GC(274) Pause Young (Allocation Failure) 1515M->1392M(3641M) 103.663ms
[2025-08-01T01:19:35.482+0000] GC(274) User=0.75s Sys=0.04s Real=0.10s
[2025-08-01T01:19:35.572+0000] GC(275) Pause Young (Allocation Failure)
[2025-08-01T01:19:35.717+0000] GC(275) PSYoungGen: 805792K(931840K)->465920K(931840K) Eden: 465920K(465920K)->0K(465920K) From: 339872K(465920K)->465920K(465920K)
[2025-08-01T01:19:35.717+0000] GC(275) ParOldGen: 1086168K(2796544K)->1454936K(2796544K)
[2025-08-01T01:19:35.717+0000] GC(275) Metaspace: 10058K(10240K)->10058K(10240K) NonClass: 8831K(8896K)->8831K(8896K) Class: 1226K(1344K)->1226K(1344K)
[2025-08-01T01:19:35.717+0000] GC(275) Pause Young (Allocation Failure) 1847M->1875M(3641M) 145.439ms
[2025-08-01T01:19:35.717+0000] GC(275) User=1.11s Sys=0.03s Real=0.15s
[2025-08-01T01:19:35.800+0000] GC(276) Pause Young (Allocation Failure)
[2025-08-01T01:19:35.964+0000] GC(276) PSYoungGen: 931840K(931840K)->465920K(931840K) Eden: 465920K(465920K)->0K(465920K) From: 465920K(465920K)->465920K(465920K)
[2025-08-01T01:19:35.965+0000] GC(276) ParOldGen: 1454936K(2796544K)->1814856K(2796544K)
[2025-08-01T01:19:35.965+0000] GC(276) Metaspace: 10058K(10240K)->10058K(10240K) NonClass: 8831K(8896K)->8831K(8896K) Class: 1226K(1344K)->1226K(1344K)
[2025-08-01T01:19:35.965+0000] GC(276) Pause Young (Allocation Failure) 2330M->2227M(3641M) 164.201ms
[2025-08-01T01:19:35.965+0000] GC(276) User=1.13s Sys=0.08s Real=0.17s
[2025-08-01T01:19:36.050+0000] GC(277) Pause Young (Allocation Failure)
[2025-08-01T01:19:36.215+0000] GC(277) PSYoungGen: 931840K(931840K)->410592K(931840K) Eden: 465920K(465920K)->0K(465920K) From: 465920K(465920K)->410592K(465920K)
[2025-08-01T01:19:36.215+0000] GC(277) ParOldGen: 1814856K(2796544K)->2174032K(2796544K)
[2025-08-01T01:19:36.215+0000] GC(277) Metaspace: 10058K(10240K)->10058K(10240K) NonClass: 8831K(8896K)->8831K(8896K) Class: 1226K(1344K)->1226K(1344K)
[2025-08-01T01:19:36.215+0000] GC(277) Pause Young (Allocation Failure) 2682M->2524M(3641M) 164.638ms
[2025-08-01T01:19:36.215+0000] GC(277) User=1.26s Sys=0.02s Real=0.17s
[2025-08-01T01:19:36.300+0000] GC(278) Pause Young (Allocation Failure)
[2025-08-01T01:19:36.390+0000] GC(278) PSYoungGen: 876512K(931840K)->342528K(931840K) Eden: 465920K(465920K)->0K(465920K) From: 410592K(465920K)->342528K(465920K)
[2025-08-01T01:19:36.390+0000] GC(278) ParOldGen: 2174032K(2796544K)->2377208K(2796544K)
[2025-08-01T01:19:36.390+0000] GC(278) Metaspace: 10058K(10240K)->10058K(10240K) NonClass: 8831K(8896K)->8831K(8896K) Class: 1226K(1344K)->1226K(1344K)
[2025-08-01T01:19:36.390+0000] GC(278) Pause Young (Allocation Failure) 2979M->2655M(3641M) 89.313ms
[2025-08-01T01:19:36.390+0000] GC(278) User=0.68s Sys=0.02s Real=0.09s
[2025-08-01T01:19:36.475+0000] GC(279) Pause Full (Ergonomics)
[2025-08-01T01:19:36.475+0000] GC(279) Marking Phase
[2025-08-01T01:19:36.559+0000] GC(279) Marking Phase 83.438ms
[2025-08-01T01:19:36.559+0000] GC(279) Summary Phase
[2025-08-01T01:19:36.559+0000] GC(279) Summary Phase 0.132ms
[2025-08-01T01:19:36.559+0000] GC(279) Adjust Roots
[2025-08-01T01:19:36.561+0000] GC(279) Adjust Roots 1.624ms
[2025-08-01T01:19:36.561+0000] GC(279) Compaction Phase
[2025-08-01T01:19:36.729+0000] GC(279) Compaction Phase 168.621ms
[2025-08-01T01:19:36.729+0000] GC(279) Post Compact
[2025-08-01T01:19:36.751+0000] GC(279) Post Compact 21.826ms
[2025-08-01T01:19:36.751+0000] GC(279) PSYoungGen: 808448K(931840K)->0K(931840K) Eden: 465920K(465920K)->0K(465920K) From: 342528K(465920K)->0K(465920K)
[2025-08-01T01:19:36.751+0000] GC(279) ParOldGen: 2377208K(2796544K)->1097031K(2796544K)
[2025-08-01T01:19:36.751+0000] GC(279) Metaspace: 10058K(10240K)->10058K(10240K) NonClass: 8831K(8896K)->8831K(8896K) Class: 1226K(1344K)->1226K(1344K)
[2025-08-01T01:19:36.751+0000] GC(279) Pause Full (Ergonomics) 3110M->1071M(3641M) 276.041ms
[2025-08-01T01:19:36.751+0000] GC(279) User=1.96s Sys=0.01s Real=0.27s
[2025-08-01T01:19:36.837+0000] GC(280) Pause Young (Allocation Failure)
[2025-08-01T01:19:36.916+0000] GC(280) PSYoungGen: 465920K(931840K)->456672K(931840K) Eden: 465920K(465920K)->0K(465920K) From: 0K(465920K)->456672K(465920K)
[2025-08-01T01:19:36.916+0000] GC(280) ParOldGen: 1097031K(2796544K)->1097031K(2796544K)
[2025-08-01T01:19:36.916+0000] GC(280) Metaspace: 10058K(10240K)->10058K(10240K) NonClass: 8831K(8896K)->8831K(8896K) Class: 1226K(1344K)->1226K(1344K)
[2025-08-01T01:19:36.916+0000] GC(280) Pause Young (Allocation Failure) 1526M->1517M(3641M) 78.807ms
[2025-08-01T01:19:36.916+0000] GC(280) User=0.61s Sys=0.02s Real=0.08s
[2025-08-01T01:19:37.005+0000] GC(281) Pause Young (Allocation Failure)
[2025-08-01T01:19:37.130+0000] GC(281) PSYoungGen: 922592K(931840K)->439488K(931840K) Eden: 465920K(465920K)->0K(465920K) From: 456672K(465920K)->439488K(465920K)
[2025-08-01T01:19:37.130+0000] GC(281) ParOldGen: 1097031K(2796544K)->1458775K(2796544K)
[2025-08-01T01:19:37.130+0000] GC(281) Metaspace: 10058K(10240K)->10058K(10240K) NonClass: 8831K(8896K)->8831K(8896K) Class: 1226K(1344K)->1226K(1344K)
[2025-08-01T01:19:37.130+0000] GC(281) Pause Young (Allocation Failure) 1972M->1853M(3641M) 125.398ms
[2025-08-01T01:19:37.130+0000] GC(281) User=0.96s Sys=0.01s Real=0.12s
[2025-08-01T01:19:37.218+0000] GC(282) Pause Young (Allocation Failure)
[2025-08-01T01:19:37.408+0000] GC(282) PSYoungGen: 905408K(931840K)->453280K(931840K) Eden: 465920K(465920K)->0K(465920K) From: 439488K(465920K)->453280K(465920K)
[2025-08-01T01:19:37.408+0000] GC(282) ParOldGen: 1458775K(2796544K)->1798279K(2796544K)
[2025-08-01T01:19:37.408+0000] GC(282) Metaspace: 10058K(10240K)->10058K(10240K) NonClass: 8831K(8896K)->8831K(8896K) Class: 1226K(1344K)->1226K(1344K)
[2025-08-01T01:19:37.409+0000] GC(282) Pause Young (Allocation Failure) 2308M->2198M(3641M) 190.345ms
[2025-08-01T01:19:37.409+0000] GC(282) User=1.45s Sys=0.04s Real=0.19s
[2025-08-01T01:19:37.496+0000] GC(283) Pause Young (Allocation Failure)
[2025-08-01T01:19:37.625+0000] GC(283) PSYoungGen: 919200K(931840K)->465920K(931840K) Eden: 465920K(465920K)->0K(465920K) From: 453280K(465920K)->465920K(465920K)
[2025-08-01T01:19:37.625+0000] GC(283) ParOldGen: 1798279K(2796544K)->2159119K(2796544K)
[2025-08-01T01:19:37.625+0000] GC(283) Metaspace: 10058K(10240K)->10058K(10240K) NonClass: 8831K(8896K)->8831K(8896K) Class: 1226K(1344K)->1226K(1344K)
[2025-08-01T01:19:37.625+0000] GC(283) Pause Young (Allocation Failure) 2653M->2563M(3641M) 129.280ms
[2025-08-01T01:19:37.626+0000] GC(283) User=1.02s Sys=0.00s Real=0.13s
[2025-08-01T01:19:37.711+0000] GC(284) Pause Young (Allocation Failure)
[2025-08-01T01:19:37.852+0000] GC(284) PSYoungGen: 931840K(931840K)->465920K(931840K) Eden: 465920K(465920K)->0K(465920K) From: 465920K(465920K)->465920K(465920K)
[2025-08-01T01:19:37.853+0000] GC(284) ParOldGen: 2159119K(2796544K)->2541783K(2796544K)
[2025-08-01T01:19:37.853+0000] GC(284) Metaspace: 10058K(10240K)->10058K(10240K) NonClass: 8831K(8896K)->8831K(8896K) Class: 1226K(1344K)->1226K(1344K)
[2025-08-01T01:19:37.853+0000] GC(284) Pause Young (Allocation Failure) 3018M->2937M(3641M) 141.675ms
[2025-08-01T01:19:37.853+0000] GC(284) User=1.09s Sys=0.03s Real=0.14s
[2025-08-01T01:19:37.939+0000] GC(285) Pause Full (Ergonomics)
[2025-08-01T01:19:37.939+0000] GC(285) Marking Phase
[2025-08-01T01:19:38.018+0000] GC(285) Marking Phase 79.506ms
[2025-08-01T01:19:38.019+0000] GC(285) Summary Phase
[2025-08-01T01:19:38.019+0000] GC(285) Summary Phase 0.165ms
[2025-08-01T01:19:38.019+0000] GC(285) Adjust Roots
[2025-08-01T01:19:38.021+0000] GC(285) Adjust Roots 2.384ms
[2025-08-01T01:19:38.021+0000] GC(285) Compaction Phase
[2025-08-01T01:19:38.183+0000] GC(285) Compaction Phase 162.120ms
[2025-08-01T01:19:38.183+0000] GC(285) Post Compact
[2025-08-01T01:19:38.206+0000] GC(285) Post Compact 22.533ms
[2025-08-01T01:19:38.206+0000] GC(285) PSYoungGen: 931840K(931840K)->0K(931840K) Eden: 465920K(465920K)->0K(465920K) From: 465920K(465920K)->0K(465920K)
[2025-08-01T01:19:38.206+0000] GC(285) ParOldGen: 2541783K(2796544K)->1113559K(2796544K)
[2025-08-01T01:19:38.206+0000] GC(285) Metaspace: 10058K(10240K)->10058K(10240K) NonClass: 8831K(8896K)->8831K(8896K) Class: 1226K(1344K)->1226K(1344K)
[2025-08-01T01:19:38.206+0000] GC(285) Pause Full (Ergonomics) 3392M->1087M(3641M) 267.172ms
[2025-08-01T01:19:38.206+0000] GC(285) User=1.83s Sys=0.01s Real=0.27s
[2025-08-01T01:19:38.290+0000] GC(286) Pause Young (Allocation Failure)
[2025-08-01T01:19:38.436+0000] GC(286) PSYoungGen: 465920K(931840K)->465920K(931840K) Eden: 465920K(465920K)->0K(465920K) From: 0K(465920K)->465920K(465920K)
[2025-08-01T01:19:38.436+0000] GC(286) ParOldGen: 1113559K(2796544K)->1113607K(2796544K)
[2025-08-01T01:19:38.436+0000] GC(286) Metaspace: 10058K(10240K)->10058K(10240K) NonClass: 8831K(8896K)->8831K(8896K) Class: 1226K(1344K)->1226K(1344K)
[2025-08-01T01:19:38.437+0000] GC(286) Pause Young (Allocation Failure) 1542M->1542M(3641M) 146.112ms
[2025-08-01T01:19:38.437+0000] GC(286) User=0.98s Sys=0.12s Real=0.15s
[2025-08-01T01:19:38.523+0000] GC(287) Pause Young (Allocation Failure)
[2025-08-01T01:19:38.652+0000] GC(287) PSYoungGen: 931840K(931840K)->456192K(931840K) Eden: 465920K(465920K)->0K(465920K) From: 465920K(465920K)->456192K(465920K)
[2025-08-01T01:19:38.652+0000] GC(287) ParOldGen: 1113607K(2796544K)->1485127K(2796544K)
[2025-08-01T01:19:38.652+0000] GC(287) Metaspace: 10058K(10240K)->10058K(10240K) NonClass: 8831K(8896K)->8831K(8896K) Class: 1226K(1344K)->1226K(1344K)
[2025-08-01T01:19:38.652+0000] GC(287) Pause Young (Allocation Failure) 1997M->1895M(3641M) 129.284ms
[2025-08-01T01:19:38.652+0000] GC(287) User=1.01s Sys=0.01s Real=0.12s
[2025-08-01T01:19:38.740+0000] GC(288) Pause Young (Allocation Failure)
[2025-08-01T01:19:38.902+0000] GC(288) PSYoungGen: 922112K(931840K)->453696K(931840K) Eden: 465920K(465920K)->0K(465920K) From: 456192K(465920K)->453696K(465920K)
[2025-08-01T01:19:38.903+0000] GC(288) ParOldGen: 1485127K(2796544K)->1857983K(2796544K)
[2025-08-01T01:19:38.903+0000] GC(288) Metaspace: 10058K(10240K)->10058K(10240K) NonClass: 8831K(8896K)->8831K(8896K) Class: 1226K(1344K)->1226K(1344K)
[2025-08-01T01:19:38.903+0000] GC(288) Pause Young (Allocation Failure) 2350M->2257M(3641M) 162.775ms
[2025-08-01T01:19:38.903+0000] GC(288) User=1.25s Sys=0.02s Real=0.16s
[2025-08-01T01:19:38.993+0000] GC(289) Pause Young (Allocation Failure)
[2025-08-01T01:19:39.152+0000] GC(289) PSYoungGen: 919616K(931840K)->333056K(931840K) Eden: 465920K(465920K)->0K(465920K) From: 453696K(465920K)->333056K(465920K)
[2025-08-01T01:19:39.152+0000] GC(289) ParOldGen: 1857983K(2796544K)->2100087K(2796544K)
[2025-08-01T01:19:39.152+0000] GC(289) Metaspace: 10058K(10240K)->10058K(10240K) NonClass: 8831K(8896K)->8831K(8896K) Class: 1226K(1344K)->1226K(1344K)
[2025-08-01T01:19:39.152+0000] GC(289) Pause Young (Allocation Failure) 2712M->2376M(3641M) 158.787ms
[2025-08-01T01:19:39.152+0000] GC(289) User=1.12s Sys=0.07s Real=0.15s
[2025-08-01T01:19:39.245+0000] GC(290) Pause Young (Allocation Failure)
[2025-08-01T01:19:39.392+0000] GC(290) PSYoungGen: 798976K(931840K)->373472K(931840K) Eden: 465920K(465920K)->0K(465920K) From: 333056K(465920K)->373472K(465920K)
[2025-08-01T01:19:39.392+0000] GC(290) ParOldGen: 2100087K(2796544K)->2302487K(2796544K)
[2025-08-01T01:19:39.392+0000] GC(290) Metaspace: 10058K(10240K)->10058K(10240K) NonClass: 8831K(8896K)->8831K(8896K) Class: 1226K(1344K)->1226K(1344K)
[2025-08-01T01:19:39.392+0000] GC(290) Pause Young (Allocation Failure) 2831M->2613M(3641M) 147.071ms
[2025-08-01T01:19:39.392+0000] GC(290) User=1.12s Sys=0.01s Real=0.14s
[2025-08-01T01:19:39.482+0000] GC(291) Pause Full (Ergonomics)
[2025-08-01T01:19:39.482+0000] GC(291) Marking Phase
[2025-08-01T01:19:39.551+0000] GC(291) Marking Phase 68.625ms
[2025-08-01T01:19:39.551+0000] GC(291) Summary Phase
[2025-08-01T01:19:39.551+0000] GC(291) Summary Phase 0.098ms
[2025-08-01T01:19:39.551+0000] GC(291) Adjust Roots
[2025-08-01T01:19:39.552+0000] GC(291) Adjust Roots 1.526ms
[2025-08-01T01:19:39.553+0000] GC(291) Compaction Phase
[2025-08-01T01:19:39.712+0000] GC(291) Compaction Phase 159.293ms
[2025-08-01T01:19:39.712+0000] GC(291) Post Compact
[2025-08-01T01:19:39.732+0000] GC(291) Post Compact 20.007ms
[2025-08-01T01:19:39.732+0000] GC(291) PSYoungGen: 839392K(931840K)->0K(931840K) Eden: 465920K(465920K)->0K(465920K) From: 373472K(465920K)->0K(465920K)
[2025-08-01T01:19:39.732+0000] GC(291) ParOldGen: 2302487K(2796544K)->1124430K(2796544K)
[2025-08-01T01:19:39.732+0000] GC(291) Metaspace: 10058K(10240K)->10058K(10240K) NonClass: 8831K(8896K)->8831K(8896K) Class: 1226K(1344K)->1226K(1344K)
[2025-08-01T01:19:39.732+0000] GC(291) Pause Full (Ergonomics) 3068M->1098M(3641M) 250.083ms
[2025-08-01T01:19:39.732+0000] GC(291) User=1.80s Sys=0.00s Real=0.25s
[2025-08-01T01:19:39.819+0000] GC(292) Pause Young (Allocation Failure)
[2025-08-01T01:19:39.904+0000] GC(292) PSYoungGen: 465920K(931840K)->440320K(931840K) Eden: 465920K(465920K)->0K(465920K) From: 0K(465920K)->440320K(465920K)
[2025-08-01T01:19:39.904+0000] GC(292) ParOldGen: 1124430K(2796544K)->1124430K(2796544K)
[2025-08-01T01:19:39.904+0000] GC(292) Metaspace: 10058K(10240K)->10058K(10240K) NonClass: 8831K(8896K)->8831K(8896K) Class: 1226K(1344K)->1226K(1344K)
[2025-08-01T01:19:39.904+0000] GC(292) Pause Young (Allocation Failure) 1553M->1528M(3641M) 84.188ms
[2025-08-01T01:19:39.904+0000] GC(292) User=0.65s Sys=0.01s Real=0.09s
[2025-08-01T01:19:40.035+0000] GC(293) Pause Young (Allocation Failure)
[2025-08-01T01:19:40.226+0000] GC(293) PSYoungGen: 906240K(931840K)->350592K(931840K) Eden: 465920K(465920K)->0K(465920K) From: 440320K(465920K)->350592K(465920K)
[2025-08-01T01:19:40.226+0000] GC(293) ParOldGen: 1124430K(2796544K)->1348174K(2796544K)
[2025-08-01T01:19:40.226+0000] GC(293) Metaspace: 10058K(10240K)->10058K(10240K) NonClass: 8831K(8896K)->8831K(8896K) Class: 1226K(1344K)->1226K(1344K)
[2025-08-01T01:19:40.226+0000] GC(293) Pause Young (Allocation Failure) 1983M->1658M(3641M) 190.590ms
[2025-08-01T01:19:40.226+0000] GC(293) User=1.31s Sys=0.09s Real=0.19s
[2025-08-01T01:19:40.321+0000] GC(294) Pause Young (Allocation Failure)
[2025-08-01T01:19:40.407+0000] GC(294) PSYoungGen: 816512K(931840K)->378528K(931840K) Eden: 465920K(465920K)->0K(465920K) From: 350592K(465920K)->378528K(465920K)
[2025-08-01T01:19:40.407+0000] GC(294) ParOldGen: 1348174K(2796544K)->1562782K(2796544K)
[2025-08-01T01:19:40.407+0000] GC(294) Metaspace: 10058K(10240K)->10058K(10240K) NonClass: 8831K(8896K)->8831K(8896K) Class: 1226K(1344K)->1226K(1344K)
[2025-08-01T01:19:40.407+0000] GC(294) Pause Young (Allocation Failure) 2113M->1895M(3641M) 85.655ms
[2025-08-01T01:19:40.407+0000] GC(294) User=0.66s Sys=0.00s Real=0.09s
[2025-08-01T01:19:40.495+0000] GC(295) Pause Young (Allocation Failure)
[2025-08-01T01:19:40.666+0000] GC(295) PSYoungGen: 844448K(931840K)->465920K(931840K) Eden: 465920K(465920K)->0K(465920K) From: 378528K(465920K)->465920K(465920K)
[2025-08-01T01:19:40.667+0000] GC(295) ParOldGen: 1562782K(2796544K)->1969326K(2796544K)
[2025-08-01T01:19:40.667+0000] GC(295) Metaspace: 10058K(10240K)->10058K(10240K) NonClass: 8831K(8896K)->8831K(8896K) Class: 1226K(1344K)->1226K(1344K)
[2025-08-01T01:19:40.667+0000] GC(295) Pause Young (Allocation Failure) 2350M->2378M(3641M) 171.542ms
[2025-08-01T01:19:40.667+0000] GC(295) User=1.32s Sys=0.02s Real=0.17s
[2025-08-01T01:19:40.756+0000] GC(296) Pause Young (Allocation Failure)
[2025-08-01T01:19:40.888+0000] GC(296) PSYoungGen: 931840K(931840K)->441856K(931840K) Eden: 465920K(465920K)->0K(465920K) From: 465920K(465920K)->441856K(465920K)
[2025-08-01T01:19:40.888+0000] GC(296) ParOldGen: 1969326K(2796544K)->2324526K(2796544K)
[2025-08-01T01:19:40.888+0000] GC(296) Metaspace: 10058K(10240K)->10058K(10240K) NonClass: 8831K(8896K)->8831K(8896K) Class: 1226K(1344K)->1226K(1344K)
[2025-08-01T01:19:40.888+0000] GC(296) Pause Young (Allocation Failure) 2833M->2701M(3641M) 132.214ms
[2025-08-01T01:19:40.888+0000] GC(296) User=1.02s Sys=0.02s Real=0.13s
[2025-08-01T01:19:41.017+0000] GC(297) Pause Full (Ergonomics)
[2025-08-01T01:19:41.017+0000] GC(297) Marking Phase
[2025-08-01T01:19:41.102+0000] GC(297) Marking Phase 84.756ms
[2025-08-01T01:19:41.102+0000] GC(297) Summary Phase
[2025-08-01T01:19:41.102+0000] GC(297) Summary Phase 0.129ms
[2025-08-01T01:19:41.102+0000] GC(297) Adjust Roots
[2025-08-01T01:19:41.104+0000] GC(297) Adjust Roots 1.930ms
[2025-08-01T01:19:41.104+0000] GC(297) Compaction Phase
[2025-08-01T01:19:41.266+0000] GC(297) Compaction Phase 162.499ms
[2025-08-01T01:19:41.267+0000] GC(297) Post Compact
[2025-08-01T01:19:41.290+0000] GC(297) Post Compact 23.030ms
[2025-08-01T01:19:41.290+0000] GC(297) PSYoungGen: 907776K(931840K)->0K(931840K) Eden: 465920K(465920K)->0K(465920K) From: 441856K(465920K)->0K(465920K)
[2025-08-01T01:19:41.290+0000] GC(297) ParOldGen: 2324526K(2796544K)->673319K(2796544K)
[2025-08-01T01:19:41.290+0000] GC(297) Metaspace: 10058K(10240K)->10058K(10240K) NonClass: 8831K(8896K)->8831K(8896K) Class: 1226K(1344K)->1226K(1344K)
[2025-08-01T01:19:41.290+0000] GC(297) Pause Full (Ergonomics) 3156M->657M(3641M) 272.810ms
[2025-08-01T01:19:41.290+0000] GC(297) User=1.84s Sys=0.05s Real=0.27s
[2025-08-01T01:19:41.377+0000] GC(298) Pause Young (Allocation Failure)
[2025-08-01T01:19:41.438+0000] GC(298) PSYoungGen: 465920K(931840K)->376992K(931840K) Eden: 465920K(465920K)->0K(465920K) From: 0K(465920K)->376992K(465920K)
[2025-08-01T01:19:41.438+0000] GC(298) ParOldGen: 673319K(2796544K)->673319K(2796544K)
[2025-08-01T01:19:41.438+0000] GC(298) Metaspace: 10058K(10240K)->10058K(10240K) NonClass: 8831K(8896K)->8831K(8896K) Class: 1226K(1344K)->1226K(1344K)
[2025-08-01T01:19:41.438+0000] GC(298) Pause Young (Allocation Failure) 1112M->1025M(3641M) 60.848ms
[2025-08-01T01:19:41.438+0000] GC(298) User=0.48s Sys=0.00s Real=0.06s
[2025-08-01T01:19:41.526+0000] GC(299) Pause Young (Allocation Failure)
[2025-08-01T01:19:41.671+0000] GC(299) PSYoungGen: 842912K(931840K)->465920K(931840K) Eden: 465920K(465920K)->0K(465920K) From: 376992K(465920K)->465920K(465920K)
[2025-08-01T01:19:41.671+0000] GC(299) ParOldGen: 673319K(2796544K)->1081535K(2796544K)
[2025-08-01T01:19:41.671+0000] GC(299) Metaspace: 10058K(10240K)->10058K(10240K) NonClass: 8831K(8896K)->8831K(8896K) Class: 1226K(1344K)->1226K(1344K)
[2025-08-01T01:19:41.671+0000] GC(299) Pause Young (Allocation Failure) 1480M->1511M(3641M) 145.226ms
[2025-08-01T01:19:41.671+0000] GC(299) User=1.12s Sys=0.02s Real=0.14s
[2025-08-01T01:19:41.758+0000] GC(300) Pause Young (Allocation Failure)
[2025-08-01T01:19:41.931+0000] GC(300) PSYoungGen: 931840K(931840K)->458240K(931840K) Eden: 465920K(465920K)->0K(465920K) From: 465920K(465920K)->458240K(465920K)
[2025-08-01T01:19:41.932+0000] GC(300) ParOldGen: 1081535K(2796544K)->1441703K(2796544K)
[2025-08-01T01:19:41.932+0000] GC(300) Metaspace: 10058K(10240K)->10058K(10240K) NonClass: 8831K(8896K)->8831K(8896K) Class: 1226K(1344K)->1226K(1344K)
[2025-08-01T01:19:41.932+0000] GC(300) Pause Young (Allocation Failure) 1966M->1855M(3641M) 173.724ms
[2025-08-01T01:19:41.932+0000] GC(300) User=1.36s Sys=0.01s Real=0.17s
[2025-08-01T01:19:42.017+0000] GC(301) Pause Young (Allocation Failure)
[2025-08-01T01:19:42.164+0000] GC(301) PSYoungGen: 924160K(931840K)->450528K(931840K) Eden: 465920K(465920K)->0K(465920K) From: 458240K(465920K)->450528K(465920K)
[2025-08-01T01:19:42.164+0000] GC(301) ParOldGen: 1441703K(2796544K)->1800967K(2796544K)
[2025-08-01T01:19:42.164+0000] GC(301) Metaspace: 10058K(10240K)->10058K(10240K) NonClass: 8831K(8896K)->8831K(8896K) Class: 1226K(1344K)->1226K(1344K)
[2025-08-01T01:19:42.164+0000] GC(301) Pause Young (Allocation Failure) 2310M->2198M(3641M) 146.907ms
[2025-08-01T01:19:42.164+0000] GC(301) User=1.12s Sys=0.04s Real=0.15s
[2025-08-01T01:19:42.248+0000] GC(302) Pause Young (Allocation Failure)
[2025-08-01T01:19:42.430+0000] GC(302) PSYoungGen: 916448K(931840K)->465920K(931840K) Eden: 465920K(465920K)->0K(465920K) From: 450528K(465920K)->465920K(465920K)
[2025-08-01T01:19:42.430+0000] GC(302) ParOldGen: 1800967K(2796544K)->2165199K(2796544K)
[2025-08-01T01:19:42.430+0000] GC(302) Metaspace: 10058K(10240K)->10058K(10240K) NonClass: 8831K(8896K)->8831K(8896K) Class: 1226K(1344K)->1226K(1344K)
[2025-08-01T01:19:42.430+0000] GC(302) Pause Young (Allocation Failure) 2653M->2569M(3641M) 181.750ms
[2025-08-01T01:19:42.430+0000] GC(302) User=1.21s Sys=0.10s Real=0.18s
[2025-08-01T01:19:42.519+0000] GC(303) Pause Young (Allocation Failure)
[2025-08-01T01:19:42.633+0000] GC(303) PSYoungGen: 931840K(931840K)->353984K(931840K) Eden: 465920K(465920K)->0K(465920K) From: 465920K(465920K)->353984K(465920K)
[2025-08-01T01:19:42.633+0000] GC(303) ParOldGen: 2165199K(2796544K)->2412039K(2796544K)
[2025-08-01T01:19:42.633+0000] GC(303) Metaspace: 10058K(10240K)->10058K(10240K) NonClass: 8831K(8896K)->8831K(8896K) Class: 1226K(1344K)->1226K(1344K)
[2025-08-01T01:19:42.633+0000] GC(303) Pause Young (Allocation Failure) 3024M->2701M(3641M) 113.986ms
[2025-08-01T01:19:42.633+0000] GC(303) User=0.85s Sys=0.03s Real=0.12s
[2025-08-01T01:19:42.719+0000] GC(304) Pause Full (Ergonomics)
[2025-08-01T01:19:42.719+0000] GC(304) Marking Phase
[2025-08-01T01:19:42.769+0000] GC(304) Marking Phase 50.281ms
[2025-08-01T01:19:42.769+0000] GC(304) Summary Phase
[2025-08-01T01:19:42.769+0000] GC(304) Summary Phase 0.116ms
[2025-08-01T01:19:42.769+0000] GC(304) Adjust Roots
[2025-08-01T01:19:42.771+0000] GC(304) Adjust Roots 1.985ms
[2025-08-01T01:19:42.771+0000] GC(304) Compaction Phase
[2025-08-01T01:19:42.872+0000] GC(304) Compaction Phase 100.471ms
[2025-08-01T01:19:42.872+0000] GC(304) Post Compact
[2025-08-01T01:19:42.894+0000] GC(304) Post Compact 22.023ms
[2025-08-01T01:19:42.894+0000] GC(304) PSYoungGen: 819904K(931840K)->0K(931840K) Eden: 465920K(465920K)->0K(465920K) From: 353984K(465920K)->0K(465920K)
[2025-08-01T01:19:42.894+0000] GC(304) ParOldGen: 2412039K(2796544K)->684453K(2796544K)
[2025-08-01T01:19:42.894+0000] GC(304) Metaspace: 10058K(10240K)->10058K(10240K) NonClass: 8831K(8896K)->8831K(8896K) Class: 1226K(1344K)->1226K(1344K)
[2025-08-01T01:19:42.894+0000] GC(304) Pause Full (Ergonomics) 3156M->668M(3641M) 175.349ms
[2025-08-01T01:19:42.894+0000] GC(304) User=1.16s Sys=0.01s Real=0.18s
[2025-08-01T01:19:42.980+0000] GC(305) Pause Young (Allocation Failure)
[2025-08-01T01:19:43.046+0000] GC(305) PSYoungGen: 465920K(931840K)->349760K(931840K) Eden: 465920K(465920K)->0K(465920K) From: 0K(465920K)->349760K(465920K)
[2025-08-01T01:19:43.047+0000] GC(305) ParOldGen: 684453K(2796544K)->684453K(2796544K)
[2025-08-01T01:19:43.047+0000] GC(305) Metaspace: 10058K(10240K)->10058K(10240K) NonClass: 8831K(8896K)->8831K(8896K) Class: 1226K(1344K)->1226K(1344K)
[2025-08-01T01:19:43.047+0000] GC(305) Pause Young (Allocation Failure) 1123M->1009M(3641M) 66.682ms
[2025-08-01T01:19:43.047+0000] GC(305) User=0.51s Sys=0.02s Real=0.07s
[2025-08-01T01:19:43.132+0000] GC(306) Pause Young (Allocation Failure)
[2025-08-01T01:19:43.278+0000] GC(306) PSYoungGen: 815680K(931840K)->465920K(931840K) Eden: 465920K(465920K)->0K(465920K) From: 349760K(465920K)->465920K(465920K)
[2025-08-01T01:19:43.278+0000] GC(306) ParOldGen: 684453K(2796544K)->1063349K(2796544K)
[2025-08-01T01:19:43.278+0000] GC(306) Metaspace: 10058K(10240K)->10058K(10240K) NonClass: 8831K(8896K)->8831K(8896K) Class: 1226K(1344K)->1226K(1344K)
[2025-08-01T01:19:43.278+0000] GC(306) Pause Young (Allocation Failure) 1464M->1493M(3641M) 145.855ms
[2025-08-01T01:19:43.278+0000] GC(306) User=1.12s Sys=0.04s Real=0.15s
[2025-08-01T01:19:43.364+0000] GC(307) Pause Young (Allocation Failure)
[2025-08-01T01:19:43.477+0000] GC(307) PSYoungGen: 931840K(931840K)->326080K(931840K) Eden: 465920K(465920K)->0K(465920K) From: 465920K(465920K)->326080K(465920K)
[2025-08-01T01:19:43.477+0000] GC(307) ParOldGen: 1063349K(2796544K)->1316501K(2796544K)
[2025-08-01T01:19:43.477+0000] GC(307) Metaspace: 10058K(10240K)->10058K(10240K) NonClass: 8831K(8896K)->8831K(8896K) Class: 1226K(1344K)->1226K(1344K)
[2025-08-01T01:19:43.477+0000] GC(307) Pause Young (Allocation Failure) 1948M->1604M(3641M) 113.191ms
[2025-08-01T01:19:43.477+0000] GC(307) User=0.80s Sys=0.05s Real=0.11s
[2025-08-01T01:19:43.563+0000] GC(308) Pause Young (Allocation Failure)
[2025-08-01T01:19:43.698+0000] GC(308) PSYoungGen: 792000K(931840K)->362336K(931840K) Eden: 465920K(465920K)->0K(465920K) From: 326080K(465920K)->362336K(465920K)
[2025-08-01T01:19:43.698+0000] GC(308) ParOldGen: 1316501K(2796544K)->1534245K(2796544K)
[2025-08-01T01:19:43.698+0000] GC(308) Metaspace: 10058K(10240K)->10058K(10240K) NonClass: 8831K(8896K)->8831K(8896K) Class: 1226K(1344K)->1226K(1344K)
[2025-08-01T01:19:43.698+0000] GC(308) Pause Young (Allocation Failure) 2059M->1852M(3641M) 135.171ms
[2025-08-01T01:19:43.698+0000] GC(308) User=1.05s Sys=0.02s Real=0.13s
[2025-08-01T01:19:43.785+0000] GC(309) Pause Young (Allocation Failure)
[2025-08-01T01:19:43.887+0000] GC(309) PSYoungGen: 828256K(931840K)->369088K(931840K) Eden: 465920K(465920K)->0K(465920K) From: 362336K(465920K)->369088K(465920K)
[2025-08-01T01:19:43.887+0000] GC(309) ParOldGen: 1534245K(2796544K)->1798245K(2796544K)
[2025-08-01T01:19:43.887+0000] GC(309) Metaspace: 10058K(10240K)->10058K(10240K) NonClass: 8831K(8896K)->8831K(8896K) Class: 1226K(1344K)->1226K(1344K)
[2025-08-01T01:19:43.887+0000] GC(309) Pause Young (Allocation Failure) 2307M->2116M(3641M) 102.519ms
[2025-08-01T01:19:43.887+0000] GC(309) User=0.78s Sys=0.02s Real=0.10s
[2025-08-01T01:19:43.970+0000] GC(310) Pause Young (Allocation Failure)
[2025-08-01T01:19:44.103+0000] GC(310) PSYoungGen: 835008K(931840K)->465920K(931840K) Eden: 465920K(465920K)->0K(465920K) From: 369088K(465920K)->465920K(465920K)
[2025-08-01T01:19:44.103+0000] GC(310) ParOldGen: 1798245K(2796544K)->2197333K(2796544K)
[2025-08-01T01:19:44.103+0000] GC(310) Metaspace: 10058K(10240K)->10058K(10240K) NonClass: 8831K(8896K)->8831K(8896K) Class: 1226K(1344K)->1226K(1344K)
[2025-08-01T01:19:44.103+0000] GC(310) Pause Young (Allocation Failure) 2571M->2600M(3641M) 133.142ms
[2025-08-01T01:19:44.103+0000] GC(310) User=1.04s Sys=0.01s Real=0.14s
[2025-08-01T01:19:44.187+0000] GC(311) Pause Young (Allocation Failure)
[2025-08-01T01:19:44.291+0000] GC(311) PSYoungGen: 931840K(931840K)->307264K(931840K) Eden: 465920K(465920K)->0K(465920K) From: 465920K(465920K)->307264K(465920K)
[2025-08-01T01:19:44.291+0000] GC(311) ParOldGen: 2197333K(2796544K)->2456877K(2796544K)
[2025-08-01T01:19:44.291+0000] GC(311) Metaspace: 10058K(10240K)->10058K(10240K) NonClass: 8831K(8896K)->8831K(8896K) Class: 1226K(1344K)->1226K(1344K)
[2025-08-01T01:19:44.291+0000] GC(311) Pause Young (Allocation Failure) 3055M->2699M(3641M) 103.644ms
[2025-08-01T01:19:44.291+0000] GC(311) User=0.79s Sys=0.02s Real=0.10s
[2025-08-01T01:19:44.377+0000] GC(312) Pause Full (Ergonomics)
[2025-08-01T01:19:44.377+0000] GC(312) Marking Phase
[2025-08-01T01:19:44.426+0000] GC(312) Marking Phase 48.959ms
[2025-08-01T01:19:44.426+0000] GC(312) Summary Phase
[2025-08-01T01:19:44.426+0000] GC(312) Summary Phase 0.099ms
[2025-08-01T01:19:44.426+0000] GC(312) Adjust Roots
[2025-08-01T01:19:44.428+0000] GC(312) Adjust Roots 2.197ms
[2025-08-01T01:19:44.428+0000] GC(312) Compaction Phase
[2025-08-01T01:19:44.524+0000] GC(312) Compaction Phase 95.915ms
[2025-08-01T01:19:44.524+0000] GC(312) Post Compact
[2025-08-01T01:19:44.546+0000] GC(312) Post Compact 21.899ms
[2025-08-01T01:19:44.546+0000] GC(312) PSYoungGen: 773184K(931840K)->0K(931840K) Eden: 465920K(465920K)->0K(465920K) From: 307264K(465920K)->0K(465920K)
[2025-08-01T01:19:44.546+0000] GC(312) ParOldGen: 2456877K(2796544K)->700920K(2796544K)
[2025-08-01T01:19:44.546+0000] GC(312) Metaspace: 10058K(10240K)->10058K(10240K) NonClass: 8831K(8896K)->8831K(8896K) Class: 1226K(1344K)->1226K(1344K)
[2025-08-01T01:19:44.546+0000] GC(312) Pause Full (Ergonomics) 3154M->684M(3641M) 169.481ms
[2025-08-01T01:19:44.546+0000] GC(312) User=1.09s Sys=0.00s Real=0.17s
[2025-08-01T01:19:44.634+0000] GC(313) Pause Young (Allocation Failure)
[2025-08-01T01:19:44.712+0000] GC(313) PSYoungGen: 465920K(931840K)->372320K(931840K) Eden: 465920K(465920K)->0K(465920K) From: 0K(465920K)->372320K(465920K)
[2025-08-01T01:19:44.712+0000] GC(313) ParOldGen: 700920K(2796544K)->700920K(2796544K)
[2025-08-01T01:19:44.712+0000] GC(313) Metaspace: 10058K(10240K)->10058K(10240K) NonClass: 8831K(8896K)->8831K(8896K) Class: 1226K(1344K)->1226K(1344K)
[2025-08-01T01:19:44.712+0000] GC(313) Pause Young (Allocation Failure) 1139M->1048M(3641M) 77.678ms
[2025-08-01T01:19:44.712+0000] GC(313) User=0.60s Sys=0.01s Real=0.07s
[2025-08-01T01:19:44.798+0000] GC(314) Pause Young (Allocation Failure)
[2025-08-01T01:19:44.993+0000] GC(314) PSYoungGen: 838240K(931840K)->465920K(931840K) Eden: 465920K(465920K)->0K(465920K) From: 372320K(465920K)->465920K(465920K)
[2025-08-01T01:19:44.993+0000] GC(314) ParOldGen: 700920K(2796544K)->1103320K(2796544K)
[2025-08-01T01:19:44.993+0000] GC(314) Metaspace: 10058K(10240K)->10058K(10240K) NonClass: 8831K(8896K)->8831K(8896K) Class: 1226K(1344K)->1226K(1344K)
[2025-08-01T01:19:44.993+0000] GC(314) Pause Young (Allocation Failure) 1503M->1532M(3641M) 195.077ms
[2025-08-01T01:19:44.993+0000] GC(314) User=1.54s Sys=0.01s Real=0.20s
[2025-08-01T01:19:45.078+0000] GC(315) Pause Young (Allocation Failure)
[2025-08-01T01:19:45.215+0000] GC(315) PSYoungGen: 931840K(931840K)->275296K(931840K) Eden: 465920K(465920K)->0K(465920K) From: 465920K(465920K)->275296K(465920K)
[2025-08-01T01:19:45.215+0000] GC(315) ParOldGen: 1103320K(2796544K)->1380168K(2796544K)
[2025-08-01T01:19:45.215+0000] GC(315) Metaspace: 10058K(10240K)->10058K(10240K) NonClass: 8831K(8896K)->8831K(8896K) Class: 1226K(1344K)->1226K(1344K)
[2025-08-01T01:19:45.215+0000] GC(315) Pause Young (Allocation Failure) 1987M->1616M(3641M) 136.521ms
[2025-08-01T01:19:45.215+0000] GC(315) User=1.04s Sys=0.03s Real=0.14s
[2025-08-01T01:19:45.300+0000] GC(316) Pause Young (Allocation Failure)
[2025-08-01T01:19:45.399+0000] GC(316) PSYoungGen: 741216K(931840K)->377440K(931840K) Eden: 465920K(465920K)->0K(465920K) From: 275296K(465920K)->377440K(465920K)
[2025-08-01T01:19:45.399+0000] GC(316) ParOldGen: 1380168K(2796544K)->1568808K(2796544K)
[2025-08-01T01:19:45.399+0000] GC(316) Metaspace: 10058K(10240K)->10058K(10240K) NonClass: 8831K(8896K)->8831K(8896K) Class: 1226K(1344K)->1226K(1344K)
[2025-08-01T01:19:45.399+0000] GC(316) Pause Young (Allocation Failure) 2071M->1900M(3641M) 98.465ms
[2025-08-01T01:19:45.399+0000] GC(316) User=0.76s Sys=0.02s Real=0.10s
[2025-08-01T01:19:45.487+0000] GC(317) Pause Young (Allocation Failure)
[2025-08-01T01:19:45.643+0000] GC(317) PSYoungGen: 843360K(931840K)->379840K(931840K) Eden: 465920K(465920K)->0K(465920K) From: 377440K(465920K)->379840K(465920K)
[2025-08-01T01:19:45.643+0000] GC(317) ParOldGen: 1568808K(2796544K)->1864600K(2796544K)
[2025-08-01T01:19:45.643+0000] GC(317) Metaspace: 10058K(10240K)->10058K(10240K) NonClass: 8831K(8896K)->8831K(8896K) Class: 1226K(1344K)->1226K(1344K)
[2025-08-01T01:19:45.643+0000] GC(317) Pause Young (Allocation Failure) 2355M->2191M(3641M) 155.975ms
[2025-08-01T01:19:45.643+0000] GC(317) User=1.05s Sys=0.09s Real=0.16s
[2025-08-01T01:19:45.731+0000] GC(318) Pause Young (Allocation Failure)
[2025-08-01T01:19:45.876+0000] GC(318) PSYoungGen: 845760K(931840K)->465920K(931840K) Eden: 465920K(465920K)->0K(465920K) From: 379840K(465920K)->465920K(465920K)
[2025-08-01T01:19:45.876+0000] GC(318) ParOldGen: 1864600K(2796544K)->2275696K(2796544K)
[2025-08-01T01:19:45.876+0000] GC(318) Metaspace: 10058K(10240K)->10058K(10240K) NonClass: 8831K(8896K)->8831K(8896K) Class: 1226K(1344K)->1226K(1344K)
[2025-08-01T01:19:45.877+0000] GC(318) Pause Young (Allocation Failure) 2646M->2677M(3641M) 145.314ms
[2025-08-01T01:19:45.877+0000] GC(318) User=1.12s Sys=0.01s Real=0.15s
[2025-08-01T01:19:45.965+0000] GC(319) Pause Young (Allocation Failure)
[2025-08-01T01:19:46.127+0000] GC(319) PSYoungGen: 931840K(931840K)->430944K(931840K) Eden: 465920K(465920K)->0K(465920K) From: 465920K(465920K)->430944K(465920K)
[2025-08-01T01:19:46.127+0000] GC(319) ParOldGen: 2275696K(2796544K)->2645984K(2796544K)
[2025-08-01T01:19:46.127+0000] GC(319) Metaspace: 10058K(10240K)->10058K(10240K) NonClass: 8831K(8896K)->8831K(8896K) Class: 1226K(1344K)->1226K(1344K)
[2025-08-01T01:19:46.127+0000] GC(319) Pause Young (Allocation Failure) 3132M->3004M(3641M) 162.093ms
[2025-08-01T01:19:46.127+0000] GC(319) User=1.25s Sys=0.01s Real=0.16s
[2025-08-01T01:19:46.214+0000] GC(320) Pause Full (Ergonomics)
[2025-08-01T01:19:46.214+0000] GC(320) Marking Phase
[2025-08-01T01:19:46.276+0000] GC(320) Marking Phase 62.578ms
[2025-08-01T01:19:46.276+0000] GC(320) Summary Phase
[2025-08-01T01:19:46.277+0000] GC(320) Summary Phase 0.112ms
[2025-08-01T01:19:46.277+0000] GC(320) Adjust Roots
[2025-08-01T01:19:46.279+0000] GC(320) Adjust Roots 2.090ms
[2025-08-01T01:19:46.279+0000] GC(320) Compaction Phase
[2025-08-01T01:19:46.412+0000] GC(320) Compaction Phase 133.299ms
[2025-08-01T01:19:46.412+0000] GC(320) Post Compact
[2025-08-01T01:19:46.435+0000] GC(320) Post Compact 22.975ms
[2025-08-01T01:19:46.435+0000] GC(320) PSYoungGen: 896864K(931840K)->0K(931840K) Eden: 465920K(465920K)->0K(465920K) From: 430944K(465920K)->0K(465920K)
[2025-08-01T01:19:46.435+0000] GC(320) ParOldGen: 2645984K(2796544K)->718068K(2796544K)
[2025-08-01T01:19:46.435+0000] GC(320) Metaspace: 10058K(10240K)->10058K(10240K) NonClass: 8831K(8896K)->8831K(8896K) Class: 1226K(1344K)->1226K(1344K)
[2025-08-01T01:19:46.435+0000] GC(320) Pause Full (Ergonomics) 3459M->701M(3641M) 221.450ms
[2025-08-01T01:19:46.435+0000] GC(320) User=1.53s Sys=0.01s Real=0.22s
[2025-08-01T01:19:46.521+0000] GC(321) Pause Young (Allocation Failure)
[2025-08-01T01:19:46.590+0000] GC(321) PSYoungGen: 465920K(931840K)->378848K(931840K) Eden: 465920K(465920K)->0K(465920K) From: 0K(465920K)->378848K(465920K)
[2025-08-01T01:19:46.590+0000] GC(321) ParOldGen: 718068K(2796544K)->718068K(2796544K)
[2025-08-01T01:19:46.590+0000] GC(321) Metaspace: 10058K(10240K)->10058K(10240K) NonClass: 8831K(8896K)->8831K(8896K) Class: 1226K(1344K)->1226K(1344K)
[2025-08-01T01:19:46.590+0000] GC(321) Pause Young (Allocation Failure) 1156M->1071M(3641M) 69.441ms
[2025-08-01T01:19:46.590+0000] GC(321) User=0.52s Sys=0.03s Real=0.07s
[2025-08-01T01:19:46.682+0000] GC(322) Pause Young (Allocation Failure)
[2025-08-01T01:19:46.838+0000] GC(322) PSYoungGen: 844768K(931840K)->465920K(931840K) Eden: 465920K(465920K)->0K(465920K) From: 378848K(465920K)->465920K(465920K)
[2025-08-01T01:19:46.838+0000] GC(322) ParOldGen: 718068K(2796544K)->1127500K(2796544K)
[2025-08-01T01:19:46.838+0000] GC(322) Metaspace: 10058K(10240K)->10058K(10240K) NonClass: 8831K(8896K)->8831K(8896K) Class: 1226K(1344K)->1226K(1344K)
[2025-08-01T01:19:46.838+0000] GC(322) Pause Young (Allocation Failure) 1526M->1556M(3641M) 156.080ms
[2025-08-01T01:19:46.838+0000] GC(322) User=1.20s Sys=0.04s Real=0.16s
[2025-08-01T01:19:46.928+0000] GC(323) Pause Young (Allocation Failure)
[2025-08-01T01:19:47.105+0000] GC(323) PSYoungGen: 931840K(931840K)->431744K(931840K) Eden: 465920K(465920K)->0K(465920K) From: 465920K(465920K)->431744K(465920K)
[2025-08-01T01:19:47.105+0000] GC(323) ParOldGen: 1127500K(2796544K)->1490396K(2796544K)
[2025-08-01T01:19:47.105+0000] GC(323) Metaspace: 10058K(10240K)->10058K(10240K) NonClass: 8831K(8896K)->8831K(8896K) Class: 1226K(1344K)->1226K(1344K)
[2025-08-01T01:19:47.105+0000] GC(323) Pause Young (Allocation Failure) 2011M->1877M(3641M) 176.336ms
[2025-08-01T01:19:47.105+0000] GC(323) User=1.33s Sys=0.05s Real=0.18s
[2025-08-01T01:19:47.193+0000] GC(324) Pause Young (Allocation Failure)
[2025-08-01T01:19:47.302+0000] GC(324) PSYoungGen: 897664K(931840K)->392512K(931840K) Eden: 465920K(465920K)->0K(465920K) From: 431744K(465920K)->392512K(465920K)
[2025-08-01T01:19:47.302+0000] GC(324) ParOldGen: 1490396K(2796544K)->1698708K(2796544K)
[2025-08-01T01:19:47.302+0000] GC(324) Metaspace: 10058K(10240K)->10058K(10240K) NonClass: 8831K(8896K)->8831K(8896K) Class: 1226K(1344K)->1226K(1344K)
[2025-08-01T01:19:47.302+0000] GC(324) Pause Young (Allocation Failure) 2332M->2042M(3641M) 108.763ms
[2025-08-01T01:19:47.302+0000] GC(324) User=0.82s Sys=0.03s Real=0.10s
[2025-08-01T01:19:47.389+0000] GC(325) Pause Young (Allocation Failure)
[2025-08-01T01:19:47.558+0000] GC(325) PSYoungGen: 858432K(931840K)->376608K(931840K) Eden: 465920K(465920K)->0K(465920K) From: 392512K(465920K)->376608K(465920K)
[2025-08-01T01:19:47.558+0000] GC(325) ParOldGen: 1698708K(2796544K)->1992004K(2796544K)
[2025-08-01T01:19:47.558+0000] GC(325) Metaspace: 10058K(10240K)->10058K(10240K) NonClass: 8831K(8896K)->8831K(8896K) Class: 1226K(1344K)->1226K(1344K)
[2025-08-01T01:19:47.558+0000] GC(325) Pause Young (Allocation Failure) 2497M->2313M(3641M) 169.825ms
[2025-08-01T01:19:47.558+0000] GC(325) User=1.24s Sys=0.04s Real=0.17s
[2025-08-01T01:19:47.646+0000] GC(326) Pause Young (Allocation Failure)
[2025-08-01T01:19:47.784+0000] GC(326) PSYoungGen: 842528K(931840K)->465920K(931840K) Eden: 465920K(465920K)->0K(465920K) From: 376608K(465920K)->465920K(465920K)
[2025-08-01T01:19:47.784+0000] GC(326) ParOldGen: 1992004K(2796544K)->2395556K(2796544K)
[2025-08-01T01:19:47.784+0000] GC(326) Metaspace: 10058K(10240K)->10058K(10240K) NonClass: 8831K(8896K)->8831K(8896K) Class: 1226K(1344K)->1226K(1344K)
[2025-08-01T01:19:47.784+0000] GC(326) Pause Young (Allocation Failure) 2768M->2794M(3641M) 137.322ms
[2025-08-01T01:19:47.784+0000] GC(326) User=1.05s Sys=0.00s Real=0.14s
[2025-08-01T01:19:47.871+0000] GC(327) Pause Full (Ergonomics)
[2025-08-01T01:19:47.871+0000] GC(327) Marking Phase
[2025-08-01T01:19:47.946+0000] GC(327) Marking Phase 75.394ms
[2025-08-01T01:19:47.947+0000] GC(327) Summary Phase
[2025-08-01T01:19:47.947+0000] GC(327) Summary Phase 0.141ms
[2025-08-01T01:19:47.947+0000] GC(327) Adjust Roots
[2025-08-01T01:19:47.948+0000] GC(327) Adjust Roots 1.670ms
[2025-08-01T01:19:47.948+0000] GC(327) Compaction Phase
[2025-08-01T01:19:48.124+0000] GC(327) Compaction Phase 175.309ms
[2025-08-01T01:19:48.124+0000] GC(327) Post Compact
[2025-08-01T01:19:48.148+0000] GC(327) Post Compact 23.501ms
[2025-08-01T01:19:48.148+0000] GC(327) PSYoungGen: 931840K(931840K)->0K(931840K) Eden: 465920K(465920K)->0K(465920K) From: 465920K(465920K)->0K(465920K)
[2025-08-01T01:19:48.148+0000] GC(327) ParOldGen: 2395556K(2796544K)->1195236K(2796544K)
[2025-08-01T01:19:48.148+0000] GC(327) Metaspace: 10058K(10240K)->10058K(10240K) NonClass: 8831K(8896K)->8831K(8896K) Class: 1226K(1344K)->1226K(1344K)
[2025-08-01T01:19:48.148+0000] GC(327) Pause Full (Ergonomics) 3249M->1167M(3641M) 277.004ms
[2025-08-01T01:19:48.148+0000] GC(327) User=1.96s Sys=0.02s Real=0.28s
[2025-08-01T01:19:48.235+0000] GC(328) Pause Young (Allocation Failure)
[2025-08-01T01:19:48.350+0000] GC(328) PSYoungGen: 465920K(931840K)->381472K(931840K) Eden: 465920K(465920K)->0K(465920K) From: 0K(465920K)->381472K(465920K)
[2025-08-01T01:19:48.350+0000] GC(328) ParOldGen: 1195236K(2796544K)->1195236K(2796544K)
[2025-08-01T01:19:48.350+0000] GC(328) Metaspace: 10058K(10240K)->10058K(10240K) NonClass: 8831K(8896K)->8831K(8896K) Class: 1226K(1344K)->1226K(1344K)
[2025-08-01T01:19:48.350+0000] GC(328) Pause Young (Allocation Failure) 1622M->1539M(3641M) 114.781ms
[2025-08-01T01:19:48.350+0000] GC(328) User=0.84s Sys=0.05s Real=0.11s
[2025-08-01T01:19:48.439+0000] GC(329) Pause Young (Allocation Failure)
[2025-08-01T01:19:48.543+0000] GC(329) PSYoungGen: 847392K(931840K)->376384K(931840K) Eden: 465920K(465920K)->0K(465920K) From: 381472K(465920K)->376384K(465920K)
[2025-08-01T01:19:48.543+0000] GC(329) ParOldGen: 1195236K(2796544K)->1477628K(2796544K)
[2025-08-01T01:19:48.543+0000] GC(329) Metaspace: 10058K(10240K)->10058K(10240K) NonClass: 8831K(8896K)->8831K(8896K) Class: 1226K(1344K)->1226K(1344K)
[2025-08-01T01:19:48.543+0000] GC(329) Pause Young (Allocation Failure) 1994M->1810M(3641M) 104.048ms
[2025-08-01T01:19:48.543+0000] GC(329) User=0.81s Sys=0.01s Real=0.11s
[2025-08-01T01:19:48.630+0000] GC(330) Pause Young (Allocation Failure)
[2025-08-01T01:19:48.770+0000] GC(330) PSYoungGen: 842304K(931840K)->465920K(931840K) Eden: 465920K(465920K)->0K(465920K) From: 376384K(465920K)->465920K(465920K)
[2025-08-01T01:19:48.770+0000] GC(330) ParOldGen: 1477628K(2796544K)->1880908K(2796544K)
[2025-08-01T01:19:48.770+0000] GC(330) Metaspace: 10058K(10240K)->10058K(10240K) NonClass: 8831K(8896K)->8831K(8896K) Class: 1226K(1344K)->1226K(1344K)
[2025-08-01T01:19:48.770+0000] GC(330) Pause Young (Allocation Failure) 2265M->2291M(3641M) 140.006ms
[2025-08-01T01:19:48.770+0000] GC(330) User=1.03s Sys=0.03s Real=0.14s
[2025-08-01T01:19:48.856+0000] GC(331) Pause Young (Allocation Failure)
[2025-08-01T01:19:49.033+0000] GC(331) PSYoungGen: 931840K(931840K)->450144K(931840K) Eden: 465920K(465920K)->0K(465920K) From: 465920K(465920K)->450144K(465920K)
[2025-08-01T01:19:49.033+0000] GC(331) ParOldGen: 1880908K(2796544K)->2239260K(2796544K)
[2025-08-01T01:19:49.033+0000] GC(331) Metaspace: 10058K(10240K)->10058K(10240K) NonClass: 8831K(8896K)->8831K(8896K) Class: 1226K(1344K)->1226K(1344K)
[2025-08-01T01:19:49.033+0000] GC(331) Pause Young (Allocation Failure) 2746M->2626M(3641M) 176.473ms
[2025-08-01T01:19:49.033+0000] GC(331) User=1.34s Sys=0.04s Real=0.18s
[2025-08-01T01:19:49.117+0000] GC(332) Pause Young (Allocation Failure)
[2025-08-01T01:19:49.247+0000] GC(332) PSYoungGen: 916064K(931840K)->373120K(931840K) Eden: 465920K(465920K)->0K(465920K) From: 450144K(465920K)->373120K(465920K)
[2025-08-01T01:19:49.247+0000] GC(332) ParOldGen: 2239260K(2796544K)->2469324K(2796544K)
[2025-08-01T01:19:49.247+0000] GC(332) Metaspace: 10058K(10240K)->10058K(10240K) NonClass: 8831K(8896K)->8831K(8896K) Class: 1226K(1344K)->1226K(1344K)
[2025-08-01T01:19:49.247+0000] GC(332) Pause Young (Allocation Failure) 3081M->2775M(3641M) 129.967ms
[2025-08-01T01:19:49.247+0000] GC(332) User=0.94s Sys=0.04s Real=0.13s
[2025-08-01T01:19:49.335+0000] GC(333) Pause Full (Ergonomics)
[2025-08-01T01:19:49.335+0000] GC(333) Marking Phase
[2025-08-01T01:19:49.402+0000] GC(333) Marking Phase 67.008ms
[2025-08-01T01:19:49.402+0000] GC(333) Summary Phase
[2025-08-01T01:19:49.402+0000] GC(333) Summary Phase 0.067ms
[2025-08-01T01:19:49.402+0000] GC(333) Adjust Roots
[2025-08-01T01:19:49.403+0000] GC(333) Adjust Roots 1.377ms
[2025-08-01T01:19:49.403+0000] GC(333) Compaction Phase
[2025-08-01T01:19:49.537+0000] GC(333) Compaction Phase 133.555ms
[2025-08-01T01:19:49.537+0000] GC(333) Post Compact
[2025-08-01T01:19:49.559+0000] GC(333) Post Compact 22.317ms
[2025-08-01T01:19:49.559+0000] GC(333) PSYoungGen: 839040K(931840K)->0K(931840K) Eden: 465920K(465920K)->0K(465920K) From: 373120K(465920K)->0K(465920K)
[2025-08-01T01:19:49.559+0000] GC(333) ParOldGen: 2469324K(2796544K)->740897K(2796544K)
[2025-08-01T01:19:49.559+0000] GC(333) Metaspace: 10058K(10240K)->10058K(10240K) NonClass: 8831K(8896K)->8831K(8896K) Class: 1226K(1344K)->1226K(1344K)
[2025-08-01T01:19:49.559+0000] GC(333) Pause Full (Ergonomics) 3230M->723M(3641M) 224.810ms
[2025-08-01T01:19:49.559+0000] GC(333) User=1.53s Sys=0.05s Real=0.22s
[2025-08-01T01:19:49.649+0000] GC(334) Pause Young (Allocation Failure)
[2025-08-01T01:19:49.768+0000] GC(334) PSYoungGen: 465920K(931840K)->465920K(931840K) Eden: 465920K(465920K)->0K(465920K) From: 0K(465920K)->465920K(465920K)
[2025-08-01T01:19:49.768+0000] GC(334) ParOldGen: 740897K(2796544K)->747761K(2796544K)
[2025-08-01T01:19:49.768+0000] GC(334) Metaspace: 10058K(10240K)->10058K(10240K) NonClass: 8831K(8896K)->8831K(8896K) Class: 1226K(1344K)->1226K(1344K)
[2025-08-01T01:19:49.768+0000] GC(334) Pause Young (Allocation Failure) 1178M->1185M(3641M) 119.042ms
[2025-08-01T01:19:49.768+0000] GC(334) User=0.88s Sys=0.02s Real=0.12s
[2025-08-01T01:19:49.859+0000] GC(335) Pause Young (Allocation Failure)
[2025-08-01T01:19:49.997+0000] GC(335) PSYoungGen: 931840K(931840K)->465920K(931840K) Eden: 465920K(465920K)->0K(465920K) From: 465920K(465920K)->465920K(465920K)
[2025-08-01T01:19:49.997+0000] GC(335) ParOldGen: 747761K(2796544K)->1119097K(2796544K)
[2025-08-01T01:19:49.997+0000] GC(335) Metaspace: 10058K(10240K)->10058K(10240K) NonClass: 8831K(8896K)->8831K(8896K) Class: 1226K(1344K)->1226K(1344K)
[2025-08-01T01:19:49.997+0000] GC(335) Pause Young (Allocation Failure) 1640M->1547M(3641M) 137.969ms
[2025-08-01T01:19:49.997+0000] GC(335) User=1.07s Sys=0.01s Real=0.14s
[2025-08-01T01:19:50.080+0000] GC(336) Pause Young (Allocation Failure)
[2025-08-01T01:19:50.197+0000] GC(336) PSYoungGen: 931840K(931840K)->365056K(931840K) Eden: 465920K(465920K)->0K(465920K) From: 465920K(465920K)->365056K(465920K)
[2025-08-01T01:19:50.197+0000] GC(336) ParOldGen: 1119097K(2796544K)->1353169K(2796544K)
[2025-08-01T01:19:50.197+0000] GC(336) Metaspace: 10058K(10240K)->10058K(10240K) NonClass: 8831K(8896K)->8831K(8896K) Class: 1226K(1344K)->1226K(1344K)
[2025-08-01T01:19:50.197+0000] GC(336) Pause Young (Allocation Failure) 2002M->1677M(3641M) 116.920ms
[2025-08-01T01:19:50.197+0000] GC(336) User=0.88s Sys=0.04s Real=0.12s
[2025-08-01T01:19:50.283+0000] GC(337) Pause Young (Allocation Failure)
[2025-08-01T01:19:50.406+0000] GC(337) PSYoungGen: 830976K(931840K)->422848K(931840K) Eden: 465920K(465920K)->0K(465920K) From: 365056K(465920K)->422848K(465920K)
[2025-08-01T01:19:50.406+0000] GC(337) ParOldGen: 1353169K(2796544K)->1594569K(2796544K)
[2025-08-01T01:19:50.406+0000] GC(337) Metaspace: 10058K(10240K)->10058K(10240K) NonClass: 8831K(8896K)->8831K(8896K) Class: 1226K(1344K)->1226K(1344K)
[2025-08-01T01:19:50.406+0000] GC(337) Pause Young (Allocation Failure) 2132M->1970M(3641M) 122.817ms
[2025-08-01T01:19:50.406+0000] GC(337) User=0.94s Sys=0.01s Real=0.12s
[2025-08-01T01:19:50.494+0000] GC(338) Pause Young (Allocation Failure)
[2025-08-01T01:19:50.656+0000] GC(338) PSYoungGen: 888768K(931840K)->465920K(931840K) Eden: 465920K(465920K)->0K(465920K) From: 422848K(465920K)->465920K(465920K)
[2025-08-01T01:19:50.656+0000] GC(338) ParOldGen: 1594569K(2796544K)->2050273K(2796544K)
[2025-08-01T01:19:50.656+0000] GC(338) Metaspace: 10058K(10240K)->10058K(10240K) NonClass: 8831K(8896K)->8831K(8896K) Class: 1226K(1344K)->1226K(1344K)
[2025-08-01T01:19:50.656+0000] GC(338) Pause Young (Allocation Failure) 2425M->2457M(3641M) 161.480ms
[2025-08-01T01:19:50.656+0000] GC(338) User=1.22s Sys=0.04s Real=0.16s
[2025-08-01T01:19:50.748+0000] GC(339) Pause Young (Allocation Failure)
[2025-08-01T01:19:50.912+0000] GC(339) PSYoungGen: 931840K(931840K)->327776K(931840K) Eden: 465920K(465920K)->0K(465920K) From: 465920K(465920K)->327776K(465920K)
[2025-08-01T01:19:50.912+0000] GC(339) ParOldGen: 2050273K(2796544K)->2300377K(2796544K)
[2025-08-01T01:19:50.912+0000] GC(339) Metaspace: 10058K(10240K)->10058K(10240K) NonClass: 8831K(8896K)->8831K(8896K) Class: 1226K(1344K)->1226K(1344K)
[2025-08-01T01:19:50.912+0000] GC(339) Pause Young (Allocation Failure) 2912M->2566M(3641M) 164.289ms
[2025-08-01T01:19:50.912+0000] GC(339) User=1.16s Sys=0.07s Real=0.16s
[2025-08-01T01:19:51.007+0000] GC(340) Pause Full (Ergonomics)
[2025-08-01T01:19:51.008+0000] GC(340) Marking Phase
[2025-08-01T01:19:51.096+0000] GC(340) Marking Phase 88.339ms
[2025-08-01T01:19:51.096+0000] GC(340) Summary Phase
[2025-08-01T01:19:51.096+0000] GC(340) Summary Phase 0.176ms
[2025-08-01T01:19:51.096+0000] GC(340) Adjust Roots
[2025-08-01T01:19:51.097+0000] GC(340) Adjust Roots 1.152ms
[2025-08-01T01:19:51.097+0000] GC(340) Compaction Phase
[2025-08-01T01:19:51.219+0000] GC(340) Compaction Phase 121.431ms
[2025-08-01T01:19:51.219+0000] GC(340) Post Compact
[2025-08-01T01:19:51.241+0000] GC(340) Post Compact 21.991ms
[2025-08-01T01:19:51.241+0000] GC(340) PSYoungGen: 793696K(931840K)->0K(931840K) Eden: 465920K(465920K)->0K(465920K) From: 327776K(465920K)->0K(465920K)
[2025-08-01T01:19:51.241+0000] GC(340) ParOldGen: 2300377K(2796544K)->756445K(2796544K)
[2025-08-01T01:19:51.241+0000] GC(340) Metaspace: 10058K(10240K)->10058K(10240K) NonClass: 8831K(8896K)->8831K(8896K) Class: 1226K(1344K)->1226K(1344K)
[2025-08-01T01:19:51.241+0000] GC(340) Pause Full (Ergonomics) 3021M->738M(3641M) 233.642ms
[2025-08-01T01:19:51.241+0000] GC(340) User=1.62s Sys=0.03s Real=0.23s
[2025-08-01T01:19:51.330+0000] GC(341) Pause Young (Allocation Failure)
[2025-08-01T01:19:51.398+0000] GC(341) PSYoungGen: 465920K(931840K)->408672K(931840K) Eden: 465920K(465920K)->0K(465920K) From: 0K(465920K)->408672K(465920K)
[2025-08-01T01:19:51.398+0000] GC(341) ParOldGen: 756445K(2796544K)->756445K(2796544K)
[2025-08-01T01:19:51.398+0000] GC(341) Metaspace: 10058K(10240K)->10058K(10240K) NonClass: 8831K(8896K)->8831K(8896K) Class: 1226K(1344K)->1226K(1344K)
[2025-08-01T01:19:51.398+0000] GC(341) Pause Young (Allocation Failure) 1193M->1137M(3641M) 68.431ms
[2025-08-01T01:19:51.398+0000] GC(341) User=0.54s Sys=0.00s Real=0.07s
[2025-08-01T01:19:51.493+0000] GC(342) Pause Young (Allocation Failure)
[2025-08-01T01:19:51.688+0000] GC(342) PSYoungGen: 874592K(931840K)->465920K(931840K) Eden: 465920K(465920K)->0K(465920K) From: 408672K(465920K)->465920K(465920K)
[2025-08-01T01:19:51.689+0000] GC(342) ParOldGen: 756445K(2796544K)->1195773K(2796544K)
[2025-08-01T01:19:51.689+0000] GC(342) Metaspace: 10058K(10240K)->10058K(10240K) NonClass: 8831K(8896K)->8831K(8896K) Class: 1226K(1344K)->1226K(1344K)
[2025-08-01T01:19:51.689+0000] GC(342) Pause Young (Allocation Failure) 1592M->1622M(3641M) 195.898ms
[2025-08-01T01:19:51.689+0000] GC(342) User=1.46s Sys=0.07s Real=0.20s
[2025-08-01T01:19:51.829+0000] GC(343) Pause Young (Allocation Failure)
[2025-08-01T01:19:51.960+0000] GC(343) PSYoungGen: 931840K(931840K)->348640K(931840K) Eden: 465920K(465920K)->0K(465920K) From: 465920K(465920K)->348640K(465920K)
[2025-08-01T01:19:51.960+0000] GC(343) ParOldGen: 1195773K(2796544K)->1444789K(2796544K)
[2025-08-01T01:19:51.960+0000] GC(343) Metaspace: 10058K(10240K)->10058K(10240K) NonClass: 8831K(8896K)->8831K(8896K) Class: 1226K(1344K)->1226K(1344K)
[2025-08-01T01:19:51.960+0000] GC(343) Pause Young (Allocation Failure) 2077M->1751M(3641M) 131.221ms
[2025-08-01T01:19:51.960+0000] GC(343) User=0.95s Sys=0.02s Real=0.13s
[2025-08-01T01:19:52.049+0000] GC(344) Pause Young (Allocation Failure)
[2025-08-01T01:19:52.183+0000] GC(344) PSYoungGen: 814560K(931840K)->378016K(931840K) Eden: 465920K(465920K)->0K(465920K) From: 348640K(465920K)->378016K(465920K)
[2025-08-01T01:19:52.183+0000] GC(344) ParOldGen: 1444789K(2796544K)->1673077K(2796544K)
[2025-08-01T01:19:52.183+0000] GC(344) Metaspace: 10058K(10240K)->10058K(10240K) NonClass: 8831K(8896K)->8831K(8896K) Class: 1226K(1344K)->1226K(1344K)
[2025-08-01T01:19:52.183+0000] GC(344) Pause Young (Allocation Failure) 2206M->2003M(3641M) 134.280ms
[2025-08-01T01:19:52.183+0000] GC(344) User=1.03s Sys=0.01s Real=0.14s
[2025-08-01T01:19:52.274+0000] GC(345) Pause Young (Allocation Failure)
[2025-08-01T01:19:52.441+0000] GC(345) PSYoungGen: 843936K(931840K)->401248K(931840K) Eden: 465920K(465920K)->0K(465920K) From: 378016K(465920K)->401248K(465920K)
[2025-08-01T01:19:52.441+0000] GC(345) ParOldGen: 1673077K(2796544K)->1951845K(2796544K)
[2025-08-01T01:19:52.441+0000] GC(345) Metaspace: 10058K(10240K)->10058K(10240K) NonClass: 8831K(8896K)->8831K(8896K) Class: 1226K(1344K)->1226K(1344K)
[2025-08-01T01:19:52.441+0000] GC(345) Pause Young (Allocation Failure) 2458M->2297M(3641M) 167.888ms
[2025-08-01T01:19:52.441+0000] GC(345) User=1.27s Sys=0.04s Real=0.16s
[2025-08-01T01:19:52.532+0000] GC(346) Pause Young (Allocation Failure)
[2025-08-01T01:19:52.669+0000] GC(346) PSYoungGen: 867168K(931840K)->465920K(931840K) Eden: 465920K(465920K)->0K(465920K) From: 401248K(465920K)->465920K(465920K)
[2025-08-01T01:19:52.669+0000] GC(346) ParOldGen: 1951845K(2796544K)->2384085K(2796544K)
[2025-08-01T01:19:52.669+0000] GC(346) Metaspace: 10058K(10240K)->10058K(10240K) NonClass: 8831K(8896K)->8831K(8896K) Class: 1226K(1344K)->1226K(1344K)
[2025-08-01T01:19:52.669+0000] GC(346) Pause Young (Allocation Failure) 2752M->2783M(3641M) 137.351ms
[2025-08-01T01:19:52.669+0000] GC(346) User=1.07s Sys=0.00s Real=0.14s
[2025-08-01T01:19:52.755+0000] GC(347) Pause Full (Ergonomics)
[2025-08-01T01:19:52.755+0000] GC(347) Marking Phase
[2025-08-01T01:19:52.891+0000] GC(347) Marking Phase 136.073ms
[2025-08-01T01:19:52.891+0000] GC(347) Summary Phase
[2025-08-01T01:19:52.891+0000] GC(347) Summary Phase 0.209ms
[2025-08-01T01:19:52.891+0000] GC(347) Adjust Roots
[2025-08-01T01:19:52.895+0000] GC(347) Adjust Roots 3.273ms
[2025-08-01T01:19:52.895+0000] GC(347) Compaction Phase
[2025-08-01T01:19:53.098+0000] GC(347) Compaction Phase 202.896ms
[2025-08-01T01:19:53.098+0000] GC(347) Post Compact
[2025-08-01T01:19:53.120+0000] GC(347) Post Compact 21.777ms
[2025-08-01T01:19:53.120+0000] GC(347) PSYoungGen: 931840K(931840K)->0K(931840K) Eden: 465920K(465920K)->0K(465920K) From: 465920K(465920K)->0K(465920K)
[2025-08-01T01:19:53.120+0000] GC(347) ParOldGen: 2384085K(2796544K)->1233032K(2796544K)
[2025-08-01T01:19:53.120+0000] GC(347) Metaspace: 10058K(10240K)->10058K(10240K) NonClass: 8831K(8896K)->8831K(8896K) Class: 1226K(1344K)->1226K(1344K)
[2025-08-01T01:19:53.120+0000] GC(347) Pause Full (Ergonomics) 3238M->1204M(3641M) 364.975ms
[2025-08-01T01:19:53.120+0000] GC(347) User=2.55s Sys=0.07s Real=0.36s
[2025-08-01T01:19:53.253+0000] GC(348) Pause Young (Allocation Failure)
[2025-08-01T01:19:53.374+0000] GC(348) PSYoungGen: 465920K(931840K)->407104K(931840K) Eden: 465920K(465920K)->0K(465920K) From: 0K(465920K)->407104K(465920K)
[2025-08-01T01:19:53.374+0000] GC(348) ParOldGen: 1233032K(2796544K)->1233032K(2796544K)
[2025-08-01T01:19:53.374+0000] GC(348) Metaspace: 10058K(10240K)->10058K(10240K) NonClass: 8831K(8896K)->8831K(8896K) Class: 1226K(1344K)->1226K(1344K)
[2025-08-01T01:19:53.374+0000] GC(348) Pause Young (Allocation Failure) 1659M->1601M(3641M) 121.910ms
[2025-08-01T01:19:53.375+0000] GC(348) User=0.90s Sys=0.04s Real=0.13s
[2025-08-01T01:19:53.468+0000] GC(349) Pause Young (Allocation Failure)
[2025-08-01T01:19:53.649+0000] GC(349) PSYoungGen: 873024K(931840K)->379008K(931840K) Eden: 465920K(465920K)->0K(465920K) From: 407104K(465920K)->379008K(465920K)
[2025-08-01T01:19:53.649+0000] GC(349) ParOldGen: 1233032K(2796544K)->1557960K(2796544K)
[2025-08-01T01:19:53.649+0000] GC(349) Metaspace: 10058K(10240K)->10058K(10240K) NonClass: 8831K(8896K)->8831K(8896K) Class: 1226K(1344K)->1226K(1344K)
[2025-08-01T01:19:53.649+0000] GC(349) Pause Young (Allocation Failure) 2056M->1891M(3641M) 181.358ms
[2025-08-01T01:19:53.649+0000] GC(349) User=1.35s Sys=0.07s Real=0.18s
[2025-08-01T01:19:53.738+0000] GC(350) Pause Young (Allocation Failure)
[2025-08-01T01:19:53.904+0000] GC(350) PSYoungGen: 844928K(931840K)->465920K(931840K) Eden: 465920K(465920K)->0K(465920K) From: 379008K(465920K)->465920K(465920K)
[2025-08-01T01:19:53.904+0000] GC(350) ParOldGen: 1557960K(2796544K)->1965944K(2796544K)
[2025-08-01T01:19:53.904+0000] GC(350) Metaspace: 10058K(10240K)->10058K(10240K) NonClass: 8831K(8896K)->8831K(8896K) Class: 1226K(1344K)->1226K(1344K)
[2025-08-01T01:19:53.904+0000] GC(350) Pause Young (Allocation Failure) 2346M->2374M(3641M) 166.133ms
[2025-08-01T01:19:53.904+0000] GC(350) User=1.29s Sys=0.02s Real=0.17s
[2025-08-01T01:19:53.993+0000] GC(351) Pause Young (Allocation Failure)
[2025-08-01T01:19:54.093+0000] GC(351) PSYoungGen: 931840K(931840K)->305568K(931840K) Eden: 465920K(465920K)->0K(465920K) From: 465920K(465920K)->305568K(465920K)
[2025-08-01T01:19:54.093+0000] GC(351) ParOldGen: 1965944K(2796544K)->2214000K(2796544K)
[2025-08-01T01:19:54.093+0000] GC(351) Metaspace: 10058K(10240K)->10058K(10240K) NonClass: 8831K(8896K)->8831K(8896K) Class: 1226K(1344K)->1226K(1344K)
[2025-08-01T01:19:54.093+0000] GC(351) Pause Young (Allocation Failure) 2829M->2460M(3641M) 99.226ms
[2025-08-01T01:19:54.093+0000] GC(351) User=0.69s Sys=0.04s Real=0.09s
[2025-08-01T01:19:54.178+0000] GC(352) Pause Young (Allocation Failure)
[2025-08-01T01:19:54.349+0000] GC(352) PSYoungGen: 771488K(931840K)->430144K(931840K) Eden: 465920K(465920K)->0K(465920K) From: 305568K(465920K)->430144K(465920K)
[2025-08-01T01:19:54.349+0000] GC(352) ParOldGen: 2214000K(2796544K)->2416752K(2796544K)
[2025-08-01T01:19:54.349+0000] GC(352) Metaspace: 10058K(10240K)->10058K(10240K) NonClass: 8831K(8896K)->8831K(8896K) Class: 1226K(1344K)->1226K(1344K)
[2025-08-01T01:19:54.349+0000] GC(352) Pause Young (Allocation Failure) 2915M->2780M(3641M) 171.592ms
[2025-08-01T01:19:54.349+0000] GC(352) User=1.31s Sys=0.04s Real=0.17s
[2025-08-01T01:19:54.435+0000] GC(353) Pause Full (Ergonomics)
[2025-08-01T01:19:54.435+0000] GC(353) Marking Phase
[2025-08-01T01:19:54.472+0000] GC(353) Marking Phase 37.358ms
[2025-08-01T01:19:54.472+0000] GC(353) Summary Phase
[2025-08-01T01:19:54.472+0000] GC(353) Summary Phase 0.126ms
[2025-08-01T01:19:54.472+0000] GC(353) Adjust Roots
[2025-08-01T01:19:54.476+0000] GC(353) Adjust Roots 3.339ms
[2025-08-01T01:19:54.476+0000] GC(353) Compaction Phase
[2025-08-01T01:19:54.585+0000] GC(353) Compaction Phase 108.676ms
[2025-08-01T01:19:54.585+0000] GC(353) Post Compact
[2025-08-01T01:19:54.607+0000] GC(353) Post Compact 21.984ms
[2025-08-01T01:19:54.607+0000] GC(353) PSYoungGen: 896064K(931840K)->0K(931840K) Eden: 465920K(465920K)->0K(465920K) From: 430144K(465920K)->0K(465920K)
[2025-08-01T01:19:54.607+0000] GC(353) ParOldGen: 2416752K(2796544K)->782590K(2796544K)
[2025-08-01T01:19:54.607+0000] GC(353) Metaspace: 10058K(10240K)->10058K(10240K) NonClass: 8831K(8896K)->8831K(8896K) Class: 1226K(1344K)->1226K(1344K)
[2025-08-01T01:19:54.607+0000] GC(353) Pause Full (Ergonomics) 3235M->764M(3641M) 172.035ms
[2025-08-01T01:19:54.607+0000] GC(353) User=1.15s Sys=0.00s Real=0.17s
[2025-08-01T01:19:54.690+0000] GC(354) Pause Young (Allocation Failure)
[2025-08-01T01:19:54.804+0000] GC(354) PSYoungGen: 465920K(931840K)->465920K(931840K) Eden: 465920K(465920K)->0K(465920K) From: 0K(465920K)->465920K(465920K)
[2025-08-01T01:19:54.804+0000] GC(354) ParOldGen: 782590K(2796544K)->787398K(2796544K)
[2025-08-01T01:19:54.804+0000] GC(354) Metaspace: 10058K(10240K)->10058K(10240K) NonClass: 8831K(8896K)->8831K(8896K) Class: 1226K(1344K)->1226K(1344K)
[2025-08-01T01:19:54.804+0000] GC(354) Pause Young (Allocation Failure) 1219M->1223M(3641M) 113.957ms
[2025-08-01T01:19:54.804+0000] GC(354) User=0.86s Sys=0.03s Real=0.12s
[2025-08-01T01:19:54.894+0000] GC(355) Pause Young (Allocation Failure)
[2025-08-01T01:19:55.032+0000] GC(355) PSYoungGen: 931840K(931840K)->333376K(931840K) Eden: 465920K(465920K)->0K(465920K) From: 465920K(465920K)->333376K(465920K)
[2025-08-01T01:19:55.032+0000] GC(355) ParOldGen: 787398K(2796544K)->1011694K(2796544K)
[2025-08-01T01:19:55.032+0000] GC(355) Metaspace: 10058K(10240K)->10058K(10240K) NonClass: 8831K(8896K)->8831K(8896K) Class: 1226K(1344K)->1226K(1344K)
[2025-08-01T01:19:55.032+0000] GC(355) Pause Young (Allocation Failure) 1678M->1313M(3641M) 138.006ms
[2025-08-01T01:19:55.032+0000] GC(355) User=1.01s Sys=0.05s Real=0.13s
[2025-08-01T01:19:55.116+0000] GC(356) Pause Young (Allocation Failure)
[2025-08-01T01:19:55.227+0000] GC(356) PSYoungGen: 799295K(931840K)->388768K(931840K) Eden: 465919K(465920K)->0K(465920K) From: 333376K(465920K)->388768K(465920K)
[2025-08-01T01:19:55.227+0000] GC(356) ParOldGen: 1011694K(2796544K)->1252558K(2796544K)
[2025-08-01T01:19:55.227+0000] GC(356) Metaspace: 10058K(10240K)->10058K(10240K) NonClass: 8831K(8896K)->8831K(8896K) Class: 1226K(1344K)->1226K(1344K)
[2025-08-01T01:19:55.227+0000] GC(356) Pause Young (Allocation Failure) 1768M->1602M(3641M) 111.400ms
[2025-08-01T01:19:55.227+0000] GC(356) User=0.83s Sys=0.03s Real=0.11s
[2025-08-01T01:19:55.313+0000] GC(357) Pause Young (Allocation Failure)
[2025-08-01T01:19:55.425+0000] GC(357) PSYoungGen: 854688K(931840K)->412544K(931840K) Eden: 465920K(465920K)->0K(465920K) From: 388768K(465920K)->412544K(465920K)
[2025-08-01T01:19:55.425+0000] GC(357) ParOldGen: 1252558K(2796544K)->1531630K(2796544K)
[2025-08-01T01:19:55.425+0000] GC(357) Metaspace: 10058K(10240K)->10058K(10240K) NonClass: 8831K(8896K)->8831K(8896K) Class: 1226K(1344K)->1226K(1344K)
[2025-08-01T01:19:55.425+0000] GC(357) Pause Young (Allocation Failure) 2057M->1898M(3641M) 112.705ms
[2025-08-01T01:19:55.425+0000] GC(357) User=0.85s Sys=0.03s Real=0.12s
[2025-08-01T01:19:55.512+0000] GC(358) Pause Young (Allocation Failure)
[2025-08-01T01:19:55.686+0000] GC(358) PSYoungGen: 878464K(931840K)->465920K(931840K) Eden: 465920K(465920K)->0K(465920K) From: 412544K(465920K)->465920K(465920K)
[2025-08-01T01:19:55.686+0000] GC(358) ParOldGen: 1531630K(2796544K)->1972798K(2796544K)
[2025-08-01T01:19:55.686+0000] GC(358) Metaspace: 10058K(10240K)->10058K(10240K) NonClass: 8831K(8896K)->8831K(8896K) Class: 1226K(1344K)->1226K(1344K)
[2025-08-01T01:19:55.686+0000] GC(358) Pause Young (Allocation Failure) 2353M->2381M(3641M) 173.979ms
[2025-08-01T01:19:55.686+0000] GC(358) User=1.33s Sys=0.04s Real=0.18s
[2025-08-01T01:19:55.771+0000] GC(359) Pause Young (Allocation Failure)
[2025-08-01T01:19:55.869+0000] GC(359) PSYoungGen: 931840K(931840K)->355840K(931840K) Eden: 465920K(465920K)->0K(465920K) From: 465920K(465920K)->355840K(465920K)
[2025-08-01T01:19:55.869+0000] GC(359) ParOldGen: 1972798K(2796544K)->2224558K(2796544K)
[2025-08-01T01:19:55.869+0000] GC(359) Metaspace: 10058K(10240K)->10058K(10240K) NonClass: 8831K(8896K)->8831K(8896K) Class: 1226K(1344K)->1226K(1344K)
[2025-08-01T01:19:55.869+0000] GC(359) Pause Young (Allocation Failure) 2836M->2519M(3641M) 97.692ms
[2025-08-01T01:19:55.869+0000] GC(359) User=0.74s Sys=0.02s Real=0.10s
[2025-08-01T01:19:55.954+0000] GC(360) Pause Young (Allocation Failure)
[2025-08-01T01:19:56.070+0000] GC(360) PSYoungGen: 821760K(931840K)->368704K(931840K) Eden: 465920K(465920K)->0K(465920K) From: 355840K(465920K)->368704K(465920K)
[2025-08-01T01:19:56.070+0000] GC(360) ParOldGen: 2224558K(2796544K)->2490086K(2796544K)
[2025-08-01T01:19:56.070+0000] GC(360) Metaspace: 10058K(10240K)->10058K(10240K) NonClass: 8831K(8896K)->8831K(8896K) Class: 1226K(1344K)->1226K(1344K)
[2025-08-01T01:19:56.070+0000] GC(360) Pause Young (Allocation Failure) 2974M->2791M(3641M) 116.118ms
[2025-08-01T01:19:56.070+0000] GC(360) User=0.83s Sys=0.04s Real=0.11s
[2025-08-01T01:19:56.156+0000] GC(361) Pause Full (Ergonomics)
[2025-08-01T01:19:56.156+0000] GC(361) Marking Phase
[2025-08-01T01:19:56.231+0000] GC(361) Marking Phase 74.865ms
[2025-08-01T01:19:56.231+0000] GC(361) Summary Phase
[2025-08-01T01:19:56.231+0000] GC(361) Summary Phase 0.101ms
[2025-08-01T01:19:56.231+0000] GC(361) Adjust Roots
[2025-08-01T01:19:56.232+0000] GC(361) Adjust Roots 1.508ms
[2025-08-01T01:19:56.232+0000] GC(361) Compaction Phase
[2025-08-01T01:19:56.373+0000] GC(361) Compaction Phase 141.049ms
[2025-08-01T01:19:56.374+0000] GC(361) Post Compact
[2025-08-01T01:19:56.394+0000] GC(361) Post Compact 20.865ms
[2025-08-01T01:19:56.395+0000] GC(361) PSYoungGen: 834624K(931840K)->0K(931840K) Eden: 465920K(465920K)->0K(465920K) From: 368704K(465920K)->0K(465920K)
[2025-08-01T01:19:56.395+0000] GC(361) ParOldGen: 2490086K(2796544K)->795077K(2796544K)
[2025-08-01T01:19:56.395+0000] GC(361) Metaspace: 10058K(10240K)->10058K(10240K) NonClass: 8831K(8896K)->8831K(8896K) Class: 1226K(1344K)->1226K(1344K)
[2025-08-01T01:19:56.395+0000] GC(361) Pause Full (Ergonomics) 3246M->776M(3641M) 238.821ms
[2025-08-01T01:19:56.395+0000] GC(361) User=1.64s Sys=0.04s Real=0.24s
[2025-08-01T01:19:56.480+0000] GC(362) Pause Young (Allocation Failure)
[2025-08-01T01:19:56.583+0000] GC(362) PSYoungGen: 465920K(931840K)->465920K(931840K) Eden: 465920K(465920K)->0K(465920K) From: 0K(465920K)->465920K(465920K)
[2025-08-01T01:19:56.584+0000] GC(362) ParOldGen: 795077K(2796544K)->800405K(2796544K)
[2025-08-01T01:19:56.584+0000] GC(362) Metaspace: 10058K(10240K)->10058K(10240K) NonClass: 8831K(8896K)->8831K(8896K) Class: 1226K(1344K)->1226K(1344K)
[2025-08-01T01:19:56.584+0000] GC(362) Pause Young (Allocation Failure) 1231M->1236M(3641M) 103.735ms
[2025-08-01T01:19:56.584+0000] GC(362) User=0.81s Sys=0.01s Real=0.11s
[2025-08-01T01:19:56.676+0000] GC(363) Pause Young (Allocation Failure)
[2025-08-01T01:19:56.797+0000] GC(363) PSYoungGen: 931840K(931840K)->375776K(931840K) Eden: 465920K(465920K)->0K(465920K) From: 465920K(465920K)->375776K(465920K)
[2025-08-01T01:19:56.797+0000] GC(363) ParOldGen: 800405K(2796544K)->1034157K(2796544K)
[2025-08-01T01:19:56.797+0000] GC(363) Metaspace: 10058K(10240K)->10058K(10240K) NonClass: 8831K(8896K)->8831K(8896K) Class: 1226K(1344K)->1226K(1344K)
[2025-08-01T01:19:56.797+0000] GC(363) Pause Young (Allocation Failure) 1691M->1376M(3641M) 121.237ms
[2025-08-01T01:19:56.798+0000] GC(363) User=0.88s Sys=0.06s Real=0.12s
[2025-08-01T01:19:56.883+0000] GC(364) Pause Young (Allocation Failure)
[2025-08-01T01:19:57.021+0000] GC(364) PSYoungGen: 841696K(931840K)->465920K(931840K) Eden: 465920K(465920K)->0K(465920K) From: 375776K(465920K)->465920K(465920K)
[2025-08-01T01:19:57.021+0000] GC(364) ParOldGen: 1034157K(2796544K)->1440653K(2796544K)
[2025-08-01T01:19:57.021+0000] GC(364) Metaspace: 10058K(10240K)->10058K(10240K) NonClass: 8831K(8896K)->8831K(8896K) Class: 1226K(1344K)->1226K(1344K)
[2025-08-01T01:19:57.021+0000] GC(364) Pause Young (Allocation Failure) 1831M->1861M(3641M) 137.458ms
[2025-08-01T01:19:57.021+0000] GC(364) User=1.06s Sys=0.02s Real=0.13s
[2025-08-01T01:19:57.109+0000] GC(365) Pause Young (Allocation Failure)
[2025-08-01T01:19:57.250+0000] GC(365) PSYoungGen: 931840K(931840K)->395872K(931840K) Eden: 465920K(465920K)->0K(465920K) From: 465920K(465920K)->395872K(465920K)
[2025-08-01T01:19:57.250+0000] GC(365) ParOldGen: 1440653K(2796544K)->1704301K(2796544K)
[2025-08-01T01:19:57.250+0000] GC(365) Metaspace: 10058K(10240K)->10058K(10240K) NonClass: 8831K(8896K)->8831K(8896K) Class: 1226K(1344K)->1226K(1344K)
[2025-08-01T01:19:57.250+0000] GC(365) Pause Young (Allocation Failure) 2316M->2050M(3641M) 140.436ms
[2025-08-01T01:19:57.250+0000] GC(365) User=1.02s Sys=0.04s Real=0.14s
[2025-08-01T01:19:57.337+0000] GC(366) Pause Young (Allocation Failure)
[2025-08-01T01:19:57.538+0000] GC(366) PSYoungGen: 861792K(931840K)->465920K(931840K) Eden: 465920K(465920K)->0K(465920K) From: 395872K(465920K)->465920K(465920K)
[2025-08-01T01:19:57.538+0000] GC(366) ParOldGen: 1704301K(2796544K)->2129701K(2796544K)
[2025-08-01T01:19:57.538+0000] GC(366) Metaspace: 10058K(10240K)->10058K(10240K) NonClass: 8831K(8896K)->8831K(8896K) Class: 1226K(1344K)->1226K(1344K)
[2025-08-01T01:19:57.538+0000] GC(366) Pause Young (Allocation Failure) 2505M->2534M(3641M) 200.990ms
[2025-08-01T01:19:57.538+0000] GC(366) User=1.53s Sys=0.05s Real=0.20s
[2025-08-01T01:19:57.623+0000] GC(367) Pause Young (Allocation Failure)
[2025-08-01T01:19:57.762+0000] GC(367) PSYoungGen: 931840K(931840K)->423776K(931840K) Eden: 465920K(465920K)->0K(465920K) From: 465920K(465920K)->423776K(465920K)
[2025-08-01T01:19:57.762+0000] GC(367) ParOldGen: 2129701K(2796544K)->2349245K(2796544K)
[2025-08-01T01:19:57.762+0000] GC(367) Metaspace: 10058K(10240K)->10058K(10240K) NonClass: 8831K(8896K)->8831K(8896K) Class: 1226K(1344K)->1226K(1344K)
[2025-08-01T01:19:57.762+0000] GC(367) Pause Young (Allocation Failure) 2989M->2708M(3641M) 138.663ms
[2025-08-01T01:19:57.762+0000] GC(367) User=1.05s Sys=0.02s Real=0.13s
[2025-08-01T01:19:57.848+0000] GC(368) Pause Full (Ergonomics)
[2025-08-01T01:19:57.848+0000] GC(368) Marking Phase
[2025-08-01T01:19:57.917+0000] GC(368) Marking Phase 69.164ms
[2025-08-01T01:19:57.917+0000] GC(368) Summary Phase
[2025-08-01T01:19:57.917+0000] GC(368) Summary Phase 0.099ms
[2025-08-01T01:19:57.917+0000] GC(368) Adjust Roots
[2025-08-01T01:19:57.919+0000] GC(368) Adjust Roots 1.385ms
[2025-08-01T01:19:57.919+0000] GC(368) Compaction Phase
[2025-08-01T01:19:58.096+0000] GC(368) Compaction Phase 177.246ms
[2025-08-01T01:19:58.096+0000] GC(368) Post Compact
[2025-08-01T01:19:58.118+0000] GC(368) Post Compact 22.246ms
[2025-08-01T01:19:58.118+0000] GC(368) PSYoungGen: 889696K(931840K)->0K(931840K) Eden: 465920K(465920K)->0K(465920K) From: 423776K(465920K)->0K(465920K)
[2025-08-01T01:19:58.118+0000] GC(368) ParOldGen: 2349245K(2796544K)->1266266K(2796544K)
[2025-08-01T01:19:58.119+0000] GC(368) Metaspace: 10058K(10240K)->10058K(10240K) NonClass: 8831K(8896K)->8831K(8896K) Class: 1226K(1344K)->1226K(1344K)
[2025-08-01T01:19:58.119+0000] GC(368) Pause Full (Ergonomics) 3163M->1236M(3641M) 270.538ms
[2025-08-01T01:19:58.119+0000] GC(368) User=1.95s Sys=0.01s Real=0.27s
[2025-08-01T01:19:58.204+0000] GC(369) Pause Young (Allocation Failure)
[2025-08-01T01:19:58.267+0000] GC(369) PSYoungGen: 465920K(931840K)->386112K(931840K) Eden: 465920K(465920K)->0K(465920K) From: 0K(465920K)->386112K(465920K)
[2025-08-01T01:19:58.267+0000] GC(369) ParOldGen: 1266266K(2796544K)->1266266K(2796544K)
[2025-08-01T01:19:58.267+0000] GC(369) Metaspace: 10058K(10240K)->10058K(10240K) NonClass: 8831K(8896K)->8831K(8896K) Class: 1226K(1344K)->1226K(1344K)
[2025-08-01T01:19:58.267+0000] GC(369) Pause Young (Allocation Failure) 1691M->1613M(3641M) 62.549ms
[2025-08-01T01:19:58.267+0000] GC(369) User=0.45s Sys=0.01s Real=0.06s
[2025-08-01T01:19:58.353+0000] GC(370) Pause Young (Allocation Failure)
[2025-08-01T01:19:58.490+0000] GC(370) PSYoungGen: 852032K(931840K)->465920K(931840K) Eden: 465920K(465920K)->0K(465920K) From: 386112K(465920K)->465920K(465920K)
[2025-08-01T01:19:58.490+0000] GC(370) ParOldGen: 1266266K(2796544K)->1682930K(2796544K)
[2025-08-01T01:19:58.490+0000] GC(370) Metaspace: 10058K(10240K)->10058K(10240K) NonClass: 8831K(8896K)->8831K(8896K) Class: 1226K(1344K)->1226K(1344K)
[2025-08-01T01:19:58.490+0000] GC(370) Pause Young (Allocation Failure) 2068M->2098M(3641M) 136.939ms
[2025-08-01T01:19:58.490+0000] GC(370) User=1.06s Sys=0.02s Real=0.13s
[2025-08-01T01:19:58.580+0000] GC(371) Pause Young (Allocation Failure)
[2025-08-01T01:19:58.686+0000] GC(371) PSYoungGen: 931840K(931840K)->423456K(931840K) Eden: 465920K(465920K)->0K(465920K) From: 465920K(465920K)->423456K(465920K)
[2025-08-01T01:19:58.686+0000] GC(371) ParOldGen: 1682930K(2796544K)->1930146K(2796544K)
[2025-08-01T01:19:58.686+0000] GC(371) Metaspace: 10058K(10240K)->10058K(10240K) NonClass: 8831K(8896K)->8831K(8896K) Class: 1226K(1344K)->1226K(1344K)
[2025-08-01T01:19:58.686+0000] GC(371) Pause Young (Allocation Failure) 2553M->2298M(3641M) 105.686ms
[2025-08-01T01:19:58.686+0000] GC(371) User=0.82s Sys=0.01s Real=0.11s
[2025-08-01T01:19:58.771+0000] GC(372) Pause Young (Allocation Failure)
[2025-08-01T01:19:58.961+0000] GC(372) PSYoungGen: 889376K(931840K)->465920K(931840K) Eden: 465920K(465920K)->0K(465920K) From: 423456K(465920K)->465920K(465920K)
[2025-08-01T01:19:58.961+0000] GC(372) ParOldGen: 1930146K(2796544K)->2383298K(2796544K)
[2025-08-01T01:19:58.961+0000] GC(372) Metaspace: 10058K(10240K)->10058K(10240K) NonClass: 8831K(8896K)->8831K(8896K) Class: 1226K(1344K)->1226K(1344K)
[2025-08-01T01:19:58.961+0000] GC(372) Pause Young (Allocation Failure) 2753M->2782M(3641M) 189.975ms
[2025-08-01T01:19:58.961+0000] GC(372) User=1.41s Sys=0.07s Real=0.19s
[2025-08-01T01:19:59.044+0000] GC(373) Pause Full (Ergonomics)
[2025-08-01T01:19:59.044+0000] GC(373) Marking Phase
[2025-08-01T01:19:59.109+0000] GC(373) Marking Phase 65.279ms
[2025-08-01T01:19:59.109+0000] GC(373) Summary Phase
[2025-08-01T01:19:59.109+0000] GC(373) Summary Phase 0.120ms
[2025-08-01T01:19:59.109+0000] GC(373) Adjust Roots
[2025-08-01T01:19:59.114+0000] GC(373) Adjust Roots 4.263ms
[2025-08-01T01:19:59.114+0000] GC(373) Compaction Phase
[2025-08-01T01:19:59.232+0000] GC(373) Compaction Phase 118.509ms
[2025-08-01T01:19:59.232+0000] GC(373) Post Compact
[2025-08-01T01:19:59.254+0000] GC(373) Post Compact 21.913ms
[2025-08-01T01:19:59.254+0000] GC(373) PSYoungGen: 931840K(931840K)->0K(931840K) Eden: 465920K(465920K)->0K(465920K) From: 465920K(465920K)->0K(465920K)
[2025-08-01T01:19:59.254+0000] GC(373) ParOldGen: 2383298K(2796544K)->812304K(2796544K)
[2025-08-01T01:19:59.254+0000] GC(373) Metaspace: 10058K(10240K)->10058K(10240K) NonClass: 8831K(8896K)->8831K(8896K) Class: 1226K(1344K)->1226K(1344K)
[2025-08-01T01:19:59.254+0000] GC(373) Pause Full (Ergonomics) 3237M->793M(3641M) 210.503ms
[2025-08-01T01:19:59.254+0000] GC(373) User=1.42s Sys=0.02s Real=0.21s
[2025-08-01T01:19:59.340+0000] GC(374) Pause Young (Allocation Failure)
[2025-08-01T01:19:59.400+0000] GC(374) PSYoungGen: 465920K(931840K)->366144K(931840K) Eden: 465920K(465920K)->0K(465920K) From: 0K(465920K)->366144K(465920K)
[2025-08-01T01:19:59.400+0000] GC(374) ParOldGen: 812304K(2796544K)->812304K(2796544K)
[2025-08-01T01:19:59.400+0000] GC(374) Metaspace: 10058K(10240K)->10058K(10240K) NonClass: 8831K(8896K)->8831K(8896K) Class: 1226K(1344K)->1226K(1344K)
[2025-08-01T01:19:59.400+0000] GC(374) Pause Young (Allocation Failure) 1248M->1150M(3641M) 60.525ms
[2025-08-01T01:19:59.400+0000] GC(374) User=0.47s Sys=0.00s Real=0.06s
[2025-08-01T01:19:59.487+0000] GC(375) Pause Young (Allocation Failure)
[2025-08-01T01:19:59.615+0000] GC(375) PSYoungGen: 832064K(931840K)->438048K(931840K) Eden: 465920K(465920K)->0K(465920K) From: 366144K(465920K)->438048K(465920K)
[2025-08-01T01:19:59.615+0000] GC(375) ParOldGen: 812304K(2796544K)->1075704K(2796544K)
[2025-08-01T01:19:59.615+0000] GC(375) Metaspace: 10058K(10240K)->10058K(10240K) NonClass: 8831K(8896K)->8831K(8896K) Class: 1226K(1344K)->1226K(1344K)
[2025-08-01T01:19:59.615+0000] GC(375) Pause Young (Allocation Failure) 1605M->1478M(3641M) 127.636ms
[2025-08-01T01:19:59.615+0000] GC(375) User=0.96s Sys=0.04s Real=0.13s
[2025-08-01T01:19:59.702+0000] GC(376) Pause Young (Allocation Failure)
[2025-08-01T01:19:59.894+0000] GC(376) PSYoungGen: 903968K(931840K)->348000K(931840K) Eden: 465920K(465920K)->0K(465920K) From: 438048K(465920K)->348000K(465920K)
[2025-08-01T01:19:59.894+0000] GC(376) ParOldGen: 1075704K(2796544K)->1416056K(2796544K)
[2025-08-01T01:19:59.894+0000] GC(376) Metaspace: 10058K(10240K)->10058K(10240K) NonClass: 8831K(8896K)->8831K(8896K) Class: 1226K(1344K)->1226K(1344K)
[2025-08-01T01:19:59.894+0000] GC(376) Pause Young (Allocation Failure) 1933M->1722M(3641M) 192.105ms
[2025-08-01T01:19:59.894+0000] GC(376) User=1.47s Sys=0.04s Real=0.20s
[2025-08-01T01:19:59.984+0000] GC(377) Pause Young (Allocation Failure)
[2025-08-01T01:20:00.112+0000] GC(377) PSYoungGen: 813920K(931840K)->465920K(931840K) Eden: 465920K(465920K)->0K(465920K) From: 348000K(465920K)->465920K(465920K)
[2025-08-01T01:20:00.112+0000] GC(377) ParOldGen: 1416056K(2796544K)->1792792K(2796544K)
[2025-08-01T01:20:00.112+0000] GC(377) Metaspace: 10058K(10240K)->10058K(10240K) NonClass: 8831K(8896K)->8831K(8896K) Class: 1226K(1344K)->1226K(1344K)
[2025-08-01T01:20:00.112+0000] GC(377) Pause Young (Allocation Failure) 2177M->2205M(3641M) 128.328ms
[2025-08-01T01:20:00.112+0000] GC(377) User=1.01s Sys=0.01s Real=0.12s
[2025-08-01T01:20:00.201+0000] GC(378) Pause Young (Allocation Failure)
[2025-08-01T01:20:00.318+0000] GC(378) PSYoungGen: 931840K(931840K)->366240K(931840K) Eden: 465920K(465920K)->0K(465920K) From: 465920K(465920K)->366240K(465920K)
[2025-08-01T01:20:00.318+0000] GC(378) ParOldGen: 1792792K(2796544K)->2071984K(2796544K)
[2025-08-01T01:20:00.318+0000] GC(378) Metaspace: 10058K(10240K)->10058K(10240K) NonClass: 8831K(8896K)->8831K(8896K) Class: 1226K(1344K)->1226K(1344K)
[2025-08-01T01:20:00.318+0000] GC(378) Pause Young (Allocation Failure) 2660M->2381M(3641M) 117.667ms
[2025-08-01T01:20:00.318+0000] GC(378) User=0.86s Sys=0.03s Real=0.12s
[2025-08-01T01:20:00.401+0000] GC(379) Pause Young (Allocation Failure)
[2025-08-01T01:20:00.525+0000] GC(379) PSYoungGen: 832160K(931840K)->457408K(931840K) Eden: 465920K(465920K)->0K(465920K) From: 366240K(465920K)->457408K(465920K)
[2025-08-01T01:20:00.525+0000] GC(379) ParOldGen: 2071984K(2796544K)->2313496K(2796544K)
[2025-08-01T01:20:00.525+0000] GC(379) Metaspace: 10058K(10240K)->10058K(10240K) NonClass: 8831K(8896K)->8831K(8896K) Class: 1226K(1344K)->1226K(1344K)
[2025-08-01T01:20:00.525+0000] GC(379) Pause Young (Allocation Failure) 2836M->2705M(3641M) 124.155ms
[2025-08-01T01:20:00.525+0000] GC(379) User=0.94s Sys=0.03s Real=0.13s
[2025-08-01T01:20:00.613+0000] GC(380) Pause Full (Ergonomics)
[2025-08-01T01:20:00.613+0000] GC(380) Marking Phase
[2025-08-01T01:20:00.686+0000] GC(380) Marking Phase 72.668ms
[2025-08-01T01:20:00.686+0000] GC(380) Summary Phase
[2025-08-01T01:20:00.686+0000] GC(380) Summary Phase 0.196ms
[2025-08-01T01:20:00.686+0000] GC(380) Adjust Roots
[2025-08-01T01:20:00.690+0000] GC(380) Adjust Roots 3.728ms
[2025-08-01T01:20:00.690+0000] GC(380) Compaction Phase
[2025-08-01T01:20:00.850+0000] GC(380) Compaction Phase 160.238ms
[2025-08-01T01:20:00.850+0000] GC(380) Post Compact
[2025-08-01T01:20:00.872+0000] GC(380) Post Compact 21.410ms
[2025-08-01T01:20:00.872+0000] GC(380) PSYoungGen: 923328K(931840K)->0K(931840K) Eden: 465920K(465920K)->0K(465920K) From: 457408K(465920K)->0K(465920K)
[2025-08-01T01:20:00.872+0000] GC(380) ParOldGen: 2313496K(2796544K)->823074K(2796544K)
[2025-08-01T01:20:00.872+0000] GC(380) Metaspace: 10058K(10240K)->10058K(10240K) NonClass: 8831K(8896K)->8831K(8896K) Class: 1226K(1344K)->1226K(1344K)
[2025-08-01T01:20:00.872+0000] GC(380) Pause Full (Ergonomics) 3160M->803M(3641M) 258.795ms
[2025-08-01T01:20:00.872+0000] GC(380) User=1.80s Sys=0.02s Real=0.25s
[2025-08-01T01:20:00.966+0000] GC(381) Pause Young (Allocation Failure)
[2025-08-01T01:20:01.068+0000] GC(381) PSYoungGen: 465920K(931840K)->465920K(931840K) Eden: 465920K(465920K)->0K(465920K) From: 0K(465920K)->465920K(465920K)
[2025-08-01T01:20:01.068+0000] GC(381) ParOldGen: 823074K(2796544K)->828554K(2796544K)
[2025-08-01T01:20:01.068+0000] GC(381) Metaspace: 10058K(10240K)->10058K(10240K) NonClass: 8831K(8896K)->8831K(8896K) Class: 1226K(1344K)->1226K(1344K)
[2025-08-01T01:20:01.068+0000] GC(381) Pause Young (Allocation Failure) 1258M->1264M(3641M) 101.829ms
[2025-08-01T01:20:01.068+0000] GC(381) User=0.75s Sys=0.03s Real=0.10s
[2025-08-01T01:20:01.152+0000] GC(382) Pause Young (Allocation Failure)
[2025-08-01T01:20:01.261+0000] GC(382) PSYoungGen: 931840K(931840K)->348864K(931840K) Eden: 465920K(465920K)->0K(465920K) From: 465920K(465920K)->348864K(465920K)
[2025-08-01T01:20:01.261+0000] GC(382) ParOldGen: 828554K(2796544K)->1071706K(2796544K)
[2025-08-01T01:20:01.261+0000] GC(382) Metaspace: 10058K(10240K)->10058K(10240K) NonClass: 8831K(8896K)->8831K(8896K) Class: 1226K(1344K)->1226K(1344K)
[2025-08-01T01:20:01.261+0000] GC(382) Pause Young (Allocation Failure) 1719M->1387M(3641M) 108.344ms
[2025-08-01T01:20:01.261+0000] GC(382) User=0.80s Sys=0.04s Real=0.11s
[2025-08-01T01:20:01.354+0000] GC(383) Pause Young (Allocation Failure)
[2025-08-01T01:20:01.524+0000] GC(383) PSYoungGen: 814784K(931840K)->437760K(931840K) Eden: 465920K(465920K)->0K(465920K) From: 348864K(465920K)->437760K(465920K)
[2025-08-01T01:20:01.524+0000] GC(383) ParOldGen: 1071706K(2796544K)->1324098K(2796544K)
[2025-08-01T01:20:01.524+0000] GC(383) Metaspace: 10058K(10240K)->10058K(10240K) NonClass: 8831K(8896K)->8831K(8896K) Class: 1226K(1344K)->1226K(1344K)
[2025-08-01T01:20:01.524+0000] GC(383) Pause Young (Allocation Failure) 1842M->1720M(3641M) 169.407ms
[2025-08-01T01:20:01.524+0000] GC(383) User=1.27s Sys=0.04s Real=0.17s
[2025-08-01T01:20:01.611+0000] GC(384) Pause Young (Allocation Failure)
[2025-08-01T01:20:01.766+0000] GC(384) PSYoungGen: 903680K(931840K)->377280K(931840K) Eden: 465920K(465920K)->0K(465920K) From: 437760K(465920K)->377280K(465920K)
[2025-08-01T01:20:01.766+0000] GC(384) ParOldGen: 1324098K(2796544K)->1666826K(2796544K)
[2025-08-01T01:20:01.766+0000] GC(384) Metaspace: 10058K(10240K)->10058K(10240K) NonClass: 8831K(8896K)->8831K(8896K) Class: 1226K(1344K)->1226K(1344K)
[2025-08-01T01:20:01.766+0000] GC(384) Pause Young (Allocation Failure) 2175M->1996M(3641M) 155.316ms
[2025-08-01T01:20:01.766+0000] GC(384) User=1.20s Sys=0.01s Real=0.16s
[2025-08-01T01:20:01.858+0000] GC(385) Pause Young (Allocation Failure)
[2025-08-01T01:20:01.998+0000] GC(385) PSYoungGen: 843200K(931840K)->465920K(931840K) Eden: 465920K(465920K)->0K(465920K) From: 377280K(465920K)->465920K(465920K)
[2025-08-01T01:20:01.998+0000] GC(385) ParOldGen: 1666826K(2796544K)->2072762K(2796544K)
[2025-08-01T01:20:01.998+0000] GC(385) Metaspace: 10058K(10240K)->10058K(10240K) NonClass: 8831K(8896K)->8831K(8896K) Class: 1226K(1344K)->1226K(1344K)
[2025-08-01T01:20:01.998+0000] GC(385) Pause Young (Allocation Failure) 2451M->2479M(3641M) 140.181ms
[2025-08-01T01:20:01.998+0000] GC(385) User=1.09s Sys=0.01s Real=0.14s
[2025-08-01T01:20:02.090+0000] GC(386) Pause Young (Allocation Failure)
[2025-08-01T01:20:02.198+0000] GC(386) PSYoungGen: 931840K(931840K)->353248K(931840K) Eden: 465920K(465920K)->0K(465920K) From: 465920K(465920K)->353248K(465920K)
[2025-08-01T01:20:02.198+0000] GC(386) ParOldGen: 2072762K(2796544K)->2317090K(2796544K)
[2025-08-01T01:20:02.198+0000] GC(386) Metaspace: 10058K(10240K)->10058K(10240K) NonClass: 8831K(8896K)->8831K(8896K) Class: 1226K(1344K)->1226K(1344K)
[2025-08-01T01:20:02.198+0000] GC(386) Pause Young (Allocation Failure) 2934M->2607M(3641M) 108.608ms
[2025-08-01T01:20:02.199+0000] GC(386) User=0.81s Sys=0.03s Real=0.11s
[2025-08-01T01:20:02.288+0000] GC(387) Pause Full (Ergonomics)
[2025-08-01T01:20:02.288+0000] GC(387) Marking Phase
[2025-08-01T01:20:02.348+0000] GC(387) Marking Phase 59.538ms
[2025-08-01T01:20:02.348+0000] GC(387) Summary Phase
[2025-08-01T01:20:02.348+0000] GC(387) Summary Phase 0.146ms
[2025-08-01T01:20:02.348+0000] GC(387) Adjust Roots
[2025-08-01T01:20:02.349+0000] GC(387) Adjust Roots 1.468ms
[2025-08-01T01:20:02.349+0000] GC(387) Compaction Phase
[2025-08-01T01:20:02.470+0000] GC(387) Compaction Phase 120.396ms
[2025-08-01T01:20:02.470+0000] GC(387) Post Compact
[2025-08-01T01:20:02.492+0000] GC(387) Post Compact 22.149ms
[2025-08-01T01:20:02.492+0000] GC(387) PSYoungGen: 819168K(931840K)->0K(931840K) Eden: 465920K(465920K)->0K(465920K) From: 353248K(465920K)->0K(465920K)
[2025-08-01T01:20:02.492+0000] GC(387) ParOldGen: 2317090K(2796544K)->831973K(2796544K)
[2025-08-01T01:20:02.492+0000] GC(387) Metaspace: 10058K(10240K)->10058K(10240K) NonClass: 8831K(8896K)->8831K(8896K) Class: 1226K(1344K)->1226K(1344K)
[2025-08-01T01:20:02.492+0000] GC(387) Pause Full (Ergonomics) 3062M->812M(3641M) 204.302ms
[2025-08-01T01:20:02.492+0000] GC(387) User=1.34s Sys=0.02s Real=0.20s
[2025-08-01T01:20:02.578+0000] GC(388) Pause Young (Allocation Failure)
[2025-08-01T01:20:02.677+0000] GC(388) PSYoungGen: 465920K(931840K)->377536K(931840K) Eden: 465920K(465920K)->0K(465920K) From: 0K(465920K)->377536K(465920K)
[2025-08-01T01:20:02.677+0000] GC(388) ParOldGen: 831973K(2796544K)->831973K(2796544K)
[2025-08-01T01:20:02.677+0000] GC(388) Metaspace: 10058K(10240K)->10058K(10240K) NonClass: 8831K(8896K)->8831K(8896K) Class: 1226K(1344K)->1226K(1344K)
[2025-08-01T01:20:02.677+0000] GC(388) Pause Young (Allocation Failure) 1267M->1181M(3641M) 98.728ms
[2025-08-01T01:20:02.677+0000] GC(388) User=0.74s Sys=0.03s Real=0.10s
[2025-08-01T01:20:02.767+0000] GC(389) Pause Young (Allocation Failure)
[2025-08-01T01:20:02.914+0000] GC(389) PSYoungGen: 843456K(931840K)->465920K(931840K) Eden: 465920K(465920K)->0K(465920K) From: 377536K(465920K)->465920K(465920K)
[2025-08-01T01:20:02.914+0000] GC(389) ParOldGen: 831973K(2796544K)->1238485K(2796544K)
[2025-08-01T01:20:02.914+0000] GC(389) Metaspace: 10058K(10240K)->10058K(10240K) NonClass: 8831K(8896K)->8831K(8896K) Class: 1226K(1344K)->1226K(1344K)
[2025-08-01T01:20:02.914+0000] GC(389) Pause Young (Allocation Failure) 1636M->1664M(3641M) 147.451ms
[2025-08-01T01:20:02.914+0000] GC(389) User=1.13s Sys=0.03s Real=0.15s
[2025-08-01T01:20:03.000+0000] GC(390) Pause Young (Allocation Failure)
[2025-08-01T01:20:03.096+0000] GC(390) PSYoungGen: 931840K(931840K)->202528K(931840K) Eden: 465920K(465920K)->0K(465920K) From: 465920K(465920K)->202528K(465920K)
[2025-08-01T01:20:03.096+0000] GC(390) ParOldGen: 1238485K(2796544K)->1365253K(2796544K)
[2025-08-01T01:20:03.096+0000] GC(390) Metaspace: 10058K(10240K)->10058K(10240K) NonClass: 8831K(8896K)->8831K(8896K) Class: 1226K(1344K)->1226K(1344K)
[2025-08-01T01:20:03.096+0000] GC(390) Pause Young (Allocation Failure) 2119M->1531M(3641M) 96.134ms
[2025-08-01T01:20:03.096+0000] GC(390) User=0.72s Sys=0.03s Real=0.10s
[2025-08-01T01:20:03.190+0000] GC(391) Pause Young (Allocation Failure)
[2025-08-01T01:20:03.311+0000] GC(391) PSYoungGen: 668448K(931840K)->465920K(931840K) Eden: 465920K(465920K)->0K(465920K) From: 202528K(465920K)->465920K(465920K)
[2025-08-01T01:20:03.311+0000] GC(391) ParOldGen: 1365253K(2796544K)->1589557K(2796544K)
[2025-08-01T01:20:03.311+0000] GC(391) Metaspace: 10058K(10240K)->10058K(10240K) NonClass: 8831K(8896K)->8831K(8896K) Class: 1226K(1344K)->1226K(1344K)
[2025-08-01T01:20:03.311+0000] GC(391) Pause Young (Allocation Failure) 1986M->2007M(3641M) 120.679ms
[2025-08-01T01:20:03.311+0000] GC(391) User=0.92s Sys=0.01s Real=0.12s
[2025-08-01T01:20:03.398+0000] GC(392) Pause Young (Allocation Failure)
[2025-08-01T01:20:03.533+0000] GC(392) PSYoungGen: 931840K(931840K)->393632K(931840K) Eden: 465920K(465920K)->0K(465920K) From: 465920K(465920K)->393632K(465920K)
[2025-08-01T01:20:03.534+0000] GC(392) ParOldGen: 1589557K(2796544K)->1968205K(2796544K)
[2025-08-01T01:20:03.534+0000] GC(392) Metaspace: 10058K(10240K)->10058K(10240K) NonClass: 8831K(8896K)->8831K(8896K) Class: 1226K(1344K)->1226K(1344K)
[2025-08-01T01:20:03.534+0000] GC(392) Pause Young (Allocation Failure) 2462M->2306M(3641M) 135.285ms
[2025-08-01T01:20:03.534+0000] GC(392) User=0.96s Sys=0.05s Real=0.14s
[2025-08-01T01:20:03.619+0000] GC(393) Pause Young (Allocation Failure)
[2025-08-01T01:20:03.801+0000] GC(393) PSYoungGen: 859552K(931840K)->465920K(931840K) Eden: 465920K(465920K)->0K(465920K) From: 393632K(465920K)->465920K(465920K)
[2025-08-01T01:20:03.801+0000] GC(393) ParOldGen: 1968205K(2796544K)->2394909K(2796544K)
[2025-08-01T01:20:03.801+0000] GC(393) Metaspace: 10058K(10240K)->10058K(10240K) NonClass: 8831K(8896K)->8831K(8896K) Class: 1226K(1344K)->1226K(1344K)
[2025-08-01T01:20:03.801+0000] GC(393) Pause Young (Allocation Failure) 2761M->2793M(3641M) 182.020ms
[2025-08-01T01:20:03.801+0000] GC(393) User=1.40s Sys=0.03s Real=0.18s
[2025-08-01T01:20:03.887+0000] GC(394) Pause Full (Ergonomics)
[2025-08-01T01:20:03.887+0000] GC(394) Marking Phase
[2025-08-01T01:20:03.918+0000] GC(394) Marking Phase 30.904ms
[2025-08-01T01:20:03.918+0000] GC(394) Summary Phase
[2025-08-01T01:20:03.918+0000] GC(394) Summary Phase 0.093ms
[2025-08-01T01:20:03.918+0000] GC(394) Adjust Roots
[2025-08-01T01:20:03.921+0000] GC(394) Adjust Roots 2.684ms
[2025-08-01T01:20:03.921+0000] GC(394) Compaction Phase
[2025-08-01T01:20:03.980+0000] GC(394) Compaction Phase 58.784ms
[2025-08-01T01:20:03.980+0000] GC(394) Post Compact
[2025-08-01T01:20:04.001+0000] GC(394) Post Compact 21.061ms
[2025-08-01T01:20:04.001+0000] GC(394) PSYoungGen: 931840K(931840K)->0K(931840K) Eden: 465920K(465920K)->0K(465920K) From: 465920K(465920K)->0K(465920K)
[2025-08-01T01:20:04.001+0000] GC(394) ParOldGen: 2394909K(2796544K)->386416K(2796544K)
[2025-08-01T01:20:04.001+0000] GC(394) Metaspace: 10058K(10240K)->10058K(10240K) NonClass: 8831K(8896K)->8831K(8896K) Class: 1226K(1344K)->1226K(1344K)
[2025-08-01T01:20:04.001+0000] GC(394) Pause Full (Ergonomics) 3248M->377M(3641M) 113.934ms
[2025-08-01T01:20:04.001+0000] GC(394) User=0.68s Sys=0.02s Real=0.11s
[2025-08-01T01:20:04.088+0000] GC(395) Pause Young (Allocation Failure)
[2025-08-01T01:20:04.214+0000] GC(395) PSYoungGen: 465920K(931840K)->465920K(931840K) Eden: 465920K(465920K)->0K(465920K) From: 0K(465920K)->465920K(465920K)
[2025-08-01T01:20:04.214+0000] GC(395) ParOldGen: 386416K(2796544K)->390872K(2796544K)
[2025-08-01T01:20:04.214+0000] GC(395) Metaspace: 10058K(10240K)->10058K(10240K) NonClass: 8831K(8896K)->8831K(8896K) Class: 1226K(1344K)->1226K(1344K)
[2025-08-01T01:20:04.214+0000] GC(395) Pause Young (Allocation Failure) 832M->836M(3641M) 125.871ms
[2025-08-01T01:20:04.214+0000] GC(395) User=0.95s Sys=0.04s Real=0.13s
[2025-08-01T01:20:04.303+0000] GC(396) Pause Young (Allocation Failure)
[2025-08-01T01:20:04.439+0000] GC(396) PSYoungGen: 931840K(931840K)->377952K(931840K) Eden: 465920K(465920K)->0K(465920K) From: 465920K(465920K)->377952K(465920K)
[2025-08-01T01:20:04.439+0000] GC(396) ParOldGen: 390872K(2796544K)->770640K(2796544K)
[2025-08-01T01:20:04.439+0000] GC(396) Metaspace: 10058K(10240K)->10058K(10240K) NonClass: 8831K(8896K)->8831K(8896K) Class: 1226K(1344K)->1226K(1344K)
[2025-08-01T01:20:04.440+0000] GC(396) Pause Young (Allocation Failure) 1291M->1121M(3641M) 136.157ms
[2025-08-01T01:20:04.440+0000] GC(396) User=1.01s Sys=0.03s Real=0.13s
[2025-08-01T01:20:04.525+0000] GC(397) Pause Young (Allocation Failure)
[2025-08-01T01:20:04.674+0000] GC(397) PSYoungGen: 843872K(931840K)->465920K(931840K) Eden: 465920K(465920K)->0K(465920K) From: 377952K(465920K)->465920K(465920K)
[2025-08-01T01:20:04.674+0000] GC(397) ParOldGen: 770640K(2796544K)->1176792K(2796544K)
[2025-08-01T01:20:04.674+0000] GC(397) Metaspace: 10058K(10240K)->10058K(10240K) NonClass: 8831K(8896K)->8831K(8896K) Class: 1226K(1344K)->1226K(1344K)
[2025-08-01T01:20:04.674+0000] GC(397) Pause Young (Allocation Failure) 1576M->1604M(3641M) 149.131ms
[2025-08-01T01:20:04.674+0000] GC(397) User=1.09s Sys=0.03s Real=0.15s
[2025-08-01T01:20:04.766+0000] GC(398) Pause Young (Allocation Failure)
[2025-08-01T01:20:04.873+0000] GC(398) PSYoungGen: 931840K(931840K)->216800K(931840K) Eden: 465920K(465920K)->0K(465920K) From: 465920K(465920K)->216800K(465920K)
[2025-08-01T01:20:04.873+0000] GC(398) ParOldGen: 1176792K(2796544K)->1311472K(2796544K)
[2025-08-01T01:20:04.873+0000] GC(398) Metaspace: 10058K(10240K)->10058K(10240K) NonClass: 8831K(8896K)->8831K(8896K) Class: 1226K(1344K)->1226K(1344K)
[2025-08-01T01:20:04.873+0000] GC(398) Pause Young (Allocation Failure) 2059M->1492M(3641M) 107.500ms
[2025-08-01T01:20:04.873+0000] GC(398) User=0.82s Sys=0.02s Real=0.11s
[2025-08-01T01:20:04.963+0000] GC(399) Pause Young (Allocation Failure)
[2025-08-01T01:20:05.091+0000] GC(399) PSYoungGen: 682720K(931840K)->465920K(931840K) Eden: 465920K(465920K)->0K(465920K) From: 216800K(465920K)->465920K(465920K)
[2025-08-01T01:20:05.091+0000] GC(399) ParOldGen: 1311472K(2796544K)->1547152K(2796544K)
[2025-08-01T01:20:05.091+0000] GC(399) Metaspace: 10058K(10240K)->10058K(10240K) NonClass: 8831K(8896K)->8831K(8896K) Class: 1226K(1344K)->1226K(1344K)
[2025-08-01T01:20:05.091+0000] GC(399) Pause Young (Allocation Failure) 1947M->1965M(3641M) 127.464ms
[2025-08-01T01:20:05.091+0000] GC(399) User=0.94s Sys=0.05s Real=0.12s
[2025-08-01T01:20:05.177+0000] GC(400) Pause Young (Allocation Failure)
[2025-08-01T01:20:05.309+0000] GC(400) PSYoungGen: 931840K(931840K)->377184K(931840K) Eden: 465920K(465920K)->0K(465920K) From: 465920K(465920K)->377184K(465920K)
[2025-08-01T01:20:05.309+0000] GC(400) ParOldGen: 1547152K(2796544K)->1939160K(2796544K)
[2025-08-01T01:20:05.309+0000] GC(400) Metaspace: 10058K(10240K)->10058K(10240K) NonClass: 8831K(8896K)->8831K(8896K) Class: 1226K(1344K)->1226K(1344K)
[2025-08-01T01:20:05.309+0000] GC(400) Pause Young (Allocation Failure) 2420M->2262M(3641M) 132.195ms
[2025-08-01T01:20:05.309+0000] GC(400) User=1.00s Sys=0.03s Real=0.13s
[2025-08-01T01:20:05.399+0000] GC(401) Pause Young (Allocation Failure)
[2025-08-01T01:20:05.543+0000] GC(401) PSYoungGen: 843104K(931840K)->465920K(931840K) Eden: 465920K(465920K)->0K(465920K) From: 377184K(465920K)->465920K(465920K)
[2025-08-01T01:20:05.543+0000] GC(401) ParOldGen: 1939160K(2796544K)->2346728K(2796544K)
[2025-08-01T01:20:05.543+0000] GC(401) Metaspace: 10058K(10240K)->10058K(10240K) NonClass: 8831K(8896K)->8831K(8896K) Class: 1226K(1344K)->1226K(1344K)
[2025-08-01T01:20:05.543+0000] GC(401) Pause Young (Allocation Failure) 2717M->2746M(3641M) 144.513ms
[2025-08-01T01:20:05.543+0000] GC(401) User=1.13s Sys=0.02s Real=0.15s
[2025-08-01T01:20:05.634+0000] GC(402) Pause Full (Ergonomics)
[2025-08-01T01:20:05.634+0000] GC(402) Marking Phase
[2025-08-01T01:20:05.657+0000] GC(402) Marking Phase 23.112ms
[2025-08-01T01:20:05.657+0000] GC(402) Summary Phase
[2025-08-01T01:20:05.658+0000] GC(402) Summary Phase 0.070ms
[2025-08-01T01:20:05.658+0000] GC(402) Adjust Roots
[2025-08-01T01:20:05.659+0000] GC(402) Adjust Roots 1.359ms
[2025-08-01T01:20:05.659+0000] GC(402) Compaction Phase
[2025-08-01T01:20:05.713+0000] GC(402) Compaction Phase 54.470ms
[2025-08-01T01:20:05.713+0000] GC(402) Post Compact
[2025-08-01T01:20:05.735+0000] GC(402) Post Compact 21.860ms
[2025-08-01T01:20:05.735+0000] GC(402) PSYoungGen: 931840K(931840K)->0K(931840K) Eden: 465920K(465920K)->0K(465920K) From: 465920K(465920K)->0K(465920K)
[2025-08-01T01:20:05.735+0000] GC(402) ParOldGen: 2346728K(2796544K)->398416K(2796544K)
[2025-08-01T01:20:05.735+0000] GC(402) Metaspace: 10058K(10240K)->10058K(10240K) NonClass: 8831K(8896K)->8831K(8896K) Class: 1226K(1344K)->1226K(1344K)
[2025-08-01T01:20:05.735+0000] GC(402) Pause Full (Ergonomics) 3201M->389M(3641M) 101.235ms
[2025-08-01T01:20:05.736+0000] GC(402) User=0.60s Sys=0.00s Real=0.10s
[2025-08-01T01:20:05.825+0000] GC(403) Pause Young (Allocation Failure)
[2025-08-01T01:20:05.937+0000] GC(403) PSYoungGen: 465920K(931840K)->465920K(931840K) Eden: 465920K(465920K)->0K(465920K) From: 0K(465920K)->465920K(465920K)
[2025-08-01T01:20:05.937+0000] GC(403) ParOldGen: 398416K(2796544K)->406544K(2796544K)
[2025-08-01T01:20:05.937+0000] GC(403) Metaspace: 10058K(10240K)->10058K(10240K) NonClass: 8831K(8896K)->8831K(8896K) Class: 1226K(1344K)->1226K(1344K)
[2025-08-01T01:20:05.937+0000] GC(403) Pause Young (Allocation Failure) 844M->852M(3641M) 112.695ms
[2025-08-01T01:20:05.937+0000] GC(403) User=0.85s Sys=0.03s Real=0.11s
[2025-08-01T01:20:06.076+0000] GC(404) Pause Young (Allocation Failure)
[2025-08-01T01:20:06.212+0000] GC(404) PSYoungGen: 931840K(931840K)->366048K(931840K) Eden: 465920K(465920K)->0K(465920K) From: 465920K(465920K)->366048K(465920K)
[2025-08-01T01:20:06.212+0000] GC(404) ParOldGen: 406544K(2796544K)->786144K(2796544K)
[2025-08-01T01:20:06.212+0000] GC(404) Metaspace: 10058K(10240K)->10058K(10240K) NonClass: 8831K(8896K)->8831K(8896K) Class: 1226K(1344K)->1226K(1344K)
[2025-08-01T01:20:06.212+0000] GC(404) Pause Young (Allocation Failure) 1307M->1125M(3641M) 136.283ms
[2025-08-01T01:20:06.212+0000] GC(404) User=1.02s Sys=0.04s Real=0.13s
[2025-08-01T01:20:06.304+0000] GC(405) Pause Young (Allocation Failure)
[2025-08-01T01:20:06.447+0000] GC(405) PSYoungGen: 831968K(931840K)->465920K(931840K) Eden: 465920K(465920K)->0K(465920K) From: 366048K(465920K)->465920K(465920K)
[2025-08-01T01:20:06.447+0000] GC(405) ParOldGen: 786144K(2796544K)->1182496K(2796544K)
[2025-08-01T01:20:06.447+0000] GC(405) Metaspace: 10058K(10240K)->10058K(10240K) NonClass: 8831K(8896K)->8831K(8896K) Class: 1226K(1344K)->1226K(1344K)
[2025-08-01T01:20:06.447+0000] GC(405) Pause Young (Allocation Failure) 1580M->1609M(3641M) 143.160ms
[2025-08-01T01:20:06.447+0000] GC(405) User=1.10s Sys=0.02s Real=0.14s
[2025-08-01T01:20:06.546+0000] GC(406) Pause Young (Allocation Failure)
[2025-08-01T01:20:06.633+0000] GC(406) PSYoungGen: 931840K(931840K)->271840K(931840K) Eden: 465920K(465920K)->0K(465920K) From: 465920K(465920K)->271840K(465920K)
[2025-08-01T01:20:06.633+0000] GC(406) ParOldGen: 1182496K(2796544K)->1308656K(2796544K)
[2025-08-01T01:20:06.633+0000] GC(406) Metaspace: 10058K(10240K)->10058K(10240K) NonClass: 8831K(8896K)->8831K(8896K) Class: 1226K(1344K)->1226K(1344K)
[2025-08-01T01:20:06.633+0000] GC(406) Pause Young (Allocation Failure) 2064M->1543M(3641M) 87.634ms
[2025-08-01T01:20:06.633+0000] GC(406) User=0.60s Sys=0.03s Real=0.09s
[2025-08-01T01:20:06.729+0000] GC(407) Pause Young (Allocation Failure)
[2025-08-01T01:20:06.924+0000] GC(407) PSYoungGen: 737760K(931840K)->465920K(931840K) Eden: 465920K(465920K)->0K(465920K) From: 271840K(465920K)->465920K(465920K)
[2025-08-01T01:20:06.924+0000] GC(407) ParOldGen: 1308656K(2796544K)->1604176K(2796544K)
[2025-08-01T01:20:06.924+0000] GC(407) Metaspace: 10058K(10240K)->10058K(10240K) NonClass: 8831K(8896K)->8831K(8896K) Class: 1226K(1344K)->1226K(1344K)
[2025-08-01T01:20:06.924+0000] GC(407) Pause Young (Allocation Failure) 1998M->2021M(3641M) 194.259ms
[2025-08-01T01:20:06.924+0000] GC(407) User=1.50s Sys=0.02s Real=0.20s
[2025-08-01T01:20:07.015+0000] GC(408) Pause Young (Allocation Failure)
[2025-08-01T01:20:07.212+0000] GC(408) PSYoungGen: 931840K(931840K)->465920K(931840K) Eden: 465920K(465920K)->0K(465920K) From: 465920K(465920K)->465920K(465920K)
[2025-08-01T01:20:07.212+0000] GC(408) ParOldGen: 1604176K(2796544K)->2107584K(2796544K)
[2025-08-01T01:20:07.212+0000] GC(408) Metaspace: 10058K(10240K)->10058K(10240K) NonClass: 8831K(8896K)->8831K(8896K) Class: 1226K(1344K)->1226K(1344K)
[2025-08-01T01:20:07.212+0000] GC(408) Pause Young (Allocation Failure) 2476M->2513M(3641M) 196.620ms
[2025-08-01T01:20:07.212+0000] GC(408) User=1.53s Sys=0.02s Real=0.19s
[2025-08-01T01:20:07.362+0000] GC(409) Pause Young (Allocation Failure)
[2025-08-01T01:20:07.545+0000] GC(409) PSYoungGen: 931840K(931840K)->330176K(931840K) Eden: 465920K(465920K)->0K(465920K) From: 465920K(465920K)->330176K(465920K)
[2025-08-01T01:20:07.545+0000] GC(409) ParOldGen: 2107584K(2796544K)->2333256K(2796544K)
[2025-08-01T01:20:07.545+0000] GC(409) Metaspace: 10058K(10240K)->10058K(10240K) NonClass: 8831K(8896K)->8831K(8896K) Class: 1226K(1344K)->1226K(1344K)
[2025-08-01T01:20:07.545+0000] GC(409) Pause Young (Allocation Failure) 2968M->2601M(3641M) 183.043ms
[2025-08-01T01:20:07.545+0000] GC(409) User=1.36s Sys=0.05s Real=0.19s
[2025-08-01T01:20:07.644+0000] GC(410) Pause Full (Ergonomics)
[2025-08-01T01:20:07.644+0000] GC(410) Marking Phase
[2025-08-01T01:20:07.671+0000] GC(410) Marking Phase 26.914ms
[2025-08-01T01:20:07.671+0000] GC(410) Summary Phase
[2025-08-01T01:20:07.671+0000] GC(410) Summary Phase 0.071ms
[2025-08-01T01:20:07.671+0000] GC(410) Adjust Roots
[2025-08-01T01:20:07.673+0000] GC(410) Adjust Roots 1.562ms
[2025-08-01T01:20:07.673+0000] GC(410) Compaction Phase
[2025-08-01T01:20:07.729+0000] GC(410) Compaction Phase 55.618ms
[2025-08-01T01:20:07.729+0000] GC(410) Post Compact
[2025-08-01T01:20:07.750+0000] GC(410) Post Compact 20.842ms
[2025-08-01T01:20:07.750+0000] GC(410) PSYoungGen: 796096K(931840K)->0K(931840K) Eden: 465920K(465920K)->0K(465920K) From: 330176K(465920K)->0K(465920K)
[2025-08-01T01:20:07.750+0000] GC(410) ParOldGen: 2333256K(2796544K)->416704K(2796544K)
[2025-08-01T01:20:07.750+0000] GC(410) Metaspace: 10058K(10240K)->10058K(10240K) NonClass: 8831K(8896K)->8831K(8896K) Class: 1226K(1344K)->1226K(1344K)
[2025-08-01T01:20:07.750+0000] GC(410) Pause Full (Ergonomics) 3056M->406M(3641M) 105.769ms
[2025-08-01T01:20:07.750+0000] GC(410) User=0.58s Sys=0.01s Real=0.10s
[2025-08-01T01:20:07.844+0000] GC(411) Pause Young (Allocation Failure)
[2025-08-01T01:20:07.938+0000] GC(411) PSYoungGen: 465920K(931840K)->465920K(931840K) Eden: 465920K(465920K)->0K(465920K) From: 0K(465920K)->465920K(465920K)
[2025-08-01T01:20:07.938+0000] GC(411) ParOldGen: 416704K(2796544K)->425112K(2796544K)
[2025-08-01T01:20:07.938+0000] GC(411) Metaspace: 10058K(10240K)->10058K(10240K) NonClass: 8831K(8896K)->8831K(8896K) Class: 1226K(1344K)->1226K(1344K)
[2025-08-01T01:20:07.938+0000] GC(411) Pause Young (Allocation Failure) 861M->870M(3641M) 94.438ms
[2025-08-01T01:20:07.938+0000] GC(411) User=0.68s Sys=0.03s Real=0.09s
[2025-08-01T01:20:08.035+0000] GC(412) Pause Young (Allocation Failure)
[2025-08-01T01:20:08.192+0000] GC(412) PSYoungGen: 931840K(931840K)->465920K(931840K) Eden: 465920K(465920K)->0K(465920K) From: 465920K(465920K)->465920K(465920K)
[2025-08-01T01:20:08.192+0000] GC(412) ParOldGen: 425112K(2796544K)->928912K(2796544K)
[2025-08-01T01:20:08.192+0000] GC(412) Metaspace: 10058K(10240K)->10058K(10240K) NonClass: 8831K(8896K)->8831K(8896K) Class: 1226K(1344K)->1226K(1344K)
[2025-08-01T01:20:08.192+0000] GC(412) Pause Young (Allocation Failure) 1325M->1362M(3641M) 157.075ms
[2025-08-01T01:20:08.192+0000] GC(412) User=1.20s Sys=0.02s Real=0.15s
[2025-08-01T01:20:08.339+0000] GC(413) Pause Young (Allocation Failure)
[2025-08-01T01:20:08.449+0000] GC(413) PSYoungGen: 931840K(931840K)->348928K(931840K) Eden: 465920K(465920K)->0K(465920K) From: 465920K(465920K)->348928K(465920K)
[2025-08-01T01:20:08.449+0000] GC(413) ParOldGen: 928912K(2796544K)->1178800K(2796544K)
[2025-08-01T01:20:08.449+0000] GC(413) Metaspace: 10058K(10240K)->10058K(10240K) NonClass: 8831K(8896K)->8831K(8896K) Class: 1226K(1344K)->1226K(1344K)
[2025-08-01T01:20:08.449+0000] GC(413) Pause Young (Allocation Failure) 1817M->1491M(3641M) 109.841ms
[2025-08-01T01:20:08.449+0000] GC(413) User=0.83s Sys=0.02s Real=0.11s
[2025-08-01T01:20:08.544+0000] GC(414) Pause Young (Allocation Failure)
[2025-08-01T01:20:08.651+0000] GC(414) PSYoungGen: 814848K(931840K)->302592K(931840K) Eden: 465920K(465920K)->0K(465920K) From: 348928K(465920K)->302592K(465920K)
[2025-08-01T01:20:08.651+0000] GC(414) ParOldGen: 1178800K(2796544K)->1301120K(2796544K)
[2025-08-01T01:20:08.651+0000] GC(414) Metaspace: 10058K(10240K)->10058K(10240K) NonClass: 8831K(8896K)->8831K(8896K) Class: 1226K(1344K)->1226K(1344K)
[2025-08-01T01:20:08.651+0000] GC(414) Pause Young (Allocation Failure) 1946M->1566M(3641M) 107.092ms
[2025-08-01T01:20:08.651+0000] GC(414) User=0.78s Sys=0.04s Real=0.10s
[2025-08-01T01:20:08.742+0000] GC(415) Pause Young (Allocation Failure)
[2025-08-01T01:20:08.867+0000] GC(415) PSYoungGen: 768512K(931840K)->465920K(931840K) Eden: 465920K(465920K)->0K(465920K) From: 302592K(465920K)->465920K(465920K)
[2025-08-01T01:20:08.867+0000] GC(415) ParOldGen: 1301120K(2796544K)->1629688K(2796544K)
[2025-08-01T01:20:08.867+0000] GC(415) Metaspace: 10058K(10240K)->10058K(10240K) NonClass: 8831K(8896K)->8831K(8896K) Class: 1226K(1344K)->1226K(1344K)
[2025-08-01T01:20:08.867+0000] GC(415) Pause Young (Allocation Failure) 2021M->2046M(3641M) 124.804ms
[2025-08-01T01:20:08.867+0000] GC(415) User=0.96s Sys=0.03s Real=0.13s
[2025-08-01T01:20:08.961+0000] GC(416) Pause Young (Allocation Failure)
[2025-08-01T01:20:09.139+0000] GC(416) PSYoungGen: 931840K(931840K)->465920K(931840K) Eden: 465920K(465920K)->0K(465920K) From: 465920K(465920K)->465920K(465920K)
[2025-08-01T01:20:09.139+0000] GC(416) ParOldGen: 1629688K(2796544K)->2131904K(2796544K)
[2025-08-01T01:20:09.139+0000] GC(416) Metaspace: 10058K(10240K)->10058K(10240K) NonClass: 8831K(8896K)->8831K(8896K) Class: 1226K(1344K)->1226K(1344K)
[2025-08-01T01:20:09.139+0000] GC(416) Pause Young (Allocation Failure) 2501M->2536M(3641M) 178.236ms
[2025-08-01T01:20:09.139+0000] GC(416) User=1.29s Sys=0.04s Real=0.18s
[2025-08-01T01:20:09.228+0000] GC(417) Pause Full (Ergonomics)
[2025-08-01T01:20:09.228+0000] GC(417) Marking Phase
[2025-08-01T01:20:09.316+0000] GC(417) Marking Phase 88.175ms
[2025-08-01T01:20:09.316+0000] GC(417) Summary Phase
[2025-08-01T01:20:09.316+0000] GC(417) Summary Phase 0.177ms
[2025-08-01T01:20:09.316+0000] GC(417) Adjust Roots
[2025-08-01T01:20:09.321+0000] GC(417) Adjust Roots 4.237ms
[2025-08-01T01:20:09.321+0000] GC(417) Compaction Phase
[2025-08-01T01:20:09.469+0000] GC(417) Compaction Phase 148.033ms
[2025-08-01T01:20:09.469+0000] GC(417) Post Compact
[2025-08-01T01:20:09.490+0000] GC(417) Post Compact 20.564ms
[2025-08-01T01:20:09.490+0000] GC(417) PSYoungGen: 931840K(931840K)->0K(931840K) Eden: 465920K(465920K)->0K(465920K) From: 465920K(465920K)->0K(465920K)
[2025-08-01T01:20:09.490+0000] GC(417) ParOldGen: 2131904K(2796544K)->897903K(2796544K)
[2025-08-01T01:20:09.490+0000] GC(417) Metaspace: 10058K(10240K)->10058K(10240K) NonClass: 8831K(8896K)->8831K(8896K) Class: 1226K(1344K)->1226K(1344K)
[2025-08-01T01:20:09.490+0000] GC(417) Pause Full (Ergonomics) 2991M->876M(3641M) 261.749ms
[2025-08-01T01:20:09.490+0000] GC(417) User=1.83s Sys=0.03s Real=0.26s
[2025-08-01T01:20:09.574+0000] GC(418) Pause Young (Allocation Failure)
[2025-08-01T01:20:09.662+0000] GC(418) PSYoungGen: 465920K(931840K)->334016K(931840K) Eden: 465920K(465920K)->0K(465920K) From: 0K(465920K)->334016K(465920K)
[2025-08-01T01:20:09.662+0000] GC(418) ParOldGen: 897903K(2796544K)->897903K(2796544K)
[2025-08-01T01:20:09.662+0000] GC(418) Metaspace: 10058K(10240K)->10058K(10240K) NonClass: 8831K(8896K)->8831K(8896K) Class: 1226K(1344K)->1226K(1344K)
[2025-08-01T01:20:09.662+0000] GC(418) Pause Young (Allocation Failure) 1331M->1203M(3641M) 88.203ms
[2025-08-01T01:20:09.662+0000] GC(418) User=0.63s Sys=0.05s Real=0.08s
[2025-08-01T01:20:09.752+0000] GC(419) Pause Young (Allocation Failure)
[2025-08-01T01:20:09.895+0000] GC(419) PSYoungGen: 799936K(931840K)->465920K(931840K) Eden: 465920K(465920K)->0K(465920K) From: 334016K(465920K)->465920K(465920K)
[2025-08-01T01:20:09.895+0000] GC(419) ParOldGen: 897903K(2796544K)->1259415K(2796544K)
[2025-08-01T01:20:09.895+0000] GC(419) Metaspace: 10058K(10240K)->10058K(10240K) NonClass: 8831K(8896K)->8831K(8896K) Class: 1226K(1344K)->1226K(1344K)
[2025-08-01T01:20:09.895+0000] GC(419) Pause Young (Allocation Failure) 1658M->1684M(3641M) 142.944ms
[2025-08-01T01:20:09.895+0000] GC(419) User=1.08s Sys=0.04s Real=0.15s
[2025-08-01T01:20:09.988+0000] GC(420) Pause Young (Allocation Failure)
[2025-08-01T01:20:10.141+0000] GC(420) PSYoungGen: 931840K(931840K)->465920K(931840K) Eden: 465920K(465920K)->0K(465920K) From: 465920K(465920K)->465920K(465920K)
[2025-08-01T01:20:10.141+0000] GC(420) ParOldGen: 1259415K(2796544K)->1760135K(2796544K)
[2025-08-01T01:20:10.141+0000] GC(420) Metaspace: 10058K(10240K)->10058K(10240K) NonClass: 8831K(8896K)->8831K(8896K) Class: 1226K(1344K)->1226K(1344K)
[2025-08-01T01:20:10.141+0000] GC(420) Pause Young (Allocation Failure) 2139M->2173M(3641M) 153.715ms
[2025-08-01T01:20:10.141+0000] GC(420) User=1.17s Sys=0.03s Real=0.15s
[2025-08-01T01:20:10.230+0000] GC(421) Pause Young (Allocation Failure)
[2025-08-01T01:20:10.357+0000] GC(421) PSYoungGen: 931840K(931840K)->438816K(931840K) Eden: 465920K(465920K)->0K(465920K) From: 465920K(465920K)->438816K(465920K)
[2025-08-01T01:20:10.357+0000] GC(421) ParOldGen: 1760135K(2796544K)->2132855K(2796544K)
[2025-08-01T01:20:10.357+0000] GC(421) Metaspace: 10058K(10240K)->10058K(10240K) NonClass: 8831K(8896K)->8831K(8896K) Class: 1226K(1344K)->1226K(1344K)
[2025-08-01T01:20:10.357+0000] GC(421) Pause Young (Allocation Failure) 2628M->2511M(3641M) 127.124ms
[2025-08-01T01:20:10.357+0000] GC(421) User=0.97s Sys=0.02s Real=0.13s
[2025-08-01T01:20:10.446+0000] GC(422) Pause Full (Ergonomics)
[2025-08-01T01:20:10.446+0000] GC(422) Marking Phase
[2025-08-01T01:20:10.477+0000] GC(422) Marking Phase 31.734ms
[2025-08-01T01:20:10.477+0000] GC(422) Summary Phase
[2025-08-01T01:20:10.478+0000] GC(422) Summary Phase 0.063ms
[2025-08-01T01:20:10.478+0000] GC(422) Adjust Roots
[2025-08-01T01:20:10.479+0000] GC(422) Adjust Roots 1.375ms
[2025-08-01T01:20:10.479+0000] GC(422) Compaction Phase
[2025-08-01T01:20:10.539+0000] GC(422) Compaction Phase 60.420ms
[2025-08-01T01:20:10.539+0000] GC(422) Post Compact
[2025-08-01T01:20:10.560+0000] GC(422) Post Compact 20.849ms
[2025-08-01T01:20:10.560+0000] GC(422) PSYoungGen: 904736K(931840K)->0K(931840K) Eden: 465920K(465920K)->0K(465920K) From: 438816K(465920K)->0K(465920K)
[2025-08-01T01:20:10.560+0000] GC(422) ParOldGen: 2132855K(2796544K)->444853K(2796544K)
[2025-08-01T01:20:10.560+0000] GC(422) Metaspace: 10058K(10240K)->10058K(10240K) NonClass: 8831K(8896K)->8831K(8896K) Class: 1226K(1344K)->1226K(1344K)
[2025-08-01T01:20:10.560+0000] GC(422) Pause Full (Ergonomics) 2966M->434M(3641M) 114.779ms
[2025-08-01T01:20:10.560+0000] GC(422) User=0.70s Sys=0.01s Real=0.11s
[2025-08-01T01:20:10.647+0000] GC(423) Pause Young (Allocation Failure)
[2025-08-01T01:20:10.735+0000] GC(423) PSYoungGen: 465920K(931840K)->465920K(931840K) Eden: 465920K(465920K)->0K(465920K) From: 0K(465920K)->465920K(465920K)
[2025-08-01T01:20:10.735+0000] GC(423) ParOldGen: 444853K(2796544K)->451837K(2796544K)
[2025-08-01T01:20:10.735+0000] GC(423) Metaspace: 10058K(10240K)->10058K(10240K) NonClass: 8831K(8896K)->8831K(8896K) Class: 1226K(1344K)->1226K(1344K)
[2025-08-01T01:20:10.735+0000] GC(423) Pause Young (Allocation Failure) 889M->896M(3641M) 88.193ms
[2025-08-01T01:20:10.735+0000] GC(423) User=0.66s Sys=0.02s Real=0.09s
[2025-08-01T01:20:10.828+0000] GC(424) Pause Young (Allocation Failure)
[2025-08-01T01:20:10.998+0000] GC(424) PSYoungGen: 931840K(931840K)->465920K(931840K) Eden: 465920K(465920K)->0K(465920K) From: 465920K(465920K)->465920K(465920K)
[2025-08-01T01:20:10.998+0000] GC(424) ParOldGen: 451837K(2796544K)->956117K(2796544K)
[2025-08-01T01:20:10.998+0000] GC(424) Metaspace: 10058K(10240K)->10058K(10240K) NonClass: 8831K(8896K)->8831K(8896K) Class: 1226K(1344K)->1226K(1344K)
[2025-08-01T01:20:10.998+0000] GC(424) Pause Young (Allocation Failure) 1351M->1388M(3641M) 169.972ms
[2025-08-01T01:20:10.998+0000] GC(424) User=1.30s Sys=0.05s Real=0.17s
[2025-08-01T01:20:11.088+0000] GC(425) Pause Young (Allocation Failure)
[2025-08-01T01:20:11.220+0000] GC(425) PSYoungGen: 931840K(931840K)->427872K(931840K) Eden: 465920K(465920K)->0K(465920K) From: 465920K(465920K)->427872K(465920K)
[2025-08-01T01:20:11.220+0000] GC(425) ParOldGen: 956117K(2796544K)->1319813K(2796544K)
[2025-08-01T01:20:11.220+0000] GC(425) Metaspace: 10058K(10240K)->10058K(10240K) NonClass: 8831K(8896K)->8831K(8896K) Class: 1226K(1344K)->1226K(1344K)
[2025-08-01T01:20:11.220+0000] GC(425) Pause Young (Allocation Failure) 1843M->1706M(3641M) 132.449ms
[2025-08-01T01:20:11.220+0000] GC(425) User=0.99s Sys=0.02s Real=0.13s
[2025-08-01T01:20:11.312+0000] GC(426) Pause Young (Allocation Failure)
[2025-08-01T01:20:11.392+0000] GC(426) PSYoungGen: 893792K(931840K)->360128K(931840K) Eden: 465920K(465920K)->0K(465920K) From: 427872K(465920K)->360128K(465920K)
[2025-08-01T01:20:11.392+0000] GC(426) ParOldGen: 1319813K(2796544K)->1404685K(2796544K)
[2025-08-01T01:20:11.392+0000] GC(426) Metaspace: 10058K(10240K)->10058K(10240K) NonClass: 8831K(8896K)->8831K(8896K) Class: 1226K(1344K)->1226K(1344K)
[2025-08-01T01:20:11.392+0000] GC(426) Pause Young (Allocation Failure) 2161M->1723M(3641M) 79.684ms
[2025-08-01T01:20:11.392+0000] GC(426) User=0.61s Sys=0.03s Real=0.08s
[2025-08-01T01:20:11.483+0000] GC(427) Pause Young (Allocation Failure)
[2025-08-01T01:20:11.627+0000] GC(427) PSYoungGen: 826048K(931840K)->465920K(931840K) Eden: 465920K(465920K)->0K(465920K) From: 360128K(465920K)->465920K(465920K)
[2025-08-01T01:20:11.627+0000] GC(427) ParOldGen: 1404685K(2796544K)->1793029K(2796544K)
[2025-08-01T01:20:11.627+0000] GC(427) Metaspace: 10058K(10240K)->10058K(10240K) NonClass: 8831K(8896K)->8831K(8896K) Class: 1226K(1344K)->1226K(1344K)
[2025-08-01T01:20:11.627+0000] GC(427) Pause Young (Allocation Failure) 2178M->2206M(3641M) 143.701ms
[2025-08-01T01:20:11.627+0000] GC(427) User=1.10s Sys=0.03s Real=0.14s
[2025-08-01T01:20:11.714+0000] GC(428) Pause Young (Allocation Failure)
[2025-08-01T01:20:11.848+0000] GC(428) PSYoungGen: 931840K(931840K)->348288K(931840K) Eden: 465920K(465920K)->0K(465920K) From: 465920K(465920K)->348288K(465920K)
[2025-08-01T01:20:11.849+0000] GC(428) ParOldGen: 1793029K(2796544K)->2118821K(2796544K)
[2025-08-01T01:20:11.849+0000] GC(428) Metaspace: 10058K(10240K)->10058K(10240K) NonClass: 8831K(8896K)->8831K(8896K) Class: 1226K(1344K)->1226K(1344K)
[2025-08-01T01:20:11.849+0000] GC(428) Pause Young (Allocation Failure) 2661M->2409M(3641M) 134.836ms
[2025-08-01T01:20:11.849+0000] GC(428) User=0.93s Sys=0.06s Real=0.13s
[2025-08-01T01:20:11.937+0000] GC(429) Pause Full (Ergonomics)
[2025-08-01T01:20:11.937+0000] GC(429) Marking Phase
[2025-08-01T01:20:12.066+0000] GC(429) Marking Phase 128.206ms
[2025-08-01T01:20:12.066+0000] GC(429) Summary Phase
[2025-08-01T01:20:12.066+0000] GC(429) Summary Phase 0.161ms
[2025-08-01T01:20:12.066+0000] GC(429) Adjust Roots
[2025-08-01T01:20:12.069+0000] GC(429) Adjust Roots 3.181ms
[2025-08-01T01:20:12.069+0000] GC(429) Compaction Phase
[2025-08-01T01:20:12.286+0000] GC(429) Compaction Phase 216.144ms
[2025-08-01T01:20:12.286+0000] GC(429) Post Compact
[2025-08-01T01:20:12.305+0000] GC(429) Post Compact 19.296ms
[2025-08-01T01:20:12.305+0000] GC(429) PSYoungGen: 814208K(931840K)->0K(931840K) Eden: 465920K(465920K)->0K(465920K) From: 348288K(465920K)->0K(465920K)
[2025-08-01T01:20:12.305+0000] GC(429) ParOldGen: 2118821K(2796544K)->1382698K(2796544K)
[2025-08-01T01:20:12.305+0000] GC(429) Metaspace: 10058K(10240K)->10058K(10240K) NonClass: 8831K(8896K)->8831K(8896K) Class: 1226K(1344K)->1226K(1344K)
[2025-08-01T01:20:12.305+0000] GC(429) Pause Full (Ergonomics) 2864M->1350M(3641M) 367.605ms
[2025-08-01T01:20:12.305+0000] GC(429) User=2.65s Sys=0.04s Real=0.37s
[2025-08-01T01:20:12.399+0000] GC(430) Pause Young (Allocation Failure)
[2025-08-01T01:20:12.459+0000] GC(430) PSYoungGen: 465920K(931840K)->323616K(931840K) Eden: 465920K(465920K)->0K(465920K) From: 0K(465920K)->323616K(465920K)
[2025-08-01T01:20:12.459+0000] GC(430) ParOldGen: 1382698K(2796544K)->1382698K(2796544K)
[2025-08-01T01:20:12.459+0000] GC(430) Metaspace: 10058K(10240K)->10058K(10240K) NonClass: 8831K(8896K)->8831K(8896K) Class: 1226K(1344K)->1226K(1344K)
[2025-08-01T01:20:12.459+0000] GC(430) Pause Young (Allocation Failure) 1805M->1666M(3641M) 60.198ms
[2025-08-01T01:20:12.459+0000] GC(430) User=0.42s Sys=0.01s Real=0.06s
[2025-08-01T01:20:12.559+0000] GC(431) Pause Young (Allocation Failure)
[2025-08-01T01:20:12.749+0000] GC(431) PSYoungGen: 789536K(931840K)->465920K(931840K) Eden: 465920K(465920K)->0K(465920K) From: 323616K(465920K)->465920K(465920K)
[2025-08-01T01:20:12.749+0000] GC(431) ParOldGen: 1382698K(2796544K)->1734274K(2796544K)
[2025-08-01T01:20:12.749+0000] GC(431) Metaspace: 10058K(10240K)->10058K(10240K) NonClass: 8831K(8896K)->8831K(8896K) Class: 1226K(1344K)->1226K(1344K)
[2025-08-01T01:20:12.749+0000] GC(431) Pause Young (Allocation Failure) 2121M->2148M(3641M) 190.081ms
[2025-08-01T01:20:12.749+0000] GC(431) User=1.41s Sys=0.06s Real=0.19s
[2025-08-01T01:20:12.841+0000] GC(432) Pause Young (Allocation Failure)
[2025-08-01T01:20:12.968+0000] GC(432) PSYoungGen: 931840K(931840K)->369664K(931840K) Eden: 465920K(465920K)->0K(465920K) From: 465920K(465920K)->369664K(465920K)
[2025-08-01T01:20:12.968+0000] GC(432) ParOldGen: 1734274K(2796544K)->2097330K(2796544K)
[2025-08-01T01:20:12.969+0000] GC(432) Metaspace: 10058K(10240K)->10058K(10240K) NonClass: 8831K(8896K)->8831K(8896K) Class: 1226K(1344K)->1226K(1344K)
[2025-08-01T01:20:12.969+0000] GC(432) Pause Young (Allocation Failure) 2603M->2409M(3641M) 127.542ms
[2025-08-01T01:20:12.969+0000] GC(432) User=0.90s Sys=0.04s Real=0.13s
[2025-08-01T01:20:13.054+0000] GC(433) Pause Young (Allocation Failure)
[2025-08-01T01:20:13.205+0000] GC(433) PSYoungGen: 835584K(931840K)->362080K(931840K) Eden: 465920K(465920K)->0K(465920K) From: 369664K(465920K)->362080K(465920K)
[2025-08-01T01:20:13.205+0000] GC(433) ParOldGen: 2097330K(2796544K)->2307602K(2796544K)
[2025-08-01T01:20:13.205+0000] GC(433) Metaspace: 10058K(10240K)->10058K(10240K) NonClass: 8831K(8896K)->8831K(8896K) Class: 1226K(1344K)->1226K(1344K)
[2025-08-01T01:20:13.205+0000] GC(433) Pause Young (Allocation Failure) 2864M->2607M(3641M) 150.896ms
[2025-08-01T01:20:13.205+0000] GC(433) User=1.11s Sys=0.04s Real=0.15s
[2025-08-01T01:20:13.297+0000] GC(434) Pause Full (Ergonomics)
[2025-08-01T01:20:13.297+0000] GC(434) Marking Phase
[2025-08-01T01:20:13.339+0000] GC(434) Marking Phase 42.451ms
[2025-08-01T01:20:13.339+0000] GC(434) Summary Phase
[2025-08-01T01:20:13.339+0000] GC(434) Summary Phase 0.123ms
[2025-08-01T01:20:13.339+0000] GC(434) Adjust Roots
[2025-08-01T01:20:13.342+0000] GC(434) Adjust Roots 2.728ms
[2025-08-01T01:20:13.342+0000] GC(434) Compaction Phase
[2025-08-01T01:20:13.458+0000] GC(434) Compaction Phase 115.916ms
[2025-08-01T01:20:13.458+0000] GC(434) Post Compact
[2025-08-01T01:20:13.488+0000] GC(434) Post Compact 29.707ms
[2025-08-01T01:20:13.488+0000] GC(434) PSYoungGen: 828000K(931840K)->0K(931840K) Eden: 465920K(465920K)->0K(465920K) From: 362080K(465920K)->0K(465920K)
[2025-08-01T01:20:13.488+0000] GC(434) ParOldGen: 2307602K(2796544K)->471017K(2796544K)
[2025-08-01T01:20:13.488+0000] GC(434) Metaspace: 10058K(10240K)->10058K(10240K) NonClass: 8831K(8896K)->8831K(8896K) Class: 1226K(1344K)->1226K(1344K)
[2025-08-01T01:20:13.488+0000] GC(434) Pause Full (Ergonomics) 3062M->459M(3641M) 191.477ms
[2025-08-01T01:20:13.488+0000] GC(434) User=1.21s Sys=0.02s Real=0.19s
[2025-08-01T01:20:13.583+0000] GC(435) Pause Young (Allocation Failure)
[2025-08-01T01:20:13.713+0000] GC(435) PSYoungGen: 465920K(931840K)->465920K(931840K) Eden: 465920K(465920K)->0K(465920K) From: 0K(465920K)->465920K(465920K)
[2025-08-01T01:20:13.713+0000] GC(435) ParOldGen: 471017K(2796544K)->478145K(2796544K)
[2025-08-01T01:20:13.713+0000] GC(435) Metaspace: 10058K(10240K)->10058K(10240K) NonClass: 8831K(8896K)->8831K(8896K) Class: 1226K(1344K)->1226K(1344K)
[2025-08-01T01:20:13.713+0000] GC(435) Pause Young (Allocation Failure) 914M->921M(3641M) 130.107ms
[2025-08-01T01:20:13.713+0000] GC(435) User=0.98s Sys=0.03s Real=0.13s
[2025-08-01T01:20:13.807+0000] GC(436) Pause Young (Allocation Failure)
[2025-08-01T01:20:13.989+0000] GC(436) PSYoungGen: 931840K(931840K)->363520K(931840K) Eden: 465920K(465920K)->0K(465920K) From: 465920K(465920K)->363520K(465920K)
[2025-08-01T01:20:13.989+0000] GC(436) ParOldGen: 478145K(2796544K)->845569K(2796544K)
[2025-08-01T01:20:13.989+0000] GC(436) Metaspace: 10058K(10240K)->10058K(10240K) NonClass: 8831K(8896K)->8831K(8896K) Class: 1226K(1344K)->1226K(1344K)
[2025-08-01T01:20:13.989+0000] GC(436) Pause Young (Allocation Failure) 1376M->1180M(3641M) 181.650ms
[2025-08-01T01:20:13.989+0000] GC(436) User=1.36s Sys=0.03s Real=0.18s
[2025-08-01T01:20:14.081+0000] GC(437) Pause Young (Allocation Failure)
[2025-08-01T01:20:14.185+0000] GC(437) PSYoungGen: 829440K(931840K)->375136K(931840K) Eden: 465920K(465920K)->0K(465920K) From: 363520K(465920K)->375136K(465920K)
[2025-08-01T01:20:14.185+0000] GC(437) ParOldGen: 845569K(2796544K)->1099993K(2796544K)
[2025-08-01T01:20:14.185+0000] GC(437) Metaspace: 10058K(10240K)->10058K(10240K) NonClass: 8831K(8896K)->8831K(8896K) Class: 1226K(1344K)->1226K(1344K)
[2025-08-01T01:20:14.185+0000] GC(437) Pause Young (Allocation Failure) 1635M->1440M(3641M) 103.994ms
[2025-08-01T01:20:14.185+0000] GC(437) User=0.79s Sys=0.01s Real=0.11s
[2025-08-01T01:20:14.272+0000] GC(438) Pause Young (Allocation Failure)
[2025-08-01T01:20:14.393+0000] GC(438) PSYoungGen: 841056K(931840K)->284864K(931840K) Eden: 465920K(465920K)->0K(465920K) From: 375136K(465920K)->284864K(465920K)
[2025-08-01T01:20:14.393+0000] GC(438) ParOldGen: 1099993K(2796544K)->1296657K(2796544K)
[2025-08-01T01:20:14.393+0000] GC(438) Metaspace: 10058K(10240K)->10058K(10240K) NonClass: 8831K(8896K)->8831K(8896K) Class: 1226K(1344K)->1226K(1344K)
[2025-08-01T01:20:14.393+0000] GC(438) Pause Young (Allocation Failure) 1895M->1544M(3641M) 120.940ms
[2025-08-01T01:20:14.393+0000] GC(438) User=0.87s Sys=0.03s Real=0.13s
[2025-08-01T01:20:14.485+0000] GC(439) Pause Young (Allocation Failure)
[2025-08-01T01:20:14.614+0000] GC(439) PSYoungGen: 750784K(931840K)->465920K(931840K) Eden: 465920K(465920K)->0K(465920K) From: 284864K(465920K)->465920K(465920K)
[2025-08-01T01:20:14.614+0000] GC(439) ParOldGen: 1296657K(2796544K)->1607585K(2796544K)
[2025-08-01T01:20:14.614+0000] GC(439) Metaspace: 10058K(10240K)->10058K(10240K) NonClass: 8831K(8896K)->8831K(8896K) Class: 1226K(1344K)->1226K(1344K)
[2025-08-01T01:20:14.614+0000] GC(439) Pause Young (Allocation Failure) 1999M->2024M(3641M) 129.277ms
[2025-08-01T01:20:14.614+0000] GC(439) User=1.00s Sys=0.02s Real=0.13s
[2025-08-01T01:20:14.707+0000] GC(440) Pause Young (Allocation Failure)
[2025-08-01T01:20:14.829+0000] GC(440) PSYoungGen: 931840K(931840K)->415616K(931840K) Eden: 465920K(465920K)->0K(465920K) From: 465920K(465920K)->415616K(465920K)
[2025-08-01T01:20:14.829+0000] GC(440) ParOldGen: 1607585K(2796544K)->1964465K(2796544K)
[2025-08-01T01:20:14.829+0000] GC(440) Metaspace: 10058K(10240K)->10058K(10240K) NonClass: 8831K(8896K)->8831K(8896K) Class: 1226K(1344K)->1226K(1344K)
[2025-08-01T01:20:14.829+0000] GC(440) Pause Young (Allocation Failure) 2479M->2324M(3641M) 121.895ms
[2025-08-01T01:20:14.829+0000] GC(440) User=0.93s Sys=0.02s Real=0.12s
[2025-08-01T01:20:14.967+0000] GC(441) Pause Young (Allocation Failure)
[2025-08-01T01:20:15.137+0000] GC(441) PSYoungGen: 881536K(931840K)->366880K(931840K) Eden: 465920K(465920K)->0K(465920K) From: 415616K(465920K)->366880K(465920K)
[2025-08-01T01:20:15.137+0000] GC(441) ParOldGen: 1964465K(2796544K)->2271809K(2796544K)
[2025-08-01T01:20:15.137+0000] GC(441) Metaspace: 10058K(10240K)->10058K(10240K) NonClass: 8831K(8896K)->8831K(8896K) Class: 1226K(1344K)->1226K(1344K)
[2025-08-01T01:20:15.137+0000] GC(441) Pause Young (Allocation Failure) 2779M->2576M(3641M) 170.733ms
[2025-08-01T01:20:15.137+0000] GC(441) User=1.11s Sys=0.11s Real=0.17s
[2025-08-01T01:20:15.230+0000] GC(442) Pause Full (Ergonomics)
[2025-08-01T01:20:15.230+0000] GC(442) Marking Phase
[2025-08-01T01:20:15.274+0000] GC(442) Marking Phase 44.106ms
[2025-08-01T01:20:15.274+0000] GC(442) Summary Phase
[2025-08-01T01:20:15.274+0000] GC(442) Summary Phase 0.128ms
[2025-08-01T01:20:15.274+0000] GC(442) Adjust Roots
[2025-08-01T01:20:15.276+0000] GC(442) Adjust Roots 1.503ms
[2025-08-01T01:20:15.276+0000] GC(442) Compaction Phase
[2025-08-01T01:20:15.379+0000] GC(442) Compaction Phase 103.876ms
[2025-08-01T01:20:15.379+0000] GC(442) Post Compact
[2025-08-01T01:20:15.400+0000] GC(442) Post Compact 20.427ms
[2025-08-01T01:20:15.400+0000] GC(442) PSYoungGen: 832800K(931840K)->0K(931840K) Eden: 465920K(465920K)->0K(465920K) From: 366880K(465920K)->0K(465920K)
[2025-08-01T01:20:15.400+0000] GC(442) ParOldGen: 2271809K(2796544K)->492581K(2796544K)
[2025-08-01T01:20:15.400+0000] GC(442) Metaspace: 10058K(10240K)->10058K(10240K) NonClass: 8831K(8896K)->8831K(8896K) Class: 1226K(1344K)->1226K(1344K)
[2025-08-01T01:20:15.400+0000] GC(442) Pause Full (Ergonomics) 3031M->481M(3641M) 170.569ms
[2025-08-01T01:20:15.400+0000] GC(442) User=1.13s Sys=0.03s Real=0.17s
[2025-08-01T01:20:15.490+0000] GC(443) Pause Young (Allocation Failure)
[2025-08-01T01:20:15.598+0000] GC(443) PSYoungGen: 465920K(931840K)->465920K(931840K) Eden: 465920K(465920K)->0K(465920K) From: 0K(465920K)->465920K(465920K)
[2025-08-01T01:20:15.598+0000] GC(443) ParOldGen: 492581K(2796544K)->500773K(2796544K)
[2025-08-01T01:20:15.598+0000] GC(443) Metaspace: 10058K(10240K)->10058K(10240K) NonClass: 8831K(8896K)->8831K(8896K) Class: 1226K(1344K)->1226K(1344K)
[2025-08-01T01:20:15.598+0000] GC(443) Pause Young (Allocation Failure) 936M->944M(3641M) 108.048ms
[2025-08-01T01:20:15.598+0000] GC(443) User=0.83s Sys=0.01s Real=0.11s
[2025-08-01T01:20:15.695+0000] GC(444) Pause Young (Allocation Failure)
[2025-08-01T01:20:15.823+0000] GC(444) PSYoungGen: 931840K(931840K)->422944K(931840K) Eden: 465920K(465920K)->0K(465920K) From: 465920K(465920K)->422944K(465920K)
[2025-08-01T01:20:15.823+0000] GC(444) ParOldGen: 500773K(2796544K)->869869K(2796544K)
[2025-08-01T01:20:15.823+0000] GC(444) Metaspace: 10058K(10240K)->10058K(10240K) NonClass: 8831K(8896K)->8831K(8896K) Class: 1226K(1344K)->1226K(1344K)
[2025-08-01T01:20:15.823+0000] GC(444) Pause Young (Allocation Failure) 1399M->1262M(3641M) 128.220ms
[2025-08-01T01:20:15.823+0000] GC(444) User=0.99s Sys=0.02s Real=0.13s
[2025-08-01T01:20:15.911+0000] GC(445) Pause Young (Allocation Failure)
[2025-08-01T01:20:16.090+0000] GC(445) PSYoungGen: 888864K(931840K)->465920K(931840K) Eden: 465920K(465920K)->0K(465920K) From: 422944K(465920K)->465920K(465920K)
[2025-08-01T01:20:16.090+0000] GC(445) ParOldGen: 869869K(2796544K)->1324717K(2796544K)
[2025-08-01T01:20:16.090+0000] GC(445) Metaspace: 10058K(10240K)->10058K(10240K) NonClass: 8831K(8896K)->8831K(8896K) Class: 1226K(1344K)->1226K(1344K)
[2025-08-01T01:20:16.090+0000] GC(445) Pause Young (Allocation Failure) 1717M->1748M(3641M) 178.660ms
[2025-08-01T01:20:16.090+0000] GC(445) User=1.34s Sys=0.04s Real=0.18s
[2025-08-01T01:20:16.229+0000] GC(446) Pause Young (Allocation Failure)
[2025-08-01T01:20:16.367+0000] GC(446) PSYoungGen: 931840K(931840K)->314496K(931840K) Eden: 465920K(465920K)->0K(465920K) From: 465920K(465920K)->314496K(465920K)
[2025-08-01T01:20:16.367+0000] GC(446) ParOldGen: 1324717K(2796544K)->1441397K(2796544K)
[2025-08-01T01:20:16.367+0000] GC(446) Metaspace: 10058K(10240K)->10058K(10240K) NonClass: 8831K(8896K)->8831K(8896K) Class: 1226K(1344K)->1226K(1344K)
[2025-08-01T01:20:16.367+0000] GC(446) Pause Young (Allocation Failure) 2203M->1714M(3641M) 138.119ms
[2025-08-01T01:20:16.367+0000] GC(446) User=1.01s Sys=0.05s Real=0.14s
[2025-08-01T01:20:16.463+0000] GC(447) Pause Young (Allocation Failure)
[2025-08-01T01:20:16.648+0000] GC(447) PSYoungGen: 780416K(931840K)->465920K(931840K) Eden: 465920K(465920K)->0K(465920K) From: 314496K(465920K)->465920K(465920K)
[2025-08-01T01:20:16.648+0000] GC(447) ParOldGen: 1441397K(2796544K)->1781565K(2796544K)
[2025-08-01T01:20:16.648+0000] GC(447) Metaspace: 10058K(10240K)->10058K(10240K) NonClass: 8831K(8896K)->8831K(8896K) Class: 1226K(1344K)->1226K(1344K)
[2025-08-01T01:20:16.648+0000] GC(447) Pause Young (Allocation Failure) 2169M->2194M(3641M) 184.765ms
[2025-08-01T01:20:16.648+0000] GC(447) User=1.40s Sys=0.03s Real=0.19s
[2025-08-01T01:20:16.738+0000] GC(448) Pause Young (Allocation Failure)
[2025-08-01T01:20:16.862+0000] GC(448) PSYoungGen: 931840K(931840K)->405600K(931840K) Eden: 465920K(465920K)->0K(465920K) From: 465920K(465920K)->405600K(465920K)
[2025-08-01T01:20:16.862+0000] GC(448) ParOldGen: 1781565K(2796544K)->2156373K(2796544K)
[2025-08-01T01:20:16.862+0000] GC(448) Metaspace: 10058K(10240K)->10058K(10240K) NonClass: 8831K(8896K)->8831K(8896K) Class: 1226K(1344K)->1226K(1344K)
[2025-08-01T01:20:16.862+0000] GC(448) Pause Young (Allocation Failure) 2649M->2501M(3641M) 124.390ms
[2025-08-01T01:20:16.862+0000] GC(448) User=0.97s Sys=0.01s Real=0.12s
[2025-08-01T01:20:16.954+0000] GC(449) Pause Young (Allocation Failure)
[2025-08-01T01:20:17.154+0000] GC(449) PSYoungGen: 871520K(931840K)->465920K(931840K) Eden: 465920K(465920K)->0K(465920K) From: 405600K(465920K)->465920K(465920K)
[2025-08-01T01:20:17.154+0000] GC(449) ParOldGen: 2156373K(2796544K)->2592333K(2796544K)
[2025-08-01T01:20:17.154+0000] GC(449) Metaspace: 10058K(10240K)->10058K(10240K) NonClass: 8831K(8896K)->8831K(8896K) Class: 1226K(1344K)->1226K(1344K)
[2025-08-01T01:20:17.154+0000] GC(449) Pause Young (Allocation Failure) 2956M->2986M(3641M) 199.661ms
[2025-08-01T01:20:17.154+0000] GC(449) User=1.47s Sys=0.07s Real=0.20s
[2025-08-01T01:20:17.243+0000] GC(450) Pause Full (Ergonomics)
[2025-08-01T01:20:17.243+0000] GC(450) Marking Phase
[2025-08-01T01:20:17.273+0000] GC(450) Marking Phase 30.437ms
[2025-08-01T01:20:17.273+0000] GC(450) Summary Phase
[2025-08-01T01:20:17.273+0000] GC(450) Summary Phase 0.107ms
[2025-08-01T01:20:17.273+0000] GC(450) Adjust Roots
[2025-08-01T01:20:17.275+0000] GC(450) Adjust Roots 1.879ms
[2025-08-01T01:20:17.275+0000] GC(450) Compaction Phase
[2025-08-01T01:20:17.345+0000] GC(450) Compaction Phase 69.369ms
[2025-08-01T01:20:17.345+0000] GC(450) Post Compact
[2025-08-01T01:20:17.375+0000] GC(450) Post Compact 29.988ms
[2025-08-01T01:20:17.375+0000] GC(450) PSYoungGen: 931840K(931840K)->0K(931840K) Eden: 465920K(465920K)->0K(465920K) From: 465920K(465920K)->0K(465920K)
[2025-08-01T01:20:17.375+0000] GC(450) ParOldGen: 2592333K(2796544K)->508883K(2796544K)
[2025-08-01T01:20:17.375+0000] GC(450) Metaspace: 10058K(10240K)->10058K(10240K) NonClass: 8831K(8896K)->8831K(8896K) Class: 1226K(1344K)->1226K(1344K)
[2025-08-01T01:20:17.375+0000] GC(450) Pause Full (Ergonomics) 3441M->496M(3641M) 132.238ms
[2025-08-01T01:20:17.375+0000] GC(450) User=0.78s Sys=0.01s Real=0.14s
[2025-08-01T01:20:17.461+0000] GC(451) Pause Young (Allocation Failure)
[2025-08-01T01:20:17.599+0000] GC(451) PSYoungGen: 465920K(931840K)->465920K(931840K) Eden: 465920K(465920K)->0K(465920K) From: 0K(465920K)->465920K(465920K)
[2025-08-01T01:20:17.599+0000] GC(451) ParOldGen: 508883K(2796544K)->514435K(2796544K)
[2025-08-01T01:20:17.599+0000] GC(451) Metaspace: 10058K(10240K)->10058K(10240K) NonClass: 8831K(8896K)->8831K(8896K) Class: 1226K(1344K)->1226K(1344K)
[2025-08-01T01:20:17.599+0000] GC(451) Pause Young (Allocation Failure) 951M->957M(3641M) 138.716ms
[2025-08-01T01:20:17.600+0000] GC(451) User=1.02s Sys=0.05s Real=0.14s
[2025-08-01T01:20:17.689+0000] GC(452) Pause Young (Allocation Failure)
[2025-08-01T01:20:17.817+0000] GC(452) PSYoungGen: 931840K(931840K)->400736K(931840K) Eden: 465920K(465920K)->0K(465920K) From: 465920K(465920K)->400736K(465920K)
[2025-08-01T01:20:17.817+0000] GC(452) ParOldGen: 514435K(2796544K)->884451K(2796544K)
[2025-08-01T01:20:17.817+0000] GC(452) Metaspace: 10058K(10240K)->10058K(10240K) NonClass: 8831K(8896K)->8831K(8896K) Class: 1226K(1344K)->1226K(1344K)
[2025-08-01T01:20:17.817+0000] GC(452) Pause Young (Allocation Failure) 1412M->1255M(3641M) 127.680ms
[2025-08-01T01:20:17.817+0000] GC(452) User=0.97s Sys=0.03s Real=0.13s
[2025-08-01T01:20:17.910+0000] GC(453) Pause Young (Allocation Failure)
[2025-08-01T01:20:18.081+0000] GC(453) PSYoungGen: 866656K(931840K)->465920K(931840K) Eden: 465920K(465920K)->0K(465920K) From: 400736K(465920K)->465920K(465920K)
[2025-08-01T01:20:18.081+0000] GC(453) ParOldGen: 884451K(2796544K)->1317019K(2796544K)
[2025-08-01T01:20:18.081+0000] GC(453) Metaspace: 10058K(10240K)->10058K(10240K) NonClass: 8831K(8896K)->8831K(8896K) Class: 1226K(1344K)->1226K(1344K)
[2025-08-01T01:20:18.081+0000] GC(453) Pause Young (Allocation Failure) 1710M->1741M(3641M) 171.137ms
[2025-08-01T01:20:18.081+0000] GC(453) User=1.28s Sys=0.06s Real=0.17s
[2025-08-01T01:20:18.174+0000] GC(454) Pause Young (Allocation Failure)
[2025-08-01T01:20:18.292+0000] GC(454) PSYoungGen: 931840K(931840K)->331232K(931840K) Eden: 465920K(465920K)->0K(465920K) From: 465920K(465920K)->331232K(465920K)
[2025-08-01T01:20:18.292+0000] GC(454) ParOldGen: 1317019K(2796544K)->1444844K(2796544K)
[2025-08-01T01:20:18.292+0000] GC(454) Metaspace: 10058K(10240K)->10058K(10240K) NonClass: 8831K(8896K)->8831K(8896K) Class: 1226K(1344K)->1226K(1344K)
[2025-08-01T01:20:18.292+0000] GC(454) Pause Young (Allocation Failure) 2196M->1734M(3641M) 117.554ms
[2025-08-01T01:20:18.292+0000] GC(454) User=0.80s Sys=0.06s Real=0.11s
[2025-08-01T01:20:18.378+0000] GC(455) Pause Young (Allocation Failure)
[2025-08-01T01:20:18.520+0000] GC(455) PSYoungGen: 797152K(931840K)->465920K(931840K) Eden: 465920K(465920K)->0K(465920K) From: 331232K(465920K)->465920K(465920K)
[2025-08-01T01:20:18.520+0000] GC(455) ParOldGen: 1444844K(2796544K)->1801588K(2796544K)
[2025-08-01T01:20:18.520+0000] GC(455) Metaspace: 10058K(10240K)->10058K(10240K) NonClass: 8831K(8896K)->8831K(8896K) Class: 1226K(1344K)->1226K(1344K)
[2025-08-01T01:20:18.520+0000] GC(455) Pause Young (Allocation Failure) 2189M->2214M(3641M) 142.980ms
[2025-08-01T01:20:18.521+0000] GC(455) User=1.09s Sys=0.03s Real=0.14s
[2025-08-01T01:20:18.607+0000] GC(456) Pause Young (Allocation Failure)
[2025-08-01T01:20:18.733+0000] GC(456) PSYoungGen: 931840K(931840K)->427840K(931840K) Eden: 465920K(465920K)->0K(465920K) From: 465920K(465920K)->427840K(465920K)
[2025-08-01T01:20:18.733+0000] GC(456) ParOldGen: 1801588K(2796544K)->2145236K(2796544K)
[2025-08-01T01:20:18.733+0000] GC(456) Metaspace: 10058K(10240K)->10058K(10240K) NonClass: 8831K(8896K)->8831K(8896K) Class: 1226K(1344K)->1226K(1344K)
[2025-08-01T01:20:18.733+0000] GC(456) Pause Young (Allocation Failure) 2669M->2512M(3641M) 125.179ms
[2025-08-01T01:20:18.733+0000] GC(456) User=0.96s Sys=0.03s Real=0.12s
[2025-08-01T01:20:18.820+0000] GC(457) Pause Young (Allocation Failure)
[2025-08-01T01:20:19.002+0000] GC(457) PSYoungGen: 893760K(931840K)->465920K(931840K) Eden: 465920K(465920K)->0K(465920K) From: 427840K(465920K)->465920K(465920K)
[2025-08-01T01:20:19.002+0000] GC(457) ParOldGen: 2145236K(2796544K)->2607276K(2796544K)
[2025-08-01T01:20:19.002+0000] GC(457) Metaspace: 10058K(10240K)->10058K(10240K) NonClass: 8831K(8896K)->8831K(8896K) Class: 1226K(1344K)->1226K(1344K)
[2025-08-01T01:20:19.002+0000] GC(457) Pause Young (Allocation Failure) 2967M->3001M(3641M) 181.420ms
[2025-08-01T01:20:19.002+0000] GC(457) User=1.39s Sys=0.04s Real=0.18s
[2025-08-01T01:20:19.088+0000] GC(458) Pause Full (Ergonomics)
[2025-08-01T01:20:19.089+0000] GC(458) Marking Phase
[2025-08-01T01:20:19.125+0000] GC(458) Marking Phase 36.706ms
[2025-08-01T01:20:19.125+0000] GC(458) Summary Phase
[2025-08-01T01:20:19.125+0000] GC(458) Summary Phase 0.122ms
[2025-08-01T01:20:19.125+0000] GC(458) Adjust Roots
[2025-08-01T01:20:19.128+0000] GC(458) Adjust Roots 2.179ms
[2025-08-01T01:20:19.128+0000] GC(458) Compaction Phase
[2025-08-01T01:20:19.206+0000] GC(458) Compaction Phase 78.018ms
[2025-08-01T01:20:19.206+0000] GC(458) Post Compact
[2025-08-01T01:20:19.230+0000] GC(458) Post Compact 24.378ms
[2025-08-01T01:20:19.230+0000] GC(458) PSYoungGen: 931840K(931840K)->0K(931840K) Eden: 465920K(465920K)->0K(465920K) From: 465920K(465920K)->0K(465920K)
[2025-08-01T01:20:19.230+0000] GC(458) ParOldGen: 2607276K(2796544K)->521278K(2796544K)
[2025-08-01T01:20:19.230+0000] GC(458) Metaspace: 10058K(10240K)->10058K(10240K) NonClass: 8831K(8896K)->8831K(8896K) Class: 1226K(1344K)->1226K(1344K)
[2025-08-01T01:20:19.230+0000] GC(458) Pause Full (Ergonomics) 3456M->509M(3641M) 141.847ms
[2025-08-01T01:20:19.230+0000] GC(458) User=0.86s Sys=0.01s Real=0.14s
[2025-08-01T01:20:19.319+0000] GC(459) Pause Young (Allocation Failure)
[2025-08-01T01:20:19.410+0000] GC(459) PSYoungGen: 465920K(931840K)->465920K(931840K) Eden: 465920K(465920K)->0K(465920K) From: 0K(465920K)->465920K(465920K)
[2025-08-01T01:20:19.410+0000] GC(459) ParOldGen: 521278K(2796544K)->528470K(2796544K)
[2025-08-01T01:20:19.410+0000] GC(459) Metaspace: 10058K(10240K)->10058K(10240K) NonClass: 8831K(8896K)->8831K(8896K) Class: 1226K(1344K)->1226K(1344K)
[2025-08-01T01:20:19.410+0000] GC(459) Pause Young (Allocation Failure) 964M->971M(3641M) 91.694ms
[2025-08-01T01:20:19.410+0000] GC(459) User=0.68s Sys=0.04s Real=0.09s
[2025-08-01T01:20:19.497+0000] GC(460) Pause Young (Allocation Failure)
[2025-08-01T01:20:19.626+0000] GC(460) PSYoungGen: 931840K(931840K)->420736K(931840K) Eden: 465920K(465920K)->0K(465920K) From: 465920K(465920K)->420736K(465920K)
[2025-08-01T01:20:19.626+0000] GC(460) ParOldGen: 528470K(2796544K)->880334K(2796544K)
[2025-08-01T01:20:19.626+0000] GC(460) Metaspace: 10058K(10240K)->10058K(10240K) NonClass: 8831K(8896K)->8831K(8896K) Class: 1226K(1344K)->1226K(1344K)
[2025-08-01T01:20:19.626+0000] GC(460) Pause Young (Allocation Failure) 1426M->1270M(3641M) 129.001ms
[2025-08-01T01:20:19.626+0000] GC(460) User=0.98s Sys=0.02s Real=0.13s
[2025-08-01T01:20:19.715+0000] GC(461) Pause Young (Allocation Failure)
[2025-08-01T01:20:19.854+0000] GC(461) PSYoungGen: 886656K(931840K)->465920K(931840K) Eden: 465920K(465920K)->0K(465920K) From: 420736K(465920K)->465920K(465920K)
[2025-08-01T01:20:19.854+0000] GC(461) ParOldGen: 880334K(2796544K)->1332454K(2796544K)
[2025-08-01T01:20:19.854+0000] GC(461) Metaspace: 10058K(10240K)->10058K(10240K) NonClass: 8831K(8896K)->8831K(8896K) Class: 1226K(1344K)->1226K(1344K)
[2025-08-01T01:20:19.855+0000] GC(461) Pause Young (Allocation Failure) 1725M->1756M(3641M) 139.435ms
[2025-08-01T01:20:19.855+0000] GC(461) User=1.09s Sys=0.01s Real=0.14s
[2025-08-01T01:20:19.942+0000] GC(462) Pause Young (Allocation Failure)
[2025-08-01T01:20:20.063+0000] GC(462) PSYoungGen: 931840K(931840K)->329760K(931840K) Eden: 465920K(465920K)->0K(465920K) From: 465920K(465920K)->329760K(465920K)
[2025-08-01T01:20:20.064+0000] GC(462) ParOldGen: 1332454K(2796544K)->1453310K(2796544K)
[2025-08-01T01:20:20.064+0000] GC(462) Metaspace: 10058K(10240K)->10058K(10240K) NonClass: 8831K(8896K)->8831K(8896K) Class: 1226K(1344K)->1226K(1344K)
[2025-08-01T01:20:20.064+0000] GC(462) Pause Young (Allocation Failure) 2211M->1741M(3641M) 121.495ms
[2025-08-01T01:20:20.064+0000] GC(462) User=0.90s Sys=0.03s Real=0.13s
[2025-08-01T01:20:20.162+0000] GC(463) Pause Young (Allocation Failure)
[2025-08-01T01:20:20.350+0000] GC(463) PSYoungGen: 795680K(931840K)->465920K(931840K) Eden: 465920K(465920K)->0K(465920K) From: 329760K(465920K)->465920K(465920K)
[2025-08-01T01:20:20.351+0000] GC(463) ParOldGen: 1453310K(2796544K)->1811030K(2796544K)
[2025-08-01T01:20:20.351+0000] GC(463) Metaspace: 10058K(10240K)->10058K(10240K) NonClass: 8831K(8896K)->8831K(8896K) Class: 1226K(1344K)->1226K(1344K)
[2025-08-01T01:20:20.351+0000] GC(463) Pause Young (Allocation Failure) 2196M->2223M(3641M) 188.506ms
[2025-08-01T01:20:20.351+0000] GC(463) User=1.39s Sys=0.05s Real=0.19s
[2025-08-01T01:20:20.440+0000] GC(464) Pause Young (Allocation Failure)
[2025-08-01T01:20:20.601+0000] GC(464) PSYoungGen: 931840K(931840K)->443264K(931840K) Eden: 465920K(465920K)->0K(465920K) From: 465920K(465920K)->443264K(465920K)
[2025-08-01T01:20:20.601+0000] GC(464) ParOldGen: 1811030K(2796544K)->2170102K(2796544K)
[2025-08-01T01:20:20.601+0000] GC(464) Metaspace: 10058K(10240K)->10058K(10240K) NonClass: 8831K(8896K)->8831K(8896K) Class: 1226K(1344K)->1226K(1344K)
[2025-08-01T01:20:20.601+0000] GC(464) Pause Young (Allocation Failure) 2678M->2552M(3641M) 161.235ms
[2025-08-01T01:20:20.601+0000] GC(464) User=1.15s Sys=0.07s Real=0.16s
[2025-08-01T01:20:20.686+0000] GC(465) Pause Full (Ergonomics)
[2025-08-01T01:20:20.686+0000] GC(465) Marking Phase
[2025-08-01T01:20:20.785+0000] GC(465) Marking Phase 98.832ms
[2025-08-01T01:20:20.785+0000] GC(465) Summary Phase
[2025-08-01T01:20:20.785+0000] GC(465) Summary Phase 0.104ms
[2025-08-01T01:20:20.785+0000] GC(465) Adjust Roots
[2025-08-01T01:20:20.787+0000] GC(465) Adjust Roots 2.069ms
[2025-08-01T01:20:20.787+0000] GC(465) Compaction Phase
[2025-08-01T01:20:20.996+0000] GC(465) Compaction Phase 208.389ms
[2025-08-01T01:20:20.996+0000] GC(465) Post Compact
[2025-08-01T01:20:21.016+0000] GC(465) Post Compact 19.693ms
[2025-08-01T01:20:21.016+0000] GC(465) PSYoungGen: 909184K(931840K)->0K(931840K) Eden: 465920K(465920K)->0K(465920K) From: 443264K(465920K)->0K(465920K)
[2025-08-01T01:20:21.016+0000] GC(465) ParOldGen: 2170102K(2796544K)->1458465K(2796544K)
[2025-08-01T01:20:21.016+0000] GC(465) Metaspace: 10058K(10240K)->10058K(10240K) NonClass: 8831K(8896K)->8831K(8896K) Class: 1226K(1344K)->1226K(1344K)
[2025-08-01T01:20:21.016+0000] GC(465) Pause Full (Ergonomics) 3007M->1424M(3641M) 329.621ms
[2025-08-01T01:20:21.016+0000] GC(465) User=2.39s Sys=0.02s Real=0.33s
[2025-08-01T01:20:21.100+0000] GC(466) Pause Young (Allocation Failure)
[2025-08-01T01:20:21.169+0000] GC(466) PSYoungGen: 465920K(931840K)->336672K(931840K) Eden: 465920K(465920K)->0K(465920K) From: 0K(465920K)->336672K(465920K)
[2025-08-01T01:20:21.169+0000] GC(466) ParOldGen: 1458465K(2796544K)->1458465K(2796544K)
[2025-08-01T01:20:21.169+0000] GC(466) Metaspace: 10058K(10240K)->10058K(10240K) NonClass: 8831K(8896K)->8831K(8896K) Class: 1226K(1344K)->1226K(1344K)
[2025-08-01T01:20:21.169+0000] GC(466) Pause Young (Allocation Failure) 1879M->1753M(3641M) 69.086ms
[2025-08-01T01:20:21.170+0000] GC(466) User=0.52s Sys=0.02s Real=0.07s
[2025-08-01T01:20:21.261+0000] GC(467) Pause Young (Allocation Failure)
[2025-08-01T01:20:21.393+0000] GC(467) PSYoungGen: 802592K(931840K)->465920K(931840K) Eden: 465920K(465920K)->0K(465920K) From: 336672K(465920K)->465920K(465920K)
[2025-08-01T01:20:21.393+0000] GC(467) ParOldGen: 1458465K(2796544K)->1822145K(2796544K)
[2025-08-01T01:20:21.393+0000] GC(467) Metaspace: 10058K(10240K)->10058K(10240K) NonClass: 8831K(8896K)->8831K(8896K) Class: 1226K(1344K)->1226K(1344K)
[2025-08-01T01:20:21.393+0000] GC(467) Pause Young (Allocation Failure) 2208M->2234M(3641M) 132.141ms
[2025-08-01T01:20:21.393+0000] GC(467) User=0.98s Sys=0.02s Real=0.14s
[2025-08-01T01:20:21.481+0000] GC(468) Pause Young (Allocation Failure)
[2025-08-01T01:20:21.609+0000] GC(468) PSYoungGen: 931840K(931840K)->428448K(931840K) Eden: 465920K(465920K)->0K(465920K) From: 465920K(465920K)->428448K(465920K)
[2025-08-01T01:20:21.609+0000] GC(468) ParOldGen: 1822145K(2796544K)->2203369K(2796544K)
[2025-08-01T01:20:21.609+0000] GC(468) Metaspace: 10058K(10240K)->10058K(10240K) NonClass: 8831K(8896K)->8831K(8896K) Class: 1226K(1344K)->1226K(1344K)
[2025-08-01T01:20:21.609+0000] GC(468) Pause Young (Allocation Failure) 2689M->2570M(3641M) 128.423ms
[2025-08-01T01:20:21.609+0000] GC(468) User=0.98s Sys=0.02s Real=0.13s
[2025-08-01T01:20:21.693+0000] GC(469) Pause Full (Ergonomics)
[2025-08-01T01:20:21.694+0000] GC(469) Marking Phase
[2025-08-01T01:20:21.774+0000] GC(469) Marking Phase 80.518ms
[2025-08-01T01:20:21.774+0000] GC(469) Summary Phase
[2025-08-01T01:20:21.774+0000] GC(469) Summary Phase 0.091ms
[2025-08-01T01:20:21.774+0000] GC(469) Adjust Roots
[2025-08-01T01:20:21.775+0000] GC(469) Adjust Roots 1.287ms
[2025-08-01T01:20:21.776+0000] GC(469) Compaction Phase
[2025-08-01T01:20:21.920+0000] GC(469) Compaction Phase 144.703ms
[2025-08-01T01:20:21.920+0000] GC(469) Post Compact
[2025-08-01T01:20:21.940+0000] GC(469) Post Compact 19.898ms
[2025-08-01T01:20:21.940+0000] GC(469) PSYoungGen: 894368K(931840K)->0K(931840K) Eden: 465920K(465920K)->0K(465920K) From: 428448K(465920K)->0K(465920K)
[2025-08-01T01:20:21.940+0000] GC(469) ParOldGen: 2203369K(2796544K)->1004121K(2796544K)
[2025-08-01T01:20:21.940+0000] GC(469) Metaspace: 10058K(10240K)->10058K(10240K) NonClass: 8831K(8896K)->8831K(8896K) Class: 1226K(1344K)->1226K(1344K)
[2025-08-01T01:20:21.940+0000] GC(469) Pause Full (Ergonomics) 3025M->980M(3641M) 246.871ms
[2025-08-01T01:20:21.940+0000] GC(469) User=1.73s Sys=0.02s Real=0.24s
[2025-08-01T01:20:22.034+0000] GC(470) Pause Young (Allocation Failure)
[2025-08-01T01:20:22.132+0000] GC(470) PSYoungGen: 465920K(931840K)->341856K(931840K) Eden: 465920K(465920K)->0K(465920K) From: 0K(465920K)->341856K(465920K)
[2025-08-01T01:20:22.133+0000] GC(470) ParOldGen: 1004121K(2796544K)->1004121K(2796544K)
[2025-08-01T01:20:22.133+0000] GC(470) Metaspace: 10058K(10240K)->10058K(10240K) NonClass: 8831K(8896K)->8831K(8896K) Class: 1226K(1344K)->1226K(1344K)
[2025-08-01T01:20:22.133+0000] GC(470) Pause Young (Allocation Failure) 1435M->1314M(3641M) 98.390ms
[2025-08-01T01:20:22.133+0000] GC(470) User=0.74s Sys=0.03s Real=0.09s
[2025-08-01T01:20:22.227+0000] GC(471) Pause Young (Allocation Failure)
[2025-08-01T01:20:22.354+0000] GC(471) PSYoungGen: 807776K(931840K)->465920K(931840K) Eden: 465920K(465920K)->0K(465920K) From: 341856K(465920K)->465920K(465920K)
[2025-08-01T01:20:22.354+0000] GC(471) ParOldGen: 1004121K(2796544K)->1374433K(2796544K)
[2025-08-01T01:20:22.354+0000] GC(471) Metaspace: 10058K(10240K)->10058K(10240K) NonClass: 8831K(8896K)->8831K(8896K) Class: 1226K(1344K)->1226K(1344K)
[2025-08-01T01:20:22.354+0000] GC(471) Pause Young (Allocation Failure) 1769M->1797M(3641M) 127.152ms
[2025-08-01T01:20:22.354+0000] GC(471) User=0.98s Sys=0.01s Real=0.13s
[2025-08-01T01:20:22.445+0000] GC(472) Pause Young (Allocation Failure)
[2025-08-01T01:20:22.570+0000] GC(472) PSYoungGen: 931840K(931840K)->426752K(931840K) Eden: 465920K(465920K)->0K(465920K) From: 465920K(465920K)->426752K(465920K)
[2025-08-01T01:20:22.570+0000] GC(472) ParOldGen: 1374433K(2796544K)->1747729K(2796544K)
[2025-08-01T01:20:22.570+0000] GC(472) Metaspace: 10058K(10240K)->10058K(10240K) NonClass: 8831K(8896K)->8831K(8896K) Class: 1226K(1344K)->1226K(1344K)
[2025-08-01T01:20:22.570+0000] GC(472) Pause Young (Allocation Failure) 2252M->2123M(3641M) 125.020ms
[2025-08-01T01:20:22.570+0000] GC(472) User=0.97s Sys=0.03s Real=0.12s
[2025-08-01T01:20:22.654+0000] GC(473) Pause Young (Allocation Failure)
[2025-08-01T01:20:22.757+0000] GC(473) PSYoungGen: 892672K(931840K)->367712K(931840K) Eden: 465920K(465920K)->0K(465920K) From: 426752K(465920K)->367712K(465920K)
[2025-08-01T01:20:22.758+0000] GC(473) ParOldGen: 1747729K(2796544K)->2068833K(2796544K)
[2025-08-01T01:20:22.758+0000] GC(473) Metaspace: 10058K(10240K)->10058K(10240K) NonClass: 8831K(8896K)->8831K(8896K) Class: 1226K(1344K)->1226K(1344K)
[2025-08-01T01:20:22.758+0000] GC(473) Pause Young (Allocation Failure) 2578M->2379M(3641M) 103.347ms
[2025-08-01T01:20:22.758+0000] GC(473) User=0.80s Sys=0.00s Real=0.10s
[2025-08-01T01:20:22.846+0000] GC(474) Pause Young (Allocation Failure)
[2025-08-01T01:20:22.918+0000] GC(474) PSYoungGen: 833632K(931840K)->352128K(931840K) Eden: 465920K(465920K)->0K(465920K) From: 367712K(465920K)->352128K(465920K)
[2025-08-01T01:20:22.918+0000] GC(474) ParOldGen: 2068833K(2796544K)->2188241K(2796544K)
[2025-08-01T01:20:22.918+0000] GC(474) Metaspace: 10058K(10240K)->10058K(10240K) NonClass: 8831K(8896K)->8831K(8896K) Class: 1226K(1344K)->1226K(1344K)
[2025-08-01T01:20:22.919+0000] GC(474) Pause Young (Allocation Failure) 2834M->2480M(3641M) 72.866ms
[2025-08-01T01:20:22.919+0000] GC(474) User=0.56s Sys=0.00s Real=0.07s
[2025-08-01T01:20:23.008+0000] GC(475) Pause Young (Allocation Failure)
[2025-08-01T01:20:23.151+0000] GC(475) PSYoungGen: 818048K(931840K)->465920K(931840K) Eden: 465920K(465920K)->0K(465920K) From: 352128K(465920K)->465920K(465920K)
[2025-08-01T01:20:23.151+0000] GC(475) ParOldGen: 2188241K(2796544K)->2569025K(2796544K)
[2025-08-01T01:20:23.151+0000] GC(475) Metaspace: 10058K(10240K)->10058K(10240K) NonClass: 8831K(8896K)->8831K(8896K) Class: 1226K(1344K)->1226K(1344K)
[2025-08-01T01:20:23.151+0000] GC(475) Pause Young (Allocation Failure) 2935M->2963M(3641M) 142.747ms
[2025-08-01T01:20:23.151+0000] GC(475) User=1.09s Sys=0.01s Real=0.14s
[2025-08-01T01:20:23.242+0000] GC(476) Pause Full (Ergonomics)
[2025-08-01T01:20:23.243+0000] GC(476) Marking Phase
[2025-08-01T01:20:23.339+0000] GC(476) Marking Phase 96.143ms
[2025-08-01T01:20:23.339+0000] GC(476) Summary Phase
[2025-08-01T01:20:23.339+0000] GC(476) Summary Phase 0.227ms
[2025-08-01T01:20:23.339+0000] GC(476) Adjust Roots
[2025-08-01T01:20:23.341+0000] GC(476) Adjust Roots 1.856ms
[2025-08-01T01:20:23.341+0000] GC(476) Compaction Phase
[2025-08-01T01:20:23.496+0000] GC(476) Compaction Phase 154.607ms
[2025-08-01T01:20:23.496+0000] GC(476) Post Compact
[2025-08-01T01:20:23.521+0000] GC(476) Post Compact 25.324ms
[2025-08-01T01:20:23.521+0000] GC(476) PSYoungGen: 931840K(931840K)->0K(931840K) Eden: 465920K(465920K)->0K(465920K) From: 465920K(465920K)->0K(465920K)
[2025-08-01T01:20:23.521+0000] GC(476) ParOldGen: 2569025K(2796544K)->1020507K(2796544K)
[2025-08-01T01:20:23.521+0000] GC(476) Metaspace: 10058K(10240K)->10058K(10240K) NonClass: 8831K(8896K)->8831K(8896K) Class: 1226K(1344K)->1226K(1344K)
[2025-08-01T01:20:23.521+0000] GC(476) Pause Full (Ergonomics) 3418M->996M(3641M) 278.638ms
[2025-08-01T01:20:23.521+0000] GC(476) User=1.89s Sys=0.05s Real=0.28s
[2025-08-01T01:20:23.604+0000] GC(477) Pause Young (Allocation Failure)
[2025-08-01T01:20:23.687+0000] GC(477) PSYoungGen: 465920K(931840K)->368096K(931840K) Eden: 465920K(465920K)->0K(465920K) From: 0K(465920K)->368096K(465920K)
[2025-08-01T01:20:23.687+0000] GC(477) ParOldGen: 1020507K(2796544K)->1020507K(2796544K)
[2025-08-01T01:20:23.687+0000] GC(477) Metaspace: 10058K(10240K)->10058K(10240K) NonClass: 8831K(8896K)->8831K(8896K) Class: 1226K(1344K)->1226K(1344K)
[2025-08-01T01:20:23.687+0000] GC(477) Pause Young (Allocation Failure) 1451M->1356M(3641M) 83.420ms
[2025-08-01T01:20:23.687+0000] GC(477) User=0.65s Sys=0.01s Real=0.08s
[2025-08-01T01:20:23.781+0000] GC(478) Pause Young (Allocation Failure)
[2025-08-01T01:20:23.908+0000] GC(478) PSYoungGen: 834016K(931840K)->360416K(931840K) Eden: 465920K(465920K)->0K(465920K) From: 368096K(465920K)->360416K(465920K)
[2025-08-01T01:20:23.908+0000] GC(478) ParOldGen: 1020507K(2796544K)->1130395K(2796544K)
[2025-08-01T01:20:23.908+0000] GC(478) Metaspace: 10058K(10240K)->10058K(10240K) NonClass: 8831K(8896K)->8831K(8896K) Class: 1226K(1344K)->1226K(1344K)
[2025-08-01T01:20:23.908+0000] GC(478) Pause Young (Allocation Failure) 1811M->1455M(3641M) 127.226ms
[2025-08-01T01:20:23.908+0000] GC(478) User=0.95s Sys=0.04s Real=0.13s
[2025-08-01T01:20:23.998+0000] GC(479) Pause Young (Allocation Failure)
[2025-08-01T01:20:24.148+0000] GC(479) PSYoungGen: 826336K(931840K)->465920K(931840K) Eden: 465920K(465920K)->0K(465920K) From: 360416K(465920K)->465920K(465920K)
[2025-08-01T01:20:24.148+0000] GC(479) ParOldGen: 1130395K(2796544K)->1518907K(2796544K)
[2025-08-01T01:20:24.148+0000] GC(479) Metaspace: 10058K(10240K)->10058K(10240K) NonClass: 8831K(8896K)->8831K(8896K) Class: 1226K(1344K)->1226K(1344K)
[2025-08-01T01:20:24.148+0000] GC(479) Pause Young (Allocation Failure) 1910M->1938M(3641M) 150.236ms
[2025-08-01T01:20:24.149+0000] GC(479) User=1.16s Sys=0.03s Real=0.15s
[2025-08-01T01:20:24.234+0000] GC(480) Pause Young (Allocation Failure)
[2025-08-01T01:20:24.409+0000] GC(480) PSYoungGen: 931840K(931840K)->418208K(931840K) Eden: 465920K(465920K)->0K(465920K) From: 465920K(465920K)->418208K(465920K)
[2025-08-01T01:20:24.409+0000] GC(480) ParOldGen: 1518907K(2796544K)->1898899K(2796544K)
[2025-08-01T01:20:24.409+0000] GC(480) Metaspace: 10058K(10240K)->10058K(10240K) NonClass: 8831K(8896K)->8831K(8896K) Class: 1226K(1344K)->1226K(1344K)
[2025-08-01T01:20:24.409+0000] GC(480) Pause Young (Allocation Failure) 2393M->2262M(3641M) 174.945ms
[2025-08-01T01:20:24.409+0000] GC(480) User=1.29s Sys=0.05s Real=0.17s
[2025-08-01T01:20:24.499+0000] GC(481) Pause Young (Allocation Failure)
[2025-08-01T01:20:24.676+0000] GC(481) PSYoungGen: 884128K(931840K)->465920K(931840K) Eden: 465920K(465920K)->0K(465920K) From: 418208K(465920K)->465920K(465920K)
[2025-08-01T01:20:24.676+0000] GC(481) ParOldGen: 1898899K(2796544K)->2349579K(2796544K)
[2025-08-01T01:20:24.676+0000] GC(481) Metaspace: 10058K(10240K)->10058K(10240K) NonClass: 8831K(8896K)->8831K(8896K) Class: 1226K(1344K)->1226K(1344K)
[2025-08-01T01:20:24.676+0000] GC(481) Pause Young (Allocation Failure) 2717M->2749M(3641M) 176.888ms
[2025-08-01T01:20:24.676+0000] GC(481) User=1.36s Sys=0.02s Real=0.18s
[2025-08-01T01:20:24.776+0000] GC(482) Pause Full (Ergonomics)
[2025-08-01T01:20:24.776+0000] GC(482) Marking Phase
[2025-08-01T01:20:24.828+0000] GC(482) Marking Phase 52.024ms
[2025-08-01T01:20:24.828+0000] GC(482) Summary Phase
[2025-08-01T01:20:24.829+0000] GC(482) Summary Phase 0.142ms
[2025-08-01T01:20:24.829+0000] GC(482) Adjust Roots
[2025-08-01T01:20:24.833+0000] GC(482) Adjust Roots 4.035ms
[2025-08-01T01:20:24.833+0000] GC(482) Compaction Phase
[2025-08-01T01:20:24.949+0000] GC(482) Compaction Phase 116.139ms
[2025-08-01T01:20:24.949+0000] GC(482) Post Compact
[2025-08-01T01:20:24.970+0000] GC(482) Post Compact 21.355ms
[2025-08-01T01:20:24.971+0000] GC(482) PSYoungGen: 931840K(931840K)->0K(931840K) Eden: 465920K(465920K)->0K(465920K) From: 465920K(465920K)->0K(465920K)
[2025-08-01T01:20:24.971+0000] GC(482) ParOldGen: 2349579K(2796544K)->568248K(2796544K)
[2025-08-01T01:20:24.971+0000] GC(482) Metaspace: 10058K(10240K)->10058K(10240K) NonClass: 8831K(8896K)->8831K(8896K) Class: 1226K(1344K)->1226K(1344K)
[2025-08-01T01:20:24.971+0000] GC(482) Pause Full (Ergonomics) 3204M->554M(3641M) 194.281ms
[2025-08-01T01:20:24.971+0000] GC(482) User=1.29s Sys=0.03s Real=0.19s
[2025-08-01T01:20:25.057+0000] GC(483) Pause Young (Allocation Failure)
[2025-08-01T01:20:25.147+0000] GC(483) PSYoungGen: 465920K(931840K)->465920K(931840K) Eden: 465920K(465920K)->0K(465920K) From: 0K(465920K)->465920K(465920K)
[2025-08-01T01:20:25.147+0000] GC(483) ParOldGen: 568248K(2796544K)->574328K(2796544K)
[2025-08-01T01:20:25.147+0000] GC(483) Metaspace: 10058K(10240K)->10058K(10240K) NonClass: 8831K(8896K)->8831K(8896K) Class: 1226K(1344K)->1226K(1344K)
[2025-08-01T01:20:25.147+0000] GC(483) Pause Young (Allocation Failure) 1009M->1015M(3641M) 89.916ms
[2025-08-01T01:20:25.147+0000] GC(483) User=0.68s Sys=0.02s Real=0.09s
[2025-08-01T01:20:25.239+0000] GC(484) Pause Young (Allocation Failure)
[2025-08-01T01:20:25.405+0000] GC(484) PSYoungGen: 931840K(931840K)->404512K(931840K) Eden: 465920K(465920K)->0K(465920K) From: 465920K(465920K)->404512K(465920K)
[2025-08-01T01:20:25.405+0000] GC(484) ParOldGen: 574328K(2796544K)->940584K(2796544K)
[2025-08-01T01:20:25.405+0000] GC(484) Metaspace: 10058K(10240K)->10058K(10240K) NonClass: 8831K(8896K)->8831K(8896K) Class: 1226K(1344K)->1226K(1344K)
[2025-08-01T01:20:25.405+0000] GC(484) Pause Young (Allocation Failure) 1470M->1313M(3641M) 166.578ms
[2025-08-01T01:20:25.405+0000] GC(484) User=1.25s Sys=0.06s Real=0.17s
[2025-08-01T01:20:25.503+0000] GC(485) Pause Young (Allocation Failure)
[2025-08-01T01:20:25.708+0000] GC(485) PSYoungGen: 870432K(931840K)->465920K(931840K) Eden: 465920K(465920K)->0K(465920K) From: 404512K(465920K)->465920K(465920K)
[2025-08-01T01:20:25.709+0000] GC(485) ParOldGen: 940584K(2796544K)->1378656K(2796544K)
[2025-08-01T01:20:25.709+0000] GC(485) Metaspace: 10058K(10240K)->10058K(10240K) NonClass: 8831K(8896K)->8831K(8896K) Class: 1226K(1344K)->1226K(1344K)
[2025-08-01T01:20:25.709+0000] GC(485) Pause Young (Allocation Failure) 1768M->1801M(3641M) 205.511ms
[2025-08-01T01:20:25.709+0000] GC(485) User=1.49s Sys=0.08s Real=0.20s
[2025-08-01T01:20:25.804+0000] GC(486) Pause Young (Allocation Failure)
[2025-08-01T01:20:25.929+0000] GC(486) PSYoungGen: 931840K(931840K)->393792K(931840K) Eden: 465920K(465920K)->0K(465920K) From: 465920K(465920K)->393792K(465920K)
[2025-08-01T01:20:25.929+0000] GC(486) ParOldGen: 1378656K(2796544K)->1505152K(2796544K)
[2025-08-01T01:20:25.929+0000] GC(486) Metaspace: 10058K(10240K)->10058K(10240K) NonClass: 8831K(8896K)->8831K(8896K) Class: 1226K(1344K)->1226K(1344K)
[2025-08-01T01:20:25.929+0000] GC(486) Pause Young (Allocation Failure) 2256M->1854M(3641M) 125.484ms
[2025-08-01T01:20:25.929+0000] GC(486) User=0.91s Sys=0.03s Real=0.12s
[2025-08-01T01:20:26.020+0000] GC(487) Pause Young (Allocation Failure)
[2025-08-01T01:20:26.191+0000] GC(487) PSYoungGen: 859712K(931840K)->465920K(931840K) Eden: 465920K(465920K)->0K(465920K) From: 393792K(465920K)->465920K(465920K)
[2025-08-01T01:20:26.191+0000] GC(487) ParOldGen: 1505152K(2796544K)->1929384K(2796544K)
[2025-08-01T01:20:26.191+0000] GC(487) Metaspace: 10058K(10240K)->10058K(10240K) NonClass: 8831K(8896K)->8831K(8896K) Class: 1226K(1344K)->1226K(1344K)
[2025-08-01T01:20:26.191+0000] GC(487) Pause Young (Allocation Failure) 2309M->2339M(3641M) 170.615ms
[2025-08-01T01:20:26.191+0000] GC(487) User=1.28s Sys=0.05s Real=0.17s
[2025-08-01T01:20:26.282+0000] GC(488) Pause Young (Allocation Failure)
[2025-08-01T01:20:26.450+0000] GC(488) PSYoungGen: 931840K(931840K)->412416K(931840K) Eden: 465920K(465920K)->0K(465920K) From: 465920K(465920K)->412416K(465920K)
[2025-08-01T01:20:26.450+0000] GC(488) ParOldGen: 1929384K(2796544K)->2286000K(2796544K)
[2025-08-01T01:20:26.450+0000] GC(488) Metaspace: 10058K(10240K)->10058K(10240K) NonClass: 8831K(8896K)->8831K(8896K) Class: 1226K(1344K)->1226K(1344K)
[2025-08-01T01:20:26.450+0000] GC(488) Pause Young (Allocation Failure) 2794M->2635M(3641M) 168.018ms
[2025-08-01T01:20:26.450+0000] GC(488) User=1.23s Sys=0.06s Real=0.17s
[2025-08-01T01:20:26.542+0000] GC(489) Pause Full (Ergonomics)
[2025-08-01T01:20:26.542+0000] GC(489) Marking Phase
[2025-08-01T01:20:26.639+0000] GC(489) Marking Phase 96.543ms
[2025-08-01T01:20:26.639+0000] GC(489) Summary Phase
[2025-08-01T01:20:26.639+0000] GC(489) Summary Phase 0.085ms
[2025-08-01T01:20:26.639+0000] GC(489) Adjust Roots
[2025-08-01T01:20:26.640+0000] GC(489) Adjust Roots 1.433ms
[2025-08-01T01:20:26.641+0000] GC(489) Compaction Phase
[2025-08-01T01:20:26.863+0000] GC(489) Compaction Phase 221.970ms
[2025-08-01T01:20:26.863+0000] GC(489) Post Compact
[2025-08-01T01:20:26.884+0000] GC(489) Post Compact 21.652ms
[2025-08-01T01:20:26.884+0000] GC(489) PSYoungGen: 878336K(931840K)->0K(931840K) Eden: 465920K(465920K)->0K(465920K) From: 412416K(465920K)->0K(465920K)
[2025-08-01T01:20:26.884+0000] GC(489) ParOldGen: 2286000K(2796544K)->1507072K(2796544K)
[2025-08-01T01:20:26.884+0000] GC(489) Metaspace: 10058K(10240K)->10058K(10240K) NonClass: 8831K(8896K)->8831K(8896K) Class: 1226K(1344K)->1226K(1344K)
[2025-08-01T01:20:26.884+0000] GC(489) Pause Full (Ergonomics) 3090M->1471M(3641M) 342.156ms
[2025-08-01T01:20:26.884+0000] GC(489) User=2.45s Sys=0.02s Real=0.35s
[2025-08-01T01:20:27.029+0000] GC(490) Pause Young (Allocation Failure)
[2025-08-01T01:20:27.179+0000] GC(490) PSYoungGen: 465920K(931840K)->401184K(931840K) Eden: 465920K(465920K)->0K(465920K) From: 0K(465920K)->401184K(465920K)
[2025-08-01T01:20:27.179+0000] GC(490) ParOldGen: 1507072K(2796544K)->1507072K(2796544K)
[2025-08-01T01:20:27.179+0000] GC(490) Metaspace: 10058K(10240K)->10058K(10240K) NonClass: 8831K(8896K)->8831K(8896K) Class: 1226K(1344K)->1226K(1344K)
[2025-08-01T01:20:27.179+0000] GC(490) Pause Young (Allocation Failure) 1926M->1863M(3641M) 150.297ms
[2025-08-01T01:20:27.179+0000] GC(490) User=1.11s Sys=0.04s Real=0.15s
[2025-08-01T01:20:27.278+0000] GC(491) Pause Young (Allocation Failure)
[2025-08-01T01:20:27.429+0000] GC(491) PSYoungGen: 867104K(931840K)->465920K(931840K) Eden: 465920K(465920K)->0K(465920K) From: 401184K(465920K)->465920K(465920K)
[2025-08-01T01:20:27.429+0000] GC(491) ParOldGen: 1507072K(2796544K)->1935592K(2796544K)
[2025-08-01T01:20:27.429+0000] GC(491) Metaspace: 10058K(10240K)->10058K(10240K) NonClass: 8831K(8896K)->8831K(8896K) Class: 1226K(1344K)->1226K(1344K)
[2025-08-01T01:20:27.429+0000] GC(491) Pause Young (Allocation Failure) 2318M->2345M(3641M) 151.003ms
[2025-08-01T01:20:27.429+0000] GC(491) User=1.15s Sys=0.03s Real=0.15s
[2025-08-01T01:20:27.528+0000] GC(492) Pause Young (Allocation Failure)
[2025-08-01T01:20:27.667+0000] GC(492) PSYoungGen: 931840K(931840K)->410432K(931840K) Eden: 465920K(465920K)->0K(465920K) From: 465920K(465920K)->410432K(465920K)
[2025-08-01T01:20:27.667+0000] GC(492) ParOldGen: 1935592K(2796544K)->2299656K(2796544K)
[2025-08-01T01:20:27.667+0000] GC(492) Metaspace: 10058K(10240K)->10058K(10240K) NonClass: 8831K(8896K)->8831K(8896K) Class: 1226K(1344K)->1226K(1344K)
[2025-08-01T01:20:27.667+0000] GC(492) Pause Young (Allocation Failure) 2800M->2646M(3641M) 138.861ms
[2025-08-01T01:20:27.667+0000] GC(492) User=0.98s Sys=0.02s Real=0.14s
[2025-08-01T01:20:27.755+0000] GC(493) Pause Full (Ergonomics)
[2025-08-01T01:20:27.755+0000] GC(493) Marking Phase
[2025-08-01T01:20:27.904+0000] GC(493) Marking Phase 148.633ms
[2025-08-01T01:20:27.904+0000] GC(493) Summary Phase
[2025-08-01T01:20:27.904+0000] GC(493) Summary Phase 0.164ms
[2025-08-01T01:20:27.904+0000] GC(493) Adjust Roots
[2025-08-01T01:20:27.906+0000] GC(493) Adjust Roots 1.972ms
[2025-08-01T01:20:27.906+0000] GC(493) Compaction Phase
[2025-08-01T01:20:28.124+0000] GC(493) Compaction Phase 217.324ms
[2025-08-01T01:20:28.124+0000] GC(493) Post Compact
[2025-08-01T01:20:28.144+0000] GC(493) Post Compact 20.671ms
[2025-08-01T01:20:28.145+0000] GC(493) PSYoungGen: 876352K(931840K)->0K(931840K) Eden: 465920K(465920K)->0K(465920K) From: 410432K(465920K)->0K(465920K)
[2025-08-01T01:20:28.145+0000] GC(493) ParOldGen: 2299656K(2796544K)->1512294K(2796544K)
[2025-08-01T01:20:28.145+0000] GC(493) Metaspace: 10058K(10240K)->10058K(10240K) NonClass: 8831K(8896K)->8831K(8896K) Class: 1226K(1344K)->1226K(1344K)
[2025-08-01T01:20:28.145+0000] GC(493) Pause Full (Ergonomics) 3101M->1476M(3641M) 389.407ms
[2025-08-01T01:20:28.145+0000] GC(493) User=2.82s Sys=0.01s Real=0.39s
[2025-08-01T01:20:28.232+0000] GC(494) Pause Young (Allocation Failure)
[2025-08-01T01:20:28.311+0000] GC(494) PSYoungGen: 465920K(931840K)->389632K(931840K) Eden: 465920K(465920K)->0K(465920K) From: 0K(465920K)->389632K(465920K)
[2025-08-01T01:20:28.311+0000] GC(494) ParOldGen: 1512294K(2796544K)->1512294K(2796544K)
[2025-08-01T01:20:28.311+0000] GC(494) Metaspace: 10058K(10240K)->10058K(10240K) NonClass: 8831K(8896K)->8831K(8896K) Class: 1226K(1344K)->1226K(1344K)
[2025-08-01T01:20:28.311+0000] GC(494) Pause Young (Allocation Failure) 1931M->1857M(3641M) 79.093ms
[2025-08-01T01:20:28.311+0000] GC(494) User=0.57s Sys=0.03s Real=0.08s
[2025-08-01T01:20:28.447+0000] GC(495) Pause Young (Allocation Failure)
[2025-08-01T01:20:28.562+0000] GC(495) PSYoungGen: 855552K(931840K)->321600K(931840K) Eden: 465920K(465920K)->0K(465920K) From: 389632K(465920K)->321600K(465920K)
[2025-08-01T01:20:28.562+0000] GC(495) ParOldGen: 1512294K(2796544K)->1784974K(2796544K)
[2025-08-01T01:20:28.562+0000] GC(495) Metaspace: 10058K(10240K)->10058K(10240K) NonClass: 8831K(8896K)->8831K(8896K) Class: 1226K(1344K)->1226K(1344K)
[2025-08-01T01:20:28.562+0000] GC(495) Pause Young (Allocation Failure) 2312M->2057M(3641M) 114.632ms
[2025-08-01T01:20:28.562+0000] GC(495) User=0.84s Sys=0.04s Real=0.11s
[2025-08-01T01:20:28.654+0000] GC(496) Pause Young (Allocation Failure)
[2025-08-01T01:20:28.785+0000] GC(496) PSYoungGen: 787520K(931840K)->465920K(931840K) Eden: 465920K(465920K)->0K(465920K) From: 321600K(465920K)->465920K(465920K)
[2025-08-01T01:20:28.785+0000] GC(496) ParOldGen: 1784974K(2796544K)->2135574K(2796544K)
[2025-08-01T01:20:28.785+0000] GC(496) Metaspace: 10058K(10240K)->10058K(10240K) NonClass: 8831K(8896K)->8831K(8896K) Class: 1226K(1344K)->1226K(1344K)
[2025-08-01T01:20:28.785+0000] GC(496) Pause Young (Allocation Failure) 2512M->2540M(3641M) 131.322ms
[2025-08-01T01:20:28.785+0000] GC(496) User=0.98s Sys=0.02s Real=0.13s
[2025-08-01T01:20:28.885+0000] GC(497) Pause Young (Allocation Failure)
[2025-08-01T01:20:29.096+0000] GC(497) PSYoungGen: 931840K(931840K)->465920K(931840K) Eden: 465920K(465920K)->0K(465920K) From: 465920K(465920K)->465920K(465920K)
[2025-08-01T01:20:29.096+0000] GC(497) ParOldGen: 2135574K(2796544K)->2638358K(2796544K)
[2025-08-01T01:20:29.096+0000] GC(497) Metaspace: 10058K(10240K)->10058K(10240K) NonClass: 8831K(8896K)->8831K(8896K) Class: 1226K(1344K)->1226K(1344K)
[2025-08-01T01:20:29.096+0000] GC(497) Pause Young (Allocation Failure) 2995M->3031M(3641M) 211.621ms
[2025-08-01T01:20:29.096+0000] GC(497) User=1.62s Sys=0.04s Real=0.21s
[2025-08-01T01:20:29.190+0000] GC(498) Pause Full (Ergonomics)
[2025-08-01T01:20:29.190+0000] GC(498) Marking Phase
[2025-08-01T01:20:29.231+0000] GC(498) Marking Phase 40.309ms
[2025-08-01T01:20:29.231+0000] GC(498) Summary Phase
[2025-08-01T01:20:29.231+0000] GC(498) Summary Phase 0.119ms
[2025-08-01T01:20:29.231+0000] GC(498) Adjust Roots
[2025-08-01T01:20:29.233+0000] GC(498) Adjust Roots 1.895ms
[2025-08-01T01:20:29.233+0000] GC(498) Compaction Phase
[2025-08-01T01:20:29.322+0000] GC(498) Compaction Phase 88.873ms
[2025-08-01T01:20:29.322+0000] GC(498) Post Compact
[2025-08-01T01:20:29.346+0000] GC(498) Post Compact 24.388ms
[2025-08-01T01:20:29.346+0000] GC(498) PSYoungGen: 931840K(931840K)->0K(931840K) Eden: 465920K(465920K)->0K(465920K) From: 465920K(465920K)->0K(465920K)
[2025-08-01T01:20:29.346+0000] GC(498) ParOldGen: 2638358K(2796544K)->600855K(2796544K)
[2025-08-01T01:20:29.346+0000] GC(498) Metaspace: 10058K(10240K)->10058K(10240K) NonClass: 8831K(8896K)->8831K(8896K) Class: 1226K(1344K)->1226K(1344K)
[2025-08-01T01:20:29.346+0000] GC(498) Pause Full (Ergonomics) 3486M->586M(3641M) 156.003ms
[2025-08-01T01:20:29.346+0000] GC(498) User=0.99s Sys=0.02s Real=0.16s
[2025-08-01T01:20:29.492+0000] GC(499) Pause Young (Allocation Failure)
[2025-08-01T01:20:29.637+0000] GC(499) PSYoungGen: 465920K(931840K)->355328K(931840K) Eden: 465920K(465920K)->0K(465920K) From: 0K(465920K)->355328K(465920K)
[2025-08-01T01:20:29.637+0000] GC(499) ParOldGen: 600855K(2796544K)->600855K(2796544K)
[2025-08-01T01:20:29.637+0000] GC(499) Metaspace: 10058K(10240K)->10058K(10240K) NonClass: 8831K(8896K)->8831K(8896K) Class: 1226K(1344K)->1226K(1344K)
[2025-08-01T01:20:29.637+0000] GC(499) Pause Young (Allocation Failure) 1041M->933M(3641M) 144.614ms
[2025-08-01T01:20:29.637+0000] GC(499) User=1.05s Sys=0.05s Real=0.15s
[2025-08-01T01:20:29.737+0000] GC(500) Pause Young (Allocation Failure)
[2025-08-01T01:20:29.941+0000] GC(500) PSYoungGen: 821248K(931840K)->465920K(931840K) Eden: 465920K(465920K)->0K(465920K) From: 355328K(465920K)->465920K(465920K)
[2025-08-01T01:20:29.941+0000] GC(500) ParOldGen: 600855K(2796544K)->987167K(2796544K)
[2025-08-01T01:20:29.941+0000] GC(500) Metaspace: 10058K(10240K)->10058K(10240K) NonClass: 8831K(8896K)->8831K(8896K) Class: 1226K(1344K)->1226K(1344K)
[2025-08-01T01:20:29.941+0000] GC(500) Pause Young (Allocation Failure) 1388M->1419M(3641M) 203.439ms
[2025-08-01T01:20:29.941+0000] GC(500) User=1.50s Sys=0.06s Real=0.20s
[2025-08-01T01:20:30.036+0000] GC(501) Pause Young (Allocation Failure)
[2025-08-01T01:20:30.189+0000] GC(501) PSYoungGen: 931840K(931840K)->465920K(931840K) Eden: 465920K(465920K)->0K(465920K) From: 465920K(465920K)->465920K(465920K)
[2025-08-01T01:20:30.189+0000] GC(501) ParOldGen: 987167K(2796544K)->1490159K(2796544K)
[2025-08-01T01:20:30.189+0000] GC(501) Metaspace: 10058K(10240K)->10058K(10240K) NonClass: 8831K(8896K)->8831K(8896K) Class: 1226K(1344K)->1226K(1344K)
[2025-08-01T01:20:30.189+0000] GC(501) Pause Young (Allocation Failure) 1874M->1910M(3641M) 153.047ms
[2025-08-01T01:20:30.189+0000] GC(501) User=1.19s Sys=0.01s Real=0.15s
[2025-08-01T01:20:30.284+0000] GC(502) Pause Young (Allocation Failure)
[2025-08-01T01:20:30.406+0000] GC(502) PSYoungGen: 931840K(931840K)->358624K(931840K) Eden: 465920K(465920K)->0K(465920K) From: 465920K(465920K)->358624K(465920K)
[2025-08-01T01:20:30.406+0000] GC(502) ParOldGen: 1490159K(2796544K)->1618599K(2796544K)
[2025-08-01T01:20:30.406+0000] GC(502) Metaspace: 10058K(10240K)->10058K(10240K) NonClass: 8831K(8896K)->8831K(8896K) Class: 1226K(1344K)->1226K(1344K)
[2025-08-01T01:20:30.406+0000] GC(502) Pause Young (Allocation Failure) 2365M->1930M(3641M) 121.699ms
[2025-08-01T01:20:30.406+0000] GC(502) User=0.92s Sys=0.03s Real=0.12s
[2025-08-01T01:20:30.561+0000] GC(503) Pause Young (Allocation Failure)
[2025-08-01T01:20:30.744+0000] GC(503) PSYoungGen: 824544K(931840K)->368896K(931840K) Eden: 465920K(465920K)->0K(465920K) From: 358624K(465920K)->368896K(465920K)
[2025-08-01T01:20:30.744+0000] GC(503) ParOldGen: 1618599K(2796544K)->1871167K(2796544K)
[2025-08-01T01:20:30.744+0000] GC(503) Metaspace: 10058K(10240K)->10058K(10240K) NonClass: 8831K(8896K)->8831K(8896K) Class: 1226K(1344K)->1226K(1344K)
[2025-08-01T01:20:30.744+0000] GC(503) Pause Young (Allocation Failure) 2385M->2187M(3641M) 183.202ms
[2025-08-01T01:20:30.744+0000] GC(503) User=1.38s Sys=0.04s Real=0.19s
[2025-08-01T01:20:30.849+0000] GC(504) Pause Young (Allocation Failure)
[2025-08-01T01:20:31.029+0000] GC(504) PSYoungGen: 834816K(931840K)->465920K(931840K) Eden: 465920K(465920K)->0K(465920K) From: 368896K(465920K)->465920K(465920K)
[2025-08-01T01:20:31.029+0000] GC(504) ParOldGen: 1871167K(2796544K)->2270503K(2796544K)
[2025-08-01T01:20:31.029+0000] GC(504) Metaspace: 10058K(10240K)->10058K(10240K) NonClass: 8831K(8896K)->8831K(8896K) Class: 1226K(1344K)->1226K(1344K)
[2025-08-01T01:20:31.029+0000] GC(504) Pause Young (Allocation Failure) 2642M->2672M(3641M) 180.110ms
[2025-08-01T01:20:31.029+0000] GC(504) User=1.40s Sys=0.03s Real=0.18s
[2025-08-01T01:20:31.128+0000] GC(505) Pause Full (Ergonomics)
[2025-08-01T01:20:31.128+0000] GC(505) Marking Phase
[2025-08-01T01:20:31.266+0000] GC(505) Marking Phase 137.461ms
[2025-08-01T01:20:31.266+0000] GC(505) Summary Phase
[2025-08-01T01:20:31.266+0000] GC(505) Summary Phase 0.156ms
[2025-08-01T01:20:31.266+0000] GC(505) Adjust Roots
[2025-08-01T01:20:31.269+0000] GC(505) Adjust Roots 3.164ms
[2025-08-01T01:20:31.269+0000] GC(505) Compaction Phase
[2025-08-01T01:20:31.487+0000] GC(505) Compaction Phase 217.615ms
[2025-08-01T01:20:31.487+0000] GC(505) Post Compact
[2025-08-01T01:20:31.508+0000] GC(505) Post Compact 20.973ms
[2025-08-01T01:20:31.508+0000] GC(505) PSYoungGen: 931840K(931840K)->0K(931840K) Eden: 465920K(465920K)->0K(465920K) From: 465920K(465920K)->0K(465920K)
[2025-08-01T01:20:31.508+0000] GC(505) ParOldGen: 2270503K(2796544K)->1545903K(2796544K)
[2025-08-01T01:20:31.508+0000] GC(505) Metaspace: 10058K(10240K)->10058K(10240K) NonClass: 8831K(8896K)->8831K(8896K) Class: 1226K(1344K)->1226K(1344K)
[2025-08-01T01:20:31.508+0000] GC(505) Pause Full (Ergonomics) 3127M->1509M(3641M) 379.971ms
[2025-08-01T01:20:31.508+0000] GC(505) User=2.76s Sys=0.02s Real=0.38s
[2025-08-01T01:20:31.605+0000] GC(506) Pause Young (Allocation Failure)
[2025-08-01T01:20:31.677+0000] GC(506) PSYoungGen: 465920K(931840K)->368032K(931840K) Eden: 465920K(465920K)->0K(465920K) From: 0K(465920K)->368032K(465920K)
[2025-08-01T01:20:31.677+0000] GC(506) ParOldGen: 1545903K(2796544K)->1545903K(2796544K)
[2025-08-01T01:20:31.677+0000] GC(506) Metaspace: 10058K(10240K)->10058K(10240K) NonClass: 8831K(8896K)->8831K(8896K) Class: 1226K(1344K)->1226K(1344K)
[2025-08-01T01:20:31.677+0000] GC(506) Pause Young (Allocation Failure) 1964M->1869M(3641M) 71.914ms
[2025-08-01T01:20:31.677+0000] GC(506) User=0.55s Sys=0.01s Real=0.07s
[2025-08-01T01:20:31.768+0000] GC(507) Pause Young (Allocation Failure)
[2025-08-01T01:20:31.927+0000] GC(507) PSYoungGen: 833952K(931840K)->361440K(931840K) Eden: 465920K(465920K)->0K(465920K) From: 368032K(465920K)->361440K(465920K)
[2025-08-01T01:20:31.927+0000] GC(507) ParOldGen: 1545903K(2796544K)->1814303K(2796544K)
[2025-08-01T01:20:31.927+0000] GC(507) Metaspace: 10058K(10240K)->10058K(10240K) NonClass: 8831K(8896K)->8831K(8896K) Class: 1226K(1344K)->1226K(1344K)
[2025-08-01T01:20:31.927+0000] GC(507) Pause Young (Allocation Failure) 2324M->2124M(3641M) 158.977ms
[2025-08-01T01:20:31.927+0000] GC(507) User=1.13s Sys=0.04s Real=0.16s
[2025-08-01T01:20:32.012+0000] GC(508) Pause Young (Allocation Failure)
[2025-08-01T01:20:32.200+0000] GC(508) PSYoungGen: 827360K(931840K)->465920K(931840K) Eden: 465920K(465920K)->0K(465920K) From: 361440K(465920K)->465920K(465920K)
[2025-08-01T01:20:32.200+0000] GC(508) ParOldGen: 1814303K(2796544K)->2206255K(2796544K)
[2025-08-01T01:20:32.200+0000] GC(508) Metaspace: 10058K(10240K)->10058K(10240K) NonClass: 8831K(8896K)->8831K(8896K) Class: 1226K(1344K)->1226K(1344K)
[2025-08-01T01:20:32.200+0000] GC(508) Pause Young (Allocation Failure) 2579M->2609M(3641M) 188.150ms
[2025-08-01T01:20:32.200+0000] GC(508) User=1.44s Sys=0.01s Real=0.19s
[2025-08-01T01:20:32.285+0000] GC(509) Pause Full (Ergonomics)
[2025-08-01T01:20:32.285+0000] GC(509) Marking Phase
[2025-08-01T01:20:32.340+0000] GC(509) Marking Phase 54.627ms
[2025-08-01T01:20:32.340+0000] GC(509) Summary Phase
[2025-08-01T01:20:32.340+0000] GC(509) Summary Phase 0.105ms
[2025-08-01T01:20:32.340+0000] GC(509) Adjust Roots
[2025-08-01T01:20:32.342+0000] GC(509) Adjust Roots 1.361ms
[2025-08-01T01:20:32.342+0000] GC(509) Compaction Phase
[2025-08-01T01:20:32.495+0000] GC(509) Compaction Phase 153.296ms
[2025-08-01T01:20:32.495+0000] GC(509) Post Compact
[2025-08-01T01:20:32.517+0000] GC(509) Post Compact 21.544ms
[2025-08-01T01:20:32.517+0000] GC(509) PSYoungGen: 931840K(931840K)->0K(931840K) Eden: 465920K(465920K)->0K(465920K) From: 465920K(465920K)->0K(465920K)
[2025-08-01T01:20:32.517+0000] GC(509) ParOldGen: 2206255K(2796544K)->1095078K(2796544K)
[2025-08-01T01:20:32.517+0000] GC(509) Metaspace: 10058K(10240K)->10058K(10240K) NonClass: 8831K(8896K)->8831K(8896K) Class: 1226K(1344K)->1226K(1344K)
[2025-08-01T01:20:32.517+0000] GC(509) Pause Full (Ergonomics) 3064M->1069M(3641M) 231.309ms
[2025-08-01T01:20:32.517+0000] GC(509) User=1.64s Sys=0.00s Real=0.23s
[2025-08-01T01:20:32.604+0000] GC(510) Pause Young (Allocation Failure)
[2025-08-01T01:20:32.674+0000] GC(510) PSYoungGen: 465920K(931840K)->380128K(931840K) Eden: 465920K(465920K)->0K(465920K) From: 0K(465920K)->380128K(465920K)
[2025-08-01T01:20:32.674+0000] GC(510) ParOldGen: 1095078K(2796544K)->1095078K(2796544K)
[2025-08-01T01:20:32.674+0000] GC(510) Metaspace: 10058K(10240K)->10058K(10240K) NonClass: 8831K(8896K)->8831K(8896K) Class: 1226K(1344K)->1226K(1344K)
[2025-08-01T01:20:32.674+0000] GC(510) Pause Young (Allocation Failure) 1524M->1440M(3641M) 69.903ms
[2025-08-01T01:20:32.674+0000] GC(510) User=0.52s Sys=0.02s Real=0.07s
[2025-08-01T01:20:32.769+0000] GC(511) Pause Young (Allocation Failure)
[2025-08-01T01:20:32.943+0000] GC(511) PSYoungGen: 846048K(931840K)->362048K(931840K) Eden: 465920K(465920K)->0K(465920K) From: 380128K(465920K)->362048K(465920K)
[2025-08-01T01:20:32.943+0000] GC(511) ParOldGen: 1095078K(2796544K)->1376766K(2796544K)
[2025-08-01T01:20:32.943+0000] GC(511) Metaspace: 10058K(10240K)->10058K(10240K) NonClass: 8831K(8896K)->8831K(8896K) Class: 1226K(1344K)->1226K(1344K)
[2025-08-01T01:20:32.943+0000] GC(511) Pause Young (Allocation Failure) 1895M->1698M(3641M) 174.003ms
[2025-08-01T01:20:32.943+0000] GC(511) User=1.31s Sys=0.04s Real=0.18s
[2025-08-01T01:20:33.028+0000] GC(512) Pause Young (Allocation Failure)
[2025-08-01T01:20:33.192+0000] GC(512) PSYoungGen: 827968K(931840K)->465920K(931840K) Eden: 465920K(465920K)->0K(465920K) From: 362048K(465920K)->465920K(465920K)
[2025-08-01T01:20:33.192+0000] GC(512) ParOldGen: 1376766K(2796544K)->1765926K(2796544K)
[2025-08-01T01:20:33.192+0000] GC(512) Metaspace: 10058K(10240K)->10058K(10240K) NonClass: 8831K(8896K)->8831K(8896K) Class: 1226K(1344K)->1226K(1344K)
[2025-08-01T01:20:33.192+0000] GC(512) Pause Young (Allocation Failure) 2153M->2179M(3641M) 164.026ms
[2025-08-01T01:20:33.192+0000] GC(512) User=1.22s Sys=0.04s Real=0.16s
[2025-08-01T01:20:33.283+0000] GC(513) Pause Young (Allocation Failure)
[2025-08-01T01:20:33.405+0000] GC(513) PSYoungGen: 931840K(931840K)->378080K(931840K) Eden: 465920K(465920K)->0K(465920K) From: 465920K(465920K)->378080K(465920K)
[2025-08-01T01:20:33.405+0000] GC(513) ParOldGen: 1765926K(2796544K)->2146158K(2796544K)
[2025-08-01T01:20:33.405+0000] GC(513) Metaspace: 10058K(10240K)->10058K(10240K) NonClass: 8831K(8896K)->8831K(8896K) Class: 1226K(1344K)->1226K(1344K)
[2025-08-01T01:20:33.405+0000] GC(513) Pause Young (Allocation Failure) 2634M->2465M(3641M) 122.745ms
[2025-08-01T01:20:33.405+0000] GC(513) User=0.93s Sys=0.03s Real=0.13s
[2025-08-01T01:20:33.499+0000] GC(514) Pause Young (Allocation Failure)
[2025-08-01T01:20:33.624+0000] GC(514) PSYoungGen: 844000K(931840K)->364160K(931840K) Eden: 465920K(465920K)->0K(465920K) From: 378080K(465920K)->364160K(465920K)
[2025-08-01T01:20:33.624+0000] GC(514) ParOldGen: 2146158K(2796544K)->2297830K(2796544K)
[2025-08-01T01:20:33.624+0000] GC(514) Metaspace: 10058K(10240K)->10058K(10240K) NonClass: 8831K(8896K)->8831K(8896K) Class: 1226K(1344K)->1226K(1344K)
[2025-08-01T01:20:33.624+0000] GC(514) Pause Young (Allocation Failure) 2920M->2599M(3641M) 125.157ms
[2025-08-01T01:20:33.625+0000] GC(514) User=0.88s Sys=0.07s Real=0.13s
[2025-08-01T01:20:33.713+0000] GC(515) Pause Full (Ergonomics)
[2025-08-01T01:20:33.713+0000] GC(515) Marking Phase
[2025-08-01T01:20:33.755+0000] GC(515) Marking Phase 41.440ms
[2025-08-01T01:20:33.755+0000] GC(515) Summary Phase
[2025-08-01T01:20:33.755+0000] GC(515) Summary Phase 0.094ms
[2025-08-01T01:20:33.755+0000] GC(515) Adjust Roots
[2025-08-01T01:20:33.756+0000] GC(515) Adjust Roots 1.270ms
[2025-08-01T01:20:33.756+0000] GC(515) Compaction Phase
[2025-08-01T01:20:33.846+0000] GC(515) Compaction Phase 89.496ms
[2025-08-01T01:20:33.846+0000] GC(515) Post Compact
[2025-08-01T01:20:33.867+0000] GC(515) Post Compact 21.619ms
[2025-08-01T01:20:33.867+0000] GC(515) PSYoungGen: 830080K(931840K)->0K(931840K) Eden: 465920K(465920K)->0K(465920K) From: 364160K(465920K)->0K(465920K)
[2025-08-01T01:20:33.867+0000] GC(515) ParOldGen: 2297830K(2796544K)->646212K(2796544K)
[2025-08-01T01:20:33.867+0000] GC(515) Metaspace: 10058K(10240K)->10058K(10240K) NonClass: 8831K(8896K)->8831K(8896K) Class: 1226K(1344K)->1226K(1344K)
[2025-08-01T01:20:33.868+0000] GC(515) Pause Full (Ergonomics) 3054M->631M(3641M) 154.424ms
[2025-08-01T01:20:33.868+0000] GC(515) User=1.03s Sys=0.00s Real=0.15s
[2025-08-01T01:20:33.954+0000] GC(516) Pause Young (Allocation Failure)
[2025-08-01T01:20:34.036+0000] GC(516) PSYoungGen: 465920K(931840K)->465920K(931840K) Eden: 465920K(465920K)->0K(465920K) From: 0K(465920K)->465920K(465920K)
[2025-08-01T01:20:34.036+0000] GC(516) ParOldGen: 646212K(2796544K)->654732K(2796544K)
[2025-08-01T01:20:34.036+0000] GC(516) Metaspace: 10058K(10240K)->10058K(10240K) NonClass: 8831K(8896K)->8831K(8896K) Class: 1226K(1344K)->1226K(1344K)
[2025-08-01T01:20:34.036+0000] GC(516) Pause Young (Allocation Failure) 1086M->1094M(3641M) 81.858ms
[2025-08-01T01:20:34.036+0000] GC(516) User=0.57s Sys=0.02s Real=0.08s
[2025-08-01T01:20:34.128+0000] GC(517) Pause Young (Allocation Failure)
[2025-08-01T01:20:34.318+0000] GC(517) PSYoungGen: 931840K(931840K)->379712K(931840K) Eden: 465920K(465920K)->0K(465920K) From: 465920K(465920K)->379712K(465920K)
[2025-08-01T01:20:34.318+0000] GC(517) ParOldGen: 654732K(2796544K)->1034564K(2796544K)
[2025-08-01T01:20:34.318+0000] GC(517) Metaspace: 10058K(10240K)->10058K(10240K) NonClass: 8831K(8896K)->8831K(8896K) Class: 1226K(1344K)->1226K(1344K)
[2025-08-01T01:20:34.318+0000] GC(517) Pause Young (Allocation Failure) 1549M->1381M(3641M) 189.713ms
[2025-08-01T01:20:34.318+0000] GC(517) User=1.44s Sys=0.05s Real=0.19s
[2025-08-01T01:20:34.411+0000] GC(518) Pause Young (Allocation Failure)
[2025-08-01T01:20:34.518+0000] GC(518) PSYoungGen: 845632K(931840K)->362144K(931840K) Eden: 465920K(465920K)->0K(465920K) From: 379712K(465920K)->362144K(465920K)
[2025-08-01T01:20:34.518+0000] GC(518) ParOldGen: 1034564K(2796544K)->1192836K(2796544K)
[2025-08-01T01:20:34.518+0000] GC(518) Metaspace: 10058K(10240K)->10058K(10240K) NonClass: 8831K(8896K)->8831K(8896K) Class: 1226K(1344K)->1226K(1344K)
[2025-08-01T01:20:34.518+0000] GC(518) Pause Young (Allocation Failure) 1836M->1518M(3641M) 107.322ms
[2025-08-01T01:20:34.519+0000] GC(518) User=0.79s Sys=0.03s Real=0.11s
[2025-08-01T01:20:34.615+0000] GC(519) Pause Young (Allocation Failure)
[2025-08-01T01:20:34.764+0000] GC(519) PSYoungGen: 828064K(931840K)->370048K(931840K) Eden: 465920K(465920K)->0K(465920K) From: 362144K(465920K)->370048K(465920K)
[2025-08-01T01:20:34.764+0000] GC(519) ParOldGen: 1192836K(2796544K)->1456676K(2796544K)
[2025-08-01T01:20:34.764+0000] GC(519) Metaspace: 10058K(10240K)->10058K(10240K) NonClass: 8831K(8896K)->8831K(8896K) Class: 1226K(1344K)->1226K(1344K)
[2025-08-01T01:20:34.764+0000] GC(519) Pause Young (Allocation Failure) 1973M->1783M(3641M) 148.576ms
[2025-08-01T01:20:34.764+0000] GC(519) User=1.11s Sys=0.03s Real=0.15s
[2025-08-01T01:20:34.858+0000] GC(520) Pause Young (Allocation Failure)
[2025-08-01T01:20:35.005+0000] GC(520) PSYoungGen: 835968K(931840K)->465920K(931840K) Eden: 465920K(465920K)->0K(465920K) From: 370048K(465920K)->465920K(465920K)
[2025-08-01T01:20:35.005+0000] GC(520) ParOldGen: 1456676K(2796544K)->1856460K(2796544K)
[2025-08-01T01:20:35.005+0000] GC(520) Metaspace: 10058K(10240K)->10058K(10240K) NonClass: 8831K(8896K)->8831K(8896K) Class: 1226K(1344K)->1226K(1344K)
[2025-08-01T01:20:35.005+0000] GC(520) Pause Young (Allocation Failure) 2238M->2267M(3641M) 147.046ms
[2025-08-01T01:20:35.005+0000] GC(520) User=1.11s Sys=0.03s Real=0.15s
[2025-08-01T01:20:35.093+0000] GC(521) Pause Young (Allocation Failure)
[2025-08-01T01:20:35.216+0000] GC(521) PSYoungGen: 931840K(931840K)->380352K(931840K) Eden: 465920K(465920K)->0K(465920K) From: 465920K(465920K)->380352K(465920K)
[2025-08-01T01:20:35.216+0000] GC(521) ParOldGen: 1856460K(2796544K)->2253516K(2796544K)
[2025-08-01T01:20:35.216+0000] GC(521) Metaspace: 10058K(10240K)->10058K(10240K) NonClass: 8831K(8896K)->8831K(8896K) Class: 1226K(1344K)->1226K(1344K)
[2025-08-01T01:20:35.216+0000] GC(521) Pause Young (Allocation Failure) 2722M->2572M(3641M) 122.520ms
[2025-08-01T01:20:35.216+0000] GC(521) User=0.94s Sys=0.01s Real=0.12s
[2025-08-01T01:20:35.306+0000] GC(522) Pause Full (Ergonomics)
[2025-08-01T01:20:35.306+0000] GC(522) Marking Phase
[2025-08-01T01:20:35.365+0000] GC(522) Marking Phase 59.358ms
[2025-08-01T01:20:35.366+0000] GC(522) Summary Phase
[2025-08-01T01:20:35.366+0000] GC(522) Summary Phase 0.100ms
[2025-08-01T01:20:35.366+0000] GC(522) Adjust Roots
[2025-08-01T01:20:35.367+0000] GC(522) Adjust Roots 1.749ms
[2025-08-01T01:20:35.367+0000] GC(522) Compaction Phase
[2025-08-01T01:20:35.480+0000] GC(522) Compaction Phase 112.562ms
[2025-08-01T01:20:35.480+0000] GC(522) Post Compact
[2025-08-01T01:20:35.502+0000] GC(522) Post Compact 21.877ms
[2025-08-01T01:20:35.502+0000] GC(522) PSYoungGen: 846272K(931840K)->0K(931840K) Eden: 465920K(465920K)->0K(465920K) From: 380352K(465920K)->0K(465920K)
[2025-08-01T01:20:35.502+0000] GC(522) ParOldGen: 2253516K(2796544K)->664422K(2796544K)
[2025-08-01T01:20:35.502+0000] GC(522) Metaspace: 10058K(10240K)->10058K(10240K) NonClass: 8831K(8896K)->8831K(8896K) Class: 1226K(1344K)->1226K(1344K)
[2025-08-01T01:20:35.502+0000] GC(522) Pause Full (Ergonomics) 3027M->648M(3641M) 196.062ms
[2025-08-01T01:20:35.502+0000] GC(522) User=1.31s Sys=0.02s Real=0.19s
[2025-08-01T01:20:35.596+0000] GC(523) Pause Young (Allocation Failure)
[2025-08-01T01:20:35.680+0000] GC(523) PSYoungGen: 465920K(931840K)->375136K(931840K) Eden: 465920K(465920K)->0K(465920K) From: 0K(465920K)->375136K(465920K)
[2025-08-01T01:20:35.680+0000] GC(523) ParOldGen: 664422K(2796544K)->664422K(2796544K)
[2025-08-01T01:20:35.680+0000] GC(523) Metaspace: 10058K(10240K)->10058K(10240K) NonClass: 8831K(8896K)->8831K(8896K) Class: 1226K(1344K)->1226K(1344K)
[2025-08-01T01:20:35.680+0000] GC(523) Pause Young (Allocation Failure) 1103M->1015M(3641M) 84.265ms
[2025-08-01T01:20:35.680+0000] GC(523) User=0.64s Sys=0.02s Real=0.08s
[2025-08-01T01:20:35.769+0000] GC(524) Pause Young (Allocation Failure)
[2025-08-01T01:20:35.998+0000] GC(524) PSYoungGen: 841056K(931840K)->465920K(931840K) Eden: 465920K(465920K)->0K(465920K) From: 375136K(465920K)->465920K(465920K)
[2025-08-01T01:20:35.998+0000] GC(524) ParOldGen: 664422K(2796544K)->1067558K(2796544K)
[2025-08-01T01:20:35.998+0000] GC(524) Metaspace: 10058K(10240K)->10058K(10240K) NonClass: 8831K(8896K)->8831K(8896K) Class: 1226K(1344K)->1226K(1344K)
[2025-08-01T01:20:35.998+0000] GC(524) Pause Young (Allocation Failure) 1470M->1497M(3641M) 228.983ms
[2025-08-01T01:20:35.998+0000] GC(524) User=1.76s Sys=0.04s Real=0.23s
[2025-08-01T01:20:36.084+0000] GC(525) Pause Young (Allocation Failure)
[2025-08-01T01:20:36.198+0000] GC(525) PSYoungGen: 931840K(931840K)->379648K(931840K) Eden: 465920K(465920K)->0K(465920K) From: 465920K(465920K)->379648K(465920K)
[2025-08-01T01:20:36.198+0000] GC(525) ParOldGen: 1067558K(2796544K)->1466518K(2796544K)
[2025-08-01T01:20:36.198+0000] GC(525) Metaspace: 10058K(10240K)->10058K(10240K) NonClass: 8831K(8896K)->8831K(8896K) Class: 1226K(1344K)->1226K(1344K)
[2025-08-01T01:20:36.198+0000] GC(525) Pause Young (Allocation Failure) 1952M->1802M(3641M) 113.231ms
[2025-08-01T01:20:36.198+0000] GC(525) User=0.89s Sys=0.01s Real=0.11s
[2025-08-01T01:20:36.285+0000] GC(526) Pause Young (Allocation Failure)
[2025-08-01T01:20:36.385+0000] GC(526) PSYoungGen: 845568K(931840K)->365952K(931840K) Eden: 465920K(465920K)->0K(465920K) From: 379648K(465920K)->365952K(465920K)
[2025-08-01T01:20:36.385+0000] GC(526) ParOldGen: 1466518K(2796544K)->1629158K(2796544K)
[2025-08-01T01:20:36.385+0000] GC(526) Metaspace: 10058K(10240K)->10058K(10240K) NonClass: 8831K(8896K)->8831K(8896K) Class: 1226K(1344K)->1226K(1344K)
[2025-08-01T01:20:36.385+0000] GC(526) Pause Young (Allocation Failure) 2257M->1948M(3641M) 100.353ms
[2025-08-01T01:20:36.385+0000] GC(526) User=0.74s Sys=0.03s Real=0.10s
[2025-08-01T01:20:36.471+0000] GC(527) Pause Young (Allocation Failure)
[2025-08-01T01:20:36.634+0000] GC(527) PSYoungGen: 831872K(931840K)->378368K(931840K) Eden: 465920K(465920K)->0K(465920K) From: 365952K(465920K)->378368K(465920K)
[2025-08-01T01:20:36.634+0000] GC(527) ParOldGen: 1629158K(2796544K)->1911478K(2796544K)
[2025-08-01T01:20:36.634+0000] GC(527) Metaspace: 10058K(10240K)->10058K(10240K) NonClass: 8831K(8896K)->8831K(8896K) Class: 1226K(1344K)->1226K(1344K)
[2025-08-01T01:20:36.634+0000] GC(527) Pause Young (Allocation Failure) 2403M->2236M(3641M) 163.268ms
[2025-08-01T01:20:36.634+0000] GC(527) User=1.24s Sys=0.03s Real=0.17s
[2025-08-01T01:20:36.720+0000] GC(528) Pause Young (Allocation Failure)
[2025-08-01T01:20:36.858+0000] GC(528) PSYoungGen: 844288K(931840K)->465920K(931840K) Eden: 465920K(465920K)->0K(465920K) From: 378368K(465920K)->465920K(465920K)
[2025-08-01T01:20:36.858+0000] GC(528) ParOldGen: 1911478K(2796544K)->2320190K(2796544K)
[2025-08-01T01:20:36.858+0000] GC(528) Metaspace: 10058K(10240K)->10058K(10240K) NonClass: 8831K(8896K)->8831K(8896K) Class: 1226K(1344K)->1226K(1344K)
[2025-08-01T01:20:36.858+0000] GC(528) Pause Young (Allocation Failure) 2691M->2720M(3641M) 137.978ms
[2025-08-01T01:20:36.858+0000] GC(528) User=1.07s Sys=0.02s Real=0.14s
[2025-08-01T01:20:36.944+0000] GC(529) Pause Full (Ergonomics)
[2025-08-01T01:20:36.944+0000] GC(529) Marking Phase
[2025-08-01T01:20:37.007+0000] GC(529) Marking Phase 63.144ms
[2025-08-01T01:20:37.007+0000] GC(529) Summary Phase
[2025-08-01T01:20:37.007+0000] GC(529) Summary Phase 0.189ms
[2025-08-01T01:20:37.007+0000] GC(529) Adjust Roots
[2025-08-01T01:20:37.010+0000] GC(529) Adjust Roots 2.125ms
[2025-08-01T01:20:37.010+0000] GC(529) Compaction Phase
[2025-08-01T01:20:37.181+0000] GC(529) Compaction Phase 170.873ms
[2025-08-01T01:20:37.181+0000] GC(529) Post Compact
[2025-08-01T01:20:37.202+0000] GC(529) Post Compact 21.158ms
[2025-08-01T01:20:37.202+0000] GC(529) PSYoungGen: 931840K(931840K)->0K(931840K) Eden: 465920K(465920K)->0K(465920K) From: 465920K(465920K)->0K(465920K)
[2025-08-01T01:20:37.202+0000] GC(529) ParOldGen: 2320190K(2796544K)->1137320K(2796544K)
[2025-08-01T01:20:37.202+0000] GC(529) Metaspace: 10058K(10240K)->10058K(10240K) NonClass: 8831K(8896K)->8831K(8896K) Class: 1226K(1344K)->1226K(1344K)
[2025-08-01T01:20:37.202+0000] GC(529) Pause Full (Ergonomics) 3175M->1110M(3641M) 258.038ms
[2025-08-01T01:20:37.202+0000] GC(529) User=1.77s Sys=0.02s Real=0.25s
[2025-08-01T01:20:37.287+0000] GC(530) Pause Young (Allocation Failure)
[2025-08-01T01:20:37.394+0000] GC(530) PSYoungGen: 465920K(931840K)->386720K(931840K) Eden: 465920K(465920K)->0K(465920K) From: 0K(465920K)->386720K(465920K)
[2025-08-01T01:20:37.394+0000] GC(530) ParOldGen: 1137320K(2796544K)->1137320K(2796544K)
[2025-08-01T01:20:37.394+0000] GC(530) Metaspace: 10058K(10240K)->10058K(10240K) NonClass: 8831K(8896K)->8831K(8896K) Class: 1226K(1344K)->1226K(1344K)
[2025-08-01T01:20:37.394+0000] GC(530) Pause Young (Allocation Failure) 1565M->1488M(3641M) 106.114ms
[2025-08-01T01:20:37.394+0000] GC(530) User=0.79s Sys=0.03s Real=0.11s
[2025-08-01T01:20:37.482+0000] GC(531) Pause Young (Allocation Failure)
[2025-08-01T01:20:37.648+0000] GC(531) PSYoungGen: 852640K(931840K)->378496K(931840K) Eden: 465920K(465920K)->0K(465920K) From: 386720K(465920K)->378496K(465920K)
[2025-08-01T01:20:37.648+0000] GC(531) ParOldGen: 1137320K(2796544K)->1442464K(2796544K)
[2025-08-01T01:20:37.648+0000] GC(531) Metaspace: 10058K(10240K)->10058K(10240K) NonClass: 8831K(8896K)->8831K(8896K) Class: 1226K(1344K)->1226K(1344K)
[2025-08-01T01:20:37.648+0000] GC(531) Pause Young (Allocation Failure) 1943M->1778M(3641M) 166.702ms
[2025-08-01T01:20:37.648+0000] GC(531) User=1.25s Sys=0.06s Real=0.17s
[2025-08-01T01:20:37.735+0000] GC(532) Pause Young (Allocation Failure)
[2025-08-01T01:20:37.937+0000] GC(532) PSYoungGen: 844416K(931840K)->465920K(931840K) Eden: 465920K(465920K)->0K(465920K) From: 378496K(465920K)->465920K(465920K)
[2025-08-01T01:20:37.937+0000] GC(532) ParOldGen: 1442464K(2796544K)->1852960K(2796544K)
[2025-08-01T01:20:37.937+0000] GC(532) Metaspace: 10058K(10240K)->10058K(10240K) NonClass: 8831K(8896K)->8831K(8896K) Class: 1226K(1344K)->1226K(1344K)
[2025-08-01T01:20:37.937+0000] GC(532) Pause Young (Allocation Failure) 2233M->2264M(3641M) 202.589ms
[2025-08-01T01:20:37.937+0000] GC(532) User=1.58s Sys=0.02s Real=0.20s
[2025-08-01T01:20:38.024+0000] GC(533) Pause Young (Allocation Failure)
[2025-08-01T01:20:38.170+0000] GC(533) PSYoungGen: 931840K(931840K)->376640K(931840K) Eden: 465920K(465920K)->0K(465920K) From: 465920K(465920K)->376640K(465920K)
[2025-08-01T01:20:38.170+0000] GC(533) ParOldGen: 1852960K(2796544K)->2230464K(2796544K)
[2025-08-01T01:20:38.170+0000] GC(533) Metaspace: 10058K(10240K)->10058K(10240K) NonClass: 8831K(8896K)->8831K(8896K) Class: 1226K(1344K)->1226K(1344K)
[2025-08-01T01:20:38.170+0000] GC(533) Pause Young (Allocation Failure) 2719M->2546M(3641M) 145.832ms
[2025-08-01T01:20:38.170+0000] GC(533) User=1.02s Sys=0.05s Real=0.14s
[2025-08-01T01:20:38.257+0000] GC(534) Pause Full (Ergonomics)
[2025-08-01T01:20:38.257+0000] GC(534) Marking Phase
[2025-08-01T01:20:38.302+0000] GC(534) Marking Phase 44.445ms
[2025-08-01T01:20:38.302+0000] GC(534) Summary Phase
[2025-08-01T01:20:38.302+0000] GC(534) Summary Phase 0.093ms
[2025-08-01T01:20:38.302+0000] GC(534) Adjust Roots
[2025-08-01T01:20:38.303+0000] GC(534) Adjust Roots 1.580ms
[2025-08-01T01:20:38.303+0000] GC(534) Compaction Phase
[2025-08-01T01:20:38.403+0000] GC(534) Compaction Phase 99.773ms
[2025-08-01T01:20:38.403+0000] GC(534) Post Compact
[2025-08-01T01:20:38.427+0000] GC(534) Post Compact 23.823ms
[2025-08-01T01:20:38.427+0000] GC(534) PSYoungGen: 842560K(931840K)->0K(931840K) Eden: 465920K(465920K)->0K(465920K) From: 376640K(465920K)->0K(465920K)
[2025-08-01T01:20:38.427+0000] GC(534) ParOldGen: 2230464K(2796544K)->686738K(2796544K)
[2025-08-01T01:20:38.427+0000] GC(534) Metaspace: 10058K(10240K)->10058K(10240K) NonClass: 8831K(8896K)->8831K(8896K) Class: 1226K(1344K)->1226K(1344K)
[2025-08-01T01:20:38.427+0000] GC(534) Pause Full (Ergonomics) 3001M->670M(3641M) 170.171ms
[2025-08-01T01:20:38.427+0000] GC(534) User=1.12s Sys=0.01s Real=0.17s
[2025-08-01T01:20:38.514+0000] GC(535) Pause Young (Allocation Failure)
[2025-08-01T01:20:38.614+0000] GC(535) PSYoungGen: 465920K(931840K)->380064K(931840K) Eden: 465920K(465920K)->0K(465920K) From: 0K(465920K)->380064K(465920K)
[2025-08-01T01:20:38.614+0000] GC(535) ParOldGen: 686738K(2796544K)->686738K(2796544K)
[2025-08-01T01:20:38.614+0000] GC(535) Metaspace: 10058K(10240K)->10058K(10240K) NonClass: 8831K(8896K)->8831K(8896K) Class: 1226K(1344K)->1226K(1344K)
[2025-08-01T01:20:38.614+0000] GC(535) Pause Young (Allocation Failure) 1125M->1041M(3641M) 100.077ms
[2025-08-01T01:20:38.614+0000] GC(535) User=0.75s Sys=0.03s Real=0.10s
[2025-08-01T01:20:38.705+0000] GC(536) Pause Young (Allocation Failure)
[2025-08-01T01:20:38.846+0000] GC(536) PSYoungGen: 845984K(931840K)->465920K(931840K) Eden: 465920K(465920K)->0K(465920K) From: 380064K(465920K)->465920K(465920K)
[2025-08-01T01:20:38.846+0000] GC(536) ParOldGen: 686738K(2796544K)->1095170K(2796544K)
[2025-08-01T01:20:38.846+0000] GC(536) Metaspace: 10058K(10240K)->10058K(10240K) NonClass: 8831K(8896K)->8831K(8896K) Class: 1226K(1344K)->1226K(1344K)
[2025-08-01T01:20:38.847+0000] GC(536) Pause Young (Allocation Failure) 1496M->1524M(3641M) 141.817ms
[2025-08-01T01:20:38.847+0000] GC(536) User=1.09s Sys=0.03s Real=0.14s
[2025-08-01T01:20:38.933+0000] GC(537) Pause Young (Allocation Failure)
[2025-08-01T01:20:39.053+0000] GC(537) PSYoungGen: 931840K(931840K)->377856K(931840K) Eden: 465920K(465920K)->0K(465920K) From: 465920K(465920K)->377856K(465920K)
[2025-08-01T01:20:39.053+0000] GC(537) ParOldGen: 1095170K(2796544K)->1479114K(2796544K)
[2025-08-01T01:20:39.053+0000] GC(537) Metaspace: 10058K(10240K)->10058K(10240K) NonClass: 8831K(8896K)->8831K(8896K) Class: 1226K(1344K)->1226K(1344K)
[2025-08-01T01:20:39.053+0000] GC(537) Pause Young (Allocation Failure) 1979M->1813M(3641M) 120.648ms
[2025-08-01T01:20:39.053+0000] GC(537) User=0.93s Sys=0.01s Real=0.13s
[2025-08-01T01:20:39.139+0000] GC(538) Pause Young (Allocation Failure)
[2025-08-01T01:20:39.233+0000] GC(538) PSYoungGen: 843776K(931840K)->378688K(931840K) Eden: 465920K(465920K)->0K(465920K) From: 377856K(465920K)->378688K(465920K)
[2025-08-01T01:20:39.233+0000] GC(538) ParOldGen: 1479114K(2796544K)->1625826K(2796544K)
[2025-08-01T01:20:39.233+0000] GC(538) Metaspace: 10058K(10240K)->10058K(10240K) NonClass: 8831K(8896K)->8831K(8896K) Class: 1226K(1344K)->1226K(1344K)
[2025-08-01T01:20:39.233+0000] GC(538) Pause Young (Allocation Failure) 2268M->1957M(3641M) 94.521ms
[2025-08-01T01:20:39.234+0000] GC(538) User=0.68s Sys=0.04s Real=0.10s
[2025-08-01T01:20:39.322+0000] GC(539) Pause Young (Allocation Failure)
[2025-08-01T01:20:39.446+0000] GC(539) PSYoungGen: 844608K(931840K)->408928K(931840K) Eden: 465920K(465920K)->0K(465920K) From: 378688K(465920K)->408928K(465920K)
[2025-08-01T01:20:39.446+0000] GC(539) ParOldGen: 1625826K(2796544K)->1896850K(2796544K)
[2025-08-01T01:20:39.446+0000] GC(539) Metaspace: 10058K(10240K)->10058K(10240K) NonClass: 8831K(8896K)->8831K(8896K) Class: 1226K(1344K)->1226K(1344K)
[2025-08-01T01:20:39.446+0000] GC(539) Pause Young (Allocation Failure) 2412M->2251M(3641M) 124.296ms
[2025-08-01T01:20:39.446+0000] GC(539) User=0.95s Sys=0.02s Real=0.13s
[2025-08-01T01:20:39.534+0000] GC(540) Pause Young (Allocation Failure)
[2025-08-01T01:20:39.703+0000] GC(540) PSYoungGen: 874848K(931840K)->465920K(931840K) Eden: 465920K(465920K)->0K(465920K) From: 408928K(465920K)->465920K(465920K)
[2025-08-01T01:20:39.703+0000] GC(540) ParOldGen: 1896850K(2796544K)->2339074K(2796544K)
[2025-08-01T01:20:39.703+0000] GC(540) Metaspace: 10058K(10240K)->10058K(10240K) NonClass: 8831K(8896K)->8831K(8896K) Class: 1226K(1344K)->1226K(1344K)
[2025-08-01T01:20:39.703+0000] GC(540) Pause Young (Allocation Failure) 2706M->2739M(3641M) 169.075ms
[2025-08-01T01:20:39.703+0000] GC(540) User=1.24s Sys=0.07s Real=0.17s
[2025-08-01T01:20:39.791+0000] GC(541) Pause Full (Ergonomics)
[2025-08-01T01:20:39.791+0000] GC(541) Marking Phase
[2025-08-01T01:20:39.878+0000] GC(541) Marking Phase 87.296ms
[2025-08-01T01:20:39.878+0000] GC(541) Summary Phase
[2025-08-01T01:20:39.878+0000] GC(541) Summary Phase 0.068ms
[2025-08-01T01:20:39.878+0000] GC(541) Adjust Roots
[2025-08-01T01:20:39.880+0000] GC(541) Adjust Roots 1.942ms
[2025-08-01T01:20:39.880+0000] GC(541) Compaction Phase
[2025-08-01T01:20:40.048+0000] GC(541) Compaction Phase 167.637ms
[2025-08-01T01:20:40.048+0000] GC(541) Post Compact
[2025-08-01T01:20:40.071+0000] GC(541) Post Compact 22.527ms
[2025-08-01T01:20:40.071+0000] GC(541) PSYoungGen: 931840K(931840K)->0K(931840K) Eden: 465920K(465920K)->0K(465920K) From: 465920K(465920K)->0K(465920K)
[2025-08-01T01:20:40.071+0000] GC(541) ParOldGen: 2339074K(2796544K)->1165271K(2796544K)
[2025-08-01T01:20:40.071+0000] GC(541) Metaspace: 10058K(10240K)->10058K(10240K) NonClass: 8831K(8896K)->8831K(8896K) Class: 1226K(1344K)->1226K(1344K)
[2025-08-01T01:20:40.071+0000] GC(541) Pause Full (Ergonomics) 3194M->1137M(3641M) 279.864ms
[2025-08-01T01:20:40.071+0000] GC(541) User=2.00s Sys=0.01s Real=0.28s
[2025-08-01T01:20:40.156+0000] GC(542) Pause Young (Allocation Failure)
[2025-08-01T01:20:40.259+0000] GC(542) PSYoungGen: 465920K(931840K)->365248K(931840K) Eden: 465920K(465920K)->0K(465920K) From: 0K(465920K)->365248K(465920K)
[2025-08-01T01:20:40.259+0000] GC(542) ParOldGen: 1165271K(2796544K)->1165271K(2796544K)
[2025-08-01T01:20:40.259+0000] GC(542) Metaspace: 10058K(10240K)->10058K(10240K) NonClass: 8831K(8896K)->8831K(8896K) Class: 1226K(1344K)->1226K(1344K)
[2025-08-01T01:20:40.259+0000] GC(542) Pause Young (Allocation Failure) 1592M->1494M(3641M) 102.957ms
[2025-08-01T01:20:40.259+0000] GC(542) User=0.69s Sys=0.06s Real=0.10s
[2025-08-01T01:20:40.349+0000] GC(543) Pause Young (Allocation Failure)
[2025-08-01T01:20:40.458+0000] GC(543) PSYoungGen: 831168K(931840K)->403680K(931840K) Eden: 465920K(465920K)->0K(465920K) From: 365248K(465920K)->403680K(465920K)
[2025-08-01T01:20:40.458+0000] GC(543) ParOldGen: 1165271K(2796544K)->1425639K(2796544K)
[2025-08-01T01:20:40.458+0000] GC(543) Metaspace: 10058K(10240K)->10058K(10240K) NonClass: 8831K(8896K)->8831K(8896K) Class: 1226K(1344K)->1226K(1344K)
[2025-08-01T01:20:40.458+0000] GC(543) Pause Young (Allocation Failure) 1949M->1786M(3641M) 108.372ms
[2025-08-01T01:20:40.458+0000] GC(543) User=0.82s Sys=0.02s Real=0.11s
[2025-08-01T01:20:40.548+0000] GC(544) Pause Young (Allocation Failure)
[2025-08-01T01:20:40.702+0000] GC(544) PSYoungGen: 869600K(931840K)->465920K(931840K) Eden: 465920K(465920K)->0K(465920K) From: 403680K(465920K)->465920K(465920K)
[2025-08-01T01:20:40.702+0000] GC(544) ParOldGen: 1425639K(2796544K)->1860583K(2796544K)
[2025-08-01T01:20:40.702+0000] GC(544) Metaspace: 10058K(10240K)->10058K(10240K) NonClass: 8831K(8896K)->8831K(8896K) Class: 1226K(1344K)->1226K(1344K)
[2025-08-01T01:20:40.702+0000] GC(544) Pause Young (Allocation Failure) 2241M->2271M(3641M) 153.574ms
[2025-08-01T01:20:40.702+0000] GC(544) User=1.17s Sys=0.04s Real=0.15s
[2025-08-01T01:20:40.791+0000] GC(545) Pause Young (Allocation Failure)
[2025-08-01T01:20:40.965+0000] GC(545) PSYoungGen: 931840K(931840K)->410592K(931840K) Eden: 465920K(465920K)->0K(465920K) From: 465920K(465920K)->410592K(465920K)
[2025-08-01T01:20:40.965+0000] GC(545) ParOldGen: 1860583K(2796544K)->2229951K(2796544K)
[2025-08-01T01:20:40.966+0000] GC(545) Metaspace: 10058K(10240K)->10058K(10240K) NonClass: 8831K(8896K)->8831K(8896K) Class: 1226K(1344K)->1226K(1344K)
[2025-08-01T01:20:40.966+0000] GC(545) Pause Young (Allocation Failure) 2726M->2578M(3641M) 174.711ms
[2025-08-01T01:20:40.966+0000] GC(545) User=1.37s Sys=0.01s Real=0.18s
[2025-08-01T01:20:41.054+0000] GC(546) Pause Full (Ergonomics)
[2025-08-01T01:20:41.054+0000] GC(546) Marking Phase
[2025-08-01T01:20:41.109+0000] GC(546) Marking Phase 54.824ms
[2025-08-01T01:20:41.109+0000] GC(546) Summary Phase
[2025-08-01T01:20:41.109+0000] GC(546) Summary Phase 0.149ms
[2025-08-01T01:20:41.109+0000] GC(546) Adjust Roots
[2025-08-01T01:20:41.110+0000] GC(546) Adjust Roots 1.324ms
[2025-08-01T01:20:41.110+0000] GC(546) Compaction Phase
[2025-08-01T01:20:41.218+0000] GC(546) Compaction Phase 108.080ms
[2025-08-01T01:20:41.218+0000] GC(546) Post Compact
[2025-08-01T01:20:41.242+0000] GC(546) Post Compact 23.693ms
[2025-08-01T01:20:41.242+0000] GC(546) PSYoungGen: 876512K(931840K)->0K(931840K) Eden: 465920K(465920K)->0K(465920K) From: 410592K(465920K)->0K(465920K)
[2025-08-01T01:20:41.242+0000] GC(546) ParOldGen: 2229951K(2796544K)->713958K(2796544K)
[2025-08-01T01:20:41.242+0000] GC(546) Metaspace: 10058K(10240K)->10058K(10240K) NonClass: 8831K(8896K)->8831K(8896K) Class: 1226K(1344K)->1226K(1344K)
[2025-08-01T01:20:41.242+0000] GC(546) Pause Full (Ergonomics) 3033M->697M(3641M) 188.434ms
[2025-08-01T01:20:41.242+0000] GC(546) User=1.26s Sys=0.02s Real=0.18s
[2025-08-01T01:20:41.327+0000] GC(547) Pause Young (Allocation Failure)
[2025-08-01T01:20:41.397+0000] GC(547) PSYoungGen: 465920K(931840K)->422336K(931840K) Eden: 465920K(465920K)->0K(465920K) From: 0K(465920K)->422336K(465920K)
[2025-08-01T01:20:41.397+0000] GC(547) ParOldGen: 713958K(2796544K)->713958K(2796544K)
[2025-08-01T01:20:41.397+0000] GC(547) Metaspace: 10058K(10240K)->10058K(10240K) NonClass: 8831K(8896K)->8831K(8896K) Class: 1226K(1344K)->1226K(1344K)
[2025-08-01T01:20:41.397+0000] GC(547) Pause Young (Allocation Failure) 1152M->1109M(3641M) 69.777ms
[2025-08-01T01:20:41.397+0000] GC(547) User=0.53s Sys=0.01s Real=0.07s
[2025-08-01T01:20:41.484+0000] GC(548) Pause Young (Allocation Failure)
[2025-08-01T01:20:41.690+0000] GC(548) PSYoungGen: 888256K(931840K)->465920K(931840K) Eden: 465920K(465920K)->0K(465920K) From: 422336K(465920K)->465920K(465920K)
[2025-08-01T01:20:41.690+0000] GC(548) ParOldGen: 713958K(2796544K)->1171326K(2796544K)
[2025-08-01T01:20:41.690+0000] GC(548) Metaspace: 10058K(10240K)->10058K(10240K) NonClass: 8831K(8896K)->8831K(8896K) Class: 1226K(1344K)->1226K(1344K)
[2025-08-01T01:20:41.690+0000] GC(548) Pause Young (Allocation Failure) 1564M->1598M(3641M) 206.184ms
[2025-08-01T01:20:41.690+0000] GC(548) User=1.61s Sys=0.02s Real=0.20s
[2025-08-01T01:20:41.778+0000] GC(549) Pause Young (Allocation Failure)
[2025-08-01T01:20:41.900+0000] GC(549) PSYoungGen: 931840K(931840K)->409952K(931840K) Eden: 465920K(465920K)->0K(465920K) From: 465920K(465920K)->409952K(465920K)
[2025-08-01T01:20:41.900+0000] GC(549) ParOldGen: 1171326K(2796544K)->1538662K(2796544K)
[2025-08-01T01:20:41.900+0000] GC(549) Metaspace: 10058K(10240K)->10058K(10240K) NonClass: 8831K(8896K)->8831K(8896K) Class: 1226K(1344K)->1226K(1344K)
[2025-08-01T01:20:41.900+0000] GC(549) Pause Young (Allocation Failure) 2053M->1902M(3641M) 122.187ms
[2025-08-01T01:20:41.900+0000] GC(549) User=0.94s Sys=0.02s Real=0.12s
[2025-08-01T01:20:41.989+0000] GC(550) Pause Young (Allocation Failure)
[2025-08-01T01:20:42.096+0000] GC(550) PSYoungGen: 875872K(931840K)->344768K(931840K) Eden: 465920K(465920K)->0K(465920K) From: 409952K(465920K)->344768K(465920K)
[2025-08-01T01:20:42.096+0000] GC(550) ParOldGen: 1538662K(2796544K)->1730510K(2796544K)
[2025-08-01T01:20:42.096+0000] GC(550) Metaspace: 10058K(10240K)->10058K(10240K) NonClass: 8831K(8896K)->8831K(8896K) Class: 1226K(1344K)->1226K(1344K)
[2025-08-01T01:20:42.096+0000] GC(550) Pause Young (Allocation Failure) 2357M->2026M(3641M) 107.080ms
[2025-08-01T01:20:42.096+0000] GC(550) User=0.79s Sys=0.02s Real=0.11s
[2025-08-01T01:20:42.181+0000] GC(551) Pause Young (Allocation Failure)
[2025-08-01T01:20:42.302+0000] GC(551) PSYoungGen: 810688K(931840K)->447584K(931840K) Eden: 465920K(465920K)->0K(465920K) From: 344768K(465920K)->447584K(465920K)
[2025-08-01T01:20:42.302+0000] GC(551) ParOldGen: 1730510K(2796544K)->1962398K(2796544K)
[2025-08-01T01:20:42.302+0000] GC(551) Metaspace: 10058K(10240K)->10058K(10240K) NonClass: 8831K(8896K)->8831K(8896K) Class: 1226K(1344K)->1226K(1344K)
[2025-08-01T01:20:42.302+0000] GC(551) Pause Young (Allocation Failure) 2481M->2353M(3641M) 120.884ms
[2025-08-01T01:20:42.302+0000] GC(551) User=0.88s Sys=0.04s Real=0.12s
[2025-08-01T01:20:42.387+0000] GC(552) Pause Young (Allocation Failure)
[2025-08-01T01:20:42.546+0000] GC(552) PSYoungGen: 913504K(931840K)->465920K(931840K) Eden: 465920K(465920K)->0K(465920K) From: 447584K(465920K)->465920K(465920K)
[2025-08-01T01:20:42.547+0000] GC(552) ParOldGen: 1962398K(2796544K)->2445094K(2796544K)
[2025-08-01T01:20:42.547+0000] GC(552) Metaspace: 10058K(10240K)->10058K(10240K) NonClass: 8831K(8896K)->8831K(8896K) Class: 1226K(1344K)->1226K(1344K)
[2025-08-01T01:20:42.547+0000] GC(552) Pause Young (Allocation Failure) 2808M->2842M(3641M) 159.468ms
[2025-08-01T01:20:42.547+0000] GC(552) User=1.19s Sys=0.03s Real=0.16s
[2025-08-01T01:20:42.633+0000] GC(553) Pause Full (Ergonomics)
[2025-08-01T01:20:42.633+0000] GC(553) Marking Phase
[2025-08-01T01:20:42.704+0000] GC(553) Marking Phase 70.434ms
[2025-08-01T01:20:42.704+0000] GC(553) Summary Phase
[2025-08-01T01:20:42.704+0000] GC(553) Summary Phase 0.198ms
[2025-08-01T01:20:42.704+0000] GC(553) Adjust Roots
[2025-08-01T01:20:42.706+0000] GC(553) Adjust Roots 1.733ms
[2025-08-01T01:20:42.706+0000] GC(553) Compaction Phase
[2025-08-01T01:20:42.880+0000] GC(553) Compaction Phase 173.804ms
[2025-08-01T01:20:42.880+0000] GC(553) Post Compact
[2025-08-01T01:20:42.903+0000] GC(553) Post Compact 23.265ms
[2025-08-01T01:20:42.903+0000] GC(553) PSYoungGen: 931840K(931840K)->0K(931840K) Eden: 465920K(465920K)->0K(465920K) From: 465920K(465920K)->0K(465920K)
[2025-08-01T01:20:42.903+0000] GC(553) ParOldGen: 2445094K(2796544K)->1194768K(2796544K)
[2025-08-01T01:20:42.903+0000] GC(553) Metaspace: 10058K(10240K)->10058K(10240K) NonClass: 8831K(8896K)->8831K(8896K) Class: 1226K(1344K)->1226K(1344K)
[2025-08-01T01:20:42.903+0000] GC(553) Pause Full (Ergonomics) 3297M->1166M(3641M) 269.862ms
[2025-08-01T01:20:42.903+0000] GC(553) User=1.92s Sys=0.00s Real=0.27s
[2025-08-01T01:20:42.992+0000] GC(554) Pause Young (Allocation Failure)
[2025-08-01T01:20:43.138+0000] GC(554) PSYoungGen: 465920K(931840K)->465920K(931840K) Eden: 465920K(465920K)->0K(465920K) From: 0K(465920K)->465920K(465920K)
[2025-08-01T01:20:43.138+0000] GC(554) ParOldGen: 1194768K(2796544K)->1196136K(2796544K)
[2025-08-01T01:20:43.138+0000] GC(554) Metaspace: 10058K(10240K)->10058K(10240K) NonClass: 8831K(8896K)->8831K(8896K) Class: 1226K(1344K)->1226K(1344K)
[2025-08-01T01:20:43.138+0000] GC(554) Pause Young (Allocation Failure) 1621M->1623M(3641M) 146.593ms
[2025-08-01T01:20:43.138+0000] GC(554) User=0.99s Sys=0.08s Real=0.15s
[2025-08-01T01:20:43.232+0000] GC(555) Pause Young (Allocation Failure)
[2025-08-01T01:20:43.409+0000] GC(555) PSYoungGen: 931840K(931840K)->438592K(931840K) Eden: 465920K(465920K)->0K(465920K) From: 465920K(465920K)->438592K(465920K)
[2025-08-01T01:20:43.409+0000] GC(555) ParOldGen: 1196136K(2796544K)->1426024K(2796544K)
[2025-08-01T01:20:43.409+0000] GC(555) Metaspace: 10058K(10240K)->10058K(10240K) NonClass: 8831K(8896K)->8831K(8896K) Class: 1226K(1344K)->1226K(1344K)
[2025-08-01T01:20:43.409+0000] GC(555) Pause Young (Allocation Failure) 2078M->1820M(3641M) 176.505ms
[2025-08-01T01:20:43.409+0000] GC(555) User=1.21s Sys=0.09s Real=0.18s
[2025-08-01T01:20:43.495+0000] GC(556) Pause Young (Allocation Failure)
[2025-08-01T01:20:43.653+0000] GC(556) PSYoungGen: 904512K(931840K)->465920K(931840K) Eden: 465920K(465920K)->0K(465920K) From: 438592K(465920K)->465920K(465920K)
[2025-08-01T01:20:43.653+0000] GC(556) ParOldGen: 1426024K(2796544K)->1899080K(2796544K)
[2025-08-01T01:20:43.653+0000] GC(556) Metaspace: 10058K(10240K)->10058K(10240K) NonClass: 8831K(8896K)->8831K(8896K) Class: 1226K(1344K)->1226K(1344K)
[2025-08-01T01:20:43.653+0000] GC(556) Pause Young (Allocation Failure) 2275M->2309M(3641M) 158.181ms
[2025-08-01T01:20:43.653+0000] GC(556) User=1.21s Sys=0.02s Real=0.16s
[2025-08-01T01:20:43.740+0000] GC(557) Pause Young (Allocation Failure)
[2025-08-01T01:20:43.919+0000] GC(557) PSYoungGen: 931840K(931840K)->434112K(931840K) Eden: 465920K(465920K)->0K(465920K) From: 465920K(465920K)->434112K(465920K)
[2025-08-01T01:20:43.919+0000] GC(557) ParOldGen: 1899080K(2796544K)->2266800K(2796544K)
[2025-08-01T01:20:43.919+0000] GC(557) Metaspace: 10058K(10240K)->10058K(10240K) NonClass: 8831K(8896K)->8831K(8896K) Class: 1226K(1344K)->1226K(1344K)
[2025-08-01T01:20:43.919+0000] GC(557) Pause Young (Allocation Failure) 2764M->2637M(3641M) 178.702ms
[2025-08-01T01:20:43.919+0000] GC(557) User=1.41s Sys=0.01s Real=0.18s
[2025-08-01T01:20:44.006+0000] GC(558) Pause Full (Ergonomics)
[2025-08-01T01:20:44.006+0000] GC(558) Marking Phase
[2025-08-01T01:20:44.107+0000] GC(558) Marking Phase 100.913ms
[2025-08-01T01:20:44.107+0000] GC(558) Summary Phase
[2025-08-01T01:20:44.107+0000] GC(558) Summary Phase 0.116ms
[2025-08-01T01:20:44.107+0000] GC(558) Adjust Roots
[2025-08-01T01:20:44.110+0000] GC(558) Adjust Roots 2.634ms
[2025-08-01T01:20:44.110+0000] GC(558) Compaction Phase
[2025-08-01T01:20:44.289+0000] GC(558) Compaction Phase 178.661ms
[2025-08-01T01:20:44.289+0000] GC(558) Post Compact
[2025-08-01T01:20:44.310+0000] GC(558) Post Compact 21.137ms
[2025-08-01T01:20:44.310+0000] GC(558) PSYoungGen: 900032K(931840K)->0K(931840K) Eden: 465920K(465920K)->0K(465920K) From: 434112K(465920K)->0K(465920K)
[2025-08-01T01:20:44.310+0000] GC(558) ParOldGen: 2266800K(2796544K)->1199120K(2796544K)
[2025-08-01T01:20:44.310+0000] GC(558) Metaspace: 10058K(10240K)->10058K(10240K) NonClass: 8831K(8896K)->8831K(8896K) Class: 1226K(1344K)->1226K(1344K)
[2025-08-01T01:20:44.310+0000] GC(558) Pause Full (Ergonomics) 3092M->1171M(3641M) 303.899ms
[2025-08-01T01:20:44.310+0000] GC(558) User=2.15s Sys=0.05s Real=0.30s
[2025-08-01T01:20:44.392+0000] GC(559) Pause Young (Allocation Failure)
[2025-08-01T01:20:44.477+0000] GC(559) PSYoungGen: 465920K(931840K)->442400K(931840K) Eden: 465920K(465920K)->0K(465920K) From: 0K(465920K)->442400K(465920K)
[2025-08-01T01:20:44.478+0000] GC(559) ParOldGen: 1199120K(2796544K)->1199120K(2796544K)
[2025-08-01T01:20:44.478+0000] GC(559) Metaspace: 10058K(10240K)->10058K(10240K) NonClass: 8831K(8896K)->8831K(8896K) Class: 1226K(1344K)->1226K(1344K)
[2025-08-01T01:20:44.478+0000] GC(559) Pause Young (Allocation Failure) 1626M->1603M(3641M) 85.639ms
[2025-08-01T01:20:44.478+0000] GC(559) User=0.61s Sys=0.02s Real=0.09s
[2025-08-01T01:20:44.565+0000] GC(560) Pause Young (Allocation Failure)
[2025-08-01T01:20:44.764+0000] GC(560) PSYoungGen: 908320K(931840K)->465920K(931840K) Eden: 465920K(465920K)->0K(465920K) From: 442400K(465920K)->465920K(465920K)
[2025-08-01T01:20:44.764+0000] GC(560) ParOldGen: 1199120K(2796544K)->1675512K(2796544K)
[2025-08-01T01:20:44.764+0000] GC(560) Metaspace: 10058K(10240K)->10058K(10240K) NonClass: 8831K(8896K)->8831K(8896K) Class: 1226K(1344K)->1226K(1344K)
[2025-08-01T01:20:44.764+0000] GC(560) Pause Young (Allocation Failure) 2058M->2091M(3641M) 199.157ms
[2025-08-01T01:20:44.764+0000] GC(560) User=1.52s Sys=0.04s Real=0.20s
[2025-08-01T01:20:44.849+0000] GC(561) Pause Young (Allocation Failure)
[2025-08-01T01:20:44.975+0000] GC(561) PSYoungGen: 931840K(931840K)->317248K(931840K) Eden: 465920K(465920K)->0K(465920K) From: 465920K(465920K)->317248K(465920K)
[2025-08-01T01:20:44.975+0000] GC(561) ParOldGen: 1675512K(2796544K)->1910152K(2796544K)
[2025-08-01T01:20:44.975+0000] GC(561) Metaspace: 10058K(10240K)->10058K(10240K) NonClass: 8831K(8896K)->8831K(8896K) Class: 1226K(1344K)->1226K(1344K)
[2025-08-01T01:20:44.975+0000] GC(561) Pause Young (Allocation Failure) 2546M->2175M(3641M) 126.393ms
[2025-08-01T01:20:44.975+0000] GC(561) User=0.98s Sys=0.01s Real=0.13s
[2025-08-01T01:20:45.064+0000] GC(562) Pause Young (Allocation Failure)
[2025-08-01T01:20:45.196+0000] GC(562) PSYoungGen: 783168K(931840K)->465920K(931840K) Eden: 465920K(465920K)->0K(465920K) From: 317248K(465920K)->465920K(465920K)
[2025-08-01T01:20:45.197+0000] GC(562) ParOldGen: 1910152K(2796544K)->2254544K(2796544K)
[2025-08-01T01:20:45.197+0000] GC(562) Metaspace: 10058K(10240K)->10058K(10240K) NonClass: 8831K(8896K)->8831K(8896K) Class: 1226K(1344K)->1226K(1344K)
[2025-08-01T01:20:45.197+0000] GC(562) Pause Young (Allocation Failure) 2630M->2656M(3641M) 132.765ms
[2025-08-01T01:20:45.197+0000] GC(562) User=1.01s Sys=0.03s Real=0.13s
[2025-08-01T01:20:45.281+0000] GC(563) Pause Full (Ergonomics)
[2025-08-01T01:20:45.281+0000] GC(563) Marking Phase
[2025-08-01T01:20:45.336+0000] GC(563) Marking Phase 54.741ms
[2025-08-01T01:20:45.336+0000] GC(563) Summary Phase
[2025-08-01T01:20:45.336+0000] GC(563) Summary Phase 0.103ms
[2025-08-01T01:20:45.336+0000] GC(563) Adjust Roots
[2025-08-01T01:20:45.338+0000] GC(563) Adjust Roots 2.215ms
[2025-08-01T01:20:45.339+0000] GC(563) Compaction Phase
[2025-08-01T01:20:45.452+0000] GC(563) Compaction Phase 113.473ms
[2025-08-01T01:20:45.452+0000] GC(563) Post Compact
[2025-08-01T01:20:45.474+0000] GC(563) Post Compact 22.134ms
[2025-08-01T01:20:45.474+0000] GC(563) PSYoungGen: 931840K(931840K)->0K(931840K) Eden: 465920K(465920K)->0K(465920K) From: 465920K(465920K)->0K(465920K)
[2025-08-01T01:20:45.474+0000] GC(563) ParOldGen: 2254544K(2796544K)->744047K(2796544K)
[2025-08-01T01:20:45.474+0000] GC(563) Metaspace: 10058K(10240K)->10058K(10240K) NonClass: 8831K(8896K)->8831K(8896K) Class: 1226K(1344K)->1226K(1344K)
[2025-08-01T01:20:45.474+0000] GC(563) Pause Full (Ergonomics) 3111M->726M(3641M) 193.120ms
[2025-08-01T01:20:45.474+0000] GC(563) User=1.30s Sys=0.02s Real=0.20s
[2025-08-01T01:20:45.560+0000] GC(564) Pause Young (Allocation Failure)
[2025-08-01T01:20:45.670+0000] GC(564) PSYoungGen: 465920K(931840K)->465920K(931840K) Eden: 465920K(465920K)->0K(465920K) From: 0K(465920K)->465920K(465920K)
[2025-08-01T01:20:45.670+0000] GC(564) ParOldGen: 744047K(2796544K)->752239K(2796544K)
[2025-08-01T01:20:45.670+0000] GC(564) Metaspace: 10058K(10240K)->10058K(10240K) NonClass: 8831K(8896K)->8831K(8896K) Class: 1226K(1344K)->1226K(1344K)
[2025-08-01T01:20:45.670+0000] GC(564) Pause Young (Allocation Failure) 1181M->1189M(3641M) 110.440ms
[2025-08-01T01:20:45.670+0000] GC(564) User=0.82s Sys=0.03s Real=0.11s
[2025-08-01T01:20:45.760+0000] GC(565) Pause Young (Allocation Failure)
[2025-08-01T01:20:45.917+0000] GC(565) PSYoungGen: 931840K(931840K)->326496K(931840K) Eden: 465920K(465920K)->0K(465920K) From: 465920K(465920K)->326496K(465920K)
[2025-08-01T01:20:45.917+0000] GC(565) ParOldGen: 752239K(2796544K)->1001055K(2796544K)
[2025-08-01T01:20:45.917+0000] GC(565) Metaspace: 10058K(10240K)->10058K(10240K) NonClass: 8831K(8896K)->8831K(8896K) Class: 1226K(1344K)->1226K(1344K)
[2025-08-01T01:20:45.917+0000] GC(565) Pause Young (Allocation Failure) 1644M->1296M(3641M) 156.859ms
[2025-08-01T01:20:45.917+0000] GC(565) User=1.21s Sys=0.03s Real=0.16s
[2025-08-01T01:20:46.004+0000] GC(566) Pause Young (Allocation Failure)
[2025-08-01T01:20:46.196+0000] GC(566) PSYoungGen: 792416K(931840K)->465920K(931840K) Eden: 465920K(465920K)->0K(465920K) From: 326496K(465920K)->465920K(465920K)
[2025-08-01T01:20:46.196+0000] GC(566) ParOldGen: 1001055K(2796544K)->1355623K(2796544K)
[2025-08-01T01:20:46.196+0000] GC(566) Metaspace: 10058K(10240K)->10058K(10240K) NonClass: 8831K(8896K)->8831K(8896K) Class: 1226K(1344K)->1226K(1344K)
[2025-08-01T01:20:46.196+0000] GC(566) Pause Young (Allocation Failure) 1751M->1778M(3641M) 192.795ms
[2025-08-01T01:20:46.196+0000] GC(566) User=1.48s Sys=0.03s Real=0.19s
[2025-08-01T01:20:46.281+0000] GC(567) Pause Young (Allocation Failure)
[2025-08-01T01:20:46.407+0000] GC(567) PSYoungGen: 931840K(931840K)->421056K(931840K) Eden: 465920K(465920K)->0K(465920K) From: 465920K(465920K)->421056K(465920K)
[2025-08-01T01:20:46.407+0000] GC(567) ParOldGen: 1355623K(2796544K)->1605799K(2796544K)
[2025-08-01T01:20:46.407+0000] GC(567) Metaspace: 10058K(10240K)->10058K(10240K) NonClass: 8831K(8896K)->8831K(8896K) Class: 1226K(1344K)->1226K(1344K)
[2025-08-01T01:20:46.407+0000] GC(567) Pause Young (Allocation Failure) 2233M->1979M(3641M) 125.522ms
[2025-08-01T01:20:46.407+0000] GC(567) User=0.93s Sys=0.03s Real=0.13s
[2025-08-01T01:20:46.498+0000] GC(568) Pause Young (Allocation Failure)
[2025-08-01T01:20:46.668+0000] GC(568) PSYoungGen: 886976K(931840K)->465920K(931840K) Eden: 465920K(465920K)->0K(465920K) From: 421056K(465920K)->465920K(465920K)
[2025-08-01T01:20:46.668+0000] GC(568) ParOldGen: 1605799K(2796544K)->2059031K(2796544K)
[2025-08-01T01:20:46.668+0000] GC(568) Metaspace: 10058K(10240K)->10058K(10240K) NonClass: 8831K(8896K)->8831K(8896K) Class: 1226K(1344K)->1226K(1344K)
[2025-08-01T01:20:46.668+0000] GC(568) Pause Young (Allocation Failure) 2434M->2465M(3641M) 169.784ms
[2025-08-01T01:20:46.668+0000] GC(568) User=1.19s Sys=0.09s Real=0.17s
[2025-08-01T01:20:46.754+0000] GC(569) Pause Young (Allocation Failure)
[2025-08-01T01:20:46.863+0000] GC(569) PSYoungGen: 931840K(931840K)->319616K(931840K) Eden: 465920K(465920K)->0K(465920K) From: 465920K(465920K)->319616K(465920K)
[2025-08-01T01:20:46.863+0000] GC(569) ParOldGen: 2059031K(2796544K)->2323895K(2796544K)
[2025-08-01T01:20:46.863+0000] GC(569) Metaspace: 10058K(10240K)->10058K(10240K) NonClass: 8831K(8896K)->8831K(8896K) Class: 1226K(1344K)->1226K(1344K)
[2025-08-01T01:20:46.863+0000] GC(569) Pause Young (Allocation Failure) 2920M->2581M(3641M) 108.892ms
[2025-08-01T01:20:46.863+0000] GC(569) User=0.80s Sys=0.02s Real=0.11s
[2025-08-01T01:20:46.947+0000] GC(570) Pause Full (Ergonomics)
[2025-08-01T01:20:46.947+0000] GC(570) Marking Phase
[2025-08-01T01:20:47.064+0000] GC(570) Marking Phase 116.559ms
[2025-08-01T01:20:47.064+0000] GC(570) Summary Phase
[2025-08-01T01:20:47.064+0000] GC(570) Summary Phase 0.142ms
[2025-08-01T01:20:47.064+0000] GC(570) Adjust Roots
[2025-08-01T01:20:47.067+0000] GC(570) Adjust Roots 2.612ms
[2025-08-01T01:20:47.067+0000] GC(570) Compaction Phase
[2025-08-01T01:20:47.260+0000] GC(570) Compaction Phase 193.413ms
[2025-08-01T01:20:47.260+0000] GC(570) Post Compact
[2025-08-01T01:20:47.280+0000] GC(570) Post Compact 19.971ms
[2025-08-01T01:20:47.280+0000] GC(570) PSYoungGen: 785536K(931840K)->0K(931840K) Eden: 465920K(465920K)->0K(465920K) From: 319616K(465920K)->0K(465920K)
[2025-08-01T01:20:47.280+0000] GC(570) ParOldGen: 2323895K(2796544K)->1218052K(2796544K)
[2025-08-01T01:20:47.280+0000] GC(570) Metaspace: 10058K(10240K)->10058K(10240K) NonClass: 8831K(8896K)->8831K(8896K) Class: 1226K(1344K)->1226K(1344K)
[2025-08-01T01:20:47.280+0000] GC(570) Pause Full (Ergonomics) 3036M->1189M(3641M) 333.144ms
[2025-08-01T01:20:47.280+0000] GC(570) User=2.41s Sys=0.03s Real=0.33s
[2025-08-01T01:20:47.366+0000] GC(571) Pause Young (Allocation Failure)
[2025-08-01T01:20:47.477+0000] GC(571) PSYoungGen: 465920K(931840K)->425760K(931840K) Eden: 465920K(465920K)->0K(465920K) From: 0K(465920K)->425760K(465920K)
[2025-08-01T01:20:47.477+0000] GC(571) ParOldGen: 1218052K(2796544K)->1218052K(2796544K)
[2025-08-01T01:20:47.477+0000] GC(571) Metaspace: 10058K(10240K)->10058K(10240K) NonClass: 8831K(8896K)->8831K(8896K) Class: 1226K(1344K)->1226K(1344K)
[2025-08-01T01:20:47.477+0000] GC(571) Pause Young (Allocation Failure) 1644M->1605M(3641M) 111.286ms
[2025-08-01T01:20:47.477+0000] GC(571) User=0.84s Sys=0.02s Real=0.11s
[2025-08-01T01:20:47.566+0000] GC(572) Pause Young (Allocation Failure)
[2025-08-01T01:20:47.770+0000] GC(572) PSYoungGen: 891680K(931840K)->465920K(931840K) Eden: 465920K(465920K)->0K(465920K) From: 425760K(465920K)->465920K(465920K)
[2025-08-01T01:20:47.770+0000] GC(572) ParOldGen: 1218052K(2796544K)->1678564K(2796544K)
[2025-08-01T01:20:47.770+0000] GC(572) Metaspace: 10058K(10240K)->10058K(10240K) NonClass: 8831K(8896K)->8831K(8896K) Class: 1226K(1344K)->1226K(1344K)
[2025-08-01T01:20:47.770+0000] GC(572) Pause Young (Allocation Failure) 2060M->2094M(3641M) 204.157ms
[2025-08-01T01:20:47.770+0000] GC(572) User=1.50s Sys=0.06s Real=0.20s
[2025-08-01T01:20:47.855+0000] GC(573) Pause Young (Allocation Failure)
[2025-08-01T01:20:47.949+0000] GC(573) PSYoungGen: 931840K(931840K)->350752K(931840K) Eden: 465920K(465920K)->0K(465920K) From: 465920K(465920K)->350752K(465920K)
[2025-08-01T01:20:47.949+0000] GC(573) ParOldGen: 1678564K(2796544K)->1928012K(2796544K)
[2025-08-01T01:20:47.949+0000] GC(573) Metaspace: 10058K(10240K)->10058K(10240K) NonClass: 8831K(8896K)->8831K(8896K) Class: 1226K(1344K)->1226K(1344K)
[2025-08-01T01:20:47.949+0000] GC(573) Pause Young (Allocation Failure) 2549M->2225M(3641M) 93.742ms
[2025-08-01T01:20:47.949+0000] GC(573) User=0.74s Sys=0.00s Real=0.09s
[2025-08-01T01:20:48.036+0000] GC(574) Pause Young (Allocation Failure)
[2025-08-01T01:20:48.178+0000] GC(574) PSYoungGen: 816672K(931840K)->465920K(931840K) Eden: 465920K(465920K)->0K(465920K) From: 350752K(465920K)->465920K(465920K)
[2025-08-01T01:20:48.178+0000] GC(574) ParOldGen: 1928012K(2796544K)->2308772K(2796544K)
[2025-08-01T01:20:48.178+0000] GC(574) Metaspace: 10058K(10240K)->10058K(10240K) NonClass: 8831K(8896K)->8831K(8896K) Class: 1226K(1344K)->1226K(1344K)
[2025-08-01T01:20:48.178+0000] GC(574) Pause Young (Allocation Failure) 2680M->2709M(3641M) 142.108ms
[2025-08-01T01:20:48.178+0000] GC(574) User=1.09s Sys=0.02s Real=0.14s
[2025-08-01T01:20:48.264+0000] GC(575) Pause Full (Ergonomics)
[2025-08-01T01:20:48.264+0000] GC(575) Marking Phase
[2025-08-01T01:20:48.303+0000] GC(575) Marking Phase 38.914ms
[2025-08-01T01:20:48.303+0000] GC(575) Summary Phase
[2025-08-01T01:20:48.303+0000] GC(575) Summary Phase 0.103ms
[2025-08-01T01:20:48.303+0000] GC(575) Adjust Roots
[2025-08-01T01:20:48.305+0000] GC(575) Adjust Roots 2.083ms
[2025-08-01T01:20:48.305+0000] GC(575) Compaction Phase
[2025-08-01T01:20:48.415+0000] GC(575) Compaction Phase 109.546ms
[2025-08-01T01:20:48.415+0000] GC(575) Post Compact
[2025-08-01T01:20:48.437+0000] GC(575) Post Compact 22.176ms
[2025-08-01T01:20:48.437+0000] GC(575) PSYoungGen: 931840K(931840K)->0K(931840K) Eden: 465920K(465920K)->0K(465920K) From: 465920K(465920K)->0K(465920K)
[2025-08-01T01:20:48.437+0000] GC(575) ParOldGen: 2308772K(2796544K)->770018K(2796544K)
[2025-08-01T01:20:48.437+0000] GC(575) Metaspace: 10058K(10240K)->10058K(10240K) NonClass: 8831K(8896K)->8831K(8896K) Class: 1226K(1344K)->1226K(1344K)
[2025-08-01T01:20:48.437+0000] GC(575) Pause Full (Ergonomics) 3164M->751M(3641M) 173.266ms
[2025-08-01T01:20:48.437+0000] GC(575) User=1.17s Sys=0.00s Real=0.17s
[2025-08-01T01:20:48.522+0000] GC(576) Pause Young (Allocation Failure)
[2025-08-01T01:20:48.608+0000] GC(576) PSYoungGen: 465920K(931840K)->465920K(931840K) Eden: 465920K(465920K)->0K(465920K) From: 0K(465920K)->465920K(465920K)
[2025-08-01T01:20:48.608+0000] GC(576) ParOldGen: 770018K(2796544K)->778226K(2796544K)
[2025-08-01T01:20:48.608+0000] GC(576) Metaspace: 10058K(10240K)->10058K(10240K) NonClass: 8831K(8896K)->8831K(8896K) Class: 1226K(1344K)->1226K(1344K)
[2025-08-01T01:20:48.608+0000] GC(576) Pause Young (Allocation Failure) 1206M->1214M(3641M) 86.172ms
[2025-08-01T01:20:48.608+0000] GC(576) User=0.65s Sys=0.02s Real=0.09s
[2025-08-01T01:20:48.694+0000] GC(577) Pause Young (Allocation Failure)
[2025-08-01T01:20:48.848+0000] GC(577) PSYoungGen: 931840K(931840K)->368928K(931840K) Eden: 465920K(465920K)->0K(465920K) From: 465920K(465920K)->368928K(465920K)
[2025-08-01T01:20:48.848+0000] GC(577) ParOldGen: 778226K(2796544K)->1035538K(2796544K)
[2025-08-01T01:20:48.848+0000] GC(577) Metaspace: 10058K(10240K)->10058K(10240K) NonClass: 8831K(8896K)->8831K(8896K) Class: 1226K(1344K)->1226K(1344K)
[2025-08-01T01:20:48.848+0000] GC(577) Pause Young (Allocation Failure) 1669M->1371M(3641M) 153.276ms
[2025-08-01T01:20:48.848+0000] GC(577) User=1.09s Sys=0.04s Real=0.15s
[2025-08-01T01:20:48.936+0000] GC(578) Pause Young (Allocation Failure)
[2025-08-01T01:20:49.047+0000] GC(578) PSYoungGen: 834848K(931840K)->348896K(931840K) Eden: 465920K(465920K)->0K(465920K) From: 368928K(465920K)->348896K(465920K)
[2025-08-01T01:20:49.047+0000] GC(578) ParOldGen: 1035538K(2796544K)->1300058K(2796544K)
[2025-08-01T01:20:49.047+0000] GC(578) Metaspace: 10058K(10240K)->10058K(10240K) NonClass: 8831K(8896K)->8831K(8896K) Class: 1226K(1344K)->1226K(1344K)
[2025-08-01T01:20:49.047+0000] GC(578) Pause Young (Allocation Failure) 1826M->1610M(3641M) 110.759ms
[2025-08-01T01:20:49.047+0000] GC(578) User=0.85s Sys=0.02s Real=0.11s
[2025-08-01T01:20:49.132+0000] GC(579) Pause Young (Allocation Failure)
[2025-08-01T01:20:49.225+0000] GC(579) PSYoungGen: 814816K(931840K)->392608K(931840K) Eden: 465920K(465920K)->0K(465920K) From: 348896K(465920K)->392608K(465920K)
[2025-08-01T01:20:49.225+0000] GC(579) ParOldGen: 1300058K(2796544K)->1553218K(2796544K)
[2025-08-01T01:20:49.225+0000] GC(579) Metaspace: 10058K(10240K)->10058K(10240K) NonClass: 8831K(8896K)->8831K(8896K) Class: 1226K(1344K)->1226K(1344K)
[2025-08-01T01:20:49.225+0000] GC(579) Pause Young (Allocation Failure) 2065M->1900M(3641M) 93.034ms
[2025-08-01T01:20:49.225+0000] GC(579) User=0.72s Sys=0.00s Real=0.10s
[2025-08-01T01:20:49.311+0000] GC(580) Pause Young (Allocation Failure)
[2025-08-01T01:20:49.501+0000] GC(580) PSYoungGen: 858528K(931840K)->465920K(931840K) Eden: 465920K(465920K)->0K(465920K) From: 392608K(465920K)->465920K(465920K)
[2025-08-01T01:20:49.501+0000] GC(580) ParOldGen: 1553218K(2796544K)->1977674K(2796544K)
[2025-08-01T01:20:49.501+0000] GC(580) Metaspace: 10058K(10240K)->10058K(10240K) NonClass: 8831K(8896K)->8831K(8896K) Class: 1226K(1344K)->1226K(1344K)
[2025-08-01T01:20:49.501+0000] GC(580) Pause Young (Allocation Failure) 2355M->2386M(3641M) 189.861ms
[2025-08-01T01:20:49.501+0000] GC(580) User=1.47s Sys=0.04s Real=0.19s
[2025-08-01T01:20:49.589+0000] GC(581) Pause Young (Allocation Failure)
[2025-08-01T01:20:49.699+0000] GC(581) PSYoungGen: 931840K(931840K)->395808K(931840K) Eden: 465920K(465920K)->0K(465920K) From: 465920K(465920K)->395808K(465920K)
[2025-08-01T01:20:49.699+0000] GC(581) ParOldGen: 1977674K(2796544K)->2210466K(2796544K)
[2025-08-01T01:20:49.699+0000] GC(581) Metaspace: 10058K(10240K)->10058K(10240K) NonClass: 8831K(8896K)->8831K(8896K) Class: 1226K(1344K)->1226K(1344K)
[2025-08-01T01:20:49.699+0000] GC(581) Pause Young (Allocation Failure) 2841M->2545M(3641M) 110.415ms
[2025-08-01T01:20:49.699+0000] GC(581) User=0.83s Sys=0.02s Real=0.11s
[2025-08-01T01:20:49.785+0000] GC(582) Pause Young (Allocation Failure)
[2025-08-01T01:20:49.912+0000] GC(582) PSYoungGen: 861728K(931840K)->358144K(931840K) Eden: 465920K(465920K)->0K(465920K) From: 395808K(465920K)->358144K(465920K)
[2025-08-01T01:20:49.912+0000] GC(582) ParOldGen: 2210466K(2796544K)->2499826K(2796544K)
[2025-08-01T01:20:49.912+0000] GC(582) Metaspace: 10058K(10240K)->10058K(10240K) NonClass: 8831K(8896K)->8831K(8896K) Class: 1226K(1344K)->1226K(1344K)
[2025-08-01T01:20:49.912+0000] GC(582) Pause Young (Allocation Failure) 3000M->2790M(3641M) 127.541ms
[2025-08-01T01:20:49.912+0000] GC(582) User=0.89s Sys=0.07s Real=0.12s
[2025-08-01T01:20:49.998+0000] GC(583) Pause Full (Ergonomics)
[2025-08-01T01:20:49.998+0000] GC(583) Marking Phase
[2025-08-01T01:20:50.057+0000] GC(583) Marking Phase 58.852ms
[2025-08-01T01:20:50.057+0000] GC(583) Summary Phase
[2025-08-01T01:20:50.057+0000] GC(583) Summary Phase 0.087ms
[2025-08-01T01:20:50.057+0000] GC(583) Adjust Roots
[2025-08-01T01:20:50.059+0000] GC(583) Adjust Roots 2.065ms
[2025-08-01T01:20:50.059+0000] GC(583) Compaction Phase
[2025-08-01T01:20:50.213+0000] GC(583) Compaction Phase 154.299ms
[2025-08-01T01:20:50.213+0000] GC(583) Post Compact
[2025-08-01T01:20:50.235+0000] GC(583) Post Compact 21.736ms
[2025-08-01T01:20:50.235+0000] GC(583) PSYoungGen: 824064K(931840K)->0K(931840K) Eden: 465920K(465920K)->0K(465920K) From: 358144K(465920K)->0K(465920K)
[2025-08-01T01:20:50.235+0000] GC(583) ParOldGen: 2499826K(2796544K)->784665K(2796544K)
[2025-08-01T01:20:50.235+0000] GC(583) Metaspace: 10058K(10240K)->10058K(10240K) NonClass: 8831K(8896K)->8831K(8896K) Class: 1226K(1344K)->1226K(1344K)
[2025-08-01T01:20:50.235+0000] GC(583) Pause Full (Ergonomics) 3245M->766M(3641M) 237.508ms
[2025-08-01T01:20:50.235+0000] GC(583) User=1.64s Sys=0.02s Real=0.24s
[2025-08-01T01:20:50.318+0000] GC(584) Pause Young (Allocation Failure)
[2025-08-01T01:20:50.412+0000] GC(584) PSYoungGen: 465920K(931840K)->353024K(931840K) Eden: 465920K(465920K)->0K(465920K) From: 0K(465920K)->353024K(465920K)
[2025-08-01T01:20:50.412+0000] GC(584) ParOldGen: 784665K(2796544K)->784665K(2796544K)
[2025-08-01T01:20:50.412+0000] GC(584) Metaspace: 10058K(10240K)->10058K(10240K) NonClass: 8831K(8896K)->8831K(8896K) Class: 1226K(1344K)->1226K(1344K)
[2025-08-01T01:20:50.412+0000] GC(584) Pause Young (Allocation Failure) 1221M->1111M(3641M) 93.468ms
[2025-08-01T01:20:50.412+0000] GC(584) User=0.71s Sys=0.02s Real=0.09s
[2025-08-01T01:20:50.503+0000] GC(585) Pause Young (Allocation Failure)
[2025-08-01T01:20:50.616+0000] GC(585) PSYoungGen: 818944K(931840K)->405248K(931840K) Eden: 465920K(465920K)->0K(465920K) From: 353024K(465920K)->405248K(465920K)
[2025-08-01T01:20:50.616+0000] GC(585) ParOldGen: 784665K(2796544K)->1032745K(2796544K)
[2025-08-01T01:20:50.616+0000] GC(585) Metaspace: 10058K(10240K)->10058K(10240K) NonClass: 8831K(8896K)->8831K(8896K) Class: 1226K(1344K)->1226K(1344K)
[2025-08-01T01:20:50.616+0000] GC(585) Pause Young (Allocation Failure) 1566M->1404M(3641M) 112.238ms
[2025-08-01T01:20:50.616+0000] GC(585) User=0.85s Sys=0.02s Real=0.11s
[2025-08-01T01:20:50.701+0000] GC(586) Pause Young (Allocation Failure)
[2025-08-01T01:20:50.827+0000] GC(586) PSYoungGen: 871168K(931840K)->378016K(931840K) Eden: 465920K(465920K)->0K(465920K) From: 405248K(465920K)->378016K(465920K)
[2025-08-01T01:20:50.827+0000] GC(586) ParOldGen: 1032745K(2796544K)->1338033K(2796544K)
[2025-08-01T01:20:50.827+0000] GC(586) Metaspace: 10058K(10240K)->10058K(10240K) NonClass: 8831K(8896K)->8831K(8896K) Class: 1226K(1344K)->1226K(1344K)
[2025-08-01T01:20:50.827+0000] GC(586) Pause Young (Allocation Failure) 1859M->1675M(3641M) 126.071ms
[2025-08-01T01:20:50.827+0000] GC(586) User=0.94s Sys=0.03s Real=0.13s
[2025-08-01T01:20:50.919+0000] GC(587) Pause Young (Allocation Failure)
[2025-08-01T01:20:51.055+0000] GC(587) PSYoungGen: 843936K(931840K)->465920K(931840K) Eden: 465920K(465920K)->0K(465920K) From: 378016K(465920K)->465920K(465920K)
[2025-08-01T01:20:51.056+0000] GC(587) ParOldGen: 1338033K(2796544K)->1744793K(2796544K)
[2025-08-01T01:20:51.056+0000] GC(587) Metaspace: 10058K(10240K)->10058K(10240K) NonClass: 8831K(8896K)->8831K(8896K) Class: 1226K(1344K)->1226K(1344K)
[2025-08-01T01:20:51.056+0000] GC(587) Pause Young (Allocation Failure) 2130M->2158M(3641M) 136.603ms
[2025-08-01T01:20:51.056+0000] GC(587) User=1.05s Sys=0.01s Real=0.14s
[2025-08-01T01:20:51.140+0000] GC(588) Pause Young (Allocation Failure)
[2025-08-01T01:20:51.248+0000] GC(588) PSYoungGen: 931840K(931840K)->357024K(931840K) Eden: 465920K(465920K)->0K(465920K) From: 465920K(465920K)->357024K(465920K)
[2025-08-01T01:20:51.248+0000] GC(588) ParOldGen: 1744793K(2796544K)->1970977K(2796544K)
[2025-08-01T01:20:51.248+0000] GC(588) Metaspace: 10058K(10240K)->10058K(10240K) NonClass: 8831K(8896K)->8831K(8896K) Class: 1226K(1344K)->1226K(1344K)
[2025-08-01T01:20:51.248+0000] GC(588) Pause Young (Allocation Failure) 2613M->2273M(3641M) 107.597ms
[2025-08-01T01:20:51.248+0000] GC(588) User=0.78s Sys=0.02s Real=0.11s
[2025-08-01T01:20:51.332+0000] GC(589) Pause Young (Allocation Failure)
[2025-08-01T01:20:51.442+0000] GC(589) PSYoungGen: 822944K(931840K)->426496K(931840K) Eden: 465920K(465920K)->0K(465920K) From: 357024K(465920K)->426496K(465920K)
[2025-08-01T01:20:51.442+0000] GC(589) ParOldGen: 1970977K(2796544K)->2200689K(2796544K)
[2025-08-01T01:20:51.442+0000] GC(589) Metaspace: 10058K(10240K)->10058K(10240K) NonClass: 8831K(8896K)->8831K(8896K) Class: 1226K(1344K)->1226K(1344K)
[2025-08-01T01:20:51.442+0000] GC(589) Pause Young (Allocation Failure) 2728M->2565M(3641M) 109.380ms
[2025-08-01T01:20:51.442+0000] GC(589) User=0.84s Sys=0.03s Real=0.11s
[2025-08-01T01:20:51.528+0000] GC(590) Pause Young (Allocation Failure)
[2025-08-01T01:20:51.684+0000] GC(590) PSYoungGen: 892416K(931840K)->376416K(931840K) Eden: 465920K(465920K)->0K(465920K) From: 426496K(465920K)->376416K(465920K)
[2025-08-01T01:20:51.684+0000] GC(590) ParOldGen: 2200689K(2796544K)->2536121K(2796544K)
[2025-08-01T01:20:51.684+0000] GC(590) Metaspace: 10058K(10240K)->10058K(10240K) NonClass: 8831K(8896K)->8831K(8896K) Class: 1226K(1344K)->1226K(1344K)
[2025-08-01T01:20:51.684+0000] GC(590) Pause Young (Allocation Failure) 3020M->2844M(3641M) 155.813ms
[2025-08-01T01:20:51.684+0000] GC(590) User=1.13s Sys=0.06s Real=0.16s
[2025-08-01T01:20:51.770+0000] GC(591) Pause Full (Ergonomics)
[2025-08-01T01:20:51.770+0000] GC(591) Marking Phase
[2025-08-01T01:20:51.841+0000] GC(591) Marking Phase 70.894ms
[2025-08-01T01:20:51.841+0000] GC(591) Summary Phase
[2025-08-01T01:20:51.842+0000] GC(591) Summary Phase 0.136ms
[2025-08-01T01:20:51.842+0000] GC(591) Adjust Roots
[2025-08-01T01:20:51.843+0000] GC(591) Adjust Roots 1.855ms
[2025-08-01T01:20:51.843+0000] GC(591) Compaction Phase
[2025-08-01T01:20:52.018+0000] GC(591) Compaction Phase 174.646ms
[2025-08-01T01:20:52.018+0000] GC(591) Post Compact
[2025-08-01T01:20:52.041+0000] GC(591) Post Compact 22.906ms
[2025-08-01T01:20:52.041+0000] GC(591) PSYoungGen: 842336K(931840K)->0K(931840K) Eden: 465920K(465920K)->0K(465920K) From: 376416K(465920K)->0K(465920K)
[2025-08-01T01:20:52.041+0000] GC(591) ParOldGen: 2536121K(2796544K)->1258993K(2796544K)
[2025-08-01T01:20:52.041+0000] GC(591) Metaspace: 10058K(10240K)->10058K(10240K) NonClass: 8831K(8896K)->8831K(8896K) Class: 1226K(1344K)->1226K(1344K)
[2025-08-01T01:20:52.041+0000] GC(591) Pause Full (Ergonomics) 3299M->1229M(3641M) 270.912ms
[2025-08-01T01:20:52.041+0000] GC(591) User=1.89s Sys=0.02s Real=0.27s
[2025-08-01T01:20:52.128+0000] GC(592) Pause Young (Allocation Failure)
[2025-08-01T01:20:52.218+0000] GC(592) PSYoungGen: 465920K(931840K)->329728K(931840K) Eden: 465920K(465920K)->0K(465920K) From: 0K(465920K)->329728K(465920K)
[2025-08-01T01:20:52.218+0000] GC(592) ParOldGen: 1258993K(2796544K)->1258993K(2796544K)
[2025-08-01T01:20:52.218+0000] GC(592) Metaspace: 10058K(10240K)->10058K(10240K) NonClass: 8831K(8896K)->8831K(8896K) Class: 1226K(1344K)->1226K(1344K)
[2025-08-01T01:20:52.218+0000] GC(592) Pause Young (Allocation Failure) 1684M->1551M(3641M) 89.666ms
[2025-08-01T01:20:52.218+0000] GC(592) User=0.66s Sys=0.03s Real=0.09s
[2025-08-01T01:20:52.306+0000] GC(593) Pause Young (Allocation Failure)
[2025-08-01T01:20:52.467+0000] GC(593) PSYoungGen: 795648K(931840K)->447680K(931840K) Eden: 465920K(465920K)->0K(465920K) From: 329728K(465920K)->447680K(465920K)
[2025-08-01T01:20:52.467+0000] GC(593) ParOldGen: 1258993K(2796544K)->1467993K(2796544K)
[2025-08-01T01:20:52.467+0000] GC(593) Metaspace: 10058K(10240K)->10058K(10240K) NonClass: 8831K(8896K)->8831K(8896K) Class: 1226K(1344K)->1226K(1344K)
[2025-08-01T01:20:52.467+0000] GC(593) Pause Young (Allocation Failure) 2006M->1870M(3641M) 160.371ms
[2025-08-01T01:20:52.467+0000] GC(593) User=1.26s Sys=0.01s Real=0.16s
[2025-08-01T01:20:52.557+0000] GC(594) Pause Young (Allocation Failure)
[2025-08-01T01:20:52.688+0000] GC(594) PSYoungGen: 913600K(931840K)->378400K(931840K) Eden: 465920K(465920K)->0K(465920K) From: 447680K(465920K)->378400K(465920K)
[2025-08-01T01:20:52.688+0000] GC(594) ParOldGen: 1467993K(2796544K)->1829521K(2796544K)
[2025-08-01T01:20:52.688+0000] GC(594) Metaspace: 10058K(10240K)->10058K(10240K) NonClass: 8831K(8896K)->8831K(8896K) Class: 1226K(1344K)->1226K(1344K)
[2025-08-01T01:20:52.688+0000] GC(594) Pause Young (Allocation Failure) 2325M->2156M(3641M) 131.214ms
[2025-08-01T01:20:52.688+0000] GC(594) User=0.98s Sys=0.04s Real=0.13s
[2025-08-01T01:20:52.772+0000] GC(595) Pause Young (Allocation Failure)
[2025-08-01T01:20:52.935+0000] GC(595) PSYoungGen: 844320K(931840K)->465920K(931840K) Eden: 465920K(465920K)->0K(465920K) From: 378400K(465920K)->465920K(465920K)
[2025-08-01T01:20:52.935+0000] GC(595) ParOldGen: 1829521K(2796544K)->2235993K(2796544K)
[2025-08-01T01:20:52.935+0000] GC(595) Metaspace: 10058K(10240K)->10058K(10240K) NonClass: 8831K(8896K)->8831K(8896K) Class: 1226K(1344K)->1226K(1344K)
[2025-08-01T01:20:52.935+0000] GC(595) Pause Young (Allocation Failure) 2611M->2638M(3641M) 163.043ms
[2025-08-01T01:20:52.935+0000] GC(595) User=1.25s Sys=0.03s Real=0.17s
[2025-08-01T01:20:53.024+0000] GC(596) Pause Young (Allocation Failure)
[2025-08-01T01:20:53.124+0000] GC(596) PSYoungGen: 931840K(931840K)->314240K(931840K) Eden: 465920K(465920K)->0K(465920K) From: 465920K(465920K)->314240K(465920K)
[2025-08-01T01:20:53.124+0000] GC(596) ParOldGen: 2235993K(2796544K)->2496001K(2796544K)
[2025-08-01T01:20:53.124+0000] GC(596) Metaspace: 10058K(10240K)->10058K(10240K) NonClass: 8831K(8896K)->8831K(8896K) Class: 1226K(1344K)->1226K(1344K)
[2025-08-01T01:20:53.124+0000] GC(596) Pause Young (Allocation Failure) 3093M->2744M(3641M) 100.005ms
[2025-08-01T01:20:53.124+0000] GC(596) User=0.75s Sys=0.02s Real=0.10s
[2025-08-01T01:20:53.211+0000] GC(597) Pause Full (Ergonomics)
[2025-08-01T01:20:53.211+0000] GC(597) Marking Phase
[2025-08-01T01:20:53.268+0000] GC(597) Marking Phase 56.908ms
[2025-08-01T01:20:53.268+0000] GC(597) Summary Phase
[2025-08-01T01:20:53.269+0000] GC(597) Summary Phase 0.170ms
[2025-08-01T01:20:53.269+0000] GC(597) Adjust Roots
[2025-08-01T01:20:53.271+0000] GC(597) Adjust Roots 2.609ms
[2025-08-01T01:20:53.271+0000] GC(597) Compaction Phase
[2025-08-01T01:20:53.383+0000] GC(597) Compaction Phase 111.967ms
[2025-08-01T01:20:53.383+0000] GC(597) Post Compact
[2025-08-01T01:20:53.403+0000] GC(597) Post Compact 19.251ms
[2025-08-01T01:20:53.403+0000] GC(597) PSYoungGen: 780160K(931840K)->0K(931840K) Eden: 465920K(465920K)->0K(465920K) From: 314240K(465920K)->0K(465920K)
[2025-08-01T01:20:53.403+0000] GC(597) ParOldGen: 2496001K(2796544K)->806251K(2796544K)
[2025-08-01T01:20:53.403+0000] GC(597) Metaspace: 10058K(10240K)->10058K(10240K) NonClass: 8831K(8896K)->8831K(8896K) Class: 1226K(1344K)->1226K(1344K)
[2025-08-01T01:20:53.403+0000] GC(597) Pause Full (Ergonomics) 3199M->787M(3641M) 191.361ms
[2025-08-01T01:20:53.403+0000] GC(597) User=1.31s Sys=0.01s Real=0.19s
[2025-08-01T01:20:53.488+0000] GC(598) Pause Young (Allocation Failure)
[2025-08-01T01:20:53.574+0000] GC(598) PSYoungGen: 465920K(931840K)->407488K(931840K) Eden: 465920K(465920K)->0K(465920K) From: 0K(465920K)->407488K(465920K)
[2025-08-01T01:20:53.574+0000] GC(598) ParOldGen: 806251K(2796544K)->806251K(2796544K)
[2025-08-01T01:20:53.574+0000] GC(598) Metaspace: 10058K(10240K)->10058K(10240K) NonClass: 8831K(8896K)->8831K(8896K) Class: 1226K(1344K)->1226K(1344K)
[2025-08-01T01:20:53.574+0000] GC(598) Pause Young (Allocation Failure) 1242M->1185M(3641M) 85.569ms
[2025-08-01T01:20:53.574+0000] GC(598) User=0.64s Sys=0.02s Real=0.09s
[2025-08-01T01:20:53.663+0000] GC(599) Pause Young (Allocation Failure)
[2025-08-01T01:20:53.816+0000] GC(599) PSYoungGen: 873408K(931840K)->465920K(931840K) Eden: 465920K(465920K)->0K(465920K) From: 407488K(465920K)->465920K(465920K)
[2025-08-01T01:20:53.816+0000] GC(599) ParOldGen: 806251K(2796544K)->1244811K(2796544K)
[2025-08-01T01:20:53.816+0000] GC(599) Metaspace: 10058K(10240K)->10058K(10240K) NonClass: 8831K(8896K)->8831K(8896K) Class: 1226K(1344K)->1226K(1344K)
[2025-08-01T01:20:53.816+0000] GC(599) Pause Young (Allocation Failure) 1640M->1670M(3641M) 153.586ms
[2025-08-01T01:20:53.816+0000] GC(599) User=1.16s Sys=0.04s Real=0.15s
[2025-08-01T01:20:53.900+0000] GC(600) Pause Young (Allocation Failure)
[2025-08-01T01:20:53.954+0000] GC(600) PSYoungGen: 931840K(931840K)->160800K(931840K) Eden: 465920K(465920K)->0K(465920K) From: 465920K(465920K)->160800K(465920K)
[2025-08-01T01:20:53.954+0000] GC(600) ParOldGen: 1244811K(2796544K)->1369531K(2796544K)
[2025-08-01T01:20:53.954+0000] GC(600) Metaspace: 10058K(10240K)->10058K(10240K) NonClass: 8831K(8896K)->8831K(8896K) Class: 1226K(1344K)->1226K(1344K)
[2025-08-01T01:20:53.955+0000] GC(600) Pause Young (Allocation Failure) 2125M->1494M(3641M) 54.882ms
[2025-08-01T01:20:53.955+0000] GC(600) User=0.41s Sys=0.02s Real=0.06s
[2025-08-01T01:20:54.043+0000] GC(601) Pause Young (Allocation Failure)
[2025-08-01T01:20:54.201+0000] GC(601) PSYoungGen: 626720K(931840K)->465920K(931840K) Eden: 465920K(465920K)->0K(465920K) From: 160800K(465920K)->465920K(465920K)
[2025-08-01T01:20:54.201+0000] GC(601) ParOldGen: 1369531K(2796544K)->1548419K(2796544K)
[2025-08-01T01:20:54.201+0000] GC(601) Metaspace: 10058K(10240K)->10058K(10240K) NonClass: 8831K(8896K)->8831K(8896K) Class: 1226K(1344K)->1226K(1344K)
[2025-08-01T01:20:54.201+0000] GC(601) Pause Young (Allocation Failure) 1949M->1967M(3641M) 157.593ms
[2025-08-01T01:20:54.201+0000] GC(601) User=1.16s Sys=0.05s Real=0.15s
[2025-08-01T01:20:54.289+0000] GC(602) Pause Young (Allocation Failure)
[2025-08-01T01:20:54.461+0000] GC(602) PSYoungGen: 931840K(931840K)->407520K(931840K) Eden: 465920K(465920K)->0K(465920K) From: 465920K(465920K)->407520K(465920K)
[2025-08-01T01:20:54.461+0000] GC(602) ParOldGen: 1548419K(2796544K)->1913891K(2796544K)
[2025-08-01T01:20:54.461+0000] GC(602) Metaspace: 10058K(10240K)->10058K(10240K) NonClass: 8831K(8896K)->8831K(8896K) Class: 1226K(1344K)->1226K(1344K)
[2025-08-01T01:20:54.461+0000] GC(602) Pause Young (Allocation Failure) 2422M->2267M(3641M) 172.263ms
[2025-08-01T01:20:54.461+0000] GC(602) User=1.30s Sys=0.05s Real=0.17s
[2025-08-01T01:20:54.549+0000] GC(603) Pause Young (Allocation Failure)
[2025-08-01T01:20:54.712+0000] GC(603) PSYoungGen: 873440K(931840K)->465920K(931840K) Eden: 465920K(465920K)->0K(465920K) From: 407520K(465920K)->465920K(465920K)
[2025-08-01T01:20:54.712+0000] GC(603) ParOldGen: 1913891K(2796544K)->2353435K(2796544K)
[2025-08-01T01:20:54.712+0000] GC(603) Metaspace: 10058K(10240K)->10058K(10240K) NonClass: 8831K(8896K)->8831K(8896K) Class: 1226K(1344K)->1226K(1344K)
[2025-08-01T01:20:54.712+0000] GC(603) Pause Young (Allocation Failure) 2722M->2753M(3641M) 162.993ms
[2025-08-01T01:20:54.712+0000] GC(603) User=1.23s Sys=0.04s Real=0.16s
[2025-08-01T01:20:54.798+0000] GC(604) Pause Full (Ergonomics)
[2025-08-01T01:20:54.798+0000] GC(604) Marking Phase
[2025-08-01T01:20:54.838+0000] GC(604) Marking Phase 39.877ms
[2025-08-01T01:20:54.838+0000] GC(604) Summary Phase
[2025-08-01T01:20:54.839+0000] GC(604) Summary Phase 0.112ms
[2025-08-01T01:20:54.839+0000] GC(604) Adjust Roots
[2025-08-01T01:20:54.841+0000] GC(604) Adjust Roots 2.032ms
[2025-08-01T01:20:54.841+0000] GC(604) Compaction Phase
[2025-08-01T01:20:54.959+0000] GC(604) Compaction Phase 118.472ms
[2025-08-01T01:20:54.959+0000] GC(604) Post Compact
[2025-08-01T01:20:54.981+0000] GC(604) Post Compact 21.641ms
[2025-08-01T01:20:54.981+0000] GC(604) PSYoungGen: 931840K(931840K)->0K(931840K) Eden: 465920K(465920K)->0K(465920K) From: 465920K(465920K)->0K(465920K)
[2025-08-01T01:20:54.981+0000] GC(604) ParOldGen: 2353435K(2796544K)->820156K(2796544K)
[2025-08-01T01:20:54.981+0000] GC(604) Metaspace: 10058K(10240K)->10058K(10240K) NonClass: 8831K(8896K)->8831K(8896K) Class: 1226K(1344K)->1226K(1344K)
[2025-08-01T01:20:54.981+0000] GC(604) Pause Full (Ergonomics) 3208M->800M(3641M) 182.562ms
[2025-08-01T01:20:54.981+0000] GC(604) User=1.24s Sys=0.01s Real=0.18s
[2025-08-01T01:20:55.067+0000] GC(605) Pause Young (Allocation Failure)
[2025-08-01T01:20:55.146+0000] GC(605) PSYoungGen: 465920K(931840K)->465920K(931840K) Eden: 465920K(465920K)->0K(465920K) From: 0K(465920K)->465920K(465920K)
[2025-08-01T01:20:55.146+0000] GC(605) ParOldGen: 820156K(2796544K)->826788K(2796544K)
[2025-08-01T01:20:55.146+0000] GC(605) Metaspace: 10058K(10240K)->10058K(10240K) NonClass: 8831K(8896K)->8831K(8896K) Class: 1226K(1344K)->1226K(1344K)
[2025-08-01T01:20:55.146+0000] GC(605) Pause Young (Allocation Failure) 1255M->1262M(3641M) 79.259ms
[2025-08-01T01:20:55.146+0000] GC(605) User=0.59s Sys=0.01s Real=0.08s
[2025-08-01T01:20:55.236+0000] GC(606) Pause Young (Allocation Failure)
[2025-08-01T01:20:55.369+0000] GC(606) PSYoungGen: 931840K(931840K)->408096K(931840K) Eden: 465920K(465920K)->0K(465920K) From: 465920K(465920K)->408096K(465920K)
[2025-08-01T01:20:55.369+0000] GC(606) ParOldGen: 826788K(2796544K)->1191604K(2796544K)
[2025-08-01T01:20:55.369+0000] GC(606) Metaspace: 10058K(10240K)->10058K(10240K) NonClass: 8831K(8896K)->8831K(8896K) Class: 1226K(1344K)->1226K(1344K)
[2025-08-01T01:20:55.369+0000] GC(606) Pause Young (Allocation Failure) 1717M->1562M(3641M) 133.586ms
[2025-08-01T01:20:55.369+0000] GC(606) User=1.01s Sys=0.03s Real=0.13s
[2025-08-01T01:20:55.453+0000] GC(607) Pause Young (Allocation Failure)
[2025-08-01T01:20:55.663+0000] GC(607) PSYoungGen: 874016K(931840K)->465920K(931840K) Eden: 465920K(465920K)->0K(465920K) From: 408096K(465920K)->465920K(465920K)
[2025-08-01T01:20:55.663+0000] GC(607) ParOldGen: 1191604K(2796544K)->1632620K(2796544K)
[2025-08-01T01:20:55.663+0000] GC(607) Metaspace: 10058K(10240K)->10058K(10240K) NonClass: 8831K(8896K)->8831K(8896K) Class: 1226K(1344K)->1226K(1344K)
[2025-08-01T01:20:55.663+0000] GC(607) Pause Young (Allocation Failure) 2017M->2049M(3641M) 209.580ms
[2025-08-01T01:20:55.663+0000] GC(607) User=1.61s Sys=0.04s Real=0.21s
[2025-08-01T01:20:55.748+0000] GC(608) Pause Young (Allocation Failure)
[2025-08-01T01:20:55.842+0000] GC(608) PSYoungGen: 931840K(931840K)->323712K(931840K) Eden: 465920K(465920K)->0K(465920K) From: 465920K(465920K)->323712K(465920K)
[2025-08-01T01:20:55.842+0000] GC(608) ParOldGen: 1632620K(2796544K)->1870900K(2796544K)
[2025-08-01T01:20:55.842+0000] GC(608) Metaspace: 10058K(10240K)->10058K(10240K) NonClass: 8831K(8896K)->8831K(8896K) Class: 1226K(1344K)->1226K(1344K)
[2025-08-01T01:20:55.842+0000] GC(608) Pause Young (Allocation Failure) 2504M->2143M(3641M) 94.660ms
[2025-08-01T01:20:55.842+0000] GC(608) User=0.71s Sys=0.02s Real=0.09s
[2025-08-01T01:20:55.931+0000] GC(609) Pause Young (Allocation Failure)
[2025-08-01T01:20:56.077+0000] GC(609) PSYoungGen: 789632K(931840K)->438592K(931840K) Eden: 465920K(465920K)->0K(465920K) From: 323712K(465920K)->438592K(465920K)
[2025-08-01T01:20:56.077+0000] GC(609) ParOldGen: 1870900K(2796544K)->2102028K(2796544K)
[2025-08-01T01:20:56.077+0000] GC(609) Metaspace: 10058K(10240K)->10058K(10240K) NonClass: 8831K(8896K)->8831K(8896K) Class: 1226K(1344K)->1226K(1344K)
[2025-08-01T01:20:56.077+0000] GC(609) Pause Young (Allocation Failure) 2598M->2481M(3641M) 146.522ms
[2025-08-01T01:20:56.077+0000] GC(609) User=1.05s Sys=0.06s Real=0.15s
[2025-08-01T01:20:56.165+0000] GC(610) Pause Young (Allocation Failure)
[2025-08-01T01:20:56.292+0000] GC(610) PSYoungGen: 904512K(931840K)->405856K(931840K) Eden: 465920K(465920K)->0K(465920K) From: 438592K(465920K)->405856K(465920K)
[2025-08-01T01:20:56.292+0000] GC(610) ParOldGen: 2102028K(2796544K)->2437860K(2796544K)
[2025-08-01T01:20:56.292+0000] GC(610) Metaspace: 10058K(10240K)->10058K(10240K) NonClass: 8831K(8896K)->8831K(8896K) Class: 1226K(1344K)->1226K(1344K)
[2025-08-01T01:20:56.292+0000] GC(610) Pause Young (Allocation Failure) 2936M->2777M(3641M) 127.197ms
[2025-08-01T01:20:56.292+0000] GC(610) User=0.98s Sys=0.03s Real=0.12s
[2025-08-01T01:20:56.377+0000] GC(611) Pause Full (Ergonomics)
[2025-08-01T01:20:56.377+0000] GC(611) Marking Phase
[2025-08-01T01:20:56.498+0000] GC(611) Marking Phase 121.398ms
[2025-08-01T01:20:56.498+0000] GC(611) Summary Phase
[2025-08-01T01:20:56.498+0000] GC(611) Summary Phase 0.145ms
[2025-08-01T01:20:56.498+0000] GC(611) Adjust Roots
[2025-08-01T01:20:56.500+0000] GC(611) Adjust Roots 1.403ms
[2025-08-01T01:20:56.500+0000] GC(611) Compaction Phase
[2025-08-01T01:20:56.694+0000] GC(611) Compaction Phase 193.837ms
[2025-08-01T01:20:56.694+0000] GC(611) Post Compact
[2025-08-01T01:20:56.714+0000] GC(611) Post Compact 20.516ms
[2025-08-01T01:20:56.714+0000] GC(611) PSYoungGen: 871776K(931840K)->0K(931840K) Eden: 465920K(465920K)->0K(465920K) From: 405856K(465920K)->0K(465920K)
[2025-08-01T01:20:56.714+0000] GC(611) ParOldGen: 2437860K(2796544K)->1299472K(2796544K)
[2025-08-01T01:20:56.714+0000] GC(611) Metaspace: 10058K(10240K)->10058K(10240K) NonClass: 8831K(8896K)->8831K(8896K) Class: 1226K(1344K)->1226K(1344K)
[2025-08-01T01:20:56.714+0000] GC(611) Pause Full (Ergonomics) 3232M->1269M(3641M) 337.687ms
[2025-08-01T01:20:56.714+0000] GC(611) User=2.47s Sys=0.02s Real=0.34s
[2025-08-01T01:20:56.802+0000] GC(612) Pause Young (Allocation Failure)
[2025-08-01T01:20:56.893+0000] GC(612) PSYoungGen: 465920K(931840K)->335296K(931840K) Eden: 465920K(465920K)->0K(465920K) From: 0K(465920K)->335296K(465920K)
[2025-08-01T01:20:56.893+0000] GC(612) ParOldGen: 1299472K(2796544K)->1299472K(2796544K)
[2025-08-01T01:20:56.893+0000] GC(612) Metaspace: 10058K(10240K)->10058K(10240K) NonClass: 8831K(8896K)->8831K(8896K) Class: 1226K(1344K)->1226K(1344K)
[2025-08-01T01:20:56.893+0000] GC(612) Pause Young (Allocation Failure) 1724M->1596M(3641M) 90.532ms
[2025-08-01T01:20:56.893+0000] GC(612) User=0.66s Sys=0.03s Real=0.10s
[2025-08-01T01:20:56.989+0000] GC(613) Pause Young (Allocation Failure)
[2025-08-01T01:20:57.160+0000] GC(613) PSYoungGen: 801216K(931840K)->422336K(931840K) Eden: 465920K(465920K)->0K(465920K) From: 335296K(465920K)->422336K(465920K)
[2025-08-01T01:20:57.160+0000] GC(613) ParOldGen: 1299472K(2796544K)->1535400K(2796544K)
[2025-08-01T01:20:57.160+0000] GC(613) Metaspace: 10058K(10240K)->10058K(10240K) NonClass: 8831K(8896K)->8831K(8896K) Class: 1226K(1344K)->1226K(1344K)
[2025-08-01T01:20:57.160+0000] GC(613) Pause Young (Allocation Failure) 2051M->1911M(3641M) 171.912ms
[2025-08-01T01:20:57.160+0000] GC(613) User=1.27s Sys=0.03s Real=0.17s
[2025-08-01T01:20:57.250+0000] GC(614) Pause Young (Allocation Failure)
[2025-08-01T01:20:57.362+0000] GC(614) PSYoungGen: 888256K(931840K)->438976K(931840K) Eden: 465920K(465920K)->0K(465920K) From: 422336K(465920K)->438976K(465920K)
[2025-08-01T01:20:57.362+0000] GC(614) ParOldGen: 1535400K(2796544K)->1851616K(2796544K)
[2025-08-01T01:20:57.362+0000] GC(614) Metaspace: 10058K(10240K)->10058K(10240K) NonClass: 8831K(8896K)->8831K(8896K) Class: 1226K(1344K)->1226K(1344K)
[2025-08-01T01:20:57.362+0000] GC(614) Pause Young (Allocation Failure) 2366M->2236M(3641M) 112.464ms
[2025-08-01T01:20:57.362+0000] GC(614) User=0.87s Sys=0.01s Real=0.11s
[2025-08-01T01:20:57.450+0000] GC(615) Pause Young (Allocation Failure)
[2025-08-01T01:20:57.594+0000] GC(615) PSYoungGen: 904896K(931840K)->465920K(931840K) Eden: 465920K(465920K)->0K(465920K) From: 438976K(465920K)->465920K(465920K)
[2025-08-01T01:20:57.594+0000] GC(615) ParOldGen: 1851616K(2796544K)->2322376K(2796544K)
[2025-08-01T01:20:57.594+0000] GC(615) Metaspace: 10058K(10240K)->10058K(10240K) NonClass: 8831K(8896K)->8831K(8896K) Class: 1226K(1344K)->1226K(1344K)
[2025-08-01T01:20:57.595+0000] GC(615) Pause Young (Allocation Failure) 2691M->2722M(3641M) 144.578ms
[2025-08-01T01:20:57.595+0000] GC(615) User=1.12s Sys=0.02s Real=0.15s
[2025-08-01T01:20:57.682+0000] GC(616) Pause Full (Ergonomics)
[2025-08-01T01:20:57.682+0000] GC(616) Marking Phase
[2025-08-01T01:20:57.745+0000] GC(616) Marking Phase 63.774ms
[2025-08-01T01:20:57.746+0000] GC(616) Summary Phase
[2025-08-01T01:20:57.746+0000] GC(616) Summary Phase 0.173ms
[2025-08-01T01:20:57.746+0000] GC(616) Adjust Roots
[2025-08-01T01:20:57.747+0000] GC(616) Adjust Roots 1.714ms
[2025-08-01T01:20:57.748+0000] GC(616) Compaction Phase
[2025-08-01T01:20:57.908+0000] GC(616) Compaction Phase 160.748ms
[2025-08-01T01:20:57.908+0000] GC(616) Post Compact
[2025-08-01T01:20:57.929+0000] GC(616) Post Compact 20.421ms
[2025-08-01T01:20:57.929+0000] GC(616) PSYoungGen: 931840K(931840K)->0K(931840K) Eden: 465920K(465920K)->0K(465920K) From: 465920K(465920K)->0K(465920K)
[2025-08-01T01:20:57.929+0000] GC(616) ParOldGen: 2322376K(2796544K)->848649K(2796544K)
[2025-08-01T01:20:57.929+0000] GC(616) Metaspace: 10058K(10240K)->10058K(10240K) NonClass: 8831K(8896K)->8831K(8896K) Class: 1226K(1344K)->1226K(1344K)
[2025-08-01T01:20:57.929+0000] GC(616) Pause Full (Ergonomics) 3177M->828M(3641M) 247.267ms
[2025-08-01T01:20:57.929+0000] GC(616) User=1.73s Sys=0.03s Real=0.25s
[2025-08-01T01:20:58.017+0000] GC(617) Pause Young (Allocation Failure)
[2025-08-01T01:20:58.076+0000] GC(617) PSYoungGen: 465920K(931840K)->402016K(931840K) Eden: 465920K(465920K)->0K(465920K) From: 0K(465920K)->402016K(465920K)
[2025-08-01T01:20:58.076+0000] GC(617) ParOldGen: 848649K(2796544K)->848649K(2796544K)
[2025-08-01T01:20:58.076+0000] GC(617) Metaspace: 10058K(10240K)->10058K(10240K) NonClass: 8831K(8896K)->8831K(8896K) Class: 1226K(1344K)->1226K(1344K)
[2025-08-01T01:20:58.076+0000] GC(617) Pause Young (Allocation Failure) 1283M->1221M(3641M) 59.094ms
[2025-08-01T01:20:58.076+0000] GC(617) User=0.46s Sys=0.00s Real=0.06s
[2025-08-01T01:20:58.166+0000] GC(618) Pause Young (Allocation Failure)
[2025-08-01T01:20:58.331+0000] GC(618) PSYoungGen: 867936K(931840K)->432896K(931840K) Eden: 465920K(465920K)->0K(465920K) From: 402016K(465920K)->432896K(465920K)
[2025-08-01T01:20:58.331+0000] GC(618) ParOldGen: 848649K(2796544K)->1148833K(2796544K)
[2025-08-01T01:20:58.331+0000] GC(618) Metaspace: 10058K(10240K)->10058K(10240K) NonClass: 8831K(8896K)->8831K(8896K) Class: 1226K(1344K)->1226K(1344K)
[2025-08-01T01:20:58.331+0000] GC(618) Pause Young (Allocation Failure) 1676M->1544M(3641M) 164.863ms
[2025-08-01T01:20:58.331+0000] GC(618) User=1.16s Sys=0.05s Real=0.16s
[2025-08-01T01:20:58.421+0000] GC(619) Pause Young (Allocation Failure)
[2025-08-01T01:20:58.566+0000] GC(619) PSYoungGen: 898816K(931840K)->465920K(931840K) Eden: 465920K(465920K)->0K(465920K) From: 432896K(465920K)->465920K(465920K)
[2025-08-01T01:20:58.566+0000] GC(619) ParOldGen: 1148833K(2796544K)->1612113K(2796544K)
[2025-08-01T01:20:58.566+0000] GC(619) Metaspace: 10058K(10240K)->10058K(10240K) NonClass: 8831K(8896K)->8831K(8896K) Class: 1226K(1344K)->1226K(1344K)
[2025-08-01T01:20:58.566+0000] GC(619) Pause Young (Allocation Failure) 1999M->2029M(3641M) 144.646ms
[2025-08-01T01:20:58.566+0000] GC(619) User=1.12s Sys=0.02s Real=0.15s
[2025-08-01T01:20:58.651+0000] GC(620) Pause Young (Allocation Failure)
[2025-08-01T01:20:58.802+0000] GC(620) PSYoungGen: 931840K(931840K)->376896K(931840K) Eden: 465920K(465920K)->0K(465920K) From: 465920K(465920K)->376896K(465920K)
[2025-08-01T01:20:58.802+0000] GC(620) ParOldGen: 1612113K(2796544K)->1863425K(2796544K)
[2025-08-01T01:20:58.802+0000] GC(620) Metaspace: 10058K(10240K)->10058K(10240K) NonClass: 8831K(8896K)->8831K(8896K) Class: 1226K(1344K)->1226K(1344K)
[2025-08-01T01:20:58.802+0000] GC(620) Pause Young (Allocation Failure) 2484M->2187M(3641M) 150.848ms
[2025-08-01T01:20:58.802+0000] GC(620) User=1.14s Sys=0.03s Real=0.15s
[2025-08-01T01:20:58.889+0000] GC(621) Pause Young (Allocation Failure)
[2025-08-01T01:20:59.001+0000] GC(621) PSYoungGen: 842816K(931840K)->379840K(931840K) Eden: 465920K(465920K)->0K(465920K) From: 376896K(465920K)->379840K(465920K)
[2025-08-01T01:20:59.001+0000] GC(621) ParOldGen: 1863425K(2796544K)->2160801K(2796544K)
[2025-08-01T01:20:59.001+0000] GC(621) Metaspace: 10058K(10240K)->10058K(10240K) NonClass: 8831K(8896K)->8831K(8896K) Class: 1226K(1344K)->1226K(1344K)
[2025-08-01T01:20:59.001+0000] GC(621) Pause Young (Allocation Failure) 2642M->2481M(3641M) 111.374ms
[2025-08-01T01:20:59.001+0000] GC(621) User=0.84s Sys=0.02s Real=0.11s
[2025-08-01T01:20:59.086+0000] GC(622) Pause Young (Allocation Failure)
[2025-08-01T01:20:59.226+0000] GC(622) PSYoungGen: 845760K(931840K)->447104K(931840K) Eden: 465920K(465920K)->0K(465920K) From: 379840K(465920K)->447104K(465920K)
[2025-08-01T01:20:59.226+0000] GC(622) ParOldGen: 2160801K(2796544K)->2440185K(2796544K)
[2025-08-01T01:20:59.226+0000] GC(622) Metaspace: 10058K(10240K)->10058K(10240K) NonClass: 8831K(8896K)->8831K(8896K) Class: 1226K(1344K)->1226K(1344K)
[2025-08-01T01:20:59.226+0000] GC(622) Pause Young (Allocation Failure) 2936M->2819M(3641M) 140.383ms
[2025-08-01T01:20:59.226+0000] GC(622) User=1.06s Sys=0.05s Real=0.14s
[2025-08-01T01:20:59.317+0000] GC(623) Pause Full (Ergonomics)
[2025-08-01T01:20:59.317+0000] GC(623) Marking Phase
[2025-08-01T01:20:59.424+0000] GC(623) Marking Phase 107.281ms
[2025-08-01T01:20:59.424+0000] GC(623) Summary Phase
[2025-08-01T01:20:59.424+0000] GC(623) Summary Phase 0.081ms
[2025-08-01T01:20:59.424+0000] GC(623) Adjust Roots
[2025-08-01T01:20:59.427+0000] GC(623) Adjust Roots 2.865ms
[2025-08-01T01:20:59.427+0000] GC(623) Compaction Phase
[2025-08-01T01:20:59.615+0000] GC(623) Compaction Phase 187.111ms
[2025-08-01T01:20:59.615+0000] GC(623) Post Compact
[2025-08-01T01:20:59.637+0000] GC(623) Post Compact 22.447ms
[2025-08-01T01:20:59.637+0000] GC(623) PSYoungGen: 913024K(931840K)->0K(931840K) Eden: 465920K(465920K)->0K(465920K) From: 447104K(465920K)->0K(465920K)
[2025-08-01T01:20:59.637+0000] GC(623) ParOldGen: 2440185K(2796544K)->1325604K(2796544K)
[2025-08-01T01:20:59.637+0000] GC(623) Metaspace: 10058K(10240K)->10058K(10240K) NonClass: 8831K(8896K)->8831K(8896K) Class: 1226K(1344K)->1226K(1344K)
[2025-08-01T01:20:59.637+0000] GC(623) Pause Full (Ergonomics) 3274M->1294M(3641M) 320.496ms
[2025-08-01T01:20:59.637+0000] GC(623) User=2.27s Sys=0.02s Real=0.32s
[2025-08-01T01:20:59.723+0000] GC(624) Pause Young (Allocation Failure)
[2025-08-01T01:20:59.833+0000] GC(624) PSYoungGen: 465920K(931840K)->410720K(931840K) Eden: 465920K(465920K)->0K(465920K) From: 0K(465920K)->410720K(465920K)
[2025-08-01T01:20:59.833+0000] GC(624) ParOldGen: 1325604K(2796544K)->1325604K(2796544K)
[2025-08-01T01:20:59.833+0000] GC(624) Metaspace: 10058K(10240K)->10058K(10240K) NonClass: 8831K(8896K)->8831K(8896K) Class: 1226K(1344K)->1226K(1344K)
[2025-08-01T01:20:59.833+0000] GC(624) Pause Young (Allocation Failure) 1749M->1695M(3641M) 110.665ms
[2025-08-01T01:20:59.833+0000] GC(624) User=0.81s Sys=0.03s Real=0.12s
[2025-08-01T01:20:59.923+0000] GC(625) Pause Young (Allocation Failure)
[2025-08-01T01:21:00.024+0000] GC(625) PSYoungGen: 876640K(931840K)->369024K(931840K) Eden: 465920K(465920K)->0K(465920K) From: 410720K(465920K)->369024K(465920K)
[2025-08-01T01:21:00.024+0000] GC(625) ParOldGen: 1325604K(2796544K)->1643740K(2796544K)
[2025-08-01T01:21:00.024+0000] GC(625) Metaspace: 10058K(10240K)->10058K(10240K) NonClass: 8831K(8896K)->8831K(8896K) Class: 1226K(1344K)->1226K(1344K)
[2025-08-01T01:21:00.025+0000] GC(625) Pause Young (Allocation Failure) 2150M->1965M(3641M) 101.853ms
[2025-08-01T01:21:00.025+0000] GC(625) User=0.80s Sys=0.01s Real=0.11s
[2025-08-01T01:21:00.109+0000] GC(626) Pause Young (Allocation Failure)
[2025-08-01T01:21:00.221+0000] GC(626) PSYoungGen: 834944K(931840K)->450944K(931840K) Eden: 465920K(465920K)->0K(465920K) From: 369024K(465920K)->450944K(465920K)
[2025-08-01T01:21:00.221+0000] GC(626) ParOldGen: 1643740K(2796544K)->1902940K(2796544K)
[2025-08-01T01:21:00.221+0000] GC(626) Metaspace: 10058K(10240K)->10058K(10240K) NonClass: 8831K(8896K)->8831K(8896K) Class: 1226K(1344K)->1226K(1344K)
[2025-08-01T01:21:00.221+0000] GC(626) Pause Young (Allocation Failure) 2420M->2298M(3641M) 111.749ms
[2025-08-01T01:21:00.221+0000] GC(626) User=0.85s Sys=0.02s Real=0.11s
[2025-08-01T01:21:00.309+0000] GC(627) Pause Young (Allocation Failure)
[2025-08-01T01:21:00.470+0000] GC(627) PSYoungGen: 916864K(931840K)->465920K(931840K) Eden: 465920K(465920K)->0K(465920K) From: 450944K(465920K)->465920K(465920K)
[2025-08-01T01:21:00.470+0000] GC(627) ParOldGen: 1902940K(2796544K)->2386372K(2796544K)
[2025-08-01T01:21:00.470+0000] GC(627) Metaspace: 10058K(10240K)->10058K(10240K) NonClass: 8831K(8896K)->8831K(8896K) Class: 1226K(1344K)->1226K(1344K)
[2025-08-01T01:21:00.470+0000] GC(627) Pause Young (Allocation Failure) 2753M->2785M(3641M) 161.573ms
[2025-08-01T01:21:00.470+0000] GC(627) User=1.20s Sys=0.03s Real=0.16s
[2025-08-01T01:21:00.556+0000] GC(628) Pause Full (Ergonomics)
[2025-08-01T01:21:00.556+0000] GC(628) Marking Phase
[2025-08-01T01:21:00.639+0000] GC(628) Marking Phase 83.092ms
[2025-08-01T01:21:00.639+0000] GC(628) Summary Phase
[2025-08-01T01:21:00.640+0000] GC(628) Summary Phase 0.114ms
[2025-08-01T01:21:00.640+0000] GC(628) Adjust Roots
[2025-08-01T01:21:00.642+0000] GC(628) Adjust Roots 2.471ms
[2025-08-01T01:21:00.642+0000] GC(628) Compaction Phase
[2025-08-01T01:21:00.774+0000] GC(628) Compaction Phase 132.426ms
[2025-08-01T01:21:00.775+0000] GC(628) Post Compact
[2025-08-01T01:21:00.796+0000] GC(628) Post Compact 21.312ms
[2025-08-01T01:21:00.796+0000] GC(628) PSYoungGen: 931840K(931840K)->0K(931840K) Eden: 465920K(465920K)->0K(465920K) From: 465920K(465920K)->0K(465920K)
[2025-08-01T01:21:00.796+0000] GC(628) ParOldGen: 2386372K(2796544K)->875755K(2796544K)
[2025-08-01T01:21:00.796+0000] GC(628) Metaspace: 10058K(10240K)->10058K(10240K) NonClass: 8831K(8896K)->8831K(8896K) Class: 1226K(1344K)->1226K(1344K)
[2025-08-01T01:21:00.796+0000] GC(628) Pause Full (Ergonomics) 3240M->855M(3641M) 239.822ms
[2025-08-01T01:21:00.796+0000] GC(628) User=1.67s Sys=0.03s Real=0.24s
[2025-08-01T01:21:00.886+0000] GC(629) Pause Young (Allocation Failure)
[2025-08-01T01:21:01.024+0000] GC(629) PSYoungGen: 465920K(931840K)->465920K(931840K) Eden: 465920K(465920K)->0K(465920K) From: 0K(465920K)->465920K(465920K)
[2025-08-01T01:21:01.024+0000] GC(629) ParOldGen: 875755K(2796544K)->884131K(2796544K)
[2025-08-01T01:21:01.024+0000] GC(629) Metaspace: 10058K(10240K)->10058K(10240K) NonClass: 8831K(8896K)->8831K(8896K) Class: 1226K(1344K)->1226K(1344K)
[2025-08-01T01:21:01.024+0000] GC(629) Pause Young (Allocation Failure) 1310M->1318M(3641M) 138.815ms
[2025-08-01T01:21:01.025+0000] GC(629) User=1.03s Sys=0.05s Real=0.14s
[2025-08-01T01:21:01.112+0000] GC(630) Pause Young (Allocation Failure)
[2025-08-01T01:21:01.286+0000] GC(630) PSYoungGen: 931840K(931840K)->442784K(931840K) Eden: 465920K(465920K)->0K(465920K) From: 465920K(465920K)->442784K(465920K)
[2025-08-01T01:21:01.286+0000] GC(630) ParOldGen: 884131K(2796544K)->1135611K(2796544K)
[2025-08-01T01:21:01.286+0000] GC(630) Metaspace: 10058K(10240K)->10058K(10240K) NonClass: 8831K(8896K)->8831K(8896K) Class: 1226K(1344K)->1226K(1344K)
[2025-08-01T01:21:01.286+0000] GC(630) Pause Young (Allocation Failure) 1773M->1541M(3641M) 173.891ms
[2025-08-01T01:21:01.286+0000] GC(630) User=1.32s Sys=0.04s Real=0.18s
[2025-08-01T01:21:01.373+0000] GC(631) Pause Young (Allocation Failure)
[2025-08-01T01:21:01.488+0000] GC(631) PSYoungGen: 908704K(931840K)->366496K(931840K) Eden: 465920K(465920K)->0K(465920K) From: 442784K(465920K)->366496K(465920K)
[2025-08-01T01:21:01.488+0000] GC(631) ParOldGen: 1135611K(2796544K)->1472411K(2796544K)
[2025-08-01T01:21:01.488+0000] GC(631) Metaspace: 10058K(10240K)->10058K(10240K) NonClass: 8831K(8896K)->8831K(8896K) Class: 1226K(1344K)->1226K(1344K)
[2025-08-01T01:21:01.488+0000] GC(631) Pause Young (Allocation Failure) 1996M->1795M(3641M) 114.476ms
[2025-08-01T01:21:01.488+0000] GC(631) User=0.83s Sys=0.04s Real=0.11s
[2025-08-01T01:21:01.576+0000] GC(632) Pause Young (Allocation Failure)
[2025-08-01T01:21:01.722+0000] GC(632) PSYoungGen: 832416K(931840K)->446080K(931840K) Eden: 465920K(465920K)->0K(465920K) From: 366496K(465920K)->446080K(465920K)
[2025-08-01T01:21:01.723+0000] GC(632) ParOldGen: 1472411K(2796544K)->1726531K(2796544K)
[2025-08-01T01:21:01.723+0000] GC(632) Metaspace: 10058K(10240K)->10058K(10240K) NonClass: 8831K(8896K)->8831K(8896K) Class: 1226K(1344K)->1226K(1344K)
[2025-08-01T01:21:01.723+0000] GC(632) Pause Young (Allocation Failure) 2250M->2121M(3641M) 146.981ms
[2025-08-01T01:21:01.723+0000] GC(632) User=1.14s Sys=0.01s Real=0.14s
[2025-08-01T01:21:01.810+0000] GC(633) Pause Young (Allocation Failure)
[2025-08-01T01:21:01.956+0000] GC(633) PSYoungGen: 912000K(931840K)->465920K(931840K) Eden: 465920K(465920K)->0K(465920K) From: 446080K(465920K)->465920K(465920K)
[2025-08-01T01:21:01.956+0000] GC(633) ParOldGen: 1726531K(2796544K)->2208923K(2796544K)
[2025-08-01T01:21:01.956+0000] GC(633) Metaspace: 10058K(10240K)->10058K(10240K) NonClass: 8831K(8896K)->8831K(8896K) Class: 1226K(1344K)->1226K(1344K)
[2025-08-01T01:21:01.956+0000] GC(633) Pause Young (Allocation Failure) 2576M->2612M(3641M) 145.748ms
[2025-08-01T01:21:01.956+0000] GC(633) User=1.14s Sys=0.01s Real=0.15s
[2025-08-01T01:21:02.043+0000] GC(634) Pause Young (Allocation Failure)
[2025-08-01T01:21:02.148+0000] GC(634) PSYoungGen: 931840K(931840K)->403648K(931840K) Eden: 465920K(465920K)->0K(465920K) From: 465920K(465920K)->403648K(465920K)
[2025-08-01T01:21:02.148+0000] GC(634) ParOldGen: 2208923K(2796544K)->2469587K(2796544K)
[2025-08-01T01:21:02.148+0000] GC(634) Metaspace: 10058K(10240K)->10058K(10240K) NonClass: 8831K(8896K)->8831K(8896K) Class: 1226K(1344K)->1226K(1344K)
[2025-08-01T01:21:02.148+0000] GC(634) Pause Young (Allocation Failure) 3067M->2805M(3641M) 104.708ms
[2025-08-01T01:21:02.148+0000] GC(634) User=0.83s Sys=0.01s Real=0.10s
[2025-08-01T01:21:02.285+0000] GC(635) Pause Full (Ergonomics)
[2025-08-01T01:21:02.285+0000] GC(635) Marking Phase
[2025-08-01T01:21:02.328+0000] GC(635) Marking Phase 42.784ms
[2025-08-01T01:21:02.328+0000] GC(635) Summary Phase
[2025-08-01T01:21:02.328+0000] GC(635) Summary Phase 0.167ms
[2025-08-01T01:21:02.328+0000] GC(635) Adjust Roots
[2025-08-01T01:21:02.331+0000] GC(635) Adjust Roots 2.936ms
[2025-08-01T01:21:02.331+0000] GC(635) Compaction Phase
[2025-08-01T01:21:02.447+0000] GC(635) Compaction Phase 115.570ms
[2025-08-01T01:21:02.447+0000] GC(635) Post Compact
[2025-08-01T01:21:02.481+0000] GC(635) Post Compact 33.472ms
[2025-08-01T01:21:02.481+0000] GC(635) PSYoungGen: 869568K(931840K)->0K(931840K) Eden: 465920K(465920K)->0K(465920K) From: 403648K(465920K)->0K(465920K)
[2025-08-01T01:21:02.481+0000] GC(635) ParOldGen: 2469587K(2796544K)->430491K(2796544K)
[2025-08-01T01:21:02.481+0000] GC(635) Metaspace: 10058K(10240K)->10058K(10240K) NonClass: 8831K(8896K)->8831K(8896K) Class: 1226K(1344K)->1226K(1344K)
[2025-08-01T01:21:02.481+0000] GC(635) Pause Full (Ergonomics) 3260M->420M(3641M) 195.480ms
[2025-08-01T01:21:02.481+0000] GC(635) User=1.21s Sys=0.02s Real=0.19s
[2025-08-01T01:21:02.572+0000] GC(636) Pause Young (Allocation Failure)
[2025-08-01T01:21:02.647+0000] GC(636) PSYoungGen: 465920K(931840K)->465920K(931840K) Eden: 465920K(465920K)->0K(465920K) From: 0K(465920K)->465920K(465920K)
[2025-08-01T01:21:02.647+0000] GC(636) ParOldGen: 430491K(2796544K)->437403K(2796544K)
[2025-08-01T01:21:02.647+0000] GC(636) Metaspace: 10058K(10240K)->10058K(10240K) NonClass: 8831K(8896K)->8831K(8896K) Class: 1226K(1344K)->1226K(1344K)
[2025-08-01T01:21:02.647+0000] GC(636) Pause Young (Allocation Failure) 875M->882M(3641M) 74.658ms
[2025-08-01T01:21:02.647+0000] GC(636) User=0.58s Sys=0.00s Real=0.08s
[2025-08-01T01:21:02.737+0000] GC(637) Pause Young (Allocation Failure)
[2025-08-01T01:21:02.873+0000] GC(637) PSYoungGen: 931840K(931840K)->465920K(931840K) Eden: 465920K(465920K)->0K(465920K) From: 465920K(465920K)->465920K(465920K)
[2025-08-01T01:21:02.873+0000] GC(637) ParOldGen: 437403K(2796544K)->937771K(2796544K)
[2025-08-01T01:21:02.873+0000] GC(637) Metaspace: 10058K(10240K)->10058K(10240K) NonClass: 8831K(8896K)->8831K(8896K) Class: 1226K(1344K)->1226K(1344K)
[2025-08-01T01:21:02.873+0000] GC(637) Pause Young (Allocation Failure) 1337M->1370M(3641M) 136.511ms
[2025-08-01T01:21:02.873+0000] GC(637) User=1.08s Sys=0.00s Real=0.14s
[2025-08-01T01:21:02.961+0000] GC(638) Pause Young (Allocation Failure)
[2025-08-01T01:21:03.052+0000] GC(638) PSYoungGen: 931840K(931840K)->385664K(931840K) Eden: 465920K(465920K)->0K(465920K) From: 465920K(465920K)->385664K(465920K)
[2025-08-01T01:21:03.052+0000] GC(638) ParOldGen: 937771K(2796544K)->1185027K(2796544K)
[2025-08-01T01:21:03.052+0000] GC(638) Metaspace: 10058K(10240K)->10058K(10240K) NonClass: 8831K(8896K)->8831K(8896K) Class: 1226K(1344K)->1226K(1344K)
[2025-08-01T01:21:03.052+0000] GC(638) Pause Young (Allocation Failure) 1825M->1533M(3641M) 91.352ms
[2025-08-01T01:21:03.052+0000] GC(638) User=0.71s Sys=0.00s Real=0.09s
[2025-08-01T01:21:03.137+0000] GC(639) Pause Young (Allocation Failure)
[2025-08-01T01:21:03.197+0000] GC(639) PSYoungGen: 851584K(931840K)->262208K(931840K) Eden: 465920K(465920K)->0K(465920K) From: 385664K(465920K)->262208K(465920K)
[2025-08-01T01:21:03.197+0000] GC(639) ParOldGen: 1185027K(2796544K)->1343827K(2796544K)
[2025-08-01T01:21:03.197+0000] GC(639) Metaspace: 10058K(10240K)->10058K(10240K) NonClass: 8831K(8896K)->8831K(8896K) Class: 1226K(1344K)->1226K(1344K)
[2025-08-01T01:21:03.197+0000] GC(639) Pause Young (Allocation Failure) 1988M->1568M(3641M) 60.294ms
[2025-08-01T01:21:03.197+0000] GC(639) User=0.48s Sys=0.00s Real=0.06s
[2025-08-01T01:21:03.281+0000] GC(640) Pause Young (Allocation Failure)
[2025-08-01T01:21:03.390+0000] GC(640) PSYoungGen: 728128K(931840K)->465920K(931840K) Eden: 465920K(465920K)->0K(465920K) From: 262208K(465920K)->465920K(465920K)
[2025-08-01T01:21:03.390+0000] GC(640) ParOldGen: 1343827K(2796544K)->1627763K(2796544K)
[2025-08-01T01:21:03.390+0000] GC(640) Metaspace: 10058K(10240K)->10058K(10240K) NonClass: 8831K(8896K)->8831K(8896K) Class: 1226K(1344K)->1226K(1344K)
[2025-08-01T01:21:03.390+0000] GC(640) Pause Young (Allocation Failure) 2023M->2044M(3641M) 108.377ms
[2025-08-01T01:21:03.390+0000] GC(640) User=0.84s Sys=0.01s Real=0.11s
[2025-08-01T01:21:03.477+0000] GC(641) Pause Young (Allocation Failure)
[2025-08-01T01:21:03.616+0000] GC(641) PSYoungGen: 931840K(931840K)->465920K(931840K) Eden: 465920K(465920K)->0K(465920K) From: 465920K(465920K)->465920K(465920K)
[2025-08-01T01:21:03.616+0000] GC(641) ParOldGen: 1627763K(2796544K)->2131027K(2796544K)
[2025-08-01T01:21:03.616+0000] GC(641) Metaspace: 10058K(10240K)->10058K(10240K) NonClass: 8831K(8896K)->8831K(8896K) Class: 1226K(1344K)->1226K(1344K)
[2025-08-01T01:21:03.616+0000] GC(641) Pause Young (Allocation Failure) 2499M->2536M(3641M) 139.017ms
[2025-08-01T01:21:03.616+0000] GC(641) User=1.06s Sys=0.00s Real=0.14s
[2025-08-01T01:21:03.701+0000] GC(642) Pause Young (Allocation Failure)
[2025-08-01T01:21:03.807+0000] GC(642) PSYoungGen: 931840K(931840K)->382368K(931840K) Eden: 465920K(465920K)->0K(465920K) From: 465920K(465920K)->382368K(465920K)
[2025-08-01T01:21:03.808+0000] GC(642) ParOldGen: 2131027K(2796544K)->2373771K(2796544K)
[2025-08-01T01:21:03.808+0000] GC(642) Metaspace: 10058K(10240K)->10058K(10240K) NonClass: 8831K(8896K)->8831K(8896K) Class: 1226K(1344K)->1226K(1344K)
[2025-08-01T01:21:03.808+0000] GC(642) Pause Young (Allocation Failure) 2991M->2691M(3641M) 106.576ms
[2025-08-01T01:21:03.808+0000] GC(642) User=0.79s Sys=0.02s Real=0.11s
[2025-08-01T01:21:03.890+0000] GC(643) Pause Full (Ergonomics)
[2025-08-01T01:21:03.890+0000] GC(643) Marking Phase
[2025-08-01T01:21:03.926+0000] GC(643) Marking Phase 35.760ms
[2025-08-01T01:21:03.926+0000] GC(643) Summary Phase
[2025-08-01T01:21:03.926+0000] GC(643) Summary Phase 0.067ms
[2025-08-01T01:21:03.926+0000] GC(643) Adjust Roots
[2025-08-01T01:21:03.927+0000] GC(643) Adjust Roots 1.580ms
[2025-08-01T01:21:03.927+0000] GC(643) Compaction Phase
[2025-08-01T01:21:04.033+0000] GC(643) Compaction Phase 105.696ms
[2025-08-01T01:21:04.033+0000] GC(643) Post Compact
[2025-08-01T01:21:04.060+0000] GC(643) Post Compact 26.463ms
[2025-08-01T01:21:04.060+0000] GC(643) PSYoungGen: 848288K(931840K)->0K(931840K) Eden: 465920K(465920K)->0K(465920K) From: 382368K(465920K)->0K(465920K)
[2025-08-01T01:21:04.060+0000] GC(643) ParOldGen: 2373771K(2796544K)->442336K(2796544K)
[2025-08-01T01:21:04.060+0000] GC(643) Metaspace: 10058K(10240K)->10058K(10240K) NonClass: 8831K(8896K)->8831K(8896K) Class: 1226K(1344K)->1226K(1344K)
[2025-08-01T01:21:04.060+0000] GC(643) Pause Full (Ergonomics) 3146M->431M(3641M) 170.017ms
[2025-08-01T01:21:04.060+0000] GC(643) User=1.09s Sys=0.03s Real=0.17s
[2025-08-01T01:21:04.147+0000] GC(644) Pause Young (Allocation Failure)
[2025-08-01T01:21:04.232+0000] GC(644) PSYoungGen: 465920K(931840K)->465920K(931840K) Eden: 465920K(465920K)->0K(465920K) From: 0K(465920K)->465920K(465920K)
[2025-08-01T01:21:04.232+0000] GC(644) ParOldGen: 442336K(2796544K)->448912K(2796544K)
[2025-08-01T01:21:04.232+0000] GC(644) Metaspace: 10058K(10240K)->10058K(10240K) NonClass: 8831K(8896K)->8831K(8896K) Class: 1226K(1344K)->1226K(1344K)
[2025-08-01T01:21:04.233+0000] GC(644) Pause Young (Allocation Failure) 886M->893M(3641M) 85.754ms
[2025-08-01T01:21:04.233+0000] GC(644) User=0.62s Sys=0.05s Real=0.08s
[2025-08-01T01:21:04.319+0000] GC(645) Pause Young (Allocation Failure)
[2025-08-01T01:21:04.536+0000] GC(645) PSYoungGen: 931840K(931840K)->465920K(931840K) Eden: 465920K(465920K)->0K(465920K) From: 465920K(465920K)->465920K(465920K)
[2025-08-01T01:21:04.536+0000] GC(645) ParOldGen: 448912K(2796544K)->951360K(2796544K)
[2025-08-01T01:21:04.536+0000] GC(645) Metaspace: 10058K(10240K)->10058K(10240K) NonClass: 8831K(8896K)->8831K(8896K) Class: 1226K(1344K)->1226K(1344K)
[2025-08-01T01:21:04.536+0000] GC(645) Pause Young (Allocation Failure) 1348M->1384M(3641M) 217.307ms
[2025-08-01T01:21:04.536+0000] GC(645) User=1.68s Sys=0.03s Real=0.22s
[2025-08-01T01:21:04.623+0000] GC(646) Pause Young (Allocation Failure)
[2025-08-01T01:21:04.735+0000] GC(646) PSYoungGen: 931840K(931840K)->397248K(931840K) Eden: 465920K(465920K)->0K(465920K) From: 465920K(465920K)->397248K(465920K)
[2025-08-01T01:21:04.735+0000] GC(646) ParOldGen: 951360K(2796544K)->1183976K(2796544K)
[2025-08-01T01:21:04.735+0000] GC(646) Metaspace: 10058K(10240K)->10058K(10240K) NonClass: 8831K(8896K)->8831K(8896K) Class: 1226K(1344K)->1226K(1344K)
[2025-08-01T01:21:04.735+0000] GC(646) Pause Young (Allocation Failure) 1839M->1544M(3641M) 112.446ms
[2025-08-01T01:21:04.735+0000] GC(646) User=0.87s Sys=0.02s Real=0.11s
[2025-08-01T01:21:04.818+0000] GC(647) Pause Young (Allocation Failure)
[2025-08-01T01:21:04.925+0000] GC(647) PSYoungGen: 863168K(931840K)->272032K(931840K) Eden: 465920K(465920K)->0K(465920K) From: 397248K(465920K)->272032K(465920K)
[2025-08-01T01:21:04.925+0000] GC(647) ParOldGen: 1183976K(2796544K)->1352072K(2796544K)
[2025-08-01T01:21:04.925+0000] GC(647) Metaspace: 10058K(10240K)->10058K(10240K) NonClass: 8831K(8896K)->8831K(8896K) Class: 1226K(1344K)->1226K(1344K)
[2025-08-01T01:21:04.925+0000] GC(647) Pause Young (Allocation Failure) 1999M->1586M(3641M) 107.316ms
[2025-08-01T01:21:04.925+0000] GC(647) User=0.74s Sys=0.06s Real=0.11s
[2025-08-01T01:21:05.012+0000] GC(648) Pause Young (Allocation Failure)
[2025-08-01T01:21:05.140+0000] GC(648) PSYoungGen: 737952K(931840K)->465920K(931840K) Eden: 465920K(465920K)->0K(465920K) From: 272032K(465920K)->465920K(465920K)
[2025-08-01T01:21:05.140+0000] GC(648) ParOldGen: 1352072K(2796544K)->1647008K(2796544K)
[2025-08-01T01:21:05.140+0000] GC(648) Metaspace: 10058K(10240K)->10058K(10240K) NonClass: 8831K(8896K)->8831K(8896K) Class: 1226K(1344K)->1226K(1344K)
[2025-08-01T01:21:05.140+0000] GC(648) Pause Young (Allocation Failure) 2041M->2063M(3641M) 127.616ms
[2025-08-01T01:21:05.140+0000] GC(648) User=0.98s Sys=0.02s Real=0.13s
[2025-08-01T01:21:05.229+0000] GC(649) Pause Young (Allocation Failure)
[2025-08-01T01:21:05.375+0000] GC(649) PSYoungGen: 931840K(931840K)->465920K(931840K) Eden: 465920K(465920K)->0K(465920K) From: 465920K(465920K)->465920K(465920K)
[2025-08-01T01:21:05.375+0000] GC(649) ParOldGen: 1647008K(2796544K)->2148896K(2796544K)
[2025-08-01T01:21:05.375+0000] GC(649) Metaspace: 10058K(10240K)->10058K(10240K) NonClass: 8831K(8896K)->8831K(8896K) Class: 1226K(1344K)->1226K(1344K)
[2025-08-01T01:21:05.375+0000] GC(649) Pause Young (Allocation Failure) 2518M->2553M(3641M) 146.676ms
[2025-08-01T01:21:05.375+0000] GC(649) User=1.13s Sys=0.02s Real=0.15s
[2025-08-01T01:21:05.461+0000] GC(650) Pause Young (Allocation Failure)
[2025-08-01T01:21:05.583+0000] GC(650) PSYoungGen: 931840K(931840K)->398880K(931840K) Eden: 465920K(465920K)->0K(465920K) From: 465920K(465920K)->398880K(465920K)
[2025-08-01T01:21:05.583+0000] GC(650) ParOldGen: 2148896K(2796544K)->2381448K(2796544K)
[2025-08-01T01:21:05.583+0000] GC(650) Metaspace: 10058K(10240K)->10058K(10240K) NonClass: 8831K(8896K)->8831K(8896K) Class: 1226K(1344K)->1226K(1344K)
[2025-08-01T01:21:05.583+0000] GC(650) Pause Young (Allocation Failure) 3008M->2715M(3641M) 122.351ms
[2025-08-01T01:21:05.583+0000] GC(650) User=0.88s Sys=0.05s Real=0.13s
[2025-08-01T01:21:05.667+0000] GC(651) Pause Full (Ergonomics)
[2025-08-01T01:21:05.667+0000] GC(651) Marking Phase
[2025-08-01T01:21:05.692+0000] GC(651) Marking Phase 25.009ms
[2025-08-01T01:21:05.692+0000] GC(651) Summary Phase
[2025-08-01T01:21:05.693+0000] GC(651) Summary Phase 0.098ms
[2025-08-01T01:21:05.693+0000] GC(651) Adjust Roots
[2025-08-01T01:21:05.694+0000] GC(651) Adjust Roots 1.527ms
[2025-08-01T01:21:05.694+0000] GC(651) Compaction Phase
[2025-08-01T01:21:05.764+0000] GC(651) Compaction Phase 69.820ms
[2025-08-01T01:21:05.764+0000] GC(651) Post Compact
[2025-08-01T01:21:05.787+0000] GC(651) Post Compact 22.812ms
[2025-08-01T01:21:05.787+0000] GC(651) PSYoungGen: 864800K(931840K)->0K(931840K) Eden: 465920K(465920K)->0K(465920K) From: 398880K(465920K)->0K(465920K)
[2025-08-01T01:21:05.787+0000] GC(651) ParOldGen: 2381448K(2796544K)->456279K(2796544K)
[2025-08-01T01:21:05.787+0000] GC(651) Metaspace: 10058K(10240K)->10058K(10240K) NonClass: 8831K(8896K)->8831K(8896K) Class: 1226K(1344K)->1226K(1344K)
[2025-08-01T01:21:05.787+0000] GC(651) Pause Full (Ergonomics) 3170M->445M(3641M) 119.679ms
[2025-08-01T01:21:05.787+0000] GC(651) User=0.73s Sys=0.01s Real=0.12s
[2025-08-01T01:21:05.874+0000] GC(652) Pause Young (Allocation Failure)
[2025-08-01T01:21:05.970+0000] GC(652) PSYoungGen: 465920K(931840K)->465920K(931840K) Eden: 465920K(465920K)->0K(465920K) From: 0K(465920K)->465920K(465920K)
[2025-08-01T01:21:05.970+0000] GC(652) ParOldGen: 456279K(2796544K)->465207K(2796544K)
[2025-08-01T01:21:05.970+0000] GC(652) Metaspace: 10058K(10240K)->10058K(10240K) NonClass: 8831K(8896K)->8831K(8896K) Class: 1226K(1344K)->1226K(1344K)
[2025-08-01T01:21:05.970+0000] GC(652) Pause Young (Allocation Failure) 900M->909M(3641M) 96.049ms
[2025-08-01T01:21:05.970+0000] GC(652) User=0.71s Sys=0.03s Real=0.09s
[2025-08-01T01:21:06.059+0000] GC(653) Pause Young (Allocation Failure)
[2025-08-01T01:21:06.259+0000] GC(653) PSYoungGen: 931840K(931840K)->465920K(931840K) Eden: 465920K(465920K)->0K(465920K) From: 465920K(465920K)->465920K(465920K)
[2025-08-01T01:21:06.259+0000] GC(653) ParOldGen: 465207K(2796544K)->967887K(2796544K)
[2025-08-01T01:21:06.259+0000] GC(653) Metaspace: 10058K(10240K)->10058K(10240K) NonClass: 8831K(8896K)->8831K(8896K) Class: 1226K(1344K)->1226K(1344K)
[2025-08-01T01:21:06.259+0000] GC(653) Pause Young (Allocation Failure) 1364M->1400M(3641M) 200.367ms
[2025-08-01T01:21:06.259+0000] GC(653) User=1.53s Sys=0.04s Real=0.20s
[2025-08-01T01:21:06.349+0000] GC(654) Pause Young (Allocation Failure)
[2025-08-01T01:21:06.463+0000] GC(654) PSYoungGen: 931840K(931840K)->408800K(931840K) Eden: 465920K(465920K)->0K(465920K) From: 465920K(465920K)->408800K(465920K)
[2025-08-01T01:21:06.463+0000] GC(654) ParOldGen: 967887K(2796544K)->1212775K(2796544K)
[2025-08-01T01:21:06.463+0000] GC(654) Metaspace: 10058K(10240K)->10058K(10240K) NonClass: 8831K(8896K)->8831K(8896K) Class: 1226K(1344K)->1226K(1344K)
[2025-08-01T01:21:06.463+0000] GC(654) Pause Young (Allocation Failure) 1855M->1583M(3641M) 114.891ms
[2025-08-01T01:21:06.463+0000] GC(654) User=0.87s Sys=0.02s Real=0.12s
[2025-08-01T01:21:06.547+0000] GC(655) Pause Young (Allocation Failure)
[2025-08-01T01:21:06.652+0000] GC(655) PSYoungGen: 874720K(931840K)->277792K(931840K) Eden: 465920K(465920K)->0K(465920K) From: 408800K(465920K)->277792K(465920K)
[2025-08-01T01:21:06.652+0000] GC(655) ParOldGen: 1212775K(2796544K)->1390119K(2796544K)
[2025-08-01T01:21:06.652+0000] GC(655) Metaspace: 10058K(10240K)->10058K(10240K) NonClass: 8831K(8896K)->8831K(8896K) Class: 1226K(1344K)->1226K(1344K)
[2025-08-01T01:21:06.652+0000] GC(655) Pause Young (Allocation Failure) 2038M->1628M(3641M) 104.959ms
[2025-08-01T01:21:06.652+0000] GC(655) User=0.71s Sys=0.07s Real=0.10s
[2025-08-01T01:21:06.739+0000] GC(656) Pause Young (Allocation Failure)
[2025-08-01T01:21:06.924+0000] GC(656) PSYoungGen: 743712K(931840K)->465920K(931840K) Eden: 465920K(465920K)->0K(465920K) From: 277792K(465920K)->465920K(465920K)
[2025-08-01T01:21:06.924+0000] GC(656) ParOldGen: 1390119K(2796544K)->1692087K(2796544K)
[2025-08-01T01:21:06.924+0000] GC(656) Metaspace: 10058K(10240K)->10058K(10240K) NonClass: 8831K(8896K)->8831K(8896K) Class: 1226K(1344K)->1226K(1344K)
[2025-08-01T01:21:06.924+0000] GC(656) Pause Young (Allocation Failure) 2083M->2107M(3641M) 184.899ms
[2025-08-01T01:21:06.924+0000] GC(656) User=1.42s Sys=0.03s Real=0.19s
[2025-08-01T01:21:07.014+0000] GC(657) Pause Young (Allocation Failure)
[2025-08-01T01:21:07.224+0000] GC(657) PSYoungGen: 931840K(931840K)->465920K(931840K) Eden: 465920K(465920K)->0K(465920K) From: 465920K(465920K)->465920K(465920K)
[2025-08-01T01:21:07.224+0000] GC(657) ParOldGen: 1692087K(2796544K)->2195951K(2796544K)
[2025-08-01T01:21:07.224+0000] GC(657) Metaspace: 10058K(10240K)->10058K(10240K) NonClass: 8831K(8896K)->8831K(8896K) Class: 1226K(1344K)->1226K(1344K)
[2025-08-01T01:21:07.224+0000] GC(657) Pause Young (Allocation Failure) 2562M->2599M(3641M) 209.891ms
[2025-08-01T01:21:07.224+0000] GC(657) User=1.59s Sys=0.06s Real=0.21s
[2025-08-01T01:21:07.312+0000] GC(658) Pause Full (Ergonomics)
[2025-08-01T01:21:07.312+0000] GC(658) Marking Phase
[2025-08-01T01:21:07.383+0000] GC(658) Marking Phase 71.778ms
[2025-08-01T01:21:07.383+0000] GC(658) Summary Phase
[2025-08-01T01:21:07.384+0000] GC(658) Summary Phase 0.117ms
[2025-08-01T01:21:07.384+0000] GC(658) Adjust Roots
[2025-08-01T01:21:07.385+0000] GC(658) Adjust Roots 1.858ms
[2025-08-01T01:21:07.386+0000] GC(658) Compaction Phase
[2025-08-01T01:21:07.520+0000] GC(658) Compaction Phase 134.168ms
[2025-08-01T01:21:07.520+0000] GC(658) Post Compact
[2025-08-01T01:21:07.542+0000] GC(658) Post Compact 21.720ms
[2025-08-01T01:21:07.542+0000] GC(658) PSYoungGen: 931840K(931840K)->0K(931840K) Eden: 465920K(465920K)->0K(465920K) From: 465920K(465920K)->0K(465920K)
[2025-08-01T01:21:07.542+0000] GC(658) ParOldGen: 2195951K(2796544K)->935466K(2796544K)
[2025-08-01T01:21:07.542+0000] GC(658) Metaspace: 10058K(10240K)->10058K(10240K) NonClass: 8831K(8896K)->8831K(8896K) Class: 1226K(1344K)->1226K(1344K)
[2025-08-01T01:21:07.542+0000] GC(658) Pause Full (Ergonomics) 3054M->913M(3641M) 230.053ms
[2025-08-01T01:21:07.542+0000] GC(658) User=1.60s Sys=0.03s Real=0.23s
[2025-08-01T01:21:07.629+0000] GC(659) Pause Young (Allocation Failure)
[2025-08-01T01:21:07.698+0000] GC(659) PSYoungGen: 465920K(931840K)->284960K(931840K) Eden: 465920K(465920K)->0K(465920K) From: 0K(465920K)->284960K(465920K)
[2025-08-01T01:21:07.698+0000] GC(659) ParOldGen: 935466K(2796544K)->935466K(2796544K)
[2025-08-01T01:21:07.698+0000] GC(659) Metaspace: 10058K(10240K)->10058K(10240K) NonClass: 8831K(8896K)->8831K(8896K) Class: 1226K(1344K)->1226K(1344K)
[2025-08-01T01:21:07.698+0000] GC(659) Pause Young (Allocation Failure) 1368M->1191M(3641M) 69.215ms
[2025-08-01T01:21:07.698+0000] GC(659) User=0.49s Sys=0.02s Real=0.07s
[2025-08-01T01:21:07.792+0000] GC(660) Pause Young (Allocation Failure)
[2025-08-01T01:21:07.927+0000] GC(660) PSYoungGen: 750880K(931840K)->465920K(931840K) Eden: 465920K(465920K)->0K(465920K) From: 284960K(465920K)->465920K(465920K)
[2025-08-01T01:21:07.927+0000] GC(660) ParOldGen: 935466K(2796544K)->1246122K(2796544K)
[2025-08-01T01:21:07.927+0000] GC(660) Metaspace: 10058K(10240K)->10058K(10240K) NonClass: 8831K(8896K)->8831K(8896K) Class: 1226K(1344K)->1226K(1344K)
[2025-08-01T01:21:07.927+0000] GC(660) Pause Young (Allocation Failure) 1646M->1671M(3641M) 135.512ms
[2025-08-01T01:21:07.927+0000] GC(660) User=1.06s Sys=0.02s Real=0.14s
[2025-08-01T01:21:08.014+0000] GC(661) Pause Young (Allocation Failure)
[2025-08-01T01:21:08.176+0000] GC(661) PSYoungGen: 931840K(931840K)->465920K(931840K) Eden: 465920K(465920K)->0K(465920K) From: 465920K(465920K)->465920K(465920K)
[2025-08-01T01:21:08.176+0000] GC(661) ParOldGen: 1246122K(2796544K)->1747034K(2796544K)
[2025-08-01T01:21:08.176+0000] GC(661) Metaspace: 10058K(10240K)->10058K(10240K) NonClass: 8831K(8896K)->8831K(8896K) Class: 1226K(1344K)->1226K(1344K)
[2025-08-01T01:21:08.176+0000] GC(661) Pause Young (Allocation Failure) 2126M->2161M(3641M) 161.633ms
[2025-08-01T01:21:08.176+0000] GC(661) User=1.25s Sys=0.02s Real=0.16s
[2025-08-01T01:21:08.264+0000] GC(662) Pause Young (Allocation Failure)
[2025-08-01T01:21:08.421+0000] GC(662) PSYoungGen: 931840K(931840K)->399488K(931840K) Eden: 465920K(465920K)->0K(465920K) From: 465920K(465920K)->399488K(465920K)
[2025-08-01T01:21:08.421+0000] GC(662) ParOldGen: 1747034K(2796544K)->1993442K(2796544K)
[2025-08-01T01:21:08.421+0000] GC(662) Metaspace: 10058K(10240K)->10058K(10240K) NonClass: 8831K(8896K)->8831K(8896K) Class: 1226K(1344K)->1226K(1344K)
[2025-08-01T01:21:08.421+0000] GC(662) Pause Young (Allocation Failure) 2616M->2336M(3641M) 157.107ms
[2025-08-01T01:21:08.421+0000] GC(662) User=1.18s Sys=0.05s Real=0.15s
[2025-08-01T01:21:08.508+0000] GC(663) Pause Young (Allocation Failure)
[2025-08-01T01:21:08.645+0000] GC(663) PSYoungGen: 865408K(931840K)->285120K(931840K) Eden: 465920K(465920K)->0K(465920K) From: 399488K(465920K)->285120K(465920K)
[2025-08-01T01:21:08.645+0000] GC(663) ParOldGen: 1993442K(2796544K)->2181090K(2796544K)
[2025-08-01T01:21:08.645+0000] GC(663) Metaspace: 10058K(10240K)->10058K(10240K) NonClass: 8831K(8896K)->8831K(8896K) Class: 1226K(1344K)->1226K(1344K)
[2025-08-01T01:21:08.645+0000] GC(663) Pause Young (Allocation Failure) 2791M->2408M(3641M) 137.628ms
[2025-08-01T01:21:08.645+0000] GC(663) User=1.01s Sys=0.05s Real=0.14s
[2025-08-01T01:21:08.740+0000] GC(664) Pause Full (Ergonomics)
[2025-08-01T01:21:08.740+0000] GC(664) Marking Phase
[2025-08-01T01:21:08.788+0000] GC(664) Marking Phase 47.495ms
[2025-08-01T01:21:08.788+0000] GC(664) Summary Phase
[2025-08-01T01:21:08.788+0000] GC(664) Summary Phase 0.172ms
[2025-08-01T01:21:08.788+0000] GC(664) Adjust Roots
[2025-08-01T01:21:08.790+0000] GC(664) Adjust Roots 2.163ms
[2025-08-01T01:21:08.790+0000] GC(664) Compaction Phase
[2025-08-01T01:21:08.918+0000] GC(664) Compaction Phase 128.150ms
[2025-08-01T01:21:08.918+0000] GC(664) Post Compact
[2025-08-01T01:21:08.938+0000] GC(664) Post Compact 19.678ms
[2025-08-01T01:21:08.938+0000] GC(664) PSYoungGen: 751040K(931840K)->0K(931840K) Eden: 465920K(465920K)->0K(465920K) From: 285120K(465920K)->0K(465920K)
[2025-08-01T01:21:08.938+0000] GC(664) ParOldGen: 2181090K(2796544K)->948762K(2796544K)
[2025-08-01T01:21:08.938+0000] GC(664) Metaspace: 10058K(10240K)->10058K(10240K) NonClass: 8831K(8896K)->8831K(8896K) Class: 1226K(1344K)->1226K(1344K)
[2025-08-01T01:21:08.938+0000] GC(664) Pause Full (Ergonomics) 2863M->926M(3641M) 198.094ms
[2025-08-01T01:21:08.938+0000] GC(664) User=1.36s Sys=0.01s Real=0.20s
[2025-08-01T01:21:09.031+0000] GC(665) Pause Young (Allocation Failure)
[2025-08-01T01:21:09.158+0000] GC(665) PSYoungGen: 465920K(931840K)->465920K(931840K) Eden: 465920K(465920K)->0K(465920K) From: 0K(465920K)->465920K(465920K)
[2025-08-01T01:21:09.158+0000] GC(665) ParOldGen: 948762K(2796544K)->957226K(2796544K)
[2025-08-01T01:21:09.158+0000] GC(665) Metaspace: 10058K(10240K)->10058K(10240K) NonClass: 8831K(8896K)->8831K(8896K) Class: 1226K(1344K)->1226K(1344K)
[2025-08-01T01:21:09.158+0000] GC(665) Pause Young (Allocation Failure) 1381M->1389M(3641M) 126.654ms
[2025-08-01T01:21:09.158+0000] GC(665) User=0.92s Sys=0.04s Real=0.13s
[2025-08-01T01:21:09.257+0000] GC(666) Pause Young (Allocation Failure)
[2025-08-01T01:21:09.409+0000] GC(666) PSYoungGen: 931840K(931840K)->414304K(931840K) Eden: 465920K(465920K)->0K(465920K) From: 465920K(465920K)->414304K(465920K)
[2025-08-01T01:21:09.409+0000] GC(666) ParOldGen: 957226K(2796544K)->1194978K(2796544K)
[2025-08-01T01:21:09.409+0000] GC(666) Metaspace: 10058K(10240K)->10058K(10240K) NonClass: 8831K(8896K)->8831K(8896K) Class: 1226K(1344K)->1226K(1344K)
[2025-08-01T01:21:09.409+0000] GC(666) Pause Young (Allocation Failure) 1844M->1571M(3641M) 152.025ms
[2025-08-01T01:21:09.409+0000] GC(666) User=1.15s Sys=0.05s Real=0.15s
[2025-08-01T01:21:09.495+0000] GC(667) Pause Young (Allocation Failure)
[2025-08-01T01:21:09.600+0000] GC(667) PSYoungGen: 880224K(931840K)->283296K(931840K) Eden: 465920K(465920K)->0K(465920K) From: 414304K(465920K)->283296K(465920K)
[2025-08-01T01:21:09.601+0000] GC(667) ParOldGen: 1194978K(2796544K)->1392866K(2796544K)
[2025-08-01T01:21:09.601+0000] GC(667) Metaspace: 10058K(10240K)->10058K(10240K) NonClass: 8831K(8896K)->8831K(8896K) Class: 1226K(1344K)->1226K(1344K)
[2025-08-01T01:21:09.601+0000] GC(667) Pause Young (Allocation Failure) 2026M->1636M(3641M) 105.639ms
[2025-08-01T01:21:09.601+0000] GC(667) User=0.82s Sys=0.01s Real=0.10s
[2025-08-01T01:21:09.692+0000] GC(668) Pause Young (Allocation Failure)
[2025-08-01T01:21:09.840+0000] GC(668) PSYoungGen: 749216K(931840K)->465920K(931840K) Eden: 465920K(465920K)->0K(465920K) From: 283296K(465920K)->465920K(465920K)
[2025-08-01T01:21:09.840+0000] GC(668) ParOldGen: 1392866K(2796544K)->1702226K(2796544K)
[2025-08-01T01:21:09.840+0000] GC(668) Metaspace: 10058K(10240K)->10058K(10240K) NonClass: 8831K(8896K)->8831K(8896K) Class: 1226K(1344K)->1226K(1344K)
[2025-08-01T01:21:09.840+0000] GC(668) Pause Young (Allocation Failure) 2091M->2117M(3641M) 148.317ms
[2025-08-01T01:21:09.840+0000] GC(668) User=1.08s Sys=0.03s Real=0.15s
[2025-08-01T01:21:09.929+0000] GC(669) Pause Young (Allocation Failure)
[2025-08-01T01:21:10.098+0000] GC(669) PSYoungGen: 931840K(931840K)->465920K(931840K) Eden: 465920K(465920K)->0K(465920K) From: 465920K(465920K)->465920K(465920K)
[2025-08-01T01:21:10.098+0000] GC(669) ParOldGen: 1702226K(2796544K)->2204378K(2796544K)
[2025-08-01T01:21:10.098+0000] GC(669) Metaspace: 10058K(10240K)->10058K(10240K) NonClass: 8831K(8896K)->8831K(8896K) Class: 1226K(1344K)->1226K(1344K)
[2025-08-01T01:21:10.098+0000] GC(669) Pause Young (Allocation Failure) 2572M->2607M(3641M) 168.928ms
[2025-08-01T01:21:10.098+0000] GC(669) User=1.29s Sys=0.04s Real=0.17s
[2025-08-01T01:21:10.188+0000] GC(670) Pause Full (Ergonomics)
[2025-08-01T01:21:10.188+0000] GC(670) Marking Phase
[2025-08-01T01:21:10.258+0000] GC(670) Marking Phase 70.029ms
[2025-08-01T01:21:10.258+0000] GC(670) Summary Phase
[2025-08-01T01:21:10.258+0000] GC(670) Summary Phase 0.117ms
[2025-08-01T01:21:10.258+0000] GC(670) Adjust Roots
[2025-08-01T01:21:10.259+0000] GC(670) Adjust Roots 1.158ms
[2025-08-01T01:21:10.259+0000] GC(670) Compaction Phase
[2025-08-01T01:21:10.400+0000] GC(670) Compaction Phase 140.923ms
[2025-08-01T01:21:10.400+0000] GC(670) Post Compact
[2025-08-01T01:21:10.422+0000] GC(670) Post Compact 21.687ms
[2025-08-01T01:21:10.422+0000] GC(670) PSYoungGen: 931840K(931840K)->0K(931840K) Eden: 465920K(465920K)->0K(465920K) From: 465920K(465920K)->0K(465920K)
[2025-08-01T01:21:10.422+0000] GC(670) ParOldGen: 2204378K(2796544K)->961056K(2796544K)
[2025-08-01T01:21:10.422+0000] GC(670) Metaspace: 10058K(10240K)->10058K(10240K) NonClass: 8831K(8896K)->8831K(8896K) Class: 1226K(1344K)->1226K(1344K)
[2025-08-01T01:21:10.422+0000] GC(670) Pause Full (Ergonomics) 3062M->938M(3641M) 234.317ms
[2025-08-01T01:21:10.422+0000] GC(670) User=1.62s Sys=0.04s Real=0.23s
[2025-08-01T01:21:10.513+0000] GC(671) Pause Young (Allocation Failure)
[2025-08-01T01:21:10.602+0000] GC(671) PSYoungGen: 465920K(931840K)->324512K(931840K) Eden: 465920K(465920K)->0K(465920K) From: 0K(465920K)->324512K(465920K)
[2025-08-01T01:21:10.602+0000] GC(671) ParOldGen: 961056K(2796544K)->961056K(2796544K)
[2025-08-01T01:21:10.602+0000] GC(671) Metaspace: 10058K(10240K)->10058K(10240K) NonClass: 8831K(8896K)->8831K(8896K) Class: 1226K(1344K)->1226K(1344K)
[2025-08-01T01:21:10.602+0000] GC(671) Pause Young (Allocation Failure) 1393M->1255M(3641M) 88.818ms
[2025-08-01T01:21:10.602+0000] GC(671) User=0.65s Sys=0.03s Real=0.08s
[2025-08-01T01:21:10.692+0000] GC(672) Pause Young (Allocation Failure)
[2025-08-01T01:21:10.841+0000] GC(672) PSYoungGen: 790432K(931840K)->465920K(931840K) Eden: 465920K(465920K)->0K(465920K) From: 324512K(465920K)->465920K(465920K)
[2025-08-01T01:21:10.841+0000] GC(672) ParOldGen: 961056K(2796544K)->1312360K(2796544K)
[2025-08-01T01:21:10.841+0000] GC(672) Metaspace: 10058K(10240K)->10058K(10240K) NonClass: 8831K(8896K)->8831K(8896K) Class: 1226K(1344K)->1226K(1344K)
[2025-08-01T01:21:10.841+0000] GC(672) Pause Young (Allocation Failure) 1710M->1736M(3641M) 148.947ms
[2025-08-01T01:21:10.841+0000] GC(672) User=1.12s Sys=0.03s Real=0.15s
[2025-08-01T01:21:10.925+0000] GC(673) Pause Young (Allocation Failure)
[2025-08-01T01:21:11.046+0000] GC(673) PSYoungGen: 931840K(931840K)->362080K(931840K) Eden: 465920K(465920K)->0K(465920K) From: 465920K(465920K)->362080K(465920K)
[2025-08-01T01:21:11.046+0000] GC(673) ParOldGen: 1312360K(2796544K)->1675064K(2796544K)
[2025-08-01T01:21:11.046+0000] GC(673) Metaspace: 10058K(10240K)->10058K(10240K) NonClass: 8831K(8896K)->8831K(8896K) Class: 1226K(1344K)->1226K(1344K)
[2025-08-01T01:21:11.046+0000] GC(673) Pause Young (Allocation Failure) 2191M->1989M(3641M) 121.008ms
[2025-08-01T01:21:11.046+0000] GC(673) User=0.94s Sys=0.02s Real=0.12s
[2025-08-01T01:21:11.134+0000] GC(674) Pause Young (Allocation Failure)
[2025-08-01T01:21:11.237+0000] GC(674) PSYoungGen: 828000K(931840K)->409760K(931840K) Eden: 465920K(465920K)->0K(465920K) From: 362080K(465920K)->409760K(465920K)
[2025-08-01T01:21:11.237+0000] GC(674) ParOldGen: 1675064K(2796544K)->1928472K(2796544K)
[2025-08-01T01:21:11.237+0000] GC(674) Metaspace: 10058K(10240K)->10058K(10240K) NonClass: 8831K(8896K)->8831K(8896K) Class: 1226K(1344K)->1226K(1344K)
[2025-08-01T01:21:11.237+0000] GC(674) Pause Young (Allocation Failure) 2444M->2283M(3641M) 102.646ms
[2025-08-01T01:21:11.237+0000] GC(674) User=0.78s Sys=0.02s Real=0.10s
[2025-08-01T01:21:11.326+0000] GC(675) Pause Young (Allocation Failure)
[2025-08-01T01:21:11.450+0000] GC(675) PSYoungGen: 875680K(931840K)->312448K(931840K) Eden: 465920K(465920K)->0K(465920K) From: 409760K(465920K)->312448K(465920K)
[2025-08-01T01:21:11.450+0000] GC(675) ParOldGen: 1928472K(2796544K)->2116104K(2796544K)
[2025-08-01T01:21:11.450+0000] GC(675) Metaspace: 10058K(10240K)->10058K(10240K) NonClass: 8831K(8896K)->8831K(8896K) Class: 1226K(1344K)->1226K(1344K)
[2025-08-01T01:21:11.450+0000] GC(675) Pause Young (Allocation Failure) 2738M->2371M(3641M) 124.199ms
[2025-08-01T01:21:11.450+0000] GC(675) User=0.89s Sys=0.06s Real=0.12s
[2025-08-01T01:21:11.542+0000] GC(676) Pause Young (Allocation Failure)
[2025-08-01T01:21:11.698+0000] GC(676) PSYoungGen: 778368K(931840K)->465920K(931840K) Eden: 465920K(465920K)->0K(465920K) From: 312448K(465920K)->465920K(465920K)
[2025-08-01T01:21:11.698+0000] GC(676) ParOldGen: 2116104K(2796544K)->2454672K(2796544K)
[2025-08-01T01:21:11.698+0000] GC(676) Metaspace: 10058K(10240K)->10058K(10240K) NonClass: 8831K(8896K)->8831K(8896K) Class: 1226K(1344K)->1226K(1344K)
[2025-08-01T01:21:11.698+0000] GC(676) Pause Young (Allocation Failure) 2826M->2852M(3641M) 155.664ms
[2025-08-01T01:21:11.698+0000] GC(676) User=1.15s Sys=0.05s Real=0.16s
[2025-08-01T01:21:11.785+0000] GC(677) Pause Full (Ergonomics)
[2025-08-01T01:21:11.785+0000] GC(677) Marking Phase
[2025-08-01T01:21:11.842+0000] GC(677) Marking Phase 57.047ms
[2025-08-01T01:21:11.842+0000] GC(677) Summary Phase
[2025-08-01T01:21:11.843+0000] GC(677) Summary Phase 0.111ms
[2025-08-01T01:21:11.843+0000] GC(677) Adjust Roots
[2025-08-01T01:21:11.844+0000] GC(677) Adjust Roots 1.525ms
[2025-08-01T01:21:11.844+0000] GC(677) Compaction Phase
[2025-08-01T01:21:11.981+0000] GC(677) Compaction Phase 137.260ms
[2025-08-01T01:21:11.982+0000] GC(677) Post Compact
[2025-08-01T01:21:12.006+0000] GC(677) Post Compact 24.067ms
[2025-08-01T01:21:12.006+0000] GC(677) PSYoungGen: 931840K(931840K)->0K(931840K) Eden: 465920K(465920K)->0K(465920K) From: 465920K(465920K)->0K(465920K)
[2025-08-01T01:21:12.006+0000] GC(677) ParOldGen: 2454672K(2796544K)->974377K(2796544K)
[2025-08-01T01:21:12.006+0000] GC(677) Metaspace: 10058K(10240K)->10058K(10240K) NonClass: 8831K(8896K)->8831K(8896K) Class: 1226K(1344K)->1226K(1344K)
[2025-08-01T01:21:12.006+0000] GC(677) Pause Full (Ergonomics) 3307M->951M(3641M) 220.431ms
[2025-08-01T01:21:12.006+0000] GC(677) User=1.48s Sys=0.02s Real=0.22s
[2025-08-01T01:21:12.092+0000] GC(678) Pause Young (Allocation Failure)
[2025-08-01T01:21:12.213+0000] GC(678) PSYoungGen: 465920K(931840K)->419392K(931840K) Eden: 465920K(465920K)->0K(465920K) From: 0K(465920K)->419392K(465920K)
[2025-08-01T01:21:12.213+0000] GC(678) ParOldGen: 974377K(2796544K)->974377K(2796544K)
[2025-08-01T01:21:12.213+0000] GC(678) Metaspace: 10058K(10240K)->10058K(10240K) NonClass: 8831K(8896K)->8831K(8896K) Class: 1226K(1344K)->1226K(1344K)
[2025-08-01T01:21:12.213+0000] GC(678) Pause Young (Allocation Failure) 1406M->1361M(3641M) 120.894ms
[2025-08-01T01:21:12.213+0000] GC(678) User=0.91s Sys=0.03s Real=0.13s
[2025-08-01T01:21:12.306+0000] GC(679) Pause Young (Allocation Failure)
[2025-08-01T01:21:12.392+0000] GC(679) PSYoungGen: 885312K(931840K)->310464K(931840K) Eden: 465920K(465920K)->0K(465920K) From: 419392K(465920K)->310464K(465920K)
[2025-08-01T01:21:12.392+0000] GC(679) ParOldGen: 974377K(2796544K)->1170681K(2796544K)
[2025-08-01T01:21:12.392+0000] GC(679) Metaspace: 10058K(10240K)->10058K(10240K) NonClass: 8831K(8896K)->8831K(8896K) Class: 1226K(1344K)->1226K(1344K)
[2025-08-01T01:21:12.392+0000] GC(679) Pause Young (Allocation Failure) 1816M->1446M(3641M) 85.680ms
[2025-08-01T01:21:12.392+0000] GC(679) User=0.65s Sys=0.02s Real=0.08s
[2025-08-01T01:21:12.478+0000] GC(680) Pause Young (Allocation Failure)
[2025-08-01T01:21:12.667+0000] GC(680) PSYoungGen: 776384K(931840K)->465920K(931840K) Eden: 465920K(465920K)->0K(465920K) From: 310464K(465920K)->465920K(465920K)
[2025-08-01T01:21:12.667+0000] GC(680) ParOldGen: 1170681K(2796544K)->1507297K(2796544K)
[2025-08-01T01:21:12.667+0000] GC(680) Metaspace: 10058K(10240K)->10058K(10240K) NonClass: 8831K(8896K)->8831K(8896K) Class: 1226K(1344K)->1226K(1344K)
[2025-08-01T01:21:12.667+0000] GC(680) Pause Young (Allocation Failure) 1901M->1926M(3641M) 189.874ms
[2025-08-01T01:21:12.667+0000] GC(680) User=1.45s Sys=0.05s Real=0.19s
[2025-08-01T01:21:12.756+0000] GC(681) Pause Young (Allocation Failure)
[2025-08-01T01:21:12.937+0000] GC(681) PSYoungGen: 931840K(931840K)->365920K(931840K) Eden: 465920K(465920K)->0K(465920K) From: 465920K(465920K)->365920K(465920K)
[2025-08-01T01:21:12.937+0000] GC(681) ParOldGen: 1507297K(2796544K)->1873521K(2796544K)
[2025-08-01T01:21:12.937+0000] GC(681) Metaspace: 10058K(10240K)->10058K(10240K) NonClass: 8831K(8896K)->8831K(8896K) Class: 1226K(1344K)->1226K(1344K)
[2025-08-01T01:21:12.937+0000] GC(681) Pause Young (Allocation Failure) 2381M->2186M(3641M) 180.672ms
[2025-08-01T01:21:12.937+0000] GC(681) User=1.33s Sys=0.06s Real=0.18s
[2025-08-01T01:21:13.022+0000] GC(682) Pause Young (Allocation Failure)
[2025-08-01T01:21:13.144+0000] GC(682) PSYoungGen: 831840K(931840K)->439104K(931840K) Eden: 465920K(465920K)->0K(465920K) From: 365920K(465920K)->439104K(465920K)
[2025-08-01T01:21:13.144+0000] GC(682) ParOldGen: 1873521K(2796544K)->2128137K(2796544K)
[2025-08-01T01:21:13.144+0000] GC(682) Metaspace: 10058K(10240K)->10058K(10240K) NonClass: 8831K(8896K)->8831K(8896K) Class: 1226K(1344K)->1226K(1344K)
[2025-08-01T01:21:13.144+0000] GC(682) Pause Young (Allocation Failure) 2641M->2507M(3641M) 121.867ms
[2025-08-01T01:21:13.144+0000] GC(682) User=0.93s Sys=0.02s Real=0.13s
[2025-08-01T01:21:13.228+0000] GC(683) Pause Young (Allocation Failure)
[2025-08-01T01:21:13.315+0000] GC(683) PSYoungGen: 905024K(931840K)->298176K(931840K) Eden: 465920K(465920K)->0K(465920K) From: 439104K(465920K)->298176K(465920K)
[2025-08-01T01:21:13.315+0000] GC(683) ParOldGen: 2128137K(2796544K)->2342497K(2796544K)
[2025-08-01T01:21:13.315+0000] GC(683) Metaspace: 10058K(10240K)->10058K(10240K) NonClass: 8831K(8896K)->8831K(8896K) Class: 1226K(1344K)->1226K(1344K)
[2025-08-01T01:21:13.315+0000] GC(683) Pause Young (Allocation Failure) 2962M->2578M(3641M) 87.349ms
[2025-08-01T01:21:13.315+0000] GC(683) User=0.66s Sys=0.02s Real=0.09s
[2025-08-01T01:21:13.405+0000] GC(684) Pause Full (Ergonomics)
[2025-08-01T01:21:13.405+0000] GC(684) Marking Phase
[2025-08-01T01:21:13.519+0000] GC(684) Marking Phase 113.070ms
[2025-08-01T01:21:13.519+0000] GC(684) Summary Phase
[2025-08-01T01:21:13.519+0000] GC(684) Summary Phase 0.151ms
[2025-08-01T01:21:13.519+0000] GC(684) Adjust Roots
[2025-08-01T01:21:13.522+0000] GC(684) Adjust Roots 3.256ms
[2025-08-01T01:21:13.522+0000] GC(684) Compaction Phase
[2025-08-01T01:21:13.685+0000] GC(684) Compaction Phase 162.607ms
[2025-08-01T01:21:13.685+0000] GC(684) Post Compact
[2025-08-01T01:21:13.704+0000] GC(684) Post Compact 18.915ms
[2025-08-01T01:21:13.704+0000] GC(684) PSYoungGen: 764096K(931840K)->0K(931840K) Eden: 465920K(465920K)->0K(465920K) From: 298176K(465920K)->0K(465920K)
[2025-08-01T01:21:13.704+0000] GC(684) ParOldGen: 2342497K(2796544K)->987001K(2796544K)
[2025-08-01T01:21:13.704+0000] GC(684) Metaspace: 10058K(10240K)->10058K(10240K) NonClass: 8831K(8896K)->8831K(8896K) Class: 1226K(1344K)->1226K(1344K)
[2025-08-01T01:21:13.704+0000] GC(684) Pause Full (Ergonomics) 3033M->963M(3641M) 298.609ms
[2025-08-01T01:21:13.704+0000] GC(684) User=2.13s Sys=0.03s Real=0.30s
[2025-08-01T01:21:13.788+0000] GC(685) Pause Young (Allocation Failure)
[2025-08-01T01:21:13.902+0000] GC(685) PSYoungGen: 465920K(931840K)->359904K(931840K) Eden: 465920K(465920K)->0K(465920K) From: 0K(465920K)->359904K(465920K)
[2025-08-01T01:21:13.903+0000] GC(685) ParOldGen: 987001K(2796544K)->987001K(2796544K)
[2025-08-01T01:21:13.903+0000] GC(685) Metaspace: 10058K(10240K)->10058K(10240K) NonClass: 8831K(8896K)->8831K(8896K) Class: 1226K(1344K)->1226K(1344K)
[2025-08-01T01:21:13.903+0000] GC(685) Pause Young (Allocation Failure) 1418M->1315M(3641M) 114.879ms
[2025-08-01T01:21:13.903+0000] GC(685) User=0.84s Sys=0.05s Real=0.11s
[2025-08-01T01:21:13.993+0000] GC(686) Pause Young (Allocation Failure)
[2025-08-01T01:21:14.105+0000] GC(686) PSYoungGen: 825824K(931840K)->435648K(931840K) Eden: 465920K(465920K)->0K(465920K) From: 359904K(465920K)->435648K(465920K)
[2025-08-01T01:21:14.105+0000] GC(686) ParOldGen: 987001K(2796544K)->1237345K(2796544K)
[2025-08-01T01:21:14.105+0000] GC(686) Metaspace: 10058K(10240K)->10058K(10240K) NonClass: 8831K(8896K)->8831K(8896K) Class: 1226K(1344K)->1226K(1344K)
[2025-08-01T01:21:14.105+0000] GC(686) Pause Young (Allocation Failure) 1770M->1633M(3641M) 112.305ms
[2025-08-01T01:21:14.105+0000] GC(686) User=0.85s Sys=0.02s Real=0.12s
[2025-08-01T01:21:14.191+0000] GC(687) Pause Young (Allocation Failure)
[2025-08-01T01:21:14.319+0000] GC(687) PSYoungGen: 901568K(931840K)->440032K(931840K) Eden: 465920K(465920K)->0K(465920K) From: 435648K(465920K)->440032K(465920K)
[2025-08-01T01:21:14.319+0000] GC(687) ParOldGen: 1237345K(2796544K)->1572201K(2796544K)
[2025-08-01T01:21:14.319+0000] GC(687) Metaspace: 10058K(10240K)->10058K(10240K) NonClass: 8831K(8896K)->8831K(8896K) Class: 1226K(1344K)->1226K(1344K)
[2025-08-01T01:21:14.319+0000] GC(687) Pause Young (Allocation Failure) 2088M->1965M(3641M) 127.652ms
[2025-08-01T01:21:14.319+0000] GC(687) User=0.98s Sys=0.02s Real=0.13s
[2025-08-01T01:21:14.405+0000] GC(688) Pause Young (Allocation Failure)
[2025-08-01T01:21:14.591+0000] GC(688) PSYoungGen: 905952K(931840K)->447008K(931840K) Eden: 465920K(465920K)->0K(465920K) From: 440032K(465920K)->447008K(465920K)
[2025-08-01T01:21:14.591+0000] GC(688) ParOldGen: 1572201K(2796544K)->1919473K(2796544K)
[2025-08-01T01:21:14.591+0000] GC(688) Metaspace: 10058K(10240K)->10058K(10240K) NonClass: 8831K(8896K)->8831K(8896K) Class: 1226K(1344K)->1226K(1344K)
[2025-08-01T01:21:14.591+0000] GC(688) Pause Young (Allocation Failure) 2420M->2311M(3641M) 185.759ms
[2025-08-01T01:21:14.591+0000] GC(688) User=1.38s Sys=0.06s Real=0.18s
[2025-08-01T01:21:14.676+0000] GC(689) Pause Young (Allocation Failure)
[2025-08-01T01:21:14.792+0000] GC(689) PSYoungGen: 912928K(931840K)->354400K(931840K) Eden: 465920K(465920K)->0K(465920K) From: 447008K(465920K)->354400K(465920K)
[2025-08-01T01:21:14.792+0000] GC(689) ParOldGen: 1919473K(2796544K)->2255233K(2796544K)
[2025-08-01T01:21:14.792+0000] GC(689) Metaspace: 10058K(10240K)->10058K(10240K) NonClass: 8831K(8896K)->8831K(8896K) Class: 1226K(1344K)->1226K(1344K)
[2025-08-01T01:21:14.792+0000] GC(689) Pause Young (Allocation Failure) 2766M->2548M(3641M) 115.876ms
[2025-08-01T01:21:14.792+0000] GC(689) User=0.88s Sys=0.03s Real=0.11s
[2025-08-01T01:21:14.877+0000] GC(690) Pause Young (Allocation Failure)
[2025-08-01T01:21:15.054+0000] GC(690) PSYoungGen: 820320K(931840K)->465920K(931840K) Eden: 465920K(465920K)->0K(465920K) From: 354400K(465920K)->465920K(465920K)
[2025-08-01T01:21:15.054+0000] GC(690) ParOldGen: 2255233K(2796544K)->2515465K(2796544K)
[2025-08-01T01:21:15.054+0000] GC(690) Metaspace: 10058K(10240K)->10058K(10240K) NonClass: 8831K(8896K)->8831K(8896K) Class: 1226K(1344K)->1226K(1344K)
[2025-08-01T01:21:15.054+0000] GC(690) Pause Young (Allocation Failure) 3003M->2911M(3641M) 177.763ms
[2025-08-01T01:21:15.054+0000] GC(690) User=1.25s Sys=0.09s Real=0.18s
[2025-08-01T01:21:15.140+0000] GC(691) Pause Full (Ergonomics)
[2025-08-01T01:21:15.140+0000] GC(691) Marking Phase
[2025-08-01T01:21:15.224+0000] GC(691) Marking Phase 84.054ms
[2025-08-01T01:21:15.224+0000] GC(691) Summary Phase
[2025-08-01T01:21:15.225+0000] GC(691) Summary Phase 0.154ms
[2025-08-01T01:21:15.225+0000] GC(691) Adjust Roots
[2025-08-01T01:21:15.228+0000] GC(691) Adjust Roots 2.978ms
[2025-08-01T01:21:15.228+0000] GC(691) Compaction Phase
[2025-08-01T01:21:15.390+0000] GC(691) Compaction Phase 162.644ms
[2025-08-01T01:21:15.390+0000] GC(691) Post Compact
[2025-08-01T01:21:15.413+0000] GC(691) Post Compact 22.277ms
[2025-08-01T01:21:15.413+0000] GC(691) PSYoungGen: 931840K(931840K)->0K(931840K) Eden: 465920K(465920K)->0K(465920K) From: 465920K(465920K)->0K(465920K)
[2025-08-01T01:21:15.413+0000] GC(691) ParOldGen: 2515465K(2796544K)->1002867K(2796544K)
[2025-08-01T01:21:15.413+0000] GC(691) Metaspace: 10058K(10240K)->10058K(10240K) NonClass: 8831K(8896K)->8831K(8896K) Class: 1226K(1344K)->1226K(1344K)
[2025-08-01T01:21:15.413+0000] GC(691) Pause Full (Ergonomics) 3366M->979M(3641M) 272.572ms
[2025-08-01T01:21:15.413+0000] GC(691) User=1.89s Sys=0.03s Real=0.27s
[2025-08-01T01:21:15.504+0000] GC(692) Pause Young (Allocation Failure)
[2025-08-01T01:21:15.626+0000] GC(692) PSYoungGen: 465920K(931840K)->425732K(931840K) Eden: 465920K(465920K)->0K(465920K) From: 0K(465920K)->425732K(465920K)
[2025-08-01T01:21:15.626+0000] GC(692) ParOldGen: 1002867K(2796544K)->1002867K(2796544K)
[2025-08-01T01:21:15.626+0000] GC(692) Metaspace: 10058K(10240K)->10058K(10240K) NonClass: 8831K(8896K)->8831K(8896K) Class: 1226K(1344K)->1226K(1344K)
[2025-08-01T01:21:15.626+0000] GC(692) Pause Young (Allocation Failure) 1434M->1395M(3641M) 122.337ms
[2025-08-01T01:21:15.626+0000] GC(692) User=0.95s Sys=0.02s Real=0.12s
[2025-08-01T01:21:15.716+0000] GC(693) Pause Young (Allocation Failure)
[2025-08-01T01:21:15.786+0000] GC(693) PSYoungGen: 891652K(931840K)->239328K(931840K) Eden: 465920K(465920K)->0K(465920K) From: 425732K(465920K)->239328K(465920K)
[2025-08-01T01:21:15.786+0000] GC(693) ParOldGen: 1002867K(2796544K)->1201911K(2796544K)
[2025-08-01T01:21:15.786+0000] GC(693) Metaspace: 10058K(10240K)->10058K(10240K) NonClass: 8831K(8896K)->8831K(8896K) Class: 1226K(1344K)->1226K(1344K)
[2025-08-01T01:21:15.786+0000] GC(693) Pause Young (Allocation Failure) 1850M->1407M(3641M) 70.151ms
[2025-08-01T01:21:15.786+0000] GC(693) User=0.54s Sys=0.01s Real=0.07s
[2025-08-01T01:21:15.872+0000] GC(694) Pause Young (Allocation Failure)
[2025-08-01T01:21:15.984+0000] GC(694) PSYoungGen: 705248K(931840K)->465920K(931840K) Eden: 465920K(465920K)->0K(465920K) From: 239328K(465920K)->465920K(465920K)
[2025-08-01T01:21:15.984+0000] GC(694) ParOldGen: 1201911K(2796544K)->1462255K(2796544K)
[2025-08-01T01:21:15.984+0000] GC(694) Metaspace: 10058K(10240K)->10058K(10240K) NonClass: 8831K(8896K)->8831K(8896K) Class: 1226K(1344K)->1226K(1344K)
[2025-08-01T01:21:15.984+0000] GC(694) Pause Young (Allocation Failure) 1862M->1882M(3641M) 112.675ms
[2025-08-01T01:21:15.984+0000] GC(694) User=0.88s Sys=0.00s Real=0.12s
[2025-08-01T01:21:16.074+0000] GC(695) Pause Young (Allocation Failure)
[2025-08-01T01:21:16.206+0000] GC(695) PSYoungGen: 931840K(931840K)->453120K(931840K) Eden: 465920K(465920K)->0K(465920K) From: 465920K(465920K)->453120K(465920K)
[2025-08-01T01:21:16.206+0000] GC(695) ParOldGen: 1462255K(2796544K)->1851711K(2796544K)
[2025-08-01T01:21:16.206+0000] GC(695) Metaspace: 10058K(10240K)->10058K(10240K) NonClass: 8831K(8896K)->8831K(8896K) Class: 1226K(1344K)->1226K(1344K)
[2025-08-01T01:21:16.206+0000] GC(695) Pause Young (Allocation Failure) 2337M->2250M(3641M) 132.639ms
[2025-08-01T01:21:16.206+0000] GC(695) User=1.02s Sys=0.02s Real=0.13s
[2025-08-01T01:21:16.294+0000] GC(696) Pause Young (Allocation Failure)
[2025-08-01T01:21:16.490+0000] GC(696) PSYoungGen: 919040K(931840K)->415328K(931840K) Eden: 465920K(465920K)->0K(465920K) From: 453120K(465920K)->415328K(465920K)
[2025-08-01T01:21:16.490+0000] GC(696) ParOldGen: 1851711K(2796544K)->2193575K(2796544K)
[2025-08-01T01:21:16.490+0000] GC(696) Metaspace: 10058K(10240K)->10058K(10240K) NonClass: 8831K(8896K)->8831K(8896K) Class: 1226K(1344K)->1226K(1344K)
[2025-08-01T01:21:16.490+0000] GC(696) Pause Young (Allocation Failure) 2705M->2547M(3641M) 196.324ms
[2025-08-01T01:21:16.490+0000] GC(696) User=1.50s Sys=0.04s Real=0.19s
[2025-08-01T01:21:16.575+0000] GC(697) Pause Young (Allocation Failure)
[2025-08-01T01:21:16.655+0000] GC(697) PSYoungGen: 881248K(931840K)->258496K(931840K) Eden: 465920K(465920K)->0K(465920K) From: 415328K(465920K)->258496K(465920K)
[2025-08-01T01:21:16.655+0000] GC(697) ParOldGen: 2193575K(2796544K)->2380591K(2796544K)
[2025-08-01T01:21:16.655+0000] GC(697) Metaspace: 10058K(10240K)->10058K(10240K) NonClass: 8831K(8896K)->8831K(8896K) Class: 1226K(1344K)->1226K(1344K)
[2025-08-01T01:21:16.655+0000] GC(697) Pause Young (Allocation Failure) 3002M->2577M(3641M) 79.884ms
[2025-08-01T01:21:16.655+0000] GC(697) User=0.59s Sys=0.03s Real=0.08s
[2025-08-01T01:21:16.743+0000] GC(698) Pause Full (Ergonomics)
[2025-08-01T01:21:16.743+0000] GC(698) Marking Phase
[2025-08-01T01:21:16.799+0000] GC(698) Marking Phase 56.354ms
[2025-08-01T01:21:16.799+0000] GC(698) Summary Phase
[2025-08-01T01:21:16.799+0000] GC(698) Summary Phase 0.095ms
[2025-08-01T01:21:16.799+0000] GC(698) Adjust Roots
[2025-08-01T01:21:16.802+0000] GC(698) Adjust Roots 3.213ms
[2025-08-01T01:21:16.803+0000] GC(698) Compaction Phase
[2025-08-01T01:21:16.895+0000] GC(698) Compaction Phase 92.737ms
[2025-08-01T01:21:16.895+0000] GC(698) Post Compact
[2025-08-01T01:21:16.919+0000] GC(698) Post Compact 23.936ms
[2025-08-01T01:21:16.919+0000] GC(698) PSYoungGen: 724416K(931840K)->0K(931840K) Eden: 465920K(465920K)->0K(465920K) From: 258496K(465920K)->0K(465920K)
[2025-08-01T01:21:16.919+0000] GC(698) ParOldGen: 2380591K(2796544K)->554244K(2796544K)
[2025-08-01T01:21:16.919+0000] GC(698) Metaspace: 10058K(10240K)->10058K(10240K) NonClass: 8831K(8896K)->8831K(8896K) Class: 1226K(1344K)->1226K(1344K)
[2025-08-01T01:21:16.920+0000] GC(698) Pause Full (Ergonomics) 3032M->541M(3641M) 176.853ms
[2025-08-01T01:21:16.920+0000] GC(698) User=1.13s Sys=0.04s Real=0.18s
[2025-08-01T01:21:17.006+0000] GC(699) Pause Young (Allocation Failure)
[2025-08-01T01:21:17.078+0000] GC(699) PSYoungGen: 465920K(931840K)->465920K(931840K) Eden: 465920K(465920K)->0K(465920K) From: 0K(465920K)->465920K(465920K)
[2025-08-01T01:21:17.078+0000] GC(699) ParOldGen: 554244K(2796544K)->559796K(2796544K)
[2025-08-01T01:21:17.078+0000] GC(699) Metaspace: 10058K(10240K)->10058K(10240K) NonClass: 8831K(8896K)->8831K(8896K) Class: 1226K(1344K)->1226K(1344K)
[2025-08-01T01:21:17.079+0000] GC(699) Pause Young (Allocation Failure) 996M->1001M(3641M) 72.274ms
[2025-08-01T01:21:17.079+0000] GC(699) User=0.56s Sys=0.01s Real=0.07s
[2025-08-01T01:21:17.167+0000] GC(700) Pause Young (Allocation Failure)
[2025-08-01T01:21:17.325+0000] GC(700) PSYoungGen: 931840K(931840K)->465920K(931840K) Eden: 465920K(465920K)->0K(465920K) From: 465920K(465920K)->465920K(465920K)
[2025-08-01T01:21:17.325+0000] GC(700) ParOldGen: 559796K(2796544K)->1060932K(2796544K)
[2025-08-01T01:21:17.325+0000] GC(700) Metaspace: 10058K(10240K)->10058K(10240K) NonClass: 8831K(8896K)->8831K(8896K) Class: 1226K(1344K)->1226K(1344K)
[2025-08-01T01:21:17.325+0000] GC(700) Pause Young (Allocation Failure) 1456M->1491M(3641M) 158.517ms
[2025-08-01T01:21:17.325+0000] GC(700) User=1.21s Sys=0.02s Real=0.16s
[2025-08-01T01:21:17.414+0000] GC(701) Pause Young (Allocation Failure)
[2025-08-01T01:21:17.531+0000] GC(701) PSYoungGen: 931840K(931840K)->269728K(931840K) Eden: 465920K(465920K)->0K(465920K) From: 465920K(465920K)->269728K(465920K)
[2025-08-01T01:21:17.531+0000] GC(701) ParOldGen: 1060932K(2796544K)->1205196K(2796544K)
[2025-08-01T01:21:17.531+0000] GC(701) Metaspace: 10058K(10240K)->10058K(10240K) NonClass: 8831K(8896K)->8831K(8896K) Class: 1226K(1344K)->1226K(1344K)
[2025-08-01T01:21:17.531+0000] GC(701) Pause Young (Allocation Failure) 1946M->1440M(3641M) 117.468ms
[2025-08-01T01:21:17.531+0000] GC(701) User=0.89s Sys=0.03s Real=0.11s
[2025-08-01T01:21:17.623+0000] GC(702) Pause Young (Allocation Failure)
[2025-08-01T01:21:17.709+0000] GC(702) PSYoungGen: 735648K(931840K)->377792K(931840K) Eden: 465920K(465920K)->0K(465920K) From: 269728K(465920K)->377792K(465920K)
[2025-08-01T01:21:17.709+0000] GC(702) ParOldGen: 1205196K(2796544K)->1372796K(2796544K)
[2025-08-01T01:21:17.709+0000] GC(702) Metaspace: 10058K(10240K)->10058K(10240K) NonClass: 8831K(8896K)->8831K(8896K) Class: 1226K(1344K)->1226K(1344K)
[2025-08-01T01:21:17.709+0000] GC(702) Pause Young (Allocation Failure) 1895M->1709M(3641M) 86.476ms
[2025-08-01T01:21:17.709+0000] GC(702) User=0.66s Sys=0.01s Real=0.09s
[2025-08-01T01:21:17.798+0000] GC(703) Pause Young (Allocation Failure)
[2025-08-01T01:21:17.939+0000] GC(703) PSYoungGen: 843712K(931840K)->465920K(931840K) Eden: 465920K(465920K)->0K(465920K) From: 377792K(465920K)->465920K(465920K)
[2025-08-01T01:21:17.939+0000] GC(703) ParOldGen: 1372796K(2796544K)->1782964K(2796544K)
[2025-08-01T01:21:17.939+0000] GC(703) Metaspace: 10058K(10240K)->10058K(10240K) NonClass: 8831K(8896K)->8831K(8896K) Class: 1226K(1344K)->1226K(1344K)
[2025-08-01T01:21:17.939+0000] GC(703) Pause Young (Allocation Failure) 2164M->2196M(3641M) 140.661ms
[2025-08-01T01:21:17.939+0000] GC(703) User=1.08s Sys=0.02s Real=0.14s
[2025-08-01T01:21:18.027+0000] GC(704) Pause Young (Allocation Failure)
[2025-08-01T01:21:18.188+0000] GC(704) PSYoungGen: 931840K(931840K)->465920K(931840K) Eden: 465920K(465920K)->0K(465920K) From: 465920K(465920K)->465920K(465920K)
[2025-08-01T01:21:18.188+0000] GC(704) ParOldGen: 1782964K(2796544K)->2281156K(2796544K)
[2025-08-01T01:21:18.188+0000] GC(704) Metaspace: 10058K(10240K)->10058K(10240K) NonClass: 8831K(8896K)->8831K(8896K) Class: 1226K(1344K)->1226K(1344K)
[2025-08-01T01:21:18.188+0000] GC(704) Pause Young (Allocation Failure) 2651M->2682M(3641M) 160.444ms
[2025-08-01T01:21:18.188+0000] GC(704) User=1.18s Sys=0.05s Real=0.16s
[2025-08-01T01:21:18.278+0000] GC(705) Pause Full (Ergonomics)
[2025-08-01T01:21:18.278+0000] GC(705) Marking Phase
[2025-08-01T01:21:18.340+0000] GC(705) Marking Phase 61.681ms
[2025-08-01T01:21:18.340+0000] GC(705) Summary Phase
[2025-08-01T01:21:18.340+0000] GC(705) Summary Phase 0.111ms
[2025-08-01T01:21:18.340+0000] GC(705) Adjust Roots
[2025-08-01T01:21:18.341+0000] GC(705) Adjust Roots 1.185ms
[2025-08-01T01:21:18.341+0000] GC(705) Compaction Phase
[2025-08-01T01:21:18.440+0000] GC(705) Compaction Phase 98.641ms
[2025-08-01T01:21:18.440+0000] GC(705) Post Compact
[2025-08-01T01:21:18.462+0000] GC(705) Post Compact 21.751ms
[2025-08-01T01:21:18.462+0000] GC(705) PSYoungGen: 931840K(931840K)->0K(931840K) Eden: 465920K(465920K)->0K(465920K) From: 465920K(465920K)->0K(465920K)
[2025-08-01T01:21:18.462+0000] GC(705) ParOldGen: 2281156K(2796544K)->557764K(2796544K)
[2025-08-01T01:21:18.462+0000] GC(705) Metaspace: 10058K(10240K)->10058K(10240K) NonClass: 8831K(8896K)->8831K(8896K) Class: 1226K(1344K)->1226K(1344K)
[2025-08-01T01:21:18.462+0000] GC(705) Pause Full (Ergonomics) 3137M->544M(3641M) 183.794ms
[2025-08-01T01:21:18.462+0000] GC(705) User=1.19s Sys=0.05s Real=0.18s
[2025-08-01T01:21:18.549+0000] GC(706) Pause Young (Allocation Failure)
[2025-08-01T01:21:18.629+0000] GC(706) PSYoungGen: 465920K(931840K)->378688K(931840K) Eden: 465920K(465920K)->0K(465920K) From: 0K(465920K)->378688K(465920K)
[2025-08-01T01:21:18.629+0000] GC(706) ParOldGen: 557764K(2796544K)->557764K(2796544K)
[2025-08-01T01:21:18.629+0000] GC(706) Metaspace: 10058K(10240K)->10058K(10240K) NonClass: 8831K(8896K)->8831K(8896K) Class: 1226K(1344K)->1226K(1344K)
[2025-08-01T01:21:18.629+0000] GC(706) Pause Young (Allocation Failure) 999M->914M(3641M) 80.494ms
[2025-08-01T01:21:18.630+0000] GC(706) User=0.56s Sys=0.03s Real=0.08s
[2025-08-01T01:21:18.719+0000] GC(707) Pause Young (Allocation Failure)
[2025-08-01T01:21:18.854+0000] GC(707) PSYoungGen: 844608K(931840K)->465920K(931840K) Eden: 465920K(465920K)->0K(465920K) From: 378688K(465920K)->465920K(465920K)
[2025-08-01T01:21:18.854+0000] GC(707) ParOldGen: 557764K(2796544K)->968236K(2796544K)
[2025-08-01T01:21:18.854+0000] GC(707) Metaspace: 10058K(10240K)->10058K(10240K) NonClass: 8831K(8896K)->8831K(8896K) Class: 1226K(1344K)->1226K(1344K)
[2025-08-01T01:21:18.854+0000] GC(707) Pause Young (Allocation Failure) 1369M->1400M(3641M) 135.020ms
[2025-08-01T01:21:18.854+0000] GC(707) User=1.06s Sys=0.00s Real=0.14s
[2025-08-01T01:21:18.944+0000] GC(708) Pause Young (Allocation Failure)
[2025-08-01T01:21:19.090+0000] GC(708) PSYoungGen: 931840K(931840K)->465920K(931840K) Eden: 465920K(465920K)->0K(465920K) From: 465920K(465920K)->465920K(465920K)
[2025-08-01T01:21:19.090+0000] GC(708) ParOldGen: 968236K(2796544K)->1470436K(2796544K)
[2025-08-01T01:21:19.090+0000] GC(708) Metaspace: 10058K(10240K)->10058K(10240K) NonClass: 8831K(8896K)->8831K(8896K) Class: 1226K(1344K)->1226K(1344K)
[2025-08-01T01:21:19.090+0000] GC(708) Pause Young (Allocation Failure) 1855M->1890M(3641M) 146.184ms
[2025-08-01T01:21:19.090+0000] GC(708) User=1.11s Sys=0.02s Real=0.14s
[2025-08-01T01:21:19.182+0000] GC(709) Pause Young (Allocation Failure)
[2025-08-01T01:21:19.276+0000] GC(709) PSYoungGen: 931840K(931840K)->290624K(931840K) Eden: 465920K(465920K)->0K(465920K) From: 465920K(465920K)->290624K(465920K)
[2025-08-01T01:21:19.276+0000] GC(709) ParOldGen: 1470436K(2796544K)->1594124K(2796544K)
[2025-08-01T01:21:19.276+0000] GC(709) Metaspace: 10058K(10240K)->10058K(10240K) NonClass: 8831K(8896K)->8831K(8896K) Class: 1226K(1344K)->1226K(1344K)
[2025-08-01T01:21:19.277+0000] GC(709) Pause Young (Allocation Failure) 2345M->1840M(3641M) 94.646ms
[2025-08-01T01:21:19.277+0000] GC(709) User=0.70s Sys=0.02s Real=0.10s
[2025-08-01T01:21:19.373+0000] GC(710) Pause Young (Allocation Failure)
[2025-08-01T01:21:19.506+0000] GC(710) PSYoungGen: 756544K(931840K)->379328K(931840K) Eden: 465920K(465920K)->0K(465920K) From: 290624K(465920K)->379328K(465920K)
[2025-08-01T01:21:19.506+0000] GC(710) ParOldGen: 1594124K(2796544K)->1774844K(2796544K)
[2025-08-01T01:21:19.506+0000] GC(710) Metaspace: 10058K(10240K)->10058K(10240K) NonClass: 8831K(8896K)->8831K(8896K) Class: 1226K(1344K)->1226K(1344K)
[2025-08-01T01:21:19.506+0000] GC(710) Pause Young (Allocation Failure) 2295M->2103M(3641M) 133.381ms
[2025-08-01T01:21:19.506+0000] GC(710) User=1.02s Sys=0.02s Real=0.14s
[2025-08-01T01:21:19.601+0000] GC(711) Pause Young (Allocation Failure)
[2025-08-01T01:21:19.760+0000] GC(711) PSYoungGen: 845248K(931840K)->465920K(931840K) Eden: 465920K(465920K)->0K(465920K) From: 379328K(465920K)->465920K(465920K)
[2025-08-01T01:21:19.760+0000] GC(711) ParOldGen: 1774844K(2796544K)->2186732K(2796544K)
[2025-08-01T01:21:19.760+0000] GC(711) Metaspace: 10058K(10240K)->10058K(10240K) NonClass: 8831K(8896K)->8831K(8896K) Class: 1226K(1344K)->1226K(1344K)
[2025-08-01T01:21:19.760+0000] GC(711) Pause Young (Allocation Failure) 2558M->2590M(3641M) 158.946ms
[2025-08-01T01:21:19.760+0000] GC(711) User=1.24s Sys=0.01s Real=0.16s
[2025-08-01T01:21:19.848+0000] GC(712) Pause Full (Ergonomics)
[2025-08-01T01:21:19.848+0000] GC(712) Marking Phase
[2025-08-01T01:21:19.918+0000] GC(712) Marking Phase 69.954ms
[2025-08-01T01:21:19.918+0000] GC(712) Summary Phase
[2025-08-01T01:21:19.918+0000] GC(712) Summary Phase 0.145ms
[2025-08-01T01:21:19.918+0000] GC(712) Adjust Roots
[2025-08-01T01:21:19.920+0000] GC(712) Adjust Roots 1.773ms
[2025-08-01T01:21:19.920+0000] GC(712) Compaction Phase
[2025-08-01T01:21:20.127+0000] GC(712) Compaction Phase 206.672ms
[2025-08-01T01:21:20.127+0000] GC(712) Post Compact
[2025-08-01T01:21:20.148+0000] GC(712) Post Compact 21.549ms
[2025-08-01T01:21:20.148+0000] GC(712) PSYoungGen: 931840K(931840K)->0K(931840K) Eden: 465920K(465920K)->0K(465920K) From: 465920K(465920K)->0K(465920K)
[2025-08-01T01:21:20.148+0000] GC(712) ParOldGen: 2186732K(2796544K)->1500171K(2796544K)
[2025-08-01T01:21:20.149+0000] GC(712) Metaspace: 10058K(10240K)->10058K(10240K) NonClass: 8831K(8896K)->8831K(8896K) Class: 1226K(1344K)->1226K(1344K)
[2025-08-01T01:21:20.149+0000] GC(712) Pause Full (Ergonomics) 3045M->1465M(3641M) 300.559ms
[2025-08-01T01:21:20.149+0000] GC(712) User=2.19s Sys=0.00s Real=0.30s
[2025-08-01T01:21:20.248+0000] GC(713) Pause Young (Allocation Failure)
[2025-08-01T01:21:20.327+0000] GC(713) PSYoungGen: 465920K(931840K)->294720K(931840K) Eden: 465920K(465920K)->0K(465920K) From: 0K(465920K)->294720K(465920K)
[2025-08-01T01:21:20.327+0000] GC(713) ParOldGen: 1500171K(2796544K)->1500171K(2796544K)
[2025-08-01T01:21:20.327+0000] GC(713) Metaspace: 10058K(10240K)->10058K(10240K) NonClass: 8831K(8896K)->8831K(8896K) Class: 1226K(1344K)->1226K(1344K)
[2025-08-01T01:21:20.327+0000] GC(713) Pause Young (Allocation Failure) 1920M->1752M(3641M) 78.819ms
[2025-08-01T01:21:20.327+0000] GC(713) User=0.59s Sys=0.01s Real=0.08s
[2025-08-01T01:21:20.420+0000] GC(714) Pause Young (Allocation Failure)
[2025-08-01T01:21:20.536+0000] GC(714) PSYoungGen: 760640K(931840K)->377248K(931840K) Eden: 465920K(465920K)->0K(465920K) From: 294720K(465920K)->377248K(465920K)
[2025-08-01T01:21:20.536+0000] GC(714) ParOldGen: 1500171K(2796544K)->1690331K(2796544K)
[2025-08-01T01:21:20.536+0000] GC(714) Metaspace: 10058K(10240K)->10058K(10240K) NonClass: 8831K(8896K)->8831K(8896K) Class: 1226K(1344K)->1226K(1344K)
[2025-08-01T01:21:20.536+0000] GC(714) Pause Young (Allocation Failure) 2207M->2019M(3641M) 116.879ms
[2025-08-01T01:21:20.536+0000] GC(714) User=0.88s Sys=0.04s Real=0.12s
[2025-08-01T01:21:20.627+0000] GC(715) Pause Young (Allocation Failure)
[2025-08-01T01:21:20.782+0000] GC(715) PSYoungGen: 843168K(931840K)->465920K(931840K) Eden: 465920K(465920K)->0K(465920K) From: 377248K(465920K)->465920K(465920K)
[2025-08-01T01:21:20.782+0000] GC(715) ParOldGen: 1690331K(2796544K)->2097539K(2796544K)
[2025-08-01T01:21:20.782+0000] GC(715) Metaspace: 10058K(10240K)->10058K(10240K) NonClass: 8831K(8896K)->8831K(8896K) Class: 1226K(1344K)->1226K(1344K)
[2025-08-01T01:21:20.782+0000] GC(715) Pause Young (Allocation Failure) 2474M->2503M(3641M) 154.734ms
[2025-08-01T01:21:20.782+0000] GC(715) User=1.14s Sys=0.05s Real=0.15s
[2025-08-01T01:21:20.874+0000] GC(716) Pause Young (Allocation Failure)
[2025-08-01T01:21:21.011+0000] GC(716) PSYoungGen: 931840K(931840K)->465920K(931840K) Eden: 465920K(465920K)->0K(465920K) From: 465920K(465920K)->465920K(465920K)
[2025-08-01T01:21:21.011+0000] GC(716) ParOldGen: 2097539K(2796544K)->2600827K(2796544K)
[2025-08-01T01:21:21.011+0000] GC(716) Metaspace: 10058K(10240K)->10058K(10240K) NonClass: 8831K(8896K)->8831K(8896K) Class: 1226K(1344K)->1226K(1344K)
[2025-08-01T01:21:21.011+0000] GC(716) Pause Young (Allocation Failure) 2958M->2994M(3641M) 137.197ms
[2025-08-01T01:21:21.011+0000] GC(716) User=1.08s Sys=0.00s Real=0.13s
[2025-08-01T01:21:21.104+0000] GC(717) Pause Full (Ergonomics)
[2025-08-01T01:21:21.104+0000] GC(717) Marking Phase
[2025-08-01T01:21:21.143+0000] GC(717) Marking Phase 38.839ms
[2025-08-01T01:21:21.143+0000] GC(717) Summary Phase
[2025-08-01T01:21:21.143+0000] GC(717) Summary Phase 0.112ms
[2025-08-01T01:21:21.143+0000] GC(717) Adjust Roots
[2025-08-01T01:21:21.145+0000] GC(717) Adjust Roots 1.748ms
[2025-08-01T01:21:21.145+0000] GC(717) Compaction Phase
[2025-08-01T01:21:21.227+0000] GC(717) Compaction Phase 82.196ms
[2025-08-01T01:21:21.227+0000] GC(717) Post Compact
[2025-08-01T01:21:21.250+0000] GC(717) Post Compact 22.574ms
[2025-08-01T01:21:21.250+0000] GC(717) PSYoungGen: 931840K(931840K)->0K(931840K) Eden: 465920K(465920K)->0K(465920K) From: 465920K(465920K)->0K(465920K)
[2025-08-01T01:21:21.250+0000] GC(717) ParOldGen: 2600827K(2796544K)->580650K(2796544K)
[2025-08-01T01:21:21.250+0000] GC(717) Metaspace: 10058K(10240K)->10058K(10240K) NonClass: 8831K(8896K)->8831K(8896K) Class: 1226K(1344K)->1226K(1344K)
[2025-08-01T01:21:21.250+0000] GC(717) Pause Full (Ergonomics) 3449M->567M(3641M) 145.890ms
[2025-08-01T01:21:21.250+0000] GC(717) User=0.94s Sys=0.03s Real=0.14s
[2025-08-01T01:21:21.336+0000] GC(718) Pause Young (Allocation Failure)
[2025-08-01T01:21:21.404+0000] GC(718) PSYoungGen: 465920K(931840K)->375648K(931840K) Eden: 465920K(465920K)->0K(465920K) From: 0K(465920K)->375648K(465920K)
[2025-08-01T01:21:21.404+0000] GC(718) ParOldGen: 580650K(2796544K)->580650K(2796544K)
[2025-08-01T01:21:21.404+0000] GC(718) Metaspace: 10058K(10240K)->10058K(10240K) NonClass: 8831K(8896K)->8831K(8896K) Class: 1226K(1344K)->1226K(1344K)
[2025-08-01T01:21:21.404+0000] GC(718) Pause Young (Allocation Failure) 1022M->933M(3641M) 67.597ms
[2025-08-01T01:21:21.404+0000] GC(718) User=0.52s Sys=0.01s Real=0.07s
[2025-08-01T01:21:21.494+0000] GC(719) Pause Young (Allocation Failure)
[2025-08-01T01:21:21.679+0000] GC(719) PSYoungGen: 841568K(931840K)->465920K(931840K) Eden: 465920K(465920K)->0K(465920K) From: 375648K(465920K)->465920K(465920K)
[2025-08-01T01:21:21.679+0000] GC(719) ParOldGen: 580650K(2796544K)->988034K(2796544K)
[2025-08-01T01:21:21.679+0000] GC(719) Metaspace: 10058K(10240K)->10058K(10240K) NonClass: 8831K(8896K)->8831K(8896K) Class: 1226K(1344K)->1226K(1344K)
[2025-08-01T01:21:21.679+0000] GC(719) Pause Young (Allocation Failure) 1388M->1419M(3641M) 184.868ms
[2025-08-01T01:21:21.679+0000] GC(719) User=1.40s Sys=0.05s Real=0.18s
[2025-08-01T01:21:21.768+0000] GC(720) Pause Young (Allocation Failure)
[2025-08-01T01:21:21.904+0000] GC(720) PSYoungGen: 931840K(931840K)->465920K(931840K) Eden: 465920K(465920K)->0K(465920K) From: 465920K(465920K)->465920K(465920K)
[2025-08-01T01:21:21.905+0000] GC(720) ParOldGen: 988034K(2796544K)->1490498K(2796544K)
[2025-08-01T01:21:21.905+0000] GC(720) Metaspace: 10058K(10240K)->10058K(10240K) NonClass: 8831K(8896K)->8831K(8896K) Class: 1226K(1344K)->1226K(1344K)
[2025-08-01T01:21:21.905+0000] GC(720) Pause Young (Allocation Failure) 1874M->1910M(3641M) 136.505ms
[2025-08-01T01:21:21.905+0000] GC(720) User=1.08s Sys=0.00s Real=0.14s
[2025-08-01T01:21:22.043+0000] GC(721) Pause Young (Allocation Failure)
[2025-08-01T01:21:22.167+0000] GC(721) PSYoungGen: 931840K(931840K)->303936K(931840K) Eden: 465920K(465920K)->0K(465920K) From: 465920K(465920K)->303936K(465920K)
[2025-08-01T01:21:22.168+0000] GC(721) ParOldGen: 1490498K(2796544K)->1614034K(2796544K)
[2025-08-01T01:21:22.168+0000] GC(721) Metaspace: 10058K(10240K)->10058K(10240K) NonClass: 8831K(8896K)->8831K(8896K) Class: 1226K(1344K)->1226K(1344K)
[2025-08-01T01:21:22.168+0000] GC(721) Pause Young (Allocation Failure) 2365M->1873M(3641M) 124.159ms
[2025-08-01T01:21:22.168+0000] GC(721) User=0.93s Sys=0.04s Real=0.12s
[2025-08-01T01:21:22.270+0000] GC(722) Pause Young (Allocation Failure)
[2025-08-01T01:21:22.388+0000] GC(722) PSYoungGen: 769856K(931840K)->380384K(931840K) Eden: 465920K(465920K)->0K(465920K) From: 303936K(465920K)->380384K(465920K)
[2025-08-01T01:21:22.388+0000] GC(722) ParOldGen: 1614034K(2796544K)->1816866K(2796544K)
[2025-08-01T01:21:22.388+0000] GC(722) Metaspace: 10058K(10240K)->10058K(10240K) NonClass: 8831K(8896K)->8831K(8896K) Class: 1226K(1344K)->1226K(1344K)
[2025-08-01T01:21:22.388+0000] GC(722) Pause Young (Allocation Failure) 2328M->2145M(3641M) 118.733ms
[2025-08-01T01:21:22.388+0000] GC(722) User=0.87s Sys=0.05s Real=0.12s
[2025-08-01T01:21:22.476+0000] GC(723) Pause Young (Allocation Failure)
[2025-08-01T01:21:22.662+0000] GC(723) PSYoungGen: 846304K(931840K)->465920K(931840K) Eden: 465920K(465920K)->0K(465920K) From: 380384K(465920K)->465920K(465920K)
[2025-08-01T01:21:22.662+0000] GC(723) ParOldGen: 1816866K(2796544K)->2227522K(2796544K)
[2025-08-01T01:21:22.662+0000] GC(723) Metaspace: 10058K(10240K)->10058K(10240K) NonClass: 8831K(8896K)->8831K(8896K) Class: 1226K(1344K)->1226K(1344K)
[2025-08-01T01:21:22.662+0000] GC(723) Pause Young (Allocation Failure) 2600M->2630M(3641M) 185.662ms
[2025-08-01T01:21:22.662+0000] GC(723) User=1.35s Sys=0.08s Real=0.18s
[2025-08-01T01:21:22.748+0000] GC(724) Pause Full (Ergonomics)
[2025-08-01T01:21:22.748+0000] GC(724) Marking Phase
[2025-08-01T01:21:22.868+0000] GC(724) Marking Phase 119.322ms
[2025-08-01T01:21:22.868+0000] GC(724) Summary Phase
[2025-08-01T01:21:22.868+0000] GC(724) Summary Phase 0.153ms
[2025-08-01T01:21:22.868+0000] GC(724) Adjust Roots
[2025-08-01T01:21:22.869+0000] GC(724) Adjust Roots 1.260ms
[2025-08-01T01:21:22.869+0000] GC(724) Compaction Phase
[2025-08-01T01:21:23.083+0000] GC(724) Compaction Phase 213.693ms
[2025-08-01T01:21:23.083+0000] GC(724) Post Compact
[2025-08-01T01:21:23.104+0000] GC(724) Post Compact 20.428ms
[2025-08-01T01:21:23.104+0000] GC(724) PSYoungGen: 931840K(931840K)->0K(931840K) Eden: 465920K(465920K)->0K(465920K) From: 465920K(465920K)->0K(465920K)
[2025-08-01T01:21:23.104+0000] GC(724) ParOldGen: 2227522K(2796544K)->1518717K(2796544K)
[2025-08-01T01:21:23.104+0000] GC(724) Metaspace: 10058K(10240K)->10058K(10240K) NonClass: 8831K(8896K)->8831K(8896K) Class: 1226K(1344K)->1226K(1344K)
[2025-08-01T01:21:23.104+0000] GC(724) Pause Full (Ergonomics) 3085M->1483M(3641M) 355.531ms
[2025-08-01T01:21:23.104+0000] GC(724) User=2.59s Sys=0.04s Real=0.36s
[2025-08-01T01:21:23.189+0000] GC(725) Pause Young (Allocation Failure)
[2025-08-01T01:21:23.270+0000] GC(725) PSYoungGen: 465920K(931840K)->294592K(931840K) Eden: 465920K(465920K)->0K(465920K) From: 0K(465920K)->294592K(465920K)
[2025-08-01T01:21:23.270+0000] GC(725) ParOldGen: 1518717K(2796544K)->1518717K(2796544K)
[2025-08-01T01:21:23.270+0000] GC(725) Metaspace: 10058K(10240K)->10058K(10240K) NonClass: 8831K(8896K)->8831K(8896K) Class: 1226K(1344K)->1226K(1344K)
[2025-08-01T01:21:23.270+0000] GC(725) Pause Young (Allocation Failure) 1938M->1770M(3641M) 81.501ms
[2025-08-01T01:21:23.270+0000] GC(725) User=0.58s Sys=0.03s Real=0.08s
[2025-08-01T01:21:23.357+0000] GC(726) Pause Young (Allocation Failure)
[2025-08-01T01:21:23.454+0000] GC(726) PSYoungGen: 760512K(931840K)->417216K(931840K) Eden: 465920K(465920K)->0K(465920K) From: 294592K(465920K)->417216K(465920K)
[2025-08-01T01:21:23.454+0000] GC(726) ParOldGen: 1518717K(2796544K)->1689197K(2796544K)
[2025-08-01T01:21:23.454+0000] GC(726) Metaspace: 10058K(10240K)->10058K(10240K) NonClass: 8831K(8896K)->8831K(8896K) Class: 1226K(1344K)->1226K(1344K)
[2025-08-01T01:21:23.454+0000] GC(726) Pause Young (Allocation Failure) 2225M->2057M(3641M) 97.374ms
[2025-08-01T01:21:23.454+0000] GC(726) User=0.74s Sys=0.03s Real=0.10s
[2025-08-01T01:21:23.539+0000] GC(727) Pause Young (Allocation Failure)
[2025-08-01T01:21:23.725+0000] GC(727) PSYoungGen: 883136K(931840K)->465920K(931840K) Eden: 465920K(465920K)->0K(465920K) From: 417216K(465920K)->465920K(465920K)
[2025-08-01T01:21:23.725+0000] GC(727) ParOldGen: 1689197K(2796544K)->2139613K(2796544K)
[2025-08-01T01:21:23.725+0000] GC(727) Metaspace: 10058K(10240K)->10058K(10240K) NonClass: 8831K(8896K)->8831K(8896K) Class: 1226K(1344K)->1226K(1344K)
[2025-08-01T01:21:23.725+0000] GC(727) Pause Young (Allocation Failure) 2512M->2544M(3641M) 185.649ms
[2025-08-01T01:21:23.725+0000] GC(727) User=1.43s Sys=0.04s Real=0.19s
[2025-08-01T01:21:23.809+0000] GC(728) Pause Full (Ergonomics)
[2025-08-01T01:21:23.809+0000] GC(728) Marking Phase
[2025-08-01T01:21:23.973+0000] GC(728) Marking Phase 163.185ms
[2025-08-01T01:21:23.973+0000] GC(728) Summary Phase
[2025-08-01T01:21:23.973+0000] GC(728) Summary Phase 0.274ms
[2025-08-01T01:21:23.973+0000] GC(728) Adjust Roots
[2025-08-01T01:21:23.975+0000] GC(728) Adjust Roots 2.533ms
[2025-08-01T01:21:23.975+0000] GC(728) Compaction Phase
[2025-08-01T01:21:24.197+0000] GC(728) Compaction Phase 221.543ms
[2025-08-01T01:21:24.197+0000] GC(728) Post Compact
[2025-08-01T01:21:24.219+0000] GC(728) Post Compact 21.723ms
[2025-08-01T01:21:24.219+0000] GC(728) PSYoungGen: 931840K(931840K)->0K(931840K) Eden: 465920K(465920K)->0K(465920K) From: 465920K(465920K)->0K(465920K)
[2025-08-01T01:21:24.219+0000] GC(728) ParOldGen: 2139613K(2796544K)->1522586K(2796544K)
[2025-08-01T01:21:24.219+0000] GC(728) Metaspace: 10058K(10240K)->10058K(10240K) NonClass: 8831K(8896K)->8831K(8896K) Class: 1226K(1344K)->1226K(1344K)
[2025-08-01T01:21:24.219+0000] GC(728) Pause Full (Ergonomics) 2999M->1486M(3641M) 409.701ms
[2025-08-01T01:21:24.219+0000] GC(728) User=2.96s Sys=0.03s Real=0.41s
[2025-08-01T01:21:24.304+0000] GC(729) Pause Young (Allocation Failure)
[2025-08-01T01:21:24.354+0000] GC(729) PSYoungGen: 465920K(931840K)->272416K(931840K) Eden: 465920K(465920K)->0K(465920K) From: 0K(465920K)->272416K(465920K)
[2025-08-01T01:21:24.354+0000] GC(729) ParOldGen: 1522586K(2796544K)->1522586K(2796544K)
[2025-08-01T01:21:24.354+0000] GC(729) Metaspace: 10058K(10240K)->10058K(10240K) NonClass: 8831K(8896K)->8831K(8896K) Class: 1226K(1344K)->1226K(1344K)
[2025-08-01T01:21:24.354+0000] GC(729) Pause Young (Allocation Failure) 1941M->1752M(3641M) 49.596ms
[2025-08-01T01:21:24.354+0000] GC(729) User=0.34s Sys=0.02s Real=0.05s
[2025-08-01T01:21:24.444+0000] GC(730) Pause Young (Allocation Failure)
[2025-08-01T01:21:24.565+0000] GC(730) PSYoungGen: 738336K(931840K)->419968K(931840K) Eden: 465920K(465920K)->0K(465920K) From: 272416K(465920K)->419968K(465920K)
[2025-08-01T01:21:24.565+0000] GC(730) ParOldGen: 1522586K(2796544K)->1697458K(2796544K)
[2025-08-01T01:21:24.565+0000] GC(730) Metaspace: 10058K(10240K)->10058K(10240K) NonClass: 8831K(8896K)->8831K(8896K) Class: 1226K(1344K)->1226K(1344K)
[2025-08-01T01:21:24.565+0000] GC(730) Pause Young (Allocation Failure) 2207M->2067M(3641M) 121.700ms
[2025-08-01T01:21:24.565+0000] GC(730) User=0.91s Sys=0.04s Real=0.12s
[2025-08-01T01:21:24.652+0000] GC(731) Pause Young (Allocation Failure)
[2025-08-01T01:21:24.790+0000] GC(731) PSYoungGen: 885888K(931840K)->465920K(931840K) Eden: 465920K(465920K)->0K(465920K) From: 419968K(465920K)->465920K(465920K)
[2025-08-01T01:21:24.790+0000] GC(731) ParOldGen: 1697458K(2796544K)->2149002K(2796544K)
[2025-08-01T01:21:24.790+0000] GC(731) Metaspace: 10058K(10240K)->10058K(10240K) NonClass: 8831K(8896K)->8831K(8896K) Class: 1226K(1344K)->1226K(1344K)
[2025-08-01T01:21:24.790+0000] GC(731) Pause Young (Allocation Failure) 2522M->2553M(3641M) 138.594ms
[2025-08-01T01:21:24.790+0000] GC(731) User=1.09s Sys=0.01s Real=0.14s
[2025-08-01T01:21:24.877+0000] GC(732) Pause Full (Ergonomics)
[2025-08-01T01:21:24.877+0000] GC(732) Marking Phase
[2025-08-01T01:21:25.015+0000] GC(732) Marking Phase 137.540ms
[2025-08-01T01:21:25.015+0000] GC(732) Summary Phase
[2025-08-01T01:21:25.015+0000] GC(732) Summary Phase 0.133ms
[2025-08-01T01:21:25.015+0000] GC(732) Adjust Roots
[2025-08-01T01:21:25.018+0000] GC(732) Adjust Roots 2.391ms
[2025-08-01T01:21:25.018+0000] GC(732) Compaction Phase
[2025-08-01T01:21:25.271+0000] GC(732) Compaction Phase 252.855ms
[2025-08-01T01:21:25.271+0000] GC(732) Post Compact
[2025-08-01T01:21:25.292+0000] GC(732) Post Compact 21.072ms
[2025-08-01T01:21:25.292+0000] GC(732) PSYoungGen: 931840K(931840K)->0K(931840K) Eden: 465920K(465920K)->0K(465920K) From: 465920K(465920K)->0K(465920K)
[2025-08-01T01:21:25.292+0000] GC(732) ParOldGen: 2149002K(2796544K)->1529327K(2796544K)
[2025-08-01T01:21:25.292+0000] GC(732) Metaspace: 10058K(10240K)->10058K(10240K) NonClass: 8831K(8896K)->8831K(8896K) Class: 1226K(1344K)->1226K(1344K)
[2025-08-01T01:21:25.292+0000] GC(732) Pause Full (Ergonomics) 3008M->1493M(3641M) 414.515ms
[2025-08-01T01:21:25.292+0000] GC(732) User=3.01s Sys=0.05s Real=0.41s
[2025-08-01T01:21:25.378+0000] GC(733) Pause Young (Allocation Failure)
[2025-08-01T01:21:25.455+0000] GC(733) PSYoungGen: 465920K(931840K)->284512K(931840K) Eden: 465920K(465920K)->0K(465920K) From: 0K(465920K)->284512K(465920K)
[2025-08-01T01:21:25.455+0000] GC(733) ParOldGen: 1529327K(2796544K)->1529327K(2796544K)
[2025-08-01T01:21:25.455+0000] GC(733) Metaspace: 10058K(10240K)->10058K(10240K) NonClass: 8831K(8896K)->8831K(8896K) Class: 1226K(1344K)->1226K(1344K)
[2025-08-01T01:21:25.455+0000] GC(733) Pause Young (Allocation Failure) 1948M->1771M(3641M) 76.789ms
[2025-08-01T01:21:25.455+0000] GC(733) User=0.49s Sys=0.02s Real=0.08s
[2025-08-01T01:21:25.549+0000] GC(734) Pause Young (Allocation Failure)
[2025-08-01T01:21:25.693+0000] GC(734) PSYoungGen: 750432K(931840K)->429312K(931840K) Eden: 465920K(465920K)->0K(465920K) From: 284512K(465920K)->429312K(465920K)
[2025-08-01T01:21:25.693+0000] GC(734) ParOldGen: 1529327K(2796544K)->1703591K(2796544K)
[2025-08-01T01:21:25.693+0000] GC(734) Metaspace: 10058K(10240K)->10058K(10240K) NonClass: 8831K(8896K)->8831K(8896K) Class: 1226K(1344K)->1226K(1344K)
[2025-08-01T01:21:25.693+0000] GC(734) Pause Young (Allocation Failure) 2226M->2082M(3641M) 144.190ms
[2025-08-01T01:21:25.693+0000] GC(734) User=1.06s Sys=0.05s Real=0.15s
[2025-08-01T01:21:25.781+0000] GC(735) Pause Young (Allocation Failure)
[2025-08-01T01:21:25.930+0000] GC(735) PSYoungGen: 895232K(931840K)->465920K(931840K) Eden: 465920K(465920K)->0K(465920K) From: 429312K(465920K)->465920K(465920K)
[2025-08-01T01:21:25.930+0000] GC(735) ParOldGen: 1703591K(2796544K)->2167103K(2796544K)
[2025-08-01T01:21:25.931+0000] GC(735) Metaspace: 10058K(10240K)->10058K(10240K) NonClass: 8831K(8896K)->8831K(8896K) Class: 1226K(1344K)->1226K(1344K)
[2025-08-01T01:21:25.931+0000] GC(735) Pause Young (Allocation Failure) 2537M->2571M(3641M) 149.211ms
[2025-08-01T01:21:25.931+0000] GC(735) User=1.15s Sys=0.02s Real=0.15s
[2025-08-01T01:21:26.018+0000] GC(736) Pause Full (Ergonomics)
[2025-08-01T01:21:26.018+0000] GC(736) Marking Phase
[2025-08-01T01:21:26.149+0000] GC(736) Marking Phase 131.332ms
[2025-08-01T01:21:26.150+0000] GC(736) Summary Phase
[2025-08-01T01:21:26.150+0000] GC(736) Summary Phase 0.094ms
[2025-08-01T01:21:26.150+0000] GC(736) Adjust Roots
[2025-08-01T01:21:26.152+0000] GC(736) Adjust Roots 1.965ms
[2025-08-01T01:21:26.152+0000] GC(736) Compaction Phase
[2025-08-01T01:21:26.371+0000] GC(736) Compaction Phase 218.948ms
[2025-08-01T01:21:26.371+0000] GC(736) Post Compact
[2025-08-01T01:21:26.391+0000] GC(736) Post Compact 20.272ms
[2025-08-01T01:21:26.391+0000] GC(736) PSYoungGen: 931840K(931840K)->0K(931840K) Eden: 465920K(465920K)->0K(465920K) From: 465920K(465920K)->0K(465920K)
[2025-08-01T01:21:26.391+0000] GC(736) ParOldGen: 2167103K(2796544K)->1537530K(2796544K)
[2025-08-01T01:21:26.391+0000] GC(736) Metaspace: 10058K(10240K)->10058K(10240K) NonClass: 8831K(8896K)->8831K(8896K) Class: 1226K(1344K)->1226K(1344K)
[2025-08-01T01:21:26.391+0000] GC(736) Pause Full (Ergonomics) 3026M->1501M(3641M) 373.032ms
[2025-08-01T01:21:26.391+0000] GC(736) User=2.75s Sys=0.02s Real=0.37s
[2025-08-01T01:21:26.478+0000] GC(737) Pause Young (Allocation Failure)
[2025-08-01T01:21:26.570+0000] GC(737) PSYoungGen: 465920K(931840K)->296448K(931840K) Eden: 465920K(465920K)->0K(465920K) From: 0K(465920K)->296448K(465920K)
[2025-08-01T01:21:26.570+0000] GC(737) ParOldGen: 1537530K(2796544K)->1537530K(2796544K)
[2025-08-01T01:21:26.570+0000] GC(737) Metaspace: 10058K(10240K)->10058K(10240K) NonClass: 8831K(8896K)->8831K(8896K) Class: 1226K(1344K)->1226K(1344K)
[2025-08-01T01:21:26.570+0000] GC(737) Pause Young (Allocation Failure) 1956M->1790M(3641M) 92.223ms
[2025-08-01T01:21:26.570+0000] GC(737) User=0.62s Sys=0.02s Real=0.09s
[2025-08-01T01:21:26.658+0000] GC(738) Pause Young (Allocation Failure)
[2025-08-01T01:21:26.768+0000] GC(738) PSYoungGen: 762368K(931840K)->440448K(931840K) Eden: 465920K(465920K)->0K(465920K) From: 296448K(465920K)->440448K(465920K)
[2025-08-01T01:21:26.768+0000] GC(738) ParOldGen: 1537530K(2796544K)->1705370K(2796544K)
[2025-08-01T01:21:26.768+0000] GC(738) Metaspace: 10058K(10240K)->10058K(10240K) NonClass: 8831K(8896K)->8831K(8896K) Class: 1226K(1344K)->1226K(1344K)
[2025-08-01T01:21:26.768+0000] GC(738) Pause Young (Allocation Failure) 2245M->2095M(3641M) 110.543ms
[2025-08-01T01:21:26.768+0000] GC(738) User=0.85s Sys=0.02s Real=0.11s
[2025-08-01T01:21:26.857+0000] GC(739) Pause Young (Allocation Failure)
[2025-08-01T01:21:27.090+0000] GC(739) PSYoungGen: 906368K(931840K)->465920K(931840K) Eden: 465920K(465920K)->0K(465920K) From: 440448K(465920K)->465920K(465920K)
[2025-08-01T01:21:27.090+0000] GC(739) ParOldGen: 1705370K(2796544K)->2180058K(2796544K)
[2025-08-01T01:21:27.090+0000] GC(739) Metaspace: 10058K(10240K)->10058K(10240K) NonClass: 8831K(8896K)->8831K(8896K) Class: 1226K(1344K)->1226K(1344K)
[2025-08-01T01:21:27.090+0000] GC(739) Pause Young (Allocation Failure) 2550M->2583M(3641M) 232.993ms
[2025-08-01T01:21:27.090+0000] GC(739) User=1.79s Sys=0.05s Real=0.23s
[2025-08-01T01:21:27.177+0000] GC(740) Pause Full (Ergonomics)
[2025-08-01T01:21:27.178+0000] GC(740) Marking Phase
[2025-08-01T01:21:27.279+0000] GC(740) Marking Phase 101.928ms
[2025-08-01T01:21:27.280+0000] GC(740) Summary Phase
[2025-08-01T01:21:27.280+0000] GC(740) Summary Phase 0.133ms
[2025-08-01T01:21:27.280+0000] GC(740) Adjust Roots
[2025-08-01T01:21:27.281+0000] GC(740) Adjust Roots 1.573ms
[2025-08-01T01:21:27.281+0000] GC(740) Compaction Phase
[2025-08-01T01:21:27.511+0000] GC(740) Compaction Phase 230.048ms
[2025-08-01T01:21:27.511+0000] GC(740) Post Compact
[2025-08-01T01:21:27.531+0000] GC(740) Post Compact 19.469ms
[2025-08-01T01:21:27.531+0000] GC(740) PSYoungGen: 931840K(931840K)->0K(931840K) Eden: 465920K(465920K)->0K(465920K) From: 465920K(465920K)->0K(465920K)
[2025-08-01T01:21:27.531+0000] GC(740) ParOldGen: 2180058K(2796544K)->1545465K(2796544K)
[2025-08-01T01:21:27.531+0000] GC(740) Metaspace: 10058K(10240K)->10058K(10240K) NonClass: 8831K(8896K)->8831K(8896K) Class: 1226K(1344K)->1226K(1344K)
[2025-08-01T01:21:27.531+0000] GC(740) Pause Full (Ergonomics) 3038M->1509M(3641M) 353.552ms
[2025-08-01T01:21:27.531+0000] GC(740) User=2.57s Sys=0.02s Real=0.35s
[2025-08-01T01:21:27.619+0000] GC(741) Pause Young (Allocation Failure)
[2025-08-01T01:21:27.710+0000] GC(741) PSYoungGen: 465920K(931840K)->414272K(931840K) Eden: 465920K(465920K)->0K(465920K) From: 0K(465920K)->414272K(465920K)
[2025-08-01T01:21:27.710+0000] GC(741) ParOldGen: 1545465K(2796544K)->1545465K(2796544K)
[2025-08-01T01:21:27.710+0000] GC(741) Metaspace: 10058K(10240K)->10058K(10240K) NonClass: 8831K(8896K)->8831K(8896K) Class: 1226K(1344K)->1226K(1344K)
[2025-08-01T01:21:27.710+0000] GC(741) Pause Young (Allocation Failure) 1964M->1913M(3641M) 91.235ms
[2025-08-01T01:21:27.711+0000] GC(741) User=0.68s Sys=0.02s Real=0.09s
[2025-08-01T01:21:27.804+0000] GC(742) Pause Young (Allocation Failure)
[2025-08-01T01:21:27.902+0000] GC(742) PSYoungGen: 880192K(931840K)->430272K(931840K) Eden: 465920K(465920K)->0K(465920K) From: 414272K(465920K)->430272K(465920K)
[2025-08-01T01:21:27.902+0000] GC(742) ParOldGen: 1545465K(2796544K)->1728793K(2796544K)
[2025-08-01T01:21:27.902+0000] GC(742) Metaspace: 10058K(10240K)->10058K(10240K) NonClass: 8831K(8896K)->8831K(8896K) Class: 1226K(1344K)->1226K(1344K)
[2025-08-01T01:21:27.902+0000] GC(742) Pause Young (Allocation Failure) 2368M->2108M(3641M) 97.996ms
[2025-08-01T01:21:27.902+0000] GC(742) User=0.76s Sys=0.02s Real=0.09s
[2025-08-01T01:21:27.986+0000] GC(743) Pause Young (Allocation Failure)
[2025-08-01T01:21:28.129+0000] GC(743) PSYoungGen: 896192K(931840K)->465920K(931840K) Eden: 465920K(465920K)->0K(465920K) From: 430272K(465920K)->465920K(465920K)
[2025-08-01T01:21:28.129+0000] GC(743) ParOldGen: 1728793K(2796544K)->2192513K(2796544K)
[2025-08-01T01:21:28.129+0000] GC(743) Metaspace: 10058K(10240K)->10058K(10240K) NonClass: 8831K(8896K)->8831K(8896K) Class: 1226K(1344K)->1226K(1344K)
[2025-08-01T01:21:28.129+0000] GC(743) Pause Young (Allocation Failure) 2563M->2596M(3641M) 143.079ms
[2025-08-01T01:21:28.129+0000] GC(743) User=1.11s Sys=0.01s Real=0.14s
[2025-08-01T01:21:28.215+0000] GC(744) Pause Full (Ergonomics)
[2025-08-01T01:21:28.215+0000] GC(744) Marking Phase
[2025-08-01T01:21:28.302+0000] GC(744) Marking Phase 87.421ms
[2025-08-01T01:21:28.302+0000] GC(744) Summary Phase
[2025-08-01T01:21:28.303+0000] GC(744) Summary Phase 0.139ms
[2025-08-01T01:21:28.303+0000] GC(744) Adjust Roots
[2025-08-01T01:21:28.305+0000] GC(744) Adjust Roots 2.306ms
[2025-08-01T01:21:28.305+0000] GC(744) Compaction Phase
[2025-08-01T01:21:28.467+0000] GC(744) Compaction Phase 162.069ms
[2025-08-01T01:21:28.467+0000] GC(744) Post Compact
[2025-08-01T01:21:28.488+0000] GC(744) Post Compact 20.655ms
[2025-08-01T01:21:28.488+0000] GC(744) PSYoungGen: 931840K(931840K)->0K(931840K) Eden: 465920K(465920K)->0K(465920K) From: 465920K(465920K)->0K(465920K)
[2025-08-01T01:21:28.488+0000] GC(744) ParOldGen: 2192513K(2796544K)->1088265K(2796544K)
[2025-08-01T01:21:28.488+0000] GC(744) Metaspace: 10058K(10240K)->10058K(10240K) NonClass: 8831K(8896K)->8831K(8896K) Class: 1226K(1344K)->1226K(1344K)
[2025-08-01T01:21:28.488+0000] GC(744) Pause Full (Ergonomics) 3051M->1062M(3641M) 273.035ms
[2025-08-01T01:21:28.488+0000] GC(744) User=1.91s Sys=0.03s Real=0.27s
[2025-08-01T01:21:28.574+0000] GC(745) Pause Young (Allocation Failure)
[2025-08-01T01:21:28.656+0000] GC(745) PSYoungGen: 465920K(931840K)->431296K(931840K) Eden: 465920K(465920K)->0K(465920K) From: 0K(465920K)->431296K(465920K)
[2025-08-01T01:21:28.657+0000] GC(745) ParOldGen: 1088265K(2796544K)->1088265K(2796544K)
[2025-08-01T01:21:28.657+0000] GC(745) Metaspace: 10058K(10240K)->10058K(10240K) NonClass: 8831K(8896K)->8831K(8896K) Class: 1226K(1344K)->1226K(1344K)
[2025-08-01T01:21:28.657+0000] GC(745) Pause Young (Allocation Failure) 1517M->1483M(3641M) 82.566ms
[2025-08-01T01:21:28.657+0000] GC(745) User=0.61s Sys=0.02s Real=0.08s
[2025-08-01T01:21:28.748+0000] GC(746) Pause Young (Allocation Failure)
[2025-08-01T01:21:28.843+0000] GC(746) PSYoungGen: 897216K(931840K)->406688K(931840K) Eden: 465920K(465920K)->0K(465920K) From: 431296K(465920K)->406688K(465920K)
[2025-08-01T01:21:28.843+0000] GC(746) ParOldGen: 1088265K(2796544K)->1304361K(2796544K)
[2025-08-01T01:21:28.843+0000] GC(746) Metaspace: 10058K(10240K)->10058K(10240K) NonClass: 8831K(8896K)->8831K(8896K) Class: 1226K(1344K)->1226K(1344K)
[2025-08-01T01:21:28.843+0000] GC(746) Pause Young (Allocation Failure) 1938M->1670M(3641M) 95.643ms
[2025-08-01T01:21:28.843+0000] GC(746) User=0.72s Sys=0.01s Real=0.10s
[2025-08-01T01:21:28.935+0000] GC(747) Pause Young (Allocation Failure)
[2025-08-01T01:21:29.112+0000] GC(747) PSYoungGen: 872608K(931840K)->465920K(931840K) Eden: 465920K(465920K)->0K(465920K) From: 406688K(465920K)->465920K(465920K)
[2025-08-01T01:21:29.112+0000] GC(747) ParOldGen: 1304361K(2796544K)->1741569K(2796544K)
[2025-08-01T01:21:29.112+0000] GC(747) Metaspace: 10058K(10240K)->10058K(10240K) NonClass: 8831K(8896K)->8831K(8896K) Class: 1226K(1344K)->1226K(1344K)
[2025-08-01T01:21:29.112+0000] GC(747) Pause Young (Allocation Failure) 2125M->2155M(3641M) 176.757ms
[2025-08-01T01:21:29.112+0000] GC(747) User=1.32s Sys=0.05s Real=0.17s
[2025-08-01T01:21:29.199+0000] GC(748) Pause Young (Allocation Failure)
[2025-08-01T01:21:29.334+0000] GC(748) PSYoungGen: 931840K(931840K)->379968K(931840K) Eden: 465920K(465920K)->0K(465920K) From: 465920K(465920K)->379968K(465920K)
[2025-08-01T01:21:29.334+0000] GC(748) ParOldGen: 1741569K(2796544K)->2102953K(2796544K)
[2025-08-01T01:21:29.334+0000] GC(748) Metaspace: 10058K(10240K)->10058K(10240K) NonClass: 8831K(8896K)->8831K(8896K) Class: 1226K(1344K)->1226K(1344K)
[2025-08-01T01:21:29.334+0000] GC(748) Pause Young (Allocation Failure) 2610M->2424M(3641M) 134.607ms
[2025-08-01T01:21:29.334+0000] GC(748) User=1.02s Sys=0.02s Real=0.14s
[2025-08-01T01:21:29.422+0000] GC(749) Pause Young (Allocation Failure)
[2025-08-01T01:21:29.587+0000] GC(749) PSYoungGen: 845888K(931840K)->465920K(931840K) Eden: 465920K(465920K)->0K(465920K) From: 379968K(465920K)->465920K(465920K)
[2025-08-01T01:21:29.587+0000] GC(749) ParOldGen: 2102953K(2796544K)->2364601K(2796544K)
[2025-08-01T01:21:29.587+0000] GC(749) Metaspace: 10058K(10240K)->10058K(10240K) NonClass: 8831K(8896K)->8831K(8896K) Class: 1226K(1344K)->1226K(1344K)
[2025-08-01T01:21:29.587+0000] GC(749) Pause Young (Allocation Failure) 2879M->2764M(3641M) 164.456ms
[2025-08-01T01:21:29.587+0000] GC(749) User=1.17s Sys=0.06s Real=0.17s
[2025-08-01T01:21:29.675+0000] GC(750) Pause Full (Ergonomics)
[2025-08-01T01:21:29.675+0000] GC(750) Marking Phase
[2025-08-01T01:21:29.734+0000] GC(750) Marking Phase 58.888ms
[2025-08-01T01:21:29.734+0000] GC(750) Summary Phase
[2025-08-01T01:21:29.734+0000] GC(750) Summary Phase 0.208ms
[2025-08-01T01:21:29.734+0000] GC(750) Adjust Roots
[2025-08-01T01:21:29.737+0000] GC(750) Adjust Roots 2.450ms
[2025-08-01T01:21:29.737+0000] GC(750) Compaction Phase
[2025-08-01T01:21:29.884+0000] GC(750) Compaction Phase 147.340ms
[2025-08-01T01:21:29.884+0000] GC(750) Post Compact
[2025-08-01T01:21:29.906+0000] GC(750) Post Compact 22.322ms
[2025-08-01T01:21:29.906+0000] GC(750) PSYoungGen: 931840K(931840K)->0K(931840K) Eden: 465920K(465920K)->0K(465920K) From: 465920K(465920K)->0K(465920K)
[2025-08-01T01:21:29.906+0000] GC(750) ParOldGen: 2364601K(2796544K)->641919K(2796544K)
[2025-08-01T01:21:29.906+0000] GC(750) Metaspace: 10058K(10240K)->10058K(10240K) NonClass: 8831K(8896K)->8831K(8896K) Class: 1226K(1344K)->1226K(1344K)
[2025-08-01T01:21:29.907+0000] GC(750) Pause Full (Ergonomics) 3219M->626M(3641M) 231.751ms
[2025-08-01T01:21:29.907+0000] GC(750) User=1.55s Sys=0.03s Real=0.23s
[2025-08-01T01:21:30.000+0000] GC(751) Pause Young (Allocation Failure)
[2025-08-01T01:21:30.124+0000] GC(751) PSYoungGen: 465920K(931840K)->465920K(931840K) Eden: 465920K(465920K)->0K(465920K) From: 0K(465920K)->465920K(465920K)
[2025-08-01T01:21:30.124+0000] GC(751) ParOldGen: 641919K(2796544K)->648943K(2796544K)
[2025-08-01T01:21:30.124+0000] GC(751) Metaspace: 10058K(10240K)->10058K(10240K) NonClass: 8831K(8896K)->8831K(8896K) Class: 1226K(1344K)->1226K(1344K)
[2025-08-01T01:21:30.125+0000] GC(751) Pause Young (Allocation Failure) 1081M->1088M(3641M) 124.452ms
[2025-08-01T01:21:30.125+0000] GC(751) User=0.93s Sys=0.03s Real=0.13s
[2025-08-01T01:21:30.220+0000] GC(752) Pause Young (Allocation Failure)
[2025-08-01T01:21:30.312+0000] GC(752) PSYoungGen: 931840K(931840K)->255968K(931840K) Eden: 465920K(465920K)->0K(465920K) From: 465920K(465920K)->255968K(465920K)
[2025-08-01T01:21:30.312+0000] GC(752) ParOldGen: 648943K(2796544K)->883527K(2796544K)
[2025-08-01T01:21:30.312+0000] GC(752) Metaspace: 10058K(10240K)->10058K(10240K) NonClass: 8831K(8896K)->8831K(8896K) Class: 1226K(1344K)->1226K(1344K)
[2025-08-01T01:21:30.312+0000] GC(752) Pause Young (Allocation Failure) 1543M->1112M(3641M) 92.200ms
[2025-08-01T01:21:30.312+0000] GC(752) User=0.70s Sys=0.02s Real=0.09s
[2025-08-01T01:21:30.400+0000] GC(753) Pause Young (Allocation Failure)
[2025-08-01T01:21:30.517+0000] GC(753) PSYoungGen: 721888K(931840K)->346592K(931840K) Eden: 465920K(465920K)->0K(465920K) From: 255968K(465920K)->346592K(465920K)
[2025-08-01T01:21:30.517+0000] GC(753) ParOldGen: 883527K(2796544K)->990127K(2796544K)
[2025-08-01T01:21:30.517+0000] GC(753) Metaspace: 10058K(10240K)->10058K(10240K) NonClass: 8831K(8896K)->8831K(8896K) Class: 1226K(1344K)->1226K(1344K)
[2025-08-01T01:21:30.517+0000] GC(753) Pause Young (Allocation Failure) 1567M->1305M(3641M) 116.293ms
[2025-08-01T01:21:30.517+0000] GC(753) User=0.85s Sys=0.04s Real=0.12s
[2025-08-01T01:21:30.619+0000] GC(754) Pause Young (Allocation Failure)
[2025-08-01T01:21:30.747+0000] GC(754) PSYoungGen: 812512K(931840K)->400000K(931840K) Eden: 465920K(465920K)->0K(465920K) From: 346592K(465920K)->400000K(465920K)
[2025-08-01T01:21:30.747+0000] GC(754) ParOldGen: 990127K(2796544K)->1237063K(2796544K)
[2025-08-01T01:21:30.747+0000] GC(754) Metaspace: 10058K(10240K)->10058K(10240K) NonClass: 8831K(8896K)->8831K(8896K) Class: 1226K(1344K)->1226K(1344K)
[2025-08-01T01:21:30.747+0000] GC(754) Pause Young (Allocation Failure) 1760M->1598M(3641M) 127.645ms
[2025-08-01T01:21:30.747+0000] GC(754) User=0.95s Sys=0.04s Real=0.13s
[2025-08-01T01:21:30.838+0000] GC(755) Pause Young (Allocation Failure)
[2025-08-01T01:21:30.980+0000] GC(755) PSYoungGen: 865920K(931840K)->465920K(931840K) Eden: 465920K(465920K)->0K(465920K) From: 400000K(465920K)->465920K(465920K)
[2025-08-01T01:21:30.980+0000] GC(755) ParOldGen: 1237063K(2796544K)->1670439K(2796544K)
[2025-08-01T01:21:30.980+0000] GC(755) Metaspace: 10058K(10240K)->10058K(10240K) NonClass: 8831K(8896K)->8831K(8896K) Class: 1226K(1344K)->1226K(1344K)
[2025-08-01T01:21:30.980+0000] GC(755) Pause Young (Allocation Failure) 2053M->2086M(3641M) 141.314ms
[2025-08-01T01:21:30.980+0000] GC(755) User=1.09s Sys=0.03s Real=0.14s
[2025-08-01T01:21:31.073+0000] GC(756) Pause Young (Allocation Failure)
[2025-08-01T01:21:31.158+0000] GC(756) PSYoungGen: 931840K(931840K)->243776K(931840K) Eden: 465920K(465920K)->0K(465920K) From: 465920K(465920K)->243776K(465920K)
[2025-08-01T01:21:31.158+0000] GC(756) ParOldGen: 1670439K(2796544K)->1909615K(2796544K)
[2025-08-01T01:21:31.158+0000] GC(756) Metaspace: 10058K(10240K)->10058K(10240K) NonClass: 8831K(8896K)->8831K(8896K) Class: 1226K(1344K)->1226K(1344K)
[2025-08-01T01:21:31.158+0000] GC(756) Pause Young (Allocation Failure) 2541M->2102M(3641M) 85.348ms
[2025-08-01T01:21:31.158+0000] GC(756) User=0.66s Sys=0.01s Real=0.09s
[2025-08-01T01:21:31.241+0000] GC(757) Pause Young (Allocation Failure)
[2025-08-01T01:21:31.337+0000] GC(757) PSYoungGen: 709696K(931840K)->367072K(931840K) Eden: 465920K(465920K)->0K(465920K) From: 243776K(465920K)->367072K(465920K)
[2025-08-01T01:21:31.337+0000] GC(757) ParOldGen: 1909615K(2796544K)->2041359K(2796544K)
[2025-08-01T01:21:31.337+0000] GC(757) Metaspace: 10058K(10240K)->10058K(10240K) NonClass: 8831K(8896K)->8831K(8896K) Class: 1226K(1344K)->1226K(1344K)
[2025-08-01T01:21:31.337+0000] GC(757) Pause Young (Allocation Failure) 2557M->2351M(3641M) 95.806ms
[2025-08-01T01:21:31.337+0000] GC(757) User=0.72s Sys=0.02s Real=0.10s
[2025-08-01T01:21:31.426+0000] GC(758) Pause Young (Allocation Failure)
[2025-08-01T01:21:31.560+0000] GC(758) PSYoungGen: 832992K(931840K)->379744K(931840K) Eden: 465920K(465920K)->0K(465920K) From: 367072K(465920K)->379744K(465920K)
[2025-08-01T01:21:31.560+0000] GC(758) ParOldGen: 2041359K(2796544K)->2319343K(2796544K)
[2025-08-01T01:21:31.560+0000] GC(758) Metaspace: 10058K(10240K)->10058K(10240K) NonClass: 8831K(8896K)->8831K(8896K) Class: 1226K(1344K)->1226K(1344K)
[2025-08-01T01:21:31.560+0000] GC(758) Pause Young (Allocation Failure) 2806M->2635M(3641M) 133.591ms
[2025-08-01T01:21:31.560+0000] GC(758) User=0.95s Sys=0.05s Real=0.13s
[2025-08-01T01:21:31.651+0000] GC(759) Pause Full (Ergonomics)
[2025-08-01T01:21:31.651+0000] GC(759) Marking Phase
[2025-08-01T01:21:31.702+0000] GC(759) Marking Phase 50.159ms
[2025-08-01T01:21:31.702+0000] GC(759) Summary Phase
[2025-08-01T01:21:31.702+0000] GC(759) Summary Phase 0.062ms
[2025-08-01T01:21:31.702+0000] GC(759) Adjust Roots
[2025-08-01T01:21:31.703+0000] GC(759) Adjust Roots 1.622ms
[2025-08-01T01:21:31.703+0000] GC(759) Compaction Phase
[2025-08-01T01:21:31.894+0000] GC(759) Compaction Phase 190.931ms
[2025-08-01T01:21:31.894+0000] GC(759) Post Compact
[2025-08-01T01:21:31.916+0000] GC(759) Post Compact 21.428ms
[2025-08-01T01:21:31.916+0000] GC(759) PSYoungGen: 845664K(931840K)->0K(931840K) Eden: 465920K(465920K)->0K(465920K) From: 379744K(465920K)->0K(465920K)
[2025-08-01T01:21:31.916+0000] GC(759) ParOldGen: 2319343K(2796544K)->1128260K(2796544K)
[2025-08-01T01:21:31.916+0000] GC(759) Metaspace: 10058K(10240K)->10058K(10240K) NonClass: 8831K(8896K)->8831K(8896K) Class: 1226K(1344K)->1226K(1344K)
[2025-08-01T01:21:31.916+0000] GC(759) Pause Full (Ergonomics) 3090M->1101M(3641M) 264.572ms
[2025-08-01T01:21:31.916+0000] GC(759) User=1.87s Sys=0.01s Real=0.27s
[2025-08-01T01:21:32.009+0000] GC(760) Pause Young (Allocation Failure)
[2025-08-01T01:21:32.074+0000] GC(760) PSYoungGen: 465920K(931840K)->261184K(931840K) Eden: 465920K(465920K)->0K(465920K) From: 0K(465920K)->261184K(465920K)
[2025-08-01T01:21:32.074+0000] GC(760) ParOldGen: 1128260K(2796544K)->1128260K(2796544K)
[2025-08-01T01:21:32.074+0000] GC(760) Metaspace: 10058K(10240K)->10058K(10240K) NonClass: 8831K(8896K)->8831K(8896K) Class: 1226K(1344K)->1226K(1344K)
[2025-08-01T01:21:32.074+0000] GC(760) Pause Young (Allocation Failure) 1556M->1356M(3641M) 64.981ms
[2025-08-01T01:21:32.074+0000] GC(760) User=0.47s Sys=0.02s Real=0.07s
[2025-08-01T01:21:32.163+0000] GC(761) Pause Young (Allocation Failure)
[2025-08-01T01:21:32.262+0000] GC(761) PSYoungGen: 727104K(931840K)->371136K(931840K) Eden: 465920K(465920K)->0K(465920K) From: 261184K(465920K)->371136K(465920K)
[2025-08-01T01:21:32.262+0000] GC(761) ParOldGen: 1128260K(2796544K)->1263796K(2796544K)
[2025-08-01T01:21:32.262+0000] GC(761) Metaspace: 10058K(10240K)->10058K(10240K) NonClass: 8831K(8896K)->8831K(8896K) Class: 1226K(1344K)->1226K(1344K)
[2025-08-01T01:21:32.262+0000] GC(761) Pause Young (Allocation Failure) 1811M->1596M(3641M) 98.773ms
[2025-08-01T01:21:32.262+0000] GC(761) User=0.73s Sys=0.02s Real=0.09s
[2025-08-01T01:21:32.352+0000] GC(762) Pause Young (Allocation Failure)
[2025-08-01T01:21:32.482+0000] GC(762) PSYoungGen: 837056K(931840K)->378432K(931840K) Eden: 465920K(465920K)->0K(465920K) From: 371136K(465920K)->378432K(465920K)
[2025-08-01T01:21:32.482+0000] GC(762) ParOldGen: 1263796K(2796544K)->1551692K(2796544K)
[2025-08-01T01:21:32.482+0000] GC(762) Metaspace: 10058K(10240K)->10058K(10240K) NonClass: 8831K(8896K)->8831K(8896K) Class: 1226K(1344K)->1226K(1344K)
[2025-08-01T01:21:32.482+0000] GC(762) Pause Young (Allocation Failure) 2051M->1884M(3641M) 130.900ms
[2025-08-01T01:21:32.482+0000] GC(762) User=0.99s Sys=0.02s Real=0.13s
[2025-08-01T01:21:32.575+0000] GC(763) Pause Young (Allocation Failure)
[2025-08-01T01:21:32.709+0000] GC(763) PSYoungGen: 844352K(931840K)->465920K(931840K) Eden: 465920K(465920K)->0K(465920K) From: 378432K(465920K)->465920K(465920K)
[2025-08-01T01:21:32.709+0000] GC(763) ParOldGen: 1551692K(2796544K)->1961580K(2796544K)
[2025-08-01T01:21:32.709+0000] GC(763) Metaspace: 10058K(10240K)->10058K(10240K) NonClass: 8831K(8896K)->8831K(8896K) Class: 1226K(1344K)->1226K(1344K)
[2025-08-01T01:21:32.709+0000] GC(763) Pause Young (Allocation Failure) 2339M->2370M(3641M) 134.117ms
[2025-08-01T01:21:32.709+0000] GC(763) User=1.01s Sys=0.01s Real=0.13s
[2025-08-01T01:21:32.796+0000] GC(764) Pause Young (Allocation Failure)
[2025-08-01T01:21:32.882+0000] GC(764) PSYoungGen: 931840K(931840K)->273760K(931840K) Eden: 465920K(465920K)->0K(465920K) From: 465920K(465920K)->273760K(465920K)
[2025-08-01T01:21:32.882+0000] GC(764) ParOldGen: 1961580K(2796544K)->2201900K(2796544K)
[2025-08-01T01:21:32.882+0000] GC(764) Metaspace: 10058K(10240K)->10058K(10240K) NonClass: 8831K(8896K)->8831K(8896K) Class: 1226K(1344K)->1226K(1344K)
[2025-08-01T01:21:32.882+0000] GC(764) Pause Young (Allocation Failure) 2825M->2417M(3641M) 86.656ms
[2025-08-01T01:21:32.882+0000] GC(764) User=0.66s Sys=0.01s Real=0.08s
[2025-08-01T01:21:32.967+0000] GC(765) Pause Young (Allocation Failure)
[2025-08-01T01:21:33.097+0000] GC(765) PSYoungGen: 739680K(931840K)->363744K(931840K) Eden: 465920K(465920K)->0K(465920K) From: 273760K(465920K)->363744K(465920K)
[2025-08-01T01:21:33.097+0000] GC(765) ParOldGen: 2201900K(2796544K)->2360300K(2796544K)
[2025-08-01T01:21:33.097+0000] GC(765) Metaspace: 10058K(10240K)->10058K(10240K) NonClass: 8831K(8896K)->8831K(8896K) Class: 1226K(1344K)->1226K(1344K)
[2025-08-01T01:21:33.097+0000] GC(765) Pause Young (Allocation Failure) 2872M->2660M(3641M) 129.704ms
[2025-08-01T01:21:33.097+0000] GC(765) User=0.96s Sys=0.03s Real=0.13s
[2025-08-01T01:21:33.184+0000] GC(766) Pause Full (Ergonomics)
[2025-08-01T01:21:33.184+0000] GC(766) Marking Phase
[2025-08-01T01:21:33.254+0000] GC(766) Marking Phase 69.326ms
[2025-08-01T01:21:33.254+0000] GC(766) Summary Phase
[2025-08-01T01:21:33.254+0000] GC(766) Summary Phase 0.146ms
[2025-08-01T01:21:33.254+0000] GC(766) Adjust Roots
[2025-08-01T01:21:33.256+0000] GC(766) Adjust Roots 2.668ms
[2025-08-01T01:21:33.257+0000] GC(766) Compaction Phase
[2025-08-01T01:21:33.399+0000] GC(766) Compaction Phase 142.321ms
[2025-08-01T01:21:33.399+0000] GC(766) Post Compact
[2025-08-01T01:21:33.421+0000] GC(766) Post Compact 22.079ms
[2025-08-01T01:21:33.421+0000] GC(766) PSYoungGen: 829664K(931840K)->0K(931840K) Eden: 465920K(465920K)->0K(465920K) From: 363744K(465920K)->0K(465920K)
[2025-08-01T01:21:33.421+0000] GC(766) ParOldGen: 2360300K(2796544K)->678431K(2796544K)
[2025-08-01T01:21:33.421+0000] GC(766) Metaspace: 10058K(10240K)->10058K(10240K) NonClass: 8831K(8896K)->8831K(8896K) Class: 1226K(1344K)->1226K(1344K)
[2025-08-01T01:21:33.421+0000] GC(766) Pause Full (Ergonomics) 3115M->662M(3641M) 237.163ms
[2025-08-01T01:21:33.421+0000] GC(766) User=1.64s Sys=0.01s Real=0.23s
[2025-08-01T01:21:33.506+0000] GC(767) Pause Young (Allocation Failure)
[2025-08-01T01:21:33.596+0000] GC(767) PSYoungGen: 465920K(931840K)->465920K(931840K) Eden: 465920K(465920K)->0K(465920K) From: 0K(465920K)->465920K(465920K)
[2025-08-01T01:21:33.596+0000] GC(767) ParOldGen: 678431K(2796544K)->685319K(2796544K)
[2025-08-01T01:21:33.596+0000] GC(767) Metaspace: 10058K(10240K)->10058K(10240K) NonClass: 8831K(8896K)->8831K(8896K) Class: 1226K(1344K)->1226K(1344K)
[2025-08-01T01:21:33.596+0000] GC(767) Pause Young (Allocation Failure) 1117M->1124M(3641M) 89.457ms
[2025-08-01T01:21:33.596+0000] GC(767) User=0.69s Sys=0.02s Real=0.09s
[2025-08-01T01:21:33.680+0000] GC(768) Pause Young (Allocation Failure)
[2025-08-01T01:21:33.804+0000] GC(768) PSYoungGen: 931840K(931840K)->274176K(931840K) Eden: 465920K(465920K)->0K(465920K) From: 465920K(465920K)->274176K(465920K)
[2025-08-01T01:21:33.804+0000] GC(768) ParOldGen: 685319K(2796544K)->955463K(2796544K)
[2025-08-01T01:21:33.804+0000] GC(768) Metaspace: 10058K(10240K)->10058K(10240K) NonClass: 8831K(8896K)->8831K(8896K) Class: 1226K(1344K)->1226K(1344K)
[2025-08-01T01:21:33.804+0000] GC(768) Pause Young (Allocation Failure) 1579M->1200M(3641M) 124.561ms
[2025-08-01T01:21:33.804+0000] GC(768) User=0.89s Sys=0.03s Real=0.13s
[2025-08-01T01:21:33.893+0000] GC(769) Pause Young (Allocation Failure)
[2025-08-01T01:21:34.022+0000] GC(769) PSYoungGen: 740096K(931840K)->366720K(931840K) Eden: 465920K(465920K)->0K(465920K) From: 274176K(465920K)->366720K(465920K)
[2025-08-01T01:21:34.022+0000] GC(769) ParOldGen: 955463K(2796544K)->1122367K(2796544K)
[2025-08-01T01:21:34.022+0000] GC(769) Metaspace: 10058K(10240K)->10058K(10240K) NonClass: 8831K(8896K)->8831K(8896K) Class: 1226K(1344K)->1226K(1344K)
[2025-08-01T01:21:34.022+0000] GC(769) Pause Young (Allocation Failure) 1655M->1454M(3641M) 128.906ms
[2025-08-01T01:21:34.022+0000] GC(769) User=1.01s Sys=0.01s Real=0.12s
[2025-08-01T01:21:34.108+0000] GC(770) Pause Young (Allocation Failure)
[2025-08-01T01:21:34.273+0000] GC(770) PSYoungGen: 832640K(931840K)->378208K(931840K) Eden: 465920K(465920K)->0K(465920K) From: 366720K(465920K)->378208K(465920K)
[2025-08-01T01:21:34.273+0000] GC(770) ParOldGen: 1122367K(2796544K)->1391511K(2796544K)
[2025-08-01T01:21:34.273+0000] GC(770) Metaspace: 10058K(10240K)->10058K(10240K) NonClass: 8831K(8896K)->8831K(8896K) Class: 1226K(1344K)->1226K(1344K)
[2025-08-01T01:21:34.273+0000] GC(770) Pause Young (Allocation Failure) 1909M->1728M(3641M) 164.644ms
[2025-08-01T01:21:34.273+0000] GC(770) User=1.25s Sys=0.03s Real=0.16s
[2025-08-01T01:21:34.360+0000] GC(771) Pause Young (Allocation Failure)
[2025-08-01T01:21:34.546+0000] GC(771) PSYoungGen: 844128K(931840K)->465920K(931840K) Eden: 465920K(465920K)->0K(465920K) From: 378208K(465920K)->465920K(465920K)
[2025-08-01T01:21:34.546+0000] GC(771) ParOldGen: 1391511K(2796544K)->1800631K(2796544K)
[2025-08-01T01:21:34.546+0000] GC(771) Metaspace: 10058K(10240K)->10058K(10240K) NonClass: 8831K(8896K)->8831K(8896K) Class: 1226K(1344K)->1226K(1344K)
[2025-08-01T01:21:34.546+0000] GC(771) Pause Young (Allocation Failure) 2183M->2213M(3641M) 186.568ms
[2025-08-01T01:21:34.546+0000] GC(771) User=1.41s Sys=0.04s Real=0.19s
[2025-08-01T01:21:34.638+0000] GC(772) Pause Young (Allocation Failure)
[2025-08-01T01:21:34.755+0000] GC(772) PSYoungGen: 931840K(931840K)->310144K(931840K) Eden: 465920K(465920K)->0K(465920K) From: 465920K(465920K)->310144K(465920K)
[2025-08-01T01:21:34.755+0000] GC(772) ParOldGen: 1800631K(2796544K)->2024615K(2796544K)
[2025-08-01T01:21:34.755+0000] GC(772) Metaspace: 10058K(10240K)->10058K(10240K) NonClass: 8831K(8896K)->8831K(8896K) Class: 1226K(1344K)->1226K(1344K)
[2025-08-01T01:21:34.755+0000] GC(772) Pause Young (Allocation Failure) 2668M->2280M(3641M) 116.665ms
[2025-08-01T01:21:34.755+0000] GC(772) User=0.80s Sys=0.06s Real=0.12s
[2025-08-01T01:21:34.845+0000] GC(773) Pause Young (Allocation Failure)
[2025-08-01T01:21:34.978+0000] GC(773) PSYoungGen: 776064K(931840K)->465920K(931840K) Eden: 465920K(465920K)->0K(465920K) From: 310144K(465920K)->465920K(465920K)
[2025-08-01T01:21:34.979+0000] GC(773) ParOldGen: 2024615K(2796544K)->2362247K(2796544K)
[2025-08-01T01:21:34.979+0000] GC(773) Metaspace: 10058K(10240K)->10058K(10240K) NonClass: 8831K(8896K)->8831K(8896K) Class: 1226K(1344K)->1226K(1344K)
[2025-08-01T01:21:34.979+0000] GC(773) Pause Young (Allocation Failure) 2735M->2761M(3641M) 133.625ms
[2025-08-01T01:21:34.979+0000] GC(773) User=1.02s Sys=0.03s Real=0.13s
[2025-08-01T01:21:35.111+0000] GC(774) Pause Full (Ergonomics)
[2025-08-01T01:21:35.111+0000] GC(774) Marking Phase
[2025-08-01T01:21:35.187+0000] GC(774) Marking Phase 75.900ms
[2025-08-01T01:21:35.187+0000] GC(774) Summary Phase
[2025-08-01T01:21:35.187+0000] GC(774) Summary Phase 0.069ms
[2025-08-01T01:21:35.187+0000] GC(774) Adjust Roots
[2025-08-01T01:21:35.189+0000] GC(774) Adjust Roots 1.738ms
[2025-08-01T01:21:35.189+0000] GC(774) Compaction Phase
[2025-08-01T01:21:35.337+0000] GC(774) Compaction Phase 148.037ms
[2025-08-01T01:21:35.337+0000] GC(774) Post Compact
[2025-08-01T01:21:35.360+0000] GC(774) Post Compact 23.155ms
[2025-08-01T01:21:35.360+0000] GC(774) PSYoungGen: 931840K(931840K)->0K(931840K) Eden: 465920K(465920K)->0K(465920K) From: 465920K(465920K)->0K(465920K)
[2025-08-01T01:21:35.361+0000] GC(774) ParOldGen: 2362247K(2796544K)->692682K(2796544K)
[2025-08-01T01:21:35.361+0000] GC(774) Metaspace: 10058K(10240K)->10058K(10240K) NonClass: 8831K(8896K)->8831K(8896K) Class: 1226K(1344K)->1226K(1344K)
[2025-08-01T01:21:35.361+0000] GC(774) Pause Full (Ergonomics) 3216M->676M(3641M) 249.482ms
[2025-08-01T01:21:35.361+0000] GC(774) User=1.69s Sys=0.06s Real=0.25s
[2025-08-01T01:21:35.450+0000] GC(775) Pause Young (Allocation Failure)
[2025-08-01T01:21:35.535+0000] GC(775) PSYoungGen: 465920K(931840K)->465920K(931840K) Eden: 465920K(465920K)->0K(465920K) From: 0K(465920K)->465920K(465920K)
[2025-08-01T01:21:35.535+0000] GC(775) ParOldGen: 692682K(2796544K)->701506K(2796544K)
[2025-08-01T01:21:35.535+0000] GC(775) Metaspace: 10058K(10240K)->10058K(10240K) NonClass: 8831K(8896K)->8831K(8896K) Class: 1226K(1344K)->1226K(1344K)
[2025-08-01T01:21:35.535+0000] GC(775) Pause Young (Allocation Failure) 1131M->1140M(3641M) 84.271ms
[2025-08-01T01:21:35.535+0000] GC(775) User=0.61s Sys=0.02s Real=0.09s
[2025-08-01T01:21:35.626+0000] GC(776) Pause Young (Allocation Failure)
[2025-08-01T01:21:35.765+0000] GC(776) PSYoungGen: 931840K(931840K)->335104K(931840K) Eden: 465920K(465920K)->0K(465920K) From: 465920K(465920K)->335104K(465920K)
[2025-08-01T01:21:35.765+0000] GC(776) ParOldGen: 701506K(2796544K)->944498K(2796544K)
[2025-08-01T01:21:35.765+0000] GC(776) Metaspace: 10058K(10240K)->10058K(10240K) NonClass: 8831K(8896K)->8831K(8896K) Class: 1226K(1344K)->1226K(1344K)
[2025-08-01T01:21:35.765+0000] GC(776) Pause Young (Allocation Failure) 1595M->1249M(3641M) 138.480ms
[2025-08-01T01:21:35.765+0000] GC(776) User=1.05s Sys=0.03s Real=0.14s
[2025-08-01T01:21:35.858+0000] GC(777) Pause Young (Allocation Failure)
[2025-08-01T01:21:35.982+0000] GC(777) PSYoungGen: 801024K(931840K)->465920K(931840K) Eden: 465920K(465920K)->0K(465920K) From: 335104K(465920K)->465920K(465920K)
[2025-08-01T01:21:35.982+0000] GC(777) ParOldGen: 944498K(2796544K)->1309138K(2796544K)
[2025-08-01T01:21:35.982+0000] GC(777) Metaspace: 10058K(10240K)->10058K(10240K) NonClass: 8831K(8896K)->8831K(8896K) Class: 1226K(1344K)->1226K(1344K)
[2025-08-01T01:21:35.982+0000] GC(777) Pause Young (Allocation Failure) 1704M->1733M(3641M) 124.143ms
[2025-08-01T01:21:35.982+0000] GC(777) User=0.96s Sys=0.00s Real=0.12s
[2025-08-01T01:21:36.069+0000] GC(778) Pause Young (Allocation Failure)
[2025-08-01T01:21:36.204+0000] GC(778) PSYoungGen: 931840K(931840K)->347392K(931840K) Eden: 465920K(465920K)->0K(465920K) From: 465920K(465920K)->347392K(465920K)
[2025-08-01T01:21:36.204+0000] GC(778) ParOldGen: 1309138K(2796544K)->1560666K(2796544K)
[2025-08-01T01:21:36.204+0000] GC(778) Metaspace: 10058K(10240K)->10058K(10240K) NonClass: 8831K(8896K)->8831K(8896K) Class: 1226K(1344K)->1226K(1344K)
[2025-08-01T01:21:36.204+0000] GC(778) Pause Young (Allocation Failure) 2188M->1863M(3641M) 134.930ms
[2025-08-01T01:21:36.204+0000] GC(778) User=1.06s Sys=0.01s Real=0.14s
[2025-08-01T01:21:36.294+0000] GC(779) Pause Young (Allocation Failure)
[2025-08-01T01:21:36.434+0000] GC(779) PSYoungGen: 813312K(931840K)->465920K(931840K) Eden: 465920K(465920K)->0K(465920K) From: 347392K(465920K)->465920K(465920K)
[2025-08-01T01:21:36.434+0000] GC(779) ParOldGen: 1560666K(2796544K)->1938370K(2796544K)
[2025-08-01T01:21:36.434+0000] GC(779) Metaspace: 10058K(10240K)->10058K(10240K) NonClass: 8831K(8896K)->8831K(8896K) Class: 1226K(1344K)->1226K(1344K)
[2025-08-01T01:21:36.434+0000] GC(779) Pause Young (Allocation Failure) 2318M->2347M(3641M) 140.052ms
[2025-08-01T01:21:36.434+0000] GC(779) User=1.06s Sys=0.03s Real=0.14s
[2025-08-01T01:21:36.520+0000] GC(780) Pause Young (Allocation Failure)
[2025-08-01T01:21:36.680+0000] GC(780) PSYoungGen: 931840K(931840K)->343776K(931840K) Eden: 465920K(465920K)->0K(465920K) From: 465920K(465920K)->343776K(465920K)
[2025-08-01T01:21:36.680+0000] GC(780) ParOldGen: 1938370K(2796544K)->2170970K(2796544K)
[2025-08-01T01:21:36.680+0000] GC(780) Metaspace: 10058K(10240K)->10058K(10240K) NonClass: 8831K(8896K)->8831K(8896K) Class: 1226K(1344K)->1226K(1344K)
[2025-08-01T01:21:36.680+0000] GC(780) Pause Young (Allocation Failure) 2802M->2455M(3641M) 159.414ms
[2025-08-01T01:21:36.680+0000] GC(780) User=1.19s Sys=0.04s Real=0.16s
[2025-08-01T01:21:36.769+0000] GC(781) Pause Young (Allocation Failure)
[2025-08-01T01:21:36.905+0000] GC(781) PSYoungGen: 809696K(931840K)->465920K(931840K) Eden: 465920K(465920K)->0K(465920K) From: 343776K(465920K)->465920K(465920K)
[2025-08-01T01:21:36.905+0000] GC(781) ParOldGen: 2170970K(2796544K)->2545234K(2796544K)
[2025-08-01T01:21:36.905+0000] GC(781) Metaspace: 10058K(10240K)->10058K(10240K) NonClass: 8831K(8896K)->8831K(8896K) Class: 1226K(1344K)->1226K(1344K)
[2025-08-01T01:21:36.905+0000] GC(781) Pause Young (Allocation Failure) 2910M->2940M(3641M) 136.719ms
[2025-08-01T01:21:36.906+0000] GC(781) User=1.00s Sys=0.03s Real=0.14s
[2025-08-01T01:21:37.006+0000] GC(782) Pause Full (Ergonomics)
[2025-08-01T01:21:37.006+0000] GC(782) Marking Phase
[2025-08-01T01:21:37.052+0000] GC(782) Marking Phase 46.288ms
[2025-08-01T01:21:37.052+0000] GC(782) Summary Phase
[2025-08-01T01:21:37.052+0000] GC(782) Summary Phase 0.110ms
[2025-08-01T01:21:37.052+0000] GC(782) Adjust Roots
[2025-08-01T01:21:37.054+0000] GC(782) Adjust Roots 1.926ms
[2025-08-01T01:21:37.054+0000] GC(782) Compaction Phase
[2025-08-01T01:21:37.153+0000] GC(782) Compaction Phase 99.030ms
[2025-08-01T01:21:37.153+0000] GC(782) Post Compact
[2025-08-01T01:21:37.177+0000] GC(782) Post Compact 23.695ms
[2025-08-01T01:21:37.177+0000] GC(782) PSYoungGen: 931840K(931840K)->0K(931840K) Eden: 465920K(465920K)->0K(465920K) From: 465920K(465920K)->0K(465920K)
[2025-08-01T01:21:37.177+0000] GC(782) ParOldGen: 2545234K(2796544K)->715988K(2796544K)
[2025-08-01T01:21:37.177+0000] GC(782) Metaspace: 10058K(10240K)->10058K(10240K) NonClass: 8831K(8896K)->8831K(8896K) Class: 1226K(1344K)->1226K(1344K)
[2025-08-01T01:21:37.177+0000] GC(782) Pause Full (Ergonomics) 3395M->699M(3641M) 171.500ms
[2025-08-01T01:21:37.177+0000] GC(782) User=1.12s Sys=0.01s Real=0.17s
[2025-08-01T01:21:37.261+0000] GC(783) Pause Young (Allocation Failure)
[2025-08-01T01:21:37.386+0000] GC(783) PSYoungGen: 465920K(931840K)->465920K(931840K) Eden: 465920K(465920K)->0K(465920K) From: 0K(465920K)->465920K(465920K)
[2025-08-01T01:21:37.386+0000] GC(783) ParOldGen: 715988K(2796544K)->723724K(2796544K)
[2025-08-01T01:21:37.386+0000] GC(783) Metaspace: 10058K(10240K)->10058K(10240K) NonClass: 8831K(8896K)->8831K(8896K) Class: 1226K(1344K)->1226K(1344K)
[2025-08-01T01:21:37.386+0000] GC(783) Pause Young (Allocation Failure) 1154M->1161M(3641M) 124.706ms
[2025-08-01T01:21:37.386+0000] GC(783) User=0.94s Sys=0.03s Real=0.13s
[2025-08-01T01:21:37.478+0000] GC(784) Pause Young (Allocation Failure)
[2025-08-01T01:21:37.584+0000] GC(784) PSYoungGen: 931840K(931840K)->343040K(931840K) Eden: 465920K(465920K)->0K(465920K) From: 465920K(465920K)->343040K(465920K)
[2025-08-01T01:21:37.584+0000] GC(784) ParOldGen: 723724K(2796544K)->957492K(2796544K)
[2025-08-01T01:21:37.584+0000] GC(784) Metaspace: 10058K(10240K)->10058K(10240K) NonClass: 8831K(8896K)->8831K(8896K) Class: 1226K(1344K)->1226K(1344K)
[2025-08-01T01:21:37.584+0000] GC(784) Pause Young (Allocation Failure) 1616M->1270M(3641M) 106.160ms
[2025-08-01T01:21:37.584+0000] GC(784) User=0.81s Sys=0.02s Real=0.11s
[2025-08-01T01:21:37.671+0000] GC(785) Pause Young (Allocation Failure)
[2025-08-01T01:21:37.855+0000] GC(785) PSYoungGen: 808960K(931840K)->465920K(931840K) Eden: 465920K(465920K)->0K(465920K) From: 343040K(465920K)->465920K(465920K)
[2025-08-01T01:21:37.855+0000] GC(785) ParOldGen: 957492K(2796544K)->1327292K(2796544K)
[2025-08-01T01:21:37.855+0000] GC(785) Metaspace: 10058K(10240K)->10058K(10240K) NonClass: 8831K(8896K)->8831K(8896K) Class: 1226K(1344K)->1226K(1344K)
[2025-08-01T01:21:37.855+0000] GC(785) Pause Young (Allocation Failure) 1725M->1751M(3641M) 183.854ms
[2025-08-01T01:21:37.855+0000] GC(785) User=1.41s Sys=0.04s Real=0.19s
[2025-08-01T01:21:37.941+0000] GC(786) Pause Young (Allocation Failure)
[2025-08-01T01:21:38.037+0000] GC(786) PSYoungGen: 931840K(931840K)->356640K(931840K) Eden: 465920K(465920K)->0K(465920K) From: 465920K(465920K)->356640K(465920K)
[2025-08-01T01:21:38.037+0000] GC(786) ParOldGen: 1327292K(2796544K)->1584652K(2796544K)
[2025-08-01T01:21:38.037+0000] GC(786) Metaspace: 10058K(10240K)->10058K(10240K) NonClass: 8831K(8896K)->8831K(8896K) Class: 1226K(1344K)->1226K(1344K)
[2025-08-01T01:21:38.037+0000] GC(786) Pause Young (Allocation Failure) 2206M->1895M(3641M) 96.292ms
[2025-08-01T01:21:38.037+0000] GC(786) User=0.73s Sys=0.00s Real=0.10s
[2025-08-01T01:21:38.124+0000] GC(787) Pause Young (Allocation Failure)
[2025-08-01T01:21:38.313+0000] GC(787) PSYoungGen: 822560K(931840K)->465920K(931840K) Eden: 465920K(465920K)->0K(465920K) From: 356640K(465920K)->465920K(465920K)
[2025-08-01T01:21:38.313+0000] GC(787) ParOldGen: 1584652K(2796544K)->1970532K(2796544K)
[2025-08-01T01:21:38.313+0000] GC(787) Metaspace: 10058K(10240K)->10058K(10240K) NonClass: 8831K(8896K)->8831K(8896K) Class: 1226K(1344K)->1226K(1344K)
[2025-08-01T01:21:38.313+0000] GC(787) Pause Young (Allocation Failure) 2350M->2379M(3641M) 188.885ms
[2025-08-01T01:21:38.313+0000] GC(787) User=1.43s Sys=0.04s Real=0.18s
[2025-08-01T01:21:38.397+0000] GC(788) Pause Young (Allocation Failure)
[2025-08-01T01:21:38.483+0000] GC(788) PSYoungGen: 931840K(931840K)->346176K(931840K) Eden: 465920K(465920K)->0K(465920K) From: 465920K(465920K)->346176K(465920K)
[2025-08-01T01:21:38.483+0000] GC(788) ParOldGen: 1970532K(2796544K)->2200332K(2796544K)
[2025-08-01T01:21:38.483+0000] GC(788) Metaspace: 10058K(10240K)->10058K(10240K) NonClass: 8831K(8896K)->8831K(8896K) Class: 1226K(1344K)->1226K(1344K)
[2025-08-01T01:21:38.483+0000] GC(788) Pause Young (Allocation Failure) 2834M->2486M(3641M) 85.345ms
[2025-08-01T01:21:38.483+0000] GC(788) User=0.67s Sys=0.00s Real=0.08s
[2025-08-01T01:21:38.573+0000] GC(789) Pause Young (Allocation Failure)
[2025-08-01T01:21:38.710+0000] GC(789) PSYoungGen: 812096K(931840K)->465920K(931840K) Eden: 465920K(465920K)->0K(465920K) From: 346176K(465920K)->465920K(465920K)
[2025-08-01T01:21:38.710+0000] GC(789) ParOldGen: 2200332K(2796544K)->2576716K(2796544K)
[2025-08-01T01:21:38.710+0000] GC(789) Metaspace: 10058K(10240K)->10058K(10240K) NonClass: 8831K(8896K)->8831K(8896K) Class: 1226K(1344K)->1226K(1344K)
[2025-08-01T01:21:38.710+0000] GC(789) Pause Young (Allocation Failure) 2941M->2971M(3641M) 137.037ms
[2025-08-01T01:21:38.710+0000] GC(789) User=1.03s Sys=0.02s Real=0.14s
[2025-08-01T01:21:38.804+0000] GC(790) Pause Full (Ergonomics)
[2025-08-01T01:21:38.804+0000] GC(790) Marking Phase
[2025-08-01T01:21:38.876+0000] GC(790) Marking Phase 71.687ms
[2025-08-01T01:21:38.876+0000] GC(790) Summary Phase
[2025-08-01T01:21:38.876+0000] GC(790) Summary Phase 0.083ms
[2025-08-01T01:21:38.876+0000] GC(790) Adjust Roots
[2025-08-01T01:21:38.877+0000] GC(790) Adjust Roots 1.401ms
[2025-08-01T01:21:38.877+0000] GC(790) Compaction Phase
[2025-08-01T01:21:38.996+0000] GC(790) Compaction Phase 118.441ms
[2025-08-01T01:21:38.996+0000] GC(790) Post Compact
[2025-08-01T01:21:39.018+0000] GC(790) Post Compact 22.478ms
[2025-08-01T01:21:39.018+0000] GC(790) PSYoungGen: 931840K(931840K)->0K(931840K) Eden: 465920K(465920K)->0K(465920K) From: 465920K(465920K)->0K(465920K)
[2025-08-01T01:21:39.018+0000] GC(790) ParOldGen: 2576716K(2796544K)->735366K(2796544K)
[2025-08-01T01:21:39.018+0000] GC(790) Metaspace: 10058K(10240K)->10058K(10240K) NonClass: 8831K(8896K)->8831K(8896K) Class: 1226K(1344K)->1226K(1344K)
[2025-08-01T01:21:39.018+0000] GC(790) Pause Full (Ergonomics) 3426M->718M(3641M) 214.443ms
[2025-08-01T01:21:39.018+0000] GC(790) User=1.40s Sys=0.04s Real=0.21s
[2025-08-01T01:21:39.107+0000] GC(791) Pause Young (Allocation Failure)
[2025-08-01T01:21:39.189+0000] GC(791) PSYoungGen: 465920K(931840K)->465920K(931840K) Eden: 465920K(465920K)->0K(465920K) From: 0K(465920K)->465920K(465920K)
[2025-08-01T01:21:39.189+0000] GC(791) ParOldGen: 735366K(2796544K)->741646K(2796544K)
[2025-08-01T01:21:39.189+0000] GC(791) Metaspace: 10058K(10240K)->10058K(10240K) NonClass: 8831K(8896K)->8831K(8896K) Class: 1226K(1344K)->1226K(1344K)
[2025-08-01T01:21:39.189+0000] GC(791) Pause Young (Allocation Failure) 1173M->1179M(3641M) 82.086ms
[2025-08-01T01:21:39.189+0000] GC(791) User=0.62s Sys=0.03s Real=0.08s
[2025-08-01T01:21:39.275+0000] GC(792) Pause Young (Allocation Failure)
[2025-08-01T01:21:39.382+0000] GC(792) PSYoungGen: 931840K(931840K)->342656K(931840K) Eden: 465920K(465920K)->0K(465920K) From: 465920K(465920K)->342656K(465920K)
[2025-08-01T01:21:39.382+0000] GC(792) ParOldGen: 741646K(2796544K)->974606K(2796544K)
[2025-08-01T01:21:39.382+0000] GC(792) Metaspace: 10058K(10240K)->10058K(10240K) NonClass: 8831K(8896K)->8831K(8896K) Class: 1226K(1344K)->1226K(1344K)
[2025-08-01T01:21:39.382+0000] GC(792) Pause Young (Allocation Failure) 1634M->1286M(3641M) 107.057ms
[2025-08-01T01:21:39.382+0000] GC(792) User=0.82s Sys=0.03s Real=0.10s
[2025-08-01T01:21:39.475+0000] GC(793) Pause Young (Allocation Failure)
[2025-08-01T01:21:39.649+0000] GC(793) PSYoungGen: 808576K(931840K)->465920K(931840K) Eden: 465920K(465920K)->0K(465920K) From: 342656K(465920K)->465920K(465920K)
[2025-08-01T01:21:39.649+0000] GC(793) ParOldGen: 974606K(2796544K)->1346502K(2796544K)
[2025-08-01T01:21:39.649+0000] GC(793) Metaspace: 10058K(10240K)->10058K(10240K) NonClass: 8831K(8896K)->8831K(8896K) Class: 1226K(1344K)->1226K(1344K)
[2025-08-01T01:21:39.649+0000] GC(793) Pause Young (Allocation Failure) 1741M->1769M(3641M) 174.506ms
[2025-08-01T01:21:39.649+0000] GC(793) User=1.35s Sys=0.03s Real=0.17s
[2025-08-01T01:21:39.740+0000] GC(794) Pause Young (Allocation Failure)
[2025-08-01T01:21:39.839+0000] GC(794) PSYoungGen: 931840K(931840K)->370720K(931840K) Eden: 465920K(465920K)->0K(465920K) From: 465920K(465920K)->370720K(465920K)
[2025-08-01T01:21:39.839+0000] GC(794) ParOldGen: 1346502K(2796544K)->1604358K(2796544K)
[2025-08-01T01:21:39.839+0000] GC(794) Metaspace: 10058K(10240K)->10058K(10240K) NonClass: 8831K(8896K)->8831K(8896K) Class: 1226K(1344K)->1226K(1344K)
[2025-08-01T01:21:39.839+0000] GC(794) Pause Young (Allocation Failure) 2224M->1928M(3641M) 99.454ms
[2025-08-01T01:21:39.839+0000] GC(794) User=0.77s Sys=0.01s Real=0.10s
[2025-08-01T01:21:39.934+0000] GC(795) Pause Young (Allocation Failure)
[2025-08-01T01:21:40.075+0000] GC(795) PSYoungGen: 836640K(931840K)->465920K(931840K) Eden: 465920K(465920K)->0K(465920K) From: 370720K(465920K)->465920K(465920K)
[2025-08-01T01:21:40.076+0000] GC(795) ParOldGen: 1604358K(2796544K)->2004878K(2796544K)
[2025-08-01T01:21:40.076+0000] GC(795) Metaspace: 10058K(10240K)->10058K(10240K) NonClass: 8831K(8896K)->8831K(8896K) Class: 1226K(1344K)->1226K(1344K)
[2025-08-01T01:21:40.076+0000] GC(795) Pause Young (Allocation Failure) 2383M->2412M(3641M) 141.816ms
[2025-08-01T01:21:40.076+0000] GC(795) User=1.03s Sys=0.04s Real=0.14s
[2025-08-01T01:21:40.166+0000] GC(796) Pause Young (Allocation Failure)
[2025-08-01T01:21:40.264+0000] GC(796) PSYoungGen: 931840K(931840K)->353024K(931840K) Eden: 465920K(465920K)->0K(465920K) From: 465920K(465920K)->353024K(465920K)
[2025-08-01T01:21:40.264+0000] GC(796) ParOldGen: 2004878K(2796544K)->2249046K(2796544K)
[2025-08-01T01:21:40.264+0000] GC(796) Metaspace: 10058K(10240K)->10058K(10240K) NonClass: 8831K(8896K)->8831K(8896K) Class: 1226K(1344K)->1226K(1344K)
[2025-08-01T01:21:40.264+0000] GC(796) Pause Young (Allocation Failure) 2867M->2541M(3641M) 97.758ms
[2025-08-01T01:21:40.264+0000] GC(796) User=0.76s Sys=0.01s Real=0.10s
[2025-08-01T01:21:40.358+0000] GC(797) Pause Young (Allocation Failure)
[2025-08-01T01:21:40.443+0000] GC(797) PSYoungGen: 818944K(931840K)->351872K(931840K) Eden: 465920K(465920K)->0K(465920K) From: 353024K(465920K)->351872K(465920K)
[2025-08-01T01:21:40.443+0000] GC(797) ParOldGen: 2249046K(2796544K)->2452670K(2796544K)
[2025-08-01T01:21:40.443+0000] GC(797) Metaspace: 10058K(10240K)->10058K(10240K) NonClass: 8831K(8896K)->8831K(8896K) Class: 1226K(1344K)->1226K(1344K)
[2025-08-01T01:21:40.443+0000] GC(797) Pause Young (Allocation Failure) 2996M->2738M(3641M) 84.861ms
[2025-08-01T01:21:40.443+0000] GC(797) User=0.64s Sys=0.01s Real=0.08s
[2025-08-01T01:21:40.535+0000] GC(798) Pause Full (Ergonomics)
[2025-08-01T01:21:40.535+0000] GC(798) Marking Phase
[2025-08-01T01:21:40.600+0000] GC(798) Marking Phase 64.753ms
[2025-08-01T01:21:40.600+0000] GC(798) Summary Phase
[2025-08-01T01:21:40.600+0000] GC(798) Summary Phase 0.087ms
[2025-08-01T01:21:40.600+0000] GC(798) Adjust Roots
[2025-08-01T01:21:40.602+0000] GC(798) Adjust Roots 1.487ms
[2025-08-01T01:21:40.602+0000] GC(798) Compaction Phase
[2025-08-01T01:21:40.712+0000] GC(798) Compaction Phase 109.806ms
[2025-08-01T01:21:40.712+0000] GC(798) Post Compact
[2025-08-01T01:21:40.734+0000] GC(798) Post Compact 22.574ms
[2025-08-01T01:21:40.734+0000] GC(798) PSYoungGen: 817792K(931840K)->0K(931840K) Eden: 465920K(465920K)->0K(465920K) From: 351872K(465920K)->0K(465920K)
[2025-08-01T01:21:40.734+0000] GC(798) ParOldGen: 2452670K(2796544K)->752739K(2796544K)
[2025-08-01T01:21:40.734+0000] GC(798) Metaspace: 10058K(10240K)->10058K(10240K) NonClass: 8831K(8896K)->8831K(8896K) Class: 1226K(1344K)->1226K(1344K)
[2025-08-01T01:21:40.734+0000] GC(798) Pause Full (Ergonomics) 3193M->735M(3641M) 199.209ms
[2025-08-01T01:21:40.735+0000] GC(798) User=1.34s Sys=0.02s Real=0.20s
[2025-08-01T01:21:40.832+0000] GC(799) Pause Young (Allocation Failure)
[2025-08-01T01:21:40.971+0000] GC(799) PSYoungGen: 465920K(931840K)->465920K(931840K) Eden: 465920K(465920K)->0K(465920K) From: 0K(465920K)->465920K(465920K)
[2025-08-01T01:21:40.971+0000] GC(799) ParOldGen: 752739K(2796544K)->759011K(2796544K)
[2025-08-01T01:21:40.971+0000] GC(799) Metaspace: 10058K(10240K)->10058K(10240K) NonClass: 8831K(8896K)->8831K(8896K) Class: 1226K(1344K)->1226K(1344K)
[2025-08-01T01:21:40.971+0000] GC(799) Pause Young (Allocation Failure) 1190M->1196M(3641M) 139.213ms
[2025-08-01T01:21:40.971+0000] GC(799) User=1.01s Sys=0.07s Real=0.14s
[2025-08-01T01:21:41.081+0000] GC(800) Pause Young (Allocation Failure)
[2025-08-01T01:21:41.174+0000] GC(800) PSYoungGen: 931840K(931840K)->332192K(931840K) Eden: 465920K(465920K)->0K(465920K) From: 465920K(465920K)->332192K(465920K)
[2025-08-01T01:21:41.174+0000] GC(800) ParOldGen: 759011K(2796544K)->1013987K(2796544K)
[2025-08-01T01:21:41.174+0000] GC(800) Metaspace: 10058K(10240K)->10058K(10240K) NonClass: 8831K(8896K)->8831K(8896K) Class: 1226K(1344K)->1226K(1344K)
[2025-08-01T01:21:41.174+0000] GC(800) Pause Young (Allocation Failure) 1651M->1314M(3641M) 93.442ms
[2025-08-01T01:21:41.174+0000] GC(800) User=0.72s Sys=0.02s Real=0.10s
[2025-08-01T01:21:41.257+0000] GC(801) Pause Young (Allocation Failure)
[2025-08-01T01:21:41.366+0000] GC(801) PSYoungGen: 798112K(931840K)->372256K(931840K) Eden: 465920K(465920K)->0K(465920K) From: 332192K(465920K)->372256K(465920K)
[2025-08-01T01:21:41.366+0000] GC(801) ParOldGen: 1013987K(2796544K)->1235211K(2796544K)
[2025-08-01T01:21:41.366+0000] GC(801) Metaspace: 10058K(10240K)->10058K(10240K) NonClass: 8831K(8896K)->8831K(8896K) Class: 1226K(1344K)->1226K(1344K)
[2025-08-01T01:21:41.366+0000] GC(801) Pause Young (Allocation Failure) 1769M->1569M(3641M) 108.497ms
[2025-08-01T01:21:41.366+0000] GC(801) User=0.82s Sys=0.02s Real=0.11s
[2025-08-01T01:21:41.457+0000] GC(802) Pause Young (Allocation Failure)
[2025-08-01T01:21:41.568+0000] GC(802) PSYoungGen: 838176K(931840K)->379936K(931840K) Eden: 465920K(465920K)->0K(465920K) From: 372256K(465920K)->379936K(465920K)
[2025-08-01T01:21:41.568+0000] GC(802) ParOldGen: 1235211K(2796544K)->1518267K(2796544K)
[2025-08-01T01:21:41.568+0000] GC(802) Metaspace: 10058K(10240K)->10058K(10240K) NonClass: 8831K(8896K)->8831K(8896K) Class: 1226K(1344K)->1226K(1344K)
[2025-08-01T01:21:41.568+0000] GC(802) Pause Young (Allocation Failure) 2024M->1853M(3641M) 110.965ms
[2025-08-01T01:21:41.568+0000] GC(802) User=0.85s Sys=0.02s Real=0.11s
[2025-08-01T01:21:41.660+0000] GC(803) Pause Young (Allocation Failure)
[2025-08-01T01:21:41.814+0000] GC(803) PSYoungGen: 845856K(931840K)->348640K(931840K) Eden: 465920K(465920K)->0K(465920K) From: 379936K(465920K)->348640K(465920K)
[2025-08-01T01:21:41.814+0000] GC(803) ParOldGen: 1518267K(2796544K)->1793963K(2796544K)
[2025-08-01T01:21:41.814+0000] GC(803) Metaspace: 10058K(10240K)->10058K(10240K) NonClass: 8831K(8896K)->8831K(8896K) Class: 1226K(1344K)->1226K(1344K)
[2025-08-01T01:21:41.814+0000] GC(803) Pause Young (Allocation Failure) 2308M->2092M(3641M) 154.451ms
[2025-08-01T01:21:41.814+0000] GC(803) User=1.18s Sys=0.03s Real=0.16s
[2025-08-01T01:21:41.908+0000] GC(804) Pause Young (Allocation Failure)
[2025-08-01T01:21:42.056+0000] GC(804) PSYoungGen: 814560K(931840K)->369536K(931840K) Eden: 465920K(465920K)->0K(465920K) From: 348640K(465920K)->369536K(465920K)
[2025-08-01T01:21:42.056+0000] GC(804) ParOldGen: 1793963K(2796544K)->2030875K(2796544K)
[2025-08-01T01:21:42.056+0000] GC(804) Metaspace: 10058K(10240K)->10058K(10240K) NonClass: 8831K(8896K)->8831K(8896K) Class: 1226K(1344K)->1226K(1344K)
[2025-08-01T01:21:42.056+0000] GC(804) Pause Young (Allocation Failure) 2547M->2344M(3641M) 147.896ms
[2025-08-01T01:21:42.056+0000] GC(804) User=1.10s Sys=0.03s Real=0.15s
[2025-08-01T01:21:42.143+0000] GC(805) Pause Young (Allocation Failure)
[2025-08-01T01:21:42.295+0000] GC(805) PSYoungGen: 835456K(931840K)->465920K(931840K) Eden: 465920K(465920K)->0K(465920K) From: 369536K(465920K)->465920K(465920K)
[2025-08-01T01:21:42.295+0000] GC(805) ParOldGen: 2030875K(2796544K)->2429995K(2796544K)
[2025-08-01T01:21:42.295+0000] GC(805) Metaspace: 10058K(10240K)->10058K(10240K) NonClass: 8831K(8896K)->8831K(8896K) Class: 1226K(1344K)->1226K(1344K)
[2025-08-01T01:21:42.295+0000] GC(805) Pause Young (Allocation Failure) 2799M->2828M(3641M) 151.979ms
[2025-08-01T01:21:42.295+0000] GC(805) User=1.15s Sys=0.04s Real=0.15s
[2025-08-01T01:21:42.381+0000] GC(806) Pause Full (Ergonomics)
[2025-08-01T01:21:42.381+0000] GC(806) Marking Phase
[2025-08-01T01:21:42.460+0000] GC(806) Marking Phase 78.799ms
[2025-08-01T01:21:42.460+0000] GC(806) Summary Phase
[2025-08-01T01:21:42.460+0000] GC(806) Summary Phase 0.121ms
[2025-08-01T01:21:42.460+0000] GC(806) Adjust Roots
[2025-08-01T01:21:42.462+0000] GC(806) Adjust Roots 2.131ms
[2025-08-01T01:21:42.462+0000] GC(806) Compaction Phase
[2025-08-01T01:21:42.593+0000] GC(806) Compaction Phase 130.621ms
[2025-08-01T01:21:42.593+0000] GC(806) Post Compact
[2025-08-01T01:21:42.615+0000] GC(806) Post Compact 22.336ms
[2025-08-01T01:21:42.615+0000] GC(806) PSYoungGen: 931840K(931840K)->0K(931840K) Eden: 465920K(465920K)->0K(465920K) From: 465920K(465920K)->0K(465920K)
[2025-08-01T01:21:42.615+0000] GC(806) ParOldGen: 2429995K(2796544K)->769413K(2796544K)
[2025-08-01T01:21:42.615+0000] GC(806) Metaspace: 10058K(10240K)->10058K(10240K) NonClass: 8831K(8896K)->8831K(8896K) Class: 1226K(1344K)->1226K(1344K)
[2025-08-01T01:21:42.615+0000] GC(806) Pause Full (Ergonomics) 3283M->751M(3641M) 234.442ms
[2025-08-01T01:21:42.615+0000] GC(806) User=1.60s Sys=0.05s Real=0.24s
[2025-08-01T01:21:42.701+0000] GC(807) Pause Young (Allocation Failure)
[2025-08-01T01:21:42.802+0000] GC(807) PSYoungGen: 465920K(931840K)->371616K(931840K) Eden: 465920K(465920K)->0K(465920K) From: 0K(465920K)->371616K(465920K)
[2025-08-01T01:21:42.802+0000] GC(807) ParOldGen: 769413K(2796544K)->769413K(2796544K)
[2025-08-01T01:21:42.802+0000] GC(807) Metaspace: 10058K(10240K)->10058K(10240K) NonClass: 8831K(8896K)->8831K(8896K) Class: 1226K(1344K)->1226K(1344K)
[2025-08-01T01:21:42.802+0000] GC(807) Pause Young (Allocation Failure) 1206M->1114M(3641M) 101.089ms
[2025-08-01T01:21:42.802+0000] GC(807) User=0.76s Sys=0.02s Real=0.10s
[2025-08-01T01:21:42.895+0000] GC(808) Pause Young (Allocation Failure)
[2025-08-01T01:21:43.039+0000] GC(808) PSYoungGen: 837536K(931840K)->373568K(931840K) Eden: 465920K(465920K)->0K(465920K) From: 371616K(465920K)->373568K(465920K)
[2025-08-01T01:21:43.039+0000] GC(808) ParOldGen: 769413K(2796544K)->1032549K(2796544K)
[2025-08-01T01:21:43.039+0000] GC(808) Metaspace: 10058K(10240K)->10058K(10240K) NonClass: 8831K(8896K)->8831K(8896K) Class: 1226K(1344K)->1226K(1344K)
[2025-08-01T01:21:43.039+0000] GC(808) Pause Young (Allocation Failure) 1569M->1373M(3641M) 144.534ms
[2025-08-01T01:21:43.039+0000] GC(808) User=1.06s Sys=0.03s Real=0.14s
[2025-08-01T01:21:43.127+0000] GC(809) Pause Young (Allocation Failure)
[2025-08-01T01:21:43.268+0000] GC(809) PSYoungGen: 839488K(931840K)->465920K(931840K) Eden: 465920K(465920K)->0K(465920K) From: 373568K(465920K)->465920K(465920K)
[2025-08-01T01:21:43.269+0000] GC(809) ParOldGen: 1032549K(2796544K)->1437133K(2796544K)
[2025-08-01T01:21:43.269+0000] GC(809) Metaspace: 10058K(10240K)->10058K(10240K) NonClass: 8831K(8896K)->8831K(8896K) Class: 1226K(1344K)->1226K(1344K)
[2025-08-01T01:21:43.269+0000] GC(809) Pause Young (Allocation Failure) 1828M->1858M(3641M) 141.998ms
[2025-08-01T01:21:43.269+0000] GC(809) User=1.06s Sys=0.03s Real=0.14s
[2025-08-01T01:21:43.356+0000] GC(810) Pause Young (Allocation Failure)
[2025-08-01T01:21:43.453+0000] GC(810) PSYoungGen: 931840K(931840K)->387680K(931840K) Eden: 465920K(465920K)->0K(465920K) From: 465920K(465920K)->387680K(465920K)
[2025-08-01T01:21:43.453+0000] GC(810) ParOldGen: 1437133K(2796544K)->1688973K(2796544K)
[2025-08-01T01:21:43.454+0000] GC(810) Metaspace: 10058K(10240K)->10058K(10240K) NonClass: 8831K(8896K)->8831K(8896K) Class: 1226K(1344K)->1226K(1344K)
[2025-08-01T01:21:43.454+0000] GC(810) Pause Young (Allocation Failure) 2313M->2027M(3641M) 97.862ms
[2025-08-01T01:21:43.454+0000] GC(810) User=0.74s Sys=0.01s Real=0.10s
[2025-08-01T01:21:43.541+0000] GC(811) Pause Young (Allocation Failure)
[2025-08-01T01:21:43.647+0000] GC(811) PSYoungGen: 853600K(931840K)->369728K(931840K) Eden: 465920K(465920K)->0K(465920K) From: 387680K(465920K)->369728K(465920K)
[2025-08-01T01:21:43.648+0000] GC(811) ParOldGen: 1688973K(2796544K)->1974269K(2796544K)
[2025-08-01T01:21:43.648+0000] GC(811) Metaspace: 10058K(10240K)->10058K(10240K) NonClass: 8831K(8896K)->8831K(8896K) Class: 1226K(1344K)->1226K(1344K)
[2025-08-01T01:21:43.648+0000] GC(811) Pause Young (Allocation Failure) 2482M->2289M(3641M) 106.299ms
[2025-08-01T01:21:43.648+0000] GC(811) User=0.80s Sys=0.03s Real=0.11s
[2025-08-01T01:21:43.735+0000] GC(812) Pause Young (Allocation Failure)
[2025-08-01T01:21:43.886+0000] GC(812) PSYoungGen: 835648K(931840K)->365440K(931840K) Eden: 465920K(465920K)->0K(465920K) From: 369728K(465920K)->365440K(465920K)
[2025-08-01T01:21:43.886+0000] GC(812) ParOldGen: 1974269K(2796544K)->2242333K(2796544K)
[2025-08-01T01:21:43.886+0000] GC(812) Metaspace: 10058K(10240K)->10058K(10240K) NonClass: 8831K(8896K)->8831K(8896K) Class: 1226K(1344K)->1226K(1344K)
[2025-08-01T01:21:43.886+0000] GC(812) Pause Young (Allocation Failure) 2744M->2546M(3641M) 151.562ms
[2025-08-01T01:21:43.886+0000] GC(812) User=1.14s Sys=0.04s Real=0.15s
[2025-08-01T01:21:43.976+0000] GC(813) Pause Young (Allocation Failure)
[2025-08-01T01:21:44.073+0000] GC(813) PSYoungGen: 831360K(931840K)->348000K(931840K) Eden: 465920K(465920K)->0K(465920K) From: 365440K(465920K)->348000K(465920K)
[2025-08-01T01:21:44.073+0000] GC(813) ParOldGen: 2242333K(2796544K)->2506917K(2796544K)
[2025-08-01T01:21:44.073+0000] GC(813) Metaspace: 10058K(10240K)->10058K(10240K) NonClass: 8831K(8896K)->8831K(8896K) Class: 1226K(1344K)->1226K(1344K)
[2025-08-01T01:21:44.073+0000] GC(813) Pause Young (Allocation Failure) 3001M->2788M(3641M) 96.813ms
[2025-08-01T01:21:44.073+0000] GC(813) User=0.75s Sys=0.01s Real=0.09s
[2025-08-01T01:21:44.159+0000] GC(814) Pause Full (Ergonomics)
[2025-08-01T01:21:44.159+0000] GC(814) Marking Phase
[2025-08-01T01:21:44.200+0000] GC(814) Marking Phase 41.724ms
[2025-08-01T01:21:44.200+0000] GC(814) Summary Phase
[2025-08-01T01:21:44.201+0000] GC(814) Summary Phase 0.094ms
[2025-08-01T01:21:44.201+0000] GC(814) Adjust Roots
[2025-08-01T01:21:44.202+0000] GC(814) Adjust Roots 1.536ms
[2025-08-01T01:21:44.202+0000] GC(814) Compaction Phase
[2025-08-01T01:21:44.308+0000] GC(814) Compaction Phase 106.076ms
[2025-08-01T01:21:44.308+0000] GC(814) Post Compact
[2025-08-01T01:21:44.331+0000] GC(814) Post Compact 22.616ms
[2025-08-01T01:21:44.331+0000] GC(814) PSYoungGen: 813920K(931840K)->0K(931840K) Eden: 465920K(465920K)->0K(465920K) From: 348000K(465920K)->0K(465920K)
[2025-08-01T01:21:44.331+0000] GC(814) ParOldGen: 2506917K(2796544K)->788448K(2796544K)
[2025-08-01T01:21:44.331+0000] GC(814) Metaspace: 10058K(10240K)->10058K(10240K) NonClass: 8831K(8896K)->8831K(8896K) Class: 1226K(1344K)->1226K(1344K)
[2025-08-01T01:21:44.331+0000] GC(814) Pause Full (Ergonomics) 3243M->769M(3641M) 172.429ms
[2025-08-01T01:21:44.331+0000] GC(814) User=1.15s Sys=0.00s Real=0.17s
[2025-08-01T01:21:44.423+0000] GC(815) Pause Young (Allocation Failure)
[2025-08-01T01:21:44.552+0000] GC(815) PSYoungGen: 465920K(931840K)->378208K(931840K) Eden: 465920K(465920K)->0K(465920K) From: 0K(465920K)->378208K(465920K)
[2025-08-01T01:21:44.552+0000] GC(815) ParOldGen: 788448K(2796544K)->788448K(2796544K)
[2025-08-01T01:21:44.552+0000] GC(815) Metaspace: 10058K(10240K)->10058K(10240K) NonClass: 8831K(8896K)->8831K(8896K) Class: 1226K(1344K)->1226K(1344K)
[2025-08-01T01:21:44.552+0000] GC(815) Pause Young (Allocation Failure) 1224M->1139M(3641M) 129.277ms
[2025-08-01T01:21:44.552+0000] GC(815) User=0.95s Sys=0.05s Real=0.13s
[2025-08-01T01:21:44.648+0000] GC(816) Pause Young (Allocation Failure)
[2025-08-01T01:21:44.806+0000] GC(816) PSYoungGen: 844128K(931840K)->465920K(931840K) Eden: 465920K(465920K)->0K(465920K) From: 378208K(465920K)->465920K(465920K)
[2025-08-01T01:21:44.806+0000] GC(816) ParOldGen: 788448K(2796544K)->1199008K(2796544K)
[2025-08-01T01:21:44.806+0000] GC(816) Metaspace: 10058K(10240K)->10058K(10240K) NonClass: 8831K(8896K)->8831K(8896K) Class: 1226K(1344K)->1226K(1344K)
[2025-08-01T01:21:44.806+0000] GC(816) Pause Young (Allocation Failure) 1594M->1625M(3641M) 158.021ms
[2025-08-01T01:21:44.806+0000] GC(816) User=1.22s Sys=0.02s Real=0.16s
[2025-08-01T01:21:44.943+0000] GC(817) Pause Young (Allocation Failure)
[2025-08-01T01:21:45.060+0000] GC(817) PSYoungGen: 931840K(931840K)->355776K(931840K) Eden: 465920K(465920K)->0K(465920K) From: 465920K(465920K)->355776K(465920K)
[2025-08-01T01:21:45.061+0000] GC(817) ParOldGen: 1199008K(2796544K)->1447288K(2796544K)
[2025-08-01T01:21:45.061+0000] GC(817) Metaspace: 10058K(10240K)->10058K(10240K) NonClass: 8831K(8896K)->8831K(8896K) Class: 1226K(1344K)->1226K(1344K)
[2025-08-01T01:21:45.061+0000] GC(817) Pause Young (Allocation Failure) 2080M->1760M(3641M) 117.169ms
[2025-08-01T01:21:45.061+0000] GC(817) User=0.88s Sys=0.04s Real=0.11s
[2025-08-01T01:21:45.152+0000] GC(818) Pause Young (Allocation Failure)
[2025-08-01T01:21:45.314+0000] GC(818) PSYoungGen: 821696K(931840K)->376160K(931840K) Eden: 465920K(465920K)->0K(465920K) From: 355776K(465920K)->376160K(465920K)
[2025-08-01T01:21:45.314+0000] GC(818) ParOldGen: 1447288K(2796544K)->1710608K(2796544K)
[2025-08-01T01:21:45.314+0000] GC(818) Metaspace: 10058K(10240K)->10058K(10240K) NonClass: 8831K(8896K)->8831K(8896K) Class: 1226K(1344K)->1226K(1344K)
[2025-08-01T01:21:45.314+0000] GC(818) Pause Young (Allocation Failure) 2215M->2037M(3641M) 162.385ms
[2025-08-01T01:21:45.314+0000] GC(818) User=1.22s Sys=0.04s Real=0.17s
[2025-08-01T01:21:45.404+0000] GC(819) Pause Young (Allocation Failure)
[2025-08-01T01:21:45.562+0000] GC(819) PSYoungGen: 842080K(931840K)->420128K(931840K) Eden: 465920K(465920K)->0K(465920K) From: 376160K(465920K)->420128K(465920K)
[2025-08-01T01:21:45.562+0000] GC(819) ParOldGen: 1710608K(2796544K)->1964400K(2796544K)
[2025-08-01T01:21:45.562+0000] GC(819) Metaspace: 10058K(10240K)->10058K(10240K) NonClass: 8831K(8896K)->8831K(8896K) Class: 1226K(1344K)->1226K(1344K)
[2025-08-01T01:21:45.562+0000] GC(819) Pause Young (Allocation Failure) 2492M->2328M(3641M) 158.087ms
[2025-08-01T01:21:45.562+0000] GC(819) User=1.18s Sys=0.04s Real=0.15s
[2025-08-01T01:21:45.652+0000] GC(820) Pause Young (Allocation Failure)
[2025-08-01T01:21:45.790+0000] GC(820) PSYoungGen: 886048K(931840K)->465920K(931840K) Eden: 465920K(465920K)->0K(465920K) From: 420128K(465920K)->465920K(465920K)
[2025-08-01T01:21:45.790+0000] GC(820) ParOldGen: 1964400K(2796544K)->2416768K(2796544K)
[2025-08-01T01:21:45.791+0000] GC(820) Metaspace: 10058K(10240K)->10058K(10240K) NonClass: 8831K(8896K)->8831K(8896K) Class: 1226K(1344K)->1226K(1344K)
[2025-08-01T01:21:45.791+0000] GC(820) Pause Young (Allocation Failure) 2783M->2815M(3641M) 138.490ms
[2025-08-01T01:21:45.791+0000] GC(820) User=1.08s Sys=0.01s Real=0.14s
[2025-08-01T01:21:45.934+0000] GC(821) Pause Full (Ergonomics)
[2025-08-01T01:21:45.934+0000] GC(821) Marking Phase
[2025-08-01T01:21:46.063+0000] GC(821) Marking Phase 129.081ms
[2025-08-01T01:21:46.063+0000] GC(821) Summary Phase
[2025-08-01T01:21:46.063+0000] GC(821) Summary Phase 0.185ms
[2025-08-01T01:21:46.063+0000] GC(821) Adjust Roots
[2025-08-01T01:21:46.066+0000] GC(821) Adjust Roots 2.945ms
[2025-08-01T01:21:46.066+0000] GC(821) Compaction Phase
[2025-08-01T01:21:46.252+0000] GC(821) Compaction Phase 185.248ms
[2025-08-01T01:21:46.252+0000] GC(821) Post Compact
[2025-08-01T01:21:46.274+0000] GC(821) Post Compact 22.526ms
[2025-08-01T01:21:46.274+0000] GC(821) PSYoungGen: 931840K(931840K)->0K(931840K) Eden: 465920K(465920K)->0K(465920K) From: 465920K(465920K)->0K(465920K)
[2025-08-01T01:21:46.274+0000] GC(821) ParOldGen: 2416768K(2796544K)->801316K(2796544K)
[2025-08-01T01:21:46.274+0000] GC(821) Metaspace: 10058K(10240K)->10058K(10240K) NonClass: 8831K(8896K)->8831K(8896K) Class: 1226K(1344K)->1226K(1344K)
[2025-08-01T01:21:46.274+0000] GC(821) Pause Full (Ergonomics) 3270M->782M(3641M) 340.556ms
[2025-08-01T01:21:46.274+0000] GC(821) User=2.26s Sys=0.12s Real=0.34s
[2025-08-01T01:21:46.364+0000] GC(822) Pause Young (Allocation Failure)
[2025-08-01T01:21:46.468+0000] GC(822) PSYoungGen: 465920K(931840K)->380416K(931840K) Eden: 465920K(465920K)->0K(465920K) From: 0K(465920K)->380416K(465920K)
[2025-08-01T01:21:46.468+0000] GC(822) ParOldGen: 801316K(2796544K)->801316K(2796544K)
[2025-08-01T01:21:46.468+0000] GC(822) Metaspace: 10058K(10240K)->10058K(10240K) NonClass: 8831K(8896K)->8831K(8896K) Class: 1226K(1344K)->1226K(1344K)
[2025-08-01T01:21:46.468+0000] GC(822) Pause Young (Allocation Failure) 1237M->1154M(3641M) 104.485ms
[2025-08-01T01:21:46.468+0000] GC(822) User=0.80s Sys=0.03s Real=0.10s
[2025-08-01T01:21:46.563+0000] GC(823) Pause Young (Allocation Failure)
[2025-08-01T01:21:46.676+0000] GC(823) PSYoungGen: 846336K(931840K)->419104K(931840K) Eden: 465920K(465920K)->0K(465920K) From: 380416K(465920K)->419104K(465920K)
[2025-08-01T01:21:46.676+0000] GC(823) ParOldGen: 801316K(2796544K)->1071180K(2796544K)
[2025-08-01T01:21:46.676+0000] GC(823) Metaspace: 10058K(10240K)->10058K(10240K) NonClass: 8831K(8896K)->8831K(8896K) Class: 1226K(1344K)->1226K(1344K)
[2025-08-01T01:21:46.676+0000] GC(823) Pause Young (Allocation Failure) 1609M->1455M(3641M) 112.164ms
[2025-08-01T01:21:46.676+0000] GC(823) User=0.88s Sys=0.01s Real=0.11s
[2025-08-01T01:21:46.769+0000] GC(824) Pause Young (Allocation Failure)
[2025-08-01T01:21:46.982+0000] GC(824) PSYoungGen: 885024K(931840K)->465920K(931840K) Eden: 465920K(465920K)->0K(465920K) From: 419104K(465920K)->465920K(465920K)
[2025-08-01T01:21:46.982+0000] GC(824) ParOldGen: 1071180K(2796544K)->1523044K(2796544K)
[2025-08-01T01:21:46.982+0000] GC(824) Metaspace: 10058K(10240K)->10058K(10240K) NonClass: 8831K(8896K)->8831K(8896K) Class: 1226K(1344K)->1226K(1344K)
[2025-08-01T01:21:46.982+0000] GC(824) Pause Young (Allocation Failure) 1910M->1942M(3641M) 213.312ms
[2025-08-01T01:21:46.982+0000] GC(824) User=1.62s Sys=0.04s Real=0.21s
[2025-08-01T01:21:47.122+0000] GC(825) Pause Young (Allocation Failure)
[2025-08-01T01:21:47.320+0000] GC(825) PSYoungGen: 931840K(931840K)->344832K(931840K) Eden: 465920K(465920K)->0K(465920K) From: 465920K(465920K)->344832K(465920K)
[2025-08-01T01:21:47.320+0000] GC(825) ParOldGen: 1523044K(2796544K)->1768460K(2796544K)
[2025-08-01T01:21:47.320+0000] GC(825) Metaspace: 10058K(10240K)->10058K(10240K) NonClass: 8831K(8896K)->8831K(8896K) Class: 1226K(1344K)->1226K(1344K)
[2025-08-01T01:21:47.320+0000] GC(825) Pause Young (Allocation Failure) 2397M->2063M(3641M) 197.344ms
[2025-08-01T01:21:47.321+0000] GC(825) User=1.42s Sys=0.07s Real=0.20s
[2025-08-01T01:21:47.414+0000] GC(826) Pause Young (Allocation Failure)
[2025-08-01T01:21:47.560+0000] GC(826) PSYoungGen: 810752K(931840K)->383072K(931840K) Eden: 465920K(465920K)->0K(465920K) From: 344832K(465920K)->383072K(465920K)
[2025-08-01T01:21:47.560+0000] GC(826) ParOldGen: 1768460K(2796544K)->2014124K(2796544K)
[2025-08-01T01:21:47.560+0000] GC(826) Metaspace: 10058K(10240K)->10058K(10240K) NonClass: 8831K(8896K)->8831K(8896K) Class: 1226K(1344K)->1226K(1344K)
[2025-08-01T01:21:47.560+0000] GC(826) Pause Young (Allocation Failure) 2518M->2341M(3641M) 146.469ms
[2025-08-01T01:21:47.560+0000] GC(826) User=1.08s Sys=0.05s Real=0.14s
[2025-08-01T01:21:47.647+0000] GC(827) Pause Young (Allocation Failure)
[2025-08-01T01:21:47.768+0000] GC(827) PSYoungGen: 848992K(931840K)->409088K(931840K) Eden: 465920K(465920K)->0K(465920K) From: 383072K(465920K)->409088K(465920K)
[2025-08-01T01:21:47.768+0000] GC(827) ParOldGen: 2014124K(2796544K)->2302356K(2796544K)
[2025-08-01T01:21:47.768+0000] GC(827) Metaspace: 10058K(10240K)->10058K(10240K) NonClass: 8831K(8896K)->8831K(8896K) Class: 1226K(1344K)->1226K(1344K)
[2025-08-01T01:21:47.768+0000] GC(827) Pause Young (Allocation Failure) 2796M->2647M(3641M) 120.383ms
[2025-08-01T01:21:47.768+0000] GC(827) User=0.91s Sys=0.03s Real=0.12s
[2025-08-01T01:21:47.857+0000] GC(828) Pause Young (Allocation Failure)
[2025-08-01T01:21:48.016+0000] GC(828) PSYoungGen: 875008K(931840K)->465920K(931840K) Eden: 465920K(465920K)->0K(465920K) From: 409088K(465920K)->465920K(465920K)
[2025-08-01T01:21:48.016+0000] GC(828) ParOldGen: 2302356K(2796544K)->2743868K(2796544K)
[2025-08-01T01:21:48.016+0000] GC(828) Metaspace: 10058K(10240K)->10058K(10240K) NonClass: 8831K(8896K)->8831K(8896K) Class: 1226K(1344K)->1226K(1344K)
[2025-08-01T01:21:48.016+0000] GC(828) Pause Young (Allocation Failure) 3102M->3134M(3641M) 158.938ms
[2025-08-01T01:21:48.016+0000] GC(828) User=1.17s Sys=0.08s Real=0.16s
[2025-08-01T01:21:48.102+0000] GC(829) Pause Full (Ergonomics)
[2025-08-01T01:21:48.102+0000] GC(829) Marking Phase
[2025-08-01T01:21:48.197+0000] GC(829) Marking Phase 95.383ms
[2025-08-01T01:21:48.197+0000] GC(829) Summary Phase
[2025-08-01T01:21:48.198+0000] GC(829) Summary Phase 0.234ms
[2025-08-01T01:21:48.198+0000] GC(829) Adjust Roots
[2025-08-01T01:21:48.201+0000] GC(829) Adjust Roots 2.807ms
[2025-08-01T01:21:48.201+0000] GC(829) Compaction Phase
[2025-08-01T01:21:48.377+0000] GC(829) Compaction Phase 176.597ms
[2025-08-01T01:21:48.377+0000] GC(829) Post Compact
[2025-08-01T01:21:48.401+0000] GC(829) Post Compact 23.429ms
[2025-08-01T01:21:48.401+0000] GC(829) PSYoungGen: 931840K(931840K)->0K(931840K) Eden: 465920K(465920K)->0K(465920K) From: 465920K(465920K)->0K(465920K)
[2025-08-01T01:21:48.401+0000] GC(829) ParOldGen: 2743868K(2796544K)->816574K(2796544K)
[2025-08-01T01:21:48.401+0000] GC(829) Metaspace: 10058K(10240K)->10058K(10240K) NonClass: 8831K(8896K)->8831K(8896K) Class: 1226K(1344K)->1226K(1344K)
[2025-08-01T01:21:48.401+0000] GC(829) Pause Full (Ergonomics) 3589M->797M(3641M) 299.077ms
[2025-08-01T01:21:48.401+0000] GC(829) User=2.06s Sys=0.04s Real=0.30s
[2025-08-01T01:21:48.483+0000] GC(830) Pause Young (Allocation Failure)
[2025-08-01T01:21:48.594+0000] GC(830) PSYoungGen: 465920K(931840K)->380032K(931840K) Eden: 465920K(465920K)->0K(465920K) From: 0K(465920K)->380032K(465920K)
[2025-08-01T01:21:48.594+0000] GC(830) ParOldGen: 816574K(2796544K)->816574K(2796544K)
[2025-08-01T01:21:48.594+0000] GC(830) Metaspace: 10058K(10240K)->10058K(10240K) NonClass: 8831K(8896K)->8831K(8896K) Class: 1226K(1344K)->1226K(1344K)
[2025-08-01T01:21:48.594+0000] GC(830) Pause Young (Allocation Failure) 1252M->1168M(3641M) 111.309ms
[2025-08-01T01:21:48.594+0000] GC(830) User=0.83s Sys=0.04s Real=0.12s
[2025-08-01T01:21:48.688+0000] GC(831) Pause Young (Allocation Failure)
[2025-08-01T01:21:48.852+0000] GC(831) PSYoungGen: 845952K(931840K)->402720K(931840K) Eden: 465920K(465920K)->0K(465920K) From: 380032K(465920K)->402720K(465920K)
[2025-08-01T01:21:48.853+0000] GC(831) ParOldGen: 816574K(2796544K)->1096086K(2796544K)
[2025-08-01T01:21:48.853+0000] GC(831) Metaspace: 10058K(10240K)->10058K(10240K) NonClass: 8831K(8896K)->8831K(8896K) Class: 1226K(1344K)->1226K(1344K)
[2025-08-01T01:21:48.853+0000] GC(831) Pause Young (Allocation Failure) 1623M->1463M(3641M) 164.985ms
[2025-08-01T01:21:48.853+0000] GC(831) User=1.27s Sys=0.02s Real=0.16s
[2025-08-01T01:21:48.941+0000] GC(832) Pause Young (Allocation Failure)
[2025-08-01T01:21:49.110+0000] GC(832) PSYoungGen: 868640K(931840K)->465920K(931840K) Eden: 465920K(465920K)->0K(465920K) From: 402720K(465920K)->465920K(465920K)
[2025-08-01T01:21:49.110+0000] GC(832) ParOldGen: 1096086K(2796544K)->1530942K(2796544K)
[2025-08-01T01:21:49.110+0000] GC(832) Metaspace: 10058K(10240K)->10058K(10240K) NonClass: 8831K(8896K)->8831K(8896K) Class: 1226K(1344K)->1226K(1344K)
[2025-08-01T01:21:49.110+0000] GC(832) Pause Young (Allocation Failure) 1918M->1950M(3641M) 168.895ms
[2025-08-01T01:21:49.110+0000] GC(832) User=1.26s Sys=0.06s Real=0.17s
[2025-08-01T01:21:49.196+0000] GC(833) Pause Young (Allocation Failure)
[2025-08-01T01:21:49.343+0000] GC(833) PSYoungGen: 931840K(931840K)->366240K(931840K) Eden: 465920K(465920K)->0K(465920K) From: 465920K(465920K)->366240K(465920K)
[2025-08-01T01:21:49.343+0000] GC(833) ParOldGen: 1530942K(2796544K)->1765662K(2796544K)
[2025-08-01T01:21:49.343+0000] GC(833) Metaspace: 10058K(10240K)->10058K(10240K) NonClass: 8831K(8896K)->8831K(8896K) Class: 1226K(1344K)->1226K(1344K)
[2025-08-01T01:21:49.343+0000] GC(833) Pause Young (Allocation Failure) 2405M->2081M(3641M) 147.858ms
[2025-08-01T01:21:49.343+0000] GC(833) User=1.07s Sys=0.06s Real=0.15s
[2025-08-01T01:21:49.435+0000] GC(834) Pause Young (Allocation Failure)
[2025-08-01T01:21:49.536+0000] GC(834) PSYoungGen: 832160K(931840K)->375424K(931840K) Eden: 465920K(465920K)->0K(465920K) From: 366240K(465920K)->375424K(465920K)
[2025-08-01T01:21:49.536+0000] GC(834) ParOldGen: 1765662K(2796544K)->2026942K(2796544K)
[2025-08-01T01:21:49.536+0000] GC(834) Metaspace: 10058K(10240K)->10058K(10240K) NonClass: 8831K(8896K)->8831K(8896K) Class: 1226K(1344K)->1226K(1344K)
[2025-08-01T01:21:49.536+0000] GC(834) Pause Young (Allocation Failure) 2536M->2346M(3641M) 101.091ms
[2025-08-01T01:21:49.536+0000] GC(834) User=0.78s Sys=0.02s Real=0.10s
[2025-08-01T01:21:49.620+0000] GC(835) Pause Young (Allocation Failure)
[2025-08-01T01:21:49.732+0000] GC(835) PSYoungGen: 841344K(931840K)->455456K(931840K) Eden: 465920K(465920K)->0K(465920K) From: 375424K(465920K)->455456K(465920K)
[2025-08-01T01:21:49.732+0000] GC(835) ParOldGen: 2026942K(2796544K)->2283022K(2796544K)
[2025-08-01T01:21:49.732+0000] GC(835) Metaspace: 10058K(10240K)->10058K(10240K) NonClass: 8831K(8896K)->8831K(8896K) Class: 1226K(1344K)->1226K(1344K)
[2025-08-01T01:21:49.732+0000] GC(835) Pause Young (Allocation Failure) 2801M->2674M(3641M) 111.422ms
[2025-08-01T01:21:49.732+0000] GC(835) User=0.85s Sys=0.00s Real=0.11s
[2025-08-01T01:21:49.818+0000] GC(836) Pause Young (Allocation Failure)
[2025-08-01T01:21:49.977+0000] GC(836) PSYoungGen: 921376K(931840K)->465920K(931840K) Eden: 465920K(465920K)->0K(465920K) From: 455456K(465920K)->465920K(465920K)
[2025-08-01T01:21:49.977+0000] GC(836) ParOldGen: 2283022K(2796544K)->2775814K(2796544K)
[2025-08-01T01:21:49.977+0000] GC(836) Metaspace: 10058K(10240K)->10058K(10240K) NonClass: 8831K(8896K)->8831K(8896K) Class: 1226K(1344K)->1226K(1344K)
[2025-08-01T01:21:49.977+0000] GC(836) Pause Young (Allocation Failure) 3129M->3165M(3641M) 158.755ms
[2025-08-01T01:21:49.977+0000] GC(836) User=1.11s Sys=0.12s Real=0.16s
[2025-08-01T01:21:50.062+0000] GC(837) Pause Full (Ergonomics)
[2025-08-01T01:21:50.063+0000] GC(837) Marking Phase
[2025-08-01T01:21:50.197+0000] GC(837) Marking Phase 134.887ms
[2025-08-01T01:21:50.198+0000] GC(837) Summary Phase
[2025-08-01T01:21:50.198+0000] GC(837) Summary Phase 0.201ms
[2025-08-01T01:21:50.198+0000] GC(837) Adjust Roots
[2025-08-01T01:21:50.200+0000] GC(837) Adjust Roots 1.906ms
[2025-08-01T01:21:50.200+0000] GC(837) Compaction Phase
[2025-08-01T01:21:50.329+0000] GC(837) Compaction Phase 129.073ms
[2025-08-01T01:21:50.329+0000] GC(837) Post Compact
[2025-08-01T01:21:50.354+0000] GC(837) Post Compact 24.599ms
[2025-08-01T01:21:50.354+0000] GC(837) PSYoungGen: 931840K(931840K)->0K(931840K) Eden: 465920K(465920K)->0K(465920K) From: 465920K(465920K)->0K(465920K)
[2025-08-01T01:21:50.354+0000] GC(837) ParOldGen: 2775814K(2796544K)->839938K(2796544K)
[2025-08-01T01:21:50.354+0000] GC(837) Metaspace: 10058K(10240K)->10058K(10240K) NonClass: 8831K(8896K)->8831K(8896K) Class: 1226K(1344K)->1226K(1344K)
[2025-08-01T01:21:50.354+0000] GC(837) Pause Full (Ergonomics) 3620M->820M(3641M) 291.183ms
[2025-08-01T01:21:50.354+0000] GC(837) User=1.75s Sys=0.27s Real=0.30s
[2025-08-01T01:21:50.440+0000] GC(838) Pause Young (Allocation Failure)
[2025-08-01T01:21:50.508+0000] GC(838) PSYoungGen: 465920K(931840K)->378368K(931840K) Eden: 465920K(465920K)->0K(465920K) From: 0K(465920K)->378368K(465920K)
[2025-08-01T01:21:50.508+0000] GC(838) ParOldGen: 839938K(2796544K)->839938K(2796544K)
[2025-08-01T01:21:50.508+0000] GC(838) Metaspace: 10058K(10240K)->10058K(10240K) NonClass: 8831K(8896K)->8831K(8896K) Class: 1226K(1344K)->1226K(1344K)
[2025-08-01T01:21:50.508+0000] GC(838) Pause Young (Allocation Failure) 1275M->1189M(3641M) 68.102ms
[2025-08-01T01:21:50.509+0000] GC(838) User=0.49s Sys=0.03s Real=0.07s
[2025-08-01T01:21:50.596+0000] GC(839) Pause Young (Allocation Failure)
[2025-08-01T01:21:50.742+0000] GC(839) PSYoungGen: 844288K(931840K)->453312K(931840K) Eden: 465920K(465920K)->0K(465920K) From: 378368K(465920K)->453312K(465920K)
[2025-08-01T01:21:50.742+0000] GC(839) ParOldGen: 839938K(2796544K)->1112962K(2796544K)
[2025-08-01T01:21:50.742+0000] GC(839) Metaspace: 10058K(10240K)->10058K(10240K) NonClass: 8831K(8896K)->8831K(8896K) Class: 1226K(1344K)->1226K(1344K)
[2025-08-01T01:21:50.742+0000] GC(839) Pause Young (Allocation Failure) 1644M->1529M(3641M) 146.097ms
[2025-08-01T01:21:50.742+0000] GC(839) User=1.14s Sys=0.01s Real=0.14s
[2025-08-01T01:21:50.827+0000] GC(840) Pause Young (Allocation Failure)
[2025-08-01T01:21:50.973+0000] GC(840) PSYoungGen: 919232K(931840K)->465920K(931840K) Eden: 465920K(465920K)->0K(465920K) From: 453312K(465920K)->465920K(465920K)
[2025-08-01T01:21:50.973+0000] GC(840) ParOldGen: 1112962K(2796544K)->1601682K(2796544K)
[2025-08-01T01:21:50.973+0000] GC(840) Metaspace: 10058K(10240K)->10058K(10240K) NonClass: 8831K(8896K)->8831K(8896K) Class: 1226K(1344K)->1226K(1344K)
[2025-08-01T01:21:50.973+0000] GC(840) Pause Young (Allocation Failure) 1984M->2019M(3641M) 146.059ms
[2025-08-01T01:21:50.973+0000] GC(840) User=1.13s Sys=0.01s Real=0.15s
[2025-08-01T01:21:51.060+0000] GC(841) Pause Young (Allocation Failure)
[2025-08-01T01:21:51.160+0000] GC(841) PSYoungGen: 931840K(931840K)->334752K(931840K) Eden: 465920K(465920K)->0K(465920K) From: 465920K(465920K)->334752K(465920K)
[2025-08-01T01:21:51.160+0000] GC(841) ParOldGen: 1601682K(2796544K)->1853658K(2796544K)
[2025-08-01T01:21:51.160+0000] GC(841) Metaspace: 10058K(10240K)->10058K(10240K) NonClass: 8831K(8896K)->8831K(8896K) Class: 1226K(1344K)->1226K(1344K)
[2025-08-01T01:21:51.160+0000] GC(841) Pause Young (Allocation Failure) 2474M->2137M(3641M) 100.044ms
[2025-08-01T01:21:51.160+0000] GC(841) User=0.76s Sys=0.02s Real=0.10s
[2025-08-01T01:21:51.252+0000] GC(842) Pause Young (Allocation Failure)
[2025-08-01T01:21:51.341+0000] GC(842) PSYoungGen: 800672K(931840K)->263904K(931840K) Eden: 465920K(465920K)->0K(465920K) From: 334752K(465920K)->263904K(465920K)
[2025-08-01T01:21:51.341+0000] GC(842) ParOldGen: 1853658K(2796544K)->1951386K(2796544K)
[2025-08-01T01:21:51.341+0000] GC(842) Metaspace: 10058K(10240K)->10058K(10240K) NonClass: 8831K(8896K)->8831K(8896K) Class: 1226K(1344K)->1226K(1344K)
[2025-08-01T01:21:51.342+0000] GC(842) Pause Young (Allocation Failure) 2592M->2163M(3641M) 89.378ms
[2025-08-01T01:21:51.342+0000] GC(842) User=0.66s Sys=0.01s Real=0.09s
[2025-08-01T01:21:51.440+0000] GC(843) Pause Young (Allocation Failure)
[2025-08-01T01:21:51.576+0000] GC(843) PSYoungGen: 729824K(931840K)->465920K(931840K) Eden: 465920K(465920K)->0K(465920K) From: 263904K(465920K)->465920K(465920K)
[2025-08-01T01:21:51.576+0000] GC(843) ParOldGen: 1951386K(2796544K)->2239714K(2796544K)
[2025-08-01T01:21:51.576+0000] GC(843) Metaspace: 10058K(10240K)->10058K(10240K) NonClass: 8831K(8896K)->8831K(8896K) Class: 1226K(1344K)->1226K(1344K)
[2025-08-01T01:21:51.576+0000] GC(843) Pause Young (Allocation Failure) 2618M->2642M(3641M) 135.639ms
[2025-08-01T01:21:51.576+0000] GC(843) User=0.97s Sys=0.04s Real=0.14s
[2025-08-01T01:21:51.661+0000] GC(844) Pause Young (Allocation Failure)
[2025-08-01T01:21:51.806+0000] GC(844) PSYoungGen: 931840K(931840K)->465920K(931840K) Eden: 465920K(465920K)->0K(465920K) From: 465920K(465920K)->465920K(465920K)
[2025-08-01T01:21:51.806+0000] GC(844) ParOldGen: 2239714K(2796544K)->2740778K(2796544K)
[2025-08-01T01:21:51.806+0000] GC(844) Metaspace: 10058K(10240K)->10058K(10240K) NonClass: 8831K(8896K)->8831K(8896K) Class: 1226K(1344K)->1226K(1344K)
[2025-08-01T01:21:51.806+0000] GC(844) Pause Young (Allocation Failure) 3097M->3131M(3641M) 144.526ms
[2025-08-01T01:21:51.806+0000] GC(844) User=1.14s Sys=0.00s Real=0.15s
[2025-08-01T01:21:51.895+0000] GC(845) Pause Full (Ergonomics)
[2025-08-01T01:21:51.895+0000] GC(845) Marking Phase
[2025-08-01T01:21:51.987+0000] GC(845) Marking Phase 91.974ms
[2025-08-01T01:21:51.987+0000] GC(845) Summary Phase
[2025-08-01T01:21:51.987+0000] GC(845) Summary Phase 0.122ms
[2025-08-01T01:21:51.987+0000] GC(845) Adjust Roots
[2025-08-01T01:21:51.990+0000] GC(845) Adjust Roots 2.525ms
[2025-08-01T01:21:51.990+0000] GC(845) Compaction Phase
[2025-08-01T01:21:52.113+0000] GC(845) Compaction Phase 123.250ms
[2025-08-01T01:21:52.113+0000] GC(845) Post Compact
[2025-08-01T01:21:52.138+0000] GC(845) Post Compact 25.033ms
[2025-08-01T01:21:52.138+0000] GC(845) PSYoungGen: 931840K(931840K)->0K(931840K) Eden: 465920K(465920K)->0K(465920K) From: 465920K(465920K)->0K(465920K)
[2025-08-01T01:21:52.138+0000] GC(845) ParOldGen: 2740778K(2796544K)->853061K(2796544K)
[2025-08-01T01:21:52.138+0000] GC(845) Metaspace: 10058K(10240K)->10058K(10240K) NonClass: 8831K(8896K)->8831K(8896K) Class: 1226K(1344K)->1226K(1344K)
[2025-08-01T01:21:52.138+0000] GC(845) Pause Full (Ergonomics) 3586M->833M(3641M) 243.386ms
[2025-08-01T01:21:52.138+0000] GC(845) User=1.68s Sys=0.04s Real=0.24s
[2025-08-01T01:21:52.226+0000] GC(846) Pause Young (Allocation Failure)
[2025-08-01T01:21:52.334+0000] GC(846) PSYoungGen: 465920K(931840K)->419904K(931840K) Eden: 465920K(465920K)->0K(465920K) From: 0K(465920K)->419904K(465920K)
[2025-08-01T01:21:52.335+0000] GC(846) ParOldGen: 853061K(2796544K)->853061K(2796544K)
[2025-08-01T01:21:52.335+0000] GC(846) Metaspace: 10058K(10240K)->10058K(10240K) NonClass: 8831K(8896K)->8831K(8896K) Class: 1226K(1344K)->1226K(1344K)
[2025-08-01T01:21:52.335+0000] GC(846) Pause Young (Allocation Failure) 1288M->1243M(3641M) 108.224ms
[2025-08-01T01:21:52.335+0000] GC(846) User=0.80s Sys=0.04s Real=0.11s
[2025-08-01T01:21:52.421+0000] GC(847) Pause Young (Allocation Failure)
[2025-08-01T01:21:52.554+0000] GC(847) PSYoungGen: 885824K(931840K)->455200K(931840K) Eden: 465920K(465920K)->0K(465920K) From: 419904K(465920K)->455200K(465920K)
[2025-08-01T01:21:52.554+0000] GC(847) ParOldGen: 853061K(2796544K)->1184773K(2796544K)
[2025-08-01T01:21:52.554+0000] GC(847) Metaspace: 10058K(10240K)->10058K(10240K) NonClass: 8831K(8896K)->8831K(8896K) Class: 1226K(1344K)->1226K(1344K)
[2025-08-01T01:21:52.554+0000] GC(847) Pause Young (Allocation Failure) 1698M->1601M(3641M) 133.629ms
[2025-08-01T01:21:52.554+0000] GC(847) User=0.99s Sys=0.03s Real=0.14s
[2025-08-01T01:21:52.641+0000] GC(848) Pause Young (Allocation Failure)
[2025-08-01T01:21:52.829+0000] GC(848) PSYoungGen: 921120K(931840K)->465920K(931840K) Eden: 465920K(465920K)->0K(465920K) From: 455200K(465920K)->465920K(465920K)
[2025-08-01T01:21:52.829+0000] GC(848) ParOldGen: 1184773K(2796544K)->1676069K(2796544K)
[2025-08-01T01:21:52.829+0000] GC(848) Metaspace: 10058K(10240K)->10058K(10240K) NonClass: 8831K(8896K)->8831K(8896K) Class: 1226K(1344K)->1226K(1344K)
[2025-08-01T01:21:52.829+0000] GC(848) Pause Young (Allocation Failure) 2056M->2091M(3641M) 188.319ms
[2025-08-01T01:21:52.829+0000] GC(848) User=1.47s Sys=0.02s Real=0.19s
[2025-08-01T01:21:52.915+0000] GC(849) Pause Young (Allocation Failure)
[2025-08-01T01:21:53.012+0000] GC(849) PSYoungGen: 931840K(931840K)->326304K(931840K) Eden: 465920K(465920K)->0K(465920K) From: 465920K(465920K)->326304K(465920K)
[2025-08-01T01:21:53.012+0000] GC(849) ParOldGen: 1676069K(2796544K)->1915021K(2796544K)
[2025-08-01T01:21:53.012+0000] GC(849) Metaspace: 10058K(10240K)->10058K(10240K) NonClass: 8831K(8896K)->8831K(8896K) Class: 1226K(1344K)->1226K(1344K)
[2025-08-01T01:21:53.012+0000] GC(849) Pause Young (Allocation Failure) 2546M->2188M(3641M) 96.777ms
[2025-08-01T01:21:53.012+0000] GC(849) User=0.73s Sys=0.01s Real=0.09s
[2025-08-01T01:21:53.101+0000] GC(850) Pause Young (Allocation Failure)
[2025-08-01T01:21:53.255+0000] GC(850) PSYoungGen: 792224K(931840K)->433312K(931840K) Eden: 465920K(465920K)->0K(465920K) From: 326304K(465920K)->433312K(465920K)
[2025-08-01T01:21:53.255+0000] GC(850) ParOldGen: 1915021K(2796544K)->2129709K(2796544K)
[2025-08-01T01:21:53.255+0000] GC(850) Metaspace: 10058K(10240K)->10058K(10240K) NonClass: 8831K(8896K)->8831K(8896K) Class: 1226K(1344K)->1226K(1344K)
[2025-08-01T01:21:53.255+0000] GC(850) Pause Young (Allocation Failure) 2643M->2502M(3641M) 154.260ms
[2025-08-01T01:21:53.255+0000] GC(850) User=1.17s Sys=0.03s Real=0.16s
[2025-08-01T01:21:53.341+0000] GC(851) Pause Young (Allocation Failure)
[2025-08-01T01:21:53.529+0000] GC(851) PSYoungGen: 899232K(931840K)->449408K(931840K) Eden: 465920K(465920K)->0K(465920K) From: 433312K(465920K)->449408K(465920K)
[2025-08-01T01:21:53.529+0000] GC(851) ParOldGen: 2129709K(2796544K)->2467493K(2796544K)
[2025-08-01T01:21:53.529+0000] GC(851) Metaspace: 10058K(10240K)->10058K(10240K) NonClass: 8831K(8896K)->8831K(8896K) Class: 1226K(1344K)->1226K(1344K)
[2025-08-01T01:21:53.529+0000] GC(851) Pause Young (Allocation Failure) 2957M->2848M(3641M) 187.688ms
[2025-08-01T01:21:53.529+0000] GC(851) User=1.46s Sys=0.02s Real=0.19s
[2025-08-01T01:21:53.615+0000] GC(852) Pause Full (Ergonomics)
[2025-08-01T01:21:53.615+0000] GC(852) Marking Phase
[2025-08-01T01:21:53.683+0000] GC(852) Marking Phase 68.612ms
[2025-08-01T01:21:53.683+0000] GC(852) Summary Phase
[2025-08-01T01:21:53.683+0000] GC(852) Summary Phase 0.085ms
[2025-08-01T01:21:53.683+0000] GC(852) Adjust Roots
[2025-08-01T01:21:53.685+0000] GC(852) Adjust Roots 1.831ms
[2025-08-01T01:21:53.685+0000] GC(852) Compaction Phase
[2025-08-01T01:21:53.873+0000] GC(852) Compaction Phase 187.991ms
[2025-08-01T01:21:53.873+0000] GC(852) Post Compact
[2025-08-01T01:21:53.895+0000] GC(852) Post Compact 21.982ms
[2025-08-01T01:21:53.895+0000] GC(852) PSYoungGen: 915328K(931840K)->0K(931840K) Eden: 465920K(465920K)->0K(465920K) From: 449408K(465920K)->0K(465920K)
[2025-08-01T01:21:53.895+0000] GC(852) ParOldGen: 2467493K(2796544K)->1327090K(2796544K)
[2025-08-01T01:21:53.895+0000] GC(852) Metaspace: 10058K(10240K)->10058K(10240K) NonClass: 8831K(8896K)->8831K(8896K) Class: 1226K(1344K)->1226K(1344K)
[2025-08-01T01:21:53.895+0000] GC(852) Pause Full (Ergonomics) 3303M->1295M(3641M) 280.880ms
[2025-08-01T01:21:53.895+0000] GC(852) User=2.02s Sys=0.01s Real=0.28s
[2025-08-01T01:21:53.981+0000] GC(853) Pause Young (Allocation Failure)
[2025-08-01T01:21:54.047+0000] GC(853) PSYoungGen: 465920K(931840K)->333056K(931840K) Eden: 465920K(465920K)->0K(465920K) From: 0K(465920K)->333056K(465920K)
[2025-08-01T01:21:54.047+0000] GC(853) ParOldGen: 1327090K(2796544K)->1327090K(2796544K)
[2025-08-01T01:21:54.047+0000] GC(853) Metaspace: 10058K(10240K)->10058K(10240K) NonClass: 8831K(8896K)->8831K(8896K) Class: 1226K(1344K)->1226K(1344K)
[2025-08-01T01:21:54.047+0000] GC(853) Pause Young (Allocation Failure) 1750M->1621M(3641M) 66.456ms
[2025-08-01T01:21:54.047+0000] GC(853) User=0.47s Sys=0.03s Real=0.07s
[2025-08-01T01:21:54.134+0000] GC(854) Pause Young (Allocation Failure)
[2025-08-01T01:21:54.263+0000] GC(854) PSYoungGen: 798976K(931840K)->435616K(931840K) Eden: 465920K(465920K)->0K(465920K) From: 333056K(465920K)->435616K(465920K)
[2025-08-01T01:21:54.263+0000] GC(854) ParOldGen: 1327090K(2796544K)->1543554K(2796544K)
[2025-08-01T01:21:54.263+0000] GC(854) Metaspace: 10058K(10240K)->10058K(10240K) NonClass: 8831K(8896K)->8831K(8896K) Class: 1226K(1344K)->1226K(1344K)
[2025-08-01T01:21:54.263+0000] GC(854) Pause Young (Allocation Failure) 2076M->1932M(3641M) 129.084ms
[2025-08-01T01:21:54.263+0000] GC(854) User=0.93s Sys=0.06s Real=0.13s
[2025-08-01T01:21:54.347+0000] GC(855) Pause Young (Allocation Failure)
[2025-08-01T01:21:54.539+0000] GC(855) PSYoungGen: 901536K(931840K)->452672K(931840K) Eden: 465920K(465920K)->0K(465920K) From: 435616K(465920K)->452672K(465920K)
[2025-08-01T01:21:54.539+0000] GC(855) ParOldGen: 1543554K(2796544K)->1886330K(2796544K)
[2025-08-01T01:21:54.539+0000] GC(855) Metaspace: 10058K(10240K)->10058K(10240K) NonClass: 8831K(8896K)->8831K(8896K) Class: 1226K(1344K)->1226K(1344K)
[2025-08-01T01:21:54.539+0000] GC(855) Pause Young (Allocation Failure) 2387M->2284M(3641M) 192.364ms
[2025-08-01T01:21:54.539+0000] GC(855) User=1.49s Sys=0.04s Real=0.19s
[2025-08-01T01:21:54.624+0000] GC(856) Pause Young (Allocation Failure)
[2025-08-01T01:21:54.759+0000] GC(856) PSYoungGen: 918592K(931840K)->465920K(931840K) Eden: 465920K(465920K)->0K(465920K) From: 452672K(465920K)->465920K(465920K)
[2025-08-01T01:21:54.759+0000] GC(856) ParOldGen: 1886330K(2796544K)->2375314K(2796544K)
[2025-08-01T01:21:54.759+0000] GC(856) Metaspace: 10058K(10240K)->10058K(10240K) NonClass: 8831K(8896K)->8831K(8896K) Class: 1226K(1344K)->1226K(1344K)
[2025-08-01T01:21:54.759+0000] GC(856) Pause Young (Allocation Failure) 2739M->2774M(3641M) 135.307ms
[2025-08-01T01:21:54.759+0000] GC(856) User=1.06s Sys=0.00s Real=0.13s
[2025-08-01T01:21:54.847+0000] GC(857) Pause Full (Ergonomics)
[2025-08-01T01:21:54.847+0000] GC(857) Marking Phase
[2025-08-01T01:21:54.908+0000] GC(857) Marking Phase 61.001ms
[2025-08-01T01:21:54.908+0000] GC(857) Summary Phase
[2025-08-01T01:21:54.908+0000] GC(857) Summary Phase 0.115ms
[2025-08-01T01:21:54.908+0000] GC(857) Adjust Roots
[2025-08-01T01:21:54.910+0000] GC(857) Adjust Roots 1.946ms
[2025-08-01T01:21:54.910+0000] GC(857) Compaction Phase
[2025-08-01T01:21:55.047+0000] GC(857) Compaction Phase 136.518ms
[2025-08-01T01:21:55.047+0000] GC(857) Post Compact
[2025-08-01T01:21:55.069+0000] GC(857) Post Compact 21.861ms
[2025-08-01T01:21:55.069+0000] GC(857) PSYoungGen: 931840K(931840K)->0K(931840K) Eden: 465920K(465920K)->0K(465920K) From: 465920K(465920K)->0K(465920K)
[2025-08-01T01:21:55.069+0000] GC(857) ParOldGen: 2375314K(2796544K)->875778K(2796544K)
[2025-08-01T01:21:55.069+0000] GC(857) Metaspace: 10058K(10240K)->10058K(10240K) NonClass: 8831K(8896K)->8831K(8896K) Class: 1226K(1344K)->1226K(1344K)
[2025-08-01T01:21:55.069+0000] GC(857) Pause Full (Ergonomics) 3229M->855M(3641M) 222.024ms
[2025-08-01T01:21:55.069+0000] GC(857) User=1.54s Sys=0.02s Real=0.22s
[2025-08-01T01:21:55.155+0000] GC(858) Pause Young (Allocation Failure)
[2025-08-01T01:21:55.257+0000] GC(858) PSYoungGen: 465920K(931840K)->430336K(931840K) Eden: 465920K(465920K)->0K(465920K) From: 0K(465920K)->430336K(465920K)
[2025-08-01T01:21:55.257+0000] GC(858) ParOldGen: 875778K(2796544K)->875778K(2796544K)
[2025-08-01T01:21:55.257+0000] GC(858) Metaspace: 10058K(10240K)->10058K(10240K) NonClass: 8831K(8896K)->8831K(8896K) Class: 1226K(1344K)->1226K(1344K)
[2025-08-01T01:21:55.257+0000] GC(858) Pause Young (Allocation Failure) 1310M->1275M(3641M) 101.993ms
[2025-08-01T01:21:55.257+0000] GC(858) User=0.77s Sys=0.02s Real=0.10s
[2025-08-01T01:21:55.348+0000] GC(859) Pause Young (Allocation Failure)
[2025-08-01T01:21:55.519+0000] GC(859) PSYoungGen: 896256K(931840K)->449792K(931840K) Eden: 465920K(465920K)->0K(465920K) From: 430336K(465920K)->449792K(465920K)
[2025-08-01T01:21:55.519+0000] GC(859) ParOldGen: 875778K(2796544K)->1213402K(2796544K)
[2025-08-01T01:21:55.519+0000] GC(859) Metaspace: 10058K(10240K)->10058K(10240K) NonClass: 8831K(8896K)->8831K(8896K) Class: 1226K(1344K)->1226K(1344K)
[2025-08-01T01:21:55.519+0000] GC(859) Pause Young (Allocation Failure) 1730M->1624M(3641M) 170.206ms
[2025-08-01T01:21:55.519+0000] GC(859) User=1.29s Sys=0.05s Real=0.17s
[2025-08-01T01:21:55.605+0000] GC(860) Pause Young (Allocation Failure)
[2025-08-01T01:21:55.712+0000] GC(860) PSYoungGen: 915712K(931840K)->346464K(931840K) Eden: 465920K(465920K)->0K(465920K) From: 449792K(465920K)->346464K(465920K)
[2025-08-01T01:21:55.712+0000] GC(860) ParOldGen: 1213402K(2796544K)->1558842K(2796544K)
[2025-08-01T01:21:55.712+0000] GC(860) Metaspace: 10058K(10240K)->10058K(10240K) NonClass: 8831K(8896K)->8831K(8896K) Class: 1226K(1344K)->1226K(1344K)
[2025-08-01T01:21:55.712+0000] GC(860) Pause Young (Allocation Failure) 2079M->1860M(3641M) 106.850ms
[2025-08-01T01:21:55.712+0000] GC(860) User=0.82s Sys=0.01s Real=0.10s
[2025-08-01T01:21:55.797+0000] GC(861) Pause Young (Allocation Failure)
[2025-08-01T01:21:55.987+0000] GC(861) PSYoungGen: 812384K(931840K)->465920K(931840K) Eden: 465920K(465920K)->0K(465920K) From: 346464K(465920K)->465920K(465920K)
[2025-08-01T01:21:55.987+0000] GC(861) ParOldGen: 1558842K(2796544K)->1933594K(2796544K)
[2025-08-01T01:21:55.987+0000] GC(861) Metaspace: 10058K(10240K)->10058K(10240K) NonClass: 8831K(8896K)->8831K(8896K) Class: 1226K(1344K)->1226K(1344K)
[2025-08-01T01:21:55.987+0000] GC(861) Pause Young (Allocation Failure) 2315M->2343M(3641M) 189.607ms
[2025-08-01T01:21:55.987+0000] GC(861) User=1.49s Sys=0.01s Real=0.19s
[2025-08-01T01:21:56.073+0000] GC(862) Pause Young (Allocation Failure)
[2025-08-01T01:21:56.184+0000] GC(862) PSYoungGen: 931840K(931840K)->428448K(931840K) Eden: 465920K(465920K)->0K(465920K) From: 465920K(465920K)->428448K(465920K)
[2025-08-01T01:21:56.184+0000] GC(862) ParOldGen: 1933594K(2796544K)->2166146K(2796544K)
[2025-08-01T01:21:56.184+0000] GC(862) Metaspace: 10058K(10240K)->10058K(10240K) NonClass: 8831K(8896K)->8831K(8896K) Class: 1226K(1344K)->1226K(1344K)
[2025-08-01T01:21:56.184+0000] GC(862) Pause Young (Allocation Failure) 2798M->2533M(3641M) 111.615ms
[2025-08-01T01:21:56.184+0000] GC(862) User=0.83s Sys=0.02s Real=0.12s
[2025-08-01T01:21:56.269+0000] GC(863) Pause Young (Allocation Failure)
[2025-08-01T01:21:56.400+0000] GC(863) PSYoungGen: 894368K(931840K)->464448K(931840K) Eden: 465920K(465920K)->0K(465920K) From: 428448K(465920K)->464448K(465920K)
[2025-08-01T01:21:56.400+0000] GC(863) ParOldGen: 2166146K(2796544K)->2494514K(2796544K)
[2025-08-01T01:21:56.400+0000] GC(863) Metaspace: 10058K(10240K)->10058K(10240K) NonClass: 8831K(8896K)->8831K(8896K) Class: 1226K(1344K)->1226K(1344K)
[2025-08-01T01:21:56.400+0000] GC(863) Pause Young (Allocation Failure) 2988M->2889M(3641M) 130.886ms
[2025-08-01T01:21:56.400+0000] GC(863) User=1.00s Sys=0.02s Real=0.13s
[2025-08-01T01:21:56.484+0000] GC(864) Pause Full (Ergonomics)
[2025-08-01T01:21:56.484+0000] GC(864) Marking Phase
[2025-08-01T01:21:56.550+0000] GC(864) Marking Phase 66.139ms
[2025-08-01T01:21:56.550+0000] GC(864) Summary Phase
[2025-08-01T01:21:56.550+0000] GC(864) Summary Phase 0.109ms
[2025-08-01T01:21:56.550+0000] GC(864) Adjust Roots
[2025-08-01T01:21:56.552+0000] GC(864) Adjust Roots 1.888ms
[2025-08-01T01:21:56.552+0000] GC(864) Compaction Phase
[2025-08-01T01:21:56.684+0000] GC(864) Compaction Phase 132.074ms
[2025-08-01T01:21:56.684+0000] GC(864) Post Compact
[2025-08-01T01:21:56.707+0000] GC(864) Post Compact 22.573ms
[2025-08-01T01:21:56.707+0000] GC(864) PSYoungGen: 930368K(931840K)->0K(931840K) Eden: 465920K(465920K)->0K(465920K) From: 464448K(465920K)->0K(465920K)
[2025-08-01T01:21:56.707+0000] GC(864) ParOldGen: 2494514K(2796544K)->889115K(2796544K)
[2025-08-01T01:21:56.707+0000] GC(864) Metaspace: 10058K(10240K)->10058K(10240K) NonClass: 8831K(8896K)->8831K(8896K) Class: 1226K(1344K)->1226K(1344K)
[2025-08-01T01:21:56.707+0000] GC(864) Pause Full (Ergonomics) 3344M->868M(3641M) 223.276ms
[2025-08-01T01:21:56.707+0000] GC(864) User=1.48s Sys=0.04s Real=0.22s
[2025-08-01T01:21:56.794+0000] GC(865) Pause Young (Allocation Failure)
[2025-08-01T01:21:56.923+0000] GC(865) PSYoungGen: 465920K(931840K)->465920K(931840K) Eden: 465920K(465920K)->0K(465920K) From: 0K(465920K)->465920K(465920K)
[2025-08-01T01:21:56.923+0000] GC(865) ParOldGen: 889115K(2796544K)->895811K(2796544K)
[2025-08-01T01:21:56.923+0000] GC(865) Metaspace: 10058K(10240K)->10058K(10240K) NonClass: 8831K(8896K)->8831K(8896K) Class: 1226K(1344K)->1226K(1344K)
[2025-08-01T01:21:56.923+0000] GC(865) Pause Young (Allocation Failure) 1323M->1329M(3641M) 128.634ms
[2025-08-01T01:21:56.923+0000] GC(865) User=0.99s Sys=0.03s Real=0.13s
[2025-08-01T01:21:57.015+0000] GC(866) Pause Young (Allocation Failure)
[2025-08-01T01:21:57.145+0000] GC(866) PSYoungGen: 931840K(931840K)->426720K(931840K) Eden: 465920K(465920K)->0K(465920K) From: 465920K(465920K)->426720K(465920K)
[2025-08-01T01:21:57.145+0000] GC(866) ParOldGen: 895811K(2796544K)->1143571K(2796544K)
[2025-08-01T01:21:57.145+0000] GC(866) Metaspace: 10058K(10240K)->10058K(10240K) NonClass: 8831K(8896K)->8831K(8896K) Class: 1226K(1344K)->1226K(1344K)
[2025-08-01T01:21:57.145+0000] GC(866) Pause Young (Allocation Failure) 1784M->1533M(3641M) 129.843ms
[2025-08-01T01:21:57.145+0000] GC(866) User=0.98s Sys=0.04s Real=0.13s
[2025-08-01T01:21:57.230+0000] GC(867) Pause Young (Allocation Failure)
[2025-08-01T01:21:57.359+0000] GC(867) PSYoungGen: 892640K(931840K)->444960K(931840K) Eden: 465920K(465920K)->0K(465920K) From: 426720K(465920K)->444960K(465920K)
[2025-08-01T01:21:57.359+0000] GC(867) ParOldGen: 1143571K(2796544K)->1470483K(2796544K)
[2025-08-01T01:21:57.359+0000] GC(867) Metaspace: 10058K(10240K)->10058K(10240K) NonClass: 8831K(8896K)->8831K(8896K) Class: 1226K(1344K)->1226K(1344K)
[2025-08-01T01:21:57.359+0000] GC(867) Pause Young (Allocation Failure) 1988M->1870M(3641M) 129.805ms
[2025-08-01T01:21:57.359+0000] GC(867) User=1.00s Sys=0.01s Real=0.13s
[2025-08-01T01:21:57.444+0000] GC(868) Pause Young (Allocation Failure)
[2025-08-01T01:21:57.596+0000] GC(868) PSYoungGen: 910880K(931840K)->370944K(931840K) Eden: 465920K(465920K)->0K(465920K) From: 444960K(465920K)->370944K(465920K)
[2025-08-01T01:21:57.596+0000] GC(868) ParOldGen: 1470483K(2796544K)->1811259K(2796544K)
[2025-08-01T01:21:57.596+0000] GC(868) Metaspace: 10058K(10240K)->10058K(10240K) NonClass: 8831K(8896K)->8831K(8896K) Class: 1226K(1344K)->1226K(1344K)
[2025-08-01T01:21:57.596+0000] GC(868) Pause Young (Allocation Failure) 2325M->2131M(3641M) 152.813ms
[2025-08-01T01:21:57.596+0000] GC(868) User=1.17s Sys=0.04s Real=0.15s
[2025-08-01T01:21:57.682+0000] GC(869) Pause Young (Allocation Failure)
[2025-08-01T01:21:57.782+0000] GC(869) PSYoungGen: 836864K(931840K)->346592K(931840K) Eden: 465920K(465920K)->0K(465920K) From: 370944K(465920K)->346592K(465920K)
[2025-08-01T01:21:57.782+0000] GC(869) ParOldGen: 1811259K(2796544K)->2077267K(2796544K)
[2025-08-01T01:21:57.782+0000] GC(869) Metaspace: 10058K(10240K)->10058K(10240K) NonClass: 8831K(8896K)->8831K(8896K) Class: 1226K(1344K)->1226K(1344K)
[2025-08-01T01:21:57.782+0000] GC(869) Pause Young (Allocation Failure) 2586M->2367M(3641M) 100.144ms
[2025-08-01T01:21:57.782+0000] GC(869) User=0.73s Sys=0.01s Real=0.10s
[2025-08-01T01:21:57.868+0000] GC(870) Pause Young (Allocation Failure)
[2025-08-01T01:21:57.976+0000] GC(870) PSYoungGen: 812512K(931840K)->427360K(931840K) Eden: 465920K(465920K)->0K(465920K) From: 346592K(465920K)->427360K(465920K)
[2025-08-01T01:21:57.976+0000] GC(870) ParOldGen: 2077267K(2796544K)->2326891K(2796544K)
[2025-08-01T01:21:57.976+0000] GC(870) Metaspace: 10058K(10240K)->10058K(10240K) NonClass: 8831K(8896K)->8831K(8896K) Class: 1226K(1344K)->1226K(1344K)
[2025-08-01T01:21:57.976+0000] GC(870) Pause Young (Allocation Failure) 2822M->2689M(3641M) 108.181ms
[2025-08-01T01:21:57.976+0000] GC(870) User=0.83s Sys=0.01s Real=0.11s
[2025-08-01T01:21:58.063+0000] GC(871) Pause Full (Ergonomics)
[2025-08-01T01:21:58.063+0000] GC(871) Marking Phase
[2025-08-01T01:21:58.123+0000] GC(871) Marking Phase 59.360ms
[2025-08-01T01:21:58.123+0000] GC(871) Summary Phase
[2025-08-01T01:21:58.123+0000] GC(871) Summary Phase 0.098ms
[2025-08-01T01:21:58.123+0000] GC(871) Adjust Roots
[2025-08-01T01:21:58.125+0000] GC(871) Adjust Roots 2.081ms
[2025-08-01T01:21:58.125+0000] GC(871) Compaction Phase
[2025-08-01T01:21:58.245+0000] GC(871) Compaction Phase 120.422ms
[2025-08-01T01:21:58.245+0000] GC(871) Post Compact
[2025-08-01T01:21:58.266+0000] GC(871) Post Compact 20.508ms
[2025-08-01T01:21:58.266+0000] GC(871) PSYoungGen: 893280K(931840K)->0K(931840K) Eden: 465920K(465920K)->0K(465920K) From: 427360K(465920K)->0K(465920K)
[2025-08-01T01:21:58.266+0000] GC(871) ParOldGen: 2326891K(2796544K)->900749K(2796544K)
[2025-08-01T01:21:58.266+0000] GC(871) Metaspace: 10058K(10240K)->10058K(10240K) NonClass: 8831K(8896K)->8831K(8896K) Class: 1226K(1344K)->1226K(1344K)
[2025-08-01T01:21:58.266+0000] GC(871) Pause Full (Ergonomics) 3144M->879M(3641M) 202.860ms
[2025-08-01T01:21:58.266+0000] GC(871) User=1.40s Sys=0.03s Real=0.20s
[2025-08-01T01:21:58.350+0000] GC(872) Pause Young (Allocation Failure)
[2025-08-01T01:21:58.417+0000] GC(872) PSYoungGen: 465920K(931840K)->377184K(931840K) Eden: 465920K(465920K)->0K(465920K) From: 0K(465920K)->377184K(465920K)
[2025-08-01T01:21:58.417+0000] GC(872) ParOldGen: 900749K(2796544K)->900749K(2796544K)
[2025-08-01T01:21:58.417+0000] GC(872) Metaspace: 10058K(10240K)->10058K(10240K) NonClass: 8831K(8896K)->8831K(8896K) Class: 1226K(1344K)->1226K(1344K)
[2025-08-01T01:21:58.417+0000] GC(872) Pause Young (Allocation Failure) 1334M->1247M(3641M) 66.696ms
[2025-08-01T01:21:58.417+0000] GC(872) User=0.50s Sys=0.01s Real=0.07s
[2025-08-01T01:21:58.506+0000] GC(873) Pause Young (Allocation Failure)
[2025-08-01T01:21:58.650+0000] GC(873) PSYoungGen: 843104K(931840K)->350816K(931840K) Eden: 465920K(465920K)->0K(465920K) From: 377184K(465920K)->350816K(465920K)
[2025-08-01T01:21:58.650+0000] GC(873) ParOldGen: 900749K(2796544K)->1180453K(2796544K)
[2025-08-01T01:21:58.650+0000] GC(873) Metaspace: 10058K(10240K)->10058K(10240K) NonClass: 8831K(8896K)->8831K(8896K) Class: 1226K(1344K)->1226K(1344K)
[2025-08-01T01:21:58.651+0000] GC(873) Pause Young (Allocation Failure) 1702M->1495M(3641M) 144.716ms
[2025-08-01T01:21:58.651+0000] GC(873) User=1.10s Sys=0.04s Real=0.14s
[2025-08-01T01:21:58.740+0000] GC(874) Pause Young (Allocation Failure)
[2025-08-01T01:21:58.863+0000] GC(874) PSYoungGen: 816736K(931840K)->423712K(931840K) Eden: 465920K(465920K)->0K(465920K) From: 350816K(465920K)->423712K(465920K)
[2025-08-01T01:21:58.863+0000] GC(874) ParOldGen: 1180453K(2796544K)->1434933K(2796544K)
[2025-08-01T01:21:58.863+0000] GC(874) Metaspace: 10058K(10240K)->10058K(10240K) NonClass: 8831K(8896K)->8831K(8896K) Class: 1226K(1344K)->1226K(1344K)
[2025-08-01T01:21:58.863+0000] GC(874) Pause Young (Allocation Failure) 1950M->1815M(3641M) 122.486ms
[2025-08-01T01:21:58.863+0000] GC(874) User=0.86s Sys=0.06s Real=0.12s
[2025-08-01T01:21:58.951+0000] GC(875) Pause Young (Allocation Failure)
[2025-08-01T01:21:59.100+0000] GC(875) PSYoungGen: 889632K(931840K)->435776K(931840K) Eden: 465920K(465920K)->0K(465920K) From: 423712K(465920K)->435776K(465920K)
[2025-08-01T01:21:59.101+0000] GC(875) ParOldGen: 1434933K(2796544K)->1758621K(2796544K)
[2025-08-01T01:21:59.101+0000] GC(875) Metaspace: 10058K(10240K)->10058K(10240K) NonClass: 8831K(8896K)->8831K(8896K) Class: 1226K(1344K)->1226K(1344K)
[2025-08-01T01:21:59.101+0000] GC(875) Pause Young (Allocation Failure) 2270M->2142M(3641M) 149.925ms
[2025-08-01T01:21:59.101+0000] GC(875) User=1.13s Sys=0.03s Real=0.15s
[2025-08-01T01:21:59.188+0000] GC(876) Pause Young (Allocation Failure)
[2025-08-01T01:21:59.323+0000] GC(876) PSYoungGen: 901696K(931840K)->379552K(931840K) Eden: 465920K(465920K)->0K(465920K) From: 435776K(465920K)->379552K(465920K)
[2025-08-01T01:21:59.323+0000] GC(876) ParOldGen: 1758621K(2796544K)->2100853K(2796544K)
[2025-08-01T01:21:59.323+0000] GC(876) Metaspace: 10058K(10240K)->10058K(10240K) NonClass: 8831K(8896K)->8831K(8896K) Class: 1226K(1344K)->1226K(1344K)
[2025-08-01T01:21:59.323+0000] GC(876) Pause Young (Allocation Failure) 2597M->2422M(3641M) 134.660ms
[2025-08-01T01:21:59.323+0000] GC(876) User=1.01s Sys=0.04s Real=0.13s
[2025-08-01T01:21:59.408+0000] GC(877) Pause Young (Allocation Failure)
[2025-08-01T01:21:59.528+0000] GC(877) PSYoungGen: 845472K(931840K)->365568K(931840K) Eden: 465920K(465920K)->0K(465920K) From: 379552K(465920K)->365568K(465920K)
[2025-08-01T01:21:59.528+0000] GC(877) ParOldGen: 2100853K(2796544K)->2374597K(2796544K)
[2025-08-01T01:21:59.528+0000] GC(877) Metaspace: 10058K(10240K)->10058K(10240K) NonClass: 8831K(8896K)->8831K(8896K) Class: 1226K(1344K)->1226K(1344K)
[2025-08-01T01:21:59.528+0000] GC(877) Pause Young (Allocation Failure) 2877M->2675M(3641M) 119.826ms
[2025-08-01T01:21:59.528+0000] GC(877) User=0.89s Sys=0.03s Real=0.12s
[2025-08-01T01:21:59.614+0000] GC(878) Pause Full (Ergonomics)
[2025-08-01T01:21:59.614+0000] GC(878) Marking Phase
[2025-08-01T01:21:59.683+0000] GC(878) Marking Phase 68.499ms
[2025-08-01T01:21:59.683+0000] GC(878) Summary Phase
[2025-08-01T01:21:59.683+0000] GC(878) Summary Phase 0.167ms
[2025-08-01T01:21:59.683+0000] GC(878) Adjust Roots
[2025-08-01T01:21:59.686+0000] GC(878) Adjust Roots 3.130ms
[2025-08-01T01:21:59.686+0000] GC(878) Compaction Phase
[2025-08-01T01:21:59.829+0000] GC(878) Compaction Phase 142.419ms
[2025-08-01T01:21:59.829+0000] GC(878) Post Compact
[2025-08-01T01:21:59.848+0000] GC(878) Post Compact 19.438ms
[2025-08-01T01:21:59.848+0000] GC(878) PSYoungGen: 831488K(931840K)->0K(931840K) Eden: 465920K(465920K)->0K(465920K) From: 365568K(465920K)->0K(465920K)
[2025-08-01T01:21:59.848+0000] GC(878) ParOldGen: 2374597K(2796544K)->914742K(2796544K)
[2025-08-01T01:21:59.848+0000] GC(878) Metaspace: 10058K(10240K)->10058K(10240K) NonClass: 8831K(8896K)->8831K(8896K) Class: 1226K(1344K)->1226K(1344K)
[2025-08-01T01:21:59.848+0000] GC(878) Pause Full (Ergonomics) 3130M->893M(3641M) 234.097ms
[2025-08-01T01:21:59.848+0000] GC(878) User=1.60s Sys=0.02s Real=0.23s
[2025-08-01T01:21:59.935+0000] GC(879) Pause Young (Allocation Failure)
[2025-08-01T01:22:00.004+0000] GC(879) PSYoungGen: 465920K(931840K)->428448K(931840K) Eden: 465920K(465920K)->0K(465920K) From: 0K(465920K)->428448K(465920K)
[2025-08-01T01:22:00.004+0000] GC(879) ParOldGen: 914742K(2796544K)->914742K(2796544K)
[2025-08-01T01:22:00.004+0000] GC(879) Metaspace: 10058K(10240K)->10058K(10240K) NonClass: 8831K(8896K)->8831K(8896K) Class: 1226K(1344K)->1226K(1344K)
[2025-08-01T01:22:00.005+0000] GC(879) Pause Young (Allocation Failure) 1348M->1311M(3641M) 69.769ms
[2025-08-01T01:22:00.005+0000] GC(879) User=0.54s Sys=0.01s Real=0.07s
[2025-08-01T01:22:00.102+0000] GC(880) Pause Young (Allocation Failure)
[2025-08-01T01:22:00.246+0000] GC(880) PSYoungGen: 894368K(931840K)->413664K(931840K) Eden: 465920K(465920K)->0K(465920K) From: 428448K(465920K)->413664K(465920K)
[2025-08-01T01:22:00.246+0000] GC(880) ParOldGen: 914742K(2796544K)->1231478K(2796544K)
[2025-08-01T01:22:00.246+0000] GC(880) Metaspace: 10058K(10240K)->10058K(10240K) NonClass: 8831K(8896K)->8831K(8896K) Class: 1226K(1344K)->1226K(1344K)
[2025-08-01T01:22:00.246+0000] GC(880) Pause Young (Allocation Failure) 1766M->1606M(3641M) 143.941ms
[2025-08-01T01:22:00.246+0000] GC(880) User=1.13s Sys=0.01s Real=0.15s
[2025-08-01T01:22:00.331+0000] GC(881) Pause Young (Allocation Failure)
[2025-08-01T01:22:00.490+0000] GC(881) PSYoungGen: 879584K(931840K)->465920K(931840K) Eden: 465920K(465920K)->0K(465920K) From: 413664K(465920K)->465920K(465920K)
[2025-08-01T01:22:00.490+0000] GC(881) ParOldGen: 1231478K(2796544K)->1677990K(2796544K)
[2025-08-01T01:22:00.490+0000] GC(881) Metaspace: 10058K(10240K)->10058K(10240K) NonClass: 8831K(8896K)->8831K(8896K) Class: 1226K(1344K)->1226K(1344K)
[2025-08-01T01:22:00.490+0000] GC(881) Pause Young (Allocation Failure) 2061M->2093M(3641M) 159.315ms
[2025-08-01T01:22:00.490+0000] GC(881) User=1.22s Sys=0.04s Real=0.16s
[2025-08-01T01:22:00.575+0000] GC(882) Pause Young (Allocation Failure)
[2025-08-01T01:22:00.732+0000] GC(882) PSYoungGen: 931840K(931840K)->377120K(931840K) Eden: 465920K(465920K)->0K(465920K) From: 465920K(465920K)->377120K(465920K)
[2025-08-01T01:22:00.732+0000] GC(882) ParOldGen: 1677990K(2796544K)->1949854K(2796544K)
[2025-08-01T01:22:00.733+0000] GC(882) Metaspace: 10058K(10240K)->10058K(10240K) NonClass: 8831K(8896K)->8831K(8896K) Class: 1226K(1344K)->1226K(1344K)
[2025-08-01T01:22:00.733+0000] GC(882) Pause Young (Allocation Failure) 2548M->2272M(3641M) 157.707ms
[2025-08-01T01:22:00.733+0000] GC(882) User=1.20s Sys=0.04s Real=0.15s
[2025-08-01T01:22:00.816+0000] GC(883) Pause Young (Allocation Failure)
[2025-08-01T01:22:00.989+0000] GC(883) PSYoungGen: 843040K(931840K)->465920K(931840K) Eden: 465920K(465920K)->0K(465920K) From: 377120K(465920K)->465920K(465920K)
[2025-08-01T01:22:00.989+0000] GC(883) ParOldGen: 1949854K(2796544K)->2217134K(2796544K)
[2025-08-01T01:22:00.989+0000] GC(883) Metaspace: 10058K(10240K)->10058K(10240K) NonClass: 8831K(8896K)->8831K(8896K) Class: 1226K(1344K)->1226K(1344K)
[2025-08-01T01:22:00.990+0000] GC(883) Pause Young (Allocation Failure) 2727M->2620M(3641M) 173.318ms
[2025-08-01T01:22:00.990+0000] GC(883) User=1.27s Sys=0.03s Real=0.17s
[2025-08-01T01:22:01.075+0000] GC(884) Pause Young (Allocation Failure)
[2025-08-01T01:22:01.204+0000] GC(884) PSYoungGen: 931840K(931840K)->446848K(931840K) Eden: 465920K(465920K)->0K(465920K) From: 465920K(465920K)->446848K(465920K)
[2025-08-01T01:22:01.204+0000] GC(884) ParOldGen: 2217134K(2796544K)->2576398K(2796544K)
[2025-08-01T01:22:01.204+0000] GC(884) Metaspace: 10058K(10240K)->10058K(10240K) NonClass: 8831K(8896K)->8831K(8896K) Class: 1226K(1344K)->1226K(1344K)
[2025-08-01T01:22:01.204+0000] GC(884) Pause Young (Allocation Failure) 3075M->2952M(3641M) 129.024ms
[2025-08-01T01:22:01.204+0000] GC(884) User=0.98s Sys=0.03s Real=0.13s
[2025-08-01T01:22:01.287+0000] GC(885) Pause Full (Ergonomics)
[2025-08-01T01:22:01.287+0000] GC(885) Marking Phase
[2025-08-01T01:22:01.372+0000] GC(885) Marking Phase 84.495ms
[2025-08-01T01:22:01.372+0000] GC(885) Summary Phase
[2025-08-01T01:22:01.372+0000] GC(885) Summary Phase 0.114ms
[2025-08-01T01:22:01.372+0000] GC(885) Adjust Roots
[2025-08-01T01:22:01.374+0000] GC(885) Adjust Roots 1.826ms
[2025-08-01T01:22:01.374+0000] GC(885) Compaction Phase
[2025-08-01T01:22:01.567+0000] GC(885) Compaction Phase 193.380ms
[2025-08-01T01:22:01.567+0000] GC(885) Post Compact
[2025-08-01T01:22:01.590+0000] GC(885) Post Compact 22.334ms
[2025-08-01T01:22:01.590+0000] GC(885) PSYoungGen: 912768K(931840K)->0K(931840K) Eden: 465920K(465920K)->0K(465920K) From: 446848K(465920K)->0K(465920K)
[2025-08-01T01:22:01.590+0000] GC(885) ParOldGen: 2576398K(2796544K)->1387527K(2796544K)
[2025-08-01T01:22:01.590+0000] GC(885) Metaspace: 10058K(10240K)->10058K(10240K) NonClass: 8831K(8896K)->8831K(8896K) Class: 1226K(1344K)->1226K(1344K)
[2025-08-01T01:22:01.590+0000] GC(885) Pause Full (Ergonomics) 3407M->1355M(3641M) 302.619ms
[2025-08-01T01:22:01.590+0000] GC(885) User=2.18s Sys=0.02s Real=0.30s
[2025-08-01T01:22:01.674+0000] GC(886) Pause Young (Allocation Failure)
[2025-08-01T01:22:01.745+0000] GC(886) PSYoungGen: 465920K(931840K)->347712K(931840K) Eden: 465920K(465920K)->0K(465920K) From: 0K(465920K)->347712K(465920K)
[2025-08-01T01:22:01.745+0000] GC(886) ParOldGen: 1387527K(2796544K)->1387527K(2796544K)
[2025-08-01T01:22:01.745+0000] GC(886) Metaspace: 10058K(10240K)->10058K(10240K) NonClass: 8831K(8896K)->8831K(8896K) Class: 1226K(1344K)->1226K(1344K)
[2025-08-01T01:22:01.745+0000] GC(886) Pause Young (Allocation Failure) 1810M->1694M(3641M) 70.789ms
[2025-08-01T01:22:01.745+0000] GC(886) User=0.52s Sys=0.03s Real=0.07s
[2025-08-01T01:22:01.835+0000] GC(887) Pause Young (Allocation Failure)
[2025-08-01T01:22:01.987+0000] GC(887) PSYoungGen: 813632K(931840K)->446816K(931840K) Eden: 465920K(465920K)->0K(465920K) From: 347712K(465920K)->446816K(465920K)
[2025-08-01T01:22:01.987+0000] GC(887) ParOldGen: 1387527K(2796544K)->1644095K(2796544K)
[2025-08-01T01:22:01.987+0000] GC(887) Metaspace: 10058K(10240K)->10058K(10240K) NonClass: 8831K(8896K)->8831K(8896K) Class: 1226K(1344K)->1226K(1344K)
[2025-08-01T01:22:01.987+0000] GC(887) Pause Young (Allocation Failure) 2149M->2041M(3641M) 152.787ms
[2025-08-01T01:22:01.987+0000] GC(887) User=1.11s Sys=0.03s Real=0.15s
[2025-08-01T01:22:02.069+0000] GC(888) Pause Young (Allocation Failure)
[2025-08-01T01:22:02.191+0000] GC(888) PSYoungGen: 912736K(931840K)->462400K(931840K) Eden: 465920K(465920K)->0K(465920K) From: 446816K(465920K)->462400K(465920K)
[2025-08-01T01:22:02.191+0000] GC(888) ParOldGen: 1644095K(2796544K)->1987471K(2796544K)
[2025-08-01T01:22:02.191+0000] GC(888) Metaspace: 10058K(10240K)->10058K(10240K) NonClass: 8831K(8896K)->8831K(8896K) Class: 1226K(1344K)->1226K(1344K)
[2025-08-01T01:22:02.191+0000] GC(888) Pause Young (Allocation Failure) 2496M->2392M(3641M) 122.269ms
[2025-08-01T01:22:02.191+0000] GC(888) User=0.96s Sys=0.01s Real=0.12s
[2025-08-01T01:22:02.275+0000] GC(889) Pause Young (Allocation Failure)
[2025-08-01T01:22:02.436+0000] GC(889) PSYoungGen: 928320K(931840K)->465920K(931840K) Eden: 465920K(465920K)->0K(465920K) From: 462400K(465920K)->465920K(465920K)
[2025-08-01T01:22:02.436+0000] GC(889) ParOldGen: 1987471K(2796544K)->2483287K(2796544K)
[2025-08-01T01:22:02.436+0000] GC(889) Metaspace: 10058K(10240K)->10058K(10240K) NonClass: 8831K(8896K)->8831K(8896K) Class: 1226K(1344K)->1226K(1344K)
[2025-08-01T01:22:02.436+0000] GC(889) Pause Young (Allocation Failure) 2847M->2880M(3641M) 161.247ms
[2025-08-01T01:22:02.436+0000] GC(889) User=1.23s Sys=0.01s Real=0.16s
[2025-08-01T01:22:02.521+0000] GC(890) Pause Full (Ergonomics)
[2025-08-01T01:22:02.521+0000] GC(890) Marking Phase
[2025-08-01T01:22:02.568+0000] GC(890) Marking Phase 46.763ms
[2025-08-01T01:22:02.568+0000] GC(890) Summary Phase
[2025-08-01T01:22:02.568+0000] GC(890) Summary Phase 0.105ms
[2025-08-01T01:22:02.568+0000] GC(890) Adjust Roots
[2025-08-01T01:22:02.570+0000] GC(890) Adjust Roots 1.522ms
[2025-08-01T01:22:02.570+0000] GC(890) Compaction Phase
[2025-08-01T01:22:02.650+0000] GC(890) Compaction Phase 80.640ms
[2025-08-01T01:22:02.650+0000] GC(890) Post Compact
[2025-08-01T01:22:02.672+0000] GC(890) Post Compact 21.483ms
[2025-08-01T01:22:02.672+0000] GC(890) PSYoungGen: 931840K(931840K)->0K(931840K) Eden: 465920K(465920K)->0K(465920K) From: 465920K(465920K)->0K(465920K)
[2025-08-01T01:22:02.672+0000] GC(890) ParOldGen: 2483287K(2796544K)->474451K(2796544K)
[2025-08-01T01:22:02.672+0000] GC(890) Metaspace: 10058K(10240K)->10058K(10240K) NonClass: 8831K(8896K)->8831K(8896K) Class: 1226K(1344K)->1226K(1344K)
[2025-08-01T01:22:02.672+0000] GC(890) Pause Full (Ergonomics) 3335M->463M(3641M) 150.915ms
[2025-08-01T01:22:02.672+0000] GC(890) User=0.96s Sys=0.03s Real=0.15s
[2025-08-01T01:22:02.759+0000] GC(891) Pause Young (Allocation Failure)
[2025-08-01T01:22:02.890+0000] GC(891) PSYoungGen: 465920K(931840K)->465920K(931840K) Eden: 465920K(465920K)->0K(465920K) From: 0K(465920K)->465920K(465920K)
[2025-08-01T01:22:02.890+0000] GC(891) ParOldGen: 474451K(2796544K)->483347K(2796544K)
[2025-08-01T01:22:02.890+0000] GC(891) Metaspace: 10058K(10240K)->10058K(10240K) NonClass: 8831K(8896K)->8831K(8896K) Class: 1226K(1344K)->1226K(1344K)
[2025-08-01T01:22:02.890+0000] GC(891) Pause Young (Allocation Failure) 918M->927M(3641M) 130.965ms
[2025-08-01T01:22:02.890+0000] GC(891) User=0.89s Sys=0.06s Real=0.13s
[2025-08-01T01:22:02.980+0000] GC(892) Pause Young (Allocation Failure)
[2025-08-01T01:22:03.117+0000] GC(892) PSYoungGen: 931840K(931840K)->453152K(931840K) Eden: 465920K(465920K)->0K(465920K) From: 465920K(465920K)->453152K(465920K)
[2025-08-01T01:22:03.117+0000] GC(892) ParOldGen: 483347K(2796544K)->870643K(2796544K)
[2025-08-01T01:22:03.117+0000] GC(892) Metaspace: 10058K(10240K)->10058K(10240K) NonClass: 8831K(8896K)->8831K(8896K) Class: 1226K(1344K)->1226K(1344K)
[2025-08-01T01:22:03.117+0000] GC(892) Pause Young (Allocation Failure) 1382M->1292M(3641M) 137.247ms
[2025-08-01T01:22:03.117+0000] GC(892) User=1.02s Sys=0.03s Real=0.14s
[2025-08-01T01:22:03.203+0000] GC(893) Pause Young (Allocation Failure)
[2025-08-01T01:22:03.401+0000] GC(893) PSYoungGen: 919072K(931840K)->465920K(931840K) Eden: 465920K(465920K)->0K(465920K) From: 453152K(465920K)->465920K(465920K)
[2025-08-01T01:22:03.401+0000] GC(893) ParOldGen: 870643K(2796544K)->1358459K(2796544K)
[2025-08-01T01:22:03.401+0000] GC(893) Metaspace: 10058K(10240K)->10058K(10240K) NonClass: 8831K(8896K)->8831K(8896K) Class: 1226K(1344K)->1226K(1344K)
[2025-08-01T01:22:03.401+0000] GC(893) Pause Young (Allocation Failure) 1747M->1781M(3641M) 198.051ms
[2025-08-01T01:22:03.401+0000] GC(893) User=1.53s Sys=0.05s Real=0.19s
[2025-08-01T01:22:03.488+0000] GC(894) Pause Young (Allocation Failure)
[2025-08-01T01:22:03.580+0000] GC(894) PSYoungGen: 931840K(931840K)->222848K(931840K) Eden: 465920K(465920K)->0K(465920K) From: 465920K(465920K)->222848K(465920K)
[2025-08-01T01:22:03.580+0000] GC(894) ParOldGen: 1358459K(2796544K)->1495019K(2796544K)
[2025-08-01T01:22:03.580+0000] GC(894) Metaspace: 10058K(10240K)->10058K(10240K) NonClass: 8831K(8896K)->8831K(8896K) Class: 1226K(1344K)->1226K(1344K)
[2025-08-01T01:22:03.580+0000] GC(894) Pause Young (Allocation Failure) 2236M->1677M(3641M) 92.413ms
[2025-08-01T01:22:03.580+0000] GC(894) User=0.68s Sys=0.03s Real=0.09s
[2025-08-01T01:22:03.670+0000] GC(895) Pause Young (Allocation Failure)
[2025-08-01T01:22:03.745+0000] GC(895) PSYoungGen: 688768K(931840K)->351936K(931840K) Eden: 465920K(465920K)->0K(465920K) From: 222848K(465920K)->351936K(465920K)
[2025-08-01T01:22:03.745+0000] GC(895) ParOldGen: 1495019K(2796544K)->1602027K(2796544K)
[2025-08-01T01:22:03.745+0000] GC(895) Metaspace: 10058K(10240K)->10058K(10240K) NonClass: 8831K(8896K)->8831K(8896K) Class: 1226K(1344K)->1226K(1344K)
[2025-08-01T01:22:03.745+0000] GC(895) Pause Young (Allocation Failure) 2132M->1908M(3641M) 74.786ms
[2025-08-01T01:22:03.745+0000] GC(895) User=0.58s Sys=0.00s Real=0.08s
[2025-08-01T01:22:03.831+0000] GC(896) Pause Young (Allocation Failure)
[2025-08-01T01:22:03.966+0000] GC(896) PSYoungGen: 817856K(931840K)->465920K(931840K) Eden: 465920K(465920K)->0K(465920K) From: 351936K(465920K)->465920K(465920K)
[2025-08-01T01:22:03.967+0000] GC(896) ParOldGen: 1602027K(2796544K)->1982867K(2796544K)
[2025-08-01T01:22:03.967+0000] GC(896) Metaspace: 10058K(10240K)->10058K(10240K) NonClass: 8831K(8896K)->8831K(8896K) Class: 1226K(1344K)->1226K(1344K)
[2025-08-01T01:22:03.967+0000] GC(896) Pause Young (Allocation Failure) 2363M->2391M(3641M) 135.557ms
[2025-08-01T01:22:03.967+0000] GC(896) User=1.05s Sys=0.01s Real=0.14s
[2025-08-01T01:22:04.055+0000] GC(897) Pause Young (Allocation Failure)
[2025-08-01T01:22:04.272+0000] GC(897) PSYoungGen: 931840K(931840K)->465920K(931840K) Eden: 465920K(465920K)->0K(465920K) From: 465920K(465920K)->465920K(465920K)
[2025-08-01T01:22:04.272+0000] GC(897) ParOldGen: 1982867K(2796544K)->2485019K(2796544K)
[2025-08-01T01:22:04.272+0000] GC(897) Metaspace: 10058K(10240K)->10058K(10240K) NonClass: 8831K(8896K)->8831K(8896K) Class: 1226K(1344K)->1226K(1344K)
[2025-08-01T01:22:04.272+0000] GC(897) Pause Young (Allocation Failure) 2846M->2881M(3641M) 217.789ms
[2025-08-01T01:22:04.272+0000] GC(897) User=1.56s Sys=0.09s Real=0.21s
[2025-08-01T01:22:04.358+0000] GC(898) Pause Full (Ergonomics)
[2025-08-01T01:22:04.358+0000] GC(898) Marking Phase
[2025-08-01T01:22:04.402+0000] GC(898) Marking Phase 44.231ms
[2025-08-01T01:22:04.402+0000] GC(898) Summary Phase
[2025-08-01T01:22:04.402+0000] GC(898) Summary Phase 0.065ms
[2025-08-01T01:22:04.402+0000] GC(898) Adjust Roots
[2025-08-01T01:22:04.403+0000] GC(898) Adjust Roots 1.208ms
[2025-08-01T01:22:04.403+0000] GC(898) Compaction Phase
[2025-08-01T01:22:04.480+0000] GC(898) Compaction Phase 76.954ms
[2025-08-01T01:22:04.480+0000] GC(898) Post Compact
[2025-08-01T01:22:04.504+0000] GC(898) Post Compact 24.095ms
[2025-08-01T01:22:04.505+0000] GC(898) PSYoungGen: 931840K(931840K)->0K(931840K) Eden: 465920K(465920K)->0K(465920K) From: 465920K(465920K)->0K(465920K)
[2025-08-01T01:22:04.505+0000] GC(898) ParOldGen: 2485019K(2796544K)->487070K(2796544K)
[2025-08-01T01:22:04.505+0000] GC(898) Metaspace: 10058K(10240K)->10058K(10240K) NonClass: 8831K(8896K)->8831K(8896K) Class: 1226K(1344K)->1226K(1344K)
[2025-08-01T01:22:04.505+0000] GC(898) Pause Full (Ergonomics) 3336M->475M(3641M) 146.920ms
[2025-08-01T01:22:04.505+0000] GC(898) User=0.93s Sys=0.02s Real=0.15s
[2025-08-01T01:22:04.592+0000] GC(899) Pause Young (Allocation Failure)
[2025-08-01T01:22:04.693+0000] GC(899) PSYoungGen: 465920K(931840K)->379968K(931840K) Eden: 465920K(465920K)->0K(465920K) From: 0K(465920K)->379968K(465920K)
[2025-08-01T01:22:04.693+0000] GC(899) ParOldGen: 487070K(2796544K)->487070K(2796544K)
[2025-08-01T01:22:04.693+0000] GC(899) Metaspace: 10058K(10240K)->10058K(10240K) NonClass: 8831K(8896K)->8831K(8896K) Class: 1226K(1344K)->1226K(1344K)
[2025-08-01T01:22:04.693+0000] GC(899) Pause Young (Allocation Failure) 930M->846M(3641M) 100.848ms
[2025-08-01T01:22:04.693+0000] GC(899) User=0.75s Sys=0.04s Real=0.10s
[2025-08-01T01:22:04.784+0000] GC(900) Pause Young (Allocation Failure)
[2025-08-01T01:22:04.947+0000] GC(900) PSYoungGen: 845888K(931840K)->465920K(931840K) Eden: 465920K(465920K)->0K(465920K) From: 379968K(465920K)->465920K(465920K)
[2025-08-01T01:22:04.947+0000] GC(900) ParOldGen: 487070K(2796544K)->899622K(2796544K)
[2025-08-01T01:22:04.947+0000] GC(900) Metaspace: 10058K(10240K)->10058K(10240K) NonClass: 8831K(8896K)->8831K(8896K) Class: 1226K(1344K)->1226K(1344K)
[2025-08-01T01:22:04.947+0000] GC(900) Pause Young (Allocation Failure) 1301M->1333M(3641M) 163.713ms
[2025-08-01T01:22:04.948+0000] GC(900) User=1.25s Sys=0.04s Real=0.16s
[2025-08-01T01:22:05.042+0000] GC(901) Pause Young (Allocation Failure)
[2025-08-01T01:22:05.283+0000] GC(901) PSYoungGen: 931840K(931840K)->465920K(931840K) Eden: 465920K(465920K)->0K(465920K) From: 465920K(465920K)->465920K(465920K)
[2025-08-01T01:22:05.283+0000] GC(901) ParOldGen: 899622K(2796544K)->1397750K(2796544K)
[2025-08-01T01:22:05.283+0000] GC(901) Metaspace: 10058K(10240K)->10058K(10240K) NonClass: 8831K(8896K)->8831K(8896K) Class: 1226K(1344K)->1226K(1344K)
[2025-08-01T01:22:05.283+0000] GC(901) Pause Young (Allocation Failure) 1788M->1819M(3641M) 240.693ms
[2025-08-01T01:22:05.283+0000] GC(901) User=1.74s Sys=0.06s Real=0.25s
[2025-08-01T01:22:05.367+0000] GC(902) Pause Young (Allocation Failure)
[2025-08-01T01:22:05.427+0000] GC(902) PSYoungGen: 931840K(931840K)->189408K(931840K) Eden: 465920K(465920K)->0K(465920K) From: 465920K(465920K)->189408K(465920K)
[2025-08-01T01:22:05.427+0000] GC(902) ParOldGen: 1397750K(2796544K)->1530294K(2796544K)
[2025-08-01T01:22:05.427+0000] GC(902) Metaspace: 10058K(10240K)->10058K(10240K) NonClass: 8831K(8896K)->8831K(8896K) Class: 1226K(1344K)->1226K(1344K)
[2025-08-01T01:22:05.427+0000] GC(902) Pause Young (Allocation Failure) 2274M->1679M(3641M) 60.489ms
[2025-08-01T01:22:05.428+0000] GC(902) User=0.44s Sys=0.02s Real=0.06s
[2025-08-01T01:22:05.521+0000] GC(903) Pause Young (Allocation Failure)
[2025-08-01T01:22:05.612+0000] GC(903) PSYoungGen: 655328K(931840K)->378656K(931840K) Eden: 465920K(465920K)->0K(465920K) From: 189408K(465920K)->378656K(465920K)
[2025-08-01T01:22:05.612+0000] GC(903) ParOldGen: 1530294K(2796544K)->1626438K(2796544K)
[2025-08-01T01:22:05.612+0000] GC(903) Metaspace: 10058K(10240K)->10058K(10240K) NonClass: 8831K(8896K)->8831K(8896K) Class: 1226K(1344K)->1226K(1344K)
[2025-08-01T01:22:05.612+0000] GC(903) Pause Young (Allocation Failure) 2134M->1958M(3641M) 91.257ms
[2025-08-01T01:22:05.612+0000] GC(903) User=0.68s Sys=0.02s Real=0.09s
[2025-08-01T01:22:05.700+0000] GC(904) Pause Young (Allocation Failure)
[2025-08-01T01:22:05.916+0000] GC(904) PSYoungGen: 844576K(931840K)->465920K(931840K) Eden: 465920K(465920K)->0K(465920K) From: 378656K(465920K)->465920K(465920K)
[2025-08-01T01:22:05.916+0000] GC(904) ParOldGen: 1626438K(2796544K)->2035454K(2796544K)
[2025-08-01T01:22:05.916+0000] GC(904) Metaspace: 10058K(10240K)->10058K(10240K) NonClass: 8831K(8896K)->8831K(8896K) Class: 1226K(1344K)->1226K(1344K)
[2025-08-01T01:22:05.916+0000] GC(904) Pause Young (Allocation Failure) 2413M->2442M(3641M) 216.216ms
[2025-08-01T01:22:05.916+0000] GC(904) User=1.65s Sys=0.06s Real=0.22s
[2025-08-01T01:22:06.005+0000] GC(905) Pause Young (Allocation Failure)
[2025-08-01T01:22:06.211+0000] GC(905) PSYoungGen: 931840K(931840K)->465920K(931840K) Eden: 465920K(465920K)->0K(465920K) From: 465920K(465920K)->465920K(465920K)
[2025-08-01T01:22:06.211+0000] GC(905) ParOldGen: 2035454K(2796544K)->2533070K(2796544K)
[2025-08-01T01:22:06.211+0000] GC(905) Metaspace: 10058K(10240K)->10058K(10240K) NonClass: 8831K(8896K)->8831K(8896K) Class: 1226K(1344K)->1226K(1344K)
[2025-08-01T01:22:06.211+0000] GC(905) Pause Young (Allocation Failure) 2897M->2928M(3641M) 206.345ms
[2025-08-01T01:22:06.211+0000] GC(905) User=1.59s Sys=0.03s Real=0.20s
[2025-08-01T01:22:06.299+0000] GC(906) Pause Full (Ergonomics)
[2025-08-01T01:22:06.299+0000] GC(906) Marking Phase
[2025-08-01T01:22:06.339+0000] GC(906) Marking Phase 40.339ms
[2025-08-01T01:22:06.340+0000] GC(906) Summary Phase
[2025-08-01T01:22:06.340+0000] GC(906) Summary Phase 0.266ms
[2025-08-01T01:22:06.340+0000] GC(906) Adjust Roots
[2025-08-01T01:22:06.341+0000] GC(906) Adjust Roots 1.194ms
[2025-08-01T01:22:06.341+0000] GC(906) Compaction Phase
[2025-08-01T01:22:06.412+0000] GC(906) Compaction Phase 70.495ms
[2025-08-01T01:22:06.412+0000] GC(906) Post Compact
[2025-08-01T01:22:06.437+0000] GC(906) Post Compact 25.517ms
[2025-08-01T01:22:06.437+0000] GC(906) PSYoungGen: 931840K(931840K)->0K(931840K) Eden: 465920K(465920K)->0K(465920K) From: 465920K(465920K)->0K(465920K)
[2025-08-01T01:22:06.437+0000] GC(906) ParOldGen: 2533070K(2796544K)->499217K(2796544K)
[2025-08-01T01:22:06.437+0000] GC(906) Metaspace: 10058K(10240K)->10058K(10240K) NonClass: 8831K(8896K)->8831K(8896K) Class: 1226K(1344K)->1226K(1344K)
[2025-08-01T01:22:06.437+0000] GC(906) Pause Full (Ergonomics) 3383M->487M(3641M) 138.265ms
[2025-08-01T01:22:06.437+0000] GC(906) User=0.84s Sys=0.01s Real=0.14s
[2025-08-01T01:22:06.526+0000] GC(907) Pause Young (Allocation Failure)
[2025-08-01T01:22:06.625+0000] GC(907) PSYoungGen: 465920K(931840K)->407488K(931840K) Eden: 465920K(465920K)->0K(465920K) From: 0K(465920K)->407488K(465920K)
[2025-08-01T01:22:06.625+0000] GC(907) ParOldGen: 499217K(2796544K)->499217K(2796544K)
[2025-08-01T01:22:06.625+0000] GC(907) Metaspace: 10058K(10240K)->10058K(10240K) NonClass: 8831K(8896K)->8831K(8896K) Class: 1226K(1344K)->1226K(1344K)
[2025-08-01T01:22:06.625+0000] GC(907) Pause Young (Allocation Failure) 942M->885M(3641M) 99.159ms
[2025-08-01T01:22:06.625+0000] GC(907) User=0.73s Sys=0.02s Real=0.10s
[2025-08-01T01:22:06.722+0000] GC(908) Pause Young (Allocation Failure)
[2025-08-01T01:22:06.878+0000] GC(908) PSYoungGen: 873408K(931840K)->465920K(931840K) Eden: 465920K(465920K)->0K(465920K) From: 407488K(465920K)->465920K(465920K)
[2025-08-01T01:22:06.878+0000] GC(908) ParOldGen: 499217K(2796544K)->935537K(2796544K)
[2025-08-01T01:22:06.878+0000] GC(908) Metaspace: 10058K(10240K)->10058K(10240K) NonClass: 8831K(8896K)->8831K(8896K) Class: 1226K(1344K)->1226K(1344K)
[2025-08-01T01:22:06.878+0000] GC(908) Pause Young (Allocation Failure) 1340M->1368M(3641M) 156.798ms
[2025-08-01T01:22:06.878+0000] GC(908) User=1.21s Sys=0.02s Real=0.16s
[2025-08-01T01:22:06.968+0000] GC(909) Pause Young (Allocation Failure)
[2025-08-01T01:22:07.114+0000] GC(909) PSYoungGen: 931840K(931840K)->465920K(931840K) Eden: 465920K(465920K)->0K(465920K) From: 465920K(465920K)->465920K(465920K)
[2025-08-01T01:22:07.114+0000] GC(909) ParOldGen: 935537K(2796544K)->1433225K(2796544K)
[2025-08-01T01:22:07.114+0000] GC(909) Metaspace: 10058K(10240K)->10058K(10240K) NonClass: 8831K(8896K)->8831K(8896K) Class: 1226K(1344K)->1226K(1344K)
[2025-08-01T01:22:07.114+0000] GC(909) Pause Young (Allocation Failure) 1823M->1854M(3641M) 146.498ms
[2025-08-01T01:22:07.114+0000] GC(909) User=1.15s Sys=0.02s Real=0.15s
[2025-08-01T01:22:07.201+0000] GC(910) Pause Young (Allocation Failure)
[2025-08-01T01:22:07.271+0000] GC(910) PSYoungGen: 931840K(931840K)->189600K(931840K) Eden: 465920K(465920K)->0K(465920K) From: 465920K(465920K)->189600K(465920K)
[2025-08-01T01:22:07.271+0000] GC(910) ParOldGen: 1433225K(2796544K)->1566729K(2796544K)
[2025-08-01T01:22:07.271+0000] GC(910) Metaspace: 10058K(10240K)->10058K(10240K) NonClass: 8831K(8896K)->8831K(8896K) Class: 1226K(1344K)->1226K(1344K)
[2025-08-01T01:22:07.271+0000] GC(910) Pause Young (Allocation Failure) 2309M->1715M(3641M) 69.344ms
[2025-08-01T01:22:07.271+0000] GC(910) User=0.52s Sys=0.01s Real=0.07s
[2025-08-01T01:22:07.365+0000] GC(911) Pause Young (Allocation Failure)
[2025-08-01T01:22:07.495+0000] GC(911) PSYoungGen: 655520K(931840K)->416992K(931840K) Eden: 465920K(465920K)->0K(465920K) From: 189600K(465920K)->416992K(465920K)
[2025-08-01T01:22:07.495+0000] GC(911) ParOldGen: 1566729K(2796544K)->1628953K(2796544K)
[2025-08-01T01:22:07.495+0000] GC(911) Metaspace: 10058K(10240K)->10058K(10240K) NonClass: 8831K(8896K)->8831K(8896K) Class: 1226K(1344K)->1226K(1344K)
[2025-08-01T01:22:07.495+0000] GC(911) Pause Young (Allocation Failure) 2170M->1997M(3641M) 130.146ms
[2025-08-01T01:22:07.495+0000] GC(911) User=0.95s Sys=0.07s Real=0.13s
[2025-08-01T01:22:07.588+0000] GC(912) Pause Young (Allocation Failure)
[2025-08-01T01:22:07.735+0000] GC(912) PSYoungGen: 882912K(931840K)->465920K(931840K) Eden: 465920K(465920K)->0K(465920K) From: 416992K(465920K)->465920K(465920K)
[2025-08-01T01:22:07.735+0000] GC(912) ParOldGen: 1628953K(2796544K)->2075945K(2796544K)
[2025-08-01T01:22:07.735+0000] GC(912) Metaspace: 10058K(10240K)->10058K(10240K) NonClass: 8831K(8896K)->8831K(8896K) Class: 1226K(1344K)->1226K(1344K)
[2025-08-01T01:22:07.735+0000] GC(912) Pause Young (Allocation Failure) 2452M->2482M(3641M) 147.209ms
[2025-08-01T01:22:07.735+0000] GC(912) User=1.13s Sys=0.02s Real=0.15s
[2025-08-01T01:22:07.876+0000] GC(913) Pause Full (Ergonomics)
[2025-08-01T01:22:07.877+0000] GC(913) Marking Phase
[2025-08-01T01:22:08.062+0000] GC(913) Marking Phase 185.021ms
[2025-08-01T01:22:08.062+0000] GC(913) Summary Phase
[2025-08-01T01:22:08.062+0000] GC(913) Summary Phase 0.142ms
[2025-08-01T01:22:08.062+0000] GC(913) Adjust Roots
[2025-08-01T01:22:08.065+0000] GC(913) Adjust Roots 2.703ms
[2025-08-01T01:22:08.065+0000] GC(913) Compaction Phase
[2025-08-01T01:22:08.293+0000] GC(913) Compaction Phase 228.454ms
[2025-08-01T01:22:08.293+0000] GC(913) Post Compact
[2025-08-01T01:22:08.313+0000] GC(913) Post Compact 19.915ms
[2025-08-01T01:22:08.313+0000] GC(913) PSYoungGen: 931840K(931840K)->0K(931840K) Eden: 465920K(465920K)->0K(465920K) From: 465920K(465920K)->0K(465920K)
[2025-08-01T01:22:08.313+0000] GC(913) ParOldGen: 2075945K(2796544K)->1430610K(2796544K)
[2025-08-01T01:22:08.313+0000] GC(913) Metaspace: 10058K(10240K)->10058K(10240K) NonClass: 8831K(8896K)->8831K(8896K) Class: 1226K(1344K)->1226K(1344K)
[2025-08-01T01:22:08.313+0000] GC(913) Pause Full (Ergonomics) 2937M->1397M(3641M) 436.895ms
[2025-08-01T01:22:08.313+0000] GC(913) User=3.21s Sys=0.03s Real=0.44s
[2025-08-01T01:22:08.408+0000] GC(914) Pause Young (Allocation Failure)
[2025-08-01T01:22:08.460+0000] GC(914) PSYoungGen: 465920K(931840K)->199296K(931840K) Eden: 465920K(465920K)->0K(465920K) From: 0K(465920K)->199296K(465920K)
[2025-08-01T01:22:08.460+0000] GC(914) ParOldGen: 1430610K(2796544K)->1430610K(2796544K)
[2025-08-01T01:22:08.460+0000] GC(914) Metaspace: 10058K(10240K)->10058K(10240K) NonClass: 8831K(8896K)->8831K(8896K) Class: 1226K(1344K)->1226K(1344K)
[2025-08-01T01:22:08.460+0000] GC(914) Pause Young (Allocation Failure) 1852M->1591M(3641M) 52.085ms
[2025-08-01T01:22:08.460+0000] GC(914) User=0.37s Sys=0.02s Real=0.05s
[2025-08-01T01:22:08.559+0000] GC(915) Pause Young (Allocation Failure)
[2025-08-01T01:22:08.678+0000] GC(915) PSYoungGen: 665216K(931840K)->403968K(931840K) Eden: 465920K(465920K)->0K(465920K) From: 199296K(465920K)->403968K(465920K)
[2025-08-01T01:22:08.678+0000] GC(915) ParOldGen: 1430610K(2796544K)->1517618K(2796544K)
[2025-08-01T01:22:08.678+0000] GC(915) Metaspace: 10058K(10240K)->10058K(10240K) NonClass: 8831K(8896K)->8831K(8896K) Class: 1226K(1344K)->1226K(1344K)
[2025-08-01T01:22:08.678+0000] GC(915) Pause Young (Allocation Failure) 2046M->1876M(3641M) 118.719ms
[2025-08-01T01:22:08.678+0000] GC(915) User=0.88s Sys=0.03s Real=0.12s
[2025-08-01T01:22:08.774+0000] GC(916) Pause Young (Allocation Failure)
[2025-08-01T01:22:08.931+0000] GC(916) PSYoungGen: 869888K(931840K)->465920K(931840K) Eden: 465920K(465920K)->0K(465920K) From: 403968K(465920K)->465920K(465920K)
[2025-08-01T01:22:08.931+0000] GC(916) ParOldGen: 1517618K(2796544K)->1952826K(2796544K)
[2025-08-01T01:22:08.931+0000] GC(916) Metaspace: 10058K(10240K)->10058K(10240K) NonClass: 8831K(8896K)->8831K(8896K) Class: 1226K(1344K)->1226K(1344K)
[2025-08-01T01:22:08.931+0000] GC(916) Pause Young (Allocation Failure) 2331M->2362M(3641M) 156.409ms
[2025-08-01T01:22:08.931+0000] GC(916) User=1.19s Sys=0.04s Real=0.15s
[2025-08-01T01:22:09.064+0000] GC(917) Pause Young (Allocation Failure)
[2025-08-01T01:22:09.261+0000] GC(917) PSYoungGen: 931840K(931840K)->465920K(931840K) Eden: 465920K(465920K)->0K(465920K) From: 465920K(465920K)->465920K(465920K)
[2025-08-01T01:22:09.262+0000] GC(917) ParOldGen: 1952826K(2796544K)->2451026K(2796544K)
[2025-08-01T01:22:09.262+0000] GC(917) Metaspace: 10058K(10240K)->10058K(10240K) NonClass: 8831K(8896K)->8831K(8896K) Class: 1226K(1344K)->1226K(1344K)
[2025-08-01T01:22:09.262+0000] GC(917) Pause Young (Allocation Failure) 2817M->2848M(3641M) 197.657ms
[2025-08-01T01:22:09.262+0000] GC(917) User=1.51s Sys=0.03s Real=0.19s
[2025-08-01T01:22:09.352+0000] GC(918) Pause Full (Ergonomics)
[2025-08-01T01:22:09.352+0000] GC(918) Marking Phase
[2025-08-01T01:22:09.404+0000] GC(918) Marking Phase 52.332ms
[2025-08-01T01:22:09.404+0000] GC(918) Summary Phase
[2025-08-01T01:22:09.404+0000] GC(918) Summary Phase 0.091ms
[2025-08-01T01:22:09.404+0000] GC(918) Adjust Roots
[2025-08-01T01:22:09.406+0000] GC(918) Adjust Roots 1.758ms
[2025-08-01T01:22:09.406+0000] GC(918) Compaction Phase
[2025-08-01T01:22:09.523+0000] GC(918) Compaction Phase 116.542ms
[2025-08-01T01:22:09.523+0000] GC(918) Post Compact
[2025-08-01T01:22:09.548+0000] GC(918) Post Compact 25.704ms
[2025-08-01T01:22:09.548+0000] GC(918) PSYoungGen: 931840K(931840K)->0K(931840K) Eden: 465920K(465920K)->0K(465920K) From: 465920K(465920K)->0K(465920K)
[2025-08-01T01:22:09.548+0000] GC(918) ParOldGen: 2451026K(2796544K)->520762K(2796544K)
[2025-08-01T01:22:09.548+0000] GC(918) Metaspace: 10058K(10240K)->10058K(10240K) NonClass: 8831K(8896K)->8831K(8896K) Class: 1226K(1344K)->1226K(1344K)
[2025-08-01T01:22:09.548+0000] GC(918) Pause Full (Ergonomics) 3303M->508M(3641M) 196.879ms
[2025-08-01T01:22:09.549+0000] GC(918) User=1.29s Sys=0.03s Real=0.20s
[2025-08-01T01:22:09.637+0000] GC(919) Pause Young (Allocation Failure)
[2025-08-01T01:22:09.708+0000] GC(919) PSYoungGen: 465920K(931840K)->395680K(931840K) Eden: 465920K(465920K)->0K(465920K) From: 0K(465920K)->395680K(465920K)
[2025-08-01T01:22:09.708+0000] GC(919) ParOldGen: 520762K(2796544K)->520762K(2796544K)
[2025-08-01T01:22:09.708+0000] GC(919) Metaspace: 10058K(10240K)->10058K(10240K) NonClass: 8831K(8896K)->8831K(8896K) Class: 1226K(1344K)->1226K(1344K)
[2025-08-01T01:22:09.708+0000] GC(919) Pause Young (Allocation Failure) 963M->894M(3641M) 71.193ms
[2025-08-01T01:22:09.708+0000] GC(919) User=0.53s Sys=0.02s Real=0.07s
[2025-08-01T01:22:09.796+0000] GC(920) Pause Young (Allocation Failure)
[2025-08-01T01:22:09.934+0000] GC(920) PSYoungGen: 861600K(931840K)->465920K(931840K) Eden: 465920K(465920K)->0K(465920K) From: 395680K(465920K)->465920K(465920K)
[2025-08-01T01:22:09.934+0000] GC(920) ParOldGen: 520762K(2796544K)->946850K(2796544K)
[2025-08-01T01:22:09.934+0000] GC(920) Metaspace: 10058K(10240K)->10058K(10240K) NonClass: 8831K(8896K)->8831K(8896K) Class: 1226K(1344K)->1226K(1344K)
[2025-08-01T01:22:09.934+0000] GC(920) Pause Young (Allocation Failure) 1349M->1379M(3641M) 137.744ms
[2025-08-01T01:22:09.934+0000] GC(920) User=1.08s Sys=0.02s Real=0.14s
[2025-08-01T01:22:10.020+0000] GC(921) Pause Young (Allocation Failure)
[2025-08-01T01:22:10.192+0000] GC(921) PSYoungGen: 931840K(931840K)->465920K(931840K) Eden: 465920K(465920K)->0K(465920K) From: 465920K(465920K)->465920K(465920K)
[2025-08-01T01:22:10.192+0000] GC(921) ParOldGen: 946850K(2796544K)->1448106K(2796544K)
[2025-08-01T01:22:10.192+0000] GC(921) Metaspace: 10058K(10240K)->10058K(10240K) NonClass: 8831K(8896K)->8831K(8896K) Class: 1226K(1344K)->1226K(1344K)
[2025-08-01T01:22:10.192+0000] GC(921) Pause Young (Allocation Failure) 1834M->1869M(3641M) 171.811ms
[2025-08-01T01:22:10.192+0000] GC(921) User=1.30s Sys=0.05s Real=0.17s
[2025-08-01T01:22:10.278+0000] GC(922) Pause Young (Allocation Failure)
[2025-08-01T01:22:10.369+0000] GC(922) PSYoungGen: 931840K(931840K)->231584K(931840K) Eden: 465920K(465920K)->0K(465920K) From: 465920K(465920K)->231584K(465920K)
[2025-08-01T01:22:10.369+0000] GC(922) ParOldGen: 1448106K(2796544K)->1560162K(2796544K)
[2025-08-01T01:22:10.369+0000] GC(922) Metaspace: 10058K(10240K)->10058K(10240K) NonClass: 8831K(8896K)->8831K(8896K) Class: 1226K(1344K)->1226K(1344K)
[2025-08-01T01:22:10.369+0000] GC(922) Pause Young (Allocation Failure) 2324M->1749M(3641M) 90.695ms
[2025-08-01T01:22:10.369+0000] GC(922) User=0.65s Sys=0.02s Real=0.09s
[2025-08-01T01:22:10.457+0000] GC(923) Pause Young (Allocation Failure)
[2025-08-01T01:22:10.546+0000] GC(923) PSYoungGen: 697504K(931840K)->379008K(931840K) Eden: 465920K(465920K)->0K(465920K) From: 231584K(465920K)->379008K(465920K)
[2025-08-01T01:22:10.546+0000] GC(923) ParOldGen: 1560162K(2796544K)->1691482K(2796544K)
[2025-08-01T01:22:10.546+0000] GC(923) Metaspace: 10058K(10240K)->10058K(10240K) NonClass: 8831K(8896K)->8831K(8896K) Class: 1226K(1344K)->1226K(1344K)
[2025-08-01T01:22:10.546+0000] GC(923) Pause Young (Allocation Failure) 2204M->2021M(3641M) 89.313ms
[2025-08-01T01:22:10.546+0000] GC(923) User=0.67s Sys=0.02s Real=0.09s
[2025-08-01T01:22:10.631+0000] GC(924) Pause Young (Allocation Failure)
[2025-08-01T01:22:10.774+0000] GC(924) PSYoungGen: 844928K(931840K)->465920K(931840K) Eden: 465920K(465920K)->0K(465920K) From: 379008K(465920K)->465920K(465920K)
[2025-08-01T01:22:10.774+0000] GC(924) ParOldGen: 1691482K(2796544K)->2101274K(2796544K)
[2025-08-01T01:22:10.774+0000] GC(924) Metaspace: 10058K(10240K)->10058K(10240K) NonClass: 8831K(8896K)->8831K(8896K) Class: 1226K(1344K)->1226K(1344K)
[2025-08-01T01:22:10.774+0000] GC(924) Pause Young (Allocation Failure) 2476M->2507M(3641M) 142.143ms
[2025-08-01T01:22:10.774+0000] GC(924) User=1.09s Sys=0.01s Real=0.15s
[2025-08-01T01:22:10.861+0000] GC(925) Pause Full (Ergonomics)
[2025-08-01T01:22:10.861+0000] GC(925) Marking Phase
[2025-08-01T01:22:11.006+0000] GC(925) Marking Phase 145.164ms
[2025-08-01T01:22:11.006+0000] GC(925) Summary Phase
[2025-08-01T01:22:11.006+0000] GC(925) Summary Phase 0.096ms
[2025-08-01T01:22:11.006+0000] GC(925) Adjust Roots
[2025-08-01T01:22:11.009+0000] GC(925) Adjust Roots 2.610ms
[2025-08-01T01:22:11.009+0000] GC(925) Compaction Phase
[2025-08-01T01:22:11.224+0000] GC(925) Compaction Phase 214.948ms
[2025-08-01T01:22:11.224+0000] GC(925) Post Compact
[2025-08-01T01:22:11.245+0000] GC(925) Post Compact 21.027ms
[2025-08-01T01:22:11.245+0000] GC(925) PSYoungGen: 931840K(931840K)->0K(931840K) Eden: 465920K(465920K)->0K(465920K) From: 465920K(465920K)->0K(465920K)
[2025-08-01T01:22:11.245+0000] GC(925) ParOldGen: 2101274K(2796544K)->1458720K(2796544K)
[2025-08-01T01:22:11.245+0000] GC(925) Metaspace: 10058K(10240K)->10058K(10240K) NonClass: 8831K(8896K)->8831K(8896K) Class: 1226K(1344K)->1226K(1344K)
[2025-08-01T01:22:11.245+0000] GC(925) Pause Full (Ergonomics) 2962M->1424M(3641M) 384.405ms
[2025-08-01T01:22:11.245+0000] GC(925) User=2.79s Sys=0.06s Real=0.39s
[2025-08-01T01:22:11.331+0000] GC(926) Pause Young (Allocation Failure)
[2025-08-01T01:22:11.398+0000] GC(926) PSYoungGen: 465920K(931840K)->278848K(931840K) Eden: 465920K(465920K)->0K(465920K) From: 0K(465920K)->278848K(465920K)
[2025-08-01T01:22:11.398+0000] GC(926) ParOldGen: 1458720K(2796544K)->1458720K(2796544K)
[2025-08-01T01:22:11.398+0000] GC(926) Metaspace: 10058K(10240K)->10058K(10240K) NonClass: 8831K(8896K)->8831K(8896K) Class: 1226K(1344K)->1226K(1344K)
[2025-08-01T01:22:11.398+0000] GC(926) Pause Young (Allocation Failure) 1879M->1696M(3641M) 66.100ms
[2025-08-01T01:22:11.398+0000] GC(926) User=0.45s Sys=0.03s Real=0.07s
[2025-08-01T01:22:11.485+0000] GC(927) Pause Young (Allocation Failure)
[2025-08-01T01:22:11.625+0000] GC(927) PSYoungGen: 744768K(931840K)->465920K(931840K) Eden: 465920K(465920K)->0K(465920K) From: 278848K(465920K)->465920K(465920K)
[2025-08-01T01:22:11.625+0000] GC(927) ParOldGen: 1458720K(2796544K)->1761648K(2796544K)
[2025-08-01T01:22:11.625+0000] GC(927) Metaspace: 10058K(10240K)->10058K(10240K) NonClass: 8831K(8896K)->8831K(8896K) Class: 1226K(1344K)->1226K(1344K)
[2025-08-01T01:22:11.625+0000] GC(927) Pause Young (Allocation Failure) 2151M->2175M(3641M) 140.921ms
[2025-08-01T01:22:11.625+0000] GC(927) User=1.06s Sys=0.03s Real=0.14s
[2025-08-01T01:22:11.713+0000] GC(928) Pause Young (Allocation Failure)
[2025-08-01T01:22:11.851+0000] GC(928) PSYoungGen: 931840K(931840K)->461888K(931840K) Eden: 465920K(465920K)->0K(465920K) From: 465920K(465920K)->461888K(465920K)
[2025-08-01T01:22:11.852+0000] GC(928) ParOldGen: 1761648K(2796544K)->2142120K(2796544K)
[2025-08-01T01:22:11.852+0000] GC(928) Metaspace: 10058K(10240K)->10058K(10240K) NonClass: 8831K(8896K)->8831K(8896K) Class: 1226K(1344K)->1226K(1344K)
[2025-08-01T01:22:11.852+0000] GC(928) Pause Young (Allocation Failure) 2630M->2542M(3641M) 138.835ms
[2025-08-01T01:22:11.852+0000] GC(928) User=1.05s Sys=0.03s Real=0.14s
[2025-08-01T01:22:11.938+0000] GC(929) Pause Full (Ergonomics)
[2025-08-01T01:22:11.938+0000] GC(929) Marking Phase
[2025-08-01T01:22:12.012+0000] GC(929) Marking Phase 74.323ms
[2025-08-01T01:22:12.012+0000] GC(929) Summary Phase
[2025-08-01T01:22:12.012+0000] GC(929) Summary Phase 0.102ms
[2025-08-01T01:22:12.012+0000] GC(929) Adjust Roots
[2025-08-01T01:22:12.014+0000] GC(929) Adjust Roots 1.558ms
[2025-08-01T01:22:12.014+0000] GC(929) Compaction Phase
[2025-08-01T01:22:12.224+0000] GC(929) Compaction Phase 210.161ms
[2025-08-01T01:22:12.224+0000] GC(929) Post Compact
[2025-08-01T01:22:12.245+0000] GC(929) Post Compact 20.672ms
[2025-08-01T01:22:12.245+0000] GC(929) PSYoungGen: 927808K(931840K)->0K(931840K) Eden: 465920K(465920K)->0K(465920K) From: 461888K(465920K)->0K(465920K)
[2025-08-01T01:22:12.245+0000] GC(929) ParOldGen: 2142120K(2796544K)->1468005K(2796544K)
[2025-08-01T01:22:12.245+0000] GC(929) Metaspace: 10058K(10240K)->10058K(10240K) NonClass: 8831K(8896K)->8831K(8896K) Class: 1226K(1344K)->1226K(1344K)
[2025-08-01T01:22:12.245+0000] GC(929) Pause Full (Ergonomics) 2997M->1433M(3641M) 307.309ms
[2025-08-01T01:22:12.245+0000] GC(929) User=2.21s Sys=0.01s Real=0.31s
[2025-08-01T01:22:12.331+0000] GC(930) Pause Young (Allocation Failure)
[2025-08-01T01:22:12.426+0000] GC(930) PSYoungGen: 465920K(931840K)->302784K(931840K) Eden: 465920K(465920K)->0K(465920K) From: 0K(465920K)->302784K(465920K)
[2025-08-01T01:22:12.427+0000] GC(930) ParOldGen: 1468005K(2796544K)->1468005K(2796544K)
[2025-08-01T01:22:12.427+0000] GC(930) Metaspace: 10058K(10240K)->10058K(10240K) NonClass: 8831K(8896K)->8831K(8896K) Class: 1226K(1344K)->1226K(1344K)
[2025-08-01T01:22:12.427+0000] GC(930) Pause Young (Allocation Failure) 1888M->1729M(3641M) 95.895ms
[2025-08-01T01:22:12.427+0000] GC(930) User=0.64s Sys=0.04s Real=0.10s
[2025-08-01T01:22:12.520+0000] GC(931) Pause Young (Allocation Failure)
[2025-08-01T01:22:12.641+0000] GC(931) PSYoungGen: 768704K(931840K)->465920K(931840K) Eden: 465920K(465920K)->0K(465920K) From: 302784K(465920K)->465920K(465920K)
[2025-08-01T01:22:12.641+0000] GC(931) ParOldGen: 1468005K(2796544K)->1796165K(2796544K)
[2025-08-01T01:22:12.641+0000] GC(931) Metaspace: 10058K(10240K)->10058K(10240K) NonClass: 8831K(8896K)->8831K(8896K) Class: 1226K(1344K)->1226K(1344K)
[2025-08-01T01:22:12.641+0000] GC(931) Pause Young (Allocation Failure) 2184M->2209M(3641M) 120.612ms
[2025-08-01T01:22:12.641+0000] GC(931) User=0.94s Sys=0.01s Real=0.12s
[2025-08-01T01:22:12.727+0000] GC(932) Pause Young (Allocation Failure)
[2025-08-01T01:22:12.869+0000] GC(932) PSYoungGen: 931840K(931840K)->440416K(931840K) Eden: 465920K(465920K)->0K(465920K) From: 465920K(465920K)->440416K(465920K)
[2025-08-01T01:22:12.869+0000] GC(932) ParOldGen: 1796165K(2796544K)->2180005K(2796544K)
[2025-08-01T01:22:12.869+0000] GC(932) Metaspace: 10058K(10240K)->10058K(10240K) NonClass: 8831K(8896K)->8831K(8896K) Class: 1226K(1344K)->1226K(1344K)
[2025-08-01T01:22:12.869+0000] GC(932) Pause Young (Allocation Failure) 2664M->2559M(3641M) 142.601ms
[2025-08-01T01:22:12.869+0000] GC(932) User=1.10s Sys=0.02s Real=0.14s
[2025-08-01T01:22:12.957+0000] GC(933) Pause Full (Ergonomics)
[2025-08-01T01:22:12.957+0000] GC(933) Marking Phase
[2025-08-01T01:22:13.063+0000] GC(933) Marking Phase 106.381ms
[2025-08-01T01:22:13.063+0000] GC(933) Summary Phase
[2025-08-01T01:22:13.063+0000] GC(933) Summary Phase 0.102ms
[2025-08-01T01:22:13.063+0000] GC(933) Adjust Roots
[2025-08-01T01:22:13.065+0000] GC(933) Adjust Roots 1.969ms
[2025-08-01T01:22:13.065+0000] GC(933) Compaction Phase
[2025-08-01T01:22:13.266+0000] GC(933) Compaction Phase 201.100ms
[2025-08-01T01:22:13.267+0000] GC(933) Post Compact
[2025-08-01T01:22:13.286+0000] GC(933) Post Compact 19.306ms
[2025-08-01T01:22:13.286+0000] GC(933) PSYoungGen: 906336K(931840K)->0K(931840K) Eden: 465920K(465920K)->0K(465920K) From: 440416K(465920K)->0K(465920K)
[2025-08-01T01:22:13.286+0000] GC(933) ParOldGen: 2180005K(2796544K)->1474885K(2796544K)
[2025-08-01T01:22:13.286+0000] GC(933) Metaspace: 10058K(10240K)->10058K(10240K) NonClass: 8831K(8896K)->8831K(8896K) Class: 1226K(1344K)->1226K(1344K)
[2025-08-01T01:22:13.286+0000] GC(933) Pause Full (Ergonomics) 3014M->1440M(3641M) 329.302ms
[2025-08-01T01:22:13.286+0000] GC(933) User=2.41s Sys=0.01s Real=0.33s
[2025-08-01T01:22:13.369+0000] GC(934) Pause Young (Allocation Failure)
[2025-08-01T01:22:13.434+0000] GC(934) PSYoungGen: 465920K(931840K)->336768K(931840K) Eden: 465920K(465920K)->0K(465920K) From: 0K(465920K)->336768K(465920K)
[2025-08-01T01:22:13.435+0000] GC(934) ParOldGen: 1474885K(2796544K)->1474885K(2796544K)
[2025-08-01T01:22:13.435+0000] GC(934) Metaspace: 10058K(10240K)->10058K(10240K) NonClass: 8831K(8896K)->8831K(8896K) Class: 1226K(1344K)->1226K(1344K)
[2025-08-01T01:22:13.435+0000] GC(934) Pause Young (Allocation Failure) 1895M->1769M(3641M) 65.520ms
[2025-08-01T01:22:13.435+0000] GC(934) User=0.48s Sys=0.01s Real=0.07s
[2025-08-01T01:22:13.525+0000] GC(935) Pause Young (Allocation Failure)
[2025-08-01T01:22:13.713+0000] GC(935) PSYoungGen: 802688K(931840K)->465920K(931840K) Eden: 465920K(465920K)->0K(465920K) From: 336768K(465920K)->465920K(465920K)
[2025-08-01T01:22:13.713+0000] GC(935) ParOldGen: 1474885K(2796544K)->1839389K(2796544K)
[2025-08-01T01:22:13.713+0000] GC(935) Metaspace: 10058K(10240K)->10058K(10240K) NonClass: 8831K(8896K)->8831K(8896K) Class: 1226K(1344K)->1226K(1344K)
[2025-08-01T01:22:13.713+0000] GC(935) Pause Young (Allocation Failure) 2224M->2251M(3641M) 188.433ms
[2025-08-01T01:22:13.713+0000] GC(935) User=1.44s Sys=0.04s Real=0.19s
[2025-08-01T01:22:13.802+0000] GC(936) Pause Young (Allocation Failure)
[2025-08-01T01:22:13.990+0000] GC(936) PSYoungGen: 931840K(931840K)->413408K(931840K) Eden: 465920K(465920K)->0K(465920K) From: 465920K(465920K)->413408K(465920K)
[2025-08-01T01:22:13.990+0000] GC(936) ParOldGen: 1839389K(2796544K)->2231413K(2796544K)
[2025-08-01T01:22:13.990+0000] GC(936) Metaspace: 10058K(10240K)->10058K(10240K) NonClass: 8831K(8896K)->8831K(8896K) Class: 1226K(1344K)->1226K(1344K)
[2025-08-01T01:22:13.990+0000] GC(936) Pause Young (Allocation Failure) 2706M->2582M(3641M) 187.425ms
[2025-08-01T01:22:13.990+0000] GC(936) User=1.44s Sys=0.04s Real=0.19s
[2025-08-01T01:22:14.079+0000] GC(937) Pause Full (Ergonomics)
[2025-08-01T01:22:14.079+0000] GC(937) Marking Phase
[2025-08-01T01:22:14.171+0000] GC(937) Marking Phase 92.074ms
[2025-08-01T01:22:14.171+0000] GC(937) Summary Phase
[2025-08-01T01:22:14.171+0000] GC(937) Summary Phase 0.103ms
[2025-08-01T01:22:14.171+0000] GC(937) Adjust Roots
[2025-08-01T01:22:14.174+0000] GC(937) Adjust Roots 3.024ms
[2025-08-01T01:22:14.174+0000] GC(937) Compaction Phase
[2025-08-01T01:22:14.378+0000] GC(937) Compaction Phase 203.668ms
[2025-08-01T01:22:14.378+0000] GC(937) Post Compact
[2025-08-01T01:22:14.398+0000] GC(937) Post Compact 20.021ms
[2025-08-01T01:22:14.398+0000] GC(937) PSYoungGen: 879328K(931840K)->0K(931840K) Eden: 465920K(465920K)->0K(465920K) From: 413408K(465920K)->0K(465920K)
[2025-08-01T01:22:14.398+0000] GC(937) ParOldGen: 2231413K(2796544K)->1485985K(2796544K)
[2025-08-01T01:22:14.398+0000] GC(937) Metaspace: 10058K(10240K)->10058K(10240K) NonClass: 8831K(8896K)->8831K(8896K) Class: 1226K(1344K)->1226K(1344K)
[2025-08-01T01:22:14.398+0000] GC(937) Pause Full (Ergonomics) 3037M->1451M(3641M) 319.258ms
[2025-08-01T01:22:14.398+0000] GC(937) User=2.33s Sys=0.00s Real=0.32s
[2025-08-01T01:22:14.485+0000] GC(938) Pause Young (Allocation Failure)
[2025-08-01T01:22:14.551+0000] GC(938) PSYoungGen: 465920K(931840K)->367424K(931840K) Eden: 465920K(465920K)->0K(465920K) From: 0K(465920K)->367424K(465920K)
[2025-08-01T01:22:14.551+0000] GC(938) ParOldGen: 1485985K(2796544K)->1485985K(2796544K)
[2025-08-01T01:22:14.551+0000] GC(938) Metaspace: 10058K(10240K)->10058K(10240K) NonClass: 8831K(8896K)->8831K(8896K) Class: 1226K(1344K)->1226K(1344K)
[2025-08-01T01:22:14.551+0000] GC(938) Pause Young (Allocation Failure) 1906M->1809M(3641M) 66.289ms
[2025-08-01T01:22:14.551+0000] GC(938) User=0.47s Sys=0.03s Real=0.06s
[2025-08-01T01:22:14.636+0000] GC(939) Pause Young (Allocation Failure)
[2025-08-01T01:22:14.775+0000] GC(939) PSYoungGen: 833344K(931840K)->465920K(931840K) Eden: 465920K(465920K)->0K(465920K) From: 367424K(465920K)->465920K(465920K)
[2025-08-01T01:22:14.775+0000] GC(939) ParOldGen: 1485985K(2796544K)->1883401K(2796544K)
[2025-08-01T01:22:14.775+0000] GC(939) Metaspace: 10058K(10240K)->10058K(10240K) NonClass: 8831K(8896K)->8831K(8896K) Class: 1226K(1344K)->1226K(1344K)
[2025-08-01T01:22:14.775+0000] GC(939) Pause Young (Allocation Failure) 2264M->2294M(3641M) 138.439ms
[2025-08-01T01:22:14.775+0000] GC(939) User=1.08s Sys=0.01s Real=0.14s
[2025-08-01T01:22:14.869+0000] GC(940) Pause Young (Allocation Failure)
[2025-08-01T01:22:15.056+0000] GC(940) PSYoungGen: 931840K(931840K)->398048K(931840K) Eden: 465920K(465920K)->0K(465920K) From: 465920K(465920K)->398048K(465920K)
[2025-08-01T01:22:15.056+0000] GC(940) ParOldGen: 1883401K(2796544K)->2266793K(2796544K)
[2025-08-01T01:22:15.056+0000] GC(940) Metaspace: 10058K(10240K)->10058K(10240K) NonClass: 8831K(8896K)->8831K(8896K) Class: 1226K(1344K)->1226K(1344K)
[2025-08-01T01:22:15.056+0000] GC(940) Pause Young (Allocation Failure) 2749M->2602M(3641M) 187.018ms
[2025-08-01T01:22:15.056+0000] GC(940) User=1.43s Sys=0.04s Real=0.19s
[2025-08-01T01:22:15.145+0000] GC(941) Pause Full (Ergonomics)
[2025-08-01T01:22:15.145+0000] GC(941) Marking Phase
[2025-08-01T01:22:15.293+0000] GC(941) Marking Phase 148.366ms
[2025-08-01T01:22:15.293+0000] GC(941) Summary Phase
[2025-08-01T01:22:15.293+0000] GC(941) Summary Phase 0.155ms
[2025-08-01T01:22:15.293+0000] GC(941) Adjust Roots
[2025-08-01T01:22:15.296+0000] GC(941) Adjust Roots 2.784ms
[2025-08-01T01:22:15.296+0000] GC(941) Compaction Phase
[2025-08-01T01:22:15.511+0000] GC(941) Compaction Phase 214.476ms
[2025-08-01T01:22:15.511+0000] GC(941) Post Compact
[2025-08-01T01:22:15.532+0000] GC(941) Post Compact 21.243ms
[2025-08-01T01:22:15.532+0000] GC(941) PSYoungGen: 863968K(931840K)->0K(931840K) Eden: 465920K(465920K)->0K(465920K) From: 398048K(465920K)->0K(465920K)
[2025-08-01T01:22:15.532+0000] GC(941) ParOldGen: 2266793K(2796544K)->1495299K(2796544K)
[2025-08-01T01:22:15.532+0000] GC(941) Metaspace: 10058K(10240K)->10058K(10240K) NonClass: 8831K(8896K)->8831K(8896K) Class: 1226K(1344K)->1226K(1344K)
[2025-08-01T01:22:15.532+0000] GC(941) Pause Full (Ergonomics) 3057M->1460M(3641M) 387.455ms
[2025-08-01T01:22:15.532+0000] GC(941) User=2.83s Sys=0.03s Real=0.38s
[2025-08-01T01:22:15.623+0000] GC(942) Pause Young (Allocation Failure)
[2025-08-01T01:22:15.714+0000] GC(942) PSYoungGen: 465920K(931840K)->400384K(931840K) Eden: 465920K(465920K)->0K(465920K) From: 0K(465920K)->400384K(465920K)
[2025-08-01T01:22:15.714+0000] GC(942) ParOldGen: 1495299K(2796544K)->1495299K(2796544K)
[2025-08-01T01:22:15.714+0000] GC(942) Metaspace: 10058K(10240K)->10058K(10240K) NonClass: 8831K(8896K)->8831K(8896K) Class: 1226K(1344K)->1226K(1344K)
[2025-08-01T01:22:15.714+0000] GC(942) Pause Young (Allocation Failure) 1915M->1851M(3641M) 91.499ms
[2025-08-01T01:22:15.715+0000] GC(942) User=0.69s Sys=0.02s Real=0.09s
[2025-08-01T01:22:15.800+0000] GC(943) Pause Young (Allocation Failure)
[2025-08-01T01:22:15.945+0000] GC(943) PSYoungGen: 866304K(931840K)->465920K(931840K) Eden: 465920K(465920K)->0K(465920K) From: 400384K(465920K)->465920K(465920K)
[2025-08-01T01:22:15.945+0000] GC(943) ParOldGen: 1495299K(2796544K)->1928491K(2796544K)
[2025-08-01T01:22:15.945+0000] GC(943) Metaspace: 10058K(10240K)->10058K(10240K) NonClass: 8831K(8896K)->8831K(8896K) Class: 1226K(1344K)->1226K(1344K)
[2025-08-01T01:22:15.945+0000] GC(943) Pause Young (Allocation Failure) 2306M->2338M(3641M) 145.563ms
[2025-08-01T01:22:15.946+0000] GC(943) User=1.13s Sys=0.02s Real=0.15s
[2025-08-01T01:22:16.034+0000] GC(944) Pause Young (Allocation Failure)
[2025-08-01T01:22:16.207+0000] GC(944) PSYoungGen: 931840K(931840K)->378880K(931840K) Eden: 465920K(465920K)->0K(465920K) From: 465920K(465920K)->378880K(465920K)
[2025-08-01T01:22:16.207+0000] GC(944) ParOldGen: 1928491K(2796544K)->2315099K(2796544K)
[2025-08-01T01:22:16.207+0000] GC(944) Metaspace: 10058K(10240K)->10058K(10240K) NonClass: 8831K(8896K)->8831K(8896K) Class: 1226K(1344K)->1226K(1344K)
[2025-08-01T01:22:16.207+0000] GC(944) Pause Young (Allocation Failure) 2793M->2630M(3641M) 173.640ms
[2025-08-01T01:22:16.207+0000] GC(944) User=1.34s Sys=0.03s Real=0.17s
[2025-08-01T01:22:16.293+0000] GC(945) Pause Full (Ergonomics)
[2025-08-01T01:22:16.293+0000] GC(945) Marking Phase
[2025-08-01T01:22:16.373+0000] GC(945) Marking Phase 80.024ms
[2025-08-01T01:22:16.373+0000] GC(945) Summary Phase
[2025-08-01T01:22:16.373+0000] GC(945) Summary Phase 0.119ms
[2025-08-01T01:22:16.373+0000] GC(945) Adjust Roots
[2025-08-01T01:22:16.376+0000] GC(945) Adjust Roots 2.779ms
[2025-08-01T01:22:16.376+0000] GC(945) Compaction Phase
[2025-08-01T01:22:16.524+0000] GC(945) Compaction Phase 147.964ms
[2025-08-01T01:22:16.524+0000] GC(945) Post Compact
[2025-08-01T01:22:16.546+0000] GC(945) Post Compact 21.960ms
[2025-08-01T01:22:16.546+0000] GC(945) PSYoungGen: 844800K(931840K)->0K(931840K) Eden: 465920K(465920K)->0K(465920K) From: 378880K(465920K)->0K(465920K)
[2025-08-01T01:22:16.546+0000] GC(945) ParOldGen: 2315099K(2796544K)->1041101K(2796544K)
[2025-08-01T01:22:16.546+0000] GC(945) Metaspace: 10058K(10240K)->10058K(10240K) NonClass: 8831K(8896K)->8831K(8896K) Class: 1226K(1344K)->1226K(1344K)
[2025-08-01T01:22:16.546+0000] GC(945) Pause Full (Ergonomics) 3085M->1016M(3641M) 253.288ms
[2025-08-01T01:22:16.546+0000] GC(945) User=1.76s Sys=0.03s Real=0.25s
[2025-08-01T01:22:16.632+0000] GC(946) Pause Young (Allocation Failure)
[2025-08-01T01:22:16.711+0000] GC(946) PSYoungGen: 465920K(931840K)->415488K(931840K) Eden: 465920K(465920K)->0K(465920K) From: 0K(465920K)->415488K(465920K)
[2025-08-01T01:22:16.711+0000] GC(946) ParOldGen: 1041101K(2796544K)->1041101K(2796544K)
[2025-08-01T01:22:16.711+0000] GC(946) Metaspace: 10058K(10240K)->10058K(10240K) NonClass: 8831K(8896K)->8831K(8896K) Class: 1226K(1344K)->1226K(1344K)
[2025-08-01T01:22:16.711+0000] GC(946) Pause Young (Allocation Failure) 1471M->1422M(3641M) 78.629ms
[2025-08-01T01:22:16.711+0000] GC(946) User=0.58s Sys=0.01s Real=0.08s
[2025-08-01T01:22:16.797+0000] GC(947) Pause Young (Allocation Failure)
[2025-08-01T01:22:17.016+0000] GC(947) PSYoungGen: 881408K(931840K)->465920K(931840K) Eden: 465920K(465920K)->0K(465920K) From: 415488K(465920K)->465920K(465920K)
[2025-08-01T01:22:17.016+0000] GC(947) ParOldGen: 1041101K(2796544K)->1490277K(2796544K)
[2025-08-01T01:22:17.016+0000] GC(947) Metaspace: 10058K(10240K)->10058K(10240K) NonClass: 8831K(8896K)->8831K(8896K) Class: 1226K(1344K)->1226K(1344K)
[2025-08-01T01:22:17.016+0000] GC(947) Pause Young (Allocation Failure) 1877M->1910M(3641M) 219.039ms
[2025-08-01T01:22:17.016+0000] GC(947) User=1.67s Sys=0.05s Real=0.22s
[2025-08-01T01:22:17.100+0000] GC(948) Pause Young (Allocation Failure)
[2025-08-01T01:22:17.280+0000] GC(948) PSYoungGen: 931840K(931840K)->363680K(931840K) Eden: 465920K(465920K)->0K(465920K) From: 465920K(465920K)->363680K(465920K)
[2025-08-01T01:22:17.280+0000] GC(948) ParOldGen: 1490277K(2796544K)->1860149K(2796544K)
[2025-08-01T01:22:17.280+0000] GC(948) Metaspace: 10058K(10240K)->10058K(10240K) NonClass: 8831K(8896K)->8831K(8896K) Class: 1226K(1344K)->1226K(1344K)
[2025-08-01T01:22:17.280+0000] GC(948) Pause Young (Allocation Failure) 2365M->2171M(3641M) 179.468ms
[2025-08-01T01:22:17.280+0000] GC(948) User=1.36s Sys=0.05s Real=0.18s
[2025-08-01T01:22:17.364+0000] GC(949) Pause Young (Allocation Failure)
[2025-08-01T01:22:17.468+0000] GC(949) PSYoungGen: 829600K(931840K)->377728K(931840K) Eden: 465920K(465920K)->0K(465920K) From: 363680K(465920K)->377728K(465920K)
[2025-08-01T01:22:17.468+0000] GC(949) ParOldGen: 1860149K(2796544K)->2116197K(2796544K)
[2025-08-01T01:22:17.468+0000] GC(949) Metaspace: 10058K(10240K)->10058K(10240K) NonClass: 8831K(8896K)->8831K(8896K) Class: 1226K(1344K)->1226K(1344K)
[2025-08-01T01:22:17.468+0000] GC(949) Pause Young (Allocation Failure) 2626M->2435M(3641M) 104.258ms
[2025-08-01T01:22:17.468+0000] GC(949) User=0.80s Sys=0.01s Real=0.10s
[2025-08-01T01:22:17.553+0000] GC(950) Pause Young (Allocation Failure)
[2025-08-01T01:22:17.645+0000] GC(950) PSYoungGen: 843648K(931840K)->426336K(931840K) Eden: 465920K(465920K)->0K(465920K) From: 377728K(465920K)->426336K(465920K)
[2025-08-01T01:22:17.645+0000] GC(950) ParOldGen: 2116197K(2796544K)->2256661K(2796544K)
[2025-08-01T01:22:17.645+0000] GC(950) Metaspace: 10058K(10240K)->10058K(10240K) NonClass: 8831K(8896K)->8831K(8896K) Class: 1226K(1344K)->1226K(1344K)
[2025-08-01T01:22:17.645+0000] GC(950) Pause Young (Allocation Failure) 2890M->2620M(3641M) 91.903ms
[2025-08-01T01:22:17.645+0000] GC(950) User=0.66s Sys=0.02s Real=0.09s
[2025-08-01T01:22:17.733+0000] GC(951) Pause Full (Ergonomics)
[2025-08-01T01:22:17.733+0000] GC(951) Marking Phase
[2025-08-01T01:22:17.798+0000] GC(951) Marking Phase 64.847ms
[2025-08-01T01:22:17.798+0000] GC(951) Summary Phase
[2025-08-01T01:22:17.798+0000] GC(951) Summary Phase 0.092ms
[2025-08-01T01:22:17.798+0000] GC(951) Adjust Roots
[2025-08-01T01:22:17.800+0000] GC(951) Adjust Roots 2.048ms
[2025-08-01T01:22:17.800+0000] GC(951) Compaction Phase
[2025-08-01T01:22:17.948+0000] GC(951) Compaction Phase 147.864ms
[2025-08-01T01:22:17.948+0000] GC(951) Post Compact
[2025-08-01T01:22:17.969+0000] GC(951) Post Compact 20.625ms
[2025-08-01T01:22:17.969+0000] GC(951) PSYoungGen: 892256K(931840K)->0K(931840K) Eden: 465920K(465920K)->0K(465920K) From: 426336K(465920K)->0K(465920K)
[2025-08-01T01:22:17.969+0000] GC(951) ParOldGen: 2256661K(2796544K)->1052135K(2796544K)
[2025-08-01T01:22:17.969+0000] GC(951) Metaspace: 10058K(10240K)->10058K(10240K) NonClass: 8831K(8896K)->8831K(8896K) Class: 1226K(1344K)->1226K(1344K)
[2025-08-01T01:22:17.969+0000] GC(951) Pause Full (Ergonomics) 3075M->1027M(3641M) 235.878ms
[2025-08-01T01:22:17.969+0000] GC(951) User=1.67s Sys=0.01s Real=0.23s
[2025-08-01T01:22:18.055+0000] GC(952) Pause Young (Allocation Failure)
[2025-08-01T01:22:18.167+0000] GC(952) PSYoungGen: 465920K(931840K)->367808K(931840K) Eden: 465920K(465920K)->0K(465920K) From: 0K(465920K)->367808K(465920K)
[2025-08-01T01:22:18.167+0000] GC(952) ParOldGen: 1052135K(2796544K)->1052135K(2796544K)
[2025-08-01T01:22:18.167+0000] GC(952) Metaspace: 10058K(10240K)->10058K(10240K) NonClass: 8831K(8896K)->8831K(8896K) Class: 1226K(1344K)->1226K(1344K)
[2025-08-01T01:22:18.167+0000] GC(952) Pause Young (Allocation Failure) 1482M->1386M(3641M) 111.291ms
[2025-08-01T01:22:18.167+0000] GC(952) User=0.82s Sys=0.05s Real=0.11s
[2025-08-01T01:22:18.256+0000] GC(953) Pause Young (Allocation Failure)
[2025-08-01T01:22:18.427+0000] GC(953) PSYoungGen: 833728K(931840K)->372160K(931840K) Eden: 465920K(465920K)->0K(465920K) From: 367808K(465920K)->372160K(465920K)
[2025-08-01T01:22:18.427+0000] GC(953) ParOldGen: 1052135K(2796544K)->1321375K(2796544K)
[2025-08-01T01:22:18.427+0000] GC(953) Metaspace: 10058K(10240K)->10058K(10240K) NonClass: 8831K(8896K)->8831K(8896K) Class: 1226K(1344K)->1226K(1344K)
[2025-08-01T01:22:18.427+0000] GC(953) Pause Young (Allocation Failure) 1841M->1653M(3641M) 171.103ms
[2025-08-01T01:22:18.427+0000] GC(953) User=1.29s Sys=0.04s Real=0.17s
[2025-08-01T01:22:18.512+0000] GC(954) Pause Young (Allocation Failure)
[2025-08-01T01:22:18.674+0000] GC(954) PSYoungGen: 838080K(931840K)->435808K(931840K) Eden: 465920K(465920K)->0K(465920K) From: 372160K(465920K)->435808K(465920K)
[2025-08-01T01:22:18.674+0000] GC(954) ParOldGen: 1321375K(2796544K)->1462031K(2796544K)
[2025-08-01T01:22:18.674+0000] GC(954) Metaspace: 10058K(10240K)->10058K(10240K) NonClass: 8831K(8896K)->8831K(8896K) Class: 1226K(1344K)->1226K(1344K)
[2025-08-01T01:22:18.675+0000] GC(954) Pause Young (Allocation Failure) 2108M->1853M(3641M) 162.195ms
[2025-08-01T01:22:18.675+0000] GC(954) User=1.20s Sys=0.05s Real=0.17s
[2025-08-01T01:22:18.762+0000] GC(955) Pause Young (Allocation Failure)
[2025-08-01T01:22:18.892+0000] GC(955) PSYoungGen: 901728K(931840K)->465920K(931840K) Eden: 465920K(465920K)->0K(465920K) From: 435808K(465920K)->465920K(465920K)
[2025-08-01T01:22:18.892+0000] GC(955) ParOldGen: 1462031K(2796544K)->1930623K(2796544K)
[2025-08-01T01:22:18.892+0000] GC(955) Metaspace: 10058K(10240K)->10058K(10240K) NonClass: 8831K(8896K)->8831K(8896K) Class: 1226K(1344K)->1226K(1344K)
[2025-08-01T01:22:18.892+0000] GC(955) Pause Young (Allocation Failure) 2308M->2340M(3641M) 129.734ms
[2025-08-01T01:22:18.892+0000] GC(955) User=1.02s Sys=0.00s Real=0.13s
[2025-08-01T01:22:18.978+0000] GC(956) Pause Young (Allocation Failure)
[2025-08-01T01:22:19.149+0000] GC(956) PSYoungGen: 931840K(931840K)->363488K(931840K) Eden: 465920K(465920K)->0K(465920K) From: 465920K(465920K)->363488K(465920K)
[2025-08-01T01:22:19.149+0000] GC(956) ParOldGen: 1930623K(2796544K)->2305567K(2796544K)
[2025-08-01T01:22:19.149+0000] GC(956) Metaspace: 10058K(10240K)->10058K(10240K) NonClass: 8831K(8896K)->8831K(8896K) Class: 1226K(1344K)->1226K(1344K)
[2025-08-01T01:22:19.149+0000] GC(956) Pause Young (Allocation Failure) 2795M->2606M(3641M) 171.210ms
[2025-08-01T01:22:19.150+0000] GC(956) User=1.30s Sys=0.05s Real=0.17s
[2025-08-01T01:22:19.233+0000] GC(957) Pause Full (Ergonomics)
[2025-08-01T01:22:19.233+0000] GC(957) Marking Phase
[2025-08-01T01:22:19.331+0000] GC(957) Marking Phase 97.546ms
[2025-08-01T01:22:19.331+0000] GC(957) Summary Phase
[2025-08-01T01:22:19.331+0000] GC(957) Summary Phase 0.146ms
[2025-08-01T01:22:19.331+0000] GC(957) Adjust Roots
[2025-08-01T01:22:19.333+0000] GC(957) Adjust Roots 1.862ms
[2025-08-01T01:22:19.333+0000] GC(957) Compaction Phase
[2025-08-01T01:22:19.511+0000] GC(957) Compaction Phase 178.138ms
[2025-08-01T01:22:19.511+0000] GC(957) Post Compact
[2025-08-01T01:22:19.533+0000] GC(957) Post Compact 21.984ms
[2025-08-01T01:22:19.533+0000] GC(957) PSYoungGen: 829408K(931840K)->0K(931840K) Eden: 465920K(465920K)->0K(465920K) From: 363488K(465920K)->0K(465920K)
[2025-08-01T01:22:19.533+0000] GC(957) ParOldGen: 2305567K(2796544K)->1063775K(2796544K)
[2025-08-01T01:22:19.533+0000] GC(957) Metaspace: 10058K(10240K)->10058K(10240K) NonClass: 8831K(8896K)->8831K(8896K) Class: 1226K(1344K)->1226K(1344K)
[2025-08-01T01:22:19.533+0000] GC(957) Pause Full (Ergonomics) 3061M->1038M(3641M) 300.134ms
[2025-08-01T01:22:19.533+0000] GC(957) User=2.15s Sys=0.02s Real=0.30s
[2025-08-01T01:22:19.619+0000] GC(958) Pause Young (Allocation Failure)
[2025-08-01T01:22:19.702+0000] GC(958) PSYoungGen: 465920K(931840K)->441536K(931840K) Eden: 465920K(465920K)->0K(465920K) From: 0K(465920K)->441536K(465920K)
[2025-08-01T01:22:19.702+0000] GC(958) ParOldGen: 1063775K(2796544K)->1063775K(2796544K)
[2025-08-01T01:22:19.702+0000] GC(958) Metaspace: 10058K(10240K)->10058K(10240K) NonClass: 8831K(8896K)->8831K(8896K) Class: 1226K(1344K)->1226K(1344K)
[2025-08-01T01:22:19.702+0000] GC(958) Pause Young (Allocation Failure) 1493M->1470M(3641M) 82.269ms
[2025-08-01T01:22:19.702+0000] GC(958) User=0.60s Sys=0.02s Real=0.08s
[2025-08-01T01:22:19.787+0000] GC(959) Pause Young (Allocation Failure)
[2025-08-01T01:22:19.968+0000] GC(959) PSYoungGen: 907456K(931840K)->465920K(931840K) Eden: 465920K(465920K)->0K(465920K) From: 441536K(465920K)->465920K(465920K)
[2025-08-01T01:22:19.968+0000] GC(959) ParOldGen: 1063775K(2796544K)->1537407K(2796544K)
[2025-08-01T01:22:19.968+0000] GC(959) Metaspace: 10058K(10240K)->10058K(10240K) NonClass: 8831K(8896K)->8831K(8896K) Class: 1226K(1344K)->1226K(1344K)
[2025-08-01T01:22:19.968+0000] GC(959) Pause Young (Allocation Failure) 1925M->1956M(3641M) 180.888ms
[2025-08-01T01:22:19.968+0000] GC(959) User=1.38s Sys=0.03s Real=0.18s
[2025-08-01T01:22:20.054+0000] GC(960) Pause Young (Allocation Failure)
[2025-08-01T01:22:20.203+0000] GC(960) PSYoungGen: 931840K(931840K)->355808K(931840K) Eden: 465920K(465920K)->0K(465920K) From: 465920K(465920K)->355808K(465920K)
[2025-08-01T01:22:20.203+0000] GC(960) ParOldGen: 1537407K(2796544K)->1910759K(2796544K)
[2025-08-01T01:22:20.203+0000] GC(960) Metaspace: 10058K(10240K)->10058K(10240K) NonClass: 8831K(8896K)->8831K(8896K) Class: 1226K(1344K)->1226K(1344K)
[2025-08-01T01:22:20.203+0000] GC(960) Pause Young (Allocation Failure) 2411M->2213M(3641M) 148.704ms
[2025-08-01T01:22:20.203+0000] GC(960) User=1.10s Sys=0.05s Real=0.14s
[2025-08-01T01:22:20.286+0000] GC(961) Pause Young (Allocation Failure)
[2025-08-01T01:22:20.403+0000] GC(961) PSYoungGen: 821728K(931840K)->380096K(931840K) Eden: 465920K(465920K)->0K(465920K) From: 355808K(465920K)->380096K(465920K)
[2025-08-01T01:22:20.403+0000] GC(961) ParOldGen: 1910759K(2796544K)->2180223K(2796544K)
[2025-08-01T01:22:20.403+0000] GC(961) Metaspace: 10058K(10240K)->10058K(10240K) NonClass: 8831K(8896K)->8831K(8896K) Class: 1226K(1344K)->1226K(1344K)
[2025-08-01T01:22:20.403+0000] GC(961) Pause Young (Allocation Failure) 2668M->2500M(3641M) 116.260ms
[2025-08-01T01:22:20.403+0000] GC(961) User=0.89s Sys=0.02s Real=0.11s
[2025-08-01T01:22:20.488+0000] GC(962) Pause Young (Allocation Failure)
[2025-08-01T01:22:20.623+0000] GC(962) PSYoungGen: 846016K(931840K)->436384K(931840K) Eden: 465920K(465920K)->0K(465920K) From: 380096K(465920K)->436384K(465920K)
[2025-08-01T01:22:20.623+0000] GC(962) ParOldGen: 2180223K(2796544K)->2333999K(2796544K)
[2025-08-01T01:22:20.623+0000] GC(962) Metaspace: 10058K(10240K)->10058K(10240K) NonClass: 8831K(8896K)->8831K(8896K) Class: 1226K(1344K)->1226K(1344K)
[2025-08-01T01:22:20.623+0000] GC(962) Pause Young (Allocation Failure) 2955M->2705M(3641M) 135.149ms
[2025-08-01T01:22:20.623+0000] GC(962) User=1.02s Sys=0.03s Real=0.13s
[2025-08-01T01:22:20.708+0000] GC(963) Pause Full (Ergonomics)
[2025-08-01T01:22:20.708+0000] GC(963) Marking Phase
[2025-08-01T01:22:20.774+0000] GC(963) Marking Phase 65.538ms
[2025-08-01T01:22:20.774+0000] GC(963) Summary Phase
[2025-08-01T01:22:20.774+0000] GC(963) Summary Phase 0.076ms
[2025-08-01T01:22:20.774+0000] GC(963) Adjust Roots
[2025-08-01T01:22:20.775+0000] GC(963) Adjust Roots 1.286ms
[2025-08-01T01:22:20.775+0000] GC(963) Compaction Phase
[2025-08-01T01:22:20.923+0000] GC(963) Compaction Phase 148.374ms
[2025-08-01T01:22:20.923+0000] GC(963) Post Compact
[2025-08-01T01:22:20.944+0000] GC(963) Post Compact 20.462ms
[2025-08-01T01:22:20.944+0000] GC(963) PSYoungGen: 902304K(931840K)->0K(931840K) Eden: 465920K(465920K)->0K(465920K) From: 436384K(465920K)->0K(465920K)
[2025-08-01T01:22:20.944+0000] GC(963) ParOldGen: 2333999K(2796544K)->1074568K(2796544K)
[2025-08-01T01:22:20.944+0000] GC(963) Metaspace: 10058K(10240K)->10058K(10240K) NonClass: 8831K(8896K)->8831K(8896K) Class: 1226K(1344K)->1226K(1344K)
[2025-08-01T01:22:20.944+0000] GC(963) Pause Full (Ergonomics) 3160M->1049M(3641M) 236.145ms
[2025-08-01T01:22:20.944+0000] GC(963) User=1.64s Sys=0.03s Real=0.24s
[2025-08-01T01:22:21.029+0000] GC(964) Pause Young (Allocation Failure)
[2025-08-01T01:22:21.089+0000] GC(964) PSYoungGen: 465920K(931840K)->357568K(931840K) Eden: 465920K(465920K)->0K(465920K) From: 0K(465920K)->357568K(465920K)
[2025-08-01T01:22:21.089+0000] GC(964) ParOldGen: 1074568K(2796544K)->1074568K(2796544K)
[2025-08-01T01:22:21.089+0000] GC(964) Metaspace: 10058K(10240K)->10058K(10240K) NonClass: 8831K(8896K)->8831K(8896K) Class: 1226K(1344K)->1226K(1344K)
[2025-08-01T01:22:21.089+0000] GC(964) Pause Young (Allocation Failure) 1504M->1398M(3641M) 60.024ms
[2025-08-01T01:22:21.089+0000] GC(964) User=0.43s Sys=0.01s Real=0.06s
[2025-08-01T01:22:21.174+0000] GC(965) Pause Young (Allocation Failure)
[2025-08-01T01:22:21.286+0000] GC(965) PSYoungGen: 823488K(931840K)->278784K(931840K) Eden: 465920K(465920K)->0K(465920K) From: 357568K(465920K)->278784K(465920K)
[2025-08-01T01:22:21.286+0000] GC(965) ParOldGen: 1074568K(2796544K)->1201528K(2796544K)
[2025-08-01T01:22:21.286+0000] GC(965) Metaspace: 10058K(10240K)->10058K(10240K) NonClass: 8831K(8896K)->8831K(8896K) Class: 1226K(1344K)->1226K(1344K)
[2025-08-01T01:22:21.286+0000] GC(965) Pause Young (Allocation Failure) 1853M->1445M(3641M) 112.445ms
[2025-08-01T01:22:21.286+0000] GC(965) User=0.83s Sys=0.05s Real=0.11s
[2025-08-01T01:22:21.377+0000] GC(966) Pause Young (Allocation Failure)
[2025-08-01T01:22:21.528+0000] GC(966) PSYoungGen: 744704K(931840K)->422144K(931840K) Eden: 465920K(465920K)->0K(465920K) From: 278784K(465920K)->422144K(465920K)
[2025-08-01T01:22:21.528+0000] GC(966) ParOldGen: 1201528K(2796544K)->1377560K(2796544K)
[2025-08-01T01:22:21.528+0000] GC(966) Metaspace: 10058K(10240K)->10058K(10240K) NonClass: 8831K(8896K)->8831K(8896K) Class: 1226K(1344K)->1226K(1344K)
[2025-08-01T01:22:21.528+0000] GC(966) Pause Young (Allocation Failure) 1900M->1757M(3641M) 151.596ms
[2025-08-01T01:22:21.529+0000] GC(966) User=1.16s Sys=0.02s Real=0.15s
[2025-08-01T01:22:21.619+0000] GC(967) Pause Young (Allocation Failure)
[2025-08-01T01:22:21.815+0000] GC(967) PSYoungGen: 888064K(931840K)->465920K(931840K) Eden: 465920K(465920K)->0K(465920K) From: 422144K(465920K)->465920K(465920K)
[2025-08-01T01:22:21.815+0000] GC(967) ParOldGen: 1377560K(2796544K)->1833312K(2796544K)
[2025-08-01T01:22:21.815+0000] GC(967) Metaspace: 10058K(10240K)->10058K(10240K) NonClass: 8831K(8896K)->8831K(8896K) Class: 1226K(1344K)->1226K(1344K)
[2025-08-01T01:22:21.815+0000] GC(967) Pause Young (Allocation Failure) 2212M->2245M(3641M) 196.467ms
[2025-08-01T01:22:21.815+0000] GC(967) User=1.47s Sys=0.04s Real=0.20s
[2025-08-01T01:22:21.900+0000] GC(968) Pause Young (Allocation Failure)
[2025-08-01T01:22:22.098+0000] GC(968) PSYoungGen: 931840K(931840K)->465920K(931840K) Eden: 465920K(465920K)->0K(465920K) From: 465920K(465920K)->465920K(465920K)
[2025-08-01T01:22:22.098+0000] GC(968) ParOldGen: 1833312K(2796544K)->2335992K(2796544K)
[2025-08-01T01:22:22.098+0000] GC(968) Metaspace: 10058K(10240K)->10058K(10240K) NonClass: 8831K(8896K)->8831K(8896K) Class: 1226K(1344K)->1226K(1344K)
[2025-08-01T01:22:22.098+0000] GC(968) Pause Young (Allocation Failure) 2700M->2736M(3641M) 197.635ms
[2025-08-01T01:22:22.098+0000] GC(968) User=1.51s Sys=0.03s Real=0.20s
[2025-08-01T01:22:22.182+0000] GC(969) Pause Full (Ergonomics)
[2025-08-01T01:22:22.182+0000] GC(969) Marking Phase
[2025-08-01T01:22:22.244+0000] GC(969) Marking Phase 62.549ms
[2025-08-01T01:22:22.245+0000] GC(969) Summary Phase
[2025-08-01T01:22:22.245+0000] GC(969) Summary Phase 0.099ms
[2025-08-01T01:22:22.245+0000] GC(969) Adjust Roots
[2025-08-01T01:22:22.246+0000] GC(969) Adjust Roots 1.834ms
[2025-08-01T01:22:22.247+0000] GC(969) Compaction Phase
[2025-08-01T01:22:22.345+0000] GC(969) Compaction Phase 98.820ms
[2025-08-01T01:22:22.345+0000] GC(969) Post Compact
[2025-08-01T01:22:22.368+0000] GC(969) Post Compact 22.240ms
[2025-08-01T01:22:22.368+0000] GC(969) PSYoungGen: 931840K(931840K)->0K(931840K) Eden: 465920K(465920K)->0K(465920K) From: 465920K(465920K)->0K(465920K)
[2025-08-01T01:22:22.368+0000] GC(969) ParOldGen: 2335992K(2796544K)->623455K(2796544K)
[2025-08-01T01:22:22.368+0000] GC(969) Metaspace: 10058K(10240K)->10058K(10240K) NonClass: 8831K(8896K)->8831K(8896K) Class: 1226K(1344K)->1226K(1344K)
[2025-08-01T01:22:22.368+0000] GC(969) Pause Full (Ergonomics) 3191M->608M(3641M) 186.135ms
[2025-08-01T01:22:22.368+0000] GC(969) User=1.23s Sys=0.03s Real=0.19s
[2025-08-01T01:22:22.452+0000] GC(970) Pause Young (Allocation Failure)
[2025-08-01T01:22:22.520+0000] GC(970) PSYoungGen: 465920K(931840K)->424768K(931840K) Eden: 465920K(465920K)->0K(465920K) From: 0K(465920K)->424768K(465920K)
[2025-08-01T01:22:22.520+0000] GC(970) ParOldGen: 623455K(2796544K)->623455K(2796544K)
[2025-08-01T01:22:22.520+0000] GC(970) Metaspace: 10058K(10240K)->10058K(10240K) NonClass: 8831K(8896K)->8831K(8896K) Class: 1226K(1344K)->1226K(1344K)
[2025-08-01T01:22:22.520+0000] GC(970) Pause Young (Allocation Failure) 1063M->1023M(3641M) 68.375ms
[2025-08-01T01:22:22.520+0000] GC(970) User=0.52s Sys=0.01s Real=0.07s
[2025-08-01T01:22:22.605+0000] GC(971) Pause Young (Allocation Failure)
[2025-08-01T01:22:22.779+0000] GC(971) PSYoungGen: 890688K(931840K)->465920K(931840K) Eden: 465920K(465920K)->0K(465920K) From: 424768K(465920K)->465920K(465920K)
[2025-08-01T01:22:22.779+0000] GC(971) ParOldGen: 623455K(2796544K)->1080655K(2796544K)
[2025-08-01T01:22:22.779+0000] GC(971) Metaspace: 10058K(10240K)->10058K(10240K) NonClass: 8831K(8896K)->8831K(8896K) Class: 1226K(1344K)->1226K(1344K)
[2025-08-01T01:22:22.780+0000] GC(971) Pause Young (Allocation Failure) 1478M->1510M(3641M) 174.121ms
[2025-08-01T01:22:22.780+0000] GC(971) User=1.33s Sys=0.03s Real=0.17s
[2025-08-01T01:22:22.866+0000] GC(972) Pause Young (Allocation Failure)
[2025-08-01T01:22:23.019+0000] GC(972) PSYoungGen: 931840K(931840K)->465920K(931840K) Eden: 465920K(465920K)->0K(465920K) From: 465920K(465920K)->465920K(465920K)
[2025-08-01T01:22:23.019+0000] GC(972) ParOldGen: 1080655K(2796544K)->1582919K(2796544K)
[2025-08-01T01:22:23.019+0000] GC(972) Metaspace: 10058K(10240K)->10058K(10240K) NonClass: 8831K(8896K)->8831K(8896K) Class: 1226K(1344K)->1226K(1344K)
[2025-08-01T01:22:23.019+0000] GC(972) Pause Young (Allocation Failure) 1965M->2000M(3641M) 153.632ms
[2025-08-01T01:22:23.020+0000] GC(972) User=1.21s Sys=0.02s Real=0.15s
[2025-08-01T01:22:23.106+0000] GC(973) Pause Young (Allocation Failure)
[2025-08-01T01:22:23.184+0000] GC(973) PSYoungGen: 931840K(931840K)->295552K(931840K) Eden: 465920K(465920K)->0K(465920K) From: 465920K(465920K)->295552K(465920K)
[2025-08-01T01:22:23.184+0000] GC(973) ParOldGen: 1582919K(2796544K)->1712871K(2796544K)
[2025-08-01T01:22:23.184+0000] GC(973) Metaspace: 10058K(10240K)->10058K(10240K) NonClass: 8831K(8896K)->8831K(8896K) Class: 1226K(1344K)->1226K(1344K)
[2025-08-01T01:22:23.184+0000] GC(973) Pause Young (Allocation Failure) 2455M->1961M(3641M) 78.889ms
[2025-08-01T01:22:23.184+0000] GC(973) User=0.59s Sys=0.01s Real=0.08s
[2025-08-01T01:22:23.270+0000] GC(974) Pause Young (Allocation Failure)
[2025-08-01T01:22:23.363+0000] GC(974) PSYoungGen: 761472K(931840K)->442336K(931840K) Eden: 465920K(465920K)->0K(465920K) From: 295552K(465920K)->442336K(465920K)
[2025-08-01T01:22:23.363+0000] GC(974) ParOldGen: 1712871K(2796544K)->1885431K(2796544K)
[2025-08-01T01:22:23.363+0000] GC(974) Metaspace: 10058K(10240K)->10058K(10240K) NonClass: 8831K(8896K)->8831K(8896K) Class: 1226K(1344K)->1226K(1344K)
[2025-08-01T01:22:23.363+0000] GC(974) Pause Young (Allocation Failure) 2416M->2273M(3641M) 93.631ms
[2025-08-01T01:22:23.363+0000] GC(974) User=0.73s Sys=0.01s Real=0.10s
[2025-08-01T01:22:23.450+0000] GC(975) Pause Young (Allocation Failure)
[2025-08-01T01:22:23.601+0000] GC(975) PSYoungGen: 908256K(931840K)->465920K(931840K) Eden: 465920K(465920K)->0K(465920K) From: 442336K(465920K)->465920K(465920K)
[2025-08-01T01:22:23.601+0000] GC(975) ParOldGen: 1885431K(2796544K)->2360263K(2796544K)
[2025-08-01T01:22:23.601+0000] GC(975) Metaspace: 10058K(10240K)->10058K(10240K) NonClass: 8831K(8896K)->8831K(8896K) Class: 1226K(1344K)->1226K(1344K)
[2025-08-01T01:22:23.601+0000] GC(975) Pause Young (Allocation Failure) 2728M->2759M(3641M) 150.944ms
[2025-08-01T01:22:23.601+0000] GC(975) User=1.15s Sys=0.02s Real=0.15s
[2025-08-01T01:22:23.684+0000] GC(976) Pause Full (Ergonomics)
[2025-08-01T01:22:23.684+0000] GC(976) Marking Phase
[2025-08-01T01:22:23.772+0000] GC(976) Marking Phase 87.734ms
[2025-08-01T01:22:23.772+0000] GC(976) Summary Phase
[2025-08-01T01:22:23.772+0000] GC(976) Summary Phase 0.063ms
[2025-08-01T01:22:23.772+0000] GC(976) Adjust Roots
[2025-08-01T01:22:23.774+0000] GC(976) Adjust Roots 1.718ms
[2025-08-01T01:22:23.774+0000] GC(976) Compaction Phase
[2025-08-01T01:22:23.992+0000] GC(976) Compaction Phase 218.369ms
[2025-08-01T01:22:23.992+0000] GC(976) Post Compact
[2025-08-01T01:22:24.016+0000] GC(976) Post Compact 23.650ms
[2025-08-01T01:22:24.016+0000] GC(976) PSYoungGen: 931840K(931840K)->0K(931840K) Eden: 465920K(465920K)->0K(465920K) From: 465920K(465920K)->0K(465920K)
[2025-08-01T01:22:24.016+0000] GC(976) ParOldGen: 2360263K(2796544K)->1561257K(2796544K)
[2025-08-01T01:22:24.016+0000] GC(976) Metaspace: 10058K(10240K)->10058K(10240K) NonClass: 8831K(8896K)->8831K(8896K) Class: 1226K(1344K)->1226K(1344K)
[2025-08-01T01:22:24.016+0000] GC(976) Pause Full (Ergonomics) 3214M->1524M(3641M) 331.937ms
[2025-08-01T01:22:24.016+0000] GC(976) User=2.36s Sys=0.01s Real=0.33s
[2025-08-01T01:22:24.103+0000] GC(977) Pause Young (Allocation Failure)
[2025-08-01T01:22:24.212+0000] GC(977) PSYoungGen: 465920K(931840K)->294016K(931840K) Eden: 465920K(465920K)->0K(465920K) From: 0K(465920K)->294016K(465920K)
[2025-08-01T01:22:24.212+0000] GC(977) ParOldGen: 1561257K(2796544K)->1561257K(2796544K)
[2025-08-01T01:22:24.212+0000] GC(977) Metaspace: 10058K(10240K)->10058K(10240K) NonClass: 8831K(8896K)->8831K(8896K) Class: 1226K(1344K)->1226K(1344K)
[2025-08-01T01:22:24.212+0000] GC(977) Pause Young (Allocation Failure) 1979M->1811M(3641M) 109.226ms
[2025-08-01T01:22:24.212+0000] GC(977) User=0.79s Sys=0.04s Real=0.10s
[2025-08-01T01:22:24.304+0000] GC(978) Pause Young (Allocation Failure)
[2025-08-01T01:22:24.408+0000] GC(978) PSYoungGen: 759936K(931840K)->431200K(931840K) Eden: 465920K(465920K)->0K(465920K) From: 294016K(465920K)->431200K(465920K)
[2025-08-01T01:22:24.408+0000] GC(978) ParOldGen: 1561257K(2796544K)->1755417K(2796544K)
[2025-08-01T01:22:24.408+0000] GC(978) Metaspace: 10058K(10240K)->10058K(10240K) NonClass: 8831K(8896K)->8831K(8896K) Class: 1226K(1344K)->1226K(1344K)
[2025-08-01T01:22:24.409+0000] GC(978) Pause Young (Allocation Failure) 2266M->2135M(3641M) 104.600ms
[2025-08-01T01:22:24.409+0000] GC(978) User=0.79s Sys=0.02s Real=0.10s
[2025-08-01T01:22:24.496+0000] GC(979) Pause Young (Allocation Failure)
[2025-08-01T01:22:24.653+0000] GC(979) PSYoungGen: 897120K(931840K)->465920K(931840K) Eden: 465920K(465920K)->0K(465920K) From: 431200K(465920K)->465920K(465920K)
[2025-08-01T01:22:24.653+0000] GC(979) ParOldGen: 1755417K(2796544K)->2220033K(2796544K)
[2025-08-01T01:22:24.653+0000] GC(979) Metaspace: 10058K(10240K)->10058K(10240K) NonClass: 8831K(8896K)->8831K(8896K) Class: 1226K(1344K)->1226K(1344K)
[2025-08-01T01:22:24.653+0000] GC(979) Pause Young (Allocation Failure) 2590M->2623M(3641M) 156.418ms
[2025-08-01T01:22:24.653+0000] GC(979) User=1.18s Sys=0.03s Real=0.15s
[2025-08-01T01:22:24.738+0000] GC(980) Pause Full (Ergonomics)
[2025-08-01T01:22:24.738+0000] GC(980) Marking Phase
[2025-08-01T01:22:24.811+0000] GC(980) Marking Phase 72.762ms
[2025-08-01T01:22:24.811+0000] GC(980) Summary Phase
[2025-08-01T01:22:24.811+0000] GC(980) Summary Phase 0.139ms
[2025-08-01T01:22:24.811+0000] GC(980) Adjust Roots
[2025-08-01T01:22:24.812+0000] GC(980) Adjust Roots 1.171ms
[2025-08-01T01:22:24.812+0000] GC(980) Compaction Phase
[2025-08-01T01:22:24.974+0000] GC(980) Compaction Phase 161.593ms
[2025-08-01T01:22:24.974+0000] GC(980) Post Compact
[2025-08-01T01:22:24.993+0000] GC(980) Post Compact 19.470ms
[2025-08-01T01:22:24.993+0000] GC(980) PSYoungGen: 931840K(931840K)->0K(931840K) Eden: 465920K(465920K)->0K(465920K) From: 465920K(465920K)->0K(465920K)
[2025-08-01T01:22:24.993+0000] GC(980) ParOldGen: 2220033K(2796544K)->1105479K(2796544K)
[2025-08-01T01:22:24.993+0000] GC(980) Metaspace: 10058K(10240K)->10058K(10240K) NonClass: 8831K(8896K)->8831K(8896K) Class: 1226K(1344K)->1226K(1344K)
[2025-08-01T01:22:24.993+0000] GC(980) Pause Full (Ergonomics) 3078M->1079M(3641M) 255.576ms
[2025-08-01T01:22:24.993+0000] GC(980) User=1.76s Sys=0.04s Real=0.26s
[2025-08-01T01:22:25.078+0000] GC(981) Pause Young (Allocation Failure)
[2025-08-01T01:22:25.122+0000] GC(981) PSYoungGen: 465920K(931840K)->147264K(931840K) Eden: 465920K(465920K)->0K(465920K) From: 0K(465920K)->147264K(465920K)
[2025-08-01T01:22:25.122+0000] GC(981) ParOldGen: 1105479K(2796544K)->1105479K(2796544K)
[2025-08-01T01:22:25.122+0000] GC(981) Metaspace: 10058K(10240K)->10058K(10240K) NonClass: 8831K(8896K)->8831K(8896K) Class: 1226K(1344K)->1226K(1344K)
[2025-08-01T01:22:25.122+0000] GC(981) Pause Young (Allocation Failure) 1534M->1223M(3641M) 44.694ms
[2025-08-01T01:22:25.122+0000] GC(981) User=0.33s Sys=0.01s Real=0.04s
[2025-08-01T01:22:25.212+0000] GC(982) Pause Young (Allocation Failure)
[2025-08-01T01:22:25.320+0000] GC(982) PSYoungGen: 613184K(931840K)->465920K(931840K) Eden: 465920K(465920K)->0K(465920K) From: 147264K(465920K)->465920K(465920K)
[2025-08-01T01:22:25.320+0000] GC(982) ParOldGen: 1105479K(2796544K)->1269935K(2796544K)
[2025-08-01T01:22:25.320+0000] GC(982) Metaspace: 10058K(10240K)->10058K(10240K) NonClass: 8831K(8896K)->8831K(8896K) Class: 1226K(1344K)->1226K(1344K)
[2025-08-01T01:22:25.320+0000] GC(982) Pause Young (Allocation Failure) 1678M->1695M(3641M) 108.099ms
[2025-08-01T01:22:25.320+0000] GC(982) User=0.82s Sys=0.02s Real=0.11s
[2025-08-01T01:22:25.410+0000] GC(983) Pause Young (Allocation Failure)
[2025-08-01T01:22:25.575+0000] GC(983) PSYoungGen: 931840K(931840K)->465920K(931840K) Eden: 465920K(465920K)->0K(465920K) From: 465920K(465920K)->465920K(465920K)
[2025-08-01T01:22:25.575+0000] GC(983) ParOldGen: 1269935K(2796544K)->1772199K(2796544K)
[2025-08-01T01:22:25.576+0000] GC(983) Metaspace: 10058K(10240K)->10058K(10240K) NonClass: 8831K(8896K)->8831K(8896K) Class: 1226K(1344K)->1226K(1344K)
[2025-08-01T01:22:25.576+0000] GC(983) Pause Young (Allocation Failure) 2150M->2185M(3641M) 165.263ms
[2025-08-01T01:22:25.576+0000] GC(983) User=1.26s Sys=0.03s Real=0.17s
[2025-08-01T01:22:25.663+0000] GC(984) Pause Young (Allocation Failure)
[2025-08-01T01:22:25.775+0000] GC(984) PSYoungGen: 931840K(931840K)->364448K(931840K) Eden: 465920K(465920K)->0K(465920K) From: 465920K(465920K)->364448K(465920K)
[2025-08-01T01:22:25.775+0000] GC(984) ParOldGen: 1772199K(2796544K)->2132495K(2796544K)
[2025-08-01T01:22:25.775+0000] GC(984) Metaspace: 10058K(10240K)->10058K(10240K) NonClass: 8831K(8896K)->8831K(8896K) Class: 1226K(1344K)->1226K(1344K)
[2025-08-01T01:22:25.775+0000] GC(984) Pause Young (Allocation Failure) 2640M->2438M(3641M) 111.479ms
[2025-08-01T01:22:25.775+0000] GC(984) User=0.87s Sys=0.00s Real=0.11s
[2025-08-01T01:22:25.860+0000] GC(985) Pause Full (Ergonomics)
[2025-08-01T01:22:25.860+0000] GC(985) Marking Phase
[2025-08-01T01:22:25.875+0000] GC(985) Marking Phase 15.150ms
[2025-08-01T01:22:25.875+0000] GC(985) Summary Phase
[2025-08-01T01:22:25.875+0000] GC(985) Summary Phase 0.077ms
[2025-08-01T01:22:25.875+0000] GC(985) Adjust Roots
[2025-08-01T01:22:25.876+0000] GC(985) Adjust Roots 1.217ms
[2025-08-01T01:22:25.876+0000] GC(985) Compaction Phase
[2025-08-01T01:22:25.900+0000] GC(985) Compaction Phase 23.772ms
[2025-08-01T01:22:25.900+0000] GC(985) Post Compact
[2025-08-01T01:22:25.918+0000] GC(985) Post Compact 17.812ms
[2025-08-01T01:22:25.918+0000] GC(985) PSYoungGen: 830368K(931840K)->0K(931840K) Eden: 465920K(465920K)->0K(465920K) From: 364448K(465920K)->0K(465920K)
[2025-08-01T01:22:25.918+0000] GC(985) ParOldGen: 2132495K(2796544K)->187423K(2796544K)
[2025-08-01T01:22:25.918+0000] GC(985) Metaspace: 10058K(10240K)->10058K(10240K) NonClass: 8831K(8896K)->8831K(8896K) Class: 1226K(1344K)->1226K(1344K)
[2025-08-01T01:22:25.918+0000] GC(985) Pause Full (Ergonomics) 2893M->183M(3641M) 58.376ms
[2025-08-01T01:22:25.918+0000] GC(985) User=0.26s Sys=0.01s Real=0.06s
[2025-08-01T01:22:26.004+0000] GC(986) Pause Young (Allocation Failure)
[2025-08-01T01:22:26.076+0000] GC(986) PSYoungGen: 465920K(931840K)->465920K(931840K) Eden: 465920K(465920K)->0K(465920K) From: 0K(465920K)->465920K(465920K)
[2025-08-01T01:22:26.076+0000] GC(986) ParOldGen: 187423K(2796544K)->194015K(2796544K)
[2025-08-01T01:22:26.076+0000] GC(986) Metaspace: 10058K(10240K)->10058K(10240K) NonClass: 8831K(8896K)->8831K(8896K) Class: 1226K(1344K)->1226K(1344K)
[2025-08-01T01:22:26.076+0000] GC(986) Pause Young (Allocation Failure) 638M->644M(3641M) 71.361ms
[2025-08-01T01:22:26.076+0000] GC(986) User=0.56s Sys=0.00s Real=0.07s
[2025-08-01T01:22:26.166+0000] GC(987) Pause Young (Allocation Failure)
[2025-08-01T01:22:26.309+0000] GC(987) PSYoungGen: 931840K(931840K)->465920K(931840K) Eden: 465920K(465920K)->0K(465920K) From: 465920K(465920K)->465920K(465920K)
[2025-08-01T01:22:26.309+0000] GC(987) ParOldGen: 194015K(2796544K)->694831K(2796544K)
[2025-08-01T01:22:26.309+0000] GC(987) Metaspace: 10058K(10240K)->10058K(10240K) NonClass: 8831K(8896K)->8831K(8896K) Class: 1226K(1344K)->1226K(1344K)
[2025-08-01T01:22:26.309+0000] GC(987) Pause Young (Allocation Failure) 1099M->1133M(3641M) 143.032ms
[2025-08-01T01:22:26.309+0000] GC(987) User=1.12s Sys=0.00s Real=0.14s
[2025-08-01T01:22:26.396+0000] GC(988) Pause Young (Allocation Failure)
[2025-08-01T01:22:26.560+0000] GC(988) PSYoungGen: 931840K(931840K)->410016K(931840K) Eden: 465920K(465920K)->0K(465920K) From: 465920K(465920K)->410016K(465920K)
[2025-08-01T01:22:26.560+0000] GC(988) ParOldGen: 694831K(2796544K)->1056415K(2796544K)
[2025-08-01T01:22:26.560+0000] GC(988) Metaspace: 10058K(10240K)->10058K(10240K) NonClass: 8831K(8896K)->8831K(8896K) Class: 1226K(1344K)->1226K(1344K)
[2025-08-01T01:22:26.560+0000] GC(988) Pause Young (Allocation Failure) 1588M->1432M(3641M) 163.265ms
[2025-08-01T01:22:26.560+0000] GC(988) User=1.26s Sys=0.03s Real=0.16s
[2025-08-01T01:22:26.648+0000] GC(989) Pause Young (Allocation Failure)
[2025-08-01T01:22:26.715+0000] GC(989) PSYoungGen: 875936K(931840K)->237280K(931840K) Eden: 465920K(465920K)->0K(465920K) From: 410016K(465920K)->237280K(465920K)
[2025-08-01T01:22:26.715+0000] GC(989) ParOldGen: 1056415K(2796544K)->1236295K(2796544K)
[2025-08-01T01:22:26.715+0000] GC(989) Metaspace: 10058K(10240K)->10058K(10240K) NonClass: 8831K(8896K)->8831K(8896K) Class: 1226K(1344K)->1226K(1344K)
[2025-08-01T01:22:26.715+0000] GC(989) Pause Young (Allocation Failure) 1887M->1439M(3641M) 67.513ms
[2025-08-01T01:22:26.715+0000] GC(989) User=0.51s Sys=0.01s Real=0.07s
[2025-08-01T01:22:26.797+0000] GC(990) Pause Young (Allocation Failure)
[2025-08-01T01:22:26.891+0000] GC(990) PSYoungGen: 703200K(931840K)->461088K(931840K) Eden: 465920K(465920K)->0K(465920K) From: 237280K(465920K)->461088K(465920K)
[2025-08-01T01:22:26.891+0000] GC(990) ParOldGen: 1236295K(2796544K)->1354751K(2796544K)
[2025-08-01T01:22:26.891+0000] GC(990) Metaspace: 10058K(10240K)->10058K(10240K) NonClass: 8831K(8896K)->8831K(8896K) Class: 1226K(1344K)->1226K(1344K)
[2025-08-01T01:22:26.891+0000] GC(990) Pause Young (Allocation Failure) 1894M->1773M(3641M) 94.440ms
[2025-08-01T01:22:26.891+0000] GC(990) User=0.73s Sys=0.01s Real=0.09s
[2025-08-01T01:22:26.982+0000] GC(991) Pause Young (Allocation Failure)
[2025-08-01T01:22:27.122+0000] GC(991) PSYoungGen: 927008K(931840K)->465920K(931840K) Eden: 465920K(465920K)->0K(465920K) From: 461088K(465920K)->465920K(465920K)
[2025-08-01T01:22:27.122+0000] GC(991) ParOldGen: 1354751K(2796544K)->1852463K(2796544K)
[2025-08-01T01:22:27.123+0000] GC(991) Metaspace: 10058K(10240K)->10058K(10240K) NonClass: 8831K(8896K)->8831K(8896K) Class: 1226K(1344K)->1226K(1344K)
[2025-08-01T01:22:27.123+0000] GC(991) Pause Young (Allocation Failure) 2228M->2264M(3641M) 140.366ms
[2025-08-01T01:22:27.123+0000] GC(991) User=1.06s Sys=0.02s Real=0.14s
[2025-08-01T01:22:27.213+0000] GC(992) Pause Young (Allocation Failure)
[2025-08-01T01:22:27.330+0000] GC(992) PSYoungGen: 931840K(931840K)->415488K(931840K) Eden: 465920K(465920K)->0K(465920K) From: 465920K(465920K)->415488K(465920K)
[2025-08-01T01:22:27.330+0000] GC(992) ParOldGen: 1852463K(2796544K)->2208895K(2796544K)
[2025-08-01T01:22:27.330+0000] GC(992) Metaspace: 10058K(10240K)->10058K(10240K) NonClass: 8831K(8896K)->8831K(8896K) Class: 1226K(1344K)->1226K(1344K)
[2025-08-01T01:22:27.330+0000] GC(992) Pause Young (Allocation Failure) 2719M->2562M(3641M) 116.835ms
[2025-08-01T01:22:27.330+0000] GC(992) User=0.92s Sys=0.00s Real=0.12s
[2025-08-01T01:22:27.422+0000] GC(993) Pause Full (Ergonomics)
[2025-08-01T01:22:27.422+0000] GC(993) Marking Phase
[2025-08-01T01:22:27.484+0000] GC(993) Marking Phase 62.096ms
[2025-08-01T01:22:27.485+0000] GC(993) Summary Phase
[2025-08-01T01:22:27.485+0000] GC(993) Summary Phase 0.115ms
[2025-08-01T01:22:27.485+0000] GC(993) Adjust Roots
[2025-08-01T01:22:27.486+0000] GC(993) Adjust Roots 1.507ms
[2025-08-01T01:22:27.486+0000] GC(993) Compaction Phase
[2025-08-01T01:22:27.645+0000] GC(993) Compaction Phase 158.626ms
[2025-08-01T01:22:27.645+0000] GC(993) Post Compact
[2025-08-01T01:22:27.664+0000] GC(993) Post Compact 19.410ms
[2025-08-01T01:22:27.664+0000] GC(993) PSYoungGen: 881408K(931840K)->0K(931840K) Eden: 465920K(465920K)->0K(465920K) From: 415488K(465920K)->0K(465920K)
[2025-08-01T01:22:27.664+0000] GC(993) ParOldGen: 2208895K(2796544K)->1122571K(2796544K)
[2025-08-01T01:22:27.664+0000] GC(993) Metaspace: 10058K(10240K)->10058K(10240K) NonClass: 8831K(8896K)->8831K(8896K) Class: 1226K(1344K)->1226K(1344K)
[2025-08-01T01:22:27.664+0000] GC(993) Pause Full (Ergonomics) 3017M->1096M(3641M) 242.138ms
[2025-08-01T01:22:27.665+0000] GC(993) User=1.75s Sys=0.00s Real=0.25s
[2025-08-01T01:22:27.753+0000] GC(994) Pause Young (Allocation Failure)
[2025-08-01T01:22:27.822+0000] GC(994) PSYoungGen: 465920K(931840K)->450560K(931840K) Eden: 465920K(465920K)->0K(465920K) From: 0K(465920K)->450560K(465920K)
[2025-08-01T01:22:27.822+0000] GC(994) ParOldGen: 1122571K(2796544K)->1122571K(2796544K)
[2025-08-01T01:22:27.822+0000] GC(994) Metaspace: 10058K(10240K)->10058K(10240K) NonClass: 8831K(8896K)->8831K(8896K) Class: 1226K(1344K)->1226K(1344K)
[2025-08-01T01:22:27.822+0000] GC(994) Pause Young (Allocation Failure) 1551M->1536M(3641M) 68.676ms
[2025-08-01T01:22:27.822+0000] GC(994) User=0.54s Sys=0.00s Real=0.06s
[2025-08-01T01:22:27.908+0000] GC(995) Pause Young (Allocation Failure)
[2025-08-01T01:22:28.050+0000] GC(995) PSYoungGen: 916480K(931840K)->465920K(931840K) Eden: 465920K(465920K)->0K(465920K) From: 450560K(465920K)->465920K(465920K)
[2025-08-01T01:22:28.050+0000] GC(995) ParOldGen: 1122571K(2796544K)->1606659K(2796544K)
[2025-08-01T01:22:28.051+0000] GC(995) Metaspace: 10058K(10240K)->10058K(10240K) NonClass: 8831K(8896K)->8831K(8896K) Class: 1226K(1344K)->1226K(1344K)
[2025-08-01T01:22:28.051+0000] GC(995) Pause Young (Allocation Failure) 1991M->2024M(3641M) 142.351ms
[2025-08-01T01:22:28.051+0000] GC(995) User=1.09s Sys=0.00s Real=0.14s
[2025-08-01T01:22:28.140+0000] GC(996) Pause Young (Allocation Failure)
[2025-08-01T01:22:28.249+0000] GC(996) PSYoungGen: 931840K(931840K)->400288K(931840K) Eden: 465920K(465920K)->0K(465920K) From: 465920K(465920K)->400288K(465920K)
[2025-08-01T01:22:28.249+0000] GC(996) ParOldGen: 1606659K(2796544K)->1973387K(2796544K)
[2025-08-01T01:22:28.249+0000] GC(996) Metaspace: 10058K(10240K)->10058K(10240K) NonClass: 8831K(8896K)->8831K(8896K) Class: 1226K(1344K)->1226K(1344K)
[2025-08-01T01:22:28.249+0000] GC(996) Pause Young (Allocation Failure) 2479M->2318M(3641M) 108.529ms
[2025-08-01T01:22:28.249+0000] GC(996) User=0.86s Sys=0.00s Real=0.11s
[2025-08-01T01:22:28.338+0000] GC(997) Pause Young (Allocation Failure)
[2025-08-01T01:22:28.464+0000] GC(997) PSYoungGen: 866208K(931840K)->413408K(931840K) Eden: 465920K(465920K)->0K(465920K) From: 400288K(465920K)->413408K(465920K)
[2025-08-01T01:22:28.464+0000] GC(997) ParOldGen: 1973387K(2796544K)->2260459K(2796544K)
[2025-08-01T01:22:28.464+0000] GC(997) Metaspace: 10058K(10240K)->10058K(10240K) NonClass: 8831K(8896K)->8831K(8896K) Class: 1226K(1344K)->1226K(1344K)
[2025-08-01T01:22:28.464+0000] GC(997) Pause Young (Allocation Failure) 2773M->2611M(3641M) 125.398ms
[2025-08-01T01:22:28.464+0000] GC(997) User=0.95s Sys=0.03s Real=0.13s
[2025-08-01T01:22:28.552+0000] GC(998) Pause Full (Ergonomics)
[2025-08-01T01:22:28.553+0000] GC(998) Marking Phase
[2025-08-01T01:22:28.599+0000] GC(998) Marking Phase 46.454ms
[2025-08-01T01:22:28.599+0000] GC(998) Summary Phase
[2025-08-01T01:22:28.599+0000] GC(998) Summary Phase 0.065ms
[2025-08-01T01:22:28.599+0000] GC(998) Adjust Roots
[2025-08-01T01:22:28.600+0000] GC(998) Adjust Roots 1.346ms
[2025-08-01T01:22:28.600+0000] GC(998) Compaction Phase
[2025-08-01T01:22:28.700+0000] GC(998) Compaction Phase 99.836ms
[2025-08-01T01:22:28.700+0000] GC(998) Post Compact
[2025-08-01T01:22:28.720+0000] GC(998) Post Compact 19.175ms
[2025-08-01T01:22:28.720+0000] GC(998) PSYoungGen: 879328K(931840K)->0K(931840K) Eden: 465920K(465920K)->0K(465920K) From: 413408K(465920K)->0K(465920K)
[2025-08-01T01:22:28.720+0000] GC(998) ParOldGen: 2260459K(2796544K)->666368K(2796544K)
[2025-08-01T01:22:28.720+0000] GC(998) Metaspace: 10058K(10240K)->10058K(10240K) NonClass: 8831K(8896K)->8831K(8896K) Class: 1226K(1344K)->1226K(1344K)
[2025-08-01T01:22:28.720+0000] GC(998) Pause Full (Ergonomics) 3066M->650M(3641M) 167.249ms
[2025-08-01T01:22:28.720+0000] GC(998) User=1.11s Sys=0.02s Real=0.17s
[2025-08-01T01:22:28.802+0000] GC(999) Pause Young (Allocation Failure)
[2025-08-01T01:22:28.902+0000] GC(999) PSYoungGen: 465920K(931840K)->465920K(931840K) Eden: 465920K(465920K)->0K(465920K) From: 0K(465920K)->465920K(465920K)
[2025-08-01T01:22:28.902+0000] GC(999) ParOldGen: 666368K(2796544K)->670520K(2796544K)
[2025-08-01T01:22:28.902+0000] GC(999) Metaspace: 10058K(10240K)->10058K(10240K) NonClass: 8831K(8896K)->8831K(8896K) Class: 1226K(1344K)->1226K(1344K)
[2025-08-01T01:22:28.902+0000] GC(999) Pause Young (Allocation Failure) 1105M->1109M(3641M) 100.310ms
[2025-08-01T01:22:28.902+0000] GC(999) User=0.74s Sys=0.04s Real=0.10s
[2025-08-01T01:22:28.988+0000] GC(1000) Pause Young (Allocation Failure)
[2025-08-01T01:22:29.116+0000] GC(1000) PSYoungGen: 931840K(931840K)->418656K(931840K) Eden: 465920K(465920K)->0K(465920K) From: 465920K(465920K)->418656K(465920K)
[2025-08-01T01:22:29.116+0000] GC(1000) ParOldGen: 670520K(2796544K)->1022392K(2796544K)
[2025-08-01T01:22:29.116+0000] GC(1000) Metaspace: 10058K(10240K)->10058K(10240K) NonClass: 8831K(8896K)->8831K(8896K) Class: 1226K(1344K)->1226K(1344K)
[2025-08-01T01:22:29.116+0000] GC(1000) Pause Young (Allocation Failure) 1564M->1407M(3641M) 127.812ms
[2025-08-01T01:22:29.116+0000] GC(1000) User=0.96s Sys=0.03s Real=0.13s
[2025-08-01T01:22:29.201+0000] GC(1001) Pause Young (Allocation Failure)
[2025-08-01T01:22:29.374+0000] GC(1001) PSYoungGen: 884576K(931840K)->400896K(931840K) Eden: 465920K(465920K)->0K(465920K) From: 418656K(465920K)->400896K(465920K)
[2025-08-01T01:22:29.374+0000] GC(1001) ParOldGen: 1022392K(2796544K)->1341968K(2796544K)
[2025-08-01T01:22:29.374+0000] GC(1001) Metaspace: 10058K(10240K)->10058K(10240K) NonClass: 8831K(8896K)->8831K(8896K) Class: 1226K(1344K)->1226K(1344K)
[2025-08-01T01:22:29.374+0000] GC(1001) Pause Young (Allocation Failure) 1862M->1702M(3641M) 172.975ms
[2025-08-01T01:22:29.374+0000] GC(1001) User=1.32s Sys=0.05s Real=0.18s
[2025-08-01T01:22:29.458+0000] GC(1002) Pause Young (Allocation Failure)
[2025-08-01T01:22:29.597+0000] GC(1002) PSYoungGen: 866816K(931840K)->407648K(931840K) Eden: 465920K(465920K)->0K(465920K) From: 400896K(465920K)->407648K(465920K)
[2025-08-01T01:22:29.597+0000] GC(1002) ParOldGen: 1341968K(2796544K)->1513824K(2796544K)
[2025-08-01T01:22:29.597+0000] GC(1002) Metaspace: 10058K(10240K)->10058K(10240K) NonClass: 8831K(8896K)->8831K(8896K) Class: 1226K(1344K)->1226K(1344K)
[2025-08-01T01:22:29.597+0000] GC(1002) Pause Young (Allocation Failure) 2157M->1876M(3641M) 139.009ms
[2025-08-01T01:22:29.597+0000] GC(1002) User=1.03s Sys=0.03s Real=0.14s
[2025-08-01T01:22:29.683+0000] GC(1003) Pause Young (Allocation Failure)
[2025-08-01T01:22:29.812+0000] GC(1003) PSYoungGen: 873568K(931840K)->465920K(931840K) Eden: 465920K(465920K)->0K(465920K) From: 407648K(465920K)->465920K(465920K)
[2025-08-01T01:22:29.812+0000] GC(1003) ParOldGen: 1513824K(2796544K)->1951960K(2796544K)
[2025-08-01T01:22:29.812+0000] GC(1003) Metaspace: 10058K(10240K)->10058K(10240K) NonClass: 8831K(8896K)->8831K(8896K) Class: 1226K(1344K)->1226K(1344K)
[2025-08-01T01:22:29.812+0000] GC(1003) Pause Young (Allocation Failure) 2331M->2361M(3641M) 129.713ms
[2025-08-01T01:22:29.812+0000] GC(1003) User=1.02s Sys=0.01s Real=0.13s
[2025-08-01T01:22:29.898+0000] GC(1004) Pause Young (Allocation Failure)
[2025-08-01T01:22:30.023+0000] GC(1004) PSYoungGen: 931840K(931840K)->431360K(931840K) Eden: 465920K(465920K)->0K(465920K) From: 465920K(465920K)->431360K(465920K)
[2025-08-01T01:22:30.023+0000] GC(1004) ParOldGen: 1951960K(2796544K)->2331264K(2796544K)
[2025-08-01T01:22:30.023+0000] GC(1004) Metaspace: 10058K(10240K)->10058K(10240K) NonClass: 8831K(8896K)->8831K(8896K) Class: 1226K(1344K)->1226K(1344K)
[2025-08-01T01:22:30.023+0000] GC(1004) Pause Young (Allocation Failure) 2816M->2697M(3641M) 124.344ms
[2025-08-01T01:22:30.023+0000] GC(1004) User=0.97s Sys=0.01s Real=0.12s
[2025-08-01T01:22:30.106+0000] GC(1005) Pause Full (Ergonomics)
[2025-08-01T01:22:30.106+0000] GC(1005) Marking Phase
[2025-08-01T01:22:30.204+0000] GC(1005) Marking Phase 97.843ms
[2025-08-01T01:22:30.204+0000] GC(1005) Summary Phase
[2025-08-01T01:22:30.204+0000] GC(1005) Summary Phase 0.097ms
[2025-08-01T01:22:30.204+0000] GC(1005) Adjust Roots
[2025-08-01T01:22:30.206+0000] GC(1005) Adjust Roots 2.038ms
[2025-08-01T01:22:30.206+0000] GC(1005) Compaction Phase
[2025-08-01T01:22:30.402+0000] GC(1005) Compaction Phase 196.214ms
[2025-08-01T01:22:30.403+0000] GC(1005) Post Compact
[2025-08-01T01:22:30.423+0000] GC(1005) Post Compact 20.433ms
[2025-08-01T01:22:30.423+0000] GC(1005) PSYoungGen: 897280K(931840K)->0K(931840K) Eden: 465920K(465920K)->0K(465920K) From: 431360K(465920K)->0K(465920K)
[2025-08-01T01:22:30.423+0000] GC(1005) ParOldGen: 2331264K(2796544K)->1135056K(2796544K)
[2025-08-01T01:22:30.423+0000] GC(1005) Metaspace: 10058K(10240K)->10058K(10240K) NonClass: 8831K(8896K)->8831K(8896K) Class: 1226K(1344K)->1226K(1344K)
[2025-08-01T01:22:30.423+0000] GC(1005) Pause Full (Ergonomics) 3152M->1108M(3641M) 317.031ms
[2025-08-01T01:22:30.423+0000] GC(1005) User=2.24s Sys=0.04s Real=0.32s
[2025-08-01T01:22:30.506+0000] GC(1006) Pause Young (Allocation Failure)
[2025-08-01T01:22:30.576+0000] GC(1006) PSYoungGen: 465920K(931840K)->402432K(931840K) Eden: 465920K(465920K)->0K(465920K) From: 0K(465920K)->402432K(465920K)
[2025-08-01T01:22:30.576+0000] GC(1006) ParOldGen: 1135056K(2796544K)->1135056K(2796544K)
[2025-08-01T01:22:30.576+0000] GC(1006) Metaspace: 10058K(10240K)->10058K(10240K) NonClass: 8831K(8896K)->8831K(8896K) Class: 1226K(1344K)->1226K(1344K)
[2025-08-01T01:22:30.576+0000] GC(1006) Pause Young (Allocation Failure) 1563M->1501M(3641M) 69.637ms
[2025-08-01T01:22:30.576+0000] GC(1006) User=0.54s Sys=0.01s Real=0.07s
[2025-08-01T01:22:30.662+0000] GC(1007) Pause Young (Allocation Failure)
[2025-08-01T01:22:30.789+0000] GC(1007) PSYoungGen: 868352K(931840K)->465920K(931840K) Eden: 465920K(465920K)->0K(465920K) From: 402432K(465920K)->465920K(465920K)
[2025-08-01T01:22:30.789+0000] GC(1007) ParOldGen: 1135056K(2796544K)->1570040K(2796544K)
[2025-08-01T01:22:30.789+0000] GC(1007) Metaspace: 10058K(10240K)->10058K(10240K) NonClass: 8831K(8896K)->8831K(8896K) Class: 1226K(1344K)->1226K(1344K)
[2025-08-01T01:22:30.789+0000] GC(1007) Pause Young (Allocation Failure) 1956M->1988M(3641M) 126.567ms
[2025-08-01T01:22:30.789+0000] GC(1007) User=1.01s Sys=0.00s Real=0.13s
[2025-08-01T01:22:30.873+0000] GC(1008) Pause Young (Allocation Failure)
[2025-08-01T01:22:30.999+0000] GC(1008) PSYoungGen: 931840K(931840K)->453472K(931840K) Eden: 465920K(465920K)->0K(465920K) From: 465920K(465920K)->453472K(465920K)
[2025-08-01T01:22:30.999+0000] GC(1008) ParOldGen: 1570040K(2796544K)->1928056K(2796544K)
[2025-08-01T01:22:30.999+0000] GC(1008) Metaspace: 10058K(10240K)->10058K(10240K) NonClass: 8831K(8896K)->8831K(8896K) Class: 1226K(1344K)->1226K(1344K)
[2025-08-01T01:22:30.999+0000] GC(1008) Pause Young (Allocation Failure) 2443M->2325M(3641M) 126.566ms
[2025-08-01T01:22:30.999+0000] GC(1008) User=0.98s Sys=0.01s Real=0.13s
[2025-08-01T01:22:31.083+0000] GC(1009) Pause Young (Allocation Failure)
[2025-08-01T01:22:31.196+0000] GC(1009) PSYoungGen: 919392K(931840K)->416640K(931840K) Eden: 465920K(465920K)->0K(465920K) From: 453472K(465920K)->416640K(465920K)
[2025-08-01T01:22:31.196+0000] GC(1009) ParOldGen: 1928056K(2796544K)->2267824K(2796544K)
[2025-08-01T01:22:31.196+0000] GC(1009) Metaspace: 10058K(10240K)->10058K(10240K) NonClass: 8831K(8896K)->8831K(8896K) Class: 1226K(1344K)->1226K(1344K)
[2025-08-01T01:22:31.196+0000] GC(1009) Pause Young (Allocation Failure) 2780M->2621M(3641M) 112.870ms
[2025-08-01T01:22:31.196+0000] GC(1009) User=0.87s Sys=0.00s Real=0.11s
[2025-08-01T01:22:31.279+0000] GC(1010) Pause Full (Ergonomics)
[2025-08-01T01:22:31.279+0000] GC(1010) Marking Phase
[2025-08-01T01:22:31.319+0000] GC(1010) Marking Phase 40.618ms
[2025-08-01T01:22:31.319+0000] GC(1010) Summary Phase
[2025-08-01T01:22:31.320+0000] GC(1010) Summary Phase 0.101ms
[2025-08-01T01:22:31.320+0000] GC(1010) Adjust Roots
[2025-08-01T01:22:31.321+0000] GC(1010) Adjust Roots 1.081ms
[2025-08-01T01:22:31.321+0000] GC(1010) Compaction Phase
[2025-08-01T01:22:31.415+0000] GC(1010) Compaction Phase 94.403ms
[2025-08-01T01:22:31.415+0000] GC(1010) Post Compact
[2025-08-01T01:22:31.435+0000] GC(1010) Post Compact 19.864ms
[2025-08-01T01:22:31.435+0000] GC(1010) PSYoungGen: 882560K(931840K)->0K(931840K) Eden: 465920K(465920K)->0K(465920K) From: 416640K(465920K)->0K(465920K)
[2025-08-01T01:22:31.435+0000] GC(1010) ParOldGen: 2267824K(2796544K)->684140K(2796544K)
[2025-08-01T01:22:31.435+0000] GC(1010) Metaspace: 10058K(10240K)->10058K(10240K) NonClass: 8831K(8896K)->8831K(8896K) Class: 1226K(1344K)->1226K(1344K)
[2025-08-01T01:22:31.435+0000] GC(1010) Pause Full (Ergonomics) 3076M->668M(3641M) 156.497ms
[2025-08-01T01:22:31.435+0000] GC(1010) User=1.04s Sys=0.00s Real=0.16s
[2025-08-01T01:22:31.517+0000] GC(1011) Pause Young (Allocation Failure)
[2025-08-01T01:22:31.634+0000] GC(1011) PSYoungGen: 465920K(931840K)->465920K(931840K) Eden: 465920K(465920K)->0K(465920K) From: 0K(465920K)->465920K(465920K)
[2025-08-01T01:22:31.634+0000] GC(1011) ParOldGen: 684140K(2796544K)->691756K(2796544K)
[2025-08-01T01:22:31.634+0000] GC(1011) Metaspace: 10058K(10240K)->10058K(10240K) NonClass: 8831K(8896K)->8831K(8896K) Class: 1226K(1344K)->1226K(1344K)
[2025-08-01T01:22:31.634+0000] GC(1011) Pause Young (Allocation Failure) 1123M->1130M(3641M) 116.827ms
[2025-08-01T01:22:31.634+0000] GC(1011) User=0.89s Sys=0.04s Real=0.12s
[2025-08-01T01:22:31.720+0000] GC(1012) Pause Young (Allocation Failure)
[2025-08-01T01:22:31.857+0000] GC(1012) PSYoungGen: 931840K(931840K)->465920K(931840K) Eden: 465920K(465920K)->0K(465920K) From: 465920K(465920K)->465920K(465920K)
[2025-08-01T01:22:31.857+0000] GC(1012) ParOldGen: 691756K(2796544K)->1062916K(2796544K)
[2025-08-01T01:22:31.857+0000] GC(1012) Metaspace: 10058K(10240K)->10058K(10240K) NonClass: 8831K(8896K)->8831K(8896K) Class: 1226K(1344K)->1226K(1344K)
[2025-08-01T01:22:31.857+0000] GC(1012) Pause Young (Allocation Failure) 1585M->1493M(3641M) 136.933ms
[2025-08-01T01:22:31.857+0000] GC(1012) User=1.06s Sys=0.02s Real=0.14s
[2025-08-01T01:22:31.943+0000] GC(1013) Pause Young (Allocation Failure)
[2025-08-01T01:22:32.034+0000] GC(1013) PSYoungGen: 931840K(931840K)->285664K(931840K) Eden: 465920K(465920K)->0K(465920K) From: 465920K(465920K)->285664K(465920K)
[2025-08-01T01:22:32.034+0000] GC(1013) ParOldGen: 1062916K(2796544K)->1295980K(2796544K)
[2025-08-01T01:22:32.034+0000] GC(1013) Metaspace: 10058K(10240K)->10058K(10240K) NonClass: 8831K(8896K)->8831K(8896K) Class: 1226K(1344K)->1226K(1344K)
[2025-08-01T01:22:32.034+0000] GC(1013) Pause Young (Allocation Failure) 1948M->1544M(3641M) 91.599ms
[2025-08-01T01:22:32.034+0000] GC(1013) User=0.69s Sys=0.02s Real=0.10s
[2025-08-01T01:22:32.120+0000] GC(1014) Pause Young (Allocation Failure)
[2025-08-01T01:22:32.266+0000] GC(1014) PSYoungGen: 751584K(931840K)->388480K(931840K) Eden: 465920K(465920K)->0K(465920K) From: 285664K(465920K)->388480K(465920K)
[2025-08-01T01:22:32.266+0000] GC(1014) ParOldGen: 1295980K(2796544K)->1487428K(2796544K)
[2025-08-01T01:22:32.266+0000] GC(1014) Metaspace: 10058K(10240K)->10058K(10240K) NonClass: 8831K(8896K)->8831K(8896K) Class: 1226K(1344K)->1226K(1344K)
[2025-08-01T01:22:32.266+0000] GC(1014) Pause Young (Allocation Failure) 1999M->1831M(3641M) 145.620ms
[2025-08-01T01:22:32.266+0000] GC(1014) User=1.05s Sys=0.06s Real=0.15s
[2025-08-01T01:22:32.355+0000] GC(1015) Pause Young (Allocation Failure)
[2025-08-01T01:22:32.499+0000] GC(1015) PSYoungGen: 854400K(931840K)->465920K(931840K) Eden: 465920K(465920K)->0K(465920K) From: 388480K(465920K)->465920K(465920K)
[2025-08-01T01:22:32.499+0000] GC(1015) ParOldGen: 1487428K(2796544K)->1907404K(2796544K)
[2025-08-01T01:22:32.499+0000] GC(1015) Metaspace: 10058K(10240K)->10058K(10240K) NonClass: 8831K(8896K)->8831K(8896K) Class: 1226K(1344K)->1226K(1344K)
[2025-08-01T01:22:32.499+0000] GC(1015) Pause Young (Allocation Failure) 2286M->2317M(3641M) 144.123ms
[2025-08-01T01:22:32.499+0000] GC(1015) User=1.12s Sys=0.01s Real=0.14s
[2025-08-01T01:22:32.587+0000] GC(1016) Pause Young (Allocation Failure)
[2025-08-01T01:22:32.722+0000] GC(1016) PSYoungGen: 931840K(931840K)->445024K(931840K) Eden: 465920K(465920K)->0K(465920K) From: 465920K(465920K)->445024K(465920K)
[2025-08-01T01:22:32.722+0000] GC(1016) ParOldGen: 1907404K(2796544K)->2277812K(2796544K)
[2025-08-01T01:22:32.722+0000] GC(1016) Metaspace: 10058K(10240K)->10058K(10240K) NonClass: 8831K(8896K)->8831K(8896K) Class: 1226K(1344K)->1226K(1344K)
[2025-08-01T01:22:32.723+0000] GC(1016) Pause Young (Allocation Failure) 2772M->2659M(3641M) 135.961ms
[2025-08-01T01:22:32.723+0000] GC(1016) User=1.05s Sys=0.03s Real=0.13s
[2025-08-01T01:22:32.854+0000] GC(1017) Pause Full (Ergonomics)
[2025-08-01T01:22:32.854+0000] GC(1017) Marking Phase
[2025-08-01T01:22:32.910+0000] GC(1017) Marking Phase 55.348ms
[2025-08-01T01:22:32.910+0000] GC(1017) Summary Phase
[2025-08-01T01:22:32.910+0000] GC(1017) Summary Phase 0.125ms
[2025-08-01T01:22:32.910+0000] GC(1017) Adjust Roots
[2025-08-01T01:22:32.912+0000] GC(1017) Adjust Roots 1.919ms
[2025-08-01T01:22:32.912+0000] GC(1017) Compaction Phase
[2025-08-01T01:22:33.076+0000] GC(1017) Compaction Phase 164.286ms
[2025-08-01T01:22:33.076+0000] GC(1017) Post Compact
[2025-08-01T01:22:33.100+0000] GC(1017) Post Compact 23.169ms
[2025-08-01T01:22:33.100+0000] GC(1017) PSYoungGen: 910944K(931840K)->0K(931840K) Eden: 465920K(465920K)->0K(465920K) From: 445024K(465920K)->0K(465920K)
[2025-08-01T01:22:33.100+0000] GC(1017) ParOldGen: 2277812K(2796544K)->698285K(2796544K)
[2025-08-01T01:22:33.100+0000] GC(1017) Metaspace: 10058K(10240K)->10058K(10240K) NonClass: 8831K(8896K)->8831K(8896K) Class: 1226K(1344K)->1226K(1344K)
[2025-08-01T01:22:33.100+0000] GC(1017) Pause Full (Ergonomics) 3114M->681M(3641M) 245.368ms
[2025-08-01T01:22:33.100+0000] GC(1017) User=1.67s Sys=0.04s Real=0.24s
[2025-08-01T01:22:33.189+0000] GC(1018) Pause Young (Allocation Failure)
[2025-08-01T01:22:33.294+0000] GC(1018) PSYoungGen: 465920K(931840K)->376352K(931840K) Eden: 465920K(465920K)->0K(465920K) From: 0K(465920K)->376352K(465920K)
[2025-08-01T01:22:33.294+0000] GC(1018) ParOldGen: 698285K(2796544K)->698285K(2796544K)
[2025-08-01T01:22:33.294+0000] GC(1018) Metaspace: 10058K(10240K)->10058K(10240K) NonClass: 8831K(8896K)->8831K(8896K) Class: 1226K(1344K)->1226K(1344K)
[2025-08-01T01:22:33.295+0000] GC(1018) Pause Young (Allocation Failure) 1136M->1049M(3641M) 105.654ms
[2025-08-01T01:22:33.295+0000] GC(1018) User=0.78s Sys=0.02s Real=0.11s
[2025-08-01T01:22:33.389+0000] GC(1019) Pause Young (Allocation Failure)
[2025-08-01T01:22:33.558+0000] GC(1019) PSYoungGen: 842272K(931840K)->465920K(931840K) Eden: 465920K(465920K)->0K(465920K) From: 376352K(465920K)->465920K(465920K)
[2025-08-01T01:22:33.558+0000] GC(1019) ParOldGen: 698285K(2796544K)->1105709K(2796544K)
[2025-08-01T01:22:33.558+0000] GC(1019) Metaspace: 10058K(10240K)->10058K(10240K) NonClass: 8831K(8896K)->8831K(8896K) Class: 1226K(1344K)->1226K(1344K)
[2025-08-01T01:22:33.559+0000] GC(1019) Pause Young (Allocation Failure) 1504M->1534M(3641M) 169.365ms
[2025-08-01T01:22:33.559+0000] GC(1019) User=1.28s Sys=0.05s Real=0.17s
[2025-08-01T01:22:33.648+0000] GC(1020) Pause Young (Allocation Failure)
[2025-08-01T01:22:33.771+0000] GC(1020) PSYoungGen: 931840K(931840K)->426976K(931840K) Eden: 465920K(465920K)->0K(465920K) From: 465920K(465920K)->426976K(465920K)
[2025-08-01T01:22:33.771+0000] GC(1020) ParOldGen: 1105709K(2796544K)->1476501K(2796544K)
[2025-08-01T01:22:33.771+0000] GC(1020) Metaspace: 10058K(10240K)->10058K(10240K) NonClass: 8831K(8896K)->8831K(8896K) Class: 1226K(1344K)->1226K(1344K)
[2025-08-01T01:22:33.771+0000] GC(1020) Pause Young (Allocation Failure) 1989M->1858M(3641M) 123.202ms
[2025-08-01T01:22:33.771+0000] GC(1020) User=0.97s Sys=0.00s Real=0.12s
[2025-08-01T01:22:33.906+0000] GC(1021) Pause Young (Allocation Failure)
[2025-08-01T01:22:34.029+0000] GC(1021) PSYoungGen: 892896K(931840K)->351136K(931840K) Eden: 465920K(465920K)->0K(465920K) From: 426976K(465920K)->351136K(465920K)
[2025-08-01T01:22:34.029+0000] GC(1021) ParOldGen: 1476501K(2796544K)->1678181K(2796544K)
[2025-08-01T01:22:34.029+0000] GC(1021) Metaspace: 10058K(10240K)->10058K(10240K) NonClass: 8831K(8896K)->8831K(8896K) Class: 1226K(1344K)->1226K(1344K)
[2025-08-01T01:22:34.029+0000] GC(1021) Pause Young (Allocation Failure) 2313M->1981M(3641M) 122.924ms
[2025-08-01T01:22:34.029+0000] GC(1021) User=0.90s Sys=0.05s Real=0.12s
[2025-08-01T01:22:34.120+0000] GC(1022) Pause Young (Allocation Failure)
[2025-08-01T01:22:34.274+0000] GC(1022) PSYoungGen: 817056K(931840K)->379424K(931840K) Eden: 465920K(465920K)->0K(465920K) From: 351136K(465920K)->379424K(465920K)
[2025-08-01T01:22:34.274+0000] GC(1022) ParOldGen: 1678181K(2796544K)->1921237K(2796544K)
[2025-08-01T01:22:34.274+0000] GC(1022) Metaspace: 10058K(10240K)->10058K(10240K) NonClass: 8831K(8896K)->8831K(8896K) Class: 1226K(1344K)->1226K(1344K)
[2025-08-01T01:22:34.274+0000] GC(1022) Pause Young (Allocation Failure) 2436M->2246M(3641M) 153.975ms
[2025-08-01T01:22:34.275+0000] GC(1022) User=1.14s Sys=0.06s Real=0.16s
[2025-08-01T01:22:34.359+0000] GC(1023) Pause Young (Allocation Failure)
[2025-08-01T01:22:34.503+0000] GC(1023) PSYoungGen: 845344K(931840K)->465920K(931840K) Eden: 465920K(465920K)->0K(465920K) From: 379424K(465920K)->465920K(465920K)
[2025-08-01T01:22:34.503+0000] GC(1023) ParOldGen: 1921237K(2796544K)->2330301K(2796544K)
[2025-08-01T01:22:34.503+0000] GC(1023) Metaspace: 10058K(10240K)->10058K(10240K) NonClass: 8831K(8896K)->8831K(8896K) Class: 1226K(1344K)->1226K(1344K)
[2025-08-01T01:22:34.503+0000] GC(1023) Pause Young (Allocation Failure) 2701M->2730M(3641M) 143.979ms
[2025-08-01T01:22:34.503+0000] GC(1023) User=1.08s Sys=0.02s Real=0.15s
[2025-08-01T01:22:34.588+0000] GC(1024) Pause Full (Ergonomics)
[2025-08-01T01:22:34.588+0000] GC(1024) Marking Phase
[2025-08-01T01:22:34.650+0000] GC(1024) Marking Phase 61.851ms
[2025-08-01T01:22:34.650+0000] GC(1024) Summary Phase
[2025-08-01T01:22:34.650+0000] GC(1024) Summary Phase 0.103ms
[2025-08-01T01:22:34.650+0000] GC(1024) Adjust Roots
[2025-08-01T01:22:34.652+0000] GC(1024) Adjust Roots 1.244ms
[2025-08-01T01:22:34.652+0000] GC(1024) Compaction Phase
[2025-08-01T01:22:34.817+0000] GC(1024) Compaction Phase 165.856ms
[2025-08-01T01:22:34.817+0000] GC(1024) Post Compact
[2025-08-01T01:22:34.840+0000] GC(1024) Post Compact 22.183ms
[2025-08-01T01:22:34.840+0000] GC(1024) PSYoungGen: 931840K(931840K)->0K(931840K) Eden: 465920K(465920K)->0K(465920K) From: 465920K(465920K)->0K(465920K)
[2025-08-01T01:22:34.840+0000] GC(1024) ParOldGen: 2330301K(2796544K)->1175685K(2796544K)
[2025-08-01T01:22:34.840+0000] GC(1024) Metaspace: 10058K(10240K)->10058K(10240K) NonClass: 8831K(8896K)->8831K(8896K) Class: 1226K(1344K)->1226K(1344K)
[2025-08-01T01:22:34.840+0000] GC(1024) Pause Full (Ergonomics) 3185M->1148M(3641M) 251.635ms
[2025-08-01T01:22:34.840+0000] GC(1024) User=1.78s Sys=0.01s Real=0.25s
[2025-08-01T01:22:34.924+0000] GC(1025) Pause Young (Allocation Failure)
[2025-08-01T01:22:34.998+0000] GC(1025) PSYoungGen: 465920K(931840K)->374944K(931840K) Eden: 465920K(465920K)->0K(465920K) From: 0K(465920K)->374944K(465920K)
[2025-08-01T01:22:34.998+0000] GC(1025) ParOldGen: 1175685K(2796544K)->1175685K(2796544K)
[2025-08-01T01:22:34.998+0000] GC(1025) Metaspace: 10058K(10240K)->10058K(10240K) NonClass: 8831K(8896K)->8831K(8896K) Class: 1226K(1344K)->1226K(1344K)
[2025-08-01T01:22:34.998+0000] GC(1025) Pause Young (Allocation Failure) 1603M->1514M(3641M) 73.585ms
[2025-08-01T01:22:34.998+0000] GC(1025) User=0.54s Sys=0.02s Real=0.07s
[2025-08-01T01:22:35.083+0000] GC(1026) Pause Young (Allocation Failure)
[2025-08-01T01:22:35.199+0000] GC(1026) PSYoungGen: 840864K(931840K)->378432K(931840K) Eden: 465920K(465920K)->0K(465920K) From: 374944K(465920K)->378432K(465920K)
[2025-08-01T01:22:35.199+0000] GC(1026) ParOldGen: 1175685K(2796544K)->1450757K(2796544K)
[2025-08-01T01:22:35.199+0000] GC(1026) Metaspace: 10058K(10240K)->10058K(10240K) NonClass: 8831K(8896K)->8831K(8896K) Class: 1226K(1344K)->1226K(1344K)
[2025-08-01T01:22:35.199+0000] GC(1026) Pause Young (Allocation Failure) 1969M->1786M(3641M) 115.926ms
[2025-08-01T01:22:35.199+0000] GC(1026) User=0.87s Sys=0.03s Real=0.11s
[2025-08-01T01:22:35.285+0000] GC(1027) Pause Young (Allocation Failure)
[2025-08-01T01:22:35.477+0000] GC(1027) PSYoungGen: 844352K(931840K)->465920K(931840K) Eden: 465920K(465920K)->0K(465920K) From: 378432K(465920K)->465920K(465920K)
[2025-08-01T01:22:35.477+0000] GC(1027) ParOldGen: 1450757K(2796544K)->1857805K(2796544K)
[2025-08-01T01:22:35.477+0000] GC(1027) Metaspace: 10058K(10240K)->10058K(10240K) NonClass: 8831K(8896K)->8831K(8896K) Class: 1226K(1344K)->1226K(1344K)
[2025-08-01T01:22:35.477+0000] GC(1027) Pause Young (Allocation Failure) 2241M->2269M(3641M) 192.150ms
[2025-08-01T01:22:35.477+0000] GC(1027) User=1.40s Sys=0.05s Real=0.19s
[2025-08-01T01:22:35.563+0000] GC(1028) Pause Young (Allocation Failure)
[2025-08-01T01:22:35.690+0000] GC(1028) PSYoungGen: 931840K(931840K)->408736K(931840K) Eden: 465920K(465920K)->0K(465920K) From: 465920K(465920K)->408736K(465920K)
[2025-08-01T01:22:35.690+0000] GC(1028) ParOldGen: 1857805K(2796544K)->2221853K(2796544K)
[2025-08-01T01:22:35.690+0000] GC(1028) Metaspace: 10058K(10240K)->10058K(10240K) NonClass: 8831K(8896K)->8831K(8896K) Class: 1226K(1344K)->1226K(1344K)
[2025-08-01T01:22:35.690+0000] GC(1028) Pause Young (Allocation Failure) 2724M->2568M(3641M) 126.287ms
[2025-08-01T01:22:35.690+0000] GC(1028) User=0.93s Sys=0.03s Real=0.12s
[2025-08-01T01:22:35.779+0000] GC(1029) Pause Young (Allocation Failure)
[2025-08-01T01:22:35.871+0000] GC(1029) PSYoungGen: 874656K(931840K)->389824K(931840K) Eden: 465920K(465920K)->0K(465920K) From: 408736K(465920K)->389824K(465920K)
[2025-08-01T01:22:35.871+0000] GC(1029) ParOldGen: 2221853K(2796544K)->2398405K(2796544K)
[2025-08-01T01:22:35.871+0000] GC(1029) Metaspace: 10058K(10240K)->10058K(10240K) NonClass: 8831K(8896K)->8831K(8896K) Class: 1226K(1344K)->1226K(1344K)
[2025-08-01T01:22:35.871+0000] GC(1029) Pause Young (Allocation Failure) 3023M->2722M(3641M) 92.534ms
[2025-08-01T01:22:35.871+0000] GC(1029) User=0.71s Sys=0.01s Real=0.09s
[2025-08-01T01:22:36.007+0000] GC(1030) Pause Full (Ergonomics)
[2025-08-01T01:22:36.007+0000] GC(1030) Marking Phase
[2025-08-01T01:22:36.061+0000] GC(1030) Marking Phase 53.834ms
[2025-08-01T01:22:36.061+0000] GC(1030) Summary Phase
[2025-08-01T01:22:36.062+0000] GC(1030) Summary Phase 0.185ms
[2025-08-01T01:22:36.062+0000] GC(1030) Adjust Roots
[2025-08-01T01:22:36.064+0000] GC(1030) Adjust Roots 2.124ms
[2025-08-01T01:22:36.064+0000] GC(1030) Compaction Phase
[2025-08-01T01:22:36.193+0000] GC(1030) Compaction Phase 128.946ms
[2025-08-01T01:22:36.193+0000] GC(1030) Post Compact
[2025-08-01T01:22:36.219+0000] GC(1030) Post Compact 25.646ms
[2025-08-01T01:22:36.219+0000] GC(1030) PSYoungGen: 855744K(931840K)->0K(931840K) Eden: 465920K(465920K)->0K(465920K) From: 389824K(465920K)->0K(465920K)
[2025-08-01T01:22:36.219+0000] GC(1030) ParOldGen: 2398405K(2796544K)->727476K(2796544K)
[2025-08-01T01:22:36.219+0000] GC(1030) Metaspace: 10058K(10240K)->10058K(10240K) NonClass: 8831K(8896K)->8831K(8896K) Class: 1226K(1344K)->1226K(1344K)
[2025-08-01T01:22:36.219+0000] GC(1030) Pause Full (Ergonomics) 3177M->710M(3641M) 211.502ms
[2025-08-01T01:22:36.219+0000] GC(1030) User=1.42s Sys=0.01s Real=0.21s
[2025-08-01T01:22:36.307+0000] GC(1031) Pause Young (Allocation Failure)
[2025-08-01T01:22:36.388+0000] GC(1031) PSYoungGen: 465920K(931840K)->465920K(931840K) Eden: 465920K(465920K)->0K(465920K) From: 0K(465920K)->465920K(465920K)
[2025-08-01T01:22:36.388+0000] GC(1031) ParOldGen: 727476K(2796544K)->734596K(2796544K)
[2025-08-01T01:22:36.388+0000] GC(1031) Metaspace: 10058K(10240K)->10058K(10240K) NonClass: 8831K(8896K)->8831K(8896K) Class: 1226K(1344K)->1226K(1344K)
[2025-08-01T01:22:36.388+0000] GC(1031) Pause Young (Allocation Failure) 1165M->1172M(3641M) 81.313ms
[2025-08-01T01:22:36.388+0000] GC(1031) User=0.64s Sys=0.01s Real=0.08s
[2025-08-01T01:22:36.477+0000] GC(1032) Pause Young (Allocation Failure)
[2025-08-01T01:22:36.631+0000] GC(1032) PSYoungGen: 931840K(931840K)->398304K(931840K) Eden: 465920K(465920K)->0K(465920K) From: 465920K(465920K)->398304K(465920K)
[2025-08-01T01:22:36.631+0000] GC(1032) ParOldGen: 734596K(2796544K)->1107660K(2796544K)
[2025-08-01T01:22:36.631+0000] GC(1032) Metaspace: 10058K(10240K)->10058K(10240K) NonClass: 8831K(8896K)->8831K(8896K) Class: 1226K(1344K)->1226K(1344K)
[2025-08-01T01:22:36.631+0000] GC(1032) Pause Young (Allocation Failure) 1627M->1470M(3641M) 153.942ms
[2025-08-01T01:22:36.631+0000] GC(1032) User=1.17s Sys=0.05s Real=0.15s
[2025-08-01T01:22:36.717+0000] GC(1033) Pause Young (Allocation Failure)
[2025-08-01T01:22:36.800+0000] GC(1033) PSYoungGen: 864224K(931840K)->421824K(931840K) Eden: 465920K(465920K)->0K(465920K) From: 398304K(465920K)->421824K(465920K)
[2025-08-01T01:22:36.800+0000] GC(1033) ParOldGen: 1107660K(2796544K)->1269596K(2796544K)
[2025-08-01T01:22:36.800+0000] GC(1033) Metaspace: 10058K(10240K)->10058K(10240K) NonClass: 8831K(8896K)->8831K(8896K) Class: 1226K(1344K)->1226K(1344K)
[2025-08-01T01:22:36.800+0000] GC(1033) Pause Young (Allocation Failure) 1925M->1651M(3641M) 83.705ms
[2025-08-01T01:22:36.800+0000] GC(1033) User=0.65s Sys=0.00s Real=0.08s
[2025-08-01T01:22:36.886+0000] GC(1034) Pause Young (Allocation Failure)
[2025-08-01T01:22:37.006+0000] GC(1034) PSYoungGen: 887744K(931840K)->375168K(931840K) Eden: 465920K(465920K)->0K(465920K) From: 421824K(465920K)->375168K(465920K)
[2025-08-01T01:22:37.006+0000] GC(1034) ParOldGen: 1269596K(2796544K)->1581764K(2796544K)
[2025-08-01T01:22:37.006+0000] GC(1034) Metaspace: 10058K(10240K)->10058K(10240K) NonClass: 8831K(8896K)->8831K(8896K) Class: 1226K(1344K)->1226K(1344K)
[2025-08-01T01:22:37.006+0000] GC(1034) Pause Young (Allocation Failure) 2106M->1911M(3641M) 119.725ms
[2025-08-01T01:22:37.006+0000] GC(1034) User=0.91s Sys=0.02s Real=0.12s
[2025-08-01T01:22:37.098+0000] GC(1035) Pause Young (Allocation Failure)
[2025-08-01T01:22:37.291+0000] GC(1035) PSYoungGen: 841088K(931840K)->465920K(931840K) Eden: 465920K(465920K)->0K(465920K) From: 375168K(465920K)->465920K(465920K)
[2025-08-01T01:22:37.291+0000] GC(1035) ParOldGen: 1581764K(2796544K)->1987852K(2796544K)
[2025-08-01T01:22:37.291+0000] GC(1035) Metaspace: 10058K(10240K)->10058K(10240K) NonClass: 8831K(8896K)->8831K(8896K) Class: 1226K(1344K)->1226K(1344K)
[2025-08-01T01:22:37.291+0000] GC(1035) Pause Young (Allocation Failure) 2366M->2396M(3641M) 193.160ms
[2025-08-01T01:22:37.291+0000] GC(1035) User=1.41s Sys=0.05s Real=0.19s
[2025-08-01T01:22:37.379+0000] GC(1036) Pause Young (Allocation Failure)
[2025-08-01T01:22:37.509+0000] GC(1036) PSYoungGen: 931840K(931840K)->263296K(931840K) Eden: 465920K(465920K)->0K(465920K) From: 465920K(465920K)->263296K(465920K)
[2025-08-01T01:22:37.510+0000] GC(1036) ParOldGen: 1987852K(2796544K)->2256388K(2796544K)
[2025-08-01T01:22:37.510+0000] GC(1036) Metaspace: 10058K(10240K)->10058K(10240K) NonClass: 8831K(8896K)->8831K(8896K) Class: 1226K(1344K)->1226K(1344K)
[2025-08-01T01:22:37.510+0000] GC(1036) Pause Young (Allocation Failure) 2851M->2460M(3641M) 130.673ms
[2025-08-01T01:22:37.510+0000] GC(1036) User=0.96s Sys=0.03s Real=0.13s
[2025-08-01T01:22:37.596+0000] GC(1037) Pause Full (Ergonomics)
[2025-08-01T01:22:37.596+0000] GC(1037) Marking Phase
[2025-08-01T01:22:37.670+0000] GC(1037) Marking Phase 74.542ms
[2025-08-01T01:22:37.670+0000] GC(1037) Summary Phase
[2025-08-01T01:22:37.671+0000] GC(1037) Summary Phase 0.196ms
[2025-08-01T01:22:37.671+0000] GC(1037) Adjust Roots
[2025-08-01T01:22:37.672+0000] GC(1037) Adjust Roots 1.714ms
[2025-08-01T01:22:37.672+0000] GC(1037) Compaction Phase
[2025-08-01T01:22:37.812+0000] GC(1037) Compaction Phase 139.727ms
[2025-08-01T01:22:37.812+0000] GC(1037) Post Compact
[2025-08-01T01:22:37.834+0000] GC(1037) Post Compact 21.506ms
[2025-08-01T01:22:37.834+0000] GC(1037) PSYoungGen: 729216K(931840K)->0K(931840K) Eden: 465920K(465920K)->0K(465920K) From: 263296K(465920K)->0K(465920K)
[2025-08-01T01:22:37.834+0000] GC(1037) ParOldGen: 2256388K(2796544K)->741961K(2796544K)
[2025-08-01T01:22:37.834+0000] GC(1037) Metaspace: 10058K(10240K)->10058K(10240K) NonClass: 8831K(8896K)->8831K(8896K) Class: 1226K(1344K)->1226K(1344K)
[2025-08-01T01:22:37.834+0000] GC(1037) Pause Full (Ergonomics) 2915M->724M(3641M) 238.175ms
[2025-08-01T01:22:37.834+0000] GC(1037) User=1.65s Sys=0.03s Real=0.24s
[2025-08-01T01:22:37.921+0000] GC(1038) Pause Young (Allocation Failure)
[2025-08-01T01:22:37.993+0000] GC(1038) PSYoungGen: 465920K(931840K)->376960K(931840K) Eden: 465920K(465920K)->0K(465920K) From: 0K(465920K)->376960K(465920K)
[2025-08-01T01:22:37.993+0000] GC(1038) ParOldGen: 741961K(2796544K)->741961K(2796544K)
[2025-08-01T01:22:37.993+0000] GC(1038) Metaspace: 10058K(10240K)->10058K(10240K) NonClass: 8831K(8896K)->8831K(8896K) Class: 1226K(1344K)->1226K(1344K)
[2025-08-01T01:22:37.993+0000] GC(1038) Pause Young (Allocation Failure) 1179M->1092M(3641M) 71.527ms
[2025-08-01T01:22:37.993+0000] GC(1038) User=0.53s Sys=0.03s Real=0.07s
[2025-08-01T01:22:38.076+0000] GC(1039) Pause Young (Allocation Failure)
[2025-08-01T01:22:38.227+0000] GC(1039) PSYoungGen: 842880K(931840K)->465920K(931840K) Eden: 465920K(465920K)->0K(465920K) From: 376960K(465920K)->465920K(465920K)
[2025-08-01T01:22:38.227+0000] GC(1039) ParOldGen: 741961K(2796544K)->1147329K(2796544K)
[2025-08-01T01:22:38.227+0000] GC(1039) Metaspace: 10058K(10240K)->10058K(10240K) NonClass: 8831K(8896K)->8831K(8896K) Class: 1226K(1344K)->1226K(1344K)
[2025-08-01T01:22:38.227+0000] GC(1039) Pause Young (Allocation Failure) 1547M->1575M(3641M) 150.376ms
[2025-08-01T01:22:38.227+0000] GC(1039) User=1.14s Sys=0.03s Real=0.15s
[2025-08-01T01:22:38.314+0000] GC(1040) Pause Young (Allocation Failure)
[2025-08-01T01:22:38.404+0000] GC(1040) PSYoungGen: 931840K(931840K)->286112K(931840K) Eden: 465920K(465920K)->0K(465920K) From: 465920K(465920K)->286112K(465920K)
[2025-08-01T01:22:38.404+0000] GC(1040) ParOldGen: 1147329K(2796544K)->1402929K(2796544K)
[2025-08-01T01:22:38.404+0000] GC(1040) Metaspace: 10058K(10240K)->10058K(10240K) NonClass: 8831K(8896K)->8831K(8896K) Class: 1226K(1344K)->1226K(1344K)
[2025-08-01T01:22:38.404+0000] GC(1040) Pause Young (Allocation Failure) 2030M->1649M(3641M) 89.768ms
[2025-08-01T01:22:38.404+0000] GC(1040) User=0.68s Sys=0.01s Real=0.09s
[2025-08-01T01:22:38.491+0000] GC(1041) Pause Young (Allocation Failure)
[2025-08-01T01:22:38.616+0000] GC(1041) PSYoungGen: 752032K(931840K)->432448K(931840K) Eden: 465920K(465920K)->0K(465920K) From: 286112K(465920K)->432448K(465920K)
[2025-08-01T01:22:38.616+0000] GC(1041) ParOldGen: 1402929K(2796544K)->1582641K(2796544K)
[2025-08-01T01:22:38.616+0000] GC(1041) Metaspace: 10058K(10240K)->10058K(10240K) NonClass: 8831K(8896K)->8831K(8896K) Class: 1226K(1344K)->1226K(1344K)
[2025-08-01T01:22:38.616+0000] GC(1041) Pause Young (Allocation Failure) 2104M->1967M(3641M) 124.687ms
[2025-08-01T01:22:38.616+0000] GC(1041) User=0.86s Sys=0.06s Real=0.13s
[2025-08-01T01:22:38.707+0000] GC(1042) Pause Young (Allocation Failure)
[2025-08-01T01:22:38.818+0000] GC(1042) PSYoungGen: 898368K(931840K)->360224K(931840K) Eden: 465920K(465920K)->0K(465920K) From: 432448K(465920K)->360224K(465920K)
[2025-08-01T01:22:38.818+0000] GC(1042) ParOldGen: 1582641K(2796544K)->1914689K(2796544K)
[2025-08-01T01:22:38.818+0000] GC(1042) Metaspace: 10058K(10240K)->10058K(10240K) NonClass: 8831K(8896K)->8831K(8896K) Class: 1226K(1344K)->1226K(1344K)
[2025-08-01T01:22:38.818+0000] GC(1042) Pause Young (Allocation Failure) 2422M->2221M(3641M) 111.217ms
[2025-08-01T01:22:38.818+0000] GC(1042) User=0.86s Sys=0.02s Real=0.11s
[2025-08-01T01:22:38.904+0000] GC(1043) Pause Young (Allocation Failure)
[2025-08-01T01:22:39.053+0000] GC(1043) PSYoungGen: 826144K(931840K)->465920K(931840K) Eden: 465920K(465920K)->0K(465920K) From: 360224K(465920K)->465920K(465920K)
[2025-08-01T01:22:39.053+0000] GC(1043) ParOldGen: 1914689K(2796544K)->2304745K(2796544K)
[2025-08-01T01:22:39.053+0000] GC(1043) Metaspace: 10058K(10240K)->10058K(10240K) NonClass: 8831K(8896K)->8831K(8896K) Class: 1226K(1344K)->1226K(1344K)
[2025-08-01T01:22:39.053+0000] GC(1043) Pause Young (Allocation Failure) 2676M->2705M(3641M) 148.432ms
[2025-08-01T01:22:39.053+0000] GC(1043) User=1.14s Sys=0.03s Real=0.14s
[2025-08-01T01:22:39.139+0000] GC(1044) Pause Full (Ergonomics)
[2025-08-01T01:22:39.139+0000] GC(1044) Marking Phase
[2025-08-01T01:22:39.206+0000] GC(1044) Marking Phase 67.176ms
[2025-08-01T01:22:39.206+0000] GC(1044) Summary Phase
[2025-08-01T01:22:39.206+0000] GC(1044) Summary Phase 0.103ms
[2025-08-01T01:22:39.206+0000] GC(1044) Adjust Roots
[2025-08-01T01:22:39.207+0000] GC(1044) Adjust Roots 1.198ms
[2025-08-01T01:22:39.207+0000] GC(1044) Compaction Phase
[2025-08-01T01:22:39.321+0000] GC(1044) Compaction Phase 113.790ms
[2025-08-01T01:22:39.321+0000] GC(1044) Post Compact
[2025-08-01T01:22:39.344+0000] GC(1044) Post Compact 22.852ms
[2025-08-01T01:22:39.344+0000] GC(1044) PSYoungGen: 931840K(931840K)->0K(931840K) Eden: 465920K(465920K)->0K(465920K) From: 465920K(465920K)->0K(465920K)
[2025-08-01T01:22:39.344+0000] GC(1044) ParOldGen: 2304745K(2796544K)->756170K(2796544K)
[2025-08-01T01:22:39.344+0000] GC(1044) Metaspace: 10058K(10240K)->10058K(10240K) NonClass: 8831K(8896K)->8831K(8896K) Class: 1226K(1344K)->1226K(1344K)
[2025-08-01T01:22:39.344+0000] GC(1044) Pause Full (Ergonomics) 3160M->738M(3641M) 205.786ms
[2025-08-01T01:22:39.344+0000] GC(1044) User=1.40s Sys=0.02s Real=0.21s
[2025-08-01T01:22:39.432+0000] GC(1045) Pause Young (Allocation Failure)
[2025-08-01T01:22:39.536+0000] GC(1045) PSYoungGen: 465920K(931840K)->437504K(931840K) Eden: 465920K(465920K)->0K(465920K) From: 0K(465920K)->437504K(465920K)
[2025-08-01T01:22:39.536+0000] GC(1045) ParOldGen: 756170K(2796544K)->756170K(2796544K)
[2025-08-01T01:22:39.536+0000] GC(1045) Metaspace: 10058K(10240K)->10058K(10240K) NonClass: 8831K(8896K)->8831K(8896K) Class: 1226K(1344K)->1226K(1344K)
[2025-08-01T01:22:39.536+0000] GC(1045) Pause Young (Allocation Failure) 1193M->1165M(3641M) 104.384ms
[2025-08-01T01:22:39.536+0000] GC(1045) User=0.80s Sys=0.01s Real=0.11s
[2025-08-01T01:22:39.623+0000] GC(1046) Pause Young (Allocation Failure)
[2025-08-01T01:22:39.732+0000] GC(1046) PSYoungGen: 903424K(931840K)->372768K(931840K) Eden: 465920K(465920K)->0K(465920K) From: 437504K(465920K)->372768K(465920K)
[2025-08-01T01:22:39.732+0000] GC(1046) ParOldGen: 756170K(2796544K)->1087722K(2796544K)
[2025-08-01T01:22:39.732+0000] GC(1046) Metaspace: 10058K(10240K)->10058K(10240K) NonClass: 8831K(8896K)->8831K(8896K) Class: 1226K(1344K)->1226K(1344K)
[2025-08-01T01:22:39.732+0000] GC(1046) Pause Young (Allocation Failure) 1620M->1426M(3641M) 108.979ms
[2025-08-01T01:22:39.732+0000] GC(1046) User=0.85s Sys=0.02s Real=0.10s
[2025-08-01T01:22:39.816+0000] GC(1047) Pause Young (Allocation Failure)
[2025-08-01T01:22:39.985+0000] GC(1047) PSYoungGen: 838688K(931840K)->465920K(931840K) Eden: 465920K(465920K)->0K(465920K) From: 372768K(465920K)->465920K(465920K)
[2025-08-01T01:22:39.986+0000] GC(1047) ParOldGen: 1087722K(2796544K)->1489434K(2796544K)
[2025-08-01T01:22:39.986+0000] GC(1047) Metaspace: 10058K(10240K)->10058K(10240K) NonClass: 8831K(8896K)->8831K(8896K) Class: 1226K(1344K)->1226K(1344K)
[2025-08-01T01:22:39.986+0000] GC(1047) Pause Young (Allocation Failure) 1881M->1909M(3641M) 169.906ms
[2025-08-01T01:22:39.986+0000] GC(1047) User=1.30s Sys=0.04s Real=0.17s
[2025-08-01T01:22:40.070+0000] GC(1048) Pause Young (Allocation Failure)
[2025-08-01T01:22:40.174+0000] GC(1048) PSYoungGen: 931840K(931840K)->274262K(931840K) Eden: 465920K(465920K)->0K(465920K) From: 465920K(465920K)->274262K(465920K)
[2025-08-01T01:22:40.174+0000] GC(1048) ParOldGen: 1489434K(2796544K)->1746722K(2796544K)
[2025-08-01T01:22:40.174+0000] GC(1048) Metaspace: 10058K(10240K)->10058K(10240K) NonClass: 8831K(8896K)->8831K(8896K) Class: 1226K(1344K)->1226K(1344K)
[2025-08-01T01:22:40.174+0000] GC(1048) Pause Young (Allocation Failure) 2364M->1973M(3641M) 103.735ms
[2025-08-01T01:22:40.174+0000] GC(1048) User=0.79s Sys=0.02s Real=0.11s
[2025-08-01T01:22:40.262+0000] GC(1049) Pause Young (Allocation Failure)
[2025-08-01T01:22:40.430+0000] GC(1049) PSYoungGen: 740182K(931840K)->454944K(931840K) Eden: 465920K(465920K)->0K(465920K) From: 274262K(465920K)->454944K(465920K)
[2025-08-01T01:22:40.430+0000] GC(1049) ParOldGen: 1746722K(2796544K)->1914128K(2796544K)
[2025-08-01T01:22:40.430+0000] GC(1049) Metaspace: 10058K(10240K)->10058K(10240K) NonClass: 8831K(8896K)->8831K(8896K) Class: 1226K(1344K)->1226K(1344K)
[2025-08-01T01:22:40.430+0000] GC(1049) Pause Young (Allocation Failure) 2428M->2313M(3641M) 168.035ms
[2025-08-01T01:22:40.431+0000] GC(1049) User=1.28s Sys=0.03s Real=0.17s
[2025-08-01T01:22:40.519+0000] GC(1050) Pause Young (Allocation Failure)
[2025-08-01T01:22:40.658+0000] GC(1050) PSYoungGen: 920864K(931840K)->374272K(931840K) Eden: 465920K(465920K)->0K(465920K) From: 454944K(465920K)->374272K(465920K)
[2025-08-01T01:22:40.658+0000] GC(1050) ParOldGen: 1914128K(2796544K)->2269416K(2796544K)
[2025-08-01T01:22:40.658+0000] GC(1050) Metaspace: 10058K(10240K)->10058K(10240K) NonClass: 8831K(8896K)->8831K(8896K) Class: 1226K(1344K)->1226K(1344K)
[2025-08-01T01:22:40.658+0000] GC(1050) Pause Young (Allocation Failure) 2768M->2581M(3641M) 138.811ms
[2025-08-01T01:22:40.658+0000] GC(1050) User=1.01s Sys=0.03s Real=0.14s
[2025-08-01T01:22:40.744+0000] GC(1051) Pause Young (Allocation Failure)
[2025-08-01T01:22:40.881+0000] GC(1051) PSYoungGen: 840192K(931840K)->465920K(931840K) Eden: 465920K(465920K)->0K(465920K) From: 374272K(465920K)->465920K(465920K)
[2025-08-01T01:22:40.881+0000] GC(1051) ParOldGen: 2269416K(2796544K)->2673296K(2796544K)
[2025-08-01T01:22:40.881+0000] GC(1051) Metaspace: 10058K(10240K)->10058K(10240K) NonClass: 8831K(8896K)->8831K(8896K) Class: 1226K(1344K)->1226K(1344K)
[2025-08-01T01:22:40.881+0000] GC(1051) Pause Young (Allocation Failure) 3036M->3065M(3641M) 136.975ms
[2025-08-01T01:22:40.881+0000] GC(1051) User=1.08s Sys=0.00s Real=0.13s
[2025-08-01T01:22:40.967+0000] GC(1052) Pause Full (Ergonomics)
[2025-08-01T01:22:40.967+0000] GC(1052) Marking Phase
[2025-08-01T01:22:41.042+0000] GC(1052) Marking Phase 75.007ms
[2025-08-01T01:22:41.042+0000] GC(1052) Summary Phase
[2025-08-01T01:22:41.043+0000] GC(1052) Summary Phase 0.150ms
[2025-08-01T01:22:41.043+0000] GC(1052) Adjust Roots
[2025-08-01T01:22:41.044+0000] GC(1052) Adjust Roots 1.893ms
[2025-08-01T01:22:41.044+0000] GC(1052) Compaction Phase
[2025-08-01T01:22:41.213+0000] GC(1052) Compaction Phase 168.832ms
[2025-08-01T01:22:41.213+0000] GC(1052) Post Compact
[2025-08-01T01:22:41.237+0000] GC(1052) Post Compact 23.928ms
[2025-08-01T01:22:41.237+0000] GC(1052) PSYoungGen: 931840K(931840K)->0K(931840K) Eden: 465920K(465920K)->0K(465920K) From: 465920K(465920K)->0K(465920K)
[2025-08-01T01:22:41.237+0000] GC(1052) ParOldGen: 2673296K(2796544K)->1234985K(2796544K)
[2025-08-01T01:22:41.237+0000] GC(1052) Metaspace: 10058K(10240K)->10058K(10240K) NonClass: 8831K(8896K)->8831K(8896K) Class: 1226K(1344K)->1226K(1344K)
[2025-08-01T01:22:41.237+0000] GC(1052) Pause Full (Ergonomics) 3520M->1206M(3641M) 270.405ms
[2025-08-01T01:22:41.238+0000] GC(1052) User=1.91s Sys=0.02s Real=0.27s
[2025-08-01T01:22:41.326+0000] GC(1053) Pause Young (Allocation Failure)
[2025-08-01T01:22:41.441+0000] GC(1053) PSYoungGen: 465920K(931840K)->449824K(931840K) Eden: 465920K(465920K)->0K(465920K) From: 0K(465920K)->449824K(465920K)
[2025-08-01T01:22:41.441+0000] GC(1053) ParOldGen: 1234985K(2796544K)->1234985K(2796544K)
[2025-08-01T01:22:41.441+0000] GC(1053) Metaspace: 10058K(10240K)->10058K(10240K) NonClass: 8831K(8896K)->8831K(8896K) Class: 1226K(1344K)->1226K(1344K)
[2025-08-01T01:22:41.441+0000] GC(1053) Pause Young (Allocation Failure) 1661M->1645M(3641M) 115.527ms
[2025-08-01T01:22:41.441+0000] GC(1053) User=0.87s Sys=0.03s Real=0.11s
[2025-08-01T01:22:41.524+0000] GC(1054) Pause Young (Allocation Failure)
[2025-08-01T01:22:41.634+0000] GC(1054) PSYoungGen: 915744K(931840K)->374784K(931840K) Eden: 465920K(465920K)->0K(465920K) From: 449824K(465920K)->374784K(465920K)
[2025-08-01T01:22:41.634+0000] GC(1054) ParOldGen: 1234985K(2796544K)->1574377K(2796544K)
[2025-08-01T01:22:41.634+0000] GC(1054) Metaspace: 10058K(10240K)->10058K(10240K) NonClass: 8831K(8896K)->8831K(8896K) Class: 1226K(1344K)->1226K(1344K)
[2025-08-01T01:22:41.635+0000] GC(1054) Pause Young (Allocation Failure) 2100M->1903M(3641M) 110.652ms
[2025-08-01T01:22:41.635+0000] GC(1054) User=0.87s Sys=0.00s Real=0.11s
[2025-08-01T01:22:41.720+0000] GC(1055) Pause Young (Allocation Failure)
[2025-08-01T01:22:41.852+0000] GC(1055) PSYoungGen: 840704K(931840K)->465920K(931840K) Eden: 465920K(465920K)->0K(465920K) From: 374784K(465920K)->465920K(465920K)
[2025-08-01T01:22:41.852+0000] GC(1055) ParOldGen: 1574377K(2796544K)->1979065K(2796544K)
[2025-08-01T01:22:41.852+0000] GC(1055) Metaspace: 10058K(10240K)->10058K(10240K) NonClass: 8831K(8896K)->8831K(8896K) Class: 1226K(1344K)->1226K(1344K)
[2025-08-01T01:22:41.853+0000] GC(1055) Pause Young (Allocation Failure) 2358M->2387M(3641M) 132.649ms
[2025-08-01T01:22:41.853+0000] GC(1055) User=1.03s Sys=0.01s Real=0.13s
[2025-08-01T01:22:41.937+0000] GC(1056) Pause Young (Allocation Failure)
[2025-08-01T01:22:42.027+0000] GC(1056) PSYoungGen: 931840K(931840K)->289280K(931840K) Eden: 465920K(465920K)->0K(465920K) From: 465920K(465920K)->289280K(465920K)
[2025-08-01T01:22:42.027+0000] GC(1056) ParOldGen: 1979065K(2796544K)->2217825K(2796544K)
[2025-08-01T01:22:42.027+0000] GC(1056) Metaspace: 10058K(10240K)->10058K(10240K) NonClass: 8831K(8896K)->8831K(8896K) Class: 1226K(1344K)->1226K(1344K)
[2025-08-01T01:22:42.027+0000] GC(1056) Pause Young (Allocation Failure) 2842M->2448M(3641M) 89.492ms
[2025-08-01T01:22:42.027+0000] GC(1056) User=0.67s Sys=0.03s Real=0.09s
[2025-08-01T01:22:42.115+0000] GC(1057) Pause Young (Allocation Failure)
[2025-08-01T01:22:42.228+0000] GC(1057) PSYoungGen: 755200K(931840K)->465920K(931840K) Eden: 465920K(465920K)->0K(465920K) From: 289280K(465920K)->465920K(465920K)
[2025-08-01T01:22:42.229+0000] GC(1057) ParOldGen: 2217825K(2796544K)->2402569K(2796544K)
[2025-08-01T01:22:42.229+0000] GC(1057) Metaspace: 10058K(10240K)->10058K(10240K) NonClass: 8831K(8896K)->8831K(8896K) Class: 1226K(1344K)->1226K(1344K)
[2025-08-01T01:22:42.229+0000] GC(1057) Pause Young (Allocation Failure) 2903M->2801M(3641M) 113.999ms
[2025-08-01T01:22:42.229+0000] GC(1057) User=0.86s Sys=0.02s Real=0.11s
[2025-08-01T01:22:42.315+0000] GC(1058) Pause Full (Ergonomics)
[2025-08-01T01:22:42.316+0000] GC(1058) Marking Phase
[2025-08-01T01:22:42.380+0000] GC(1058) Marking Phase 64.827ms
[2025-08-01T01:22:42.380+0000] GC(1058) Summary Phase
[2025-08-01T01:22:42.380+0000] GC(1058) Summary Phase 0.062ms
[2025-08-01T01:22:42.380+0000] GC(1058) Adjust Roots
[2025-08-01T01:22:42.382+0000] GC(1058) Adjust Roots 1.818ms
[2025-08-01T01:22:42.382+0000] GC(1058) Compaction Phase
[2025-08-01T01:22:42.552+0000] GC(1058) Compaction Phase 169.730ms
[2025-08-01T01:22:42.552+0000] GC(1058) Post Compact
[2025-08-01T01:22:42.574+0000] GC(1058) Post Compact 22.191ms
[2025-08-01T01:22:42.574+0000] GC(1058) PSYoungGen: 931840K(931840K)->0K(931840K) Eden: 465920K(465920K)->0K(465920K) From: 465920K(465920K)->0K(465920K)
[2025-08-01T01:22:42.574+0000] GC(1058) ParOldGen: 2402569K(2796544K)->1244227K(2796544K)
[2025-08-01T01:22:42.574+0000] GC(1058) Metaspace: 10058K(10240K)->10058K(10240K) NonClass: 8831K(8896K)->8831K(8896K) Class: 1226K(1344K)->1226K(1344K)
[2025-08-01T01:22:42.574+0000] GC(1058) Pause Full (Ergonomics) 3256M->1215M(3641M) 258.968ms
[2025-08-01T01:22:42.574+0000] GC(1058) User=1.84s Sys=0.00s Real=0.26s
[2025-08-01T01:22:42.705+0000] GC(1059) Pause Young (Allocation Failure)
[2025-08-01T01:22:42.807+0000] GC(1059) PSYoungGen: 465920K(931840K)->463040K(931840K) Eden: 465920K(465920K)->0K(465920K) From: 0K(465920K)->463040K(465920K)
[2025-08-01T01:22:42.807+0000] GC(1059) ParOldGen: 1244227K(2796544K)->1244227K(2796544K)
[2025-08-01T01:22:42.807+0000] GC(1059) Metaspace: 10058K(10240K)->10058K(10240K) NonClass: 8831K(8896K)->8831K(8896K) Class: 1226K(1344K)->1226K(1344K)
[2025-08-01T01:22:42.807+0000] GC(1059) Pause Young (Allocation Failure) 1670M->1667M(3641M) 101.776ms
[2025-08-01T01:22:42.807+0000] GC(1059) User=0.77s Sys=0.01s Real=0.10s
[2025-08-01T01:22:42.898+0000] GC(1060) Pause Young (Allocation Failure)
[2025-08-01T01:22:42.978+0000] GC(1060) PSYoungGen: 928960K(931840K)->189568K(931840K) Eden: 465920K(465920K)->0K(465920K) From: 463040K(465920K)->189568K(465920K)
[2025-08-01T01:22:42.979+0000] GC(1060) ParOldGen: 1244227K(2796544K)->1349059K(2796544K)
[2025-08-01T01:22:42.979+0000] GC(1060) Metaspace: 10058K(10240K)->10058K(10240K) NonClass: 8831K(8896K)->8831K(8896K) Class: 1226K(1344K)->1226K(1344K)
[2025-08-01T01:22:42.979+0000] GC(1060) Pause Young (Allocation Failure) 2122M->1502M(3641M) 80.576ms
[2025-08-01T01:22:42.979+0000] GC(1060) User=0.59s Sys=0.02s Real=0.08s
[2025-08-01T01:22:43.069+0000] GC(1061) Pause Young (Allocation Failure)
[2025-08-01T01:22:43.170+0000] GC(1061) PSYoungGen: 655488K(931840K)->465920K(931840K) Eden: 465920K(465920K)->0K(465920K) From: 189568K(465920K)->465920K(465920K)
[2025-08-01T01:22:43.170+0000] GC(1061) ParOldGen: 1349059K(2796544K)->1557779K(2796544K)
[2025-08-01T01:22:43.170+0000] GC(1061) Metaspace: 10058K(10240K)->10058K(10240K) NonClass: 8831K(8896K)->8831K(8896K) Class: 1226K(1344K)->1226K(1344K)
[2025-08-01T01:22:43.170+0000] GC(1061) Pause Young (Allocation Failure) 1957M->1976M(3641M) 100.728ms
[2025-08-01T01:22:43.170+0000] GC(1061) User=0.78s Sys=0.01s Real=0.10s
[2025-08-01T01:22:43.257+0000] GC(1062) Pause Young (Allocation Failure)
[2025-08-01T01:22:43.420+0000] GC(1062) PSYoungGen: 931840K(931840K)->361984K(931840K) Eden: 465920K(465920K)->0K(465920K) From: 465920K(465920K)->361984K(465920K)
[2025-08-01T01:22:43.420+0000] GC(1062) ParOldGen: 1557779K(2796544K)->1912995K(2796544K)
[2025-08-01T01:22:43.420+0000] GC(1062) Metaspace: 10058K(10240K)->10058K(10240K) NonClass: 8831K(8896K)->8831K(8896K) Class: 1226K(1344K)->1226K(1344K)
[2025-08-01T01:22:43.420+0000] GC(1062) Pause Young (Allocation Failure) 2431M->2221M(3641M) 162.666ms
[2025-08-01T01:22:43.420+0000] GC(1062) User=1.21s Sys=0.04s Real=0.16s
[2025-08-01T01:22:43.504+0000] GC(1063) Pause Young (Allocation Failure)
[2025-08-01T01:22:43.633+0000] GC(1063) PSYoungGen: 827904K(931840K)->465920K(931840K) Eden: 465920K(465920K)->0K(465920K) From: 361984K(465920K)->465920K(465920K)
[2025-08-01T01:22:43.633+0000] GC(1063) ParOldGen: 1912995K(2796544K)->2302147K(2796544K)
[2025-08-01T01:22:43.633+0000] GC(1063) Metaspace: 10058K(10240K)->10058K(10240K) NonClass: 8831K(8896K)->8831K(8896K) Class: 1226K(1344K)->1226K(1344K)
[2025-08-01T01:22:43.633+0000] GC(1063) Pause Young (Allocation Failure) 2676M->2703M(3641M) 129.026ms
[2025-08-01T01:22:43.633+0000] GC(1063) User=1.00s Sys=0.01s Real=0.12s
[2025-08-01T01:22:43.715+0000] GC(1064) Pause Full (Ergonomics)
[2025-08-01T01:22:43.715+0000] GC(1064) Marking Phase
[2025-08-01T01:22:43.737+0000] GC(1064) Marking Phase 21.564ms
[2025-08-01T01:22:43.737+0000] GC(1064) Summary Phase
[2025-08-01T01:22:43.737+0000] GC(1064) Summary Phase 0.087ms
[2025-08-01T01:22:43.737+0000] GC(1064) Adjust Roots
[2025-08-01T01:22:43.739+0000] GC(1064) Adjust Roots 1.824ms
[2025-08-01T01:22:43.739+0000] GC(1064) Compaction Phase
[2025-08-01T01:22:43.782+0000] GC(1064) Compaction Phase 43.065ms
[2025-08-01T01:22:43.782+0000] GC(1064) Post Compact
[2025-08-01T01:22:43.809+0000] GC(1064) Post Compact 26.813ms
[2025-08-01T01:22:43.809+0000] GC(1064) PSYoungGen: 931840K(931840K)->0K(931840K) Eden: 465920K(465920K)->0K(465920K) From: 465920K(465920K)->0K(465920K)
[2025-08-01T01:22:43.809+0000] GC(1064) ParOldGen: 2302147K(2796544K)->330027K(2796544K)
[2025-08-01T01:22:43.809+0000] GC(1064) Metaspace: 10058K(10240K)->10058K(10240K) NonClass: 8831K(8896K)->8831K(8896K) Class: 1226K(1344K)->1226K(1344K)
[2025-08-01T01:22:43.809+0000] GC(1064) Pause Full (Ergonomics) 3158M->322M(3641M) 93.768ms
[2025-08-01T01:22:43.809+0000] GC(1064) User=0.50s Sys=0.00s Real=0.09s
[2025-08-01T01:22:43.894+0000] GC(1065) Pause Young (Allocation Failure)
[2025-08-01T01:22:44.027+0000] GC(1065) PSYoungGen: 465920K(931840K)->465920K(931840K) Eden: 465920K(465920K)->0K(465920K) From: 0K(465920K)->465920K(465920K)
[2025-08-01T01:22:44.027+0000] GC(1065) ParOldGen: 330027K(2796544K)->337707K(2796544K)
[2025-08-01T01:22:44.027+0000] GC(1065) Metaspace: 10058K(10240K)->10058K(10240K) NonClass: 8831K(8896K)->8831K(8896K) Class: 1226K(1344K)->1226K(1344K)
[2025-08-01T01:22:44.027+0000] GC(1065) Pause Young (Allocation Failure) 777M->784M(3641M) 132.743ms
[2025-08-01T01:22:44.027+0000] GC(1065) User=1.01s Sys=0.02s Real=0.13s
[2025-08-01T01:22:44.121+0000] GC(1066) Pause Young (Allocation Failure)
[2025-08-01T01:22:44.265+0000] GC(1066) PSYoungGen: 931840K(931840K)->376448K(931840K) Eden: 465920K(465920K)->0K(465920K) From: 465920K(465920K)->376448K(465920K)
[2025-08-01T01:22:44.265+0000] GC(1066) ParOldGen: 337707K(2796544K)->712987K(2796544K)
[2025-08-01T01:22:44.265+0000] GC(1066) Metaspace: 10058K(10240K)->10058K(10240K) NonClass: 8831K(8896K)->8831K(8896K) Class: 1226K(1344K)->1226K(1344K)
[2025-08-01T01:22:44.265+0000] GC(1066) Pause Young (Allocation Failure) 1239M->1063M(3641M) 144.340ms
[2025-08-01T01:22:44.265+0000] GC(1066) User=1.09s Sys=0.03s Real=0.15s
[2025-08-01T01:22:44.350+0000] GC(1067) Pause Young (Allocation Failure)
[2025-08-01T01:22:44.551+0000] GC(1067) PSYoungGen: 842368K(931840K)->465920K(931840K) Eden: 465920K(465920K)->0K(465920K) From: 376448K(465920K)->465920K(465920K)
[2025-08-01T01:22:44.551+0000] GC(1067) ParOldGen: 712987K(2796544K)->1116971K(2796544K)
[2025-08-01T01:22:44.551+0000] GC(1067) Metaspace: 10058K(10240K)->10058K(10240K) NonClass: 8831K(8896K)->8831K(8896K) Class: 1226K(1344K)->1226K(1344K)
[2025-08-01T01:22:44.551+0000] GC(1067) Pause Young (Allocation Failure) 1518M->1545M(3641M) 201.011ms
[2025-08-01T01:22:44.551+0000] GC(1067) User=1.55s Sys=0.05s Real=0.20s
[2025-08-01T01:22:44.638+0000] GC(1068) Pause Young (Allocation Failure)
[2025-08-01T01:22:44.730+0000] GC(1068) PSYoungGen: 931840K(931840K)->313056K(931840K) Eden: 465920K(465920K)->0K(465920K) From: 465920K(465920K)->313056K(465920K)
[2025-08-01T01:22:44.730+0000] GC(1068) ParOldGen: 1116971K(2796544K)->1347043K(2796544K)
[2025-08-01T01:22:44.730+0000] GC(1068) Metaspace: 10058K(10240K)->10058K(10240K) NonClass: 8831K(8896K)->8831K(8896K) Class: 1226K(1344K)->1226K(1344K)
[2025-08-01T01:22:44.730+0000] GC(1068) Pause Young (Allocation Failure) 2000M->1621M(3641M) 92.166ms
[2025-08-01T01:22:44.730+0000] GC(1068) User=0.71s Sys=0.00s Real=0.09s
[2025-08-01T01:22:44.818+0000] GC(1069) Pause Young (Allocation Failure)
[2025-08-01T01:22:44.917+0000] GC(1069) PSYoungGen: 778976K(931840K)->429504K(931840K) Eden: 465920K(465920K)->0K(465920K) From: 313056K(465920K)->429504K(465920K)
[2025-08-01T01:22:44.917+0000] GC(1069) ParOldGen: 1347043K(2796544K)->1569107K(2796544K)
[2025-08-01T01:22:44.917+0000] GC(1069) Metaspace: 10058K(10240K)->10058K(10240K) NonClass: 8831K(8896K)->8831K(8896K) Class: 1226K(1344K)->1226K(1344K)
[2025-08-01T01:22:44.917+0000] GC(1069) Pause Young (Allocation Failure) 2076M->1951M(3641M) 99.492ms
[2025-08-01T01:22:44.917+0000] GC(1069) User=0.76s Sys=0.02s Real=0.10s
[2025-08-01T01:22:45.004+0000] GC(1070) Pause Young (Allocation Failure)
[2025-08-01T01:22:45.139+0000] GC(1070) PSYoungGen: 895424K(931840K)->378144K(931840K) Eden: 465920K(465920K)->0K(465920K) From: 429504K(465920K)->378144K(465920K)
[2025-08-01T01:22:45.139+0000] GC(1070) ParOldGen: 1569107K(2796544K)->1898779K(2796544K)
[2025-08-01T01:22:45.139+0000] GC(1070) Metaspace: 10058K(10240K)->10058K(10240K) NonClass: 8831K(8896K)->8831K(8896K) Class: 1226K(1344K)->1226K(1344K)
[2025-08-01T01:22:45.139+0000] GC(1070) Pause Young (Allocation Failure) 2406M->2223M(3641M) 134.414ms
[2025-08-01T01:22:45.139+0000] GC(1070) User=1.02s Sys=0.03s Real=0.13s
[2025-08-01T01:22:45.226+0000] GC(1071) Pause Young (Allocation Failure)
[2025-08-01T01:22:45.371+0000] GC(1071) PSYoungGen: 844064K(931840K)->465920K(931840K) Eden: 465920K(465920K)->0K(465920K) From: 378144K(465920K)->465920K(465920K)
[2025-08-01T01:22:45.371+0000] GC(1071) ParOldGen: 1898779K(2796544K)->2306931K(2796544K)
[2025-08-01T01:22:45.371+0000] GC(1071) Metaspace: 10058K(10240K)->10058K(10240K) NonClass: 8831K(8896K)->8831K(8896K) Class: 1226K(1344K)->1226K(1344K)
[2025-08-01T01:22:45.371+0000] GC(1071) Pause Young (Allocation Failure) 2678M->2707M(3641M) 145.727ms
[2025-08-01T01:22:45.371+0000] GC(1071) User=1.11s Sys=0.02s Real=0.14s
[2025-08-01T01:22:45.455+0000] GC(1072) Pause Full (Ergonomics)
[2025-08-01T01:22:45.455+0000] GC(1072) Marking Phase
[2025-08-01T01:22:45.517+0000] GC(1072) Marking Phase 62.446ms
[2025-08-01T01:22:45.517+0000] GC(1072) Summary Phase
[2025-08-01T01:22:45.517+0000] GC(1072) Summary Phase 0.158ms
[2025-08-01T01:22:45.517+0000] GC(1072) Adjust Roots
[2025-08-01T01:22:45.519+0000] GC(1072) Adjust Roots 1.896ms
[2025-08-01T01:22:45.519+0000] GC(1072) Compaction Phase
[2025-08-01T01:22:45.658+0000] GC(1072) Compaction Phase 138.703ms
[2025-08-01T01:22:45.658+0000] GC(1072) Post Compact
[2025-08-01T01:22:45.678+0000] GC(1072) Post Compact 20.265ms
[2025-08-01T01:22:45.678+0000] GC(1072) PSYoungGen: 931840K(931840K)->0K(931840K) Eden: 465920K(465920K)->0K(465920K) From: 465920K(465920K)->0K(465920K)
[2025-08-01T01:22:45.678+0000] GC(1072) ParOldGen: 2306931K(2796544K)->807917K(2796544K)
[2025-08-01T01:22:45.678+0000] GC(1072) Metaspace: 10058K(10240K)->10058K(10240K) NonClass: 8831K(8896K)->8831K(8896K) Class: 1226K(1344K)->1226K(1344K)
[2025-08-01T01:22:45.678+0000] GC(1072) Pause Full (Ergonomics) 3162M->788M(3641M) 223.936ms
[2025-08-01T01:22:45.679+0000] GC(1072) User=1.55s Sys=0.02s Real=0.22s
[2025-08-01T01:22:45.769+0000] GC(1073) Pause Young (Allocation Failure)
[2025-08-01T01:22:45.859+0000] GC(1073) PSYoungGen: 465920K(931840K)->379968K(931840K) Eden: 465920K(465920K)->0K(465920K) From: 0K(465920K)->379968K(465920K)
[2025-08-01T01:22:45.859+0000] GC(1073) ParOldGen: 807917K(2796544K)->807917K(2796544K)
[2025-08-01T01:22:45.859+0000] GC(1073) Metaspace: 10058K(10240K)->10058K(10240K) NonClass: 8831K(8896K)->8831K(8896K) Class: 1226K(1344K)->1226K(1344K)
[2025-08-01T01:22:45.859+0000] GC(1073) Pause Young (Allocation Failure) 1243M->1160M(3641M) 90.361ms
[2025-08-01T01:22:45.859+0000] GC(1073) User=0.66s Sys=0.02s Real=0.09s
[2025-08-01T01:22:45.950+0000] GC(1074) Pause Young (Allocation Failure)
[2025-08-01T01:22:46.103+0000] GC(1074) PSYoungGen: 845888K(931840K)->410208K(931840K) Eden: 465920K(465920K)->0K(465920K) From: 379968K(465920K)->410208K(465920K)
[2025-08-01T01:22:46.103+0000] GC(1074) ParOldGen: 807917K(2796544K)->1075309K(2796544K)
[2025-08-01T01:22:46.103+0000] GC(1074) Metaspace: 10058K(10240K)->10058K(10240K) NonClass: 8831K(8896K)->8831K(8896K) Class: 1226K(1344K)->1226K(1344K)
[2025-08-01T01:22:46.103+0000] GC(1074) Pause Young (Allocation Failure) 1615M->1450M(3641M) 152.531ms
[2025-08-01T01:22:46.103+0000] GC(1074) User=1.15s Sys=0.04s Real=0.15s
[2025-08-01T01:22:46.187+0000] GC(1075) Pause Young (Allocation Failure)
[2025-08-01T01:22:46.343+0000] GC(1075) PSYoungGen: 876128K(931840K)->465920K(931840K) Eden: 465920K(465920K)->0K(465920K) From: 410208K(465920K)->465920K(465920K)
[2025-08-01T01:22:46.343+0000] GC(1075) ParOldGen: 1075309K(2796544K)->1517717K(2796544K)
[2025-08-01T01:22:46.343+0000] GC(1075) Metaspace: 10058K(10240K)->10058K(10240K) NonClass: 8831K(8896K)->8831K(8896K) Class: 1226K(1344K)->1226K(1344K)
[2025-08-01T01:22:46.343+0000] GC(1075) Pause Young (Allocation Failure) 1905M->1937M(3641M) 155.737ms
[2025-08-01T01:22:46.343+0000] GC(1075) User=1.17s Sys=0.03s Real=0.15s
[2025-08-01T01:22:46.427+0000] GC(1076) Pause Young (Allocation Failure)
[2025-08-01T01:22:46.539+0000] GC(1076) PSYoungGen: 931840K(931840K)->335296K(931840K) Eden: 465920K(465920K)->0K(465920K) From: 465920K(465920K)->335296K(465920K)
[2025-08-01T01:22:46.539+0000] GC(1076) ParOldGen: 1517717K(2796544K)->1757749K(2796544K)
[2025-08-01T01:22:46.539+0000] GC(1076) Metaspace: 10058K(10240K)->10058K(10240K) NonClass: 8831K(8896K)->8831K(8896K) Class: 1226K(1344K)->1226K(1344K)
[2025-08-01T01:22:46.539+0000] GC(1076) Pause Young (Allocation Failure) 2392M->2043M(3641M) 112.411ms
[2025-08-01T01:22:46.540+0000] GC(1076) User=0.85s Sys=0.03s Real=0.11s
[2025-08-01T01:22:46.624+0000] GC(1077) Pause Young (Allocation Failure)
[2025-08-01T01:22:46.730+0000] GC(1077) PSYoungGen: 801216K(931840K)->379008K(931840K) Eden: 465920K(465920K)->0K(465920K) From: 335296K(465920K)->379008K(465920K)
[2025-08-01T01:22:46.730+0000] GC(1077) ParOldGen: 1757749K(2796544K)->1994117K(2796544K)
[2025-08-01T01:22:46.731+0000] GC(1077) Metaspace: 10058K(10240K)->10058K(10240K) NonClass: 8831K(8896K)->8831K(8896K) Class: 1226K(1344K)->1226K(1344K)
[2025-08-01T01:22:46.731+0000] GC(1077) Pause Young (Allocation Failure) 2498M->2317M(3641M) 106.614ms
[2025-08-01T01:22:46.731+0000] GC(1077) User=0.82s Sys=0.01s Real=0.10s
[2025-08-01T01:22:46.819+0000] GC(1078) Pause Young (Allocation Failure)
[2025-08-01T01:22:46.962+0000] GC(1078) PSYoungGen: 844928K(931840K)->425280K(931840K) Eden: 465920K(465920K)->0K(465920K) From: 379008K(465920K)->425280K(465920K)
[2025-08-01T01:22:46.962+0000] GC(1078) ParOldGen: 1994117K(2796544K)->2277133K(2796544K)
[2025-08-01T01:22:46.962+0000] GC(1078) Metaspace: 10058K(10240K)->10058K(10240K) NonClass: 8831K(8896K)->8831K(8896K) Class: 1226K(1344K)->1226K(1344K)
[2025-08-01T01:22:46.962+0000] GC(1078) Pause Young (Allocation Failure) 2772M->2639M(3641M) 142.177ms
[2025-08-01T01:22:46.962+0000] GC(1078) User=1.07s Sys=0.04s Real=0.14s
[2025-08-01T01:22:47.049+0000] GC(1079) Pause Young (Allocation Failure)
[2025-08-01T01:22:47.200+0000] GC(1079) PSYoungGen: 891200K(931840K)->465920K(931840K) Eden: 465920K(465920K)->0K(465920K) From: 425280K(465920K)->465920K(465920K)
[2025-08-01T01:22:47.200+0000] GC(1079) ParOldGen: 2277133K(2796544K)->2733005K(2796544K)
[2025-08-01T01:22:47.200+0000] GC(1079) Metaspace: 10058K(10240K)->10058K(10240K) NonClass: 8831K(8896K)->8831K(8896K) Class: 1226K(1344K)->1226K(1344K)
[2025-08-01T01:22:47.200+0000] GC(1079) Pause Young (Allocation Failure) 3094M->3123M(3641M) 151.068ms
[2025-08-01T01:22:47.200+0000] GC(1079) User=1.16s Sys=0.02s Real=0.15s
[2025-08-01T01:22:47.284+0000] GC(1080) Pause Full (Ergonomics)
[2025-08-01T01:22:47.284+0000] GC(1080) Marking Phase
[2025-08-01T01:22:47.328+0000] GC(1080) Marking Phase 44.081ms
[2025-08-01T01:22:47.328+0000] GC(1080) Summary Phase
[2025-08-01T01:22:47.328+0000] GC(1080) Summary Phase 0.088ms
[2025-08-01T01:22:47.328+0000] GC(1080) Adjust Roots
[2025-08-01T01:22:47.330+0000] GC(1080) Adjust Roots 1.549ms
[2025-08-01T01:22:47.330+0000] GC(1080) Compaction Phase
[2025-08-01T01:22:47.438+0000] GC(1080) Compaction Phase 108.220ms
[2025-08-01T01:22:47.438+0000] GC(1080) Post Compact
[2025-08-01T01:22:47.464+0000] GC(1080) Post Compact 25.722ms
[2025-08-01T01:22:47.464+0000] GC(1080) PSYoungGen: 931840K(931840K)->0K(931840K) Eden: 465920K(465920K)->0K(465920K) From: 465920K(465920K)->0K(465920K)
[2025-08-01T01:22:47.464+0000] GC(1080) ParOldGen: 2733005K(2796544K)->823887K(2796544K)
[2025-08-01T01:22:47.464+0000] GC(1080) Metaspace: 10058K(10240K)->10058K(10240K) NonClass: 8831K(8896K)->8831K(8896K) Class: 1226K(1344K)->1226K(1344K)
[2025-08-01T01:22:47.464+0000] GC(1080) Pause Full (Ergonomics) 3578M->804M(3641M) 180.108ms
[2025-08-01T01:22:47.464+0000] GC(1080) User=1.20s Sys=0.00s Real=0.18s
[2025-08-01T01:22:47.549+0000] GC(1081) Pause Young (Allocation Failure)
[2025-08-01T01:22:47.618+0000] GC(1081) PSYoungGen: 465920K(931840K)->367072K(931840K) Eden: 465920K(465920K)->0K(465920K) From: 0K(465920K)->367072K(465920K)
[2025-08-01T01:22:47.618+0000] GC(1081) ParOldGen: 823887K(2796544K)->823887K(2796544K)
[2025-08-01T01:22:47.618+0000] GC(1081) Metaspace: 10058K(10240K)->10058K(10240K) NonClass: 8831K(8896K)->8831K(8896K) Class: 1226K(1344K)->1226K(1344K)
[2025-08-01T01:22:47.618+0000] GC(1081) Pause Young (Allocation Failure) 1259M->1163M(3641M) 69.526ms
[2025-08-01T01:22:47.618+0000] GC(1081) User=0.52s Sys=0.02s Real=0.07s
[2025-08-01T01:22:47.707+0000] GC(1082) Pause Young (Allocation Failure)
[2025-08-01T01:22:47.826+0000] GC(1082) PSYoungGen: 832992K(931840K)->433024K(931840K) Eden: 465920K(465920K)->0K(465920K) From: 367072K(465920K)->433024K(465920K)
[2025-08-01T01:22:47.827+0000] GC(1082) ParOldGen: 823887K(2796544K)->1087311K(2796544K)
[2025-08-01T01:22:47.827+0000] GC(1082) Metaspace: 10058K(10240K)->10058K(10240K) NonClass: 8831K(8896K)->8831K(8896K) Class: 1226K(1344K)->1226K(1344K)
[2025-08-01T01:22:47.827+0000] GC(1082) Pause Young (Allocation Failure) 1618M->1484M(3641M) 119.681ms
[2025-08-01T01:22:47.827+0000] GC(1082) User=0.87s Sys=0.03s Real=0.12s
[2025-08-01T01:22:47.913+0000] GC(1083) Pause Young (Allocation Failure)
[2025-08-01T01:22:48.113+0000] GC(1083) PSYoungGen: 898944K(931840K)->465920K(931840K) Eden: 465920K(465920K)->0K(465920K) From: 433024K(465920K)->465920K(465920K)
[2025-08-01T01:22:48.113+0000] GC(1083) ParOldGen: 1087311K(2796544K)->1554383K(2796544K)
[2025-08-01T01:22:48.113+0000] GC(1083) Metaspace: 10058K(10240K)->10058K(10240K) NonClass: 8831K(8896K)->8831K(8896K) Class: 1226K(1344K)->1226K(1344K)
[2025-08-01T01:22:48.113+0000] GC(1083) Pause Young (Allocation Failure) 1939M->1972M(3641M) 199.380ms
[2025-08-01T01:22:48.113+0000] GC(1083) User=1.54s Sys=0.05s Real=0.19s
[2025-08-01T01:22:48.198+0000] GC(1084) Pause Young (Allocation Failure)
[2025-08-01T01:22:48.313+0000] GC(1084) PSYoungGen: 931840K(931840K)->370016K(931840K) Eden: 465920K(465920K)->0K(465920K) From: 465920K(465920K)->370016K(465920K)
[2025-08-01T01:22:48.313+0000] GC(1084) ParOldGen: 1554383K(2796544K)->1794599K(2796544K)
[2025-08-01T01:22:48.313+0000] GC(1084) Metaspace: 10058K(10240K)->10058K(10240K) NonClass: 8831K(8896K)->8831K(8896K) Class: 1226K(1344K)->1226K(1344K)
[2025-08-01T01:22:48.313+0000] GC(1084) Pause Young (Allocation Failure) 2427M->2113M(3641M) 115.816ms
[2025-08-01T01:22:48.313+0000] GC(1084) User=0.86s Sys=0.04s Real=0.12s
[2025-08-01T01:22:48.397+0000] GC(1085) Pause Young (Allocation Failure)
[2025-08-01T01:22:48.502+0000] GC(1085) PSYoungGen: 835936K(931840K)->368448K(931840K) Eden: 465920K(465920K)->0K(465920K) From: 370016K(465920K)->368448K(465920K)
[2025-08-01T01:22:48.502+0000] GC(1085) ParOldGen: 1794599K(2796544K)->2067479K(2796544K)
[2025-08-01T01:22:48.502+0000] GC(1085) Metaspace: 10058K(10240K)->10058K(10240K) NonClass: 8831K(8896K)->8831K(8896K) Class: 1226K(1344K)->1226K(1344K)
[2025-08-01T01:22:48.502+0000] GC(1085) Pause Young (Allocation Failure) 2568M->2378M(3641M) 104.509ms
[2025-08-01T01:22:48.502+0000] GC(1085) User=0.79s Sys=0.02s Real=0.10s
[2025-08-01T01:22:48.587+0000] GC(1086) Pause Young (Allocation Failure)
[2025-08-01T01:22:48.728+0000] GC(1086) PSYoungGen: 834368K(931840K)->409280K(931840K) Eden: 465920K(465920K)->0K(465920K) From: 368448K(465920K)->409280K(465920K)
[2025-08-01T01:22:48.728+0000] GC(1086) ParOldGen: 2067479K(2796544K)->2324247K(2796544K)
[2025-08-01T01:22:48.728+0000] GC(1086) Metaspace: 10058K(10240K)->10058K(10240K) NonClass: 8831K(8896K)->8831K(8896K) Class: 1226K(1344K)->1226K(1344K)
[2025-08-01T01:22:48.728+0000] GC(1086) Pause Young (Allocation Failure) 2833M->2669M(3641M) 141.096ms
[2025-08-01T01:22:48.728+0000] GC(1086) User=1.04s Sys=0.04s Real=0.14s
[2025-08-01T01:22:48.813+0000] GC(1087) Pause Full (Ergonomics)
[2025-08-01T01:22:48.813+0000] GC(1087) Marking Phase
[2025-08-01T01:22:48.897+0000] GC(1087) Marking Phase 84.238ms
[2025-08-01T01:22:48.897+0000] GC(1087) Summary Phase
[2025-08-01T01:22:48.897+0000] GC(1087) Summary Phase 0.067ms
[2025-08-01T01:22:48.897+0000] GC(1087) Adjust Roots
[2025-08-01T01:22:48.899+0000] GC(1087) Adjust Roots 2.439ms
[2025-08-01T01:22:48.899+0000] GC(1087) Compaction Phase
[2025-08-01T01:22:49.081+0000] GC(1087) Compaction Phase 181.774ms
[2025-08-01T01:22:49.081+0000] GC(1087) Post Compact
[2025-08-01T01:22:49.103+0000] GC(1087) Post Compact 21.709ms
[2025-08-01T01:22:49.103+0000] GC(1087) PSYoungGen: 875200K(931840K)->0K(931840K) Eden: 465920K(465920K)->0K(465920K) From: 409280K(465920K)->0K(465920K)
[2025-08-01T01:22:49.103+0000] GC(1087) ParOldGen: 2324247K(2796544K)->1298996K(2796544K)
[2025-08-01T01:22:49.103+0000] GC(1087) Metaspace: 10058K(10240K)->10058K(10240K) NonClass: 8831K(8896K)->8831K(8896K) Class: 1226K(1344K)->1226K(1344K)
[2025-08-01T01:22:49.103+0000] GC(1087) Pause Full (Ergonomics) 3124M->1268M(3641M) 290.664ms
[2025-08-01T01:22:49.103+0000] GC(1087) User=2.05s Sys=0.02s Real=0.29s
[2025-08-01T01:22:49.193+0000] GC(1088) Pause Young (Allocation Failure)
[2025-08-01T01:22:49.268+0000] GC(1088) PSYoungGen: 465920K(931840K)->393792K(931840K) Eden: 465920K(465920K)->0K(465920K) From: 0K(465920K)->393792K(465920K)
[2025-08-01T01:22:49.268+0000] GC(1088) ParOldGen: 1298996K(2796544K)->1298996K(2796544K)
[2025-08-01T01:22:49.268+0000] GC(1088) Metaspace: 10058K(10240K)->10058K(10240K) NonClass: 8831K(8896K)->8831K(8896K) Class: 1226K(1344K)->1226K(1344K)
[2025-08-01T01:22:49.268+0000] GC(1088) Pause Young (Allocation Failure) 1723M->1653M(3641M) 75.388ms
[2025-08-01T01:22:49.268+0000] GC(1088) User=0.56s Sys=0.03s Real=0.07s
[2025-08-01T01:22:49.350+0000] GC(1089) Pause Young (Allocation Failure)
[2025-08-01T01:22:49.471+0000] GC(1089) PSYoungGen: 859712K(931840K)->360544K(931840K) Eden: 465920K(465920K)->0K(465920K) From: 393792K(465920K)->360544K(465920K)
[2025-08-01T01:22:49.471+0000] GC(1089) ParOldGen: 1298996K(2796544K)->1593820K(2796544K)
[2025-08-01T01:22:49.471+0000] GC(1089) Metaspace: 10058K(10240K)->10058K(10240K) NonClass: 8831K(8896K)->8831K(8896K) Class: 1226K(1344K)->1226K(1344K)
[2025-08-01T01:22:49.471+0000] GC(1089) Pause Young (Allocation Failure) 2108M->1908M(3641M) 121.187ms
[2025-08-01T01:22:49.472+0000] GC(1089) User=0.90s Sys=0.02s Real=0.12s
[2025-08-01T01:22:49.559+0000] GC(1090) Pause Young (Allocation Failure)
[2025-08-01T01:22:49.695+0000] GC(1090) PSYoungGen: 826464K(931840K)->407168K(931840K) Eden: 465920K(465920K)->0K(465920K) From: 360544K(465920K)->407168K(465920K)
[2025-08-01T01:22:49.695+0000] GC(1090) ParOldGen: 1593820K(2796544K)->1845524K(2796544K)
[2025-08-01T01:22:49.695+0000] GC(1090) Metaspace: 10058K(10240K)->10058K(10240K) NonClass: 8831K(8896K)->8831K(8896K) Class: 1226K(1344K)->1226K(1344K)
[2025-08-01T01:22:49.695+0000] GC(1090) Pause Young (Allocation Failure) 2363M->2199M(3641M) 135.879ms
[2025-08-01T01:22:49.695+0000] GC(1090) User=1.02s Sys=0.03s Real=0.14s
[2025-08-01T01:22:49.783+0000] GC(1091) Pause Young (Allocation Failure)
[2025-08-01T01:22:49.981+0000] GC(1091) PSYoungGen: 873088K(931840K)->465920K(931840K) Eden: 465920K(465920K)->0K(465920K) From: 407168K(465920K)->465920K(465920K)
[2025-08-01T01:22:49.981+0000] GC(1091) ParOldGen: 1845524K(2796544K)->2286140K(2796544K)
[2025-08-01T01:22:49.981+0000] GC(1091) Metaspace: 10058K(10240K)->10058K(10240K) NonClass: 8831K(8896K)->8831K(8896K) Class: 1226K(1344K)->1226K(1344K)
[2025-08-01T01:22:49.981+0000] GC(1091) Pause Young (Allocation Failure) 2654M->2687M(3641M) 198.162ms
[2025-08-01T01:22:49.981+0000] GC(1091) User=1.46s Sys=0.03s Real=0.19s
[2025-08-01T01:22:50.071+0000] GC(1092) Pause Young (Allocation Failure)
[2025-08-01T01:22:50.193+0000] GC(1092) PSYoungGen: 931840K(931840K)->410496K(931840K) Eden: 465920K(465920K)->0K(465920K) From: 465920K(465920K)->410496K(465920K)
[2025-08-01T01:22:50.193+0000] GC(1092) ParOldGen: 2286140K(2796544K)->2525988K(2796544K)
[2025-08-01T01:22:50.193+0000] GC(1092) Metaspace: 10058K(10240K)->10058K(10240K) NonClass: 8831K(8896K)->8831K(8896K) Class: 1226K(1344K)->1226K(1344K)
[2025-08-01T01:22:50.193+0000] GC(1092) Pause Young (Allocation Failure) 3142M->2867M(3641M) 121.784ms
[2025-08-01T01:22:50.193+0000] GC(1092) User=0.92s Sys=0.03s Real=0.12s
[2025-08-01T01:22:50.277+0000] GC(1093) Pause Full (Ergonomics)
[2025-08-01T01:22:50.277+0000] GC(1093) Marking Phase
[2025-08-01T01:22:50.317+0000] GC(1093) Marking Phase 39.087ms
[2025-08-01T01:22:50.317+0000] GC(1093) Summary Phase
[2025-08-01T01:22:50.317+0000] GC(1093) Summary Phase 0.084ms
[2025-08-01T01:22:50.317+0000] GC(1093) Adjust Roots
[2025-08-01T01:22:50.318+0000] GC(1093) Adjust Roots 1.606ms
[2025-08-01T01:22:50.318+0000] GC(1093) Compaction Phase
[2025-08-01T01:22:50.431+0000] GC(1093) Compaction Phase 112.746ms
[2025-08-01T01:22:50.431+0000] GC(1093) Post Compact
[2025-08-01T01:22:50.454+0000] GC(1093) Post Compact 22.512ms
[2025-08-01T01:22:50.454+0000] GC(1093) PSYoungGen: 876416K(931840K)->0K(931840K) Eden: 465920K(465920K)->0K(465920K) From: 410496K(465920K)->0K(465920K)
[2025-08-01T01:22:50.454+0000] GC(1093) ParOldGen: 2525988K(2796544K)->844679K(2796544K)
[2025-08-01T01:22:50.454+0000] GC(1093) Metaspace: 10058K(10240K)->10058K(10240K) NonClass: 8831K(8896K)->8831K(8896K) Class: 1226K(1344K)->1226K(1344K)
[2025-08-01T01:22:50.454+0000] GC(1093) Pause Full (Ergonomics) 3322M->824M(3641M) 176.432ms
[2025-08-01T01:22:50.454+0000] GC(1093) User=1.20s Sys=0.00s Real=0.18s
[2025-08-01T01:22:50.541+0000] GC(1094) Pause Young (Allocation Failure)
[2025-08-01T01:22:50.636+0000] GC(1094) PSYoungGen: 465920K(931840K)->412416K(931840K) Eden: 465920K(465920K)->0K(465920K) From: 0K(465920K)->412416K(465920K)
[2025-08-01T01:22:50.636+0000] GC(1094) ParOldGen: 844679K(2796544K)->844679K(2796544K)
[2025-08-01T01:22:50.636+0000] GC(1094) Metaspace: 10058K(10240K)->10058K(10240K) NonClass: 8831K(8896K)->8831K(8896K) Class: 1226K(1344K)->1226K(1344K)
[2025-08-01T01:22:50.636+0000] GC(1094) Pause Young (Allocation Failure) 1279M->1227M(3641M) 94.861ms
[2025-08-01T01:22:50.636+0000] GC(1094) User=0.73s Sys=0.01s Real=0.10s
[2025-08-01T01:22:50.727+0000] GC(1095) Pause Young (Allocation Failure)
[2025-08-01T01:22:50.864+0000] GC(1095) PSYoungGen: 878336K(931840K)->465920K(931840K) Eden: 465920K(465920K)->0K(465920K) From: 412416K(465920K)->465920K(465920K)
[2025-08-01T01:22:50.865+0000] GC(1095) ParOldGen: 844679K(2796544K)->1289615K(2796544K)
[2025-08-01T01:22:50.865+0000] GC(1095) Metaspace: 10058K(10240K)->10058K(10240K) NonClass: 8831K(8896K)->8831K(8896K) Class: 1226K(1344K)->1226K(1344K)
[2025-08-01T01:22:50.865+0000] GC(1095) Pause Young (Allocation Failure) 1682M->1714M(3641M) 137.357ms
[2025-08-01T01:22:50.865+0000] GC(1095) User=1.06s Sys=0.02s Real=0.14s
[2025-08-01T01:22:50.951+0000] GC(1096) Pause Young (Allocation Failure)
[2025-08-01T01:22:51.057+0000] GC(1096) PSYoungGen: 931840K(931840K)->421184K(931840K) Eden: 465920K(465920K)->0K(465920K) From: 465920K(465920K)->421184K(465920K)
[2025-08-01T01:22:51.057+0000] GC(1096) ParOldGen: 1289615K(2796544K)->1526695K(2796544K)
[2025-08-01T01:22:51.057+0000] GC(1096) Metaspace: 10058K(10240K)->10058K(10240K) NonClass: 8831K(8896K)->8831K(8896K) Class: 1226K(1344K)->1226K(1344K)
[2025-08-01T01:22:51.057+0000] GC(1096) Pause Young (Allocation Failure) 2169M->1902M(3641M) 105.546ms
[2025-08-01T01:22:51.057+0000] GC(1096) User=0.76s Sys=0.02s Real=0.11s
[2025-08-01T01:22:51.139+0000] GC(1097) Pause Young (Allocation Failure)
[2025-08-01T01:22:51.303+0000] GC(1097) PSYoungGen: 887104K(931840K)->359104K(931840K) Eden: 465920K(465920K)->0K(465920K) From: 421184K(465920K)->359104K(465920K)
[2025-08-01T01:22:51.303+0000] GC(1097) ParOldGen: 1526695K(2796544K)->1833455K(2796544K)
[2025-08-01T01:22:51.303+0000] GC(1097) Metaspace: 10058K(10240K)->10058K(10240K) NonClass: 8831K(8896K)->8831K(8896K) Class: 1226K(1344K)->1226K(1344K)
[2025-08-01T01:22:51.303+0000] GC(1097) Pause Young (Allocation Failure) 2357M->2141M(3641M) 164.248ms
[2025-08-01T01:22:51.303+0000] GC(1097) User=1.24s Sys=0.05s Real=0.17s
[2025-08-01T01:22:51.389+0000] GC(1098) Pause Young (Allocation Failure)
[2025-08-01T01:22:51.549+0000] GC(1098) PSYoungGen: 825024K(931840K)->411712K(931840K) Eden: 465920K(465920K)->0K(465920K) From: 359104K(465920K)->411712K(465920K)
[2025-08-01T01:22:51.549+0000] GC(1098) ParOldGen: 1833455K(2796544K)->2079615K(2796544K)
[2025-08-01T01:22:51.549+0000] GC(1098) Metaspace: 10058K(10240K)->10058K(10240K) NonClass: 8831K(8896K)->8831K(8896K) Class: 1226K(1344K)->1226K(1344K)
[2025-08-01T01:22:51.549+0000] GC(1098) Pause Young (Allocation Failure) 2596M->2432M(3641M) 159.971ms
[2025-08-01T01:22:51.549+0000] GC(1098) User=1.23s Sys=0.02s Real=0.16s
[2025-08-01T01:22:51.642+0000] GC(1099) Pause Young (Allocation Failure)
[2025-08-01T01:22:51.749+0000] GC(1099) PSYoungGen: 877632K(931840K)->345632K(931840K) Eden: 465920K(465920K)->0K(465920K) From: 411712K(465920K)->345632K(465920K)
[2025-08-01T01:22:51.749+0000] GC(1099) ParOldGen: 2079615K(2796544K)->2390679K(2796544K)
[2025-08-01T01:22:51.749+0000] GC(1099) Metaspace: 10058K(10240K)->10058K(10240K) NonClass: 8831K(8896K)->8831K(8896K) Class: 1226K(1344K)->1226K(1344K)
[2025-08-01T01:22:51.749+0000] GC(1099) Pause Young (Allocation Failure) 2887M->2672M(3641M) 107.082ms
[2025-08-01T01:22:51.749+0000] GC(1099) User=0.81s Sys=0.02s Real=0.11s
[2025-08-01T01:22:51.836+0000] GC(1100) Pause Full (Ergonomics)
[2025-08-01T01:22:51.836+0000] GC(1100) Marking Phase
[2025-08-01T01:22:51.904+0000] GC(1100) Marking Phase 68.160ms
[2025-08-01T01:22:51.904+0000] GC(1100) Summary Phase
[2025-08-01T01:22:51.904+0000] GC(1100) Summary Phase 0.099ms
[2025-08-01T01:22:51.904+0000] GC(1100) Adjust Roots
[2025-08-01T01:22:51.906+0000] GC(1100) Adjust Roots 2.299ms
[2025-08-01T01:22:51.906+0000] GC(1100) Compaction Phase
[2025-08-01T01:22:52.036+0000] GC(1100) Compaction Phase 129.067ms
[2025-08-01T01:22:52.036+0000] GC(1100) Post Compact
[2025-08-01T01:22:52.058+0000] GC(1100) Post Compact 21.987ms
[2025-08-01T01:22:52.058+0000] GC(1100) PSYoungGen: 811552K(931840K)->0K(931840K) Eden: 465920K(465920K)->0K(465920K) From: 345632K(465920K)->0K(465920K)
[2025-08-01T01:22:52.058+0000] GC(1100) ParOldGen: 2390679K(2796544K)->858962K(2796544K)
[2025-08-01T01:22:52.058+0000] GC(1100) Metaspace: 10058K(10240K)->10058K(10240K) NonClass: 8831K(8896K)->8831K(8896K) Class: 1226K(1344K)->1226K(1344K)
[2025-08-01T01:22:52.058+0000] GC(1100) Pause Full (Ergonomics) 3127M->838M(3641M) 222.025ms
[2025-08-01T01:22:52.058+0000] GC(1100) User=1.51s Sys=0.03s Real=0.22s
[2025-08-01T01:22:52.143+0000] GC(1101) Pause Young (Allocation Failure)
[2025-08-01T01:22:52.231+0000] GC(1101) PSYoungGen: 465920K(931840K)->465920K(931840K) Eden: 465920K(465920K)->0K(465920K) From: 0K(465920K)->465920K(465920K)
[2025-08-01T01:22:52.231+0000] GC(1101) ParOldGen: 858962K(2796544K)->864930K(2796544K)
[2025-08-01T01:22:52.231+0000] GC(1101) Metaspace: 10058K(10240K)->10058K(10240K) NonClass: 8831K(8896K)->8831K(8896K) Class: 1226K(1344K)->1226K(1344K)
[2025-08-01T01:22:52.231+0000] GC(1101) Pause Young (Allocation Failure) 1293M->1299M(3641M) 87.971ms
[2025-08-01T01:22:52.231+0000] GC(1101) User=0.66s Sys=0.03s Real=0.08s
[2025-08-01T01:22:52.316+0000] GC(1102) Pause Young (Allocation Failure)
[2025-08-01T01:22:52.423+0000] GC(1102) PSYoungGen: 931840K(931840K)->409408K(931840K) Eden: 465920K(465920K)->0K(465920K) From: 465920K(465920K)->409408K(465920K)
[2025-08-01T01:22:52.423+0000] GC(1102) ParOldGen: 864930K(2796544K)->1116306K(2796544K)
[2025-08-01T01:22:52.423+0000] GC(1102) Metaspace: 10058K(10240K)->10058K(10240K) NonClass: 8831K(8896K)->8831K(8896K) Class: 1226K(1344K)->1226K(1344K)
[2025-08-01T01:22:52.423+0000] GC(1102) Pause Young (Allocation Failure) 1754M->1489M(3641M) 106.753ms
[2025-08-01T01:22:52.423+0000] GC(1102) User=0.83s Sys=0.01s Real=0.11s
[2025-08-01T01:22:52.512+0000] GC(1103) Pause Young (Allocation Failure)
[2025-08-01T01:22:52.682+0000] GC(1103) PSYoungGen: 875328K(931840K)->355808K(931840K) Eden: 465920K(465920K)->0K(465920K) From: 409408K(465920K)->355808K(465920K)
[2025-08-01T01:22:52.682+0000] GC(1103) ParOldGen: 1116306K(2796544K)->1424722K(2796544K)
[2025-08-01T01:22:52.682+0000] GC(1103) Metaspace: 10058K(10240K)->10058K(10240K) NonClass: 8831K(8896K)->8831K(8896K) Class: 1226K(1344K)->1226K(1344K)
[2025-08-01T01:22:52.682+0000] GC(1103) Pause Young (Allocation Failure) 1944M->1738M(3641M) 169.993ms
[2025-08-01T01:22:52.682+0000] GC(1103) User=1.31s Sys=0.03s Real=0.17s
[2025-08-01T01:22:52.767+0000] GC(1104) Pause Young (Allocation Failure)
[2025-08-01T01:22:52.874+0000] GC(1104) PSYoungGen: 821728K(931840K)->462784K(931840K) Eden: 465920K(465920K)->0K(465920K) From: 355808K(465920K)->462784K(465920K)
[2025-08-01T01:22:52.874+0000] GC(1104) ParOldGen: 1424722K(2796544K)->1650978K(2796544K)
[2025-08-01T01:22:52.874+0000] GC(1104) Metaspace: 10058K(10240K)->10058K(10240K) NonClass: 8831K(8896K)->8831K(8896K) Class: 1226K(1344K)->1226K(1344K)
[2025-08-01T01:22:52.874+0000] GC(1104) Pause Young (Allocation Failure) 2193M->2064M(3641M) 106.879ms
[2025-08-01T01:22:52.874+0000] GC(1104) User=0.84s Sys=0.01s Real=0.11s
[2025-08-01T01:22:52.963+0000] GC(1105) Pause Young (Allocation Failure)
[2025-08-01T01:22:53.146+0000] GC(1105) PSYoungGen: 928704K(931840K)->465920K(931840K) Eden: 465920K(465920K)->0K(465920K) From: 462784K(465920K)->465920K(465920K)
[2025-08-01T01:22:53.146+0000] GC(1105) ParOldGen: 1650978K(2796544K)->2150882K(2796544K)
[2025-08-01T01:22:53.146+0000] GC(1105) Metaspace: 10058K(10240K)->10058K(10240K) NonClass: 8831K(8896K)->8831K(8896K) Class: 1226K(1344K)->1226K(1344K)
[2025-08-01T01:22:53.146+0000] GC(1105) Pause Young (Allocation Failure) 2519M->2555M(3641M) 183.381ms
[2025-08-01T01:22:53.146+0000] GC(1105) User=1.35s Sys=0.04s Real=0.18s
[2025-08-01T01:22:53.235+0000] GC(1106) Pause Young (Allocation Failure)
[2025-08-01T01:22:53.400+0000] GC(1106) PSYoungGen: 931840K(931840K)->383552K(931840K) Eden: 465920K(465920K)->0K(465920K) From: 465920K(465920K)->383552K(465920K)
[2025-08-01T01:22:53.400+0000] GC(1106) ParOldGen: 2150882K(2796544K)->2399450K(2796544K)
[2025-08-01T01:22:53.400+0000] GC(1106) Metaspace: 10058K(10240K)->10058K(10240K) NonClass: 8831K(8896K)->8831K(8896K) Class: 1226K(1344K)->1226K(1344K)
[2025-08-01T01:22:53.400+0000] GC(1106) Pause Young (Allocation Failure) 3010M->2717M(3641M) 164.282ms
[2025-08-01T01:22:53.400+0000] GC(1106) User=1.23s Sys=0.04s Real=0.16s
[2025-08-01T01:22:53.491+0000] GC(1107) Pause Full (Ergonomics)
[2025-08-01T01:22:53.491+0000] GC(1107) Marking Phase
[2025-08-01T01:22:53.533+0000] GC(1107) Marking Phase 41.260ms
[2025-08-01T01:22:53.533+0000] GC(1107) Summary Phase
[2025-08-01T01:22:53.533+0000] GC(1107) Summary Phase 0.068ms
[2025-08-01T01:22:53.533+0000] GC(1107) Adjust Roots
[2025-08-01T01:22:53.535+0000] GC(1107) Adjust Roots 2.296ms
[2025-08-01T01:22:53.535+0000] GC(1107) Compaction Phase
[2025-08-01T01:22:53.603+0000] GC(1107) Compaction Phase 68.357ms
[2025-08-01T01:22:53.603+0000] GC(1107) Post Compact
[2025-08-01T01:22:53.627+0000] GC(1107) Post Compact 23.399ms
[2025-08-01T01:22:53.627+0000] GC(1107) PSYoungGen: 849472K(931840K)->0K(931840K) Eden: 465920K(465920K)->0K(465920K) From: 383552K(465920K)->0K(465920K)
[2025-08-01T01:22:53.627+0000] GC(1107) ParOldGen: 2399450K(2796544K)->410736K(2796544K)
[2025-08-01T01:22:53.627+0000] GC(1107) Metaspace: 10058K(10240K)->10058K(10240K) NonClass: 8831K(8896K)->8831K(8896K) Class: 1226K(1344K)->1226K(1344K)
[2025-08-01T01:22:53.627+0000] GC(1107) Pause Full (Ergonomics) 3172M->401M(3641M) 135.751ms
[2025-08-01T01:22:53.627+0000] GC(1107) User=0.84s Sys=0.03s Real=0.14s
[2025-08-01T01:22:53.714+0000] GC(1108) Pause Young (Allocation Failure)
[2025-08-01T01:22:53.798+0000] GC(1108) PSYoungGen: 465920K(931840K)->465920K(931840K) Eden: 465920K(465920K)->0K(465920K) From: 0K(465920K)->465920K(465920K)
[2025-08-01T01:22:53.798+0000] GC(1108) ParOldGen: 410736K(2796544K)->418200K(2796544K)
[2025-08-01T01:22:53.798+0000] GC(1108) Metaspace: 10058K(10240K)->10058K(10240K) NonClass: 8831K(8896K)->8831K(8896K) Class: 1226K(1344K)->1226K(1344K)
[2025-08-01T01:22:53.798+0000] GC(1108) Pause Young (Allocation Failure) 856M->863M(3641M) 83.736ms
[2025-08-01T01:22:53.798+0000] GC(1108) User=0.64s Sys=0.02s Real=0.08s
[2025-08-01T01:22:53.888+0000] GC(1109) Pause Young (Allocation Failure)
[2025-08-01T01:22:54.053+0000] GC(1109) PSYoungGen: 931840K(931840K)->465920K(931840K) Eden: 465920K(465920K)->0K(465920K) From: 465920K(465920K)->465920K(465920K)
[2025-08-01T01:22:54.053+0000] GC(1109) ParOldGen: 418200K(2796544K)->920872K(2796544K)
[2025-08-01T01:22:54.053+0000] GC(1109) Metaspace: 10058K(10240K)->10058K(10240K) NonClass: 8831K(8896K)->8831K(8896K) Class: 1226K(1344K)->1226K(1344K)
[2025-08-01T01:22:54.053+0000] GC(1109) Pause Young (Allocation Failure) 1318M->1354M(3641M) 165.529ms
[2025-08-01T01:22:54.053+0000] GC(1109) User=1.25s Sys=0.04s Real=0.17s
[2025-08-01T01:22:54.142+0000] GC(1110) Pause Young (Allocation Failure)
[2025-08-01T01:22:54.239+0000] GC(1110) PSYoungGen: 931840K(931840K)->369088K(931840K) Eden: 465920K(465920K)->0K(465920K) From: 465920K(465920K)->369088K(465920K)
[2025-08-01T01:22:54.239+0000] GC(1110) ParOldGen: 920872K(2796544K)->1164000K(2796544K)
[2025-08-01T01:22:54.239+0000] GC(1110) Metaspace: 10058K(10240K)->10058K(10240K) NonClass: 8831K(8896K)->8831K(8896K) Class: 1226K(1344K)->1226K(1344K)
[2025-08-01T01:22:54.239+0000] GC(1110) Pause Young (Allocation Failure) 1809M->1497M(3641M) 97.044ms
[2025-08-01T01:22:54.239+0000] GC(1110) User=0.73s Sys=0.03s Real=0.10s
[2025-08-01T01:22:54.378+0000] GC(1111) Pause Young (Allocation Failure)
[2025-08-01T01:22:54.483+0000] GC(1111) PSYoungGen: 835008K(931840K)->252224K(931840K) Eden: 465920K(465920K)->0K(465920K) From: 369088K(465920K)->252224K(465920K)
[2025-08-01T01:22:54.483+0000] GC(1111) ParOldGen: 1164000K(2796544K)->1305968K(2796544K)
[2025-08-01T01:22:54.483+0000] GC(1111) Metaspace: 10058K(10240K)->10058K(10240K) NonClass: 8831K(8896K)->8831K(8896K) Class: 1226K(1344K)->1226K(1344K)
[2025-08-01T01:22:54.483+0000] GC(1111) Pause Young (Allocation Failure) 1952M->1521M(3641M) 104.718ms
[2025-08-01T01:22:54.483+0000] GC(1111) User=0.80s Sys=0.03s Real=0.11s
[2025-08-01T01:22:54.576+0000] GC(1112) Pause Young (Allocation Failure)
[2025-08-01T01:22:54.679+0000] GC(1112) PSYoungGen: 718144K(931840K)->465920K(931840K) Eden: 465920K(465920K)->0K(465920K) From: 252224K(465920K)->465920K(465920K)
[2025-08-01T01:22:54.679+0000] GC(1112) ParOldGen: 1305968K(2796544K)->1581216K(2796544K)
[2025-08-01T01:22:54.679+0000] GC(1112) Metaspace: 10058K(10240K)->10058K(10240K) NonClass: 8831K(8896K)->8831K(8896K) Class: 1226K(1344K)->1226K(1344K)
[2025-08-01T01:22:54.679+0000] GC(1112) Pause Young (Allocation Failure) 1976M->1999M(3641M) 103.401ms
[2025-08-01T01:22:54.679+0000] GC(1112) User=0.82s Sys=0.00s Real=0.10s
[2025-08-01T01:22:54.769+0000] GC(1113) Pause Young (Allocation Failure)
[2025-08-01T01:22:54.910+0000] GC(1113) PSYoungGen: 931840K(931840K)->465920K(931840K) Eden: 465920K(465920K)->0K(465920K) From: 465920K(465920K)->465920K(465920K)
[2025-08-01T01:22:54.910+0000] GC(1113) ParOldGen: 1581216K(2796544K)->2084048K(2796544K)
[2025-08-01T01:22:54.910+0000] GC(1113) Metaspace: 10058K(10240K)->10058K(10240K) NonClass: 8831K(8896K)->8831K(8896K) Class: 1226K(1344K)->1226K(1344K)
[2025-08-01T01:22:54.910+0000] GC(1113) Pause Young (Allocation Failure) 2454M->2490M(3641M) 140.999ms
[2025-08-01T01:22:54.910+0000] GC(1113) User=1.11s Sys=0.00s Real=0.14s
[2025-08-01T01:22:55.000+0000] GC(1114) Pause Young (Allocation Failure)
[2025-08-01T01:22:55.097+0000] GC(1114) PSYoungGen: 931840K(931840K)->386816K(931840K) Eden: 465920K(465920K)->0K(465920K) From: 465920K(465920K)->386816K(465920K)
[2025-08-01T01:22:55.097+0000] GC(1114) ParOldGen: 2084048K(2796544K)->2329728K(2796544K)
[2025-08-01T01:22:55.097+0000] GC(1114) Metaspace: 10058K(10240K)->10058K(10240K) NonClass: 8831K(8896K)->8831K(8896K) Class: 1226K(1344K)->1226K(1344K)
[2025-08-01T01:22:55.097+0000] GC(1114) Pause Young (Allocation Failure) 2945M->2652M(3641M) 97.133ms
[2025-08-01T01:22:55.097+0000] GC(1114) User=0.76s Sys=0.01s Real=0.10s
[2025-08-01T01:22:55.249+0000] GC(1115) Pause Full (Ergonomics)
[2025-08-01T01:22:55.249+0000] GC(1115) Marking Phase
[2025-08-01T01:22:55.273+0000] GC(1115) Marking Phase 24.522ms
[2025-08-01T01:22:55.273+0000] GC(1115) Summary Phase
[2025-08-01T01:22:55.273+0000] GC(1115) Summary Phase 0.098ms
[2025-08-01T01:22:55.273+0000] GC(1115) Adjust Roots
[2025-08-01T01:22:55.275+0000] GC(1115) Adjust Roots 1.707ms
[2025-08-01T01:22:55.275+0000] GC(1115) Compaction Phase
[2025-08-01T01:22:55.339+0000] GC(1115) Compaction Phase 64.304ms
[2025-08-01T01:22:55.340+0000] GC(1115) Post Compact
[2025-08-01T01:22:55.363+0000] GC(1115) Post Compact 23.333ms
[2025-08-01T01:22:55.363+0000] GC(1115) PSYoungGen: 852736K(931840K)->0K(931840K) Eden: 465920K(465920K)->0K(465920K) From: 386816K(465920K)->0K(465920K)
[2025-08-01T01:22:55.363+0000] GC(1115) ParOldGen: 2329728K(2796544K)->432028K(2796544K)
[2025-08-01T01:22:55.363+0000] GC(1115) Metaspace: 10058K(10240K)->10058K(10240K) NonClass: 8831K(8896K)->8831K(8896K) Class: 1226K(1344K)->1226K(1344K)
[2025-08-01T01:22:55.363+0000] GC(1115) Pause Full (Ergonomics) 3107M->421M(3641M) 114.368ms
[2025-08-01T01:22:55.363+0000] GC(1115) User=0.67s Sys=0.00s Real=0.12s
[2025-08-01T01:22:55.452+0000] GC(1116) Pause Young (Allocation Failure)
[2025-08-01T01:22:55.571+0000] GC(1116) PSYoungGen: 465920K(931840K)->465920K(931840K) Eden: 465920K(465920K)->0K(465920K) From: 0K(465920K)->465920K(465920K)
[2025-08-01T01:22:55.571+0000] GC(1116) ParOldGen: 432028K(2796544K)->439236K(2796544K)
[2025-08-01T01:22:55.571+0000] GC(1116) Metaspace: 10058K(10240K)->10058K(10240K) NonClass: 8831K(8896K)->8831K(8896K) Class: 1226K(1344K)->1226K(1344K)
[2025-08-01T01:22:55.571+0000] GC(1116) Pause Young (Allocation Failure) 876M->883M(3641M) 118.739ms
[2025-08-01T01:22:55.571+0000] GC(1116) User=0.91s Sys=0.03s Real=0.12s
[2025-08-01T01:22:55.666+0000] GC(1117) Pause Young (Allocation Failure)
[2025-08-01T01:22:55.855+0000] GC(1117) PSYoungGen: 931840K(931840K)->465920K(931840K) Eden: 465920K(465920K)->0K(465920K) From: 465920K(465920K)->465920K(465920K)
[2025-08-01T01:22:55.855+0000] GC(1117) ParOldGen: 439236K(2796544K)->941524K(2796544K)
[2025-08-01T01:22:55.855+0000] GC(1117) Metaspace: 10058K(10240K)->10058K(10240K) NonClass: 8831K(8896K)->8831K(8896K) Class: 1226K(1344K)->1226K(1344K)
[2025-08-01T01:22:55.856+0000] GC(1117) Pause Young (Allocation Failure) 1338M->1374M(3641M) 189.643ms
[2025-08-01T01:22:55.856+0000] GC(1117) User=1.48s Sys=0.02s Real=0.19s
[2025-08-01T01:22:55.942+0000] GC(1118) Pause Young (Allocation Failure)
[2025-08-01T01:22:56.093+0000] GC(1118) PSYoungGen: 931840K(931840K)->411712K(931840K) Eden: 465920K(465920K)->0K(465920K) From: 465920K(465920K)->411712K(465920K)
[2025-08-01T01:22:56.093+0000] GC(1118) ParOldGen: 941524K(2796544K)->1174324K(2796544K)
[2025-08-01T01:22:56.093+0000] GC(1118) Metaspace: 10058K(10240K)->10058K(10240K) NonClass: 8831K(8896K)->8831K(8896K) Class: 1226K(1344K)->1226K(1344K)
[2025-08-01T01:22:56.093+0000] GC(1118) Pause Young (Allocation Failure) 1829M->1548M(3641M) 151.753ms
[2025-08-01T01:22:56.094+0000] GC(1118) User=1.17s Sys=0.02s Real=0.16s
[2025-08-01T01:22:56.180+0000] GC(1119) Pause Young (Allocation Failure)
[2025-08-01T01:22:56.257+0000] GC(1119) PSYoungGen: 877632K(931840K)->247776K(931840K) Eden: 465920K(465920K)->0K(465920K) From: 411712K(465920K)->247776K(465920K)
[2025-08-01T01:22:56.257+0000] GC(1119) ParOldGen: 1174324K(2796544K)->1337076K(2796544K)
[2025-08-01T01:22:56.257+0000] GC(1119) Metaspace: 10058K(10240K)->10058K(10240K) NonClass: 8831K(8896K)->8831K(8896K) Class: 1226K(1344K)->1226K(1344K)
[2025-08-01T01:22:56.257+0000] GC(1119) Pause Young (Allocation Failure) 2003M->1547M(3641M) 76.463ms
[2025-08-01T01:22:56.257+0000] GC(1119) User=0.52s Sys=0.03s Real=0.08s
[2025-08-01T01:22:56.342+0000] GC(1120) Pause Young (Allocation Failure)
[2025-08-01T01:22:56.510+0000] GC(1120) PSYoungGen: 713696K(931840K)->465920K(931840K) Eden: 465920K(465920K)->0K(465920K) From: 247776K(465920K)->465920K(465920K)
[2025-08-01T01:22:56.510+0000] GC(1120) ParOldGen: 1337076K(2796544K)->1608716K(2796544K)
[2025-08-01T01:22:56.510+0000] GC(1120) Metaspace: 10058K(10240K)->10058K(10240K) NonClass: 8831K(8896K)->8831K(8896K) Class: 1226K(1344K)->1226K(1344K)
[2025-08-01T01:22:56.510+0000] GC(1120) Pause Young (Allocation Failure) 2002M->2026M(3641M) 168.227ms
[2025-08-01T01:22:56.510+0000] GC(1120) User=1.28s Sys=0.04s Real=0.17s
[2025-08-01T01:22:56.594+0000] GC(1121) Pause Young (Allocation Failure)
[2025-08-01T01:22:56.744+0000] GC(1121) PSYoungGen: 931839K(931840K)->346656K(931840K) Eden: 465919K(465920K)->0K(465920K) From: 465920K(465920K)->346656K(465920K)
[2025-08-01T01:22:56.744+0000] GC(1121) ParOldGen: 1608716K(2796544K)->1970044K(2796544K)
[2025-08-01T01:22:56.744+0000] GC(1121) Metaspace: 10058K(10240K)->10058K(10240K) NonClass: 8831K(8896K)->8831K(8896K) Class: 1226K(1344K)->1226K(1344K)
[2025-08-01T01:22:56.744+0000] GC(1121) Pause Young (Allocation Failure) 2481M->2262M(3641M) 149.656ms
[2025-08-01T01:22:56.744+0000] GC(1121) User=1.15s Sys=0.03s Real=0.15s
[2025-08-01T01:22:56.831+0000] GC(1122) Pause Young (Allocation Failure)
[2025-08-01T01:22:56.937+0000] GC(1122) PSYoungGen: 812576K(931840K)->403200K(931840K) Eden: 465920K(465920K)->0K(465920K) From: 346656K(465920K)->403200K(465920K)
[2025-08-01T01:22:56.937+0000] GC(1122) ParOldGen: 1970044K(2796544K)->2212100K(2796544K)
[2025-08-01T01:22:56.937+0000] GC(1122) Metaspace: 10058K(10240K)->10058K(10240K) NonClass: 8831K(8896K)->8831K(8896K) Class: 1226K(1344K)->1226K(1344K)
[2025-08-01T01:22:56.937+0000] GC(1122) Pause Young (Allocation Failure) 2717M->2554M(3641M) 105.258ms
[2025-08-01T01:22:56.937+0000] GC(1122) User=0.80s Sys=0.01s Real=0.11s
[2025-08-01T01:22:57.022+0000] GC(1123) Pause Young (Allocation Failure)
[2025-08-01T01:22:57.107+0000] GC(1123) PSYoungGen: 869120K(931840K)->262080K(931840K) Eden: 465920K(465920K)->0K(465920K) From: 403200K(465920K)->262080K(465920K)
[2025-08-01T01:22:57.107+0000] GC(1123) ParOldGen: 2212100K(2796544K)->2369484K(2796544K)
[2025-08-01T01:22:57.107+0000] GC(1123) Metaspace: 10058K(10240K)->10058K(10240K) NonClass: 8831K(8896K)->8831K(8896K) Class: 1226K(1344K)->1226K(1344K)
[2025-08-01T01:22:57.107+0000] GC(1123) Pause Young (Allocation Failure) 3009M->2569M(3641M) 85.056ms
[2025-08-01T01:22:57.107+0000] GC(1123) User=0.61s Sys=0.03s Real=0.09s
[2025-08-01T01:22:57.191+0000] GC(1124) Pause Full (Ergonomics)
[2025-08-01T01:22:57.191+0000] GC(1124) Marking Phase
[2025-08-01T01:22:57.243+0000] GC(1124) Marking Phase 52.660ms
[2025-08-01T01:22:57.243+0000] GC(1124) Summary Phase
[2025-08-01T01:22:57.243+0000] GC(1124) Summary Phase 0.087ms
[2025-08-01T01:22:57.243+0000] GC(1124) Adjust Roots
[2025-08-01T01:22:57.247+0000] GC(1124) Adjust Roots 3.383ms
[2025-08-01T01:22:57.247+0000] GC(1124) Compaction Phase
[2025-08-01T01:22:57.373+0000] GC(1124) Compaction Phase 126.499ms
[2025-08-01T01:22:57.373+0000] GC(1124) Post Compact
[2025-08-01T01:22:57.394+0000] GC(1124) Post Compact 20.112ms
[2025-08-01T01:22:57.394+0000] GC(1124) PSYoungGen: 728000K(931840K)->0K(931840K) Eden: 465920K(465920K)->0K(465920K) From: 262080K(465920K)->0K(465920K)
[2025-08-01T01:22:57.394+0000] GC(1124) ParOldGen: 2369484K(2796544K)->911515K(2796544K)
[2025-08-01T01:22:57.394+0000] GC(1124) Metaspace: 10058K(10240K)->10058K(10240K) NonClass: 8831K(8896K)->8831K(8896K) Class: 1226K(1344K)->1226K(1344K)
[2025-08-01T01:22:57.394+0000] GC(1124) Pause Full (Ergonomics) 3024M->890M(3641M) 203.147ms
[2025-08-01T01:22:57.394+0000] GC(1124) User=1.36s Sys=0.02s Real=0.21s
[2025-08-01T01:22:57.481+0000] GC(1125) Pause Young (Allocation Failure)
[2025-08-01T01:22:57.585+0000] GC(1125) PSYoungGen: 465920K(931840K)->371328K(931840K) Eden: 465920K(465920K)->0K(465920K) From: 0K(465920K)->371328K(465920K)
[2025-08-01T01:22:57.585+0000] GC(1125) ParOldGen: 911515K(2796544K)->911515K(2796544K)
[2025-08-01T01:22:57.585+0000] GC(1125) Metaspace: 10058K(10240K)->10058K(10240K) NonClass: 8831K(8896K)->8831K(8896K) Class: 1226K(1344K)->1226K(1344K)
[2025-08-01T01:22:57.585+0000] GC(1125) Pause Young (Allocation Failure) 1345M->1252M(3641M) 104.089ms
[2025-08-01T01:22:57.585+0000] GC(1125) User=0.76s Sys=0.03s Real=0.11s
[2025-08-01T01:22:57.672+0000] GC(1126) Pause Young (Allocation Failure)
[2025-08-01T01:22:57.769+0000] GC(1126) PSYoungGen: 837248K(931840K)->377152K(931840K) Eden: 465920K(465920K)->0K(465920K) From: 371328K(465920K)->377152K(465920K)
[2025-08-01T01:22:57.769+0000] GC(1126) ParOldGen: 911515K(2796544K)->1195259K(2796544K)
[2025-08-01T01:22:57.769+0000] GC(1126) Metaspace: 10058K(10240K)->10058K(10240K) NonClass: 8831K(8896K)->8831K(8896K) Class: 1226K(1344K)->1226K(1344K)
[2025-08-01T01:22:57.769+0000] GC(1126) Pause Young (Allocation Failure) 1707M->1535M(3641M) 97.567ms
[2025-08-01T01:22:57.769+0000] GC(1126) User=0.75s Sys=0.00s Real=0.10s
[2025-08-01T01:22:57.858+0000] GC(1127) Pause Young (Allocation Failure)
[2025-08-01T01:22:57.938+0000] GC(1127) PSYoungGen: 843072K(931840K)->286016K(931840K) Eden: 465920K(465920K)->0K(465920K) From: 377152K(465920K)->286016K(465920K)
[2025-08-01T01:22:57.938+0000] GC(1127) ParOldGen: 1195259K(2796544K)->1336683K(2796544K)
[2025-08-01T01:22:57.938+0000] GC(1127) Metaspace: 10058K(10240K)->10058K(10240K) NonClass: 8831K(8896K)->8831K(8896K) Class: 1226K(1344K)->1226K(1344K)
[2025-08-01T01:22:57.938+0000] GC(1127) Pause Young (Allocation Failure) 1990M->1584M(3641M) 80.896ms
[2025-08-01T01:22:57.938+0000] GC(1127) User=0.59s Sys=0.03s Real=0.08s
[2025-08-01T01:22:58.027+0000] GC(1128) Pause Young (Allocation Failure)
[2025-08-01T01:22:58.170+0000] GC(1128) PSYoungGen: 751936K(931840K)->465920K(931840K) Eden: 465920K(465920K)->0K(465920K) From: 286016K(465920K)->465920K(465920K)
[2025-08-01T01:22:58.170+0000] GC(1128) ParOldGen: 1336683K(2796544K)->1648947K(2796544K)
[2025-08-01T01:22:58.170+0000] GC(1128) Metaspace: 10058K(10240K)->10058K(10240K) NonClass: 8831K(8896K)->8831K(8896K) Class: 1226K(1344K)->1226K(1344K)
[2025-08-01T01:22:58.170+0000] GC(1128) Pause Young (Allocation Failure) 2039M->2065M(3641M) 142.350ms
[2025-08-01T01:22:58.170+0000] GC(1128) User=1.09s Sys=0.02s Real=0.14s
[2025-08-01T01:22:58.258+0000] GC(1129) Pause Young (Allocation Failure)
[2025-08-01T01:22:58.402+0000] GC(1129) PSYoungGen: 931840K(931840K)->465920K(931840K) Eden: 465920K(465920K)->0K(465920K) From: 465920K(465920K)->465920K(465920K)
[2025-08-01T01:22:58.402+0000] GC(1129) ParOldGen: 1648947K(2796544K)->2152003K(2796544K)
[2025-08-01T01:22:58.402+0000] GC(1129) Metaspace: 10058K(10240K)->10058K(10240K) NonClass: 8831K(8896K)->8831K(8896K) Class: 1226K(1344K)->1226K(1344K)
[2025-08-01T01:22:58.402+0000] GC(1129) Pause Young (Allocation Failure) 2520M->2556M(3641M) 143.978ms
[2025-08-01T01:22:58.402+0000] GC(1129) User=1.08s Sys=0.02s Real=0.14s
[2025-08-01T01:22:58.542+0000] GC(1130) Pause Young (Allocation Failure)
[2025-08-01T01:22:58.684+0000] GC(1130) PSYoungGen: 931840K(931840K)->365792K(931840K) Eden: 465920K(465920K)->0K(465920K) From: 465920K(465920K)->365792K(465920K)
[2025-08-01T01:22:58.684+0000] GC(1130) ParOldGen: 2152003K(2796544K)->2404723K(2796544K)
[2025-08-01T01:22:58.684+0000] GC(1130) Metaspace: 10058K(10240K)->10058K(10240K) NonClass: 8831K(8896K)->8831K(8896K) Class: 1226K(1344K)->1226K(1344K)
[2025-08-01T01:22:58.685+0000] GC(1130) Pause Young (Allocation Failure) 3011M->2705M(3641M) 142.068ms
[2025-08-01T01:22:58.685+0000] GC(1130) User=1.08s Sys=0.03s Real=0.15s
[2025-08-01T01:22:58.773+0000] GC(1131) Pause Full (Ergonomics)
[2025-08-01T01:22:58.773+0000] GC(1131) Marking Phase
[2025-08-01T01:22:58.820+0000] GC(1131) Marking Phase 46.527ms
[2025-08-01T01:22:58.820+0000] GC(1131) Summary Phase
[2025-08-01T01:22:58.820+0000] GC(1131) Summary Phase 0.186ms
[2025-08-01T01:22:58.820+0000] GC(1131) Adjust Roots
[2025-08-01T01:22:58.822+0000] GC(1131) Adjust Roots 1.916ms
[2025-08-01T01:22:58.822+0000] GC(1131) Compaction Phase
[2025-08-01T01:22:58.938+0000] GC(1131) Compaction Phase 116.464ms
[2025-08-01T01:22:58.938+0000] GC(1131) Post Compact
[2025-08-01T01:22:58.974+0000] GC(1131) Post Compact 35.225ms
[2025-08-01T01:22:58.974+0000] GC(1131) PSYoungGen: 831712K(931840K)->0K(931840K) Eden: 465920K(465920K)->0K(465920K) From: 365792K(465920K)->0K(465920K)
[2025-08-01T01:22:58.974+0000] GC(1131) ParOldGen: 2404723K(2796544K)->467255K(2796544K)
[2025-08-01T01:22:58.974+0000] GC(1131) Metaspace: 10058K(10240K)->10058K(10240K) NonClass: 8831K(8896K)->8831K(8896K) Class: 1226K(1344K)->1226K(1344K)
[2025-08-01T01:22:58.974+0000] GC(1131) Pause Full (Ergonomics) 3160M->456M(3641M) 200.830ms
[2025-08-01T01:22:58.974+0000] GC(1131) User=1.26s Sys=0.02s Real=0.20s
[2025-08-01T01:22:59.066+0000] GC(1132) Pause Young (Allocation Failure)
[2025-08-01T01:22:59.186+0000] GC(1132) PSYoungGen: 465920K(931840K)->465920K(931840K) Eden: 465920K(465920K)->0K(465920K) From: 0K(465920K)->465920K(465920K)
[2025-08-01T01:22:59.186+0000] GC(1132) ParOldGen: 467255K(2796544K)->474335K(2796544K)
[2025-08-01T01:22:59.186+0000] GC(1132) Metaspace: 10058K(10240K)->10058K(10240K) NonClass: 8831K(8896K)->8831K(8896K) Class: 1226K(1344K)->1226K(1344K)
[2025-08-01T01:22:59.186+0000] GC(1132) Pause Young (Allocation Failure) 911M->918M(3641M) 119.899ms
[2025-08-01T01:22:59.186+0000] GC(1132) User=0.89s Sys=0.05s Real=0.12s
[2025-08-01T01:22:59.276+0000] GC(1133) Pause Young (Allocation Failure)
[2025-08-01T01:22:59.397+0000] GC(1133) PSYoungGen: 931840K(931840K)->362400K(931840K) Eden: 465920K(465920K)->0K(465920K) From: 465920K(465920K)->362400K(465920K)
[2025-08-01T01:22:59.397+0000] GC(1133) ParOldGen: 474335K(2796544K)->841943K(2796544K)
[2025-08-01T01:22:59.397+0000] GC(1133) Metaspace: 10058K(10240K)->10058K(10240K) NonClass: 8831K(8896K)->8831K(8896K) Class: 1226K(1344K)->1226K(1344K)
[2025-08-01T01:22:59.397+0000] GC(1133) Pause Young (Allocation Failure) 1373M->1176M(3641M) 121.157ms
[2025-08-01T01:22:59.397+0000] GC(1133) User=0.89s Sys=0.01s Real=0.12s
[2025-08-01T01:22:59.482+0000] GC(1134) Pause Young (Allocation Failure)
[2025-08-01T01:22:59.590+0000] GC(1134) PSYoungGen: 828320K(931840K)->359968K(931840K) Eden: 465920K(465920K)->0K(465920K) From: 362400K(465920K)->359968K(465920K)
[2025-08-01T01:22:59.590+0000] GC(1134) ParOldGen: 841943K(2796544K)->1100711K(2796544K)
[2025-08-01T01:22:59.590+0000] GC(1134) Metaspace: 10058K(10240K)->10058K(10240K) NonClass: 8831K(8896K)->8831K(8896K) Class: 1226K(1344K)->1226K(1344K)
[2025-08-01T01:22:59.590+0000] GC(1134) Pause Young (Allocation Failure) 1631M->1426M(3641M) 107.565ms
[2025-08-01T01:22:59.590+0000] GC(1134) User=0.82s Sys=0.02s Real=0.11s
[2025-08-01T01:22:59.674+0000] GC(1135) Pause Young (Allocation Failure)
[2025-08-01T01:22:59.758+0000] GC(1135) PSYoungGen: 825888K(931840K)->282784K(931840K) Eden: 465920K(465920K)->0K(465920K) From: 359968K(465920K)->282784K(465920K)
[2025-08-01T01:22:59.758+0000] GC(1135) ParOldGen: 1100711K(2796544K)->1264847K(2796544K)
[2025-08-01T01:22:59.758+0000] GC(1135) Metaspace: 10058K(10240K)->10058K(10240K) NonClass: 8831K(8896K)->8831K(8896K) Class: 1226K(1344K)->1226K(1344K)
[2025-08-01T01:22:59.758+0000] GC(1135) Pause Young (Allocation Failure) 1881M->1511M(3641M) 83.535ms
[2025-08-01T01:22:59.758+0000] GC(1135) User=0.64s Sys=0.02s Real=0.08s
[2025-08-01T01:22:59.848+0000] GC(1136) Pause Young (Allocation Failure)
[2025-08-01T01:23:00.006+0000] GC(1136) PSYoungGen: 748704K(931840K)->465920K(931840K) Eden: 465920K(465920K)->0K(465920K) From: 282784K(465920K)->465920K(465920K)
[2025-08-01T01:23:00.006+0000] GC(1136) ParOldGen: 1264847K(2796544K)->1572135K(2796544K)
[2025-08-01T01:23:00.006+0000] GC(1136) Metaspace: 10058K(10240K)->10058K(10240K) NonClass: 8831K(8896K)->8831K(8896K) Class: 1226K(1344K)->1226K(1344K)
[2025-08-01T01:23:00.006+0000] GC(1136) Pause Young (Allocation Failure) 1966M->1990M(3641M) 158.174ms
[2025-08-01T01:23:00.006+0000] GC(1136) User=1.22s Sys=0.02s Real=0.16s
[2025-08-01T01:23:00.093+0000] GC(1137) Pause Young (Allocation Failure)
[2025-08-01T01:23:00.216+0000] GC(1137) PSYoungGen: 931840K(931840K)->392160K(931840K) Eden: 465920K(465920K)->0K(465920K) From: 465920K(465920K)->392160K(465920K)
[2025-08-01T01:23:00.216+0000] GC(1137) ParOldGen: 1572135K(2796544K)->1959047K(2796544K)
[2025-08-01T01:23:00.216+0000] GC(1137) Metaspace: 10058K(10240K)->10058K(10240K) NonClass: 8831K(8896K)->8831K(8896K) Class: 1226K(1344K)->1226K(1344K)
[2025-08-01T01:23:00.216+0000] GC(1137) Pause Young (Allocation Failure) 2445M->2296M(3641M) 123.757ms
[2025-08-01T01:23:00.216+0000] GC(1137) User=0.96s Sys=0.01s Real=0.13s
[2025-08-01T01:23:00.307+0000] GC(1138) Pause Young (Allocation Failure)
[2025-08-01T01:23:00.462+0000] GC(1138) PSYoungGen: 858080K(931840K)->465920K(931840K) Eden: 465920K(465920K)->0K(465920K) From: 392160K(465920K)->465920K(465920K)
[2025-08-01T01:23:00.462+0000] GC(1138) ParOldGen: 1959047K(2796544K)->2380663K(2796544K)
[2025-08-01T01:23:00.462+0000] GC(1138) Metaspace: 10058K(10240K)->10058K(10240K) NonClass: 8831K(8896K)->8831K(8896K) Class: 1226K(1344K)->1226K(1344K)
[2025-08-01T01:23:00.462+0000] GC(1138) Pause Young (Allocation Failure) 2751M->2779M(3641M) 155.785ms
[2025-08-01T01:23:00.462+0000] GC(1138) User=1.14s Sys=0.04s Real=0.15s
[2025-08-01T01:23:00.545+0000] GC(1139) Pause Full (Ergonomics)
[2025-08-01T01:23:00.545+0000] GC(1139) Marking Phase
[2025-08-01T01:23:00.592+0000] GC(1139) Marking Phase 47.071ms
[2025-08-01T01:23:00.593+0000] GC(1139) Summary Phase
[2025-08-01T01:23:00.593+0000] GC(1139) Summary Phase 0.098ms
[2025-08-01T01:23:00.593+0000] GC(1139) Adjust Roots
[2025-08-01T01:23:00.595+0000] GC(1139) Adjust Roots 2.338ms
[2025-08-01T01:23:00.595+0000] GC(1139) Compaction Phase
[2025-08-01T01:23:00.665+0000] GC(1139) Compaction Phase 70.456ms
[2025-08-01T01:23:00.666+0000] GC(1139) Post Compact
[2025-08-01T01:23:00.687+0000] GC(1139) Post Compact 21.047ms
[2025-08-01T01:23:00.687+0000] GC(1139) PSYoungGen: 931840K(931840K)->0K(931840K) Eden: 465920K(465920K)->0K(465920K) From: 465920K(465920K)->0K(465920K)
[2025-08-01T01:23:00.687+0000] GC(1139) ParOldGen: 2380663K(2796544K)->477258K(2796544K)
[2025-08-01T01:23:00.687+0000] GC(1139) Metaspace: 10058K(10240K)->10058K(10240K) NonClass: 8831K(8896K)->8831K(8896K) Class: 1226K(1344K)->1226K(1344K)
[2025-08-01T01:23:00.687+0000] GC(1139) Pause Full (Ergonomics) 3234M->466M(3641M) 141.431ms
[2025-08-01T01:23:00.687+0000] GC(1139) User=0.90s Sys=0.02s Real=0.14s
[2025-08-01T01:23:00.776+0000] GC(1140) Pause Young (Allocation Failure)
[2025-08-01T01:23:00.898+0000] GC(1140) PSYoungGen: 465920K(931840K)->465920K(931840K) Eden: 465920K(465920K)->0K(465920K) From: 0K(465920K)->465920K(465920K)
[2025-08-01T01:23:00.898+0000] GC(1140) ParOldGen: 477258K(2796544K)->485074K(2796544K)
[2025-08-01T01:23:00.898+0000] GC(1140) Metaspace: 10058K(10240K)->10058K(10240K) NonClass: 8831K(8896K)->8831K(8896K) Class: 1226K(1344K)->1226K(1344K)
[2025-08-01T01:23:00.898+0000] GC(1140) Pause Young (Allocation Failure) 921M->928M(3641M) 122.257ms
[2025-08-01T01:23:00.898+0000] GC(1140) User=0.93s Sys=0.02s Real=0.12s
[2025-08-01T01:23:00.999+0000] GC(1141) Pause Young (Allocation Failure)
[2025-08-01T01:23:01.125+0000] GC(1141) PSYoungGen: 931840K(931840K)->401184K(931840K) Eden: 465920K(465920K)->0K(465920K) From: 465920K(465920K)->401184K(465920K)
[2025-08-01T01:23:01.125+0000] GC(1141) ParOldGen: 485074K(2796544K)->860706K(2796544K)
[2025-08-01T01:23:01.125+0000] GC(1141) Metaspace: 10058K(10240K)->10058K(10240K) NonClass: 8831K(8896K)->8831K(8896K) Class: 1226K(1344K)->1226K(1344K)
[2025-08-01T01:23:01.125+0000] GC(1141) Pause Young (Allocation Failure) 1383M->1232M(3641M) 126.251ms
[2025-08-01T01:23:01.125+0000] GC(1141) User=0.97s Sys=0.02s Real=0.13s
[2025-08-01T01:23:01.212+0000] GC(1142) Pause Young (Allocation Failure)
[2025-08-01T01:23:01.365+0000] GC(1142) PSYoungGen: 867104K(931840K)->465920K(931840K) Eden: 465920K(465920K)->0K(465920K) From: 401184K(465920K)->465920K(465920K)
[2025-08-01T01:23:01.365+0000] GC(1142) ParOldGen: 860706K(2796544K)->1295026K(2796544K)
[2025-08-01T01:23:01.365+0000] GC(1142) Metaspace: 10058K(10240K)->10058K(10240K) NonClass: 8831K(8896K)->8831K(8896K) Class: 1226K(1344K)->1226K(1344K)
[2025-08-01T01:23:01.365+0000] GC(1142) Pause Young (Allocation Failure) 1687M->1719M(3641M) 152.892ms
[2025-08-01T01:23:01.365+0000] GC(1142) User=1.18s Sys=0.03s Real=0.16s
[2025-08-01T01:23:01.451+0000] GC(1143) Pause Young (Allocation Failure)
[2025-08-01T01:23:01.564+0000] GC(1143) PSYoungGen: 931840K(931840K)->284832K(931840K) Eden: 465920K(465920K)->0K(465920K) From: 465920K(465920K)->284832K(465920K)
[2025-08-01T01:23:01.564+0000] GC(1143) ParOldGen: 1295026K(2796544K)->1410386K(2796544K)
[2025-08-01T01:23:01.564+0000] GC(1143) Metaspace: 10058K(10240K)->10058K(10240K) NonClass: 8831K(8896K)->8831K(8896K) Class: 1226K(1344K)->1226K(1344K)
[2025-08-01T01:23:01.564+0000] GC(1143) Pause Young (Allocation Failure) 2174M->1655M(3641M) 113.129ms
[2025-08-01T01:23:01.564+0000] GC(1143) User=0.74s Sys=0.05s Real=0.12s
[2025-08-01T01:23:01.652+0000] GC(1144) Pause Young (Allocation Failure)
[2025-08-01T01:23:01.766+0000] GC(1144) PSYoungGen: 750752K(931840K)->465920K(931840K) Eden: 465920K(465920K)->0K(465920K) From: 284832K(465920K)->465920K(465920K)
[2025-08-01T01:23:01.766+0000] GC(1144) ParOldGen: 1410386K(2796544K)->1717890K(2796544K)
[2025-08-01T01:23:01.766+0000] GC(1144) Metaspace: 10058K(10240K)->10058K(10240K) NonClass: 8831K(8896K)->8831K(8896K) Class: 1226K(1344K)->1226K(1344K)
[2025-08-01T01:23:01.766+0000] GC(1144) Pause Young (Allocation Failure) 2110M->2132M(3641M) 113.423ms
[2025-08-01T01:23:01.766+0000] GC(1144) User=0.88s Sys=0.02s Real=0.12s
[2025-08-01T01:23:01.851+0000] GC(1145) Pause Young (Allocation Failure)
[2025-08-01T01:23:01.967+0000] GC(1145) PSYoungGen: 931840K(931840K)->395520K(931840K) Eden: 465920K(465920K)->0K(465920K) From: 465920K(465920K)->395520K(465920K)
[2025-08-01T01:23:01.967+0000] GC(1145) ParOldGen: 1717890K(2796544K)->2099378K(2796544K)
[2025-08-01T01:23:01.967+0000] GC(1145) Metaspace: 10058K(10240K)->10058K(10240K) NonClass: 8831K(8896K)->8831K(8896K) Class: 1226K(1344K)->1226K(1344K)
[2025-08-01T01:23:01.968+0000] GC(1145) Pause Young (Allocation Failure) 2587M->2436M(3641M) 117.010ms
[2025-08-01T01:23:01.968+0000] GC(1145) User=0.89s Sys=0.00s Real=0.12s
[2025-08-01T01:23:02.052+0000] GC(1146) Pause Young (Allocation Failure)
[2025-08-01T01:23:02.200+0000] GC(1146) PSYoungGen: 861440K(931840K)->465920K(931840K) Eden: 465920K(465920K)->0K(465920K) From: 395520K(465920K)->465920K(465920K)
[2025-08-01T01:23:02.200+0000] GC(1146) ParOldGen: 2099378K(2796544K)->2523554K(2796544K)
[2025-08-01T01:23:02.200+0000] GC(1146) Metaspace: 10058K(10240K)->10058K(10240K) NonClass: 8831K(8896K)->8831K(8896K) Class: 1226K(1344K)->1226K(1344K)
[2025-08-01T01:23:02.200+0000] GC(1146) Pause Young (Allocation Failure) 2891M->2919M(3641M) 147.849ms
[2025-08-01T01:23:02.200+0000] GC(1146) User=1.11s Sys=0.03s Real=0.15s
[2025-08-01T01:23:02.287+0000] GC(1147) Pause Full (Ergonomics)
[2025-08-01T01:23:02.287+0000] GC(1147) Marking Phase
[2025-08-01T01:23:02.313+0000] GC(1147) Marking Phase 26.331ms
[2025-08-01T01:23:02.313+0000] GC(1147) Summary Phase
[2025-08-01T01:23:02.313+0000] GC(1147) Summary Phase 0.093ms
[2025-08-01T01:23:02.313+0000] GC(1147) Adjust Roots
[2025-08-01T01:23:02.315+0000] GC(1147) Adjust Roots 1.720ms
[2025-08-01T01:23:02.315+0000] GC(1147) Compaction Phase
[2025-08-01T01:23:02.378+0000] GC(1147) Compaction Phase 62.304ms
[2025-08-01T01:23:02.378+0000] GC(1147) Post Compact
[2025-08-01T01:23:02.401+0000] GC(1147) Post Compact 23.860ms
[2025-08-01T01:23:02.402+0000] GC(1147) PSYoungGen: 931840K(931840K)->0K(931840K) Eden: 465920K(465920K)->0K(465920K) From: 465920K(465920K)->0K(465920K)
[2025-08-01T01:23:02.402+0000] GC(1147) ParOldGen: 2523554K(2796544K)->489443K(2796544K)
[2025-08-01T01:23:02.402+0000] GC(1147) Metaspace: 10058K(10240K)->10058K(10240K) NonClass: 8831K(8896K)->8831K(8896K) Class: 1226K(1344K)->1226K(1344K)
[2025-08-01T01:23:02.402+0000] GC(1147) Pause Full (Ergonomics) 3374M->477M(3641M) 114.741ms
[2025-08-01T01:23:02.402+0000] GC(1147) User=0.69s Sys=0.00s Real=0.11s
[2025-08-01T01:23:02.485+0000] GC(1148) Pause Young (Allocation Failure)
[2025-08-01T01:23:02.580+0000] GC(1148) PSYoungGen: 465920K(931840K)->465920K(931840K) Eden: 465920K(465920K)->0K(465920K) From: 0K(465920K)->465920K(465920K)
[2025-08-01T01:23:02.580+0000] GC(1148) ParOldGen: 489443K(2796544K)->497371K(2796544K)
[2025-08-01T01:23:02.580+0000] GC(1148) Metaspace: 10058K(10240K)->10058K(10240K) NonClass: 8831K(8896K)->8831K(8896K) Class: 1226K(1344K)->1226K(1344K)
[2025-08-01T01:23:02.581+0000] GC(1148) Pause Young (Allocation Failure) 932M->940M(3641M) 95.050ms
[2025-08-01T01:23:02.581+0000] GC(1148) User=0.67s Sys=0.04s Real=0.09s
[2025-08-01T01:23:02.668+0000] GC(1149) Pause Young (Allocation Failure)
[2025-08-01T01:23:02.778+0000] GC(1149) PSYoungGen: 931840K(931840K)->414784K(931840K) Eden: 465920K(465920K)->0K(465920K) From: 465920K(465920K)->414784K(465920K)
[2025-08-01T01:23:02.778+0000] GC(1149) ParOldGen: 497371K(2796544K)->861963K(2796544K)
[2025-08-01T01:23:02.778+0000] GC(1149) Metaspace: 10058K(10240K)->10058K(10240K) NonClass: 8831K(8896K)->8831K(8896K) Class: 1226K(1344K)->1226K(1344K)
[2025-08-01T01:23:02.779+0000] GC(1149) Pause Young (Allocation Failure) 1395M->1246M(3641M) 110.894ms
[2025-08-01T01:23:02.779+0000] GC(1149) User=0.87s Sys=0.00s Real=0.11s
[2025-08-01T01:23:02.864+0000] GC(1150) Pause Young (Allocation Failure)
[2025-08-01T01:23:03.048+0000] GC(1150) PSYoungGen: 880704K(931840K)->465920K(931840K) Eden: 465920K(465920K)->0K(465920K) From: 414784K(465920K)->465920K(465920K)
[2025-08-01T01:23:03.049+0000] GC(1150) ParOldGen: 861963K(2796544K)->1309603K(2796544K)
[2025-08-01T01:23:03.049+0000] GC(1150) Metaspace: 10058K(10240K)->10058K(10240K) NonClass: 8831K(8896K)->8831K(8896K) Class: 1226K(1344K)->1226K(1344K)
[2025-08-01T01:23:03.049+0000] GC(1150) Pause Young (Allocation Failure) 1701M->1733M(3641M) 184.287ms
[2025-08-01T01:23:03.049+0000] GC(1150) User=1.41s Sys=0.05s Real=0.18s
[2025-08-01T01:23:03.134+0000] GC(1151) Pause Young (Allocation Failure)
[2025-08-01T01:23:03.218+0000] GC(1151) PSYoungGen: 931840K(931840K)->290496K(931840K) Eden: 465920K(465920K)->0K(465920K) From: 465920K(465920K)->290496K(465920K)
[2025-08-01T01:23:03.218+0000] GC(1151) ParOldGen: 1309603K(2796544K)->1423995K(2796544K)
[2025-08-01T01:23:03.218+0000] GC(1151) Metaspace: 10058K(10240K)->10058K(10240K) NonClass: 8831K(8896K)->8831K(8896K) Class: 1226K(1344K)->1226K(1344K)
[2025-08-01T01:23:03.218+0000] GC(1151) Pause Young (Allocation Failure) 2188M->1674M(3641M) 84.300ms
[2025-08-01T01:23:03.218+0000] GC(1151) User=0.62s Sys=0.03s Real=0.08s
[2025-08-01T01:23:03.305+0000] GC(1152) Pause Young (Allocation Failure)
[2025-08-01T01:23:03.521+0000] GC(1152) PSYoungGen: 756416K(931840K)->465920K(931840K) Eden: 465920K(465920K)->0K(465920K) From: 290496K(465920K)->465920K(465920K)
[2025-08-01T01:23:03.521+0000] GC(1152) ParOldGen: 1423995K(2796544K)->1739219K(2796544K)
[2025-08-01T01:23:03.521+0000] GC(1152) Metaspace: 10058K(10240K)->10058K(10240K) NonClass: 8831K(8896K)->8831K(8896K) Class: 1226K(1344K)->1226K(1344K)
[2025-08-01T01:23:03.521+0000] GC(1152) Pause Young (Allocation Failure) 2129M->2153M(3641M) 216.122ms
[2025-08-01T01:23:03.521+0000] GC(1152) User=1.68s Sys=0.02s Real=0.21s
[2025-08-01T01:23:03.610+0000] GC(1153) Pause Young (Allocation Failure)
[2025-08-01T01:23:03.760+0000] GC(1153) PSYoungGen: 931840K(931840K)->421568K(931840K) Eden: 465920K(465920K)->0K(465920K) From: 465920K(465920K)->421568K(465920K)
[2025-08-01T01:23:03.760+0000] GC(1153) ParOldGen: 1739219K(2796544K)->2096899K(2796544K)
[2025-08-01T01:23:03.760+0000] GC(1153) Metaspace: 10058K(10240K)->10058K(10240K) NonClass: 8831K(8896K)->8831K(8896K) Class: 1226K(1344K)->1226K(1344K)
[2025-08-01T01:23:03.760+0000] GC(1153) Pause Young (Allocation Failure) 2608M->2459M(3641M) 150.087ms
[2025-08-01T01:23:03.761+0000] GC(1153) User=1.14s Sys=0.04s Real=0.15s
[2025-08-01T01:23:03.846+0000] GC(1154) Pause Young (Allocation Failure)
[2025-08-01T01:23:04.023+0000] GC(1154) PSYoungGen: 887488K(931840K)->465920K(931840K) Eden: 465920K(465920K)->0K(465920K) From: 421568K(465920K)->465920K(465920K)
[2025-08-01T01:23:04.023+0000] GC(1154) ParOldGen: 2096899K(2796544K)->2551843K(2796544K)
[2025-08-01T01:23:04.023+0000] GC(1154) Metaspace: 10058K(10240K)->10058K(10240K) NonClass: 8831K(8896K)->8831K(8896K) Class: 1226K(1344K)->1226K(1344K)
[2025-08-01T01:23:04.023+0000] GC(1154) Pause Young (Allocation Failure) 2914M->2947M(3641M) 176.822ms
[2025-08-01T01:23:04.023+0000] GC(1154) User=1.33s Sys=0.05s Real=0.17s
[2025-08-01T01:23:04.111+0000] GC(1155) Pause Full (Ergonomics)
[2025-08-01T01:23:04.111+0000] GC(1155) Marking Phase
[2025-08-01T01:23:04.135+0000] GC(1155) Marking Phase 24.546ms
[2025-08-01T01:23:04.135+0000] GC(1155) Summary Phase
[2025-08-01T01:23:04.135+0000] GC(1155) Summary Phase 0.087ms
[2025-08-01T01:23:04.136+0000] GC(1155) Adjust Roots
[2025-08-01T01:23:04.137+0000] GC(1155) Adjust Roots 1.864ms
[2025-08-01T01:23:04.137+0000] GC(1155) Compaction Phase
[2025-08-01T01:23:04.206+0000] GC(1155) Compaction Phase 68.412ms
[2025-08-01T01:23:04.206+0000] GC(1155) Post Compact
[2025-08-01T01:23:04.232+0000] GC(1155) Post Compact 26.317ms
[2025-08-01T01:23:04.232+0000] GC(1155) PSYoungGen: 931840K(931840K)->0K(931840K) Eden: 465920K(465920K)->0K(465920K) From: 465920K(465920K)->0K(465920K)
[2025-08-01T01:23:04.232+0000] GC(1155) ParOldGen: 2551843K(2796544K)->507291K(2796544K)
[2025-08-01T01:23:04.232+0000] GC(1155) Metaspace: 10058K(10240K)->10058K(10240K) NonClass: 8831K(8896K)->8831K(8896K) Class: 1226K(1344K)->1226K(1344K)
[2025-08-01T01:23:04.232+0000] GC(1155) Pause Full (Ergonomics) 3402M->495M(3641M) 121.690ms
[2025-08-01T01:23:04.232+0000] GC(1155) User=0.73s Sys=0.00s Real=0.12s
[2025-08-01T01:23:04.317+0000] GC(1156) Pause Young (Allocation Failure)
[2025-08-01T01:23:04.424+0000] GC(1156) PSYoungGen: 465920K(931840K)->465920K(931840K) Eden: 465920K(465920K)->0K(465920K) From: 0K(465920K)->465920K(465920K)
[2025-08-01T01:23:04.424+0000] GC(1156) ParOldGen: 507291K(2796544K)->513811K(2796544K)
[2025-08-01T01:23:04.424+0000] GC(1156) Metaspace: 10058K(10240K)->10058K(10240K) NonClass: 8831K(8896K)->8831K(8896K) Class: 1226K(1344K)->1226K(1344K)
[2025-08-01T01:23:04.424+0000] GC(1156) Pause Young (Allocation Failure) 950M->956M(3641M) 107.516ms
[2025-08-01T01:23:04.424+0000] GC(1156) User=0.78s Sys=0.04s Real=0.11s
[2025-08-01T01:23:04.514+0000] GC(1157) Pause Young (Allocation Failure)
[2025-08-01T01:23:04.647+0000] GC(1157) PSYoungGen: 931840K(931840K)->401568K(931840K) Eden: 465920K(465920K)->0K(465920K) From: 465920K(465920K)->401568K(465920K)
[2025-08-01T01:23:04.648+0000] GC(1157) ParOldGen: 513811K(2796544K)->889843K(2796544K)
[2025-08-01T01:23:04.648+0000] GC(1157) Metaspace: 10058K(10240K)->10058K(10240K) NonClass: 8831K(8896K)->8831K(8896K) Class: 1226K(1344K)->1226K(1344K)
[2025-08-01T01:23:04.648+0000] GC(1157) Pause Young (Allocation Failure) 1411M->1261M(3641M) 133.114ms
[2025-08-01T01:23:04.648+0000] GC(1157) User=1.02s Sys=0.03s Real=0.13s
[2025-08-01T01:23:04.736+0000] GC(1158) Pause Young (Allocation Failure)
[2025-08-01T01:23:04.884+0000] GC(1158) PSYoungGen: 867488K(931840K)->465920K(931840K) Eden: 465920K(465920K)->0K(465920K) From: 401568K(465920K)->465920K(465920K)
[2025-08-01T01:23:04.884+0000] GC(1158) ParOldGen: 889843K(2796544K)->1322147K(2796544K)
[2025-08-01T01:23:04.884+0000] GC(1158) Metaspace: 10058K(10240K)->10058K(10240K) NonClass: 8831K(8896K)->8831K(8896K) Class: 1226K(1344K)->1226K(1344K)
[2025-08-01T01:23:04.884+0000] GC(1158) Pause Young (Allocation Failure) 1716M->1746M(3641M) 148.034ms
[2025-08-01T01:23:04.884+0000] GC(1158) User=1.10s Sys=0.05s Real=0.15s
[2025-08-01T01:23:04.969+0000] GC(1159) Pause Young (Allocation Failure)
[2025-08-01T01:23:05.086+0000] GC(1159) PSYoungGen: 931840K(931840K)->315648K(931840K) Eden: 465920K(465920K)->0K(465920K) From: 465920K(465920K)->315648K(465920K)
[2025-08-01T01:23:05.087+0000] GC(1159) ParOldGen: 1322147K(2796544K)->1433507K(2796544K)
[2025-08-01T01:23:05.087+0000] GC(1159) Metaspace: 10058K(10240K)->10058K(10240K) NonClass: 8831K(8896K)->8831K(8896K) Class: 1226K(1344K)->1226K(1344K)
[2025-08-01T01:23:05.087+0000] GC(1159) Pause Young (Allocation Failure) 2201M->1708M(3641M) 117.942ms
[2025-08-01T01:23:05.087+0000] GC(1159) User=0.83s Sys=0.06s Real=0.12s
[2025-08-01T01:23:05.175+0000] GC(1160) Pause Young (Allocation Failure)
[2025-08-01T01:23:05.348+0000] GC(1160) PSYoungGen: 781568K(931840K)->465920K(931840K) Eden: 465920K(465920K)->0K(465920K) From: 315648K(465920K)->465920K(465920K)
[2025-08-01T01:23:05.348+0000] GC(1160) ParOldGen: 1433507K(2796544K)->1772787K(2796544K)
[2025-08-01T01:23:05.348+0000] GC(1160) Metaspace: 10058K(10240K)->10058K(10240K) NonClass: 8831K(8896K)->8831K(8896K) Class: 1226K(1344K)->1226K(1344K)
[2025-08-01T01:23:05.348+0000] GC(1160) Pause Young (Allocation Failure) 2163M->2186M(3641M) 173.127ms
[2025-08-01T01:23:05.348+0000] GC(1160) User=1.31s Sys=0.03s Real=0.17s
[2025-08-01T01:23:05.434+0000] GC(1161) Pause Young (Allocation Failure)
[2025-08-01T01:23:05.561+0000] GC(1161) PSYoungGen: 931840K(931840K)->399200K(931840K) Eden: 465920K(465920K)->0K(465920K) From: 465920K(465920K)->399200K(465920K)
[2025-08-01T01:23:05.561+0000] GC(1161) ParOldGen: 1772787K(2796544K)->2147707K(2796544K)
[2025-08-01T01:23:05.561+0000] GC(1161) Metaspace: 10058K(10240K)->10058K(10240K) NonClass: 8831K(8896K)->8831K(8896K) Class: 1226K(1344K)->1226K(1344K)
[2025-08-01T01:23:05.561+0000] GC(1161) Pause Young (Allocation Failure) 2641M->2487M(3641M) 126.791ms
[2025-08-01T01:23:05.561+0000] GC(1161) User=0.98s Sys=0.03s Real=0.12s
[2025-08-01T01:23:05.648+0000] GC(1162) Pause Full (Ergonomics)
[2025-08-01T01:23:05.648+0000] GC(1162) Marking Phase
[2025-08-01T01:23:05.727+0000] GC(1162) Marking Phase 78.358ms
[2025-08-01T01:23:05.727+0000] GC(1162) Summary Phase
[2025-08-01T01:23:05.727+0000] GC(1162) Summary Phase 0.078ms
[2025-08-01T01:23:05.727+0000] GC(1162) Adjust Roots
[2025-08-01T01:23:05.729+0000] GC(1162) Adjust Roots 1.942ms
[2025-08-01T01:23:05.729+0000] GC(1162) Compaction Phase
[2025-08-01T01:23:05.935+0000] GC(1162) Compaction Phase 205.523ms
[2025-08-01T01:23:05.935+0000] GC(1162) Post Compact
[2025-08-01T01:23:05.956+0000] GC(1162) Post Compact 21.025ms
[2025-08-01T01:23:05.956+0000] GC(1162) PSYoungGen: 865120K(931840K)->0K(931840K) Eden: 465920K(465920K)->0K(465920K) From: 399200K(465920K)->0K(465920K)
[2025-08-01T01:23:05.956+0000] GC(1162) ParOldGen: 2147707K(2796544K)->1439234K(2796544K)
[2025-08-01T01:23:05.956+0000] GC(1162) Metaspace: 10058K(10240K)->10058K(10240K) NonClass: 8831K(8896K)->8831K(8896K) Class: 1226K(1344K)->1226K(1344K)
[2025-08-01T01:23:05.956+0000] GC(1162) Pause Full (Ergonomics) 2942M->1405M(3641M) 307.477ms
[2025-08-01T01:23:05.956+0000] GC(1162) User=2.22s Sys=0.01s Real=0.31s
[2025-08-01T01:23:06.091+0000] GC(1163) Pause Young (Allocation Failure)
[2025-08-01T01:23:06.209+0000] GC(1163) PSYoungGen: 465920K(931840K)->327072K(931840K) Eden: 465920K(465920K)->0K(465920K) From: 0K(465920K)->327072K(465920K)
[2025-08-01T01:23:06.209+0000] GC(1163) ParOldGen: 1439234K(2796544K)->1439234K(2796544K)
[2025-08-01T01:23:06.209+0000] GC(1163) Metaspace: 10058K(10240K)->10058K(10240K) NonClass: 8831K(8896K)->8831K(8896K) Class: 1226K(1344K)->1226K(1344K)
[2025-08-01T01:23:06.209+0000] GC(1163) Pause Young (Allocation Failure) 1860M->1724M(3641M) 118.340ms
[2025-08-01T01:23:06.209+0000] GC(1163) User=0.88s Sys=0.04s Real=0.12s
[2025-08-01T01:23:06.315+0000] GC(1164) Pause Young (Allocation Failure)
[2025-08-01T01:23:06.453+0000] GC(1164) PSYoungGen: 792992K(931840K)->465920K(931840K) Eden: 465920K(465920K)->0K(465920K) From: 327072K(465920K)->465920K(465920K)
[2025-08-01T01:23:06.453+0000] GC(1164) ParOldGen: 1439234K(2796544K)->1794754K(2796544K)
[2025-08-01T01:23:06.453+0000] GC(1164) Metaspace: 10058K(10240K)->10058K(10240K) NonClass: 8831K(8896K)->8831K(8896K) Class: 1226K(1344K)->1226K(1344K)
[2025-08-01T01:23:06.453+0000] GC(1164) Pause Young (Allocation Failure) 2179M->2207M(3641M) 138.313ms
[2025-08-01T01:23:06.453+0000] GC(1164) User=1.07s Sys=0.01s Real=0.14s
[2025-08-01T01:23:06.541+0000] GC(1165) Pause Young (Allocation Failure)
[2025-08-01T01:23:06.668+0000] GC(1165) PSYoungGen: 931840K(931840K)->399104K(931840K) Eden: 465920K(465920K)->0K(465920K) From: 465920K(465920K)->399104K(465920K)
[2025-08-01T01:23:06.669+0000] GC(1165) ParOldGen: 1794754K(2796544K)->2177634K(2796544K)
[2025-08-01T01:23:06.669+0000] GC(1165) Metaspace: 10058K(10240K)->10058K(10240K) NonClass: 8831K(8896K)->8831K(8896K) Class: 1226K(1344K)->1226K(1344K)
[2025-08-01T01:23:06.669+0000] GC(1165) Pause Young (Allocation Failure) 2662M->2516M(3641M) 127.683ms
[2025-08-01T01:23:06.669+0000] GC(1165) User=0.98s Sys=0.02s Real=0.13s
[2025-08-01T01:23:06.756+0000] GC(1166) Pause Full (Ergonomics)
[2025-08-01T01:23:06.757+0000] GC(1166) Marking Phase
[2025-08-01T01:23:06.830+0000] GC(1166) Marking Phase 73.730ms
[2025-08-01T01:23:06.830+0000] GC(1166) Summary Phase
[2025-08-01T01:23:06.830+0000] GC(1166) Summary Phase 0.102ms
[2025-08-01T01:23:06.830+0000] GC(1166) Adjust Roots
[2025-08-01T01:23:06.832+0000] GC(1166) Adjust Roots 1.798ms
[2025-08-01T01:23:06.832+0000] GC(1166) Compaction Phase
[2025-08-01T01:23:07.030+0000] GC(1166) Compaction Phase 197.676ms
[2025-08-01T01:23:07.030+0000] GC(1166) Post Compact
[2025-08-01T01:23:07.050+0000] GC(1166) Post Compact 20.029ms
[2025-08-01T01:23:07.050+0000] GC(1166) PSYoungGen: 865024K(931840K)->0K(931840K) Eden: 465920K(465920K)->0K(465920K) From: 399104K(465920K)->0K(465920K)
[2025-08-01T01:23:07.050+0000] GC(1166) ParOldGen: 2177634K(2796544K)->1448936K(2796544K)
[2025-08-01T01:23:07.050+0000] GC(1166) Metaspace: 10058K(10240K)->10058K(10240K) NonClass: 8831K(8896K)->8831K(8896K) Class: 1226K(1344K)->1226K(1344K)
[2025-08-01T01:23:07.050+0000] GC(1166) Pause Full (Ergonomics) 2971M->1414M(3641M) 293.835ms
[2025-08-01T01:23:07.050+0000] GC(1166) User=2.14s Sys=0.01s Real=0.29s
[2025-08-01T01:23:07.184+0000] GC(1167) Pause Young (Allocation Failure)
[2025-08-01T01:23:07.305+0000] GC(1167) PSYoungGen: 465920K(931840K)->328096K(931840K) Eden: 465920K(465920K)->0K(465920K) From: 0K(465920K)->328096K(465920K)
[2025-08-01T01:23:07.306+0000] GC(1167) ParOldGen: 1448936K(2796544K)->1448936K(2796544K)
[2025-08-01T01:23:07.306+0000] GC(1167) Metaspace: 10058K(10240K)->10058K(10240K) NonClass: 8831K(8896K)->8831K(8896K) Class: 1226K(1344K)->1226K(1344K)
[2025-08-01T01:23:07.306+0000] GC(1167) Pause Young (Allocation Failure) 1869M->1735M(3641M) 121.764ms
[2025-08-01T01:23:07.306+0000] GC(1167) User=0.89s Sys=0.04s Real=0.12s
[2025-08-01T01:23:07.401+0000] GC(1168) Pause Young (Allocation Failure)
[2025-08-01T01:23:07.586+0000] GC(1168) PSYoungGen: 794016K(931840K)->465920K(931840K) Eden: 465920K(465920K)->0K(465920K) From: 328096K(465920K)->465920K(465920K)
[2025-08-01T01:23:07.586+0000] GC(1168) ParOldGen: 1448936K(2796544K)->1806128K(2796544K)
[2025-08-01T01:23:07.586+0000] GC(1168) Metaspace: 10058K(10240K)->10058K(10240K) NonClass: 8831K(8896K)->8831K(8896K) Class: 1226K(1344K)->1226K(1344K)
[2025-08-01T01:23:07.586+0000] GC(1168) Pause Young (Allocation Failure) 2190M->2218M(3641M) 184.345ms
[2025-08-01T01:23:07.586+0000] GC(1168) User=1.42s Sys=0.02s Real=0.19s
[2025-08-01T01:23:07.675+0000] GC(1169) Pause Young (Allocation Failure)
[2025-08-01T01:23:07.852+0000] GC(1169) PSYoungGen: 931840K(931840K)->402816K(931840K) Eden: 465920K(465920K)->0K(465920K) From: 465920K(465920K)->402816K(465920K)
[2025-08-01T01:23:07.852+0000] GC(1169) ParOldGen: 1806128K(2796544K)->2183784K(2796544K)
[2025-08-01T01:23:07.852+0000] GC(1169) Metaspace: 10058K(10240K)->10058K(10240K) NonClass: 8831K(8896K)->8831K(8896K) Class: 1226K(1344K)->1226K(1344K)
[2025-08-01T01:23:07.852+0000] GC(1169) Pause Young (Allocation Failure) 2673M->2525M(3641M) 176.917ms
[2025-08-01T01:23:07.852+0000] GC(1169) User=1.27s Sys=0.06s Real=0.17s
[2025-08-01T01:23:07.939+0000] GC(1170) Pause Full (Ergonomics)
[2025-08-01T01:23:07.939+0000] GC(1170) Marking Phase
[2025-08-01T01:23:08.034+0000] GC(1170) Marking Phase 95.226ms
[2025-08-01T01:23:08.034+0000] GC(1170) Summary Phase
[2025-08-01T01:23:08.034+0000] GC(1170) Summary Phase 0.120ms
[2025-08-01T01:23:08.034+0000] GC(1170) Adjust Roots
[2025-08-01T01:23:08.035+0000] GC(1170) Adjust Roots 1.161ms
[2025-08-01T01:23:08.035+0000] GC(1170) Compaction Phase
[2025-08-01T01:23:08.182+0000] GC(1170) Compaction Phase 146.105ms
[2025-08-01T01:23:08.182+0000] GC(1170) Post Compact
[2025-08-01T01:23:08.204+0000] GC(1170) Post Compact 21.919ms
[2025-08-01T01:23:08.204+0000] GC(1170) PSYoungGen: 868736K(931840K)->0K(931840K) Eden: 465920K(465920K)->0K(465920K) From: 402816K(465920K)->0K(465920K)
[2025-08-01T01:23:08.204+0000] GC(1170) ParOldGen: 2183784K(2796544K)->995264K(2796544K)
[2025-08-01T01:23:08.204+0000] GC(1170) Metaspace: 10058K(10240K)->10058K(10240K) NonClass: 8831K(8896K)->8831K(8896K) Class: 1226K(1344K)->1226K(1344K)
[2025-08-01T01:23:08.204+0000] GC(1170) Pause Full (Ergonomics) 2980M->971M(3641M) 265.114ms
[2025-08-01T01:23:08.204+0000] GC(1170) User=1.87s Sys=0.03s Real=0.27s
[2025-08-01T01:23:08.288+0000] GC(1171) Pause Young (Allocation Failure)
[2025-08-01T01:23:08.407+0000] GC(1171) PSYoungGen: 465920K(931840K)->455072K(931840K) Eden: 465920K(465920K)->0K(465920K) From: 0K(465920K)->455072K(465920K)
[2025-08-01T01:23:08.408+0000] GC(1171) ParOldGen: 995264K(2796544K)->995264K(2796544K)
[2025-08-01T01:23:08.408+0000] GC(1171) Metaspace: 10058K(10240K)->10058K(10240K) NonClass: 8831K(8896K)->8831K(8896K) Class: 1226K(1344K)->1226K(1344K)
[2025-08-01T01:23:08.408+0000] GC(1171) Pause Young (Allocation Failure) 1426M->1416M(3641M) 119.722ms
[2025-08-01T01:23:08.408+0000] GC(1171) User=0.90s Sys=0.02s Real=0.12s
[2025-08-01T01:23:08.496+0000] GC(1172) Pause Young (Allocation Failure)
[2025-08-01T01:23:08.667+0000] GC(1172) PSYoungGen: 920992K(931840K)->455456K(931840K) Eden: 465920K(465920K)->0K(465920K) From: 455072K(465920K)->455456K(465920K)
[2025-08-01T01:23:08.667+0000] GC(1172) ParOldGen: 995264K(2796544K)->1360448K(2796544K)
[2025-08-01T01:23:08.667+0000] GC(1172) Metaspace: 10058K(10240K)->10058K(10240K) NonClass: 8831K(8896K)->8831K(8896K) Class: 1226K(1344K)->1226K(1344K)
[2025-08-01T01:23:08.667+0000] GC(1172) Pause Young (Allocation Failure) 1871M->1773M(3641M) 171.538ms
[2025-08-01T01:23:08.668+0000] GC(1172) User=1.31s Sys=0.03s Real=0.17s
[2025-08-01T01:23:08.752+0000] GC(1173) Pause Young (Allocation Failure)
[2025-08-01T01:23:08.867+0000] GC(1173) PSYoungGen: 921376K(931840K)->391552K(931840K) Eden: 465920K(465920K)->0K(465920K) From: 455456K(465920K)->391552K(465920K)
[2025-08-01T01:23:08.867+0000] GC(1173) ParOldGen: 1360448K(2796544K)->1730408K(2796544K)
[2025-08-01T01:23:08.867+0000] GC(1173) Metaspace: 10058K(10240K)->10058K(10240K) NonClass: 8831K(8896K)->8831K(8896K) Class: 1226K(1344K)->1226K(1344K)
[2025-08-01T01:23:08.867+0000] GC(1173) Pause Young (Allocation Failure) 2228M->2072M(3641M) 114.952ms
[2025-08-01T01:23:08.867+0000] GC(1173) User=0.87s Sys=0.01s Real=0.12s
[2025-08-01T01:23:08.957+0000] GC(1174) Pause Young (Allocation Failure)
[2025-08-01T01:23:09.082+0000] GC(1174) PSYoungGen: 857472K(931840K)->379104K(931840K) Eden: 465920K(465920K)->0K(465920K) From: 391552K(465920K)->379104K(465920K)
[2025-08-01T01:23:09.083+0000] GC(1174) ParOldGen: 1730408K(2796544K)->2038304K(2796544K)
[2025-08-01T01:23:09.083+0000] GC(1174) Metaspace: 10058K(10240K)->10058K(10240K) NonClass: 8831K(8896K)->8831K(8896K) Class: 1226K(1344K)->1226K(1344K)
[2025-08-01T01:23:09.083+0000] GC(1174) Pause Young (Allocation Failure) 2527M->2360M(3641M) 125.691ms
[2025-08-01T01:23:09.083+0000] GC(1174) User=0.96s Sys=0.03s Real=0.12s
[2025-08-01T01:23:09.178+0000] GC(1175) Pause Young (Allocation Failure)
[2025-08-01T01:23:09.348+0000] GC(1175) PSYoungGen: 845024K(931840K)->447776K(931840K) Eden: 465920K(465920K)->0K(465920K) From: 379104K(465920K)->447776K(465920K)
[2025-08-01T01:23:09.348+0000] GC(1175) ParOldGen: 2038304K(2796544K)->2325592K(2796544K)
[2025-08-01T01:23:09.348+0000] GC(1175) Metaspace: 10058K(10240K)->10058K(10240K) NonClass: 8831K(8896K)->8831K(8896K) Class: 1226K(1344K)->1226K(1344K)
[2025-08-01T01:23:09.348+0000] GC(1175) Pause Young (Allocation Failure) 2815M->2708M(3641M) 169.927ms
[2025-08-01T01:23:09.348+0000] GC(1175) User=1.30s Sys=0.02s Real=0.17s
[2025-08-01T01:23:09.492+0000] GC(1176) Pause Full (Ergonomics)
[2025-08-01T01:23:09.492+0000] GC(1176) Marking Phase
[2025-08-01T01:23:09.606+0000] GC(1176) Marking Phase 113.984ms
[2025-08-01T01:23:09.606+0000] GC(1176) Summary Phase
[2025-08-01T01:23:09.606+0000] GC(1176) Summary Phase 0.081ms
[2025-08-01T01:23:09.606+0000] GC(1176) Adjust Roots
[2025-08-01T01:23:09.607+0000] GC(1176) Adjust Roots 1.146ms
[2025-08-01T01:23:09.607+0000] GC(1176) Compaction Phase
[2025-08-01T01:23:09.787+0000] GC(1176) Compaction Phase 179.340ms
[2025-08-01T01:23:09.787+0000] GC(1176) Post Compact
[2025-08-01T01:23:09.810+0000] GC(1176) Post Compact 23.624ms
[2025-08-01T01:23:09.810+0000] GC(1176) PSYoungGen: 913696K(931840K)->0K(931840K) Eden: 465920K(465920K)->0K(465920K) From: 447776K(465920K)->0K(465920K)
[2025-08-01T01:23:09.810+0000] GC(1176) ParOldGen: 2325592K(2796544K)->1010000K(2796544K)
[2025-08-01T01:23:09.810+0000] GC(1176) Metaspace: 10058K(10240K)->10058K(10240K) NonClass: 8831K(8896K)->8831K(8896K) Class: 1226K(1344K)->1226K(1344K)
[2025-08-01T01:23:09.810+0000] GC(1176) Pause Full (Ergonomics) 3163M->986M(3641M) 318.568ms
[2025-08-01T01:23:09.811+0000] GC(1176) User=2.27s Sys=0.03s Real=0.32s
[2025-08-01T01:23:09.899+0000] GC(1177) Pause Young (Allocation Failure)
[2025-08-01T01:23:09.967+0000] GC(1177) PSYoungGen: 465920K(931840K)->391968K(931840K) Eden: 465920K(465920K)->0K(465920K) From: 0K(465920K)->391968K(465920K)
[2025-08-01T01:23:09.967+0000] GC(1177) ParOldGen: 1010000K(2796544K)->1010000K(2796544K)
[2025-08-01T01:23:09.967+0000] GC(1177) Metaspace: 10058K(10240K)->10058K(10240K) NonClass: 8831K(8896K)->8831K(8896K) Class: 1226K(1344K)->1226K(1344K)
[2025-08-01T01:23:09.967+0000] GC(1177) Pause Young (Allocation Failure) 1441M->1369M(3641M) 67.394ms
[2025-08-01T01:23:09.967+0000] GC(1177) User=0.50s Sys=0.02s Real=0.07s
[2025-08-01T01:23:10.063+0000] GC(1178) Pause Young (Allocation Failure)
[2025-08-01T01:23:10.174+0000] GC(1178) PSYoungGen: 857888K(931840K)->405824K(931840K) Eden: 465920K(465920K)->0K(465920K) From: 391968K(465920K)->405824K(465920K)
[2025-08-01T01:23:10.174+0000] GC(1178) ParOldGen: 1010000K(2796544K)->1297904K(2796544K)
[2025-08-01T01:23:10.174+0000] GC(1178) Metaspace: 10058K(10240K)->10058K(10240K) NonClass: 8831K(8896K)->8831K(8896K) Class: 1226K(1344K)->1226K(1344K)
[2025-08-01T01:23:10.174+0000] GC(1178) Pause Young (Allocation Failure) 1824M->1663M(3641M) 111.855ms
[2025-08-01T01:23:10.174+0000] GC(1178) User=0.84s Sys=0.01s Real=0.12s
[2025-08-01T01:23:10.267+0000] GC(1179) Pause Young (Allocation Failure)
[2025-08-01T01:23:10.412+0000] GC(1179) PSYoungGen: 871744K(931840K)->439776K(931840K) Eden: 465920K(465920K)->0K(465920K) From: 405824K(465920K)->439776K(465920K)
[2025-08-01T01:23:10.412+0000] GC(1179) ParOldGen: 1297904K(2796544K)->1608152K(2796544K)
[2025-08-01T01:23:10.412+0000] GC(1179) Metaspace: 10058K(10240K)->10058K(10240K) NonClass: 8831K(8896K)->8831K(8896K) Class: 1226K(1344K)->1226K(1344K)
[2025-08-01T01:23:10.412+0000] GC(1179) Pause Young (Allocation Failure) 2118M->1999M(3641M) 145.091ms
[2025-08-01T01:23:10.412+0000] GC(1179) User=1.12s Sys=0.02s Real=0.14s
[2025-08-01T01:23:10.562+0000] GC(1180) Pause Young (Allocation Failure)
[2025-08-01T01:23:10.708+0000] GC(1180) PSYoungGen: 905696K(931840K)->465920K(931840K) Eden: 465920K(465920K)->0K(465920K) From: 439776K(465920K)->465920K(465920K)
[2025-08-01T01:23:10.708+0000] GC(1180) ParOldGen: 1608152K(2796544K)->1950424K(2796544K)
[2025-08-01T01:23:10.708+0000] GC(1180) Metaspace: 10058K(10240K)->10058K(10240K) NonClass: 8831K(8896K)->8831K(8896K) Class: 1226K(1344K)->1226K(1344K)
[2025-08-01T01:23:10.708+0000] GC(1180) Pause Young (Allocation Failure) 2454M->2359M(3641M) 146.655ms
[2025-08-01T01:23:10.708+0000] GC(1180) User=1.09s Sys=0.04s Real=0.15s
[2025-08-01T01:23:10.804+0000] GC(1181) Pause Young (Allocation Failure)
[2025-08-01T01:23:10.963+0000] GC(1181) PSYoungGen: 931840K(931840K)->402208K(931840K) Eden: 465920K(465920K)->0K(465920K) From: 465920K(465920K)->402208K(465920K)
[2025-08-01T01:23:10.963+0000] GC(1181) ParOldGen: 1950424K(2796544K)->2313984K(2796544K)
[2025-08-01T01:23:10.963+0000] GC(1181) Metaspace: 10058K(10240K)->10058K(10240K) NonClass: 8831K(8896K)->8831K(8896K) Class: 1226K(1344K)->1226K(1344K)
[2025-08-01T01:23:10.963+0000] GC(1181) Pause Young (Allocation Failure) 2814M->2652M(3641M) 159.165ms
[2025-08-01T01:23:10.963+0000] GC(1181) User=1.12s Sys=0.07s Real=0.16s
[2025-08-01T01:23:11.053+0000] GC(1182) Pause Full (Ergonomics)
[2025-08-01T01:23:11.053+0000] GC(1182) Marking Phase
[2025-08-01T01:23:11.103+0000] GC(1182) Marking Phase 50.247ms
[2025-08-01T01:23:11.103+0000] GC(1182) Summary Phase
[2025-08-01T01:23:11.103+0000] GC(1182) Summary Phase 0.120ms
[2025-08-01T01:23:11.103+0000] GC(1182) Adjust Roots
[2025-08-01T01:23:11.105+0000] GC(1182) Adjust Roots 2.014ms
[2025-08-01T01:23:11.106+0000] GC(1182) Compaction Phase
[2025-08-01T01:23:11.245+0000] GC(1182) Compaction Phase 139.027ms
[2025-08-01T01:23:11.245+0000] GC(1182) Post Compact
[2025-08-01T01:23:11.267+0000] GC(1182) Post Compact 21.848ms
[2025-08-01T01:23:11.267+0000] GC(1182) PSYoungGen: 868128K(931840K)->0K(931840K) Eden: 465920K(465920K)->0K(465920K) From: 402208K(465920K)->0K(465920K)
[2025-08-01T01:23:11.267+0000] GC(1182) ParOldGen: 2313984K(2796544K)->1027365K(2796544K)
[2025-08-01T01:23:11.267+0000] GC(1182) Metaspace: 10058K(10240K)->10058K(10240K) NonClass: 8831K(8896K)->8831K(8896K) Class: 1226K(1344K)->1226K(1344K)
[2025-08-01T01:23:11.267+0000] GC(1182) Pause Full (Ergonomics) 3107M->1003M(3641M) 213.667ms
[2025-08-01T01:23:11.267+0000] GC(1182) User=1.48s Sys=0.00s Real=0.21s
[2025-08-01T01:23:11.360+0000] GC(1183) Pause Young (Allocation Failure)
[2025-08-01T01:23:11.464+0000] GC(1183) PSYoungGen: 465920K(931840K)->436736K(931840K) Eden: 465920K(465920K)->0K(465920K) From: 0K(465920K)->436736K(465920K)
[2025-08-01T01:23:11.464+0000] GC(1183) ParOldGen: 1027365K(2796544K)->1027365K(2796544K)
[2025-08-01T01:23:11.464+0000] GC(1183) Metaspace: 10058K(10240K)->10058K(10240K) NonClass: 8831K(8896K)->8831K(8896K) Class: 1226K(1344K)->1226K(1344K)
[2025-08-01T01:23:11.464+0000] GC(1183) Pause Young (Allocation Failure) 1458M->1429M(3641M) 104.307ms
[2025-08-01T01:23:11.464+0000] GC(1183) User=0.78s Sys=0.02s Real=0.11s
[2025-08-01T01:23:11.608+0000] GC(1184) Pause Young (Allocation Failure)
[2025-08-01T01:23:11.812+0000] GC(1184) PSYoungGen: 902656K(931840K)->459072K(931840K) Eden: 465920K(465920K)->0K(465920K) From: 436736K(465920K)->459072K(465920K)
[2025-08-01T01:23:11.812+0000] GC(1184) ParOldGen: 1027365K(2796544K)->1371085K(2796544K)
[2025-08-01T01:23:11.812+0000] GC(1184) Metaspace: 10058K(10240K)->10058K(10240K) NonClass: 8831K(8896K)->8831K(8896K) Class: 1226K(1344K)->1226K(1344K)
[2025-08-01T01:23:11.812+0000] GC(1184) Pause Young (Allocation Failure) 1884M->1787M(3641M) 204.065ms
[2025-08-01T01:23:11.812+0000] GC(1184) User=1.57s Sys=0.03s Real=0.20s
[2025-08-01T01:23:11.909+0000] GC(1185) Pause Young (Allocation Failure)
[2025-08-01T01:23:12.026+0000] GC(1185) PSYoungGen: 924992K(931840K)->396128K(931840K) Eden: 465920K(465920K)->0K(465920K) From: 459072K(465920K)->396128K(465920K)
[2025-08-01T01:23:12.026+0000] GC(1185) ParOldGen: 1371085K(2796544K)->1728533K(2796544K)
[2025-08-01T01:23:12.026+0000] GC(1185) Metaspace: 10058K(10240K)->10058K(10240K) NonClass: 8831K(8896K)->8831K(8896K) Class: 1226K(1344K)->1226K(1344K)
[2025-08-01T01:23:12.026+0000] GC(1185) Pause Young (Allocation Failure) 2242M->2074M(3641M) 117.057ms
[2025-08-01T01:23:12.026+0000] GC(1185) User=0.87s Sys=0.03s Real=0.12s
[2025-08-01T01:23:12.115+0000] GC(1186) Pause Young (Allocation Failure)
[2025-08-01T01:23:12.235+0000] GC(1186) PSYoungGen: 862048K(931840K)->430688K(931840K) Eden: 465920K(465920K)->0K(465920K) From: 396128K(465920K)->430688K(465920K)
[2025-08-01T01:23:12.235+0000] GC(1186) ParOldGen: 1728533K(2796544K)->2018565K(2796544K)
[2025-08-01T01:23:12.235+0000] GC(1186) Metaspace: 10058K(10240K)->10058K(10240K) NonClass: 8831K(8896K)->8831K(8896K) Class: 1226K(1344K)->1226K(1344K)
[2025-08-01T01:23:12.235+0000] GC(1186) Pause Young (Allocation Failure) 2529M->2391M(3641M) 119.422ms
[2025-08-01T01:23:12.235+0000] GC(1186) User=0.91s Sys=0.03s Real=0.12s
[2025-08-01T01:23:12.327+0000] GC(1187) Pause Young (Allocation Failure)
[2025-08-01T01:23:12.453+0000] GC(1187) PSYoungGen: 896608K(931840K)->439072K(931840K) Eden: 465920K(465920K)->0K(465920K) From: 430688K(465920K)->439072K(465920K)
[2025-08-01T01:23:12.453+0000] GC(1187) ParOldGen: 2018565K(2796544K)->2361253K(2796544K)
[2025-08-01T01:23:12.453+0000] GC(1187) Metaspace: 10058K(10240K)->10058K(10240K) NonClass: 8831K(8896K)->8831K(8896K) Class: 1226K(1344K)->1226K(1344K)
[2025-08-01T01:23:12.453+0000] GC(1187) Pause Young (Allocation Failure) 2846M->2734M(3641M) 126.055ms
[2025-08-01T01:23:12.453+0000] GC(1187) User=0.95s Sys=0.04s Real=0.12s
[2025-08-01T01:23:12.543+0000] GC(1188) Pause Full (Ergonomics)
[2025-08-01T01:23:12.543+0000] GC(1188) Marking Phase
[2025-08-01T01:23:12.596+0000] GC(1188) Marking Phase 53.441ms
[2025-08-01T01:23:12.596+0000] GC(1188) Summary Phase
[2025-08-01T01:23:12.596+0000] GC(1188) Summary Phase 0.109ms
[2025-08-01T01:23:12.596+0000] GC(1188) Adjust Roots
[2025-08-01T01:23:12.598+0000] GC(1188) Adjust Roots 1.605ms
[2025-08-01T01:23:12.598+0000] GC(1188) Compaction Phase
[2025-08-01T01:23:12.742+0000] GC(1188) Compaction Phase 143.618ms
[2025-08-01T01:23:12.742+0000] GC(1188) Post Compact
[2025-08-01T01:23:12.764+0000] GC(1188) Post Compact 22.153ms
[2025-08-01T01:23:12.764+0000] GC(1188) PSYoungGen: 904992K(931840K)->0K(931840K) Eden: 465920K(465920K)->0K(465920K) From: 439072K(465920K)->0K(465920K)
[2025-08-01T01:23:12.764+0000] GC(1188) ParOldGen: 2361253K(2796544K)->1038768K(2796544K)
[2025-08-01T01:23:12.764+0000] GC(1188) Metaspace: 10058K(10240K)->10058K(10240K) NonClass: 8831K(8896K)->8831K(8896K) Class: 1226K(1344K)->1226K(1344K)
[2025-08-01T01:23:12.764+0000] GC(1188) Pause Full (Ergonomics) 3189M->1014M(3641M) 221.359ms
[2025-08-01T01:23:12.764+0000] GC(1188) User=1.55s Sys=0.00s Real=0.23s
[2025-08-01T01:23:12.850+0000] GC(1189) Pause Young (Allocation Failure)
[2025-08-01T01:23:12.902+0000] GC(1189) PSYoungGen: 465920K(931840K)->261536K(931840K) Eden: 465920K(465920K)->0K(465920K) From: 0K(465920K)->261536K(465920K)
[2025-08-01T01:23:12.902+0000] GC(1189) ParOldGen: 1038768K(2796544K)->1038768K(2796544K)
[2025-08-01T01:23:12.902+0000] GC(1189) Metaspace: 10058K(10240K)->10058K(10240K) NonClass: 8831K(8896K)->8831K(8896K) Class: 1226K(1344K)->1226K(1344K)
[2025-08-01T01:23:12.902+0000] GC(1189) Pause Young (Allocation Failure) 1469M->1269M(3641M) 51.639ms
[2025-08-01T01:23:12.902+0000] GC(1189) User=0.38s Sys=0.01s Real=0.05s
[2025-08-01T01:23:13.002+0000] GC(1190) Pause Young (Allocation Failure)
[2025-08-01T01:23:13.166+0000] GC(1190) PSYoungGen: 727456K(931840K)->465920K(931840K) Eden: 465920K(465920K)->0K(465920K) From: 261536K(465920K)->465920K(465920K)
[2025-08-01T01:23:13.166+0000] GC(1190) ParOldGen: 1038768K(2796544K)->1321992K(2796544K)
[2025-08-01T01:23:13.166+0000] GC(1190) Metaspace: 10058K(10240K)->10058K(10240K) NonClass: 8831K(8896K)->8831K(8896K) Class: 1226K(1344K)->1226K(1344K)
[2025-08-01T01:23:13.166+0000] GC(1190) Pause Young (Allocation Failure) 1724M->1746M(3641M) 163.886ms
[2025-08-01T01:23:13.166+0000] GC(1190) User=1.15s Sys=0.03s Real=0.17s
[2025-08-01T01:23:13.256+0000] GC(1191) Pause Young (Allocation Failure)
[2025-08-01T01:23:13.406+0000] GC(1191) PSYoungGen: 931840K(931840K)->418720K(931840K) Eden: 465920K(465920K)->0K(465920K) From: 465920K(465920K)->418720K(465920K)
[2025-08-01T01:23:13.406+0000] GC(1191) ParOldGen: 1321992K(2796544K)->1701272K(2796544K)
[2025-08-01T01:23:13.406+0000] GC(1191) Metaspace: 10058K(10240K)->10058K(10240K) NonClass: 8831K(8896K)->8831K(8896K) Class: 1226K(1344K)->1226K(1344K)
[2025-08-01T01:23:13.406+0000] GC(1191) Pause Young (Allocation Failure) 2201M->2070M(3641M) 149.239ms
[2025-08-01T01:23:13.406+0000] GC(1191) User=1.14s Sys=0.02s Real=0.15s
[2025-08-01T01:23:13.496+0000] GC(1192) Pause Young (Allocation Failure)
[2025-08-01T01:23:13.619+0000] GC(1192) PSYoungGen: 884640K(931840K)->438912K(931840K) Eden: 465920K(465920K)->0K(465920K) From: 418720K(465920K)->438912K(465920K)
[2025-08-01T01:23:13.619+0000] GC(1192) ParOldGen: 1701272K(2796544K)->2022264K(2796544K)
[2025-08-01T01:23:13.619+0000] GC(1192) Metaspace: 10058K(10240K)->10058K(10240K) NonClass: 8831K(8896K)->8831K(8896K) Class: 1226K(1344K)->1226K(1344K)
[2025-08-01T01:23:13.619+0000] GC(1192) Pause Young (Allocation Failure) 2525M->2403M(3641M) 123.883ms
[2025-08-01T01:23:13.619+0000] GC(1192) User=0.93s Sys=0.02s Real=0.12s
[2025-08-01T01:23:13.709+0000] GC(1193) Pause Young (Allocation Failure)
[2025-08-01T01:23:13.790+0000] GC(1193) PSYoungGen: 904832K(931840K)->300416K(931840K) Eden: 465920K(465920K)->0K(465920K) From: 438912K(465920K)->300416K(465920K)
[2025-08-01T01:23:13.790+0000] GC(1193) ParOldGen: 2022264K(2796544K)->2222976K(2796544K)
[2025-08-01T01:23:13.790+0000] GC(1193) Metaspace: 10058K(10240K)->10058K(10240K) NonClass: 8831K(8896K)->8831K(8896K) Class: 1226K(1344K)->1226K(1344K)
[2025-08-01T01:23:13.790+0000] GC(1193) Pause Young (Allocation Failure) 2858M->2464M(3641M) 80.935ms
[2025-08-01T01:23:13.790+0000] GC(1193) User=0.62s Sys=0.00s Real=0.08s
[2025-08-01T01:23:13.876+0000] GC(1194) Pause Young (Allocation Failure)
[2025-08-01T01:23:14.001+0000] GC(1194) PSYoungGen: 766336K(931840K)->465920K(931840K) Eden: 465920K(465920K)->0K(465920K) From: 300416K(465920K)->465920K(465920K)
[2025-08-01T01:23:14.001+0000] GC(1194) ParOldGen: 2222976K(2796544K)->2545456K(2796544K)
[2025-08-01T01:23:14.001+0000] GC(1194) Metaspace: 10058K(10240K)->10058K(10240K) NonClass: 8831K(8896K)->8831K(8896K) Class: 1226K(1344K)->1226K(1344K)
[2025-08-01T01:23:14.001+0000] GC(1194) Pause Young (Allocation Failure) 2919M->2940M(3641M) 125.425ms
[2025-08-01T01:23:14.001+0000] GC(1194) User=0.98s Sys=0.01s Real=0.12s
[2025-08-01T01:23:14.092+0000] GC(1195) Pause Full (Ergonomics)
[2025-08-01T01:23:14.092+0000] GC(1195) Marking Phase
[2025-08-01T01:23:14.155+0000] GC(1195) Marking Phase 63.304ms
[2025-08-01T01:23:14.155+0000] GC(1195) Summary Phase
[2025-08-01T01:23:14.155+0000] GC(1195) Summary Phase 0.106ms
[2025-08-01T01:23:14.155+0000] GC(1195) Adjust Roots
[2025-08-01T01:23:14.157+0000] GC(1195) Adjust Roots 1.840ms
[2025-08-01T01:23:14.157+0000] GC(1195) Compaction Phase
[2025-08-01T01:23:14.300+0000] GC(1195) Compaction Phase 142.901ms
[2025-08-01T01:23:14.300+0000] GC(1195) Post Compact
[2025-08-01T01:23:14.324+0000] GC(1195) Post Compact 23.824ms
[2025-08-01T01:23:14.324+0000] GC(1195) PSYoungGen: 931840K(931840K)->0K(931840K) Eden: 465920K(465920K)->0K(465920K) From: 465920K(465920K)->0K(465920K)
[2025-08-01T01:23:14.324+0000] GC(1195) ParOldGen: 2545456K(2796544K)->1050826K(2796544K)
[2025-08-01T01:23:14.324+0000] GC(1195) Metaspace: 10058K(10240K)->10058K(10240K) NonClass: 8831K(8896K)->8831K(8896K) Class: 1226K(1344K)->1226K(1344K)
[2025-08-01T01:23:14.324+0000] GC(1195) Pause Full (Ergonomics) 3395M->1026M(3641M) 232.386ms
[2025-08-01T01:23:14.324+0000] GC(1195) User=1.58s Sys=0.01s Real=0.24s
[2025-08-01T01:23:14.416+0000] GC(1196) Pause Young (Allocation Failure)
[2025-08-01T01:23:14.491+0000] GC(1196) PSYoungGen: 465920K(931840K)->427872K(931840K) Eden: 465920K(465920K)->0K(465920K) From: 0K(465920K)->427872K(465920K)
[2025-08-01T01:23:14.491+0000] GC(1196) ParOldGen: 1050826K(2796544K)->1050826K(2796544K)
[2025-08-01T01:23:14.491+0000] GC(1196) Metaspace: 10058K(10240K)->10058K(10240K) NonClass: 8831K(8896K)->8831K(8896K) Class: 1226K(1344K)->1226K(1344K)
[2025-08-01T01:23:14.491+0000] GC(1196) Pause Young (Allocation Failure) 1481M->1444M(3641M) 74.979ms
[2025-08-01T01:23:14.491+0000] GC(1196) User=0.56s Sys=0.02s Real=0.07s
[2025-08-01T01:23:14.585+0000] GC(1197) Pause Young (Allocation Failure)
[2025-08-01T01:23:14.673+0000] GC(1197) PSYoungGen: 893792K(931840K)->318976K(931840K) Eden: 465920K(465920K)->0K(465920K) From: 427872K(465920K)->318976K(465920K)
[2025-08-01T01:23:14.674+0000] GC(1197) ParOldGen: 1050826K(2796544K)->1251986K(2796544K)
[2025-08-01T01:23:14.674+0000] GC(1197) Metaspace: 10058K(10240K)->10058K(10240K) NonClass: 8831K(8896K)->8831K(8896K) Class: 1226K(1344K)->1226K(1344K)
[2025-08-01T01:23:14.674+0000] GC(1197) Pause Young (Allocation Failure) 1899M->1534M(3641M) 88.992ms
[2025-08-01T01:23:14.674+0000] GC(1197) User=0.69s Sys=0.01s Real=0.09s
[2025-08-01T01:23:14.758+0000] GC(1198) Pause Young (Allocation Failure)
[2025-08-01T01:23:14.880+0000] GC(1198) PSYoungGen: 784896K(931840K)->465920K(931840K) Eden: 465920K(465920K)->0K(465920K) From: 318976K(465920K)->465920K(465920K)
[2025-08-01T01:23:14.880+0000] GC(1198) ParOldGen: 1251986K(2796544K)->1594930K(2796544K)
[2025-08-01T01:23:14.880+0000] GC(1198) Metaspace: 10058K(10240K)->10058K(10240K) NonClass: 8831K(8896K)->8831K(8896K) Class: 1226K(1344K)->1226K(1344K)
[2025-08-01T01:23:14.880+0000] GC(1198) Pause Young (Allocation Failure) 1989M->2012M(3641M) 122.311ms
[2025-08-01T01:23:14.880+0000] GC(1198) User=0.97s Sys=0.00s Real=0.12s
[2025-08-01T01:23:14.970+0000] GC(1199) Pause Young (Allocation Failure)
[2025-08-01T01:23:15.106+0000] GC(1199) PSYoungGen: 931840K(931840K)->409216K(931840K) Eden: 465920K(465920K)->0K(465920K) From: 465920K(465920K)->409216K(465920K)
[2025-08-01T01:23:15.106+0000] GC(1199) ParOldGen: 1594930K(2796544K)->1958554K(2796544K)
[2025-08-01T01:23:15.106+0000] GC(1199) Metaspace: 10058K(10240K)->10058K(10240K) NonClass: 8831K(8896K)->8831K(8896K) Class: 1226K(1344K)->1226K(1344K)
[2025-08-01T01:23:15.106+0000] GC(1199) Pause Young (Allocation Failure) 2467M->2312M(3641M) 135.753ms
[2025-08-01T01:23:15.106+0000] GC(1199) User=1.03s Sys=0.02s Real=0.14s
[2025-08-01T01:23:15.195+0000] GC(1200) Pause Young (Allocation Failure)
[2025-08-01T01:23:15.328+0000] GC(1200) PSYoungGen: 875136K(931840K)->429056K(931840K) Eden: 465920K(465920K)->0K(465920K) From: 409216K(465920K)->429056K(465920K)
[2025-08-01T01:23:15.328+0000] GC(1200) ParOldGen: 1958554K(2796544K)->2269026K(2796544K)
[2025-08-01T01:23:15.328+0000] GC(1200) Metaspace: 10058K(10240K)->10058K(10240K) NonClass: 8831K(8896K)->8831K(8896K) Class: 1226K(1344K)->1226K(1344K)
[2025-08-01T01:23:15.328+0000] GC(1200) Pause Young (Allocation Failure) 2767M->2634M(3641M) 133.335ms
[2025-08-01T01:23:15.328+0000] GC(1200) User=0.95s Sys=0.06s Real=0.13s
[2025-08-01T01:23:15.423+0000] GC(1201) Pause Young (Allocation Failure)
[2025-08-01T01:23:15.531+0000] GC(1201) PSYoungGen: 894976K(931840K)->321440K(931840K) Eden: 465920K(465920K)->0K(465920K) From: 429056K(465920K)->321440K(465920K)
[2025-08-01T01:23:15.531+0000] GC(1201) ParOldGen: 2269026K(2796544K)->2466978K(2796544K)
[2025-08-01T01:23:15.531+0000] GC(1201) Metaspace: 10058K(10240K)->10058K(10240K) NonClass: 8831K(8896K)->8831K(8896K) Class: 1226K(1344K)->1226K(1344K)
[2025-08-01T01:23:15.531+0000] GC(1201) Pause Young (Allocation Failure) 3089M->2723M(3641M) 107.498ms
[2025-08-01T01:23:15.531+0000] GC(1201) User=0.79s Sys=0.03s Real=0.10s
[2025-08-01T01:23:15.618+0000] GC(1202) Pause Full (Ergonomics)
[2025-08-01T01:23:15.618+0000] GC(1202) Marking Phase
[2025-08-01T01:23:15.675+0000] GC(1202) Marking Phase 57.058ms
[2025-08-01T01:23:15.675+0000] GC(1202) Summary Phase
[2025-08-01T01:23:15.675+0000] GC(1202) Summary Phase 0.072ms
[2025-08-01T01:23:15.675+0000] GC(1202) Adjust Roots
[2025-08-01T01:23:15.676+0000] GC(1202) Adjust Roots 1.503ms
[2025-08-01T01:23:15.676+0000] GC(1202) Compaction Phase
[2025-08-01T01:23:15.820+0000] GC(1202) Compaction Phase 143.653ms
[2025-08-01T01:23:15.820+0000] GC(1202) Post Compact
[2025-08-01T01:23:15.845+0000] GC(1202) Post Compact 25.242ms
[2025-08-01T01:23:15.845+0000] GC(1202) PSYoungGen: 787360K(931840K)->0K(931840K) Eden: 465920K(465920K)->0K(465920K) From: 321440K(465920K)->0K(465920K)
[2025-08-01T01:23:15.845+0000] GC(1202) ParOldGen: 2466978K(2796544K)->1061996K(2796544K)
[2025-08-01T01:23:15.845+0000] GC(1202) Metaspace: 10058K(10240K)->10058K(10240K) NonClass: 8831K(8896K)->8831K(8896K) Class: 1226K(1344K)->1226K(1344K)
[2025-08-01T01:23:15.845+0000] GC(1202) Pause Full (Ergonomics) 3178M->1037M(3641M) 227.952ms
[2025-08-01T01:23:15.846+0000] GC(1202) User=1.59s Sys=0.01s Real=0.23s
[2025-08-01T01:23:15.932+0000] GC(1203) Pause Young (Allocation Failure)
[2025-08-01T01:23:16.031+0000] GC(1203) PSYoungGen: 465920K(931840K)->427200K(931840K) Eden: 465920K(465920K)->0K(465920K) From: 0K(465920K)->427200K(465920K)
[2025-08-01T01:23:16.031+0000] GC(1203) ParOldGen: 1061996K(2796544K)->1061996K(2796544K)
[2025-08-01T01:23:16.031+0000] GC(1203) Metaspace: 10058K(10240K)->10058K(10240K) NonClass: 8831K(8896K)->8831K(8896K) Class: 1226K(1344K)->1226K(1344K)
[2025-08-01T01:23:16.032+0000] GC(1203) Pause Young (Allocation Failure) 1492M->1454M(3641M) 99.263ms
[2025-08-01T01:23:16.032+0000] GC(1203) User=0.75s Sys=0.03s Real=0.10s
[2025-08-01T01:23:16.123+0000] GC(1204) Pause Young (Allocation Failure)
[2025-08-01T01:23:16.238+0000] GC(1204) PSYoungGen: 893120K(931840K)->400320K(931840K) Eden: 465920K(465920K)->0K(465920K) From: 427200K(465920K)->400320K(465920K)
[2025-08-01T01:23:16.238+0000] GC(1204) ParOldGen: 1061996K(2796544K)->1391380K(2796544K)
[2025-08-01T01:23:16.238+0000] GC(1204) Metaspace: 10058K(10240K)->10058K(10240K) NonClass: 8831K(8896K)->8831K(8896K) Class: 1226K(1344K)->1226K(1344K)
[2025-08-01T01:23:16.238+0000] GC(1204) Pause Young (Allocation Failure) 1909M->1749M(3641M) 114.771ms
[2025-08-01T01:23:16.238+0000] GC(1204) User=0.89s Sys=0.02s Real=0.11s
[2025-08-01T01:23:16.328+0000] GC(1205) Pause Young (Allocation Failure)
[2025-08-01T01:23:16.411+0000] GC(1205) PSYoungGen: 866240K(931840K)->333984K(931840K) Eden: 465920K(465920K)->0K(465920K) From: 400320K(465920K)->333984K(465920K)
[2025-08-01T01:23:16.411+0000] GC(1205) ParOldGen: 1391380K(2796544K)->1558532K(2796544K)
[2025-08-01T01:23:16.411+0000] GC(1205) Metaspace: 10058K(10240K)->10058K(10240K) NonClass: 8831K(8896K)->8831K(8896K) Class: 1226K(1344K)->1226K(1344K)
[2025-08-01T01:23:16.411+0000] GC(1205) Pause Young (Allocation Failure) 2204M->1848M(3641M) 83.374ms
[2025-08-01T01:23:16.411+0000] GC(1205) User=0.63s Sys=0.01s Real=0.08s
[2025-08-01T01:23:16.501+0000] GC(1206) Pause Young (Allocation Failure)
[2025-08-01T01:23:16.658+0000] GC(1206) PSYoungGen: 799904K(931840K)->465920K(931840K) Eden: 465920K(465920K)->0K(465920K) From: 333984K(465920K)->465920K(465920K)
[2025-08-01T01:23:16.658+0000] GC(1206) ParOldGen: 1558532K(2796544K)->1915996K(2796544K)
[2025-08-01T01:23:16.658+0000] GC(1206) Metaspace: 10058K(10240K)->10058K(10240K) NonClass: 8831K(8896K)->8831K(8896K) Class: 1226K(1344K)->1226K(1344K)
[2025-08-01T01:23:16.658+0000] GC(1206) Pause Young (Allocation Failure) 2303M->2326M(3641M) 156.819ms
[2025-08-01T01:23:16.658+0000] GC(1206) User=1.18s Sys=0.04s Real=0.16s
[2025-08-01T01:23:16.744+0000] GC(1207) Pause Young (Allocation Failure)
[2025-08-01T01:23:16.874+0000] GC(1207) PSYoungGen: 931840K(931840K)->430656K(931840K) Eden: 465920K(465920K)->0K(465920K) From: 465920K(465920K)->430656K(465920K)
[2025-08-01T01:23:16.874+0000] GC(1207) ParOldGen: 1915996K(2796544K)->2283108K(2796544K)
[2025-08-01T01:23:16.874+0000] GC(1207) Metaspace: 10058K(10240K)->10058K(10240K) NonClass: 8831K(8896K)->8831K(8896K) Class: 1226K(1344K)->1226K(1344K)
[2025-08-01T01:23:16.874+0000] GC(1207) Pause Young (Allocation Failure) 2781M->2650M(3641M) 129.508ms
[2025-08-01T01:23:16.874+0000] GC(1207) User=1.00s Sys=0.02s Real=0.13s
[2025-08-01T01:23:16.960+0000] GC(1208) Pause Young (Allocation Failure)
[2025-08-01T01:23:17.131+0000] GC(1208) PSYoungGen: 896576K(931840K)->422144K(931840K) Eden: 465920K(465920K)->0K(465920K) From: 430656K(465920K)->422144K(465920K)
[2025-08-01T01:23:17.131+0000] GC(1208) ParOldGen: 2283108K(2796544K)->2592140K(2796544K)
[2025-08-01T01:23:17.131+0000] GC(1208) Metaspace: 10058K(10240K)->10058K(10240K) NonClass: 8831K(8896K)->8831K(8896K) Class: 1226K(1344K)->1226K(1344K)
[2025-08-01T01:23:17.131+0000] GC(1208) Pause Young (Allocation Failure) 3105M->2943M(3641M) 171.602ms
[2025-08-01T01:23:17.131+0000] GC(1208) User=1.28s Sys=0.04s Real=0.17s
[2025-08-01T01:23:17.216+0000] GC(1209) Pause Full (Ergonomics)
[2025-08-01T01:23:17.216+0000] GC(1209) Marking Phase
[2025-08-01T01:23:17.260+0000] GC(1209) Marking Phase 44.113ms
[2025-08-01T01:23:17.260+0000] GC(1209) Summary Phase
[2025-08-01T01:23:17.261+0000] GC(1209) Summary Phase 0.110ms
[2025-08-01T01:23:17.261+0000] GC(1209) Adjust Roots
[2025-08-01T01:23:17.263+0000] GC(1209) Adjust Roots 1.966ms
[2025-08-01T01:23:17.263+0000] GC(1209) Compaction Phase
[2025-08-01T01:23:17.348+0000] GC(1209) Compaction Phase 84.903ms
[2025-08-01T01:23:17.348+0000] GC(1209) Post Compact
[2025-08-01T01:23:17.368+0000] GC(1209) Post Compact 20.163ms
[2025-08-01T01:23:17.368+0000] GC(1209) PSYoungGen: 888064K(931840K)->0K(931840K) Eden: 465920K(465920K)->0K(465920K) From: 422144K(465920K)->0K(465920K)
[2025-08-01T01:23:17.368+0000] GC(1209) ParOldGen: 2592140K(2796544K)->609667K(2796544K)
[2025-08-01T01:23:17.368+0000] GC(1209) Metaspace: 10058K(10240K)->10058K(10240K) NonClass: 8831K(8896K)->8831K(8896K) Class: 1226K(1344K)->1226K(1344K)
[2025-08-01T01:23:17.368+0000] GC(1209) Pause Full (Ergonomics) 3398M->595M(3641M) 151.643ms
[2025-08-01T01:23:17.368+0000] GC(1209) User=0.97s Sys=0.01s Real=0.15s
[2025-08-01T01:23:17.452+0000] GC(1210) Pause Young (Allocation Failure)
[2025-08-01T01:23:17.535+0000] GC(1210) PSYoungGen: 465920K(931840K)->465920K(931840K) Eden: 465920K(465920K)->0K(465920K) From: 0K(465920K)->465920K(465920K)
[2025-08-01T01:23:17.535+0000] GC(1210) ParOldGen: 609667K(2796544K)->614043K(2796544K)
[2025-08-01T01:23:17.535+0000] GC(1210) Metaspace: 10058K(10240K)->10058K(10240K) NonClass: 8831K(8896K)->8831K(8896K) Class: 1226K(1344K)->1226K(1344K)
[2025-08-01T01:23:17.535+0000] GC(1210) Pause Young (Allocation Failure) 1050M->1054M(3641M) 83.300ms
[2025-08-01T01:23:17.535+0000] GC(1210) User=0.61s Sys=0.02s Real=0.09s
[2025-08-01T01:23:17.625+0000] GC(1211) Pause Young (Allocation Failure)
[2025-08-01T01:23:17.756+0000] GC(1211) PSYoungGen: 931840K(931840K)->412224K(931840K) Eden: 465920K(465920K)->0K(465920K) From: 465920K(465920K)->412224K(465920K)
[2025-08-01T01:23:17.756+0000] GC(1211) ParOldGen: 614043K(2796544K)->988451K(2796544K)
[2025-08-01T01:23:17.756+0000] GC(1211) Metaspace: 10058K(10240K)->10058K(10240K) NonClass: 8831K(8896K)->8831K(8896K) Class: 1226K(1344K)->1226K(1344K)
[2025-08-01T01:23:17.756+0000] GC(1211) Pause Young (Allocation Failure) 1509M->1367M(3641M) 131.835ms
[2025-08-01T01:23:17.756+0000] GC(1211) User=1.01s Sys=0.02s Real=0.13s
[2025-08-01T01:23:17.843+0000] GC(1212) Pause Young (Allocation Failure)
[2025-08-01T01:23:17.972+0000] GC(1212) PSYoungGen: 878144K(931840K)->420896K(931840K) Eden: 465920K(465920K)->0K(465920K) From: 412224K(465920K)->420896K(465920K)
[2025-08-01T01:23:17.973+0000] GC(1212) ParOldGen: 988451K(2796544K)->1306147K(2796544K)
[2025-08-01T01:23:17.973+0000] GC(1212) Metaspace: 10058K(10240K)->10058K(10240K) NonClass: 8831K(8896K)->8831K(8896K) Class: 1226K(1344K)->1226K(1344K)
[2025-08-01T01:23:17.973+0000] GC(1212) Pause Young (Allocation Failure) 1822M->1686M(3641M) 129.250ms
[2025-08-01T01:23:17.973+0000] GC(1212) User=0.99s Sys=0.03s Real=0.12s
[2025-08-01T01:23:18.058+0000] GC(1213) Pause Young (Allocation Failure)
[2025-08-01T01:23:18.168+0000] GC(1213) PSYoungGen: 886816K(931840K)->332800K(931840K) Eden: 465920K(465920K)->0K(465920K) From: 420896K(465920K)->332800K(465920K)
[2025-08-01T01:23:18.168+0000] GC(1213) ParOldGen: 1306147K(2796544K)->1508891K(2796544K)
[2025-08-01T01:23:18.168+0000] GC(1213) Metaspace: 10058K(10240K)->10058K(10240K) NonClass: 8831K(8896K)->8831K(8896K) Class: 1226K(1344K)->1226K(1344K)
[2025-08-01T01:23:18.168+0000] GC(1213) Pause Young (Allocation Failure) 2141M->1798M(3641M) 110.063ms
[2025-08-01T01:23:18.168+0000] GC(1213) User=0.82s Sys=0.04s Real=0.11s
[2025-08-01T01:23:18.254+0000] GC(1214) Pause Young (Allocation Failure)
[2025-08-01T01:23:18.429+0000] GC(1214) PSYoungGen: 798720K(931840K)->465920K(931840K) Eden: 465920K(465920K)->0K(465920K) From: 332800K(465920K)->465920K(465920K)
[2025-08-01T01:23:18.429+0000] GC(1214) ParOldGen: 1508891K(2796544K)->1869435K(2796544K)
[2025-08-01T01:23:18.429+0000] GC(1214) Metaspace: 10058K(10240K)->10058K(10240K) NonClass: 8831K(8896K)->8831K(8896K) Class: 1226K(1344K)->1226K(1344K)
[2025-08-01T01:23:18.429+0000] GC(1214) Pause Young (Allocation Failure) 2253M->2280M(3641M) 174.814ms
[2025-08-01T01:23:18.429+0000] GC(1214) User=1.26s Sys=0.06s Real=0.17s
[2025-08-01T01:23:18.515+0000] GC(1215) Pause Young (Allocation Failure)
[2025-08-01T01:23:18.681+0000] GC(1215) PSYoungGen: 931840K(931840K)->401312K(931840K) Eden: 465920K(465920K)->0K(465920K) From: 465920K(465920K)->401312K(465920K)
[2025-08-01T01:23:18.681+0000] GC(1215) ParOldGen: 1869435K(2796544K)->2239843K(2796544K)
[2025-08-01T01:23:18.681+0000] GC(1215) Metaspace: 10058K(10240K)->10058K(10240K) NonClass: 8831K(8896K)->8831K(8896K) Class: 1226K(1344K)->1226K(1344K)
[2025-08-01T01:23:18.681+0000] GC(1215) Pause Young (Allocation Failure) 2735M->2579M(3641M) 166.437ms
[2025-08-01T01:23:18.681+0000] GC(1215) User=1.27s Sys=0.04s Real=0.16s
[2025-08-01T01:23:18.770+0000] GC(1216) Pause Young (Allocation Failure)
[2025-08-01T01:23:18.902+0000] GC(1216) PSYoungGen: 867232K(931840K)->423392K(931840K) Eden: 465920K(465920K)->0K(465920K) From: 401312K(465920K)->423392K(465920K)
[2025-08-01T01:23:18.902+0000] GC(1216) ParOldGen: 2239843K(2796544K)->2540499K(2796544K)
[2025-08-01T01:23:18.902+0000] GC(1216) Metaspace: 10058K(10240K)->10058K(10240K) NonClass: 8831K(8896K)->8831K(8896K) Class: 1226K(1344K)->1226K(1344K)
[2025-08-01T01:23:18.902+0000] GC(1216) Pause Young (Allocation Failure) 3034M->2894M(3641M) 132.215ms
[2025-08-01T01:23:18.902+0000] GC(1216) User=0.98s Sys=0.03s Real=0.13s
[2025-08-01T01:23:18.994+0000] GC(1217) Pause Full (Ergonomics)
[2025-08-01T01:23:18.994+0000] GC(1217) Marking Phase
[2025-08-01T01:23:19.038+0000] GC(1217) Marking Phase 44.424ms
[2025-08-01T01:23:19.038+0000] GC(1217) Summary Phase
[2025-08-01T01:23:19.038+0000] GC(1217) Summary Phase 0.099ms
[2025-08-01T01:23:19.038+0000] GC(1217) Adjust Roots
[2025-08-01T01:23:19.041+0000] GC(1217) Adjust Roots 2.572ms
[2025-08-01T01:23:19.041+0000] GC(1217) Compaction Phase
[2025-08-01T01:23:19.128+0000] GC(1217) Compaction Phase 87.482ms
[2025-08-01T01:23:19.128+0000] GC(1217) Post Compact
[2025-08-01T01:23:19.152+0000] GC(1217) Post Compact 23.318ms
[2025-08-01T01:23:19.152+0000] GC(1217) PSYoungGen: 889312K(931840K)->0K(931840K) Eden: 465920K(465920K)->0K(465920K) From: 423392K(465920K)->0K(465920K)
[2025-08-01T01:23:19.152+0000] GC(1217) ParOldGen: 2540499K(2796544K)->623280K(2796544K)
[2025-08-01T01:23:19.152+0000] GC(1217) Metaspace: 10058K(10240K)->10058K(10240K) NonClass: 8831K(8896K)->8831K(8896K) Class: 1226K(1344K)->1226K(1344K)
[2025-08-01T01:23:19.152+0000] GC(1217) Pause Full (Ergonomics) 3349M->608M(3641M) 158.404ms
[2025-08-01T01:23:19.152+0000] GC(1217) User=1.03s Sys=0.01s Real=0.15s
[2025-08-01T01:23:19.240+0000] GC(1218) Pause Young (Allocation Failure)
[2025-08-01T01:23:19.360+0000] GC(1218) PSYoungGen: 465920K(931840K)->465920K(931840K) Eden: 465920K(465920K)->0K(465920K) From: 0K(465920K)->465920K(465920K)
[2025-08-01T01:23:19.360+0000] GC(1218) ParOldGen: 623280K(2796544K)->627432K(2796544K)
[2025-08-01T01:23:19.360+0000] GC(1218) Metaspace: 10058K(10240K)->10058K(10240K) NonClass: 8831K(8896K)->8831K(8896K) Class: 1226K(1344K)->1226K(1344K)
[2025-08-01T01:23:19.360+0000] GC(1218) Pause Young (Allocation Failure) 1063M->1067M(3641M) 120.041ms
[2025-08-01T01:23:19.360+0000] GC(1218) User=0.89s Sys=0.03s Real=0.12s
[2025-08-01T01:23:19.449+0000] GC(1219) Pause Young (Allocation Failure)
[2025-08-01T01:23:19.562+0000] GC(1219) PSYoungGen: 931840K(931840K)->376064K(931840K) Eden: 465920K(465920K)->0K(465920K) From: 465920K(465920K)->376064K(465920K)
[2025-08-01T01:23:19.562+0000] GC(1219) ParOldGen: 627432K(2796544K)->1008824K(2796544K)
[2025-08-01T01:23:19.562+0000] GC(1219) Metaspace: 10058K(10240K)->10058K(10240K) NonClass: 8831K(8896K)->8831K(8896K) Class: 1226K(1344K)->1226K(1344K)
[2025-08-01T01:23:19.562+0000] GC(1219) Pause Young (Allocation Failure) 1522M->1352M(3641M) 113.054ms
[2025-08-01T01:23:19.562+0000] GC(1219) User=0.88s Sys=0.01s Real=0.11s
[2025-08-01T01:23:19.650+0000] GC(1220) Pause Young (Allocation Failure)
[2025-08-01T01:23:19.761+0000] GC(1220) PSYoungGen: 841984K(931840K)->456512K(931840K) Eden: 465920K(465920K)->0K(465920K) From: 376064K(465920K)->456512K(465920K)
[2025-08-01T01:23:19.761+0000] GC(1220) ParOldGen: 1008824K(2796544K)->1270168K(2796544K)
[2025-08-01T01:23:19.761+0000] GC(1220) Metaspace: 10058K(10240K)->10058K(10240K) NonClass: 8831K(8896K)->8831K(8896K) Class: 1226K(1344K)->1226K(1344K)
[2025-08-01T01:23:19.761+0000] GC(1220) Pause Young (Allocation Failure) 1807M->1686M(3641M) 110.935ms
[2025-08-01T01:23:19.761+0000] GC(1220) User=0.86s Sys=0.01s Real=0.11s
[2025-08-01T01:23:19.848+0000] GC(1221) Pause Young (Allocation Failure)
[2025-08-01T01:23:19.975+0000] GC(1221) PSYoungGen: 922432K(931840K)->350624K(931840K) Eden: 465920K(465920K)->0K(465920K) From: 456512K(465920K)->350624K(465920K)
[2025-08-01T01:23:19.975+0000] GC(1221) ParOldGen: 1270168K(2796544K)->1485144K(2796544K)
[2025-08-01T01:23:19.975+0000] GC(1221) Metaspace: 10058K(10240K)->10058K(10240K) NonClass: 8831K(8896K)->8831K(8896K) Class: 1226K(1344K)->1226K(1344K)
[2025-08-01T01:23:19.975+0000] GC(1221) Pause Young (Allocation Failure) 2141M->1792M(3641M) 127.115ms
[2025-08-01T01:23:19.976+0000] GC(1221) User=0.94s Sys=0.04s Real=0.13s
[2025-08-01T01:23:20.070+0000] GC(1222) Pause Young (Allocation Failure)
[2025-08-01T01:23:20.223+0000] GC(1222) PSYoungGen: 816544K(931840K)->465920K(931840K) Eden: 465920K(465920K)->0K(465920K) From: 350624K(465920K)->465920K(465920K)
[2025-08-01T01:23:20.223+0000] GC(1222) ParOldGen: 1485144K(2796544K)->1863304K(2796544K)
[2025-08-01T01:23:20.223+0000] GC(1222) Metaspace: 10058K(10240K)->10058K(10240K) NonClass: 8831K(8896K)->8831K(8896K) Class: 1226K(1344K)->1226K(1344K)
[2025-08-01T01:23:20.223+0000] GC(1222) Pause Young (Allocation Failure) 2247M->2274M(3641M) 153.431ms
[2025-08-01T01:23:20.223+0000] GC(1222) User=1.19s Sys=0.02s Real=0.16s
[2025-08-01T01:23:20.311+0000] GC(1223) Pause Young (Allocation Failure)
[2025-08-01T01:23:20.420+0000] GC(1223) PSYoungGen: 931840K(931840K)->257760K(931840K) Eden: 465920K(465920K)->0K(465920K) From: 465920K(465920K)->257760K(465920K)
[2025-08-01T01:23:20.421+0000] GC(1223) ParOldGen: 1863304K(2796544K)->2105688K(2796544K)
[2025-08-01T01:23:20.421+0000] GC(1223) Metaspace: 10058K(10240K)->10058K(10240K) NonClass: 8831K(8896K)->8831K(8896K) Class: 1226K(1344K)->1226K(1344K)
[2025-08-01T01:23:20.421+0000] GC(1223) Pause Young (Allocation Failure) 2729M->2308M(3641M) 109.370ms
[2025-08-01T01:23:20.421+0000] GC(1223) User=0.78s Sys=0.03s Real=0.11s
[2025-08-01T01:23:20.504+0000] GC(1224) Pause Young (Allocation Failure)
[2025-08-01T01:23:20.630+0000] GC(1224) PSYoungGen: 723680K(931840K)->465920K(931840K) Eden: 465920K(465920K)->0K(465920K) From: 257760K(465920K)->465920K(465920K)
[2025-08-01T01:23:20.630+0000] GC(1224) ParOldGen: 2105688K(2796544K)->2386224K(2796544K)
[2025-08-01T01:23:20.630+0000] GC(1224) Metaspace: 10058K(10240K)->10058K(10240K) NonClass: 8831K(8896K)->8831K(8896K) Class: 1226K(1344K)->1226K(1344K)
[2025-08-01T01:23:20.630+0000] GC(1224) Pause Young (Allocation Failure) 2763M->2785M(3641M) 125.436ms
[2025-08-01T01:23:20.630+0000] GC(1224) User=0.96s Sys=0.02s Real=0.12s
[2025-08-01T01:23:20.719+0000] GC(1225) Pause Full (Ergonomics)
[2025-08-01T01:23:20.719+0000] GC(1225) Marking Phase
[2025-08-01T01:23:20.764+0000] GC(1225) Marking Phase 44.386ms
[2025-08-01T01:23:20.764+0000] GC(1225) Summary Phase
[2025-08-01T01:23:20.764+0000] GC(1225) Summary Phase 0.125ms
[2025-08-01T01:23:20.764+0000] GC(1225) Adjust Roots
[2025-08-01T01:23:20.765+0000] GC(1225) Adjust Roots 1.578ms
[2025-08-01T01:23:20.765+0000] GC(1225) Compaction Phase
[2025-08-01T01:23:20.884+0000] GC(1225) Compaction Phase 118.361ms
[2025-08-01T01:23:20.884+0000] GC(1225) Post Compact
[2025-08-01T01:23:20.907+0000] GC(1225) Post Compact 22.823ms
[2025-08-01T01:23:20.907+0000] GC(1225) PSYoungGen: 931840K(931840K)->0K(931840K) Eden: 465920K(465920K)->0K(465920K) From: 465920K(465920K)->0K(465920K)
[2025-08-01T01:23:20.907+0000] GC(1225) ParOldGen: 2386224K(2796544K)->631422K(2796544K)
[2025-08-01T01:23:20.907+0000] GC(1225) Metaspace: 10058K(10240K)->10058K(10240K) NonClass: 8831K(8896K)->8831K(8896K) Class: 1226K(1344K)->1226K(1344K)
[2025-08-01T01:23:20.907+0000] GC(1225) Pause Full (Ergonomics) 3240M->616M(3641M) 187.658ms
[2025-08-01T01:23:20.907+0000] GC(1225) User=1.26s Sys=0.01s Real=0.19s
[2025-08-01T01:23:20.995+0000] GC(1226) Pause Young (Allocation Failure)
[2025-08-01T01:23:21.104+0000] GC(1226) PSYoungGen: 465920K(931840K)->465920K(931840K) Eden: 465920K(465920K)->0K(465920K) From: 0K(465920K)->465920K(465920K)
[2025-08-01T01:23:21.104+0000] GC(1226) ParOldGen: 631422K(2796544K)->637694K(2796544K)
[2025-08-01T01:23:21.104+0000] GC(1226) Metaspace: 10058K(10240K)->10058K(10240K) NonClass: 8831K(8896K)->8831K(8896K) Class: 1226K(1344K)->1226K(1344K)
[2025-08-01T01:23:21.104+0000] GC(1226) Pause Young (Allocation Failure) 1071M->1077M(3641M) 109.403ms
[2025-08-01T01:23:21.104+0000] GC(1226) User=0.85s Sys=0.02s Real=0.11s
[2025-08-01T01:23:21.198+0000] GC(1227) Pause Young (Allocation Failure)
[2025-08-01T01:23:21.355+0000] GC(1227) PSYoungGen: 931840K(931840K)->410816K(931840K) Eden: 465920K(465920K)->0K(465920K) From: 465920K(465920K)->410816K(465920K)
[2025-08-01T01:23:21.355+0000] GC(1227) ParOldGen: 637694K(2796544K)->1000038K(2796544K)
[2025-08-01T01:23:21.355+0000] GC(1227) Metaspace: 10058K(10240K)->10058K(10240K) NonClass: 8831K(8896K)->8831K(8896K) Class: 1226K(1344K)->1226K(1344K)
[2025-08-01T01:23:21.355+0000] GC(1227) Pause Young (Allocation Failure) 1532M->1377M(3641M) 156.874ms
[2025-08-01T01:23:21.355+0000] GC(1227) User=1.21s Sys=0.02s Real=0.16s
[2025-08-01T01:23:21.490+0000] GC(1228) Pause Young (Allocation Failure)
[2025-08-01T01:23:21.622+0000] GC(1228) PSYoungGen: 876736K(931840K)->465920K(931840K) Eden: 465920K(465920K)->0K(465920K) From: 410816K(465920K)->465920K(465920K)
[2025-08-01T01:23:21.622+0000] GC(1228) ParOldGen: 1000038K(2796544K)->1313646K(2796544K)
[2025-08-01T01:23:21.622+0000] GC(1228) Metaspace: 10058K(10240K)->10058K(10240K) NonClass: 8831K(8896K)->8831K(8896K) Class: 1226K(1344K)->1226K(1344K)
[2025-08-01T01:23:21.622+0000] GC(1228) Pause Young (Allocation Failure) 1832M->1737M(3641M) 131.988ms
[2025-08-01T01:23:21.622+0000] GC(1228) User=1.01s Sys=0.03s Real=0.13s
[2025-08-01T01:23:21.713+0000] GC(1229) Pause Young (Allocation Failure)
[2025-08-01T01:23:21.809+0000] GC(1229) PSYoungGen: 931840K(931840K)->299488K(931840K) Eden: 465920K(465920K)->0K(465920K) From: 465920K(465920K)->299488K(465920K)
[2025-08-01T01:23:21.809+0000] GC(1229) ParOldGen: 1313646K(2796544K)->1584646K(2796544K)
[2025-08-01T01:23:21.809+0000] GC(1229) Metaspace: 10058K(10240K)->10058K(10240K) NonClass: 8831K(8896K)->8831K(8896K) Class: 1226K(1344K)->1226K(1344K)
[2025-08-01T01:23:21.809+0000] GC(1229) Pause Young (Allocation Failure) 2192M->1839M(3641M) 96.249ms
[2025-08-01T01:23:21.809+0000] GC(1229) User=0.74s Sys=0.01s Real=0.09s
[2025-08-01T01:23:21.904+0000] GC(1230) Pause Young (Allocation Failure)
[2025-08-01T01:23:22.066+0000] GC(1230) PSYoungGen: 765408K(931840K)->465920K(931840K) Eden: 465920K(465920K)->0K(465920K) From: 299488K(465920K)->465920K(465920K)
[2025-08-01T01:23:22.066+0000] GC(1230) ParOldGen: 1584646K(2796544K)->1911238K(2796544K)
[2025-08-01T01:23:22.066+0000] GC(1230) Metaspace: 10058K(10240K)->10058K(10240K) NonClass: 8831K(8896K)->8831K(8896K) Class: 1226K(1344K)->1226K(1344K)
[2025-08-01T01:23:22.066+0000] GC(1230) Pause Young (Allocation Failure) 2294M->2321M(3641M) 161.827ms
[2025-08-01T01:23:22.066+0000] GC(1230) User=1.20s Sys=0.03s Real=0.16s
[2025-08-01T01:23:22.158+0000] GC(1231) Pause Young (Allocation Failure)
[2025-08-01T01:23:22.257+0000] GC(1231) PSYoungGen: 931840K(931840K)->312640K(931840K) Eden: 465920K(465920K)->0K(465920K) From: 465920K(465920K)->312640K(465920K)
[2025-08-01T01:23:22.257+0000] GC(1231) ParOldGen: 1911238K(2796544K)->2153966K(2796544K)
[2025-08-01T01:23:22.257+0000] GC(1231) Metaspace: 10058K(10240K)->10058K(10240K) NonClass: 8831K(8896K)->8831K(8896K) Class: 1226K(1344K)->1226K(1344K)
[2025-08-01T01:23:22.258+0000] GC(1231) Pause Young (Allocation Failure) 2776M->2408M(3641M) 99.591ms
[2025-08-01T01:23:22.258+0000] GC(1231) User=0.74s Sys=0.02s Real=0.10s
[2025-08-01T01:23:22.346+0000] GC(1232) Pause Young (Allocation Failure)
[2025-08-01T01:23:22.460+0000] GC(1232) PSYoungGen: 778560K(931840K)->465920K(931840K) Eden: 465920K(465920K)->0K(465920K) From: 312640K(465920K)->465920K(465920K)
[2025-08-01T01:23:22.460+0000] GC(1232) ParOldGen: 2153966K(2796544K)->2491678K(2796544K)
[2025-08-01T01:23:22.460+0000] GC(1232) Metaspace: 10058K(10240K)->10058K(10240K) NonClass: 8831K(8896K)->8831K(8896K) Class: 1226K(1344K)->1226K(1344K)
[2025-08-01T01:23:22.460+0000] GC(1232) Pause Young (Allocation Failure) 2863M->2888M(3641M) 114.297ms
[2025-08-01T01:23:22.460+0000] GC(1232) User=0.90s Sys=0.00s Real=0.11s
[2025-08-01T01:23:22.547+0000] GC(1233) Pause Full (Ergonomics)
[2025-08-01T01:23:22.547+0000] GC(1233) Marking Phase
[2025-08-01T01:23:22.585+0000] GC(1233) Marking Phase 38.388ms
[2025-08-01T01:23:22.586+0000] GC(1233) Summary Phase
[2025-08-01T01:23:22.586+0000] GC(1233) Summary Phase 0.062ms
[2025-08-01T01:23:22.586+0000] GC(1233) Adjust Roots
[2025-08-01T01:23:22.587+0000] GC(1233) Adjust Roots 1.054ms
[2025-08-01T01:23:22.587+0000] GC(1233) Compaction Phase
[2025-08-01T01:23:22.673+0000] GC(1233) Compaction Phase 86.213ms
[2025-08-01T01:23:22.673+0000] GC(1233) Post Compact
[2025-08-01T01:23:22.693+0000] GC(1233) Post Compact 20.533ms
[2025-08-01T01:23:22.694+0000] GC(1233) PSYoungGen: 931840K(931840K)->0K(931840K) Eden: 465920K(465920K)->0K(465920K) From: 465920K(465920K)->0K(465920K)
[2025-08-01T01:23:22.694+0000] GC(1233) ParOldGen: 2491678K(2796544K)->650231K(2796544K)
[2025-08-01T01:23:22.694+0000] GC(1233) Metaspace: 10058K(10240K)->10058K(10240K) NonClass: 8831K(8896K)->8831K(8896K) Class: 1226K(1344K)->1226K(1344K)
[2025-08-01T01:23:22.694+0000] GC(1233) Pause Full (Ergonomics) 3343M->634M(3641M) 146.612ms
[2025-08-01T01:23:22.694+0000] GC(1233) User=0.98s Sys=0.00s Real=0.15s
[2025-08-01T01:23:22.781+0000] GC(1234) Pause Young (Allocation Failure)
[2025-08-01T01:23:22.856+0000] GC(1234) PSYoungGen: 465920K(931840K)->465920K(931840K) Eden: 465920K(465920K)->0K(465920K) From: 0K(465920K)->465920K(465920K)
[2025-08-01T01:23:22.856+0000] GC(1234) ParOldGen: 650231K(2796544K)->655559K(2796544K)
[2025-08-01T01:23:22.856+0000] GC(1234) Metaspace: 10058K(10240K)->10058K(10240K) NonClass: 8831K(8896K)->8831K(8896K) Class: 1226K(1344K)->1226K(1344K)
[2025-08-01T01:23:22.856+0000] GC(1234) Pause Young (Allocation Failure) 1089M->1095M(3641M) 75.293ms
[2025-08-01T01:23:22.856+0000] GC(1234) User=0.58s Sys=0.01s Real=0.08s
[2025-08-01T01:23:22.945+0000] GC(1235) Pause Young (Allocation Failure)
[2025-08-01T01:23:23.083+0000] GC(1235) PSYoungGen: 931840K(931840K)->328448K(931840K) Eden: 465920K(465920K)->0K(465920K) From: 465920K(465920K)->328448K(465920K)
[2025-08-01T01:23:23.083+0000] GC(1235) ParOldGen: 655559K(2796544K)->919223K(2796544K)
[2025-08-01T01:23:23.083+0000] GC(1235) Metaspace: 10058K(10240K)->10058K(10240K) NonClass: 8831K(8896K)->8831K(8896K) Class: 1226K(1344K)->1226K(1344K)
[2025-08-01T01:23:23.083+0000] GC(1235) Pause Young (Allocation Failure) 1550M->1218M(3641M) 137.649ms
[2025-08-01T01:23:23.083+0000] GC(1235) User=1.03s Sys=0.05s Real=0.13s
[2025-08-01T01:23:23.172+0000] GC(1236) Pause Young (Allocation Failure)
[2025-08-01T01:23:23.317+0000] GC(1236) PSYoungGen: 794368K(931840K)->465920K(931840K) Eden: 465920K(465920K)->0K(465920K) From: 328448K(465920K)->465920K(465920K)
[2025-08-01T01:23:23.317+0000] GC(1236) ParOldGen: 919223K(2796544K)->1274735K(2796544K)
[2025-08-01T01:23:23.317+0000] GC(1236) Metaspace: 10058K(10240K)->10058K(10240K) NonClass: 8831K(8896K)->8831K(8896K) Class: 1226K(1344K)->1226K(1344K)
[2025-08-01T01:23:23.317+0000] GC(1236) Pause Young (Allocation Failure) 1673M->1699M(3641M) 144.581ms
[2025-08-01T01:23:23.317+0000] GC(1236) User=1.14s Sys=0.01s Real=0.15s
[2025-08-01T01:23:23.403+0000] GC(1237) Pause Young (Allocation Failure)
[2025-08-01T01:23:23.521+0000] GC(1237) PSYoungGen: 931840K(931840K)->280256K(931840K) Eden: 465920K(465920K)->0K(465920K) From: 465920K(465920K)->280256K(465920K)
[2025-08-01T01:23:23.521+0000] GC(1237) ParOldGen: 1274735K(2796544K)->1527551K(2796544K)
[2025-08-01T01:23:23.521+0000] GC(1237) Metaspace: 10058K(10240K)->10058K(10240K) NonClass: 8831K(8896K)->8831K(8896K) Class: 1226K(1344K)->1226K(1344K)
[2025-08-01T01:23:23.521+0000] GC(1237) Pause Young (Allocation Failure) 2154M->1765M(3641M) 117.249ms
[2025-08-01T01:23:23.521+0000] GC(1237) User=0.85s Sys=0.02s Real=0.11s
[2025-08-01T01:23:23.608+0000] GC(1238) Pause Young (Allocation Failure)
[2025-08-01T01:23:23.726+0000] GC(1238) PSYoungGen: 746176K(931840K)->465920K(931840K) Eden: 465920K(465920K)->0K(465920K) From: 280256K(465920K)->465920K(465920K)
[2025-08-01T01:23:23.726+0000] GC(1238) ParOldGen: 1527551K(2796544K)->1832583K(2796544K)
[2025-08-01T01:23:23.726+0000] GC(1238) Metaspace: 10058K(10240K)->10058K(10240K) NonClass: 8831K(8896K)->8831K(8896K) Class: 1226K(1344K)->1226K(1344K)
[2025-08-01T01:23:23.726+0000] GC(1238) Pause Young (Allocation Failure) 2220M->2244M(3641M) 117.915ms
[2025-08-01T01:23:23.726+0000] GC(1238) User=0.92s Sys=0.01s Real=0.12s
[2025-08-01T01:23:23.815+0000] GC(1239) Pause Young (Allocation Failure)
[2025-08-01T01:23:23.904+0000] GC(1239) PSYoungGen: 931840K(931840K)->323808K(931840K) Eden: 465920K(465920K)->0K(465920K) From: 465920K(465920K)->323808K(465920K)
[2025-08-01T01:23:23.904+0000] GC(1239) ParOldGen: 1832583K(2796544K)->2084583K(2796544K)
[2025-08-01T01:23:23.904+0000] GC(1239) Metaspace: 10058K(10240K)->10058K(10240K) NonClass: 8831K(8896K)->8831K(8896K) Class: 1226K(1344K)->1226K(1344K)
[2025-08-01T01:23:23.904+0000] GC(1239) Pause Young (Allocation Failure) 2699M->2351M(3641M) 89.200ms
[2025-08-01T01:23:23.904+0000] GC(1239) User=0.69s Sys=0.01s Real=0.09s
[2025-08-01T01:23:23.996+0000] GC(1240) Pause Young (Allocation Failure)
[2025-08-01T01:23:24.155+0000] GC(1240) PSYoungGen: 789728K(931840K)->465920K(931840K) Eden: 465920K(465920K)->0K(465920K) From: 323808K(465920K)->465920K(465920K)
[2025-08-01T01:23:24.155+0000] GC(1240) ParOldGen: 2084583K(2796544K)->2435655K(2796544K)
[2025-08-01T01:23:24.155+0000] GC(1240) Metaspace: 10058K(10240K)->10058K(10240K) NonClass: 8831K(8896K)->8831K(8896K) Class: 1226K(1344K)->1226K(1344K)
[2025-08-01T01:23:24.155+0000] GC(1240) Pause Young (Allocation Failure) 2806M->2833M(3641M) 158.819ms
[2025-08-01T01:23:24.155+0000] GC(1240) User=1.20s Sys=0.03s Real=0.16s
[2025-08-01T01:23:24.244+0000] GC(1241) Pause Full (Ergonomics)
[2025-08-01T01:23:24.244+0000] GC(1241) Marking Phase
[2025-08-01T01:23:24.344+0000] GC(1241) Marking Phase 99.594ms
[2025-08-01T01:23:24.344+0000] GC(1241) Summary Phase
[2025-08-01T01:23:24.344+0000] GC(1241) Summary Phase 0.103ms
[2025-08-01T01:23:24.344+0000] GC(1241) Adjust Roots
[2025-08-01T01:23:24.345+0000] GC(1241) Adjust Roots 1.337ms
[2025-08-01T01:23:24.345+0000] GC(1241) Compaction Phase
[2025-08-01T01:23:24.513+0000] GC(1241) Compaction Phase 167.959ms
[2025-08-01T01:23:24.514+0000] GC(1241) Post Compact
[2025-08-01T01:23:24.536+0000] GC(1241) Post Compact 22.363ms
[2025-08-01T01:23:24.536+0000] GC(1241) PSYoungGen: 931840K(931840K)->0K(931840K) Eden: 465920K(465920K)->0K(465920K) From: 465920K(465920K)->0K(465920K)
[2025-08-01T01:23:24.536+0000] GC(1241) ParOldGen: 2435655K(2796544K)->1125663K(2796544K)
[2025-08-01T01:23:24.536+0000] GC(1241) Metaspace: 10058K(10240K)->10058K(10240K) NonClass: 8831K(8896K)->8831K(8896K) Class: 1226K(1344K)->1226K(1344K)
[2025-08-01T01:23:24.536+0000] GC(1241) Pause Full (Ergonomics) 3288M->1099M(3641M) 291.770ms
[2025-08-01T01:23:24.536+0000] GC(1241) User=2.08s Sys=0.03s Real=0.29s
[2025-08-01T01:23:24.623+0000] GC(1242) Pause Young (Allocation Failure)
[2025-08-01T01:23:24.731+0000] GC(1242) PSYoungGen: 465920K(931840K)->463840K(931840K) Eden: 465920K(465920K)->0K(465920K) From: 0K(465920K)->463840K(465920K)
[2025-08-01T01:23:24.731+0000] GC(1242) ParOldGen: 1125663K(2796544K)->1125663K(2796544K)
[2025-08-01T01:23:24.731+0000] GC(1242) Metaspace: 10058K(10240K)->10058K(10240K) NonClass: 8831K(8896K)->8831K(8896K) Class: 1226K(1344K)->1226K(1344K)
[2025-08-01T01:23:24.731+0000] GC(1242) Pause Young (Allocation Failure) 1554M->1552M(3641M) 107.914ms
[2025-08-01T01:23:24.731+0000] GC(1242) User=0.83s Sys=0.01s Real=0.11s
[2025-08-01T01:23:24.827+0000] GC(1243) Pause Young (Allocation Failure)
[2025-08-01T01:23:24.944+0000] GC(1243) PSYoungGen: 929760K(931840K)->346784K(931840K) Eden: 465920K(465920K)->0K(465920K) From: 463840K(465920K)->346784K(465920K)
[2025-08-01T01:23:24.944+0000] GC(1243) ParOldGen: 1125663K(2796544K)->1339351K(2796544K)
[2025-08-01T01:23:24.944+0000] GC(1243) Metaspace: 10058K(10240K)->10058K(10240K) NonClass: 8831K(8896K)->8831K(8896K) Class: 1226K(1344K)->1226K(1344K)
[2025-08-01T01:23:24.944+0000] GC(1243) Pause Young (Allocation Failure) 2007M->1646M(3641M) 116.543ms
[2025-08-01T01:23:24.944+0000] GC(1243) User=0.84s Sys=0.04s Real=0.12s
[2025-08-01T01:23:25.033+0000] GC(1244) Pause Young (Allocation Failure)
[2025-08-01T01:23:25.222+0000] GC(1244) PSYoungGen: 812704K(931840K)->465920K(931840K) Eden: 465920K(465920K)->0K(465920K) From: 346784K(465920K)->465920K(465920K)
[2025-08-01T01:23:25.222+0000] GC(1244) ParOldGen: 1339351K(2796544K)->1715175K(2796544K)
[2025-08-01T01:23:25.222+0000] GC(1244) Metaspace: 10058K(10240K)->10058K(10240K) NonClass: 8831K(8896K)->8831K(8896K) Class: 1226K(1344K)->1226K(1344K)
[2025-08-01T01:23:25.222+0000] GC(1244) Pause Young (Allocation Failure) 2101M->2129M(3641M) 189.215ms
[2025-08-01T01:23:25.222+0000] GC(1244) User=1.43s Sys=0.03s Real=0.18s
[2025-08-01T01:23:25.318+0000] GC(1245) Pause Young (Allocation Failure)
[2025-08-01T01:23:25.471+0000] GC(1245) PSYoungGen: 931840K(931840K)->427072K(931840K) Eden: 465920K(465920K)->0K(465920K) From: 465920K(465920K)->427072K(465920K)
[2025-08-01T01:23:25.471+0000] GC(1245) ParOldGen: 1715175K(2796544K)->2092775K(2796544K)
[2025-08-01T01:23:25.471+0000] GC(1245) Metaspace: 10058K(10240K)->10058K(10240K) NonClass: 8831K(8896K)->8831K(8896K) Class: 1226K(1344K)->1226K(1344K)
[2025-08-01T01:23:25.471+0000] GC(1245) Pause Young (Allocation Failure) 2584M->2460M(3641M) 153.781ms
[2025-08-01T01:23:25.471+0000] GC(1245) User=1.18s Sys=0.02s Real=0.15s
[2025-08-01T01:23:25.571+0000] GC(1246) Pause Young (Allocation Failure)
[2025-08-01T01:23:25.716+0000] GC(1246) PSYoungGen: 892992K(931840K)->449408K(931840K) Eden: 465920K(465920K)->0K(465920K) From: 427072K(465920K)->449408K(465920K)
[2025-08-01T01:23:25.717+0000] GC(1246) ParOldGen: 2092775K(2796544K)->2425279K(2796544K)
[2025-08-01T01:23:25.717+0000] GC(1246) Metaspace: 10058K(10240K)->10058K(10240K) NonClass: 8831K(8896K)->8831K(8896K) Class: 1226K(1344K)->1226K(1344K)
[2025-08-01T01:23:25.717+0000] GC(1246) Pause Young (Allocation Failure) 2915M->2807M(3641M) 146.030ms
[2025-08-01T01:23:25.717+0000] GC(1246) User=1.05s Sys=0.05s Real=0.15s
[2025-08-01T01:23:25.799+0000] GC(1247) Pause Full (Ergonomics)
[2025-08-01T01:23:25.799+0000] GC(1247) Marking Phase
[2025-08-01T01:23:25.869+0000] GC(1247) Marking Phase 69.320ms
[2025-08-01T01:23:25.869+0000] GC(1247) Summary Phase
[2025-08-01T01:23:25.869+0000] GC(1247) Summary Phase 0.097ms
[2025-08-01T01:23:25.869+0000] GC(1247) Adjust Roots
[2025-08-01T01:23:25.870+0000] GC(1247) Adjust Roots 1.234ms
[2025-08-01T01:23:25.870+0000] GC(1247) Compaction Phase
[2025-08-01T01:23:25.988+0000] GC(1247) Compaction Phase 118.253ms
[2025-08-01T01:23:25.988+0000] GC(1247) Post Compact
[2025-08-01T01:23:26.012+0000] GC(1247) Post Compact 23.609ms
[2025-08-01T01:23:26.012+0000] GC(1247) PSYoungGen: 915328K(931840K)->0K(931840K) Eden: 465920K(465920K)->0K(465920K) From: 449408K(465920K)->0K(465920K)
[2025-08-01T01:23:26.012+0000] GC(1247) ParOldGen: 2425279K(2796544K)->673382K(2796544K)
[2025-08-01T01:23:26.012+0000] GC(1247) Metaspace: 10058K(10240K)->10058K(10240K) NonClass: 8831K(8896K)->8831K(8896K) Class: 1226K(1344K)->1226K(1344K)
[2025-08-01T01:23:26.012+0000] GC(1247) Pause Full (Ergonomics) 3262M->657M(3641M) 212.963ms
[2025-08-01T01:23:26.012+0000] GC(1247) User=1.43s Sys=0.04s Real=0.21s
[2025-08-01T01:23:26.100+0000] GC(1248) Pause Young (Allocation Failure)
[2025-08-01T01:23:26.189+0000] GC(1248) PSYoungGen: 465920K(931840K)->465920K(931840K) Eden: 465920K(465920K)->0K(465920K) From: 0K(465920K)->465920K(465920K)
[2025-08-01T01:23:26.189+0000] GC(1248) ParOldGen: 673382K(2796544K)->678174K(2796544K)
[2025-08-01T01:23:26.189+0000] GC(1248) Metaspace: 10058K(10240K)->10058K(10240K) NonClass: 8831K(8896K)->8831K(8896K) Class: 1226K(1344K)->1226K(1344K)
[2025-08-01T01:23:26.189+0000] GC(1248) Pause Young (Allocation Failure) 1112M->1117M(3641M) 89.534ms
[2025-08-01T01:23:26.189+0000] GC(1248) User=0.65s Sys=0.03s Real=0.09s
[2025-08-01T01:23:26.193+0000] Heap
[2025-08-01T01:23:26.193+0000]  PSYoungGen      total 931840K, used 512273K [0x00000007aab00000, 0x0000000800000000, 0x0000000800000000)
[2025-08-01T01:23:26.193+0000]   eden space 465920K, 9% used [0x00000007aab00000,0x00000007ad8445c0,0x00000007c7200000)
[2025-08-01T01:23:26.193+0000]   from space 465920K, 100% used [0x00000007c7200000,0x00000007e3900000,0x00000007e3900000)
[2025-08-01T01:23:26.193+0000]   to   space 465920K, 0% used [0x00000007e3900000,0x00000007e3900000,0x0000000800000000)
[2025-08-01T01:23:26.193+0000]  ParOldGen       total 2796544K, used 678174K [0x0000000700000000, 0x00000007aab00000, 0x00000007aab00000)
[2025-08-01T01:23:26.193+0000]   object space 2796544K, 24% used [0x0000000700000000,0x0000000729647b60,0x00000007aab00000)
[2025-08-01T01:23:26.193+0000]  Metaspace       used 10058K, committed 10240K, reserved 1114112K
[2025-08-01T01:23:26.193+0000]   class space    used 1226K, committed 1344K, reserved 1048576K
